[0.018s][info][gc] Using Concurrent Mark Sweep
[0.018s][info][gc,heap,coops] Heap address: 0x00000007fc000000, size: 64 MB, Compressed Oops mode: Zero based, Oop shift amount: 3
[31.111s][info][gc,start     ] GC(0) Pause Young (Allocation Failure)
[31.112s][info][gc,task      ] GC(0) Using 8 workers of 8 for evacuation
[31.132s][debug][gc,age       ] GC(0) Desired survivor size 1114112 bytes, new threshold 1 (max threshold 6)
[31.132s][trace][gc,age       ] GC(0) Age table with threshold 1 (max threshold 6)
[31.132s][trace][gc,age       ] GC(0) - age   1:    2224680 bytes,    2224680 total
[31.132s][info ][gc,heap      ] GC(0) ParNew: 17334K->2175K(19648K)
[31.132s][info ][gc,heap      ] GC(0) CMS: 0K->4012K(43712K)
[31.132s][info ][gc,metaspace ] GC(0) Metaspace: 15726K->15726K(1062912K)
[31.132s][info ][gc           ] GC(0) Pause Young (Allocation Failure) 16M->6M(61M) 21.338ms
[31.132s][info ][gc,cpu       ] GC(0) User=0.07s Sys=0.01s Real=0.02s
[31.140s][info ][gc,start     ] GC(1) Pause Young (Allocation Failure)
[31.140s][info ][gc,task      ] GC(1) Using 8 workers of 8 for evacuation
[31.146s][debug][gc,age       ] GC(1) Desired survivor size 1114112 bytes, new threshold 1 (max threshold 6)
[31.146s][trace][gc,age       ] GC(1) Age table with threshold 1 (max threshold 6)
[31.146s][trace][gc,age       ] GC(1) - age   1:    2034904 bytes,    2034904 total
[31.146s][info ][gc,heap      ] GC(1) ParNew: 19596K->2170K(19648K)
[31.146s][info ][gc,heap      ] GC(1) CMS: 4012K->6965K(43712K)
[31.147s][info ][gc,metaspace ] GC(1) Metaspace: 15740K->15740K(1062912K)
[31.147s][info ][gc           ] GC(1) Pause Young (Allocation Failure) 23M->8M(61M) 6.965ms
[31.147s][info ][gc,cpu       ] GC(1) User=0.02s Sys=0.00s Real=0.00s
[31.149s][info ][gc,start     ] GC(2) Pause Young (Allocation Failure)
[31.149s][info ][gc,task      ] GC(2) Using 8 workers of 8 for evacuation
[31.151s][debug][gc,age       ] GC(2) Desired survivor size 1114112 bytes, new threshold 1 (max threshold 6)
[31.151s][trace][gc,age       ] GC(2) Age table with threshold 1 (max threshold 6)
[31.151s][trace][gc,age       ] GC(2) - age   1:    2002248 bytes,    2002248 total
[31.151s][info ][gc,heap      ] GC(2) ParNew: 19524K->1995K(19648K)
[31.151s][info ][gc,heap      ] GC(2) CMS: 6965K->7778K(43712K)
[31.151s][info ][gc,metaspace ] GC(2) Metaspace: 15743K->15743K(1062912K)
[31.151s][info ][gc           ] GC(2) Pause Young (Allocation Failure) 25M->9M(61M) 1.440ms
[31.151s][info ][gc,cpu       ] GC(2) User=0.01s Sys=0.00s Real=0.00s
[31.152s][info ][gc,start     ] GC(3) Pause Young (Allocation Failure)
[31.152s][info ][gc,task      ] GC(3) Using 8 workers of 8 for evacuation
[31.153s][debug][gc,age       ] GC(3) Desired survivor size 1114112 bytes, new threshold 1 (max threshold 6)
[31.153s][trace][gc,age       ] GC(3) Age table with threshold 1 (max threshold 6)
[31.153s][trace][gc,age       ] GC(3) - age   1:    2003176 bytes,    2003176 total
[31.153s][info ][gc,heap      ] GC(3) ParNew: 19406K->1967K(19648K)
[31.153s][info ][gc,heap      ] GC(3) CMS: 7778K->8169K(43712K)
[31.153s][info ][gc,metaspace ] GC(3) Metaspace: 15743K->15743K(1062912K)
[31.153s][info ][gc           ] GC(3) Pause Young (Allocation Failure) 26M->9M(61M) 0.904ms
[31.153s][info ][gc,cpu       ] GC(3) User=0.00s Sys=0.00s Real=0.00s
[31.155s][info ][gc,start     ] GC(4) Pause Young (Allocation Failure)
[31.155s][info ][gc,task      ] GC(4) Using 8 workers of 8 for evacuation
[31.155s][debug][gc,age       ] GC(4) Desired survivor size 1114112 bytes, new threshold 1 (max threshold 6)
[31.155s][trace][gc,age       ] GC(4) Age table with threshold 1 (max threshold 6)
[31.155s][trace][gc,age       ] GC(4) - age   1:    2002704 bytes,    2002704 total
[31.155s][info ][gc,heap      ] GC(4) ParNew: 19056K->1967K(19648K)
[31.155s][info ][gc,heap      ] GC(4) CMS: 8169K->9342K(43712K)
[31.155s][info ][gc,metaspace ] GC(4) Metaspace: 15747K->15747K(1062912K)
[31.155s][info ][gc           ] GC(4) Pause Young (Allocation Failure) 26M->11M(61M) 0.921ms
[31.155s][info ][gc,cpu       ] GC(4) User=0.01s Sys=0.00s Real=0.00s
[31.157s][info ][gc,start     ] GC(5) Pause Young (Allocation Failure)
[31.157s][info ][gc,task      ] GC(5) Using 8 workers of 8 for evacuation
[31.158s][debug][gc,age       ] GC(5) Desired survivor size 1114112 bytes, new threshold 6 (max threshold 6)
[31.158s][trace][gc,age       ] GC(5) Age table with threshold 6 (max threshold 6)
[31.158s][trace][gc,age       ] GC(5) - age   1:     404024 bytes,     404024 total
[31.158s][info ][gc,heap      ] GC(5) ParNew: 19439K->406K(19648K)
[31.158s][info ][gc,heap      ] GC(5) CMS: 9342K->9342K(43712K)
[31.158s][info ][gc,metaspace ] GC(5) Metaspace: 15751K->15751K(1062912K)
[31.158s][info ][gc           ] GC(5) Pause Young (Allocation Failure) 28M->9M(61M) 0.839ms
[31.158s][info ][gc,cpu       ] GC(5) User=0.00s Sys=0.00s Real=0.01s
[31.161s][info ][gc,start     ] GC(6) Pause Young (Allocation Failure)
[31.161s][info ][gc,task      ] GC(6) Using 8 workers of 8 for evacuation
[31.162s][debug][gc,age       ] GC(6) Desired survivor size 1114112 bytes, new threshold 1 (max threshold 6)
[31.162s][trace][gc,age       ] GC(6) Age table with threshold 1 (max threshold 6)
[31.162s][trace][gc,age       ] GC(6) - age   1:    2004200 bytes,    2004200 total
[31.162s][trace][gc,age       ] GC(6) - age   2:       1528 bytes,    2005728 total
[31.162s][info ][gc,heap      ] GC(6) ParNew: 17742K->1967K(19648K)
[31.162s][info ][gc,heap      ] GC(6) CMS: 9342K->9733K(43712K)
[31.162s][info ][gc,metaspace ] GC(6) Metaspace: 15752K->15752K(1062912K)
[31.162s][info ][gc           ] GC(6) Pause Young (Allocation Failure) 26M->11M(61M) 1.123ms
[31.162s][info ][gc,cpu       ] GC(6) User=0.00s Sys=0.00s Real=0.00s
[31.164s][info ][gc,start     ] GC(7) Pause Young (Allocation Failure)
[31.164s][info ][gc,task      ] GC(7) Using 8 workers of 8 for evacuation
[31.164s][debug][gc,age       ] GC(7) Desired survivor size 1114112 bytes, new threshold 6 (max threshold 6)
[31.164s][trace][gc,age       ] GC(7) Age table with threshold 6 (max threshold 6)
[31.164s][trace][gc,age       ] GC(7) - age   1:     407880 bytes,     407880 total
[31.164s][info ][gc,heap      ] GC(7) ParNew: 19231K->409K(19648K)
[31.164s][info ][gc,heap      ] GC(7) CMS: 9733K->9736K(43712K)
[31.164s][info ][gc,metaspace ] GC(7) Metaspace: 15764K->15764K(1062912K)
[31.164s][info ][gc           ] GC(7) Pause Young (Allocation Failure) 28M->9M(61M) 0.789ms
[31.164s][info ][gc,cpu       ] GC(7) User=0.01s Sys=0.00s Real=0.00s
[31.166s][info ][gc,start     ] GC(8) Pause Young (Allocation Failure)
[31.166s][info ][gc,task      ] GC(8) Using 8 workers of 8 for evacuation
[31.166s][debug][gc,age       ] GC(8) Desired survivor size 1114112 bytes, new threshold 1 (max threshold 6)
[31.167s][trace][gc,age       ] GC(8) Age table with threshold 1 (max threshold 6)
[31.167s][trace][gc,age       ] GC(8) - age   1:    1606904 bytes,    1606904 total
[31.167s][trace][gc,age       ] GC(8) - age   2:       1448 bytes,    1608352 total
[31.167s][info ][gc,heap      ] GC(8) ParNew: 17787K->1578K(19648K)
[31.167s][info ][gc,heap      ] GC(8) CMS: 9736K->9736K(43712K)
[31.167s][info ][gc,metaspace ] GC(8) Metaspace: 15770K->15770K(1062912K)
[31.167s][info ][gc           ] GC(8) Pause Young (Allocation Failure) 26M->11M(61M) 0.613ms
[31.167s][info ][gc,cpu       ] GC(8) User=0.00s Sys=0.00s Real=0.00s
[31.168s][info ][gc,start     ] GC(9) Pause Young (Allocation Failure)
[31.168s][info ][gc,task      ] GC(9) Using 8 workers of 8 for evacuation
[31.170s][debug][gc,age       ] GC(9) Desired survivor size 1114112 bytes, new threshold 1 (max threshold 6)
[31.170s][trace][gc,age       ] GC(9) Age table with threshold 1 (max threshold 6)
[31.170s][trace][gc,age       ] GC(9) - age   1:    2005264 bytes,    2005264 total
[31.170s][info ][gc,heap      ] GC(9) ParNew: 18801K->1967K(19648K)
[31.170s][info ][gc,heap      ] GC(9) CMS: 9736K->12084K(43712K)
[31.170s][info ][gc,metaspace ] GC(9) Metaspace: 15778K->15778K(1064960K)
[31.170s][info ][gc           ] GC(9) Pause Young (Allocation Failure) 27M->13M(61M) 1.823ms
[31.170s][info ][gc,cpu       ] GC(9) User=0.01s Sys=0.01s Real=0.00s
[31.171s][info ][gc,start     ] GC(10) Pause Young (Allocation Failure)
[31.171s][info ][gc,task      ] GC(10) Using 8 workers of 8 for evacuation
[31.172s][debug][gc,age       ] GC(10) Desired survivor size 1114112 bytes, new threshold 1 (max threshold 6)
[31.172s][trace][gc,age       ] GC(10) Age table with threshold 1 (max threshold 6)
[31.172s][trace][gc,age       ] GC(10) - age   1:    1614072 bytes,    1614072 total
[31.172s][info ][gc,heap      ] GC(10) ParNew: 19204K->1586K(19648K)
[31.172s][info ][gc,heap      ] GC(10) CMS: 12084K->12086K(43712K)
[31.172s][info ][gc,metaspace ] GC(10) Metaspace: 15783K->15783K(1064960K)
[31.172s][info ][gc           ] GC(10) Pause Young (Allocation Failure) 30M->13M(61M) 0.666ms
[31.172s][info ][gc,cpu       ] GC(10) User=0.00s Sys=0.00s Real=0.00s
[31.174s][info ][gc,start     ] GC(11) Pause Young (Allocation Failure)
[31.174s][info ][gc,task      ] GC(11) Using 8 workers of 8 for evacuation
[31.175s][debug][gc,age       ] GC(11) Desired survivor size 1114112 bytes, new threshold 1 (max threshold 6)
[31.175s][trace][gc,age       ] GC(11) Age table with threshold 1 (max threshold 6)
[31.175s][trace][gc,age       ] GC(11) - age   1:    1205648 bytes,    1205648 total
[31.175s][info ][gc,heap      ] GC(11) ParNew: 18805K->1186K(19648K)
[31.175s][info ][gc,heap      ] GC(11) CMS: 12086K->12092K(43712K)
[31.175s][info ][gc,metaspace ] GC(11) Metaspace: 15788K->15788K(1064960K)
[31.175s][info ][gc           ] GC(11) Pause Young (Allocation Failure) 30M->12M(61M) 1.129ms
[31.175s][info ][gc,cpu       ] GC(11) User=0.00s Sys=0.00s Real=0.00s
[31.176s][info ][gc,start     ] GC(12) Pause Young (Allocation Failure)
[31.176s][info ][gc,task      ] GC(12) Using 8 workers of 8 for evacuation
[31.177s][debug][gc,age       ] GC(12) Desired survivor size 1114112 bytes, new threshold 1 (max threshold 6)
[31.177s][trace][gc,age       ] GC(12) Age table with threshold 1 (max threshold 6)
[31.177s][trace][gc,age       ] GC(12) - age   1:    1211312 bytes,    1211312 total
[31.177s][info ][gc,heap      ] GC(12) ParNew: 18658K->1189K(19648K)
[31.177s][info ][gc,heap      ] GC(12) CMS: 12092K->12096K(43712K)
[31.177s][info ][gc,metaspace ] GC(12) Metaspace: 15793K->15793K(1064960K)
[31.177s][info ][gc           ] GC(12) Pause Young (Allocation Failure) 30M->12M(61M) 1.263ms
[31.177s][info ][gc,cpu       ] GC(12) User=0.01s Sys=0.00s Real=0.00s
[31.179s][info ][gc,start     ] GC(13) Pause Young (Allocation Failure)
[31.179s][info ][gc,task      ] GC(13) Using 8 workers of 8 for evacuation
[31.180s][debug][gc,age       ] GC(13) Desired survivor size 1114112 bytes, new threshold 1 (max threshold 6)
[31.180s][trace][gc,age       ] GC(13) Age table with threshold 1 (max threshold 6)
[31.180s][trace][gc,age       ] GC(13) - age   1:    1218240 bytes,    1218240 total
[31.180s][info ][gc,heap      ] GC(13) ParNew: 18367K->1197K(19648K)
[31.180s][info ][gc,heap      ] GC(13) CMS: 12096K->12490K(43712K)
[31.180s][info ][gc,metaspace ] GC(13) Metaspace: 15801K->15801K(1064960K)
[31.180s][info ][gc           ] GC(13) Pause Young (Allocation Failure) 29M->13M(61M) 1.369ms
[31.180s][info ][gc,cpu       ] GC(13) User=0.01s Sys=0.00s Real=0.00s
[31.182s][info ][gc,start     ] GC(14) Pause Young (Allocation Failure)
[31.182s][info ][gc,task      ] GC(14) Using 8 workers of 8 for evacuation
[31.185s][debug][gc,age       ] GC(14) Desired survivor size 1114112 bytes, new threshold 1 (max threshold 6)
[31.185s][trace][gc,age       ] GC(14) Age table with threshold 1 (max threshold 6)
[31.185s][trace][gc,age       ] GC(14) - age   1:    1203176 bytes,    1203176 total
[31.185s][info ][gc,heap      ] GC(14) ParNew: 18640K->1184K(19648K)
[31.185s][info ][gc,heap      ] GC(14) CMS: 12490K->12886K(43712K)
[31.185s][info ][gc,metaspace ] GC(14) Metaspace: 15806K->15806K(1064960K)
[31.185s][info ][gc           ] GC(14) Pause Young (Allocation Failure) 30M->13M(61M) 2.636ms
[31.185s][info ][gc,cpu       ] GC(14) User=0.01s Sys=0.00s Real=0.00s
[31.187s][info ][gc,start     ] GC(15) Pause Young (Allocation Failure)
[31.187s][info ][gc,task      ] GC(15) Using 8 workers of 8 for evacuation
[31.188s][debug][gc,age       ] GC(15) Desired survivor size 1114112 bytes, new threshold 6 (max threshold 6)
[31.188s][trace][gc,age       ] GC(15) Age table with threshold 6 (max threshold 6)
[31.188s][trace][gc,age       ] GC(15) - age   1:     809448 bytes,     809448 total
[31.188s][info ][gc,heap      ] GC(15) ParNew: 18315K->799K(19648K)
[31.188s][info ][gc,heap      ] GC(15) CMS: 12886K->13279K(43712K)
[31.188s][info ][gc,metaspace ] GC(15) Metaspace: 15816K->15816K(1064960K)
[31.188s][info ][gc           ] GC(15) Pause Young (Allocation Failure) 30M->13M(61M) 0.984ms
[31.188s][info ][gc,cpu       ] GC(15) User=0.01s Sys=0.00s Real=0.01s
[31.189s][info ][gc,start     ] GC(16) Pause Young (Allocation Failure)
[31.189s][info ][gc,task      ] GC(16) Using 8 workers of 8 for evacuation
[31.190s][debug][gc,age       ] GC(16) Desired survivor size 1114112 bytes, new threshold 1 (max threshold 6)
[31.190s][trace][gc,age       ] GC(16) Age table with threshold 1 (max threshold 6)
[31.190s][trace][gc,age       ] GC(16) - age   1:    1606832 bytes,    1606832 total
[31.190s][trace][gc,age       ] GC(16) - age   2:       7824 bytes,    1614656 total
[31.190s][info ][gc,heap      ] GC(16) ParNew: 18089K->1587K(19648K)
[31.190s][info ][gc,heap      ] GC(16) CMS: 13279K->13279K(43712K)
[31.190s][info ][gc,metaspace ] GC(16) Metaspace: 15818K->15818K(1064960K)
[31.190s][info ][gc           ] GC(16) Pause Young (Allocation Failure) 30M->14M(61M) 0.621ms
[31.190s][info ][gc,cpu       ] GC(16) User=0.00s Sys=0.00s Real=0.00s
[31.191s][info ][gc,start     ] GC(17) Pause Young (Allocation Failure)
[31.192s][info ][gc,task      ] GC(17) Using 8 workers of 8 for evacuation
[31.193s][debug][gc,age       ] GC(17) Desired survivor size 1114112 bytes, new threshold 1 (max threshold 6)
[31.193s][trace][gc,age       ] GC(17) Age table with threshold 1 (max threshold 6)
[31.193s][trace][gc,age       ] GC(17) - age   1:    2005920 bytes,    2005920 total
[31.193s][info ][gc,heap      ] GC(17) ParNew: 18767K->1967K(19648K)
[31.193s][info ][gc,heap      ] GC(17) CMS: 13279K->14072K(43712K)
[31.193s][info ][gc,metaspace ] GC(17) Metaspace: 15819K->15819K(1064960K)
[31.193s][info ][gc           ] GC(17) Pause Young (Allocation Failure) 31M->15M(61M) 1.877ms
[31.193s][info ][gc,cpu       ] GC(17) User=0.01s Sys=0.00s Real=0.00s
[31.195s][info ][gc,start     ] GC(18) Pause Young (Allocation Failure)
[31.195s][info ][gc,task      ] GC(18) Using 8 workers of 8 for evacuation
[31.196s][debug][gc,age       ] GC(18) Desired survivor size 1114112 bytes, new threshold 1 (max threshold 6)
[31.196s][trace][gc,age       ] GC(18) Age table with threshold 1 (max threshold 6)
[31.196s][trace][gc,age       ] GC(18) - age   1:    1603224 bytes,    1603224 total
[31.196s][info ][gc,heap      ] GC(18) ParNew: 19115K->1574K(19648K)
[31.196s][info ][gc,heap      ] GC(18) CMS: 14072K->14857K(43712K)
[31.196s][info ][gc,metaspace ] GC(18) Metaspace: 15824K->15824K(1064960K)
[31.196s][info ][gc           ] GC(18) Pause Young (Allocation Failure) 32M->16M(61M) 1.248ms
[31.196s][info ][gc,cpu       ] GC(18) User=0.01s Sys=0.00s Real=0.00s
[31.198s][info ][gc,start     ] GC(19) Pause Young (Allocation Failure)
[31.198s][info ][gc,task      ] GC(19) Using 8 workers of 8 for evacuation
[31.199s][debug][gc,age       ] GC(19) Desired survivor size 1114112 bytes, new threshold 1 (max threshold 6)
[31.199s][trace][gc,age       ] GC(19) Age table with threshold 1 (max threshold 6)
[31.199s][trace][gc,age       ] GC(19) - age   1:    1203704 bytes,    1203704 total
[31.199s][info ][gc,heap      ] GC(19) ParNew: 18714K->1186K(19648K)
[31.199s][info ][gc,heap      ] GC(19) CMS: 14857K->14859K(43712K)
[31.199s][info ][gc,metaspace ] GC(19) Metaspace: 15829K->15829K(1064960K)
[31.199s][info ][gc           ] GC(19) Pause Young (Allocation Failure) 32M->15M(61M) 0.712ms
[31.199s][info ][gc,cpu       ] GC(19) User=0.00s Sys=0.00s Real=0.00s
[31.200s][info ][gc,start     ] GC(20) Pause Young (Allocation Failure)
[31.200s][info ][gc,task      ] GC(20) Using 8 workers of 8 for evacuation
[31.201s][debug][gc,age       ] GC(20) Desired survivor size 1114112 bytes, new threshold 1 (max threshold 6)
[31.201s][trace][gc,age       ] GC(20) Age table with threshold 1 (max threshold 6)
[31.201s][trace][gc,age       ] GC(20) - age   1:    1203400 bytes,    1203400 total
[31.201s][info ][gc,heap      ] GC(20) ParNew: 18314K->1186K(19648K)
[31.201s][info ][gc,heap      ] GC(20) CMS: 14859K->15251K(43712K)
[31.201s][info ][gc,metaspace ] GC(20) Metaspace: 15829K->15829K(1064960K)
[31.201s][info ][gc           ] GC(20) Pause Young (Allocation Failure) 32M->16M(61M) 0.767ms
[31.201s][info ][gc,cpu       ] GC(20) User=0.00s Sys=0.00s Real=0.00s
[31.203s][info ][gc,start     ] GC(21) Pause Young (Allocation Failure)
[31.203s][info ][gc,task      ] GC(21) Using 8 workers of 8 for evacuation
[31.204s][debug][gc,age       ] GC(21) Desired survivor size 1114112 bytes, new threshold 1 (max threshold 6)
[31.204s][trace][gc,age       ] GC(21) Age table with threshold 1 (max threshold 6)
[31.204s][trace][gc,age       ] GC(21) - age   1:    2004416 bytes,    2004416 total
[31.204s][info ][gc,heap      ] GC(21) ParNew: 18321K->1965K(19648K)
[31.204s][info ][gc,heap      ] GC(21) CMS: 15251K->16034K(43712K)
[31.204s][info ][gc,metaspace ] GC(21) Metaspace: 15829K->15829K(1064960K)
[31.204s][info ][gc           ] GC(21) Pause Young (Allocation Failure) 32M->17M(61M) 1.271ms
[31.204s][info ][gc,cpu       ] GC(21) User=0.01s Sys=0.01s Real=0.00s
[31.205s][info ][gc,start     ] GC(22) Pause Young (Allocation Failure)
[31.205s][info ][gc,task      ] GC(22) Using 8 workers of 8 for evacuation
[31.208s][debug][gc,age       ] GC(22) Desired survivor size 1114112 bytes, new threshold 1 (max threshold 6)
[31.208s][trace][gc,age       ] GC(22) Age table with threshold 1 (max threshold 6)
[31.208s][trace][gc,age       ] GC(22) - age   1:    2003440 bytes,    2003440 total
[31.208s][info ][gc,heap      ] GC(22) ParNew: 19226K->1967K(19648K)
[31.208s][info ][gc,heap      ] GC(22) CMS: 16034K->17989K(43712K)
[31.208s][info ][gc,metaspace ] GC(22) Metaspace: 15829K->15829K(1064960K)
[31.208s][info ][gc           ] GC(22) Pause Young (Allocation Failure) 34M->19M(61M) 2.729ms
[31.208s][info ][gc,cpu       ] GC(22) User=0.01s Sys=0.00s Real=0.01s
[31.210s][info ][gc,start     ] GC(23) Pause Young (Allocation Failure)
[31.210s][info ][gc,task      ] GC(23) Using 8 workers of 8 for evacuation
[31.211s][debug][gc,age       ] GC(23) Desired survivor size 1114112 bytes, new threshold 1 (max threshold 6)
[31.211s][trace][gc,age       ] GC(23) Age table with threshold 1 (max threshold 6)
[31.211s][trace][gc,age       ] GC(23) - age   1:    1602968 bytes,    1602968 total
[31.211s][info ][gc,heap      ] GC(23) ParNew: 19113K->1572K(19648K)
[31.211s][info ][gc,heap      ] GC(23) CMS: 17989K->18381K(43712K)
[31.211s][info ][gc,metaspace ] GC(23) Metaspace: 15829K->15829K(1064960K)
[31.211s][info ][gc           ] GC(23) Pause Young (Allocation Failure) 36M->19M(61M) 0.974ms
[31.211s][info ][gc,cpu       ] GC(23) User=0.00s Sys=0.00s Real=0.00s
[31.213s][info ][gc,start     ] GC(24) Pause Young (Allocation Failure)
[31.213s][info ][gc,task      ] GC(24) Using 8 workers of 8 for evacuation
[31.214s][debug][gc,age       ] GC(24) Desired survivor size 1114112 bytes, new threshold 6 (max threshold 6)
[31.214s][trace][gc,age       ] GC(24) Age table with threshold 6 (max threshold 6)
[31.214s][trace][gc,age       ] GC(24) - age   1:     803912 bytes,     803912 total
[31.214s][info ][gc,heap      ] GC(24) ParNew: 18919K->797K(19648K)
[31.214s][info ][gc,heap      ] GC(24) CMS: 18381K->19163K(43712K)
[31.214s][info ][gc,metaspace ] GC(24) Metaspace: 15837K->15837K(1064960K)
[31.214s][info ][gc           ] GC(24) Pause Young (Allocation Failure) 36M->19M(61M) 0.836ms
[31.214s][info ][gc,cpu       ] GC(24) User=0.01s Sys=0.00s Real=0.00s
[31.215s][info ][gc,start     ] GC(25) Pause Young (Allocation Failure)
[31.215s][info ][gc,task      ] GC(25) Using 8 workers of 8 for evacuation
[31.216s][debug][gc,age       ] GC(25) Desired survivor size 1114112 bytes, new threshold 1 (max threshold 6)
[31.216s][trace][gc,age       ] GC(25) Age table with threshold 1 (max threshold 6)
[31.216s][trace][gc,age       ] GC(25) - age   1:    2002648 bytes,    2002648 total
[31.216s][trace][gc,age       ] GC(25) - age   2:       1752 bytes,    2004400 total
[31.216s][info ][gc,heap      ] GC(25) ParNew: 18260K->1967K(19648K)
[31.216s][info ][gc,heap      ] GC(25) CMS: 19163K->19554K(43712K)
[31.216s][info ][gc,metaspace ] GC(25) Metaspace: 15843K->15843K(1064960K)
[31.216s][info ][gc           ] GC(25) Pause Young (Allocation Failure) 36M->21M(61M) 0.879ms
[31.216s][info ][gc,cpu       ] GC(25) User=0.00s Sys=0.00s Real=0.00s
[31.218s][info ][gc,start     ] GC(26) Pause Young (Allocation Failure)
[31.218s][info ][gc,task      ] GC(26) Using 8 workers of 8 for evacuation
[31.219s][debug][gc,age       ] GC(26) Desired survivor size 1114112 bytes, new threshold 1 (max threshold 6)
[31.219s][trace][gc,age       ] GC(26) Age table with threshold 1 (max threshold 6)
[31.219s][trace][gc,age       ] GC(26) - age   1:    2003816 bytes,    2003816 total
[31.219s][info ][gc,heap      ] GC(26) ParNew: 19172K->1967K(19648K)
[31.219s][info ][gc,heap      ] GC(26) CMS: 19554K->20336K(43712K)
[31.219s][info ][gc,metaspace ] GC(26) Metaspace: 15844K->15844K(1064960K)
[31.220s][info ][gc           ] GC(26) Pause Young (Allocation Failure) 37M->21M(61M) 1.512ms
[31.220s][info ][gc,cpu       ] GC(26) User=0.01s Sys=0.00s Real=0.00s
[31.221s][info ][gc,start     ] GC(27) Pause Young (Allocation Failure)
[31.221s][info ][gc,task      ] GC(27) Using 8 workers of 8 for evacuation
[31.224s][debug][gc,age       ] GC(27) Desired survivor size 1114112 bytes, new threshold 1 (max threshold 6)
[31.224s][trace][gc,age       ] GC(27) Age table with threshold 1 (max threshold 6)
[31.224s][trace][gc,age       ] GC(27) - age   1:    2002360 bytes,    2002360 total
[31.224s][info ][gc,heap      ] GC(27) ParNew: 19101K->1965K(19648K)
[31.224s][info ][gc,heap      ] GC(27) CMS: 20336K->20728K(43712K)
[31.224s][info ][gc,metaspace ] GC(27) Metaspace: 15844K->15844K(1064960K)
[31.224s][info ][gc           ] GC(27) Pause Young (Allocation Failure) 38M->22M(61M) 2.392ms
[31.224s][info ][gc,cpu       ] GC(27) User=0.01s Sys=0.00s Real=0.00s
[31.226s][info ][gc,start     ] GC(28) Pause Young (Allocation Failure)
[31.226s][info ][gc,task      ] GC(28) Using 8 workers of 8 for evacuation
[31.228s][debug][gc,age       ] GC(28) Desired survivor size 1114112 bytes, new threshold 1 (max threshold 6)
[31.228s][trace][gc,age       ] GC(28) Age table with threshold 1 (max threshold 6)
[31.228s][trace][gc,age       ] GC(28) - age   1:    1203120 bytes,    1203120 total
[31.228s][info ][gc,heap      ] GC(28) ParNew: 19365K->1186K(19648K)
[31.228s][info ][gc,heap      ] GC(28) CMS: 20728K->21901K(43712K)
[31.228s][info ][gc,metaspace ] GC(28) Metaspace: 15844K->15844K(1064960K)
[31.228s][info ][gc           ] GC(28) Pause Young (Allocation Failure) 39M->22M(61M) 2.383ms
[31.228s][info ][gc,cpu       ] GC(28) User=0.01s Sys=0.00s Real=0.01s
[31.228s][info ][gc,start     ] GC(29) Pause Initial Mark
[31.229s][info ][gc           ] GC(29) Pause Initial Mark 24M->24M(61M) 0.240ms
[31.229s][info ][gc,cpu       ] GC(29) User=0.00s Sys=0.00s Real=0.00s
[31.229s][info ][gc           ] GC(29) Concurrent Mark
[31.230s][info ][gc,task      ] GC(29) Using 2 workers of 2 for marking
[31.230s][info ][gc,start     ] GC(30) Pause Young (Allocation Failure)
[31.230s][info ][gc,task      ] GC(30) Using 8 workers of 8 for evacuation
[31.231s][debug][gc,age       ] GC(30) Desired survivor size 1114112 bytes, new threshold 1 (max threshold 6)
[31.231s][trace][gc,age       ] GC(30) Age table with threshold 1 (max threshold 6)
[31.231s][trace][gc,age       ] GC(30) - age   1:    2002072 bytes,    2002072 total
[31.231s][info ][gc,heap      ] GC(30) ParNew: 18388K->1967K(19648K)
[31.231s][info ][gc,heap      ] GC(30) CMS: 21901K->21903K(43712K)
[31.231s][info ][gc,metaspace ] GC(30) Metaspace: 15844K->15844K(1064960K)
[31.231s][info ][gc           ] GC(30) Pause Young (Allocation Failure) 39M->23M(61M) 0.620ms
[31.231s][info ][gc,cpu       ] GC(30) User=0.01s Sys=0.00s Real=0.00s
[31.232s][info ][gc,start     ] GC(31) Pause Young (Allocation Failure)
[31.232s][info ][gc,task      ] GC(31) Using 8 workers of 8 for evacuation
[31.233s][debug][gc,age       ] GC(31) Desired survivor size 1114112 bytes, new threshold 1 (max threshold 6)
[31.233s][trace][gc,age       ] GC(31) Age table with threshold 1 (max threshold 6)
[31.233s][trace][gc,age       ] GC(31) - age   1:    1602176 bytes,    1602176 total
[31.233s][info ][gc,heap      ] GC(31) ParNew: 19219K->1574K(19648K)
[31.233s][info ][gc,heap      ] GC(31) CMS: 21903K->21904K(43712K)
[31.233s][info ][gc,metaspace ] GC(31) Metaspace: 15845K->15845K(1064960K)
[31.233s][info ][gc           ] GC(31) Pause Young (Allocation Failure) 40M->22M(61M) 0.811ms
[31.233s][info ][gc,cpu       ] GC(31) User=0.00s Sys=0.00s Real=0.00s
[31.234s][info ][gc,start     ] GC(32) Pause Young (Allocation Failure)
[31.235s][info ][gc,task      ] GC(32) Using 8 workers of 8 for evacuation
[31.235s][debug][gc,age       ] GC(32) Desired survivor size 1114112 bytes, new threshold 1 (max threshold 6)
[31.235s][trace][gc,age       ] GC(32) Age table with threshold 1 (max threshold 6)
[31.235s][trace][gc,age       ] GC(32) - age   1:    2002128 bytes,    2002128 total
[31.235s][info ][gc,heap      ] GC(32) ParNew: 18787K->1965K(19648K)
[31.235s][info ][gc,heap      ] GC(32) CMS: 21904K->21904K(43712K)
[31.235s][info ][gc,metaspace ] GC(32) Metaspace: 15845K->15845K(1064960K)
[31.235s][info ][gc           ] GC(32) Pause Young (Allocation Failure) 39M->23M(61M) 1.046ms
[31.236s][info ][gc,cpu       ] GC(32) User=0.00s Sys=0.00s Real=0.00s
[31.237s][info ][gc,start     ] GC(33) Pause Young (Allocation Failure)
[31.237s][info ][gc,task      ] GC(33) Using 8 workers of 8 for evacuation
[31.238s][debug][gc,age       ] GC(33) Desired survivor size 1114112 bytes, new threshold 1 (max threshold 6)
[31.239s][trace][gc,age       ] GC(33) Age table with threshold 1 (max threshold 6)
[31.239s][trace][gc,age       ] GC(33) - age   1:    2001320 bytes,    2001320 total
[31.239s][info ][gc,heap      ] GC(33) ParNew: 19386K->1963K(19648K)
[31.239s][info ][gc,heap      ] GC(33) CMS: 21904K->22686K(43712K)
[31.239s][info ][gc,metaspace ] GC(33) Metaspace: 15845K->15845K(1064960K)
[31.239s][info ][gc           ] GC(33) Pause Young (Allocation Failure) 40M->24M(61M) 1.631ms
[31.239s][info ][gc,cpu       ] GC(33) User=0.01s Sys=0.00s Real=0.01s
[31.240s][info ][gc,start     ] GC(34) Pause Young (Allocation Failure)
[31.240s][info ][gc,task      ] GC(34) Using 8 workers of 8 for evacuation
[31.241s][debug][gc,age       ] GC(34) Desired survivor size 1114112 bytes, new threshold 1 (max threshold 6)
[31.241s][trace][gc,age       ] GC(34) Age table with threshold 1 (max threshold 6)
[31.241s][trace][gc,age       ] GC(34) - age   1:    2001736 bytes,    2001736 total
[31.241s][info ][gc,heap      ] GC(34) ParNew: 19083K->1967K(19648K)
[31.241s][info ][gc,heap      ] GC(34) CMS: 22686K->23468K(43712K)
[31.241s][info ][gc,metaspace ] GC(34) Metaspace: 15845K->15845K(1064960K)
[31.241s][info ][gc           ] GC(34) Pause Young (Allocation Failure) 40M->24M(61M) 0.979ms
[31.241s][info ][gc,cpu       ] GC(34) User=0.00s Sys=0.00s Real=0.00s
[31.243s][info ][gc,start     ] GC(35) Pause Young (Allocation Failure)
[31.243s][info ][gc,task      ] GC(35) Using 8 workers of 8 for evacuation
[31.244s][debug][gc,age       ] GC(35) Desired survivor size 1114112 bytes, new threshold 1 (max threshold 6)
[31.245s][trace][gc,age       ] GC(35) Age table with threshold 1 (max threshold 6)
[31.245s][trace][gc,age       ] GC(35) - age   1:    1601992 bytes,    1601992 total
[31.245s][info ][gc,heap      ] GC(35) ParNew: 19146K->1574K(19648K)
[31.245s][info ][gc,heap      ] GC(35) CMS: 23468K->23859K(43712K)
[31.245s][info ][gc,metaspace ] GC(35) Metaspace: 15845K->15845K(1064960K)
[31.245s][info ][gc           ] GC(35) Pause Young (Allocation Failure) 41M->24M(61M) 2.066ms
[31.245s][info ][gc,cpu       ] GC(35) User=0.01s Sys=0.00s Real=0.00s
[31.246s][info ][gc,start     ] GC(36) Pause Young (Allocation Failure)
[31.246s][info ][gc,task      ] GC(36) Using 8 workers of 8 for evacuation
[31.247s][debug][gc,age       ] GC(36) Desired survivor size 1114112 bytes, new threshold 1 (max threshold 6)
[31.247s][trace][gc,age       ] GC(36) Age table with threshold 1 (max threshold 6)
[31.247s][trace][gc,age       ] GC(36) - age   1:    1201664 bytes,    1201664 total
[31.247s][info ][gc,heap      ] GC(36) ParNew: 19046K->1182K(19648K)
[31.247s][info ][gc,heap      ] GC(36) CMS: 23859K->24641K(43712K)
[31.247s][info ][gc,metaspace ] GC(36) Metaspace: 15845K->15845K(1064960K)
[31.247s][info ][gc           ] GC(36) Pause Young (Allocation Failure) 41M->25M(61M) 0.818ms
[31.247s][info ][gc,cpu       ] GC(36) User=0.00s Sys=0.00s Real=0.00s
[31.248s][info ][gc,start     ] GC(37) Pause Young (Allocation Failure)
[31.248s][info ][gc,task      ] GC(37) Using 8 workers of 8 for evacuation
[31.250s][debug][gc,age       ] GC(37) Desired survivor size 1114112 bytes, new threshold 1 (max threshold 6)
[31.250s][trace][gc,age       ] GC(37) Age table with threshold 1 (max threshold 6)
[31.250s][trace][gc,age       ] GC(37) - age   1:    1602240 bytes,    1602240 total
[31.250s][info ][gc,heap      ] GC(37) ParNew: 18413K->1574K(19648K)
[31.250s][info ][gc,heap      ] GC(37) CMS: 24641K->24641K(43712K)
[31.250s][info ][gc,metaspace ] GC(37) Metaspace: 15845K->15845K(1064960K)
[31.250s][info ][gc           ] GC(37) Pause Young (Allocation Failure) 42M->25M(61M) 1.273ms
[31.250s][info ][gc,cpu       ] GC(37) User=0.01s Sys=0.00s Real=0.00s
[31.251s][info ][gc,start     ] GC(38) Pause Young (Allocation Failure)
[31.251s][info ][gc,task      ] GC(38) Using 8 workers of 8 for evacuation
[31.252s][debug][gc,age       ] GC(38) Desired survivor size 1114112 bytes, new threshold 1 (max threshold 6)
[31.252s][trace][gc,age       ] GC(38) Age table with threshold 1 (max threshold 6)
[31.252s][trace][gc,age       ] GC(38) - age   1:    2001632 bytes,    2001632 total
[31.252s][info ][gc,heap      ] GC(38) ParNew: 18670K->1967K(19648K)
[31.252s][info ][gc,heap      ] GC(38) CMS: 24641K->25422K(43712K)
[31.252s][info ][gc,metaspace ] GC(38) Metaspace: 15845K->15845K(1064960K)
[31.252s][info ][gc           ] GC(38) Pause Young (Allocation Failure) 42M->26M(61M) 0.995ms
[31.252s][info ][gc,cpu       ] GC(38) User=0.01s Sys=0.00s Real=0.00s
[31.254s][info ][gc,start     ] GC(39) Pause Young (Allocation Failure)
[31.254s][info ][gc,task      ] GC(39) Using 8 workers of 8 for evacuation
[31.255s][debug][gc,age       ] GC(39) Desired survivor size 1114112 bytes, new threshold 6 (max threshold 6)
[31.255s][trace][gc,age       ] GC(39) Age table with threshold 6 (max threshold 6)
[31.255s][trace][gc,age       ] GC(39) - age   1:     401944 bytes,     401944 total
[31.255s][info ][gc,heap      ] GC(39) ParNew: 19125K->400K(19648K)
[31.255s][info ][gc,heap      ] GC(39) CMS: 25422K->25813K(43712K)
[31.255s][info ][gc,metaspace ] GC(39) Metaspace: 15845K->15845K(1064960K)
[31.255s][info ][gc           ] GC(39) Pause Young (Allocation Failure) 43M->25M(61M) 1.468ms
[31.255s][info ][gc,cpu       ] GC(39) User=0.01s Sys=0.00s Real=0.00s
[31.257s][info ][gc,start     ] GC(40) Pause Young (Allocation Failure)
[31.257s][info ][gc,task      ] GC(40) Using 8 workers of 8 for evacuation
[31.258s][debug][gc,age       ] GC(40) Desired survivor size 1114112 bytes, new threshold 6 (max threshold 6)
[31.258s][trace][gc,age       ] GC(40) Age table with threshold 6 (max threshold 6)
[31.258s][trace][gc,age       ] GC(40) - age   1:     801400 bytes,     801400 total
[31.258s][trace][gc,age       ] GC(40) - age   2:        872 bytes,     802272 total
[31.258s][info ][gc,heap      ] GC(40) ParNew: 17841K->791K(19648K)
[31.258s][info ][gc,heap      ] GC(40) CMS: 25813K->25813K(43712K)
[31.258s][info ][gc,metaspace ] GC(40) Metaspace: 15845K->15845K(1064960K)
[31.258s][info ][gc           ] GC(40) Pause Young (Allocation Failure) 42M->25M(61M) 1.337ms
[31.258s][info ][gc,cpu       ] GC(40) User=0.00s Sys=0.00s Real=0.01s
[31.259s][info ][gc           ] GC(29) Concurrent Mark 30.285ms
[31.259s][info ][gc,cpu       ] GC(29) User=0.16s Sys=0.01s Real=0.03s
[31.259s][info ][gc           ] GC(29) Concurrent Preclean
[31.260s][info ][gc,start     ] GC(41) Pause Young (Allocation Failure)
[31.260s][info ][gc,task      ] GC(41) Using 8 workers of 8 for evacuation
[31.261s][debug][gc,age       ] GC(41) Desired survivor size 1114112 bytes, new threshold 1 (max threshold 6)
[31.261s][trace][gc,age       ] GC(41) Age table with threshold 1 (max threshold 6)
[31.261s][trace][gc,age       ] GC(41) - age   1:    1201600 bytes,    1201600 total
[31.261s][trace][gc,age       ] GC(41) - age   2:        560 bytes,    1202160 total
[31.261s][trace][gc,age       ] GC(41) - age   3:        128 bytes,    1202288 total
[31.261s][info ][gc,heap      ] GC(41) ParNew: 17970K->1182K(19648K)
[31.261s][info ][gc,heap      ] GC(41) CMS: 25813K->25813K(43712K)
[31.261s][info ][gc,metaspace ] GC(41) Metaspace: 15845K->15845K(1064960K)
[31.261s][info ][gc           ] GC(41) Pause Young (Allocation Failure) 42M->26M(61M) 1.269ms
[31.261s][info ][gc,cpu       ] GC(41) User=0.01s Sys=0.00s Real=0.00s
[31.262s][info ][gc           ] GC(29) Concurrent Preclean 2.368ms
[31.262s][info ][gc,cpu       ] GC(29) User=0.01s Sys=0.00s Real=0.00s
[31.262s][info ][gc           ] GC(29) Concurrent Abortable Preclean
[31.263s][info ][gc,start     ] GC(42) Pause Young (Allocation Failure)
[31.263s][info ][gc,task      ] GC(42) Using 8 workers of 8 for evacuation
[31.264s][debug][gc,age       ] GC(42) Desired survivor size 1114112 bytes, new threshold 6 (max threshold 6)
[31.264s][trace][gc,age       ] GC(42) Age table with threshold 6 (max threshold 6)
[31.264s][trace][gc,age       ] GC(42) - age   1:     401736 bytes,     401736 total
[31.264s][info ][gc,heap      ] GC(42) ParNew: 18634K->402K(19648K)
[31.264s][info ][gc,heap      ] GC(42) CMS: 25813K->25814K(43712K)
[31.264s][info ][gc,metaspace ] GC(42) Metaspace: 15845K->15845K(1064960K)
[31.264s][info ][gc           ] GC(42) Pause Young (Allocation Failure) 43M->25M(61M) 1.377ms
[31.264s][info ][gc,cpu       ] GC(42) User=0.00s Sys=0.00s Real=0.00s
[31.264s][info ][gc           ] GC(29) Concurrent Abortable Preclean 2.394ms
[31.264s][info ][gc,cpu       ] GC(29) User=0.01s Sys=0.00s Real=0.00s
[31.264s][info ][gc,start     ] GC(29) Pause Remark
[31.265s][debug][gc,phases    ] GC(29) Rescan (parallel) 0.862ms
[31.265s][debug][gc,phases    ] GC(29) Reference Processing 0.082ms
[31.265s][debug][gc,phases    ] GC(29) Weak Processing 0.014ms
[31.265s][debug][gc,phases    ] GC(29) ClassLoaderData 0.080ms
[31.265s][debug][gc,phases    ] GC(29) ProtectionDomainCacheTable 0.003ms
[31.265s][debug][gc,phases    ] GC(29) ResolvedMethodTable 0.014ms
[31.266s][debug][gc,phases    ] GC(29) Class Unloading 0.787ms
[31.267s][debug][gc,phases    ] GC(29) Scrub Symbol Table 0.978ms
[31.267s][debug][gc,phases    ] GC(29) Scrub String Table 0.065ms
[31.267s][info ][gc           ] GC(29) Pause Remark 26M->26M(61M) 2.919ms
[31.267s][info ][gc,cpu       ] GC(29) User=0.01s Sys=0.00s Real=0.00s
[31.267s][info ][gc           ] GC(29) Concurrent Sweep
[31.269s][info ][gc,start     ] GC(43) Pause Young (Allocation Failure)
[31.269s][info ][gc,task      ] GC(43) Using 8 workers of 8 for evacuation
[31.270s][debug][gc,age       ] GC(43) Desired survivor size 1114112 bytes, new threshold 1 (max threshold 6)
[31.270s][trace][gc,age       ] GC(43) Age table with threshold 1 (max threshold 6)
[31.270s][trace][gc,age       ] GC(43) - age   1:    1201648 bytes,    1201648 total
[31.270s][trace][gc,age       ] GC(43) - age   2:       1160 bytes,    1202808 total
[31.270s][info ][gc,heap      ] GC(43) ParNew: 17874K->1184K(19648K)
[31.270s][info ][gc,heap      ] GC(43) CMS: 25005K->25005K(43712K)
[31.270s][info ][gc,metaspace ] GC(43) Metaspace: 15845K->15845K(1064960K)
[31.270s][info ][gc           ] GC(43) Pause Young (Allocation Failure) 41M->25M(61M) 0.832ms
[31.270s][info ][gc,cpu       ] GC(43) User=0.00s Sys=0.00s Real=0.00s
[31.271s][info ][gc           ] GC(29) Concurrent Sweep 4.130ms
[31.271s][info ][gc,cpu       ] GC(29) User=0.02s Sys=0.00s Real=0.01s
[31.272s][info ][gc,start     ] GC(44) Pause Young (Allocation Failure)
[31.272s][info ][gc,task      ] GC(44) Using 8 workers of 8 for evacuation
[31.272s][debug][gc,age       ] GC(44) Desired survivor size 1114112 bytes, new threshold 6 (max threshold 6)
[31.272s][trace][gc,age       ] GC(44) Age table with threshold 6 (max threshold 6)
[31.272s][trace][gc,age       ] GC(44) - age   1:     801080 bytes,     801080 total
[31.272s][info ][gc,heap      ] GC(44) ParNew: 18348K->795K(19648K)
[31.272s][info ][gc,heap      ] GC(44) CMS: 8569K->9352K(43712K)
[31.272s][info ][gc,metaspace ] GC(44) Metaspace: 15845K->15845K(1064960K)
[31.272s][info ][gc           ] GC(44) Pause Young (Allocation Failure) 26M->9M(61M) 0.700ms
[31.272s][info ][gc,cpu       ] GC(44) User=0.01s Sys=0.00s Real=0.00s
[31.273s][info ][gc           ] GC(29) Concurrent Reset
[31.274s][info ][gc,start     ] GC(45) Pause Young (Allocation Failure)
[31.274s][info ][gc,task      ] GC(45) Using 8 workers of 8 for evacuation
[31.275s][debug][gc,age       ] GC(45) Desired survivor size 1114112 bytes, new threshold 1 (max threshold 6)
[31.276s][trace][gc,age       ] GC(45) Age table with threshold 1 (max threshold 6)
[31.276s][trace][gc,age       ] GC(45) - age   1:    2002056 bytes,    2002056 total
[31.276s][info ][gc,heap      ] GC(45) ParNew: 18046K->1967K(19648K)
[31.276s][info ][gc,heap      ] GC(45) CMS: 9352K->10133K(43712K)
[31.276s][info ][gc,metaspace ] GC(45) Metaspace: 15845K->15845K(1064960K)
[31.276s][info ][gc           ] GC(45) Pause Young (Allocation Failure) 26M->11M(61M) 1.470ms
[31.276s][info ][gc,cpu       ] GC(45) User=0.01s Sys=0.00s Real=0.00s
[31.276s][info ][gc           ] GC(29) Concurrent Reset 2.716ms
[31.276s][info ][gc,cpu       ] GC(29) User=0.01s Sys=0.00s Real=0.00s
[31.277s][info ][gc,start     ] GC(46) Pause Young (Allocation Failure)
[31.278s][info ][gc,task      ] GC(46) Using 8 workers of 8 for evacuation
[31.278s][debug][gc,age       ] GC(46) Desired survivor size 1114112 bytes, new threshold 1 (max threshold 6)
[31.278s][trace][gc,age       ] GC(46) Age table with threshold 1 (max threshold 6)
[31.278s][trace][gc,age       ] GC(46) - age   1:    2001424 bytes,    2001424 total
[31.278s][info ][gc,heap      ] GC(46) ParNew: 19116K->1965K(19648K)
[31.278s][info ][gc,heap      ] GC(46) CMS: 10133K->10524K(43712K)
[31.278s][info ][gc,metaspace ] GC(46) Metaspace: 15845K->15845K(1064960K)
[31.278s][info ][gc           ] GC(46) Pause Young (Allocation Failure) 28M->12M(61M) 0.551ms
[31.278s][info ][gc,cpu       ] GC(46) User=0.00s Sys=0.00s Real=0.01s
[31.281s][info ][gc,start     ] GC(47) Pause Young (Allocation Failure)
[31.281s][info ][gc,task      ] GC(47) Using 8 workers of 8 for evacuation
[31.282s][debug][gc,age       ] GC(47) Desired survivor size 1114112 bytes, new threshold 1 (max threshold 6)
[31.282s][trace][gc,age       ] GC(47) Age table with threshold 1 (max threshold 6)
[31.282s][trace][gc,age       ] GC(47) - age   1:    2002304 bytes,    2002304 total
[31.282s][info ][gc,heap      ] GC(47) ParNew: 19232K->1965K(19648K)
[31.282s][info ][gc,heap      ] GC(47) CMS: 10524K->11305K(43712K)
[31.282s][info ][gc,metaspace ] GC(47) Metaspace: 15845K->15845K(1064960K)
[31.282s][info ][gc           ] GC(47) Pause Young (Allocation Failure) 29M->12M(61M) 0.821ms
[31.282s][info ][gc,cpu       ] GC(47) User=0.01s Sys=0.00s Real=0.00s
[31.283s][info ][gc,start     ] GC(48) Pause Young (Allocation Failure)
[31.283s][info ][gc,task      ] GC(48) Using 8 workers of 8 for evacuation
[31.284s][debug][gc,age       ] GC(48) Desired survivor size 1114112 bytes, new threshold 1 (max threshold 6)
[31.284s][trace][gc,age       ] GC(48) Age table with threshold 1 (max threshold 6)
[31.284s][trace][gc,age       ] GC(48) - age   1:    1202096 bytes,    1202096 total
[31.284s][info ][gc,heap      ] GC(48) ParNew: 19187K->1184K(19648K)
[31.284s][info ][gc,heap      ] GC(48) CMS: 11305K->11306K(43712K)
[31.284s][info ][gc,metaspace ] GC(48) Metaspace: 15845K->15845K(1064960K)
[31.284s][info ][gc           ] GC(48) Pause Young (Allocation Failure) 29M->12M(61M) 1.196ms
[31.284s][info ][gc,cpu       ] GC(48) User=0.00s Sys=0.00s Real=0.00s
[31.286s][info ][gc,start     ] GC(49) Pause Young (Allocation Failure)
[31.286s][info ][gc,task      ] GC(49) Using 8 workers of 8 for evacuation
[31.287s][debug][gc,age       ] GC(49) Desired survivor size 1114112 bytes, new threshold 1 (max threshold 6)
[31.287s][trace][gc,age       ] GC(49) Age table with threshold 1 (max threshold 6)
[31.287s][trace][gc,age       ] GC(49) - age   1:    2001440 bytes,    2001440 total
[31.287s][info ][gc,heap      ] GC(49) ParNew: 18637K->1965K(19648K)
[31.287s][info ][gc,heap      ] GC(49) CMS: 11306K->11697K(43712K)
[31.287s][info ][gc,metaspace ] GC(49) Metaspace: 15845K->15845K(1064960K)
[31.287s][info ][gc           ] GC(49) Pause Young (Allocation Failure) 29M->13M(61M) 1.177ms
[31.287s][info ][gc,cpu       ] GC(49) User=0.01s Sys=0.00s Real=0.00s
[31.289s][info ][gc,start     ] GC(50) Pause Young (Allocation Failure)
[31.289s][info ][gc,task      ] GC(50) Using 8 workers of 8 for evacuation
[31.289s][debug][gc,age       ] GC(50) Desired survivor size 1114112 bytes, new threshold 1 (max threshold 6)
[31.289s][trace][gc,age       ] GC(50) Age table with threshold 1 (max threshold 6)
[31.289s][trace][gc,age       ] GC(50) - age   1:    1201480 bytes,    1201480 total
[31.289s][info ][gc,heap      ] GC(50) ParNew: 19409K->1184K(19648K)
[31.289s][info ][gc,heap      ] GC(50) CMS: 11697K->12479K(43712K)
[31.289s][info ][gc,metaspace ] GC(50) Metaspace: 15845K->15845K(1064960K)
[31.289s][info ][gc           ] GC(50) Pause Young (Allocation Failure) 30M->13M(61M) 0.903ms
[31.289s][info ][gc,cpu       ] GC(50) User=0.01s Sys=0.00s Real=0.00s
[31.291s][info ][gc,start     ] GC(51) Pause Young (Allocation Failure)
[31.291s][info ][gc,task      ] GC(51) Using 8 workers of 8 for evacuation
[31.292s][debug][gc,age       ] GC(51) Desired survivor size 1114112 bytes, new threshold 1 (max threshold 6)
[31.292s][trace][gc,age       ] GC(51) Age table with threshold 1 (max threshold 6)
[31.292s][trace][gc,age       ] GC(51) - age   1:    2001688 bytes,    2001688 total
[31.292s][info ][gc,heap      ] GC(51) ParNew: 18324K->1963K(19648K)
[31.292s][info ][gc,heap      ] GC(51) CMS: 12479K->12479K(43712K)
[31.293s][info ][gc,metaspace ] GC(51) Metaspace: 15845K->15845K(1064960K)
[31.293s][info ][gc           ] GC(51) Pause Young (Allocation Failure) 30M->14M(61M) 1.745ms
[31.293s][info ][gc,cpu       ] GC(51) User=0.01s Sys=0.00s Real=0.00s
[31.294s][info ][gc,start     ] GC(52) Pause Young (Allocation Failure)
[31.294s][info ][gc,task      ] GC(52) Using 8 workers of 8 for evacuation
[31.295s][debug][gc,age       ] GC(52) Desired survivor size 1114112 bytes, new threshold 1 (max threshold 6)
[31.295s][trace][gc,age       ] GC(52) Age table with threshold 1 (max threshold 6)
[31.295s][trace][gc,age       ] GC(52) - age   1:    1201480 bytes,    1201480 total
[31.295s][info ][gc,heap      ] GC(52) ParNew: 19432K->1182K(19648K)
[31.295s][info ][gc,heap      ] GC(52) CMS: 12479K->13652K(43712K)
[31.295s][info ][gc,metaspace ] GC(52) Metaspace: 15845K->15845K(1064960K)
[31.295s][info ][gc           ] GC(52) Pause Young (Allocation Failure) 31M->14M(61M) 1.404ms
[31.295s][info ][gc,cpu       ] GC(52) User=0.01s Sys=0.00s Real=0.00s
[31.297s][info ][gc,start     ] GC(53) Pause Young (Allocation Failure)
[31.297s][info ][gc,task      ] GC(53) Using 8 workers of 8 for evacuation
[31.298s][debug][gc,age       ] GC(53) Desired survivor size 1114112 bytes, new threshold 1 (max threshold 6)
[31.298s][trace][gc,age       ] GC(53) Age table with threshold 1 (max threshold 6)
[31.298s][trace][gc,age       ] GC(53) - age   1:    2001824 bytes,    2001824 total
[31.298s][info ][gc,heap      ] GC(53) ParNew: 18463K->1961K(19648K)
[31.298s][info ][gc,heap      ] GC(53) CMS: 13652K->13652K(43712K)
[31.298s][info ][gc,metaspace ] GC(53) Metaspace: 15845K->15845K(1064960K)
[31.298s][info ][gc           ] GC(53) Pause Young (Allocation Failure) 31M->15M(61M) 1.393ms
[31.298s][info ][gc,cpu       ] GC(53) User=0.01s Sys=0.00s Real=0.01s
[31.300s][info ][gc,start     ] GC(54) Pause Young (Allocation Failure)
[31.300s][info ][gc,task      ] GC(54) Using 8 workers of 8 for evacuation
[31.301s][debug][gc,age       ] GC(54) Desired survivor size 1114112 bytes, new threshold 1 (max threshold 6)
[31.301s][trace][gc,age       ] GC(54) Age table with threshold 1 (max threshold 6)
[31.301s][trace][gc,age       ] GC(54) - age   1:    1601712 bytes,    1601712 total
[31.301s][info ][gc,heap      ] GC(54) ParNew: 19069K->1572K(19648K)
[31.301s][info ][gc,heap      ] GC(54) CMS: 13652K->13653K(43712K)
[31.301s][info ][gc,metaspace ] GC(54) Metaspace: 15845K->15845K(1064960K)
[31.301s][info ][gc           ] GC(54) Pause Young (Allocation Failure) 31M->14M(61M) 1.260ms
[31.301s][info ][gc,cpu       ] GC(54) User=0.00s Sys=0.00s Real=0.00s
[31.303s][info ][gc,start     ] GC(55) Pause Young (Allocation Failure)
[31.303s][info ][gc,task      ] GC(55) Using 8 workers of 8 for evacuation
[31.304s][debug][gc,age       ] GC(55) Desired survivor size 1114112 bytes, new threshold 1 (max threshold 6)
[31.304s][trace][gc,age       ] GC(55) Age table with threshold 1 (max threshold 6)
[31.304s][trace][gc,age       ] GC(55) - age   1:    2001432 bytes,    2001432 total
[31.305s][info ][gc,heap      ] GC(55) ParNew: 19037K->1961K(19648K)
[31.305s][info ][gc,heap      ] GC(55) CMS: 13653K->14825K(43712K)
[31.305s][info ][gc,metaspace ] GC(55) Metaspace: 15845K->15845K(1064960K)
[31.305s][info ][gc           ] GC(55) Pause Young (Allocation Failure) 31M->16M(61M) 1.823ms
[31.305s][info ][gc,cpu       ] GC(55) User=0.00s Sys=0.00s Real=0.00s
[31.306s][info ][gc,start     ] GC(56) Pause Young (Allocation Failure)
[31.306s][info ][gc,task      ] GC(56) Using 8 workers of 8 for evacuation
[31.307s][debug][gc,age       ] GC(56) Desired survivor size 1114112 bytes, new threshold 1 (max threshold 6)
[31.307s][trace][gc,age       ] GC(56) Age table with threshold 1 (max threshold 6)
[31.307s][trace][gc,age       ] GC(56) - age   1:    2002008 bytes,    2002008 total
[31.307s][info ][gc,heap      ] GC(56) ParNew: 19153K->1965K(19648K)
[31.308s][info ][gc,heap      ] GC(56) CMS: 14825K->15607K(43712K)
[31.308s][info ][gc,metaspace ] GC(56) Metaspace: 15845K->15845K(1064960K)
[31.308s][info ][gc           ] GC(56) Pause Young (Allocation Failure) 33M->17M(61M) 1.577ms
[31.308s][info ][gc,cpu       ] GC(56) User=0.01s Sys=0.00s Real=0.01s
[31.309s][info ][gc,start     ] GC(57) Pause Young (Allocation Failure)
[31.309s][info ][gc,task      ] GC(57) Using 8 workers of 8 for evacuation
[31.311s][debug][gc,age       ] GC(57) Desired survivor size 1114112 bytes, new threshold 6 (max threshold 6)
[31.311s][trace][gc,age       ] GC(57) Age table with threshold 6 (max threshold 6)
[31.311s][trace][gc,age       ] GC(57) - age   1:     401496 bytes,     401496 total
[31.311s][info ][gc,heap      ] GC(57) ParNew: 19437K->402K(19648K)
[31.311s][info ][gc,heap      ] GC(57) CMS: 15607K->16390K(43712K)
[31.311s][info ][gc,metaspace ] GC(57) Metaspace: 15845K->15845K(1064960K)
[31.311s][info ][gc           ] GC(57) Pause Young (Allocation Failure) 34M->16M(61M) 1.559ms
[31.311s][info ][gc,cpu       ] GC(57) User=0.01s Sys=0.00s Real=0.00s
[31.312s][info ][gc,start     ] GC(58) Pause Young (Allocation Failure)
[31.312s][info ][gc,task      ] GC(58) Using 8 workers of 8 for evacuation
[31.313s][debug][gc,age       ] GC(58) Desired survivor size 1114112 bytes, new threshold 1 (max threshold 6)
[31.313s][trace][gc,age       ] GC(58) Age table with threshold 1 (max threshold 6)
[31.313s][trace][gc,age       ] GC(58) - age   1:    1201752 bytes,    1201752 total
[31.313s][trace][gc,age       ] GC(58) - age   2:     400440 bytes,    1602192 total
[31.313s][info ][gc,heap      ] GC(58) ParNew: 17567K->1574K(19648K)
[31.313s][info ][gc,heap      ] GC(58) CMS: 16390K->16390K(43712K)
[31.313s][info ][gc,metaspace ] GC(58) Metaspace: 15845K->15845K(1064960K)
[31.314s][info ][gc           ] GC(58) Pause Young (Allocation Failure) 33M->17M(61M) 1.429ms
[31.314s][info ][gc,cpu       ] GC(58) User=0.00s Sys=0.00s Real=0.00s
[31.315s][info ][gc,start     ] GC(59) Pause Young (Allocation Failure)
[31.315s][info ][gc,task      ] GC(59) Using 8 workers of 8 for evacuation
[31.316s][debug][gc,age       ] GC(59) Desired survivor size 1114112 bytes, new threshold 1 (max threshold 6)
[31.316s][trace][gc,age       ] GC(59) Age table with threshold 1 (max threshold 6)
[31.316s][trace][gc,age       ] GC(59) - age   1:    2001504 bytes,    2001504 total
[31.316s][info ][gc,heap      ] GC(59) ParNew: 18725K->1963K(19648K)
[31.316s][info ][gc,heap      ] GC(59) CMS: 16390K->17172K(43712K)
[31.316s][info ][gc,metaspace ] GC(59) Metaspace: 15845K->15845K(1064960K)
[31.316s][info ][gc           ] GC(59) Pause Young (Allocation Failure) 34M->18M(61M) 1.473ms
[31.316s][info ][gc,cpu       ] GC(59) User=0.01s Sys=0.00s Real=0.00s
[31.318s][info ][gc,start     ] GC(60) Pause Young (Allocation Failure)
[31.318s][info ][gc,task      ] GC(60) Using 8 workers of 8 for evacuation
[31.319s][debug][gc,age       ] GC(60) Desired survivor size 1114112 bytes, new threshold 1 (max threshold 6)
[31.319s][trace][gc,age       ] GC(60) Age table with threshold 1 (max threshold 6)
[31.319s][trace][gc,age       ] GC(60) - age   1:    2001760 bytes,    2001760 total
[31.319s][info ][gc,heap      ] GC(60) ParNew: 19115K->1961K(19648K)
[31.319s][info ][gc,heap      ] GC(60) CMS: 17172K->18344K(43712K)
[31.319s][info ][gc,metaspace ] GC(60) Metaspace: 15845K->15845K(1064960K)
[31.319s][info ][gc           ] GC(60) Pause Young (Allocation Failure) 35M->19M(61M) 1.602ms
[31.319s][info ][gc,cpu       ] GC(60) User=0.01s Sys=0.00s Real=0.00s
[31.321s][info ][gc,start     ] GC(61) Pause Young (Allocation Failure)
[31.321s][info ][gc,task      ] GC(61) Using 8 workers of 8 for evacuation
[31.322s][debug][gc,age       ] GC(61) Desired survivor size 1114112 bytes, new threshold 1 (max threshold 6)
[31.322s][trace][gc,age       ] GC(61) Age table with threshold 1 (max threshold 6)
[31.322s][trace][gc,age       ] GC(61) - age   1:    2002080 bytes,    2002080 total
[31.322s][info ][gc,heap      ] GC(61) ParNew: 19245K->1967K(19648K)
[31.322s][info ][gc,heap      ] GC(61) CMS: 18344K->19126K(43712K)
[31.322s][info ][gc,metaspace ] GC(61) Metaspace: 15845K->15845K(1064960K)
[31.322s][info ][gc           ] GC(61) Pause Young (Allocation Failure) 36M->20M(61M) 1.147ms
[31.322s][info ][gc,cpu       ] GC(61) User=0.00s Sys=0.00s Real=0.00s
[31.323s][info ][gc,start     ] GC(62) Pause Young (Allocation Failure)
[31.324s][info ][gc,task      ] GC(62) Using 8 workers of 8 for evacuation
[31.325s][debug][gc,age       ] GC(62) Desired survivor size 1114112 bytes, new threshold 1 (max threshold 6)
[31.325s][trace][gc,age       ] GC(62) Age table with threshold 1 (max threshold 6)
[31.325s][trace][gc,age       ] GC(62) - age   1:    1202160 bytes,    1202160 total
[31.325s][info ][gc,heap      ] GC(62) ParNew: 19179K->1181K(19648K)
[31.325s][info ][gc,heap      ] GC(62) CMS: 19126K->19126K(43712K)
[31.325s][info ][gc,metaspace ] GC(62) Metaspace: 15845K->15845K(1064960K)
[31.325s][info ][gc           ] GC(62) Pause Young (Allocation Failure) 37M->19M(61M) 1.375ms
[31.325s][info ][gc,cpu       ] GC(62) User=0.00s Sys=0.00s Real=0.00s
[31.326s][info ][gc,start     ] GC(63) Pause Young (Allocation Failure)
[31.326s][info ][gc,task      ] GC(63) Using 8 workers of 8 for evacuation
[31.328s][debug][gc,age       ] GC(63) Desired survivor size 1114112 bytes, new threshold 1 (max threshold 6)
[31.328s][trace][gc,age       ] GC(63) Age table with threshold 1 (max threshold 6)
[31.328s][trace][gc,age       ] GC(63) - age   1:    1201744 bytes,    1201744 total
[31.328s][info ][gc,heap      ] GC(63) ParNew: 18316K->1184K(19648K)
[31.328s][info ][gc,heap      ] GC(63) CMS: 19126K->19517K(43712K)
[31.328s][info ][gc,metaspace ] GC(63) Metaspace: 15845K->15845K(1064960K)
[31.328s][info ][gc           ] GC(63) Pause Young (Allocation Failure) 36M->20M(61M) 2.137ms
[31.328s][info ][gc,cpu       ] GC(63) User=0.01s Sys=0.00s Real=0.01s
[31.330s][info ][gc,start     ] GC(64) Pause Young (Allocation Failure)
[31.330s][info ][gc,task      ] GC(64) Using 8 workers of 8 for evacuation
[31.331s][debug][gc,age       ] GC(64) Desired survivor size 1114112 bytes, new threshold 1 (max threshold 6)
[31.331s][trace][gc,age       ] GC(64) Age table with threshold 1 (max threshold 6)
[31.331s][trace][gc,age       ] GC(64) - age   1:    2001816 bytes,    2001816 total
[31.331s][info ][gc,heap      ] GC(64) ParNew: 18306K->1957K(19648K)
[31.331s][info ][gc,heap      ] GC(64) CMS: 19517K->19518K(43712K)
[31.331s][info ][gc,metaspace ] GC(64) Metaspace: 15845K->15845K(1064960K)
[31.331s][info ][gc           ] GC(64) Pause Young (Allocation Failure) 36M->20M(61M) 1.522ms
[31.331s][info ][gc,cpu       ] GC(64) User=0.00s Sys=0.00s Real=0.00s
[31.333s][info ][gc,start     ] GC(65) Pause Young (Allocation Failure)
[31.333s][info ][gc,task      ] GC(65) Using 8 workers of 8 for evacuation
[31.334s][debug][gc,age       ] GC(65) Desired survivor size 1114112 bytes, new threshold 1 (max threshold 6)
[31.334s][trace][gc,age       ] GC(65) Age table with threshold 1 (max threshold 6)
[31.334s][trace][gc,age       ] GC(65) - age   1:    2001752 bytes,    2001752 total
[31.334s][info ][gc,heap      ] GC(65) ParNew: 19115K->1963K(19648K)
[31.334s][info ][gc,heap      ] GC(65) CMS: 19518K->19909K(43712K)
[31.334s][info ][gc,metaspace ] GC(65) Metaspace: 15845K->15845K(1064960K)
[31.334s][info ][gc           ] GC(65) Pause Young (Allocation Failure) 37M->21M(61M) 1.381ms
[31.334s][info ][gc,cpu       ] GC(65) User=0.00s Sys=0.00s Real=0.00s
[31.335s][info ][gc,start     ] GC(66) Pause Young (Allocation Failure)
[31.336s][info ][gc,task      ] GC(66) Using 8 workers of 8 for evacuation
[31.337s][debug][gc,age       ] GC(66) Desired survivor size 1114112 bytes, new threshold 1 (max threshold 6)
[31.337s][trace][gc,age       ] GC(66) Age table with threshold 1 (max threshold 6)
[31.337s][trace][gc,age       ] GC(66) - age   1:    2001752 bytes,    2001752 total
[31.337s][info ][gc,heap      ] GC(66) ParNew: 19060K->1961K(19648K)
[31.337s][info ][gc,heap      ] GC(66) CMS: 19909K->19910K(43712K)
[31.337s][info ][gc,metaspace ] GC(66) Metaspace: 15845K->15845K(1064960K)
[31.337s][info ][gc           ] GC(66) Pause Young (Allocation Failure) 38M->21M(61M) 1.519ms
[31.337s][info ][gc,cpu       ] GC(66) User=0.01s Sys=0.00s Real=0.00s
[31.338s][info ][gc,start     ] GC(67) Pause Young (Allocation Failure)
[31.338s][info ][gc,task      ] GC(67) Using 8 workers of 8 for evacuation
[31.340s][debug][gc,age       ] GC(67) Desired survivor size 1114112 bytes, new threshold 1 (max threshold 6)
[31.340s][trace][gc,age       ] GC(67) Age table with threshold 1 (max threshold 6)
[31.340s][trace][gc,age       ] GC(67) - age   1:    1601736 bytes,    1601736 total
[31.340s][info ][gc,heap      ] GC(67) ParNew: 19065K->1568K(19648K)
[31.340s][info ][gc,heap      ] GC(67) CMS: 19910K->20692K(43712K)
[31.340s][info ][gc,metaspace ] GC(67) Metaspace: 15845K->15845K(1064960K)
[31.340s][info ][gc           ] GC(67) Pause Young (Allocation Failure) 38M->21M(61M) 1.594ms
[31.340s][info ][gc,cpu       ] GC(67) User=0.00s Sys=0.00s Real=0.00s
[31.342s][info ][gc,start     ] GC(68) Pause Young (Allocation Failure)
[31.342s][info ][gc,task      ] GC(68) Using 8 workers of 8 for evacuation
[31.344s][debug][gc,age       ] GC(68) Desired survivor size 1114112 bytes, new threshold 1 (max threshold 6)
[31.344s][trace][gc,age       ] GC(68) Age table with threshold 1 (max threshold 6)
[31.344s][trace][gc,age       ] GC(68) - age   1:    1201408 bytes,    1201408 total
[31.344s][info ][gc,heap      ] GC(68) ParNew: 18986K->1177K(19648K)
[31.344s][info ][gc,heap      ] GC(68) CMS: 20692K->21864K(43712K)
[31.344s][info ][gc,metaspace ] GC(68) Metaspace: 15845K->15845K(1064960K)
[31.344s][info ][gc           ] GC(68) Pause Young (Allocation Failure) 38M->22M(61M) 2.358ms
[31.344s][info ][gc,cpu       ] GC(68) User=0.01s Sys=0.00s Real=0.00s
[31.345s][info ][gc,start     ] GC(69) Pause Young (Allocation Failure)
[31.346s][info ][gc,task      ] GC(69) Using 8 workers of 8 for evacuation
[31.347s][debug][gc,age       ] GC(69) Desired survivor size 1114112 bytes, new threshold 1 (max threshold 6)
[31.347s][trace][gc,age       ] GC(69) Age table with threshold 1 (max threshold 6)
[31.347s][trace][gc,age       ] GC(69) - age   1:    2002128 bytes,    2002128 total
[31.347s][info ][gc,heap      ] GC(69) ParNew: 18367K->1957K(19648K)
[31.347s][info ][gc,heap      ] GC(69) CMS: 21864K->22646K(43712K)
[31.347s][info ][gc,metaspace ] GC(69) Metaspace: 15845K->15845K(1064960K)
[31.347s][info ][gc           ] GC(69) Pause Young (Allocation Failure) 39M->24M(61M) 1.551ms
[31.347s][info ][gc,cpu       ] GC(69) User=0.00s Sys=0.00s Real=0.00s
[31.349s][info ][gc,start     ] GC(70) Pause Young (Allocation Failure)
[31.349s][info ][gc,task      ] GC(70) Using 8 workers of 8 for evacuation
[31.350s][debug][gc,age       ] GC(70) Desired survivor size 1114112 bytes, new threshold 1 (max threshold 6)
[31.350s][trace][gc,age       ] GC(70) Age table with threshold 1 (max threshold 6)
[31.350s][trace][gc,age       ] GC(70) - age   1:    2001688 bytes,    2001688 total
[31.350s][info ][gc,heap      ] GC(70) ParNew: 19084K->1965K(19648K)
[31.350s][info ][gc,heap      ] GC(70) CMS: 22646K->23428K(43712K)
[31.350s][info ][gc,metaspace ] GC(70) Metaspace: 15845K->15845K(1064960K)
[31.350s][info ][gc           ] GC(70) Pause Young (Allocation Failure) 40M->24M(61M) 1.424ms
[31.350s][info ][gc,cpu       ] GC(70) User=0.01s Sys=0.00s Real=0.00s
[31.352s][info ][gc,start     ] GC(71) Pause Young (Allocation Failure)
[31.352s][info ][gc,task      ] GC(71) Using 8 workers of 8 for evacuation
[31.353s][debug][gc,age       ] GC(71) Desired survivor size 1114112 bytes, new threshold 1 (max threshold 6)
[31.353s][trace][gc,age       ] GC(71) Age table with threshold 1 (max threshold 6)
[31.353s][trace][gc,age       ] GC(71) - age   1:    2001960 bytes,    2001960 total
[31.353s][info ][gc,heap      ] GC(71) ParNew: 19426K->1963K(19648K)
[31.353s][info ][gc,heap      ] GC(71) CMS: 23428K->23820K(43712K)
[31.353s][info ][gc,metaspace ] GC(71) Metaspace: 15845K->15845K(1064960K)
[31.353s][info ][gc           ] GC(71) Pause Young (Allocation Failure) 41M->25M(61M) 1.594ms
[31.353s][info ][gc,cpu       ] GC(71) User=0.01s Sys=0.00s Real=0.00s
[31.355s][info ][gc,start     ] GC(72) Pause Young (Allocation Failure)
[31.355s][info ][gc,task      ] GC(72) Using 8 workers of 8 for evacuation
[31.356s][debug][gc,age       ] GC(72) Desired survivor size 1114112 bytes, new threshold 1 (max threshold 6)
[31.356s][trace][gc,age       ] GC(72) Age table with threshold 1 (max threshold 6)
[31.356s][trace][gc,age       ] GC(72) - age   1:    1601920 bytes,    1601920 total
[31.356s][info ][gc,heap      ] GC(72) ParNew: 19117K->1568K(19648K)
[31.356s][info ][gc,heap      ] GC(72) CMS: 23820K->24602K(43712K)
[31.356s][info ][gc,metaspace ] GC(72) Metaspace: 15845K->15845K(1064960K)
[31.356s][info ][gc           ] GC(72) Pause Young (Allocation Failure) 41M->25M(61M) 1.626ms
[31.356s][info ][gc,cpu       ] GC(72) User=0.00s Sys=0.00s Real=0.00s
[31.358s][info ][gc,start     ] GC(73) Pause Young (Allocation Failure)
[31.358s][info ][gc,task      ] GC(73) Using 8 workers of 8 for evacuation
[31.359s][debug][gc,age       ] GC(73) Desired survivor size 1114112 bytes, new threshold 1 (max threshold 6)
[31.360s][trace][gc,age       ] GC(73) Age table with threshold 1 (max threshold 6)
[31.360s][trace][gc,age       ] GC(73) - age   1:    1201776 bytes,    1201776 total
[31.360s][info ][gc,heap      ] GC(73) ParNew: 18717K->1182K(19648K)
[31.360s][info ][gc,heap      ] GC(73) CMS: 24602K->25384K(43712K)
[31.360s][info ][gc,metaspace ] GC(73) Metaspace: 15845K->15845K(1064960K)
[31.360s][info ][gc           ] GC(73) Pause Young (Allocation Failure) 42M->25M(61M) 1.858ms
[31.360s][info ][gc,cpu       ] GC(73) User=0.01s Sys=0.01s Real=0.00s
[31.361s][info ][gc,start     ] GC(74) Pause Young (Allocation Failure)
[31.361s][info ][gc,task      ] GC(74) Using 8 workers of 8 for evacuation
[31.363s][debug][gc,age       ] GC(74) Desired survivor size 1114112 bytes, new threshold 1 (max threshold 6)
[31.363s][trace][gc,age       ] GC(74) Age table with threshold 1 (max threshold 6)
[31.363s][trace][gc,age       ] GC(74) - age   1:    2001752 bytes,    2001752 total
[31.363s][info ][gc,heap      ] GC(74) ParNew: 18317K->1965K(19648K)
[31.363s][info ][gc,heap      ] GC(74) CMS: 25384K->26165K(43712K)
[31.363s][info ][gc,metaspace ] GC(74) Metaspace: 15845K->15845K(1064960K)
[31.363s][info ][gc           ] GC(74) Pause Young (Allocation Failure) 42M->27M(61M) 1.847ms
[31.363s][info ][gc,cpu       ] GC(74) User=0.01s Sys=0.00s Real=0.00s
[31.364s][info ][gc,start     ] GC(75) Pause Young (Allocation Failure)
[31.365s][info ][gc,task      ] GC(75) Using 8 workers of 8 for evacuation
[31.366s][debug][gc,age       ] GC(75) Desired survivor size 1114112 bytes, new threshold 1 (max threshold 6)
[31.366s][trace][gc,age       ] GC(75) Age table with threshold 1 (max threshold 6)
[31.366s][trace][gc,age       ] GC(75) - age   1:    2002240 bytes,    2002240 total
[31.366s][info ][gc,heap      ] GC(75) ParNew: 19196K->1967K(19648K)
[31.366s][info ][gc,heap      ] GC(75) CMS: 26165K->27338K(43712K)
[31.366s][info ][gc,metaspace ] GC(75) Metaspace: 15845K->15845K(1064960K)
[31.367s][info ][gc           ] GC(75) Pause Young (Allocation Failure) 44M->28M(61M) 2.070ms
[31.367s][info ][gc,cpu       ] GC(75) User=0.01s Sys=0.00s Real=0.00s
[31.367s][info ][gc,start     ] GC(76) Pause Initial Mark
[31.367s][info ][gc           ] GC(76) Pause Initial Mark 29M->29M(61M) 0.243ms
[31.367s][info ][gc,cpu       ] GC(76) User=0.00s Sys=0.00s Real=0.00s
[31.367s][info ][gc           ] GC(76) Concurrent Mark
[31.367s][info ][gc,task      ] GC(76) Using 2 workers of 2 for marking
[31.369s][info ][gc,start     ] GC(77) Pause Young (Allocation Failure)
[31.369s][info ][gc,task      ] GC(77) Using 8 workers of 8 for evacuation
[31.370s][debug][gc,age       ] GC(77) Desired survivor size 1114112 bytes, new threshold 1 (max threshold 6)
[31.370s][trace][gc,age       ] GC(77) Age table with threshold 1 (max threshold 6)
[31.370s][trace][gc,age       ] GC(77) - age   1:    2001592 bytes,    2001592 total
[31.370s][info ][gc,heap      ] GC(77) ParNew: 19215K->1965K(19648K)
[31.370s][info ][gc,heap      ] GC(77) CMS: 27338K->27729K(43712K)
[31.370s][info ][gc,metaspace ] GC(77) Metaspace: 15845K->15845K(1064960K)
[31.370s][info ][gc           ] GC(77) Pause Young (Allocation Failure) 45M->28M(61M) 1.464ms
[31.370s][info ][gc,cpu       ] GC(77) User=0.01s Sys=0.00s Real=0.00s
[31.372s][info ][gc,start     ] GC(78) Pause Young (Allocation Failure)
[31.372s][info ][gc,task      ] GC(78) Using 8 workers of 8 for evacuation
[31.373s][debug][gc,age       ] GC(78) Desired survivor size 1114112 bytes, new threshold 6 (max threshold 6)
[31.373s][trace][gc,age       ] GC(78) Age table with threshold 6 (max threshold 6)
[31.373s][trace][gc,age       ] GC(78) - age   1:     801304 bytes,     801304 total
[31.373s][info ][gc,heap      ] GC(78) ParNew: 19421K->789K(19648K)
[31.373s][info ][gc,heap      ] GC(78) CMS: 27729K->28511K(43712K)
[31.373s][info ][gc,metaspace ] GC(78) Metaspace: 15845K->15845K(1064960K)
[31.373s][info ][gc           ] GC(78) Pause Young (Allocation Failure) 46M->28M(61M) 1.448ms
[31.373s][info ][gc,cpu       ] GC(78) User=0.01s Sys=0.00s Real=0.00s
[31.377s][info ][gc           ] GC(76) Concurrent Mark 9.532ms
[31.377s][info ][gc,cpu       ] GC(76) User=0.05s Sys=0.00s Real=0.01s
[31.377s][info ][gc           ] GC(76) Concurrent Preclean
[31.377s][info ][gc,start     ] GC(79) Pause Young (Allocation Failure)
[31.377s][info ][gc,task      ] GC(79) Using 8 workers of 8 for evacuation
[31.378s][debug][gc,age       ] GC(79) Desired survivor size 1114112 bytes, new threshold 1 (max threshold 6)
[31.378s][trace][gc,age       ] GC(79) Age table with threshold 1 (max threshold 6)
[31.378s][trace][gc,age       ] GC(79) - age   1:    1201160 bytes,    1201160 total
[31.378s][trace][gc,age       ] GC(79) - age   2:     800904 bytes,    2002064 total
[31.379s][info ][gc,heap      ] GC(79) ParNew: 18143K->1963K(19648K)
[31.379s][info ][gc,heap      ] GC(79) CMS: 28511K->28511K(43712K)
[31.379s][info ][gc,metaspace ] GC(79) Metaspace: 15845K->15845K(1064960K)
[31.379s][info ][gc           ] GC(79) Pause Young (Allocation Failure) 45M->29M(61M) 1.612ms
[31.379s][info ][gc,cpu       ] GC(79) User=0.01s Sys=0.00s Real=0.01s
[31.379s][info ][gc           ] GC(76) Concurrent Preclean 2.390ms
[31.379s][info ][gc,cpu       ] GC(76) User=0.01s Sys=0.00s Real=0.01s
[31.379s][info ][gc           ] GC(76) Concurrent Abortable Preclean
[31.380s][info ][gc,start     ] GC(80) Pause Young (Allocation Failure)
[31.380s][info ][gc,task      ] GC(80) Using 8 workers of 8 for evacuation
[31.382s][debug][gc,age       ] GC(80) Desired survivor size 1114112 bytes, new threshold 1 (max threshold 6)
[31.382s][trace][gc,age       ] GC(80) Age table with threshold 1 (max threshold 6)
[31.382s][trace][gc,age       ] GC(80) - age   1:    2001488 bytes,    2001488 total
[31.382s][info ][gc,heap      ] GC(80) ParNew: 19087K->1963K(19648K)
[31.382s][info ][gc,heap      ] GC(80) CMS: 28511K->28903K(43712K)
[31.382s][info ][gc,metaspace ] GC(80) Metaspace: 15845K->15845K(1064960K)
[31.382s][info ][gc           ] GC(80) Pause Young (Allocation Failure) 46M->30M(61M) 1.757ms
[31.382s][info ][gc,cpu       ] GC(80) User=0.01s Sys=0.00s Real=0.00s
[31.382s][info ][gc           ] GC(76) Concurrent Abortable Preclean 2.741ms
[31.382s][info ][gc,cpu       ] GC(76) User=0.01s Sys=0.00s Real=0.00s
[31.382s][info ][gc,start     ] GC(76) Pause Remark
[31.383s][debug][gc,phases    ] GC(76) Rescan (parallel) 1.113ms
[31.384s][debug][gc,phases    ] GC(76) Reference Processing 0.013ms
[31.384s][debug][gc,phases    ] GC(76) Weak Processing 0.017ms
[31.384s][debug][gc,phases    ] GC(76) ClassLoaderData 0.031ms
[31.384s][debug][gc,phases    ] GC(76) ProtectionDomainCacheTable 0.003ms
[31.384s][debug][gc,phases    ] GC(76) ResolvedMethodTable 0.018ms
[31.384s][debug][gc,phases    ] GC(76) Class Unloading 0.758ms
[31.385s][debug][gc,phases    ] GC(76) Scrub Symbol Table 1.032ms
[31.385s][debug][gc,phases    ] GC(76) Scrub String Table 0.065ms
[31.385s][info ][gc           ] GC(76) Pause Remark 31M->31M(61M) 3.156ms
[31.386s][info ][gc,cpu       ] GC(76) User=0.01s Sys=0.00s Real=0.00s
[31.386s][info ][gc           ] GC(76) Concurrent Sweep
[31.387s][info ][gc,start     ] GC(81) Pause Young (Allocation Failure)
[31.387s][info ][gc,task      ] GC(81) Using 8 workers of 8 for evacuation
[31.388s][debug][gc,age       ] GC(81) Desired survivor size 1114112 bytes, new threshold 1 (max threshold 6)
[31.388s][trace][gc,age       ] GC(81) Age table with threshold 1 (max threshold 6)
[31.388s][trace][gc,age       ] GC(81) - age   1:    2001984 bytes,    2001984 total
[31.388s][info ][gc,heap      ] GC(81) ParNew: 19233K->1963K(19648K)
[31.388s][info ][gc,heap      ] GC(81) CMS: 28111K->28503K(43712K)
[31.388s][info ][gc,metaspace ] GC(81) Metaspace: 15845K->15845K(1064960K)
[31.388s][info ][gc           ] GC(81) Pause Young (Allocation Failure) 46M->29M(61M) 1.428ms
[31.388s][info ][gc,cpu       ] GC(81) User=0.01s Sys=0.00s Real=0.01s
[31.390s][info ][gc,start     ] GC(82) Pause Young (Allocation Failure)
[31.390s][info ][gc,task      ] GC(82) Using 8 workers of 8 for evacuation
[31.393s][debug][gc,age       ] GC(82) Desired survivor size 1114112 bytes, new threshold 6 (max threshold 6)
[31.393s][trace][gc,age       ] GC(82) Age table with threshold 6 (max threshold 6)
[31.393s][trace][gc,age       ] GC(82) - age   1:     801456 bytes,     801456 total
[31.393s][info ][gc,heap      ] GC(82) ParNew: 19426K->791K(19648K)
[31.393s][info ][gc,heap      ] GC(82) CMS: 28463K->29245K(43712K)
[31.393s][info ][gc,metaspace ] GC(82) Metaspace: 15845K->15845K(1064960K)
[31.393s][info ][gc           ] GC(82) Pause Young (Allocation Failure) 46M->29M(61M) 2.945ms
[31.393s][info ][gc,cpu       ] GC(82) User=0.02s Sys=0.01s Real=0.00s
[31.394s][info ][gc           ] GC(76) Concurrent Sweep 7.970ms
[31.394s][info ][gc,cpu       ] GC(76) User=0.04s Sys=0.01s Real=0.01s
[31.394s][info ][gc           ] GC(76) Concurrent Reset
[31.394s][info ][gc           ] GC(76) Concurrent Reset 0.134ms
[31.394s][info ][gc,cpu       ] GC(76) User=0.00s Sys=0.00s Real=0.00s
[31.394s][info ][gc,heap      ] GC(76) Old: 27338K->6577K(43712K)
[31.395s][info ][gc,start     ] GC(83) Pause Young (Allocation Failure)
[31.395s][info ][gc,task      ] GC(83) Using 8 workers of 8 for evacuation
[31.396s][debug][gc,age       ] GC(83) Desired survivor size 1114112 bytes, new threshold 1 (max threshold 6)
[31.396s][trace][gc,age       ] GC(83) Age table with threshold 1 (max threshold 6)
[31.396s][trace][gc,age       ] GC(83) - age   1:    1601536 bytes,    1601536 total
[31.396s][trace][gc,age       ] GC(83) - age   2:     400880 bytes,    2002416 total
[31.396s][info ][gc,heap      ] GC(83) ParNew: 17909K->1961K(19648K)
[31.396s][info ][gc,heap      ] GC(83) CMS: 6577K->6577K(43712K)
[31.396s][info ][gc,metaspace ] GC(83) Metaspace: 15845K->15845K(1064960K)
[31.396s][info ][gc           ] GC(83) Pause Young (Allocation Failure) 23M->8M(61M) 1.419ms
[31.396s][info ][gc,cpu       ] GC(83) User=0.00s Sys=0.00s Real=0.00s
[31.397s][info ][gc,start     ] GC(84) Pause Young (Allocation Failure)
[31.398s][info ][gc,task      ] GC(84) Using 8 workers of 8 for evacuation
[31.399s][debug][gc,age       ] GC(84) Desired survivor size 1114112 bytes, new threshold 1 (max threshold 6)
[31.399s][trace][gc,age       ] GC(84) Age table with threshold 1 (max threshold 6)
[31.399s][trace][gc,age       ] GC(84) - age   1:    2001872 bytes,    2001872 total
[31.399s][info ][gc,heap      ] GC(84) ParNew: 19201K->1959K(19648K)
[31.399s][info ][gc,heap      ] GC(84) CMS: 6577K->6968K(43712K)
[31.399s][info ][gc,metaspace ] GC(84) Metaspace: 15845K->15845K(1064960K)
[31.399s][info ][gc           ] GC(84) Pause Young (Allocation Failure) 25M->8M(61M) 1.269ms
[31.399s][info ][gc,cpu       ] GC(84) User=0.01s Sys=0.00s Real=0.01s
[31.400s][info ][gc,start     ] GC(85) Pause Young (Allocation Failure)
[31.400s][info ][gc,task      ] GC(85) Using 8 workers of 8 for evacuation
[31.402s][debug][gc,age       ] GC(85) Desired survivor size 1114112 bytes, new threshold 1 (max threshold 6)
[31.402s][trace][gc,age       ] GC(85) Age table with threshold 1 (max threshold 6)
[31.402s][trace][gc,age       ] GC(85) - age   1:    2001928 bytes,    2001928 total
[31.402s][info ][gc,heap      ] GC(85) ParNew: 19168K->1963K(19648K)
[31.402s][info ][gc,heap      ] GC(85) CMS: 6968K->7359K(43712K)
[31.402s][info ][gc,metaspace ] GC(85) Metaspace: 15845K->15845K(1064960K)
[31.402s][info ][gc           ] GC(85) Pause Young (Allocation Failure) 25M->9M(61M) 1.491ms
[31.402s][info ][gc,cpu       ] GC(85) User=0.01s Sys=0.00s Real=0.00s
[31.403s][info ][gc,start     ] GC(86) Pause Young (Allocation Failure)
[31.403s][info ][gc,task      ] GC(86) Using 8 workers of 8 for evacuation
[31.405s][debug][gc,age       ] GC(86) Desired survivor size 1114112 bytes, new threshold 1 (max threshold 6)
[31.405s][trace][gc,age       ] GC(86) Age table with threshold 1 (max threshold 6)
[31.405s][trace][gc,age       ] GC(86) - age   1:    2002280 bytes,    2002280 total
[31.405s][info ][gc,heap      ] GC(86) ParNew: 19199K->1963K(19648K)
[31.405s][info ][gc,heap      ] GC(86) CMS: 7359K->8140K(43712K)
[31.405s][info ][gc,metaspace ] GC(86) Metaspace: 15845K->15845K(1064960K)
[31.405s][info ][gc           ] GC(86) Pause Young (Allocation Failure) 25M->9M(61M) 1.652ms
[31.405s][info ][gc,cpu       ] GC(86) User=0.00s Sys=0.00s Real=0.00s
[31.406s][info ][gc,start     ] GC(87) Pause Young (Allocation Failure)
[31.406s][info ][gc,task      ] GC(87) Using 8 workers of 8 for evacuation
[31.408s][debug][gc,age       ] GC(87) Desired survivor size 1114112 bytes, new threshold 1 (max threshold 6)
[31.408s][trace][gc,age       ] GC(87) Age table with threshold 1 (max threshold 6)
[31.408s][trace][gc,age       ] GC(87) - age   1:    1601248 bytes,    1601248 total
[31.408s][info ][gc,heap      ] GC(87) ParNew: 19435K->1568K(19648K)
[31.408s][info ][gc,heap      ] GC(87) CMS: 8140K->8923K(43712K)
[31.408s][info ][gc,metaspace ] GC(87) Metaspace: 15845K->15845K(1064960K)
[31.408s][info ][gc           ] GC(87) Pause Young (Allocation Failure) 26M->10M(61M) 1.704ms
[31.408s][info ][gc,cpu       ] GC(87) User=0.00s Sys=0.00s Real=0.01s
[31.410s][info ][gc,start     ] GC(88) Pause Young (Allocation Failure)
[31.410s][info ][gc,task      ] GC(88) Using 8 workers of 8 for evacuation
[31.411s][debug][gc,age       ] GC(88) Desired survivor size 1114112 bytes, new threshold 1 (max threshold 6)
[31.411s][trace][gc,age       ] GC(88) Age table with threshold 1 (max threshold 6)
[31.411s][trace][gc,age       ] GC(88) - age   1:    1601384 bytes,    1601384 total
[31.411s][info ][gc,heap      ] GC(88) ParNew: 19026K->1572K(19648K)
[31.411s][info ][gc,heap      ] GC(88) CMS: 8923K->9704K(43712K)
[31.411s][info ][gc,metaspace ] GC(88) Metaspace: 15845K->15845K(1064960K)
[31.411s][info ][gc           ] GC(88) Pause Young (Allocation Failure) 27M->11M(61M) 1.349ms
[31.411s][info ][gc,cpu       ] GC(88) User=0.01s Sys=0.00s Real=0.00s
[31.413s][info ][gc,start     ] GC(89) Pause Young (Allocation Failure)
[31.413s][info ][gc,task      ] GC(89) Using 8 workers of 8 for evacuation
[31.416s][debug][gc,age       ] GC(89) Desired survivor size 1114112 bytes, new threshold 1 (max threshold 6)
[31.416s][trace][gc,age       ] GC(89) Age table with threshold 1 (max threshold 6)
[31.416s][trace][gc,age       ] GC(89) - age   1:    2002120 bytes,    2002120 total
[31.416s][info ][gc,heap      ] GC(89) ParNew: 18745K->1963K(19648K)
[31.416s][info ][gc,heap      ] GC(89) CMS: 9704K->10486K(43712K)
[31.416s][info ][gc,metaspace ] GC(89) Metaspace: 15845K->15845K(1064960K)
[31.416s][info ][gc           ] GC(89) Pause Young (Allocation Failure) 27M->12M(61M) 3.241ms
[31.416s][info ][gc,cpu       ] GC(89) User=0.00s Sys=0.00s Real=0.00s
[31.418s][info ][gc,start     ] GC(90) Pause Young (Allocation Failure)
[31.418s][info ][gc,task      ] GC(90) Using 8 workers of 8 for evacuation
[31.419s][debug][gc,age       ] GC(90) Desired survivor size 1114112 bytes, new threshold 1 (max threshold 6)
[31.419s][trace][gc,age       ] GC(90) Age table with threshold 1 (max threshold 6)
[31.419s][trace][gc,age       ] GC(90) - age   1:    2002000 bytes,    2002000 total
[31.419s][info ][gc,heap      ] GC(90) ParNew: 19137K->1963K(19648K)
[31.420s][info ][gc,heap      ] GC(90) CMS: 10486K->11659K(43712K)
[31.420s][info ][gc,metaspace ] GC(90) Metaspace: 15845K->15845K(1064960K)
[31.420s][info ][gc           ] GC(90) Pause Young (Allocation Failure) 28M->13M(61M) 1.891ms
[31.420s][info ][gc,cpu       ] GC(90) User=0.00s Sys=0.00s Real=0.00s
[31.421s][info ][gc,start     ] GC(91) Pause Young (Allocation Failure)
[31.421s][info ][gc,task      ] GC(91) Using 8 workers of 8 for evacuation
[31.423s][debug][gc,age       ] GC(91) Desired survivor size 1114112 bytes, new threshold 1 (max threshold 6)
[31.423s][trace][gc,age       ] GC(91) Age table with threshold 1 (max threshold 6)
[31.423s][trace][gc,age       ] GC(91) - age   1:    2002120 bytes,    2002120 total
[31.423s][info ][gc,heap      ] GC(91) ParNew: 19123K->1963K(19648K)
[31.423s][info ][gc,heap      ] GC(91) CMS: 11659K->12440K(43712K)
[31.423s][info ][gc,metaspace ] GC(91) Metaspace: 15845K->15845K(1064960K)
[31.423s][info ][gc           ] GC(91) Pause Young (Allocation Failure) 30M->14M(61M) 1.666ms
[31.423s][info ][gc,cpu       ] GC(91) User=0.01s Sys=0.00s Real=0.00s
[31.424s][info ][gc,start     ] GC(92) Pause Young (Allocation Failure)
[31.424s][info ][gc,task      ] GC(92) Using 8 workers of 8 for evacuation
[31.426s][debug][gc,age       ] GC(92) Desired survivor size 1114112 bytes, new threshold 1 (max threshold 6)
[31.426s][trace][gc,age       ] GC(92) Age table with threshold 1 (max threshold 6)
[31.426s][trace][gc,age       ] GC(92) - age   1:    2001688 bytes,    2001688 total
[31.426s][info ][gc,heap      ] GC(92) ParNew: 19067K->1965K(19648K)
[31.426s][info ][gc,heap      ] GC(92) CMS: 12440K->14004K(43712K)
[31.426s][info ][gc,metaspace ] GC(92) Metaspace: 15845K->15845K(1064960K)
[31.426s][info ][gc           ] GC(92) Pause Young (Allocation Failure) 30M->15M(61M) 1.544ms
[31.426s][info ][gc,cpu       ] GC(92) User=0.00s Sys=0.00s Real=0.00s
[31.427s][info ][gc,start     ] GC(93) Pause Young (Allocation Failure)
[31.428s][info ][gc,task      ] GC(93) Using 8 workers of 8 for evacuation
[31.428s][debug][gc,age       ] GC(93) Desired survivor size 1114112 bytes, new threshold 1 (max threshold 6)
[31.428s][trace][gc,age       ] GC(93) Age table with threshold 1 (max threshold 6)
[31.428s][trace][gc,age       ] GC(93) - age   1:    2001904 bytes,    2001904 total
[31.428s][info ][gc,heap      ] GC(93) ParNew: 19186K->1965K(19648K)
[31.428s][info ][gc,heap      ] GC(93) CMS: 14004K->14394K(43712K)
[31.428s][info ][gc,metaspace ] GC(93) Metaspace: 15845K->15845K(1064960K)
[31.429s][info ][gc           ] GC(93) Pause Young (Allocation Failure) 32M->15M(61M) 1.029ms
[31.429s][info ][gc,cpu       ] GC(93) User=0.00s Sys=0.00s Real=0.01s
[31.430s][info ][gc,start     ] GC(94) Pause Young (Allocation Failure)
[31.430s][info ][gc,task      ] GC(94) Using 8 workers of 8 for evacuation
[31.432s][debug][gc,age       ] GC(94) Desired survivor size 1114112 bytes, new threshold 1 (max threshold 6)
[31.432s][trace][gc,age       ] GC(94) Age table with threshold 1 (max threshold 6)
[31.432s][trace][gc,age       ] GC(94) - age   1:    2001696 bytes,    2001696 total
[31.432s][info ][gc,heap      ] GC(94) ParNew: 19079K->1963K(19648K)
[31.432s][info ][gc,heap      ] GC(94) CMS: 14394K->15567K(43712K)
[31.432s][info ][gc,metaspace ] GC(94) Metaspace: 15845K->15845K(1064960K)
[31.432s][info ][gc           ] GC(94) Pause Young (Allocation Failure) 32M->17M(61M) 1.830ms
[31.432s][info ][gc,cpu       ] GC(94) User=0.01s Sys=0.01s Real=0.00s
[31.434s][info ][gc,start     ] GC(95) Pause Young (Allocation Failure)
[31.434s][info ][gc,task      ] GC(95) Using 8 workers of 8 for evacuation
[31.435s][debug][gc,age       ] GC(95) Desired survivor size 1114112 bytes, new threshold 1 (max threshold 6)
[31.435s][trace][gc,age       ] GC(95) Age table with threshold 1 (max threshold 6)
[31.435s][trace][gc,age       ] GC(95) - age   1:    1202120 bytes,    1202120 total
[31.435s][info ][gc,heap      ] GC(95) ParNew: 19281K->1181K(19648K)
[31.435s][info ][gc,heap      ] GC(95) CMS: 15567K->15958K(43712K)
[31.435s][info ][gc,metaspace ] GC(95) Metaspace: 15845K->15845K(1064960K)
[31.435s][info ][gc           ] GC(95) Pause Young (Allocation Failure) 34M->16M(61M) 1.385ms
[31.435s][info ][gc,cpu       ] GC(95) User=0.00s Sys=0.00s Real=0.00s
[31.437s][info ][gc,start     ] GC(96) Pause Young (Allocation Failure)
[31.437s][info ][gc,task      ] GC(96) Using 8 workers of 8 for evacuation
[31.438s][debug][gc,age       ] GC(96) Desired survivor size 1114112 bytes, new threshold 1 (max threshold 6)
[31.438s][trace][gc,age       ] GC(96) Age table with threshold 1 (max threshold 6)
[31.438s][trace][gc,age       ] GC(96) - age   1:    1201656 bytes,    1201656 total
[31.438s][info ][gc,heap      ] GC(96) ParNew: 18265K->1181K(19648K)
[31.438s][info ][gc,heap      ] GC(96) CMS: 15958K->16349K(43712K)
[31.438s][info ][gc,metaspace ] GC(96) Metaspace: 15845K->15845K(1064960K)
[31.438s][info ][gc           ] GC(96) Pause Young (Allocation Failure) 33M->17M(61M) 1.303ms
[31.438s][info ][gc,cpu       ] GC(96) User=0.01s Sys=0.00s Real=0.01s
[31.439s][info ][gc,start     ] GC(97) Pause Young (Allocation Failure)
[31.440s][info ][gc,task      ] GC(97) Using 8 workers of 8 for evacuation
[31.441s][debug][gc,age       ] GC(97) Desired survivor size 1114112 bytes, new threshold 1 (max threshold 6)
[31.441s][trace][gc,age       ] GC(97) Age table with threshold 1 (max threshold 6)
[31.441s][trace][gc,age       ] GC(97) - age   1:    1601736 bytes,    1601736 total
[31.441s][info ][gc,heap      ] GC(97) ParNew: 18292K->1572K(19648K)
[31.441s][info ][gc,heap      ] GC(97) CMS: 16349K->16350K(43712K)
[31.441s][info ][gc,metaspace ] GC(97) Metaspace: 15845K->15845K(1064960K)
[31.441s][info ][gc           ] GC(97) Pause Young (Allocation Failure) 33M->17M(61M) 1.327ms
[31.441s][info ][gc,cpu       ] GC(97) User=0.01s Sys=0.00s Real=0.00s
[31.442s][info ][gc,start     ] GC(98) Pause Young (Allocation Failure)
[31.443s][info ][gc,task      ] GC(98) Using 8 workers of 8 for evacuation
[31.444s][debug][gc,age       ] GC(98) Desired survivor size 1114112 bytes, new threshold 1 (max threshold 6)
[31.444s][trace][gc,age       ] GC(98) Age table with threshold 1 (max threshold 6)
[31.444s][trace][gc,age       ] GC(98) - age   1:    2001672 bytes,    2001672 total
[31.444s][info ][gc,heap      ] GC(98) ParNew: 18778K->1963K(19648K)
[31.444s][info ][gc,heap      ] GC(98) CMS: 16350K->17132K(43712K)
[31.444s][info ][gc,metaspace ] GC(98) Metaspace: 15845K->15845K(1064960K)
[31.444s][info ][gc           ] GC(98) Pause Young (Allocation Failure) 34M->18M(61M) 1.527ms
[31.444s][info ][gc,cpu       ] GC(98) User=0.01s Sys=0.00s Real=0.00s
[31.445s][info ][gc,start     ] GC(99) Pause Young (Allocation Failure)
[31.445s][info ][gc,task      ] GC(99) Using 8 workers of 8 for evacuation
[31.446s][debug][gc,age       ] GC(99) Desired survivor size 1114112 bytes, new threshold 6 (max threshold 6)
[31.446s][trace][gc,age       ] GC(99) Age table with threshold 6 (max threshold 6)
[31.446s][trace][gc,age       ] GC(99) - age   1:     802704 bytes,     802704 total
[31.447s][info ][gc,heap      ] GC(99) ParNew: 19225K->791K(19648K)
[31.447s][info ][gc,heap      ] GC(99) CMS: 17132K->17132K(43712K)
[31.447s][info ][gc,metaspace ] GC(99) Metaspace: 15845K->15845K(1064960K)
[31.447s][info ][gc           ] GC(99) Pause Young (Allocation Failure) 35M->17M(61M) 1.283ms
[31.447s][info ][gc,cpu       ] GC(99) User=0.01s Sys=0.00s Real=0.00s
[31.448s][info ][gc,start     ] GC(100) Pause Young (Allocation Failure)
[31.448s][info ][gc,task      ] GC(100) Using 8 workers of 8 for evacuation
[31.449s][debug][gc,age       ] GC(100) Desired survivor size 1114112 bytes, new threshold 1 (max threshold 6)
[31.449s][trace][gc,age       ] GC(100) Age table with threshold 1 (max threshold 6)
[31.449s][trace][gc,age       ] GC(100) - age   1:    2001960 bytes,    2001960 total
[31.449s][trace][gc,age       ] GC(100) - age   2:        592 bytes,    2002552 total
[31.449s][info ][gc,heap      ] GC(100) ParNew: 17958K->1963K(19648K)
[31.450s][info ][gc,heap      ] GC(100) CMS: 17132K->17132K(43712K)
[31.450s][info ][gc,metaspace ] GC(100) Metaspace: 15845K->15845K(1064960K)
[31.450s][info ][gc           ] GC(100) Pause Young (Allocation Failure) 34M->18M(61M) 1.563ms
[31.450s][info ][gc,cpu       ] GC(100) User=0.01s Sys=0.00s Real=0.00s
[31.451s][info ][gc,start     ] GC(101) Pause Young (Allocation Failure)
[31.451s][info ][gc,task      ] GC(101) Using 8 workers of 8 for evacuation
[31.452s][debug][gc,age       ] GC(101) Desired survivor size 1114112 bytes, new threshold 1 (max threshold 6)
[31.452s][trace][gc,age       ] GC(101) Age table with threshold 1 (max threshold 6)
[31.452s][trace][gc,age       ] GC(101) - age   1:    2001624 bytes,    2001624 total
[31.452s][info ][gc,heap      ] GC(101) ParNew: 19433K->1965K(19648K)
[31.452s][info ][gc,heap      ] GC(101) CMS: 17132K->18305K(43712K)
[31.452s][info ][gc,metaspace ] GC(101) Metaspace: 15845K->15845K(1064960K)
[31.452s][info ][gc           ] GC(101) Pause Young (Allocation Failure) 35M->19M(61M) 1.371ms
[31.452s][info ][gc,cpu       ] GC(101) User=0.00s Sys=0.00s Real=0.00s
[31.454s][info ][gc,start     ] GC(102) Pause Young (Allocation Failure)
[31.454s][info ][gc,task      ] GC(102) Using 8 workers of 8 for evacuation
[31.455s][debug][gc,age       ] GC(102) Desired survivor size 1114112 bytes, new threshold 6 (max threshold 6)
[31.455s][trace][gc,age       ] GC(102) Age table with threshold 6 (max threshold 6)
[31.455s][trace][gc,age       ] GC(102) - age   1:     402008 bytes,     402008 total
[31.455s][info ][gc,heap      ] GC(102) ParNew: 19437K->398K(19648K)
[31.455s][info ][gc,heap      ] GC(102) CMS: 18305K->18696K(43712K)
[31.455s][info ][gc,metaspace ] GC(102) Metaspace: 15845K->15845K(1064960K)
[31.455s][info ][gc           ] GC(102) Pause Young (Allocation Failure) 36M->18M(61M) 1.258ms
[31.455s][info ][gc,cpu       ] GC(102) User=0.00s Sys=0.00s Real=0.00s
[31.457s][info ][gc,start     ] GC(103) Pause Young (Allocation Failure)
[31.457s][info ][gc,task      ] GC(103) Using 8 workers of 8 for evacuation
[31.459s][debug][gc,age       ] GC(103) Desired survivor size 1114112 bytes, new threshold 1 (max threshold 6)
[31.459s][trace][gc,age       ] GC(103) Age table with threshold 1 (max threshold 6)
[31.459s][trace][gc,age       ] GC(103) - age   1:    2002024 bytes,    2002024 total
[31.459s][trace][gc,age       ] GC(103) - age   2:       1184 bytes,    2003208 total
[31.459s][info ][gc,heap      ] GC(103) ParNew: 17802K->1963K(19648K)
[31.459s][info ][gc,heap      ] GC(103) CMS: 18696K->18696K(43712K)
[31.459s][info ][gc,metaspace ] GC(103) Metaspace: 15845K->15845K(1064960K)
[31.459s][info ][gc           ] GC(103) Pause Young (Allocation Failure) 35M->20M(61M) 2.231ms
[31.459s][info ][gc,cpu       ] GC(103) User=0.00s Sys=0.00s Real=0.01s
[31.460s][info ][gc,start     ] GC(104) Pause Young (Allocation Failure)
[31.461s][info ][gc,task      ] GC(104) Using 8 workers of 8 for evacuation
[31.462s][debug][gc,age       ] GC(104) Desired survivor size 1114112 bytes, new threshold 1 (max threshold 6)
[31.462s][trace][gc,age       ] GC(104) Age table with threshold 1 (max threshold 6)
[31.462s][trace][gc,age       ] GC(104) - age   1:    1601792 bytes,    1601792 total
[31.462s][info ][gc,heap      ] GC(104) ParNew: 19139K->1570K(19648K)
[31.462s][info ][gc,heap      ] GC(104) CMS: 18696K->19087K(43712K)
[31.462s][info ][gc,metaspace ] GC(104) Metaspace: 15845K->15845K(1064960K)
[31.462s][info ][gc           ] GC(104) Pause Young (Allocation Failure) 36M->20M(61M) 1.333ms
[31.462s][info ][gc,cpu       ] GC(104) User=0.01s Sys=0.00s Real=0.00s
[31.463s][info ][gc,start     ] GC(105) Pause Young (Allocation Failure)
[31.464s][info ][gc,task      ] GC(105) Using 8 workers of 8 for evacuation
[31.465s][debug][gc,age       ] GC(105) Desired survivor size 1114112 bytes, new threshold 1 (max threshold 6)
[31.465s][trace][gc,age       ] GC(105) Age table with threshold 1 (max threshold 6)
[31.465s][trace][gc,age       ] GC(105) - age   1:    2001616 bytes,    2001616 total
[31.465s][info ][gc,heap      ] GC(105) ParNew: 18701K->1963K(19648K)
[31.465s][info ][gc,heap      ] GC(105) CMS: 19087K->19087K(43712K)
[31.465s][info ][gc,metaspace ] GC(105) Metaspace: 15845K->15845K(1064960K)
[31.465s][info ][gc           ] GC(105) Pause Young (Allocation Failure) 36M->20M(61M) 1.365ms
[31.465s][info ][gc,cpu       ] GC(105) User=0.00s Sys=0.00s Real=0.00s
[31.466s][info ][gc,start     ] GC(106) Pause Young (Allocation Failure)
[31.466s][info ][gc,task      ] GC(106) Using 8 workers of 8 for evacuation
[31.468s][debug][gc,age       ] GC(106) Desired survivor size 1114112 bytes, new threshold 1 (max threshold 6)
[31.468s][trace][gc,age       ] GC(106) Age table with threshold 1 (max threshold 6)
[31.468s][trace][gc,age       ] GC(106) - age   1:    1602040 bytes,    1602040 total
[31.468s][info ][gc,heap      ] GC(106) ParNew: 19145K->1572K(19648K)
[31.468s][info ][gc,heap      ] GC(106) CMS: 19087K->19478K(43712K)
[31.468s][info ][gc,metaspace ] GC(106) Metaspace: 15845K->15845K(1064960K)
[31.468s][info ][gc           ] GC(106) Pause Young (Allocation Failure) 37M->20M(61M) 1.523ms
[31.468s][info ][gc,cpu       ] GC(106) User=0.01s Sys=0.00s Real=0.01s
[31.469s][info ][gc,start     ] GC(107) Pause Young (Allocation Failure)
[31.469s][info ][gc,task      ] GC(107) Using 8 workers of 8 for evacuation
[31.470s][debug][gc,age       ] GC(107) Desired survivor size 1114112 bytes, new threshold 1 (max threshold 6)
[31.470s][trace][gc,age       ] GC(107) Age table with threshold 1 (max threshold 6)
[31.470s][trace][gc,age       ] GC(107) - age   1:    1602264 bytes,    1602264 total
[31.470s][info ][gc,heap      ] GC(107) ParNew: 18801K->1574K(19648K)
[31.470s][info ][gc,heap      ] GC(107) CMS: 19478K->19478K(43712K)
[31.470s][info ][gc,metaspace ] GC(107) Metaspace: 15845K->15845K(1064960K)
[31.470s][info ][gc           ] GC(107) Pause Young (Allocation Failure) 37M->20M(61M) 1.051ms
[31.470s][info ][gc,cpu       ] GC(107) User=0.01s Sys=0.00s Real=0.00s
[31.472s][info ][gc,start     ] GC(108) Pause Young (Allocation Failure)
[31.472s][info ][gc,task      ] GC(108) Using 8 workers of 8 for evacuation
[31.473s][debug][gc,age       ] GC(108) Desired survivor size 1114112 bytes, new threshold 1 (max threshold 6)
[31.473s][trace][gc,age       ] GC(108) Age table with threshold 1 (max threshold 6)
[31.473s][trace][gc,age       ] GC(108) - age   1:    2001880 bytes,    2001880 total
[31.473s][info ][gc,heap      ] GC(108) ParNew: 18711K->1965K(19648K)
[31.473s][info ][gc,heap      ] GC(108) CMS: 19478K->20651K(43712K)
[31.473s][info ][gc,metaspace ] GC(108) Metaspace: 15845K->15845K(1064960K)
[31.473s][info ][gc           ] GC(108) Pause Young (Allocation Failure) 37M->22M(61M) 1.799ms
[31.474s][info ][gc,cpu       ] GC(108) User=0.00s Sys=0.00s Real=0.00s
[31.475s][info ][gc,start     ] GC(109) Pause Young (Allocation Failure)
[31.475s][info ][gc,task      ] GC(109) Using 8 workers of 8 for evacuation
[31.477s][debug][gc,age       ] GC(109) Desired survivor size 1114112 bytes, new threshold 1 (max threshold 6)
[31.477s][trace][gc,age       ] GC(109) Age table with threshold 1 (max threshold 6)
[31.477s][trace][gc,age       ] GC(109) - age   1:    2001424 bytes,    2001424 total
[31.477s][info ][gc,heap      ] GC(109) ParNew: 19074K->1961K(19648K)
[31.477s][info ][gc,heap      ] GC(109) CMS: 20651K->21433K(43712K)
[31.477s][info ][gc,metaspace ] GC(109) Metaspace: 15845K->15845K(1064960K)
[31.477s][info ][gc           ] GC(109) Pause Young (Allocation Failure) 38M->22M(61M) 1.609ms
[31.477s][info ][gc,cpu       ] GC(109) User=0.01s Sys=0.00s Real=0.00s
[31.478s][info ][gc,start     ] GC(110) Pause Young (Allocation Failure)
[31.478s][info ][gc,task      ] GC(110) Using 8 workers of 8 for evacuation
[31.480s][debug][gc,age       ] GC(110) Desired survivor size 1114112 bytes, new threshold 1 (max threshold 6)
[31.480s][trace][gc,age       ] GC(110) Age table with threshold 1 (max threshold 6)
[31.480s][trace][gc,age       ] GC(110) - age   1:    1601704 bytes,    1601704 total
[31.480s][info ][gc,heap      ] GC(110) ParNew: 19124K->1570K(19648K)
[31.480s][info ][gc,heap      ] GC(110) CMS: 21433K->21824K(43712K)
[31.480s][info ][gc,metaspace ] GC(110) Metaspace: 15845K->15845K(1064960K)
[31.480s][info ][gc           ] GC(110) Pause Young (Allocation Failure) 39M->22M(61M) 1.557ms
[31.480s][info ][gc,cpu       ] GC(110) User=0.01s Sys=0.00s Real=0.00s
[31.481s][info ][gc,start     ] GC(111) Pause Young (Allocation Failure)
[31.482s][info ][gc,task      ] GC(111) Using 8 workers of 8 for evacuation
[31.483s][debug][gc,age       ] GC(111) Desired survivor size 1114112 bytes, new threshold 1 (max threshold 6)
[31.483s][trace][gc,age       ] GC(111) Age table with threshold 1 (max threshold 6)
[31.483s][trace][gc,age       ] GC(111) - age   1:    2002200 bytes,    2002200 total
[31.483s][info ][gc,heap      ] GC(111) ParNew: 18774K->1961K(19648K)
[31.483s][info ][gc,heap      ] GC(111) CMS: 21824K->22214K(43712K)
[31.483s][info ][gc,metaspace ] GC(111) Metaspace: 15845K->15845K(1064960K)
[31.483s][info ][gc           ] GC(111) Pause Young (Allocation Failure) 39M->23M(61M) 1.525ms
[31.483s][info ][gc,cpu       ] GC(111) User=0.00s Sys=0.00s Real=0.00s
[31.484s][info ][gc,start     ] GC(112) Pause Young (Allocation Failure)
[31.484s][info ][gc,task      ] GC(112) Using 8 workers of 8 for evacuation
[31.486s][debug][gc,age       ] GC(112) Desired survivor size 1114112 bytes, new threshold 1 (max threshold 6)
[31.486s][trace][gc,age       ] GC(112) Age table with threshold 1 (max threshold 6)
[31.486s][trace][gc,age       ] GC(112) - age   1:    2002192 bytes,    2002192 total
[31.486s][info ][gc,heap      ] GC(112) ParNew: 19139K->1963K(19648K)
[31.486s][info ][gc,heap      ] GC(112) CMS: 22214K->22215K(43712K)
[31.486s][info ][gc,metaspace ] GC(112) Metaspace: 15845K->15845K(1064960K)
[31.486s][info ][gc           ] GC(112) Pause Young (Allocation Failure) 40M->23M(61M) 1.433ms
[31.486s][info ][gc,cpu       ] GC(112) User=0.01s Sys=0.00s Real=0.00s
[31.487s][info ][gc,start     ] GC(113) Pause Young (Allocation Failure)
[31.487s][info ][gc,task      ] GC(113) Using 8 workers of 8 for evacuation
[31.489s][debug][gc,age       ] GC(113) Desired survivor size 1114112 bytes, new threshold 6 (max threshold 6)
[31.489s][trace][gc,age       ] GC(113) Age table with threshold 6 (max threshold 6)
[31.489s][trace][gc,age       ] GC(113) - age   1:     801584 bytes,     801584 total
[31.489s][info ][gc,heap      ] GC(113) ParNew: 19426K->787K(19648K)
[31.489s][info ][gc,heap      ] GC(113) CMS: 22215K->22606K(43712K)
[31.489s][info ][gc,metaspace ] GC(113) Metaspace: 15845K->15845K(1064960K)
[31.489s][info ][gc           ] GC(113) Pause Young (Allocation Failure) 40M->22M(61M) 1.580ms
[31.489s][info ][gc,cpu       ] GC(113) User=0.01s Sys=0.00s Real=0.01s
[31.490s][info ][gc,start     ] GC(114) Pause Young (Allocation Failure)
[31.490s][info ][gc,task      ] GC(114) Using 8 workers of 8 for evacuation
[31.491s][debug][gc,age       ] GC(114) Desired survivor size 1114112 bytes, new threshold 1 (max threshold 6)
[31.491s][trace][gc,age       ] GC(114) Age table with threshold 1 (max threshold 6)
[31.491s][trace][gc,age       ] GC(114) - age   1:    1601744 bytes,    1601744 total
[31.491s][trace][gc,age       ] GC(114) - age   2:     400512 bytes,    2002256 total
[31.492s][info ][gc,heap      ] GC(114) ParNew: 18258K->1959K(19648K)
[31.492s][info ][gc,heap      ] GC(114) CMS: 22606K->22606K(43712K)
[31.492s][info ][gc,metaspace ] GC(114) Metaspace: 15845K->15845K(1064960K)
[31.492s][info ][gc           ] GC(114) Pause Young (Allocation Failure) 39M->23M(61M) 1.584ms
[31.492s][info ][gc,cpu       ] GC(114) User=0.00s Sys=0.00s Real=0.00s
[31.494s][info ][gc,start     ] GC(115) Pause Young (Allocation Failure)
[31.494s][info ][gc,task      ] GC(115) Using 8 workers of 8 for evacuation
[31.496s][debug][gc,age       ] GC(115) Desired survivor size 1114112 bytes, new threshold 1 (max threshold 6)
[31.496s][trace][gc,age       ] GC(115) Age table with threshold 1 (max threshold 6)
[31.496s][trace][gc,age       ] GC(115) - age   1:    1601592 bytes,    1601592 total
[31.496s][info ][gc,heap      ] GC(115) ParNew: 19069K->1568K(19648K)
[31.496s][info ][gc,heap      ] GC(115) CMS: 22606K->23388K(43712K)
[31.496s][info ][gc,metaspace ] GC(115) Metaspace: 15845K->15845K(1064960K)
[31.496s][info ][gc           ] GC(115) Pause Young (Allocation Failure) 40M->24M(61M) 2.186ms
[31.496s][info ][gc,cpu       ] GC(115) User=0.01s Sys=0.00s Real=0.00s
[31.497s][info ][gc,start     ] GC(116) Pause Young (Allocation Failure)
[31.498s][info ][gc,task      ] GC(116) Using 8 workers of 8 for evacuation
[31.499s][debug][gc,age       ] GC(116) Desired survivor size 1114112 bytes, new threshold 1 (max threshold 6)
[31.499s][trace][gc,age       ] GC(116) Age table with threshold 1 (max threshold 6)
[31.499s][trace][gc,age       ] GC(116) - age   1:    1601176 bytes,    1601176 total
[31.499s][info ][gc,heap      ] GC(116) ParNew: 18969K->1572K(19648K)
[31.499s][info ][gc,heap      ] GC(116) CMS: 23388K->23779K(43712K)
[31.499s][info ][gc,metaspace ] GC(116) Metaspace: 15845K->15845K(1064960K)
[31.499s][info ][gc           ] GC(116) Pause Young (Allocation Failure) 41M->24M(61M) 1.519ms
[31.499s][info ][gc,cpu       ] GC(116) User=0.01s Sys=0.00s Real=0.01s
[31.501s][info ][gc,start     ] GC(117) Pause Young (Allocation Failure)
[31.501s][info ][gc,task      ] GC(117) Using 8 workers of 8 for evacuation
[31.502s][debug][gc,age       ] GC(117) Desired survivor size 1114112 bytes, new threshold 1 (max threshold 6)
[31.502s][trace][gc,age       ] GC(117) Age table with threshold 1 (max threshold 6)
[31.502s][trace][gc,age       ] GC(117) - age   1:    1201656 bytes,    1201656 total
[31.502s][info ][gc,heap      ] GC(117) ParNew: 18735K->1177K(19648K)
[31.502s][info ][gc,heap      ] GC(117) CMS: 23779K->23779K(43712K)
[31.502s][info ][gc,metaspace ] GC(117) Metaspace: 15845K->15845K(1064960K)
[31.502s][info ][gc           ] GC(117) Pause Young (Allocation Failure) 41M->24M(61M) 1.649ms
[31.502s][info ][gc,cpu       ] GC(117) User=0.00s Sys=0.00s Real=0.00s
[31.504s][info ][gc,start     ] GC(118) Pause Young (Allocation Failure)
[31.504s][info ][gc,task      ] GC(118) Using 8 workers of 8 for evacuation
[31.506s][debug][gc,age       ] GC(118) Desired survivor size 1114112 bytes, new threshold 1 (max threshold 6)
[31.506s][trace][gc,age       ] GC(118) Age table with threshold 1 (max threshold 6)
[31.506s][trace][gc,age       ] GC(118) - age   1:    1601720 bytes,    1601720 total
[31.506s][info ][gc,heap      ] GC(118) ParNew: 18323K->1570K(19648K)
[31.506s][info ][gc,heap      ] GC(118) CMS: 23779K->23780K(43712K)
[31.506s][info ][gc,metaspace ] GC(118) Metaspace: 15845K->15845K(1064960K)
[31.506s][info ][gc           ] GC(118) Pause Young (Allocation Failure) 41M->24M(61M) 1.729ms
[31.506s][info ][gc,cpu       ] GC(118) User=0.01s Sys=0.00s Real=0.00s
[31.507s][info ][gc,start     ] GC(119) Pause Young (Allocation Failure)
[31.507s][info ][gc,task      ] GC(119) Using 8 workers of 8 for evacuation
[31.509s][debug][gc,age       ] GC(119) Desired survivor size 1114112 bytes, new threshold 6 (max threshold 6)
[31.509s][trace][gc,age       ] GC(119) Age table with threshold 6 (max threshold 6)
[31.509s][trace][gc,age       ] GC(119) - age   1:     801768 bytes,     801768 total
[31.509s][info ][gc,heap      ] GC(119) ParNew: 18696K->787K(19648K)
[31.509s][info ][gc,heap      ] GC(119) CMS: 23780K->23781K(43712K)
[31.509s][info ][gc,metaspace ] GC(119) Metaspace: 15845K->15845K(1064960K)
[31.509s][info ][gc           ] GC(119) Pause Young (Allocation Failure) 41M->23M(61M) 1.670ms
[31.509s][info ][gc,cpu       ] GC(119) User=0.00s Sys=0.00s Real=0.01s
[31.510s][info ][gc,start     ] GC(120) Pause Young (Allocation Failure)
[31.510s][info ][gc,task      ] GC(120) Using 8 workers of 8 for evacuation
[31.512s][debug][gc,age       ] GC(120) Desired survivor size 1114112 bytes, new threshold 1 (max threshold 6)
[31.512s][trace][gc,age       ] GC(120) Age table with threshold 1 (max threshold 6)
[31.512s][trace][gc,age       ] GC(120) - age   1:    1201784 bytes,    1201784 total
[31.512s][trace][gc,age       ] GC(120) - age   2:        688 bytes,    1202472 total
[31.512s][info ][gc,heap      ] GC(120) ParNew: 17947K->1177K(19648K)
[31.512s][info ][gc,heap      ] GC(120) CMS: 23781K->23781K(43712K)
[31.512s][info ][gc,metaspace ] GC(120) Metaspace: 15845K->15845K(1064960K)
[31.512s][info ][gc           ] GC(120) Pause Young (Allocation Failure) 40M->24M(61M) 1.585ms
[31.512s][info ][gc,cpu       ] GC(120) User=0.01s Sys=0.00s Real=0.00s
[31.513s][info ][gc,start     ] GC(121) Pause Young (Allocation Failure)
[31.513s][info ][gc,task      ] GC(121) Using 8 workers of 8 for evacuation
[31.515s][debug][gc,age       ] GC(121) Desired survivor size 1114112 bytes, new threshold 1 (max threshold 6)
[31.515s][trace][gc,age       ] GC(121) Age table with threshold 1 (max threshold 6)
[31.515s][trace][gc,age       ] GC(121) - age   1:    1601608 bytes,    1601608 total
[31.515s][info ][gc,heap      ] GC(121) ParNew: 18323K->1570K(19648K)
[31.515s][info ][gc,heap      ] GC(121) CMS: 23781K->23782K(43712K)
[31.515s][info ][gc,metaspace ] GC(121) Metaspace: 15845K->15845K(1064960K)
[31.515s][info ][gc           ] GC(121) Pause Young (Allocation Failure) 41M->24M(61M) 1.439ms
[31.515s][info ][gc,cpu       ] GC(121) User=0.01s Sys=0.01s Real=0.00s
[31.516s][info ][gc,start     ] GC(122) Pause Young (Allocation Failure)
[31.516s][info ][gc,task      ] GC(122) Using 8 workers of 8 for evacuation
[31.518s][debug][gc,age       ] GC(122) Desired survivor size 1114112 bytes, new threshold 1 (max threshold 6)
[31.518s][trace][gc,age       ] GC(122) Age table with threshold 1 (max threshold 6)
[31.518s][trace][gc,age       ] GC(122) - age   1:    2002248 bytes,    2002248 total
[31.518s][info ][gc,heap      ] GC(122) ParNew: 18828K->1963K(19648K)
[31.518s][info ][gc,heap      ] GC(122) CMS: 23782K->24173K(43712K)
[31.518s][info ][gc,metaspace ] GC(122) Metaspace: 15845K->15845K(1064960K)
[31.518s][info ][gc           ] GC(122) Pause Young (Allocation Failure) 41M->25M(61M) 1.629ms
[31.518s][info ][gc,cpu       ] GC(122) User=0.01s Sys=0.00s Real=0.01s
[31.520s][info ][gc,start     ] GC(123) Pause Young (Allocation Failure)
[31.520s][info ][gc,task      ] GC(123) Using 8 workers of 8 for evacuation
[31.521s][debug][gc,age       ] GC(123) Desired survivor size 1114112 bytes, new threshold 1 (max threshold 6)
[31.521s][trace][gc,age       ] GC(123) Age table with threshold 1 (max threshold 6)
[31.521s][trace][gc,age       ] GC(123) - age   1:    2001432 bytes,    2001432 total
[31.521s][info ][gc,heap      ] GC(123) ParNew: 19435K->1963K(19648K)
[31.521s][info ][gc,heap      ] GC(123) CMS: 24173K->24565K(43712K)
[31.521s][info ][gc,metaspace ] GC(123) Metaspace: 15845K->15845K(1064960K)
[31.521s][info ][gc           ] GC(123) Pause Young (Allocation Failure) 42M->25M(61M) 1.562ms
[31.521s][info ][gc,cpu       ] GC(123) User=0.01s Sys=0.00s Real=0.00s
[31.523s][info ][gc,start     ] GC(124) Pause Young (Allocation Failure)
[31.523s][info ][gc,task      ] GC(124) Using 8 workers of 8 for evacuation
[31.524s][debug][gc,age       ] GC(124) Desired survivor size 1114112 bytes, new threshold 1 (max threshold 6)
[31.524s][trace][gc,age       ] GC(124) Age table with threshold 1 (max threshold 6)
[31.524s][trace][gc,age       ] GC(124) - age   1:    1601984 bytes,    1601984 total
[31.524s][info ][gc,heap      ] GC(124) ParNew: 19158K->1572K(19648K)
[31.524s][info ][gc,heap      ] GC(124) CMS: 24565K->24955K(43712K)
[31.524s][info ][gc,metaspace ] GC(124) Metaspace: 15845K->15845K(1064960K)
[31.524s][info ][gc           ] GC(124) Pause Young (Allocation Failure) 42M->25M(61M) 1.537ms
[31.524s][info ][gc,cpu       ] GC(124) User=0.00s Sys=0.00s Real=0.00s
[31.526s][info ][gc,start     ] GC(125) Pause Young (Allocation Failure)
[31.526s][info ][gc,task      ] GC(125) Using 8 workers of 8 for evacuation
[31.527s][debug][gc,age       ] GC(125) Desired survivor size 1114112 bytes, new threshold 1 (max threshold 6)
[31.527s][trace][gc,age       ] GC(125) Age table with threshold 1 (max threshold 6)
[31.527s][trace][gc,age       ] GC(125) - age   1:    1601920 bytes,    1601920 total
[31.527s][info ][gc,heap      ] GC(125) ParNew: 18779K->1572K(19648K)
[31.527s][info ][gc,heap      ] GC(125) CMS: 24955K->25346K(43712K)
[31.527s][info ][gc,metaspace ] GC(125) Metaspace: 15845K->15845K(1064960K)
[31.527s][info ][gc           ] GC(125) Pause Young (Allocation Failure) 42M->26M(61M) 1.667ms
[31.527s][info ][gc,cpu       ] GC(125) User=0.01s Sys=0.00s Real=0.00s
[31.529s][info ][gc,start     ] GC(126) Pause Young (Allocation Failure)
[31.529s][info ][gc,task      ] GC(126) Using 8 workers of 8 for evacuation
[31.530s][debug][gc,age       ] GC(126) Desired survivor size 1114112 bytes, new threshold 1 (max threshold 6)
[31.530s][trace][gc,age       ] GC(126) Age table with threshold 1 (max threshold 6)
[31.530s][trace][gc,age       ] GC(126) - age   1:    2002176 bytes,    2002176 total
[31.530s][info ][gc,heap      ] GC(126) ParNew: 18737K->1961K(19648K)
[31.530s][info ][gc,heap      ] GC(126) CMS: 25346K->25737K(43712K)
[31.530s][info ][gc,metaspace ] GC(126) Metaspace: 15845K->15845K(1064960K)
[31.530s][info ][gc           ] GC(126) Pause Young (Allocation Failure) 43M->27M(61M) 1.327ms
[31.530s][info ][gc,cpu       ] GC(126) User=0.01s Sys=0.00s Real=0.00s
[31.532s][info ][gc,start     ] GC(127) Pause Young (Allocation Failure)
[31.532s][info ][gc,task      ] GC(127) Using 8 workers of 8 for evacuation
[31.533s][debug][gc,age       ] GC(127) Desired survivor size 1114112 bytes, new threshold 1 (max threshold 6)
[31.533s][trace][gc,age       ] GC(127) Age table with threshold 1 (max threshold 6)
[31.533s][trace][gc,age       ] GC(127) - age   1:    2001856 bytes,    2001856 total
[31.533s][info ][gc,heap      ] GC(127) ParNew: 19137K->1959K(19648K)
[31.533s][info ][gc,heap      ] GC(127) CMS: 25737K->26128K(43712K)
[31.533s][info ][gc,metaspace ] GC(127) Metaspace: 15845K->15845K(1064960K)
[31.533s][info ][gc           ] GC(127) Pause Young (Allocation Failure) 43M->27M(61M) 1.737ms
[31.533s][info ][gc,cpu       ] GC(127) User=0.00s Sys=0.00s Real=0.00s
[31.535s][info ][gc,start     ] GC(128) Pause Young (Allocation Failure)
[31.535s][info ][gc,task      ] GC(128) Using 8 workers of 8 for evacuation
[31.536s][debug][gc,age       ] GC(128) Desired survivor size 1114112 bytes, new threshold 1 (max threshold 6)
[31.536s][trace][gc,age       ] GC(128) Age table with threshold 1 (max threshold 6)
[31.536s][trace][gc,age       ] GC(128) - age   1:    1201352 bytes,    1201352 total
[31.536s][info ][gc,heap      ] GC(128) ParNew: 19431K->1179K(19648K)
[31.536s][info ][gc,heap      ] GC(128) CMS: 26128K->27300K(43712K)
[31.536s][info ][gc,metaspace ] GC(128) Metaspace: 15845K->15845K(1064960K)
[31.537s][info ][gc           ] GC(128) Pause Young (Allocation Failure) 44M->27M(61M) 1.479ms
[31.537s][info ][gc,cpu       ] GC(128) User=0.01s Sys=0.00s Real=0.00s
[31.538s][info ][gc,start     ] GC(129) Pause Young (Allocation Failure)
[31.539s][info ][gc,task      ] GC(129) Using 8 workers of 8 for evacuation
[31.540s][debug][gc,age       ] GC(129) Desired survivor size 1114112 bytes, new threshold 1 (max threshold 6)
[31.540s][trace][gc,age       ] GC(129) Age table with threshold 1 (max threshold 6)
[31.540s][trace][gc,age       ] GC(129) - age   1:    2001704 bytes,    2001704 total
[31.540s][info ][gc,heap      ] GC(129) ParNew: 18577K->1965K(19648K)
[31.540s][info ][gc,heap      ] GC(129) CMS: 27300K->27692K(43712K)
[31.540s][info ][gc,metaspace ] GC(129) Metaspace: 15845K->15845K(1064960K)
[31.540s][info ][gc           ] GC(129) Pause Young (Allocation Failure) 44M->28M(61M) 1.416ms
[31.540s][info ][gc,cpu       ] GC(129) User=0.00s Sys=0.00s Real=0.00s
[31.542s][info ][gc,start     ] GC(130) Pause Young (Allocation Failure)
[31.542s][info ][gc,task      ] GC(130) Using 8 workers of 8 for evacuation
[31.544s][debug][gc,age       ] GC(130) Desired survivor size 1114112 bytes, new threshold 6 (max threshold 6)
[31.544s][trace][gc,age       ] GC(130) Age table with threshold 6 (max threshold 6)
[31.544s][trace][gc,age       ] GC(130) - age   1:     801616 bytes,     801616 total
[31.544s][info ][gc,heap      ] GC(130) ParNew: 19437K->789K(19648K)
[31.544s][info ][gc,heap      ] GC(130) CMS: 27692K->28474K(43712K)
[31.544s][info ][gc,metaspace ] GC(130) Metaspace: 15845K->15845K(1064960K)
[31.544s][info ][gc           ] GC(130) Pause Young (Allocation Failure) 46M->28M(61M) 2.325ms
[31.544s][info ][gc,cpu       ] GC(130) User=0.01s Sys=0.00s Real=0.00s
[31.545s][info ][gc,start     ] GC(131) Pause Young (Allocation Failure)
[31.545s][info ][gc,task      ] GC(131) Using 8 workers of 8 for evacuation
[31.547s][debug][gc,age       ] GC(131) Desired survivor size 1114112 bytes, new threshold 1 (max threshold 6)
[31.547s][trace][gc,age       ] GC(131) Age table with threshold 1 (max threshold 6)
[31.547s][trace][gc,age       ] GC(131) - age   1:    1601840 bytes,    1601840 total
[31.547s][trace][gc,age       ] GC(131) - age   2:     400696 bytes,    2002536 total
[31.547s][info ][gc,heap      ] GC(131) ParNew: 17975K->1957K(19648K)
[31.547s][info ][gc,heap      ] GC(131) CMS: 28474K->28474K(43712K)
[31.547s][info ][gc,metaspace ] GC(131) Metaspace: 15845K->15845K(1064960K)
[31.547s][info ][gc           ] GC(131) Pause Young (Allocation Failure) 45M->29M(61M) 1.881ms
[31.547s][info ][gc,cpu       ] GC(131) User=0.01s Sys=0.00s Real=0.00s
[31.549s][info ][gc,start     ] GC(132) Pause Young (Allocation Failure)
[31.549s][info ][gc,task      ] GC(132) Using 8 workers of 8 for evacuation
[31.551s][debug][gc,age       ] GC(132) Desired survivor size 1114112 bytes, new threshold 1 (max threshold 6)
[31.551s][trace][gc,age       ] GC(132) Age table with threshold 1 (max threshold 6)
[31.551s][trace][gc,age       ] GC(132) - age   1:    1200856 bytes,    1200856 total
[31.551s][info ][gc,heap      ] GC(132) ParNew: 19288K->1179K(19648K)
[31.551s][info ][gc,heap      ] GC(132) CMS: 28474K->30038K(43712K)
[31.551s][info ][gc,metaspace ] GC(132) Metaspace: 15845K->15845K(1064960K)
[31.551s][info ][gc           ] GC(132) Pause Young (Allocation Failure) 46M->30M(61M) 2.315ms
[31.551s][info ][gc,cpu       ] GC(132) User=0.01s Sys=0.00s Real=0.00s
[31.553s][info ][gc,start     ] GC(133) Pause Initial Mark
[31.553s][info ][gc           ] GC(133) Pause Initial Mark 39M->39M(61M) 0.350ms
[31.553s][info ][gc,cpu       ] GC(133) User=0.00s Sys=0.00s Real=0.00s
[31.553s][info ][gc           ] GC(133) Concurrent Mark
[31.553s][info ][gc,task      ] GC(133) Using 2 workers of 2 for marking
[31.554s][info ][gc,start     ] GC(134) Pause Young (Allocation Failure)
[31.554s][info ][gc,task      ] GC(134) Using 8 workers of 8 for evacuation
[31.555s][debug][gc,age       ] GC(134) Desired survivor size 1114112 bytes, new threshold 1 (max threshold 6)
[31.555s][trace][gc,age       ] GC(134) Age table with threshold 1 (max threshold 6)
[31.555s][trace][gc,age       ] GC(134) - age   1:    2002464 bytes,    2002464 total
[31.555s][info ][gc,heap      ] GC(134) ParNew: 18408K->1963K(19648K)
[31.555s][info ][gc,heap      ] GC(134) CMS: 30038K->30429K(43712K)
[31.555s][info ][gc,metaspace ] GC(134) Metaspace: 15845K->15845K(1064960K)
[31.555s][info ][gc           ] GC(134) Pause Young (Allocation Failure) 47M->31M(61M) 1.677ms
[31.555s][info ][gc,cpu       ] GC(134) User=0.01s Sys=0.00s Real=0.00s
[31.557s][info ][gc,start     ] GC(135) Pause Young (Allocation Failure)
[31.557s][info ][gc,task      ] GC(135) Using 8 workers of 8 for evacuation
[31.560s][debug][gc,age       ] GC(135) Desired survivor size 1114112 bytes, new threshold 1 (max threshold 6)
[31.560s][trace][gc,age       ] GC(135) Age table with threshold 1 (max threshold 6)
[31.560s][trace][gc,age       ] GC(135) - age   1:    1201152 bytes,    1201152 total
[31.560s][info ][gc,heap      ] GC(135) ParNew: 19411K->1179K(19648K)
[31.560s][info ][gc,heap      ] GC(135) CMS: 30429K->31602K(43712K)
[31.560s][info ][gc,metaspace ] GC(135) Metaspace: 15845K->15845K(1064960K)
[31.560s][info ][gc           ] GC(135) Pause Young (Allocation Failure) 48M->32M(61M) 3.227ms
[31.560s][info ][gc,cpu       ] GC(135) User=0.01s Sys=0.00s Real=0.01s
[31.562s][info ][gc,start     ] GC(136) Pause Young (Allocation Failure)
[31.562s][info ][gc,task      ] GC(136) Using 8 workers of 8 for evacuation
[31.563s][debug][gc,age       ] GC(136) Desired survivor size 1114112 bytes, new threshold 6 (max threshold 6)
[31.563s][trace][gc,age       ] GC(136) Age table with threshold 6 (max threshold 6)
[31.563s][trace][gc,age       ] GC(136) - age   1:     801400 bytes,     801400 total
[31.563s][info ][gc,heap      ] GC(136) ParNew: 18328K->793K(19648K)
[31.563s][info ][gc,heap      ] GC(136) CMS: 31602K->31602K(43712K)
[31.563s][info ][gc,metaspace ] GC(136) Metaspace: 15845K->15845K(1064960K)
[31.563s][info ][gc           ] GC(136) Pause Young (Allocation Failure) 48M->31M(61M) 1.371ms
[31.563s][info ][gc,cpu       ] GC(136) User=0.00s Sys=0.00s Real=0.00s
[31.565s][info ][gc,start     ] GC(137) Pause Young (Allocation Failure)
[31.565s][info ][gc,task      ] GC(137) Using 8 workers of 8 for evacuation
[31.566s][debug][gc,age       ] GC(137) Desired survivor size 1114112 bytes, new threshold 1 (max threshold 6)
[31.566s][trace][gc,age       ] GC(137) Age table with threshold 1 (max threshold 6)
[31.566s][trace][gc,age       ] GC(137) - age   1:    1201808 bytes,    1201808 total
[31.566s][trace][gc,age       ] GC(137) - age   2:     400824 bytes,    1602632 total
[31.566s][info ][gc,heap      ] GC(137) ParNew: 18254K->1572K(19648K)
[31.566s][info ][gc,heap      ] GC(137) CMS: 31602K->31602K(43712K)
[31.566s][info ][gc,metaspace ] GC(137) Metaspace: 15845K->15845K(1064960K)
[31.566s][info ][gc           ] GC(137) Pause Young (Allocation Failure) 48M->32M(61M) 1.439ms
[31.566s][info ][gc,cpu       ] GC(137) User=0.01s Sys=0.00s Real=0.00s
[31.568s][info ][gc           ] GC(133) Concurrent Mark 14.925ms
[31.568s][info ][gc,cpu       ] GC(133) User=0.08s Sys=0.00s Real=0.02s
[31.568s][info ][gc,start     ] GC(138) Pause Young (Allocation Failure)
[31.568s][info ][gc,task      ] GC(138) Using 8 workers of 8 for evacuation
[31.569s][debug][gc,age       ] GC(138) Desired survivor size 1114112 bytes, new threshold 6 (max threshold 6)
[31.569s][trace][gc,age       ] GC(138) Age table with threshold 6 (max threshold 6)
[31.569s][trace][gc,age       ] GC(138) - age   1:     401752 bytes,     401752 total
[31.569s][info ][gc,heap      ] GC(138) ParNew: 18838K->398K(19648K)
[31.569s][info ][gc,heap      ] GC(138) CMS: 31602K->31994K(43712K)
[31.569s][info ][gc,metaspace ] GC(138) Metaspace: 15845K->15845K(1064960K)
[31.569s][info ][gc           ] GC(138) Pause Young (Allocation Failure) 49M->31M(61M) 1.170ms
[31.569s][info ][gc,cpu       ] GC(138) User=0.01s Sys=0.00s Real=0.00s
[31.569s][info ][gc           ] GC(133) Concurrent Preclean
[31.570s][info ][gc           ] GC(133) Concurrent Preclean 0.486ms
[31.570s][info ][gc,cpu       ] GC(133) User=0.00s Sys=0.00s Real=0.00s
[31.570s][info ][gc           ] GC(133) Concurrent Abortable Preclean
[31.571s][info ][gc,start     ] GC(139) Pause Young (Allocation Failure)
[31.571s][info ][gc,task      ] GC(139) Using 8 workers of 8 for evacuation
[31.572s][debug][gc,age       ] GC(139) Desired survivor size 1114112 bytes, new threshold 1 (max threshold 6)
[31.572s][trace][gc,age       ] GC(139) Age table with threshold 1 (max threshold 6)
[31.572s][trace][gc,age       ] GC(139) - age   1:    1201528 bytes,    1201528 total
[31.572s][trace][gc,age       ] GC(139) - age   2:        744 bytes,    1202272 total
[31.572s][info ][gc,heap      ] GC(139) ParNew: 17581K->1184K(19648K)
[31.572s][info ][gc,heap      ] GC(139) CMS: 31994K->31994K(43712K)
[31.572s][info ][gc,metaspace ] GC(139) Metaspace: 15845K->15845K(1064960K)
[31.572s][info ][gc           ] GC(139) Pause Young (Allocation Failure) 48M->32M(61M) 1.470ms
[31.572s][info ][gc,cpu       ] GC(139) User=0.01s Sys=0.00s Real=0.00s
[31.572s][info ][gc           ] GC(133) Concurrent Abortable Preclean 2.161ms
[31.572s][info ][gc,cpu       ] GC(133) User=0.01s Sys=0.00s Real=0.00s
[31.572s][info ][gc,start     ] GC(133) Pause Remark
[31.573s][debug][gc,phases    ] GC(133) Rescan (parallel) 0.833ms
[31.573s][debug][gc,phases    ] GC(133) Reference Processing 0.012ms
[31.573s][debug][gc,phases    ] GC(133) Weak Processing 0.017ms
[31.573s][debug][gc,phases    ] GC(133) ClassLoaderData 0.018ms
[31.573s][debug][gc,phases    ] GC(133) ProtectionDomainCacheTable 0.002ms
[31.573s][debug][gc,phases    ] GC(133) ResolvedMethodTable 0.014ms
[31.574s][debug][gc,phases    ] GC(133) Class Unloading 0.779ms
[31.576s][debug][gc,phases    ] GC(133) Scrub Symbol Table 1.834ms
[31.576s][debug][gc,phases    ] GC(133) Scrub String Table 0.071ms
[31.576s][info ][gc           ] GC(133) Pause Remark 33M->33M(61M) 3.718ms
[31.576s][info ][gc,cpu       ] GC(133) User=0.01s Sys=0.00s Real=0.00s
[31.576s][info ][gc           ] GC(133) Concurrent Sweep
[31.577s][info ][gc,start     ] GC(140) Pause Young (Allocation Failure)
[31.578s][info ][gc,task      ] GC(140) Using 8 workers of 8 for evacuation
[31.579s][debug][gc,age       ] GC(140) Desired survivor size 1114112 bytes, new threshold 1 (max threshold 6)
[31.579s][trace][gc,age       ] GC(140) Age table with threshold 1 (max threshold 6)
[31.579s][trace][gc,age       ] GC(140) - age   1:    2001896 bytes,    2001896 total
[31.579s][info ][gc,heap      ] GC(140) ParNew: 18447K->1963K(19648K)
[31.579s][info ][gc,heap      ] GC(140) CMS: 31203K->31203K(43712K)
[31.579s][info ][gc,metaspace ] GC(140) Metaspace: 15845K->15845K(1064960K)
[31.579s][info ][gc           ] GC(140) Pause Young (Allocation Failure) 48M->32M(61M) 1.364ms
[31.579s][info ][gc,cpu       ] GC(140) User=0.01s Sys=0.00s Real=0.01s
[31.581s][info ][gc,start     ] GC(141) Pause Young (Allocation Failure)
[31.581s][info ][gc,task      ] GC(141) Using 8 workers of 8 for evacuation
[31.582s][debug][gc,age       ] GC(141) Desired survivor size 1114112 bytes, new threshold 1 (max threshold 6)
[31.582s][trace][gc,age       ] GC(141) Age table with threshold 1 (max threshold 6)
[31.582s][trace][gc,age       ] GC(141) - age   1:    2001504 bytes,    2001504 total
[31.582s][info ][gc,heap      ] GC(141) ParNew: 19429K->1961K(19648K)
[31.582s][info ][gc,heap      ] GC(141) CMS: 31186K->31969K(43712K)
[31.582s][info ][gc,metaspace ] GC(141) Metaspace: 15845K->15845K(1064960K)
[31.582s][info ][gc           ] GC(141) Pause Young (Allocation Failure) 49M->33M(61M) 1.503ms
[31.582s][info ][gc,cpu       ] GC(141) User=0.01s Sys=0.00s Real=0.00s
[31.582s][info ][gc           ] GC(133) Concurrent Sweep 6.253ms
[31.582s][info ][gc,cpu       ] GC(133) User=0.03s Sys=0.00s Real=0.01s
[31.582s][info ][gc           ] GC(133) Concurrent Reset
[31.583s][info ][gc           ] GC(133) Concurrent Reset 0.056ms
[31.583s][info ][gc,cpu       ] GC(133) User=0.00s Sys=0.00s Real=0.00s
[31.583s][info ][gc,heap      ] GC(133) Old: 30038K->6186K(43712K)
[31.584s][info ][gc,start     ] GC(142) Pause Young (Allocation Failure)
[31.584s][info ][gc,task      ] GC(142) Using 8 workers of 8 for evacuation
[31.585s][debug][gc,age       ] GC(142) Desired survivor size 1114112 bytes, new threshold 6 (max threshold 6)
[31.585s][trace][gc,age       ] GC(142) Age table with threshold 6 (max threshold 6)
[31.585s][trace][gc,age       ] GC(142) - age   1:     801456 bytes,     801456 total
[31.585s][info ][gc,heap      ] GC(142) ParNew: 19044K->795K(19648K)
[31.585s][info ][gc,heap      ] GC(142) CMS: 6186K->6968K(43712K)
[31.585s][info ][gc,metaspace ] GC(142) Metaspace: 15845K->15845K(1064960K)
[31.586s][info ][gc           ] GC(142) Pause Young (Allocation Failure) 24M->7M(61M) 1.256ms
[31.586s][info ][gc,cpu       ] GC(142) User=0.01s Sys=0.00s Real=0.00s
[31.587s][info ][gc,start     ] GC(143) Pause Young (Allocation Failure)
[31.587s][info ][gc,task      ] GC(143) Using 8 workers of 8 for evacuation
[31.588s][debug][gc,age       ] GC(143) Desired survivor size 1114112 bytes, new threshold 1 (max threshold 6)
[31.588s][trace][gc,age       ] GC(143) Age table with threshold 1 (max threshold 6)
[31.588s][trace][gc,age       ] GC(143) - age   1:    2001760 bytes,    2001760 total
[31.588s][trace][gc,age       ] GC(143) - age   2:        376 bytes,    2002136 total
[31.588s][info ][gc,heap      ] GC(143) ParNew: 17927K->1965K(19648K)
[31.588s][info ][gc,heap      ] GC(143) CMS: 6968K->6968K(43712K)
[31.588s][info ][gc,metaspace ] GC(143) Metaspace: 15845K->15845K(1064960K)
[31.588s][info ][gc           ] GC(143) Pause Young (Allocation Failure) 24M->8M(61M) 1.347ms
[31.588s][info ][gc,cpu       ] GC(143) User=0.00s Sys=0.00s Real=0.01s
[31.590s][info ][gc,start     ] GC(144) Pause Young (Allocation Failure)
[31.590s][info ][gc,task      ] GC(144) Using 8 workers of 8 for evacuation
[31.591s][debug][gc,age       ] GC(144) Desired survivor size 1114112 bytes, new threshold 1 (max threshold 6)
[31.592s][trace][gc,age       ] GC(144) Age table with threshold 1 (max threshold 6)
[31.592s][trace][gc,age       ] GC(144) - age   1:    2001560 bytes,    2001560 total
[31.592s][info ][gc,heap      ] GC(144) ParNew: 19110K->1963K(19648K)
[31.592s][info ][gc,heap      ] GC(144) CMS: 6968K->8531K(43712K)
[31.592s][info ][gc,metaspace ] GC(144) Metaspace: 15845K->15845K(1064960K)
[31.592s][info ][gc           ] GC(144) Pause Young (Allocation Failure) 25M->10M(61M) 1.797ms
[31.592s][info ][gc,cpu       ] GC(144) User=0.01s Sys=0.00s Real=0.00s
[31.593s][info ][gc,start     ] GC(145) Pause Young (Allocation Failure)
[31.594s][info ][gc,task      ] GC(145) Using 8 workers of 8 for evacuation
[31.595s][debug][gc,age       ] GC(145) Desired survivor size 1114112 bytes, new threshold 1 (max threshold 6)
[31.595s][trace][gc,age       ] GC(145) Age table with threshold 1 (max threshold 6)
[31.595s][trace][gc,age       ] GC(145) - age   1:    2001776 bytes,    2001776 total
[31.595s][info ][gc,heap      ] GC(145) ParNew: 19111K->1963K(19648K)
[31.595s][info ][gc,heap      ] GC(145) CMS: 8531K->8532K(43712K)
[31.595s][info ][gc,metaspace ] GC(145) Metaspace: 15845K->15845K(1064960K)
[31.595s][info ][gc           ] GC(145) Pause Young (Allocation Failure) 26M->10M(61M) 1.379ms
[31.595s][info ][gc,cpu       ] GC(145) User=0.00s Sys=0.00s Real=0.00s
[31.597s][info ][gc,start     ] GC(146) Pause Young (Allocation Failure)
[31.597s][info ][gc,task      ] GC(146) Using 8 workers of 8 for evacuation
[31.598s][debug][gc,age       ] GC(146) Desired survivor size 1114112 bytes, new threshold 1 (max threshold 6)
[31.598s][trace][gc,age       ] GC(146) Age table with threshold 1 (max threshold 6)
[31.598s][trace][gc,age       ] GC(146) - age   1:    1601424 bytes,    1601424 total
[31.598s][info ][gc,heap      ] GC(146) ParNew: 19429K->1574K(19648K)
[31.598s][info ][gc,heap      ] GC(146) CMS: 8532K->9314K(43712K)
[31.598s][info ][gc,metaspace ] GC(146) Metaspace: 15845K->15845K(1064960K)
[31.598s][info ][gc           ] GC(146) Pause Young (Allocation Failure) 27M->10M(61M) 1.339ms
[31.598s][info ][gc,cpu       ] GC(146) User=0.01s Sys=0.00s Real=0.01s
[31.600s][info ][gc,start     ] GC(147) Pause Young (Allocation Failure)
[31.600s][info ][gc,task      ] GC(147) Using 8 workers of 8 for evacuation
[31.601s][debug][gc,age       ] GC(147) Desired survivor size 1114112 bytes, new threshold 1 (max threshold 6)
[31.601s][trace][gc,age       ] GC(147) Age table with threshold 1 (max threshold 6)
[31.601s][trace][gc,age       ] GC(147) - age   1:    1601800 bytes,    1601800 total
[31.601s][info ][gc,heap      ] GC(147) ParNew: 18736K->1572K(19648K)
[31.601s][info ][gc,heap      ] GC(147) CMS: 9314K->9314K(43712K)
[31.601s][info ][gc,metaspace ] GC(147) Metaspace: 15845K->15845K(1064960K)
[31.601s][info ][gc           ] GC(147) Pause Young (Allocation Failure) 27M->10M(61M) 1.480ms
[31.601s][info ][gc,cpu       ] GC(147) User=0.01s Sys=0.00s Real=0.00s
[31.603s][info ][gc,start     ] GC(148) Pause Young (Allocation Failure)
[31.603s][info ][gc,task      ] GC(148) Using 8 workers of 8 for evacuation
[31.604s][debug][gc,age       ] GC(148) Desired survivor size 1114112 bytes, new threshold 1 (max threshold 6)
[31.604s][trace][gc,age       ] GC(148) Age table with threshold 1 (max threshold 6)
[31.604s][trace][gc,age       ] GC(148) - age   1:    1601352 bytes,    1601352 total
[31.604s][info ][gc,heap      ] GC(148) ParNew: 18658K->1574K(19648K)
[31.604s][info ][gc,heap      ] GC(148) CMS: 9314K->9315K(43712K)
[31.604s][info ][gc,metaspace ] GC(148) Metaspace: 15845K->15845K(1064960K)
[31.604s][info ][gc           ] GC(148) Pause Young (Allocation Failure) 27M->10M(61M) 1.376ms
[31.604s][info ][gc,cpu       ] GC(148) User=0.00s Sys=0.00s Real=0.00s
[31.606s][info ][gc,start     ] GC(149) Pause Young (Allocation Failure)
[31.606s][info ][gc,task      ] GC(149) Using 8 workers of 8 for evacuation
[31.607s][debug][gc,age       ] GC(149) Desired survivor size 1114112 bytes, new threshold 1 (max threshold 6)
[31.607s][trace][gc,age       ] GC(149) Age table with threshold 1 (max threshold 6)
[31.607s][trace][gc,age       ] GC(149) - age   1:    1601744 bytes,    1601744 total
[31.607s][info ][gc,heap      ] GC(149) ParNew: 18667K->1572K(19648K)
[31.607s][info ][gc,heap      ] GC(149) CMS: 9315K->9315K(43712K)
[31.607s][info ][gc,metaspace ] GC(149) Metaspace: 15845K->15845K(1064960K)
[31.607s][info ][gc           ] GC(149) Pause Young (Allocation Failure) 27M->10M(61M) 1.339ms
[31.607s][info ][gc,cpu       ] GC(149) User=0.01s Sys=0.00s Real=0.00s
[31.609s][info ][gc,start     ] GC(150) Pause Young (Allocation Failure)
[31.609s][info ][gc,task      ] GC(150) Using 8 workers of 8 for evacuation
[31.611s][debug][gc,age       ] GC(150) Desired survivor size 1114112 bytes, new threshold 1 (max threshold 6)
[31.611s][trace][gc,age       ] GC(150) Age table with threshold 1 (max threshold 6)
[31.611s][trace][gc,age       ] GC(150) - age   1:    2001752 bytes,    2001752 total
[31.611s][info ][gc,heap      ] GC(150) ParNew: 18748K->1961K(19648K)
[31.611s][info ][gc,heap      ] GC(150) CMS: 9315K->9706K(43712K)
[31.611s][info ][gc,metaspace ] GC(150) Metaspace: 15845K->15845K(1064960K)
[31.611s][info ][gc           ] GC(150) Pause Young (Allocation Failure) 27M->11M(61M) 1.943ms
[31.611s][info ][gc,cpu       ] GC(150) User=0.01s Sys=0.00s Real=0.00s
[31.612s][info ][gc,start     ] GC(151) Pause Young (Allocation Failure)
[31.612s][info ][gc,task      ] GC(151) Using 8 workers of 8 for evacuation
[31.614s][debug][gc,age       ] GC(151) Desired survivor size 1114112 bytes, new threshold 1 (max threshold 6)
[31.614s][trace][gc,age       ] GC(151) Age table with threshold 1 (max threshold 6)
[31.614s][trace][gc,age       ] GC(151) - age   1:    1601264 bytes,    1601264 total
[31.614s][info ][gc,heap      ] GC(151) ParNew: 19433K->1570K(19648K)
[31.614s][info ][gc,heap      ] GC(151) CMS: 9706K->11270K(43712K)
[31.614s][info ][gc,metaspace ] GC(151) Metaspace: 15845K->15845K(1064960K)
[31.614s][info ][gc           ] GC(151) Pause Young (Allocation Failure) 28M->12M(61M) 2.113ms
[31.615s][info ][gc,cpu       ] GC(151) User=0.01s Sys=0.00s Real=0.00s
[31.616s][info ][gc,start     ] GC(152) Pause Young (Allocation Failure)
[31.616s][info ][gc,task      ] GC(152) Using 8 workers of 8 for evacuation
[31.617s][debug][gc,age       ] GC(152) Desired survivor size 1114112 bytes, new threshold 1 (max threshold 6)
[31.617s][trace][gc,age       ] GC(152) Age table with threshold 1 (max threshold 6)
[31.617s][trace][gc,age       ] GC(152) - age   1:    1602088 bytes,    1602088 total
[31.617s][info ][gc,heap      ] GC(152) ParNew: 18792K->1572K(19648K)
[31.617s][info ][gc,heap      ] GC(152) CMS: 11270K->11661K(43712K)
[31.617s][info ][gc,metaspace ] GC(152) Metaspace: 15845K->15845K(1064960K)
[31.617s][info ][gc           ] GC(152) Pause Young (Allocation Failure) 29M->12M(61M) 1.310ms
[31.617s][info ][gc,cpu       ] GC(152) User=0.00s Sys=0.00s Real=0.00s
[31.619s][info ][gc,start     ] GC(153) Pause Young (Allocation Failure)
[31.619s][info ][gc,task      ] GC(153) Using 8 workers of 8 for evacuation
[31.619s][debug][gc,age       ] GC(153) Desired survivor size 1114112 bytes, new threshold 1 (max threshold 6)
[31.619s][trace][gc,age       ] GC(153) Age table with threshold 1 (max threshold 6)
[31.619s][trace][gc,age       ] GC(153) - age   1:    2002376 bytes,    2002376 total
[31.619s][info ][gc,heap      ] GC(153) ParNew: 18856K->1963K(19648K)
[31.619s][info ][gc,heap      ] GC(153) CMS: 11661K->12443K(43712K)
[31.619s][info ][gc,metaspace ] GC(153) Metaspace: 15845K->15845K(1064960K)
[31.619s][info ][gc           ] GC(153) Pause Young (Allocation Failure) 29M->14M(61M) 0.726ms
[31.619s][info ][gc,cpu       ] GC(153) User=0.00s Sys=0.00s Real=0.00s
[31.621s][info ][gc,start     ] GC(154) Pause Young (Allocation Failure)
[31.621s][info ][gc,task      ] GC(154) Using 8 workers of 8 for evacuation
[31.622s][debug][gc,age       ] GC(154) Desired survivor size 1114112 bytes, new threshold 1 (max threshold 6)
[31.622s][trace][gc,age       ] GC(154) Age table with threshold 1 (max threshold 6)
[31.622s][trace][gc,age       ] GC(154) - age   1:    1201768 bytes,    1201768 total
[31.622s][info ][gc,heap      ] GC(154) ParNew: 19138K->1181K(19648K)
[31.622s][info ][gc,heap      ] GC(154) CMS: 12443K->12834K(43712K)
[31.622s][info ][gc,metaspace ] GC(154) Metaspace: 15845K->15845K(1064960K)
[31.622s][info ][gc           ] GC(154) Pause Young (Allocation Failure) 30M->13M(61M) 1.466ms
[31.622s][info ][gc,cpu       ] GC(154) User=0.00s Sys=0.00s Real=0.00s
[31.624s][info ][gc,start     ] GC(155) Pause Young (Allocation Failure)
[31.624s][info ][gc,task      ] GC(155) Using 8 workers of 8 for evacuation
[31.625s][debug][gc,age       ] GC(155) Desired survivor size 1114112 bytes, new threshold 1 (max threshold 6)
[31.625s][trace][gc,age       ] GC(155) Age table with threshold 1 (max threshold 6)
[31.625s][trace][gc,age       ] GC(155) - age   1:    2002248 bytes,    2002248 total
[31.625s][info ][gc,heap      ] GC(155) ParNew: 18398K->1965K(19648K)
[31.625s][info ][gc,heap      ] GC(155) CMS: 12834K->14006K(43712K)
[31.625s][info ][gc,metaspace ] GC(155) Metaspace: 15845K->15845K(1064960K)
[31.625s][info ][gc           ] GC(155) Pause Young (Allocation Failure) 30M->15M(61M) 1.480ms
[31.625s][info ][gc,cpu       ] GC(155) User=0.01s Sys=0.00s Real=0.00s
[31.627s][info ][gc,start     ] GC(156) Pause Young (Allocation Failure)
[31.627s][info ][gc,task      ] GC(156) Using 8 workers of 8 for evacuation
[31.628s][debug][gc,age       ] GC(156) Desired survivor size 1114112 bytes, new threshold 1 (max threshold 6)
[31.628s][trace][gc,age       ] GC(156) Age table with threshold 1 (max threshold 6)
[31.628s][trace][gc,age       ] GC(156) - age   1:    1601896 bytes,    1601896 total
[31.628s][info ][gc,heap      ] GC(156) ParNew: 19437K->1572K(19648K)
[31.628s][info ][gc,heap      ] GC(156) CMS: 14006K->14397K(43712K)
[31.628s][info ][gc,metaspace ] GC(156) Metaspace: 15845K->15845K(1064960K)
[31.629s][info ][gc           ] GC(156) Pause Young (Allocation Failure) 32M->15M(61M) 1.461ms
[31.629s][info ][gc,cpu       ] GC(156) User=0.00s Sys=0.01s Real=0.01s
[31.630s][info ][gc,start     ] GC(157) Pause Young (Allocation Failure)
[31.630s][info ][gc,task      ] GC(157) Using 8 workers of 8 for evacuation
[31.631s][debug][gc,age       ] GC(157) Desired survivor size 1114112 bytes, new threshold 1 (max threshold 6)
[31.631s][trace][gc,age       ] GC(157) Age table with threshold 1 (max threshold 6)
[31.631s][trace][gc,age       ] GC(157) - age   1:    1601728 bytes,    1601728 total
[31.631s][info ][gc,heap      ] GC(157) ParNew: 18679K->1572K(19648K)
[31.631s][info ][gc,heap      ] GC(157) CMS: 14397K->14788K(43712K)
[31.631s][info ][gc,metaspace ] GC(157) Metaspace: 15845K->15845K(1064960K)
[31.631s][info ][gc           ] GC(157) Pause Young (Allocation Failure) 32M->15M(61M) 1.455ms
[31.631s][info ][gc,cpu       ] GC(157) User=0.01s Sys=0.00s Real=0.00s
[31.633s][info ][gc,start     ] GC(158) Pause Young (Allocation Failure)
[31.633s][info ][gc,task      ] GC(158) Using 8 workers of 8 for evacuation
[31.634s][debug][gc,age       ] GC(158) Desired survivor size 1114112 bytes, new threshold 1 (max threshold 6)
[31.634s][trace][gc,age       ] GC(158) Age table with threshold 1 (max threshold 6)
[31.634s][trace][gc,age       ] GC(158) - age   1:    2002272 bytes,    2002272 total
[31.634s][info ][gc,heap      ] GC(158) ParNew: 18714K->1967K(19648K)
[31.634s][info ][gc,heap      ] GC(158) CMS: 14788K->15570K(43712K)
[31.634s][info ][gc,metaspace ] GC(158) Metaspace: 15845K->15845K(1064960K)
[31.634s][info ][gc           ] GC(158) Pause Young (Allocation Failure) 32M->17M(61M) 1.271ms
[31.634s][info ][gc,cpu       ] GC(158) User=0.00s Sys=0.00s Real=0.00s
[31.636s][info ][gc,start     ] GC(159) Pause Young (Allocation Failure)
[31.636s][info ][gc,task      ] GC(159) Using 8 workers of 8 for evacuation
[31.637s][debug][gc,age       ] GC(159) Desired survivor size 1114112 bytes, new threshold 1 (max threshold 6)
[31.637s][trace][gc,age       ] GC(159) Age table with threshold 1 (max threshold 6)
[31.637s][trace][gc,age       ] GC(159) - age   1:    1601768 bytes,    1601768 total
[31.637s][info ][gc,heap      ] GC(159) ParNew: 19168K->1574K(19648K)
[31.637s][info ][gc,heap      ] GC(159) CMS: 15570K->16352K(43712K)
[31.637s][info ][gc,metaspace ] GC(159) Metaspace: 15845K->15845K(1064960K)
[31.637s][info ][gc           ] GC(159) Pause Young (Allocation Failure) 33M->17M(61M) 1.505ms
[31.637s][info ][gc,cpu       ] GC(159) User=0.01s Sys=0.00s Real=0.00s
[31.639s][info ][gc,start     ] GC(160) Pause Young (Allocation Failure)
[31.639s][info ][gc,task      ] GC(160) Using 8 workers of 8 for evacuation
[31.640s][debug][gc,age       ] GC(160) Desired survivor size 1114112 bytes, new threshold 1 (max threshold 6)
[31.640s][trace][gc,age       ] GC(160) Age table with threshold 1 (max threshold 6)
[31.640s][trace][gc,age       ] GC(160) - age   1:    1601784 bytes,    1601784 total
[31.640s][info ][gc,heap      ] GC(160) ParNew: 19046K->1574K(19648K)
[31.640s][info ][gc,heap      ] GC(160) CMS: 16352K->17134K(43712K)
[31.640s][info ][gc,metaspace ] GC(160) Metaspace: 15845K->15845K(1064960K)
[31.640s][info ][gc           ] GC(160) Pause Young (Allocation Failure) 34M->18M(61M) 1.527ms
[31.640s][info ][gc,cpu       ] GC(160) User=0.00s Sys=0.00s Real=0.00s
[31.642s][info ][gc,start     ] GC(161) Pause Young (Allocation Failure)
[31.642s][info ][gc,task      ] GC(161) Using 8 workers of 8 for evacuation
[31.643s][debug][gc,age       ] GC(161) Desired survivor size 1114112 bytes, new threshold 1 (max threshold 6)
[31.643s][trace][gc,age       ] GC(161) Age table with threshold 1 (max threshold 6)
[31.643s][trace][gc,age       ] GC(161) - age   1:    1601720 bytes,    1601720 total
[31.643s][info ][gc,heap      ] GC(161) ParNew: 19046K->1572K(19648K)
[31.643s][info ][gc,heap      ] GC(161) CMS: 17134K->17916K(43712K)
[31.643s][info ][gc,metaspace ] GC(161) Metaspace: 15845K->15845K(1064960K)
[31.643s][info ][gc           ] GC(161) Pause Young (Allocation Failure) 35M->19M(61M) 1.693ms
[31.643s][info ][gc,cpu       ] GC(161) User=0.01s Sys=0.00s Real=0.00s
[31.645s][info ][gc,start     ] GC(162) Pause Young (Allocation Failure)
[31.645s][info ][gc,task      ] GC(162) Using 8 workers of 8 for evacuation
[31.648s][debug][gc,age       ] GC(162) Desired survivor size 1114112 bytes, new threshold 1 (max threshold 6)
[31.648s][trace][gc,age       ] GC(162) Age table with threshold 1 (max threshold 6)
[31.648s][trace][gc,age       ] GC(162) - age   1:    2001704 bytes,    2001704 total
[31.648s][info ][gc,heap      ] GC(162) ParNew: 19040K->1959K(19648K)
[31.648s][info ][gc,heap      ] GC(162) CMS: 17916K->18697K(43712K)
[31.648s][info ][gc,metaspace ] GC(162) Metaspace: 15845K->15845K(1064960K)
[31.648s][info ][gc           ] GC(162) Pause Young (Allocation Failure) 36M->20M(61M) 2.901ms
[31.648s][info ][gc,cpu       ] GC(162) User=0.01s Sys=0.00s Real=0.01s
[31.650s][info ][gc,start     ] GC(163) Pause Young (Allocation Failure)
[31.650s][info ][gc,task      ] GC(163) Using 8 workers of 8 for evacuation
[31.653s][debug][gc,age       ] GC(163) Desired survivor size 1114112 bytes, new threshold 1 (max threshold 6)
[31.653s][trace][gc,age       ] GC(163) Age table with threshold 1 (max threshold 6)
[31.653s][trace][gc,age       ] GC(163) - age   1:    1601552 bytes,    1601552 total
[31.653s][info ][gc,heap      ] GC(163) ParNew: 19389K->1572K(19648K)
[31.653s][info ][gc,heap      ] GC(163) CMS: 18697K->19870K(43712K)
[31.653s][info ][gc,metaspace ] GC(163) Metaspace: 15845K->15845K(1064960K)
[31.653s][info ][gc           ] GC(163) Pause Young (Allocation Failure) 37M->20M(61M) 3.232ms
[31.653s][info ][gc,cpu       ] GC(163) User=0.01s Sys=0.00s Real=0.00s
[31.655s][info ][gc,start     ] GC(164) Pause Young (Allocation Failure)
[31.655s][info ][gc,task      ] GC(164) Using 8 workers of 8 for evacuation
[31.656s][debug][gc,age       ] GC(164) Desired survivor size 1114112 bytes, new threshold 6 (max threshold 6)
[31.656s][trace][gc,age       ] GC(164) Age table with threshold 6 (max threshold 6)
[31.656s][trace][gc,age       ] GC(164) - age   1:     801272 bytes,     801272 total
[31.656s][info ][gc,heap      ] GC(164) ParNew: 18985K->791K(19648K)
[31.656s][info ][gc,heap      ] GC(164) CMS: 19870K->21043K(43712K)
[31.656s][info ][gc,metaspace ] GC(164) Metaspace: 15845K->15845K(1064960K)
[31.656s][info ][gc           ] GC(164) Pause Young (Allocation Failure) 37M->21M(61M) 1.312ms
[31.656s][info ][gc,cpu       ] GC(164) User=0.01s Sys=0.00s Real=0.00s
[31.657s][info ][gc,start     ] GC(165) Pause Young (Allocation Failure)
[31.658s][info ][gc,task      ] GC(165) Using 8 workers of 8 for evacuation
[31.659s][debug][gc,age       ] GC(165) Desired survivor size 1114112 bytes, new threshold 1 (max threshold 6)
[31.659s][trace][gc,age       ] GC(165) Age table with threshold 1 (max threshold 6)
[31.659s][trace][gc,age       ] GC(165) - age   1:    2002016 bytes,    2002016 total
[31.659s][trace][gc,age       ] GC(165) - age   2:        192 bytes,    2002208 total
[31.659s][info ][gc,heap      ] GC(165) ParNew: 18040K->1959K(19648K)
[31.659s][info ][gc,heap      ] GC(165) CMS: 21043K->21043K(43712K)
[31.659s][info ][gc,metaspace ] GC(165) Metaspace: 15845K->15845K(1064960K)
[31.659s][info ][gc           ] GC(165) Pause Young (Allocation Failure) 38M->22M(61M) 1.938ms
[31.659s][info ][gc,cpu       ] GC(165) User=0.00s Sys=0.00s Real=0.01s
[31.661s][info ][gc,start     ] GC(166) Pause Young (Allocation Failure)
[31.661s][info ][gc,task      ] GC(166) Using 8 workers of 8 for evacuation
[31.662s][debug][gc,age       ] GC(166) Desired survivor size 1114112 bytes, new threshold 1 (max threshold 6)
[31.662s][trace][gc,age       ] GC(166) Age table with threshold 1 (max threshold 6)
[31.662s][trace][gc,age       ] GC(166) - age   1:    1601728 bytes,    1601728 total
[31.662s][info ][gc,heap      ] GC(166) ParNew: 19090K->1574K(19648K)
[31.663s][info ][gc,heap      ] GC(166) CMS: 21043K->21435K(43712K)
[31.663s][info ][gc,metaspace ] GC(166) Metaspace: 15845K->15845K(1064960K)
[31.663s][info ][gc           ] GC(166) Pause Young (Allocation Failure) 39M->22M(61M) 1.742ms
[31.663s][info ][gc,cpu       ] GC(166) User=0.01s Sys=0.00s Real=0.00s
[31.664s][info ][gc,start     ] GC(167) Pause Young (Allocation Failure)
[31.664s][info ][gc,task      ] GC(167) Using 8 workers of 8 for evacuation
[31.667s][debug][gc,age       ] GC(167) Desired survivor size 1114112 bytes, new threshold 6 (max threshold 6)
[31.667s][trace][gc,age       ] GC(167) Age table with threshold 6 (max threshold 6)
[31.667s][trace][gc,age       ] GC(167) - age   1:     801048 bytes,     801048 total
[31.667s][info ][gc,heap      ] GC(167) ParNew: 18995K->789K(19648K)
[31.667s][info ][gc,heap      ] GC(167) CMS: 21435K->22999K(43712K)
[31.667s][info ][gc,metaspace ] GC(167) Metaspace: 15845K->15845K(1064960K)
[31.667s][info ][gc           ] GC(167) Pause Young (Allocation Failure) 39M->23M(61M) 2.325ms
[31.667s][info ][gc,cpu       ] GC(167) User=0.01s Sys=0.00s Real=0.00s
[31.668s][info ][gc,start     ] GC(168) Pause Young (Allocation Failure)
[31.668s][info ][gc,task      ] GC(168) Using 8 workers of 8 for evacuation
[31.669s][debug][gc,age       ] GC(168) Desired survivor size 1114112 bytes, new threshold 1 (max threshold 6)
[31.669s][trace][gc,age       ] GC(168) Age table with threshold 1 (max threshold 6)
[31.669s][trace][gc,age       ] GC(168) - age   1:    1601856 bytes,    1601856 total
[31.669s][trace][gc,age       ] GC(168) - age   2:     400536 bytes,    2002392 total
[31.669s][info ][gc,heap      ] GC(168) ParNew: 17962K->1961K(19648K)
[31.669s][info ][gc,heap      ] GC(168) CMS: 22999K->22999K(43712K)
[31.669s][info ][gc,metaspace ] GC(168) Metaspace: 15845K->15845K(1064960K)
[31.669s][info ][gc           ] GC(168) Pause Young (Allocation Failure) 40M->24M(61M) 1.442ms
[31.669s][info ][gc,cpu       ] GC(168) User=0.01s Sys=0.00s Real=0.00s
[31.671s][info ][gc,start     ] GC(169) Pause Young (Allocation Failure)
[31.671s][info ][gc,task      ] GC(169) Using 8 workers of 8 for evacuation
[31.674s][debug][gc,age       ] GC(169) Desired survivor size 1114112 bytes, new threshold 1 (max threshold 6)
[31.674s][trace][gc,age       ] GC(169) Age table with threshold 1 (max threshold 6)
[31.674s][trace][gc,age       ] GC(169) - age   1:    1601520 bytes,    1601520 total
[31.674s][info ][gc,heap      ] GC(169) ParNew: 19073K->1572K(19648K)
[31.674s][info ][gc,heap      ] GC(169) CMS: 22999K->24172K(43712K)
[31.674s][info ][gc,metaspace ] GC(169) Metaspace: 15845K->15845K(1064960K)
[31.674s][info ][gc           ] GC(169) Pause Young (Allocation Failure) 41M->25M(61M) 2.946ms
[31.674s][info ][gc,cpu       ] GC(169) User=0.01s Sys=0.00s Real=0.00s
[31.675s][info ][gc,start     ] GC(170) Pause Young (Allocation Failure)
[31.676s][info ][gc,task      ] GC(170) Using 8 workers of 8 for evacuation
[31.677s][debug][gc,age       ] GC(170) Desired survivor size 1114112 bytes, new threshold 1 (max threshold 6)
[31.677s][trace][gc,age       ] GC(170) Age table with threshold 1 (max threshold 6)
[31.677s][trace][gc,age       ] GC(170) - age   1:    1201864 bytes,    1201864 total
[31.677s][info ][gc,heap      ] GC(170) ParNew: 18748K->1181K(19648K)
[31.677s][info ][gc,heap      ] GC(170) CMS: 24172K->24954K(43712K)
[31.678s][info ][gc,metaspace ] GC(170) Metaspace: 15845K->15845K(1064960K)
[31.678s][info ][gc           ] GC(170) Pause Young (Allocation Failure) 41M->25M(61M) 2.128ms
[31.678s][info ][gc,cpu       ] GC(170) User=0.02s Sys=0.00s Real=0.01s
[31.679s][info ][gc,start     ] GC(171) Pause Young (Allocation Failure)
[31.679s][info ][gc,task      ] GC(171) Using 8 workers of 8 for evacuation
[31.680s][debug][gc,age       ] GC(171) Desired survivor size 1114112 bytes, new threshold 1 (max threshold 6)
[31.680s][trace][gc,age       ] GC(171) Age table with threshold 1 (max threshold 6)
[31.680s][trace][gc,age       ] GC(171) - age   1:    2001544 bytes,    2001544 total
[31.680s][info ][gc,heap      ] GC(171) ParNew: 18362K->1969K(19648K)
[31.680s][info ][gc,heap      ] GC(171) CMS: 24954K->26127K(43712K)
[31.680s][info ][gc,metaspace ] GC(171) Metaspace: 15845K->15845K(1064960K)
[31.680s][info ][gc           ] GC(171) Pause Young (Allocation Failure) 42M->27M(61M) 0.975ms
[31.680s][info ][gc,cpu       ] GC(171) User=0.01s Sys=0.00s Real=0.00s
[31.682s][info ][gc,start     ] GC(172) Pause Young (Allocation Failure)
[31.682s][info ][gc,task      ] GC(172) Using 8 workers of 8 for evacuation
[31.683s][debug][gc,age       ] GC(172) Desired survivor size 1114112 bytes, new threshold 1 (max threshold 6)
[31.683s][trace][gc,age       ] GC(172) Age table with threshold 1 (max threshold 6)
[31.683s][trace][gc,age       ] GC(172) - age   1:    2002096 bytes,    2002096 total
[31.683s][info ][gc,heap      ] GC(172) ParNew: 19243K->1969K(19648K)
[31.683s][info ][gc,heap      ] GC(172) CMS: 26127K->27299K(43712K)
[31.683s][info ][gc,metaspace ] GC(172) Metaspace: 15845K->15845K(1064960K)
[31.683s][info ][gc           ] GC(172) Pause Young (Allocation Failure) 44M->28M(61M) 1.613ms
[31.683s][info ][gc,cpu       ] GC(172) User=0.01s Sys=0.00s Real=0.00s
[31.685s][info ][gc,start     ] GC(173) Pause Young (Allocation Failure)
[31.685s][info ][gc,task      ] GC(173) Using 8 workers of 8 for evacuation
[31.687s][debug][gc,age       ] GC(173) Desired survivor size 1114112 bytes, new threshold 1 (max threshold 6)
[31.687s][trace][gc,age       ] GC(173) Age table with threshold 1 (max threshold 6)
[31.687s][trace][gc,age       ] GC(173) - age   1:    1201416 bytes,    1201416 total
[31.687s][info ][gc,heap      ] GC(173) ParNew: 19404K->1179K(19648K)
[31.687s][info ][gc,heap      ] GC(173) CMS: 27299K->28472K(43712K)
[31.687s][info ][gc,metaspace ] GC(173) Metaspace: 15845K->15845K(1064960K)
[31.687s][info ][gc           ] GC(173) Pause Young (Allocation Failure) 45M->28M(61M) 1.836ms
[31.687s][info ][gc,cpu       ] GC(173) User=0.01s Sys=0.00s Real=0.00s
[31.687s][info ][gc,start     ] GC(174) Pause Initial Mark
[31.688s][info ][gc           ] GC(174) Pause Initial Mark 33M->33M(61M) 0.220ms
[31.688s][info ][gc,cpu       ] GC(174) User=0.00s Sys=0.00s Real=0.01s
[31.688s][info ][gc           ] GC(174) Concurrent Mark
[31.688s][info ][gc,task      ] GC(174) Using 2 workers of 2 for marking
[31.689s][info ][gc,start     ] GC(175) Pause Young (Allocation Failure)
[31.689s][info ][gc,task      ] GC(175) Using 8 workers of 8 for evacuation
[31.690s][debug][gc,age       ] GC(175) Desired survivor size 1114112 bytes, new threshold 1 (max threshold 6)
[31.690s][trace][gc,age       ] GC(175) Age table with threshold 1 (max threshold 6)
[31.690s][trace][gc,age       ] GC(175) - age   1:    2002056 bytes,    2002056 total
[31.690s][info ][gc,heap      ] GC(175) ParNew: 18391K->1963K(19648K)
[31.690s][info ][gc,heap      ] GC(175) CMS: 28472K->28472K(43712K)
[31.690s][info ][gc,metaspace ] GC(175) Metaspace: 15845K->15845K(1064960K)
[31.690s][info ][gc           ] GC(175) Pause Young (Allocation Failure) 45M->29M(61M) 1.253ms
[31.690s][info ][gc,cpu       ] GC(175) User=0.00s Sys=0.01s Real=0.00s
[31.693s][info ][gc,start     ] GC(176) Pause Young (Allocation Failure)
[31.693s][info ][gc,task      ] GC(176) Using 8 workers of 8 for evacuation
[31.694s][debug][gc,age       ] GC(176) Desired survivor size 1114112 bytes, new threshold 6 (max threshold 6)
[31.694s][trace][gc,age       ] GC(176) Age table with threshold 6 (max threshold 6)
[31.694s][trace][gc,age       ] GC(176) - age   1:     800896 bytes,     800896 total
[31.694s][info ][gc,heap      ] GC(176) ParNew: 19317K->789K(19648K)
[31.694s][info ][gc,heap      ] GC(176) CMS: 28472K->29645K(43712K)
[31.694s][info ][gc,metaspace ] GC(176) Metaspace: 15845K->15845K(1064960K)
[31.694s][info ][gc           ] GC(176) Pause Young (Allocation Failure) 46M->29M(61M) 1.628ms
[31.694s][info ][gc,cpu       ] GC(176) User=0.00s Sys=0.00s Real=0.00s
[31.696s][info ][gc,start     ] GC(177) Pause Young (Allocation Failure)
[31.696s][info ][gc,task      ] GC(177) Using 8 workers of 8 for evacuation
[31.697s][debug][gc,age       ] GC(177) Desired survivor size 1114112 bytes, new threshold 1 (max threshold 6)
[31.697s][trace][gc,age       ] GC(177) Age table with threshold 1 (max threshold 6)
[31.697s][trace][gc,age       ] GC(177) - age   1:    2002128 bytes,    2002128 total
[31.697s][trace][gc,age       ] GC(177) - age   2:        376 bytes,    2002504 total
[31.697s][info ][gc,heap      ] GC(177) ParNew: 17995K->1963K(19648K)
[31.697s][info ][gc,heap      ] GC(177) CMS: 29645K->29645K(43712K)
[31.697s][info ][gc,metaspace ] GC(177) Metaspace: 15845K->15845K(1064960K)
[31.697s][info ][gc           ] GC(177) Pause Young (Allocation Failure) 46M->30M(61M) 1.360ms
[31.697s][info ][gc,cpu       ] GC(177) User=0.01s Sys=0.00s Real=0.00s
[31.699s][info ][gc           ] GC(174) Concurrent Mark 10.779ms
[31.699s][info ][gc,cpu       ] GC(174) User=0.05s Sys=0.01s Real=0.01s
[31.699s][info ][gc,start     ] GC(178) Pause Young (Allocation Failure)
[31.699s][info ][gc,task      ] GC(178) Using 8 workers of 8 for evacuation
[31.699s][debug][gc,age       ] GC(178) Desired survivor size 1114112 bytes, new threshold 1 (max threshold 6)
[31.699s][trace][gc,age       ] GC(178) Age table with threshold 1 (max threshold 6)
[31.699s][trace][gc,age       ] GC(178) - age   1:    1201600 bytes,    1201600 total
[31.699s][info ][gc,heap      ] GC(178) ParNew: 19185K->1186K(19648K)
[31.699s][info ][gc,heap      ] GC(178) CMS: 29645K->30428K(43712K)
[31.699s][info ][gc,metaspace ] GC(178) Metaspace: 15845K->15845K(1064960K)
[31.699s][info ][gc           ] GC(178) Pause Young (Allocation Failure) 47M->30M(61M) 0.556ms
[31.699s][info ][gc,cpu       ] GC(178) User=0.00s Sys=0.00s Real=0.00s
[31.699s][info ][gc           ] GC(174) Concurrent Preclean
[31.700s][info ][gc           ] GC(174) Concurrent Preclean 0.439ms
[31.700s][info ][gc,cpu       ] GC(174) User=0.00s Sys=0.00s Real=0.00s
[31.700s][info ][gc           ] GC(174) Concurrent Abortable Preclean
[31.701s][info ][gc,start     ] GC(179) Pause Young (Allocation Failure)
[31.701s][info ][gc,task      ] GC(179) Using 8 workers of 8 for evacuation
[31.702s][debug][gc,age       ] GC(179) Desired survivor size 1114112 bytes, new threshold 1 (max threshold 6)
[31.702s][trace][gc,age       ] GC(179) Age table with threshold 1 (max threshold 6)
[31.702s][trace][gc,age       ] GC(179) - age   1:    2001432 bytes,    2001432 total
[31.702s][info ][gc,heap      ] GC(179) ParNew: 18291K->1963K(19648K)
[31.702s][info ][gc,heap      ] GC(179) CMS: 30428K->30428K(43712K)
[31.702s][info ][gc,metaspace ] GC(179) Metaspace: 15845K->15845K(1064960K)
[31.702s][info ][gc           ] GC(179) Pause Young (Allocation Failure) 47M->31M(61M) 1.338ms
[31.702s][info ][gc,cpu       ] GC(179) User=0.00s Sys=0.00s Real=0.00s
[31.702s][info ][gc           ] GC(174) Concurrent Abortable Preclean 2.289ms
[31.702s][info ][gc,cpu       ] GC(174) User=0.01s Sys=0.00s Real=0.00s
[31.703s][info ][gc,start     ] GC(174) Pause Remark
[31.703s][debug][gc,phases    ] GC(174) Rescan (parallel) 0.605ms
[31.703s][debug][gc,phases    ] GC(174) Reference Processing 0.012ms
[31.703s][debug][gc,phases    ] GC(174) Weak Processing 0.017ms
[31.703s][debug][gc,phases    ] GC(174) ClassLoaderData 0.019ms
[31.703s][debug][gc,phases    ] GC(174) ProtectionDomainCacheTable 0.002ms
[31.703s][debug][gc,phases    ] GC(174) ResolvedMethodTable 0.014ms
[31.704s][debug][gc,phases    ] GC(174) Class Unloading 0.726ms
[31.705s][debug][gc,phases    ] GC(174) Scrub Symbol Table 1.119ms
[31.705s][debug][gc,phases    ] GC(174) Scrub String Table 0.065ms
[31.705s][info ][gc           ] GC(174) Pause Remark 33M->33M(61M) 2.739ms
[31.705s][info ][gc,cpu       ] GC(174) User=0.01s Sys=0.00s Real=0.00s
[31.705s][info ][gc           ] GC(174) Concurrent Sweep
[31.706s][info ][gc,start     ] GC(180) Pause Young (Allocation Failure)
[31.706s][info ][gc,task      ] GC(180) Using 8 workers of 8 for evacuation
[31.708s][debug][gc,age       ] GC(180) Desired survivor size 1114112 bytes, new threshold 1 (max threshold 6)
[31.708s][trace][gc,age       ] GC(180) Age table with threshold 1 (max threshold 6)
[31.708s][trace][gc,age       ] GC(180) - age   1:    1601984 bytes,    1601984 total
[31.708s][info ][gc,heap      ] GC(180) ParNew: 19222K->1570K(19648K)
[31.708s][info ][gc,heap      ] GC(180) CMS: 29643K->29643K(43712K)
[31.708s][info ][gc,metaspace ] GC(180) Metaspace: 15845K->15845K(1064960K)
[31.708s][info ][gc           ] GC(180) Pause Young (Allocation Failure) 47M->30M(61M) 1.350ms
[31.708s][info ][gc,cpu       ] GC(180) User=0.01s Sys=0.00s Real=0.01s
[31.709s][info ][gc,start     ] GC(181) Pause Young (Allocation Failure)
[31.710s][info ][gc,task      ] GC(181) Using 8 workers of 8 for evacuation
[31.710s][debug][gc,age       ] GC(181) Desired survivor size 1114112 bytes, new threshold 6 (max threshold 6)
[31.710s][trace][gc,age       ] GC(181) Age table with threshold 6 (max threshold 6)
[31.710s][trace][gc,age       ] GC(181) - age   1:     801384 bytes,     801384 total
[31.710s][info ][gc,heap      ] GC(181) ParNew: 19024K->793K(19648K)
[31.710s][info ][gc,heap      ] GC(181) CMS: 29630K->30022K(43712K)
[31.710s][info ][gc,metaspace ] GC(181) Metaspace: 15845K->15845K(1064960K)
[31.710s][info ][gc           ] GC(181) Pause Young (Allocation Failure) 47M->30M(61M) 0.739ms
[31.710s][info ][gc,cpu       ] GC(181) User=0.00s Sys=0.00s Real=0.00s
[31.710s][info ][gc           ] GC(174) Concurrent Sweep 5.139ms
[31.711s][info ][gc,cpu       ] GC(174) User=0.02s Sys=0.00s Real=0.01s
[31.711s][info ][gc           ] GC(174) Concurrent Reset
[31.711s][info ][gc           ] GC(174) Concurrent Reset 0.107ms
[31.711s][info ][gc,cpu       ] GC(174) User=0.00s Sys=0.00s Real=0.00s
[31.711s][info ][gc,heap      ] GC(174) Old: 28472K->5795K(43712K)
[31.712s][info ][gc,start     ] GC(182) Pause Young (Allocation Failure)
[31.712s][info ][gc,task      ] GC(182) Using 8 workers of 8 for evacuation
[31.712s][debug][gc,age       ] GC(182) Desired survivor size 1114112 bytes, new threshold 1 (max threshold 6)
[31.712s][trace][gc,age       ] GC(182) Age table with threshold 1 (max threshold 6)
[31.712s][trace][gc,age       ] GC(182) - age   1:    1601744 bytes,    1601744 total
[31.712s][trace][gc,age       ] GC(182) - age   2:        312 bytes,    1602056 total
[31.712s][info ][gc,heap      ] GC(182) ParNew: 17923K->1576K(19648K)
[31.712s][info ][gc,heap      ] GC(182) CMS: 5795K->5795K(43712K)
[31.712s][info ][gc,metaspace ] GC(182) Metaspace: 15845K->15845K(1064960K)
[31.712s][info ][gc           ] GC(182) Pause Young (Allocation Failure) 23M->7M(61M) 0.667ms
[31.712s][info ][gc,cpu       ] GC(182) User=0.00s Sys=0.00s Real=0.00s
[31.714s][info ][gc,start     ] GC(183) Pause Young (Allocation Failure)
[31.714s][info ][gc,task      ] GC(183) Using 8 workers of 8 for evacuation
[31.715s][debug][gc,age       ] GC(183) Desired survivor size 1114112 bytes, new threshold 6 (max threshold 6)
[31.715s][trace][gc,age       ] GC(183) Age table with threshold 6 (max threshold 6)
[31.715s][trace][gc,age       ] GC(183) - age   1:     801400 bytes,     801400 total
[31.715s][info ][gc,heap      ] GC(183) ParNew: 19035K->791K(19648K)
[31.715s][info ][gc,heap      ] GC(183) CMS: 5795K->6577K(43712K)
[31.715s][info ][gc,metaspace ] GC(183) Metaspace: 15845K->15845K(1064960K)
[31.715s][info ][gc           ] GC(183) Pause Young (Allocation Failure) 24M->7M(61M) 1.040ms
[31.715s][info ][gc,cpu       ] GC(183) User=0.00s Sys=0.00s Real=0.00s
[31.716s][info ][gc,start     ] GC(184) Pause Young (Allocation Failure)
[31.716s][info ][gc,task      ] GC(184) Using 8 workers of 8 for evacuation
[31.717s][debug][gc,age       ] GC(184) Desired survivor size 1114112 bytes, new threshold 6 (max threshold 6)
[31.717s][trace][gc,age       ] GC(184) Age table with threshold 6 (max threshold 6)
[31.717s][trace][gc,age       ] GC(184) - age   1:     401192 bytes,     401192 total
[31.717s][trace][gc,age       ] GC(184) - age   2:     400824 bytes,     802016 total
[31.717s][info ][gc,heap      ] GC(184) ParNew: 18225K->793K(19648K)
[31.717s][info ][gc,heap      ] GC(184) CMS: 6577K->6577K(43712K)
[31.717s][info ][gc,metaspace ] GC(184) Metaspace: 15845K->15845K(1064960K)
[31.717s][info ][gc           ] GC(184) Pause Young (Allocation Failure) 24M->7M(61M) 0.965ms
[31.717s][info ][gc,cpu       ] GC(184) User=0.00s Sys=0.00s Real=0.00s
[31.719s][info ][gc,start     ] GC(185) Pause Young (Allocation Failure)
[31.719s][info ][gc,task      ] GC(185) Using 8 workers of 8 for evacuation
[31.720s][debug][gc,age       ] GC(185) Desired survivor size 1114112 bytes, new threshold 1 (max threshold 6)
[31.720s][trace][gc,age       ] GC(185) Age table with threshold 1 (max threshold 6)
[31.720s][trace][gc,age       ] GC(185) - age   1:    2001680 bytes,    2001680 total
[31.720s][trace][gc,age       ] GC(185) - age   2:        128 bytes,    2001808 total
[31.720s][trace][gc,age       ] GC(185) - age   3:        560 bytes,    2002368 total
[31.720s][info ][gc,heap      ] GC(185) ParNew: 17970K->1961K(19648K)
[31.720s][info ][gc,heap      ] GC(185) CMS: 6577K->6577K(43712K)
[31.720s][info ][gc,metaspace ] GC(185) Metaspace: 15845K->15845K(1064960K)
[31.720s][info ][gc           ] GC(185) Pause Young (Allocation Failure) 23M->8M(61M) 1.360ms
[31.720s][info ][gc,cpu       ] GC(185) User=0.01s Sys=0.00s Real=0.00s
[31.722s][info ][gc,start     ] GC(186) Pause Young (Allocation Failure)
[31.722s][info ][gc,task      ] GC(186) Using 8 workers of 8 for evacuation
[31.722s][debug][gc,age       ] GC(186) Desired survivor size 1114112 bytes, new threshold 1 (max threshold 6)
[31.722s][trace][gc,age       ] GC(186) Age table with threshold 1 (max threshold 6)
[31.722s][trace][gc,age       ] GC(186) - age   1:    2001880 bytes,    2001880 total
[31.722s][info ][gc,heap      ] GC(186) ParNew: 19179K->1965K(19648K)
[31.722s][info ][gc,heap      ] GC(186) CMS: 6577K->6969K(43712K)
[31.722s][info ][gc,metaspace ] GC(186) Metaspace: 15845K->15845K(1064960K)
[31.722s][info ][gc           ] GC(186) Pause Young (Allocation Failure) 25M->8M(61M) 0.702ms
[31.722s][info ][gc,cpu       ] GC(186) User=0.00s Sys=0.00s Real=0.00s
[31.724s][info ][gc,start     ] GC(187) Pause Young (Allocation Failure)
[31.724s][info ][gc,task      ] GC(187) Using 8 workers of 8 for evacuation
[31.725s][debug][gc,age       ] GC(187) Desired survivor size 1114112 bytes, new threshold 1 (max threshold 6)
[31.725s][trace][gc,age       ] GC(187) Age table with threshold 1 (max threshold 6)
[31.725s][trace][gc,age       ] GC(187) - age   1:    2001672 bytes,    2001672 total
[31.725s][info ][gc,heap      ] GC(187) ParNew: 19119K->1961K(19648K)
[31.725s][info ][gc,heap      ] GC(187) CMS: 6969K->7360K(43712K)
[31.725s][info ][gc,metaspace ] GC(187) Metaspace: 15845K->15845K(1064960K)
[31.725s][info ][gc           ] GC(187) Pause Young (Allocation Failure) 25M->9M(61M) 1.496ms
[31.725s][info ][gc,cpu       ] GC(187) User=0.00s Sys=0.00s Real=0.00s
[31.727s][info ][gc,start     ] GC(188) Pause Young (Allocation Failure)
[31.727s][info ][gc,task      ] GC(188) Using 8 workers of 8 for evacuation
[31.728s][debug][gc,age       ] GC(188) Desired survivor size 1114112 bytes, new threshold 1 (max threshold 6)
[31.728s][trace][gc,age       ] GC(188) Age table with threshold 1 (max threshold 6)
[31.728s][trace][gc,age       ] GC(188) - age   1:    1201416 bytes,    1201416 total
[31.728s][info ][gc,heap      ] GC(188) ParNew: 19052K->1184K(19648K)
[31.728s][info ][gc,heap      ] GC(188) CMS: 7360K->8141K(43712K)
[31.728s][info ][gc,metaspace ] GC(188) Metaspace: 15845K->15845K(1064960K)
[31.728s][info ][gc           ] GC(188) Pause Young (Allocation Failure) 25M->9M(61M) 1.553ms
[31.728s][info ][gc,cpu       ] GC(188) User=0.01s Sys=0.00s Real=0.01s
[31.731s][info ][gc,start     ] GC(189) Pause Young (Allocation Failure)
[31.731s][info ][gc,task      ] GC(189) Using 8 workers of 8 for evacuation
[31.733s][debug][gc,age       ] GC(189) Desired survivor size 1114112 bytes, new threshold 1 (max threshold 6)
[31.733s][trace][gc,age       ] GC(189) Age table with threshold 1 (max threshold 6)
[31.733s][trace][gc,age       ] GC(189) - age   1:    1200912 bytes,    1200912 total
[31.733s][info ][gc,heap      ] GC(189) ParNew: 18557K->1173K(19648K)
[31.733s][info ][gc,heap      ] GC(189) CMS: 8141K->8142K(43712K)
[31.733s][info ][gc,metaspace ] GC(189) Metaspace: 15845K->15845K(1064960K)
[31.733s][info ][gc           ] GC(189) Pause Young (Allocation Failure) 26M->9M(61M) 2.297ms
[31.733s][info ][gc,cpu       ] GC(189) User=0.01s Sys=0.00s Real=0.00s
[31.735s][info ][gc,start     ] GC(190) Pause Young (Allocation Failure)
[31.735s][info ][gc,task      ] GC(190) Using 8 workers of 8 for evacuation
[31.736s][debug][gc,age       ] GC(190) Desired survivor size 1114112 bytes, new threshold 1 (max threshold 6)
[31.736s][trace][gc,age       ] GC(190) Age table with threshold 1 (max threshold 6)
[31.736s][trace][gc,age       ] GC(190) - age   1:    2001880 bytes,    2001880 total
[31.736s][info ][gc,heap      ] GC(190) ParNew: 18377K->1961K(19648K)
[31.736s][info ][gc,heap      ] GC(190) CMS: 8142K->8143K(43712K)
[31.736s][info ][gc,metaspace ] GC(190) Metaspace: 15845K->15845K(1064960K)
[31.736s][info ][gc           ] GC(190) Pause Young (Allocation Failure) 25M->9M(61M) 1.635ms
[31.736s][info ][gc,cpu       ] GC(190) User=0.01s Sys=0.00s Real=0.00s
[31.738s][info ][gc,start     ] GC(191) Pause Young (Allocation Failure)
[31.738s][info ][gc,task      ] GC(191) Using 8 workers of 8 for evacuation
[31.739s][debug][gc,age       ] GC(191) Desired survivor size 1114112 bytes, new threshold 1 (max threshold 6)
[31.739s][trace][gc,age       ] GC(191) Age table with threshold 1 (max threshold 6)
[31.739s][trace][gc,age       ] GC(191) - age   1:    1601880 bytes,    1601880 total
[31.739s][info ][gc,heap      ] GC(191) ParNew: 19185K->1568K(19648K)
[31.739s][info ][gc,heap      ] GC(191) CMS: 8143K->8143K(43712K)
[31.739s][info ][gc,metaspace ] GC(191) Metaspace: 15845K->15845K(1064960K)
[31.739s][info ][gc           ] GC(191) Pause Young (Allocation Failure) 26M->9M(61M) 1.473ms
[31.739s][info ][gc,cpu       ] GC(191) User=0.01s Sys=0.00s Real=0.00s
[31.740s][info ][gc,start     ] GC(192) Pause Young (Allocation Failure)
[31.741s][info ][gc,task      ] GC(192) Using 8 workers of 8 for evacuation
[31.743s][debug][gc,age       ] GC(192) Desired survivor size 1114112 bytes, new threshold 1 (max threshold 6)
[31.743s][trace][gc,age       ] GC(192) Age table with threshold 1 (max threshold 6)
[31.743s][trace][gc,age       ] GC(192) - age   1:    2001680 bytes,    2001680 total
[31.743s][info ][gc,heap      ] GC(192) ParNew: 18714K->1961K(19648K)
[31.743s][info ][gc,heap      ] GC(192) CMS: 8143K->8534K(43712K)
[31.743s][info ][gc,metaspace ] GC(192) Metaspace: 15845K->15845K(1064960K)
[31.743s][info ][gc           ] GC(192) Pause Young (Allocation Failure) 26M->10M(61M) 2.285ms
[31.743s][info ][gc,cpu       ] GC(192) User=0.01s Sys=0.00s Real=0.00s
[31.744s][info ][gc,start     ] GC(193) Pause Young (Allocation Failure)
[31.744s][info ][gc,task      ] GC(193) Using 8 workers of 8 for evacuation
[31.745s][debug][gc,age       ] GC(193) Desired survivor size 1114112 bytes, new threshold 1 (max threshold 6)
[31.745s][trace][gc,age       ] GC(193) Age table with threshold 1 (max threshold 6)
[31.745s][trace][gc,age       ] GC(193) - age   1:    1201408 bytes,    1201408 total
[31.746s][info ][gc,heap      ] GC(193) ParNew: 19053K->1181K(19648K)
[31.746s][info ][gc,heap      ] GC(193) CMS: 8534K->8535K(43712K)
[31.746s][info ][gc,metaspace ] GC(193) Metaspace: 15845K->15845K(1064960K)
[31.746s][info ][gc           ] GC(193) Pause Young (Allocation Failure) 26M->9M(61M) 1.348ms
[31.746s][info ][gc,cpu       ] GC(193) User=0.00s Sys=0.01s Real=0.00s
[31.747s][info ][gc,start     ] GC(194) Pause Young (Allocation Failure)
[31.747s][info ][gc,task      ] GC(194) Using 8 workers of 8 for evacuation
[31.748s][debug][gc,age       ] GC(194) Desired survivor size 1114112 bytes, new threshold 1 (max threshold 6)
[31.748s][trace][gc,age       ] GC(194) Age table with threshold 1 (max threshold 6)
[31.748s][trace][gc,age       ] GC(194) - age   1:    2002000 bytes,    2002000 total
[31.748s][info ][gc,heap      ] GC(194) ParNew: 18421K->1963K(19648K)
[31.749s][info ][gc,heap      ] GC(194) CMS: 8535K->8925K(43712K)
[31.749s][info ][gc,metaspace ] GC(194) Metaspace: 15845K->15845K(1064960K)
[31.749s][info ][gc           ] GC(194) Pause Young (Allocation Failure) 26M->10M(61M) 1.309ms
[31.749s][info ][gc,cpu       ] GC(194) User=0.01s Sys=0.00s Real=0.01s
[31.750s][info ][gc,start     ] GC(195) Pause Young (Allocation Failure)
[31.750s][info ][gc,task      ] GC(195) Using 8 workers of 8 for evacuation
[31.752s][debug][gc,age       ] GC(195) Desired survivor size 1114112 bytes, new threshold 1 (max threshold 6)
[31.752s][trace][gc,age       ] GC(195) Age table with threshold 1 (max threshold 6)
[31.752s][trace][gc,age       ] GC(195) - age   1:    2001680 bytes,    2001680 total
[31.752s][info ][gc,heap      ] GC(195) ParNew: 19117K->1963K(19648K)
[31.752s][info ][gc,heap      ] GC(195) CMS: 8925K->9707K(43712K)
[31.752s][info ][gc,metaspace ] GC(195) Metaspace: 15845K->15845K(1064960K)
[31.752s][info ][gc           ] GC(195) Pause Young (Allocation Failure) 27M->11M(61M) 1.968ms
[31.752s][info ][gc,cpu       ] GC(195) User=0.01s Sys=0.00s Real=0.00s
[31.754s][info ][gc,start     ] GC(196) Pause Young (Allocation Failure)
[31.754s][info ][gc,task      ] GC(196) Using 8 workers of 8 for evacuation
[31.755s][debug][gc,age       ] GC(196) Desired survivor size 1114112 bytes, new threshold 1 (max threshold 6)
[31.755s][trace][gc,age       ] GC(196) Age table with threshold 1 (max threshold 6)
[31.755s][trace][gc,age       ] GC(196) - age   1:    1201472 bytes,    1201472 total
[31.755s][info ][gc,heap      ] GC(196) ParNew: 19425K->1179K(19648K)
[31.755s][info ][gc,heap      ] GC(196) CMS: 9707K->10489K(43712K)
[31.755s][info ][gc,metaspace ] GC(196) Metaspace: 15845K->15845K(1064960K)
[31.755s][info ][gc           ] GC(196) Pause Young (Allocation Failure) 28M->11M(61M) 1.436ms
[31.755s][info ][gc,cpu       ] GC(196) User=0.00s Sys=0.00s Real=0.00s
[31.757s][info ][gc,start     ] GC(197) Pause Young (Allocation Failure)
[31.757s][info ][gc,task      ] GC(197) Using 8 workers of 8 for evacuation
[31.758s][debug][gc,age       ] GC(197) Desired survivor size 1114112 bytes, new threshold 1 (max threshold 6)
[31.758s][trace][gc,age       ] GC(197) Age table with threshold 1 (max threshold 6)
[31.759s][trace][gc,age       ] GC(197) - age   1:    1601800 bytes,    1601800 total
[31.759s][info ][gc,heap      ] GC(197) ParNew: 18331K->1570K(19648K)
[31.759s][info ][gc,heap      ] GC(197) CMS: 10489K->10490K(43712K)
[31.759s][info ][gc,metaspace ] GC(197) Metaspace: 15845K->15845K(1064960K)
[31.759s][info ][gc           ] GC(197) Pause Young (Allocation Failure) 28M->11M(61M) 2.048ms
[31.759s][info ][gc,cpu       ] GC(197) User=0.01s Sys=0.00s Real=0.01s
[31.760s][info ][gc,start     ] GC(198) Pause Young (Allocation Failure)
[31.760s][info ][gc,task      ] GC(198) Using 8 workers of 8 for evacuation
[31.762s][debug][gc,age       ] GC(198) Desired survivor size 1114112 bytes, new threshold 1 (max threshold 6)
[31.762s][trace][gc,age       ] GC(198) Age table with threshold 1 (max threshold 6)
[31.762s][trace][gc,age       ] GC(198) - age   1:    2001992 bytes,    2001992 total
[31.762s][info ][gc,heap      ] GC(198) ParNew: 18792K->1959K(19648K)
[31.762s][info ][gc,heap      ] GC(198) CMS: 10490K->11272K(43712K)
[31.762s][info ][gc,metaspace ] GC(198) Metaspace: 15845K->15845K(1064960K)
[31.762s][info ][gc           ] GC(198) Pause Young (Allocation Failure) 28M->12M(61M) 1.806ms
[31.762s][info ][gc,cpu       ] GC(198) User=0.00s Sys=0.00s Real=0.00s
[31.763s][info ][gc,start     ] GC(199) Pause Young (Allocation Failure)
[31.764s][info ][gc,task      ] GC(199) Using 8 workers of 8 for evacuation
[31.765s][debug][gc,age       ] GC(199) Desired survivor size 1114112 bytes, new threshold 1 (max threshold 6)
[31.765s][trace][gc,age       ] GC(199) Age table with threshold 1 (max threshold 6)
[31.765s][trace][gc,age       ] GC(199) - age   1:    2001928 bytes,    2001928 total
[31.765s][info ][gc,heap      ] GC(199) ParNew: 19201K->1963K(19648K)
[31.765s][info ][gc,heap      ] GC(199) CMS: 11272K->12053K(43712K)
[31.765s][info ][gc,metaspace ] GC(199) Metaspace: 15845K->15845K(1064960K)
[31.765s][info ][gc           ] GC(199) Pause Young (Allocation Failure) 29M->13M(61M) 1.380ms
[31.765s][info ][gc,cpu       ] GC(199) User=0.01s Sys=0.00s Real=0.00s
[31.767s][info ][gc,start     ] GC(200) Pause Young (Allocation Failure)
[31.767s][info ][gc,task      ] GC(200) Using 8 workers of 8 for evacuation
[31.768s][debug][gc,age       ] GC(200) Desired survivor size 1114112 bytes, new threshold 1 (max threshold 6)
[31.768s][trace][gc,age       ] GC(200) Age table with threshold 1 (max threshold 6)
[31.768s][trace][gc,age       ] GC(200) - age   1:    1201096 bytes,    1201096 total
[31.768s][info ][gc,heap      ] GC(200) ParNew: 19365K->1177K(19648K)
[31.768s][info ][gc,heap      ] GC(200) CMS: 12053K->13226K(43712K)
[31.769s][info ][gc,metaspace ] GC(200) Metaspace: 15845K->15845K(1064960K)
[31.769s][info ][gc           ] GC(200) Pause Young (Allocation Failure) 30M->14M(61M) 1.706ms
[31.769s][info ][gc,cpu       ] GC(200) User=0.00s Sys=0.00s Real=0.01s
[31.770s][info ][gc,start     ] GC(201) Pause Young (Allocation Failure)
[31.770s][info ][gc,task      ] GC(201) Using 8 workers of 8 for evacuation
[31.772s][debug][gc,age       ] GC(201) Desired survivor size 1114112 bytes, new threshold 6 (max threshold 6)
[31.772s][trace][gc,age       ] GC(201) Age table with threshold 6 (max threshold 6)
[31.772s][trace][gc,age       ] GC(201) - age   1:     801872 bytes,     801872 total
[31.773s][info ][gc,heap      ] GC(201) ParNew: 18385K->787K(19648K)
[31.773s][info ][gc,heap      ] GC(201) CMS: 13226K->13617K(43712K)
[31.773s][info ][gc,metaspace ] GC(201) Metaspace: 15845K->15845K(1064960K)
[31.773s][info ][gc           ] GC(201) Pause Young (Allocation Failure) 30M->14M(61M) 2.202ms
[31.773s][info ][gc,cpu       ] GC(201) User=0.01s Sys=0.00s Real=0.00s
[31.775s][info ][gc,start     ] GC(202) Pause Young (Allocation Failure)
[31.775s][info ][gc,task      ] GC(202) Using 8 workers of 8 for evacuation
[31.777s][debug][gc,age       ] GC(202) Desired survivor size 1114112 bytes, new threshold 2 (max threshold 6)
[31.777s][trace][gc,age       ] GC(202) Age table with threshold 2 (max threshold 6)
[31.777s][trace][gc,age       ] GC(202) - age   1:     801256 bytes,     801256 total
[31.777s][trace][gc,age       ] GC(202) - age   2:     401256 bytes,    1202512 total
[31.777s][info ][gc,heap      ] GC(202) ParNew: 18198K->1177K(19648K)
[31.777s][info ][gc,heap      ] GC(202) CMS: 13617K->13617K(43712K)
[31.777s][info ][gc,metaspace ] GC(202) Metaspace: 15845K->15845K(1064960K)
[31.777s][info ][gc           ] GC(202) Pause Young (Allocation Failure) 31M->14M(61M) 2.021ms
[31.777s][info ][gc,cpu       ] GC(202) User=0.00s Sys=0.00s Real=0.00s
[31.779s][info ][gc,start     ] GC(203) Pause Young (Allocation Failure)
[31.780s][info ][gc,task      ] GC(203) Using 8 workers of 8 for evacuation
[31.781s][debug][gc,age       ] GC(203) Desired survivor size 1114112 bytes, new threshold 1 (max threshold 6)
[31.781s][trace][gc,age       ] GC(203) Age table with threshold 1 (max threshold 6)
[31.781s][trace][gc,age       ] GC(203) - age   1:    1201344 bytes,    1201344 total
[31.781s][trace][gc,age       ] GC(203) - age   2:     400680 bytes,    1602024 total
[31.781s][info ][gc,heap      ] GC(203) ParNew: 18287K->1572K(19648K)
[31.781s][info ][gc,heap      ] GC(203) CMS: 13617K->14008K(43712K)
[31.781s][info ][gc,metaspace ] GC(203) Metaspace: 15845K->15845K(1064960K)
[31.781s][info ][gc           ] GC(203) Pause Young (Allocation Failure) 31M->15M(61M) 1.538ms
[31.781s][info ][gc,cpu       ] GC(203) User=0.01s Sys=0.00s Real=0.00s
[31.782s][info ][gc,start     ] GC(204) Pause Young (Allocation Failure)
[31.783s][info ][gc,task      ] GC(204) Using 8 workers of 8 for evacuation
[31.783s][debug][gc,age       ] GC(204) Desired survivor size 1114112 bytes, new threshold 1 (max threshold 6)
[31.783s][trace][gc,age       ] GC(204) Age table with threshold 1 (max threshold 6)
[31.783s][trace][gc,age       ] GC(204) - age   1:    1602160 bytes,    1602160 total
[31.783s][info ][gc,heap      ] GC(204) ParNew: 18852K->1574K(19648K)
[31.783s][info ][gc,heap      ] GC(204) CMS: 14008K->14008K(43712K)
[31.784s][info ][gc,metaspace ] GC(204) Metaspace: 15845K->15845K(1064960K)
[31.784s][info ][gc           ] GC(204) Pause Young (Allocation Failure) 32M->15M(61M) 1.160ms
[31.784s][info ][gc,cpu       ] GC(204) User=0.01s Sys=0.00s Real=0.00s
[31.785s][info ][gc,start     ] GC(205) Pause Young (Allocation Failure)
[31.785s][info ][gc,task      ] GC(205) Using 8 workers of 8 for evacuation
[31.786s][debug][gc,age       ] GC(205) Desired survivor size 1114112 bytes, new threshold 1 (max threshold 6)
[31.786s][trace][gc,age       ] GC(205) Age table with threshold 1 (max threshold 6)
[31.786s][trace][gc,age       ] GC(205) - age   1:    1601856 bytes,    1601856 total
[31.786s][info ][gc,heap      ] GC(205) ParNew: 18766K->1568K(19648K)
[31.786s][info ][gc,heap      ] GC(205) CMS: 14008K->14009K(43712K)
[31.786s][info ][gc,metaspace ] GC(205) Metaspace: 15845K->15845K(1064960K)
[31.786s][info ][gc           ] GC(205) Pause Young (Allocation Failure) 32M->15M(61M) 1.281ms
[31.786s][info ][gc,cpu       ] GC(205) User=0.01s Sys=0.00s Real=0.00s
[31.787s][info ][gc,start     ] GC(206) Pause Young (Allocation Failure)
[31.787s][info ][gc,task      ] GC(206) Using 8 workers of 8 for evacuation
[31.789s][debug][gc,age       ] GC(206) Desired survivor size 1114112 bytes, new threshold 1 (max threshold 6)
[31.789s][trace][gc,age       ] GC(206) Age table with threshold 1 (max threshold 6)
[31.789s][trace][gc,age       ] GC(206) - age   1:    2001920 bytes,    2001920 total
[31.789s][info ][gc,heap      ] GC(206) ParNew: 18716K->1959K(19648K)
[31.789s][info ][gc,heap      ] GC(206) CMS: 14009K->14009K(43712K)
[31.789s][info ][gc,metaspace ] GC(206) Metaspace: 15845K->15845K(1064960K)
[31.789s][info ][gc           ] GC(206) Pause Young (Allocation Failure) 31M->15M(61M) 1.291ms
[31.789s][info ][gc,cpu       ] GC(206) User=0.00s Sys=0.00s Real=0.01s
[31.790s][info ][gc,start     ] GC(207) Pause Young (Allocation Failure)
[31.790s][info ][gc,task      ] GC(207) Using 8 workers of 8 for evacuation
[31.791s][debug][gc,age       ] GC(207) Desired survivor size 1114112 bytes, new threshold 1 (max threshold 6)
[31.791s][trace][gc,age       ] GC(207) Age table with threshold 1 (max threshold 6)
[31.791s][trace][gc,age       ] GC(207) - age   1:    2001912 bytes,    2001912 total
[31.791s][info ][gc,heap      ] GC(207) ParNew: 19168K->1961K(19648K)
[31.791s][info ][gc,heap      ] GC(207) CMS: 14009K->15181K(43712K)
[31.791s][info ][gc,metaspace ] GC(207) Metaspace: 15845K->15845K(1064960K)
[31.791s][info ][gc           ] GC(207) Pause Young (Allocation Failure) 32M->16M(61M) 1.447ms
[31.791s][info ][gc,cpu       ] GC(207) User=0.01s Sys=0.00s Real=0.00s
[31.793s][info ][gc,start     ] GC(208) Pause Young (Allocation Failure)
[31.793s][info ][gc,task      ] GC(208) Using 8 workers of 8 for evacuation
[31.794s][debug][gc,age       ] GC(208) Desired survivor size 1114112 bytes, new threshold 1 (max threshold 6)
[31.794s][trace][gc,age       ] GC(208) Age table with threshold 1 (max threshold 6)
[31.794s][trace][gc,age       ] GC(208) - age   1:    1601920 bytes,    1601920 total
[31.794s][info ][gc,heap      ] GC(208) ParNew: 19092K->1570K(19648K)
[31.794s][info ][gc,heap      ] GC(208) CMS: 15181K->15181K(43712K)
[31.794s][info ][gc,metaspace ] GC(208) Metaspace: 15845K->15845K(1064960K)
[31.794s][info ][gc           ] GC(208) Pause Young (Allocation Failure) 33M->16M(61M) 1.401ms
[31.794s][info ][gc,cpu       ] GC(208) User=0.00s Sys=0.01s Real=0.00s
[31.795s][info ][gc,start     ] GC(209) Pause Young (Allocation Failure)
[31.796s][info ][gc,task      ] GC(209) Using 8 workers of 8 for evacuation
[31.797s][debug][gc,age       ] GC(209) Desired survivor size 1114112 bytes, new threshold 6 (max threshold 6)
[31.797s][trace][gc,age       ] GC(209) Age table with threshold 6 (max threshold 6)
[31.797s][trace][gc,age       ] GC(209) - age   1:     801640 bytes,     801640 total
[31.797s][info ][gc,heap      ] GC(209) ParNew: 18758K->787K(19648K)
[31.797s][info ][gc,heap      ] GC(209) CMS: 15181K->15963K(43712K)
[31.797s][info ][gc,metaspace ] GC(209) Metaspace: 15845K->15845K(1064960K)
[31.797s][info ][gc           ] GC(209) Pause Young (Allocation Failure) 33M->16M(61M) 1.492ms
[31.797s][info ][gc,cpu       ] GC(209) User=0.00s Sys=0.00s Real=0.00s
[31.798s][info ][gc,start     ] GC(210) Pause Young (Allocation Failure)
[31.798s][info ][gc,task      ] GC(210) Using 8 workers of 8 for evacuation
[31.800s][debug][gc,age       ] GC(210) Desired survivor size 1114112 bytes, new threshold 1 (max threshold 6)
[31.800s][trace][gc,age       ] GC(210) Age table with threshold 1 (max threshold 6)
[31.800s][trace][gc,age       ] GC(210) - age   1:    1601984 bytes,    1601984 total
[31.800s][trace][gc,age       ] GC(210) - age   2:     400328 bytes,    2002312 total
[31.800s][info ][gc,heap      ] GC(210) ParNew: 17911K->1961K(19648K)
[31.800s][info ][gc,heap      ] GC(210) CMS: 15963K->15963K(43712K)
[31.800s][info ][gc,metaspace ] GC(210) Metaspace: 15845K->15845K(1064960K)
[31.800s][info ][gc           ] GC(210) Pause Young (Allocation Failure) 33M->17M(61M) 1.364ms
[31.800s][info ][gc,cpu       ] GC(210) User=0.01s Sys=0.00s Real=0.00s
[31.801s][info ][gc,start     ] GC(211) Pause Young (Allocation Failure)
[31.801s][info ][gc,task      ] GC(211) Using 8 workers of 8 for evacuation
[31.802s][debug][gc,age       ] GC(211) Desired survivor size 1114112 bytes, new threshold 1 (max threshold 6)
[31.802s][trace][gc,age       ] GC(211) Age table with threshold 1 (max threshold 6)
[31.802s][trace][gc,age       ] GC(211) - age   1:    2001728 bytes,    2001728 total
[31.802s][info ][gc,heap      ] GC(211) ParNew: 19420K->1963K(19648K)
[31.803s][info ][gc,heap      ] GC(211) CMS: 15963K->16354K(43712K)
[31.803s][info ][gc,metaspace ] GC(211) Metaspace: 15845K->15845K(1064960K)
[31.803s][info ][gc           ] GC(211) Pause Young (Allocation Failure) 34M->17M(61M) 1.431ms
[31.803s][info ][gc,cpu       ] GC(211) User=0.01s Sys=0.00s Real=0.00s
[31.804s][info ][gc,start     ] GC(212) Pause Young (Allocation Failure)
[31.804s][info ][gc,task      ] GC(212) Using 8 workers of 8 for evacuation
[31.806s][debug][gc,age       ] GC(212) Desired survivor size 1114112 bytes, new threshold 1 (max threshold 6)
[31.806s][trace][gc,age       ] GC(212) Age table with threshold 1 (max threshold 6)
[31.806s][trace][gc,age       ] GC(212) - age   1:    2001984 bytes,    2001984 total
[31.806s][info ][gc,heap      ] GC(212) ParNew: 19109K->1961K(19648K)
[31.806s][info ][gc,heap      ] GC(212) CMS: 16354K->17136K(43712K)
[31.806s][info ][gc,metaspace ] GC(212) Metaspace: 15845K->15845K(1064960K)
[31.806s][info ][gc           ] GC(212) Pause Young (Allocation Failure) 34M->18M(61M) 1.642ms
[31.806s][info ][gc,cpu       ] GC(212) User=0.01s Sys=0.00s Real=0.00s
[31.807s][info ][gc,start     ] GC(213) Pause Young (Allocation Failure)
[31.808s][info ][gc,task      ] GC(213) Using 8 workers of 8 for evacuation
[31.809s][debug][gc,age       ] GC(213) Desired survivor size 1114112 bytes, new threshold 1 (max threshold 6)
[31.809s][trace][gc,age       ] GC(213) Age table with threshold 1 (max threshold 6)
[31.809s][trace][gc,age       ] GC(213) - age   1:    2001384 bytes,    2001384 total
[31.809s][info ][gc,heap      ] GC(213) ParNew: 19410K->1959K(19648K)
[31.810s][info ][gc,heap      ] GC(213) CMS: 17136K->18309K(43712K)
[31.810s][info ][gc,metaspace ] GC(213) Metaspace: 15845K->15845K(1064960K)
[31.810s][info ][gc           ] GC(213) Pause Young (Allocation Failure) 35M->19M(61M) 2.145ms
[31.810s][info ][gc,cpu       ] GC(213) User=0.01s Sys=0.00s Real=0.01s
[31.811s][info ][gc,start     ] GC(214) Pause Young (Allocation Failure)
[31.811s][info ][gc,task      ] GC(214) Using 8 workers of 8 for evacuation
[31.813s][debug][gc,age       ] GC(214) Desired survivor size 1114112 bytes, new threshold 1 (max threshold 6)
[31.813s][trace][gc,age       ] GC(214) Age table with threshold 1 (max threshold 6)
[31.813s][trace][gc,age       ] GC(214) - age   1:    1601408 bytes,    1601408 total
[31.813s][info ][gc,heap      ] GC(214) ParNew: 19060K->1566K(19648K)
[31.813s][info ][gc,heap      ] GC(214) CMS: 18309K->18699K(43712K)
[31.813s][info ][gc,metaspace ] GC(214) Metaspace: 15845K->15845K(1064960K)
[31.813s][info ][gc           ] GC(214) Pause Young (Allocation Failure) 36M->19M(61M) 1.657ms
[31.813s][info ][gc,cpu       ] GC(214) User=0.00s Sys=0.00s Real=0.00s
[31.814s][info ][gc,start     ] GC(215) Pause Young (Allocation Failure)
[31.814s][info ][gc,task      ] GC(215) Using 8 workers of 8 for evacuation
[31.816s][debug][gc,age       ] GC(215) Desired survivor size 1114112 bytes, new threshold 1 (max threshold 6)
[31.816s][trace][gc,age       ] GC(215) Age table with threshold 1 (max threshold 6)
[31.816s][trace][gc,age       ] GC(215) - age   1:    2002952 bytes,    2002952 total
[31.816s][info ][gc,heap      ] GC(215) ParNew: 18759K->1963K(19648K)
[31.816s][info ][gc,heap      ] GC(215) CMS: 18699K->19481K(43712K)
[31.816s][info ][gc,metaspace ] GC(215) Metaspace: 15845K->15845K(1064960K)
[31.816s][info ][gc           ] GC(215) Pause Young (Allocation Failure) 36M->20M(61M) 1.556ms
[31.816s][info ][gc,cpu       ] GC(215) User=0.01s Sys=0.00s Real=0.00s
[31.818s][info ][gc,start     ] GC(216) Pause Young (Allocation Failure)
[31.818s][info ][gc,task      ] GC(216) Using 8 workers of 8 for evacuation
[31.819s][debug][gc,age       ] GC(216) Desired survivor size 1114112 bytes, new threshold 1 (max threshold 6)
[31.819s][trace][gc,age       ] GC(216) Age table with threshold 1 (max threshold 6)
[31.819s][trace][gc,age       ] GC(216) - age   1:    1201416 bytes,    1201416 total
[31.819s][info ][gc,heap      ] GC(216) ParNew: 19058K->1179K(19648K)
[31.819s][info ][gc,heap      ] GC(216) CMS: 19481K->19873K(43712K)
[31.819s][info ][gc,metaspace ] GC(216) Metaspace: 15845K->15845K(1064960K)
[31.819s][info ][gc           ] GC(216) Pause Young (Allocation Failure) 37M->20M(61M) 1.736ms
[31.819s][info ][gc,cpu       ] GC(216) User=0.00s Sys=0.00s Real=0.00s
[31.821s][info ][gc,start     ] GC(217) Pause Young (Allocation Failure)
[31.821s][info ][gc,task      ] GC(217) Using 8 workers of 8 for evacuation
[31.822s][debug][gc,age       ] GC(217) Desired survivor size 1114112 bytes, new threshold 1 (max threshold 6)
[31.822s][trace][gc,age       ] GC(217) Age table with threshold 1 (max threshold 6)
[31.822s][trace][gc,age       ] GC(217) - age   1:    1601408 bytes,    1601408 total
[31.822s][info ][gc,heap      ] GC(217) ParNew: 18272K->1570K(19648K)
[31.822s][info ][gc,heap      ] GC(217) CMS: 19873K->20264K(43712K)
[31.822s][info ][gc,metaspace ] GC(217) Metaspace: 15845K->15845K(1064960K)
[31.822s][info ][gc           ] GC(217) Pause Young (Allocation Failure) 37M->21M(61M) 1.566ms
[31.822s][info ][gc,cpu       ] GC(217) User=0.01s Sys=0.00s Real=0.00s
[31.824s][info ][gc,start     ] GC(218) Pause Young (Allocation Failure)
[31.824s][info ][gc,task      ] GC(218) Using 8 workers of 8 for evacuation
[31.825s][debug][gc,age       ] GC(218) Desired survivor size 1114112 bytes, new threshold 1 (max threshold 6)
[31.825s][trace][gc,age       ] GC(218) Age table with threshold 1 (max threshold 6)
[31.825s][trace][gc,age       ] GC(218) - age   1:    2001752 bytes,    2001752 total
[31.825s][info ][gc,heap      ] GC(218) ParNew: 18749K->1961K(19648K)
[31.825s][info ][gc,heap      ] GC(218) CMS: 20264K->20264K(43712K)
[31.825s][info ][gc,metaspace ] GC(218) Metaspace: 15845K->15845K(1064960K)
[31.825s][info ][gc           ] GC(218) Pause Young (Allocation Failure) 38M->21M(61M) 1.528ms
[31.825s][info ][gc,cpu       ] GC(218) User=0.01s Sys=0.00s Real=0.00s
[31.827s][info ][gc,start     ] GC(219) Pause Young (Allocation Failure)
[31.827s][info ][gc,task      ] GC(219) Using 8 workers of 8 for evacuation
[31.829s][debug][gc,age       ] GC(219) Desired survivor size 1114112 bytes, new threshold 1 (max threshold 6)
[31.829s][trace][gc,age       ] GC(219) Age table with threshold 1 (max threshold 6)
[31.829s][trace][gc,age       ] GC(219) - age   1:    2001944 bytes,    2001944 total
[31.829s][info ][gc,heap      ] GC(219) ParNew: 19122K->1959K(19648K)
[31.829s][info ][gc,heap      ] GC(219) CMS: 20264K->21046K(43712K)
[31.829s][info ][gc,metaspace ] GC(219) Metaspace: 15845K->15845K(1064960K)
[31.829s][info ][gc           ] GC(219) Pause Young (Allocation Failure) 38M->22M(61M) 1.653ms
[31.829s][info ][gc,cpu       ] GC(219) User=0.00s Sys=0.00s Real=0.01s
[31.831s][info ][gc,start     ] GC(220) Pause Young (Allocation Failure)
[31.831s][info ][gc,task      ] GC(220) Using 8 workers of 8 for evacuation
[31.832s][debug][gc,age       ] GC(220) Desired survivor size 1114112 bytes, new threshold 1 (max threshold 6)
[31.832s][trace][gc,age       ] GC(220) Age table with threshold 1 (max threshold 6)
[31.832s][trace][gc,age       ] GC(220) - age   1:    2001720 bytes,    2001720 total
[31.832s][info ][gc,heap      ] GC(220) ParNew: 19199K->1961K(19648K)
[31.832s][info ][gc,heap      ] GC(220) CMS: 21046K->21828K(43712K)
[31.832s][info ][gc,metaspace ] GC(220) Metaspace: 15845K->15845K(1064960K)
[31.832s][info ][gc           ] GC(220) Pause Young (Allocation Failure) 39M->23M(61M) 1.580ms
[31.832s][info ][gc,cpu       ] GC(220) User=0.00s Sys=0.00s Real=0.00s
[31.834s][info ][gc,start     ] GC(221) Pause Young (Allocation Failure)
[31.834s][info ][gc,task      ] GC(221) Using 8 workers of 8 for evacuation
[31.835s][debug][gc,age       ] GC(221) Desired survivor size 1114112 bytes, new threshold 6 (max threshold 6)
[31.835s][trace][gc,age       ] GC(221) Age table with threshold 6 (max threshold 6)
[31.835s][trace][gc,age       ] GC(221) - age   1:     800992 bytes,     800992 total
[31.835s][info ][gc,heap      ] GC(221) ParNew: 19433K->787K(19648K)
[31.835s][info ][gc,heap      ] GC(221) CMS: 21828K->23000K(43712K)
[31.835s][info ][gc,metaspace ] GC(221) Metaspace: 15845K->15845K(1064960K)
[31.835s][info ][gc           ] GC(221) Pause Young (Allocation Failure) 40M->23M(61M) 1.344ms
[31.835s][info ][gc,cpu       ] GC(221) User=0.00s Sys=0.00s Real=0.00s
[31.836s][info ][gc,start     ] GC(222) Pause Young (Allocation Failure)
[31.836s][info ][gc,task      ] GC(222) Using 8 workers of 8 for evacuation
[31.838s][debug][gc,age       ] GC(222) Desired survivor size 1114112 bytes, new threshold 1 (max threshold 6)
[31.838s][trace][gc,age       ] GC(222) Age table with threshold 1 (max threshold 6)
[31.838s][trace][gc,age       ] GC(222) - age   1:    2002368 bytes,    2002368 total
[31.838s][info ][gc,heap      ] GC(222) ParNew: 18005K->1967K(19648K)
[31.838s][info ][gc,heap      ] GC(222) CMS: 23000K->23781K(43712K)
[31.838s][info ][gc,metaspace ] GC(222) Metaspace: 15845K->15845K(1064960K)
[31.838s][info ][gc           ] GC(222) Pause Young (Allocation Failure) 40M->25M(61M) 1.416ms
[31.838s][info ][gc,cpu       ] GC(222) User=0.01s Sys=0.00s Real=0.01s
[31.839s][info ][gc,start     ] GC(223) Pause Young (Allocation Failure)
[31.839s][info ][gc,task      ] GC(223) Using 8 workers of 8 for evacuation
[31.841s][debug][gc,age       ] GC(223) Desired survivor size 1114112 bytes, new threshold 1 (max threshold 6)
[31.841s][trace][gc,age       ] GC(223) Age table with threshold 1 (max threshold 6)
[31.841s][trace][gc,age       ] GC(223) - age   1:    2001928 bytes,    2001928 total
[31.841s][info ][gc,heap      ] GC(223) ParNew: 19111K->1961K(19648K)
[31.841s][info ][gc,heap      ] GC(223) CMS: 23781K->24172K(43712K)
[31.841s][info ][gc,metaspace ] GC(223) Metaspace: 15845K->15845K(1064960K)
[31.841s][info ][gc           ] GC(223) Pause Young (Allocation Failure) 41M->25M(61M) 1.419ms
[31.841s][info ][gc,cpu       ] GC(223) User=0.00s Sys=0.00s Real=0.00s
[31.843s][info ][gc,start     ] GC(224) Pause Young (Allocation Failure)
[31.843s][info ][gc,task      ] GC(224) Using 8 workers of 8 for evacuation
[31.844s][debug][gc,age       ] GC(224) Desired survivor size 1114112 bytes, new threshold 1 (max threshold 6)
[31.845s][trace][gc,age       ] GC(224) Age table with threshold 1 (max threshold 6)
[31.845s][trace][gc,age       ] GC(224) - age   1:    2001688 bytes,    2001688 total
[31.845s][info ][gc,heap      ] GC(224) ParNew: 19433K->1961K(19648K)
[31.845s][info ][gc,heap      ] GC(224) CMS: 24172K->25735K(43712K)
[31.845s][info ][gc,metaspace ] GC(224) Metaspace: 15845K->15845K(1064960K)
[31.845s][info ][gc           ] GC(224) Pause Young (Allocation Failure) 42M->27M(61M) 1.711ms
[31.845s][info ][gc,cpu       ] GC(224) User=0.01s Sys=0.01s Real=0.00s
[31.846s][info ][gc,start     ] GC(225) Pause Young (Allocation Failure)
[31.846s][info ][gc,task      ] GC(225) Using 8 workers of 8 for evacuation
[31.847s][debug][gc,age       ] GC(225) Desired survivor size 1114112 bytes, new threshold 1 (max threshold 6)
[31.847s][trace][gc,age       ] GC(225) Age table with threshold 1 (max threshold 6)
[31.847s][trace][gc,age       ] GC(225) - age   1:    2002216 bytes,    2002216 total
[31.847s][info ][gc,heap      ] GC(225) ParNew: 19145K->1963K(19648K)
[31.847s][info ][gc,heap      ] GC(225) CMS: 25735K->26126K(43712K)
[31.847s][info ][gc,metaspace ] GC(225) Metaspace: 15845K->15845K(1064960K)
[31.847s][info ][gc           ] GC(225) Pause Young (Allocation Failure) 43M->27M(61M) 1.100ms
[31.847s][info ][gc,cpu       ] GC(225) User=0.01s Sys=0.00s Real=0.00s
[31.848s][info ][gc,start     ] GC(226) Pause Young (Allocation Failure)
[31.848s][info ][gc,task      ] GC(226) Using 8 workers of 8 for evacuation
[31.850s][debug][gc,age       ] GC(226) Desired survivor size 1114112 bytes, new threshold 6 (max threshold 6)
[31.850s][trace][gc,age       ] GC(226) Age table with threshold 6 (max threshold 6)
[31.850s][trace][gc,age       ] GC(226) - age   1:     401112 bytes,     401112 total
[31.850s][info ][gc,heap      ] GC(226) ParNew: 19379K->394K(19648K)
[31.850s][info ][gc,heap      ] GC(226) CMS: 26126K->27299K(43712K)
[31.850s][info ][gc,metaspace ] GC(226) Metaspace: 15845K->15845K(1064960K)
[31.850s][info ][gc           ] GC(226) Pause Young (Allocation Failure) 44M->27M(61M) 1.667ms
[31.850s][info ][gc,cpu       ] GC(226) User=0.01s Sys=0.00s Real=0.00s
[31.851s][info ][gc,start     ] GC(227) Pause Young (Allocation Failure)
[31.851s][info ][gc,task      ] GC(227) Using 8 workers of 8 for evacuation
[31.853s][debug][gc,age       ] GC(227) Desired survivor size 1114112 bytes, new threshold 1 (max threshold 6)
[31.853s][trace][gc,age       ] GC(227) Age table with threshold 1 (max threshold 6)
[31.853s][trace][gc,age       ] GC(227) - age   1:    1201792 bytes,    1201792 total
[31.853s][trace][gc,age       ] GC(227) - age   2:     400304 bytes,    1602096 total
[31.853s][info ][gc,heap      ] GC(227) ParNew: 17516K->1568K(19648K)
[31.853s][info ][gc,heap      ] GC(227) CMS: 27299K->27299K(43712K)
[31.853s][info ][gc,metaspace ] GC(227) Metaspace: 15845K->15845K(1064960K)
[31.853s][info ][gc           ] GC(227) Pause Young (Allocation Failure) 43M->28M(61M) 1.588ms
[31.853s][info ][gc,cpu       ] GC(227) User=0.01s Sys=0.00s Real=0.00s
[31.854s][info ][gc,start     ] GC(228) Pause Young (Allocation Failure)
[31.854s][info ][gc,task      ] GC(228) Using 8 workers of 8 for evacuation
[31.855s][debug][gc,age       ] GC(228) Desired survivor size 1114112 bytes, new threshold 1 (max threshold 6)
[31.855s][trace][gc,age       ] GC(228) Age table with threshold 1 (max threshold 6)
[31.855s][trace][gc,age       ] GC(228) - age   1:    2001928 bytes,    2001928 total
[31.855s][info ][gc,heap      ] GC(228) ParNew: 18744K->1965K(19648K)
[31.855s][info ][gc,heap      ] GC(228) CMS: 27299K->28081K(43712K)
[31.855s][info ][gc,metaspace ] GC(228) Metaspace: 15845K->15845K(1064960K)
[31.855s][info ][gc           ] GC(228) Pause Young (Allocation Failure) 44M->29M(61M) 0.976ms
[31.855s][info ][gc,cpu       ] GC(228) User=0.00s Sys=0.00s Real=0.00s
[31.856s][info ][gc,start     ] GC(229) Pause Young (Allocation Failure)
[31.856s][info ][gc,task      ] GC(229) Using 8 workers of 8 for evacuation
[31.857s][debug][gc,age       ] GC(229) Desired survivor size 1114112 bytes, new threshold 1 (max threshold 6)
[31.857s][trace][gc,age       ] GC(229) Age table with threshold 1 (max threshold 6)
[31.858s][trace][gc,age       ] GC(229) - age   1:    1201952 bytes,    1201952 total
[31.858s][info ][gc,heap      ] GC(229) ParNew: 19171K->1177K(19648K)
[31.858s][info ][gc,heap      ] GC(229) CMS: 28081K->28081K(43712K)
[31.858s][info ][gc,metaspace ] GC(229) Metaspace: 15845K->15845K(1064960K)
[31.858s][info ][gc           ] GC(229) Pause Young (Allocation Failure) 46M->28M(61M) 1.256ms
[31.858s][info ][gc,cpu       ] GC(229) User=0.00s Sys=0.00s Real=0.01s
[31.859s][info ][gc,start     ] GC(230) Pause Young (Allocation Failure)
[31.859s][info ][gc,task      ] GC(230) Using 8 workers of 8 for evacuation
[31.861s][debug][gc,age       ] GC(230) Desired survivor size 1114112 bytes, new threshold 1 (max threshold 6)
[31.861s][trace][gc,age       ] GC(230) Age table with threshold 1 (max threshold 6)
[31.861s][trace][gc,age       ] GC(230) - age   1:    2001936 bytes,    2001936 total
[31.861s][info ][gc,heap      ] GC(230) ParNew: 18303K->1959K(19648K)
[31.861s][info ][gc,heap      ] GC(230) CMS: 28081K->28472K(43712K)
[31.861s][info ][gc,metaspace ] GC(230) Metaspace: 15845K->15845K(1064960K)
[31.861s][info ][gc           ] GC(230) Pause Young (Allocation Failure) 45M->29M(61M) 1.931ms
[31.861s][info ][gc,cpu       ] GC(230) User=0.01s Sys=0.00s Real=0.00s
[31.863s][info ][gc,start     ] GC(231) Pause Young (Allocation Failure)
[31.863s][info ][gc,task      ] GC(231) Using 8 workers of 8 for evacuation
[31.863s][debug][gc,age       ] GC(231) Desired survivor size 1114112 bytes, new threshold 1 (max threshold 6)
[31.863s][trace][gc,age       ] GC(231) Age table with threshold 1 (max threshold 6)
[31.863s][trace][gc,age       ] GC(231) - age   1:    2001616 bytes,    2001616 total
[31.863s][info ][gc,heap      ] GC(231) ParNew: 19052K->1963K(19648K)
[31.863s][info ][gc,heap      ] GC(231) CMS: 28472K->29254K(43712K)
[31.863s][info ][gc,metaspace ] GC(231) Metaspace: 15845K->15845K(1064960K)
[31.863s][info ][gc           ] GC(231) Pause Young (Allocation Failure) 46M->30M(61M) 0.719ms
[31.863s][info ][gc,cpu       ] GC(231) User=0.00s Sys=0.00s Real=0.00s
[31.865s][info ][gc,start     ] GC(232) Pause Young (Allocation Failure)
[31.865s][info ][gc,task      ] GC(232) Using 8 workers of 8 for evacuation
[31.866s][debug][gc,age       ] GC(232) Desired survivor size 1114112 bytes, new threshold 1 (max threshold 6)
[31.866s][trace][gc,age       ] GC(232) Age table with threshold 1 (max threshold 6)
[31.866s][trace][gc,age       ] GC(232) - age   1:    1201168 bytes,    1201168 total
[31.866s][info ][gc,heap      ] GC(232) ParNew: 19421K->1182K(19648K)
[31.866s][info ][gc,heap      ] GC(232) CMS: 29254K->30035K(43712K)
[31.866s][info ][gc,metaspace ] GC(232) Metaspace: 15845K->15845K(1064960K)
[31.866s][info ][gc           ] GC(232) Pause Young (Allocation Failure) 47M->30M(61M) 1.398ms
[31.866s][info ][gc,cpu       ] GC(232) User=0.00s Sys=0.00s Real=0.00s
[31.868s][info ][gc,start     ] GC(233) Pause Young (Allocation Failure)
[31.868s][info ][gc,task      ] GC(233) Using 8 workers of 8 for evacuation
[31.870s][debug][gc,age       ] GC(233) Desired survivor size 1114112 bytes, new threshold 1 (max threshold 6)
[31.870s][trace][gc,age       ] GC(233) Age table with threshold 1 (max threshold 6)
[31.870s][trace][gc,age       ] GC(233) - age   1:    2002288 bytes,    2002288 total
[31.870s][info ][gc,heap      ] GC(233) ParNew: 18407K->1959K(19648K)
[31.870s][info ][gc,heap      ] GC(233) CMS: 30035K->30817K(43712K)
[31.870s][info ][gc,metaspace ] GC(233) Metaspace: 15845K->15845K(1064960K)
[31.870s][info ][gc           ] GC(233) Pause Young (Allocation Failure) 47M->32M(61M) 2.488ms
[31.870s][info ][gc,cpu       ] GC(233) User=0.01s Sys=0.00s Real=0.00s
[31.872s][info ][gc,start     ] GC(234) Pause Young (Allocation Failure)
[31.872s][info ][gc,task      ] GC(234) Using 8 workers of 8 for evacuation
[31.873s][debug][gc,age       ] GC(234) Desired survivor size 1114112 bytes, new threshold 1 (max threshold 6)
[31.873s][trace][gc,age       ] GC(234) Age table with threshold 1 (max threshold 6)
[31.873s][trace][gc,age       ] GC(234) - age   1:    2001872 bytes,    2001872 total
[31.873s][info ][gc,heap      ] GC(234) ParNew: 19087K->1957K(19648K)
[31.873s][info ][gc,heap      ] GC(234) CMS: 30817K->30817K(43712K)
[31.873s][info ][gc,metaspace ] GC(234) Metaspace: 15845K->15845K(1064960K)
[31.873s][info ][gc           ] GC(234) Pause Young (Allocation Failure) 48M->32M(61M) 1.818ms
[31.873s][info ][gc,cpu       ] GC(234) User=0.01s Sys=0.00s Real=0.00s
[31.875s][info ][gc,start     ] GC(235) Pause Young (Allocation Failure)
[31.875s][info ][gc,task      ] GC(235) Using 8 workers of 8 for evacuation
[31.876s][debug][gc,age       ] GC(235) Desired survivor size 1114112 bytes, new threshold 1 (max threshold 6)
[31.876s][trace][gc,age       ] GC(235) Age table with threshold 1 (max threshold 6)
[31.876s][trace][gc,age       ] GC(235) - age   1:    2002168 bytes,    2002168 total
[31.876s][info ][gc,heap      ] GC(235) ParNew: 19156K->1965K(19648K)
[31.876s][info ][gc,heap      ] GC(235) CMS: 30817K->31208K(43712K)
[31.876s][info ][gc,metaspace ] GC(235) Metaspace: 15845K->15845K(1064960K)
[31.876s][info ][gc           ] GC(235) Pause Young (Allocation Failure) 48M->32M(61M) 1.621ms
[31.876s][info ][gc,cpu       ] GC(235) User=0.00s Sys=0.00s Real=0.00s
[31.878s][info ][gc,start     ] GC(236) Pause Young (Allocation Failure)
[31.878s][info ][gc,task      ] GC(236) Using 8 workers of 8 for evacuation
[31.879s][debug][gc,age       ] GC(236) Desired survivor size 1114112 bytes, new threshold 1 (max threshold 6)
[31.879s][trace][gc,age       ] GC(236) Age table with threshold 1 (max threshold 6)
[31.879s][trace][gc,age       ] GC(236) - age   1:    1201848 bytes,    1201848 total
[31.879s][info ][gc,heap      ] GC(236) ParNew: 19143K->1179K(19648K)
[31.879s][info ][gc,heap      ] GC(236) CMS: 31208K->31208K(43712K)
[31.879s][info ][gc,metaspace ] GC(236) Metaspace: 15845K->15845K(1064960K)
[31.879s][info ][gc           ] GC(236) Pause Young (Allocation Failure) 49M->31M(61M) 1.349ms
[31.879s][info ][gc,cpu       ] GC(236) User=0.01s Sys=0.00s Real=0.00s
[31.881s][info ][gc,start     ] GC(237) Pause Young (Allocation Failure)
[31.881s][info ][gc,task      ] GC(237) Using 8 workers of 8 for evacuation
[31.882s][debug][gc,age       ] GC(237) Desired survivor size 1114112 bytes, new threshold 1 (max threshold 6)
[31.882s][trace][gc,age       ] GC(237) Age table with threshold 1 (max threshold 6)
[31.882s][trace][gc,age       ] GC(237) - age   1:    1601424 bytes,    1601424 total
[31.883s][info ][gc,heap      ] GC(237) ParNew: 18592K->1564K(19648K)
[31.883s][info ][gc,heap      ] GC(237) CMS: 31208K->31600K(43712K)
[31.883s][info ][gc,metaspace ] GC(237) Metaspace: 15845K->15845K(1064960K)
[31.883s][info ][gc           ] GC(237) Pause Young (Allocation Failure) 48M->32M(61M) 1.937ms
[31.883s][info ][gc,cpu       ] GC(237) User=0.00s Sys=0.00s Real=0.00s
[31.884s][info ][gc,start     ] GC(238) Pause Young (Allocation Failure)
[31.884s][info ][gc,task      ] GC(238) Using 8 workers of 8 for evacuation
[31.885s][debug][gc,age       ] GC(238) Desired survivor size 1114112 bytes, new threshold 1 (max threshold 6)
[31.885s][trace][gc,age       ] GC(238) Age table with threshold 1 (max threshold 6)
[31.885s][trace][gc,age       ] GC(238) - age   1:    1601800 bytes,    1601800 total
[31.886s][info ][gc,heap      ] GC(238) ParNew: 18723K->1566K(19648K)
[31.886s][info ][gc,heap      ] GC(238) CMS: 31600K->31991K(43712K)
[31.886s][info ][gc,metaspace ] GC(238) Metaspace: 15845K->15845K(1064960K)
[31.886s][info ][gc           ] GC(238) Pause Young (Allocation Failure) 49M->32M(61M) 1.823ms
[31.886s][info ][gc,cpu       ] GC(238) User=0.00s Sys=0.00s Real=0.00s
[31.887s][info ][gc,start     ] GC(239) Pause Young (Allocation Failure)
[31.887s][info ][gc,task      ] GC(239) Using 8 workers of 8 for evacuation
[31.888s][debug][gc,age       ] GC(239) Desired survivor size 1114112 bytes, new threshold 1 (max threshold 6)
[31.888s][trace][gc,age       ] GC(239) Age table with threshold 1 (max threshold 6)
[31.888s][trace][gc,age       ] GC(239) - age   1:    2002000 bytes,    2002000 total
[31.888s][info ][gc,heap      ] GC(239) ParNew: 18717K->1959K(19648K)
[31.888s][info ][gc,heap      ] GC(239) CMS: 31991K->32382K(43712K)
[31.888s][info ][gc,metaspace ] GC(239) Metaspace: 15845K->15845K(1064960K)
[31.888s][info ][gc           ] GC(239) Pause Young (Allocation Failure) 49M->33M(61M) 1.353ms
[31.888s][info ][gc,cpu       ] GC(239) User=0.01s Sys=0.00s Real=0.01s
[31.890s][info ][gc,start     ] GC(240) Pause Young (Allocation Failure)
[31.890s][info ][gc,task      ] GC(240) Using 8 workers of 8 for evacuation
[31.891s][debug][gc,age       ] GC(240) Desired survivor size 1114112 bytes, new threshold 1 (max threshold 6)
[31.891s][trace][gc,age       ] GC(240) Age table with threshold 1 (max threshold 6)
[31.891s][trace][gc,age       ] GC(240) - age   1:    2002192 bytes,    2002192 total
[31.891s][info ][gc,heap      ] GC(240) ParNew: 19156K->1959K(19648K)
[31.891s][info ][gc,heap      ] GC(240) CMS: 32382K->32382K(43712K)
[31.891s][info ][gc,metaspace ] GC(240) Metaspace: 15845K->15845K(1064960K)
[31.891s][info ][gc           ] GC(240) Pause Young (Allocation Failure) 50M->33M(61M) 1.320ms
[31.891s][info ][gc,cpu       ] GC(240) User=0.01s Sys=0.00s Real=0.00s
[31.893s][info ][gc,start     ] GC(241) Pause Young (Allocation Failure)
[31.893s][info ][gc,task      ] GC(241) Using 8 workers of 8 for evacuation
[31.894s][debug][gc,age       ] GC(241) Desired survivor size 1114112 bytes, new threshold 1 (max threshold 6)
[31.894s][trace][gc,age       ] GC(241) Age table with threshold 1 (max threshold 6)
[31.894s][trace][gc,age       ] GC(241) - age   1:    2001384 bytes,    2001384 total
[31.894s][info ][gc,heap      ] GC(241) ParNew: 19409K->1963K(19648K)
[31.894s][info ][gc,heap      ] GC(241) CMS: 32382K->32383K(43712K)
[31.894s][info ][gc,metaspace ] GC(241) Metaspace: 15845K->15845K(1064960K)
[31.894s][info ][gc           ] GC(241) Pause Young (Allocation Failure) 50M->33M(61M) 1.426ms
[31.894s][info ][gc,cpu       ] GC(241) User=0.01s Sys=0.01s Real=0.00s
[31.895s][info ][gc,start     ] GC(242) Pause Young (Allocation Failure)
[31.895s][info ][gc,task      ] GC(242) Using 8 workers of 8 for evacuation
[31.897s][debug][gc,age       ] GC(242) Desired survivor size 1114112 bytes, new threshold 1 (max threshold 6)
[31.897s][trace][gc,age       ] GC(242) Age table with threshold 1 (max threshold 6)
[31.897s][trace][gc,age       ] GC(242) - age   1:    2002136 bytes,    2002136 total
[31.897s][info ][gc,heap      ] GC(242) ParNew: 19117K->1959K(19648K)
[31.897s][info ][gc,heap      ] GC(242) CMS: 32383K->33164K(43712K)
[31.897s][info ][gc,metaspace ] GC(242) Metaspace: 15845K->15845K(1064960K)
[31.897s][info ][gc           ] GC(242) Pause Young (Allocation Failure) 50M->34M(61M) 1.530ms
[31.897s][info ][gc,cpu       ] GC(242) User=0.00s Sys=0.00s Real=0.00s
[31.898s][info ][gc,start     ] GC(243) Pause Young (Allocation Failure)
[31.898s][info ][gc,task      ] GC(243) Using 8 workers of 8 for evacuation
[31.899s][debug][gc,age       ] GC(243) Desired survivor size 1114112 bytes, new threshold 1 (max threshold 6)
[31.899s][trace][gc,age       ] GC(243) Age table with threshold 1 (max threshold 6)
[31.899s][trace][gc,age       ] GC(243) - age   1:    2001944 bytes,    2001944 total
[31.899s][info ][gc,heap      ] GC(243) ParNew: 19123K->1959K(19648K)
[31.899s][info ][gc,heap      ] GC(243) CMS: 33164K->33946K(43712K)
[31.899s][info ][gc,metaspace ] GC(243) Metaspace: 15845K->15845K(1064960K)
[31.899s][info ][gc           ] GC(243) Pause Young (Allocation Failure) 51M->35M(61M) 1.440ms
[31.899s][info ][gc,cpu       ] GC(243) User=0.01s Sys=0.00s Real=0.00s
[31.901s][info ][gc,start     ] GC(244) Pause Young (Allocation Failure)
[31.901s][info ][gc,task      ] GC(244) Using 8 workers of 8 for evacuation
[31.902s][debug][gc,age       ] GC(244) Desired survivor size 1114112 bytes, new threshold 1 (max threshold 6)
[31.902s][trace][gc,age       ] GC(244) Age table with threshold 1 (max threshold 6)
[31.902s][trace][gc,age       ] GC(244) - age   1:    2002168 bytes,    2002168 total
[31.902s][info ][gc,heap      ] GC(244) ParNew: 19148K->1965K(19648K)
[31.902s][info ][gc,heap      ] GC(244) CMS: 33946K->34337K(43712K)
[31.902s][info ][gc,metaspace ] GC(244) Metaspace: 15845K->15845K(1064960K)
[31.902s][info ][gc           ] GC(244) Pause Young (Allocation Failure) 51M->35M(61M) 1.002ms
[31.902s][info ][gc,cpu       ] GC(244) User=0.00s Sys=0.00s Real=0.00s
[31.903s][info ][gc,start     ] GC(245) Pause Young (Allocation Failure)
[31.903s][info ][gc,task      ] GC(245) Using 8 workers of 8 for evacuation
[31.904s][debug][gc,age       ] GC(245) Desired survivor size 1114112 bytes, new threshold 1 (max threshold 6)
[31.904s][trace][gc,age       ] GC(245) Age table with threshold 1 (max threshold 6)
[31.904s][trace][gc,age       ] GC(245) - age   1:    2002064 bytes,    2002064 total
[31.904s][info ][gc,heap      ] GC(245) ParNew: 19137K->1959K(19648K)
[31.905s][info ][gc,heap      ] GC(245) CMS: 34337K->34337K(43712K)
[31.905s][info ][gc,metaspace ] GC(245) Metaspace: 15845K->15845K(1064960K)
[31.905s][info ][gc           ] GC(245) Pause Young (Allocation Failure) 52M->35M(61M) 1.413ms
[31.905s][info ][gc,cpu       ] GC(245) User=0.00s Sys=0.00s Real=0.00s
[31.906s][info ][gc,start     ] GC(246) Pause Young (Allocation Failure)
[31.906s][info ][gc,task      ] GC(246) Using 8 workers of 8 for evacuation
[31.906s][debug][gc,age       ] GC(246) Desired survivor size 1114112 bytes, new threshold 1 (max threshold 6)
[31.906s][trace][gc,age       ] GC(246) Age table with threshold 1 (max threshold 6)
[31.906s][trace][gc,age       ] GC(246) - age   1:    1601856 bytes,    1601856 total
[31.906s][info ][gc,heap      ] GC(246) ParNew: 19071K->1572K(19648K)
[31.907s][info ][gc,heap      ] GC(246) CMS: 34337K->34728K(43712K)
[31.907s][info ][gc,metaspace ] GC(246) Metaspace: 15845K->15845K(1064960K)
[31.907s][info ][gc           ] GC(246) Pause Young (Allocation Failure) 52M->35M(61M) 0.777ms
[31.907s][info ][gc,cpu       ] GC(246) User=0.00s Sys=0.00s Real=0.00s
[31.908s][info ][gc,start     ] GC(247) Pause Young (Allocation Failure)
[31.908s][info ][gc,task      ] GC(247) Using 8 workers of 8 for evacuation
[31.909s][debug][gc,age       ] GC(247) Desired survivor size 1114112 bytes, new threshold 1 (max threshold 6)
[31.909s][trace][gc,age       ] GC(247) Age table with threshold 1 (max threshold 6)
[31.909s][trace][gc,age       ] GC(247) - age   1:    1601680 bytes,    1601680 total
[31.909s][info ][gc,heap      ] GC(247) ParNew: 18705K->1570K(19648K)
[31.909s][info ][gc,heap      ] GC(247) CMS: 34728K->35119K(43712K)
[31.909s][info ][gc,metaspace ] GC(247) Metaspace: 15845K->15845K(1064960K)
[31.909s][info ][gc           ] GC(247) Pause Young (Allocation Failure) 52M->35M(61M) 1.591ms
[31.909s][info ][gc,cpu       ] GC(247) User=0.01s Sys=0.00s Real=0.00s
[31.911s][info ][gc,start     ] GC(248) Pause Young (Allocation Failure)
[31.911s][info ][gc,task      ] GC(248) Using 8 workers of 8 for evacuation
[31.911s][debug][gc,age       ] GC(248) Desired survivor size 1114112 bytes, new threshold 1 (max threshold 6)
[31.911s][trace][gc,age       ] GC(248) Age table with threshold 1 (max threshold 6)
[31.911s][trace][gc,age       ] GC(248) - age   1:    2002008 bytes,    2002008 total
[31.911s][info ][gc,heap      ] GC(248) ParNew: 18684K->1965K(19648K)
[31.911s][info ][gc,heap      ] GC(248) CMS: 35119K->35510K(43712K)
[31.911s][info ][gc,metaspace ] GC(248) Metaspace: 15845K->15845K(1064960K)
[31.911s][info ][gc           ] GC(248) Pause Young (Allocation Failure) 52M->36M(61M) 0.707ms
[31.911s][info ][gc,cpu       ] GC(248) User=0.01s Sys=0.00s Real=0.00s
[31.913s][info ][gc,start     ] GC(249) Pause Young (Allocation Failure)
[31.913s][info ][gc,task      ] GC(249) Using 8 workers of 8 for evacuation
[31.914s][debug][gc,age       ] GC(249) Desired survivor size 1114112 bytes, new threshold 6 (max threshold 6)
[31.914s][trace][gc,age       ] GC(249) Age table with threshold 6 (max threshold 6)
[31.914s][trace][gc,age       ] GC(249) - age   1:     801144 bytes,     801144 total
[31.914s][info ][gc,heap      ] GC(249) ParNew: 19341K->791K(19648K)
[31.914s][info ][gc,heap      ] GC(249) CMS: 35510K->36683K(43712K)
[31.914s][info ][gc,metaspace ] GC(249) Metaspace: 15845K->15845K(1064960K)
[31.914s][info ][gc           ] GC(249) Pause Young (Allocation Failure) 53M->36M(61M) 1.529ms
[31.914s][info ][gc,cpu       ] GC(249) User=0.01s Sys=0.00s Real=0.00s
[31.915s][info ][gc,start     ] GC(250) Pause Initial Mark
[31.915s][info ][gc           ] GC(250) Pause Initial Mark 43M->43M(61M) 0.230ms
[31.915s][info ][gc,cpu       ] GC(250) User=0.00s Sys=0.00s Real=0.00s
[31.915s][info ][gc           ] GC(250) Concurrent Mark
[31.915s][info ][gc,task      ] GC(250) Using 2 workers of 2 for marking
[31.917s][info ][gc,start     ] GC(251) Pause Young (Allocation Failure)
[31.917s][info ][gc,task      ] GC(251) Using 8 workers of 8 for evacuation
[31.918s][debug][gc,age       ] GC(251) Desired survivor size 1114112 bytes, new threshold 1 (max threshold 6)
[31.918s][trace][gc,age       ] GC(251) Age table with threshold 1 (max threshold 6)
[31.918s][trace][gc,age       ] GC(251) - age   1:    2001808 bytes,    2001808 total
[31.918s][trace][gc,age       ] GC(251) - age   2:        312 bytes,    2002120 total
[31.918s][info ][gc,heap      ] GC(251) ParNew: 17922K->1965K(19648K)
[31.918s][info ][gc,heap      ] GC(251) CMS: 36683K->37464K(43712K)
[31.918s][info ][gc,metaspace ] GC(251) Metaspace: 15845K->15845K(1064960K)
[31.918s][info ][gc           ] GC(251) Pause Young (Allocation Failure) 53M->38M(61M) 1.495ms
[31.918s][info ][gc,cpu       ] GC(251) User=0.01s Sys=0.00s Real=0.01s
[31.920s][info ][gc,start     ] GC(252) Pause Young (Allocation Failure)
[31.920s][info ][gc,task      ] GC(252) Using 8 workers of 8 for evacuation
[31.922s][debug][gc,age       ] GC(252) Desired survivor size 1114112 bytes, new threshold 6 (max threshold 6)
[31.922s][trace][gc,age       ] GC(252) Age table with threshold 6 (max threshold 6)
[31.922s][trace][gc,age       ] GC(252) - age   1:     401632 bytes,     401632 total
[31.922s][info ][gc,heap      ] GC(252) ParNew: 19437K->392K(19648K)
[31.922s][info ][gc,heap      ] GC(252) CMS: 37464K->37855K(43712K)
[31.922s][info ][gc,metaspace ] GC(252) Metaspace: 15845K->15845K(1064960K)
[31.922s][info ][gc           ] GC(252) Pause Young (Allocation Failure) 55M->37M(61M) 2.257ms
[31.922s][info ][gc,cpu       ] GC(252) User=0.01s Sys=0.00s Real=0.00s
[31.924s][info ][gc,start     ] GC(253) Pause Young (Allocation Failure)
[31.924s][info ][gc,task      ] GC(253) Using 8 workers of 8 for evacuation
[31.925s][debug][gc,age       ] GC(253) Desired survivor size 1114112 bytes, new threshold 6 (max threshold 6)
[31.925s][trace][gc,age       ] GC(253) Age table with threshold 6 (max threshold 6)
[31.925s][trace][gc,age       ] GC(253) - age   1:     401448 bytes,     401448 total
[31.925s][trace][gc,age       ] GC(253) - age   2:        808 bytes,     402256 total
[31.925s][info ][gc,heap      ] GC(253) ParNew: 17846K->400K(19648K)
[31.925s][info ][gc,heap      ] GC(253) CMS: 37855K->37855K(43712K)
[31.925s][info ][gc,metaspace ] GC(253) Metaspace: 15845K->15845K(1064960K)
[31.925s][info ][gc           ] GC(253) Pause Young (Allocation Failure) 54M->37M(61M) 1.437ms
[31.925s][info ][gc,cpu       ] GC(253) User=0.01s Sys=0.00s Real=0.00s
[31.926s][info ][gc           ] GC(250) Concurrent Mark 10.934ms
[31.926s][info ][gc,cpu       ] GC(250) User=0.05s Sys=0.00s Real=0.01s
[31.926s][info ][gc           ] GC(250) Concurrent Preclean
[31.927s][info ][gc           ] GC(250) Concurrent Preclean 0.315ms
[31.927s][info ][gc,cpu       ] GC(250) User=0.00s Sys=0.00s Real=0.00s
[31.927s][info ][gc           ] GC(250) Concurrent Abortable Preclean
[31.927s][info ][gc,start     ] GC(254) Pause Young (Allocation Failure)
[31.927s][info ][gc,task      ] GC(254) Using 8 workers of 8 for evacuation
[31.929s][debug][gc,age       ] GC(254) Desired survivor size 1114112 bytes, new threshold 6 (max threshold 6)
[31.929s][trace][gc,age       ] GC(254) Age table with threshold 6 (max threshold 6)
[31.929s][trace][gc,age       ] GC(254) - age   1:     401312 bytes,     401312 total
[31.929s][trace][gc,age       ] GC(254) - age   2:     400888 bytes,     802200 total
[31.929s][trace][gc,age       ] GC(254) - age   3:         64 bytes,     802264 total
[31.929s][info ][gc,heap      ] GC(254) ParNew: 17858K->791K(19648K)
[31.929s][info ][gc,heap      ] GC(254) CMS: 37855K->37855K(43712K)
[31.929s][info ][gc,metaspace ] GC(254) Metaspace: 15845K->15845K(1064960K)
[31.929s][info ][gc           ] GC(254) Pause Young (Allocation Failure) 54M->37M(61M) 1.479ms
[31.929s][info ][gc,cpu       ] GC(254) User=0.00s Sys=0.00s Real=0.01s
[31.930s][info ][gc,start     ] GC(255) Pause Young (Allocation Failure)
[31.930s][info ][gc,task      ] GC(255) Using 8 workers of 8 for evacuation
[31.932s][debug][gc,age       ] GC(255) Desired survivor size 1114112 bytes, new threshold 1 (max threshold 6)
[31.932s][trace][gc,age       ] GC(255) Age table with threshold 1 (max threshold 6)
[31.932s][trace][gc,age       ] GC(255) - age   1:    2001872 bytes,    2001872 total
[31.932s][trace][gc,age       ] GC(255) - age   2:        248 bytes,    2002120 total
[31.932s][trace][gc,age       ] GC(255) - age   3:        128 bytes,    2002248 total
[31.932s][trace][gc,age       ] GC(255) - age   4:         64 bytes,    2002312 total
[31.932s][info ][gc,heap      ] GC(255) ParNew: 18090K->1957K(19648K)
[31.932s][info ][gc,heap      ] GC(255) CMS: 37855K->38637K(43712K)
[31.932s][info ][gc,metaspace ] GC(255) Metaspace: 15845K->15845K(1064960K)
[31.932s][info ][gc           ] GC(255) Pause Young (Allocation Failure) 54M->39M(61M) 2.428ms
[31.932s][info ][gc,cpu       ] GC(255) User=0.01s Sys=0.00s Real=0.00s
[31.934s][info ][gc,start     ] GC(256) Pause Young (Allocation Failure)
[31.934s][info ][gc,task      ] GC(256) Using 8 workers of 8 for evacuation
[31.935s][debug][gc,age       ] GC(256) Desired survivor size 1114112 bytes, new threshold 1 (max threshold 6)
[31.935s][trace][gc,age       ] GC(256) Age table with threshold 1 (max threshold 6)
[31.935s][trace][gc,age       ] GC(256) - age   1:    1201576 bytes,    1201576 total
[31.935s][info ][gc,heap      ] GC(256) ParNew: 19132K->1179K(19648K)
[31.935s][info ][gc,heap      ] GC(256) CMS: 38637K->39028K(43712K)
[31.935s][info ][gc,metaspace ] GC(256) Metaspace: 15845K->15845K(1064960K)
[31.935s][info ][gc           ] GC(256) Pause Young (Allocation Failure) 56M->39M(61M) 1.468ms
[31.935s][info ][gc,cpu       ] GC(256) User=0.01s Sys=0.00s Real=0.00s
[31.936s][info ][gc,start     ] GC(257) Pause Young (Allocation Failure)
[31.937s][info ][gc,task      ] GC(257) Using 8 workers of 8 for evacuation
[31.938s][debug][gc,age       ] GC(257) Desired survivor size 1114112 bytes, new threshold 1 (max threshold 6)
[31.938s][trace][gc,age       ] GC(257) Age table with threshold 1 (max threshold 6)
[31.938s][trace][gc,age       ] GC(257) - age   1:    2002320 bytes,    2002320 total
[31.938s][info ][gc,heap      ] GC(257) ParNew: 18410K->1959K(19648K)
[31.938s][info ][gc,heap      ] GC(257) CMS: 39028K->39419K(43712K)
[31.938s][info ][gc,metaspace ] GC(257) Metaspace: 15845K->15845K(1064960K)
[31.938s][info ][gc           ] GC(257) Pause Young (Allocation Failure) 56M->40M(61M) 1.255ms
[31.938s][info ][gc,cpu       ] GC(257) User=0.01s Sys=0.00s Real=0.01s
[31.939s][info ][gc,start     ] GC(258) Pause Young (Allocation Failure)
[31.939s][info ][gc,task      ] GC(258) Using 8 workers of 8 for evacuation
[31.940s][debug][gc,age       ] GC(258) Desired survivor size 1114112 bytes, new threshold 1 (max threshold 6)
[31.940s][trace][gc,age       ] GC(258) Age table with threshold 1 (max threshold 6)
[31.940s][trace][gc,age       ] GC(258) - age   1:    1201352 bytes,    1201352 total
[31.940s][info ][gc,heap      ] GC(258) ParNew: 19399K->1177K(19648K)
[31.940s][info ][gc,heap      ] GC(258) CMS: 39419K->39810K(43712K)
[31.940s][info ][gc,metaspace ] GC(258) Metaspace: 15845K->15845K(1064960K)
[31.940s][info ][gc           ] GC(258) Pause Young (Allocation Failure) 57M->40M(61M) 1.223ms
[31.940s][info ][gc,cpu       ] GC(258) User=0.01s Sys=0.00s Real=0.00s
[31.942s][info ][gc,start     ] GC(259) Pause Young (Allocation Failure)
[31.942s][info ][gc,task      ] GC(259) Using 8 workers of 8 for evacuation
[31.943s][debug][gc,age       ] GC(259) Desired survivor size 1114112 bytes, new threshold 1 (max threshold 6)
[31.943s][trace][gc,age       ] GC(259) Age table with threshold 1 (max threshold 6)
[31.943s][trace][gc,age       ] GC(259) - age   1:    2002296 bytes,    2002296 total
[31.943s][info ][gc,heap      ] GC(259) ParNew: 18408K->1963K(19648K)
[31.943s][info ][gc,heap      ] GC(259) CMS: 39810K->40201K(43712K)
[31.943s][info ][gc,metaspace ] GC(259) Metaspace: 15845K->15845K(1064960K)
[31.943s][info ][gc           ] GC(259) Pause Young (Allocation Failure) 56M->41M(61M) 1.448ms
[31.943s][info ][gc,cpu       ] GC(259) User=0.00s Sys=0.00s Real=0.00s
[31.944s][info ][gc,start     ] GC(260) Pause Young (Allocation Failure)
[31.944s][info ][gc,task      ] GC(260) Using 8 workers of 8 for evacuation
[31.945s][debug][gc,age       ] GC(260) Desired survivor size 1114112 bytes, new threshold 6 (max threshold 6)
[31.945s][trace][gc,age       ] GC(260) Age table with threshold 6 (max threshold 6)
[31.945s][trace][gc,age       ] GC(260) - age   1:     801376 bytes,     801376 total
[31.945s][info ][gc,heap      ] GC(260) ParNew: 19435K->787K(19648K)
[31.945s][info ][gc,heap      ] GC(260) CMS: 40201K->40592K(43712K)
[31.945s][info ][gc,metaspace ] GC(260) Metaspace: 15845K->15845K(1064960K)
[31.945s][info ][gc           ] GC(260) Pause Young (Allocation Failure) 58M->40M(61M) 1.164ms
[31.945s][info ][gc,cpu       ] GC(260) User=0.00s Sys=0.00s Real=0.00s
[31.947s][info ][gc,start     ] GC(261) Pause Young (Allocation Failure)
[31.947s][info ][gc,task      ] GC(261) Using 8 workers of 8 for evacuation
[31.948s][debug][gc,age       ] GC(261) Desired survivor size 1114112 bytes, new threshold 1 (max threshold 6)
[31.948s][trace][gc,age       ] GC(261) Age table with threshold 1 (max threshold 6)
[31.948s][trace][gc,age       ] GC(261) - age   1:    1201544 bytes,    1201544 total
[31.948s][trace][gc,age       ] GC(261) - age   2:     800776 bytes,    2002320 total
[31.948s][info ][gc,heap      ] GC(261) ParNew: 18239K->1963K(19648K)
[31.948s][info ][gc,heap      ] GC(261) CMS: 40592K->40983K(43712K)
[31.948s][info ][gc,metaspace ] GC(261) Metaspace: 15845K->15845K(1064960K)
[31.948s][info ][gc           ] GC(261) Pause Young (Allocation Failure) 57M->41M(61M) 1.275ms
[31.948s][info ][gc,cpu       ] GC(261) User=0.01s Sys=0.00s Real=0.01s
[31.950s][info ][gc,start     ] GC(262) Pause Young (Allocation Failure)
[31.950s][info ][gc,task      ] GC(262) Using 8 workers of 8 for evacuation
[31.956s][info ][gc,promotion ] Promotion failed
[31.956s][info ][gc,start     ] GC(263) Pause Full (Allocation Failure)
[31.956s][info ][gc           ] GC(250) Concurrent Abortable Preclean 29.423ms
[31.956s][info ][gc,cpu       ] GC(250) User=0.12s Sys=0.01s Real=0.03s
[31.957s][info ][gc,phases,start] GC(263) Phase 1: Mark live objects
[31.961s][debug][gc,phases      ] GC(263) Reference Processing 0.064ms
[31.961s][debug][gc,phases      ] GC(263) Weak Processing 0.019ms
[31.961s][debug][gc,phases      ] GC(263) ClassLoaderData 0.035ms
[31.961s][debug][gc,phases      ] GC(263) ProtectionDomainCacheTable 0.002ms
[31.961s][debug][gc,phases      ] GC(263) ResolvedMethodTable 0.014ms
[31.961s][debug][gc,phases      ] GC(263) Class Unloading 0.744ms
[31.962s][debug][gc,phases      ] GC(263) Scrub String Table 0.126ms
[31.963s][debug][gc,phases      ] GC(263) Scrub Symbol Table 1.055ms
[31.963s][info ][gc,phases      ] GC(263) Phase 1: Mark live objects 6.518ms
[31.963s][info ][gc,phases,start] GC(263) Phase 2: Compute new object addresses
[31.964s][info ][gc,phases      ] GC(263) Phase 2: Compute new object addresses 1.600ms
[31.964s][info ][gc,phases,start] GC(263) Phase 3: Adjust pointers
[31.969s][info ][gc,phases      ] GC(263) Phase 3: Adjust pointers 4.251ms
[31.969s][info ][gc,phases,start] GC(263) Phase 4: Move objects
[31.970s][info ][gc,phases      ] GC(263) Phase 4: Move objects 1.408ms
[31.970s][info ][gc             ] GC(263) Pause Full (Allocation Failure) 59M->6M(61M) 14.284ms
[31.970s][info ][gc,heap        ] GC(262) ParNew: 19399K->0K(19648K)
[31.970s][info ][gc,heap        ] GC(262) CMS: 40983K->6253K(43712K)
[31.970s][info ][gc,metaspace   ] GC(262) Metaspace: 15845K->15845K(1064960K)
[31.970s][info ][gc             ] GC(262) Pause Young (Allocation Failure) 58M->6M(61M) 20.655ms
[31.970s][info ][gc,cpu         ] GC(262) User=0.03s Sys=0.01s Real=0.02s
[31.972s][info ][gc,start       ] GC(264) Pause Young (Allocation Failure)
[31.972s][info ][gc,task        ] GC(264) Using 8 workers of 8 for evacuation
[31.973s][debug][gc,age         ] GC(264) Desired survivor size 1114112 bytes, new threshold 1 (max threshold 6)
[31.973s][trace][gc,age         ] GC(264) Age table with threshold 1 (max threshold 6)
[31.973s][trace][gc,age         ] GC(264) - age   1:    1202728 bytes,    1202728 total
[31.973s][info ][gc,heap        ] GC(264) ParNew: 17312K->1181K(19648K)
[31.973s][info ][gc,heap        ] GC(264) CMS: 6253K->6253K(43712K)
[31.973s][info ][gc,metaspace   ] GC(264) Metaspace: 15845K->15845K(1064960K)
[31.973s][info ][gc             ] GC(264) Pause Young (Allocation Failure) 23M->7M(61M) 1.304ms
[31.973s][info ][gc,cpu         ] GC(264) User=0.00s Sys=0.00s Real=0.00s
[31.974s][info ][gc,start       ] GC(265) Pause Young (Allocation Failure)
[31.974s][info ][gc,task        ] GC(265) Using 8 workers of 8 for evacuation
[31.976s][debug][gc,age         ] GC(265) Desired survivor size 1114112 bytes, new threshold 1 (max threshold 6)
[31.976s][trace][gc,age         ] GC(265) Age table with threshold 1 (max threshold 6)
[31.976s][trace][gc,age         ] GC(265) - age   1:    2001872 bytes,    2001872 total
[31.976s][info ][gc,heap        ] GC(265) ParNew: 18362K->1959K(19648K)
[31.976s][info ][gc,heap        ] GC(265) CMS: 6253K->6655K(43712K)
[31.976s][info ][gc,metaspace   ] GC(265) Metaspace: 15845K->15845K(1064960K)
[31.976s][info ][gc             ] GC(265) Pause Young (Allocation Failure) 24M->8M(61M) 1.548ms
[31.976s][info ][gc,cpu         ] GC(265) User=0.01s Sys=0.00s Real=0.00s
[31.977s][info ][gc,start       ] GC(266) Pause Young (Allocation Failure)
[31.977s][info ][gc,task        ] GC(266) Using 8 workers of 8 for evacuation
[31.979s][debug][gc,age         ] GC(266) Desired survivor size 1114112 bytes, new threshold 1 (max threshold 6)
[31.979s][trace][gc,age         ] GC(266) Age table with threshold 1 (max threshold 6)
[31.979s][trace][gc,age         ] GC(266) - age   1:    2001800 bytes,    2001800 total
[31.979s][info ][gc,heap        ] GC(266) ParNew: 19122K->1959K(19648K)
[31.979s][info ][gc,heap        ] GC(266) CMS: 6655K->7045K(43712K)
[31.979s][info ][gc,metaspace   ] GC(266) Metaspace: 15845K->15845K(1064960K)
[31.979s][info ][gc             ] GC(266) Pause Young (Allocation Failure) 25M->8M(61M) 1.450ms
[31.979s][info ][gc,cpu         ] GC(266) User=0.01s Sys=0.00s Real=0.01s
[31.980s][info ][gc,start       ] GC(267) Pause Young (Allocation Failure)
[31.980s][info ][gc,task        ] GC(267) Using 8 workers of 8 for evacuation
[31.981s][debug][gc,age         ] GC(267) Desired survivor size 1114112 bytes, new threshold 1 (max threshold 6)
[31.981s][trace][gc,age         ] GC(267) Age table with threshold 1 (max threshold 6)
[31.981s][trace][gc,age         ] GC(267) - age   1:    1601768 bytes,    1601768 total
[31.981s][info ][gc,heap        ] GC(267) ParNew: 19105K->1568K(19648K)
[31.981s][info ][gc,heap        ] GC(267) CMS: 7045K->7436K(43712K)
[31.981s][info ][gc,metaspace   ] GC(267) Metaspace: 15845K->15845K(1064960K)
[31.981s][info ][gc             ] GC(267) Pause Young (Allocation Failure) 25M->8M(61M) 1.272ms
[31.981s][info ][gc,cpu         ] GC(267) User=0.00s Sys=0.00s Real=0.00s
[31.982s][info ][gc,start       ] GC(268) Pause Young (Allocation Failure)
[31.982s][info ][gc,task        ] GC(268) Using 8 workers of 8 for evacuation
[31.984s][debug][gc,age         ] GC(268) Desired survivor size 1114112 bytes, new threshold 1 (max threshold 6)
[31.984s][trace][gc,age         ] GC(268) Age table with threshold 1 (max threshold 6)
[31.984s][trace][gc,age         ] GC(268) - age   1:    2001680 bytes,    2001680 total
[31.984s][info ][gc,heap        ] GC(268) ParNew: 18770K->1963K(19648K)
[31.984s][info ][gc,heap        ] GC(268) CMS: 7436K->8999K(43712K)
[31.984s][info ][gc,metaspace   ] GC(268) Metaspace: 15845K->15845K(1064960K)
[31.984s][info ][gc             ] GC(268) Pause Young (Allocation Failure) 25M->10M(61M) 1.380ms
[31.984s][info ][gc,cpu         ] GC(268) User=0.00s Sys=0.00s Real=0.00s
[31.985s][info ][gc,start       ] GC(269) Pause Young (Allocation Failure)
[31.985s][info ][gc,task        ] GC(269) Using 8 workers of 8 for evacuation
[31.986s][debug][gc,age         ] GC(269) Desired survivor size 1114112 bytes, new threshold 1 (max threshold 6)
[31.986s][trace][gc,age         ] GC(269) Age table with threshold 1 (max threshold 6)
[31.986s][trace][gc,age         ] GC(269) - age   1:    2002048 bytes,    2002048 total
[31.986s][info ][gc,heap        ] GC(269) ParNew: 19143K->1965K(19648K)
[31.986s][info ][gc,heap        ] GC(269) CMS: 8999K->9390K(43712K)
[31.986s][info ][gc,metaspace   ] GC(269) Metaspace: 15845K->15845K(1064960K)
[31.986s][info ][gc             ] GC(269) Pause Young (Allocation Failure) 27M->11M(61M) 0.772ms
[31.986s][info ][gc,cpu         ] GC(269) User=0.00s Sys=0.00s Real=0.00s
[31.987s][info ][gc,start       ] GC(270) Pause Young (Allocation Failure)
[31.987s][info ][gc,task        ] GC(270) Using 8 workers of 8 for evacuation
[31.989s][debug][gc,age         ] GC(270) Desired survivor size 1114112 bytes, new threshold 1 (max threshold 6)
[31.989s][trace][gc,age         ] GC(270) Age table with threshold 1 (max threshold 6)
[31.989s][trace][gc,age         ] GC(270) - age   1:    1201456 bytes,    1201456 total
[31.989s][info ][gc,heap        ] GC(270) ParNew: 19406K->1177K(19648K)
[31.989s][info ][gc,heap        ] GC(270) CMS: 9390K->10563K(43712K)
[31.989s][info ][gc,metaspace   ] GC(270) Metaspace: 15845K->15845K(1064960K)
[31.989s][info ][gc             ] GC(270) Pause Young (Allocation Failure) 28M->11M(61M) 1.337ms
[31.989s][info ][gc,cpu         ] GC(270) User=0.00s Sys=0.00s Real=0.01s
[31.990s][info ][gc,start       ] GC(271) Pause Young (Allocation Failure)
[31.990s][info ][gc,task        ] GC(271) Using 8 workers of 8 for evacuation
[31.992s][debug][gc,age         ] GC(271) Desired survivor size 1114112 bytes, new threshold 1 (max threshold 6)
[31.992s][trace][gc,age         ] GC(271) Age table with threshold 1 (max threshold 6)
[31.992s][trace][gc,age         ] GC(271) - age   1:    2001568 bytes,    2001568 total
[31.992s][info ][gc,heap        ] GC(271) ParNew: 18620K->1963K(19648K)
[31.992s][info ][gc,heap        ] GC(271) CMS: 10563K->11345K(43712K)
[31.992s][info ][gc,metaspace   ] GC(271) Metaspace: 15845K->15845K(1064960K)
[31.992s][info ][gc             ] GC(271) Pause Young (Allocation Failure) 28M->12M(61M) 1.513ms
[31.992s][info ][gc,cpu         ] GC(271) User=0.01s Sys=0.00s Real=0.00s
[31.994s][info ][gc,start       ] GC(272) Pause Young (Allocation Failure)
[31.994s][info ][gc,task        ] GC(272) Using 8 workers of 8 for evacuation
[31.995s][debug][gc,age         ] GC(272) Desired survivor size 1114112 bytes, new threshold 1 (max threshold 6)
[31.995s][trace][gc,age         ] GC(272) Age table with threshold 1 (max threshold 6)
[31.995s][trace][gc,age         ] GC(272) - age   1:    2001104 bytes,    2001104 total
[31.995s][info ][gc,heap        ] GC(272) ParNew: 19062K->1959K(19648K)
[31.995s][info ][gc,heap        ] GC(272) CMS: 11345K->11736K(43712K)
[31.995s][info ][gc,metaspace   ] GC(272) Metaspace: 15845K->15845K(1064960K)
[31.995s][info ][gc             ] GC(272) Pause Young (Allocation Failure) 29M->13M(61M) 1.381ms
[31.995s][info ][gc,cpu         ] GC(272) User=0.00s Sys=0.00s Real=0.00s
[31.997s][info ][gc,start       ] GC(273) Pause Young (Allocation Failure)
[31.997s][info ][gc,task        ] GC(273) Using 8 workers of 8 for evacuation
[31.999s][debug][gc,age         ] GC(273) Desired survivor size 1114112 bytes, new threshold 1 (max threshold 6)
[31.999s][trace][gc,age         ] GC(273) Age table with threshold 1 (max threshold 6)
[31.999s][trace][gc,age         ] GC(273) - age   1:    1601800 bytes,    1601800 total
[31.999s][info ][gc,heap        ] GC(273) ParNew: 19089K->1566K(19648K)
[31.999s][info ][gc,heap        ] GC(273) CMS: 11736K->12518K(43712K)
[31.999s][info ][gc,metaspace   ] GC(273) Metaspace: 15845K->15845K(1064960K)
[31.999s][info ][gc             ] GC(273) Pause Young (Allocation Failure) 30M->13M(61M) 2.114ms
[31.999s][info ][gc,cpu         ] GC(273) User=0.00s Sys=0.00s Real=0.01s
[32.000s][info ][gc,start       ] GC(274) Pause Young (Allocation Failure)
[32.000s][info ][gc,task        ] GC(274) Using 8 workers of 8 for evacuation
[32.001s][debug][gc,age         ] GC(274) Desired survivor size 1114112 bytes, new threshold 1 (max threshold 6)
[32.001s][trace][gc,age         ] GC(274) Age table with threshold 1 (max threshold 6)
[32.001s][trace][gc,age         ] GC(274) - age   1:    2001992 bytes,    2001992 total
[32.001s][info ][gc,heap        ] GC(274) ParNew: 18762K->1959K(19648K)
[32.001s][info ][gc,heap        ] GC(274) CMS: 12518K->12909K(43712K)
[32.001s][info ][gc,metaspace   ] GC(274) Metaspace: 15845K->15845K(1064960K)
[32.001s][info ][gc             ] GC(274) Pause Young (Allocation Failure) 30M->14M(61M) 1.351ms
[32.001s][info ][gc,cpu         ] GC(274) User=0.01s Sys=0.00s Real=0.00s
[32.003s][info ][gc,start       ] GC(275) Pause Young (Allocation Failure)
[32.003s][info ][gc,task        ] GC(275) Using 8 workers of 8 for evacuation
[32.004s][debug][gc,age         ] GC(275) Desired survivor size 1114112 bytes, new threshold 1 (max threshold 6)
[32.004s][trace][gc,age         ] GC(275) Age table with threshold 1 (max threshold 6)
[32.004s][trace][gc,age         ] GC(275) - age   1:    2001712 bytes,    2001712 total
[32.004s][info ][gc,heap        ] GC(275) ParNew: 19131K->1963K(19648K)
[32.004s][info ][gc,heap        ] GC(275) CMS: 12909K->14081K(43712K)
[32.004s][info ][gc,metaspace   ] GC(275) Metaspace: 15845K->15845K(1064960K)
[32.004s][info ][gc             ] GC(275) Pause Young (Allocation Failure) 31M->15M(61M) 1.492ms
[32.005s][info ][gc,cpu         ] GC(275) User=0.01s Sys=0.00s Real=0.00s
[32.006s][info ][gc,start       ] GC(276) Pause Young (Allocation Failure)
[32.006s][info ][gc,task        ] GC(276) Using 8 workers of 8 for evacuation
[32.007s][debug][gc,age         ] GC(276) Desired survivor size 1114112 bytes, new threshold 1 (max threshold 6)
[32.007s][trace][gc,age         ] GC(276) Age table with threshold 1 (max threshold 6)
[32.007s][trace][gc,age         ] GC(276) - age   1:    2002248 bytes,    2002248 total
[32.007s][info ][gc,heap        ] GC(276) ParNew: 19175K->1959K(19648K)
[32.007s][info ][gc,heap        ] GC(276) CMS: 14081K->14863K(43712K)
[32.007s][info ][gc,metaspace   ] GC(276) Metaspace: 15845K->15845K(1064960K)
[32.007s][info ][gc             ] GC(276) Pause Young (Allocation Failure) 32M->16M(61M) 1.286ms
[32.007s][info ][gc,cpu         ] GC(276) User=0.01s Sys=0.00s Real=0.00s
[32.009s][info ][gc,start       ] GC(277) Pause Young (Allocation Failure)
[32.009s][info ][gc,task        ] GC(277) Using 8 workers of 8 for evacuation
[32.010s][debug][gc,age         ] GC(277) Desired survivor size 1114112 bytes, new threshold 1 (max threshold 6)
[32.010s][trace][gc,age         ] GC(277) Age table with threshold 1 (max threshold 6)
[32.010s][trace][gc,age         ] GC(277) - age   1:    2001616 bytes,    2001616 total
[32.010s][info ][gc,heap        ] GC(277) ParNew: 19425K->1961K(19648K)
[32.010s][info ][gc,heap        ] GC(277) CMS: 14863K->15254K(43712K)
[32.010s][info ][gc,metaspace   ] GC(277) Metaspace: 15845K->15845K(1064960K)
[32.010s][info ][gc             ] GC(277) Pause Young (Allocation Failure) 33M->16M(61M) 1.662ms
[32.010s][info ][gc,cpu         ] GC(277) User=0.00s Sys=0.00s Real=0.00s
[32.012s][info ][gc,start       ] GC(278) Pause Young (Allocation Failure)
[32.012s][info ][gc,task        ] GC(278) Using 8 workers of 8 for evacuation
[32.013s][debug][gc,age         ] GC(278) Desired survivor size 1114112 bytes, new threshold 1 (max threshold 6)
[32.013s][trace][gc,age         ] GC(278) Age table with threshold 1 (max threshold 6)
[32.013s][trace][gc,age         ] GC(278) - age   1:    2002048 bytes,    2002048 total
[32.013s][info ][gc,heap        ] GC(278) ParNew: 19133K->1959K(19648K)
[32.013s][info ][gc,heap        ] GC(278) CMS: 15254K->15645K(43712K)
[32.013s][info ][gc,metaspace   ] GC(278) Metaspace: 15845K->15845K(1064960K)
[32.013s][info ][gc             ] GC(278) Pause Young (Allocation Failure) 33M->17M(61M) 1.283ms
[32.013s][info ][gc,cpu         ] GC(278) User=0.01s Sys=0.00s Real=0.00s
[32.014s][info ][gc,start       ] GC(279) Pause Young (Allocation Failure)
[32.014s][info ][gc,task        ] GC(279) Using 8 workers of 8 for evacuation
[32.016s][debug][gc,age         ] GC(279) Desired survivor size 1114112 bytes, new threshold 1 (max threshold 6)
[32.016s][trace][gc,age         ] GC(279) Age table with threshold 1 (max threshold 6)
[32.016s][trace][gc,age         ] GC(279) - age   1:    2001696 bytes,    2001696 total
[32.016s][info ][gc,heap        ] GC(279) ParNew: 19054K->1959K(19648K)
[32.016s][info ][gc,heap        ] GC(279) CMS: 15645K->16817K(43712K)
[32.016s][info ][gc,metaspace   ] GC(279) Metaspace: 15845K->15845K(1064960K)
[32.016s][info ][gc             ] GC(279) Pause Young (Allocation Failure) 33M->18M(61M) 1.323ms
[32.016s][info ][gc,cpu         ] GC(279) User=0.01s Sys=0.00s Real=0.00s
[32.017s][info ][gc,start       ] GC(280) Pause Young (Allocation Failure)
[32.017s][info ][gc,task        ] GC(280) Using 8 workers of 8 for evacuation
[32.018s][debug][gc,age         ] GC(280) Desired survivor size 1114112 bytes, new threshold 1 (max threshold 6)
[32.018s][trace][gc,age         ] GC(280) Age table with threshold 1 (max threshold 6)
[32.018s][trace][gc,age         ] GC(280) - age   1:    2002000 bytes,    2002000 total
[32.018s][info ][gc,heap        ] GC(280) ParNew: 19167K->1963K(19648K)
[32.018s][info ][gc,heap        ] GC(280) CMS: 16817K->17599K(43712K)
[32.018s][info ][gc,metaspace   ] GC(280) Metaspace: 15845K->15845K(1064960K)
[32.018s][info ][gc             ] GC(280) Pause Young (Allocation Failure) 35M->19M(61M) 1.419ms
[32.018s][info ][gc,cpu         ] GC(280) User=0.01s Sys=0.00s Real=0.01s
[32.020s][info ][gc,start       ] GC(281) Pause Young (Allocation Failure)
[32.020s][info ][gc,task        ] GC(281) Using 8 workers of 8 for evacuation
[32.021s][debug][gc,age         ] GC(281) Desired survivor size 1114112 bytes, new threshold 1 (max threshold 6)
[32.021s][trace][gc,age         ] GC(281) Age table with threshold 1 (max threshold 6)
[32.021s][trace][gc,age         ] GC(281) - age   1:    1601928 bytes,    1601928 total
[32.021s][info ][gc,heap        ] GC(281) ParNew: 19110K->1568K(19648K)
[32.021s][info ][gc,heap        ] GC(281) CMS: 17599K->17599K(43712K)
[32.021s][info ][gc,metaspace   ] GC(281) Metaspace: 15845K->15845K(1064960K)
[32.021s][info ][gc             ] GC(281) Pause Young (Allocation Failure) 35M->18M(61M) 1.196ms
[32.021s][info ][gc,cpu         ] GC(281) User=0.00s Sys=0.00s Real=0.00s
[32.023s][info ][gc,start       ] GC(282) Pause Young (Allocation Failure)
[32.023s][info ][gc,task        ] GC(282) Using 8 workers of 8 for evacuation
[32.024s][debug][gc,age         ] GC(282) Desired survivor size 1114112 bytes, new threshold 1 (max threshold 6)
[32.024s][trace][gc,age         ] GC(282) Age table with threshold 1 (max threshold 6)
[32.024s][trace][gc,age         ] GC(282) - age   1:    2001680 bytes,    2001680 total
[32.024s][info ][gc,heap        ] GC(282) ParNew: 19030K->1959K(19648K)
[32.024s][info ][gc,heap        ] GC(282) CMS: 17599K->18381K(43712K)
[32.024s][info ][gc,metaspace   ] GC(282) Metaspace: 15845K->15845K(1064960K)
[32.024s][info ][gc             ] GC(282) Pause Young (Allocation Failure) 35M->19M(61M) 1.300ms
[32.024s][info ][gc,cpu         ] GC(282) User=0.00s Sys=0.00s Real=0.00s
[32.025s][info ][gc,start       ] GC(283) Pause Young (Allocation Failure)
[32.025s][info ][gc,task        ] GC(283) Using 8 workers of 8 for evacuation
[32.027s][debug][gc,age         ] GC(283) Desired survivor size 1114112 bytes, new threshold 1 (max threshold 6)
[32.027s][trace][gc,age         ] GC(283) Age table with threshold 1 (max threshold 6)
[32.027s][trace][gc,age         ] GC(283) - age   1:    2002256 bytes,    2002256 total
[32.027s][info ][gc,heap        ] GC(283) ParNew: 19165K->1965K(19648K)
[32.027s][info ][gc,heap        ] GC(283) CMS: 18381K->18772K(43712K)
[32.027s][info ][gc,metaspace   ] GC(283) Metaspace: 15845K->15845K(1064960K)
[32.027s][info ][gc             ] GC(283) Pause Young (Allocation Failure) 36M->20M(61M) 1.614ms
[32.027s][info ][gc,cpu         ] GC(283) User=0.01s Sys=0.00s Real=0.00s
[32.028s][info ][gc,start       ] GC(284) Pause Young (Allocation Failure)
[32.028s][info ][gc,task        ] GC(284) Using 8 workers of 8 for evacuation
[32.030s][debug][gc,age         ] GC(284) Desired survivor size 1114112 bytes, new threshold 1 (max threshold 6)
[32.030s][trace][gc,age         ] GC(284) Age table with threshold 1 (max threshold 6)
[32.030s][trace][gc,age         ] GC(284) - age   1:    1601096 bytes,    1601096 total
[32.030s][info ][gc,heap        ] GC(284) ParNew: 19384K->1568K(19648K)
[32.030s][info ][gc,heap        ] GC(284) CMS: 18772K->19945K(43712K)
[32.030s][info ][gc,metaspace   ] GC(284) Metaspace: 15845K->15845K(1064960K)
[32.030s][info ][gc             ] GC(284) Pause Young (Allocation Failure) 37M->21M(61M) 1.740ms
[32.030s][info ][gc,cpu         ] GC(284) User=0.01s Sys=0.00s Real=0.00s
[32.031s][info ][gc,start       ] GC(285) Pause Young (Allocation Failure)
[32.031s][info ][gc,task        ] GC(285) Using 8 workers of 8 for evacuation
[32.033s][debug][gc,age         ] GC(285) Desired survivor size 1114112 bytes, new threshold 1 (max threshold 6)
[32.034s][trace][gc,age         ] GC(285) Age table with threshold 1 (max threshold 6)
[32.034s][trace][gc,age         ] GC(285) - age   1:    2001824 bytes,    2001824 total
[32.034s][info ][gc,heap        ] GC(285) ParNew: 18729K->1957K(19648K)
[32.034s][info ][gc,heap        ] GC(285) CMS: 19945K->20726K(43712K)
[32.034s][info ][gc,metaspace   ] GC(285) Metaspace: 15845K->15845K(1064960K)
[32.034s][info ][gc             ] GC(285) Pause Young (Allocation Failure) 37M->22M(61M) 2.279ms
[32.034s][info ][gc,cpu         ] GC(285) User=0.00s Sys=0.00s Real=0.00s
[32.035s][info ][gc,start       ] GC(286) Pause Young (Allocation Failure)
[32.035s][info ][gc,task        ] GC(286) Using 8 workers of 8 for evacuation
[32.036s][debug][gc,age         ] GC(286) Desired survivor size 1114112 bytes, new threshold 1 (max threshold 6)
[32.036s][trace][gc,age         ] GC(286) Age table with threshold 1 (max threshold 6)
[32.036s][trace][gc,age         ] GC(286) - age   1:    2001760 bytes,    2001760 total
[32.036s][info ][gc,heap        ] GC(286) ParNew: 19429K->1957K(19648K)
[32.036s][info ][gc,heap        ] GC(286) CMS: 20726K->21508K(43712K)
[32.036s][info ][gc,metaspace   ] GC(286) Metaspace: 15845K->15845K(1064960K)
[32.036s][info ][gc             ] GC(286) Pause Young (Allocation Failure) 39M->22M(61M) 1.270ms
[32.036s][info ][gc,cpu         ] GC(286) User=0.01s Sys=0.00s Real=0.00s
[32.038s][info ][gc,start       ] GC(287) Pause Young (Allocation Failure)
[32.038s][info ][gc,task        ] GC(287) Using 8 workers of 8 for evacuation
[32.039s][debug][gc,age         ] GC(287) Desired survivor size 1114112 bytes, new threshold 1 (max threshold 6)
[32.039s][trace][gc,age         ] GC(287) Age table with threshold 1 (max threshold 6)
[32.039s][trace][gc,age         ] GC(287) - age   1:    2002224 bytes,    2002224 total
[32.039s][info ][gc,heap        ] GC(287) ParNew: 19187K->1963K(19648K)
[32.039s][info ][gc,heap        ] GC(287) CMS: 21508K->21508K(43712K)
[32.039s][info ][gc,metaspace   ] GC(287) Metaspace: 15845K->15845K(1064960K)
[32.039s][info ][gc             ] GC(287) Pause Young (Allocation Failure) 39M->22M(61M) 1.027ms
[32.039s][info ][gc,cpu         ] GC(287) User=0.00s Sys=0.00s Real=0.00s
[32.040s][info ][gc,start       ] GC(288) Pause Young (Allocation Failure)
[32.040s][info ][gc,task        ] GC(288) Using 8 workers of 8 for evacuation
[32.041s][debug][gc,age         ] GC(288) Desired survivor size 1114112 bytes, new threshold 1 (max threshold 6)
[32.041s][trace][gc,age         ] GC(288) Age table with threshold 1 (max threshold 6)
[32.041s][trace][gc,age         ] GC(288) - age   1:    1201904 bytes,    1201904 total
[32.041s][info ][gc,heap        ] GC(288) ParNew: 19108K->1175K(19648K)
[32.041s][info ][gc,heap        ] GC(288) CMS: 21508K->21899K(43712K)
[32.041s][info ][gc,metaspace   ] GC(288) Metaspace: 15845K->15845K(1064960K)
[32.041s][info ][gc             ] GC(288) Pause Young (Allocation Failure) 39M->22M(61M) 1.302ms
[32.041s][info ][gc,cpu         ] GC(288) User=0.01s Sys=0.00s Real=0.00s
[32.043s][info ][gc,start       ] GC(289) Pause Young (Allocation Failure)
[32.043s][info ][gc,task        ] GC(289) Using 8 workers of 8 for evacuation
[32.045s][debug][gc,age         ] GC(289) Desired survivor size 1114112 bytes, new threshold 1 (max threshold 6)
[32.045s][trace][gc,age         ] GC(289) Age table with threshold 1 (max threshold 6)
[32.045s][trace][gc,age         ] GC(289) - age   1:    1201408 bytes,    1201408 total
[32.045s][info ][gc,heap        ] GC(289) ParNew: 18624K->1179K(19648K)
[32.045s][info ][gc,heap        ] GC(289) CMS: 21899K->22291K(43712K)
[32.045s][info ][gc,metaspace   ] GC(289) Metaspace: 15845K->15845K(1064960K)
[32.045s][info ][gc             ] GC(289) Pause Young (Allocation Failure) 39M->22M(61M) 1.686ms
[32.045s][info ][gc,cpu         ] GC(289) User=0.00s Sys=0.00s Real=0.00s
[32.046s][info ][gc,start       ] GC(290) Pause Young (Allocation Failure)
[32.047s][info ][gc,task        ] GC(290) Using 8 workers of 8 for evacuation
[32.048s][debug][gc,age         ] GC(290) Desired survivor size 1114112 bytes, new threshold 1 (max threshold 6)
[32.048s][trace][gc,age         ] GC(290) Age table with threshold 1 (max threshold 6)
[32.048s][trace][gc,age         ] GC(290) - age   1:    2001760 bytes,    2001760 total
[32.048s][info ][gc,heap        ] GC(290) ParNew: 18323K->1959K(19648K)
[32.048s][info ][gc,heap        ] GC(290) CMS: 22291K->23463K(43712K)
[32.048s][info ][gc,metaspace   ] GC(290) Metaspace: 15845K->15845K(1064960K)
[32.048s][info ][gc             ] GC(290) Pause Young (Allocation Failure) 39M->24M(61M) 1.412ms
[32.048s][info ][gc,cpu         ] GC(290) User=0.01s Sys=0.00s Real=0.01s
[32.049s][info ][gc,start       ] GC(291) Pause Young (Allocation Failure)
[32.049s][info ][gc,task        ] GC(291) Using 8 workers of 8 for evacuation
[32.050s][debug][gc,age         ] GC(291) Desired survivor size 1114112 bytes, new threshold 6 (max threshold 6)
[32.050s][trace][gc,age         ] GC(291) Age table with threshold 6 (max threshold 6)
[32.050s][trace][gc,age         ] GC(291) - age   1:     401488 bytes,     401488 total
[32.050s][info ][gc,heap        ] GC(291) ParNew: 19431K->396K(19648K)
[32.050s][info ][gc,heap        ] GC(291) CMS: 23463K->24636K(43712K)
[32.050s][info ][gc,metaspace   ] GC(291) Metaspace: 15845K->15845K(1064960K)
[32.050s][info ][gc             ] GC(291) Pause Young (Allocation Failure) 41M->24M(61M) 1.341ms
[32.050s][info ][gc,cpu         ] GC(291) User=0.01s Sys=0.00s Real=0.00s
[32.052s][info ][gc,start       ] GC(292) Pause Young (Allocation Failure)
[32.052s][info ][gc,task        ] GC(292) Using 8 workers of 8 for evacuation
[32.053s][debug][gc,age         ] GC(292) Desired survivor size 1114112 bytes, new threshold 1 (max threshold 6)
[32.053s][trace][gc,age         ] GC(292) Age table with threshold 1 (max threshold 6)
[32.053s][trace][gc,age         ] GC(292) - age   1:    1602040 bytes,    1602040 total
[32.053s][trace][gc,age         ] GC(292) - age   2:        376 bytes,    1602416 total
[32.053s][info ][gc,heap        ] GC(292) ParNew: 17578K->1568K(19648K)
[32.053s][info ][gc,heap        ] GC(292) CMS: 24636K->24636K(43712K)
[32.053s][info ][gc,metaspace   ] GC(292) Metaspace: 15845K->15845K(1064960K)
[32.053s][info ][gc             ] GC(292) Pause Young (Allocation Failure) 41M->25M(61M) 1.271ms
[32.053s][info ][gc,cpu         ] GC(292) User=0.00s Sys=0.00s Real=0.00s
[32.054s][info ][gc,start       ] GC(293) Pause Young (Allocation Failure)
[32.054s][info ][gc,task        ] GC(293) Using 8 workers of 8 for evacuation
[32.056s][debug][gc,age         ] GC(293) Desired survivor size 1114112 bytes, new threshold 1 (max threshold 6)
[32.056s][trace][gc,age         ] GC(293) Age table with threshold 1 (max threshold 6)
[32.056s][trace][gc,age         ] GC(293) - age   1:    1601936 bytes,    1601936 total
[32.056s][info ][gc,heap        ] GC(293) ParNew: 18788K->1568K(19648K)
[32.056s][info ][gc,heap        ] GC(293) CMS: 24636K->24636K(43712K)
[32.056s][info ][gc,metaspace   ] GC(293) Metaspace: 15845K->15845K(1064960K)
[32.056s][info ][gc             ] GC(293) Pause Young (Allocation Failure) 42M->25M(61M) 1.425ms
[32.056s][info ][gc,cpu         ] GC(293) User=0.00s Sys=0.00s Real=0.00s
[32.057s][info ][gc,start       ] GC(294) Pause Young (Allocation Failure)
[32.057s][info ][gc,task        ] GC(294) Using 8 workers of 8 for evacuation
[32.058s][debug][gc,age         ] GC(294) Desired survivor size 1114112 bytes, new threshold 1 (max threshold 6)
[32.058s][trace][gc,age         ] GC(294) Age table with threshold 1 (max threshold 6)
[32.059s][trace][gc,age         ] GC(294) - age   1:    2001856 bytes,    2001856 total
[32.059s][info ][gc,heap        ] GC(294) ParNew: 18716K->1963K(19648K)
[32.059s][info ][gc,heap        ] GC(294) CMS: 24636K->24641K(43712K)
[32.059s][info ][gc,metaspace   ] GC(294) Metaspace: 15845K->15845K(1064960K)
[32.059s][info ][gc             ] GC(294) Pause Young (Allocation Failure) 42M->25M(61M) 1.544ms
[32.059s][info ][gc,cpu         ] GC(294) User=0.01s Sys=0.00s Real=0.01s
[32.060s][info ][gc,start       ] GC(295) Pause Young (Allocation Failure)
[32.060s][info ][gc,task        ] GC(295) Using 8 workers of 8 for evacuation
[32.061s][debug][gc,age         ] GC(295) Desired survivor size 1114112 bytes, new threshold 1 (max threshold 6)
[32.061s][trace][gc,age         ] GC(295) Age table with threshold 1 (max threshold 6)
[32.061s][trace][gc,age         ] GC(295) - age   1:    2001864 bytes,    2001864 total
[32.061s][info ][gc,heap        ] GC(295) ParNew: 19114K->1963K(19648K)
[32.061s][info ][gc,heap        ] GC(295) CMS: 24641K->25422K(43712K)
[32.061s][info ][gc,metaspace   ] GC(295) Metaspace: 15845K->15845K(1064960K)
[32.061s][info ][gc             ] GC(295) Pause Young (Allocation Failure) 42M->26M(61M) 1.357ms
[32.061s][info ][gc,cpu         ] GC(295) User=0.01s Sys=0.00s Real=0.00s
[32.063s][info ][gc,start       ] GC(296) Pause Young (Allocation Failure)
[32.063s][info ][gc,task        ] GC(296) Using 8 workers of 8 for evacuation
[32.065s][debug][gc,age         ] GC(296) Desired survivor size 1114112 bytes, new threshold 1 (max threshold 6)
[32.065s][trace][gc,age         ] GC(296) Age table with threshold 1 (max threshold 6)
[32.065s][trace][gc,age         ] GC(296) - age   1:    2001632 bytes,    2001632 total
[32.065s][info ][gc,heap        ] GC(296) ParNew: 19063K->1965K(19648K)
[32.065s][info ][gc,heap        ] GC(296) CMS: 25422K->25813K(43712K)
[32.065s][info ][gc,metaspace   ] GC(296) Metaspace: 15845K->15845K(1064960K)
[32.065s][info ][gc             ] GC(296) Pause Young (Allocation Failure) 43M->27M(61M) 1.505ms
[32.065s][info ][gc,cpu         ] GC(296) User=0.01s Sys=0.00s Real=0.00s
[32.066s][info ][gc,start       ] GC(297) Pause Young (Allocation Failure)
[32.066s][info ][gc,task        ] GC(297) Using 8 workers of 8 for evacuation
[32.067s][debug][gc,age         ] GC(297) Desired survivor size 1114112 bytes, new threshold 1 (max threshold 6)
[32.067s][trace][gc,age         ] GC(297) Age table with threshold 1 (max threshold 6)
[32.068s][trace][gc,age         ] GC(297) - age   1:    1601848 bytes,    1601848 total
[32.068s][info ][gc,heap        ] GC(297) ParNew: 19104K->1570K(19648K)
[32.068s][info ][gc,heap        ] GC(297) CMS: 25813K->26204K(43712K)
[32.068s][info ][gc,metaspace   ] GC(297) Metaspace: 15845K->15845K(1064960K)
[32.068s][info ][gc             ] GC(297) Pause Young (Allocation Failure) 43M->27M(61M) 1.316ms
[32.068s][info ][gc,cpu         ] GC(297) User=0.01s Sys=0.00s Real=0.01s
[32.069s][info ][gc,start       ] GC(298) Pause Young (Allocation Failure)
[32.069s][info ][gc,task        ] GC(298) Using 8 workers of 8 for evacuation
[32.071s][debug][gc,age         ] GC(298) Desired survivor size 1114112 bytes, new threshold 1 (max threshold 6)
[32.071s][trace][gc,age         ] GC(298) Age table with threshold 1 (max threshold 6)
[32.071s][trace][gc,age         ] GC(298) - age   1:    2001616 bytes,    2001616 total
[32.071s][info ][gc,heap        ] GC(298) ParNew: 18688K->1963K(19648K)
[32.071s][info ][gc,heap        ] GC(298) CMS: 26204K->26986K(43712K)
[32.071s][info ][gc,metaspace   ] GC(298) Metaspace: 15845K->15845K(1064960K)
[32.071s][info ][gc             ] GC(298) Pause Young (Allocation Failure) 43M->28M(61M) 1.617ms
[32.071s][info ][gc,cpu         ] GC(298) User=0.00s Sys=0.01s Real=0.00s
[32.072s][info ][gc,start       ] GC(299) Pause Young (Allocation Failure)
[32.072s][info ][gc,task        ] GC(299) Using 8 workers of 8 for evacuation
[32.074s][debug][gc,age         ] GC(299) Desired survivor size 1114112 bytes, new threshold 1 (max threshold 6)
[32.074s][trace][gc,age         ] GC(299) Age table with threshold 1 (max threshold 6)
[32.074s][trace][gc,age         ] GC(299) - age   1:    1201784 bytes,    1201784 total
[32.074s][info ][gc,heap        ] GC(299) ParNew: 19435K->1177K(19648K)
[32.074s][info ][gc,heap        ] GC(299) CMS: 26986K->27770K(43712K)
[32.074s][info ][gc,metaspace   ] GC(299) Metaspace: 15845K->15845K(1064960K)
[32.074s][info ][gc             ] GC(299) Pause Young (Allocation Failure) 45M->28M(61M) 1.506ms
[32.074s][info ][gc,cpu         ] GC(299) User=0.01s Sys=0.00s Real=0.00s
[32.075s][info ][gc,start       ] GC(300) Pause Young (Allocation Failure)
[32.075s][info ][gc,task        ] GC(300) Using 8 workers of 8 for evacuation
[32.078s][debug][gc,age         ] GC(300) Desired survivor size 1114112 bytes, new threshold 6 (max threshold 6)
[32.078s][trace][gc,age         ] GC(300) Age table with threshold 6 (max threshold 6)
[32.078s][trace][gc,age         ] GC(300) - age   1:     801216 bytes,     801216 total
[32.078s][info ][gc,heap        ] GC(300) ParNew: 18570K->789K(19648K)
[32.078s][info ][gc,heap        ] GC(300) CMS: 27770K->28943K(43712K)
[32.078s][info ][gc,metaspace   ] GC(300) Metaspace: 15845K->15845K(1064960K)
[32.078s][info ][gc             ] GC(300) Pause Young (Allocation Failure) 45M->29M(61M) 2.981ms
[32.078s][info ][gc,cpu         ] GC(300) User=0.01s Sys=0.00s Real=0.01s
[32.080s][info ][gc,start       ] GC(301) Pause Young (Allocation Failure)
[32.080s][info ][gc,task        ] GC(301) Using 8 workers of 8 for evacuation
[32.081s][debug][gc,age         ] GC(301) Desired survivor size 1114112 bytes, new threshold 1 (max threshold 6)
[32.081s][trace][gc,age         ] GC(301) Age table with threshold 1 (max threshold 6)
[32.081s][trace][gc,age         ] GC(301) - age   1:    1601984 bytes,    1601984 total
[32.081s][trace][gc,age         ] GC(301) - age   2:        128 bytes,    1602112 total
[32.081s][info ][gc,heap        ] GC(301) ParNew: 18056K->1576K(19648K)
[32.081s][info ][gc,heap        ] GC(301) CMS: 28943K->28943K(43712K)
[32.081s][info ][gc,metaspace   ] GC(301) Metaspace: 15845K->15845K(1064960K)
[32.081s][info ][gc             ] GC(301) Pause Young (Allocation Failure) 45M->29M(61M) 1.334ms
[32.081s][info ][gc,cpu         ] GC(301) User=0.00s Sys=0.00s Real=0.00s
[32.082s][info ][gc,start       ] GC(302) Pause Young (Allocation Failure)
[32.082s][info ][gc,task        ] GC(302) Using 8 workers of 8 for evacuation
[32.084s][debug][gc,age         ] GC(302) Desired survivor size 1114112 bytes, new threshold 1 (max threshold 6)
[32.084s][trace][gc,age         ] GC(302) Age table with threshold 1 (max threshold 6)
[32.084s][trace][gc,age         ] GC(302) - age   1:    2002152 bytes,    2002152 total
[32.084s][info ][gc,heap        ] GC(302) ParNew: 18758K->1965K(19648K)
[32.084s][info ][gc,heap        ] GC(302) CMS: 28943K->30506K(43712K)
[32.084s][info ][gc,metaspace   ] GC(302) Metaspace: 15845K->15845K(1064960K)
[32.084s][info ][gc             ] GC(302) Pause Young (Allocation Failure) 46M->31M(61M) 1.801ms
[32.084s][info ][gc,cpu         ] GC(302) User=0.01s Sys=0.00s Real=0.00s
[32.085s][info ][gc,start       ] GC(303) Pause Initial Mark
[32.085s][info ][gc             ] GC(303) Pause Initial Mark 32M->32M(61M) 0.236ms
[32.085s][info ][gc,cpu         ] GC(303) User=0.00s Sys=0.00s Real=0.00s
[32.085s][info ][gc             ] GC(303) Concurrent Mark
[32.085s][info ][gc,task        ] GC(303) Using 2 workers of 2 for marking
[32.086s][info ][gc,start       ] GC(304) Pause Young (Allocation Failure)
[32.086s][info ][gc,task        ] GC(304) Using 8 workers of 8 for evacuation
[32.088s][debug][gc,age         ] GC(304) Desired survivor size 1114112 bytes, new threshold 1 (max threshold 6)
[32.088s][trace][gc,age         ] GC(304) Age table with threshold 1 (max threshold 6)
[32.088s][trace][gc,age         ] GC(304) - age   1:    2001616 bytes,    2001616 total
[32.088s][info ][gc,heap        ] GC(304) ParNew: 19058K->1957K(19648K)
[32.088s][info ][gc,heap        ] GC(304) CMS: 30506K->30897K(43712K)
[32.088s][info ][gc,metaspace   ] GC(304) Metaspace: 15845K->15845K(1064960K)
[32.088s][info ][gc             ] GC(304) Pause Young (Allocation Failure) 48M->32M(61M) 1.777ms
[32.088s][info ][gc,cpu         ] GC(304) User=0.01s Sys=0.00s Real=0.01s
[32.090s][info ][gc,start       ] GC(305) Pause Young (Allocation Failure)
[32.090s][info ][gc,task        ] GC(305) Using 8 workers of 8 for evacuation
[32.091s][debug][gc,age         ] GC(305) Desired survivor size 1114112 bytes, new threshold 1 (max threshold 6)
[32.091s][trace][gc,age         ] GC(305) Age table with threshold 1 (max threshold 6)
[32.091s][trace][gc,age         ] GC(305) - age   1:    1201976 bytes,    1201976 total
[32.091s][info ][gc,heap        ] GC(305) ParNew: 19180K->1175K(19648K)
[32.091s][info ][gc,heap        ] GC(305) CMS: 30897K->31288K(43712K)
[32.091s][info ][gc,metaspace   ] GC(305) Metaspace: 15845K->15845K(1064960K)
[32.091s][info ][gc             ] GC(305) Pause Young (Allocation Failure) 48M->31M(61M) 1.571ms
[32.091s][info ][gc,cpu         ] GC(305) User=0.00s Sys=0.00s Real=0.00s
[32.094s][info ][gc,start       ] GC(306) Pause Young (Allocation Failure)
[32.094s][info ][gc,task        ] GC(306) Using 8 workers of 8 for evacuation
[32.096s][debug][gc,age         ] GC(306) Desired survivor size 1114112 bytes, new threshold 1 (max threshold 6)
[32.096s][trace][gc,age         ] GC(306) Age table with threshold 1 (max threshold 6)
[32.096s][trace][gc,age         ] GC(306) - age   1:    1601384 bytes,    1601384 total
[32.096s][info ][gc,heap        ] GC(306) ParNew: 18624K->1568K(19648K)
[32.096s][info ][gc,heap        ] GC(306) CMS: 31288K->31680K(43712K)
[32.096s][info ][gc,metaspace   ] GC(306) Metaspace: 15845K->15845K(1064960K)
[32.096s][info ][gc             ] GC(306) Pause Young (Allocation Failure) 48M->32M(61M) 2.127ms
[32.096s][info ][gc,cpu         ] GC(306) User=0.01s Sys=0.00s Real=0.00s
[32.097s][info ][gc,start       ] GC(307) Pause Young (Allocation Failure)
[32.097s][info ][gc,task        ] GC(307) Using 8 workers of 8 for evacuation
[32.099s][debug][gc,age         ] GC(307) Desired survivor size 1114112 bytes, new threshold 6 (max threshold 6)
[32.099s][trace][gc,age         ] GC(307) Age table with threshold 6 (max threshold 6)
[32.099s][trace][gc,age         ] GC(307) - age   1:     401760 bytes,     401760 total
[32.099s][info ][gc,heap        ] GC(307) ParNew: 18705K->400K(19648K)
[32.099s][info ][gc,heap        ] GC(307) CMS: 31680K->32462K(43712K)
[32.099s][info ][gc,metaspace   ] GC(307) Metaspace: 15845K->15845K(1064960K)
[32.099s][info ][gc             ] GC(307) Pause Young (Allocation Failure) 49M->32M(61M) 1.257ms
[32.099s][info ][gc,cpu         ] GC(307) User=0.01s Sys=0.00s Real=0.01s
[32.099s][info ][gc             ] GC(303) Concurrent Mark 14.087ms
[32.099s][info ][gc,cpu         ] GC(303) User=0.07s Sys=0.00s Real=0.02s
[32.099s][info ][gc             ] GC(303) Concurrent Preclean
[32.100s][info ][gc             ] GC(303) Concurrent Preclean 0.572ms
[32.100s][info ][gc,cpu         ] GC(303) User=0.00s Sys=0.00s Real=0.00s
[32.100s][info ][gc             ] GC(303) Concurrent Abortable Preclean
[32.100s][info ][gc,start       ] GC(308) Pause Young (Allocation Failure)
[32.100s][info ][gc,task        ] GC(308) Using 8 workers of 8 for evacuation
[32.103s][debug][gc,age         ] GC(308) Desired survivor size 1114112 bytes, new threshold 1 (max threshold 6)
[32.103s][trace][gc,age         ] GC(308) Age table with threshold 1 (max threshold 6)
[32.103s][trace][gc,age         ] GC(308) - age   1:    1601416 bytes,    1601416 total
[32.103s][trace][gc,age         ] GC(308) - age   2:     400704 bytes,    2002120 total
[32.103s][info ][gc,heap        ] GC(308) ParNew: 17872K->1959K(19648K)
[32.103s][info ][gc,heap        ] GC(308) CMS: 32462K->32852K(43712K)
[32.103s][info ][gc,metaspace   ] GC(308) Metaspace: 15845K->15845K(1064960K)
[32.103s][info ][gc             ] GC(308) Pause Young (Allocation Failure) 49M->33M(61M) 2.448ms
[32.103s][info ][gc,cpu         ] GC(308) User=0.00s Sys=0.00s Real=0.00s
[32.105s][info ][gc,start       ] GC(309) Pause Young (Allocation Failure)
[32.105s][info ][gc,task        ] GC(309) Using 8 workers of 8 for evacuation
[32.106s][debug][gc,age         ] GC(309) Desired survivor size 1114112 bytes, new threshold 1 (max threshold 6)
[32.106s][trace][gc,age         ] GC(309) Age table with threshold 1 (max threshold 6)
[32.106s][trace][gc,age         ] GC(309) - age   1:    1601608 bytes,    1601608 total
[32.106s][info ][gc,heap        ] GC(309) ParNew: 19057K->1570K(19648K)
[32.106s][info ][gc,heap        ] GC(309) CMS: 32852K->34025K(43712K)
[32.106s][info ][gc,metaspace   ] GC(309) Metaspace: 15845K->15845K(1064960K)
[32.106s][info ][gc             ] GC(309) Pause Young (Allocation Failure) 50M->34M(61M) 1.484ms
[32.106s][info ][gc,cpu         ] GC(309) User=0.01s Sys=0.00s Real=0.00s
[32.108s][info ][gc,start       ] GC(310) Pause Young (Allocation Failure)
[32.108s][info ][gc,task        ] GC(310) Using 8 workers of 8 for evacuation
[32.109s][debug][gc,age         ] GC(310) Desired survivor size 1114112 bytes, new threshold 1 (max threshold 6)
[32.109s][trace][gc,age         ] GC(310) Age table with threshold 1 (max threshold 6)
[32.109s][trace][gc,age         ] GC(310) - age   1:    2001824 bytes,    2001824 total
[32.109s][info ][gc,heap        ] GC(310) ParNew: 18748K->1963K(19648K)
[32.109s][info ][gc,heap        ] GC(310) CMS: 34025K->34417K(43712K)
[32.109s][info ][gc,metaspace   ] GC(310) Metaspace: 15845K->15845K(1064960K)
[32.109s][info ][gc             ] GC(310) Pause Young (Allocation Failure) 51M->35M(61M) 1.492ms
[32.109s][info ][gc,cpu         ] GC(310) User=0.00s Sys=0.01s Real=0.00s
[32.111s][info ][gc,start       ] GC(311) Pause Young (Allocation Failure)
[32.111s][info ][gc,task        ] GC(311) Using 8 workers of 8 for evacuation
[32.112s][debug][gc,age         ] GC(311) Desired survivor size 1114112 bytes, new threshold 1 (max threshold 6)
[32.112s][trace][gc,age         ] GC(311) Age table with threshold 1 (max threshold 6)
[32.112s][trace][gc,age         ] GC(311) - age   1:    1601792 bytes,    1601792 total
[32.112s][info ][gc,heap        ] GC(311) ParNew: 19083K->1574K(19648K)
[32.112s][info ][gc,heap        ] GC(311) CMS: 34417K->35198K(43712K)
[32.112s][info ][gc,metaspace   ] GC(311) Metaspace: 15845K->15845K(1064960K)
[32.113s][info ][gc             ] GC(311) Pause Young (Allocation Failure) 52M->35M(61M) 1.617ms
[32.113s][info ][gc,cpu         ] GC(311) User=0.01s Sys=0.00s Real=0.00s
[32.114s][info ][gc,start       ] GC(312) Pause Young (Allocation Failure)
[32.114s][info ][gc,task        ] GC(312) Using 8 workers of 8 for evacuation
[32.116s][debug][gc,age         ] GC(312) Desired survivor size 1114112 bytes, new threshold 1 (max threshold 6)
[32.116s][trace][gc,age         ] GC(312) Age table with threshold 1 (max threshold 6)
[32.116s][trace][gc,age         ] GC(312) - age   1:    1601408 bytes,    1601408 total
[32.116s][info ][gc,heap        ] GC(312) ParNew: 18711K->1570K(19648K)
[32.116s][info ][gc,heap        ] GC(312) CMS: 35198K->35590K(43712K)
[32.116s][info ][gc,metaspace   ] GC(312) Metaspace: 15845K->15845K(1064960K)
[32.116s][info ][gc             ] GC(312) Pause Young (Allocation Failure) 52M->36M(61M) 1.580ms
[32.116s][info ][gc,cpu         ] GC(312) User=0.00s Sys=0.00s Real=0.00s
[32.117s][info ][gc,start       ] GC(313) Pause Young (Allocation Failure)
[32.117s][info ][gc,task        ] GC(313) Using 8 workers of 8 for evacuation
[32.119s][debug][gc,age         ] GC(313) Desired survivor size 1114112 bytes, new threshold 1 (max threshold 6)
[32.119s][trace][gc,age         ] GC(313) Age table with threshold 1 (max threshold 6)
[32.119s][trace][gc,age         ] GC(313) - age   1:    2002176 bytes,    2002176 total
[32.119s][info ][gc,heap        ] GC(313) ParNew: 18765K->1965K(19648K)
[32.119s][info ][gc,heap        ] GC(313) CMS: 35590K->35590K(43712K)
[32.119s][info ][gc,metaspace   ] GC(313) Metaspace: 15845K->15845K(1064960K)
[32.119s][info ][gc             ] GC(313) Pause Young (Allocation Failure) 53M->36M(61M) 1.828ms
[32.119s][info ][gc,cpu         ] GC(313) User=0.01s Sys=0.00s Real=0.01s
[32.121s][info ][gc,start       ] GC(314) Pause Young (Allocation Failure)
[32.121s][info ][gc,task        ] GC(314) Using 8 workers of 8 for evacuation
[32.123s][debug][gc,age         ] GC(314) Desired survivor size 1114112 bytes, new threshold 1 (max threshold 6)
[32.123s][trace][gc,age         ] GC(314) Age table with threshold 1 (max threshold 6)
[32.123s][trace][gc,age         ] GC(314) - age   1:    1601360 bytes,    1601360 total
[32.123s][info ][gc,heap        ] GC(314) ParNew: 19098K->1566K(19648K)
[32.123s][info ][gc,heap        ] GC(314) CMS: 35590K->35981K(43712K)
[32.123s][info ][gc,metaspace   ] GC(314) Metaspace: 15845K->15845K(1064960K)
[32.123s][info ][gc             ] GC(314) Pause Young (Allocation Failure) 53M->36M(61M) 2.096ms
[32.123s][info ][gc,cpu         ] GC(314) User=0.01s Sys=0.00s Real=0.00s
[32.124s][info ][gc,start       ] GC(315) Pause Young (Allocation Failure)
[32.124s][info ][gc,task        ] GC(315) Using 8 workers of 8 for evacuation
[32.126s][debug][gc,age         ] GC(315) Desired survivor size 1114112 bytes, new threshold 1 (max threshold 6)
[32.126s][trace][gc,age         ] GC(315) Age table with threshold 1 (max threshold 6)
[32.126s][trace][gc,age         ] GC(315) - age   1:    2001744 bytes,    2001744 total
[32.126s][info ][gc,heap        ] GC(315) ParNew: 18713K->1961K(19648K)
[32.126s][info ][gc,heap        ] GC(315) CMS: 35981K->36372K(43712K)
[32.126s][info ][gc,metaspace   ] GC(315) Metaspace: 15845K->15845K(1064960K)
[32.127s][info ][gc             ] GC(315) Pause Young (Allocation Failure) 53M->37M(61M) 2.156ms
[32.127s][info ][gc,cpu         ] GC(315) User=0.00s Sys=0.00s Real=0.00s
[32.128s][info ][gc,start       ] GC(316) Pause Young (Allocation Failure)
[32.128s][info ][gc,task        ] GC(316) Using 8 workers of 8 for evacuation
[32.130s][debug][gc,age         ] GC(316) Desired survivor size 1114112 bytes, new threshold 1 (max threshold 6)
[32.130s][trace][gc,age         ] GC(316) Age table with threshold 1 (max threshold 6)
[32.130s][trace][gc,age         ] GC(316) - age   1:    1602248 bytes,    1602248 total
[32.130s][info ][gc,heap        ] GC(316) ParNew: 19104K->1568K(19648K)
[32.130s][info ][gc,heap        ] GC(316) CMS: 36372K->36763K(43712K)
[32.130s][info ][gc,metaspace   ] GC(316) Metaspace: 15845K->15845K(1064960K)
[32.130s][info ][gc             ] GC(316) Pause Young (Allocation Failure) 54M->37M(61M) 1.593ms
[32.130s][info ][gc,cpu         ] GC(316) User=0.01s Sys=0.00s Real=0.00s
[32.131s][info ][gc,start       ] GC(317) Pause Young (Allocation Failure)
[32.131s][info ][gc,task        ] GC(317) Using 8 workers of 8 for evacuation
[32.133s][debug][gc,age         ] GC(317) Desired survivor size 1114112 bytes, new threshold 1 (max threshold 6)
[32.133s][trace][gc,age         ] GC(317) Age table with threshold 1 (max threshold 6)
[32.133s][trace][gc,age         ] GC(317) - age   1:    2001696 bytes,    2001696 total
[32.133s][info ][gc,heap        ] GC(317) ParNew: 18719K->1961K(19648K)
[32.133s][info ][gc,heap        ] GC(317) CMS: 36763K->37546K(43712K)
[32.133s][info ][gc,metaspace   ] GC(317) Metaspace: 15845K->15845K(1064960K)
[32.133s][info ][gc             ] GC(317) Pause Young (Allocation Failure) 54M->38M(61M) 1.696ms
[32.133s][info ][gc,cpu         ] GC(317) User=0.01s Sys=0.00s Real=0.00s
[32.135s][info ][gc,start       ] GC(318) Pause Young (Allocation Failure)
[32.135s][info ][gc,task        ] GC(318) Using 8 workers of 8 for evacuation
[32.136s][debug][gc,age         ] GC(318) Desired survivor size 1114112 bytes, new threshold 1 (max threshold 6)
[32.136s][trace][gc,age         ] GC(318) Age table with threshold 1 (max threshold 6)
[32.136s][trace][gc,age         ] GC(318) - age   1:    1601736 bytes,    1601736 total
[32.136s][info ][gc,heap        ] GC(318) ParNew: 19103K->1574K(19648K)
[32.136s][info ][gc,heap        ] GC(318) CMS: 37546K->38327K(43712K)
[32.136s][info ][gc,metaspace   ] GC(318) Metaspace: 15845K->15845K(1064960K)
[32.136s][info ][gc             ] GC(318) Pause Young (Allocation Failure) 55M->38M(61M) 1.235ms
[32.136s][info ][gc,cpu         ] GC(318) User=0.01s Sys=0.00s Real=0.00s
[32.138s][info ][gc,start       ] GC(319) Pause Young (Allocation Failure)
[32.138s][info ][gc,task        ] GC(319) Using 8 workers of 8 for evacuation
[32.139s][debug][gc,age         ] GC(319) Desired survivor size 1114112 bytes, new threshold 1 (max threshold 6)
[32.139s][trace][gc,age         ] GC(319) Age table with threshold 1 (max threshold 6)
[32.139s][trace][gc,age         ] GC(319) - age   1:    1602216 bytes,    1602216 total
[32.140s][info ][gc,heap        ] GC(319) ParNew: 18793K->1572K(19648K)
[32.140s][info ][gc,heap        ] GC(319) CMS: 38327K->38719K(43712K)
[32.140s][info ][gc,metaspace   ] GC(319) Metaspace: 15845K->15845K(1064960K)
[32.140s][info ][gc             ] GC(319) Pause Young (Allocation Failure) 55M->39M(61M) 1.466ms
[32.140s][info ][gc,cpu         ] GC(319) User=0.01s Sys=0.00s Real=0.00s
[32.141s][info ][gc,start       ] GC(320) Pause Young (Allocation Failure)
[32.141s][info ][gc,task        ] GC(320) Using 8 workers of 8 for evacuation
[32.143s][debug][gc,age         ] GC(320) Desired survivor size 1114112 bytes, new threshold 1 (max threshold 6)
[32.143s][trace][gc,age         ] GC(320) Age table with threshold 1 (max threshold 6)
[32.143s][trace][gc,age         ] GC(320) - age   1:    1601736 bytes,    1601736 total
[32.143s][info ][gc,heap        ] GC(320) ParNew: 18758K->1568K(19648K)
[32.143s][info ][gc,heap        ] GC(320) CMS: 38719K->39110K(43712K)
[32.143s][info ][gc,metaspace   ] GC(320) Metaspace: 15845K->15845K(1064960K)
[32.143s][info ][gc             ] GC(320) Pause Young (Allocation Failure) 56M->39M(61M) 2.166ms
[32.144s][info ][gc,cpu         ] GC(320) User=0.00s Sys=0.00s Real=0.00s
[32.145s][info ][gc,start       ] GC(321) Pause Young (Allocation Failure)
[32.145s][info ][gc,task        ] GC(321) Using 8 workers of 8 for evacuation
[32.147s][debug][gc,age         ] GC(321) Desired survivor size 1114112 bytes, new threshold 1 (max threshold 6)
[32.147s][trace][gc,age         ] GC(321) Age table with threshold 1 (max threshold 6)
[32.147s][trace][gc,age         ] GC(321) - age   1:    1201416 bytes,    1201416 total
[32.147s][info ][gc,heap        ] GC(321) ParNew: 19003K->1177K(19648K)
[32.147s][info ][gc,heap        ] GC(321) CMS: 39110K->39892K(43712K)
[32.147s][info ][gc,metaspace   ] GC(321) Metaspace: 15845K->15845K(1064960K)
[32.147s][info ][gc             ] GC(321) Pause Young (Allocation Failure) 56M->40M(61M) 1.874ms
[32.147s][info ][gc,cpu         ] GC(321) User=0.01s Sys=0.00s Real=0.00s
[32.148s][info ][gc,start       ] GC(322) Pause Young (Allocation Failure)
[32.148s][info ][gc,task        ] GC(322) Using 8 workers of 8 for evacuation
[32.150s][debug][gc,age         ] GC(322) Desired survivor size 1114112 bytes, new threshold 1 (max threshold 6)
[32.150s][trace][gc,age         ] GC(322) Age table with threshold 1 (max threshold 6)
[32.150s][trace][gc,age         ] GC(322) - age   1:    2001992 bytes,    2001992 total
[32.150s][info ][gc,heap        ] GC(322) ParNew: 18409K->1959K(19648K)
[32.150s][info ][gc,heap        ] GC(322) CMS: 39892K->39892K(43712K)
[32.150s][info ][gc,metaspace   ] GC(322) Metaspace: 15845K->15845K(1064960K)
[32.150s][info ][gc             ] GC(322) Pause Young (Allocation Failure) 56M->40M(61M) 1.532ms
[32.150s][info ][gc,cpu         ] GC(322) User=0.00s Sys=0.00s Real=0.00s
[32.152s][info ][gc,start       ] GC(323) Pause Young (Allocation Failure)
[32.152s][info ][gc,task        ] GC(323) Using 8 workers of 8 for evacuation
[32.153s][debug][gc,age         ] GC(323) Desired survivor size 1114112 bytes, new threshold 1 (max threshold 6)
[32.153s][trace][gc,age         ] GC(323) Age table with threshold 1 (max threshold 6)
[32.153s][trace][gc,age         ] GC(323) - age   1:    2002480 bytes,    2002480 total
[32.153s][info ][gc,heap        ] GC(323) ParNew: 19167K->1965K(19648K)
[32.153s][info ][gc,heap        ] GC(323) CMS: 39892K->40283K(43712K)
[32.153s][info ][gc,metaspace   ] GC(323) Metaspace: 15845K->15845K(1064960K)
[32.153s][info ][gc             ] GC(323) Pause Young (Allocation Failure) 57M->41M(61M) 1.750ms
[32.153s][info ][gc,cpu         ] GC(323) User=0.01s Sys=0.00s Real=0.00s
[32.155s][info ][gc,start       ] GC(324) Pause Young (Allocation Failure)
[32.155s][info ][gc,task        ] GC(324) Using 8 workers of 8 for evacuation
[32.156s][debug][gc,age         ] GC(324) Desired survivor size 1114112 bytes, new threshold 6 (max threshold 6)
[32.156s][trace][gc,age         ] GC(324) Age table with threshold 6 (max threshold 6)
[32.156s][trace][gc,age         ] GC(324) - age   1:     801144 bytes,     801144 total
[32.157s][info ][gc,heap        ] GC(324) ParNew: 19326K->791K(19648K)
[32.157s][info ][gc,heap        ] GC(324) CMS: 40283K->41066K(43712K)
[32.157s][info ][gc,metaspace   ] GC(324) Metaspace: 15845K->15845K(1064960K)
[32.157s][info ][gc             ] GC(324) Pause Young (Allocation Failure) 58M->40M(61M) 1.724ms
[32.157s][info ][gc,cpu         ] GC(324) User=0.01s Sys=0.00s Real=0.00s
[32.158s][info ][gc,start       ] GC(325) Pause Young (Allocation Failure)
[32.158s][info ][gc,task        ] GC(325) Using 8 workers of 8 for evacuation
[32.160s][debug][gc,age         ] GC(325) Desired survivor size 1114112 bytes, new threshold 1 (max threshold 6)
[32.160s][trace][gc,age         ] GC(325) Age table with threshold 1 (max threshold 6)
[32.160s][trace][gc,age         ] GC(325) - age   1:    2001480 bytes,    2001480 total
[32.160s][trace][gc,age         ] GC(325) - age   2:        312 bytes,    2001792 total
[32.160s][info ][gc,heap        ] GC(325) ParNew: 17893K->1961K(19648K)
[32.160s][info ][gc,heap        ] GC(325) CMS: 41066K->41066K(43712K)
[32.160s][info ][gc,metaspace   ] GC(325) Metaspace: 15845K->15845K(1064960K)
[32.160s][info ][gc             ] GC(325) Pause Young (Allocation Failure) 57M->42M(61M) 1.725ms
[32.160s][info ][gc,cpu         ] GC(325) User=0.00s Sys=0.00s Real=0.00s
[32.162s][info ][gc,start       ] GC(326) Pause Young (Allocation Failure)
[32.162s][info ][gc,task        ] GC(326) Using 8 workers of 8 for evacuation
[32.164s][debug][gc,age         ] GC(326) Desired survivor size 1114112 bytes, new threshold 1 (max threshold 6)
[32.164s][trace][gc,age         ] GC(326) Age table with threshold 1 (max threshold 6)
[32.164s][trace][gc,age         ] GC(326) - age   1:    1601736 bytes,    1601736 total
[32.164s][info ][gc,heap        ] GC(326) ParNew: 19090K->1566K(19648K)
[32.164s][info ][gc,heap        ] GC(326) CMS: 41066K->41067K(43712K)
[32.164s][info ][gc,metaspace   ] GC(326) Metaspace: 15845K->15845K(1064960K)
[32.164s][info ][gc             ] GC(326) Pause Young (Allocation Failure) 58M->41M(61M) 2.143ms
[32.164s][info ][gc,cpu         ] GC(326) User=0.01s Sys=0.00s Real=0.00s
[32.166s][info ][gc,start       ] GC(327) Pause Young (Allocation Failure)
[32.166s][info ][gc,task        ] GC(327) Using 8 workers of 8 for evacuation
[32.168s][debug][gc,age         ] GC(327) Desired survivor size 1114112 bytes, new threshold 1 (max threshold 6)
[32.168s][trace][gc,age         ] GC(327) Age table with threshold 1 (max threshold 6)
[32.168s][trace][gc,age         ] GC(327) - age   1:    2001520 bytes,    2001520 total
[32.168s][info ][gc,heap        ] GC(327) ParNew: 18679K->1961K(19648K)
[32.168s][info ][gc,heap        ] GC(327) CMS: 41067K->41458K(43712K)
[32.168s][info ][gc,metaspace   ] GC(327) Metaspace: 15845K->15845K(1064960K)
[32.168s][info ][gc             ] GC(327) Pause Young (Allocation Failure) 58M->42M(61M) 1.731ms
[32.168s][info ][gc,cpu         ] GC(327) User=0.01s Sys=0.00s Real=0.01s
[32.169s][info ][gc,start       ] GC(328) Pause Young (Allocation Failure)
[32.170s][info ][gc,task        ] GC(328) Using 8 workers of 8 for evacuation
[32.171s][debug][gc,age         ] GC(328) Desired survivor size 1114112 bytes, new threshold 1 (max threshold 6)
[32.171s][trace][gc,age         ] GC(328) Age table with threshold 1 (max threshold 6)
[32.171s][trace][gc,age         ] GC(328) - age   1:    1201720 bytes,    1201720 total
[32.171s][info ][gc,heap        ] GC(328) ParNew: 19140K->1181K(19648K)
[32.171s][info ][gc,heap        ] GC(328) CMS: 41458K->41458K(43712K)
[32.171s][info ][gc,metaspace   ] GC(328) Metaspace: 15845K->15845K(1064960K)
[32.171s][info ][gc             ] GC(328) Pause Young (Allocation Failure) 59M->41M(61M) 1.574ms
[32.171s][info ][gc,cpu         ] GC(328) User=0.00s Sys=0.00s Real=0.00s
[32.173s][info ][gc,start       ] GC(329) Pause Young (Allocation Failure)
[32.173s][info ][gc,task        ] GC(329) Using 8 workers of 8 for evacuation
[32.175s][debug][gc,age         ] GC(329) Desired survivor size 1114112 bytes, new threshold 1 (max threshold 6)
[32.175s][trace][gc,age         ] GC(329) Age table with threshold 1 (max threshold 6)
[32.175s][trace][gc,age         ] GC(329) - age   1:    2001496 bytes,    2001496 total
[32.175s][info ][gc,heap        ] GC(329) ParNew: 18653K->1957K(19648K)
[32.175s][info ][gc,heap        ] GC(329) CMS: 41458K->42240K(43712K)
[32.175s][info ][gc,metaspace   ] GC(329) Metaspace: 15845K->15845K(1064960K)
[32.175s][info ][gc             ] GC(329) Pause Young (Allocation Failure) 58M->43M(61M) 2.047ms
[32.175s][info ][gc,cpu         ] GC(329) User=0.01s Sys=0.00s Real=0.00s
[32.177s][info ][gc,start       ] GC(330) Pause Young (Allocation Failure)
[32.177s][info ][gc,task        ] GC(330) Using 8 workers of 8 for evacuation
[32.178s][debug][gc,age         ] GC(330) Desired survivor size 1114112 bytes, new threshold 1 (max threshold 6)
[32.178s][trace][gc,age         ] GC(330) Age table with threshold 1 (max threshold 6)
[32.178s][trace][gc,age         ] GC(330) - age   1:    2002240 bytes,    2002240 total
[32.178s][info ][gc,heap        ] GC(330) ParNew: 19120K->1961K(19648K)
[32.178s][info ][gc,heap        ] GC(330) CMS: 42240K->42632K(43712K)
[32.178s][info ][gc,metaspace   ] GC(330) Metaspace: 15845K->15845K(1064960K)
[32.178s][info ][gc             ] GC(330) Pause Young (Allocation Failure) 59M->43M(61M) 1.654ms
[32.178s][info ][gc,cpu         ] GC(330) User=0.01s Sys=0.00s Real=0.01s
[32.180s][info ][gc,start       ] GC(331) Pause Young (Allocation Failure)
[32.180s][info ][gc,task        ] GC(331) Using 8 workers of 8 for evacuation
[32.182s][debug][gc,age         ] GC(331) Desired survivor size 1114112 bytes, new threshold 1 (max threshold 6)
[32.182s][trace][gc,age         ] GC(331) Age table with threshold 1 (max threshold 6)
[32.182s][trace][gc,age         ] GC(331) - age   1:    2001688 bytes,    2001688 total
[32.182s][info ][gc,heap        ] GC(331) ParNew: 19167K->1957K(19648K)
[32.182s][info ][gc,heap        ] GC(331) CMS: 42632K->43023K(43712K)
[32.182s][info ][gc,metaspace   ] GC(331) Metaspace: 15845K->15845K(1064960K)
[32.182s][info ][gc             ] GC(331) Pause Young (Allocation Failure) 60M->43M(61M) 1.931ms
[32.182s][info ][gc,cpu         ] GC(331) User=0.00s Sys=0.00s Real=0.00s
[32.184s][info ][gc,start       ] GC(332) Pause Young (Allocation Failure)
[32.184s][info ][gc,task        ] GC(332) Using 8 workers of 8 for evacuation
[32.186s][info ][gc,promotion   ] Promotion failed
[32.186s][info ][gc,start       ] GC(333) Pause Full (Allocation Failure)
[32.186s][info ][gc             ] GC(303) Concurrent Abortable Preclean 86.698ms
[32.186s][info ][gc,cpu         ] GC(303) User=0.40s Sys=0.02s Real=0.08s
[32.187s][info ][gc,phases,start] GC(333) Phase 1: Mark live objects
[32.190s][debug][gc,phases      ] GC(333) Reference Processing 0.072ms
[32.190s][debug][gc,phases      ] GC(333) Weak Processing 0.031ms
[32.190s][debug][gc,phases      ] GC(333) ClassLoaderData 0.043ms
[32.190s][debug][gc,phases      ] GC(333) ProtectionDomainCacheTable 0.003ms
[32.190s][debug][gc,phases      ] GC(333) ResolvedMethodTable 0.019ms
[32.191s][debug][gc,phases      ] GC(333) Class Unloading 0.895ms
[32.191s][debug][gc,phases      ] GC(333) Scrub String Table 0.080ms
[32.193s][debug][gc,phases      ] GC(333) Scrub Symbol Table 1.773ms
[32.193s][info ][gc,phases      ] GC(333) Phase 1: Mark live objects 6.573ms
[32.193s][info ][gc,phases,start] GC(333) Phase 2: Compute new object addresses
[32.195s][info ][gc,phases      ] GC(333) Phase 2: Compute new object addresses 1.623ms
[32.195s][info ][gc,phases,start] GC(333) Phase 3: Adjust pointers
[32.200s][info ][gc,phases      ] GC(333) Phase 3: Adjust pointers 4.877ms
[32.200s][info ][gc,phases,start] GC(333) Phase 4: Move objects
[32.201s][info ][gc,phases      ] GC(333) Phase 4: Move objects 1.205ms
[32.201s][info ][gc             ] GC(333) Pause Full (Allocation Failure) 60M->5M(61M) 14.918ms
[32.201s][info ][gc,heap        ] GC(332) ParNew: 19359K->0K(19648K)
[32.201s][info ][gc,heap        ] GC(332) CMS: 43023K->5862K(43712K)
[32.201s][info ][gc,metaspace   ] GC(332) Metaspace: 15845K->15845K(1064960K)
[32.201s][info ][gc             ] GC(332) Pause Young (Allocation Failure) 60M->5M(61M) 17.634ms
[32.201s][info ][gc,cpu         ] GC(332) User=0.05s Sys=0.01s Real=0.02s
[32.203s][info ][gc,start       ] GC(334) Pause Young (Allocation Failure)
[32.203s][info ][gc,task        ] GC(334) Using 8 workers of 8 for evacuation
[32.205s][debug][gc,age         ] GC(334) Desired survivor size 1114112 bytes, new threshold 1 (max threshold 6)
[32.205s][trace][gc,age         ] GC(334) Age table with threshold 1 (max threshold 6)
[32.205s][trace][gc,age         ] GC(334) - age   1:    1601920 bytes,    1601920 total
[32.205s][info ][gc,heap        ] GC(334) ParNew: 17149K->1566K(19648K)
[32.205s][info ][gc,heap        ] GC(334) CMS: 5862K->5862K(43712K)
[32.205s][info ][gc,metaspace   ] GC(334) Metaspace: 15845K->15845K(1064960K)
[32.205s][info ][gc             ] GC(334) Pause Young (Allocation Failure) 22M->7M(61M) 2.390ms
[32.205s][info ][gc,cpu         ] GC(334) User=0.00s Sys=0.00s Real=0.00s
[32.207s][info ][gc,start       ] GC(335) Pause Young (Allocation Failure)
[32.207s][info ][gc,task        ] GC(335) Using 8 workers of 8 for evacuation
[32.209s][debug][gc,age         ] GC(335) Desired survivor size 1114112 bytes, new threshold 1 (max threshold 6)
[32.209s][trace][gc,age         ] GC(335) Age table with threshold 1 (max threshold 6)
[32.209s][trace][gc,age         ] GC(335) - age   1:    1201784 bytes,    1201784 total
[32.209s][info ][gc,heap        ] GC(335) ParNew: 18713K->1173K(19648K)
[32.209s][info ][gc,heap        ] GC(335) CMS: 5862K->7037K(43712K)
[32.209s][info ][gc,metaspace   ] GC(335) Metaspace: 15845K->15845K(1064960K)
[32.209s][info ][gc             ] GC(335) Pause Young (Allocation Failure) 24M->8M(61M) 2.549ms
[32.209s][info ][gc,cpu         ] GC(335) User=0.01s Sys=0.00s Real=0.01s
[32.211s][info ][gc,start       ] GC(336) Pause Young (Allocation Failure)
[32.211s][info ][gc,task        ] GC(336) Using 8 workers of 8 for evacuation
[32.212s][debug][gc,age         ] GC(336) Desired survivor size 1114112 bytes, new threshold 1 (max threshold 6)
[32.212s][trace][gc,age         ] GC(336) Age table with threshold 1 (max threshold 6)
[32.212s][trace][gc,age         ] GC(336) - age   1:    1601168 bytes,    1601168 total
[32.212s][info ][gc,heap        ] GC(336) ParNew: 18645K->1570K(19648K)
[32.212s][info ][gc,heap        ] GC(336) CMS: 7037K->7826K(43712K)
[32.212s][info ][gc,metaspace   ] GC(336) Metaspace: 15845K->15845K(1064960K)
[32.212s][info ][gc             ] GC(336) Pause Young (Allocation Failure) 25M->9M(61M) 1.367ms
[32.212s][info ][gc,cpu         ] GC(336) User=0.01s Sys=0.00s Real=0.00s
[32.214s][info ][gc,start       ] GC(337) Pause Young (Allocation Failure)
[32.214s][info ][gc,task        ] GC(337) Using 8 workers of 8 for evacuation
[32.215s][debug][gc,age         ] GC(337) Desired survivor size 1114112 bytes, new threshold 6 (max threshold 6)
[32.215s][trace][gc,age         ] GC(337) Age table with threshold 6 (max threshold 6)
[32.215s][trace][gc,age         ] GC(337) - age   1:     801280 bytes,     801280 total
[32.215s][info ][gc,heap        ] GC(337) ParNew: 19013K->789K(19648K)
[32.215s][info ][gc,heap        ] GC(337) CMS: 7826K->8998K(43712K)
[32.215s][info ][gc,metaspace   ] GC(337) Metaspace: 15845K->15845K(1064960K)
[32.215s][info ][gc             ] GC(337) Pause Young (Allocation Failure) 26M->9M(61M) 1.510ms
[32.216s][info ][gc,cpu         ] GC(337) User=0.01s Sys=0.00s Real=0.00s
[32.217s][info ][gc,start       ] GC(338) Pause Young (Allocation Failure)
[32.217s][info ][gc,task        ] GC(338) Using 8 workers of 8 for evacuation
[32.219s][debug][gc,age         ] GC(338) Desired survivor size 1114112 bytes, new threshold 1 (max threshold 6)
[32.219s][trace][gc,age         ] GC(338) Age table with threshold 1 (max threshold 6)
[32.219s][trace][gc,age         ] GC(338) - age   1:    1201128 bytes,    1201128 total
[32.219s][trace][gc,age         ] GC(338) - age   2:     400456 bytes,    1601584 total
[32.219s][info ][gc,heap        ] GC(338) ParNew: 18197K->1570K(19648K)
[32.219s][info ][gc,heap        ] GC(338) CMS: 8998K->8998K(43712K)
[32.219s][info ][gc,metaspace   ] GC(338) Metaspace: 15845K->15845K(1064960K)
[32.219s][info ][gc             ] GC(338) Pause Young (Allocation Failure) 26M->10M(61M) 1.269ms
[32.219s][info ][gc,cpu         ] GC(338) User=0.00s Sys=0.00s Real=0.01s
[32.220s][info ][gc,start       ] GC(339) Pause Young (Allocation Failure)
[32.220s][info ][gc,task        ] GC(339) Using 8 workers of 8 for evacuation
[32.223s][debug][gc,age         ] GC(339) Desired survivor size 1114112 bytes, new threshold 6 (max threshold 6)
[32.223s][trace][gc,age         ] GC(339) Age table with threshold 6 (max threshold 6)
[32.223s][trace][gc,age         ] GC(339) - age   1:     801256 bytes,     801256 total
[32.223s][info ][gc,heap        ] GC(339) ParNew: 18802K->787K(19648K)
[32.223s][info ][gc,heap        ] GC(339) CMS: 8998K->9781K(43712K)
[32.223s][info ][gc,metaspace   ] GC(339) Metaspace: 15845K->15845K(1064960K)
[32.223s][info ][gc             ] GC(339) Pause Young (Allocation Failure) 27M->10M(61M) 2.669ms
[32.223s][info ][gc,cpu         ] GC(339) User=0.01s Sys=0.00s Real=0.00s
[32.226s][info ][gc,start       ] GC(340) Pause Young (Allocation Failure)
[32.226s][info ][gc,task        ] GC(340) Using 8 workers of 8 for evacuation
[32.228s][debug][gc,age         ] GC(340) Desired survivor size 1114112 bytes, new threshold 2 (max threshold 6)
[32.228s][trace][gc,age         ] GC(340) Age table with threshold 2 (max threshold 6)
[32.228s][trace][gc,age         ] GC(340) - age   1:     800952 bytes,     800952 total
[32.228s][trace][gc,age         ] GC(340) - age   2:     800944 bytes,    1601896 total
[32.228s][info ][gc,heap        ] GC(340) ParNew: 18181K->1572K(19648K)
[32.228s][info ][gc,heap        ] GC(340) CMS: 9781K->9781K(43712K)
[32.228s][info ][gc,metaspace   ] GC(340) Metaspace: 15845K->15845K(1064960K)
[32.228s][info ][gc             ] GC(340) Pause Young (Allocation Failure) 27M->11M(61M) 1.685ms
[32.228s][info ][gc,cpu         ] GC(340) User=0.01s Sys=0.00s Real=0.01s
[32.230s][info ][gc,start       ] GC(341) Pause Young (Allocation Failure)
[32.230s][info ][gc,task        ] GC(341) Using 8 workers of 8 for evacuation
[32.231s][debug][gc,age         ] GC(341) Desired survivor size 1114112 bytes, new threshold 1 (max threshold 6)
[32.231s][trace][gc,age         ] GC(341) Age table with threshold 1 (max threshold 6)
[32.231s][trace][gc,age         ] GC(341) - age   1:    1201488 bytes,    1201488 total
[32.231s][trace][gc,age         ] GC(341) - age   2:     800640 bytes,    2002128 total
[32.232s][info ][gc,heap        ] GC(341) ParNew: 19044K->1959K(19648K)
[32.232s][info ][gc,heap        ] GC(341) CMS: 9781K->10172K(43712K)
[32.232s][info ][gc,metaspace   ] GC(341) Metaspace: 15845K->15845K(1064960K)
[32.232s][info ][gc             ] GC(341) Pause Young (Allocation Failure) 28M->11M(61M) 1.830ms
[32.232s][info ][gc,cpu         ] GC(341) User=0.01s Sys=0.00s Real=0.00s
[32.233s][info ][gc,start       ] GC(342) Pause Young (Allocation Failure)
[32.233s][info ][gc,task        ] GC(342) Using 8 workers of 8 for evacuation
[32.235s][debug][gc,age         ] GC(342) Desired survivor size 1114112 bytes, new threshold 1 (max threshold 6)
[32.235s][trace][gc,age         ] GC(342) Age table with threshold 1 (max threshold 6)
[32.235s][trace][gc,age         ] GC(342) - age   1:    1601688 bytes,    1601688 total
[32.235s][info ][gc,heap        ] GC(342) ParNew: 19344K->1566K(19648K)
[32.235s][info ][gc,heap        ] GC(342) CMS: 10172K->10954K(43712K)
[32.235s][info ][gc,metaspace   ] GC(342) Metaspace: 15845K->15845K(1064960K)
[32.235s][info ][gc             ] GC(342) Pause Young (Allocation Failure) 28M->12M(61M) 1.675ms
[32.235s][info ][gc,cpu         ] GC(342) User=0.01s Sys=0.00s Real=0.00s
[32.237s][info ][gc,start       ] GC(343) Pause Young (Allocation Failure)
[32.237s][info ][gc,task        ] GC(343) Using 8 workers of 8 for evacuation
[32.238s][debug][gc,age         ] GC(343) Desired survivor size 1114112 bytes, new threshold 1 (max threshold 6)
[32.238s][trace][gc,age         ] GC(343) Age table with threshold 1 (max threshold 6)
[32.238s][trace][gc,age         ] GC(343) - age   1:    2001744 bytes,    2001744 total
[32.238s][info ][gc,heap        ] GC(343) ParNew: 18704K->1961K(19648K)
[32.238s][info ][gc,heap        ] GC(343) CMS: 10954K->11345K(43712K)
[32.238s][info ][gc,metaspace   ] GC(343) Metaspace: 15845K->15845K(1064960K)
[32.238s][info ][gc             ] GC(343) Pause Young (Allocation Failure) 28M->12M(61M) 1.392ms
[32.238s][info ][gc,cpu         ] GC(343) User=0.00s Sys=0.00s Real=0.01s
[32.239s][info ][gc,start       ] GC(344) Pause Young (Allocation Failure)
[32.239s][info ][gc,task        ] GC(344) Using 8 workers of 8 for evacuation
[32.241s][debug][gc,age         ] GC(344) Desired survivor size 1114112 bytes, new threshold 1 (max threshold 6)
[32.241s][trace][gc,age         ] GC(344) Age table with threshold 1 (max threshold 6)
[32.241s][trace][gc,age         ] GC(344) - age   1:    2001976 bytes,    2001976 total
[32.241s][info ][gc,heap        ] GC(344) ParNew: 19219K->1957K(19648K)
[32.241s][info ][gc,heap        ] GC(344) CMS: 11345K->11736K(43712K)
[32.241s][info ][gc,metaspace   ] GC(344) Metaspace: 15845K->15845K(1064960K)
[32.241s][info ][gc             ] GC(344) Pause Young (Allocation Failure) 29M->13M(61M) 1.481ms
[32.241s][info ][gc,cpu         ] GC(344) User=0.01s Sys=0.00s Real=0.00s
[32.243s][info ][gc,start       ] GC(345) Pause Young (Allocation Failure)
[32.243s][info ][gc,task        ] GC(345) Using 8 workers of 8 for evacuation
[32.245s][debug][gc,age         ] GC(345) Desired survivor size 1114112 bytes, new threshold 1 (max threshold 6)
[32.245s][trace][gc,age         ] GC(345) Age table with threshold 1 (max threshold 6)
[32.245s][trace][gc,age         ] GC(345) - age   1:    1601672 bytes,    1601672 total
[32.245s][info ][gc,heap        ] GC(345) ParNew: 19040K->1570K(19648K)
[32.245s][info ][gc,heap        ] GC(345) CMS: 11736K->12909K(43712K)
[32.245s][info ][gc,metaspace   ] GC(345) Metaspace: 15845K->15845K(1064960K)
[32.245s][info ][gc             ] GC(345) Pause Young (Allocation Failure) 30M->14M(61M) 2.321ms
[32.245s][info ][gc,cpu         ] GC(345) User=0.01s Sys=0.00s Real=0.00s
[32.246s][info ][gc,start       ] GC(346) Pause Young (Allocation Failure)
[32.247s][info ][gc,task        ] GC(346) Using 8 workers of 8 for evacuation
[32.248s][debug][gc,age         ] GC(346) Desired survivor size 1114112 bytes, new threshold 1 (max threshold 6)
[32.249s][trace][gc,age         ] GC(346) Age table with threshold 1 (max threshold 6)
[32.249s][trace][gc,age         ] GC(346) - age   1:    1601784 bytes,    1601784 total
[32.249s][info ][gc,heap        ] GC(346) ParNew: 18748K->1564K(19648K)
[32.249s][info ][gc,heap        ] GC(346) CMS: 12909K->13691K(43712K)
[32.249s][info ][gc,metaspace   ] GC(346) Metaspace: 15845K->15845K(1064960K)
[32.249s][info ][gc             ] GC(346) Pause Young (Allocation Failure) 30M->14M(61M) 2.181ms
[32.249s][info ][gc,cpu         ] GC(346) User=0.01s Sys=0.00s Real=0.01s
[32.251s][info ][gc,start       ] GC(347) Pause Young (Allocation Failure)
[32.251s][info ][gc,task        ] GC(347) Using 8 workers of 8 for evacuation
[32.252s][debug][gc,age         ] GC(347) Desired survivor size 1114112 bytes, new threshold 1 (max threshold 6)
[32.252s][trace][gc,age         ] GC(347) Age table with threshold 1 (max threshold 6)
[32.252s][trace][gc,age         ] GC(347) - age   1:    1601480 bytes,    1601480 total
[32.252s][info ][gc,heap        ] GC(347) ParNew: 18651K->1566K(19648K)
[32.252s][info ][gc,heap        ] GC(347) CMS: 13691K->14473K(43712K)
[32.252s][info ][gc,metaspace   ] GC(347) Metaspace: 15845K->15845K(1064960K)
[32.252s][info ][gc             ] GC(347) Pause Young (Allocation Failure) 31M->15M(61M) 1.746ms
[32.252s][info ][gc,cpu         ] GC(347) User=0.01s Sys=0.00s Real=0.00s
[32.254s][info ][gc,start       ] GC(348) Pause Young (Allocation Failure)
[32.254s][info ][gc,task        ] GC(348) Using 8 workers of 8 for evacuation
[32.256s][debug][gc,age         ] GC(348) Desired survivor size 1114112 bytes, new threshold 1 (max threshold 6)
[32.256s][trace][gc,age         ] GC(348) Age table with threshold 1 (max threshold 6)
[32.256s][trace][gc,age         ] GC(348) - age   1:    1201920 bytes,    1201920 total
[32.256s][info ][gc,heap        ] GC(348) ParNew: 18793K->1175K(19648K)
[32.256s][info ][gc,heap        ] GC(348) CMS: 14473K->15255K(43712K)
[32.256s][info ][gc,metaspace   ] GC(348) Metaspace: 15845K->15845K(1064960K)
[32.256s][info ][gc             ] GC(348) Pause Young (Allocation Failure) 32M->16M(61M) 2.063ms
[32.256s][info ][gc,cpu         ] GC(348) User=0.01s Sys=0.00s Real=0.00s
[32.257s][info ][gc,start       ] GC(349) Pause Young (Allocation Failure)
[32.257s][info ][gc,task        ] GC(349) Using 8 workers of 8 for evacuation
[32.259s][debug][gc,age         ] GC(349) Desired survivor size 1114112 bytes, new threshold 6 (max threshold 6)
[32.259s][trace][gc,age         ] GC(349) Age table with threshold 6 (max threshold 6)
[32.259s][trace][gc,age         ] GC(349) - age   1:     801144 bytes,     801144 total
[32.259s][info ][gc,heap        ] GC(349) ParNew: 18578K->789K(19648K)
[32.259s][info ][gc,heap        ] GC(349) CMS: 15255K->16428K(43712K)
[32.259s][info ][gc,metaspace   ] GC(349) Metaspace: 15845K->15845K(1064960K)
[32.259s][info ][gc             ] GC(349) Pause Young (Allocation Failure) 33M->16M(61M) 1.553ms
[32.259s][info ][gc,cpu         ] GC(349) User=0.01s Sys=0.00s Real=0.01s
[32.260s][info ][gc,start       ] GC(350) Pause Young (Allocation Failure)
[32.260s][info ][gc,task        ] GC(350) Using 8 workers of 8 for evacuation
[32.262s][debug][gc,age         ] GC(350) Desired survivor size 1114112 bytes, new threshold 1 (max threshold 6)
[32.262s][trace][gc,age         ] GC(350) Age table with threshold 1 (max threshold 6)
[32.262s][trace][gc,age         ] GC(350) - age   1:    1601880 bytes,    1601880 total
[32.262s][trace][gc,age         ] GC(350) - age   2:     400568 bytes,    2002448 total
[32.262s][info ][gc,heap        ] GC(350) ParNew: 17974K->1957K(19648K)
[32.262s][info ][gc,heap        ] GC(350) CMS: 16428K->17209K(43712K)
[32.262s][info ][gc,metaspace   ] GC(350) Metaspace: 15845K->15845K(1064960K)
[32.262s][info ][gc             ] GC(350) Pause Young (Allocation Failure) 33M->18M(61M) 1.987ms
[32.262s][info ][gc,cpu         ] GC(350) User=0.00s Sys=0.00s Real=0.00s
[32.264s][info ][gc,start       ] GC(351) Pause Young (Allocation Failure)
[32.264s][info ][gc,task        ] GC(351) Using 8 workers of 8 for evacuation
[32.265s][debug][gc,age         ] GC(351) Desired survivor size 1114112 bytes, new threshold 1 (max threshold 6)
[32.265s][trace][gc,age         ] GC(351) Age table with threshold 1 (max threshold 6)
[32.265s][trace][gc,age         ] GC(351) - age   1:    2001632 bytes,    2001632 total
[32.265s][info ][gc,heap        ] GC(351) ParNew: 19109K->1961K(19648K)
[32.265s][info ][gc,heap        ] GC(351) CMS: 17209K->17601K(43712K)
[32.265s][info ][gc,metaspace   ] GC(351) Metaspace: 15845K->15845K(1064960K)
[32.265s][info ][gc             ] GC(351) Pause Young (Allocation Failure) 35M->19M(61M) 1.445ms
[32.265s][info ][gc,cpu         ] GC(351) User=0.01s Sys=0.00s Real=0.00s
[32.267s][info ][gc,start       ] GC(352) Pause Young (Allocation Failure)
[32.267s][info ][gc,task        ] GC(352) Using 8 workers of 8 for evacuation
[32.268s][debug][gc,age         ] GC(352) Desired survivor size 1114112 bytes, new threshold 1 (max threshold 6)
[32.268s][trace][gc,age         ] GC(352) Age table with threshold 1 (max threshold 6)
[32.268s][trace][gc,age         ] GC(352) - age   1:    1601328 bytes,    1601328 total
[32.268s][info ][gc,heap        ] GC(352) ParNew: 19063K->1566K(19648K)
[32.268s][info ][gc,heap        ] GC(352) CMS: 17601K->18773K(43712K)
[32.268s][info ][gc,metaspace   ] GC(352) Metaspace: 15845K->15845K(1064960K)
[32.268s][info ][gc             ] GC(352) Pause Young (Allocation Failure) 35M->19M(61M) 1.554ms
[32.268s][info ][gc,cpu         ] GC(352) User=0.00s Sys=0.00s Real=0.01s
[32.270s][info ][gc,start       ] GC(353) Pause Young (Allocation Failure)
[32.270s][info ][gc,task        ] GC(353) Using 8 workers of 8 for evacuation
[32.271s][debug][gc,age         ] GC(353) Desired survivor size 1114112 bytes, new threshold 1 (max threshold 6)
[32.271s][trace][gc,age         ] GC(353) Age table with threshold 1 (max threshold 6)
[32.271s][trace][gc,age         ] GC(353) - age   1:    2001760 bytes,    2001760 total
[32.271s][info ][gc,heap        ] GC(353) ParNew: 18742K->1961K(19648K)
[32.271s][info ][gc,heap        ] GC(353) CMS: 18773K->19166K(43712K)
[32.271s][info ][gc,metaspace   ] GC(353) Metaspace: 15845K->15845K(1064960K)
[32.271s][info ][gc             ] GC(353) Pause Young (Allocation Failure) 36M->20M(61M) 1.402ms
[32.271s][info ][gc,cpu         ] GC(353) User=0.01s Sys=0.00s Real=0.00s
[32.273s][info ][gc,start       ] GC(354) Pause Young (Allocation Failure)
[32.273s][info ][gc,task        ] GC(354) Using 8 workers of 8 for evacuation
[32.274s][debug][gc,age         ] GC(354) Desired survivor size 1114112 bytes, new threshold 1 (max threshold 6)
[32.274s][trace][gc,age         ] GC(354) Age table with threshold 1 (max threshold 6)
[32.274s][trace][gc,age         ] GC(354) - age   1:    1202040 bytes,    1202040 total
[32.274s][info ][gc,heap        ] GC(354) ParNew: 19207K->1184K(19648K)
[32.274s][info ][gc,heap        ] GC(354) CMS: 19166K->19557K(43712K)
[32.274s][info ][gc,metaspace   ] GC(354) Metaspace: 15845K->15845K(1064960K)
[32.274s][info ][gc             ] GC(354) Pause Young (Allocation Failure) 37M->20M(61M) 1.409ms
[32.274s][info ][gc,cpu         ] GC(354) User=0.01s Sys=0.00s Real=0.00s
[32.275s][info ][gc,start       ] GC(355) Pause Young (Allocation Failure)
[32.275s][info ][gc,task        ] GC(355) Using 8 workers of 8 for evacuation
[32.277s][debug][gc,age         ] GC(355) Desired survivor size 1114112 bytes, new threshold 1 (max threshold 6)
[32.277s][trace][gc,age         ] GC(355) Age table with threshold 1 (max threshold 6)
[32.277s][trace][gc,age         ] GC(355) - age   1:    2001688 bytes,    2001688 total
[32.277s][info ][gc,heap        ] GC(355) ParNew: 18314K->1965K(19648K)
[32.277s][info ][gc,heap        ] GC(355) CMS: 19557K->20341K(43712K)
[32.277s][info ][gc,metaspace   ] GC(355) Metaspace: 15845K->15845K(1064960K)
[32.277s][info ][gc             ] GC(355) Pause Young (Allocation Failure) 36M->21M(61M) 1.536ms
[32.277s][info ][gc,cpu         ] GC(355) User=0.01s Sys=0.00s Real=0.00s
[32.278s][info ][gc,start       ] GC(356) Pause Young (Allocation Failure)
[32.278s][info ][gc,task        ] GC(356) Using 8 workers of 8 for evacuation
[32.280s][debug][gc,age         ] GC(356) Desired survivor size 1114112 bytes, new threshold 1 (max threshold 6)
[32.280s][trace][gc,age         ] GC(356) Age table with threshold 1 (max threshold 6)
[32.280s][trace][gc,age         ] GC(356) - age   1:    2001616 bytes,    2001616 total
[32.280s][info ][gc,heap        ] GC(356) ParNew: 19073K->1957K(19648K)
[32.280s][info ][gc,heap        ] GC(356) CMS: 20341K->20732K(43712K)
[32.280s][info ][gc,metaspace   ] GC(356) Metaspace: 15845K->15845K(1064960K)
[32.280s][info ][gc             ] GC(356) Pause Young (Allocation Failure) 38M->22M(61M) 1.582ms
[32.280s][info ][gc,cpu         ] GC(356) User=0.01s Sys=0.00s Real=0.00s
[32.281s][info ][gc,start       ] GC(357) Pause Young (Allocation Failure)
[32.281s][info ][gc,task        ] GC(357) Using 8 workers of 8 for evacuation
[32.283s][debug][gc,age         ] GC(357) Desired survivor size 1114112 bytes, new threshold 1 (max threshold 6)
[32.283s][trace][gc,age         ] GC(357) Age table with threshold 1 (max threshold 6)
[32.283s][trace][gc,age         ] GC(357) - age   1:    2002000 bytes,    2002000 total
[32.283s][info ][gc,heap        ] GC(357) ParNew: 19164K->1957K(19648K)
[32.283s][info ][gc,heap        ] GC(357) CMS: 20732K->21904K(43712K)
[32.283s][info ][gc,metaspace   ] GC(357) Metaspace: 15845K->15845K(1064960K)
[32.283s][info ][gc             ] GC(357) Pause Young (Allocation Failure) 38M->23M(61M) 1.784ms
[32.283s][info ][gc,cpu         ] GC(357) User=0.00s Sys=0.00s Real=0.00s
[32.284s][info ][gc,start       ] GC(358) Pause Young (Allocation Failure)
[32.284s][info ][gc,task        ] GC(358) Using 8 workers of 8 for evacuation
[32.286s][debug][gc,age         ] GC(358) Desired survivor size 1114112 bytes, new threshold 1 (max threshold 6)
[32.286s][trace][gc,age         ] GC(358) Age table with threshold 1 (max threshold 6)
[32.286s][trace][gc,age         ] GC(358) - age   1:    2001736 bytes,    2001736 total
[32.286s][info ][gc,heap        ] GC(358) ParNew: 19184K->1961K(19648K)
[32.286s][info ][gc,heap        ] GC(358) CMS: 21904K->22686K(43712K)
[32.286s][info ][gc,metaspace   ] GC(358) Metaspace: 15845K->15845K(1064960K)
[32.286s][info ][gc             ] GC(358) Pause Young (Allocation Failure) 40M->24M(61M) 1.526ms
[32.286s][info ][gc,cpu         ] GC(358) User=0.01s Sys=0.00s Real=0.00s
[32.287s][info ][gc,start       ] GC(359) Pause Young (Allocation Failure)
[32.287s][info ][gc,task        ] GC(359) Using 8 workers of 8 for evacuation
[32.289s][debug][gc,age         ] GC(359) Desired survivor size 1114112 bytes, new threshold 1 (max threshold 6)
[32.289s][trace][gc,age         ] GC(359) Age table with threshold 1 (max threshold 6)
[32.289s][trace][gc,age         ] GC(359) - age   1:    2001976 bytes,    2001976 total
[32.289s][info ][gc,heap        ] GC(359) ParNew: 19100K->1957K(19648K)
[32.289s][info ][gc,heap        ] GC(359) CMS: 22686K->22687K(43712K)
[32.289s][info ][gc,metaspace   ] GC(359) Metaspace: 15845K->15845K(1064960K)
[32.289s][info ][gc             ] GC(359) Pause Young (Allocation Failure) 40M->24M(61M) 1.374ms
[32.289s][info ][gc,cpu         ] GC(359) User=0.00s Sys=0.00s Real=0.01s
[32.290s][info ][gc,start       ] GC(360) Pause Young (Allocation Failure)
[32.290s][info ][gc,task        ] GC(360) Using 8 workers of 8 for evacuation
[32.291s][debug][gc,age         ] GC(360) Desired survivor size 1114112 bytes, new threshold 1 (max threshold 6)
[32.291s][trace][gc,age         ] GC(360) Age table with threshold 1 (max threshold 6)
[32.291s][trace][gc,age         ] GC(360) - age   1:    2001504 bytes,    2001504 total
[32.291s][info ][gc,heap        ] GC(360) ParNew: 19398K->1957K(19648K)
[32.291s][info ][gc,heap        ] GC(360) CMS: 22687K->23859K(43712K)
[32.292s][info ][gc,metaspace   ] GC(360) Metaspace: 15845K->15845K(1064960K)
[32.292s][info ][gc             ] GC(360) Pause Young (Allocation Failure) 41M->25M(61M) 1.651ms
[32.292s][info ][gc,cpu         ] GC(360) User=0.01s Sys=0.00s Real=0.00s
[32.293s][info ][gc,start       ] GC(361) Pause Young (Allocation Failure)
[32.293s][info ][gc,task        ] GC(361) Using 8 workers of 8 for evacuation
[32.294s][debug][gc,age         ] GC(361) Desired survivor size 1114112 bytes, new threshold 1 (max threshold 6)
[32.294s][trace][gc,age         ] GC(361) Age table with threshold 1 (max threshold 6)
[32.294s][trace][gc,age         ] GC(361) - age   1:    1201784 bytes,    1201784 total
[32.294s][info ][gc,heap        ] GC(361) ParNew: 19185K->1181K(19648K)
[32.294s][info ][gc,heap        ] GC(361) CMS: 23859K->24641K(43712K)
[32.294s][info ][gc,metaspace   ] GC(361) Metaspace: 15845K->15845K(1064960K)
[32.294s][info ][gc             ] GC(361) Pause Young (Allocation Failure) 42M->25M(61M) 1.489ms
[32.295s][info ][gc,cpu         ] GC(361) User=0.00s Sys=0.00s Real=0.00s
[32.296s][info ][gc,start       ] GC(362) Pause Young (Allocation Failure)
[32.296s][info ][gc,task        ] GC(362) Using 8 workers of 8 for evacuation
[32.298s][debug][gc,age         ] GC(362) Desired survivor size 1114112 bytes, new threshold 1 (max threshold 6)
[32.298s][trace][gc,age         ] GC(362) Age table with threshold 1 (max threshold 6)
[32.298s][trace][gc,age         ] GC(362) - age   1:    1601984 bytes,    1601984 total
[32.298s][info ][gc,heap        ] GC(362) ParNew: 18653K->1566K(19648K)
[32.298s][info ][gc,heap        ] GC(362) CMS: 24641K->25032K(43712K)
[32.298s][info ][gc,metaspace   ] GC(362) Metaspace: 15845K->15845K(1064960K)
[32.298s][info ][gc             ] GC(362) Pause Young (Allocation Failure) 42M->25M(61M) 2.051ms
[32.298s][info ][gc,cpu         ] GC(362) User=0.01s Sys=0.00s Real=0.01s
[32.299s][info ][gc,start       ] GC(363) Pause Young (Allocation Failure)
[32.300s][info ][gc,task        ] GC(363) Using 8 workers of 8 for evacuation
[32.301s][debug][gc,age         ] GC(363) Desired survivor size 1114112 bytes, new threshold 1 (max threshold 6)
[32.301s][trace][gc,age         ] GC(363) Age table with threshold 1 (max threshold 6)
[32.301s][trace][gc,age         ] GC(363) - age   1:    1201104 bytes,    1201104 total
[32.301s][info ][gc,heap        ] GC(363) ParNew: 18946K->1179K(19648K)
[32.301s][info ][gc,heap        ] GC(363) CMS: 25032K->25033K(43712K)
[32.301s][info ][gc,metaspace   ] GC(363) Metaspace: 15845K->15845K(1064960K)
[32.301s][info ][gc             ] GC(363) Pause Young (Allocation Failure) 42M->25M(61M) 1.395ms
[32.301s][info ][gc,cpu         ] GC(363) User=0.01s Sys=0.00s Real=0.00s
[32.302s][info ][gc,start       ] GC(364) Pause Young (Allocation Failure)
[32.302s][info ][gc,task        ] GC(364) Using 8 workers of 8 for evacuation
[32.303s][debug][gc,age         ] GC(364) Desired survivor size 1114112 bytes, new threshold 6 (max threshold 6)
[32.303s][trace][gc,age         ] GC(364) Age table with threshold 6 (max threshold 6)
[32.303s][trace][gc,age         ] GC(364) - age   1:     801144 bytes,     801144 total
[32.303s][info ][gc,heap        ] GC(364) ParNew: 18284K->789K(19648K)
[32.303s][info ][gc,heap        ] GC(364) CMS: 25033K->25033K(43712K)
[32.303s][info ][gc,metaspace   ] GC(364) Metaspace: 15845K->15845K(1064960K)
[32.303s][info ][gc             ] GC(364) Pause Young (Allocation Failure) 42M->25M(61M) 1.183ms
[32.303s][info ][gc,cpu         ] GC(364) User=0.01s Sys=0.00s Real=0.00s
[32.306s][info ][gc,start       ] GC(365) Pause Young (Allocation Failure)
[32.306s][info ][gc,task        ] GC(365) Using 8 workers of 8 for evacuation
[32.307s][debug][gc,age         ] GC(365) Desired survivor size 1114112 bytes, new threshold 1 (max threshold 6)
[32.307s][trace][gc,age         ] GC(365) Age table with threshold 1 (max threshold 6)
[32.307s][trace][gc,age         ] GC(365) - age   1:    1200920 bytes,    1200920 total
[32.307s][trace][gc,age         ] GC(365) - age   2:        560 bytes,    1201480 total
[32.307s][info ][gc,heap        ] GC(365) ParNew: 18146K->1177K(19648K)
[32.307s][info ][gc,heap        ] GC(365) CMS: 25033K->25033K(43712K)
[32.307s][info ][gc,metaspace   ] GC(365) Metaspace: 15845K->15845K(1064960K)
[32.307s][info ][gc             ] GC(365) Pause Young (Allocation Failure) 42M->25M(61M) 1.421ms
[32.307s][info ][gc,cpu         ] GC(365) User=0.00s Sys=0.00s Real=0.00s
[32.309s][info ][gc,start       ] GC(366) Pause Young (Allocation Failure)
[32.309s][info ][gc,task        ] GC(366) Using 8 workers of 8 for evacuation
[32.310s][debug][gc,age         ] GC(366) Desired survivor size 1114112 bytes, new threshold 1 (max threshold 6)
[32.310s][trace][gc,age         ] GC(366) Age table with threshold 1 (max threshold 6)
[32.310s][trace][gc,age         ] GC(366) - age   1:    2001752 bytes,    2001752 total
[32.310s][info ][gc,heap        ] GC(366) ParNew: 18429K->1959K(19648K)
[32.310s][info ][gc,heap        ] GC(366) CMS: 25033K->25034K(43712K)
[32.310s][info ][gc,metaspace   ] GC(366) Metaspace: 15845K->15845K(1064960K)
[32.310s][info ][gc             ] GC(366) Pause Young (Allocation Failure) 42M->26M(61M) 1.668ms
[32.310s][info ][gc,cpu         ] GC(366) User=0.01s Sys=0.00s Real=0.00s
[32.312s][info ][gc,start       ] GC(367) Pause Young (Allocation Failure)
[32.312s][info ][gc,task        ] GC(367) Using 8 workers of 8 for evacuation
[32.313s][debug][gc,age         ] GC(367) Desired survivor size 1114112 bytes, new threshold 1 (max threshold 6)
[32.313s][trace][gc,age         ] GC(367) Age table with threshold 1 (max threshold 6)
[32.313s][trace][gc,age         ] GC(367) - age   1:    1201720 bytes,    1201720 total
[32.313s][info ][gc,heap        ] GC(367) ParNew: 19121K->1179K(19648K)
[32.313s][info ][gc,heap        ] GC(367) CMS: 25034K->25425K(43712K)
[32.313s][info ][gc,metaspace   ] GC(367) Metaspace: 15845K->15845K(1064960K)
[32.313s][info ][gc             ] GC(367) Pause Young (Allocation Failure) 43M->25M(61M) 1.447ms
[32.313s][info ][gc,cpu         ] GC(367) User=0.01s Sys=0.00s Real=0.00s
[32.314s][info ][gc,start       ] GC(368) Pause Young (Allocation Failure)
[32.314s][info ][gc,task        ] GC(368) Using 8 workers of 8 for evacuation
[32.316s][debug][gc,age         ] GC(368) Desired survivor size 1114112 bytes, new threshold 1 (max threshold 6)
[32.316s][trace][gc,age         ] GC(368) Age table with threshold 1 (max threshold 6)
[32.316s][trace][gc,age         ] GC(368) - age   1:    2001752 bytes,    2001752 total
[32.316s][info ][gc,heap        ] GC(368) ParNew: 18332K->1957K(19648K)
[32.316s][info ][gc,heap        ] GC(368) CMS: 25425K->25426K(43712K)
[32.316s][info ][gc,metaspace   ] GC(368) Metaspace: 15845K->15845K(1064960K)
[32.316s][info ][gc             ] GC(368) Pause Young (Allocation Failure) 42M->26M(61M) 2.196ms
[32.316s][info ][gc,cpu         ] GC(368) User=0.01s Sys=0.00s Real=0.00s
[32.318s][info ][gc,start       ] GC(369) Pause Young (Allocation Failure)
[32.318s][info ][gc,task        ] GC(369) Using 8 workers of 8 for evacuation
[32.320s][debug][gc,age         ] GC(369) Desired survivor size 1114112 bytes, new threshold 1 (max threshold 6)
[32.320s][trace][gc,age         ] GC(369) Age table with threshold 1 (max threshold 6)
[32.320s][trace][gc,age         ] GC(369) - age   1:    2001680 bytes,    2001680 total
[32.320s][info ][gc,heap        ] GC(369) ParNew: 19126K->1957K(19648K)
[32.320s][info ][gc,heap        ] GC(369) CMS: 25426K->26207K(43712K)
[32.320s][info ][gc,metaspace   ] GC(369) Metaspace: 15845K->15845K(1064960K)
[32.320s][info ][gc             ] GC(369) Pause Young (Allocation Failure) 43M->27M(61M) 2.182ms
[32.320s][info ][gc,cpu         ] GC(369) User=0.00s Sys=0.00s Real=0.00s
[32.321s][info ][gc,start       ] GC(370) Pause Young (Allocation Failure)
[32.321s][info ][gc,task        ] GC(370) Using 8 workers of 8 for evacuation
[32.323s][debug][gc,age         ] GC(370) Desired survivor size 1114112 bytes, new threshold 1 (max threshold 6)
[32.323s][trace][gc,age         ] GC(370) Age table with threshold 1 (max threshold 6)
[32.323s][trace][gc,age         ] GC(370) - age   1:    2001760 bytes,    2001760 total
[32.323s][info ][gc,heap        ] GC(370) ParNew: 19168K->1957K(19648K)
[32.323s][info ][gc,heap        ] GC(370) CMS: 26207K->27380K(43712K)
[32.323s][info ][gc,metaspace   ] GC(370) Metaspace: 15845K->15845K(1064960K)
[32.323s][info ][gc             ] GC(370) Pause Young (Allocation Failure) 44M->28M(61M) 1.690ms
[32.323s][info ][gc,cpu         ] GC(370) User=0.01s Sys=0.00s Real=0.00s
[32.324s][info ][gc,start       ] GC(371) Pause Young (Allocation Failure)
[32.324s][info ][gc,task        ] GC(371) Using 8 workers of 8 for evacuation
[32.326s][debug][gc,age         ] GC(371) Desired survivor size 1114112 bytes, new threshold 1 (max threshold 6)
[32.326s][trace][gc,age         ] GC(371) Age table with threshold 1 (max threshold 6)
[32.326s][trace][gc,age         ] GC(371) - age   1:    2001992 bytes,    2001992 total
[32.326s][info ][gc,heap        ] GC(371) ParNew: 19148K->1961K(19648K)
[32.326s][info ][gc,heap        ] GC(371) CMS: 27380K->28552K(43712K)
[32.326s][info ][gc,metaspace   ] GC(371) Metaspace: 15845K->15845K(1064960K)
[32.326s][info ][gc             ] GC(371) Pause Young (Allocation Failure) 45M->29M(61M) 1.718ms
[32.326s][info ][gc,cpu         ] GC(371) User=0.00s Sys=0.00s Real=0.00s
[32.327s][info ][gc,start       ] GC(372) Pause Young (Allocation Failure)
[32.327s][info ][gc,task        ] GC(372) Using 8 workers of 8 for evacuation
[32.328s][debug][gc,age         ] GC(372) Desired survivor size 1114112 bytes, new threshold 1 (max threshold 6)
[32.328s][trace][gc,age         ] GC(372) Age table with threshold 1 (max threshold 6)
[32.328s][trace][gc,age         ] GC(372) - age   1:    2002184 bytes,    2002184 total
[32.328s][info ][gc,heap        ] GC(372) ParNew: 19181K->1965K(19648K)
[32.328s][info ][gc,heap        ] GC(372) CMS: 28552K->28552K(43712K)
[32.328s][info ][gc,metaspace   ] GC(372) Metaspace: 15845K->15845K(1064960K)
[32.328s][info ][gc             ] GC(372) Pause Young (Allocation Failure) 46M->29M(61M) 0.962ms
[32.328s][info ][gc,cpu         ] GC(372) User=0.01s Sys=0.00s Real=0.01s
[32.330s][info ][gc,start       ] GC(373) Pause Young (Allocation Failure)
[32.330s][info ][gc,task        ] GC(373) Using 8 workers of 8 for evacuation
[32.331s][debug][gc,age         ] GC(373) Desired survivor size 1114112 bytes, new threshold 6 (max threshold 6)
[32.331s][trace][gc,age         ] GC(373) Age table with threshold 6 (max threshold 6)
[32.331s][trace][gc,age         ] GC(373) - age   1:     801080 bytes,     801080 total
[32.331s][info ][gc,heap        ] GC(373) ParNew: 19354K->787K(19648K)
[32.331s][info ][gc,heap        ] GC(373) CMS: 28552K->29725K(43712K)
[32.331s][info ][gc,metaspace   ] GC(373) Metaspace: 15845K->15845K(1064960K)
[32.331s][info ][gc             ] GC(373) Pause Young (Allocation Failure) 46M->29M(61M) 1.494ms
[32.331s][info ][gc,cpu         ] GC(373) User=0.01s Sys=0.00s Real=0.00s
[32.333s][info ][gc,start       ] GC(374) Pause Young (Allocation Failure)
[32.333s][info ][gc,task        ] GC(374) Using 8 workers of 8 for evacuation
[32.335s][debug][gc,age         ] GC(374) Desired survivor size 1114112 bytes, new threshold 6 (max threshold 6)
[32.335s][trace][gc,age         ] GC(374) Age table with threshold 6 (max threshold 6)
[32.335s][trace][gc,age         ] GC(374) - age   1:     400568 bytes,     400568 total
[32.335s][trace][gc,age         ] GC(374) - age   2:     400512 bytes,     801080 total
[32.335s][info ][gc,heap        ] GC(374) ParNew: 18091K->789K(19648K)
[32.335s][info ][gc,heap        ] GC(374) CMS: 29725K->29725K(43712K)
[32.335s][info ][gc,metaspace   ] GC(374) Metaspace: 15845K->15845K(1064960K)
[32.335s][info ][gc             ] GC(374) Pause Young (Allocation Failure) 46M->29M(61M) 1.561ms
[32.335s][info ][gc,cpu         ] GC(374) User=0.01s Sys=0.00s Real=0.00s
[32.337s][info ][gc,start       ] GC(375) Pause Young (Allocation Failure)
[32.337s][info ][gc,task        ] GC(375) Using 8 workers of 8 for evacuation
[32.338s][debug][gc,age         ] GC(375) Desired survivor size 1114112 bytes, new threshold 1 (max threshold 6)
[32.338s][trace][gc,age         ] GC(375) Age table with threshold 1 (max threshold 6)
[32.338s][trace][gc,age         ] GC(375) - age   1:    1601304 bytes,    1601304 total
[32.338s][trace][gc,age         ] GC(375) - age   2:        248 bytes,    1601552 total
[32.338s][trace][gc,age         ] GC(375) - age   3:     400512 bytes,    2002064 total
[32.338s][info ][gc,heap        ] GC(375) ParNew: 18222K->1961K(19648K)
[32.338s][info ][gc,heap        ] GC(375) CMS: 29725K->29725K(43712K)
[32.338s][info ][gc,metaspace   ] GC(375) Metaspace: 15845K->15845K(1064960K)
[32.338s][info ][gc             ] GC(375) Pause Young (Allocation Failure) 46M->30M(61M) 1.340ms
[32.338s][info ][gc,cpu         ] GC(375) User=0.01s Sys=0.00s Real=0.01s
[32.340s][info ][gc,start       ] GC(376) Pause Young (Allocation Failure)
[32.340s][info ][gc,task        ] GC(376) Using 8 workers of 8 for evacuation
[32.343s][debug][gc,age         ] GC(376) Desired survivor size 1114112 bytes, new threshold 6 (max threshold 6)
[32.343s][trace][gc,age         ] GC(376) Age table with threshold 6 (max threshold 6)
[32.343s][trace][gc,age         ] GC(376) - age   1:     800592 bytes,     800592 total
[32.343s][info ][gc,heap        ] GC(376) ParNew: 19268K->785K(19648K)
[32.343s][info ][gc,heap        ] GC(376) CMS: 29725K->30898K(43712K)
[32.343s][info ][gc,metaspace   ] GC(376) Metaspace: 15845K->15845K(1064960K)
[32.343s][info ][gc             ] GC(376) Pause Young (Allocation Failure) 47M->30M(61M) 2.706ms
[32.343s][info ][gc,cpu         ] GC(376) User=0.01s Sys=0.00s Real=0.00s
[32.344s][info ][gc,start       ] GC(377) Pause Young (Allocation Failure)
[32.344s][info ][gc,task        ] GC(377) Using 8 workers of 8 for evacuation
[32.346s][debug][gc,age         ] GC(377) Desired survivor size 1114112 bytes, new threshold 6 (max threshold 6)
[32.346s][trace][gc,age         ] GC(377) Age table with threshold 6 (max threshold 6)
[32.346s][trace][gc,age         ] GC(377) - age   1:     401264 bytes,     401264 total
[32.346s][trace][gc,age         ] GC(377) - age   2:     400264 bytes,     801528 total
[32.346s][info ][gc,heap        ] GC(377) ParNew: 17868K->785K(19648K)
[32.346s][info ][gc,heap        ] GC(377) CMS: 30898K->30898K(43712K)
[32.346s][info ][gc,metaspace   ] GC(377) Metaspace: 15845K->15845K(1064960K)
[32.346s][info ][gc             ] GC(377) Pause Young (Allocation Failure) 47M->30M(61M) 1.719ms
[32.346s][info ][gc,cpu         ] GC(377) User=0.01s Sys=0.00s Real=0.00s
[32.347s][info ][gc,start       ] GC(378) Pause Young (Allocation Failure)
[32.347s][info ][gc,task        ] GC(378) Using 8 workers of 8 for evacuation
[32.348s][debug][gc,age         ] GC(378) Desired survivor size 1114112 bytes, new threshold 6 (max threshold 6)
[32.348s][trace][gc,age         ] GC(378) Age table with threshold 6 (max threshold 6)
[32.348s][trace][gc,age         ] GC(378) - age   1:     400824 bytes,     400824 total
[32.348s][trace][gc,age         ] GC(378) - age   2:        688 bytes,     401512 total
[32.348s][info ][gc,heap        ] GC(378) ParNew: 17869K->394K(19648K)
[32.348s][info ][gc,heap        ] GC(378) CMS: 30898K->30898K(43712K)
[32.348s][info ][gc,metaspace   ] GC(378) Metaspace: 15845K->15845K(1064960K)
[32.349s][info ][gc             ] GC(378) Pause Young (Allocation Failure) 47M->30M(61M) 1.191ms
[32.349s][info ][gc,cpu         ] GC(378) User=0.01s Sys=0.01s Real=0.01s
[32.350s][info ][gc,start       ] GC(379) Pause Young (Allocation Failure)
[32.351s][info ][gc,task        ] GC(379) Using 8 workers of 8 for evacuation
[32.352s][debug][gc,age         ] GC(379) Desired survivor size 1114112 bytes, new threshold 1 (max threshold 6)
[32.352s][trace][gc,age         ] GC(379) Age table with threshold 1 (max threshold 6)
[32.352s][trace][gc,age         ] GC(379) - age   1:    1200968 bytes,    1200968 total
[32.352s][trace][gc,age         ] GC(379) - age   2:     400512 bytes,    1601480 total
[32.352s][trace][gc,age         ] GC(379) - age   3:        688 bytes,    1602168 total
[32.352s][info ][gc,heap        ] GC(379) ParNew: 17523K->1568K(19648K)
[32.352s][info ][gc,heap        ] GC(379) CMS: 30898K->30898K(43712K)
[32.352s][info ][gc,metaspace   ] GC(379) Metaspace: 15845K->15845K(1064960K)
[32.352s][info ][gc             ] GC(379) Pause Young (Allocation Failure) 47M->31M(61M) 2.005ms
[32.352s][info ][gc,cpu         ] GC(379) User=0.01s Sys=0.00s Real=0.00s
[32.354s][info ][gc,start       ] GC(380) Pause Young (Allocation Failure)
[32.354s][info ][gc,task        ] GC(380) Using 8 workers of 8 for evacuation
[32.356s][debug][gc,age         ] GC(380) Desired survivor size 1114112 bytes, new threshold 1 (max threshold 6)
[32.356s][trace][gc,age         ] GC(380) Age table with threshold 1 (max threshold 6)
[32.356s][trace][gc,age         ] GC(380) - age   1:    2002048 bytes,    2002048 total
[32.356s][info ][gc,heap        ] GC(380) ParNew: 18663K->1957K(19648K)
[32.356s][info ][gc,heap        ] GC(380) CMS: 30898K->31290K(43712K)
[32.356s][info ][gc,metaspace   ] GC(380) Metaspace: 15845K->15845K(1064960K)
[32.356s][info ][gc             ] GC(380) Pause Young (Allocation Failure) 48M->32M(61M) 2.240ms
[32.356s][info ][gc,cpu         ] GC(380) User=0.01s Sys=0.00s Real=0.00s
[32.358s][info ][gc,start       ] GC(381) Pause Young (Allocation Failure)
[32.358s][info ][gc,task        ] GC(381) Using 8 workers of 8 for evacuation
[32.360s][debug][gc,age         ] GC(381) Desired survivor size 1114112 bytes, new threshold 1 (max threshold 6)
[32.360s][trace][gc,age         ] GC(381) Age table with threshold 1 (max threshold 6)
[32.360s][trace][gc,age         ] GC(381) - age   1:    1601360 bytes,    1601360 total
[32.360s][info ][gc,heap        ] GC(381) ParNew: 19194K->1570K(19648K)
[32.360s][info ][gc,heap        ] GC(381) CMS: 31290K->32072K(43712K)
[32.360s][info ][gc,metaspace   ] GC(381) Metaspace: 15845K->15845K(1064960K)
[32.360s][info ][gc             ] GC(381) Pause Young (Allocation Failure) 49M->32M(61M) 1.879ms
[32.360s][info ][gc,cpu         ] GC(381) User=0.00s Sys=0.00s Real=0.00s
[32.361s][info ][gc,start       ] GC(382) Pause Young (Allocation Failure)
[32.361s][info ][gc,task        ] GC(382) Using 8 workers of 8 for evacuation
[32.363s][debug][gc,age         ] GC(382) Desired survivor size 1114112 bytes, new threshold 1 (max threshold 6)
[32.363s][trace][gc,age         ] GC(382) Age table with threshold 1 (max threshold 6)
[32.363s][trace][gc,age         ] GC(382) - age   1:    1202032 bytes,    1202032 total
[32.363s][info ][gc,heap        ] GC(382) ParNew: 18849K->1175K(19648K)
[32.363s][info ][gc,heap        ] GC(382) CMS: 32072K->32462K(43712K)
[32.363s][info ][gc,metaspace   ] GC(382) Metaspace: 15845K->15845K(1064960K)
[32.363s][info ][gc             ] GC(382) Pause Young (Allocation Failure) 49M->32M(61M) 1.532ms
[32.363s][info ][gc,cpu         ] GC(382) User=0.01s Sys=0.00s Real=0.00s
[32.364s][info ][gc,start       ] GC(383) Pause Young (Allocation Failure)
[32.364s][info ][gc,task        ] GC(383) Using 8 workers of 8 for evacuation
[32.367s][debug][gc,age         ] GC(383) Desired survivor size 1114112 bytes, new threshold 1 (max threshold 6)
[32.367s][trace][gc,age         ] GC(383) Age table with threshold 1 (max threshold 6)
[32.367s][trace][gc,age         ] GC(383) - age   1:    2002208 bytes,    2002208 total
[32.367s][info ][gc,heap        ] GC(383) ParNew: 18401K->1957K(19648K)
[32.367s][info ][gc,heap        ] GC(383) CMS: 32462K->33635K(43712K)
[32.367s][info ][gc,metaspace   ] GC(383) Metaspace: 15845K->15845K(1064960K)
[32.367s][info ][gc             ] GC(383) Pause Young (Allocation Failure) 49M->34M(61M) 2.319ms
[32.367s][info ][gc,cpu         ] GC(383) User=0.00s Sys=0.00s Real=0.00s
[32.367s][info ][gc,start       ] GC(384) Pause Initial Mark
[32.367s][info ][gc             ] GC(384) Pause Initial Mark 35M->35M(61M) 0.170ms
[32.367s][info ][gc,cpu         ] GC(384) User=0.00s Sys=0.00s Real=0.00s
[32.367s][info ][gc             ] GC(384) Concurrent Mark
[32.367s][info ][gc,task        ] GC(384) Using 2 workers of 2 for marking
[32.369s][info ][gc,start       ] GC(385) Pause Young (Allocation Failure)
[32.369s][info ][gc,task        ] GC(385) Using 8 workers of 8 for evacuation
[32.371s][debug][gc,age         ] GC(385) Desired survivor size 1114112 bytes, new threshold 1 (max threshold 6)
[32.371s][trace][gc,age         ] GC(385) Age table with threshold 1 (max threshold 6)
[32.371s][trace][gc,age         ] GC(385) - age   1:    2001120 bytes,    2001120 total
[32.371s][info ][gc,heap        ] GC(385) ParNew: 19429K->1957K(19648K)
[32.371s][info ][gc,heap        ] GC(385) CMS: 33635K->34026K(43712K)
[32.371s][info ][gc,metaspace   ] GC(385) Metaspace: 15845K->15845K(1064960K)
[32.371s][info ][gc             ] GC(385) Pause Young (Allocation Failure) 51M->35M(61M) 2.039ms
[32.371s][info ][gc,cpu         ] GC(385) User=0.00s Sys=0.00s Real=0.00s
[32.373s][info ][gc,start       ] GC(386) Pause Young (Allocation Failure)
[32.373s][info ][gc,task        ] GC(386) Using 8 workers of 8 for evacuation
[32.374s][debug][gc,age         ] GC(386) Desired survivor size 1114112 bytes, new threshold 6 (max threshold 6)
[32.374s][trace][gc,age         ] GC(386) Age table with threshold 6 (max threshold 6)
[32.374s][trace][gc,age         ] GC(386) - age   1:     801272 bytes,     801272 total
[32.374s][info ][gc,heap        ] GC(386) ParNew: 19384K->785K(19648K)
[32.374s][info ][gc,heap        ] GC(386) CMS: 34026K->34808K(43712K)
[32.374s][info ][gc,metaspace   ] GC(386) Metaspace: 15845K->15845K(1064960K)
[32.374s][info ][gc             ] GC(386) Pause Young (Allocation Failure) 52M->34M(61M) 1.803ms
[32.374s][info ][gc,cpu         ] GC(386) User=0.00s Sys=0.00s Real=0.00s
[32.377s][info ][gc,start       ] GC(387) Pause Young (Allocation Failure)
[32.377s][info ][gc,task        ] GC(387) Using 8 workers of 8 for evacuation
[32.378s][debug][gc,age         ] GC(387) Desired survivor size 1114112 bytes, new threshold 6 (max threshold 6)
[32.378s][trace][gc,age         ] GC(387) Age table with threshold 6 (max threshold 6)
[32.378s][trace][gc,age         ] GC(387) - age   1:     401408 bytes,     401408 total
[32.378s][trace][gc,age         ] GC(387) - age   2:     400456 bytes,     801864 total
[32.378s][info ][gc,heap        ] GC(387) ParNew: 18247K->791K(19648K)
[32.378s][info ][gc,heap        ] GC(387) CMS: 34808K->34808K(43712K)
[32.378s][info ][gc,metaspace   ] GC(387) Metaspace: 15845K->15845K(1064960K)
[32.378s][info ][gc             ] GC(387) Pause Young (Allocation Failure) 51M->34M(61M) 1.424ms
[32.378s][info ][gc,cpu         ] GC(387) User=0.01s Sys=0.00s Real=0.01s
[32.380s][info ][gc,start       ] GC(388) Pause Young (Allocation Failure)
[32.380s][info ][gc,task        ] GC(388) Using 8 workers of 8 for evacuation
[32.381s][debug][gc,age         ] GC(388) Desired survivor size 1114112 bytes, new threshold 1 (max threshold 6)
[32.381s][trace][gc,age         ] GC(388) Age table with threshold 1 (max threshold 6)
[32.381s][trace][gc,age         ] GC(388) - age   1:    1201544 bytes,    1201544 total
[32.382s][trace][gc,age         ] GC(388) - age   2:       1080 bytes,    1202624 total
[32.382s][trace][gc,age         ] GC(388) - age   3:        192 bytes,    1202816 total
[32.382s][info ][gc,heap        ] GC(388) ParNew: 17894K->1179K(19648K)
[32.382s][info ][gc,heap        ] GC(388) CMS: 34808K->34808K(43712K)
[32.382s][info ][gc,metaspace   ] GC(388) Metaspace: 15845K->15845K(1064960K)
[32.382s][info ][gc             ] GC(388) Pause Young (Allocation Failure) 51M->35M(61M) 1.610ms
[32.382s][info ][gc,cpu         ] GC(388) User=0.01s Sys=0.00s Real=0.00s
[32.382s][info ][gc             ] GC(384) Concurrent Mark 14.474ms
[32.382s][info ][gc,cpu         ] GC(384) User=0.07s Sys=0.00s Real=0.02s
[32.382s][info ][gc             ] GC(384) Concurrent Preclean
[32.383s][info ][gc             ] GC(384) Concurrent Preclean 0.715ms
[32.383s][info ][gc,cpu         ] GC(384) User=0.00s Sys=0.00s Real=0.00s
[32.383s][info ][gc             ] GC(384) Concurrent Abortable Preclean
[32.383s][info ][gc,start       ] GC(389) Pause Young (Allocation Failure)
[32.384s][info ][gc,task        ] GC(389) Using 8 workers of 8 for evacuation
[32.386s][debug][gc,age         ] GC(389) Desired survivor size 1114112 bytes, new threshold 1 (max threshold 6)
[32.386s][trace][gc,age         ] GC(389) Age table with threshold 1 (max threshold 6)
[32.386s][trace][gc,age         ] GC(389) - age   1:    2001360 bytes,    2001360 total
[32.386s][info ][gc,heap        ] GC(389) ParNew: 18313K->1957K(19648K)
[32.386s][info ][gc,heap        ] GC(389) CMS: 34808K->35591K(43712K)
[32.386s][info ][gc,metaspace   ] GC(389) Metaspace: 15845K->15845K(1064960K)
[32.386s][info ][gc             ] GC(389) Pause Young (Allocation Failure) 51M->36M(61M) 2.260ms
[32.386s][info ][gc,cpu         ] GC(389) User=0.01s Sys=0.00s Real=0.00s
[32.386s][info ][gc             ] GC(384) Concurrent Abortable Preclean 2.901ms
[32.386s][info ][gc,cpu         ] GC(384) User=0.01s Sys=0.00s Real=0.00s
[32.386s][info ][gc,start       ] GC(384) Pause Remark
[32.387s][debug][gc,phases      ] GC(384) Rescan (parallel) 1.192ms
[32.387s][debug][gc,phases      ] GC(384) Reference Processing 0.013ms
[32.387s][debug][gc,phases      ] GC(384) Weak Processing 0.019ms
[32.387s][debug][gc,phases      ] GC(384) ClassLoaderData 0.024ms
[32.387s][debug][gc,phases      ] GC(384) ProtectionDomainCacheTable 0.002ms
[32.387s][debug][gc,phases      ] GC(384) ResolvedMethodTable 0.014ms
[32.388s][debug][gc,phases      ] GC(384) Class Unloading 0.724ms
[32.389s][debug][gc,phases      ] GC(384) Scrub Symbol Table 1.134ms
[32.389s][debug][gc,phases      ] GC(384) Scrub String Table 0.094ms
[32.389s][info ][gc             ] GC(384) Pause Remark 38M->38M(61M) 3.383ms
[32.389s][info ][gc,cpu         ] GC(384) User=0.02s Sys=0.00s Real=0.01s
[32.390s][info ][gc             ] GC(384) Concurrent Sweep
[32.391s][info ][gc,start       ] GC(390) Pause Young (Allocation Failure)
[32.391s][info ][gc,task        ] GC(390) Using 8 workers of 8 for evacuation
[32.393s][debug][gc,age         ] GC(390) Desired survivor size 1114112 bytes, new threshold 1 (max threshold 6)
[32.393s][trace][gc,age         ] GC(390) Age table with threshold 1 (max threshold 6)
[32.393s][trace][gc,age         ] GC(390) - age   1:    1602216 bytes,    1602216 total
[32.393s][info ][gc,heap        ] GC(390) ParNew: 19265K->1566K(19648K)
[32.393s][info ][gc,heap        ] GC(390) CMS: 35591K->35982K(43712K)
[32.393s][info ][gc,metaspace   ] GC(390) Metaspace: 15845K->15845K(1064960K)
[32.393s][info ][gc             ] GC(390) Pause Young (Allocation Failure) 53M->36M(61M) 2.083ms
[32.393s][info ][gc,cpu         ] GC(390) User=0.01s Sys=0.00s Real=0.00s
[32.394s][info ][gc             ] GC(384) Concurrent Sweep 4.762ms
[32.394s][info ][gc,cpu         ] GC(384) User=0.01s Sys=0.01s Real=0.00s
[32.394s][info ][gc             ] GC(384) Concurrent Reset
[32.395s][info ][gc             ] GC(384) Concurrent Reset 0.060ms
[32.395s][info ][gc,cpu         ] GC(384) User=0.00s Sys=0.00s Real=0.00s
[32.395s][info ][gc,heap        ] GC(384) Old: 33635K->6267K(43712K)
[32.395s][info ][gc,start       ] GC(391) Pause Young (Allocation Failure)
[32.395s][info ][gc,task        ] GC(391) Using 8 workers of 8 for evacuation
[32.397s][debug][gc,age         ] GC(391) Desired survivor size 1114112 bytes, new threshold 1 (max threshold 6)
[32.397s][trace][gc,age         ] GC(391) Age table with threshold 1 (max threshold 6)
[32.397s][trace][gc,age         ] GC(391) - age   1:    2001224 bytes,    2001224 total
[32.397s][info ][gc,heap        ] GC(391) ParNew: 18977K->1963K(19648K)
[32.397s][info ][gc,heap        ] GC(391) CMS: 6267K->7049K(43712K)
[32.397s][info ][gc,metaspace   ] GC(391) Metaspace: 15845K->15845K(1064960K)
[32.397s][info ][gc             ] GC(391) Pause Young (Allocation Failure) 24M->8M(61M) 1.609ms
[32.397s][info ][gc,cpu         ] GC(391) User=0.01s Sys=0.00s Real=0.00s
[32.398s][info ][gc,start       ] GC(392) Pause Young (Allocation Failure)
[32.398s][info ][gc,task        ] GC(392) Using 8 workers of 8 for evacuation
[32.400s][debug][gc,age         ] GC(392) Desired survivor size 1114112 bytes, new threshold 1 (max threshold 6)
[32.400s][trace][gc,age         ] GC(392) Age table with threshold 1 (max threshold 6)
[32.400s][trace][gc,age         ] GC(392) - age   1:    1201536 bytes,    1201536 total
[32.400s][info ][gc,heap        ] GC(392) ParNew: 19151K->1175K(19648K)
[32.400s][info ][gc,heap        ] GC(392) CMS: 7049K->7831K(43712K)
[32.400s][info ][gc,metaspace   ] GC(392) Metaspace: 15845K->15845K(1064960K)
[32.400s][info ][gc             ] GC(392) Pause Young (Allocation Failure) 25M->8M(61M) 1.940ms
[32.400s][info ][gc,cpu         ] GC(392) User=0.00s Sys=0.00s Real=0.00s
[32.402s][info ][gc,start       ] GC(393) Pause Young (Allocation Failure)
[32.402s][info ][gc,task        ] GC(393) Using 8 workers of 8 for evacuation
[32.404s][debug][gc,age         ] GC(393) Desired survivor size 1114112 bytes, new threshold 1 (max threshold 6)
[32.404s][trace][gc,age         ] GC(393) Age table with threshold 1 (max threshold 6)
[32.404s][trace][gc,age         ] GC(393) - age   1:    1201432 bytes,    1201432 total
[32.404s][info ][gc,heap        ] GC(393) ParNew: 18642K->1179K(19648K)
[32.404s][info ][gc,heap        ] GC(393) CMS: 7831K->8223K(43712K)
[32.404s][info ][gc,metaspace   ] GC(393) Metaspace: 15845K->15845K(1064960K)
[32.404s][info ][gc             ] GC(393) Pause Young (Allocation Failure) 25M->9M(61M) 1.644ms
[32.404s][info ][gc,cpu         ] GC(393) User=0.01s Sys=0.00s Real=0.00s
[32.406s][info ][gc,start       ] GC(394) Pause Young (Allocation Failure)
[32.406s][info ][gc,task        ] GC(394) Using 8 workers of 8 for evacuation
[32.408s][debug][gc,age         ] GC(394) Desired survivor size 1114112 bytes, new threshold 1 (max threshold 6)
[32.408s][trace][gc,age         ] GC(394) Age table with threshold 1 (max threshold 6)
[32.408s][trace][gc,age         ] GC(394) - age   1:    1601184 bytes,    1601184 total
[32.408s][info ][gc,heap        ] GC(394) ParNew: 18332K->1570K(19648K)
[32.408s][info ][gc,heap        ] GC(394) CMS: 8223K->8614K(43712K)
[32.408s][info ][gc,metaspace   ] GC(394) Metaspace: 15845K->15845K(1064960K)
[32.408s][info ][gc             ] GC(394) Pause Young (Allocation Failure) 25M->9M(61M) 1.652ms
[32.408s][info ][gc,cpu         ] GC(394) User=0.00s Sys=0.00s Real=0.01s
[32.409s][info ][gc,start       ] GC(395) Pause Young (Allocation Failure)
[32.409s][info ][gc,task        ] GC(395) Using 8 workers of 8 for evacuation
[32.411s][debug][gc,age         ] GC(395) Desired survivor size 1114112 bytes, new threshold 1 (max threshold 6)
[32.411s][trace][gc,age         ] GC(395) Age table with threshold 1 (max threshold 6)
[32.411s][trace][gc,age         ] GC(395) - age   1:    2001880 bytes,    2001880 total
[32.411s][info ][gc,heap        ] GC(395) ParNew: 18732K->1961K(19648K)
[32.411s][info ][gc,heap        ] GC(395) CMS: 8614K->9396K(43712K)
[32.411s][info ][gc,metaspace   ] GC(395) Metaspace: 15845K->15845K(1064960K)
[32.411s][info ][gc             ] GC(395) Pause Young (Allocation Failure) 26M->11M(61M) 1.573ms
[32.411s][info ][gc,cpu         ] GC(395) User=0.01s Sys=0.00s Real=0.00s
[32.413s][info ][gc,start       ] GC(396) Pause Young (Allocation Failure)
[32.413s][info ][gc,task        ] GC(396) Using 8 workers of 8 for evacuation
[32.414s][debug][gc,age         ] GC(396) Desired survivor size 1114112 bytes, new threshold 6 (max threshold 6)
[32.414s][trace][gc,age         ] GC(396) Age table with threshold 6 (max threshold 6)
[32.414s][trace][gc,age         ] GC(396) - age   1:       1112 bytes,       1112 total
[32.414s][info ][gc,heap        ] GC(396) ParNew: 19376K->10K(19648K)
[32.414s][info ][gc,heap        ] GC(396) CMS: 9396K->10959K(43712K)
[32.414s][info ][gc,metaspace   ] GC(396) Metaspace: 15845K->15845K(1064960K)
[32.414s][info ][gc             ] GC(396) Pause Young (Allocation Failure) 28M->10M(61M) 1.805ms
[32.414s][info ][gc,cpu         ] GC(396) User=0.01s Sys=0.00s Real=0.00s
[32.419s][info ][gc,start       ] GC(397) Pause Young (Allocation Failure)
[32.419s][info ][gc,task        ] GC(397) Using 8 workers of 8 for evacuation
[32.421s][debug][gc,age         ] GC(397) Desired survivor size 1114112 bytes, new threshold 1 (max threshold 6)
[32.421s][trace][gc,age         ] GC(397) Age table with threshold 1 (max threshold 6)
[32.421s][trace][gc,age         ] GC(397) - age   1:    2001248 bytes,    2001248 total
[32.422s][trace][gc,age         ] GC(397) - age   2:        552 bytes,    2001800 total
[32.422s][info ][gc,heap        ] GC(397) ParNew: 17146K->1959K(19648K)
[32.422s][info ][gc,heap        ] GC(397) CMS: 10959K->10959K(43712K)
[32.422s][info ][gc,metaspace   ] GC(397) Metaspace: 15845K->15845K(1064960K)
[32.422s][info ][gc             ] GC(397) Pause Young (Allocation Failure) 27M->12M(61M) 3.096ms
[32.422s][info ][gc,cpu         ] GC(397) User=0.00s Sys=0.00s Real=0.00s
[32.424s][info ][gc,start       ] GC(398) Pause Young (Allocation Failure)
[32.424s][info ][gc,task        ] GC(398) Using 8 workers of 8 for evacuation
[32.425s][debug][gc,age         ] GC(398) Desired survivor size 1114112 bytes, new threshold 1 (max threshold 6)
[32.425s][trace][gc,age         ] GC(398) Age table with threshold 1 (max threshold 6)
[32.425s][trace][gc,age         ] GC(398) - age   1:    1601768 bytes,    1601768 total
[32.425s][info ][gc,heap        ] GC(398) ParNew: 19168K->1572K(19648K)
[32.425s][info ][gc,heap        ] GC(398) CMS: 10959K->12132K(43712K)
[32.425s][info ][gc,metaspace   ] GC(398) Metaspace: 15845K->15845K(1064960K)
[32.425s][info ][gc             ] GC(398) Pause Young (Allocation Failure) 29M->13M(61M) 1.507ms
[32.425s][info ][gc,cpu         ] GC(398) User=0.01s Sys=0.00s Real=0.00s
[32.427s][info ][gc,start       ] GC(399) Pause Young (Allocation Failure)
[32.428s][info ][gc,task        ] GC(399) Using 8 workers of 8 for evacuation
[32.429s][debug][gc,age         ] GC(399) Desired survivor size 1114112 bytes, new threshold 1 (max threshold 6)
[32.429s][trace][gc,age         ] GC(399) Age table with threshold 1 (max threshold 6)
[32.429s][trace][gc,age         ] GC(399) - age   1:    1201472 bytes,    1201472 total
[32.429s][info ][gc,heap        ] GC(399) ParNew: 18796K->1177K(19648K)
[32.429s][info ][gc,heap        ] GC(399) CMS: 12132K->12914K(43712K)
[32.429s][info ][gc,metaspace   ] GC(399) Metaspace: 15845K->15845K(1064960K)
[32.429s][info ][gc             ] GC(399) Pause Young (Allocation Failure) 30M->13M(61M) 1.810ms
[32.429s][info ][gc,cpu         ] GC(399) User=0.00s Sys=0.00s Real=0.01s
[32.431s][info ][gc,start       ] GC(400) Pause Young (Allocation Failure)
[32.431s][info ][gc,task        ] GC(400) Using 8 workers of 8 for evacuation
[32.432s][debug][gc,age         ] GC(400) Desired survivor size 1114112 bytes, new threshold 1 (max threshold 6)
[32.432s][trace][gc,age         ] GC(400) Age table with threshold 1 (max threshold 6)
[32.432s][trace][gc,age         ] GC(400) - age   1:    1602040 bytes,    1602040 total
[32.432s][info ][gc,heap        ] GC(400) ParNew: 18410K->1568K(19648K)
[32.432s][info ][gc,heap        ] GC(400) CMS: 12914K->12914K(43712K)
[32.432s][info ][gc,metaspace   ] GC(400) Metaspace: 15845K->15845K(1064960K)
[32.432s][info ][gc             ] GC(400) Pause Young (Allocation Failure) 30M->14M(61M) 1.564ms
[32.432s][info ][gc,cpu         ] GC(400) User=0.01s Sys=0.01s Real=0.00s
[32.434s][info ][gc,start       ] GC(401) Pause Young (Allocation Failure)
[32.434s][info ][gc,task        ] GC(401) Using 8 workers of 8 for evacuation
[32.435s][debug][gc,age         ] GC(401) Desired survivor size 1114112 bytes, new threshold 1 (max threshold 6)
[32.435s][trace][gc,age         ] GC(401) Age table with threshold 1 (max threshold 6)
[32.435s][trace][gc,age         ] GC(401) - age   1:    2001448 bytes,    2001448 total
[32.435s][info ][gc,heap        ] GC(401) ParNew: 19023K->1959K(19648K)
[32.435s][info ][gc,heap        ] GC(401) CMS: 12914K->13306K(43712K)
[32.435s][info ][gc,metaspace   ] GC(401) Metaspace: 15845K->15845K(1064960K)
[32.435s][info ][gc             ] GC(401) Pause Young (Allocation Failure) 31M->14M(61M) 1.330ms
[32.435s][info ][gc,cpu         ] GC(401) User=0.00s Sys=0.00s Real=0.00s
[32.437s][info ][gc,start       ] GC(402) Pause Young (Allocation Failure)
[32.437s][info ][gc,task        ] GC(402) Using 8 workers of 8 for evacuation
[32.439s][debug][gc,age         ] GC(402) Desired survivor size 1114112 bytes, new threshold 1 (max threshold 6)
[32.439s][trace][gc,age         ] GC(402) Age table with threshold 1 (max threshold 6)
[32.439s][trace][gc,age         ] GC(402) - age   1:    2001520 bytes,    2001520 total
[32.439s][info ][gc,heap        ] GC(402) ParNew: 19069K->1961K(19648K)
[32.439s][info ][gc,heap        ] GC(402) CMS: 13306K->14479K(43712K)
[32.439s][info ][gc,metaspace   ] GC(402) Metaspace: 15845K->15845K(1064960K)
[32.439s][info ][gc             ] GC(402) Pause Young (Allocation Failure) 31M->16M(61M) 1.866ms
[32.439s][info ][gc,cpu         ] GC(402) User=0.01s Sys=0.00s Real=0.01s
[32.441s][info ][gc,start       ] GC(403) Pause Young (Allocation Failure)
[32.441s][info ][gc,task        ] GC(403) Using 8 workers of 8 for evacuation
[32.442s][debug][gc,age         ] GC(403) Desired survivor size 1114112 bytes, new threshold 1 (max threshold 6)
[32.442s][trace][gc,age         ] GC(403) Age table with threshold 1 (max threshold 6)
[32.442s][trace][gc,age         ] GC(403) - age   1:    1601784 bytes,    1601784 total
[32.442s][info ][gc,heap        ] GC(403) ParNew: 19115K->1572K(19648K)
[32.442s][info ][gc,heap        ] GC(403) CMS: 14479K->15261K(43712K)
[32.442s][info ][gc,metaspace   ] GC(403) Metaspace: 15845K->15845K(1064960K)
[32.442s][info ][gc             ] GC(403) Pause Young (Allocation Failure) 32M->16M(61M) 1.319ms
[32.442s][info ][gc,cpu         ] GC(403) User=0.00s Sys=0.00s Real=0.00s
[32.444s][info ][gc,start       ] GC(404) Pause Young (Allocation Failure)
[32.444s][info ][gc,task        ] GC(404) Using 8 workers of 8 for evacuation
[32.446s][debug][gc,age         ] GC(404) Desired survivor size 1114112 bytes, new threshold 1 (max threshold 6)
[32.446s][trace][gc,age         ] GC(404) Age table with threshold 1 (max threshold 6)
[32.446s][trace][gc,age         ] GC(404) - age   1:    1201744 bytes,    1201744 total
[32.446s][info ][gc,heap        ] GC(404) ParNew: 18799K->1179K(19648K)
[32.446s][info ][gc,heap        ] GC(404) CMS: 15261K->15261K(43712K)
[32.446s][info ][gc,metaspace   ] GC(404) Metaspace: 15845K->15845K(1064960K)
[32.446s][info ][gc             ] GC(404) Pause Young (Allocation Failure) 33M->16M(61M) 1.561ms
[32.446s][info ][gc,cpu         ] GC(404) User=0.01s Sys=0.00s Real=0.00s
[32.447s][info ][gc,start       ] GC(405) Pause Young (Allocation Failure)
[32.447s][info ][gc,task        ] GC(405) Using 8 workers of 8 for evacuation
[32.449s][debug][gc,age         ] GC(405) Desired survivor size 1114112 bytes, new threshold 1 (max threshold 6)
[32.449s][trace][gc,age         ] GC(405) Age table with threshold 1 (max threshold 6)
[32.449s][trace][gc,age         ] GC(405) - age   1:    2001936 bytes,    2001936 total
[32.449s][info ][gc,heap        ] GC(405) ParNew: 18323K->1963K(19648K)
[32.449s][info ][gc,heap        ] GC(405) CMS: 15261K->16043K(43712K)
[32.449s][info ][gc,metaspace   ] GC(405) Metaspace: 15845K->15845K(1064960K)
[32.449s][info ][gc             ] GC(405) Pause Young (Allocation Failure) 32M->17M(61M) 1.573ms
[32.449s][info ][gc,cpu         ] GC(405) User=0.01s Sys=0.00s Real=0.01s
[32.450s][info ][gc,start       ] GC(406) Pause Young (Allocation Failure)
[32.451s][info ][gc,task        ] GC(406) Using 8 workers of 8 for evacuation
[32.452s][debug][gc,age         ] GC(406) Desired survivor size 1114112 bytes, new threshold 1 (max threshold 6)
[32.452s][trace][gc,age         ] GC(406) Age table with threshold 1 (max threshold 6)
[32.452s][trace][gc,age         ] GC(406) - age   1:    1601736 bytes,    1601736 total
[32.452s][info ][gc,heap        ] GC(406) ParNew: 19105K->1572K(19648K)
[32.452s][info ][gc,heap        ] GC(406) CMS: 16043K->16825K(43712K)
[32.452s][info ][gc,metaspace   ] GC(406) Metaspace: 15845K->15845K(1064960K)
[32.452s][info ][gc             ] GC(406) Pause Young (Allocation Failure) 34M->17M(61M) 1.526ms
[32.452s][info ][gc,cpu         ] GC(406) User=0.01s Sys=0.00s Real=0.00s
[32.454s][info ][gc,start       ] GC(407) Pause Young (Allocation Failure)
[32.454s][info ][gc,task        ] GC(407) Using 8 workers of 8 for evacuation
[32.455s][debug][gc,age         ] GC(407) Desired survivor size 1114112 bytes, new threshold 1 (max threshold 6)
[32.455s][trace][gc,age         ] GC(407) Age table with threshold 1 (max threshold 6)
[32.455s][trace][gc,age         ] GC(407) - age   1:    2001504 bytes,    2001504 total
[32.455s][info ][gc,heap        ] GC(407) ParNew: 18692K->1963K(19648K)
[32.455s][info ][gc,heap        ] GC(407) CMS: 16825K->17216K(43712K)
[32.455s][info ][gc,metaspace   ] GC(407) Metaspace: 15845K->15845K(1064960K)
[32.455s][info ][gc             ] GC(407) Pause Young (Allocation Failure) 34M->18M(61M) 1.753ms
[32.455s][info ][gc,cpu         ] GC(407) User=0.01s Sys=0.00s Real=0.00s
[32.457s][info ][gc,start       ] GC(408) Pause Young (Allocation Failure)
[32.457s][info ][gc,task        ] GC(408) Using 8 workers of 8 for evacuation
[32.460s][debug][gc,age         ] GC(408) Desired survivor size 1114112 bytes, new threshold 1 (max threshold 6)
[32.460s][trace][gc,age         ] GC(408) Age table with threshold 1 (max threshold 6)
[32.460s][trace][gc,age         ] GC(408) - age   1:    1601056 bytes,    1601056 total
[32.460s][info ][gc,heap        ] GC(408) ParNew: 19307K->1568K(19648K)
[32.460s][info ][gc,heap        ] GC(408) CMS: 17216K->19171K(43712K)
[32.460s][info ][gc,metaspace   ] GC(408) Metaspace: 15845K->15845K(1064960K)
[32.460s][info ][gc             ] GC(408) Pause Young (Allocation Failure) 35M->20M(61M) 2.701ms
[32.460s][info ][gc,cpu         ] GC(408) User=0.01s Sys=0.00s Real=0.01s
[32.462s][info ][gc,start       ] GC(409) Pause Young (Allocation Failure)
[32.462s][info ][gc,task        ] GC(409) Using 8 workers of 8 for evacuation
[32.463s][debug][gc,age         ] GC(409) Desired survivor size 1114112 bytes, new threshold 1 (max threshold 6)
[32.463s][trace][gc,age         ] GC(409) Age table with threshold 1 (max threshold 6)
[32.463s][trace][gc,age         ] GC(409) - age   1:    2002192 bytes,    2002192 total
[32.463s][info ][gc,heap        ] GC(409) ParNew: 18844K->1963K(19648K)
[32.463s][info ][gc,heap        ] GC(409) CMS: 19171K->19952K(43712K)
[32.463s][info ][gc,metaspace   ] GC(409) Metaspace: 15845K->15845K(1064960K)
[32.463s][info ][gc             ] GC(409) Pause Young (Allocation Failure) 37M->21M(61M) 1.631ms
[32.463s][info ][gc,cpu         ] GC(409) User=0.01s Sys=0.00s Real=0.00s
[32.465s][info ][gc,start       ] GC(410) Pause Young (Allocation Failure)
[32.465s][info ][gc,task        ] GC(410) Using 8 workers of 8 for evacuation
[32.467s][debug][gc,age         ] GC(410) Desired survivor size 1114112 bytes, new threshold 1 (max threshold 6)
[32.467s][trace][gc,age         ] GC(410) Age table with threshold 1 (max threshold 6)
[32.467s][trace][gc,age         ] GC(410) - age   1:    2001976 bytes,    2001976 total
[32.467s][info ][gc,heap        ] GC(410) ParNew: 19230K->1959K(19648K)
[32.467s][info ][gc,heap        ] GC(410) CMS: 19952K->20344K(43712K)
[32.467s][info ][gc,metaspace   ] GC(410) Metaspace: 15845K->15845K(1064960K)
[32.467s][info ][gc             ] GC(410) Pause Young (Allocation Failure) 38M->21M(61M) 1.908ms
[32.467s][info ][gc,cpu         ] GC(410) User=0.01s Sys=0.00s Real=0.00s
[32.469s][info ][gc,start       ] GC(411) Pause Young (Allocation Failure)
[32.469s][info ][gc,task        ] GC(411) Using 8 workers of 8 for evacuation
[32.470s][debug][gc,age         ] GC(411) Desired survivor size 1114112 bytes, new threshold 1 (max threshold 6)
[32.470s][trace][gc,age         ] GC(411) Age table with threshold 1 (max threshold 6)
[32.470s][trace][gc,age         ] GC(411) - age   1:    2001824 bytes,    2001824 total
[32.470s][info ][gc,heap        ] GC(411) ParNew: 19094K->1965K(19648K)
[32.470s][info ][gc,heap        ] GC(411) CMS: 20344K->21128K(43712K)
[32.470s][info ][gc,metaspace   ] GC(411) Metaspace: 15845K->15845K(1064960K)
[32.470s][info ][gc             ] GC(411) Pause Young (Allocation Failure) 38M->22M(61M) 1.412ms
[32.470s][info ][gc,cpu         ] GC(411) User=0.00s Sys=0.01s Real=0.00s
[32.471s][info ][gc,start       ] GC(412) Pause Young (Allocation Failure)
[32.471s][info ][gc,task        ] GC(412) Using 8 workers of 8 for evacuation
[32.473s][debug][gc,age         ] GC(412) Desired survivor size 1114112 bytes, new threshold 6 (max threshold 6)
[32.473s][trace][gc,age         ] GC(412) Age table with threshold 6 (max threshold 6)
[32.473s][trace][gc,age         ] GC(412) - age   1:     802272 bytes,     802272 total
[32.473s][info ][gc,heap        ] GC(412) ParNew: 19222K->789K(19648K)
[32.473s][info ][gc,heap        ] GC(412) CMS: 21128K->21128K(43712K)
[32.473s][info ][gc,metaspace   ] GC(412) Metaspace: 15845K->15845K(1064960K)
[32.473s][info ][gc             ] GC(412) Pause Young (Allocation Failure) 39M->21M(61M) 1.348ms
[32.473s][info ][gc,cpu         ] GC(412) User=0.01s Sys=0.00s Real=0.00s
[32.474s][info ][gc,start       ] GC(413) Pause Young (Allocation Failure)
[32.474s][info ][gc,task        ] GC(413) Using 8 workers of 8 for evacuation
[32.476s][debug][gc,age         ] GC(413) Desired survivor size 1114112 bytes, new threshold 1 (max threshold 6)
[32.476s][trace][gc,age         ] GC(413) Age table with threshold 1 (max threshold 6)
[32.476s][trace][gc,age         ] GC(413) - age   1:    1601824 bytes,    1601824 total
[32.476s][trace][gc,age         ] GC(413) - age   2:     400888 bytes,    2002712 total
[32.476s][info ][gc,heap        ] GC(413) ParNew: 17901K->1961K(19648K)
[32.476s][info ][gc,heap        ] GC(413) CMS: 21128K->22300K(43712K)
[32.476s][info ][gc,metaspace   ] GC(413) Metaspace: 15845K->15845K(1064960K)
[32.476s][info ][gc             ] GC(413) Pause Young (Allocation Failure) 38M->23M(61M) 1.688ms
[32.476s][info ][gc,cpu         ] GC(413) User=0.00s Sys=0.00s Real=0.00s
[32.478s][info ][gc,start       ] GC(414) Pause Young (Allocation Failure)
[32.478s][info ][gc,task        ] GC(414) Using 8 workers of 8 for evacuation
[32.480s][debug][gc,age         ] GC(414) Desired survivor size 1114112 bytes, new threshold 1 (max threshold 6)
[32.480s][trace][gc,age         ] GC(414) Age table with threshold 1 (max threshold 6)
[32.480s][trace][gc,age         ] GC(414) - age   1:    1201528 bytes,    1201528 total
[32.480s][info ][gc,heap        ] GC(414) ParNew: 19422K->1177K(19648K)
[32.480s][info ][gc,heap        ] GC(414) CMS: 22300K->22692K(43712K)
[32.480s][info ][gc,metaspace   ] GC(414) Metaspace: 15845K->15845K(1064960K)
[32.480s][info ][gc             ] GC(414) Pause Young (Allocation Failure) 40M->23M(61M) 1.480ms
[32.480s][info ][gc,cpu         ] GC(414) User=0.01s Sys=0.00s Real=0.00s
[32.482s][info ][gc,start       ] GC(415) Pause Young (Allocation Failure)
[32.482s][info ][gc,task        ] GC(415) Using 8 workers of 8 for evacuation
[32.483s][debug][gc,age         ] GC(415) Desired survivor size 1114112 bytes, new threshold 1 (max threshold 6)
[32.483s][trace][gc,age         ] GC(415) Age table with threshold 1 (max threshold 6)
[32.483s][trace][gc,age         ] GC(415) - age   1:    2002512 bytes,    2002512 total
[32.483s][info ][gc,heap        ] GC(415) ParNew: 18429K->1963K(19648K)
[32.483s][info ][gc,heap        ] GC(415) CMS: 22692K->23082K(43712K)
[32.483s][info ][gc,metaspace   ] GC(415) Metaspace: 15845K->15845K(1064960K)
[32.483s][info ][gc             ] GC(415) Pause Young (Allocation Failure) 40M->24M(61M) 1.442ms
[32.483s][info ][gc,cpu         ] GC(415) User=0.00s Sys=0.00s Real=0.00s
[32.485s][info ][gc,start       ] GC(416) Pause Young (Allocation Failure)
[32.485s][info ][gc,task        ] GC(416) Using 8 workers of 8 for evacuation
[32.486s][debug][gc,age         ] GC(416) Desired survivor size 1114112 bytes, new threshold 1 (max threshold 6)
[32.486s][trace][gc,age         ] GC(416) Age table with threshold 1 (max threshold 6)
[32.486s][trace][gc,age         ] GC(416) - age   1:    2001576 bytes,    2001576 total
[32.486s][info ][gc,heap        ] GC(416) ParNew: 19409K->1961K(19648K)
[32.486s][info ][gc,heap        ] GC(416) CMS: 23082K->23865K(43712K)
[32.486s][info ][gc,metaspace   ] GC(416) Metaspace: 15845K->15845K(1064960K)
[32.486s][info ][gc             ] GC(416) Pause Young (Allocation Failure) 41M->25M(61M) 1.613ms
[32.486s][info ][gc,cpu         ] GC(416) User=0.01s Sys=0.00s Real=0.00s
[32.488s][info ][gc,start       ] GC(417) Pause Young (Allocation Failure)
[32.488s][info ][gc,task        ] GC(417) Using 8 workers of 8 for evacuation
[32.489s][debug][gc,age         ] GC(417) Desired survivor size 1114112 bytes, new threshold 1 (max threshold 6)
[32.489s][trace][gc,age         ] GC(417) Age table with threshold 1 (max threshold 6)
[32.489s][trace][gc,age         ] GC(417) - age   1:    1601688 bytes,    1601688 total
[32.489s][info ][gc,heap        ] GC(417) ParNew: 19047K->1576K(19648K)
[32.489s][info ][gc,heap        ] GC(417) CMS: 23865K->25038K(43712K)
[32.489s][info ][gc,metaspace   ] GC(417) Metaspace: 15845K->15845K(1064960K)
[32.489s][info ][gc             ] GC(417) Pause Young (Allocation Failure) 41M->25M(61M) 1.600ms
[32.489s][info ][gc,cpu         ] GC(417) User=0.01s Sys=0.00s Real=0.00s
[32.491s][info ][gc,start       ] GC(418) Pause Young (Allocation Failure)
[32.491s][info ][gc,task        ] GC(418) Using 8 workers of 8 for evacuation
[32.492s][debug][gc,age         ] GC(418) Desired survivor size 1114112 bytes, new threshold 1 (max threshold 6)
[32.492s][trace][gc,age         ] GC(418) Age table with threshold 1 (max threshold 6)
[32.492s][trace][gc,age         ] GC(418) - age   1:    2002128 bytes,    2002128 total
[32.492s][info ][gc,heap        ] GC(418) ParNew: 18719K->1965K(19648K)
[32.492s][info ][gc,heap        ] GC(418) CMS: 25038K->25820K(43712K)
[32.492s][info ][gc,metaspace   ] GC(418) Metaspace: 15845K->15845K(1064960K)
[32.492s][info ][gc             ] GC(418) Pause Young (Allocation Failure) 42M->27M(61M) 1.433ms
[32.492s][info ][gc,cpu         ] GC(418) User=0.01s Sys=0.00s Real=0.00s
[32.494s][info ][gc,start       ] GC(419) Pause Young (Allocation Failure)
[32.494s][info ][gc,task        ] GC(419) Using 8 workers of 8 for evacuation
[32.496s][debug][gc,age         ] GC(419) Desired survivor size 1114112 bytes, new threshold 1 (max threshold 6)
[32.496s][trace][gc,age         ] GC(419) Age table with threshold 1 (max threshold 6)
[32.496s][trace][gc,age         ] GC(419) - age   1:    1602016 bytes,    1602016 total
[32.496s][info ][gc,heap        ] GC(419) ParNew: 19156K->1572K(19648K)
[32.496s][info ][gc,heap        ] GC(419) CMS: 25820K->26602K(43712K)
[32.496s][info ][gc,metaspace   ] GC(419) Metaspace: 15845K->15845K(1064960K)
[32.496s][info ][gc             ] GC(419) Pause Young (Allocation Failure) 43M->27M(61M) 2.385ms
[32.496s][info ][gc,cpu         ] GC(419) User=0.01s Sys=0.00s Real=0.00s
[32.498s][info ][gc,start       ] GC(420) Pause Young (Allocation Failure)
[32.498s][info ][gc,task        ] GC(420) Using 8 workers of 8 for evacuation
[32.499s][debug][gc,age         ] GC(420) Desired survivor size 1114112 bytes, new threshold 1 (max threshold 6)
[32.499s][trace][gc,age         ] GC(420) Age table with threshold 1 (max threshold 6)
[32.499s][trace][gc,age         ] GC(420) - age   1:    1201928 bytes,    1201928 total
[32.499s][info ][gc,heap        ] GC(420) ParNew: 19037K->1181K(19648K)
[32.499s][info ][gc,heap        ] GC(420) CMS: 26602K->27775K(43712K)
[32.499s][info ][gc,metaspace   ] GC(420) Metaspace: 15845K->15845K(1064960K)
[32.500s][info ][gc             ] GC(420) Pause Young (Allocation Failure) 44M->28M(61M) 1.312ms
[32.500s][info ][gc,cpu         ] GC(420) User=0.01s Sys=0.00s Real=0.00s
[32.501s][info ][gc,start       ] GC(421) Pause Young (Allocation Failure)
[32.501s][info ][gc,task        ] GC(421) Using 8 workers of 8 for evacuation
[32.502s][debug][gc,age         ] GC(421) Desired survivor size 1114112 bytes, new threshold 1 (max threshold 6)
[32.502s][trace][gc,age         ] GC(421) Age table with threshold 1 (max threshold 6)
[32.503s][trace][gc,age         ] GC(421) - age   1:    2002024 bytes,    2002024 total
[32.503s][info ][gc,heap        ] GC(421) ParNew: 18374K->1965K(19648K)
[32.503s][info ][gc,heap        ] GC(421) CMS: 27775K->28557K(43712K)
[32.503s][info ][gc,metaspace   ] GC(421) Metaspace: 15845K->15845K(1064960K)
[32.503s][info ][gc             ] GC(421) Pause Young (Allocation Failure) 45M->29M(61M) 1.479ms
[32.503s][info ][gc,cpu         ] GC(421) User=0.00s Sys=0.00s Real=0.00s
[32.504s][info ][gc,start       ] GC(422) Pause Young (Allocation Failure)
[32.504s][info ][gc,task        ] GC(422) Using 8 workers of 8 for evacuation
[32.506s][debug][gc,age         ] GC(422) Desired survivor size 1114112 bytes, new threshold 1 (max threshold 6)
[32.506s][trace][gc,age         ] GC(422) Age table with threshold 1 (max threshold 6)
[32.506s][trace][gc,age         ] GC(422) - age   1:    2001784 bytes,    2001784 total
[32.506s][info ][gc,heap        ] GC(422) ParNew: 19437K->1963K(19648K)
[32.506s][info ][gc,heap        ] GC(422) CMS: 28557K->29339K(43712K)
[32.506s][info ][gc,metaspace   ] GC(422) Metaspace: 15845K->15845K(1064960K)
[32.506s][info ][gc             ] GC(422) Pause Young (Allocation Failure) 46M->30M(61M) 1.749ms
[32.506s][info ][gc,cpu         ] GC(422) User=0.01s Sys=0.00s Real=0.00s
[32.508s][info ][gc,start       ] GC(423) Pause Young (Allocation Failure)
[32.508s][info ][gc,task        ] GC(423) Using 8 workers of 8 for evacuation
[32.509s][debug][gc,age         ] GC(423) Desired survivor size 1114112 bytes, new threshold 1 (max threshold 6)
[32.509s][trace][gc,age         ] GC(423) Age table with threshold 1 (max threshold 6)
[32.509s][trace][gc,age         ] GC(423) - age   1:    1601888 bytes,    1601888 total
[32.509s][info ][gc,heap        ] GC(423) ParNew: 19434K->1568K(19648K)
[32.509s][info ][gc,heap        ] GC(423) CMS: 29339K->30122K(43712K)
[32.510s][info ][gc,metaspace   ] GC(423) Metaspace: 15845K->15845K(1064960K)
[32.510s][info ][gc             ] GC(423) Pause Young (Allocation Failure) 47M->30M(61M) 1.783ms
[32.510s][info ][gc,cpu         ] GC(423) User=0.00s Sys=0.00s Real=0.00s
[32.512s][info ][gc,start       ] GC(424) Pause Young (Allocation Failure)
[32.512s][info ][gc,task        ] GC(424) Using 8 workers of 8 for evacuation
[32.513s][debug][gc,age         ] GC(424) Desired survivor size 1114112 bytes, new threshold 1 (max threshold 6)
[32.513s][trace][gc,age         ] GC(424) Age table with threshold 1 (max threshold 6)
[32.513s][trace][gc,age         ] GC(424) - age   1:    2002272 bytes,    2002272 total
[32.513s][info ][gc,heap        ] GC(424) ParNew: 18792K->1959K(19648K)
[32.513s][info ][gc,heap        ] GC(424) CMS: 30122K->30904K(43712K)
[32.513s][info ][gc,metaspace   ] GC(424) Metaspace: 15845K->15845K(1064960K)
[32.513s][info ][gc             ] GC(424) Pause Young (Allocation Failure) 47M->32M(61M) 1.697ms
[32.513s][info ][gc,cpu         ] GC(424) User=0.00s Sys=0.00s Real=0.00s
[32.515s][info ][gc,start       ] GC(425) Pause Young (Allocation Failure)
[32.515s][info ][gc,task        ] GC(425) Using 8 workers of 8 for evacuation
[32.516s][debug][gc,age         ] GC(425) Desired survivor size 1114112 bytes, new threshold 1 (max threshold 6)
[32.516s][trace][gc,age         ] GC(425) Age table with threshold 1 (max threshold 6)
[32.516s][trace][gc,age         ] GC(425) - age   1:    2001912 bytes,    2001912 total
[32.516s][info ][gc,heap        ] GC(425) ParNew: 19142K->1959K(19648K)
[32.516s][info ][gc,heap        ] GC(425) CMS: 30904K->31686K(43712K)
[32.516s][info ][gc,metaspace   ] GC(425) Metaspace: 15845K->15845K(1064960K)
[32.516s][info ][gc             ] GC(425) Pause Young (Allocation Failure) 48M->32M(61M) 1.613ms
[32.516s][info ][gc,cpu         ] GC(425) User=0.01s Sys=0.00s Real=0.00s
[32.518s][info ][gc,start       ] GC(426) Pause Young (Allocation Failure)
[32.518s][info ][gc,task        ] GC(426) Using 8 workers of 8 for evacuation
[32.520s][debug][gc,age         ] GC(426) Desired survivor size 1114112 bytes, new threshold 1 (max threshold 6)
[32.520s][trace][gc,age         ] GC(426) Age table with threshold 1 (max threshold 6)
[32.520s][trace][gc,age         ] GC(426) - age   1:    2002064 bytes,    2002064 total
[32.520s][info ][gc,heap        ] GC(426) ParNew: 19095K->1959K(19648K)
[32.520s][info ][gc,heap        ] GC(426) CMS: 31686K->32468K(43712K)
[32.520s][info ][gc,metaspace   ] GC(426) Metaspace: 15845K->15845K(1064960K)
[32.520s][info ][gc             ] GC(426) Pause Young (Allocation Failure) 49M->33M(61M) 1.524ms
[32.520s][info ][gc,cpu         ] GC(426) User=0.01s Sys=0.00s Real=0.00s
[32.522s][info ][gc,start       ] GC(427) Pause Young (Allocation Failure)
[32.522s][info ][gc,task        ] GC(427) Using 8 workers of 8 for evacuation
[32.523s][debug][gc,age         ] GC(427) Desired survivor size 1114112 bytes, new threshold 1 (max threshold 6)
[32.523s][trace][gc,age         ] GC(427) Age table with threshold 1 (max threshold 6)
[32.523s][trace][gc,age         ] GC(427) - age   1:    2002464 bytes,    2002464 total
[32.523s][info ][gc,heap        ] GC(427) ParNew: 19157K->1963K(19648K)
[32.523s][info ][gc,heap        ] GC(427) CMS: 32468K->33250K(43712K)
[32.523s][info ][gc,metaspace   ] GC(427) Metaspace: 15845K->15845K(1064960K)
[32.523s][info ][gc             ] GC(427) Pause Young (Allocation Failure) 50M->34M(61M) 1.576ms
[32.523s][info ][gc,cpu         ] GC(427) User=0.01s Sys=0.00s Real=0.00s
[32.525s][info ][gc,start       ] GC(428) Pause Young (Allocation Failure)
[32.525s][info ][gc,task        ] GC(428) Using 8 workers of 8 for evacuation
[32.527s][debug][gc,age         ] GC(428) Desired survivor size 1114112 bytes, new threshold 1 (max threshold 6)
[32.527s][trace][gc,age         ] GC(428) Age table with threshold 1 (max threshold 6)
[32.527s][trace][gc,age         ] GC(428) - age   1:    2001680 bytes,    2001680 total
[32.527s][info ][gc,heap        ] GC(428) ParNew: 19408K->1961K(19648K)
[32.527s][info ][gc,heap        ] GC(428) CMS: 33250K->34423K(43712K)
[32.527s][info ][gc,metaspace   ] GC(428) Metaspace: 15845K->15845K(1064960K)
[32.527s][info ][gc             ] GC(428) Pause Young (Allocation Failure) 51M->35M(61M) 2.117ms
[32.527s][info ][gc,cpu         ] GC(428) User=0.01s Sys=0.00s Real=0.00s
[32.527s][info ][gc,start       ] GC(429) Pause Initial Mark
[32.527s][info ][gc             ] GC(429) Pause Initial Mark 36M->36M(61M) 0.165ms
[32.528s][info ][gc,cpu         ] GC(429) User=0.00s Sys=0.00s Real=0.00s
[32.528s][info ][gc             ] GC(429) Concurrent Mark
[32.528s][info ][gc,task        ] GC(429) Using 2 workers of 2 for marking
[32.529s][info ][gc,start       ] GC(430) Pause Young (Allocation Failure)
[32.529s][info ][gc,task        ] GC(430) Using 8 workers of 8 for evacuation
[32.531s][debug][gc,age         ] GC(430) Desired survivor size 1114112 bytes, new threshold 1 (max threshold 6)
[32.531s][trace][gc,age         ] GC(430) Age table with threshold 1 (max threshold 6)
[32.531s][trace][gc,age         ] GC(430) - age   1:    1201904 bytes,    1201904 total
[32.531s][info ][gc,heap        ] GC(430) ParNew: 19433K->1184K(19648K)
[32.531s][info ][gc,heap        ] GC(430) CMS: 34423K->35207K(43712K)
[32.531s][info ][gc,metaspace   ] GC(430) Metaspace: 15845K->15845K(1064960K)
[32.531s][info ][gc             ] GC(430) Pause Young (Allocation Failure) 52M->35M(61M) 1.548ms
[32.531s][info ][gc,cpu         ] GC(430) User=0.01s Sys=0.00s Real=0.00s
[32.532s][info ][gc,start       ] GC(431) Pause Young (Allocation Failure)
[32.533s][info ][gc,task        ] GC(431) Using 8 workers of 8 for evacuation
[32.534s][debug][gc,age         ] GC(431) Desired survivor size 1114112 bytes, new threshold 1 (max threshold 6)
[32.534s][trace][gc,age         ] GC(431) Age table with threshold 1 (max threshold 6)
[32.534s][trace][gc,age         ] GC(431) - age   1:    1201816 bytes,    1201816 total
[32.534s][info ][gc,heap        ] GC(431) ParNew: 18638K->1179K(19648K)
[32.534s][info ][gc,heap        ] GC(431) CMS: 35207K->35598K(43712K)
[32.534s][info ][gc,metaspace   ] GC(431) Metaspace: 15845K->15845K(1064960K)
[32.534s][info ][gc             ] GC(431) Pause Young (Allocation Failure) 52M->35M(61M) 1.376ms
[32.534s][info ][gc,cpu         ] GC(431) User=0.01s Sys=0.00s Real=0.00s
[32.536s][info ][gc,start       ] GC(432) Pause Young (Allocation Failure)
[32.536s][info ][gc,task        ] GC(432) Using 8 workers of 8 for evacuation
[32.538s][debug][gc,age         ] GC(432) Desired survivor size 1114112 bytes, new threshold 6 (max threshold 6)
[32.538s][trace][gc,age         ] GC(432) Age table with threshold 6 (max threshold 6)
[32.538s][trace][gc,age         ] GC(432) - age   1:     801216 bytes,     801216 total
[32.538s][info ][gc,heap        ] GC(432) ParNew: 18623K->787K(19648K)
[32.538s][info ][gc,heap        ] GC(432) CMS: 35598K->35990K(43712K)
[32.538s][info ][gc,metaspace   ] GC(432) Metaspace: 15845K->15845K(1064960K)
[32.538s][info ][gc             ] GC(432) Pause Young (Allocation Failure) 52M->35M(61M) 2.073ms
[32.538s][info ][gc,cpu         ] GC(432) User=0.01s Sys=0.00s Real=0.01s
[32.540s][info ][gc,start       ] GC(433) Pause Young (Allocation Failure)
[32.540s][info ][gc,task        ] GC(433) Using 8 workers of 8 for evacuation
[32.542s][debug][gc,age         ] GC(433) Desired survivor size 1114112 bytes, new threshold 6 (max threshold 6)
[32.542s][trace][gc,age         ] GC(433) Age table with threshold 6 (max threshold 6)
[32.542s][trace][gc,age         ] GC(433) - age   1:     401136 bytes,     401136 total
[32.542s][trace][gc,age         ] GC(433) - age   2:        376 bytes,     401512 total
[32.542s][info ][gc,heap        ] GC(433) ParNew: 18229K->392K(19648K)
[32.542s][info ][gc,heap        ] GC(433) CMS: 35990K->35990K(43712K)
[32.542s][info ][gc,metaspace   ] GC(433) Metaspace: 15845K->15845K(1064960K)
[32.542s][info ][gc             ] GC(433) Pause Young (Allocation Failure) 52M->35M(61M) 1.987ms
[32.542s][info ][gc,cpu         ] GC(433) User=0.00s Sys=0.00s Real=0.00s
[32.543s][info ][gc             ] GC(429) Concurrent Mark 15.664ms
[32.543s][info ][gc,cpu         ] GC(429) User=0.08s Sys=0.00s Real=0.02s
[32.543s][info ][gc             ] GC(429) Concurrent Preclean
[32.544s][info ][gc,start       ] GC(434) Pause Young (Allocation Failure)
[32.544s][info ][gc,task        ] GC(434) Using 8 workers of 8 for evacuation
[32.545s][debug][gc,age         ] GC(434) Desired survivor size 1114112 bytes, new threshold 1 (max threshold 6)
[32.545s][trace][gc,age         ] GC(434) Age table with threshold 1 (max threshold 6)
[32.545s][trace][gc,age         ] GC(434) - age   1:    2001936 bytes,    2001936 total
[32.545s][trace][gc,age         ] GC(434) - age   2:        808 bytes,    2002744 total
[32.545s][trace][gc,age         ] GC(434) - age   3:        128 bytes,    2002872 total
[32.545s][info ][gc,heap        ] GC(434) ParNew: 17527K->1965K(19648K)
[32.545s][info ][gc,heap        ] GC(434) CMS: 35990K->36381K(43712K)
[32.545s][info ][gc,metaspace   ] GC(434) Metaspace: 15845K->15845K(1064960K)
[32.545s][info ][gc             ] GC(434) Pause Young (Allocation Failure) 52M->37M(61M) 0.783ms
[32.545s][info ][gc,cpu         ] GC(434) User=0.01s Sys=0.00s Real=0.00s
[32.545s][info ][gc             ] GC(429) Concurrent Preclean 1.741ms
[32.545s][info ][gc,cpu         ] GC(429) User=0.01s Sys=0.00s Real=0.00s
[32.545s][info ][gc,start       ] GC(429) Pause Remark
[32.547s][debug][gc,phases      ] GC(429) Rescan (parallel) 1.285ms
[32.547s][debug][gc,phases      ] GC(429) Reference Processing 0.012ms
[32.547s][debug][gc,phases      ] GC(429) Weak Processing 0.017ms
[32.547s][debug][gc,phases      ] GC(429) ClassLoaderData 0.022ms
[32.547s][debug][gc,phases      ] GC(429) ProtectionDomainCacheTable 0.002ms
[32.547s][debug][gc,phases      ] GC(429) ResolvedMethodTable 0.015ms
[32.547s][debug][gc,phases      ] GC(429) Class Unloading 0.724ms
[32.549s][debug][gc,phases      ] GC(429) Scrub Symbol Table 1.061ms
[32.549s][debug][gc,phases      ] GC(429) Scrub String Table 0.066ms
[32.549s][info ][gc             ] GC(429) Pause Remark 38M->38M(61M) 3.323ms
[32.549s][info ][gc,cpu         ] GC(429) User=0.01s Sys=0.00s Real=0.01s
[32.549s][info ][gc             ] GC(429) Concurrent Sweep
[32.551s][info ][gc,start       ] GC(435) Pause Young (Allocation Failure)
[32.551s][info ][gc,task        ] GC(435) Using 8 workers of 8 for evacuation
[32.552s][debug][gc,age         ] GC(435) Desired survivor size 1114112 bytes, new threshold 1 (max threshold 6)
[32.552s][trace][gc,age         ] GC(435) Age table with threshold 1 (max threshold 6)
[32.552s][trace][gc,age         ] GC(435) - age   1:    1201720 bytes,    1201720 total
[32.552s][info ][gc,heap        ] GC(435) ParNew: 19155K->1181K(19648K)
[32.552s][info ][gc,heap        ] GC(435) CMS: 5490K->5491K(43712K)
[32.552s][info ][gc,metaspace   ] GC(435) Metaspace: 15845K->15845K(1064960K)
[32.552s][info ][gc             ] GC(435) Pause Young (Allocation Failure) 24M->6M(61M) 1.666ms
[32.552s][info ][gc,cpu         ] GC(435) User=0.00s Sys=0.00s Real=0.00s
[32.552s][info ][gc             ] GC(429) Concurrent Sweep 3.709ms
[32.552s][info ][gc,cpu         ] GC(429) User=0.01s Sys=0.00s Real=0.00s
[32.552s][info ][gc             ] GC(429) Concurrent Reset
[32.553s][info ][gc             ] GC(429) Concurrent Reset 0.065ms
[32.553s][info ][gc,cpu         ] GC(429) User=0.00s Sys=0.00s Real=0.00s
[32.553s][info ][gc,heap        ] GC(429) Old: 34423K->5490K(43712K)
[32.554s][info ][gc,start       ] GC(436) Pause Young (Allocation Failure)
[32.554s][info ][gc,task        ] GC(436) Using 8 workers of 8 for evacuation
[32.555s][debug][gc,age         ] GC(436) Desired survivor size 1114112 bytes, new threshold 1 (max threshold 6)
[32.556s][trace][gc,age         ] GC(436) Age table with threshold 1 (max threshold 6)
[32.556s][trace][gc,age         ] GC(436) - age   1:    2001608 bytes,    2001608 total
[32.556s][info ][gc,heap        ] GC(436) ParNew: 18359K->1963K(19648K)
[32.556s][info ][gc,heap        ] GC(436) CMS: 5490K->5881K(43712K)
[32.556s][info ][gc,metaspace   ] GC(436) Metaspace: 15845K->15845K(1064960K)
[32.556s][info ][gc             ] GC(436) Pause Young (Allocation Failure) 23M->7M(61M) 1.425ms
[32.556s][info ][gc,cpu         ] GC(436) User=0.01s Sys=0.00s Real=0.00s
[32.557s][info ][gc,start       ] GC(437) Pause Young (Allocation Failure)
[32.557s][info ][gc,task        ] GC(437) Using 8 workers of 8 for evacuation
[32.558s][debug][gc,age         ] GC(437) Desired survivor size 1114112 bytes, new threshold 1 (max threshold 6)
[32.558s][trace][gc,age         ] GC(437) Age table with threshold 1 (max threshold 6)
[32.558s][trace][gc,age         ] GC(437) - age   1:    2001744 bytes,    2001744 total
[32.558s][info ][gc,heap        ] GC(437) ParNew: 19137K->1959K(19648K)
[32.558s][info ][gc,heap        ] GC(437) CMS: 5881K->6272K(43712K)
[32.558s][info ][gc,metaspace   ] GC(437) Metaspace: 15845K->15845K(1064960K)
[32.558s][info ][gc             ] GC(437) Pause Young (Allocation Failure) 24M->8M(61M) 1.482ms
[32.558s][info ][gc,cpu         ] GC(437) User=0.00s Sys=0.00s Real=0.01s
[32.560s][info ][gc,start       ] GC(438) Pause Young (Allocation Failure)
[32.560s][info ][gc,task        ] GC(438) Using 8 workers of 8 for evacuation
[32.562s][debug][gc,age         ] GC(438) Desired survivor size 1114112 bytes, new threshold 1 (max threshold 6)
[32.562s][trace][gc,age         ] GC(438) Age table with threshold 1 (max threshold 6)
[32.562s][trace][gc,age         ] GC(438) - age   1:    1601824 bytes,    1601824 total
[32.562s][info ][gc,heap        ] GC(438) ParNew: 19253K->1574K(19648K)
[32.562s][info ][gc,heap        ] GC(438) CMS: 6272K->7445K(43712K)
[32.562s][info ][gc,metaspace   ] GC(438) Metaspace: 15845K->15845K(1064960K)
[32.562s][info ][gc             ] GC(438) Pause Young (Allocation Failure) 24M->8M(61M) 1.526ms
[32.562s][info ][gc,cpu         ] GC(438) User=0.01s Sys=0.01s Real=0.00s
[32.563s][info ][gc,start       ] GC(439) Pause Young (Allocation Failure)
[32.563s][info ][gc,task        ] GC(439) Using 8 workers of 8 for evacuation
[32.564s][debug][gc,age         ] GC(439) Desired survivor size 1114112 bytes, new threshold 1 (max threshold 6)
[32.564s][trace][gc,age         ] GC(439) Age table with threshold 1 (max threshold 6)
[32.564s][trace][gc,age         ] GC(439) - age   1:    1601736 bytes,    1601736 total
[32.564s][info ][gc,heap        ] GC(439) ParNew: 18711K->1570K(19648K)
[32.564s][info ][gc,heap        ] GC(439) CMS: 7445K->7836K(43712K)
[32.564s][info ][gc,metaspace   ] GC(439) Metaspace: 15845K->15845K(1064960K)
[32.565s][info ][gc             ] GC(439) Pause Young (Allocation Failure) 25M->9M(61M) 1.554ms
[32.565s][info ][gc,cpu         ] GC(439) User=0.01s Sys=0.00s Real=0.00s
[32.566s][info ][gc,start       ] GC(440) Pause Young (Allocation Failure)
[32.566s][info ][gc,task        ] GC(440) Using 8 workers of 8 for evacuation
[32.567s][debug][gc,age         ] GC(440) Desired survivor size 1114112 bytes, new threshold 1 (max threshold 6)
[32.567s][trace][gc,age         ] GC(440) Age table with threshold 1 (max threshold 6)
[32.567s][trace][gc,age         ] GC(440) - age   1:    1601592 bytes,    1601592 total
[32.568s][info ][gc,heap        ] GC(440) ParNew: 18705K->1570K(19648K)
[32.568s][info ][gc,heap        ] GC(440) CMS: 7836K->8228K(43712K)
[32.568s][info ][gc,metaspace   ] GC(440) Metaspace: 15845K->15845K(1064960K)
[32.568s][info ][gc             ] GC(440) Pause Young (Allocation Failure) 25M->9M(61M) 1.422ms
[32.568s][info ][gc,cpu         ] GC(440) User=0.00s Sys=0.00s Real=0.01s
[32.569s][info ][gc,start       ] GC(441) Pause Young (Allocation Failure)
[32.569s][info ][gc,task        ] GC(441) Using 8 workers of 8 for evacuation
[32.570s][debug][gc,age         ] GC(441) Desired survivor size 1114112 bytes, new threshold 1 (max threshold 6)
[32.570s][trace][gc,age         ] GC(441) Age table with threshold 1 (max threshold 6)
[32.570s][trace][gc,age         ] GC(441) - age   1:    2002696 bytes,    2002696 total
[32.570s][info ][gc,heap        ] GC(441) ParNew: 18813K->1959K(19648K)
[32.570s][info ][gc,heap        ] GC(441) CMS: 8228K->9009K(43712K)
[32.570s][info ][gc,metaspace   ] GC(441) Metaspace: 15845K->15845K(1064960K)
[32.570s][info ][gc             ] GC(441) Pause Young (Allocation Failure) 26M->10M(61M) 1.257ms
[32.570s][info ][gc,cpu         ] GC(441) User=0.00s Sys=0.00s Real=0.00s
[32.572s][info ][gc,start       ] GC(442) Pause Young (Allocation Failure)
[32.572s][info ][gc,task        ] GC(442) Using 8 workers of 8 for evacuation
[32.573s][debug][gc,age         ] GC(442) Desired survivor size 1114112 bytes, new threshold 1 (max threshold 6)
[32.573s][trace][gc,age         ] GC(442) Age table with threshold 1 (max threshold 6)
[32.573s][trace][gc,age         ] GC(442) - age   1:    2002128 bytes,    2002128 total
[32.573s][info ][gc,heap        ] GC(442) ParNew: 19165K->1959K(19648K)
[32.573s][info ][gc,heap        ] GC(442) CMS: 9009K->9400K(43712K)
[32.573s][info ][gc,metaspace   ] GC(442) Metaspace: 15845K->15845K(1064960K)
[32.573s][info ][gc             ] GC(442) Pause Young (Allocation Failure) 27M->11M(61M) 1.394ms
[32.573s][info ][gc,cpu         ] GC(442) User=0.00s Sys=0.00s Real=0.00s
[32.574s][info ][gc,start       ] GC(443) Pause Young (Allocation Failure)
[32.574s][info ][gc,task        ] GC(443) Using 8 workers of 8 for evacuation
[32.575s][debug][gc,age         ] GC(443) Desired survivor size 1114112 bytes, new threshold 1 (max threshold 6)
[32.575s][trace][gc,age         ] GC(443) Age table with threshold 1 (max threshold 6)
[32.575s][trace][gc,age         ] GC(443) - age   1:    2002376 bytes,    2002376 total
[32.576s][info ][gc,heap        ] GC(443) ParNew: 19141K->1965K(19648K)
[32.576s][info ][gc,heap        ] GC(443) CMS: 9400K->9400K(43712K)
[32.576s][info ][gc,metaspace   ] GC(443) Metaspace: 15845K->15845K(1064960K)
[32.576s][info ][gc             ] GC(443) Pause Young (Allocation Failure) 27M->11M(61M) 1.407ms
[32.576s][info ][gc,cpu         ] GC(443) User=0.01s Sys=0.00s Real=0.00s
[32.577s][info ][gc,start       ] GC(444) Pause Young (Allocation Failure)
[32.577s][info ][gc,task        ] GC(444) Using 8 workers of 8 for evacuation
[32.579s][debug][gc,age         ] GC(444) Desired survivor size 1114112 bytes, new threshold 6 (max threshold 6)
[32.579s][trace][gc,age         ] GC(444) Age table with threshold 6 (max threshold 6)
[32.579s][trace][gc,age         ] GC(444) - age   1:     801088 bytes,     801088 total
[32.579s][info ][gc,heap        ] GC(444) ParNew: 19395K->787K(19648K)
[32.579s][info ][gc,heap        ] GC(444) CMS: 9400K->10183K(43712K)
[32.579s][info ][gc,metaspace   ] GC(444) Metaspace: 15845K->15845K(1064960K)
[32.579s][info ][gc             ] GC(444) Pause Young (Allocation Failure) 28M->10M(61M) 1.387ms
[32.579s][info ][gc,cpu         ] GC(444) User=0.00s Sys=0.00s Real=0.01s
[32.580s][info ][gc,start       ] GC(445) Pause Young (Allocation Failure)
[32.581s][info ][gc,task        ] GC(445) Using 8 workers of 8 for evacuation
[32.582s][debug][gc,age         ] GC(445) Desired survivor size 1114112 bytes, new threshold 1 (max threshold 6)
[32.582s][trace][gc,age         ] GC(445) Age table with threshold 1 (max threshold 6)
[32.582s][trace][gc,age         ] GC(445) - age   1:    1602112 bytes,    1602112 total
[32.582s][trace][gc,age         ] GC(445) - age   2:     400512 bytes,    2002624 total
[32.582s][info ][gc,heap        ] GC(445) ParNew: 18254K->1959K(19648K)
[32.582s][info ][gc,heap        ] GC(445) CMS: 10183K->10573K(43712K)
[32.582s][info ][gc,metaspace   ] GC(445) Metaspace: 15845K->15845K(1064960K)
[32.582s][info ][gc             ] GC(445) Pause Young (Allocation Failure) 27M->12M(61M) 1.629ms
[32.582s][info ][gc,cpu         ] GC(445) User=0.01s Sys=0.00s Real=0.00s
[32.583s][info ][gc,start       ] GC(446) Pause Young (Allocation Failure)
[32.583s][info ][gc,task        ] GC(446) Using 8 workers of 8 for evacuation
[32.585s][debug][gc,age         ] GC(446) Desired survivor size 1114112 bytes, new threshold 1 (max threshold 6)
[32.585s][trace][gc,age         ] GC(446) Age table with threshold 1 (max threshold 6)
[32.585s][trace][gc,age         ] GC(446) - age   1:    1602104 bytes,    1602104 total
[32.585s][info ][gc,heap        ] GC(446) ParNew: 19113K->1568K(19648K)
[32.585s][info ][gc,heap        ] GC(446) CMS: 10573K->10574K(43712K)
[32.585s][info ][gc,metaspace   ] GC(446) Metaspace: 15845K->15845K(1064960K)
[32.585s][info ][gc             ] GC(446) Pause Young (Allocation Failure) 28M->11M(61M) 1.342ms
[32.585s][info ][gc,cpu         ] GC(446) User=0.00s Sys=0.00s Real=0.00s
[32.586s][info ][gc,start       ] GC(447) Pause Young (Allocation Failure)
[32.586s][info ][gc,task        ] GC(447) Using 8 workers of 8 for evacuation
[32.587s][debug][gc,age         ] GC(447) Desired survivor size 1114112 bytes, new threshold 1 (max threshold 6)
[32.587s][trace][gc,age         ] GC(447) Age table with threshold 1 (max threshold 6)
[32.587s][trace][gc,age         ] GC(447) - age   1:    2002184 bytes,    2002184 total
[32.587s][info ][gc,heap        ] GC(447) ParNew: 18789K->1963K(19648K)
[32.588s][info ][gc,heap        ] GC(447) CMS: 10574K->10965K(43712K)
[32.588s][info ][gc,metaspace   ] GC(447) Metaspace: 15845K->15845K(1064960K)
[32.588s][info ][gc             ] GC(447) Pause Young (Allocation Failure) 28M->12M(61M) 1.412ms
[32.588s][info ][gc,cpu         ] GC(447) User=0.01s Sys=0.00s Real=0.01s
[32.589s][info ][gc,start       ] GC(448) Pause Young (Allocation Failure)
[32.589s][info ][gc,task        ] GC(448) Using 8 workers of 8 for evacuation
[32.590s][debug][gc,age         ] GC(448) Desired survivor size 1114112 bytes, new threshold 1 (max threshold 6)
[32.590s][trace][gc,age         ] GC(448) Age table with threshold 1 (max threshold 6)
[32.590s][trace][gc,age         ] GC(448) - age   1:    2002608 bytes,    2002608 total
[32.590s][info ][gc,heap        ] GC(448) ParNew: 19155K->1959K(19648K)
[32.590s][info ][gc,heap        ] GC(448) CMS: 10965K->11746K(43712K)
[32.590s][info ][gc,metaspace   ] GC(448) Metaspace: 15845K->15845K(1064960K)
[32.590s][info ][gc             ] GC(448) Pause Young (Allocation Failure) 29M->13M(61M) 1.277ms
[32.590s][info ][gc,cpu         ] GC(448) User=0.01s Sys=0.00s Real=0.00s
[32.592s][info ][gc,start       ] GC(449) Pause Young (Allocation Failure)
[32.592s][info ][gc,task        ] GC(449) Using 8 workers of 8 for evacuation
[32.593s][debug][gc,age         ] GC(449) Desired survivor size 1114112 bytes, new threshold 1 (max threshold 6)
[32.593s][trace][gc,age         ] GC(449) Age table with threshold 1 (max threshold 6)
[32.593s][trace][gc,age         ] GC(449) - age   1:    2001880 bytes,    2001880 total
[32.593s][info ][gc,heap        ] GC(449) ParNew: 19093K->1961K(19648K)
[32.593s][info ][gc,heap        ] GC(449) CMS: 11746K->12919K(43712K)
[32.593s][info ][gc,metaspace   ] GC(449) Metaspace: 15845K->15845K(1064960K)
[32.593s][info ][gc             ] GC(449) Pause Young (Allocation Failure) 30M->14M(61M) 1.558ms
[32.593s][info ][gc,cpu         ] GC(449) User=0.00s Sys=0.00s Real=0.00s
[32.595s][info ][gc,start       ] GC(450) Pause Young (Allocation Failure)
[32.595s][info ][gc,task        ] GC(450) Using 8 workers of 8 for evacuation
[32.596s][debug][gc,age         ] GC(450) Desired survivor size 1114112 bytes, new threshold 1 (max threshold 6)
[32.596s][trace][gc,age         ] GC(450) Age table with threshold 1 (max threshold 6)
[32.596s][trace][gc,age         ] GC(450) - age   1:    2001880 bytes,    2001880 total
[32.596s][info ][gc,heap        ] GC(450) ParNew: 19059K->1967K(19648K)
[32.596s][info ][gc,heap        ] GC(450) CMS: 12919K->13700K(43712K)
[32.596s][info ][gc,metaspace   ] GC(450) Metaspace: 15845K->15845K(1064960K)
[32.596s][info ][gc             ] GC(450) Pause Young (Allocation Failure) 31M->15M(61M) 0.813ms
[32.596s][info ][gc,cpu         ] GC(450) User=0.00s Sys=0.00s Real=0.00s
[32.597s][info ][gc,start       ] GC(451) Pause Young (Allocation Failure)
[32.597s][info ][gc,task        ] GC(451) Using 8 workers of 8 for evacuation
[32.599s][debug][gc,age         ] GC(451) Desired survivor size 1114112 bytes, new threshold 1 (max threshold 6)
[32.599s][trace][gc,age         ] GC(451) Age table with threshold 1 (max threshold 6)
[32.599s][trace][gc,age         ] GC(451) - age   1:    2002064 bytes,    2002064 total
[32.599s][info ][gc,heap        ] GC(451) ParNew: 19101K->1959K(19648K)
[32.599s][info ][gc,heap        ] GC(451) CMS: 13700K->14091K(43712K)
[32.599s][info ][gc,metaspace   ] GC(451) Metaspace: 15845K->15845K(1064960K)
[32.599s][info ][gc             ] GC(451) Pause Young (Allocation Failure) 32M->15M(61M) 1.552ms
[32.599s][info ][gc,cpu         ] GC(451) User=0.01s Sys=0.00s Real=0.01s
[32.601s][info ][gc,start       ] GC(452) Pause Young (Allocation Failure)
[32.601s][info ][gc,task        ] GC(452) Using 8 workers of 8 for evacuation
[32.602s][debug][gc,age         ] GC(452) Desired survivor size 1114112 bytes, new threshold 1 (max threshold 6)
[32.602s][trace][gc,age         ] GC(452) Age table with threshold 1 (max threshold 6)
[32.602s][trace][gc,age         ] GC(452) - age   1:    2002008 bytes,    2002008 total
[32.602s][info ][gc,heap        ] GC(452) ParNew: 19118K->1959K(19648K)
[32.602s][info ][gc,heap        ] GC(452) CMS: 14091K->14483K(43712K)
[32.602s][info ][gc,metaspace   ] GC(452) Metaspace: 15845K->15845K(1064960K)
[32.602s][info ][gc             ] GC(452) Pause Young (Allocation Failure) 32M->16M(61M) 1.505ms
[32.602s][info ][gc,cpu         ] GC(452) User=0.01s Sys=0.00s Real=0.00s
[32.604s][info ][gc,start       ] GC(453) Pause Young (Allocation Failure)
[32.604s][info ][gc,task        ] GC(453) Using 8 workers of 8 for evacuation
[32.605s][debug][gc,age         ] GC(453) Desired survivor size 1114112 bytes, new threshold 6 (max threshold 6)
[32.606s][trace][gc,age         ] GC(453) Age table with threshold 6 (max threshold 6)
[32.606s][trace][gc,age         ] GC(453) - age   1:     800864 bytes,     800864 total
[32.606s][info ][gc,heap        ] GC(453) ParNew: 19366K->787K(19648K)
[32.606s][info ][gc,heap        ] GC(453) CMS: 14483K->15655K(43712K)
[32.606s][info ][gc,metaspace   ] GC(453) Metaspace: 15845K->15845K(1064960K)
[32.606s][info ][gc             ] GC(453) Pause Young (Allocation Failure) 33M->16M(61M) 1.597ms
[32.606s][info ][gc,cpu         ] GC(453) User=0.00s Sys=0.00s Real=0.00s
[32.607s][info ][gc,start       ] GC(454) Pause Young (Allocation Failure)
[32.607s][info ][gc,task        ] GC(454) Using 8 workers of 8 for evacuation
[32.608s][debug][gc,age         ] GC(454) Desired survivor size 1114112 bytes, new threshold 2 (max threshold 6)
[32.609s][trace][gc,age         ] GC(454) Age table with threshold 2 (max threshold 6)
[32.609s][trace][gc,age         ] GC(454) - age   1:     400992 bytes,     400992 total
[32.609s][trace][gc,age         ] GC(454) - age   2:     800552 bytes,    1201544 total
[32.609s][info ][gc,heap        ] GC(454) ParNew: 18215K->1177K(19648K)
[32.609s][info ][gc,heap        ] GC(454) CMS: 15655K->15655K(43712K)
[32.609s][info ][gc,metaspace   ] GC(454) Metaspace: 15845K->15845K(1064960K)
[32.609s][info ][gc             ] GC(454) Pause Young (Allocation Failure) 33M->16M(61M) 1.400ms
[32.609s][info ][gc,cpu         ] GC(454) User=0.00s Sys=0.00s Real=0.01s
[32.610s][info ][gc,start       ] GC(455) Pause Young (Allocation Failure)
[32.610s][info ][gc,task        ] GC(455) Using 8 workers of 8 for evacuation
[32.612s][debug][gc,age         ] GC(455) Desired survivor size 1114112 bytes, new threshold 1 (max threshold 6)
[32.612s][trace][gc,age         ] GC(455) Age table with threshold 1 (max threshold 6)
[32.612s][trace][gc,age         ] GC(455) - age   1:    2002312 bytes,    2002312 total
[32.612s][trace][gc,age         ] GC(455) - age   2:        376 bytes,    2002688 total
[32.612s][info ][gc,heap        ] GC(455) ParNew: 18395K->1959K(19648K)
[32.612s][info ][gc,heap        ] GC(455) CMS: 15655K->16437K(43712K)
[32.612s][info ][gc,metaspace   ] GC(455) Metaspace: 15845K->15845K(1064960K)
[32.612s][info ][gc             ] GC(455) Pause Young (Allocation Failure) 33M->17M(61M) 1.681ms
[32.612s][info ][gc,cpu         ] GC(455) User=0.01s Sys=0.00s Real=0.00s
[32.613s][info ][gc,start       ] GC(456) Pause Young (Allocation Failure)
[32.613s][info ][gc,task        ] GC(456) Using 8 workers of 8 for evacuation
[32.615s][debug][gc,age         ] GC(456) Desired survivor size 1114112 bytes, new threshold 1 (max threshold 6)
[32.615s][trace][gc,age         ] GC(456) Age table with threshold 1 (max threshold 6)
[32.615s][trace][gc,age         ] GC(456) - age   1:    1601544 bytes,    1601544 total
[32.615s][info ][gc,heap        ] GC(456) ParNew: 19041K->1570K(19648K)
[32.615s][info ][gc,heap        ] GC(456) CMS: 16437K->16829K(43712K)
[32.615s][info ][gc,metaspace   ] GC(456) Metaspace: 15845K->15845K(1064960K)
[32.615s][info ][gc             ] GC(456) Pause Young (Allocation Failure) 34M->17M(61M) 1.530ms
[32.615s][info ][gc,cpu         ] GC(456) User=0.01s Sys=0.00s Real=0.00s
[32.616s][info ][gc,start       ] GC(457) Pause Young (Allocation Failure)
[32.617s][info ][gc,task        ] GC(457) Using 8 workers of 8 for evacuation
[32.618s][debug][gc,age         ] GC(457) Desired survivor size 1114112 bytes, new threshold 1 (max threshold 6)
[32.618s][trace][gc,age         ] GC(457) Age table with threshold 1 (max threshold 6)
[32.618s][trace][gc,age         ] GC(457) - age   1:    1201480 bytes,    1201480 total
[32.618s][info ][gc,heap        ] GC(457) ParNew: 18667K->1184K(19648K)
[32.618s][info ][gc,heap        ] GC(457) CMS: 16829K->17610K(43712K)
[32.618s][info ][gc,metaspace   ] GC(457) Metaspace: 15845K->15845K(1064960K)
[32.618s][info ][gc             ] GC(457) Pause Young (Allocation Failure) 34M->18M(61M) 1.263ms
[32.618s][info ][gc,cpu         ] GC(457) User=0.01s Sys=0.00s Real=0.01s
[32.619s][info ][gc,start       ] GC(458) Pause Young (Allocation Failure)
[32.619s][info ][gc,task        ] GC(458) Using 8 workers of 8 for evacuation
[32.620s][debug][gc,age         ] GC(458) Desired survivor size 1114112 bytes, new threshold 6 (max threshold 6)
[32.620s][trace][gc,age         ] GC(458) Age table with threshold 6 (max threshold 6)
[32.620s][trace][gc,age         ] GC(458) - age   1:     801984 bytes,     801984 total
[32.620s][info ][gc,heap        ] GC(458) ParNew: 18366K->787K(19648K)
[32.620s][info ][gc,heap        ] GC(458) CMS: 17610K->17611K(43712K)
[32.620s][info ][gc,metaspace   ] GC(458) Metaspace: 15845K->15845K(1064960K)
[32.620s][info ][gc             ] GC(458) Pause Young (Allocation Failure) 35M->17M(61M) 1.230ms
[32.620s][info ][gc,cpu         ] GC(458) User=0.01s Sys=0.01s Real=0.00s
[32.622s][info ][gc,start       ] GC(459) Pause Young (Allocation Failure)
[32.622s][info ][gc,task        ] GC(459) Using 8 workers of 8 for evacuation
[32.623s][debug][gc,age         ] GC(459) Desired survivor size 1114112 bytes, new threshold 1 (max threshold 6)
[32.623s][trace][gc,age         ] GC(459) Age table with threshold 1 (max threshold 6)
[32.623s][trace][gc,age         ] GC(459) - age   1:    2002008 bytes,    2002008 total
[32.623s][trace][gc,age         ] GC(459) - age   2:        688 bytes,    2002696 total
[32.623s][info ][gc,heap        ] GC(459) ParNew: 17992K->1961K(19648K)
[32.623s][info ][gc,heap        ] GC(459) CMS: 17611K->18392K(43712K)
[32.623s][info ][gc,metaspace   ] GC(459) Metaspace: 15845K->15845K(1064960K)
[32.623s][info ][gc             ] GC(459) Pause Young (Allocation Failure) 34M->19M(61M) 1.482ms
[32.623s][info ][gc,cpu         ] GC(459) User=0.00s Sys=0.00s Real=0.00s
[32.625s][info ][gc,start       ] GC(460) Pause Young (Allocation Failure)
[32.625s][info ][gc,task        ] GC(460) Using 8 workers of 8 for evacuation
[32.627s][debug][gc,age         ] GC(460) Desired survivor size 1114112 bytes, new threshold 6 (max threshold 6)
[32.627s][trace][gc,age         ] GC(460) Age table with threshold 6 (max threshold 6)
[32.627s][trace][gc,age         ] GC(460) - age   1:     801168 bytes,     801168 total
[32.627s][info ][gc,heap        ] GC(460) ParNew: 19424K->785K(19648K)
[32.627s][info ][gc,heap        ] GC(460) CMS: 18392K->19565K(43712K)
[32.627s][info ][gc,metaspace   ] GC(460) Metaspace: 15845K->15845K(1064960K)
[32.627s][info ][gc             ] GC(460) Pause Young (Allocation Failure) 36M->19M(61M) 2.025ms
[32.627s][info ][gc,cpu         ] GC(460) User=0.00s Sys=0.00s Real=0.00s
[32.629s][info ][gc,start       ] GC(461) Pause Young (Allocation Failure)
[32.629s][info ][gc,task        ] GC(461) Using 8 workers of 8 for evacuation
[32.630s][debug][gc,age         ] GC(461) Desired survivor size 1114112 bytes, new threshold 1 (max threshold 6)
[32.630s][trace][gc,age         ] GC(461) Age table with threshold 1 (max threshold 6)
[32.630s][trace][gc,age         ] GC(461) - age   1:    2002560 bytes,    2002560 total
[32.630s][info ][gc,heap        ] GC(461) ParNew: 18044K->1961K(19648K)
[32.630s][info ][gc,heap        ] GC(461) CMS: 19565K->19565K(43712K)
[32.630s][info ][gc,metaspace   ] GC(461) Metaspace: 15845K->15845K(1064960K)
[32.630s][info ][gc             ] GC(461) Pause Young (Allocation Failure) 36M->21M(61M) 1.022ms
[32.630s][info ][gc,cpu         ] GC(461) User=0.01s Sys=0.00s Real=0.00s
[32.631s][info ][gc,start       ] GC(462) Pause Young (Allocation Failure)
[32.631s][info ][gc,task        ] GC(462) Using 8 workers of 8 for evacuation
[32.633s][debug][gc,age         ] GC(462) Desired survivor size 1114112 bytes, new threshold 1 (max threshold 6)
[32.633s][trace][gc,age         ] GC(462) Age table with threshold 1 (max threshold 6)
[32.633s][trace][gc,age         ] GC(462) - age   1:    1601496 bytes,    1601496 total
[32.633s][info ][gc,heap        ] GC(462) ParNew: 19047K->1566K(19648K)
[32.633s][info ][gc,heap        ] GC(462) CMS: 19565K->19566K(43712K)
[32.633s][info ][gc,metaspace   ] GC(462) Metaspace: 15845K->15845K(1064960K)
[32.633s][info ][gc             ] GC(462) Pause Young (Allocation Failure) 37M->20M(61M) 1.905ms
[32.633s][info ][gc,cpu         ] GC(462) User=0.01s Sys=0.00s Real=0.00s
[32.635s][info ][gc,start       ] GC(463) Pause Young (Allocation Failure)
[32.635s][info ][gc,task        ] GC(463) Using 8 workers of 8 for evacuation
[32.637s][debug][gc,age         ] GC(463) Desired survivor size 1114112 bytes, new threshold 1 (max threshold 6)
[32.637s][trace][gc,age         ] GC(463) Age table with threshold 1 (max threshold 6)
[32.637s][trace][gc,age         ] GC(463) - age   1:    1601680 bytes,    1601680 total
[32.637s][info ][gc,heap        ] GC(463) ParNew: 19023K->1566K(19648K)
[32.637s][info ][gc,heap        ] GC(463) CMS: 19566K->19957K(43712K)
[32.637s][info ][gc,metaspace   ] GC(463) Metaspace: 15845K->15845K(1064960K)
[32.637s][info ][gc             ] GC(463) Pause Young (Allocation Failure) 37M->21M(61M) 2.199ms
[32.637s][info ][gc,cpu         ] GC(463) User=0.01s Sys=0.00s Real=0.00s
[32.638s][info ][gc,start       ] GC(464) Pause Young (Allocation Failure)
[32.638s][info ][gc,task        ] GC(464) Using 8 workers of 8 for evacuation
[32.640s][debug][gc,age         ] GC(464) Desired survivor size 1114112 bytes, new threshold 1 (max threshold 6)
[32.640s][trace][gc,age         ] GC(464) Age table with threshold 1 (max threshold 6)
[32.640s][trace][gc,age         ] GC(464) - age   1:    2002576 bytes,    2002576 total
[32.640s][info ][gc,heap        ] GC(464) ParNew: 18829K->1957K(19648K)
[32.641s][info ][gc,heap        ] GC(464) CMS: 19957K->20348K(43712K)
[32.641s][info ][gc,metaspace   ] GC(464) Metaspace: 15845K->15845K(1064960K)
[32.641s][info ][gc             ] GC(464) Pause Young (Allocation Failure) 37M->21M(61M) 2.139ms
[32.641s][info ][gc,cpu         ] GC(464) User=0.00s Sys=0.00s Real=0.00s
[32.642s][info ][gc,start       ] GC(465) Pause Young (Allocation Failure)
[32.642s][info ][gc,task        ] GC(465) Using 8 workers of 8 for evacuation
[32.644s][debug][gc,age         ] GC(465) Desired survivor size 1114112 bytes, new threshold 1 (max threshold 6)
[32.644s][trace][gc,age         ] GC(465) Age table with threshold 1 (max threshold 6)
[32.644s][trace][gc,age         ] GC(465) - age   1:    2002384 bytes,    2002384 total
[32.644s][info ][gc,heap        ] GC(465) ParNew: 19176K->1965K(19648K)
[32.644s][info ][gc,heap        ] GC(465) CMS: 20348K->21130K(43712K)
[32.644s][info ][gc,metaspace   ] GC(465) Metaspace: 15845K->15845K(1064960K)
[32.644s][info ][gc             ] GC(465) Pause Young (Allocation Failure) 38M->22M(61M) 1.710ms
[32.644s][info ][gc,cpu         ] GC(465) User=0.01s Sys=0.00s Real=0.00s
[32.645s][info ][gc,start       ] GC(466) Pause Young (Allocation Failure)
[32.645s][info ][gc,task        ] GC(466) Using 8 workers of 8 for evacuation
[32.646s][debug][gc,age         ] GC(466) Desired survivor size 1114112 bytes, new threshold 6 (max threshold 6)
[32.646s][trace][gc,age         ] GC(466) Age table with threshold 6 (max threshold 6)
[32.646s][trace][gc,age         ] GC(466) - age   1:     801488 bytes,     801488 total
[32.646s][info ][gc,heap        ] GC(466) ParNew: 19437K->789K(19648K)
[32.647s][info ][gc,heap        ] GC(466) CMS: 21130K->21912K(43712K)
[32.647s][info ][gc,metaspace   ] GC(466) Metaspace: 15845K->15845K(1064960K)
[32.647s][info ][gc             ] GC(466) Pause Young (Allocation Failure) 39M->22M(61M) 1.500ms
[32.647s][info ][gc,cpu         ] GC(466) User=0.00s Sys=0.00s Real=0.00s
[32.648s][info ][gc,start       ] GC(467) Pause Young (Allocation Failure)
[32.648s][info ][gc,task        ] GC(467) Using 8 workers of 8 for evacuation
[32.649s][debug][gc,age         ] GC(467) Desired survivor size 1114112 bytes, new threshold 1 (max threshold 6)
[32.649s][trace][gc,age         ] GC(467) Age table with threshold 1 (max threshold 6)
[32.649s][trace][gc,age         ] GC(467) - age   1:    1202328 bytes,    1202328 total
[32.649s][trace][gc,age         ] GC(467) - age   2:        248 bytes,    1202576 total
[32.649s][info ][gc,heap        ] GC(467) ParNew: 17965K->1177K(19648K)
[32.649s][info ][gc,heap        ] GC(467) CMS: 21912K->21912K(43712K)
[32.650s][info ][gc,metaspace   ] GC(467) Metaspace: 15845K->15845K(1064960K)
[32.650s][info ][gc             ] GC(467) Pause Young (Allocation Failure) 38M->22M(61M) 1.615ms
[32.650s][info ][gc,cpu         ] GC(467) User=0.01s Sys=0.00s Real=0.00s
[32.651s][info ][gc,start       ] GC(468) Pause Young (Allocation Failure)
[32.651s][info ][gc,task        ] GC(468) Using 8 workers of 8 for evacuation
[32.653s][debug][gc,age         ] GC(468) Desired survivor size 1114112 bytes, new threshold 1 (max threshold 6)
[32.653s][trace][gc,age         ] GC(468) Age table with threshold 1 (max threshold 6)
[32.653s][trace][gc,age         ] GC(468) - age   1:    2001728 bytes,    2001728 total
[32.653s][info ][gc,heap        ] GC(468) ParNew: 18326K->1961K(19648K)
[32.653s][info ][gc,heap        ] GC(468) CMS: 21912K->21912K(43712K)
[32.653s][info ][gc,metaspace   ] GC(468) Metaspace: 15845K->15845K(1064960K)
[32.653s][info ][gc             ] GC(468) Pause Young (Allocation Failure) 39M->23M(61M) 2.154ms
[32.653s][info ][gc,cpu         ] GC(468) User=0.00s Sys=0.00s Real=0.00s
[32.655s][info ][gc,start       ] GC(469) Pause Young (Allocation Failure)
[32.655s][info ][gc,task        ] GC(469) Using 8 workers of 8 for evacuation
[32.657s][debug][gc,age         ] GC(469) Desired survivor size 1114112 bytes, new threshold 6 (max threshold 6)
[32.657s][trace][gc,age         ] GC(469) Age table with threshold 6 (max threshold 6)
[32.657s][trace][gc,age         ] GC(469) - age   1:     401256 bytes,     401256 total
[32.658s][info ][gc,heap        ] GC(469) ParNew: 19322K->396K(19648K)
[32.658s][info ][gc,heap        ] GC(469) CMS: 21912K->22695K(43712K)
[32.658s][info ][gc,metaspace   ] GC(469) Metaspace: 15845K->15845K(1064960K)
[32.658s][info ][gc             ] GC(469) Pause Young (Allocation Failure) 40M->22M(61M) 2.285ms
[32.658s][info ][gc,cpu         ] GC(469) User=0.01s Sys=0.00s Real=0.01s
[32.659s][info ][gc,start       ] GC(470) Pause Young (Allocation Failure)
[32.659s][info ][gc,task        ] GC(470) Using 8 workers of 8 for evacuation
[32.660s][debug][gc,age         ] GC(470) Desired survivor size 1114112 bytes, new threshold 1 (max threshold 6)
[32.661s][trace][gc,age         ] GC(470) Age table with threshold 1 (max threshold 6)
[32.661s][trace][gc,age         ] GC(470) - age   1:    1601896 bytes,    1601896 total
[32.661s][trace][gc,age         ] GC(470) - age   2:        624 bytes,    1602520 total
[32.661s][info ][gc,heap        ] GC(470) ParNew: 17523K->1570K(19648K)
[32.661s][info ][gc,heap        ] GC(470) CMS: 22695K->22695K(43712K)
[32.661s][info ][gc,metaspace   ] GC(470) Metaspace: 15845K->15845K(1064960K)
[32.661s][info ][gc             ] GC(470) Pause Young (Allocation Failure) 39M->23M(61M) 1.438ms
[32.661s][info ][gc,cpu         ] GC(470) User=0.01s Sys=0.00s Real=0.00s
[32.662s][info ][gc,start       ] GC(471) Pause Young (Allocation Failure)
[32.662s][info ][gc,task        ] GC(471) Using 8 workers of 8 for evacuation
[32.665s][debug][gc,age         ] GC(471) Desired survivor size 1114112 bytes, new threshold 1 (max threshold 6)
[32.665s][trace][gc,age         ] GC(471) Age table with threshold 1 (max threshold 6)
[32.665s][trace][gc,age         ] GC(471) - age   1:    2002176 bytes,    2002176 total
[32.665s][info ][gc,heap        ] GC(471) ParNew: 18708K->1957K(19648K)
[32.665s][info ][gc,heap        ] GC(471) CMS: 22695K->23867K(43712K)
[32.665s][info ][gc,metaspace   ] GC(471) Metaspace: 15845K->15845K(1064960K)
[32.665s][info ][gc             ] GC(471) Pause Young (Allocation Failure) 40M->25M(61M) 2.549ms
[32.665s][info ][gc,cpu         ] GC(471) User=0.01s Sys=0.00s Real=0.00s
[32.667s][info ][gc,start       ] GC(472) Pause Young (Allocation Failure)
[32.667s][info ][gc,task        ] GC(472) Using 8 workers of 8 for evacuation
[32.668s][debug][gc,age         ] GC(472) Desired survivor size 1114112 bytes, new threshold 1 (max threshold 6)
[32.681s][trace][gc,age         ] GC(472) Age table with threshold 1 (max threshold 6)
[32.681s][trace][gc,age         ] GC(472) - age   1:    2001680 bytes,    2001680 total
[32.681s][info ][gc,heap        ] GC(472) ParNew: 19095K->1959K(19648K)
[32.681s][info ][gc,heap        ] GC(472) CMS: 23867K->24650K(43712K)
[32.681s][info ][gc,metaspace   ] GC(472) Metaspace: 15845K->15845K(1064960K)
[32.681s][info ][gc             ] GC(472) Pause Young (Allocation Failure) 41M->25M(61M) 14.856ms
[32.681s][info ][gc,cpu         ] GC(472) User=0.02s Sys=0.01s Real=0.02s
[32.683s][info ][gc,start       ] GC(473) Pause Young (Allocation Failure)
[32.684s][info ][gc,task        ] GC(473) Using 8 workers of 8 for evacuation
[32.686s][debug][gc,age         ] GC(473) Desired survivor size 1114112 bytes, new threshold 1 (max threshold 6)
[32.691s][trace][gc,age         ] GC(473) Age table with threshold 1 (max threshold 6)
[32.691s][trace][gc,age         ] GC(473) - age   1:    2002712 bytes,    2002712 total
[32.691s][info ][gc,heap        ] GC(473) ParNew: 19152K->1957K(19648K)
[32.691s][info ][gc,heap        ] GC(473) CMS: 24650K->25822K(43712K)
[32.691s][info ][gc,metaspace   ] GC(473) Metaspace: 15845K->15845K(1064960K)
[32.691s][info ][gc             ] GC(473) Pause Young (Allocation Failure) 42M->27M(61M) 7.249ms
[32.691s][info ][gc,cpu         ] GC(473) User=0.02s Sys=0.00s Real=0.01s
[32.692s][info ][gc,start       ] GC(474) Pause Young (Allocation Failure)
[32.693s][info ][gc,task        ] GC(474) Using 8 workers of 8 for evacuation
[32.696s][debug][gc,age         ] GC(474) Desired survivor size 1114112 bytes, new threshold 1 (max threshold 6)
[32.696s][trace][gc,age         ] GC(474) Age table with threshold 1 (max threshold 6)
[32.696s][trace][gc,age         ] GC(474) - age   1:    2002200 bytes,    2002200 total
[32.696s][info ][gc,heap        ] GC(474) ParNew: 19109K->1963K(19648K)
[32.696s][info ][gc,heap        ] GC(474) CMS: 25822K->26604K(43712K)
[32.696s][info ][gc,metaspace   ] GC(474) Metaspace: 15845K->15845K(1064960K)
[32.696s][info ][gc             ] GC(474) Pause Young (Allocation Failure) 43M->27M(61M) 3.545ms
[32.696s][info ][gc,cpu         ] GC(474) User=0.01s Sys=0.00s Real=0.00s
[32.698s][info ][gc,start       ] GC(475) Pause Young (Allocation Failure)
[32.698s][info ][gc,task        ] GC(475) Using 8 workers of 8 for evacuation
[32.699s][debug][gc,age         ] GC(475) Desired survivor size 1114112 bytes, new threshold 1 (max threshold 6)
[32.699s][trace][gc,age         ] GC(475) Age table with threshold 1 (max threshold 6)
[32.699s][trace][gc,age         ] GC(475) - age   1:    2001504 bytes,    2001504 total
[32.699s][info ][gc,heap        ] GC(475) ParNew: 19411K->1957K(19648K)
[32.699s][info ][gc,heap        ] GC(475) CMS: 26604K->27777K(43712K)
[32.699s][info ][gc,metaspace   ] GC(475) Metaspace: 15845K->15845K(1064960K)
[32.699s][info ][gc             ] GC(475) Pause Young (Allocation Failure) 44M->29M(61M) 1.526ms
[32.699s][info ][gc,cpu         ] GC(475) User=0.01s Sys=0.00s Real=0.00s
[32.702s][info ][gc,start       ] GC(476) Pause Young (Allocation Failure)
[32.702s][info ][gc,task        ] GC(476) Using 8 workers of 8 for evacuation
[32.703s][debug][gc,age         ] GC(476) Desired survivor size 1114112 bytes, new threshold 1 (max threshold 6)
[32.703s][trace][gc,age         ] GC(476) Age table with threshold 1 (max threshold 6)
[32.703s][trace][gc,age         ] GC(476) - age   1:    1601376 bytes,    1601376 total
[32.703s][info ][gc,heap        ] GC(476) ParNew: 19397K->1574K(19648K)
[32.703s][info ][gc,heap        ] GC(476) CMS: 27777K->29341K(43712K)
[32.703s][info ][gc,metaspace   ] GC(476) Metaspace: 15845K->15845K(1064960K)
[32.703s][info ][gc             ] GC(476) Pause Young (Allocation Failure) 46M->30M(61M) 1.740ms
[32.703s][info ][gc,cpu         ] GC(476) User=0.00s Sys=0.00s Real=0.00s
[32.705s][info ][gc,start       ] GC(477) Pause Young (Allocation Failure)
[32.705s][info ][gc,task        ] GC(477) Using 8 workers of 8 for evacuation
[32.706s][debug][gc,age         ] GC(477) Desired survivor size 1114112 bytes, new threshold 1 (max threshold 6)
[32.706s][trace][gc,age         ] GC(477) Age table with threshold 1 (max threshold 6)
[32.706s][trace][gc,age         ] GC(477) - age   1:    1602136 bytes,    1602136 total
[32.706s][info ][gc,heap        ] GC(477) ParNew: 18676K->1570K(19648K)
[32.706s][info ][gc,heap        ] GC(477) CMS: 29341K->30514K(43712K)
[32.706s][info ][gc,metaspace   ] GC(477) Metaspace: 15845K->15845K(1064960K)
[32.706s][info ][gc             ] GC(477) Pause Young (Allocation Failure) 46M->31M(61M) 1.389ms
[32.706s][info ][gc,cpu         ] GC(477) User=0.01s Sys=0.00s Real=0.00s
[32.708s][info ][gc,start       ] GC(478) Pause Young (Allocation Failure)
[32.708s][info ][gc,task        ] GC(478) Using 8 workers of 8 for evacuation
[32.709s][debug][gc,age         ] GC(478) Desired survivor size 1114112 bytes, new threshold 1 (max threshold 6)
[32.709s][trace][gc,age         ] GC(478) Age table with threshold 1 (max threshold 6)
[32.709s][trace][gc,age         ] GC(478) - age   1:    2002136 bytes,    2002136 total
[32.709s][info ][gc,heap        ] GC(478) ParNew: 18782K->1965K(19648K)
[32.709s][info ][gc,heap        ] GC(478) CMS: 30514K->31296K(43712K)
[32.709s][info ][gc,metaspace   ] GC(478) Metaspace: 15845K->15845K(1064960K)
[32.709s][info ][gc             ] GC(478) Pause Young (Allocation Failure) 48M->32M(61M) 1.524ms
[32.710s][info ][gc,cpu         ] GC(478) User=0.01s Sys=0.00s Real=0.00s
[32.711s][info ][gc,start       ] GC(479) Pause Young (Allocation Failure)
[32.711s][info ][gc,task        ] GC(479) Using 8 workers of 8 for evacuation
[32.713s][debug][gc,age         ] GC(479) Desired survivor size 1114112 bytes, new threshold 1 (max threshold 6)
[32.713s][trace][gc,age         ] GC(479) Age table with threshold 1 (max threshold 6)
[32.713s][trace][gc,age         ] GC(479) - age   1:    2001792 bytes,    2001792 total
[32.713s][info ][gc,heap        ] GC(479) ParNew: 19131K->1963K(19648K)
[32.713s][info ][gc,heap        ] GC(479) CMS: 31296K->32469K(43712K)
[32.713s][info ][gc,metaspace   ] GC(479) Metaspace: 15845K->15845K(1064960K)
[32.713s][info ][gc             ] GC(479) Pause Young (Allocation Failure) 49M->33M(61M) 1.588ms
[32.713s][info ][gc,cpu         ] GC(479) User=0.01s Sys=0.00s Real=0.00s
[32.713s][info ][gc,start       ] GC(480) Pause Initial Mark
[32.713s][info ][gc             ] GC(480) Pause Initial Mark 34M->34M(61M) 0.210ms
[32.713s][info ][gc,cpu         ] GC(480) User=0.00s Sys=0.00s Real=0.00s
[32.713s][info ][gc             ] GC(480) Concurrent Mark
[32.713s][info ][gc,task        ] GC(480) Using 2 workers of 2 for marking
[32.715s][info ][gc,start       ] GC(481) Pause Young (Allocation Failure)
[32.715s][info ][gc,task        ] GC(481) Using 8 workers of 8 for evacuation
[32.717s][debug][gc,age         ] GC(481) Desired survivor size 1114112 bytes, new threshold 1 (max threshold 6)
[32.717s][trace][gc,age         ] GC(481) Age table with threshold 1 (max threshold 6)
[32.717s][trace][gc,age         ] GC(481) - age   1:    1202056 bytes,    1202056 total
[32.717s][info ][gc,heap        ] GC(481) ParNew: 19255K->1177K(19648K)
[32.717s][info ][gc,heap        ] GC(481) CMS: 32469K->32470K(43712K)
[32.717s][info ][gc,metaspace   ] GC(481) Metaspace: 15846K->15846K(1064960K)
[32.717s][info ][gc             ] GC(481) Pause Young (Allocation Failure) 50M->32M(61M) 1.546ms
[32.717s][info ][gc,cpu         ] GC(481) User=0.01s Sys=0.00s Real=0.00s
[32.719s][info ][gc,start       ] GC(482) Pause Young (Allocation Failure)
[32.719s][info ][gc,task        ] GC(482) Using 8 workers of 8 for evacuation
[32.720s][debug][gc,age         ] GC(482) Desired survivor size 1114112 bytes, new threshold 1 (max threshold 6)
[32.720s][trace][gc,age         ] GC(482) Age table with threshold 1 (max threshold 6)
[32.720s][trace][gc,age         ] GC(482) - age   1:    1601688 bytes,    1601688 total
[32.720s][info ][gc,heap        ] GC(482) ParNew: 18607K->1574K(19648K)
[32.720s][info ][gc,heap        ] GC(482) CMS: 32470K->32861K(43712K)
[32.720s][info ][gc,metaspace   ] GC(482) Metaspace: 15846K->15846K(1064960K)
[32.720s][info ][gc             ] GC(482) Pause Young (Allocation Failure) 49M->33M(61M) 1.427ms
[32.720s][info ][gc,cpu         ] GC(482) User=0.01s Sys=0.01s Real=0.00s
[32.722s][info ][gc,start       ] GC(483) Pause Young (Allocation Failure)
[32.722s][info ][gc,task        ] GC(483) Using 8 workers of 8 for evacuation
[32.723s][debug][gc,age         ] GC(483) Desired survivor size 1114112 bytes, new threshold 6 (max threshold 6)
[32.723s][trace][gc,age         ] GC(483) Age table with threshold 6 (max threshold 6)
[32.723s][trace][gc,age         ] GC(483) - age   1:     801280 bytes,     801280 total
[32.723s][info ][gc,heap        ] GC(483) ParNew: 19046K->791K(19648K)
[32.723s][info ][gc,heap        ] GC(483) CMS: 32861K->34034K(43712K)
[32.723s][info ][gc,metaspace   ] GC(483) Metaspace: 15846K->15846K(1064960K)
[32.723s][info ][gc             ] GC(483) Pause Young (Allocation Failure) 50M->34M(61M) 1.281ms
[32.723s][info ][gc,cpu         ] GC(483) User=0.00s Sys=0.00s Real=0.00s
[32.725s][info ][gc,start       ] GC(484) Pause Young (Allocation Failure)
[32.725s][info ][gc,task        ] GC(484) Using 8 workers of 8 for evacuation
[32.727s][debug][gc,age         ] GC(484) Desired survivor size 1114112 bytes, new threshold 1 (max threshold 6)
[32.727s][trace][gc,age         ] GC(484) Age table with threshold 1 (max threshold 6)
[32.727s][trace][gc,age         ] GC(484) - age   1:    1201296 bytes,    1201296 total
[32.727s][trace][gc,age         ] GC(484) - age   2:     800968 bytes,    2002264 total
[32.727s][info ][gc,heap        ] GC(484) ParNew: 18182K->1963K(19648K)
[32.727s][info ][gc,heap        ] GC(484) CMS: 34034K->34425K(43712K)
[32.727s][info ][gc,metaspace   ] GC(484) Metaspace: 15846K->15846K(1064960K)
[32.727s][info ][gc             ] GC(484) Pause Young (Allocation Failure) 50M->35M(61M) 1.606ms
[32.727s][info ][gc,cpu         ] GC(484) User=0.01s Sys=0.00s Real=0.00s
[32.728s][info ][gc             ] GC(480) Concurrent Mark 14.175ms
[32.728s][info ][gc,cpu         ] GC(480) User=0.07s Sys=0.01s Real=0.02s
[32.728s][info ][gc             ] GC(480) Concurrent Preclean
[32.728s][info ][gc,start       ] GC(485) Pause Young (Allocation Failure)
[32.728s][info ][gc,task        ] GC(485) Using 8 workers of 8 for evacuation
[32.730s][debug][gc,age         ] GC(485) Desired survivor size 1114112 bytes, new threshold 1 (max threshold 6)
[32.730s][trace][gc,age         ] GC(485) Age table with threshold 1 (max threshold 6)
[32.730s][trace][gc,age         ] GC(485) - age   1:    2002376 bytes,    2002376 total
[32.730s][info ][gc,heap        ] GC(485) ParNew: 19244K->1957K(19648K)
[32.730s][info ][gc,heap        ] GC(485) CMS: 34425K->34816K(43712K)
[32.730s][info ][gc,metaspace   ] GC(485) Metaspace: 15846K->15846K(1064960K)
[32.730s][info ][gc             ] GC(485) Pause Young (Allocation Failure) 52M->35M(61M) 1.414ms
[32.730s][info ][gc,cpu         ] GC(485) User=0.00s Sys=0.00s Real=0.00s
[32.730s][info ][gc             ] GC(480) Concurrent Preclean 2.398ms
[32.730s][info ][gc,cpu         ] GC(480) User=0.01s Sys=0.00s Real=0.00s
[32.730s][info ][gc             ] GC(480) Concurrent Abortable Preclean
[32.732s][info ][gc,start       ] GC(486) Pause Young (Allocation Failure)
[32.732s][info ][gc,task        ] GC(486) Using 8 workers of 8 for evacuation
[32.733s][debug][gc,age         ] GC(486) Desired survivor size 1114112 bytes, new threshold 1 (max threshold 6)
[32.733s][trace][gc,age         ] GC(486) Age table with threshold 1 (max threshold 6)
[32.733s][trace][gc,age         ] GC(486) - age   1:    2001512 bytes,    2001512 total
[32.733s][info ][gc,heap        ] GC(486) ParNew: 19059K->1959K(19648K)
[32.733s][info ][gc,heap        ] GC(486) CMS: 34816K->35599K(43712K)
[32.734s][info ][gc,metaspace   ] GC(486) Metaspace: 15846K->15846K(1064960K)
[32.734s][info ][gc             ] GC(486) Pause Young (Allocation Failure) 52M->36M(61M) 1.967ms
[32.734s][info ][gc,cpu         ] GC(486) User=0.01s Sys=0.00s Real=0.00s
[32.735s][info ][gc,start       ] GC(487) Pause Young (Allocation Failure)
[32.736s][info ][gc,task        ] GC(487) Using 8 workers of 8 for evacuation
[32.737s][debug][gc,age         ] GC(487) Desired survivor size 1114112 bytes, new threshold 1 (max threshold 6)
[32.737s][trace][gc,age         ] GC(487) Age table with threshold 1 (max threshold 6)
[32.737s][trace][gc,age         ] GC(487) - age   1:    1601496 bytes,    1601496 total
[32.737s][info ][gc,heap        ] GC(487) ParNew: 19392K->1566K(19648K)
[32.737s][info ][gc,heap        ] GC(487) CMS: 35599K->37162K(43712K)
[32.737s][info ][gc,metaspace   ] GC(487) Metaspace: 15846K->15846K(1064960K)
[32.737s][info ][gc             ] GC(487) Pause Young (Allocation Failure) 53M->37M(61M) 1.651ms
[32.737s][info ][gc,cpu         ] GC(487) User=0.01s Sys=0.00s Real=0.00s
[32.739s][info ][gc,start       ] GC(488) Pause Young (Allocation Failure)
[32.739s][info ][gc,task        ] GC(488) Using 8 workers of 8 for evacuation
[32.740s][debug][gc,age         ] GC(488) Desired survivor size 1114112 bytes, new threshold 6 (max threshold 6)
[32.740s][trace][gc,age         ] GC(488) Age table with threshold 6 (max threshold 6)
[32.740s][trace][gc,age         ] GC(488) - age   1:     801024 bytes,     801024 total
[32.740s][info ][gc,heap        ] GC(488) ParNew: 18931K->785K(19648K)
[32.740s][info ][gc,heap        ] GC(488) CMS: 37162K->38335K(43712K)
[32.740s][info ][gc,metaspace   ] GC(488) Metaspace: 15846K->15846K(1064960K)
[32.740s][info ][gc             ] GC(488) Pause Young (Allocation Failure) 54M->38M(61M) 1.324ms
[32.740s][info ][gc,cpu         ] GC(488) User=0.00s Sys=0.00s Real=0.00s
[32.742s][info ][gc,start       ] GC(489) Pause Young (Allocation Failure)
[32.742s][info ][gc,task        ] GC(489) Using 8 workers of 8 for evacuation
[32.744s][debug][gc,age         ] GC(489) Desired survivor size 1114112 bytes, new threshold 1 (max threshold 6)
[32.744s][trace][gc,age         ] GC(489) Age table with threshold 1 (max threshold 6)
[32.744s][trace][gc,age         ] GC(489) - age   1:    2002336 bytes,    2002336 total
[32.744s][trace][gc,age         ] GC(489) - age   2:        128 bytes,    2002464 total
[32.744s][info ][gc,heap        ] GC(489) ParNew: 18012K->1959K(19648K)
[32.744s][info ][gc,heap        ] GC(489) CMS: 38335K->38335K(43712K)
[32.744s][info ][gc,metaspace   ] GC(489) Metaspace: 15846K->15846K(1064960K)
[32.744s][info ][gc             ] GC(489) Pause Young (Allocation Failure) 55M->39M(61M) 2.186ms
[32.744s][info ][gc,cpu         ] GC(489) User=0.01s Sys=0.00s Real=0.00s
[32.746s][info ][gc,start       ] GC(490) Pause Young (Allocation Failure)
[32.746s][info ][gc,task        ] GC(490) Using 8 workers of 8 for evacuation
[32.747s][debug][gc,age         ] GC(490) Desired survivor size 1114112 bytes, new threshold 1 (max threshold 6)
[32.747s][trace][gc,age         ] GC(490) Age table with threshold 1 (max threshold 6)
[32.747s][trace][gc,age         ] GC(490) - age   1:    2002016 bytes,    2002016 total
[32.747s][info ][gc,heap        ] GC(490) ParNew: 19156K->1963K(19648K)
[32.747s][info ][gc,heap        ] GC(490) CMS: 38335K->39508K(43712K)
[32.747s][info ][gc,metaspace   ] GC(490) Metaspace: 15846K->15846K(1064960K)
[32.747s][info ][gc             ] GC(490) Pause Young (Allocation Failure) 56M->40M(61M) 1.677ms
[32.747s][info ][gc,cpu         ] GC(490) User=0.01s Sys=0.00s Real=0.00s
[32.749s][info ][gc,start       ] GC(491) Pause Young (Allocation Failure)
[32.749s][info ][gc,task        ] GC(491) Using 8 workers of 8 for evacuation
[32.750s][debug][gc,age         ] GC(491) Desired survivor size 1114112 bytes, new threshold 1 (max threshold 6)
[32.750s][trace][gc,age         ] GC(491) Age table with threshold 1 (max threshold 6)
[32.750s][trace][gc,age         ] GC(491) - age   1:    1601688 bytes,    1601688 total
[32.750s][info ][gc,heap        ] GC(491) ParNew: 19135K->1574K(19648K)
[32.750s][info ][gc,heap        ] GC(491) CMS: 39508K->40291K(43712K)
[32.750s][info ][gc,metaspace   ] GC(491) Metaspace: 15846K->15846K(1064960K)
[32.750s][info ][gc             ] GC(491) Pause Young (Allocation Failure) 57M->40M(61M) 1.550ms
[32.750s][info ][gc,cpu         ] GC(491) User=0.00s Sys=0.00s Real=0.00s
[32.752s][info ][gc,start       ] GC(492) Pause Young (Allocation Failure)
[32.752s][info ][gc,task        ] GC(492) Using 8 workers of 8 for evacuation
[32.753s][debug][gc,age         ] GC(492) Desired survivor size 1114112 bytes, new threshold 1 (max threshold 6)
[32.753s][trace][gc,age         ] GC(492) Age table with threshold 1 (max threshold 6)
[32.753s][trace][gc,age         ] GC(492) - age   1:    2002072 bytes,    2002072 total
[32.753s][info ][gc,heap        ] GC(492) ParNew: 18813K->1959K(19648K)
[32.753s][info ][gc,heap        ] GC(492) CMS: 40291K->41463K(43712K)
[32.753s][info ][gc,metaspace   ] GC(492) Metaspace: 15846K->15846K(1064960K)
[32.753s][info ][gc             ] GC(492) Pause Young (Allocation Failure) 57M->42M(61M) 1.716ms
[32.753s][info ][gc,cpu         ] GC(492) User=0.01s Sys=0.00s Real=0.00s
[32.755s][info ][gc,start       ] GC(493) Pause Young (Allocation Failure)
[32.755s][info ][gc,task        ] GC(493) Using 8 workers of 8 for evacuation
[32.756s][debug][gc,age         ] GC(493) Desired survivor size 1114112 bytes, new threshold 1 (max threshold 6)
[32.756s][trace][gc,age         ] GC(493) Age table with threshold 1 (max threshold 6)
[32.756s][trace][gc,age         ] GC(493) - age   1:    2002648 bytes,    2002648 total
[32.756s][info ][gc,heap        ] GC(493) ParNew: 19247K->1957K(19648K)
[32.756s][info ][gc,heap        ] GC(493) CMS: 41463K->41463K(43712K)
[32.757s][info ][gc,metaspace   ] GC(493) Metaspace: 15846K->15846K(1064960K)
[32.757s][info ][gc             ] GC(493) Pause Young (Allocation Failure) 59M->42M(61M) 1.618ms
[32.757s][info ][gc,cpu         ] GC(493) User=0.00s Sys=0.00s Real=0.00s
[32.758s][info ][gc,start       ] GC(494) Pause Young (Allocation Failure)
[32.758s][info ][gc,task        ] GC(494) Using 8 workers of 8 for evacuation
[32.760s][debug][gc,age         ] GC(494) Desired survivor size 1114112 bytes, new threshold 1 (max threshold 6)
[32.760s][trace][gc,age         ] GC(494) Age table with threshold 1 (max threshold 6)
[32.760s][trace][gc,age         ] GC(494) - age   1:    2001872 bytes,    2001872 total
[32.760s][info ][gc,heap        ] GC(494) ParNew: 19090K->1961K(19648K)
[32.760s][info ][gc,heap        ] GC(494) CMS: 41463K->42246K(43712K)
[32.760s][info ][gc,metaspace   ] GC(494) Metaspace: 15846K->15846K(1064960K)
[32.760s][info ][gc             ] GC(494) Pause Young (Allocation Failure) 59M->43M(61M) 1.861ms
[32.760s][info ][gc,cpu         ] GC(494) User=0.01s Sys=0.00s Real=0.00s
[32.762s][info ][gc,start       ] GC(495) Pause Young (Allocation Failure)
[32.762s][info ][gc,task        ] GC(495) Using 8 workers of 8 for evacuation
[32.764s][debug][gc,age         ] GC(495) Desired survivor size 1114112 bytes, new threshold 1 (max threshold 6)
[32.764s][trace][gc,age         ] GC(495) Age table with threshold 1 (max threshold 6)
[32.764s][trace][gc,age         ] GC(495) - age   1:    2001824 bytes,    2001824 total
[32.764s][info ][gc,heap        ] GC(495) ParNew: 19160K->1961K(19648K)
[32.764s][info ][gc,heap        ] GC(495) CMS: 42246K->42637K(43712K)
[32.764s][info ][gc,metaspace   ] GC(495) Metaspace: 15846K->15846K(1064960K)
[32.764s][info ][gc             ] GC(495) Pause Young (Allocation Failure) 59M->43M(61M) 1.778ms
[32.764s][info ][gc,cpu         ] GC(495) User=0.01s Sys=0.00s Real=0.00s
[32.765s][info ][gc,start       ] GC(496) Pause Young (Allocation Failure)
[32.766s][info ][gc,task        ] GC(496) Using 8 workers of 8 for evacuation
[32.767s][info ][gc,promotion   ] Promotion failed
[32.768s][info ][gc,start       ] GC(497) Pause Full (Allocation Failure)
[32.768s][info ][gc             ] GC(480) Concurrent Abortable Preclean 37.570ms
[32.768s][info ][gc,cpu         ] GC(480) User=0.18s Sys=0.01s Real=0.04s
[32.768s][info ][gc,phases,start] GC(497) Phase 1: Mark live objects
[32.772s][debug][gc,phases      ] GC(497) Reference Processing 0.066ms
[32.772s][debug][gc,phases      ] GC(497) Weak Processing 0.022ms
[32.772s][debug][gc,phases      ] GC(497) ClassLoaderData 0.037ms
[32.772s][debug][gc,phases      ] GC(497) ProtectionDomainCacheTable 0.002ms
[32.772s][debug][gc,phases      ] GC(497) ResolvedMethodTable 0.013ms
[32.773s][debug][gc,phases      ] GC(497) Class Unloading 1.130ms
[32.773s][debug][gc,phases      ] GC(497) Scrub String Table 0.125ms
[32.775s][debug][gc,phases      ] GC(497) Scrub Symbol Table 1.440ms
[32.775s][info ][gc,phases      ] GC(497) Phase 1: Mark live objects 6.659ms
[32.775s][info ][gc,phases,start] GC(497) Phase 2: Compute new object addresses
[32.776s][info ][gc,phases      ] GC(497) Phase 2: Compute new object addresses 1.560ms
[32.776s][info ][gc,phases,start] GC(497) Phase 3: Adjust pointers
[32.781s][info ][gc,phases      ] GC(497) Phase 3: Adjust pointers 4.561ms
[32.781s][info ][gc,phases,start] GC(497) Phase 4: Move objects
[32.781s][info ][gc,phases      ] GC(497) Phase 4: Move objects 0.358ms
[32.781s][info ][gc             ] GC(497) Pause Full (Allocation Failure) 60M->5M(61M) 13.854ms
[32.781s][info ][gc,heap        ] GC(496) ParNew: 19057K->0K(19648K)
[32.781s][info ][gc,heap        ] GC(496) CMS: 42637K->5863K(43712K)
[32.781s][info ][gc,metaspace   ] GC(496) Metaspace: 15846K->15846K(1064960K)
[32.782s][info ][gc             ] GC(496) Pause Young (Allocation Failure) 60M->5M(61M) 16.129ms
[32.782s][info ][gc,cpu         ] GC(496) User=0.03s Sys=0.00s Real=0.02s
[32.783s][info ][gc,start       ] GC(498) Pause Young (Allocation Failure)
[32.783s][info ][gc,task        ] GC(498) Using 8 workers of 8 for evacuation
[32.785s][debug][gc,age         ] GC(498) Desired survivor size 1114112 bytes, new threshold 1 (max threshold 6)
[32.785s][trace][gc,age         ] GC(498) Age table with threshold 1 (max threshold 6)
[32.785s][trace][gc,age         ] GC(498) - age   1:    2002472 bytes,    2002472 total
[32.785s][info ][gc,heap        ] GC(498) ParNew: 17236K->1957K(19648K)
[32.785s][info ][gc,heap        ] GC(498) CMS: 5863K->5863K(43712K)
[32.785s][info ][gc,metaspace   ] GC(498) Metaspace: 15846K->15846K(1064960K)
[32.785s][info ][gc             ] GC(498) Pause Young (Allocation Failure) 22M->7M(61M) 1.647ms
[32.785s][info ][gc,cpu         ] GC(498) User=0.01s Sys=0.00s Real=0.00s
[32.786s][info ][gc,start       ] GC(499) Pause Young (Allocation Failure)
[32.786s][info ][gc,task        ] GC(499) Using 8 workers of 8 for evacuation
[32.788s][debug][gc,age         ] GC(499) Desired survivor size 1114112 bytes, new threshold 1 (max threshold 6)
[32.788s][trace][gc,age         ] GC(499) Age table with threshold 1 (max threshold 6)
[32.788s][trace][gc,age         ] GC(499) - age   1:    1202160 bytes,    1202160 total
[32.788s][info ][gc,heap        ] GC(499) ParNew: 19156K->1175K(19648K)
[32.788s][info ][gc,heap        ] GC(499) CMS: 5863K->6258K(43712K)
[32.788s][info ][gc,metaspace   ] GC(499) Metaspace: 15846K->15846K(1064960K)
[32.788s][info ][gc             ] GC(499) Pause Young (Allocation Failure) 24M->7M(61M) 1.492ms
[32.788s][info ][gc,cpu         ] GC(499) User=0.00s Sys=0.00s Real=0.01s
[32.790s][info ][gc,start       ] GC(500) Pause Young (Allocation Failure)
[32.790s][info ][gc,task        ] GC(500) Using 8 workers of 8 for evacuation
[32.791s][debug][gc,age         ] GC(500) Desired survivor size 1114112 bytes, new threshold 1 (max threshold 6)
[32.791s][trace][gc,age         ] GC(500) Age table with threshold 1 (max threshold 6)
[32.791s][trace][gc,age         ] GC(500) - age   1:    1601912 bytes,    1601912 total
[32.791s][info ][gc,heap        ] GC(500) ParNew: 18636K->1566K(19648K)
[32.791s][info ][gc,heap        ] GC(500) CMS: 6258K->6259K(43712K)
[32.791s][info ][gc,metaspace   ] GC(500) Metaspace: 15846K->15846K(1064960K)
[32.791s][info ][gc             ] GC(500) Pause Young (Allocation Failure) 24M->7M(61M) 1.714ms
[32.791s][info ][gc,cpu         ] GC(500) User=0.01s Sys=0.00s Real=0.00s
[32.793s][info ][gc,start       ] GC(501) Pause Young (Allocation Failure)
[32.793s][info ][gc,task        ] GC(501) Using 8 workers of 8 for evacuation
[32.794s][debug][gc,age         ] GC(501) Desired survivor size 1114112 bytes, new threshold 1 (max threshold 6)
[32.794s][trace][gc,age         ] GC(501) Age table with threshold 1 (max threshold 6)
[32.794s][trace][gc,age         ] GC(501) - age   1:    1602328 bytes,    1602328 total
[32.794s][info ][gc,heap        ] GC(501) ParNew: 18705K->1570K(19648K)
[32.794s][info ][gc,heap        ] GC(501) CMS: 6259K->6261K(43712K)
[32.794s][info ][gc,metaspace   ] GC(501) Metaspace: 15846K->15846K(1064960K)
[32.794s][info ][gc             ] GC(501) Pause Young (Allocation Failure) 24M->7M(61M) 1.611ms
[32.794s][info ][gc,cpu         ] GC(501) User=0.01s Sys=0.00s Real=0.00s
[32.796s][info ][gc,start       ] GC(502) Pause Young (Allocation Failure)
[32.796s][info ][gc,task        ] GC(502) Using 8 workers of 8 for evacuation
[32.798s][debug][gc,age         ] GC(502) Desired survivor size 1114112 bytes, new threshold 1 (max threshold 6)
[32.798s][trace][gc,age         ] GC(502) Age table with threshold 1 (max threshold 6)
[32.798s][trace][gc,age         ] GC(502) - age   1:    2001632 bytes,    2001632 total
[32.798s][info ][gc,heap        ] GC(502) ParNew: 19017K->1961K(19648K)
[32.798s][info ][gc,heap        ] GC(502) CMS: 6261K->6264K(43712K)
[32.798s][info ][gc,metaspace   ] GC(502) Metaspace: 15846K->15846K(1064960K)
[32.798s][info ][gc             ] GC(502) Pause Young (Allocation Failure) 24M->8M(61M) 1.619ms
[32.798s][info ][gc,cpu         ] GC(502) User=0.00s Sys=0.00s Real=0.01s
[32.799s][info ][gc,start       ] GC(503) Pause Young (Allocation Failure)
[32.799s][info ][gc,task        ] GC(503) Using 8 workers of 8 for evacuation
[32.801s][debug][gc,age         ] GC(503) Desired survivor size 1114112 bytes, new threshold 1 (max threshold 6)
[32.801s][trace][gc,age         ] GC(503) Age table with threshold 1 (max threshold 6)
[32.801s][trace][gc,age         ] GC(503) - age   1:    2001888 bytes,    2001888 total
[32.801s][info ][gc,heap        ] GC(503) ParNew: 19096K->1959K(19648K)
[32.801s][info ][gc,heap        ] GC(503) CMS: 6264K->7046K(43712K)
[32.801s][info ][gc,metaspace   ] GC(503) Metaspace: 15846K->15846K(1064960K)
[32.801s][info ][gc             ] GC(503) Pause Young (Allocation Failure) 24M->8M(61M) 1.608ms
[32.801s][info ][gc,cpu         ] GC(503) User=0.01s Sys=0.00s Real=0.00s
[32.802s][info ][gc,start       ] GC(504) Pause Young (Allocation Failure)
[32.802s][info ][gc,task        ] GC(504) Using 8 workers of 8 for evacuation
[32.803s][debug][gc,age         ] GC(504) Desired survivor size 1114112 bytes, new threshold 1 (max threshold 6)
[32.803s][trace][gc,age         ] GC(504) Age table with threshold 1 (max threshold 6)
[32.803s][trace][gc,age         ] GC(504) - age   1:    2002184 bytes,    2002184 total
[32.803s][info ][gc,heap        ] GC(504) ParNew: 19137K->1959K(19648K)
[32.803s][info ][gc,heap        ] GC(504) CMS: 7046K->7827K(43712K)
[32.803s][info ][gc,metaspace   ] GC(504) Metaspace: 15846K->15846K(1064960K)
[32.803s][info ][gc             ] GC(504) Pause Young (Allocation Failure) 25M->9M(61M) 1.357ms
[32.803s][info ][gc,cpu         ] GC(504) User=0.00s Sys=0.00s Real=0.00s
[32.805s][info ][gc,start       ] GC(505) Pause Young (Allocation Failure)
[32.805s][info ][gc,task        ] GC(505) Using 8 workers of 8 for evacuation
[32.806s][debug][gc,age         ] GC(505) Desired survivor size 1114112 bytes, new threshold 1 (max threshold 6)
[32.806s][trace][gc,age         ] GC(505) Age table with threshold 1 (max threshold 6)
[32.806s][trace][gc,age         ] GC(505) - age   1:    1602296 bytes,    1602296 total
[32.806s][info ][gc,heap        ] GC(505) ParNew: 19182K->1574K(19648K)
[32.806s][info ][gc,heap        ] GC(505) CMS: 7827K->7827K(43712K)
[32.806s][info ][gc,metaspace   ] GC(505) Metaspace: 15846K->15846K(1064960K)
[32.806s][info ][gc             ] GC(505) Pause Young (Allocation Failure) 26M->9M(61M) 0.865ms
[32.806s][info ][gc,cpu         ] GC(505) User=0.00s Sys=0.00s Real=0.00s
[32.807s][info ][gc,start       ] GC(506) Pause Young (Allocation Failure)
[32.807s][info ][gc,task        ] GC(506) Using 8 workers of 8 for evacuation
[32.809s][debug][gc,age         ] GC(506) Desired survivor size 1114112 bytes, new threshold 1 (max threshold 6)
[32.809s][trace][gc,age         ] GC(506) Age table with threshold 1 (max threshold 6)
[32.809s][trace][gc,age         ] GC(506) - age   1:    2002136 bytes,    2002136 total
[32.809s][info ][gc,heap        ] GC(506) ParNew: 18773K->1963K(19648K)
[32.809s][info ][gc,heap        ] GC(506) CMS: 7827K->8220K(43712K)
[32.809s][info ][gc,metaspace   ] GC(506) Metaspace: 15846K->15846K(1064960K)
[32.809s][info ][gc             ] GC(506) Pause Young (Allocation Failure) 25M->9M(61M) 1.510ms
[32.809s][info ][gc,cpu         ] GC(506) User=0.01s Sys=0.00s Real=0.01s
[32.811s][info ][gc,start       ] GC(507) Pause Young (Allocation Failure)
[32.811s][info ][gc,task        ] GC(507) Using 8 workers of 8 for evacuation
[32.812s][debug][gc,age         ] GC(507) Desired survivor size 1114112 bytes, new threshold 1 (max threshold 6)
[32.813s][trace][gc,age         ] GC(507) Age table with threshold 1 (max threshold 6)
[32.813s][trace][gc,age         ] GC(507) - age   1:    1601552 bytes,    1601552 total
[32.813s][info ][gc,heap        ] GC(507) ParNew: 19360K->1572K(19648K)
[32.813s][info ][gc,heap        ] GC(507) CMS: 8220K->8612K(43712K)
[32.813s][info ][gc,metaspace   ] GC(507) Metaspace: 15846K->15846K(1064960K)
[32.813s][info ][gc             ] GC(507) Pause Young (Allocation Failure) 26M->9M(61M) 1.608ms
[32.813s][info ][gc,cpu         ] GC(507) User=0.01s Sys=0.00s Real=0.00s
[32.814s][info ][gc,start       ] GC(508) Pause Young (Allocation Failure)
[32.814s][info ][gc,task        ] GC(508) Using 8 workers of 8 for evacuation
[32.816s][debug][gc,age         ] GC(508) Desired survivor size 1114112 bytes, new threshold 1 (max threshold 6)
[32.816s][trace][gc,age         ] GC(508) Age table with threshold 1 (max threshold 6)
[32.816s][trace][gc,age         ] GC(508) - age   1:    2002128 bytes,    2002128 total
[32.816s][info ][gc,heap        ] GC(508) ParNew: 18734K->1963K(19648K)
[32.816s][info ][gc,heap        ] GC(508) CMS: 8612K->9394K(43712K)
[32.816s][info ][gc,metaspace   ] GC(508) Metaspace: 15846K->15846K(1064960K)
[32.816s][info ][gc             ] GC(508) Pause Young (Allocation Failure) 26M->11M(61M) 1.686ms
[32.816s][info ][gc,cpu         ] GC(508) User=0.00s Sys=0.00s Real=0.00s
[32.817s][info ][gc,start       ] GC(509) Pause Young (Allocation Failure)
[32.817s][info ][gc,task        ] GC(509) Using 8 workers of 8 for evacuation
[32.818s][debug][gc,age         ] GC(509) Desired survivor size 1114112 bytes, new threshold 1 (max threshold 6)
[32.818s][trace][gc,age         ] GC(509) Age table with threshold 1 (max threshold 6)
[32.818s][trace][gc,age         ] GC(509) - age   1:    1602048 bytes,    1602048 total
[32.818s][info ][gc,heap        ] GC(509) ParNew: 19178K->1574K(19648K)
[32.818s][info ][gc,heap        ] GC(509) CMS: 9394K->9396K(43712K)
[32.818s][info ][gc,metaspace   ] GC(509) Metaspace: 15846K->15846K(1064960K)
[32.818s][info ][gc             ] GC(509) Pause Young (Allocation Failure) 27M->10M(61M) 1.118ms
[32.818s][info ][gc,cpu         ] GC(509) User=0.01s Sys=0.00s Real=0.01s
[32.820s][info ][gc,start       ] GC(510) Pause Young (Allocation Failure)
[32.820s][info ][gc,task        ] GC(510) Using 8 workers of 8 for evacuation
[32.821s][debug][gc,age         ] GC(510) Desired survivor size 1114112 bytes, new threshold 1 (max threshold 6)
[32.821s][trace][gc,age         ] GC(510) Age table with threshold 1 (max threshold 6)
[32.821s][trace][gc,age         ] GC(510) - age   1:    1602128 bytes,    1602128 total
[32.821s][info ][gc,heap        ] GC(510) ParNew: 18701K->1566K(19648K)
[32.821s][info ][gc,heap        ] GC(510) CMS: 9396K->9788K(43712K)
[32.821s][info ][gc,metaspace   ] GC(510) Metaspace: 15846K->15846K(1064960K)
[32.821s][info ][gc             ] GC(510) Pause Young (Allocation Failure) 27M->11M(61M) 1.575ms
[32.821s][info ][gc,cpu         ] GC(510) User=0.01s Sys=0.00s Real=0.00s
[32.823s][info ][gc,start       ] GC(511) Pause Young (Allocation Failure)
[32.823s][info ][gc,task        ] GC(511) Using 8 workers of 8 for evacuation
[32.825s][debug][gc,age         ] GC(511) Desired survivor size 1114112 bytes, new threshold 1 (max threshold 6)
[32.825s][trace][gc,age         ] GC(511) Age table with threshold 1 (max threshold 6)
[32.825s][trace][gc,age         ] GC(511) - age   1:    2002192 bytes,    2002192 total
[32.825s][info ][gc,heap        ] GC(511) ParNew: 18711K->1957K(19648K)
[32.825s][info ][gc,heap        ] GC(511) CMS: 9788K->10569K(43712K)
[32.825s][info ][gc,metaspace   ] GC(511) Metaspace: 15846K->15846K(1064960K)
[32.825s][info ][gc             ] GC(511) Pause Young (Allocation Failure) 27M->12M(61M) 1.765ms
[32.825s][info ][gc,cpu         ] GC(511) User=0.01s Sys=0.00s Real=0.00s
[32.827s][info ][gc,start       ] GC(512) Pause Young (Allocation Failure)
[32.827s][info ][gc,task        ] GC(512) Using 8 workers of 8 for evacuation
[32.828s][debug][gc,age         ] GC(512) Desired survivor size 1114112 bytes, new threshold 1 (max threshold 6)
[32.828s][trace][gc,age         ] GC(512) Age table with threshold 1 (max threshold 6)
[32.828s][trace][gc,age         ] GC(512) - age   1:    1201856 bytes,    1201856 total
[32.828s][info ][gc,heap        ] GC(512) ParNew: 19067K->1182K(19648K)
[32.828s][info ][gc,heap        ] GC(512) CMS: 10569K->11351K(43712K)
[32.828s][info ][gc,metaspace   ] GC(512) Metaspace: 15846K->15846K(1064960K)
[32.828s][info ][gc             ] GC(512) Pause Young (Allocation Failure) 28M->12M(61M) 1.326ms
[32.828s][info ][gc,cpu         ] GC(512) User=0.00s Sys=0.00s Real=0.01s
[32.830s][info ][gc,start       ] GC(513) Pause Young (Allocation Failure)
[32.830s][info ][gc,task        ] GC(513) Using 8 workers of 8 for evacuation
[32.831s][debug][gc,age         ] GC(513) Desired survivor size 1114112 bytes, new threshold 1 (max threshold 6)
[32.831s][trace][gc,age         ] GC(513) Age table with threshold 1 (max threshold 6)
[32.831s][trace][gc,age         ] GC(513) - age   1:    1602056 bytes,    1602056 total
[32.831s][info ][gc,heap        ] GC(513) ParNew: 18342K->1570K(19648K)
[32.831s][info ][gc,heap        ] GC(513) CMS: 11351K->11352K(43712K)
[32.831s][info ][gc,metaspace   ] GC(513) Metaspace: 15846K->15846K(1064960K)
[32.831s][info ][gc             ] GC(513) Pause Young (Allocation Failure) 28M->12M(61M) 1.288ms
[32.831s][info ][gc,cpu         ] GC(513) User=0.01s Sys=0.00s Real=0.00s
[32.832s][info ][gc,start       ] GC(514) Pause Young (Allocation Failure)
[32.832s][info ][gc,task        ] GC(514) Using 8 workers of 8 for evacuation
[32.834s][debug][gc,age         ] GC(514) Desired survivor size 1114112 bytes, new threshold 1 (max threshold 6)
[32.834s][trace][gc,age         ] GC(514) Age table with threshold 1 (max threshold 6)
[32.834s][trace][gc,age         ] GC(514) - age   1:    2002408 bytes,    2002408 total
[32.834s][info ][gc,heap        ] GC(514) ParNew: 18718K->1959K(19648K)
[32.834s][info ][gc,heap        ] GC(514) CMS: 11352K->12133K(43712K)
[32.834s][info ][gc,metaspace   ] GC(514) Metaspace: 15846K->15846K(1064960K)
[32.834s][info ][gc             ] GC(514) Pause Young (Allocation Failure) 29M->13M(61M) 1.579ms
[32.834s][info ][gc,cpu         ] GC(514) User=0.00s Sys=0.00s Real=0.00s
[32.835s][info ][gc,start       ] GC(515) Pause Young (Allocation Failure)
[32.835s][info ][gc,task        ] GC(515) Using 8 workers of 8 for evacuation
[32.837s][debug][gc,age         ] GC(515) Desired survivor size 1114112 bytes, new threshold 1 (max threshold 6)
[32.837s][trace][gc,age         ] GC(515) Age table with threshold 1 (max threshold 6)
[32.837s][trace][gc,age         ] GC(515) - age   1:    1201840 bytes,    1201840 total
[32.837s][info ][gc,heap        ] GC(515) ParNew: 19063K->1179K(19648K)
[32.837s][info ][gc,heap        ] GC(515) CMS: 12133K->12525K(43712K)
[32.837s][info ][gc,metaspace   ] GC(515) Metaspace: 15846K->15846K(1064960K)
[32.837s][info ][gc             ] GC(515) Pause Young (Allocation Failure) 30M->13M(61M) 1.329ms
[32.837s][info ][gc,cpu         ] GC(515) User=0.01s Sys=0.00s Real=0.00s
[32.838s][info ][gc,start       ] GC(516) Pause Young (Allocation Failure)
[32.839s][info ][gc,task        ] GC(516) Using 8 workers of 8 for evacuation
[32.840s][debug][gc,age         ] GC(516) Desired survivor size 1114112 bytes, new threshold 1 (max threshold 6)
[32.840s][trace][gc,age         ] GC(516) Age table with threshold 1 (max threshold 6)
[32.840s][trace][gc,age         ] GC(516) - age   1:    1601904 bytes,    1601904 total
[32.840s][info ][gc,heap        ] GC(516) ParNew: 18328K->1566K(19648K)
[32.840s][info ][gc,heap        ] GC(516) CMS: 12525K->12525K(43712K)
[32.841s][info ][gc,metaspace   ] GC(516) Metaspace: 15846K->15846K(1064960K)
[32.841s][info ][gc             ] GC(516) Pause Young (Allocation Failure) 30M->13M(61M) 2.085ms
[32.841s][info ][gc,cpu         ] GC(516) User=0.00s Sys=0.00s Real=0.00s
[32.842s][info ][gc,start       ] GC(517) Pause Young (Allocation Failure)
[32.842s][info ][gc,task        ] GC(517) Using 8 workers of 8 for evacuation
[32.844s][debug][gc,age         ] GC(517) Desired survivor size 1114112 bytes, new threshold 1 (max threshold 6)
[32.844s][trace][gc,age         ] GC(517) Age table with threshold 1 (max threshold 6)
[32.844s][trace][gc,age         ] GC(517) - age   1:    2002624 bytes,    2002624 total
[32.844s][info ][gc,heap        ] GC(517) ParNew: 18778K->1957K(19648K)
[32.844s][info ][gc,heap        ] GC(517) CMS: 12525K->13698K(43712K)
[32.844s][info ][gc,metaspace   ] GC(517) Metaspace: 15846K->15846K(1064960K)
[32.844s][info ][gc             ] GC(517) Pause Young (Allocation Failure) 30M->15M(61M) 1.682ms
[32.844s][info ][gc,cpu         ] GC(517) User=0.01s Sys=0.00s Real=0.00s
[32.845s][info ][gc,start       ] GC(518) Pause Young (Allocation Failure)
[32.845s][info ][gc,task        ] GC(518) Using 8 workers of 8 for evacuation
[32.847s][debug][gc,age         ] GC(518) Desired survivor size 1114112 bytes, new threshold 1 (max threshold 6)
[32.847s][trace][gc,age         ] GC(518) Age table with threshold 1 (max threshold 6)
[32.847s][trace][gc,age         ] GC(518) - age   1:    1602296 bytes,    1602296 total
[32.847s][info ][gc,heap        ] GC(518) ParNew: 19140K->1566K(19648K)
[32.847s][info ][gc,heap        ] GC(518) CMS: 13698K->13698K(43712K)
[32.847s][info ][gc,metaspace   ] GC(518) Metaspace: 15846K->15846K(1064960K)
[32.847s][info ][gc             ] GC(518) Pause Young (Allocation Failure) 32M->14M(61M) 1.592ms
[32.847s][info ][gc,cpu         ] GC(518) User=0.01s Sys=0.00s Real=0.00s
[32.848s][info ][gc,start       ] GC(519) Pause Young (Allocation Failure)
[32.849s][info ][gc,task        ] GC(519) Using 8 workers of 8 for evacuation
[32.850s][debug][gc,age         ] GC(519) Desired survivor size 1114112 bytes, new threshold 1 (max threshold 6)
[32.850s][trace][gc,age         ] GC(519) Age table with threshold 1 (max threshold 6)
[32.850s][trace][gc,age         ] GC(519) - age   1:    2001632 bytes,    2001632 total
[32.850s][info ][gc,heap        ] GC(519) ParNew: 19038K->1955K(19648K)
[32.850s][info ][gc,heap        ] GC(519) CMS: 13698K->14480K(43712K)
[32.850s][info ][gc,metaspace   ] GC(519) Metaspace: 15846K->15846K(1064960K)
[32.850s][info ][gc             ] GC(519) Pause Young (Allocation Failure) 31M->16M(61M) 1.934ms
[32.850s][info ][gc,cpu         ] GC(519) User=0.00s Sys=0.00s Real=0.00s
[32.852s][info ][gc,start       ] GC(520) Pause Young (Allocation Failure)
[32.853s][info ][gc,task        ] GC(520) Using 8 workers of 8 for evacuation
[32.854s][debug][gc,age         ] GC(520) Desired survivor size 1114112 bytes, new threshold 1 (max threshold 6)
[32.854s][trace][gc,age         ] GC(520) Age table with threshold 1 (max threshold 6)
[32.854s][trace][gc,age         ] GC(520) - age   1:    1601760 bytes,    1601760 total
[32.854s][info ][gc,heap        ] GC(520) ParNew: 19402K->1572K(19648K)
[32.854s][info ][gc,heap        ] GC(520) CMS: 14480K->14871K(43712K)
[32.854s][info ][gc,metaspace   ] GC(520) Metaspace: 15846K->15846K(1064960K)
[32.854s][info ][gc             ] GC(520) Pause Young (Allocation Failure) 33M->16M(61M) 1.393ms
[32.854s][info ][gc,cpu         ] GC(520) User=0.01s Sys=0.00s Real=0.00s
[32.855s][info ][gc,start       ] GC(521) Pause Young (Allocation Failure)
[32.855s][info ][gc,task        ] GC(521) Using 8 workers of 8 for evacuation
[32.857s][debug][gc,age         ] GC(521) Desired survivor size 1114112 bytes, new threshold 1 (max threshold 6)
[32.857s][trace][gc,age         ] GC(521) Age table with threshold 1 (max threshold 6)
[32.857s][trace][gc,age         ] GC(521) - age   1:    2002304 bytes,    2002304 total
[32.857s][info ][gc,heap        ] GC(521) ParNew: 18735K->1961K(19648K)
[32.857s][info ][gc,heap        ] GC(521) CMS: 14871K->15262K(43712K)
[32.857s][info ][gc,metaspace   ] GC(521) Metaspace: 15846K->15846K(1064960K)
[32.857s][info ][gc             ] GC(521) Pause Young (Allocation Failure) 32M->16M(61M) 1.418ms
[32.857s][info ][gc,cpu         ] GC(521) User=0.01s Sys=0.00s Real=0.00s
[32.858s][info ][gc,start       ] GC(522) Pause Young (Allocation Failure)
[32.858s][info ][gc,task        ] GC(522) Using 8 workers of 8 for evacuation
[32.860s][debug][gc,age         ] GC(522) Desired survivor size 1114112 bytes, new threshold 6 (max threshold 6)
[32.860s][trace][gc,age         ] GC(522) Age table with threshold 6 (max threshold 6)
[32.860s][trace][gc,age         ] GC(522) - age   1:     801776 bytes,     801776 total
[32.860s][info ][gc,heap        ] GC(522) ParNew: 19139K->785K(19648K)
[32.860s][info ][gc,heap        ] GC(522) CMS: 15262K->15262K(43712K)
[32.860s][info ][gc,metaspace   ] GC(522) Metaspace: 15846K->15846K(1064960K)
[32.860s][info ][gc             ] GC(522) Pause Young (Allocation Failure) 33M->15M(61M) 1.899ms
[32.860s][info ][gc,cpu         ] GC(522) User=0.00s Sys=0.00s Real=0.00s
[32.862s][info ][gc,start       ] GC(523) Pause Young (Allocation Failure)
[32.862s][info ][gc,task        ] GC(523) Using 8 workers of 8 for evacuation
[32.863s][debug][gc,age         ] GC(523) Desired survivor size 1114112 bytes, new threshold 1 (max threshold 6)
[32.863s][trace][gc,age         ] GC(523) Age table with threshold 1 (max threshold 6)
[32.863s][trace][gc,age         ] GC(523) - age   1:    1602120 bytes,    1602120 total
[32.863s][trace][gc,age         ] GC(523) - age   2:        312 bytes,    1602432 total
[32.863s][info ][gc,heap        ] GC(523) ParNew: 17920K->1572K(19648K)
[32.863s][info ][gc,heap        ] GC(523) CMS: 15262K->15262K(43712K)
[32.863s][info ][gc,metaspace   ] GC(523) Metaspace: 15846K->15846K(1064960K)
[32.863s][info ][gc             ] GC(523) Pause Young (Allocation Failure) 32M->16M(61M) 1.469ms
[32.863s][info ][gc,cpu         ] GC(523) User=0.01s Sys=0.00s Real=0.00s
[32.865s][info ][gc,start       ] GC(524) Pause Young (Allocation Failure)
[32.865s][info ][gc,task        ] GC(524) Using 8 workers of 8 for evacuation
[32.866s][debug][gc,age         ] GC(524) Desired survivor size 1114112 bytes, new threshold 1 (max threshold 6)
[32.866s][trace][gc,age         ] GC(524) Age table with threshold 1 (max threshold 6)
[32.866s][trace][gc,age         ] GC(524) - age   1:    2002336 bytes,    2002336 total
[32.866s][info ][gc,heap        ] GC(524) ParNew: 18712K->1957K(19648K)
[32.866s][info ][gc,heap        ] GC(524) CMS: 15262K->15654K(43712K)
[32.866s][info ][gc,metaspace   ] GC(524) Metaspace: 15846K->15846K(1064960K)
[32.866s][info ][gc             ] GC(524) Pause Young (Allocation Failure) 33M->17M(61M) 1.746ms
[32.866s][info ][gc,cpu         ] GC(524) User=0.01s Sys=0.00s Real=0.00s
[32.868s][info ][gc,start       ] GC(525) Pause Young (Allocation Failure)
[32.868s][info ][gc,task        ] GC(525) Using 8 workers of 8 for evacuation
[32.869s][debug][gc,age         ] GC(525) Desired survivor size 1114112 bytes, new threshold 1 (max threshold 6)
[32.869s][trace][gc,age         ] GC(525) Age table with threshold 1 (max threshold 6)
[32.869s][trace][gc,age         ] GC(525) - age   1:    2002192 bytes,    2002192 total
[32.869s][info ][gc,heap        ] GC(525) ParNew: 19107K->1959K(19648K)
[32.869s][info ][gc,heap        ] GC(525) CMS: 15654K->16435K(43712K)
[32.869s][info ][gc,metaspace   ] GC(525) Metaspace: 15846K->15846K(1064960K)
[32.869s][info ][gc             ] GC(525) Pause Young (Allocation Failure) 33M->17M(61M) 1.626ms
[32.869s][info ][gc,cpu         ] GC(525) User=0.00s Sys=0.00s Real=0.00s
[32.871s][info ][gc,start       ] GC(526) Pause Young (Allocation Failure)
[32.871s][info ][gc,task        ] GC(526) Using 8 workers of 8 for evacuation
[32.873s][debug][gc,age         ] GC(526) Desired survivor size 1114112 bytes, new threshold 1 (max threshold 6)
[32.873s][trace][gc,age         ] GC(526) Age table with threshold 1 (max threshold 6)
[32.873s][trace][gc,age         ] GC(526) - age   1:    2002008 bytes,    2002008 total
[32.873s][info ][gc,heap        ] GC(526) ParNew: 19044K->1957K(19648K)
[32.873s][info ][gc,heap        ] GC(526) CMS: 16435K->16827K(43712K)
[32.873s][info ][gc,metaspace   ] GC(526) Metaspace: 15846K->15846K(1064960K)
[32.873s][info ][gc             ] GC(526) Pause Young (Allocation Failure) 34M->18M(61M) 1.839ms
[32.873s][info ][gc,cpu         ] GC(526) User=0.01s Sys=0.00s Real=0.00s
[32.874s][info ][gc,start       ] GC(527) Pause Young (Allocation Failure)
[32.874s][info ][gc,task        ] GC(527) Using 8 workers of 8 for evacuation
[32.876s][debug][gc,age         ] GC(527) Desired survivor size 1114112 bytes, new threshold 1 (max threshold 6)
[32.876s][trace][gc,age         ] GC(527) Age table with threshold 1 (max threshold 6)
[32.876s][trace][gc,age         ] GC(527) - age   1:    2002736 bytes,    2002736 total
[32.876s][info ][gc,heap        ] GC(527) ParNew: 19179K->1957K(19648K)
[32.876s][info ][gc,heap        ] GC(527) CMS: 16827K->17217K(43712K)
[32.876s][info ][gc,metaspace   ] GC(527) Metaspace: 15846K->15846K(1064960K)
[32.876s][info ][gc             ] GC(527) Pause Young (Allocation Failure) 35M->18M(61M) 1.623ms
[32.876s][info ][gc,cpu         ] GC(527) User=0.00s Sys=0.00s Real=0.00s
[32.878s][info ][gc,start       ] GC(528) Pause Young (Allocation Failure)
[32.878s][info ][gc,task        ] GC(528) Using 8 workers of 8 for evacuation
[32.879s][debug][gc,age         ] GC(528) Desired survivor size 1114112 bytes, new threshold 6 (max threshold 6)
[32.879s][trace][gc,age         ] GC(528) Age table with threshold 6 (max threshold 6)
[32.879s][trace][gc,age         ] GC(528) - age   1:     801944 bytes,     801944 total
[32.879s][info ][gc,heap        ] GC(528) ParNew: 19146K->789K(19648K)
[32.879s][info ][gc,heap        ] GC(528) CMS: 17217K->17608K(43712K)
[32.879s][info ][gc,metaspace   ] GC(528) Metaspace: 15846K->15846K(1064960K)
[32.879s][info ][gc             ] GC(528) Pause Young (Allocation Failure) 35M->17M(61M) 1.824ms
[32.879s][info ][gc,cpu         ] GC(528) User=0.01s Sys=0.00s Real=0.01s
[32.881s][info ][gc,start       ] GC(529) Pause Young (Allocation Failure)
[32.881s][info ][gc,task        ] GC(529) Using 8 workers of 8 for evacuation
[32.882s][debug][gc,age         ] GC(529) Desired survivor size 1114112 bytes, new threshold 1 (max threshold 6)
[32.883s][trace][gc,age         ] GC(529) Age table with threshold 1 (max threshold 6)
[32.883s][trace][gc,age         ] GC(529) - age   1:    1201784 bytes,    1201784 total
[32.883s][trace][gc,age         ] GC(529) - age   2:        496 bytes,    1202280 total
[32.883s][info ][gc,heap        ] GC(529) ParNew: 17871K->1175K(19648K)
[32.883s][info ][gc,heap        ] GC(529) CMS: 17608K->17608K(43712K)
[32.883s][info ][gc,metaspace   ] GC(529) Metaspace: 15846K->15846K(1064960K)
[32.883s][info ][gc             ] GC(529) Pause Young (Allocation Failure) 34M->18M(61M) 1.589ms
[32.883s][info ][gc,cpu         ] GC(529) User=0.01s Sys=0.00s Real=0.00s
[32.884s][info ][gc,start       ] GC(530) Pause Young (Allocation Failure)
[32.884s][info ][gc,task        ] GC(530) Using 8 workers of 8 for evacuation
[32.886s][debug][gc,age         ] GC(530) Desired survivor size 1114112 bytes, new threshold 1 (max threshold 6)
[32.886s][trace][gc,age         ] GC(530) Age table with threshold 1 (max threshold 6)
[32.886s][trace][gc,age         ] GC(530) - age   1:    1601768 bytes,    1601768 total
[32.886s][info ][gc,heap        ] GC(530) ParNew: 18602K->1570K(19648K)
[32.886s][info ][gc,heap        ] GC(530) CMS: 17608K->17609K(43712K)
[32.886s][info ][gc,metaspace   ] GC(530) Metaspace: 15846K->15846K(1064960K)
[32.886s][info ][gc             ] GC(530) Pause Young (Allocation Failure) 35M->18M(61M) 1.592ms
[32.886s][info ][gc,cpu         ] GC(530) User=0.00s Sys=0.00s Real=0.00s
[32.888s][info ][gc,start       ] GC(531) Pause Young (Allocation Failure)
[32.888s][info ][gc,task        ] GC(531) Using 8 workers of 8 for evacuation
[32.890s][debug][gc,age         ] GC(531) Desired survivor size 1114112 bytes, new threshold 6 (max threshold 6)
[32.890s][trace][gc,age         ] GC(531) Age table with threshold 6 (max threshold 6)
[32.890s][trace][gc,age         ] GC(531) - age   1:     801216 bytes,     801216 total
[32.890s][info ][gc,heap        ] GC(531) ParNew: 18979K->785K(19648K)
[32.890s][info ][gc,heap        ] GC(531) CMS: 17609K->18391K(43712K)
[32.890s][info ][gc,metaspace   ] GC(531) Metaspace: 15846K->15846K(1064960K)
[32.890s][info ][gc             ] GC(531) Pause Young (Allocation Failure) 35M->18M(61M) 2.001ms
[32.890s][info ][gc,cpu         ] GC(531) User=0.01s Sys=0.00s Real=0.00s
[32.892s][info ][gc,start       ] GC(532) Pause Young (Allocation Failure)
[32.892s][info ][gc,task        ] GC(532) Using 8 workers of 8 for evacuation
[32.894s][debug][gc,age         ] GC(532) Desired survivor size 1114112 bytes, new threshold 1 (max threshold 6)
[32.894s][trace][gc,age         ] GC(532) Age table with threshold 1 (max threshold 6)
[32.894s][trace][gc,age         ] GC(532) - age   1:    2001440 bytes,    2001440 total
[32.894s][trace][gc,age         ] GC(532) - age   2:        312 bytes,    2001752 total
[32.894s][info ][gc,heap        ] GC(532) ParNew: 17946K->1961K(19648K)
[32.894s][info ][gc,heap        ] GC(532) CMS: 18391K->18782K(43712K)
[32.894s][info ][gc,metaspace   ] GC(532) Metaspace: 15846K->15846K(1064960K)
[32.894s][info ][gc             ] GC(532) Pause Young (Allocation Failure) 35M->20M(61M) 1.555ms
[32.894s][info ][gc,cpu         ] GC(532) User=0.01s Sys=0.00s Real=0.00s
[32.895s][info ][gc,start       ] GC(533) Pause Young (Allocation Failure)
[32.896s][info ][gc,task        ] GC(533) Using 8 workers of 8 for evacuation
[32.897s][debug][gc,age         ] GC(533) Desired survivor size 1114112 bytes, new threshold 1 (max threshold 6)
[32.897s][trace][gc,age         ] GC(533) Age table with threshold 1 (max threshold 6)
[32.897s][trace][gc,age         ] GC(533) - age   1:    1601768 bytes,    1601768 total
[32.897s][info ][gc,heap        ] GC(533) ParNew: 19433K->1570K(19648K)
[32.897s][info ][gc,heap        ] GC(533) CMS: 18782K->19564K(43712K)
[32.897s][info ][gc,metaspace   ] GC(533) Metaspace: 15846K->15846K(1064960K)
[32.897s][info ][gc             ] GC(533) Pause Young (Allocation Failure) 37M->20M(61M) 1.653ms
[32.897s][info ][gc,cpu         ] GC(533) User=0.00s Sys=0.00s Real=0.00s
[32.899s][info ][gc,start       ] GC(534) Pause Young (Allocation Failure)
[32.899s][info ][gc,task        ] GC(534) Using 8 workers of 8 for evacuation
[32.900s][debug][gc,age         ] GC(534) Desired survivor size 1114112 bytes, new threshold 1 (max threshold 6)
[32.900s][trace][gc,age         ] GC(534) Age table with threshold 1 (max threshold 6)
[32.900s][trace][gc,age         ] GC(534) - age   1:    1602168 bytes,    1602168 total
[32.900s][info ][gc,heap        ] GC(534) ParNew: 18717K->1570K(19648K)
[32.900s][info ][gc,heap        ] GC(534) CMS: 19564K->19955K(43712K)
[32.900s][info ][gc,metaspace   ] GC(534) Metaspace: 15846K->15846K(1064960K)
[32.900s][info ][gc             ] GC(534) Pause Young (Allocation Failure) 37M->21M(61M) 1.309ms
[32.900s][info ][gc,cpu         ] GC(534) User=0.01s Sys=0.00s Real=0.00s
[32.902s][info ][gc,start       ] GC(535) Pause Young (Allocation Failure)
[32.902s][info ][gc,task        ] GC(535) Using 8 workers of 8 for evacuation
[32.903s][debug][gc,age         ] GC(535) Desired survivor size 1114112 bytes, new threshold 1 (max threshold 6)
[32.903s][trace][gc,age         ] GC(535) Age table with threshold 1 (max threshold 6)
[32.903s][trace][gc,age         ] GC(535) - age   1:    2001368 bytes,    2001368 total
[32.903s][info ][gc,heap        ] GC(535) ParNew: 19042K->1963K(19648K)
[32.903s][info ][gc,heap        ] GC(535) CMS: 19955K->20347K(43712K)
[32.903s][info ][gc,metaspace   ] GC(535) Metaspace: 15846K->15846K(1064960K)
[32.903s][info ][gc             ] GC(535) Pause Young (Allocation Failure) 38M->21M(61M) 1.642ms
[32.903s][info ][gc,cpu         ] GC(535) User=0.00s Sys=0.00s Real=0.00s
[32.905s][info ][gc,start       ] GC(536) Pause Young (Allocation Failure)
[32.905s][info ][gc,task        ] GC(536) Using 8 workers of 8 for evacuation
[32.906s][debug][gc,age         ] GC(536) Desired survivor size 1114112 bytes, new threshold 1 (max threshold 6)
[32.906s][trace][gc,age         ] GC(536) Age table with threshold 1 (max threshold 6)
[32.906s][trace][gc,age         ] GC(536) - age   1:    2001952 bytes,    2001952 total
[32.906s][info ][gc,heap        ] GC(536) ParNew: 19164K->1961K(19648K)
[32.906s][info ][gc,heap        ] GC(536) CMS: 20347K->21129K(43712K)
[32.906s][info ][gc,metaspace   ] GC(536) Metaspace: 15846K->15846K(1064960K)
[32.906s][info ][gc             ] GC(536) Pause Young (Allocation Failure) 38M->22M(61M) 1.690ms
[32.906s][info ][gc,cpu         ] GC(536) User=0.01s Sys=0.00s Real=0.00s
[32.908s][info ][gc,start       ] GC(537) Pause Young (Allocation Failure)
[32.908s][info ][gc,task        ] GC(537) Using 8 workers of 8 for evacuation
[32.909s][debug][gc,age         ] GC(537) Desired survivor size 1114112 bytes, new threshold 1 (max threshold 6)
[32.909s][trace][gc,age         ] GC(537) Age table with threshold 1 (max threshold 6)
[32.909s][trace][gc,age         ] GC(537) - age   1:    1202088 bytes,    1202088 total
[32.909s][info ][gc,heap        ] GC(537) ParNew: 19169K->1177K(19648K)
[32.909s][info ][gc,heap        ] GC(537) CMS: 21129K->21520K(43712K)
[32.909s][info ][gc,metaspace   ] GC(537) Metaspace: 15846K->15846K(1064960K)
[32.909s][info ][gc             ] GC(537) Pause Young (Allocation Failure) 39M->22M(61M) 1.597ms
[32.909s][info ][gc,cpu         ] GC(537) User=0.01s Sys=0.00s Real=0.00s
[32.911s][info ][gc,start       ] GC(538) Pause Young (Allocation Failure)
[32.911s][info ][gc,task        ] GC(538) Using 8 workers of 8 for evacuation
[32.912s][debug][gc,age         ] GC(538) Desired survivor size 1114112 bytes, new threshold 1 (max threshold 6)
[32.912s][trace][gc,age         ] GC(538) Age table with threshold 1 (max threshold 6)
[32.912s][trace][gc,age         ] GC(538) - age   1:    2001936 bytes,    2001936 total
[32.912s][info ][gc,heap        ] GC(538) ParNew: 18345K->1959K(19648K)
[32.912s][info ][gc,heap        ] GC(538) CMS: 21520K->21911K(43712K)
[32.912s][info ][gc,metaspace   ] GC(538) Metaspace: 15846K->15846K(1064960K)
[32.912s][info ][gc             ] GC(538) Pause Young (Allocation Failure) 38M->23M(61M) 1.453ms
[32.912s][info ][gc,cpu         ] GC(538) User=0.00s Sys=0.00s Real=0.00s
[32.914s][info ][gc,start       ] GC(539) Pause Young (Allocation Failure)
[32.914s][info ][gc,task        ] GC(539) Using 8 workers of 8 for evacuation
[32.916s][debug][gc,age         ] GC(539) Desired survivor size 1114112 bytes, new threshold 1 (max threshold 6)
[32.916s][trace][gc,age         ] GC(539) Age table with threshold 1 (max threshold 6)
[32.916s][trace][gc,age         ] GC(539) - age   1:    2001960 bytes,    2001960 total
[32.916s][info ][gc,heap        ] GC(539) ParNew: 19183K->1957K(19648K)
[32.916s][info ][gc,heap        ] GC(539) CMS: 21911K->22302K(43712K)
[32.916s][info ][gc,metaspace   ] GC(539) Metaspace: 15846K->15846K(1064960K)
[32.916s][info ][gc             ] GC(539) Pause Young (Allocation Failure) 40M->23M(61M) 2.151ms
[32.916s][info ][gc,cpu         ] GC(539) User=0.01s Sys=0.00s Real=0.00s
[32.917s][info ][gc,start       ] GC(540) Pause Young (Allocation Failure)
[32.918s][info ][gc,task        ] GC(540) Using 8 workers of 8 for evacuation
[32.919s][debug][gc,age         ] GC(540) Desired survivor size 1114112 bytes, new threshold 1 (max threshold 6)
[32.919s][trace][gc,age         ] GC(540) Age table with threshold 1 (max threshold 6)
[32.919s][trace][gc,age         ] GC(540) - age   1:    2001824 bytes,    2001824 total
[32.919s][info ][gc,heap        ] GC(540) ParNew: 19110K->1961K(19648K)
[32.919s][info ][gc,heap        ] GC(540) CMS: 22302K->23084K(43712K)
[32.919s][info ][gc,metaspace   ] GC(540) Metaspace: 15846K->15846K(1064960K)
[32.919s][info ][gc             ] GC(540) Pause Young (Allocation Failure) 40M->24M(61M) 1.799ms
[32.919s][info ][gc,cpu         ] GC(540) User=0.01s Sys=0.00s Real=0.01s
[32.921s][info ][gc,start       ] GC(541) Pause Young (Allocation Failure)
[32.921s][info ][gc,task        ] GC(541) Using 8 workers of 8 for evacuation
[32.923s][debug][gc,age         ] GC(541) Desired survivor size 1114112 bytes, new threshold 1 (max threshold 6)
[32.923s][trace][gc,age         ] GC(541) Age table with threshold 1 (max threshold 6)
[32.923s][trace][gc,age         ] GC(541) - age   1:    2002112 bytes,    2002112 total
[32.923s][info ][gc,heap        ] GC(541) ParNew: 19429K->1957K(19648K)
[32.923s][info ][gc,heap        ] GC(541) CMS: 23084K->23865K(43712K)
[32.923s][info ][gc,metaspace   ] GC(541) Metaspace: 15846K->15846K(1064960K)
[32.923s][info ][gc             ] GC(541) Pause Young (Allocation Failure) 41M->25M(61M) 1.951ms
[32.923s][info ][gc,cpu         ] GC(541) User=0.01s Sys=0.00s Real=0.00s
[32.924s][info ][gc,start       ] GC(542) Pause Young (Allocation Failure)
[32.924s][info ][gc,task        ] GC(542) Using 8 workers of 8 for evacuation
[32.926s][debug][gc,age         ] GC(542) Desired survivor size 1114112 bytes, new threshold 1 (max threshold 6)
[32.926s][trace][gc,age         ] GC(542) Age table with threshold 1 (max threshold 6)
[32.926s][trace][gc,age         ] GC(542) - age   1:    2002192 bytes,    2002192 total
[32.926s][info ][gc,heap        ] GC(542) ParNew: 19106K->1961K(19648K)
[32.926s][info ][gc,heap        ] GC(542) CMS: 23865K->24647K(43712K)
[32.926s][info ][gc,metaspace   ] GC(542) Metaspace: 15846K->15846K(1064960K)
[32.926s][info ][gc             ] GC(542) Pause Young (Allocation Failure) 41M->25M(61M) 1.889ms
[32.926s][info ][gc,cpu         ] GC(542) User=0.01s Sys=0.00s Real=0.00s
[32.928s][info ][gc,start       ] GC(543) Pause Young (Allocation Failure)
[32.928s][info ][gc,task        ] GC(543) Using 8 workers of 8 for evacuation
[32.930s][debug][gc,age         ] GC(543) Desired survivor size 1114112 bytes, new threshold 1 (max threshold 6)
[32.930s][trace][gc,age         ] GC(543) Age table with threshold 1 (max threshold 6)
[32.930s][trace][gc,age         ] GC(543) - age   1:    1201536 bytes,    1201536 total
[32.930s][info ][gc,heap        ] GC(543) ParNew: 19433K->1179K(19648K)
[32.930s][info ][gc,heap        ] GC(543) CMS: 24647K->25430K(43712K)
[32.930s][info ][gc,metaspace   ] GC(543) Metaspace: 15846K->15846K(1064960K)
[32.930s][info ][gc             ] GC(543) Pause Young (Allocation Failure) 43M->25M(61M) 1.721ms
[32.930s][info ][gc,cpu         ] GC(543) User=0.00s Sys=0.00s Real=0.00s
[32.931s][info ][gc,start       ] GC(544) Pause Young (Allocation Failure)
[32.932s][info ][gc,task        ] GC(544) Using 8 workers of 8 for evacuation
[32.933s][debug][gc,age         ] GC(544) Desired survivor size 1114112 bytes, new threshold 1 (max threshold 6)
[32.933s][trace][gc,age         ] GC(544) Age table with threshold 1 (max threshold 6)
[32.933s][trace][gc,age         ] GC(544) - age   1:    2002536 bytes,    2002536 total
[32.933s][info ][gc,heap        ] GC(544) ParNew: 18358K->1957K(19648K)
[32.933s][info ][gc,heap        ] GC(544) CMS: 25430K->25430K(43712K)
[32.933s][info ][gc,metaspace   ] GC(544) Metaspace: 15846K->15846K(1064960K)
[32.933s][info ][gc             ] GC(544) Pause Young (Allocation Failure) 42M->26M(61M) 1.814ms
[32.933s][info ][gc,cpu         ] GC(544) User=0.01s Sys=0.00s Real=0.00s
[32.935s][info ][gc,start       ] GC(545) Pause Young (Allocation Failure)
[32.935s][info ][gc,task        ] GC(545) Using 8 workers of 8 for evacuation
[32.936s][debug][gc,age         ] GC(545) Desired survivor size 1114112 bytes, new threshold 6 (max threshold 6)
[32.936s][trace][gc,age         ] GC(545) Age table with threshold 6 (max threshold 6)
[32.936s][trace][gc,age         ] GC(545) - age   1:     801856 bytes,     801856 total
[32.936s][info ][gc,heap        ] GC(545) ParNew: 19128K->793K(19648K)
[32.936s][info ][gc,heap        ] GC(545) CMS: 25430K->25431K(43712K)
[32.936s][info ][gc,metaspace   ] GC(545) Metaspace: 15846K->15846K(1064960K)
[32.936s][info ][gc             ] GC(545) Pause Young (Allocation Failure) 43M->25M(61M) 1.311ms
[32.936s][info ][gc,cpu         ] GC(545) User=0.00s Sys=0.00s Real=0.00s
[32.938s][info ][gc,start       ] GC(546) Pause Young (Allocation Failure)
[32.938s][info ][gc,task        ] GC(546) Using 8 workers of 8 for evacuation
[32.939s][debug][gc,age         ] GC(546) Desired survivor size 1114112 bytes, new threshold 1 (max threshold 6)
[32.939s][trace][gc,age         ] GC(546) Age table with threshold 1 (max threshold 6)
[32.939s][trace][gc,age         ] GC(546) - age   1:    2002176 bytes,    2002176 total
[32.939s][trace][gc,age         ] GC(546) - age   2:        376 bytes,    2002552 total
[32.939s][info ][gc,heap        ] GC(546) ParNew: 17949K->1963K(19648K)
[32.939s][info ][gc,heap        ] GC(546) CMS: 25431K->25821K(43712K)
[32.939s][info ][gc,metaspace   ] GC(546) Metaspace: 15846K->15846K(1064960K)
[32.939s][info ][gc             ] GC(546) Pause Young (Allocation Failure) 42M->27M(61M) 1.627ms
[32.939s][info ][gc,cpu         ] GC(546) User=0.01s Sys=0.00s Real=0.01s
[32.940s][info ][gc,start       ] GC(547) Pause Young (Allocation Failure)
[32.941s][info ][gc,task        ] GC(547) Using 8 workers of 8 for evacuation
[32.942s][debug][gc,age         ] GC(547) Desired survivor size 1114112 bytes, new threshold 1 (max threshold 6)
[32.942s][trace][gc,age         ] GC(547) Age table with threshold 1 (max threshold 6)
[32.942s][trace][gc,age         ] GC(547) - age   1:    1601648 bytes,    1601648 total
[32.942s][info ][gc,heap        ] GC(547) ParNew: 19110K->1568K(19648K)
[32.942s][info ][gc,heap        ] GC(547) CMS: 25821K->25822K(43712K)
[32.942s][info ][gc,metaspace   ] GC(547) Metaspace: 15846K->15846K(1064960K)
[32.942s][info ][gc             ] GC(547) Pause Young (Allocation Failure) 43M->26M(61M) 1.450ms
[32.942s][info ][gc,cpu         ] GC(547) User=0.01s Sys=0.00s Real=0.00s
[32.944s][info ][gc,start       ] GC(548) Pause Young (Allocation Failure)
[32.944s][info ][gc,task        ] GC(548) Using 8 workers of 8 for evacuation
[32.945s][debug][gc,age         ] GC(548) Desired survivor size 1114112 bytes, new threshold 1 (max threshold 6)
[32.945s][trace][gc,age         ] GC(548) Age table with threshold 1 (max threshold 6)
[32.945s][trace][gc,age         ] GC(548) - age   1:    2002056 bytes,    2002056 total
[32.945s][info ][gc,heap        ] GC(548) ParNew: 19040K->1961K(19648K)
[32.945s][info ][gc,heap        ] GC(548) CMS: 25822K->26213K(43712K)
[32.945s][info ][gc,metaspace   ] GC(548) Metaspace: 15846K->15846K(1064960K)
[32.945s][info ][gc             ] GC(548) Pause Young (Allocation Failure) 43M->27M(61M) 1.623ms
[32.945s][info ][gc,cpu         ] GC(548) User=0.00s Sys=0.00s Real=0.00s
[32.947s][info ][gc,start       ] GC(549) Pause Young (Allocation Failure)
[32.947s][info ][gc,task        ] GC(549) Using 8 workers of 8 for evacuation
[32.948s][debug][gc,age         ] GC(549) Desired survivor size 1114112 bytes, new threshold 1 (max threshold 6)
[32.948s][trace][gc,age         ] GC(549) Age table with threshold 1 (max threshold 6)
[32.948s][trace][gc,age         ] GC(549) - age   1:    2002184 bytes,    2002184 total
[32.948s][info ][gc,heap        ] GC(549) ParNew: 19110K->1967K(19648K)
[32.948s][info ][gc,heap        ] GC(549) CMS: 26213K->26995K(43712K)
[32.948s][info ][gc,metaspace   ] GC(549) Metaspace: 15846K->15846K(1064960K)
[32.948s][info ][gc             ] GC(549) Pause Young (Allocation Failure) 44M->28M(61M) 1.281ms
[32.948s][info ][gc,cpu         ] GC(549) User=0.01s Sys=0.00s Real=0.01s
[32.950s][info ][gc,start       ] GC(550) Pause Young (Allocation Failure)
[32.950s][info ][gc,task        ] GC(550) Using 8 workers of 8 for evacuation
[32.955s][debug][gc,age         ] GC(550) Desired survivor size 1114112 bytes, new threshold 1 (max threshold 6)
[32.955s][trace][gc,age         ] GC(550) Age table with threshold 1 (max threshold 6)
[32.955s][trace][gc,age         ] GC(550) - age   1:    2002008 bytes,    2002008 total
[32.955s][info ][gc,heap        ] GC(550) ParNew: 19098K->1967K(19648K)
[32.955s][info ][gc,heap        ] GC(550) CMS: 26995K->28168K(43712K)
[32.955s][info ][gc,metaspace   ] GC(550) Metaspace: 15846K->15846K(1064960K)
[32.955s][info ][gc             ] GC(550) Pause Young (Allocation Failure) 45M->29M(61M) 4.979ms
[32.955s][info ][gc,cpu         ] GC(550) User=0.01s Sys=0.00s Real=0.00s
[32.956s][info ][gc,start       ] GC(551) Pause Young (Allocation Failure)
[32.956s][info ][gc,task        ] GC(551) Using 8 workers of 8 for evacuation
[32.958s][debug][gc,age         ] GC(551) Desired survivor size 1114112 bytes, new threshold 1 (max threshold 6)
[32.958s][trace][gc,age         ] GC(551) Age table with threshold 1 (max threshold 6)
[32.958s][trace][gc,age         ] GC(551) - age   1:    2002664 bytes,    2002664 total
[32.958s][info ][gc,heap        ] GC(551) ParNew: 19185K->1957K(19648K)
[32.958s][info ][gc,heap        ] GC(551) CMS: 28168K->28559K(43712K)
[32.958s][info ][gc,metaspace   ] GC(551) Metaspace: 15846K->15846K(1064960K)
[32.958s][info ][gc             ] GC(551) Pause Young (Allocation Failure) 46M->29M(61M) 1.761ms
[32.958s][info ][gc,cpu         ] GC(551) User=0.00s Sys=0.00s Real=0.01s
[32.959s][info ][gc,start       ] GC(552) Pause Young (Allocation Failure)
[32.960s][info ][gc,task        ] GC(552) Using 8 workers of 8 for evacuation
[32.961s][debug][gc,age         ] GC(552) Desired survivor size 1114112 bytes, new threshold 1 (max threshold 6)
[32.961s][trace][gc,age         ] GC(552) Age table with threshold 1 (max threshold 6)
[32.961s][trace][gc,age         ] GC(552) - age   1:    1602112 bytes,    1602112 total
[32.961s][info ][gc,heap        ] GC(552) ParNew: 19094K->1572K(19648K)
[32.961s][info ][gc,heap        ] GC(552) CMS: 28559K->28559K(43712K)
[32.961s][info ][gc,metaspace   ] GC(552) Metaspace: 15846K->15846K(1064960K)
[32.961s][info ][gc             ] GC(552) Pause Young (Allocation Failure) 46M->29M(61M) 1.700ms
[32.961s][info ][gc,cpu         ] GC(552) User=0.01s Sys=0.00s Real=0.00s
[32.963s][info ][gc,start       ] GC(553) Pause Young (Allocation Failure)
[32.963s][info ][gc,task        ] GC(553) Using 8 workers of 8 for evacuation
[32.964s][debug][gc,age         ] GC(553) Desired survivor size 1114112 bytes, new threshold 1 (max threshold 6)
[32.964s][trace][gc,age         ] GC(553) Age table with threshold 1 (max threshold 6)
[32.964s][trace][gc,age         ] GC(553) - age   1:    2001984 bytes,    2001984 total
[32.964s][info ][gc,heap        ] GC(553) ParNew: 18711K->1959K(19648K)
[32.964s][info ][gc,heap        ] GC(553) CMS: 28559K->30122K(43712K)
[32.964s][info ][gc,metaspace   ] GC(553) Metaspace: 15846K->15846K(1064960K)
[32.964s][info ][gc             ] GC(553) Pause Young (Allocation Failure) 46M->31M(61M) 1.503ms
[32.964s][info ][gc,cpu         ] GC(553) User=0.01s Sys=0.00s Real=0.00s
[32.966s][info ][gc,start       ] GC(554) Pause Young (Allocation Failure)
[32.966s][info ][gc,task        ] GC(554) Using 8 workers of 8 for evacuation
[32.968s][debug][gc,age         ] GC(554) Desired survivor size 1114112 bytes, new threshold 1 (max threshold 6)
[32.968s][trace][gc,age         ] GC(554) Age table with threshold 1 (max threshold 6)
[32.968s][trace][gc,age         ] GC(554) - age   1:    2002168 bytes,    2002168 total
[32.968s][info ][gc,heap        ] GC(554) ParNew: 19047K->1963K(19648K)
[32.968s][info ][gc,heap        ] GC(554) CMS: 30122K->31295K(43712K)
[32.968s][info ][gc,metaspace   ] GC(554) Metaspace: 15846K->15846K(1064960K)
[32.968s][info ][gc             ] GC(554) Pause Young (Allocation Failure) 48M->32M(61M) 1.549ms
[32.968s][info ][gc,cpu         ] GC(554) User=0.00s Sys=0.00s Real=0.01s
[32.970s][info ][gc,start       ] GC(555) Pause Young (Allocation Failure)
[32.970s][info ][gc,task        ] GC(555) Using 8 workers of 8 for evacuation
[32.971s][debug][gc,age         ] GC(555) Desired survivor size 1114112 bytes, new threshold 1 (max threshold 6)
[32.971s][trace][gc,age         ] GC(555) Age table with threshold 1 (max threshold 6)
[32.971s][trace][gc,age         ] GC(555) - age   1:    2001344 bytes,    2001344 total
[32.971s][info ][gc,heap        ] GC(555) ParNew: 19429K->1961K(19648K)
[32.971s][info ][gc,heap        ] GC(555) CMS: 31295K->32077K(43712K)
[32.971s][info ][gc,metaspace   ] GC(555) Metaspace: 15846K->15846K(1064960K)
[32.971s][info ][gc             ] GC(555) Pause Young (Allocation Failure) 49M->33M(61M) 1.568ms
[32.971s][info ][gc,cpu         ] GC(555) User=0.01s Sys=0.00s Real=0.00s
[32.973s][info ][gc,start       ] GC(556) Pause Young (Allocation Failure)
[32.973s][info ][gc,task        ] GC(556) Using 8 workers of 8 for evacuation
[32.975s][debug][gc,age         ] GC(556) Desired survivor size 1114112 bytes, new threshold 1 (max threshold 6)
[32.975s][trace][gc,age         ] GC(556) Age table with threshold 1 (max threshold 6)
[32.975s][trace][gc,age         ] GC(556) - age   1:    2001912 bytes,    2001912 total
[32.975s][info ][gc,heap        ] GC(556) ParNew: 19159K->1959K(19648K)
[32.975s][info ][gc,heap        ] GC(556) CMS: 32077K->33639K(43712K)
[32.975s][info ][gc,metaspace   ] GC(556) Metaspace: 15846K->15846K(1064960K)
[32.975s][info ][gc             ] GC(556) Pause Young (Allocation Failure) 50M->34M(61M) 2.259ms
[32.975s][info ][gc,cpu         ] GC(556) User=0.01s Sys=0.00s Real=0.00s
[32.975s][info ][gc,start       ] GC(557) Pause Initial Mark
[32.975s][info ][gc             ] GC(557) Pause Initial Mark 35M->35M(61M) 0.230ms
[32.976s][info ][gc,cpu         ] GC(557) User=0.00s Sys=0.00s Real=0.00s
[32.976s][info ][gc             ] GC(557) Concurrent Mark
[32.976s][info ][gc,task        ] GC(557) Using 2 workers of 2 for marking
[32.978s][info ][gc,start       ] GC(558) Pause Young (Allocation Failure)
[32.978s][info ][gc,task        ] GC(558) Using 8 workers of 8 for evacuation
[32.979s][debug][gc,age         ] GC(558) Desired survivor size 1114112 bytes, new threshold 6 (max threshold 6)
[32.979s][trace][gc,age         ] GC(558) Age table with threshold 6 (max threshold 6)
[32.979s][trace][gc,age         ] GC(558) - age   1:     801552 bytes,     801552 total
[32.979s][info ][gc,heap        ] GC(558) ParNew: 19142K->791K(19648K)
[32.979s][info ][gc,heap        ] GC(558) CMS: 33639K->34421K(43712K)
[32.979s][info ][gc,metaspace   ] GC(558) Metaspace: 15846K->15846K(1064960K)
[32.979s][info ][gc             ] GC(558) Pause Young (Allocation Failure) 51M->34M(61M) 1.378ms
[32.979s][info ][gc,cpu         ] GC(558) User=0.01s Sys=0.00s Real=0.00s
[32.981s][info ][gc,start       ] GC(559) Pause Young (Allocation Failure)
[32.981s][info ][gc,task        ] GC(559) Using 8 workers of 8 for evacuation
[32.983s][debug][gc,age         ] GC(559) Desired survivor size 1114112 bytes, new threshold 1 (max threshold 6)
[32.983s][trace][gc,age         ] GC(559) Age table with threshold 1 (max threshold 6)
[32.983s][trace][gc,age         ] GC(559) - age   1:    1601896 bytes,    1601896 total
[32.983s][trace][gc,age         ] GC(559) - age   2:     400624 bytes,    2002520 total
[32.983s][info ][gc,heap        ] GC(559) ParNew: 17958K->1957K(19648K)
[32.983s][info ][gc,heap        ] GC(559) CMS: 34421K->34812K(43712K)
[32.983s][info ][gc,metaspace   ] GC(559) Metaspace: 15846K->15846K(1064960K)
[32.983s][info ][gc             ] GC(559) Pause Young (Allocation Failure) 51M->35M(61M) 1.916ms
[32.983s][info ][gc,cpu         ] GC(559) User=0.00s Sys=0.00s Real=0.00s
[32.985s][info ][gc,start       ] GC(560) Pause Young (Allocation Failure)
[32.985s][info ][gc,task        ] GC(560) Using 8 workers of 8 for evacuation
[32.987s][debug][gc,age         ] GC(560) Desired survivor size 1114112 bytes, new threshold 1 (max threshold 6)
[32.987s][trace][gc,age         ] GC(560) Age table with threshold 1 (max threshold 6)
[32.987s][trace][gc,age         ] GC(560) - age   1:    1201168 bytes,    1201168 total
[32.987s][info ][gc,heap        ] GC(560) ParNew: 19412K->1179K(19648K)
[32.987s][info ][gc,heap        ] GC(560) CMS: 34812K->35985K(43712K)
[32.987s][info ][gc,metaspace   ] GC(560) Metaspace: 15846K->15846K(1064960K)
[32.987s][info ][gc             ] GC(560) Pause Young (Allocation Failure) 52M->36M(61M) 1.494ms
[32.987s][info ][gc,cpu         ] GC(560) User=0.01s Sys=0.00s Real=0.00s
[32.988s][info ][gc             ] GC(557) Concurrent Mark 12.503ms
[32.988s][info ][gc,cpu         ] GC(557) User=0.06s Sys=0.00s Real=0.02s
[32.988s][info ][gc,start       ] GC(561) Pause Young (Allocation Failure)
[32.988s][info ][gc,task        ] GC(561) Using 8 workers of 8 for evacuation
[32.989s][debug][gc,age         ] GC(561) Desired survivor size 1114112 bytes, new threshold 1 (max threshold 6)
[32.989s][trace][gc,age         ] GC(561) Age table with threshold 1 (max threshold 6)
[32.989s][trace][gc,age         ] GC(561) - age   1:    1601984 bytes,    1601984 total
[32.990s][info ][gc,heap        ] GC(561) ParNew: 18301K->1574K(19648K)
[32.990s][info ][gc,heap        ] GC(561) CMS: 35985K->36376K(43712K)
[32.990s][info ][gc,metaspace   ] GC(561) Metaspace: 15846K->15846K(1064960K)
[32.990s][info ][gc             ] GC(561) Pause Young (Allocation Failure) 53M->37M(61M) 1.195ms
[32.990s][info ][gc,cpu         ] GC(561) User=0.01s Sys=0.00s Real=0.00s
[32.990s][info ][gc             ] GC(557) Concurrent Preclean
[32.990s][info ][gc             ] GC(557) Concurrent Preclean 0.617ms
[32.990s][info ][gc,cpu         ] GC(557) User=0.00s Sys=0.00s Real=0.00s
[32.990s][info ][gc             ] GC(557) Concurrent Abortable Preclean
[32.991s][info ][gc,start       ] GC(562) Pause Young (Allocation Failure)
[32.991s][info ][gc,task        ] GC(562) Using 8 workers of 8 for evacuation
[32.992s][debug][gc,age         ] GC(562) Desired survivor size 1114112 bytes, new threshold 1 (max threshold 6)
[32.992s][trace][gc,age         ] GC(562) Age table with threshold 1 (max threshold 6)
[32.992s][trace][gc,age         ] GC(562) - age   1:    1601664 bytes,    1601664 total
[32.993s][info ][gc,heap        ] GC(562) ParNew: 19015K->1572K(19648K)
[32.993s][info ][gc,heap        ] GC(562) CMS: 36376K->36768K(43712K)
[32.993s][info ][gc,metaspace   ] GC(562) Metaspace: 15846K->15846K(1064960K)
[32.993s][info ][gc             ] GC(562) Pause Young (Allocation Failure) 54M->37M(61M) 1.478ms
[32.993s][info ][gc,cpu         ] GC(562) User=0.01s Sys=0.00s Real=0.00s
[32.993s][info ][gc             ] GC(557) Concurrent Abortable Preclean 2.444ms
[32.993s][info ][gc,cpu         ] GC(557) User=0.01s Sys=0.01s Real=0.00s
[32.993s][info ][gc,start       ] GC(557) Pause Remark
[32.994s][debug][gc,phases      ] GC(557) Rescan (parallel) 0.921ms
[32.994s][debug][gc,phases      ] GC(557) Reference Processing 0.012ms
[32.994s][debug][gc,phases      ] GC(557) Weak Processing 0.017ms
[32.994s][debug][gc,phases      ] GC(557) ClassLoaderData 0.029ms
[32.994s][debug][gc,phases      ] GC(557) ProtectionDomainCacheTable 0.002ms
[32.994s][debug][gc,phases      ] GC(557) ResolvedMethodTable 0.014ms
[32.995s][debug][gc,phases      ] GC(557) Class Unloading 0.754ms
[32.996s][debug][gc,phases      ] GC(557) Scrub Symbol Table 0.999ms
[32.996s][debug][gc,phases      ] GC(557) Scrub String Table 0.083ms
[32.996s][info ][gc             ] GC(557) Pause Remark 38M->38M(61M) 2.933ms
[32.996s][info ][gc,cpu         ] GC(557) User=0.01s Sys=0.00s Real=0.00s
[32.996s][info ][gc             ] GC(557) Concurrent Sweep
[32.997s][info ][gc,start       ] GC(563) Pause Young (Allocation Failure)
[32.998s][info ][gc,task        ] GC(563) Using 8 workers of 8 for evacuation
[32.999s][debug][gc,age         ] GC(563) Desired survivor size 1114112 bytes, new threshold 1 (max threshold 6)
[32.999s][trace][gc,age         ] GC(563) Age table with threshold 1 (max threshold 6)
[32.999s][trace][gc,age         ] GC(563) - age   1:    2002392 bytes,    2002392 total
[32.999s][info ][gc,heap        ] GC(563) ParNew: 18788K->1963K(19648K)
[32.999s][info ][gc,heap        ] GC(563) CMS: 36768K->36768K(43712K)
[32.999s][info ][gc,metaspace   ] GC(563) Metaspace: 15846K->15846K(1064960K)
[32.999s][info ][gc             ] GC(563) Pause Young (Allocation Failure) 54M->37M(61M) 1.634ms
[32.999s][info ][gc,cpu         ] GC(563) User=0.01s Sys=0.00s Real=0.01s
[33.001s][info ][gc             ] GC(557) Concurrent Sweep 4.580ms
[33.001s][info ][gc,cpu         ] GC(557) User=0.02s Sys=0.00s Real=0.01s
[33.001s][info ][gc             ] GC(557) Concurrent Reset
[33.001s][info ][gc             ] GC(557) Concurrent Reset 0.073ms
[33.001s][info ][gc,cpu         ] GC(557) User=0.00s Sys=0.00s Real=0.00s
[33.001s][info ][gc,heap        ] GC(557) Old: 33639K->7439K(43712K)
[33.001s][info ][gc,start       ] GC(564) Pause Young (Allocation Failure)
[33.001s][info ][gc,task        ] GC(564) Using 8 workers of 8 for evacuation
[33.004s][debug][gc,age         ] GC(564) Desired survivor size 1114112 bytes, new threshold 1 (max threshold 6)
[33.004s][trace][gc,age         ] GC(564) Age table with threshold 1 (max threshold 6)
[33.004s][trace][gc,age         ] GC(564) - age   1:    1201016 bytes,    1201016 total
[33.004s][info ][gc,heap        ] GC(564) ParNew: 19357K->1173K(19648K)
[33.004s][info ][gc,heap        ] GC(564) CMS: 7439K->8222K(43712K)
[33.004s][info ][gc,metaspace   ] GC(564) Metaspace: 15846K->15846K(1064960K)
[33.004s][info ][gc             ] GC(564) Pause Young (Allocation Failure) 26M->9M(61M) 2.233ms
[33.004s][info ][gc,cpu         ] GC(564) User=0.00s Sys=0.00s Real=0.00s
[33.005s][info ][gc,start       ] GC(565) Pause Young (Allocation Failure)
[33.005s][info ][gc,task        ] GC(565) Using 8 workers of 8 for evacuation
[33.006s][debug][gc,age         ] GC(565) Desired survivor size 1114112 bytes, new threshold 1 (max threshold 6)
[33.007s][trace][gc,age         ] GC(565) Age table with threshold 1 (max threshold 6)
[33.007s][trace][gc,age         ] GC(565) - age   1:    2001760 bytes,    2001760 total
[33.007s][info ][gc,heap        ] GC(565) ParNew: 18645K->1961K(19648K)
[33.007s][info ][gc,heap        ] GC(565) CMS: 8222K->8613K(43712K)
[33.007s][info ][gc,metaspace   ] GC(565) Metaspace: 15846K->15846K(1064960K)
[33.007s][info ][gc             ] GC(565) Pause Young (Allocation Failure) 26M->10M(61M) 1.443ms
[33.007s][info ][gc,cpu         ] GC(565) User=0.01s Sys=0.00s Real=0.00s
[33.008s][info ][gc,start       ] GC(566) Pause Young (Allocation Failure)
[33.008s][info ][gc,task        ] GC(566) Using 8 workers of 8 for evacuation
[33.010s][debug][gc,age         ] GC(566) Desired survivor size 1114112 bytes, new threshold 1 (max threshold 6)
[33.010s][trace][gc,age         ] GC(566) Age table with threshold 1 (max threshold 6)
[33.010s][trace][gc,age         ] GC(566) - age   1:    2001984 bytes,    2001984 total
[33.010s][info ][gc,heap        ] GC(566) ParNew: 19154K->1961K(19648K)
[33.010s][info ][gc,heap        ] GC(566) CMS: 8613K->9395K(43712K)
[33.010s][info ][gc,metaspace   ] GC(566) Metaspace: 15846K->15846K(1064960K)
[33.010s][info ][gc             ] GC(566) Pause Young (Allocation Failure) 27M->11M(61M) 1.516ms
[33.010s][info ][gc,cpu         ] GC(566) User=0.00s Sys=0.00s Real=0.00s
[33.012s][info ][gc,start       ] GC(567) Pause Young (Allocation Failure)
[33.012s][info ][gc,task        ] GC(567) Using 8 workers of 8 for evacuation
[33.013s][debug][gc,age         ] GC(567) Desired survivor size 1114112 bytes, new threshold 1 (max threshold 6)
[33.013s][trace][gc,age         ] GC(567) Age table with threshold 1 (max threshold 6)
[33.013s][trace][gc,age         ] GC(567) - age   1:    1601744 bytes,    1601744 total
[33.013s][info ][gc,heap        ] GC(567) ParNew: 19130K->1574K(19648K)
[33.013s][info ][gc,heap        ] GC(567) CMS: 9395K->10177K(43712K)
[33.013s][info ][gc,metaspace   ] GC(567) Metaspace: 15846K->15846K(1064960K)
[33.013s][info ][gc             ] GC(567) Pause Young (Allocation Failure) 27M->11M(61M) 1.457ms
[33.013s][info ][gc,cpu         ] GC(567) User=0.01s Sys=0.00s Real=0.00s
[33.015s][info ][gc,start       ] GC(568) Pause Young (Allocation Failure)
[33.015s][info ][gc,task        ] GC(568) Using 8 workers of 8 for evacuation
[33.016s][debug][gc,age         ] GC(568) Desired survivor size 1114112 bytes, new threshold 1 (max threshold 6)
[33.016s][trace][gc,age         ] GC(568) Age table with threshold 1 (max threshold 6)
[33.016s][trace][gc,age         ] GC(568) - age   1:    1201664 bytes,    1201664 total
[33.016s][info ][gc,heap        ] GC(568) ParNew: 19029K->1181K(19648K)
[33.016s][info ][gc,heap        ] GC(568) CMS: 10177K->10959K(43712K)
[33.016s][info ][gc,metaspace   ] GC(568) Metaspace: 15846K->15846K(1064960K)
[33.016s][info ][gc             ] GC(568) Pause Young (Allocation Failure) 28M->11M(61M) 1.599ms
[33.016s][info ][gc,cpu         ] GC(568) User=0.01s Sys=0.00s Real=0.00s
[33.018s][info ][gc,start       ] GC(569) Pause Young (Allocation Failure)
[33.018s][info ][gc,task        ] GC(569) Using 8 workers of 8 for evacuation
[33.019s][debug][gc,age         ] GC(569) Desired survivor size 1114112 bytes, new threshold 1 (max threshold 6)
[33.019s][trace][gc,age         ] GC(569) Age table with threshold 1 (max threshold 6)
[33.019s][trace][gc,age         ] GC(569) - age   1:    2002000 bytes,    2002000 total
[33.019s][info ][gc,heap        ] GC(569) ParNew: 18334K->1957K(19648K)
[33.019s][info ][gc,heap        ] GC(569) CMS: 10959K->11350K(43712K)
[33.019s][info ][gc,metaspace   ] GC(569) Metaspace: 15846K->15846K(1064960K)
[33.019s][info ][gc             ] GC(569) Pause Young (Allocation Failure) 28M->12M(61M) 1.555ms
[33.019s][info ][gc,cpu         ] GC(569) User=0.01s Sys=0.00s Real=0.00s
[33.021s][info ][gc,start       ] GC(570) Pause Young (Allocation Failure)
[33.021s][info ][gc,task        ] GC(570) Using 8 workers of 8 for evacuation
[33.023s][debug][gc,age         ] GC(570) Desired survivor size 1114112 bytes, new threshold 1 (max threshold 6)
[33.023s][trace][gc,age         ] GC(570) Age table with threshold 1 (max threshold 6)
[33.023s][trace][gc,age         ] GC(570) - age   1:    1602240 bytes,    1602240 total
[33.023s][info ][gc,heap        ] GC(570) ParNew: 19083K->1566K(19648K)
[33.023s][info ][gc,heap        ] GC(570) CMS: 11350K->12132K(43712K)
[33.023s][info ][gc,metaspace   ] GC(570) Metaspace: 15846K->15846K(1064960K)
[33.023s][info ][gc             ] GC(570) Pause Young (Allocation Failure) 29M->13M(61M) 2.196ms
[33.023s][info ][gc,cpu         ] GC(570) User=0.01s Sys=0.00s Real=0.00s
[33.025s][info ][gc,start       ] GC(571) Pause Young (Allocation Failure)
[33.025s][info ][gc,task        ] GC(571) Using 8 workers of 8 for evacuation
[33.026s][debug][gc,age         ] GC(571) Desired survivor size 1114112 bytes, new threshold 1 (max threshold 6)
[33.026s][trace][gc,age         ] GC(571) Age table with threshold 1 (max threshold 6)
[33.026s][trace][gc,age         ] GC(571) - age   1:    2001760 bytes,    2001760 total
[33.026s][info ][gc,heap        ] GC(571) ParNew: 18749K->1963K(19648K)
[33.026s][info ][gc,heap        ] GC(571) CMS: 12132K->13305K(43712K)
[33.026s][info ][gc,metaspace   ] GC(571) Metaspace: 15846K->15846K(1064960K)
[33.026s][info ][gc             ] GC(571) Pause Young (Allocation Failure) 30M->14M(61M) 1.769ms
[33.026s][info ][gc,cpu         ] GC(571) User=0.00s Sys=0.00s Real=0.00s
[33.028s][info ][gc,start       ] GC(572) Pause Young (Allocation Failure)
[33.029s][info ][gc,task        ] GC(572) Using 8 workers of 8 for evacuation
[33.030s][debug][gc,age         ] GC(572) Desired survivor size 1114112 bytes, new threshold 6 (max threshold 6)
[33.030s][trace][gc,age         ] GC(572) Age table with threshold 6 (max threshold 6)
[33.030s][trace][gc,age         ] GC(572) - age   1:     800904 bytes,     800904 total
[33.030s][info ][gc,heap        ] GC(572) ParNew: 19353K->787K(19648K)
[33.030s][info ][gc,heap        ] GC(572) CMS: 13305K->14478K(43712K)
[33.030s][info ][gc,metaspace   ] GC(572) Metaspace: 15846K->15846K(1064960K)
[33.030s][info ][gc             ] GC(572) Pause Young (Allocation Failure) 31M->14M(61M) 1.351ms
[33.030s][info ][gc,cpu         ] GC(572) User=0.00s Sys=0.00s Real=0.00s
[33.032s][info ][gc,start       ] GC(573) Pause Young (Allocation Failure)
[33.032s][info ][gc,task        ] GC(573) Using 8 workers of 8 for evacuation
[33.033s][debug][gc,age         ] GC(573) Desired survivor size 1114112 bytes, new threshold 1 (max threshold 6)
[33.033s][trace][gc,age         ] GC(573) Age table with threshold 1 (max threshold 6)
[33.033s][trace][gc,age         ] GC(573) - age   1:    1602456 bytes,    1602456 total
[33.033s][trace][gc,age         ] GC(573) - age   2:         64 bytes,    1602520 total
[33.033s][info ][gc,heap        ] GC(573) ParNew: 18105K->1574K(19648K)
[33.033s][info ][gc,heap        ] GC(573) CMS: 14478K->14478K(43712K)
[33.033s][info ][gc,metaspace   ] GC(573) Metaspace: 15846K->15846K(1064960K)
[33.033s][info ][gc             ] GC(573) Pause Young (Allocation Failure) 31M->15M(61M) 1.304ms
[33.033s][info ][gc,cpu         ] GC(573) User=0.01s Sys=0.00s Real=0.00s
[33.034s][info ][gc,start       ] GC(574) Pause Young (Allocation Failure)
[33.034s][info ][gc,task        ] GC(574) Using 8 workers of 8 for evacuation
[33.035s][debug][gc,age         ] GC(574) Desired survivor size 1114112 bytes, new threshold 1 (max threshold 6)
[33.035s][trace][gc,age         ] GC(574) Age table with threshold 1 (max threshold 6)
[33.035s][trace][gc,age         ] GC(574) - age   1:    1201544 bytes,    1201544 total
[33.035s][info ][gc,heap        ] GC(574) ParNew: 18671K->1182K(19648K)
[33.035s][info ][gc,heap        ] GC(574) CMS: 14478K->14870K(43712K)
[33.035s][info ][gc,metaspace   ] GC(574) Metaspace: 15846K->15846K(1064960K)
[33.035s][info ][gc             ] GC(574) Pause Young (Allocation Failure) 32M->15M(61M) 0.709ms
[33.035s][info ][gc,cpu         ] GC(574) User=0.00s Sys=0.00s Real=0.00s
[33.036s][info ][gc,start       ] GC(575) Pause Young (Allocation Failure)
[33.036s][info ][gc,task        ] GC(575) Using 8 workers of 8 for evacuation
[33.038s][debug][gc,age         ] GC(575) Desired survivor size 1114112 bytes, new threshold 1 (max threshold 6)
[33.038s][trace][gc,age         ] GC(575) Age table with threshold 1 (max threshold 6)
[33.038s][trace][gc,age         ] GC(575) - age   1:    1601496 bytes,    1601496 total
[33.038s][info ][gc,heap        ] GC(575) ParNew: 18272K->1566K(19648K)
[33.038s][info ][gc,heap        ] GC(575) CMS: 14870K->15261K(43712K)
[33.038s][info ][gc,metaspace   ] GC(575) Metaspace: 15846K->15846K(1064960K)
[33.038s][info ][gc             ] GC(575) Pause Young (Allocation Failure) 32M->16M(61M) 1.580ms
[33.038s][info ][gc,cpu         ] GC(575) User=0.00s Sys=0.01s Real=0.01s
[33.041s][info ][gc,start       ] GC(576) Pause Young (Allocation Failure)
[33.041s][info ][gc,task        ] GC(576) Using 8 workers of 8 for evacuation
[33.042s][debug][gc,age         ] GC(576) Desired survivor size 1114112 bytes, new threshold 1 (max threshold 6)
[33.042s][trace][gc,age         ] GC(576) Age table with threshold 1 (max threshold 6)
[33.042s][trace][gc,age         ] GC(576) - age   1:    1201192 bytes,    1201192 total
[33.042s][info ][gc,heap        ] GC(576) ParNew: 18976K->1179K(19648K)
[33.042s][info ][gc,heap        ] GC(576) CMS: 15261K->16043K(43712K)
[33.042s][info ][gc,metaspace   ] GC(576) Metaspace: 15846K->15846K(1064960K)
[33.042s][info ][gc             ] GC(576) Pause Young (Allocation Failure) 33M->16M(61M) 1.548ms
[33.042s][info ][gc,cpu         ] GC(576) User=0.01s Sys=0.00s Real=0.00s
[33.044s][info ][gc,start       ] GC(577) Pause Young (Allocation Failure)
[33.044s][info ][gc,task        ] GC(577) Using 8 workers of 8 for evacuation
[33.046s][debug][gc,age         ] GC(577) Desired survivor size 1114112 bytes, new threshold 1 (max threshold 6)
[33.046s][trace][gc,age         ] GC(577) Age table with threshold 1 (max threshold 6)
[33.046s][trace][gc,age         ] GC(577) - age   1:    2015480 bytes,    2015480 total
[33.046s][info ][gc,heap        ] GC(577) ParNew: 18331K->1971K(19648K)
[33.046s][info ][gc,heap        ] GC(577) CMS: 16043K->16434K(43712K)
[33.046s][info ][gc,metaspace   ] GC(577) Metaspace: 15846K->15846K(1064960K)
[33.046s][info ][gc             ] GC(577) Pause Young (Allocation Failure) 33M->17M(61M) 1.539ms
[33.046s][info ][gc,cpu         ] GC(577) User=0.01s Sys=0.00s Real=0.00s
[33.048s][info ][gc,start       ] GC(578) Pause Young (Allocation Failure)
[33.048s][info ][gc,task        ] GC(578) Using 8 workers of 8 for evacuation
[33.050s][debug][gc,age         ] GC(578) Desired survivor size 1114112 bytes, new threshold 1 (max threshold 6)
[33.050s][trace][gc,age         ] GC(578) Age table with threshold 1 (max threshold 6)
[33.050s][trace][gc,age         ] GC(578) - age   1:    2002872 bytes,    2002872 total
[33.050s][info ][gc,heap        ] GC(578) ParNew: 19270K->1965K(19648K)
[33.050s][info ][gc,heap        ] GC(578) CMS: 16434K->17619K(43712K)
[33.050s][info ][gc,metaspace   ] GC(578) Metaspace: 15846K->15846K(1064960K)
[33.050s][info ][gc             ] GC(578) Pause Young (Allocation Failure) 34M->19M(61M) 1.715ms
[33.050s][info ][gc,cpu         ] GC(578) User=0.01s Sys=0.00s Real=0.00s
[33.051s][info ][gc,start       ] GC(579) Pause Young (Allocation Failure)
[33.051s][info ][gc,task        ] GC(579) Using 8 workers of 8 for evacuation
[33.053s][debug][gc,age         ] GC(579) Desired survivor size 1114112 bytes, new threshold 6 (max threshold 6)
[33.053s][trace][gc,age         ] GC(579) Age table with threshold 6 (max threshold 6)
[33.053s][trace][gc,age         ] GC(579) - age   1:     803032 bytes,     803032 total
[33.053s][info ][gc,heap        ] GC(579) ParNew: 19248K->787K(19648K)
[33.053s][info ][gc,heap        ] GC(579) CMS: 17619K->18010K(43712K)
[33.053s][info ][gc,metaspace   ] GC(579) Metaspace: 15846K->15846K(1064960K)
[33.053s][info ][gc             ] GC(579) Pause Young (Allocation Failure) 36M->18M(61M) 1.845ms
[33.053s][info ][gc,cpu         ] GC(579) User=0.01s Sys=0.00s Real=0.00s
[33.055s][info ][gc,start       ] GC(580) Pause Young (Allocation Failure)
[33.055s][info ][gc,task        ] GC(580) Using 8 workers of 8 for evacuation
[33.056s][debug][gc,age         ] GC(580) Desired survivor size 1114112 bytes, new threshold 1 (max threshold 6)
[33.056s][trace][gc,age         ] GC(580) Age table with threshold 1 (max threshold 6)
[33.056s][trace][gc,age         ] GC(580) - age   1:    1617808 bytes,    1617808 total
[33.056s][trace][gc,age         ] GC(580) - age   2:     400904 bytes,    2018712 total
[33.056s][info ][gc,heap        ] GC(580) ParNew: 17871K->1977K(19648K)
[33.056s][info ][gc,heap        ] GC(580) CMS: 18010K->18010K(43712K)
[33.056s][info ][gc,metaspace   ] GC(580) Metaspace: 15846K->15846K(1064960K)
[33.056s][info ][gc             ] GC(580) Pause Young (Allocation Failure) 35M->19M(61M) 1.115ms
[33.056s][info ][gc,cpu         ] GC(580) User=0.00s Sys=0.00s Real=0.00s
[33.057s][info ][gc,start       ] GC(581) Pause Young (Allocation Failure)
[33.057s][info ][gc,task        ] GC(581) Using 8 workers of 8 for evacuation
[33.058s][debug][gc,age         ] GC(581) Desired survivor size 1114112 bytes, new threshold 1 (max threshold 6)
[33.058s][trace][gc,age         ] GC(581) Age table with threshold 1 (max threshold 6)
[33.058s][trace][gc,age         ] GC(581) - age   1:    2002832 bytes,    2002832 total
[33.059s][info ][gc,heap        ] GC(581) ParNew: 19170K->1963K(19648K)
[33.059s][info ][gc,heap        ] GC(581) CMS: 18010K->18024K(43712K)
[33.059s][info ][gc,metaspace   ] GC(581) Metaspace: 15846K->15846K(1064960K)
[33.059s][info ][gc             ] GC(581) Pause Young (Allocation Failure) 36M->19M(61M) 1.367ms
[33.059s][info ][gc,cpu         ] GC(581) User=0.01s Sys=0.00s Real=0.01s
[33.060s][info ][gc,start       ] GC(582) Pause Young (Allocation Failure)
[33.060s][info ][gc,task        ] GC(582) Using 8 workers of 8 for evacuation
[33.062s][debug][gc,age         ] GC(582) Desired survivor size 1114112 bytes, new threshold 1 (max threshold 6)
[33.062s][trace][gc,age         ] GC(582) Age table with threshold 1 (max threshold 6)
[33.062s][trace][gc,age         ] GC(582) - age   1:    2002224 bytes,    2002224 total
[33.062s][info ][gc,heap        ] GC(582) ParNew: 19132K->1961K(19648K)
[33.062s][info ][gc,heap        ] GC(582) CMS: 18024K->18807K(43712K)
[33.062s][info ][gc,metaspace   ] GC(582) Metaspace: 15846K->15846K(1064960K)
[33.062s][info ][gc             ] GC(582) Pause Young (Allocation Failure) 36M->20M(61M) 1.614ms
[33.062s][info ][gc,cpu         ] GC(582) User=0.01s Sys=0.00s Real=0.00s
[33.064s][info ][gc,start       ] GC(583) Pause Young (Allocation Failure)
[33.064s][info ][gc,task        ] GC(583) Using 8 workers of 8 for evacuation
[33.065s][debug][gc,age         ] GC(583) Desired survivor size 1114112 bytes, new threshold 1 (max threshold 6)
[33.065s][trace][gc,age         ] GC(583) Age table with threshold 1 (max threshold 6)
[33.065s][trace][gc,age         ] GC(583) - age   1:    2001928 bytes,    2001928 total
[33.065s][info ][gc,heap        ] GC(583) ParNew: 19187K->1963K(19648K)
[33.065s][info ][gc,heap        ] GC(583) CMS: 18807K->19588K(43712K)
[33.065s][info ][gc,metaspace   ] GC(583) Metaspace: 15846K->15846K(1064960K)
[33.065s][info ][gc             ] GC(583) Pause Young (Allocation Failure) 37M->21M(61M) 1.617ms
[33.065s][info ][gc,cpu         ] GC(583) User=0.01s Sys=0.00s Real=0.00s
[33.067s][info ][gc,start       ] GC(584) Pause Young (Allocation Failure)
[33.067s][info ][gc,task        ] GC(584) Using 8 workers of 8 for evacuation
[33.068s][debug][gc,age         ] GC(584) Desired survivor size 1114112 bytes, new threshold 1 (max threshold 6)
[33.068s][trace][gc,age         ] GC(584) Age table with threshold 1 (max threshold 6)
[33.068s][trace][gc,age         ] GC(584) - age   1:    2002368 bytes,    2002368 total
[33.068s][info ][gc,heap        ] GC(584) ParNew: 19159K->1959K(19648K)
[33.068s][info ][gc,heap        ] GC(584) CMS: 19588K->19588K(43712K)
[33.068s][info ][gc,metaspace   ] GC(584) Metaspace: 15846K->15846K(1064960K)
[33.068s][info ][gc             ] GC(584) Pause Young (Allocation Failure) 37M->21M(61M) 1.299ms
[33.068s][info ][gc,cpu         ] GC(584) User=0.01s Sys=0.00s Real=0.01s
[33.069s][info ][gc,start       ] GC(585) Pause Young (Allocation Failure)
[33.069s][info ][gc,task        ] GC(585) Using 8 workers of 8 for evacuation
[33.071s][debug][gc,age         ] GC(585) Desired survivor size 1114112 bytes, new threshold 1 (max threshold 6)
[33.071s][trace][gc,age         ] GC(585) Age table with threshold 1 (max threshold 6)
[33.071s][trace][gc,age         ] GC(585) - age   1:    2002104 bytes,    2002104 total
[33.071s][info ][gc,heap        ] GC(585) ParNew: 19076K->1959K(19648K)
[33.071s][info ][gc,heap        ] GC(585) CMS: 19588K->19979K(43712K)
[33.071s][info ][gc,metaspace   ] GC(585) Metaspace: 15846K->15846K(1064960K)
[33.071s][info ][gc             ] GC(585) Pause Young (Allocation Failure) 37M->21M(61M) 1.599ms
[33.071s][info ][gc,cpu         ] GC(585) User=0.00s Sys=0.00s Real=0.00s
[33.072s][info ][gc,start       ] GC(586) Pause Young (Allocation Failure)
[33.072s][info ][gc,task        ] GC(586) Using 8 workers of 8 for evacuation
[33.073s][debug][gc,age         ] GC(586) Desired survivor size 1114112 bytes, new threshold 1 (max threshold 6)
[33.073s][trace][gc,age         ] GC(586) Age table with threshold 1 (max threshold 6)
[33.073s][trace][gc,age         ] GC(586) - age   1:    2002424 bytes,    2002424 total
[33.073s][info ][gc,heap        ] GC(586) ParNew: 19143K->1957K(19648K)
[33.073s][info ][gc,heap        ] GC(586) CMS: 19979K->20370K(43712K)
[33.073s][info ][gc,metaspace   ] GC(586) Metaspace: 15846K->15846K(1064960K)
[33.073s][info ][gc             ] GC(586) Pause Young (Allocation Failure) 38M->21M(61M) 1.362ms
[33.074s][info ][gc,cpu         ] GC(586) User=0.00s Sys=0.00s Real=0.00s
[33.075s][info ][gc,start       ] GC(587) Pause Young (Allocation Failure)
[33.075s][info ][gc,task        ] GC(587) Using 8 workers of 8 for evacuation
[33.076s][debug][gc,age         ] GC(587) Desired survivor size 1114112 bytes, new threshold 1 (max threshold 6)
[33.076s][trace][gc,age         ] GC(587) Age table with threshold 1 (max threshold 6)
[33.076s][trace][gc,age         ] GC(587) - age   1:    2002424 bytes,    2002424 total
[33.076s][info ][gc,heap        ] GC(587) ParNew: 19126K->1969K(19648K)
[33.076s][info ][gc,heap        ] GC(587) CMS: 20370K->21151K(43712K)
[33.076s][info ][gc,metaspace   ] GC(587) Metaspace: 15846K->15846K(1064960K)
[33.076s][info ][gc             ] GC(587) Pause Young (Allocation Failure) 38M->22M(61M) 1.468ms
[33.076s][info ][gc,cpu         ] GC(587) User=0.01s Sys=0.00s Real=0.00s
[33.078s][info ][gc,start       ] GC(588) Pause Young (Allocation Failure)
[33.078s][info ][gc,task        ] GC(588) Using 8 workers of 8 for evacuation
[33.080s][debug][gc,age         ] GC(588) Desired survivor size 1114112 bytes, new threshold 1 (max threshold 6)
[33.080s][trace][gc,age         ] GC(588) Age table with threshold 1 (max threshold 6)
[33.080s][trace][gc,age         ] GC(588) - age   1:    2002312 bytes,    2002312 total
[33.080s][info ][gc,heap        ] GC(588) ParNew: 19128K->1963K(19648K)
[33.080s][info ][gc,heap        ] GC(588) CMS: 21151K->22323K(43712K)
[33.080s][info ][gc,metaspace   ] GC(588) Metaspace: 15846K->15846K(1064960K)
[33.080s][info ][gc             ] GC(588) Pause Young (Allocation Failure) 39M->23M(61M) 1.642ms
[33.080s][info ][gc,cpu         ] GC(588) User=0.01s Sys=0.00s Real=0.00s
[33.081s][info ][gc,start       ] GC(589) Pause Young (Allocation Failure)
[33.081s][info ][gc,task        ] GC(589) Using 8 workers of 8 for evacuation
[33.083s][debug][gc,age         ] GC(589) Desired survivor size 1114112 bytes, new threshold 1 (max threshold 6)
[33.083s][trace][gc,age         ] GC(589) Age table with threshold 1 (max threshold 6)
[33.083s][trace][gc,age         ] GC(589) - age   1:    2002048 bytes,    2002048 total
[33.083s][info ][gc,heap        ] GC(589) ParNew: 19435K->1957K(19648K)
[33.083s][info ][gc,heap        ] GC(589) CMS: 22323K->22714K(43712K)
[33.083s][info ][gc,metaspace   ] GC(589) Metaspace: 15846K->15846K(1064960K)
[33.083s][info ][gc             ] GC(589) Pause Young (Allocation Failure) 40M->24M(61M) 1.442ms
[33.083s][info ][gc,cpu         ] GC(589) User=0.01s Sys=0.00s Real=0.00s
[33.084s][info ][gc,start       ] GC(590) Pause Young (Allocation Failure)
[33.084s][info ][gc,task        ] GC(590) Using 8 workers of 8 for evacuation
[33.085s][debug][gc,age         ] GC(590) Desired survivor size 1114112 bytes, new threshold 1 (max threshold 6)
[33.085s][trace][gc,age         ] GC(590) Age table with threshold 1 (max threshold 6)
[33.085s][trace][gc,age         ] GC(590) - age   1:    2002376 bytes,    2002376 total
[33.085s][info ][gc,heap        ] GC(590) ParNew: 19121K->1957K(19648K)
[33.085s][info ][gc,heap        ] GC(590) CMS: 22714K->22714K(43712K)
[33.085s][info ][gc,metaspace   ] GC(590) Metaspace: 15846K->15846K(1064960K)
[33.085s][info ][gc             ] GC(590) Pause Young (Allocation Failure) 40M->24M(61M) 1.361ms
[33.085s][info ][gc,cpu         ] GC(590) User=0.00s Sys=0.00s Real=0.00s
[33.087s][info ][gc,start       ] GC(591) Pause Young (Allocation Failure)
[33.087s][info ][gc,task        ] GC(591) Using 8 workers of 8 for evacuation
[33.087s][debug][gc,age         ] GC(591) Desired survivor size 1114112 bytes, new threshold 1 (max threshold 6)
[33.087s][trace][gc,age         ] GC(591) Age table with threshold 1 (max threshold 6)
[33.087s][trace][gc,age         ] GC(591) - age   1:    2002360 bytes,    2002360 total
[33.087s][info ][gc,heap        ] GC(591) ParNew: 19112K->1965K(19648K)
[33.088s][info ][gc,heap        ] GC(591) CMS: 22714K->23105K(43712K)
[33.088s][info ][gc,metaspace   ] GC(591) Metaspace: 15846K->15846K(1064960K)
[33.088s][info ][gc             ] GC(591) Pause Young (Allocation Failure) 40M->24M(61M) 0.907ms
[33.088s][info ][gc,cpu         ] GC(591) User=0.00s Sys=0.00s Real=0.01s
[33.089s][info ][gc,start       ] GC(592) Pause Young (Allocation Failure)
[33.089s][info ][gc,task        ] GC(592) Using 8 workers of 8 for evacuation
[33.090s][debug][gc,age         ] GC(592) Desired survivor size 1114112 bytes, new threshold 1 (max threshold 6)
[33.090s][trace][gc,age         ] GC(592) Age table with threshold 1 (max threshold 6)
[33.090s][trace][gc,age         ] GC(592) - age   1:    2002360 bytes,    2002360 total
[33.090s][info ][gc,heap        ] GC(592) ParNew: 19115K->1957K(19648K)
[33.090s][info ][gc,heap        ] GC(592) CMS: 23105K->23105K(43712K)
[33.090s][info ][gc,metaspace   ] GC(592) Metaspace: 15846K->15846K(1064960K)
[33.090s][info ][gc             ] GC(592) Pause Young (Allocation Failure) 41M->24M(61M) 1.321ms
[33.090s][info ][gc,cpu         ] GC(592) User=0.00s Sys=0.00s Real=0.00s
[33.092s][info ][gc,start       ] GC(593) Pause Young (Allocation Failure)
[33.092s][info ][gc,task        ] GC(593) Using 8 workers of 8 for evacuation
[33.093s][debug][gc,age         ] GC(593) Desired survivor size 1114112 bytes, new threshold 1 (max threshold 6)
[33.093s][trace][gc,age         ] GC(593) Age table with threshold 1 (max threshold 6)
[33.093s][trace][gc,age         ] GC(593) - age   1:    1601552 bytes,    1601552 total
[33.093s][info ][gc,heap        ] GC(593) ParNew: 19354K->1566K(19648K)
[33.093s][info ][gc,heap        ] GC(593) CMS: 23105K->23887K(43712K)
[33.093s][info ][gc,metaspace   ] GC(593) Metaspace: 15846K->15846K(1064960K)
[33.093s][info ][gc             ] GC(593) Pause Young (Allocation Failure) 41M->24M(61M) 1.701ms
[33.093s][info ][gc,cpu         ] GC(593) User=0.01s Sys=0.00s Real=0.00s
[33.095s][info ][gc,start       ] GC(594) Pause Young (Allocation Failure)
[33.095s][info ][gc,task        ] GC(594) Using 8 workers of 8 for evacuation
[33.096s][debug][gc,age         ] GC(594) Desired survivor size 1114112 bytes, new threshold 1 (max threshold 6)
[33.096s][trace][gc,age         ] GC(594) Age table with threshold 1 (max threshold 6)
[33.096s][trace][gc,age         ] GC(594) - age   1:    1601928 bytes,    1601928 total
[33.096s][info ][gc,heap        ] GC(594) ParNew: 18660K->1572K(19648K)
[33.096s][info ][gc,heap        ] GC(594) CMS: 23887K->24278K(43712K)
[33.096s][info ][gc,metaspace   ] GC(594) Metaspace: 15846K->15846K(1064960K)
[33.096s][info ][gc             ] GC(594) Pause Young (Allocation Failure) 41M->25M(61M) 0.820ms
[33.096s][info ][gc,cpu         ] GC(594) User=0.00s Sys=0.00s Real=0.00s
[33.097s][info ][gc,start       ] GC(595) Pause Young (Allocation Failure)
[33.097s][info ][gc,task        ] GC(595) Using 8 workers of 8 for evacuation
[33.098s][debug][gc,age         ] GC(595) Desired survivor size 1114112 bytes, new threshold 1 (max threshold 6)
[33.098s][trace][gc,age         ] GC(595) Age table with threshold 1 (max threshold 6)
[33.098s][trace][gc,age         ] GC(595) - age   1:    2002192 bytes,    2002192 total
[33.098s][info ][gc,heap        ] GC(595) ParNew: 18783K->1967K(19648K)
[33.098s][info ][gc,heap        ] GC(595) CMS: 24278K->25450K(43712K)
[33.098s][info ][gc,metaspace   ] GC(595) Metaspace: 15846K->15846K(1064960K)
[33.098s][info ][gc             ] GC(595) Pause Young (Allocation Failure) 42M->26M(61M) 0.833ms
[33.098s][info ][gc,cpu         ] GC(595) User=0.01s Sys=0.00s Real=0.01s
[33.099s][info ][gc,start       ] GC(596) Pause Young (Allocation Failure)
[33.099s][info ][gc,task        ] GC(596) Using 8 workers of 8 for evacuation
[33.101s][debug][gc,age         ] GC(596) Desired survivor size 1114112 bytes, new threshold 1 (max threshold 6)
[33.101s][trace][gc,age         ] GC(596) Age table with threshold 1 (max threshold 6)
[33.101s][trace][gc,age         ] GC(596) - age   1:    2002136 bytes,    2002136 total
[33.101s][info ][gc,heap        ] GC(596) ParNew: 19102K->1959K(19648K)
[33.101s][info ][gc,heap        ] GC(596) CMS: 25450K->26232K(43712K)
[33.101s][info ][gc,metaspace   ] GC(596) Metaspace: 15846K->15846K(1064960K)
[33.101s][info ][gc             ] GC(596) Pause Young (Allocation Failure) 43M->27M(61M) 1.375ms
[33.101s][info ][gc,cpu         ] GC(596) User=0.00s Sys=0.00s Real=0.00s
[33.102s][info ][gc,start       ] GC(597) Pause Young (Allocation Failure)
[33.102s][info ][gc,task        ] GC(597) Using 8 workers of 8 for evacuation
[33.103s][debug][gc,age         ] GC(597) Desired survivor size 1114112 bytes, new threshold 1 (max threshold 6)
[33.103s][trace][gc,age         ] GC(597) Age table with threshold 1 (max threshold 6)
[33.103s][trace][gc,age         ] GC(597) - age   1:    1602096 bytes,    1602096 total
[33.103s][info ][gc,heap        ] GC(597) ParNew: 19094K->1572K(19648K)
[33.103s][info ][gc,heap        ] GC(597) CMS: 26232K->26232K(43712K)
[33.103s][info ][gc,metaspace   ] GC(597) Metaspace: 15846K->15846K(1064960K)
[33.103s][info ][gc             ] GC(597) Pause Young (Allocation Failure) 44M->27M(61M) 1.379ms
[33.103s][info ][gc,cpu         ] GC(597) User=0.00s Sys=0.00s Real=0.00s
[33.105s][info ][gc,start       ] GC(598) Pause Young (Allocation Failure)
[33.105s][info ][gc,task        ] GC(598) Using 8 workers of 8 for evacuation
[33.106s][debug][gc,age         ] GC(598) Desired survivor size 1114112 bytes, new threshold 1 (max threshold 6)
[33.106s][trace][gc,age         ] GC(598) Age table with threshold 1 (max threshold 6)
[33.106s][trace][gc,age         ] GC(598) - age   1:    2002136 bytes,    2002136 total
[33.106s][info ][gc,heap        ] GC(598) ParNew: 18711K->1965K(19648K)
[33.106s][info ][gc,heap        ] GC(598) CMS: 26232K->27014K(43712K)
[33.106s][info ][gc,metaspace   ] GC(598) Metaspace: 15846K->15846K(1064960K)
[33.106s][info ][gc             ] GC(598) Pause Young (Allocation Failure) 43M->28M(61M) 0.826ms
[33.106s][info ][gc,cpu         ] GC(598) User=0.01s Sys=0.00s Real=0.00s
[33.107s][info ][gc,start       ] GC(599) Pause Young (Allocation Failure)
[33.107s][info ][gc,task        ] GC(599) Using 8 workers of 8 for evacuation
[33.108s][debug][gc,age         ] GC(599) Desired survivor size 1114112 bytes, new threshold 1 (max threshold 6)
[33.108s][trace][gc,age         ] GC(599) Age table with threshold 1 (max threshold 6)
[33.108s][trace][gc,age         ] GC(599) - age   1:    1602160 bytes,    1602160 total
[33.108s][info ][gc,heap        ] GC(599) ParNew: 19103K->1570K(19648K)
[33.108s][info ][gc,heap        ] GC(599) CMS: 27014K->27405K(43712K)
[33.108s][info ][gc,metaspace   ] GC(599) Metaspace: 15846K->15846K(1064960K)
[33.108s][info ][gc             ] GC(599) Pause Young (Allocation Failure) 45M->28M(61M) 1.417ms
[33.109s][info ][gc,cpu         ] GC(599) User=0.01s Sys=0.00s Real=0.01s
[33.110s][info ][gc,start       ] GC(600) Pause Young (Allocation Failure)
[33.110s][info ][gc,task        ] GC(600) Using 8 workers of 8 for evacuation
[33.112s][debug][gc,age         ] GC(600) Desired survivor size 1114112 bytes, new threshold 1 (max threshold 6)
[33.112s][trace][gc,age         ] GC(600) Age table with threshold 1 (max threshold 6)
[33.112s][trace][gc,age         ] GC(600) - age   1:    1601872 bytes,    1601872 total
[33.112s][info ][gc,heap        ] GC(600) ParNew: 18664K->1572K(19648K)
[33.112s][info ][gc,heap        ] GC(600) CMS: 27405K->28187K(43712K)
[33.112s][info ][gc,metaspace   ] GC(600) Metaspace: 15846K->15846K(1064960K)
[33.112s][info ][gc             ] GC(600) Pause Young (Allocation Failure) 44M->29M(61M) 1.506ms
[33.112s][info ][gc,cpu         ] GC(600) User=0.00s Sys=0.00s Real=0.00s
[33.113s][info ][gc,start       ] GC(601) Pause Young (Allocation Failure)
[33.113s][info ][gc,task        ] GC(601) Using 8 workers of 8 for evacuation
[33.115s][debug][gc,age         ] GC(601) Desired survivor size 1114112 bytes, new threshold 1 (max threshold 6)
[33.115s][trace][gc,age         ] GC(601) Age table with threshold 1 (max threshold 6)
[33.115s][trace][gc,age         ] GC(601) - age   1:    1202152 bytes,    1202152 total
[33.115s][info ][gc,heap        ] GC(601) ParNew: 18783K->1175K(19648K)
[33.115s][info ][gc,heap        ] GC(601) CMS: 28187K->28578K(43712K)
[33.115s][info ][gc,metaspace   ] GC(601) Metaspace: 15846K->15846K(1064960K)
[33.115s][info ][gc             ] GC(601) Pause Young (Allocation Failure) 45M->29M(61M) 2.109ms
[33.115s][info ][gc,cpu         ] GC(601) User=0.01s Sys=0.00s Real=0.00s
[33.117s][info ][gc,start       ] GC(602) Pause Young (Allocation Failure)
[33.117s][info ][gc,task        ] GC(602) Using 8 workers of 8 for evacuation
[33.119s][debug][gc,age         ] GC(602) Desired survivor size 1114112 bytes, new threshold 1 (max threshold 6)
[33.119s][trace][gc,age         ] GC(602) Age table with threshold 1 (max threshold 6)
[33.119s][trace][gc,age         ] GC(602) - age   1:    2001944 bytes,    2001944 total
[33.119s][info ][gc,heap        ] GC(602) ParNew: 18283K->1961K(19648K)
[33.119s][info ][gc,heap        ] GC(602) CMS: 28578K->28969K(43712K)
[33.119s][info ][gc,metaspace   ] GC(602) Metaspace: 15846K->15846K(1064960K)
[33.119s][info ][gc             ] GC(602) Pause Young (Allocation Failure) 45M->30M(61M) 1.881ms
[33.119s][info ][gc,cpu         ] GC(602) User=0.00s Sys=0.00s Real=0.01s
[33.120s][info ][gc,start       ] GC(603) Pause Young (Allocation Failure)
[33.121s][info ][gc,task        ] GC(603) Using 8 workers of 8 for evacuation
[33.122s][debug][gc,age         ] GC(603) Desired survivor size 1114112 bytes, new threshold 1 (max threshold 6)
[33.123s][trace][gc,age         ] GC(603) Age table with threshold 1 (max threshold 6)
[33.123s][trace][gc,age         ] GC(603) - age   1:    1201528 bytes,    1201528 total
[33.123s][info ][gc,heap        ] GC(603) ParNew: 19415K->1175K(19648K)
[33.123s][info ][gc,heap        ] GC(603) CMS: 28969K->29360K(43712K)
[33.123s][info ][gc,metaspace   ] GC(603) Metaspace: 15846K->15846K(1064960K)
[33.123s][info ][gc             ] GC(603) Pause Young (Allocation Failure) 47M->29M(61M) 2.139ms
[33.123s][info ][gc,cpu         ] GC(603) User=0.01s Sys=0.00s Real=0.00s
[33.124s][info ][gc,start       ] GC(604) Pause Young (Allocation Failure)
[33.124s][info ][gc,task        ] GC(604) Using 8 workers of 8 for evacuation
[33.125s][debug][gc,age         ] GC(604) Desired survivor size 1114112 bytes, new threshold 1 (max threshold 6)
[33.125s][trace][gc,age         ] GC(604) Age table with threshold 1 (max threshold 6)
[33.125s][trace][gc,age         ] GC(604) - age   1:    2003496 bytes,    2003496 total
[33.125s][info ][gc,heap        ] GC(604) ParNew: 18348K->1961K(19648K)
[33.125s][info ][gc,heap        ] GC(604) CMS: 29360K->29360K(43712K)
[33.125s][info ][gc,metaspace   ] GC(604) Metaspace: 15847K->15847K(1064960K)
[33.125s][info ][gc             ] GC(604) Pause Young (Allocation Failure) 46M->30M(61M) 1.370ms
[33.125s][info ][gc,cpu         ] GC(604) User=0.00s Sys=0.00s Real=0.00s
[33.126s][info ][gc,heap,exit   ] Heap
[33.126s][info ][gc,heap,exit   ]  par new generation   total 19648K, used 4927K [0x00000007fc000000, 0x00000007fd550000, 0x00000007fd550000)
[33.126s][info ][gc,heap,exit   ]   eden space 17472K,  16% used [0x00000007fc000000, 0x00000007fc2e58a8, 0x00000007fd110000)
[33.126s][info ][gc,heap,exit   ]   from space 2176K,  90% used [0x00000007fd110000, 0x00000007fd2fa4f8, 0x00000007fd330000)
[33.126s][info ][gc,heap,exit   ]   to   space 2176K,   0% used [0x00000007fd330000, 0x00000007fd330000, 0x00000007fd550000)
[33.126s][info ][gc,heap,exit   ]  concurrent mark-sweep generation total 43712K, used 29360K [0x00000007fd550000, 0x0000000800000000, 0x0000000800000000)
[33.126s][info ][gc,heap,exit   ]  Metaspace       used 15848K, capacity 16260K, committed 16512K, reserved 1064960K
[33.126s][info ][gc,heap,exit   ]   class space    used 1704K, capacity 1913K, committed 1920K, reserved 1048576K
