Total time for which application threads were stopped: 0.0001960 seconds
Total time for which application threads were stopped: 0.0002060 seconds
Total time for which application threads were stopped: 0.0001980 seconds
Total time for which application threads were stopped: 0.0004710 seconds
2012-01-20T16:08:33.048+0000: 1.161: [GC 1.161: [ParNew: 21863K->2040K(27328K), 0.0077710 secs] 21863K->2040K(4188864K), 0.0079050 secs] [Times: user=0.04 sys=0.01, real=0.01 secs] 
Total time for which application threads were stopped: 0.0081410 seconds
2012-01-20T16:08:33.067+0000: 1.180: [GC [1 CMS-initial-mark: 0K(4161536K)] 11904K(4188864K), 0.0043350 secs] [Times: user=0.00 sys=0.00, real=0.00 secs] 
Total time for which application threads were stopped: 0.0046120 seconds
2012-01-20T16:08:33.071+0000: 1.184: [CMS-concurrent-mark-start]
2012-01-20T16:08:33.346+0000: 1.459: [GC 1.459: [ParNew: 23928K->3240K(27328K), 0.0042120 secs] 23928K->3240K(4188864K), 0.0043110 secs] [Times: user=0.04 sys=0.01, real=0.00 secs] 
Total time for which application threads were stopped: 0.0045840 seconds
Total time for which application threads were stopped: 0.0000980 seconds
Total time for which application threads were stopped: 0.0001130 seconds
Total time for which application threads were stopped: 0.0000600 seconds
Total time for which application threads were stopped: 0.0001020 seconds
Total time for which application threads were stopped: 0.0000760 seconds
Total time for which application threads were stopped: 0.0000620 seconds
Total time for which application threads were stopped: 0.0000600 seconds
Total time for which application threads were stopped: 0.0000810 seconds
2012-01-20T16:08:33.764+0000: 1.877: [CMS-concurrent-mark: 0.013/0.693 secs] [Times: user=1.56 sys=0.03, real=0.70 secs] 
2012-01-20T16:08:33.764+0000: 1.877: [CMS-concurrent-preclean-start]
2012-01-20T16:08:33.795+0000: 1.909: [CMS-concurrent-preclean: 0.031/0.032 secs] [Times: user=0.12 sys=0.00, real=0.03 secs] 
2012-01-20T16:08:33.795+0000: 1.909: [CMS-concurrent-abortable-preclean-start]
2012-01-20T16:08:34.215+0000: 2.328: [GC 2.328: [ParNew: 25128K->3114K(27328K), 0.0031840 secs] 25128K->3114K(4188864K), 0.0032830 secs] [Times: user=0.03 sys=0.00, real=0.00 secs] 
Total time for which application threads were stopped: 0.0037870 seconds
Total time for which application threads were stopped: 0.0001340 seconds
Total time for which application threads were stopped: 0.0001470 seconds
Total time for which application threads were stopped: 0.0000480 seconds
Total time for which application threads were stopped: 0.0001120 seconds
Total time for which application threads were stopped: 0.0000410 seconds
Total time for which application threads were stopped: 0.0001000 seconds
Total time for which application threads were stopped: 0.0000710 seconds
Total time for which application threads were stopped: 0.0000900 seconds
Total time for which application threads were stopped: 0.0000790 seconds
Total time for which application threads were stopped: 0.0000850 seconds
Total time for which application threads were stopped: 0.0000740 seconds
Total time for which application threads were stopped: 0.0000950 seconds
Total time for which application threads were stopped: 0.0000700 seconds
Total time for which application threads were stopped: 0.0000800 seconds
Total time for which application threads were stopped: 0.0000410 seconds
Total time for which application threads were stopped: 0.0001050 seconds
Total time for which application threads were stopped: 0.0002750 seconds
Total time for which application threads were stopped: 0.0000910 seconds
Total time for which application threads were stopped: 0.0000420 seconds
Total time for which application threads were stopped: 0.0000570 seconds
Total time for which application threads were stopped: 0.0000400 seconds
Total time for which application threads were stopped: 0.0000780 seconds
Total time for which application threads were stopped: 0.0000470 seconds
Total time for which application threads were stopped: 0.0000630 seconds
Total time for which application threads were stopped: 0.0000490 seconds
Total time for which application threads were stopped: 0.0000900 seconds
Total time for which application threads were stopped: 0.0014120 seconds
Total time for which application threads were stopped: 0.0000580 seconds
Total time for which application threads were stopped: 0.0001650 seconds
Total time for which application threads were stopped: 0.0000740 seconds
Total time for which application threads were stopped: 0.0000860 seconds
Total time for which application threads were stopped: 0.0000620 seconds
Total time for which application threads were stopped: 0.0000790 seconds
Total time for which application threads were stopped: 0.0001420 seconds
Total time for which application threads were stopped: 0.0000700 seconds
Total time for which application threads were stopped: 0.0000990 seconds
2012-01-20T16:08:34.477+0000: 2.590: [CMS-concurrent-abortable-preclean: 0.087/0.682 secs] [Times: user=2.05 sys=0.03, real=0.68 secs] 
2012-01-20T16:08:34.478+0000: 2.591: [GC[YG occupancy: 14145 K (27328 K)]2.591: [Rescan (parallel) , 0.0134520 secs]2.604: [weak refs processing, 0.0001740 secs] [1 CMS-remark: 0K(4161536K)] 14145K(4188864K), 0.0137640 secs] [Times: user=0.14 sys=0.00, real=0.01 secs] 
Total time for which application threads were stopped: 0.0141260 seconds
2012-01-20T16:08:34.492+0000: 2.605: [CMS-concurrent-sweep-start]
2012-01-20T16:08:34.492+0000: 2.605: [CMS-concurrent-sweep: 0.000/0.000 secs] [Times: user=0.00 sys=0.00, real=0.00 secs] 
2012-01-20T16:08:34.492+0000: 2.605: [CMS-concurrent-reset-start]
2012-01-20T16:08:34.727+0000: 2.841: [GC 2.841: [ParNew: 25002K->4947K(27328K), 0.0072450 secs] 25002K->4947K(4188864K), 0.0073560 secs] [Times: user=0.07 sys=0.00, real=0.01 secs] 
Total time for which application threads were stopped: 0.0077050 seconds
Total time for which application threads were stopped: 0.0001000 seconds
Total time for which application threads were stopped: 0.0000970 seconds
Total time for which application threads were stopped: 0.0000670 seconds
Total time for which application threads were stopped: 0.0000700 seconds
Total time for which application threads were stopped: 0.0000670 seconds
Total time for which application threads were stopped: 0.0002490 seconds
Total time for which application threads were stopped: 0.0000670 seconds
Total time for which application threads were stopped: 0.0000640 seconds
Total time for which application threads were stopped: 0.0000700 seconds
Total time for which application threads were stopped: 0.0000400 seconds
Total time for which application threads were stopped: 0.0001470 seconds
Total time for which application threads were stopped: 0.0018320 seconds
Total time for which application threads were stopped: 0.0000720 seconds
Total time for which application threads were stopped: 0.0000600 seconds
Total time for which application threads were stopped: 0.0000390 seconds
Total time for which application threads were stopped: 0.0000640 seconds
Total time for which application threads were stopped: 0.0000360 seconds
Total time for which application threads were stopped: 0.0000700 seconds
Total time for which application threads were stopped: 0.0000850 seconds
Total time for which application threads were stopped: 0.0000340 seconds
Total time for which application threads were stopped: 0.0000730 seconds
Total time for which application threads were stopped: 0.0000350 seconds
Total time for which application threads were stopped: 0.0000610 seconds
Total time for which application threads were stopped: 0.0000390 seconds
Total time for which application threads were stopped: 0.0000350 seconds
Total time for which application threads were stopped: 0.0000350 seconds
Total time for which application threads were stopped: 0.0000860 seconds
Total time for which application threads were stopped: 0.0000380 seconds
Total time for which application threads were stopped: 0.0000600 seconds
Total time for which application threads were stopped: 0.0001830 seconds
Total time for which application threads were stopped: 0.0000670 seconds
Total time for which application threads were stopped: 0.0000420 seconds
Total time for which application threads were stopped: 0.0000680 seconds
Total time for which application threads were stopped: 0.0000860 seconds
Total time for which application threads were stopped: 0.0001560 seconds
Total time for which application threads were stopped: 0.0002510 seconds
2012-01-20T16:08:39.587+0000: 7.701: [GC 7.701: [ParNew: 26835K->5293K(27328K), 0.0219890 secs] 26835K->7192K(4188864K), 0.0221040 secs] [Times: user=0.15 sys=0.01, real=0.02 secs] 
Total time for which application threads were stopped: 0.0226040 seconds
Total time for which application threads were stopped: 0.0000900 seconds
Total time for which application threads were stopped: 0.0000460 seconds
Total time for which application threads were stopped: 0.0000450 seconds
Total time for which application threads were stopped: 0.0001380 seconds
Total time for which application threads were stopped: 0.0000720 seconds
Total time for which application threads were stopped: 0.0002940 seconds
2012-01-20T16:08:40.025+0000: 8.138: [GC 8.138: [ParNew: 27181K->5440K(27328K), 0.1263420 secs] 29080K->27669K(4188864K), 0.1264610 secs] [Times: user=0.73 sys=0.09, real=0.12 secs] 
Total time for which application threads were stopped: 0.1267700 seconds
2012-01-20T16:08:40.166+0000: 8.280: [GC 8.280: [ParNew: 27328K->5440K(27328K), 0.0880080 secs] 49557K->49968K(4188864K), 0.0881170 secs] [Times: user=0.84 sys=0.05, real=0.09 secs] 
Total time for which application threads were stopped: 0.0883990 seconds
2012-01-20T16:08:40.271+0000: 8.384: [GC 8.384: [ParNew: 27328K->5440K(27328K), 0.0878540 secs] 71856K->71738K(4188864K), 0.0879620 secs] [Times: user=0.89 sys=0.05, real=0.09 secs] 
Total time for which application threads were stopped: 0.0881900 seconds
Total time for which application threads were stopped: 0.0002660 seconds
2012-01-20T16:08:40.376+0000: 8.489: [GC 8.489: [ParNew: 27328K->5440K(27328K), 0.0777470 secs] 93626K->94136K(4188864K), 0.0778540 secs] [Times: user=0.75 sys=0.03, real=0.08 secs] 
Total time for which application threads were stopped: 0.0780120 seconds
2012-01-20T16:08:40.471+0000: 8.584: [GC 8.584: [ParNew: 27328K->5440K(27328K), 0.0732740 secs] 116024K->116158K(4188864K), 0.0733850 secs] [Times: user=0.71 sys=0.03, real=0.08 secs] 
Total time for which application threads were stopped: 0.0735590 seconds
2012-01-20T16:08:40.922+0000: 9.035: [CMS-concurrent-reset: 0.161/6.430 secs] [Times: user=6.10 sys=2.63, real=6.43 secs] 
2012-01-20T16:08:40.936+0000: 9.050: [GC 9.050: [ParNew: 27328K->5440K(27328K), 0.1706950 secs] 138046K->137076K(4188864K) icms_dc=25 , 0.1708100 secs] [Times: user=1.94 sys=0.05, real=0.17 secs] 
Total time for which application threads were stopped: 0.1711530 seconds
2012-01-20T16:08:41.112+0000: 9.225: [GC [1 CMS-initial-mark: 131636K(4161536K)] 145340K(4188864K), 0.0121340 secs] [Times: user=0.01 sys=0.00, real=0.02 secs] 
Total time for which application threads were stopped: 0.0124050 seconds
2012-01-20T16:08:41.124+0000: 9.237: [CMS-concurrent-mark-start]
2012-01-20T16:08:41.134+0000: 9.247: [GC 9.247: [ParNew: 27328K->5440K(27328K), 0.0652100 secs] 158964K->158984K(4188864K) icms_dc=40 , 0.0653240 secs] [Times: user=0.68 sys=0.04, real=0.06 secs] 
Total time for which application threads were stopped: 0.0655280 seconds
2012-01-20T16:08:41.217+0000: 9.331: [GC 9.331: [ParNew: 27328K->5440K(27328K), 0.0746030 secs] 180872K->180871K(4188864K) icms_dc=55 , 0.0747160 secs] [Times: user=0.80 sys=0.03, real=0.07 secs] 
Total time for which application threads were stopped: 0.0749570 seconds
2012-01-20T16:08:41.312+0000: 9.425: [GC 9.425: [ParNew: 27328K->5440K(27328K), 0.0704680 secs] 202759K->202842K(4188864K) icms_dc=70 , 0.0705800 secs] [Times: user=0.76 sys=0.03, real=0.07 secs] 
Total time for which application threads were stopped: 0.0708060 seconds
2012-01-20T16:08:41.402+0000: 9.515: [GC 9.515: [ParNew: 27328K->5440K(27328K), 0.0629920 secs] 224730K->224787K(4188864K) icms_dc=87 , 0.0631020 secs] [Times: user=0.67 sys=0.02, real=0.07 secs] 
Total time for which application threads were stopped: 0.0633190 seconds
2012-01-20T16:08:41.485+0000: 9.598: [GC 9.598: [ParNew: 27328K->5440K(27328K), 0.0546010 secs] 246675K->246718K(4188864K) icms_dc=100 , 0.0547140 secs] [Times: user=0.55 sys=0.02, real=0.05 secs] 
Total time for which application threads were stopped: 0.0550950 seconds
2012-01-20T16:08:41.561+0000: 9.674: [GC 9.674: [ParNew: 27328K->5440K(27328K), 0.0640700 secs] 268606K->268739K(4188864K) icms_dc=100 , 0.0641810 secs] [Times: user=0.68 sys=0.03, real=0.07 secs] 
Total time for which application threads were stopped: 0.0644200 seconds
2012-01-20T16:08:41.646+0000: 9.759: [GC 9.759: [ParNew: 27328K->5440K(27328K), 0.0798820 secs] 290627K->290698K(4188864K) icms_dc=100 , 0.0799960 secs] [Times: user=0.87 sys=0.03, real=0.08 secs] 
Total time for which application threads were stopped: 0.0802270 seconds
2012-01-20T16:08:41.746+0000: 9.859: [GC 9.859: [ParNew: 27328K->5440K(27328K), 0.0712890 secs] 312586K->312656K(4188864K) icms_dc=100 , 0.0714030 secs] [Times: user=0.78 sys=0.03, real=0.07 secs] 
Total time for which application threads were stopped: 0.0716410 seconds
2012-01-20T16:08:41.837+0000: 9.950: [GC 9.950: [ParNew: 27328K->5440K(27328K), 0.0623390 secs] 334544K->334537K(4188864K) icms_dc=100 , 0.0624520 secs] [Times: user=0.65 sys=0.04, real=0.06 secs] 
Total time for which application threads were stopped: 0.0626960 seconds
2012-01-20T16:08:41.919+0000: 10.032: [GC 10.032: [ParNew: 27328K->5438K(27328K), 0.0700980 secs] 356425K->356404K(4188864K) icms_dc=100 , 0.0702180 secs] [Times: user=0.75 sys=0.04, real=0.07 secs] 
Total time for which application threads were stopped: 0.0704630 seconds
2012-01-20T16:08:42.010+0000: 10.123: [GC 10.123: [ParNew: 27326K->5440K(27328K), 0.0697950 secs] 378292K->378284K(4188864K) icms_dc=100 , 0.0699110 secs] [Times: user=0.75 sys=0.03, real=0.07 secs] 
Total time for which application threads were stopped: 0.0702680 seconds
2012-01-20T16:08:42.099+0000: 10.212: [GC 10.212: [ParNew: 27328K->5440K(27328K), 0.0738710 secs] 400172K->400257K(4188864K) icms_dc=100 , 0.0739860 secs] [Times: user=0.80 sys=0.03, real=0.07 secs] 
Total time for which application threads were stopped: 0.0742320 seconds
2012-01-20T16:08:42.193+0000: 10.306: [GC 10.306: [ParNew: 27328K->5440K(27328K), 0.0645750 secs] 422145K->422139K(4188864K) icms_dc=100 , 0.0646960 secs] [Times: user=0.67 sys=0.04, real=0.07 secs] 
Total time for which application threads were stopped: 0.0649580 seconds
2012-01-20T16:08:42.276+0000: 10.389: [GC 10.389: [ParNew: 27328K->5440K(27328K), 0.0563530 secs] 444027K->444035K(4188864K) icms_dc=100 , 0.0564670 secs] [Times: user=0.58 sys=0.03, real=0.05 secs] 
Total time for which application threads were stopped: 0.0566550 seconds
2012-01-20T16:08:42.350+0000: 10.463: [GC 10.463: [ParNew: 27328K->5438K(27328K), 0.0688470 secs] 465923K->465916K(4188864K) icms_dc=100 , 0.0689620 secs] [Times: user=0.74 sys=0.04, real=0.07 secs] 
Total time for which application threads were stopped: 0.0691600 seconds
2012-01-20T16:08:42.438+0000: 10.551: [GC 10.551: [ParNew: 27326K->5440K(27328K), 0.0752060 secs] 487804K->487759K(4188864K) icms_dc=100 , 0.0753230 secs] [Times: user=0.82 sys=0.03, real=0.07 secs] 
Total time for which application threads were stopped: 0.0755570 seconds
2012-01-20T16:08:42.531+0000: 10.644: [GC 10.644: [ParNew: 27328K->5440K(27328K), 0.0663850 secs] 509647K->509640K(4188864K) icms_dc=100 , 0.0664980 secs] [Times: user=0.72 sys=0.02, real=0.07 secs] 
Total time for which application threads were stopped: 0.0668060 seconds
2012-01-20T16:08:42.615+0000: 10.729: [GC 10.729: [ParNew: 27328K->5440K(27328K), 0.0617920 secs] 531528K->531521K(4188864K) icms_dc=100 , 0.0618980 secs] [Times: user=0.66 sys=0.03, real=0.06 secs] 
Total time for which application threads were stopped: 0.0620810 seconds
2012-01-20T16:08:42.695+0000: 10.809: [GC 10.809: [ParNew: 27328K->5440K(27328K), 0.0627070 secs] 553409K->553402K(4188864K) icms_dc=100 , 0.0628200 secs] [Times: user=0.65 sys=0.03, real=0.06 secs] 
Total time for which application threads were stopped: 0.0630060 seconds
2012-01-20T16:08:42.777+0000: 10.890: [GC 10.890: [ParNew: 27328K->5440K(27328K), 0.0755710 secs] 575290K->575283K(4188864K) icms_dc=100 , 0.0756790 secs] [Times: user=0.82 sys=0.03, real=0.07 secs] 
Total time for which application threads were stopped: 0.0759210 seconds
2012-01-20T16:08:42.871+0000: 10.984: [GC 10.984: [ParNew: 27328K->5440K(27328K), 0.0722490 secs] 597171K->597174K(4188864K) icms_dc=100 , 0.0723590 secs] [Times: user=0.77 sys=0.04, real=0.07 secs] 
Total time for which application threads were stopped: 0.0725470 seconds
Total time for which application threads were stopped: 0.0003170 seconds
2012-01-20T16:08:42.962+0000: 11.075: [GC 11.075: [ParNew: 27328K->5440K(27328K), 0.0656800 secs] 619062K->619021K(4188864K) icms_dc=100 , 0.0657980 secs] [Times: user=0.68 sys=0.03, real=0.07 secs] 
Total time for which application threads were stopped: 0.0659960 seconds
2012-01-20T16:08:43.046+0000: 11.159: [GC 11.159: [ParNew: 27328K->5438K(27328K), 0.0629990 secs] 640909K->640901K(4188864K) icms_dc=100 , 0.0631020 secs] [Times: user=0.66 sys=0.03, real=0.06 secs] 
Total time for which application threads were stopped: 0.0633890 seconds
2012-01-20T16:08:43.127+0000: 11.240: [GC 11.241: [ParNew: 27326K->5440K(27328K), 0.0743340 secs] 662789K->662782K(4188864K) icms_dc=100 , 0.0744410 secs] [Times: user=0.81 sys=0.03, real=0.07 secs] 
Total time for which application threads were stopped: 0.0746250 seconds
2012-01-20T16:08:43.220+0000: 11.333: [GC 11.333: [ParNew: 27328K->5440K(27328K), 0.0743110 secs] 684670K->684664K(4188864K) icms_dc=100 , 0.0744190 secs] [Times: user=0.82 sys=0.03, real=0.08 secs] 
Total time for which application threads were stopped: 0.0746050 seconds
2012-01-20T16:08:43.314+0000: 11.427: [GC 11.427: [ParNew: 27328K->5440K(27328K), 0.0697250 secs] 706552K->706544K(4188864K) icms_dc=100 , 0.0698680 secs] [Times: user=0.75 sys=0.03, real=0.06 secs] 
Total time for which application threads were stopped: 0.0700640 seconds
2012-01-20T16:08:43.402+0000: 11.515: [GC 11.515: [ParNew: 27328K->5440K(27328K), 0.0585220 secs] 728432K->728434K(4188864K) icms_dc=100 , 0.0586300 secs] [Times: user=0.60 sys=0.03, real=0.06 secs] 
Total time for which application threads were stopped: 0.0588080 seconds
2012-01-20T16:08:43.478+0000: 11.591: [GC 11.591: [ParNew: 27328K->5440K(27328K), 0.0652780 secs] 750322K->750283K(4188864K) icms_dc=100 , 0.0653950 secs] [Times: user=0.70 sys=0.03, real=0.06 secs] 
Total time for which application threads were stopped: 0.0656200 seconds
2012-01-20T16:08:43.562+0000: 11.675: [GC 11.675: [ParNew: 27328K->5440K(27328K), 0.0692010 secs] 772171K->772164K(4188864K) icms_dc=100 , 0.0693110 secs] [Times: user=0.75 sys=0.03, real=0.07 secs] 
Total time for which application threads were stopped: 0.0696120 seconds
2012-01-20T16:08:43.650+0000: 11.763: [GC 11.763: [ParNew: 27328K->5440K(27328K), 0.0728320 secs] 794052K->794045K(4188864K) icms_dc=100 , 0.0729370 secs] [Times: user=0.79 sys=0.03, real=0.07 secs] 
Total time for which application threads were stopped: 0.0731210 seconds
2012-01-20T16:08:43.741+0000: 11.854: [GC 11.854: [ParNew: 27328K->5440K(27328K), 0.0661340 secs] 815933K->815991K(4188864K) icms_dc=100 , 0.0662400 secs] [Times: user=0.71 sys=0.03, real=0.07 secs] 
Total time for which application threads were stopped: 0.0664170 seconds
2012-01-20T16:08:43.825+0000: 11.938: [GC 11.938: [ParNew: 27328K->5438K(27328K), 0.0545400 secs] 837879K->837924K(4188864K) icms_dc=100 , 0.0546470 secs] [Times: user=0.55 sys=0.03, real=0.05 secs] 
Total time for which application threads were stopped: 0.0548330 seconds
2012-01-20T16:08:43.898+0000: 12.011: [GC 12.011: [ParNew: 27326K->5440K(27328K), 0.0622800 secs] 859812K->859803K(4188864K) icms_dc=100 , 0.0623880 secs] [Times: user=0.66 sys=0.03, real=0.06 secs] 
Total time for which application threads were stopped: 0.0625650 seconds
2012-01-20T16:08:43.979+0000: 12.093: [GC 12.093: [ParNew: 27328K->5438K(27328K), 0.0798210 secs] 881691K->881658K(4188864K) icms_dc=100 , 0.0799420 secs] [Times: user=0.87 sys=0.04, real=0.08 secs] 
Total time for which application threads were stopped: 0.0802160 seconds
2012-01-20T16:08:44.063+0000: 12.176: [CMS-concurrent-mark: 0.595/2.939 secs] [Times: user=27.44 sys=1.12, real=2.93 secs] 
2012-01-20T16:08:44.063+0000: 12.176: [CMS-concurrent-preclean-start]
2012-01-20T16:08:44.094+0000: 12.208: [GC 12.208: [ParNew: 27326K->5440K(27328K), 0.0681750 secs] 903546K->903537K(4188864K) icms_dc=100 , 0.0682830 secs] [Times: user=0.73 sys=0.03, real=0.06 secs] 
Total time for which application threads were stopped: 0.0686050 seconds
2012-01-20T16:08:44.415+0000: 12.528: [GC 12.528: [ParNew: 27328K->5440K(27328K), 0.1312460 secs] 925425K->922346K(4188864K) icms_dc=100 , 0.1313630 secs] [Times: user=1.62 sys=0.02, real=0.13 secs] 
Total time for which application threads were stopped: 0.1316720 seconds
2012-01-20T16:08:44.569+0000: 12.682: [GC 12.682: [ParNew: 27328K->5440K(27328K), 0.1222520 secs] 944234K->944204K(4188864K) icms_dc=100 , 0.1223730 secs] [Times: user=1.40 sys=0.04, real=0.12 secs] 
Total time for which application threads were stopped: 0.1225990 seconds
Total time for which application threads were stopped: 0.0002570 seconds
2012-01-20T16:08:44.708+0000: 12.822: [GC 12.822: [ParNew: 27328K->5440K(27328K), 0.0841030 secs] 966092K->966051K(4188864K) icms_dc=100 , 0.0842250 secs] [Times: user=0.94 sys=0.04, real=0.08 secs] 
Total time for which application threads were stopped: 0.0844460 seconds
2012-01-20T16:08:44.810+0000: 12.923: [GC 12.923: [ParNew: 27328K->5440K(27328K), 0.0867480 secs] 987939K->987937K(4188864K) icms_dc=100 , 0.0868590 secs] [Times: user=0.99 sys=0.03, real=0.09 secs] 
Total time for which application threads were stopped: 0.0870390 seconds
2012-01-20T16:08:44.914+0000: 13.027: [GC 13.027: [ParNew: 27328K->5440K(27328K), 0.0914270 secs] 1009825K->1009833K(4188864K) icms_dc=100 , 0.0915360 secs] [Times: user=1.04 sys=0.03, real=0.10 secs] 
Total time for which application threads were stopped: 0.0917150 seconds
2012-01-20T16:08:45.022+0000: 13.135: [GC 13.135: [ParNew: 27328K->5440K(27328K), 0.0859430 secs] 1031721K->1031719K(4188864K) icms_dc=100 , 0.0860460 secs] [Times: user=0.98 sys=0.02, real=0.09 secs] 
Total time for which application threads were stopped: 0.0862490 seconds
2012-01-20T16:08:45.126+0000: 13.239: [GC 13.239: [ParNew: 27328K->5440K(27328K), 0.0745170 secs] 1053607K->1053569K(4188864K) icms_dc=100 , 0.0746360 secs] [Times: user=0.83 sys=0.03, real=0.07 secs] 
Total time for which application threads were stopped: 0.0748700 seconds
2012-01-20T16:08:45.218+0000: 13.331: [GC 13.331: [ParNew: 27328K->5440K(27328K), 0.0962090 secs] 1075457K->1075454K(4188864K) icms_dc=100 , 0.0963180 secs] [Times: user=1.11 sys=0.03, real=0.09 secs] 
Total time for which application threads were stopped: 0.0966020 seconds
2012-01-20T16:08:45.331+0000: 13.444: [GC 13.445: [ParNew: 27328K->5440K(27328K), 0.0910720 secs] 1097342K->1097339K(4188864K) icms_dc=100 , 0.0911780 secs] [Times: user=1.03 sys=0.03, real=0.09 secs] 
Total time for which application threads were stopped: 0.0913510 seconds
2012-01-20T16:08:45.440+0000: 13.553: [GC 13.553: [ParNew: 27328K->5440K(27328K), 0.0918100 secs] 1119227K->1119223K(4188864K) icms_dc=100 , 0.0919170 secs] [Times: user=1.05 sys=0.03, real=0.09 secs] 
Total time for which application threads were stopped: 0.0920880 seconds
2012-01-20T16:08:45.548+0000: 13.661: [GC 13.661: [ParNew: 27328K->5440K(27328K), 0.0937740 secs] 1141111K->1141115K(4188864K) icms_dc=100 , 0.0938830 secs] [Times: user=1.08 sys=0.02, real=0.09 secs] 
Total time for which application threads were stopped: 0.0940590 seconds
2012-01-20T16:08:45.660+0000: 13.773: [GC 13.773: [ParNew: 27328K->5440K(27328K), 0.0826170 secs] 1163003K->1162971K(4188864K) icms_dc=100 , 0.0827310 secs] [Times: user=0.92 sys=0.04, real=0.08 secs] 
Total time for which application threads were stopped: 0.0829290 seconds
2012-01-20T16:08:45.760+0000: 13.874: [GC 13.874: [ParNew: 27328K->5440K(27328K), 0.0757580 secs] 1184859K->1184856K(4188864K) icms_dc=100 , 0.0759280 secs] [Times: user=0.81 sys=0.03, real=0.08 secs] 
Total time for which application threads were stopped: 0.0763680 seconds
2012-01-20T16:08:45.855+0000: 13.968: [GC 13.968: [ParNew: 27328K->5440K(27328K), 0.0782870 secs] 1206744K->1206742K(4188864K) icms_dc=100 , 0.0783930 secs] [Times: user=0.87 sys=0.06, real=0.07 secs] 
Total time for which application threads were stopped: 0.0786610 seconds
2012-01-20T16:08:45.951+0000: 14.064: [GC 14.064: [ParNew: 27328K->5440K(27328K), 0.0801630 secs] 1228630K->1228539K(4188864K) icms_dc=100 , 0.0802920 secs] [Times: user=0.91 sys=0.03, real=0.08 secs] 
Total time for which application threads were stopped: 0.0805780 seconds
2012-01-20T16:08:46.050+0000: 14.164: [GC 14.164: [ParNew: 27328K->5440K(27328K), 0.0881100 secs] 1250427K->1250380K(4188864K) icms_dc=100 , 0.0882470 secs] [Times: user=1.01 sys=0.02, real=0.09 secs] 
Total time for which application threads were stopped: 0.0885370 seconds
2012-01-20T16:08:46.156+0000: 14.269: [GC 14.269: [ParNew: 27328K->5440K(27328K), 0.0846310 secs] 1272268K->1272236K(4188864K) icms_dc=100 , 0.0847610 secs] [Times: user=0.94 sys=0.03, real=0.08 secs] 
Total time for which application threads were stopped: 0.0850560 seconds
2012-01-20T16:08:46.259+0000: 14.372: [GC 14.372: [ParNew: 27328K->5440K(27328K), 0.0820990 secs] 1294124K->1294121K(4188864K) icms_dc=100 , 0.0822260 secs] [Times: user=0.93 sys=0.03, real=0.08 secs] 
Total time for which application threads were stopped: 0.0825200 seconds
2012-01-20T16:08:46.360+0000: 14.473: [GC 14.473: [ParNew: 27328K->5440K(27328K), 0.0830450 secs] 1316009K->1316006K(4188864K) icms_dc=100 , 0.0831620 secs] [Times: user=0.95 sys=0.02, real=0.08 secs] 
Total time for which application threads were stopped: 0.0835700 seconds
2012-01-20T16:08:46.460+0000: 14.574: [GC 14.574: [ParNew: 27328K->5440K(27328K), 0.0737460 secs] 1337894K->1337891K(4188864K) icms_dc=100 , 0.0738730 secs] [Times: user=0.81 sys=0.04, real=0.07 secs] 
Total time for which application threads were stopped: 0.0741590 seconds
2012-01-20T16:08:46.553+0000: 14.667: [GC 14.667: [ParNew: 27328K->5440K(27328K), 0.0924590 secs] 1359779K->1359777K(4188864K) icms_dc=100 , 0.0925850 secs] [Times: user=1.06 sys=0.03, real=0.10 secs] 
Total time for which application threads were stopped: 0.0928740 seconds
2012-01-20T16:08:46.665+0000: 14.778: [GC 14.778: [ParNew: 27328K->5440K(27328K), 0.0900400 secs] 1381665K->1381632K(4188864K) icms_dc=100 , 0.0901700 secs] [Times: user=1.04 sys=0.03, real=0.09 secs] 
Total time for which application threads were stopped: 0.0904670 seconds
2012-01-20T16:08:46.773+0000: 14.886: [GC 14.886: [ParNew: 27328K->5440K(27328K), 0.0801040 secs] 1403520K->1403518K(4188864K) icms_dc=100 , 0.0802480 secs] [Times: user=0.87 sys=0.05, real=0.08 secs] 
Total time for which application threads were stopped: 0.0805490 seconds
2012-01-20T16:08:46.870+0000: 14.983: [GC 14.983: [ParNew: 27328K->5440K(27328K), 0.0887010 secs] 1425406K->1425383K(4188864K) icms_dc=100 , 0.0888080 secs] [Times: user=1.01 sys=0.02, real=0.09 secs] 
Total time for which application threads were stopped: 0.0890940 seconds
2012-01-20T16:08:46.976+0000: 15.089: [GC 15.089: [ParNew: 27328K->5440K(27328K), 0.0990500 secs] 1447271K->1447293K(4188864K) icms_dc=100 , 0.0991580 secs] [Times: user=1.14 sys=0.03, real=0.10 secs] 
Total time for which application threads were stopped: 0.1004810 seconds
2012-01-20T16:08:47.106+0000: 15.219: [GC 15.219: [ParNew: 27328K->5440K(27328K), 0.0844740 secs] 1469181K->1469179K(4188864K) icms_dc=100 , 0.0845880 secs] [Times: user=0.96 sys=0.03, real=0.08 secs] 
Total time for which application threads were stopped: 0.0847650 seconds
2012-01-20T16:08:47.206+0000: 15.319: [GC 15.320: [ParNew: 27328K->5440K(27328K), 0.0939880 secs] 1491067K->1491035K(4188864K) icms_dc=100 , 0.0941050 secs] [Times: user=1.08 sys=0.03, real=0.09 secs] 
Total time for which application threads were stopped: 0.0942880 seconds
2012-01-20T16:08:47.318+0000: 15.431: [GC 15.431: [ParNew: 27328K->5440K(27328K), 0.0962550 secs] 1512923K->1512920K(4188864K) icms_dc=100 , 0.0964010 secs] [Times: user=1.12 sys=0.03, real=0.09 secs] 
Total time for which application threads were stopped: 0.0965960 seconds
2012-01-20T16:08:47.431+0000: 15.544: [GC 15.544: [ParNew: 27328K->5440K(27328K), 0.0786290 secs] 1534808K->1534805K(4188864K) icms_dc=100 , 0.0787460 secs] [Times: user=0.88 sys=0.02, real=0.08 secs] 
Total time for which application threads were stopped: 0.0790260 seconds
2012-01-20T16:08:47.526+0000: 15.639: [GC 15.639: [ParNew: 27328K->5440K(27328K), 0.0970150 secs] 1556693K->1556692K(4188864K) icms_dc=100 , 0.0971230 secs] [Times: user=1.10 sys=0.04, real=0.09 secs] 
Total time for which application threads were stopped: 0.0973190 seconds
2012-01-20T16:08:47.641+0000: 15.754: [GC 15.754: [ParNew: 27328K->5440K(27328K), 0.0889840 secs] 1578580K->1578577K(4188864K) icms_dc=100 , 0.0890900 secs] [Times: user=1.01 sys=0.03, real=0.09 secs] 
Total time for which application threads were stopped: 0.0892660 seconds
2012-01-20T16:08:47.746+0000: 15.859: [GC 15.859: [ParNew: 27328K->5440K(27328K), 0.0814190 secs] 1600465K->1600433K(4188864K) icms_dc=100 , 0.0815510 secs] [Times: user=0.91 sys=0.03, real=0.08 secs] 
Total time for which application threads were stopped: 0.0817340 seconds
2012-01-20T16:08:47.844+0000: 15.957: [GC 15.957: [ParNew: 27328K->5440K(27328K), 0.0859490 secs] 1622321K->1622319K(4188864K) icms_dc=100 , 0.0860550 secs] [Times: user=0.97 sys=0.04, real=0.09 secs] 
Total time for which application threads were stopped: 0.0862530 seconds
2012-01-20T16:08:47.947+0000: 16.060: [GC 16.061: [ParNew: 27328K->5440K(27328K), 0.0861060 secs] 1644207K->1644203K(4188864K) icms_dc=100 , 0.0862160 secs] [Times: user=0.99 sys=0.02, real=0.08 secs] 
Total time for which application threads were stopped: 0.0865130 seconds
2012-01-20T16:08:48.051+0000: 16.164: [GC 16.164: [ParNew: 27328K->5440K(27328K), 0.0787380 secs] 1666091K->1666089K(4188864K) icms_dc=100 , 0.0788450 secs] [Times: user=0.89 sys=0.02, real=0.08 secs] 
Total time for which application threads were stopped: 0.0790220 seconds
2012-01-20T16:08:48.146+0000: 16.259: [GC 16.259: [ParNew: 27328K->5440K(27328K), 0.0834920 secs] 1687977K->1687973K(4188864K) icms_dc=100 , 0.0836000 secs] [Times: user=0.94 sys=0.03, real=0.08 secs] 
Total time for which application threads were stopped: 0.0837900 seconds
2012-01-20T16:08:48.247+0000: 16.361: [GC 16.361: [ParNew: 27328K->5440K(27328K), 0.0786190 secs] 1709861K->1709829K(4188864K) icms_dc=100 , 0.0787350 secs] [Times: user=0.88 sys=0.03, real=0.08 secs] 
Total time for which application threads were stopped: 0.0789180 seconds
2012-01-20T16:08:48.344+0000: 16.457: [GC 16.457: [ParNew: 27328K->5440K(27328K), 0.0836680 secs] 1731717K->1731715K(4188864K) icms_dc=100 , 0.0837750 secs] [Times: user=0.94 sys=0.03, real=0.09 secs] 
Total time for which application threads were stopped: 0.0839600 seconds
2012-01-20T16:08:48.444+0000: 16.557: [GC 16.557: [ParNew: 27328K->5440K(27328K), 0.0893700 secs] 1753603K->1753599K(4188864K) icms_dc=100 , 0.0894740 secs] [Times: user=1.02 sys=0.04, real=0.09 secs] 
Total time for which application threads were stopped: 0.0896460 seconds
2012-01-20T16:08:48.734+0000: 16.847: [CMS-concurrent-preclean: 1.148/4.671 secs] [Times: user=41.81 sys=1.26, real=4.67 secs] 
2012-01-20T16:08:48.734+0000: 16.847: [CMS-concurrent-abortable-preclean-start]
Total time for which application threads were stopped: 0.0002940 seconds
2012-01-20T16:08:49.630+0000: 17.743: [CMS-concurrent-abortable-preclean: 0.391/0.896 secs] [Times: user=0.86 sys=0.03, real=0.90 secs] 
2012-01-20T16:08:49.630+0000: 17.743: [GC[YG occupancy: 16471 K (27328 K)]17.744: [Rescan (parallel) , 0.0033280 secs]17.747: [weak refs processing, 0.0003770 secs] [1 CMS-remark: 1748159K(4161536K)] 1764630K(4188864K), 0.0038180 secs] [Times: user=0.04 sys=0.00, real=0.00 secs] 
Total time for which application threads were stopped: 0.0040310 seconds
2012-01-20T16:08:49.634+0000: 17.748: [CMS-concurrent-sweep-start]
2012-01-20T16:08:49.768+0000: 17.882: [CMS-concurrent-sweep: 0.132/0.134 secs] [Times: user=0.32 sys=0.00, real=0.13 secs] 
2012-01-20T16:08:49.769+0000: 17.882: [CMS-concurrent-reset-start]
2012-01-20T16:08:49.835+0000: 17.948: [CMS-concurrent-reset: 0.067/0.067 secs] [Times: user=0.16 sys=0.00, real=0.07 secs] 
Total time for which application threads were stopped: 0.0002110 seconds
Total time for which application threads were stopped: 0.0002150 seconds
Total time for which application threads were stopped: 0.0008450 seconds
Total time for which application threads were stopped: 0.0000410 seconds
Total time for which application threads were stopped: 0.0000510 seconds
Total time for which application threads were stopped: 0.0000460 seconds
Total time for which application threads were stopped: 0.0002350 seconds
Total time for which application threads were stopped: 0.0000750 seconds
Total time for which application threads were stopped: 0.0000410 seconds
Total time for which application threads were stopped: 0.0000420 seconds
Total time for which application threads were stopped: 0.0000400 seconds
Total time for which application threads were stopped: 0.0001570 seconds
Total time for which application threads were stopped: 0.0000410 seconds
Total time for which application threads were stopped: 0.0000460 seconds
Total time for which application threads were stopped: 0.0001590 seconds
Total time for which application threads were stopped: 0.0002060 seconds
Total time for which application threads were stopped: 0.0001590 seconds
Total time for which application threads were stopped: 0.0002630 seconds
2012-01-20T16:09:10.736+0000: 38.849: [GC 38.849: [ParNew: 27328K->5440K(27328K), 0.0349210 secs] 1775483K->1760475K(4188864K) icms_dc=75 , 0.0350650 secs] [Times: user=0.39 sys=0.01, real=0.04 secs] 
Total time for which application threads were stopped: 0.0354150 seconds
Total time for which application threads were stopped: 0.0001120 seconds
Total time for which application threads were stopped: 0.0000730 seconds
Total time for which application threads were stopped: 0.0000430 seconds
Total time for which application threads were stopped: 0.0000430 seconds
Total time for which application threads were stopped: 0.0000420 seconds
Total time for which application threads were stopped: 0.0000430 seconds
Total time for which application threads were stopped: 0.0000740 seconds
Total time for which application threads were stopped: 0.0000500 seconds
Total time for which application threads were stopped: 0.0000820 seconds
Total time for which application threads were stopped: 0.0000710 seconds
Total time for which application threads were stopped: 0.0000380 seconds
Total time for which application threads were stopped: 0.0000350 seconds
Total time for which application threads were stopped: 0.0000370 seconds
Total time for which application threads were stopped: 0.0000470 seconds
Total time for which application threads were stopped: 0.0000560 seconds
Total time for which application threads were stopped: 0.0003140 seconds
Total time for which application threads were stopped: 0.0001070 seconds
Total time for which application threads were stopped: 0.0003480 seconds
Total time for which application threads were stopped: 0.0002370 seconds
Total time for which application threads were stopped: 0.0002260 seconds
Total time for which application threads were stopped: 0.0000900 seconds
Total time for which application threads were stopped: 0.0000720 seconds
Total time for which application threads were stopped: 0.0000410 seconds
Total time for which application threads were stopped: 0.0000420 seconds
Total time for which application threads were stopped: 0.0000660 seconds
Total time for which application threads were stopped: 0.0000380 seconds
Total time for which application threads were stopped: 0.0000620 seconds
Total time for which application threads were stopped: 0.0000340 seconds
Total time for which application threads were stopped: 0.0000440 seconds
Total time for which application threads were stopped: 0.0003540 seconds
Total time for which application threads were stopped: 0.0000730 seconds
Total time for which application threads were stopped: 0.0000500 seconds
Total time for which application threads were stopped: 0.0000470 seconds
Total time for which application threads were stopped: 0.0000600 seconds
Total time for which application threads were stopped: 0.0000840 seconds
Total time for which application threads were stopped: 0.0002050 seconds
Total time for which application threads were stopped: 0.0000580 seconds
2012-01-20T16:09:45.027+0000: 73.140: [GC [1 CMS-initial-mark: 1755035K(4161536K)] 1763214K(4188864K), 0.0085590 secs] [Times: user=0.01 sys=0.00, real=0.01 secs] 
Total time for which application threads were stopped: 0.0088880 seconds
2012-01-20T16:09:45.036+0000: 73.149: [CMS-concurrent-mark-start]
Total time for which application threads were stopped: 0.0001260 seconds
Total time for which application threads were stopped: 0.0000570 seconds
2012-01-20T16:09:46.663+0000: 74.776: [CMS-concurrent-mark: 1.544/1.627 secs] [Times: user=4.95 sys=0.51, real=1.63 secs] 
2012-01-20T16:09:46.663+0000: 74.776: [CMS-concurrent-preclean-start]
2012-01-20T16:09:46.678+0000: 74.791: [CMS-concurrent-preclean: 0.015/0.015 secs] [Times: user=0.02 sys=0.00, real=0.01 secs] 
2012-01-20T16:09:46.678+0000: 74.791: [CMS-concurrent-abortable-preclean-start]
 CMS: abort preclean due to time 2012-01-20T16:09:51.808+0000: 79.921: [CMS-concurrent-abortable-preclean: 1.854/5.130 secs] [Times: user=1.86 sys=0.00, real=5.13 secs] 
2012-01-20T16:09:51.808+0000: 79.922: [GC[YG occupancy: 9868 K (27328 K)]79.922: [Rescan (parallel) , 0.0041620 secs]79.926: [weak refs processing, 0.0004100 secs] [1 CMS-remark: 1755035K(4161536K)] 1764903K(4188864K), 0.0046890 secs] [Times: user=0.05 sys=0.00, real=0.01 secs] 
Total time for which application threads were stopped: 0.0051590 seconds
2012-01-20T16:09:51.814+0000: 79.927: [CMS-concurrent-sweep-start]
2012-01-20T16:09:52.663+0000: 80.776: [CMS-concurrent-sweep: 0.849/0.849 secs] [Times: user=0.86 sys=0.00, real=0.85 secs] 
2012-01-20T16:09:52.663+0000: 80.776: [CMS-concurrent-reset-start]
2012-01-20T16:09:52.726+0000: 80.839: [CMS-concurrent-reset: 0.063/0.063 secs] [Times: user=0.06 sys=0.00, real=0.06 secs] 
Total time for which application threads were stopped: 0.0002580 seconds
Total time for which application threads were stopped: 0.0002440 seconds
Total time for which application threads were stopped: 0.0002480 seconds
Total time for which application threads were stopped: 0.0002410 seconds
Total time for which application threads were stopped: 0.0002070 seconds
Total time for which application threads were stopped: 0.0002190 seconds
Total time for which application threads were stopped: 0.0002020 seconds
Total time for which application threads were stopped: 0.0000620 seconds
Total time for which application threads were stopped: 0.0000840 seconds
Total time for which application threads were stopped: 0.0002150 seconds
Total time for which application threads were stopped: 0.0002020 seconds
Total time for which application threads were stopped: 0.0002260 seconds
Total time for which application threads were stopped: 0.0002680 seconds
Total time for which application threads were stopped: 0.0002530 seconds
Total time for which application threads were stopped: 0.0004340 seconds
Total time for which application threads were stopped: 0.0002750 seconds
Total time for which application threads were stopped: 0.0002150 seconds
Total time for which application threads were stopped: 0.0002270 seconds
Total time for which application threads were stopped: 0.0002170 seconds
Total time for which application threads were stopped: 0.0003270 seconds
Total time for which application threads were stopped: 0.0003060 seconds
Total time for which application threads were stopped: 0.0000700 seconds
Total time for which application threads were stopped: 0.0003400 seconds
Total time for which application threads were stopped: 0.0004360 seconds
2012-01-20T16:11:36.843+0000: 184.956: [GC 184.956: [ParNew: 27328K->4444K(27328K), 0.0143630 secs] 1782221K->1763439K(4188864K) icms_dc=57 , 0.0145060 secs] [Times: user=0.11 sys=0.02, real=0.02 secs] 
Total time for which application threads were stopped: 0.0148150 seconds
Total time for which application threads were stopped: 0.0003880 seconds
2012-01-20T16:11:38.876+0000: 186.990: [GC [1 CMS-initial-mark: 1758994K(4161536K)] 1768288K(4188864K), 0.0106450 secs] [Times: user=0.01 sys=0.00, real=0.01 secs] 
Total time for which application threads were stopped: 0.0109320 seconds
2012-01-20T16:11:38.887+0000: 187.001: [CMS-concurrent-mark-start]
2012-01-20T16:11:40.166+0000: 188.280: [CMS-concurrent-mark: 1.262/1.279 secs] [Times: user=4.94 sys=0.52, real=1.28 secs] 
2012-01-20T16:11:40.166+0000: 188.280: [CMS-concurrent-preclean-start]
2012-01-20T16:11:40.181+0000: 188.294: [CMS-concurrent-preclean: 0.015/0.015 secs] [Times: user=0.03 sys=0.00, real=0.01 secs] 
2012-01-20T16:11:40.181+0000: 188.294: [CMS-concurrent-abortable-preclean-start]
Total time for which application threads were stopped: 0.0003700 seconds
Total time for which application threads were stopped: 0.0003100 seconds
Total time for which application threads were stopped: 0.0002000 seconds
Total time for which application threads were stopped: 0.0003000 seconds
 CMS: abort preclean due to time 2012-01-20T16:11:45.269+0000: 193.382: [CMS-concurrent-abortable-preclean: 1.598/5.087 secs] [Times: user=4.40 sys=0.76, real=5.09 secs] 
2012-01-20T16:11:45.269+0000: 193.382: [GC[YG occupancy: 20811 K (27328 K)]193.382: [Rescan (parallel) , 0.0243310 secs]193.407: [weak refs processing, 0.0003770 secs] [1 CMS-remark: 1758994K(4161536K)] 1779805K(4188864K), 0.0248180 secs] [Times: user=0.28 sys=0.00, real=0.02 secs] 
Total time for which application threads were stopped: 0.0251850 seconds
2012-01-20T16:11:45.294+0000: 193.407: [CMS-concurrent-sweep-start]
Total time for which application threads were stopped: 0.0001320 seconds
Total time for which application threads were stopped: 0.0000800 seconds
2012-01-20T16:11:48.104+0000: 196.218: [GC 196.218: [ParNew: 26332K->2880K(27328K), 0.0050450 secs] 1785295K->1761843K(4188864K) icms_dc=57 , 0.0051650 secs] [Times: user=0.05 sys=0.00, real=0.01 secs] 
Total time for which application threads were stopped: 0.0056280 seconds
2012-01-20T16:11:50.461+0000: 198.574: [CMS-concurrent-sweep: 0.919/5.167 secs] [Times: user=4.69 sys=1.26, real=5.17 secs] 
2012-01-20T16:11:50.461+0000: 198.574: [CMS-concurrent-reset-start]
2012-01-20T16:11:50.524+0000: 198.637: [CMS-concurrent-reset: 0.063/0.063 secs] [Times: user=0.10 sys=0.01, real=0.06 secs] 
Total time for which application threads were stopped: 0.0004240 seconds
2012-01-20T16:11:57.998+0000: 206.111: [GC 206.111: [ParNew: 24768K->4193K(27328K), 0.0056130 secs] 1783726K->1763151K(4188864K) icms_dc=43 , 0.0057340 secs] [Times: user=0.07 sys=0.00, real=0.00 secs] 
Total time for which application threads were stopped: 0.0061170 seconds
2012-01-20T16:12:00.593+0000: 208.707: [GC [1 CMS-initial-mark: 1758958K(4161536K)] 1769556K(4188864K), 0.0148150 secs] [Times: user=0.02 sys=0.00, real=0.02 secs] 
Total time for which application threads were stopped: 0.0152580 seconds
2012-01-20T16:12:00.609+0000: 208.722: [CMS-concurrent-mark-start]
2012-01-20T16:12:01.925+0000: 210.038: [CMS-concurrent-mark: 1.312/1.317 secs] [Times: user=4.95 sys=0.53, real=1.31 secs] 
2012-01-20T16:12:01.925+0000: 210.039: [CMS-concurrent-preclean-start]
2012-01-20T16:12:01.940+0000: 210.053: [CMS-concurrent-preclean: 0.015/0.015 secs] [Times: user=0.01 sys=0.01, real=0.02 secs] 
2012-01-20T16:12:01.940+0000: 210.053: [CMS-concurrent-abortable-preclean-start]
Total time for which application threads were stopped: 0.0002900 seconds
Total time for which application threads were stopped: 0.0003140 seconds
Total time for which application threads were stopped: 0.0002600 seconds
2012-01-20T16:12:08.419+0000: 216.532: [GC 216.532: [ParNew: 26081K->5440K(27328K), 0.0062170 secs] 1785039K->1764420K(4188864K) icms_dc=43 , 0.0063440 secs] [Times: user=0.07 sys=0.00, real=0.00 secs] 
Total time for which application threads were stopped: 0.0067330 seconds
 CMS: abort preclean due to time 2012-01-20T16:12:11.851+0000: 219.965: [CMS-concurrent-abortable-preclean: 1.244/9.911 secs] [Times: user=3.98 sys=1.20, real=9.91 secs] 
2012-01-20T16:12:11.852+0000: 219.965: [GC[YG occupancy: 11922 K (27328 K)]219.965: [Rescan (parallel) , 0.0100450 secs]219.975: [weak refs processing, 0.0003490 secs] [1 CMS-remark: 1758980K(4161536K)] 1770902K(4188864K), 0.0105000 secs] [Times: user=0.13 sys=0.00, real=0.01 secs] 
Total time for which application threads were stopped: 0.0108830 seconds
2012-01-20T16:12:11.863+0000: 219.976: [CMS-concurrent-sweep-start]
2012-01-20T16:12:12.733+0000: 220.847: [CMS-concurrent-sweep: 0.871/0.871 secs] [Times: user=1.22 sys=0.11, real=0.87 secs] 
2012-01-20T16:12:12.734+0000: 220.847: [CMS-concurrent-reset-start]
2012-01-20T16:12:12.796+0000: 220.909: [CMS-concurrent-reset: 0.062/0.062 secs] [Times: user=0.06 sys=0.00, real=0.06 secs] 
Total time for which application threads were stopped: 0.0002800 seconds
2012-01-20T16:12:19.032+0000: 227.146: [GC 227.146: [ParNew: 27328K->5440K(27328K), 0.0090570 secs] 1786306K->1766058K(4188864K) icms_dc=33 , 0.0091990 secs] [Times: user=0.08 sys=0.00, real=0.01 secs] 
Total time for which application threads were stopped: 0.0095880 seconds
2012-01-20T16:12:22.233+0000: 230.346: [GC [1 CMS-initial-mark: 1760618K(4161536K)] 1773661K(4188864K), 0.0160880 secs] [Times: user=0.02 sys=0.00, real=0.02 secs] 
Total time for which application threads were stopped: 0.0165250 seconds
2012-01-20T16:12:22.250+0000: 230.363: [CMS-concurrent-mark-start]
2012-01-20T16:12:23.479+0000: 231.593: [CMS-concurrent-mark: 1.230/1.230 secs] [Times: user=4.61 sys=0.44, real=1.23 secs] 
2012-01-20T16:12:23.479+0000: 231.593: [CMS-concurrent-preclean-start]
2012-01-20T16:12:23.496+0000: 231.609: [CMS-concurrent-preclean: 0.016/0.016 secs] [Times: user=0.02 sys=0.00, real=0.01 secs] 
2012-01-20T16:12:23.496+0000: 231.609: [CMS-concurrent-abortable-preclean-start]
Total time for which application threads were stopped: 0.0002800 seconds
Total time for which application threads were stopped: 0.0002190 seconds
Total time for which application threads were stopped: 0.0000740 seconds
Total time for which application threads were stopped: 0.0000830 seconds
Total time for which application threads were stopped: 0.0000820 seconds
2012-01-20T16:12:28.385+0000: 236.498: [GC 236.498: [ParNew: 27328K->5440K(27328K), 0.0067450 secs] 1787946K->1767086K(4188864K) icms_dc=33 , 0.0068750 secs] [Times: user=0.07 sys=0.00, real=0.01 secs] 
Total time for which application threads were stopped: 0.0072770 seconds
 CMS: abort preclean due to time 2012-01-20T16:12:29.095+0000: 237.208: [CMS-concurrent-abortable-preclean: 0.789/5.600 secs] [Times: user=3.79 sys=0.98, real=5.60 secs] 
2012-01-20T16:12:29.096+0000: 237.209: [GC[YG occupancy: 13491 K (27328 K)]237.209: [Rescan (parallel) , 0.0100640 secs]237.219: [weak refs processing, 0.0004020 secs] [1 CMS-remark: 1761646K(4161536K)] 1775138K(4188864K), 0.0105730 secs] [Times: user=0.13 sys=0.00, real=0.01 secs] 
Total time for which application threads were stopped: 0.0110390 seconds
2012-01-20T16:12:29.107+0000: 237.220: [CMS-concurrent-sweep-start]
Total time for which application threads were stopped: 0.0003880 seconds
2012-01-20T16:12:30.466+0000: 238.580: [GC 238.580: [ParNew: 27328K->5440K(27328K), 0.0063780 secs] 1788974K->1768164K(4188864K) icms_dc=33 , 0.0065080 secs] [Times: user=0.06 sys=0.01, real=0.01 secs] 
Total time for which application threads were stopped: 0.0069030 seconds
Total time for which application threads were stopped: 0.0002430 seconds
2012-01-20T16:12:31.485+0000: 239.598: [CMS-concurrent-sweep: 0.935/2.378 secs] [Times: user=2.07 sys=0.68, real=2.38 secs] 
2012-01-20T16:12:31.485+0000: 239.598: [CMS-concurrent-reset-start]
2012-01-20T16:12:31.551+0000: 239.664: [CMS-concurrent-reset: 0.066/0.066 secs] [Times: user=0.11 sys=0.01, real=0.07 secs] 
Total time for which application threads were stopped: 0.0002280 seconds
2012-01-20T16:12:32.570+0000: 240.683: [GC 240.684: [ParNew: 27328K->4385K(27328K), 0.0061800 secs] 1790052K->1768046K(4188864K) icms_dc=25 , 0.0063220 secs] [Times: user=0.07 sys=0.01, real=0.00 secs] 
Total time for which application threads were stopped: 0.0066070 seconds
2012-01-20T16:12:33.311+0000: 241.425: [GC [1 CMS-initial-mark: 1763661K(4161536K)] 1776364K(4188864K), 0.0160650 secs] [Times: user=0.02 sys=0.00, real=0.01 secs] 
Total time for which application threads were stopped: 0.0164780 seconds
2012-01-20T16:12:33.328+0000: 241.441: [CMS-concurrent-mark-start]
2012-01-20T16:12:34.651+0000: 242.765: [GC 242.765: [ParNew: 26273K->3761K(27328K), 0.0058900 secs] 1789934K->1768535K(4188864K) icms_dc=25 , 0.0060190 secs] [Times: user=0.05 sys=0.01, real=0.00 secs] 
Total time for which application threads were stopped: 0.0064440 seconds
Total time for which application threads were stopped: 0.0001390 seconds
Total time for which application threads were stopped: 0.0003220 seconds
2012-01-20T16:12:37.496+0000: 245.610: [GC 245.610: [ParNew: 25649K->2427K(27328K), 0.0060060 secs] 1790423K->1768317K(4188864K) icms_dc=25 , 0.0061520 secs] [Times: user=0.06 sys=0.00, real=0.01 secs] 
Total time for which application threads were stopped: 0.0065380 seconds
2012-01-20T16:12:38.278+0000: 246.391: [CMS-concurrent-mark: 1.226/4.950 secs] [Times: user=6.91 sys=1.49, real=4.95 secs] 
2012-01-20T16:12:38.278+0000: 246.391: [CMS-concurrent-preclean-start]
2012-01-20T16:12:38.312+0000: 246.425: [CMS-concurrent-preclean: 0.033/0.034 secs] [Times: user=0.04 sys=0.00, real=0.04 secs] 
2012-01-20T16:12:38.312+0000: 246.425: [CMS-concurrent-abortable-preclean-start]
Total time for which application threads were stopped: 0.0002450 seconds
2012-01-20T16:12:39.617+0000: 247.730: [GC 247.730: [ParNew: 24315K->2038K(27328K), 0.0046960 secs] 1790205K->1768177K(4188864K) icms_dc=25 , 0.0048060 secs] [Times: user=0.04 sys=0.00, real=0.01 secs] 
Total time for which application threads were stopped: 0.0050210 seconds
2012-01-20T16:12:40.732+0000: 248.845: [CMS-concurrent-abortable-preclean: 0.279/2.420 secs] [Times: user=1.23 sys=0.33, real=2.42 secs] 
2012-01-20T16:12:40.732+0000: 248.845: [GC[YG occupancy: 13773 K (27328 K)]248.845: [Rescan (parallel) , 0.0109040 secs]248.856: [weak refs processing, 0.0003910 secs] [1 CMS-remark: 1766139K(4161536K)] 1779912K(4188864K), 0.0114030 secs] [Times: user=0.13 sys=0.00, real=0.01 secs] 
Total time for which application threads were stopped: 0.0117590 seconds
2012-01-20T16:12:40.744+0000: 248.857: [CMS-concurrent-sweep-start]
2012-01-20T16:12:41.688+0000: 249.801: [GC 249.801: [ParNew: 23926K->2048K(27328K), 0.0047250 secs] 1790065K->1768442K(4188864K) icms_dc=25 , 0.0048380 secs] [Times: user=0.05 sys=0.01, real=0.01 secs] 
Total time for which application threads were stopped: 0.0052120 seconds
2012-01-20T16:12:43.729+0000: 251.843: [GC 251.843: [ParNew: 23936K->2317K(27328K), 0.0047920 secs] 1790328K->1768959K(4188864K) icms_dc=25 , 0.0048980 secs] [Times: user=0.05 sys=0.00, real=0.01 secs] 
Total time for which application threads were stopped: 0.0052330 seconds
2012-01-20T16:12:44.758+0000: 252.871: [CMS-concurrent-sweep: 0.946/4.014 secs] [Times: user=2.63 sys=0.76, real=4.01 secs] 
2012-01-20T16:12:44.758+0000: 252.871: [CMS-concurrent-reset-start]
2012-01-20T16:12:44.824+0000: 252.937: [CMS-concurrent-reset: 0.066/0.066 secs] [Times: user=0.10 sys=0.04, real=0.07 secs] 
Total time for which application threads were stopped: 0.0002670 seconds
2012-01-20T16:12:45.860+0000: 253.973: [GC 253.973: [ParNew: 24205K->1941K(27328K), 0.0049780 secs] 1790847K->1768941K(4188864K) icms_dc=19 , 0.0050870 secs] [Times: user=0.05 sys=0.00, real=0.01 secs] 
Total time for which application threads were stopped: 0.0055220 seconds
2012-01-20T16:12:46.681+0000: 254.794: [GC [1 CMS-initial-mark: 1767000K(4161536K)] 1778199K(4188864K), 0.0156360 secs] [Times: user=0.02 sys=0.00, real=0.02 secs] 
Total time for which application threads were stopped: 0.0160360 seconds
2012-01-20T16:12:46.697+0000: 254.810: [CMS-concurrent-mark-start]
2012-01-20T16:12:47.936+0000: 256.049: [GC 256.050: [ParNew: 23829K->2070K(27328K), 0.0046490 secs] 1790829K->1769333K(4188864K) icms_dc=19 , 0.0047680 secs] [Times: user=0.04 sys=0.01, real=0.00 secs] 
Total time for which application threads were stopped: 0.0052030 seconds
Total time for which application threads were stopped: 0.0002160 seconds
2012-01-20T16:12:50.175+0000: 258.288: [GC 258.288: [ParNew: 23958K->2000K(27328K), 0.0045130 secs] 1791221K->1769507K(4188864K) icms_dc=19 , 0.0046320 secs] [Times: user=0.05 sys=0.00, real=0.00 secs] 
Total time for which application threads were stopped: 0.0048690 seconds
2012-01-20T16:12:51.900+0000: 260.013: [CMS-concurrent-mark: 1.286/5.203 secs] [Times: user=7.44 sys=1.87, real=5.20 secs] 
2012-01-20T16:12:51.900+0000: 260.013: [CMS-concurrent-preclean-start]
2012-01-20T16:12:51.922+0000: 260.035: [CMS-concurrent-preclean: 0.022/0.022 secs] [Times: user=0.04 sys=0.01, real=0.02 secs] 
2012-01-20T16:12:51.922+0000: 260.035: [CMS-concurrent-abortable-preclean-start]
2012-01-20T16:12:52.855+0000: 260.968: [GC 260.968: [ParNew: 23888K->1634K(27328K), 0.0047430 secs] 1791395K->1769390K(4188864K) icms_dc=19 , 0.0048570 secs] [Times: user=0.06 sys=0.00, real=0.00 secs] 
Total time for which application threads were stopped: 0.0052400 seconds
2012-01-20T16:12:53.838+0000: 261.951: [CMS-concurrent-abortable-preclean: 0.091/1.916 secs] [Times: user=0.77 sys=0.36, real=1.92 secs] 
2012-01-20T16:12:53.838+0000: 261.951: [GC[YG occupancy: 12640 K (27328 K)]261.951: [Rescan (parallel) , 0.0132030 secs]261.964: [weak refs processing, 0.0003980 secs] [1 CMS-remark: 1767756K(4161536K)] 1780396K(4188864K), 0.0137060 secs] [Times: user=0.16 sys=0.01, real=0.01 secs] 
Total time for which application threads were stopped: 0.0140520 seconds
2012-01-20T16:12:53.852+0000: 261.965: [CMS-concurrent-sweep-start]
2012-01-20T16:12:54.922+0000: 263.035: [GC 263.036: [ParNew: 23522K->2079K(27328K), 0.0067510 secs] 1791274K->1770090K(4188864K) icms_dc=19 , 0.0080410 secs] [Times: user=0.07 sys=0.00, real=0.01 secs] 
Total time for which application threads were stopped: 0.0084390 seconds
Total time for which application threads were stopped: 0.0001950 seconds
2012-01-20T16:12:56.940+0000: 265.053: [GC 265.054: [ParNew: 23967K->1936K(27328K), 0.0056610 secs] 1791968K->1770126K(4188864K) icms_dc=19 , 0.0057910 secs] [Times: user=0.05 sys=0.01, real=0.01 secs] 
Total time for which application threads were stopped: 0.0063340 seconds
2012-01-20T16:12:58.147+0000: 266.261: [CMS-concurrent-sweep: 0.957/4.295 secs] [Times: user=3.43 sys=2.13, real=4.29 secs] 
2012-01-20T16:12:58.148+0000: 266.261: [CMS-concurrent-reset-start]
2012-01-20T16:12:59.066+0000: 267.180: [GC 267.180: [ParNew: 23824K->2220K(27328K), 0.0048090 secs] 1792006K->1770686K(4188864K) icms_dc=19 , 0.0049570 secs] [Times: user=0.05 sys=0.00, real=0.00 secs] 
Total time for which application threads were stopped: 0.0053190 seconds
2012-01-20T16:13:00.051+0000: 268.164: [CMS-concurrent-reset: 0.068/1.903 secs] [Times: user=0.72 sys=0.50, real=1.90 secs] 
2012-01-20T16:13:01.241+0000: 269.354: [GC 269.355: [ParNew: 24108K->2037K(27328K), 0.0047490 secs] 1792574K->1770826K(4188864K) icms_dc=14 , 0.0048590 secs] [Times: user=0.06 sys=0.00, real=0.01 secs] 
Total time for which application threads were stopped: 0.0052220 seconds
2012-01-20T16:13:02.134+0000: 270.247: [GC [1 CMS-initial-mark: 1768788K(4161536K)] 1780475K(4188864K), 0.0161080 secs] [Times: user=0.02 sys=0.00, real=0.01 secs] 
Total time for which application threads were stopped: 0.0164770 seconds
2012-01-20T16:13:02.151+0000: 270.264: [CMS-concurrent-mark-start]
2012-01-20T16:13:03.396+0000: 271.509: [GC 271.509: [ParNew: 23925K->1906K(27328K), 0.0052390 secs] 1792714K->1770958K(4188864K) icms_dc=14 , 0.0053570 secs] [Times: user=0.05 sys=0.00, real=0.00 secs] 
Total time for which application threads were stopped: 0.0057380 seconds
Total time for which application threads were stopped: 0.0002690 seconds
2012-01-20T16:13:05.665+0000: 273.778: [GC 273.778: [ParNew: 23794K->1882K(27328K), 0.0053760 secs] 1792846K->1771192K(4188864K) icms_dc=14 , 0.0055340 secs] [Times: user=0.06 sys=0.00, real=0.00 secs] 
Total time for which application threads were stopped: 0.0058820 seconds
2012-01-20T16:13:07.740+0000: 275.853: [GC 275.853: [ParNew: 23770K->2285K(27328K), 0.0060110 secs] 1793080K->1771866K(4188864K) icms_dc=14 , 0.0061320 secs] [Times: user=0.06 sys=0.00, real=0.01 secs] 
Total time for which application threads were stopped: 0.0064930 seconds
2012-01-20T16:13:09.742+0000: 277.855: [GC 277.855: [ParNew: 24173K->2008K(27328K), 0.0048600 secs] 1793754K->1771855K(4188864K) icms_dc=14 , 0.0049770 secs] [Times: user=0.06 sys=0.01, real=0.01 secs] 
Total time for which application threads were stopped: 0.0053940 seconds
2012-01-20T16:13:10.703+0000: 278.816: [CMS-concurrent-mark: 1.341/8.553 secs] [Times: user=9.16 sys=2.85, real=8.55 secs] 
2012-01-20T16:13:10.703+0000: 278.816: [CMS-concurrent-preclean-start]
2012-01-20T16:13:10.740+0000: 278.853: [CMS-concurrent-preclean: 0.036/0.036 secs] [Times: user=0.05 sys=0.01, real=0.04 secs] 
2012-01-20T16:13:10.740+0000: 278.853: [CMS-concurrent-abortable-preclean-start]
2012-01-20T16:13:12.086+0000: 280.199: [GC 280.199: [ParNew: 23896K->2132K(27328K), 0.0045960 secs] 1793743K->1772188K(4188864K) icms_dc=14 , 0.0047070 secs] [Times: user=0.05 sys=0.00, real=0.00 secs] 
Total time for which application threads were stopped: 0.0051300 seconds
2012-01-20T16:13:13.653+0000: 281.766: [CMS-concurrent-abortable-preclean: 0.151/2.913 secs] [Times: user=1.17 sys=0.36, real=2.91 secs] 
2012-01-20T16:13:13.653+0000: 281.766: [GC[YG occupancy: 14067 K (27328 K)]281.766: [Rescan (parallel) , 0.0149970 secs]281.781: [weak refs processing, 0.0003880 secs] [1 CMS-remark: 1770055K(4161536K)] 1784123K(4188864K), 0.0154850 secs] [Times: user=0.15 sys=0.00, real=0.02 secs] 
Total time for which application threads were stopped: 0.0158000 seconds
2012-01-20T16:13:13.669+0000: 281.782: [CMS-concurrent-sweep-start]
2012-01-20T16:13:14.602+0000: 282.715: [GC 282.715: [ParNew: 24020K->2088K(27328K), 0.0048790 secs] 1794076K->1772455K(4188864K) icms_dc=14 , 0.0049980 secs] [Times: user=0.05 sys=0.00, real=0.01 secs] 
Total time for which application threads were stopped: 0.0053740 seconds
Total time for which application threads were stopped: 0.0002090 seconds
2012-01-20T16:13:16.725+0000: 284.838: [GC 284.838: [ParNew: 23976K->2408K(27328K), 0.0047960 secs] 1794343K->1773032K(4188864K) icms_dc=14 , 0.0049100 secs] [Times: user=0.05 sys=0.00, real=0.00 secs] 
Total time for which application threads were stopped: 0.0052610 seconds
2012-01-20T16:13:18.736+0000: 286.849: [GC 286.849: [ParNew: 24296K->1932K(27328K), 0.0049330 secs] 1794920K->1772801K(4188864K) icms_dc=14 , 0.0050640 secs] [Times: user=0.06 sys=0.00, real=0.00 secs] 
Total time for which application threads were stopped: 0.0054820 seconds
2012-01-20T16:13:20.845+0000: 288.958: [GC 288.958: [ParNew: 23820K->2192K(27328K), 0.0045510 secs] 1794689K->1773363K(4188864K) icms_dc=14 , 0.0046820 secs] [Times: user=0.05 sys=0.00, real=0.01 secs] 
Total time for which application threads were stopped: 0.0050860 seconds
2012-01-20T16:13:21.777+0000: 289.890: [CMS-concurrent-sweep: 0.982/8.108 secs] [Times: user=3.92 sys=1.23, real=8.11 secs] 
2012-01-20T16:13:21.777+0000: 289.890: [CMS-concurrent-reset-start]
2012-01-20T16:13:21.845+0000: 289.959: [CMS-concurrent-reset: 0.069/0.069 secs] [Times: user=0.09 sys=0.02, real=0.06 secs] 
2012-01-20T16:13:22.882+0000: 290.995: [GC 290.995: [ParNew: 24080K->1881K(27328K), 0.0048730 secs] 1795251K->1773371K(4188864K) icms_dc=9 , 0.0049850 secs] [Times: user=0.05 sys=0.00, real=0.01 secs] 
Total time for which application threads were stopped: 0.0053900 seconds
2012-01-20T16:13:23.772+0000: 291.885: [GC [1 CMS-initial-mark: 1771489K(4161536K)] 1783492K(4188864K), 0.0169080 secs] [Times: user=0.01 sys=0.00, real=0.02 secs] 
Total time for which application threads were stopped: 0.0173070 seconds
2012-01-20T16:13:23.789+0000: 291.902: [CMS-concurrent-mark-start]
2012-01-20T16:13:24.872+0000: 292.985: [GC 292.985: [ParNew: 23769K->1916K(27328K), 0.0048770 secs] 1795259K->1773586K(4188864K) icms_dc=9 , 0.0050260 secs] [Times: user=0.05 sys=0.00, real=0.01 secs] 
Total time for which application threads were stopped: 0.0053590 seconds
Total time for which application threads were stopped: 0.0002070 seconds
2012-01-20T16:13:26.881+0000: 294.994: [GC 294.994: [ParNew: 23804K->2006K(27328K), 0.0046520 secs] 1795474K->1773931K(4188864K) icms_dc=9 , 0.0047790 secs] [Times: user=0.05 sys=0.00, real=0.01 secs] 
Total time for which application threads were stopped: 0.0051780 seconds
Total time for which application threads were stopped: 0.0003350 seconds
Total time for which application threads were stopped: 0.0002370 seconds
Total time for which application threads were stopped: 0.0002580 seconds
Total time for which application threads were stopped: 0.0002540 seconds
Total time for which application threads were stopped: 0.0002300 seconds
Total time for which application threads were stopped: 0.0002290 seconds
Total time for which application threads were stopped: 0.0002660 seconds
Total time for which application threads were stopped: 0.0002480 seconds
Total time for which application threads were stopped: 0.0002950 seconds
Total time for which application threads were stopped: 0.0002410 seconds
Total time for which application threads were stopped: 0.0005320 seconds
Total time for which application threads were stopped: 0.0004860 seconds
Total time for which application threads were stopped: 0.0000690 seconds
Total time for which application threads were stopped: 0.0002250 seconds
Total time for which application threads were stopped: 0.0002320 seconds
Total time for which application threads were stopped: 0.0002440 seconds
Total time for which application threads were stopped: 0.0002340 seconds
Total time for which application threads were stopped: 0.0002400 seconds
Total time for which application threads were stopped: 0.0002300 seconds
Total time for which application threads were stopped: 0.0002450 seconds
Total time for which application threads were stopped: 0.0002330 seconds
Total time for which application threads were stopped: 0.0002420 seconds
Total time for which application threads were stopped: 0.0003340 seconds
2012-01-20T16:16:58.965+0000: 507.078: [GC 507.078: [ParNew: 23894K->4590K(27328K), 0.0060410 secs] 1795819K->1776779K(4188864K) icms_dc=9 , 0.0061630 secs] [Times: user=0.06 sys=0.01, real=0.01 secs] 
Total time for which application threads were stopped: 0.0065570 seconds
2012-01-20T16:16:59.985+0000: 508.098: [GC 508.098: [ParNew: 26478K->5440K(27328K), 0.0192420 secs] 1798667K->1779650K(4188864K) icms_dc=9 , 0.0193820 secs] [Times: user=0.10 sys=0.01, real=0.02 secs] 
Total time for which application threads were stopped: 0.0197540 seconds
2012-01-20T16:17:01.400+0000: 509.513: [GC 509.513: [ParNew: 27328K->5440K(27328K), 0.0119330 secs] 1801538K->1781879K(4188864K) icms_dc=9 , 0.0120600 secs] [Times: user=0.10 sys=0.01, real=0.02 secs] 
Total time for which application threads were stopped: 0.0125410 seconds
Total time for which application threads were stopped: 0.0003950 seconds
2012-01-20T16:17:04.197+0000: 512.310: [GC 512.310: [ParNew: 27328K->5440K(27328K), 0.0079170 secs] 1803767K->1782616K(4188864K) icms_dc=9 , 0.0080550 secs] [Times: user=0.07 sys=0.01, real=0.01 secs] 
Total time for which application threads were stopped: 0.0084320 seconds
Total time for which application threads were stopped: 0.0003170 seconds
Total time for which application threads were stopped: 0.0001200 seconds
2012-01-20T16:17:06.541+0000: 514.654: [GC 514.654: [ParNew: 27328K->5440K(27328K), 0.0091160 secs] 1804504K->1783243K(4188864K) icms_dc=9 , 0.0092410 secs] [Times: user=0.09 sys=0.00, real=0.00 secs] 
Total time for which application threads were stopped: 0.0096230 seconds
Total time for which application threads were stopped: 0.0003810 seconds
2012-01-20T16:17:07.894+0000: 516.007: [CMS-concurrent-mark: 1.367/224.105 secs] [Times: user=11.09 sys=3.31, real=224.08 secs] 
2012-01-20T16:17:07.894+0000: 516.008: [CMS-concurrent-preclean-start]
2012-01-20T16:17:07.954+0000: 516.068: [CMS-concurrent-preclean: 0.059/0.060 secs] [Times: user=0.07 sys=0.02, real=0.06 secs] 
2012-01-20T16:17:07.955+0000: 516.068: [CMS-concurrent-abortable-preclean-start]
Total time for which application threads were stopped: 0.0002420 seconds
2012-01-20T16:17:09.116+0000: 517.229: [GC 517.229: [ParNew: 27328K->5440K(27328K), 0.0066950 secs] 1805131K->1783254K(4188864K) icms_dc=9 , 0.0068090 secs] [Times: user=0.08 sys=0.00, real=0.01 secs] 
Total time for which application threads were stopped: 0.0071770 seconds
Total time for which application threads were stopped: 0.0002140 seconds
2012-01-20T16:17:10.353+0000: 518.466: [CMS-concurrent-abortable-preclean: 0.292/2.398 secs] [Times: user=1.25 sys=0.49, real=2.40 secs] 
2012-01-20T16:17:10.353+0000: 518.466: [GC[YG occupancy: 17226 K (27328 K)]518.466: [Rescan (parallel) , 0.0148900 secs]518.481: [weak refs processing, 0.0002170 secs] [1 CMS-remark: 1777814K(4161536K)] 1795040K(4188864K), 0.0152190 secs] [Times: user=0.16 sys=0.00, real=0.01 secs] 
Total time for which application threads were stopped: 0.0153990 seconds
2012-01-20T16:17:10.369+0000: 518.482: [CMS-concurrent-sweep-start]
2012-01-20T16:17:11.761+0000: 519.874: [GC 519.874: [ParNew: 27328K->5440K(27328K), 0.0084120 secs] 1805130K->1783875K(4188864K) icms_dc=9 , 0.0085300 secs] [Times: user=0.08 sys=0.01, real=0.01 secs] 
Total time for which application threads were stopped: 0.0088840 seconds
2012-01-20T16:17:14.104+0000: 522.217: [GC 522.217: [ParNew: 27328K->5440K(27328K), 0.0094190 secs] 1805763K->1784044K(4188864K) icms_dc=9 , 0.0095390 secs] [Times: user=0.10 sys=0.00, real=0.01 secs] 
Total time for which application threads were stopped: 0.0099020 seconds
Total time for which application threads were stopped: 0.0002260 seconds
Total time for which application threads were stopped: 0.0001990 seconds
2012-01-20T16:17:16.154+0000: 524.268: [GC 524.268: [ParNew: 27328K->5440K(27328K), 0.0138840 secs] 1805932K->1785590K(4188864K) icms_dc=9 , 0.0140110 secs] [Times: user=0.12 sys=0.01, real=0.01 secs] 
Total time for which application threads were stopped: 0.0144120 seconds
2012-01-20T16:17:17.910+0000: 526.023: [GC 526.023: [ParNew: 27328K->5313K(27328K), 0.0060340 secs] 1807477K->1785463K(4188864K) icms_dc=9 , 0.0061490 secs] [Times: user=0.08 sys=0.00, real=0.01 secs] 
Total time for which application threads were stopped: 0.0065100 seconds
2012-01-20T16:17:19.526+0000: 527.639: [GC 527.639: [ParNew: 27201K->5440K(27328K), 0.0073530 secs] 1807339K->1786072K(4188864K) icms_dc=9 , 0.0075070 secs] [Times: user=0.08 sys=0.00, real=0.01 secs] 
Total time for which application threads were stopped: 0.0079070 seconds
2012-01-20T16:17:21.095+0000: 529.209: [GC 529.209: [ParNew: 27328K->5440K(27328K), 0.0072110 secs] 1807960K->1786618K(4188864K) icms_dc=9 , 0.0073280 secs] [Times: user=0.08 sys=0.00, real=0.01 secs] 
Total time for which application threads were stopped: 0.0077910 seconds
2012-01-20T16:17:21.842+0000: 529.955: [CMS-concurrent-sweep: 1.044/11.474 secs] [Times: user=7.04 sys=3.54, real=11.47 secs] 
2012-01-20T16:17:21.842+0000: 529.955: [CMS-concurrent-reset-start]
2012-01-20T16:17:22.622+0000: 530.735: [GC 530.735: [ParNew: 27328K->5440K(27328K), 0.0063390 secs] 1808479K->1786591K(4188864K) icms_dc=9 , 0.0064520 secs] [Times: user=0.07 sys=0.00, real=0.01 secs] 
Total time for which application threads were stopped: 0.0068110 seconds
2012-01-20T16:17:23.286+0000: 531.399: [CMS-concurrent-reset: 0.072/1.443 secs] [Times: user=1.08 sys=0.71, real=1.45 secs] 
2012-01-20T16:17:24.017+0000: 532.130: [GC 532.130: [ParNew: 27328K->5440K(27328K), 0.0074210 secs] 1808479K->1787052K(4188864K) icms_dc=4 , 0.0075440 secs] [Times: user=0.08 sys=0.00, real=0.01 secs] 
Total time for which application threads were stopped: 0.0079430 seconds
2012-01-20T16:17:24.687+0000: 532.800: [GC [1 CMS-initial-mark: 1781612K(4161536K)] 1797603K(4188864K), 0.0227630 secs] [Times: user=0.02 sys=0.00, real=0.02 secs] 
Total time for which application threads were stopped: 0.0232020 seconds
2012-01-20T16:17:24.710+0000: 532.823: [CMS-concurrent-mark-start]
2012-01-20T16:17:25.375+0000: 533.488: [GC 533.489: [ParNew: 27328K->5440K(27328K), 0.0061680 secs] 1808940K->1787055K(4188864K) icms_dc=4 , 0.0062820 secs] [Times: user=0.08 sys=0.00, real=0.00 secs] 
Total time for which application threads were stopped: 0.0066940 seconds
Total time for which application threads were stopped: 0.0001290 seconds
2012-01-20T16:17:26.672+0000: 534.786: [GC 534.786: [ParNew: 27328K->5440K(27328K), 0.0080130 secs] 1808943K->1787508K(4188864K) icms_dc=4 , 0.0081290 secs] [Times: user=0.09 sys=0.00, real=0.01 secs] 
Total time for which application threads were stopped: 0.0085090 seconds
2012-01-20T16:17:28.067+0000: 536.180: [GC 536.180: [ParNew: 27328K->5440K(27328K), 0.0072620 secs] 1809396K->1787741K(4188864K) icms_dc=4 , 0.0073840 secs] [Times: user=0.08 sys=0.00, real=0.01 secs] 
Total time for which application threads were stopped: 0.0077390 seconds
2012-01-20T16:17:29.427+0000: 537.540: [GC 537.540: [ParNew: 27328K->5440K(27328K), 0.0082510 secs] 1809629K->1788171K(4188864K) icms_dc=4 , 0.0083690 secs] [Times: user=0.08 sys=0.00, real=0.01 secs] 
Total time for which application threads were stopped: 0.0087540 seconds
2012-01-20T16:17:30.755+0000: 538.868: [GC 538.868: [ParNew: 27328K->5440K(27328K), 0.0069160 secs] 1810059K->1788373K(4188864K) icms_dc=4 , 0.0070300 secs] [Times: user=0.08 sys=0.00, real=0.00 secs] 
Total time for which application threads were stopped: 0.0075190 seconds
2012-01-20T16:17:31.960+0000: 540.073: [GC 540.073: [ParNew: 27328K->5440K(27328K), 0.0097410 secs] 1810261K->1788998K(4188864K) icms_dc=4 , 0.0098600 secs] [Times: user=0.09 sys=0.00, real=0.01 secs] 
Total time for which application threads were stopped: 0.0102280 seconds
2012-01-20T16:17:33.116+0000: 541.229: [GC 541.229: [ParNew: 27328K->5440K(27328K), 0.0088410 secs] 1810886K->1789547K(4188864K) icms_dc=4 , 0.0089540 secs] [Times: user=0.10 sys=0.01, real=0.01 secs] 
Total time for which application threads were stopped: 0.0093780 seconds
2012-01-20T16:17:34.308+0000: 542.421: [GC 542.421: [ParNew: 27328K->5440K(27328K), 0.0091560 secs] 1811435K->1790169K(4188864K) icms_dc=4 , 0.0092730 secs] [Times: user=0.10 sys=0.00, real=0.01 secs] 
Total time for which application threads were stopped: 0.0096280 seconds
2012-01-20T16:17:35.457+0000: 543.570: [GC 543.570: [ParNew: 27328K->5440K(27328K), 0.0074210 secs] 1812057K->1790565K(4188864K) icms_dc=4 , 0.0075370 secs] [Times: user=0.08 sys=0.00, real=0.01 secs] 
Total time for which application threads were stopped: 0.0078820 seconds
Total time for which application threads were stopped: 0.0001280 seconds
2012-01-20T16:17:36.587+0000: 544.701: [GC 544.701: [ParNew: 27328K->5440K(27328K), 0.0088410 secs] 1812453K->1791115K(4188864K) icms_dc=4 , 0.0089570 secs] [Times: user=0.09 sys=0.01, real=0.01 secs] 
Total time for which application threads were stopped: 0.0093810 seconds
2012-01-20T16:17:37.826+0000: 545.939: [GC 545.939: [ParNew: 27328K->5440K(27328K), 0.0074770 secs] 1813003K->1791510K(4188864K) icms_dc=4 , 0.0075910 secs] [Times: user=0.08 sys=0.00, real=0.00 secs] 
Total time for which application threads were stopped: 0.0079430 seconds
2012-01-20T16:17:38.934+0000: 547.047: [GC 547.047: [ParNew: 27328K->5440K(27328K), 0.0084990 secs] 1813398K->1792130K(4188864K) icms_dc=4 , 0.0086150 secs] [Times: user=0.08 sys=0.00, real=0.01 secs] 
Total time for which application threads were stopped: 0.0090230 seconds
2012-01-20T16:17:40.253+0000: 548.366: [GC 548.367: [ParNew: 27328K->5226K(27328K), 0.0073250 secs] 1814018K->1792290K(4188864K) icms_dc=4 , 0.0074500 secs] [Times: user=0.07 sys=0.00, real=0.01 secs] 
Total time for which application threads were stopped: 0.0078640 seconds
2012-01-20T16:17:41.582+0000: 549.696: [GC 549.696: [ParNew: 27114K->4875K(27328K), 0.0080300 secs] 1814178K->1792422K(4188864K) icms_dc=4 , 0.0081470 secs] [Times: user=0.09 sys=0.00, real=0.01 secs] 
Total time for which application threads were stopped: 0.0084890 seconds
2012-01-20T16:17:42.807+0000: 550.920: [GC 550.920: [ParNew: 26763K->4779K(27328K), 0.0066320 secs] 1814310K->1792480K(4188864K) icms_dc=4 , 0.0067470 secs] [Times: user=0.08 sys=0.00, real=0.00 secs] 
Total time for which application threads were stopped: 0.0071510 seconds
2012-01-20T16:17:44.092+0000: 552.205: [GC 552.205: [ParNew: 26667K->5311K(27328K), 0.0074050 secs] 1814368K->1793201K(4188864K) icms_dc=4 , 0.0075240 secs] [Times: user=0.08 sys=0.00, real=0.01 secs] 
Total time for which application threads were stopped: 0.0079080 seconds
Total time for which application threads were stopped: 0.0003300 seconds
2012-01-20T16:17:45.284+0000: 553.398: [GC 553.398: [ParNew: 27199K->5010K(27328K), 0.0063670 secs] 1815089K->1792967K(4188864K) icms_dc=4 , 0.0064830 secs] [Times: user=0.07 sys=0.00, real=0.01 secs] 
Total time for which application threads were stopped: 0.0066620 seconds
Total time for which application threads were stopped: 0.0001270 seconds
2012-01-20T16:17:46.471+0000: 554.584: [GC 554.584: [ParNew: 26898K->5421K(27328K), 0.0063410 secs] 1814855K->1793455K(4188864K) icms_dc=4 , 0.0064560 secs] [Times: user=0.08 sys=0.00, real=0.01 secs] 
Total time for which application threads were stopped: 0.0067950 seconds
2012-01-20T16:17:47.822+0000: 555.935: [GC 555.936: [ParNew: 27309K->4794K(27328K), 0.0063970 secs] 1815343K->1792904K(4188864K) icms_dc=4 , 0.0065090 secs] [Times: user=0.08 sys=0.01, real=0.01 secs] 
Total time for which application threads were stopped: 0.0068770 seconds
2012-01-20T16:17:49.040+0000: 557.153: [GC 557.153: [ParNew: 26682K->5440K(27328K), 0.0066630 secs] 1814792K->1793712K(4188864K) icms_dc=4 , 0.0067790 secs] [Times: user=0.07 sys=0.00, real=0.01 secs] 
Total time for which application threads were stopped: 0.0071690 seconds
2012-01-20T16:17:50.309+0000: 558.423: [GC 558.423: [ParNew: 27328K->4866K(27328K), 0.0064920 secs] 1815600K->1793223K(4188864K) icms_dc=4 , 0.0066090 secs] [Times: user=0.07 sys=0.01, real=0.01 secs] 
Total time for which application threads were stopped: 0.0069750 seconds
Total time for which application threads were stopped: 0.0003310 seconds
2012-01-20T16:17:51.548+0000: 559.661: [GC 559.661: [ParNew: 26754K->5440K(27328K), 0.0068090 secs] 1815111K->1793981K(4188864K) icms_dc=4 , 0.0069160 secs] [Times: user=0.07 sys=0.00, real=0.00 secs] 
Total time for which application threads were stopped: 0.0071140 seconds
2012-01-20T16:17:52.771+0000: 560.884: [GC 560.884: [ParNew: 27328K->4901K(27328K), 0.0064140 secs] 1815869K->1793512K(4188864K) icms_dc=4 , 0.0065260 secs] [Times: user=0.07 sys=0.00, real=0.01 secs] 
Total time for which application threads were stopped: 0.0068560 seconds
2012-01-20T16:17:54.003+0000: 562.116: [GC 562.116: [ParNew: 26789K->5397K(27328K), 0.0065010 secs] 1815400K->1794139K(4188864K) icms_dc=4 , 0.0066140 secs] [Times: user=0.06 sys=0.00, real=0.01 secs] 
Total time for which application threads were stopped: 0.0069570 seconds
2012-01-20T16:17:55.133+0000: 563.246: [GC 563.246: [ParNew: 27285K->4779K(27328K), 0.0068010 secs] 1816027K->1793654K(4188864K) icms_dc=4 , 0.0069140 secs] [Times: user=0.07 sys=0.01, real=0.01 secs] 
Total time for which application threads were stopped: 0.0072790 seconds
Total time for which application threads were stopped: 0.0003190 seconds
2012-01-20T16:17:56.385+0000: 564.498: [GC 564.498: [ParNew: 26667K->5397K(27328K), 0.0064140 secs] 1815542K->1794363K(4188864K) icms_dc=4 , 0.0065270 secs] [Times: user=0.07 sys=0.01, real=0.01 secs] 
Total time for which application threads were stopped: 0.0069290 seconds
2012-01-20T16:17:57.670+0000: 565.784: [GC 565.784: [ParNew: 27285K->4797K(27328K), 0.0065240 secs] 1816251K->1793861K(4188864K) icms_dc=4 , 0.0066420 secs] [Times: user=0.07 sys=0.01, real=0.01 secs] 
Total time for which application threads were stopped: 0.0070140 seconds
2012-01-20T16:17:58.805+0000: 566.918: [GC 566.918: [ParNew: 26685K->5440K(27328K), 0.0065650 secs] 1815749K->1794610K(4188864K) icms_dc=4 , 0.0066760 secs] [Times: user=0.07 sys=0.00, real=0.01 secs] 
Total time for which application threads were stopped: 0.0070190 seconds
2012-01-20T16:17:59.864+0000: 567.977: [GC 567.977: [ParNew: 27328K->4955K(27328K), 0.0063320 secs] 1816498K->1794187K(4188864K) icms_dc=4 , 0.0064460 secs] [Times: user=0.08 sys=0.00, real=0.01 secs] 
Total time for which application threads were stopped: 0.0068620 seconds
2012-01-20T16:18:01.090+0000: 569.203: [GC 569.203: [ParNew: 26843K->5360K(27328K), 0.0066110 secs] 1816075K->1794760K(4188864K) icms_dc=4 , 0.0067210 secs] [Times: user=0.08 sys=0.00, real=0.00 secs] 
Total time for which application threads were stopped: 0.0070660 seconds
2012-01-20T16:18:01.664+0000: 569.777: [CMS-concurrent-mark: 1.598/36.954 secs] [Times: user=29.52 sys=16.25, real=36.95 secs] 
2012-01-20T16:18:01.664+0000: 569.777: [CMS-concurrent-preclean-start]
2012-01-20T16:18:02.249+0000: 570.362: [GC 570.362: [ParNew: 27248K->4502K(27328K), 0.0065990 secs] 1816648K->1794056K(4188864K) icms_dc=4 , 0.0067220 secs] [Times: user=0.07 sys=0.00, real=0.00 secs] 
Total time for which application threads were stopped: 0.0070820 seconds
2012-01-20T16:18:03.559+0000: 571.672: [GC 571.673: [ParNew: 26390K->5351K(27328K), 0.0061910 secs] 1815944K->1794936K(4188864K) icms_dc=4 , 0.0063040 secs] [Times: user=0.07 sys=0.00, real=0.00 secs] 
Total time for which application threads were stopped: 0.0066530 seconds
2012-01-20T16:18:04.628+0000: 572.741: [GC 572.741: [ParNew: 27239K->4869K(27328K), 0.0070020 secs] 1816824K->1794657K(4188864K) icms_dc=4 , 0.0071120 secs] [Times: user=0.07 sys=0.00, real=0.01 secs] 
Total time for which application threads were stopped: 0.0074620 seconds
2012-01-20T16:18:05.307+0000: 573.420: [CMS-concurrent-preclean: 0.117/3.643 secs] [Times: user=2.22 sys=1.42, real=3.64 secs] 
2012-01-20T16:18:05.307+0000: 573.421: [CMS-concurrent-abortable-preclean-start]
Total time for which application threads were stopped: 0.0002580 seconds
2012-01-20T16:18:06.022+0000: 574.136: [GC 574.136: [ParNew: 26757K->5440K(27328K), 0.0060870 secs] 1816545K->1795268K(4188864K) icms_dc=4 , 0.0062040 secs] [Times: user=0.06 sys=0.01, real=0.01 secs] 
Total time for which application threads were stopped: 0.0064860 seconds
2012-01-20T16:18:06.574+0000: 574.687: [CMS-concurrent-abortable-preclean: 0.055/1.266 secs] [Times: user=0.95 sys=0.47, real=1.27 secs] 
2012-01-20T16:18:06.574+0000: 574.687: [GC[YG occupancy: 15985 K (27328 K)]574.687: [Rescan (parallel) , 0.0156700 secs]574.703: [weak refs processing, 0.0004090 secs] [1 CMS-remark: 1789828K(4161536K)] 1805813K(4188864K), 0.0161880 secs] [Times: user=0.16 sys=0.00, real=0.02 secs] 
Total time for which application threads were stopped: 0.0165210 seconds
2012-01-20T16:18:06.591+0000: 574.704: [CMS-concurrent-sweep-start]
2012-01-20T16:18:07.277+0000: 575.390: [GC 575.390: [ParNew: 27328K->4737K(27328K), 0.0063620 secs] 1817093K->1794687K(4188864K) icms_dc=4 , 0.0064740 secs] [Times: user=0.07 sys=0.00, real=0.01 secs] 
Total time for which application threads were stopped: 0.0068130 seconds
2012-01-20T16:18:08.583+0000: 576.696: [GC 576.697: [ParNew: 26625K->5440K(27328K), 0.0061530 secs] 1816575K->1795424K(4188864K) icms_dc=4 , 0.0062660 secs] [Times: user=0.07 sys=0.00, real=0.01 secs] 
Total time for which application threads were stopped: 0.0066760 seconds
2012-01-20T16:18:09.814+0000: 577.927: [GC 577.927: [ParNew: 27328K->5016K(27328K), 0.0063160 secs] 1817312K->1795066K(4188864K) icms_dc=4 , 0.0064270 secs] [Times: user=0.07 sys=0.00, real=0.01 secs] 
Total time for which application threads were stopped: 0.0068100 seconds
2012-01-20T16:18:11.036+0000: 579.149: [GC 579.149: [ParNew: 26904K->5440K(27328K), 0.0067240 secs] 1816954K->1795651K(4188864K) icms_dc=4 , 0.0068360 secs] [Times: user=0.07 sys=0.00, real=0.01 secs] 
Total time for which application threads were stopped: 0.0072590 seconds
2012-01-20T16:18:12.306+0000: 580.419: [GC 580.419: [ParNew: 27328K->5440K(27328K), 0.0081320 secs] 1817539K->1795891K(4188864K) icms_dc=4 , 0.0082460 secs] [Times: user=0.09 sys=0.00, real=0.01 secs] 
Total time for which application threads were stopped: 0.0085850 seconds
2012-01-20T16:18:13.513+0000: 581.626: [GC 581.626: [ParNew: 27328K->5440K(27328K), 0.0077010 secs] 1817779K->1796159K(4188864K) icms_dc=4 , 0.0078150 secs] [Times: user=0.08 sys=0.00, real=0.01 secs] 
Total time for which application threads were stopped: 0.0082680 seconds
2012-01-20T16:18:14.728+0000: 582.841: [GC 582.841: [ParNew: 27328K->5440K(27328K), 0.0085090 secs] 1818047K->1796549K(4188864K) icms_dc=4 , 0.0086250 secs] [Times: user=0.08 sys=0.00, real=0.01 secs] 
Total time for which application threads were stopped: 0.0090270 seconds
Total time for which application threads were stopped: 0.0002780 seconds
2012-01-20T16:18:15.812+0000: 583.925: [GC 583.925: [ParNew: 27328K->5440K(27328K), 0.0074590 secs] 1818437K->1796980K(4188864K) icms_dc=4 , 0.0075720 secs] [Times: user=0.08 sys=0.00, real=0.01 secs] 
Total time for which application threads were stopped: 0.0077660 seconds
2012-01-20T16:18:17.071+0000: 585.184: [GC 585.184: [ParNew: 27328K->5440K(27328K), 0.0079920 secs] 1818868K->1797441K(4188864K) icms_dc=4 , 0.0081080 secs] [Times: user=0.09 sys=0.00, real=0.00 secs] 
Total time for which application threads were stopped: 0.0084870 seconds
2012-01-20T16:18:18.318+0000: 586.431: [GC 586.431: [ParNew: 27328K->5440K(27328K), 0.0082020 secs] 1819329K->1797931K(4188864K) icms_dc=4 , 0.0083210 secs] [Times: user=0.08 sys=0.00, real=0.01 secs] 
Total time for which application threads were stopped: 0.0086700 seconds
2012-01-20T16:18:19.548+0000: 587.661: [GC 587.662: [ParNew: 27328K->5440K(27328K), 0.0088200 secs] 1819819K->1798601K(4188864K) icms_dc=4 , 0.0089410 secs] [Times: user=0.10 sys=0.00, real=0.01 secs] 
Total time for which application threads were stopped: 0.0093410 seconds
2012-01-20T16:18:20.680+0000: 588.793: [GC 588.793: [ParNew: 27328K->5440K(27328K), 0.0109950 secs] 1820489K->1799669K(4188864K) icms_dc=4 , 0.0111150 secs] [Times: user=0.10 sys=0.01, real=0.01 secs] 
Total time for which application threads were stopped: 0.0114910 seconds
2012-01-20T16:18:21.909+0000: 590.022: [GC 590.022: [ParNew: 27328K->5440K(27328K), 0.0091790 secs] 1821545K->1800453K(4188864K) icms_dc=4 , 0.0092940 secs] [Times: user=0.09 sys=0.01, real=0.01 secs] 
Total time for which application threads were stopped: 0.0096980 seconds
2012-01-20T16:18:23.008+0000: 591.121: [GC 591.121: [ParNew: 27328K->5440K(27328K), 0.0082450 secs] 1822281K->1801147K(4188864K) icms_dc=4 , 0.0083690 secs] [Times: user=0.09 sys=0.00, real=0.01 secs] 
Total time for which application threads were stopped: 0.0087600 seconds
2012-01-20T16:18:24.185+0000: 592.298: [GC 592.298: [ParNew: 27328K->5440K(27328K), 0.0081800 secs] 1823035K->1801913K(4188864K) icms_dc=4 , 0.0082980 secs] [Times: user=0.07 sys=0.00, real=0.01 secs] 
Total time for which application threads were stopped: 0.0086910 seconds
2012-01-20T16:18:25.300+0000: 593.413: [GC 593.414: [ParNew: 27328K->5440K(27328K), 0.0079780 secs] 1823801K->1802447K(4188864K) icms_dc=4 , 0.0081210 secs] [Times: user=0.07 sys=0.00, real=0.00 secs] 
Total time for which application threads were stopped: 0.0085440 seconds
Total time for which application threads were stopped: 0.0001390 seconds
2012-01-20T16:18:26.628+0000: 594.742: [GC 594.742: [ParNew: 27328K->5440K(27328K), 0.0074940 secs] 1824335K->1803043K(4188864K) icms_dc=4 , 0.0076120 secs] [Times: user=0.08 sys=0.00, real=0.01 secs] 
Total time for which application threads were stopped: 0.0079640 seconds
2012-01-20T16:18:28.077+0000: 596.190: [GC 596.190: [ParNew: 27328K->5440K(27328K), 0.0062870 secs] 1824931K->1803112K(4188864K) icms_dc=4 , 0.0063970 secs] [Times: user=0.08 sys=0.00, real=0.01 secs] 
Total time for which application threads were stopped: 0.0067460 seconds
2012-01-20T16:18:29.285+0000: 597.398: [GC 597.398: [ParNew: 27328K->5440K(27328K), 0.0087980 secs] 1825000K->1803991K(4188864K) icms_dc=4 , 0.0089140 secs] [Times: user=0.09 sys=0.01, real=0.01 secs] 
Total time for which application threads were stopped: 0.0093310 seconds
2012-01-20T16:18:30.532+0000: 598.645: [GC 598.645: [ParNew: 27328K->5440K(27328K), 0.0070930 secs] 1825879K->1804002K(4188864K) icms_dc=4 , 0.0072640 secs] [Times: user=0.08 sys=0.00, real=0.00 secs] 
Total time for which application threads were stopped: 0.0076140 seconds
2012-01-20T16:18:31.722+0000: 599.835: [GC 599.835: [ParNew: 27328K->5440K(27328K), 0.0084480 secs] 1820506K->1799371K(4188864K) icms_dc=4 , 0.0085710 secs] [Times: user=0.08 sys=0.00, real=0.00 secs] 
Total time for which application threads were stopped: 0.0089770 seconds
2012-01-20T16:18:32.278+0000: 600.391: [CMS-concurrent-sweep: 1.004/25.687 secs] [Times: user=18.76 sys=10.23, real=25.68 secs] 
2012-01-20T16:18:32.278+0000: 600.391: [CMS-concurrent-reset-start]
2012-01-20T16:18:32.828+0000: 600.941: [GC 600.941: [ParNew: 27328K->5440K(27328K), 0.0065840 secs] 1819717K->1797866K(4188864K) icms_dc=4 , 0.0067010 secs] [Times: user=0.08 sys=0.01, real=0.01 secs] 
Total time for which application threads were stopped: 0.0071060 seconds
2012-01-20T16:18:33.437+0000: 601.550: [CMS-concurrent-reset: 0.064/1.159 secs] [Times: user=0.75 sys=0.52, real=1.16 secs] 
2012-01-20T16:18:34.027+0000: 602.141: [GC 602.141: [ParNew: 27328K->5440K(27328K), 0.0082140 secs] 1819754K->1798516K(4188864K) icms_dc=0 , 0.0083370 secs] [Times: user=0.08 sys=0.00, real=0.01 secs] 
Total time for which application threads were stopped: 0.0087280 seconds
2012-01-20T16:18:35.277+0000: 603.390: [GC 603.390: [ParNew: 27328K->5440K(27328K), 0.0067490 secs] 1820404K->1798569K(4188864K) icms_dc=0 , 0.0068660 secs] [Times: user=0.08 sys=0.00, real=0.01 secs] 
Total time for which application threads were stopped: 0.0072040 seconds
Total time for which application threads were stopped: 0.0005120 seconds
2012-01-20T16:18:36.705+0000: 604.819: [GC 604.819: [ParNew: 27328K->5440K(27328K), 0.0089750 secs] 1820457K->1799608K(4188864K) icms_dc=0 , 0.0090970 secs] [Times: user=0.09 sys=0.00, real=0.01 secs] 
Total time for which application threads were stopped: 0.0094890 seconds
2012-01-20T16:18:38.011+0000: 606.124: [GC 606.124: [ParNew: 27328K->5017K(27328K), 0.0060970 secs] 1821496K->1799186K(4188864K) icms_dc=0 , 0.0062130 secs] [Times: user=0.07 sys=0.00, real=0.01 secs] 
Total time for which application threads were stopped: 0.0065600 seconds
2012-01-20T16:18:39.347+0000: 607.461: [GC 607.461: [ParNew: 26905K->5440K(27328K), 0.0068450 secs] 1821074K->1799781K(4188864K) icms_dc=0 , 0.0069620 secs] [Times: user=0.08 sys=0.00, real=0.01 secs] 
Total time for which application threads were stopped: 0.0073240 seconds
2012-01-20T16:18:40.607+0000: 608.720: [GC 608.720: [ParNew: 27328K->5440K(27328K), 0.0069890 secs] 1821669K->1800044K(4188864K) icms_dc=0 , 0.0071040 secs] [Times: user=0.08 sys=0.00, real=0.01 secs] 
Total time for which application threads were stopped: 0.0074500 seconds
2012-01-20T16:18:41.868+0000: 609.981: [GC 609.981: [ParNew: 27328K->5440K(27328K), 0.0081020 secs] 1821932K->1800775K(4188864K) icms_dc=0 , 0.0082190 secs] [Times: user=0.09 sys=0.00, real=0.01 secs] 
Total time for which application threads were stopped: 0.0086370 seconds
2012-01-20T16:18:43.195+0000: 611.308: [GC 611.308: [ParNew: 27328K->5440K(27328K), 0.0094140 secs] 1822663K->1801544K(4188864K) icms_dc=0 , 0.0095320 secs] [Times: user=0.09 sys=0.00, real=0.01 secs] 
Total time for which application threads were stopped: 0.0099400 seconds
2012-01-20T16:18:44.546+0000: 612.659: [GC 612.659: [ParNew: 27328K->5440K(27328K), 0.0090560 secs] 1823432K->1802345K(4188864K) icms_dc=0 , 0.0091750 secs] [Times: user=0.08 sys=0.00, real=0.01 secs] 
Total time for which application threads were stopped: 0.0095230 seconds
2012-01-20T16:18:45.795+0000: 613.908: [GC 613.908: [ParNew: 27328K->5440K(27328K), 0.0084150 secs] 1824233K->1802606K(4188864K) icms_dc=0 , 0.0085290 secs] [Times: user=0.09 sys=0.00, real=0.01 secs] 
Total time for which application threads were stopped: 0.0089470 seconds
Total time for which application threads were stopped: 0.0001890 seconds
2012-01-20T16:18:47.243+0000: 615.356: [GC 615.356: [ParNew: 27328K->5440K(27328K), 0.0094540 secs] 1824494K->1803806K(4188864K) icms_dc=0 , 0.0095780 secs] [Times: user=0.08 sys=0.01, real=0.01 secs] 
Total time for which application threads were stopped: 0.0100060 seconds
2012-01-20T16:18:48.478+0000: 616.592: [GC 616.592: [ParNew: 27328K->5440K(27328K), 0.0071440 secs] 1825694K->1803831K(4188864K) icms_dc=0 , 0.0072560 secs] [Times: user=0.08 sys=0.00, real=0.01 secs] 
Total time for which application threads were stopped: 0.0076810 seconds
2012-01-20T16:18:49.776+0000: 617.889: [GC 617.889: [ParNew: 27328K->5440K(27328K), 0.0105240 secs] 1825719K->1804864K(4188864K) icms_dc=0 , 0.0106470 secs] [Times: user=0.09 sys=0.01, real=0.01 secs] 
Total time for which application threads were stopped: 0.0110010 seconds
2012-01-20T16:18:51.283+0000: 619.396: [GC 619.396: [ParNew: 27328K->5440K(27328K), 0.0065560 secs] 1826752K->1804966K(4188864K) icms_dc=0 , 0.0066700 secs] [Times: user=0.07 sys=0.00, real=0.00 secs] 
Total time for which application threads were stopped: 0.0070250 seconds
2012-01-20T16:18:52.637+0000: 620.750: [GC 620.750: [ParNew: 27328K->5440K(27328K), 0.0082630 secs] 1826854K->1805665K(4188864K) icms_dc=0 , 0.0083870 secs] [Times: user=0.08 sys=0.00, real=0.01 secs] 
Total time for which application threads were stopped: 0.0087320 seconds
2012-01-20T16:18:53.890+0000: 622.003: [GC 622.003: [ParNew: 27328K->5440K(27328K), 0.0080640 secs] 1827553K->1806409K(4188864K) icms_dc=0 , 0.0081860 secs] [Times: user=0.09 sys=0.00, real=0.01 secs] 
Total time for which application threads were stopped: 0.0085530 seconds
2012-01-20T16:18:55.092+0000: 623.205: [GC 623.205: [ParNew: 27328K->5440K(27328K), 0.0070130 secs] 1828297K->1806674K(4188864K) icms_dc=0 , 0.0071350 secs] [Times: user=0.07 sys=0.00, real=0.01 secs] 
Total time for which application threads were stopped: 0.0074770 seconds
Total time for which application threads were stopped: 0.0030100 seconds
Total time for which application threads were stopped: 0.0001130 seconds
2012-01-20T16:18:56.425+0000: 624.538: [GC 624.538: [ParNew: 27328K->5440K(27328K), 0.0102530 secs] 1828562K->1807701K(4188864K) icms_dc=0 , 0.0103710 secs] [Times: user=0.08 sys=0.00, real=0.01 secs] 
Total time for which application threads were stopped: 0.0107770 seconds
2012-01-20T16:18:57.880+0000: 625.994: [GC 625.994: [ParNew: 27328K->5438K(27328K), 0.0070850 secs] 1829589K->1807975K(4188864K) icms_dc=0 , 0.0071980 secs] [Times: user=0.08 sys=0.00, real=0.01 secs] 
Total time for which application threads were stopped: 0.0075590 seconds
2012-01-20T16:18:59.179+0000: 627.292: [GC 627.292: [ParNew: 27326K->5440K(27328K), 0.0105330 secs] 1829863K->1809162K(4188864K) icms_dc=0 , 0.0106550 secs] [Times: user=0.09 sys=0.00, real=0.01 secs] 
Total time for which application threads were stopped: 0.0110440 seconds
2012-01-20T16:19:00.438+0000: 628.551: [GC 628.551: [ParNew: 27328K->5440K(27328K), 0.0082770 secs] 1831050K->1809897K(4188864K) icms_dc=0 , 0.0084010 secs] [Times: user=0.09 sys=0.00, real=0.01 secs] 
Total time for which application threads were stopped: 0.0088090 seconds
2012-01-20T16:19:01.996+0000: 630.109: [GC 630.110: [ParNew: 27328K->5440K(27328K), 0.0083670 secs] 1831785K->1810467K(4188864K) icms_dc=0 , 0.0084890 secs] [Times: user=0.09 sys=0.00, real=0.01 secs] 
Total time for which application threads were stopped: 0.0088910 seconds
2012-01-20T16:19:03.306+0000: 631.419: [GC 631.419: [ParNew: 27328K->5440K(27328K), 0.0070370 secs] 1832355K->1810644K(4188864K) icms_dc=0 , 0.0071490 secs] [Times: user=0.08 sys=0.00, real=0.00 secs] 
Total time for which application threads were stopped: 0.0074990 seconds
2012-01-20T16:19:04.604+0000: 632.717: [GC 632.718: [ParNew: 27328K->5440K(27328K), 0.0095960 secs] 1832532K->1811417K(4188864K) icms_dc=0 , 0.0097160 secs] [Times: user=0.10 sys=0.00, real=0.01 secs] 
Total time for which application threads were stopped: 0.0100750 seconds
Total time for which application threads were stopped: 0.0002880 seconds
2012-01-20T16:19:05.979+0000: 634.093: [GC 634.093: [ParNew: 27328K->5440K(27328K), 0.0067370 secs] 1833305K->1811479K(4188864K) icms_dc=0 , 0.0068550 secs] [Times: user=0.08 sys=0.01, real=0.01 secs] 
Total time for which application threads were stopped: 0.0070940 seconds
2012-01-20T16:19:07.234+0000: 635.347: [GC 635.347: [ParNew: 27328K->5440K(27328K), 0.0091600 secs] 1833367K->1812164K(4188864K) icms_dc=0 , 0.0092840 secs] [Times: user=0.09 sys=0.01, real=0.01 secs] 
Total time for which application threads were stopped: 0.0097050 seconds
2012-01-20T16:19:08.547+0000: 636.660: [GC 636.660: [ParNew: 27328K->5440K(27328K), 0.0064680 secs] 1834052K->1812185K(4188864K) icms_dc=0 , 0.0065910 secs] [Times: user=0.07 sys=0.00, real=0.00 secs] 
Total time for which application threads were stopped: 0.0069560 seconds
2012-01-20T16:19:10.067+0000: 638.180: [GC 638.180: [ParNew: 27328K->5440K(27328K), 0.0085540 secs] 1834073K->1812882K(4188864K) icms_dc=0 , 0.0086710 secs] [Times: user=0.09 sys=0.00, real=0.01 secs] 
Total time for which application threads were stopped: 0.0090980 seconds
2012-01-20T16:19:11.477+0000: 639.590: [GC 639.590: [ParNew: 27328K->5440K(27328K), 0.0063590 secs] 1834770K->1812887K(4188864K) icms_dc=0 , 0.0064730 secs] [Times: user=0.08 sys=0.00, real=0.00 secs] 
Total time for which application threads were stopped: 0.0068220 seconds
2012-01-20T16:19:12.802+0000: 640.915: [GC 640.915: [ParNew: 27328K->5440K(27328K), 0.0075080 secs] 1834775K->1813318K(4188864K) icms_dc=0 , 0.0076300 secs] [Times: user=0.08 sys=0.00, real=0.01 secs] 
Total time for which application threads were stopped: 0.0081530 seconds
2012-01-20T16:19:14.165+0000: 642.278: [GC 642.278: [ParNew: 27328K->5440K(27328K), 0.0091880 secs] 1835206K->1813952K(4188864K) icms_dc=0 , 0.0093080 secs] [Times: user=0.09 sys=0.00, real=0.01 secs] 
Total time for which application threads were stopped: 0.0096760 seconds
2012-01-20T16:19:15.599+0000: 643.712: [GC 643.712: [ParNew: 27328K->5440K(27328K), 0.0074090 secs] 1835840K->1813953K(4188864K) icms_dc=0 , 0.0075230 secs] [Times: user=0.08 sys=0.00, real=0.01 secs] 
Total time for which application threads were stopped: 0.0079540 seconds
Total time for which application threads were stopped: 0.0001650 seconds
2012-01-20T16:19:16.919+0000: 645.032: [GC 645.032: [ParNew: 27328K->5440K(27328K), 0.0082190 secs] 1835841K->1814391K(4188864K) icms_dc=0 , 0.0083440 secs] [Times: user=0.08 sys=0.01, real=0.01 secs] 
Total time for which application threads were stopped: 0.0087190 seconds
2012-01-20T16:19:18.206+0000: 646.319: [GC 646.319: [ParNew: 27328K->5440K(27328K), 0.0079970 secs] 1836279K->1814791K(4188864K) icms_dc=0 , 0.0081200 secs] [Times: user=0.07 sys=0.00, real=0.00 secs] 
Total time for which application threads were stopped: 0.0085010 seconds
2012-01-20T16:19:19.602+0000: 647.715: [GC 647.715: [ParNew: 27328K->5440K(27328K), 0.0066750 secs] 1836679K->1814901K(4188864K) icms_dc=0 , 0.0067950 secs] [Times: user=0.07 sys=0.00, real=0.01 secs] 
Total time for which application threads were stopped: 0.0071930 seconds
2012-01-20T16:19:21.087+0000: 649.200: [GC 649.200: [ParNew: 27328K->5440K(27328K), 0.0081540 secs] 1836789K->1815464K(4188864K) icms_dc=0 , 0.0082780 secs] [Times: user=0.08 sys=0.00, real=0.00 secs] 
Total time for which application threads were stopped: 0.0086480 seconds
2012-01-20T16:19:22.434+0000: 650.547: [GC 650.547: [ParNew: 27328K->5440K(27328K), 0.0108370 secs] 1837352K->1816058K(4188864K) icms_dc=0 , 0.0109610 secs] [Times: user=0.11 sys=0.00, real=0.01 secs] 
Total time for which application threads were stopped: 0.0113300 seconds
2012-01-20T16:19:23.834+0000: 651.947: [GC 651.947: [ParNew: 27328K->5440K(27328K), 0.0078040 secs] 1837946K->1816598K(4188864K) icms_dc=0 , 0.0079260 secs] [Times: user=0.08 sys=0.01, real=0.01 secs] 
Total time for which application threads were stopped: 0.0082860 seconds
2012-01-20T16:19:25.315+0000: 653.428: [GC 653.428: [ParNew: 27328K->5440K(27328K), 0.0114160 secs] 1838486K->1817386K(4188864K) icms_dc=0 , 0.0115410 secs] [Times: user=0.11 sys=0.00, real=0.01 secs] 
Total time for which application threads were stopped: 0.0119070 seconds
Total time for which application threads were stopped: 0.0003060 seconds
2012-01-20T16:19:26.773+0000: 654.886: [GC 654.887: [ParNew: 27328K->5440K(27328K), 0.0087020 secs] 1839274K->1818130K(4188864K) icms_dc=0 , 0.0088280 secs] [Times: user=0.08 sys=0.01, real=0.01 secs] 
Total time for which application threads were stopped: 0.0092680 seconds
2012-01-20T16:19:28.285+0000: 656.398: [GC 656.399: [ParNew: 27328K->5440K(27328K), 0.0092060 secs] 1840018K->1818722K(4188864K) icms_dc=0 , 0.0093290 secs] [Times: user=0.09 sys=0.00, real=0.01 secs] 
Total time for which application threads were stopped: 0.0097010 seconds
2012-01-20T16:19:29.662+0000: 657.775: [GC 657.775: [ParNew: 27328K->5440K(27328K), 0.0106110 secs] 1840610K->1819667K(4188864K) icms_dc=0 , 0.0107370 secs] [Times: user=0.09 sys=0.00, real=0.01 secs] 
Total time for which application threads were stopped: 0.0111430 seconds
2012-01-20T16:19:31.056+0000: 659.169: [GC 659.169: [ParNew: 27328K->5440K(27328K), 0.0063460 secs] 1841555K->1819681K(4188864K) icms_dc=0 , 0.0064710 secs] [Times: user=0.07 sys=0.00, real=0.01 secs] 
Total time for which application threads were stopped: 0.0068890 seconds
2012-01-20T16:19:32.337+0000: 660.450: [GC 660.451: [ParNew: 27328K->5440K(27328K), 0.0089330 secs] 1841569K->1820265K(4188864K) icms_dc=0 , 0.0090610 secs] [Times: user=0.09 sys=0.00, real=0.01 secs] 
Total time for which application threads were stopped: 0.0094520 seconds
2012-01-20T16:19:33.734+0000: 661.847: [GC 661.847: [ParNew: 27328K->5440K(27328K), 0.0074850 secs] 1842153K->1820724K(4188864K) icms_dc=0 , 0.0076090 secs] [Times: user=0.08 sys=0.00, real=0.01 secs] 
Total time for which application threads were stopped: 0.0080000 seconds
2012-01-20T16:19:34.961+0000: 663.074: [GC 663.074: [ParNew: 27328K->5440K(27328K), 0.0078220 secs] 1842612K->1821074K(4188864K) icms_dc=0 , 0.0079420 secs] [Times: user=0.09 sys=0.00, real=0.01 secs] 
Total time for which application threads were stopped: 0.0082880 seconds
Total time for which application threads were stopped: 0.0002750 seconds
2012-01-20T16:19:36.161+0000: 664.274: [GC 664.274: [ParNew: 27328K->5440K(27328K), 0.0104170 secs] 1842962K->1821846K(4188864K) icms_dc=0 , 0.0105460 secs] [Times: user=0.10 sys=0.01, real=0.01 secs] 
Total time for which application threads were stopped: 0.0108200 seconds
2012-01-20T16:19:37.399+0000: 665.513: [GC 665.513: [ParNew: 27328K->5440K(27328K), 0.0097220 secs] 1843734K->1822742K(4188864K) icms_dc=0 , 0.0098540 secs] [Times: user=0.09 sys=0.01, real=0.01 secs] 
Total time for which application threads were stopped: 0.0102340 seconds
2012-01-20T16:19:38.823+0000: 666.936: [GC 666.936: [ParNew: 27328K->5440K(27328K), 0.0082960 secs] 1844630K->1823542K(4188864K) icms_dc=0 , 0.0084240 secs] [Times: user=0.08 sys=0.01, real=0.01 secs] 
Total time for which application threads were stopped: 0.0088160 seconds
2012-01-20T16:19:40.241+0000: 668.354: [GC 668.354: [ParNew: 27328K->5440K(27328K), 0.0085940 secs] 1845430K->1824552K(4188864K) icms_dc=0 , 0.0087170 secs] [Times: user=0.08 sys=0.01, real=0.01 secs] 
Total time for which application threads were stopped: 0.0090810 seconds
2012-01-20T16:19:41.795+0000: 669.908: [GC 669.908: [ParNew: 27328K->5440K(27328K), 0.0081410 secs] 1846440K->1825113K(4188864K) icms_dc=0 , 0.0082620 secs] [Times: user=0.09 sys=0.00, real=0.01 secs] 
Total time for which application threads were stopped: 0.0086610 seconds
2012-01-20T16:19:43.094+0000: 671.207: [GC 671.207: [ParNew: 27328K->5440K(27328K), 0.0088920 secs] 1847001K->1825826K(4188864K) icms_dc=0 , 0.0090150 secs] [Times: user=0.08 sys=0.00, real=0.01 secs] 
Total time for which application threads were stopped: 0.0093830 seconds
2012-01-20T16:19:44.502+0000: 672.615: [GC 672.615: [ParNew: 27328K->5440K(27328K), 0.0093670 secs] 1847714K->1826700K(4188864K) icms_dc=0 , 0.0094910 secs] [Times: user=0.09 sys=0.01, real=0.01 secs] 
Total time for which application threads were stopped: 0.0099060 seconds
2012-01-20T16:19:45.775+0000: 673.888: [GC 673.888: [ParNew: 27328K->5440K(27328K), 0.0083230 secs] 1848588K->1827460K(4188864K) icms_dc=0 , 0.0084490 secs] [Times: user=0.08 sys=0.00, real=0.01 secs] 
Total time for which application threads were stopped: 0.0088360 seconds
Total time for which application threads were stopped: 0.0001830 seconds
2012-01-20T16:19:47.342+0000: 675.455: [GC 675.455: [ParNew: 27328K->5440K(27328K), 0.0098760 secs] 1849348K->1828189K(4188864K) icms_dc=0 , 0.0100040 secs] [Times: user=0.11 sys=0.01, real=0.01 secs] 
Total time for which application threads were stopped: 0.0104850 seconds
2012-01-20T16:19:48.684+0000: 676.797: [GC 676.797: [ParNew: 27328K->5440K(27328K), 0.0091140 secs] 1850077K->1828967K(4188864K) icms_dc=0 , 0.0092400 secs] [Times: user=0.10 sys=0.00, real=0.01 secs] 
Total time for which application threads were stopped: 0.0096620 seconds
2012-01-20T16:19:50.056+0000: 678.169: [GC 678.169: [ParNew: 27328K->5440K(27328K), 0.0095490 secs] 1850855K->1829998K(4188864K) icms_dc=0 , 0.0096740 secs] [Times: user=0.10 sys=0.01, real=0.01 secs] 
Total time for which application threads were stopped: 0.0100950 seconds
2012-01-20T16:19:51.592+0000: 679.705: [GC 679.705: [ParNew: 27328K->5440K(27328K), 0.0074870 secs] 1851886K->1830635K(4188864K) icms_dc=0 , 0.0076140 secs] [Times: user=0.08 sys=0.00, real=0.00 secs] 
Total time for which application threads were stopped: 0.0079750 seconds
2012-01-20T16:19:53.077+0000: 681.191: [GC 681.191: [ParNew: 27328K->5440K(27328K), 0.0091140 secs] 1852523K->1831596K(4188864K) icms_dc=0 , 0.0092470 secs] [Times: user=0.09 sys=0.01, real=0.01 secs] 
Total time for which application threads were stopped: 0.0096320 seconds
2012-01-20T16:19:54.375+0000: 682.488: [GC 682.488: [ParNew: 27328K->5440K(27328K), 0.0093390 secs] 1853484K->1832687K(4188864K) icms_dc=0 , 0.0094720 secs] [Times: user=0.09 sys=0.01, real=0.01 secs] 
Total time for which application threads were stopped: 0.0098320 seconds
2012-01-20T16:19:55.559+0000: 683.672: [GC 683.672: [ParNew: 27328K->5440K(27328K), 0.0097050 secs] 1854575K->1833408K(4188864K) icms_dc=0 , 0.0098320 secs] [Times: user=0.09 sys=0.00, real=0.01 secs] 
Total time for which application threads were stopped: 0.0101920 seconds
Total time for which application threads were stopped: 0.0001810 seconds
2012-01-20T16:19:56.867+0000: 684.980: [GC 684.980: [ParNew: 27328K->5440K(27328K), 0.0086230 secs] 1855296K->1834344K(4188864K) icms_dc=0 , 0.0089180 secs] [Times: user=0.08 sys=0.01, real=0.01 secs] 
Total time for which application threads were stopped: 0.0092840 seconds
2012-01-20T16:19:58.233+0000: 686.347: [GC 686.347: [ParNew: 27328K->5440K(27328K), 0.0079360 secs] 1856232K->1835044K(4188864K) icms_dc=0 , 0.0080730 secs] [Times: user=0.08 sys=0.00, real=0.01 secs] 
Total time for which application threads were stopped: 0.0085170 seconds
Total time for which application threads were stopped: 0.0006060 seconds
2012-01-20T16:19:59.454+0000: 687.567: [GC 687.567: [ParNew: 27328K->5440K(27328K), 0.0085140 secs] 1856932K->1835773K(4188864K) icms_dc=0 , 0.0086390 secs] [Times: user=0.09 sys=0.00, real=0.01 secs] 
Total time for which application threads were stopped: 0.0088630 seconds
2012-01-20T16:20:00.855+0000: 688.968: [GC 688.968: [ParNew: 27328K->5440K(27328K), 0.0088530 secs] 1857661K->1836605K(4188864K) icms_dc=0 , 0.0089790 secs] [Times: user=0.10 sys=0.01, real=0.01 secs] 
Total time for which application threads were stopped: 0.0093440 seconds
2012-01-20T16:20:02.344+0000: 690.458: [GC 690.458: [ParNew: 27328K->5440K(27328K), 0.0086110 secs] 1858493K->1837430K(4188864K) icms_dc=0 , 0.0087450 secs] [Times: user=0.09 sys=0.00, real=0.01 secs] 
Total time for which application threads were stopped: 0.0091200 seconds
2012-01-20T16:20:03.742+0000: 691.855: [GC 691.855: [ParNew: 27328K->5440K(27328K), 0.0088140 secs] 1859318K->1838206K(4188864K) icms_dc=0 , 0.0089370 secs] [Times: user=0.09 sys=0.00, real=0.00 secs] 
Total time for which application threads were stopped: 0.0093530 seconds
2012-01-20T16:20:05.104+0000: 693.217: [GC 693.217: [ParNew: 27328K->5440K(27328K), 0.0089460 secs] 1860094K->1839131K(4188864K) icms_dc=0 , 0.0090680 secs] [Times: user=0.08 sys=0.00, real=0.01 secs] 
Total time for which application threads were stopped: 0.0094300 seconds
Total time for which application threads were stopped: 0.0002910 seconds
2012-01-20T16:20:06.569+0000: 694.682: [GC 694.682: [ParNew: 27328K->5440K(27328K), 0.0101060 secs] 1861019K->1840208K(4188864K) icms_dc=0 , 0.0102340 secs] [Times: user=0.10 sys=0.01, real=0.01 secs] 
Total time for which application threads were stopped: 0.0106350 seconds
2012-01-20T16:20:07.965+0000: 696.078: [GC 696.079: [ParNew: 27328K->5440K(27328K), 0.0081700 secs] 1862096K->1841054K(4188864K) icms_dc=0 , 0.0082950 secs] [Times: user=0.08 sys=0.00, real=0.01 secs] 
Total time for which application threads were stopped: 0.0086810 seconds
2012-01-20T16:20:09.353+0000: 697.466: [GC 697.466: [ParNew: 27328K->5440K(27328K), 0.0076820 secs] 1862942K->1841564K(4188864K) icms_dc=0 , 0.0078110 secs] [Times: user=0.08 sys=0.00, real=0.00 secs] 
Total time for which application threads were stopped: 0.0081840 seconds
2012-01-20T16:20:10.609+0000: 698.723: [GC 698.723: [ParNew: 27328K->5440K(27328K), 0.0089200 secs] 1863452K->1842406K(4188864K) icms_dc=0 , 0.0090460 secs] [Times: user=0.08 sys=0.00, real=0.01 secs] 
Total time for which application threads were stopped: 0.0094840 seconds
2012-01-20T16:20:11.881+0000: 699.995: [GC 699.995: [ParNew: 27328K->5439K(27328K), 0.0090800 secs] 1864294K->1843202K(4188864K) icms_dc=0 , 0.0092050 secs] [Times: user=0.10 sys=0.01, real=0.01 secs] 
Total time for which application threads were stopped: 0.0095820 seconds
2012-01-20T16:20:13.155+0000: 701.268: [GC 701.268: [ParNew: 27327K->5440K(27328K), 0.0079220 secs] 1865090K->1843870K(4188864K) icms_dc=0 , 0.0080460 secs] [Times: user=0.08 sys=0.00, real=0.01 secs] 
Total time for which application threads were stopped: 0.0084660 seconds
2012-01-20T16:20:14.350+0000: 702.463: [GC 702.463: [ParNew: 27328K->5440K(27328K), 0.0088490 secs] 1865758K->1844622K(4188864K) icms_dc=0 , 0.0089830 secs] [Times: user=0.09 sys=0.00, real=0.01 secs] 
Total time for which application threads were stopped: 0.0093600 seconds
2012-01-20T16:20:15.836+0000: 703.949: [GC 703.950: [ParNew: 27328K->5440K(27328K), 0.0082250 secs] 1866510K->1845211K(4188864K) icms_dc=0 , 0.0083580 secs] [Times: user=0.09 sys=0.00, real=0.01 secs] 
Total time for which application threads were stopped: 0.0087690 seconds
Total time for which application threads were stopped: 0.0001690 seconds
2012-01-20T16:20:17.217+0000: 705.330: [GC 705.330: [ParNew: 27328K->5440K(27328K), 0.0099900 secs] 1867099K->1846103K(4188864K) icms_dc=0 , 0.0101150 secs] [Times: user=0.08 sys=0.00, real=0.01 secs] 
Total time for which application threads were stopped: 0.0104820 seconds
2012-01-20T16:20:18.596+0000: 706.709: [GC 706.709: [ParNew: 27328K->5440K(27328K), 0.0084290 secs] 1867991K->1846830K(4188864K) icms_dc=0 , 0.0085560 secs] [Times: user=0.09 sys=0.00, real=0.01 secs] 
Total time for which application threads were stopped: 0.0089820 seconds
2012-01-20T16:20:20.121+0000: 708.234: [GC 708.234: [ParNew: 27328K->5440K(27328K), 0.0102400 secs] 1868718K->1847449K(4188864K) icms_dc=0 , 0.0103650 secs] [Times: user=0.11 sys=0.01, real=0.01 secs] 
Total time for which application threads were stopped: 0.0107430 seconds
2012-01-20T16:20:21.488+0000: 709.601: [GC 709.601: [ParNew: 27328K->5440K(27328K), 0.0097300 secs] 1869337K->1848070K(4188864K) icms_dc=0 , 0.0098520 secs] [Times: user=0.12 sys=0.00, real=0.01 secs] 
Total time for which application threads were stopped: 0.0102160 seconds
2012-01-20T16:20:22.793+0000: 710.907: [GC 710.907: [ParNew: 27328K->5440K(27328K), 0.0098710 secs] 1869958K->1848645K(4188864K) icms_dc=0 , 0.0099960 secs] [Times: user=0.10 sys=0.00, real=0.01 secs] 
Total time for which application threads were stopped: 0.0103550 seconds
2012-01-20T16:20:24.353+0000: 712.466: [GC 712.466: [ParNew: 27328K->5440K(27328K), 0.0066700 secs] 1870533K->1848680K(4188864K) icms_dc=0 , 0.0067880 secs] [Times: user=0.08 sys=0.00, real=0.01 secs] 
Total time for which application threads were stopped: 0.0071950 seconds
2012-01-20T16:20:25.855+0000: 713.968: [GC 713.968: [ParNew: 27328K->5440K(27328K), 0.0083100 secs] 1870568K->1849265K(4188864K) icms_dc=0 , 0.0084290 secs] [Times: user=0.08 sys=0.00, real=0.01 secs] 
Total time for which application threads were stopped: 0.0088590 seconds
Total time for which application threads were stopped: 0.0001370 seconds
2012-01-20T16:20:27.125+0000: 715.238: [GC 715.238: [ParNew: 27328K->5440K(27328K), 0.0072760 secs] 1871153K->1849420K(4188864K) icms_dc=0 , 0.0074070 secs] [Times: user=0.08 sys=0.00, real=0.00 secs] 
Total time for which application threads were stopped: 0.0078470 seconds
2012-01-20T16:20:28.410+0000: 716.523: [GC 716.523: [ParNew: 27328K->5440K(27328K), 0.0079600 secs] 1871308K->1849889K(4188864K) icms_dc=0 , 0.0080840 secs] [Times: user=0.08 sys=0.00, real=0.01 secs] 
Total time for which application threads were stopped: 0.0084960 seconds
2012-01-20T16:20:29.811+0000: 717.924: [GC 717.924: [ParNew: 27328K->5440K(27328K), 0.0097150 secs] 1871777K->1850720K(4188864K) icms_dc=0 , 0.0098480 secs] [Times: user=0.09 sys=0.00, real=0.01 secs] 
Total time for which application threads were stopped: 0.0102500 seconds
2012-01-20T16:20:31.165+0000: 719.278: [GC 719.278: [ParNew: 27328K->5440K(27328K), 0.0078360 secs] 1872608K->1851253K(4188864K) icms_dc=0 , 0.0079600 secs] [Times: user=0.07 sys=0.01, real=0.00 secs] 
Total time for which application threads were stopped: 0.0083290 seconds
2012-01-20T16:20:32.757+0000: 720.870: [GC 720.870: [ParNew: 27328K->5440K(27328K), 0.0089180 secs] 1873141K->1851926K(4188864K) icms_dc=0 , 0.0090420 secs] [Times: user=0.09 sys=0.00, real=0.01 secs] 
Total time for which application threads were stopped: 0.0094110 seconds
2012-01-20T16:20:34.229+0000: 722.342: [GC 722.342: [ParNew: 27328K->5440K(27328K), 0.0067880 secs] 1873814K->1852087K(4188864K) icms_dc=0 , 0.0069100 secs] [Times: user=0.08 sys=0.00, real=0.01 secs] 
Total time for which application threads were stopped: 0.0073410 seconds
2012-01-20T16:20:35.657+0000: 723.770: [GC 723.770: [ParNew: 27328K->5440K(27328K), 0.0092030 secs] 1873975K->1852814K(4188864K) icms_dc=0 , 0.0093340 secs] [Times: user=0.09 sys=0.00, real=0.01 secs] 
Total time for which application threads were stopped: 0.0097530 seconds
Total time for which application threads were stopped: 0.0001430 seconds
2012-01-20T16:20:37.086+0000: 725.199: [GC 725.199: [ParNew: 27328K->5440K(27328K), 0.0074980 secs] 1874702K->1853299K(4188864K) icms_dc=0 , 0.0076220 secs] [Times: user=0.08 sys=0.01, real=0.00 secs] 
Total time for which application threads were stopped: 0.0080470 seconds
2012-01-20T16:20:38.484+0000: 726.598: [GC 726.598: [ParNew: 27328K->5440K(27328K), 0.0100120 secs] 1875187K->1854226K(4188864K) icms_dc=0 , 0.0101410 secs] [Times: user=0.11 sys=0.01, real=0.01 secs] 
Total time for which application threads were stopped: 0.0105070 seconds
2012-01-20T16:20:39.880+0000: 727.993: [GC 727.993: [ParNew: 27328K->5440K(27328K), 0.0091630 secs] 1876114K->1855168K(4188864K) icms_dc=0 , 0.0092900 secs] [Times: user=0.09 sys=0.01, real=0.01 secs] 
Total time for which application threads were stopped: 0.0096610 seconds
2012-01-20T16:20:41.384+0000: 729.498: [GC 729.498: [ParNew: 27328K->5440K(27328K), 0.0089650 secs] 1877056K->1855951K(4188864K) icms_dc=0 , 0.0090910 secs] [Times: user=0.09 sys=0.00, real=0.01 secs] 
Total time for which application threads were stopped: 0.0094670 seconds
2012-01-20T16:20:42.610+0000: 730.724: [GC 730.724: [ParNew: 27328K->5440K(27328K), 0.0083600 secs] 1877839K->1856703K(4188864K) icms_dc=0 , 0.0084840 secs] [Times: user=0.09 sys=0.00, real=0.01 secs] 
Total time for which application threads were stopped: 0.0088500 seconds
2012-01-20T16:20:43.971+0000: 732.084: [GC 732.084: [ParNew: 27328K->5440K(27328K), 0.0088720 secs] 1878591K->1857622K(4188864K) icms_dc=0 , 0.0089990 secs] [Times: user=0.09 sys=0.00, real=0.01 secs] 
Total time for which application threads were stopped: 0.0093740 seconds
2012-01-20T16:20:45.228+0000: 733.341: [GC 733.342: [ParNew: 27328K->5440K(27328K), 0.0096610 secs] 1879510K->1858392K(4188864K) icms_dc=0 , 0.0097840 secs] [Times: user=0.08 sys=0.01, real=0.01 secs] 
Total time for which application threads were stopped: 0.0102570 seconds
Total time for which application threads were stopped: 0.0002930 seconds
2012-01-20T16:20:46.614+0000: 734.727: [GC 734.727: [ParNew: 27328K->5440K(27328K), 0.0090230 secs] 1880280K->1859081K(4188864K) icms_dc=0 , 0.0091490 secs] [Times: user=0.08 sys=0.01, real=0.01 secs] 
Total time for which application threads were stopped: 0.0094900 seconds
2012-01-20T16:20:47.799+0000: 735.912: [GC 735.912: [ParNew: 27328K->5440K(27328K), 0.0079940 secs] 1880969K->1859702K(4188864K) icms_dc=0 , 0.0081170 secs] [Times: user=0.09 sys=0.01, real=0.01 secs] 
Total time for which application threads were stopped: 0.0085230 seconds
2012-01-20T16:20:49.090+0000: 737.203: [GC 737.203: [ParNew: 27328K->5440K(27328K), 0.0072900 secs] 1881590K->1860190K(4188864K) icms_dc=0 , 0.0074150 secs] [Times: user=0.08 sys=0.00, real=0.01 secs] 
Total time for which application threads were stopped: 0.0077660 seconds
2012-01-20T16:20:50.486+0000: 738.600: [GC 738.600: [ParNew: 27328K->5440K(27328K), 0.0078900 secs] 1882078K->1860754K(4188864K) icms_dc=0 , 0.0080140 secs] [Times: user=0.08 sys=0.00, real=0.00 secs] 
Total time for which application threads were stopped: 0.0083930 seconds
2012-01-20T16:20:51.946+0000: 740.059: [GC 740.059: [ParNew: 27328K->5440K(27328K), 0.0084810 secs] 1882642K->1861501K(4188864K) icms_dc=0 , 0.0086040 secs] [Times: user=0.08 sys=0.00, real=0.01 secs] 
Total time for which application threads were stopped: 0.0089490 seconds
2012-01-20T16:20:53.325+0000: 741.438: [GC 741.438: [ParNew: 27328K->5440K(27328K), 0.0067820 secs] 1883389K->1861680K(4188864K) icms_dc=0 , 0.0069040 secs] [Times: user=0.07 sys=0.00, real=0.01 secs] 
Total time for which application threads were stopped: 0.0072800 seconds
2012-01-20T16:20:54.738+0000: 742.851: [GC 742.851: [ParNew: 27328K->5440K(27328K), 0.0083800 secs] 1883568K->1862235K(4188864K) icms_dc=0 , 0.0085030 secs] [Times: user=0.08 sys=0.00, real=0.00 secs] 
Total time for which application threads were stopped: 0.0088610 seconds
2012-01-20T16:20:56.024+0000: 744.138: [GC 744.138: [ParNew: 27328K->5440K(27328K), 0.0091830 secs] 1884123K->1862965K(4188864K) icms_dc=0 , 0.0093120 secs] [Times: user=0.09 sys=0.01, real=0.01 secs] 
Total time for which application threads were stopped: 0.0096870 seconds
Total time for which application threads were stopped: 0.0001340 seconds
2012-01-20T16:20:57.349+0000: 745.462: [GC 745.462: [ParNew: 27328K->5440K(27328K), 0.0078950 secs] 1884853K->1863564K(4188864K) icms_dc=0 , 0.0080200 secs] [Times: user=0.08 sys=0.00, real=0.00 secs] 
Total time for which application threads were stopped: 0.0083890 seconds
2012-01-20T16:20:58.678+0000: 746.791: [GC 746.792: [ParNew: 27328K->5440K(27328K), 0.0086710 secs] 1885452K->1864444K(4188864K) icms_dc=0 , 0.0088010 secs] [Times: user=0.08 sys=0.00, real=0.01 secs] 
Total time for which application threads were stopped: 0.0091800 seconds
2012-01-20T16:20:59.926+0000: 748.039: [GC 748.039: [ParNew: 27328K->5440K(27328K), 0.0089610 secs] 1886332K->1865265K(4188864K) icms_dc=0 , 0.0090970 secs] [Times: user=0.09 sys=0.00, real=0.01 secs] 
Total time for which application threads were stopped: 0.0094720 seconds
2012-01-20T16:21:01.154+0000: 749.267: [GC 749.267: [ParNew: 27328K->5440K(27328K), 0.0072800 secs] 1887153K->1865526K(4188864K) icms_dc=0 , 0.0074010 secs] [Times: user=0.08 sys=0.00, real=0.01 secs] 
Total time for which application threads were stopped: 0.0078150 seconds
2012-01-20T16:21:02.535+0000: 750.648: [GC 750.648: [ParNew: 27328K->5440K(27328K), 0.0127950 secs] 1887414K->1866890K(4188864K) icms_dc=0 , 0.0129310 secs] [Times: user=0.11 sys=0.01, real=0.01 secs] 
Total time for which application threads were stopped: 0.0133400 seconds
2012-01-20T16:21:03.873+0000: 751.986: [GC 751.986: [ParNew: 27328K->5440K(27328K), 0.0079090 secs] 1888778K->1867544K(4188864K) icms_dc=0 , 0.0080510 secs] [Times: user=0.07 sys=0.01, real=0.01 secs] 
Total time for which application threads were stopped: 0.0084300 seconds
2012-01-20T16:21:05.191+0000: 753.304: [GC 753.304: [ParNew: 27328K->5440K(27328K), 0.0112070 secs] 1889432K->1868169K(4188864K) icms_dc=0 , 0.0113190 secs] [Times: user=0.13 sys=0.00, real=0.01 secs] 
Total time for which application threads were stopped: 0.0117710 seconds
Total time for which application threads were stopped: 0.0002670 seconds
2012-01-20T16:21:06.540+0000: 754.653: [GC 754.653: [ParNew: 27328K->5440K(27328K), 0.0096330 secs] 1890057K->1869152K(4188864K) icms_dc=0 , 0.0097590 secs] [Times: user=0.09 sys=0.00, real=0.01 secs] 
Total time for which application threads were stopped: 0.0100660 seconds
2012-01-20T16:21:08.026+0000: 756.139: [GC 756.139: [ParNew: 27328K->5440K(27328K), 0.0067180 secs] 1891040K->1869152K(4188864K) icms_dc=0 , 0.0068390 secs] [Times: user=0.08 sys=0.00, real=0.01 secs] 
Total time for which application threads were stopped: 0.0071950 seconds
2012-01-20T16:21:09.476+0000: 757.589: [GC 757.589: [ParNew: 27328K->5440K(27328K), 0.0087130 secs] 1891040K->1869601K(4188864K) icms_dc=0 , 0.0088400 secs] [Times: user=0.08 sys=0.00, real=0.01 secs] 
Total time for which application threads were stopped: 0.0092210 seconds
2012-01-20T16:21:11.002+0000: 759.115: [GC 759.115: [ParNew: 27328K->5440K(27328K), 0.0073630 secs] 1891489K->1870118K(4188864K) icms_dc=0 , 0.0074890 secs] [Times: user=0.07 sys=0.00, real=0.01 secs] 
Total time for which application threads were stopped: 0.0079320 seconds
2012-01-20T16:21:12.396+0000: 760.509: [GC 760.510: [ParNew: 27328K->5440K(27328K), 0.0079230 secs] 1892006K->1870553K(4188864K) icms_dc=0 , 0.0080540 secs] [Times: user=0.08 sys=0.01, real=0.01 secs] 
Total time for which application threads were stopped: 0.0084110 seconds
2012-01-20T16:21:13.807+0000: 761.920: [GC 761.920: [ParNew: 27328K->5440K(27328K), 0.0089610 secs] 1892441K->1871251K(4188864K) icms_dc=0 , 0.0090840 secs] [Times: user=0.09 sys=0.00, real=0.01 secs] 
Total time for which application threads were stopped: 0.0095030 seconds
2012-01-20T16:21:15.136+0000: 763.249: [GC 763.249: [ParNew: 27328K->5440K(27328K), 0.0104130 secs] 1893139K->1872025K(4188864K) icms_dc=0 , 0.0105380 secs] [Times: user=0.11 sys=0.00, real=0.01 secs] 
Total time for which application threads were stopped: 0.0109040 seconds
Total time for which application threads were stopped: 0.0002770 seconds
2012-01-20T16:21:16.345+0000: 764.458: [GC 764.458: [ParNew: 27328K->5440K(27328K), 0.0098930 secs] 1893913K->1872810K(4188864K) icms_dc=0 , 0.0100200 secs] [Times: user=0.10 sys=0.00, real=0.01 secs] 
Total time for which application threads were stopped: 0.0102510 seconds
2012-01-20T16:21:17.791+0000: 765.904: [GC 765.904: [ParNew: 27328K->5440K(27328K), 0.0092470 secs] 1894698K->1873837K(4188864K) icms_dc=0 , 0.0093800 secs] [Times: user=0.09 sys=0.00, real=0.01 secs] 
Total time for which application threads were stopped: 0.0097630 seconds
2012-01-20T16:21:19.147+0000: 767.260: [GC 767.260: [ParNew: 27328K->5440K(27328K), 0.0081270 secs] 1895725K->1874581K(4188864K) icms_dc=0 , 0.0082550 secs] [Times: user=0.09 sys=0.00, real=0.01 secs] 
Total time for which application threads were stopped: 0.0086260 seconds
2012-01-20T16:21:20.580+0000: 768.693: [GC 768.693: [ParNew: 27328K->5440K(27328K), 0.0079560 secs] 1896469K->1875283K(4188864K) icms_dc=0 , 0.0080800 secs] [Times: user=0.09 sys=0.00, real=0.00 secs] 
Total time for which application threads were stopped: 0.0085060 seconds
2012-01-20T16:21:22.113+0000: 770.226: [GC 770.226: [ParNew: 27328K->5440K(27328K), 0.0071590 secs] 1897171K->1875430K(4188864K) icms_dc=0 , 0.0072780 secs] [Times: user=0.09 sys=0.00, real=0.01 secs] 
Total time for which application threads were stopped: 0.0077140 seconds
2012-01-20T16:21:23.540+0000: 771.653: [GC 771.653: [ParNew: 27328K->5440K(27328K), 0.0116120 secs] 1897318K->1876307K(4188864K) icms_dc=0 , 0.0117360 secs] [Times: user=0.12 sys=0.00, real=0.02 secs] 
Total time for which application threads were stopped: 0.0121600 seconds
2012-01-20T16:21:24.980+0000: 773.093: [GC 773.094: [ParNew: 27328K->5440K(27328K), 0.0067810 secs] 1898195K->1876534K(4188864K) icms_dc=0 , 0.0069020 secs] [Times: user=0.08 sys=0.00, real=0.00 secs] 
Total time for which application threads were stopped: 0.0073130 seconds
Total time for which application threads were stopped: 0.0002790 seconds
2012-01-20T16:21:26.384+0000: 774.497: [GC 774.497: [ParNew: 27328K->5440K(27328K), 0.0075640 secs] 1898422K->1877009K(4188864K) icms_dc=0 , 0.0076910 secs] [Times: user=0.07 sys=0.01, real=0.01 secs] 
Total time for which application threads were stopped: 0.0079440 seconds
2012-01-20T16:21:27.869+0000: 775.982: [GC 775.982: [ParNew: 27328K->5440K(27328K), 0.0068420 secs] 1898897K->1877131K(4188864K) icms_dc=0 , 0.0069680 secs] [Times: user=0.08 sys=0.00, real=0.01 secs] 
Total time for which application threads were stopped: 0.0073840 seconds
2012-01-20T16:21:29.447+0000: 777.561: [GC 777.561: [ParNew: 27328K->5440K(27328K), 0.0094560 secs] 1899019K->1877867K(4188864K) icms_dc=0 , 0.0095850 secs] [Times: user=0.09 sys=0.00, real=0.01 secs] 
Total time for which application threads were stopped: 0.0100120 seconds
2012-01-20T16:21:31.100+0000: 779.213: [GC 779.213: [ParNew: 27328K->5440K(27328K), 0.0073050 secs] 1899755K->1878155K(4188864K) icms_dc=0 , 0.0074280 secs] [Times: user=0.08 sys=0.01, real=0.01 secs] 
Total time for which application threads were stopped: 0.0078140 seconds
2012-01-20T16:21:32.656+0000: 780.770: [GC 780.770: [ParNew: 27328K->5440K(27328K), 0.0094890 secs] 1900043K->1879041K(4188864K) icms_dc=0 , 0.0096160 secs] [Times: user=0.08 sys=0.00, real=0.01 secs] 
Total time for which application threads were stopped: 0.0100140 seconds
2012-01-20T16:21:34.323+0000: 782.436: [GC 782.436: [ParNew: 27328K->5440K(27328K), 0.0105900 secs] 1900929K->1880138K(4188864K) icms_dc=0 , 0.0107150 secs] [Times: user=0.09 sys=0.00, real=0.01 secs] 
Total time for which application threads were stopped: 0.0111710 seconds
2012-01-20T16:21:35.630+0000: 783.743: [GC 783.743: [ParNew: 27328K->5440K(27328K), 0.0085440 secs] 1902026K->1880980K(4188864K) icms_dc=0 , 0.0086750 secs] [Times: user=0.09 sys=0.01, real=0.01 secs] 
Total time for which application threads were stopped: 0.0090820 seconds
Total time for which application threads were stopped: 0.0003780 seconds
2012-01-20T16:21:36.851+0000: 784.964: [GC 784.964: [ParNew: 27328K->5440K(27328K), 0.0081330 secs] 1902868K->1881742K(4188864K) icms_dc=0 , 0.0082580 secs] [Times: user=0.08 sys=0.01, real=0.01 secs] 
Total time for which application threads were stopped: 0.0086870 seconds
2012-01-20T16:21:38.204+0000: 786.317: [GC 786.317: [ParNew: 27328K->5440K(27328K), 0.0107660 secs] 1903630K->1883073K(4188864K) icms_dc=0 , 0.0108950 secs] [Times: user=0.09 sys=0.01, real=0.01 secs] 
Total time for which application threads were stopped: 0.0112800 seconds
2012-01-20T16:21:39.717+0000: 787.830: [GC 787.830: [ParNew: 27328K->5440K(27328K), 0.0070390 secs] 1904961K->1883315K(4188864K) icms_dc=0 , 0.0071670 secs] [Times: user=0.07 sys=0.01, real=0.01 secs] 
Total time for which application threads were stopped: 0.0075340 seconds
2012-01-20T16:21:41.129+0000: 789.243: [GC 789.243: [ParNew: 27328K->5440K(27328K), 0.0094380 secs] 1905203K->1884416K(4188864K) icms_dc=0 , 0.0095670 secs] [Times: user=0.08 sys=0.00, real=0.01 secs] 
Total time for which application threads were stopped: 0.0099950 seconds
2012-01-20T16:21:42.520+0000: 790.633: [GC 790.633: [ParNew: 27328K->5440K(27328K), 0.0088060 secs] 1906304K->1885368K(4188864K) icms_dc=0 , 0.0089350 secs] [Times: user=0.08 sys=0.00, real=0.01 secs] 
Total time for which application threads were stopped: 0.0093350 seconds
2012-01-20T16:21:43.976+0000: 792.089: [GC 792.089: [ParNew: 27328K->5440K(27328K), 0.0070440 secs] 1907256K->1885549K(4188864K) icms_dc=0 , 0.0071690 secs] [Times: user=0.08 sys=0.00, real=0.01 secs] 
Total time for which application threads were stopped: 0.0075320 seconds
2012-01-20T16:21:45.531+0000: 793.644: [GC 793.644: [ParNew: 27328K->5440K(27328K), 0.0082730 secs] 1907437K->1886070K(4188864K) icms_dc=0 , 0.0083980 secs] [Times: user=0.08 sys=0.01, real=0.01 secs] 
Total time for which application threads were stopped: 0.0088690 seconds
Total time for which application threads were stopped: 0.0002850 seconds
2012-01-20T16:21:47.062+0000: 795.175: [GC 795.175: [ParNew: 27328K->5440K(27328K), 0.0094520 secs] 1907958K->1886835K(4188864K) icms_dc=0 , 0.0095800 secs] [Times: user=0.10 sys=0.00, real=0.00 secs] 
Total time for which application threads were stopped: 0.0099770 seconds
2012-01-20T16:21:48.593+0000: 796.706: [GC 796.706: [ParNew: 27328K->5440K(27328K), 0.0075250 secs] 1908723K->1887160K(4188864K) icms_dc=0 , 0.0076460 secs] [Times: user=0.09 sys=0.00, real=0.01 secs] 
Total time for which application threads were stopped: 0.0080650 seconds
2012-01-20T16:21:50.046+0000: 798.159: [GC 798.159: [ParNew: 27328K->5440K(27328K), 0.0101540 secs] 1909048K->1888229K(4188864K) icms_dc=0 , 0.0102940 secs] [Times: user=0.10 sys=0.00, real=0.01 secs] 
Total time for which application threads were stopped: 0.0106840 seconds
2012-01-20T16:21:51.679+0000: 799.792: [GC 799.792: [ParNew: 27328K->5440K(27328K), 0.0077860 secs] 1910117K->1888485K(4188864K) icms_dc=0 , 0.0079130 secs] [Times: user=0.08 sys=0.00, real=0.01 secs] 
Total time for which application threads were stopped: 0.0083000 seconds
2012-01-20T16:21:53.000+0000: 801.113: [GC 801.113: [ParNew: 27328K->5440K(27328K), 0.0112690 secs] 1910373K->1889548K(4188864K) icms_dc=0 , 0.0113940 secs] [Times: user=0.09 sys=0.00, real=0.01 secs] 
Total time for which application threads were stopped: 0.0118010 seconds
2012-01-20T16:21:54.314+0000: 802.427: [GC 802.427: [ParNew: 27328K->5440K(27328K), 0.0079570 secs] 1911436K->1890259K(4188864K) icms_dc=0 , 0.0080810 secs] [Times: user=0.08 sys=0.00, real=0.00 secs] 
Total time for which application threads were stopped: 0.0085350 seconds
2012-01-20T16:21:55.767+0000: 803.880: [GC 803.880: [ParNew: 27328K->5440K(27328K), 0.0081580 secs] 1912147K->1890917K(4188864K) icms_dc=0 , 0.0082840 secs] [Times: user=0.08 sys=0.00, real=0.01 secs] 
Total time for which application threads were stopped: 0.0086910 seconds
Total time for which application threads were stopped: 0.0002760 seconds
2012-01-20T16:21:57.120+0000: 805.233: [GC 805.233: [ParNew: 27328K->5440K(27328K), 0.0080070 secs] 1912805K->1891627K(4188864K) icms_dc=0 , 0.0081320 secs] [Times: user=0.07 sys=0.00, real=0.01 secs] 
Total time for which application threads were stopped: 0.0085650 seconds
2012-01-20T16:21:58.603+0000: 806.716: [GC 806.716: [ParNew: 27328K->5440K(27328K), 0.0082070 secs] 1913515K->1892116K(4188864K) icms_dc=0 , 0.0083380 secs] [Times: user=0.08 sys=0.00, real=0.01 secs] 
Total time for which application threads were stopped: 0.0087040 seconds
2012-01-20T16:22:00.058+0000: 808.171: [GC 808.171: [ParNew: 27328K->5440K(27328K), 0.0092640 secs] 1914004K->1892812K(4188864K) icms_dc=0 , 0.0093920 secs] [Times: user=0.10 sys=0.01, real=0.01 secs] 
Total time for which application threads were stopped: 0.0097790 seconds
2012-01-20T16:22:01.468+0000: 809.581: [GC 809.581: [ParNew: 27328K->5440K(27328K), 0.0078790 secs] 1914700K->1893406K(4188864K) icms_dc=0 , 0.0080030 secs] [Times: user=0.08 sys=0.00, real=0.01 secs] 
Total time for which application threads were stopped: 0.0083680 seconds
2012-01-20T16:22:02.970+0000: 811.083: [GC 811.084: [ParNew: 27328K->5440K(27328K), 0.0086680 secs] 1915294K->1893944K(4188864K) icms_dc=0 , 0.0087910 secs] [Times: user=0.09 sys=0.00, real=0.01 secs] 
Total time for which application threads were stopped: 0.0091670 seconds
2012-01-20T16:22:04.300+0000: 812.413: [GC 812.414: [ParNew: 27328K->5440K(27328K), 0.0094220 secs] 1915832K->1894868K(4188864K) icms_dc=0 , 0.0095480 secs] [Times: user=0.09 sys=0.00, real=0.01 secs] 
Total time for which application threads were stopped: 0.0099350 seconds
2012-01-20T16:22:05.956+0000: 814.069: [GC 814.069: [ParNew: 27328K->5440K(27328K), 0.0101660 secs] 1916756K->1895653K(4188864K) icms_dc=0 , 0.0102980 secs] [Times: user=0.09 sys=0.01, real=0.01 secs] 
Total time for which application threads were stopped: 0.0107230 seconds
Total time for which application threads were stopped: 0.0002180 seconds
2012-01-20T16:22:07.664+0000: 815.777: [GC 815.777: [ParNew: 27328K->5440K(27328K), 0.0092160 secs] 1917541K->1896380K(4188864K) icms_dc=0 , 0.0093460 secs] [Times: user=0.10 sys=0.00, real=0.01 secs] 
Total time for which application threads were stopped: 0.0097600 seconds
2012-01-20T16:22:09.260+0000: 817.373: [GC 817.373: [ParNew: 27328K->5440K(27328K), 0.0081610 secs] 1918268K->1897234K(4188864K) icms_dc=0 , 0.0082890 secs] [Times: user=0.08 sys=0.01, real=0.01 secs] 
Total time for which application threads were stopped: 0.0086830 seconds
2012-01-20T16:22:10.938+0000: 819.051: [GC 819.051: [ParNew: 27328K->5440K(27328K), 0.0068190 secs] 1919122K->1897288K(4188864K) icms_dc=0 , 0.0069490 secs] [Times: user=0.08 sys=0.00, real=0.01 secs] 
Total time for which application threads were stopped: 0.0073810 seconds
2012-01-20T16:22:12.403+0000: 820.516: [GC 820.516: [ParNew: 27328K->5440K(27328K), 0.0094060 secs] 1919176K->1898252K(4188864K) icms_dc=0 , 0.0095420 secs] [Times: user=0.09 sys=0.01, real=0.01 secs] 
Total time for which application threads were stopped: 0.0099910 seconds
2012-01-20T16:22:13.964+0000: 822.077: [GC 822.077: [ParNew: 27328K->5440K(27328K), 0.0064630 secs] 1920140K->1898268K(4188864K) icms_dc=0 , 0.0065810 secs] [Times: user=0.07 sys=0.00, real=0.01 secs] 
Total time for which application threads were stopped: 0.0069340 seconds
2012-01-20T16:22:15.511+0000: 823.625: [GC 823.625: [ParNew: 27328K->5440K(27328K), 0.0091280 secs] 1920156K->1898915K(4188864K) icms_dc=0 , 0.0092600 secs] [Times: user=0.10 sys=0.01, real=0.01 secs] 
Total time for which application threads were stopped: 0.0096980 seconds
Total time for which application threads were stopped: 0.0006110 seconds
2012-01-20T16:22:17.028+0000: 825.142: [GC 825.142: [ParNew: 27328K->5440K(27328K), 0.0076930 secs] 1920803K->1898917K(4188864K) icms_dc=0 , 0.0078160 secs] [Times: user=0.09 sys=0.00, real=0.01 secs] 
Total time for which application threads were stopped: 0.0081850 seconds
2012-01-20T16:22:18.566+0000: 826.679: [GC 826.679: [ParNew: 27328K->5440K(27328K), 0.0084790 secs] 1920805K->1899534K(4188864K) icms_dc=0 , 0.0086030 secs] [Times: user=0.09 sys=0.01, real=0.00 secs] 
Total time for which application threads were stopped: 0.0089700 seconds
2012-01-20T16:22:20.214+0000: 828.327: [GC 828.327: [ParNew: 27328K->5284K(27328K), 0.0064710 secs] 1921422K->1899499K(4188864K) icms_dc=0 , 0.0065880 secs] [Times: user=0.07 sys=0.00, real=0.01 secs] 
Total time for which application threads were stopped: 0.0069440 seconds
2012-01-20T16:22:21.699+0000: 829.812: [GC 829.813: [ParNew: 27172K->5440K(27328K), 0.0067920 secs] 1921387K->1899795K(4188864K) icms_dc=0 , 0.0069160 secs] [Times: user=0.07 sys=0.00, real=0.00 secs] 
Total time for which application threads were stopped: 0.0072910 seconds
2012-01-20T16:22:23.071+0000: 831.184: [GC 831.184: [ParNew: 27328K->5440K(27328K), 0.0065220 secs] 1921683K->1899941K(4188864K) icms_dc=0 , 0.0066420 secs] [Times: user=0.08 sys=0.00, real=0.01 secs] 
Total time for which application threads were stopped: 0.0070440 seconds
2012-01-20T16:22:24.205+0000: 832.318: [GC 832.318: [ParNew: 27328K->5440K(27328K), 0.0082750 secs] 1921829K->1900460K(4188864K) icms_dc=0 , 0.0083950 secs] [Times: user=0.08 sys=0.00, real=0.01 secs] 
Total time for which application threads were stopped: 0.0087570 seconds
2012-01-20T16:22:25.539+0000: 833.652: [GC 833.652: [ParNew: 27328K->5440K(27328K), 0.0069070 secs] 1922348K->1900664K(4188864K) icms_dc=0 , 0.0070290 secs] [Times: user=0.07 sys=0.00, real=0.00 secs] 
Total time for which application threads were stopped: 0.0074360 seconds
Total time for which application threads were stopped: 0.0002610 seconds
2012-01-20T16:22:27.143+0000: 835.257: [GC 835.257: [ParNew: 27328K->5440K(27328K), 0.0100620 secs] 1922552K->1901428K(4188864K) icms_dc=0 , 0.0101920 secs] [Times: user=0.08 sys=0.01, real=0.01 secs] 
Total time for which application threads were stopped: 0.0106010 seconds
2012-01-20T16:22:28.827+0000: 836.940: [GC 836.940: [ParNew: 27328K->5440K(27328K), 0.0090790 secs] 1923316K->1902069K(4188864K) icms_dc=0 , 0.0092060 secs] [Times: user=0.08 sys=0.00, real=0.01 secs] 
Total time for which application threads were stopped: 0.0096130 seconds
2012-01-20T16:22:30.334+0000: 838.448: [GC 838.448: [ParNew: 27328K->5440K(27328K), 0.0091800 secs] 1923957K->1902742K(4188864K) icms_dc=0 , 0.0093050 secs] [Times: user=0.10 sys=0.00, real=0.01 secs] 
Total time for which application threads were stopped: 0.0096720 seconds
2012-01-20T16:22:31.801+0000: 839.914: [GC 839.914: [ParNew: 27328K->5440K(27328K), 0.0082680 secs] 1924630K->1903411K(4188864K) icms_dc=0 , 0.0083900 secs] [Times: user=0.08 sys=0.00, real=0.01 secs] 
Total time for which application threads were stopped: 0.0087470 seconds
2012-01-20T16:22:33.400+0000: 841.513: [GC 841.513: [ParNew: 27328K->5440K(27328K), 0.0087990 secs] 1925299K->1904275K(4188864K) icms_dc=0 , 0.0089250 secs] [Times: user=0.09 sys=0.00, real=0.01 secs] 
Total time for which application threads were stopped: 0.0092950 seconds
2012-01-20T16:22:34.772+0000: 842.885: [GC 842.885: [ParNew: 27328K->5440K(27328K), 0.0085010 secs] 1926163K->1905026K(4188864K) icms_dc=0 , 0.0086270 secs] [Times: user=0.08 sys=0.00, real=0.01 secs] 
Total time for which application threads were stopped: 0.0089850 seconds
2012-01-20T16:22:36.244+0000: 844.357: [GC 844.357: [ParNew: 27328K->5440K(27328K), 0.0089330 secs] 1926914K->1905777K(4188864K) icms_dc=0 , 0.0090610 secs] [Times: user=0.09 sys=0.00, real=0.01 secs] 
Total time for which application threads were stopped: 0.0094940 seconds
Total time for which application threads were stopped: 0.0030700 seconds
Total time for which application threads were stopped: 0.0000800 seconds
2012-01-20T16:22:37.632+0000: 845.745: [GC 845.745: [ParNew: 27328K->5440K(27328K), 0.0083670 secs] 1927665K->1906331K(4188864K) icms_dc=0 , 0.0084970 secs] [Times: user=0.08 sys=0.01, real=0.01 secs] 
Total time for which application threads were stopped: 0.0088520 seconds
Total time for which application threads were stopped: 0.0002180 seconds
2012-01-20T16:22:39.038+0000: 847.151: [GC 847.151: [ParNew: 27328K->5440K(27328K), 0.0078990 secs] 1928219K->1906902K(4188864K) icms_dc=0 , 0.0080230 secs] [Times: user=0.08 sys=0.00, real=0.00 secs] 
Total time for which application threads were stopped: 0.0082370 seconds
2012-01-20T16:22:40.534+0000: 848.647: [GC 848.647: [ParNew: 27328K->5440K(27328K), 0.0087460 secs] 1928790K->1907050K(4188864K) icms_dc=0 , 0.0088770 secs] [Times: user=0.10 sys=0.00, real=0.01 secs] 
Total time for which application threads were stopped: 0.0092360 seconds
2012-01-20T16:22:42.139+0000: 850.253: [GC 850.253: [ParNew: 27328K->5440K(27328K), 0.0107520 secs] 1928938K->1907841K(4188864K) icms_dc=0 , 0.0108790 secs] [Times: user=0.09 sys=0.01, real=0.01 secs] 
Total time for which application threads were stopped: 0.0112830 seconds
2012-01-20T16:22:43.707+0000: 851.820: [GC 851.821: [ParNew: 27328K->5440K(27328K), 0.0113880 secs] 1929729K->1908422K(4188864K) icms_dc=0 , 0.0115140 secs] [Times: user=0.12 sys=0.01, real=0.01 secs] 
Total time for which application threads were stopped: 0.0118860 seconds
2012-01-20T16:22:45.015+0000: 853.128: [GC 853.128: [ParNew: 27328K->5440K(27328K), 0.0068420 secs] 1930310K->1908575K(4188864K) icms_dc=0 , 0.0069590 secs] [Times: user=0.08 sys=0.00, real=0.01 secs] 
Total time for which application threads were stopped: 0.0073220 seconds
Total time for which application threads were stopped: 0.0002660 seconds
2012-01-20T16:22:46.511+0000: 854.624: [GC 854.624: [ParNew: 27328K->5440K(27328K), 0.0099590 secs] 1930463K->1909515K(4188864K) icms_dc=0 , 0.0100980 secs] [Times: user=0.10 sys=0.00, real=0.01 secs] 
Total time for which application threads were stopped: 0.0102900 seconds
2012-01-20T16:22:47.940+0000: 856.053: [GC 856.053: [ParNew: 27328K->5440K(27328K), 0.0067220 secs] 1931403K->1909690K(4188864K) icms_dc=0 , 0.0068430 secs] [Times: user=0.08 sys=0.00, real=0.00 secs] 
Total time for which application threads were stopped: 0.0072810 seconds
2012-01-20T16:22:49.313+0000: 857.426: [GC 857.426: [ParNew: 27328K->5440K(27328K), 0.0088210 secs] 1931578K->1910516K(4188864K) icms_dc=0 , 0.0089460 secs] [Times: user=0.09 sys=0.00, real=0.01 secs] 
Total time for which application threads were stopped: 0.0093990 seconds
2012-01-20T16:22:50.973+0000: 859.086: [GC 859.087: [ParNew: 27328K->5440K(27328K), 0.0090870 secs] 1932404K->1911438K(4188864K) icms_dc=0 , 0.0092120 secs] [Times: user=0.08 sys=0.00, real=0.01 secs] 
Total time for which application threads were stopped: 0.0095840 seconds
2012-01-20T16:22:52.512+0000: 860.625: [GC 860.625: [ParNew: 27328K->5440K(27328K), 0.0080820 secs] 1933326K->1912044K(4188864K) icms_dc=0 , 0.0081960 secs] [Times: user=0.07 sys=0.01, real=0.01 secs] 
Total time for which application threads were stopped: 0.0085530 seconds
2012-01-20T16:22:53.893+0000: 862.006: [GC 862.006: [ParNew: 27328K->5440K(27328K), 0.0090850 secs] 1933932K->1912726K(4188864K) icms_dc=0 , 0.0092030 secs] [Times: user=0.09 sys=0.01, real=0.01 secs] 
Total time for which application threads were stopped: 0.0095570 seconds
2012-01-20T16:22:55.422+0000: 863.535: [GC 863.535: [ParNew: 27328K->5440K(27328K), 0.0080110 secs] 1934614K->1913426K(4188864K) icms_dc=0 , 0.0081280 secs] [Times: user=0.08 sys=0.00, real=0.00 secs] 
Total time for which application threads were stopped: 0.0085840 seconds
Total time for which application threads were stopped: 0.0003000 seconds
2012-01-20T16:22:56.976+0000: 865.089: [GC 865.089: [ParNew: 27328K->5439K(27328K), 0.0079360 secs] 1935314K->1913822K(4188864K) icms_dc=0 , 0.0080540 secs] [Times: user=0.08 sys=0.00, real=0.01 secs] 
Total time for which application threads were stopped: 0.0084320 seconds
2012-01-20T16:22:58.400+0000: 866.513: [GC 866.513: [ParNew: 27327K->5440K(27328K), 0.0083900 secs] 1935710K->1914461K(4188864K) icms_dc=0 , 0.0085060 secs] [Times: user=0.09 sys=0.01, real=0.01 secs] 
Total time for which application threads were stopped: 0.0088490 seconds
2012-01-20T16:22:59.912+0000: 868.025: [GC 868.025: [ParNew: 27328K->5440K(27328K), 0.0093460 secs] 1936349K->1915064K(4188864K) icms_dc=0 , 0.0094640 secs] [Times: user=0.10 sys=0.00, real=0.01 secs] 
Total time for which application threads were stopped: 0.0098850 seconds
2012-01-20T16:23:01.463+0000: 869.576: [GC 869.576: [ParNew: 27328K->5440K(27328K), 0.0092280 secs] 1936952K->1915633K(4188864K) icms_dc=0 , 0.0093430 secs] [Times: user=0.10 sys=0.00, real=0.01 secs] 
Total time for which application threads were stopped: 0.0097420 seconds
2012-01-20T16:23:03.207+0000: 871.320: [GC 871.320: [ParNew: 27328K->5440K(27328K), 0.0076600 secs] 1937521K->1915802K(4188864K) icms_dc=0 , 0.0077780 secs] [Times: user=0.08 sys=0.01, real=0.01 secs] 
Total time for which application threads were stopped: 0.0081320 seconds
2012-01-20T16:23:04.898+0000: 873.011: [GC 873.011: [ParNew: 27328K->5440K(27328K), 0.0077960 secs] 1937690K->1916369K(4188864K) icms_dc=0 , 0.0079120 secs] [Times: user=0.08 sys=0.00, real=0.01 secs] 
Total time for which application threads were stopped: 0.0083170 seconds
2012-01-20T16:23:06.375+0000: 874.488: [GC 874.488: [ParNew: 27328K->5440K(27328K), 0.0075840 secs] 1938257K->1916862K(4188864K) icms_dc=0 , 0.0076990 secs] [Times: user=0.09 sys=0.00, real=0.01 secs] 
Total time for which application threads were stopped: 0.0080590 seconds
Total time for which application threads were stopped: 0.0001170 seconds
2012-01-20T16:23:07.729+0000: 875.842: [GC 875.842: [ParNew: 27328K->5440K(27328K), 0.0076480 secs] 1938750K->1917331K(4188864K) icms_dc=0 , 0.0077650 secs] [Times: user=0.07 sys=0.01, real=0.01 secs] 
Total time for which application threads were stopped: 0.0081670 seconds
2012-01-20T16:23:09.125+0000: 877.238: [GC 877.238: [ParNew: 27328K->5440K(27328K), 0.0103840 secs] 1939219K->1918353K(4188864K) icms_dc=0 , 0.0104970 secs] [Times: user=0.09 sys=0.00, real=0.01 secs] 
Total time for which application threads were stopped: 0.0108650 seconds
2012-01-20T16:23:10.546+0000: 878.659: [GC 878.659: [ParNew: 27328K->5440K(27328K), 0.0078150 secs] 1940241K->1918551K(4188864K) icms_dc=0 , 0.0079730 secs] [Times: user=0.09 sys=0.00, real=0.01 secs] 
Total time for which application threads were stopped: 0.0084060 seconds
2012-01-20T16:23:12.077+0000: 880.190: [GC 880.190: [ParNew: 27328K->5440K(27328K), 0.0095350 secs] 1940439K->1919340K(4188864K) icms_dc=0 , 0.0096500 secs] [Times: user=0.10 sys=0.01, real=0.01 secs] 
Total time for which application threads were stopped: 0.0100020 seconds
2012-01-20T16:23:13.775+0000: 881.888: [GC 881.888: [ParNew: 27328K->5440K(27328K), 0.0090320 secs] 1941228K->1919881K(4188864K) icms_dc=0 , 0.0091480 secs] [Times: user=0.09 sys=0.01, real=0.01 secs] 
Total time for which application threads were stopped: 0.0095260 seconds
2012-01-20T16:23:15.255+0000: 883.368: [GC 883.368: [ParNew: 27328K->5440K(27328K), 0.0073710 secs] 1941769K->1920301K(4188864K) icms_dc=0 , 0.0074880 secs] [Times: user=0.07 sys=0.00, real=0.00 secs] 
Total time for which application threads were stopped: 0.0078890 seconds
Total time for which application threads were stopped: 0.0002940 seconds
2012-01-20T16:23:16.736+0000: 884.850: [GC 884.850: [ParNew: 27328K->5440K(27328K), 0.0073160 secs] 1942189K->1920597K(4188864K) icms_dc=0 , 0.0074300 secs] [Times: user=0.07 sys=0.00, real=0.01 secs] 
Total time for which application threads were stopped: 0.0076320 seconds
2012-01-20T16:23:18.418+0000: 886.531: [GC 886.531: [ParNew: 27328K->5440K(27328K), 0.0091770 secs] 1942485K->1921355K(4188864K) icms_dc=0 , 0.0092980 secs] [Times: user=0.09 sys=0.01, real=0.01 secs] 
Total time for which application threads were stopped: 0.0097090 seconds
2012-01-20T16:23:19.907+0000: 888.020: [GC 888.021: [ParNew: 27328K->5440K(27328K), 0.0068510 secs] 1943243K->1921355K(4188864K) icms_dc=0 , 0.0069640 secs] [Times: user=0.08 sys=0.00, real=0.01 secs] 
Total time for which application threads were stopped: 0.0073280 seconds
2012-01-20T16:23:21.345+0000: 889.458: [GC 889.458: [ParNew: 27328K->5440K(27328K), 0.0072350 secs] 1943243K->1921736K(4188864K) icms_dc=0 , 0.0073490 secs] [Times: user=0.08 sys=0.00, real=0.00 secs] 
Total time for which application threads were stopped: 0.0077230 seconds
2012-01-20T16:23:22.901+0000: 891.015: [GC 891.015: [ParNew: 27328K->5440K(27328K), 0.0097880 secs] 1943624K->1922250K(4188864K) icms_dc=0 , 0.0099040 secs] [Times: user=0.10 sys=0.00, real=0.01 secs] 
Total time for which application threads were stopped: 0.0102550 seconds
2012-01-20T16:23:24.389+0000: 892.502: [GC 892.502: [ParNew: 27328K->5440K(27328K), 0.0097730 secs] 1944138K->1922703K(4188864K) icms_dc=0 , 0.0098870 secs] [Times: user=0.11 sys=0.01, real=0.01 secs] 
Total time for which application threads were stopped: 0.0102800 seconds
2012-01-20T16:23:26.004+0000: 894.117: [GC 894.117: [ParNew: 27328K->5440K(27328K), 0.0073690 secs] 1944591K->1922805K(4188864K) icms_dc=0 , 0.0074850 secs] [Times: user=0.08 sys=0.00, real=0.01 secs] 
Total time for which application threads were stopped: 0.0079020 seconds
Total time for which application threads were stopped: 0.0002540 seconds
2012-01-20T16:23:27.506+0000: 895.619: [GC 895.619: [ParNew: 27328K->5440K(27328K), 0.0125580 secs] 1944693K->1923470K(4188864K) icms_dc=0 , 0.0126830 secs] [Times: user=0.12 sys=0.00, real=0.01 secs] 
Total time for which application threads were stopped: 0.0130280 seconds
2012-01-20T16:23:28.982+0000: 897.095: [GC 897.095: [ParNew: 27328K->5440K(27328K), 0.0062860 secs] 1945358K->1923470K(4188864K) icms_dc=0 , 0.0063970 secs] [Times: user=0.08 sys=0.00, real=0.01 secs] 
Total time for which application threads were stopped: 0.0067920 seconds
2012-01-20T16:23:30.553+0000: 898.666: [GC 898.666: [ParNew: 27328K->5440K(27328K), 0.0073820 secs] 1945358K->1923768K(4188864K) icms_dc=0 , 0.0074980 secs] [Times: user=0.07 sys=0.00, real=0.01 secs] 
Total time for which application threads were stopped: 0.0079250 seconds
2012-01-20T16:23:32.089+0000: 900.202: [GC 900.202: [ParNew: 27328K->5440K(27328K), 0.0071280 secs] 1945656K->1923928K(4188864K) icms_dc=0 , 0.0072480 secs] [Times: user=0.08 sys=0.00, real=0.01 secs] 
Total time for which application threads were stopped: 0.0088760 seconds
2012-01-20T16:23:33.527+0000: 901.640: [GC 901.641: [ParNew: 27328K->5440K(27328K), 0.0080890 secs] 1945816K->1924319K(4188864K) icms_dc=0 , 0.0082100 secs] [Times: user=0.07 sys=0.01, real=0.01 secs] 
Total time for which application threads were stopped: 0.0085730 seconds
2012-01-20T16:23:34.926+0000: 903.039: [GC 903.039: [ParNew: 27328K->5440K(27328K), 0.0068510 secs] 1946207K->1924482K(4188864K) icms_dc=0 , 0.0069660 secs] [Times: user=0.07 sys=0.00, real=0.00 secs] 
Total time for which application threads were stopped: 0.0073460 seconds
2012-01-20T16:23:36.411+0000: 904.524: [GC 904.524: [ParNew: 27328K->5440K(27328K), 0.0089390 secs] 1946370K->1925048K(4188864K) icms_dc=0 , 0.0090590 secs] [Times: user=0.09 sys=0.01, real=0.01 secs] 
Total time for which application threads were stopped: 0.0094140 seconds
Total time for which application threads were stopped: 0.0001280 seconds
2012-01-20T16:23:37.745+0000: 905.858: [GC 905.858: [ParNew: 27328K->5440K(27328K), 0.0090190 secs] 1946936K->1925615K(4188864K) icms_dc=0 , 0.0091400 secs] [Times: user=0.10 sys=0.00, real=0.01 secs] 
Total time for which application threads were stopped: 0.0094740 seconds
2012-01-20T16:23:39.393+0000: 907.506: [GC 907.506: [ParNew: 27328K->5101K(27328K), 0.0060200 secs] 1947503K->1925277K(4188864K) icms_dc=0 , 0.0061320 secs] [Times: user=0.06 sys=0.00, real=0.01 secs] 
Total time for which application threads were stopped: 0.0064820 seconds
2012-01-20T16:23:41.018+0000: 909.132: [GC 909.132: [ParNew: 26989K->5440K(27328K), 0.0066500 secs] 1947165K->1925715K(4188864K) icms_dc=0 , 0.0067690 secs] [Times: user=0.08 sys=0.00, real=0.00 secs] 
Total time for which application threads were stopped: 0.0071200 seconds
2012-01-20T16:23:42.386+0000: 910.499: [GC 910.499: [ParNew: 27328K->5440K(27328K), 0.0068330 secs] 1947603K->1925899K(4188864K) icms_dc=0 , 0.0069500 secs] [Times: user=0.07 sys=0.00, real=0.01 secs] 
Total time for which application threads were stopped: 0.0073010 seconds
2012-01-20T16:23:43.731+0000: 911.844: [GC 911.844: [ParNew: 27328K->5440K(27328K), 0.0070490 secs] 1947787K->1926166K(4188864K) icms_dc=0 , 0.0071600 secs] [Times: user=0.07 sys=0.01, real=0.01 secs] 
Total time for which application threads were stopped: 0.0075080 seconds
2012-01-20T16:23:45.043+0000: 913.156: [GC 913.156: [ParNew: 27328K->5440K(27328K), 0.0086290 secs] 1948054K->1926493K(4188864K) icms_dc=0 , 0.0087430 secs] [Times: user=0.10 sys=0.01, real=0.01 secs] 
Total time for which application threads were stopped: 0.0091230 seconds
2012-01-20T16:23:46.464+0000: 914.577: [GC 914.577: [ParNew: 27328K->5440K(27328K), 0.0102580 secs] 1948381K->1927248K(4188864K) icms_dc=0 , 0.0103760 secs] [Times: user=0.08 sys=0.00, real=0.01 secs] 
Total time for which application threads were stopped: 0.0107820 seconds
Total time for which application threads were stopped: 0.0001400 seconds
2012-01-20T16:23:47.812+0000: 915.925: [GC 915.925: [ParNew: 27328K->5440K(27328K), 0.0092870 secs] 1949136K->1928016K(4188864K) icms_dc=0 , 0.0094120 secs] [Times: user=0.08 sys=0.00, real=0.01 secs] 
Total time for which application threads were stopped: 0.0098110 seconds
2012-01-20T16:23:49.350+0000: 917.463: [GC 917.463: [ParNew: 27328K->5440K(27328K), 0.0081750 secs] 1949904K->1928560K(4188864K) icms_dc=0 , 0.0082940 secs] [Times: user=0.09 sys=0.00, real=0.01 secs] 
Total time for which application threads were stopped: 0.0086490 seconds
2012-01-20T16:23:50.959+0000: 919.072: [GC 919.072: [ParNew: 27328K->5440K(27328K), 0.0110550 secs] 1950448K->1929627K(4188864K) icms_dc=0 , 0.0111730 secs] [Times: user=0.09 sys=0.01, real=0.01 secs] 
Total time for which application threads were stopped: 0.0115380 seconds
2012-01-20T16:23:52.440+0000: 920.553: [GC 920.553: [ParNew: 27328K->5440K(27328K), 0.0079520 secs] 1951515K->1930291K(4188864K) icms_dc=0 , 0.0080720 secs] [Times: user=0.08 sys=0.01, real=0.01 secs] 
Total time for which application threads were stopped: 0.0084280 seconds
2012-01-20T16:23:53.884+0000: 921.997: [GC 921.997: [ParNew: 27328K->5440K(27328K), 0.0090120 secs] 1952179K->1930539K(4188864K) icms_dc=0 , 0.0091310 secs] [Times: user=0.10 sys=0.00, real=0.01 secs] 
Total time for which application threads were stopped: 0.0095190 seconds
2012-01-20T16:23:55.274+0000: 923.387: [GC 923.387: [ParNew: 27328K->5440K(27328K), 0.0082260 secs] 1952427K->1931183K(4188864K) icms_dc=0 , 0.0083490 secs] [Times: user=0.09 sys=0.00, real=0.01 secs] 
Total time for which application threads were stopped: 0.0087570 seconds
Total time for which application threads were stopped: 0.0002650 seconds
2012-01-20T16:23:56.792+0000: 924.905: [GC 924.905: [ParNew: 27328K->5440K(27328K), 0.0083150 secs] 1953071K->1931894K(4188864K) icms_dc=0 , 0.0084350 secs] [Times: user=0.07 sys=0.00, real=0.01 secs] 
Total time for which application threads were stopped: 0.0086430 seconds
2012-01-20T16:23:58.208+0000: 926.321: [GC 926.321: [ParNew: 27328K->5440K(27328K), 0.0086850 secs] 1953782K->1932442K(4188864K) icms_dc=0 , 0.0088110 secs] [Times: user=0.09 sys=0.01, real=0.00 secs] 
Total time for which application threads were stopped: 0.0092230 seconds
2012-01-20T16:23:59.861+0000: 927.974: [GC 927.974: [ParNew: 27328K->5440K(27328K), 0.0076360 secs] 1954330K->1932805K(4188864K) icms_dc=0 , 0.0077520 secs] [Times: user=0.08 sys=0.01, real=0.01 secs] 
Total time for which application threads were stopped: 0.0080980 seconds
2012-01-20T16:24:01.447+0000: 929.560: [GC 929.560: [ParNew: 27328K->5440K(27328K), 0.0076300 secs] 1954693K->1933212K(4188864K) icms_dc=0 , 0.0077470 secs] [Times: user=0.08 sys=0.00, real=0.01 secs] 
Total time for which application threads were stopped: 0.0081840 seconds
2012-01-20T16:24:02.878+0000: 930.991: [GC 930.992: [ParNew: 27328K->5440K(27328K), 0.0081360 secs] 1955100K->1933735K(4188864K) icms_dc=0 , 0.0082500 secs] [Times: user=0.08 sys=0.00, real=0.00 secs] 
Total time for which application threads were stopped: 0.0085870 seconds
2012-01-20T16:24:04.163+0000: 932.276: [GC 932.276: [ParNew: 27328K->5440K(27328K), 0.0076720 secs] 1955623K->1934148K(4188864K) icms_dc=0 , 0.0077870 secs] [Times: user=0.08 sys=0.00, real=0.01 secs] 
Total time for which application threads were stopped: 0.0081380 seconds
2012-01-20T16:24:05.899+0000: 934.012: [GC 934.012: [ParNew: 27328K->5440K(27328K), 0.0083100 secs] 1956036K->1934657K(4188864K) icms_dc=0 , 0.0084270 secs] [Times: user=0.08 sys=0.00, real=0.01 secs] 
Total time for which application threads were stopped: 0.0088360 seconds
Total time for which application threads were stopped: 0.0002570 seconds
2012-01-20T16:24:07.378+0000: 935.491: [GC 935.491: [ParNew: 27328K->5440K(27328K), 0.0092440 secs] 1956545K->1935151K(4188864K) icms_dc=0 , 0.0093580 secs] [Times: user=0.09 sys=0.00, real=0.01 secs] 
Total time for which application threads were stopped: 0.0097140 seconds
2012-01-20T16:24:08.805+0000: 936.918: [GC 936.918: [ParNew: 27328K->5440K(27328K), 0.0113120 secs] 1957039K->1936184K(4188864K) icms_dc=0 , 0.0114320 secs] [Times: user=0.10 sys=0.00, real=0.01 secs] 
Total time for which application threads were stopped: 0.0118610 seconds
2012-01-20T16:24:10.321+0000: 938.434: [GC 938.434: [ParNew: 27328K->5440K(27328K), 0.0091040 secs] 1958072K->1936990K(4188864K) icms_dc=0 , 0.0092270 secs] [Times: user=0.09 sys=0.01, real=0.01 secs] 
Total time for which application threads were stopped: 0.0095790 seconds
2012-01-20T16:24:11.939+0000: 940.052: [GC 940.052: [ParNew: 27328K->5440K(27328K), 0.0082020 secs] 1958878K->1937521K(4188864K) icms_dc=0 , 0.0083220 secs] [Times: user=0.09 sys=0.00, real=0.00 secs] 
Total time for which application threads were stopped: 0.0086810 seconds
2012-01-20T16:24:13.622+0000: 941.735: [GC 941.735: [ParNew: 27328K->5440K(27328K), 0.0102910 secs] 1959409K->1938535K(4188864K) icms_dc=0 , 0.0104150 secs] [Times: user=0.08 sys=0.00, real=0.01 secs] 
Total time for which application threads were stopped: 0.0108000 seconds
2012-01-20T16:24:14.975+0000: 943.089: [GC 943.089: [ParNew: 27328K->5440K(27328K), 0.0075650 secs] 1960423K->1938846K(4188864K) icms_dc=0 , 0.0077350 secs] [Times: user=0.08 sys=0.00, real=0.01 secs] 
Total time for which application threads were stopped: 0.0080910 seconds
2012-01-20T16:24:16.494+0000: 944.607: [GC 944.608: [ParNew: 27328K->5440K(27328K), 0.0093890 secs] 1960734K->1939451K(4188864K) icms_dc=0 , 0.0095070 secs] [Times: user=0.10 sys=0.00, real=0.01 secs] 
Total time for which application threads were stopped: 0.0098830 seconds
Total time for which application threads were stopped: 0.0001320 seconds
2012-01-20T16:24:18.060+0000: 946.173: [GC 946.173: [ParNew: 27328K->5440K(27328K), 0.0075820 secs] 1961339K->1939962K(4188864K) icms_dc=0 , 0.0077020 secs] [Times: user=0.07 sys=0.00, real=0.00 secs] 
Total time for which application threads were stopped: 0.0080660 seconds
2012-01-20T16:24:19.492+0000: 947.605: [GC 947.606: [ParNew: 27328K->5440K(27328K), 0.0079200 secs] 1961850K->1940409K(4188864K) icms_dc=0 , 0.0080390 secs] [Times: user=0.09 sys=0.00, real=0.01 secs] 
Total time for which application threads were stopped: 0.0084270 seconds
2012-01-20T16:24:21.025+0000: 949.138: [GC 949.138: [ParNew: 27328K->5440K(27328K), 0.0115020 secs] 1962297K->1941595K(4188864K) icms_dc=0 , 0.0116320 secs] [Times: user=0.10 sys=0.01, real=0.01 secs] 
Total time for which application threads were stopped: 0.0120100 seconds
2012-01-20T16:24:22.661+0000: 950.774: [GC 950.774: [ParNew: 27328K->5440K(27328K), 0.0083580 secs] 1963483K->1942344K(4188864K) icms_dc=0 , 0.0084830 secs] [Times: user=0.08 sys=0.00, real=0.00 secs] 
Total time for which application threads were stopped: 0.0088330 seconds
2012-01-20T16:24:24.209+0000: 952.322: [GC 952.323: [ParNew: 27328K->5440K(27328K), 0.0089570 secs] 1964232K->1943047K(4188864K) icms_dc=0 , 0.0090920 secs] [Times: user=0.09 sys=0.00, real=0.01 secs] 
Total time for which application threads were stopped: 0.0094580 seconds
2012-01-20T16:24:25.645+0000: 953.758: [GC 953.758: [ParNew: 27328K->5440K(27328K), 0.0076130 secs] 1964935K->1943764K(4188864K) icms_dc=0 , 0.0077440 secs] [Times: user=0.08 sys=0.00, real=0.01 secs] 
Total time for which application threads were stopped: 0.0081490 seconds
Total time for which application threads were stopped: 0.0002630 seconds
2012-01-20T16:24:27.086+0000: 955.199: [GC 955.200: [ParNew: 27328K->5440K(27328K), 0.0080650 secs] 1965652K->1944397K(4188864K) icms_dc=0 , 0.0081870 secs] [Times: user=0.09 sys=0.00, real=0.01 secs] 
Total time for which application threads were stopped: 0.0084130 seconds
2012-01-20T16:24:28.435+0000: 956.548: [GC 956.548: [ParNew: 27328K->5440K(27328K), 0.0086790 secs] 1966285K->1945132K(4188864K) icms_dc=0 , 0.0088030 secs] [Times: user=0.09 sys=0.00, real=0.01 secs] 
Total time for which application threads were stopped: 0.0091800 seconds
2012-01-20T16:24:29.874+0000: 957.988: [GC 957.988: [ParNew: 27328K->5440K(27328K), 0.0088150 secs] 1967020K->1945732K(4188864K) icms_dc=0 , 0.0089370 secs] [Times: user=0.09 sys=0.00, real=0.01 secs] 
Total time for which application threads were stopped: 0.0093770 seconds
2012-01-20T16:24:31.324+0000: 959.437: [GC 959.437: [ParNew: 27328K->5440K(27328K), 0.0089980 secs] 1967620K->1946471K(4188864K) icms_dc=0 , 0.0091210 secs] [Times: user=0.09 sys=0.01, real=0.01 secs] 
Total time for which application threads were stopped: 0.0095170 seconds
2012-01-20T16:24:32.928+0000: 961.041: [GC 961.041: [ParNew: 27328K->5440K(27328K), 0.0062750 secs] 1968359K->1946506K(4188864K) icms_dc=0 , 0.0063930 secs] [Times: user=0.08 sys=0.00, real=0.01 secs] 
Total time for which application threads were stopped: 0.0067870 seconds
2012-01-20T16:24:34.400+0000: 962.513: [GC 962.513: [ParNew: 27328K->5440K(27328K), 0.0080660 secs] 1968394K->1947060K(4188864K) icms_dc=0 , 0.0081920 secs] [Times: user=0.08 sys=0.00, real=0.01 secs] 
Total time for which application threads were stopped: 0.0085580 seconds
2012-01-20T16:24:35.975+0000: 964.088: [GC 964.088: [ParNew: 27328K->5440K(27328K), 0.0076920 secs] 1968948K->1947631K(4188864K) icms_dc=0 , 0.0078130 secs] [Times: user=0.08 sys=0.00, real=0.01 secs] 
Total time for which application threads were stopped: 0.0082000 seconds
Total time for which application threads were stopped: 0.0004930 seconds
2012-01-20T16:24:37.271+0000: 965.384: [GC 965.385: [ParNew: 27328K->5440K(27328K), 0.0080280 secs] 1969519K->1948099K(4188864K) icms_dc=0 , 0.0081520 secs] [Times: user=0.09 sys=0.00, real=0.01 secs] 
Total time for which application threads were stopped: 0.0086820 seconds
2012-01-20T16:24:38.688+0000: 966.801: [GC 966.801: [ParNew: 27328K->5440K(27328K), 0.0072370 secs] 1969987K->1948327K(4188864K) icms_dc=0 , 0.0073570 secs] [Times: user=0.09 sys=0.00, real=0.01 secs] 
Total time for which application threads were stopped: 0.0077410 seconds
2012-01-20T16:24:40.315+0000: 968.429: [GC 968.429: [ParNew: 27328K->5440K(27328K), 0.0115470 secs] 1970215K->1949448K(4188864K) icms_dc=0 , 0.0116760 secs] [Times: user=0.10 sys=0.00, real=0.01 secs] 
Total time for which application threads were stopped: 0.0121130 seconds
2012-01-20T16:24:41.966+0000: 970.079: [GC 970.080: [ParNew: 27328K->5440K(27328K), 0.0075430 secs] 1971336K->1949929K(4188864K) icms_dc=0 , 0.0076670 secs] [Times: user=0.08 sys=0.00, real=0.01 secs] 
Total time for which application threads were stopped: 0.0080440 seconds
2012-01-20T16:24:43.444+0000: 971.557: [GC 971.557: [ParNew: 27328K->5440K(27328K), 0.0079920 secs] 1971817K->1950583K(4188864K) icms_dc=0 , 0.0081120 secs] [Times: user=0.08 sys=0.01, real=0.00 secs] 
Total time for which application threads were stopped: 0.0085550 seconds
2012-01-20T16:24:44.770+0000: 972.883: [GC 972.883: [ParNew: 27328K->5440K(27328K), 0.0099500 secs] 1972471K->1951456K(4188864K) icms_dc=0 , 0.0100740 secs] [Times: user=0.10 sys=0.00, real=0.01 secs] 
Total time for which application threads were stopped: 0.0105140 seconds
2012-01-20T16:24:46.192+0000: 974.305: [GC 974.305: [ParNew: 27328K->5440K(27328K), 0.0086810 secs] 1973344K->1952107K(4188864K) icms_dc=0 , 0.0088000 secs] [Times: user=0.09 sys=0.00, real=0.01 secs] 
Total time for which application threads were stopped: 0.0091920 seconds
Total time for which application threads were stopped: 0.0003020 seconds
2012-01-20T16:24:47.723+0000: 975.837: [GC 975.837: [ParNew: 27328K->5440K(27328K), 0.0095820 secs] 1973995K->1952809K(4188864K) icms_dc=0 , 0.0097030 secs] [Times: user=0.10 sys=0.00, real=0.01 secs] 
Total time for which application threads were stopped: 0.0100670 seconds
2012-01-20T16:24:49.050+0000: 977.163: [GC 977.163: [ParNew: 27328K->5440K(27328K), 0.0088210 secs] 1974697K->1953770K(4188864K) icms_dc=0 , 0.0089410 secs] [Times: user=0.09 sys=0.00, real=0.01 secs] 
Total time for which application threads were stopped: 0.0093280 seconds
2012-01-20T16:24:50.500+0000: 978.613: [GC 978.613: [ParNew: 27328K->5440K(27328K), 0.0067180 secs] 1975658K->1953952K(4188864K) icms_dc=0 , 0.0068280 secs] [Times: user=0.08 sys=0.00, real=0.01 secs] 
Total time for which application threads were stopped: 0.0072040 seconds
2012-01-20T16:24:52.028+0000: 980.142: [GC 980.142: [ParNew: 27328K->5440K(27328K), 0.0100100 secs] 1975840K->1955022K(4188864K) icms_dc=0 , 0.0101300 secs] [Times: user=0.09 sys=0.01, real=0.01 secs] 
Total time for which application threads were stopped: 0.0105130 seconds
2012-01-20T16:24:53.450+0000: 981.563: [GC 981.563: [ParNew: 27328K->5440K(27328K), 0.0067590 secs] 1976910K->1955068K(4188864K) icms_dc=0 , 0.0068750 secs] [Times: user=0.08 sys=0.00, real=0.01 secs] 
Total time for which application threads were stopped: 0.0072750 seconds
2012-01-20T16:24:54.863+0000: 982.976: [GC 982.977: [ParNew: 27328K->5440K(27328K), 0.0094520 secs] 1976956K->1955837K(4188864K) icms_dc=0 , 0.0095780 secs] [Times: user=0.10 sys=0.01, real=0.01 secs] 
Total time for which application threads were stopped: 0.0099640 seconds
2012-01-20T16:24:56.267+0000: 984.380: [GC 984.380: [ParNew: 27328K->5440K(27328K), 0.0082020 secs] 1977725K->1956562K(4188864K) icms_dc=0 , 0.0083220 secs] [Times: user=0.08 sys=0.00, real=0.01 secs] 
Total time for which application threads were stopped: 0.0087160 seconds
Total time for which application threads were stopped: 0.0002330 seconds
2012-01-20T16:24:57.744+0000: 985.857: [GC 985.858: [ParNew: 27328K->5440K(27328K), 0.0063140 secs] 1978450K->1956571K(4188864K) icms_dc=0 , 0.0064320 secs] [Times: user=0.08 sys=0.00, real=0.00 secs] 
Total time for which application threads were stopped: 0.0068820 seconds
2012-01-20T16:24:59.118+0000: 987.231: [GC 987.231: [ParNew: 27328K->5440K(27328K), 0.0088750 secs] 1978459K->1957212K(4188864K) icms_dc=0 , 0.0089930 secs] [Times: user=0.08 sys=0.01, real=0.01 secs] 
Total time for which application threads were stopped: 0.0093550 seconds
Total time for which application threads were stopped: 0.0003790 seconds
2012-01-20T16:25:00.502+0000: 988.615: [GC 988.615: [ParNew: 27328K->5440K(27328K), 0.0085210 secs] 1979100K->1957787K(4188864K) icms_dc=0 , 0.0086410 secs] [Times: user=0.10 sys=0.00, real=0.01 secs] 
Total time for which application threads were stopped: 0.0090200 seconds
2012-01-20T16:25:01.903+0000: 990.016: [GC 990.017: [ParNew: 27328K->5440K(27328K), 0.0078670 secs] 1979675K->1958224K(4188864K) icms_dc=0 , 0.0079880 secs] [Times: user=0.08 sys=0.00, real=0.01 secs] 
Total time for which application threads were stopped: 0.0084000 seconds
2012-01-20T16:25:03.596+0000: 991.709: [GC 991.709: [ParNew: 27328K->5440K(27328K), 0.0102220 secs] 1980112K->1959074K(4188864K) icms_dc=0 , 0.0103500 secs] [Times: user=0.09 sys=0.00, real=0.01 secs] 
Total time for which application threads were stopped: 0.0107160 seconds
2012-01-20T16:25:05.097+0000: 993.210: [GC 993.210: [ParNew: 27328K->5440K(27328K), 0.0074330 secs] 1980962K->1959160K(4188864K) icms_dc=0 , 0.0075490 secs] [Times: user=0.09 sys=0.00, real=0.00 secs] 
Total time for which application threads were stopped: 0.0079680 seconds
2012-01-20T16:25:06.503+0000: 994.616: [GC 994.617: [ParNew: 27328K->5440K(27328K), 0.0089190 secs] 1981048K->1959932K(4188864K) icms_dc=0 , 0.0090480 secs] [Times: user=0.09 sys=0.01, real=0.01 secs] 
Total time for which application threads were stopped: 0.0094720 seconds
Total time for which application threads were stopped: 0.0001440 seconds
2012-01-20T16:25:08.160+0000: 996.273: [GC 996.273: [ParNew: 27328K->5440K(27328K), 0.0063740 secs] 1981820K->1959956K(4188864K) icms_dc=0 , 0.0064930 secs] [Times: user=0.07 sys=0.00, real=0.01 secs] 
Total time for which application threads were stopped: 0.0068700 seconds
2012-01-20T16:25:09.638+0000: 997.751: [GC 997.751: [ParNew: 27328K->5440K(27328K), 0.0073390 secs] 1981844K->1960351K(4188864K) icms_dc=0 , 0.0074500 secs] [Times: user=0.08 sys=0.00, real=0.00 secs] 
Total time for which application threads were stopped: 0.0077820 seconds
2012-01-20T16:25:10.943+0000: 999.056: [GC 999.056: [ParNew: 27328K->5440K(27328K), 0.0075000 secs] 1982239K->1960617K(4188864K) icms_dc=0 , 0.0076120 secs] [Times: user=0.09 sys=0.01, real=0.01 secs] 
Total time for which application threads were stopped: 0.0079580 seconds
2012-01-20T16:25:12.410+0000: 1000.523: [GC 1000.523: [ParNew: 27328K->5440K(27328K), 0.0084020 secs] 1982505K->1961012K(4188864K) icms_dc=0 , 0.0085170 secs] [Times: user=0.09 sys=0.01, real=0.01 secs] 
Total time for which application threads were stopped: 0.0089170 seconds
2012-01-20T16:25:13.753+0000: 1001.866: [GC 1001.866: [ParNew: 27328K->5332K(27328K), 0.0067890 secs] 1982900K->1961063K(4188864K) icms_dc=0 , 0.0069020 secs] [Times: user=0.07 sys=0.00, real=0.01 secs] 
Total time for which application threads were stopped: 0.0072870 seconds
2012-01-20T16:25:15.113+0000: 1003.226: [GC 1003.226: [ParNew: 27220K->5440K(27328K), 0.0073760 secs] 1982951K->1961455K(4188864K) icms_dc=0 , 0.0074900 secs] [Times: user=0.07 sys=0.00, real=0.01 secs] 
Total time for which application threads were stopped: 0.0078260 seconds
2012-01-20T16:25:16.474+0000: 1004.587: [GC 1004.588: [ParNew: 27328K->5440K(27328K), 0.0087390 secs] 1983343K->1962046K(4188864K) icms_dc=0 , 0.0088570 secs] [Times: user=0.09 sys=0.00, real=0.01 secs] 
Total time for which application threads were stopped: 0.0092610 seconds
Total time for which application threads were stopped: 0.0001210 seconds
2012-01-20T16:25:17.953+0000: 1006.066: [GC 1006.066: [ParNew: 27328K->5440K(27328K), 0.0086710 secs] 1983934K->1962337K(4188864K) icms_dc=0 , 0.0087890 secs] [Times: user=0.10 sys=0.00, real=0.01 secs] 
Total time for which application threads were stopped: 0.0091600 seconds
2012-01-20T16:25:19.446+0000: 1007.559: [GC 1007.559: [ParNew: 27328K->5440K(27328K), 0.0096370 secs] 1984225K->1963294K(4188864K) icms_dc=0 , 0.0097540 secs] [Times: user=0.09 sys=0.00, real=0.01 secs] 
Total time for which application threads were stopped: 0.0100900 seconds
2012-01-20T16:25:20.810+0000: 1008.923: [GC 1008.923: [ParNew: 27328K->5440K(27328K), 0.0068580 secs] 1985182K->1963405K(4188864K) icms_dc=0 , 0.0069740 secs] [Times: user=0.08 sys=0.00, real=0.01 secs] 
Total time for which application threads were stopped: 0.0073070 seconds
2012-01-20T16:25:22.108+0000: 1010.221: [GC 1010.221: [ParNew: 27328K->5440K(27328K), 0.0105440 secs] 1985293K->1964576K(4188864K) icms_dc=0 , 0.0106620 secs] [Times: user=0.09 sys=0.00, real=0.01 secs] 
Total time for which application threads were stopped: 0.0110070 seconds
2012-01-20T16:25:23.332+0000: 1011.445: [GC 1011.446: [ParNew: 27328K->5440K(27328K), 0.0066300 secs] 1986464K->1964612K(4188864K) icms_dc=0 , 0.0067410 secs] [Times: user=0.08 sys=0.00, real=0.01 secs] 
Total time for which application threads were stopped: 0.0070820 seconds
2012-01-20T16:25:24.674+0000: 1012.787: [GC 1012.787: [ParNew: 27328K->5440K(27328K), 0.0083260 secs] 1986500K->1965232K(4188864K) icms_dc=0 , 0.0084410 secs] [Times: user=0.08 sys=0.00, real=0.01 secs] 
Total time for which application threads were stopped: 0.0088220 seconds
2012-01-20T16:25:25.852+0000: 1013.965: [GC 1013.965: [ParNew: 27328K->5440K(27328K), 0.0086300 secs] 1987120K->1965699K(4188864K) icms_dc=0 , 0.0087460 secs] [Times: user=0.10 sys=0.00, real=0.01 secs] 
Total time for which application threads were stopped: 0.0090910 seconds
Total time for which application threads were stopped: 0.0003230 seconds
2012-01-20T16:25:27.473+0000: 1015.586: [GC 1015.586: [ParNew: 27328K->5440K(27328K), 0.0084560 secs] 1987587K->1966411K(4188864K) icms_dc=0 , 0.0085850 secs] [Times: user=0.08 sys=0.01, real=0.01 secs] 
Total time for which application threads were stopped: 0.0089690 seconds
2012-01-20T16:25:28.994+0000: 1017.107: [GC 1017.107: [ParNew: 27328K->5440K(27328K), 0.0070330 secs] 1988299K->1966646K(4188864K) icms_dc=0 , 0.0071480 secs] [Times: user=0.08 sys=0.00, real=0.01 secs] 
Total time for which application threads were stopped: 0.0075070 seconds
2012-01-20T16:25:30.393+0000: 1018.506: [GC 1018.506: [ParNew: 27328K->5440K(27328K), 0.0087180 secs] 1988534K->1967207K(4188864K) icms_dc=0 , 0.0088350 secs] [Times: user=0.09 sys=0.00, real=0.01 secs] 
Total time for which application threads were stopped: 0.0092650 seconds
2012-01-20T16:25:31.877+0000: 1019.990: [GC 1019.990: [ParNew: 27328K->5440K(27328K), 0.0092040 secs] 1989095K->1967951K(4188864K) icms_dc=0 , 0.0093200 secs] [Times: user=0.09 sys=0.00, real=0.01 secs] 
Total time for which application threads were stopped: 0.0097050 seconds
2012-01-20T16:25:33.357+0000: 1021.471: [GC 1021.471: [ParNew: 27328K->5440K(27328K), 0.0101970 secs] 1989839K->1968978K(4188864K) icms_dc=0 , 0.0103130 secs] [Times: user=0.09 sys=0.00, real=0.01 secs] 
Total time for which application threads were stopped: 0.0106780 seconds
2012-01-20T16:25:34.901+0000: 1023.014: [GC 1023.015: [ParNew: 27328K->5440K(27328K), 0.0092730 secs] 1990866K->1969771K(4188864K) icms_dc=0 , 0.0093900 secs] [Times: user=0.10 sys=0.00, real=0.01 secs] 
Total time for which application threads were stopped: 0.0097720 seconds
2012-01-20T16:25:36.457+0000: 1024.571: [GC 1024.571: [ParNew: 27328K->5440K(27328K), 0.0063800 secs] 1991659K->1969911K(4188864K) icms_dc=0 , 0.0064930 secs] [Times: user=0.07 sys=0.00, real=0.01 secs] 
Total time for which application threads were stopped: 0.0068350 seconds
Total time for which application threads were stopped: 0.0001290 seconds
2012-01-20T16:25:37.755+0000: 1025.868: [GC 1025.868: [ParNew: 27328K->5440K(27328K), 0.0080400 secs] 1991799K->1970587K(4188864K) icms_dc=0 , 0.0081580 secs] [Times: user=0.09 sys=0.00, real=0.01 secs] 
Total time for which application threads were stopped: 0.0085320 seconds
2012-01-20T16:25:39.114+0000: 1027.227: [GC 1027.227: [ParNew: 27328K->5440K(27328K), 0.0083170 secs] 1992475K->1971027K(4188864K) icms_dc=0 , 0.0084340 secs] [Times: user=0.09 sys=0.00, real=0.01 secs] 
Total time for which application threads were stopped: 0.0088500 seconds
2012-01-20T16:25:40.628+0000: 1028.741: [GC 1028.741: [ParNew: 27328K->5440K(27328K), 0.0078920 secs] 1992915K->1971509K(4188864K) icms_dc=0 , 0.0080070 secs] [Times: user=0.09 sys=0.00, real=0.01 secs] 
Total time for which application threads were stopped: 0.0083510 seconds
2012-01-20T16:25:42.145+0000: 1030.258: [GC 1030.258: [ParNew: 27328K->5440K(27328K), 0.0080690 secs] 1993397K->1971878K(4188864K) icms_dc=0 , 0.0081840 secs] [Times: user=0.09 sys=0.01, real=0.01 secs] 
Total time for which application threads were stopped: 0.0085780 seconds
2012-01-20T16:25:43.563+0000: 1031.676: [GC 1031.676: [ParNew: 27328K->5440K(27328K), 0.0122270 secs] 1993766K->1972820K(4188864K) icms_dc=0 , 0.0123480 secs] [Times: user=0.12 sys=0.00, real=0.01 secs] 
Total time for which application threads were stopped: 0.0126940 seconds
2012-01-20T16:25:44.990+0000: 1033.103: [GC 1033.104: [ParNew: 27328K->5440K(27328K), 0.0079790 secs] 1994708K->1973410K(4188864K) icms_dc=0 , 0.0080950 secs] [Times: user=0.09 sys=0.00, real=0.00 secs] 
Total time for which application threads were stopped: 0.0085180 seconds
2012-01-20T16:25:46.379+0000: 1034.493: [GC 1034.493: [ParNew: 27328K->5440K(27328K), 0.0070820 secs] 1995298K->1973542K(4188864K) icms_dc=0 , 0.0072010 secs] [Times: user=0.08 sys=0.00, real=0.01 secs] 
Total time for which application threads were stopped: 0.0076260 seconds
Total time for which application threads were stopped: 0.0002760 seconds
2012-01-20T16:25:47.770+0000: 1035.883: [GC 1035.883: [ParNew: 27328K->5440K(27328K), 0.0092510 secs] 1995430K->1973983K(4188864K) icms_dc=0 , 0.0093690 secs] [Times: user=0.10 sys=0.00, real=0.00 secs] 
Total time for which application threads were stopped: 0.0098010 seconds
2012-01-20T16:25:49.158+0000: 1037.271: [GC 1037.271: [ParNew: 27328K->5440K(27328K), 0.0084400 secs] 1995871K->1974532K(4188864K) icms_dc=0 , 0.0085600 secs] [Times: user=0.08 sys=0.00, real=0.01 secs] 
Total time for which application threads were stopped: 0.0090100 seconds
2012-01-20T16:25:50.503+0000: 1038.616: [GC 1038.616: [ParNew: 27328K->5440K(27328K), 0.0072530 secs] 1996420K->1974735K(4188864K) icms_dc=0 , 0.0073690 secs] [Times: user=0.08 sys=0.01, real=0.01 secs] 
Total time for which application threads were stopped: 0.0077350 seconds
2012-01-20T16:25:51.951+0000: 1040.064: [GC 1040.064: [ParNew: 27328K->5440K(27328K), 0.0094850 secs] 1996623K->1975441K(4188864K) icms_dc=0 , 0.0096030 secs] [Times: user=0.09 sys=0.00, real=0.00 secs] 
Total time for which application threads were stopped: 0.0099890 seconds
2012-01-20T16:25:53.417+0000: 1041.530: [GC 1041.530: [ParNew: 27328K->5440K(27328K), 0.0066540 secs] 1997329K->1975476K(4188864K) icms_dc=0 , 0.0067610 secs] [Times: user=0.08 sys=0.00, real=0.01 secs] 
Total time for which application threads were stopped: 0.0071000 seconds
2012-01-20T16:25:54.627+0000: 1042.740: [GC 1042.740: [ParNew: 27328K->5440K(27328K), 0.0083410 secs] 1997364K->1976024K(4188864K) icms_dc=0 , 0.0084580 secs] [Times: user=0.09 sys=0.00, real=0.01 secs] 
Total time for which application threads were stopped: 0.0088090 seconds
2012-01-20T16:25:56.057+0000: 1044.170: [GC 1044.170: [ParNew: 27328K->5440K(27328K), 0.0078760 secs] 1997912K->1976487K(4188864K) icms_dc=0 , 0.0079910 secs] [Times: user=0.08 sys=0.00, real=0.01 secs] 
Total time for which application threads were stopped: 0.0083640 seconds
Total time for which application threads were stopped: 0.0005320 seconds
2012-01-20T16:25:57.256+0000: 1045.369: [GC 1045.369: [ParNew: 27328K->5440K(27328K), 0.0100330 secs] 1998375K->1977006K(4188864K) icms_dc=0 , 0.0102020 secs] [Times: user=0.10 sys=0.00, real=0.01 secs] 
Total time for which application threads were stopped: 0.0104590 seconds
2012-01-20T16:25:58.712+0000: 1046.825: [GC 1046.826: [ParNew: 27328K->5440K(27328K), 0.0093890 secs] 1998894K->1977810K(4188864K) icms_dc=0 , 0.0095080 secs] [Times: user=0.09 sys=0.00, real=0.01 secs] 
Total time for which application threads were stopped: 0.0098670 seconds
2012-01-20T16:26:00.125+0000: 1048.239: [GC 1048.239: [ParNew: 27328K->5440K(27328K), 0.0098730 secs] 1999698K->1978695K(4188864K) icms_dc=0 , 0.0099980 secs] [Times: user=0.09 sys=0.00, real=0.01 secs] 
Total time for which application threads were stopped: 0.0104320 seconds
2012-01-20T16:26:01.612+0000: 1049.725: [GC 1049.725: [ParNew: 27328K->5440K(27328K), 0.0099260 secs] 2000583K->1979532K(4188864K) icms_dc=0 , 0.0100510 secs] [Times: user=0.09 sys=0.00, real=0.01 secs] 
Total time for which application threads were stopped: 0.0104270 seconds
2012-01-20T16:26:02.920+0000: 1051.034: [GC 1051.034: [ParNew: 27328K->5440K(27328K), 0.0082250 secs] 2001420K->1980225K(4188864K) icms_dc=0 , 0.0083500 secs] [Times: user=0.08 sys=0.01, real=0.01 secs] 
Total time for which application threads were stopped: 0.0087100 seconds
2012-01-20T16:26:04.374+0000: 1052.487: [GC 1052.487: [ParNew: 27328K->5440K(27328K), 0.0071760 secs] 2002113K->1980451K(4188864K) icms_dc=0 , 0.0072980 secs] [Times: user=0.08 sys=0.00, real=0.00 secs] 
Total time for which application threads were stopped: 0.0077190 seconds
2012-01-20T16:26:05.891+0000: 1054.005: [GC 1054.005: [ParNew: 27328K->5440K(27328K), 0.0096440 secs] 2002339K->1981493K(4188864K) icms_dc=0 , 0.0097660 secs] [Times: user=0.09 sys=0.01, real=0.01 secs] 
Total time for which application threads were stopped: 0.0102170 seconds
Total time for which application threads were stopped: 0.0003240 seconds
2012-01-20T16:26:07.322+0000: 1055.435: [GC 1055.435: [ParNew: 27328K->5440K(27328K), 0.0099850 secs] 2003381K->1982112K(4188864K) icms_dc=0 , 0.0101230 secs] [Times: user=0.10 sys=0.00, real=0.02 secs] 
Total time for which application threads were stopped: 0.0104200 seconds
2012-01-20T16:26:08.774+0000: 1056.887: [GC 1056.887: [ParNew: 27328K->5440K(27328K), 0.0095490 secs] 2004000K->1982860K(4188864K) icms_dc=0 , 0.0096720 secs] [Times: user=0.10 sys=0.00, real=0.01 secs] 
Total time for which application threads were stopped: 0.0100230 seconds
2012-01-20T16:26:10.183+0000: 1058.296: [GC 1058.296: [ParNew: 27328K->5440K(27328K), 0.0085850 secs] 2004748K->1983729K(4188864K) icms_dc=0 , 0.0087050 secs] [Times: user=0.09 sys=0.00, real=0.00 secs] 
Total time for which application threads were stopped: 0.0091620 seconds
2012-01-20T16:26:11.650+0000: 1059.763: [GC 1059.763: [ParNew: 27328K->5440K(27328K), 0.0074070 secs] 2005617K->1984022K(4188864K) icms_dc=0 , 0.0075240 secs] [Times: user=0.07 sys=0.01, real=0.01 secs] 
Total time for which application threads were stopped: 0.0078750 seconds
2012-01-20T16:26:13.222+0000: 1061.335: [GC 1061.335: [ParNew: 27328K->5440K(27328K), 0.0101260 secs] 2005910K->1985126K(4188864K) icms_dc=0 , 0.0102510 secs] [Times: user=0.10 sys=0.00, real=0.01 secs] 
Total time for which application threads were stopped: 0.0105980 seconds
2012-01-20T16:26:14.714+0000: 1062.827: [GC 1062.827: [ParNew: 27328K->5440K(27328K), 0.0083300 secs] 2007014K->1985493K(4188864K) icms_dc=0 , 0.0084480 secs] [Times: user=0.10 sys=0.00, real=0.00 secs] 
Total time for which application threads were stopped: 0.0088250 seconds
2012-01-20T16:26:16.399+0000: 1064.512: [GC 1064.513: [ParNew: 27328K->5440K(27328K), 0.0113710 secs] 2007381K->1986877K(4188864K) icms_dc=0 , 0.0114980 secs] [Times: user=0.10 sys=0.01, real=0.01 secs] 
Total time for which application threads were stopped: 0.0119060 seconds
Total time for which application threads were stopped: 0.0011830 seconds
Total time for which application threads were stopped: 0.0001150 seconds
2012-01-20T16:26:17.999+0000: 1066.112: [GC 1066.112: [ParNew: 27328K->5440K(27328K), 0.0085120 secs] 2008765K->1987714K(4188864K) icms_dc=0 , 0.0086880 secs] [Times: user=0.08 sys=0.01, real=0.01 secs] 
Total time for which application threads were stopped: 0.0091040 seconds
2012-01-20T16:26:19.316+0000: 1067.429: [GC 1067.429: [ParNew: 27328K->5440K(27328K), 0.0078730 secs] 2009602K->1988357K(4188864K) icms_dc=0 , 0.0079960 secs] [Times: user=0.09 sys=0.00, real=0.01 secs] 
Total time for which application threads were stopped: 0.0083330 seconds
2012-01-20T16:26:20.701+0000: 1068.814: [GC 1068.814: [ParNew: 27328K->5440K(27328K), 0.0069890 secs] 2010245K->1988491K(4188864K) icms_dc=0 , 0.0071080 secs] [Times: user=0.08 sys=0.00, real=0.01 secs] 
Total time for which application threads were stopped: 0.0074540 seconds
2012-01-20T16:26:22.215+0000: 1070.328: [GC 1070.328: [ParNew: 27328K->5440K(27328K), 0.0107370 secs] 2010379K->1989409K(4188864K) icms_dc=0 , 0.0108590 secs] [Times: user=0.10 sys=0.00, real=0.01 secs] 
Total time for which application threads were stopped: 0.0112740 seconds
2012-01-20T16:26:23.753+0000: 1071.866: [GC 1071.867: [ParNew: 27328K->5440K(27328K), 0.0074590 secs] 2011297K->1989856K(4188864K) icms_dc=0 , 0.0075800 secs] [Times: user=0.07 sys=0.00, real=0.01 secs] 
Total time for which application threads were stopped: 0.0079480 seconds
2012-01-20T16:26:25.127+0000: 1073.240: [GC 1073.240: [ParNew: 27328K->5440K(27328K), 0.0075030 secs] 2011744K->1990252K(4188864K) icms_dc=0 , 0.0076240 secs] [Times: user=0.08 sys=0.00, real=0.01 secs] 
Total time for which application threads were stopped: 0.0080140 seconds
2012-01-20T16:26:26.462+0000: 1074.575: [GC 1074.575: [ParNew: 27328K->5440K(27328K), 0.0105430 secs] 2012140K->1991337K(4188864K) icms_dc=0 , 0.0106650 secs] [Times: user=0.09 sys=0.01, real=0.01 secs] 
Total time for which application threads were stopped: 0.0110190 seconds
Total time for which application threads were stopped: 0.0003090 seconds
2012-01-20T16:26:27.847+0000: 1075.960: [GC 1075.960: [ParNew: 27328K->5440K(27328K), 0.0080730 secs] 2013225K->1991338K(4188864K) icms_dc=0 , 0.0081950 secs] [Times: user=0.10 sys=0.01, real=0.01 secs] 
Total time for which application threads were stopped: 0.0085650 seconds
2012-01-20T16:26:29.317+0000: 1077.430: [GC 1077.430: [ParNew: 27328K->5440K(27328K), 0.0079680 secs] 2013226K->1991822K(4188864K) icms_dc=0 , 0.0080890 secs] [Times: user=0.08 sys=0.01, real=0.01 secs] 
Total time for which application threads were stopped: 0.0084470 seconds
2012-01-20T16:26:30.915+0000: 1079.028: [GC 1079.028: [ParNew: 27328K->5440K(27328K), 0.0087710 secs] 2013710K->1992190K(4188864K) icms_dc=0 , 0.0088920 secs] [Times: user=0.10 sys=0.01, real=0.01 secs] 
Total time for which application threads were stopped: 0.0092910 seconds
2012-01-20T16:26:32.439+0000: 1080.552: [GC 1080.552: [ParNew: 27328K->5440K(27328K), 0.0069120 secs] 2014078K->1992483K(4188864K) icms_dc=0 , 0.0070360 secs] [Times: user=0.08 sys=0.00, real=0.01 secs] 
Total time for which application threads were stopped: 0.0073920 seconds
2012-01-20T16:26:34.048+0000: 1082.161: [GC 1082.161: [ParNew: 27328K->5440K(27328K), 0.0075360 secs] 2014371K->1992755K(4188864K) icms_dc=0 , 0.0076560 secs] [Times: user=0.09 sys=0.00, real=0.01 secs] 
Total time for which application threads were stopped: 0.0080020 seconds
2012-01-20T16:26:35.458+0000: 1083.571: [GC 1083.571: [ParNew: 27328K->5440K(27328K), 0.0076380 secs] 2014643K->1993071K(4188864K) icms_dc=0 , 0.0077560 secs] [Times: user=0.08 sys=0.00, real=0.01 secs] 
Total time for which application threads were stopped: 0.0081620 seconds
2012-01-20T16:26:36.942+0000: 1085.055: [GC 1085.056: [ParNew: 27328K->5440K(27328K), 0.0094930 secs] 2014959K->1993740K(4188864K) icms_dc=0 , 0.0096250 secs] [Times: user=0.09 sys=0.01, real=0.01 secs] 
Total time for which application threads were stopped: 0.0100300 seconds
Total time for which application threads were stopped: 0.0001220 seconds
2012-01-20T16:26:38.411+0000: 1086.524: [GC 1086.524: [ParNew: 27328K->5438K(27328K), 0.0083060 secs] 2015628K->1994269K(4188864K) icms_dc=0 , 0.0084300 secs] [Times: user=0.08 sys=0.00, real=0.01 secs] 
Total time for which application threads were stopped: 0.0088150 seconds
2012-01-20T16:26:39.917+0000: 1088.031: [GC 1088.031: [ParNew: 27326K->5440K(27328K), 0.0085040 secs] 2016157K->1994852K(4188864K) icms_dc=0 , 0.0086290 secs] [Times: user=0.09 sys=0.00, real=0.01 secs] 
Total time for which application threads were stopped: 0.0089860 seconds
2012-01-20T16:26:41.208+0000: 1089.321: [GC 1089.321: [ParNew: 27328K->5440K(27328K), 0.0093480 secs] 2016740K->1995593K(4188864K) icms_dc=0 , 0.0094790 secs] [Times: user=0.10 sys=0.00, real=0.01 secs] 
Total time for which application threads were stopped: 0.0098900 seconds
2012-01-20T16:26:42.650+0000: 1090.763: [GC 1090.763: [ParNew: 27328K->5440K(27328K), 0.0095900 secs] 2017481K->1996356K(4188864K) icms_dc=0 , 0.0097150 secs] [Times: user=0.10 sys=0.00, real=0.01 secs] 
Total time for which application threads were stopped: 0.0101120 seconds
2012-01-20T16:26:44.046+0000: 1092.159: [GC 1092.159: [ParNew: 27328K->5440K(27328K), 0.0093290 secs] 2018244K->1997172K(4188864K) icms_dc=0 , 0.0094520 secs] [Times: user=0.10 sys=0.00, real=0.01 secs] 
Total time for which application threads were stopped: 0.0098650 seconds
2012-01-20T16:26:45.537+0000: 1093.650: [GC 1093.650: [ParNew: 27328K->5356K(27328K), 0.0070420 secs] 2019060K->1997088K(4188864K) icms_dc=0 , 0.0071570 secs] [Times: user=0.08 sys=0.00, real=0.00 secs] 
Total time for which application threads were stopped: 0.0074980 seconds
2012-01-20T16:26:46.907+0000: 1095.020: [GC 1095.020: [ParNew: 27244K->5440K(27328K), 0.0078260 secs] 2018976K->1997570K(4188864K) icms_dc=0 , 0.0079480 secs] [Times: user=0.08 sys=0.01, real=0.00 secs] 
Total time for which application threads were stopped: 0.0091240 seconds
Total time for which application threads were stopped: 0.0001550 seconds
2012-01-20T16:26:48.441+0000: 1096.554: [GC 1096.554: [ParNew: 27328K->5440K(27328K), 0.0082680 secs] 2019458K->1998083K(4188864K) icms_dc=0 , 0.0083970 secs] [Times: user=0.09 sys=0.01, real=0.01 secs] 
Total time for which application threads were stopped: 0.0087880 seconds
2012-01-20T16:26:50.082+0000: 1098.195: [GC 1098.195: [ParNew: 27328K->5440K(27328K), 0.0089530 secs] 2019971K->1998666K(4188864K) icms_dc=0 , 0.0090750 secs] [Times: user=0.09 sys=0.01, real=0.01 secs] 
Total time for which application threads were stopped: 0.0094410 seconds
2012-01-20T16:26:51.480+0000: 1099.593: [GC 1099.593: [ParNew: 27328K->5440K(27328K), 0.0081220 secs] 2020554K->1999000K(4188864K) icms_dc=0 , 0.0082450 secs] [Times: user=0.09 sys=0.00, real=0.01 secs] 
Total time for which application threads were stopped: 0.0086130 seconds
2012-01-20T16:26:52.797+0000: 1100.910: [GC 1100.910: [ParNew: 27328K->5440K(27328K), 0.0084530 secs] 2020888K->1999539K(4188864K) icms_dc=0 , 0.0085770 secs] [Times: user=0.08 sys=0.00, real=0.01 secs] 
Total time for which application threads were stopped: 0.0089530 seconds
2012-01-20T16:26:54.352+0000: 1102.465: [GC 1102.465: [ParNew: 27328K->5440K(27328K), 0.0092350 secs] 2021427K->2000323K(4188864K) icms_dc=0 , 0.0093620 secs] [Times: user=0.09 sys=0.00, real=0.01 secs] 
Total time for which application threads were stopped: 0.0097080 seconds
2012-01-20T16:26:55.944+0000: 1104.057: [GC 1104.057: [ParNew: 27328K->5440K(27328K), 0.0102000 secs] 2022211K->2001333K(4188864K) icms_dc=0 , 0.0103240 secs] [Times: user=0.09 sys=0.01, real=0.01 secs] 
Total time for which application threads were stopped: 0.0106830 seconds
Total time for which application threads were stopped: 0.0002680 seconds
2012-01-20T16:26:57.351+0000: 1105.464: [GC 1105.465: [ParNew: 27328K->5440K(27328K), 0.0087810 secs] 2023221K->2002127K(4188864K) icms_dc=0 , 0.0089080 secs] [Times: user=0.09 sys=0.00, real=0.01 secs] 
Total time for which application threads were stopped: 0.0091100 seconds
2012-01-20T16:26:58.783+0000: 1106.896: [GC 1106.897: [ParNew: 27328K->5440K(27328K), 0.0088230 secs] 2024015K->2002754K(4188864K) icms_dc=0 , 0.0089440 secs] [Times: user=0.08 sys=0.00, real=0.01 secs] 
Total time for which application threads were stopped: 0.0092900 seconds
2012-01-20T16:27:00.270+0000: 1108.384: [GC 1108.384: [ParNew: 27328K->5440K(27328K), 0.0066980 secs] 2024642K->2002922K(4188864K) icms_dc=0 , 0.0068210 secs] [Times: user=0.08 sys=0.00, real=0.00 secs] 
Total time for which application threads were stopped: 0.0072300 seconds
2012-01-20T16:27:01.639+0000: 1109.752: [GC 1109.752: [ParNew: 27328K->5440K(27328K), 0.0082800 secs] 2024810K->2003602K(4188864K) icms_dc=0 , 0.0084010 secs] [Times: user=0.09 sys=0.00, real=0.00 secs] 
Total time for which application threads were stopped: 0.0087450 seconds
2012-01-20T16:27:03.056+0000: 1111.169: [GC 1111.169: [ParNew: 27328K->5440K(27328K), 0.0081650 secs] 2025490K->2004120K(4188864K) icms_dc=0 , 0.0082900 secs] [Times: user=0.09 sys=0.01, real=0.01 secs] 
Total time for which application threads were stopped: 0.0086330 seconds
2012-01-20T16:27:04.514+0000: 1112.627: [GC 1112.627: [ParNew: 27328K->5440K(27328K), 0.0116680 secs] 2026008K->2005268K(4188864K) icms_dc=0 , 0.0117940 secs] [Times: user=0.11 sys=0.00, real=0.01 secs] 
Total time for which application threads were stopped: 0.0121750 seconds
2012-01-20T16:27:05.908+0000: 1114.022: [GC 1114.022: [ParNew: 27328K->5440K(27328K), 0.0114890 secs] 2027156K->2006270K(4188864K) icms_dc=0 , 0.0116140 secs] [Times: user=0.10 sys=0.01, real=0.02 secs] 
Total time for which application threads were stopped: 0.0119740 seconds
Total time for which application threads were stopped: 0.0002370 seconds
2012-01-20T16:27:07.319+0000: 1115.432: [GC 1115.432: [ParNew: 27328K->5440K(27328K), 0.0084160 secs] 2028158K->2007175K(4188864K) icms_dc=0 , 0.0085430 secs] [Times: user=0.09 sys=0.00, real=0.00 secs] 
Total time for which application threads were stopped: 0.0087990 seconds
2012-01-20T16:27:08.877+0000: 1116.991: [GC 1116.991: [ParNew: 27328K->5440K(27328K), 0.0070220 secs] 2029063K->2007254K(4188864K) icms_dc=0 , 0.0071370 secs] [Times: user=0.08 sys=0.00, real=0.01 secs] 
Total time for which application threads were stopped: 0.0074830 seconds
2012-01-20T16:27:10.320+0000: 1118.433: [GC 1118.433: [ParNew: 27328K->5440K(27328K), 0.0102340 secs] 2029142K->2008565K(4188864K) icms_dc=0 , 0.0103620 secs] [Times: user=0.09 sys=0.00, real=0.01 secs] 
Total time for which application threads were stopped: 0.0107880 seconds
2012-01-20T16:27:11.835+0000: 1119.948: [GC 1119.948: [ParNew: 27328K->5440K(27328K), 0.0067880 secs] 2030453K->2008567K(4188864K) icms_dc=0 , 0.0069050 secs] [Times: user=0.08 sys=0.00, real=0.01 secs] 
Total time for which application threads were stopped: 0.0072690 seconds
2012-01-20T16:27:13.328+0000: 1121.441: [GC 1121.441: [ParNew: 27328K->5440K(27328K), 0.0077600 secs] 2030455K->2008933K(4188864K) icms_dc=0 , 0.0078790 secs] [Times: user=0.09 sys=0.00, real=0.01 secs] 
Total time for which application threads were stopped: 0.0082720 seconds
2012-01-20T16:27:14.800+0000: 1122.913: [GC 1122.913: [ParNew: 27328K->5440K(27328K), 0.0074920 secs] 2030821K->2009223K(4188864K) icms_dc=0 , 0.0076100 secs] [Times: user=0.08 sys=0.00, real=0.00 secs] 
Total time for which application threads were stopped: 0.0080090 seconds
2012-01-20T16:27:16.186+0000: 1124.300: [GC 1124.300: [ParNew: 27328K->5440K(27328K), 0.0079820 secs] 2031111K->2009478K(4188864K) icms_dc=0 , 0.0081130 secs] [Times: user=0.08 sys=0.01, real=0.01 secs] 
Total time for which application threads were stopped: 0.0085000 seconds
Total time for which application threads were stopped: 0.0002630 seconds
2012-01-20T16:27:17.570+0000: 1125.683: [GC 1125.683: [ParNew: 27328K->5440K(27328K), 0.0087200 secs] 2031366K->2009931K(4188864K) icms_dc=0 , 0.0088530 secs] [Times: user=0.09 sys=0.00, real=0.01 secs] 
Total time for which application threads were stopped: 0.0090650 seconds
2012-01-20T16:27:18.978+0000: 1127.091: [GC 1127.091: [ParNew: 27328K->5440K(27328K), 0.0073610 secs] 2031819K->2010026K(4188864K) icms_dc=0 , 0.0074870 secs] [Times: user=0.08 sys=0.00, real=0.01 secs] 
Total time for which application threads were stopped: 0.0079150 seconds
2012-01-20T16:27:20.635+0000: 1128.748: [GC 1128.748: [ParNew: 27328K->5440K(27328K), 0.0103900 secs] 2031914K->2010977K(4188864K) icms_dc=0 , 0.0105170 secs] [Times: user=0.09 sys=0.01, real=0.01 secs] 
Total time for which application threads were stopped: 0.0110380 seconds
2012-01-20T16:27:22.142+0000: 1130.255: [GC 1130.255: [ParNew: 27328K->5440K(27328K), 0.0078440 secs] 2032865K->2011231K(4188864K) icms_dc=0 , 0.0079660 secs] [Times: user=0.09 sys=0.00, real=0.01 secs] 
Total time for which application threads were stopped: 0.0083370 seconds
2012-01-20T16:27:23.770+0000: 1131.883: [GC 1131.884: [ParNew: 27328K->5440K(27328K), 0.0092560 secs] 2033119K->2011989K(4188864K) icms_dc=0 , 0.0093820 secs] [Times: user=0.09 sys=0.01, real=0.01 secs] 
Total time for which application threads were stopped: 0.0097700 seconds
2012-01-20T16:27:25.165+0000: 1133.279: [GC 1133.279: [ParNew: 27328K->5440K(27328K), 0.0071490 secs] 2033877K->2012139K(4188864K) icms_dc=0 , 0.0072750 secs] [Times: user=0.08 sys=0.00, real=0.01 secs] 
Total time for which application threads were stopped: 0.0076920 seconds
2012-01-20T16:27:26.658+0000: 1134.772: [GC 1134.772: [ParNew: 27328K->5440K(27328K), 0.0090190 secs] 2034027K->2012918K(4188864K) icms_dc=0 , 0.0091400 secs] [Times: user=0.09 sys=0.00, real=0.01 secs] 
Total time for which application threads were stopped: 0.0095040 seconds
Total time for which application threads were stopped: 0.0001370 seconds
2012-01-20T16:27:28.089+0000: 1136.202: [GC 1136.202: [ParNew: 27328K->5440K(27328K), 0.0062840 secs] 2034806K->2012920K(4188864K) icms_dc=0 , 0.0064040 secs] [Times: user=0.07 sys=0.00, real=0.01 secs] 
Total time for which application threads were stopped: 0.0067550 seconds
2012-01-20T16:27:29.657+0000: 1137.770: [GC 1137.770: [ParNew: 27328K->5440K(27328K), 0.0074650 secs] 2034808K->2013300K(4188864K) icms_dc=0 , 0.0075850 secs] [Times: user=0.08 sys=0.00, real=0.01 secs] 
Total time for which application threads were stopped: 0.0080180 seconds
2012-01-20T16:27:31.074+0000: 1139.187: [GC 1139.187: [ParNew: 27328K->5440K(27328K), 0.0085890 secs] 2035188K->2013647K(4188864K) icms_dc=0 , 0.0087180 secs] [Times: user=0.09 sys=0.01, real=0.01 secs] 
Total time for which application threads were stopped: 0.0090830 seconds
2012-01-20T16:27:32.415+0000: 1140.528: [GC 1140.528: [ParNew: 27328K->5440K(27328K), 0.0088690 secs] 2035535K->2014251K(4188864K) icms_dc=0 , 0.0089900 secs] [Times: user=0.08 sys=0.01, real=0.01 secs] 
Total time for which application threads were stopped: 0.0093300 seconds
2012-01-20T16:27:34.009+0000: 1142.122: [GC 1142.122: [ParNew: 27328K->5440K(27328K), 0.0078510 secs] 2036139K->2014629K(4188864K) icms_dc=0 , 0.0079770 secs] [Times: user=0.08 sys=0.00, real=0.01 secs] 
Total time for which application threads were stopped: 0.0083490 seconds
2012-01-20T16:27:35.784+0000: 1143.897: [GC 1143.897: [ParNew: 27328K->5440K(27328K), 0.0115140 secs] 2036517K->2015572K(4188864K) icms_dc=0 , 0.0116380 secs] [Times: user=0.10 sys=0.01, real=0.01 secs] 
Total time for which application threads were stopped: 0.0120670 seconds
Total time for which application threads were stopped: 0.0002500 seconds
2012-01-20T16:27:37.345+0000: 1145.458: [GC 1145.458: [ParNew: 27328K->5440K(27328K), 0.0066070 secs] 2037460K->2015574K(4188864K) icms_dc=0 , 0.0067380 secs] [Times: user=0.08 sys=0.00, real=0.00 secs] 
Total time for which application threads were stopped: 0.0070020 seconds
2012-01-20T16:27:38.824+0000: 1146.937: [GC 1146.937: [ParNew: 27328K->5440K(27328K), 0.0087430 secs] 2037462K->2016083K(4188864K) icms_dc=0 , 0.0088560 secs] [Times: user=0.09 sys=0.01, real=0.01 secs] 
Total time for which application threads were stopped: 0.0092160 seconds
2012-01-20T16:27:40.395+0000: 1148.508: [GC 1148.508: [ParNew: 27328K->5440K(27328K), 0.0078050 secs] 2037971K->2016606K(4188864K) icms_dc=0 , 0.0079250 secs] [Times: user=0.08 sys=0.00, real=0.01 secs] 
Total time for which application threads were stopped: 0.0083020 seconds
2012-01-20T16:27:41.878+0000: 1149.991: [GC 1149.991: [ParNew: 27328K->5440K(27328K), 0.0109510 secs] 2038494K->2017095K(4188864K) icms_dc=0 , 0.0111130 secs] [Times: user=0.12 sys=0.01, real=0.01 secs] 
Total time for which application threads were stopped: 0.0115090 seconds
2012-01-20T16:27:43.351+0000: 1151.464: [GC 1151.464: [ParNew: 27328K->5440K(27328K), 0.0076190 secs] 2038983K->2017357K(4188864K) icms_dc=0 , 0.0077390 secs] [Times: user=0.09 sys=0.00, real=0.01 secs] 
Total time for which application threads were stopped: 0.0081450 seconds
2012-01-20T16:27:44.783+0000: 1152.896: [GC 1152.896: [ParNew: 27328K->5440K(27328K), 0.0080780 secs] 2039245K->2017797K(4188864K) icms_dc=0 , 0.0082030 secs] [Times: user=0.08 sys=0.01, real=0.01 secs] 
Total time for which application threads were stopped: 0.0085520 seconds
2012-01-20T16:27:46.160+0000: 1154.273: [GC 1154.274: [ParNew: 27328K->5440K(27328K), 0.0074800 secs] 2039685K->2018071K(4188864K) icms_dc=0 , 0.0076010 secs] [Times: user=0.08 sys=0.00, real=0.01 secs] 
Total time for which application threads were stopped: 0.0079750 seconds
Total time for which application threads were stopped: 0.0002490 seconds
2012-01-20T16:27:47.643+0000: 1155.756: [GC 1155.756: [ParNew: 27328K->5440K(27328K), 0.0083680 secs] 2039959K->2018456K(4188864K) icms_dc=0 , 0.0084990 secs] [Times: user=0.09 sys=0.00, real=0.01 secs] 
Total time for which application threads were stopped: 0.0087030 seconds
2012-01-20T16:27:49.094+0000: 1157.207: [GC 1157.208: [ParNew: 27328K->5440K(27328K), 0.0102920 secs] 2040344K->2019136K(4188864K) icms_dc=0 , 0.0104260 secs] [Times: user=0.11 sys=0.00, real=0.01 secs] 
Total time for which application threads were stopped: 0.0108060 seconds
2012-01-20T16:27:50.527+0000: 1158.641: [GC 1158.641: [ParNew: 27328K->5440K(27328K), 0.0092440 secs] 2041024K->2020075K(4188864K) icms_dc=0 , 0.0093730 secs] [Times: user=0.08 sys=0.01, real=0.01 secs] 
Total time for which application threads were stopped: 0.0097880 seconds
2012-01-20T16:27:52.173+0000: 1160.286: [GC 1160.286: [ParNew: 27328K->5440K(27328K), 0.0068560 secs] 2041963K->2020241K(4188864K) icms_dc=0 , 0.0069740 secs] [Times: user=0.07 sys=0.01, real=0.01 secs] 
Total time for which application threads were stopped: 0.0073190 seconds
2012-01-20T16:27:53.616+0000: 1161.729: [GC 1161.729: [ParNew: 27328K->5440K(27328K), 0.0099820 secs] 2042129K->2021247K(4188864K) icms_dc=0 , 0.0101070 secs] [Times: user=0.08 sys=0.00, real=0.01 secs] 
Total time for which application threads were stopped: 0.0104870 seconds
2012-01-20T16:27:55.024+0000: 1163.137: [GC 1163.137: [ParNew: 27328K->5440K(27328K), 0.0070000 secs] 2043135K->2021334K(4188864K) icms_dc=0 , 0.0071180 secs] [Times: user=0.08 sys=0.00, real=0.00 secs] 
Total time for which application threads were stopped: 0.0075120 seconds
2012-01-20T16:27:56.430+0000: 1164.543: [GC 1164.543: [ParNew: 27328K->5440K(27328K), 0.0104790 secs] 2043222K->2022318K(4188864K) icms_dc=0 , 0.0106080 secs] [Times: user=0.09 sys=0.00, real=0.01 secs] 
Total time for which application threads were stopped: 0.0109590 seconds
Total time for which application threads were stopped: 0.0002440 seconds
2012-01-20T16:27:57.895+0000: 1166.009: [GC 1166.009: [ParNew: 27328K->5440K(27328K), 0.0090330 secs] 2044206K->2023162K(4188864K) icms_dc=0 , 0.0091600 secs] [Times: user=0.09 sys=0.00, real=0.00 secs] 
Total time for which application threads were stopped: 0.0095300 seconds
2012-01-20T16:27:59.272+0000: 1167.385: [GC 1167.386: [ParNew: 27328K->5440K(27328K), 0.0077110 secs] 2045050K->2023625K(4188864K) icms_dc=0 , 0.0078360 secs] [Times: user=0.08 sys=0.00, real=0.01 secs] 
Total time for which application threads were stopped: 0.0081970 seconds
2012-01-20T16:28:00.869+0000: 1168.982: [GC 1168.983: [ParNew: 27328K->5440K(27328K), 0.0088380 secs] 2045513K->2024446K(4188864K) icms_dc=0 , 0.0089670 secs] [Times: user=0.09 sys=0.01, real=0.01 secs] 
Total time for which application threads were stopped: 0.0093280 seconds
2012-01-20T16:28:02.491+0000: 1170.604: [GC 1170.604: [ParNew: 27328K->5440K(27328K), 0.0064630 secs] 2046334K->2024486K(4188864K) icms_dc=0 , 0.0065830 secs] [Times: user=0.06 sys=0.01, real=0.01 secs] 
Total time for which application threads were stopped: 0.0070100 seconds
2012-01-20T16:28:04.102+0000: 1172.215: [GC 1172.215: [ParNew: 27328K->5440K(27328K), 0.0095480 secs] 2046374K->2025225K(4188864K) icms_dc=0 , 0.0096720 secs] [Times: user=0.09 sys=0.00, real=0.01 secs] 
Total time for which application threads were stopped: 0.0100690 seconds
2012-01-20T16:28:05.600+0000: 1173.713: [GC 1173.713: [ParNew: 27328K->5440K(27328K), 0.0064730 secs] 2047113K->2025229K(4188864K) icms_dc=0 , 0.0065890 secs] [Times: user=0.07 sys=0.00, real=0.01 secs] 
Total time for which application threads were stopped: 0.0069320 seconds
2012-01-20T16:28:06.885+0000: 1174.998: [GC 1174.998: [ParNew: 27328K->5440K(27328K), 0.0077560 secs] 2047117K->2025701K(4188864K) icms_dc=0 , 0.0078750 secs] [Times: user=0.07 sys=0.01, real=0.01 secs] 
Total time for which application threads were stopped: 0.0083020 seconds
Total time for which application threads were stopped: 0.0001340 seconds
2012-01-20T16:28:08.153+0000: 1176.266: [GC 1176.266: [ParNew: 27328K->5440K(27328K), 0.0074360 secs] 2047589K->2026069K(4188864K) icms_dc=0 , 0.0075560 secs] [Times: user=0.07 sys=0.00, real=0.01 secs] 
Total time for which application threads were stopped: 0.0078960 seconds
2012-01-20T16:28:09.724+0000: 1177.837: [GC 1177.837: [ParNew: 27328K->5009K(27328K), 0.0068010 secs] 2047957K->2025817K(4188864K) icms_dc=0 , 0.0069220 secs] [Times: user=0.08 sys=0.00, real=0.01 secs] 
Total time for which application threads were stopped: 0.0072760 seconds
2012-01-20T16:28:11.202+0000: 1179.315: [GC 1179.315: [ParNew: 26897K->5440K(27328K), 0.0069550 secs] 2047705K->2026460K(4188864K) icms_dc=0 , 0.0070730 secs] [Times: user=0.08 sys=0.00, real=0.01 secs] 
Total time for which application threads were stopped: 0.0074230 seconds
2012-01-20T16:28:12.680+0000: 1180.793: [GC 1180.793: [ParNew: 27328K->5440K(27328K), 0.0065560 secs] 2048348K->2026649K(4188864K) icms_dc=0 , 0.0066750 secs] [Times: user=0.07 sys=0.00, real=0.01 secs] 
Total time for which application threads were stopped: 0.0070310 seconds
2012-01-20T16:28:14.178+0000: 1182.291: [GC 1182.291: [ParNew: 27328K->5440K(27328K), 0.0065380 secs] 2048537K->2026797K(4188864K) icms_dc=0 , 0.0066730 secs] [Times: user=0.07 sys=0.00, real=0.00 secs] 
Total time for which application threads were stopped: 0.0070760 seconds
2012-01-20T16:28:15.749+0000: 1183.862: [GC 1183.863: [ParNew: 27328K->5199K(27328K), 0.0073490 secs] 2048685K->2026803K(4188864K) icms_dc=0 , 0.0074700 secs] [Times: user=0.08 sys=0.00, real=0.00 secs] 
Total time for which application threads were stopped: 0.0078190 seconds
Total time for which application threads were stopped: 0.0002580 seconds
2012-01-20T16:28:17.402+0000: 1185.515: [GC 1185.516: [ParNew: 27087K->5440K(27328K), 0.0078380 secs] 2048691K->2027327K(4188864K) icms_dc=0 , 0.0079600 secs] [Times: user=0.09 sys=0.00, real=0.01 secs] 
Total time for which application threads were stopped: 0.0081610 seconds
2012-01-20T16:28:18.894+0000: 1187.008: [GC 1187.008: [ParNew: 27328K->4906K(27328K), 0.0069240 secs] 2049215K->2026979K(4188864K) icms_dc=0 , 0.0070690 secs] [Times: user=0.07 sys=0.01, real=0.01 secs] 
Total time for which application threads were stopped: 0.0074610 seconds
2012-01-20T16:28:20.586+0000: 1188.699: [GC 1188.699: [ParNew: 26794K->5440K(27328K), 0.0071440 secs] 2048867K->2027706K(4188864K) icms_dc=0 , 0.0072620 secs] [Times: user=0.08 sys=0.00, real=0.01 secs] 
Total time for which application threads were stopped: 0.0076410 seconds
2012-01-20T16:28:22.016+0000: 1190.130: [GC 1190.130: [ParNew: 27328K->5440K(27328K), 0.0067430 secs] 2049594K->2027808K(4188864K) icms_dc=0 , 0.0068580 secs] [Times: user=0.08 sys=0.00, real=0.01 secs] 
Total time for which application threads were stopped: 0.0072520 seconds
2012-01-20T16:28:23.384+0000: 1191.498: [GC 1191.498: [ParNew: 27328K->5440K(27328K), 0.0068170 secs] 2049696K->2028049K(4188864K) icms_dc=0 , 0.0069420 secs] [Times: user=0.08 sys=0.00, real=0.01 secs] 
Total time for which application threads were stopped: 0.0073460 seconds
2012-01-20T16:28:24.769+0000: 1192.883: [GC 1192.883: [ParNew: 27328K->5440K(27328K), 0.0066840 secs] 2049937K->2028158K(4188864K) icms_dc=0 , 0.0068020 secs] [Times: user=0.08 sys=0.00, real=0.00 secs] 
Total time for which application threads were stopped: 0.0072650 seconds
2012-01-20T16:28:26.048+0000: 1194.161: [GC 1194.161: [ParNew: 27328K->5440K(27328K), 0.0078330 secs] 2050046K->2028553K(4188864K) icms_dc=0 , 0.0079580 secs] [Times: user=0.08 sys=0.00, real=0.00 secs] 
Total time for which application threads were stopped: 0.0083870 seconds
Total time for which application threads were stopped: 0.0003330 seconds
2012-01-20T16:28:27.367+0000: 1195.480: [GC 1195.480: [ParNew: 27328K->5265K(27328K), 0.0066740 secs] 2050441K->2028379K(4188864K) icms_dc=0 , 0.0067930 secs] [Times: user=0.08 sys=0.01, real=0.01 secs] 
Total time for which application threads were stopped: 0.0070080 seconds
2012-01-20T16:28:28.805+0000: 1196.918: [GC 1196.918: [ParNew: 27153K->5440K(27328K), 0.0076310 secs] 2050267K->2028850K(4188864K) icms_dc=0 , 0.0077510 secs] [Times: user=0.09 sys=0.00, real=0.01 secs] 
Total time for which application threads were stopped: 0.0081250 seconds
2012-01-20T16:28:30.167+0000: 1198.280: [GC 1198.281: [ParNew: 27328K->5440K(27328K), 0.0069460 secs] 2050738K->2028979K(4188864K) icms_dc=0 , 0.0070690 secs] [Times: user=0.07 sys=0.01, real=0.01 secs] 
Total time for which application threads were stopped: 0.0074910 seconds
2012-01-20T16:28:31.681+0000: 1199.794: [GC 1199.794: [ParNew: 27328K->5152K(27328K), 0.0078030 secs] 2050867K->2028978K(4188864K) icms_dc=0 , 0.0079250 secs] [Times: user=0.09 sys=0.00, real=0.01 secs] 
Total time for which application threads were stopped: 0.0082710 seconds
2012-01-20T16:28:33.183+0000: 1201.296: [GC 1201.296: [ParNew: 27040K->5440K(27328K), 0.0067290 secs] 2050866K->2029395K(4188864K) icms_dc=0 , 0.0068470 secs] [Times: user=0.07 sys=0.01, real=0.01 secs] 
Total time for which application threads were stopped: 0.0072580 seconds
2012-01-20T16:28:34.741+0000: 1202.854: [GC 1202.854: [ParNew: 27328K->5440K(27328K), 0.0083730 secs] 2051283K->2029634K(4188864K) icms_dc=0 , 0.0084920 secs] [Times: user=0.08 sys=0.01, real=0.01 secs] 
Total time for which application threads were stopped: 0.0088520 seconds
2012-01-20T16:28:36.199+0000: 1204.312: [GC 1204.312: [ParNew: 27328K->5440K(27328K), 0.0085390 secs] 2051522K->2030177K(4188864K) icms_dc=0 , 0.0086640 secs] [Times: user=0.09 sys=0.00, real=0.01 secs] 
Total time for which application threads were stopped: 0.0090380 seconds
Total time for which application threads were stopped: 0.0003350 seconds
2012-01-20T16:28:37.497+0000: 1205.610: [GC 1205.610: [ParNew: 27328K->5440K(27328K), 0.0081600 secs] 2052065K->2030727K(4188864K) icms_dc=0 , 0.0082840 secs] [Times: user=0.08 sys=0.00, real=0.01 secs] 
Total time for which application threads were stopped: 0.0084900 seconds
2012-01-20T16:28:38.866+0000: 1206.979: [GC 1206.979: [ParNew: 27328K->5440K(27328K), 0.0090600 secs] 2052615K->2031368K(4188864K) icms_dc=0 , 0.0091800 secs] [Times: user=0.09 sys=0.00, real=0.01 secs] 
Total time for which application threads were stopped: 0.0095320 seconds
2012-01-20T16:28:40.317+0000: 1208.430: [GC 1208.430: [ParNew: 27328K->5440K(27328K), 0.0067170 secs] 2053256K->2031499K(4188864K) icms_dc=0 , 0.0068370 secs] [Times: user=0.07 sys=0.00, real=0.01 secs] 
Total time for which application threads were stopped: 0.0072090 seconds
2012-01-20T16:28:41.780+0000: 1209.893: [GC 1209.893: [ParNew: 27328K->5440K(27328K), 0.0091130 secs] 2053387K->2032069K(4188864K) icms_dc=0 , 0.0092380 secs] [Times: user=0.08 sys=0.00, real=0.00 secs] 
Total time for which application threads were stopped: 0.0095790 seconds
2012-01-20T16:28:43.231+0000: 1211.344: [GC 1211.344: [ParNew: 27328K->5440K(27328K), 0.0106740 secs] 2053957K->2032889K(4188864K) icms_dc=0 , 0.0107970 secs] [Times: user=0.11 sys=0.01, real=0.01 secs] 
Total time for which application threads were stopped: 0.0111310 seconds
2012-01-20T16:28:44.568+0000: 1212.681: [GC 1212.681: [ParNew: 27328K->5440K(27328K), 0.0081270 secs] 2054777K->2033441K(4188864K) icms_dc=0 , 0.0082510 secs] [Times: user=0.08 sys=0.00, real=0.01 secs] 
Total time for which application threads were stopped: 0.0086560 seconds
Total time for which application threads were stopped: 0.0003230 seconds
2012-01-20T16:28:45.923+0000: 1214.036: [GC 1214.036: [ParNew: 27328K->5440K(27328K), 0.0079760 secs] 2055329K->2033987K(4188864K) icms_dc=0 , 0.0080970 secs] [Times: user=0.08 sys=0.01, real=0.01 secs] 
Total time for which application threads were stopped: 0.0085180 seconds
Total time for which application threads were stopped: 0.0002650 seconds
2012-01-20T16:28:47.560+0000: 1215.673: [GC 1215.673: [ParNew: 27328K->5440K(27328K), 0.0106570 secs] 2055875K->2034587K(4188864K) icms_dc=0 , 0.0107860 secs] [Times: user=0.12 sys=0.00, real=0.01 secs] 
Total time for which application threads were stopped: 0.0109990 seconds
2012-01-20T16:28:49.128+0000: 1217.241: [GC 1217.241: [ParNew: 27328K->5440K(27328K), 0.0090370 secs] 2056475K->2035346K(4188864K) icms_dc=0 , 0.0091610 secs] [Times: user=0.09 sys=0.00, real=0.01 secs] 
Total time for which application threads were stopped: 0.0095990 seconds
2012-01-20T16:28:50.770+0000: 1218.883: [GC 1218.883: [ParNew: 27328K->5440K(27328K), 0.0093680 secs] 2057234K->2036117K(4188864K) icms_dc=0 , 0.0094920 secs] [Times: user=0.09 sys=0.00, real=0.01 secs] 
Total time for which application threads were stopped: 0.0099150 seconds
2012-01-20T16:28:52.083+0000: 1220.196: [GC 1220.196: [ParNew: 27328K->5440K(27328K), 0.0077200 secs] 2058005K->2036587K(4188864K) icms_dc=0 , 0.0078380 secs] [Times: user=0.08 sys=0.01, real=0.01 secs] 
Total time for which application threads were stopped: 0.0081910 seconds
2012-01-20T16:28:53.396+0000: 1221.509: [GC 1221.509: [ParNew: 26920K->5440K(27328K), 0.0088060 secs] 2058068K->2037270K(4188864K) icms_dc=0 , 0.0089320 secs] [Times: user=0.09 sys=0.01, real=0.01 secs] 
Total time for which application threads were stopped: 0.0093220 seconds
2012-01-20T16:28:54.868+0000: 1222.981: [GC 1222.981: [ParNew: 27328K->5440K(27328K), 0.0094860 secs] 2059158K->2038304K(4188864K) icms_dc=0 , 0.0096110 secs] [Times: user=0.10 sys=0.00, real=0.01 secs] 
Total time for which application threads were stopped: 0.0100120 seconds
2012-01-20T16:28:56.230+0000: 1224.343: [GC 1224.343: [ParNew: 27328K->5440K(27328K), 0.0076630 secs] 2060192K->2038539K(4188864K) icms_dc=0 , 0.0077840 secs] [Times: user=0.09 sys=0.00, real=0.01 secs] 
Total time for which application threads were stopped: 0.0081630 seconds
Total time for which application threads were stopped: 0.0002540 seconds
2012-01-20T16:28:57.651+0000: 1225.764: [GC 1225.764: [ParNew: 27328K->5440K(27328K), 0.0108660 secs] 2060427K->2039667K(4188864K) icms_dc=0 , 0.0109910 secs] [Times: user=0.10 sys=0.00, real=0.02 secs] 
Total time for which application threads were stopped: 0.0112690 seconds
2012-01-20T16:28:59.090+0000: 1227.204: [GC 1227.204: [ParNew: 27328K->5440K(27328K), 0.0065250 secs] 2061555K->2039726K(4188864K) icms_dc=0 , 0.0066510 secs] [Times: user=0.08 sys=0.00, real=0.01 secs] 
Total time for which application threads were stopped: 0.0070090 seconds
2012-01-20T16:29:00.445+0000: 1228.558: [GC 1228.558: [ParNew: 27328K->5440K(27328K), 0.0082920 secs] 2061614K->2040413K(4188864K) icms_dc=0 , 0.0084180 secs] [Times: user=0.09 sys=0.01, real=0.01 secs] 
Total time for which application threads were stopped: 0.0087990 seconds
2012-01-20T16:29:01.832+0000: 1229.946: [GC 1229.946: [ParNew: 27328K->5440K(27328K), 0.0091770 secs] 2062301K->2041259K(4188864K) icms_dc=0 , 0.0093040 secs] [Times: user=0.08 sys=0.00, real=0.00 secs] 
Total time for which application threads were stopped: 0.0097110 seconds
2012-01-20T16:29:03.412+0000: 1231.525: [GC 1231.525: [ParNew: 27328K->5440K(27328K), 0.0070050 secs] 2063147K->2041280K(4188864K) icms_dc=0 , 0.0071230 secs] [Times: user=0.08 sys=0.00, real=0.01 secs] 
Total time for which application threads were stopped: 0.0075570 seconds
2012-01-20T16:29:04.751+0000: 1232.864: [GC 1232.864: [ParNew: 27328K->5440K(27328K), 0.0096750 secs] 2063168K->2041997K(4188864K) icms_dc=0 , 0.0098000 secs] [Times: user=0.09 sys=0.00, real=0.01 secs] 
Total time for which application threads were stopped: 0.0102570 seconds
2012-01-20T16:29:06.130+0000: 1234.243: [GC 1234.243: [ParNew: 27328K->5440K(27328K), 0.0069140 secs] 2063885K->2041997K(4188864K) icms_dc=0 , 0.0070290 secs] [Times: user=0.08 sys=0.01, real=0.01 secs] 
Total time for which application threads were stopped: 0.0073760 seconds
Total time for which application threads were stopped: 0.0003250 seconds
2012-01-20T16:29:07.721+0000: 1235.834: [GC 1235.834: [ParNew: 27328K->5440K(27328K), 0.0083220 secs] 2063885K->2042565K(4188864K) icms_dc=0 , 0.0084470 secs] [Times: user=0.09 sys=0.01, real=0.01 secs] 
Total time for which application threads were stopped: 0.0086460 seconds
2012-01-20T16:29:09.221+0000: 1237.335: [GC 1237.335: [ParNew: 27328K->5440K(27328K), 0.0069300 secs] 2064453K->2042642K(4188864K) icms_dc=0 , 0.0070590 secs] [Times: user=0.09 sys=0.00, real=0.01 secs] 
Total time for which application threads were stopped: 0.0074210 seconds
2012-01-20T16:29:10.638+0000: 1238.751: [GC 1238.751: [ParNew: 27328K->5440K(27328K), 0.0096230 secs] 2064530K->2043259K(4188864K) icms_dc=0 , 0.0097450 secs] [Times: user=0.10 sys=0.00, real=0.01 secs] 
Total time for which application threads were stopped: 0.0100930 seconds
2012-01-20T16:29:12.174+0000: 1240.287: [GC 1240.287: [ParNew: 27328K->5440K(27328K), 0.0088350 secs] 2065147K->2043985K(4188864K) icms_dc=0 , 0.0089590 secs] [Times: user=0.09 sys=0.00, real=0.01 secs] 
Total time for which application threads were stopped: 0.0093190 seconds
2012-01-20T16:29:13.681+0000: 1241.794: [GC 1241.794: [ParNew: 27328K->5203K(27328K), 0.0067360 secs] 2065873K->2043749K(4188864K) icms_dc=0 , 0.0068520 secs] [Times: user=0.08 sys=0.00, real=0.01 secs] 
Total time for which application threads were stopped: 0.0072030 seconds
2012-01-20T16:29:15.274+0000: 1243.387: [GC 1243.387: [ParNew: 27091K->5440K(27328K), 0.0093180 secs] 2065637K->2044169K(4188864K) icms_dc=0 , 0.0094260 secs] [Times: user=0.09 sys=0.00, real=0.00 secs] 
Total time for which application threads were stopped: 0.0098270 seconds
2012-01-20T16:29:16.725+0000: 1244.838: [GC 1244.838: [ParNew: 27328K->5440K(27328K), 0.0085310 secs] 2066057K->2044785K(4188864K) icms_dc=0 , 0.0086530 secs] [Times: user=0.08 sys=0.01, real=0.00 secs] 
Total time for which application threads were stopped: 0.0090440 seconds
Total time for which application threads were stopped: 0.0003410 seconds
2012-01-20T16:29:18.192+0000: 1246.306: [GC 1246.306: [ParNew: 27328K->5038K(27328K), 0.0075780 secs] 2066673K->2044663K(4188864K) icms_dc=0 , 0.0077040 secs] [Times: user=0.07 sys=0.00, real=0.01 secs] 
Total time for which application threads were stopped: 0.0080880 seconds
2012-01-20T16:29:19.685+0000: 1247.799: [GC 1247.799: [ParNew: 26926K->5440K(27328K), 0.0078070 secs] 2066551K->2045208K(4188864K) icms_dc=0 , 0.0079280 secs] [Times: user=0.08 sys=0.00, real=0.00 secs] 
Total time for which application threads were stopped: 0.0083150 seconds
2012-01-20T16:29:21.263+0000: 1249.376: [GC 1249.376: [ParNew: 27328K->5132K(27328K), 0.0065470 secs] 2067096K->2045041K(4188864K) icms_dc=0 , 0.0066660 secs] [Times: user=0.07 sys=0.00, real=0.01 secs] 
Total time for which application threads were stopped: 0.0070630 seconds
2012-01-20T16:29:22.731+0000: 1250.844: [GC 1250.844: [ParNew: 27020K->5440K(27328K), 0.0071150 secs] 2066929K->2045627K(4188864K) icms_dc=0 , 0.0072380 secs] [Times: user=0.08 sys=0.00, real=0.01 secs] 
Total time for which application threads were stopped: 0.0076710 seconds
2012-01-20T16:29:24.134+0000: 1252.247: [GC 1252.247: [ParNew: 27328K->5055K(27328K), 0.0064160 secs] 2067515K->2045283K(4188864K) icms_dc=0 , 0.0065330 secs] [Times: user=0.07 sys=0.00, real=0.01 secs] 
Total time for which application threads were stopped: 0.0068940 seconds
2012-01-20T16:29:25.560+0000: 1253.673: [GC 1253.673: [ParNew: 26943K->5440K(27328K), 0.0066830 secs] 2067171K->2045737K(4188864K) icms_dc=0 , 0.0068090 secs] [Times: user=0.08 sys=0.00, real=0.01 secs] 
Total time for which application threads were stopped: 0.0073020 seconds
2012-01-20T16:29:27.099+0000: 1255.212: [GC 1255.212: [ParNew: 27328K->5440K(27328K), 0.0067730 secs] 2067625K->2045850K(4188864K) icms_dc=0 , 0.0068900 secs] [Times: user=0.08 sys=0.00, real=0.01 secs] 
Total time for which application threads were stopped: 0.0072450 seconds
Total time for which application threads were stopped: 0.0006860 seconds
2012-01-20T16:29:28.535+0000: 1256.648: [GC 1256.648: [ParNew: 27328K->5440K(27328K), 0.0068900 secs] 2067738K->2045988K(4188864K) icms_dc=0 , 0.0070130 secs] [Times: user=0.08 sys=0.00, real=0.01 secs] 
Total time for which application threads were stopped: 0.0073730 seconds
2012-01-20T16:29:30.058+0000: 1258.171: [GC 1258.171: [ParNew: 27328K->5440K(27328K), 0.0070180 secs] 2067876K->2046180K(4188864K) icms_dc=0 , 0.0071380 secs] [Times: user=0.08 sys=0.00, real=0.00 secs] 
Total time for which application threads were stopped: 0.0075040 seconds
2012-01-20T16:29:31.433+0000: 1259.546: [GC 1259.546: [ParNew: 27328K->5440K(27328K), 0.0105040 secs] 2068068K->2046715K(4188864K) icms_dc=0 , 0.0106310 secs] [Times: user=0.10 sys=0.00, real=0.01 secs] 
Total time for which application threads were stopped: 0.0109830 seconds
2012-01-20T16:29:32.830+0000: 1260.944: [GC 1260.944: [ParNew: 27328K->5440K(27328K), 0.0106010 secs] 2068603K->2047570K(4188864K) icms_dc=0 , 0.0107270 secs] [Times: user=0.09 sys=0.00, real=0.01 secs] 
Total time for which application threads were stopped: 0.0110820 seconds
2012-01-20T16:29:34.323+0000: 1262.436: [GC 1262.436: [ParNew: 27328K->5440K(27328K), 0.0095970 secs] 2069458K->2048450K(4188864K) icms_dc=0 , 0.0097230 secs] [Times: user=0.10 sys=0.00, real=0.01 secs] 
Total time for which application threads were stopped: 0.0100880 seconds
2012-01-20T16:29:35.998+0000: 1264.111: [GC 1264.111: [ParNew: 27328K->5440K(27328K), 0.0074510 secs] 2070338K->2048726K(4188864K) icms_dc=0 , 0.0075730 secs] [Times: user=0.09 sys=0.01, real=0.00 secs] 
Total time for which application threads were stopped: 0.0079210 seconds
Total time for which application threads were stopped: 0.0002330 seconds
2012-01-20T16:29:37.512+0000: 1265.626: [GC 1265.626: [ParNew: 27328K->5440K(27328K), 0.0096100 secs] 2070614K->2049553K(4188864K) icms_dc=0 , 0.0097330 secs] [Times: user=0.09 sys=0.00, real=0.01 secs] 
Total time for which application threads were stopped: 0.0099840 seconds
2012-01-20T16:29:39.110+0000: 1267.223: [GC 1267.223: [ParNew: 27328K->5440K(27328K), 0.0080300 secs] 2071441K->2050110K(4188864K) icms_dc=0 , 0.0081510 secs] [Times: user=0.09 sys=0.01, real=0.01 secs] 
Total time for which application threads were stopped: 0.0085400 seconds
2012-01-20T16:29:40.663+0000: 1268.777: [GC 1268.777: [ParNew: 27328K->5440K(27328K), 0.0081060 secs] 2071998K->2050680K(4188864K) icms_dc=0 , 0.0082290 secs] [Times: user=0.09 sys=0.00, real=0.01 secs] 
Total time for which application threads were stopped: 0.0085940 seconds
2012-01-20T16:29:42.235+0000: 1270.348: [GC 1270.349: [ParNew: 27328K->5440K(27328K), 0.0093650 secs] 2072568K->2051282K(4188864K) icms_dc=0 , 0.0094890 secs] [Times: user=0.10 sys=0.00, real=0.01 secs] 
Total time for which application threads were stopped: 0.0099070 seconds
2012-01-20T16:29:43.907+0000: 1272.021: [GC 1272.021: [ParNew: 27328K->5440K(27328K), 0.0108050 secs] 2073170K->2052537K(4188864K) icms_dc=0 , 0.0109280 secs] [Times: user=0.09 sys=0.00, real=0.01 secs] 
Total time for which application threads were stopped: 0.0113320 seconds
2012-01-20T16:29:45.553+0000: 1273.666: [GC 1273.666: [ParNew: 27328K->5440K(27328K), 0.0070510 secs] 2074425K->2052563K(4188864K) icms_dc=0 , 0.0071700 secs] [Times: user=0.08 sys=0.00, real=0.01 secs] 
Total time for which application threads were stopped: 0.0075450 seconds
2012-01-20T16:29:47.189+0000: 1275.302: [GC 1275.303: [ParNew: 27328K->5440K(27328K), 0.0101990 secs] 2074451K->2053704K(4188864K) icms_dc=0 , 0.0103260 secs] [Times: user=0.09 sys=0.01, real=0.01 secs] 
Total time for which application threads were stopped: 0.0107190 seconds
Total time for which application threads were stopped: 0.0002070 seconds
2012-01-20T16:29:48.623+0000: 1276.737: [GC 1276.737: [ParNew: 27328K->5103K(27328K), 0.0067090 secs] 2075592K->2053367K(4188864K) icms_dc=0 , 0.0068350 secs] [Times: user=0.08 sys=0.00, real=0.01 secs] 
Total time for which application threads were stopped: 0.0072900 seconds
2012-01-20T16:29:49.879+0000: 1277.992: [GC 1277.992: [ParNew: 26991K->5440K(27328K), 0.0077530 secs] 2075255K->2054073K(4188864K) icms_dc=0 , 0.0078770 secs] [Times: user=0.08 sys=0.00, real=0.00 secs] 
Total time for which application threads were stopped: 0.0082510 seconds
2012-01-20T16:29:51.339+0000: 1279.452: [GC 1279.452: [ParNew: 27328K->4959K(27328K), 0.0067450 secs] 2075961K->2053709K(4188864K) icms_dc=0 , 0.0068600 secs] [Times: user=0.07 sys=0.00, real=0.00 secs] 
Total time for which application threads were stopped: 0.0072370 seconds
2012-01-20T16:29:52.815+0000: 1280.928: [GC 1280.928: [ParNew: 26847K->5440K(27328K), 0.0069500 secs] 2075597K->2054356K(4188864K) icms_dc=0 , 0.0070790 secs] [Times: user=0.08 sys=0.00, real=0.01 secs] 
Total time for which application threads were stopped: 0.0074290 seconds
2012-01-20T16:29:54.470+0000: 1282.583: [GC 1282.583: [ParNew: 27328K->5440K(27328K), 0.0072090 secs] 2076244K->2054586K(4188864K) icms_dc=0 , 0.0073380 secs] [Times: user=0.08 sys=0.00, real=0.00 secs] 
Total time for which application threads were stopped: 0.0077540 seconds
2012-01-20T16:29:55.917+0000: 1284.030: [GC 1284.030: [ParNew: 27328K->5440K(27328K), 0.0085690 secs] 2076474K->2054961K(4188864K) icms_dc=0 , 0.0086950 secs] [Times: user=0.09 sys=0.00, real=0.01 secs] 
Total time for which application threads were stopped: 0.0090800 seconds
2012-01-20T16:29:57.296+0000: 1285.409: [GC 1285.409: [ParNew: 27328K->5440K(27328K), 0.0072940 secs] 2076849K->2055289K(4188864K) icms_dc=0 , 0.0074140 secs] [Times: user=0.08 sys=0.00, real=0.01 secs] 
Total time for which application threads were stopped: 0.0078010 seconds
Total time for which application threads were stopped: 0.0011180 seconds
Total time for which application threads were stopped: 0.0001110 seconds
2012-01-20T16:29:58.948+0000: 1287.061: [GC 1287.061: [ParNew: 27328K->5440K(27328K), 0.0097350 secs] 2077177K->2055813K(4188864K) icms_dc=0 , 0.0098660 secs] [Times: user=0.10 sys=0.01, real=0.01 secs] 
Total time for which application threads were stopped: 0.0102220 seconds
Total time for which application threads were stopped: 0.0004670 seconds
2012-01-20T16:30:00.373+0000: 1288.486: [GC 1288.486: [ParNew: 27328K->5438K(27328K), 0.0083840 secs] 2077701K->2056451K(4188864K) icms_dc=0 , 0.0085160 secs] [Times: user=0.08 sys=0.00, real=0.01 secs] 
Total time for which application threads were stopped: 0.0088800 seconds
2012-01-20T16:30:01.881+0000: 1289.994: [GC 1289.994: [ParNew: 27326K->5440K(27328K), 0.0083670 secs] 2078339K->2057158K(4188864K) icms_dc=0 , 0.0084890 secs] [Times: user=0.09 sys=0.00, real=0.01 secs] 
Total time for which application threads were stopped: 0.0088560 seconds
2012-01-20T16:30:03.383+0000: 1291.497: [GC 1291.497: [ParNew: 27328K->5440K(27328K), 0.0080010 secs] 2079046K->2057717K(4188864K) icms_dc=0 , 0.0081320 secs] [Times: user=0.08 sys=0.00, real=0.01 secs] 
Total time for which application threads were stopped: 0.0085410 seconds
2012-01-20T16:30:04.691+0000: 1292.804: [GC 1292.804: [ParNew: 27328K->5440K(27328K), 0.0098750 secs] 2079605K->2058599K(4188864K) icms_dc=0 , 0.0100000 secs] [Times: user=0.09 sys=0.00, real=0.01 secs] 
Total time for which application threads were stopped: 0.0104050 seconds
2012-01-20T16:30:05.957+0000: 1294.070: [GC 1294.070: [ParNew: 27328K->5440K(27328K), 0.0084330 secs] 2080487K->2059172K(4188864K) icms_dc=0 , 0.0085530 secs] [Times: user=0.09 sys=0.00, real=0.01 secs] 
Total time for which application threads were stopped: 0.0089240 seconds
2012-01-20T16:30:07.450+0000: 1295.563: [GC 1295.563: [ParNew: 27328K->5440K(27328K), 0.0078990 secs] 2081060K->2059661K(4188864K) icms_dc=0 , 0.0080240 secs] [Times: user=0.08 sys=0.00, real=0.00 secs] 
Total time for which application threads were stopped: 0.0084860 seconds
Total time for which application threads were stopped: 0.0001700 seconds
2012-01-20T16:30:08.939+0000: 1297.052: [GC 1297.052: [ParNew: 27328K->5440K(27328K), 0.0080420 secs] 2081549K->2060270K(4188864K) icms_dc=0 , 0.0081730 secs] [Times: user=0.09 sys=0.00, real=0.01 secs] 
Total time for which application threads were stopped: 0.0085770 seconds
2012-01-20T16:30:10.452+0000: 1298.565: [GC 1298.565: [ParNew: 27328K->5440K(27328K), 0.0083760 secs] 2082158K->2060755K(4188864K) icms_dc=0 , 0.0085030 secs] [Times: user=0.09 sys=0.01, real=0.01 secs] 
Total time for which application threads were stopped: 0.0088920 seconds
2012-01-20T16:30:11.836+0000: 1299.949: [GC 1299.949: [ParNew: 27328K->5440K(27328K), 0.0089800 secs] 2082643K->2061380K(4188864K) icms_dc=0 , 0.0091030 secs] [Times: user=0.09 sys=0.00, real=0.01 secs] 
Total time for which application threads were stopped: 0.0094650 seconds
2012-01-20T16:30:13.371+0000: 1301.484: [GC 1301.484: [ParNew: 27328K->5440K(27328K), 0.0084520 secs] 2083268K->2061953K(4188864K) icms_dc=0 , 0.0085830 secs] [Times: user=0.08 sys=0.00, real=0.01 secs] 
Total time for which application threads were stopped: 0.0089600 seconds
2012-01-20T16:30:14.842+0000: 1302.955: [GC 1302.955: [ParNew: 27328K->5440K(27328K), 0.0092750 secs] 2083841K->2062507K(4188864K) icms_dc=0 , 0.0094050 secs] [Times: user=0.09 sys=0.00, real=0.01 secs] 
Total time for which application threads were stopped: 0.0098050 seconds
2012-01-20T16:30:16.311+0000: 1304.424: [GC 1304.425: [ParNew: 27328K->5440K(27328K), 0.0081770 secs] 2084395K->2063164K(4188864K) icms_dc=0 , 0.0083080 secs] [Times: user=0.09 sys=0.00, real=0.00 secs] 
Total time for which application threads were stopped: 0.0086870 seconds
Total time for which application threads were stopped: 0.0003370 seconds
2012-01-20T16:30:18.069+0000: 1306.183: [GC 1306.183: [ParNew: 27328K->5440K(27328K), 0.0085680 secs] 2085052K->2063829K(4188864K) icms_dc=0 , 0.0086980 secs] [Times: user=0.09 sys=0.00, real=0.01 secs] 
Total time for which application threads were stopped: 0.0089920 seconds
2012-01-20T16:30:19.492+0000: 1307.605: [GC 1307.606: [ParNew: 27328K->5440K(27328K), 0.0091580 secs] 2085717K->2064286K(4188864K) icms_dc=0 , 0.0092840 secs] [Times: user=0.10 sys=0.01, real=0.01 secs] 
Total time for which application threads were stopped: 0.0096900 seconds
2012-01-20T16:30:20.907+0000: 1309.020: [GC 1309.020: [ParNew: 27328K->5440K(27328K), 0.0079510 secs] 2086174K->2064812K(4188864K) icms_dc=0 , 0.0080780 secs] [Times: user=0.08 sys=0.00, real=0.01 secs] 
Total time for which application threads were stopped: 0.0085390 seconds
2012-01-20T16:30:22.416+0000: 1310.529: [GC 1310.529: [ParNew: 27328K->5440K(27328K), 0.0089270 secs] 2086700K->2065468K(4188864K) icms_dc=0 , 0.0090530 secs] [Times: user=0.10 sys=0.00, real=0.01 secs] 
Total time for which application threads were stopped: 0.0094740 seconds
2012-01-20T16:30:23.848+0000: 1311.962: [GC 1311.962: [ParNew: 27328K->5440K(27328K), 0.0091100 secs] 2087356K->2066012K(4188864K) icms_dc=0 , 0.0092350 secs] [Times: user=0.10 sys=0.00, real=0.01 secs] 
Total time for which application threads were stopped: 0.0096790 seconds
2012-01-20T16:30:25.132+0000: 1313.245: [GC 1313.245: [ParNew: 27328K->5440K(27328K), 0.0095500 secs] 2087900K->2067016K(4188864K) icms_dc=0 , 0.0096800 secs] [Times: user=0.10 sys=0.00, real=0.01 secs] 
Total time for which application threads were stopped: 0.0100630 seconds
2012-01-20T16:30:26.527+0000: 1314.640: [GC 1314.640: [ParNew: 27328K->5440K(27328K), 0.0084560 secs] 2088904K->2067753K(4188864K) icms_dc=0 , 0.0085840 secs] [Times: user=0.09 sys=0.00, real=0.01 secs] 
Total time for which application threads were stopped: 0.0090290 seconds
Total time for which application threads were stopped: 0.0004420 seconds
2012-01-20T16:30:28.174+0000: 1316.287: [GC 1316.287: [ParNew: 27328K->5440K(27328K), 0.0073720 secs] 2089641K->2067975K(4188864K) icms_dc=0 , 0.0074990 secs] [Times: user=0.08 sys=0.01, real=0.00 secs] 
Total time for which application threads were stopped: 0.0079080 seconds
2012-01-20T16:30:29.883+0000: 1317.996: [GC 1317.996: [ParNew: 27328K->5440K(27328K), 0.0089100 secs] 2089863K->2068700K(4188864K) icms_dc=0 , 0.0090320 secs] [Times: user=0.10 sys=0.00, real=0.01 secs] 
Total time for which application threads were stopped: 0.0094520 seconds
2012-01-20T16:30:31.556+0000: 1319.669: [GC 1319.669: [ParNew: 27328K->5440K(27328K), 0.0077200 secs] 2090588K->2068998K(4188864K) icms_dc=0 , 0.0078460 secs] [Times: user=0.08 sys=0.00, real=0.01 secs] 
Total time for which application threads were stopped: 0.0082490 seconds
2012-01-20T16:30:33.030+0000: 1321.143: [GC 1321.143: [ParNew: 27328K->5440K(27328K), 0.0080050 secs] 2090886K->2069329K(4188864K) icms_dc=0 , 0.0081250 secs] [Times: user=0.09 sys=0.00, real=0.01 secs] 
Total time for which application threads were stopped: 0.0084890 seconds
2012-01-20T16:30:34.484+0000: 1322.597: [GC 1322.598: [ParNew: 27328K->5440K(27328K), 0.0082420 secs] 2091217K->2069623K(4188864K) icms_dc=0 , 0.0083660 secs] [Times: user=0.09 sys=0.01, real=0.01 secs] 
Total time for which application threads were stopped: 0.0087500 seconds
2012-01-20T16:30:35.885+0000: 1323.998: [GC 1323.998: [ParNew: 27328K->5440K(27328K), 0.0086030 secs] 2091511K->2070113K(4188864K) icms_dc=0 , 0.0087210 secs] [Times: user=0.10 sys=0.00, real=0.01 secs] 
Total time for which application threads were stopped: 0.0090970 seconds
2012-01-20T16:30:37.437+0000: 1325.550: [GC 1325.550: [ParNew: 27328K->5440K(27328K), 0.0077640 secs] 2092001K->2070236K(4188864K) icms_dc=0 , 0.0078810 secs] [Times: user=0.08 sys=0.00, real=0.01 secs] 
Total time for which application threads were stopped: 0.0082880 seconds
Total time for which application threads were stopped: 0.0001380 seconds
2012-01-20T16:30:38.645+0000: 1326.759: [GC 1326.759: [ParNew: 27328K->5439K(27328K), 0.0078690 secs] 2092124K->2070616K(4188864K) icms_dc=0 , 0.0079900 secs] [Times: user=0.08 sys=0.00, real=0.01 secs] 
Total time for which application threads were stopped: 0.0084080 seconds
2012-01-20T16:30:40.003+0000: 1328.116: [GC 1328.116: [ParNew: 27327K->5440K(27328K), 0.0101500 secs] 2092504K->2071377K(4188864K) icms_dc=0 , 0.0102740 secs] [Times: user=0.09 sys=0.00, real=0.01 secs] 
Total time for which application threads were stopped: 0.0106420 seconds
2012-01-20T16:30:41.311+0000: 1329.424: [GC 1329.424: [ParNew: 27328K->5440K(27328K), 0.0065460 secs] 2093265K->2071377K(4188864K) icms_dc=0 , 0.0066620 secs] [Times: user=0.08 sys=0.00, real=0.01 secs] 
Total time for which application threads were stopped: 0.0070260 seconds
2012-01-20T16:30:42.907+0000: 1331.020: [GC 1331.020: [ParNew: 27328K->5440K(27328K), 0.0079040 secs] 2093265K->2072009K(4188864K) icms_dc=0 , 0.0080320 secs] [Times: user=0.08 sys=0.00, real=0.01 secs] 
Total time for which application threads were stopped: 0.0084240 seconds
2012-01-20T16:30:44.283+0000: 1332.396: [GC 1332.396: [ParNew: 27328K->5440K(27328K), 0.0063760 secs] 2093897K->2072009K(4188864K) icms_dc=0 , 0.0064980 secs] [Times: user=0.07 sys=0.00, real=0.01 secs] 
Total time for which application threads were stopped: 0.0068650 seconds
2012-01-20T16:30:45.714+0000: 1333.827: [GC 1333.827: [ParNew: 27328K->5440K(27328K), 0.0079580 secs] 2093897K->2072544K(4188864K) icms_dc=0 , 0.0080800 secs] [Times: user=0.09 sys=0.00, real=0.00 secs] 
Total time for which application threads were stopped: 0.0085080 seconds
2012-01-20T16:30:47.156+0000: 1335.269: [GC 1335.270: [ParNew: 27328K->5440K(27328K), 0.0072110 secs] 2094432K->2072803K(4188864K) icms_dc=0 , 0.0073330 secs] [Times: user=0.08 sys=0.00, real=0.00 secs] 
Total time for which application threads were stopped: 0.0077120 seconds
Total time for which application threads were stopped: 0.0002580 seconds
2012-01-20T16:30:48.721+0000: 1336.834: [GC 1336.835: [ParNew: 27328K->5440K(27328K), 0.0078100 secs] 2094691K->2073295K(4188864K) icms_dc=0 , 0.0079330 secs] [Times: user=0.08 sys=0.00, real=0.01 secs] 
Total time for which application threads were stopped: 0.0083780 seconds
2012-01-20T16:30:50.069+0000: 1338.182: [GC 1338.182: [ParNew: 27328K->5440K(27328K), 0.0073610 secs] 2095183K->2073558K(4188864K) icms_dc=0 , 0.0074820 secs] [Times: user=0.09 sys=0.00, real=0.01 secs] 
Total time for which application threads were stopped: 0.0079490 seconds
2012-01-20T16:30:51.533+0000: 1339.646: [GC 1339.646: [ParNew: 27328K->5440K(27328K), 0.0102400 secs] 2095446K->2074447K(4188864K) icms_dc=0 , 0.0103680 secs] [Times: user=0.09 sys=0.01, real=0.01 secs] 
Total time for which application threads were stopped: 0.0107460 seconds
2012-01-20T16:30:53.176+0000: 1341.289: [GC 1341.289: [ParNew: 27328K->5440K(27328K), 0.0075770 secs] 2096335K->2074850K(4188864K) icms_dc=0 , 0.0076870 secs] [Times: user=0.08 sys=0.00, real=0.00 secs] 
Total time for which application threads were stopped: 0.0080610 seconds
2012-01-20T16:30:54.567+0000: 1342.680: [GC 1342.680: [ParNew: 27328K->5440K(27328K), 0.0097960 secs] 2096738K->2075789K(4188864K) icms_dc=0 , 0.0099120 secs] [Times: user=0.10 sys=0.00, real=0.01 secs] 
Total time for which application threads were stopped: 0.0103290 seconds
2012-01-20T16:30:55.809+0000: 1343.922: [GC 1343.922: [ParNew: 27328K->5440K(27328K), 0.0089830 secs] 2097677K->2076595K(4188864K) icms_dc=0 , 0.0091110 secs] [Times: user=0.10 sys=0.00, real=0.01 secs] 
Total time for which application threads were stopped: 0.0094940 seconds
2012-01-20T16:30:57.183+0000: 1345.296: [GC 1345.296: [ParNew: 27328K->5440K(27328K), 0.0099130 secs] 2098483K->2077622K(4188864K) icms_dc=0 , 0.0100370 secs] [Times: user=0.10 sys=0.00, real=0.01 secs] 
Total time for which application threads were stopped: 0.0104200 seconds
Total time for which application threads were stopped: 0.0003700 seconds
2012-01-20T16:30:58.653+0000: 1346.767: [GC 1346.767: [ParNew: 27328K->5440K(27328K), 0.0082760 secs] 2099510K->2078243K(4188864K) icms_dc=0 , 0.0084020 secs] [Times: user=0.08 sys=0.00, real=0.01 secs] 
Total time for which application threads were stopped: 0.0087800 seconds
2012-01-20T16:31:00.044+0000: 1348.157: [GC 1348.157: [ParNew: 27328K->5440K(27328K), 0.0110160 secs] 2100131K->2079644K(4188864K) icms_dc=0 , 0.0111470 secs] [Times: user=0.09 sys=0.01, real=0.01 secs] 
Total time for which application threads were stopped: 0.0115610 seconds
2012-01-20T16:31:01.585+0000: 1349.698: [GC 1349.698: [ParNew: 27328K->5440K(27328K), 0.0065680 secs] 2101532K->2079693K(4188864K) icms_dc=0 , 0.0066840 secs] [Times: user=0.08 sys=0.00, real=0.01 secs] 
Total time for which application threads were stopped: 0.0070550 seconds
2012-01-20T16:31:03.077+0000: 1351.190: [GC 1351.190: [ParNew: 27328K->5440K(27328K), 0.0089770 secs] 2101581K->2080532K(4188864K) icms_dc=0 , 0.0091130 secs] [Times: user=0.10 sys=0.01, real=0.01 secs] 
Total time for which application threads were stopped: 0.0094920 seconds
2012-01-20T16:31:04.474+0000: 1352.587: [GC 1352.587: [ParNew: 27328K->5440K(27328K), 0.0095990 secs] 2102420K->2081366K(4188864K) icms_dc=0 , 0.0097240 secs] [Times: user=0.09 sys=0.00, real=0.01 secs] 
Total time for which application threads were stopped: 0.0101670 seconds
2012-01-20T16:31:05.806+0000: 1353.920: [GC 1353.920: [ParNew: 27328K->5440K(27328K), 0.0067490 secs] 2103254K->2081588K(4188864K) icms_dc=0 , 0.0068730 secs] [Times: user=0.07 sys=0.00, real=0.00 secs] 
Total time for which application threads were stopped: 0.0073120 seconds
2012-01-20T16:31:07.060+0000: 1355.173: [GC 1355.174: [ParNew: 27328K->5440K(27328K), 0.0090110 secs] 2103476K->2082046K(4188864K) icms_dc=0 , 0.0091420 secs] [Times: user=0.10 sys=0.00, real=0.01 secs] 
Total time for which application threads were stopped: 0.0095470 seconds
Total time for which application threads were stopped: 0.0003160 seconds
2012-01-20T16:31:08.618+0000: 1356.731: [GC 1356.731: [ParNew: 27328K->5440K(27328K), 0.0093350 secs] 2103934K->2082917K(4188864K) icms_dc=0 , 0.0094640 secs] [Times: user=0.09 sys=0.00, real=0.01 secs] 
Total time for which application threads were stopped: 0.0098920 seconds
2012-01-20T16:31:10.106+0000: 1358.219: [GC 1358.219: [ParNew: 27328K->5440K(27328K), 0.0083410 secs] 2104805K->2083598K(4188864K) icms_dc=0 , 0.0084600 secs] [Times: user=0.09 sys=0.00, real=0.01 secs] 
Total time for which application threads were stopped: 0.0089490 seconds
2012-01-20T16:31:11.476+0000: 1359.589: [GC 1359.589: [ParNew: 27328K->5440K(27328K), 0.0078230 secs] 2105486K->2084047K(4188864K) icms_dc=0 , 0.0079420 secs] [Times: user=0.09 sys=0.00, real=0.01 secs] 
Total time for which application threads were stopped: 0.0083860 seconds
2012-01-20T16:31:12.884+0000: 1360.997: [GC 1360.997: [ParNew: 27328K->5440K(27328K), 0.0082950 secs] 2105935K->2084684K(4188864K) icms_dc=0 , 0.0084140 secs] [Times: user=0.08 sys=0.00, real=0.01 secs] 
Total time for which application threads were stopped: 0.0088810 seconds
2012-01-20T16:31:14.455+0000: 1362.569: [GC 1362.569: [ParNew: 27328K->5440K(27328K), 0.0092200 secs] 2106572K->2085495K(4188864K) icms_dc=0 , 0.0093370 secs] [Times: user=0.08 sys=0.01, real=0.01 secs] 
Total time for which application threads were stopped: 0.0096990 seconds
2012-01-20T16:31:16.056+0000: 1364.169: [GC 1364.170: [ParNew: 27328K->5440K(27328K), 0.0077860 secs] 2107383K->2085836K(4188864K) icms_dc=0 , 0.0079050 secs] [Times: user=0.07 sys=0.00, real=0.01 secs] 
Total time for which application threads were stopped: 0.0083340 seconds
2012-01-20T16:31:17.536+0000: 1365.649: [GC 1365.649: [ParNew: 27328K->5440K(27328K), 0.0075560 secs] 2107724K->2086230K(4188864K) icms_dc=0 , 0.0076740 secs] [Times: user=0.08 sys=0.00, real=0.01 secs] 
Total time for which application threads were stopped: 0.0080200 seconds
Total time for which application threads were stopped: 0.0001260 seconds
2012-01-20T16:31:18.948+0000: 1367.061: [GC 1367.061: [ParNew: 27328K->5440K(27328K), 0.0079220 secs] 2108118K->2086846K(4188864K) icms_dc=0 , 0.0080500 secs] [Times: user=0.08 sys=0.00, real=0.00 secs] 
Total time for which application threads were stopped: 0.0084780 seconds
2012-01-20T16:31:20.135+0000: 1368.248: [GC 1368.248: [ParNew: 27328K->5440K(27328K), 0.0086100 secs] 2108734K->2087373K(4188864K) icms_dc=0 , 0.0087360 secs] [Times: user=0.09 sys=0.00, real=0.01 secs] 
Total time for which application threads were stopped: 0.0091470 seconds
2012-01-20T16:31:21.440+0000: 1369.554: [GC 1369.554: [ParNew: 27328K->5440K(27328K), 0.0108230 secs] 2109261K->2088447K(4188864K) icms_dc=0 , 0.0109450 secs] [Times: user=0.09 sys=0.00, real=0.01 secs] 
Total time for which application threads were stopped: 0.0113040 seconds
2012-01-20T16:31:22.979+0000: 1371.092: [GC 1371.093: [ParNew: 27328K->5440K(27328K), 0.0099160 secs] 2110335K->2089208K(4188864K) icms_dc=0 , 0.0100460 secs] [Times: user=0.10 sys=0.01, real=0.01 secs] 
Total time for which application threads were stopped: 0.0104430 seconds
2012-01-20T16:31:24.356+0000: 1372.469: [GC 1372.469: [ParNew: 27328K->5440K(27328K), 0.0094050 secs] 2111096K->2090162K(4188864K) icms_dc=0 , 0.0095330 secs] [Times: user=0.10 sys=0.00, real=0.01 secs] 
Total time for which application threads were stopped: 0.0099640 seconds
2012-01-20T16:31:25.685+0000: 1373.798: [GC 1373.798: [ParNew: 27328K->5440K(27328K), 0.0082610 secs] 2112050K->2090946K(4188864K) icms_dc=0 , 0.0083870 secs] [Times: user=0.08 sys=0.00, real=0.01 secs] 
Total time for which application threads were stopped: 0.0088360 seconds
2012-01-20T16:31:27.109+0000: 1375.222: [GC 1375.222: [ParNew: 27328K->5440K(27328K), 0.0087010 secs] 2112834K->2091725K(4188864K) icms_dc=0 , 0.0088310 secs] [Times: user=0.09 sys=0.00, real=0.00 secs] 
Total time for which application threads were stopped: 0.0092210 seconds
Total time for which application threads were stopped: 0.0002850 seconds
2012-01-20T16:31:28.423+0000: 1376.536: [GC 1376.536: [ParNew: 27328K->5440K(27328K), 0.0070690 secs] 2113613K->2091746K(4188864K) icms_dc=0 , 0.0071930 secs] [Times: user=0.07 sys=0.00, real=0.01 secs] 
Total time for which application threads were stopped: 0.0075230 seconds
2012-01-20T16:31:29.764+0000: 1377.877: [GC 1377.877: [ParNew: 27328K->5440K(27328K), 0.0096500 secs] 2113634K->2092310K(4188864K) icms_dc=0 , 0.0097780 secs] [Times: user=0.10 sys=0.00, real=0.01 secs] 
Total time for which application threads were stopped: 0.0102250 seconds
2012-01-20T16:31:31.240+0000: 1379.353: [GC 1379.353: [ParNew: 27328K->5440K(27328K), 0.0074840 secs] 2114198K->2092675K(4188864K) icms_dc=0 , 0.0076070 secs] [Times: user=0.08 sys=0.01, real=0.00 secs] 
Total time for which application threads were stopped: 0.0079850 seconds
2012-01-20T16:31:32.747+0000: 1380.860: [GC 1380.860: [ParNew: 27328K->5171K(27328K), 0.0066840 secs] 2114563K->2092601K(4188864K) icms_dc=0 , 0.0068010 secs] [Times: user=0.08 sys=0.00, real=0.01 secs] 
Total time for which application threads were stopped: 0.0071680 seconds
2012-01-20T16:31:34.061+0000: 1382.174: [GC 1382.174: [ParNew: 27059K->5440K(27328K), 0.0064760 secs] 2114489K->2092976K(4188864K) icms_dc=0 , 0.0065980 secs] [Times: user=0.07 sys=0.00, real=0.00 secs] 
Total time for which application threads were stopped: 0.0069580 seconds
2012-01-20T16:31:35.388+0000: 1383.501: [GC 1383.501: [ParNew: 27328K->5222K(27328K), 0.0066710 secs] 2114864K->2092944K(4188864K) icms_dc=0 , 0.0067870 secs] [Times: user=0.08 sys=0.00, real=0.01 secs] 
Total time for which application threads were stopped: 0.0071860 seconds
2012-01-20T16:31:36.876+0000: 1384.990: [GC 1384.990: [ParNew: 27110K->5440K(27328K), 0.0066980 secs] 2114832K->2093292K(4188864K) icms_dc=0 , 0.0068240 secs] [Times: user=0.07 sys=0.00, real=0.01 secs] 
Total time for which application threads were stopped: 0.0071980 seconds
Total time for which application threads were stopped: 0.0002300 seconds
2012-01-20T16:31:38.276+0000: 1386.390: [GC 1386.390: [ParNew: 27328K->5046K(27328K), 0.0072410 secs] 2115180K->2093129K(4188864K) icms_dc=0 , 0.0073630 secs] [Times: user=0.08 sys=0.00, real=0.01 secs] 
Total time for which application threads were stopped: 0.0075780 seconds
2012-01-20T16:31:39.794+0000: 1387.907: [GC 1387.907: [ParNew: 26934K->5440K(27328K), 0.0067380 secs] 2115017K->2093648K(4188864K) icms_dc=0 , 0.0068680 secs] [Times: user=0.08 sys=0.00, real=0.01 secs] 
Total time for which application threads were stopped: 0.0072320 seconds
2012-01-20T16:31:41.283+0000: 1389.397: [GC 1389.397: [ParNew: 27328K->5015K(27328K), 0.0069730 secs] 2115536K->2093383K(4188864K) icms_dc=0 , 0.0070930 secs] [Times: user=0.08 sys=0.00, real=0.01 secs] 
Total time for which application threads were stopped: 0.0075140 seconds
2012-01-20T16:31:42.776+0000: 1390.889: [GC 1390.889: [ParNew: 26903K->5440K(27328K), 0.0081940 secs] 2115271K->2094111K(4188864K) icms_dc=0 , 0.0083140 secs] [Times: user=0.09 sys=0.00, real=0.01 secs] 
Total time for which application threads were stopped: 0.0086640 seconds
2012-01-20T16:31:44.292+0000: 1392.405: [GC 1392.405: [ParNew: 27328K->4868K(27328K), 0.0065190 secs] 2115999K->2093603K(4188864K) icms_dc=0 , 0.0066350 secs] [Times: user=0.07 sys=0.00, real=0.00 secs] 
Total time for which application threads were stopped: 0.0069890 seconds
2012-01-20T16:31:45.725+0000: 1393.838: [GC 1393.838: [ParNew: 26756K->5440K(27328K), 0.0075020 secs] 2115491K->2094434K(4188864K) icms_dc=0 , 0.0076210 secs] [Times: user=0.08 sys=0.00, real=0.01 secs] 
Total time for which application threads were stopped: 0.0080190 seconds
2012-01-20T16:31:47.176+0000: 1395.290: [GC 1395.290: [ParNew: 27328K->5092K(27328K), 0.0067370 secs] 2116322K->2094199K(4188864K) icms_dc=0 , 0.0068540 secs] [Times: user=0.08 sys=0.00, real=0.01 secs] 
Total time for which application threads were stopped: 0.0071910 seconds
Total time for which application threads were stopped: 0.0002960 seconds
2012-01-20T16:31:48.575+0000: 1396.688: [GC 1396.688: [ParNew: 26980K->5440K(27328K), 0.0071710 secs] 2116087K->2094747K(4188864K) icms_dc=0 , 0.0073060 secs] [Times: user=0.08 sys=0.00, real=0.01 secs] 
Total time for which application threads were stopped: 0.0076570 seconds
2012-01-20T16:31:50.081+0000: 1398.194: [GC 1398.194: [ParNew: 27328K->5222K(27328K), 0.0067700 secs] 2116635K->2094612K(4188864K) icms_dc=0 , 0.0068880 secs] [Times: user=0.07 sys=0.00, real=0.00 secs] 
Total time for which application threads were stopped: 0.0073530 seconds
2012-01-20T16:31:51.513+0000: 1399.626: [GC 1399.626: [ParNew: 27110K->5440K(27328K), 0.0067810 secs] 2116500K->2094947K(4188864K) icms_dc=0 , 0.0069000 secs] [Times: user=0.08 sys=0.00, real=0.00 secs] 
Total time for which application threads were stopped: 0.0072410 seconds
2012-01-20T16:31:52.957+0000: 1401.070: [GC 1401.070: [ParNew: 27328K->5440K(27328K), 0.0075020 secs] 2116835K->2095175K(4188864K) icms_dc=0 , 0.0076200 secs] [Times: user=0.07 sys=0.01, real=0.01 secs] 
Total time for which application threads were stopped: 0.0079730 seconds
2012-01-20T16:31:54.406+0000: 1402.519: [GC 1402.520: [ParNew: 27328K->5122K(27328K), 0.0076980 secs] 2117063K->2095046K(4188864K) icms_dc=0 , 0.0078190 secs] [Times: user=0.09 sys=0.01, real=0.01 secs] 
Total time for which application threads were stopped: 0.0081700 seconds
2012-01-20T16:31:55.771+0000: 1403.884: [GC 1403.884: [ParNew: 27010K->5440K(27328K), 0.0079420 secs] 2116934K->2095558K(4188864K) icms_dc=0 , 0.0080590 secs] [Times: user=0.09 sys=0.00, real=0.01 secs] 
Total time for which application threads were stopped: 0.0083950 seconds
2012-01-20T16:31:57.117+0000: 1405.230: [GC 1405.230: [ParNew: 27328K->5440K(27328K), 0.0067720 secs] 2117446K->2095595K(4188864K) icms_dc=0 , 0.0068930 secs] [Times: user=0.08 sys=0.00, real=0.01 secs] 
Total time for which application threads were stopped: 0.0072490 seconds
Total time for which application threads were stopped: 0.0003290 seconds
2012-01-20T16:31:58.486+0000: 1406.599: [GC 1406.599: [ParNew: 27328K->5440K(27328K), 0.0070920 secs] 2117483K->2095794K(4188864K) icms_dc=0 , 0.0072210 secs] [Times: user=0.08 sys=0.00, real=0.01 secs] 
Total time for which application threads were stopped: 0.0075990 seconds
2012-01-20T16:31:59.950+0000: 1408.063: [GC 1408.063: [ParNew: 27328K->5440K(27328K), 0.0075050 secs] 2117682K->2096044K(4188864K) icms_dc=0 , 0.0076230 secs] [Times: user=0.07 sys=0.00, real=0.01 secs] 
Total time for which application threads were stopped: 0.0080060 seconds
2012-01-20T16:32:01.320+0000: 1409.434: [GC 1409.434: [ParNew: 27328K->5440K(27328K), 0.0073780 secs] 2117932K->2096369K(4188864K) icms_dc=0 , 0.0075020 secs] [Times: user=0.08 sys=0.00, real=0.01 secs] 
Total time for which application threads were stopped: 0.0079240 seconds
2012-01-20T16:32:02.977+0000: 1411.090: [GC 1411.090: [ParNew: 27328K->5440K(27328K), 0.0073710 secs] 2118257K->2096647K(4188864K) icms_dc=0 , 0.0074940 secs] [Times: user=0.08 sys=0.00, real=0.01 secs] 
Total time for which application threads were stopped: 0.0078390 seconds
2012-01-20T16:32:04.437+0000: 1412.550: [GC 1412.550: [ParNew: 27328K->5440K(27328K), 0.0090120 secs] 2118535K->2097153K(4188864K) icms_dc=0 , 0.0091310 secs] [Times: user=0.08 sys=0.01, real=0.01 secs] 
Total time for which application threads were stopped: 0.0094720 seconds
2012-01-20T16:32:05.759+0000: 1413.872: [GC 1413.872: [ParNew: 27328K->5440K(27328K), 0.0092920 secs] 2119041K->2097853K(4188864K) icms_dc=0 , 0.0094210 secs] [Times: user=0.08 sys=0.01, real=0.01 secs] 
Total time for which application threads were stopped: 0.0098200 seconds
2012-01-20T16:32:07.036+0000: 1415.149: [GC 1415.149: [ParNew: 27328K->5440K(27328K), 0.0097870 secs] 2119741K->2098568K(4188864K) icms_dc=0 , 0.0099220 secs] [Times: user=0.08 sys=0.00, real=0.01 secs] 
Total time for which application threads were stopped: 0.0103650 seconds
Total time for which application threads were stopped: 0.0002590 seconds
2012-01-20T16:32:08.577+0000: 1416.690: [GC 1416.690: [ParNew: 27328K->5440K(27328K), 0.0089650 secs] 2120456K->2099214K(4188864K) icms_dc=0 , 0.0090910 secs] [Times: user=0.09 sys=0.00, real=0.01 secs] 
Total time for which application threads were stopped: 0.0094320 seconds
2012-01-20T16:32:10.044+0000: 1418.157: [GC 1418.158: [ParNew: 27328K->5440K(27328K), 0.0094970 secs] 2121102K->2099978K(4188864K) icms_dc=0 , 0.0096330 secs] [Times: user=0.08 sys=0.00, real=0.01 secs] 
Total time for which application threads were stopped: 0.0100030 seconds
2012-01-20T16:32:11.719+0000: 1419.832: [GC 1419.832: [ParNew: 27328K->5440K(27328K), 0.0083380 secs] 2121866K->2100063K(4188864K) icms_dc=0 , 0.0084820 secs] [Times: user=0.10 sys=0.00, real=0.01 secs] 
Total time for which application threads were stopped: 0.0088930 seconds
2012-01-20T16:32:13.398+0000: 1421.511: [GC 1421.511: [ParNew: 27328K->5440K(27328K), 0.0077120 secs] 2121951K->2100471K(4188864K) icms_dc=0 , 0.0078110 secs] [Times: user=0.08 sys=0.00, real=0.01 secs] 
Total time for which application threads were stopped: 0.0081820 seconds
2012-01-20T16:32:14.825+0000: 1422.938: [GC 1422.938: [ParNew: 27328K->5440K(27328K), 0.0080220 secs] 2122359K->2100936K(4188864K) icms_dc=0 , 0.0081360 secs] [Times: user=0.09 sys=0.00, real=0.00 secs] 
Total time for which application threads were stopped: 0.0085280 seconds
2012-01-20T16:32:16.224+0000: 1424.338: [GC 1424.338: [ParNew: 27328K->5440K(27328K), 0.0101500 secs] 2122824K->2101487K(4188864K) icms_dc=0 , 0.0102650 secs] [Times: user=0.11 sys=0.00, real=0.01 secs] 
Total time for which application threads were stopped: 0.0106070 seconds
2012-01-20T16:32:17.669+0000: 1425.782: [GC 1425.782: [ParNew: 27328K->5440K(27328K), 0.0072360 secs] 2123375K->2101807K(4188864K) icms_dc=0 , 0.0073530 secs] [Times: user=0.09 sys=0.00, real=0.01 secs] 
Total time for which application threads were stopped: 0.0077100 seconds
Total time for which application threads were stopped: 0.0001490 seconds
2012-01-20T16:32:19.026+0000: 1427.139: [GC 1427.139: [ParNew: 27328K->5440K(27328K), 0.0095810 secs] 2123695K->2102326K(4188864K) icms_dc=0 , 0.0097040 secs] [Times: user=0.11 sys=0.00, real=0.01 secs] 
Total time for which application threads were stopped: 0.0100370 seconds
2012-01-20T16:32:20.524+0000: 1428.637: [GC 1428.637: [ParNew: 27328K->5440K(27328K), 0.0077020 secs] 2124214K->2102782K(4188864K) icms_dc=0 , 0.0078230 secs] [Times: user=0.08 sys=0.00, real=0.01 secs] 
Total time for which application threads were stopped: 0.0081740 seconds
2012-01-20T16:32:22.009+0000: 1430.122: [GC 1430.122: [ParNew: 27328K->4782K(27328K), 0.0072170 secs] 2124670K->2102355K(4188864K) icms_dc=0 , 0.0073300 secs] [Times: user=0.09 sys=0.00, real=0.01 secs] 
Total time for which application threads were stopped: 0.0076620 seconds
2012-01-20T16:32:23.487+0000: 1431.600: [GC 1431.600: [ParNew: 26670K->5440K(27328K), 0.0072830 secs] 2124243K->2103288K(4188864K) icms_dc=0 , 0.0073980 secs] [Times: user=0.08 sys=0.00, real=0.00 secs] 
Total time for which application threads were stopped: 0.0077500 seconds
2012-01-20T16:32:24.898+0000: 1433.011: [GC 1433.011: [ParNew: 27328K->5440K(27328K), 0.0078860 secs] 2125176K->2103637K(4188864K) icms_dc=0 , 0.0080130 secs] [Times: user=0.09 sys=0.00, real=0.01 secs] 
Total time for which application threads were stopped: 0.0083680 seconds
2012-01-20T16:32:26.220+0000: 1434.333: [GC 1434.333: [ParNew: 27328K->5440K(27328K), 0.0078820 secs] 2125525K->2103992K(4188864K) icms_dc=0 , 0.0079940 secs] [Times: user=0.08 sys=0.01, real=0.01 secs] 
Total time for which application threads were stopped: 0.0083290 seconds
2012-01-20T16:32:27.673+0000: 1435.786: [GC 1435.786: [ParNew: 27328K->5440K(27328K), 0.0081320 secs] 2125880K->2104349K(4188864K) icms_dc=0 , 0.0082440 secs] [Times: user=0.09 sys=0.01, real=0.01 secs] 
Total time for which application threads were stopped: 0.0086190 seconds
Total time for which application threads were stopped: 0.0002020 seconds
2012-01-20T16:32:29.027+0000: 1437.140: [GC 1437.140: [ParNew: 27328K->5440K(27328K), 0.0098620 secs] 2126237K->2104940K(4188864K) icms_dc=0 , 0.0099770 secs] [Times: user=0.09 sys=0.00, real=0.01 secs] 
Total time for which application threads were stopped: 0.0103150 seconds
2012-01-20T16:32:30.297+0000: 1438.410: [GC 1438.410: [ParNew: 27328K->5440K(27328K), 0.0092180 secs] 2126828K->2105515K(4188864K) icms_dc=0 , 0.0093340 secs] [Times: user=0.10 sys=0.00, real=0.01 secs] 
Total time for which application threads were stopped: 0.0097570 seconds
2012-01-20T16:32:31.644+0000: 1439.757: [GC 1439.757: [ParNew: 27328K->5440K(27328K), 0.0093270 secs] 2127403K->2106071K(4188864K) icms_dc=0 , 0.0094480 secs] [Times: user=0.11 sys=0.00, real=0.01 secs] 
Total time for which application threads were stopped: 0.0098680 seconds
2012-01-20T16:32:33.158+0000: 1441.271: [GC 1441.271: [ParNew: 27328K->5440K(27328K), 0.0095610 secs] 2127959K->2106835K(4188864K) icms_dc=0 , 0.0096820 secs] [Times: user=0.10 sys=0.00, real=0.01 secs] 
Total time for which application threads were stopped: 0.0100250 seconds
2012-01-20T16:32:34.825+0000: 1442.938: [GC 1442.939: [ParNew: 27328K->5440K(27328K), 0.0084730 secs] 2128723K->2107516K(4188864K) icms_dc=0 , 0.0085900 secs] [Times: user=0.08 sys=0.00, real=0.01 secs] 
Total time for which application threads were stopped: 0.0089400 seconds
2012-01-20T16:32:36.386+0000: 1444.499: [GC 1444.499: [ParNew: 27328K->5440K(27328K), 0.0100560 secs] 2129404K->2108634K(4188864K) icms_dc=0 , 0.0101740 secs] [Times: user=0.09 sys=0.01, real=0.01 secs] 
Total time for which application threads were stopped: 0.0105730 seconds
2012-01-20T16:32:37.661+0000: 1445.774: [GC 1445.774: [ParNew: 27328K->5440K(27328K), 0.0093360 secs] 2130522K->2109412K(4188864K) icms_dc=0 , 0.0094530 secs] [Times: user=0.09 sys=0.01, real=0.01 secs] 
Total time for which application threads were stopped: 0.0098140 seconds
Total time for which application threads were stopped: 0.0001350 seconds
2012-01-20T16:32:39.011+0000: 1447.124: [GC 1447.124: [ParNew: 27328K->5440K(27328K), 0.0081810 secs] 2131300K->2110003K(4188864K) icms_dc=0 , 0.0082980 secs] [Times: user=0.08 sys=0.00, real=0.01 secs] 
Total time for which application threads were stopped: 0.0087010 seconds
2012-01-20T16:32:40.281+0000: 1448.394: [GC 1448.394: [ParNew: 27328K->5440K(27328K), 0.0079930 secs] 2131891K->2110593K(4188864K) icms_dc=0 , 0.0081090 secs] [Times: user=0.08 sys=0.00, real=0.01 secs] 
Total time for which application threads were stopped: 0.0084420 seconds
2012-01-20T16:32:41.663+0000: 1449.777: [GC 1449.777: [ParNew: 27328K->5440K(27328K), 0.0069910 secs] 2132481K->2110765K(4188864K) icms_dc=0 , 0.0071040 secs] [Times: user=0.08 sys=0.00, real=0.01 secs] 
Total time for which application threads were stopped: 0.0074560 seconds
2012-01-20T16:32:43.179+0000: 1451.292: [GC 1451.292: [ParNew: 27328K->5440K(27328K), 0.0088350 secs] 2132653K->2111495K(4188864K) icms_dc=0 , 0.0089580 secs] [Times: user=0.09 sys=0.01, real=0.01 secs] 
Total time for which application threads were stopped: 0.0093310 seconds
2012-01-20T16:32:44.580+0000: 1452.693: [GC 1452.693: [ParNew: 27328K->5440K(27328K), 0.0101150 secs] 2133383K->2112162K(4188864K) icms_dc=0 , 0.0102350 secs] [Times: user=0.10 sys=0.00, real=0.01 secs] 
Total time for which application threads were stopped: 0.0105860 seconds
2012-01-20T16:32:45.957+0000: 1454.070: [GC 1454.070: [ParNew: 27328K->5440K(27328K), 0.0095370 secs] 2134050K->2112959K(4188864K) icms_dc=0 , 0.0096600 secs] [Times: user=0.10 sys=0.00, real=0.01 secs] 
Total time for which application threads were stopped: 0.0100070 seconds
2012-01-20T16:32:47.261+0000: 1455.375: [GC 1455.375: [ParNew: 27328K->5440K(27328K), 0.0079140 secs] 2134847K->2113449K(4188864K) icms_dc=0 , 0.0080350 secs] [Times: user=0.08 sys=0.01, real=0.01 secs] 
Total time for which application threads were stopped: 0.0084290 seconds
Total time for which application threads were stopped: 0.0002330 seconds
2012-01-20T16:32:48.622+0000: 1456.735: [GC 1456.735: [ParNew: 27328K->5440K(27328K), 0.0086200 secs] 2135337K->2114152K(4188864K) icms_dc=0 , 0.0087470 secs] [Times: user=0.09 sys=0.00, real=0.01 secs] 
Total time for which application threads were stopped: 0.0091210 seconds
2012-01-20T16:32:50.015+0000: 1458.128: [GC 1458.128: [ParNew: 27328K->5440K(27328K), 0.0104610 secs] 2136040K->2115245K(4188864K) icms_dc=0 , 0.0105870 secs] [Times: user=0.10 sys=0.01, real=0.01 secs] 
Total time for which application threads were stopped: 0.0109840 seconds
2012-01-20T16:32:51.474+0000: 1459.588: [GC 1459.588: [ParNew: 27328K->5440K(27328K), 0.0079450 secs] 2137133K->2115245K(4188864K) icms_dc=0 , 0.0081160 secs] [Times: user=0.09 sys=0.01, real=0.01 secs] 
Total time for which application threads were stopped: 0.0084880 seconds
2012-01-20T16:32:53.008+0000: 1461.121: [GC 1461.121: [ParNew: 27328K->5440K(27328K), 0.0098400 secs] 2137133K->2115890K(4188864K) icms_dc=0 , 0.0099620 secs] [Times: user=0.11 sys=0.01, real=0.01 secs] 
Total time for which application threads were stopped: 0.0103590 seconds
2012-01-20T16:32:54.678+0000: 1462.791: [GC 1462.791: [ParNew: 27328K->5440K(27328K), 0.0077430 secs] 2137778K->2116397K(4188864K) icms_dc=0 , 0.0078670 secs] [Times: user=0.07 sys=0.01, real=0.01 secs] 
Total time for which application threads were stopped: 0.0082360 seconds
2012-01-20T16:32:56.154+0000: 1464.267: [GC 1464.267: [ParNew: 27328K->5440K(27328K), 0.0068840 secs] 2138285K->2116561K(4188864K) icms_dc=0 , 0.0070040 secs] [Times: user=0.08 sys=0.00, real=0.01 secs] 
Total time for which application threads were stopped: 0.0073770 seconds
2012-01-20T16:32:57.542+0000: 1465.655: [GC 1465.656: [ParNew: 27328K->5440K(27328K), 0.0071460 secs] 2138449K->2116702K(4188864K) icms_dc=0 , 0.0072620 secs] [Times: user=0.08 sys=0.01, real=0.01 secs] 
Total time for which application threads were stopped: 0.0076270 seconds
Total time for which application threads were stopped: 0.0002650 seconds
2012-01-20T16:32:59.088+0000: 1467.201: [GC 1467.201: [ParNew: 27328K->5440K(27328K), 0.0077090 secs] 2138590K->2116968K(4188864K) icms_dc=0 , 0.0078310 secs] [Times: user=0.08 sys=0.00, real=0.01 secs] 
Total time for which application threads were stopped: 0.0081860 seconds
2012-01-20T16:33:00.779+0000: 1468.892: [GC 1468.892: [ParNew: 27328K->5440K(27328K), 0.0090380 secs] 2138856K->2117453K(4188864K) icms_dc=0 , 0.0091630 secs] [Times: user=0.08 sys=0.00, real=0.01 secs] 
Total time for which application threads were stopped: 0.0095480 seconds
2012-01-20T16:33:02.507+0000: 1470.620: [GC 1470.620: [ParNew: 27328K->5440K(27328K), 0.0076310 secs] 2139341K->2117744K(4188864K) icms_dc=0 , 0.0077610 secs] [Times: user=0.08 sys=0.00, real=0.01 secs] 
Total time for which application threads were stopped: 0.0081310 seconds
2012-01-20T16:33:04.015+0000: 1472.128: [GC 1472.128: [ParNew: 27328K->5440K(27328K), 0.0092300 secs] 2139632K->2118236K(4188864K) icms_dc=0 , 0.0093550 secs] [Times: user=0.08 sys=0.01, real=0.01 secs] 
Total time for which application threads were stopped: 0.0097040 seconds
2012-01-20T16:33:05.524+0000: 1473.637: [GC 1473.637: [ParNew: 27328K->5440K(27328K), 0.0094670 secs] 2140124K->2118980K(4188864K) icms_dc=0 , 0.0095930 secs] [Times: user=0.09 sys=0.00, real=0.01 secs] 
Total time for which application threads were stopped: 0.0099630 seconds
2012-01-20T16:33:06.909+0000: 1475.023: [GC 1475.023: [ParNew: 27328K->5440K(27328K), 0.0084410 secs] 2140868K->2119684K(4188864K) icms_dc=0 , 0.0085650 secs] [Times: user=0.09 sys=0.00, real=0.01 secs] 
Total time for which application threads were stopped: 0.0089460 seconds
Total time for which application threads were stopped: 0.0005490 seconds
2012-01-20T16:33:08.387+0000: 1476.500: [GC 1476.500: [ParNew: 27328K->5440K(27328K), 0.0080610 secs] 2141572K->2120389K(4188864K) icms_dc=0 , 0.0081900 secs] [Times: user=0.08 sys=0.00, real=0.01 secs] 
Total time for which application threads were stopped: 0.0084570 seconds
2012-01-20T16:33:09.721+0000: 1477.834: [GC 1477.834: [ParNew: 27328K->5440K(27328K), 0.0070710 secs] 2142277K->2120574K(4188864K) icms_dc=0 , 0.0071910 secs] [Times: user=0.08 sys=0.00, real=0.00 secs] 
Total time for which application threads were stopped: 0.0075640 seconds
2012-01-20T16:33:11.011+0000: 1479.124: [GC 1479.124: [ParNew: 27328K->5440K(27328K), 0.0100030 secs] 2142462K->2121459K(4188864K) icms_dc=0 , 0.0101240 secs] [Times: user=0.10 sys=0.00, real=0.01 secs] 
Total time for which application threads were stopped: 0.0105350 seconds
2012-01-20T16:33:12.452+0000: 1480.565: [GC 1480.565: [ParNew: 27328K->5440K(27328K), 0.0089750 secs] 2143347K->2122146K(4188864K) icms_dc=0 , 0.0090910 secs] [Times: user=0.10 sys=0.00, real=0.01 secs] 
Total time for which application threads were stopped: 0.0095510 seconds
2012-01-20T16:33:13.858+0000: 1481.971: [GC 1481.971: [ParNew: 27328K->5440K(27328K), 0.0110770 secs] 2144034K->2123281K(4188864K) icms_dc=0 , 0.0112030 secs] [Times: user=0.11 sys=0.00, real=0.01 secs] 
Total time for which application threads were stopped: 0.0115600 seconds
2012-01-20T16:33:15.252+0000: 1483.365: [GC 1483.365: [ParNew: 27328K->5440K(27328K), 0.0096570 secs] 2145169K->2124045K(4188864K) icms_dc=0 , 0.0097820 secs] [Times: user=0.10 sys=0.00, real=0.01 secs] 
Total time for which application threads were stopped: 0.0101570 seconds
2012-01-20T16:33:16.775+0000: 1484.888: [GC 1484.888: [ParNew: 27328K->5440K(27328K), 0.0081820 secs] 2145933K->2124695K(4188864K) icms_dc=0 , 0.0083100 secs] [Times: user=0.09 sys=0.00, real=0.01 secs] 
Total time for which application threads were stopped: 0.0086770 seconds
Total time for which application threads were stopped: 0.0002590 seconds
2012-01-20T16:33:18.162+0000: 1486.276: [GC 1486.276: [ParNew: 27328K->5440K(27328K), 0.0072920 secs] 2146583K->2124930K(4188864K) icms_dc=0 , 0.0074130 secs] [Times: user=0.08 sys=0.00, real=0.00 secs] 
Total time for which application threads were stopped: 0.0075900 seconds
2012-01-20T16:33:19.580+0000: 1487.693: [GC 1487.693: [ParNew: 27328K->5440K(27328K), 0.0095810 secs] 2146818K->2125701K(4188864K) icms_dc=0 , 0.0097090 secs] [Times: user=0.09 sys=0.00, real=0.01 secs] 
Total time for which application threads were stopped: 0.0100540 seconds
2012-01-20T16:33:21.208+0000: 1489.321: [GC 1489.321: [ParNew: 27328K->5440K(27328K), 0.0084330 secs] 2147589K->2126255K(4188864K) icms_dc=0 , 0.0085600 secs] [Times: user=0.09 sys=0.00, real=0.01 secs] 
Total time for which application threads were stopped: 0.0088950 seconds
2012-01-20T16:33:22.675+0000: 1490.788: [GC 1490.788: [ParNew: 27328K->5440K(27328K), 0.0082740 secs] 2148143K->2126924K(4188864K) icms_dc=0 , 0.0083940 secs] [Times: user=0.09 sys=0.00, real=0.01 secs] 
Total time for which application threads were stopped: 0.0087950 seconds
2012-01-20T16:33:24.198+0000: 1492.311: [GC 1492.311: [ParNew: 27328K->5440K(27328K), 0.0085710 secs] 2148812K->2127362K(4188864K) icms_dc=0 , 0.0086870 secs] [Times: user=0.10 sys=0.01, real=0.01 secs] 
Total time for which application threads were stopped: 0.0090150 seconds
2012-01-20T16:33:25.639+0000: 1493.752: [GC 1493.752: [ParNew: 27328K->5440K(27328K), 0.0100310 secs] 2149250K->2128159K(4188864K) icms_dc=0 , 0.0101500 secs] [Times: user=0.11 sys=0.00, real=0.01 secs] 
Total time for which application threads were stopped: 0.0104760 seconds
2012-01-20T16:33:27.019+0000: 1495.132: [GC 1495.132: [ParNew: 27328K->5440K(27328K), 0.0079090 secs] 2150047K->2128589K(4188864K) icms_dc=0 , 0.0080310 secs] [Times: user=0.08 sys=0.00, real=0.01 secs] 
Total time for which application threads were stopped: 0.0084110 seconds
Total time for which application threads were stopped: 0.0002730 seconds
2012-01-20T16:33:28.473+0000: 1496.586: [GC 1496.586: [ParNew: 27328K->5440K(27328K), 0.0094860 secs] 2150477K->2129180K(4188864K) icms_dc=0 , 0.0096040 secs] [Times: user=0.09 sys=0.00, real=0.01 secs] 
Total time for which application threads were stopped: 0.0098610 seconds
2012-01-20T16:33:29.832+0000: 1497.946: [GC 1497.946: [ParNew: 27328K->5440K(27328K), 0.0099560 secs] 2151068K->2129903K(4188864K) icms_dc=0 , 0.0100740 secs] [Times: user=0.10 sys=0.01, real=0.01 secs] 
Total time for which application threads were stopped: 0.0104340 seconds
2012-01-20T16:33:31.348+0000: 1499.461: [GC 1499.461: [ParNew: 27328K->5440K(27328K), 0.0076160 secs] 2151791K->2130191K(4188864K) icms_dc=0 , 0.0077310 secs] [Times: user=0.08 sys=0.01, real=0.01 secs] 
Total time for which application threads were stopped: 0.0080750 seconds
2012-01-20T16:33:32.688+0000: 1500.801: [GC 1500.801: [ParNew: 27328K->5440K(27328K), 0.0106460 secs] 2152079K->2131462K(4188864K) icms_dc=0 , 0.0107650 secs] [Times: user=0.09 sys=0.01, real=0.01 secs] 
Total time for which application threads were stopped: 0.0111350 seconds
2012-01-20T16:33:34.077+0000: 1502.190: [GC 1502.190: [ParNew: 27328K->5440K(27328K), 0.0091800 secs] 2153350K->2132192K(4188864K) icms_dc=0 , 0.0092980 secs] [Times: user=0.09 sys=0.00, real=0.01 secs] 
Total time for which application threads were stopped: 0.0096900 seconds
2012-01-20T16:33:35.656+0000: 1503.769: [GC 1503.769: [ParNew: 27328K->5440K(27328K), 0.0069180 secs] 2154080K->2132208K(4188864K) icms_dc=0 , 0.0070290 secs] [Times: user=0.08 sys=0.00, real=0.01 secs] 
Total time for which application threads were stopped: 0.0073770 seconds
2012-01-20T16:33:37.049+0000: 1505.163: [GC 1505.163: [ParNew: 27328K->5440K(27328K), 0.0088870 secs] 2154096K->2132672K(4188864K) icms_dc=0 , 0.0090040 secs] [Times: user=0.09 sys=0.00, real=0.01 secs] 
Total time for which application threads were stopped: 0.0093860 seconds
Total time for which application threads were stopped: 0.0044480 seconds
Total time for which application threads were stopped: 0.0000810 seconds
2012-01-20T16:33:38.503+0000: 1506.616: [GC 1506.616: [ParNew: 27328K->5440K(27328K), 0.0081950 secs] 2154560K->2133194K(4188864K) icms_dc=0 , 0.0083130 secs] [Times: user=0.09 sys=0.01, real=0.01 secs] 
Total time for which application threads were stopped: 0.0085170 seconds
2012-01-20T16:33:39.765+0000: 1507.879: [GC 1507.879: [ParNew: 27328K->5440K(27328K), 0.0077010 secs] 2155082K->2133588K(4188864K) icms_dc=0 , 0.0078150 secs] [Times: user=0.07 sys=0.01, real=0.00 secs] 
Total time for which application threads were stopped: 0.0081510 seconds
2012-01-20T16:33:41.246+0000: 1509.359: [GC 1509.359: [ParNew: 27328K->5440K(27328K), 0.0097780 secs] 2155476K->2134369K(4188864K) icms_dc=0 , 0.0098940 secs] [Times: user=0.09 sys=0.01, real=0.01 secs] 
Total time for which application threads were stopped: 0.0102220 seconds
2012-01-20T16:33:42.548+0000: 1510.661: [GC 1510.661: [ParNew: 27328K->5440K(27328K), 0.0073290 secs] 2156257K->2134571K(4188864K) icms_dc=0 , 0.0074430 secs] [Times: user=0.08 sys=0.00, real=0.01 secs] 
Total time for which application threads were stopped: 0.0078090 seconds
2012-01-20T16:33:43.962+0000: 1512.075: [GC 1512.075: [ParNew: 27328K->5440K(27328K), 0.0089220 secs] 2156459K->2135168K(4188864K) icms_dc=0 , 0.0090390 secs] [Times: user=0.09 sys=0.00, real=0.01 secs] 
Total time for which application threads were stopped: 0.0094260 seconds
2012-01-20T16:33:45.431+0000: 1513.544: [GC 1513.544: [ParNew: 27328K->5440K(27328K), 0.0091210 secs] 2157056K->2135729K(4188864K) icms_dc=0 , 0.0092420 secs] [Times: user=0.09 sys=0.00, real=0.01 secs] 
Total time for which application threads were stopped: 0.0095620 seconds
2012-01-20T16:33:46.687+0000: 1514.800: [GC 1514.800: [ParNew: 27328K->5440K(27328K), 0.0085880 secs] 2157617K->2136492K(4188864K) icms_dc=0 , 0.0087070 secs] [Times: user=0.10 sys=0.01, real=0.01 secs] 
Total time for which application threads were stopped: 0.0090620 seconds
2012-01-20T16:33:48.204+0000: 1516.318: [GC 1516.318: [ParNew: 27328K->5440K(27328K), 0.0081980 secs] 2158380K->2137054K(4188864K) icms_dc=0 , 0.0083320 secs] [Times: user=0.09 sys=0.00, real=0.00 secs] 
Total time for which application threads were stopped: 0.0086960 seconds
Total time for which application threads were stopped: 0.0001230 seconds
2012-01-20T16:33:49.669+0000: 1517.782: [GC 1517.782: [ParNew: 27328K->5440K(27328K), 0.0088320 secs] 2158942K->2137614K(4188864K) icms_dc=0 , 0.0089680 secs] [Times: user=0.09 sys=0.00, real=0.01 secs] 
Total time for which application threads were stopped: 0.0093420 seconds
2012-01-20T16:33:51.178+0000: 1519.292: [GC 1519.292: [ParNew: 27328K->5440K(27328K), 0.0097340 secs] 2159502K->2138500K(4188864K) icms_dc=0 , 0.0098690 secs] [Times: user=0.09 sys=0.00, real=0.01 secs] 
Total time for which application threads were stopped: 0.0102710 seconds
2012-01-20T16:33:52.734+0000: 1520.847: [GC 1520.847: [ParNew: 27328K->5440K(27328K), 0.0095760 secs] 2160388K->2139298K(4188864K) icms_dc=0 , 0.0097040 secs] [Times: user=0.09 sys=0.01, real=0.01 secs] 
Total time for which application threads were stopped: 0.0101340 seconds
2012-01-20T16:33:54.232+0000: 1522.345: [GC 1522.345: [ParNew: 27328K->5440K(27328K), 0.0088950 secs] 2161186K->2139989K(4188864K) icms_dc=0 , 0.0090220 secs] [Times: user=0.09 sys=0.00, real=0.01 secs] 
Total time for which application threads were stopped: 0.0094420 seconds
2012-01-20T16:33:55.803+0000: 1523.917: [GC 1523.917: [ParNew: 27328K->5440K(27328K), 0.0099030 secs] 2161877K->2141184K(4188864K) icms_dc=0 , 0.0100340 secs] [Times: user=0.10 sys=0.00, real=0.01 secs] 
Total time for which application threads were stopped: 0.0104110 seconds
2012-01-20T16:33:57.451+0000: 1525.564: [GC 1525.565: [ParNew: 27328K->5440K(27328K), 0.0069310 secs] 2163072K->2141184K(4188864K) icms_dc=0 , 0.0070510 secs] [Times: user=0.09 sys=0.00, real=0.01 secs] 
Total time for which application threads were stopped: 0.0074720 seconds
Total time for which application threads were stopped: 0.0002810 seconds
2012-01-20T16:33:58.939+0000: 1527.052: [GC 1527.053: [ParNew: 27328K->5440K(27328K), 0.0085220 secs] 2163072K->2141874K(4188864K) icms_dc=0 , 0.0086470 secs] [Times: user=0.08 sys=0.00, real=0.01 secs] 
Total time for which application threads were stopped: 0.0090630 seconds
2012-01-20T16:34:00.409+0000: 1528.522: [GC 1528.522: [ParNew: 27328K->5440K(27328K), 0.0082560 secs] 2163762K->2142403K(4188864K) icms_dc=0 , 0.0083800 secs] [Times: user=0.08 sys=0.00, real=0.01 secs] 
Total time for which application threads were stopped: 0.0087610 seconds
2012-01-20T16:34:01.686+0000: 1529.799: [GC 1529.799: [ParNew: 27328K->5440K(27328K), 0.0077930 secs] 2164291K->2142933K(4188864K) icms_dc=0 , 0.0079180 secs] [Times: user=0.08 sys=0.00, real=0.00 secs] 
Total time for which application threads were stopped: 0.0083250 seconds
2012-01-20T16:34:03.086+0000: 1531.199: [GC 1531.200: [ParNew: 27328K->5440K(27328K), 0.0074750 secs] 2164821K->2143230K(4188864K) icms_dc=0 , 0.0075950 secs] [Times: user=0.08 sys=0.00, real=0.00 secs] 
Total time for which application threads were stopped: 0.0079650 seconds
2012-01-20T16:34:04.407+0000: 1532.520: [GC 1532.520: [ParNew: 27328K->5440K(27328K), 0.0088350 secs] 2165118K->2143746K(4188864K) icms_dc=0 , 0.0089570 secs] [Times: user=0.10 sys=0.00, real=0.00 secs] 
Total time for which application threads were stopped: 0.0093080 seconds
2012-01-20T16:34:05.918+0000: 1534.031: [GC 1534.031: [ParNew: 27328K->5440K(27328K), 0.0089750 secs] 2165634K->2144306K(4188864K) icms_dc=0 , 0.0091020 secs] [Times: user=0.08 sys=0.01, real=0.01 secs] 
Total time for which application threads were stopped: 0.0094740 seconds
2012-01-20T16:34:07.305+0000: 1535.418: [GC 1535.418: [ParNew: 27328K->5440K(27328K), 0.0108000 secs] 2166194K->2145127K(4188864K) icms_dc=0 , 0.0109220 secs] [Times: user=0.10 sys=0.00, real=0.01 secs] 
Total time for which application threads were stopped: 0.0112850 seconds
Total time for which application threads were stopped: 0.0003090 seconds
2012-01-20T16:34:08.658+0000: 1536.772: [GC 1536.772: [ParNew: 27328K->5440K(27328K), 0.0085980 secs] 2167015K->2145878K(4188864K) icms_dc=0 , 0.0087220 secs] [Times: user=0.08 sys=0.00, real=0.01 secs] 
Total time for which application threads were stopped: 0.0089660 seconds
2012-01-20T16:34:10.231+0000: 1538.344: [GC 1538.344: [ParNew: 27328K->5440K(27328K), 0.0084080 secs] 2167766K->2146666K(4188864K) icms_dc=0 , 0.0085290 secs] [Times: user=0.08 sys=0.01, real=0.01 secs] 
Total time for which application threads were stopped: 0.0088930 seconds
2012-01-20T16:34:11.675+0000: 1539.788: [GC 1539.788: [ParNew: 27328K->5308K(27328K), 0.0069200 secs] 2168554K->2146534K(4188864K) icms_dc=0 , 0.0070390 secs] [Times: user=0.08 sys=0.01, real=0.01 secs] 
Total time for which application threads were stopped: 0.0073970 seconds
2012-01-20T16:34:13.295+0000: 1541.408: [GC 1541.408: [ParNew: 27196K->5440K(27328K), 0.0076990 secs] 2168422K->2146939K(4188864K) icms_dc=0 , 0.0078200 secs] [Times: user=0.08 sys=0.00, real=0.01 secs] 
Total time for which application threads were stopped: 0.0082220 seconds
2012-01-20T16:34:14.978+0000: 1543.091: [GC 1543.091: [ParNew: 27328K->5440K(27328K), 0.0076490 secs] 2168827K->2147365K(4188864K) icms_dc=0 , 0.0077530 secs] [Times: user=0.09 sys=0.00, real=0.00 secs] 
Total time for which application threads were stopped: 0.0081770 seconds
2012-01-20T16:34:16.684+0000: 1544.797: [GC 1544.797: [ParNew: 27328K->4897K(27328K), 0.0080940 secs] 2169253K->2147140K(4188864K) icms_dc=0 , 0.0082020 secs] [Times: user=0.09 sys=0.00, real=0.01 secs] 
Total time for which application threads were stopped: 0.0085840 seconds
2012-01-20T16:34:18.048+0000: 1546.162: [GC 1546.162: [ParNew: 26785K->5440K(27328K), 0.0067910 secs] 2169028K->2147740K(4188864K) icms_dc=0 , 0.0069150 secs] [Times: user=0.08 sys=0.00, real=0.00 secs] 
Total time for which application threads were stopped: 0.0072750 seconds
Total time for which application threads were stopped: 0.0001460 seconds
2012-01-20T16:34:19.717+0000: 1547.830: [GC 1547.830: [ParNew: 27328K->4936K(27328K), 0.0074760 secs] 2169628K->2147483K(4188864K) icms_dc=0 , 0.0076000 secs] [Times: user=0.08 sys=0.00, real=0.01 secs] 
Total time for which application threads were stopped: 0.0079670 seconds
2012-01-20T16:34:21.203+0000: 1549.316: [GC 1549.316: [ParNew: 26824K->5440K(27328K), 0.0069720 secs] 2169371K->2148128K(4188864K) icms_dc=0 , 0.0070930 secs] [Times: user=0.07 sys=0.00, real=0.01 secs] 
Total time for which application threads were stopped: 0.0074380 seconds
2012-01-20T16:34:22.643+0000: 1550.756: [GC 1550.756: [ParNew: 27328K->4920K(27328K), 0.0064950 secs] 2170016K->2147688K(4188864K) icms_dc=0 , 0.0066140 secs] [Times: user=0.08 sys=0.00, real=0.01 secs] 
Total time for which application threads were stopped: 0.0070140 seconds
2012-01-20T16:34:24.120+0000: 1552.233: [GC 1552.233: [ParNew: 26808K->5440K(27328K), 0.0067110 secs] 2169576K->2148322K(4188864K) icms_dc=0 , 0.0068280 secs] [Times: user=0.08 sys=0.01, real=0.00 secs] 
Total time for which application threads were stopped: 0.0072400 seconds
2012-01-20T16:34:25.535+0000: 1553.648: [GC 1553.648: [ParNew: 27328K->5165K(27328K), 0.0065640 secs] 2170210K->2148112K(4188864K) icms_dc=0 , 0.0066900 secs] [Times: user=0.07 sys=0.00, real=0.01 secs] 
Total time for which application threads were stopped: 0.0070600 seconds
2012-01-20T16:34:27.013+0000: 1555.126: [GC 1555.126: [ParNew: 27053K->5440K(27328K), 0.0072620 secs] 2170000K->2148568K(4188864K) icms_dc=0 , 0.0073800 secs] [Times: user=0.08 sys=0.00, real=0.01 secs] 
Total time for which application threads were stopped: 0.0077840 seconds
Total time for which application threads were stopped: 0.0002690 seconds
2012-01-20T16:34:28.468+0000: 1556.582: [GC 1556.582: [ParNew: 27328K->4986K(27328K), 0.0064610 secs] 2170456K->2148151K(4188864K) icms_dc=0 , 0.0065850 secs] [Times: user=0.07 sys=0.00, real=0.01 secs] 
Total time for which application threads were stopped: 0.0068340 seconds
2012-01-20T16:34:29.957+0000: 1558.070: [GC 1558.070: [ParNew: 26874K->5440K(27328K), 0.0074590 secs] 2170039K->2148811K(4188864K) icms_dc=0 , 0.0075810 secs] [Times: user=0.08 sys=0.01, real=0.01 secs] 
Total time for which application threads were stopped: 0.0079360 seconds
2012-01-20T16:34:31.652+0000: 1559.765: [GC 1559.765: [ParNew: 27328K->5440K(27328K), 0.0085260 secs] 2170699K->2149316K(4188864K) icms_dc=0 , 0.0086520 secs] [Times: user=0.09 sys=0.00, real=0.01 secs] 
Total time for which application threads were stopped: 0.0090650 seconds
2012-01-20T16:34:33.244+0000: 1561.357: [GC 1561.357: [ParNew: 27328K->5440K(27328K), 0.0066650 secs] 2171204K->2149316K(4188864K) icms_dc=0 , 0.0067830 secs] [Times: user=0.08 sys=0.00, real=0.01 secs] 
Total time for which application threads were stopped: 0.0071420 seconds
2012-01-20T16:34:34.891+0000: 1563.004: [GC 1563.004: [ParNew: 27328K->5440K(27328K), 0.0080520 secs] 2171204K->2149763K(4188864K) icms_dc=0 , 0.0081740 secs] [Times: user=0.08 sys=0.00, real=0.00 secs] 
Total time for which application threads were stopped: 0.0085780 seconds
2012-01-20T16:34:36.283+0000: 1564.396: [GC 1564.396: [ParNew: 27328K->5440K(27328K), 0.0078810 secs] 2171651K->2150226K(4188864K) icms_dc=0 , 0.0080470 secs] [Times: user=0.09 sys=0.00, real=0.01 secs] 
Total time for which application threads were stopped: 0.0084780 seconds
2012-01-20T16:34:37.391+0000: 1565.504: [GC 1565.505: [ParNew: 27328K->5440K(27328K), 0.0080940 secs] 2172114K->2150592K(4188864K) icms_dc=0 , 0.0082200 secs] [Times: user=0.09 sys=0.00, real=0.00 secs] 
Total time for which application threads were stopped: 0.0085950 seconds
Total time for which application threads were stopped: 0.0002560 seconds
2012-01-20T16:34:38.790+0000: 1566.903: [GC 1566.903: [ParNew: 27328K->5440K(27328K), 0.0093070 secs] 2172480K->2151192K(4188864K) icms_dc=0 , 0.0094350 secs] [Times: user=0.09 sys=0.00, real=0.01 secs] 
Total time for which application threads were stopped: 0.0096930 seconds
2012-01-20T16:34:40.255+0000: 1568.368: [GC 1568.368: [ParNew: 27328K->5440K(27328K), 0.0098210 secs] 2173080K->2151888K(4188864K) icms_dc=0 , 0.0099450 secs] [Times: user=0.10 sys=0.00, real=0.01 secs] 
Total time for which application threads were stopped: 0.0103310 seconds
2012-01-20T16:34:41.705+0000: 1569.818: [GC 1569.819: [ParNew: 27328K->5440K(27328K), 0.0097640 secs] 2173776K->2152710K(4188864K) icms_dc=0 , 0.0098960 secs] [Times: user=0.10 sys=0.00, real=0.01 secs] 
Total time for which application threads were stopped: 0.0103210 seconds
2012-01-20T16:34:42.937+0000: 1571.050: [GC 1571.050: [ParNew: 27328K->5440K(27328K), 0.0076400 secs] 2174598K->2153001K(4188864K) icms_dc=0 , 0.0077660 secs] [Times: user=0.09 sys=0.00, real=0.01 secs] 
Total time for which application threads were stopped: 0.0081290 seconds
2012-01-20T16:34:44.386+0000: 1572.500: [GC 1572.500: [ParNew: 27328K->5440K(27328K), 0.0103440 secs] 2174889K->2154091K(4188864K) icms_dc=0 , 0.0104740 secs] [Times: user=0.09 sys=0.01, real=0.01 secs] 
Total time for which application threads were stopped: 0.0108700 seconds
2012-01-20T16:34:46.128+0000: 1574.241: [GC 1574.241: [ParNew: 27328K->5440K(27328K), 0.0076760 secs] 2175979K->2154496K(4188864K) icms_dc=0 , 0.0077990 secs] [Times: user=0.08 sys=0.00, real=0.01 secs] 
Total time for which application threads were stopped: 0.0081810 seconds
2012-01-20T16:34:47.533+0000: 1575.646: [GC 1575.646: [ParNew: 27328K->5440K(27328K), 0.0093360 secs] 2176384K->2155354K(4188864K) icms_dc=0 , 0.0094640 secs] [Times: user=0.10 sys=0.00, real=0.01 secs] 
Total time for which application threads were stopped: 0.0098410 seconds
Total time for which application threads were stopped: 0.0002560 seconds
2012-01-20T16:34:49.087+0000: 1577.200: [GC 1577.200: [ParNew: 27328K->5440K(27328K), 0.0097110 secs] 2177242K->2156057K(4188864K) icms_dc=0 , 0.0098400 secs] [Times: user=0.11 sys=0.00, real=0.01 secs] 
Total time for which application threads were stopped: 0.0102050 seconds
2012-01-20T16:34:50.493+0000: 1578.606: [GC 1578.606: [ParNew: 27328K->5440K(27328K), 0.0087490 secs] 2177945K->2156863K(4188864K) icms_dc=0 , 0.0088750 secs] [Times: user=0.09 sys=0.00, real=0.01 secs] 
Total time for which application threads were stopped: 0.0092960 seconds
2012-01-20T16:34:51.995+0000: 1580.108: [GC 1580.109: [ParNew: 27328K->5440K(27328K), 0.0090940 secs] 2178751K->2157734K(4188864K) icms_dc=0 , 0.0092250 secs] [Times: user=0.09 sys=0.00, real=0.01 secs] 
Total time for which application threads were stopped: 0.0095930 seconds
2012-01-20T16:34:53.603+0000: 1581.716: [GC 1581.716: [ParNew: 27328K->5440K(27328K), 0.0079810 secs] 2179622K->2158291K(4188864K) icms_dc=0 , 0.0081070 secs] [Times: user=0.09 sys=0.00, real=0.00 secs] 
Total time for which application threads were stopped: 0.0085540 seconds
2012-01-20T16:34:55.336+0000: 1583.450: [GC 1583.450: [ParNew: 27328K->5440K(27328K), 0.0087180 secs] 2180179K->2159032K(4188864K) icms_dc=0 , 0.0088440 secs] [Times: user=0.08 sys=0.00, real=0.01 secs] 
Total time for which application threads were stopped: 0.0092290 seconds
2012-01-20T16:34:56.868+0000: 1584.981: [GC 1584.981: [ParNew: 27328K->5440K(27328K), 0.0081540 secs] 2180920K->2159540K(4188864K) icms_dc=0 , 0.0082780 secs] [Times: user=0.08 sys=0.00, real=0.01 secs] 
Total time for which application threads were stopped: 0.0086970 seconds
2012-01-20T16:34:58.277+0000: 1586.390: [GC 1586.390: [ParNew: 27328K->5440K(27328K), 0.0080860 secs] 2181428K->2160171K(4188864K) icms_dc=0 , 0.0082140 secs] [Times: user=0.09 sys=0.00, real=0.01 secs] 
Total time for which application threads were stopped: 0.0085700 seconds
Total time for which application threads were stopped: 0.0001430 seconds
2012-01-20T16:34:59.545+0000: 1587.659: [GC 1587.659: [ParNew: 27328K->5440K(27328K), 0.0077260 secs] 2182059K->2160483K(4188864K) icms_dc=0 , 0.0078520 secs] [Times: user=0.09 sys=0.01, real=0.01 secs] 
Total time for which application threads were stopped: 0.0082400 seconds
Total time for which application threads were stopped: 0.0003670 seconds
2012-01-20T16:35:00.881+0000: 1588.994: [GC 1588.994: [ParNew: 27328K->5440K(27328K), 0.0086680 secs] 2182371K->2161065K(4188864K) icms_dc=0 , 0.0087950 secs] [Times: user=0.09 sys=0.01, real=0.01 secs] 
Total time for which application threads were stopped: 0.0091770 seconds
2012-01-20T16:35:02.256+0000: 1590.369: [GC 1590.369: [ParNew: 27328K->5440K(27328K), 0.0088780 secs] 2182953K->2161605K(4188864K) icms_dc=0 , 0.0090050 secs] [Times: user=0.08 sys=0.00, real=0.01 secs] 
Total time for which application threads were stopped: 0.0093700 seconds
2012-01-20T16:35:03.642+0000: 1591.755: [GC 1591.755: [ParNew: 27328K->5440K(27328K), 0.0098590 secs] 2183493K->2162510K(4188864K) icms_dc=0 , 0.0099910 secs] [Times: user=0.09 sys=0.00, real=0.01 secs] 
Total time for which application threads were stopped: 0.0103550 seconds
2012-01-20T16:35:05.055+0000: 1593.168: [GC 1593.168: [ParNew: 27328K->5440K(27328K), 0.0089520 secs] 2184398K->2163327K(4188864K) icms_dc=0 , 0.0090770 secs] [Times: user=0.09 sys=0.01, real=0.01 secs] 
Total time for which application threads were stopped: 0.0094470 seconds
2012-01-20T16:35:06.502+0000: 1594.615: [GC 1594.615: [ParNew: 27328K->5440K(27328K), 0.0082590 secs] 2185215K->2163866K(4188864K) icms_dc=0 , 0.0083870 secs] [Times: user=0.09 sys=0.01, real=0.01 secs] 
Total time for which application threads were stopped: 0.0087960 seconds
2012-01-20T16:35:08.032+0000: 1596.145: [GC 1596.146: [ParNew: 27328K->5440K(27328K), 0.0071000 secs] 2185754K->2164046K(4188864K) icms_dc=0 , 0.0072220 secs] [Times: user=0.08 sys=0.01, real=0.01 secs] 
Total time for which application threads were stopped: 0.0076250 seconds
Total time for which application threads were stopped: 0.0001360 seconds
2012-01-20T16:35:09.574+0000: 1597.687: [GC 1597.687: [ParNew: 27328K->5440K(27328K), 0.0096460 secs] 2185934K->2164861K(4188864K) icms_dc=0 , 0.0097740 secs] [Times: user=0.08 sys=0.00, real=0.01 secs] 
Total time for which application threads were stopped: 0.0101890 seconds
2012-01-20T16:35:10.931+0000: 1599.044: [GC 1599.044: [ParNew: 27328K->5440K(27328K), 0.0077290 secs] 2186749K->2165105K(4188864K) icms_dc=0 , 0.0078530 secs] [Times: user=0.09 sys=0.00, real=0.01 secs] 
Total time for which application threads were stopped: 0.0083110 seconds
2012-01-20T16:35:12.250+0000: 1600.363: [GC 1600.363: [ParNew: 27328K->5440K(27328K), 0.0073720 secs] 2186993K->2165392K(4188864K) icms_dc=0 , 0.0074950 secs] [Times: user=0.07 sys=0.00, real=0.01 secs] 
Total time for which application threads were stopped: 0.0078440 seconds
2012-01-20T16:35:13.657+0000: 1601.770: [GC 1601.770: [ParNew: 27328K->5440K(27328K), 0.0084900 secs] 2187280K->2165829K(4188864K) icms_dc=0 , 0.0086160 secs] [Times: user=0.09 sys=0.01, real=0.01 secs] 
Total time for which application threads were stopped: 0.0089980 seconds
2012-01-20T16:35:15.235+0000: 1603.348: [GC 1603.348: [ParNew: 27328K->5440K(27328K), 0.0082750 secs] 2187717K->2166367K(4188864K) icms_dc=0 , 0.0084020 secs] [Times: user=0.09 sys=0.00, real=0.00 secs] 
Total time for which application threads were stopped: 0.0087860 seconds
2012-01-20T16:35:16.667+0000: 1604.780: [GC 1604.780: [ParNew: 27328K->5440K(27328K), 0.0073180 secs] 2188255K->2166591K(4188864K) icms_dc=0 , 0.0074420 secs] [Times: user=0.08 sys=0.00, real=0.00 secs] 
Total time for which application threads were stopped: 0.0078570 seconds
2012-01-20T16:35:18.055+0000: 1606.169: [GC 1606.169: [ParNew: 27328K->5440K(27328K), 0.0085060 secs] 2188479K->2167044K(4188864K) icms_dc=0 , 0.0086280 secs] [Times: user=0.09 sys=0.00, real=0.00 secs] 
Total time for which application threads were stopped: 0.0090040 seconds
Total time for which application threads were stopped: 0.0001360 seconds
2012-01-20T16:35:19.491+0000: 1607.604: [GC 1607.604: [ParNew: 27328K->5440K(27328K), 0.0081370 secs] 2188932K->2167414K(4188864K) icms_dc=0 , 0.0082630 secs] [Times: user=0.09 sys=0.00, real=0.01 secs] 
Total time for which application threads were stopped: 0.0086480 seconds
2012-01-20T16:35:20.844+0000: 1608.957: [GC 1608.957: [ParNew: 27328K->5440K(27328K), 0.0104860 secs] 2189302K->2168150K(4188864K) icms_dc=0 , 0.0106110 secs] [Times: user=0.10 sys=0.00, real=0.01 secs] 
Total time for which application threads were stopped: 0.0109850 seconds
2012-01-20T16:35:22.313+0000: 1610.426: [GC 1610.426: [ParNew: 27328K->5440K(27328K), 0.0109970 secs] 2190038K->2169084K(4188864K) icms_dc=0 , 0.0111240 secs] [Times: user=0.10 sys=0.00, real=0.01 secs] 
Total time for which application threads were stopped: 0.0115020 seconds
2012-01-20T16:35:23.685+0000: 1611.798: [GC 1611.798: [ParNew: 27328K->5440K(27328K), 0.0081520 secs] 2190972K->2169357K(4188864K) icms_dc=0 , 0.0082820 secs] [Times: user=0.10 sys=0.00, real=0.01 secs] 
Total time for which application threads were stopped: 0.0086650 seconds
2012-01-20T16:35:25.104+0000: 1613.217: [GC 1613.217: [ParNew: 27328K->5440K(27328K), 0.0092320 secs] 2191245K->2170191K(4188864K) icms_dc=0 , 0.0093610 secs] [Times: user=0.09 sys=0.00, real=0.01 secs] 
Total time for which application threads were stopped: 0.0097580 seconds
2012-01-20T16:35:26.678+0000: 1614.791: [GC 1614.791: [ParNew: 27328K->5440K(27328K), 0.0083210 secs] 2192079K->2170835K(4188864K) icms_dc=0 , 0.0084470 secs] [Times: user=0.08 sys=0.00, real=0.01 secs] 
Total time for which application threads were stopped: 0.0088030 seconds
2012-01-20T16:35:28.190+0000: 1616.304: [GC 1616.304: [ParNew: 27328K->5440K(27328K), 0.0084510 secs] 2192723K->2171450K(4188864K) icms_dc=0 , 0.0085730 secs] [Times: user=0.08 sys=0.00, real=0.01 secs] 
Total time for which application threads were stopped: 0.0090000 seconds
Total time for which application threads were stopped: 0.0001870 seconds
2012-01-20T16:35:29.537+0000: 1617.651: [GC 1617.651: [ParNew: 27328K->5440K(27328K), 0.0094170 secs] 2193338K->2172143K(4188864K) icms_dc=0 , 0.0095500 secs] [Times: user=0.09 sys=0.01, real=0.01 secs] 
Total time for which application threads were stopped: 0.0099580 seconds
2012-01-20T16:35:30.819+0000: 1618.932: [GC 1618.932: [ParNew: 27328K->5440K(27328K), 0.0093320 secs] 2194031K->2172832K(4188864K) icms_dc=0 , 0.0094590 secs] [Times: user=0.09 sys=0.00, real=0.01 secs] 
Total time for which application threads were stopped: 0.0098180 seconds
2012-01-20T16:35:32.332+0000: 1620.445: [GC 1620.445: [ParNew: 27328K->5440K(27328K), 0.0082090 secs] 2194720K->2173366K(4188864K) icms_dc=0 , 0.0083340 secs] [Times: user=0.09 sys=0.00, real=0.01 secs] 
Total time for which application threads were stopped: 0.0087070 seconds
2012-01-20T16:35:34.055+0000: 1622.168: [GC 1622.168: [ParNew: 27328K->5440K(27328K), 0.0083390 secs] 2195254K->2173857K(4188864K) icms_dc=0 , 0.0084670 secs] [Times: user=0.09 sys=0.01, real=0.01 secs] 
Total time for which application threads were stopped: 0.0088490 seconds
2012-01-20T16:35:35.422+0000: 1623.536: [GC 1623.536: [ParNew: 27328K->5440K(27328K), 0.0086930 secs] 2195745K->2174549K(4188864K) icms_dc=0 , 0.0088190 secs] [Times: user=0.08 sys=0.01, real=0.01 secs] 
Total time for which application threads were stopped: 0.0091870 seconds
2012-01-20T16:35:36.882+0000: 1624.996: [GC 1624.996: [ParNew: 27328K->5440K(27328K), 0.0084670 secs] 2196437K->2175057K(4188864K) icms_dc=0 , 0.0085970 secs] [Times: user=0.09 sys=0.00, real=0.01 secs] 
Total time for which application threads were stopped: 0.0089550 seconds
2012-01-20T16:35:38.353+0000: 1626.466: [GC 1626.466: [ParNew: 27328K->5440K(27328K), 0.0092170 secs] 2196945K->2175635K(4188864K) icms_dc=0 , 0.0093470 secs] [Times: user=0.10 sys=0.01, real=0.01 secs] 
Total time for which application threads were stopped: 0.0097500 seconds
Total time for which application threads were stopped: 0.0001840 seconds
2012-01-20T16:35:39.838+0000: 1627.951: [GC 1627.951: [ParNew: 27328K->5440K(27328K), 0.0080900 secs] 2197523K->2176148K(4188864K) icms_dc=0 , 0.0082140 secs] [Times: user=0.08 sys=0.00, real=0.00 secs] 
Total time for which application threads were stopped: 0.0086420 seconds
2012-01-20T16:35:41.366+0000: 1629.480: [GC 1629.480: [ParNew: 27328K->5440K(27328K), 0.0080030 secs] 2198036K->2176702K(4188864K) icms_dc=0 , 0.0081300 secs] [Times: user=0.09 sys=0.00, real=0.01 secs] 
Total time for which application threads were stopped: 0.0085690 seconds
2012-01-20T16:35:42.801+0000: 1630.914: [GC 1630.914: [ParNew: 27328K->5440K(27328K), 0.0080190 secs] 2198590K->2177079K(4188864K) icms_dc=0 , 0.0081450 secs] [Times: user=0.09 sys=0.00, real=0.01 secs] 
Total time for which application threads were stopped: 0.0086260 seconds
2012-01-20T16:35:44.292+0000: 1632.405: [GC 1632.405: [ParNew: 27328K->5440K(27328K), 0.0082230 secs] 2198967K->2177666K(4188864K) icms_dc=0 , 0.0083480 secs] [Times: user=0.08 sys=0.00, real=0.01 secs] 
Total time for which application threads were stopped: 0.0087270 seconds
2012-01-20T16:35:45.811+0000: 1633.925: [GC 1633.925: [ParNew: 27328K->5440K(27328K), 0.0090010 secs] 2199554K->2178216K(4188864K) icms_dc=0 , 0.0091240 secs] [Times: user=0.10 sys=0.00, real=0.01 secs] 
Total time for which application threads were stopped: 0.0095490 seconds
2012-01-20T16:35:47.229+0000: 1635.343: [GC 1635.343: [ParNew: 27328K->5440K(27328K), 0.0091660 secs] 2200104K->2178741K(4188864K) icms_dc=0 , 0.0092920 secs] [Times: user=0.09 sys=0.00, real=0.01 secs] 
Total time for which application threads were stopped: 0.0096490 seconds
Total time for which application threads were stopped: 0.0002770 seconds
2012-01-20T16:35:48.556+0000: 1636.669: [GC 1636.669: [ParNew: 27328K->5440K(27328K), 0.0086460 secs] 2200629K->2179387K(4188864K) icms_dc=0 , 0.0087740 secs] [Times: user=0.09 sys=0.00, real=0.01 secs] 
Total time for which application threads were stopped: 0.0090050 seconds
2012-01-20T16:35:50.034+0000: 1638.147: [GC 1638.147: [ParNew: 27328K->5440K(27328K), 0.0081120 secs] 2201275K->2180052K(4188864K) icms_dc=0 , 0.0082420 secs] [Times: user=0.09 sys=0.00, real=0.01 secs] 
Total time for which application threads were stopped: 0.0086230 seconds
2012-01-20T16:35:51.661+0000: 1639.775: [GC 1639.775: [ParNew: 27328K->5440K(27328K), 0.0078940 secs] 2201940K->2180470K(4188864K) icms_dc=0 , 0.0080220 secs] [Times: user=0.09 sys=0.00, real=0.01 secs] 
Total time for which application threads were stopped: 0.0085230 seconds
2012-01-20T16:35:53.231+0000: 1641.344: [GC 1641.344: [ParNew: 27328K->5440K(27328K), 0.0080380 secs] 2202358K->2181095K(4188864K) icms_dc=0 , 0.0081590 secs] [Times: user=0.09 sys=0.00, real=0.01 secs] 
Total time for which application threads were stopped: 0.0085390 seconds
2012-01-20T16:35:54.648+0000: 1642.761: [GC 1642.761: [ParNew: 27328K->5440K(27328K), 0.0080430 secs] 2202983K->2181542K(4188864K) icms_dc=0 , 0.0081660 secs] [Times: user=0.09 sys=0.00, real=0.01 secs] 
Total time for which application threads were stopped: 0.0085410 seconds
2012-01-20T16:35:55.947+0000: 1644.060: [GC 1644.060: [ParNew: 27328K->5440K(27328K), 0.0081510 secs] 2203430K->2181908K(4188864K) icms_dc=0 , 0.0082760 secs] [Times: user=0.08 sys=0.00, real=0.01 secs] 
Total time for which application threads were stopped: 0.0086840 seconds
2012-01-20T16:35:57.377+0000: 1645.490: [GC 1645.490: [ParNew: 27328K->5440K(27328K), 0.0100880 secs] 2203796K->2182509K(4188864K) icms_dc=0 , 0.0102100 secs] [Times: user=0.10 sys=0.01, real=0.01 secs] 
Total time for which application threads were stopped: 0.0106710 seconds
Total time for which application threads were stopped: 0.0002930 seconds
2012-01-20T16:35:58.731+0000: 1646.844: [GC 1646.845: [ParNew: 27328K->5440K(27328K), 0.0086830 secs] 2204397K->2182968K(4188864K) icms_dc=0 , 0.0088160 secs] [Times: user=0.09 sys=0.00, real=0.01 secs] 
Total time for which application threads were stopped: 0.0091260 seconds
2012-01-20T16:36:00.018+0000: 1648.131: [GC 1648.131: [ParNew: 27328K->5440K(27328K), 0.0091010 secs] 2204856K->2183650K(4188864K) icms_dc=0 , 0.0092330 secs] [Times: user=0.10 sys=0.01, real=0.01 secs] 
Total time for which application threads were stopped: 0.0096470 seconds
2012-01-20T16:36:01.469+0000: 1649.583: [GC 1649.583: [ParNew: 27328K->5440K(27328K), 0.0097160 secs] 2205538K->2184341K(4188864K) icms_dc=0 , 0.0098550 secs] [Times: user=0.10 sys=0.00, real=0.01 secs] 
Total time for which application threads were stopped: 0.0102570 seconds
2012-01-20T16:36:02.734+0000: 1650.848: [GC 1650.848: [ParNew: 27328K->5440K(27328K), 0.0082850 secs] 2206229K->2184543K(4188864K) icms_dc=0 , 0.0084060 secs] [Times: user=0.09 sys=0.00, real=0.01 secs] 
Total time for which application threads were stopped: 0.0088350 seconds
2012-01-20T16:36:04.229+0000: 1652.342: [GC 1652.342: [ParNew: 27328K->5440K(27328K), 0.0094170 secs] 2206431K->2185223K(4188864K) icms_dc=0 , 0.0095480 secs] [Times: user=0.10 sys=0.00, real=0.01 secs] 
Total time for which application threads were stopped: 0.0099180 seconds
2012-01-20T16:36:05.672+0000: 1653.785: [GC 1653.785: [ParNew: 27328K->5440K(27328K), 0.0103580 secs] 2207111K->2186046K(4188864K) icms_dc=0 , 0.0104820 secs] [Times: user=0.10 sys=0.01, real=0.01 secs] 
Total time for which application threads were stopped: 0.0108810 seconds
2012-01-20T16:36:07.097+0000: 1655.210: [GC 1655.210: [ParNew: 27328K->5440K(27328K), 0.0080820 secs] 2207934K->2186536K(4188864K) icms_dc=0 , 0.0082090 secs] [Times: user=0.09 sys=0.00, real=0.01 secs] 
Total time for which application threads were stopped: 0.0086160 seconds
2012-01-20T16:36:08.598+0000: 1656.711: [GC 1656.711: [ParNew: 27328K->5440K(27328K), 0.0103340 secs] 2208424K->2187670K(4188864K) icms_dc=0 , 0.0104680 secs] [Times: user=0.10 sys=0.01, real=0.01 secs] 
Total time for which application threads were stopped: 0.0108380 seconds
Total time for which application threads were stopped: 0.0001350 seconds
2012-01-20T16:36:10.121+0000: 1658.234: [GC 1658.234: [ParNew: 27328K->5440K(27328K), 0.0074740 secs] 2209558K->2187803K(4188864K) icms_dc=0 , 0.0076040 secs] [Times: user=0.09 sys=0.00, real=0.00 secs] 
Total time for which application threads were stopped: 0.0079560 seconds
2012-01-20T16:36:11.560+0000: 1659.673: [GC 1659.673: [ParNew: 27328K->5440K(27328K), 0.0086370 secs] 2209691K->2188488K(4188864K) icms_dc=0 , 0.0087610 secs] [Times: user=0.09 sys=0.01, real=0.01 secs] 
Total time for which application threads were stopped: 0.0091280 seconds
2012-01-20T16:36:13.165+0000: 1661.278: [GC 1661.278: [ParNew: 27328K->5440K(27328K), 0.0087250 secs] 2210376K->2189000K(4188864K) icms_dc=0 , 0.0088520 secs] [Times: user=0.08 sys=0.00, real=0.01 secs] 
Total time for which application threads were stopped: 0.0092230 seconds
2012-01-20T16:36:14.611+0000: 1662.724: [GC 1662.725: [ParNew: 27328K->5440K(27328K), 0.0083450 secs] 2210888K->2189671K(4188864K) icms_dc=0 , 0.0084750 secs] [Times: user=0.09 sys=0.01, real=0.00 secs] 
Total time for which application threads were stopped: 0.0088370 seconds
2012-01-20T16:36:15.888+0000: 1664.001: [GC 1664.001: [ParNew: 27328K->5440K(27328K), 0.0074640 secs] 2211559K->2190012K(4188864K) icms_dc=0 , 0.0075920 secs] [Times: user=0.07 sys=0.00, real=0.01 secs] 
Total time for which application threads were stopped: 0.0079390 seconds
2012-01-20T16:36:17.039+0000: 1665.152: [GC 1665.152: [ParNew: 27328K->5440K(27328K), 0.0079090 secs] 2211900K->2190419K(4188864K) icms_dc=0 , 0.0080300 secs] [Times: user=0.10 sys=0.00, real=0.01 secs] 
Total time for which application threads were stopped: 0.0083800 seconds
2012-01-20T16:36:18.610+0000: 1666.724: [GC 1666.724: [ParNew: 27328K->5440K(27328K), 0.0088990 secs] 2212307K->2191015K(4188864K) icms_dc=0 , 0.0090870 secs] [Times: user=0.09 sys=0.01, real=0.01 secs] 
Total time for which application threads were stopped: 0.0094960 seconds
Total time for which application threads were stopped: 0.0001240 seconds
2012-01-20T16:36:20.205+0000: 1668.318: [GC 1668.318: [ParNew: 27328K->5440K(27328K), 0.0090710 secs] 2212903K->2191654K(4188864K) icms_dc=0 , 0.0091980 secs] [Times: user=0.09 sys=0.01, real=0.01 secs] 
Total time for which application threads were stopped: 0.0095320 seconds
2012-01-20T16:36:21.633+0000: 1669.746: [GC 1669.746: [ParNew: 27328K->5440K(27328K), 0.0091370 secs] 2213542K->2192289K(4188864K) icms_dc=0 , 0.0092630 secs] [Times: user=0.10 sys=0.01, real=0.01 secs] 
Total time for which application threads were stopped: 0.0096890 seconds
2012-01-20T16:36:23.031+0000: 1671.144: [GC 1671.144: [ParNew: 27328K->5440K(27328K), 0.0087790 secs] 2214177K->2192995K(4188864K) icms_dc=0 , 0.0089040 secs] [Times: user=0.09 sys=0.00, real=0.01 secs] 
Total time for which application threads were stopped: 0.0093150 seconds
2012-01-20T16:36:24.385+0000: 1672.498: [GC 1672.498: [ParNew: 27328K->5440K(27328K), 0.0088500 secs] 2214883K->2193739K(4188864K) icms_dc=0 , 0.0089740 secs] [Times: user=0.10 sys=0.00, real=0.01 secs] 
Total time for which application threads were stopped: 0.0093670 seconds
2012-01-20T16:36:25.780+0000: 1673.893: [GC 1673.893: [ParNew: 27328K->5440K(27328K), 0.0090840 secs] 2215627K->2194594K(4188864K) icms_dc=0 , 0.0092150 secs] [Times: user=0.09 sys=0.01, real=0.01 secs] 
Total time for which application threads were stopped: 0.0095940 seconds
2012-01-20T16:36:27.268+0000: 1675.382: [GC 1675.382: [ParNew: 27328K->5440K(27328K), 0.0079370 secs] 2216482K->2194876K(4188864K) icms_dc=0 , 0.0080610 secs] [Times: user=0.09 sys=0.00, real=0.01 secs] 
Total time for which application threads were stopped: 0.0084790 seconds
Total time for which application threads were stopped: 0.0002590 seconds
2012-01-20T16:36:28.829+0000: 1676.942: [GC 1676.942: [ParNew: 27328K->5440K(27328K), 0.0105800 secs] 2216764K->2195688K(4188864K) icms_dc=0 , 0.0107070 secs] [Times: user=0.10 sys=0.00, real=0.01 secs] 
Total time for which application threads were stopped: 0.0109050 seconds
2012-01-20T16:36:30.354+0000: 1678.467: [GC 1678.467: [ParNew: 27328K->5440K(27328K), 0.0084620 secs] 2217576K->2196277K(4188864K) icms_dc=0 , 0.0085870 secs] [Times: user=0.09 sys=0.00, real=0.00 secs] 
Total time for which application threads were stopped: 0.0089570 seconds
2012-01-20T16:36:31.831+0000: 1679.944: [GC 1679.944: [ParNew: 27328K->5440K(27328K), 0.0084010 secs] 2218165K->2196940K(4188864K) icms_dc=0 , 0.0085300 secs] [Times: user=0.08 sys=0.00, real=0.01 secs] 
Total time for which application threads were stopped: 0.0089000 seconds
2012-01-20T16:36:33.359+0000: 1681.472: [GC 1681.472: [ParNew: 27328K->5440K(27328K), 0.0077140 secs] 2218828K->2197246K(4188864K) icms_dc=0 , 0.0078370 secs] [Times: user=0.09 sys=0.00, real=0.01 secs] 
Total time for which application threads were stopped: 0.0082470 seconds
2012-01-20T16:36:34.881+0000: 1682.994: [GC 1682.995: [ParNew: 27328K->5440K(27328K), 0.0083150 secs] 2219134K->2197775K(4188864K) icms_dc=0 , 0.0084380 secs] [Times: user=0.09 sys=0.01, real=0.01 secs] 
Total time for which application threads were stopped: 0.0088080 seconds
2012-01-20T16:36:36.160+0000: 1684.273: [GC 1684.273: [ParNew: 27328K->5440K(27328K), 0.0083740 secs] 2219663K->2198241K(4188864K) icms_dc=0 , 0.0085000 secs] [Times: user=0.08 sys=0.01, real=0.01 secs] 
Total time for which application threads were stopped: 0.0088620 seconds
2012-01-20T16:36:37.643+0000: 1685.756: [GC 1685.756: [ParNew: 27328K->5440K(27328K), 0.0094620 secs] 2220129K->2198764K(4188864K) icms_dc=0 , 0.0095910 secs] [Times: user=0.10 sys=0.00, real=0.01 secs] 
Total time for which application threads were stopped: 0.0099380 seconds
Total time for which application threads were stopped: 0.0002490 seconds
2012-01-20T16:36:38.996+0000: 1687.110: [GC 1687.110: [ParNew: 27328K->5440K(27328K), 0.0088190 secs] 2220652K->2199380K(4188864K) icms_dc=0 , 0.0089930 secs] [Times: user=0.09 sys=0.01, real=0.01 secs] 
Total time for which application threads were stopped: 0.0092540 seconds
2012-01-20T16:36:40.412+0000: 1688.525: [GC 1688.526: [ParNew: 27328K->5440K(27328K), 0.0078330 secs] 2221268K->2199829K(4188864K) icms_dc=0 , 0.0079550 secs] [Times: user=0.09 sys=0.00, real=0.01 secs] 
Total time for which application threads were stopped: 0.0083830 seconds
2012-01-20T16:36:41.778+0000: 1689.891: [GC 1689.892: [ParNew: 27328K->5440K(27328K), 0.0088970 secs] 2221717K->2200384K(4188864K) icms_dc=0 , 0.0090250 secs] [Times: user=0.09 sys=0.00, real=0.01 secs] 
Total time for which application threads were stopped: 0.0093940 seconds
2012-01-20T16:36:43.157+0000: 1691.270: [GC 1691.270: [ParNew: 27328K->5440K(27328K), 0.0084750 secs] 2222272K->2200912K(4188864K) icms_dc=0 , 0.0086000 secs] [Times: user=0.09 sys=0.00, real=0.01 secs] 
Total time for which application threads were stopped: 0.0089480 seconds
2012-01-20T16:36:44.702+0000: 1692.815: [GC 1692.815: [ParNew: 27328K->5440K(27328K), 0.0084010 secs] 2222800K->2201357K(4188864K) icms_dc=0 , 0.0085240 secs] [Times: user=0.08 sys=0.00, real=0.01 secs] 
Total time for which application threads were stopped: 0.0088890 seconds
2012-01-20T16:36:46.388+0000: 1694.502: [GC 1694.502: [ParNew: 27328K->5440K(27328K), 0.0113690 secs] 2223245K->2202589K(4188864K) icms_dc=0 , 0.0115010 secs] [Times: user=0.10 sys=0.00, real=0.01 secs] 
Total time for which application threads were stopped: 0.0118690 seconds
2012-01-20T16:36:47.832+0000: 1695.945: [GC 1695.945: [ParNew: 27328K->5440K(27328K), 0.0083840 secs] 2224477K->2203352K(4188864K) icms_dc=0 , 0.0085100 secs] [Times: user=0.08 sys=0.01, real=0.01 secs] 
Total time for which application threads were stopped: 0.0088770 seconds
Total time for which application threads were stopped: 0.0008370 seconds
2012-01-20T16:36:49.136+0000: 1697.249: [GC 1697.249: [ParNew: 27328K->5440K(27328K), 0.0084700 secs] 2225240K->2203971K(4188864K) icms_dc=0 , 0.0086020 secs] [Times: user=0.09 sys=0.00, real=0.00 secs] 
Total time for which application threads were stopped: 0.0088760 seconds
2012-01-20T16:36:50.633+0000: 1698.747: [GC 1698.747: [ParNew: 27328K->5440K(27328K), 0.0072050 secs] 2225859K->2203973K(4188864K) icms_dc=0 , 0.0073230 secs] [Times: user=0.08 sys=0.00, real=0.01 secs] 
Total time for which application threads were stopped: 0.0076740 seconds
2012-01-20T16:36:52.375+0000: 1700.489: [GC 1700.489: [ParNew: 27328K->5440K(27328K), 0.0091390 secs] 2225861K->2204689K(4188864K) icms_dc=0 , 0.0092610 secs] [Times: user=0.08 sys=0.01, real=0.00 secs] 
Total time for which application threads were stopped: 0.0096220 seconds
2012-01-20T16:36:53.970+0000: 1702.083: [GC 1702.083: [ParNew: 27328K->5440K(27328K), 0.0085110 secs] 2226577K->2205256K(4188864K) icms_dc=0 , 0.0086360 secs] [Times: user=0.09 sys=0.00, real=0.01 secs] 
Total time for which application threads were stopped: 0.0090350 seconds
2012-01-20T16:36:55.517+0000: 1703.631: [GC 1703.631: [ParNew: 27328K->5440K(27328K), 0.0074690 secs] 2227144K->2205424K(4188864K) icms_dc=0 , 0.0075990 secs] [Times: user=0.08 sys=0.00, real=0.00 secs] 
Total time for which application threads were stopped: 0.0079810 seconds
2012-01-20T16:36:57.018+0000: 1705.132: [GC 1705.132: [ParNew: 27328K->5440K(27328K), 0.0091440 secs] 2227312K->2205963K(4188864K) icms_dc=0 , 0.0092650 secs] [Times: user=0.09 sys=0.00, real=0.01 secs] 
Total time for which application threads were stopped: 0.0096920 seconds
2012-01-20T16:36:58.562+0000: 1706.675: [GC 1706.675: [ParNew: 27328K->5440K(27328K), 0.0070450 secs] 2227851K->2206154K(4188864K) icms_dc=0 , 0.0071640 secs] [Times: user=0.07 sys=0.00, real=0.01 secs] 
Total time for which application threads were stopped: 0.0075010 seconds
Total time for which application threads were stopped: 0.0002500 seconds
2012-01-20T16:37:00.073+0000: 1708.186: [GC 1708.186: [ParNew: 27328K->5440K(27328K), 0.0083880 secs] 2228042K->2206710K(4188864K) icms_dc=0 , 0.0085140 secs] [Times: user=0.09 sys=0.01, real=0.01 secs] 
Total time for which application threads were stopped: 0.0090870 seconds
2012-01-20T16:37:01.602+0000: 1709.715: [GC 1709.715: [ParNew: 27328K->5440K(27328K), 0.0076730 secs] 2228598K->2207061K(4188864K) icms_dc=0 , 0.0077920 secs] [Times: user=0.07 sys=0.00, real=0.01 secs] 
Total time for which application threads were stopped: 0.0081800 seconds
2012-01-20T16:37:02.860+0000: 1710.973: [GC 1710.973: [ParNew: 27328K->5440K(27328K), 0.0096760 secs] 2228949K->2207832K(4188864K) icms_dc=0 , 0.0098000 secs] [Times: user=0.09 sys=0.00, real=0.01 secs] 
Total time for which application threads were stopped: 0.0101690 seconds
2012-01-20T16:37:04.329+0000: 1712.442: [GC 1712.442: [ParNew: 27328K->5440K(27328K), 0.0087360 secs] 2229720K->2208348K(4188864K) icms_dc=0 , 0.0088610 secs] [Times: user=0.09 sys=0.01, real=0.01 secs] 
Total time for which application threads were stopped: 0.0092590 seconds
2012-01-20T16:37:05.593+0000: 1713.706: [GC 1713.706: [ParNew: 27328K->5440K(27328K), 0.0101960 secs] 2230236K->2208899K(4188864K) icms_dc=0 , 0.0103260 secs] [Times: user=0.11 sys=0.01, real=0.01 secs] 
Total time for which application threads were stopped: 0.0106760 seconds
2012-01-20T16:37:06.991+0000: 1715.104: [GC 1715.104: [ParNew: 27328K->5440K(27328K), 0.0087940 secs] 2230787K->2209611K(4188864K) icms_dc=0 , 0.0089280 secs] [Times: user=0.09 sys=0.00, real=0.01 secs] 
Total time for which application threads were stopped: 0.0093520 seconds
2012-01-20T16:37:08.412+0000: 1716.526: [GC 1716.526: [ParNew: 27328K->5440K(27328K), 0.0086900 secs] 2231499K->2210285K(4188864K) icms_dc=0 , 0.0088220 secs] [Times: user=0.10 sys=0.01, real=0.01 secs] 
Total time for which application threads were stopped: 0.0091890 seconds
Total time for which application threads were stopped: 0.0001860 seconds
2012-01-20T16:37:09.751+0000: 1717.864: [GC 1717.864: [ParNew: 27328K->5440K(27328K), 0.0098650 secs] 2232173K->2211220K(4188864K) icms_dc=0 , 0.0099940 secs] [Times: user=0.10 sys=0.01, real=0.01 secs] 
Total time for which application threads were stopped: 0.0103680 seconds
2012-01-20T16:37:11.276+0000: 1719.389: [GC 1719.389: [ParNew: 27328K->5440K(27328K), 0.0083000 secs] 2233108K->2211505K(4188864K) icms_dc=0 , 0.0084220 secs] [Times: user=0.09 sys=0.00, real=0.01 secs] 
Total time for which application threads were stopped: 0.0088030 seconds
2012-01-20T16:37:12.654+0000: 1720.767: [GC 1720.767: [ParNew: 27328K->5440K(27328K), 0.0113070 secs] 2233393K->2212263K(4188864K) icms_dc=0 , 0.0114300 secs] [Times: user=0.11 sys=0.01, real=0.01 secs] 
Total time for which application threads were stopped: 0.0118180 seconds
2012-01-20T16:37:14.066+0000: 1722.180: [GC 1722.180: [ParNew: 27328K->5440K(27328K), 0.0091970 secs] 2234151K->2212806K(4188864K) icms_dc=0 , 0.0093200 secs] [Times: user=0.10 sys=0.00, real=0.01 secs] 
Total time for which application threads were stopped: 0.0096760 seconds
2012-01-20T16:37:15.589+0000: 1723.702: [GC 1723.703: [ParNew: 27328K->5440K(27328K), 0.0093320 secs] 2234694K->2213830K(4188864K) icms_dc=0 , 0.0094580 secs] [Times: user=0.09 sys=0.00, real=0.01 secs] 
Total time for which application threads were stopped: 0.0098840 seconds
2012-01-20T16:37:16.979+0000: 1725.093: [GC 1725.093: [ParNew: 27328K->5440K(27328K), 0.0087360 secs] 2235718K->2214580K(4188864K) icms_dc=0 , 0.0088610 secs] [Times: user=0.08 sys=0.00, real=0.01 secs] 
Total time for which application threads were stopped: 0.0092580 seconds
2012-01-20T16:37:18.324+0000: 1726.437: [GC 1726.437: [ParNew: 27328K->5440K(27328K), 0.0068380 secs] 2236468K->2214605K(4188864K) icms_dc=0 , 0.0069600 secs] [Times: user=0.08 sys=0.00, real=0.01 secs] 
Total time for which application threads were stopped: 0.0073910 seconds
Total time for which application threads were stopped: 0.0025710 seconds
Total time for which application threads were stopped: 0.0000850 seconds
2012-01-20T16:37:19.720+0000: 1727.834: [GC 1727.834: [ParNew: 27328K->5440K(27328K), 0.0097480 secs] 2236493K->2215490K(4188864K) icms_dc=0 , 0.0098770 secs] [Times: user=0.09 sys=0.00, real=0.01 secs] 
Total time for which application threads were stopped: 0.0103590 seconds
2012-01-20T16:37:21.315+0000: 1729.428: [GC 1729.429: [ParNew: 27328K->5440K(27328K), 0.0067660 secs] 2237378K->2215505K(4188864K) icms_dc=0 , 0.0068910 secs] [Times: user=0.08 sys=0.00, real=0.01 secs] 
Total time for which application threads were stopped: 0.0072740 seconds
2012-01-20T16:37:22.752+0000: 1730.865: [GC 1730.865: [ParNew: 27328K->5440K(27328K), 0.0094890 secs] 2237393K->2216306K(4188864K) icms_dc=0 , 0.0096230 secs] [Times: user=0.09 sys=0.01, real=0.01 secs] 
Total time for which application threads were stopped: 0.0100100 seconds
2012-01-20T16:37:24.256+0000: 1732.370: [GC 1732.370: [ParNew: 27328K->5440K(27328K), 0.0081810 secs] 2238194K->2216771K(4188864K) icms_dc=0 , 0.0083110 secs] [Times: user=0.09 sys=0.00, real=0.01 secs] 
Total time for which application threads were stopped: 0.0087130 seconds
2012-01-20T16:37:25.766+0000: 1733.879: [GC 1733.879: [ParNew: 27328K->5440K(27328K), 0.0075200 secs] 2238659K->2217006K(4188864K) icms_dc=0 , 0.0076350 secs] [Times: user=0.09 sys=0.00, real=0.01 secs] 
Total time for which application threads were stopped: 0.0080050 seconds
2012-01-20T16:37:27.402+0000: 1735.515: [GC 1735.515: [ParNew: 27328K->5440K(27328K), 0.0088360 secs] 2238894K->2217449K(4188864K) icms_dc=0 , 0.0089550 secs] [Times: user=0.10 sys=0.01, real=0.01 secs] 
Total time for which application threads were stopped: 0.0093920 seconds
Total time for which application threads were stopped: 0.0002940 seconds
2012-01-20T16:37:29.071+0000: 1737.184: [GC 1737.184: [ParNew: 27328K->5440K(27328K), 0.0089630 secs] 2239337K->2218098K(4188864K) icms_dc=0 , 0.0090950 secs] [Times: user=0.08 sys=0.00, real=0.01 secs] 
Total time for which application threads were stopped: 0.0093950 seconds
2012-01-20T16:37:30.481+0000: 1738.594: [GC 1738.594: [ParNew: 27328K->5440K(27328K), 0.0105010 secs] 2239986K->2219130K(4188864K) icms_dc=0 , 0.0106290 secs] [Times: user=0.10 sys=0.01, real=0.01 secs] 
Total time for which application threads were stopped: 0.0110070 seconds
2012-01-20T16:37:32.012+0000: 1740.125: [GC 1740.125: [ParNew: 27328K->5440K(27328K), 0.0080020 secs] 2241018K->2219130K(4188864K) icms_dc=0 , 0.0081350 secs] [Times: user=0.10 sys=0.01, real=0.01 secs] 
Total time for which application threads were stopped: 0.0085080 seconds
2012-01-20T16:37:33.478+0000: 1741.591: [GC 1741.591: [ParNew: 27328K->5440K(27328K), 0.0081700 secs] 2241018K->2219714K(4188864K) icms_dc=0 , 0.0082980 secs] [Times: user=0.08 sys=0.00, real=0.01 secs] 
Total time for which application threads were stopped: 0.0086660 seconds
2012-01-20T16:37:34.946+0000: 1743.059: [GC 1743.059: [ParNew: 27328K->5440K(27328K), 0.0085480 secs] 2241602K->2220345K(4188864K) icms_dc=0 , 0.0086750 secs] [Times: user=0.10 sys=0.00, real=0.01 secs] 
Total time for which application threads were stopped: 0.0090730 seconds
2012-01-20T16:37:36.414+0000: 1744.527: [GC 1744.527: [ParNew: 27328K->5440K(27328K), 0.0095830 secs] 2242233K->2221145K(4188864K) icms_dc=0 , 0.0097090 secs] [Times: user=0.09 sys=0.00, real=0.01 secs] 
Total time for which application threads were stopped: 0.0101040 seconds
2012-01-20T16:37:37.850+0000: 1745.963: [GC 1745.963: [ParNew: 27328K->5440K(27328K), 0.0088400 secs] 2243033K->2221471K(4188864K) icms_dc=0 , 0.0089660 secs] [Times: user=0.10 sys=0.00, real=0.01 secs] 
Total time for which application threads were stopped: 0.0094060 seconds
Total time for which application threads were stopped: 0.0002590 seconds
2012-01-20T16:37:39.360+0000: 1747.473: [GC 1747.473: [ParNew: 27328K->5439K(27328K), 0.0112050 secs] 2243359K->2222702K(4188864K) icms_dc=0 , 0.0113380 secs] [Times: user=0.10 sys=0.00, real=0.02 secs] 
Total time for which application threads were stopped: 0.0117430 seconds
2012-01-20T16:37:41.164+0000: 1749.277: [GC 1749.277: [ParNew: 27327K->5440K(27328K), 0.0068860 secs] 2244590K->2222760K(4188864K) icms_dc=0 , 0.0070100 secs] [Times: user=0.07 sys=0.00, real=0.01 secs] 
Total time for which application threads were stopped: 0.0074270 seconds
2012-01-20T16:37:42.651+0000: 1750.764: [GC 1750.764: [ParNew: 27328K->5440K(27328K), 0.0080990 secs] 2244648K->2223312K(4188864K) icms_dc=0 , 0.0082250 secs] [Times: user=0.08 sys=0.00, real=0.01 secs] 
Total time for which application threads were stopped: 0.0086330 seconds
2012-01-20T16:37:44.096+0000: 1752.210: [GC 1752.210: [ParNew: 27328K->5440K(27328K), 0.0086830 secs] 2245200K->2223833K(4188864K) icms_dc=0 , 0.0088120 secs] [Times: user=0.09 sys=0.01, real=0.01 secs] 
Total time for which application threads were stopped: 0.0091890 seconds
2012-01-20T16:37:45.724+0000: 1753.837: [GC 1753.837: [ParNew: 27328K->5440K(27328K), 0.0090600 secs] 2245721K->2224616K(4188864K) icms_dc=0 , 0.0091860 secs] [Times: user=0.09 sys=0.01, real=0.01 secs] 
Total time for which application threads were stopped: 0.0095800 seconds
2012-01-20T16:37:47.166+0000: 1755.279: [GC 1755.279: [ParNew: 27328K->5440K(27328K), 0.0082190 secs] 2246504K->2225018K(4188864K) icms_dc=0 , 0.0083450 secs] [Times: user=0.09 sys=0.00, real=0.01 secs] 
Total time for which application threads were stopped: 0.0087460 seconds
2012-01-20T16:37:48.556+0000: 1756.669: [GC 1756.669: [ParNew: 27328K->5440K(27328K), 0.0101590 secs] 2246906K->2225707K(4188864K) icms_dc=0 , 0.0102830 secs] [Times: user=0.10 sys=0.00, real=0.01 secs] 
Total time for which application threads were stopped: 0.0107090 seconds
Total time for which application threads were stopped: 0.0001410 seconds
2012-01-20T16:37:50.048+0000: 1758.161: [GC 1758.161: [ParNew: 27328K->5440K(27328K), 0.0087770 secs] 2247595K->2226366K(4188864K) icms_dc=0 , 0.0089060 secs] [Times: user=0.09 sys=0.01, real=0.01 secs] 
Total time for which application threads were stopped: 0.0093400 seconds
2012-01-20T16:37:51.420+0000: 1759.534: [GC 1759.534: [ParNew: 27328K->5440K(27328K), 0.0092320 secs] 2248254K->2227312K(4188864K) icms_dc=0 , 0.0093600 secs] [Times: user=0.10 sys=0.00, real=0.01 secs] 
Total time for which application threads were stopped: 0.0097450 seconds
2012-01-20T16:37:52.757+0000: 1760.870: [GC 1760.870: [ParNew: 27328K->5440K(27328K), 0.0092220 secs] 2249200K->2228177K(4188864K) icms_dc=0 , 0.0093490 secs] [Times: user=0.09 sys=0.01, real=0.01 secs] 
Total time for which application threads were stopped: 0.0097220 seconds
2012-01-20T16:37:54.331+0000: 1762.444: [GC 1762.444: [ParNew: 27328K->5440K(27328K), 0.0067740 secs] 2250065K->2228187K(4188864K) icms_dc=0 , 0.0068930 secs] [Times: user=0.08 sys=0.00, real=0.01 secs] 
Total time for which application threads were stopped: 0.0072670 seconds
2012-01-20T16:37:55.946+0000: 1764.060: [GC 1764.060: [ParNew: 27328K->5440K(27328K), 0.0092450 secs] 2250075K->2228831K(4188864K) icms_dc=0 , 0.0093720 secs] [Times: user=0.09 sys=0.00, real=0.01 secs] 
Total time for which application threads were stopped: 0.0097510 seconds
2012-01-20T16:37:57.549+0000: 1765.663: [GC 1765.663: [ParNew: 27328K->5436K(27328K), 0.0073560 secs] 2250719K->2229089K(4188864K) icms_dc=0 , 0.0074790 secs] [Times: user=0.09 sys=0.00, real=0.01 secs] 
Total time for which application threads were stopped: 0.0078410 seconds
Total time for which application threads were stopped: 0.0003510 seconds
2012-01-20T16:37:59.065+0000: 1767.178: [GC 1767.178: [ParNew: 27324K->5440K(27328K), 0.0083600 secs] 2250977K->2229489K(4188864K) icms_dc=0 , 0.0084920 secs] [Times: user=0.09 sys=0.00, real=0.01 secs] 
Total time for which application threads were stopped: 0.0087350 seconds
2012-01-20T16:38:00.530+0000: 1768.643: [GC 1768.643: [ParNew: 27328K->5061K(27328K), 0.0070170 secs] 2251377K->2229310K(4188864K) icms_dc=0 , 0.0071410 secs] [Times: user=0.08 sys=0.00, real=0.01 secs] 
Total time for which application threads were stopped: 0.0075380 seconds
2012-01-20T16:38:02.038+0000: 1770.151: [GC 1770.151: [ParNew: 26949K->5440K(27328K), 0.0075870 secs] 2251198K->2230031K(4188864K) icms_dc=0 , 0.0077150 secs] [Times: user=0.08 sys=0.00, real=0.01 secs] 
Total time for which application threads were stopped: 0.0081360 seconds
2012-01-20T16:38:03.709+0000: 1771.822: [GC 1771.822: [ParNew: 27328K->5138K(27328K), 0.0077530 secs] 2251919K->2229805K(4188864K) icms_dc=0 , 0.0078750 secs] [Times: user=0.09 sys=0.00, real=0.01 secs] 
Total time for which application threads were stopped: 0.0083440 seconds
2012-01-20T16:38:05.251+0000: 1773.364: [GC 1773.364: [ParNew: 27026K->5440K(27328K), 0.0075010 secs] 2251693K->2230308K(4188864K) icms_dc=0 , 0.0076230 secs] [Times: user=0.09 sys=0.00, real=0.01 secs] 
Total time for which application threads were stopped: 0.0079970 seconds
2012-01-20T16:38:06.758+0000: 1774.871: [GC 1774.871: [ParNew: 27328K->5440K(27328K), 0.0075160 secs] 2252196K->2230594K(4188864K) icms_dc=0 , 0.0076490 secs] [Times: user=0.08 sys=0.00, real=0.01 secs] 
Total time for which application threads were stopped: 0.0080380 seconds
2012-01-20T16:38:08.210+0000: 1776.323: [GC 1776.323: [ParNew: 27328K->5440K(27328K), 0.0087460 secs] 2252482K->2231026K(4188864K) icms_dc=0 , 0.0088800 secs] [Times: user=0.10 sys=0.00, real=0.01 secs] 
Total time for which application threads were stopped: 0.0092670 seconds
Total time for which application threads were stopped: 0.0003280 seconds
2012-01-20T16:38:09.734+0000: 1777.848: [GC 1777.848: [ParNew: 27328K->5440K(27328K), 0.0074920 secs] 2252914K->2231259K(4188864K) icms_dc=0 , 0.0076300 secs] [Times: user=0.08 sys=0.00, real=0.00 secs] 
Total time for which application threads were stopped: 0.0079930 seconds
2012-01-20T16:38:11.352+0000: 1779.465: [GC 1779.465: [ParNew: 27328K->5440K(27328K), 0.0089540 secs] 2253147K->2231783K(4188864K) icms_dc=0 , 0.0090800 secs] [Times: user=0.09 sys=0.00, real=0.01 secs] 
Total time for which application threads were stopped: 0.0094880 seconds
2012-01-20T16:38:12.786+0000: 1780.900: [GC 1780.900: [ParNew: 27328K->5440K(27328K), 0.0109840 secs] 2253671K->2232456K(4188864K) icms_dc=0 , 0.0111090 secs] [Times: user=0.11 sys=0.00, real=0.01 secs] 
Total time for which application threads were stopped: 0.0115420 seconds
2012-01-20T16:38:14.448+0000: 1782.561: [GC 1782.561: [ParNew: 27328K->5440K(27328K), 0.0100630 secs] 2254344K->2233538K(4188864K) icms_dc=0 , 0.0101950 secs] [Times: user=0.09 sys=0.01, real=0.01 secs] 
Total time for which application threads were stopped: 0.0105810 seconds
2012-01-20T16:38:15.942+0000: 1784.055: [GC 1784.056: [ParNew: 27328K->5440K(27328K), 0.0077130 secs] 2255426K->2233596K(4188864K) icms_dc=0 , 0.0078370 secs] [Times: user=0.09 sys=0.00, real=0.01 secs] 
Total time for which application threads were stopped: 0.0082250 seconds
2012-01-20T16:38:17.612+0000: 1785.725: [GC 1785.725: [ParNew: 27328K->5440K(27328K), 0.0090630 secs] 2255484K->2234457K(4188864K) icms_dc=0 , 0.0092090 secs] [Times: user=0.09 sys=0.01, real=0.01 secs] 
Total time for which application threads were stopped: 0.0096450 seconds
Total time for which application threads were stopped: 0.0002740 seconds
2012-01-20T16:38:19.063+0000: 1787.176: [GC 1787.176: [ParNew: 27328K->5440K(27328K), 0.0071070 secs] 2256345K->2234457K(4188864K) icms_dc=0 , 0.0072300 secs] [Times: user=0.08 sys=0.00, real=0.01 secs] 
Total time for which application threads were stopped: 0.0074590 seconds
2012-01-20T16:38:20.434+0000: 1788.547: [GC 1788.547: [ParNew: 27328K->5440K(27328K), 0.0082420 secs] 2256345K->2234914K(4188864K) icms_dc=0 , 0.0083700 secs] [Times: user=0.09 sys=0.00, real=0.01 secs] 
Total time for which application threads were stopped: 0.0087480 seconds
2012-01-20T16:38:21.992+0000: 1790.105: [GC 1790.105: [ParNew: 27328K->5440K(27328K), 0.0088310 secs] 2256802K->2235358K(4188864K) icms_dc=0 , 0.0089640 secs] [Times: user=0.10 sys=0.00, real=0.01 secs] 
Total time for which application threads were stopped: 0.0094200 seconds
2012-01-20T16:38:23.362+0000: 1791.475: [GC 1791.476: [ParNew: 27328K->5440K(27328K), 0.0078320 secs] 2257246K->2235819K(4188864K) icms_dc=0 , 0.0079610 secs] [Times: user=0.09 sys=0.01, real=0.01 secs] 
Total time for which application threads were stopped: 0.0083420 seconds
2012-01-20T16:38:24.842+0000: 1792.955: [GC 1792.956: [ParNew: 27328K->5440K(27328K), 0.0074560 secs] 2257707K->2236075K(4188864K) icms_dc=0 , 0.0076280 secs] [Times: user=0.09 sys=0.00, real=0.01 secs] 
Total time for which application threads were stopped: 0.0080330 seconds
2012-01-20T16:38:26.345+0000: 1794.458: [GC 1794.459: [ParNew: 27328K->5440K(27328K), 0.0095740 secs] 2257963K->2236587K(4188864K) icms_dc=0 , 0.0097010 secs] [Times: user=0.10 sys=0.00, real=0.01 secs] 
Total time for which application threads were stopped: 0.0100820 seconds
2012-01-20T16:38:27.783+0000: 1795.896: [GC 1795.896: [ParNew: 27328K->5440K(27328K), 0.0090200 secs] 2258475K->2237193K(4188864K) icms_dc=0 , 0.0091440 secs] [Times: user=0.09 sys=0.01, real=0.01 secs] 
Total time for which application threads were stopped: 0.0095280 seconds
Total time for which application threads were stopped: 0.0002690 seconds
2012-01-20T16:38:29.483+0000: 1797.596: [GC 1797.596: [ParNew: 27328K->5440K(27328K), 0.0084450 secs] 2259081K->2237735K(4188864K) icms_dc=0 , 0.0085750 secs] [Times: user=0.08 sys=0.00, real=0.01 secs] 
Total time for which application threads were stopped: 0.0088280 seconds
2012-01-20T16:38:31.074+0000: 1799.188: [GC 1799.188: [ParNew: 27328K->5440K(27328K), 0.0084020 secs] 2259623K->2238216K(4188864K) icms_dc=0 , 0.0085260 secs] [Times: user=0.08 sys=0.00, real=0.01 secs] 
Total time for which application threads were stopped: 0.0088960 seconds
2012-01-20T16:38:32.841+0000: 1800.954: [GC 1800.954: [ParNew: 27328K->5440K(27328K), 0.0092640 secs] 2260104K->2238744K(4188864K) icms_dc=0 , 0.0093980 secs] [Times: user=0.10 sys=0.00, real=0.01 secs] 
Total time for which application threads were stopped: 0.0097730 seconds
2012-01-20T16:38:34.335+0000: 1802.448: [GC 1802.448: [ParNew: 27328K->5440K(27328K), 0.0084000 secs] 2260632K->2239252K(4188864K) icms_dc=0 , 0.0085270 secs] [Times: user=0.09 sys=0.00, real=0.01 secs] 
Total time for which application threads were stopped: 0.0089960 seconds
2012-01-20T16:38:35.888+0000: 1804.001: [GC 1804.001: [ParNew: 27328K->5440K(27328K), 0.0084060 secs] 2261140K->2239847K(4188864K) icms_dc=0 , 0.0085310 secs] [Times: user=0.08 sys=0.00, real=0.00 secs] 
Total time for which application threads were stopped: 0.0089510 seconds
2012-01-20T16:38:37.616+0000: 1805.729: [GC 1805.729: [ParNew: 27328K->5440K(27328K), 0.0094570 secs] 2261735K->2240373K(4188864K) icms_dc=0 , 0.0095840 secs] [Times: user=0.09 sys=0.00, real=0.01 secs] 
Total time for which application threads were stopped: 0.0099740 seconds
2012-01-20T16:38:38.969+0000: 1807.082: [GC 1807.082: [ParNew: 27328K->5440K(27328K), 0.0092120 secs] 2262261K->2240845K(4188864K) icms_dc=0 , 0.0093370 secs] [Times: user=0.09 sys=0.00, real=0.01 secs] 
Total time for which application threads were stopped: 0.0097300 seconds
Total time for which application threads were stopped: 0.0001880 seconds
2012-01-20T16:38:40.435+0000: 1808.548: [GC 1808.548: [ParNew: 27328K->5440K(27328K), 0.0095770 secs] 2262733K->2241525K(4188864K) icms_dc=0 , 0.0097040 secs] [Times: user=0.10 sys=0.01, real=0.01 secs] 
Total time for which application threads were stopped: 0.0101300 seconds
2012-01-20T16:38:41.873+0000: 1809.986: [GC 1809.986: [ParNew: 27328K->5440K(27328K), 0.0087550 secs] 2263413K->2242062K(4188864K) icms_dc=0 , 0.0088820 secs] [Times: user=0.09 sys=0.01, real=0.01 secs] 
Total time for which application threads were stopped: 0.0093160 seconds
2012-01-20T16:38:43.598+0000: 1811.712: [GC 1811.712: [ParNew: 27328K->5440K(27328K), 0.0097920 secs] 2263950K->2242986K(4188864K) icms_dc=0 , 0.0099190 secs] [Times: user=0.09 sys=0.01, real=0.01 secs] 
Total time for which application threads were stopped: 0.0103130 seconds
2012-01-20T16:38:45.060+0000: 1813.173: [GC 1813.173: [ParNew: 27328K->5440K(27328K), 0.0080070 secs] 2264874K->2243234K(4188864K) icms_dc=0 , 0.0081330 secs] [Times: user=0.08 sys=0.00, real=0.01 secs] 
Total time for which application threads were stopped: 0.0085500 seconds
2012-01-20T16:38:46.430+0000: 1814.543: [GC 1814.543: [ParNew: 27328K->5440K(27328K), 0.0094250 secs] 2265122K->2244147K(4188864K) icms_dc=0 , 0.0095500 secs] [Times: user=0.08 sys=0.00, real=0.01 secs] 
Total time for which application threads were stopped: 0.0100750 seconds
2012-01-20T16:38:47.772+0000: 1815.885: [GC 1815.885: [ParNew: 27328K->5440K(27328K), 0.0076090 secs] 2266035K->2244147K(4188864K) icms_dc=0 , 0.0077360 secs] [Times: user=0.09 sys=0.00, real=0.01 secs] 
Total time for which application threads were stopped: 0.0081190 seconds
Total time for which application threads were stopped: 0.0002670 seconds
2012-01-20T16:38:49.265+0000: 1817.378: [GC 1817.378: [ParNew: 27328K->5440K(27328K), 0.0088560 secs] 2266035K->2244719K(4188864K) icms_dc=0 , 0.0089820 secs] [Times: user=0.09 sys=0.01, real=0.01 secs] 
Total time for which application threads were stopped: 0.0092280 seconds
2012-01-20T16:38:50.688+0000: 1818.802: [GC 1818.802: [ParNew: 27328K->5440K(27328K), 0.0072770 secs] 2266607K->2244963K(4188864K) icms_dc=0 , 0.0074040 secs] [Times: user=0.08 sys=0.00, real=0.01 secs] 
Total time for which application threads were stopped: 0.0078030 seconds
2012-01-20T16:38:52.110+0000: 1820.223: [GC 1820.224: [ParNew: 27328K->5440K(27328K), 0.0093180 secs] 2266851K->2245692K(4188864K) icms_dc=0 , 0.0094460 secs] [Times: user=0.09 sys=0.00, real=0.01 secs] 
Total time for which application threads were stopped: 0.0098250 seconds
2012-01-20T16:38:53.578+0000: 1821.691: [GC 1821.691: [ParNew: 27328K->5440K(27328K), 0.0074710 secs] 2267580K->2245867K(4188864K) icms_dc=0 , 0.0075960 secs] [Times: user=0.09 sys=0.00, real=0.01 secs] 
Total time for which application threads were stopped: 0.0079550 seconds
2012-01-20T16:38:54.983+0000: 1823.096: [GC 1823.096: [ParNew: 27328K->5440K(27328K), 0.0077500 secs] 2267755K->2246322K(4188864K) icms_dc=0 , 0.0078720 secs] [Times: user=0.08 sys=0.00, real=0.01 secs] 
Total time for which application threads were stopped: 0.0082450 seconds
2012-01-20T16:38:56.364+0000: 1824.477: [GC 1824.477: [ParNew: 27328K->5440K(27328K), 0.0070510 secs] 2268210K->2246393K(4188864K) icms_dc=0 , 0.0071800 secs] [Times: user=0.09 sys=0.00, real=0.01 secs] 
Total time for which application threads were stopped: 0.0075780 seconds
2012-01-20T16:38:57.799+0000: 1825.912: [GC 1825.912: [ParNew: 27328K->5440K(27328K), 0.0087190 secs] 2268281K->2246945K(4188864K) icms_dc=0 , 0.0088420 secs] [Times: user=0.08 sys=0.00, real=0.01 secs] 
Total time for which application threads were stopped: 0.0092660 seconds
Total time for which application threads were stopped: 0.0002740 seconds
2012-01-20T16:38:59.203+0000: 1827.316: [GC 1827.316: [ParNew: 27328K->5440K(27328K), 0.0082410 secs] 2268833K->2247359K(4188864K) icms_dc=0 , 0.0083670 secs] [Times: user=0.08 sys=0.00, real=0.01 secs] 
Total time for which application threads were stopped: 0.0086230 seconds
2012-01-20T16:39:00.649+0000: 1828.763: [GC 1828.763: [ParNew: 27328K->5440K(27328K), 0.0087660 secs] 2269247K->2247787K(4188864K) icms_dc=0 , 0.0088930 secs] [Times: user=0.09 sys=0.00, real=0.01 secs] 
Total time for which application threads were stopped: 0.0092950 seconds
2012-01-20T16:39:02.165+0000: 1830.278: [GC 1830.278: [ParNew: 27328K->5440K(27328K), 0.0102070 secs] 2269675K->2248570K(4188864K) icms_dc=0 , 0.0103350 secs] [Times: user=0.10 sys=0.01, real=0.01 secs] 
Total time for which application threads were stopped: 0.0107170 seconds
2012-01-20T16:39:03.648+0000: 1831.762: [GC 1831.762: [ParNew: 27328K->5440K(27328K), 0.0103260 secs] 2270458K->2249176K(4188864K) icms_dc=0 , 0.0104530 secs] [Times: user=0.12 sys=0.01, real=0.01 secs] 
Total time for which application threads were stopped: 0.0108780 seconds
2012-01-20T16:39:05.060+0000: 1833.173: [GC 1833.174: [ParNew: 27328K->5440K(27328K), 0.0091150 secs] 2271064K->2250001K(4188864K) icms_dc=0 , 0.0092450 secs] [Times: user=0.09 sys=0.01, real=0.00 secs] 
Total time for which application threads were stopped: 0.0096760 seconds
2012-01-20T16:39:06.561+0000: 1834.675: [GC 1834.675: [ParNew: 27328K->5440K(27328K), 0.0074940 secs] 2271889K->2250001K(4188864K) icms_dc=0 , 0.0076170 secs] [Times: user=0.09 sys=0.00, real=0.00 secs] 
Total time for which application threads were stopped: 0.0079850 seconds
2012-01-20T16:39:07.868+0000: 1835.982: [GC 1835.982: [ParNew: 27328K->5440K(27328K), 0.0084080 secs] 2271889K->2250577K(4188864K) icms_dc=0 , 0.0085360 secs] [Times: user=0.08 sys=0.00, real=0.01 secs] 
Total time for which application threads were stopped: 0.0089750 seconds
Total time for which application threads were stopped: 0.0002690 seconds
2012-01-20T16:39:09.105+0000: 1837.218: [GC 1837.218: [ParNew: 27328K->5440K(27328K), 0.0085620 secs] 2272465K->2251141K(4188864K) icms_dc=0 , 0.0086940 secs] [Times: user=0.09 sys=0.00, real=0.01 secs] 
Total time for which application threads were stopped: 0.0088950 seconds
2012-01-20T16:39:10.366+0000: 1838.480: [GC 1838.480: [ParNew: 27328K->5440K(27328K), 0.0088550 secs] 2273029K->2251585K(4188864K) icms_dc=0 , 0.0089790 secs] [Times: user=0.10 sys=0.00, real=0.01 secs] 
Total time for which application threads were stopped: 0.0093420 seconds
2012-01-20T16:39:11.901+0000: 1840.014: [GC 1840.014: [ParNew: 27328K->5440K(27328K), 0.0086480 secs] 2273473K->2251825K(4188864K) icms_dc=0 , 0.0087700 secs] [Times: user=0.08 sys=0.00, real=0.01 secs] 
Total time for which application threads were stopped: 0.0091420 seconds
2012-01-20T16:39:13.469+0000: 1841.582: [GC 1841.582: [ParNew: 27328K->5440K(27328K), 0.0083700 secs] 2273713K->2252390K(4188864K) icms_dc=0 , 0.0084960 secs] [Times: user=0.09 sys=0.01, real=0.01 secs] 
Total time for which application threads were stopped: 0.0088860 seconds
2012-01-20T16:39:15.044+0000: 1843.157: [GC 1843.157: [ParNew: 27328K->5373K(27328K), 0.0072290 secs] 2274278K->2252513K(4188864K) icms_dc=0 , 0.0073490 secs] [Times: user=0.08 sys=0.00, real=0.00 secs] 
Total time for which application threads were stopped: 0.0077110 seconds
2012-01-20T16:39:16.449+0000: 1844.563: [GC 1844.563: [ParNew: 27261K->5440K(27328K), 0.0072110 secs] 2274401K->2252763K(4188864K) icms_dc=0 , 0.0073320 secs] [Times: user=0.08 sys=0.00, real=0.01 secs] 
Total time for which application threads were stopped: 0.0077520 seconds
2012-01-20T16:39:17.774+0000: 1845.888: [GC 1845.888: [ParNew: 27328K->5440K(27328K), 0.0072800 secs] 2274651K->2252968K(4188864K) icms_dc=0 , 0.0074020 secs] [Times: user=0.09 sys=0.00, real=0.01 secs] 
Total time for which application threads were stopped: 0.0078550 seconds
Total time for which application threads were stopped: 0.0002620 seconds
2012-01-20T16:39:19.208+0000: 1847.321: [GC 1847.321: [ParNew: 27328K->5440K(27328K), 0.0100980 secs] 2274856K->2253524K(4188864K) icms_dc=0 , 0.0102250 secs] [Times: user=0.11 sys=0.00, real=0.01 secs] 
Total time for which application threads were stopped: 0.0104380 seconds
2012-01-20T16:39:20.732+0000: 1848.845: [GC 1848.845: [ParNew: 27328K->5440K(27328K), 0.0080200 secs] 2275412K->2253834K(4188864K) icms_dc=0 , 0.0081410 secs] [Times: user=0.08 sys=0.00, real=0.01 secs] 
Total time for which application threads were stopped: 0.0085190 seconds
2012-01-20T16:39:22.459+0000: 1850.572: [GC 1850.572: [ParNew: 27328K->5440K(27328K), 0.0095310 secs] 2275722K->2254496K(4188864K) icms_dc=0 , 0.0096660 secs] [Times: user=0.09 sys=0.00, real=0.01 secs] 
Total time for which application threads were stopped: 0.0100480 seconds
2012-01-20T16:39:24.076+0000: 1852.189: [GC 1852.189: [ParNew: 27328K->5440K(27328K), 0.0076720 secs] 2276384K->2254572K(4188864K) icms_dc=0 , 0.0078000 secs] [Times: user=0.09 sys=0.00, real=0.01 secs] 
Total time for which application threads were stopped: 0.0081790 seconds
2012-01-20T16:39:25.528+0000: 1853.641: [GC 1853.641: [ParNew: 27328K->5440K(27328K), 0.0108190 secs] 2276460K->2255479K(4188864K) icms_dc=0 , 0.0109470 secs] [Times: user=0.09 sys=0.01, real=0.01 secs] 
Total time for which application threads were stopped: 0.0113190 seconds
2012-01-20T16:39:27.067+0000: 1855.180: [GC 1855.181: [ParNew: 27328K->5440K(27328K), 0.0075360 secs] 2277367K->2255560K(4188864K) icms_dc=0 , 0.0076550 secs] [Times: user=0.09 sys=0.00, real=0.01 secs] 
Total time for which application threads were stopped: 0.0080300 seconds
2012-01-20T16:39:28.546+0000: 1856.659: [GC 1856.660: [ParNew: 27328K->5440K(27328K), 0.0087830 secs] 2277448K->2256236K(4188864K) icms_dc=0 , 0.0089090 secs] [Times: user=0.09 sys=0.00, real=0.01 secs] 
Total time for which application threads were stopped: 0.0093360 seconds
Total time for which application threads were stopped: 0.0002720 seconds
Total time for which application threads were stopped: 0.0005080 seconds
2012-01-20T16:39:30.012+0000: 1858.125: [GC 1858.125: [ParNew: 27328K->5440K(27328K), 0.0081230 secs] 2278124K->2256564K(4188864K) icms_dc=0 , 0.0082530 secs] [Times: user=0.09 sys=0.00, real=0.01 secs] 
Total time for which application threads were stopped: 0.0084880 seconds
2012-01-20T16:39:31.564+0000: 1859.677: [GC 1859.677: [ParNew: 27328K->5440K(27328K), 0.0104280 secs] 2278452K->2257425K(4188864K) icms_dc=0 , 0.0105500 secs] [Times: user=0.09 sys=0.01, real=0.01 secs] 
Total time for which application threads were stopped: 0.0109540 seconds
2012-01-20T16:39:33.151+0000: 1861.264: [GC 1861.264: [ParNew: 27328K->5440K(27328K), 0.0101580 secs] 2279313K->2258231K(4188864K) icms_dc=0 , 0.0102830 secs] [Times: user=0.09 sys=0.00, real=0.01 secs] 
Total time for which application threads were stopped: 0.0107230 seconds
2012-01-20T16:39:34.714+0000: 1862.828: [GC 1862.828: [ParNew: 27328K->5440K(27328K), 0.0102590 secs] 2280119K->2259106K(4188864K) icms_dc=0 , 0.0103930 secs] [Times: user=0.10 sys=0.00, real=0.01 secs] 
Total time for which application threads were stopped: 0.0107750 seconds
2012-01-20T16:39:36.175+0000: 1864.288: [GC 1864.288: [ParNew: 27328K->5440K(27328K), 0.0081800 secs] 2280994K->2259794K(4188864K) icms_dc=0 , 0.0083130 secs] [Times: user=0.08 sys=0.00, real=0.00 secs] 
Total time for which application threads were stopped: 0.0087290 seconds
2012-01-20T16:39:37.525+0000: 1865.638: [GC 1865.638: [ParNew: 27328K->5440K(27328K), 0.0077110 secs] 2281682K->2259811K(4188864K) icms_dc=0 , 0.0078270 secs] [Times: user=0.09 sys=0.00, real=0.00 secs] 
Total time for which application threads were stopped: 0.0082140 seconds
2012-01-20T16:39:38.751+0000: 1866.864: [GC 1866.864: [ParNew: 27328K->5440K(27328K), 0.0086340 secs] 2281699K->2260361K(4188864K) icms_dc=0 , 0.0087500 secs] [Times: user=0.09 sys=0.00, real=0.01 secs] 
Total time for which application threads were stopped: 0.0091360 seconds
Total time for which application threads were stopped: 0.0001660 seconds
2012-01-20T16:39:40.016+0000: 1868.129: [GC 1868.129: [ParNew: 27328K->5440K(27328K), 0.0083180 secs] 2282249K->2260812K(4188864K) icms_dc=0 , 0.0084460 secs] [Times: user=0.09 sys=0.00, real=0.00 secs] 
Total time for which application threads were stopped: 0.0088950 seconds
2012-01-20T16:39:41.313+0000: 1869.426: [GC 1869.426: [ParNew: 27328K->5440K(27328K), 0.0087500 secs] 2282700K->2261315K(4188864K) icms_dc=0 , 0.0088750 secs] [Times: user=0.09 sys=0.00, real=0.01 secs] 
Total time for which application threads were stopped: 0.0092570 seconds
2012-01-20T16:39:42.618+0000: 1870.731: [GC 1870.731: [ParNew: 27328K->5440K(27328K), 0.0079160 secs] 2283203K->2261624K(4188864K) icms_dc=0 , 0.0080400 secs] [Times: user=0.10 sys=0.00, real=0.01 secs] 
Total time for which application threads were stopped: 0.0084880 seconds
2012-01-20T16:39:43.894+0000: 1872.007: [GC 1872.007: [ParNew: 27328K->5440K(27328K), 0.0107720 secs] 2283512K->2262300K(4188864K) icms_dc=0 , 0.0108990 secs] [Times: user=0.11 sys=0.00, real=0.02 secs] 
Total time for which application threads were stopped: 0.0112720 seconds
2012-01-20T16:39:45.301+0000: 1873.414: [GC 1873.414: [ParNew: 27328K->5440K(27328K), 0.0088290 secs] 2284188K->2262927K(4188864K) icms_dc=0 , 0.0089540 secs] [Times: user=0.09 sys=0.00, real=0.01 secs] 
Total time for which application threads were stopped: 0.0093450 seconds
2012-01-20T16:39:46.810+0000: 1874.923: [GC 1874.923: [ParNew: 27328K->5440K(27328K), 0.0102550 secs] 2284815K->2263911K(4188864K) icms_dc=0 , 0.0103810 secs] [Times: user=0.09 sys=0.00, real=0.01 secs] 
Total time for which application threads were stopped: 0.0108130 seconds
2012-01-20T16:39:48.330+0000: 1876.443: [GC 1876.443: [ParNew: 27328K->5440K(27328K), 0.0095290 secs] 2285799K->2264772K(4188864K) icms_dc=0 , 0.0096620 secs] [Times: user=0.10 sys=0.00, real=0.01 secs] 
Total time for which application threads were stopped: 0.0100910 seconds
Total time for which application threads were stopped: 0.0005570 seconds
2012-01-20T16:39:49.868+0000: 1877.981: [GC 1877.981: [ParNew: 27328K->5440K(27328K), 0.0082100 secs] 2286660K->2265010K(4188864K) icms_dc=0 , 0.0083540 secs] [Times: user=0.09 sys=0.00, real=0.01 secs] 
Total time for which application threads were stopped: 0.0087770 seconds
2012-01-20T16:39:51.384+0000: 1879.497: [GC 1879.497: [ParNew: 27328K->5440K(27328K), 0.0095350 secs] 2286898K->2265622K(4188864K) icms_dc=0 , 0.0096710 secs] [Times: user=0.10 sys=0.00, real=0.01 secs] 
Total time for which application threads were stopped: 0.0100630 seconds
2012-01-20T16:39:52.969+0000: 1881.082: [GC 1881.082: [ParNew: 27328K->5440K(27328K), 0.0086940 secs] 2287510K->2266250K(4188864K) icms_dc=0 , 0.0088190 secs] [Times: user=0.09 sys=0.01, real=0.01 secs] 
Total time for which application threads were stopped: 0.0092140 seconds
2012-01-20T16:39:54.272+0000: 1882.385: [GC 1882.385: [ParNew: 27328K->5440K(27328K), 0.0081800 secs] 2288138K->2266691K(4188864K) icms_dc=0 , 0.0083140 secs] [Times: user=0.09 sys=0.00, real=0.01 secs] 
Total time for which application threads were stopped: 0.0087530 seconds
2012-01-20T16:39:55.607+0000: 1883.720: [GC 1883.720: [ParNew: 27328K->5440K(27328K), 0.0090840 secs] 2288579K->2267183K(4188864K) icms_dc=0 , 0.0092320 secs] [Times: user=0.09 sys=0.00, real=0.01 secs] 
Total time for which application threads were stopped: 0.0096630 seconds
Total time for which application threads were stopped: 0.0002770 seconds
2012-01-20T16:39:57.043+0000: 1885.156: [GC 1885.156: [ParNew: 27328K->5440K(27328K), 0.0107540 secs] 2289071K->2267903K(4188864K) icms_dc=0 , 0.0108840 secs] [Times: user=0.10 sys=0.00, real=0.01 secs] 
Total time for which application threads were stopped: 0.0111410 seconds
2012-01-20T16:39:58.477+0000: 1886.590: [GC 1886.590: [ParNew: 27328K->5440K(27328K), 0.0097610 secs] 2289791K->2268666K(4188864K) icms_dc=0 , 0.0098920 secs] [Times: user=0.09 sys=0.00, real=0.01 secs] 
Total time for which application threads were stopped: 0.0102930 seconds
Total time for which application threads were stopped: 0.0002950 seconds
2012-01-20T16:39:59.992+0000: 1888.105: [GC 1888.105: [ParNew: 27328K->5440K(27328K), 0.0099620 secs] 2290554K->2269266K(4188864K) icms_dc=0 , 0.0100940 secs] [Times: user=0.10 sys=0.00, real=0.01 secs] 
Total time for which application threads were stopped: 0.0104970 seconds
2012-01-20T16:40:01.333+0000: 1889.446: [GC 1889.446: [ParNew: 27328K->5440K(27328K), 0.0091890 secs] 2291154K->2270160K(4188864K) icms_dc=0 , 0.0093150 secs] [Times: user=0.09 sys=0.00, real=0.01 secs] 
Total time for which application threads were stopped: 0.0097140 seconds
2012-01-20T16:40:02.744+0000: 1890.858: [GC 1890.858: [ParNew: 27328K->5440K(27328K), 0.0096450 secs] 2292048K->2270751K(4188864K) icms_dc=0 , 0.0097910 secs] [Times: user=0.10 sys=0.00, real=0.01 secs] 
Total time for which application threads were stopped: 0.0102360 seconds
2012-01-20T16:40:04.048+0000: 1892.161: [GC 1892.162: [ParNew: 27328K->5440K(27328K), 0.0093320 secs] 2292639K->2271502K(4188864K) icms_dc=0 , 0.0094610 secs] [Times: user=0.09 sys=0.01, real=0.01 secs] 
Total time for which application threads were stopped: 0.0098620 seconds
2012-01-20T16:40:05.477+0000: 1893.590: [GC 1893.591: [ParNew: 27328K->5440K(27328K), 0.0092670 secs] 2293390K->2272116K(4188864K) icms_dc=0 , 0.0093960 secs] [Times: user=0.10 sys=0.00, real=0.01 secs] 
Total time for which application threads were stopped: 0.0097940 seconds
2012-01-20T16:40:06.935+0000: 1895.049: [GC 1895.049: [ParNew: 27328K->5440K(27328K), 0.0070330 secs] 2294004K->2272255K(4188864K) icms_dc=0 , 0.0071530 secs] [Times: user=0.08 sys=0.00, real=0.01 secs] 
Total time for which application threads were stopped: 0.0075390 seconds
2012-01-20T16:40:08.381+0000: 1896.494: [GC 1896.494: [ParNew: 27328K->5440K(27328K), 0.0087740 secs] 2294143K->2272943K(4188864K) icms_dc=0 , 0.0089030 secs] [Times: user=0.08 sys=0.01, real=0.01 secs] 
Total time for which application threads were stopped: 0.0094280 seconds
Total time for which application threads were stopped: 0.0003430 seconds
2012-01-20T16:40:09.747+0000: 1897.860: [GC 1897.860: [ParNew: 27328K->5440K(27328K), 0.0083570 secs] 2294831K->2273456K(4188864K) icms_dc=0 , 0.0084910 secs] [Times: user=0.09 sys=0.00, real=0.01 secs] 
Total time for which application threads were stopped: 0.0087580 seconds
2012-01-20T16:40:11.269+0000: 1899.382: [GC 1899.382: [ParNew: 27328K->5440K(27328K), 0.0093690 secs] 2295344K->2274160K(4188864K) icms_dc=0 , 0.0094940 secs] [Times: user=0.09 sys=0.00, real=0.01 secs] 
Total time for which application threads were stopped: 0.0098890 seconds
2012-01-20T16:40:12.930+0000: 1901.043: [GC 1901.043: [ParNew: 27328K->5440K(27328K), 0.0098230 secs] 2296048K->2274976K(4188864K) icms_dc=0 , 0.0099530 secs] [Times: user=0.09 sys=0.01, real=0.01 secs] 
Total time for which application threads were stopped: 0.0104380 seconds
2012-01-20T16:40:14.422+0000: 1902.535: [GC 1902.535: [ParNew: 27328K->5440K(27328K), 0.0096150 secs] 2296864K->2275738K(4188864K) icms_dc=0 , 0.0097530 secs] [Times: user=0.10 sys=0.00, real=0.01 secs] 
Total time for which application threads were stopped: 0.0101490 seconds
2012-01-20T16:40:15.835+0000: 1903.948: [GC 1903.948: [ParNew: 27328K->5440K(27328K), 0.0086720 secs] 2297626K->2276540K(4188864K) icms_dc=0 , 0.0088030 secs] [Times: user=0.08 sys=0.01, real=0.01 secs] 
Total time for which application threads were stopped: 0.0092660 seconds
2012-01-20T16:40:17.331+0000: 1905.444: [GC 1905.444: [ParNew: 27328K->5440K(27328K), 0.0076700 secs] 2298428K->2276540K(4188864K) icms_dc=0 , 0.0077970 secs] [Times: user=0.10 sys=0.00, real=0.01 secs] 
Total time for which application threads were stopped: 0.0081810 seconds
2012-01-20T16:40:18.858+0000: 1906.971: [GC 1906.971: [ParNew: 27328K->5440K(27328K), 0.0094980 secs] 2298428K->2277074K(4188864K) icms_dc=0 , 0.0096230 secs] [Times: user=0.09 sys=0.00, real=0.01 secs] 
Total time for which application threads were stopped: 0.0100410 seconds
Total time for which application threads were stopped: 0.0004950 seconds
2012-01-20T16:40:20.205+0000: 1908.318: [GC 1908.318: [ParNew: 27328K->5440K(27328K), 0.0085070 secs] 2298962K->2277646K(4188864K) icms_dc=0 , 0.0086400 secs] [Times: user=0.09 sys=0.00, real=0.01 secs] 
Total time for which application threads were stopped: 0.0090290 seconds
2012-01-20T16:40:21.680+0000: 1909.793: [GC 1909.793: [ParNew: 27328K->5212K(27328K), 0.0079370 secs] 2299534K->2277674K(4188864K) icms_dc=0 , 0.0080680 secs] [Times: user=0.09 sys=0.00, real=0.00 secs] 
Total time for which application threads were stopped: 0.0084570 seconds
2012-01-20T16:40:23.031+0000: 1911.145: [GC 1911.145: [ParNew: 27100K->5440K(27328K), 0.0074360 secs] 2299562K->2278079K(4188864K) icms_dc=0 , 0.0075700 secs] [Times: user=0.09 sys=0.00, real=0.01 secs] 
Total time for which application threads were stopped: 0.0079430 seconds
2012-01-20T16:40:24.461+0000: 1912.574: [GC 1912.574: [ParNew: 27328K->5440K(27328K), 0.0089080 secs] 2299967K->2278470K(4188864K) icms_dc=0 , 0.0090340 secs] [Times: user=0.10 sys=0.00, real=0.01 secs] 
Total time for which application threads were stopped: 0.0094380 seconds
2012-01-20T16:40:26.070+0000: 1914.183: [GC 1914.183: [ParNew: 27328K->5440K(27328K), 0.0084450 secs] 2300358K->2278964K(4188864K) icms_dc=0 , 0.0085770 secs] [Times: user=0.08 sys=0.00, real=0.00 secs] 
Total time for which application threads were stopped: 0.0089600 seconds
2012-01-20T16:40:27.626+0000: 1915.739: [GC 1915.739: [ParNew: 27328K->5440K(27328K), 0.0074940 secs] 2300852K->2279263K(4188864K) icms_dc=0 , 0.0076240 secs] [Times: user=0.08 sys=0.00, real=0.01 secs] 
Total time for which application threads were stopped: 0.0080140 seconds
2012-01-20T16:40:29.051+0000: 1917.164: [GC 1917.164: [ParNew: 27328K->5440K(27328K), 0.0085060 secs] 2301151K->2279802K(4188864K) icms_dc=0 , 0.0086790 secs] [Times: user=0.09 sys=0.00, real=0.00 secs] 
Total time for which application threads were stopped: 0.0091300 seconds
Total time for which application threads were stopped: 0.0001430 seconds
2012-01-20T16:40:30.393+0000: 1918.506: [GC 1918.506: [ParNew: 27328K->5440K(27328K), 0.0089640 secs] 2301690K->2280489K(4188864K) icms_dc=0 , 0.0090950 secs] [Times: user=0.09 sys=0.00, real=0.01 secs] 
Total time for which application threads were stopped: 0.0095130 seconds
2012-01-20T16:40:31.699+0000: 1919.812: [GC 1919.812: [ParNew: 27328K->5440K(27328K), 0.0088240 secs] 2302377K->2280995K(4188864K) icms_dc=0 , 0.0089500 secs] [Times: user=0.10 sys=0.00, real=0.01 secs] 
Total time for which application threads were stopped: 0.0093300 seconds
2012-01-20T16:40:33.104+0000: 1921.217: [GC 1921.217: [ParNew: 27328K->5440K(27328K), 0.0082300 secs] 2302883K->2281414K(4188864K) icms_dc=0 , 0.0083550 secs] [Times: user=0.08 sys=0.00, real=0.01 secs] 
Total time for which application threads were stopped: 0.0087360 seconds
2012-01-20T16:40:34.767+0000: 1922.880: [GC 1922.880: [ParNew: 27328K->5440K(27328K), 0.0100250 secs] 2303302K->2282097K(4188864K) icms_dc=0 , 0.0101540 secs] [Times: user=0.10 sys=0.00, real=0.01 secs] 
Total time for which application threads were stopped: 0.0105880 seconds
2012-01-20T16:40:36.240+0000: 1924.354: [GC 1924.354: [ParNew: 27328K->5440K(27328K), 0.0090320 secs] 2303985K->2282742K(4188864K) icms_dc=0 , 0.0091660 secs] [Times: user=0.09 sys=0.01, real=0.01 secs] 
Total time for which application threads were stopped: 0.0095780 seconds
2012-01-20T16:40:37.504+0000: 1925.617: [GC 1925.617: [ParNew: 27328K->5440K(27328K), 0.0083800 secs] 2304630K->2283281K(4188864K) icms_dc=0 , 0.0085060 secs] [Times: user=0.09 sys=0.00, real=0.01 secs] 
Total time for which application threads were stopped: 0.0088820 seconds
2012-01-20T16:40:38.815+0000: 1926.928: [GC 1926.928: [ParNew: 27328K->5440K(27328K), 0.0086050 secs] 2305169K->2283760K(4188864K) icms_dc=0 , 0.0087300 secs] [Times: user=0.09 sys=0.00, real=0.01 secs] 
Total time for which application threads were stopped: 0.0091190 seconds
Total time for which application threads were stopped: 0.0002810 seconds
2012-01-20T16:40:40.345+0000: 1928.458: [GC 1928.458: [ParNew: 27328K->5440K(27328K), 0.0089110 secs] 2305648K->2284430K(4188864K) icms_dc=0 , 0.0090390 secs] [Times: user=0.08 sys=0.00, real=0.01 secs] 
Total time for which application threads were stopped: 0.0094310 seconds
2012-01-20T16:40:41.985+0000: 1930.099: [GC 1930.099: [ParNew: 27328K->5440K(27328K), 0.0093530 secs] 2306318K->2285073K(4188864K) icms_dc=0 , 0.0094820 secs] [Times: user=0.09 sys=0.00, real=0.01 secs] 
Total time for which application threads were stopped: 0.0099160 seconds
2012-01-20T16:40:43.475+0000: 1931.588: [GC 1931.589: [ParNew: 27328K->5440K(27328K), 0.0090260 secs] 2306961K->2285667K(4188864K) icms_dc=0 , 0.0091530 secs] [Times: user=0.10 sys=0.00, real=0.01 secs] 
Total time for which application threads were stopped: 0.0096380 seconds
2012-01-20T16:40:45.020+0000: 1933.133: [GC 1933.133: [ParNew: 27328K->5440K(27328K), 0.0086740 secs] 2307555K->2286281K(4188864K) icms_dc=0 , 0.0088000 secs] [Times: user=0.09 sys=0.00, real=0.01 secs] 
Total time for which application threads were stopped: 0.0092290 seconds
2012-01-20T16:40:46.503+0000: 1934.616: [GC 1934.616: [ParNew: 27328K->5440K(27328K), 0.0083810 secs] 2308169K->2286869K(4188864K) icms_dc=0 , 0.0085100 secs] [Times: user=0.09 sys=0.00, real=0.00 secs] 
Total time for which application threads were stopped: 0.0089010 seconds
2012-01-20T16:40:47.835+0000: 1935.948: [GC 1935.948: [ParNew: 27328K->5440K(27328K), 0.0087000 secs] 2308757K->2287390K(4188864K) icms_dc=0 , 0.0088250 secs] [Times: user=0.09 sys=0.01, real=0.01 secs] 
Total time for which application threads were stopped: 0.0092180 seconds
Total time for which application threads were stopped: 0.0025800 seconds
Total time for which application threads were stopped: 0.0000880 seconds
2012-01-20T16:40:49.450+0000: 1937.563: [GC 1937.563: [ParNew: 27328K->5440K(27328K), 0.0083750 secs] 2309278K->2287889K(4188864K) icms_dc=0 , 0.0085060 secs] [Times: user=0.09 sys=0.00, real=0.01 secs] 
Total time for which application threads were stopped: 0.0087830 seconds
2012-01-20T16:40:51.066+0000: 1939.179: [GC 1939.179: [ParNew: 27328K->5440K(27328K), 0.0088520 secs] 2309777K->2288452K(4188864K) icms_dc=0 , 0.0089830 secs] [Times: user=0.08 sys=0.00, real=0.01 secs] 
Total time for which application threads were stopped: 0.0093740 seconds
2012-01-20T16:40:52.741+0000: 1940.854: [GC 1940.854: [ParNew: 27328K->5440K(27328K), 0.0099990 secs] 2310340K->2289112K(4188864K) icms_dc=0 , 0.0101260 secs] [Times: user=0.11 sys=0.00, real=0.01 secs] 
Total time for which application threads were stopped: 0.0105220 seconds
2012-01-20T16:40:54.251+0000: 1942.364: [GC 1942.364: [ParNew: 27328K->5440K(27328K), 0.0085260 secs] 2311000K->2289677K(4188864K) icms_dc=0 , 0.0086550 secs] [Times: user=0.09 sys=0.01, real=0.01 secs] 
Total time for which application threads were stopped: 0.0090400 seconds
2012-01-20T16:40:55.694+0000: 1943.807: [GC 1943.807: [ParNew: 27328K->5440K(27328K), 0.0088730 secs] 2311565K->2290201K(4188864K) icms_dc=0 , 0.0090030 secs] [Times: user=0.10 sys=0.01, real=0.01 secs] 
Total time for which application threads were stopped: 0.0094000 seconds
2012-01-20T16:40:57.125+0000: 1945.238: [GC 1945.238: [ParNew: 27328K->5440K(27328K), 0.0086700 secs] 2312089K->2290838K(4188864K) icms_dc=0 , 0.0087930 secs] [Times: user=0.10 sys=0.01, real=0.01 secs] 
Total time for which application threads were stopped: 0.0091910 seconds
2012-01-20T16:40:58.617+0000: 1946.730: [GC 1946.730: [ParNew: 27328K->5440K(27328K), 0.0104090 secs] 2312726K->2291719K(4188864K) icms_dc=0 , 0.0105380 secs] [Times: user=0.11 sys=0.00, real=0.01 secs] 
Total time for which application threads were stopped: 0.0109230 seconds
Total time for which application threads were stopped: 0.0003170 seconds
2012-01-20T16:40:59.959+0000: 1948.072: [GC 1948.072: [ParNew: 27328K->5440K(27328K), 0.0101880 secs] 2313607K->2292584K(4188864K) icms_dc=0 , 0.0103200 secs] [Times: user=0.11 sys=0.00, real=0.01 secs] 
Total time for which application threads were stopped: 0.0107790 seconds
2012-01-20T16:41:01.478+0000: 1949.591: [GC 1949.591: [ParNew: 27328K->5440K(27328K), 0.0092920 secs] 2314472K->2293117K(4188864K) icms_dc=0 , 0.0094210 secs] [Times: user=0.11 sys=0.00, real=0.01 secs] 
Total time for which application threads were stopped: 0.0098190 seconds
2012-01-20T16:41:03.090+0000: 1951.203: [GC 1951.203: [ParNew: 27328K->5440K(27328K), 0.0084420 secs] 2315005K->2293741K(4188864K) icms_dc=0 , 0.0085710 secs] [Times: user=0.08 sys=0.00, real=0.01 secs] 
Total time for which application threads were stopped: 0.0089940 seconds
2012-01-20T16:41:04.555+0000: 1952.668: [GC 1952.668: [ParNew: 27328K->5440K(27328K), 0.0082860 secs] 2315629K->2294246K(4188864K) icms_dc=0 , 0.0084350 secs] [Times: user=0.09 sys=0.00, real=0.01 secs] 
Total time for which application threads were stopped: 0.0088580 seconds
2012-01-20T16:41:06.169+0000: 1954.282: [GC 1954.282: [ParNew: 27328K->5440K(27328K), 0.0095220 secs] 2316134K->2294950K(4188864K) icms_dc=0 , 0.0096530 secs] [Times: user=0.09 sys=0.00, real=0.01 secs] 
Total time for which application threads were stopped: 0.0100430 seconds
2012-01-20T16:41:07.612+0000: 1955.725: [GC 1955.725: [ParNew: 27328K->5440K(27328K), 0.0108520 secs] 2316838K->2295701K(4188864K) icms_dc=0 , 0.0109950 secs] [Times: user=0.11 sys=0.00, real=0.01 secs] 
Total time for which application threads were stopped: 0.0114510 seconds
2012-01-20T16:41:09.026+0000: 1957.140: [GC 1957.140: [ParNew: 27328K->5440K(27328K), 0.0088630 secs] 2317589K->2296438K(4188864K) icms_dc=0 , 0.0089920 secs] [Times: user=0.09 sys=0.01, real=0.01 secs] 
Total time for which application threads were stopped: 0.0093720 seconds
Total time for which application threads were stopped: 0.0001520 seconds
2012-01-20T16:41:10.607+0000: 1958.721: [GC 1958.721: [ParNew: 27328K->5440K(27328K), 0.0089160 secs] 2318326K->2296503K(4188864K) icms_dc=0 , 0.0090900 secs] [Times: user=0.11 sys=0.00, real=0.01 secs] 
Total time for which application threads were stopped: 0.0094820 seconds
2012-01-20T16:41:12.150+0000: 1960.263: [GC 1960.263: [ParNew: 27328K->5440K(27328K), 0.0113800 secs] 2318391K->2297605K(4188864K) icms_dc=0 , 0.0115110 secs] [Times: user=0.11 sys=0.01, real=0.01 secs] 
Total time for which application threads were stopped: 0.0119080 seconds
2012-01-20T16:41:13.416+0000: 1961.529: [GC 1961.529: [ParNew: 27328K->5440K(27328K), 0.0087130 secs] 2319493K->2298228K(4188864K) icms_dc=0 , 0.0088470 secs] [Times: user=0.09 sys=0.00, real=0.00 secs] 
Total time for which application threads were stopped: 0.0092840 seconds
2012-01-20T16:41:15.054+0000: 1963.167: [GC 1963.168: [ParNew: 27328K->5440K(27328K), 0.0067670 secs] 2320116K->2298233K(4188864K) icms_dc=0 , 0.0068880 secs] [Times: user=0.07 sys=0.00, real=0.01 secs] 
Total time for which application threads were stopped: 0.0072680 seconds
2012-01-20T16:41:16.655+0000: 1964.768: [GC 1964.769: [ParNew: 27328K->5440K(27328K), 0.0101850 secs] 2320121K->2299200K(4188864K) icms_dc=0 , 0.0103130 secs] [Times: user=0.09 sys=0.01, real=0.01 secs] 
Total time for which application threads were stopped: 0.0107110 seconds
2012-01-20T16:41:18.303+0000: 1966.416: [GC 1966.416: [ParNew: 27328K->5440K(27328K), 0.0066890 secs] 2321088K->2299206K(4188864K) icms_dc=0 , 0.0068080 secs] [Times: user=0.08 sys=0.00, real=0.01 secs] 
Total time for which application threads were stopped: 0.0071880 seconds
Total time for which application threads were stopped: 0.0002560 seconds
2012-01-20T16:41:19.981+0000: 1968.094: [GC 1968.094: [ParNew: 27328K->5440K(27328K), 0.0079660 secs] 2321094K->2299637K(4188864K) icms_dc=0 , 0.0080990 secs] [Times: user=0.09 sys=0.01, real=0.01 secs] 
Total time for which application threads were stopped: 0.0085210 seconds
2012-01-20T16:41:21.395+0000: 1969.508: [GC 1969.508: [ParNew: 27328K->5440K(27328K), 0.0072260 secs] 2321525K->2299637K(4188864K) icms_dc=0 , 0.0073460 secs] [Times: user=0.09 sys=0.00, real=0.01 secs] 
Total time for which application threads were stopped: 0.0077940 seconds
2012-01-20T16:41:22.760+0000: 1970.873: [GC 1970.873: [ParNew: 27328K->5440K(27328K), 0.0079060 secs] 2321525K->2300063K(4188864K) icms_dc=0 , 0.0080300 secs] [Times: user=0.09 sys=0.00, real=0.01 secs] 
Total time for which application threads were stopped: 0.0084820 seconds
2012-01-20T16:41:24.128+0000: 1972.241: [GC 1972.241: [ParNew: 27328K->5440K(27328K), 0.0073540 secs] 2321951K->2300132K(4188864K) icms_dc=0 , 0.0074780 secs] [Times: user=0.09 sys=0.00, real=0.00 secs] 
Total time for which application threads were stopped: 0.0079150 seconds
2012-01-20T16:41:25.636+0000: 1973.749: [GC 1973.750: [ParNew: 27328K->5440K(27328K), 0.0080890 secs] 2322020K->2300453K(4188864K) icms_dc=0 , 0.0082180 secs] [Times: user=0.08 sys=0.00, real=0.01 secs] 
Total time for which application threads were stopped: 0.0086220 seconds
2012-01-20T16:41:27.144+0000: 1975.257: [GC 1975.257: [ParNew: 27328K->5440K(27328K), 0.0071620 secs] 2322341K->2300553K(4188864K) icms_dc=0 , 0.0072860 secs] [Times: user=0.08 sys=0.00, real=0.01 secs] 
Total time for which application threads were stopped: 0.0077330 seconds
2012-01-20T16:41:28.716+0000: 1976.829: [GC 1976.829: [ParNew: 27328K->5440K(27328K), 0.0079450 secs] 2322441K->2300868K(4188864K) icms_dc=0 , 0.0080640 secs] [Times: user=0.08 sys=0.00, real=0.01 secs] 
Total time for which application threads were stopped: 0.0084910 seconds
Total time for which application threads were stopped: 0.0002890 seconds
2012-01-20T16:41:30.145+0000: 1978.258: [GC 1978.259: [ParNew: 27328K->5438K(27328K), 0.0066380 secs] 2322756K->2300896K(4188864K) icms_dc=0 , 0.0067540 secs] [Times: user=0.08 sys=0.00, real=0.01 secs] 
Total time for which application threads were stopped: 0.0071730 seconds
2012-01-20T16:41:31.636+0000: 1979.750: [GC 1979.750: [ParNew: 27326K->5440K(27328K), 0.0085260 secs] 2322784K->2301432K(4188864K) icms_dc=0 , 0.0086460 secs] [Times: user=0.10 sys=0.00, real=0.01 secs] 
Total time for which application threads were stopped: 0.0090900 seconds
2012-01-20T16:41:33.156+0000: 1981.269: [GC 1981.269: [ParNew: 27328K->5440K(27328K), 0.0071310 secs] 2323320K->2301436K(4188864K) icms_dc=0 , 0.0072450 secs] [Times: user=0.08 sys=0.00, real=0.01 secs] 
Total time for which application threads were stopped: 0.0076750 seconds
2012-01-20T16:41:34.937+0000: 1983.050: [GC 1983.050: [ParNew: 27328K->5440K(27328K), 0.0089250 secs] 2323324K->2301844K(4188864K) icms_dc=0 , 0.0090660 secs] [Times: user=0.09 sys=0.00, real=0.01 secs] 
Total time for which application threads were stopped: 0.0094930 seconds
2012-01-20T16:41:36.399+0000: 1984.512: [GC 1984.512: [ParNew: 27328K->5440K(27328K), 0.0085680 secs] 2323732K->2302191K(4188864K) icms_dc=0 , 0.0086860 secs] [Times: user=0.09 sys=0.00, real=0.01 secs] 
Total time for which application threads were stopped: 0.0090770 seconds
2012-01-20T16:41:37.751+0000: 1985.864: [GC 1985.864: [ParNew: 27328K->5440K(27328K), 0.0089010 secs] 2324079K->2302619K(4188864K) icms_dc=0 , 0.0090200 secs] [Times: user=0.10 sys=0.01, real=0.01 secs] 
Total time for which application threads were stopped: 0.0094580 seconds
2012-01-20T16:41:39.302+0000: 1987.415: [GC 1987.415: [ParNew: 27328K->5440K(27328K), 0.0083070 secs] 2324507K->2302997K(4188864K) icms_dc=0 , 0.0084240 secs] [Times: user=0.09 sys=0.00, real=0.01 secs] 
Total time for which application threads were stopped: 0.0087920 seconds
Total time for which application threads were stopped: 0.0001820 seconds
2012-01-20T16:41:40.879+0000: 1988.992: [GC 1988.993: [ParNew: 27328K->5440K(27328K), 0.0095500 secs] 2324885K->2303585K(4188864K) icms_dc=0 , 0.0096780 secs] [Times: user=0.10 sys=0.00, real=0.01 secs] 
Total time for which application threads were stopped: 0.0101010 seconds
2012-01-20T16:41:42.546+0000: 1990.659: [GC 1990.659: [ParNew: 27328K->5440K(27328K), 0.0096400 secs] 2325473K->2304330K(4188864K) icms_dc=0 , 0.0097610 secs] [Times: user=0.09 sys=0.01, real=0.01 secs] 
Total time for which application threads were stopped: 0.0101660 seconds
2012-01-20T16:41:44.068+0000: 1992.181: [GC 1992.182: [ParNew: 27328K->5440K(27328K), 0.0109440 secs] 2326218K->2305408K(4188864K) icms_dc=0 , 0.0110700 secs] [Times: user=0.10 sys=0.00, real=0.01 secs] 
Total time for which application threads were stopped: 0.0114540 seconds
2012-01-20T16:41:45.479+0000: 1993.592: [GC 1993.592: [ParNew: 27328K->5440K(27328K), 0.0078750 secs] 2327296K->2305623K(4188864K) icms_dc=0 , 0.0079880 secs] [Times: user=0.09 sys=0.00, real=0.00 secs] 
Total time for which application threads were stopped: 0.0084180 seconds
2012-01-20T16:41:46.972+0000: 1995.085: [GC 1995.085: [ParNew: 27328K->5440K(27328K), 0.0094670 secs] 2327511K->2306495K(4188864K) icms_dc=0 , 0.0095930 secs] [Times: user=0.10 sys=0.01, real=0.01 secs] 
Total time for which application threads were stopped: 0.0100050 seconds
2012-01-20T16:41:48.512+0000: 1996.625: [GC 1996.626: [ParNew: 27328K->5440K(27328K), 0.0096020 secs] 2328383K->2307218K(4188864K) icms_dc=0 , 0.0097240 secs] [Times: user=0.11 sys=0.01, real=0.01 secs] 
Total time for which application threads were stopped: 0.0101200 seconds
Total time for which application threads were stopped: 0.0002430 seconds
2012-01-20T16:41:50.091+0000: 1998.204: [GC 1998.204: [ParNew: 27328K->5440K(27328K), 0.0088850 secs] 2329106K->2308012K(4188864K) icms_dc=0 , 0.0090050 secs] [Times: user=0.09 sys=0.00, real=0.01 secs] 
Total time for which application threads were stopped: 0.0093770 seconds
2012-01-20T16:41:51.894+0000: 2000.007: [GC 2000.007: [ParNew: 27328K->5440K(27328K), 0.0091430 secs] 2329900K->2308652K(4188864K) icms_dc=0 , 0.0092630 secs] [Times: user=0.09 sys=0.01, real=0.01 secs] 
Total time for which application threads were stopped: 0.0096770 seconds
2012-01-20T16:41:53.446+0000: 2001.559: [GC 2001.559: [ParNew: 27328K->5440K(27328K), 0.0091560 secs] 2330540K->2309379K(4188864K) icms_dc=0 , 0.0092770 secs] [Times: user=0.09 sys=0.00, real=0.01 secs] 
Total time for which application threads were stopped: 0.0096750 seconds
2012-01-20T16:41:54.933+0000: 2003.046: [GC 2003.046: [ParNew: 27328K->5216K(27328K), 0.0072490 secs] 2331267K->2309430K(4188864K) icms_dc=0 , 0.0073670 secs] [Times: user=0.08 sys=0.00, real=0.01 secs] 
Total time for which application threads were stopped: 0.0077860 seconds
2012-01-20T16:41:56.370+0000: 2004.483: [GC 2004.484: [ParNew: 27104K->5440K(27328K), 0.0071760 secs] 2331318K->2309910K(4188864K) icms_dc=0 , 0.0072970 secs] [Times: user=0.08 sys=0.00, real=0.00 secs] 
Total time for which application threads were stopped: 0.0077120 seconds
2012-01-20T16:41:58.016+0000: 2006.129: [GC 2006.129: [ParNew: 27328K->5193K(27328K), 0.0085510 secs] 2331798K->2310021K(4188864K) icms_dc=0 , 0.0086710 secs] [Times: user=0.09 sys=0.00, real=0.01 secs] 
Total time for which application threads were stopped: 0.0090400 seconds
Total time for which application threads were stopped: 0.0002640 seconds
2012-01-20T16:41:59.605+0000: 2007.718: [GC 2007.718: [ParNew: 27081K->5440K(27328K), 0.0081880 secs] 2331909K->2310544K(4188864K) icms_dc=0 , 0.0083250 secs] [Times: user=0.09 sys=0.00, real=0.01 secs] 
Total time for which application threads were stopped: 0.0085780 seconds
2012-01-20T16:42:01.179+0000: 2009.292: [GC 2009.292: [ParNew: 27328K->5325K(27328K), 0.0076590 secs] 2332432K->2310524K(4188864K) icms_dc=0 , 0.0077430 secs] [Times: user=0.09 sys=0.00, real=0.01 secs] 
Total time for which application threads were stopped: 0.0080690 seconds
2012-01-20T16:42:02.693+0000: 2010.806: [GC 2010.806: [ParNew: 27213K->5440K(27328K), 0.0088650 secs] 2332412K->2310961K(4188864K) icms_dc=0 , 0.0089600 secs] [Times: user=0.09 sys=0.01, real=0.01 secs] 
Total time for which application threads were stopped: 0.0093290 seconds
2012-01-20T16:42:04.289+0000: 2012.402: [GC 2012.403: [ParNew: 27328K->5440K(27328K), 0.0074190 secs] 2332849K->2311172K(4188864K) icms_dc=0 , 0.0075360 secs] [Times: user=0.08 sys=0.00, real=0.01 secs] 
Total time for which application threads were stopped: 0.0079250 seconds
2012-01-20T16:42:05.982+0000: 2014.095: [GC 2014.095: [ParNew: 27328K->5440K(27328K), 0.0081910 secs] 2333060K->2311580K(4188864K) icms_dc=0 , 0.0083070 secs] [Times: user=0.08 sys=0.01, real=0.00 secs] 
Total time for which application threads were stopped: 0.0086810 seconds
2012-01-20T16:42:07.686+0000: 2015.799: [GC 2015.799: [ParNew: 27328K->5440K(27328K), 0.0084790 secs] 2333468K->2312053K(4188864K) icms_dc=0 , 0.0085960 secs] [Times: user=0.09 sys=0.00, real=0.01 secs] 
Total time for which application threads were stopped: 0.0089610 seconds
2012-01-20T16:42:09.150+0000: 2017.263: [GC 2017.263: [ParNew: 27328K->5440K(27328K), 0.0083520 secs] 2333941K->2312453K(4188864K) icms_dc=0 , 0.0084690 secs] [Times: user=0.09 sys=0.00, real=0.01 secs] 
Total time for which application threads were stopped: 0.0088400 seconds
Total time for which application threads were stopped: 0.0001500 seconds
2012-01-20T16:42:10.591+0000: 2018.704: [GC 2018.704: [ParNew: 27328K->5440K(27328K), 0.0086790 secs] 2334341K->2312891K(4188864K) icms_dc=0 , 0.0088010 secs] [Times: user=0.09 sys=0.01, real=0.01 secs] 
Total time for which application threads were stopped: 0.0091870 seconds
2012-01-20T16:42:12.216+0000: 2020.329: [GC 2020.329: [ParNew: 27328K->5440K(27328K), 0.0102420 secs] 2334779K->2313722K(4188864K) icms_dc=0 , 0.0103620 secs] [Times: user=0.10 sys=0.01, real=0.01 secs] 
Total time for which application threads were stopped: 0.0107310 seconds
2012-01-20T16:42:13.788+0000: 2021.901: [GC 2021.901: [ParNew: 27328K->5440K(27328K), 0.0085460 secs] 2335610K->2314367K(4188864K) icms_dc=0 , 0.0086660 secs] [Times: user=0.09 sys=0.01, real=0.01 secs] 
Total time for which application threads were stopped: 0.0090480 seconds
2012-01-20T16:42:15.164+0000: 2023.277: [GC 2023.277: [ParNew: 27328K->5440K(27328K), 0.0085890 secs] 2336255K->2314961K(4188864K) icms_dc=0 , 0.0087090 secs] [Times: user=0.08 sys=0.01, real=0.01 secs] 
Total time for which application threads were stopped: 0.0090940 seconds
2012-01-20T16:42:16.540+0000: 2024.653: [GC 2024.653: [ParNew: 27328K->5440K(27328K), 0.0100690 secs] 2336849K->2315530K(4188864K) icms_dc=0 , 0.0101880 secs] [Times: user=0.10 sys=0.00, real=0.01 secs] 
Total time for which application threads were stopped: 0.0106690 seconds
2012-01-20T16:42:18.089+0000: 2026.203: [GC 2026.203: [ParNew: 27328K->5440K(27328K), 0.0081610 secs] 2337418K->2316060K(4188864K) icms_dc=0 , 0.0082800 secs] [Times: user=0.09 sys=0.01, real=0.01 secs] 
Total time for which application threads were stopped: 0.0086650 seconds
Total time for which application threads were stopped: 0.0002240 seconds
2012-01-20T16:42:19.699+0000: 2027.812: [GC 2027.813: [ParNew: 27328K->5106K(27328K), 0.0074670 secs] 2337948K->2315997K(4188864K) icms_dc=0 , 0.0075830 secs] [Times: user=0.09 sys=0.00, real=0.01 secs] 
Total time for which application threads were stopped: 0.0078430 seconds
2012-01-20T16:42:21.223+0000: 2029.336: [GC 2029.336: [ParNew: 26994K->5440K(27328K), 0.0077060 secs] 2337885K->2316635K(4188864K) icms_dc=0 , 0.0078260 secs] [Times: user=0.08 sys=0.00, real=0.00 secs] 
Total time for which application threads were stopped: 0.0082200 seconds
2012-01-20T16:42:22.529+0000: 2030.642: [GC 2030.642: [ParNew: 27328K->5352K(27328K), 0.0087080 secs] 2338523K->2316943K(4188864K) icms_dc=0 , 0.0088270 secs] [Times: user=0.10 sys=0.00, real=0.01 secs] 
Total time for which application threads were stopped: 0.0092210 seconds
2012-01-20T16:42:24.080+0000: 2032.194: [GC 2032.194: [ParNew: 27240K->5440K(27328K), 0.0079720 secs] 2338831K->2317389K(4188864K) icms_dc=0 , 0.0080900 secs] [Times: user=0.08 sys=0.00, real=0.01 secs] 
Total time for which application threads were stopped: 0.0084900 seconds
2012-01-20T16:42:25.784+0000: 2033.897: [GC 2033.897: [ParNew: 27328K->5200K(27328K), 0.0079320 secs] 2339277K->2317322K(4188864K) icms_dc=0 , 0.0080480 secs] [Times: user=0.09 sys=0.01, real=0.00 secs] 
Total time for which application threads were stopped: 0.0084750 seconds
2012-01-20T16:42:27.449+0000: 2035.563: [GC 2035.563: [ParNew: 27088K->5438K(27328K), 0.0090460 secs] 2339210K->2317969K(4188864K) icms_dc=0 , 0.0091720 secs] [Times: user=0.09 sys=0.00, real=0.01 secs] 
Total time for which application threads were stopped: 0.0095920 seconds
2012-01-20T16:42:28.984+0000: 2037.098: [GC 2037.098: [ParNew: 27326K->5027K(27328K), 0.0071000 secs] 2339857K->2317654K(4188864K) icms_dc=0 , 0.0072200 secs] [Times: user=0.08 sys=0.00, real=0.00 secs] 
Total time for which application threads were stopped: 0.0076600 seconds
Total time for which application threads were stopped: 0.0002360 seconds
2012-01-20T16:42:30.580+0000: 2038.694: [GC 2038.694: [ParNew: 26915K->5440K(27328K), 0.0076600 secs] 2339542K->2318289K(4188864K) icms_dc=0 , 0.0077900 secs] [Times: user=0.08 sys=0.00, real=0.01 secs] 
Total time for which application threads were stopped: 0.0081970 seconds
2012-01-20T16:42:32.325+0000: 2040.438: [GC 2040.438: [ParNew: 27328K->5440K(27328K), 0.0073010 secs] 2340177K->2318370K(4188864K) icms_dc=0 , 0.0074230 secs] [Times: user=0.08 sys=0.00, real=0.00 secs] 
Total time for which application threads were stopped: 0.0077990 seconds
2012-01-20T16:42:33.758+0000: 2041.871: [GC 2041.871: [ParNew: 27328K->5440K(27328K), 0.0075350 secs] 2340258K->2318659K(4188864K) icms_dc=0 , 0.0076530 secs] [Times: user=0.09 sys=0.00, real=0.01 secs] 
Total time for which application threads were stopped: 0.0080800 seconds
2012-01-20T16:42:35.202+0000: 2043.315: [GC 2043.316: [ParNew: 27328K->5440K(27328K), 0.0083380 secs] 2340547K->2318790K(4188864K) icms_dc=0 , 0.0084540 secs] [Times: user=0.09 sys=0.00, real=0.01 secs] 
Total time for which application threads were stopped: 0.0088320 seconds
2012-01-20T16:42:36.702+0000: 2044.815: [GC 2044.815: [ParNew: 27328K->5440K(27328K), 0.0095250 secs] 2340678K->2319356K(4188864K) icms_dc=0 , 0.0096500 secs] [Times: user=0.10 sys=0.00, real=0.01 secs] 
Total time for which application threads were stopped: 0.0100280 seconds
2012-01-20T16:42:38.216+0000: 2046.330: [GC 2046.330: [ParNew: 27328K->5440K(27328K), 0.0087010 secs] 2341244K->2319895K(4188864K) icms_dc=0 , 0.0088740 secs] [Times: user=0.09 sys=0.01, real=0.01 secs] 
Total time for which application threads were stopped: 0.0092630 seconds
2012-01-20T16:42:39.673+0000: 2047.786: [GC 2047.786: [ParNew: 27328K->5440K(27328K), 0.0093050 secs] 2341783K->2320573K(4188864K) icms_dc=0 , 0.0094310 secs] [Times: user=0.08 sys=0.00, real=0.01 secs] 
Total time for which application threads were stopped: 0.0098170 seconds
Total time for which application threads were stopped: 0.0001910 seconds
2012-01-20T16:42:41.122+0000: 2049.235: [GC 2049.235: [ParNew: 27328K->5440K(27328K), 0.0071800 secs] 2342461K->2320586K(4188864K) icms_dc=0 , 0.0073030 secs] [Times: user=0.08 sys=0.00, real=0.01 secs] 
Total time for which application threads were stopped: 0.0076940 seconds
2012-01-20T16:42:42.492+0000: 2050.605: [GC 2050.605: [ParNew: 27328K->5440K(27328K), 0.0101680 secs] 2342474K->2321091K(4188864K) icms_dc=0 , 0.0102940 secs] [Times: user=0.10 sys=0.00, real=0.01 secs] 
Total time for which application threads were stopped: 0.0107090 seconds
2012-01-20T16:42:44.041+0000: 2052.154: [GC 2052.154: [ParNew: 27328K->5440K(27328K), 0.0097300 secs] 2342979K->2321650K(4188864K) icms_dc=0 , 0.0098560 secs] [Times: user=0.10 sys=0.00, real=0.01 secs] 
Total time for which application threads were stopped: 0.0102490 seconds
2012-01-20T16:42:45.522+0000: 2053.635: [GC 2053.635: [ParNew: 27328K->5440K(27328K), 0.0094260 secs] 2343538K->2322191K(4188864K) icms_dc=0 , 0.0095540 secs] [Times: user=0.10 sys=0.00, real=0.01 secs] 
Total time for which application threads were stopped: 0.0099350 seconds
2012-01-20T16:42:46.974+0000: 2055.087: [GC 2055.087: [ParNew: 27328K->5440K(27328K), 0.0093850 secs] 2344079K->2323086K(4188864K) icms_dc=0 , 0.0095110 secs] [Times: user=0.09 sys=0.00, real=0.01 secs] 
Total time for which application threads were stopped: 0.0098950 seconds
2012-01-20T16:42:48.294+0000: 2056.408: [GC 2056.408: [ParNew: 27328K->5440K(27328K), 0.0078470 secs] 2344974K->2323109K(4188864K) icms_dc=0 , 0.0079710 secs] [Times: user=0.09 sys=0.00, real=0.01 secs] 
Total time for which application threads were stopped: 0.0084210 seconds
2012-01-20T16:42:49.728+0000: 2057.841: [GC 2057.841: [ParNew: 27328K->5440K(27328K), 0.0084650 secs] 2344997K->2323587K(4188864K) icms_dc=0 , 0.0085880 secs] [Times: user=0.09 sys=0.00, real=0.01 secs] 
Total time for which application threads were stopped: 0.0090520 seconds
Total time for which application threads were stopped: 0.0001740 seconds
2012-01-20T16:42:51.308+0000: 2059.421: [GC 2059.421: [ParNew: 27328K->5440K(27328K), 0.0088130 secs] 2345475K->2324107K(4188864K) icms_dc=0 , 0.0089460 secs] [Times: user=0.10 sys=0.00, real=0.01 secs] 
Total time for which application threads were stopped: 0.0093670 seconds
2012-01-20T16:42:52.637+0000: 2060.750: [GC 2060.750: [ParNew: 27328K->5440K(27328K), 0.0097880 secs] 2345995K->2324545K(4188864K) icms_dc=0 , 0.0099110 secs] [Times: user=0.10 sys=0.00, real=0.01 secs] 
Total time for which application threads were stopped: 0.0102920 seconds
2012-01-20T16:42:54.268+0000: 2062.381: [GC 2062.381: [ParNew: 27328K->5440K(27328K), 0.0077960 secs] 2346433K->2324793K(4188864K) icms_dc=0 , 0.0079170 secs] [Times: user=0.08 sys=0.00, real=0.00 secs] 
Total time for which application threads were stopped: 0.0083020 seconds
2012-01-20T16:42:55.886+0000: 2063.999: [GC 2063.999: [ParNew: 27328K->5440K(27328K), 0.0098060 secs] 2346681K->2325466K(4188864K) icms_dc=0 , 0.0099300 secs] [Times: user=0.11 sys=0.00, real=0.01 secs] 
Total time for which application threads were stopped: 0.0102850 seconds
2012-01-20T16:42:57.369+0000: 2065.482: [GC 2065.482: [ParNew: 27328K->5440K(27328K), 0.0083710 secs] 2347354K->2325991K(4188864K) icms_dc=0 , 0.0084930 secs] [Times: user=0.08 sys=0.00, real=0.01 secs] 
Total time for which application threads were stopped: 0.0088610 seconds
2012-01-20T16:42:59.004+0000: 2067.117: [GC 2067.117: [ParNew: 27328K->5440K(27328K), 0.0082810 secs] 2347879K->2326496K(4188864K) icms_dc=0 , 0.0084070 secs] [Times: user=0.08 sys=0.00, real=0.01 secs] 
Total time for which application threads were stopped: 0.0088020 seconds
Total time for which application threads were stopped: 0.0002690 seconds
2012-01-20T16:43:00.363+0000: 2068.476: [GC 2068.476: [ParNew: 27328K->5440K(27328K), 0.0092010 secs] 2348384K->2327160K(4188864K) icms_dc=0 , 0.0093360 secs] [Times: user=0.09 sys=0.00, real=0.01 secs] 
Total time for which application threads were stopped: 0.0096110 seconds
2012-01-20T16:43:02.006+0000: 2070.120: [GC 2070.120: [ParNew: 27328K->5440K(27328K), 0.0093970 secs] 2349048K->2327857K(4188864K) icms_dc=0 , 0.0095160 secs] [Times: user=0.09 sys=0.00, real=0.01 secs] 
Total time for which application threads were stopped: 0.0098750 seconds
2012-01-20T16:43:03.696+0000: 2071.809: [GC 2071.809: [ParNew: 27328K->5440K(27328K), 0.0088300 secs] 2349745K->2328403K(4188864K) icms_dc=0 , 0.0089570 secs] [Times: user=0.08 sys=0.01, real=0.01 secs] 
Total time for which application threads were stopped: 0.0093420 seconds
2012-01-20T16:43:05.228+0000: 2073.341: [GC 2073.342: [ParNew: 27328K->5440K(27328K), 0.0099380 secs] 2350291K->2329095K(4188864K) icms_dc=0 , 0.0100620 secs] [Times: user=0.09 sys=0.00, real=0.01 secs] 
Total time for which application threads were stopped: 0.0104560 seconds
2012-01-20T16:43:06.508+0000: 2074.621: [GC 2074.622: [ParNew: 27328K->5440K(27328K), 0.0092540 secs] 2350983K->2329955K(4188864K) icms_dc=0 , 0.0093800 secs] [Times: user=0.09 sys=0.01, real=0.01 secs] 
Total time for which application threads were stopped: 0.0097390 seconds
2012-01-20T16:43:07.873+0000: 2075.986: [GC 2075.986: [ParNew: 27328K->5440K(27328K), 0.0096420 secs] 2351843K->2330648K(4188864K) icms_dc=0 , 0.0097640 secs] [Times: user=0.10 sys=0.00, real=0.01 secs] 
Total time for which application threads were stopped: 0.0101600 seconds
2012-01-20T16:43:09.394+0000: 2077.507: [GC 2077.508: [ParNew: 27328K->5304K(27328K), 0.0073270 secs] 2352536K->2330512K(4188864K) icms_dc=0 , 0.0074440 secs] [Times: user=0.09 sys=0.00, real=0.01 secs] 
Total time for which application threads were stopped: 0.0077960 seconds
Total time for which application threads were stopped: 0.0002590 seconds
2012-01-20T16:43:10.836+0000: 2078.949: [GC 2078.949: [ParNew: 27192K->5440K(27328K), 0.0088680 secs] 2352400K->2331322K(4188864K) icms_dc=0 , 0.0089980 secs] [Times: user=0.09 sys=0.00, real=0.01 secs] 
Total time for which application threads were stopped: 0.0093450 seconds
2012-01-20T16:43:12.312+0000: 2080.425: [GC 2080.425: [ParNew: 27328K->5243K(27328K), 0.0081630 secs] 2353210K->2331346K(4188864K) icms_dc=0 , 0.0082820 secs] [Times: user=0.09 sys=0.00, real=0.01 secs] 
Total time for which application threads were stopped: 0.0086940 seconds
2012-01-20T16:43:13.865+0000: 2081.978: [GC 2081.978: [ParNew: 27131K->5440K(27328K), 0.0077870 secs] 2353234K->2331940K(4188864K) icms_dc=0 , 0.0079100 secs] [Times: user=0.09 sys=0.00, real=0.01 secs] 
Total time for which application threads were stopped: 0.0083080 seconds
2012-01-20T16:43:15.192+0000: 2083.305: [GC 2083.305: [ParNew: 27328K->5440K(27328K), 0.0077060 secs] 2353828K->2332214K(4188864K) icms_dc=0 , 0.0078290 secs] [Times: user=0.08 sys=0.00, real=0.01 secs] 
Total time for which application threads were stopped: 0.0082180 seconds
2012-01-20T16:43:16.647+0000: 2084.760: [GC 2084.760: [ParNew: 27328K->5440K(27328K), 0.0080260 secs] 2354102K->2332547K(4188864K) icms_dc=0 , 0.0081430 secs] [Times: user=0.08 sys=0.00, real=0.01 secs] 
Total time for which application threads were stopped: 0.0084740 seconds
2012-01-20T16:43:18.174+0000: 2086.288: [GC 2086.288: [ParNew: 27328K->5440K(27328K), 0.0078470 secs] 2354435K->2332925K(4188864K) icms_dc=0 , 0.0079680 secs] [Times: user=0.08 sys=0.00, real=0.01 secs] 
Total time for which application threads were stopped: 0.0083110 seconds
2012-01-20T16:43:19.834+0000: 2087.947: [GC 2087.947: [ParNew: 27328K->5440K(27328K), 0.0100260 secs] 2354813K->2333595K(4188864K) icms_dc=0 , 0.0101500 secs] [Times: user=0.10 sys=0.00, real=0.01 secs] 
Total time for which application threads were stopped: 0.0104870 seconds
Total time for which application threads were stopped: 0.0001990 seconds
2012-01-20T16:43:21.528+0000: 2089.641: [GC 2089.642: [ParNew: 27328K->5440K(27328K), 0.0095180 secs] 2355483K->2334296K(4188864K) icms_dc=0 , 0.0096530 secs] [Times: user=0.10 sys=0.00, real=0.01 secs] 
Total time for which application threads were stopped: 0.0100520 seconds
2012-01-20T16:43:22.981+0000: 2091.094: [GC 2091.094: [ParNew: 27328K->5440K(27328K), 0.0096690 secs] 2356184K->2335062K(4188864K) icms_dc=0 , 0.0097890 secs] [Times: user=0.10 sys=0.01, real=0.01 secs] 
Total time for which application threads were stopped: 0.0101730 seconds
2012-01-20T16:43:24.575+0000: 2092.688: [GC 2092.688: [ParNew: 27328K->5440K(27328K), 0.0116040 secs] 2356950K->2336507K(4188864K) icms_dc=0 , 0.0117280 secs] [Times: user=0.11 sys=0.01, real=0.01 secs] 
Total time for which application threads were stopped: 0.0120810 seconds
2012-01-20T16:43:26.056+0000: 2094.169: [GC 2094.169: [ParNew: 27328K->5440K(27328K), 0.0072700 secs] 2358395K->2336572K(4188864K) icms_dc=0 , 0.0073810 secs] [Times: user=0.09 sys=0.00, real=0.01 secs] 
Total time for which application threads were stopped: 0.0077530 seconds
2012-01-20T16:43:27.693+0000: 2095.806: [GC 2095.806: [ParNew: 27328K->5440K(27328K), 0.0100220 secs] 2358460K->2337684K(4188864K) icms_dc=0 , 0.0101470 secs] [Times: user=0.10 sys=0.00, real=0.01 secs] 
Total time for which application threads were stopped: 0.0105150 seconds
2012-01-20T16:43:29.359+0000: 2097.472: [GC 2097.473: [ParNew: 27328K->5440K(27328K), 0.0068920 secs] 2359572K->2337720K(4188864K) icms_dc=0 , 0.0070160 secs] [Times: user=0.08 sys=0.00, real=0.01 secs] 
Total time for which application threads were stopped: 0.0074370 seconds
Total time for which application threads were stopped: 0.0002380 seconds
2012-01-20T16:43:30.739+0000: 2098.852: [GC 2098.852: [ParNew: 27328K->5440K(27328K), 0.0085070 secs] 2359608K->2338312K(4188864K) icms_dc=0 , 0.0086400 secs] [Times: user=0.09 sys=0.00, real=0.01 secs] 
Total time for which application threads were stopped: 0.0089750 seconds
2012-01-20T16:43:32.182+0000: 2100.295: [GC 2100.295: [ParNew: 27328K->5440K(27328K), 0.0077460 secs] 2360200K->2338533K(4188864K) icms_dc=0 , 0.0078660 secs] [Times: user=0.09 sys=0.00, real=0.00 secs] 
Total time for which application threads were stopped: 0.0082970 seconds
2012-01-20T16:43:33.832+0000: 2101.945: [GC 2101.945: [ParNew: 27328K->5440K(27328K), 0.0089010 secs] 2360421K->2339059K(4188864K) icms_dc=0 , 0.0090380 secs] [Times: user=0.09 sys=0.00, real=0.01 secs] 
Total time for which application threads were stopped: 0.0094270 seconds
2012-01-20T16:43:35.460+0000: 2103.573: [GC 2103.573: [ParNew: 27328K->5440K(27328K), 0.0073510 secs] 2360947K->2339234K(4188864K) icms_dc=0 , 0.0074690 secs] [Times: user=0.08 sys=0.01, real=0.01 secs] 
Total time for which application threads were stopped: 0.0078130 seconds
2012-01-20T16:43:36.874+0000: 2104.987: [GC 2104.987: [ParNew: 27328K->5440K(27328K), 0.0081000 secs] 2361122K->2339558K(4188864K) icms_dc=0 , 0.0082220 secs] [Times: user=0.09 sys=0.00, real=0.01 secs] 
Total time for which application threads were stopped: 0.0085850 seconds
2012-01-20T16:43:38.495+0000: 2106.608: [GC 2106.608: [ParNew: 27328K->5341K(27328K), 0.0071930 secs] 2361446K->2339679K(4188864K) icms_dc=0 , 0.0073130 secs] [Times: user=0.09 sys=0.00, real=0.01 secs] 
Total time for which application threads were stopped: 0.0076500 seconds
2012-01-20T16:43:39.887+0000: 2108.000: [GC 2108.000: [ParNew: 27229K->5070K(27328K), 0.0071400 secs] 2361567K->2339653K(4188864K) icms_dc=0 , 0.0072570 secs] [Times: user=0.08 sys=0.00, real=0.01 secs] 
Total time for which application threads were stopped: 0.0076150 seconds
Total time for which application threads were stopped: 0.0001340 seconds
2012-01-20T16:43:41.472+0000: 2109.585: [GC 2109.585: [ParNew: 26958K->5440K(27328K), 0.0071760 secs] 2361541K->2340102K(4188864K) icms_dc=0 , 0.0073050 secs] [Times: user=0.07 sys=0.01, real=0.00 secs] 
Total time for which application threads were stopped: 0.0076440 seconds
2012-01-20T16:43:42.965+0000: 2111.078: [GC 2111.078: [ParNew: 27328K->5440K(27328K), 0.0073130 secs] 2361990K->2340290K(4188864K) icms_dc=0 , 0.0074290 secs] [Times: user=0.08 sys=0.00, real=0.01 secs] 
Total time for which application threads were stopped: 0.0078260 seconds
2012-01-20T16:43:44.463+0000: 2112.576: [GC 2112.576: [ParNew: 27328K->5440K(27328K), 0.0076500 secs] 2362178K->2340444K(4188864K) icms_dc=0 , 0.0077680 secs] [Times: user=0.09 sys=0.00, real=0.00 secs] 
Total time for which application threads were stopped: 0.0081450 seconds
2012-01-20T16:43:45.861+0000: 2113.974: [GC 2113.974: [ParNew: 27328K->5440K(27328K), 0.0076320 secs] 2362332K->2340642K(4188864K) icms_dc=0 , 0.0077480 secs] [Times: user=0.09 sys=0.00, real=0.01 secs] 
Total time for which application threads were stopped: 0.0080840 seconds
2012-01-20T16:43:47.313+0000: 2115.426: [GC 2115.427: [ParNew: 27328K->5440K(27328K), 0.0084310 secs] 2362530K->2341071K(4188864K) icms_dc=0 , 0.0085550 secs] [Times: user=0.08 sys=0.00, real=0.00 secs] 
Total time for which application threads were stopped: 0.0089040 seconds
2012-01-20T16:43:49.140+0000: 2117.253: [GC 2117.253: [ParNew: 27328K->5440K(27328K), 0.0085540 secs] 2362959K->2341557K(4188864K) icms_dc=0 , 0.0086770 secs] [Times: user=0.09 sys=0.00, real=0.01 secs] 
Total time for which application threads were stopped: 0.0090790 seconds
Total time for which application threads were stopped: 0.0002290 seconds
2012-01-20T16:43:50.790+0000: 2118.903: [GC 2118.903: [ParNew: 27328K->5440K(27328K), 0.0082210 secs] 2363445K->2341906K(4188864K) icms_dc=0 , 0.0083520 secs] [Times: user=0.09 sys=0.01, real=0.01 secs] 
Total time for which application threads were stopped: 0.0087190 seconds
2012-01-20T16:43:52.434+0000: 2120.547: [GC 2120.547: [ParNew: 27328K->5440K(27328K), 0.0092890 secs] 2363794K->2342337K(4188864K) icms_dc=0 , 0.0094110 secs] [Times: user=0.09 sys=0.00, real=0.01 secs] 
Total time for which application threads were stopped: 0.0098520 seconds
2012-01-20T16:43:53.915+0000: 2122.028: [GC 2122.028: [ParNew: 27328K->5440K(27328K), 0.0087500 secs] 2364225K->2342948K(4188864K) icms_dc=0 , 0.0088720 secs] [Times: user=0.09 sys=0.00, real=0.01 secs] 
Total time for which application threads were stopped: 0.0092770 seconds
2012-01-20T16:43:55.646+0000: 2123.759: [GC 2123.759: [ParNew: 27328K->5440K(27328K), 0.0088640 secs] 2364836K->2343553K(4188864K) icms_dc=0 , 0.0089820 secs] [Times: user=0.09 sys=0.00, real=0.01 secs] 
Total time for which application threads were stopped: 0.0093300 seconds
2012-01-20T16:43:57.024+0000: 2125.137: [GC 2125.137: [ParNew: 27328K->5440K(27328K), 0.0085610 secs] 2365441K->2344190K(4188864K) icms_dc=0 , 0.0086810 secs] [Times: user=0.08 sys=0.01, real=0.00 secs] 
Total time for which application threads were stopped: 0.0090160 seconds
2012-01-20T16:43:58.465+0000: 2126.578: [GC 2126.578: [ParNew: 27328K->5440K(27328K), 0.0084810 secs] 2366078K->2344633K(4188864K) icms_dc=0 , 0.0085960 secs] [Times: user=0.09 sys=0.00, real=0.01 secs] 
Total time for which application threads were stopped: 0.0089420 seconds
Total time for which application threads were stopped: 0.0004760 seconds
2012-01-20T16:44:00.087+0000: 2128.201: [GC 2128.201: [ParNew: 27328K->5440K(27328K), 0.0091430 secs] 2366521K->2345160K(4188864K) icms_dc=0 , 0.0092640 secs] [Times: user=0.09 sys=0.00, real=0.01 secs] 
Total time for which application threads were stopped: 0.0094590 seconds
2012-01-20T16:44:01.770+0000: 2129.883: [GC 2129.883: [ParNew: 27328K->5440K(27328K), 0.0091220 secs] 2367048K->2345768K(4188864K) icms_dc=0 , 0.0092350 secs] [Times: user=0.11 sys=0.00, real=0.01 secs] 
Total time for which application threads were stopped: 0.0096250 seconds
2012-01-20T16:44:03.242+0000: 2131.355: [GC 2131.355: [ParNew: 27328K->5179K(27328K), 0.0078230 secs] 2367656K->2345851K(4188864K) icms_dc=0 , 0.0079350 secs] [Times: user=0.08 sys=0.00, real=0.01 secs] 
Total time for which application threads were stopped: 0.0082790 seconds
2012-01-20T16:44:04.784+0000: 2132.897: [GC 2132.897: [ParNew: 27067K->5440K(27328K), 0.0075040 secs] 2367739K->2346357K(4188864K) icms_dc=0 , 0.0076170 secs] [Times: user=0.08 sys=0.01, real=0.01 secs] 
Total time for which application threads were stopped: 0.0080600 seconds
2012-01-20T16:44:06.200+0000: 2134.313: [GC 2134.313: [ParNew: 27328K->5430K(27328K), 0.0077720 secs] 2368245K->2346625K(4188864K) icms_dc=0 , 0.0078840 secs] [Times: user=0.09 sys=0.00, real=0.01 secs] 
Total time for which application threads were stopped: 0.0082610 seconds
2012-01-20T16:44:07.854+0000: 2135.968: [GC 2135.968: [ParNew: 27318K->4741K(27328K), 0.0070870 secs] 2368513K->2346124K(4188864K) icms_dc=0 , 0.0071960 secs] [Times: user=0.07 sys=0.00, real=0.00 secs] 
Total time for which application threads were stopped: 0.0075840 seconds
2012-01-20T16:44:09.565+0000: 2137.678: [GC 2137.678: [ParNew: 26629K->5388K(27328K), 0.0070160 secs] 2368012K->2346871K(4188864K) icms_dc=0 , 0.0071440 secs] [Times: user=0.08 sys=0.00, real=0.01 secs] 
Total time for which application threads were stopped: 0.0075690 seconds
Total time for which application threads were stopped: 0.0002420 seconds
2012-01-20T16:44:11.156+0000: 2139.269: [GC 2139.269: [ParNew: 27276K->5132K(27328K), 0.0079060 secs] 2368759K->2346818K(4188864K) icms_dc=0 , 0.0080290 secs] [Times: user=0.09 sys=0.00, real=0.00 secs] 
Total time for which application threads were stopped: 0.0083520 seconds
2012-01-20T16:44:12.592+0000: 2140.705: [GC 2140.705: [ParNew: 27020K->5440K(27328K), 0.0071670 secs] 2368706K->2347283K(4188864K) icms_dc=0 , 0.0072860 secs] [Times: user=0.08 sys=0.00, real=0.01 secs] 
Total time for which application threads were stopped: 0.0076270 seconds
2012-01-20T16:44:14.326+0000: 2142.439: [GC 2142.439: [ParNew: 27328K->5440K(27328K), 0.0066950 secs] 2369171K->2347328K(4188864K) icms_dc=0 , 0.0068180 secs] [Times: user=0.07 sys=0.00, real=0.00 secs] 
Total time for which application threads were stopped: 0.0072620 seconds
2012-01-20T16:44:15.722+0000: 2143.835: [GC 2143.835: [ParNew: 27328K->5440K(27328K), 0.0088440 secs] 2369216K->2347608K(4188864K) icms_dc=0 , 0.0089650 secs] [Times: user=0.10 sys=0.00, real=0.01 secs] 
Total time for which application threads were stopped: 0.0093520 seconds
2012-01-20T16:44:17.198+0000: 2145.311: [GC 2145.311: [ParNew: 27328K->5440K(27328K), 0.0072600 secs] 2369496K->2347767K(4188864K) icms_dc=0 , 0.0073780 secs] [Times: user=0.08 sys=0.00, real=0.00 secs] 
Total time for which application threads were stopped: 0.0077220 seconds
2012-01-20T16:44:18.788+0000: 2146.901: [GC 2146.901: [ParNew: 27328K->5440K(27328K), 0.0079480 secs] 2369655K->2348066K(4188864K) icms_dc=0 , 0.0080660 secs] [Times: user=0.09 sys=0.00, real=0.01 secs] 
Total time for which application threads were stopped: 0.0084430 seconds
Total time for which application threads were stopped: 0.0002310 seconds
2012-01-20T16:44:20.258+0000: 2148.371: [GC 2148.371: [ParNew: 27328K->5440K(27328K), 0.0095740 secs] 2369954K->2348438K(4188864K) icms_dc=0 , 0.0097080 secs] [Times: user=0.11 sys=0.00, real=0.01 secs] 
Total time for which application threads were stopped: 0.0099180 seconds
2012-01-20T16:44:21.761+0000: 2149.874: [GC 2149.874: [ParNew: 27328K->5440K(27328K), 0.0091830 secs] 2370326K->2349139K(4188864K) icms_dc=0 , 0.0093060 secs] [Times: user=0.10 sys=0.00, real=0.01 secs] 
Total time for which application threads were stopped: 0.0096760 seconds
2012-01-20T16:44:23.131+0000: 2151.244: [GC 2151.244: [ParNew: 27328K->5440K(27328K), 0.0098410 secs] 2371027K->2349857K(4188864K) icms_dc=0 , 0.0099640 secs] [Times: user=0.10 sys=0.00, real=0.01 secs] 
Total time for which application threads were stopped: 0.0103370 seconds
2012-01-20T16:44:24.769+0000: 2152.883: [GC 2152.883: [ParNew: 27328K->5440K(27328K), 0.0091600 secs] 2371745K->2350575K(4188864K) icms_dc=0 , 0.0092880 secs] [Times: user=0.10 sys=0.00, real=0.01 secs] 
Total time for which application threads were stopped: 0.0096430 seconds
2012-01-20T16:44:26.223+0000: 2154.337: [GC 2154.337: [ParNew: 27328K->5440K(27328K), 0.0076960 secs] 2372463K->2350855K(4188864K) icms_dc=0 , 0.0078170 secs] [Times: user=0.08 sys=0.01, real=0.01 secs] 
Total time for which application threads were stopped: 0.0082350 seconds
2012-01-20T16:44:27.585+0000: 2155.698: [GC 2155.698: [ParNew: 27328K->5440K(27328K), 0.0090550 secs] 2372743K->2351619K(4188864K) icms_dc=0 , 0.0091770 secs] [Times: user=0.10 sys=0.00, real=0.01 secs] 
Total time for which application threads were stopped: 0.0095290 seconds
2012-01-20T16:44:29.091+0000: 2157.204: [GC 2157.204: [ParNew: 27328K->5440K(27328K), 0.0089030 secs] 2373507K->2352195K(4188864K) icms_dc=0 , 0.0090370 secs] [Times: user=0.10 sys=0.00, real=0.01 secs] 
Total time for which application threads were stopped: 0.0094460 seconds
Total time for which application threads were stopped: 0.0005780 seconds
Total time for which application threads were stopped: 0.0028760 seconds
Total time for which application threads were stopped: 0.0001300 seconds
2012-01-20T16:44:30.748+0000: 2158.861: [GC 2158.862: [ParNew: 27328K->5440K(27328K), 0.0092180 secs] 2374083K->2353058K(4188864K) icms_dc=0 , 0.0093510 secs] [Times: user=0.09 sys=0.00, real=0.01 secs] 
Total time for which application threads were stopped: 0.0097130 seconds
2012-01-20T16:44:32.171+0000: 2160.284: [GC 2160.284: [ParNew: 27328K->5440K(27328K), 0.0094160 secs] 2374946K->2353768K(4188864K) icms_dc=0 , 0.0095410 secs] [Times: user=0.10 sys=0.00, real=0.01 secs] 
Total time for which application threads were stopped: 0.0099390 seconds
2012-01-20T16:44:33.657+0000: 2161.770: [GC 2161.770: [ParNew: 27328K->5440K(27328K), 0.0084600 secs] 2375656K->2354030K(4188864K) icms_dc=0 , 0.0085800 secs] [Times: user=0.11 sys=0.00, real=0.01 secs] 
Total time for which application threads were stopped: 0.0089780 seconds
2012-01-20T16:44:35.180+0000: 2163.293: [GC 2163.293: [ParNew: 27328K->5440K(27328K), 0.0086540 secs] 2375918K->2354698K(4188864K) icms_dc=0 , 0.0087830 secs] [Times: user=0.09 sys=0.00, real=0.01 secs] 
Total time for which application threads were stopped: 0.0092320 seconds
2012-01-20T16:44:36.680+0000: 2164.793: [GC 2164.794: [ParNew: 27328K->5440K(27328K), 0.0093270 secs] 2376586K->2355264K(4188864K) icms_dc=0 , 0.0094470 secs] [Times: user=0.10 sys=0.00, real=0.01 secs] 
Total time for which application threads were stopped: 0.0098870 seconds
2012-01-20T16:44:38.256+0000: 2166.369: [GC 2166.369: [ParNew: 27328K->5195K(27328K), 0.0077740 secs] 2377152K->2355280K(4188864K) icms_dc=0 , 0.0078900 secs] [Times: user=0.08 sys=0.00, real=0.01 secs] 
Total time for which application threads were stopped: 0.0082600 seconds
2012-01-20T16:44:39.839+0000: 2167.952: [GC 2167.952: [ParNew: 27083K->5440K(27328K), 0.0074900 secs] 2377168K->2355809K(4188864K) icms_dc=0 , 0.0076110 secs] [Times: user=0.08 sys=0.00, real=0.00 secs] 
Total time for which application threads were stopped: 0.0080290 seconds
Total time for which application threads were stopped: 0.0001320 seconds
2012-01-20T16:44:41.581+0000: 2169.694: [GC 2169.694: [ParNew: 27328K->5440K(27328K), 0.0079750 secs] 2377697K->2356189K(4188864K) icms_dc=0 , 0.0081050 secs] [Times: user=0.09 sys=0.00, real=0.01 secs] 
Total time for which application threads were stopped: 0.0085020 seconds
2012-01-20T16:44:43.096+0000: 2171.210: [GC 2171.210: [ParNew: 27328K->5336K(27328K), 0.0078100 secs] 2378077K->2356366K(4188864K) icms_dc=0 , 0.0079320 secs] [Times: user=0.09 sys=0.00, real=0.01 secs] 
Total time for which application threads were stopped: 0.0082970 seconds
2012-01-20T16:44:44.705+0000: 2172.818: [GC 2172.818: [ParNew: 27224K->5440K(27328K), 0.0077970 secs] 2378254K->2356713K(4188864K) icms_dc=0 , 0.0079190 secs] [Times: user=0.07 sys=0.00, real=0.01 secs] 
Total time for which application threads were stopped: 0.0083530 seconds
2012-01-20T16:44:46.178+0000: 2174.291: [GC 2174.291: [ParNew: 27328K->5391K(27328K), 0.0076260 secs] 2378601K->2356826K(4188864K) icms_dc=0 , 0.0077440 secs] [Times: user=0.08 sys=0.00, real=0.01 secs] 
Total time for which application threads were stopped: 0.0081620 seconds
2012-01-20T16:44:47.482+0000: 2175.595: [GC 2175.595: [ParNew: 27279K->5440K(27328K), 0.0091010 secs] 2378714K->2357280K(4188864K) icms_dc=0 , 0.0092220 secs] [Times: user=0.09 sys=0.00, real=0.01 secs] 
Total time for which application threads were stopped: 0.0096990 seconds
2012-01-20T16:44:49.145+0000: 2177.258: [GC 2177.258: [ParNew: 27328K->5440K(27328K), 0.0073900 secs] 2379168K->2357456K(4188864K) icms_dc=0 , 0.0075090 secs] [Times: user=0.09 sys=0.00, real=0.01 secs] 
Total time for which application threads were stopped: 0.0079080 seconds
Total time for which application threads were stopped: 0.0002560 seconds
2012-01-20T16:44:50.842+0000: 2178.955: [GC 2178.955: [ParNew: 27328K->5440K(27328K), 0.0089250 secs] 2379344K->2357886K(4188864K) icms_dc=0 , 0.0090570 secs] [Times: user=0.10 sys=0.00, real=0.01 secs] 
Total time for which application threads were stopped: 0.0093960 seconds
2012-01-20T16:44:52.317+0000: 2180.431: [GC 2180.431: [ParNew: 27328K->5440K(27328K), 0.0108210 secs] 2379774K->2358662K(4188864K) icms_dc=0 , 0.0109500 secs] [Times: user=0.11 sys=0.00, real=0.01 secs] 
Total time for which application threads were stopped: 0.0113150 seconds
2012-01-20T16:44:53.726+0000: 2181.839: [GC 2181.840: [ParNew: 27328K->5440K(27328K), 0.0083760 secs] 2380550K->2359108K(4188864K) icms_dc=0 , 0.0085010 secs] [Times: user=0.09 sys=0.00, real=0.01 secs] 
Total time for which application threads were stopped: 0.0088640 seconds
2012-01-20T16:44:55.276+0000: 2183.389: [GC 2183.389: [ParNew: 27328K->5440K(27328K), 0.0072190 secs] 2380996K->2359319K(4188864K) icms_dc=0 , 0.0073380 secs] [Times: user=0.08 sys=0.00, real=0.01 secs] 
Total time for which application threads were stopped: 0.0077000 seconds
2012-01-20T16:44:56.994+0000: 2185.107: [GC 2185.107: [ParNew: 27328K->5440K(27328K), 0.0090180 secs] 2381207K->2360043K(4188864K) icms_dc=0 , 0.0091440 secs] [Times: user=0.08 sys=0.00, real=0.01 secs] 
Total time for which application threads were stopped: 0.0094910 seconds
2012-01-20T16:44:58.624+0000: 2186.738: [GC 2186.738: [ParNew: 27328K->5440K(27328K), 0.0092160 secs] 2381931K->2360673K(4188864K) icms_dc=0 , 0.0093410 secs] [Times: user=0.09 sys=0.00, real=0.01 secs] 
Total time for which application threads were stopped: 0.0097820 seconds
2012-01-20T16:45:00.080+0000: 2188.193: [GC 2188.193: [ParNew: 27328K->5440K(27328K), 0.0091140 secs] 2382561K->2361221K(4188864K) icms_dc=0 , 0.0092490 secs] [Times: user=0.08 sys=0.00, real=0.01 secs] 
Total time for which application threads were stopped: 0.0096040 seconds
Total time for which application threads were stopped: 0.0001530 seconds
2012-01-20T16:45:01.875+0000: 2189.988: [GC 2189.988: [ParNew: 27133K->5440K(27328K), 0.0101970 secs] 2382915K->2362177K(4188864K) icms_dc=0 , 0.0103260 secs] [Times: user=0.10 sys=0.01, real=0.01 secs] 
Total time for which application threads were stopped: 0.0106870 seconds
2012-01-20T16:45:03.057+0000: 2191.170: [GC 2191.170: [ParNew: 27328K->5440K(27328K), 0.0071080 secs] 2384065K->2362228K(4188864K) icms_dc=0 , 0.0072300 secs] [Times: user=0.08 sys=0.00, real=0.01 secs] 
Total time for which application threads were stopped: 0.0076000 seconds
2012-01-20T16:45:04.546+0000: 2192.659: [GC 2192.659: [ParNew: 27328K->5440K(27328K), 0.0097890 secs] 2384116K->2363202K(4188864K) icms_dc=0 , 0.0099160 secs] [Times: user=0.09 sys=0.00, real=0.01 secs] 
Total time for which application threads were stopped: 0.0103200 seconds
2012-01-20T16:45:06.074+0000: 2194.188: [GC 2194.188: [ParNew: 27328K->5382K(27328K), 0.0071770 secs] 2385090K->2363145K(4188864K) icms_dc=0 , 0.0072960 secs] [Times: user=0.09 sys=0.00, real=0.01 secs] 
Total time for which application threads were stopped: 0.0076550 seconds
2012-01-20T16:45:07.746+0000: 2195.859: [GC 2195.859: [ParNew: 27270K->5440K(27328K), 0.0089190 secs] 2385033K->2363637K(4188864K) icms_dc=0 , 0.0090370 secs] [Times: user=0.10 sys=0.00, real=0.01 secs] 
Total time for which application threads were stopped: 0.0093940 seconds
2012-01-20T16:45:09.157+0000: 2197.270: [GC 2197.270: [ParNew: 27328K->5091K(27328K), 0.0068670 secs] 2385525K->2363350K(4188864K) icms_dc=0 , 0.0069790 secs] [Times: user=0.08 sys=0.00, real=0.01 secs] 
Total time for which application threads were stopped: 0.0074460 seconds
Total time for which application threads were stopped: 0.0003260 seconds
2012-01-20T16:45:10.668+0000: 2198.781: [GC 2198.781: [ParNew: 26979K->5440K(27328K), 0.0079210 secs] 2385238K->2363942K(4188864K) icms_dc=0 , 0.0080430 secs] [Times: user=0.09 sys=0.00, real=0.01 secs] 
Total time for which application threads were stopped: 0.0083270 seconds
2012-01-20T16:45:12.319+0000: 2200.432: [GC 2200.432: [ParNew: 27328K->5116K(27328K), 0.0075690 secs] 2385830K->2363877K(4188864K) icms_dc=0 , 0.0076970 secs] [Times: user=0.08 sys=0.01, real=0.01 secs] 
Total time for which application threads were stopped: 0.0080710 seconds
2012-01-20T16:45:13.838+0000: 2201.952: [GC 2201.952: [ParNew: 27004K->5440K(27328K), 0.0072620 secs] 2385765K->2364364K(4188864K) icms_dc=0 , 0.0073810 secs] [Times: user=0.08 sys=0.01, real=0.01 secs] 
Total time for which application threads were stopped: 0.0077600 seconds
2012-01-20T16:45:15.158+0000: 2203.271: [GC 2203.271: [ParNew: 27328K->5440K(27328K), 0.0076770 secs] 2386252K->2364590K(4188864K) icms_dc=0 , 0.0077940 secs] [Times: user=0.09 sys=0.00, real=0.01 secs] 
Total time for which application threads were stopped: 0.0082360 seconds
2012-01-20T16:45:16.572+0000: 2204.685: [GC 2204.685: [ParNew: 27328K->5440K(27328K), 0.0101130 secs] 2386478K->2364981K(4188864K) icms_dc=0 , 0.0102330 secs] [Times: user=0.11 sys=0.00, real=0.01 secs] 
Total time for which application threads were stopped: 0.0106820 seconds
2012-01-20T16:45:18.071+0000: 2206.185: [GC 2206.185: [ParNew: 27328K->5440K(27328K), 0.0078260 secs] 2386869K->2365350K(4188864K) icms_dc=0 , 0.0079420 secs] [Times: user=0.08 sys=0.00, real=0.01 secs] 
Total time for which application threads were stopped: 0.0083200 seconds
2012-01-20T16:45:19.565+0000: 2207.679: [GC 2207.679: [ParNew: 27328K->5440K(27328K), 0.0088890 secs] 2387238K->2365887K(4188864K) icms_dc=0 , 0.0090130 secs] [Times: user=0.09 sys=0.00, real=0.01 secs] 
Total time for which application threads were stopped: 0.0094180 seconds
Total time for which application threads were stopped: 0.0002710 seconds
2012-01-20T16:45:21.032+0000: 2209.145: [GC 2209.145: [ParNew: 27328K->5440K(27328K), 0.0085760 secs] 2387775K->2366394K(4188864K) icms_dc=0 , 0.0086980 secs] [Times: user=0.09 sys=0.00, real=0.01 secs] 
Total time for which application threads were stopped: 0.0090860 seconds
2012-01-20T16:45:22.597+0000: 2210.710: [GC 2210.710: [ParNew: 27328K->5440K(27328K), 0.0096180 secs] 2388282K->2366912K(4188864K) icms_dc=0 , 0.0097390 secs] [Times: user=0.11 sys=0.00, real=0.01 secs] 
Total time for which application threads were stopped: 0.0101200 seconds
2012-01-20T16:45:23.984+0000: 2212.097: [GC 2212.097: [ParNew: 27328K->5440K(27328K), 0.0087990 secs] 2388800K->2367420K(4188864K) icms_dc=0 , 0.0089170 secs] [Times: user=0.08 sys=0.00, real=0.00 secs] 
Total time for which application threads were stopped: 0.0092800 seconds
2012-01-20T16:45:25.499+0000: 2213.612: [GC 2213.612: [ParNew: 27328K->5440K(27328K), 0.0084760 secs] 2389308K->2367889K(4188864K) icms_dc=0 , 0.0085960 secs] [Times: user=0.09 sys=0.00, real=0.01 secs] 
Total time for which application threads were stopped: 0.0089900 seconds
2012-01-20T16:45:27.115+0000: 2215.228: [GC 2215.228: [ParNew: 27328K->5440K(27328K), 0.0096200 secs] 2389777K->2368531K(4188864K) icms_dc=0 , 0.0097420 secs] [Times: user=0.10 sys=0.01, real=0.01 secs] 
Total time for which application threads were stopped: 0.0101590 seconds
2012-01-20T16:45:28.665+0000: 2216.778: [GC 2216.778: [ParNew: 27328K->5440K(27328K), 0.0091470 secs] 2390419K->2369293K(4188864K) icms_dc=0 , 0.0092710 secs] [Times: user=0.09 sys=0.00, real=0.01 secs] 
Total time for which application threads were stopped: 0.0096930 seconds
2012-01-20T16:45:30.200+0000: 2218.314: [GC 2218.314: [ParNew: 27328K->5440K(27328K), 0.0087720 secs] 2391181K->2369803K(4188864K) icms_dc=0 , 0.0088960 secs] [Times: user=0.10 sys=0.00, real=0.01 secs] 
Total time for which application threads were stopped: 0.0092750 seconds
Total time for which application threads were stopped: 0.0001450 seconds
2012-01-20T16:45:31.740+0000: 2219.853: [GC 2219.854: [ParNew: 27328K->5440K(27328K), 0.0079590 secs] 2391691K->2370281K(4188864K) icms_dc=0 , 0.0080820 secs] [Times: user=0.09 sys=0.00, real=0.01 secs] 
Total time for which application threads were stopped: 0.0084880 seconds
2012-01-20T16:45:33.299+0000: 2221.412: [GC 2221.412: [ParNew: 27328K->5364K(27328K), 0.0081570 secs] 2392169K->2370593K(4188864K) icms_dc=0 , 0.0082750 secs] [Times: user=0.09 sys=0.01, real=0.01 secs] 
Total time for which application threads were stopped: 0.0087130 seconds
2012-01-20T16:45:34.811+0000: 2222.924: [GC 2222.924: [ParNew: 27252K->5440K(27328K), 0.0087390 secs] 2392481K->2371093K(4188864K) icms_dc=0 , 0.0088560 secs] [Times: user=0.09 sys=0.00, real=0.01 secs] 
Total time for which application threads were stopped: 0.0092020 seconds
2012-01-20T16:45:36.603+0000: 2224.717: [GC 2224.717: [ParNew: 27328K->5342K(27328K), 0.0079010 secs] 2392981K->2371141K(4188864K) icms_dc=0 , 0.0080160 secs] [Times: user=0.08 sys=0.00, real=0.01 secs] 
Total time for which application threads were stopped: 0.0084010 seconds
2012-01-20T16:45:38.252+0000: 2226.365: [GC 2226.365: [ParNew: 27230K->5440K(27328K), 0.0091390 secs] 2393029K->2371538K(4188864K) icms_dc=0 , 0.0092540 secs] [Times: user=0.10 sys=0.00, real=0.01 secs] 
Total time for which application threads were stopped: 0.0095870 seconds
2012-01-20T16:45:39.906+0000: 2228.019: [GC 2228.019: [ParNew: 27328K->5440K(27328K), 0.0072800 secs] 2393426K->2371708K(4188864K) icms_dc=0 , 0.0073930 secs] [Times: user=0.08 sys=0.00, real=0.00 secs] 
Total time for which application threads were stopped: 0.0077390 seconds
Total time for which application threads were stopped: 0.0002050 seconds
2012-01-20T16:45:41.387+0000: 2229.500: [GC 2229.500: [ParNew: 27328K->5440K(27328K), 0.0086710 secs] 2393596K->2372148K(4188864K) icms_dc=0 , 0.0087890 secs] [Times: user=0.09 sys=0.00, real=0.01 secs] 
Total time for which application threads were stopped: 0.0091950 seconds
2012-01-20T16:45:43.098+0000: 2231.211: [GC 2231.212: [ParNew: 27328K->5423K(27328K), 0.0067920 secs] 2394036K->2372132K(4188864K) icms_dc=0 , 0.0069090 secs] [Times: user=0.08 sys=0.00, real=0.00 secs] 
Total time for which application threads were stopped: 0.0072710 seconds
2012-01-20T16:45:44.496+0000: 2232.609: [GC 2232.609: [ParNew: 27311K->5440K(27328K), 0.0081030 secs] 2394020K->2372581K(4188864K) icms_dc=0 , 0.0082170 secs] [Times: user=0.08 sys=0.00, real=0.00 secs] 
Total time for which application threads were stopped: 0.0085860 seconds
2012-01-20T16:45:46.017+0000: 2234.130: [GC 2234.130: [ParNew: 27328K->4787K(27328K), 0.0070500 secs] 2394469K->2371993K(4188864K) icms_dc=0 , 0.0071620 secs] [Times: user=0.07 sys=0.00, real=0.00 secs] 
Total time for which application threads were stopped: 0.0075450 seconds
2012-01-20T16:45:47.584+0000: 2235.698: [GC 2235.698: [ParNew: 26675K->5440K(27328K), 0.0068720 secs] 2393881K->2372747K(4188864K) icms_dc=0 , 0.0069870 secs] [Times: user=0.07 sys=0.00, real=0.01 secs] 
Total time for which application threads were stopped: 0.0073450 seconds
2012-01-20T16:45:49.192+0000: 2237.305: [GC 2237.305: [ParNew: 27328K->5373K(27328K), 0.0073610 secs] 2394635K->2372805K(4188864K) icms_dc=0 , 0.0074730 secs] [Times: user=0.09 sys=0.00, real=0.01 secs] 
Total time for which application threads were stopped: 0.0078710 seconds
Total time for which application threads were stopped: 0.0003150 seconds
2012-01-20T16:45:50.853+0000: 2238.966: [GC 2238.967: [ParNew: 27261K->5440K(27328K), 0.0072420 secs] 2394693K->2373048K(4188864K) icms_dc=0 , 0.0073570 secs] [Times: user=0.08 sys=0.00, real=0.01 secs] 
Total time for which application threads were stopped: 0.0077420 seconds
2012-01-20T16:45:52.349+0000: 2240.462: [GC 2240.462: [ParNew: 27328K->5268K(27328K), 0.0072680 secs] 2394936K->2373039K(4188864K) icms_dc=0 , 0.0073840 secs] [Times: user=0.09 sys=0.00, real=0.00 secs] 
Total time for which application threads were stopped: 0.0077710 seconds
2012-01-20T16:45:53.695+0000: 2241.808: [GC 2241.808: [ParNew: 27156K->5440K(27328K), 0.0077420 secs] 2394927K->2373415K(4188864K) icms_dc=0 , 0.0078550 secs] [Times: user=0.09 sys=0.01, real=0.01 secs] 
Total time for which application threads were stopped: 0.0082400 seconds
2012-01-20T16:45:55.177+0000: 2243.291: [GC 2243.291: [ParNew: 27328K->5171K(27328K), 0.0077220 secs] 2395303K->2373298K(4188864K) icms_dc=0 , 0.0078320 secs] [Times: user=0.09 sys=0.00, real=0.00 secs] 
Total time for which application threads were stopped: 0.0082160 seconds
2012-01-20T16:45:56.629+0000: 2244.742: [GC 2244.742: [ParNew: 27059K->5440K(27328K), 0.0077940 secs] 2395186K->2373794K(4188864K) icms_dc=0 , 0.0079090 secs] [Times: user=0.09 sys=0.00, real=0.01 secs] 
Total time for which application threads were stopped: 0.0082560 seconds
2012-01-20T16:45:58.025+0000: 2246.138: [GC 2246.138: [ParNew: 27328K->5311K(27328K), 0.0070650 secs] 2395682K->2373737K(4188864K) icms_dc=0 , 0.0071770 secs] [Times: user=0.08 sys=0.00, real=0.01 secs] 
Total time for which application threads were stopped: 0.0075670 seconds
2012-01-20T16:45:59.459+0000: 2247.572: [GC 2247.572: [ParNew: 27199K->5440K(27328K), 0.0077520 secs] 2395625K->2374082K(4188864K) icms_dc=0 , 0.0078640 secs] [Times: user=0.08 sys=0.00, real=0.00 secs] 
Total time for which application threads were stopped: 0.0081890 seconds
Total time for which application threads were stopped: 0.0003230 seconds
2012-01-20T16:46:00.824+0000: 2248.937: [GC 2248.937: [ParNew: 27328K->5282K(27328K), 0.0071020 secs] 2395970K->2374075K(4188864K) icms_dc=0 , 0.0072230 secs] [Times: user=0.08 sys=0.00, real=0.01 secs] 
Total time for which application threads were stopped: 0.0074330 seconds
2012-01-20T16:46:02.061+0000: 2250.174: [GC 2250.174: [ParNew: 27170K->4736K(27328K), 0.0077480 secs] 2395963K->2373742K(4188864K) icms_dc=0 , 0.0078650 secs] [Times: user=0.10 sys=0.00, real=0.01 secs] 
Total time for which application threads were stopped: 0.0082400 seconds
2012-01-20T16:46:03.572+0000: 2251.685: [GC 2251.685: [ParNew: 26624K->5440K(27328K), 0.0072770 secs] 2395630K->2374532K(4188864K) icms_dc=0 , 0.0073890 secs] [Times: user=0.08 sys=0.00, real=0.01 secs] 
Total time for which application threads were stopped: 0.0077740 seconds
2012-01-20T16:46:05.091+0000: 2253.204: [GC 2253.204: [ParNew: 27328K->5440K(27328K), 0.0080900 secs] 2396420K->2374867K(4188864K) icms_dc=0 , 0.0082130 secs] [Times: user=0.09 sys=0.01, real=0.01 secs] 
Total time for which application threads were stopped: 0.0086050 seconds
2012-01-20T16:46:06.570+0000: 2254.683: [GC 2254.683: [ParNew: 27328K->5303K(27328K), 0.0076100 secs] 2396755K->2374876K(4188864K) icms_dc=0 , 0.0077220 secs] [Times: user=0.08 sys=0.00, real=0.00 secs] 
Total time for which application threads were stopped: 0.0081070 seconds
2012-01-20T16:46:08.043+0000: 2256.156: [GC 2256.157: [ParNew: 27191K->5440K(27328K), 0.0092580 secs] 2396764K->2375325K(4188864K) icms_dc=0 , 0.0093770 secs] [Times: user=0.10 sys=0.00, real=0.01 secs] 
Total time for which application threads were stopped: 0.0097310 seconds
2012-01-20T16:46:09.470+0000: 2257.583: [GC 2257.583: [ParNew: 27328K->5440K(27328K), 0.0093910 secs] 2397213K->2375943K(4188864K) icms_dc=0 , 0.0095150 secs] [Times: user=0.10 sys=0.00, real=0.01 secs] 
Total time for which application threads were stopped: 0.0098650 seconds
Total time for which application threads were stopped: 0.0003300 seconds
2012-01-20T16:46:11.090+0000: 2259.203: [GC 2259.203: [ParNew: 27328K->5416K(27328K), 0.0069040 secs] 2397831K->2375920K(4188864K) icms_dc=0 , 0.0070160 secs] [Times: user=0.08 sys=0.00, real=0.00 secs] 
Total time for which application threads were stopped: 0.0073300 seconds
2012-01-20T16:46:12.580+0000: 2260.693: [GC 2260.693: [ParNew: 27304K->5440K(27328K), 0.0071720 secs] 2397808K->2376123K(4188864K) icms_dc=0 , 0.0072840 secs] [Times: user=0.08 sys=0.00, real=0.00 secs] 
Total time for which application threads were stopped: 0.0077200 seconds
2012-01-20T16:46:14.172+0000: 2262.285: [GC 2262.285: [ParNew: 27328K->5202K(27328K), 0.0081510 secs] 2398011K->2376237K(4188864K) icms_dc=0 , 0.0082670 secs] [Times: user=0.09 sys=0.00, real=0.01 secs] 
Total time for which application threads were stopped: 0.0086380 seconds
2012-01-20T16:46:16.052+0000: 2264.165: [GC 2264.165: [ParNew: 27090K->5440K(27328K), 0.0088210 secs] 2398125K->2376755K(4188864K) icms_dc=0 , 0.0089380 secs] [Times: user=0.10 sys=0.00, real=0.01 secs] 
Total time for which application threads were stopped: 0.0093090 seconds
2012-01-20T16:46:17.615+0000: 2265.728: [GC 2265.728: [ParNew: 27328K->5391K(27328K), 0.0070480 secs] 2398643K->2376845K(4188864K) icms_dc=0 , 0.0071600 secs] [Times: user=0.09 sys=0.00, real=0.01 secs] 
Total time for which application threads were stopped: 0.0075300 seconds
2012-01-20T16:46:18.897+0000: 2267.010: [GC 2267.010: [ParNew: 27279K->5440K(27328K), 0.0073630 secs] 2398733K->2377019K(4188864K) icms_dc=0 , 0.0074780 secs] [Times: user=0.08 sys=0.01, real=0.01 secs] 
Total time for which application threads were stopped: 0.0079060 seconds
2012-01-20T16:46:20.321+0000: 2268.434: [GC 2268.434: [ParNew: 27328K->5219K(27328K), 0.0074600 secs] 2398907K->2376885K(4188864K) icms_dc=0 , 0.0075770 secs] [Times: user=0.08 sys=0.00, real=0.00 secs] 
Total time for which application threads were stopped: 0.0079960 seconds
Total time for which application threads were stopped: 0.0001690 seconds
2012-01-20T16:46:21.767+0000: 2269.880: [GC 2269.880: [ParNew: 27107K->5440K(27328K), 0.0075720 secs] 2398773K->2377275K(4188864K) icms_dc=0 , 0.0076920 secs] [Times: user=0.09 sys=0.00, real=0.01 secs] 
Total time for which application threads were stopped: 0.0080810 seconds
2012-01-20T16:46:23.180+0000: 2271.293: [GC 2271.293: [ParNew: 27328K->5122K(27328K), 0.0071390 secs] 2399163K->2377078K(4188864K) icms_dc=0 , 0.0072530 secs] [Times: user=0.08 sys=0.00, real=0.01 secs] 
Total time for which application threads were stopped: 0.0076900 seconds
2012-01-20T16:46:24.732+0000: 2272.845: [GC 2272.845: [ParNew: 27010K->5440K(27328K), 0.0070850 secs] 2398966K->2377533K(4188864K) icms_dc=0 , 0.0072030 secs] [Times: user=0.08 sys=0.01, real=0.00 secs] 
Total time for which application threads were stopped: 0.0075890 seconds
2012-01-20T16:46:26.187+0000: 2274.300: [GC 2274.300: [ParNew: 27328K->5346K(27328K), 0.0074380 secs] 2399421K->2377625K(4188864K) icms_dc=0 , 0.0075630 secs] [Times: user=0.08 sys=0.00, real=0.01 secs] 
Total time for which application threads were stopped: 0.0079450 seconds
2012-01-20T16:46:27.575+0000: 2275.688: [GC 2275.688: [ParNew: 27234K->4997K(27328K), 0.0078740 secs] 2399513K->2377439K(4188864K) icms_dc=0 , 0.0079940 secs] [Times: user=0.08 sys=0.00, real=0.01 secs] 
Total time for which application threads were stopped: 0.0084390 seconds
2012-01-20T16:46:29.117+0000: 2277.230: [GC 2277.230: [ParNew: 26885K->5440K(27328K), 0.0071520 secs] 2399327K->2377995K(4188864K) icms_dc=0 , 0.0072650 secs] [Times: user=0.08 sys=0.01, real=0.01 secs] 
Total time for which application threads were stopped: 0.0076210 seconds
Total time for which application threads were stopped: 0.0002740 seconds
2012-01-20T16:46:30.473+0000: 2278.586: [GC 2278.586: [ParNew: 27328K->4960K(27328K), 0.0072270 secs] 2399883K->2377705K(4188864K) icms_dc=0 , 0.0073460 secs] [Times: user=0.08 sys=0.00, real=0.00 secs] 
Total time for which application threads were stopped: 0.0075270 seconds
2012-01-20T16:46:32.008+0000: 2280.121: [GC 2280.121: [ParNew: 26848K->5440K(27328K), 0.0075230 secs] 2399593K->2378342K(4188864K) icms_dc=0 , 0.0076460 secs] [Times: user=0.08 sys=0.00, real=0.01 secs] 
Total time for which application threads were stopped: 0.0079900 seconds
2012-01-20T16:46:33.774+0000: 2281.888: [GC 2281.888: [ParNew: 27328K->5440K(27328K), 0.0083660 secs] 2400230K->2378665K(4188864K) icms_dc=0 , 0.0084810 secs] [Times: user=0.09 sys=0.00, real=0.01 secs] 
Total time for which application threads were stopped: 0.0088660 seconds
2012-01-20T16:46:35.306+0000: 2283.419: [GC 2283.419: [ParNew: 27328K->5440K(27328K), 0.0075580 secs] 2400553K->2378919K(4188864K) icms_dc=0 , 0.0077110 secs] [Times: user=0.09 sys=0.01, real=0.01 secs] 
Total time for which application threads were stopped: 0.0080680 seconds
2012-01-20T16:46:36.687+0000: 2284.800: [GC 2284.800: [ParNew: 27328K->5440K(27328K), 0.0109170 secs] 2400807K->2379807K(4188864K) icms_dc=0 , 0.0110330 secs] [Times: user=0.10 sys=0.00, real=0.01 secs] 
Total time for which application threads were stopped: 0.0114280 seconds
2012-01-20T16:46:38.243+0000: 2286.357: [GC 2286.357: [ParNew: 27328K->5440K(27328K), 0.0075530 secs] 2401695K->2379982K(4188864K) icms_dc=0 , 0.0076670 secs] [Times: user=0.09 sys=0.00, real=0.00 secs] 
Total time for which application threads were stopped: 0.0080020 seconds
2012-01-20T16:46:39.594+0000: 2287.707: [GC 2287.707: [ParNew: 27328K->5440K(27328K), 0.0089050 secs] 2401870K->2380487K(4188864K) icms_dc=0 , 0.0090200 secs] [Times: user=0.10 sys=0.00, real=0.01 secs] 
Total time for which application threads were stopped: 0.0093660 seconds
Total time for which application threads were stopped: 0.0002720 seconds
2012-01-20T16:46:41.315+0000: 2289.428: [GC 2289.428: [ParNew: 27328K->5440K(27328K), 0.0092950 secs] 2402375K->2381159K(4188864K) icms_dc=0 , 0.0094160 secs] [Times: user=0.10 sys=0.01, real=0.01 secs] 
Total time for which application threads were stopped: 0.0097980 seconds
2012-01-20T16:46:42.654+0000: 2290.767: [GC 2290.767: [ParNew: 27328K->5440K(27328K), 0.0082250 secs] 2403047K->2381469K(4188864K) icms_dc=0 , 0.0083390 secs] [Times: user=0.10 sys=0.00, real=0.00 secs] 
Total time for which application threads were stopped: 0.0087150 seconds
2012-01-20T16:46:44.287+0000: 2292.400: [GC 2292.400: [ParNew: 27328K->5440K(27328K), 0.0113100 secs] 2403357K->2382334K(4188864K) icms_dc=0 , 0.0114270 secs] [Times: user=0.12 sys=0.00, real=0.01 secs] 
Total time for which application threads were stopped: 0.0117990 seconds
2012-01-20T16:46:45.919+0000: 2294.033: [GC 2294.033: [ParNew: 27328K->5440K(27328K), 0.0072770 secs] 2404222K->2382480K(4188864K) icms_dc=0 , 0.0073970 secs] [Times: user=0.09 sys=0.00, real=0.01 secs] 
Total time for which application threads were stopped: 0.0077990 seconds
2012-01-20T16:46:47.291+0000: 2295.404: [GC 2295.404: [ParNew: 27328K->5440K(27328K), 0.0104030 secs] 2404368K->2383389K(4188864K) icms_dc=0 , 0.0105200 secs] [Times: user=0.11 sys=0.00, real=0.01 secs] 
Total time for which application threads were stopped: 0.0108650 seconds
2012-01-20T16:46:48.740+0000: 2296.854: [GC 2296.854: [ParNew: 27328K->5440K(27328K), 0.0073870 secs] 2405277K->2383630K(4188864K) icms_dc=0 , 0.0075000 secs] [Times: user=0.08 sys=0.01, real=0.01 secs] 
Total time for which application threads were stopped: 0.0079070 seconds
2012-01-20T16:46:50.387+0000: 2298.500: [GC 2298.500: [ParNew: 27328K->5440K(27328K), 0.0109140 secs] 2405518K->2384657K(4188864K) icms_dc=0 , 0.0110340 secs] [Times: user=0.12 sys=0.00, real=0.01 secs] 
Total time for which application threads were stopped: 0.0113790 seconds
Total time for which application threads were stopped: 0.0001320 seconds
2012-01-20T16:46:51.791+0000: 2299.904: [GC 2299.904: [ParNew: 27328K->5440K(27328K), 0.0071040 secs] 2406545K->2384670K(4188864K) icms_dc=0 , 0.0072200 secs] [Times: user=0.08 sys=0.01, real=0.01 secs] 
Total time for which application threads were stopped: 0.0075620 seconds
2012-01-20T16:46:53.322+0000: 2301.435: [GC 2301.435: [ParNew: 27328K->5440K(27328K), 0.0088960 secs] 2406558K->2385305K(4188864K) icms_dc=0 , 0.0090120 secs] [Times: user=0.10 sys=0.00, real=0.01 secs] 
Total time for which application threads were stopped: 0.0094070 seconds
2012-01-20T16:46:54.672+0000: 2302.785: [GC 2302.785: [ParNew: 27328K->5342K(27328K), 0.0075310 secs] 2407193K->2385441K(4188864K) icms_dc=0 , 0.0076410 secs] [Times: user=0.09 sys=0.00, real=0.01 secs] 
Total time for which application threads were stopped: 0.0080180 seconds
2012-01-20T16:46:56.207+0000: 2304.320: [GC 2304.321: [ParNew: 27230K->5440K(27328K), 0.0084530 secs] 2407329K->2385999K(4188864K) icms_dc=0 , 0.0085700 secs] [Times: user=0.09 sys=0.00, real=0.01 secs] 
Total time for which application threads were stopped: 0.0090350 seconds
2012-01-20T16:46:57.772+0000: 2305.885: [GC 2305.886: [ParNew: 27328K->5440K(27328K), 0.0077820 secs] 2407887K->2386313K(4188864K) icms_dc=0 , 0.0078950 secs] [Times: user=0.08 sys=0.00, real=0.01 secs] 
Total time for which application threads were stopped: 0.0082390 seconds
2012-01-20T16:46:59.343+0000: 2307.456: [GC 2307.456: [ParNew: 27328K->5440K(27328K), 0.0084190 secs] 2408201K->2386788K(4188864K) icms_dc=0 , 0.0085320 secs] [Times: user=0.09 sys=0.00, real=0.01 secs] 
Total time for which application threads were stopped: 0.0089510 seconds
Total time for which application threads were stopped: 0.0002860 seconds
2012-01-20T16:47:00.839+0000: 2308.953: [GC 2308.953: [ParNew: 27328K->5135K(27328K), 0.0080840 secs] 2408676K->2386675K(4188864K) icms_dc=0 , 0.0082050 secs] [Times: user=0.09 sys=0.00, real=0.01 secs] 
Total time for which application threads were stopped: 0.0084180 seconds
2012-01-20T16:47:02.541+0000: 2310.654: [GC 2310.654: [ParNew: 27023K->5440K(27328K), 0.0080950 secs] 2408563K->2387294K(4188864K) icms_dc=0 , 0.0082200 secs] [Times: user=0.09 sys=0.00, real=0.01 secs] 
Total time for which application threads were stopped: 0.0085710 seconds
2012-01-20T16:47:04.262+0000: 2312.376: [GC 2312.376: [ParNew: 27328K->5440K(27328K), 0.0093240 secs] 2409182K->2387733K(4188864K) icms_dc=0 , 0.0094410 secs] [Times: user=0.09 sys=0.00, real=0.01 secs] 
Total time for which application threads were stopped: 0.0097770 seconds
2012-01-20T16:47:05.714+0000: 2313.827: [GC 2313.827: [ParNew: 27328K->5440K(27328K), 0.0080580 secs] 2409621K->2387942K(4188864K) icms_dc=0 , 0.0081740 secs] [Times: user=0.09 sys=0.01, real=0.01 secs] 
Total time for which application threads were stopped: 0.0085220 seconds
2012-01-20T16:47:07.261+0000: 2315.374: [GC 2315.375: [ParNew: 27328K->5440K(27328K), 0.0079560 secs] 2409830K->2388195K(4188864K) icms_dc=0 , 0.0080700 secs] [Times: user=0.09 sys=0.00, real=0.01 secs] 
Total time for which application threads were stopped: 0.0084330 seconds
2012-01-20T16:47:09.042+0000: 2317.155: [GC 2317.155: [ParNew: 27328K->5440K(27328K), 0.0088250 secs] 2410083K->2388700K(4188864K) icms_dc=0 , 0.0089410 secs] [Times: user=0.09 sys=0.00, real=0.01 secs] 
Total time for which application threads were stopped: 0.0093640 seconds
Total time for which application threads were stopped: 0.0002420 seconds
2012-01-20T16:47:10.573+0000: 2318.686: [GC 2318.686: [ParNew: 27328K->5440K(27328K), 0.0083020 secs] 2410588K->2389142K(4188864K) icms_dc=0 , 0.0084140 secs] [Times: user=0.09 sys=0.01, real=0.01 secs] 
Total time for which application threads were stopped: 0.0086140 seconds
2012-01-20T16:47:12.011+0000: 2320.124: [GC 2320.124: [ParNew: 27328K->5440K(27328K), 0.0085040 secs] 2411030K->2389752K(4188864K) icms_dc=0 , 0.0086160 secs] [Times: user=0.09 sys=0.01, real=0.01 secs] 
Total time for which application threads were stopped: 0.0089840 seconds
2012-01-20T16:47:13.465+0000: 2321.578: [GC 2321.578: [ParNew: 27328K->5440K(27328K), 0.0089580 secs] 2411640K->2390325K(4188864K) icms_dc=0 , 0.0090740 secs] [Times: user=0.08 sys=0.01, real=0.01 secs] 
Total time for which application threads were stopped: 0.0094040 seconds
2012-01-20T16:47:15.065+0000: 2323.178: [GC 2323.178: [ParNew: 27328K->5440K(27328K), 0.0074200 secs] 2412213K->2390325K(4188864K) icms_dc=0 , 0.0075300 secs] [Times: user=0.08 sys=0.00, real=0.01 secs] 
Total time for which application threads were stopped: 0.0078680 seconds
2012-01-20T16:47:16.515+0000: 2324.628: [GC 2324.628: [ParNew: 27328K->5440K(27328K), 0.0089150 secs] 2412213K->2390911K(4188864K) icms_dc=0 , 0.0090280 secs] [Times: user=0.08 sys=0.01, real=0.01 secs] 
Total time for which application threads were stopped: 0.0093860 seconds
2012-01-20T16:47:17.860+0000: 2325.973: [GC 2325.973: [ParNew: 27328K->5440K(27328K), 0.0083390 secs] 2412799K->2391400K(4188864K) icms_dc=0 , 0.0084560 secs] [Times: user=0.08 sys=0.01, real=0.01 secs] 
Total time for which application threads were stopped: 0.0088290 seconds
2012-01-20T16:47:19.448+0000: 2327.561: [GC 2327.561: [ParNew: 27328K->5440K(27328K), 0.0086910 secs] 2413288K->2391838K(4188864K) icms_dc=0 , 0.0088150 secs] [Times: user=0.10 sys=0.00, real=0.01 secs] 
Total time for which application threads were stopped: 0.0092270 seconds
Total time for which application threads were stopped: 0.0002740 seconds
2012-01-20T16:47:21.044+0000: 2329.157: [GC 2329.157: [ParNew: 27328K->5440K(27328K), 0.0082800 secs] 2413726K->2392226K(4188864K) icms_dc=0 , 0.0084030 secs] [Times: user=0.09 sys=0.01, real=0.01 secs] 
Total time for which application threads were stopped: 0.0086330 seconds
2012-01-20T16:47:22.592+0000: 2330.705: [GC 2330.706: [ParNew: 27328K->5440K(27328K), 0.0093380 secs] 2414114K->2392969K(4188864K) icms_dc=0 , 0.0094580 secs] [Times: user=0.10 sys=0.00, real=0.01 secs] 
Total time for which application threads were stopped: 0.0097990 seconds
2012-01-20T16:47:24.031+0000: 2332.144: [GC 2332.144: [ParNew: 27328K->5440K(27328K), 0.0088510 secs] 2414857K->2393410K(4188864K) icms_dc=0 , 0.0089690 secs] [Times: user=0.09 sys=0.00, real=0.01 secs] 
Total time for which application threads were stopped: 0.0093510 seconds
2012-01-20T16:47:25.314+0000: 2333.427: [GC 2333.427: [ParNew: 27328K->5438K(27328K), 0.0095260 secs] 2415298K->2394119K(4188864K) icms_dc=0 , 0.0096460 secs] [Times: user=0.10 sys=0.00, real=0.01 secs] 
Total time for which application threads were stopped: 0.0100000 seconds
2012-01-20T16:47:26.856+0000: 2334.969: [GC 2334.970: [ParNew: 27326K->5440K(27328K), 0.0093470 secs] 2416007K->2394796K(4188864K) icms_dc=0 , 0.0094640 secs] [Times: user=0.09 sys=0.01, real=0.01 secs] 
Total time for which application threads were stopped: 0.0098190 seconds
2012-01-20T16:47:28.188+0000: 2336.302: [GC 2336.302: [ParNew: 27328K->5440K(27328K), 0.0101650 secs] 2416684K->2395580K(4188864K) icms_dc=0 , 0.0102810 secs] [Times: user=0.09 sys=0.01, real=0.01 secs] 
Total time for which application threads were stopped: 0.0106870 seconds
2012-01-20T16:47:29.746+0000: 2337.859: [GC 2337.859: [ParNew: 27328K->5440K(27328K), 0.0093720 secs] 2417468K->2396236K(4188864K) icms_dc=0 , 0.0094900 secs] [Times: user=0.10 sys=0.00, real=0.01 secs] 
Total time for which application threads were stopped: 0.0098850 seconds
Total time for which application threads were stopped: 0.0002510 seconds
2012-01-20T16:47:31.421+0000: 2339.534: [GC 2339.534: [ParNew: 27328K->5440K(27328K), 0.0088120 secs] 2418124K->2396720K(4188864K) icms_dc=0 , 0.0089330 secs] [Times: user=0.09 sys=0.00, real=0.01 secs] 
Total time for which application threads were stopped: 0.0093220 seconds
2012-01-20T16:47:32.872+0000: 2340.985: [GC 2340.985: [ParNew: 27328K->5440K(27328K), 0.0099350 secs] 2418608K->2397686K(4188864K) icms_dc=0 , 0.0100610 secs] [Times: user=0.10 sys=0.01, real=0.01 secs] 
Total time for which application threads were stopped: 0.0104120 seconds
2012-01-20T16:47:34.578+0000: 2342.691: [GC 2342.691: [ParNew: 27328K->5440K(27328K), 0.0071270 secs] 2419574K->2397704K(4188864K) icms_dc=0 , 0.0072370 secs] [Times: user=0.08 sys=0.00, real=0.01 secs] 
Total time for which application threads were stopped: 0.0076020 seconds
2012-01-20T16:47:36.141+0000: 2344.255: [GC 2344.255: [ParNew: 27328K->5440K(27328K), 0.0090040 secs] 2419592K->2398199K(4188864K) icms_dc=0 , 0.0091180 secs] [Times: user=0.11 sys=0.00, real=0.01 secs] 
Total time for which application threads were stopped: 0.0094700 seconds
2012-01-20T16:47:37.592+0000: 2345.705: [GC 2345.705: [ParNew: 27328K->5440K(27328K), 0.0095510 secs] 2420087K->2398463K(4188864K) icms_dc=0 , 0.0096620 secs] [Times: user=0.11 sys=0.01, real=0.01 secs] 
Total time for which application threads were stopped: 0.0100630 seconds
2012-01-20T16:47:39.283+0000: 2347.397: [GC 2347.397: [ParNew: 27328K->5440K(27328K), 0.0083680 secs] 2420351K->2398801K(4188864K) icms_dc=0 , 0.0084820 secs] [Times: user=0.09 sys=0.00, real=0.01 secs] 
Total time for which application threads were stopped: 0.0088320 seconds
Total time for which application threads were stopped: 0.0005220 seconds
2012-01-20T16:47:40.765+0000: 2348.878: [GC 2348.878: [ParNew: 27328K->5008K(27328K), 0.0075710 secs] 2420689K->2398532K(4188864K) icms_dc=0 , 0.0076850 secs] [Times: user=0.08 sys=0.00, real=0.01 secs] 
Total time for which application threads were stopped: 0.0079750 seconds
2012-01-20T16:47:42.185+0000: 2350.298: [GC 2350.299: [ParNew: 26896K->5440K(27328K), 0.0079760 secs] 2420420K->2399176K(4188864K) icms_dc=0 , 0.0080920 secs] [Times: user=0.10 sys=0.00, real=0.01 secs] 
Total time for which application threads were stopped: 0.0084930 seconds
2012-01-20T16:47:43.543+0000: 2351.657: [GC 2351.657: [ParNew: 27328K->5030K(27328K), 0.0073150 secs] 2421064K->2398984K(4188864K) icms_dc=0 , 0.0074320 secs] [Times: user=0.08 sys=0.00, real=0.01 secs] 
Total time for which application threads were stopped: 0.0078050 seconds
2012-01-20T16:47:44.952+0000: 2353.065: [GC 2353.065: [ParNew: 26918K->5440K(27328K), 0.0068920 secs] 2420872K->2399512K(4188864K) icms_dc=0 , 0.0070050 secs] [Times: user=0.08 sys=0.00, real=0.01 secs] 
Total time for which application threads were stopped: 0.0074290 seconds
2012-01-20T16:47:46.332+0000: 2354.445: [GC 2354.445: [ParNew: 27328K->5088K(27328K), 0.0070000 secs] 2421400K->2399229K(4188864K) icms_dc=0 , 0.0071170 secs] [Times: user=0.08 sys=0.00, real=0.01 secs] 
Total time for which application threads were stopped: 0.0074950 seconds
2012-01-20T16:47:47.797+0000: 2355.910: [GC 2355.910: [ParNew: 26976K->5440K(27328K), 0.0078420 secs] 2421117K->2399804K(4188864K) icms_dc=0 , 0.0079590 secs] [Times: user=0.08 sys=0.00, real=0.01 secs] 
Total time for which application threads were stopped: 0.0083270 seconds
2012-01-20T16:47:49.293+0000: 2357.407: [GC 2357.407: [ParNew: 27328K->5440K(27328K), 0.0075710 secs] 2421692K->2399963K(4188864K) icms_dc=0 , 0.0076880 secs] [Times: user=0.09 sys=0.00, real=0.01 secs] 
Total time for which application threads were stopped: 0.0080750 seconds
Total time for which application threads were stopped: 0.0003470 seconds
2012-01-20T16:47:50.757+0000: 2358.870: [GC 2358.870: [ParNew: 27328K->5440K(27328K), 0.0083870 secs] 2421851K->2400383K(4188864K) icms_dc=0 , 0.0085070 secs] [Times: user=0.09 sys=0.00, real=0.01 secs] 
Total time for which application threads were stopped: 0.0087760 seconds
2012-01-20T16:47:52.328+0000: 2360.441: [GC 2360.441: [ParNew: 27328K->5245K(27328K), 0.0069960 secs] 2422271K->2400189K(4188864K) icms_dc=0 , 0.0071120 secs] [Times: user=0.08 sys=0.00, real=0.01 secs] 
Total time for which application threads were stopped: 0.0074830 seconds
2012-01-20T16:47:53.823+0000: 2361.937: [GC 2361.937: [ParNew: 27133K->5440K(27328K), 0.0087400 secs] 2422077K->2400743K(4188864K) icms_dc=0 , 0.0088610 secs] [Times: user=0.09 sys=0.01, real=0.01 secs] 
Total time for which application threads were stopped: 0.0092320 seconds
2012-01-20T16:47:55.376+0000: 2363.489: [GC 2363.489: [ParNew: 27328K->5440K(27328K), 0.0078840 secs] 2422631K->2401015K(4188864K) icms_dc=0 , 0.0080050 secs] [Times: user=0.08 sys=0.00, real=0.01 secs] 
Total time for which application threads were stopped: 0.0083700 seconds
2012-01-20T16:47:56.784+0000: 2364.897: [GC 2364.897: [ParNew: 27328K->5323K(27328K), 0.0076390 secs] 2422903K->2401171K(4188864K) icms_dc=0 , 0.0077580 secs] [Times: user=0.08 sys=0.00, real=0.01 secs] 
Total time for which application threads were stopped: 0.0081320 seconds
2012-01-20T16:47:58.476+0000: 2366.589: [GC 2366.589: [ParNew: 27211K->5440K(27328K), 0.0075010 secs] 2423059K->2401549K(4188864K) icms_dc=0 , 0.0076170 secs] [Times: user=0.08 sys=0.00, real=0.01 secs] 
Total time for which application threads were stopped: 0.0080240 seconds
2012-01-20T16:47:59.835+0000: 2367.948: [GC 2367.949: [ParNew: 27328K->5440K(27328K), 0.0083710 secs] 2423437K->2402039K(4188864K) icms_dc=0 , 0.0084950 secs] [Times: user=0.08 sys=0.00, real=0.01 secs] 
Total time for which application threads were stopped: 0.0088790 seconds
Total time for which application threads were stopped: 0.0002380 seconds
2012-01-20T16:48:01.508+0000: 2369.621: [GC 2369.621: [ParNew: 27328K->5361K(27328K), 0.0072860 secs] 2423927K->2402089K(4188864K) icms_dc=0 , 0.0074010 secs] [Times: user=0.07 sys=0.00, real=0.01 secs] 
Total time for which application threads were stopped: 0.0078300 seconds
2012-01-20T16:48:03.076+0000: 2371.190: [GC 2371.190: [ParNew: 27249K->5440K(27328K), 0.0072220 secs] 2423977K->2402302K(4188864K) icms_dc=0 , 0.0073460 secs] [Times: user=0.08 sys=0.00, real=0.01 secs] 
Total time for which application threads were stopped: 0.0077760 seconds
2012-01-20T16:48:04.624+0000: 2372.737: [GC 2372.737: [ParNew: 27328K->5440K(27328K), 0.0089290 secs] 2424190K->2402738K(4188864K) icms_dc=0 , 0.0090480 secs] [Times: user=0.10 sys=0.01, real=0.01 secs] 
Total time for which application threads were stopped: 0.0094230 seconds
2012-01-20T16:48:06.066+0000: 2374.179: [GC 2374.179: [ParNew: 27328K->5440K(27328K), 0.0093180 secs] 2424626K->2403343K(4188864K) icms_dc=0 , 0.0094370 secs] [Times: user=0.09 sys=0.00, real=0.01 secs] 
Total time for which application threads were stopped: 0.0098240 seconds
2012-01-20T16:48:07.698+0000: 2375.811: [GC 2375.811: [ParNew: 27328K->5440K(27328K), 0.0080900 secs] 2425231K->2403741K(4188864K) icms_dc=0 , 0.0082090 secs] [Times: user=0.09 sys=0.00, real=0.01 secs] 
Total time for which application threads were stopped: 0.0086380 seconds
2012-01-20T16:48:09.084+0000: 2377.198: [GC 2377.198: [ParNew: 27328K->5440K(27328K), 0.0088580 secs] 2425629K->2404243K(4188864K) icms_dc=0 , 0.0089810 secs] [Times: user=0.08 sys=0.00, real=0.01 secs] 
Total time for which application threads were stopped: 0.0094040 seconds
2012-01-20T16:48:10.630+0000: 2378.743: [GC 2378.743: [ParNew: 27328K->5440K(27328K), 0.0089700 secs] 2426131K->2404754K(4188864K) icms_dc=0 , 0.0090890 secs] [Times: user=0.09 sys=0.00, real=0.01 secs] 
Total time for which application threads were stopped: 0.0095210 seconds
Total time for which application threads were stopped: 0.0012250 seconds
Total time for which application threads were stopped: 0.0001260 seconds
2012-01-20T16:48:12.217+0000: 2380.330: [GC 2380.330: [ParNew: 27328K->5440K(27328K), 0.0097760 secs] 2426642K->2405429K(4188864K) icms_dc=0 , 0.0098980 secs] [Times: user=0.10 sys=0.00, real=0.01 secs] 
Total time for which application threads were stopped: 0.0102680 seconds
2012-01-20T16:48:13.727+0000: 2381.840: [GC 2381.840: [ParNew: 27328K->5440K(27328K), 0.0092430 secs] 2427317K->2405790K(4188864K) icms_dc=0 , 0.0093480 secs] [Times: user=0.09 sys=0.00, real=0.01 secs] 
Total time for which application threads were stopped: 0.0096800 seconds
2012-01-20T16:48:15.148+0000: 2383.261: [GC 2383.261: [ParNew: 27328K->5440K(27328K), 0.0097980 secs] 2427678K->2406434K(4188864K) icms_dc=0 , 0.0098990 secs] [Times: user=0.10 sys=0.00, real=0.01 secs] 
Total time for which application threads were stopped: 0.0102280 seconds
2012-01-20T16:48:16.657+0000: 2384.770: [GC 2384.770: [ParNew: 27328K->5440K(27328K), 0.0109010 secs] 2428322K->2407371K(4188864K) icms_dc=0 , 0.0110180 secs] [Times: user=0.11 sys=0.01, real=0.01 secs] 
Total time for which application threads were stopped: 0.0113820 seconds
2012-01-20T16:48:18.175+0000: 2386.289: [GC 2386.289: [ParNew: 27328K->5440K(27328K), 0.0090710 secs] 2429259K->2407996K(4188864K) icms_dc=0 , 0.0091860 secs] [Times: user=0.09 sys=0.00, real=0.01 secs] 
Total time for which application threads were stopped: 0.0095800 seconds
2012-01-20T16:48:19.675+0000: 2387.788: [GC 2387.788: [ParNew: 27328K->5440K(27328K), 0.0105400 secs] 2429884K->2408995K(4188864K) icms_dc=0 , 0.0106590 secs] [Times: user=0.10 sys=0.01, real=0.01 secs] 
Total time for which application threads were stopped: 0.0110830 seconds
Total time for which application threads were stopped: 0.0002680 seconds
2012-01-20T16:48:21.243+0000: 2389.356: [GC 2389.356: [ParNew: 27328K->5297K(27328K), 0.0073880 secs] 2430883K->2408853K(4188864K) icms_dc=0 , 0.0075070 secs] [Times: user=0.09 sys=0.00, real=0.01 secs] 
Total time for which application threads were stopped: 0.0077160 seconds
2012-01-20T16:48:22.780+0000: 2390.893: [GC 2390.893: [ParNew: 27185K->5440K(27328K), 0.0080550 secs] 2430741K->2409393K(4188864K) icms_dc=0 , 0.0081730 secs] [Times: user=0.08 sys=0.00, real=0.01 secs] 
Total time for which application threads were stopped: 0.0086090 seconds
2012-01-20T16:48:24.060+0000: 2392.173: [GC 2392.173: [ParNew: 27328K->5440K(27328K), 0.0079030 secs] 2431281K->2409725K(4188864K) icms_dc=0 , 0.0080190 secs] [Times: user=0.08 sys=0.00, real=0.01 secs] 
Total time for which application threads were stopped: 0.0083670 seconds
2012-01-20T16:48:25.460+0000: 2393.573: [GC 2393.573: [ParNew: 27328K->5304K(27328K), 0.0082700 secs] 2431613K->2409889K(4188864K) icms_dc=0 , 0.0083840 secs] [Times: user=0.09 sys=0.00, real=0.01 secs] 
Total time for which application threads were stopped: 0.0087730 seconds
2012-01-20T16:48:26.814+0000: 2394.927: [GC 2394.927: [ParNew: 27192K->5440K(27328K), 0.0079330 secs] 2431777K->2410267K(4188864K) icms_dc=0 , 0.0080500 secs] [Times: user=0.09 sys=0.00, real=0.01 secs] 
Total time for which application threads were stopped: 0.0083980 seconds
2012-01-20T16:48:28.342+0000: 2396.456: [GC 2396.456: [ParNew: 27328K->5226K(27328K), 0.0075360 secs] 2432155K->2410216K(4188864K) icms_dc=0 , 0.0076490 secs] [Times: user=0.08 sys=0.00, real=0.01 secs] 
Total time for which application threads were stopped: 0.0080120 seconds
2012-01-20T16:48:29.723+0000: 2397.836: [GC 2397.836: [ParNew: 27114K->5440K(27328K), 0.0081450 secs] 2432104K->2410656K(4188864K) icms_dc=0 , 0.0082600 secs] [Times: user=0.09 sys=0.00, real=0.01 secs] 
Total time for which application threads were stopped: 0.0086320 seconds
Total time for which application threads were stopped: 0.0002590 seconds
2012-01-20T16:48:31.084+0000: 2399.197: [GC 2399.197: [ParNew: 27328K->5440K(27328K), 0.0076640 secs] 2432544K->2410851K(4188864K) icms_dc=0 , 0.0077790 secs] [Times: user=0.08 sys=0.01, real=0.01 secs] 
Total time for which application threads were stopped: 0.0080310 seconds
2012-01-20T16:48:32.516+0000: 2400.629: [GC 2400.629: [ParNew: 27328K->4916K(27328K), 0.0076260 secs] 2432739K->2410581K(4188864K) icms_dc=0 , 0.0077460 secs] [Times: user=0.08 sys=0.00, real=0.00 secs] 
Total time for which application threads were stopped: 0.0080960 seconds
2012-01-20T16:48:33.868+0000: 2401.982: [GC 2401.982: [ParNew: 26804K->5360K(27328K), 0.0075400 secs] 2432469K->2411186K(4188864K) icms_dc=0 , 0.0076540 secs] [Times: user=0.08 sys=0.00, real=0.01 secs] 
Total time for which application threads were stopped: 0.0080260 seconds
2012-01-20T16:48:35.297+0000: 2403.411: [GC 2403.411: [ParNew: 27248K->4978K(27328K), 0.0074860 secs] 2433074K->2410938K(4188864K) icms_dc=0 , 0.0075990 secs] [Times: user=0.08 sys=0.00, real=0.01 secs] 
Total time for which application threads were stopped: 0.0080330 seconds
2012-01-20T16:48:36.699+0000: 2404.812: [GC 2404.812: [ParNew: 26866K->5440K(27328K), 0.0078200 secs] 2432826K->2411671K(4188864K) icms_dc=0 , 0.0079290 secs] [Times: user=0.09 sys=0.00, real=0.01 secs] 
Total time for which application threads were stopped: 0.0082520 seconds
2012-01-20T16:48:38.220+0000: 2406.334: [GC 2406.334: [ParNew: 27328K->5440K(27328K), 0.0072640 secs] 2433559K->2411703K(4188864K) icms_dc=0 , 0.0073750 secs] [Times: user=0.08 sys=0.00, real=0.01 secs] 
Total time for which application threads were stopped: 0.0078210 seconds
2012-01-20T16:48:39.661+0000: 2407.774: [GC 2407.774: [ParNew: 27328K->5440K(27328K), 0.0073730 secs] 2433591K->2411847K(4188864K) icms_dc=0 , 0.0074880 secs] [Times: user=0.09 sys=0.00, real=0.01 secs] 
Total time for which application threads were stopped: 0.0078250 seconds
Total time for which application threads were stopped: 0.0003380 seconds
2012-01-20T16:48:41.126+0000: 2409.239: [GC 2409.240: [ParNew: 27328K->5440K(27328K), 0.0075950 secs] 2433735K->2412013K(4188864K) icms_dc=0 , 0.0077080 secs] [Times: user=0.09 sys=0.00, real=0.00 secs] 
Total time for which application threads were stopped: 0.0079730 seconds
2012-01-20T16:48:42.744+0000: 2410.857: [GC 2410.857: [ParNew: 27328K->5440K(27328K), 0.0083490 secs] 2433901K->2412319K(4188864K) icms_dc=0 , 0.0085110 secs] [Times: user=0.09 sys=0.00, real=0.01 secs] 
Total time for which application threads were stopped: 0.0088730 seconds
2012-01-20T16:48:44.134+0000: 2412.247: [GC 2412.247: [ParNew: 27328K->5440K(27328K), 0.0077340 secs] 2434207K->2412568K(4188864K) icms_dc=0 , 0.0078480 secs] [Times: user=0.08 sys=0.01, real=0.01 secs] 
Total time for which application threads were stopped: 0.0082010 seconds
2012-01-20T16:48:45.612+0000: 2413.725: [GC 2413.725: [ParNew: 27328K->5440K(27328K), 0.0096690 secs] 2434456K->2413050K(4188864K) icms_dc=0 , 0.0097880 secs] [Times: user=0.09 sys=0.01, real=0.01 secs] 
Total time for which application threads were stopped: 0.0101440 seconds
2012-01-20T16:48:47.336+0000: 2415.449: [GC 2415.449: [ParNew: 27328K->5440K(27328K), 0.0094230 secs] 2434938K->2413628K(4188864K) icms_dc=0 , 0.0095460 secs] [Times: user=0.09 sys=0.01, real=0.01 secs] 
Total time for which application threads were stopped: 0.0099080 seconds
2012-01-20T16:48:48.763+0000: 2416.877: [GC 2416.877: [ParNew: 27328K->5440K(27328K), 0.0088220 secs] 2435516K->2414086K(4188864K) icms_dc=0 , 0.0089410 secs] [Times: user=0.10 sys=0.00, real=0.01 secs] 
Total time for which application threads were stopped: 0.0092940 seconds
2012-01-20T16:48:50.159+0000: 2418.272: [GC 2418.272: [ParNew: 27328K->5440K(27328K), 0.0101990 secs] 2435974K->2414797K(4188864K) icms_dc=0 , 0.0103170 secs] [Times: user=0.10 sys=0.01, real=0.01 secs] 
Total time for which application threads were stopped: 0.0106880 seconds
Total time for which application threads were stopped: 0.0003320 seconds
2012-01-20T16:48:51.835+0000: 2419.948: [GC 2419.948: [ParNew: 27328K->5425K(27328K), 0.0082920 secs] 2436685K->2414783K(4188864K) icms_dc=0 , 0.0084220 secs] [Times: user=0.10 sys=0.00, real=0.01 secs] 
Total time for which application threads were stopped: 0.0087490 seconds
2012-01-20T16:48:53.296+0000: 2421.409: [GC 2421.409: [ParNew: 27313K->5440K(27328K), 0.0078120 secs] 2436671K->2415124K(4188864K) icms_dc=0 , 0.0079260 secs] [Times: user=0.09 sys=0.00, real=0.01 secs] 
Total time for which application threads were stopped: 0.0083050 seconds
2012-01-20T16:48:54.651+0000: 2422.764: [GC 2422.764: [ParNew: 27328K->5280K(27328K), 0.0077380 secs] 2437012K->2415266K(4188864K) icms_dc=0 , 0.0078560 secs] [Times: user=0.08 sys=0.00, real=0.01 secs] 
Total time for which application threads were stopped: 0.0082740 seconds
2012-01-20T16:48:56.147+0000: 2424.260: [GC 2424.260: [ParNew: 27168K->4941K(27328K), 0.0074870 secs] 2437154K->2415077K(4188864K) icms_dc=0 , 0.0076000 secs] [Times: user=0.09 sys=0.00, real=0.00 secs] 
Total time for which application threads were stopped: 0.0079490 seconds
2012-01-20T16:48:57.654+0000: 2425.767: [GC 2425.767: [ParNew: 26829K->5440K(27328K), 0.0080460 secs] 2436965K->2415721K(4188864K) icms_dc=0 , 0.0081610 secs] [Times: user=0.08 sys=0.00, real=0.01 secs] 
Total time for which application threads were stopped: 0.0085050 seconds
2012-01-20T16:48:59.211+0000: 2427.325: [GC 2427.325: [ParNew: 27328K->5098K(27328K), 0.0076220 secs] 2437609K->2415547K(4188864K) icms_dc=0 , 0.0077350 secs] [Times: user=0.08 sys=0.00, real=0.01 secs] 
Total time for which application threads were stopped: 0.0080790 seconds
2012-01-20T16:49:00.744+0000: 2428.857: [GC 2428.857: [ParNew: 26986K->5440K(27328K), 0.0090210 secs] 2437435K->2416071K(4188864K) icms_dc=0 , 0.0091360 secs] [Times: user=0.10 sys=0.00, real=0.01 secs] 
Total time for which application threads were stopped: 0.0095350 seconds
Total time for which application threads were stopped: 0.0001320 seconds
2012-01-20T16:49:02.253+0000: 2430.366: [GC 2430.366: [ParNew: 27328K->5440K(27328K), 0.0079920 secs] 2437959K->2416317K(4188864K) icms_dc=0 , 0.0081070 secs] [Times: user=0.09 sys=0.01, real=0.01 secs] 
Total time for which application threads were stopped: 0.0084850 seconds
2012-01-20T16:49:03.923+0000: 2432.036: [GC 2432.036: [ParNew: 27328K->5440K(27328K), 0.0084550 secs] 2438205K->2416638K(4188864K) icms_dc=0 , 0.0085730 secs] [Times: user=0.09 sys=0.01, real=0.01 secs] 
Total time for which application threads were stopped: 0.0089920 seconds
2012-01-20T16:49:05.515+0000: 2433.629: [GC 2433.629: [ParNew: 27328K->5440K(27328K), 0.0085040 secs] 2438526K->2416813K(4188864K) icms_dc=0 , 0.0086180 secs] [Times: user=0.10 sys=0.00, real=0.01 secs] 
Total time for which application threads were stopped: 0.0090240 seconds
2012-01-20T16:49:06.984+0000: 2435.097: [GC 2435.097: [ParNew: 27328K->5440K(27328K), 0.0093910 secs] 2438701K->2417258K(4188864K) icms_dc=0 , 0.0095100 secs] [Times: user=0.09 sys=0.00, real=0.01 secs] 
Total time for which application threads were stopped: 0.0099010 seconds
2012-01-20T16:49:08.328+0000: 2436.441: [GC 2436.441: [ParNew: 27328K->5357K(27328K), 0.0087950 secs] 2439146K->2417427K(4188864K) icms_dc=0 , 0.0089080 secs] [Times: user=0.10 sys=0.00, real=0.01 secs] 
Total time for which application threads were stopped: 0.0092410 seconds
2012-01-20T16:49:09.676+0000: 2437.789: [GC 2437.790: [ParNew: 27245K->5440K(27328K), 0.0077120 secs] 2439315K->2417674K(4188864K) icms_dc=0 , 0.0078260 secs] [Times: user=0.09 sys=0.00, real=0.01 secs] 
Total time for which application threads were stopped: 0.0081680 seconds
Total time for which application threads were stopped: 0.0002550 seconds
2012-01-20T16:49:11.173+0000: 2439.286: [GC 2439.286: [ParNew: 27328K->5440K(27328K), 0.0080750 secs] 2439562K->2417900K(4188864K) icms_dc=0 , 0.0081910 secs] [Times: user=0.09 sys=0.00, real=0.01 secs] 
Total time for which application threads were stopped: 0.0084450 seconds
2012-01-20T16:49:12.681+0000: 2440.794: [GC 2440.794: [ParNew: 27328K->5440K(27328K), 0.0115150 secs] 2439788K->2418388K(4188864K) icms_dc=0 , 0.0116300 secs] [Times: user=0.12 sys=0.01, real=0.01 secs] 
Total time for which application threads were stopped: 0.0119890 seconds
2012-01-20T16:49:14.250+0000: 2442.363: [GC 2442.363: [ParNew: 27328K->5440K(27328K), 0.0078810 secs] 2440276K->2418650K(4188864K) icms_dc=0 , 0.0080020 secs] [Times: user=0.08 sys=0.01, real=0.00 secs] 
Total time for which application threads were stopped: 0.0083520 seconds
2012-01-20T16:49:15.742+0000: 2443.855: [GC 2443.855: [ParNew: 27328K->5440K(27328K), 0.0085190 secs] 2440538K->2419033K(4188864K) icms_dc=0 , 0.0086380 secs] [Times: user=0.09 sys=0.01, real=0.01 secs] 
Total time for which application threads were stopped: 0.0089930 seconds
2012-01-20T16:49:17.099+0000: 2445.212: [GC 2445.212: [ParNew: 27328K->5440K(27328K), 0.0085670 secs] 2440921K->2419360K(4188864K) icms_dc=0 , 0.0086810 secs] [Times: user=0.09 sys=0.00, real=0.01 secs] 
Total time for which application threads were stopped: 0.0090270 seconds
2012-01-20T16:49:18.566+0000: 2446.679: [GC 2446.679: [ParNew: 27328K->5440K(27328K), 0.0116820 secs] 2441248K->2420189K(4188864K) icms_dc=0 , 0.0118000 secs] [Times: user=0.11 sys=0.01, real=0.01 secs] 
Total time for which application threads were stopped: 0.0121580 seconds
2012-01-20T16:49:20.062+0000: 2448.175: [GC 2448.175: [ParNew: 27328K->5440K(27328K), 0.0095460 secs] 2442077K->2420888K(4188864K) icms_dc=0 , 0.0096670 secs] [Times: user=0.09 sys=0.00, real=0.01 secs] 
Total time for which application threads were stopped: 0.0100580 seconds
Total time for which application threads were stopped: 0.0002510 seconds
2012-01-20T16:49:21.310+0000: 2449.423: [GC 2449.423: [ParNew: 27328K->5440K(27328K), 0.0077080 secs] 2442776K->2420925K(4188864K) icms_dc=0 , 0.0078220 secs] [Times: user=0.10 sys=0.00, real=0.01 secs] 
Total time for which application threads were stopped: 0.0080970 seconds
2012-01-20T16:49:22.774+0000: 2450.888: [GC 2450.888: [ParNew: 27328K->5440K(27328K), 0.0103680 secs] 2442813K->2421753K(4188864K) icms_dc=0 , 0.0104870 secs] [Times: user=0.09 sys=0.01, real=0.01 secs] 
Total time for which application threads were stopped: 0.0108430 seconds
2012-01-20T16:49:24.133+0000: 2452.246: [GC 2452.246: [ParNew: 27328K->5242K(27328K), 0.0070730 secs] 2443641K->2421555K(4188864K) icms_dc=0 , 0.0071880 secs] [Times: user=0.08 sys=0.00, real=0.01 secs] 
Total time for which application threads were stopped: 0.0076120 seconds
2012-01-20T16:49:25.740+0000: 2453.853: [GC 2453.853: [ParNew: 27130K->5440K(27328K), 0.0082570 secs] 2443443K->2422231K(4188864K) icms_dc=0 , 0.0083740 secs] [Times: user=0.08 sys=0.00, real=0.01 secs] 
Total time for which application threads were stopped: 0.0087700 seconds
2012-01-20T16:49:27.218+0000: 2455.331: [GC 2455.331: [ParNew: 27328K->5180K(27328K), 0.0076770 secs] 2444119K->2422160K(4188864K) icms_dc=0 , 0.0077950 secs] [Times: user=0.08 sys=0.00, real=0.01 secs] 
Total time for which application threads were stopped: 0.0081520 seconds
2012-01-20T16:49:28.568+0000: 2456.681: [GC 2456.681: [ParNew: 27068K->5440K(27328K), 0.0080570 secs] 2444048K->2422767K(4188864K) icms_dc=0 , 0.0081610 secs] [Times: user=0.08 sys=0.00, real=0.01 secs] 
Total time for which application threads were stopped: 0.0085760 seconds
2012-01-20T16:49:29.718+0000: 2457.831: [GC 2457.831: [ParNew: 27328K->5440K(27328K), 0.0085110 secs] 2444655K->2422952K(4188864K) icms_dc=0 , 0.0086290 secs] [Times: user=0.10 sys=0.00, real=0.01 secs] 
Total time for which application threads were stopped: 0.0090470 seconds
Total time for which application threads were stopped: 0.0004880 seconds
Total time for which application threads were stopped: 0.0002360 seconds
2012-01-20T16:49:31.145+0000: 2459.258: [GC 2459.258: [ParNew: 27328K->5440K(27328K), 0.0084930 secs] 2444840K->2423225K(4188864K) icms_dc=0 , 0.0086140 secs] [Times: user=0.09 sys=0.00, real=0.01 secs] 
Total time for which application threads were stopped: 0.0088210 seconds
2012-01-20T16:49:32.520+0000: 2460.633: [GC 2460.633: [ParNew: 27328K->5440K(27328K), 0.0079910 secs] 2445113K->2423423K(4188864K) icms_dc=0 , 0.0081090 secs] [Times: user=0.10 sys=0.00, real=0.01 secs] 
Total time for which application threads were stopped: 0.0084730 seconds
2012-01-20T16:49:33.918+0000: 2462.032: [GC 2462.032: [ParNew: 27328K->5440K(27328K), 0.0105910 secs] 2445311K->2423981K(4188864K) icms_dc=0 , 0.0107080 secs] [Times: user=0.11 sys=0.01, real=0.01 secs] 
Total time for which application threads were stopped: 0.0110510 seconds
2012-01-20T16:49:35.299+0000: 2463.412: [GC 2463.412: [ParNew: 27328K->5440K(27328K), 0.0103510 secs] 2445869K->2424428K(4188864K) icms_dc=0 , 0.0104720 secs] [Times: user=0.09 sys=0.00, real=0.01 secs] 
Total time for which application threads were stopped: 0.0108240 seconds
2012-01-20T16:49:36.937+0000: 2465.050: [GC 2465.051: [ParNew: 27328K->5440K(27328K), 0.0089870 secs] 2446316K->2424859K(4188864K) icms_dc=0 , 0.0091060 secs] [Times: user=0.10 sys=0.00, real=0.01 secs] 
Total time for which application threads were stopped: 0.0095370 seconds
2012-01-20T16:49:38.590+0000: 2466.703: [GC 2466.703: [ParNew: 27328K->5440K(27328K), 0.0091750 secs] 2446747K->2425345K(4188864K) icms_dc=0 , 0.0092950 secs] [Times: user=0.10 sys=0.01, real=0.01 secs] 
Total time for which application threads were stopped: 0.0096650 seconds
2012-01-20T16:49:40.221+0000: 2468.334: [GC 2468.335: [ParNew: 27328K->5440K(27328K), 0.0090780 secs] 2447233K->2426027K(4188864K) icms_dc=0 , 0.0092010 secs] [Times: user=0.09 sys=0.01, real=0.01 secs] 
Total time for which application threads were stopped: 0.0095680 seconds
Total time for which application threads were stopped: 0.0002650 seconds
2012-01-20T16:49:41.723+0000: 2469.836: [GC 2469.836: [ParNew: 27328K->5440K(27328K), 0.0080350 secs] 2447915K->2426423K(4188864K) icms_dc=0 , 0.0081600 secs] [Times: user=0.10 sys=0.00, real=0.00 secs] 
Total time for which application threads were stopped: 0.0084760 seconds
2012-01-20T16:49:43.154+0000: 2471.267: [GC 2471.267: [ParNew: 27328K->5440K(27328K), 0.0091160 secs] 2448311K->2426809K(4188864K) icms_dc=0 , 0.0092300 secs] [Times: user=0.10 sys=0.00, real=0.01 secs] 
Total time for which application threads were stopped: 0.0095940 seconds
2012-01-20T16:49:44.695+0000: 2472.808: [GC 2472.808: [ParNew: 27328K->5182K(27328K), 0.0078930 secs] 2448697K->2426805K(4188864K) icms_dc=0 , 0.0080070 secs] [Times: user=0.08 sys=0.00, real=0.01 secs] 
Total time for which application threads were stopped: 0.0083440 seconds
2012-01-20T16:49:46.397+0000: 2474.510: [GC 2474.511: [ParNew: 27070K->5440K(27328K), 0.0076730 secs] 2448693K->2427275K(4188864K) icms_dc=0 , 0.0077900 secs] [Times: user=0.08 sys=0.00, real=0.01 secs] 
Total time for which application threads were stopped: 0.0082120 seconds
2012-01-20T16:49:48.037+0000: 2476.150: [GC 2476.150: [ParNew: 27328K->5440K(27328K), 0.0090830 secs] 2449163K->2427569K(4188864K) icms_dc=0 , 0.0092020 secs] [Times: user=0.10 sys=0.00, real=0.01 secs] 
Total time for which application threads were stopped: 0.0096060 seconds
2012-01-20T16:49:49.439+0000: 2477.552: [GC 2477.552: [ParNew: 27328K->5169K(27328K), 0.0077640 secs] 2449457K->2427569K(4188864K) icms_dc=0 , 0.0078760 secs] [Times: user=0.09 sys=0.01, real=0.01 secs] 
Total time for which application threads were stopped: 0.0082270 seconds
Total time for which application threads were stopped: 0.0002480 seconds
2012-01-20T16:49:50.993+0000: 2479.106: [GC 2479.106: [ParNew: 27057K->5440K(27328K), 0.0081880 secs] 2449457K->2428071K(4188864K) icms_dc=0 , 0.0083120 secs] [Times: user=0.09 sys=0.01, real=0.01 secs] 
Total time for which application threads were stopped: 0.0085780 seconds
2012-01-20T16:49:52.383+0000: 2480.496: [GC 2480.496: [ParNew: 27328K->5440K(27328K), 0.0082710 secs] 2449959K->2428402K(4188864K) icms_dc=0 , 0.0083930 secs] [Times: user=0.09 sys=0.00, real=0.01 secs] 
Total time for which application threads were stopped: 0.0087570 seconds
2012-01-20T16:49:53.899+0000: 2482.012: [GC 2482.012: [ParNew: 27328K->5440K(27328K), 0.0087810 secs] 2450290K->2428882K(4188864K) icms_dc=0 , 0.0089080 secs] [Times: user=0.09 sys=0.00, real=0.01 secs] 
Total time for which application threads were stopped: 0.0093130 seconds
2012-01-20T16:49:55.297+0000: 2483.410: [GC 2483.411: [ParNew: 27328K->5440K(27328K), 0.0101630 secs] 2450770K->2429635K(4188864K) icms_dc=0 , 0.0102870 secs] [Times: user=0.10 sys=0.00, real=0.01 secs] 
Total time for which application threads were stopped: 0.0106700 seconds
2012-01-20T16:49:56.738+0000: 2484.851: [GC 2484.851: [ParNew: 27328K->5440K(27328K), 0.0103150 secs] 2451523K->2430532K(4188864K) icms_dc=0 , 0.0104410 secs] [Times: user=0.10 sys=0.01, real=0.01 secs] 
Total time for which application threads were stopped: 0.0108520 seconds
2012-01-20T16:49:58.191+0000: 2486.304: [GC 2486.304: [ParNew: 27328K->5440K(27328K), 0.0079140 secs] 2452420K->2430722K(4188864K) icms_dc=0 , 0.0080350 secs] [Times: user=0.09 sys=0.00, real=0.01 secs] 
Total time for which application threads were stopped: 0.0084330 seconds
2012-01-20T16:49:59.672+0000: 2487.785: [GC 2487.785: [ParNew: 27328K->5440K(27328K), 0.0085530 secs] 2452610K->2431224K(4188864K) icms_dc=0 , 0.0086750 secs] [Times: user=0.09 sys=0.00, real=0.01 secs] 
Total time for which application threads were stopped: 0.0090820 seconds
Total time for which application threads were stopped: 0.0002500 seconds
2012-01-20T16:50:01.286+0000: 2489.399: [GC 2489.399: [ParNew: 27328K->5440K(27328K), 0.0102890 secs] 2453112K->2431901K(4188864K) icms_dc=0 , 0.0104160 secs] [Times: user=0.11 sys=0.00, real=0.01 secs] 
Total time for which application threads were stopped: 0.0106350 seconds
2012-01-20T16:50:02.737+0000: 2490.850: [GC 2490.850: [ParNew: 27328K->5440K(27328K), 0.0092610 secs] 2453789K->2432537K(4188864K) icms_dc=0 , 0.0093880 secs] [Times: user=0.09 sys=0.00, real=0.01 secs] 
Total time for which application threads were stopped: 0.0098130 seconds
2012-01-20T16:50:04.134+0000: 2492.247: [GC 2492.247: [ParNew: 27328K->5440K(27328K), 0.0082870 secs] 2454425K->2433026K(4188864K) icms_dc=0 , 0.0084080 secs] [Times: user=0.09 sys=0.01, real=0.01 secs] 
Total time for which application threads were stopped: 0.0087950 seconds
2012-01-20T16:50:05.551+0000: 2493.664: [GC 2493.664: [ParNew: 27328K->5440K(27328K), 0.0084330 secs] 2454914K->2433392K(4188864K) icms_dc=0 , 0.0085540 secs] [Times: user=0.09 sys=0.00, real=0.01 secs] 
Total time for which application threads were stopped: 0.0089040 seconds
2012-01-20T16:50:07.026+0000: 2495.139: [GC 2495.139: [ParNew: 27328K->5440K(27328K), 0.0091840 secs] 2455280K->2434004K(4188864K) icms_dc=0 , 0.0093020 secs] [Times: user=0.10 sys=0.00, real=0.01 secs] 
Total time for which application threads were stopped: 0.0097780 seconds
2012-01-20T16:50:08.391+0000: 2496.504: [GC 2496.504: [ParNew: 27328K->5293K(27328K), 0.0080440 secs] 2455892K->2434126K(4188864K) icms_dc=0 , 0.0081700 secs] [Times: user=0.08 sys=0.00, real=0.01 secs] 
Total time for which application threads were stopped: 0.0085880 seconds
2012-01-20T16:50:09.664+0000: 2497.777: [GC 2497.777: [ParNew: 27181K->5440K(27328K), 0.0088910 secs] 2456014K->2434586K(4188864K) icms_dc=0 , 0.0090150 secs] [Times: user=0.10 sys=0.01, real=0.01 secs] 
Total time for which application threads were stopped: 0.0093690 seconds
2012-01-20T16:50:11.029+0000: 2499.142: [GC 2499.142: [ParNew: 27328K->5440K(27328K), 0.0098070 secs] 2456474K->2435032K(4188864K) icms_dc=0 , 0.0099310 secs] [Times: user=0.11 sys=0.00, real=0.01 secs] 
Total time for which application threads were stopped: 0.0103590 seconds
Total time for which application threads were stopped: 0.0001420 seconds
2012-01-20T16:50:12.394+0000: 2500.508: [GC 2500.508: [ParNew: 27328K->5202K(27328K), 0.0088920 secs] 2456920K->2435011K(4188864K) icms_dc=0 , 0.0090170 secs] [Times: user=0.08 sys=0.00, real=0.01 secs] 
Total time for which application threads were stopped: 0.0094230 seconds
2012-01-20T16:50:13.912+0000: 2502.025: [GC 2502.025: [ParNew: 27090K->5440K(27328K), 0.0085930 secs] 2456899K->2435386K(4188864K) icms_dc=0 , 0.0087170 secs] [Times: user=0.09 sys=0.01, real=0.01 secs] 
Total time for which application threads were stopped: 0.0090710 seconds
2012-01-20T16:50:15.404+0000: 2503.518: [GC 2503.518: [ParNew: 27328K->5440K(27328K), 0.0077650 secs] 2457274K->2435669K(4188864K) icms_dc=0 , 0.0078860 secs] [Times: user=0.08 sys=0.00, real=0.01 secs] 
Total time for which application threads were stopped: 0.0082290 seconds
2012-01-20T16:50:17.057+0000: 2505.170: [GC 2505.170: [ParNew: 27328K->5440K(27328K), 0.0085800 secs] 2457557K->2436122K(4188864K) icms_dc=0 , 0.0087010 secs] [Times: user=0.09 sys=0.01, real=0.00 secs] 
Total time for which application threads were stopped: 0.0090900 seconds
2012-01-20T16:50:18.680+0000: 2506.793: [GC 2506.793: [ParNew: 27328K->5440K(27328K), 0.0083300 secs] 2458010K->2436487K(4188864K) icms_dc=0 , 0.0084550 secs] [Times: user=0.09 sys=0.00, real=0.01 secs] 
Total time for which application threads were stopped: 0.0088200 seconds
2012-01-20T16:50:20.221+0000: 2508.334: [GC 2508.334: [ParNew: 27328K->5440K(27328K), 0.0087260 secs] 2458375K->2436908K(4188864K) icms_dc=0 , 0.0088510 secs] [Times: user=0.10 sys=0.00, real=0.01 secs] 
Total time for which application threads were stopped: 0.0092300 seconds
Total time for which application threads were stopped: 0.0002370 seconds
2012-01-20T16:50:21.629+0000: 2509.742: [GC 2509.742: [ParNew: 27328K->5440K(27328K), 0.0121530 secs] 2458796K->2437614K(4188864K) icms_dc=0 , 0.0122760 secs] [Times: user=0.13 sys=0.00, real=0.01 secs] 
Total time for which application threads were stopped: 0.0125940 seconds
2012-01-20T16:50:22.953+0000: 2511.066: [GC 2511.066: [ParNew: 27328K->5440K(27328K), 0.0088440 secs] 2459502K->2438075K(4188864K) icms_dc=0 , 0.0089670 secs] [Times: user=0.10 sys=0.00, real=0.01 secs] 
Total time for which application threads were stopped: 0.0093400 seconds
2012-01-20T16:50:24.217+0000: 2512.330: [GC 2512.330: [ParNew: 27328K->5440K(27328K), 0.0102290 secs] 2459963K->2438679K(4188864K) icms_dc=0 , 0.0103560 secs] [Times: user=0.09 sys=0.00, real=0.01 secs] 
Total time for which application threads were stopped: 0.0107230 seconds
2012-01-20T16:50:25.547+0000: 2513.660: [GC 2513.660: [ParNew: 27328K->5440K(27328K), 0.0083170 secs] 2460567K->2439174K(4188864K) icms_dc=0 , 0.0084390 secs] [Times: user=0.10 sys=0.00, real=0.01 secs] 
Total time for which application threads were stopped: 0.0087900 seconds
2012-01-20T16:50:27.027+0000: 2515.140: [GC 2515.140: [ParNew: 27328K->5440K(27328K), 0.0087490 secs] 2461062K->2439620K(4188864K) icms_dc=0 , 0.0089240 secs] [Times: user=0.09 sys=0.00, real=0.01 secs] 
Total time for which application threads were stopped: 0.0093320 seconds
2012-01-20T16:50:28.396+0000: 2516.509: [GC 2516.509: [ParNew: 26992K->5440K(27328K), 0.0105590 secs] 2461173K->2440535K(4188864K) icms_dc=0 , 0.0106820 secs] [Times: user=0.09 sys=0.01, real=0.01 secs] 
Total time for which application threads were stopped: 0.0110410 seconds
2012-01-20T16:50:29.819+0000: 2517.932: [GC 2517.932: [ParNew: 27328K->5440K(27328K), 0.0093160 secs] 2462423K->2441147K(4188864K) icms_dc=0 , 0.0094380 secs] [Times: user=0.10 sys=0.01, real=0.01 secs] 
Total time for which application threads were stopped: 0.0098210 seconds
Total time for which application threads were stopped: 0.0003060 seconds
2012-01-20T16:50:31.183+0000: 2519.296: [GC 2519.296: [ParNew: 27328K->5440K(27328K), 0.0099650 secs] 2463035K->2441758K(4188864K) icms_dc=0 , 0.0100930 secs] [Times: user=0.10 sys=0.00, real=0.01 secs] 
Total time for which application threads were stopped: 0.0102990 seconds
2012-01-20T16:50:32.664+0000: 2520.777: [GC 2520.777: [ParNew: 27328K->5440K(27328K), 0.0083970 secs] 2463646K->2442012K(4188864K) icms_dc=0 , 0.0085210 secs] [Times: user=0.09 sys=0.00, real=0.01 secs] 
Total time for which application threads were stopped: 0.0088980 seconds
2012-01-20T16:50:33.947+0000: 2522.060: [GC 2522.060: [ParNew: 27328K->5440K(27328K), 0.0085430 secs] 2463900K->2442518K(4188864K) icms_dc=0 , 0.0086710 secs] [Times: user=0.09 sys=0.00, real=0.01 secs] 
Total time for which application threads were stopped: 0.0090870 seconds
2012-01-20T16:50:35.314+0000: 2523.427: [GC 2523.427: [ParNew: 27328K->5440K(27328K), 0.0084520 secs] 2464406K->2443053K(4188864K) icms_dc=0 , 0.0085780 secs] [Times: user=0.09 sys=0.00, real=0.01 secs] 
Total time for which application threads were stopped: 0.0089700 seconds
2012-01-20T16:50:36.980+0000: 2525.093: [GC 2525.093: [ParNew: 27328K->5440K(27328K), 0.0089410 secs] 2464941K->2443629K(4188864K) icms_dc=0 , 0.0090690 secs] [Times: user=0.10 sys=0.00, real=0.01 secs] 
Total time for which application threads were stopped: 0.0095180 seconds
2012-01-20T16:50:38.379+0000: 2526.492: [GC 2526.492: [ParNew: 27328K->5440K(27328K), 0.0087890 secs] 2465517K->2444087K(4188864K) icms_dc=0 , 0.0089130 secs] [Times: user=0.09 sys=0.00, real=0.01 secs] 
Total time for which application threads were stopped: 0.0093530 seconds
2012-01-20T16:50:39.823+0000: 2527.936: [GC 2527.936: [ParNew: 27328K->5440K(27328K), 0.0103560 secs] 2465975K->2444961K(4188864K) icms_dc=0 , 0.0104850 secs] [Times: user=0.10 sys=0.01, real=0.01 secs] 
Total time for which application threads were stopped: 0.0108750 seconds
Total time for which application threads were stopped: 0.0002570 seconds
2012-01-20T16:50:41.184+0000: 2529.297: [GC 2529.297: [ParNew: 27328K->5440K(27328K), 0.0095700 secs] 2466849K->2445056K(4188864K) icms_dc=0 , 0.0096990 secs] [Times: user=0.11 sys=0.00, real=0.01 secs] 
Total time for which application threads were stopped: 0.0099650 seconds
2012-01-20T16:50:42.529+0000: 2530.642: [GC 2530.642: [ParNew: 27328K->5440K(27328K), 0.0114210 secs] 2466944K->2446002K(4188864K) icms_dc=0 , 0.0115440 secs] [Times: user=0.11 sys=0.01, real=0.02 secs] 
Total time for which application threads were stopped: 0.0118890 seconds
2012-01-20T16:50:44.052+0000: 2532.165: [GC 2532.165: [ParNew: 27328K->5440K(27328K), 0.0071900 secs] 2467890K->2446002K(4188864K) icms_dc=0 , 0.0073090 secs] [Times: user=0.09 sys=0.00, real=0.01 secs] 
Total time for which application threads were stopped: 0.0077300 seconds
2012-01-20T16:50:45.654+0000: 2533.767: [GC 2533.767: [ParNew: 27328K->5440K(27328K), 0.0082830 secs] 2467890K->2446563K(4188864K) icms_dc=0 , 0.0084010 secs] [Times: user=0.09 sys=0.00, real=0.01 secs] 
Total time for which application threads were stopped: 0.0087520 seconds
2012-01-20T16:50:47.191+0000: 2535.304: [GC 2535.305: [ParNew: 27328K->5440K(27328K), 0.0081170 secs] 2468451K->2446579K(4188864K) icms_dc=0 , 0.0082360 secs] [Times: user=0.10 sys=0.00, real=0.00 secs] 
Total time for which application threads were stopped: 0.0086300 seconds
2012-01-20T16:50:48.663+0000: 2536.776: [GC 2536.776: [ParNew: 27328K->5440K(27328K), 0.0086840 secs] 2468467K->2447037K(4188864K) icms_dc=0 , 0.0088030 secs] [Times: user=0.09 sys=0.00, real=0.01 secs] 
Total time for which application threads were stopped: 0.0091510 seconds
2012-01-20T16:50:50.225+0000: 2538.338: [GC 2538.338: [ParNew: 27328K->5440K(27328K), 0.0083850 secs] 2468925K->2447242K(4188864K) icms_dc=0 , 0.0085030 secs] [Times: user=0.09 sys=0.00, real=0.01 secs] 
Total time for which application threads were stopped: 0.0088530 seconds
Total time for which application threads were stopped: 0.0002810 seconds
2012-01-20T16:50:51.862+0000: 2539.975: [GC 2539.976: [ParNew: 27328K->5440K(27328K), 0.0092600 secs] 2469130K->2447690K(4188864K) icms_dc=0 , 0.0093950 secs] [Times: user=0.09 sys=0.00, real=0.01 secs] 
Total time for which application threads were stopped: 0.0097500 seconds
2012-01-20T16:50:53.376+0000: 2541.489: [GC 2541.489: [ParNew: 27328K->5440K(27328K), 0.0085430 secs] 2469578K->2448079K(4188864K) icms_dc=0 , 0.0086630 secs] [Times: user=0.09 sys=0.00, real=0.01 secs] 
Total time for which application threads were stopped: 0.0090570 seconds
2012-01-20T16:50:54.953+0000: 2543.066: [GC 2543.066: [ParNew: 27328K->5440K(27328K), 0.0125220 secs] 2469967K->2448841K(4188864K) icms_dc=0 , 0.0126490 secs] [Times: user=0.13 sys=0.00, real=0.01 secs] 
Total time for which application threads were stopped: 0.0130150 seconds
2012-01-20T16:50:56.593+0000: 2544.706: [GC 2544.706: [ParNew: 27328K->5440K(27328K), 0.0083860 secs] 2470729K->2449334K(4188864K) icms_dc=0 , 0.0085110 secs] [Times: user=0.10 sys=0.00, real=0.01 secs] 
Total time for which application threads were stopped: 0.0089210 seconds
2012-01-20T16:50:57.927+0000: 2546.040: [GC 2546.040: [ParNew: 27328K->5440K(27328K), 0.0083850 secs] 2471222K->2449787K(4188864K) icms_dc=0 , 0.0085060 secs] [Times: user=0.09 sys=0.01, real=0.01 secs] 
Total time for which application threads were stopped: 0.0088570 seconds
2012-01-20T16:50:59.305+0000: 2547.419: [GC 2547.419: [ParNew: 27328K->5440K(27328K), 0.0098170 secs] 2471675K->2450480K(4188864K) icms_dc=0 , 0.0099440 secs] [Times: user=0.10 sys=0.00, real=0.01 secs] 
Total time for which application threads were stopped: 0.0102990 seconds
2012-01-20T16:51:00.728+0000: 2548.841: [GC 2548.841: [ParNew: 27328K->5440K(27328K), 0.0105240 secs] 2472368K->2451306K(4188864K) icms_dc=0 , 0.0106490 secs] [Times: user=0.10 sys=0.01, real=0.01 secs] 
Total time for which application threads were stopped: 0.0110940 seconds
Total time for which application threads were stopped: 0.0001880 seconds
2012-01-20T16:51:02.355+0000: 2550.468: [GC 2550.468: [ParNew: 27328K->5440K(27328K), 0.0096540 secs] 2473194K->2451857K(4188864K) icms_dc=0 , 0.0097880 secs] [Times: user=0.10 sys=0.00, real=0.01 secs] 
Total time for which application threads were stopped: 0.0101840 seconds
2012-01-20T16:51:03.744+0000: 2551.857: [GC 2551.857: [ParNew: 27328K->5440K(27328K), 0.0100630 secs] 2473745K->2452428K(4188864K) icms_dc=0 , 0.0101870 secs] [Times: user=0.10 sys=0.01, real=0.01 secs] 
Total time for which application threads were stopped: 0.0105610 seconds
2012-01-20T16:51:05.128+0000: 2553.241: [GC 2553.241: [ParNew: 27328K->5440K(27328K), 0.0082690 secs] 2474316K->2453005K(4188864K) icms_dc=0 , 0.0083850 secs] [Times: user=0.10 sys=0.00, real=0.01 secs] 
Total time for which application threads were stopped: 0.0087410 seconds
2012-01-20T16:51:06.541+0000: 2554.654: [GC 2554.654: [ParNew: 27328K->5440K(27328K), 0.0102800 secs] 2474893K->2453508K(4188864K) icms_dc=0 , 0.0103920 secs] [Times: user=0.11 sys=0.01, real=0.01 secs] 
Total time for which application threads were stopped: 0.0107370 seconds
2012-01-20T16:51:07.915+0000: 2556.028: [GC 2556.028: [ParNew: 27328K->5440K(27328K), 0.0102910 secs] 2475396K->2454150K(4188864K) icms_dc=0 , 0.0104180 secs] [Times: user=0.11 sys=0.00, real=0.01 secs] 
Total time for which application threads were stopped: 0.0108390 seconds
2012-01-20T16:51:09.302+0000: 2557.415: [GC 2557.415: [ParNew: 27328K->5440K(27328K), 0.0092160 secs] 2476038K->2454627K(4188864K) icms_dc=0 , 0.0093440 secs] [Times: user=0.10 sys=0.00, real=0.01 secs] 
Total time for which application threads were stopped: 0.0097330 seconds
2012-01-20T16:51:10.846+0000: 2558.959: [GC 2558.959: [ParNew: 27328K->5440K(27328K), 0.0105990 secs] 2476515K->2455167K(4188864K) icms_dc=0 , 0.0107210 secs] [Times: user=0.11 sys=0.00, real=0.01 secs] 
Total time for which application threads were stopped: 0.0110780 seconds
Total time for which application threads were stopped: 0.0001800 seconds
2012-01-20T16:51:12.354+0000: 2560.467: [GC 2560.468: [ParNew: 27328K->5440K(27328K), 0.0083800 secs] 2477055K->2455671K(4188864K) icms_dc=0 , 0.0085190 secs] [Times: user=0.09 sys=0.00, real=0.01 secs] 
Total time for which application threads were stopped: 0.0088520 seconds
2012-01-20T16:51:13.847+0000: 2561.960: [GC 2561.960: [ParNew: 27328K->5440K(27328K), 0.0098100 secs] 2477559K->2456100K(4188864K) icms_dc=0 , 0.0099350 secs] [Times: user=0.10 sys=0.00, real=0.01 secs] 
Total time for which application threads were stopped: 0.0103190 seconds
2012-01-20T16:51:15.453+0000: 2563.566: [GC 2563.566: [ParNew: 27328K->5440K(27328K), 0.0086750 secs] 2477988K->2456529K(4188864K) icms_dc=0 , 0.0088010 secs] [Times: user=0.09 sys=0.00, real=0.00 secs] 
Total time for which application threads were stopped: 0.0092000 seconds
2012-01-20T16:51:16.827+0000: 2564.940: [GC 2564.941: [ParNew: 27328K->5440K(27328K), 0.0091730 secs] 2478417K->2457091K(4188864K) icms_dc=0 , 0.0093090 secs] [Times: user=0.10 sys=0.01, real=0.01 secs] 
Total time for which application threads were stopped: 0.0097300 seconds
2012-01-20T16:51:18.126+0000: 2566.239: [GC 2566.239: [ParNew: 27328K->5440K(27328K), 0.0093070 secs] 2478979K->2457639K(4188864K) icms_dc=0 , 0.0094410 secs] [Times: user=0.10 sys=0.00, real=0.01 secs] 
Total time for which application threads were stopped: 0.0098320 seconds
2012-01-20T16:51:19.453+0000: 2567.566: [GC 2567.566: [ParNew: 27328K->5440K(27328K), 0.0096040 secs] 2479527K->2458199K(4188864K) icms_dc=0 , 0.0097340 secs] [Times: user=0.10 sys=0.01, real=0.01 secs] 
Total time for which application threads were stopped: 0.0101830 seconds
2012-01-20T16:51:20.923+0000: 2569.036: [GC 2569.036: [ParNew: 27328K->5440K(27328K), 0.0096930 secs] 2480087K->2458756K(4188864K) icms_dc=0 , 0.0098210 secs] [Times: user=0.11 sys=0.01, real=0.01 secs] 
Total time for which application threads were stopped: 0.0102440 seconds
Total time for which application threads were stopped: 0.0003740 seconds
2012-01-20T16:51:22.400+0000: 2570.513: [GC 2570.513: [ParNew: 27328K->5440K(27328K), 0.0082660 secs] 2480644K->2459247K(4188864K) icms_dc=0 , 0.0083900 secs] [Times: user=0.09 sys=0.00, real=0.01 secs] 
Total time for which application threads were stopped: 0.0088160 seconds
2012-01-20T16:51:23.894+0000: 2572.007: [GC 2572.007: [ParNew: 27328K->5440K(27328K), 0.0084960 secs] 2481135K->2459707K(4188864K) icms_dc=0 , 0.0086200 secs] [Times: user=0.09 sys=0.00, real=0.01 secs] 
Total time for which application threads were stopped: 0.0090150 seconds
2012-01-20T16:51:25.366+0000: 2573.479: [GC 2573.479: [ParNew: 27328K->5440K(27328K), 0.0086850 secs] 2481595K->2460224K(4188864K) icms_dc=0 , 0.0088110 secs] [Times: user=0.10 sys=0.00, real=0.01 secs] 
Total time for which application threads were stopped: 0.0092160 seconds
2012-01-20T16:51:26.840+0000: 2574.954: [GC 2574.954: [ParNew: 27328K->5440K(27328K), 0.0100810 secs] 2482112K->2460952K(4188864K) icms_dc=0 , 0.0102050 secs] [Times: user=0.10 sys=0.00, real=0.01 secs] 
Total time for which application threads were stopped: 0.0106020 seconds
2012-01-20T16:51:28.259+0000: 2576.372: [GC 2576.372: [ParNew: 27328K->5440K(27328K), 0.0092480 secs] 2482840K->2461596K(4188864K) icms_dc=0 , 0.0093720 secs] [Times: user=0.10 sys=0.00, real=0.01 secs] 
Total time for which application threads were stopped: 0.0097930 seconds
2012-01-20T16:51:29.680+0000: 2577.793: [GC 2577.793: [ParNew: 27328K->5440K(27328K), 0.0092990 secs] 2483484K->2462134K(4188864K) icms_dc=0 , 0.0094230 secs] [Times: user=0.10 sys=0.01, real=0.01 secs] 
Total time for which application threads were stopped: 0.0098630 seconds
Total time for which application threads were stopped: 0.0003000 seconds
2012-01-20T16:51:31.295+0000: 2579.408: [GC 2579.408: [ParNew: 27328K->5440K(27328K), 0.0090030 secs] 2484022K->2462709K(4188864K) icms_dc=0 , 0.0091430 secs] [Times: user=0.08 sys=0.00, real=0.01 secs] 
Total time for which application threads were stopped: 0.0093500 seconds
2012-01-20T16:51:32.829+0000: 2580.942: [GC 2580.942: [ParNew: 27328K->5440K(27328K), 0.0092510 secs] 2484597K->2463375K(4188864K) icms_dc=0 , 0.0093760 secs] [Times: user=0.10 sys=0.00, real=0.01 secs] 
Total time for which application threads were stopped: 0.0097480 seconds
2012-01-20T16:51:34.347+0000: 2582.460: [GC 2582.461: [ParNew: 27328K->5440K(27328K), 0.0087810 secs] 2485263K->2464049K(4188864K) icms_dc=0 , 0.0089090 secs] [Times: user=0.09 sys=0.00, real=0.01 secs] 
Total time for which application threads were stopped: 0.0092800 seconds
2012-01-20T16:51:35.659+0000: 2583.772: [GC 2583.772: [ParNew: 27328K->5440K(27328K), 0.0093450 secs] 2485937K->2464769K(4188864K) icms_dc=0 , 0.0094750 secs] [Times: user=0.10 sys=0.01, real=0.01 secs] 
Total time for which application threads were stopped: 0.0098440 seconds
2012-01-20T16:51:36.919+0000: 2585.032: [GC 2585.032: [ParNew: 27328K->5440K(27328K), 0.0094850 secs] 2486657K->2465296K(4188864K) icms_dc=0 , 0.0096070 secs] [Times: user=0.10 sys=0.01, real=0.01 secs] 
Total time for which application threads were stopped: 0.0099730 seconds
2012-01-20T16:51:38.340+0000: 2586.453: [GC 2586.453: [ParNew: 27328K->5440K(27328K), 0.0090370 secs] 2487184K->2466042K(4188864K) icms_dc=0 , 0.0091580 secs] [Times: user=0.09 sys=0.00, real=0.01 secs] 
Total time for which application threads were stopped: 0.0095560 seconds
2012-01-20T16:51:39.777+0000: 2587.890: [GC 2587.890: [ParNew: 27328K->5036K(27328K), 0.0081380 secs] 2487930K->2465970K(4188864K) icms_dc=0 , 0.0082590 secs] [Times: user=0.09 sys=0.00, real=0.00 secs] 
Total time for which application threads were stopped: 0.0086250 seconds
2012-01-20T16:51:41.211+0000: 2589.324: [GC 2589.324: [ParNew: 26924K->5440K(27328K), 0.0082670 secs] 2487858K->2466640K(4188864K) icms_dc=0 , 0.0083880 secs] [Times: user=0.10 sys=0.00, real=0.01 secs] 
Total time for which application threads were stopped: 0.0087960 seconds
Total time for which application threads were stopped: 0.0001600 seconds
2012-01-20T16:51:42.668+0000: 2590.781: [GC 2590.781: [ParNew: 27328K->5101K(27328K), 0.0082720 secs] 2488528K->2466510K(4188864K) icms_dc=0 , 0.0083980 secs] [Times: user=0.09 sys=0.00, real=0.01 secs] 
Total time for which application threads were stopped: 0.0088400 seconds
2012-01-20T16:51:44.149+0000: 2592.262: [GC 2592.262: [ParNew: 26989K->5440K(27328K), 0.0081940 secs] 2488398K->2467172K(4188864K) icms_dc=0 , 0.0083180 secs] [Times: user=0.09 sys=0.00, real=0.01 secs] 
Total time for which application threads were stopped: 0.0087190 seconds
2012-01-20T16:51:45.730+0000: 2593.843: [GC 2593.843: [ParNew: 27328K->5228K(27328K), 0.0073120 secs] 2489060K->2467063K(4188864K) icms_dc=0 , 0.0074390 secs] [Times: user=0.09 sys=0.00, real=0.01 secs] 
Total time for which application threads were stopped: 0.0078190 seconds
2012-01-20T16:51:47.171+0000: 2595.284: [GC 2595.284: [ParNew: 27116K->5440K(27328K), 0.0076610 secs] 2488951K->2467504K(4188864K) icms_dc=0 , 0.0077840 secs] [Times: user=0.08 sys=0.00, real=0.01 secs] 
Total time for which application threads were stopped: 0.0081580 seconds
2012-01-20T16:51:48.641+0000: 2596.754: [GC 2596.754: [ParNew: 27328K->4715K(27328K), 0.0076400 secs] 2489392K->2467063K(4188864K) icms_dc=0 , 0.0077690 secs] [Times: user=0.08 sys=0.00, real=0.01 secs] 
Total time for which application threads were stopped: 0.0081370 seconds
2012-01-20T16:51:50.183+0000: 2598.296: [GC 2598.296: [ParNew: 26603K->5297K(27328K), 0.0072750 secs] 2488951K->2467761K(4188864K) icms_dc=0 , 0.0074380 secs] [Times: user=0.09 sys=0.00, real=0.01 secs] 
Total time for which application threads were stopped: 0.0078510 seconds
Total time for which application threads were stopped: 0.0006280 seconds
Total time for which application threads were stopped: 0.0000710 seconds
2012-01-20T16:51:51.840+0000: 2599.953: [GC 2599.953: [ParNew: 27185K->5060K(27328K), 0.0070090 secs] 2489649K->2467581K(4188864K) icms_dc=0 , 0.0071370 secs] [Times: user=0.08 sys=0.01, real=0.00 secs] 
Total time for which application threads were stopped: 0.0075210 seconds
2012-01-20T16:51:53.392+0000: 2601.505: [GC 2601.505: [ParNew: 26948K->5440K(27328K), 0.0076400 secs] 2489469K->2468114K(4188864K) icms_dc=0 , 0.0077640 secs] [Times: user=0.09 sys=0.00, real=0.01 secs] 
Total time for which application threads were stopped: 0.0082000 seconds
2012-01-20T16:51:54.980+0000: 2603.093: [GC 2603.094: [ParNew: 27328K->5150K(27328K), 0.0076480 secs] 2490002K->2467999K(4188864K) icms_dc=0 , 0.0077730 secs] [Times: user=0.09 sys=0.00, real=0.01 secs] 
Total time for which application threads were stopped: 0.0082030 seconds
2012-01-20T16:51:56.528+0000: 2604.641: [GC 2604.641: [ParNew: 27038K->5440K(27328K), 0.0068930 secs] 2489887K->2468357K(4188864K) icms_dc=0 , 0.0070150 secs] [Times: user=0.08 sys=0.00, real=0.01 secs] 
Total time for which application threads were stopped: 0.0074650 seconds
2012-01-20T16:51:57.915+0000: 2606.028: [GC 2606.028: [ParNew: 27328K->5248K(27328K), 0.0070460 secs] 2490245K->2468278K(4188864K) icms_dc=0 , 0.0071640 secs] [Times: user=0.08 sys=0.00, real=0.01 secs] 
Total time for which application threads were stopped: 0.0075700 seconds
2012-01-20T16:51:59.385+0000: 2607.498: [GC 2607.498: [ParNew: 27136K->4979K(27328K), 0.0074640 secs] 2490166K->2468198K(4188864K) icms_dc=0 , 0.0075850 secs] [Times: user=0.08 sys=0.01, real=0.01 secs] 
Total time for which application threads were stopped: 0.0079600 seconds
2012-01-20T16:52:01.117+0000: 2609.231: [GC 2609.231: [ParNew: 26867K->5440K(27328K), 0.0077680 secs] 2490086K->2468828K(4188864K) icms_dc=0 , 0.0078910 secs] [Times: user=0.09 sys=0.00, real=0.01 secs] 
Total time for which application threads were stopped: 0.0083160 seconds
Total time for which application threads were stopped: 0.0001490 seconds
2012-01-20T16:52:02.688+0000: 2610.801: [GC 2610.801: [ParNew: 27328K->4977K(27328K), 0.0075270 secs] 2490716K->2468523K(4188864K) icms_dc=0 , 0.0076510 secs] [Times: user=0.08 sys=0.00, real=0.00 secs] 
Total time for which application threads were stopped: 0.0080230 seconds
2012-01-20T16:52:04.351+0000: 2612.464: [GC 2612.464: [ParNew: 26865K->5440K(27328K), 0.0076870 secs] 2490411K->2469186K(4188864K) icms_dc=0 , 0.0078090 secs] [Times: user=0.09 sys=0.01, real=0.00 secs] 
Total time for which application threads were stopped: 0.0094190 seconds
2012-01-20T16:52:05.800+0000: 2613.914: [GC 2613.914: [ParNew: 27328K->5241K(27328K), 0.0075350 secs] 2491074K->2469129K(4188864K) icms_dc=0 , 0.0076560 secs] [Times: user=0.08 sys=0.00, real=0.00 secs] 
Total time for which application threads were stopped: 0.0080250 seconds
2012-01-20T16:52:07.183+0000: 2615.296: [GC 2615.296: [ParNew: 27129K->5440K(27328K), 0.0088720 secs] 2491017K->2469748K(4188864K) icms_dc=0 , 0.0090000 secs] [Times: user=0.09 sys=0.00, real=0.01 secs] 
Total time for which application threads were stopped: 0.0093810 seconds
2012-01-20T16:52:08.563+0000: 2616.677: [GC 2616.677: [ParNew: 27328K->5440K(27328K), 0.0075540 secs] 2491636K->2469814K(4188864K) icms_dc=0 , 0.0076810 secs] [Times: user=0.09 sys=0.00, real=0.01 secs] 
Total time for which application threads were stopped: 0.0080870 seconds
2012-01-20T16:52:10.210+0000: 2618.323: [GC 2618.323: [ParNew: 27328K->5440K(27328K), 0.0089190 secs] 2491702K->2470216K(4188864K) icms_dc=0 , 0.0090410 secs] [Times: user=0.09 sys=0.01, real=0.00 secs] 
Total time for which application threads were stopped: 0.0094030 seconds
Total time for which application threads were stopped: 0.0002660 seconds
2012-01-20T16:52:11.592+0000: 2619.705: [GC 2619.705: [ParNew: 27328K->5440K(27328K), 0.0078560 secs] 2492104K->2470427K(4188864K) icms_dc=0 , 0.0079810 secs] [Times: user=0.08 sys=0.01, real=0.01 secs] 
Total time for which application threads were stopped: 0.0082510 seconds
2012-01-20T16:52:12.915+0000: 2621.029: [GC 2621.029: [ParNew: 27328K->5440K(27328K), 0.0104940 secs] 2492315K->2471016K(4188864K) icms_dc=0 , 0.0106060 secs] [Times: user=0.10 sys=0.01, real=0.01 secs] 
Total time for which application threads were stopped: 0.0109850 seconds
2012-01-20T16:52:14.442+0000: 2622.555: [GC 2622.555: [ParNew: 27328K->5440K(27328K), 0.0083730 secs] 2492904K->2471361K(4188864K) icms_dc=0 , 0.0084990 secs] [Times: user=0.09 sys=0.01, real=0.01 secs] 
Total time for which application threads were stopped: 0.0089260 seconds
2012-01-20T16:52:15.874+0000: 2623.987: [GC 2623.987: [ParNew: 27328K->5440K(27328K), 0.0092730 secs] 2493249K->2471800K(4188864K) icms_dc=0 , 0.0093990 secs] [Times: user=0.09 sys=0.00, real=0.01 secs] 
Total time for which application threads were stopped: 0.0097790 seconds
2012-01-20T16:52:17.245+0000: 2625.358: [GC 2625.358: [ParNew: 27328K->5440K(27328K), 0.0097390 secs] 2493688K->2472546K(4188864K) icms_dc=0 , 0.0098670 secs] [Times: user=0.10 sys=0.00, real=0.01 secs] 
Total time for which application threads were stopped: 0.0102330 seconds
2012-01-20T16:52:18.703+0000: 2626.816: [GC 2626.816: [ParNew: 27328K->5440K(27328K), 0.0086990 secs] 2494434K->2473145K(4188864K) icms_dc=0 , 0.0088220 secs] [Times: user=0.09 sys=0.00, real=0.01 secs] 
Total time for which application threads were stopped: 0.0091900 seconds
2012-01-20T16:52:20.141+0000: 2628.254: [GC 2628.254: [ParNew: 27328K->5440K(27328K), 0.0098010 secs] 2495033K->2474086K(4188864K) icms_dc=0 , 0.0099280 secs] [Times: user=0.09 sys=0.00, real=0.01 secs] 
Total time for which application threads were stopped: 0.0102820 seconds
Total time for which application threads were stopped: 0.0002370 seconds
2012-01-20T16:52:21.694+0000: 2629.807: [GC 2629.807: [ParNew: 27328K->5220K(27328K), 0.0075460 secs] 2495974K->2473867K(4188864K) icms_dc=0 , 0.0076660 secs] [Times: user=0.09 sys=0.00, real=0.01 secs] 
Total time for which application threads were stopped: 0.0079260 seconds
2012-01-20T16:52:23.268+0000: 2631.381: [GC 2631.382: [ParNew: 27108K->5440K(27328K), 0.0104530 secs] 2495755K->2474430K(4188864K) icms_dc=0 , 0.0105820 secs] [Times: user=0.09 sys=0.01, real=0.01 secs] 
Total time for which application threads were stopped: 0.0109520 seconds
2012-01-20T16:52:24.725+0000: 2632.838: [GC 2632.838: [ParNew: 27328K->5440K(27328K), 0.0096710 secs] 2496318K->2474678K(4188864K) icms_dc=0 , 0.0097920 secs] [Times: user=0.08 sys=0.01, real=0.01 secs] 
Total time for which application threads were stopped: 0.0101710 seconds
2012-01-20T16:52:26.156+0000: 2634.269: [GC 2634.270: [ParNew: 27328K->5440K(27328K), 0.0090760 secs] 2496566K->2475165K(4188864K) icms_dc=0 , 0.0092020 secs] [Times: user=0.10 sys=0.00, real=0.01 secs] 
Total time for which application threads were stopped: 0.0095750 seconds
2012-01-20T16:52:27.758+0000: 2635.871: [GC 2635.871: [ParNew: 27328K->5440K(27328K), 0.0076710 secs] 2497053K->2475360K(4188864K) icms_dc=0 , 0.0077910 secs] [Times: user=0.08 sys=0.00, real=0.01 secs] 
Total time for which application threads were stopped: 0.0081760 seconds
2012-01-20T16:52:29.219+0000: 2637.332: [GC 2637.332: [ParNew: 27328K->5440K(27328K), 0.0078180 secs] 2497248K->2475605K(4188864K) icms_dc=0 , 0.0079410 secs] [Times: user=0.09 sys=0.00, real=0.01 secs] 
Total time for which application threads were stopped: 0.0083660 seconds
2012-01-20T16:52:30.662+0000: 2638.776: [GC 2638.776: [ParNew: 27328K->5440K(27328K), 0.0076930 secs] 2497493K->2475864K(4188864K) icms_dc=0 , 0.0078150 secs] [Times: user=0.08 sys=0.00, real=0.00 secs] 
Total time for which application threads were stopped: 0.0081850 seconds
Total time for which application threads were stopped: 0.0002760 seconds
2012-01-20T16:52:31.991+0000: 2640.104: [GC 2640.104: [ParNew: 27328K->5440K(27328K), 0.0088570 secs] 2497752K->2476248K(4188864K) icms_dc=0 , 0.0090300 secs] [Times: user=0.09 sys=0.01, real=0.01 secs] 
Total time for which application threads were stopped: 0.0094250 seconds
2012-01-20T16:52:33.417+0000: 2641.530: [GC 2641.530: [ParNew: 27328K->5440K(27328K), 0.0087810 secs] 2498136K->2476662K(4188864K) icms_dc=0 , 0.0089070 secs] [Times: user=0.09 sys=0.01, real=0.01 secs] 
Total time for which application threads were stopped: 0.0093010 seconds
2012-01-20T16:52:35.133+0000: 2643.246: [GC 2643.246: [ParNew: 27328K->5440K(27328K), 0.0090790 secs] 2498550K->2477174K(4188864K) icms_dc=0 , 0.0092080 secs] [Times: user=0.09 sys=0.00, real=0.01 secs] 
Total time for which application threads were stopped: 0.0096120 seconds
2012-01-20T16:52:36.711+0000: 2644.824: [GC 2644.824: [ParNew: 27328K->5429K(27328K), 0.0069980 secs] 2499062K->2477164K(4188864K) icms_dc=0 , 0.0071250 secs] [Times: user=0.08 sys=0.01, real=0.01 secs] 
Total time for which application threads were stopped: 0.0075400 seconds
2012-01-20T16:52:38.076+0000: 2646.189: [GC 2646.189: [ParNew: 27317K->5440K(27328K), 0.0083950 secs] 2499052K->2477704K(4188864K) icms_dc=0 , 0.0085200 secs] [Times: user=0.09 sys=0.01, real=0.01 secs] 
Total time for which application threads were stopped: 0.0088860 seconds
2012-01-20T16:52:39.573+0000: 2647.686: [GC 2647.686: [ParNew: 27328K->5440K(27328K), 0.0081950 secs] 2499592K->2477791K(4188864K) icms_dc=0 , 0.0083190 secs] [Times: user=0.10 sys=0.00, real=0.00 secs] 
Total time for which application threads were stopped: 0.0086940 seconds
2012-01-20T16:52:40.925+0000: 2649.038: [GC 2649.038: [ParNew: 27328K->5440K(27328K), 0.0097550 secs] 2499679K->2478364K(4188864K) icms_dc=0 , 0.0098840 secs] [Times: user=0.11 sys=0.00, real=0.01 secs] 
Total time for which application threads were stopped: 0.0102640 seconds
Total time for which application threads were stopped: 0.0001560 seconds
2012-01-20T16:52:42.296+0000: 2650.409: [GC 2650.409: [ParNew: 27328K->5440K(27328K), 0.0107730 secs] 2500252K->2478734K(4188864K) icms_dc=0 , 0.0108990 secs] [Times: user=0.12 sys=0.00, real=0.01 secs] 
Total time for which application threads were stopped: 0.0113030 seconds
2012-01-20T16:52:43.873+0000: 2651.986: [GC 2651.986: [ParNew: 27328K->5440K(27328K), 0.0076060 secs] 2500622K->2478981K(4188864K) icms_dc=0 , 0.0077300 secs] [Times: user=0.09 sys=0.00, real=0.01 secs] 
Total time for which application threads were stopped: 0.0081180 seconds
2012-01-20T16:52:45.400+0000: 2653.513: [GC 2653.513: [ParNew: 27328K->5440K(27328K), 0.0075920 secs] 2500869K->2479190K(4188864K) icms_dc=0 , 0.0077160 secs] [Times: user=0.08 sys=0.00, real=0.01 secs] 
Total time for which application threads were stopped: 0.0081420 seconds
2012-01-20T16:52:46.831+0000: 2654.944: [GC 2654.944: [ParNew: 27328K->5440K(27328K), 0.0081490 secs] 2501078K->2479523K(4188864K) icms_dc=0 , 0.0082760 secs] [Times: user=0.09 sys=0.01, real=0.01 secs] 
Total time for which application threads were stopped: 0.0086980 seconds
2012-01-20T16:52:48.473+0000: 2656.586: [GC 2656.586: [ParNew: 27328K->5296K(27328K), 0.0082870 secs] 2501411K->2479666K(4188864K) icms_dc=0 , 0.0084090 secs] [Times: user=0.09 sys=0.00, real=0.01 secs] 
Total time for which application threads were stopped: 0.0088480 seconds
2012-01-20T16:52:49.764+0000: 2657.877: [GC 2657.877: [ParNew: 27184K->5440K(27328K), 0.0085800 secs] 2501554K->2480081K(4188864K) icms_dc=0 , 0.0087040 secs] [Times: user=0.09 sys=0.00, real=0.01 secs] 
Total time for which application threads were stopped: 0.0091030 seconds
2012-01-20T16:52:51.273+0000: 2659.387: [GC 2659.387: [ParNew: 27328K->5440K(27328K), 0.0085140 secs] 2501969K->2480423K(4188864K) icms_dc=0 , 0.0086370 secs] [Times: user=0.09 sys=0.00, real=0.01 secs] 
Total time for which application threads were stopped: 0.0089860 seconds
Total time for which application threads were stopped: 0.0001290 seconds
2012-01-20T16:52:52.803+0000: 2660.916: [GC 2660.916: [ParNew: 27328K->5440K(27328K), 0.0100920 secs] 2502311K->2480834K(4188864K) icms_dc=0 , 0.0102190 secs] [Times: user=0.11 sys=0.00, real=0.01 secs] 
Total time for which application threads were stopped: 0.0106890 seconds
2012-01-20T16:52:54.448+0000: 2662.562: [GC 2662.562: [ParNew: 27328K->5440K(27328K), 0.0078360 secs] 2502722K->2480990K(4188864K) icms_dc=0 , 0.0079600 secs] [Times: user=0.09 sys=0.00, real=0.01 secs] 
Total time for which application threads were stopped: 0.0083300 seconds
2012-01-20T16:52:56.002+0000: 2664.116: [GC 2664.116: [ParNew: 27328K->5440K(27328K), 0.0091990 secs] 2502878K->2481447K(4188864K) icms_dc=0 , 0.0093210 secs] [Times: user=0.10 sys=0.00, real=0.01 secs] 
Total time for which application threads were stopped: 0.0097250 seconds
2012-01-20T16:52:57.526+0000: 2665.639: [GC 2665.640: [ParNew: 27328K->5440K(27328K), 0.0089050 secs] 2503335K->2481580K(4188864K) icms_dc=0 , 0.0090230 secs] [Times: user=0.11 sys=0.00, real=0.01 secs] 
Total time for which application threads were stopped: 0.0094690 seconds
2012-01-20T16:52:58.863+0000: 2666.976: [GC 2666.976: [ParNew: 27328K->5357K(27328K), 0.0081010 secs] 2503468K->2481858K(4188864K) icms_dc=0 , 0.0082230 secs] [Times: user=0.09 sys=0.00, real=0.01 secs] 
Total time for which application threads were stopped: 0.0085890 seconds
2012-01-20T16:53:00.216+0000: 2668.329: [GC 2668.329: [ParNew: 27245K->5440K(27328K), 0.0079620 secs] 2503746K->2482283K(4188864K) icms_dc=0 , 0.0080850 secs] [Times: user=0.09 sys=0.00, real=0.00 secs] 
Total time for which application threads were stopped: 0.0084900 seconds
Total time for which application threads were stopped: 0.0002720 seconds
2012-01-20T16:53:01.657+0000: 2669.770: [GC 2669.770: [ParNew: 27328K->5440K(27328K), 0.0070530 secs] 2504171K->2482287K(4188864K) icms_dc=0 , 0.0071690 secs] [Times: user=0.09 sys=0.00, real=0.00 secs] 
Total time for which application threads were stopped: 0.0073880 seconds
2012-01-20T16:53:03.115+0000: 2671.228: [GC 2671.229: [ParNew: 27328K->5440K(27328K), 0.0090100 secs] 2504175K->2482774K(4188864K) icms_dc=0 , 0.0091290 secs] [Times: user=0.09 sys=0.00, real=0.01 secs] 
Total time for which application threads were stopped: 0.0094970 seconds
2012-01-20T16:53:04.465+0000: 2672.578: [GC 2672.578: [ParNew: 27328K->5440K(27328K), 0.0074380 secs] 2504662K->2482920K(4188864K) icms_dc=0 , 0.0075610 secs] [Times: user=0.08 sys=0.00, real=0.01 secs] 
Total time for which application threads were stopped: 0.0079360 seconds
2012-01-20T16:53:05.939+0000: 2674.052: [GC 2674.052: [ParNew: 27328K->5440K(27328K), 0.0090890 secs] 2504808K->2483443K(4188864K) icms_dc=0 , 0.0092100 secs] [Times: user=0.09 sys=0.00, real=0.01 secs] 
Total time for which application threads were stopped: 0.0095710 seconds
2012-01-20T16:53:07.449+0000: 2675.562: [GC 2675.562: [ParNew: 27328K->5211K(27328K), 0.0080440 secs] 2505331K->2483443K(4188864K) icms_dc=0 , 0.0081650 secs] [Times: user=0.09 sys=0.00, real=0.01 secs] 
Total time for which application threads were stopped: 0.0085260 seconds
2012-01-20T16:53:08.902+0000: 2677.015: [GC 2677.015: [ParNew: 27099K->5440K(27328K), 0.0086550 secs] 2505331K->2484023K(4188864K) icms_dc=0 , 0.0087780 secs] [Times: user=0.09 sys=0.01, real=0.01 secs] 
Total time for which application threads were stopped: 0.0091470 seconds
2012-01-20T16:53:10.539+0000: 2678.652: [GC 2678.652: [ParNew: 27328K->5440K(27328K), 0.0083640 secs] 2505911K->2484421K(4188864K) icms_dc=0 , 0.0084860 secs] [Times: user=0.10 sys=0.00, real=0.01 secs] 
Total time for which application threads were stopped: 0.0088600 seconds
Total time for which application threads were stopped: 0.0002490 seconds
2012-01-20T16:53:12.041+0000: 2680.154: [GC 2680.154: [ParNew: 27328K->5440K(27328K), 0.0085310 secs] 2506309K->2484656K(4188864K) icms_dc=0 , 0.0086520 secs] [Times: user=0.09 sys=0.00, real=0.01 secs] 
Total time for which application threads were stopped: 0.0090070 seconds
2012-01-20T16:53:13.498+0000: 2681.612: [GC 2681.612: [ParNew: 27328K->5440K(27328K), 0.0095180 secs] 2506544K->2485102K(4188864K) icms_dc=0 , 0.0096360 secs] [Times: user=0.11 sys=0.01, real=0.01 secs] 
Total time for which application threads were stopped: 0.0099840 seconds
2012-01-20T16:53:15.150+0000: 2683.263: [GC 2683.263: [ParNew: 27328K->5440K(27328K), 0.0075980 secs] 2506990K->2485277K(4188864K) icms_dc=0 , 0.0077190 secs] [Times: user=0.08 sys=0.01, real=0.01 secs] 
Total time for which application threads were stopped: 0.0081860 seconds
2012-01-20T16:53:16.859+0000: 2684.972: [GC 2684.972: [ParNew: 27328K->5440K(27328K), 0.0083890 secs] 2507165K->2485662K(4188864K) icms_dc=0 , 0.0085100 secs] [Times: user=0.09 sys=0.00, real=0.01 secs] 
Total time for which application threads were stopped: 0.0088740 seconds
2012-01-20T16:53:18.378+0000: 2686.492: [GC 2686.492: [ParNew: 27328K->5440K(27328K), 0.0081360 secs] 2507550K->2485963K(4188864K) icms_dc=0 , 0.0082660 secs] [Times: user=0.09 sys=0.00, real=0.00 secs] 
Total time for which application threads were stopped: 0.0086340 seconds
2012-01-20T16:53:19.856+0000: 2687.970: [GC 2687.970: [ParNew: 27328K->5440K(27328K), 0.0091380 secs] 2507851K->2486426K(4188864K) icms_dc=0 , 0.0092580 secs] [Times: user=0.08 sys=0.00, real=0.01 secs] 
Total time for which application threads were stopped: 0.0096390 seconds
2012-01-20T16:53:21.253+0000: 2689.366: [GC 2689.366: [ParNew: 27328K->5440K(27328K), 0.0090120 secs] 2508314K->2486981K(4188864K) icms_dc=0 , 0.0091360 secs] [Times: user=0.10 sys=0.01, real=0.01 secs] 
Total time for which application threads were stopped: 0.0095370 seconds
Total time for which application threads were stopped: 0.0001360 seconds
2012-01-20T16:53:22.683+0000: 2690.796: [GC 2690.796: [ParNew: 27328K->5440K(27328K), 0.0096440 secs] 2508869K->2487591K(4188864K) icms_dc=0 , 0.0097700 secs] [Times: user=0.10 sys=0.00, real=0.01 secs] 
Total time for which application threads were stopped: 0.0101540 seconds
2012-01-20T16:53:24.216+0000: 2692.329: [GC 2692.329: [ParNew: 27328K->5440K(27328K), 0.0084480 secs] 2509479K->2488074K(4188864K) icms_dc=0 , 0.0085730 secs] [Times: user=0.09 sys=0.00, real=0.01 secs] 
Total time for which application threads were stopped: 0.0089210 seconds
2012-01-20T16:53:25.735+0000: 2693.848: [GC 2693.848: [ParNew: 27328K->5440K(27328K), 0.0088360 secs] 2509962K->2488569K(4188864K) icms_dc=0 , 0.0089570 secs] [Times: user=0.09 sys=0.00, real=0.01 secs] 
Total time for which application threads were stopped: 0.0093230 seconds
2012-01-20T16:53:27.118+0000: 2695.231: [GC 2695.231: [ParNew: 27328K->5440K(27328K), 0.0079810 secs] 2510457K->2488942K(4188864K) icms_dc=0 , 0.0081020 secs] [Times: user=0.08 sys=0.00, real=0.00 secs] 
Total time for which application threads were stopped: 0.0085220 seconds
2012-01-20T16:53:28.635+0000: 2696.749: [GC 2696.749: [ParNew: 27328K->5440K(27328K), 0.0088480 secs] 2510830K->2489527K(4188864K) icms_dc=0 , 0.0089730 secs] [Times: user=0.09 sys=0.00, real=0.01 secs] 
Total time for which application threads were stopped: 0.0095340 seconds
2012-01-20T16:53:30.093+0000: 2698.206: [GC 2698.206: [ParNew: 27328K->5440K(27328K), 0.0080200 secs] 2511415K->2489704K(4188864K) icms_dc=0 , 0.0081420 secs] [Times: user=0.09 sys=0.00, real=0.01 secs] 
Total time for which application threads were stopped: 0.0085060 seconds
2012-01-20T16:53:31.540+0000: 2699.653: [GC 2699.654: [ParNew: 27328K->5440K(27328K), 0.0098950 secs] 2511592K->2490121K(4188864K) icms_dc=0 , 0.0100180 secs] [Times: user=0.10 sys=0.01, real=0.01 secs] 
Total time for which application threads were stopped: 0.0104860 seconds
Total time for which application threads were stopped: 0.0001360 seconds
2012-01-20T16:53:33.065+0000: 2701.179: [GC 2701.179: [ParNew: 27328K->5440K(27328K), 0.0083810 secs] 2512009K->2490522K(4188864K) icms_dc=0 , 0.0084980 secs] [Times: user=0.09 sys=0.00, real=0.01 secs] 
Total time for which application threads were stopped: 0.0088620 seconds
2012-01-20T16:53:34.588+0000: 2702.702: [GC 2702.702: [ParNew: 27328K->5440K(27328K), 0.0097620 secs] 2512410K->2491024K(4188864K) icms_dc=0 , 0.0098790 secs] [Times: user=0.11 sys=0.00, real=0.01 secs] 
Total time for which application threads were stopped: 0.0102910 seconds
2012-01-20T16:53:36.105+0000: 2704.218: [GC 2704.218: [ParNew: 27328K->5440K(27328K), 0.0081700 secs] 2512912K->2491423K(4188864K) icms_dc=0 , 0.0082920 secs] [Times: user=0.09 sys=0.00, real=0.01 secs] 
Total time for which application threads were stopped: 0.0087440 seconds
2012-01-20T16:53:37.563+0000: 2705.676: [GC 2705.676: [ParNew: 27328K->5440K(27328K), 0.0092000 secs] 2513311K->2492031K(4188864K) icms_dc=0 , 0.0093190 secs] [Times: user=0.10 sys=0.01, real=0.01 secs] 
Total time for which application threads were stopped: 0.0096970 seconds
2012-01-20T16:53:39.079+0000: 2707.192: [GC 2707.192: [ParNew: 27328K->5440K(27328K), 0.0088800 secs] 2513919K->2492644K(4188864K) icms_dc=0 , 0.0090040 secs] [Times: user=0.09 sys=0.01, real=0.01 secs] 
Total time for which application threads were stopped: 0.0094020 seconds
2012-01-20T16:53:40.719+0000: 2708.832: [GC 2708.832: [ParNew: 27328K->5440K(27328K), 0.0103940 secs] 2514532K->2493286K(4188864K) icms_dc=0 , 0.0105150 secs] [Times: user=0.11 sys=0.01, real=0.02 secs] 
Total time for which application threads were stopped: 0.0108730 seconds
Total time for which application threads were stopped: 0.0002970 seconds
2012-01-20T16:53:42.268+0000: 2710.382: [GC 2710.382: [ParNew: 27328K->5440K(27328K), 0.0089770 secs] 2515174K->2493898K(4188864K) icms_dc=0 , 0.0091080 secs] [Times: user=0.09 sys=0.00, real=0.01 secs] 
Total time for which application threads were stopped: 0.0094930 seconds
2012-01-20T16:53:43.722+0000: 2711.835: [GC 2711.835: [ParNew: 27328K->5440K(27328K), 0.0093540 secs] 2515786K->2494523K(4188864K) icms_dc=0 , 0.0094760 secs] [Times: user=0.09 sys=0.01, real=0.01 secs] 
Total time for which application threads were stopped: 0.0098810 seconds
2012-01-20T16:53:45.235+0000: 2713.348: [GC 2713.348: [ParNew: 27328K->5440K(27328K), 0.0091550 secs] 2516411K->2495122K(4188864K) icms_dc=0 , 0.0092770 secs] [Times: user=0.09 sys=0.01, real=0.01 secs] 
Total time for which application threads were stopped: 0.0096220 seconds
2012-01-20T16:53:46.808+0000: 2714.921: [GC 2714.921: [ParNew: 27328K->5440K(27328K), 0.0092110 secs] 2517010K->2495824K(4188864K) icms_dc=0 , 0.0093300 secs] [Times: user=0.10 sys=0.00, real=0.01 secs] 
Total time for which application threads were stopped: 0.0097530 seconds
2012-01-20T16:53:48.217+0000: 2716.330: [GC 2716.330: [ParNew: 27328K->5440K(27328K), 0.0076750 secs] 2517712K->2496074K(4188864K) icms_dc=0 , 0.0077970 secs] [Times: user=0.09 sys=0.00, real=0.01 secs] 
Total time for which application threads were stopped: 0.0081440 seconds
2012-01-20T16:53:49.609+0000: 2717.722: [GC 2717.722: [ParNew: 27328K->5440K(27328K), 0.0089080 secs] 2517962K->2496607K(4188864K) icms_dc=0 , 0.0090270 secs] [Times: user=0.09 sys=0.00, real=0.01 secs] 
Total time for which application threads were stopped: 0.0094230 seconds
2012-01-20T16:53:51.070+0000: 2719.183: [GC 2719.183: [ParNew: 27328K->5440K(27328K), 0.0083750 secs] 2518495K->2496907K(4188864K) icms_dc=0 , 0.0084940 secs] [Times: user=0.09 sys=0.00, real=0.01 secs] 
Total time for which application threads were stopped: 0.0088700 seconds
Total time for which application threads were stopped: 0.0002530 seconds
2012-01-20T16:53:52.435+0000: 2720.548: [GC 2720.548: [ParNew: 27328K->5440K(27328K), 0.0075870 secs] 2518795K->2497127K(4188864K) icms_dc=0 , 0.0077180 secs] [Times: user=0.08 sys=0.01, real=0.01 secs] 
Total time for which application threads were stopped: 0.0081080 seconds
2012-01-20T16:53:53.882+0000: 2721.995: [GC 2721.995: [ParNew: 27328K->5025K(27328K), 0.0070520 secs] 2519015K->2496768K(4188864K) icms_dc=0 , 0.0071740 secs] [Times: user=0.08 sys=0.00, real=0.00 secs] 
Total time for which application threads were stopped: 0.0075140 seconds
2012-01-20T16:53:55.442+0000: 2723.556: [GC 2723.556: [ParNew: 26913K->5440K(27328K), 0.0080030 secs] 2518656K->2497508K(4188864K) icms_dc=0 , 0.0081280 secs] [Times: user=0.09 sys=0.00, real=0.00 secs] 
Total time for which application threads were stopped: 0.0084910 seconds
2012-01-20T16:53:56.885+0000: 2724.998: [GC 2724.998: [ParNew: 27328K->5440K(27328K), 0.0072800 secs] 2519396K->2497651K(4188864K) icms_dc=0 , 0.0074520 secs] [Times: user=0.08 sys=0.00, real=0.01 secs] 
Total time for which application threads were stopped: 0.0078580 seconds
2012-01-20T16:53:58.370+0000: 2726.483: [GC 2726.484: [ParNew: 27328K->5124K(27328K), 0.0071250 secs] 2519539K->2497404K(4188864K) icms_dc=0 , 0.0072440 secs] [Times: user=0.09 sys=0.00, real=0.01 secs] 
Total time for which application threads were stopped: 0.0076540 seconds
2012-01-20T16:53:59.789+0000: 2727.902: [GC 2727.902: [ParNew: 27012K->5440K(27328K), 0.0074700 secs] 2519292K->2497843K(4188864K) icms_dc=0 , 0.0075920 secs] [Times: user=0.09 sys=0.00, real=0.01 secs] 
Total time for which application threads were stopped: 0.0080070 seconds
2012-01-20T16:54:01.045+0000: 2729.159: [GC 2729.159: [ParNew: 27328K->5316K(27328K), 0.0077590 secs] 2519731K->2497826K(4188864K) icms_dc=0 , 0.0078820 secs] [Times: user=0.09 sys=0.01, real=0.01 secs] 
Total time for which application threads were stopped: 0.0082780 seconds
Total time for which application threads were stopped: 0.0002720 seconds
2012-01-20T16:54:02.310+0000: 2730.423: [GC 2730.424: [ParNew: 27204K->5440K(27328K), 0.0087240 secs] 2519714K->2498202K(4188864K) icms_dc=0 , 0.0088500 secs] [Times: user=0.09 sys=0.00, real=0.01 secs] 
Total time for which application threads were stopped: 0.0092530 seconds
2012-01-20T16:54:03.647+0000: 2731.760: [GC 2731.760: [ParNew: 27328K->5440K(27328K), 0.0093740 secs] 2520090K->2498756K(4188864K) icms_dc=0 , 0.0094960 secs] [Times: user=0.10 sys=0.00, real=0.01 secs] 
Total time for which application threads were stopped: 0.0098620 seconds
2012-01-20T16:54:05.204+0000: 2733.317: [GC 2733.317: [ParNew: 27328K->5440K(27328K), 0.0086350 secs] 2520644K->2499222K(4188864K) icms_dc=0 , 0.0087660 secs] [Times: user=0.08 sys=0.00, real=0.01 secs] 
Total time for which application threads were stopped: 0.0091760 seconds
2012-01-20T16:54:06.609+0000: 2734.722: [GC 2734.722: [ParNew: 27328K->5440K(27328K), 0.0073260 secs] 2521110K->2499222K(4188864K) icms_dc=0 , 0.0074530 secs] [Times: user=0.08 sys=0.00, real=0.01 secs] 
Total time for which application threads were stopped: 0.0078160 seconds
2012-01-20T16:54:08.091+0000: 2736.205: [GC 2736.205: [ParNew: 27328K->5440K(27328K), 0.0090660 secs] 2521110K->2499867K(4188864K) icms_dc=0 , 0.0091900 secs] [Times: user=0.09 sys=0.01, real=0.01 secs] 
Total time for which application threads were stopped: 0.0095320 seconds
2012-01-20T16:54:09.576+0000: 2737.690: [GC 2737.690: [ParNew: 27328K->5246K(27328K), 0.0076910 secs] 2521755K->2499977K(4188864K) icms_dc=0 , 0.0078110 secs] [Times: user=0.08 sys=0.00, real=0.01 secs] 
Total time for which application threads were stopped: 0.0081940 seconds
2012-01-20T16:54:11.305+0000: 2739.418: [GC 2739.418: [ParNew: 27134K->5440K(27328K), 0.0077750 secs] 2521865K->2500394K(4188864K) icms_dc=0 , 0.0078930 secs] [Times: user=0.09 sys=0.00, real=0.00 secs] 
Total time for which application threads were stopped: 0.0083030 seconds
Total time for which application threads were stopped: 0.0001570 seconds
2012-01-20T16:54:12.972+0000: 2741.085: [GC 2741.085: [ParNew: 27328K->5440K(27328K), 0.0073770 secs] 2522282K->2500421K(4188864K) icms_dc=0 , 0.0074980 secs] [Times: user=0.09 sys=0.00, real=0.01 secs] 
Total time for which application threads were stopped: 0.0078920 seconds
2012-01-20T16:54:14.420+0000: 2742.533: [GC 2742.533: [ParNew: 27328K->5440K(27328K), 0.0085530 secs] 2522309K->2500708K(4188864K) icms_dc=0 , 0.0086730 secs] [Times: user=0.09 sys=0.00, real=0.01 secs] 
Total time for which application threads were stopped: 0.0090730 seconds
2012-01-20T16:54:15.686+0000: 2743.799: [GC 2743.799: [ParNew: 27328K->5440K(27328K), 0.0087950 secs] 2522596K->2501129K(4188864K) icms_dc=0 , 0.0089170 secs] [Times: user=0.09 sys=0.00, real=0.01 secs] 
Total time for which application threads were stopped: 0.0093490 seconds
2012-01-20T16:54:17.060+0000: 2745.174: [GC 2745.174: [ParNew: 27328K->5440K(27328K), 0.0103030 secs] 2523017K->2501693K(4188864K) icms_dc=0 , 0.0104230 secs] [Times: user=0.12 sys=0.01, real=0.01 secs] 
Total time for which application threads were stopped: 0.0108290 seconds
2012-01-20T16:54:18.466+0000: 2746.579: [GC 2746.579: [ParNew: 27328K->5440K(27328K), 0.0083900 secs] 2523581K->2502097K(4188864K) icms_dc=0 , 0.0085120 secs] [Times: user=0.09 sys=0.00, real=0.01 secs] 
Total time for which application threads were stopped: 0.0088680 seconds
2012-01-20T16:54:19.835+0000: 2747.948: [GC 2747.948: [ParNew: 27328K->5440K(27328K), 0.0093410 secs] 2523985K->2502783K(4188864K) icms_dc=0 , 0.0094650 secs] [Times: user=0.10 sys=0.00, real=0.01 secs] 
Total time for which application threads were stopped: 0.0098430 seconds
2012-01-20T16:54:21.291+0000: 2749.404: [GC 2749.404: [ParNew: 27328K->5440K(27328K), 0.0091930 secs] 2524671K->2503404K(4188864K) icms_dc=0 , 0.0093190 secs] [Times: user=0.10 sys=0.00, real=0.01 secs] 
Total time for which application threads were stopped: 0.0097560 seconds
Total time for which application threads were stopped: 0.0001310 seconds
2012-01-20T16:54:22.834+0000: 2750.948: [GC 2750.948: [ParNew: 27328K->5440K(27328K), 0.0112480 secs] 2525292K->2504248K(4188864K) icms_dc=0 , 0.0113770 secs] [Times: user=0.11 sys=0.00, real=0.02 secs] 
Total time for which application threads were stopped: 0.0117390 seconds
2012-01-20T16:54:24.488+0000: 2752.601: [GC 2752.601: [ParNew: 27328K->5440K(27328K), 0.0113200 secs] 2526136K->2505534K(4188864K) icms_dc=0 , 0.0114460 secs] [Times: user=0.10 sys=0.00, real=0.01 secs] 
Total time for which application threads were stopped: 0.0118080 seconds
2012-01-20T16:54:26.240+0000: 2754.353: [GC 2754.353: [ParNew: 27328K->5440K(27328K), 0.0076320 secs] 2527422K->2505534K(4188864K) icms_dc=0 , 0.0077460 secs] [Times: user=0.09 sys=0.00, real=0.01 secs] 
Total time for which application threads were stopped: 0.0081310 seconds
2012-01-20T16:54:27.850+0000: 2755.963: [GC 2755.964: [ParNew: 27328K->5440K(27328K), 0.0085940 secs] 2527422K->2506098K(4188864K) icms_dc=0 , 0.0087120 secs] [Times: user=0.09 sys=0.00, real=0.01 secs] 
Total time for which application threads were stopped: 0.0090840 seconds
2012-01-20T16:54:29.450+0000: 2757.563: [GC 2757.563: [ParNew: 27328K->5440K(27328K), 0.0086160 secs] 2527986K->2506660K(4188864K) icms_dc=0 , 0.0087330 secs] [Times: user=0.10 sys=0.00, real=0.01 secs] 
Total time for which application threads were stopped: 0.0091440 seconds
Total time for which application threads were stopped: 0.0003680 seconds
2012-01-20T16:54:30.996+0000: 2759.109: [GC 2759.109: [ParNew: 27328K->5440K(27328K), 0.0085840 secs] 2528548K->2507257K(4188864K) icms_dc=0 , 0.0087060 secs] [Times: user=0.08 sys=0.00, real=0.00 secs] 
Total time for which application threads were stopped: 0.0090580 seconds
Total time for which application threads were stopped: 0.0002700 seconds
2012-01-20T16:54:32.333+0000: 2760.446: [GC 2760.447: [ParNew: 27328K->5360K(27328K), 0.0074510 secs] 2529145K->2507268K(4188864K) icms_dc=0 , 0.0075680 secs] [Times: user=0.08 sys=0.00, real=0.01 secs] 
Total time for which application threads were stopped: 0.0079420 seconds
2012-01-20T16:54:33.940+0000: 2762.054: [GC 2762.054: [ParNew: 27248K->5440K(27328K), 0.0079290 secs] 2529156K->2507639K(4188864K) icms_dc=0 , 0.0080500 secs] [Times: user=0.09 sys=0.01, real=0.01 secs] 
Total time for which application threads were stopped: 0.0083850 seconds
2012-01-20T16:54:35.353+0000: 2763.466: [GC 2763.466: [ParNew: 27328K->5440K(27328K), 0.0089030 secs] 2529527K->2508095K(4188864K) icms_dc=0 , 0.0090210 secs] [Times: user=0.10 sys=0.00, real=0.01 secs] 
Total time for which application threads were stopped: 0.0094250 seconds
2012-01-20T16:54:36.710+0000: 2764.823: [GC 2764.823: [ParNew: 27328K->5440K(27328K), 0.0093670 secs] 2529983K->2508681K(4188864K) icms_dc=0 , 0.0094850 secs] [Times: user=0.10 sys=0.00, real=0.01 secs] 
Total time for which application threads were stopped: 0.0098190 seconds
2012-01-20T16:54:38.329+0000: 2766.443: [GC 2766.443: [ParNew: 27328K->5440K(27328K), 0.0082960 secs] 2530569K->2509093K(4188864K) icms_dc=0 , 0.0084130 secs] [Times: user=0.08 sys=0.01, real=0.01 secs] 
Total time for which application threads were stopped: 0.0088200 seconds
2012-01-20T16:54:39.770+0000: 2767.883: [GC 2767.883: [ParNew: 27328K->5440K(27328K), 0.0083960 secs] 2530981K->2509577K(4188864K) icms_dc=0 , 0.0085120 secs] [Times: user=0.09 sys=0.01, real=0.01 secs] 
Total time for which application threads were stopped: 0.0089140 seconds
2012-01-20T16:54:41.079+0000: 2769.193: [GC 2769.193: [ParNew: 27328K->5440K(27328K), 0.0085190 secs] 2531465K->2510131K(4188864K) icms_dc=0 , 0.0086370 secs] [Times: user=0.08 sys=0.00, real=0.01 secs] 
Total time for which application threads were stopped: 0.0090270 seconds
Total time for which application threads were stopped: 0.0002820 seconds
2012-01-20T16:54:42.510+0000: 2770.623: [GC 2770.623: [ParNew: 27328K->5440K(27328K), 0.0090050 secs] 2532019K->2510693K(4188864K) icms_dc=0 , 0.0091280 secs] [Times: user=0.09 sys=0.00, real=0.01 secs] 
Total time for which application threads were stopped: 0.0095160 seconds
2012-01-20T16:54:43.952+0000: 2772.066: [GC 2772.066: [ParNew: 27328K->5165K(27328K), 0.0074670 secs] 2532581K->2510573K(4188864K) icms_dc=0 , 0.0075880 secs] [Times: user=0.09 sys=0.00, real=0.01 secs] 
Total time for which application threads were stopped: 0.0079190 seconds
2012-01-20T16:54:45.431+0000: 2773.544: [GC 2773.544: [ParNew: 27053K->5440K(27328K), 0.0078280 secs] 2532461K->2511099K(4188864K) icms_dc=0 , 0.0079440 secs] [Times: user=0.09 sys=0.00, real=0.01 secs] 
Total time for which application threads were stopped: 0.0082800 seconds
2012-01-20T16:54:46.758+0000: 2774.871: [GC 2774.871: [ParNew: 27328K->5440K(27328K), 0.0087050 secs] 2532987K->2511423K(4188864K) icms_dc=0 , 0.0088180 secs] [Times: user=0.10 sys=0.01, real=0.00 secs] 
Total time for which application threads were stopped: 0.0091690 seconds
2012-01-20T16:54:48.363+0000: 2776.476: [GC 2776.476: [ParNew: 27328K->5440K(27328K), 0.0077920 secs] 2533311K->2511633K(4188864K) icms_dc=0 , 0.0079130 secs] [Times: user=0.09 sys=0.00, real=0.01 secs] 
Total time for which application threads were stopped: 0.0082720 seconds
2012-01-20T16:54:49.910+0000: 2778.023: [GC 2778.023: [ParNew: 27328K->5440K(27328K), 0.0078200 secs] 2533521K->2511955K(4188864K) icms_dc=0 , 0.0079310 secs] [Times: user=0.08 sys=0.00, real=0.01 secs] 
Total time for which application threads were stopped: 0.0082710 seconds
2012-01-20T16:54:51.429+0000: 2779.542: [GC 2779.543: [ParNew: 27328K->5390K(27328K), 0.0075320 secs] 2533843K->2511905K(4188864K) icms_dc=0 , 0.0076430 secs] [Times: user=0.09 sys=0.00, real=0.00 secs] 
Total time for which application threads were stopped: 0.0079790 seconds
Total time for which application threads were stopped: 0.0001310 seconds
2012-01-20T16:54:52.910+0000: 2781.023: [GC 2781.023: [ParNew: 27278K->5439K(27328K), 0.0081450 secs] 2533793K->2512310K(4188864K) icms_dc=0 , 0.0082670 secs] [Times: user=0.09 sys=0.00, real=0.01 secs] 
Total time for which application threads were stopped: 0.0086410 seconds
2012-01-20T16:54:54.433+0000: 2782.546: [GC 2782.546: [ParNew: 27327K->5440K(27328K), 0.0077500 secs] 2534198K->2512470K(4188864K) icms_dc=0 , 0.0078640 secs] [Times: user=0.09 sys=0.00, real=0.01 secs] 
Total time for which application threads were stopped: 0.0082290 seconds
2012-01-20T16:54:55.917+0000: 2784.030: [GC 2784.030: [ParNew: 27328K->5440K(27328K), 0.0078010 secs] 2534358K->2512716K(4188864K) icms_dc=0 , 0.0079150 secs] [Times: user=0.09 sys=0.00, real=0.01 secs] 
Total time for which application threads were stopped: 0.0082570 seconds
2012-01-20T16:54:57.215+0000: 2785.328: [GC 2785.328: [ParNew: 27328K->5440K(27328K), 0.0082350 secs] 2534604K->2512944K(4188864K) icms_dc=0 , 0.0083490 secs] [Times: user=0.09 sys=0.00, real=0.01 secs] 
Total time for which application threads were stopped: 0.0087030 seconds
2012-01-20T16:54:58.760+0000: 2786.873: [GC 2786.873: [ParNew: 27328K->5440K(27328K), 0.0090980 secs] 2534832K->2513412K(4188864K) icms_dc=0 , 0.0092160 secs] [Times: user=0.10 sys=0.00, real=0.01 secs] 
Total time for which application threads were stopped: 0.0095740 seconds
2012-01-20T16:55:00.410+0000: 2788.523: [GC 2788.523: [ParNew: 27328K->5440K(27328K), 0.0084660 secs] 2535300K->2513764K(4188864K) icms_dc=0 , 0.0085830 secs] [Times: user=0.10 sys=0.00, real=0.01 secs] 
Total time for which application threads were stopped: 0.0089860 seconds
Total time for which application threads were stopped: 0.0005130 seconds
2012-01-20T16:55:01.961+0000: 2790.074: [GC 2790.074: [ParNew: 27328K->5440K(27328K), 0.0093890 secs] 2535652K->2514301K(4188864K) icms_dc=0 , 0.0095120 secs] [Times: user=0.09 sys=0.00, real=0.01 secs] 
Total time for which application threads were stopped: 0.0098050 seconds
2012-01-20T16:55:03.362+0000: 2791.475: [GC 2791.475: [ParNew: 27328K->5440K(27328K), 0.0096510 secs] 2536189K->2514845K(4188864K) icms_dc=0 , 0.0097710 secs] [Times: user=0.10 sys=0.00, real=0.01 secs] 
Total time for which application threads were stopped: 0.0101860 seconds
2012-01-20T16:55:04.794+0000: 2792.907: [GC 2792.907: [ParNew: 27328K->5440K(27328K), 0.0103430 secs] 2536733K->2515531K(4188864K) icms_dc=0 , 0.0104650 secs] [Times: user=0.12 sys=0.00, real=0.01 secs] 
Total time for which application threads were stopped: 0.0108350 seconds
2012-01-20T16:55:06.245+0000: 2794.359: [GC 2794.359: [ParNew: 27328K->5440K(27328K), 0.0090560 secs] 2537419K->2516111K(4188864K) icms_dc=0 , 0.0091760 secs] [Times: user=0.10 sys=0.01, real=0.01 secs] 
Total time for which application threads were stopped: 0.0096210 seconds
2012-01-20T16:55:07.644+0000: 2795.757: [GC 2795.757: [ParNew: 27328K->5440K(27328K), 0.0085290 secs] 2537999K->2516737K(4188864K) icms_dc=0 , 0.0086500 secs] [Times: user=0.09 sys=0.00, real=0.01 secs] 
Total time for which application threads were stopped: 0.0090930 seconds
2012-01-20T16:55:09.100+0000: 2797.213: [GC 2797.213: [ParNew: 27328K->5440K(27328K), 0.0090030 secs] 2538625K->2517371K(4188864K) icms_dc=0 , 0.0091220 secs] [Times: user=0.10 sys=0.00, real=0.00 secs] 
Total time for which application threads were stopped: 0.0095540 seconds
2012-01-20T16:55:10.577+0000: 2798.690: [GC 2798.690: [ParNew: 27328K->5440K(27328K), 0.0090990 secs] 2539259K->2518006K(4188864K) icms_dc=0 , 0.0092180 secs] [Times: user=0.08 sys=0.00, real=0.01 secs] 
Total time for which application threads were stopped: 0.0096490 seconds
Total time for which application threads were stopped: 0.0003180 seconds
2012-01-20T16:55:12.032+0000: 2800.145: [GC 2800.145: [ParNew: 27328K->5440K(27328K), 0.0090560 secs] 2539894K->2518559K(4188864K) icms_dc=0 , 0.0091770 secs] [Times: user=0.10 sys=0.00, real=0.01 secs] 
Total time for which application threads were stopped: 0.0094680 seconds
2012-01-20T16:55:13.495+0000: 2801.608: [GC 2801.608: [ParNew: 27328K->5440K(27328K), 0.0082180 secs] 2540447K->2518914K(4188864K) icms_dc=0 , 0.0083350 secs] [Times: user=0.10 sys=0.00, real=0.01 secs] 
Total time for which application threads were stopped: 0.0087170 seconds
2012-01-20T16:55:14.838+0000: 2802.951: [GC 2802.951: [ParNew: 27328K->5440K(27328K), 0.0085990 secs] 2540802K->2519447K(4188864K) icms_dc=0 , 0.0087210 secs] [Times: user=0.09 sys=0.00, real=0.01 secs] 
Total time for which application threads were stopped: 0.0091810 seconds
2012-01-20T16:55:16.305+0000: 2804.418: [GC 2804.418: [ParNew: 27328K->5440K(27328K), 0.0087260 secs] 2541335K->2519839K(4188864K) icms_dc=0 , 0.0088370 secs] [Times: user=0.09 sys=0.00, real=0.01 secs] 
Total time for which application threads were stopped: 0.0092290 seconds
2012-01-20T16:55:17.735+0000: 2805.848: [GC 2805.848: [ParNew: 27328K->5440K(27328K), 0.0090900 secs] 2541727K->2520347K(4188864K) icms_dc=0 , 0.0092110 secs] [Times: user=0.10 sys=0.00, real=0.01 secs] 
Total time for which application threads were stopped: 0.0096040 seconds
2012-01-20T16:55:19.178+0000: 2807.291: [GC 2807.291: [ParNew: 27328K->5440K(27328K), 0.0089020 secs] 2542235K->2520847K(4188864K) icms_dc=0 , 0.0090230 secs] [Times: user=0.09 sys=0.01, real=0.01 secs] 
Total time for which application threads were stopped: 0.0094340 seconds
2012-01-20T16:55:20.638+0000: 2808.751: [GC 2808.751: [ParNew: 27328K->5440K(27328K), 0.0094610 secs] 2542735K->2521315K(4188864K) icms_dc=0 , 0.0095780 secs] [Times: user=0.10 sys=0.00, real=0.01 secs] 
Total time for which application threads were stopped: 0.0100330 seconds
Total time for which application threads were stopped: 0.0002860 seconds
2012-01-20T16:55:22.073+0000: 2810.186: [GC 2810.186: [ParNew: 27328K->5440K(27328K), 0.0100090 secs] 2543203K->2521965K(4188864K) icms_dc=0 , 0.0101260 secs] [Times: user=0.11 sys=0.01, real=0.01 secs] 
Total time for which application threads were stopped: 0.0104270 seconds
2012-01-20T16:55:23.493+0000: 2811.606: [GC 2811.606: [ParNew: 27328K->5440K(27328K), 0.0085830 secs] 2543853K->2522550K(4188864K) icms_dc=0 , 0.0087030 secs] [Times: user=0.09 sys=0.00, real=0.01 secs] 
Total time for which application threads were stopped: 0.0090810 seconds
2012-01-20T16:55:24.915+0000: 2813.028: [GC 2813.028: [ParNew: 27328K->5440K(27328K), 0.0084830 secs] 2544438K->2523130K(4188864K) icms_dc=0 , 0.0086010 secs] [Times: user=0.09 sys=0.00, real=0.01 secs] 
Total time for which application threads were stopped: 0.0089820 seconds
2012-01-20T16:55:26.338+0000: 2814.451: [GC 2814.451: [ParNew: 27328K->5440K(27328K), 0.0088140 secs] 2545018K->2523508K(4188864K) icms_dc=0 , 0.0089320 secs] [Times: user=0.10 sys=0.00, real=0.01 secs] 
Total time for which application threads were stopped: 0.0093250 seconds
2012-01-20T16:55:27.817+0000: 2815.930: [GC 2815.930: [ParNew: 27328K->5440K(27328K), 0.0094410 secs] 2545396K->2524135K(4188864K) icms_dc=0 , 0.0095600 secs] [Times: user=0.09 sys=0.00, real=0.01 secs] 
Total time for which application threads were stopped: 0.0099420 seconds
2012-01-20T16:55:29.405+0000: 2817.518: [GC 2817.518: [ParNew: 27328K->5440K(27328K), 0.0101640 secs] 2546023K->2524914K(4188864K) icms_dc=0 , 0.0102870 secs] [Times: user=0.10 sys=0.01, real=0.01 secs] 
Total time for which application threads were stopped: 0.0106720 seconds
2012-01-20T16:55:30.874+0000: 2818.987: [GC 2818.987: [ParNew: 27328K->5440K(27328K), 0.0088470 secs] 2546802K->2525014K(4188864K) icms_dc=0 , 0.0089650 secs] [Times: user=0.10 sys=0.00, real=0.01 secs] 
Total time for which application threads were stopped: 0.0093560 seconds
Total time for which application threads were stopped: 0.0024510 seconds
Total time for which application threads were stopped: 0.0000770 seconds
2012-01-20T16:55:32.495+0000: 2820.608: [GC 2820.608: [ParNew: 27328K->5440K(27328K), 0.0123250 secs] 2546902K->2526113K(4188864K) icms_dc=0 , 0.0124520 secs] [Times: user=0.12 sys=0.01, real=0.01 secs] 
Total time for which application threads were stopped: 0.0128290 seconds
2012-01-20T16:55:33.977+0000: 2822.090: [GC 2822.090: [ParNew: 27328K->5440K(27328K), 0.0085280 secs] 2548001K->2526719K(4188864K) icms_dc=0 , 0.0086510 secs] [Times: user=0.09 sys=0.00, real=0.01 secs] 
Total time for which application threads were stopped: 0.0090390 seconds
2012-01-20T16:55:35.499+0000: 2823.612: [GC 2823.612: [ParNew: 27328K->5440K(27328K), 0.0076600 secs] 2548607K->2526719K(4188864K) icms_dc=0 , 0.0077790 secs] [Times: user=0.10 sys=0.00, real=0.01 secs] 
Total time for which application threads were stopped: 0.0081730 seconds
2012-01-20T16:55:37.009+0000: 2825.122: [GC 2825.122: [ParNew: 27328K->5440K(27328K), 0.0096410 secs] 2548607K->2527606K(4188864K) icms_dc=0 , 0.0097630 secs] [Times: user=0.09 sys=0.00, real=0.01 secs] 
Total time for which application threads were stopped: 0.0101990 seconds
2012-01-20T16:55:38.338+0000: 2826.452: [GC 2826.452: [ParNew: 27328K->5277K(27328K), 0.0071740 secs] 2549494K->2527444K(4188864K) icms_dc=0 , 0.0072910 secs] [Times: user=0.08 sys=0.00, real=0.01 secs] 
Total time for which application threads were stopped: 0.0077140 seconds
2012-01-20T16:55:39.978+0000: 2828.091: [GC 2828.091: [ParNew: 27165K->5440K(27328K), 0.0077440 secs] 2549332K->2527889K(4188864K) icms_dc=0 , 0.0078670 secs] [Times: user=0.09 sys=0.00, real=0.01 secs] 
Total time for which application threads were stopped: 0.0082780 seconds
2012-01-20T16:55:41.470+0000: 2829.583: [GC 2829.583: [ParNew: 27328K->5440K(27328K), 0.0072460 secs] 2549777K->2527949K(4188864K) icms_dc=0 , 0.0073670 secs] [Times: user=0.09 sys=0.01, real=0.01 secs] 
Total time for which application threads were stopped: 0.0078020 seconds
Total time for which application threads were stopped: 0.0001440 seconds
2012-01-20T16:55:42.964+0000: 2831.077: [GC 2831.077: [ParNew: 27328K->5440K(27328K), 0.0081290 secs] 2549837K->2528392K(4188864K) icms_dc=0 , 0.0082510 secs] [Times: user=0.09 sys=0.00, real=0.00 secs] 
Total time for which application threads were stopped: 0.0087050 seconds
2012-01-20T16:55:44.476+0000: 2832.589: [GC 2832.589: [ParNew: 27328K->5374K(27328K), 0.0073810 secs] 2550280K->2528504K(4188864K) icms_dc=0 , 0.0074960 secs] [Times: user=0.08 sys=0.00, real=0.00 secs] 
Total time for which application threads were stopped: 0.0079600 seconds
2012-01-20T16:55:45.940+0000: 2834.053: [GC 2834.053: [ParNew: 27262K->5161K(27328K), 0.0073350 secs] 2550392K->2528459K(4188864K) icms_dc=0 , 0.0074500 secs] [Times: user=0.08 sys=0.00, real=0.01 secs] 
Total time for which application threads were stopped: 0.0078390 seconds
2012-01-20T16:55:47.340+0000: 2835.454: [GC 2835.454: [ParNew: 27049K->5440K(27328K), 0.0087800 secs] 2550347K->2528982K(4188864K) icms_dc=0 , 0.0089030 secs] [Times: user=0.09 sys=0.00, real=0.01 secs] 
Total time for which application threads were stopped: 0.0093500 seconds
2012-01-20T16:55:48.701+0000: 2836.814: [GC 2836.814: [ParNew: 27328K->5341K(27328K), 0.0077140 secs] 2550870K->2529080K(4188864K) icms_dc=0 , 0.0078280 secs] [Times: user=0.08 sys=0.00, real=0.01 secs] 
Total time for which application threads were stopped: 0.0082100 seconds
2012-01-20T16:55:50.191+0000: 2838.305: [GC 2838.305: [ParNew: 27229K->5133K(27328K), 0.0076180 secs] 2550968K->2529022K(4188864K) icms_dc=0 , 0.0077360 secs] [Times: user=0.08 sys=0.00, real=0.01 secs] 
Total time for which application threads were stopped: 0.0081850 seconds
2012-01-20T16:55:51.587+0000: 2839.701: [GC 2839.701: [ParNew: 27021K->5440K(27328K), 0.0073360 secs] 2550910K->2529415K(4188864K) icms_dc=0 , 0.0074490 secs] [Times: user=0.08 sys=0.01, real=0.01 secs] 
Total time for which application threads were stopped: 0.0078420 seconds
Total time for which application threads were stopped: 0.0001340 seconds
2012-01-20T16:55:53.100+0000: 2841.214: [GC 2841.214: [ParNew: 27328K->5440K(27328K), 0.0085940 secs] 2551303K->2529756K(4188864K) icms_dc=0 , 0.0087150 secs] [Times: user=0.09 sys=0.01, real=0.01 secs] 
Total time for which application threads were stopped: 0.0091400 seconds
2012-01-20T16:55:54.540+0000: 2842.654: [GC 2842.654: [ParNew: 27328K->5440K(27328K), 0.0076560 secs] 2551644K->2529848K(4188864K) icms_dc=0 , 0.0077700 secs] [Times: user=0.09 sys=0.00, real=0.01 secs] 
Total time for which application threads were stopped: 0.0081910 seconds
2012-01-20T16:55:55.998+0000: 2844.111: [GC 2844.111: [ParNew: 27328K->5440K(27328K), 0.0076180 secs] 2551736K->2530016K(4188864K) icms_dc=0 , 0.0077390 secs] [Times: user=0.09 sys=0.00, real=0.01 secs] 
Total time for which application threads were stopped: 0.0081290 seconds
2012-01-20T16:55:57.281+0000: 2845.394: [GC 2845.394: [ParNew: 27328K->5100K(27328K), 0.0090680 secs] 2551904K->2529889K(4188864K) icms_dc=0 , 0.0091810 secs] [Times: user=0.10 sys=0.00, real=0.01 secs] 
Total time for which application threads were stopped: 0.0095930 seconds
2012-01-20T16:55:58.773+0000: 2846.886: [GC 2846.886: [ParNew: 26988K->5440K(27328K), 0.0080320 secs] 2551777K->2530367K(4188864K) icms_dc=0 , 0.0081490 secs] [Times: user=0.10 sys=0.00, real=0.01 secs] 
Total time for which application threads were stopped: 0.0085090 seconds
2012-01-20T16:56:00.357+0000: 2848.470: [GC 2848.470: [ParNew: 27328K->5440K(27328K), 0.0081540 secs] 2552255K->2530615K(4188864K) icms_dc=0 , 0.0082730 secs] [Times: user=0.09 sys=0.00, real=0.00 secs] 
Total time for which application threads were stopped: 0.0086980 seconds
2012-01-20T16:56:01.902+0000: 2850.015: [GC 2850.015: [ParNew: 27328K->5440K(27328K), 0.0081960 secs] 2552503K->2530931K(4188864K) icms_dc=0 , 0.0083490 secs] [Times: user=0.09 sys=0.00, real=0.01 secs] 
Total time for which application threads were stopped: 0.0087080 seconds
Total time for which application threads were stopped: 0.0008380 seconds
2012-01-20T16:56:03.314+0000: 2851.427: [GC 2851.427: [ParNew: 27328K->5440K(27328K), 0.0084210 secs] 2552819K->2531257K(4188864K) icms_dc=0 , 0.0085390 secs] [Times: user=0.09 sys=0.00, real=0.01 secs] 
Total time for which application threads were stopped: 0.0089900 seconds
2012-01-20T16:56:04.544+0000: 2852.657: [GC 2852.657: [ParNew: 27328K->5440K(27328K), 0.0088950 secs] 2553145K->2531714K(4188864K) icms_dc=0 , 0.0090120 secs] [Times: user=0.10 sys=0.00, real=0.01 secs] 
Total time for which application threads were stopped: 0.0093680 seconds
2012-01-20T16:56:05.986+0000: 2854.099: [GC 2854.099: [ParNew: 27328K->5440K(27328K), 0.0086840 secs] 2553602K->2532345K(4188864K) icms_dc=0 , 0.0088050 secs] [Times: user=0.09 sys=0.01, real=0.00 secs] 
Total time for which application threads were stopped: 0.0092170 seconds
2012-01-20T16:56:07.501+0000: 2855.614: [GC 2855.614: [ParNew: 27328K->5439K(27328K), 0.0076380 secs] 2554233K->2532505K(4188864K) icms_dc=0 , 0.0077560 secs] [Times: user=0.10 sys=0.00, real=0.01 secs] 
Total time for which application threads were stopped: 0.0081930 seconds
2012-01-20T16:56:08.987+0000: 2857.100: [GC 2857.100: [ParNew: 27327K->5440K(27328K), 0.0082910 secs] 2554393K->2532987K(4188864K) icms_dc=0 , 0.0084140 secs] [Times: user=0.09 sys=0.01, real=0.00 secs] 
Total time for which application threads were stopped: 0.0087830 seconds
2012-01-20T16:56:10.495+0000: 2858.608: [GC 2858.608: [ParNew: 27328K->5440K(27328K), 0.0091540 secs] 2554875K->2533529K(4188864K) icms_dc=0 , 0.0092750 secs] [Times: user=0.09 sys=0.00, real=0.01 secs] 
Total time for which application threads were stopped: 0.0096480 seconds
Total time for which application threads were stopped: 0.0002360 seconds
2012-01-20T16:56:12.031+0000: 2860.144: [GC 2860.144: [ParNew: 27328K->5427K(27328K), 0.0083370 secs] 2555417K->2533736K(4188864K) icms_dc=0 , 0.0084560 secs] [Times: user=0.09 sys=0.00, real=0.01 secs] 
Total time for which application threads were stopped: 0.0087250 seconds
2012-01-20T16:56:13.378+0000: 2861.491: [GC 2861.491: [ParNew: 27315K->5440K(27328K), 0.0078180 secs] 2555624K->2533966K(4188864K) icms_dc=0 , 0.0079380 secs] [Times: user=0.09 sys=0.00, real=0.00 secs] 
Total time for which application threads were stopped: 0.0083650 seconds
2012-01-20T16:56:14.730+0000: 2862.843: [GC 2862.843: [ParNew: 27328K->5440K(27328K), 0.0085310 secs] 2555854K->2534403K(4188864K) icms_dc=0 , 0.0086510 secs] [Times: user=0.09 sys=0.00, real=0.01 secs] 
Total time for which application threads were stopped: 0.0090550 seconds
2012-01-20T16:56:16.161+0000: 2864.274: [GC 2864.275: [ParNew: 27328K->5152K(27328K), 0.0076160 secs] 2556291K->2534359K(4188864K) icms_dc=0 , 0.0077360 secs] [Times: user=0.08 sys=0.00, real=0.01 secs] 
Total time for which application threads were stopped: 0.0081160 seconds
2012-01-20T16:56:17.443+0000: 2865.557: [GC 2865.557: [ParNew: 27040K->5440K(27328K), 0.0091220 secs] 2556247K->2534923K(4188864K) icms_dc=0 , 0.0092430 secs] [Times: user=0.10 sys=0.00, real=0.01 secs] 
Total time for which application threads were stopped: 0.0096650 seconds
2012-01-20T16:56:18.924+0000: 2867.038: [GC 2867.038: [ParNew: 27328K->5440K(27328K), 0.0082190 secs] 2556811K->2535189K(4188864K) icms_dc=0 , 0.0083340 secs] [Times: user=0.09 sys=0.01, real=0.01 secs] 
Total time for which application threads were stopped: 0.0087140 seconds
2012-01-20T16:56:20.471+0000: 2868.584: [GC 2868.584: [ParNew: 27328K->5440K(27328K), 0.0090610 secs] 2557077K->2535652K(4188864K) icms_dc=0 , 0.0091810 secs] [Times: user=0.10 sys=0.01, real=0.01 secs] 
Total time for which application threads were stopped: 0.0096380 seconds
Total time for which application threads were stopped: 0.0002470 seconds
2012-01-20T16:56:22.169+0000: 2870.282: [GC 2870.282: [ParNew: 27328K->5440K(27328K), 0.0092830 secs] 2557540K->2535914K(4188864K) icms_dc=0 , 0.0094530 secs] [Times: user=0.09 sys=0.01, real=0.01 secs] 
Total time for which application threads were stopped: 0.0097570 seconds
2012-01-20T16:56:23.630+0000: 2871.744: [GC 2871.744: [ParNew: 27328K->5440K(27328K), 0.0096820 secs] 2557802K->2536630K(4188864K) icms_dc=0 , 0.0098020 secs] [Times: user=0.11 sys=0.00, real=0.01 secs] 
Total time for which application threads were stopped: 0.0101700 seconds
2012-01-20T16:56:24.983+0000: 2873.097: [GC 2873.097: [ParNew: 27328K->5440K(27328K), 0.0097370 secs] 2558518K->2537336K(4188864K) icms_dc=0 , 0.0098580 secs] [Times: user=0.10 sys=0.01, real=0.01 secs] 
Total time for which application threads were stopped: 0.0102350 seconds
2012-01-20T16:56:26.537+0000: 2874.650: [GC 2874.650: [ParNew: 27328K->5440K(27328K), 0.0093220 secs] 2559224K->2538055K(4188864K) icms_dc=0 , 0.0094420 secs] [Times: user=0.09 sys=0.00, real=0.01 secs] 
Total time for which application threads were stopped: 0.0098060 seconds
2012-01-20T16:56:28.078+0000: 2876.191: [GC 2876.191: [ParNew: 27328K->5440K(27328K), 0.0097050 secs] 2559943K->2538759K(4188864K) icms_dc=0 , 0.0098290 secs] [Times: user=0.10 sys=0.00, real=0.01 secs] 
Total time for which application threads were stopped: 0.0102030 seconds
2012-01-20T16:56:29.597+0000: 2877.710: [GC 2877.710: [ParNew: 27328K->5440K(27328K), 0.0093410 secs] 2560647K->2539368K(4188864K) icms_dc=0 , 0.0094640 secs] [Times: user=0.10 sys=0.00, real=0.01 secs] 
Total time for which application threads were stopped: 0.0098470 seconds
2012-01-20T16:56:31.263+0000: 2879.377: [GC 2879.377: [ParNew: 27328K->5440K(27328K), 0.0080880 secs] 2561256K->2539788K(4188864K) icms_dc=0 , 0.0082090 secs] [Times: user=0.09 sys=0.00, real=0.01 secs] 
Total time for which application threads were stopped: 0.0086380 seconds
Total time for which application threads were stopped: 0.0002390 seconds
2012-01-20T16:56:32.591+0000: 2880.704: [GC 2880.704: [ParNew: 27328K->5440K(27328K), 0.0091670 secs] 2561676K->2540383K(4188864K) icms_dc=0 , 0.0092910 secs] [Times: user=0.10 sys=0.00, real=0.01 secs] 
Total time for which application threads were stopped: 0.0095950 seconds
2012-01-20T16:56:34.012+0000: 2882.125: [GC 2882.125: [ParNew: 27328K->5440K(27328K), 0.0091940 secs] 2562271K->2540929K(4188864K) icms_dc=0 , 0.0092990 secs] [Times: user=0.09 sys=0.01, real=0.01 secs] 
Total time for which application threads were stopped: 0.0097040 seconds
2012-01-20T16:56:35.583+0000: 2883.696: [GC 2883.696: [ParNew: 27328K->5440K(27328K), 0.0086620 secs] 2562817K->2541368K(4188864K) icms_dc=0 , 0.0087800 secs] [Times: user=0.10 sys=0.00, real=0.01 secs] 
Total time for which application threads were stopped: 0.0091640 seconds
2012-01-20T16:56:37.217+0000: 2885.331: [GC 2885.331: [ParNew: 27328K->5440K(27328K), 0.0095600 secs] 2563256K->2541922K(4188864K) icms_dc=0 , 0.0096760 secs] [Times: user=0.10 sys=0.00, real=0.01 secs] 
Total time for which application threads were stopped: 0.0100310 seconds
2012-01-20T16:56:38.732+0000: 2886.845: [GC 2886.845: [ParNew: 27328K->5354K(27328K), 0.0081930 secs] 2563810K->2542147K(4188864K) icms_dc=0 , 0.0083100 secs] [Times: user=0.09 sys=0.01, real=0.01 secs] 
Total time for which application threads were stopped: 0.0087370 seconds
2012-01-20T16:56:40.116+0000: 2888.229: [GC 2888.229: [ParNew: 27242K->5440K(27328K), 0.0082790 secs] 2564035K->2542600K(4188864K) icms_dc=0 , 0.0084040 secs] [Times: user=0.09 sys=0.00, real=0.01 secs] 
Total time for which application threads were stopped: 0.0087920 seconds
2012-01-20T16:56:41.596+0000: 2889.709: [GC 2889.709: [ParNew: 27328K->5440K(27328K), 0.0082680 secs] 2564488K->2542858K(4188864K) icms_dc=0 , 0.0083830 secs] [Times: user=0.09 sys=0.00, real=0.01 secs] 
Total time for which application threads were stopped: 0.0087650 seconds
Total time for which application threads were stopped: 0.0001350 seconds
2012-01-20T16:56:43.092+0000: 2891.205: [GC 2891.205: [ParNew: 27328K->5440K(27328K), 0.0084270 secs] 2564746K->2543189K(4188864K) icms_dc=0 , 0.0085480 secs] [Times: user=0.09 sys=0.00, real=0.01 secs] 
Total time for which application threads were stopped: 0.0088910 seconds
2012-01-20T16:56:44.735+0000: 2892.848: [GC 2892.848: [ParNew: 27328K->5375K(27328K), 0.0079140 secs] 2565077K->2543202K(4188864K) icms_dc=0 , 0.0080330 secs] [Times: user=0.10 sys=0.01, real=0.01 secs] 
Total time for which application threads were stopped: 0.0084420 seconds
2012-01-20T16:56:46.450+0000: 2894.563: [GC 2894.563: [ParNew: 27263K->5440K(27328K), 0.0089590 secs] 2565090K->2543666K(4188864K) icms_dc=0 , 0.0090730 secs] [Times: user=0.09 sys=0.00, real=0.01 secs] 
Total time for which application threads were stopped: 0.0094130 seconds
2012-01-20T16:56:48.301+0000: 2896.414: [GC 2896.414: [ParNew: 27328K->5440K(27328K), 0.0087550 secs] 2565554K->2544071K(4188864K) icms_dc=0 , 0.0088620 secs] [Times: user=0.09 sys=0.00, real=0.00 secs] 
Total time for which application threads were stopped: 0.0092190 seconds
2012-01-20T16:56:49.882+0000: 2897.996: [GC 2897.996: [ParNew: 27328K->5440K(27328K), 0.0086840 secs] 2565959K->2544675K(4188864K) icms_dc=0 , 0.0087990 secs] [Times: user=0.09 sys=0.00, real=0.01 secs] 
Total time for which application threads were stopped: 0.0091460 seconds
2012-01-20T16:56:51.276+0000: 2899.389: [GC 2899.389: [ParNew: 27328K->5440K(27328K), 0.0085760 secs] 2566563K->2545128K(4188864K) icms_dc=0 , 0.0086950 secs] [Times: user=0.09 sys=0.00, real=0.01 secs] 
Total time for which application threads were stopped: 0.0090670 seconds
Total time for which application threads were stopped: 0.0002570 seconds
2012-01-20T16:56:52.564+0000: 2900.677: [GC 2900.677: [ParNew: 27328K->5440K(27328K), 0.0098070 secs] 2567016K->2545941K(4188864K) icms_dc=0 , 0.0099330 secs] [Times: user=0.09 sys=0.01, real=0.01 secs] 
Total time for which application threads were stopped: 0.0102560 seconds
2012-01-20T16:56:53.952+0000: 2902.065: [GC 2902.065: [ParNew: 27328K->5440K(27328K), 0.0100040 secs] 2567829K->2546939K(4188864K) icms_dc=0 , 0.0101210 secs] [Times: user=0.10 sys=0.00, real=0.01 secs] 
Total time for which application threads were stopped: 0.0104910 seconds
2012-01-20T16:56:55.216+0000: 2903.330: [GC 2903.330: [ParNew: 27328K->5440K(27328K), 0.0078310 secs] 2568827K->2547011K(4188864K) icms_dc=0 , 0.0079440 secs] [Times: user=0.09 sys=0.00, real=0.01 secs] 
Total time for which application threads were stopped: 0.0082970 seconds
2012-01-20T16:56:56.614+0000: 2904.728: [GC 2904.728: [ParNew: 27328K->5440K(27328K), 0.0115040 secs] 2568899K->2548263K(4188864K) icms_dc=0 , 0.0116330 secs] [Times: user=0.10 sys=0.01, real=0.01 secs] 
Total time for which application threads were stopped: 0.0119940 seconds
2012-01-20T16:56:58.008+0000: 2906.121: [GC 2906.121: [ParNew: 27328K->5440K(27328K), 0.0070910 secs] 2570151K->2548263K(4188864K) icms_dc=0 , 0.0072080 secs] [Times: user=0.09 sys=0.00, real=0.01 secs] 
Total time for which application threads were stopped: 0.0076010 seconds
2012-01-20T16:56:59.298+0000: 2907.411: [GC 2907.411: [ParNew: 27328K->5440K(27328K), 0.0085470 secs] 2570151K->2548872K(4188864K) icms_dc=0 , 0.0086660 secs] [Times: user=0.09 sys=0.00, real=0.01 secs] 
Total time for which application threads were stopped: 0.0090750 seconds
2012-01-20T16:57:00.603+0000: 2908.716: [GC 2908.716: [ParNew: 27328K->5259K(27328K), 0.0074990 secs] 2570760K->2548852K(4188864K) icms_dc=0 , 0.0076150 secs] [Times: user=0.09 sys=0.00, real=0.00 secs] 
Total time for which application threads were stopped: 0.0080030 seconds
2012-01-20T16:57:01.893+0000: 2910.006: [GC 2910.006: [ParNew: 27147K->5438K(27328K), 0.0078510 secs] 2570740K->2549297K(4188864K) icms_dc=0 , 0.0079640 secs] [Times: user=0.09 sys=0.00, real=0.00 secs] 
Total time for which application threads were stopped: 0.0083990 seconds
Total time for which application threads were stopped: 0.0001290 seconds
2012-01-20T16:57:03.234+0000: 2911.347: [GC 2911.347: [ParNew: 27326K->5440K(27328K), 0.0081050 secs] 2571185K->2549574K(4188864K) icms_dc=0 , 0.0082230 secs] [Times: user=0.09 sys=0.00, real=0.01 secs] 
Total time for which application threads were stopped: 0.0085580 seconds
2012-01-20T16:57:04.644+0000: 2912.757: [GC 2912.757: [ParNew: 27328K->5440K(27328K), 0.0086420 secs] 2571462K->2549997K(4188864K) icms_dc=0 , 0.0087580 secs] [Times: user=0.10 sys=0.00, real=0.01 secs] 
Total time for which application threads were stopped: 0.0091760 seconds
2012-01-20T16:57:06.087+0000: 2914.200: [GC 2914.200: [ParNew: 27328K->5440K(27328K), 0.0109000 secs] 2571885K->2550717K(4188864K) icms_dc=0 , 0.0110270 secs] [Times: user=0.11 sys=0.01, real=0.01 secs] 
Total time for which application threads were stopped: 0.0114040 seconds
2012-01-20T16:57:07.624+0000: 2915.737: [GC 2915.737: [ParNew: 27328K->5440K(27328K), 0.0079340 secs] 2572605K->2550733K(4188864K) icms_dc=0 , 0.0080510 secs] [Times: user=0.10 sys=0.00, real=0.00 secs] 
Total time for which application threads were stopped: 0.0084120 seconds
2012-01-20T16:57:09.047+0000: 2917.160: [GC 2917.160: [ParNew: 27328K->5440K(27328K), 0.0101220 secs] 2572621K->2551431K(4188864K) icms_dc=0 , 0.0102370 secs] [Times: user=0.10 sys=0.00, real=0.01 secs] 
Total time for which application threads were stopped: 0.0105980 seconds
2012-01-20T16:57:10.617+0000: 2918.731: [GC 2918.731: [ParNew: 27328K->5440K(27328K), 0.0071810 secs] 2573319K->2551453K(4188864K) icms_dc=0 , 0.0072950 secs] [Times: user=0.08 sys=0.00, real=0.01 secs] 
Total time for which application threads were stopped: 0.0076480 seconds
2012-01-20T16:57:12.014+0000: 2920.127: [GC 2920.127: [ParNew: 27328K->5440K(27328K), 0.0088280 secs] 2573341K->2551986K(4188864K) icms_dc=0 , 0.0089490 secs] [Times: user=0.09 sys=0.00, real=0.01 secs] 
Total time for which application threads were stopped: 0.0093360 seconds
Total time for which application threads were stopped: 0.0001550 seconds
2012-01-20T16:57:13.687+0000: 2921.800: [GC 2921.800: [ParNew: 27328K->5428K(27328K), 0.0076050 secs] 2573874K->2552154K(4188864K) icms_dc=0 , 0.0077210 secs] [Times: user=0.09 sys=0.00, real=0.01 secs] 
Total time for which application threads were stopped: 0.0080770 seconds
2012-01-20T16:57:15.267+0000: 2923.381: [GC 2923.381: [ParNew: 27316K->5411K(27328K), 0.0075660 secs] 2574042K->2552220K(4188864K) icms_dc=0 , 0.0076840 secs] [Times: user=0.08 sys=0.00, real=0.01 secs] 
Total time for which application threads were stopped: 0.0080510 seconds
2012-01-20T16:57:16.716+0000: 2924.829: [GC 2924.830: [ParNew: 27299K->5440K(27328K), 0.0093940 secs] 2574108K->2552824K(4188864K) icms_dc=0 , 0.0095180 secs] [Times: user=0.10 sys=0.00, real=0.01 secs] 
Total time for which application threads were stopped: 0.0099220 seconds
2012-01-20T16:57:18.115+0000: 2926.228: [GC 2926.228: [ParNew: 27328K->4908K(27328K), 0.0074530 secs] 2574712K->2552292K(4188864K) icms_dc=0 , 0.0075700 secs] [Times: user=0.08 sys=0.00, real=0.00 secs] 
Total time for which application threads were stopped: 0.0079180 seconds
2012-01-20T16:57:19.636+0000: 2927.749: [GC 2927.749: [ParNew: 26796K->5440K(27328K), 0.0079470 secs] 2574180K->2553012K(4188864K) icms_dc=0 , 0.0080630 secs] [Times: user=0.09 sys=0.01, real=0.00 secs] 
Total time for which application threads were stopped: 0.0084500 seconds
2012-01-20T16:57:21.003+0000: 2929.116: [GC 2929.116: [ParNew: 27328K->5194K(27328K), 0.0077250 secs] 2574900K->2552916K(4188864K) icms_dc=0 , 0.0078400 secs] [Times: user=0.08 sys=0.00, real=0.01 secs] 
Total time for which application threads were stopped: 0.0081820 seconds
Total time for which application threads were stopped: 0.0002630 seconds
2012-01-20T16:57:22.460+0000: 2930.573: [GC 2930.573: [ParNew: 27082K->5440K(27328K), 0.0087980 secs] 2574804K->2553480K(4188864K) icms_dc=0 , 0.0089210 secs] [Times: user=0.10 sys=0.00, real=0.01 secs] 
Total time for which application threads were stopped: 0.0091180 seconds
2012-01-20T16:57:23.857+0000: 2931.970: [GC 2931.970: [ParNew: 27328K->5273K(27328K), 0.0075510 secs] 2575368K->2553378K(4188864K) icms_dc=0 , 0.0076670 secs] [Times: user=0.08 sys=0.00, real=0.01 secs] 
Total time for which application threads were stopped: 0.0080740 seconds
2012-01-20T16:57:25.251+0000: 2933.364: [GC 2933.364: [ParNew: 27161K->5440K(27328K), 0.0097590 secs] 2575266K->2554005K(4188864K) icms_dc=0 , 0.0098800 secs] [Times: user=0.09 sys=0.00, real=0.01 secs] 
Total time for which application threads were stopped: 0.0103480 seconds
2012-01-20T16:57:26.801+0000: 2934.914: [GC 2934.914: [ParNew: 27328K->5440K(27328K), 0.0075010 secs] 2575893K->2554005K(4188864K) icms_dc=0 , 0.0076150 secs] [Times: user=0.08 sys=0.00, real=0.01 secs] 
Total time for which application threads were stopped: 0.0079340 seconds
2012-01-20T16:57:28.358+0000: 2936.471: [GC 2936.471: [ParNew: 27328K->5440K(27328K), 0.0084750 secs] 2575893K->2554426K(4188864K) icms_dc=0 , 0.0085930 secs] [Times: user=0.09 sys=0.00, real=0.01 secs] 
Total time for which application threads were stopped: 0.0089440 seconds
2012-01-20T16:57:29.957+0000: 2938.070: [GC 2938.071: [ParNew: 27328K->5440K(27328K), 0.0077180 secs] 2576314K->2554502K(4188864K) icms_dc=0 , 0.0078360 secs] [Times: user=0.10 sys=0.00, real=0.01 secs] 
Total time for which application threads were stopped: 0.0081940 seconds
2012-01-20T16:57:31.229+0000: 2939.342: [GC 2939.342: [ParNew: 27328K->5440K(27328K), 0.0104920 secs] 2576390K->2555224K(4188864K) icms_dc=0 , 0.0106170 secs] [Times: user=0.10 sys=0.00, real=0.01 secs] 
Total time for which application threads were stopped: 0.0109760 seconds
Total time for which application threads were stopped: 0.0002450 seconds
2012-01-20T16:57:32.539+0000: 2940.652: [GC 2940.652: [ParNew: 27328K->5133K(27328K), 0.0065970 secs] 2577112K->2554917K(4188864K) icms_dc=0 , 0.0067090 secs] [Times: user=0.08 sys=0.00, real=0.00 secs] 
Total time for which application threads were stopped: 0.0069370 seconds
2012-01-20T16:57:34.057+0000: 2942.170: [GC 2942.171: [ParNew: 27021K->5440K(27328K), 0.0076030 secs] 2576805K->2555392K(4188864K) icms_dc=0 , 0.0077150 secs] [Times: user=0.09 sys=0.00, real=0.00 secs] 
Total time for which application threads were stopped: 0.0081010 seconds
2012-01-20T16:57:35.501+0000: 2943.615: [GC 2943.615: [ParNew: 27328K->5440K(27328K), 0.0078830 secs] 2577280K->2555697K(4188864K) icms_dc=0 , 0.0080000 secs] [Times: user=0.09 sys=0.00, real=0.01 secs] 
Total time for which application threads were stopped: 0.0083690 seconds
2012-01-20T16:57:36.891+0000: 2945.004: [GC 2945.004: [ParNew: 27328K->5440K(27328K), 0.0082800 secs] 2577585K->2556037K(4188864K) icms_dc=0 , 0.0083970 secs] [Times: user=0.09 sys=0.00, real=0.01 secs] 
Total time for which application threads were stopped: 0.0087260 seconds
2012-01-20T16:57:38.301+0000: 2946.414: [GC 2946.414: [ParNew: 27328K->5440K(27328K), 0.0087910 secs] 2577925K->2556511K(4188864K) icms_dc=0 , 0.0089120 secs] [Times: user=0.10 sys=0.00, real=0.01 secs] 
Total time for which application threads were stopped: 0.0092880 seconds
2012-01-20T16:57:39.770+0000: 2947.883: [GC 2947.883: [ParNew: 27328K->5440K(27328K), 0.0095300 secs] 2578399K->2557091K(4188864K) icms_dc=0 , 0.0096530 secs] [Times: user=0.10 sys=0.00, real=0.01 secs] 
Total time for which application threads were stopped: 0.0100960 seconds
2012-01-20T16:57:41.285+0000: 2949.398: [GC 2949.398: [ParNew: 27328K->5440K(27328K), 0.0111370 secs] 2578979K->2558002K(4188864K) icms_dc=0 , 0.0112660 secs] [Times: user=0.10 sys=0.01, real=0.01 secs] 
Total time for which application threads were stopped: 0.0117010 seconds
Total time for which application threads were stopped: 0.0002780 seconds
2012-01-20T16:57:42.843+0000: 2950.956: [GC 2950.956: [ParNew: 27328K->5440K(27328K), 0.0080210 secs] 2579890K->2558308K(4188864K) icms_dc=0 , 0.0081470 secs] [Times: user=0.09 sys=0.00, real=0.01 secs] 
Total time for which application threads were stopped: 0.0085060 seconds
2012-01-20T16:57:44.186+0000: 2952.299: [GC 2952.299: [ParNew: 27328K->5440K(27328K), 0.0094160 secs] 2580196K->2559132K(4188864K) icms_dc=0 , 0.0095420 secs] [Times: user=0.10 sys=0.01, real=0.01 secs] 
Total time for which application threads were stopped: 0.0099200 seconds
2012-01-20T16:57:45.531+0000: 2953.644: [GC 2953.644: [ParNew: 27328K->5440K(27328K), 0.0091440 secs] 2581020K->2559908K(4188864K) icms_dc=0 , 0.0092740 secs] [Times: user=0.10 sys=0.00, real=0.01 secs] 
Total time for which application threads were stopped: 0.0097520 seconds
2012-01-20T16:57:47.055+0000: 2955.168: [GC 2955.168: [ParNew: 27328K->5440K(27328K), 0.0082750 secs] 2581796K->2560318K(4188864K) icms_dc=0 , 0.0083990 secs] [Times: user=0.09 sys=0.00, real=0.01 secs] 
Total time for which application threads were stopped: 0.0087630 seconds
2012-01-20T16:57:48.399+0000: 2956.512: [GC 2956.512: [ParNew: 27328K->5440K(27328K), 0.0093530 secs] 2582206K->2560933K(4188864K) icms_dc=0 , 0.0094790 secs] [Times: user=0.10 sys=0.01, real=0.01 secs] 
Total time for which application threads were stopped: 0.0098480 seconds
2012-01-20T16:57:49.739+0000: 2957.852: [GC 2957.852: [ParNew: 27328K->5440K(27328K), 0.0091500 secs] 2582821K->2561500K(4188864K) icms_dc=0 , 0.0092760 secs] [Times: user=0.10 sys=0.01, real=0.01 secs] 
Total time for which application threads were stopped: 0.0097000 seconds
2012-01-20T16:57:51.169+0000: 2959.282: [GC 2959.282: [ParNew: 27328K->5440K(27328K), 0.0088420 secs] 2583388K->2561944K(4188864K) icms_dc=0 , 0.0089600 secs] [Times: user=0.09 sys=0.00, real=0.01 secs] 
Total time for which application threads were stopped: 0.0093290 seconds
Total time for which application threads were stopped: 0.0002520 seconds
2012-01-20T16:57:52.740+0000: 2960.853: [GC 2960.853: [ParNew: 27328K->5440K(27328K), 0.0085700 secs] 2583832K->2562521K(4188864K) icms_dc=0 , 0.0086950 secs] [Times: user=0.09 sys=0.00, real=0.01 secs] 
Total time for which application threads were stopped: 0.0090160 seconds
2012-01-20T16:57:54.207+0000: 2962.320: [GC 2962.320: [ParNew: 27328K->5440K(27328K), 0.0087740 secs] 2584409K->2563005K(4188864K) icms_dc=0 , 0.0088970 secs] [Times: user=0.09 sys=0.01, real=0.01 secs] 
Total time for which application threads were stopped: 0.0092530 seconds
2012-01-20T16:57:55.653+0000: 2963.766: [GC 2963.766: [ParNew: 27328K->5440K(27328K), 0.0095690 secs] 2584893K->2563599K(4188864K) icms_dc=0 , 0.0096880 secs] [Times: user=0.10 sys=0.00, real=0.01 secs] 
Total time for which application threads were stopped: 0.0100360 seconds
2012-01-20T16:57:56.990+0000: 2965.103: [GC 2965.104: [ParNew: 27328K->5440K(27328K), 0.0090110 secs] 2585487K->2564137K(4188864K) icms_dc=0 , 0.0091280 secs] [Times: user=0.09 sys=0.01, real=0.01 secs] 
Total time for which application threads were stopped: 0.0095380 seconds
2012-01-20T16:57:58.272+0000: 2966.385: [GC 2966.385: [ParNew: 27328K->5440K(27328K), 0.0090990 secs] 2586025K->2564728K(4188864K) icms_dc=0 , 0.0092190 secs] [Times: user=0.09 sys=0.01, real=0.01 secs] 
Total time for which application threads were stopped: 0.0095810 seconds
2012-01-20T16:57:59.743+0000: 2967.857: [GC 2967.857: [ParNew: 27328K->5440K(27328K), 0.0096280 secs] 2586616K->2565316K(4188864K) icms_dc=0 , 0.0097450 secs] [Times: user=0.11 sys=0.00, real=0.01 secs] 
Total time for which application threads were stopped: 0.0100970 seconds
2012-01-20T16:58:01.328+0000: 2969.441: [GC 2969.442: [ParNew: 27328K->5440K(27328K), 0.0090800 secs] 2587204K->2566055K(4188864K) icms_dc=0 , 0.0091980 secs] [Times: user=0.10 sys=0.01, real=0.01 secs] 
Total time for which application threads were stopped: 0.0095650 seconds
Total time for which application threads were stopped: 0.0002710 seconds
2012-01-20T16:58:02.885+0000: 2970.998: [GC 2970.998: [ParNew: 27328K->5440K(27328K), 0.0087350 secs] 2587943K->2566645K(4188864K) icms_dc=0 , 0.0088590 secs] [Times: user=0.09 sys=0.01, real=0.01 secs] 
Total time for which application threads were stopped: 0.0091950 seconds
2012-01-20T16:58:04.413+0000: 2972.526: [GC 2972.526: [ParNew: 27328K->5440K(27328K), 0.0089010 secs] 2588533K->2567163K(4188864K) icms_dc=0 , 0.0090200 secs] [Times: user=0.10 sys=0.01, real=0.01 secs] 
Total time for which application threads were stopped: 0.0093740 seconds
2012-01-20T16:58:06.018+0000: 2974.131: [GC 2974.131: [ParNew: 27328K->5440K(27328K), 0.0103020 secs] 2589051K->2568017K(4188864K) icms_dc=0 , 0.0104230 secs] [Times: user=0.10 sys=0.00, real=0.01 secs] 
Total time for which application threads were stopped: 0.0107760 seconds
2012-01-20T16:58:07.723+0000: 2975.836: [GC 2975.836: [ParNew: 27328K->5440K(27328K), 0.0095980 secs] 2589905K->2568709K(4188864K) icms_dc=0 , 0.0097180 secs] [Times: user=0.10 sys=0.00, real=0.01 secs] 
Total time for which application threads were stopped: 0.0101010 seconds
2012-01-20T16:58:09.275+0000: 2977.388: [GC 2977.388: [ParNew: 27328K->5440K(27328K), 0.0085870 secs] 2590597K->2569229K(4188864K) icms_dc=0 , 0.0087020 secs] [Times: user=0.09 sys=0.00, real=0.01 secs] 
Total time for which application threads were stopped: 0.0090660 seconds
2012-01-20T16:58:10.718+0000: 2978.831: [GC 2978.831: [ParNew: 27328K->5440K(27328K), 0.0092010 secs] 2591117K->2569966K(4188864K) icms_dc=0 , 0.0093190 secs] [Times: user=0.09 sys=0.00, real=0.01 secs] 
Total time for which application threads were stopped: 0.0096630 seconds
Total time for which application threads were stopped: 0.0002620 seconds
2012-01-20T16:58:12.329+0000: 2980.443: [GC 2980.443: [ParNew: 27328K->5440K(27328K), 0.0100980 secs] 2591854K->2570441K(4188864K) icms_dc=0 , 0.0102190 secs] [Times: user=0.11 sys=0.00, real=0.01 secs] 
Total time for which application threads were stopped: 0.0104090 seconds
2012-01-20T16:58:13.970+0000: 2982.083: [GC 2982.083: [ParNew: 27328K->5440K(27328K), 0.0089510 secs] 2592329K->2570995K(4188864K) icms_dc=0 , 0.0090700 secs] [Times: user=0.10 sys=0.01, real=0.01 secs] 
Total time for which application threads were stopped: 0.0094260 seconds
2012-01-20T16:58:15.351+0000: 2983.464: [GC 2983.464: [ParNew: 27328K->5440K(27328K), 0.0095380 secs] 2592883K->2571567K(4188864K) icms_dc=0 , 0.0096640 secs] [Times: user=0.10 sys=0.01, real=0.01 secs] 
Total time for which application threads were stopped: 0.0100470 seconds
2012-01-20T16:58:16.753+0000: 2984.866: [GC 2984.866: [ParNew: 27328K->5440K(27328K), 0.0088050 secs] 2593455K->2572086K(4188864K) icms_dc=0 , 0.0089260 secs] [Times: user=0.10 sys=0.00, real=0.01 secs] 
Total time for which application threads were stopped: 0.0093350 seconds
2012-01-20T16:58:18.162+0000: 2986.275: [GC 2986.275: [ParNew: 27328K->5440K(27328K), 0.0090410 secs] 2593974K->2572779K(4188864K) icms_dc=0 , 0.0091700 secs] [Times: user=0.10 sys=0.00, real=0.00 secs] 
Total time for which application threads were stopped: 0.0095490 seconds
2012-01-20T16:58:19.602+0000: 2987.715: [GC 2987.715: [ParNew: 27328K->5440K(27328K), 0.0091970 secs] 2594667K->2573264K(4188864K) icms_dc=0 , 0.0093260 secs] [Times: user=0.11 sys=0.00, real=0.01 secs] 
Total time for which application threads were stopped: 0.0097460 seconds
2012-01-20T16:58:20.974+0000: 2989.088: [GC 2989.088: [ParNew: 27328K->5440K(27328K), 0.0096020 secs] 2595152K->2573972K(4188864K) icms_dc=0 , 0.0097300 secs] [Times: user=0.10 sys=0.00, real=0.01 secs] 
Total time for which application threads were stopped: 0.0101250 seconds
Total time for which application threads were stopped: 0.0003080 seconds
2012-01-20T16:58:22.281+0000: 2990.394: [GC 2990.394: [ParNew: 27328K->5440K(27328K), 0.0088520 secs] 2595860K->2574530K(4188864K) icms_dc=0 , 0.0089820 secs] [Times: user=0.09 sys=0.01, real=0.01 secs] 
Total time for which application threads were stopped: 0.0091990 seconds
2012-01-20T16:58:23.675+0000: 2991.788: [GC 2991.788: [ParNew: 27328K->5440K(27328K), 0.0092480 secs] 2596418K->2575051K(4188864K) icms_dc=0 , 0.0093750 secs] [Times: user=0.10 sys=0.00, real=0.01 secs] 
Total time for which application threads were stopped: 0.0097780 seconds
2012-01-20T16:58:24.944+0000: 2993.057: [GC 2993.057: [ParNew: 27328K->5440K(27328K), 0.0086950 secs] 2596939K->2575549K(4188864K) icms_dc=0 , 0.0088200 secs] [Times: user=0.09 sys=0.01, real=0.01 secs] 
Total time for which application threads were stopped: 0.0092530 seconds
2012-01-20T16:58:26.471+0000: 2994.584: [GC 2994.584: [ParNew: 27328K->5440K(27328K), 0.0086650 secs] 2597437K->2576107K(4188864K) icms_dc=0 , 0.0088000 secs] [Times: user=0.09 sys=0.01, real=0.01 secs] 
Total time for which application threads were stopped: 0.0092150 seconds
2012-01-20T16:58:28.097+0000: 2996.211: [GC 2996.211: [ParNew: 27328K->5440K(27328K), 0.0096010 secs] 2597995K->2576596K(4188864K) icms_dc=0 , 0.0097280 secs] [Times: user=0.11 sys=0.00, real=0.01 secs] 
Total time for which application threads were stopped: 0.0101750 seconds
2012-01-20T16:58:29.563+0000: 2997.676: [GC 2997.676: [ParNew: 27328K->5440K(27328K), 0.0093100 secs] 2598484K->2577269K(4188864K) icms_dc=0 , 0.0094390 secs] [Times: user=0.10 sys=0.01, real=0.01 secs] 
Total time for which application threads were stopped: 0.0098010 seconds
2012-01-20T16:58:31.214+0000: 2999.327: [GC 2999.327: [ParNew: 27328K->5440K(27328K), 0.0091760 secs] 2599157K->2577813K(4188864K) icms_dc=0 , 0.0093020 secs] [Times: user=0.10 sys=0.00, real=0.01 secs] 
Total time for which application threads were stopped: 0.0097250 seconds
Total time for which application threads were stopped: 0.0002780 seconds
2012-01-20T16:58:32.931+0000: 3001.045: [GC 3001.045: [ParNew: 27328K->5440K(27328K), 0.0091100 secs] 2599701K->2578183K(4188864K) icms_dc=0 , 0.0092430 secs] [Times: user=0.11 sys=0.00, real=0.01 secs] 
Total time for which application threads were stopped: 0.0096310 seconds
2012-01-20T16:58:34.426+0000: 3002.539: [GC 3002.539: [ParNew: 27328K->5440K(27328K), 0.0087570 secs] 2600071K->2578697K(4188864K) icms_dc=0 , 0.0088830 secs] [Times: user=0.10 sys=0.00, real=0.01 secs] 
Total time for which application threads were stopped: 0.0092550 seconds
2012-01-20T16:58:35.967+0000: 3004.080: [GC 3004.080: [ParNew: 27328K->5440K(27328K), 0.0088210 secs] 2600585K->2579308K(4188864K) icms_dc=0 , 0.0089500 secs] [Times: user=0.09 sys=0.01, real=0.01 secs] 
Total time for which application threads were stopped: 0.0093160 seconds
2012-01-20T16:58:37.479+0000: 3005.593: [GC 3005.593: [ParNew: 27328K->5440K(27328K), 0.0090190 secs] 2601196K->2579867K(4188864K) icms_dc=0 , 0.0091460 secs] [Times: user=0.09 sys=0.01, real=0.01 secs] 
Total time for which application threads were stopped: 0.0095500 seconds
2012-01-20T16:58:39.154+0000: 3007.267: [GC 3007.267: [ParNew: 27328K->5440K(27328K), 0.0091020 secs] 2601755K->2580454K(4188864K) icms_dc=0 , 0.0092250 secs] [Times: user=0.10 sys=0.00, real=0.00 secs] 
Total time for which application threads were stopped: 0.0095910 seconds
2012-01-20T16:58:40.733+0000: 3008.846: [GC 3008.846: [ParNew: 27328K->5440K(27328K), 0.0090130 secs] 2602342K->2580949K(4188864K) icms_dc=0 , 0.0091410 secs] [Times: user=0.09 sys=0.01, real=0.01 secs] 
Total time for which application threads were stopped: 0.0095590 seconds
2012-01-20T16:58:42.083+0000: 3010.196: [GC 3010.196: [ParNew: 27328K->5440K(27328K), 0.0096600 secs] 2602837K->2581646K(4188864K) icms_dc=0 , 0.0097840 secs] [Times: user=0.10 sys=0.00, real=0.01 secs] 
Total time for which application threads were stopped: 0.0101440 seconds
Total time for which application threads were stopped: 0.0004170 seconds
2012-01-20T16:58:43.560+0000: 3011.673: [GC 3011.673: [ParNew: 27328K->5440K(27328K), 0.0091280 secs] 2603534K->2582343K(4188864K) icms_dc=0 , 0.0092590 secs] [Times: user=0.09 sys=0.00, real=0.01 secs] 
Total time for which application threads were stopped: 0.0096520 seconds
2012-01-20T16:58:45.111+0000: 3013.224: [GC 3013.224: [ParNew: 27328K->5440K(27328K), 0.0086910 secs] 2604231K->2582834K(4188864K) icms_dc=0 , 0.0088180 secs] [Times: user=0.10 sys=0.01, real=0.01 secs] 
Total time for which application threads were stopped: 0.0091890 seconds
2012-01-20T16:58:46.699+0000: 3014.812: [GC 3014.812: [ParNew: 27328K->5440K(27328K), 0.0089280 secs] 2604722K->2583264K(4188864K) icms_dc=0 , 0.0090560 secs] [Times: user=0.10 sys=0.01, real=0.01 secs] 
Total time for which application threads were stopped: 0.0094770 seconds
2012-01-20T16:58:48.082+0000: 3016.195: [GC 3016.195: [ParNew: 27328K->5440K(27328K), 0.0093060 secs] 2605152K->2583909K(4188864K) icms_dc=0 , 0.0094320 secs] [Times: user=0.09 sys=0.00, real=0.01 secs] 
Total time for which application threads were stopped: 0.0098160 seconds
2012-01-20T16:58:49.623+0000: 3017.736: [GC 3017.736: [ParNew: 27328K->5440K(27328K), 0.0091430 secs] 2605797K->2584489K(4188864K) icms_dc=0 , 0.0092680 secs] [Times: user=0.08 sys=0.01, real=0.01 secs] 
Total time for which application threads were stopped: 0.0096710 seconds
2012-01-20T16:58:50.962+0000: 3019.075: [GC 3019.075: [ParNew: 27328K->5426K(27328K), 0.0094000 secs] 2606377K->2584847K(4188864K) icms_dc=0 , 0.0095290 secs] [Times: user=0.10 sys=0.00, real=0.01 secs] 
Total time for which application threads were stopped: 0.0099100 seconds
2012-01-20T16:58:52.351+0000: 3020.464: [GC 3020.464: [ParNew: 27314K->5440K(27328K), 0.0085700 secs] 2606735K->2585205K(4188864K) icms_dc=0 , 0.0087030 secs] [Times: user=0.09 sys=0.00, real=0.01 secs] 
Total time for which application threads were stopped: 0.0091120 seconds
Total time for which application threads were stopped: 0.0001970 seconds
2012-01-20T16:58:53.636+0000: 3021.749: [GC 3021.749: [ParNew: 27328K->5440K(27328K), 0.0094910 secs] 2607093K->2585594K(4188864K) icms_dc=0 , 0.0096310 secs] [Times: user=0.10 sys=0.01, real=0.01 secs] 
Total time for which application threads were stopped: 0.0100380 seconds
2012-01-20T16:58:55.198+0000: 3023.311: [GC 3023.311: [ParNew: 27328K->5132K(27328K), 0.0077920 secs] 2607482K->2585496K(4188864K) icms_dc=0 , 0.0079210 secs] [Times: user=0.09 sys=0.00, real=0.01 secs] 
Total time for which application threads were stopped: 0.0082670 seconds
2012-01-20T16:58:56.666+0000: 3024.779: [GC 3024.779: [ParNew: 27020K->5440K(27328K), 0.0078530 secs] 2607384K->2585998K(4188864K) icms_dc=0 , 0.0079750 secs] [Times: user=0.08 sys=0.00, real=0.00 secs] 
Total time for which application threads were stopped: 0.0083440 seconds
2012-01-20T16:58:58.271+0000: 3026.384: [GC 3026.384: [ParNew: 27328K->5440K(27328K), 0.0086510 secs] 2607886K->2586334K(4188864K) icms_dc=0 , 0.0087790 secs] [Times: user=0.09 sys=0.00, real=0.01 secs] 
Total time for which application threads were stopped: 0.0091650 seconds
2012-01-20T16:58:59.721+0000: 3027.834: [GC 3027.834: [ParNew: 27328K->5298K(27328K), 0.0086170 secs] 2608222K->2586547K(4188864K) icms_dc=0 , 0.0087380 secs] [Times: user=0.10 sys=0.01, real=0.01 secs] 
Total time for which application threads were stopped: 0.0090840 seconds
2012-01-20T16:59:01.344+0000: 3029.458: [GC 3029.458: [ParNew: 27186K->5440K(27328K), 0.0080420 secs] 2608435K->2586900K(4188864K) icms_dc=0 , 0.0081710 secs] [Times: user=0.09 sys=0.00, real=0.01 secs] 
Total time for which application threads were stopped: 0.0086270 seconds
Total time for which application threads were stopped: 0.0002480 seconds
2012-01-20T16:59:02.904+0000: 3031.017: [GC 3031.017: [ParNew: 27328K->5440K(27328K), 0.0088050 secs] 2608788K->2587247K(4188864K) icms_dc=0 , 0.0089360 secs] [Times: user=0.09 sys=0.00, real=0.01 secs] 
Total time for which application threads were stopped: 0.0092640 seconds
2012-01-20T16:59:04.610+0000: 3032.723: [GC 3032.723: [ParNew: 27328K->5440K(27328K), 0.0099590 secs] 2609135K->2587799K(4188864K) icms_dc=0 , 0.0100850 secs] [Times: user=0.10 sys=0.01, real=0.01 secs] 
Total time for which application threads were stopped: 0.0104880 seconds
2012-01-20T16:59:06.226+0000: 3034.339: [GC 3034.339: [ParNew: 27328K->5440K(27328K), 0.0098580 secs] 2609687K->2588376K(4188864K) icms_dc=0 , 0.0099820 secs] [Times: user=0.11 sys=0.00, real=0.01 secs] 
Total time for which application threads were stopped: 0.0103990 seconds
2012-01-20T16:59:07.785+0000: 3035.898: [GC 3035.898: [ParNew: 27328K->5440K(27328K), 0.0079790 secs] 2610264K->2588406K(4188864K) icms_dc=0 , 0.0081050 secs] [Times: user=0.09 sys=0.01, real=0.01 secs] 
Total time for which application threads were stopped: 0.0084620 seconds
2012-01-20T16:59:09.454+0000: 3037.567: [GC 3037.567: [ParNew: 27328K->5440K(27328K), 0.0110500 secs] 2610294K->2589352K(4188864K) icms_dc=0 , 0.0111740 secs] [Times: user=0.11 sys=0.00, real=0.01 secs] 
Total time for which application threads were stopped: 0.0115960 seconds
2012-01-20T16:59:10.750+0000: 3038.863: [GC 3038.863: [ParNew: 27328K->5440K(27328K), 0.0076860 secs] 2611240K->2589352K(4188864K) icms_dc=0 , 0.0078110 secs] [Times: user=0.09 sys=0.00, real=0.01 secs] 
Total time for which application threads were stopped: 0.0082030 seconds
2012-01-20T16:59:12.092+0000: 3040.206: [GC 3040.206: [ParNew: 27328K->5440K(27328K), 0.0088230 secs] 2611240K->2589850K(4188864K) icms_dc=0 , 0.0089460 secs] [Times: user=0.10 sys=0.01, real=0.01 secs] 
Total time for which application threads were stopped: 0.0093480 seconds
Total time for which application threads were stopped: 0.0030170 seconds
Total time for which application threads were stopped: 0.0000730 seconds
2012-01-20T16:59:13.655+0000: 3041.768: [GC 3041.768: [ParNew: 27328K->5440K(27328K), 0.0085790 secs] 2611738K->2590254K(4188864K) icms_dc=0 , 0.0087030 secs] [Times: user=0.09 sys=0.00, real=0.01 secs] 
Total time for which application threads were stopped: 0.0090620 seconds
2012-01-20T16:59:15.086+0000: 3043.199: [GC 3043.199: [ParNew: 27328K->5440K(27328K), 0.0094540 secs] 2612142K->2590828K(4188864K) icms_dc=0 , 0.0095760 secs] [Times: user=0.10 sys=0.01, real=0.01 secs] 
Total time for which application threads were stopped: 0.0099710 seconds
2012-01-20T16:59:16.493+0000: 3044.606: [GC 3044.606: [ParNew: 27328K->5440K(27328K), 0.0080400 secs] 2612716K->2591139K(4188864K) icms_dc=0 , 0.0081630 secs] [Times: user=0.09 sys=0.00, real=0.01 secs] 
Total time for which application threads were stopped: 0.0085140 seconds
2012-01-20T16:59:17.934+0000: 3046.047: [GC 3046.047: [ParNew: 27328K->5440K(27328K), 0.0108430 secs] 2613027K->2591763K(4188864K) icms_dc=0 , 0.0109720 secs] [Times: user=0.11 sys=0.00, real=0.01 secs] 
Total time for which application threads were stopped: 0.0113930 seconds
2012-01-20T16:59:19.267+0000: 3047.380: [GC 3047.380: [ParNew: 27328K->5440K(27328K), 0.0085670 secs] 2613651K->2592115K(4188864K) icms_dc=0 , 0.0086930 secs] [Times: user=0.09 sys=0.00, real=0.01 secs] 
Total time for which application threads were stopped: 0.0090550 seconds
2012-01-20T16:59:20.715+0000: 3048.828: [GC 3048.828: [ParNew: 27328K->5440K(27328K), 0.0083010 secs] 2614003K->2592535K(4188864K) icms_dc=0 , 0.0084270 secs] [Times: user=0.09 sys=0.00, real=0.01 secs] 
Total time for which application threads were stopped: 0.0087870 seconds
2012-01-20T16:59:22.103+0000: 3050.216: [GC 3050.216: [ParNew: 27328K->5440K(27328K), 0.0089820 secs] 2614423K->2593085K(4188864K) icms_dc=0 , 0.0091070 secs] [Times: user=0.10 sys=0.01, real=0.01 secs] 
Total time for which application threads were stopped: 0.0094660 seconds
Total time for which application threads were stopped: 0.0001640 seconds
2012-01-20T16:59:23.688+0000: 3051.801: [GC 3051.801: [ParNew: 27328K->5440K(27328K), 0.0089010 secs] 2614973K->2593581K(4188864K) icms_dc=0 , 0.0090310 secs] [Times: user=0.09 sys=0.00, real=0.00 secs] 
Total time for which application threads were stopped: 0.0093960 seconds
2012-01-20T16:59:25.395+0000: 3053.508: [GC 3053.508: [ParNew: 27328K->5440K(27328K), 0.0093520 secs] 2615469K->2594145K(4188864K) icms_dc=0 , 0.0094810 secs] [Times: user=0.10 sys=0.00, real=0.01 secs] 
Total time for which application threads were stopped: 0.0098440 seconds
2012-01-20T16:59:26.978+0000: 3055.091: [GC 3055.091: [ParNew: 27328K->5440K(27328K), 0.0096310 secs] 2616033K->2594775K(4188864K) icms_dc=0 , 0.0097590 secs] [Times: user=0.11 sys=0.00, real=0.01 secs] 
Total time for which application threads were stopped: 0.0101100 seconds
2012-01-20T16:59:28.560+0000: 3056.674: [GC 3056.674: [ParNew: 27328K->5440K(27328K), 0.0093660 secs] 2616663K->2595284K(4188864K) icms_dc=0 , 0.0094950 secs] [Times: user=0.10 sys=0.00, real=0.01 secs] 
Total time for which application threads were stopped: 0.0098790 seconds
Total time for which application threads were stopped: 0.0005180 seconds
2012-01-20T16:59:30.043+0000: 3058.156: [GC 3058.156: [ParNew: 27328K->5440K(27328K), 0.0089090 secs] 2617172K->2595835K(4188864K) icms_dc=0 , 0.0090420 secs] [Times: user=0.10 sys=0.00, real=0.01 secs] 
Total time for which application threads were stopped: 0.0092570 seconds
2012-01-20T16:59:31.480+0000: 3059.593: [GC 3059.593: [ParNew: 27328K->5440K(27328K), 0.0087870 secs] 2617723K->2596331K(4188864K) icms_dc=0 , 0.0089110 secs] [Times: user=0.09 sys=0.00, real=0.00 secs] 
Total time for which application threads were stopped: 0.0093310 seconds
Total time for which application threads were stopped: 0.0002620 seconds
2012-01-20T16:59:32.987+0000: 3061.100: [GC 3061.100: [ParNew: 27328K->5183K(27328K), 0.0087100 secs] 2618219K->2596503K(4188864K) icms_dc=0 , 0.0088370 secs] [Times: user=0.09 sys=0.00, real=0.01 secs] 
Total time for which application threads were stopped: 0.0091710 seconds
2012-01-20T16:59:34.375+0000: 3062.488: [GC 3062.488: [ParNew: 27071K->5440K(27328K), 0.0081100 secs] 2618391K->2596982K(4188864K) icms_dc=0 , 0.0082310 secs] [Times: user=0.08 sys=0.00, real=0.01 secs] 
Total time for which application threads were stopped: 0.0086440 seconds
2012-01-20T16:59:35.771+0000: 3063.884: [GC 3063.884: [ParNew: 27328K->5051K(27328K), 0.0082500 secs] 2618870K->2596812K(4188864K) icms_dc=0 , 0.0083700 secs] [Times: user=0.09 sys=0.00, real=0.01 secs] 
Total time for which application threads were stopped: 0.0087850 seconds
2012-01-20T16:59:37.122+0000: 3065.235: [GC 3065.235: [ParNew: 26939K->5440K(27328K), 0.0074890 secs] 2618700K->2597262K(4188864K) icms_dc=0 , 0.0076130 secs] [Times: user=0.07 sys=0.00, real=0.00 secs] 
Total time for which application threads were stopped: 0.0080300 seconds
2012-01-20T16:59:38.596+0000: 3066.709: [GC 3066.709: [ParNew: 27328K->5440K(27328K), 0.0073420 secs] 2619150K->2597366K(4188864K) icms_dc=0 , 0.0074660 secs] [Times: user=0.08 sys=0.00, real=0.01 secs] 
Total time for which application threads were stopped: 0.0078250 seconds
2012-01-20T16:59:40.130+0000: 3068.243: [GC 3068.243: [ParNew: 27328K->5235K(27328K), 0.0077450 secs] 2619254K->2597274K(4188864K) icms_dc=0 , 0.0078690 secs] [Times: user=0.09 sys=0.00, real=0.00 secs] 
Total time for which application threads were stopped: 0.0082980 seconds
2012-01-20T16:59:41.594+0000: 3069.708: [GC 3069.708: [ParNew: 27123K->5440K(27328K), 0.0085150 secs] 2619162K->2597740K(4188864K) icms_dc=0 , 0.0086350 secs] [Times: user=0.10 sys=0.00, real=0.01 secs] 
Total time for which application threads were stopped: 0.0089880 seconds
Total time for which application threads were stopped: 0.0002420 seconds
2012-01-20T16:59:43.272+0000: 3071.385: [GC 3071.385: [ParNew: 27328K->5062K(27328K), 0.0076630 secs] 2619628K->2597543K(4188864K) icms_dc=0 , 0.0077890 secs] [Times: user=0.09 sys=0.00, real=0.01 secs] 
Total time for which application threads were stopped: 0.0081920 seconds
2012-01-20T16:59:44.751+0000: 3072.865: [GC 3072.865: [ParNew: 26950K->5440K(27328K), 0.0076940 secs] 2619431K->2598036K(4188864K) icms_dc=0 , 0.0078110 secs] [Times: user=0.08 sys=0.00, real=0.00 secs] 
Total time for which application threads were stopped: 0.0081910 seconds
2012-01-20T16:59:46.276+0000: 3074.389: [GC 3074.389: [ParNew: 27328K->5440K(27328K), 0.0075910 secs] 2619924K->2598227K(4188864K) icms_dc=0 , 0.0077500 secs] [Times: user=0.09 sys=0.00, real=0.01 secs] 
Total time for which application threads were stopped: 0.0081730 seconds
2012-01-20T16:59:47.598+0000: 3075.712: [GC 3075.712: [ParNew: 27328K->5440K(27328K), 0.0081540 secs] 2620115K->2598567K(4188864K) icms_dc=0 , 0.0082760 secs] [Times: user=0.09 sys=0.00, real=0.01 secs] 
Total time for which application threads were stopped: 0.0087420 seconds
2012-01-20T16:59:49.214+0000: 3077.327: [GC 3077.327: [ParNew: 27328K->5393K(27328K), 0.0072760 secs] 2620455K->2598596K(4188864K) icms_dc=0 , 0.0073920 secs] [Times: user=0.09 sys=0.00, real=0.01 secs] 
Total time for which application threads were stopped: 0.0078060 seconds
2012-01-20T16:59:50.665+0000: 3078.778: [GC 3078.778: [ParNew: 27281K->5440K(27328K), 0.0094720 secs] 2620484K->2599094K(4188864K) icms_dc=0 , 0.0096030 secs] [Times: user=0.09 sys=0.00, real=0.01 secs] 
Total time for which application threads were stopped: 0.0100450 seconds
2012-01-20T16:59:52.096+0000: 3080.209: [GC 3080.209: [ParNew: 27328K->5440K(27328K), 0.0080110 secs] 2620982K->2599391K(4188864K) icms_dc=0 , 0.0081310 secs] [Times: user=0.09 sys=0.00, real=0.01 secs] 
Total time for which application threads were stopped: 0.0086530 seconds
Total time for which application threads were stopped: 0.0002070 seconds
2012-01-20T16:59:53.559+0000: 3081.672: [GC 3081.672: [ParNew: 27328K->5440K(27328K), 0.0099230 secs] 2621279K->2599924K(4188864K) icms_dc=0 , 0.0100500 secs] [Times: user=0.09 sys=0.00, real=0.01 secs] 
Total time for which application threads were stopped: 0.0104620 seconds
2012-01-20T16:59:54.817+0000: 3082.930: [GC 3082.930: [ParNew: 27328K->5440K(27328K), 0.0081260 secs] 2621812K->2600283K(4188864K) icms_dc=0 , 0.0082460 secs] [Times: user=0.09 sys=0.00, real=0.01 secs] 
Total time for which application threads were stopped: 0.0086230 seconds
2012-01-20T16:59:56.170+0000: 3084.284: [GC 3084.284: [ParNew: 27328K->5440K(27328K), 0.0087530 secs] 2622171K->2600749K(4188864K) icms_dc=0 , 0.0088800 secs] [Times: user=0.09 sys=0.01, real=0.01 secs] 
Total time for which application threads were stopped: 0.0092650 seconds
2012-01-20T16:59:57.521+0000: 3085.634: [GC 3085.634: [ParNew: 27328K->5393K(27328K), 0.0081170 secs] 2622637K->2600837K(4188864K) icms_dc=0 , 0.0082410 secs] [Times: user=0.09 sys=0.00, real=0.01 secs] 
Total time for which application threads were stopped: 0.0085920 seconds
2012-01-20T16:59:59.009+0000: 3087.123: [GC 3087.123: [ParNew: 27281K->5440K(27328K), 0.0097050 secs] 2622725K->2601300K(4188864K) icms_dc=0 , 0.0098300 secs] [Times: user=0.12 sys=0.00, real=0.01 secs] 
Total time for which application threads were stopped: 0.0102120 seconds
2012-01-20T17:00:00.634+0000: 3088.747: [GC 3088.747: [ParNew: 27328K->5423K(27328K), 0.0078800 secs] 2623188K->2601448K(4188864K) icms_dc=0 , 0.0080080 secs] [Times: user=0.09 sys=0.00, real=0.00 secs] 
Total time for which application threads were stopped: 0.0083810 seconds
2012-01-20T17:00:02.108+0000: 3090.221: [GC 3090.222: [ParNew: 27311K->5440K(27328K), 0.0082490 secs] 2623336K->2601883K(4188864K) icms_dc=0 , 0.0083770 secs] [Times: user=0.09 sys=0.00, real=0.01 secs] 
Total time for which application threads were stopped: 0.0087610 seconds
Total time for which application threads were stopped: 0.0001470 seconds
2012-01-20T17:00:03.523+0000: 3091.636: [GC 3091.636: [ParNew: 27328K->5112K(27328K), 0.0079700 secs] 2623771K->2601747K(4188864K) icms_dc=0 , 0.0080940 secs] [Times: user=0.09 sys=0.00, real=0.01 secs] 
Total time for which application threads were stopped: 0.0084510 seconds
2012-01-20T17:00:05.195+0000: 3093.308: [GC 3093.308: [ParNew: 27000K->5440K(27328K), 0.0077770 secs] 2623635K->2602321K(4188864K) icms_dc=0 , 0.0079000 secs] [Times: user=0.09 sys=0.00, real=0.00 secs] 
Total time for which application threads were stopped: 0.0082690 seconds
2012-01-20T17:00:06.513+0000: 3094.626: [GC 3094.626: [ParNew: 27328K->5220K(27328K), 0.0074540 secs] 2624209K->2602198K(4188864K) icms_dc=0 , 0.0075710 secs] [Times: user=0.08 sys=0.00, real=0.01 secs] 
Total time for which application threads were stopped: 0.0079590 seconds
2012-01-20T17:00:08.024+0000: 3096.137: [GC 3096.137: [ParNew: 27108K->5440K(27328K), 0.0078810 secs] 2624086K->2602676K(4188864K) icms_dc=0 , 0.0080030 secs] [Times: user=0.09 sys=0.01, real=0.00 secs] 
Total time for which application threads were stopped: 0.0083500 seconds
2012-01-20T17:00:09.498+0000: 3097.611: [GC 3097.611: [ParNew: 27328K->4921K(27328K), 0.0075100 secs] 2624564K->2602236K(4188864K) icms_dc=0 , 0.0076230 secs] [Times: user=0.08 sys=0.00, real=0.01 secs] 
Total time for which application threads were stopped: 0.0079860 seconds
2012-01-20T17:00:11.161+0000: 3099.274: [GC 3099.274: [ParNew: 26809K->5440K(27328K), 0.0077560 secs] 2624124K->2603027K(4188864K) icms_dc=0 , 0.0078750 secs] [Times: user=0.09 sys=0.00, real=0.01 secs] 
Total time for which application threads were stopped: 0.0082930 seconds
Total time for which application threads were stopped: 0.0002520 seconds
2012-01-20T17:00:12.892+0000: 3101.006: [GC 3101.006: [ParNew: 27328K->4852K(27328K), 0.0078730 secs] 2624915K->2602590K(4188864K) icms_dc=0 , 0.0080020 secs] [Times: user=0.09 sys=0.00, real=0.01 secs] 
Total time for which application threads were stopped: 0.0083160 seconds
2012-01-20T17:00:14.449+0000: 3102.562: [GC 3102.562: [ParNew: 26740K->5440K(27328K), 0.0078130 secs] 2624478K->2603343K(4188864K) icms_dc=0 , 0.0079310 secs] [Times: user=0.09 sys=0.00, real=0.01 secs] 
Total time for which application threads were stopped: 0.0082640 seconds
2012-01-20T17:00:15.960+0000: 3104.073: [GC 3104.073: [ParNew: 27328K->5440K(27328K), 0.0074800 secs] 2625231K->2603409K(4188864K) icms_dc=0 , 0.0076010 secs] [Times: user=0.08 sys=0.00, real=0.01 secs] 
Total time for which application threads were stopped: 0.0079520 seconds
2012-01-20T17:00:17.257+0000: 3105.370: [GC 3105.371: [ParNew: 27328K->5440K(27328K), 0.0083240 secs] 2625297K->2603648K(4188864K) icms_dc=0 , 0.0084410 secs] [Times: user=0.09 sys=0.01, real=0.01 secs] 
Total time for which application threads were stopped: 0.0088190 seconds
2012-01-20T17:00:18.636+0000: 3106.749: [GC 3106.749: [ParNew: 27328K->5440K(27328K), 0.0085490 secs] 2625536K->2603926K(4188864K) icms_dc=0 , 0.0086670 secs] [Times: user=0.09 sys=0.01, real=0.01 secs] 
Total time for which application threads were stopped: 0.0090840 seconds
2012-01-20T17:00:20.145+0000: 3108.258: [GC 3108.258: [ParNew: 27328K->5440K(27328K), 0.0095980 secs] 2625814K->2604464K(4188864K) icms_dc=0 , 0.0097230 secs] [Times: user=0.10 sys=0.00, real=0.01 secs] 
Total time for which application threads were stopped: 0.0101170 seconds
2012-01-20T17:00:21.608+0000: 3109.721: [GC 3109.721: [ParNew: 27328K->5440K(27328K), 0.0114900 secs] 2626352K->2605216K(4188864K) icms_dc=0 , 0.0116110 secs] [Times: user=0.13 sys=0.00, real=0.01 secs] 
Total time for which application threads were stopped: 0.0119770 seconds
Total time for which application threads were stopped: 0.0002470 seconds
2012-01-20T17:00:23.009+0000: 3111.122: [GC 3111.122: [ParNew: 27328K->5440K(27328K), 0.0088770 secs] 2627104K->2605857K(4188864K) icms_dc=0 , 0.0090070 secs] [Times: user=0.10 sys=0.01, real=0.01 secs] 
Total time for which application threads were stopped: 0.0092660 seconds
2012-01-20T17:00:24.511+0000: 3112.625: [GC 3112.625: [ParNew: 27328K->5440K(27328K), 0.0086630 secs] 2627745K->2605858K(4188864K) icms_dc=0 , 0.0087840 secs] [Times: user=0.10 sys=0.00, real=0.01 secs] 
Total time for which application threads were stopped: 0.0091790 seconds
2012-01-20T17:00:26.290+0000: 3114.403: [GC 3114.403: [ParNew: 27328K->5440K(27328K), 0.0110750 secs] 2627746K->2606748K(4188864K) icms_dc=0 , 0.0112020 secs] [Times: user=0.10 sys=0.00, real=0.01 secs] 
Total time for which application threads were stopped: 0.0116300 seconds
2012-01-20T17:00:27.830+0000: 3115.943: [GC 3115.943: [ParNew: 27328K->5304K(27328K), 0.0071240 secs] 2628636K->2606613K(4188864K) icms_dc=0 , 0.0072520 secs] [Times: user=0.08 sys=0.00, real=0.01 secs] 
Total time for which application threads were stopped: 0.0076950 seconds
2012-01-20T17:00:29.412+0000: 3117.526: [GC 3117.526: [ParNew: 27192K->5440K(27328K), 0.0076980 secs] 2628501K->2606919K(4188864K) icms_dc=0 , 0.0078290 secs] [Times: user=0.09 sys=0.00, real=0.01 secs] 
Total time for which application threads were stopped: 0.0081950 seconds
2012-01-20T17:00:30.940+0000: 3119.053: [GC 3119.054: [ParNew: 27328K->5123K(27328K), 0.0077980 secs] 2628807K->2606804K(4188864K) icms_dc=0 , 0.0079390 secs] [Times: user=0.08 sys=0.01, real=0.01 secs] 
Total time for which application threads were stopped: 0.0083650 seconds
2012-01-20T17:00:32.372+0000: 3120.485: [GC 3120.485: [ParNew: 27011K->5440K(27328K), 0.0078050 secs] 2628692K->2607309K(4188864K) icms_dc=0 , 0.0079320 secs] [Times: user=0.09 sys=0.00, real=0.01 secs] 
Total time for which application threads were stopped: 0.0083210 seconds
Total time for which application threads were stopped: 0.0001520 seconds
2012-01-20T17:00:33.874+0000: 3121.987: [GC 3121.987: [ParNew: 27328K->5440K(27328K), 0.0079720 secs] 2629197K->2607552K(4188864K) icms_dc=0 , 0.0080970 secs] [Times: user=0.08 sys=0.01, real=0.01 secs] 
Total time for which application threads were stopped: 0.0085280 seconds
2012-01-20T17:00:35.292+0000: 3123.405: [GC 3123.405: [ParNew: 27328K->5440K(27328K), 0.0084110 secs] 2629440K->2607794K(4188864K) icms_dc=0 , 0.0085340 secs] [Times: user=0.10 sys=0.00, real=0.01 secs] 
Total time for which application threads were stopped: 0.0090320 seconds
2012-01-20T17:00:36.746+0000: 3124.859: [GC 3124.859: [ParNew: 27328K->5440K(27328K), 0.0105280 secs] 2629682K->2608160K(4188864K) icms_dc=0 , 0.0106570 secs] [Times: user=0.13 sys=0.01, real=0.01 secs] 
Total time for which application threads were stopped: 0.0110910 seconds
2012-01-20T17:00:38.040+0000: 3126.153: [GC 3126.153: [ParNew: 27328K->5440K(27328K), 0.0087480 secs] 2630048K->2608522K(4188864K) icms_dc=0 , 0.0088730 secs] [Times: user=0.09 sys=0.00, real=0.01 secs] 
Total time for which application threads were stopped: 0.0092540 seconds
2012-01-20T17:00:39.487+0000: 3127.601: [GC 3127.601: [ParNew: 27328K->5440K(27328K), 0.0098050 secs] 2630410K->2608907K(4188864K) icms_dc=0 , 0.0099360 secs] [Times: user=0.11 sys=0.00, real=0.01 secs] 
Total time for which application threads were stopped: 0.0103230 seconds
2012-01-20T17:00:40.976+0000: 3129.089: [GC 3129.089: [ParNew: 27328K->5440K(27328K), 0.0081660 secs] 2630795K->2609210K(4188864K) icms_dc=0 , 0.0082940 secs] [Times: user=0.09 sys=0.01, real=0.01 secs] 
Total time for which application threads were stopped: 0.0086690 seconds
2012-01-20T17:00:42.348+0000: 3130.461: [GC 3130.461: [ParNew: 27328K->5440K(27328K), 0.0091300 secs] 2631098K->2609697K(4188864K) icms_dc=0 , 0.0092560 secs] [Times: user=0.10 sys=0.00, real=0.01 secs] 
Total time for which application threads were stopped: 0.0096850 seconds
Total time for which application threads were stopped: 0.0001830 seconds
2012-01-20T17:00:43.919+0000: 3132.032: [GC 3132.032: [ParNew: 27328K->5440K(27328K), 0.0098490 secs] 2631585K->2610280K(4188864K) icms_dc=0 , 0.0099810 secs] [Times: user=0.10 sys=0.00, real=0.01 secs] 
Total time for which application threads were stopped: 0.0103730 seconds
2012-01-20T17:00:45.347+0000: 3133.460: [GC 3133.460: [ParNew: 27328K->5440K(27328K), 0.0100160 secs] 2632168K->2610887K(4188864K) icms_dc=0 , 0.0101460 secs] [Times: user=0.10 sys=0.00, real=0.01 secs] 
Total time for which application threads were stopped: 0.0105620 seconds
2012-01-20T17:00:46.971+0000: 3135.084: [GC 3135.084: [ParNew: 27328K->5440K(27328K), 0.0104720 secs] 2632775K->2611845K(4188864K) icms_dc=0 , 0.0106010 secs] [Times: user=0.10 sys=0.01, real=0.01 secs] 
Total time for which application threads were stopped: 0.0109830 seconds
2012-01-20T17:00:48.490+0000: 3136.603: [GC 3136.603: [ParNew: 27328K->5440K(27328K), 0.0091580 secs] 2633733K->2612507K(4188864K) icms_dc=0 , 0.0092860 secs] [Times: user=0.09 sys=0.01, real=0.01 secs] 
Total time for which application threads were stopped: 0.0096750 seconds
2012-01-20T17:00:50.053+0000: 3138.166: [GC 3138.166: [ParNew: 27328K->5440K(27328K), 0.0106430 secs] 2634395K->2613139K(4188864K) icms_dc=0 , 0.0107760 secs] [Times: user=0.11 sys=0.00, real=0.01 secs] 
Total time for which application threads were stopped: 0.0111680 seconds
2012-01-20T17:00:51.552+0000: 3139.665: [GC 3139.665: [ParNew: 27328K->5440K(27328K), 0.0098320 secs] 2635027K->2613832K(4188864K) icms_dc=0 , 0.0099750 secs] [Times: user=0.10 sys=0.00, real=0.01 secs] 
Total time for which application threads were stopped: 0.0103500 seconds
Total time for which application threads were stopped: 0.0002920 seconds
2012-01-20T17:00:52.958+0000: 3141.071: [GC 3141.071: [ParNew: 27328K->5440K(27328K), 0.0105960 secs] 2635720K->2614748K(4188864K) icms_dc=0 , 0.0107210 secs] [Times: user=0.10 sys=0.00, real=0.02 secs] 
Total time for which application threads were stopped: 0.0110310 seconds
2012-01-20T17:00:54.381+0000: 3142.494: [GC 3142.494: [ParNew: 27328K->5440K(27328K), 0.0073750 secs] 2636636K->2614766K(4188864K) icms_dc=0 , 0.0074960 secs] [Times: user=0.09 sys=0.00, real=0.01 secs] 
Total time for which application threads were stopped: 0.0079020 seconds
2012-01-20T17:00:55.822+0000: 3143.935: [GC 3143.935: [ParNew: 27328K->5440K(27328K), 0.0092110 secs] 2636654K->2615481K(4188864K) icms_dc=0 , 0.0093400 secs] [Times: user=0.10 sys=0.01, real=0.01 secs] 
Total time for which application threads were stopped: 0.0097910 seconds
2012-01-20T17:00:57.460+0000: 3145.573: [GC 3145.573: [ParNew: 27328K->5440K(27328K), 0.0085400 secs] 2637369K->2615976K(4188864K) icms_dc=0 , 0.0086690 secs] [Times: user=0.09 sys=0.00, real=0.00 secs] 
Total time for which application threads were stopped: 0.0091600 seconds
2012-01-20T17:00:58.952+0000: 3147.065: [GC 3147.065: [ParNew: 27328K->5259K(27328K), 0.0087520 secs] 2637864K->2616120K(4188864K) icms_dc=0 , 0.0088770 secs] [Times: user=0.11 sys=0.00, real=0.01 secs] 
Total time for which application threads were stopped: 0.0092570 seconds
2012-01-20T17:01:00.367+0000: 3148.480: [GC 3148.480: [ParNew: 27147K->5440K(27328K), 0.0079080 secs] 2638008K->2616564K(4188864K) icms_dc=0 , 0.0080560 secs] [Times: user=0.09 sys=0.00, real=0.01 secs] 
Total time for which application threads were stopped: 0.0084290 seconds
2012-01-20T17:01:01.822+0000: 3149.935: [GC 3149.935: [ParNew: 27328K->5440K(27328K), 0.0102620 secs] 2638452K->2617072K(4188864K) icms_dc=0 , 0.0103950 secs] [Times: user=0.11 sys=0.01, real=0.01 secs] 
Total time for which application threads were stopped: 0.0108020 seconds
Total time for which application threads were stopped: 0.0003110 seconds
2012-01-20T17:01:03.277+0000: 3151.391: [GC 3151.391: [ParNew: 27328K->5440K(27328K), 0.0092850 secs] 2638960K->2617594K(4188864K) icms_dc=0 , 0.0094160 secs] [Times: user=0.10 sys=0.00, real=0.01 secs] 
Total time for which application threads were stopped: 0.0097950 seconds
2012-01-20T17:01:04.620+0000: 3152.733: [GC 3152.733: [ParNew: 26940K->5440K(27328K), 0.0097980 secs] 2639094K->2618109K(4188864K) icms_dc=0 , 0.0099260 secs] [Times: user=0.11 sys=0.01, real=0.01 secs] 
Total time for which application threads were stopped: 0.0103040 seconds
2012-01-20T17:01:06.207+0000: 3154.320: [GC 3154.320: [ParNew: 27328K->5440K(27328K), 0.0096750 secs] 2639997K->2618761K(4188864K) icms_dc=0 , 0.0098080 secs] [Times: user=0.11 sys=0.00, real=0.01 secs] 
Total time for which application threads were stopped: 0.0102080 seconds
2012-01-20T17:01:07.740+0000: 3155.853: [GC 3155.853: [ParNew: 27328K->5440K(27328K), 0.0091800 secs] 2640649K->2619360K(4188864K) icms_dc=0 , 0.0093030 secs] [Times: user=0.09 sys=0.00, real=0.00 secs] 
Total time for which application threads were stopped: 0.0097280 seconds
2012-01-20T17:01:09.322+0000: 3157.435: [GC 3157.435: [ParNew: 27328K->5440K(27328K), 0.0086850 secs] 2641248K->2619813K(4188864K) icms_dc=0 , 0.0088370 secs] [Times: user=0.09 sys=0.00, real=0.01 secs] 
Total time for which application threads were stopped: 0.0092340 seconds
2012-01-20T17:01:10.637+0000: 3158.750: [GC 3158.750: [ParNew: 27328K->5440K(27328K), 0.0089180 secs] 2641701K->2620324K(4188864K) icms_dc=0 , 0.0090500 secs] [Times: user=0.09 sys=0.01, real=0.01 secs] 
Total time for which application threads were stopped: 0.0095020 seconds
2012-01-20T17:01:11.998+0000: 3160.111: [GC 3160.111: [ParNew: 27328K->5440K(27328K), 0.0092180 secs] 2642212K->2620902K(4188864K) icms_dc=0 , 0.0093500 secs] [Times: user=0.09 sys=0.01, real=0.01 secs] 
Total time for which application threads were stopped: 0.0097950 seconds
Total time for which application threads were stopped: 0.0002690 seconds
2012-01-20T17:01:13.549+0000: 3161.662: [GC 3161.662: [ParNew: 27328K->5440K(27328K), 0.0100300 secs] 2642790K->2621409K(4188864K) icms_dc=0 , 0.0101790 secs] [Times: user=0.10 sys=0.01, real=0.01 secs] 
Total time for which application threads were stopped: 0.0106360 seconds
2012-01-20T17:01:15.127+0000: 3163.240: [GC 3163.240: [ParNew: 27328K->5440K(27328K), 0.0092870 secs] 2643297K->2621990K(4188864K) icms_dc=0 , 0.0094160 secs] [Times: user=0.10 sys=0.01, real=0.01 secs] 
Total time for which application threads were stopped: 0.0098220 seconds
2012-01-20T17:01:16.540+0000: 3164.653: [GC 3164.653: [ParNew: 27328K->5440K(27328K), 0.0088210 secs] 2643878K->2622648K(4188864K) icms_dc=0 , 0.0090380 secs] [Times: user=0.10 sys=0.01, real=0.01 secs] 
Total time for which application threads were stopped: 0.0094640 seconds
2012-01-20T17:01:17.948+0000: 3166.061: [GC 3166.061: [ParNew: 27328K->5440K(27328K), 0.0086380 secs] 2644536K->2622838K(4188864K) icms_dc=0 , 0.0087680 secs] [Times: user=0.10 sys=0.00, real=0.01 secs] 
Total time for which application threads were stopped: 0.0091930 seconds
2012-01-20T17:01:19.230+0000: 3167.343: [GC 3167.343: [ParNew: 27328K->5440K(27328K), 0.0083280 secs] 2644726K->2623212K(4188864K) icms_dc=0 , 0.0084580 secs] [Times: user=0.09 sys=0.01, real=0.01 secs] 
Total time for which application threads were stopped: 0.0088660 seconds
2012-01-20T17:01:20.508+0000: 3168.622: [GC 3168.622: [ParNew: 27328K->5440K(27328K), 0.0099740 secs] 2645100K->2623686K(4188864K) icms_dc=0 , 0.0101020 secs] [Times: user=0.10 sys=0.01, real=0.01 secs] 
Total time for which application threads were stopped: 0.0105030 seconds
2012-01-20T17:01:21.851+0000: 3169.965: [GC 3169.965: [ParNew: 27328K->4926K(27328K), 0.0084020 secs] 2645574K->2623389K(4188864K) icms_dc=0 , 0.0085300 secs] [Times: user=0.10 sys=0.01, real=0.00 secs] 
Total time for which application threads were stopped: 0.0089760 seconds
Total time for which application threads were stopped: 0.0003930 seconds
2012-01-20T17:01:23.249+0000: 3171.362: [GC 3171.362: [ParNew: 26814K->5440K(27328K), 0.0076630 secs] 2645277K->2624029K(4188864K) icms_dc=0 , 0.0078100 secs] [Times: user=0.09 sys=0.00, real=0.01 secs] 
Total time for which application threads were stopped: 0.0081260 seconds
2012-01-20T17:01:24.927+0000: 3173.040: [GC 3173.040: [ParNew: 27328K->5440K(27328K), 0.0080490 secs] 2645917K->2624353K(4188864K) icms_dc=0 , 0.0081720 secs] [Times: user=0.10 sys=0.00, real=0.01 secs] 
Total time for which application threads were stopped: 0.0085780 seconds
2012-01-20T17:01:26.391+0000: 3174.504: [GC 3174.504: [ParNew: 27328K->5440K(27328K), 0.0088480 secs] 2646241K->2624683K(4188864K) icms_dc=0 , 0.0089640 secs] [Times: user=0.10 sys=0.00, real=0.01 secs] 
Total time for which application threads were stopped: 0.0093380 seconds
2012-01-20T17:01:27.968+0000: 3176.082: [GC 3176.082: [ParNew: 27328K->5440K(27328K), 0.0081450 secs] 2646571K->2624962K(4188864K) icms_dc=0 , 0.0082640 secs] [Times: user=0.09 sys=0.01, real=0.01 secs] 
Total time for which application threads were stopped: 0.0086360 seconds
2012-01-20T17:01:29.598+0000: 3177.712: [GC 3177.712: [ParNew: 27328K->5440K(27328K), 0.0074530 secs] 2646850K->2625114K(4188864K) icms_dc=0 , 0.0075730 secs] [Times: user=0.09 sys=0.00, real=0.01 secs] 
Total time for which application threads were stopped: 0.0079490 seconds
2012-01-20T17:01:31.015+0000: 3179.128: [GC 3179.128: [ParNew: 27328K->5440K(27328K), 0.0125020 secs] 2647002K->2625564K(4188864K) icms_dc=0 , 0.0126270 secs] [Times: user=0.13 sys=0.00, real=0.01 secs] 
Total time for which application threads were stopped: 0.0130140 seconds
2012-01-20T17:01:32.478+0000: 3180.592: [GC 3180.592: [ParNew: 27328K->5283K(27328K), 0.0076590 secs] 2647452K->2625408K(4188864K) icms_dc=0 , 0.0077790 secs] [Times: user=0.09 sys=0.00, real=0.01 secs] 
Total time for which application threads were stopped: 0.0081870 seconds
Total time for which application threads were stopped: 0.0001500 seconds
2012-01-20T17:01:33.965+0000: 3182.079: [GC 3182.079: [ParNew: 27171K->5440K(27328K), 0.0095790 secs] 2647296K->2626099K(4188864K) icms_dc=0 , 0.0097020 secs] [Times: user=0.10 sys=0.01, real=0.01 secs] 
Total time for which application threads were stopped: 0.0100850 seconds
2012-01-20T17:01:35.519+0000: 3183.632: [GC 3183.632: [ParNew: 27328K->5173K(27328K), 0.0078030 secs] 2647987K->2625929K(4188864K) icms_dc=0 , 0.0079180 secs] [Times: user=0.09 sys=0.00, real=0.01 secs] 
Total time for which application threads were stopped: 0.0083040 seconds
2012-01-20T17:01:37.106+0000: 3185.220: [GC 3185.220: [ParNew: 27061K->5440K(27328K), 0.0085270 secs] 2647817K->2626463K(4188864K) icms_dc=0 , 0.0086470 secs] [Times: user=0.09 sys=0.01, real=0.01 secs] 
Total time for which application threads were stopped: 0.0090860 seconds
2012-01-20T17:01:38.899+0000: 3187.012: [GC 3187.012: [ParNew: 27328K->5440K(27328K), 0.0077160 secs] 2648351K->2626721K(4188864K) icms_dc=0 , 0.0078390 secs] [Times: user=0.09 sys=0.00, real=0.01 secs] 
Total time for which application threads were stopped: 0.0082250 seconds
2012-01-20T17:01:40.365+0000: 3188.478: [GC 3188.478: [ParNew: 27328K->5440K(27328K), 0.0086740 secs] 2648609K->2627057K(4188864K) icms_dc=0 , 0.0087970 secs] [Times: user=0.09 sys=0.01, real=0.00 secs] 
Total time for which application threads were stopped: 0.0091450 seconds
2012-01-20T17:01:41.695+0000: 3189.808: [GC 3189.808: [ParNew: 27328K->5439K(27328K), 0.0086070 secs] 2648945K->2627402K(4188864K) icms_dc=0 , 0.0087310 secs] [Times: user=0.10 sys=0.00, real=0.01 secs] 
Total time for which application threads were stopped: 0.0091440 seconds
Total time for which application threads were stopped: 0.0002780 seconds
2012-01-20T17:01:43.206+0000: 3191.319: [GC 3191.319: [ParNew: 27327K->5440K(27328K), 0.0102070 secs] 2649290K->2628082K(4188864K) icms_dc=0 , 0.0103320 secs] [Times: user=0.11 sys=0.01, real=0.01 secs] 
Total time for which application threads were stopped: 0.0106230 seconds
2012-01-20T17:01:45.095+0000: 3193.208: [GC 3193.208: [ParNew: 27328K->5440K(27328K), 0.0087800 secs] 2649970K->2628538K(4188864K) icms_dc=0 , 0.0089040 secs] [Times: user=0.10 sys=0.00, real=0.00 secs] 
Total time for which application threads were stopped: 0.0092740 seconds
2012-01-20T17:01:46.776+0000: 3194.889: [GC 3194.889: [ParNew: 27328K->5440K(27328K), 0.0092560 secs] 2650426K->2629205K(4188864K) icms_dc=0 , 0.0093800 secs] [Times: user=0.10 sys=0.01, real=0.01 secs] 
Total time for which application threads were stopped: 0.0097630 seconds
2012-01-20T17:01:48.208+0000: 3196.321: [GC 3196.321: [ParNew: 27328K->5440K(27328K), 0.0086020 secs] 2651093K->2629641K(4188864K) icms_dc=0 , 0.0087220 secs] [Times: user=0.10 sys=0.00, real=0.01 secs] 
Total time for which application threads were stopped: 0.0090820 seconds
2012-01-20T17:01:49.580+0000: 3197.693: [GC 3197.693: [ParNew: 27328K->5440K(27328K), 0.0089810 secs] 2651529K->2630328K(4188864K) icms_dc=0 , 0.0091020 secs] [Times: user=0.09 sys=0.00, real=0.01 secs] 
Total time for which application threads were stopped: 0.0095150 seconds
2012-01-20T17:01:51.170+0000: 3199.284: [GC 3199.284: [ParNew: 27328K->5440K(27328K), 0.0094890 secs] 2652216K->2630900K(4188864K) icms_dc=0 , 0.0096220 secs] [Times: user=0.10 sys=0.01, real=0.01 secs] 
Total time for which application threads were stopped: 0.0099810 seconds
2012-01-20T17:01:52.510+0000: 3200.623: [GC 3200.624: [ParNew: 27328K->5440K(27328K), 0.0085830 secs] 2652788K->2631120K(4188864K) icms_dc=0 , 0.0087050 secs] [Times: user=0.09 sys=0.01, real=0.01 secs] 
Total time for which application threads were stopped: 0.0090600 seconds
Total time for which application threads were stopped: 0.0001340 seconds
2012-01-20T17:01:53.819+0000: 3201.932: [GC 3201.932: [ParNew: 27328K->5440K(27328K), 0.0086690 secs] 2653008K->2631472K(4188864K) icms_dc=0 , 0.0087950 secs] [Times: user=0.10 sys=0.00, real=0.01 secs] 
Total time for which application threads were stopped: 0.0091950 seconds
2012-01-20T17:01:55.017+0000: 3203.130: [GC 3203.130: [ParNew: 27328K->5440K(27328K), 0.0085530 secs] 2653360K->2631850K(4188864K) icms_dc=0 , 0.0086770 secs] [Times: user=0.09 sys=0.00, real=0.01 secs] 
Total time for which application threads were stopped: 0.0090980 seconds
2012-01-20T17:01:56.423+0000: 3204.536: [GC 3204.536: [ParNew: 27328K->5440K(27328K), 0.0082720 secs] 2653738K->2632209K(4188864K) icms_dc=0 , 0.0083940 secs] [Times: user=0.09 sys=0.00, real=0.01 secs] 
Total time for which application threads were stopped: 0.0087610 seconds
2012-01-20T17:01:57.922+0000: 3206.035: [GC 3206.035: [ParNew: 27328K->5440K(27328K), 0.0084920 secs] 2654097K->2632572K(4188864K) icms_dc=0 , 0.0086130 secs] [Times: user=0.09 sys=0.00, real=0.01 secs] 
Total time for which application threads were stopped: 0.0090310 seconds
2012-01-20T17:01:59.538+0000: 3207.651: [GC 3207.651: [ParNew: 27328K->5440K(27328K), 0.0095500 secs] 2654460K->2633133K(4188864K) icms_dc=0 , 0.0096740 secs] [Times: user=0.10 sys=0.00, real=0.01 secs] 
Total time for which application threads were stopped: 0.0100730 seconds
2012-01-20T17:02:01.049+0000: 3209.162: [GC 3209.162: [ParNew: 27328K->5440K(27328K), 0.0097840 secs] 2655021K->2633793K(4188864K) icms_dc=0 , 0.0099090 secs] [Times: user=0.10 sys=0.01, real=0.01 secs] 
Total time for which application threads were stopped: 0.0103210 seconds
2012-01-20T17:02:02.603+0000: 3210.716: [GC 3210.716: [ParNew: 27328K->5440K(27328K), 0.0092250 secs] 2655681K->2634366K(4188864K) icms_dc=0 , 0.0093460 secs] [Times: user=0.09 sys=0.00, real=0.01 secs] 
Total time for which application threads were stopped: 0.0097120 seconds
Total time for which application threads were stopped: 0.0002360 seconds
2012-01-20T17:02:04.055+0000: 3212.168: [GC 3212.168: [ParNew: 27328K->5440K(27328K), 0.0102800 secs] 2656254K->2634904K(4188864K) icms_dc=0 , 0.0104050 secs] [Times: user=0.11 sys=0.00, real=0.01 secs] 
Total time for which application threads were stopped: 0.0107630 seconds
2012-01-20T17:02:05.550+0000: 3213.663: [GC 3213.663: [ParNew: 27328K->5440K(27328K), 0.0088780 secs] 2656792K->2635435K(4188864K) icms_dc=0 , 0.0090020 secs] [Times: user=0.10 sys=0.00, real=0.01 secs] 
Total time for which application threads were stopped: 0.0093710 seconds
2012-01-20T17:02:07.165+0000: 3215.278: [GC 3215.278: [ParNew: 27328K->5440K(27328K), 0.0097360 secs] 2657323K->2636151K(4188864K) icms_dc=0 , 0.0098640 secs] [Times: user=0.10 sys=0.00, real=0.01 secs] 
Total time for which application threads were stopped: 0.0102320 seconds
2012-01-20T17:02:08.607+0000: 3216.720: [GC 3216.720: [ParNew: 27328K->5440K(27328K), 0.0087820 secs] 2658039K->2636468K(4188864K) icms_dc=0 , 0.0089030 secs] [Times: user=0.10 sys=0.00, real=0.01 secs] 
Total time for which application threads were stopped: 0.0093020 seconds
2012-01-20T17:02:09.984+0000: 3218.097: [GC 3218.097: [ParNew: 27328K->5440K(27328K), 0.0086990 secs] 2658356K->2636777K(4188864K) icms_dc=0 , 0.0088220 secs] [Times: user=0.09 sys=0.00, real=0.01 secs] 
Total time for which application threads were stopped: 0.0091750 seconds
2012-01-20T17:02:11.443+0000: 3219.556: [GC 3219.556: [ParNew: 27328K->5440K(27328K), 0.0085300 secs] 2658665K->2637150K(4188864K) icms_dc=0 , 0.0086620 secs] [Times: user=0.09 sys=0.01, real=0.01 secs] 
Total time for which application threads were stopped: 0.0090560 seconds
Total time for which application threads were stopped: 0.0002790 seconds
2012-01-20T17:02:12.898+0000: 3221.011: [GC 3221.011: [ParNew: 27328K->5267K(27328K), 0.0086300 secs] 2659038K->2637264K(4188864K) icms_dc=0 , 0.0087540 secs] [Times: user=0.10 sys=0.01, real=0.00 secs] 
Total time for which application threads were stopped: 0.0090180 seconds
2012-01-20T17:02:14.417+0000: 3222.531: [GC 3222.531: [ParNew: 27155K->5440K(27328K), 0.0089290 secs] 2659152K->2637716K(4188864K) icms_dc=0 , 0.0090530 secs] [Times: user=0.09 sys=0.00, real=0.00 secs] 
Total time for which application threads were stopped: 0.0094360 seconds
2012-01-20T17:02:15.758+0000: 3223.871: [GC 3223.871: [ParNew: 27328K->5242K(27328K), 0.0074710 secs] 2659604K->2637575K(4188864K) icms_dc=0 , 0.0075900 secs] [Times: user=0.09 sys=0.00, real=0.01 secs] 
Total time for which application threads were stopped: 0.0079620 seconds
2012-01-20T17:02:17.430+0000: 3225.544: [GC 3225.544: [ParNew: 27130K->5440K(27328K), 0.0085280 secs] 2659463K->2638087K(4188864K) icms_dc=0 , 0.0086490 secs] [Times: user=0.09 sys=0.01, real=0.01 secs] 
Total time for which application threads were stopped: 0.0090710 seconds
2012-01-20T17:02:18.915+0000: 3227.028: [GC 3227.028: [ParNew: 27328K->5291K(27328K), 0.0077760 secs] 2659975K->2638049K(4188864K) icms_dc=0 , 0.0078990 secs] [Times: user=0.09 sys=0.00, real=0.01 secs] 
Total time for which application threads were stopped: 0.0082770 seconds
2012-01-20T17:02:20.276+0000: 3228.389: [GC 3228.389: [ParNew: 27179K->5440K(27328K), 0.0076750 secs] 2659937K->2638353K(4188864K) icms_dc=0 , 0.0077960 secs] [Times: user=0.09 sys=0.01, real=0.01 secs] 
Total time for which application threads were stopped: 0.0082310 seconds
2012-01-20T17:02:21.672+0000: 3229.785: [GC 3229.785: [ParNew: 27328K->5440K(27328K), 0.0076950 secs] 2660241K->2638419K(4188864K) icms_dc=0 , 0.0078100 secs] [Times: user=0.09 sys=0.00, real=0.01 secs] 
Total time for which application threads were stopped: 0.0081520 seconds
Total time for which application threads were stopped: 0.0006850 seconds
2012-01-20T17:02:23.022+0000: 3231.135: [GC 3231.135: [ParNew: 27328K->5440K(27328K), 0.0088510 secs] 2660307K->2638783K(4188864K) icms_dc=0 , 0.0089780 secs] [Times: user=0.09 sys=0.01, real=0.01 secs] 
Total time for which application threads were stopped: 0.0092260 seconds
2012-01-20T17:02:24.643+0000: 3232.757: [GC 3232.757: [ParNew: 27328K->5440K(27328K), 0.0106370 secs] 2660671K->2639389K(4188864K) icms_dc=0 , 0.0107590 secs] [Times: user=0.11 sys=0.01, real=0.01 secs] 
Total time for which application threads were stopped: 0.0111940 seconds
2012-01-20T17:02:26.342+0000: 3234.455: [GC 3234.455: [ParNew: 27328K->5121K(27328K), 0.0072090 secs] 2661277K->2639071K(4188864K) icms_dc=0 , 0.0073290 secs] [Times: user=0.09 sys=0.00, real=0.01 secs] 
Total time for which application threads were stopped: 0.0077320 seconds
2012-01-20T17:02:28.060+0000: 3236.173: [GC 3236.173: [ParNew: 27009K->5440K(27328K), 0.0078220 secs] 2660959K->2639623K(4188864K) icms_dc=0 , 0.0079440 secs] [Times: user=0.09 sys=0.00, real=0.00 secs] 
Total time for which application threads were stopped: 0.0083330 seconds
2012-01-20T17:02:29.669+0000: 3237.783: [GC 3237.783: [ParNew: 27328K->5439K(27328K), 0.0091320 secs] 2661511K->2640112K(4188864K) icms_dc=0 , 0.0092500 secs] [Times: user=0.09 sys=0.00, real=0.01 secs] 
Total time for which application threads were stopped: 0.0096370 seconds
2012-01-20T17:02:30.991+0000: 3239.104: [GC 3239.104: [ParNew: 27327K->5440K(27328K), 0.0077350 secs] 2662000K->2640279K(4188864K) icms_dc=0 , 0.0078570 secs] [Times: user=0.09 sys=0.01, real=0.00 secs] 
Total time for which application threads were stopped: 0.0082340 seconds
2012-01-20T17:02:32.370+0000: 3240.483: [GC 3240.483: [ParNew: 27328K->5440K(27328K), 0.0076090 secs] 2662167K->2640496K(4188864K) icms_dc=0 , 0.0077240 secs] [Times: user=0.09 sys=0.00, real=0.00 secs] 
Total time for which application threads were stopped: 0.0080540 seconds
Total time for which application threads were stopped: 0.0002650 seconds
2012-01-20T17:02:33.839+0000: 3241.952: [GC 3241.952: [ParNew: 27328K->5220K(27328K), 0.0081230 secs] 2662384K->2640617K(4188864K) icms_dc=0 , 0.0082470 secs] [Times: user=0.09 sys=0.00, real=0.01 secs] 
Total time for which application threads were stopped: 0.0086210 seconds
2012-01-20T17:02:35.257+0000: 3243.371: [GC 3243.371: [ParNew: 27108K->5440K(27328K), 0.0079840 secs] 2662505K->2641126K(4188864K) icms_dc=0 , 0.0081100 secs] [Times: user=0.09 sys=0.00, real=0.01 secs] 
Total time for which application threads were stopped: 0.0085040 seconds
2012-01-20T17:02:36.729+0000: 3244.842: [GC 3244.842: [ParNew: 27328K->5227K(27328K), 0.0076740 secs] 2663014K->2641015K(4188864K) icms_dc=0 , 0.0077920 secs] [Times: user=0.09 sys=0.00, real=0.01 secs] 
Total time for which application threads were stopped: 0.0081270 seconds
2012-01-20T17:02:38.178+0000: 3246.291: [GC 3246.291: [ParNew: 27115K->5440K(27328K), 0.0076290 secs] 2662903K->2641428K(4188864K) icms_dc=0 , 0.0077520 secs] [Times: user=0.09 sys=0.00, real=0.01 secs] 
Total time for which application threads were stopped: 0.0080860 seconds
2012-01-20T17:02:39.641+0000: 3247.754: [GC 3247.754: [ParNew: 27328K->5127K(27328K), 0.0078450 secs] 2663316K->2641228K(4188864K) icms_dc=0 , 0.0079660 secs] [Times: user=0.09 sys=0.00, real=0.00 secs] 
Total time for which application threads were stopped: 0.0083450 seconds
2012-01-20T17:02:41.134+0000: 3249.247: [GC 3249.247: [ParNew: 27015K->5440K(27328K), 0.0082620 secs] 2663116K->2641816K(4188864K) icms_dc=0 , 0.0084230 secs] [Times: user=0.10 sys=0.00, real=0.01 secs] 
Total time for which application threads were stopped: 0.0088540 seconds
2012-01-20T17:02:42.706+0000: 3250.820: [GC 3250.820: [ParNew: 27328K->5440K(27328K), 0.0080230 secs] 2663704K->2642036K(4188864K) icms_dc=0 , 0.0081420 secs] [Times: user=0.09 sys=0.00, real=0.01 secs] 
Total time for which application threads were stopped: 0.0085820 seconds
Total time for which application threads were stopped: 0.0001530 seconds
2012-01-20T17:02:44.254+0000: 3252.367: [GC 3252.367: [ParNew: 27328K->5440K(27328K), 0.0076590 secs] 2663924K->2642185K(4188864K) icms_dc=0 , 0.0077830 secs] [Times: user=0.08 sys=0.00, real=0.01 secs] 
Total time for which application threads were stopped: 0.0081360 seconds
2012-01-20T17:02:45.608+0000: 3253.721: [GC 3253.721: [ParNew: 27328K->5440K(27328K), 0.0080820 secs] 2664073K->2642445K(4188864K) icms_dc=0 , 0.0082020 secs] [Times: user=0.10 sys=0.00, real=0.01 secs] 
Total time for which application threads were stopped: 0.0085840 seconds
2012-01-20T17:02:47.009+0000: 3255.123: [GC 3255.123: [ParNew: 27328K->5440K(27328K), 0.0090930 secs] 2664333K->2642880K(4188864K) icms_dc=0 , 0.0092230 secs] [Times: user=0.10 sys=0.00, real=0.01 secs] 
Total time for which application threads were stopped: 0.0096700 seconds
2012-01-20T17:02:48.464+0000: 3256.577: [GC 3256.577: [ParNew: 27328K->5440K(27328K), 0.0091060 secs] 2664768K->2643322K(4188864K) icms_dc=0 , 0.0092210 secs] [Times: user=0.08 sys=0.00, real=0.01 secs] 
Total time for which application threads were stopped: 0.0095710 seconds
2012-01-20T17:02:49.970+0000: 3258.083: [GC 3258.083: [ParNew: 27328K->5440K(27328K), 0.0087830 secs] 2665210K->2643690K(4188864K) icms_dc=0 , 0.0089020 secs] [Times: user=0.09 sys=0.00, real=0.01 secs] 
Total time for which application threads were stopped: 0.0092550 seconds
2012-01-20T17:02:51.437+0000: 3259.550: [GC 3259.550: [ParNew: 27328K->5440K(27328K), 0.0094840 secs] 2665578K->2644163K(4188864K) icms_dc=0 , 0.0096110 secs] [Times: user=0.10 sys=0.00, real=0.01 secs] 
Total time for which application threads were stopped: 0.0100300 seconds
2012-01-20T17:02:52.923+0000: 3261.037: [GC 3261.037: [ParNew: 27328K->5440K(27328K), 0.0099350 secs] 2666051K->2644712K(4188864K) icms_dc=0 , 0.0100530 secs] [Times: user=0.10 sys=0.00, real=0.01 secs] 
Total time for which application threads were stopped: 0.0104210 seconds
Total time for which application threads were stopped: 0.0031750 seconds
Total time for which application threads were stopped: 0.0001060 seconds
2012-01-20T17:02:54.577+0000: 3262.690: [GC 3262.690: [ParNew: 27328K->5440K(27328K), 0.0101640 secs] 2666600K->2645401K(4188864K) icms_dc=0 , 0.0102910 secs] [Times: user=0.10 sys=0.01, real=0.01 secs] 
Total time for which application threads were stopped: 0.0107150 seconds
2012-01-20T17:02:56.182+0000: 3264.295: [GC 3264.295: [ParNew: 27328K->5440K(27328K), 0.0092260 secs] 2667289K->2645974K(4188864K) icms_dc=0 , 0.0093510 secs] [Times: user=0.10 sys=0.00, real=0.01 secs] 
Total time for which application threads were stopped: 0.0097230 seconds
2012-01-20T17:02:57.587+0000: 3265.700: [GC 3265.700: [ParNew: 27328K->5440K(27328K), 0.0092530 secs] 2667862K->2646582K(4188864K) icms_dc=0 , 0.0093710 secs] [Times: user=0.10 sys=0.00, real=0.01 secs] 
Total time for which application threads were stopped: 0.0097250 seconds
2012-01-20T17:02:58.886+0000: 3266.999: [GC 3266.999: [ParNew: 27328K->5440K(27328K), 0.0099090 secs] 2668470K->2647348K(4188864K) icms_dc=0 , 0.0100310 secs] [Times: user=0.11 sys=0.00, real=0.01 secs] 
Total time for which application threads were stopped: 0.0104010 seconds
2012-01-20T17:03:00.247+0000: 3268.360: [GC 3268.360: [ParNew: 27328K->5440K(27328K), 0.0102000 secs] 2669236K->2647976K(4188864K) icms_dc=0 , 0.0103240 secs] [Times: user=0.10 sys=0.00, real=0.01 secs] 
Total time for which application threads were stopped: 0.0107080 seconds
2012-01-20T17:03:02.007+0000: 3270.120: [GC 3270.120: [ParNew: 27328K->5440K(27328K), 0.0095310 secs] 2669864K->2648599K(4188864K) icms_dc=0 , 0.0096990 secs] [Times: user=0.10 sys=0.01, real=0.01 secs] 
Total time for which application threads were stopped: 0.0101020 seconds
Total time for which application threads were stopped: 0.0002990 seconds
2012-01-20T17:03:03.559+0000: 3271.672: [GC 3271.672: [ParNew: 27328K->5440K(27328K), 0.0095250 secs] 2670487K->2649301K(4188864K) icms_dc=0 , 0.0096510 secs] [Times: user=0.10 sys=0.00, real=0.01 secs] 
Total time for which application threads were stopped: 0.0100220 seconds
2012-01-20T17:03:04.891+0000: 3273.004: [GC 3273.004: [ParNew: 27328K->5440K(27328K), 0.0083360 secs] 2671189K->2649561K(4188864K) icms_dc=0 , 0.0084600 secs] [Times: user=0.10 sys=0.00, real=0.01 secs] 
Total time for which application threads were stopped: 0.0088310 seconds
2012-01-20T17:03:06.138+0000: 3274.252: [GC 3274.252: [ParNew: 27328K->5440K(27328K), 0.0097440 secs] 2671449K->2650130K(4188864K) icms_dc=0 , 0.0098740 secs] [Times: user=0.11 sys=0.00, real=0.01 secs] 
Total time for which application threads were stopped: 0.0102600 seconds
2012-01-20T17:03:07.574+0000: 3275.687: [GC 3275.687: [ParNew: 27328K->5440K(27328K), 0.0092750 secs] 2672018K->2650759K(4188864K) icms_dc=0 , 0.0094020 secs] [Times: user=0.08 sys=0.00, real=0.01 secs] 
Total time for which application threads were stopped: 0.0097740 seconds
2012-01-20T17:03:09.158+0000: 3277.271: [GC 3277.271: [ParNew: 27328K->5440K(27328K), 0.0088690 secs] 2672647K->2651220K(4188864K) icms_dc=0 , 0.0089920 secs] [Times: user=0.10 sys=0.00, real=0.01 secs] 
Total time for which application threads were stopped: 0.0093990 seconds
2012-01-20T17:03:10.566+0000: 3278.680: [GC 3278.680: [ParNew: 27328K->5440K(27328K), 0.0091110 secs] 2673108K->2651558K(4188864K) icms_dc=0 , 0.0092300 secs] [Times: user=0.10 sys=0.00, real=0.01 secs] 
Total time for which application threads were stopped: 0.0095950 seconds
2012-01-20T17:03:12.170+0000: 3280.283: [GC 3280.283: [ParNew: 27328K->5440K(27328K), 0.0086860 secs] 2673446K->2652048K(4188864K) icms_dc=0 , 0.0088120 secs] [Times: user=0.09 sys=0.00, real=0.01 secs] 
Total time for which application threads were stopped: 0.0092580 seconds
Total time for which application threads were stopped: 0.0002820 seconds
2012-01-20T17:03:13.543+0000: 3281.657: [GC 3281.657: [ParNew: 27328K->5440K(27328K), 0.0090180 secs] 2673936K->2652527K(4188864K) icms_dc=0 , 0.0091460 secs] [Times: user=0.10 sys=0.00, real=0.01 secs] 
Total time for which application threads were stopped: 0.0095260 seconds
2012-01-20T17:03:14.962+0000: 3283.075: [GC 3283.075: [ParNew: 27328K->5440K(27328K), 0.0086420 secs] 2674415K->2653002K(4188864K) icms_dc=0 , 0.0087720 secs] [Times: user=0.10 sys=0.00, real=0.01 secs] 
Total time for which application threads were stopped: 0.0091910 seconds
2012-01-20T17:03:16.321+0000: 3284.434: [GC 3284.434: [ParNew: 27328K->5440K(27328K), 0.0092860 secs] 2674890K->2653548K(4188864K) icms_dc=0 , 0.0094070 secs] [Times: user=0.10 sys=0.00, real=0.01 secs] 
Total time for which application threads were stopped: 0.0098790 seconds
2012-01-20T17:03:17.769+0000: 3285.882: [GC 3285.882: [ParNew: 27328K->5440K(27328K), 0.0088630 secs] 2675436K->2654084K(4188864K) icms_dc=0 , 0.0089840 secs] [Times: user=0.10 sys=0.00, real=0.01 secs] 
Total time for which application threads were stopped: 0.0093870 seconds
2012-01-20T17:03:19.271+0000: 3287.384: [GC 3287.384: [ParNew: 27328K->5440K(27328K), 0.0094730 secs] 2675972K->2654607K(4188864K) icms_dc=0 , 0.0095980 secs] [Times: user=0.10 sys=0.00, real=0.01 secs] 
Total time for which application threads were stopped: 0.0100280 seconds
2012-01-20T17:03:20.575+0000: 3288.689: [GC 3288.689: [ParNew: 27328K->5440K(27328K), 0.0088750 secs] 2676495K->2655039K(4188864K) icms_dc=0 , 0.0089950 secs] [Times: user=0.09 sys=0.00, real=0.00 secs] 
Total time for which application threads were stopped: 0.0093440 seconds
2012-01-20T17:03:22.017+0000: 3290.130: [GC 3290.130: [ParNew: 27328K->5440K(27328K), 0.0086450 secs] 2676927K->2655552K(4188864K) icms_dc=0 , 0.0087680 secs] [Times: user=0.09 sys=0.01, real=0.01 secs] 
Total time for which application threads were stopped: 0.0092550 seconds
Total time for which application threads were stopped: 0.0002680 seconds
2012-01-20T17:03:23.577+0000: 3291.690: [GC 3291.690: [ParNew: 27328K->5440K(27328K), 0.0080640 secs] 2677440K->2655779K(4188864K) icms_dc=0 , 0.0081860 secs] [Times: user=0.09 sys=0.01, real=0.00 secs] 
Total time for which application threads were stopped: 0.0085070 seconds
2012-01-20T17:03:25.003+0000: 3293.116: [GC 3293.116: [ParNew: 27328K->5440K(27328K), 0.0083700 secs] 2677667K->2656119K(4188864K) icms_dc=0 , 0.0084890 secs] [Times: user=0.09 sys=0.00, real=0.01 secs] 
Total time for which application threads were stopped: 0.0088300 seconds
2012-01-20T17:03:26.593+0000: 3294.706: [GC 3294.706: [ParNew: 27328K->5440K(27328K), 0.0098860 secs] 2678007K->2656531K(4188864K) icms_dc=0 , 0.0100010 secs] [Times: user=0.11 sys=0.01, real=0.01 secs] 
Total time for which application threads were stopped: 0.0103650 seconds
2012-01-20T17:03:28.094+0000: 3296.207: [GC 3296.207: [ParNew: 27328K->5165K(27328K), 0.0084120 secs] 2678419K->2656487K(4188864K) icms_dc=0 , 0.0085360 secs] [Times: user=0.10 sys=0.00, real=0.01 secs] 
Total time for which application threads were stopped: 0.0090000 seconds
2012-01-20T17:03:29.647+0000: 3297.760: [GC 3297.760: [ParNew: 27053K->5440K(27328K), 0.0086990 secs] 2678375K->2656981K(4188864K) icms_dc=0 , 0.0088150 secs] [Times: user=0.09 sys=0.00, real=0.00 secs] 
Total time for which application threads were stopped: 0.0092040 seconds
2012-01-20T17:03:31.137+0000: 3299.250: [GC 3299.250: [ParNew: 27328K->5440K(27328K), 0.0087680 secs] 2678869K->2657205K(4188864K) icms_dc=0 , 0.0088960 secs] [Times: user=0.10 sys=0.00, real=0.00 secs] 
Total time for which application threads were stopped: 0.0092770 seconds
2012-01-20T17:03:32.644+0000: 3300.757: [GC 3300.757: [ParNew: 27328K->5440K(27328K), 0.0100640 secs] 2679093K->2657844K(4188864K) icms_dc=0 , 0.0101830 secs] [Times: user=0.09 sys=0.00, real=0.01 secs] 
Total time for which application threads were stopped: 0.0105330 seconds
Total time for which application threads were stopped: 0.0001390 seconds
2012-01-20T17:03:33.952+0000: 3302.066: [GC 3302.066: [ParNew: 27328K->5440K(27328K), 0.0081770 secs] 2679732K->2657948K(4188864K) icms_dc=0 , 0.0083000 secs] [Times: user=0.10 sys=0.01, real=0.01 secs] 
Total time for which application threads were stopped: 0.0086530 seconds
2012-01-20T17:03:35.335+0000: 3303.448: [GC 3303.448: [ParNew: 27328K->5440K(27328K), 0.0098800 secs] 2679836K->2658554K(4188864K) icms_dc=0 , 0.0100070 secs] [Times: user=0.10 sys=0.00, real=0.01 secs] 
Total time for which application threads were stopped: 0.0103680 seconds
2012-01-20T17:03:36.840+0000: 3304.953: [GC 3304.953: [ParNew: 27328K->5419K(27328K), 0.0077220 secs] 2680442K->2658638K(4188864K) icms_dc=0 , 0.0078360 secs] [Times: user=0.08 sys=0.00, real=0.01 secs] 
Total time for which application threads were stopped: 0.0081740 seconds
2012-01-20T17:03:38.389+0000: 3306.502: [GC 3306.502: [ParNew: 27307K->5440K(27328K), 0.0083300 secs] 2680526K->2658995K(4188864K) icms_dc=0 , 0.0084440 secs] [Times: user=0.09 sys=0.00, real=0.01 secs] 
Total time for which application threads were stopped: 0.0088030 seconds
2012-01-20T17:03:39.929+0000: 3308.042: [GC 3308.043: [ParNew: 27328K->5428K(27328K), 0.0080270 secs] 2680883K->2659114K(4188864K) icms_dc=0 , 0.0081490 secs] [Times: user=0.10 sys=0.00, real=0.01 secs] 
Total time for which application threads were stopped: 0.0085220 seconds
2012-01-20T17:03:41.311+0000: 3309.424: [GC 3309.424: [ParNew: 27316K->5440K(27328K), 0.0085420 secs] 2681002K->2659401K(4188864K) icms_dc=0 , 0.0086580 secs] [Times: user=0.08 sys=0.00, real=0.01 secs] 
Total time for which application threads were stopped: 0.0090810 seconds
2012-01-20T17:03:42.718+0000: 3310.831: [GC 3310.831: [ParNew: 27328K->5440K(27328K), 0.0085560 secs] 2681289K->2659728K(4188864K) icms_dc=0 , 0.0086740 secs] [Times: user=0.09 sys=0.00, real=0.00 secs] 
Total time for which application threads were stopped: 0.0090950 seconds
Total time for which application threads were stopped: 0.0001510 seconds
2012-01-20T17:03:44.058+0000: 3312.171: [GC 3312.171: [ParNew: 27328K->5440K(27328K), 0.0096380 secs] 2681616K->2660187K(4188864K) icms_dc=0 , 0.0097660 secs] [Times: user=0.11 sys=0.00, real=0.01 secs] 
Total time for which application threads were stopped: 0.0101880 seconds
2012-01-20T17:03:45.688+0000: 3313.802: [GC 3313.802: [ParNew: 27328K->5440K(27328K), 0.0085340 secs] 2682075K->2660485K(4188864K) icms_dc=0 , 0.0086590 secs] [Times: user=0.09 sys=0.00, real=0.00 secs] 
Total time for which application threads were stopped: 0.0090110 seconds
2012-01-20T17:03:47.312+0000: 3315.425: [GC 3315.426: [ParNew: 27328K->5440K(27328K), 0.0090590 secs] 2682373K->2660875K(4188864K) icms_dc=0 , 0.0091870 secs] [Times: user=0.10 sys=0.01, real=0.01 secs] 
Total time for which application threads were stopped: 0.0095800 seconds
2012-01-20T17:03:48.754+0000: 3316.867: [GC 3316.867: [ParNew: 27328K->5440K(27328K), 0.0108430 secs] 2682763K->2661670K(4188864K) icms_dc=0 , 0.0109620 secs] [Times: user=0.11 sys=0.00, real=0.01 secs] 
Total time for which application threads were stopped: 0.0113540 seconds
2012-01-20T17:03:50.196+0000: 3318.309: [GC 3318.309: [ParNew: 27328K->5440K(27328K), 0.0086250 secs] 2683558K->2662109K(4188864K) icms_dc=0 , 0.0087520 secs] [Times: user=0.09 sys=0.00, real=0.01 secs] 
Total time for which application threads were stopped: 0.0091060 seconds
2012-01-20T17:03:51.642+0000: 3319.755: [GC 3319.755: [ParNew: 27328K->5440K(27328K), 0.0091200 secs] 2683997K->2662691K(4188864K) icms_dc=0 , 0.0092410 secs] [Times: user=0.09 sys=0.01, real=0.01 secs] 
Total time for which application threads were stopped: 0.0096180 seconds
Total time for which application threads were stopped: 0.0002590 seconds
2012-01-20T17:03:53.355+0000: 3321.468: [GC 3321.468: [ParNew: 27328K->5440K(27328K), 0.0086050 secs] 2684579K->2663097K(4188864K) icms_dc=0 , 0.0087270 secs] [Times: user=0.10 sys=0.00, real=0.01 secs] 
Total time for which application threads were stopped: 0.0089610 seconds
2012-01-20T17:03:54.751+0000: 3322.864: [GC 3322.864: [ParNew: 27328K->5440K(27328K), 0.0089050 secs] 2684985K->2663671K(4188864K) icms_dc=0 , 0.0090250 secs] [Times: user=0.10 sys=0.00, real=0.01 secs] 
Total time for which application threads were stopped: 0.0093990 seconds
2012-01-20T17:03:56.262+0000: 3324.375: [GC 3324.375: [ParNew: 27328K->5440K(27328K), 0.0091690 secs] 2685559K->2664149K(4188864K) icms_dc=0 , 0.0092890 secs] [Times: user=0.10 sys=0.00, real=0.01 secs] 
Total time for which application threads were stopped: 0.0096710 seconds
2012-01-20T17:03:57.793+0000: 3325.906: [GC 3325.906: [ParNew: 27328K->5440K(27328K), 0.0102840 secs] 2686037K->2664682K(4188864K) icms_dc=0 , 0.0104010 secs] [Times: user=0.11 sys=0.00, real=0.01 secs] 
Total time for which application threads were stopped: 0.0107500 seconds
2012-01-20T17:03:59.353+0000: 3327.466: [GC 3327.466: [ParNew: 27328K->5440K(27328K), 0.0089030 secs] 2686570K->2665138K(4188864K) icms_dc=0 , 0.0090260 secs] [Times: user=0.09 sys=0.01, real=0.01 secs] 
Total time for which application threads were stopped: 0.0094570 seconds
2012-01-20T17:04:00.806+0000: 3328.919: [GC 3328.919: [ParNew: 27328K->5439K(27328K), 0.0094220 secs] 2687026K->2665772K(4188864K) icms_dc=0 , 0.0095510 secs] [Times: user=0.11 sys=0.00, real=0.01 secs] 
Total time for which application threads were stopped: 0.0099660 seconds
2012-01-20T17:04:02.292+0000: 3330.406: [GC 3330.406: [ParNew: 27327K->5440K(27328K), 0.0097160 secs] 2687660K->2666377K(4188864K) icms_dc=0 , 0.0098340 secs] [Times: user=0.10 sys=0.00, real=0.01 secs] 
Total time for which application threads were stopped: 0.0101900 seconds
Total time for which application threads were stopped: 0.0003100 seconds
2012-01-20T17:04:03.898+0000: 3332.012: [GC 3332.012: [ParNew: 27328K->5440K(27328K), 0.0101410 secs] 2688265K->2667410K(4188864K) icms_dc=0 , 0.0102640 secs] [Times: user=0.10 sys=0.00, real=0.01 secs] 
Total time for which application threads were stopped: 0.0106080 seconds
2012-01-20T17:04:05.350+0000: 3333.464: [GC 3333.464: [ParNew: 27328K->5440K(27328K), 0.0089970 secs] 2689298K->2667674K(4188864K) icms_dc=0 , 0.0091170 secs] [Times: user=0.11 sys=0.00, real=0.00 secs] 
Total time for which application threads were stopped: 0.0095390 seconds
2012-01-20T17:04:06.612+0000: 3334.725: [GC 3334.725: [ParNew: 27328K->5440K(27328K), 0.0111910 secs] 2689562K->2668443K(4188864K) icms_dc=0 , 0.0113080 secs] [Times: user=0.13 sys=0.00, real=0.01 secs] 
Total time for which application threads were stopped: 0.0116420 seconds
2012-01-20T17:04:08.110+0000: 3336.223: [GC 3336.224: [ParNew: 27328K->5437K(27328K), 0.0091150 secs] 2690331K->2668726K(4188864K) icms_dc=0 , 0.0092360 secs] [Times: user=0.10 sys=0.00, real=0.01 secs] 
Total time for which application threads were stopped: 0.0096370 seconds
2012-01-20T17:04:09.585+0000: 3337.698: [GC 3337.698: [ParNew: 27325K->5440K(27328K), 0.0085140 secs] 2690614K->2669119K(4188864K) icms_dc=0 , 0.0086310 secs] [Times: user=0.10 sys=0.00, real=0.01 secs] 
Total time for which application threads were stopped: 0.0090530 seconds
2012-01-20T17:04:10.844+0000: 3338.957: [GC 3338.957: [ParNew: 27328K->5334K(27328K), 0.0081680 secs] 2691007K->2669190K(4188864K) icms_dc=0 , 0.0082950 secs] [Times: user=0.10 sys=0.00, real=0.01 secs] 
Total time for which application threads were stopped: 0.0086960 seconds
2012-01-20T17:04:12.265+0000: 3340.378: [GC 3340.378: [ParNew: 27222K->5440K(27328K), 0.0087230 secs] 2691078K->2669714K(4188864K) icms_dc=0 , 0.0088420 secs] [Times: user=0.09 sys=0.00, real=0.01 secs] 
Total time for which application threads were stopped: 0.0092430 seconds
Total time for which application threads were stopped: 0.0002940 seconds
2012-01-20T17:04:14.088+0000: 3342.201: [GC 3342.201: [ParNew: 27328K->5100K(27328K), 0.0076070 secs] 2691602K->2669422K(4188864K) icms_dc=0 , 0.0077290 secs] [Times: user=0.09 sys=0.00, real=0.01 secs] 
Total time for which application threads were stopped: 0.0080920 seconds
2012-01-20T17:04:15.625+0000: 3343.738: [GC 3343.738: [ParNew: 26988K->5440K(27328K), 0.0082620 secs] 2691310K->2669958K(4188864K) icms_dc=0 , 0.0083850 secs] [Times: user=0.09 sys=0.00, real=0.01 secs] 
Total time for which application threads were stopped: 0.0087720 seconds
2012-01-20T17:04:17.108+0000: 3345.221: [GC 3345.222: [ParNew: 27328K->5329K(27328K), 0.0080090 secs] 2691846K->2670020K(4188864K) icms_dc=0 , 0.0081420 secs] [Times: user=0.09 sys=0.00, real=0.01 secs] 
Total time for which application threads were stopped: 0.0085020 seconds
2012-01-20T17:04:19.037+0000: 3347.150: [GC 3347.150: [ParNew: 27217K->5440K(27328K), 0.0089360 secs] 2691908K->2670596K(4188864K) icms_dc=0 , 0.0090630 secs] [Times: user=0.10 sys=0.00, real=0.01 secs] 
Total time for which application threads were stopped: 0.0095030 seconds
2012-01-20T17:04:20.600+0000: 3348.713: [GC 3348.713: [ParNew: 27328K->5405K(27328K), 0.0077420 secs] 2692484K->2670633K(4188864K) icms_dc=0 , 0.0078600 secs] [Times: user=0.09 sys=0.00, real=0.01 secs] 
Total time for which application threads were stopped: 0.0082220 seconds
2012-01-20T17:04:22.003+0000: 3350.116: [GC 3350.116: [ParNew: 27293K->5440K(27328K), 0.0083380 secs] 2692521K->2670930K(4188864K) icms_dc=0 , 0.0084550 secs] [Times: user=0.09 sys=0.01, real=0.00 secs] 
Total time for which application threads were stopped: 0.0088010 seconds
2012-01-20T17:04:23.378+0000: 3351.491: [GC 3351.491: [ParNew: 27328K->5440K(27328K), 0.0108700 secs] 2692818K->2671203K(4188864K) icms_dc=0 , 0.0109940 secs] [Times: user=0.11 sys=0.00, real=0.01 secs] 
Total time for which application threads were stopped: 0.0114410 seconds
Total time for which application threads were stopped: 0.0002080 seconds
2012-01-20T17:04:24.916+0000: 3353.029: [GC 3353.029: [ParNew: 27328K->5440K(27328K), 0.0093410 secs] 2693091K->2671625K(4188864K) icms_dc=0 , 0.0094690 secs] [Times: user=0.10 sys=0.00, real=0.01 secs] 
Total time for which application threads were stopped: 0.0098390 seconds
2012-01-20T17:04:26.263+0000: 3354.376: [GC 3354.376: [ParNew: 27328K->5440K(27328K), 0.0087820 secs] 2693513K->2671997K(4188864K) icms_dc=0 , 0.0089030 secs] [Times: user=0.11 sys=0.00, real=0.01 secs] 
Total time for which application threads were stopped: 0.0093010 seconds
2012-01-20T17:04:27.815+0000: 3355.928: [GC 3355.928: [ParNew: 27328K->5440K(27328K), 0.0091930 secs] 2693885K->2672587K(4188864K) icms_dc=0 , 0.0093240 secs] [Times: user=0.09 sys=0.00, real=0.01 secs] 
Total time for which application threads were stopped: 0.0097210 seconds
2012-01-20T17:04:29.308+0000: 3357.421: [GC 3357.421: [ParNew: 27328K->5440K(27328K), 0.0090950 secs] 2694475K->2673169K(4188864K) icms_dc=0 , 0.0092140 secs] [Times: user=0.10 sys=0.00, real=0.01 secs] 
Total time for which application threads were stopped: 0.0095520 seconds
Total time for which application threads were stopped: 0.0005210 seconds
2012-01-20T17:04:30.756+0000: 3358.869: [GC 3358.870: [ParNew: 27328K->5440K(27328K), 0.0093890 secs] 2695057K->2673657K(4188864K) icms_dc=0 , 0.0095240 secs] [Times: user=0.09 sys=0.00, real=0.01 secs] 
Total time for which application threads were stopped: 0.0098970 seconds
2012-01-20T17:04:32.243+0000: 3360.356: [GC 3360.356: [ParNew: 27328K->5440K(27328K), 0.0085230 secs] 2695545K->2674065K(4188864K) icms_dc=0 , 0.0086420 secs] [Times: user=0.09 sys=0.00, real=0.00 secs] 
Total time for which application threads were stopped: 0.0090220 seconds
Total time for which application threads were stopped: 0.0002530 seconds
2012-01-20T17:04:33.729+0000: 3361.843: [GC 3361.843: [ParNew: 27328K->5440K(27328K), 0.0087370 secs] 2695953K->2674236K(4188864K) icms_dc=0 , 0.0088670 secs] [Times: user=0.09 sys=0.00, real=0.01 secs] 
Total time for which application threads were stopped: 0.0091500 seconds
2012-01-20T17:04:35.210+0000: 3363.323: [GC 3363.323: [ParNew: 27328K->5440K(27328K), 0.0100940 secs] 2696124K->2674960K(4188864K) icms_dc=0 , 0.0102230 secs] [Times: user=0.11 sys=0.01, real=0.01 secs] 
Total time for which application threads were stopped: 0.0106470 seconds
2012-01-20T17:04:36.543+0000: 3364.656: [GC 3364.656: [ParNew: 27328K->5440K(27328K), 0.0077850 secs] 2696848K->2674979K(4188864K) icms_dc=0 , 0.0079030 secs] [Times: user=0.10 sys=0.00, real=0.01 secs] 
Total time for which application threads were stopped: 0.0082660 seconds
2012-01-20T17:04:37.879+0000: 3365.992: [GC 3365.992: [ParNew: 27328K->5440K(27328K), 0.0084880 secs] 2696867K->2675293K(4188864K) icms_dc=0 , 0.0086030 secs] [Times: user=0.10 sys=0.00, real=0.01 secs] 
Total time for which application threads were stopped: 0.0089330 seconds
2012-01-20T17:04:39.485+0000: 3367.599: [GC 3367.599: [ParNew: 27328K->5440K(27328K), 0.0093410 secs] 2697181K->2675538K(4188864K) icms_dc=0 , 0.0094620 secs] [Times: user=0.10 sys=0.00, real=0.01 secs] 
Total time for which application threads were stopped: 0.0098980 seconds
2012-01-20T17:04:40.990+0000: 3369.103: [GC 3369.103: [ParNew: 27328K->5440K(27328K), 0.0101840 secs] 2697426K->2676138K(4188864K) icms_dc=0 , 0.0103040 secs] [Times: user=0.09 sys=0.00, real=0.01 secs] 
Total time for which application threads were stopped: 0.0106590 seconds
2012-01-20T17:04:42.344+0000: 3370.457: [GC 3370.457: [ParNew: 27328K->5440K(27328K), 0.0087780 secs] 2698026K->2676249K(4188864K) icms_dc=0 , 0.0088990 secs] [Times: user=0.11 sys=0.00, real=0.01 secs] 
Total time for which application threads were stopped: 0.0092780 seconds
Total time for which application threads were stopped: 0.0002570 seconds
2012-01-20T17:04:43.689+0000: 3371.802: [GC 3371.802: [ParNew: 27328K->5440K(27328K), 0.0087800 secs] 2698137K->2676713K(4188864K) icms_dc=0 , 0.0089090 secs] [Times: user=0.09 sys=0.00, real=0.01 secs] 
Total time for which application threads were stopped: 0.0091320 seconds
2012-01-20T17:04:44.960+0000: 3373.073: [GC 3373.073: [ParNew: 27328K->5440K(27328K), 0.0082640 secs] 2698601K->2676924K(4188864K) icms_dc=0 , 0.0084020 secs] [Times: user=0.09 sys=0.00, real=0.01 secs] 
Total time for which application threads were stopped: 0.0087610 seconds
2012-01-20T17:04:46.523+0000: 3374.636: [GC 3374.636: [ParNew: 27328K->5440K(27328K), 0.0097350 secs] 2698812K->2677618K(4188864K) icms_dc=0 , 0.0098610 secs] [Times: user=0.10 sys=0.00, real=0.01 secs] 
Total time for which application threads were stopped: 0.0103290 seconds
2012-01-20T17:04:47.943+0000: 3376.056: [GC 3376.056: [ParNew: 27328K->5440K(27328K), 0.0086090 secs] 2699506K->2678027K(4188864K) icms_dc=0 , 0.0087320 secs] [Times: user=0.09 sys=0.01, real=0.01 secs] 
Total time for which application threads were stopped: 0.0091550 seconds
2012-01-20T17:04:49.215+0000: 3377.328: [GC 3377.328: [ParNew: 27328K->5440K(27328K), 0.0094670 secs] 2699915K->2678675K(4188864K) icms_dc=0 , 0.0095900 secs] [Times: user=0.10 sys=0.00, real=0.00 secs] 
Total time for which application threads were stopped: 0.0099560 seconds
2012-01-20T17:04:50.505+0000: 3378.618: [GC 3378.618: [ParNew: 27328K->5438K(27328K), 0.0091030 secs] 2700563K->2679278K(4188864K) icms_dc=0 , 0.0092280 secs] [Times: user=0.10 sys=0.00, real=0.01 secs] 
Total time for which application threads were stopped: 0.0095930 seconds
2012-01-20T17:04:51.852+0000: 3379.965: [GC 3379.965: [ParNew: 27326K->5440K(27328K), 0.0085600 secs] 2701166K->2679732K(4188864K) icms_dc=0 , 0.0086910 secs] [Times: user=0.09 sys=0.00, real=0.01 secs] 
Total time for which application threads were stopped: 0.0090780 seconds
2012-01-20T17:04:53.317+0000: 3381.430: [GC 3381.430: [ParNew: 27328K->5440K(27328K), 0.0086420 secs] 2701620K->2680128K(4188864K) icms_dc=0 , 0.0087630 secs] [Times: user=0.09 sys=0.00, real=0.01 secs] 
Total time for which application threads were stopped: 0.0091600 seconds
Total time for which application threads were stopped: 0.0001640 seconds
2012-01-20T17:04:54.922+0000: 3383.036: [GC 3383.036: [ParNew: 27328K->5440K(27328K), 0.0093220 secs] 2702016K->2680575K(4188864K) icms_dc=0 , 0.0094530 secs] [Times: user=0.09 sys=0.01, real=0.01 secs] 
Total time for which application threads were stopped: 0.0098230 seconds
2012-01-20T17:04:56.411+0000: 3384.524: [GC 3384.524: [ParNew: 27328K->5440K(27328K), 0.0097200 secs] 2702463K->2681114K(4188864K) icms_dc=0 , 0.0098380 secs] [Times: user=0.10 sys=0.00, real=0.01 secs] 
Total time for which application threads were stopped: 0.0101950 seconds
2012-01-20T17:04:57.816+0000: 3385.929: [GC 3385.930: [ParNew: 27328K->5440K(27328K), 0.0115520 secs] 2703002K->2681687K(4188864K) icms_dc=0 , 0.0116700 secs] [Times: user=0.12 sys=0.01, real=0.01 secs] 
Total time for which application threads were stopped: 0.0120660 seconds
2012-01-20T17:04:59.373+0000: 3387.486: [GC 3387.486: [ParNew: 27328K->5386K(27328K), 0.0080430 secs] 2703575K->2681945K(4188864K) icms_dc=0 , 0.0081640 secs] [Times: user=0.09 sys=0.00, real=0.01 secs] 
Total time for which application threads were stopped: 0.0085790 seconds
2012-01-20T17:05:00.864+0000: 3388.977: [GC 3388.977: [ParNew: 27274K->5440K(27328K), 0.0084370 secs] 2703833K->2682390K(4188864K) icms_dc=0 , 0.0085590 secs] [Times: user=0.09 sys=0.00, real=0.01 secs] 
Total time for which application threads were stopped: 0.0089370 seconds
2012-01-20T17:05:02.323+0000: 3390.436: [GC 3390.437: [ParNew: 27328K->5440K(27328K), 0.0080590 secs] 2704278K->2682610K(4188864K) icms_dc=0 , 0.0081850 secs] [Times: user=0.09 sys=0.00, real=0.01 secs] 
Total time for which application threads were stopped: 0.0085330 seconds
Total time for which application threads were stopped: 0.0002750 seconds
2012-01-20T17:05:03.983+0000: 3392.096: [GC 3392.096: [ParNew: 27328K->5265K(27328K), 0.0085660 secs] 2704498K->2682701K(4188864K) icms_dc=0 , 0.0086920 secs] [Times: user=0.09 sys=0.00, real=0.01 secs] 
Total time for which application threads were stopped: 0.0089760 seconds
2012-01-20T17:05:05.544+0000: 3393.657: [GC 3393.658: [ParNew: 27153K->5440K(27328K), 0.0080390 secs] 2704589K->2682983K(4188864K) icms_dc=0 , 0.0081640 secs] [Times: user=0.09 sys=0.01, real=0.01 secs] 
Total time for which application threads were stopped: 0.0085780 seconds
2012-01-20T17:05:07.032+0000: 3395.145: [GC 3395.145: [ParNew: 27328K->5440K(27328K), 0.0080210 secs] 2704871K->2683098K(4188864K) icms_dc=0 , 0.0081960 secs] [Times: user=0.09 sys=0.00, real=0.01 secs] 
Total time for which application threads were stopped: 0.0085890 seconds
2012-01-20T17:05:08.682+0000: 3396.795: [GC 3396.795: [ParNew: 27328K->5440K(27328K), 0.0085740 secs] 2704986K->2683408K(4188864K) icms_dc=0 , 0.0086890 secs] [Times: user=0.10 sys=0.00, real=0.01 secs] 
Total time for which application threads were stopped: 0.0090430 seconds
2012-01-20T17:05:10.209+0000: 3398.323: [GC 3398.323: [ParNew: 27328K->5440K(27328K), 0.0073580 secs] 2705296K->2683527K(4188864K) icms_dc=0 , 0.0074740 secs] [Times: user=0.09 sys=0.00, real=0.00 secs] 
Total time for which application threads were stopped: 0.0078620 seconds
2012-01-20T17:05:11.902+0000: 3400.015: [GC 3400.015: [ParNew: 27328K->5440K(27328K), 0.0077810 secs] 2705415K->2683769K(4188864K) icms_dc=0 , 0.0079050 secs] [Times: user=0.09 sys=0.00, real=0.01 secs] 
Total time for which application threads were stopped: 0.0083350 seconds
2012-01-20T17:05:13.231+0000: 3401.345: [GC 3401.345: [ParNew: 27328K->5440K(27328K), 0.0096950 secs] 2705657K->2684127K(4188864K) icms_dc=0 , 0.0098110 secs] [Times: user=0.11 sys=0.00, real=0.01 secs] 
Total time for which application threads were stopped: 0.0102050 seconds
Total time for which application threads were stopped: 0.0001430 seconds
2012-01-20T17:05:14.485+0000: 3402.599: [GC 3402.599: [ParNew: 27328K->5440K(27328K), 0.0094480 secs] 2706015K->2684624K(4188864K) icms_dc=0 , 0.0095800 secs] [Times: user=0.10 sys=0.00, real=0.01 secs] 
Total time for which application threads were stopped: 0.0099590 seconds
2012-01-20T17:05:15.821+0000: 3403.934: [GC 3403.935: [ParNew: 27328K->5440K(27328K), 0.0088500 secs] 2706512K->2685038K(4188864K) icms_dc=0 , 0.0089760 secs] [Times: user=0.10 sys=0.00, real=0.01 secs] 
Total time for which application threads were stopped: 0.0093810 seconds
2012-01-20T17:05:17.224+0000: 3405.337: [GC 3405.338: [ParNew: 27328K->5440K(27328K), 0.0087440 secs] 2706926K->2685574K(4188864K) icms_dc=0 , 0.0088630 secs] [Times: user=0.10 sys=0.00, real=0.01 secs] 
Total time for which application threads were stopped: 0.0092070 seconds
2012-01-20T17:05:18.564+0000: 3406.677: [GC 3406.677: [ParNew: 27328K->5440K(27328K), 0.0080580 secs] 2707462K->2685682K(4188864K) icms_dc=0 , 0.0081780 secs] [Times: user=0.09 sys=0.00, real=0.01 secs] 
Total time for which application threads were stopped: 0.0086180 seconds
2012-01-20T17:05:20.144+0000: 3408.257: [GC 3408.257: [ParNew: 27328K->5440K(27328K), 0.0090610 secs] 2707570K->2686110K(4188864K) icms_dc=0 , 0.0091870 secs] [Times: user=0.10 sys=0.00, real=0.01 secs] 
Total time for which application threads were stopped: 0.0095650 seconds
2012-01-20T17:05:21.900+0000: 3410.013: [GC 3410.013: [ParNew: 27328K->5222K(27328K), 0.0079150 secs] 2707998K->2686041K(4188864K) icms_dc=0 , 0.0080370 secs] [Times: user=0.09 sys=0.00, real=0.00 secs] 
Total time for which application threads were stopped: 0.0084620 seconds
2012-01-20T17:05:23.354+0000: 3411.467: [GC 3411.467: [ParNew: 27110K->5440K(27328K), 0.0080220 secs] 2707929K->2686439K(4188864K) icms_dc=0 , 0.0081470 secs] [Times: user=0.09 sys=0.00, real=0.01 secs] 
Total time for which application threads were stopped: 0.0086040 seconds
Total time for which application threads were stopped: 0.0001360 seconds
2012-01-20T17:05:24.746+0000: 3412.860: [GC 3412.860: [ParNew: 27328K->5064K(27328K), 0.0077610 secs] 2708327K->2686261K(4188864K) icms_dc=0 , 0.0078890 secs] [Times: user=0.09 sys=0.00, real=0.01 secs] 
Total time for which application threads were stopped: 0.0082280 seconds
2012-01-20T17:05:26.293+0000: 3414.406: [GC 3414.406: [ParNew: 26952K->5440K(27328K), 0.0082590 secs] 2708149K->2686870K(4188864K) icms_dc=0 , 0.0083740 secs] [Times: user=0.09 sys=0.00, real=0.01 secs] 
Total time for which application threads were stopped: 0.0087340 seconds
2012-01-20T17:05:27.892+0000: 3416.005: [GC 3416.005: [ParNew: 27328K->5440K(27328K), 0.0081050 secs] 2708758K->2687122K(4188864K) icms_dc=0 , 0.0082270 secs] [Times: user=0.10 sys=0.01, real=0.01 secs] 
Total time for which application threads were stopped: 0.0087470 seconds
2012-01-20T17:05:29.390+0000: 3417.503: [GC 3417.503: [ParNew: 27328K->5440K(27328K), 0.0090260 secs] 2709010K->2687566K(4188864K) icms_dc=0 , 0.0091430 secs] [Times: user=0.09 sys=0.00, real=0.00 secs] 
Total time for which application threads were stopped: 0.0095090 seconds
2012-01-20T17:05:30.820+0000: 3418.933: [GC 3418.933: [ParNew: 27328K->5440K(27328K), 0.0102290 secs] 2709454K->2688048K(4188864K) icms_dc=0 , 0.0103540 secs] [Times: user=0.11 sys=0.01, real=0.01 secs] 
Total time for which application threads were stopped: 0.0107490 seconds
2012-01-20T17:05:32.291+0000: 3420.405: [GC 3420.405: [ParNew: 27328K->5440K(27328K), 0.0086030 secs] 2709936K->2688402K(4188864K) icms_dc=0 , 0.0087250 secs] [Times: user=0.10 sys=0.00, real=0.00 secs] 
Total time for which application threads were stopped: 0.0091440 seconds
Total time for which application threads were stopped: 0.0002830 seconds
2012-01-20T17:05:33.726+0000: 3421.839: [GC 3421.839: [ParNew: 27328K->5440K(27328K), 0.0092010 secs] 2710290K->2688942K(4188864K) icms_dc=0 , 0.0093280 secs] [Times: user=0.11 sys=0.00, real=0.01 secs] 
Total time for which application threads were stopped: 0.0095450 seconds
2012-01-20T17:05:35.115+0000: 3423.228: [GC 3423.228: [ParNew: 27328K->5440K(27328K), 0.0089540 secs] 2710830K->2689421K(4188864K) icms_dc=0 , 0.0090780 secs] [Times: user=0.10 sys=0.00, real=0.01 secs] 
Total time for which application threads were stopped: 0.0094560 seconds
2012-01-20T17:05:36.864+0000: 3424.978: [GC 3424.978: [ParNew: 27328K->5440K(27328K), 0.0093890 secs] 2711309K->2690024K(4188864K) icms_dc=0 , 0.0095040 secs] [Times: user=0.10 sys=0.01, real=0.01 secs] 
Total time for which application threads were stopped: 0.0098500 seconds
2012-01-20T17:05:38.463+0000: 3426.577: [GC 3426.577: [ParNew: 27328K->5440K(27328K), 0.0096010 secs] 2711912K->2690641K(4188864K) icms_dc=0 , 0.0097250 secs] [Times: user=0.11 sys=0.00, real=0.01 secs] 
Total time for which application threads were stopped: 0.0101400 seconds
2012-01-20T17:05:40.070+0000: 3428.183: [GC 3428.183: [ParNew: 27328K->5440K(27328K), 0.0113360 secs] 2712529K->2691542K(4188864K) icms_dc=0 , 0.0114630 secs] [Times: user=0.12 sys=0.01, real=0.02 secs] 
Total time for which application threads were stopped: 0.0118700 seconds
2012-01-20T17:05:41.702+0000: 3429.815: [GC 3429.815: [ParNew: 27328K->5440K(27328K), 0.0098620 secs] 2713430K->2692004K(4188864K) icms_dc=0 , 0.0099810 secs] [Times: user=0.11 sys=0.00, real=0.01 secs] 
Total time for which application threads were stopped: 0.0104080 seconds
2012-01-20T17:05:42.995+0000: 3431.108: [GC 3431.109: [ParNew: 27328K->5440K(27328K), 0.0090460 secs] 2713892K->2692582K(4188864K) icms_dc=0 , 0.0091750 secs] [Times: user=0.09 sys=0.00, real=0.01 secs] 
Total time for which application threads were stopped: 0.0096070 seconds
Total time for which application threads were stopped: 0.0002740 seconds
2012-01-20T17:05:44.361+0000: 3432.474: [GC 3432.475: [ParNew: 27328K->5440K(27328K), 0.0094420 secs] 2714470K->2693208K(4188864K) icms_dc=0 , 0.0095620 secs] [Times: user=0.10 sys=0.01, real=0.00 secs] 
Total time for which application threads were stopped: 0.0099280 seconds
2012-01-20T17:05:45.911+0000: 3434.024: [GC 3434.024: [ParNew: 27328K->5440K(27328K), 0.0092310 secs] 2715096K->2693731K(4188864K) icms_dc=0 , 0.0093530 secs] [Times: user=0.10 sys=0.01, real=0.01 secs] 
Total time for which application threads were stopped: 0.0097680 seconds
2012-01-20T17:05:47.578+0000: 3435.691: [GC 3435.691: [ParNew: 27328K->5440K(27328K), 0.0096920 secs] 2715619K->2694343K(4188864K) icms_dc=0 , 0.0098170 secs] [Times: user=0.10 sys=0.00, real=0.01 secs] 
Total time for which application threads were stopped: 0.0102410 seconds
2012-01-20T17:05:49.019+0000: 3437.132: [GC 3437.133: [ParNew: 27328K->5440K(27328K), 0.0096970 secs] 2716231K->2694849K(4188864K) icms_dc=0 , 0.0098170 secs] [Times: user=0.10 sys=0.00, real=0.01 secs] 
Total time for which application threads were stopped: 0.0101650 seconds
2012-01-20T17:05:50.379+0000: 3438.492: [GC 3438.492: [ParNew: 27328K->5440K(27328K), 0.0084860 secs] 2716737K->2695279K(4188864K) icms_dc=0 , 0.0086100 secs] [Times: user=0.10 sys=0.00, real=0.01 secs] 
Total time for which application threads were stopped: 0.0090660 seconds
2012-01-20T17:05:51.792+0000: 3439.906: [GC 3439.906: [ParNew: 27328K->5440K(27328K), 0.0092600 secs] 2717167K->2695920K(4188864K) icms_dc=0 , 0.0093830 secs] [Times: user=0.10 sys=0.01, real=0.01 secs] 
Total time for which application threads were stopped: 0.0097630 seconds
2012-01-20T17:05:53.147+0000: 3441.260: [GC 3441.260: [ParNew: 27328K->5440K(27328K), 0.0094980 secs] 2717808K->2696487K(4188864K) icms_dc=0 , 0.0096180 secs] [Times: user=0.10 sys=0.00, real=0.01 secs] 
Total time for which application threads were stopped: 0.0099740 seconds
Total time for which application threads were stopped: 0.0001650 seconds
2012-01-20T17:05:54.745+0000: 3442.859: [GC 3442.859: [ParNew: 27328K->5440K(27328K), 0.0096410 secs] 2718375K->2697131K(4188864K) icms_dc=0 , 0.0097700 secs] [Times: user=0.10 sys=0.00, real=0.01 secs] 
Total time for which application threads were stopped: 0.0102420 seconds
2012-01-20T17:05:56.464+0000: 3444.577: [GC 3444.577: [ParNew: 27328K->5440K(27328K), 0.0093110 secs] 2719019K->2697693K(4188864K) icms_dc=0 , 0.0094420 secs] [Times: user=0.11 sys=0.00, real=0.01 secs] 
Total time for which application threads were stopped: 0.0097840 seconds
2012-01-20T17:05:58.032+0000: 3446.145: [GC 3446.145: [ParNew: 27328K->5440K(27328K), 0.0090940 secs] 2719581K->2698185K(4188864K) icms_dc=0 , 0.0092170 secs] [Times: user=0.09 sys=0.00, real=0.01 secs] 
Total time for which application threads were stopped: 0.0095750 seconds
2012-01-20T17:05:59.441+0000: 3447.554: [GC 3447.554: [ParNew: 27328K->5440K(27328K), 0.0095210 secs] 2720073K->2698784K(4188864K) icms_dc=0 , 0.0096460 secs] [Times: user=0.10 sys=0.00, real=0.01 secs] 
Total time for which application threads were stopped: 0.0100210 seconds
2012-01-20T17:06:00.924+0000: 3449.037: [GC 3449.037: [ParNew: 27328K->5440K(27328K), 0.0096370 secs] 2720672K->2699509K(4188864K) icms_dc=0 , 0.0097660 secs] [Times: user=0.10 sys=0.00, real=0.01 secs] 
Total time for which application threads were stopped: 0.0101990 seconds
2012-01-20T17:06:02.433+0000: 3450.546: [GC 3450.546: [ParNew: 27328K->5440K(27328K), 0.0101530 secs] 2721397K->2700222K(4188864K) icms_dc=0 , 0.0102790 secs] [Times: user=0.12 sys=0.00, real=0.02 secs] 
Total time for which application threads were stopped: 0.0106720 seconds
Total time for which application threads were stopped: 0.0010440 seconds
2012-01-20T17:06:03.990+0000: 3452.103: [GC 3452.103: [ParNew: 27328K->5439K(27328K), 0.0107980 secs] 2722110K->2700760K(4188864K) icms_dc=0 , 0.0109330 secs] [Times: user=0.10 sys=0.00, real=0.01 secs] 
Total time for which application threads were stopped: 0.0111690 seconds
2012-01-20T17:06:05.477+0000: 3453.590: [GC 3453.590: [ParNew: 27327K->5440K(27328K), 0.0096230 secs] 2722648K->2701299K(4188864K) icms_dc=0 , 0.0097470 secs] [Times: user=0.10 sys=0.00, real=0.01 secs] 
Total time for which application threads were stopped: 0.0101340 seconds
2012-01-20T17:06:07.002+0000: 3455.115: [GC 3455.115: [ParNew: 27328K->5376K(27328K), 0.0090880 secs] 2723187K->2701597K(4188864K) icms_dc=0 , 0.0092150 secs] [Times: user=0.10 sys=0.00, real=0.01 secs] 
Total time for which application threads were stopped: 0.0095940 seconds
2012-01-20T17:06:08.410+0000: 3456.524: [GC 3456.524: [ParNew: 27264K->5440K(27328K), 0.0083740 secs] 2723485K->2702111K(4188864K) icms_dc=0 , 0.0084940 secs] [Times: user=0.08 sys=0.01, real=0.01 secs] 
Total time for which application threads were stopped: 0.0088380 seconds
2012-01-20T17:06:09.741+0000: 3457.854: [GC 3457.854: [ParNew: 27328K->5288K(27328K), 0.0079350 secs] 2723999K->2702105K(4188864K) icms_dc=0 , 0.0080510 secs] [Times: user=0.09 sys=0.00, real=0.01 secs] 
Total time for which application threads were stopped: 0.0084290 seconds
2012-01-20T17:06:11.163+0000: 3459.276: [GC 3459.276: [ParNew: 27176K->5440K(27328K), 0.0079670 secs] 2723993K->2702468K(4188864K) icms_dc=0 , 0.0080970 secs] [Times: user=0.09 sys=0.00, real=0.01 secs] 
Total time for which application threads were stopped: 0.0085220 seconds
2012-01-20T17:06:12.716+0000: 3460.829: [GC 3460.829: [ParNew: 27328K->5404K(27328K), 0.0081960 secs] 2724356K->2702636K(4188864K) icms_dc=0 , 0.0083230 secs] [Times: user=0.09 sys=0.00, real=0.00 secs] 
Total time for which application threads were stopped: 0.0087190 seconds
Total time for which application threads were stopped: 0.0002820 seconds
2012-01-20T17:06:14.331+0000: 3462.444: [GC 3462.444: [ParNew: 27292K->5026K(27328K), 0.0081990 secs] 2724524K->2702461K(4188864K) icms_dc=0 , 0.0083280 secs] [Times: user=0.09 sys=0.01, real=0.01 secs] 
Total time for which application threads were stopped: 0.0086660 seconds
2012-01-20T17:06:16.021+0000: 3464.134: [GC 3464.134: [ParNew: 26914K->5440K(27328K), 0.0082030 secs] 2724349K->2703018K(4188864K) icms_dc=0 , 0.0083270 secs] [Times: user=0.10 sys=0.00, real=0.01 secs] 
Total time for which application threads were stopped: 0.0086940 seconds
2012-01-20T17:06:17.394+0000: 3465.507: [GC 3465.507: [ParNew: 27328K->5195K(27328K), 0.0084110 secs] 2724906K->2702909K(4188864K) icms_dc=0 , 0.0085410 secs] [Times: user=0.09 sys=0.00, real=0.01 secs] 
Total time for which application threads were stopped: 0.0089400 seconds
2012-01-20T17:06:18.893+0000: 3467.006: [GC 3467.006: [ParNew: 27083K->5440K(27328K), 0.0079570 secs] 2724797K->2703301K(4188864K) icms_dc=0 , 0.0080760 secs] [Times: user=0.09 sys=0.01, real=0.01 secs] 
Total time for which application threads were stopped: 0.0084270 seconds
2012-01-20T17:06:20.539+0000: 3468.652: [GC 3468.653: [ParNew: 27328K->5440K(27328K), 0.0080870 secs] 2725189K->2703419K(4188864K) icms_dc=0 , 0.0082130 secs] [Times: user=0.09 sys=0.00, real=0.01 secs] 
Total time for which application threads were stopped: 0.0086430 seconds
2012-01-20T17:06:21.876+0000: 3469.990: [GC 3469.990: [ParNew: 27328K->5440K(27328K), 0.0089480 secs] 2725307K->2703809K(4188864K) icms_dc=0 , 0.0090670 secs] [Times: user=0.09 sys=0.00, real=0.01 secs] 
Total time for which application threads were stopped: 0.0094910 seconds
2012-01-20T17:06:23.223+0000: 3471.336: [GC 3471.336: [ParNew: 27328K->5440K(27328K), 0.0071090 secs] 2725697K->2703814K(4188864K) icms_dc=0 , 0.0072290 secs] [Times: user=0.08 sys=0.00, real=0.01 secs] 
Total time for which application threads were stopped: 0.0076570 seconds
Total time for which application threads were stopped: 0.0002970 seconds
2012-01-20T17:06:24.744+0000: 3472.857: [GC 3472.857: [ParNew: 27328K->5440K(27328K), 0.0107050 secs] 2725702K->2704529K(4188864K) icms_dc=0 , 0.0108360 secs] [Times: user=0.11 sys=0.01, real=0.01 secs] 
Total time for which application threads were stopped: 0.0111940 seconds
2012-01-20T17:06:26.256+0000: 3474.370: [GC 3474.370: [ParNew: 27328K->5440K(27328K), 0.0086500 secs] 2726417K->2704821K(4188864K) icms_dc=0 , 0.0087710 secs] [Times: user=0.10 sys=0.00, real=0.00 secs] 
Total time for which application threads were stopped: 0.0091310 seconds
2012-01-20T17:06:27.513+0000: 3475.626: [GC 3475.626: [ParNew: 27328K->5440K(27328K), 0.0084960 secs] 2726709K->2705171K(4188864K) icms_dc=0 , 0.0085970 secs] [Times: user=0.09 sys=0.00, real=0.01 secs] 
Total time for which application threads were stopped: 0.0089600 seconds
2012-01-20T17:06:29.235+0000: 3477.348: [GC 3477.349: [ParNew: 27328K->5440K(27328K), 0.0078650 secs] 2727059K->2705394K(4188864K) icms_dc=0 , 0.0079650 secs] [Times: user=0.09 sys=0.01, real=0.01 secs] 
Total time for which application threads were stopped: 0.0083160 seconds
2012-01-20T17:06:30.765+0000: 3478.878: [GC 3478.878: [ParNew: 27328K->5440K(27328K), 0.0086270 secs] 2727282K->2705843K(4188864K) icms_dc=0 , 0.0087530 secs] [Times: user=0.09 sys=0.00, real=0.01 secs] 
Total time for which application threads were stopped: 0.0091180 seconds
2012-01-20T17:06:32.209+0000: 3480.322: [GC 3480.323: [ParNew: 27328K->5175K(27328K), 0.0079980 secs] 2727731K->2705715K(4188864K) icms_dc=0 , 0.0081680 secs] [Times: user=0.09 sys=0.00, real=0.01 secs] 
Total time for which application threads were stopped: 0.0086480 seconds
2012-01-20T17:06:33.706+0000: 3481.819: [GC 3481.819: [ParNew: 27063K->5440K(27328K), 0.0082780 secs] 2727603K->2706202K(4188864K) icms_dc=0 , 0.0083990 secs] [Times: user=0.09 sys=0.00, real=0.01 secs] 
Total time for which application threads were stopped: 0.0087590 seconds
Total time for which application threads were stopped: 0.0023410 seconds
Total time for which application threads were stopped: 0.0001130 seconds
2012-01-20T17:06:35.322+0000: 3483.435: [GC 3483.435: [ParNew: 27328K->5347K(27328K), 0.0085030 secs] 2728090K->2706336K(4188864K) icms_dc=0 , 0.0086220 secs] [Times: user=0.09 sys=0.00, real=0.01 secs] 
Total time for which application threads were stopped: 0.0089860 seconds
2012-01-20T17:06:36.744+0000: 3484.857: [GC 3484.857: [ParNew: 27235K->5248K(27328K), 0.0097660 secs] 2728224K->2706467K(4188864K) icms_dc=0 , 0.0098820 secs] [Times: user=0.12 sys=0.00, real=0.01 secs] 
Total time for which application threads were stopped: 0.0102580 seconds
2012-01-20T17:06:38.175+0000: 3486.288: [GC 3486.288: [ParNew: 27136K->5440K(27328K), 0.0077000 secs] 2728355K->2706829K(4188864K) icms_dc=0 , 0.0078170 secs] [Times: user=0.09 sys=0.00, real=0.01 secs] 
Total time for which application threads were stopped: 0.0081660 seconds
2012-01-20T17:06:39.783+0000: 3487.896: [GC 3487.897: [ParNew: 27328K->4936K(27328K), 0.0082490 secs] 2728717K->2706535K(4188864K) icms_dc=0 , 0.0083670 secs] [Times: user=0.09 sys=0.00, real=0.01 secs] 
Total time for which application threads were stopped: 0.0087290 seconds
2012-01-20T17:06:41.377+0000: 3489.490: [GC 3489.490: [ParNew: 26824K->5440K(27328K), 0.0078240 secs] 2728423K->2707243K(4188864K) icms_dc=0 , 0.0079400 secs] [Times: user=0.09 sys=0.00, real=0.01 secs] 
Total time for which application threads were stopped: 0.0083640 seconds
2012-01-20T17:06:43.124+0000: 3491.237: [GC 3491.237: [ParNew: 27328K->5440K(27328K), 0.0083910 secs] 2729131K->2707548K(4188864K) icms_dc=0 , 0.0085060 secs] [Times: user=0.10 sys=0.00, real=0.01 secs] 
Total time for which application threads were stopped: 0.0089130 seconds
Total time for which application threads were stopped: 0.0002940 seconds
2012-01-20T17:06:44.564+0000: 3492.677: [GC 3492.677: [ParNew: 27328K->5168K(27328K), 0.0088560 secs] 2729436K->2707518K(4188864K) icms_dc=0 , 0.0089800 secs] [Times: user=0.10 sys=0.00, real=0.01 secs] 
Total time for which application threads were stopped: 0.0093500 seconds
2012-01-20T17:06:45.847+0000: 3493.960: [GC 3493.960: [ParNew: 27056K->5440K(27328K), 0.0100240 secs] 2729406K->2708131K(4188864K) icms_dc=0 , 0.0101430 secs] [Times: user=0.12 sys=0.00, real=0.01 secs] 
Total time for which application threads were stopped: 0.0105180 seconds
2012-01-20T17:06:47.389+0000: 3495.502: [GC 3495.502: [ParNew: 27328K->5440K(27328K), 0.0080610 secs] 2730019K->2708405K(4188864K) icms_dc=0 , 0.0081760 secs] [Times: user=0.09 sys=0.00, real=0.00 secs] 
Total time for which application threads were stopped: 0.0085310 seconds
2012-01-20T17:06:48.793+0000: 3496.906: [GC 3496.906: [ParNew: 27328K->5440K(27328K), 0.0080590 secs] 2730293K->2708702K(4188864K) icms_dc=0 , 0.0081760 secs] [Times: user=0.09 sys=0.00, real=0.01 secs] 
Total time for which application threads were stopped: 0.0085710 seconds
2012-01-20T17:06:50.221+0000: 3498.335: [GC 3498.335: [ParNew: 27328K->5076K(27328K), 0.0076360 secs] 2730590K->2708399K(4188864K) icms_dc=0 , 0.0077530 secs] [Times: user=0.09 sys=0.00, real=0.01 secs] 
Total time for which application threads were stopped: 0.0081540 seconds
2012-01-20T17:06:51.727+0000: 3499.840: [GC 3499.840: [ParNew: 26964K->5440K(27328K), 0.0079100 secs] 2730287K->2708969K(4188864K) icms_dc=0 , 0.0080260 secs] [Times: user=0.09 sys=0.00, real=0.01 secs] 
Total time for which application threads were stopped: 0.0084050 seconds
2012-01-20T17:06:53.185+0000: 3501.298: [GC 3501.298: [ParNew: 27328K->5440K(27328K), 0.0087340 secs] 2730857K->2709343K(4188864K) icms_dc=0 , 0.0088930 secs] [Times: user=0.09 sys=0.00, real=0.01 secs] 
Total time for which application threads were stopped: 0.0093060 seconds
Total time for which application threads were stopped: 0.0003800 seconds
2012-01-20T17:06:54.653+0000: 3502.766: [GC 3502.766: [ParNew: 27328K->5440K(27328K), 0.0080890 secs] 2731231K->2709603K(4188864K) icms_dc=0 , 0.0082100 secs] [Times: user=0.09 sys=0.00, real=0.01 secs] 
Total time for which application threads were stopped: 0.0085570 seconds
2012-01-20T17:06:56.302+0000: 3504.415: [GC 3504.415: [ParNew: 27328K->5440K(27328K), 0.0082980 secs] 2731491K->2709783K(4188864K) icms_dc=0 , 0.0084130 secs] [Times: user=0.09 sys=0.00, real=0.01 secs] 
Total time for which application threads were stopped: 0.0088120 seconds
2012-01-20T17:06:58.123+0000: 3506.236: [GC 3506.236: [ParNew: 27328K->5440K(27328K), 0.0084790 secs] 2731671K->2710072K(4188864K) icms_dc=0 , 0.0085970 secs] [Times: user=0.09 sys=0.00, real=0.01 secs] 
Total time for which application threads were stopped: 0.0089390 seconds
2012-01-20T17:06:59.665+0000: 3507.778: [GC 3507.778: [ParNew: 27328K->5440K(27328K), 0.0093250 secs] 2731960K->2710454K(4188864K) icms_dc=0 , 0.0094670 secs] [Times: user=0.10 sys=0.01, real=0.01 secs] 
Total time for which application threads were stopped: 0.0098930 seconds
2012-01-20T17:07:01.263+0000: 3509.376: [GC 3509.376: [ParNew: 27328K->5119K(27328K), 0.0095690 secs] 2732342K->2710574K(4188864K) icms_dc=0 , 0.0097040 secs] [Times: user=0.10 sys=0.01, real=0.01 secs] 
Total time for which application threads were stopped: 0.0101450 seconds
2012-01-20T17:07:02.831+0000: 3510.944: [GC 3510.944: [ParNew: 27007K->5440K(27328K), 0.0080870 secs] 2732462K->2711065K(4188864K) icms_dc=0 , 0.0082210 secs] [Times: user=0.09 sys=0.00, real=0.00 secs] 
Total time for which application threads were stopped: 0.0086090 seconds
Total time for which application threads were stopped: 0.0003190 seconds
2012-01-20T17:07:04.712+0000: 3512.825: [GC 3512.825: [ParNew: 27328K->5440K(27328K), 0.0076710 secs] 2732953K->2711206K(4188864K) icms_dc=0 , 0.0078020 secs] [Times: user=0.09 sys=0.01, real=0.00 secs] 
Total time for which application threads were stopped: 0.0081920 seconds
2012-01-20T17:07:06.399+0000: 3514.512: [GC 3514.512: [ParNew: 27328K->5440K(27328K), 0.0081430 secs] 2733094K->2711474K(4188864K) icms_dc=0 , 0.0082720 secs] [Times: user=0.09 sys=0.00, real=0.01 secs] 
Total time for which application threads were stopped: 0.0086620 seconds
2012-01-20T17:07:08.057+0000: 3516.170: [GC 3516.170: [ParNew: 27328K->5417K(27328K), 0.0077340 secs] 2733362K->2711605K(4188864K) icms_dc=0 , 0.0078590 secs] [Times: user=0.09 sys=0.00, real=0.01 secs] 
Total time for which application threads were stopped: 0.0082570 seconds
2012-01-20T17:07:09.607+0000: 3517.720: [GC 3517.720: [ParNew: 27305K->5440K(27328K), 0.0083620 secs] 2733493K->2711934K(4188864K) icms_dc=0 , 0.0084920 secs] [Times: user=0.09 sys=0.01, real=0.01 secs] 
Total time for which application threads were stopped: 0.0088960 seconds
2012-01-20T17:07:11.018+0000: 3519.131: [GC 3519.131: [ParNew: 27328K->5438K(27328K), 0.0077860 secs] 2733822K->2712067K(4188864K) icms_dc=0 , 0.0079140 secs] [Times: user=0.09 sys=0.00, real=0.01 secs] 
Total time for which application threads were stopped: 0.0083690 seconds
2012-01-20T17:07:12.541+0000: 3520.654: [GC 3520.654: [ParNew: 27326K->5440K(27328K), 0.0083970 secs] 2733955K->2712349K(4188864K) icms_dc=0 , 0.0085280 secs] [Times: user=0.09 sys=0.00, real=0.01 secs] 
Total time for which application threads were stopped: 0.0089250 seconds
Total time for which application threads were stopped: 0.0003020 seconds
2012-01-20T17:07:14.016+0000: 3522.130: [GC 3522.130: [ParNew: 27328K->5440K(27328K), 0.0080570 secs] 2734237K->2712581K(4188864K) icms_dc=0 , 0.0081870 secs] [Times: user=0.10 sys=0.00, real=0.01 secs] 
Total time for which application threads were stopped: 0.0085040 seconds
2012-01-20T17:07:15.419+0000: 3523.532: [GC 3523.532: [ParNew: 27328K->5440K(27328K), 0.0090590 secs] 2734469K->2712968K(4188864K) icms_dc=0 , 0.0092270 secs] [Times: user=0.10 sys=0.00, real=0.01 secs] 
Total time for which application threads were stopped: 0.0096010 seconds
2012-01-20T17:07:16.809+0000: 3524.922: [GC 3524.922: [ParNew: 27328K->5440K(27328K), 0.0091720 secs] 2734856K->2713280K(4188864K) icms_dc=0 , 0.0093120 secs] [Times: user=0.10 sys=0.00, real=0.01 secs] 
Total time for which application threads were stopped: 0.0097420 seconds
2012-01-20T17:07:18.132+0000: 3526.245: [GC 3526.245: [ParNew: 27328K->5440K(27328K), 0.0087860 secs] 2735168K->2713699K(4188864K) icms_dc=0 , 0.0089140 secs] [Times: user=0.09 sys=0.01, real=0.01 secs] 
Total time for which application threads were stopped: 0.0093060 seconds
2012-01-20T17:07:19.482+0000: 3527.595: [GC 3527.595: [ParNew: 27328K->5440K(27328K), 0.0083120 secs] 2735587K->2713836K(4188864K) icms_dc=0 , 0.0084380 secs] [Times: user=0.10 sys=0.00, real=0.01 secs] 
Total time for which application threads were stopped: 0.0088730 seconds
2012-01-20T17:07:20.779+0000: 3528.892: [GC 3528.892: [ParNew: 27328K->5440K(27328K), 0.0101350 secs] 2735724K->2714486K(4188864K) icms_dc=0 , 0.0102640 secs] [Times: user=0.11 sys=0.00, real=0.01 secs] 
Total time for which application threads were stopped: 0.0106390 seconds
2012-01-20T17:07:22.383+0000: 3530.496: [GC 3530.496: [ParNew: 27328K->5440K(27328K), 0.0084530 secs] 2736374K->2714798K(4188864K) icms_dc=0 , 0.0085800 secs] [Times: user=0.08 sys=0.00, real=0.00 secs] 
Total time for which application threads were stopped: 0.0089500 seconds
2012-01-20T17:07:23.828+0000: 3531.941: [GC 3531.941: [ParNew: 27328K->5440K(27328K), 0.0098100 secs] 2736686K->2715453K(4188864K) icms_dc=0 , 0.0099380 secs] [Times: user=0.11 sys=0.00, real=0.01 secs] 
Total time for which application threads were stopped: 0.0103160 seconds
Total time for which application threads were stopped: 0.0001440 seconds
2012-01-20T17:07:25.407+0000: 3533.521: [GC 3533.521: [ParNew: 27328K->5440K(27328K), 0.0086810 secs] 2737341K->2715879K(4188864K) icms_dc=0 , 0.0088100 secs] [Times: user=0.09 sys=0.00, real=0.01 secs] 
Total time for which application threads were stopped: 0.0092070 seconds
2012-01-20T17:07:26.961+0000: 3535.074: [GC 3535.074: [ParNew: 27328K->5440K(27328K), 0.0097830 secs] 2737767K->2716553K(4188864K) icms_dc=0 , 0.0099100 secs] [Times: user=0.10 sys=0.00, real=0.01 secs] 
Total time for which application threads were stopped: 0.0102790 seconds
2012-01-20T17:07:28.424+0000: 3536.537: [GC 3536.537: [ParNew: 27328K->5440K(27328K), 0.0096130 secs] 2738441K->2717199K(4188864K) icms_dc=0 , 0.0097410 secs] [Times: user=0.10 sys=0.01, real=0.01 secs] 
Total time for which application threads were stopped: 0.0101690 seconds
2012-01-20T17:07:29.842+0000: 3537.955: [GC 3537.955: [ParNew: 27328K->5440K(27328K), 0.0107220 secs] 2739087K->2717771K(4188864K) icms_dc=0 , 0.0108510 secs] [Times: user=0.09 sys=0.00, real=0.02 secs] 
Total time for which application threads were stopped: 0.0114660 seconds
2012-01-20T17:07:31.260+0000: 3539.373: [GC 3539.373: [ParNew: 27328K->5355K(27328K), 0.0086620 secs] 2739659K->2717967K(4188864K) icms_dc=0 , 0.0087920 secs] [Times: user=0.10 sys=0.00, real=0.01 secs] 
Total time for which application threads were stopped: 0.0092310 seconds
2012-01-20T17:07:32.739+0000: 3540.852: [GC 3540.853: [ParNew: 27243K->5440K(27328K), 0.0081030 secs] 2739855K->2718354K(4188864K) icms_dc=0 , 0.0082310 secs] [Times: user=0.09 sys=0.00, real=0.01 secs] 
Total time for which application threads were stopped: 0.0086610 seconds
Total time for which application threads were stopped: 0.0002600 seconds
2012-01-20T17:07:34.225+0000: 3542.338: [GC 3542.338: [ParNew: 27328K->5440K(27328K), 0.0086000 secs] 2740242K->2718827K(4188864K) icms_dc=0 , 0.0087330 secs] [Times: user=0.09 sys=0.00, real=0.00 secs] 
Total time for which application threads were stopped: 0.0090200 seconds
2012-01-20T17:07:35.707+0000: 3543.820: [GC 3543.820: [ParNew: 27328K->5440K(27328K), 0.0081260 secs] 2740715K->2719007K(4188864K) icms_dc=0 , 0.0082520 secs] [Times: user=0.09 sys=0.00, real=0.01 secs] 
Total time for which application threads were stopped: 0.0086750 seconds
2012-01-20T17:07:37.132+0000: 3545.245: [GC 3545.245: [ParNew: 27328K->5440K(27328K), 0.0078950 secs] 2740895K->2719198K(4188864K) icms_dc=0 , 0.0080170 secs] [Times: user=0.09 sys=0.00, real=0.01 secs] 
Total time for which application threads were stopped: 0.0084440 seconds
2012-01-20T17:07:38.548+0000: 3546.661: [GC 3546.661: [ParNew: 27328K->5440K(27328K), 0.0081780 secs] 2741086K->2719489K(4188864K) icms_dc=0 , 0.0082990 secs] [Times: user=0.09 sys=0.01, real=0.01 secs] 
Total time for which application threads were stopped: 0.0086780 seconds
2012-01-20T17:07:40.039+0000: 3548.152: [GC 3548.152: [ParNew: 27328K->5440K(27328K), 0.0083590 secs] 2741377K->2719681K(4188864K) icms_dc=0 , 0.0084810 secs] [Times: user=0.09 sys=0.00, real=0.01 secs] 
Total time for which application threads were stopped: 0.0088640 seconds
2012-01-20T17:07:41.565+0000: 3549.678: [GC 3549.678: [ParNew: 27328K->5440K(27328K), 0.0086110 secs] 2741569K->2719962K(4188864K) icms_dc=0 , 0.0087380 secs] [Times: user=0.09 sys=0.00, real=0.00 secs] 
Total time for which application threads were stopped: 0.0091740 seconds
2012-01-20T17:07:42.914+0000: 3551.028: [GC 3551.028: [ParNew: 27328K->5440K(27328K), 0.0088110 secs] 2741850K->2720316K(4188864K) icms_dc=0 , 0.0089420 secs] [Times: user=0.10 sys=0.00, real=0.00 secs] 
Total time for which application threads were stopped: 0.0093720 seconds
Total time for which application threads were stopped: 0.0003040 seconds
2012-01-20T17:07:44.302+0000: 3552.415: [GC 3552.415: [ParNew: 27328K->5440K(27328K), 0.0087840 secs] 2742204K->2720762K(4188864K) icms_dc=0 , 0.0089130 secs] [Times: user=0.10 sys=0.01, real=0.01 secs] 
Total time for which application threads were stopped: 0.0092160 seconds
2012-01-20T17:07:45.787+0000: 3553.900: [GC 3553.900: [ParNew: 27328K->5440K(27328K), 0.0096960 secs] 2742650K->2721211K(4188864K) icms_dc=0 , 0.0098260 secs] [Times: user=0.11 sys=0.00, real=0.01 secs] 
Total time for which application threads were stopped: 0.0102640 seconds
2012-01-20T17:07:47.482+0000: 3555.595: [GC 3555.595: [ParNew: 27328K->5440K(27328K), 0.0089170 secs] 2743099K->2721724K(4188864K) icms_dc=0 , 0.0090450 secs] [Times: user=0.11 sys=0.00, real=0.01 secs] 
Total time for which application threads were stopped: 0.0094850 seconds
2012-01-20T17:07:49.182+0000: 3557.296: [GC 3557.296: [ParNew: 27328K->5440K(27328K), 0.0087730 secs] 2743612K->2722148K(4188864K) icms_dc=0 , 0.0089020 secs] [Times: user=0.09 sys=0.00, real=0.01 secs] 
Total time for which application threads were stopped: 0.0093060 seconds
2012-01-20T17:07:50.670+0000: 3558.783: [GC 3558.783: [ParNew: 27328K->5440K(27328K), 0.0107960 secs] 2744036K->2722830K(4188864K) icms_dc=0 , 0.0109230 secs] [Times: user=0.12 sys=0.00, real=0.01 secs] 
Total time for which application threads were stopped: 0.0113280 seconds
2012-01-20T17:07:52.117+0000: 3560.230: [GC 3560.230: [ParNew: 27328K->5440K(27328K), 0.0093030 secs] 2744718K->2723458K(4188864K) icms_dc=0 , 0.0094240 secs] [Times: user=0.10 sys=0.00, real=0.01 secs] 
Total time for which application threads were stopped: 0.0098190 seconds
2012-01-20T17:07:53.655+0000: 3561.768: [GC 3561.768: [ParNew: 27328K->5440K(27328K), 0.0101260 secs] 2745346K->2724014K(4188864K) icms_dc=0 , 0.0102480 secs] [Times: user=0.10 sys=0.01, real=0.01 secs] 
Total time for which application threads were stopped: 0.0106820 seconds
Total time for which application threads were stopped: 0.0001450 seconds
2012-01-20T17:07:55.107+0000: 3563.221: [GC 3563.221: [ParNew: 27328K->5440K(27328K), 0.0105380 secs] 2745902K->2724746K(4188864K) icms_dc=0 , 0.0106640 secs] [Times: user=0.11 sys=0.01, real=0.01 secs] 
Total time for which application threads were stopped: 0.0110650 seconds
2012-01-20T17:07:56.479+0000: 3564.593: [GC 3564.593: [ParNew: 27328K->5440K(27328K), 0.0091970 secs] 2746634K->2725270K(4188864K) icms_dc=0 , 0.0093180 secs] [Times: user=0.10 sys=0.00, real=0.01 secs] 
Total time for which application threads were stopped: 0.0097010 seconds
2012-01-20T17:07:57.985+0000: 3566.099: [GC 3566.099: [ParNew: 27328K->5440K(27328K), 0.0098030 secs] 2747158K->2726016K(4188864K) icms_dc=0 , 0.0099300 secs] [Times: user=0.10 sys=0.01, real=0.01 secs] 
Total time for which application threads were stopped: 0.0103670 seconds
2012-01-20T17:07:59.449+0000: 3567.562: [GC 3567.563: [ParNew: 27328K->5440K(27328K), 0.0099580 secs] 2747904K->2726605K(4188864K) icms_dc=0 , 0.0100790 secs] [Times: user=0.12 sys=0.01, real=0.01 secs] 
Total time for which application threads were stopped: 0.0104710 seconds
2012-01-20T17:08:00.836+0000: 3568.949: [GC 3568.949: [ParNew: 27328K->5440K(27328K), 0.0098030 secs] 2748493K->2727285K(4188864K) icms_dc=0 , 0.0099230 secs] [Times: user=0.10 sys=0.01, real=0.01 secs] 
Total time for which application threads were stopped: 0.0103090 seconds
2012-01-20T17:08:02.330+0000: 3570.443: [GC 3570.443: [ParNew: 27328K->5440K(27328K), 0.0096860 secs] 2749173K->2728007K(4188864K) icms_dc=0 , 0.0098080 secs] [Times: user=0.10 sys=0.01, real=0.01 secs] 
Total time for which application threads were stopped: 0.0101800 seconds
2012-01-20T17:08:03.634+0000: 3571.747: [GC 3571.747: [ParNew: 27328K->5440K(27328K), 0.0093660 secs] 2749895K->2728610K(4188864K) icms_dc=0 , 0.0094870 secs] [Times: user=0.10 sys=0.01, real=0.01 secs] 
Total time for which application threads were stopped: 0.0098660 seconds
Total time for which application threads were stopped: 0.0001440 seconds
2012-01-20T17:08:05.029+0000: 3573.142: [GC 3573.142: [ParNew: 27328K->5440K(27328K), 0.0092800 secs] 2750498K->2729242K(4188864K) icms_dc=0 , 0.0094030 secs] [Times: user=0.10 sys=0.01, real=0.01 secs] 
Total time for which application threads were stopped: 0.0097600 seconds
2012-01-20T17:08:06.570+0000: 3574.683: [GC 3574.683: [ParNew: 27328K->5440K(27328K), 0.0104640 secs] 2751130K->2729805K(4188864K) icms_dc=0 , 0.0105870 secs] [Times: user=0.11 sys=0.00, real=0.01 secs] 
Total time for which application threads were stopped: 0.0109550 seconds
2012-01-20T17:08:08.049+0000: 3576.162: [GC 3576.162: [ParNew: 27328K->5440K(27328K), 0.0097200 secs] 2751693K->2730569K(4188864K) icms_dc=0 , 0.0098440 secs] [Times: user=0.10 sys=0.00, real=0.01 secs] 
Total time for which application threads were stopped: 0.0102120 seconds
2012-01-20T17:08:09.526+0000: 3577.639: [GC 3577.639: [ParNew: 27328K->5440K(27328K), 0.0097850 secs] 2752457K->2731150K(4188864K) icms_dc=0 , 0.0099080 secs] [Times: user=0.11 sys=0.01, real=0.01 secs] 
Total time for which application threads were stopped: 0.0103390 seconds
2012-01-20T17:08:11.068+0000: 3579.181: [GC 3579.181: [ParNew: 27328K->5440K(27328K), 0.0100150 secs] 2753038K->2731771K(4188864K) icms_dc=0 , 0.0101390 secs] [Times: user=0.11 sys=0.00, real=0.01 secs] 
Total time for which application threads were stopped: 0.0105300 seconds
2012-01-20T17:08:12.292+0000: 3580.405: [GC 3580.405: [ParNew: 27328K->5440K(27328K), 0.0092170 secs] 2753659K->2732322K(4188864K) icms_dc=0 , 0.0093310 secs] [Times: user=0.11 sys=0.00, real=0.01 secs] 
Total time for which application threads were stopped: 0.0096920 seconds
2012-01-20T17:08:13.886+0000: 3581.999: [GC 3581.999: [ParNew: 27328K->5440K(27328K), 0.0092910 secs] 2754210K->2732840K(4188864K) icms_dc=0 , 0.0094100 secs] [Times: user=0.10 sys=0.00, real=0.01 secs] 
Total time for which application threads were stopped: 0.0098430 seconds
Total time for which application threads were stopped: 0.0001450 seconds
2012-01-20T17:08:15.558+0000: 3583.671: [GC 3583.671: [ParNew: 27328K->5440K(27328K), 0.0098730 secs] 2754728K->2733570K(4188864K) icms_dc=0 , 0.0100080 secs] [Times: user=0.10 sys=0.01, real=0.01 secs] 
Total time for which application threads were stopped: 0.0104120 seconds
2012-01-20T17:08:16.977+0000: 3585.090: [GC 3585.091: [ParNew: 27328K->5440K(27328K), 0.0090540 secs] 2755458K->2734056K(4188864K) icms_dc=0 , 0.0091810 secs] [Times: user=0.10 sys=0.01, real=0.01 secs] 
Total time for which application threads were stopped: 0.0096070 seconds
2012-01-20T17:08:18.393+0000: 3586.507: [GC 3586.507: [ParNew: 27328K->5440K(27328K), 0.0098430 secs] 2755944K->2734656K(4188864K) icms_dc=0 , 0.0099760 secs] [Times: user=0.10 sys=0.01, real=0.01 secs] 
Total time for which application threads were stopped: 0.0104020 seconds
2012-01-20T17:08:19.923+0000: 3588.036: [GC 3588.036: [ParNew: 27328K->5440K(27328K), 0.0092980 secs] 2756544K->2735213K(4188864K) icms_dc=0 , 0.0094290 secs] [Times: user=0.11 sys=0.00, real=0.01 secs] 
Total time for which application threads were stopped: 0.0098720 seconds
2012-01-20T17:08:21.298+0000: 3589.411: [GC 3589.411: [ParNew: 27328K->5440K(27328K), 0.0081170 secs] 2757101K->2735550K(4188864K) icms_dc=0 , 0.0082490 secs] [Times: user=0.09 sys=0.00, real=0.01 secs] 
Total time for which application threads were stopped: 0.0087220 seconds
2012-01-20T17:08:22.764+0000: 3590.877: [GC 3590.877: [ParNew: 27328K->5440K(27328K), 0.0091180 secs] 2757438K->2735833K(4188864K) icms_dc=0 , 0.0092440 secs] [Times: user=0.11 sys=0.00, real=0.01 secs] 
Total time for which application threads were stopped: 0.0096300 seconds
Total time for which application threads were stopped: 0.0002710 seconds
2012-01-20T17:08:24.161+0000: 3592.274: [GC 3592.274: [ParNew: 27328K->5440K(27328K), 0.0087680 secs] 2757721K->2736071K(4188864K) icms_dc=0 , 0.0088970 secs] [Times: user=0.11 sys=0.00, real=0.01 secs] 
Total time for which application threads were stopped: 0.0091820 seconds
2012-01-20T17:08:25.430+0000: 3593.544: [GC 3593.544: [ParNew: 27328K->5440K(27328K), 0.0091930 secs] 2757959K->2736491K(4188864K) icms_dc=0 , 0.0093220 secs] [Times: user=0.10 sys=0.01, real=0.01 secs] 
Total time for which application threads were stopped: 0.0097200 seconds
2012-01-20T17:08:26.938+0000: 3595.051: [GC 3595.051: [ParNew: 27328K->5440K(27328K), 0.0091330 secs] 2758379K->2736852K(4188864K) icms_dc=0 , 0.0092650 secs] [Times: user=0.10 sys=0.01, real=0.01 secs] 
Total time for which application threads were stopped: 0.0096590 seconds
2012-01-20T17:08:28.180+0000: 3596.293: [GC 3596.293: [ParNew: 27328K->5440K(27328K), 0.0096770 secs] 2758740K->2737319K(4188864K) icms_dc=0 , 0.0098080 secs] [Times: user=0.10 sys=0.00, real=0.01 secs] 
Total time for which application threads were stopped: 0.0102070 seconds
2012-01-20T17:08:29.480+0000: 3597.593: [GC 3597.593: [ParNew: 27328K->5440K(27328K), 0.0086300 secs] 2759207K->2737656K(4188864K) icms_dc=0 , 0.0087580 secs] [Times: user=0.09 sys=0.00, real=0.00 secs] 
Total time for which application threads were stopped: 0.0091980 seconds
2012-01-20T17:08:30.773+0000: 3598.886: [GC 3598.886: [ParNew: 27328K->5440K(27328K), 0.0093430 secs] 2759544K->2738239K(4188864K) icms_dc=0 , 0.0094760 secs] [Times: user=0.11 sys=0.00, real=0.01 secs] 
Total time for which application threads were stopped: 0.0099380 seconds
2012-01-20T17:08:32.238+0000: 3600.352: [GC 3600.352: [ParNew: 27328K->5440K(27328K), 0.0095340 secs] 2760127K->2738943K(4188864K) icms_dc=0 , 0.0096670 secs] [Times: user=0.10 sys=0.00, real=0.01 secs] 
Total time for which application threads were stopped: 0.0101140 seconds
2012-01-20T17:08:33.956+0000: 3602.069: [GC 3602.069: [ParNew: 27328K->5440K(27328K), 0.0095940 secs] 2760831K->2739511K(4188864K) icms_dc=0 , 0.0097230 secs] [Times: user=0.10 sys=0.00, real=0.01 secs] 
Total time for which application threads were stopped: 0.0101010 seconds
Total time for which application threads were stopped: 0.0001400 seconds
2012-01-20T17:08:35.630+0000: 3603.743: [GC 3603.743: [ParNew: 27328K->5440K(27328K), 0.0095820 secs] 2761399K->2740197K(4188864K) icms_dc=0 , 0.0097160 secs] [Times: user=0.10 sys=0.01, real=0.01 secs] 
Total time for which application threads were stopped: 0.0101760 seconds
2012-01-20T17:08:37.233+0000: 3605.346: [GC 3605.347: [ParNew: 27328K->5440K(27328K), 0.0101130 secs] 2762085K->2740923K(4188864K) icms_dc=0 , 0.0102430 secs] [Times: user=0.09 sys=0.01, real=0.01 secs] 
Total time for which application threads were stopped: 0.0106730 seconds
2012-01-20T17:08:38.623+0000: 3606.736: [GC 3606.736: [ParNew: 27328K->5440K(27328K), 0.0103960 secs] 2762811K->2741604K(4188864K) icms_dc=0 , 0.0105680 secs] [Times: user=0.11 sys=0.01, real=0.01 secs] 
Total time for which application threads were stopped: 0.0109920 seconds
2012-01-20T17:08:40.163+0000: 3608.276: [GC 3608.276: [ParNew: 27328K->5440K(27328K), 0.0088490 secs] 2763492K->2741862K(4188864K) icms_dc=0 , 0.0089780 secs] [Times: user=0.10 sys=0.01, real=0.01 secs] 
Total time for which application threads were stopped: 0.0093620 seconds
2012-01-20T17:08:41.639+0000: 3609.752: [GC 3609.752: [ParNew: 27328K->5440K(27328K), 0.0083080 secs] 2763750K->2742277K(4188864K) icms_dc=0 , 0.0084290 secs] [Times: user=0.09 sys=0.00, real=0.01 secs] 
Total time for which application threads were stopped: 0.0088640 seconds
2012-01-20T17:08:43.059+0000: 3611.172: [GC 3611.172: [ParNew: 27328K->5440K(27328K), 0.0081850 secs] 2764165K->2742522K(4188864K) icms_dc=0 , 0.0083110 secs] [Times: user=0.09 sys=0.00, real=0.01 secs] 
Total time for which application threads were stopped: 0.0087270 seconds
Total time for which application threads were stopped: 0.0002770 seconds
2012-01-20T17:08:44.531+0000: 3612.644: [GC 3612.644: [ParNew: 27328K->5439K(27328K), 0.0085960 secs] 2764410K->2742821K(4188864K) icms_dc=0 , 0.0087340 secs] [Times: user=0.09 sys=0.01, real=0.01 secs] 
Total time for which application threads were stopped: 0.0089980 seconds
2012-01-20T17:08:46.014+0000: 3614.127: [GC 3614.127: [ParNew: 27327K->5440K(27328K), 0.0086450 secs] 2764709K->2743143K(4188864K) icms_dc=0 , 0.0087730 secs] [Times: user=0.10 sys=0.00, real=0.01 secs] 
Total time for which application threads were stopped: 0.0091530 seconds
2012-01-20T17:08:47.700+0000: 3615.813: [GC 3615.813: [ParNew: 27328K->5440K(27328K), 0.0086380 secs] 2765031K->2743485K(4188864K) icms_dc=0 , 0.0087650 secs] [Times: user=0.10 sys=0.00, real=0.01 secs] 
Total time for which application threads were stopped: 0.0091360 seconds
2012-01-20T17:08:49.375+0000: 3617.488: [GC 3617.488: [ParNew: 27328K->5440K(27328K), 0.0089680 secs] 2765373K->2743841K(4188864K) icms_dc=0 , 0.0090960 secs] [Times: user=0.10 sys=0.00, real=0.01 secs] 
Total time for which application threads were stopped: 0.0094780 seconds
2012-01-20T17:08:50.856+0000: 3618.969: [GC 3618.970: [ParNew: 27328K->5440K(27328K), 0.0095590 secs] 2765729K->2744417K(4188864K) icms_dc=0 , 0.0096860 secs] [Times: user=0.10 sys=0.01, real=0.01 secs] 
Total time for which application threads were stopped: 0.0100980 seconds
2012-01-20T17:08:52.133+0000: 3620.246: [GC 3620.246: [ParNew: 27328K->5440K(27328K), 0.0100760 secs] 2766305K->2745025K(4188864K) icms_dc=0 , 0.0102050 secs] [Times: user=0.11 sys=0.00, real=0.01 secs] 
Total time for which application threads were stopped: 0.0105740 seconds
2012-01-20T17:08:53.484+0000: 3621.597: [GC 3621.597: [ParNew: 27328K->5439K(27328K), 0.0088670 secs] 2766913K->2745574K(4188864K) icms_dc=0 , 0.0090000 secs] [Times: user=0.09 sys=0.01, real=0.01 secs] 
Total time for which application threads were stopped: 0.0094490 seconds
Total time for which application threads were stopped: 0.0003020 seconds
2012-01-20T17:08:55.077+0000: 3623.190: [GC 3623.190: [ParNew: 27327K->5440K(27328K), 0.0086960 secs] 2767462K->2745964K(4188864K) icms_dc=0 , 0.0088280 secs] [Times: user=0.10 sys=0.00, real=0.01 secs] 
Total time for which application threads were stopped: 0.0092510 seconds
2012-01-20T17:08:56.533+0000: 3624.646: [GC 3624.647: [ParNew: 27328K->5440K(27328K), 0.0093320 secs] 2767852K->2746506K(4188864K) icms_dc=0 , 0.0094590 secs] [Times: user=0.11 sys=0.00, real=0.01 secs] 
Total time for which application threads were stopped: 0.0098520 seconds
2012-01-20T17:08:57.933+0000: 3626.046: [GC 3626.047: [ParNew: 27328K->5440K(27328K), 0.0098710 secs] 2768394K->2747152K(4188864K) icms_dc=0 , 0.0100060 secs] [Times: user=0.10 sys=0.01, real=0.01 secs] 
Total time for which application threads were stopped: 0.0104520 seconds
2012-01-20T17:08:59.503+0000: 3627.616: [GC 3627.616: [ParNew: 27328K->5440K(27328K), 0.0088590 secs] 2769040K->2747601K(4188864K) icms_dc=0 , 0.0089880 secs] [Times: user=0.10 sys=0.00, real=0.01 secs] 
Total time for which application threads were stopped: 0.0093750 seconds
2012-01-20T17:09:00.950+0000: 3629.063: [GC 3629.063: [ParNew: 27328K->5440K(27328K), 0.0100180 secs] 2769489K->2748080K(4188864K) icms_dc=0 , 0.0101500 secs] [Times: user=0.11 sys=0.00, real=0.01 secs] 
Total time for which application threads were stopped: 0.0105780 seconds
2012-01-20T17:09:02.433+0000: 3630.546: [GC 3630.546: [ParNew: 27328K->5440K(27328K), 0.0083850 secs] 2769968K->2748410K(4188864K) icms_dc=0 , 0.0085120 secs] [Times: user=0.09 sys=0.01, real=0.01 secs] 
Total time for which application threads were stopped: 0.0089230 seconds
2012-01-20T17:09:03.830+0000: 3631.943: [GC 3631.943: [ParNew: 27328K->5440K(27328K), 0.0093640 secs] 2770298K->2749043K(4188864K) icms_dc=0 , 0.0094900 secs] [Times: user=0.10 sys=0.00, real=0.01 secs] 
Total time for which application threads were stopped: 0.0099230 seconds
Total time for which application threads were stopped: 0.0002090 seconds
2012-01-20T17:09:05.123+0000: 3633.236: [GC 3633.236: [ParNew: 27328K->5440K(27328K), 0.0093690 secs] 2770931K->2749635K(4188864K) icms_dc=0 , 0.0094990 secs] [Times: user=0.09 sys=0.00, real=0.01 secs] 
Total time for which application threads were stopped: 0.0098880 seconds
2012-01-20T17:09:06.515+0000: 3634.628: [GC 3634.628: [ParNew: 27328K->5440K(27328K), 0.0097580 secs] 2771523K->2750238K(4188864K) icms_dc=0 , 0.0098880 secs] [Times: user=0.10 sys=0.00, real=0.01 secs] 
Total time for which application threads were stopped: 0.0103240 seconds
2012-01-20T17:09:08.019+0000: 3636.132: [GC 3636.132: [ParNew: 27328K->5440K(27328K), 0.0089720 secs] 2772126K->2750635K(4188864K) icms_dc=0 , 0.0090990 secs] [Times: user=0.10 sys=0.00, real=0.01 secs] 
Total time for which application threads were stopped: 0.0095280 seconds
2012-01-20T17:09:09.595+0000: 3637.709: [GC 3637.709: [ParNew: 27328K->5440K(27328K), 0.0098460 secs] 2772523K->2751187K(4188864K) icms_dc=0 , 0.0099770 secs] [Times: user=0.11 sys=0.00, real=0.01 secs] 
Total time for which application threads were stopped: 0.0104020 seconds
2012-01-20T17:09:11.246+0000: 3639.359: [GC 3639.360: [ParNew: 27328K->5440K(27328K), 0.0105010 secs] 2773075K->2751761K(4188864K) icms_dc=0 , 0.0106340 secs] [Times: user=0.11 sys=0.01, real=0.01 secs] 
Total time for which application threads were stopped: 0.0110820 seconds
2012-01-20T17:09:12.722+0000: 3640.836: [GC 3640.836: [ParNew: 27328K->5440K(27328K), 0.0090400 secs] 2773649K->2752265K(4188864K) icms_dc=0 , 0.0091670 secs] [Times: user=0.10 sys=0.00, real=0.01 secs] 
Total time for which application threads were stopped: 0.0095550 seconds
Total time for which application threads were stopped: 0.0002710 seconds
2012-01-20T17:09:14.188+0000: 3642.301: [GC 3642.301: [ParNew: 27328K->5440K(27328K), 0.0085830 secs] 2774153K->2752577K(4188864K) icms_dc=0 , 0.0087160 secs] [Times: user=0.10 sys=0.00, real=0.01 secs] 
Total time for which application threads were stopped: 0.0089820 seconds
2012-01-20T17:09:15.419+0000: 3643.532: [GC 3643.532: [ParNew: 27328K->5440K(27328K), 0.0091630 secs] 2774465K->2753002K(4188864K) icms_dc=0 , 0.0092900 secs] [Times: user=0.10 sys=0.00, real=0.01 secs] 
Total time for which application threads were stopped: 0.0096670 seconds
2012-01-20T17:09:16.653+0000: 3644.766: [GC 3644.766: [ParNew: 27328K->5394K(27328K), 0.0089320 secs] 2774890K->2753384K(4188864K) icms_dc=0 , 0.0090600 secs] [Times: user=0.10 sys=0.00, real=0.01 secs] 
Total time for which application threads were stopped: 0.0094410 seconds
2012-01-20T17:09:18.042+0000: 3646.155: [GC 3646.155: [ParNew: 27282K->5440K(27328K), 0.0098990 secs] 2775272K->2753719K(4188864K) icms_dc=0 , 0.0100290 secs] [Times: user=0.11 sys=0.00, real=0.01 secs] 
Total time for which application threads were stopped: 0.0104140 seconds
2012-01-20T17:09:19.676+0000: 3647.790: [GC 3647.790: [ParNew: 27328K->5440K(27328K), 0.0083570 secs] 2775607K->2753952K(4188864K) icms_dc=0 , 0.0084810 secs] [Times: user=0.09 sys=0.00, real=0.00 secs] 
Total time for which application threads were stopped: 0.0089130 seconds
2012-01-20T17:09:21.213+0000: 3649.326: [GC 3649.326: [ParNew: 27328K->4948K(27328K), 0.0077600 secs] 2775840K->2753699K(4188864K) icms_dc=0 , 0.0078910 secs] [Times: user=0.09 sys=0.00, real=0.01 secs] 
Total time for which application threads were stopped: 0.0083190 seconds
2012-01-20T17:09:22.528+0000: 3650.641: [GC 3650.641: [ParNew: 26836K->5440K(27328K), 0.0081650 secs] 2775587K->2754390K(4188864K) icms_dc=0 , 0.0082910 secs] [Times: user=0.09 sys=0.00, real=0.00 secs] 
Total time for which application threads were stopped: 0.0086660 seconds
2012-01-20T17:09:24.026+0000: 3652.139: [GC 3652.139: [ParNew: 27328K->5440K(27328K), 0.0088230 secs] 2776278K->2754755K(4188864K) icms_dc=0 , 0.0089530 secs] [Times: user=0.10 sys=0.00, real=0.01 secs] 
Total time for which application threads were stopped: 0.0093480 seconds
Total time for which application threads were stopped: 0.0001540 seconds
2012-01-20T17:09:25.514+0000: 3653.628: [GC 3653.628: [ParNew: 27328K->5440K(27328K), 0.0088530 secs] 2776643K->2755069K(4188864K) icms_dc=0 , 0.0089830 secs] [Times: user=0.10 sys=0.00, real=0.01 secs] 
Total time for which application threads were stopped: 0.0093680 seconds
2012-01-20T17:09:26.891+0000: 3655.004: [GC 3655.004: [ParNew: 27328K->5440K(27328K), 0.0087810 secs] 2776957K->2755401K(4188864K) icms_dc=0 , 0.0089100 secs] [Times: user=0.10 sys=0.00, real=0.01 secs] 
Total time for which application threads were stopped: 0.0093060 seconds
2012-01-20T17:09:28.345+0000: 3656.458: [GC 3656.458: [ParNew: 27328K->5440K(27328K), 0.0091020 secs] 2777289K->2755875K(4188864K) icms_dc=0 , 0.0092360 secs] [Times: user=0.09 sys=0.00, real=0.01 secs] 
Total time for which application threads were stopped: 0.0096400 seconds
2012-01-20T17:09:29.664+0000: 3657.777: [GC 3657.777: [ParNew: 27328K->5440K(27328K), 0.0091490 secs] 2777763K->2756305K(4188864K) icms_dc=0 , 0.0092830 secs] [Times: user=0.10 sys=0.01, real=0.01 secs] 
Total time for which application threads were stopped: 0.0096660 seconds
Total time for which application threads were stopped: 0.0003980 seconds
2012-01-20T17:09:31.347+0000: 3659.460: [GC 3659.461: [ParNew: 27328K->5440K(27328K), 0.0106210 secs] 2778193K->2757087K(4188864K) icms_dc=0 , 0.0107530 secs] [Times: user=0.10 sys=0.01, real=0.01 secs] 
Total time for which application threads were stopped: 0.0111580 seconds
2012-01-20T17:09:32.710+0000: 3660.823: [GC 3660.824: [ParNew: 27328K->5440K(27328K), 0.0091410 secs] 2778975K->2757534K(4188864K) icms_dc=0 , 0.0092680 secs] [Times: user=0.10 sys=0.00, real=0.01 secs] 
Total time for which application threads were stopped: 0.0096840 seconds
2012-01-20T17:09:34.084+0000: 3662.197: [GC 3662.197: [ParNew: 27328K->5440K(27328K), 0.0104720 secs] 2779422K->2758107K(4188864K) icms_dc=0 , 0.0106000 secs] [Times: user=0.11 sys=0.00, real=0.01 secs] 
Total time for which application threads were stopped: 0.0109760 seconds
Total time for which application threads were stopped: 0.0001480 seconds
2012-01-20T17:09:35.526+0000: 3663.639: [GC 3663.639: [ParNew: 27328K->5440K(27328K), 0.0092440 secs] 2779995K->2758769K(4188864K) icms_dc=0 , 0.0093740 secs] [Times: user=0.10 sys=0.00, real=0.01 secs] 
Total time for which application threads were stopped: 0.0098020 seconds
2012-01-20T17:09:36.939+0000: 3665.052: [GC 3665.052: [ParNew: 27328K->5440K(27328K), 0.0089550 secs] 2780657K->2759329K(4188864K) icms_dc=0 , 0.0090810 secs] [Times: user=0.10 sys=0.00, real=0.01 secs] 
Total time for which application threads were stopped: 0.0094900 seconds
2012-01-20T17:09:38.465+0000: 3666.578: [GC 3666.578: [ParNew: 27328K->5440K(27328K), 0.0101350 secs] 2781217K->2759678K(4188864K) icms_dc=0 , 0.0102630 secs] [Times: user=0.11 sys=0.01, real=0.01 secs] 
Total time for which application threads were stopped: 0.0106510 seconds
2012-01-20T17:09:39.873+0000: 3667.986: [GC 3667.986: [ParNew: 27328K->5440K(27328K), 0.0093020 secs] 2781566K->2760188K(4188864K) icms_dc=0 , 0.0094330 secs] [Times: user=0.10 sys=0.00, real=0.01 secs] 
Total time for which application threads were stopped: 0.0098090 seconds
2012-01-20T17:09:41.388+0000: 3669.502: [GC 3669.502: [ParNew: 27328K->5440K(27328K), 0.0096760 secs] 2782076K->2760715K(4188864K) icms_dc=0 , 0.0098050 secs] [Times: user=0.09 sys=0.00, real=0.01 secs] 
Total time for which application threads were stopped: 0.0102620 seconds
2012-01-20T17:09:42.770+0000: 3670.884: [GC 3670.884: [ParNew: 27328K->5440K(27328K), 0.0106150 secs] 2782603K->2761214K(4188864K) icms_dc=0 , 0.0107480 secs] [Times: user=0.11 sys=0.00, real=0.01 secs] 
Total time for which application threads were stopped: 0.0111190 seconds
Total time for which application threads were stopped: 0.0005330 seconds
2012-01-20T17:09:44.271+0000: 3672.384: [GC 3672.384: [ParNew: 27328K->5440K(27328K), 0.0088080 secs] 2783102K->2761583K(4188864K) icms_dc=0 , 0.0089540 secs] [Times: user=0.09 sys=0.00, real=0.01 secs] 
Total time for which application threads were stopped: 0.0092450 seconds
2012-01-20T17:09:45.694+0000: 3673.807: [GC 3673.807: [ParNew: 27328K->5440K(27328K), 0.0096280 secs] 2783471K->2762216K(4188864K) icms_dc=0 , 0.0097270 secs] [Times: user=0.11 sys=0.01, real=0.01 secs] 
Total time for which application threads were stopped: 0.0101640 seconds
2012-01-20T17:09:47.160+0000: 3675.273: [GC 3675.273: [ParNew: 27328K->5440K(27328K), 0.0090110 secs] 2784104K->2762727K(4188864K) icms_dc=0 , 0.0091280 secs] [Times: user=0.10 sys=0.00, real=0.01 secs] 
Total time for which application threads were stopped: 0.0095110 seconds
2012-01-20T17:09:48.771+0000: 3676.884: [GC 3676.884: [ParNew: 27328K->5440K(27328K), 0.0092230 secs] 2784615K->2763336K(4188864K) icms_dc=0 , 0.0093450 secs] [Times: user=0.09 sys=0.01, real=0.01 secs] 
Total time for which application threads were stopped: 0.0097210 seconds
2012-01-20T17:09:50.506+0000: 3678.619: [GC 3678.619: [ParNew: 27328K->5440K(27328K), 0.0100150 secs] 2785224K->2763685K(4188864K) icms_dc=0 , 0.0101340 secs] [Times: user=0.10 sys=0.00, real=0.01 secs] 
Total time for which application threads were stopped: 0.0105470 seconds
2012-01-20T17:09:51.924+0000: 3680.038: [GC 3680.038: [ParNew: 27328K->5440K(27328K), 0.0087890 secs] 2785573K->2764101K(4188864K) icms_dc=0 , 0.0089090 secs] [Times: user=0.09 sys=0.00, real=0.01 secs] 
Total time for which application threads were stopped: 0.0093100 seconds
2012-01-20T17:09:53.167+0000: 3681.280: [GC 3681.280: [ParNew: 27328K->5440K(27328K), 0.0096440 secs] 2785989K->2764669K(4188864K) icms_dc=0 , 0.0097640 secs] [Times: user=0.10 sys=0.00, real=0.01 secs] 
Total time for which application threads were stopped: 0.0101640 seconds
Total time for which application threads were stopped: 0.0003000 seconds
2012-01-20T17:09:54.574+0000: 3682.688: [GC 3682.688: [ParNew: 27328K->5440K(27328K), 0.0085580 secs] 2786557K->2765012K(4188864K) icms_dc=0 , 0.0086800 secs] [Times: user=0.09 sys=0.01, real=0.01 secs] 
Total time for which application threads were stopped: 0.0088920 seconds
2012-01-20T17:09:56.120+0000: 3684.233: [GC 3684.233: [ParNew: 27328K->5440K(27328K), 0.0080550 secs] 2786900K->2765094K(4188864K) icms_dc=0 , 0.0081710 secs] [Times: user=0.10 sys=0.00, real=0.01 secs] 
Total time for which application threads were stopped: 0.0085910 seconds
2012-01-20T17:09:57.717+0000: 3685.830: [GC 3685.830: [ParNew: 27328K->5440K(27328K), 0.0102170 secs] 2786982K->2765772K(4188864K) icms_dc=0 , 0.0103370 secs] [Times: user=0.10 sys=0.00, real=0.01 secs] 
Total time for which application threads were stopped: 0.0107690 seconds
2012-01-20T17:09:59.265+0000: 3687.378: [GC 3687.378: [ParNew: 27328K->5440K(27328K), 0.0079780 secs] 2787660K->2765778K(4188864K) icms_dc=0 , 0.0080970 secs] [Times: user=0.09 sys=0.00, real=0.01 secs] 
Total time for which application threads were stopped: 0.0084440 seconds
2012-01-20T17:10:00.662+0000: 3688.775: [GC 3688.775: [ParNew: 27328K->5440K(27328K), 0.0091920 secs] 2787666K->2766161K(4188864K) icms_dc=0 , 0.0093120 secs] [Times: user=0.10 sys=0.00, real=0.01 secs] 
Total time for which application threads were stopped: 0.0096710 seconds
2012-01-20T17:10:02.061+0000: 3690.175: [GC 3690.175: [ParNew: 27328K->5440K(27328K), 0.0087320 secs] 2788049K->2766536K(4188864K) icms_dc=0 , 0.0088520 secs] [Times: user=0.10 sys=0.00, real=0.00 secs] 
Total time for which application threads were stopped: 0.0093350 seconds
2012-01-20T17:10:03.656+0000: 3691.769: [GC 3691.769: [ParNew: 27328K->5440K(27328K), 0.0099120 secs] 2788424K->2767031K(4188864K) icms_dc=0 , 0.0100360 secs] [Times: user=0.11 sys=0.01, real=0.01 secs] 
Total time for which application threads were stopped: 0.0103940 seconds
Total time for which application threads were stopped: 0.0002740 seconds
2012-01-20T17:10:05.077+0000: 3693.191: [GC 3693.191: [ParNew: 27328K->5440K(27328K), 0.0090560 secs] 2788919K->2767392K(4188864K) icms_dc=0 , 0.0091830 secs] [Times: user=0.10 sys=0.00, real=0.01 secs] 
Total time for which application threads were stopped: 0.0095960 seconds
2012-01-20T17:10:06.384+0000: 3694.497: [GC 3694.497: [ParNew: 27328K->5440K(27328K), 0.0113170 secs] 2789280K->2768115K(4188864K) icms_dc=0 , 0.0114320 secs] [Times: user=0.13 sys=0.00, real=0.01 secs] 
Total time for which application threads were stopped: 0.0117780 seconds
2012-01-20T17:10:07.897+0000: 3696.010: [GC 3696.010: [ParNew: 27328K->5440K(27328K), 0.0084000 secs] 2790003K->2768433K(4188864K) icms_dc=0 , 0.0085160 secs] [Times: user=0.09 sys=0.01, real=0.01 secs] 
Total time for which application threads were stopped: 0.0088670 seconds
2012-01-20T17:10:09.557+0000: 3697.670: [GC 3697.670: [ParNew: 27328K->5440K(27328K), 0.0082340 secs] 2790321K->2768823K(4188864K) icms_dc=0 , 0.0083580 secs] [Times: user=0.09 sys=0.00, real=0.01 secs] 
Total time for which application threads were stopped: 0.0088070 seconds
2012-01-20T17:10:10.903+0000: 3699.016: [GC 3699.016: [ParNew: 27328K->5440K(27328K), 0.0081780 secs] 2790711K->2769038K(4188864K) icms_dc=0 , 0.0082920 secs] [Times: user=0.09 sys=0.00, real=0.00 secs] 
Total time for which application threads were stopped: 0.0086940 seconds
2012-01-20T17:10:12.285+0000: 3700.398: [GC 3700.398: [ParNew: 27328K->5440K(27328K), 0.0085390 secs] 2790926K->2769483K(4188864K) icms_dc=0 , 0.0086520 secs] [Times: user=0.10 sys=0.00, real=0.01 secs] 
Total time for which application threads were stopped: 0.0089890 seconds
2012-01-20T17:10:13.588+0000: 3701.701: [GC 3701.701: [ParNew: 27328K->4873K(27328K), 0.0084810 secs] 2791371K->2769074K(4188864K) icms_dc=0 , 0.0086000 secs] [Times: user=0.10 sys=0.00, real=0.01 secs] 
Total time for which application threads were stopped: 0.0089820 seconds
Total time for which application threads were stopped: 0.0022910 seconds
Total time for which application threads were stopped: 0.0001090 seconds
2012-01-20T17:10:14.969+0000: 3703.082: [GC 3703.082: [ParNew: 26761K->5440K(27328K), 0.0078260 secs] 2790962K->2769805K(4188864K) icms_dc=0 , 0.0079450 secs] [Times: user=0.08 sys=0.00, real=0.01 secs] 
Total time for which application threads were stopped: 0.0083010 seconds
2012-01-20T17:10:16.410+0000: 3704.523: [GC 3704.523: [ParNew: 27328K->5440K(27328K), 0.0087390 secs] 2791693K->2770061K(4188864K) icms_dc=0 , 0.0088590 secs] [Times: user=0.08 sys=0.00, real=0.01 secs] 
Total time for which application threads were stopped: 0.0092760 seconds
2012-01-20T17:10:17.756+0000: 3705.869: [GC 3705.869: [ParNew: 27328K->5440K(27328K), 0.0096280 secs] 2791949K->2770604K(4188864K) icms_dc=0 , 0.0097480 secs] [Times: user=0.10 sys=0.01, real=0.01 secs] 
Total time for which application threads were stopped: 0.0101100 seconds
2012-01-20T17:10:19.306+0000: 3707.419: [GC 3707.419: [ParNew: 27328K->5440K(27328K), 0.0095360 secs] 2792492K->2770996K(4188864K) icms_dc=0 , 0.0096560 secs] [Times: user=0.10 sys=0.00, real=0.01 secs] 
Total time for which application threads were stopped: 0.0100030 seconds
2012-01-20T17:10:20.798+0000: 3708.911: [GC 3708.911: [ParNew: 27328K->5440K(27328K), 0.0096950 secs] 2792884K->2771541K(4188864K) icms_dc=0 , 0.0098130 secs] [Times: user=0.09 sys=0.01, real=0.01 secs] 
Total time for which application threads were stopped: 0.0102600 seconds
2012-01-20T17:10:22.268+0000: 3710.381: [GC 3710.381: [ParNew: 27328K->5440K(27328K), 0.0092870 secs] 2793429K->2772189K(4188864K) icms_dc=0 , 0.0094060 secs] [Times: user=0.10 sys=0.00, real=0.01 secs] 
Total time for which application threads were stopped: 0.0097870 seconds
2012-01-20T17:10:23.876+0000: 3711.989: [GC 3711.989: [ParNew: 27328K->5440K(27328K), 0.0081270 secs] 2794077K->2772288K(4188864K) icms_dc=0 , 0.0082450 secs] [Times: user=0.09 sys=0.00, real=0.01 secs] 
Total time for which application threads were stopped: 0.0086560 seconds
Total time for which application threads were stopped: 0.0001560 seconds
2012-01-20T17:10:25.361+0000: 3713.475: [GC 3713.475: [ParNew: 27328K->5440K(27328K), 0.0099420 secs] 2794176K->2772906K(4188864K) icms_dc=0 , 0.0100660 secs] [Times: user=0.11 sys=0.00, real=0.01 secs] 
Total time for which application threads were stopped: 0.0104530 seconds
2012-01-20T17:10:26.889+0000: 3715.002: [GC 3715.003: [ParNew: 27328K->5260K(27328K), 0.0073620 secs] 2794794K->2772727K(4188864K) icms_dc=0 , 0.0074750 secs] [Times: user=0.09 sys=0.00, real=0.01 secs] 
Total time for which application threads were stopped: 0.0078120 seconds
2012-01-20T17:10:28.410+0000: 3716.523: [GC 3716.523: [ParNew: 27148K->5440K(27328K), 0.0086150 secs] 2794615K->2773218K(4188864K) icms_dc=0 , 0.0087340 secs] [Times: user=0.09 sys=0.01, real=0.01 secs] 
Total time for which application threads were stopped: 0.0090740 seconds
2012-01-20T17:10:29.838+0000: 3717.952: [GC 3717.952: [ParNew: 27328K->5440K(27328K), 0.0077200 secs] 2795106K->2773291K(4188864K) icms_dc=0 , 0.0078360 secs] [Times: user=0.09 sys=0.00, real=0.01 secs] 
Total time for which application threads were stopped: 0.0082000 seconds
2012-01-20T17:10:31.280+0000: 3719.393: [GC 3719.393: [ParNew: 27328K->5440K(27328K), 0.0099730 secs] 2795179K->2773705K(4188864K) icms_dc=0 , 0.0100970 secs] [Times: user=0.11 sys=0.00, real=0.01 secs] 
Total time for which application threads were stopped: 0.0104580 seconds
2012-01-20T17:10:32.847+0000: 3720.960: [GC 3720.960: [ParNew: 27328K->5440K(27328K), 0.0077720 secs] 2795593K->2773722K(4188864K) icms_dc=0 , 0.0078880 secs] [Times: user=0.10 sys=0.00, real=0.01 secs] 
Total time for which application threads were stopped: 0.0082410 seconds
2012-01-20T17:10:34.245+0000: 3722.358: [GC 3722.358: [ParNew: 27328K->5440K(27328K), 0.0108450 secs] 2795610K->2774208K(4188864K) icms_dc=0 , 0.0109640 secs] [Times: user=0.12 sys=0.00, real=0.01 secs] 
Total time for which application threads were stopped: 0.0113430 seconds
Total time for which application threads were stopped: 0.0001350 seconds
2012-01-20T17:10:35.563+0000: 3723.676: [GC 3723.676: [ParNew: 27328K->5440K(27328K), 0.0098610 secs] 2796096K->2774620K(4188864K) icms_dc=0 , 0.0099840 secs] [Times: user=0.11 sys=0.01, real=0.01 secs] 
Total time for which application threads were stopped: 0.0103800 seconds
2012-01-20T17:10:36.826+0000: 3724.939: [GC 3724.940: [ParNew: 27328K->5440K(27328K), 0.0095510 secs] 2796508K->2775278K(4188864K) icms_dc=0 , 0.0096730 secs] [Times: user=0.11 sys=0.00, real=0.01 secs] 
Total time for which application threads were stopped: 0.0100450 seconds
2012-01-20T17:10:38.195+0000: 3726.308: [GC 3726.308: [ParNew: 27328K->5440K(27328K), 0.0079910 secs] 2797166K->2775382K(4188864K) icms_dc=0 , 0.0081070 secs] [Times: user=0.09 sys=0.00, real=0.00 secs] 
Total time for which application threads were stopped: 0.0084620 seconds
2012-01-20T17:10:39.762+0000: 3727.875: [GC 3727.875: [ParNew: 27328K->5440K(27328K), 0.0103060 secs] 2797270K->2776262K(4188864K) icms_dc=0 , 0.0104240 secs] [Times: user=0.11 sys=0.00, real=0.01 secs] 
Total time for which application threads were stopped: 0.0107770 seconds
2012-01-20T17:10:41.235+0000: 3729.348: [GC 3729.348: [ParNew: 27328K->5440K(27328K), 0.0083000 secs] 2798150K->2776299K(4188864K) icms_dc=0 , 0.0084230 secs] [Times: user=0.10 sys=0.01, real=0.00 secs] 
Total time for which application threads were stopped: 0.0087980 seconds
2012-01-20T17:10:42.967+0000: 3731.080: [GC 3731.080: [ParNew: 27328K->5440K(27328K), 0.0096430 secs] 2798187K->2776815K(4188864K) icms_dc=0 , 0.0098010 secs] [Times: user=0.10 sys=0.00, real=0.01 secs] 
Total time for which application threads were stopped: 0.0101470 seconds
Total time for which application threads were stopped: 0.0003270 seconds
2012-01-20T17:10:44.560+0000: 3732.673: [GC 3732.673: [ParNew: 27328K->5440K(27328K), 0.0084870 secs] 2798703K->2776949K(4188864K) icms_dc=0 , 0.0086070 secs] [Times: user=0.10 sys=0.00, real=0.01 secs] 
Total time for which application threads were stopped: 0.0088350 seconds
2012-01-20T17:10:45.972+0000: 3734.085: [GC 3734.085: [ParNew: 27328K->5440K(27328K), 0.0088320 secs] 2798837K->2777373K(4188864K) icms_dc=0 , 0.0089500 secs] [Times: user=0.10 sys=0.01, real=0.01 secs] 
Total time for which application threads were stopped: 0.0093420 seconds
2012-01-20T17:10:47.460+0000: 3735.573: [GC 3735.573: [ParNew: 27328K->5440K(27328K), 0.0102870 secs] 2799261K->2777804K(4188864K) icms_dc=0 , 0.0104060 secs] [Times: user=0.12 sys=0.01, real=0.01 secs] 
Total time for which application threads were stopped: 0.0107640 seconds
2012-01-20T17:10:48.908+0000: 3737.022: [GC 3737.022: [ParNew: 27328K->5440K(27328K), 0.0096050 secs] 2799692K->2778405K(4188864K) icms_dc=0 , 0.0097280 secs] [Times: user=0.10 sys=0.01, real=0.01 secs] 
Total time for which application threads were stopped: 0.0101640 seconds
2012-01-20T17:10:50.261+0000: 3738.375: [GC 3738.375: [ParNew: 27328K->5440K(27328K), 0.0078520 secs] 2800293K->2778475K(4188864K) icms_dc=0 , 0.0079690 secs] [Times: user=0.09 sys=0.00, real=0.01 secs] 
Total time for which application threads were stopped: 0.0083130 seconds
2012-01-20T17:10:51.737+0000: 3739.850: [GC 3739.851: [ParNew: 27328K->5440K(27328K), 0.0082140 secs] 2800363K->2778740K(4188864K) icms_dc=0 , 0.0083290 secs] [Times: user=0.10 sys=0.00, real=0.00 secs] 
Total time for which application threads were stopped: 0.0087300 seconds
2012-01-20T17:10:53.242+0000: 3741.356: [GC 3741.356: [ParNew: 27328K->5440K(27328K), 0.0096890 secs] 2800628K->2779237K(4188864K) icms_dc=0 , 0.0098100 secs] [Times: user=0.11 sys=0.01, real=0.01 secs] 
Total time for which application threads were stopped: 0.0101760 seconds
Total time for which application threads were stopped: 0.0002940 seconds
2012-01-20T17:10:54.578+0000: 3742.691: [GC 3742.691: [ParNew: 27328K->5440K(27328K), 0.0079970 secs] 2801125K->2779425K(4188864K) icms_dc=0 , 0.0081180 secs] [Times: user=0.10 sys=0.00, real=0.00 secs] 
Total time for which application threads were stopped: 0.0083220 seconds
2012-01-20T17:10:56.030+0000: 3744.143: [GC 3744.143: [ParNew: 27328K->5440K(27328K), 0.0084650 secs] 2801313K->2779733K(4188864K) icms_dc=0 , 0.0085810 secs] [Times: user=0.09 sys=0.01, real=0.01 secs] 
Total time for which application threads were stopped: 0.0089650 seconds
2012-01-20T17:10:57.511+0000: 3745.624: [GC 3745.624: [ParNew: 27328K->5440K(27328K), 0.0080690 secs] 2801621K->2779860K(4188864K) icms_dc=0 , 0.0081860 secs] [Times: user=0.10 sys=0.00, real=0.01 secs] 
Total time for which application threads were stopped: 0.0085600 seconds
2012-01-20T17:10:59.010+0000: 3747.123: [GC 3747.123: [ParNew: 27328K->5440K(27328K), 0.0098110 secs] 2801748K->2780294K(4188864K) icms_dc=0 , 0.0099250 secs] [Times: user=0.11 sys=0.01, real=0.01 secs] 
Total time for which application threads were stopped: 0.0103460 seconds
2012-01-20T17:11:00.705+0000: 3748.819: [GC 3748.819: [ParNew: 27328K->5440K(27328K), 0.0102170 secs] 2802182K->2780605K(4188864K) icms_dc=0 , 0.0103370 secs] [Times: user=0.11 sys=0.00, real=0.01 secs] 
Total time for which application threads were stopped: 0.0107600 seconds
2012-01-20T17:11:02.129+0000: 3750.242: [GC 3750.242: [ParNew: 27328K->5440K(27328K), 0.0107800 secs] 2802493K->2781175K(4188864K) icms_dc=0 , 0.0108950 secs] [Times: user=0.11 sys=0.01, real=0.01 secs] 
Total time for which application threads were stopped: 0.0112630 seconds
2012-01-20T17:11:03.692+0000: 3751.805: [GC 3751.806: [ParNew: 27328K->5440K(27328K), 0.0101590 secs] 2803063K->2782028K(4188864K) icms_dc=0 , 0.0102770 secs] [Times: user=0.10 sys=0.00, real=0.01 secs] 
Total time for which application threads were stopped: 0.0106780 seconds
Total time for which application threads were stopped: 0.0002740 seconds
2012-01-20T17:11:05.249+0000: 3753.362: [GC 3753.362: [ParNew: 27328K->5440K(27328K), 0.0079270 secs] 2803916K->2782053K(4188864K) icms_dc=0 , 0.0080800 secs] [Times: user=0.09 sys=0.00, real=0.00 secs] 
Total time for which application threads were stopped: 0.0085290 seconds
2012-01-20T17:11:06.715+0000: 3754.828: [GC 3754.829: [ParNew: 27328K->5440K(27328K), 0.0095130 secs] 2803941K->2782608K(4188864K) icms_dc=0 , 0.0096380 secs] [Times: user=0.10 sys=0.00, real=0.01 secs] 
Total time for which application threads were stopped: 0.0100210 seconds
2012-01-20T17:11:08.111+0000: 3756.224: [GC 3756.225: [ParNew: 27328K->5440K(27328K), 0.0090090 secs] 2804496K->2782940K(4188864K) icms_dc=0 , 0.0091330 secs] [Times: user=0.11 sys=0.00, real=0.01 secs] 
Total time for which application threads were stopped: 0.0095690 seconds
2012-01-20T17:11:09.588+0000: 3757.701: [GC 3757.701: [ParNew: 27328K->5440K(27328K), 0.0089800 secs] 2804828K->2783407K(4188864K) icms_dc=0 , 0.0091000 secs] [Times: user=0.10 sys=0.01, real=0.01 secs] 
Total time for which application threads were stopped: 0.0095330 seconds
2012-01-20T17:11:11.193+0000: 3759.306: [GC 3759.306: [ParNew: 27328K->5440K(27328K), 0.0084060 secs] 2805295K->2783797K(4188864K) icms_dc=0 , 0.0085250 secs] [Times: user=0.09 sys=0.00, real=0.01 secs] 
Total time for which application threads were stopped: 0.0089510 seconds
2012-01-20T17:11:12.865+0000: 3760.978: [GC 3760.979: [ParNew: 27328K->5440K(27328K), 0.0095640 secs] 2805685K->2784304K(4188864K) icms_dc=0 , 0.0096850 secs] [Times: user=0.10 sys=0.01, real=0.01 secs] 
Total time for which application threads were stopped: 0.0100440 seconds
2012-01-20T17:11:14.306+0000: 3762.419: [GC 3762.419: [ParNew: 27328K->5440K(27328K), 0.0084740 secs] 2806192K->2784495K(4188864K) icms_dc=0 , 0.0085950 secs] [Times: user=0.09 sys=0.00, real=0.01 secs] 
Total time for which application threads were stopped: 0.0089530 seconds
Total time for which application threads were stopped: 0.0001280 seconds
2012-01-20T17:11:15.877+0000: 3763.991: [GC 3763.991: [ParNew: 27328K->5440K(27328K), 0.0094270 secs] 2806383K->2784983K(4188864K) icms_dc=0 , 0.0095570 secs] [Times: user=0.11 sys=0.01, real=0.01 secs] 
Total time for which application threads were stopped: 0.0099380 seconds
2012-01-20T17:11:17.265+0000: 3765.378: [GC 3765.378: [ParNew: 27328K->5366K(27328K), 0.0079170 secs] 2806871K->2785098K(4188864K) icms_dc=0 , 0.0080370 secs] [Times: user=0.09 sys=0.01, real=0.01 secs] 
Total time for which application threads were stopped: 0.0084700 seconds
2012-01-20T17:11:18.902+0000: 3767.015: [GC 3767.015: [ParNew: 27254K->5440K(27328K), 0.0084170 secs] 2806986K->2785555K(4188864K) icms_dc=0 , 0.0085400 secs] [Times: user=0.09 sys=0.00, real=0.01 secs] 
Total time for which application threads were stopped: 0.0089440 seconds
2012-01-20T17:11:20.431+0000: 3768.544: [GC 3768.544: [ParNew: 27328K->5179K(27328K), 0.0085850 secs] 2807443K->2785475K(4188864K) icms_dc=0 , 0.0087050 secs] [Times: user=0.09 sys=0.00, real=0.01 secs] 
Total time for which application threads were stopped: 0.0090780 seconds
2012-01-20T17:11:21.914+0000: 3770.027: [GC 3770.027: [ParNew: 27067K->5440K(27328K), 0.0087830 secs] 2807363K->2786100K(4188864K) icms_dc=0 , 0.0089070 secs] [Times: user=0.10 sys=0.00, real=0.01 secs] 
Total time for which application threads were stopped: 0.0092710 seconds
2012-01-20T17:11:23.246+0000: 3771.359: [GC 3771.359: [ParNew: 27328K->5239K(27328K), 0.0083950 secs] 2807988K->2785986K(4188864K) icms_dc=0 , 0.0085130 secs] [Times: user=0.10 sys=0.00, real=0.01 secs] 
Total time for which application threads were stopped: 0.0088550 seconds
Total time for which application threads were stopped: 0.0002630 seconds
2012-01-20T17:11:24.756+0000: 3772.870: [GC 3772.870: [ParNew: 27127K->5440K(27328K), 0.0090280 secs] 2807874K->2786435K(4188864K) icms_dc=0 , 0.0091530 secs] [Times: user=0.11 sys=0.00, real=0.01 secs] 
Total time for which application threads were stopped: 0.0093520 seconds
2012-01-20T17:11:26.186+0000: 3774.300: [GC 3774.300: [ParNew: 27328K->5310K(27328K), 0.0076320 secs] 2808323K->2786431K(4188864K) icms_dc=0 , 0.0077490 secs] [Times: user=0.10 sys=0.00, real=0.01 secs] 
Total time for which application threads were stopped: 0.0081520 seconds
2012-01-20T17:11:27.905+0000: 3776.018: [GC 3776.019: [ParNew: 27198K->5440K(27328K), 0.0081810 secs] 2808319K->2786840K(4188864K) icms_dc=0 , 0.0083000 secs] [Times: user=0.09 sys=0.01, real=0.01 secs] 
Total time for which application threads were stopped: 0.0086630 seconds
2012-01-20T17:11:29.510+0000: 3777.623: [GC 3777.623: [ParNew: 27328K->5108K(27328K), 0.0080640 secs] 2808728K->2786613K(4188864K) icms_dc=0 , 0.0081850 secs] [Times: user=0.09 sys=0.00, real=0.01 secs] 
Total time for which application threads were stopped: 0.0085950 seconds
2012-01-20T17:11:31.149+0000: 3779.262: [GC 3779.262: [ParNew: 26996K->5440K(27328K), 0.0085280 secs] 2808501K->2787223K(4188864K) icms_dc=0 , 0.0086470 secs] [Times: user=0.09 sys=0.00, real=0.01 secs] 
Total time for which application threads were stopped: 0.0090080 seconds
2012-01-20T17:11:32.770+0000: 3780.883: [GC 3780.883: [ParNew: 27328K->5440K(27328K), 0.0092920 secs] 2809111K->2787662K(4188864K) icms_dc=0 , 0.0094120 secs] [Times: user=0.09 sys=0.01, real=0.01 secs] 
Total time for which application threads were stopped: 0.0097550 seconds
2012-01-20T17:11:34.210+0000: 3782.323: [GC 3782.323: [ParNew: 27328K->5440K(27328K), 0.0084870 secs] 2809550K->2787999K(4188864K) icms_dc=0 , 0.0086080 secs] [Times: user=0.09 sys=0.00, real=0.01 secs] 
Total time for which application threads were stopped: 0.0089600 seconds
Total time for which application threads were stopped: 0.0001290 seconds
2012-01-20T17:11:35.741+0000: 3783.854: [GC 3783.854: [ParNew: 27328K->5440K(27328K), 0.0084150 secs] 2809887K->2788318K(4188864K) icms_dc=0 , 0.0085410 secs] [Times: user=0.10 sys=0.00, real=0.01 secs] 
Total time for which application threads were stopped: 0.0089320 seconds
2012-01-20T17:11:37.354+0000: 3785.467: [GC 3785.467: [ParNew: 27328K->5141K(27328K), 0.0083090 secs] 2810206K->2788255K(4188864K) icms_dc=0 , 0.0084320 secs] [Times: user=0.10 sys=0.01, real=0.01 secs] 
Total time for which application threads were stopped: 0.0087910 seconds
2012-01-20T17:11:38.932+0000: 3787.045: [GC 3787.045: [ParNew: 27029K->5440K(27328K), 0.0086430 secs] 2810143K->2788905K(4188864K) icms_dc=0 , 0.0087610 secs] [Times: user=0.09 sys=0.01, real=0.00 secs] 
Total time for which application threads were stopped: 0.0091170 seconds
2012-01-20T17:11:40.582+0000: 3788.695: [GC 3788.695: [ParNew: 27328K->5384K(27328K), 0.0082810 secs] 2810793K->2789047K(4188864K) icms_dc=0 , 0.0084020 secs] [Times: user=0.09 sys=0.00, real=0.00 secs] 
Total time for which application threads were stopped: 0.0088140 seconds
2012-01-20T17:11:42.021+0000: 3790.134: [GC 3790.134: [ParNew: 27272K->5440K(27328K), 0.0087160 secs] 2810935K->2789423K(4188864K) icms_dc=0 , 0.0088390 secs] [Times: user=0.10 sys=0.00, real=0.01 secs] 
Total time for which application threads were stopped: 0.0092040 seconds
2012-01-20T17:11:43.557+0000: 3791.670: [GC 3791.670: [ParNew: 27328K->5007K(27328K), 0.0083250 secs] 2811311K->2789016K(4188864K) icms_dc=0 , 0.0084460 secs] [Times: user=0.10 sys=0.00, real=0.01 secs] 
Total time for which application threads were stopped: 0.0088210 seconds
Total time for which application threads were stopped: 0.0003170 seconds
2012-01-20T17:11:45.161+0000: 3793.275: [GC 3793.275: [ParNew: 26895K->5440K(27328K), 0.0094840 secs] 2810904K->2789727K(4188864K) icms_dc=0 , 0.0096090 secs] [Times: user=0.10 sys=0.01, real=0.01 secs] 
Total time for which application threads were stopped: 0.0100240 seconds
2012-01-20T17:11:46.991+0000: 3795.104: [GC 3795.104: [ParNew: 27328K->5261K(27328K), 0.0079390 secs] 2811615K->2789660K(4188864K) icms_dc=0 , 0.0080610 secs] [Times: user=0.09 sys=0.01, real=0.01 secs] 
Total time for which application threads were stopped: 0.0084410 seconds
2012-01-20T17:11:48.467+0000: 3796.580: [GC 3796.580: [ParNew: 27149K->5440K(27328K), 0.0084520 secs] 2811548K->2790076K(4188864K) icms_dc=0 , 0.0085760 secs] [Times: user=0.09 sys=0.01, real=0.01 secs] 
Total time for which application threads were stopped: 0.0089890 seconds
2012-01-20T17:11:49.879+0000: 3797.992: [GC 3797.992: [ParNew: 27328K->5440K(27328K), 0.0080580 secs] 2811964K->2790215K(4188864K) icms_dc=0 , 0.0081810 secs] [Times: user=0.08 sys=0.01, real=0.01 secs] 
Total time for which application threads were stopped: 0.0086000 seconds
2012-01-20T17:11:51.373+0000: 3799.486: [GC 3799.487: [ParNew: 27328K->5440K(27328K), 0.0088360 secs] 2812103K->2790546K(4188864K) icms_dc=0 , 0.0089600 secs] [Times: user=0.10 sys=0.00, real=0.00 secs] 
Total time for which application threads were stopped: 0.0093870 seconds
2012-01-20T17:11:52.960+0000: 3801.073: [GC 3801.073: [ParNew: 27328K->5440K(27328K), 0.0093240 secs] 2812434K->2790929K(4188864K) icms_dc=0 , 0.0094510 secs] [Times: user=0.10 sys=0.01, real=0.01 secs] 
Total time for which application threads were stopped: 0.0098790 seconds
Total time for which application threads were stopped: 0.0002740 seconds
2012-01-20T17:11:54.583+0000: 3802.696: [GC 3802.696: [ParNew: 27328K->5440K(27328K), 0.0099570 secs] 2812817K->2791477K(4188864K) icms_dc=0 , 0.0100830 secs] [Times: user=0.11 sys=0.00, real=0.01 secs] 
Total time for which application threads were stopped: 0.0102850 seconds
2012-01-20T17:11:56.374+0000: 3804.487: [GC 3804.487: [ParNew: 27328K->5440K(27328K), 0.0080240 secs] 2813365K->2791712K(4188864K) icms_dc=0 , 0.0081490 secs] [Times: user=0.09 sys=0.00, real=0.00 secs] 
Total time for which application threads were stopped: 0.0085940 seconds
2012-01-20T17:11:58.054+0000: 3806.167: [GC 3806.167: [ParNew: 27328K->5440K(27328K), 0.0102210 secs] 2813600K->2792343K(4188864K) icms_dc=0 , 0.0103490 secs] [Times: user=0.10 sys=0.00, real=0.01 secs] 
Total time for which application threads were stopped: 0.0107280 seconds
2012-01-20T17:11:59.454+0000: 3807.567: [GC 3807.567: [ParNew: 27328K->5440K(27328K), 0.0097300 secs] 2814231K->2793013K(4188864K) icms_dc=0 , 0.0098590 secs] [Times: user=0.10 sys=0.01, real=0.01 secs] 
Total time for which application threads were stopped: 0.0102810 seconds
2012-01-20T17:12:00.765+0000: 3808.878: [GC 3808.878: [ParNew: 27328K->5440K(27328K), 0.0101860 secs] 2814901K->2793736K(4188864K) icms_dc=0 , 0.0103140 secs] [Times: user=0.11 sys=0.00, real=0.01 secs] 
Total time for which application threads were stopped: 0.0107790 seconds
2012-01-20T17:12:02.358+0000: 3810.471: [GC 3810.471: [ParNew: 27328K->5440K(27328K), 0.0094190 secs] 2815624K->2794350K(4188864K) icms_dc=0 , 0.0095450 secs] [Times: user=0.10 sys=0.00, real=0.01 secs] 
Total time for which application threads were stopped: 0.0099250 seconds
2012-01-20T17:12:03.662+0000: 3811.776: [GC 3811.776: [ParNew: 27328K->5440K(27328K), 0.0103040 secs] 2816238K->2794947K(4188864K) icms_dc=0 , 0.0104300 secs] [Times: user=0.11 sys=0.01, real=0.01 secs] 
Total time for which application threads were stopped: 0.0108050 seconds
Total time for which application threads were stopped: 0.0002560 seconds
2012-01-20T17:12:05.148+0000: 3813.261: [GC 3813.261: [ParNew: 27328K->5440K(27328K), 0.0095090 secs] 2816835K->2795555K(4188864K) icms_dc=0 , 0.0096420 secs] [Times: user=0.09 sys=0.01, real=0.01 secs] 
Total time for which application threads were stopped: 0.0100210 seconds
2012-01-20T17:12:07.053+0000: 3815.167: [GC 3815.167: [ParNew: 27328K->5440K(27328K), 0.0095380 secs] 2817443K->2796223K(4188864K) icms_dc=0 , 0.0096670 secs] [Times: user=0.10 sys=0.00, real=0.01 secs] 
Total time for which application threads were stopped: 0.0100540 seconds
2012-01-20T17:12:08.527+0000: 3816.640: [GC 3816.640: [ParNew: 27328K->5440K(27328K), 0.0091800 secs] 2818111K->2796668K(4188864K) icms_dc=0 , 0.0093040 secs] [Times: user=0.10 sys=0.00, real=0.01 secs] 
Total time for which application threads were stopped: 0.0097250 seconds
2012-01-20T17:12:09.881+0000: 3817.994: [GC 3817.995: [ParNew: 27328K->5440K(27328K), 0.0096190 secs] 2818556K->2797264K(4188864K) icms_dc=0 , 0.0097460 secs] [Times: user=0.10 sys=0.00, real=0.01 secs] 
Total time for which application threads were stopped: 0.0102360 seconds
2012-01-20T17:12:11.363+0000: 3819.477: [GC 3819.477: [ParNew: 27328K->5440K(27328K), 0.0099020 secs] 2819152K->2797865K(4188864K) icms_dc=0 , 0.0100330 secs] [Times: user=0.10 sys=0.00, real=0.01 secs] 
Total time for which application threads were stopped: 0.0104420 seconds
2012-01-20T17:12:12.983+0000: 3821.096: [GC 3821.096: [ParNew: 27328K->5440K(27328K), 0.0090810 secs] 2819753K->2798380K(4188864K) icms_dc=0 , 0.0092080 secs] [Times: user=0.10 sys=0.00, real=0.01 secs] 
Total time for which application threads were stopped: 0.0095840 seconds
2012-01-20T17:12:14.613+0000: 3822.726: [GC 3822.726: [ParNew: 27328K->5440K(27328K), 0.0102200 secs] 2820268K->2798698K(4188864K) icms_dc=0 , 0.0103650 secs] [Times: user=0.09 sys=0.00, real=0.01 secs] 
Total time for which application threads were stopped: 0.0107750 seconds
Total time for which application threads were stopped: 0.0001350 seconds
2012-01-20T17:12:16.013+0000: 3824.127: [GC 3824.127: [ParNew: 27328K->5440K(27328K), 0.0093660 secs] 2820586K->2799201K(4188864K) icms_dc=0 , 0.0094950 secs] [Times: user=0.10 sys=0.00, real=0.01 secs] 
Total time for which application threads were stopped: 0.0098920 seconds
2012-01-20T17:12:17.515+0000: 3825.628: [GC 3825.628: [ParNew: 27328K->5440K(27328K), 0.0094870 secs] 2821089K->2799781K(4188864K) icms_dc=0 , 0.0096280 secs] [Times: user=0.09 sys=0.01, real=0.01 secs] 
Total time for which application threads were stopped: 0.0100680 seconds
2012-01-20T17:12:19.027+0000: 3827.140: [GC 3827.140: [ParNew: 27328K->5440K(27328K), 0.0096500 secs] 2821669K->2800370K(4188864K) icms_dc=0 , 0.0097750 secs] [Times: user=0.10 sys=0.00, real=0.01 secs] 
Total time for which application threads were stopped: 0.0101690 seconds
2012-01-20T17:12:20.574+0000: 3828.687: [GC 3828.687: [ParNew: 27328K->5440K(27328K), 0.0095040 secs] 2822258K->2800750K(4188864K) icms_dc=0 , 0.0096570 secs] [Times: user=0.11 sys=0.01, real=0.01 secs] 
Total time for which application threads were stopped: 0.0101790 seconds
2012-01-20T17:12:22.157+0000: 3830.270: [GC 3830.271: [ParNew: 27328K->5440K(27328K), 0.0105030 secs] 2822638K->2801327K(4188864K) icms_dc=0 , 0.0106340 secs] [Times: user=0.11 sys=0.00, real=0.01 secs] 
Total time for which application threads were stopped: 0.0110530 seconds
2012-01-20T17:12:23.678+0000: 3831.792: [GC 3831.792: [ParNew: 27328K->5440K(27328K), 0.0093870 secs] 2823215K->2801968K(4188864K) icms_dc=0 , 0.0095120 secs] [Times: user=0.10 sys=0.00, real=0.01 secs] 
Total time for which application threads were stopped: 0.0099150 seconds
Total time for which application threads were stopped: 0.0003090 seconds
2012-01-20T17:12:25.049+0000: 3833.162: [GC 3833.162: [ParNew: 27328K->5090K(27328K), 0.0082550 secs] 2823856K->2801863K(4188864K) icms_dc=0 , 0.0083950 secs] [Times: user=0.09 sys=0.00, real=0.01 secs] 
Total time for which application threads were stopped: 0.0087260 seconds
2012-01-20T17:12:26.557+0000: 3834.671: [GC 3834.671: [ParNew: 26978K->5440K(27328K), 0.0083460 secs] 2823751K->2802541K(4188864K) icms_dc=0 , 0.0084790 secs] [Times: user=0.09 sys=0.00, real=0.00 secs] 
Total time for which application threads were stopped: 0.0089260 seconds
2012-01-20T17:12:28.086+0000: 3836.200: [GC 3836.200: [ParNew: 27328K->5440K(27328K), 0.0086960 secs] 2824429K->2802919K(4188864K) icms_dc=0 , 0.0088330 secs] [Times: user=0.10 sys=0.00, real=0.01 secs] 
Total time for which application threads were stopped: 0.0092640 seconds
2012-01-20T17:12:29.558+0000: 3837.672: [GC 3837.672: [ParNew: 27328K->5306K(27328K), 0.0082500 secs] 2824807K->2802857K(4188864K) icms_dc=0 , 0.0084060 secs] [Times: user=0.09 sys=0.00, real=0.00 secs] 
Total time for which application threads were stopped: 0.0090410 seconds
2012-01-20T17:12:30.973+0000: 3839.086: [GC 3839.086: [ParNew: 27194K->5440K(27328K), 0.0086860 secs] 2824745K->2803248K(4188864K) icms_dc=0 , 0.0088160 secs] [Times: user=0.10 sys=0.01, real=0.01 secs] 
Total time for which application threads were stopped: 0.0092970 seconds
2012-01-20T17:12:32.317+0000: 3840.430: [GC 3840.430: [ParNew: 27328K->5440K(27328K), 0.0087990 secs] 2825136K->2803588K(4188864K) icms_dc=0 , 0.0089350 secs] [Times: user=0.10 sys=0.00, real=0.01 secs] 
Total time for which application threads were stopped: 0.0094180 seconds
2012-01-20T17:12:33.666+0000: 3841.780: [GC 3841.780: [ParNew: 27328K->5285K(27328K), 0.0080620 secs] 2825476K->2803571K(4188864K) icms_dc=0 , 0.0081870 secs] [Times: user=0.09 sys=0.01, real=0.01 secs] 
Total time for which application threads were stopped: 0.0086260 seconds
Total time for which application threads were stopped: 0.0002660 seconds
2012-01-20T17:12:35.106+0000: 3843.219: [GC 3843.219: [ParNew: 27173K->5440K(27328K), 0.0081780 secs] 2825459K->2803888K(4188864K) icms_dc=0 , 0.0083050 secs] [Times: user=0.09 sys=0.00, real=0.01 secs] 
Total time for which application threads were stopped: 0.0085410 seconds
2012-01-20T17:12:36.792+0000: 3844.905: [GC 3844.905: [ParNew: 27328K->5440K(27328K), 0.0105300 secs] 2825776K->2804395K(4188864K) icms_dc=0 , 0.0106510 secs] [Times: user=0.12 sys=0.00, real=0.01 secs] 
Total time for which application threads were stopped: 0.0110540 seconds
2012-01-20T17:12:38.349+0000: 3846.463: [GC 3846.463: [ParNew: 27328K->5440K(27328K), 0.0087230 secs] 2826283K->2804779K(4188864K) icms_dc=0 , 0.0088480 secs] [Times: user=0.10 sys=0.00, real=0.01 secs] 
Total time for which application threads were stopped: 0.0092240 seconds
2012-01-20T17:12:39.878+0000: 3847.991: [GC 3847.991: [ParNew: 27328K->5440K(27328K), 0.0085640 secs] 2826667K->2805092K(4188864K) icms_dc=0 , 0.0086880 secs] [Times: user=0.09 sys=0.00, real=0.01 secs] 
Total time for which application threads were stopped: 0.0090850 seconds
2012-01-20T17:12:41.361+0000: 3849.474: [GC 3849.475: [ParNew: 27328K->5440K(27328K), 0.0087740 secs] 2826980K->2805450K(4188864K) icms_dc=0 , 0.0088990 secs] [Times: user=0.10 sys=0.00, real=0.01 secs] 
Total time for which application threads were stopped: 0.0093200 seconds
2012-01-20T17:12:42.883+0000: 3850.996: [GC 3850.996: [ParNew: 27328K->5440K(27328K), 0.0100710 secs] 2827338K->2805999K(4188864K) icms_dc=0 , 0.0101940 secs] [Times: user=0.10 sys=0.01, real=0.01 secs] 
Total time for which application threads were stopped: 0.0105640 seconds
2012-01-20T17:12:44.368+0000: 3852.481: [GC 3852.481: [ParNew: 27328K->5440K(27328K), 0.0094690 secs] 2827887K->2806490K(4188864K) icms_dc=0 , 0.0095960 secs] [Times: user=0.10 sys=0.00, real=0.01 secs] 
Total time for which application threads were stopped: 0.0099650 seconds
Total time for which application threads were stopped: 0.0001330 seconds
2012-01-20T17:12:45.864+0000: 3853.977: [GC 3853.977: [ParNew: 27328K->5440K(27328K), 0.0097580 secs] 2828378K->2807121K(4188864K) icms_dc=0 , 0.0098860 secs] [Times: user=0.10 sys=0.01, real=0.01 secs] 
Total time for which application threads were stopped: 0.0103050 seconds
2012-01-20T17:12:47.317+0000: 3855.430: [GC 3855.430: [ParNew: 27328K->5440K(27328K), 0.0110130 secs] 2829009K->2808103K(4188864K) icms_dc=0 , 0.0111420 secs] [Times: user=0.11 sys=0.00, real=0.01 secs] 
Total time for which application threads were stopped: 0.0115560 seconds
2012-01-20T17:12:48.688+0000: 3856.801: [GC 3856.801: [ParNew: 27328K->5440K(27328K), 0.0086430 secs] 2829991K->2808446K(4188864K) icms_dc=0 , 0.0087680 secs] [Times: user=0.10 sys=0.00, real=0.01 secs] 
Total time for which application threads were stopped: 0.0092280 seconds
2012-01-20T17:12:50.107+0000: 3858.220: [GC 3858.220: [ParNew: 27328K->5440K(27328K), 0.0098890 secs] 2830334K->2809179K(4188864K) icms_dc=0 , 0.0100160 secs] [Times: user=0.11 sys=0.00, real=0.01 secs] 
Total time for which application threads were stopped: 0.0104570 seconds
2012-01-20T17:12:51.587+0000: 3859.700: [GC 3859.700: [ParNew: 27328K->5440K(27328K), 0.0094420 secs] 2831067K->2809709K(4188864K) icms_dc=0 , 0.0095680 secs] [Times: user=0.11 sys=0.00, real=0.01 secs] 
Total time for which application threads were stopped: 0.0099510 seconds
2012-01-20T17:12:53.027+0000: 3861.140: [GC 3861.140: [ParNew: 27328K->5440K(27328K), 0.0106080 secs] 2831597K->2810438K(4188864K) icms_dc=0 , 0.0107350 secs] [Times: user=0.11 sys=0.01, real=0.01 secs] 
Total time for which application threads were stopped: 0.0111440 seconds
2012-01-20T17:12:54.661+0000: 3862.775: [GC 3862.775: [ParNew: 27328K->5440K(27328K), 0.0100680 secs] 2832326K->2811233K(4188864K) icms_dc=0 , 0.0101950 secs] [Times: user=0.10 sys=0.00, real=0.01 secs] 
Total time for which application threads were stopped: 0.0105690 seconds
Total time for which application threads were stopped: 0.0002380 seconds
2012-01-20T17:12:56.114+0000: 3864.227: [GC 3864.227: [ParNew: 27328K->5440K(27328K), 0.0095970 secs] 2833121K->2811863K(4188864K) icms_dc=0 , 0.0097300 secs] [Times: user=0.10 sys=0.00, real=0.01 secs] 
Total time for which application threads were stopped: 0.0100790 seconds
2012-01-20T17:12:57.756+0000: 3865.869: [GC 3865.869: [ParNew: 27328K->5440K(27328K), 0.0090620 secs] 2833751K->2812533K(4188864K) icms_dc=0 , 0.0091890 secs] [Times: user=0.10 sys=0.00, real=0.01 secs] 
Total time for which application threads were stopped: 0.0095550 seconds
2012-01-20T17:12:59.238+0000: 3867.351: [GC 3867.351: [ParNew: 27328K->5440K(27328K), 0.0088080 secs] 2834421K->2812929K(4188864K) icms_dc=0 , 0.0089360 secs] [Times: user=0.10 sys=0.00, real=0.01 secs] 
Total time for which application threads were stopped: 0.0093790 seconds
2012-01-20T17:13:00.718+0000: 3868.831: [GC 3868.831: [ParNew: 27328K->5440K(27328K), 0.0102610 secs] 2834817K->2813688K(4188864K) icms_dc=0 , 0.0103960 secs] [Times: user=0.11 sys=0.00, real=0.01 secs] 
Total time for which application threads were stopped: 0.0107710 seconds
2012-01-20T17:13:02.171+0000: 3870.285: [GC 3870.285: [ParNew: 27328K->5440K(27328K), 0.0092640 secs] 2835576K->2814234K(4188864K) icms_dc=0 , 0.0093910 secs] [Times: user=0.11 sys=0.00, real=0.00 secs] 
Total time for which application threads were stopped: 0.0097490 seconds
2012-01-20T17:13:03.578+0000: 3871.691: [GC 3871.691: [ParNew: 27328K->5440K(27328K), 0.0087780 secs] 2836122K->2814638K(4188864K) icms_dc=0 , 0.0089040 secs] [Times: user=0.10 sys=0.00, real=0.01 secs] 
Total time for which application threads were stopped: 0.0092950 seconds
Total time for which application threads were stopped: 0.0002620 seconds
2012-01-20T17:13:04.944+0000: 3873.057: [GC 3873.057: [ParNew: 27328K->5440K(27328K), 0.0088740 secs] 2836526K->2815088K(4188864K) icms_dc=0 , 0.0090070 secs] [Times: user=0.09 sys=0.01, real=0.01 secs] 
Total time for which application threads were stopped: 0.0092250 seconds
2012-01-20T17:13:06.544+0000: 3874.657: [GC 3874.657: [ParNew: 27328K->5440K(27328K), 0.0094860 secs] 2836976K->2815716K(4188864K) icms_dc=0 , 0.0096110 secs] [Times: user=0.10 sys=0.01, real=0.01 secs] 
Total time for which application threads were stopped: 0.0099670 seconds
2012-01-20T17:13:07.970+0000: 3876.083: [GC 3876.083: [ParNew: 27328K->5440K(27328K), 0.0089430 secs] 2837604K->2816169K(4188864K) icms_dc=0 , 0.0090710 secs] [Times: user=0.11 sys=0.00, real=0.01 secs] 
Total time for which application threads were stopped: 0.0094710 seconds
2012-01-20T17:13:09.384+0000: 3877.497: [GC 3877.497: [ParNew: 27328K->5440K(27328K), 0.0091760 secs] 2838057K->2816719K(4188864K) icms_dc=0 , 0.0092980 secs] [Times: user=0.10 sys=0.01, real=0.01 secs] 
Total time for which application threads were stopped: 0.0096480 seconds
2012-01-20T17:13:10.848+0000: 3878.962: [GC 3878.962: [ParNew: 27328K->5440K(27328K), 0.0090750 secs] 2838607K->2817120K(4188864K) icms_dc=0 , 0.0092070 secs] [Times: user=0.10 sys=0.00, real=0.01 secs] 
Total time for which application threads were stopped: 0.0095960 seconds
2012-01-20T17:13:12.201+0000: 3880.314: [GC 3880.314: [ParNew: 27328K->5440K(27328K), 0.0092390 secs] 2839008K->2817468K(4188864K) icms_dc=0 , 0.0093680 secs] [Times: user=0.10 sys=0.00, real=0.01 secs] 
Total time for which application threads were stopped: 0.0098130 seconds
2012-01-20T17:13:13.648+0000: 3881.761: [GC 3881.761: [ParNew: 27328K->5440K(27328K), 0.0103620 secs] 2839356K->2818195K(4188864K) icms_dc=0 , 0.0104890 secs] [Times: user=0.11 sys=0.00, real=0.01 secs] 
Total time for which application threads were stopped: 0.0109470 seconds
Total time for which application threads were stopped: 0.0003360 seconds
2012-01-20T17:13:15.145+0000: 3883.258: [GC 3883.258: [ParNew: 27328K->5440K(27328K), 0.0082350 secs] 2840083K->2818399K(4188864K) icms_dc=0 , 0.0083630 secs] [Times: user=0.10 sys=0.01, real=0.01 secs] 
Total time for which application threads were stopped: 0.0085850 seconds
2012-01-20T17:13:16.505+0000: 3884.618: [GC 3884.618: [ParNew: 27328K->5440K(27328K), 0.0082570 secs] 2840287K->2818564K(4188864K) icms_dc=0 , 0.0083790 secs] [Times: user=0.10 sys=0.00, real=0.01 secs] 
Total time for which application threads were stopped: 0.0087380 seconds
2012-01-20T17:13:18.049+0000: 3886.163: [GC 3886.163: [ParNew: 27328K->5440K(27328K), 0.0084210 secs] 2840452K->2818953K(4188864K) icms_dc=0 , 0.0085460 secs] [Times: user=0.10 sys=0.00, real=0.01 secs] 
Total time for which application threads were stopped: 0.0089690 seconds
2012-01-20T17:13:19.482+0000: 3887.595: [GC 3887.595: [ParNew: 27328K->4799K(27328K), 0.0098980 secs] 2840841K->2818586K(4188864K) icms_dc=0 , 0.0100260 secs] [Times: user=0.11 sys=0.01, real=0.01 secs] 
Total time for which application threads were stopped: 0.0104100 seconds
2012-01-20T17:13:20.919+0000: 3889.032: [GC 3889.032: [ParNew: 26687K->5440K(27328K), 0.0082670 secs] 2840474K->2819311K(4188864K) icms_dc=0 , 0.0083960 secs] [Times: user=0.10 sys=0.00, real=0.01 secs] 
Total time for which application threads were stopped: 0.0087840 seconds
2012-01-20T17:13:22.416+0000: 3890.529: [GC 3890.529: [ParNew: 27328K->4848K(27328K), 0.0082340 secs] 2841199K->2818894K(4188864K) icms_dc=0 , 0.0083630 secs] [Times: user=0.10 sys=0.00, real=0.01 secs] 
Total time for which application threads were stopped: 0.0087670 seconds
2012-01-20T17:13:23.853+0000: 3891.966: [GC 3891.966: [ParNew: 26736K->5440K(27328K), 0.0090340 secs] 2840782K->2819661K(4188864K) icms_dc=0 , 0.0091680 secs] [Times: user=0.10 sys=0.00, real=0.01 secs] 
Total time for which application threads were stopped: 0.0095230 seconds
Total time for which application threads were stopped: 0.0005430 seconds
2012-01-20T17:13:25.385+0000: 3893.498: [GC 3893.498: [ParNew: 27328K->5264K(27328K), 0.0080690 secs] 2841549K->2819590K(4188864K) icms_dc=0 , 0.0081970 secs] [Times: user=0.09 sys=0.00, real=0.01 secs] 
Total time for which application threads were stopped: 0.0085180 seconds
2012-01-20T17:13:26.939+0000: 3895.052: [GC 3895.052: [ParNew: 27152K->5440K(27328K), 0.0081640 secs] 2841478K->2819931K(4188864K) icms_dc=0 , 0.0082860 secs] [Times: user=0.09 sys=0.00, real=0.01 secs] 
Total time for which application threads were stopped: 0.0087140 seconds
2012-01-20T17:13:28.701+0000: 3896.814: [GC 3896.814: [ParNew: 27328K->5440K(27328K), 0.0089250 secs] 2841819K->2820238K(4188864K) icms_dc=0 , 0.0090520 secs] [Times: user=0.10 sys=0.00, real=0.01 secs] 
Total time for which application threads were stopped: 0.0094040 seconds
2012-01-20T17:13:30.288+0000: 3898.401: [GC 3898.401: [ParNew: 27328K->5440K(27328K), 0.0090740 secs] 2842126K->2820602K(4188864K) icms_dc=0 , 0.0092040 secs] [Times: user=0.10 sys=0.00, real=0.01 secs] 
Total time for which application threads were stopped: 0.0096490 seconds
2012-01-20T17:13:31.834+0000: 3899.947: [GC 3899.947: [ParNew: 27328K->5440K(27328K), 0.0105070 secs] 2842490K->2821045K(4188864K) icms_dc=0 , 0.0106320 secs] [Times: user=0.11 sys=0.00, real=0.01 secs] 
Total time for which application threads were stopped: 0.0109910 seconds
2012-01-20T17:13:33.300+0000: 3901.413: [GC 3901.413: [ParNew: 27328K->5440K(27328K), 0.0089300 secs] 2842933K->2821591K(4188864K) icms_dc=0 , 0.0090560 secs] [Times: user=0.10 sys=0.01, real=0.01 secs] 
Total time for which application threads were stopped: 0.0094910 seconds
2012-01-20T17:13:34.749+0000: 3902.862: [GC 3902.862: [ParNew: 27328K->5440K(27328K), 0.0090270 secs] 2843479K->2822084K(4188864K) icms_dc=0 , 0.0091970 secs] [Times: user=0.10 sys=0.00, real=0.01 secs] 
Total time for which application threads were stopped: 0.0095530 seconds
Total time for which application threads were stopped: 0.0001280 seconds
2012-01-20T17:13:36.323+0000: 3904.436: [GC 3904.436: [ParNew: 27328K->5440K(27328K), 0.0085240 secs] 2843972K->2822446K(4188864K) icms_dc=0 , 0.0086480 secs] [Times: user=0.09 sys=0.01, real=0.01 secs] 
Total time for which application threads were stopped: 0.0090330 seconds
2012-01-20T17:13:37.734+0000: 3905.847: [GC 3905.847: [ParNew: 27328K->5440K(27328K), 0.0094430 secs] 2844334K->2822890K(4188864K) icms_dc=0 , 0.0095710 secs] [Times: user=0.11 sys=0.01, real=0.01 secs] 
Total time for which application threads were stopped: 0.0099280 seconds
2012-01-20T17:13:39.259+0000: 3907.372: [GC 3907.372: [ParNew: 27328K->5440K(27328K), 0.0093310 secs] 2844778K->2823381K(4188864K) icms_dc=0 , 0.0094510 secs] [Times: user=0.10 sys=0.00, real=0.01 secs] 
Total time for which application threads were stopped: 0.0098220 seconds
2012-01-20T17:13:40.754+0000: 3908.867: [GC 3908.867: [ParNew: 27328K->5440K(27328K), 0.0099050 secs] 2845269K->2823927K(4188864K) icms_dc=0 , 0.0100320 secs] [Times: user=0.11 sys=0.00, real=0.01 secs] 
Total time for which application threads were stopped: 0.0104630 seconds
2012-01-20T17:13:42.074+0000: 3910.187: [GC 3910.187: [ParNew: 27328K->5440K(27328K), 0.0092170 secs] 2845815K->2824152K(4188864K) icms_dc=0 , 0.0093410 secs] [Times: user=0.10 sys=0.01, real=0.01 secs] 
Total time for which application threads were stopped: 0.0097120 seconds
2012-01-20T17:13:43.457+0000: 3911.570: [GC 3911.570: [ParNew: 27328K->5440K(27328K), 0.0088550 secs] 2846040K->2824493K(4188864K) icms_dc=0 , 0.0089840 secs] [Times: user=0.10 sys=0.00, real=0.01 secs] 
Total time for which application threads were stopped: 0.0093580 seconds
Total time for which application threads were stopped: 0.0002560 seconds
2012-01-20T17:13:45.177+0000: 3913.290: [GC 3913.290: [ParNew: 27328K->5440K(27328K), 0.0089630 secs] 2846381K->2824950K(4188864K) icms_dc=0 , 0.0090850 secs] [Times: user=0.10 sys=0.00, real=0.01 secs] 
Total time for which application threads were stopped: 0.0092940 seconds
2012-01-20T17:13:46.896+0000: 3915.010: [GC 3915.010: [ParNew: 27328K->5440K(27328K), 0.0085120 secs] 2846838K->2825318K(4188864K) icms_dc=0 , 0.0086340 secs] [Times: user=0.09 sys=0.00, real=0.00 secs] 
Total time for which application threads were stopped: 0.0090150 seconds
2012-01-20T17:13:48.394+0000: 3916.507: [GC 3916.507: [ParNew: 27328K->5440K(27328K), 0.0084590 secs] 2847206K->2825636K(4188864K) icms_dc=0 , 0.0085800 secs] [Times: user=0.10 sys=0.01, real=0.01 secs] 
Total time for which application threads were stopped: 0.0090170 seconds
2012-01-20T17:13:49.694+0000: 3917.808: [GC 3917.808: [ParNew: 27328K->5440K(27328K), 0.0093670 secs] 2847524K->2826100K(4188864K) icms_dc=0 , 0.0094920 secs] [Times: user=0.11 sys=0.00, real=0.01 secs] 
Total time for which application threads were stopped: 0.0098620 seconds
2012-01-20T17:13:51.119+0000: 3919.232: [GC 3919.232: [ParNew: 27328K->5440K(27328K), 0.0106920 secs] 2847988K->2826869K(4188864K) icms_dc=0 , 0.0108240 secs] [Times: user=0.10 sys=0.01, real=0.01 secs] 
Total time for which application threads were stopped: 0.0112010 seconds
2012-01-20T17:13:52.522+0000: 3920.636: [GC 3920.636: [ParNew: 27328K->5260K(27328K), 0.0088410 secs] 2848757K->2826865K(4188864K) icms_dc=0 , 0.0089640 secs] [Times: user=0.10 sys=0.00, real=0.01 secs] 
Total time for which application threads were stopped: 0.0093370 seconds
2012-01-20T17:13:54.041+0000: 3922.154: [GC 3922.154: [ParNew: 27148K->5440K(27328K), 0.0116990 secs] 2848753K->2827789K(4188864K) icms_dc=0 , 0.0118240 secs] [Times: user=0.12 sys=0.00, real=0.01 secs] 
Total time for which application threads were stopped: 0.0121800 seconds
Total time for which application threads were stopped: 0.0008860 seconds
Total time for which application threads were stopped: 0.0000880 seconds
2012-01-20T17:13:55.465+0000: 3923.578: [GC 3923.578: [ParNew: 27328K->5253K(27328K), 0.0076430 secs] 2849677K->2827602K(4188864K) icms_dc=0 , 0.0077680 secs] [Times: user=0.09 sys=0.00, real=0.01 secs] 
Total time for which application threads were stopped: 0.0082190 seconds
2012-01-20T17:13:56.957+0000: 3925.070: [GC 3925.070: [ParNew: 27141K->5440K(27328K), 0.0085530 secs] 2849490K->2828202K(4188864K) icms_dc=0 , 0.0086740 secs] [Times: user=0.09 sys=0.00, real=0.01 secs] 
Total time for which application threads were stopped: 0.0090310 seconds
2012-01-20T17:13:58.480+0000: 3926.593: [GC 3926.593: [ParNew: 27328K->5413K(27328K), 0.0077520 secs] 2850090K->2828273K(4188864K) icms_dc=0 , 0.0078720 secs] [Times: user=0.09 sys=0.01, real=0.01 secs] 
Total time for which application threads were stopped: 0.0082760 seconds
2012-01-20T17:14:00.181+0000: 3928.294: [GC 3928.294: [ParNew: 27301K->5206K(27328K), 0.0083580 secs] 2850161K->2828302K(4188864K) icms_dc=0 , 0.0084910 secs] [Times: user=0.10 sys=0.00, real=0.01 secs] 
Total time for which application threads were stopped: 0.0088360 seconds
2012-01-20T17:14:01.760+0000: 3929.873: [GC 3929.873: [ParNew: 27094K->5440K(27328K), 0.0085440 secs] 2850190K->2828757K(4188864K) icms_dc=0 , 0.0086680 secs] [Times: user=0.10 sys=0.00, real=0.01 secs] 
Total time for which application threads were stopped: 0.0090810 seconds
2012-01-20T17:14:03.251+0000: 3931.364: [GC 3931.364: [ParNew: 27328K->5440K(27328K), 0.0086950 secs] 2850645K->2828901K(4188864K) icms_dc=0 , 0.0088200 secs] [Times: user=0.11 sys=0.00, real=0.01 secs] 
Total time for which application threads were stopped: 0.0092300 seconds
2012-01-20T17:14:04.903+0000: 3933.016: [GC 3933.016: [ParNew: 27328K->5440K(27328K), 0.0113210 secs] 2850789K->2829281K(4188864K) icms_dc=0 , 0.0114590 secs] [Times: user=0.10 sys=0.01, real=0.01 secs] 
Total time for which application threads were stopped: 0.0118520 seconds
Total time for which application threads were stopped: 0.0001320 seconds
2012-01-20T17:14:06.566+0000: 3934.679: [GC 3934.680: [ParNew: 27328K->5440K(27328K), 0.0100050 secs] 2851169K->2829680K(4188864K) icms_dc=0 , 0.0101460 secs] [Times: user=0.10 sys=0.00, real=0.01 secs] 
Total time for which application threads were stopped: 0.0105480 seconds
2012-01-20T17:14:08.387+0000: 3936.501: [GC 3936.501: [ParNew: 27328K->5440K(27328K), 0.0109980 secs] 2851568K->2830326K(4188864K) icms_dc=0 , 0.0111230 secs] [Times: user=0.11 sys=0.00, real=0.02 secs] 
Total time for which application threads were stopped: 0.0115290 seconds
2012-01-20T17:14:09.905+0000: 3938.018: [GC 3938.018: [ParNew: 27328K->5440K(27328K), 0.0093310 secs] 2852214K->2830654K(4188864K) icms_dc=0 , 0.0094540 secs] [Times: user=0.10 sys=0.00, real=0.01 secs] 
Total time for which application threads were stopped: 0.0098190 seconds
2012-01-20T17:14:11.381+0000: 3939.495: [GC 3939.495: [ParNew: 27328K->5440K(27328K), 0.0116420 secs] 2852542K->2831388K(4188864K) icms_dc=0 , 0.0117750 secs] [Times: user=0.12 sys=0.00, real=0.01 secs] 
Total time for which application threads were stopped: 0.0121730 seconds
2012-01-20T17:14:13.198+0000: 3941.311: [GC 3941.311: [ParNew: 27328K->5440K(27328K), 0.0094030 secs] 2853276K->2831895K(4188864K) icms_dc=0 , 0.0095250 secs] [Times: user=0.10 sys=0.01, real=0.01 secs] 
Total time for which application threads were stopped: 0.0098910 seconds
2012-01-20T17:14:14.515+0000: 3942.629: [GC 3942.629: [ParNew: 27328K->5440K(27328K), 0.0095520 secs] 2853783K->2832486K(4188864K) icms_dc=0 , 0.0096890 secs] [Times: user=0.10 sys=0.01, real=0.01 secs] 
Total time for which application threads were stopped: 0.0101250 seconds
Total time for which application threads were stopped: 0.0001420 seconds
2012-01-20T17:14:15.695+0000: 3943.808: [GC 3943.809: [ParNew: 27328K->5440K(27328K), 0.0093360 secs] 2854374K->2832959K(4188864K) icms_dc=0 , 0.0094610 secs] [Times: user=0.10 sys=0.00, real=0.01 secs] 
Total time for which application threads were stopped: 0.0098670 seconds
2012-01-20T17:14:17.044+0000: 3945.157: [GC 3945.157: [ParNew: 27328K->5440K(27328K), 0.0104580 secs] 2854847K->2833708K(4188864K) icms_dc=0 , 0.0106230 secs] [Times: user=0.10 sys=0.00, real=0.01 secs] 
Total time for which application threads were stopped: 0.0110040 seconds
2012-01-20T17:14:18.461+0000: 3946.574: [GC 3946.574: [ParNew: 27328K->5440K(27328K), 0.0097400 secs] 2855596K->2834397K(4188864K) icms_dc=0 , 0.0098610 secs] [Times: user=0.10 sys=0.00, real=0.01 secs] 
Total time for which application threads were stopped: 0.0102420 seconds
2012-01-20T17:14:20.002+0000: 3948.115: [GC 3948.115: [ParNew: 27328K->5418K(27328K), 0.0101750 secs] 2856285K->2834684K(4188864K) icms_dc=0 , 0.0103000 secs] [Times: user=0.12 sys=0.00, real=0.01 secs] 
Total time for which application threads were stopped: 0.0106690 seconds
2012-01-20T17:14:21.538+0000: 3949.651: [GC 3949.651: [ParNew: 27306K->5440K(27328K), 0.0086120 secs] 2856572K->2835084K(4188864K) icms_dc=0 , 0.0087330 secs] [Times: user=0.10 sys=0.00, real=0.01 secs] 
Total time for which application threads were stopped: 0.0091860 seconds
2012-01-20T17:14:23.014+0000: 3951.128: [GC 3951.128: [ParNew: 27328K->5440K(27328K), 0.0096310 secs] 2856972K->2835726K(4188864K) icms_dc=0 , 0.0097540 secs] [Times: user=0.10 sys=0.01, real=0.01 secs] 
Total time for which application threads were stopped: 0.0101260 seconds
2012-01-20T17:14:24.489+0000: 3952.603: [GC 3952.603: [ParNew: 27328K->5230K(27328K), 0.0088430 secs] 2857614K->2835670K(4188864K) icms_dc=0 , 0.0089630 secs] [Times: user=0.10 sys=0.00, real=0.01 secs] 
Total time for which application threads were stopped: 0.0093240 seconds
Total time for which application threads were stopped: 0.0001390 seconds
2012-01-20T17:14:25.857+0000: 3953.970: [GC 3953.971: [ParNew: 27118K->5440K(27328K), 0.0090250 secs] 2857558K->2836339K(4188864K) icms_dc=0 , 0.0091500 secs] [Times: user=0.10 sys=0.01, real=0.01 secs] 
Total time for which application threads were stopped: 0.0095180 seconds
2012-01-20T17:14:27.328+0000: 3955.441: [GC 3955.441: [ParNew: 27328K->5267K(27328K), 0.0080620 secs] 2858227K->2836166K(4188864K) icms_dc=0 , 0.0081800 secs] [Times: user=0.10 sys=0.00, real=0.01 secs] 
Total time for which application threads were stopped: 0.0086130 seconds
2012-01-20T17:14:28.764+0000: 3956.877: [GC 3956.877: [ParNew: 27155K->5440K(27328K), 0.0094360 secs] 2858054K->2836740K(4188864K) icms_dc=0 , 0.0095560 secs] [Times: user=0.10 sys=0.00, real=0.01 secs] 
Total time for which application threads were stopped: 0.0099210 seconds
Total time for which application threads were stopped: 0.0004950 seconds
2012-01-20T17:14:30.186+0000: 3958.299: [GC 3958.299: [ParNew: 27328K->5301K(27328K), 0.0084320 secs] 2858628K->2836770K(4188864K) icms_dc=0 , 0.0085570 secs] [Times: user=0.09 sys=0.00, real=0.01 secs] 
Total time for which application threads were stopped: 0.0088350 seconds
2012-01-20T17:14:31.498+0000: 3959.611: [GC 3959.611: [ParNew: 27189K->5440K(27328K), 0.0092600 secs] 2858658K->2837285K(4188864K) icms_dc=0 , 0.0093820 secs] [Times: user=0.09 sys=0.01, real=0.01 secs] 
Total time for which application threads were stopped: 0.0097860 seconds
2012-01-20T17:14:32.980+0000: 3961.093: [GC 3961.094: [ParNew: 27328K->5440K(27328K), 0.0118950 secs] 2859173K->2837883K(4188864K) icms_dc=0 , 0.0120260 secs] [Times: user=0.13 sys=0.00, real=0.02 secs] 
Total time for which application threads were stopped: 0.0124010 seconds
2012-01-20T17:14:34.394+0000: 3962.507: [GC 3962.507: [ParNew: 27328K->5440K(27328K), 0.0091850 secs] 2859771K->2838291K(4188864K) icms_dc=0 , 0.0093150 secs] [Times: user=0.11 sys=0.00, real=0.01 secs] 
Total time for which application threads were stopped: 0.0097500 seconds
Total time for which application threads were stopped: 0.0002800 seconds
2012-01-20T17:14:35.855+0000: 3963.968: [GC 3963.968: [ParNew: 27328K->5440K(27328K), 0.0102110 secs] 2860179K->2838734K(4188864K) icms_dc=0 , 0.0103410 secs] [Times: user=0.09 sys=0.00, real=0.01 secs] 
Total time for which application threads were stopped: 0.0106920 seconds
2012-01-20T17:14:37.223+0000: 3965.336: [GC 3965.336: [ParNew: 27328K->5440K(27328K), 0.0114930 secs] 2860622K->2839219K(4188864K) icms_dc=0 , 0.0116200 secs] [Times: user=0.10 sys=0.00, real=0.01 secs] 
Total time for which application threads were stopped: 0.0120490 seconds
2012-01-20T17:14:38.745+0000: 3966.858: [GC 3966.858: [ParNew: 27328K->5440K(27328K), 0.0099280 secs] 2861107K->2839719K(4188864K) icms_dc=0 , 0.0100640 secs] [Times: user=0.10 sys=0.00, real=0.01 secs] 
Total time for which application threads were stopped: 0.0104520 seconds
2012-01-20T17:14:40.249+0000: 3968.362: [GC 3968.362: [ParNew: 27328K->5440K(27328K), 0.0088130 secs] 2861607K->2840132K(4188864K) icms_dc=0 , 0.0089420 secs] [Times: user=0.09 sys=0.01, real=0.01 secs] 
Total time for which application threads were stopped: 0.0093560 seconds
2012-01-20T17:14:41.679+0000: 3969.792: [GC 3969.792: [ParNew: 27328K->5440K(27328K), 0.0106360 secs] 2862020K->2840619K(4188864K) icms_dc=0 , 0.0107690 secs] [Times: user=0.10 sys=0.01, real=0.01 secs] 
Total time for which application threads were stopped: 0.0111960 seconds
2012-01-20T17:14:43.174+0000: 3971.287: [GC 3971.287: [ParNew: 27328K->5167K(27328K), 0.0092710 secs] 2862507K->2840461K(4188864K) icms_dc=0 , 0.0093960 secs] [Times: user=0.10 sys=0.01, real=0.01 secs] 
Total time for which application threads were stopped: 0.0097660 seconds
2012-01-20T17:14:44.901+0000: 3973.014: [GC 3973.014: [ParNew: 27055K->5440K(27328K), 0.0087720 secs] 2862349K->2841067K(4188864K) icms_dc=0 , 0.0088950 secs] [Times: user=0.10 sys=0.00, real=0.01 secs] 
Total time for which application threads were stopped: 0.0093090 seconds
Total time for which application threads were stopped: 0.0001490 seconds
2012-01-20T17:14:46.584+0000: 3974.698: [GC 3974.698: [ParNew: 27328K->5059K(27328K), 0.0081250 secs] 2862955K->2840910K(4188864K) icms_dc=0 , 0.0082510 secs] [Times: user=0.10 sys=0.00, real=0.00 secs] 
Total time for which application threads were stopped: 0.0086300 seconds
2012-01-20T17:14:48.128+0000: 3976.241: [GC 3976.241: [ParNew: 26947K->5440K(27328K), 0.0085520 secs] 2862798K->2841567K(4188864K) icms_dc=0 , 0.0086740 secs] [Times: user=0.10 sys=0.00, real=0.01 secs] 
Total time for which application threads were stopped: 0.0090890 seconds
2012-01-20T17:14:49.699+0000: 3977.812: [GC 3977.812: [ParNew: 27328K->5409K(27328K), 0.0080930 secs] 2863455K->2841631K(4188864K) icms_dc=0 , 0.0082130 secs] [Times: user=0.09 sys=0.00, real=0.01 secs] 
Total time for which application threads were stopped: 0.0086200 seconds
2012-01-20T17:14:51.488+0000: 3979.601: [GC 3979.601: [ParNew: 27297K->5440K(27328K), 0.0089000 secs] 2863519K->2842018K(4188864K) icms_dc=0 , 0.0090270 secs] [Times: user=0.09 sys=0.00, real=0.01 secs] 
Total time for which application threads were stopped: 0.0093950 seconds
2012-01-20T17:14:53.099+0000: 3981.212: [GC 3981.212: [ParNew: 27328K->5440K(27328K), 0.0081060 secs] 2863906K->2842116K(4188864K) icms_dc=0 , 0.0082280 secs] [Times: user=0.09 sys=0.00, real=0.01 secs] 
Total time for which application threads were stopped: 0.0085800 seconds
2012-01-20T17:14:54.770+0000: 3982.883: [GC 3982.883: [ParNew: 27328K->5440K(27328K), 0.0094940 secs] 2864004K->2842494K(4188864K) icms_dc=0 , 0.0096170 secs] [Times: user=0.11 sys=0.00, real=0.01 secs] 
Total time for which application threads were stopped: 0.0099840 seconds
Total time for which application threads were stopped: 0.0001530 seconds
2012-01-20T17:14:56.504+0000: 3984.618: [GC 3984.618: [ParNew: 27328K->5440K(27328K), 0.0082930 secs] 2864382K->2842577K(4188864K) icms_dc=0 , 0.0084140 secs] [Times: user=0.10 sys=0.00, real=0.00 secs] 
Total time for which application threads were stopped: 0.0088310 seconds
2012-01-20T17:14:58.136+0000: 3986.249: [GC 3986.249: [ParNew: 27328K->5440K(27328K), 0.0101140 secs] 2864465K->2843199K(4188864K) icms_dc=0 , 0.0102380 secs] [Times: user=0.10 sys=0.01, real=0.01 secs] 
Total time for which application threads were stopped: 0.0106270 seconds
2012-01-20T17:14:59.880+0000: 3987.993: [GC 3987.993: [ParNew: 27328K->5440K(27328K), 0.0080320 secs] 2865087K->2843209K(4188864K) icms_dc=0 , 0.0081540 secs] [Times: user=0.10 sys=0.01, real=0.01 secs] 
Total time for which application threads were stopped: 0.0085590 seconds
2012-01-20T17:15:01.403+0000: 3989.516: [GC 3989.516: [ParNew: 27328K->5440K(27328K), 0.0112860 secs] 2865097K->2844035K(4188864K) icms_dc=0 , 0.0114110 secs] [Times: user=0.10 sys=0.01, real=0.02 secs] 
Total time for which application threads were stopped: 0.0117960 seconds
2012-01-20T17:15:02.924+0000: 3991.038: [GC 3991.038: [ParNew: 27328K->5440K(27328K), 0.0079940 secs] 2865923K->2844045K(4188864K) icms_dc=0 , 0.0081120 secs] [Times: user=0.10 sys=0.00, real=0.00 secs] 
Total time for which application threads were stopped: 0.0084660 seconds
2012-01-20T17:15:04.510+0000: 3992.623: [GC 3992.623: [ParNew: 27328K->5440K(27328K), 0.0088430 secs] 2865933K->2844540K(4188864K) icms_dc=0 , 0.0089640 secs] [Times: user=0.10 sys=0.00, real=0.01 secs] 
Total time for which application threads were stopped: 0.0093290 seconds
Total time for which application threads were stopped: 0.0002890 seconds
2012-01-20T17:15:06.229+0000: 3994.342: [GC 3994.342: [ParNew: 27328K->5165K(27328K), 0.0081210 secs] 2866428K->2844417K(4188864K) icms_dc=0 , 0.0082420 secs] [Times: user=0.10 sys=0.00, real=0.01 secs] 
Total time for which application threads were stopped: 0.0086740 seconds
2012-01-20T17:15:07.718+0000: 3995.832: [GC 3995.832: [ParNew: 27053K->5440K(27328K), 0.0087710 secs] 2866305K->2845104K(4188864K) icms_dc=0 , 0.0088890 secs] [Times: user=0.10 sys=0.00, real=0.01 secs] 
Total time for which application threads were stopped: 0.0092880 seconds
2012-01-20T17:15:09.073+0000: 3997.186: [GC 3997.186: [ParNew: 27328K->5347K(27328K), 0.0081990 secs] 2866992K->2845161K(4188864K) icms_dc=0 , 0.0083160 secs] [Times: user=0.10 sys=0.00, real=0.01 secs] 
Total time for which application threads were stopped: 0.0086910 seconds
2012-01-20T17:15:10.532+0000: 3998.645: [GC 3998.645: [ParNew: 27235K->5440K(27328K), 0.0085410 secs] 2867049K->2845592K(4188864K) icms_dc=0 , 0.0086600 secs] [Times: user=0.09 sys=0.00, real=0.01 secs] 
Total time for which application threads were stopped: 0.0090640 seconds
2012-01-20T17:15:12.061+0000: 4000.174: [GC 4000.174: [ParNew: 27328K->5143K(27328K), 0.0092800 secs] 2867480K->2845587K(4188864K) icms_dc=0 , 0.0093980 secs] [Times: user=0.11 sys=0.00, real=0.01 secs] 
Total time for which application threads were stopped: 0.0097680 seconds
2012-01-20T17:15:13.801+0000: 4001.914: [GC 4001.914: [ParNew: 27031K->5440K(27328K), 0.0082950 secs] 2867475K->2846079K(4188864K) icms_dc=0 , 0.0084100 secs] [Times: user=0.10 sys=0.01, real=0.01 secs] 
Total time for which application threads were stopped: 0.0087790 seconds
2012-01-20T17:15:15.312+0000: 4003.425: [GC 4003.425: [ParNew: 27328K->5440K(27328K), 0.0084200 secs] 2867967K->2846267K(4188864K) icms_dc=0 , 0.0085420 secs] [Times: user=0.10 sys=0.01, real=0.01 secs] 
Total time for which application threads were stopped: 0.0089470 seconds
Total time for which application threads were stopped: 0.0002160 seconds
2012-01-20T17:15:16.706+0000: 4004.819: [GC 4004.819: [ParNew: 27328K->5440K(27328K), 0.0086180 secs] 2868155K->2846598K(4188864K) icms_dc=0 , 0.0087360 secs] [Times: user=0.10 sys=0.00, real=0.00 secs] 
Total time for which application threads were stopped: 0.0091020 seconds
2012-01-20T17:15:18.159+0000: 4006.272: [GC 4006.272: [ParNew: 27328K->5440K(27328K), 0.0081640 secs] 2868486K->2846771K(4188864K) icms_dc=0 , 0.0082820 secs] [Times: user=0.09 sys=0.00, real=0.01 secs] 
Total time for which application threads were stopped: 0.0086810 seconds
2012-01-20T17:15:19.695+0000: 4007.808: [GC 4007.808: [ParNew: 27328K->5440K(27328K), 0.0085530 secs] 2868659K->2847182K(4188864K) icms_dc=0 , 0.0086730 secs] [Times: user=0.10 sys=0.00, real=0.01 secs] 
Total time for which application threads were stopped: 0.0090620 seconds
2012-01-20T17:15:21.245+0000: 4009.359: [GC 4009.359: [ParNew: 27328K->5440K(27328K), 0.0099740 secs] 2869070K->2847507K(4188864K) icms_dc=0 , 0.0100900 secs] [Times: user=0.11 sys=0.00, real=0.01 secs] 
Total time for which application threads were stopped: 0.0104800 seconds
2012-01-20T17:15:22.750+0000: 4010.863: [GC 4010.863: [ParNew: 27328K->5440K(27328K), 0.0081530 secs] 2869395K->2847675K(4188864K) icms_dc=0 , 0.0082750 secs] [Times: user=0.10 sys=0.00, real=0.01 secs] 
Total time for which application threads were stopped: 0.0086550 seconds
2012-01-20T17:15:24.335+0000: 4012.448: [GC 4012.448: [ParNew: 27328K->5440K(27328K), 0.0094890 secs] 2869563K->2848188K(4188864K) icms_dc=0 , 0.0096090 secs] [Times: user=0.11 sys=0.00, real=0.01 secs] 
Total time for which application threads were stopped: 0.0100370 seconds
Total time for which application threads were stopped: 0.0002790 seconds
2012-01-20T17:15:25.982+0000: 4014.095: [GC 4014.095: [ParNew: 27328K->5440K(27328K), 0.0078650 secs] 2870076K->2848220K(4188864K) icms_dc=0 , 0.0079850 secs] [Times: user=0.10 sys=0.00, real=0.01 secs] 
Total time for which application threads were stopped: 0.0082810 seconds
2012-01-20T17:15:27.592+0000: 4015.706: [GC 4015.706: [ParNew: 27328K->5440K(27328K), 0.0101430 secs] 2870108K->2848944K(4188864K) icms_dc=0 , 0.0102700 secs] [Times: user=0.10 sys=0.01, real=0.01 secs] 
Total time for which application threads were stopped: 0.0106490 seconds
2012-01-20T17:15:28.987+0000: 4017.101: [GC 4017.101: [ParNew: 27328K->5440K(27328K), 0.0076140 secs] 2870832K->2848944K(4188864K) icms_dc=0 , 0.0077380 secs] [Times: user=0.09 sys=0.00, real=0.00 secs] 
Total time for which application threads were stopped: 0.0081570 seconds
2012-01-20T17:15:30.325+0000: 4018.438: [GC 4018.438: [ParNew: 27328K->5440K(27328K), 0.0092550 secs] 2870832K->2849478K(4188864K) icms_dc=0 , 0.0093810 secs] [Times: user=0.09 sys=0.00, real=0.01 secs] 
Total time for which application threads were stopped: 0.0097940 seconds
2012-01-20T17:15:31.796+0000: 4019.909: [GC 4019.909: [ParNew: 27328K->5044K(27328K), 0.0087960 secs] 2871366K->2849251K(4188864K) icms_dc=0 , 0.0089200 secs] [Times: user=0.10 sys=0.00, real=0.01 secs] 
Total time for which application threads were stopped: 0.0092860 seconds
2012-01-20T17:15:33.527+0000: 4021.640: [GC 4021.640: [ParNew: 26932K->5440K(27328K), 0.0095580 secs] 2871139K->2849964K(4188864K) icms_dc=0 , 0.0096830 secs] [Times: user=0.11 sys=0.00, real=0.01 secs] 
Total time for which application threads were stopped: 0.0101830 seconds
2012-01-20T17:15:35.004+0000: 4023.118: [GC 4023.118: [ParNew: 27328K->5186K(27328K), 0.0088140 secs] 2871852K->2849968K(4188864K) icms_dc=0 , 0.0089420 secs] [Times: user=0.10 sys=0.00, real=0.01 secs] 
Total time for which application threads were stopped: 0.0093320 seconds
Total time for which application threads were stopped: 0.0003060 seconds
2012-01-20T17:15:36.441+0000: 4024.554: [GC 4024.554: [ParNew: 27074K->5440K(27328K), 0.0086180 secs] 2871856K->2850520K(4188864K) icms_dc=0 , 0.0087420 secs] [Times: user=0.10 sys=0.00, real=0.01 secs] 
Total time for which application threads were stopped: 0.0091330 seconds
2012-01-20T17:15:38.053+0000: 4026.166: [GC 4026.166: [ParNew: 27328K->5440K(27328K), 0.0103110 secs] 2872408K->2850868K(4188864K) icms_dc=0 , 0.0104390 secs] [Times: user=0.12 sys=0.00, real=0.01 secs] 
Total time for which application threads were stopped: 0.0108160 seconds
2012-01-20T17:15:39.516+0000: 4027.629: [GC 4027.629: [ParNew: 27328K->5440K(27328K), 0.0083150 secs] 2872756K->2851202K(4188864K) icms_dc=0 , 0.0084390 secs] [Times: user=0.09 sys=0.00, real=0.01 secs] 
Total time for which application threads were stopped: 0.0088860 seconds
2012-01-20T17:15:40.926+0000: 4029.039: [GC 4029.039: [ParNew: 27328K->5440K(27328K), 0.0081690 secs] 2873090K->2851368K(4188864K) icms_dc=0 , 0.0082920 secs] [Times: user=0.09 sys=0.01, real=0.01 secs] 
Total time for which application threads were stopped: 0.0087200 seconds
2012-01-20T17:15:42.380+0000: 4030.494: [GC 4030.494: [ParNew: 27328K->5440K(27328K), 0.0088910 secs] 2873256K->2851793K(4188864K) icms_dc=0 , 0.0090050 secs] [Times: user=0.10 sys=0.00, real=0.01 secs] 
Total time for which application threads were stopped: 0.0094090 seconds
2012-01-20T17:15:43.905+0000: 4032.018: [GC 4032.019: [ParNew: 27328K->5235K(27328K), 0.0081580 secs] 2873681K->2851869K(4188864K) icms_dc=0 , 0.0082880 secs] [Times: user=0.09 sys=0.00, real=0.01 secs] 
Total time for which application threads were stopped: 0.0087490 seconds
2012-01-20T17:15:45.513+0000: 4033.626: [GC 4033.626: [ParNew: 27123K->5180K(27328K), 0.0082680 secs] 2873757K->2852046K(4188864K) icms_dc=0 , 0.0083940 secs] [Times: user=0.09 sys=0.00, real=0.01 secs] 
Total time for which application threads were stopped: 0.0087790 seconds
Total time for which application threads were stopped: 0.0001700 seconds
2012-01-20T17:15:47.061+0000: 4035.174: [GC 4035.174: [ParNew: 27068K->5440K(27328K), 0.0079380 secs] 2873934K->2852435K(4188864K) icms_dc=0 , 0.0080620 secs] [Times: user=0.09 sys=0.00, real=0.00 secs] 
Total time for which application threads were stopped: 0.0084430 seconds
2012-01-20T17:15:48.535+0000: 4036.648: [GC 4036.648: [ParNew: 27328K->5224K(27328K), 0.0088330 secs] 2874323K->2852434K(4188864K) icms_dc=0 , 0.0089560 secs] [Times: user=0.10 sys=0.00, real=0.01 secs] 
Total time for which application threads were stopped: 0.0093510 seconds
2012-01-20T17:15:49.924+0000: 4038.038: [GC 4038.038: [ParNew: 27112K->5440K(27328K), 0.0083210 secs] 2874322K->2852789K(4188864K) icms_dc=0 , 0.0084430 secs] [Times: user=0.10 sys=0.00, real=0.01 secs] 
Total time for which application threads were stopped: 0.0088730 seconds
2012-01-20T17:15:51.438+0000: 4039.551: [GC 4039.552: [ParNew: 27328K->5314K(27328K), 0.0086400 secs] 2874677K->2852689K(4188864K) icms_dc=0 , 0.0087650 secs] [Times: user=0.10 sys=0.00, real=0.01 secs] 
Total time for which application threads were stopped: 0.0091590 seconds
2012-01-20T17:15:52.928+0000: 4041.041: [GC 4041.041: [ParNew: 27202K->5440K(27328K), 0.0093130 secs] 2874577K->2853008K(4188864K) icms_dc=0 , 0.0094400 secs] [Times: user=0.11 sys=0.00, real=0.01 secs] 
Total time for which application threads were stopped: 0.0098980 seconds
2012-01-20T17:15:54.374+0000: 4042.487: [GC 4042.487: [ParNew: 27328K->5392K(27328K), 0.0082840 secs] 2874896K->2853117K(4188864K) icms_dc=0 , 0.0084150 secs] [Times: user=0.09 sys=0.00, real=0.01 secs] 
Total time for which application threads were stopped: 0.0087910 seconds
Total time for which application threads were stopped: 0.0002570 seconds
2012-01-20T17:15:55.936+0000: 4044.050: [GC 4044.050: [ParNew: 27280K->5440K(27328K), 0.0085630 secs] 2875005K->2853431K(4188864K) icms_dc=0 , 0.0086860 secs] [Times: user=0.09 sys=0.00, real=0.01 secs] 
Total time for which application threads were stopped: 0.0089480 seconds
2012-01-20T17:15:57.523+0000: 4045.636: [GC 4045.636: [ParNew: 27328K->5206K(27328K), 0.0081990 secs] 2875319K->2853367K(4188864K) icms_dc=0 , 0.0083220 secs] [Times: user=0.08 sys=0.00, real=0.01 secs] 
Total time for which application threads were stopped: 0.0087110 seconds
2012-01-20T17:15:59.044+0000: 4047.157: [GC 4047.157: [ParNew: 27094K->5440K(27328K), 0.0099040 secs] 2875255K->2853862K(4188864K) icms_dc=0 , 0.0100260 secs] [Times: user=0.11 sys=0.00, real=0.01 secs] 
Total time for which application threads were stopped: 0.0104110 seconds
2012-01-20T17:16:00.552+0000: 4048.665: [GC 4048.665: [ParNew: 27328K->4940K(27328K), 0.0082040 secs] 2875750K->2853585K(4188864K) icms_dc=0 , 0.0083290 secs] [Times: user=0.09 sys=0.00, real=0.00 secs] 
Total time for which application threads were stopped: 0.0087550 seconds
2012-01-20T17:16:02.029+0000: 4050.143: [GC 4050.143: [ParNew: 26828K->5271K(27328K), 0.0083710 secs] 2875473K->2854109K(4188864K) icms_dc=0 , 0.0084990 secs] [Times: user=0.09 sys=0.00, real=0.01 secs] 
Total time for which application threads were stopped: 0.0089400 seconds
2012-01-20T17:16:03.399+0000: 4051.513: [GC 4051.513: [ParNew: 27159K->4752K(27328K), 0.0077420 secs] 2875997K->2853712K(4188864K) icms_dc=0 , 0.0078920 secs] [Times: user=0.09 sys=0.00, real=0.01 secs] 
Total time for which application threads were stopped: 0.0083180 seconds
2012-01-20T17:16:04.857+0000: 4052.970: [GC 4052.970: [ParNew: 26640K->5440K(27328K), 0.0082930 secs] 2875600K->2854632K(4188864K) icms_dc=0 , 0.0084600 secs] [Times: user=0.09 sys=0.00, real=0.01 secs] 
Total time for which application threads were stopped: 0.0088390 seconds
Total time for which application threads were stopped: 0.0002670 seconds
2012-01-20T17:16:06.658+0000: 4054.771: [GC 4054.771: [ParNew: 27328K->5400K(27328K), 0.0082230 secs] 2876520K->2854719K(4188864K) icms_dc=0 , 0.0083490 secs] [Times: user=0.10 sys=0.01, real=0.01 secs] 
Total time for which application threads were stopped: 0.0087180 seconds
2012-01-20T17:16:08.169+0000: 4056.282: [GC 4056.283: [ParNew: 27288K->5157K(27328K), 0.0074630 secs] 2876607K->2854543K(4188864K) icms_dc=0 , 0.0075870 secs] [Times: user=0.09 sys=0.00, real=0.01 secs] 
Total time for which application threads were stopped: 0.0079570 seconds
2012-01-20T17:16:09.628+0000: 4057.741: [GC 4057.741: [ParNew: 27045K->5440K(27328K), 0.0076900 secs] 2876431K->2854937K(4188864K) icms_dc=0 , 0.0078160 secs] [Times: user=0.09 sys=0.01, real=0.01 secs] 
Total time for which application threads were stopped: 0.0082040 seconds
2012-01-20T17:16:11.214+0000: 4059.327: [GC 4059.327: [ParNew: 27328K->5200K(27328K), 0.0082700 secs] 2876825K->2854793K(4188864K) icms_dc=0 , 0.0083970 secs] [Times: user=0.09 sys=0.01, real=0.00 secs] 
Total time for which application threads were stopped: 0.0087970 seconds
2012-01-20T17:16:12.884+0000: 4060.998: [GC 4060.998: [ParNew: 27088K->5440K(27328K), 0.0077950 secs] 2876681K->2855190K(4188864K) icms_dc=0 , 0.0079210 secs] [Times: user=0.09 sys=0.01, real=0.01 secs] 
Total time for which application threads were stopped: 0.0083150 seconds
2012-01-20T17:16:14.312+0000: 4062.425: [GC 4062.425: [ParNew: 27328K->5293K(27328K), 0.0080280 secs] 2877078K->2855118K(4188864K) icms_dc=0 , 0.0081540 secs] [Times: user=0.09 sys=0.00, real=0.01 secs] 
Total time for which application threads were stopped: 0.0086120 seconds
Total time for which application threads were stopped: 0.0002880 seconds
2012-01-20T17:16:15.920+0000: 4064.033: [GC 4064.033: [ParNew: 27181K->5440K(27328K), 0.0083540 secs] 2877006K->2855436K(4188864K) icms_dc=0 , 0.0085000 secs] [Times: user=0.10 sys=0.00, real=0.01 secs] 
Total time for which application threads were stopped: 0.0087400 seconds
2012-01-20T17:16:17.518+0000: 4065.631: [GC 4065.631: [ParNew: 27328K->5440K(27328K), 0.0089300 secs] 2877324K->2855831K(4188864K) icms_dc=0 , 0.0090600 secs] [Times: user=0.10 sys=0.00, real=0.01 secs] 
Total time for which application threads were stopped: 0.0094740 seconds
2012-01-20T17:16:18.975+0000: 4067.089: [GC 4067.089: [ParNew: 27328K->5428K(27328K), 0.0091930 secs] 2877719K->2856064K(4188864K) icms_dc=0 , 0.0093180 secs] [Times: user=0.11 sys=0.00, real=0.01 secs] 
Total time for which application threads were stopped: 0.0096840 seconds
2012-01-20T17:16:20.260+0000: 4068.373: [GC 4068.373: [ParNew: 27316K->5440K(27328K), 0.0094290 secs] 2877952K->2856405K(4188864K) icms_dc=0 , 0.0095550 secs] [Times: user=0.11 sys=0.00, real=0.01 secs] 
Total time for which application threads were stopped: 0.0099560 seconds
2012-01-20T17:16:21.658+0000: 4069.771: [GC 4069.771: [ParNew: 27328K->5440K(27328K), 0.0094910 secs] 2878293K->2856710K(4188864K) icms_dc=0 , 0.0096200 secs] [Times: user=0.10 sys=0.00, real=0.01 secs] 
Total time for which application threads were stopped: 0.0099950 seconds
2012-01-20T17:16:23.215+0000: 4071.328: [GC 4071.329: [ParNew: 27328K->5440K(27328K), 0.0106490 secs] 2878598K->2857190K(4188864K) icms_dc=0 , 0.0107750 secs] [Times: user=0.11 sys=0.00, real=0.01 secs] 
Total time for which application threads were stopped: 0.0111410 seconds
2012-01-20T17:16:24.823+0000: 4072.936: [GC 4072.936: [ParNew: 27328K->5440K(27328K), 0.0092420 secs] 2879078K->2857610K(4188864K) icms_dc=0 , 0.0093700 secs] [Times: user=0.10 sys=0.00, real=0.01 secs] 
Total time for which application threads were stopped: 0.0097350 seconds
Total time for which application threads were stopped: 0.0002240 seconds
2012-01-20T17:16:26.419+0000: 4074.532: [GC 4074.532: [ParNew: 27328K->5440K(27328K), 0.0088290 secs] 2879498K->2857989K(4188864K) icms_dc=0 , 0.0089830 secs] [Times: user=0.10 sys=0.00, real=0.01 secs] 
Total time for which application threads were stopped: 0.0093560 seconds
2012-01-20T17:16:28.137+0000: 4076.251: [GC 4076.251: [ParNew: 27328K->5440K(27328K), 0.0095580 secs] 2879877K->2858580K(4188864K) icms_dc=0 , 0.0096860 secs] [Times: user=0.11 sys=0.00, real=0.01 secs] 
Total time for which application threads were stopped: 0.0100870 seconds
2012-01-20T17:16:29.739+0000: 4077.852: [GC 4077.852: [ParNew: 27328K->5440K(27328K), 0.0093600 secs] 2880468K->2859109K(4188864K) icms_dc=0 , 0.0094890 secs] [Times: user=0.11 sys=0.00, real=0.01 secs] 
Total time for which application threads were stopped: 0.0098560 seconds
2012-01-20T17:16:31.350+0000: 4079.463: [GC 4079.463: [ParNew: 27328K->5440K(27328K), 0.0101410 secs] 2880997K->2859625K(4188864K) icms_dc=0 , 0.0102660 secs] [Times: user=0.11 sys=0.00, real=0.01 secs] 
Total time for which application threads were stopped: 0.0107190 seconds
2012-01-20T17:16:32.917+0000: 4081.031: [GC 4081.031: [ParNew: 27328K->5440K(27328K), 0.0097570 secs] 2881513K->2860245K(4188864K) icms_dc=0 , 0.0098850 secs] [Times: user=0.11 sys=0.00, real=0.01 secs] 
Total time for which application threads were stopped: 0.0103500 seconds
2012-01-20T17:16:34.271+0000: 4082.384: [GC 4082.385: [ParNew: 27328K->5440K(27328K), 0.0097320 secs] 2882133K->2860793K(4188864K) icms_dc=0 , 0.0098870 secs] [Times: user=0.11 sys=0.00, real=0.01 secs] 
Total time for which application threads were stopped: 0.0102660 seconds
Total time for which application threads were stopped: 0.0002830 seconds
2012-01-20T17:16:35.940+0000: 4084.053: [GC 4084.053: [ParNew: 27328K->5440K(27328K), 0.0102190 secs] 2882681K->2861378K(4188864K) icms_dc=0 , 0.0103700 secs] [Times: user=0.11 sys=0.00, real=0.01 secs] 
Total time for which application threads were stopped: 0.0107030 seconds
2012-01-20T17:16:37.371+0000: 4085.484: [GC 4085.484: [ParNew: 27328K->5440K(27328K), 0.0095180 secs] 2883266K->2861949K(4188864K) icms_dc=0 , 0.0096510 secs] [Times: user=0.11 sys=0.01, real=0.01 secs] 
Total time for which application threads were stopped: 0.0100670 seconds
2012-01-20T17:16:38.893+0000: 4087.007: [GC 4087.007: [ParNew: 27328K->5440K(27328K), 0.0095760 secs] 2883837K->2862318K(4188864K) icms_dc=0 , 0.0097030 secs] [Times: user=0.11 sys=0.00, real=0.01 secs] 
Total time for which application threads were stopped: 0.0101460 seconds
2012-01-20T17:16:40.477+0000: 4088.590: [GC 4088.590: [ParNew: 27328K->5440K(27328K), 0.0091570 secs] 2884206K->2862736K(4188864K) icms_dc=0 , 0.0092880 secs] [Times: user=0.10 sys=0.00, real=0.01 secs] 
Total time for which application threads were stopped: 0.0097380 seconds
2012-01-20T17:16:42.027+0000: 4090.140: [GC 4090.140: [ParNew: 27328K->5440K(27328K), 0.0095660 secs] 2884624K->2863210K(4188864K) icms_dc=0 , 0.0096950 secs] [Times: user=0.11 sys=0.00, real=0.01 secs] 
Total time for which application threads were stopped: 0.0100700 seconds
2012-01-20T17:16:43.393+0000: 4091.506: [GC 4091.506: [ParNew: 27328K->5440K(27328K), 0.0099530 secs] 2885098K->2863731K(4188864K) icms_dc=0 , 0.0100810 secs] [Times: user=0.10 sys=0.01, real=0.01 secs] 
Total time for which application threads were stopped: 0.0105110 seconds
2012-01-20T17:16:44.823+0000: 4092.937: [GC 4092.937: [ParNew: 27328K->5440K(27328K), 0.0090220 secs] 2885619K->2864107K(4188864K) icms_dc=0 , 0.0091540 secs] [Times: user=0.10 sys=0.00, real=0.01 secs] 
Total time for which application threads were stopped: 0.0095790 seconds
Total time for which application threads were stopped: 0.0002600 seconds
2012-01-20T17:16:46.372+0000: 4094.485: [GC 4094.485: [ParNew: 27328K->5440K(27328K), 0.0104310 secs] 2885995K->2864770K(4188864K) icms_dc=0 , 0.0105630 secs] [Times: user=0.11 sys=0.01, real=0.01 secs] 
Total time for which application threads were stopped: 0.0108380 seconds
2012-01-20T17:16:47.908+0000: 4096.021: [GC 4096.021: [ParNew: 27328K->5440K(27328K), 0.0107870 secs] 2886658K->2865375K(4188864K) icms_dc=0 , 0.0109130 secs] [Times: user=0.12 sys=0.00, real=0.01 secs] 
Total time for which application threads were stopped: 0.0113480 seconds
2012-01-20T17:16:49.494+0000: 4097.607: [GC 4097.607: [ParNew: 27328K->5440K(27328K), 0.0094100 secs] 2887263K->2865995K(4188864K) icms_dc=0 , 0.0095340 secs] [Times: user=0.10 sys=0.00, real=0.01 secs] 
Total time for which application threads were stopped: 0.0099540 seconds
2012-01-20T17:16:50.942+0000: 4099.056: [GC 4099.056: [ParNew: 27328K->5440K(27328K), 0.0095500 secs] 2887883K->2866440K(4188864K) icms_dc=0 , 0.0096780 secs] [Times: user=0.11 sys=0.00, real=0.01 secs] 
Total time for which application threads were stopped: 0.0100940 seconds
2012-01-20T17:16:52.491+0000: 4100.604: [GC 4100.604: [ParNew: 27328K->5440K(27328K), 0.0095880 secs] 2888328K->2867010K(4188864K) icms_dc=0 , 0.0097240 secs] [Times: user=0.11 sys=0.00, real=0.01 secs] 
Total time for which application threads were stopped: 0.0102010 seconds
2012-01-20T17:16:54.056+0000: 4102.169: [GC 4102.169: [ParNew: 27328K->5440K(27328K), 0.0088490 secs] 2888898K->2867227K(4188864K) icms_dc=0 , 0.0090340 secs] [Times: user=0.10 sys=0.00, real=0.01 secs] 
Total time for which application threads were stopped: 0.0094410 seconds
2012-01-20T17:16:55.590+0000: 4103.703: [GC 4103.703: [ParNew: 27328K->5440K(27328K), 0.0090590 secs] 2889115K->2867563K(4188864K) icms_dc=0 , 0.0091880 secs] [Times: user=0.11 sys=0.01, real=0.01 secs] 
Total time for which application threads were stopped: 0.0095660 seconds
Total time for which application threads were stopped: 0.0001310 seconds
2012-01-20T17:16:57.085+0000: 4105.198: [GC 4105.199: [ParNew: 27328K->5199K(27328K), 0.0094710 secs] 2889451K->2867565K(4188864K) icms_dc=0 , 0.0096140 secs] [Times: user=0.11 sys=0.01, real=0.01 secs] 
Total time for which application threads were stopped: 0.0099960 seconds
2012-01-20T17:16:58.529+0000: 4106.642: [GC 4106.642: [ParNew: 27087K->5440K(27328K), 0.0081260 secs] 2889453K->2867989K(4188864K) icms_dc=0 , 0.0082540 secs]