3.215: [GC 3.215: [ParNew: 148032K->15560K(166528K), 0.0155030 secs] 148032K->15560K(3127232K), 0.0156020 secs] [Times: user=0.12 sys=0.01, real=0.02 secs] 
3.534: [GC [1 CMS-initial-mark: 0K(2960704K)] 82414K(3127232K), 0.0206730 secs] [Times: user=0.06 sys=0.00, real=0.02 secs] 
3.555: [CMS-concurrent-mark-start]
3.773: [GC 3.773: [ParNew: 163592K->11411K(166528K), 0.0885500 secs] 163592K->27899K(3127232K), 0.0886500 secs] [Times: user=0.36 sys=0.05, real=0.09 secs] 
4.363: [Full GC (System) 4.363: [CMS4.368: [CMS-concurrent-mark: 0.012/0.813 secs] [Times: user=2.51 sys=0.10, real=0.81 secs] 
 (concurrent mode interrupted): 16487K->23431K(2960704K), 0.1828700 secs] 84377K->23431K(3127232K), [CMS Perm : 19815K->19787K(21248K)], 0.1830090 secs] [Times: user=0.48 sys=0.04, real=0.18 secs] 
7.398: [GC [1 CMS-initial-mark: 23431K(2960704K)] 90265K(3127232K), 0.0379110 secs] [Times: user=0.08 sys=0.00, real=0.04 secs] 
7.436: [CMS-concurrent-mark-start]
7.470: [CMS-concurrent-mark: 0.032/0.034 secs] [Times: user=0.22 sys=0.00, real=0.03 secs] 
7.470: [CMS-concurrent-preclean-start]
7.508: [CMS-concurrent-preclean: 0.038/0.039 secs] [Times: user=0.15 sys=0.01, real=0.04 secs] 
7.508: [CMS-concurrent-abortable-preclean-start]
10.011: [GC 10.011: [ParNew: 148032K->13551K(166528K), 0.0123960 secs] 171463K->36982K(3127232K), 0.0125360 secs] [Times: user=0.11 sys=0.00, real=0.02 secs] 
11.182: [CMS-concurrent-abortable-preclean: 0.273/3.674 secs] [Times: user=11.20 sys=0.12, real=3.68 secs] 
11.183: [GC[YG occupancy: 88501 K (166528 K)]11.183: [Rescan (parallel) , 0.0664760 secs]11.249: [weak refs processing, 0.0002850 secs] [1 CMS-remark: 23431K(2960704K)] 111933K(3127232K), 0.0669360 secs] [Times: user=0.76 sys=0.02, real=0.06 secs] 
11.250: [CMS-concurrent-sweep-start]
11.267: [CMS-concurrent-sweep: 0.017/0.017 secs] [Times: user=0.06 sys=0.00, real=0.02 secs] 
11.267: [CMS-concurrent-reset-start]
11.274: [CMS-concurrent-reset: 0.006/0.006 secs] [Times: user=0.03 sys=0.00, real=0.01 secs] 
12.313: [GC 12.313: [ParNew: 161583K->18496K(166528K), 0.1589750 secs] 184106K->69091K(3127232K) icms_dc=5 , 0.1590950 secs] [Times: user=0.23 sys=0.01, real=0.16 secs] 
14.179: [GC [1 CMS-initial-mark: 50595K(2960704K)] 140825K(3127232K), 0.0509750 secs] [Times: user=0.05 sys=0.00, real=0.05 secs] 
14.231: [CMS-concurrent-mark-start]
15.770: [GC 15.770: [ParNew: 166528K->15365K(166528K), 0.0205290 secs] 217123K->67711K(3127232K) icms_dc=5 , 0.0206640 secs] [Times: user=0.16 sys=0.01, real=0.02 secs] 
178.565: [GC 178.565: [ParNew: 163397K->11155K(166528K), 0.0304600 secs] 215743K->76232K(3127232K) icms_dc=5 , 0.0306440 secs] [Times: user=0.20 sys=0.01, real=0.03 secs] 
183.427: [CMS-concurrent-mark: 0.156/169.196 secs] [Times: user=21.86 sys=1.68, real=169.17 secs] 
183.427: [CMS-concurrent-preclean-start]
183.568: [CMS-concurrent-preclean: 0.135/0.141 secs] [Times: user=0.19 sys=0.02, real=0.15 secs] 
183.568: [CMS-concurrent-abortable-preclean-start]
190.063: [GC 190.063: [ParNew: 159187K->7570K(166528K), 0.0064500 secs] 224264K->72647K(3127232K) icms_dc=5 , 0.0066000 secs] [Times: user=0.06 sys=0.00, real=0.01 secs] 
 CMS: abort preclean due to time 195.024: [CMS-concurrent-abortable-preclean: 0.216/11.456 secs] [Times: user=2.25 sys=0.91, real=11.45 secs] 
195.025: [GC[YG occupancy: 79227 K (166528 K)]195.025: [Rescan (parallel) , 0.1336070 secs]195.159: [weak refs processing, 0.0008310 secs] [1 CMS-remark: 65077K(2960704K)] 144304K(3127232K), 0.1345700 secs] [Times: user=1.45 sys=0.02, real=0.13 secs] 
195.161: [CMS-concurrent-sweep-start]
195.240: [CMS-concurrent-sweep: 0.079/0.079 secs] [Times: user=0.19 sys=0.01, real=0.08 secs] 
195.240: [CMS-concurrent-reset-start]
195.247: [CMS-concurrent-reset: 0.007/0.007 secs] [Times: user=0.02 sys=0.00, real=0.00 secs] 
200.321: [GC 200.321: [ParNew: 155602K->7434K(166528K), 0.0058940 secs] 203482K->55314K(3127232K) icms_dc=0 , 0.0060410 secs] [Times: user=0.05 sys=0.01, real=0.00 secs] 
210.945: [GC 210.945: [ParNew: 155466K->7674K(166528K), 0.0065750 secs] 203346K->55554K(3127232K) icms_dc=0 , 0.0067230 secs] [Times: user=0.06 sys=0.00, real=0.00 secs] 
223.040: [GC 223.040: [ParNew: 155706K->5318K(166528K), 0.0080660 secs] 203586K->59004K(3127232K) icms_dc=0 , 0.0082230 secs] [Times: user=0.06 sys=0.01, real=0.01 secs] 
233.485: [GC 233.485: [ParNew: 153350K->1350K(166528K), 0.0027470 secs] 207036K->55047K(3127232K) icms_dc=0 , 0.0028590 secs] [Times: user=0.02 sys=0.00, real=0.00 secs] 
239.709: [GC 239.709: [ParNew: 149382K->619K(166528K), 0.0028660 secs] 203079K->54339K(3127232K) icms_dc=0 , 0.0030710 secs] [Times: user=0.01 sys=0.00, real=0.00 secs] 
246.752: [GC 246.752: [ParNew: 148651K->709K(166528K), 0.0030020 secs] 202371K->54444K(3127232K) icms_dc=0 , 0.0031100 secs] [Times: user=0.02 sys=0.01, real=0.00 secs] 
252.919: [GC 252.919: [ParNew: 148741K->533K(166528K), 0.0031180 secs] 202476K->54297K(3127232K) icms_dc=0 , 0.0032270 secs] [Times: user=0.03 sys=0.00, real=0.00 secs] 
259.910: [GC 259.911: [ParNew: 148565K->535K(166528K), 0.0031590 secs] 202329K->54364K(3127232K) icms_dc=0 , 0.0032700 secs] [Times: user=0.02 sys=0.00, real=0.00 secs] 
266.204: [GC 266.204: [ParNew: 148567K->522K(166528K), 0.0025330 secs] 202396K->54400K(3127232K) icms_dc=0 , 0.0026430 secs] [Times: user=0.02 sys=0.00, real=0.00 secs] 
272.692: [GC 272.692: [ParNew: 148554K->418K(166528K), 0.0030250 secs] 202432K->54297K(3127232K) icms_dc=0 , 0.0031350 secs] [Times: user=0.03 sys=0.00, real=0.00 secs] 
279.608: [GC 279.608: [ParNew: 148450K->436K(166528K), 0.0029100 secs] 202329K->54315K(3127232K) icms_dc=0 , 0.0030330 secs] [Times: user=0.01 sys=0.00, real=0.00 secs] 
285.794: [GC 285.794: [ParNew: 148468K->477K(166528K), 0.0033890 secs] 202347K->54356K(3127232K) icms_dc=0 , 0.0034960 secs] [Times: user=0.02 sys=0.00, real=0.00 secs] 
291.858: [GC 291.858: [ParNew: 148509K->416K(166528K), 0.0027760 secs] 202388K->54296K(3127232K) icms_dc=0 , 0.0028820 secs] [Times: user=0.03 sys=0.00, real=0.00 secs] 
505.165: [GC 505.165: [ParNew: 148448K->10414K(166528K), 0.0087000 secs] 202328K->64295K(3127232K) icms_dc=0 , 0.0088910 secs] [Times: user=0.08 sys=0.00, real=0.01 secs] 
508.462: [GC 508.462: [ParNew: 158446K->620K(166528K), 0.0088090 secs] 212327K->64429K(3127232K) icms_dc=0 , 0.0089850 secs] [Times: user=0.09 sys=0.01, real=0.01 secs] 
512.996: [GC 512.996: [ParNew: 148652K->317K(166528K), 0.0031660 secs] 212461K->64126K(3127232K) icms_dc=0 , 0.0032870 secs] [Times: user=0.03 sys=0.00, real=0.01 secs] 
517.649: [GC 517.649: [ParNew: 148349K->300K(166528K), 0.0025150 secs] 212158K->64109K(3127232K) icms_dc=0 , 0.0026410 secs] [Times: user=0.02 sys=0.00, real=0.00 secs] 
521.600: [GC 521.600: [ParNew: 148332K->340K(166528K), 0.0029750 secs] 212141K->64149K(3127232K) icms_dc=0 , 0.0030990 secs] [Times: user=0.02 sys=0.00, real=0.00 secs] 
524.772: [GC 524.772: [ParNew: 148372K->314K(166528K), 0.0023780 secs] 212181K->64126K(3127232K) icms_dc=0 , 0.0025010 secs] [Times: user=0.02 sys=0.00, real=0.00 secs] 
527.495: [GC 527.495: [ParNew: 148346K->273K(166528K), 0.0030900 secs] 212158K->64151K(3127232K) icms_dc=0 , 0.0032110 secs] [Times: user=0.02 sys=0.00, real=0.00 secs] 
530.015: [GC 530.015: [ParNew: 148305K->208K(166528K), 0.0030770 secs] 212183K->64092K(3127232K) icms_dc=0 , 0.0032040 secs] [Times: user=0.02 sys=0.00, real=0.00 secs] 
532.300: [GC 532.300: [ParNew: 148240K->210K(166528K), 0.0027630 secs] 212124K->64099K(3127232K) icms_dc=0 , 0.0028950 secs] [Times: user=0.01 sys=0.00, real=0.01 secs] 
534.711: [GC 534.711: [ParNew: 148242K->224K(166528K), 0.0024300 secs] 212131K->64114K(3127232K) icms_dc=0 , 0.0025530 secs] [Times: user=0.03 sys=0.00, real=0.00 secs] 
537.021: [GC 537.021: [ParNew: 148256K->234K(166528K), 0.0024500 secs] 212146K->64125K(3127232K) icms_dc=0 , 0.0025710 secs] [Times: user=0.02 sys=0.00, real=0.01 secs] 
539.112: [GC 539.113: [ParNew: 148266K->240K(166528K), 0.0026470 secs] 212157K->64133K(3127232K) icms_dc=0 , 0.0027680 secs] [Times: user=0.02 sys=0.00, real=0.00 secs] 
541.103: [GC 541.103: [ParNew: 148272K->214K(166528K), 0.0025730 secs] 212165K->64106K(3127232K) icms_dc=0 , 0.0026950 secs] [Times: user=0.01 sys=0.00, real=0.00 secs] 
543.280: [GC 543.280: [ParNew: 148246K->236K(166528K), 0.0022280 secs] 212138K->64135K(3127232K) icms_dc=0 , 0.0023780 secs] [Times: user=0.01 sys=0.00, real=0.00 secs] 
545.362: [GC 545.362: [ParNew: 148268K->219K(166528K), 0.0023600 secs] 212167K->64121K(3127232K) icms_dc=0 , 0.0024820 secs] [Times: user=0.03 sys=0.00, real=0.01 secs] 
547.668: [GC 547.668: [ParNew: 148251K->233K(166528K), 0.0027210 secs] 212153K->64138K(3127232K) icms_dc=0 , 0.0028400 secs] [Times: user=0.03 sys=0.00, real=0.00 secs] 
549.831: [GC 549.831: [ParNew: 148265K->232K(166528K), 0.0029700 secs] 212170K->64139K(3127232K) icms_dc=0 , 0.0030900 secs] [Times: user=0.02 sys=0.01, real=0.01 secs] 
551.997: [GC 551.997: [ParNew: 148264K->247K(166528K), 0.0029200 secs] 212171K->64158K(3127232K) icms_dc=0 , 0.0030400 secs] [Times: user=0.03 sys=0.00, real=0.00 secs] 
554.292: [GC 554.292: [ParNew: 148279K->267K(166528K), 0.0023950 secs] 212190K->64186K(3127232K) icms_dc=0 , 0.0025180 secs] [Times: user=0.01 sys=0.00, real=0.01 secs] 
556.512: [GC 556.512: [ParNew: 148299K->236K(166528K), 0.0028890 secs] 212218K->64165K(3127232K) icms_dc=0 , 0.0030120 secs] [Times: user=0.03 sys=0.00, real=0.01 secs] 
558.616: [GC 558.616: [ParNew: 148268K->211K(166528K), 0.0022350 secs] 212197K->64142K(3127232K) icms_dc=0 , 0.0023500 secs] [Times: user=0.01 sys=0.00, real=0.00 secs] 
560.677: [GC 560.677: [ParNew: 148243K->236K(166528K), 0.0028660 secs] 212174K->64168K(3127232K) icms_dc=0 , 0.0029850 secs] [Times: user=0.02 sys=0.00, real=0.00 secs] 
562.974: [GC 562.974: [ParNew: 148268K->242K(166528K), 0.0022760 secs] 212200K->64175K(3127232K) icms_dc=0 , 0.0023950 secs] [Times: user=0.01 sys=0.00, real=0.01 secs] 
565.008: [GC 565.008: [ParNew: 148274K->258K(166528K), 0.0023440 secs] 212207K->64193K(3127232K) icms_dc=0 , 0.0024660 secs] [Times: user=0.02 sys=0.00, real=0.00 secs] 
567.220: [GC 567.220: [ParNew: 148290K->264K(166528K), 0.0026650 secs] 212225K->64200K(3127232K) icms_dc=0 , 0.0027830 secs] [Times: user=0.02 sys=0.00, real=0.00 secs] 
569.485: [GC 569.485: [ParNew: 148296K->291K(166528K), 0.0022900 secs] 212232K->64229K(3127232K) icms_dc=0 , 0.0024160 secs] [Times: user=0.03 sys=0.00, real=0.01 secs] 
571.792: [GC 571.792: [ParNew: 148323K->203K(166528K), 0.0023540 secs] 212261K->64145K(3127232K) icms_dc=0 , 0.0024790 secs] [Times: user=0.02 sys=0.00, real=0.00 secs] 
573.934: [GC 573.934: [ParNew: 148235K->228K(166528K), 0.0030260 secs] 212177K->64177K(3127232K) icms_dc=0 , 0.0031430 secs] [Times: user=0.02 sys=0.00, real=0.01 secs] 
576.115: [GC 576.116: [ParNew: 148260K->236K(166528K), 0.0031210 secs] 212209K->64195K(3127232K) icms_dc=0 , 0.0032430 secs] [Times: user=0.02 sys=0.00, real=0.01 secs] 
578.446: [GC 578.447: [ParNew: 148268K->216K(166528K), 0.0025770 secs] 212227K->64176K(3127232K) icms_dc=0 , 0.0026990 secs] [Times: user=0.01 sys=0.00, real=0.01 secs] 
580.540: [GC 580.540: [ParNew: 148248K->235K(166528K), 0.0027570 secs] 212208K->64195K(3127232K) icms_dc=0 , 0.0028840 secs] [Times: user=0.02 sys=0.01, real=0.00 secs] 
582.716: [GC 582.716: [ParNew: 148267K->220K(166528K), 0.0024700 secs] 212227K->64182K(3127232K) icms_dc=0 , 0.0025890 secs] [Times: user=0.02 sys=0.00, real=0.00 secs] 
584.944: [GC 584.944: [ParNew: 148252K->251K(166528K), 0.0025870 secs] 212214K->64214K(3127232K) icms_dc=0 , 0.0027100 secs] [Times: user=0.02 sys=0.01, real=0.00 secs] 
587.007: [GC 587.007: [ParNew: 148283K->224K(166528K), 0.0030970 secs] 212246K->64189K(3127232K) icms_dc=0 , 0.0032160 secs] [Times: user=0.02 sys=0.00, real=0.01 secs] 
589.139: [GC 589.140: [ParNew: 148256K->268K(166528K), 0.0031090 secs] 212221K->64241K(3127232K) icms_dc=0 , 0.0032310 secs] [Times: user=0.01 sys=0.00, real=0.01 secs] 
591.277: [GC 591.277: [ParNew: 148300K->229K(166528K), 0.0028830 secs] 212273K->64204K(3127232K) icms_dc=0 , 0.0030080 secs] [Times: user=0.02 sys=0.00, real=0.01 secs] 
593.774: [GC 593.774: [ParNew: 148261K->255K(166528K), 0.0031840 secs] 212236K->64231K(3127232K) icms_dc=0 , 0.0033030 secs] [Times: user=0.03 sys=0.00, real=0.00 secs] 
596.143: [GC 596.143: [ParNew: 148287K->234K(166528K), 0.0025860 secs] 212263K->64212K(3127232K) icms_dc=0 , 0.0027540 secs] [Times: user=0.03 sys=0.00, real=0.00 secs] 
598.240: [GC 598.240: [ParNew: 148266K->220K(166528K), 0.0024510 secs] 212244K->64200K(3127232K) icms_dc=0 , 0.0025740 secs] [Times: user=0.01 sys=0.00, real=0.01 secs] 
600.462: [GC 600.462: [ParNew: 148252K->240K(166528K), 0.0026700 secs] 212232K->64223K(3127232K) icms_dc=0 , 0.0027950 secs] [Times: user=0.02 sys=0.00, real=0.00 secs] 
602.891: [GC 602.892: [ParNew: 148272K->256K(166528K), 0.0026010 secs] 212255K->64242K(3127232K) icms_dc=0 , 0.0027220 secs] [Times: user=0.01 sys=0.00, real=0.01 secs] 
605.182: [GC 605.182: [ParNew: 148288K->246K(166528K), 0.0022370 secs] 212274K->64232K(3127232K) icms_dc=0 , 0.0023620 secs] [Times: user=0.01 sys=0.00, real=0.00 secs] 
607.478: [GC 607.478: [ParNew: 148278K->269K(166528K), 0.0023940 secs] 212264K->64261K(3127232K) icms_dc=0 , 0.0025120 secs] [Times: user=0.02 sys=0.01, real=0.00 secs] 
609.949: [GC 609.949: [ParNew: 148301K->296K(166528K), 0.0028180 secs] 212293K->64289K(3127232K) icms_dc=0 , 0.0029420 secs] [Times: user=0.02 sys=0.00, real=0.00 secs] 
612.357: [GC 612.357: [ParNew: 148328K->256K(166528K), 0.0026570 secs] 212321K->64250K(3127232K) icms_dc=0 , 0.0027790 secs] [Times: user=0.02 sys=0.00, real=0.00 secs] 
614.542: [GC 614.542: [ParNew: 148288K->254K(166528K), 0.0024260 secs] 212282K->64250K(3127232K) icms_dc=0 , 0.0025480 secs] [Times: user=0.02 sys=0.00, real=0.01 secs] 
617.213: [GC 617.213: [ParNew: 148286K->247K(166528K), 0.0023500 secs] 212282K->64253K(3127232K) icms_dc=0 , 0.0024720 secs] [Times: user=0.03 sys=0.00, real=0.01 secs] 
619.484: [GC 619.484: [ParNew: 148279K->245K(166528K), 0.0028260 secs] 212285K->64253K(3127232K) icms_dc=0 , 0.0029500 secs] [Times: user=0.02 sys=0.00, real=0.00 secs] 
621.810: [GC 621.810: [ParNew: 148277K->212K(166528K), 0.0033920 secs] 212285K->64221K(3127232K) icms_dc=0 , 0.0035120 secs] [Times: user=0.01 sys=0.00, real=0.00 secs] 
624.282: [GC 624.282: [ParNew: 148244K->244K(166528K), 0.0026010 secs] 212253K->64254K(3127232K) icms_dc=0 , 0.0027200 secs] [Times: user=0.02 sys=0.00, real=0.01 secs] 
626.904: [GC 626.904: [ParNew: 148276K->248K(166528K), 0.0025230 secs] 212286K->64260K(3127232K) icms_dc=0 , 0.0026450 secs] [Times: user=0.01 sys=0.00, real=0.01 secs] 
629.436: [GC 629.436: [ParNew: 148280K->230K(166528K), 0.0025890 secs] 212292K->64243K(3127232K) icms_dc=0 , 0.0027090 secs] [Times: user=0.02 sys=0.00, real=0.00 secs] 
631.874: [GC 631.874: [ParNew: 148262K->261K(166528K), 0.0026400 secs] 212275K->64277K(3127232K) icms_dc=0 , 0.0027950 secs] [Times: user=0.03 sys=0.00, real=0.01 secs] 
634.390: [GC 634.390: [ParNew: 148293K->265K(166528K), 0.0021960 secs] 212309K->64281K(3127232K) icms_dc=0 , 0.0023190 secs] [Times: user=0.02 sys=0.01, real=0.00 secs] 
637.100: [GC 637.100: [ParNew: 148297K->269K(166528K), 0.0027090 secs] 212313K->64291K(3127232K) icms_dc=0 , 0.0028330 secs] [Times: user=0.03 sys=0.00, real=0.00 secs] 
639.507: [GC 639.507: [ParNew: 148301K->273K(166528K), 0.0026320 secs] 212323K->64296K(3127232K) icms_dc=0 , 0.0027520 secs] [Times: user=0.03 sys=0.00, real=0.00 secs] 
642.080: [GC 642.080: [ParNew: 148305K->243K(166528K), 0.0027800 secs] 212328K->64292K(3127232K) icms_dc=0 , 0.0029010 secs] [Times: user=0.02 sys=0.00, real=0.00 secs] 
644.481: [GC 644.481: [ParNew: 148275K->219K(166528K), 0.0031870 secs] 212324K->64269K(3127232K) icms_dc=0 , 0.0033060 secs] [Times: user=0.02 sys=0.00, real=0.00 secs] 
647.075: [GC 647.075: [ParNew: 148251K->200K(166528K), 0.0027570 secs] 212301K->64258K(3127232K) icms_dc=0 , 0.0028840 secs] [Times: user=0.02 sys=0.01, real=0.01 secs] 
649.350: [GC 649.350: [ParNew: 148232K->234K(166528K), 0.0025150 secs] 212290K->64297K(3127232K) icms_dc=0 , 0.0026430 secs] [Times: user=0.03 sys=0.00, real=0.00 secs] 
651.829: [GC 651.829: [ParNew: 148266K->209K(166528K), 0.0027780 secs] 212329K->64272K(3127232K) icms_dc=0 , 0.0029000 secs] [Times: user=0.01 sys=0.00, real=0.00 secs] 
654.556: [GC 654.556: [ParNew: 148241K->239K(166528K), 0.0031890 secs] 212304K->64302K(3127232K) icms_dc=0 , 0.0033130 secs] [Times: user=0.01 sys=0.00, real=0.00 secs] 
656.981: [GC 656.981: [ParNew: 148271K->246K(166528K), 0.0027730 secs] 212334K->64314K(3127232K) icms_dc=0 , 0.0028980 secs] [Times: user=0.01 sys=0.00, real=0.00 secs] 
659.441: [GC 659.441: [ParNew: 148278K->257K(166528K), 0.0025850 secs] 212346K->64330K(3127232K) icms_dc=0 , 0.0027070 secs] [Times: user=0.01 sys=0.00, real=0.00 secs] 
661.687: [GC 661.687: [ParNew: 148289K->230K(166528K), 0.0027530 secs] 212362K->64303K(3127232K) icms_dc=0 , 0.0028820 secs] [Times: user=0.02 sys=0.00, real=0.00 secs] 
664.135: [GC 664.136: [ParNew: 148262K->215K(166528K), 0.0027820 secs] 212335K->64289K(3127232K) icms_dc=0 , 0.0029050 secs] [Times: user=0.01 sys=0.00, real=0.00 secs] 
666.748: [GC 666.748: [ParNew: 148247K->222K(166528K), 0.0028060 secs] 212321K->64297K(3127232K) icms_dc=0 , 0.0029310 secs] [Times: user=0.02 sys=0.00, real=0.01 secs] 
669.128: [GC 669.129: [ParNew: 148254K->220K(166528K), 0.0021740 secs] 212329K->64296K(3127232K) icms_dc=0 , 0.0022960 secs] [Times: user=0.02 sys=0.00, real=0.00 secs] 
671.314: [GC 671.314: [ParNew: 148252K->215K(166528K), 0.0023980 secs] 212328K->64290K(3127232K) icms_dc=0 , 0.0025210 secs] [Times: user=0.02 sys=0.00, real=0.00 secs] 
673.866: [GC 673.866: [ParNew: 148247K->247K(166528K), 0.0027710 secs] 212322K->64323K(3127232K) icms_dc=0 , 0.0028950 secs] [Times: user=0.01 sys=0.00, real=0.00 secs] 
676.386: [GC 676.386: [ParNew: 148279K->221K(166528K), 0.0023990 secs] 212355K->64299K(3127232K) icms_dc=0 , 0.0025270 secs] [Times: user=0.01 sys=0.00, real=0.00 secs] 
678.906: [GC 678.906: [ParNew: 148253K->238K(166528K), 0.0027530 secs] 212331K->64317K(3127232K) icms_dc=0 , 0.0028740 secs] [Times: user=0.01 sys=0.00, real=0.00 secs] 
681.105: [GC 681.105: [ParNew: 148270K->220K(166528K), 0.0023860 secs] 212349K->64299K(3127232K) icms_dc=0 , 0.0025130 secs] [Times: user=0.02 sys=0.00, real=0.00 secs] 
683.499: [GC 683.499: [ParNew: 148252K->220K(166528K), 0.0026120 secs] 212331K->64302K(3127232K) icms_dc=0 , 0.0027330 secs] [Times: user=0.02 sys=0.01, real=0.00 secs] 
685.901: [GC 685.902: [ParNew: 148252K->237K(166528K), 0.0023390 secs] 212334K->64321K(3127232K) icms_dc=0 , 0.0024740 secs] [Times: user=0.02 sys=0.00, real=0.01 secs] 
688.438: [GC 688.438: [ParNew: 148269K->282K(166528K), 0.0023610 secs] 212353K->64366K(3127232K) icms_dc=0 , 0.0024800 secs] [Times: user=0.03 sys=0.00, real=0.00 secs] 
690.950: [GC 690.950: [ParNew: 148314K->244K(166528K), 0.0027260 secs] 212398K->64328K(3127232K) icms_dc=0 , 0.0028550 secs] [Times: user=0.03 sys=0.00, real=0.00 secs] 
693.523: [GC 693.523: [ParNew: 148276K->242K(166528K), 0.0027470 secs] 212360K->64336K(3127232K) icms_dc=0 , 0.0028670 secs] [Times: user=0.01 sys=0.00, real=0.01 secs] 
695.926: [GC 695.926: [ParNew: 148274K->229K(166528K), 0.0030740 secs] 212368K->64327K(3127232K) icms_dc=0 , 0.0032020 secs] [Times: user=0.02 sys=0.00, real=0.00 secs] 
698.359: [GC 698.359: [ParNew: 148261K->250K(166528K), 0.0027660 secs] 212359K->64348K(3127232K) icms_dc=0 , 0.0028850 secs] [Times: user=0.03 sys=0.00, real=0.00 secs] 
700.708: [GC 700.708: [ParNew: 148282K->243K(166528K), 0.0024040 secs] 212380K->64342K(3127232K) icms_dc=0 , 0.0025280 secs] [Times: user=0.01 sys=0.00, real=0.00 secs] 
703.256: [GC 703.256: [ParNew: 148275K->256K(166528K), 0.0023950 secs] 212374K->64355K(3127232K) icms_dc=0 , 0.0025160 secs] [Times: user=0.03 sys=0.00, real=0.01 secs] 
705.718: [GC 705.718: [ParNew: 148288K->223K(166528K), 0.0035420 secs] 212387K->64330K(3127232K) icms_dc=0 , 0.0036650 secs] [Times: user=0.03 sys=0.00, real=0.00 secs] 
708.064: [GC 708.064: [ParNew: 148255K->218K(166528K), 0.0026630 secs] 212362K->64325K(3127232K) icms_dc=0 , 0.0027860 secs] [Times: user=0.01 sys=0.00, real=0.00 secs] 
710.621: [GC 710.621: [ParNew: 148250K->220K(166528K), 0.0025640 secs] 212357K->64327K(3127232K) icms_dc=0 , 0.0026970 secs] [Times: user=0.03 sys=0.00, real=0.00 secs] 
712.997: [GC 712.998: [ParNew: 148252K->221K(166528K), 0.0024790 secs] 212359K->64333K(3127232K) icms_dc=0 , 0.0026110 secs] [Times: user=0.01 sys=0.00, real=0.01 secs] 
715.437: [GC 715.437: [ParNew: 148253K->232K(166528K), 0.0026860 secs] 212365K->64344K(3127232K) icms_dc=0 , 0.0028120 secs] [Times: user=0.01 sys=0.01, real=0.01 secs] 
717.960: [GC 717.960: [ParNew: 148264K->217K(166528K), 0.0021870 secs] 212376K->64330K(3127232K) icms_dc=0 , 0.0023430 secs] [Times: user=0.02 sys=0.00, real=0.00 secs] 
720.509: [GC 720.510: [ParNew: 148249K->239K(166528K), 0.0020730 secs] 212362K->64353K(3127232K) icms_dc=0 , 0.0022000 secs] [Times: user=0.02 sys=0.01, real=0.01 secs] 
723.123: [GC 723.123: [ParNew: 148271K->222K(166528K), 0.0029530 secs] 212385K->64336K(3127232K) icms_dc=0 , 0.0030740 secs] [Times: user=0.02 sys=0.00, real=0.00 secs] 
725.668: [GC 725.668: [ParNew: 148254K->213K(166528K), 0.0027300 secs] 212368K->64330K(3127232K) icms_dc=0 , 0.0028580 secs] [Times: user=0.03 sys=0.00, real=0.01 secs] 
728.163: [GC 728.163: [ParNew: 148245K->242K(166528K), 0.0023860 secs] 212362K->64359K(3127232K) icms_dc=0 , 0.0025060 secs] [Times: user=0.02 sys=0.00, real=0.00 secs] 
730.498: [GC 730.498: [ParNew: 148274K->286K(166528K), 0.0027040 secs] 212391K->64404K(3127232K) icms_dc=0 , 0.0028330 secs] [Times: user=0.03 sys=0.00, real=0.01 secs] 
732.918: [GC 732.918: [ParNew: 148318K->301K(166528K), 0.0024080 secs] 212436K->64421K(3127232K) icms_dc=0 , 0.0025260 secs] [Times: user=0.02 sys=0.00, real=0.00 secs] 
735.373: [GC 735.373: [ParNew: 148333K->262K(166528K), 0.0028530 secs] 212453K->64384K(3127232K) icms_dc=0 , 0.0029800 secs] [Times: user=0.02 sys=0.00, real=0.00 secs] 
738.078: [GC 738.078: [ParNew: 148294K->252K(166528K), 0.0022310 secs] 212416K->64385K(3127232K) icms_dc=0 , 0.0023530 secs] [Times: user=0.02 sys=0.00, real=0.00 secs] 
740.728: [GC 740.728: [ParNew: 148284K->258K(166528K), 0.0027350 secs] 212417K->64391K(3127232K) icms_dc=0 , 0.0028640 secs] [Times: user=0.02 sys=0.00, real=0.00 secs] 
743.026: [GC 743.026: [ParNew: 148290K->245K(166528K), 0.0025700 secs] 212423K->64382K(3127232K) icms_dc=0 , 0.0026890 secs] [Times: user=0.01 sys=0.00, real=0.00 secs] 
745.326: [GC 745.326: [ParNew: 148277K->258K(166528K), 0.0027290 secs] 212414K->64395K(3127232K) icms_dc=0 , 0.0028530 secs] [Times: user=0.01 sys=0.00, real=0.00 secs] 
747.702: [GC 747.702: [ParNew: 148290K->255K(166528K), 0.0032850 secs] 212427K->64404K(3127232K) icms_dc=0 , 0.0034110 secs] [Times: user=0.02 sys=0.00, real=0.01 secs] 
750.176: [GC 750.176: [ParNew: 148287K->252K(166528K), 0.0026210 secs] 212436K->64402K(3127232K) icms_dc=0 , 0.0027450 secs] [Times: user=0.01 sys=0.00, real=0.00 secs] 
752.616: [GC 752.616: [ParNew: 148284K->234K(166528K), 0.0022860 secs] 212434K->64385K(3127232K) icms_dc=0 , 0.0024070 secs] [Times: user=0.02 sys=0.00, real=0.00 secs] 
755.393: [GC 755.393: [ParNew: 148266K->276K(166528K), 0.0033830 secs] 212417K->64431K(3127232K) icms_dc=0 , 0.0035100 secs] [Times: user=0.01 sys=0.00, real=0.01 secs] 
758.042: [GC 758.042: [ParNew: 148308K->255K(166528K), 0.0027940 secs] 212463K->64420K(3127232K) icms_dc=0 , 0.0029110 secs] [Times: user=0.02 sys=0.00, real=0.01 secs] 
760.532: [GC 760.533: [ParNew: 148287K->262K(166528K), 0.0026500 secs] 212452K->64428K(3127232K) icms_dc=0 , 0.0027810 secs] [Times: user=0.01 sys=0.00, real=0.00 secs] 
762.833: [GC 762.833: [ParNew: 148294K->246K(166528K), 0.0023820 secs] 212460K->64413K(3127232K) icms_dc=0 , 0.0024980 secs] [Times: user=0.02 sys=0.00, real=0.01 secs] 
765.445: [GC 765.445: [ParNew: 148278K->243K(166528K), 0.0023240 secs] 212445K->64412K(3127232K) icms_dc=0 , 0.0024490 secs] [Times: user=0.02 sys=0.00, real=0.01 secs] 
768.217: [GC 768.217: [ParNew: 148275K->219K(166528K), 0.0024830 secs] 212444K->64389K(3127232K) icms_dc=0 , 0.0026040 secs] [Times: user=0.03 sys=0.00, real=0.00 secs] 
770.787: [GC 770.787: [ParNew: 148251K->267K(166528K), 0.0022450 secs] 212421K->64440K(3127232K) icms_dc=0 , 0.0023720 secs] [Times: user=0.01 sys=0.00, real=0.00 secs] 
773.692: [GC 773.692: [ParNew: 148299K->221K(166528K), 0.0031500 secs] 212472K->64395K(3127232K) icms_dc=0 , 0.0032690 secs] [Times: user=0.03 sys=0.00, real=0.00 secs] 
776.464: [GC 776.464: [ParNew: 148253K->241K(166528K), 0.0022940 secs] 212427K->64415K(3127232K) icms_dc=0 , 0.0024230 secs] [Times: user=0.02 sys=0.00, real=0.00 secs] 
779.358: [GC 779.358: [ParNew: 148273K->235K(166528K), 0.0033030 secs] 212447K->64409K(3127232K) icms_dc=0 , 0.0034290 secs] [Times: user=0.02 sys=0.00, real=0.00 secs] 
781.944: [GC 781.944: [ParNew: 148267K->250K(166528K), 0.0025110 secs] 212441K->64425K(3127232K) icms_dc=0 , 0.0026370 secs] [Times: user=0.01 sys=0.00, real=0.00 secs] 
784.343: [GC 784.344: [ParNew: 148282K->254K(166528K), 0.0024020 secs] 212457K->64433K(3127232K) icms_dc=0 , 0.0025340 secs] [Times: user=0.01 sys=0.00, real=0.00 secs] 
786.941: [GC 786.941: [ParNew: 148286K->240K(166528K), 0.0021500 secs] 212465K->64419K(3127232K) icms_dc=0 , 0.0022750 secs] [Times: user=0.02 sys=0.00, real=0.00 secs] 
789.660: [GC 789.660: [ParNew: 148272K->249K(166528K), 0.0028760 secs] 212451K->64430K(3127232K) icms_dc=0 , 0.0030000 secs] [Times: user=0.03 sys=0.00, real=0.00 secs] 
792.452: [GC 792.452: [ParNew: 148281K->232K(166528K), 0.0031140 secs] 212462K->64415K(3127232K) icms_dc=0 , 0.0032450 secs] [Times: user=0.01 sys=0.00, real=0.00 secs] 
795.272: [GC 795.272: [ParNew: 148264K->211K(166528K), 0.0026460 secs] 212447K->64397K(3127232K) icms_dc=0 , 0.0027700 secs] [Times: user=0.02 sys=0.00, real=0.00 secs] 
797.920: [GC 797.920: [ParNew: 148243K->211K(166528K), 0.0028990 secs] 212429K->64398K(3127232K) icms_dc=0 , 0.0030180 secs] [Times: user=0.02 sys=0.00, real=0.01 secs] 
800.329: [GC 800.329: [ParNew: 148243K->217K(166528K), 0.0027830 secs] 212430K->64410K(3127232K) icms_dc=0 , 0.0029060 secs] [Times: user=0.03 sys=0.00, real=0.01 secs] 
802.748: [GC 802.748: [ParNew: 148249K->221K(166528K), 0.0028130 secs] 212442K->64415K(3127232K) icms_dc=0 , 0.0029310 secs] [Times: user=0.03 sys=0.00, real=0.00 secs] 
805.458: [GC 805.458: [ParNew: 148253K->286K(166528K), 0.0023310 secs] 212447K->64485K(3127232K) icms_dc=0 , 0.0024710 secs] [Times: user=0.02 sys=0.00, real=0.00 secs] 
808.084: [GC 808.084: [ParNew: 148318K->260K(166528K), 0.0025890 secs] 212517K->64460K(3127232K) icms_dc=0 , 0.0027120 secs] [Times: user=0.02 sys=0.00, real=0.00 secs] 
810.660: [GC 810.660: [ParNew: 148292K->208K(166528K), 0.0035020 secs] 212492K->64408K(3127232K) icms_dc=0 , 0.0036270 secs] [Times: user=0.03 sys=0.00, real=0.01 secs] 
813.658: [GC 813.658: [ParNew: 148240K->261K(166528K), 0.0027510 secs] 212440K->64463K(3127232K) icms_dc=0 , 0.0028710 secs] [Times: user=0.00 sys=0.00, real=0.00 secs] 
816.423: [GC 816.423: [ParNew: 148293K->192K(166528K), 0.0024180 secs] 212495K->64402K(3127232K) icms_dc=0 , 0.0025390 secs] [Times: user=0.02 sys=0.00, real=0.01 secs] 
819.168: [GC 819.168: [ParNew: 148224K->216K(166528K), 0.0022600 secs] 212434K->64429K(3127232K) icms_dc=0 , 0.0023790 secs] [Times: user=0.01 sys=0.00, real=0.00 secs] 
821.882: [GC 821.882: [ParNew: 148248K->212K(166528K), 0.0027390 secs] 212461K->64425K(3127232K) icms_dc=0 , 0.0028630 secs] [Times: user=0.01 sys=0.00, real=0.01 secs] 
824.646: [GC 824.646: [ParNew: 148244K->197K(166528K), 0.0025110 secs] 212457K->64411K(3127232K) icms_dc=0 , 0.0026340 secs] [Times: user=0.02 sys=0.00, real=0.00 secs] 
827.231: [GC 827.231: [ParNew: 148229K->221K(166528K), 0.0023710 secs] 212443K->64436K(3127232K) icms_dc=0 , 0.0024900 secs] [Times: user=0.01 sys=0.00, real=0.00 secs] 
829.576: [GC 829.576: [ParNew: 148253K->249K(166528K), 0.0025410 secs] 212468K->64465K(3127232K) icms_dc=0 , 0.0026640 secs] [Times: user=0.03 sys=0.00, real=0.00 secs] 
832.272: [GC 832.272: [ParNew: 148281K->262K(166528K), 0.0025580 secs] 212497K->64479K(3127232K) icms_dc=0 , 0.0026780 secs] [Times: user=0.02 sys=0.00, real=0.00 secs] 
835.131: [GC 835.131: [ParNew: 148294K->246K(166528K), 0.0026980 secs] 212511K->64464K(3127232K) icms_dc=0 , 0.0028190 secs] [Times: user=0.01 sys=0.00, real=0.00 secs] 
837.721: [GC 837.721: [ParNew: 148278K->181K(166528K), 0.0030660 secs] 212496K->64400K(3127232K) icms_dc=0 , 0.0031850 secs] [Times: user=0.03 sys=0.00, real=0.00 secs] 
840.360: [GC 840.360: [ParNew: 148213K->225K(166528K), 0.0029590 secs] 212432K->64444K(3127232K) icms_dc=0 , 0.0030830 secs] [Times: user=0.02 sys=0.00, real=0.00 secs] 
842.908: [GC 842.909: [ParNew: 148257K->242K(166528K), 0.0025060 secs] 212476K->64462K(3127232K) icms_dc=0 , 0.0026260 secs] [Times: user=0.02 sys=0.00, real=0.00 secs] 
845.437: [GC 845.437: [ParNew: 148274K->233K(166528K), 0.0025140 secs] 212494K->64454K(3127232K) icms_dc=0 , 0.0026390 secs] [Times: user=0.02 sys=0.01, real=0.01 secs] 
848.162: [GC 848.162: [ParNew: 148265K->228K(166528K), 0.0023630 secs] 212486K->64449K(3127232K) icms_dc=0 , 0.0024850 secs] [Times: user=0.02 sys=0.00, real=0.00 secs] 
850.717: [GC 850.717: [ParNew: 148260K->241K(166528K), 0.0027430 secs] 212481K->64467K(3127232K) icms_dc=0 , 0.0028690 secs] [Times: user=0.02 sys=0.00, real=0.01 secs] 
853.454: [GC 853.454: [ParNew: 148273K->245K(166528K), 0.0030950 secs] 212499K->64471K(3127232K) icms_dc=0 , 0.0032260 secs] [Times: user=0.03 sys=0.00, real=0.00 secs] 
856.088: [GC 856.088: [ParNew: 148277K->259K(166528K), 0.0026750 secs] 212503K->64484K(3127232K) icms_dc=0 , 0.0028040 secs] [Times: user=0.01 sys=0.00, real=0.01 secs] 
858.814: [GC 858.814: [ParNew: 148291K->252K(166528K), 0.0025680 secs] 212516K->64486K(3127232K) icms_dc=0 , 0.0026900 secs] [Times: user=0.02 sys=0.00, real=0.00 secs] 
861.487: [GC 861.487: [ParNew: 148284K->241K(166528K), 0.0029680 secs] 212518K->64479K(3127232K) icms_dc=0 , 0.0030920 secs] [Times: user=0.02 sys=0.00, real=0.00 secs] 
864.116: [GC 864.116: [ParNew: 148273K->214K(166528K), 0.0026210 secs] 212511K->64451K(3127232K) icms_dc=0 , 0.0027440 secs] [Times: user=0.02 sys=0.00, real=0.00 secs] 
866.911: [GC 866.911: [ParNew: 148246K->235K(166528K), 0.0022240 secs] 212483K->64473K(3127232K) icms_dc=0 , 0.0024060 secs] [Times: user=0.02 sys=0.00, real=0.01 secs] 
869.808: [GC 869.808: [ParNew: 148267K->215K(166528K), 0.0025220 secs] 212505K->64455K(3127232K) icms_dc=0 , 0.0026470 secs] [Times: user=0.02 sys=0.00, real=0.00 secs] 
872.458: [GC 872.458: [ParNew: 148247K->211K(166528K), 0.0029360 secs] 212487K->64452K(3127232K) icms_dc=0 , 0.0030520 secs] [Times: user=0.01 sys=0.00, real=0.00 secs] 
874.929: [GC 874.929: [ParNew: 148243K->227K(166528K), 0.0026250 secs] 212484K->64468K(3127232K) icms_dc=0 , 0.0027480 secs] [Times: user=0.02 sys=0.00, real=0.00 secs] 
877.610: [GC 877.610: [ParNew: 148259K->217K(166528K), 0.0029460 secs] 212500K->64462K(3127232K) icms_dc=0 , 0.0030670 secs] [Times: user=0.01 sys=0.00, real=0.01 secs] 
880.422: [GC 880.422: [ParNew: 148249K->223K(166528K), 0.0023720 secs] 212494K->64470K(3127232K) icms_dc=0 , 0.0024980 secs] [Times: user=0.02 sys=0.00, real=0.01 secs] 
883.235: [GC 883.235: [ParNew: 148255K->219K(166528K), 0.0025720 secs] 212502K->64467K(3127232K) icms_dc=0 , 0.0026910 secs] [Times: user=0.02 sys=0.00, real=0.00 secs] 
886.021: [GC 886.021: [ParNew: 148251K->248K(166528K), 0.0025610 secs] 212499K->64498K(3127232K) icms_dc=0 , 0.0026860 secs] [Times: user=0.03 sys=0.00, real=0.00 secs] 
888.609: [GC 888.610: [ParNew: 146915K->261K(166528K), 0.0029230 secs] 211166K->64512K(3127232K) icms_dc=0 , 0.0030430 secs] [Times: user=0.03 sys=0.00, real=0.00 secs] 
891.330: [GC 891.330: [ParNew: 148293K->204K(166528K), 0.0023880 secs] 212544K->64456K(3127232K) icms_dc=0 , 0.0025200 secs] [Times: user=0.03 sys=0.00, real=0.00 secs] 
893.967: [GC 893.967: [ParNew: 148236K->239K(166528K), 0.0027590 secs] 212488K->64491K(3127232K) icms_dc=0 , 0.0028870 secs] [Times: user=0.01 sys=0.00, real=0.00 secs] 
896.818: [GC 896.818: [ParNew: 148271K->236K(166528K), 0.0024800 secs] 212523K->64500K(3127232K) icms_dc=0 , 0.0026040 secs] [Times: user=0.03 sys=0.00, real=0.00 secs] 
899.506: [GC 899.506: [ParNew: 148268K->232K(166528K), 0.0030350 secs] 212532K->64506K(3127232K) icms_dc=0 , 0.0031870 secs] [Times: user=0.01 sys=0.01, real=0.01 secs] 
902.000: [GC 902.000: [ParNew: 148264K->213K(166528K), 0.0026490 secs] 212538K->64489K(3127232K) icms_dc=0 , 0.0027700 secs] [Times: user=0.03 sys=0.00, real=0.00 secs] 
904.561: [GC 904.561: [ParNew: 148245K->211K(166528K), 0.0027360 secs] 212521K->64488K(3127232K) icms_dc=0 , 0.0028630 secs] [Times: user=0.01 sys=0.00, real=0.00 secs] 
907.380: [GC 907.380: [ParNew: 148243K->240K(166528K), 0.0027010 secs] 212520K->64519K(3127232K) icms_dc=0 , 0.0028280 secs] [Times: user=0.02 sys=0.00, real=0.00 secs] 
909.788: [GC 909.788: [ParNew: 148272K->243K(166528K), 0.0029580 secs] 212551K->64523K(3127232K) icms_dc=0 , 0.0030800 secs] [Times: user=0.01 sys=0.00, real=0.00 secs] 
912.250: [GC 912.250: [ParNew: 148275K->250K(166528K), 0.0023280 secs] 212555K->64533K(3127232K) icms_dc=0 , 0.0024460 secs] [Times: user=0.02 sys=0.00, real=0.00 secs] 
914.974: [GC 914.974: [ParNew: 148282K->238K(166528K), 0.0024610 secs] 212565K->64521K(3127232K) icms_dc=0 , 0.0025820 secs] [Times: user=0.02 sys=0.00, real=0.00 secs] 
917.753: [GC 917.753: [ParNew: 148270K->231K(166528K), 0.0033630 secs] 212553K->64523K(3127232K) icms_dc=0 , 0.0034850 secs] [Times: user=0.02 sys=0.01, real=0.00 secs] 
920.421: [GC 920.421: [ParNew: 148263K->309K(166528K), 0.0022700 secs] 212555K->64601K(3127232K) icms_dc=0 , 0.0024050 secs] [Times: user=0.01 sys=0.00, real=0.00 secs] 
922.937: [GC 922.937: [ParNew: 148341K->300K(166528K), 0.0024640 secs] 212633K->64593K(3127232K) icms_dc=0 , 0.0025840 secs] [Times: user=0.02 sys=0.00, real=0.01 secs] 
925.650: [GC 925.650: [ParNew: 148332K->290K(166528K), 0.0030410 secs] 212625K->64583K(3127232K) icms_dc=0 , 0.0031660 secs] [Times: user=0.02 sys=0.00, real=0.01 secs] 
928.335: [GC 928.335: [ParNew: 148322K->311K(166528K), 0.0028950 secs] 212615K->64609K(3127232K) icms_dc=0 , 0.0030170 secs] [Times: user=0.02 sys=0.00, real=0.00 secs] 
930.859: [GC 930.859: [ParNew: 148343K->226K(166528K), 0.0022730 secs] 212641K->64584K(3127232K) icms_dc=0 , 0.0024020 secs] [Times: user=0.02 sys=0.00, real=0.01 secs] 
933.597: [GC 933.597: [ParNew: 148258K->261K(166528K), 0.0026020 secs] 212616K->64621K(3127232K) icms_dc=0 , 0.0028050 secs] [Times: user=0.01 sys=0.00, real=0.00 secs] 
936.274: [GC 936.275: [ParNew: 148293K->206K(166528K), 0.0027670 secs] 212653K->64566K(3127232K) icms_dc=0 , 0.0029420 secs] [Times: user=0.01 sys=0.00, real=0.00 secs] 
939.156: [GC 939.156: [ParNew: 148238K->222K(166528K), 0.0030090 secs] 212598K->64590K(3127232K) icms_dc=0 , 0.0031330 secs] [Times: user=0.03 sys=0.00, real=0.00 secs] 
941.741: [GC 941.741: [ParNew: 148254K->215K(166528K), 0.0027210 secs] 212622K->64584K(3127232K) icms_dc=0 , 0.0028460 secs] [Times: user=0.02 sys=0.00, real=0.01 secs] 
944.483: [GC 944.483: [ParNew: 148247K->222K(166528K), 0.0027730 secs] 212616K->64595K(3127232K) icms_dc=0 , 0.0028970 secs] [Times: user=0.01 sys=0.01, real=0.01 secs] 
947.214: [GC 947.214: [ParNew: 148254K->193K(166528K), 0.0033150 secs] 212627K->64568K(3127232K) icms_dc=0 , 0.0034430 secs] [Times: user=0.02 sys=0.00, real=0.00 secs] 
950.108: [GC 950.108: [ParNew: 148225K->233K(166528K), 0.0031800 secs] 212600K->64609K(3127232K) icms_dc=0 , 0.0033040 secs] [Times: user=0.03 sys=0.00, real=0.00 secs] 
952.606: [GC 952.606: [ParNew: 148265K->218K(166528K), 0.0023790 secs] 212641K->64594K(3127232K) icms_dc=0 , 0.0024960 secs] [Times: user=0.01 sys=0.00, real=0.00 secs] 
955.127: [GC 955.127: [ParNew: 148250K->216K(166528K), 0.0030240 secs] 212626K->64594K(3127232K) icms_dc=0 , 0.0031490 secs] [Times: user=0.01 sys=0.00, real=0.00 secs] 
957.740: [GC 957.740: [ParNew: 148248K->213K(166528K), 0.0026760 secs] 212626K->64594K(3127232K) icms_dc=0 , 0.0027970 secs] [Times: user=0.01 sys=0.00, real=0.00 secs] 
960.515: [GC 960.515: [ParNew: 148245K->244K(166528K), 0.0026130 secs] 212626K->64626K(3127232K) icms_dc=0 , 0.0027770 secs] [Times: user=0.02 sys=0.01, real=0.01 secs] 
963.023: [GC 963.023: [ParNew: 148276K->231K(166528K), 0.0025220 secs] 212658K->64613K(3127232K) icms_dc=0 , 0.0026400 secs] [Times: user=0.02 sys=0.01, real=0.01 secs] 
965.746: [GC 965.746: [ParNew: 148263K->271K(166528K), 0.0026290 secs] 212645K->64654K(3127232K) icms_dc=0 , 0.0027550 secs] [Times: user=0.02 sys=0.00, real=0.01 secs] 
968.513: [GC 968.513: [ParNew: 148303K->225K(166528K), 0.0027310 secs] 212686K->64608K(3127232K) icms_dc=0 , 0.0028530 secs] [Times: user=0.03 sys=0.00, real=0.00 secs] 
970.883: [GC 970.884: [ParNew: 148257K->240K(166528K), 0.0024360 secs] 212640K->64626K(3127232K) icms_dc=0 , 0.0025600 secs] [Times: user=0.01 sys=0.00, real=0.00 secs] 
973.501: [GC 973.501: [ParNew: 148272K->239K(166528K), 0.0027690 secs] 212658K->64625K(3127232K) icms_dc=0 , 0.0028890 secs] [Times: user=0.02 sys=0.00, real=0.00 secs] 
976.015: [GC 976.015: [ParNew: 148271K->216K(166528K), 0.0027960 secs] 212657K->64606K(3127232K) icms_dc=0 , 0.0029210 secs] [Times: user=0.01 sys=0.00, real=0.01 secs] 
978.768: [GC 978.768: [ParNew: 148248K->239K(166528K), 0.0022920 secs] 212638K->64631K(3127232K) icms_dc=0 , 0.0024120 secs] [Times: user=0.02 sys=0.01, real=0.01 secs] 
981.395: [GC 981.395: [ParNew: 148271K->259K(166528K), 0.0021280 secs] 212663K->64651K(3127232K) icms_dc=0 , 0.0022540 secs] [Times: user=0.03 sys=0.00, real=0.00 secs] 
983.936: [GC 983.936: [ParNew: 148291K->273K(166528K), 0.0021110 secs] 212683K->64666K(3127232K) icms_dc=0 , 0.0022290 secs] [Times: user=0.02 sys=0.00, real=0.00 secs] 
986.516: [GC 986.516: [ParNew: 148305K->277K(166528K), 0.0027740 secs] 212698K->64672K(3127232K) icms_dc=0 , 0.0028990 secs] [Times: user=0.01 sys=0.00, real=0.00 secs] 
989.455: [GC 989.455: [ParNew: 148309K->283K(166528K), 0.0025470 secs] 212704K->64683K(3127232K) icms_dc=0 , 0.0026680 secs] [Times: user=0.01 sys=0.00, real=0.00 secs] 
992.066: [GC 992.066: [ParNew: 148315K->251K(166528K), 0.0023190 secs] 212715K->64654K(3127232K) icms_dc=0 , 0.0024460 secs] [Times: user=0.02 sys=0.00, real=0.00 secs] 
994.910: [GC 994.910: [ParNew: 148283K->256K(166528K), 0.0026030 secs] 212686K->64664K(3127232K) icms_dc=0 , 0.0027250 secs] [Times: user=0.02 sys=0.00, real=0.01 secs] 
997.546: [GC 997.546: [ParNew: 148288K->236K(166528K), 0.0026400 secs] 212696K->64662K(3127232K) icms_dc=0 , 0.0027630 secs] [Times: user=0.02 sys=0.00, real=0.00 secs] 
999.974: [GC 999.974: [ParNew: 148268K->317K(166528K), 0.0027940 secs] 212694K->64747K(3127232K) icms_dc=0 , 0.0029220 secs] [Times: user=0.00 sys=0.00, real=0.00 secs] 
1002.435: [GC 1002.436: [ParNew: 148349K->231K(166528K), 0.0031000 secs] 212779K->64670K(3127232K) icms_dc=0 , 0.0032200 secs] [Times: user=0.02 sys=0.00, real=0.00 secs] 
1005.002: [GC 1005.002: [ParNew: 148263K->232K(166528K), 0.0025570 secs] 212702K->64673K(3127232K) icms_dc=0 , 0.0026810 secs] [Times: user=0.01 sys=0.01, real=0.01 secs] 
1007.623: [GC 1007.623: [ParNew: 148264K->235K(166528K), 0.0026750 secs] 212705K->64677K(3127232K) icms_dc=0 , 0.0027960 secs] [Times: user=0.01 sys=0.01, real=0.00 secs] 
1009.987: [GC 1009.987: [ParNew: 148267K->245K(166528K), 0.0032070 secs] 212709K->64693K(3127232K) icms_dc=0 , 0.0033320 secs] [Times: user=0.02 sys=0.00, real=0.00 secs] 
1012.420: [GC 1012.420: [ParNew: 148277K->267K(166528K), 0.0028280 secs] 212725K->64720K(3127232K) icms_dc=0 , 0.0029510 secs] [Times: user=0.02 sys=0.00, real=0.00 secs] 
1015.289: [GC 1015.290: [ParNew: 148299K->249K(166528K), 0.0023190 secs] 212752K->64702K(3127232K) icms_dc=0 , 0.0024430 secs] [Times: user=0.01 sys=0.00, real=0.00 secs] 
1017.940: [GC 1017.940: [ParNew: 148281K->238K(166528K), 0.0027690 secs] 212734K->64692K(3127232K) icms_dc=0 , 0.0028880 secs] [Times: user=0.02 sys=0.00, real=0.00 secs] 
1020.753: [GC 1020.753: [ParNew: 148270K->193K(166528K), 0.0031050 secs] 212724K->64648K(3127232K) icms_dc=0 , 0.0032560 secs] [Times: user=0.02 sys=0.00, real=0.01 secs] 
1023.308: [GC 1023.308: [ParNew: 148225K->254K(166528K), 0.0026570 secs] 212680K->64709K(3127232K) icms_dc=0 , 0.0027790 secs] [Times: user=0.02 sys=0.00, real=0.00 secs] 
1025.863: [GC 1025.863: [ParNew: 148286K->247K(166528K), 0.0021700 secs] 212741K->64704K(3127232K) icms_dc=0 , 0.0022960 secs] [Times: user=0.02 sys=0.00, real=0.00 secs] 
1028.714: [GC 1028.714: [ParNew: 148279K->236K(166528K), 0.0019920 secs] 212736K->64694K(3127232K) icms_dc=0 , 0.0021150 secs] [Times: user=0.01 sys=0.01, real=0.01 secs] 
1031.331: [GC 1031.332: [ParNew: 148268K->235K(166528K), 0.0026570 secs] 212726K->64695K(3127232K) icms_dc=0 , 0.0027850 secs] [Times: user=0.03 sys=0.00, real=0.00 secs] 
1033.783: [GC 1033.783: [ParNew: 148267K->217K(166528K), 0.0024950 secs] 212727K->64678K(3127232K) icms_dc=0 , 0.0026110 secs] [Times: user=0.03 sys=0.00, real=0.00 secs] 
1036.298: [GC 1036.298: [ParNew: 148249K->247K(166528K), 0.0030610 secs] 212710K->64713K(3127232K) icms_dc=0 , 0.0031920 secs] [Times: user=0.02 sys=0.00, real=0.00 secs] 
1039.006: [GC 1039.006: [ParNew: 148279K->260K(166528K), 0.0025250 secs] 212745K->64729K(3127232K) icms_dc=0 , 0.0026580 secs] [Times: user=0.02 sys=0.00, real=0.01 secs] 
1041.373: [GC 1041.373: [ParNew: 148292K->257K(166528K), 0.0022670 secs] 212761K->64725K(3127232K) icms_dc=0 , 0.0023920 secs] [Times: user=0.01 sys=0.00, real=0.00 secs] 
1043.643: [GC 1043.643: [ParNew: 148289K->216K(166528K), 0.0031310 secs] 212757K->64687K(3127232K) icms_dc=0 , 0.0032490 secs] [Times: user=0.03 sys=0.00, real=0.00 secs] 
1046.245: [GC 1046.245: [ParNew: 148248K->227K(166528K), 0.0023970 secs] 212719K->64701K(3127232K) icms_dc=0 , 0.0025250 secs] [Times: user=0.03 sys=0.00, real=0.00 secs] 
1048.818: [GC 1048.818: [ParNew: 148259K->242K(166528K), 0.0026350 secs] 212733K->64718K(3127232K) icms_dc=0 , 0.0027580 secs] [Times: user=0.02 sys=0.00, real=0.01 secs] 
1051.475: [GC 1051.475: [ParNew: 148274K->233K(166528K), 0.0027960 secs] 212750K->64711K(3127232K) icms_dc=0 , 0.0029210 secs] [Times: user=0.01 sys=0.01, real=0.00 secs] 
1054.057: [GC 1054.057: [ParNew: 148265K->272K(166528K), 0.0029580 secs] 212743K->64752K(3127232K) icms_dc=0 , 0.0030780 secs] [Times: user=0.02 sys=0.00, real=0.01 secs] 
1056.452: [GC 1056.453: [ParNew: 148304K->234K(166528K), 0.0021710 secs] 212784K->64718K(3127232K) icms_dc=0 , 0.0022950 secs] [Times: user=0.02 sys=0.00, real=0.00 secs] 
1059.274: [GC 1059.274: [ParNew: 148266K->281K(166528K), 0.0029440 secs] 212750K->64769K(3127232K) icms_dc=0 , 0.0030670 secs] [Times: user=0.03 sys=0.00, real=0.00 secs] 
1062.206: [GC 1062.206: [ParNew: 148313K->234K(166528K), 0.0035420 secs] 212801K->64726K(3127232K) icms_dc=0 , 0.0036650 secs] [Times: user=0.02 sys=0.00, real=0.00 secs] 
1064.999: [GC 1065.000: [ParNew: 148266K->264K(166528K), 0.0035070 secs] 212758K->64759K(3127232K) icms_dc=0 , 0.0036290 secs] [Times: user=0.02 sys=0.00, real=0.01 secs] 
1067.703: [GC 1067.703: [ParNew: 148296K->242K(166528K), 0.0026710 secs] 212791K->64740K(3127232K) icms_dc=0 , 0.0027900 secs] [Times: user=0.02 sys=0.00, real=0.00 secs] 
1070.381: [GC 1070.381: [ParNew: 148274K->248K(166528K), 0.0025630 secs] 212772K->64748K(3127232K) icms_dc=0 , 0.0026910 secs] [Times: user=0.01 sys=0.00, real=0.01 secs] 
1072.912: [GC 1072.912: [ParNew: 148280K->275K(166528K), 0.0042110 secs] 212780K->64776K(3127232K) icms_dc=0 , 0.0043440 secs] [Times: user=0.01 sys=0.00, real=0.00 secs] 
1075.623: [GC 1075.624: [ParNew: 148307K->208K(166528K), 0.0026380 secs] 212808K->64709K(3127232K) icms_dc=0 , 0.0027630 secs] [Times: user=0.03 sys=0.00, real=0.00 secs] 
1078.398: [GC 1078.398: [ParNew: 148240K->194K(166528K), 0.0030370 secs] 212741K->64697K(3127232K) icms_dc=0 , 0.0031700 secs] [Times: user=0.02 sys=0.00, real=0.00 secs] 
1081.090: [GC 1081.090: [ParNew: 148226K->224K(166528K), 0.0026440 secs] 212729K->64727K(3127232K) icms_dc=0 , 0.0028060 secs] [Times: user=0.01 sys=0.00, real=0.00 secs] 
1083.883: [GC 1083.883: [ParNew: 148256K->216K(166528K), 0.0025430 secs] 212759K->64719K(3127232K) icms_dc=0 , 0.0026640 secs] [Times: user=0.02 sys=0.00, real=0.01 secs] 
1086.366: [GC 1086.367: [ParNew: 148248K->252K(166528K), 0.0024300 secs] 212751K->64756K(3127232K) icms_dc=0 , 0.0025550 secs] [Times: user=0.02 sys=0.00, real=0.00 secs] 
1088.855: [GC 1088.855: [ParNew: 148284K->251K(166528K), 0.0028050 secs] 212788K->64756K(3127232K) icms_dc=0 , 0.0029220 secs] [Times: user=0.01 sys=0.00, real=0.01 secs] 
1091.327: [GC 1091.328: [ParNew: 148283K->250K(166528K), 0.0023430 secs] 212788K->64760K(3127232K) icms_dc=0 , 0.0024670 secs] [Times: user=0.01 sys=0.00, real=0.00 secs] 
1094.045: [GC 1094.045: [ParNew: 148282K->208K(166528K), 0.0028260 secs] 212792K->64722K(3127232K) icms_dc=0 , 0.0029480 secs] [Times: user=0.02 sys=0.00, real=0.01 secs] 
1096.689: [GC 1096.689: [ParNew: 148240K->239K(166528K), 0.0032370 secs] 212754K->64758K(3127232K) icms_dc=0 , 0.0033650 secs] [Times: user=0.02 sys=0.00, real=0.00 secs] 
1099.290: [GC 1099.290: [ParNew: 148271K->264K(166528K), 0.0025510 secs] 212790K->64789K(3127232K) icms_dc=0 , 0.0026760 secs] [Times: user=0.01 sys=0.00, real=0.00 secs] 
1102.022: [GC 1102.022: [ParNew: 148296K->203K(166528K), 0.0024900 secs] 212821K->64729K(3127232K) icms_dc=0 , 0.0026920 secs] [Times: user=0.02 sys=0.00, real=0.00 secs] 
1104.669: [GC 1104.669: [ParNew: 148235K->242K(166528K), 0.0024600 secs] 212761K->64769K(3127232K) icms_dc=0 , 0.0025800 secs] [Times: user=0.02 sys=0.00, real=0.00 secs] 
1107.200: [GC 1107.200: [ParNew: 148274K->258K(166528K), 0.0032550 secs] 212801K->64791K(3127232K) icms_dc=0 , 0.0033820 secs] [Times: user=0.01 sys=0.00, real=0.00 secs] 
1109.849: [GC 1109.849: [ParNew: 148290K->265K(166528K), 0.0028790 secs] 212823K->64799K(3127232K) icms_dc=0 , 0.0030020 secs] [Times: user=0.02 sys=0.00, real=0.00 secs] 
1112.348: [GC 1112.348: [ParNew: 148297K->272K(166528K), 0.0023420 secs] 212831K->64807K(3127232K) icms_dc=0 , 0.0024690 secs] [Times: user=0.01 sys=0.00, real=0.01 secs] 
1115.080: [GC 1115.080: [ParNew: 148304K->230K(166528K), 0.0023620 secs] 212839K->64766K(3127232K) icms_dc=0 , 0.0024870 secs] [Times: user=0.02 sys=0.00, real=0.00 secs] 
1117.827: [GC 1117.828: [ParNew: 148262K->254K(166528K), 0.0027880 secs] 212798K->64796K(3127232K) icms_dc=0 , 0.0029070 secs] [Times: user=0.02 sys=0.00, real=0.01 secs] 
1120.587: [GC 1120.588: [ParNew: 148286K->258K(166528K), 0.0025560 secs] 212828K->64803K(3127232K) icms_dc=0 , 0.0026830 secs] [Times: user=0.02 sys=0.00, real=0.01 secs] 
1123.177: [GC 1123.177: [ParNew: 148290K->273K(166528K), 0.0030320 secs] 212835K->64823K(3127232K) icms_dc=0 , 0.0031540 secs] [Times: user=0.02 sys=0.00, real=0.00 secs] 
1125.888: [GC 1125.888: [ParNew: 148305K->211K(166528K), 0.0034900 secs] 212855K->64768K(3127232K) icms_dc=0 , 0.0036890 secs] [Times: user=0.02 sys=0.00, real=0.01 secs] 
1128.533: [GC 1128.533: [ParNew: 148243K->218K(166528K), 0.0023460 secs] 212800K->64774K(3127232K) icms_dc=0 , 0.0024640 secs] [Times: user=0.03 sys=0.00, real=0.00 secs] 
1131.143: [GC 1131.143: [ParNew: 148250K->225K(166528K), 0.0026780 secs] 212806K->64784K(3127232K) icms_dc=0 , 0.0028030 secs] [Times: user=0.03 sys=0.00, real=0.00 secs] 
1133.861: [GC 1133.861: [ParNew: 148257K->221K(166528K), 0.0026610 secs] 212816K->64785K(3127232K) icms_dc=0 , 0.0027770 secs] [Times: user=0.02 sys=0.01, real=0.01 secs] 
1136.575: [GC 1136.575: [ParNew: 148253K->264K(166528K), 0.0032240 secs] 212817K->64831K(3127232K) icms_dc=0 , 0.0033470 secs] [Times: user=0.02 sys=0.00, real=0.00 secs] 
1139.222: [GC 1139.222: [ParNew: 148296K->232K(166528K), 0.0037950 secs] 212863K->64800K(3127232K) icms_dc=0 , 0.0039190 secs] [Times: user=0.03 sys=0.00, real=0.00 secs] 
1142.233: [GC 1142.233: [ParNew: 148264K->225K(166528K), 0.0028720 secs] 212832K->64794K(3127232K) icms_dc=0 , 0.0029960 secs] [Times: user=0.03 sys=0.00, real=0.01 secs] 
1145.021: [GC 1145.021: [ParNew: 148257K->246K(166528K), 0.0024340 secs] 212826K->64817K(3127232K) icms_dc=0 , 0.0025600 secs] [Times: user=0.02 sys=0.00, real=0.01 secs] 
1147.686: [GC 1147.686: [ParNew: 148278K->239K(166528K), 0.0027670 secs] 212849K->64810K(3127232K) icms_dc=0 , 0.0028850 secs] [Times: user=0.02 sys=0.00, real=0.00 secs] 
1150.247: [GC 1150.248: [ParNew: 148271K->208K(166528K), 0.0030530 secs] 212842K->64781K(3127232K) icms_dc=0 , 0.0031800 secs] [Times: user=0.03 sys=0.00, real=0.00 secs] 
1152.714: [GC 1152.714: [ParNew: 148240K->192K(166528K), 0.0021260 secs] 212813K->64766K(3127232K) icms_dc=0 , 0.0022420 secs] [Times: user=0.02 sys=0.00, real=0.01 secs] 
1155.156: [GC 1155.156: [ParNew: 148224K->210K(166528K), 0.0022630 secs] 212798K->64786K(3127232K) icms_dc=0 , 0.0023880 secs] [Times: user=0.02 sys=0.00, real=0.00 secs] 
1157.882: [GC 1157.882: [ParNew: 148242K->251K(166528K), 0.0025700 secs] 212818K->64828K(3127232K) icms_dc=0 , 0.0026920 secs] [Times: user=0.01 sys=0.00, real=0.00 secs] 
1160.495: [GC 1160.495: [ParNew: 148283K->246K(166528K), 0.0035520 secs] 212860K->64827K(3127232K) icms_dc=0 , 0.0036730 secs] [Times: user=0.02 sys=0.01, real=0.00 secs] 
1163.137: [GC 1163.137: [ParNew: 148278K->256K(166528K), 0.0028250 secs] 212859K->64843K(3127232K) icms_dc=0 , 0.0029460 secs] [Times: user=0.03 sys=0.00, real=0.00 secs] 
1165.681: [GC 1165.681: [ParNew: 148288K->241K(166528K), 0.0027500 secs] 212875K->64837K(3127232K) icms_dc=0 , 0.0028760 secs] [Times: user=0.03 sys=0.00, real=0.00 secs] 
1168.574: [GC 1168.574: [ParNew: 148273K->250K(166528K), 0.0027820 secs] 212869K->64849K(3127232K) icms_dc=0 , 0.0029000 secs] [Times: user=0.02 sys=0.00, real=0.00 secs] 
1171.332: [GC 1171.332: [ParNew: 148282K->292K(166528K), 0.0024660 secs] 212881K->64897K(3127232K) icms_dc=0 , 0.0025890 secs] [Times: user=0.01 sys=0.00, real=0.00 secs] 
1173.582: [GC 1173.582: [ParNew: 148324K->207K(166528K), 0.0024250 secs] 212929K->64814K(3127232K) icms_dc=0 , 0.0025440 secs] [Times: user=0.01 sys=0.00, real=0.00 secs] 
1176.365: [GC 1176.365: [ParNew: 148239K->233K(166528K), 0.0031430 secs] 212846K->64856K(3127232K) icms_dc=0 , 0.0032650 secs] [Times: user=0.02 sys=0.00, real=0.00 secs] 
1179.047: [GC 1179.047: [ParNew: 148265K->235K(166528K), 0.0027400 secs] 212888K->64859K(3127232K) icms_dc=0 , 0.0028600 secs] [Times: user=0.01 sys=0.00, real=0.01 secs] 
1181.932: [GC 1181.932: [ParNew: 148267K->238K(166528K), 0.0025380 secs] 212891K->64861K(3127232K) icms_dc=0 , 0.0026640 secs] [Times: user=0.03 sys=0.00, real=0.00 secs] 
1184.630: [GC 1184.630: [ParNew: 148270K->213K(166528K), 0.0028100 secs] 212893K->64837K(3127232K) icms_dc=0 , 0.0029340 secs] [Times: user=0.02 sys=0.00, real=0.00 secs] 
1187.326: [GC 1187.326: [ParNew: 148245K->213K(166528K), 0.0027550 secs] 212869K->64838K(3127232K) icms_dc=0 , 0.0028890 secs] [Times: user=0.02 sys=0.00, real=0.00 secs] 
1189.823: [GC 1189.823: [ParNew: 148245K->243K(166528K), 0.0025030 secs] 212870K->64869K(3127232K) icms_dc=0 , 0.0026320 secs] [Times: user=0.01 sys=0.00, real=0.00 secs] 
1192.159: [GC 1192.160: [ParNew: 148275K->238K(166528K), 0.0024290 secs] 212901K->64868K(3127232K) icms_dc=0 , 0.0025540 secs] [Times: user=0.02 sys=0.00, real=0.01 secs] 
1194.714: [GC 1194.714: [ParNew: 148270K->280K(166528K), 0.0026690 secs] 212900K->64923K(3127232K) icms_dc=0 , 0.0027950 secs] [Times: user=0.01 sys=0.00, real=0.00 secs] 
1197.192: [GC 1197.192: [ParNew: 148312K->200K(166528K), 0.0030130 secs] 212955K->64844K(3127232K) icms_dc=0 , 0.0031380 secs] [Times: user=0.02 sys=0.00, real=0.00 secs] 
1199.748: [GC 1199.749: [ParNew: 148232K->210K(166528K), 0.0025710 secs] 212876K->64858K(3127232K) icms_dc=0 , 0.0027490 secs] [Times: user=0.03 sys=0.00, real=0.01 secs] 
1202.466: [GC 1202.466: [ParNew: 148242K->250K(166528K), 0.0025160 secs] 212890K->64900K(3127232K) icms_dc=0 , 0.0026410 secs] [Times: user=0.02 sys=0.00, real=0.00 secs] 
1204.904: [GC 1204.904: [ParNew: 148282K->253K(166528K), 0.0025690 secs] 212932K->64909K(3127232K) icms_dc=0 , 0.0026930 secs] [Times: user=0.01 sys=0.01, real=0.00 secs] 
1207.563: [GC 1207.563: [ParNew: 148285K->255K(166528K), 0.0026900 secs] 212941K->64913K(3127232K) icms_dc=0 , 0.0028130 secs] [Times: user=0.01 sys=0.01, real=0.01 secs] 
1210.051: [GC 1210.052: [ParNew: 148287K->236K(166528K), 0.0025490 secs] 212945K->64904K(3127232K) icms_dc=0 , 0.0026760 secs] [Times: user=0.02 sys=0.00, real=0.01 secs] 
1212.719: [GC 1212.720: [ParNew: 148268K->229K(166528K), 0.0025270 secs] 212936K->64906K(3127232K) icms_dc=0 , 0.0026510 secs] [Times: user=0.03 sys=0.00, real=0.00 secs] 
1215.542: [GC 1215.543: [ParNew: 148261K->208K(166528K), 0.0030200 secs] 212938K->64886K(3127232K) icms_dc=0 , 0.0031450 secs] [Times: user=0.02 sys=0.00, real=0.01 secs] 
1218.101: [GC 1218.101: [ParNew: 148240K->270K(166528K), 0.0032410 secs] 212918K->64951K(3127232K) icms_dc=0 , 0.0033690 secs] [Times: user=0.02 sys=0.00, real=0.01 secs] 
1220.807: [GC 1220.807: [ParNew: 148302K->249K(166528K), 0.0032650 secs] 212983K->64930K(3127232K) icms_dc=0 , 0.0033900 secs] [Times: user=0.02 sys=0.00, real=0.00 secs] 
1223.426: [GC 1223.426: [ParNew: 148281K->240K(166528K), 0.0024980 secs] 212962K->64922K(3127232K) icms_dc=0 , 0.0026200 secs] [Times: user=0.01 sys=0.00, real=0.00 secs] 
1226.015: [GC 1226.015: [ParNew: 148272K->268K(166528K), 0.0024650 secs] 212954K->64950K(3127232K) icms_dc=0 , 0.0025950 secs] [Times: user=0.01 sys=0.00, real=0.01 secs] 
1228.760: [GC 1228.760: [ParNew: 148300K->207K(166528K), 0.0025110 secs] 212982K->64890K(3127232K) icms_dc=0 , 0.0027110 secs] [Times: user=0.01 sys=0.00, real=0.00 secs] 
1231.074: [GC 1231.074: [ParNew: 148239K->221K(166528K), 0.0029250 secs] 212922K->64905K(3127232K) icms_dc=0 , 0.0030530 secs] [Times: user=0.02 sys=0.00, real=0.01 secs] 
1233.972: [GC 1233.972: [ParNew: 148253K->241K(166528K), 0.0025520 secs] 212937K->64928K(3127232K) icms_dc=0 , 0.0026730 secs] [Times: user=0.03 sys=0.00, real=0.00 secs] 
1236.559: [GC 1236.559: [ParNew: 148273K->246K(166528K), 0.0025930 secs] 212960K->64934K(3127232K) icms_dc=0 , 0.0027170 secs] [Times: user=0.02 sys=0.00, real=0.00 secs] 
1239.397: [GC 1239.397: [ParNew: 148278K->245K(166528K), 0.0029120 secs] 212966K->64933K(3127232K) icms_dc=0 , 0.0030370 secs] [Times: user=0.02 sys=0.00, real=0.00 secs] 
1242.117: [GC 1242.117: [ParNew: 148277K->228K(166528K), 0.0027760 secs] 212965K->64923K(3127232K) icms_dc=0 , 0.0028980 secs] [Times: user=0.01 sys=0.00, real=0.01 secs] 
1244.722: [GC 1244.722: [ParNew: 148260K->244K(166528K), 0.0027510 secs] 212955K->64939K(3127232K) icms_dc=0 , 0.0028850 secs] [Times: user=0.01 sys=0.00, real=0.00 secs] 
1247.443: [GC 1247.443: [ParNew: 148276K->221K(166528K), 0.0026220 secs] 212971K->64918K(3127232K) icms_dc=0 , 0.0027450 secs] [Times: user=0.01 sys=0.00, real=0.00 secs] 
1250.064: [GC 1250.065: [ParNew: 148253K->231K(166528K), 0.0024580 secs] 212950K->64930K(3127232K) icms_dc=0 , 0.0025840 secs] [Times: user=0.02 sys=0.00, real=0.00 secs] 
1252.695: [GC 1252.695: [ParNew: 148263K->249K(166528K), 0.0030050 secs] 212962K->64949K(3127232K) icms_dc=0 , 0.0031240 secs] [Times: user=0.03 sys=0.00, real=0.00 secs] 
1255.356: [GC 1255.356: [ParNew: 148281K->267K(166528K), 0.0027840 secs] 212981K->64967K(3127232K) icms_dc=0 , 0.0029110 secs] [Times: user=0.02 sys=0.00, real=0.00 secs] 
1258.032: [GC 1258.032: [ParNew: 148299K->223K(166528K), 0.0026940 secs] 212999K->64923K(3127232K) icms_dc=0 , 0.0028240 secs] [Times: user=0.02 sys=0.00, real=0.00 secs] 
1260.829: [GC 1260.829: [ParNew: 148255K->236K(166528K), 0.0030580 secs] 212955K->64937K(3127232K) icms_dc=0 , 0.0032150 secs] [Times: user=0.02 sys=0.00, real=0.01 secs] 
1263.725: [GC 1263.725: [ParNew: 148268K->247K(166528K), 0.0024790 secs] 212969K->64948K(3127232K) icms_dc=0 , 0.0025950 secs] [Times: user=0.02 sys=0.00, real=0.00 secs] 
1266.560: [GC 1266.560: [ParNew: 148279K->228K(166528K), 0.0026170 secs] 212980K->64937K(3127232K) icms_dc=0 , 0.0027480 secs] [Times: user=0.01 sys=0.00, real=0.01 secs] 
1269.497: [GC 1269.497: [ParNew: 148260K->234K(166528K), 0.0022600 secs] 212969K->64946K(3127232K) icms_dc=0 , 0.0023850 secs] [Times: user=0.01 sys=0.00, real=0.00 secs] 
1272.452: [GC 1272.452: [ParNew: 148266K->226K(166528K), 0.0027710 secs] 212978K->64946K(3127232K) icms_dc=0 , 0.0028950 secs] [Times: user=0.00 sys=0.00, real=0.01 secs] 
1274.894: [GC 1274.894: [ParNew: 148258K->255K(166528K), 0.0025930 secs] 212978K->64976K(3127232K) icms_dc=0 , 0.0027150 secs] [Times: user=0.01 sys=0.00, real=0.00 secs] 
1277.442: [GC 1277.442: [ParNew: 148287K->250K(166528K), 0.0025380 secs] 213008K->64973K(3127232K) icms_dc=0 , 0.0026590 secs] [Times: user=0.02 sys=0.00, real=0.01 secs] 
1280.070: [GC 1280.070: [ParNew: 148282K->228K(166528K), 0.0033560 secs] 213005K->64959K(3127232K) icms_dc=0 , 0.0034850 secs] [Times: user=0.01 sys=0.00, real=0.00 secs] 
1282.632: [GC 1282.632: [ParNew: 148260K->264K(166528K), 0.0031980 secs] 212991K->64997K(3127232K) icms_dc=0 , 0.0033170 secs] [Times: user=0.02 sys=0.00, real=0.01 secs] 
1285.462: [GC 1285.462: [ParNew: 148296K->301K(166528K), 0.0031760 secs] 213029K->65034K(3127232K) icms_dc=0 , 0.0033000 secs] [Times: user=0.03 sys=0.00, real=0.01 secs] 
1288.168: [GC 1288.168: [ParNew: 148333K->238K(166528K), 0.0024480 secs] 213066K->64972K(3127232K) icms_dc=0 , 0.0025710 secs] [Times: user=0.03 sys=0.00, real=0.00 secs] 
1290.618: [GC 1290.618: [ParNew: 148270K->240K(166528K), 0.0029010 secs] 213004K->64980K(3127232K) icms_dc=0 , 0.0030230 secs] [Times: user=0.02 sys=0.00, real=0.00 secs] 
1293.168: [GC 1293.168: [ParNew: 148272K->256K(166528K), 0.0042600 secs] 213012K->64997K(3127232K) icms_dc=0 , 0.0043950 secs] [Times: user=0.03 sys=0.00, real=0.00 secs] 
1295.929: [GC 1295.929: [ParNew: 148288K->250K(166528K), 0.0030280 secs] 213029K->65001K(3127232K) icms_dc=0 , 0.0031550 secs] [Times: user=0.02 sys=0.00, real=0.00 secs] 
1298.564: [GC 1298.564: [ParNew: 148282K->249K(166528K), 0.0029230 secs] 213033K->65003K(3127232K) icms_dc=0 , 0.0030390 secs] [Times: user=0.02 sys=0.00, real=0.01 secs] 
1301.043: [GC 1301.043: [ParNew: 148281K->217K(166528K), 0.0022100 secs] 213035K->64972K(3127232K) icms_dc=0 , 0.0023480 secs] [Times: user=0.01 sys=0.00, real=0.00 secs] 
1303.980: [GC 1303.980: [ParNew: 148249K->215K(166528K), 0.0030380 secs] 213004K->64971K(3127232K) icms_dc=0 , 0.0031560 secs] [Times: user=0.02 sys=0.00, real=0.00 secs] 
1306.633: [GC 1306.633: [ParNew: 148247K->229K(166528K), 0.0029190 secs] 213003K->64990K(3127232K) icms_dc=0 , 0.0030460 secs] [Times: user=0.01 sys=0.00, real=0.00 secs] 
1309.317: [GC 1309.317: [ParNew: 148261K->228K(166528K), 0.0027570 secs] 213022K->64989K(3127232K) icms_dc=0 , 0.0028890 secs] [Times: user=0.02 sys=0.00, real=0.01 secs] 
1311.646: [GC 1311.646: [ParNew: 148260K->203K(166528K), 0.0028110 secs] 213021K->64965K(3127232K) icms_dc=0 , 0.0029350 secs] [Times: user=0.03 sys=0.00, real=0.01 secs] 
1314.358: [GC 1314.358: [ParNew: 148235K->214K(166528K), 0.0034110 secs] 212997K->64977K(3127232K) icms_dc=0 , 0.0035380 secs] [Times: user=0.02 sys=0.01, real=0.01 secs] 
1317.157: [GC 1317.157: [ParNew: 148246K->212K(166528K), 0.0028070 secs] 213009K->64976K(3127232K) icms_dc=0 , 0.0029310 secs] [Times: user=0.02 sys=0.00, real=0.01 secs] 
1319.742: [GC 1319.742: [ParNew: 148244K->225K(166528K), 0.0026830 secs] 213008K->64990K(3127232K) icms_dc=0 , 0.0028200 secs] [Times: user=0.02 sys=0.00, real=0.00 secs] 
1322.228: [GC 1322.228: [ParNew: 148257K->231K(166528K), 0.0023030 secs] 213022K->64997K(3127232K) icms_dc=0 , 0.0024250 secs] [Times: user=0.01 sys=0.00, real=0.01 secs] 
1324.649: [GC 1324.649: [ParNew: 148263K->219K(166528K), 0.0027100 secs] 213029K->64985K(3127232K) icms_dc=0 , 0.0028350 secs] [Times: user=0.03 sys=0.00, real=0.01 secs] 
1327.256: [GC 1327.256: [ParNew: 148251K->287K(166528K), 0.0030860 secs] 213017K->65054K(3127232K) icms_dc=0 , 0.0032230 secs] [Times: user=0.01 sys=0.01, real=0.00 secs] 
1329.788: [GC 1329.788: [ParNew: 148319K->206K(166528K), 0.0030190 secs] 213086K->64982K(3127232K) icms_dc=0 , 0.0031480 secs] [Times: user=0.03 sys=0.00, real=0.01 secs] 
1332.057: [GC 1332.058: [ParNew: 148238K->213K(166528K), 0.0022020 secs] 213014K->64989K(3127232K) icms_dc=0 , 0.0023240 secs] [Times: user=0.02 sys=0.00, real=0.00 secs] 
1334.873: [GC 1334.873: [ParNew: 148245K->245K(166528K), 0.0028820 secs] 213021K->65022K(3127232K) icms_dc=0 , 0.0030070 secs] [Times: user=0.02 sys=0.00, real=0.00 secs] 
1337.546: [GC 1337.546: [ParNew: 148277K->283K(166528K), 0.0030600 secs] 213054K->65061K(3127232K) icms_dc=0 , 0.0031780 secs] [Times: user=0.02 sys=0.00, real=0.00 secs] 
1340.142: [GC 1340.142: [ParNew: 148315K->175K(166528K), 0.0031290 secs] 213093K->64953K(3127232K) icms_dc=0 , 0.0032540 secs] [Times: user=0.03 sys=0.00, real=0.01 secs] 
1342.562: [GC 1342.562: [ParNew: 148207K->240K(166528K), 0.0030970 secs] 212985K->65020K(3127232K) icms_dc=0 , 0.0032160 secs] [Times: user=0.03 sys=0.00, real=0.01 secs] 
1345.133: [GC 1345.133: [ParNew: 148272K->246K(166528K), 0.0026650 secs] 213052K->65026K(3127232K) icms_dc=0 , 0.0027910 secs] [Times: user=0.02 sys=0.00, real=0.01 secs] 
1347.935: [GC 1347.935: [ParNew: 148278K->240K(166528K), 0.0026960 secs] 213058K->65021K(3127232K) icms_dc=0 , 0.0028180 secs] [Times: user=0.02 sys=0.00, real=0.00 secs] 
1350.334: [GC 1350.334: [ParNew: 148272K->251K(166528K), 0.0027370 secs] 213053K->65033K(3127232K) icms_dc=0 , 0.0028650 secs] [Times: user=0.02 sys=0.00, real=0.00 secs] 
1352.781: [GC 1352.781: [ParNew: 148283K->251K(166528K), 0.0022310 secs] 213065K->65033K(3127232K) icms_dc=0 , 0.0023520 secs] [Times: user=0.02 sys=0.00, real=0.00 secs] 
1355.426: [GC 1355.427: [ParNew: 148283K->258K(166528K), 0.0030570 secs] 213065K->65045K(3127232K) icms_dc=0 , 0.0031820 secs] [Times: user=0.02 sys=0.01, real=0.00 secs] 
1358.003: [GC 1358.003: [ParNew: 148290K->261K(166528K), 0.0030770 secs] 213077K->65048K(3127232K) icms_dc=0 , 0.0031970 secs] [Times: user=0.03 sys=0.00, real=0.01 secs] 
1360.782: [GC 1360.782: [ParNew: 148293K->235K(166528K), 0.0030810 secs] 213080K->65034K(3127232K) icms_dc=0 , 0.0032100 secs] [Times: user=0.02 sys=0.00, real=0.00 secs] 
1363.412: [GC 1363.412: [ParNew: 148267K->225K(166528K), 0.0027490 secs] 213066K->65025K(3127232K) icms_dc=0 , 0.0028710 secs] [Times: user=0.02 sys=0.00, real=0.00 secs] 
1365.701: [GC 1365.701: [ParNew: 148257K->265K(166528K), 0.0025620 secs] 213057K->65067K(3127232K) icms_dc=0 , 0.0027740 secs] [Times: user=0.01 sys=0.00, real=0.00 secs] 
1368.259: [GC 1368.259: [ParNew: 148297K->260K(166528K), 0.0021530 secs] 213099K->65062K(3127232K) icms_dc=0 , 0.0022730 secs] [Times: user=0.02 sys=0.00, real=0.00 secs] 
1370.827: [GC 1370.827: [ParNew: 148292K->264K(166528K), 0.0023480 secs] 213094K->65067K(3127232K) icms_dc=0 , 0.0024780 secs] [Times: user=0.02 sys=0.00, real=0.00 secs] 
1373.340: [GC 1373.340: [ParNew: 148296K->241K(166528K), 0.0027770 secs] 213099K->65045K(3127232K) icms_dc=0 , 0.0028970 secs] [Times: user=0.03 sys=0.00, real=0.00 secs] 
1375.625: [GC 1375.625: [ParNew: 148273K->226K(166528K), 0.0025880 secs] 213077K->65038K(3127232K) icms_dc=0 , 0.0027170 secs] [Times: user=0.02 sys=0.00, real=0.00 secs] 
1378.378: [GC 1378.378: [ParNew: 148258K->245K(166528K), 0.0024720 secs] 213070K->65065K(3127232K) icms_dc=0 , 0.0026040 secs] [Times: user=0.03 sys=0.00, real=0.01 secs] 
1380.803: [GC 1380.803: [ParNew: 148277K->266K(166528K), 0.0028440 secs] 213097K->65089K(3127232K) icms_dc=0 , 0.0030010 secs] [Times: user=0.02 sys=0.00, real=0.00 secs] 
1383.409: [GC 1383.409: [ParNew: 148298K->265K(166528K), 0.0026170 secs] 213121K->65087K(3127232K) icms_dc=0 , 0.0027550 secs] [Times: user=0.02 sys=0.00, real=0.01 secs] 
1386.046: [GC 1386.046: [ParNew: 148297K->274K(166528K), 0.0027880 secs] 213119K->65097K(3127232K) icms_dc=0 , 0.0029260 secs] [Times: user=0.02 sys=0.00, real=0.00 secs] 
1388.770: [GC 1388.770: [ParNew: 148306K->250K(166528K), 0.0026230 secs] 213129K->65074K(3127232K) icms_dc=0 , 0.0027440 secs] [Times: user=0.01 sys=0.00, real=0.01 secs] 
1391.436: [GC 1391.436: [ParNew: 148282K->225K(166528K), 0.0025260 secs] 213106K->65051K(3127232K) icms_dc=0 , 0.0026630 secs] [Times: user=0.02 sys=0.00, real=0.00 secs] 
1394.017: [GC 1394.017: [ParNew: 148257K->229K(166528K), 0.0029850 secs] 213083K->65055K(3127232K) icms_dc=0 , 0.0031050 secs] [Times: user=0.02 sys=0.00, real=0.00 secs] 
1396.665: [GC 1396.665: [ParNew: 148261K->260K(166528K), 0.0028170 secs] 213087K->65089K(3127232K) icms_dc=0 , 0.0029460 secs] [Times: user=0.02 sys=0.00, real=0.00 secs] 
1399.135: [GC 1399.135: [ParNew: 148292K->249K(166528K), 0.0025480 secs] 213121K->65080K(3127232K) icms_dc=0 , 0.0026700 secs] [Times: user=0.01 sys=0.01, real=0.00 secs] 
1401.627: [GC 1401.627: [ParNew: 148281K->231K(166528K), 0.0024200 secs] 213112K->65064K(3127232K) icms_dc=0 , 0.0025450 secs] [Times: user=0.02 sys=0.00, real=0.00 secs] 
1403.986: [GC 1403.987: [ParNew: 148263K->237K(166528K), 0.0024170 secs] 213096K->65074K(3127232K) icms_dc=0 , 0.0025350 secs] [Times: user=0.02 sys=0.00, real=0.00 secs] 
1406.581: [GC 1406.581: [ParNew: 148269K->276K(166528K), 0.0025130 secs] 213106K->65122K(3127232K) icms_dc=0 , 0.0026450 secs] [Times: user=0.01 sys=0.00, real=0.01 secs] 
1409.301: [GC 1409.301: [ParNew: 148308K->256K(166528K), 0.0027630 secs] 213154K->65103K(3127232K) icms_dc=0 , 0.0028870 secs] [Times: user=0.02 sys=0.00, real=0.01 secs] 
1411.682: [GC 1411.682: [ParNew: 148288K->289K(166528K), 0.0025260 secs] 213135K->65138K(3127232K) icms_dc=0 , 0.0026660 secs] [Times: user=0.02 sys=0.00, real=0.01 secs] 
1414.360: [GC 1414.360: [ParNew: 148321K->284K(166528K), 0.0023150 secs] 213170K->65133K(3127232K) icms_dc=0 , 0.0024370 secs] [Times: user=0.02 sys=0.00, real=0.00 secs] 
1417.218: [GC 1417.218: [ParNew: 148316K->239K(166528K), 0.0030540 secs] 213165K->65100K(3127232K) icms_dc=0 , 0.0031860 secs] [Times: user=0.02 sys=0.00, real=0.00 secs] 
1419.939: [GC 1419.939: [ParNew: 148271K->235K(166528K), 0.0029770 secs] 213132K->65102K(3127232K) icms_dc=0 , 0.0031020 secs] [Times: user=0.02 sys=0.00, real=0.00 secs] 
1422.565: [GC 1422.565: [ParNew: 148267K->206K(166528K), 0.0023930 secs] 213134K->65078K(3127232K) icms_dc=0 , 0.0025210 secs] [Times: user=0.03 sys=0.00, real=0.01 secs] 
1425.010: [GC 1425.010: [ParNew: 148238K->229K(166528K), 0.0026280 secs] 213110K->65101K(3127232K) icms_dc=0 , 0.0027500 secs] [Times: user=0.01 sys=0.00, real=0.00 secs] 
1427.588: [GC 1427.588: [ParNew: 148261K->231K(166528K), 0.0026160 secs] 213133K->65108K(3127232K) icms_dc=0 , 0.0027380 secs] [Times: user=0.03 sys=0.00, real=0.00 secs] 
1430.173: [GC 1430.173: [ParNew: 148263K->260K(166528K), 0.0028690 secs] 213140K->65142K(3127232K) icms_dc=0 , 0.0029940 secs] [Times: user=0.03 sys=0.00, real=0.01 secs] 
1432.881: [GC 1432.881: [ParNew: 148292K->296K(166528K), 0.0030190 secs] 213174K->65179K(3127232K) icms_dc=0 , 0.0031440 secs] [Times: user=0.01 sys=0.00, real=0.00 secs] 
1435.327: [GC 1435.327: [ParNew: 148328K->281K(166528K), 0.0026710 secs] 213211K->65166K(3127232K) icms_dc=0 , 0.0027960 secs] [Times: user=0.02 sys=0.00, real=0.01 secs] 
1437.839: [GC 1437.840: [ParNew: 148313K->292K(166528K), 0.0021930 secs] 213198K->65205K(3127232K) icms_dc=0 , 0.0023130 secs] [Times: user=0.02 sys=0.00, real=0.00 secs] 
1440.708: [GC 1440.708: [ParNew: 148324K->245K(166528K), 0.0028210 secs] 213237K->65162K(3127232K) icms_dc=0 , 0.0029740 secs] [Times: user=0.02 sys=0.00, real=0.01 secs] 
1443.377: [GC 1443.377: [ParNew: 148277K->254K(166528K), 0.0028410 secs] 213194K->65172K(3127232K) icms_dc=0 , 0.0029560 secs] [Times: user=0.02 sys=0.00, real=0.01 secs] 
1445.871: [GC 1445.872: [ParNew: 148286K->255K(166528K), 0.0024390 secs] 213204K->65173K(3127232K) icms_dc=0 , 0.0025620 secs] [Times: user=0.02 sys=0.00, real=0.00 secs] 
1448.417: [GC 1448.417: [ParNew: 148287K->219K(166528K), 0.0027540 secs] 213205K->65138K(3127232K) icms_dc=0 , 0.0028700 secs] [Times: user=0.02 sys=0.00, real=0.01 secs] 
1450.973: [GC 1450.973: [ParNew: 148251K->216K(166528K), 0.0028170 secs] 213170K->65138K(3127232K) icms_dc=0 , 0.0029400 secs] [Times: user=0.02 sys=0.00, real=0.00 secs] 
1453.426: [GC 1453.426: [ParNew: 148248K->209K(166528K), 0.0025230 secs] 213170K->65132K(3127232K) icms_dc=0 , 0.0026510 secs] [Times: user=0.02 sys=0.00, real=0.00 secs] 
1456.116: [GC 1456.116: [ParNew: 148241K->221K(166528K), 0.0023570 secs] 213164K->65145K(3127232K) icms_dc=0 , 0.0024850 secs] [Times: user=0.02 sys=0.00, real=0.00 secs] 
1458.785: [GC 1458.785: [ParNew: 148253K->230K(166528K), 0.0025460 secs] 213177K->65155K(3127232K) icms_dc=0 , 0.0026640 secs] [Times: user=0.03 sys=0.00, real=0.00 secs] 
1461.467: [GC 1461.467: [ParNew: 148262K->175K(166528K), 0.0023860 secs] 213187K->65100K(3127232K) icms_dc=0 , 0.0025140 secs] [Times: user=0.01 sys=0.00, real=0.00 secs] 
1464.017: [GC 1464.017: [ParNew: 148207K->199K(166528K), 0.0031480 secs] 213132K->65128K(3127232K) icms_dc=0 , 0.0032690 secs] [Times: user=0.03 sys=0.00, real=0.00 secs] 
1467.023: [GC 1467.023: [ParNew: 148231K->231K(166528K), 0.0023760 secs] 213160K->65164K(3127232K) icms_dc=0 , 0.0025010 secs] [Times: user=0.01 sys=0.00, real=0.00 secs] 
1469.737: [GC 1469.737: [ParNew: 148263K->225K(166528K), 0.0027440 secs] 213196K->65158K(3127232K) icms_dc=0 , 0.0029520 secs] [Times: user=0.03 sys=0.00, real=0.00 secs] 
1472.329: [GC 1472.329: [ParNew: 148257K->223K(166528K), 0.0031030 secs] 213190K->65157K(3127232K) icms_dc=0 , 0.0032280 secs] [Times: user=0.02 sys=0.00, real=0.00 secs] 
1474.848: [GC 1474.849: [ParNew: 148255K->270K(166528K), 0.0024220 secs] 213189K->65204K(3127232K) icms_dc=0 , 0.0025490 secs] [Times: user=0.02 sys=0.00, real=0.00 secs] 
1477.383: [GC 1477.383: [ParNew: 148302K->291K(166528K), 0.0030630 secs] 213236K->65225K(3127232K) icms_dc=0 , 0.0031860 secs] [Times: user=0.02 sys=0.00, real=0.01 secs] 
1479.953: [GC 1479.953: [ParNew: 148323K->264K(166528K), 0.0027700 secs] 213257K->65204K(3127232K) icms_dc=0 , 0.0029000 secs] [Times: user=0.02 sys=0.00, real=0.01 secs] 
1482.699: [GC 1482.699: [ParNew: 148296K->260K(166528K), 0.0033580 secs] 213236K->65219K(3127232K) icms_dc=0 , 0.0034810 secs] [Times: user=0.02 sys=0.00, real=0.00 secs] 
1485.114: [GC 1485.114: [ParNew: 148292K->229K(166528K), 0.0028980 secs] 213251K->65196K(3127232K) icms_dc=0 , 0.0030290 secs] [Times: user=0.03 sys=0.00, real=0.01 secs] 
1487.882: [GC 1487.882: [ParNew: 148261K->225K(166528K), 0.0025950 secs] 213228K->65193K(3127232K) icms_dc=0 , 0.0027130 secs] [Times: user=0.03 sys=0.00, real=0.00 secs] 
1490.700: [GC 1490.701: [ParNew: 148257K->248K(166528K), 0.0030150 secs] 213225K->65217K(3127232K) icms_dc=0 , 0.0031420 secs] [Times: user=0.02 sys=0.00, real=0.00 secs] 
1493.252: [GC 1493.252: [ParNew: 148280K->246K(166528K), 0.0025870 secs] 213249K->65215K(3127232K) icms_dc=0 , 0.0027080 secs] [Times: user=0.01 sys=0.00, real=0.00 secs] 
1495.798: [GC 1495.798: [ParNew: 148278K->273K(166528K), 0.0028960 secs] 213247K->65245K(3127232K) icms_dc=0 , 0.0030250 secs] [Times: user=0.01 sys=0.00, real=0.00 secs] 
1498.364: [GC 1498.364: [ParNew: 148305K->273K(166528K), 0.0025380 secs] 213277K->65245K(3127232K) icms_dc=0 , 0.0026580 secs] [Times: user=0.01 sys=0.00, real=0.00 secs] 
1501.225: [GC 1501.225: [ParNew: 148305K->254K(166528K), 0.0030640 secs] 213277K->65227K(3127232K) icms_dc=0 , 0.0031910 secs] [Times: user=0.02 sys=0.00, real=0.01 secs] 
1503.849: [GC 1503.849: [ParNew: 148286K->246K(166528K), 0.0022190 secs] 213259K->65223K(3127232K) icms_dc=0 , 0.0023410 secs] [Times: user=0.01 sys=0.00, real=0.00 secs] 
1506.492: [GC 1506.492: [ParNew: 148278K->265K(166528K), 0.0028250 secs] 213255K->65246K(3127232K) icms_dc=0 , 0.0029530 secs] [Times: user=0.01 sys=0.00, real=0.00 secs] 
1508.948: [GC 1508.948: [ParNew: 148297K->242K(166528K), 0.0027650 secs] 213278K->65225K(3127232K) icms_dc=0 , 0.0028940 secs] [Times: user=0.01 sys=0.00, real=0.00 secs] 
1511.549: [GC 1511.549: [ParNew: 148274K->248K(166528K), 0.0024980 secs] 213257K->65232K(3127232K) icms_dc=0 , 0.0026230 secs] [Times: user=0.01 sys=0.00, real=0.00 secs] 
1514.137: [GC 1514.137: [ParNew: 148280K->217K(166528K), 0.0024540 secs] 213264K->65201K(3127232K) icms_dc=0 , 0.0025760 secs] [Times: user=0.02 sys=0.00, real=0.01 secs] 
1516.607: [GC 1516.607: [ParNew: 148249K->198K(166528K), 0.0023860 secs] 213233K->65183K(3127232K) icms_dc=0 , 0.0025110 secs] [Times: user=0.02 sys=0.00, real=0.00 secs] 
1519.217: [GC 1519.217: [ParNew: 148230K->215K(166528K), 0.0028740 secs] 213215K->65200K(3127232K) icms_dc=0 , 0.0029960 secs] [Times: user=0.03 sys=0.00, real=0.01 secs] 
1521.994: [GC 1521.994: [ParNew: 148247K->222K(166528K), 0.0033350 secs] 213232K->65207K(3127232K) icms_dc=0 , 0.0034590 secs] [Times: user=0.03 sys=0.00, real=0.00 secs] 
1524.841: [GC 1524.841: [ParNew: 148254K->274K(166528K), 0.0026480 secs] 213239K->65267K(3127232K) icms_dc=0 , 0.0027710 secs] [Times: user=0.01 sys=0.00, real=0.00 secs] 
1527.309: [GC 1527.309: [ParNew: 148306K->250K(166528K), 0.0025710 secs] 213299K->65246K(3127232K) icms_dc=0 , 0.0026920 secs] [Times: user=0.02 sys=0.01, real=0.01 secs] 
1529.780: [GC 1529.780: [ParNew: 148282K->223K(166528K), 0.0028140 secs] 213278K->65219K(3127232K) icms_dc=0 , 0.0029370 secs] [Times: user=0.01 sys=0.00, real=0.01 secs] 
1532.448: [GC 1532.448: [ParNew: 148255K->247K(166528K), 0.0028340 secs] 213251K->65244K(3127232K) icms_dc=0 , 0.0029670 secs] [Times: user=0.01 sys=0.00, real=0.00 secs] 
1534.984: [GC 1534.985: [ParNew: 148279K->252K(166528K), 0.0027960 secs] 213276K->65251K(3127232K) icms_dc=0 , 0.0029190 secs] [Times: user=0.01 sys=0.00, real=0.00 secs] 
1537.713: [GC 1537.713: [ParNew: 148284K->237K(166528K), 0.0033740 secs] 213283K->65238K(3127232K) icms_dc=0 , 0.0034960 secs] [Times: user=0.03 sys=0.00, real=0.00 secs] 
1540.658: [GC 1540.658: [ParNew: 148269K->274K(166528K), 0.0029680 secs] 213270K->65277K(3127232K) icms_dc=0 , 0.0030980 secs] [Times: user=0.03 sys=0.00, real=0.00 secs] 
1543.383: [GC 1543.384: [ParNew: 148306K->228K(166528K), 0.0029350 secs] 213309K->65233K(3127232K) icms_dc=0 , 0.0030560 secs] [Times: user=0.02 sys=0.00, real=0.01 secs] 
1546.233: [GC 1546.234: [ParNew: 148260K->255K(166528K), 0.0023780 secs] 213265K->65260K(3127232K) icms_dc=0 , 0.0025030 secs] [Times: user=0.02 sys=0.00, real=0.01 secs] 
1548.925: [GC 1548.925: [ParNew: 148287K->237K(166528K), 0.0027030 secs] 213292K->65242K(3127232K) icms_dc=0 , 0.0028240 secs] [Times: user=0.01 sys=0.00, real=0.00 secs] 
1551.519: [GC 1551.520: [ParNew: 148269K->211K(166528K), 0.0026620 secs] 213274K->65223K(3127232K) icms_dc=0 , 0.0027840 secs] [Times: user=0.01 sys=0.00, real=0.00 secs] 
1554.123: [GC 1554.123: [ParNew: 148243K->210K(166528K), 0.0025420 secs] 213255K->65222K(3127232K) icms_dc=0 , 0.0026620 secs] [Times: user=0.02 sys=0.00, real=0.01 secs] 
1557.080: [GC 1557.080: [ParNew: 148242K->224K(166528K), 0.0025920 secs] 213254K->65237K(3127232K) icms_dc=0 , 0.0027180 secs] [Times: user=0.02 sys=0.00, real=0.00 secs] 
1560.065: [GC 1560.065: [ParNew: 148256K->239K(166528K), 0.0021950 secs] 213269K->65253K(3127232K) icms_dc=0 , 0.0023250 secs] [Times: user=0.02 sys=0.00, real=0.01 secs] 
1562.471: [GC 1562.471: [ParNew: 148271K->241K(166528K), 0.0030360 secs] 213285K->65256K(3127232K) icms_dc=0 , 0.0031560 secs] [Times: user=0.02 sys=0.00, real=0.00 secs] 
1564.985: [GC 1564.985: [ParNew: 148273K->256K(166528K), 0.0024370 secs] 213288K->65273K(3127232K) icms_dc=0 , 0.0025610 secs] [Times: user=0.03 sys=0.00, real=0.01 secs] 
1567.516: [GC 1567.516: [ParNew: 148288K->239K(166528K), 0.0024510 secs] 213305K->65257K(3127232K) icms_dc=0 , 0.0025730 secs] [Times: user=0.02 sys=0.00, real=0.01 secs] 
1569.903: [GC 1569.903: [ParNew: 148271K->230K(166528K), 0.0031790 secs] 213289K->65264K(3127232K) icms_dc=0 , 0.0033030 secs] [Times: user=0.02 sys=0.00, real=0.00 secs] 
1572.747: [GC 1572.747: [ParNew: 148262K->217K(166528K), 0.0025590 secs] 213296K->65253K(3127232K) icms_dc=0 , 0.0026820 secs] [Times: user=0.03 sys=0.00, real=0.01 secs] 
1575.488: [GC 1575.488: [ParNew: 148249K->263K(166528K), 0.0023780 secs] 213285K->65300K(3127232K) icms_dc=0 , 0.0025090 secs] [Times: user=0.01 sys=0.00, real=0.01 secs] 
1578.108: [GC 1578.108: [ParNew: 148295K->275K(166528K), 0.0030700 secs] 213332K->65312K(3127232K) icms_dc=0 , 0.0031880 secs] [Times: user=0.02 sys=0.00, real=0.01 secs] 
1580.915: [GC 1580.915: [ParNew: 148307K->217K(166528K), 0.0027010 secs] 213344K->65255K(3127232K) icms_dc=0 , 0.0028300 secs] [Times: user=0.02 sys=0.00, real=0.00 secs] 
1583.644: [GC 1583.644: [ParNew: 148249K->220K(166528K), 0.0032070 secs] 213287K->65269K(3127232K) icms_dc=0 , 0.0033270 secs] [Times: user=0.02 sys=0.00, real=0.00 secs] 
1586.077: [GC 1586.077: [ParNew: 148252K->261K(166528K), 0.0025050 secs] 213301K->65314K(3127232K) icms_dc=0 , 0.0026300 secs] [Times: user=0.01 sys=0.00, real=0.00 secs] 
1588.565: [GC 1588.566: [ParNew: 148293K->247K(166528K), 0.0026460 secs] 213346K->65300K(3127232K) icms_dc=0 , 0.0027620 secs] [Times: user=0.01 sys=0.00, real=0.00 secs] 
1591.093: [GC 1591.094: [ParNew: 148279K->250K(166528K), 0.0021640 secs] 213332K->65304K(3127232K) icms_dc=0 , 0.0022890 secs] [Times: user=0.02 sys=0.00, real=0.00 secs] 
1593.915: [GC 1593.915: [ParNew: 148282K->256K(166528K), 0.0024260 secs] 213336K->65311K(3127232K) icms_dc=0 , 0.0025570 secs] [Times: user=0.02 sys=0.00, real=0.00 secs] 
1596.526: [GC 1596.527: [ParNew: 148288K->243K(166528K), 0.0025240 secs] 213343K->65311K(3127232K) icms_dc=0 , 0.0026520 secs] [Times: user=0.02 sys=0.00, real=0.00 secs] 
1598.957: [GC 1598.957: [ParNew: 148275K->222K(166528K), 0.0030460 secs] 213343K->65291K(3127232K) icms_dc=0 , 0.0031650 secs] [Times: user=0.03 sys=0.00, real=0.00 secs] 
1601.659: [GC 1601.659: [ParNew: 148254K->230K(166528K), 0.0028700 secs] 213323K->65299K(3127232K) icms_dc=0 , 0.0029950 secs] [Times: user=0.03 sys=0.00, real=0.01 secs] 
1604.155: [GC 1604.155: [ParNew: 148262K->203K(166528K), 0.0028130 secs] 213331K->65273K(3127232K) icms_dc=0 , 0.0029330 secs] [Times: user=0.02 sys=0.00, real=0.00 secs] 
1606.538: [GC 1606.538: [ParNew: 148235K->235K(166528K), 0.0033450 secs] 213305K->65308K(3127232K) icms_dc=0 , 0.0034690 secs] [Times: user=0.02 sys=0.00, real=0.00 secs] 
1609.185: [GC 1609.185: [ParNew: 148267K->239K(166528K), 0.0023520 secs] 213340K->65313K(3127232K) icms_dc=0 , 0.0024750 secs] [Times: user=0.03 sys=0.00, real=0.00 secs] 
1611.762: [GC 1611.762: [ParNew: 148271K->229K(166528K), 0.0024990 secs] 213345K->65304K(3127232K) icms_dc=0 , 0.0026260 secs] [Times: user=0.03 sys=0.00, real=0.01 secs] 
1614.478: [GC 1614.478: [ParNew: 148261K->238K(166528K), 0.0023840 secs] 213336K->65314K(3127232K) icms_dc=0 , 0.0025180 secs] [Times: user=0.01 sys=0.00, real=0.00 secs] 
1616.758: [GC 1616.758: [ParNew: 148270K->209K(166528K), 0.0030380 secs] 213346K->65287K(3127232K) icms_dc=0 , 0.0031630 secs] [Times: user=0.02 sys=0.00, real=0.00 secs] 
1619.645: [GC 1619.645: [ParNew: 148241K->232K(166528K), 0.0029680 secs] 213319K->65316K(3127232K) icms_dc=0 , 0.0030910 secs] [Times: user=0.02 sys=0.00, real=0.00 secs] 
1622.289: [GC 1622.289: [ParNew: 148264K->264K(166528K), 0.0025630 secs] 213348K->65351K(3127232K) icms_dc=0 , 0.0026890 secs] [Times: user=0.03 sys=0.00, real=0.00 secs] 
1624.971: [GC 1624.971: [ParNew: 148296K->263K(166528K), 0.0027430 secs] 213383K->65357K(3127232K) icms_dc=0 , 0.0028660 secs] [Times: user=0.02 sys=0.00, real=0.00 secs] 
1627.755: [GC 1627.755: [ParNew: 148295K->222K(166528K), 0.0025120 secs] 213389K->65317K(3127232K) icms_dc=0 , 0.0026310 secs] [Times: user=0.02 sys=0.00, real=0.01 secs] 
1630.392: [GC 1630.393: [ParNew: 148254K->212K(166528K), 0.0024410 secs] 213349K->65308K(3127232K) icms_dc=0 , 0.0025760 secs] [Times: user=0.01 sys=0.00, real=0.00 secs] 
1633.134: [GC 1633.134: [ParNew: 148244K->290K(166528K), 0.0026860 secs] 213340K->65386K(3127232K) icms_dc=0 , 0.0028050 secs] [Times: user=0.03 sys=0.01, real=0.01 secs] 
1635.639: [GC 1635.639: [ParNew: 148322K->235K(166528K), 0.0023930 secs] 213418K->65340K(3127232K) icms_dc=0 , 0.0025450 secs] [Times: user=0.02 sys=0.00, real=0.00 secs] 
1638.644: [GC 1638.644: [ParNew: 148267K->293K(166528K), 0.0024920 secs] 213372K->65399K(3127232K) icms_dc=0 , 0.0026110 secs] [Times: user=0.03 sys=0.00, real=0.00 secs] 
1641.039: [GC 1641.039: [ParNew: 148325K->265K(166528K), 0.0026800 secs] 213431K->65372K(3127232K) icms_dc=0 , 0.0028200 secs] [Times: user=0.03 sys=0.00, real=0.00 secs] 
1643.550: [GC 1643.550: [ParNew: 148297K->248K(166528K), 0.0023580 secs] 213404K->65360K(3127232K) icms_dc=0 , 0.0024790 secs] [Times: user=0.01 sys=0.00, real=0.00 secs] 
1646.022: [GC 1646.022: [ParNew: 148280K->279K(166528K), 0.0025850 secs] 213392K->65401K(3127232K) icms_dc=0 , 0.0027140 secs] [Times: user=0.02 sys=0.00, real=0.00 secs] 
1648.595: [GC 1648.595: [ParNew: 148311K->281K(166528K), 0.0026920 secs] 213433K->65414K(3127232K) icms_dc=0 , 0.0028130 secs] [Times: user=0.02 sys=0.00, real=0.00 secs] 
1651.198: [GC 1651.198: [ParNew: 148313K->269K(166528K), 0.0025670 secs] 213446K->65409K(3127232K) icms_dc=0 , 0.0026950 secs] [Times: user=0.01 sys=0.01, real=0.01 secs] 
1653.792: [GC 1653.792: [ParNew: 148301K->257K(166528K), 0.0028190 secs] 213441K->65400K(3127232K) icms_dc=0 , 0.0029370 secs] [Times: user=0.02 sys=0.00, real=0.00 secs] 
1656.350: [GC 1656.350: [ParNew: 148289K->224K(166528K), 0.0031420 secs] 213432K->65375K(3127232K) icms_dc=0 , 0.0032690 secs] [Times: user=0.02 sys=0.00, real=0.01 secs] 
1659.090: [GC 1659.090: [ParNew: 148256K->249K(166528K), 0.0023520 secs] 213407K->65407K(3127232K) icms_dc=0 , 0.0024720 secs] [Times: user=0.01 sys=0.00, real=0.01 secs] 
1661.626: [GC 1661.626: [ParNew: 148281K->255K(166528K), 0.0025850 secs] 213439K->65422K(3127232K) icms_dc=0 , 0.0027270 secs] [Times: user=0.03 sys=0.00, real=0.00 secs] 
1664.273: [GC 1664.273: [ParNew: 148287K->281K(166528K), 0.0025420 secs] 213454K->65448K(3127232K) icms_dc=0 , 0.0026640 secs] [Times: user=0.03 sys=0.00, real=0.00 secs] 
1667.012: [GC 1667.012: [ParNew: 148313K->233K(166528K), 0.0028800 secs] 213480K->65401K(3127232K) icms_dc=0 , 0.0030060 secs] [Times: user=0.02 sys=0.00, real=0.00 secs] 
1669.634: [GC 1669.634: [ParNew: 148265K->231K(166528K), 0.0024880 secs] 213433K->65403K(3127232K) icms_dc=0 , 0.0026110 secs] [Times: user=0.02 sys=0.00, real=0.00 secs] 
1672.210: [GC 1672.211: [ParNew: 148263K->254K(166528K), 0.0028080 secs] 213435K->65430K(3127232K) icms_dc=0 , 0.0029310 secs] [Times: user=0.01 sys=0.01, real=0.01 secs] 
1675.101: [GC 1675.101: [ParNew: 148286K->228K(166528K), 0.0028300 secs] 213462K->65406K(3127232K) icms_dc=0 , 0.0029510 secs] [Times: user=0.02 sys=0.00, real=0.01 secs] 
1677.792: [GC 1677.792: [ParNew: 148260K->236K(166528K), 0.0027160 secs] 213438K->65416K(3127232K) icms_dc=0 , 0.0028370 secs] [Times: user=0.03 sys=0.00, real=0.01 secs] 
1680.381: [GC 1680.381: [ParNew: 148268K->227K(166528K), 0.0027210 secs] 213448K->65409K(3127232K) icms_dc=0 , 0.0028500 secs] [Times: user=0.03 sys=0.00, real=0.01 secs] 
1682.934: [GC 1682.934: [ParNew: 148259K->267K(166528K), 0.0022460 secs] 213441K->65450K(3127232K) icms_dc=0 , 0.0023670 secs] [Times: user=0.02 sys=0.00, real=0.01 secs] 
1685.458: [GC 1685.458: [ParNew: 148299K->241K(166528K), 0.0025970 secs] 213482K->65425K(3127232K) icms_dc=0 , 0.0027240 secs] [Times: user=0.02 sys=0.00, real=0.00 secs] 
1688.038: [GC 1688.038: [ParNew: 148273K->269K(166528K), 0.0027260 secs] 213457K->65458K(3127232K) icms_dc=0 , 0.0028640 secs] [Times: user=0.01 sys=0.00, real=0.00 secs] 
1690.653: [GC 1690.653: [ParNew: 148301K->235K(166528K), 0.0023620 secs] 213490K->65425K(3127232K) icms_dc=0 , 0.0024910 secs] [Times: user=0.03 sys=0.00, real=0.00 secs] 
1693.496: [GC 1693.496: [ParNew: 148267K->251K(166528K), 0.0026680 secs] 213457K->65446K(3127232K) icms_dc=0 , 0.0028120 secs] [Times: user=0.01 sys=0.00, real=0.01 secs] 
1696.187: [GC 1696.187: [ParNew: 148283K->242K(166528K), 0.0031380 secs] 213478K->65441K(3127232K) icms_dc=0 , 0.0032630 secs] [Times: user=0.03 sys=0.00, real=0.00 secs] 
1699.138: [GC 1699.138: [ParNew: 148274K->241K(166528K), 0.0026140 secs] 213473K->65441K(3127232K) icms_dc=0 , 0.0027350 secs] [Times: user=0.01 sys=0.00, real=0.00 secs] 
1701.878: [GC 1701.878: [ParNew: 148273K->249K(166528K), 0.0022850 secs] 213473K->65453K(3127232K) icms_dc=0 , 0.0024090 secs] [Times: user=0.01 sys=0.00, real=0.00 secs] 
1704.600: [GC 1704.600: [ParNew: 148281K->220K(166528K), 0.0027540 secs] 213485K->65430K(3127232K) icms_dc=0 , 0.0028740 secs] [Times: user=0.02 sys=0.00, real=0.00 secs] 
1707.270: [GC 1707.270: [ParNew: 148252K->236K(166528K), 0.0028860 secs] 213462K->65446K(3127232K) icms_dc=0 , 0.0030070 secs] [Times: user=0.02 sys=0.00, real=0.00 secs] 
1709.785: [GC 1709.786: [ParNew: 148268K->227K(166528K), 0.0029700 secs] 213478K->65438K(3127232K) icms_dc=0 , 0.0030950 secs] [Times: user=0.02 sys=0.01, real=0.01 secs] 
1712.171: [GC 1712.171: [ParNew: 148259K->242K(166528K), 0.0022890 secs] 213470K->65455K(3127232K) icms_dc=0 , 0.0024160 secs] [Times: user=0.02 sys=0.00, real=0.00 secs] 
1714.739: [GC 1714.739: [ParNew: 148274K->241K(166528K), 0.0029010 secs] 213487K->65455K(3127232K) icms_dc=0 , 0.0030240 secs] [Times: user=0.03 sys=0.00, real=0.01 secs] 
1717.246: [GC 1717.246: [ParNew: 148273K->273K(166528K), 0.0024540 secs] 213487K->65493K(3127232K) icms_dc=0 , 0.0025780 secs] [Times: user=0.00 sys=0.00, real=0.00 secs] 
1719.667: [GC 1719.667: [ParNew: 148305K->215K(166528K), 0.0029350 secs] 213525K->65441K(3127232K) icms_dc=0 , 0.0030600 secs] [Times: user=0.03 sys=0.00, real=0.01 secs] 
1722.244: [GC 1722.244: [ParNew: 148247K->226K(166528K), 0.0026070 secs] 213473K->65452K(3127232K) icms_dc=0 , 0.0027270 secs] [Times: user=0.01 sys=0.00, real=0.00 secs] 
1724.663: [GC 1724.663: [ParNew: 148258K->245K(166528K), 0.0029670 secs] 213484K->65472K(3127232K) icms_dc=0 , 0.0030900 secs] [Times: user=0.02 sys=0.00, real=0.00 secs] 
1727.370: [GC 1727.370: [ParNew: 148277K->218K(166528K), 0.0026530 secs] 213504K->65445K(3127232K) icms_dc=0 , 0.0027790 secs] [Times: user=0.02 sys=0.00, real=0.01 secs] 
1730.109: [GC 1730.109: [ParNew: 148250K->238K(166528K), 0.0028190 secs] 213477K->65466K(3127232K) icms_dc=0 , 0.0029470 secs] [Times: user=0.02 sys=0.00, real=0.00 secs] 
1733.042: [GC 1733.042: [ParNew: 148270K->236K(166528K), 0.0028160 secs] 213498K->65465K(3127232K) icms_dc=0 , 0.0029610 secs] [Times: user=0.02 sys=0.00, real=0.01 secs] 
1735.862: [GC 1735.862: [ParNew: 148268K->247K(166528K), 0.0023630 secs] 213497K->65477K(3127232K) icms_dc=0 , 0.0024870 secs] [Times: user=0.01 sys=0.00, real=0.01 secs] 
1738.688: [GC 1738.688: [ParNew: 148279K->280K(166528K), 0.0027660 secs] 213509K->65515K(3127232K) icms_dc=0 , 0.0028850 secs] [Times: user=0.03 sys=0.00, real=0.00 secs] 
1741.226: [GC 1741.226: [ParNew: 148312K->250K(166528K), 0.0025520 secs] 213547K->65491K(3127232K) icms_dc=0 , 0.0026820 secs] [Times: user=0.02 sys=0.00, real=0.00 secs] 
1743.906: [GC 1743.906: [ParNew: 148282K->256K(166528K), 0.0035540 secs] 213523K->65497K(3127232K) icms_dc=0 , 0.0036790 secs] [Times: user=0.01 sys=0.00, real=0.00 secs] 
1746.778: [GC 1746.778: [ParNew: 148288K->228K(166528K), 0.0028080 secs] 213529K->65473K(3127232K) icms_dc=0 , 0.0029350 secs] [Times: user=0.03 sys=0.00, real=0.00 secs] 
1749.483: [GC 1749.483: [ParNew: 148260K->247K(166528K), 0.0029120 secs] 213505K->65492K(3127232K) icms_dc=0 , 0.0031130 secs] [Times: user=0.03 sys=0.00, real=0.01 secs] 
1752.130: [GC 1752.130: [ParNew: 148279K->226K(166528K), 0.0021710 secs] 213524K->65475K(3127232K) icms_dc=0 , 0.0022960 secs] [Times: user=0.01 sys=0.00, real=0.00 secs] 
1754.809: [GC 1754.809: [ParNew: 148258K->245K(166528K), 0.0026270 secs] 213507K->65494K(3127232K) icms_dc=0 , 0.0027490 secs] [Times: user=0.01 sys=0.00, real=0.00 secs] 
1757.315: [GC 1757.315: [ParNew: 148277K->227K(166528K), 0.0027670 secs] 213526K->65476K(3127232K) icms_dc=0 , 0.0028890 secs] [Times: user=0.02 sys=0.00, real=0.01 secs] 
1760.055: [GC 1760.055: [ParNew: 148259K->282K(166528K), 0.0025170 secs] 213508K->65533K(3127232K) icms_dc=0 , 0.0026440 secs] [Times: user=0.02 sys=0.00, real=0.01 secs] 
1762.807: [GC 1762.807: [ParNew: 148314K->291K(166528K), 0.0029630 secs] 213565K->65543K(3127232K) icms_dc=0 , 0.0030860 secs] [Times: user=0.02 sys=0.00, real=0.00 secs] 
1765.553: [GC 1765.553: [ParNew: 148323K->272K(166528K), 0.0023860 secs] 213575K->65524K(3127232K) icms_dc=0 , 0.0025160 secs] [Times: user=0.02 sys=0.00, real=0.00 secs] 
1768.432: [GC 1768.432: [ParNew: 148304K->297K(166528K), 0.0031600 secs] 213556K->65562K(3127232K) icms_dc=0 , 0.0032830 secs] [Times: user=0.03 sys=0.00, real=0.00 secs] 
1771.277: [GC 1771.277: [ParNew: 148329K->287K(166528K), 0.0035750 secs] 213594K->65560K(3127232K) icms_dc=0 , 0.0037160 secs] [Times: user=0.01 sys=0.00, real=0.01 secs] 
1774.036: [GC 1774.036: [ParNew: 148319K->268K(166528K), 0.0040960 secs] 213592K->65546K(3127232K) icms_dc=0 , 0.0042190 secs] [Times: user=0.02 sys=0.00, real=0.01 secs] 
1776.920: [GC 1776.920: [ParNew: 148300K->258K(166528K), 0.0028870 secs] 213578K->65548K(3127232K) icms_dc=0 , 0.0031020 secs] [Times: user=0.02 sys=0.00, real=0.00 secs] 
1779.768: [GC 1779.768: [ParNew: 148290K->244K(166528K), 0.0021170 secs] 213580K->65535K(3127232K) icms_dc=0 , 0.0022370 secs] [Times: user=0.02 sys=0.00, real=0.01 secs] 
1782.401: [GC 1782.401: [ParNew: 148276K->241K(166528K), 0.0025720 secs] 213567K->65541K(3127232K) icms_dc=0 , 0.0026970 secs] [Times: user=0.02 sys=0.00, real=0.00 secs] 
1785.106: [GC 1785.106: [ParNew: 148273K->278K(166528K), 0.0026130 secs] 213573K->65581K(3127232K) icms_dc=0 , 0.0027360 secs] [Times: user=0.01 sys=0.00, real=0.00 secs] 
1787.744: [GC 1787.744: [ParNew: 148310K->238K(166528K), 0.0029650 secs] 213613K->65544K(3127232K) icms_dc=0 , 0.0030850 secs] [Times: user=0.02 sys=0.00, real=0.00 secs] 
1790.320: [GC 1790.320: [ParNew: 148270K->244K(166528K), 0.0025090 secs] 213576K->65556K(3127232K) icms_dc=0 , 0.0026330 secs] [Times: user=0.02 sys=0.00, real=0.01 secs] 
1792.905: [GC 1792.905: [ParNew: 148276K->233K(166528K), 0.0027140 secs] 213588K->65555K(3127232K) icms_dc=0 , 0.0028380 secs] [Times: user=0.01 sys=0.00, real=0.00 secs] 
1795.887: [GC 1795.887: [ParNew: 148265K->207K(166528K), 0.0023970 secs] 213587K->65529K(3127232K) icms_dc=0 , 0.0025190 secs] [Times: user=0.02 sys=0.00, real=0.00 secs] 
1798.970: [GC 1798.970: [ParNew: 148239K->227K(166528K), 0.0023690 secs] 213561K->65550K(3127232K) icms_dc=0 , 0.0024890 secs] [Times: user=0.02 sys=0.00, real=0.01 secs] 
1801.570: [GC 1801.570: [ParNew: 148259K->223K(166528K), 0.0028260 secs] 213582K->65547K(3127232K) icms_dc=0 , 0.0029550 secs] [Times: user=0.02 sys=0.00, real=0.01 secs] 
1804.408: [GC 1804.408: [ParNew: 148255K->236K(166528K), 0.0024850 secs] 213579K->65561K(3127232K) icms_dc=0 , 0.0026070 secs] [Times: user=0.01 sys=0.00, real=0.00 secs] 
1807.047: [GC 1807.047: [ParNew: 148268K->251K(166528K), 0.0025780 secs] 213593K->65577K(3127232K) icms_dc=0 , 0.0027040 secs] [Times: user=0.02 sys=0.00, real=0.00 secs] 
1810.053: [GC 1810.053: [ParNew: 148283K->293K(166528K), 0.0028390 secs] 213609K->65620K(3127232K) icms_dc=0 , 0.0029630 secs] [Times: user=0.01 sys=0.00, real=0.01 secs] 
1812.525: [GC 1812.525: [ParNew: 148325K->259K(166528K), 0.0036970 secs] 213652K->65590K(3127232K) icms_dc=0 , 0.0038180 secs] [Times: user=0.02 sys=0.00, real=0.00 secs] 
1815.191: [GC 1815.191: [ParNew: 148291K->269K(166528K), 0.0027950 secs] 213622K->65606K(3127232K) icms_dc=0 , 0.0029180 secs] [Times: user=0.02 sys=0.01, real=0.00 secs] 
1817.872: [GC 1817.872: [ParNew: 148301K->283K(166528K), 0.0026600 secs] 213638K->65622K(3127232K) icms_dc=0 , 0.0027830 secs] [Times: user=0.02 sys=0.00, real=0.01 secs] 
1820.416: [GC 1820.416: [ParNew: 148315K->251K(166528K), 0.0025630 secs] 213654K->65594K(3127232K) icms_dc=0 , 0.0026880 secs] [Times: user=0.02 sys=0.00, real=0.00 secs] 
1822.987: [GC 1822.987: [ParNew: 148283K->243K(166528K), 0.0028290 secs] 213626K->65590K(3127232K) icms_dc=0 , 0.0029510 secs] [Times: user=0.01 sys=0.00, real=0.00 secs] 
1825.454: [GC 1825.454: [ParNew: 148275K->255K(166528K), 0.0027720 secs] 213622K->65606K(3127232K) icms_dc=0 , 0.0028960 secs] [Times: user=0.03 sys=0.00, real=0.01 secs] 
1828.146: [GC 1828.146: [ParNew: 148287K->240K(166528K), 0.0036370 secs] 213638K->65593K(3127232K) icms_dc=0 , 0.0037560 secs] [Times: user=0.03 sys=0.00, real=0.01 secs] 
1830.592: [GC 1830.592: [ParNew: 148272K->251K(166528K), 0.0021120 secs] 213625K->65605K(3127232K) icms_dc=0 , 0.0022420 secs] [Times: user=0.01 sys=0.00, real=0.00 secs] 
1833.104: [GC 1833.104: [ParNew: 148283K->275K(166528K), 0.0031590 secs] 213637K->65631K(3127232K) icms_dc=0 , 0.0032800 secs] [Times: user=0.02 sys=0.00, real=0.00 secs] 
1835.481: [GC 1835.481: [ParNew: 148307K->263K(166528K), 0.0030230 secs] 213663K->65622K(3127232K) icms_dc=0 , 0.0031480 secs] [Times: user=0.02 sys=0.00, real=0.00 secs] 
1838.141: [GC 1838.141: [ParNew: 148295K->252K(166528K), 0.0028530 secs] 213654K->65623K(3127232K) icms_dc=0 , 0.0029740 secs] [Times: user=0.00 sys=0.00, real=0.00 secs] 
1840.954: [GC 1840.954: [ParNew: 148284K->221K(166528K), 0.0025230 secs] 213655K->65594K(3127232K) icms_dc=0 , 0.0026500 secs] [Times: user=0.03 sys=0.00, real=0.00 secs] 
1843.499: [GC 1843.499: [ParNew: 148253K->273K(166528K), 0.0022860 secs] 213626K->65648K(3127232K) icms_dc=0 , 0.0024150 secs] [Times: user=0.01 sys=0.00, real=0.00 secs] 
1846.230: [GC 1846.230: [ParNew: 148305K->233K(166528K), 0.0029720 secs] 213680K->65609K(3127232K) icms_dc=0 , 0.0030990 secs] [Times: user=0.01 sys=0.00, real=0.00 secs] 
1849.288: [GC 1849.289: [ParNew: 148265K->244K(166528K), 0.0026860 secs] 213641K->65623K(3127232K) icms_dc=0 , 0.0028090 secs] [Times: user=0.02 sys=0.00, real=0.01 secs] 
1851.805: [GC 1851.805: [ParNew: 148276K->244K(166528K), 0.0022270 secs] 213655K->65625K(3127232K) icms_dc=0 , 0.0023510 secs] [Times: user=0.02 sys=0.00, real=0.00 secs] 
1854.473: [GC 1854.473: [ParNew: 148276K->247K(166528K), 0.0025630 secs] 213657K->65629K(3127232K) icms_dc=0 , 0.0027270 secs] [Times: user=0.02 sys=0.00, real=0.00 secs] 
1857.275: [GC 1857.275: [ParNew: 148279K->236K(166528K), 0.0035300 secs] 213661K->65618K(3127232K) icms_dc=0 , 0.0036590 secs] [Times: user=0.03 sys=0.00, real=0.00 secs] 
1860.079: [GC 1860.079: [ParNew: 148268K->248K(166528K), 0.0025600 secs] 213650K->65630K(3127232K) icms_dc=0 , 0.0026820 secs] [Times: user=0.01 sys=0.01, real=0.01 secs] 
1862.686: [GC 1862.686: [ParNew: 148280K->270K(166528K), 0.0023980 secs] 213662K->65656K(3127232K) icms_dc=0 , 0.0025280 secs] [Times: user=0.02 sys=0.00, real=0.00 secs] 
1865.036: [GC 1865.036: [ParNew: 148302K->271K(166528K), 0.0028940 secs] 213688K->65659K(3127232K) icms_dc=0 , 0.0030230 secs] [Times: user=0.02 sys=0.00, real=0.00 secs] 
1867.442: [GC 1867.442: [ParNew: 148303K->271K(166528K), 0.0026880 secs] 213691K->65659K(3127232K) icms_dc=0 , 0.0028110 secs] [Times: user=0.03 sys=0.00, real=0.01 secs] 
1869.890: [GC 1869.891: [ParNew: 148303K->258K(166528K), 0.0027330 secs] 213691K->65654K(3127232K) icms_dc=0 , 0.0028660 secs] [Times: user=0.03 sys=0.00, real=0.01 secs] 
1872.686: [GC 1872.686: [ParNew: 148290K->257K(166528K), 0.0033900 secs] 213686K->65654K(3127232K) icms_dc=0 , 0.0035120 secs] [Times: user=0.01 sys=0.00, real=0.00 secs] 
1875.359: [GC 1875.359: [ParNew: 148289K->247K(166528K), 0.0028940 secs] 213686K->65650K(3127232K) icms_dc=0 , 0.0030200 secs] [Times: user=0.02 sys=0.00, real=0.00 secs] 
1878.145: [GC 1878.145: [ParNew: 148279K->194K(166528K), 0.0024760 secs] 213682K->65597K(3127232K) icms_dc=0 , 0.0025970 secs] [Times: user=0.02 sys=0.01, real=0.00 secs] 
1880.386: [GC 1880.386: [ParNew: 148226K->219K(166528K), 0.0027010 secs] 213629K->65625K(3127232K) icms_dc=0 , 0.0028310 secs] [Times: user=0.02 sys=0.00, real=0.00 secs] 
1883.127: [GC 1883.127: [ParNew: 148251K->250K(166528K), 0.0028980 secs] 213657K->65658K(3127232K) icms_dc=0 , 0.0030200 secs] [Times: user=0.02 sys=0.00, real=0.00 secs] 
1885.759: [GC 1885.759: [ParNew: 148282K->296K(166528K), 0.0026920 secs] 213690K->65705K(3127232K) icms_dc=0 , 0.0028180 secs] [Times: user=0.01 sys=0.00, real=0.00 secs] 
1888.389: [GC 1888.389: [ParNew: 148328K->255K(166528K), 0.0027250 secs] 213737K->65665K(3127232K) icms_dc=0 , 0.0028460 secs] [Times: user=0.03 sys=0.01, real=0.00 secs] 
1890.869: [GC 1890.869: [ParNew: 148287K->265K(166528K), 0.0023120 secs] 213697K->65678K(3127232K) icms_dc=0 , 0.0024430 secs] [Times: user=0.02 sys=0.00, real=0.00 secs] 
1893.704: [GC 1893.704: [ParNew: 148297K->276K(166528K), 0.0024230 secs] 213710K->65699K(3127232K) icms_dc=0 , 0.0025440 secs] [Times: user=0.01 sys=0.00, real=0.01 secs] 
1896.307: [GC 1896.307: [ParNew: 148308K->269K(166528K), 0.0023040 secs] 213731K->65701K(3127232K) icms_dc=0 , 0.0024360 secs] [Times: user=0.00 sys=0.00, real=0.00 secs] 
1899.163: [GC 1899.163: [ParNew: 148301K->243K(166528K), 0.0022980 secs] 213733K->65676K(3127232K) icms_dc=0 , 0.0024180 secs] [Times: user=0.03 sys=0.00, real=0.00 secs] 
1901.871: [GC 1901.871: [ParNew: 148275K->268K(166528K), 0.0028790 secs] 213708K->65702K(3127232K) icms_dc=0 , 0.0030010 secs] [Times: user=0.01 sys=0.00, real=0.00 secs] 
1904.630: [GC 1904.630: [ParNew: 148300K->265K(166528K), 0.0025600 secs] 213734K->65700K(3127232K) icms_dc=0 , 0.0026830 secs] [Times: user=0.02 sys=0.00, real=0.00 secs] 
1907.175: [GC 1907.175: [ParNew: 148297K->250K(166528K), 0.0029100 secs] 213732K->65687K(3127232K) icms_dc=0 , 0.0031100 secs] [Times: user=0.03 sys=0.00, real=0.01 secs] 
1909.601: [GC 1909.601: [ParNew: 148282K->200K(166528K), 0.0028230 secs] 213719K->65640K(3127232K) icms_dc=0 , 0.0029440 secs] [Times: user=0.02 sys=0.00, real=0.00 secs] 
1912.380: [GC 1912.380: [ParNew: 148232K->217K(166528K), 0.0018060 secs] 213672K->65658K(3127232K) icms_dc=0 , 0.0019260 secs] [Times: user=0.02 sys=0.00, real=0.00 secs] 
1914.921: [GC 1914.921: [ParNew: 148249K->197K(166528K), 0.0028460 secs] 213690K->65639K(3127232K) icms_dc=0 , 0.0029690 secs] [Times: user=0.01 sys=0.00, real=0.00 secs] 
1917.367: [GC 1917.367: [ParNew: 148229K->243K(166528K), 0.0030460 secs] 213671K->65685K(3127232K) icms_dc=0 , 0.0031680 secs] [Times: user=0.01 sys=0.00, real=0.01 secs] 
1920.126: [GC 1920.127: [ParNew: 148275K->270K(166528K), 0.0033000 secs] 213717K->65716K(3127232K) icms_dc=0 , 0.0034260 secs] [Times: user=0.01 sys=0.00, real=0.00 secs] 
1922.774: [GC 1922.774: [ParNew: 148302K->242K(166528K), 0.0029160 secs] 213748K->65689K(3127232K) icms_dc=0 , 0.0030350 secs] [Times: user=0.02 sys=0.00, real=0.00 secs] 
1925.287: [GC 1925.287: [ParNew: 148274K->245K(166528K), 0.0024090 secs] 213721K->65694K(3127232K) icms_dc=0 , 0.0025360 secs] [Times: user=0.02 sys=0.00, real=0.00 secs] 
1928.162: [GC 1928.162: [ParNew: 148277K->262K(166528K), 0.0029980 secs] 213726K->65718K(3127232K) icms_dc=0 , 0.0031190 secs] [Times: user=0.03 sys=0.00, real=0.00 secs] 
1930.910: [GC 1930.910: [ParNew: 148294K->253K(166528K), 0.0027780 secs] 213750K->65711K(3127232K) icms_dc=0 , 0.0029010 secs] [Times: user=0.03 sys=0.00, real=0.01 secs] 
1933.558: [GC 1933.558: [ParNew: 148285K->250K(166528K), 0.0030950 secs] 213743K->65708K(3127232K) icms_dc=0 , 0.0032150 secs] [Times: user=0.01 sys=0.00, real=0.00 secs] 
1936.629: [GC 1936.629: [ParNew: 148282K->261K(166528K), 0.0038330 secs] 213740K->65722K(3127232K) icms_dc=0 , 0.0039610 secs] [Times: user=0.01 sys=0.00, real=0.01 secs] 
1939.444: [GC 1939.444: [ParNew: 148293K->261K(166528K), 0.0024650 secs] 213754K->65725K(3127232K) icms_dc=0 , 0.0025880 secs] [Times: user=0.03 sys=0.00, real=0.00 secs] 
1941.973: [GC 1941.973: [ParNew: 148293K->262K(166528K), 0.0029550 secs] 213757K->65727K(3127232K) icms_dc=0 , 0.0030790 secs] [Times: user=0.01 sys=0.00, real=0.01 secs] 
1944.566: [GC 1944.566: [ParNew: 148294K->246K(166528K), 0.0025090 secs] 213759K->65711K(3127232K) icms_dc=0 , 0.0026320 secs] [Times: user=0.02 sys=0.00, real=0.00 secs] 
1947.199: [GC 1947.199: [ParNew: 148278K->243K(166528K), 0.0025230 secs] 213743K->65709K(3127232K) icms_dc=0 , 0.0026580 secs] [Times: user=0.01 sys=0.00, real=0.00 secs] 
1949.838: [GC 1949.838: [ParNew: 148275K->197K(166528K), 0.0030030 secs] 213741K->65667K(3127232K) icms_dc=0 , 0.0031350 secs] [Times: user=0.01 sys=0.00, real=0.00 secs] 
1952.633: [GC 1952.633: [ParNew: 148229K->238K(166528K), 0.0029090 secs] 213699K->65708K(3127232K) icms_dc=0 , 0.0030320 secs] [Times: user=0.02 sys=0.00, real=0.01 secs] 
1955.366: [GC 1955.366: [ParNew: 148270K->238K(166528K), 0.0027640 secs] 213740K->65709K(3127232K) icms_dc=0 , 0.0028950 secs] [Times: user=0.02 sys=0.00, real=0.00 secs] 
1957.979: [GC 1957.979: [ParNew: 148270K->252K(166528K), 0.0029180 secs] 213741K->65727K(3127232K) icms_dc=0 , 0.0030350 secs] [Times: user=0.03 sys=0.00, real=0.00 secs] 
1960.673: [GC 1960.673: [ParNew: 148284K->261K(166528K), 0.0027450 secs] 213759K->65736K(3127232K) icms_dc=0 , 0.0028670 secs] [Times: user=0.02 sys=0.00, real=0.00 secs] 
1963.575: [GC 1963.575: [ParNew: 148293K->230K(166528K), 0.0021010 secs] 213768K->65706K(3127232K) icms_dc=0 , 0.0022180 secs] [Times: user=0.02 sys=0.01, real=0.01 secs] 
1966.409: [GC 1966.409: [ParNew: 148262K->259K(166528K), 0.0022840 secs] 213738K->65737K(3127232K) icms_dc=0 , 0.0024090 secs] [Times: user=0.01 sys=0.00, real=0.00 secs] 
1968.957: [GC 1968.957: [ParNew: 148291K->287K(166528K), 0.0032920 secs] 213769K->65781K(3127232K) icms_dc=0 , 0.0034110 secs] [Times: user=0.01 sys=0.00, real=0.01 secs] 
1971.533: [GC 1971.533: [ParNew: 148319K->222K(166528K), 0.0024050 secs] 213813K->65717K(3127232K) icms_dc=0 , 0.0025330 secs] [Times: user=0.01 sys=0.00, real=0.00 secs] 
1974.432: [GC 1974.432: [ParNew: 148254K->211K(166528K), 0.0027100 secs] 213749K->65709K(3127232K) icms_dc=0 , 0.0028410 secs] [Times: user=0.02 sys=0.00, real=0.00 secs] 
1977.044: [GC 1977.044: [ParNew: 148243K->200K(166528K), 0.0022710 secs] 213741K->65698K(3127232K) icms_dc=0 , 0.0023930 secs] [Times: user=0.02 sys=0.00, real=0.00 secs] 
1979.998: [GC 1979.998: [ParNew: 148232K->230K(166528K), 0.0025060 secs] 213730K->65731K(3127232K) icms_dc=0 , 0.0026240 secs] [Times: user=0.02 sys=0.00, real=0.01 secs] 
1982.609: [GC 1982.609: [ParNew: 148262K->252K(166528K), 0.0034650 secs] 213763K->65755K(3127232K) icms_dc=0 , 0.0035820 secs] [Times: user=0.01 sys=0.00, real=0.01 secs] 
1985.442: [GC 1985.442: [ParNew: 148284K->217K(166528K), 0.0026300 secs] 213787K->65720K(3127232K) icms_dc=0 , 0.0028270 secs] [Times: user=0.03 sys=0.00, real=0.00 secs] 
1988.352: [GC 1988.352: [ParNew: 148249K->265K(166528K), 0.0023220 secs] 213752K->65768K(3127232K) icms_dc=0 , 0.0024420 secs] [Times: user=0.02 sys=0.00, real=0.00 secs] 
1991.093: [GC 1991.093: [ParNew: 148297K->251K(166528K), 0.0027370 secs] 213800K->65761K(3127232K) icms_dc=0 , 0.0028620 secs] [Times: user=0.01 sys=0.00, real=0.00 secs] 
1993.913: [GC 1993.913: [ParNew: 148283K->257K(166528K), 0.0031270 secs] 213793K->65767K(3127232K) icms_dc=0 , 0.0032470 secs] [Times: user=0.02 sys=0.00, real=0.00 secs] 
1996.673: [GC 1996.673: [ParNew: 148289K->191K(166528K), 0.0025020 secs] 213799K->65705K(3127232K) icms_dc=0 , 0.0026250 secs] [Times: user=0.01 sys=0.00, real=0.00 secs] 
1999.403: [GC 1999.403: [ParNew: 148223K->202K(166528K), 0.0028130 secs] 213737K->65720K(3127232K) icms_dc=0 , 0.0030070 secs] [Times: user=0.03 sys=0.00, real=0.00 secs] 
2001.817: [GC 2001.817: [ParNew: 148234K->190K(166528K), 0.0028520 secs] 213752K->65710K(3127232K) icms_dc=0 , 0.0029710 secs] [Times: user=0.03 sys=0.00, real=0.00 secs] 
2004.790: [GC 2004.790: [ParNew: 148222K->235K(166528K), 0.0021990 secs] 213742K->65756K(3127232K) icms_dc=0 , 0.0023260 secs] [Times: user=0.02 sys=0.00, real=0.00 secs] 
2007.673: [GC 2007.674: [ParNew: 148267K->252K(166528K), 0.0026940 secs] 213788K->65776K(3127232K) icms_dc=0 , 0.0028190 secs] [Times: user=0.02 sys=0.00, real=0.00 secs] 
2010.264: [GC 2010.264: [ParNew: 148284K->249K(166528K), 0.0018530 secs] 213808K->65773K(3127232K) icms_dc=0 , 0.0019810 secs] [Times: user=0.02 sys=0.00, real=0.01 secs] 
2013.414: [GC 2013.414: [ParNew: 148281K->271K(166528K), 0.0028870 secs] 213805K->65797K(3127232K) icms_dc=0 , 0.0030110 secs] [Times: user=0.01 sys=0.00, real=0.01 secs] 
2016.127: [GC 2016.127: [ParNew: 148303K->264K(166528K), 0.0022020 secs] 213829K->65791K(3127232K) icms_dc=0 , 0.0023280 secs] [Times: user=0.01 sys=0.00, real=0.00 secs] 
2019.069: [GC 2019.069: [ParNew: 148296K->270K(166528K), 0.0026030 secs] 213823K->65820K(3127232K) icms_dc=0 , 0.0027290 secs] [Times: user=0.02 sys=0.00, real=0.00 secs] 
2021.591: [GC 2021.591: [ParNew: 148302K->257K(166528K), 0.0023630 secs] 213852K->65815K(3127232K) icms_dc=0 , 0.0024880 secs] [Times: user=0.02 sys=0.00, real=0.00 secs] 
2024.425: [GC 2024.425: [ParNew: 148289K->227K(166528K), 0.0036950 secs] 213847K->65790K(3127232K) icms_dc=0 , 0.0038160 secs] [Times: user=0.01 sys=0.00, real=0.01 secs] 
2027.046: [GC 2027.046: [ParNew: 148259K->234K(166528K), 0.0021830 secs] 213822K->65800K(3127232K) icms_dc=0 , 0.0023100 secs] [Times: user=0.02 sys=0.01, real=0.01 secs] 
2029.676: [GC 2029.676: [ParNew: 148266K->238K(166528K), 0.0030020 secs] 213832K->65804K(3127232K) icms_dc=0 , 0.0031220 secs] [Times: user=0.02 sys=0.00, real=0.01 secs] 
2032.473: [GC 2032.473: [ParNew: 148270K->229K(166528K), 0.0027980 secs] 213836K->65795K(3127232K) icms_dc=0 , 0.0029220 secs] [Times: user=0.02 sys=0.00, real=0.00 secs] 
2035.285: [GC 2035.285: [ParNew: 148261K->238K(166528K), 0.0031740 secs] 213827K->65805K(3127232K) icms_dc=0 , 0.0032960 secs] [Times: user=0.02 sys=0.00, real=0.01 secs] 
2038.274: [GC 2038.274: [ParNew: 148270K->243K(166528K), 0.0025780 secs] 213837K->65811K(3127232K) icms_dc=0 , 0.0026990 secs] [Times: user=0.03 sys=0.00, real=0.00 secs] 
2040.828: [GC 2040.828: [ParNew: 148275K->237K(166528K), 0.0033010 secs] 213843K->65805K(3127232K) icms_dc=0 , 0.0034290 secs] [Times: user=0.02 sys=0.00, real=0.00 secs] 
2043.576: [GC 2043.576: [ParNew: 148269K->247K(166528K), 0.0025880 secs] 213837K->65816K(3127232K) icms_dc=0 , 0.0027050 secs] [Times: user=0.03 sys=0.00, real=0.00 secs] 
2046.120: [GC 2046.120: [ParNew: 148279K->235K(166528K), 0.0029510 secs] 213848K->65804K(3127232K) icms_dc=0 , 0.0030780 secs] [Times: user=0.02 sys=0.00, real=0.00 secs] 
2048.724: [GC 2048.724: [ParNew: 148267K->255K(166528K), 0.0024750 secs] 213836K->65829K(3127232K) icms_dc=0 , 0.0026280 secs] [Times: user=0.02 sys=0.00, real=0.00 secs] 
2051.274: [GC 2051.274: [ParNew: 148287K->222K(166528K), 0.0023740 secs] 213861K->65797K(3127232K) icms_dc=0 , 0.0024980 secs] [Times: user=0.02 sys=0.00, real=0.00 secs] 
2053.829: [GC 2053.829: [ParNew: 148254K->238K(166528K), 0.0028000 secs] 213829K->65816K(3127232K) icms_dc=0 , 0.0029220 secs] [Times: user=0.02 sys=0.00, real=0.01 secs] 
2056.582: [GC 2056.582: [ParNew: 148270K->249K(166528K), 0.0029500 secs] 213848K->65830K(3127232K) icms_dc=0 , 0.0030760 secs] [Times: user=0.01 sys=0.00, real=0.00 secs] 
2059.179: [GC 2059.179: [ParNew: 148281K->173K(166528K), 0.0028080 secs] 213862K->65756K(3127232K) icms_dc=0 , 0.0029310 secs] [Times: user=0.03 sys=0.00, real=0.01 secs] 
2062.043: [GC 2062.043: [ParNew: 148205K->199K(166528K), 0.0023680 secs] 213788K->65784K(3127232K) icms_dc=0 , 0.0024940 secs] [Times: user=0.00 sys=0.00, real=0.00 secs] 
2064.942: [GC 2064.943: [ParNew: 148231K->229K(166528K), 0.0023440 secs] 213816K->65813K(3127232K) icms_dc=0 , 0.0024650 secs] [Times: user=0.02 sys=0.00, real=0.00 secs] 
2067.591: [GC 2067.591: [ParNew: 148261K->220K(166528K), 0.0025680 secs] 213845K->65805K(3127232K) icms_dc=0 , 0.0026890 secs] [Times: user=0.02 sys=0.00, real=0.01 secs] 
2070.310: [GC 2070.310: [ParNew: 148252K->231K(166528K), 0.0024600 secs] 213837K->65817K(3127232K) icms_dc=0 , 0.0025850 secs] [Times: user=0.02 sys=0.00, real=0.00 secs] 
2072.766: [GC 2072.766: [ParNew: 148263K->235K(166528K), 0.0027230 secs] 213849K->65822K(3127232K) icms_dc=0 , 0.0028450 secs] [Times: user=0.02 sys=0.00, real=0.00 secs] 
2075.548: [GC 2075.548: [ParNew: 148267K->277K(166528K), 0.0029170 secs] 213854K->65864K(3127232K) icms_dc=0 , 0.0030410 secs] [Times: user=0.02 sys=0.00, real=0.00 secs] 
2078.163: [GC 2078.163: [ParNew: 148309K->276K(166528K), 0.0025730 secs] 213896K->65868K(3127232K) icms_dc=0 , 0.0026920 secs] [Times: user=0.02 sys=0.00, real=0.01 secs] 
2080.839: [GC 2080.839: [ParNew: 148308K->228K(166528K), 0.0025900 secs] 213900K->65820K(3127232K) icms_dc=0 , 0.0027180 secs] [Times: user=0.03 sys=0.00, real=0.00 secs] 
2083.541: [GC 2083.541: [ParNew: 148260K->250K(166528K), 0.0024310 secs] 213852K->65848K(3127232K) icms_dc=0 , 0.0025510 secs] [Times: user=0.02 sys=0.01, real=0.00 secs] 
2086.391: [GC 2086.391: [ParNew: 148282K->270K(166528K), 0.0027360 secs] 213880K->65868K(3127232K) icms_dc=0 , 0.0028780 secs] [Times: user=0.02 sys=0.00, real=0.00 secs] 
2089.260: [GC 2089.260: [ParNew: 148302K->252K(166528K), 0.0029740 secs] 213900K->65865K(3127232K) icms_dc=0 , 0.0031020 secs] [Times: user=0.01 sys=0.00, real=0.00 secs] 
2091.931: [GC 2091.931: [ParNew: 148284K->259K(166528K), 0.0029820 secs] 213897K->65874K(3127232K) icms_dc=0 , 0.0031090 secs] [Times: user=0.01 sys=0.00, real=0.00 secs] 
2094.809: [GC 2094.809: [ParNew: 148291K->239K(166528K), 0.0024900 secs] 213906K->65861K(3127232K) icms_dc=0 , 0.0026090 secs] [Times: user=0.02 sys=0.01, real=0.00 secs] 
2097.236: [GC 2097.236: [ParNew: 148271K->264K(166528K), 0.0028660 secs] 213893K->65890K(3127232K) icms_dc=0 , 0.0029870 secs] [Times: user=0.02 sys=0.00, real=0.01 secs] 
2100.073: [GC 2100.073: [ParNew: 148296K->240K(166528K), 0.0024510 secs] 213922K->65872K(3127232K) icms_dc=0 , 0.0025740 secs] [Times: user=0.01 sys=0.00, real=0.00 secs] 
2102.816: [GC 2102.816: [ParNew: 148272K->275K(166528K), 0.0028320 secs] 213904K->65908K(3127232K) icms_dc=0 , 0.0029560 secs] [Times: user=0.00 sys=0.00, real=0.01 secs] 
2105.717: [GC 2105.718: [ParNew: 148307K->283K(166528K), 0.0031220 secs] 213940K->65917K(3127232K) icms_dc=0 , 0.0032480 secs] [Times: user=0.02 sys=0.00, real=0.01 secs] 
2108.550: [GC 2108.550: [ParNew: 148315K->296K(166528K), 0.0028910 secs] 213949K->65945K(3127232K) icms_dc=0 , 0.0030100 secs] [Times: user=0.02 sys=0.00, real=0.00 secs] 
2111.217: [GC 2111.217: [ParNew: 148328K->276K(166528K), 0.0025340 secs] 213977K->65925K(3127232K) icms_dc=0 , 0.0026600 secs] [Times: user=0.03 sys=0.00, real=0.01 secs] 
2114.003: [GC 2114.003: [ParNew: 148308K->238K(166528K), 0.0026600 secs] 213957K->65887K(3127232K) icms_dc=0 , 0.0028580 secs] [Times: user=0.03 sys=0.00, real=0.00 secs] 
2116.958: [GC 2116.958: [ParNew: 148270K->234K(166528K), 0.0025760 secs] 213919K->65885K(3127232K) icms_dc=0 , 0.0027010 secs] [Times: user=0.03 sys=0.00, real=0.01 secs] 
2120.006: [GC 2120.006: [ParNew: 148266K->262K(166528K), 0.0026140 secs] 213917K->65917K(3127232K) icms_dc=0 , 0.0027360 secs] [Times: user=0.01 sys=0.00, real=0.00 secs] 
2122.726: [GC 2122.726: [ParNew: 148294K->241K(166528K), 0.0023790 secs] 213949K->65902K(3127232K) icms_dc=0 , 0.0025000 secs] [Times: user=0.02 sys=0.00, real=0.00 secs] 
2125.381: [GC 2125.381: [ParNew: 148273K->226K(166528K), 0.0029130 secs] 213934K->65889K(3127232K) icms_dc=0 , 0.0030510 secs] [Times: user=0.02 sys=0.00, real=0.00 secs] 
2128.203: [GC 2128.203: [ParNew: 148258K->192K(166528K), 0.0024400 secs] 213921K->65864K(3127232K) icms_dc=0 , 0.0025600 secs] [Times: user=0.01 sys=0.00, real=0.00 secs] 
2131.032: [GC 2131.032: [ParNew: 148224K->243K(166528K), 0.0022110 secs] 213896K->65915K(3127232K) icms_dc=0 , 0.0023390 secs] [Times: user=0.02 sys=0.00, real=0.01 secs] 
2133.908: [GC 2133.908: [ParNew: 148275K->240K(166528K), 0.0027750 secs] 213947K->65913K(3127232K) icms_dc=0 , 0.0028950 secs] [Times: user=0.02 sys=0.00, real=0.00 secs] 
2136.761: [GC 2136.761: [ParNew: 148272K->191K(166528K), 0.0029580 secs] 213945K->65864K(3127232K) icms_dc=0 , 0.0030870 secs] [Times: user=0.01 sys=0.00, real=0.01 secs] 
2139.668: [GC 2139.668: [ParNew: 148223K->217K(166528K), 0.0024210 secs] 213896K->65891K(3127232K) icms_dc=0 , 0.0025430 secs] [Times: user=0.02 sys=0.00, real=0.00 secs] 
2142.155: [GC 2142.155: [ParNew: 148249K->250K(166528K), 0.0027130 secs] 213923K->65924K(3127232K) icms_dc=0 , 0.0028400 secs] [Times: user=0.03 sys=0.00, real=0.00 secs] 
2144.980: [GC 2144.980: [ParNew: 148282K->300K(166528K), 0.0028350 secs] 213956K->65975K(3127232K) icms_dc=0 , 0.0029560 secs] [Times: user=0.02 sys=0.00, real=0.00 secs] 
2147.662: [GC 2147.662: [ParNew: 148332K->180K(166528K), 0.0026270 secs] 214007K->65858K(3127232K) icms_dc=0 , 0.0027580 secs] [Times: user=0.01 sys=0.00, real=0.01 secs] 
2150.376: [GC 2150.376: [ParNew: 148212K->208K(166528K), 0.0025310 secs] 213890K->65890K(3127232K) icms_dc=0 , 0.0026560 secs] [Times: user=0.01 sys=0.00, real=0.00 secs] 
2152.974: [GC 2152.974: [ParNew: 148240K->249K(166528K), 0.0022240 secs] 213922K->65932K(3127232K) icms_dc=0 , 0.0023450 secs] [Times: user=0.01 sys=0.00, real=0.01 secs] 
2155.756: [GC 2155.756: [ParNew: 148281K->221K(166528K), 0.0031710 secs] 213964K->65905K(3127232K) icms_dc=0 , 0.0033010 secs] [Times: user=0.02 sys=0.00, real=0.01 secs] 
2158.429: [GC 2158.429: [ParNew: 148253K->231K(166528K), 0.0028330 secs] 213937K->65925K(3127232K) icms_dc=0 , 0.0029510 secs] [Times: user=0.02 sys=0.00, real=0.00 secs] 
2161.146: [GC 2161.146: [ParNew: 148263K->254K(166528K), 0.0025720 secs] 213957K->65949K(3127232K) icms_dc=0 , 0.0026970 secs] [Times: user=0.01 sys=0.00, real=0.01 secs] 
2164.062: [GC 2164.062: [ParNew: 148286K->278K(166528K), 0.0030120 secs] 213981K->65974K(3127232K) icms_dc=0 , 0.0031340 secs] [Times: user=0.02 sys=0.00, real=0.00 secs] 
2166.893: [GC 2166.893: [ParNew: 148310K->213K(166528K), 0.0032000 secs] 214006K->65909K(3127232K) icms_dc=0 , 0.0033290 secs] [Times: user=0.02 sys=0.00, real=0.00 secs] 
2169.765: [GC 2169.765: [ParNew: 148245K->221K(166528K), 0.0025610 secs] 213941K->65918K(3127232K) icms_dc=0 , 0.0026820 secs] [Times: user=0.01 sys=0.00, real=0.00 secs] 
2172.408: [GC 2172.408: [ParNew: 148253K->245K(166528K), 0.0029370 secs] 213950K->65943K(3127232K) icms_dc=0 , 0.0030630 secs] [Times: user=0.03 sys=0.01, real=0.00 secs] 
2175.425: [GC 2175.425: [ParNew: 148277K->264K(166528K), 0.0025540 secs] 213975K->65962K(3127232K) icms_dc=0 , 0.0026910 secs] [Times: user=0.02 sys=0.00, real=0.00 secs] 
2178.088: [GC 2178.088: [ParNew: 148296K->258K(166528K), 0.0027620 secs] 213994K->65958K(3127232K) icms_dc=0 , 0.0028860 secs] [Times: user=0.03 sys=0.00, real=0.01 secs] 
2180.626: [GC 2180.626: [ParNew: 148290K->302K(166528K), 0.0032550 secs] 213990K->66002K(3127232K) icms_dc=0 , 0.0033820 secs] [Times: user=0.00 sys=0.00, real=0.01 secs] 
2183.587: [GC 2183.587: [ParNew: 148334K->252K(166528K), 0.0023910 secs] 214034K->65966K(3127232K) icms_dc=0 , 0.0025210 secs] [Times: user=0.01 sys=0.00, real=0.00 secs] 
2186.265: [GC 2186.265: [ParNew: 148284K->214K(166528K), 0.0025130 secs] 213998K->65931K(3127232K) icms_dc=0 , 0.0026380 secs] [Times: user=0.01 sys=0.00, real=0.00 secs] 
2188.613: [GC 2188.613: [ParNew: 148246K->238K(166528K), 0.0025640 secs] 213963K->65958K(3127232K) icms_dc=0 , 0.0026810 secs] [Times: user=0.02 sys=0.00, real=0.00 secs] 
2191.189: [GC 2191.189: [ParNew: 148270K->282K(166528K), 0.0028230 secs] 213990K->66002K(3127232K) icms_dc=0 , 0.0029480 secs] [Times: user=0.01 sys=0.01, real=0.01 secs] 
2194.040: [GC 2194.040: [ParNew: 148314K->251K(166528K), 0.0021960 secs] 214034K->65973K(3127232K) icms_dc=0 , 0.0023190 secs] [Times: user=0.03 sys=0.00, real=0.01 secs] 
2196.758: [GC 2196.758: [ParNew: 148283K->251K(166528K), 0.0025050 secs] 214005K->65983K(3127232K) icms_dc=0 , 0.0026320 secs] [Times: user=0.02 sys=0.00, real=0.00 secs] 
2199.454: [GC 2199.454: [ParNew: 148283K->266K(166528K), 0.0027240 secs] 214015K->65998K(3127232K) icms_dc=0 , 0.0028510 secs] [Times: user=0.02 sys=0.00, real=0.00 secs] 
2201.988: [GC 2201.988: [ParNew: 148298K->328K(166528K), 0.0026940 secs] 214030K->66061K(3127232K) icms_dc=0 , 0.0028200 secs] [Times: user=0.02 sys=0.00, real=0.00 secs] 
2204.738: [GC 2204.738: [ParNew: 148360K->327K(166528K), 0.0028340 secs] 214093K->66065K(3127232K) icms_dc=0 , 0.0029870 secs] [Times: user=0.02 sys=0.01, real=0.00 secs] 
2207.535: [GC 2207.535: [ParNew: 148359K->301K(166528K), 0.0024220 secs] 214097K->66058K(3127232K) icms_dc=0 , 0.0026190 secs] [Times: user=0.01 sys=0.00, real=0.00 secs] 
2210.129: [GC 2210.129: [ParNew: 148333K->299K(166528K), 0.0029890 secs] 214090K->66065K(3127232K) icms_dc=0 , 0.0031100 secs] [Times: user=0.02 sys=0.00, real=0.00 secs] 
2212.902: [GC 2212.902: [ParNew: 148331K->278K(166528K), 0.0027680 secs] 214097K->66101K(3127232K) icms_dc=0 , 0.0028890 secs] [Times: user=0.02 sys=0.00, real=0.01 secs] 
2215.775: [GC 2215.775: [ParNew: 148310K->284K(166528K), 0.0026370 secs] 214133K->66107K(3127232K) icms_dc=0 , 0.0027690 secs] [Times: user=0.02 sys=0.00, real=0.00 secs] 
2218.486: [GC 2218.486: [ParNew: 148316K->249K(166528K), 0.0024570 secs] 214139K->66075K(3127232K) icms_dc=0 , 0.0025730 secs] [Times: user=0.01 sys=0.00, real=0.00 secs] 
2221.378: [GC 2221.378: [ParNew: 148281K->176K(166528K), 0.0022530 secs] 214107K->66011K(3127232K) icms_dc=0 , 0.0023780 secs] [Times: user=0.03 sys=0.01, real=0.00 secs] 
2224.338: [GC 2224.338: [ParNew: 148208K->193K(166528K), 0.0030220 secs] 214043K->66035K(3127232K) icms_dc=0 , 0.0031440 secs] [Times: user=0.02 sys=0.00, real=0.00 secs] 
2227.054: [GC 2227.054: [ParNew: 148225K->235K(166528K), 0.0025070 secs] 214067K->66077K(3127232K) icms_dc=0 , 0.0026300 secs] [Times: user=0.02 sys=0.00, real=0.00 secs] 
2229.811: [GC 2229.811: [ParNew: 148267K->279K(166528K), 0.0025020 secs] 214109K->66122K(3127232K) icms_dc=0 , 0.0026260 secs] [Times: user=0.01 sys=0.00, real=0.00 secs] 
2232.527: [GC 2232.527: [ParNew: 148311K->256K(166528K), 0.0032860 secs] 214154K->66101K(3127232K) icms_dc=0 , 0.0034090 secs] [Times: user=0.02 sys=0.01, real=0.01 secs] 
2235.390: [GC 2235.390: [ParNew: 148288K->242K(166528K), 0.0027580 secs] 214133K->66088K(3127232K) icms_dc=0 , 0.0029500 secs] [Times: user=0.02 sys=0.00, real=0.00 secs] 
2238.177: [GC 2238.177: [ParNew: 148274K->260K(166528K), 0.0028600 secs] 214120K->66110K(3127232K) icms_dc=0 , 0.0029860 secs] [Times: user=0.02 sys=0.00, real=0.01 secs] 
2240.871: [GC 2240.871: [ParNew: 148292K->270K(166528K), 0.0031480 secs] 214142K->66122K(3127232K) icms_dc=0 , 0.0032750 secs] [Times: user=0.03 sys=0.00, real=0.00 secs] 
2243.557: [GC 2243.557: [ParNew: 148302K->267K(166528K), 0.0020770 secs] 214154K->66123K(3127232K) icms_dc=0 , 0.0022710 secs] [Times: user=0.02 sys=0.01, real=0.01 secs] 
2245.981: [GC 2245.981: [ParNew: 148299K->256K(166528K), 0.0028430 secs] 214155K->66117K(3127232K) icms_dc=0 , 0.0029700 secs] [Times: user=0.02 sys=0.00, real=0.00 secs] 
2248.467: [GC 2248.467: [ParNew: 148288K->258K(166528K), 0.0025700 secs] 214149K->66130K(3127232K) icms_dc=0 , 0.0026890 secs] [Times: user=0.02 sys=0.00, real=0.00 secs] 
2251.067: [GC 2251.067: [ParNew: 148290K->223K(166528K), 0.0024320 secs] 214162K->66095K(3127232K) icms_dc=0 , 0.0025620 secs] [Times: user=0.02 sys=0.00, real=0.00 secs] 
2253.865: [GC 2253.865: [ParNew: 148255K->240K(166528K), 0.0024200 secs] 214127K->66113K(3127232K) icms_dc=0 , 0.0025400 secs] [Times: user=0.02 sys=0.00, real=0.00 secs] 
2256.604: [GC 2256.604: [ParNew: 148272K->231K(166528K), 0.0022490 secs] 214145K->66107K(3127232K) icms_dc=0 , 0.0023820 secs] [Times: user=0.02 sys=0.00, real=0.00 secs] 
2259.446: [GC 2259.446: [ParNew: 148263K->258K(166528K), 0.0026620 secs] 214139K->66137K(3127232K) icms_dc=0 , 0.0027820 secs] [Times: user=0.02 sys=0.00, real=0.00 secs] 
2262.579: [GC 2262.579: [ParNew: 148290K->240K(166528K), 0.0027990 secs] 214169K->66119K(3127232K) icms_dc=0 , 0.0029200 secs] [Times: user=0.01 sys=0.00, real=0.00 secs] 
2264.993: [GC 2264.993: [ParNew: 148272K->240K(166528K), 0.0028020 secs] 214151K->66120K(3127232K) icms_dc=0 , 0.0029260 secs] [Times: user=0.01 sys=0.00, real=0.00 secs] 
2267.586: [GC 2267.586: [ParNew: 148272K->210K(166528K), 0.0026970 secs] 214152K->66094K(3127232K) icms_dc=0 , 0.0028140 secs] [Times: user=0.02 sys=0.00, real=0.00 secs] 
2270.350: [GC 2270.350: [ParNew: 148242K->215K(166528K), 0.0023940 secs] 214126K->66103K(3127232K) icms_dc=0 , 0.0025190 secs] [Times: user=0.02 sys=0.00, real=0.00 secs] 
2272.860: [GC 2272.860: [ParNew: 148247K->233K(166528K), 0.0026890 secs] 214135K->66121K(3127232K) icms_dc=0 , 0.0028150 secs] [Times: user=0.01 sys=0.00, real=0.01 secs] 
2275.393: [GC 2275.393: [ParNew: 148265K->227K(166528K), 0.0029010 secs] 214153K->66115K(3127232K) icms_dc=0 , 0.0030260 secs] [Times: user=0.03 sys=0.00, real=0.01 secs] 
2278.111: [GC 2278.111: [ParNew: 148259K->225K(166528K), 0.0027250 secs] 214147K->66116K(3127232K) icms_dc=0 , 0.0028430 secs] [Times: user=0.02 sys=0.00, real=0.00 secs] 
2280.856: [GC 2280.856: [ParNew: 148257K->240K(166528K), 0.0028060 secs] 214148K->66132K(3127232K) icms_dc=0 , 0.0029310 secs] [Times: user=0.01 sys=0.01, real=0.00 secs] 
2283.557: [GC 2283.557: [ParNew: 148272K->244K(166528K), 0.0028330 secs] 214164K->66138K(3127232K) icms_dc=0 , 0.0029490 secs] [Times: user=0.03 sys=0.00, real=0.00 secs] 
2286.235: [GC 2286.235: [ParNew: 148276K->279K(166528K), 0.0025590 secs] 214170K->66174K(3127232K) icms_dc=0 , 0.0026870 secs] [Times: user=0.03 sys=0.00, real=0.01 secs] 
2288.756: [GC 2288.756: [ParNew: 148311K->265K(166528K), 0.0032400 secs] 214206K->66163K(3127232K) icms_dc=0 , 0.0033580 secs] [Times: user=0.02 sys=0.01, real=0.00 secs] 
2291.695: [GC 2291.696: [ParNew: 148297K->235K(166528K), 0.0027350 secs] 214195K->66139K(3127232K) icms_dc=0 , 0.0028680 secs] [Times: user=0.02 sys=0.00, real=0.01 secs] 
2294.294: [GC 2294.294: [ParNew: 148267K->249K(166528K), 0.0029600 secs] 214171K->66160K(3127232K) icms_dc=0 , 0.0030790 secs] [Times: user=0.02 sys=0.00, real=0.01 secs] 
2297.043: [GC 2297.043: [ParNew: 148281K->211K(166528K), 0.0029540 secs] 214192K->66122K(3127232K) icms_dc=0 , 0.0030800 secs] [Times: user=0.01 sys=0.00, real=0.00 secs] 
2299.753: [GC 2299.753: [ParNew: 148243K->258K(166528K), 0.0027320 secs] 214154K->66171K(3127232K) icms_dc=0 , 0.0028560 secs] [Times: user=0.02 sys=0.01, real=0.00 secs] 
2302.632: [GC 2302.632: [ParNew: 148290K->231K(166528K), 0.0022950 secs] 214203K->66156K(3127232K) icms_dc=0 , 0.0024930 secs] [Times: user=0.03 sys=0.00, real=0.00 secs] 
2305.274: [GC 2305.274: [ParNew: 148263K->246K(166528K), 0.0023130 secs] 214188K->66172K(3127232K) icms_dc=0 , 0.0024360 secs] [Times: user=0.01 sys=0.00, real=0.00 secs] 
2308.113: [GC 2308.113: [ParNew: 148278K->268K(166528K), 0.0026650 secs] 214204K->66197K(3127232K) icms_dc=0 , 0.0027870 secs] [Times: user=0.03 sys=0.00, real=0.00 secs] 
2311.011: [GC 2311.011: [ParNew: 148300K->293K(166528K), 0.0023380 secs] 214229K->66231K(3127232K) icms_dc=0 , 0.0024670 secs] [Times: user=0.01 sys=0.00, real=0.00 secs] 
2313.862: [GC 2313.862: [ParNew: 148325K->283K(166528K), 0.0029040 secs] 214263K->66223K(3127232K) icms_dc=0 , 0.0030250 secs] [Times: user=0.02 sys=0.00, real=0.00 secs] 
2316.599: [GC 2316.599: [ParNew: 148315K->219K(166528K), 0.0025830 secs] 214255K->66173K(3127232K) icms_dc=0 , 0.0027080 secs] [Times: user=0.03 sys=0.00, real=0.01 secs] 
2319.326: [GC 2319.326: [ParNew: 148251K->240K(166528K), 0.0022550 secs] 214205K->66204K(3127232K) icms_dc=0 , 0.0024260 secs] [Times: user=0.02 sys=0.00, real=0.00 secs] 
2322.067: [GC 2322.067: [ParNew: 148272K->247K(166528K), 0.0027950 secs] 214236K->66221K(3127232K) icms_dc=0 , 0.0029210 secs] [Times: user=0.01 sys=0.00, real=0.00 secs] 
2324.698: [GC 2324.698: [ParNew: 148279K->237K(166528K), 0.0029880 secs] 214253K->66212K(3127232K) icms_dc=0 , 0.0031090 secs] [Times: user=0.01 sys=0.00, real=0.00 secs] 
2327.596: [GC 2327.597: [ParNew: 148269K->259K(166528K), 0.0028170 secs] 214244K->66234K(3127232K) icms_dc=0 , 0.0029410 secs] [Times: user=0.01 sys=0.00, real=0.00 secs] 
2330.233: [GC 2330.233: [ParNew: 148291K->238K(166528K), 0.0025980 secs] 214266K->66224K(3127232K) icms_dc=0 , 0.0027550 secs] [Times: user=0.01 sys=0.00, real=0.00 secs] 
2332.912: [GC 2332.912: [ParNew: 148270K->243K(166528K), 0.0026620 secs] 214256K->66234K(3127232K) icms_dc=0 , 0.0027940 secs] [Times: user=0.03 sys=0.00, real=0.01 secs] 
2335.527: [GC 2335.527: [ParNew: 148275K->258K(166528K), 0.0025170 secs] 214266K->66251K(3127232K) icms_dc=0 , 0.0026420 secs] [Times: user=0.02 sys=0.00, real=0.00 secs] 
2338.286: [GC 2338.286: [ParNew: 148290K->263K(166528K), 0.0023240 secs] 214283K->66264K(3127232K) icms_dc=0 , 0.0024470 secs] [Times: user=0.02 sys=0.00, real=0.00 secs] 
2341.154: [GC 2341.154: [ParNew: 148295K->208K(166528K), 0.0031190 secs] 214296K->66212K(3127232K) icms_dc=0 , 0.0032480 secs] [Times: user=0.01 sys=0.00, real=0.01 secs] 
2343.868: [GC 2343.868: [ParNew: 148240K->203K(166528K), 0.0024470 secs] 214244K->66208K(3127232K) icms_dc=0 , 0.0025680 secs] [Times: user=0.02 sys=0.00, real=0.00 secs] 
2346.559: [GC 2346.560: [ParNew: 148235K->196K(166528K), 0.0029000 secs] 214240K->66203K(3127232K) icms_dc=0 , 0.0030260 secs] [Times: user=0.02 sys=0.00, real=0.00 secs] 
2349.092: [GC 2349.092: [ParNew: 148228K->224K(166528K), 0.0025650 secs] 214235K->66231K(3127232K) icms_dc=0 , 0.0026920 secs] [Times: user=0.01 sys=0.00, real=0.00 secs] 
2351.671: [GC 2351.671: [ParNew: 148256K->247K(166528K), 0.0028000 secs] 214263K->66255K(3127232K) icms_dc=0 , 0.0029310 secs] [Times: user=0.02 sys=0.00, real=0.00 secs] 
2354.350: [GC 2354.350: [ParNew: 148279K->238K(166528K), 0.0030020 secs] 214287K->66247K(3127232K) icms_dc=0 , 0.0031260 secs] [Times: user=0.01 sys=0.00, real=0.00 secs] 
2357.019: [GC 2357.019: [ParNew: 148270K->227K(166528K), 0.0029200 secs] 214279K->66243K(3127232K) icms_dc=0 , 0.0030490 secs] [Times: user=0.02 sys=0.00, real=0.00 secs] 
2359.719: [GC 2359.719: [ParNew: 148259K->215K(166528K), 0.0024620 secs] 214275K->66233K(3127232K) icms_dc=0 , 0.0025950 secs] [Times: user=0.01 sys=0.00, real=0.00 secs] 
2362.411: [GC 2362.411: [ParNew: 148247K->240K(166528K), 0.0022280 secs] 214265K->66260K(3127232K) icms_dc=0 , 0.0023520 secs] [Times: user=0.02 sys=0.01, real=0.00 secs] 
2365.079: [GC 2365.079: [ParNew: 148272K->248K(166528K), 0.0022490 secs] 214292K->66269K(3127232K) icms_dc=0 , 0.0023740 secs] [Times: user=0.02 sys=0.00, real=0.00 secs] 
2367.924: [GC 2367.924: [ParNew: 148280K->243K(166528K), 0.0028890 secs] 214301K->66266K(3127232K) icms_dc=0 , 0.0030100 secs] [Times: user=0.03 sys=0.00, real=0.00 secs] 
2370.525: [GC 2370.525: [ParNew: 148275K->244K(166528K), 0.0035640 secs] 214298K->66267K(3127232K) icms_dc=0 , 0.0036920 secs] [Times: user=0.01 sys=0.00, real=0.01 secs] 
2373.116: [GC 2373.116: [ParNew: 148276K->222K(166528K), 0.0029010 secs] 214299K->66246K(3127232K) icms_dc=0 , 0.0030250 secs] [Times: user=0.01 sys=0.00, real=0.00 secs] 
2375.879: [GC 2375.879: [ParNew: 148254K->210K(166528K), 0.0026830 secs] 214278K->66236K(3127232K) icms_dc=0 , 0.0028150 secs] [Times: user=0.03 sys=0.01, real=0.00 secs] 
2378.644: [GC 2378.644: [ParNew: 148242K->239K(166528K), 0.0026230 secs] 214268K->66267K(3127232K) icms_dc=0 , 0.0027470 secs] [Times: user=0.03 sys=0.00, real=0.00 secs] 
2381.243: [GC 2381.243: [ParNew: 148271K->190K(166528K), 0.0030520 secs] 214299K->66219K(3127232K) icms_dc=0 , 0.0031770 secs] [Times: user=0.02 sys=0.00, real=0.00 secs] 
2383.937: [GC 2383.937: [ParNew: 148222K->204K(166528K), 0.0023690 secs] 214251K->66235K(3127232K) icms_dc=0 , 0.0024900 secs] [Times: user=0.02 sys=0.00, real=0.00 secs] 
2386.709: [GC 2386.709: [ParNew: 148236K->219K(166528K), 0.0032040 secs] 214267K->66252K(3127232K) icms_dc=0 , 0.0033280 secs] [Times: user=0.02 sys=0.00, real=0.01 secs] 
2389.264: [GC 2389.265: [ParNew: 148251K->256K(166528K), 0.0029040 secs] 214284K->66288K(3127232K) icms_dc=0 , 0.0030270 secs] [Times: user=0.02 sys=0.00, real=0.00 secs] 
2391.779: [GC 2391.779: [ParNew: 148288K->261K(166528K), 0.0025030 secs] 214320K->66296K(3127232K) icms_dc=0 , 0.0026270 secs] [Times: user=0.02 sys=0.00, real=0.00 secs] 
2394.626: [GC 2394.626: [ParNew: 148293K->200K(166528K), 0.0028970 secs] 214328K->66236K(3127232K) icms_dc=0 , 0.0030200 secs] [Times: user=0.01 sys=0.00, real=0.00 secs] 
2397.046: [GC 2397.046: [ParNew: 148232K->214K(166528K), 0.0026770 secs] 214268K->66251K(3127232K) icms_dc=0 , 0.0028060 secs] [Times: user=0.02 sys=0.01, real=0.00 secs] 
2399.500: [GC 2399.500: [ParNew: 148246K->224K(166528K), 0.0030070 secs] 214283K->66261K(3127232K) icms_dc=0 , 0.0031290 secs] [Times: user=0.01 sys=0.00, real=0.01 secs] 
2402.017: [GC 2402.017: [ParNew: 148256K->233K(166528K), 0.0025030 secs] 214293K->66271K(3127232K) icms_dc=0 , 0.0026390 secs] [Times: user=0.02 sys=0.00, real=0.00 secs] 
2404.660: [GC 2404.660: [ParNew: 148265K->227K(166528K), 0.0024010 secs] 214303K->66269K(3127232K) icms_dc=0 , 0.0025260 secs] [Times: user=0.01 sys=0.00, real=0.00 secs] 
2407.320: [GC 2407.320: [ParNew: 148259K->253K(166528K), 0.0023480 secs] 214301K->66301K(3127232K) icms_dc=0 , 0.0024720 secs] [Times: user=0.02 sys=0.00, real=0.00 secs] 
2409.984: [GC 2409.984: [ParNew: 148285K->290K(166528K), 0.0023950 secs] 214333K->66338K(3127232K) icms_dc=0 , 0.0025190 secs] [Times: user=0.01 sys=0.00, real=0.01 secs] 
2412.986: [GC 2412.986: [ParNew: 148322K->250K(166528K), 0.0029360 secs] 214370K->66301K(3127232K) icms_dc=0 , 0.0030600 secs] [Times: user=0.02 sys=0.00, real=0.00 secs] 
2415.513: [GC 2415.513: [ParNew: 148282K->240K(166528K), 0.0031830 secs] 214333K->66296K(3127232K) icms_dc=0 , 0.0033080 secs] [Times: user=0.03 sys=0.00, real=0.01 secs] 
2418.329: [GC 2418.329: [ParNew: 148272K->230K(166528K), 0.0023170 secs] 214328K->66293K(3127232K) icms_dc=0 , 0.0024380 secs] [Times: user=0.01 sys=0.00, real=0.00 secs] 
2420.932: [GC 2420.932: [ParNew: 148262K->277K(166528K), 0.0025470 secs] 214325K->66341K(3127232K) icms_dc=0 , 0.0026740 secs] [Times: user=0.01 sys=0.00, real=0.00 secs] 
2423.770: [GC 2423.770: [ParNew: 148309K->269K(166528K), 0.0018440 secs] 214373K->66335K(3127232K) icms_dc=0 , 0.0019630 secs] [Times: user=0.02 sys=0.00, real=0.00 secs] 
2426.567: [GC 2426.567: [ParNew: 148301K->250K(166528K), 0.0026780 secs] 214367K->66316K(3127232K) icms_dc=0 , 0.0028080 secs] [Times: user=0.02 sys=0.00, real=0.00 secs] 
2429.549: [GC 2429.549: [ParNew: 148282K->262K(166528K), 0.0028310 secs] 214348K->66331K(3127232K) icms_dc=0 , 0.0030300 secs] [Times: user=0.02 sys=0.00, real=0.00 secs] 
2432.294: [GC 2432.294: [ParNew: 148294K->287K(166528K), 0.0032920 secs] 214363K->66356K(3127232K) icms_dc=0 , 0.0034160 secs] [Times: user=0.02 sys=0.00, real=0.00 secs] 
2434.775: [GC 2434.775: [ParNew: 148319K->288K(166528K), 0.0025870 secs] 214388K->66358K(3127232K) icms_dc=0 , 0.0027190 secs] [Times: user=0.01 sys=0.00, real=0.00 secs] 
2437.474: [GC 2437.474: [ParNew: 148320K->276K(166528K), 0.0027010 secs] 214390K->66364K(3127232K) icms_dc=0 , 0.0028230 secs] [Times: user=0.02 sys=0.00, real=0.00 secs] 
2440.321: [GC 2440.321: [ParNew: 148308K->249K(166528K), 0.0027910 secs] 214396K->66346K(3127232K) icms_dc=0 , 0.0029160 secs] [Times: user=0.02 sys=0.00, real=0.00 secs] 
2442.863: [GC 2442.863: [ParNew: 148281K->257K(166528K), 0.0030440 secs] 214378K->66360K(3127232K) icms_dc=0 , 0.0031660 secs] [Times: user=0.02 sys=0.00, real=0.00 secs] 
2445.537: [GC 2445.537: [ParNew: 148289K->259K(166528K), 0.0027600 secs] 214392K->66362K(3127232K) icms_dc=0 , 0.0028830 secs] [Times: user=0.01 sys=0.00, real=0.00 secs] 
2447.818: [GC 2447.818: [ParNew: 148291K->215K(166528K), 0.0026710 secs] 214394K->66321K(3127232K) icms_dc=0 , 0.0027900 secs] [Times: user=0.03 sys=0.00, real=0.01 secs] 
2450.514: [GC 2450.514: [ParNew: 148247K->226K(166528K), 0.0032330 secs] 214353K->66339K(3127232K) icms_dc=0 , 0.0033570 secs] [Times: user=0.03 sys=0.00, real=0.00 secs] 
2453.267: [GC 2453.267: [ParNew: 148258K->242K(166528K), 0.0027600 secs] 214371K->66356K(3127232K) icms_dc=0 , 0.0028850 secs] [Times: user=0.02 sys=0.00, real=0.00 secs] 
2455.477: [GC 2455.478: [ParNew: 148274K->237K(166528K), 0.0021860 secs] 214388K->66354K(3127232K) icms_dc=0 , 0.0023090 secs] [Times: user=0.02 sys=0.00, real=0.00 secs] 
2458.079: [GC 2458.079: [ParNew: 148269K->246K(166528K), 0.0025920 secs] 214386K->66365K(3127232K) icms_dc=0 , 0.0027190 secs] [Times: user=0.01 sys=0.00, real=0.00 secs] 
2460.642: [GC 2460.642: [ParNew: 148278K->239K(166528K), 0.0026350 secs] 214397K->66361K(3127232K) icms_dc=0 , 0.0027620 secs] [Times: user=0.02 sys=0.00, real=0.00 secs] 
2463.422: [GC 2463.422: [ParNew: 148271K->234K(166528K), 0.0031420 secs] 214393K->66357K(3127232K) icms_dc=0 , 0.0032640 secs] [Times: user=0.02 sys=0.00, real=0.00 secs] 
2466.210: [GC 2466.211: [ParNew: 148266K->203K(166528K), 0.0027640 secs] 214389K->66327K(3127232K) icms_dc=0 , 0.0028890 secs] [Times: user=0.01 sys=0.00, real=0.01 secs] 
2468.893: [GC 2468.893: [ParNew: 148235K->236K(166528K), 0.0023880 secs] 214359K->66362K(3127232K) icms_dc=0 , 0.0025060 secs] [Times: user=0.02 sys=0.00, real=0.00 secs] 
2471.752: [GC 2471.753: [ParNew: 148268K->212K(166528K), 0.0025800 secs] 214394K->66340K(3127232K) icms_dc=0 , 0.0027050 secs] [Times: user=0.02 sys=0.00, real=0.01 secs] 
2474.508: [GC 2474.508: [ParNew: 148244K->233K(166528K), 0.0023390 secs] 214372K->66361K(3127232K) icms_dc=0 , 0.0024580 secs] [Times: user=0.01 sys=0.00, real=0.00 secs] 
2477.214: [GC 2477.214: [ParNew: 148265K->242K(166528K), 0.0026800 secs] 214393K->66370K(3127232K) icms_dc=0 , 0.0028040 secs] [Times: user=0.02 sys=0.00, real=0.01 secs] 
2479.882: [GC 2479.882: [ParNew: 148274K->239K(166528K), 0.0025210 secs] 214402K->66369K(3127232K) icms_dc=0 , 0.0026430 secs] [Times: user=0.02 sys=0.00, real=0.00 secs] 
2482.540: [GC 2482.540: [ParNew: 148271K->228K(166528K), 0.0025110 secs] 214401K->66361K(3127232K) icms_dc=0 , 0.0026330 secs] [Times: user=0.02 sys=0.00, real=0.00 secs] 
2485.197: [GC 2485.197: [ParNew: 148260K->216K(166528K), 0.0021510 secs] 214393K->66350K(3127232K) icms_dc=0 , 0.0022750 secs] [Times: user=0.02 sys=0.00, real=0.00 secs] 
2488.090: [GC 2488.090: [ParNew: 148248K->241K(166528K), 0.0033280 secs] 214382K->66376K(3127232K) icms_dc=0 , 0.0034520 secs] [Times: user=0.03 sys=0.00, real=0.00 secs] 
2490.648: [GC 2490.648: [ParNew: 148273K->235K(166528K), 0.0028520 secs] 214408K->66376K(3127232K) icms_dc=0 , 0.0029780 secs] [Times: user=0.02 sys=0.00, real=0.00 secs] 
2493.251: [GC 2493.251: [ParNew: 148267K->231K(166528K), 0.0027280 secs] 214408K->66374K(3127232K) icms_dc=0 , 0.0028600 secs] [Times: user=0.01 sys=0.00, real=0.00 secs] 
2495.523: [GC 2495.523: [ParNew: 148263K->223K(166528K), 0.0029650 secs] 214406K->66371K(3127232K) icms_dc=0 , 0.0030870 secs] [Times: user=0.02 sys=0.00, real=0.00 secs] 
2498.013: [GC 2498.014: [ParNew: 148255K->225K(166528K), 0.0021350 secs] 214403K->66373K(3127232K) icms_dc=0 , 0.0022530 secs] [Times: user=0.02 sys=0.00, real=0.00 secs] 
2500.573: [GC 2500.573: [ParNew: 148257K->221K(166528K), 0.0023720 secs] 214405K->66370K(3127232K) icms_dc=0 , 0.0024940 secs] [Times: user=0.01 sys=0.00, real=0.00 secs] 
2503.474: [GC 2503.474: [ParNew: 148253K->242K(166528K), 0.0026120 secs] 214402K->66391K(3127232K) icms_dc=0 , 0.0027360 secs] [Times: user=0.02 sys=0.00, real=0.00 secs] 
2506.268: [GC 2506.268: [ParNew: 148274K->209K(166528K), 0.0025660 secs] 214423K->66358K(3127232K) icms_dc=0 , 0.0026920 secs] [Times: user=0.02 sys=0.00, real=0.01 secs] 
2508.689: [GC 2508.689: [ParNew: 148241K->245K(166528K), 0.0021920 secs] 214390K->66395K(3127232K) icms_dc=0 , 0.0023110 secs] [Times: user=0.02 sys=0.00, real=0.00 secs] 
2511.083: [GC 2511.083: [ParNew: 148277K->254K(166528K), 0.0027730 secs] 214427K->66406K(3127232K) icms_dc=0 , 0.0029130 secs] [Times: user=0.02 sys=0.00, real=0.00 secs] 
2513.674: [GC 2513.674: [ParNew: 148286K->250K(166528K), 0.0025560 secs] 214438K->66402K(3127232K) icms_dc=0 , 0.0026760 secs] [Times: user=0.02 sys=0.00, real=0.00 secs] 
2516.171: [GC 2516.172: [ParNew: 148282K->216K(166528K), 0.0025510 secs] 214434K->66369K(3127232K) icms_dc=0 , 0.0026780 secs] [Times: user=0.02 sys=0.01, real=0.00 secs] 
2518.960: [GC 2518.960: [ParNew: 148248K->298K(166528K), 0.0028330 secs] 214401K->66451K(3127232K) icms_dc=0 , 0.0030010 secs] [Times: user=0.03 sys=0.00, real=0.01 secs] 
2521.638: [GC 2521.638: [ParNew: 148330K->276K(166528K), 0.0026400 secs] 214483K->66432K(3127232K) icms_dc=0 , 0.0027680 secs] [Times: user=0.01 sys=0.00, real=0.00 secs] 
2524.367: [GC 2524.367: [ParNew: 148308K->261K(166528K), 0.0025620 secs] 214464K->66424K(3127232K) icms_dc=0 , 0.0026860 secs] [Times: user=0.03 sys=0.00, real=0.00 secs] 
2526.923: [GC 2526.923: [ParNew: 148293K->235K(166528K), 0.0027560 secs] 214456K->66400K(3127232K) icms_dc=0 , 0.0028860 secs] [Times: user=0.03 sys=0.01, real=0.00 secs] 
2529.482: [GC 2529.482: [ParNew: 148267K->222K(166528K), 0.0026800 secs] 214432K->66389K(3127232K) icms_dc=0 , 0.0028010 secs] [Times: user=0.01 sys=0.00, real=0.01 secs] 
2532.182: [GC 2532.183: [ParNew: 148254K->204K(166528K), 0.0029630 secs] 214421K->66372K(3127232K) icms_dc=0 , 0.0030860 secs] [Times: user=0.02 sys=0.01, real=0.01 secs] 
2534.783: [GC 2534.783: [ParNew: 148236K->225K(166528K), 0.0023400 secs] 214404K->66394K(3127232K) icms_dc=0 , 0.0024720 secs] [Times: user=0.01 sys=0.00, real=0.00 secs] 
2537.558: [GC 2537.558: [ParNew: 148257K->196K(166528K), 0.0029410 secs] 214426K->66365K(3127232K) icms_dc=0 , 0.0030640 secs] [Times: user=0.02 sys=0.00, real=0.00 secs] 
2540.378: [GC 2540.378: [ParNew: 148228K->235K(166528K), 0.0180050 secs] 214397K->66404K(3127232K) icms_dc=0 , 0.0182060 secs] [Times: user=0.02 sys=0.00, real=0.02 secs] 
2543.110: [GC 2543.110: [ParNew: 148267K->232K(166528K), 0.0030830 secs] 214436K->66402K(3127232K) icms_dc=0 , 0.0032060 secs] [Times: user=0.02 sys=0.01, real=0.00 secs] 
2545.711: [GC 2545.711: [ParNew: 148264K->277K(166528K), 0.0029180 secs] 214434K->66448K(3127232K) icms_dc=0 , 0.0030450 secs] [Times: user=0.02 sys=0.00, real=0.00 secs] 
2548.670: [GC 2548.670: [ParNew: 148309K->272K(166528K), 0.0023940 secs] 214480K->66444K(3127232K) icms_dc=0 , 0.0025200 secs] [Times: user=0.02 sys=0.00, real=0.00 secs] 
2551.388: [GC 2551.388: [ParNew: 148304K->251K(166528K), 0.0026520 secs] 214476K->66434K(3127232K) icms_dc=0 , 0.0027860 secs] [Times: user=0.03 sys=0.00, real=0.00 secs] 
2553.826: [GC 2553.826: [ParNew: 148283K->243K(166528K), 0.0023640 secs] 214466K->66428K(3127232K) icms_dc=0 , 0.0024840 secs] [Times: user=0.03 sys=0.00, real=0.00 secs] 
2556.584: [GC 2556.584: [ParNew: 148275K->238K(166528K), 0.0026590 secs] 214460K->66425K(3127232K) icms_dc=0 , 0.0028370 secs] [Times: user=0.01 sys=0.00, real=0.00 secs] 
2559.212: [GC 2559.212: [ParNew: 148270K->205K(166528K), 0.0026970 secs] 214457K->66399K(3127232K) icms_dc=0 , 0.0028210 secs] [Times: user=0.03 sys=0.01, real=0.00 secs] 
2561.859: [GC 2561.859: [ParNew: 148237K->220K(166528K), 0.0027790 secs] 214431K->66418K(3127232K) icms_dc=0 , 0.0029130 secs] [Times: user=0.02 sys=0.00, real=0.00 secs] 
2564.284: [GC 2564.284: [ParNew: 148252K->233K(166528K), 0.0029280 secs] 214450K->66435K(3127232K) icms_dc=0 , 0.0030500 secs] [Times: user=0.03 sys=0.00, real=0.00 secs] 
2566.861: [GC 2566.861: [ParNew: 148265K->264K(166528K), 0.0022920 secs] 214467K->66466K(3127232K) icms_dc=0 , 0.0024190 secs] [Times: user=0.01 sys=0.00, real=0.00 secs] 
2569.532: [GC 2569.532: [ParNew: 148296K->244K(166528K), 0.0022280 secs] 214498K->66447K(3127232K) icms_dc=0 , 0.0023890 secs] [Times: user=0.01 sys=0.00, real=0.00 secs] 
2572.213: [GC 2572.213: [ParNew: 148276K->257K(166528K), 0.0027790 secs] 214479K->66464K(3127232K) icms_dc=0 , 0.0029050 secs] [Times: user=0.01 sys=0.00, real=0.00 secs] 
2574.755: [GC 2574.756: [ParNew: 148289K->236K(166528K), 0.0031940 secs] 214496K->66445K(3127232K) icms_dc=0 , 0.0033210 secs] [Times: user=0.02 sys=0.00, real=0.01 secs] 
2577.455: [GC 2577.455: [ParNew: 148268K->194K(166528K), 0.0025760 secs] 214477K->66405K(3127232K) icms_dc=0 , 0.0026980 secs] [Times: user=0.02 sys=0.00, real=0.00 secs] 
2580.172: [GC 2580.172: [ParNew: 148226K->236K(166528K), 0.0025320 secs] 214437K->66446K(3127232K) icms_dc=0 , 0.0026600 secs] [Times: user=0.03 sys=0.00, real=0.00 secs] 
2582.663: [GC 2582.663: [ParNew: 148268K->270K(166528K), 0.0025720 secs] 214478K->66481K(3127232K) icms_dc=0 , 0.0026980 secs] [Times: user=0.02 sys=0.00, real=0.00 secs] 
2585.227: [GC 2585.228: [ParNew: 148302K->297K(166528K), 0.0026200 secs] 214513K->66508K(3127232K) icms_dc=0 , 0.0027480 secs] [Times: user=0.02 sys=0.00, real=0.00 secs] 
2587.877: [GC 2587.877: [ParNew: 148329K->291K(166528K), 0.0031610 secs] 214540K->66504K(3127232K) icms_dc=0 , 0.0032880 secs] [Times: user=0.02 sys=0.00, real=0.00 secs] 
2590.699: [GC 2590.699: [ParNew: 148323K->255K(166528K), 0.0025170 secs] 214536K->66473K(3127232K) icms_dc=0 , 0.0026440 secs] [Times: user=0.02 sys=0.00, real=0.00 secs] 
2593.226: [GC 2593.226: [ParNew: 148287K->255K(166528K), 0.0026160 secs] 214505K->66483K(3127232K) icms_dc=0 , 0.0027410 secs] [Times: user=0.03 sys=0.00, real=0.00 secs] 
2596.024: [GC 2596.025: [ParNew: 148287K->279K(166528K), 0.0024200 secs] 214515K->66516K(3127232K) icms_dc=0 , 0.0025480 secs] [Times: user=0.01 sys=0.00, real=0.00 secs] 
2598.711: [GC 2598.711: [ParNew: 148311K->217K(166528K), 0.0031230 secs] 214548K->66454K(3127232K) icms_dc=0 , 0.0032470 secs] [Times: user=0.02 sys=0.01, real=0.01 secs] 
2601.406: [GC 2601.406: [ParNew: 148249K->221K(166528K), 0.0026940 secs] 214486K->66462K(3127232K) icms_dc=0 , 0.0028230 secs] [Times: user=0.01 sys=0.00, real=0.00 secs] 
2603.918: [GC 2603.919: [ParNew: 148253K->244K(166528K), 0.0024260 secs] 214494K->66492K(3127232K) icms_dc=0 , 0.0025470 secs] [Times: user=0.02 sys=0.00, real=0.00 secs] 
2606.834: [GC 2606.834: [ParNew: 148276K->244K(166528K), 0.0024260 secs] 214524K->66494K(3127232K) icms_dc=0 , 0.0025540 secs] [Times: user=0.03 sys=0.00, real=0.00 secs] 
2609.790: [GC 2609.791: [ParNew: 148276K->238K(166528K), 0.0029400 secs] 214526K->66493K(3127232K) icms_dc=0 , 0.0030650 secs] [Times: user=0.02 sys=0.00, real=0.00 secs] 
2612.554: [GC 2612.554: [ParNew: 148270K->297K(166528K), 0.0022480 secs] 214525K->66553K(3127232K) icms_dc=0 , 0.0023740 secs] [Times: user=0.02 sys=0.00, real=0.01 secs] 
2615.406: [GC 2615.406: [ParNew: 148329K->331K(166528K), 0.0025230 secs] 214585K->66591K(3127232K) icms_dc=0 , 0.0026520 secs] [Times: user=0.03 sys=0.00, real=0.00 secs] 
2618.057: [GC 2618.057: [ParNew: 148363K->295K(166528K), 0.0026200 secs] 214623K->66573K(3127232K) icms_dc=0 , 0.0027440 secs] [Times: user=0.01 sys=0.00, real=0.00 secs] 
2620.697: [GC 2620.697: [ParNew: 148327K->203K(166528K), 0.0027050 secs] 214605K->66482K(3127232K) icms_dc=0 , 0.0028490 secs] [Times: user=0.02 sys=0.00, real=0.00 secs] 
2623.172: [GC 2623.172: [ParNew: 148235K->217K(166528K), 0.0027160 secs] 214514K->66497K(3127232K) icms_dc=0 , 0.0028390 secs] [Times: user=0.02 sys=0.00, real=0.00 secs] 
2625.786: [GC 2625.786: [ParNew: 148249K->237K(166528K), 0.0029280 secs] 214529K->66520K(3127232K) icms_dc=0 , 0.0030530 secs] [Times: user=0.02 sys=0.01, real=0.01 secs] 
2628.318: [GC 2628.318: [ParNew: 148269K->202K(166528K), 0.0031400 secs] 214552K->66486K(3127232K) icms_dc=0 , 0.0032650 secs] [Times: user=0.01 sys=0.00, real=0.00 secs] 
2630.723: [GC 2630.723: [ParNew: 148234K->200K(166528K), 0.0024900 secs] 214518K->66484K(3127232K) icms_dc=0 , 0.0026400 secs] [Times: user=0.02 sys=0.00, real=0.00 secs] 
2633.383: [GC 2633.383: [ParNew: 148232K->210K(166528K), 0.0022270 secs] 214516K->66494K(3127232K) icms_dc=0 , 0.0023530 secs] [Times: user=0.02 sys=0.00, real=0.00 secs] 
2635.945: [GC 2635.945: [ParNew: 148242K->220K(166528K), 0.0030820 secs] 214526K->66505K(3127232K) icms_dc=0 , 0.0032190 secs] [Times: user=0.02 sys=0.00, real=0.00 secs] 
2638.484: [GC 2638.484: [ParNew: 148252K->240K(166528K), 0.0030350 secs] 214537K->66525K(3127232K) icms_dc=0 , 0.0031550 secs] [Times: user=0.01 sys=0.01, real=0.00 secs] 
2641.452: [GC 2641.452: [ParNew: 148272K->223K(166528K), 0.0027380 secs] 214557K->66508K(3127232K) icms_dc=0 , 0.0028630 secs] [Times: user=0.02 sys=0.00, real=0.00 secs] 
2643.969: [GC 2643.969: [ParNew: 148255K->233K(166528K), 0.0024630 secs] 214540K->66525K(3127232K) icms_dc=0 , 0.0025860 secs] [Times: user=0.02 sys=0.00, real=0.01 secs] 
2646.525: [GC 2646.525: [ParNew: 148265K->218K(166528K), 0.0029070 secs] 214557K->66518K(3127232K) icms_dc=0 , 0.0030360 secs] [Times: user=0.03 sys=0.00, real=0.00 secs] 
2649.100: [GC 2649.100: [ParNew: 148250K->229K(166528K), 0.0026990 secs] 214550K->66529K(3127232K) icms_dc=0 , 0.0028230 secs] [Times: user=0.02 sys=0.00, real=0.01 secs] 
2651.786: [GC 2651.786: [ParNew: 148261K->222K(166528K), 0.0029340 secs] 214561K->66523K(3127232K) icms_dc=0 , 0.0030650 secs] [Times: user=0.03 sys=0.00, real=0.00 secs] 
2654.443: [GC 2654.444: [ParNew: 148254K->243K(166528K), 0.0031350 secs] 214555K->66544K(3127232K) icms_dc=0 , 0.0032600 secs] [Times: user=0.02 sys=0.00, real=0.00 secs] 
2657.072: [GC 2657.072: [ParNew: 148275K->246K(166528K), 0.0027180 secs] 214576K->66548K(3127232K) icms_dc=0 , 0.0028450 secs] [Times: user=0.01 sys=0.00, real=0.00 secs] 
2659.955: [GC 2659.956: [ParNew: 148278K->233K(166528K), 0.0028490 secs] 214580K->66540K(3127232K) icms_dc=0 , 0.0029710 secs] [Times: user=0.01 sys=0.00, real=0.00 secs] 
2662.710: [GC 2662.710: [ParNew: 148265K->241K(166528K), 0.0030310 secs] 214572K->66550K(3127232K) icms_dc=0 , 0.0031640 secs] [Times: user=0.02 sys=0.00, real=0.01 secs] 
2665.081: [GC 2665.081: [ParNew: 148273K->209K(166528K), 0.0029960 secs] 214582K->66518K(3127232K) icms_dc=0 , 0.0031240 secs] [Times: user=0.02 sys=0.01, real=0.01 secs] 
2667.659: [GC 2667.659: [ParNew: 148241K->242K(166528K), 0.0021030 secs] 214550K->66551K(3127232K) icms_dc=0 , 0.0022290 secs] [Times: user=0.02 sys=0.00, real=0.00 secs] 
2670.217: [GC 2670.217: [ParNew: 148274K->228K(166528K), 0.0027950 secs] 214583K->66540K(3127232K) icms_dc=0 , 0.0029180 secs] [Times: user=0.03 sys=0.00, real=0.00 secs] 
2672.960: [GC 2672.960: [ParNew: 148260K->250K(166528K), 0.0023980 secs] 214572K->66572K(3127232K) icms_dc=0 , 0.0025230 secs] [Times: user=0.02 sys=0.00, real=0.00 secs] 
2675.791: [GC 2675.791: [ParNew: 148282K->260K(166528K), 0.0023120 secs] 214604K->66583K(3127232K) icms_dc=0 , 0.0024370 secs] [Times: user=0.02 sys=0.00, real=0.00 secs] 
2678.601: [GC 2678.601: [ParNew: 148292K->249K(166528K), 0.0028810 secs] 214615K->66575K(3127232K) icms_dc=0 , 0.0030020 secs] [Times: user=0.01 sys=0.00, real=0.00 secs] 
2681.578: [GC 2681.578: [ParNew: 148281K->252K(166528K), 0.0021340 secs] 214607K->66579K(3127232K) icms_dc=0 , 0.0022650 secs] [Times: user=0.02 sys=0.00, real=0.00 secs] 
2684.414: [GC 2684.414: [ParNew: 148284K->227K(166528K), 0.0028050 secs] 214611K->66555K(3127232K) icms_dc=0 , 0.0029370 secs] [Times: user=0.01 sys=0.00, real=0.01 secs] 
2686.906: [GC 2686.906: [ParNew: 148259K->204K(166528K), 0.0028980 secs] 214587K->66533K(3127232K) icms_dc=0 , 0.0030200 secs] [Times: user=0.02 sys=0.00, real=0.00 secs] 
2689.506: [GC 2689.506: [ParNew: 148236K->209K(166528K), 0.0022710 secs] 214565K->66539K(3127232K) icms_dc=0 , 0.0023920 secs] [Times: user=0.02 sys=0.01, real=0.01 secs] 
2692.176: [GC 2692.176: [ParNew: 148241K->194K(166528K), 0.0019360 secs] 214571K->66527K(3127232K) icms_dc=0 , 0.0020650 secs] [Times: user=0.02 sys=0.00, real=0.01 secs] 
2694.979: [GC 2694.979: [ParNew: 148226K->244K(166528K), 0.0026780 secs] 214559K->66576K(3127232K) icms_dc=0 , 0.0027990 secs] [Times: user=0.02 sys=0.00, real=0.00 secs] 
2697.579: [GC 2697.579: [ParNew: 148276K->215K(166528K), 0.0028370 secs] 214608K->66548K(3127232K) icms_dc=0 , 0.0029840 secs] [Times: user=0.02 sys=0.00, real=0.00 secs] 
2700.330: [GC 2700.330: [ParNew: 148247K->234K(166528K), 0.0024880 secs] 214580K->66567K(3127232K) icms_dc=0 , 0.0026260 secs] [Times: user=0.01 sys=0.00, real=0.00 secs] 
2702.998: [GC 2702.998: [ParNew: 148266K->243K(166528K), 0.0027680 secs] 214599K->66580K(3127232K) icms_dc=0 , 0.0028940 secs] [Times: user=0.02 sys=0.00, real=0.01 secs] 
2705.814: [GC 2705.814: [ParNew: 148275K->243K(166528K), 0.0032000 secs] 214612K->66588K(3127232K) icms_dc=0 , 0.0033270 secs] [Times: user=0.03 sys=0.00, real=0.00 secs] 
2708.596: [GC 2708.596: [ParNew: 148275K->252K(166528K), 0.0034850 secs] 214620K->66597K(3127232K) icms_dc=0 , 0.0036060 secs] [Times: user=0.02 sys=0.00, real=0.01 secs] 
2711.291: [GC 2711.291: [ParNew: 148284K->267K(166528K), 0.0033890 secs] 214629K->66614K(3127232K) icms_dc=0 , 0.0035170 secs] [Times: user=0.01 sys=0.00, real=0.00 secs] 
2713.927: [GC 2713.927: [ParNew: 148299K->261K(166528K), 0.0022740 secs] 214646K->66611K(3127232K) icms_dc=0 , 0.0023990 secs] [Times: user=0.02 sys=0.00, real=0.00 secs] 
2716.587: [GC 2716.587: [ParNew: 148293K->243K(166528K), 0.0023210 secs] 214643K->66595K(3127232K) icms_dc=0 , 0.0024510 secs] [Times: user=0.03 sys=0.00, real=0.00 secs] 
2719.125: [GC 2719.126: [ParNew: 148275K->226K(166528K), 0.0028390 secs] 214627K->66582K(3127232K) icms_dc=0 , 0.0029610 secs] [Times: user=0.02 sys=0.00, real=0.00 secs] 
2721.729: [GC 2721.729: [ParNew: 148258K->226K(166528K), 0.0028750 secs] 214614K->66584K(3127232K) icms_dc=0 , 0.0030020 secs] [Times: user=0.01 sys=0.00, real=0.01 secs] 
2724.360: [GC 2724.360: [ParNew: 148258K->245K(166528K), 0.0027130 secs] 214616K->66603K(3127232K) icms_dc=0 , 0.0028320 secs] [Times: user=0.02 sys=0.00, real=0.01 secs] 
2726.778: [GC 2726.778: [ParNew: 148277K->297K(166528K), 0.0031370 secs] 214635K->66657K(3127232K) icms_dc=0 , 0.0032640 secs] [Times: user=0.03 sys=0.00, real=0.00 secs] 
2729.135: [GC 2729.136: [ParNew: 148329K->232K(166528K), 0.0026160 secs] 214689K->66592K(3127232K) icms_dc=0 , 0.0027370 secs] [Times: user=0.02 sys=0.01, real=0.00 secs] 
2731.774: [GC 2731.774: [ParNew: 148264K->223K(166528K), 0.0029780 secs] 214624K->66583K(3127232K) icms_dc=0 , 0.0031020 secs] [Times: user=0.02 sys=0.00, real=0.00 secs] 
2734.686: [GC 2734.686: [ParNew: 148255K->291K(166528K), 0.0029480 secs] 214615K->66654K(3127232K) icms_dc=0 , 0.0030700 secs] [Times: user=0.01 sys=0.00, real=0.00 secs] 
2737.827: [GC 2737.827: [ParNew: 148323K->281K(166528K), 0.0024980 secs] 214686K->66651K(3127232K) icms_dc=0 , 0.0026200 secs] [Times: user=0.02 sys=0.00, real=0.00 secs] 
2740.394: [GC 2740.394: [ParNew: 148313K->215K(166528K), 0.0027230 secs] 214683K->66591K(3127232K) icms_dc=0 , 0.0028490 secs] [Times: user=0.01 sys=0.00, real=0.01 secs] 
2742.858: [GC 2742.858: [ParNew: 148247K->217K(166528K), 0.0029600 secs] 214623K->66593K(3127232K) icms_dc=0 , 0.0030800 secs] [Times: user=0.02 sys=0.00, real=0.00 secs] 
2745.494: [GC 2745.494: [ParNew: 148249K->250K(166528K), 0.0026220 secs] 214625K->66627K(3127232K) icms_dc=0 , 0.0027600 secs] [Times: user=0.02 sys=0.00, real=0.01 secs] 
2748.230: [GC 2748.230: [ParNew: 148282K->247K(166528K), 0.0028520 secs] 214659K->66625K(3127232K) icms_dc=0 , 0.0029720 secs] [Times: user=0.02 sys=0.00, real=0.00 secs] 
2751.220: [GC 2751.220: [ParNew: 148279K->205K(166528K), 0.0028850 secs] 214657K->66583K(3127232K) icms_dc=0 , 0.0030130 secs] [Times: user=0.01 sys=0.00, real=0.00 secs] 
2754.129: [GC 2754.129: [ParNew: 148237K->223K(166528K), 0.0023350 secs] 214615K->66602K(3127232K) icms_dc=0 , 0.0024640 secs] [Times: user=0.01 sys=0.00, real=0.00 secs] 
2756.891: [GC 2756.891: [ParNew: 148255K->230K(166528K), 0.0028810 secs] 214634K->66611K(3127232K) icms_dc=0 , 0.0030050 secs] [Times: user=0.02 sys=0.01, real=0.00 secs] 
2759.575: [GC 2759.575: [ParNew: 148262K->251K(166528K), 0.0028790 secs] 214643K->66633K(3127232K) icms_dc=0 , 0.0029970 secs] [Times: user=0.02 sys=0.01, real=0.01 secs] 
2762.193: [GC 2762.193: [ParNew: 148283K->269K(166528K), 0.0023940 secs] 214665K->66653K(3127232K) icms_dc=0 , 0.0025180 secs] [Times: user=0.02 sys=0.00, real=0.00 secs] 
2765.038: [GC 2765.038: [ParNew: 148301K->238K(166528K), 0.0033360 secs] 214685K->66623K(3127232K) icms_dc=0 , 0.0034640 secs] [Times: user=0.02 sys=0.00, real=0.00 secs] 
2767.560: [GC 2767.561: [ParNew: 148270K->246K(166528K), 0.0027310 secs] 214655K->66632K(3127232K) icms_dc=0 , 0.0028520 secs] [Times: user=0.02 sys=0.00, real=0.00 secs] 
2770.239: [GC 2770.239: [ParNew: 148278K->220K(166528K), 0.0027390 secs] 214664K->66607K(3127232K) icms_dc=0 , 0.0028720 secs] [Times: user=0.02 sys=0.00, real=0.00 secs] 
2772.737: [GC 2772.737: [ParNew: 148252K->219K(166528K), 0.0025130 secs] 214639K->66606K(3127232K) icms_dc=0 , 0.0026410 secs] [Times: user=0.03 sys=0.01, real=0.01 secs] 
2775.428: [GC 2775.428: [ParNew: 148251K->238K(166528K), 0.0030680 secs] 214638K->66625K(3127232K) icms_dc=0 , 0.0031910 secs] [Times: user=0.01 sys=0.00, real=0.01 secs] 
2778.197: [GC 2778.197: [ParNew: 148270K->203K(166528K), 0.0024930 secs] 214657K->66591K(3127232K) icms_dc=0 , 0.0026130 secs] [Times: user=0.02 sys=0.00, real=0.01 secs] 
2780.917: [GC 2780.917: [ParNew: 148235K->233K(166528K), 0.0026620 secs] 214623K->66622K(3127232K) icms_dc=0 , 0.0027900 secs] [Times: user=0.03 sys=0.00, real=0.00 secs] 
2783.532: [GC 2783.533: [ParNew: 148265K->238K(166528K), 0.0034150 secs] 214654K->66628K(3127232K) icms_dc=0 , 0.0035350 secs] [Times: user=0.03 sys=0.00, real=0.00 secs] 
2786.430: [GC 2786.430: [ParNew: 148270K->240K(166528K), 0.0027220 secs] 214660K->66630K(3127232K) icms_dc=0 , 0.0028470 secs] [Times: user=0.01 sys=0.00, real=0.01 secs] 
2789.065: [GC 2789.065: [ParNew: 148272K->232K(166528K), 0.0025890 secs] 214662K->66623K(3127232K) icms_dc=0 , 0.0027370 secs] [Times: user=0.02 sys=0.00, real=0.00 secs] 
2791.752: [GC 2791.752: [ParNew: 148264K->221K(166528K), 0.0028850 secs] 214655K->66613K(3127232K) icms_dc=0 , 0.0030110 secs] [Times: user=0.03 sys=0.00, real=0.00 secs] 
2794.343: [GC 2794.343: [ParNew: 148253K->220K(166528K), 0.0033440 secs] 214645K->66613K(3127232K) icms_dc=0 , 0.0034680 secs] [Times: user=0.02 sys=0.00, real=0.00 secs] 
2797.019: [GC 2797.019: [ParNew: 148252K->241K(166528K), 0.0022580 secs] 214645K->66641K(3127232K) icms_dc=0 , 0.0023820 secs] [Times: user=0.01 sys=0.00, real=0.00 secs] 
2799.669: [GC 2799.669: [ParNew: 148273K->260K(166528K), 0.0023720 secs] 214673K->66660K(3127232K) icms_dc=0 , 0.0024950 secs] [Times: user=0.01 sys=0.01, real=0.00 secs] 
2802.157: [GC 2802.157: [ParNew: 148292K->247K(166528K), 0.0023290 secs] 214692K->66648K(3127232K) icms_dc=0 , 0.0024530 secs] [Times: user=0.01 sys=0.00, real=0.00 secs] 
2804.845: [GC 2804.845: [ParNew: 148279K->226K(166528K), 0.0031210 secs] 214680K->66627K(3127232K) icms_dc=0 , 0.0032430 secs] [Times: user=0.02 sys=0.00, real=0.00 secs] 
2807.444: [GC 2807.444: [ParNew: 148258K->243K(166528K), 0.0024280 secs] 214659K->66658K(3127232K) icms_dc=0 , 0.0025510 secs] [Times: user=0.03 sys=0.00, real=0.01 secs] 
2809.828: [GC 2809.829: [ParNew: 148275K->239K(166528K), 0.0023060 secs] 214690K->66659K(3127232K) icms_dc=0 , 0.0024300 secs] [Times: user=0.01 sys=0.00, real=0.00 secs] 
2812.413: [GC 2812.413: [ParNew: 148271K->256K(166528K), 0.0024630 secs] 214691K->66680K(3127232K) icms_dc=0 , 0.0025820 secs] [Times: user=0.02 sys=0.00, real=0.01 secs] 
2815.255: [GC 2815.255: [ParNew: 148288K->249K(166528K), 0.0030850 secs] 214712K->66681K(3127232K) icms_dc=0 , 0.0032070 secs] [Times: user=0.02 sys=0.00, real=0.01 secs] 
2818.029: [GC 2818.029: [ParNew: 148281K->232K(166528K), 0.0027990 secs] 214713K->66663K(3127232K) icms_dc=0 , 0.0029150 secs] [Times: user=0.02 sys=0.00, real=0.00 secs] 
2820.761: [GC 2820.761: [ParNew: 148264K->250K(166528K), 0.0027320 secs] 214695K->66684K(3127232K) icms_dc=0 , 0.0028680 secs] [Times: user=0.01 sys=0.00, real=0.00 secs] 
2823.394: [GC 2823.394: [ParNew: 148282K->212K(166528K), 0.0022490 secs] 214716K->66648K(3127232K) icms_dc=0 , 0.0023740 secs] [Times: user=0.02 sys=0.00, real=0.01 secs] 
2826.194: [GC 2826.194: [ParNew: 148244K->221K(166528K), 0.0027160 secs] 214680K->66658K(3127232K) icms_dc=0 , 0.0029220 secs] [Times: user=0.02 sys=0.00, real=0.00 secs] 
2828.999: [GC 2828.999: [ParNew: 148253K->236K(166528K), 0.0028490 secs] 214690K->66674K(3127232K) icms_dc=0 , 0.0029680 secs] [Times: user=0.02 sys=0.00, real=0.00 secs] 
2831.713: [GC 2831.713: [ParNew: 148268K->238K(166528K), 0.0025340 secs] 214706K->66677K(3127232K) icms_dc=0 , 0.0026600 secs] [Times: user=0.02 sys=0.00, real=0.00 secs] 
2834.312: [GC 2834.312: [ParNew: 148270K->248K(166528K), 0.0027150 secs] 214709K->66687K(3127232K) icms_dc=0 , 0.0028350 secs] [Times: user=0.02 sys=0.00, real=0.00 secs] 
2837.018: [GC 2837.018: [ParNew: 148280K->258K(166528K), 0.0026940 secs] 214719K->66698K(3127232K) icms_dc=0 , 0.0028300 secs] [Times: user=0.02 sys=0.00, real=0.01 secs] 
2839.815: [GC 2839.816: [ParNew: 148290K->255K(166528K), 0.0036430 secs] 214730K->66696K(3127232K) icms_dc=0 , 0.0037650 secs] [Times: user=0.03 sys=0.00, real=0.00 secs] 
2842.436: [GC 2842.436: [ParNew: 148287K->267K(166528K), 0.0030490 secs] 214728K->66709K(3127232K) icms_dc=0 , 0.0031700 secs] [Times: user=0.01 sys=0.00, real=0.00 secs] 
2845.075: [GC 2845.075: [ParNew: 148299K->219K(166528K), 0.0028560 secs] 214741K->66661K(3127232K) icms_dc=0 , 0.0029800 secs] [Times: user=0.03 sys=0.00, real=0.00 secs] 
2847.834: [GC 2847.834: [ParNew: 148251K->256K(166528K), 0.0026620 secs] 214693K->66706K(3127232K) icms_dc=0 , 0.0028620 secs] [Times: user=0.03 sys=0.00, real=0.00 secs] 
2850.291: [GC 2850.291: [ParNew: 148288K->278K(166528K), 0.0033190 secs] 214738K->66729K(3127232K) icms_dc=0 , 0.0034460 secs] [Times: user=0.02 sys=0.00, real=0.00 secs] 
2852.992: [GC 2852.992: [ParNew: 148310K->282K(166528K), 0.0027950 secs] 214761K->66735K(3127232K) icms_dc=0 , 0.0029250 secs] [Times: user=0.03 sys=0.00, real=0.00 secs] 
2855.857: [GC 2855.857: [ParNew: 148314K->235K(166528K), 0.0022670 secs] 214767K->66689K(3127232K) icms_dc=0 , 0.0023920 secs] [Times: user=0.02 sys=0.00, real=0.00 secs] 
2858.500: [GC 2858.500: [ParNew: 148267K->267K(166528K), 0.0029610 secs] 214721K->66733K(3127232K) icms_dc=0 , 0.0030810 secs] [Times: user=0.02 sys=0.00, real=0.01 secs] 
2861.067: [GC 2861.067: [ParNew: 148299K->250K(166528K), 0.0027860 secs] 214765K->66717K(3127232K) icms_dc=0 , 0.0029100 secs] [Times: user=0.02 sys=0.00, real=0.00 secs] 
2863.604: [GC 2863.604: [ParNew: 148282K->290K(166528K), 0.0025630 secs] 214749K->66764K(3127232K) icms_dc=0 , 0.0026820 secs] [Times: user=0.03 sys=0.00, real=0.00 secs] 
2866.424: [GC 2866.424: [ParNew: 148322K->233K(166528K), 0.0029420 secs] 214796K->66708K(3127232K) icms_dc=0 , 0.0030680 secs] [Times: user=0.01 sys=0.00, real=0.00 secs] 
2869.247: [GC 2869.247: [ParNew: 148265K->261K(166528K), 0.0025460 secs] 214740K->66736K(3127232K) icms_dc=0 , 0.0026750 secs] [Times: user=0.01 sys=0.01, real=0.00 secs] 
2871.895: [GC 2871.895: [ParNew: 148293K->255K(166528K), 0.0032700 secs] 214768K->66731K(3127232K) icms_dc=0 , 0.0034030 secs] [Times: user=0.03 sys=0.00, real=0.00 secs] 
2874.693: [GC 2874.693: [ParNew: 148287K->209K(166528K), 0.0032720 secs] 214763K->66687K(3127232K) icms_dc=0 , 0.0034040 secs] [Times: user=0.01 sys=0.00, real=0.01 secs] 
2877.481: [GC 2877.481: [ParNew: 148241K->245K(166528K), 0.0030430 secs] 214719K->66723K(3127232K) icms_dc=0 , 0.0031670 secs] [Times: user=0.01 sys=0.00, real=0.00 secs] 
2879.930: [GC 2879.930: [ParNew: 148277K->214K(166528K), 0.0030470 secs] 214755K->66694K(3127232K) icms_dc=0 , 0.0031720 secs] [Times: user=0.03 sys=0.01, real=0.00 secs] 
2882.868: [GC 2882.868: [ParNew: 148246K->215K(166528K), 0.0028560 secs] 214726K->66696K(3127232K) icms_dc=0 , 0.0029790 secs] [Times: user=0.02 sys=0.00, real=0.00 secs] 
2885.485: [GC 2885.485: [ParNew: 148247K->255K(166528K), 0.0024340 secs] 214728K->66742K(3127232K) icms_dc=0 , 0.0025590 secs] [Times: user=0.02 sys=0.00, real=0.01 secs] 
2888.062: [GC 2888.062: [ParNew: 148287K->236K(166528K), 0.0034370 secs] 214774K->66724K(3127232K) icms_dc=0 , 0.0035600 secs] [Times: user=0.02 sys=0.01, real=0.00 secs] 
2890.892: [GC 2890.892: [ParNew: 148268K->179K(166528K), 0.0028590 secs] 214756K->66668K(3127232K) icms_dc=0 , 0.0029880 secs] [Times: user=0.02 sys=0.00, real=0.00 secs] 
2894.070: [GC 2894.070: [ParNew: 148211K->205K(166528K), 0.0041690 secs] 214700K->66694K(3127232K) icms_dc=0 , 0.0042970 secs] [Times: user=0.02 sys=0.00, real=0.00 secs] 
2896.672: [GC 2896.672: [ParNew: 148237K->250K(166528K), 0.0029540 secs] 214726K->66740K(3127232K) icms_dc=0 , 0.0030780 secs] [Times: user=0.02 sys=0.01, real=0.00 secs] 
2899.177: [GC 2899.177: [ParNew: 148282K->239K(166528K), 0.0028710 secs] 214772K->66729K(3127232K) icms_dc=0 , 0.0029910 secs] [Times: user=0.02 sys=0.00, real=0.01 secs] 
2901.530: [GC 2901.530: [ParNew: 148271K->245K(166528K), 0.0027240 secs] 214761K->66736K(3127232K) icms_dc=0 , 0.0028510 secs] [Times: user=0.02 sys=0.00, real=0.00 secs] 
2903.969: [GC 2903.969: [ParNew: 148277K->238K(166528K), 0.0030940 secs] 214768K->66730K(3127232K) icms_dc=0 , 0.0032180 secs] [Times: user=0.01 sys=0.00, real=0.00 secs] 
2906.349: [GC 2906.349: [ParNew: 148270K->242K(166528K), 0.0029840 secs] 214762K->66736K(3127232K) icms_dc=0 , 0.0031110 secs] [Times: user=0.02 sys=0.00, real=0.01 secs] 
2908.701: [GC 2908.701: [ParNew: 148274K->232K(166528K), 0.0030070 secs] 214768K->66727K(3127232K) icms_dc=0 , 0.0031250 secs] [Times: user=0.01 sys=0.00, real=0.00 secs] 
2911.435: [GC 2911.435: [ParNew: 148264K->290K(166528K), 0.0029990 secs] 214759K->66786K(3127232K) icms_dc=0 , 0.0031360 secs] [Times: user=0.02 sys=0.00, real=0.00 secs] 
2914.216: [GC 2914.216: [ParNew: 148322K->248K(166528K), 0.0028340 secs] 214818K->66748K(3127232K) icms_dc=0 , 0.0029560 secs] [Times: user=0.01 sys=0.01, real=0.00 secs] 
2916.916: [GC 2916.916: [ParNew: 148280K->237K(166528K), 0.0026880 secs] 214780K->66740K(3127232K) icms_dc=0 , 0.0028130 secs] [Times: user=0.02 sys=0.01, real=0.00 secs] 
2919.821: [GC 2919.821: [ParNew: 148269K->213K(166528K), 0.0034560 secs] 214772K->66720K(3127232K) icms_dc=0 , 0.0035780 secs] [Times: user=0.02 sys=0.00, real=0.01 secs] 
2922.493: [GC 2922.494: [ParNew: 148245K->241K(166528K), 0.0023620 secs] 214752K->66748K(3127232K) icms_dc=0 , 0.0024870 secs] [Times: user=0.02 sys=0.01, real=0.00 secs] 
2925.203: [GC 2925.203: [ParNew: 148273K->230K(166528K), 0.0023940 secs] 214780K->66738K(3127232K) icms_dc=0 , 0.0025190 secs] [Times: user=0.02 sys=0.00, real=0.00 secs] 
2927.792: [GC 2927.792: [ParNew: 148262K->261K(166528K), 0.0026840 secs] 214770K->66771K(3127232K) icms_dc=0 , 0.0028100 secs] [Times: user=0.02 sys=0.00, real=0.01 secs] 
2930.328: [GC 2930.328: [ParNew: 148293K->254K(166528K), 0.0032160 secs] 214803K->66765K(3127232K) icms_dc=0 , 0.0033390 secs] [Times: user=0.02 sys=0.00, real=0.00 secs] 
2933.048: [GC 2933.048: [ParNew: 148286K->237K(166528K), 0.0029200 secs] 214797K->66759K(3127232K) icms_dc=0 , 0.0030420 secs] [Times: user=0.03 sys=0.00, real=0.00 secs] 
2935.759: [GC 2935.759: [ParNew: 148269K->284K(166528K), 0.0026140 secs] 214791K->66807K(3127232K) icms_dc=0 , 0.0027410 secs] [Times: user=0.00 sys=0.00, real=0.00 secs] 
2938.118: [GC 2938.118: [ParNew: 148316K->250K(166528K), 0.0026250 secs] 214839K->66774K(3127232K) icms_dc=0 , 0.0027460 secs] [Times: user=0.02 sys=0.00, real=0.00 secs] 
2940.768: [GC 2940.768: [ParNew: 148282K->189K(166528K), 0.0027150 secs] 214806K->66716K(3127232K) icms_dc=0 , 0.0028390 secs] [Times: user=0.03 sys=0.00, real=0.00 secs] 
2943.190: [GC 2943.190: [ParNew: 148221K->212K(166528K), 0.0026530 secs] 214748K->66740K(3127232K) icms_dc=0 , 0.0027780 secs] [Times: user=0.02 sys=0.00, real=0.00 secs] 
2945.773: [GC 2945.773: [ParNew: 148244K->225K(166528K), 0.0023350 secs] 214772K->66754K(3127232K) icms_dc=0 , 0.0024650 secs] [Times: user=0.01 sys=0.00, real=0.01 secs] 
2948.539: [GC 2948.539: [ParNew: 148257K->236K(166528K), 0.0027190 secs] 214786K->66769K(3127232K) icms_dc=0 , 0.0028390 secs] [Times: user=0.02 sys=0.00, real=0.00 secs] 
2950.997: [GC 2950.997: [ParNew: 148268K->254K(166528K), 0.0028860 secs] 214801K->66787K(3127232K) icms_dc=0 , 0.0030170 secs] [Times: user=0.01 sys=0.00, real=0.00 secs] 
2953.678: [GC 2953.678: [ParNew: 148286K->237K(166528K), 0.0023030 secs] 214819K->66772K(3127232K) icms_dc=0 , 0.0024220 secs] [Times: user=0.01 sys=0.00, real=0.00 secs] 
2956.219: [GC 2956.219: [ParNew: 148269K->249K(166528K), 0.0031170 secs] 214804K->66784K(3127232K) icms_dc=0 , 0.0032430 secs] [Times: user=0.01 sys=0.00, real=0.00 secs] 
2959.186: [GC 2959.186: [ParNew: 148281K->236K(166528K), 0.0024900 secs] 214816K->66772K(3127232K) icms_dc=0 , 0.0026120 secs] [Times: user=0.01 sys=0.01, real=0.01 secs] 
2961.805: [GC 2961.805: [ParNew: 148268K->224K(166528K), 0.0032880 secs] 214804K->66762K(3127232K) icms_dc=0 , 0.0034140 secs] [Times: user=0.03 sys=0.00, real=0.01 secs] 
2964.067: [GC 2964.067: [ParNew: 148256K->231K(166528K), 0.0028130 secs] 214794K->66771K(3127232K) icms_dc=0 , 0.0029360 secs] [Times: user=0.02 sys=0.00, real=0.01 secs] 
2966.792: [GC 2966.793: [ParNew: 148263K->229K(166528K), 0.0030270 secs] 214803K->66770K(3127232K) icms_dc=0 , 0.0031600 secs] [Times: user=0.03 sys=0.00, real=0.00 secs] 
2969.569: [GC 2969.569: [ParNew: 148261K->207K(166528K), 0.0028980 secs] 214802K->66749K(3127232K) icms_dc=0 , 0.0030190 secs] [Times: user=0.02 sys=0.00, real=0.00 secs] 
2972.642: [GC 2972.642: [ParNew: 148239K->232K(166528K), 0.0027240 secs] 214781K->66778K(3127232K) icms_dc=0 , 0.0028500 secs] [Times: user=0.01 sys=0.00, real=0.00 secs] 
2975.571: [GC 2975.571: [ParNew: 148264K->242K(166528K), 0.0029420 secs] 214810K->66788K(3127232K) icms_dc=0 , 0.0030830 secs] [Times: user=0.01 sys=0.00, real=0.00 secs] 
2978.185: [GC 2978.185: [ParNew: 148274K->232K(166528K), 0.0029300 secs] 214820K->66778K(3127232K) icms_dc=0 , 0.0030500 secs] [Times: user=0.02 sys=0.00, real=0.00 secs] 
2980.931: [GC 2980.931: [ParNew: 148264K->241K(166528K), 0.0023550 secs] 214810K->66788K(3127232K) icms_dc=0 , 0.0024780 secs] [Times: user=0.02 sys=0.00, real=0.00 secs] 
2983.525: [GC 2983.525: [ParNew: 148273K->236K(166528K), 0.0028080 secs] 214820K->66784K(3127232K) icms_dc=0 , 0.0029230 secs] [Times: user=0.02 sys=0.00, real=0.00 secs] 
2986.121: [GC 2986.121: [ParNew: 148268K->227K(166528K), 0.0024080 secs] 214816K->66776K(3127232K) icms_dc=0 , 0.0025280 secs] [Times: user=0.03 sys=0.00, real=0.01 secs] 
2988.476: [GC 2988.477: [ParNew: 148259K->211K(166528K), 0.0032040 secs] 214808K->66761K(3127232K) icms_dc=0 , 0.0033310 secs] [Times: user=0.03 sys=0.00, real=0.00 secs] 
2990.774: [GC 2990.775: [ParNew: 148243K->227K(166528K), 0.0033500 secs] 214793K->66778K(3127232K) icms_dc=0 , 0.0034820 secs] [Times: user=0.03 sys=0.01, real=0.00 secs] 
2993.616: [GC 2993.616: [ParNew: 148259K->202K(166528K), 0.0029480 secs] 214810K->66755K(3127232K) icms_dc=0 , 0.0030670 secs] [Times: user=0.02 sys=0.00, real=0.00 secs] 
2996.345: [GC 2996.345: [ParNew: 148234K->232K(166528K), 0.0032930 secs] 214787K->66786K(3127232K) icms_dc=0 , 0.0034190 secs] [Times: user=0.02 sys=0.00, real=0.00 secs] 
2999.283: [GC 2999.284: [ParNew: 148264K->251K(166528K), 0.0026400 secs] 214818K->66809K(3127232K) icms_dc=0 , 0.0027610 secs] [Times: user=0.03 sys=0.00, real=0.00 secs] 
3001.944: [GC 3001.944: [ParNew: 148283K->251K(166528K), 0.0027490 secs] 214841K->66811K(3127232K) icms_dc=0 , 0.0028730 secs] [Times: user=0.03 sys=0.00, real=0.00 secs] 
3004.974: [GC 3004.974: [ParNew: 148283K->275K(166528K), 0.0030560 secs] 214843K->66847K(3127232K) icms_dc=0 , 0.0031790 secs] [Times: user=0.02 sys=0.00, real=0.01 secs] 
3007.555: [GC 3007.555: [ParNew: 148307K->244K(166528K), 0.0030050 secs] 214879K->66816K(3127232K) icms_dc=0 , 0.0031270 secs] [Times: user=0.02 sys=0.01, real=0.00 secs] 
3010.437: [GC 3010.437: [ParNew: 148276K->242K(166528K), 0.0026720 secs] 214848K->66814K(3127232K) icms_dc=0 , 0.0027930 secs] [Times: user=0.02 sys=0.01, real=0.00 secs] 
3013.127: [GC 3013.127: [ParNew: 148274K->226K(166528K), 0.0024790 secs] 214846K->66799K(3127232K) icms_dc=0 , 0.0026090 secs] [Times: user=0.01 sys=0.00, real=0.00 secs] 
3015.777: [GC 3015.777: [ParNew: 148258K->213K(166528K), 0.0024490 secs] 214831K->66788K(3127232K) icms_dc=0 , 0.0025710 secs] [Times: user=0.02 sys=0.00, real=0.00 secs] 
3018.397: [GC 3018.397: [ParNew: 148245K->216K(166528K), 0.0022230 secs] 214820K->66792K(3127232K) icms_dc=0 , 0.0023470 secs] [Times: user=0.01 sys=0.00, real=0.00 secs] 
3021.075: [GC 3021.076: [ParNew: 148248K->222K(166528K), 0.0027910 secs] 214824K->66798K(3127232K) icms_dc=0 , 0.0029980 secs] [Times: user=0.03 sys=0.00, real=0.01 secs] 
3023.611: [GC 3023.611: [ParNew: 148254K->212K(166528K), 0.0029020 secs] 214830K->66790K(3127232K) icms_dc=0 , 0.0030180 secs] [Times: user=0.02 sys=0.00, real=0.00 secs] 
3026.016: [GC 3026.016: [ParNew: 148244K->228K(166528K), 0.0019710 secs] 214822K->66807K(3127232K) icms_dc=0 , 0.0020960 secs] [Times: user=0.02 sys=0.00, real=0.01 secs] 
3028.988: [GC 3028.988: [ParNew: 148260K->221K(166528K), 0.0029740 secs] 214839K->66802K(3127232K) icms_dc=0 , 0.0030940 secs] [Times: user=0.01 sys=0.00, real=0.00 secs] 
3031.804: [GC 3031.804: [ParNew: 148253K->257K(166528K), 0.0023360 secs] 214834K->66838K(3127232K) icms_dc=0 , 0.0024610 secs] [Times: user=0.03 sys=0.00, real=0.00 secs] 
3034.595: [GC 3034.595: [ParNew: 148289K->256K(166528K), 0.0029160 secs] 214870K->66842K(3127232K) icms_dc=0 , 0.0030400 secs] [Times: user=0.03 sys=0.00, real=0.00 secs] 
3037.038: [GC 3037.038: [ParNew: 148288K->247K(166528K), 0.0031160 secs] 214874K->66842K(3127232K) icms_dc=0 , 0.0032370 secs] [Times: user=0.02 sys=0.00, real=0.01 secs] 
3039.721: [GC 3039.722: [ParNew: 148279K->216K(166528K), 0.0026650 secs] 214874K->66817K(3127232K) icms_dc=0 , 0.0027890 secs] [Times: user=0.01 sys=0.00, real=0.00 secs] 
3042.434: [GC 3042.434: [ParNew: 148248K->238K(166528K), 0.0022190 secs] 214849K->66856K(3127232K) icms_dc=0 , 0.0023410 secs] [Times: user=0.03 sys=0.00, real=0.00 secs] 
3044.899: [GC 3044.900: [ParNew: 148270K->227K(166528K), 0.0030010 secs] 214888K->66847K(3127232K) icms_dc=0 , 0.0031330 secs] [Times: user=0.01 sys=0.00, real=0.01 secs] 
3047.536: [GC 3047.536: [ParNew: 148259K->243K(166528K), 0.0027750 secs] 214879K->66863K(3127232K) icms_dc=0 , 0.0029050 secs] [Times: user=0.02 sys=0.00, real=0.00 secs] 
3050.569: [GC 3050.569: [ParNew: 148275K->229K(166528K), 0.0030690 secs] 214895K->66852K(3127232K) icms_dc=0 , 0.0031940 secs] [Times: user=0.02 sys=0.00, real=0.01 secs] 
3053.373: [GC 3053.373: [ParNew: 148261K->225K(166528K), 0.0027560 secs] 214884K->66849K(3127232K) icms_dc=0 , 0.0028770 secs] [Times: user=0.03 sys=0.00, real=0.00 secs] 
3056.171: [GC 3056.171: [ParNew: 148257K->244K(166528K), 0.0022240 secs] 214881K->66874K(3127232K) icms_dc=0 , 0.0023490 secs] [Times: user=0.02 sys=0.00, real=0.01 secs] 
3058.812: [GC 3058.812: [ParNew: 148276K->224K(166528K), 0.0027310 secs] 214906K->66854K(3127232K) icms_dc=0 , 0.0028470 secs] [Times: user=0.01 sys=0.00, real=0.01 secs] 
3061.269: [GC 3061.269: [ParNew: 148256K->214K(166528K), 0.0023600 secs] 214886K->66845K(3127232K) icms_dc=0 , 0.0024850 secs] [Times: user=0.02 sys=0.00, real=0.00 secs] 
3063.737: [GC 3063.737: [ParNew: 148246K->218K(166528K), 0.0027810 secs] 214877K->66853K(3127232K) icms_dc=0 , 0.0029030 secs] [Times: user=0.01 sys=0.00, real=0.00 secs] 
3066.314: [GC 3066.314: [ParNew: 148250K->256K(166528K), 0.0025820 secs] 214885K->66892K(3127232K) icms_dc=0 , 0.0027090 secs] [Times: user=0.01 sys=0.00, real=0.00 secs] 
3069.225: [GC 3069.225: [ParNew: 148288K->273K(166528K), 0.0025900 secs] 214924K->66908K(3127232K) icms_dc=0 , 0.0027100 secs] [Times: user=0.03 sys=0.00, real=0.00 secs] 
3071.998: [GC 3071.998: [ParNew: 148305K->244K(166528K), 0.0031990 secs] 214940K->66881K(3127232K) icms_dc=0 , 0.0033220 secs] [Times: user=0.03 sys=0.00, real=0.00 secs] 
3074.563: [GC 3074.563: [ParNew: 148276K->273K(166528K), 0.0027260 secs] 214913K->66917K(3127232K) icms_dc=0 , 0.0028530 secs] [Times: user=0.01 sys=0.00, real=0.01 secs] 
3077.037: [GC 3077.037: [ParNew: 148305K->202K(166528K), 0.0026660 secs] 214949K->66853K(3127232K) icms_dc=0 , 0.0027880 secs] [Times: user=0.02 sys=0.00, real=0.00 secs] 
3079.554: [GC 3079.554: [ParNew: 148234K->257K(166528K), 0.0031360 secs] 214885K->66911K(3127232K) icms_dc=0 , 0.0032570 secs] [Times: user=0.01 sys=0.00, real=0.01 secs] 
3081.883: [GC 3081.883: [ParNew: 148289K->245K(166528K), 0.0027820 secs] 214943K->66900K(3127232K) icms_dc=0 , 0.0029150 secs] [Times: user=0.01 sys=0.00, real=0.01 secs] 
3084.418: [GC 3084.418: [ParNew: 148277K->266K(166528K), 0.0026340 secs] 214932K->66922K(3127232K) icms_dc=0 , 0.0027540 secs] [Times: user=0.03 sys=0.00, real=0.00 secs] 
3087.213: [GC 3087.213: [ParNew: 148298K->242K(166528K), 0.0029200 secs] 214954K->66902K(3127232K) icms_dc=0 , 0.0030420 secs] [Times: user=0.01 sys=0.00, real=0.00 secs] 
3089.936: [GC 3089.936: [ParNew: 148274K->228K(166528K), 0.0032660 secs] 214934K->66889K(3127232K) icms_dc=0 , 0.0033870 secs] [Times: user=0.02 sys=0.00, real=0.01 secs] 
3092.503: [GC 3092.503: [ParNew: 148260K->251K(166528K), 0.0031300 secs] 214921K->66913K(3127232K) icms_dc=0 , 0.0032490 secs] [Times: user=0.03 sys=0.00, real=0.00 secs] 
3095.249: [GC 3095.249: [ParNew: 148283K->255K(166528K), 0.0026780 secs] 214945K->66919K(3127232K) icms_dc=0 , 0.0028040 secs] [Times: user=0.02 sys=0.00, real=0.00 secs] 
3098.245: [GC 3098.245: [ParNew: 148287K->256K(166528K), 0.0033410 secs] 214951K->66924K(3127232K) icms_dc=0 , 0.0034610 secs] [Times: user=0.02 sys=0.00, real=0.00 secs] 
3101.057: [GC 3101.057: [ParNew: 148288K->230K(166528K), 0.0027740 secs] 214956K->66899K(3127232K) icms_dc=0 , 0.0029010 secs] [Times: user=0.01 sys=0.00, real=0.01 secs] 
3103.482: [GC 3103.482: [ParNew: 148262K->246K(166528K), 0.0022630 secs] 214931K->66917K(3127232K) icms_dc=0 , 0.0023820 secs] [Times: user=0.01 sys=0.00, real=0.00 secs] 
3106.198: [GC 3106.198: [ParNew: 148278K->242K(166528K), 0.0022590 secs] 214949K->66916K(3127232K) icms_dc=0 , 0.0023860 secs] [Times: user=0.01 sys=0.00, real=0.01 secs] 
3108.719: [GC 3108.719: [ParNew: 148274K->235K(166528K), 0.0025050 secs] 214948K->66911K(3127232K) icms_dc=0 , 0.0026230 secs] [Times: user=0.02 sys=0.00, real=0.01 secs] 
3111.610: [GC 3111.610: [ParNew: 148267K->221K(166528K), 0.0024800 secs] 214943K->66898K(3127232K) icms_dc=0 , 0.0026130 secs] [Times: user=0.02 sys=0.00, real=0.01 secs] 
3114.318: [GC 3114.318: [ParNew: 148253K->225K(166528K), 0.0028460 secs] 214930K->66902K(3127232K) icms_dc=0 , 0.0029670 secs] [Times: user=0.03 sys=0.00, real=0.01 secs] 
3116.857: [GC 3116.857: [ParNew: 148257K->240K(166528K), 0.0024490 secs] 214934K->66918K(3127232K) icms_dc=0 , 0.0025740 secs] [Times: user=0.01 sys=0.00, real=0.00 secs] 
3119.469: [GC 3119.469: [ParNew: 148272K->219K(166528K), 0.0027880 secs] 214950K->66904K(3127232K) icms_dc=0 , 0.0029090 secs] [Times: user=0.02 sys=0.01, real=0.01 secs] 
3122.113: [GC 3122.113: [ParNew: 148251K->235K(166528K), 0.0021820 secs] 214936K->66923K(3127232K) icms_dc=0 , 0.0023090 secs] [Times: user=0.02 sys=0.00, real=0.00 secs] 
3124.811: [GC 3124.811: [ParNew: 148267K->247K(166528K), 0.0023580 secs] 214955K->66937K(3127232K) icms_dc=0 , 0.0024790 secs] [Times: user=0.02 sys=0.00, real=0.01 secs] 
3127.480: [GC 3127.480: [ParNew: 148279K->268K(166528K), 0.0032150 secs] 214969K->66963K(3127232K) icms_dc=0 , 0.0033370 secs] [Times: user=0.00 sys=0.00, real=0.01 secs] 
3130.226: [GC 3130.226: [ParNew: 148300K->235K(166528K), 0.0023740 secs] 214995K->66940K(3127232K) icms_dc=0 , 0.0024980 secs] [Times: user=0.02 sys=0.00, real=0.00 secs] 
3133.046: [GC 3133.046: [ParNew: 148267K->265K(166528K), 0.0039000 secs] 214972K->66972K(3127232K) icms_dc=0 , 0.0040200 secs] [Times: user=0.02 sys=0.00, real=0.00 secs] 
3135.854: [GC 3135.855: [ParNew: 148297K->235K(166528K), 0.0026220 secs] 215004K->66942K(3127232K) icms_dc=0 , 0.0027470 secs] [Times: user=0.03 sys=0.00, real=0.00 secs] 
3138.498: [GC 3138.498: [ParNew: 148267K->231K(166528K), 0.0030710 secs] 214974K->66942K(3127232K) icms_dc=0 , 0.0031900 secs] [Times: user=0.03 sys=0.00, real=0.00 secs] 
3141.112: [GC 3141.112: [ParNew: 148263K->244K(166528K), 0.0032510 secs] 214974K->66955K(3127232K) icms_dc=0 , 0.0033790 secs] [Times: user=0.02 sys=0.00, real=0.01 secs] 
3143.821: [GC 3143.821: [ParNew: 148276K->275K(166528K), 0.0026320 secs] 214987K->66986K(3127232K) icms_dc=0 , 0.0027570 secs] [Times: user=0.01 sys=0.00, real=0.00 secs] 
3146.553: [GC 3146.553: [ParNew: 148307K->266K(166528K), 0.0024490 secs] 215018K->66985K(3127232K) icms_dc=0 , 0.0025810 secs] [Times: user=0.02 sys=0.00, real=0.01 secs] 
3149.288: [GC 3149.288: [ParNew: 148298K->290K(166528K), 0.0029010 secs] 215017K->67009K(3127232K) icms_dc=0 , 0.0030250 secs] [Times: user=0.01 sys=0.00, real=0.00 secs] 
3152.056: [GC 3152.056: [ParNew: 148322K->242K(166528K), 0.0025870 secs] 215041K->66969K(3127232K) icms_dc=0 , 0.0027230 secs] [Times: user=0.01 sys=0.00, real=0.00 secs] 
3154.712: [GC 3154.712: [ParNew: 148274K->198K(166528K), 0.0030930 secs] 215001K->66926K(3127232K) icms_dc=0 , 0.0032630 secs] [Times: user=0.03 sys=0.00, real=0.00 secs] 
3157.100: [GC 3157.100: [ParNew: 148230K->223K(166528K), 0.0026170 secs] 214958K->66952K(3127232K) icms_dc=0 , 0.0027590 secs] [Times: user=0.03 sys=0.00, real=0.00 secs] 
3159.834: [GC 3159.834: [ParNew: 148255K->229K(166528K), 0.0028770 secs] 214984K->66959K(3127232K) icms_dc=0 , 0.0029990 secs] [Times: user=0.02 sys=0.01, real=0.00 secs] 
3162.374: [GC 3162.375: [ParNew: 148261K->223K(166528K), 0.0028250 secs] 214991K->66955K(3127232K) icms_dc=0 , 0.0029500 secs] [Times: user=0.03 sys=0.00, real=0.00 secs] 
3164.912: [GC 3164.912: [ParNew: 148255K->272K(166528K), 0.0024890 secs] 214987K->67004K(3127232K) icms_dc=0 , 0.0026110 secs] [Times: user=0.00 sys=0.00, real=0.00 secs] 
3167.245: [GC 3167.245: [ParNew: 148304K->248K(166528K), 0.0027550 secs] 215036K->66983K(3127232K) icms_dc=0 , 0.0028740 secs] [Times: user=0.02 sys=0.00, real=0.00 secs] 
3169.902: [GC 3169.903: [ParNew: 148280K->244K(166528K), 0.0032430 secs] 215015K->66979K(3127232K) icms_dc=0 , 0.0033670 secs] [Times: user=0.02 sys=0.00, real=0.00 secs] 
3172.706: [GC 3172.706: [ParNew: 148276K->212K(166528K), 0.0025540 secs] 215011K->66953K(3127232K) icms_dc=0 , 0.0026730 secs] [Times: user=0.02 sys=0.00, real=0.00 secs] 
3175.531: [GC 3175.531: [ParNew: 148244K->202K(166528K), 0.0032690 secs] 214985K->66943K(3127232K) icms_dc=0 , 0.0033950 secs] [Times: user=0.02 sys=0.00, real=0.00 secs] 
3178.087: [GC 3178.087: [ParNew: 148234K->232K(166528K), 0.0023530 secs] 214975K->66974K(3127232K) icms_dc=0 , 0.0024720 secs] [Times: user=0.02 sys=0.00, real=0.00 secs] 
3180.912: [GC 3180.912: [ParNew: 148264K->269K(166528K), 0.0025650 secs] 215006K->67010K(3127232K) icms_dc=0 , 0.0026910 secs] [Times: user=0.01 sys=0.00, real=0.00 secs] 
3183.699: [GC 3183.699: [ParNew: 148301K->265K(166528K), 0.0027970 secs] 215042K->67008K(3127232K) icms_dc=0 , 0.0029240 secs] [Times: user=0.02 sys=0.00, real=0.01 secs] 
3186.489: [GC 3186.489: [ParNew: 148297K->244K(166528K), 0.0027910 secs] 215040K->66987K(3127232K) icms_dc=0 , 0.0029410 secs] [Times: user=0.02 sys=0.00, real=0.01 secs] 
3189.171: [GC 3189.171: [ParNew: 148276K->303K(166528K), 0.0031320 secs] 215019K->67048K(3127232K) icms_dc=0 , 0.0032520 secs] [Times: user=0.03 sys=0.00, real=0.01 secs] 
3192.395: [GC 3192.395: [ParNew: 148335K->233K(166528K), 0.0028010 secs] 215080K->66981K(3127232K) icms_dc=0 , 0.0029260 secs] [Times: user=0.01 sys=0.01, real=0.00 secs] 
3194.895: [GC 3194.896: [ParNew: 148265K->225K(166528K), 0.0028050 secs] 215013K->66977K(3127232K) icms_dc=0 , 0.0029260 secs] [Times: user=0.01 sys=0.00, real=0.00 secs] 
3197.479: [GC 3197.479: [ParNew: 148257K->240K(166528K), 0.0027170 secs] 215009K->66994K(3127232K) icms_dc=0 , 0.0028370 secs] [Times: user=0.02 sys=0.00, real=0.00 secs] 
3199.863: [GC 3199.863: [ParNew: 148272K->238K(166528K), 0.0028380 secs] 215026K->66993K(3127232K) icms_dc=0 , 0.0029750 secs] [Times: user=0.02 sys=0.00, real=0.01 secs] 
3202.302: [GC 3202.302: [ParNew: 148270K->227K(166528K), 0.0027410 secs] 215025K->66992K(3127232K) icms_dc=0 , 0.0028670 secs] [Times: user=0.02 sys=0.00, real=0.01 secs] 
3205.162: [GC 3205.162: [ParNew: 148259K->250K(166528K), 0.0030730 secs] 215024K->67016K(3127232K) icms_dc=0 , 0.0031990 secs] [Times: user=0.03 sys=0.00, real=0.01 secs] 
3207.874: [GC 3207.874: [ParNew: 148282K->252K(166528K), 0.0030000 secs] 215048K->67022K(3127232K) icms_dc=0 , 0.0031230 secs] [Times: user=0.02 sys=0.00, real=0.01 secs] 
3210.522: [GC 3210.522: [ParNew: 148284K->238K(166528K), 0.0026850 secs] 215054K->67011K(3127232K) icms_dc=0 , 0.0028110 secs] [Times: user=0.01 sys=0.00, real=0.00 secs] 
3213.338: [GC 3213.338: [ParNew: 148270K->200K(166528K), 0.0023210 secs] 215043K->66975K(3127232K) icms_dc=0 , 0.0024490 secs] [Times: user=0.01 sys=0.00, real=0.00 secs] 
3215.831: [GC 3215.831: [ParNew: 148232K->222K(166528K), 0.0029800 secs] 215007K->66997K(3127232K) icms_dc=0 , 0.0031090 secs] [Times: user=0.02 sys=0.00, real=0.00 secs] 
3218.459: [GC 3218.460: [ParNew: 148254K->237K(166528K), 0.0026610 secs] 215029K->67012K(3127232K) icms_dc=0 , 0.0027880 secs] [Times: user=0.02 sys=0.00, real=0.00 secs] 
3220.949: [GC 3220.949: [ParNew: 148269K->231K(166528K), 0.0026570 secs] 215044K->67008K(3127232K) icms_dc=0 , 0.0027810 secs] [Times: user=0.02 sys=0.00, real=0.00 secs] 
3223.585: [GC 3223.585: [ParNew: 148263K->219K(166528K), 0.0027460 secs] 215040K->66997K(3127232K) icms_dc=0 , 0.0028700 secs] [Times: user=0.01 sys=0.00, real=0.01 secs] 
3226.122: [GC 3226.122: [ParNew: 148251K->231K(166528K), 0.0029650 secs] 215029K->67016K(3127232K) icms_dc=0 , 0.0030870 secs] [Times: user=0.01 sys=0.00, real=0.00 secs] 
3228.565: [GC 3228.566: [ParNew: 148263K->224K(166528K), 0.0024060 secs] 215048K->67009K(3127232K) icms_dc=0 , 0.0025260 secs] [Times: user=0.02 sys=0.00, real=0.00 secs] 
3231.534: [GC 3231.534: [ParNew: 148256K->236K(166528K), 0.0022600 secs] 215041K->67023K(3127232K) icms_dc=0 , 0.0023850 secs] [Times: user=0.01 sys=0.00, real=0.00 secs] 
3234.427: [GC 3234.427: [ParNew: 148268K->251K(166528K), 0.0026070 secs] 215055K->67043K(3127232K) icms_dc=0 , 0.0027340 secs] [Times: user=0.03 sys=0.00, real=0.01 secs] 
3236.945: [GC 3236.945: [ParNew: 148283K->223K(166528K), 0.0026200 secs] 215075K->67017K(3127232K) icms_dc=0 , 0.0027470 secs] [Times: user=0.01 sys=0.00, real=0.00 secs] 
3239.609: [GC 3239.609: [ParNew: 148255K->265K(166528K), 0.0023420 secs] 215049K->67067K(3127232K) icms_dc=0 , 0.0024630 secs] [Times: user=0.02 sys=0.00, real=0.01 secs] 
3242.241: [GC 3242.241: [ParNew: 148297K->266K(166528K), 0.0025720 secs] 215099K->67068K(3127232K) icms_dc=0 , 0.0026980 secs] [Times: user=0.01 sys=0.00, real=0.00 secs] 
3244.791: [GC 3244.791: [ParNew: 148298K->232K(166528K), 0.0026410 secs] 215100K->67038K(3127232K) icms_dc=0 , 0.0027610 secs] [Times: user=0.01 sys=0.01, real=0.00 secs] 
3247.520: [GC 3247.520: [ParNew: 148264K->216K(166528K), 0.0026800 secs] 215070K->67032K(3127232K) icms_dc=0 , 0.0028240 secs] [Times: user=0.02 sys=0.00, real=0.01 secs] 
3250.082: [GC 3250.083: [ParNew: 148248K->204K(166528K), 0.0028080 secs] 215064K->67021K(3127232K) icms_dc=0 , 0.0029290 secs] [Times: user=0.03 sys=0.00, real=0.00 secs] 
3252.583: [GC 3252.583: [ParNew: 148236K->251K(166528K), 0.0026930 secs] 215053K->67071K(3127232K) icms_dc=0 , 0.0028130 secs] [Times: user=0.02 sys=0.00, real=0.00 secs] 
3255.390: [GC 3255.390: [ParNew: 148283K->264K(166528K), 0.0022020 secs] 215103K->67084K(3127232K) icms_dc=0 , 0.0023280 secs] [Times: user=0.03 sys=0.00, real=0.01 secs] 
3258.045: [GC 3258.046: [ParNew: 148296K->255K(166528K), 0.0020590 secs] 215116K->67075K(3127232K) icms_dc=0 , 0.0021780 secs] [Times: user=0.02 sys=0.00, real=0.00 secs] 
3260.911: [GC 3260.911: [ParNew: 148287K->234K(166528K), 0.0028770 secs] 215107K->67058K(3127232K) icms_dc=0 , 0.0030020 secs] [Times: user=0.01 sys=0.00, real=0.01 secs] 
3263.457: [GC 3263.457: [ParNew: 148266K->219K(166528K), 0.0022900 secs] 215090K->67047K(3127232K) icms_dc=0 , 0.0024180 secs] [Times: user=0.03 sys=0.00, real=0.00 secs] 
3265.864: [GC 3265.864: [ParNew: 148251K->219K(166528K), 0.0024610 secs] 215079K->67048K(3127232K) icms_dc=0 , 0.0025850 secs] [Times: user=0.03 sys=0.00, real=0.00 secs] 
3268.815: [GC 3268.816: [ParNew: 148251K->224K(166528K), 0.0027850 secs] 215080K->67054K(3127232K) icms_dc=0 , 0.0029060 secs] [Times: user=0.02 sys=0.00, real=0.00 secs] 
3271.264: [GC 3271.265: [ParNew: 148256K->259K(166528K), 0.0029690 secs] 215086K->67090K(3127232K) icms_dc=0 , 0.0030920 secs] [Times: user=0.03 sys=0.00, real=0.00 secs] 
3273.856: [GC 3273.856: [ParNew: 148291K->266K(166528K), 0.0028020 secs] 215122K->67101K(3127232K) icms_dc=0 , 0.0029210 secs] [Times: user=0.02 sys=0.01, real=0.00 secs] 
3276.406: [GC 3276.406: [ParNew: 148298K->257K(166528K), 0.0032420 secs] 215133K->67101K(3127232K) icms_dc=0 , 0.0033660 secs] [Times: user=0.02 sys=0.00, real=0.00 secs] 
3279.132: [GC 3279.132: [ParNew: 148289K->253K(166528K), 0.0030040 secs] 215133K->67098K(3127232K) icms_dc=0 , 0.0031290 secs] [Times: user=0.02 sys=0.00, real=0.01 secs] 
3281.573: [GC 3281.573: [ParNew: 148285K->261K(166528K), 0.0025820 secs] 215130K->67106K(3127232K) icms_dc=0 , 0.0027060 secs] [Times: user=0.01 sys=0.00, real=0.00 secs] 
3284.250: [GC 3284.250: [ParNew: 148293K->269K(166528K), 0.0024140 secs] 215138K->67126K(3127232K) icms_dc=0 , 0.0025410 secs] [Times: user=0.03 sys=0.00, real=0.00 secs] 
3286.810: [GC 3286.810: [ParNew: 148301K->270K(166528K), 0.0028270 secs] 215158K->67128K(3127232K) icms_dc=0 , 0.0029520 secs] [Times: user=0.02 sys=0.00, real=0.00 secs] 
3289.724: [GC 3289.724: [ParNew: 148302K->286K(166528K), 0.0024330 secs] 215160K->67145K(3127232K) icms_dc=0 , 0.0025600 secs] [Times: user=0.01 sys=0.00, real=0.00 secs] 
3292.466: [GC 3292.466: [ParNew: 148318K->284K(166528K), 0.0028640 secs] 215177K->67146K(3127232K) icms_dc=0 , 0.0030690 secs] [Times: user=0.02 sys=0.00, real=0.01 secs] 
3295.278: [GC 3295.279: [ParNew: 148316K->197K(166528K), 0.0031050 secs] 215178K->67061K(3127232K) icms_dc=0 , 0.0032290 secs] [Times: user=0.02 sys=0.00, real=0.00 secs] 
3298.118: [GC 3298.118: [ParNew: 148229K->238K(166528K), 0.0029830 secs] 215093K->67102K(3127232K) icms_dc=0 , 0.0031140 secs] [Times: user=0.03 sys=0.01, real=0.00 secs] 
3300.609: [GC 3300.609: [ParNew: 148270K->219K(166528K), 0.0030670 secs] 215134K->67084K(3127232K) icms_dc=0 , 0.0031890 secs] [Times: user=0.03 sys=0.00, real=0.00 secs] 
3303.200: [GC 3303.200: [ParNew: 148251K->234K(166528K), 0.0025640 secs] 215116K->67104K(3127232K) icms_dc=0 , 0.0026870 secs] [Times: user=0.01 sys=0.00, real=0.00 secs] 
3306.070: [GC 3306.070: [ParNew: 148266K->214K(166528K), 0.0026300 secs] 215136K->67085K(3127232K) icms_dc=0 , 0.0027560 secs] [Times: user=0.02 sys=0.00, real=0.01 secs] 
3308.554: [GC 3308.555: [ParNew: 148246K->217K(166528K), 0.0024280 secs] 215117K->67088K(3127232K) icms_dc=0 , 0.0025470 secs] [Times: user=0.02 sys=0.00, real=0.00 secs] 
3311.217: [GC 3311.217: [ParNew: 148249K->223K(166528K), 0.0026830 secs] 215120K->67095K(3127232K) icms_dc=0 , 0.0028210 secs] [Times: user=0.01 sys=0.00, real=0.00 secs] 
3313.953: [GC 3313.953: [ParNew: 148255K->223K(166528K), 0.0029260 secs] 215127K->67095K(3127232K) icms_dc=0 , 0.0030510 secs] [Times: user=0.03 sys=0.00, real=0.00 secs] 
3316.522: [GC 3316.522: [ParNew: 148255K->258K(166528K), 0.0027570 secs] 215127K->67137K(3127232K) icms_dc=0 , 0.0028870 secs] [Times: user=0.03 sys=0.00, real=0.00 secs] 
3319.459: [GC 3319.459: [ParNew: 148290K->251K(166528K), 0.0028220 secs] 215169K->67132K(3127232K) icms_dc=0 , 0.0029430 secs] [Times: user=0.02 sys=0.00, real=0.00 secs] 
3322.236: [GC 3322.236: [ParNew: 148283K->243K(166528K), 0.0025690 secs] 215164K->67125K(3127232K) icms_dc=0 , 0.0026920 secs] [Times: user=0.01 sys=0.00, real=0.00 secs] 
3325.039: [GC 3325.039: [ParNew: 148275K->238K(166528K), 0.0026550 secs] 215157K->67122K(3127232K) icms_dc=0 , 0.0027810 secs] [Times: user=0.01 sys=0.00, real=0.00 secs] 
3327.738: [GC 3327.738: [ParNew: 148270K->278K(166528K), 0.0025530 secs] 215154K->67164K(3127232K) icms_dc=0 , 0.0026740 secs] [Times: user=0.02 sys=0.00, real=0.00 secs] 
3330.571: [GC 3330.572: [ParNew: 148310K->276K(166528K), 0.0030910 secs] 215196K->67164K(3127232K) icms_dc=0 , 0.0032160 secs] [Times: user=0.02 sys=0.00, real=0.01 secs] 
3332.986: [GC 3332.986: [ParNew: 148308K->260K(166528K), 0.0030690 secs] 215196K->67149K(3127232K) icms_dc=0 , 0.0031940 secs] [Times: user=0.03 sys=0.00, real=0.00 secs] 
3335.647: [GC 3335.647: [ParNew: 148292K->233K(166528K), 0.0028360 secs] 215181K->67122K(3127232K) icms_dc=0 , 0.0029630 secs] [Times: user=0.03 sys=0.00, real=0.00 secs] 
3338.302: [GC 3338.302: [ParNew: 148265K->237K(166528K), 0.0032370 secs] 215154K->67127K(3127232K) icms_dc=0 , 0.0033560 secs] [Times: user=0.03 sys=0.00, real=0.01 secs] 
3341.335: [GC 3341.335: [ParNew: 148269K->270K(166528K), 0.0029560 secs] 215159K->67160K(3127232K) icms_dc=0 , 0.0030830 secs] [Times: user=0.01 sys=0.00, real=0.01 secs] 
3344.320: [GC 3344.321: [ParNew: 148302K->236K(166528K), 0.0023100 secs] 215192K->67129K(3127232K) icms_dc=0 , 0.0024360 secs] [Times: user=0.02 sys=0.00, real=0.00 secs] 
3347.033: [GC 3347.033: [ParNew: 148268K->230K(166528K), 0.0030360 secs] 215161K->67126K(3127232K) icms_dc=0 , 0.0031600 secs] [Times: user=0.01 sys=0.00, real=0.00 secs] 
3349.799: [GC 3349.799: [ParNew: 148262K->248K(166528K), 0.0026680 secs] 215158K->67149K(3127232K) icms_dc=0 , 0.0027870 secs] [Times: user=0.02 sys=0.00, real=0.00 secs] 
3352.584: [GC 3352.584: [ParNew: 148280K->242K(166528K), 0.0031890 secs] 215181K->67148K(3127232K) icms_dc=0 , 0.0033120 secs] [Times: user=0.02 sys=0.00, real=0.01 secs] 
3355.247: [GC 3355.247: [ParNew: 148274K->226K(166528K), 0.0024460 secs] 215180K->67133K(3127232K) icms_dc=0 , 0.0025640 secs] [Times: user=0.02 sys=0.00, real=0.00 secs] 
3357.931: [GC 3357.931: [ParNew: 148258K->243K(166528K), 0.0026030 secs] 215165K->67150K(3127232K) icms_dc=0 , 0.0027320 secs] [Times: user=0.01 sys=0.00, real=0.00 secs] 
3360.624: [GC 3360.624: [ParNew: 148275K->249K(166528K), 0.0025190 secs] 215182K->67156K(3127232K) icms_dc=0 , 0.0026420 secs] [Times: user=0.02 sys=0.00, real=0.00 secs] 
3363.000: [GC 3363.000: [ParNew: 148281K->282K(166528K), 0.0025300 secs] 215188K->67190K(3127232K) icms_dc=0 , 0.0026510 secs] [Times: user=0.02 sys=0.00, real=0.00 secs] 
3365.758: [GC 3365.758: [ParNew: 148314K->252K(166528K), 0.0029180 secs] 215222K->67168K(3127232K) icms_dc=0 , 0.0030430 secs] [Times: user=0.02 sys=0.00, real=0.01 secs] 
3368.345: [GC 3368.345: [ParNew: 148284K->284K(166528K), 0.0031540 secs] 215200K->67201K(3127232K) icms_dc=0 , 0.0032700 secs] [Times: user=0.02 sys=0.00, real=0.00 secs] 
3370.794: [GC 3370.794: [ParNew: 148316K->291K(166528K), 0.0029840 secs] 215233K->67214K(3127232K) icms_dc=0 , 0.0031070 secs] [Times: user=0.01 sys=0.00, real=0.00 secs] 
3373.543: [GC 3373.543: [ParNew: 148323K->216K(166528K), 0.0023850 secs] 215246K->67159K(3127232K) icms_dc=0 , 0.0025040 secs] [Times: user=0.02 sys=0.00, real=0.00 secs] 
3376.045: [GC 3376.045: [ParNew: 148248K->244K(166528K), 0.0021200 secs] 215191K->67188K(3127232K) icms_dc=0 , 0.0022480 secs] [Times: user=0.01 sys=0.00, real=0.00 secs] 
3378.690: [GC 3378.690: [ParNew: 148276K->263K(166528K), 0.0025430 secs] 215220K->67208K(3127232K) icms_dc=0 , 0.0026610 secs] [Times: user=0.02 sys=0.00, real=0.01 secs] 
3381.607: [GC 3381.607: [ParNew: 148295K->237K(166528K), 0.0027050 secs] 215240K->67184K(3127232K) icms_dc=0 , 0.0028280 secs] [Times: user=0.02 sys=0.00, real=0.00 secs] 
3384.211: [GC 3384.211: [ParNew: 148269K->245K(166528K), 0.0027240 secs] 215216K->67194K(3127232K) icms_dc=0 , 0.0028440 secs] [Times: user=0.02 sys=0.01, real=0.01 secs] 
3386.918: [GC 3386.918: [ParNew: 148277K->218K(166528K), 0.0025210 secs] 215226K->67168K(3127232K) icms_dc=0 , 0.0026450 secs] [Times: user=0.01 sys=0.00, real=0.00 secs] 
3389.763: [GC 3389.763: [ParNew: 148250K->252K(166528K), 0.0024650 secs] 215200K->67202K(3127232K) icms_dc=0 , 0.0025870 secs] [Times: user=0.01 sys=0.00, real=0.00 secs] 
3392.651: [GC 3392.651: [ParNew: 148284K->261K(166528K), 0.0025760 secs] 215234K->67211K(3127232K) icms_dc=0 , 0.0027810 secs] [Times: user=0.02 sys=0.00, real=0.01 secs] 
3395.545: [GC 3395.545: [ParNew: 148293K->262K(166528K), 0.0028420 secs] 215243K->67214K(3127232K) icms_dc=0 , 0.0029670 secs] [Times: user=0.02 sys=0.00, real=0.00 secs] 
3398.330: [GC 3398.330: [ParNew: 148294K->263K(166528K), 0.0028150 secs] 215246K->67218K(3127232K) icms_dc=0 , 0.0029420 secs] [Times: user=0.03 sys=0.00, real=0.00 secs] 
3400.759: [GC 3400.759: [ParNew: 148295K->246K(166528K), 0.0030270 secs] 215250K->67204K(3127232K) icms_dc=0 , 0.0031530 secs] [Times: user=0.01 sys=0.00, real=0.00 secs] 
3403.364: [GC 3403.364: [ParNew: 148278K->253K(166528K), 0.0026110 secs] 215236K->67223K(3127232K) icms_dc=0 , 0.0027350 secs] [Times: user=0.02 sys=0.00, real=0.00 secs] 
3406.123: [GC 3406.123: [ParNew: 148285K->237K(166528K), 0.0024020 secs] 215255K->67208K(3127232K) icms_dc=0 , 0.0025520 secs] [Times: user=0.02 sys=0.00, real=0.01 secs] 
3408.963: [GC 3408.963: [ParNew: 148269K->236K(166528K), 0.0026300 secs] 215240K->67207K(3127232K) icms_dc=0 , 0.0027530 secs] [Times: user=0.01 sys=0.00, real=0.01 secs] 
3411.416: [GC 3411.416: [ParNew: 148268K->239K(166528K), 0.0031600 secs] 215239K->67210K(3127232K) icms_dc=0 , 0.0032860 secs] [Times: user=0.03 sys=0.00, real=0.00 secs] 
3414.272: [GC 3414.272: [ParNew: 148271K->202K(166528K), 0.0028650 secs] 215242K->67175K(3127232K) icms_dc=0 , 0.0029900 secs] [Times: user=0.01 sys=0.00, real=0.00 secs] 
3416.964: [GC 3416.964: [ParNew: 148234K->263K(166528K), 0.0032300 secs] 215207K->67241K(3127232K) icms_dc=0 , 0.0033570 secs] [Times: user=0.02 sys=0.00, real=0.01 secs] 
3419.670: [GC 3419.670: [ParNew: 148295K->263K(166528K), 0.0032310 secs] 215273K->67244K(3127232K) icms_dc=0 , 0.0033550 secs] [Times: user=0.02 sys=0.00, real=0.00 secs] 
3422.622: [GC 3422.622: [ParNew: 148295K->212K(166528K), 0.0027020 secs] 215276K->67194K(3127232K) icms_dc=0 , 0.0028290 secs] [Times: user=0.02 sys=0.00, real=0.00 secs] 
3425.542: [GC 3425.542: [ParNew: 148244K->223K(166528K), 0.0028530 secs] 215226K->67207K(3127232K) icms_dc=0 , 0.0029790 secs] [Times: user=0.01 sys=0.00, real=0.00 secs] 
3428.258: [GC 3428.258: [ParNew: 148255K->274K(166528K), 0.0023380 secs] 215239K->67258K(3127232K) icms_dc=0 , 0.0024600 secs] [Times: user=0.00 sys=0.00, real=0.01 secs] 
3430.900: [GC 3430.900: [ParNew: 148306K->260K(166528K), 0.0031680 secs] 215290K->67245K(3127232K) icms_dc=0 , 0.0033010 secs] [Times: user=0.03 sys=0.00, real=0.00 secs] 
3433.839: [GC 3433.839: [ParNew: 148292K->282K(166528K), 0.0020300 secs] 215277K->67267K(3127232K) icms_dc=0 , 0.0021540 secs] [Times: user=0.02 sys=0.00, real=0.01 secs] 
3436.445: [GC 3436.445: [ParNew: 148314K->231K(166528K), 0.0026190 secs] 215299K->67222K(3127232K) icms_dc=0 , 0.0027490 secs] [Times: user=0.01 sys=0.00, real=0.00 secs] 
3439.056: [GC 3439.056: [ParNew: 148263K->282K(166528K), 0.0029010 secs] 215254K->67273K(3127232K) icms_dc=0 , 0.0030240 secs] [Times: user=0.02 sys=0.00, real=0.00 secs] 
3442.039: [GC 3442.039: [ParNew: 148314K->219K(166528K), 0.0026670 secs] 215305K->67211K(3127232K) icms_dc=0 , 0.0027950 secs] [Times: user=0.02 sys=0.00, real=0.01 secs] 
3444.588: [GC 3444.588: [ParNew: 148251K->211K(166528K), 0.0028320 secs] 215243K->67208K(3127232K) icms_dc=0 , 0.0029550 secs] [Times: user=0.02 sys=0.00, real=0.01 secs] 
3447.243: [GC 3447.243: [ParNew: 148243K->237K(166528K), 0.0024030 secs] 215240K->67234K(3127232K) icms_dc=0 , 0.0026140 secs] [Times: user=0.03 sys=0.00, real=0.00 secs] 
3449.997: [GC 3449.997: [ParNew: 148269K->252K(166528K), 0.0022460 secs] 215266K->67251K(3127232K) icms_dc=0 , 0.0023760 secs] [Times: user=0.02 sys=0.00, real=0.00 secs] 
3452.654: [GC 3452.654: [ParNew: 148284K->255K(166528K), 0.0028570 secs] 215283K->67254K(3127232K) icms_dc=0 , 0.0029810 secs] [Times: user=0.01 sys=0.00, real=0.00 secs] 
3455.199: [GC 3455.199: [ParNew: 148287K->241K(166528K), 0.0026660 secs] 215286K->67243K(3127232K) icms_dc=0 , 0.0028060 secs] [Times: user=0.02 sys=0.00, real=0.01 secs] 
3457.995: [GC 3457.995: [ParNew: 148273K->247K(166528K), 0.0032320 secs] 215275K->67260K(3127232K) icms_dc=0 , 0.0033550 secs] [Times: user=0.02 sys=0.01, real=0.00 secs] 
3461.034: [GC 3461.035: [ParNew: 148279K->240K(166528K), 0.0027290 secs] 215292K->67253K(3127232K) icms_dc=0 , 0.0028540 secs] [Times: user=0.01 sys=0.00, real=0.00 secs] 
3463.559: [GC 3463.559: [ParNew: 148272K->260K(166528K), 0.0028280 secs] 215285K->67274K(3127232K) icms_dc=0 , 0.0029500 secs] [Times: user=0.01 sys=0.00, real=0.00 secs] 
3466.504: [GC 3466.504: [ParNew: 148292K->213K(166528K), 0.0024720 secs] 215306K->67229K(3127232K) icms_dc=0 , 0.0026010 secs] [Times: user=0.02 sys=0.00, real=0.01 secs] 
3469.016: [GC 3469.016: [ParNew: 148245K->228K(166528K), 0.0029040 secs] 215261K->67244K(3127232K) icms_dc=0 , 0.0030280 secs] [Times: user=0.01 sys=0.00, real=0.00 secs] 
3471.745: [GC 3471.745: [ParNew: 148260K->241K(166528K), 0.0030350 secs] 215276K->67257K(3127232K) icms_dc=0 , 0.0031610 secs] [Times: user=0.03 sys=0.00, real=0.00 secs] 
3474.517: [GC 3474.517: [ParNew: 148273K->213K(166528K), 0.0028670 secs] 215289K->67230K(3127232K) icms_dc=0 , 0.0029920 secs] [Times: user=0.02 sys=0.00, real=0.00 secs] 
3477.113: [GC 3477.113: [ParNew: 148245K->220K(166528K), 0.0021350 secs] 215262K->67243K(3127232K) icms_dc=0 , 0.0022600 secs] [Times: user=0.02 sys=0.00, real=0.00 secs] 
3479.918: [GC 3479.918: [ParNew: 148252K->208K(166528K), 0.0025990 secs] 215275K->67231K(3127232K) icms_dc=0 , 0.0027260 secs] [Times: user=0.01 sys=0.00, real=0.00 secs] 
3482.562: [GC 3482.562: [ParNew: 148240K->226K(166528K), 0.0026560 secs] 215263K->67249K(3127232K) icms_dc=0 , 0.0028610 secs] [Times: user=0.01 sys=0.00, real=0.00 secs] 
3485.299: [GC 3485.299: [ParNew: 148258K->199K(166528K), 0.0026360 secs] 215281K->67223K(3127232K) icms_dc=0 , 0.0027630 secs] [Times: user=0.01 sys=0.00, real=0.00 secs] 
3488.094: [GC 3488.094: [ParNew: 148231K->190K(166528K), 0.0023900 secs] 215255K->67214K(3127232K) icms_dc=0 , 0.0025180 secs] [Times: user=0.01 sys=0.00, real=0.00 secs] 
3490.838: [GC 3490.838: [ParNew: 148222K->253K(166528K), 0.0030340 secs] 215246K->67278K(3127232K) icms_dc=0 , 0.0031610 secs] [Times: user=0.02 sys=0.01, real=0.01 secs] 
3493.465: [GC 3493.465: [ParNew: 148285K->260K(166528K), 0.0029500 secs] 215310K->67286K(3127232K) icms_dc=0 , 0.0031000 secs] [Times: user=0.02 sys=0.00, real=0.01 secs] 
3496.240: [GC 3496.240: [ParNew: 148292K->226K(166528K), 0.0028350 secs] 215318K->67255K(3127232K) icms_dc=0 , 0.0029630 secs] [Times: user=0.02 sys=0.00, real=0.00 secs] 
3498.839: [GC 3498.839: [ParNew: 148258K->232K(166528K), 0.0021800 secs] 215287K->67265K(3127232K) icms_dc=0 , 0.0023000 secs] [Times: user=0.02 sys=0.00, real=0.01 secs] 
3501.541: [GC 3501.541: [ParNew: 148264K->205K(166528K), 0.0022900 secs] 215297K->67240K(3127232K) icms_dc=0 , 0.0024200 secs] [Times: user=0.02 sys=0.00, real=0.00 secs] 
3504.500: [GC 3504.500: [ParNew: 148237K->220K(166528K), 0.0024720 secs] 215272K->67258K(3127232K) icms_dc=0 , 0.0025990 secs] [Times: user=0.01 sys=0.00, real=0.01 secs] 
3507.204: [GC 3507.204: [ParNew: 148252K->255K(166528K), 0.0032740 secs] 215290K->67294K(3127232K) icms_dc=0 , 0.0034060 secs] [Times: user=0.02 sys=0.00, real=0.00 secs] 
3510.365: [GC 3510.366: [ParNew: 148287K->244K(166528K), 0.0038290 secs] 215326K->67283K(3127232K) icms_dc=0 , 0.0039570 secs] [Times: user=0.03 sys=0.00, real=0.00 secs] 
3513.388: [GC 3513.388: [ParNew: 148276K->231K(166528K), 0.0028740 secs] 215315K->67271K(3127232K) icms_dc=0 , 0.0030000 secs] [Times: user=0.03 sys=0.00, real=0.01 secs] 
3516.195: [GC 3516.195: [ParNew: 148263K->226K(166528K), 0.0024950 secs] 215303K->67271K(3127232K) icms_dc=0 , 0.0026260 secs] [Times: user=0.01 sys=0.00, real=0.00 secs] 
3518.848: [GC 3518.848: [ParNew: 148258K->233K(166528K), 0.0024800 secs] 215303K->67282K(3127232K) icms_dc=0 , 0.0026050 secs] [Times: user=0.02 sys=0.00, real=0.00 secs] 
3521.456: [GC 3521.456: [ParNew: 148265K->217K(166528K), 0.0028720 secs] 215314K->67273K(3127232K) icms_dc=0 , 0.0029980 secs] [Times: user=0.02 sys=0.00, real=0.00 secs] 
3523.918: [GC 3523.918: [ParNew: 148249K->213K(166528K), 0.0030080 secs] 215305K->67272K(3127232K) icms_dc=0 , 0.0031600 secs] [Times: user=0.03 sys=0.00, real=0.00 secs] 
3526.378: [GC 3526.378: [ParNew: 148245K->228K(166528K), 0.0027140 secs] 215304K->67290K(3127232K) icms_dc=0 , 0.0028400 secs] [Times: user=0.02 sys=0.00, real=0.00 secs] 
3529.045: [GC 3529.045: [ParNew: 148260K->221K(166528K), 0.0026630 secs] 215322K->67285K(3127232K) icms_dc=0 , 0.0027910 secs] [Times: user=0.01 sys=0.00, real=0.00 secs] 
3531.906: [GC 3531.906: [ParNew: 148253K->212K(166528K), 0.0022120 secs] 215317K->67276K(3127232K) icms_dc=0 , 0.0023380 secs] [Times: user=0.03 sys=0.00, real=0.00 secs] 
3534.508: [GC 3534.509: [ParNew: 148244K->243K(166528K), 0.0023450 secs] 215308K->67318K(3127232K) icms_dc=0 , 0.0024730 secs] [Times: user=0.02 sys=0.00, real=0.00 secs] 
3537.014: [GC 3537.014: [ParNew: 148275K->227K(166528K), 0.0031390 secs] 215350K->67304K(3127232K) icms_dc=0 , 0.0032650 secs] [Times: user=0.01 sys=0.00, real=0.01 secs] 
3539.526: [GC 3539.526: [ParNew: 148259K->239K(166528K), 0.0032820 secs] 215336K->67319K(3127232K) icms_dc=0 , 0.0034880 secs] [Times: user=0.02 sys=0.00, real=0.00 secs] 
3542.346: [GC 3542.346: [ParNew: 148271K->249K(166528K), 0.0029080 secs] 215351K->67329K(3127232K) icms_dc=0 , 0.0030390 secs] [Times: user=0.03 sys=0.00, real=0.00 secs] 
3544.893: [GC 3544.893: [ParNew: 148281K->249K(166528K), 0.0029360 secs] 215361K->67330K(3127232K) icms_dc=0 , 0.0030600 secs] [Times: user=0.03 sys=0.00, real=0.00 secs] 
3547.668: [GC 3547.668: [ParNew: 148281K->213K(166528K), 0.0028610 secs] 215362K->67297K(3127232K) icms_dc=0 , 0.0029830 secs] [Times: user=0.03 sys=0.00, real=0.00 secs] 
3550.259: [GC 3550.259: [ParNew: 148245K->246K(166528K), 0.0027250 secs] 215329K->67331K(3127232K) icms_dc=0 , 0.0028510 secs] [Times: user=0.01 sys=0.00, real=0.00 secs] 
3553.164: [GC 3553.164: [ParNew: 148278K->270K(166528K), 0.0032870 secs] 215363K->67356K(3127232K) icms_dc=0 , 0.0034190 secs] [Times: user=0.02 sys=0.00, real=0.01 secs] 
3555.966: [GC 3555.966: [ParNew: 148302K->272K(166528K), 0.0025490 secs] 215388K->67359K(3127232K) icms_dc=0 , 0.0026800 secs] [Times: user=0.02 sys=0.00, real=0.01 secs] 
3558.631: [GC 3558.631: [ParNew: 148304K->277K(166528K), 0.0029170 secs] 215391K->67370K(3127232K) icms_dc=0 , 0.0030360 secs] [Times: user=0.02 sys=0.00, real=0.00 secs] 
3561.181: [GC 3561.181: [ParNew: 148309K->235K(166528K), 0.0024770 secs] 215402K->67329K(3127232K) icms_dc=0 , 0.0026040 secs] [Times: user=0.01 sys=0.00, real=0.00 secs] 
3563.754: [GC 3563.754: [ParNew: 148267K->226K(166528K), 0.0030390 secs] 215361K->67321K(3127232K) icms_dc=0 , 0.0031580 secs] [Times: user=0.01 sys=0.00, real=0.00 secs] 
3566.353: [GC 3566.353: [ParNew: 148258K->236K(166528K), 0.0031850 secs] 215353K->67332K(3127232K) icms_dc=0 , 0.0033230 secs] [Times: user=0.02 sys=0.00, real=0.00 secs] 
3569.019: [GC 3569.019: [ParNew: 148268K->249K(166528K), 0.0025820 secs] 215364K->67345K(3127232K) icms_dc=0 , 0.0027030 secs] [Times: user=0.01 sys=0.00, real=0.00 secs] 
3571.721: [GC 3571.721: [ParNew: 148281K->229K(166528K), 0.0028970 secs] 215377K->67326K(3127232K) icms_dc=0 , 0.0030240 secs] [Times: user=0.02 sys=0.01, real=0.00 secs] 
3574.470: [GC 3574.470: [ParNew: 148261K->249K(166528K), 0.0030260 secs] 215358K->67347K(3127232K) icms_dc=0 , 0.0031970 secs] [Times: user=0.03 sys=0.00, real=0.00 secs] 
3577.165: [GC 3577.166: [ParNew: 148281K->251K(166528K), 0.0027350 secs] 215379K->67350K(3127232K) icms_dc=0 , 0.0028600 secs] [Times: user=0.02 sys=0.00, real=0.00 secs] 
3579.959: [GC 3579.959: [ParNew: 148283K->250K(166528K), 0.0028860 secs] 215382K->67349K(3127232K) icms_dc=0 , 0.0030050 secs] [Times: user=0.03 sys=0.00, real=0.01 secs] 
3582.612: [GC 3582.613: [ParNew: 148282K->223K(166528K), 0.0027360 secs] 215381K->67324K(3127232K) icms_dc=0 , 0.0028570 secs] [Times: user=0.02 sys=0.00, real=0.00 secs] 
3585.296: [GC 3585.296: [ParNew: 148255K->237K(166528K), 0.0027810 secs] 215356K->67338K(3127232K) icms_dc=0 , 0.0029320 secs] [Times: user=0.02 sys=0.00, real=0.00 secs] 
3587.820: [GC 3587.820: [ParNew: 148269K->205K(166528K), 0.0027250 secs] 215370K->67312K(3127232K) icms_dc=0 , 0.0028500 secs] [Times: user=0.02 sys=0.00, real=0.01 secs] 
3590.322: [GC 3590.322: [ParNew: 148237K->235K(166528K), 0.0027670 secs] 215344K->67341K(3127232K) icms_dc=0 , 0.0029080 secs] [Times: user=0.01 sys=0.00, real=0.01 secs] 
3592.902: [GC 3592.902: [ParNew: 148267K->241K(166528K), 0.0029130 secs] 215373K->67348K(3127232K) icms_dc=0 , 0.0030360 secs] [Times: user=0.01 sys=0.00, real=0.01 secs] 
3595.192: [GC 3595.192: [ParNew: 148273K->264K(166528K), 0.0025030 secs] 215380K->67372K(3127232K) icms_dc=0 , 0.0026290 secs] [Times: user=0.01 sys=0.00, real=0.01 secs] 
3597.689: [GC 3597.689: [ParNew: 148296K->233K(166528K), 0.0027820 secs] 215404K->67342K(3127232K) icms_dc=0 , 0.0029180 secs] [Times: user=0.02 sys=0.00, real=0.00 secs] 
3600.651: [GC 3600.651: [ParNew: 148265K->195K(166528K), 0.0028150 secs] 215374K->67304K(3127232K) icms_dc=0 , 0.0030190 secs] [Times: user=0.02 sys=0.00, real=0.01 secs] 
3603.425: [GC 3603.426: [ParNew: 148227K->207K(166528K), 0.0021000 secs] 215336K->67319K(3127232K) icms_dc=0 , 0.0022210 secs] [Times: user=0.02 sys=0.00, real=0.00 secs] 
3606.151: [GC 3606.151: [ParNew: 148239K->258K(166528K), 0.0027820 secs] 215351K->67370K(3127232K) icms_dc=0 , 0.0029090 secs] [Times: user=0.02 sys=0.00, real=0.00 secs] 
3608.706: [GC 3608.706: [ParNew: 148290K->222K(166528K), 0.0027950 secs] 215402K->67335K(3127232K) icms_dc=0 , 0.0029160 secs] [Times: user=0.03 sys=0.00, real=0.01 secs] 
3611.432: [GC 3611.432: [ParNew: 148254K->227K(166528K), 0.0023910 secs] 215367K->67344K(3127232K) icms_dc=0 , 0.0025160 secs] [Times: user=0.02 sys=0.00, real=0.00 secs] 
3614.411: [GC 3614.411: [ParNew: 148259K->237K(166528K), 0.0026730 secs] 215376K->67355K(3127232K) icms_dc=0 , 0.0027970 secs] [Times: user=0.03 sys=0.00, real=0.00 secs] 
3617.023: [GC 3617.023: [ParNew: 148269K->211K(166528K), 0.0025190 secs] 215387K->67332K(3127232K) icms_dc=0 , 0.0026480 secs] [Times: user=0.02 sys=0.00, real=0.00 secs] 
3619.480: [GC 3619.480: [ParNew: 148243K->231K(166528K), 0.0026420 secs] 215364K->67354K(3127232K) icms_dc=0 , 0.0027770 secs] [Times: user=0.02 sys=0.00, real=0.00 secs] 
3622.324: [GC 3622.324: [ParNew: 148263K->265K(166528K), 0.0031780 secs] 215386K->67388K(3127232K) icms_dc=0 , 0.0033040 secs] [Times: user=0.01 sys=0.01, real=0.00 secs] 
3625.022: [GC 3625.022: [ParNew: 148297K->254K(166528K), 0.0029950 secs] 215420K->67378K(3127232K) icms_dc=0 , 0.0031240 secs] [Times: user=0.02 sys=0.00, real=0.00 secs] 
3627.717: [GC 3627.717: [ParNew: 148286K->222K(166528K), 0.0025130 secs] 215410K->67349K(3127232K) icms_dc=0 , 0.0026340 secs] [Times: user=0.01 sys=0.00, real=0.01 secs] 
3630.225: [GC 3630.225: [ParNew: 148254K->243K(166528K), 0.0023370 secs] 215381K->67370K(3127232K) icms_dc=0 , 0.0024640 secs] [Times: user=0.03 sys=0.00, real=0.00 secs] 
3632.857: [GC 3632.857: [ParNew: 148275K->266K(166528K), 0.0024070 secs] 215402K->67394K(3127232K) icms_dc=0 , 0.0025300 secs] [Times: user=0.02 sys=0.01, real=0.01 secs] 
3635.674: [GC 3635.674: [ParNew: 148298K->242K(166528K), 0.0033040 secs] 215426K->67371K(3127232K) icms_dc=0 , 0.0034370 secs] [Times: user=0.02 sys=0.00, real=0.00 secs] 
3638.406: [GC 3638.406: [ParNew: 148274K->254K(166528K), 0.0022800 secs] 215403K->67393K(3127232K) icms_dc=0 , 0.0024010 secs] [Times: user=0.02 sys=0.00, real=0.00 secs] 
3640.901: [GC 3640.901: [ParNew: 148286K->274K(166528K), 0.0026790 secs] 215425K->67416K(3127232K) icms_dc=0 , 0.0028070 secs] [Times: user=0.03 sys=0.00, real=0.00 secs] 
3643.288: [GC 3643.289: [ParNew: 148306K->239K(166528K), 0.0022760 secs] 215448K->67392K(3127232K) icms_dc=0 , 0.0023980 secs] [Times: user=0.02 sys=0.01, real=0.01 secs] 
3646.064: [GC 3646.065: [ParNew: 148271K->259K(166528K), 0.0030010 secs] 215424K->67418K(3127232K) icms_dc=0 , 0.0031270 secs] [Times: user=0.02 sys=0.00, real=0.00 secs] 
3648.653: [GC 3648.653: [ParNew: 148291K->232K(166528K), 0.0029300 secs] 215450K->67394K(3127232K) icms_dc=0 , 0.0030500 secs] [Times: user=0.01 sys=0.00, real=0.00 secs] 
3651.361: [GC 3651.361: [ParNew: 148264K->224K(166528K), 0.0022480 secs] 215426K->67387K(3127232K) icms_dc=0 , 0.0023730 secs] [Times: user=0.02 sys=0.00, real=0.01 secs] 
3653.858: [GC 3653.858: [ParNew: 148256K->236K(166528K), 0.0026180 secs] 215419K->67403K(3127232K) icms_dc=0 , 0.0027480 secs] [Times: user=0.02 sys=0.00, real=0.00 secs] 
3656.668: [GC 3656.669: [ParNew: 148268K->273K(166528K), 0.0031960 secs] 215435K->67441K(3127232K) icms_dc=0 , 0.0033240 secs] [Times: user=0.02 sys=0.00, real=0.00 secs] 
3659.156: [GC 3659.156: [ParNew: 148305K->264K(166528K), 0.0033630 secs] 215473K->67436K(3127232K) icms_dc=0 , 0.0034890 secs] [Times: user=0.01 sys=0.00, real=0.00 secs] 
3661.762: [GC 3661.762: [ParNew: 148296K->261K(166528K), 0.0026450 secs] 215468K->67434K(3127232K) icms_dc=0 , 0.0028600 secs] [Times: user=0.02 sys=0.00, real=0.01 secs] 
3664.477: [GC 3664.477: [ParNew: 148293K->257K(166528K), 0.0027640 secs] 215466K->67431K(3127232K) icms_dc=0 , 0.0029000 secs] [Times: user=0.03 sys=0.00, real=0.00 secs] 
3667.017: [GC 3667.017: [ParNew: 148289K->253K(166528K), 0.0029950 secs] 215463K->67438K(3127232K) icms_dc=0 , 0.0031230 secs] [Times: user=0.02 sys=0.00, real=0.00 secs] 
3669.656: [GC 3669.656: [ParNew: 148285K->243K(166528K), 0.0022840 secs] 215470K->67431K(3127232K) icms_dc=0 , 0.0024090 secs] [Times: user=0.02 sys=0.00, real=0.00 secs] 
3672.384: [GC 3672.384: [ParNew: 148275K->240K(166528K), 0.0027180 secs] 215463K->67429K(3127232K) icms_dc=0 , 0.0028430 secs] [Times: user=0.02 sys=0.00, real=0.01 secs] 
3675.283: [GC 3675.283: [ParNew: 148272K->231K(166528K), 0.0026730 secs] 215461K->67424K(3127232K) icms_dc=0 , 0.0028000 secs] [Times: user=0.02 sys=0.00, real=0.00 secs] 
3677.900: [GC 3677.900: [ParNew: 148263K->225K(166528K), 0.0025500 secs] 215456K->67419K(3127232K) icms_dc=0 , 0.0026780 secs] [Times: user=0.01 sys=0.00, real=0.00 secs] 
3680.385: [GC 3680.385: [ParNew: 148257K->243K(166528K), 0.0030580 secs] 215451K->67441K(3127232K) icms_dc=0 , 0.0031840 secs] [Times: user=0.02 sys=0.00, real=0.01 secs] 
3683.100: [GC 3683.100: [ParNew: 148275K->253K(166528K), 0.0029100 secs] 215473K->67452K(3127232K) icms_dc=0 , 0.0030380 secs] [Times: user=0.02 sys=0.00, real=0.00 secs] 
3685.776: [GC 3685.776: [ParNew: 148285K->189K(166528K), 0.0028530 secs] 215484K->67389K(3127232K) icms_dc=0 , 0.0029820 secs] [Times: user=0.02 sys=0.00, real=0.01 secs] 
3688.499: [GC 3688.499: [ParNew: 148221K->211K(166528K), 0.0027050 secs] 215421K->67413K(3127232K) icms_dc=0 , 0.0028320 secs] [Times: user=0.01 sys=0.00, real=0.00 secs] 
3691.141: [GC 3691.141: [ParNew: 148243K->234K(166528K), 0.0026470 secs] 215445K->67439K(3127232K) icms_dc=0 , 0.0027770 secs] [Times: user=0.03 sys=0.00, real=0.00 secs] 
3693.849: [GC 3693.849: [ParNew: 148266K->222K(166528K), 0.0026650 secs] 215471K->67428K(3127232K) icms_dc=0 , 0.0027880 secs] [Times: user=0.02 sys=0.00, real=0.00 secs] 
3696.569: [GC 3696.569: [ParNew: 148254K->255K(166528K), 0.0032300 secs] 215460K->67462K(3127232K) icms_dc=0 , 0.0033570 secs] [Times: user=0.03 sys=0.00, real=0.00 secs] 
3698.982: [GC 3698.982: [ParNew: 148287K->268K(166528K), 0.0025210 secs] 215494K->67477K(3127232K) icms_dc=0 , 0.0026450 secs] [Times: user=0.01 sys=0.00, real=0.00 secs] 
3701.542: [GC 3701.543: [ParNew: 148300K->261K(166528K), 0.0032640 secs] 215509K->67470K(3127232K) icms_dc=0 , 0.0033920 secs] [Times: user=0.02 sys=0.00, real=0.00 secs] 
3704.129: [GC 3704.129: [ParNew: 148293K->234K(166528K), 0.0026770 secs] 215502K->67453K(3127232K) icms_dc=0 , 0.0028020 secs] [Times: user=0.02 sys=0.00, real=0.01 secs] 
3706.891: [GC 3706.891: [ParNew: 148266K->208K(166528K), 0.0024300 secs] 215485K->67435K(3127232K) icms_dc=0 , 0.0025820 secs] [Times: user=0.02 sys=0.00, real=0.00 secs] 
3709.614: [GC 3709.614: [ParNew: 148240K->203K(166528K), 0.0026490 secs] 215467K->67430K(3127232K) icms_dc=0 , 0.0027710 secs] [Times: user=0.03 sys=0.00, real=0.00 secs] 
3712.288: [GC 3712.288: [ParNew: 148235K->244K(166528K), 0.0028850 secs] 215462K->67472K(3127232K) icms_dc=0 , 0.0030090 secs] [Times: user=0.02 sys=0.00, real=0.01 secs] 
3714.924: [GC 3714.925: [ParNew: 148276K->237K(166528K), 0.0032540 secs] 215504K->67466K(3127232K) icms_dc=0 , 0.0033840 secs] [Times: user=0.02 sys=0.00, real=0.00 secs] 
3717.586: [GC 3717.586: [ParNew: 148269K->233K(166528K), 0.0028460 secs] 215498K->67462K(3127232K) icms_dc=0 , 0.0029660 secs] [Times: user=0.03 sys=0.00, real=0.00 secs] 
3720.278: [GC 3720.278: [ParNew: 148265K->262K(166528K), 0.0022290 secs] 215494K->67492K(3127232K) icms_dc=0 , 0.0023550 secs] [Times: user=0.02 sys=0.00, real=0.00 secs] 
3722.738: [GC 3722.738: [ParNew: 148294K->240K(166528K), 0.0021640 secs] 215524K->67470K(3127232K) icms_dc=0 , 0.0022870 secs] [Times: user=0.01 sys=0.00, real=0.00 secs] 
3725.325: [GC 3725.325: [ParNew: 148272K->232K(166528K), 0.0022440 secs] 215502K->67465K(3127232K) icms_dc=0 , 0.0023950 secs] [Times: user=0.02 sys=0.00, real=0.00 secs] 
3728.096: [GC 3728.096: [ParNew: 148264K->226K(166528K), 0.0032090 secs] 215497K->67461K(3127232K) icms_dc=0 , 0.0033330 secs] [Times: user=0.01 sys=0.00, real=0.00 secs] 
3730.869: [GC 3730.870: [ParNew: 148258K->205K(166528K), 0.0025310 secs] 215493K->67441K(3127232K) icms_dc=0 , 0.0026560 secs] [Times: user=0.02 sys=0.01, real=0.00 secs] 
3733.655: [GC 3733.655: [ParNew: 148237K->248K(166528K), 0.0031570 secs] 215473K->67487K(3127232K) icms_dc=0 , 0.0032810 secs] [Times: user=0.02 sys=0.00, real=0.01 secs] 
3736.136: [GC 3736.136: [ParNew: 148280K->252K(166528K), 0.0023350 secs] 215519K->67494K(3127232K) icms_dc=0 , 0.0024600 secs] [Times: user=0.01 sys=0.00, real=0.00 secs] 
3738.967: [GC 3738.967: [ParNew: 148284K->222K(166528K), 0.0026840 secs] 215526K->67467K(3127232K) icms_dc=0 , 0.0028060 secs] [Times: user=0.01 sys=0.00, real=0.00 secs] 
3741.646: [GC 3741.646: [ParNew: 148254K->274K(166528K), 0.0027890 secs] 215499K->67522K(3127232K) icms_dc=0 , 0.0029180 secs] [Times: user=0.02 sys=0.00, real=0.01 secs] 
3744.280: [GC 3744.280: [ParNew: 148306K->226K(166528K), 0.0023220 secs] 215554K->67477K(3127232K) icms_dc=0 , 0.0024490 secs] [Times: user=0.01 sys=0.00, real=0.00 secs] 
3747.040: [GC 3747.040: [ParNew: 148258K->212K(166528K), 0.0027210 secs] 215509K->67463K(3127232K) icms_dc=0 , 0.0028490 secs] [Times: user=0.01 sys=0.00, real=0.00 secs] 
3749.580: [GC 3749.580: [ParNew: 148244K->255K(166528K), 0.0027240 secs] 215495K->67507K(3127232K) icms_dc=0 , 0.0028500 secs] [Times: user=0.02 sys=0.00, real=0.00 secs] 
3752.328: [GC 3752.328: [ParNew: 148287K->246K(166528K), 0.0027790 secs] 215539K->67505K(3127232K) icms_dc=0 , 0.0029140 secs] [Times: user=0.02 sys=0.00, real=0.00 secs] 
3754.954: [GC 3754.954: [ParNew: 148278K->233K(166528K), 0.0026810 secs] 215537K->67504K(3127232K) icms_dc=0 , 0.0028070 secs] [Times: user=0.03 sys=0.00, real=0.00 secs] 
3757.819: [GC 3757.820: [ParNew: 148265K->240K(166528K), 0.0024940 secs] 215536K->67514K(3127232K) icms_dc=0 , 0.0026170 secs] [Times: user=0.02 sys=0.00, real=0.00 secs] 
3760.604: [GC 3760.604: [ParNew: 148272K->299K(166528K), 0.0027350 secs] 215546K->67579K(3127232K) icms_dc=0 , 0.0028580 secs] [Times: user=0.01 sys=0.00, real=0.00 secs] 
3763.110: [GC 3763.111: [ParNew: 148331K->269K(166528K), 0.0027810 secs] 215611K->67553K(3127232K) icms_dc=0 , 0.0029040 secs] [Times: user=0.01 sys=0.00, real=0.00 secs] 
3765.910: [GC 3765.910: [ParNew: 148301K->240K(166528K), 0.0026370 secs] 215585K->67528K(3127232K) icms_dc=0 , 0.0027640 secs] [Times: user=0.01 sys=0.00, real=0.00 secs] 
3768.560: [GC 3768.560: [ParNew: 148272K->242K(166528K), 0.0024430 secs] 215560K->67535K(3127232K) icms_dc=0 , 0.0025640 secs] [Times: user=0.02 sys=0.00, real=0.00 secs] 
3771.234: [GC 3771.234: [ParNew: 148274K->247K(166528K), 0.0025710 secs] 215567K->67550K(3127232K) icms_dc=0 , 0.0026990 secs] [Times: user=0.01 sys=0.00, real=0.00 secs] 
3774.153: [GC 3774.153: [ParNew: 148180K->248K(166528K), 0.0026650 secs] 215483K->67555K(3127232K) icms_dc=0 , 0.0027990 secs] [Times: user=0.03 sys=0.00, real=0.00 secs] 
3777.193: [GC 3777.193: [ParNew: 148280K->252K(166528K), 0.0030600 secs] 215587K->67562K(3127232K) icms_dc=0 , 0.0031810 secs] [Times: user=0.01 sys=0.00, real=0.00 secs] 
3779.753: [GC 3779.753: [ParNew: 148284K->213K(166528K), 0.0025250 secs] 215594K->67524K(3127232K) icms_dc=0 , 0.0026480 secs] [Times: user=0.01 sys=0.00, real=0.00 secs] 
3782.557: [GC 3782.557: [ParNew: 148245K->232K(166528K), 0.0026060 secs] 215556K->67548K(3127232K) icms_dc=0 , 0.0027300 secs] [Times: user=0.01 sys=0.00, real=0.00 secs] 
3785.555: [GC 3785.555: [ParNew: 148264K->238K(166528K), 0.0031630 secs] 215580K->67555K(3127232K) icms_dc=0 , 0.0033040 secs] [Times: user=0.03 sys=0.00, real=0.00 secs] 
3788.275: [GC 3788.275: [ParNew: 148270K->235K(166528K), 0.0024230 secs] 215587K->67555K(3127232K) icms_dc=0 , 0.0025460 secs] [Times: user=0.02 sys=0.00, real=0.00 secs] 
3791.180: [GC 3791.180: [ParNew: 148267K->223K(166528K), 0.0028370 secs] 215587K->67543K(3127232K) icms_dc=0 , 0.0029630 secs] [Times: user=0.02 sys=0.00, real=0.01 secs] 
3794.060: [GC 3794.060: [ParNew: 148255K->227K(166528K), 0.0031740 secs] 215575K->67549K(3127232K) icms_dc=0 , 0.0032980 secs] [Times: user=0.02 sys=0.00, real=0.00 secs] 
3796.703: [GC 3796.703: [ParNew: 148259K->230K(166528K), 0.0027000 secs] 215581K->67552K(3127232K) icms_dc=0 , 0.0028240 secs] [Times: user=0.01 sys=0.00, real=0.01 secs] 
3799.464: [GC 3799.464: [ParNew: 148262K->237K(166528K), 0.0026690 secs] 215584K->67562K(3127232K) icms_dc=0 , 0.0028910 secs] [Times: user=0.03 sys=0.00, real=0.01 secs] 
3802.430: [GC 3802.430: [ParNew: 148269K->216K(166528K), 0.0024270 secs] 215594K->67543K(3127232K) icms_dc=0 , 0.0025530 secs] [Times: user=0.02 sys=0.00, real=0.00 secs] 
3805.067: [GC 3805.067: [ParNew: 148248K->225K(166528K), 0.0028270 secs] 215575K->67553K(3127232K) icms_dc=0 , 0.0029500 secs] [Times: user=0.02 sys=0.00, real=0.00 secs] 
3807.660: [GC 3807.661: [ParNew: 148257K->220K(166528K), 0.0029080 secs] 215585K->67552K(3127232K) icms_dc=0 , 0.0030280 secs] [Times: user=0.01 sys=0.00, real=0.00 secs] 
3810.365: [GC 3810.365: [ParNew: 148252K->263K(166528K), 0.0031770 secs] 215584K->67597K(3127232K) icms_dc=0 , 0.0033020 secs] [Times: user=0.02 sys=0.00, real=0.01 secs] 
3813.399: [GC 3813.399: [ParNew: 148295K->266K(166528K), 0.0025670 secs] 215629K->67602K(3127232K) icms_dc=0 , 0.0026900 secs] [Times: user=0.00 sys=0.00, real=0.00 secs] 
3815.934: [GC 3815.934: [ParNew: 148298K->237K(166528K), 0.0026620 secs] 215634K->67577K(3127232K) icms_dc=0 , 0.0027880 secs] [Times: user=0.02 sys=0.00, real=0.01 secs] 
3818.668: [GC 3818.668: [ParNew: 148269K->248K(166528K), 0.0037030 secs] 215609K->67591K(3127232K) icms_dc=0 , 0.0038230 secs] [Times: user=0.02 sys=0.00, real=0.00 secs] 
3821.462: [GC 3821.462: [ParNew: 148280K->225K(166528K), 0.0026600 secs] 215623K->67568K(3127232K) icms_dc=0 , 0.0027990 secs] [Times: user=0.03 sys=0.00, real=0.00 secs] 
3824.219: [GC 3824.220: [ParNew: 148257K->269K(166528K), 0.0025500 secs] 215600K->67614K(3127232K) icms_dc=0 , 0.0026700 secs] [Times: user=0.01 sys=0.01, real=0.00 secs] 
3826.985: [GC 3826.985: [ParNew: 148301K->221K(166528K), 0.0024630 secs] 215646K->67566K(3127232K) icms_dc=0 , 0.0026680 secs] [Times: user=0.02 sys=0.00, real=0.00 secs] 
3829.778: [GC 3829.779: [ParNew: 148253K->243K(166528K), 0.0030200 secs] 215598K->67589K(3127232K) icms_dc=0 , 0.0031440 secs] [Times: user=0.01 sys=0.00, real=0.01 secs] 
3832.301: [GC 3832.301: [ParNew: 148275K->205K(166528K), 0.0024720 secs] 215621K->67552K(3127232K) icms_dc=0 , 0.0025960 secs] [Times: user=0.01 sys=0.00, real=0.00 secs] 
3835.086: [GC 3835.086: [ParNew: 148237K->254K(166528K), 0.0032990 secs] 215584K->67602K(3127232K) icms_dc=0 , 0.0034260 secs] [Times: user=0.02 sys=0.00, real=0.00 secs] 
3837.605: [GC 3837.606: [ParNew: 148286K->266K(166528K), 0.0026000 secs] 215634K->67614K(3127232K) icms_dc=0 , 0.0027200 secs] [Times: user=0.01 sys=0.00, real=0.00 secs] 
3840.224: [GC 3840.224: [ParNew: 148298K->292K(166528K), 0.0026160 secs] 215646K->67649K(3127232K) icms_dc=0 , 0.0027400 secs] [Times: user=0.03 sys=0.00, real=0.00 secs] 
3843.153: [GC 3843.154: [ParNew: 148324K->246K(166528K), 0.0025130 secs] 215681K->67604K(3127232K) icms_dc=0 , 0.0026360 secs] [Times: user=0.01 sys=0.00, real=0.00 secs] 
3845.739: [GC 3845.739: [ParNew: 148278K->221K(166528K), 0.0030090 secs] 215636K->67582K(3127232K) icms_dc=0 , 0.0031370 secs] [Times: user=0.01 sys=0.00, real=0.01 secs] 
3848.582: [GC 3848.582: [ParNew: 148253K->285K(166528K), 0.0028830 secs] 215614K->67648K(3127232K) icms_dc=0 , 0.0030070 secs] [Times: user=0.01 sys=0.00, real=0.01 secs] 
3851.258: [GC 3851.258: [ParNew: 148317K->264K(166528K), 0.0024390 secs] 215680K->67628K(3127232K) icms_dc=0 , 0.0025640 secs] [Times: user=0.03 sys=0.00, real=0.00 secs] 
3853.860: [GC 3853.860: [ParNew: 148296K->262K(166528K), 0.0021270 secs] 215660K->67630K(3127232K) icms_dc=0 , 0.0022550 secs] [Times: user=0.02 sys=0.00, real=0.00 secs] 
3856.689: [GC 3856.689: [ParNew: 148294K->316K(166528K), 0.0025160 secs] 215662K->67692K(3127232K) icms_dc=0 , 0.0026430 secs] [Times: user=0.02 sys=0.00, real=0.00 secs] 
3859.527: [GC 3859.527: [ParNew: 148348K->254K(166528K), 0.0026480 secs] 215724K->67640K(3127232K) icms_dc=0 , 0.0027700 secs] [Times: user=0.01 sys=0.00, real=0.00 secs] 
3862.291: [GC 3862.291: [ParNew: 148286K->229K(166528K), 0.0029280 secs] 215672K->67616K(3127232K) icms_dc=0 , 0.0030620 secs] [Times: user=0.02 sys=0.00, real=0.01 secs] 
3865.158: [GC 3865.158: [ParNew: 148261K->260K(166528K), 0.0028740 secs] 215648K->67648K(3127232K) icms_dc=0 , 0.0029980 secs] [Times: user=0.02 sys=0.00, real=0.00 secs] 
3867.757: [GC 3867.757: [ParNew: 148292K->210K(166528K), 0.0026210 secs] 215680K->67600K(3127232K) icms_dc=0 , 0.0027420 secs] [Times: user=0.03 sys=0.00, real=0.00 secs] 
3870.291: [GC 3870.291: [ParNew: 148242K->219K(166528K), 0.0027010 secs] 215632K->67613K(3127232K) icms_dc=0 , 0.0028250 secs] [Times: user=0.02 sys=0.00, real=0.00 secs] 
3872.914: [GC 3872.915: [ParNew: 148251K->221K(166528K), 0.0027460 secs] 215645K->67618K(3127232K) icms_dc=0 , 0.0028670 secs] [Times: user=0.02 sys=0.00, real=0.01 secs] 
3875.571: [GC 3875.572: [ParNew: 148253K->218K(166528K), 0.0023810 secs] 215650K->67616K(3127232K) icms_dc=0 , 0.0025060 secs] [Times: user=0.01 sys=0.00, real=0.00 secs] 
3878.165: [GC 3878.165: [ParNew: 148250K->239K(166528K), 0.0027250 secs] 215648K->67646K(3127232K) icms_dc=0 , 0.0028480 secs] [Times: user=0.01 sys=0.00, real=0.01 secs] 
3880.683: [GC 3880.683: [ParNew: 148271K->222K(166528K), 0.0028180 secs] 215678K->67631K(3127232K) icms_dc=0 , 0.0029450 secs] [Times: user=0.03 sys=0.00, real=0.00 secs] 
3883.392: [GC 3883.392: [ParNew: 148254K->227K(166528K), 0.0022500 secs] 215663K->67637K(3127232K) icms_dc=0 , 0.0023740 secs] [Times: user=0.02 sys=0.00, real=0.00 secs] 
3885.889: [GC 3885.889: [ParNew: 148259K->239K(166528K), 0.0028410 secs] 215669K->67651K(3127232K) icms_dc=0 , 0.0029650 secs] [Times: user=0.02 sys=0.00, real=0.00 secs] 
3888.451: [GC 3888.451: [ParNew: 148271K->234K(166528K), 0.0027050 secs] 215683K->67647K(3127232K) icms_dc=0 , 0.0028300 secs] [Times: user=0.01 sys=0.00, real=0.00 secs] 
3891.169: [GC 3891.169: [ParNew: 148266K->230K(166528K), 0.0026950 secs] 215679K->67643K(3127232K) icms_dc=0 , 0.0028200 secs] [Times: user=0.02 sys=0.00, real=0.00 secs] 
3894.092: [GC 3894.092: [ParNew: 148262K->261K(166528K), 0.0023170 secs] 215675K->67679K(3127232K) icms_dc=0 , 0.0024400 secs] [Times: user=0.02 sys=0.00, real=0.00 secs] 
3896.924: [GC 3896.924: [ParNew: 148293K->223K(166528K), 0.0026570 secs] 215711K->67641K(3127232K) icms_dc=0 , 0.0027790 secs] [Times: user=0.01 sys=0.00, real=0.00 secs] 
3899.603: [GC 3899.603: [ParNew: 148255K->256K(166528K), 0.0034410 secs] 215673K->67674K(3127232K) icms_dc=0 , 0.0035620 secs] [Times: user=0.02 sys=0.00, real=0.00 secs] 
3902.458: [GC 3902.458: [ParNew: 148288K->266K(166528K), 0.0026710 secs] 215706K->67685K(3127232K) icms_dc=0 , 0.0027960 secs] [Times: user=0.01 sys=0.00, real=0.01 secs] 
3905.113: [GC 3905.113: [ParNew: 148298K->254K(166528K), 0.0024990 secs] 215717K->67679K(3127232K) icms_dc=0 , 0.0027160 secs] [Times: user=0.03 sys=0.00, real=0.00 secs] 
3907.644: [GC 3907.644: [ParNew: 148286K->259K(166528K), 0.0027840 secs] 215711K->67687K(3127232K) icms_dc=0 , 0.0029030 secs] [Times: user=0.03 sys=0.00, real=0.00 secs] 
3910.370: [GC 3910.370: [ParNew: 148291K->209K(166528K), 0.0027210 secs] 215719K->67640K(3127232K) icms_dc=0 , 0.0028420 secs] [Times: user=0.02 sys=0.00, real=0.01 secs] 
3913.310: [GC 3913.311: [ParNew: 148241K->248K(166528K), 0.0030290 secs] 215672K->67681K(3127232K) icms_dc=0 , 0.0031530 secs] [Times: user=0.01 sys=0.00, real=0.01 secs] 
3915.880: [GC 3915.881: [ParNew: 148280K->254K(166528K), 0.0021800 secs] 215713K->67689K(3127232K) icms_dc=0 , 0.0023070 secs] [Times: user=0.01 sys=0.01, real=0.01 secs] 
3918.567: [GC 3918.568: [ParNew: 148286K->235K(166528K), 0.0030530 secs] 215721K->67671K(3127232K) icms_dc=0 , 0.0031770 secs] [Times: user=0.01 sys=0.01, real=0.00 secs] 
3921.089: [GC 3921.089: [ParNew: 148267K->243K(166528K), 0.0025870 secs] 215703K->67681K(3127232K) icms_dc=0 , 0.0027110 secs] [Times: user=0.01 sys=0.00, real=0.00 secs] 
3923.820: [GC 3923.820: [ParNew: 148275K->264K(166528K), 0.0026450 secs] 215713K->67705K(3127232K) icms_dc=0 , 0.0027640 secs] [Times: user=0.02 sys=0.00, real=0.01 secs] 
3926.787: [GC 3926.787: [ParNew: 148296K->215K(166528K), 0.0024810 secs] 215737K->67662K(3127232K) icms_dc=0 , 0.0026030 secs] [Times: user=0.02 sys=0.00, real=0.00 secs] 
3929.430: [GC 3929.430: [ParNew: 148247K->248K(166528K), 0.0028840 secs] 215694K->67697K(3127232K) icms_dc=0 , 0.0030250 secs] [Times: user=0.02 sys=0.00, real=0.00 secs] 
3932.487: [GC 3932.487: [ParNew: 148280K->263K(166528K), 0.0025690 secs] 215729K->67713K(3127232K) icms_dc=0 , 0.0027000 secs] [Times: user=0.01 sys=0.00, real=0.00 secs] 
3935.296: [GC 3935.296: [ParNew: 148295K->239K(166528K), 0.0025320 secs] 215745K->67690K(3127232K) icms_dc=0 , 0.0026560 secs] [Times: user=0.01 sys=0.00, real=0.00 secs] 
3938.144: [GC 3938.144: [ParNew: 148271K->237K(166528K), 0.0032700 secs] 215722K->67689K(3127232K) icms_dc=0 , 0.0033970 secs] [Times: user=0.02 sys=0.00, real=0.01 secs] 
3940.561: [GC 3940.562: [ParNew: 148269K->242K(166528K), 0.0026500 secs] 215721K->67695K(3127232K) icms_dc=0 , 0.0027740 secs] [Times: user=0.01 sys=0.00, real=0.00 secs] 
3943.091: [GC 3943.091: [ParNew: 148274K->275K(166528K), 0.0024950 secs] 215727K->67735K(3127232K) icms_dc=0 , 0.0026400 secs] [Times: user=0.03 sys=0.00, real=0.00 secs] 
3945.770: [GC 3945.770: [ParNew: 148307K->224K(166528K), 0.0025870 secs] 215767K->67696K(3127232K) icms_dc=0 , 0.0027120 secs] [Times: user=0.03 sys=0.00, real=0.00 secs] 
3948.571: [GC 3948.571: [ParNew: 148256K->260K(166528K), 0.0020980 secs] 215728K->67739K(3127232K) icms_dc=0 , 0.0022280 secs] [Times: user=0.01 sys=0.00, real=0.00 secs] 
3951.180: [GC 3951.180: [ParNew: 148292K->248K(166528K), 0.0026890 secs] 215771K->67731K(3127232K) icms_dc=0 , 0.0028140 secs] [Times: user=0.02 sys=0.00, real=0.00 secs] 
3953.724: [GC 3953.724: [ParNew: 148280K->240K(166528K), 0.0025810 secs] 215763K->67729K(3127232K) icms_dc=0 , 0.0027060 secs] [Times: user=0.03 sys=0.00, real=0.00 secs] 
3956.293: [GC 3956.293: [ParNew: 148272K->278K(166528K), 0.0025300 secs] 215761K->67769K(3127232K) icms_dc=0 , 0.0026640 secs] [Times: user=0.01 sys=0.00, real=0.00 secs] 
3958.808: [GC 3958.808: [ParNew: 148310K->249K(166528K), 0.0029440 secs] 215801K->67739K(3127232K) icms_dc=0 , 0.0030610 secs] [Times: user=0.02 sys=0.00, real=0.01 secs] 
3961.379: [GC 3961.379: [ParNew: 148281K->233K(166528K), 0.0025040 secs] 215771K->67725K(3127232K) icms_dc=0 , 0.0026330 secs] [Times: user=0.02 sys=0.00, real=0.00 secs] 
3964.074: [GC 3964.074: [ParNew: 148265K->276K(166528K), 0.0029520 secs] 215757K->67771K(3127232K) icms_dc=0 , 0.0030780 secs] [Times: user=0.03 sys=0.00, real=0.00 secs] 
3966.783: [GC 3966.784: [ParNew: 148308K->262K(166528K), 0.0026760 secs] 215803K->67777K(3127232K) icms_dc=0 , 0.0028040 secs] [Times: user=0.02 sys=0.00, real=0.00 secs] 
3969.524: [GC 3969.524: [ParNew: 148294K->239K(166528K), 0.0027540 secs] 215809K->67755K(3127232K) icms_dc=0 , 0.0028790 secs] [Times: user=0.02 sys=0.00, real=0.00 secs] 
3972.509: [GC 3972.509: [ParNew: 148271K->227K(166528K), 0.0028360 secs] 215787K->67745K(3127232K) icms_dc=0 , 0.0029610 secs] [Times: user=0.02 sys=0.01, real=0.01 secs] 
3975.114: [GC 3975.114: [ParNew: 148259K->205K(166528K), 0.0027970 secs] 215777K->67725K(3127232K) icms_dc=0 , 0.0029240 secs] [Times: user=0.01 sys=0.00, real=0.00 secs] 
3978.227: [GC 3978.227: [ParNew: 148237K->220K(166528K), 0.0032920 secs] 215757K->67741K(3127232K) icms_dc=0 , 0.0034260 secs] [Times: user=0.01 sys=0.00, real=0.00 secs] 
3981.219: [GC 3981.219: [ParNew: 148252K->224K(166528K), 0.0028120 secs] 215773K->67746K(3127232K) icms_dc=0 , 0.0029370 secs] [Times: user=0.01 sys=0.00, real=0.01 secs] 
3984.133: [GC 3984.133: [ParNew: 148256K->205K(166528K), 0.0032840 secs] 215778K->67727K(3127232K) icms_dc=0 , 0.0034190 secs] [Times: user=0.03 sys=0.00, real=0.00 secs] 
3986.989: [GC 3986.989: [ParNew: 148237K->275K(166528K), 0.0024290 secs] 215759K->67798K(3127232K) icms_dc=0 , 0.0025550 secs] [Times: user=0.02 sys=0.00, real=0.00 secs] 
3989.682: [GC 3989.682: [ParNew: 148307K->241K(166528K), 0.0020380 secs] 215830K->67764K(3127232K) icms_dc=0 , 0.0021660 secs] [Times: user=0.00 sys=0.00, real=0.01 secs] 
3992.647: [GC 3992.647: [ParNew: 148273K->214K(166528K), 0.0027770 secs] 215796K->67738K(3127232K) icms_dc=0 , 0.0028980 secs] [Times: user=0.03 sys=0.00, real=0.00 secs] 
3995.218: [GC 3995.218: [ParNew: 148246K->251K(166528K), 0.0026730 secs] 215770K->67776K(3127232K) icms_dc=0 , 0.0028020 secs] [Times: user=0.01 sys=0.00, real=0.00 secs] 
3997.953: [GC 3997.954: [ParNew: 148283K->259K(166528K), 0.0028970 secs] 215808K->67788K(3127232K) icms_dc=0 , 0.0030190 secs] [Times: user=0.03 sys=0.00, real=0.01 secs] 
4000.915: [GC 4000.916: [ParNew: 148291K->257K(166528K), 0.0027960 secs] 215820K->67788K(3127232K) icms_dc=0 , 0.0029200 secs] [Times: user=0.02 sys=0.00, real=0.00 secs] 
4003.662: [GC 4003.662: [ParNew: 148289K->256K(166528K), 0.0025060 secs] 215820K->67788K(3127232K) icms_dc=0 , 0.0026280 secs] [Times: user=0.02 sys=0.00, real=0.00 secs] 
4006.522: [GC 4006.522: [ParNew: 148288K->239K(166528K), 0.0028260 secs] 215820K->67773K(3127232K) icms_dc=0 , 0.0029550 secs] [Times: user=0.02 sys=0.00, real=0.00 secs] 
4009.273: [GC 4009.273: [ParNew: 148271K->242K(166528K), 0.0033380 secs] 215805K->67777K(3127232K) icms_dc=0 , 0.0034630 secs] [Times: user=0.02 sys=0.00, real=0.01 secs] 
4012.135: [GC 4012.135: [ParNew: 148274K->228K(166528K), 0.0024060 secs] 215809K->67763K(3127232K) icms_dc=0 , 0.0025320 secs] [Times: user=0.02 sys=0.00, real=0.01 secs] 
4014.731: [GC 4014.731: [ParNew: 148260K->217K(166528K), 0.0024290 secs] 215795K->67753K(3127232K) icms_dc=0 , 0.0025540 secs] [Times: user=0.02 sys=0.01, real=0.00 secs] 
4017.182: [GC 4017.182: [ParNew: 148249K->223K(166528K), 0.0025530 secs] 215785K->67759K(3127232K) icms_dc=0 , 0.0026770 secs] [Times: user=0.00 sys=0.00, real=0.00 secs] 
4019.894: [GC 4019.894: [ParNew: 148255K->219K(166528K), 0.0024090 secs] 215791K->67757K(3127232K) icms_dc=0 , 0.0025330 secs] [Times: user=0.01 sys=0.01, real=0.00 secs] 
4022.592: [GC 4022.592: [ParNew: 148251K->243K(166528K), 0.0023520 secs] 215789K->67781K(3127232K) icms_dc=0 , 0.0024860 secs] [Times: user=0.02 sys=0.00, real=0.00 secs] 
4025.252: [GC 4025.252: [ParNew: 148275K->270K(166528K), 0.0031670 secs] 215813K->67812K(3127232K) icms_dc=0 , 0.0032940 secs] [Times: user=0.02 sys=0.00, real=0.00 secs] 
4027.909: [GC 4027.909: [ParNew: 148302K->282K(166528K), 0.0024490 secs] 215844K->67826K(3127232K) icms_dc=0 , 0.0025720 secs] [Times: user=0.01 sys=0.00, real=0.00 secs] 
4030.759: [GC 4030.759: [ParNew: 148314K->281K(166528K), 0.0029050 secs] 215858K->67833K(3127232K) icms_dc=0 , 0.0030310 secs] [Times: user=0.02 sys=0.00, real=0.01 secs] 
4033.472: [GC 4033.472: [ParNew: 148313K->231K(166528K), 0.0029730 secs] 215865K->67794K(3127232K) icms_dc=0 , 0.0030980 secs] [Times: user=0.02 sys=0.00, real=0.00 secs] 
4036.008: [GC 4036.008: [ParNew: 148263K->235K(166528K), 0.0023390 secs] 215826K->67803K(3127232K) icms_dc=0 , 0.0024780 secs] [Times: user=0.01 sys=0.00, real=0.01 secs] 
4038.828: [GC 4038.828: [ParNew: 148267K->254K(166528K), 0.0033660 secs] 215835K->67825K(3127232K) icms_dc=0 , 0.0034880 secs] [Times: user=0.01 sys=0.00, real=0.01 secs] 
4041.573: [GC 4041.573: [ParNew: 148286K->206K(166528K), 0.0030680 secs] 215857K->67778K(3127232K) icms_dc=0 , 0.0031940 secs] [Times: user=0.03 sys=0.00, real=0.00 secs] 
4044.252: [GC 4044.252: [ParNew: 148238K->219K(166528K), 0.0033950 secs] 215810K->67791K(3127232K) icms_dc=0 , 0.0035190 secs] [Times: user=0.02 sys=0.00, real=0.00 secs] 
4047.066: [GC 4047.066: [ParNew: 148251K->257K(166528K), 0.0026130 secs] 215823K->67830K(3127232K) icms_dc=0 , 0.0027390 secs] [Times: user=0.02 sys=0.00, real=0.00 secs] 
4049.674: [GC 4049.674: [ParNew: 148289K->254K(166528K), 0.0026820 secs] 215862K->67828K(3127232K) icms_dc=0 , 0.0028180 secs] [Times: user=0.01 sys=0.00, real=0.00 secs] 
4052.626: [GC 4052.626: [ParNew: 148286K->261K(166528K), 0.0026870 secs] 215860K->67839K(3127232K) icms_dc=0 , 0.0028870 secs] [Times: user=0.02 sys=0.00, real=0.00 secs] 
4055.268: [GC 4055.268: [ParNew: 148293K->242K(166528K), 0.0026390 secs] 215871K->67821K(3127232K) icms_dc=0 , 0.0027650 secs] [Times: user=0.01 sys=0.00, real=0.00 secs] 
4058.149: [GC 4058.149: [ParNew: 148274K->252K(166528K), 0.0029600 secs] 215853K->67842K(3127232K) icms_dc=0 , 0.0030850 secs] [Times: user=0.02 sys=0.00, real=0.00 secs] 
4060.809: [GC 4060.809: [ParNew: 148284K->241K(166528K), 0.0025580 secs] 215874K->67832K(3127232K) icms_dc=0 , 0.0026850 secs] [Times: user=0.01 sys=0.00, real=0.00 secs] 
4063.879: [GC 4063.879: [ParNew: 148273K->255K(166528K), 0.0024490 secs] 215864K->67846K(3127232K) icms_dc=0 , 0.0025750 secs] [Times: user=0.03 sys=0.00, real=0.00 secs] 
4066.357: [GC 4066.357: [ParNew: 148287K->276K(166528K), 0.0024550 secs] 215878K->67868K(3127232K) icms_dc=0 , 0.0025840 secs] [Times: user=0.01 sys=0.00, real=0.00 secs] 
4069.214: [GC 4069.214: [ParNew: 148308K->256K(166528K), 0.0032030 secs] 215900K->67856K(3127232K) icms_dc=0 , 0.0033270 secs] [Times: user=0.01 sys=0.01, real=0.01 secs] 
4072.116: [GC 4072.116: [ParNew: 148288K->211K(166528K), 0.0033910 secs] 215888K->67812K(3127232K) icms_dc=0 , 0.0035180 secs] [Times: user=0.02 sys=0.00, real=0.00 secs] 
4075.162: [GC 4075.162: [ParNew: 148243K->227K(166528K), 0.0028830 secs] 215844K->67829K(3127232K) icms_dc=0 , 0.0030140 secs] [Times: user=0.02 sys=0.00, real=0.00 secs] 
4078.045: [GC 4078.045: [ParNew: 148259K->248K(166528K), 0.0027260 secs] 215861K->67852K(3127232K) icms_dc=0 , 0.0028580 secs] [Times: user=0.02 sys=0.00, real=0.01 secs] 
4080.497: [GC 4080.497: [ParNew: 148280K->220K(166528K), 0.0023080 secs] 215884K->67824K(3127232K) icms_dc=0 , 0.0024360 secs] [Times: user=0.02 sys=0.00, real=0.00 secs] 
4083.499: [GC 4083.499: [ParNew: 148252K->253K(166528K), 0.0028120 secs] 215856K->67863K(3127232K) icms_dc=0 , 0.0029350 secs] [Times: user=0.02 sys=0.00, real=0.00 secs] 
4086.277: [GC 4086.277: [ParNew: 148285K->180K(166528K), 0.0022980 secs] 215895K->67792K(3127232K) icms_dc=0 , 0.0024260 secs] [Times: user=0.02 sys=0.00, real=0.01 secs] 
4088.849: [GC 4088.849: [ParNew: 148212K->237K(166528K), 0.0023300 secs] 215824K->67849K(3127232K) icms_dc=0 , 0.0024530 secs] [Times: user=0.02 sys=0.00, real=0.00 secs] 
4091.636: [GC 4091.636: [ParNew: 148269K->266K(166528K), 0.0022930 secs] 215881K->67881K(3127232K) icms_dc=0 , 0.0024190 secs] [Times: user=0.02 sys=0.00, real=0.00 secs] 
4094.614: [GC 4094.614: [ParNew: 148298K->253K(166528K), 0.0022260 secs] 215913K->67869K(3127232K) icms_dc=0 , 0.0023500 secs] [Times: user=0.01 sys=0.00, real=0.00 secs] 
4097.189: [GC 4097.189: [ParNew: 148285K->231K(166528K), 0.0029330 secs] 215901K->67847K(3127232K) icms_dc=0 , 0.0030560 secs] [Times: user=0.02 sys=0.00, real=0.01 secs] 
4099.923: [GC 4099.923: [ParNew: 148263K->231K(166528K), 0.0024590 secs] 215879K->67849K(3127232K) icms_dc=0 , 0.0025820 secs] [Times: user=0.02 sys=0.00, real=0.00 secs] 
4102.626: [GC 4102.626: [ParNew: 148263K->225K(166528K), 0.0025140 secs] 215881K->67843K(3127232K) icms_dc=0 , 0.0026440 secs]
