Total time for which application threads were stopped: 0.0001790 seconds
Total time for which application threads were stopped: 0.0001820 seconds
2012-01-20T09:03:26.607+0000: 0.985: [GC 0.985: [ParNew: 21888K->3898K(27328K), 0.0200740 secs] 21888K->3898K(4188864K), 0.0202140 secs] [Times: user=0.18 sys=0.01, real=0.02 secs] 
Total time for which application threads were stopped: 0.0205350 seconds
Total time for which application threads were stopped: 0.0008480 seconds
2012-01-20T09:03:26.909+0000: 1.287: [GC [1 CMS-initial-mark: 0K(4161536K)] 14931K(4188864K), 0.0092400 secs] [Times: user=0.01 sys=0.00, real=0.01 secs] 
Total time for which application threads were stopped: 0.0096290 seconds
2012-01-20T09:03:26.918+0000: 1.296: [CMS-concurrent-mark-start]
2012-01-20T09:03:26.929+0000: 1.307: [GC 1.307: [ParNew: 25749K->4691K(27328K), 0.0157540 secs] 25749K->4691K(4188864K), 0.0158640 secs] [Times: user=0.17 sys=0.02, real=0.01 secs] 
Total time for which application threads were stopped: 0.0160260 seconds
Total time for which application threads were stopped: 0.0001080 seconds
Total time for which application threads were stopped: 0.0000860 seconds
Total time for which application threads were stopped: 0.0000900 seconds
Total time for which application threads were stopped: 0.0000850 seconds
Total time for which application threads were stopped: 0.0000780 seconds
Total time for which application threads were stopped: 0.0000610 seconds
Total time for which application threads were stopped: 0.0000790 seconds
Total time for which application threads were stopped: 0.0000960 seconds
Total time for which application threads were stopped: 0.0000660 seconds
Total time for which application threads were stopped: 0.0000670 seconds
Total time for which application threads were stopped: 0.0000850 seconds
Total time for which application threads were stopped: 0.0000680 seconds
Total time for which application threads were stopped: 0.0000800 seconds
Total time for which application threads were stopped: 0.0000650 seconds
Total time for which application threads were stopped: 0.0000560 seconds
Total time for which application threads were stopped: 0.0000580 seconds
Total time for which application threads were stopped: 0.0000590 seconds
Total time for which application threads were stopped: 0.0000570 seconds
Total time for which application threads were stopped: 0.0000580 seconds
Total time for which application threads were stopped: 0.0000550 seconds
Total time for which application threads were stopped: 0.0001420 seconds
Total time for which application threads were stopped: 0.0000800 seconds
2012-01-20T09:03:27.419+0000: 1.798: [GC 1.798: [ParNew: 26579K->5439K(27328K), 0.0174400 secs] 26579K->6152K(4188864K), 0.0175370 secs] [Times: user=0.18 sys=0.01, real=0.02 secs] 
Total time for which application threads were stopped: 0.0178870 seconds
Total time for which application threads were stopped: 0.0001150 seconds
Total time for which application threads were stopped: 0.0000760 seconds
Total time for which application threads were stopped: 0.0000690 seconds
Total time for which application threads were stopped: 0.0000660 seconds
Total time for which application threads were stopped: 0.0000500 seconds
Total time for which application threads were stopped: 0.0003390 seconds
Total time for which application threads were stopped: 0.0001240 seconds
Total time for which application threads were stopped: 0.0000740 seconds
Total time for which application threads were stopped: 0.0000730 seconds
Total time for which application threads were stopped: 0.0000700 seconds
Total time for which application threads were stopped: 0.0000600 seconds
Total time for which application threads were stopped: 0.0000610 seconds
Total time for which application threads were stopped: 0.0000610 seconds
Total time for which application threads were stopped: 0.0000370 seconds
Total time for which application threads were stopped: 0.0000610 seconds
Total time for which application threads were stopped: 0.0000360 seconds
Total time for which application threads were stopped: 0.0000870 seconds
Total time for which application threads were stopped: 0.0000770 seconds
Total time for which application threads were stopped: 0.0000350 seconds
Total time for which application threads were stopped: 0.0000730 seconds
Total time for which application threads were stopped: 0.0001820 seconds
Total time for which application threads were stopped: 0.0006330 seconds
Total time for which application threads were stopped: 0.0000970 seconds
Total time for which application threads were stopped: 0.0000830 seconds
Total time for which application threads were stopped: 0.0000530 seconds
Total time for which application threads were stopped: 0.0000530 seconds
Total time for which application threads were stopped: 0.0000790 seconds
Total time for which application threads were stopped: 0.0000530 seconds
Total time for which application threads were stopped: 0.0000780 seconds
Total time for which application threads were stopped: 0.0000930 seconds
2012-01-20T09:03:27.686+0000: 2.064: [CMS-concurrent-mark: 0.018/0.768 secs] [Times: user=1.98 sys=0.07, real=0.77 secs] 
2012-01-20T09:03:27.686+0000: 2.064: [CMS-concurrent-preclean-start]
2012-01-20T09:03:27.717+0000: 2.095: [CMS-concurrent-preclean: 0.029/0.031 secs] [Times: user=0.12 sys=0.00, real=0.03 secs] 
2012-01-20T09:03:27.717+0000: 2.095: [CMS-concurrent-abortable-preclean-start]
2012-01-20T09:03:27.930+0000: 2.308: [GC 2.308: [ParNew: 27327K->4637K(27328K), 0.0471200 secs] 28040K->8448K(4188864K), 0.0472440 secs] [Times: user=0.40 sys=0.04, real=0.05 secs] 
Total time for which application threads were stopped: 0.0477510 seconds
Total time for which application threads were stopped: 0.0001520 seconds
Total time for which application threads were stopped: 0.0001410 seconds
Total time for which application threads were stopped: 0.0000630 seconds
Total time for which application threads were stopped: 0.0000780 seconds
Total time for which application threads were stopped: 0.0000720 seconds
Total time for which application threads were stopped: 0.0001070 seconds
Total time for which application threads were stopped: 0.0001040 seconds
Total time for which application threads were stopped: 0.0000940 seconds
Total time for which application threads were stopped: 0.0000730 seconds
Total time for which application threads were stopped: 0.0000640 seconds
Total time for which application threads were stopped: 0.0000750 seconds
Total time for which application threads were stopped: 0.0001680 seconds
2012-01-20T09:03:28.105+0000: 2.483: [CMS-concurrent-abortable-preclean: 0.033/0.389 secs] [Times: user=1.44 sys=0.06, real=0.38 secs] 
2012-01-20T09:03:28.106+0000: 2.484: [GC[YG occupancy: 16410 K (27328 K)]2.484: [Rescan (parallel) , 0.0095780 secs]2.493: [weak refs processing, 0.0001240 secs]2.494: [scrub string table, 0.0002750 secs] [1 CMS-remark: 3810K(4161536K)] 20221K(4188864K), 0.0101290 secs] [Times: user=0.13 sys=0.00, real=0.01 secs] 
Total time for which application threads were stopped: 0.0104130 seconds
2012-01-20T09:03:28.116+0000: 2.495: [CMS-concurrent-sweep-start]
2012-01-20T09:03:28.123+0000: 2.501: [CMS-concurrent-sweep: 0.006/0.006 secs] [Times: user=0.03 sys=0.00, real=0.00 secs] 
2012-01-20T09:03:28.123+0000: 2.501: [CMS-concurrent-reset-start]
Total time for which application threads were stopped: 0.0001490 seconds
2012-01-20T09:03:28.332+0000: 2.710: [GC 2.710: [ParNew: 26525K->3504K(27328K), 0.0155220 secs] 30336K->7315K(4188864K), 0.0156280 secs] [Times: user=0.20 sys=0.01, real=0.02 secs] 
Total time for which application threads were stopped: 0.0159120 seconds
Total time for which application threads were stopped: 0.0001530 seconds
Total time for which application threads were stopped: 0.0001410 seconds
Total time for which application threads were stopped: 0.0002720 seconds
Total time for which application threads were stopped: 0.0001160 seconds
Total time for which application threads were stopped: 0.0001290 seconds
Total time for which application threads were stopped: 0.0001050 seconds
Total time for which application threads were stopped: 0.0001090 seconds
Total time for which application threads were stopped: 0.0001320 seconds
Total time for which application threads were stopped: 0.0001100 seconds
Total time for which application threads were stopped: 0.0001110 seconds
2012-01-20T09:03:28.653+0000: 3.031: [GC 3.032: [ParNew: 25392K->4219K(27328K), 0.0160600 secs] 29203K->8428K(4188864K), 0.0161620 secs] [Times: user=0.19 sys=0.00, real=0.02 secs] 
Total time for which application threads were stopped: 0.0165580 seconds
Total time for which application threads were stopped: 0.0000900 seconds
2012-01-20T09:03:28.888+0000: 3.266: [GC 3.266: [ParNew: 26107K->3705K(27328K), 0.0156770 secs] 30316K->8326K(4188864K), 0.0157730 secs] [Times: user=0.17 sys=0.00, real=0.01 secs] 
Total time for which application threads were stopped: 0.0160030 seconds
2012-01-20T09:03:29.078+0000: 3.456: [GC 3.456: [ParNew: 25593K->4046K(27328K), 0.0180840 secs] 30214K->9135K(4188864K), 0.0181850 secs] [Times: user=0.20 sys=0.00, real=0.02 secs] 
Total time for which application threads were stopped: 0.0184470 seconds
Total time for which application threads were stopped: 0.0002700 seconds
2012-01-20T09:03:29.669+0000: 4.047: [GC 4.047: [ParNew: 25934K->3229K(27328K), 0.0190850 secs] 31023K->8969K(4188864K), 0.0191910 secs] [Times: user=0.21 sys=0.00, real=0.02 secs] 
Total time for which application threads were stopped: 0.0194670 seconds
Total time for which application threads were stopped: 0.0001220 seconds
Total time for which application threads were stopped: 0.0002650 seconds
Total time for which application threads were stopped: 0.0002410 seconds
2012-01-20T09:03:33.707+0000: 8.085: [CMS-concurrent-reset: 0.146/5.584 secs] [Times: user=3.64 sys=2.38, real=5.59 secs] 
2012-01-20T09:03:33.947+0000: 8.325: [GC 8.325: [ParNew: 25117K->3974K(27328K), 0.0198460 secs] 30857K->10414K(4188864K) icms_dc=5 , 0.0199590 secs] [Times: user=0.24 sys=0.01, real=0.02 secs] 
Total time for which application threads were stopped: 0.0202560 seconds
Total time for which application threads were stopped: 0.0001570 seconds
Total time for which application threads were stopped: 0.0001230 seconds
Total time for which application threads were stopped: 0.0002130 seconds
Total time for which application threads were stopped: 0.0001870 seconds
Total time for which application threads were stopped: 0.0000580 seconds
Total time for which application threads were stopped: 0.0001000 seconds
Total time for which application threads were stopped: 0.0000560 seconds
Total time for which application threads were stopped: 0.0002170 seconds
2012-01-20T09:03:34.351+0000: 8.729: [GC [1 CMS-initial-mark: 6440K(4161536K)] 21988K(4188864K), 0.0202820 secs] [Times: user=0.02 sys=0.00, real=0.02 secs] 
Total time for which application threads were stopped: 0.0215550 seconds
2012-01-20T09:03:34.372+0000: 8.750: [CMS-concurrent-mark-start]
2012-01-20T09:03:34.382+0000: 8.760: [GC 8.760: [ParNew: 25862K->5440K(27328K), 0.1173160 secs] 32302K->26583K(4188864K) icms_dc=5 , 0.1174430 secs] [Times: user=0.89 sys=0.05, real=0.12 secs] 
Total time for which application threads were stopped: 0.1177270 seconds
2012-01-20T09:03:34.516+0000: 8.894: [GC 8.895: [ParNew: 27328K->5440K(27328K), 0.1018720 secs] 48471K->49123K(4188864K) icms_dc=6 , 0.1020110 secs] [Times: user=1.02 sys=0.06, real=0.10 secs] 
Total time for which application threads were stopped: 0.1034320 seconds
2012-01-20T09:03:34.637+0000: 9.015: [GC 9.015: [ParNew: 27328K->5440K(27328K), 0.0955230 secs] 71011K->71013K(4188864K) icms_dc=21 , 0.0956530 secs] [Times: user=0.99 sys=0.05, real=0.09 secs] 
Total time for which application threads were stopped: 0.0959500 seconds
2012-01-20T09:03:34.750+0000: 9.129: [GC 9.129: [ParNew: 27328K->5440K(27328K), 0.0893200 secs] 92901K->93469K(4188864K) icms_dc=36 , 0.0894520 secs] [Times: user=0.92 sys=0.04, real=0.09 secs] 
Total time for which application threads were stopped: 0.0897510 seconds
2012-01-20T09:03:34.849+0000: 9.227: [CMS-concurrent-mark: 0.026/0.477 secs] [Times: user=4.01 sys=0.21, real=0.48 secs] 
2012-01-20T09:03:34.849+0000: 9.227: [CMS-concurrent-preclean-start]
2012-01-20T09:03:34.856+0000: 9.235: [GC 9.235: [ParNew: 27328K->5440K(27328K), 0.0883420 secs] 115357K->115758K(4188864K) icms_dc=51 , 0.0884450 secs] [Times: user=0.91 sys=0.02, real=0.08 secs] 
Total time for which application threads were stopped: 0.0888260 seconds
2012-01-20T09:03:35.266+0000: 9.644: [CMS-concurrent-preclean: 0.201/0.417 secs] [Times: user=1.17 sys=0.03, real=0.41 secs] 
2012-01-20T09:03:35.266+0000: 9.644: [CMS-concurrent-abortable-preclean-start]
2012-01-20T09:03:35.316+0000: 9.694: [GC 9.694: [ParNew: 27328K->5440K(27328K), 0.1687390 secs] 137646K->134474K(4188864K) icms_dc=64 , 0.1688470 secs] [Times: user=2.03 sys=0.02, real=0.17 secs] 
Total time for which application threads were stopped: 0.1690530 seconds
2012-01-20T09:03:35.499+0000: 9.877: [GC 9.877: [ParNew: 27328K->5440K(27328K), 0.0803730 secs] 156362K->156498K(4188864K) icms_dc=80 , 0.0804770 secs] [Times: user=0.89 sys=0.03, real=0.08 secs] 
Total time for which application threads were stopped: 0.0807530 seconds
2012-01-20T09:03:35.592+0000: 9.971: [CMS-concurrent-abortable-preclean: 0.062/0.326 secs] [Times: user=3.03 sys=0.05, real=0.33 secs] 
2012-01-20T09:03:35.593+0000: 9.971: [GC[YG occupancy: 21625 K (27328 K)]9.971: [Rescan (parallel) , 0.0125770 secs]9.984: [weak refs processing, 0.0002010 secs]9.984: [scrub string table, 0.0003540 secs] [1 CMS-remark: 151058K(4161536K)] 172683K(4188864K), 0.0132650 secs] [Times: user=0.15 sys=0.01, real=0.01 secs] 
Total time for which application threads were stopped: 0.0135010 seconds
2012-01-20T09:03:35.606+0000: 9.984: [CMS-concurrent-sweep-start]
2012-01-20T09:03:35.610+0000: 9.988: [GC 9.988: [ParNew: 27328K->5440K(27328K), 0.0817870 secs] 177667K->177809K(4188864K) icms_dc=100 , 0.0818990 secs] [Times: user=0.91 sys=0.03, real=0.08 secs] 
Total time for which application threads were stopped: 0.0820770 seconds
2012-01-20T09:03:35.709+0000: 10.087: [GC 10.087: [ParNew: 27328K->5440K(27328K), 0.0776580 secs] 199688K->199679K(4188864K) icms_dc=100 , 0.0777660 secs] [Times: user=0.86 sys=0.03, real=0.08 secs] 
Total time for which application threads were stopped: 0.0779370 seconds
2012-01-20T09:03:35.805+0000: 10.183: [GC 10.183: [ParNew: 27328K->5440K(27328K), 0.0753210 secs] 221567K->221623K(4188864K) icms_dc=100 , 0.0754230 secs] [Times: user=0.83 sys=0.03, real=0.08 secs] 
Total time for which application threads were stopped: 0.0755940 seconds
2012-01-20T09:03:35.898+0000: 10.276: [GC 10.276: [ParNew: 27328K->5440K(27328K), 0.0655230 secs] 243511K->243558K(4188864K) icms_dc=100 , 0.0656250 secs] [Times: user=0.70 sys=0.04, real=0.06 secs] 
Total time for which application threads were stopped: 0.0657920 seconds
2012-01-20T09:03:35.981+0000: 10.359: [GC 10.359: [ParNew: 27328K->5438K(27328K), 0.0782460 secs] 265446K->265510K(4188864K) icms_dc=100 , 0.0783510 secs] [Times: user=0.88 sys=0.02, real=0.08 secs] 
Total time for which application threads were stopped: 0.0785140 seconds
2012-01-20T09:03:36.077+0000: 10.456: [GC 10.456: [ParNew: 27326K->5440K(27328K), 0.0873480 secs] 287398K->287550K(4188864K) icms_dc=100 , 0.0874560 secs] [Times: user=0.98 sys=0.03, real=0.08 secs] 
Total time for which application threads were stopped: 0.0877440 seconds
2012-01-20T09:03:36.183+0000: 10.561: [GC 10.561: [ParNew: 27328K->5440K(27328K), 0.0872120 secs] 309438K->309406K(4188864K) icms_dc=100 , 0.0873190 secs] [Times: user=0.98 sys=0.04, real=0.09 secs] 
Total time for which application threads were stopped: 0.0875290 seconds
2012-01-20T09:03:36.287+0000: 10.666: [GC 10.666: [ParNew: 27328K->5440K(27328K), 0.0672070 secs] 331294K->331293K(4188864K) icms_dc=100 , 0.0673040 secs] [Times: user=0.72 sys=0.04, real=0.06 secs] 
Total time for which application threads were stopped: 0.0674680 seconds
2012-01-20T09:03:36.373+0000: 10.751: [GC 10.751: [ParNew: 27328K->5440K(27328K), 0.0746170 secs] 353181K->353180K(4188864K) icms_dc=100 , 0.0747180 secs] [Times: user=0.81 sys=0.04, real=0.08 secs] 
Total time for which application threads were stopped: 0.0749020 seconds
2012-01-20T09:03:36.466+0000: 10.844: [GC 10.845: [ParNew: 27328K->5440K(27328K), 0.0823000 secs] 375068K->375156K(4188864K) icms_dc=100 , 0.0824070 secs] [Times: user=0.91 sys=0.06, real=0.08 secs] 
Total time for which application threads were stopped: 0.0826200 seconds
2012-01-20T09:03:36.566+0000: 10.945: [GC 10.945: [ParNew: 27328K->5440K(27328K), 0.0976130 secs] 397044K->396987K(4188864K) icms_dc=100 , 0.0977250 secs] [Times: user=1.11 sys=0.03, real=0.09 secs] 
Total time for which application threads were stopped: 0.0978980 seconds
Total time for which application threads were stopped: 0.0015510 seconds
2012-01-20T09:03:36.683+0000: 11.062: [GC 11.062: [ParNew: 27328K->5440K(27328K), 0.0716420 secs] 418875K->418864K(4188864K) icms_dc=100 , 0.0717600 secs] [Times: user=0.79 sys=0.03, real=0.07 secs] 
Total time for which application threads were stopped: 0.0719490 seconds
2012-01-20T09:03:36.773+0000: 11.151: [GC 11.151: [ParNew: 27328K->5440K(27328K), 0.0636690 secs] 440752K->440750K(4188864K) icms_dc=100 , 0.0637730 secs] [Times: user=0.68 sys=0.04, real=0.07 secs] 
Total time for which application threads were stopped: 0.0639380 seconds
2012-01-20T09:03:36.855+0000: 11.234: [GC 11.234: [ParNew: 27328K->5440K(27328K), 0.0717800 secs] 462638K->462637K(4188864K) icms_dc=100 , 0.0718830 secs] [Times: user=0.79 sys=0.03, real=0.08 secs] 
Total time for which application threads were stopped: 0.0720420 seconds
2012-01-20T09:03:36.927+0000: 11.306: [CMS-concurrent-sweep: 0.303/1.321 secs] [Times: user=12.38 sys=0.49, real=1.33 secs] 
2012-01-20T09:03:36.928+0000: 11.306: [CMS-concurrent-reset-start]
2012-01-20T09:03:36.946+0000: 11.324: [GC 11.324: [ParNew: 27328K->5440K(27328K), 0.0754080 secs] 484525K->484524K(4188864K) icms_dc=100 , 0.0755160 secs] [Times: user=0.83 sys=0.03, real=0.07 secs] 
Total time for which application threads were stopped: 0.0757260 seconds
2012-01-20T09:03:37.040+0000: 11.418: [GC 11.418: [ParNew: 27328K->5440K(27328K), 0.0666690 secs] 506412K->506411K(4188864K) icms_dc=100 , 0.0667660 secs] [Times: user=0.71 sys=0.03, real=0.07 secs] 
Total time for which application threads were stopped: 0.0669350 seconds
2012-01-20T09:03:37.125+0000: 11.503: [GC 11.503: [ParNew: 27328K->5440K(27328K), 0.0594140 secs] 528299K->528297K(4188864K) icms_dc=100 , 0.0595110 secs] [Times: user=0.63 sys=0.02, real=0.06 secs] 
Total time for which application threads were stopped: 0.0596870 seconds
2012-01-20T09:03:37.203+0000: 11.581: [GC 11.581: [ParNew: 27328K->5440K(27328K), 0.0662740 secs] 550185K->550156K(4188864K) icms_dc=100 , 0.0663820 secs] [Times: user=0.70 sys=0.04, real=0.07 secs] 
Total time for which application threads were stopped: 0.0666760 seconds
2012-01-20T09:03:37.286+0000: 11.664: [CMS-concurrent-reset: 0.089/0.359 secs] [Times: user=3.05 sys=0.13, real=0.36 secs] 
2012-01-20T09:03:37.288+0000: 11.666: [GC 11.666: [ParNew: 27328K->5440K(27328K), 0.0748510 secs] 572044K->572042K(4188864K) icms_dc=100 , 0.0749500 secs] [Times: user=0.82 sys=0.03, real=0.07 secs] 
Total time for which application threads were stopped: 0.0751260 seconds
2012-01-20T09:03:37.363+0000: 11.741: [GC [1 CMS-initial-mark: 566602K(4161536K)] 572481K(4188864K), 0.0051090 secs] [Times: user=0.00 sys=0.00, real=0.01 secs] 
Total time for which application threads were stopped: 0.0053270 seconds
2012-01-20T09:03:37.368+0000: 11.746: [CMS-concurrent-mark-start]
2012-01-20T09:03:37.388+0000: 11.766: [GC 11.766: [ParNew: 27328K->5440K(27328K), 0.0813210 secs] 593930K->593929K(4188864K) icms_dc=100 , 0.0814340 secs] [Times: user=0.91 sys=0.03, real=0.08 secs] 
Total time for which application threads were stopped: 0.0816660 seconds
2012-01-20T09:03:37.489+0000: 11.867: [GC 11.867: [ParNew: 27328K->5440K(27328K), 0.0735830 secs] 615817K->615746K(4188864K) icms_dc=100 , 0.0736930 secs] [Times: user=0.81 sys=0.02, real=0.07 secs] 
Total time for which application threads were stopped: 0.0739040 seconds
2012-01-20T09:03:37.594+0000: 11.972: [GC 11.972: [ParNew: 27328K->5440K(27328K), 0.0642580 secs] 637634K->637607K(4188864K) icms_dc=100 , 0.0644070 secs] [Times: user=0.69 sys=0.03, real=0.07 secs] 
Total time for which application threads were stopped: 0.0647500 seconds
2012-01-20T09:03:37.678+0000: 12.056: [GC 12.056: [ParNew: 27328K->5440K(27328K), 0.0768060 secs] 659495K->659478K(4188864K) icms_dc=100 , 0.0769100 secs] [Times: user=0.84 sys=0.03, real=0.07 secs] 
Total time for which application threads were stopped: 0.0770900 seconds
2012-01-20T09:03:37.775+0000: 12.153: [GC 12.153: [ParNew: 27328K->5440K(27328K), 0.0894640 secs] 681366K->681337K(4188864K) icms_dc=100 , 0.0895740 secs] [Times: user=1.00 sys=0.03, real=0.09 secs] 
Total time for which application threads were stopped: 0.0899520 seconds
2012-01-20T09:03:37.886+0000: 12.264: [GC 12.264: [ParNew: 27328K->5440K(27328K), 0.0805060 secs] 703225K->703223K(4188864K) icms_dc=100 , 0.0806110 secs] [Times: user=0.89 sys=0.04, real=0.09 secs] 
Total time for which application threads were stopped: 0.0807830 seconds
2012-01-20T09:03:37.987+0000: 12.365: [GC 12.365: [ParNew: 27328K->5438K(27328K), 0.0647580 secs] 725111K->725110K(4188864K) icms_dc=100 , 0.0648660 secs] [Times: user=0.69 sys=0.03, real=0.06 secs] 
Total time for which application threads were stopped: 0.0650710 seconds
2012-01-20T09:03:38.072+0000: 12.450: [GC 12.450: [ParNew: 27326K->5440K(27328K), 0.0626450 secs] 746998K->746995K(4188864K) icms_dc=100 , 0.0627480 secs] [Times: user=0.67 sys=0.03, real=0.06 secs] 
Total time for which application threads were stopped: 0.0629250 seconds
2012-01-20T09:03:38.155+0000: 12.533: [GC 12.533: [ParNew: 27328K->5438K(27328K), 0.0696890 secs] 768883K->768884K(4188864K) icms_dc=100 , 0.0697920 secs] [Times: user=0.75 sys=0.03, real=0.07 secs] 
Total time for which application threads were stopped: 0.0699740 seconds
2012-01-20T09:03:38.246+0000: 12.624: [GC 12.624: [ParNew: 27326K->5440K(27328K), 0.0776880 secs] 790772K->790769K(4188864K) icms_dc=100 , 0.0777950 secs] [Times: user=0.86 sys=0.03, real=0.08 secs] 
Total time for which application threads were stopped: 0.0779740 seconds
2012-01-20T09:03:38.342+0000: 12.720: [GC 12.720: [ParNew: 27328K->5438K(27328K), 0.0713450 secs] 812657K->812629K(4188864K) icms_dc=100 , 0.0714520 secs] [Times: user=0.79 sys=0.03, real=0.07 secs] 
Total time for which application threads were stopped: 0.0717590 seconds
2012-01-20T09:03:38.432+0000: 12.810: [GC 12.810: [ParNew: 27326K->5440K(27328K), 0.0589140 secs] 834517K->834580K(4188864K) icms_dc=100 , 0.0590180 secs] [Times: user=0.62 sys=0.03, real=0.06 secs] 
Total time for which application threads were stopped: 0.0592030 seconds
2012-01-20T09:03:38.510+0000: 12.888: [GC 12.888: [ParNew: 27328K->5438K(27328K), 0.0713670 secs] 856468K->856468K(4188864K) icms_dc=100 , 0.0714720 secs] [Times: user=0.77 sys=0.03, real=0.07 secs] 
Total time for which application threads were stopped: 0.0716600 seconds
2012-01-20T09:03:38.600+0000: 12.978: [GC 12.978: [ParNew: 27326K->5440K(27328K), 0.0719350 secs] 878356K->878353K(4188864K) icms_dc=100 , 0.0720410 secs] [Times: user=0.79 sys=0.03, real=0.07 secs] 
Total time for which application threads were stopped: 0.0722190 seconds
2012-01-20T09:03:38.690+0000: 13.068: [GC 13.068: [ParNew: 27328K->5438K(27328K), 0.0793110 secs] 900241K->900241K(4188864K) icms_dc=100 , 0.0794150 secs] [Times: user=0.87 sys=0.04, real=0.08 secs] 
Total time for which application threads were stopped: 0.0795920 seconds
2012-01-20T09:03:38.977+0000: 13.355: [GC 13.355: [ParNew: 27326K->5440K(27328K), 0.0631520 secs] 922129K->915978K(4188864K) icms_dc=100 , 0.0632700 secs] [Times: user=0.71 sys=0.02, real=0.07 secs] 
Total time for which application threads were stopped: 0.0636770 seconds
2012-01-20T09:03:39.126+0000: 13.504: [GC 13.504: [ParNew: 27328K->5440K(27328K), 0.1791710 secs] 937866K->933226K(4188864K) icms_dc=100 , 0.1792840 secs] [Times: user=2.21 sys=0.03, real=0.18 secs] 
Total time for which application threads were stopped: 0.1795440 seconds
2012-01-20T09:03:39.329+0000: 13.707: [GC 13.707: [ParNew: 27328K->5440K(27328K), 0.0870320 secs] 955114K->955127K(4188864K) icms_dc=100 , 0.0871520 secs] [Times: user=0.97 sys=0.05, real=0.08 secs] 
Total time for which application threads were stopped: 0.0875220 seconds
2012-01-20T09:03:39.433+0000: 13.811: [GC 13.811: [ParNew: 27328K->5440K(27328K), 0.0981110 secs] 977015K->976979K(4188864K) icms_dc=100 , 0.0982340 secs] [Times: user=1.21 sys=0.03, real=0.10 secs] 
Total time for which application threads were stopped: 0.0984220 seconds
2012-01-20T09:03:39.548+0000: 13.926: [GC 13.926: [ParNew: 27328K->5440K(27328K), 0.0760000 secs] 998867K->998866K(4188864K) icms_dc=100 , 0.0761110 secs] [Times: user=0.85 sys=0.03, real=0.07 secs] 
Total time for which application threads were stopped: 0.0763990 seconds
2012-01-20T09:03:39.640+0000: 14.019: [GC 14.019: [ParNew: 27328K->5440K(27328K), 0.0965140 secs] 1020754K->1020752K(4188864K) icms_dc=100 , 0.0966300 secs] [Times: user=1.10 sys=0.03, real=0.10 secs] 
Total time for which application threads were stopped: 0.0968080 seconds
2012-01-20T09:03:39.754+0000: 14.132: [GC 14.132: [ParNew: 27328K->5440K(27328K), 0.0919440 secs] 1042640K->1042629K(4188864K) icms_dc=100 , 0.0920490 secs] [Times: user=1.06 sys=0.02, real=0.09 secs] 
Total time for which application threads were stopped: 0.0922350 seconds
2012-01-20T09:03:39.863+0000: 14.241: [GC 14.241: [ParNew: 27328K->5440K(27328K), 0.0855590 secs] 1064517K->1064513K(4188864K) icms_dc=100 , 0.0856640 secs] [Times: user=0.98 sys=0.03, real=0.09 secs] 
Total time for which application threads were stopped: 0.0858920 seconds
2012-01-20T09:03:39.965+0000: 14.343: [GC 14.343: [ParNew: 27328K->5440K(27328K), 0.0955420 secs] 1086401K->1086371K(4188864K) icms_dc=100 , 0.0956580 secs] [Times: user=1.10 sys=0.04, real=0.10 secs] 
Total time for which application threads were stopped: 0.0958850 seconds
2012-01-20T09:03:40.079+0000: 14.457: [GC 14.457: [ParNew: 27328K->5440K(27328K), 0.0968700 secs] 1108259K->1108251K(4188864K) icms_dc=100 , 0.0969800 secs] [Times: user=1.12 sys=0.02, real=0.09 secs] 
Total time for which application threads were stopped: 0.0972640 seconds
2012-01-20T09:03:40.195+0000: 14.573: [GC 14.573: [ParNew: 27328K->5440K(27328K), 0.0883220 secs] 1130139K->1130130K(4188864K) icms_dc=100 , 0.0884290 secs] [Times: user=1.01 sys=0.04, real=0.09 secs] 
Total time for which application threads were stopped: 0.0886140 seconds
2012-01-20T09:03:40.300+0000: 14.678: [GC 14.678: [ParNew: 27328K->5440K(27328K), 0.0970970 secs] 1152018K->1152010K(4188864K) icms_dc=100 , 0.0972030 secs] [Times: user=1.13 sys=0.02, real=0.10 secs] 
Total time for which application threads were stopped: 0.0973890 seconds
2012-01-20T09:03:40.416+0000: 14.794: [GC 14.794: [ParNew: 27328K->5440K(27328K), 0.0960060 secs] 1173898K->1173890K(4188864K) icms_dc=100 , 0.0961140 secs] [Times: user=1.11 sys=0.03, real=0.10 secs] 
Total time for which application threads were stopped: 0.0962880 seconds
2012-01-20T09:03:40.520+0000: 14.898: [CMS-concurrent-mark: 0.723/3.151 secs] [Times: user=29.91 sys=0.94, real=3.15 secs] 
2012-01-20T09:03:40.520+0000: 14.898: [CMS-concurrent-preclean-start]
2012-01-20T09:03:40.535+0000: 14.913: [GC 14.913: [ParNew: 27328K->5440K(27328K), 0.0950860 secs] 1195778K->1195743K(4188864K) icms_dc=100 , 0.0952120 secs] [Times: user=1.10 sys=0.03, real=0.10 secs] 
Total time for which application threads were stopped: 0.0954230 seconds
2012-01-20T09:03:40.647+0000: 15.026: [GC 15.026: [ParNew: 27328K->5440K(27328K), 0.1109510 secs] 1217631K->1217623K(4188864K) icms_dc=100 , 0.1110550 secs] [Times: user=1.30 sys=0.03, real=0.11 secs] 
Total time for which application threads were stopped: 0.1113480 seconds
2012-01-20T09:03:40.777+0000: 15.155: [GC 15.155: [ParNew: 27328K->5440K(27328K), 0.0908360 secs] 1239511K->1239503K(4188864K) icms_dc=100 , 0.0909390 secs] [Times: user=1.03 sys=0.03, real=0.10 secs] 
Total time for which application threads were stopped: 0.0911090 seconds
2012-01-20T09:03:40.886+0000: 15.264: [GC 15.264: [ParNew: 27328K->5440K(27328K), 0.0760090 secs] 1261391K->1261383K(4188864K) icms_dc=100 , 0.0761120 secs] [Times: user=0.85 sys=0.02, real=0.08 secs] 
Total time for which application threads were stopped: 0.0763290 seconds
2012-01-20T09:03:40.978+0000: 15.356: [GC 15.356: [ParNew: 27328K->5440K(27328K), 0.0891850 secs] 1283271K->1283262K(4188864K) icms_dc=100 , 0.0892910 secs] [Times: user=1.01 sys=0.03, real=0.09 secs] 
Total time for which application threads were stopped: 0.0894750 seconds
2012-01-20T09:03:41.085+0000: 15.463: [GC 15.463: [ParNew: 27328K->5440K(27328K), 0.0867590 secs] 1305150K->1305114K(4188864K) icms_dc=100 , 0.0868710 secs] [Times: user=0.99 sys=0.03, real=0.09 secs] 
Total time for which application threads were stopped: 0.0870940 seconds
2012-01-20T09:03:41.189+0000: 15.567: [GC 15.567: [ParNew: 27328K->5440K(27328K), 0.0908400 secs] 1327002K->1326994K(4188864K) icms_dc=100 , 0.0909480 secs] [Times: user=1.04 sys=0.03, real=0.09 secs] 
Total time for which application threads were stopped: 0.0912340 seconds
2012-01-20T09:03:41.297+0000: 15.675: [GC 15.675: [ParNew: 27328K->5440K(27328K), 0.0859140 secs] 1348882K->1348874K(4188864K) icms_dc=100 , 0.0860160 secs] [Times: user=0.98 sys=0.03, real=0.09 secs] 
Total time for which application threads were stopped: 0.0861870 seconds
2012-01-20T09:03:41.401+0000: 15.779: [GC 15.779: [ParNew: 27328K->5440K(27328K), 0.0923150 secs] 1370762K->1370753K(4188864K) icms_dc=100 , 0.0924260 secs] [Times: user=1.07 sys=0.03, real=0.09 secs] 
Total time for which application threads were stopped: 0.0925970 seconds
2012-01-20T09:03:41.510+0000: 15.888: [GC 15.888: [ParNew: 27328K->5440K(27328K), 0.0803480 secs] 1392641K->1392633K(4188864K) icms_dc=100 , 0.0804540 secs] [Times: user=0.90 sys=0.03, real=0.08 secs] 
Total time for which application threads were stopped: 0.0806400 seconds
2012-01-20T09:03:41.607+0000: 15.985: [GC 15.985: [ParNew: 27328K->5440K(27328K), 0.0833350 secs] 1414521K->1414484K(4188864K) icms_dc=100 , 0.0834480 secs] [Times: user=0.93 sys=0.03, real=0.09 secs] 
Total time for which application threads were stopped: 0.0836600 seconds
2012-01-20T09:03:41.708+0000: 16.086: [GC 16.086: [ParNew: 27328K->5440K(27328K), 0.0944180 secs] 1436372K->1436364K(4188864K) icms_dc=100 , 0.0945210 secs] [Times: user=1.08 sys=0.03, real=0.09 secs] 
Total time for which application threads were stopped: 0.0947980 seconds
2012-01-20T09:03:41.821+0000: 16.199: [GC 16.199: [ParNew: 27328K->5440K(27328K), 0.0690730 secs] 1458252K->1458244K(4188864K) icms_dc=100 , 0.0691800 secs] [Times: user=0.75 sys=0.04, real=0.07 secs] 
Total time for which application threads were stopped: 0.0693530 seconds
2012-01-20T09:03:41.907+0000: 16.286: [GC 16.286: [ParNew: 27328K->5440K(27328K), 0.1087840 secs] 1480132K->1480124K(4188864K) icms_dc=100 , 0.1088880 secs] [Times: user=1.27 sys=0.03, real=0.10 secs] 
Total time for which application threads were stopped: 0.1090600 seconds
2012-01-20T09:03:42.051+0000: 16.429: [GC 16.429: [ParNew: 27328K->5440K(27328K), 0.1023710 secs] 1502012K->1502003K(4188864K) icms_dc=100 , 0.1024870 secs] [Times: user=1.20 sys=0.02, real=0.10 secs] 
Total time for which application threads were stopped: 0.1026840 seconds
2012-01-20T09:03:42.171+0000: 16.549: [GC 16.549: [ParNew: 27328K->5440K(27328K), 0.0801160 secs] 1523891K->1523855K(4188864K) icms_dc=100 , 0.0802280 secs] [Times: user=0.90 sys=0.04, real=0.08 secs] 
Total time for which application threads were stopped: 0.0804330 seconds
2012-01-20T09:03:42.269+0000: 16.647: [GC 16.647: [ParNew: 27328K->5440K(27328K), 0.0978040 secs] 1545743K->1545757K(4188864K) icms_dc=100 , 0.0979080 secs] [Times: user=1.12 sys=0.03, real=0.09 secs] 
Total time for which application threads were stopped: 0.0981730 seconds
2012-01-20T09:03:42.384+0000: 16.763: [GC 16.763: [ParNew: 27328K->5440K(27328K), 0.1007420 secs] 1567645K->1567637K(4188864K) icms_dc=100 , 0.1008430 secs] [Times: user=1.17 sys=0.03, real=0.10 secs] 
Total time for which application threads were stopped: 0.1010130 seconds
2012-01-20T09:03:42.503+0000: 16.881: [GC 16.881: [ParNew: 27328K->5440K(27328K), 0.0810350 secs] 1589525K->1589517K(4188864K) icms_dc=100 , 0.0811390 secs] [Times: user=0.90 sys=0.05, real=0.08 secs] 
Total time for which application threads were stopped: 0.0813500 seconds
2012-01-20T09:03:42.601+0000: 16.980: [GC 16.980: [ParNew: 27328K->5440K(27328K), 0.0731530 secs] 1611405K->1611397K(4188864K) icms_dc=100 , 0.0732580 secs] [Times: user=0.81 sys=0.02, real=0.07 secs] 
Total time for which application threads were stopped: 0.0734360 seconds
2012-01-20T09:03:42.692+0000: 17.071: [GC 17.071: [ParNew: 27328K->5440K(27328K), 0.0791100 secs] 1633285K->1633247K(4188864K) icms_dc=100 , 0.0792190 secs] [Times: user=0.88 sys=0.04, real=0.08 secs] 
Total time for which application threads were stopped: 0.0794230 seconds
2012-01-20T09:03:42.790+0000: 17.168: [GC 17.168: [ParNew: 27328K->5440K(27328K), 0.0930430 secs] 1655135K->1655128K(4188864K) icms_dc=100 , 0.0931480 secs] [Times: user=1.07 sys=0.03, real=0.09 secs] 
Total time for which application threads were stopped: 0.0934220 seconds
2012-01-20T09:03:42.901+0000: 17.279: [GC 17.279: [ParNew: 27328K->5440K(27328K), 0.0957320 secs] 1677016K->1677008K(4188864K) icms_dc=100 , 0.0958330 secs] [Times: user=1.11 sys=0.05, real=0.09 secs] 
Total time for which application threads were stopped: 0.0960070 seconds
2012-01-20T09:03:43.014+0000: 17.392: [GC 17.392: [ParNew: 27328K->5440K(27328K), 0.0934630 secs] 1698896K->1698877K(4188864K) icms_dc=100 , 0.0935690 secs] [Times: user=1.07 sys=0.04, real=0.10 secs] 
Total time for which application threads were stopped: 0.0937390 seconds
2012-01-20T09:03:43.125+0000: 17.504: [GC 17.504: [ParNew: 27328K->5440K(27328K), 0.0875290 secs] 1720765K->1720757K(4188864K) icms_dc=100 , 0.0876310 secs] [Times: user=1.00 sys=0.03, real=0.09 secs] 
Total time for which application threads were stopped: 0.0878170 seconds
2012-01-20T09:03:43.230+0000: 17.608: [GC 17.608: [ParNew: 27328K->5440K(27328K), 0.0822630 secs] 1742645K->1742608K(4188864K) icms_dc=100 , 0.0823680 secs] [Times: user=0.92 sys=0.03, real=0.08 secs] 
Total time for which application threads were stopped: 0.0825510 seconds
2012-01-20T09:03:43.557+0000: 17.935: [CMS-concurrent-preclean: 0.707/3.037 secs] [Times: user=27.64 sys=0.85, real=3.03 secs] 
2012-01-20T09:03:43.557+0000: 17.935: [CMS-concurrent-abortable-preclean-start]
2012-01-20T09:03:43.668+0000: 18.046: [CMS-concurrent-abortable-preclean: 0.008/0.111 secs] [Times: user=0.08 sys=0.00, real=0.12 secs] 
2012-01-20T09:03:43.668+0000: 18.046: [GC[YG occupancy: 27328 K (27328 K)]18.046: [Rescan (parallel) , 0.0090370 secs]18.055: [weak refs processing, 0.0002130 secs]18.055: [scrub string table, 0.0003570 secs] [1 CMS-remark: 1737168K(4161536K)] 1764496K(4188864K), 0.0097340 secs] [Times: user=0.12 sys=0.00, real=0.01 secs] 
Total time for which application threads were stopped: 0.0100990 seconds
2012-01-20T09:03:43.678+0000: 18.056: [CMS-concurrent-sweep-start]
2012-01-20T09:03:43.706+0000: 18.085: [GC 18.085: [ParNew: 27328K->5440K(27328K), 0.0933340 secs] 1764443K->1760281K(4188864K) icms_dc=100 , 0.0934560 secs] [Times: user=1.09 sys=0.03, real=0.10 secs] 
Total time for which application threads were stopped: 0.0936540 seconds
2012-01-20T09:03:44.459+0000: 18.837: [CMS-concurrent-sweep: 0.686/0.781 secs] [Times: user=1.98 sys=0.07, real=0.78 secs] 
2012-01-20T09:03:44.459+0000: 18.837: [CMS-concurrent-reset-start]
2012-01-20T09:03:44.547+0000: 18.925: [CMS-concurrent-reset: 0.088/0.088 secs] [Times: user=0.22 sys=0.00, real=0.08 secs] 
2012-01-20T09:03:44.700+0000: 19.078: [GC 19.078: [ParNew: 27328K->5440K(27328K), 0.0192720 secs] 1782151K->1766135K(4188864K) icms_dc=100 , 0.0193880 secs] [Times: user=0.18 sys=0.02, real=0.02 secs] 
Total time for which application threads were stopped: 0.0198190 seconds
2012-01-20T09:03:44.719+0000: 19.097: [GC [1 CMS-initial-mark: 1760695K(4161536K)] 1766575K(4188864K), 0.0042920 secs] [Times: user=0.00 sys=0.00, real=0.00 secs] 
Total time for which application threads were stopped: 0.0044790 seconds
2012-01-20T09:03:44.724+0000: 19.102: [CMS-concurrent-mark-start]
Total time for which application threads were stopped: 0.0001340 seconds
Total time for which application threads were stopped: 0.0001290 seconds
Total time for which application threads were stopped: 0.0001210 seconds
Total time for which application threads were stopped: 0.0000670 seconds
Total time for which application threads were stopped: 0.0000660 seconds
Total time for which application threads were stopped: 0.0000520 seconds
Total time for which application threads were stopped: 0.0000510 seconds
Total time for which application threads were stopped: 0.0000530 seconds
Total time for which application threads were stopped: 0.0001600 seconds
Total time for which application threads were stopped: 0.0004670 seconds
Total time for which application threads were stopped: 0.0000980 seconds
Total time for which application threads were stopped: 0.0002180 seconds
2012-01-20T09:03:47.076+0000: 21.454: [CMS-concurrent-mark: 2.217/2.352 secs] [Times: user=7.38 sys=1.00, real=2.35 secs] 
2012-01-20T09:03:47.076+0000: 21.454: [CMS-concurrent-preclean-start]
2012-01-20T09:03:47.091+0000: 21.469: [CMS-concurrent-preclean: 0.015/0.015 secs] [Times: user=0.01 sys=0.00, real=0.02 secs] 
2012-01-20T09:03:47.091+0000: 21.469: [CMS-concurrent-abortable-preclean-start]
Total time for which application threads were stopped: 0.0001570 seconds
Total time for which application threads were stopped: 0.0000690 seconds
Total time for which application threads were stopped: 0.0000510 seconds
Total time for which application threads were stopped: 0.0002280 seconds
Total time for which application threads were stopped: 0.0000480 seconds
 CMS: abort preclean due to time 2012-01-20T09:03:52.221+0000: 26.599: [CMS-concurrent-abortable-preclean: 1.480/5.130 secs] [Times: user=1.47 sys=0.03, real=5.13 secs] 
2012-01-20T09:03:52.222+0000: 26.600: [GC[YG occupancy: 12927 K (27328 K)]26.600: [Rescan (parallel) , 0.0048760 secs]26.605: [weak refs processing, 0.0002070 secs]26.605: [scrub string table, 0.0003740 secs] [1 CMS-remark: 1760695K(4161536K)] 1773622K(4188864K), 0.0055990 secs] [Times: user=0.05 sys=0.00, real=0.00 secs] 
Total time for which application threads were stopped: 0.0059720 seconds
2012-01-20T09:03:52.228+0000: 26.606: [CMS-concurrent-sweep-start]
2012-01-20T09:03:52.900+0000: 27.278: [CMS-concurrent-sweep: 0.672/0.672 secs] [Times: user=0.67 sys=0.00, real=0.68 secs] 
2012-01-20T09:03:52.900+0000: 27.278: [CMS-concurrent-reset-start]
2012-01-20T09:03:52.985+0000: 27.363: [CMS-concurrent-reset: 0.085/0.085 secs] [Times: user=0.09 sys=0.00, real=0.08 secs] 
Total time for which application threads were stopped: 0.0002250 seconds
Total time for which application threads were stopped: 0.0003120 seconds
Total time for which application threads were stopped: 0.0002440 seconds
Total time for which application threads were stopped: 0.0002210 seconds
Total time for which application threads were stopped: 0.0000740 seconds
Total time for which application threads were stopped: 0.0000430 seconds
Total time for which application threads were stopped: 0.0000440 seconds
Total time for which application threads were stopped: 0.0000540 seconds
Total time for which application threads were stopped: 0.0003020 seconds
Total time for which application threads were stopped: 0.0000810 seconds
Total time for which application threads were stopped: 0.0000300 seconds
Total time for which application threads were stopped: 0.0000300 seconds
Total time for which application threads were stopped: 0.0000290 seconds
Total time for which application threads were stopped: 0.0000280 seconds
Total time for which application threads were stopped: 0.0000280 seconds
Total time for which application threads were stopped: 0.0000420 seconds
Total time for which application threads were stopped: 0.0000330 seconds
Total time for which application threads were stopped: 0.0000380 seconds
Total time for which application threads were stopped: 0.0003080 seconds
Total time for which application threads were stopped: 0.0000700 seconds
Total time for which application threads were stopped: 0.0000710 seconds
Total time for which application threads were stopped: 0.0000420 seconds
Total time for which application threads were stopped: 0.0000320 seconds
Total time for which application threads were stopped: 0.0000330 seconds
Total time for which application threads were stopped: 0.0000400 seconds
Total time for which application threads were stopped: 0.0000440 seconds
Total time for which application threads were stopped: 0.0002500 seconds
Total time for which application threads were stopped: 0.0003110 seconds
Total time for which application threads were stopped: 0.0002230 seconds
Total time for which application threads were stopped: 0.0002370 seconds
Total time for which application threads were stopped: 0.0002180 seconds
Total time for which application threads were stopped: 0.0001970 seconds
Total time for which application threads were stopped: 0.0000430 seconds
Total time for which application threads were stopped: 0.0000420 seconds
Total time for which application threads were stopped: 0.0001370 seconds
Total time for which application threads were stopped: 0.0001920 seconds
Total time for which application threads were stopped: 0.0000780 seconds
Total time for which application threads were stopped: 0.0002310 seconds
Total time for which application threads were stopped: 0.0005150 seconds
Total time for which application threads were stopped: 0.0002000 seconds
Total time for which application threads were stopped: 0.0002380 seconds
Total time for which application threads were stopped: 0.0004370 seconds
Total time for which application threads were stopped: 0.0000440 seconds
Total time for which application threads were stopped: 0.0001800 seconds
Total time for which application threads were stopped: 0.0000730 seconds
Total time for which application threads were stopped: 0.0001920 seconds
Total time for which application threads were stopped: 0.0002000 seconds
Total time for which application threads were stopped: 0.0001660 seconds
2012-01-20T09:06:48.311+0000: 202.689: [GC 202.689: [ParNew: 27328K->4303K(27328K), 0.0143420 secs] 1787773K->1764748K(4188864K) icms_dc=75 , 0.0144930 secs] [Times: user=0.17 sys=0.00, real=0.01 secs] 
Total time for which application threads were stopped: 0.0148910 seconds
2012-01-20T09:06:49.446+0000: 203.824: [GC [1 CMS-initial-mark: 1760445K(4161536K)] 1767522K(4188864K), 0.0095080 secs] [Times: user=0.01 sys=0.00, real=0.01 secs] 
Total time for which application threads were stopped: 0.0099240 seconds
2012-01-20T09:06:49.456+0000: 203.834: [CMS-concurrent-mark-start]
Total time for which application threads were stopped: 0.0002240 seconds
Total time for which application threads were stopped: 0.0003130 seconds
2012-01-20T09:06:52.272+0000: 206.650: [CMS-concurrent-mark: 2.705/2.816 secs] [Times: user=8.66 sys=1.73, real=2.82 secs] 
2012-01-20T09:06:52.272+0000: 206.650: [CMS-concurrent-preclean-start]
2012-01-20T09:06:52.286+0000: 206.664: [CMS-concurrent-preclean: 0.014/0.014 secs] [Times: user=0.02 sys=0.00, real=0.01 secs] 
2012-01-20T09:06:52.286+0000: 206.664: [CMS-concurrent-abortable-preclean-start]
Total time for which application threads were stopped: 0.0003280 seconds
Total time for which application threads were stopped: 0.0002800 seconds
Total time for which application threads were stopped: 0.0001770 seconds
 CMS: abort preclean due to time 2012-01-20T09:06:57.291+0000: 211.669: [CMS-concurrent-abortable-preclean: 1.910/5.004 secs] [Times: user=2.88 sys=0.34, real=5.01 secs] 
2012-01-20T09:06:57.291+0000: 211.669: [GC[YG occupancy: 18810 K (27328 K)]211.669: [Rescan (parallel) , 0.0204410 secs]211.690: [weak refs processing, 0.0002080 secs]211.690: [scrub string table, 0.0003800 secs] [1 CMS-remark: 1760445K(4161536K)] 1779256K(4188864K), 0.0211660 secs] [Times: user=0.26 sys=0.01, real=0.02 secs] 
Total time for which application threads were stopped: 0.0214870 seconds
2012-01-20T09:06:57.312+0000: 211.691: [CMS-concurrent-sweep-start]
2012-01-20T09:06:58.003+0000: 212.381: [CMS-concurrent-sweep: 0.690/0.690 secs] [Times: user=0.96 sys=0.15, real=0.69 secs] 
2012-01-20T09:06:58.003+0000: 212.381: [CMS-concurrent-reset-start]
2012-01-20T09:06:58.089+0000: 212.467: [CMS-concurrent-reset: 0.086/0.086 secs] [Times: user=0.12 sys=0.02, real=0.09 secs] 
Total time for which application threads were stopped: 0.0002580 seconds
2012-01-20T09:07:02.557+0000: 216.936: [GC 216.936: [ParNew: 26191K->4226K(27328K), 0.0118730 secs] 1786079K->1764114K(4188864K) icms_dc=57 , 0.0120050 secs] [Times: user=0.15 sys=0.01, real=0.02 secs] 
Total time for which application threads were stopped: 0.0123800 seconds
Total time for which application threads were stopped: 0.0001250 seconds
Total time for which application threads were stopped: 0.0001450 seconds
Total time for which application threads were stopped: 0.0000710 seconds
Total time for which application threads were stopped: 0.0001060 seconds
Total time for which application threads were stopped: 0.0000860 seconds
Total time for which application threads were stopped: 0.0000380 seconds
Total time for which application threads were stopped: 0.0000640 seconds
Total time for which application threads were stopped: 0.0000960 seconds
Total time for which application threads were stopped: 0.0000470 seconds
Total time for which application threads were stopped: 0.0000320 seconds
Total time for which application threads were stopped: 0.0000340 seconds
Total time for which application threads were stopped: 0.0000320 seconds
Total time for which application threads were stopped: 0.0000320 seconds
Total time for which application threads were stopped: 0.0000330 seconds
Total time for which application threads were stopped: 0.0000320 seconds
Total time for which application threads were stopped: 0.0000320 seconds
Total time for which application threads were stopped: 0.0003280 seconds
2012-01-20T09:07:05.199+0000: 219.577: [GC [1 CMS-initial-mark: 1759888K(4161536K)] 1768925K(4188864K), 0.0126290 secs] [Times: user=0.01 sys=0.00, real=0.02 secs] 
Total time for which application threads were stopped: 0.0130410 seconds
2012-01-20T09:07:05.212+0000: 219.590: [CMS-concurrent-mark-start]
Total time for which application threads were stopped: 0.0002830 seconds
Total time for which application threads were stopped: 0.0002320 seconds
2012-01-20T09:07:08.002+0000: 222.380: [CMS-concurrent-mark: 2.753/2.790 secs] [Times: user=8.98 sys=1.80, real=2.79 secs] 
2012-01-20T09:07:08.002+0000: 222.380: [CMS-concurrent-preclean-start]
2012-01-20T09:07:08.015+0000: 222.394: [CMS-concurrent-preclean: 0.014/0.014 secs] [Times: user=0.03 sys=0.00, real=0.01 secs] 
2012-01-20T09:07:08.016+0000: 222.394: [CMS-concurrent-abortable-preclean-start]
Total time for which application threads were stopped: 0.0002530 seconds
 CMS: abort preclean due to time 2012-01-20T09:07:13.100+0000: 227.478: [CMS-concurrent-abortable-preclean: 1.866/5.085 secs] [Times: user=3.18 sys=0.44, real=5.09 secs] 
2012-01-20T09:07:13.101+0000: 227.479: [GC[YG occupancy: 20978 K (27328 K)]227.479: [Rescan (parallel) , 0.0237770 secs]227.503: [weak refs processing, 0.0002080 secs]227.503: [scrub string table, 0.0003830 secs] [1 CMS-remark: 1759888K(4161536K)] 1780866K(4188864K), 0.0245020 secs] [Times: user=0.31 sys=0.00, real=0.02 secs] 
Total time for which application threads were stopped: 0.0248080 seconds
2012-01-20T09:07:13.126+0000: 227.504: [CMS-concurrent-sweep-start]
2012-01-20T09:07:16.701+0000: 231.079: [GC 231.080: [ParNew: 26114K->3699K(27328K), 0.0155350 secs] 1785976K->1763562K(4188864K) icms_dc=57 , 0.0156680 secs] [Times: user=0.19 sys=0.01, real=0.01 secs] 
Total time for which application threads were stopped: 0.0160800 seconds
Total time for which application threads were stopped: 0.0003290 seconds
2012-01-20T09:07:20.055+0000: 234.433: [CMS-concurrent-sweep: 0.701/6.929 secs] [Times: user=3.27 sys=0.53, real=6.93 secs] 
2012-01-20T09:07:20.055+0000: 234.433: [CMS-concurrent-reset-start]
2012-01-20T09:07:20.140+0000: 234.518: [CMS-concurrent-reset: 0.085/0.085 secs] [Times: user=0.09 sys=0.00, real=0.08 secs] 
Total time for which application threads were stopped: 0.0002970 seconds
Total time for which application threads were stopped: 0.0002190 seconds
2012-01-20T09:07:30.671+0000: 245.049: [GC 245.049: [ParNew: 25587K->3275K(27328K), 0.0170670 secs] 1785450K->1764726K(4188864K) icms_dc=43 , 0.0171980 secs] [Times: user=0.17 sys=0.00, real=0.02 secs] 
Total time for which application threads were stopped: 0.0175760 seconds
Total time for which application threads were stopped: 0.0003800 seconds
2012-01-20T09:07:34.468+0000: 248.846: [GC [1 CMS-initial-mark: 1761450K(4161536K)] 1771006K(4188864K), 0.0124550 secs] [Times: user=0.01 sys=0.00, real=0.01 secs] 
Total time for which application threads were stopped: 0.0128050 seconds
2012-01-20T09:07:34.481+0000: 248.859: [CMS-concurrent-mark-start]
2012-01-20T09:07:37.244+0000: 251.622: [CMS-concurrent-mark: 2.763/2.763 secs] [Times: user=8.25 sys=1.89, real=2.77 secs] 
2012-01-20T09:07:37.244+0000: 251.622: [CMS-concurrent-preclean-start]
2012-01-20T09:07:37.257+0000: 251.635: [CMS-concurrent-preclean: 0.013/0.014 secs] [Times: user=0.01 sys=0.00, real=0.01 secs] 
2012-01-20T09:07:37.257+0000: 251.635: [CMS-concurrent-abortable-preclean-start]
Total time for which application threads were stopped: 0.0002120 seconds
Total time for which application threads were stopped: 0.0002440 seconds
Total time for which application threads were stopped: 0.0003130 seconds
Total time for which application threads were stopped: 0.0000600 seconds
Total time for which application threads were stopped: 0.0000780 seconds
Total time for which application threads were stopped: 0.0000770 seconds
Total time for which application threads were stopped: 0.0000990 seconds
2012-01-20T09:07:45.203+0000: 259.582: [GC 259.582: [ParNew: 25163K->848K(27328K), 0.0137190 secs] 1786614K->1763490K(4188864K) icms_dc=43 , 0.0138420 secs] [Times: user=0.15 sys=0.01, real=0.02 secs] 
Total time for which application threads were stopped: 0.0140520 seconds
 CMS: abort preclean due to time 2012-01-20T09:07:46.034+0000: 260.412: [CMS-concurrent-abortable-preclean: 0.911/8.777 secs] [Times: user=3.34 sys=1.06, real=8.78 secs] 
2012-01-20T09:07:46.034+0000: 260.413: [GC[YG occupancy: 7106 K (27328 K)]260.413: [Rescan (parallel) , 0.0077910 secs]260.420: [weak refs processing, 0.0002400 secs]260.421: [scrub string table, 0.0004350 secs] [1 CMS-remark: 1762642K(4161536K)] 1769749K(4188864K), 0.0086110 secs] [Times: user=0.10 sys=0.00, real=0.00 secs] 
Total time for which application threads were stopped: 0.0090530 seconds
2012-01-20T09:07:46.043+0000: 260.421: [CMS-concurrent-sweep-start]
2012-01-20T09:07:46.737+0000: 261.115: [CMS-concurrent-sweep: 0.694/0.694 secs] [Times: user=0.91 sys=0.08, real=0.70 secs] 
2012-01-20T09:07:46.737+0000: 261.115: [CMS-concurrent-reset-start]
2012-01-20T09:07:46.825+0000: 261.203: [CMS-concurrent-reset: 0.088/0.088 secs] [Times: user=0.11 sys=0.02, real=0.09 secs] 
Total time for which application threads were stopped: 0.0003260 seconds
2012-01-20T09:07:47.907+0000: 262.285: [GC 262.285: [ParNew: 22736K->522K(27328K), 0.0106860 secs] 1785373K->1763168K(4188864K) icms_dc=33 , 0.0108060 secs] [Times: user=0.13 sys=0.00, real=0.01 secs] 
Total time for which application threads were stopped: 0.0112030 seconds
2012-01-20T09:07:48.650+0000: 263.028: [GC [1 CMS-initial-mark: 1762646K(4161536K)] 1770601K(4188864K), 0.0101920 secs] [Times: user=0.01 sys=0.00, real=0.01 secs] 
Total time for which application threads were stopped: 0.0106700 seconds
2012-01-20T09:07:48.660+0000: 263.038: [CMS-concurrent-mark-start]
Total time for which application threads were stopped: 0.0003240 seconds
Total time for which application threads were stopped: 0.0001080 seconds
2012-01-20T09:07:50.123+0000: 264.501: [GC 264.501: [ParNew: 22410K->684K(27328K), 0.0102730 secs] 1785056K->1763337K(4188864K) icms_dc=33 , 0.0103910 secs] [Times: user=0.12 sys=0.00, real=0.01 secs] 
Total time for which application threads were stopped: 0.0105840 seconds
2012-01-20T09:07:52.389+0000: 266.767: [GC 266.767: [ParNew: 22572K->829K(27328K), 0.0104740 secs] 1785225K->1763488K(4188864K) icms_dc=33 , 0.0105900 secs] [Times: user=0.12 sys=0.00, real=0.01 secs] 
Total time for which application threads were stopped: 0.0109580 seconds
Total time for which application threads were stopped: 0.0003960 seconds
2012-01-20T09:07:54.644+0000: 269.022: [GC 269.022: [ParNew: 22717K->577K(27328K), 0.0105230 secs] 1785376K->1763252K(4188864K) icms_dc=33 , 0.0106470 secs] [Times: user=0.12 sys=0.00, real=0.01 secs] 
Total time for which application threads were stopped: 0.0110530 seconds
2012-01-20T09:07:55.588+0000: 269.966: [CMS-concurrent-mark: 2.302/6.928 secs] [Times: user=8.77 sys=2.08, real=6.93 secs] 
2012-01-20T09:07:55.588+0000: 269.966: [CMS-concurrent-preclean-start]
2012-01-20T09:07:55.613+0000: 269.991: [CMS-concurrent-preclean: 0.025/0.025 secs] [Times: user=0.03 sys=0.00, real=0.02 secs] 
2012-01-20T09:07:55.613+0000: 269.991: [CMS-concurrent-abortable-preclean-start]
Total time for which application threads were stopped: 0.0002350 seconds
2012-01-20T09:07:56.872+0000: 271.250: [GC 271.250: [ParNew: 22465K->627K(27328K), 0.0106750 secs] 1785140K->1763307K(4188864K) icms_dc=33 , 0.0107960 secs] [Times: user=0.12 sys=0.01, real=0.01 secs] 
Total time for which application threads were stopped: 0.0109830 seconds
2012-01-20T09:07:58.069+0000: 272.447: [CMS-concurrent-abortable-preclean: 0.218/2.456 secs] [Times: user=0.78 sys=0.26, real=2.46 secs] 
2012-01-20T09:07:58.069+0000: 272.447: [GC[YG occupancy: 12327 K (27328 K)]272.447: [Rescan (parallel) , 0.0094400 secs]272.457: [weak refs processing, 0.0002400 secs]272.457: [scrub string table, 0.0003890 secs] [1 CMS-remark: 1762680K(4161536K)] 1775007K(4188864K), 0.0101930 secs] [Times: user=0.12 sys=0.00, real=0.01 secs] 
Total time for which application threads were stopped: 0.0105400 seconds
2012-01-20T09:07:58.080+0000: 272.458: [CMS-concurrent-sweep-start]
2012-01-20T09:07:59.104+0000: 273.482: [GC 273.482: [ParNew: 22515K->747K(27328K), 0.0103880 secs] 1785195K->1763428K(4188864K) icms_dc=33 , 0.0105110 secs] [Times: user=0.13 sys=0.00, real=0.01 secs] 
Total time for which application threads were stopped: 0.0108720 seconds
Total time for which application threads were stopped: 0.0002750 seconds
2012-01-20T09:08:00.254+0000: 274.632: [CMS-concurrent-sweep: 0.711/2.174 secs] [Times: user=1.33 sys=0.39, real=2.17 secs] 
2012-01-20T09:08:00.254+0000: 274.632: [CMS-concurrent-reset-start]
2012-01-20T09:08:00.340+0000: 274.718: [CMS-concurrent-reset: 0.086/0.086 secs] [Times: user=0.11 sys=0.02, real=0.09 secs] 
2012-01-20T09:08:01.281+0000: 275.659: [GC 275.659: [ParNew: 22635K->533K(27328K), 0.0103970 secs] 1785314K->1763213K(4188864K) icms_dc=25 , 0.0105360 secs] [Times: user=0.13 sys=0.00, real=0.01 secs] 
Total time for which application threads were stopped: 0.0109960 seconds
2012-01-20T09:08:02.102+0000: 276.480: [GC [1 CMS-initial-mark: 1762680K(4161536K)] 1771563K(4188864K), 0.0113890 secs] [Times: user=0.01 sys=0.00, real=0.01 secs] 
Total time for which application threads were stopped: 0.0117710 seconds
2012-01-20T09:08:02.114+0000: 276.492: [CMS-concurrent-mark-start]
2012-01-20T09:08:03.549+0000: 277.927: [GC 277.927: [ParNew: 22421K->597K(27328K), 0.0107510 secs] 1785101K->1763277K(4188864K) icms_dc=25 , 0.0108720 secs] [Times: user=0.13 sys=0.01, real=0.01 secs] 
Total time for which application threads were stopped: 0.0112540 seconds
Total time for which application threads were stopped: 0.0002370 seconds
Total time for which application threads were stopped: 0.0002380 seconds
2012-01-20T09:08:05.740+0000: 280.118: [GC 280.118: [ParNew: 22485K->666K(27328K), 0.0106640 secs] 1785165K->1763347K(4188864K) icms_dc=25 , 0.0107870 secs] [Times: user=0.13 sys=0.00, real=0.01 secs] 
Total time for which application threads were stopped: 0.0110130 seconds
Total time for which application threads were stopped: 0.0002180 seconds
2012-01-20T09:08:08.125+0000: 282.503: [GC 282.503: [ParNew: 22554K->515K(27328K), 0.0110650 secs] 1785235K->1763197K(4188864K) icms_dc=25 , 0.0111850 secs] [Times: user=0.13 sys=0.00, real=0.02 secs] 
Total time for which application threads were stopped: 0.0113880 seconds
Total time for which application threads were stopped: 0.0002560 seconds
2012-01-20T09:08:10.673+0000: 285.051: [GC 285.051: [ParNew: 22403K->638K(27328K), 0.0104900 secs] 1785085K->1763321K(4188864K) icms_dc=25 , 0.0106240 secs] [Times: user=0.13 sys=0.00, real=0.01 secs] 
Total time for which application threads were stopped: 0.0109820 seconds
2012-01-20T09:08:11.664+0000: 286.042: [CMS-concurrent-mark: 2.420/9.551 secs] [Times: user=11.26 sys=2.38, real=9.55 secs] 
2012-01-20T09:08:11.664+0000: 286.043: [CMS-concurrent-preclean-start]
2012-01-20T09:08:11.690+0000: 286.068: [CMS-concurrent-preclean: 0.025/0.025 secs] [Times: user=0.03 sys=0.00, real=0.03 secs] 
2012-01-20T09:08:11.690+0000: 286.068: [CMS-concurrent-abortable-preclean-start]
2012-01-20T09:08:13.197+0000: 287.575: [GC 287.575: [ParNew: 22526K->672K(27328K), 0.0107650 secs] 1785209K->1763355K(4188864K) icms_dc=25 , 0.0108840 secs] [Times: user=0.12 sys=0.01, real=0.01 secs] 
Total time for which application threads were stopped: 0.0112530 seconds
2012-01-20T09:08:14.276+0000: 288.654: [CMS-concurrent-abortable-preclean: 0.196/2.586 secs] [Times: user=0.58 sys=0.16, real=2.58 secs] 
2012-01-20T09:08:14.276+0000: 288.654: [GC[YG occupancy: 11645 K (27328 K)]288.654: [Rescan (parallel) , 0.0104470 secs]288.665: [weak refs processing, 0.0002130 secs]288.665: [scrub string table, 0.0003960 secs] [1 CMS-remark: 1762683K(4161536K)] 1774329K(4188864K), 0.0112160 secs] [Times: user=0.13 sys=0.00, real=0.02 secs] 
Total time for which application threads were stopped: 0.0115440 seconds
2012-01-20T09:08:14.287+0000: 288.666: [CMS-concurrent-sweep-start]
2012-01-20T09:08:15.435+0000: 289.814: [GC 289.814: [ParNew: 22560K->479K(27328K), 0.0100900 secs] 1785240K->1763159K(4188864K) icms_dc=25 , 0.0102140 secs] [Times: user=0.12 sys=0.00, real=0.01 secs] 
Total time for which application threads were stopped: 0.0105870 seconds
Total time for which application threads were stopped: 0.0002870 seconds
2012-01-20T09:08:16.703+0000: 291.081: [CMS-concurrent-sweep: 0.711/2.415 secs] [Times: user=2.02 sys=0.48, real=2.41 secs] 
2012-01-20T09:08:16.703+0000: 291.081: [CMS-concurrent-reset-start]
2012-01-20T09:08:16.789+0000: 291.167: [CMS-concurrent-reset: 0.086/0.086 secs] [Times: user=0.11 sys=0.01, real=0.09 secs] 
2012-01-20T09:08:17.702+0000: 292.080: [GC 292.080: [ParNew: 22367K->765K(27328K), 0.0107480 secs] 1785046K->1763445K(4188864K) icms_dc=19 , 0.0108830 secs] [Times: user=0.13 sys=0.00, real=0.01 secs] 
Total time for which application threads were stopped: 0.0113220 seconds
2012-01-20T09:08:18.614+0000: 292.992: [GC [1 CMS-initial-mark: 1762679K(4161536K)] 1772667K(4188864K), 0.0126070 secs] [Times: user=0.01 sys=0.00, real=0.01 secs] 
Total time for which application threads were stopped: 0.0129820 seconds
2012-01-20T09:08:18.627+0000: 293.005: [CMS-concurrent-mark-start]
2012-01-20T09:08:19.905+0000: 294.283: [GC 294.284: [ParNew: 22653K->517K(27328K), 0.0104230 secs] 1785333K->1763198K(4188864K) icms_dc=19 , 0.0105460 secs] [Times: user=0.13 sys=0.00, real=0.01 secs] 
Total time for which application threads were stopped: 0.0109220 seconds
Total time for which application threads were stopped: 0.0001480 seconds
2012-01-20T09:08:22.161+0000: 296.539: [GC 296.539: [ParNew: 22405K->504K(27328K), 0.0101520 secs] 1785086K->1763186K(4188864K) icms_dc=19 , 0.0102730 secs] [Times: user=0.13 sys=0.00, real=0.01 secs] 
Total time for which application threads were stopped: 0.0106460 seconds
2012-01-20T09:08:24.385+0000: 298.763: [GC 298.763: [ParNew: 22392K->698K(27328K), 0.0104360 secs] 1785074K->1763380K(4188864K) icms_dc=19 , 0.0105640 secs] [Times: user=0.12 sys=0.00, real=0.01 secs] 
Total time for which application threads were stopped: 0.0109460 seconds
2012-01-20T09:08:26.605+0000: 300.983: [GC 300.983: [ParNew: 22586K->649K(27328K), 0.0102970 secs] 1785268K->1763332K(4188864K) icms_dc=19 , 0.0104200 secs] [Times: user=0.12 sys=0.00, real=0.01 secs] 
Total time for which application threads were stopped: 0.0109440 seconds
2012-01-20T09:08:28.894+0000: 303.272: [GC 303.272: [ParNew: 22537K->525K(27328K), 0.0104870 secs] 1785220K->1763208K(4188864K) icms_dc=19 , 0.0106020 secs] [Times: user=0.13 sys=0.00, real=0.01 secs] 
Total time for which application threads were stopped: 0.0110030 seconds
Total time for which application threads were stopped: 0.0003180 seconds
2012-01-20T09:08:31.131+0000: 305.509: [GC 305.509: [ParNew: 22413K->795K(27328K), 0.0103360 secs] 1785096K->1763479K(4188864K) icms_dc=19 , 0.0104570 secs] [Times: user=0.13 sys=0.00, real=0.01 secs] 
Total time for which application threads were stopped: 0.0108100 seconds
2012-01-20T09:08:33.305+0000: 307.683: [GC 307.684: [ParNew: 22683K->550K(27328K), 0.0101460 secs] 1785367K->1763235K(4188864K) icms_dc=19 , 0.0102660 secs] [Times: user=0.12 sys=0.00, real=0.01 secs] 
Total time for which application threads were stopped: 0.0106120 seconds
2012-01-20T09:08:34.196+0000: 308.574: [CMS-concurrent-mark: 2.894/15.569 secs] [Times: user=17.02 sys=4.07, real=15.57 secs] 
2012-01-20T09:08:34.196+0000: 308.574: [CMS-concurrent-preclean-start]
2012-01-20T09:08:34.232+0000: 308.610: [CMS-concurrent-preclean: 0.035/0.036 secs] [Times: user=0.05 sys=0.01, real=0.04 secs] 
2012-01-20T09:08:34.232+0000: 308.610: [CMS-concurrent-abortable-preclean-start]
2012-01-20T09:08:35.479+0000: 309.858: [GC 309.858: [ParNew: 22438K->642K(27328K), 0.0103460 secs] 1785123K->1763328K(4188864K) icms_dc=19 , 0.0104680 secs] [Times: user=0.12 sys=0.00, real=0.02 secs] 
Total time for which application threads were stopped: 0.0108210 seconds
2012-01-20T09:08:36.634+0000: 311.012: [CMS-concurrent-abortable-preclean: 0.139/2.402 secs] [Times: user=0.45 sys=0.17, real=2.40 secs] 
2012-01-20T09:08:36.634+0000: 311.013: [GC[YG occupancy: 12058 K (27328 K)]311.013: [Rescan (parallel) , 0.0115520 secs]311.024: [weak refs processing, 0.0002020 secs]311.024: [scrub string table, 0.0003890 secs] [1 CMS-remark: 1762685K(4161536K)] 1774744K(4188864K), 0.0122670 secs] [Times: user=0.15 sys=0.00, real=0.01 secs] 
Total time for which application threads were stopped: 0.0126030 seconds
2012-01-20T09:08:36.647+0000: 311.025: [CMS-concurrent-sweep-start]
2012-01-20T09:08:37.663+0000: 312.041: [GC 312.041: [ParNew: 22530K->631K(27328K), 0.0101290 secs] 1785216K->1763317K(4188864K) icms_dc=19 , 0.0102480 secs] [Times: user=0.12 sys=0.01, real=0.01 secs] 
Total time for which application threads were stopped: 0.0106020 seconds
2012-01-20T09:08:39.898+0000: 314.276: [GC 314.276: [ParNew: 22519K->484K(27328K), 0.0106200 secs] 1785205K->1763171K(4188864K) icms_dc=19 , 0.0107360 secs] [Times: user=0.12 sys=0.00, real=0.01 secs] 
Total time for which application threads were stopped: 0.0110760 seconds
Total time for which application threads were stopped: 0.0001290 seconds
2012-01-20T09:08:40.962+0000: 315.340: [CMS-concurrent-sweep: 0.716/4.315 secs] [Times: user=1.39 sys=0.34, real=4.32 secs] 
2012-01-20T09:08:40.962+0000: 315.340: [CMS-concurrent-reset-start]
2012-01-20T09:08:41.052+0000: 315.430: [CMS-concurrent-reset: 0.090/0.090 secs] [Times: user=0.10 sys=0.01, real=0.09 secs] 
2012-01-20T09:08:42.202+0000: 316.580: [GC 316.580: [ParNew: 22372K->749K(27328K), 0.0129920 secs] 1785059K->1763436K(4188864K) icms_dc=14 , 0.0131110 secs] [Times: user=0.14 sys=0.00, real=0.01 secs] 
Total time for which application threads were stopped: 0.0134790 seconds
2012-01-20T09:08:43.561+0000: 317.939: [GC [1 CMS-initial-mark: 1762687K(4161536K)] 1773094K(4188864K), 0.0131430 secs] [Times: user=0.02 sys=0.00, real=0.01 secs] 
Total time for which application threads were stopped: 0.0135180 seconds
2012-01-20T09:08:43.574+0000: 317.952: [CMS-concurrent-mark-start]
Total time for which application threads were stopped: 0.0002760 seconds
Total time for which application threads were stopped: 0.0002570 seconds
Total time for which application threads were stopped: 0.0002580 seconds
Total time for which application threads were stopped: 0.0002680 seconds
Total time for which application threads were stopped: 0.0002680 seconds
Total time for which application threads were stopped: 0.0002310 seconds
Total time for which application threads were stopped: 0.0004720 seconds
Total time for which application threads were stopped: 0.0002560 seconds
Total time for which application threads were stopped: 0.0004230 seconds
Total time for which application threads were stopped: 0.0000580 seconds
2012-01-20T09:10:20.352+0000: 414.730: [GC 414.730: [ParNew: 22637K->552K(27328K), 0.0105020 secs] 1785324K->1763240K(4188864K) icms_dc=14 , 0.0106250 secs] [Times: user=0.12 sys=0.01, real=0.01 secs] 
Total time for which application threads were stopped: 0.0110150 seconds
Total time for which application threads were stopped: 0.0001060 seconds
Total time for which application threads were stopped: 0.0003000 seconds
Total time for which application threads were stopped: 0.0003330 seconds
Total time for which application threads were stopped: 0.0002250 seconds
2012-01-20T09:10:46.325+0000: 440.704: [GC 440.704: [ParNew: 22440K->5440K(27328K), 0.0179410 secs] 1785128K->1768925K(4188864K) icms_dc=14 , 0.0180720 secs] [Times: user=0.20 sys=0.00, real=0.02 secs] 
Total time for which application threads were stopped: 0.0184830 seconds
2012-01-20T09:10:47.354+0000: 441.732: [GC 441.732: [ParNew: 27328K->5440K(27328K), 0.0234450 secs] 1790813K->1771719K(4188864K) icms_dc=14 , 0.0235800 secs] [Times: user=0.21 sys=0.01, real=0.03 secs] 
Total time for which application threads were stopped: 0.0240660 seconds
2012-01-20T09:10:49.965+0000: 444.343: [GC 444.343: [ParNew: 27328K->5440K(27328K), 0.0138450 secs] 1793607K->1771723K(4188864K) icms_dc=14 , 0.0139730 secs] [Times: user=0.16 sys=0.00, real=0.01 secs] 
Total time for which application threads were stopped: 0.0144890 seconds
Total time for which application threads were stopped: 0.0001860 seconds
2012-01-20T09:10:52.472+0000: 446.851: [GC 446.851: [ParNew: 27328K->5440K(27328K), 0.0151860 secs] 1793611K->1772260K(4188864K) icms_dc=14 , 0.0153120 secs] [Times: user=0.17 sys=0.01, real=0.02 secs] 
Total time for which application threads were stopped: 0.0158240 seconds
Total time for which application threads were stopped: 0.0003060 seconds
2012-01-20T09:10:55.030+0000: 449.408: [GC 449.408: [ParNew: 27328K->5440K(27328K), 0.0161530 secs] 1794148K->1773233K(4188864K) icms_dc=14 , 0.0162830 secs] [Times: user=0.19 sys=0.00, real=0.02 secs] 
Total time for which application threads were stopped: 0.0165940 seconds
2012-01-20T09:10:57.616+0000: 451.995: [GC 451.995: [ParNew: 27328K->5321K(27328K), 0.0135600 secs] 1795121K->1773114K(4188864K) icms_dc=14 , 0.0136840 secs] [Times: user=0.17 sys=0.00, real=0.01 secs] 
Total time for which application threads were stopped: 0.0140640 seconds
2012-01-20T09:10:59.008+0000: 453.386: [CMS-concurrent-mark: 2.448/135.434 secs] [Times: user=16.04 sys=4.19, real=135.42 secs] 
2012-01-20T09:10:59.008+0000: 453.386: [CMS-concurrent-preclean-start]
2012-01-20T09:10:59.056+0000: 453.434: [CMS-concurrent-preclean: 0.047/0.048 secs] [Times: user=0.07 sys=0.01, real=0.05 secs] 
2012-01-20T09:10:59.056+0000: 453.434: [CMS-concurrent-abortable-preclean-start]
2012-01-20T09:11:00.164+0000: 454.543: [GC 454.543: [ParNew: 27209K->5440K(27328K), 0.0142720 secs] 1795002K->1773367K(4188864K) icms_dc=14 , 0.0144050 secs] [Times: user=0.16 sys=0.00, real=0.02 secs] 
Total time for which application threads were stopped: 0.0147950 seconds
Total time for which application threads were stopped: 0.0001360 seconds
2012-01-20T09:11:01.079+0000: 455.457: [CMS-concurrent-abortable-preclean: 0.183/2.023 secs] [Times: user=1.12 sys=0.46, real=2.02 secs] 
2012-01-20T09:11:01.080+0000: 455.458: [GC[YG occupancy: 16489 K (27328 K)]455.458: [Rescan (parallel) , 0.0130450 secs]455.471: [weak refs processing, 0.0002100 secs]455.471: [scrub string table, 0.0003870 secs] [1 CMS-remark: 1767927K(4161536K)] 1784417K(4188864K), 0.0137680 secs] [Times: user=0.16 sys=0.00, real=0.01 secs] 
Total time for which application threads were stopped: 0.0141140 seconds
2012-01-20T09:11:01.094+0000: 455.472: [CMS-concurrent-sweep-start]
2012-01-20T09:11:02.130+0000: 456.508: [GC 456.508: [ParNew: 27328K->5440K(27328K), 0.0160970 secs] 1795254K->1774053K(4188864K) icms_dc=14 , 0.0162680 secs] [Times: user=0.18 sys=0.01, real=0.02 secs] 
Total time for which application threads were stopped: 0.0166180 seconds
2012-01-20T09:11:04.062+0000: 458.440: [GC 458.440: [ParNew: 27328K->5440K(27328K), 0.0155100 secs] 1795940K->1774532K(4188864K) icms_dc=14 , 0.0156330 secs] [Times: user=0.18 sys=0.00, real=0.02 secs] 
Total time for which application threads were stopped: 0.0159740 seconds
2012-01-20T09:11:05.719+0000: 460.097: [GC 460.097: [ParNew: 27328K->5440K(27328K), 0.0187290 secs] 1796416K->1775823K(4188864K) icms_dc=14 , 0.0188520 secs] [Times: user=0.19 sys=0.01, real=0.02 secs] 
Total time for which application threads were stopped: 0.0192550 seconds
2012-01-20T09:11:06.497+0000: 460.875: [CMS-concurrent-sweep: 0.729/5.404 secs] [Times: user=3.70 sys=1.47, real=5.41 secs] 
2012-01-20T09:11:06.497+0000: 460.876: [CMS-concurrent-reset-start]
2012-01-20T09:11:06.587+0000: 460.965: [CMS-concurrent-reset: 0.090/0.090 secs] [Times: user=0.13 sys=0.01, real=0.09 secs] 
2012-01-20T09:11:07.335+0000: 461.713: [GC 461.713: [ParNew: 27328K->5440K(27328K), 0.0168560 secs] 1797679K->1776842K(4188864K) icms_dc=9 , 0.0169840 secs] [Times: user=0.20 sys=0.00, real=0.02 secs] 
Total time for which application threads were stopped: 0.0173440 seconds
2012-01-20T09:11:07.936+0000: 462.314: [GC [1 CMS-initial-mark: 1771402K(4161536K)] 1786929K(4188864K), 0.0185640 secs] [Times: user=0.02 sys=0.00, real=0.02 secs] 
Total time for which application threads were stopped: 0.0189310 seconds
2012-01-20T09:11:07.955+0000: 462.333: [CMS-concurrent-mark-start]
2012-01-20T09:11:08.810+0000: 463.188: [GC 463.188: [ParNew: 27328K->5440K(27328K), 0.0157380 secs] 1798730K->1777422K(4188864K) icms_dc=9 , 0.0158650 secs] [Times: user=0.19 sys=0.01, real=0.01 secs] 
Total time for which application threads were stopped: 0.0162520 seconds
2012-01-20T09:11:10.255+0000: 464.634: [GC 464.634: [ParNew: 27328K->5440K(27328K), 0.0163010 secs] 1799310K->1778443K(4188864K) icms_dc=9 , 0.0164280 secs] [Times: user=0.19 sys=0.00, real=0.02 secs] 
Total time for which application threads were stopped: 0.0168110 seconds
Total time for which application threads were stopped: 0.0002010 seconds
2012-01-20T09:11:11.694+0000: 466.072: [GC 466.072: [ParNew: 27328K->5440K(27328K), 0.0163640 secs] 1800331K->1779646K(4188864K) icms_dc=9 , 0.0164970 secs] [Times: user=0.18 sys=0.00, real=0.02 secs] 
Total time for which application threads were stopped: 0.0168680 seconds
2012-01-20T09:11:12.965+0000: 467.343: [GC 467.343: [ParNew: 27328K->5440K(27328K), 0.0155430 secs] 1801534K->1780459K(4188864K) icms_dc=9 , 0.0156700 secs] [Times: user=0.18 sys=0.00, real=0.02 secs] 
Total time for which application threads were stopped: 0.0172440 seconds
2012-01-20T09:11:14.290+0000: 468.668: [GC 468.668: [ParNew: 27328K->5440K(27328K), 0.0179060 secs] 1802347K->1781300K(4188864K) icms_dc=9 , 0.0180330 secs] [Times: user=0.21 sys=0.01, real=0.02 secs] 
Total time for which application threads were stopped: 0.0184420 seconds
2012-01-20T09:11:15.703+0000: 470.081: [GC 470.081: [ParNew: 27328K->5440K(27328K), 0.0155700 secs] 1803188K->1782181K(4188864K) icms_dc=9 , 0.0156950 secs] [Times: user=0.18 sys=0.00, real=0.02 secs] 
Total time for which application threads were stopped: 0.0160960 seconds
2012-01-20T09:11:17.008+0000: 471.386: [GC 471.386: [ParNew: 27328K->5440K(27328K), 0.0171260 secs] 1804069K->1783437K(4188864K) icms_dc=9 , 0.0172430 secs] [Times: user=0.18 sys=0.00, real=0.01 secs] 
Total time for which application threads were stopped: 0.0175890 seconds
2012-01-20T09:11:18.257+0000: 472.635: [GC 472.635: [ParNew: 27328K->5440K(27328K), 0.0159740 secs] 1805325K->1784332K(4188864K) icms_dc=9 , 0.0160950 secs] [Times: user=0.17 sys=0.01, real=0.01 secs] 
Total time for which application threads were stopped: 0.0164640 seconds
2012-01-20T09:11:19.451+0000: 473.829: [GC 473.829: [ParNew: 27328K->5440K(27328K), 0.0170620 secs] 1806220K->1785564K(4188864K) icms_dc=9 , 0.0171840 secs] [Times: user=0.19 sys=0.01, real=0.02 secs] 
Total time for which application threads were stopped: 0.0175970 seconds
Total time for which application threads were stopped: 0.0003260 seconds
2012-01-20T09:11:20.656+0000: 475.034: [GC 475.034: [ParNew: 27328K->5440K(27328K), 0.0157850 secs] 1807452K->1786781K(4188864K) icms_dc=9 , 0.0159110 secs] [Times: user=0.18 sys=0.00, real=0.02 secs] 
Total time for which application threads were stopped: 0.0161840 seconds
2012-01-20T09:11:21.807+0000: 476.185: [GC 476.185: [ParNew: 27328K->5440K(27328K), 0.0183580 secs] 1808669K->1788550K(4188864K) icms_dc=9 , 0.0184860 secs] [Times: user=0.21 sys=0.00, real=0.02 secs] 
Total time for which application threads were stopped: 0.0188510 seconds
Total time for which application threads were stopped: 0.0003740 seconds
2012-01-20T09:11:22.836+0000: 477.214: [GC 477.214: [ParNew: 27328K->5440K(27328K), 0.0151020 secs] 1810438K->1788856K(4188864K) icms_dc=9 , 0.0152250 secs] [Times: user=0.18 sys=0.00, real=0.02 secs] 
Total time for which application threads were stopped: 0.0154240 seconds
2012-01-20T09:11:24.070+0000: 478.448: [GC 478.448: [ParNew: 27328K->5440K(27328K), 0.0168820 secs] 1810744K->1790462K(4188864K) icms_dc=9 , 0.0170110 secs] [Times: user=0.18 sys=0.00, real=0.01 secs] 
Total time for which application threads were stopped: 0.0173630 seconds
2012-01-20T09:11:25.234+0000: 479.613: [GC 479.613: [ParNew: 27328K->5440K(27328K), 0.0154800 secs] 1812350K->1791400K(4188864K) icms_dc=9 , 0.0156060 secs] [Times: user=0.17 sys=0.00, real=0.02 secs] 
Total time for which application threads were stopped: 0.0160130 seconds
2012-01-20T09:11:26.380+0000: 480.758: [GC 480.758: [ParNew: 27328K->5440K(27328K), 0.0152990 secs] 1813288K->1792331K(4188864K) icms_dc=9 , 0.0154210 secs] [Times: user=0.18 sys=0.01, real=0.01 secs] 
Total time for which application threads were stopped: 0.0157730 seconds
2012-01-20T09:11:27.762+0000: 482.140: [GC 482.140: [ParNew: 27328K->5238K(27328K), 0.0132420 secs] 1814219K->1792129K(4188864K) icms_dc=9 , 0.0133610 secs] [Times: user=0.16 sys=0.00, real=0.01 secs] 
Total time for which application threads were stopped: 0.0137650 seconds
2012-01-20T09:11:28.999+0000: 483.378: [GC 483.378: [ParNew: 27126K->5440K(27328K), 0.0155330 secs] 1814017K->1793147K(4188864K) icms_dc=9 , 0.0156640 secs] [Times: user=0.18 sys=0.00, real=0.01 secs] 
Total time for which application threads were stopped: 0.0160200 seconds
2012-01-20T09:11:30.301+0000: 484.680: [GC 484.680: [ParNew: 27328K->5440K(27328K), 0.0144500 secs] 1815035K->1793549K(4188864K) icms_dc=9 , 0.0145710 secs] [Times: user=0.17 sys=0.00, real=0.01 secs] 
Total time for which application threads were stopped: 0.0149110 seconds
Total time for which application threads were stopped: 0.0002620 seconds
2012-01-20T09:11:31.538+0000: 485.916: [GC 485.916: [ParNew: 27328K->5440K(27328K), 0.0151930 secs] 1815437K->1794154K(4188864K) icms_dc=9 , 0.0153250 secs] [Times: user=0.18 sys=0.00, real=0.02 secs] 
Total time for which application threads were stopped: 0.0156970 seconds
2012-01-20T09:11:32.167+0000: 486.545: [CMS-concurrent-mark: 2.582/24.212 secs] [Times: user=25.17 sys=11.19, real=24.21 secs] 
2012-01-20T09:11:32.167+0000: 486.545: [CMS-concurrent-preclean-start]
2012-01-20T09:11:32.726+0000: 487.104: [GC 487.104: [ParNew: 27328K->5440K(27328K), 0.0148990 secs] 1816042K->1794551K(4188864K) icms_dc=9 , 0.0150190 secs] [Times: user=0.17 sys=0.01, real=0.02 secs] 
Total time for which application threads were stopped: 0.0154210 seconds
2012-01-20T09:11:33.335+0000: 487.713: [CMS-concurrent-preclean: 0.103/1.168 secs] [Times: user=1.11 sys=0.64, real=1.17 secs] 
2012-01-20T09:11:33.335+0000: 487.713: [CMS-concurrent-abortable-preclean-start]
2012-01-20T09:11:34.029+0000: 488.407: [GC 488.408: [ParNew: 27328K->5440K(27328K), 0.0170460 secs] 1816439K->1795610K(4188864K) icms_dc=9 , 0.0171720 secs] [Times: user=0.19 sys=0.01, real=0.02 secs] 
Total time for which application threads were stopped: 0.0175270 seconds
2012-01-20T09:11:34.579+0000: 488.957: [CMS-concurrent-abortable-preclean: 0.042/1.245 secs] [Times: user=1.06 sys=0.59, real=1.24 secs] 
2012-01-20T09:11:34.579+0000: 488.958: [GC[YG occupancy: 15515 K (27328 K)]488.958: [Rescan (parallel) , 0.0133850 secs]488.971: [weak refs processing, 0.0002090 secs]488.971: [scrub string table, 0.0003920 secs] [1 CMS-remark: 1790170K(4161536K)] 1805686K(4188864K), 0.0141170 secs] [Times: user=0.16 sys=0.00, real=0.01 secs] 
Total time for which application threads were stopped: 0.0144770 seconds
2012-01-20T09:11:34.594+0000: 488.972: [CMS-concurrent-sweep-start]
2012-01-20T09:11:35.206+0000: 489.584: [GC 489.584: [ParNew: 27328K->5440K(27328K), 0.0161130 secs] 1817468K->1796383K(4188864K) icms_dc=9 , 0.0162420 secs] [Times: user=0.18 sys=0.00, real=0.02 secs] 
Total time for which application threads were stopped: 0.0165900 seconds
2012-01-20T09:11:36.468+0000: 490.846: [GC 490.846: [ParNew: 27328K->5440K(27328K), 0.0174280 secs] 1818271K->1797849K(4188864K) icms_dc=9 , 0.0175570 secs] [Times: user=0.19 sys=0.01, real=0.02 secs] 
Total time for which application threads were stopped: 0.0179430 seconds
2012-01-20T09:11:37.692+0000: 492.070: [GC 492.070: [ParNew: 27328K->5440K(27328K), 0.0170810 secs] 1819728K->1799415K(4188864K) icms_dc=9 , 0.0172060 secs] [Times: user=0.20 sys=0.00, real=0.01 secs] 
Total time for which application threads were stopped: 0.0175900 seconds
2012-01-20T09:11:38.934+0000: 493.312: [GC 493.312: [ParNew: 27328K->5440K(27328K), 0.0171070 secs] 1821270K->1800484K(4188864K) icms_dc=9 , 0.0172300 secs] [Times: user=0.20 sys=0.00, real=0.02 secs] 
Total time for which application threads were stopped: 0.0175900 seconds
2012-01-20T09:11:40.079+0000: 494.457: [GC 494.457: [ParNew: 27328K->5440K(27328K), 0.0147470 secs] 1822372K->1800671K(4188864K) icms_dc=9 , 0.0148690 secs] [Times: user=0.18 sys=0.00, real=0.02 secs] 
Total time for which application threads were stopped: 0.0152590 seconds
Total time for which application threads were stopped: 0.0003080 seconds
2012-01-20T09:11:41.276+0000: 495.654: [GC 495.654: [ParNew: 27328K->5439K(27328K), 0.0182350 secs] 1822559K->1802131K(4188864K) icms_dc=9 , 0.0183690 secs] [Times: user=0.20 sys=0.00, real=0.02 secs] 
Total time for which application threads were stopped: 0.0188010 seconds
2012-01-20T09:11:41.835+0000: 496.213: [CMS-concurrent-sweep: 0.802/7.241 secs] [Times: user=6.34 sys=3.51, real=7.24 secs] 
2012-01-20T09:11:41.835+0000: 496.214: [CMS-concurrent-reset-start]
2012-01-20T09:11:42.380+0000: 496.759: [GC 496.759: [ParNew: 27327K->5440K(27328K), 0.0138290 secs] 1816970K->1795116K(4188864K) icms_dc=9 , 0.0139490 secs] [Times: user=0.16 sys=0.00, real=0.01 secs] 
Total time for which application threads were stopped: 0.0143010 seconds
2012-01-20T09:11:43.069+0000: 497.447: [CMS-concurrent-reset: 0.095/1.233 secs] [Times: user=0.93 sys=0.39, real=1.23 secs] 
2012-01-20T09:11:43.711+0000: 498.089: [GC 498.089: [ParNew: 27328K->5440K(27328K), 0.0154890 secs] 1817004K->1796196K(4188864K) icms_dc=4 , 0.0156130 secs] [Times: user=0.17 sys=0.00, real=0.01 secs] 
Total time for which application threads were stopped: 0.0159660 seconds
2012-01-20T09:11:44.291+0000: 498.670: [GC [1 CMS-initial-mark: 1790756K(4161536K)] 1806724K(4188864K), 0.0187270 secs] [Times: user=0.02 sys=0.00, real=0.02 secs] 
Total time for which application threads were stopped: 0.0191630 seconds
2012-01-20T09:11:44.310+0000: 498.688: [CMS-concurrent-mark-start]
2012-01-20T09:11:44.944+0000: 499.322: [GC 499.322: [ParNew: 27328K->5440K(27328K), 0.0139110 secs] 1818084K->1796290K(4188864K) icms_dc=4 , 0.0140280 secs] [Times: user=0.17 sys=0.00, real=0.01 secs] 
Total time for which application threads were stopped: 0.0143560 seconds
2012-01-20T09:11:46.022+0000: 500.400: [GC 500.400: [ParNew: 27328K->5440K(27328K), 0.0151050 secs] 1818178K->1797108K(4188864K) icms_dc=4 , 0.0152280 secs] [Times: user=0.18 sys=0.00, real=0.01 secs] 
Total time for which application threads were stopped: 0.0155910 seconds
Total time for which application threads were stopped: 0.0006330 seconds
2012-01-20T09:11:47.102+0000: 501.480: [GC 501.480: [ParNew: 27328K->5440K(27328K), 0.0139060 secs] 1818996K->1797367K(4188864K) icms_dc=4 , 0.0140310 secs] [Times: user=0.17 sys=0.00, real=0.01 secs] 
Total time for which application threads were stopped: 0.0143790 seconds
2012-01-20T09:11:48.340+0000: 502.718: [GC 502.718: [ParNew: 27328K->5440K(27328K), 0.0152120 secs] 1819255K->1798211K(4188864K) icms_dc=4 , 0.0153350 secs] [Times: user=0.17 sys=0.00, real=0.02 secs] 
Total time for which application threads were stopped: 0.0157130 seconds
2012-01-20T09:11:49.626+0000: 504.004: [GC 504.004: [ParNew: 27328K->5440K(27328K), 0.0152510 secs] 1820099K->1798625K(4188864K) icms_dc=4 , 0.0153650 secs] [Times: user=0.19 sys=0.00, real=0.02 secs] 
Total time for which application threads were stopped: 0.0157040 seconds
Total time for which application threads were stopped: 0.0002240 seconds
2012-01-20T09:11:50.754+0000: 505.132: [GC 505.132: [ParNew: 27328K->5440K(27328K), 0.0184050 secs] 1820513K->1799675K(4188864K) icms_dc=4 , 0.0185210 secs] [Times: user=0.20 sys=0.00, real=0.02 secs] 
Total time for which application threads were stopped: 0.0188020 seconds
2012-01-20T09:11:52.052+0000: 506.430: [GC 506.431: [ParNew: 27328K->5440K(27328K), 0.0138360 secs] 1821563K->1799898K(4188864K) icms_dc=4 , 0.0139610 secs] [Times: user=0.16 sys=0.00, real=0.01 secs] 
Total time for which application threads were stopped: 0.0143300 seconds
2012-01-20T09:11:53.289+0000: 507.667: [GC 507.667: [ParNew: 27328K->5440K(27328K), 0.0157570 secs] 1821786K->1801301K(4188864K) icms_dc=4 , 0.0158890 secs] [Times: user=0.17 sys=0.01, real=0.02 secs] 
Total time for which application threads were stopped: 0.0163230 seconds
2012-01-20T09:11:54.586+0000: 508.964: [GC 508.964: [ParNew: 27328K->5440K(27328K), 0.0132830 secs] 1823189K->1801315K(4188864K) icms_dc=4 , 0.0134060 secs] [Times: user=0.16 sys=0.00, real=0.01 secs] 
Total time for which application threads were stopped: 0.0138160 seconds
2012-01-20T09:11:55.815+0000: 510.193: [GC 510.193: [ParNew: 27328K->5440K(27328K), 0.0150890 secs] 1823203K->1802050K(4188864K) icms_dc=4 , 0.0152090 secs] [Times: user=0.18 sys=0.00, real=0.01 secs] 
Total time for which application threads were stopped: 0.0155610 seconds
2012-01-20T09:11:57.049+0000: 511.427: [GC 511.427: [ParNew: 27328K->5440K(27328K), 0.0165930 secs] 1823938K->1802662K(4188864K) icms_dc=4 , 0.0167260 secs] [Times: user=0.19 sys=0.00, real=0.02 secs] 
Total time for which application threads were stopped: 0.0171230 seconds
2012-01-20T09:11:58.332+0000: 512.710: [GC 512.710: [ParNew: 27328K->5440K(27328K), 0.0175730 secs] 1824550K->1803511K(4188864K) icms_dc=4 , 0.0176960 secs] [Times: user=0.20 sys=0.01, real=0.01 secs] 
Total time for which application threads were stopped: 0.0180690 seconds
2012-01-20T09:11:59.565+0000: 513.943: [GC 513.943: [ParNew: 27328K->5440K(27328K), 0.0173560 secs] 1825399K->1804795K(4188864K) icms_dc=4 , 0.0174880 secs] [Times: user=0.20 sys=0.01, real=0.02 secs] 
Total time for which application threads were stopped: 0.0178950 seconds
Total time for which application threads were stopped: 0.0002630 seconds
2012-01-20T09:12:00.791+0000: 515.170: [GC 515.170: [ParNew: 27328K->5440K(27328K), 0.0144540 secs] 1826683K->1805238K(4188864K) icms_dc=4 , 0.0145800 secs] [Times: user=0.16 sys=0.00, real=0.02 secs] 
Total time for which application threads were stopped: 0.0148840 seconds
2012-01-20T09:12:01.891+0000: 516.269: [GC 516.269: [ParNew: 27328K->5440K(27328K), 0.0168390 secs] 1827126K->1806334K(4188864K) icms_dc=4 , 0.0169720 secs] [Times: user=0.18 sys=0.00, real=0.02 secs] 
Total time for which application threads were stopped: 0.0174170 seconds
2012-01-20T09:12:03.016+0000: 517.395: [GC 517.395: [ParNew: 27328K->5440K(27328K), 0.0152550 secs] 1828222K->1807033K(4188864K) icms_dc=4 , 0.0153830 secs] [Times: user=0.17 sys=0.01, real=0.01 secs] 
Total time for which application threads were stopped: 0.0157880 seconds
2012-01-20T09:12:04.385+0000: 518.763: [GC 518.763: [ParNew: 27328K->5440K(27328K), 0.0170410 secs] 1828921K->1808537K(4188864K) icms_dc=4 , 0.0171730 secs] [Times: user=0.18 sys=0.01, real=0.02 secs] 
Total time for which application threads were stopped: 0.0176600 seconds
2012-01-20T09:12:05.571+0000: 519.949: [GC 519.949: [ParNew: 27328K->5440K(27328K), 0.0149330 secs] 1830425K->1808969K(4188864K) icms_dc=4 , 0.0150640 secs] [Times: user=0.17 sys=0.00, real=0.02 secs] 
Total time for which application threads were stopped: 0.0155310 seconds
2012-01-20T09:12:06.814+0000: 521.192: [GC 521.192: [ParNew: 27328K->5440K(27328K), 0.0170130 secs] 1830857K->1810383K(4188864K) icms_dc=4 , 0.0171430 secs] [Times: user=0.19 sys=0.00, real=0.01 secs] 
Total time for which application threads were stopped: 0.0175690 seconds
2012-01-20T09:12:07.966+0000: 522.344: [GC 522.344: [ParNew: 27328K->5440K(27328K), 0.0171130 secs] 1832271K->1811431K(4188864K) icms_dc=4 , 0.0172470 secs] [Times: user=0.20 sys=0.01, real=0.02 secs] 
Total time for which application threads were stopped: 0.0176260 seconds
2012-01-20T09:12:09.112+0000: 523.490: [GC 523.491: [ParNew: 27328K->5440K(27328K), 0.0157060 secs] 1833319K->1812502K(4188864K) icms_dc=4 , 0.0158250 secs] [Times: user=0.18 sys=0.01, real=0.02 secs] 
Total time for which application threads were stopped: 0.0161850 seconds
2012-01-20T09:12:10.249+0000: 524.628: [GC 524.628: [ParNew: 27328K->5440K(27328K), 0.0187360 secs] 1834390K->1813487K(4188864K) icms_dc=4 , 0.0188550 secs] [Times: user=0.21 sys=0.00, real=0.02 secs] 
Total time for which application threads were stopped: 0.0192400 seconds
Total time for which application threads were stopped: 0.0001350 seconds
2012-01-20T09:12:11.421+0000: 525.800: [GC 525.800: [ParNew: 27328K->5440K(27328K), 0.0185700 secs] 1835375K->1814485K(4188864K) icms_dc=4 , 0.0186920 secs] [Times: user=0.21 sys=0.00, real=0.02 secs] 
Total time for which application threads were stopped: 0.0190620 seconds
2012-01-20T09:12:12.606+0000: 526.984: [GC 526.984: [ParNew: 27328K->5440K(27328K), 0.0168510 secs] 1836373K->1815356K(4188864K) icms_dc=4 , 0.0169780 secs] [Times: user=0.19 sys=0.01, real=0.01 secs] 
Total time for which application threads were stopped: 0.0173610 seconds
2012-01-20T09:12:14.076+0000: 528.455: [GC 528.455: [ParNew: 27328K->5440K(27328K), 0.0163590 secs] 1837244K->1816546K(4188864K) icms_dc=4 , 0.0164890 secs] [Times: user=0.18 sys=0.01, real=0.01 secs] 
Total time for which application threads were stopped: 0.0168680 seconds
2012-01-20T09:12:15.377+0000: 529.755: [GC 529.755: [ParNew: 27328K->5440K(27328K), 0.0167690 secs] 1838434K->1817641K(4188864K) icms_dc=4 , 0.0168930 secs] [Times: user=0.19 sys=0.01, real=0.01 secs] 
Total time for which application threads were stopped: 0.0172530 seconds
2012-01-20T09:12:16.618+0000: 530.996: [GC 530.996: [ParNew: 27328K->5440K(27328K), 0.0170840 secs] 1839529K->1819303K(4188864K) icms_dc=4 , 0.0172140 secs] [Times: user=0.19 sys=0.00, real=0.02 secs] 
Total time for which application threads were stopped: 0.0176310 seconds
2012-01-20T09:12:17.796+0000: 532.175: [GC 532.175: [ParNew: 27328K->5440K(27328K), 0.0159950 secs] 1841191K->1820360K(4188864K) icms_dc=4 , 0.0161190 secs] [Times: user=0.18 sys=0.00, real=0.01 secs] 
Total time for which application threads were stopped: 0.0165320 seconds
2012-01-20T09:12:18.945+0000: 533.324: [GC 533.324: [ParNew: 27066K->5440K(27328K), 0.0156100 secs] 1841986K->1821331K(4188864K) icms_dc=4 , 0.0157340 secs] [Times: user=0.18 sys=0.00, real=0.01 secs] 
Total time for which application threads were stopped: 0.0161030 seconds
2012-01-20T09:12:20.074+0000: 534.452: [GC 534.452: [ParNew: 27328K->5440K(27328K), 0.0134060 secs] 1843219K->1821367K(4188864K) icms_dc=4 , 0.0135310 secs] [Times: user=0.16 sys=0.00, real=0.02 secs] 
Total time for which application threads were stopped: 0.0139480 seconds
Total time for which application threads were stopped: 0.0002730 seconds
2012-01-20T09:12:21.302+0000: 535.680: [GC 535.681: [ParNew: 27328K->5440K(27328K), 0.0170370 secs] 1843255K->1822459K(4188864K) icms_dc=4 , 0.0171610 secs] [Times: user=0.19 sys=0.01, real=0.02 secs] 
Total time for which application threads were stopped: 0.0175290 seconds
2012-01-20T09:12:22.710+0000: 537.088: [GC 537.088: [ParNew: 27328K->5440K(27328K), 0.0151550 secs] 1844347K->1822731K(4188864K) icms_dc=4 , 0.0152820 secs] [Times: user=0.18 sys=0.00, real=0.02 secs] 
Total time for which application threads were stopped: 0.0156920 seconds
2012-01-20T09:12:24.092+0000: 538.470: [GC 538.470: [ParNew: 27328K->5440K(27328K), 0.0190050 secs] 1844619K->1824511K(4188864K) icms_dc=4 , 0.0191380 secs] [Times: user=0.20 sys=0.00, real=0.02 secs] 
Total time for which application threads were stopped: 0.0195000 seconds
2012-01-20T09:12:25.438+0000: 539.817: [GC 539.817: [ParNew: 27328K->5054K(27328K), 0.0142940 secs] 1846399K->1824125K(4188864K) icms_dc=4 , 0.0144150 secs] [Times: user=0.18 sys=0.00, real=0.01 secs] 
Total time for which application threads were stopped: 0.0148120 seconds
2012-01-20T09:12:26.728+0000: 541.107: [GC 541.107: [ParNew: 26942K->5440K(27328K), 0.0153350 secs] 1846013K->1825014K(4188864K) icms_dc=4 , 0.0154540 secs] [Times: user=0.18 sys=0.00, real=0.01 secs] 
Total time for which application threads were stopped: 0.0158990 seconds
2012-01-20T09:12:27.926+0000: 542.304: [GC 542.304: [ParNew: 27328K->5440K(27328K), 0.0135380 secs] 1846902K->1825041K(4188864K) icms_dc=4 , 0.0136570 secs] [Times: user=0.17 sys=0.01, real=0.01 secs] 
Total time for which application threads were stopped: 0.0140660 seconds
2012-01-20T09:12:29.212+0000: 543.591: [GC 543.591: [ParNew: 27328K->5440K(27328K), 0.0148890 secs] 1846929K->1825624K(4188864K) icms_dc=4 , 0.0150100 secs] [Times: user=0.17 sys=0.00, real=0.02 secs] 
Total time for which application threads were stopped: 0.0153900 seconds
2012-01-20T09:12:30.527+0000: 544.905: [GC 544.905: [ParNew: 27328K->5440K(27328K), 0.0159830 secs] 1847512K->1826592K(4188864K) icms_dc=4 , 0.0161090 secs] [Times: user=0.19 sys=0.01, real=0.01 secs] 
Total time for which application threads were stopped: 0.0165540 seconds
Total time for which application threads were stopped: 0.0001670 seconds
2012-01-20T09:12:31.836+0000: 546.214: [GC 546.214: [ParNew: 27328K->5440K(27328K), 0.0152940 secs] 1848480K->1827088K(4188864K) icms_dc=4 , 0.0154220 secs] [Times: user=0.18 sys=0.01, real=0.02 secs] 
Total time for which application threads were stopped: 0.0158590 seconds
2012-01-20T09:12:33.175+0000: 547.553: [GC 547.553: [ParNew: 27328K->5440K(27328K), 0.0165940 secs] 1848976K->1828323K(4188864K) icms_dc=4 , 0.0167210 secs] [Times: user=0.19 sys=0.01, real=0.02 secs] 
Total time for which application threads were stopped: 0.0170570 seconds
2012-01-20T09:12:34.602+0000: 548.980: [GC 548.980: [ParNew: 27328K->5440K(27328K), 0.0168730 secs] 1850211K->1829628K(4188864K) icms_dc=4 , 0.0169960 secs] [Times: user=0.19 sys=0.01, real=0.02 secs] 
Total time for which application threads were stopped: 0.0173420 seconds
2012-01-20T09:12:35.751+0000: 550.130: [GC 550.130: [ParNew: 27328K->5440K(27328K), 0.0165330 secs] 1851516K->1830633K(4188864K) icms_dc=4 , 0.0166580 secs] [Times: user=0.19 sys=0.01, real=0.02 secs] 
Total time for which application threads were stopped: 0.0170860 seconds
2012-01-20T09:12:37.210+0000: 551.588: [GC 551.588: [ParNew: 27328K->5440K(27328K), 0.0168600 secs] 1852521K->1831942K(4188864K) icms_dc=4 , 0.0169790 secs] [Times: user=0.20 sys=0.00, real=0.02 secs] 
Total time for which application threads were stopped: 0.0174020 seconds
2012-01-20T09:12:38.680+0000: 553.058: [GC 553.058: [ParNew: 27328K->5440K(27328K), 0.0159520 secs] 1853830K->1833127K(4188864K) icms_dc=4 , 0.0160680 secs] [Times: user=0.18 sys=0.00, real=0.01 secs] 
Total time for which application threads were stopped: 0.0164110 seconds
2012-01-20T09:12:39.990+0000: 554.369: [GC 554.369: [ParNew: 27328K->5440K(27328K), 0.0163190 secs] 1855015K->1834176K(4188864K) icms_dc=4 , 0.0164410 secs] [Times: user=0.18 sys=0.01, real=0.02 secs] 
Total time for which application threads were stopped: 0.0167770 seconds
Total time for which application threads were stopped: 0.0002800 seconds
2012-01-20T09:12:41.146+0000: 555.524: [GC 555.524: [ParNew: 27328K->5440K(27328K), 0.0160010 secs] 1856064K->1835177K(4188864K) icms_dc=4 , 0.0161610 secs] [Times: user=0.18 sys=0.01, real=0.02 secs] 
Total time for which application threads were stopped: 0.0163800 seconds
2012-01-20T09:12:42.481+0000: 556.859: [GC 556.859: [ParNew: 27328K->5440K(27328K), 0.0168270 secs] 1857065K->1836666K(4188864K) icms_dc=4 , 0.0169470 secs] [Times: user=0.19 sys=0.00, real=0.02 secs] 
Total time for which application threads were stopped: 0.0173530 seconds
2012-01-20T09:12:43.860+0000: 558.238: [GC 558.238: [ParNew: 27328K->5440K(27328K), 0.0175500 secs] 1858554K->1837512K(4188864K) icms_dc=4 , 0.0176640 secs] [Times: user=0.20 sys=0.01, real=0.02 secs] 
Total time for which application threads were stopped: 0.0180090 seconds
2012-01-20T09:12:45.186+0000: 559.564: [GC 559.564: [ParNew: 27328K->5440K(27328K), 0.0167040 secs] 1859400K->1838933K(4188864K) icms_dc=4 , 0.0168260 secs] [Times: user=0.19 sys=0.01, real=0.02 secs] 
Total time for which application threads were stopped: 0.0171830 seconds
2012-01-20T09:12:45.863+0000: 560.241: [CMS-concurrent-mark: 2.545/61.553 secs] [Times: user=50.54 sys=25.11, real=61.54 secs] 
2012-01-20T09:12:45.863+0000: 560.241: [CMS-concurrent-preclean-start]
2012-01-20T09:12:46.519+0000: 560.897: [GC 560.897: [ParNew: 27328K->5440K(27328K), 0.0166580 secs] 1860821K->1839993K(4188864K) icms_dc=4 , 0.0167820 secs] [Times: user=0.19 sys=0.01, real=0.01 secs] 
Total time for which application threads were stopped: 0.0171550 seconds
2012-01-20T09:12:48.068+0000: 562.446: [GC 562.446: [ParNew: 27328K->5440K(27328K), 0.0192190 secs] 1861881K->1841433K(4188864K) icms_dc=4 , 0.0193410 secs] [Times: user=0.22 sys=0.01, real=0.01 secs] 
Total time for which application threads were stopped: 0.0197240 seconds
2012-01-20T09:12:49.386+0000: 563.764: [GC 563.764: [ParNew: 27328K->5440K(27328K), 0.0164300 secs] 1863321K->1842771K(4188864K) icms_dc=4 , 0.0165590 secs] [Times: user=0.18 sys=0.00, real=0.02 secs] 
Total time for which application threads were stopped: 0.0169330 seconds
Total time for which application threads were stopped: 0.0002160 seconds
2012-01-20T09:12:50.798+0000: 565.176: [GC 565.176: [ParNew: 27328K->5440K(27328K), 0.0173440 secs] 1864659K->1843775K(4188864K) icms_dc=4 , 0.0174650 secs] [Times: user=0.20 sys=0.00, real=0.01 secs] 
Total time for which application threads were stopped: 0.0177640 seconds
2012-01-20T09:12:52.124+0000: 566.502: [GC 566.502: [ParNew: 27328K->5440K(27328K), 0.0161730 secs] 1865663K->1844941K(4188864K) icms_dc=4 , 0.0163010 secs] [Times: user=0.18 sys=0.00, real=0.02 secs] 
Total time for which application threads were stopped: 0.0167240 seconds
2012-01-20T09:12:52.828+0000: 567.206: [CMS-concurrent-preclean: 0.239/6.965 secs] [Times: user=4.79 sys=2.52, real=6.96 secs] 
2012-01-20T09:12:52.828+0000: 567.206: [CMS-concurrent-abortable-preclean-start]
2012-01-20T09:12:53.469+0000: 567.847: [GC 567.847: [ParNew: 27328K->5440K(27328K), 0.0162650 secs] 1866829K->1846205K(4188864K) icms_dc=4 , 0.0163860 secs] [Times: user=0.18 sys=0.00, real=0.01 secs] 
Total time for which application threads were stopped: 0.0167510 seconds
2012-01-20T09:12:54.098+0000: 568.476: [CMS-concurrent-abortable-preclean: 0.045/1.270 secs] [Times: user=0.95 sys=0.43, real=1.27 secs] 
2012-01-20T09:12:54.098+0000: 568.476: [GC[YG occupancy: 16504 K (27328 K)]568.476: [Rescan (parallel) , 0.0135580 secs]568.490: [weak refs processing, 0.0002110 secs]568.490: [scrub string table, 0.0003900 secs] [1 CMS-remark: 1840765K(4161536K)] 1857269K(4188864K), 0.0142800 secs] [Times: user=0.17 sys=0.00, real=0.02 secs] 
Total time for which application threads were stopped: 0.0146290 seconds
2012-01-20T09:12:54.112+0000: 568.491: [CMS-concurrent-sweep-start]
2012-01-20T09:12:54.757+0000: 569.135: [GC 569.135: [ParNew: 27328K->5440K(27328K), 0.0146380 secs] 1868069K->1846340K(4188864K) icms_dc=4 , 0.0147540 secs] [Times: user=0.18 sys=0.00, real=0.02 secs] 
Total time for which application threads were stopped: 0.0151550 seconds
2012-01-20T09:12:56.207+0000: 570.585: [GC 570.585: [ParNew: 27328K->5440K(27328K), 0.0167900 secs] 1868216K->1847487K(4188864K) icms_dc=4 , 0.0169160 secs] [Times: user=0.19 sys=0.01, real=0.02 secs] 
Total time for which application threads were stopped: 0.0173440 seconds
2012-01-20T09:12:57.584+0000: 571.962: [GC 571.962: [ParNew: 27328K->5440K(27328K), 0.0161430 secs] 1869375K->1848621K(4188864K) icms_dc=4 , 0.0162640 secs] [Times: user=0.18 sys=0.00, real=0.02 secs] 
Total time for which application threads were stopped: 0.0166630 seconds
2012-01-20T09:12:59.049+0000: 573.427: [GC 573.427: [ParNew: 27328K->5440K(27328K), 0.0155730 secs] 1870509K->1848796K(4188864K) icms_dc=4 , 0.0156950 secs] [Times: user=0.19 sys=0.00, real=0.01 secs] 
Total time for which application threads were stopped: 0.0160660 seconds
2012-01-20T09:13:00.350+0000: 574.728: [GC 574.728: [ParNew: 27328K->5440K(27328K), 0.0167300 secs] 1870674K->1849944K(4188864K) icms_dc=4 , 0.0168520 secs] [Times: user=0.18 sys=0.00, real=0.01 secs] 
Total time for which application threads were stopped: 0.0172840 seconds
Total time for which application threads were stopped: 0.0001260 seconds
2012-01-20T09:13:01.788+0000: 576.166: [GC 576.166: [ParNew: 27328K->5440K(27328K), 0.0138370 secs] 1871832K->1850022K(4188864K) icms_dc=4 , 0.0139570 secs] [Times: user=0.17 sys=0.00, real=0.02 secs] 
Total time for which application threads were stopped: 0.0143400 seconds
2012-01-20T09:13:03.236+0000: 577.614: [GC 577.614: [ParNew: 27328K->5440K(27328K), 0.0167790 secs] 1871910K->1851270K(4188864K) icms_dc=4 , 0.0169010 secs] [Times: user=0.18 sys=0.01, real=0.02 secs] 
Total time for which application threads were stopped: 0.0173500 seconds
2012-01-20T09:13:04.502+0000: 578.880: [GC 578.880: [ParNew: 27328K->5440K(27328K), 0.0153530 secs] 1873158K->1851812K(4188864K) icms_dc=4 , 0.0154710 secs] [Times: user=0.18 sys=0.00, real=0.01 secs] 
Total time for which application threads were stopped: 0.0158160 seconds
2012-01-20T09:13:05.823+0000: 580.201: [GC 580.201: [ParNew: 27328K->5440K(27328K), 0.0166700 secs] 1873667K->1853264K(4188864K) icms_dc=4 , 0.0167920 secs] [Times: user=0.18 sys=0.01, real=0.02 secs] 
Total time for which application threads were stopped: 0.0171330 seconds
2012-01-20T09:13:07.312+0000: 581.691: [GC 581.691: [ParNew: 27328K->5440K(27328K), 0.0163040 secs] 1875152K->1854050K(4188864K) icms_dc=4 , 0.0164210 secs] [Times: user=0.19 sys=0.01, real=0.01 secs] 
Total time for which application threads were stopped: 0.0167830 seconds
2012-01-20T09:13:08.740+0000: 583.118: [GC 583.118: [ParNew: 27328K->5440K(27328K), 0.0180560 secs] 1875938K->1855909K(4188864K) icms_dc=4 , 0.0181750 secs] [Times: user=0.19 sys=0.01, real=0.01 secs] 
Total time for which application threads were stopped: 0.0185340 seconds
2012-01-20T09:13:10.110+0000: 584.488: [GC 584.488: [ParNew: 27328K->5440K(27328K), 0.0193400 secs] 1877797K->1856985K(4188864K) icms_dc=4 , 0.0194580 secs] [Times: user=0.22 sys=0.01, real=0.02 secs] 
Total time for which application threads were stopped: 0.0198380 seconds
Total time for which application threads were stopped: 0.0002680 seconds
2012-01-20T09:13:11.560+0000: 585.938: [GC 585.938: [ParNew: 27328K->5440K(27328K), 0.0165460 secs] 1878873K->1858170K(4188864K) icms_dc=4 , 0.0166700 secs] [Times: user=0.19 sys=0.01, real=0.02 secs] 
Total time for which application threads were stopped: 0.0169910 seconds
2012-01-20T09:13:13.016+0000: 587.395: [GC 587.395: [ParNew: 27328K->5440K(27328K), 0.0160700 secs] 1853562K->1832781K(4188864K) icms_dc=4 , 0.0161900 secs] [Times: user=0.18 sys=0.01, real=0.02 secs] 
Total time for which application threads were stopped: 0.0165460 seconds
2012-01-20T09:13:13.677+0000: 588.055: [CMS-concurrent-sweep: 0.790/19.564 secs] [Times: user=13.57 sys=6.66, real=19.56 secs] 
2012-01-20T09:13:13.677+0000: 588.055: [CMS-concurrent-reset-start]
2012-01-20T09:13:14.491+0000: 588.869: [GC 588.869: [ParNew: 27328K->5440K(27328K), 0.0156900 secs] 1854669K->1833456K(4188864K) icms_dc=4 , 0.0158130 secs] [Times: user=0.19 sys=0.00, real=0.01 secs] 
Total time for which application threads were stopped: 0.0161640 seconds
2012-01-20T09:13:15.213+0000: 589.591: [CMS-concurrent-reset: 0.087/1.536 secs] [Times: user=0.76 sys=0.30, real=1.54 secs] 
2012-01-20T09:13:15.905+0000: 590.283: [GC 590.283: [ParNew: 27328K->5440K(27328K), 0.0163550 secs] 1855344K->1834485K(4188864K) icms_dc=0 , 0.0164770 secs] [Times: user=0.19 sys=0.01, real=0.02 secs] 
Total time for which application threads were stopped: 0.0168610 seconds
Total time for which application threads were stopped: 0.0006280 seconds
2012-01-20T09:13:17.260+0000: 591.638: [GC 591.638: [ParNew: 27328K->5440K(27328K), 0.0168920 secs] 1856373K->1836556K(4188864K) icms_dc=0 , 0.0170160 secs] [Times: user=0.19 sys=0.01, real=0.02 secs] 
Total time for which application threads were stopped: 0.0172310 seconds
2012-01-20T09:13:18.591+0000: 592.969: [GC 592.969: [ParNew: 27328K->5440K(27328K), 0.0156590 secs] 1858444K->1837122K(4188864K) icms_dc=0 , 0.0157850 secs] [Times: user=0.19 sys=0.01, real=0.01 secs] 
Total time for which application threads were stopped: 0.0161170 seconds
2012-01-20T09:13:19.982+0000: 594.360: [GC 594.360: [ParNew: 27328K->5440K(27328K), 0.0165360 secs] 1859010K->1838783K(4188864K) icms_dc=0 , 0.0166560 secs] [Times: user=0.19 sys=0.00, real=0.01 secs] 
Total time for which application threads were stopped: 0.0170230 seconds
Total time for which application threads were stopped: 0.0002350 seconds
2012-01-20T09:13:21.311+0000: 595.690: [GC 595.690: [ParNew: 27328K->5440K(27328K), 0.0158570 secs] 1860671K->1840009K(4188864K) icms_dc=0 , 0.0159860 secs] [Times: user=0.17 sys=0.01, real=0.01 secs] 
Total time for which application threads were stopped: 0.0162030 seconds
2012-01-20T09:13:22.549+0000: 596.927: [GC 596.927: [ParNew: 27328K->5440K(27328K), 0.0148130 secs] 1861897K->1840440K(4188864K) icms_dc=0 , 0.0149270 secs] [Times: user=0.17 sys=0.00, real=0.02 secs] 
Total time for which application threads were stopped: 0.0153070 seconds
2012-01-20T09:13:23.756+0000: 598.134: [GC 598.134: [ParNew: 27328K->5440K(27328K), 0.0159860 secs] 1862328K->1841283K(4188864K) icms_dc=0 , 0.0161050 secs] [Times: user=0.19 sys=0.00, real=0.02 secs] 
Total time for which application threads were stopped: 0.0164460 seconds
2012-01-20T09:13:25.160+0000: 599.538: [GC 599.538: [ParNew: 27328K->5440K(27328K), 0.0167900 secs] 1863171K->1842694K(4188864K) icms_dc=0 , 0.0169250 secs] [Times: user=0.19 sys=0.00, real=0.02 secs] 
Total time for which application threads were stopped: 0.0172760 seconds
2012-01-20T09:13:26.622+0000: 601.000: [GC 601.000: [ParNew: 27328K->5440K(27328K), 0.0161830 secs] 1864582K->1843813K(4188864K) icms_dc=0 , 0.0163040 secs] [Times: user=0.19 sys=0.00, real=0.01 secs] 
Total time for which application threads were stopped: 0.0167250 seconds
2012-01-20T09:13:28.211+0000: 602.589: [GC 602.589: [ParNew: 27328K->5440K(27328K), 0.0165320 secs] 1865701K->1844791K(4188864K) icms_dc=0 , 0.0166530 secs] [Times: user=0.19 sys=0.00, real=0.02 secs] 
Total time for which application threads were stopped: 0.0170540 seconds
2012-01-20T09:13:29.521+0000: 603.899: [GC 603.899: [ParNew: 27328K->5440K(27328K), 0.0161610 secs] 1866679K->1845851K(4188864K) icms_dc=0 , 0.0162820 secs] [Times: user=0.18 sys=0.00, real=0.02 secs] 
Total time for which application threads were stopped: 0.0166770 seconds
Total time for which application threads were stopped: 0.0004580 seconds
2012-01-20T09:13:30.948+0000: 605.326: [GC 605.326: [ParNew: 27328K->5440K(27328K), 0.0177710 secs] 1867739K->1847493K(4188864K) icms_dc=0 , 0.0178930 secs] [Times: user=0.20 sys=0.00, real=0.02 secs] 
Total time for which application threads were stopped: 0.0180850 seconds
2012-01-20T09:13:32.224+0000: 606.602: [GC 606.602: [ParNew: 27328K->5440K(27328K), 0.0154720 secs] 1869381K->1848799K(4188864K) icms_dc=0 , 0.0155980 secs] [Times: user=0.17 sys=0.00, real=0.01 secs] 
Total time for which application threads were stopped: 0.0159760 seconds
2012-01-20T09:13:33.787+0000: 608.165: [GC 608.165: [ParNew: 27328K->5440K(27328K), 0.0157350 secs] 1870687K->1849737K(4188864K) icms_dc=0 , 0.0158520 secs] [Times: user=0.17 sys=0.00, real=0.02 secs] 
Total time for which application threads were stopped: 0.0162350 seconds
2012-01-20T09:13:35.141+0000: 609.519: [GC 609.519: [ParNew: 27328K->5440K(27328K), 0.0161750 secs] 1871625K->1850965K(4188864K) icms_dc=0 , 0.0162970 secs] [Times: user=0.18 sys=0.00, real=0.02 secs] 
Total time for which application threads were stopped: 0.0166840 seconds
2012-01-20T09:13:36.512+0000: 610.890: [GC 610.891: [ParNew: 27328K->5440K(27328K), 0.0154990 secs] 1872853K->1851866K(4188864K) icms_dc=0 , 0.0156200 secs] [Times: user=0.18 sys=0.00, real=0.02 secs] 
Total time for which application threads were stopped: 0.0159840 seconds
2012-01-20T09:13:38.056+0000: 612.435: [GC 612.435: [ParNew: 27328K->5440K(27328K), 0.0164440 secs] 1873754K->1853075K(4188864K) icms_dc=0 , 0.0165650 secs] [Times: user=0.18 sys=0.00, real=0.01 secs] 
Total time for which application threads were stopped: 0.0169400 seconds
2012-01-20T09:13:39.547+0000: 613.925: [GC 613.925: [ParNew: 27328K->5440K(27328K), 0.0175320 secs] 1874963K->1854189K(4188864K) icms_dc=0 , 0.0176490 secs] [Times: user=0.19 sys=0.00, real=0.02 secs] 
Total time for which application threads were stopped: 0.0180340 seconds
Total time for which application threads were stopped: 0.0002780 seconds
2012-01-20T09:13:40.891+0000: 615.269: [GC 615.269: [ParNew: 27328K->5440K(27328K), 0.0163210 secs] 1876077K->1854778K(4188864K) icms_dc=0 , 0.0164400 secs] [Times: user=0.19 sys=0.00, real=0.02 secs] 
Total time for which application threads were stopped: 0.0166310 seconds
2012-01-20T09:13:42.082+0000: 616.460: [GC 616.460: [ParNew: 27328K->5440K(27328K), 0.0157870 secs] 1876666K->1855902K(4188864K) icms_dc=0 , 0.0159140 secs] [Times: user=0.18 sys=0.00, real=0.02 secs] 
Total time for which application threads were stopped: 0.0162650 seconds
2012-01-20T09:13:43.411+0000: 617.789: [GC 617.789: [ParNew: 27328K->5440K(27328K), 0.0164240 secs] 1877790K->1856985K(4188864K) icms_dc=0 , 0.0165440 secs] [Times: user=0.19 sys=0.00, real=0.02 secs] 
Total time for which application threads were stopped: 0.0168740 seconds
2012-01-20T09:13:44.787+0000: 619.166: [GC 619.166: [ParNew: 27328K->5440K(27328K), 0.0162280 secs] 1878873K->1858065K(4188864K) icms_dc=0 , 0.0163480 secs] [Times: user=0.19 sys=0.00, real=0.01 secs] 
Total time for which application threads were stopped: 0.0167170 seconds
2012-01-20T09:13:46.070+0000: 620.448: [GC 620.448: [ParNew: 27328K->5440K(27328K), 0.0160330 secs] 1879953K->1859094K(4188864K) icms_dc=0 , 0.0161510 secs] [Times: user=0.18 sys=0.00, real=0.02 secs] 
Total time for which application threads were stopped: 0.0164990 seconds
2012-01-20T09:13:47.483+0000: 621.861: [GC 621.861: [ParNew: 27328K->5440K(27328K), 0.0191790 secs] 1880982K->1860435K(4188864K) icms_dc=0 , 0.0192990 secs] [Times: user=0.22 sys=0.01, real=0.02 secs] 
Total time for which application threads were stopped: 0.0197110 seconds
2012-01-20T09:13:48.945+0000: 623.323: [GC 623.323: [ParNew: 27328K->5440K(27328K), 0.0162420 secs] 1882323K->1861662K(4188864K) icms_dc=0 , 0.0163600 secs] [Times: user=0.18 sys=0.01, real=0.01 secs] 
Total time for which application threads were stopped: 0.0167530 seconds
2012-01-20T09:13:50.253+0000: 624.631: [GC 624.631: [ParNew: 27328K->5440K(27328K), 0.0170640 secs] 1883550K->1863038K(4188864K) icms_dc=0 , 0.0171840 secs] [Times: user=0.19 sys=0.00, real=0.02 secs] 
Total time for which application threads were stopped: 0.0175370 seconds
Total time for which application threads were stopped: 0.0010620 seconds
Total time for which application threads were stopped: 0.0000910 seconds
2012-01-20T09:13:51.650+0000: 626.028: [GC 626.028: [ParNew: 27328K->5440K(27328K), 0.0164110 secs] 1884926K->1864222K(4188864K) icms_dc=0 , 0.0165350 secs] [Times: user=0.18 sys=0.00, real=0.02 secs] 
Total time for which application threads were stopped: 0.0169230 seconds
2012-01-20T09:13:53.152+0000: 627.530: [GC 627.530: [ParNew: 27328K->5440K(27328K), 0.0161640 secs] 1886110K->1865387K(4188864K) icms_dc=0 , 0.0162890 secs] [Times: user=0.18 sys=0.00, real=0.02 secs] 
Total time for which application threads were stopped: 0.0166780 seconds
2012-01-20T09:13:54.558+0000: 628.936: [GC 628.936: [ParNew: 27328K->5440K(27328K), 0.0159460 secs] 1887275K->1866364K(4188864K) icms_dc=0 , 0.0160660 secs] [Times: user=0.17 sys=0.01, real=0.01 secs] 
Total time for which application threads were stopped: 0.0164130 seconds
2012-01-20T09:13:55.991+0000: 630.369: [GC 630.369: [ParNew: 27328K->5440K(27328K), 0.0167990 secs] 1888252K->1867487K(4188864K) icms_dc=0 , 0.0169200 secs] [Times: user=0.20 sys=0.00, real=0.02 secs] 
Total time for which application threads were stopped: 0.0173260 seconds
2012-01-20T09:13:57.238+0000: 631.616: [GC 631.616: [ParNew: 27328K->5440K(27328K), 0.0165270 secs] 1889375K->1868785K(4188864K) icms_dc=0 , 0.0166550 secs] [Times: user=0.18 sys=0.01, real=0.01 secs] 
Total time for which application threads were stopped: 0.0170320 seconds
2012-01-20T09:13:58.500+0000: 632.878: [GC 632.878: [ParNew: 27328K->5440K(27328K), 0.0160230 secs] 1890673K->1869861K(4188864K) icms_dc=0 , 0.0161470 secs] [Times: user=0.18 sys=0.00, real=0.02 secs] 
Total time for which application threads were stopped: 0.0165490 seconds
2012-01-20T09:13:59.799+0000: 634.177: [GC 634.177: [ParNew: 27328K->5440K(27328K), 0.0179340 secs] 1891749K->1871373K(4188864K) icms_dc=0 , 0.0180620 secs] [Times: user=0.20 sys=0.00, real=0.02 secs] 
Total time for which application threads were stopped: 0.0184710 seconds
Total time for which application threads were stopped: 0.0002830 seconds
2012-01-20T09:14:01.008+0000: 635.386: [GC 635.387: [ParNew: 27328K->5440K(27328K), 0.0163240 secs] 1893261K->1872605K(4188864K) icms_dc=0 , 0.0164560 secs] [Times: user=0.18 sys=0.00, real=0.01 secs] 
Total time for which application threads were stopped: 0.0166690 seconds
2012-01-20T09:14:02.541+0000: 636.920: [GC 636.920: [ParNew: 27328K->5440K(27328K), 0.0172370 secs] 1894493K->1873758K(4188864K) icms_dc=0 , 0.0173610 secs] [Times: user=0.20 sys=0.00, real=0.02 secs] 
Total time for which application threads were stopped: 0.0177040 seconds
2012-01-20T09:14:03.935+0000: 638.313: [GC 638.313: [ParNew: 27328K->5440K(27328K), 0.0171430 secs] 1895646K->1874756K(4188864K) icms_dc=0 , 0.0172660 secs] [Times: user=0.19 sys=0.00, real=0.02 secs] 
Total time for which application threads were stopped: 0.0176310 seconds
2012-01-20T09:14:05.309+0000: 639.687: [GC 639.687: [ParNew: 27328K->5440K(27328K), 0.0156310 secs] 1896644K->1874891K(4188864K) icms_dc=0 , 0.0157540 secs] [Times: user=0.19 sys=0.00, real=0.01 secs] 
Total time for which application threads were stopped: 0.0160840 seconds
2012-01-20T09:14:06.832+0000: 641.210: [GC 641.210: [ParNew: 27328K->5440K(27328K), 0.0164260 secs] 1896779K->1876123K(4188864K) icms_dc=0 , 0.0165570 secs] [Times: user=0.18 sys=0.00, real=0.02 secs] 
Total time for which application threads were stopped: 0.0169380 seconds
2012-01-20T09:14:08.212+0000: 642.591: [GC 642.591: [ParNew: 27328K->5440K(27328K), 0.0158840 secs] 1898011K->1876612K(4188864K) icms_dc=0 , 0.0160080 secs] [Times: user=0.19 sys=0.00, real=0.02 secs] 
Total time for which application threads were stopped: 0.0164210 seconds
2012-01-20T09:14:09.553+0000: 643.931: [GC 643.931: [ParNew: 27328K->5440K(27328K), 0.0162610 secs] 1898500K->1877793K(4188864K) icms_dc=0 , 0.0163890 secs] [Times: user=0.19 sys=0.01, real=0.02 secs] 
Total time for which application threads were stopped: 0.0168250 seconds
Total time for which application threads were stopped: 0.0002540 seconds
2012-01-20T09:14:11.099+0000: 645.478: [GC 645.478: [ParNew: 27328K->5440K(27328K), 0.0168970 secs] 1899681K->1879218K(4188864K) icms_dc=0 , 0.0170260 secs] [Times: user=0.19 sys=0.01, real=0.01 secs] 
Total time for which application threads were stopped: 0.0172680 seconds
2012-01-20T09:14:12.598+0000: 646.976: [GC 646.976: [ParNew: 27328K->5440K(27328K), 0.0169430 secs] 1901106K->1879831K(4188864K) icms_dc=0 , 0.0170710 secs] [Times: user=0.20 sys=0.01, real=0.01 secs] 
Total time for which application threads were stopped: 0.0174220 seconds
2012-01-20T09:14:13.886+0000: 648.264: [GC 648.264: [ParNew: 27328K->5440K(27328K), 0.0162950 secs] 1901719K->1880826K(4188864K) icms_dc=0 , 0.0164210 secs] [Times: user=0.18 sys=0.00, real=0.02 secs] 
Total time for which application threads were stopped: 0.0168770 seconds
2012-01-20T09:14:15.190+0000: 649.569: [GC 649.569: [ParNew: 27328K->5440K(27328K), 0.0162370 secs] 1902714K->1882056K(4188864K) icms_dc=0 , 0.0163650 secs] [Times: user=0.19 sys=0.00, real=0.02 secs] 
Total time for which application threads were stopped: 0.0167560 seconds
2012-01-20T09:14:16.639+0000: 651.017: [GC 651.018: [ParNew: 27328K->5440K(27328K), 0.0163230 secs] 1903944K->1883004K(4188864K) icms_dc=0 , 0.0164470 secs] [Times: user=0.19 sys=0.01, real=0.01 secs] 
Total time for which application threads were stopped: 0.0168620 seconds
2012-01-20T09:14:17.997+0000: 652.375: [GC 652.375: [ParNew: 27328K->5440K(27328K), 0.0163370 secs] 1904892K->1884283K(4188864K) icms_dc=0 , 0.0164680 secs] [Times: user=0.18 sys=0.00, real=0.02 secs] 
Total time for which application threads were stopped: 0.0168710 seconds
2012-01-20T09:14:19.569+0000: 653.947: [GC 653.947: [ParNew: 27328K->5440K(27328K), 0.0160550 secs] 1906171K->1885685K(4188864K) icms_dc=0 , 0.0161790 secs] [Times: user=0.18 sys=0.00, real=0.01 secs] 
Total time for which application threads were stopped: 0.0165750 seconds
Total time for which application threads were stopped: 0.0002270 seconds
2012-01-20T09:14:21.040+0000: 655.418: [GC 655.418: [ParNew: 27328K->5440K(27328K), 0.0163180 secs] 1907573K->1886742K(4188864K) icms_dc=0 , 0.0164500 secs] [Times: user=0.19 sys=0.01, real=0.01 secs] 
Total time for which application threads were stopped: 0.0166530 seconds
2012-01-20T09:14:22.464+0000: 656.842: [GC 656.842: [ParNew: 27328K->5440K(27328K), 0.0146810 secs] 1908630K->1886806K(4188864K) icms_dc=0 , 0.0159380 secs] [Times: user=0.17 sys=0.00, real=0.02 secs] 
Total time for which application threads were stopped: 0.0163230 seconds
2012-01-20T09:14:23.848+0000: 658.226: [GC 658.226: [ParNew: 27328K->5440K(27328K), 0.0168110 secs] 1908694K->1888062K(4188864K) icms_dc=0 , 0.0169350 secs] [Times: user=0.19 sys=0.00, real=0.02 secs] 
Total time for which application threads were stopped: 0.0172790 seconds
2012-01-20T09:14:25.270+0000: 659.648: [GC 659.648: [ParNew: 27328K->5440K(27328K), 0.0134480 secs] 1909950K->1888073K(4188864K) icms_dc=0 , 0.0135700 secs] [Times: user=0.16 sys=0.00, real=0.01 secs] 
Total time for which application threads were stopped: 0.0139260 seconds
2012-01-20T09:14:26.652+0000: 661.031: [GC 661.031: [ParNew: 27328K->5440K(27328K), 0.0159050 secs] 1909961K->1888932K(4188864K) icms_dc=0 , 0.0160260 secs] [Times: user=0.18 sys=0.00, real=0.02 secs] 
Total time for which application threads were stopped: 0.0164160 seconds
2012-01-20T09:14:28.116+0000: 662.494: [GC 662.494: [ParNew: 27328K->5440K(27328K), 0.0141980 secs] 1910820K->1889226K(4188864K) icms_dc=0 , 0.0143200 secs] [Times: user=0.17 sys=0.01, real=0.02 secs] 
Total time for which application threads were stopped: 0.0146840 seconds
2012-01-20T09:14:29.363+0000: 663.741: [GC 663.742: [ParNew: 27328K->5440K(27328K), 0.0184610 secs] 1911114K->1890360K(4188864K) icms_dc=0 , 0.0185870 secs] [Times: user=0.20 sys=0.00, real=0.02 secs] 
Total time for which application threads were stopped: 0.0189860 seconds
2012-01-20T09:14:30.697+0000: 665.075: [GC 665.075: [ParNew: 27328K->5440K(27328K), 0.0185030 secs] 1912248K->1891866K(4188864K) icms_dc=0 , 0.0186290 secs] [Times: user=0.21 sys=0.00, real=0.02 secs] 
Total time for which application threads were stopped: 0.0190020 seconds
Total time for which application threads were stopped: 0.0001720 seconds
2012-01-20T09:14:32.002+0000: 666.380: [GC 666.380: [ParNew: 27328K->5440K(27328K), 0.0148330 secs] 1913754K->1892332K(4188864K) icms_dc=0 , 0.0149610 secs] [Times: user=0.17 sys=0.00, real=0.01 secs] 
Total time for which application threads were stopped: 0.0153170 seconds
2012-01-20T09:14:33.369+0000: 667.747: [GC 667.747: [ParNew: 27328K->5440K(27328K), 0.0168210 secs] 1914220K->1893954K(4188864K) icms_dc=0 , 0.0169910 secs] [Times: user=0.18 sys=0.01, real=0.02 secs] 
Total time for which application threads were stopped: 0.0173990 seconds
2012-01-20T09:14:34.583+0000: 668.961: [GC 668.961: [ParNew: 27328K->5440K(27328K), 0.0152760 secs] 1915842K->1894410K(4188864K) icms_dc=0 , 0.0153990 secs] [Times: user=0.18 sys=0.00, real=0.01 secs] 
Total time for which application threads were stopped: 0.0157570 seconds
2012-01-20T09:14:35.867+0000: 670.245: [GC 670.245: [ParNew: 27328K->5440K(27328K), 0.0178690 secs] 1916298K->1896339K(4188864K) icms_dc=0 , 0.0179960 secs] [Times: user=0.19 sys=0.01, real=0.02 secs] 
Total time for which application threads were stopped: 0.0184000 seconds
2012-01-20T09:14:37.266+0000: 671.644: [GC 671.644: [ParNew: 27328K->5440K(27328K), 0.0160700 secs] 1918227K->1897053K(4188864K) icms_dc=0 , 0.0161920 secs] [Times: user=0.19 sys=0.01, real=0.02 secs] 
Total time for which application threads were stopped: 0.0165820 seconds
2012-01-20T09:14:38.762+0000: 673.140: [GC 673.141: [ParNew: 27328K->5440K(27328K), 0.0164400 secs] 1918941K->1898523K(4188864K) icms_dc=0 , 0.0165640 secs] [Times: user=0.18 sys=0.01, real=0.01 secs] 
Total time for which application threads were stopped: 0.0169020 seconds
2012-01-20T09:14:40.150+0000: 674.528: [GC 674.528: [ParNew: 27328K->5440K(27328K), 0.0156960 secs] 1920411K->1899747K(4188864K) icms_dc=0 , 0.0158220 secs] [Times: user=0.18 sys=0.01, real=0.01 secs] 
Total time for which application threads were stopped: 0.0162050 seconds
Total time for which application threads were stopped: 0.0002150 seconds
2012-01-20T09:14:41.570+0000: 675.948: [GC 675.948: [ParNew: 27328K->5440K(27328K), 0.0164640 secs] 1921635K->1900953K(4188864K) icms_dc=0 , 0.0166000 secs] [Times: user=0.18 sys=0.01, real=0.01 secs] 
Total time for which application threads were stopped: 0.0169300 seconds
2012-01-20T09:14:42.888+0000: 677.267: [GC 677.267: [ParNew: 27328K->5440K(27328K), 0.0149540 secs] 1922841K->1901693K(4188864K) icms_dc=0 , 0.0150800 secs] [Times: user=0.17 sys=0.00, real=0.02 secs] 
Total time for which application threads were stopped: 0.0154320 seconds
2012-01-20T09:14:44.327+0000: 678.705: [GC 678.705: [ParNew: 27328K->5440K(27328K), 0.0151290 secs] 1923581K->1902573K(4188864K) icms_dc=0 , 0.0152560 secs] [Times: user=0.17 sys=0.01, real=0.02 secs] 
Total time for which application threads were stopped: 0.0156100 seconds
2012-01-20T09:14:45.659+0000: 680.037: [GC 680.037: [ParNew: 27328K->5440K(27328K), 0.0182130 secs] 1924461K->1903578K(4188864K) icms_dc=0 , 0.0183370 secs] [Times: user=0.22 sys=0.01, real=0.02 secs] 
Total time for which application threads were stopped: 0.0187660 seconds
2012-01-20T09:14:46.852+0000: 681.231: [GC 681.231: [ParNew: 27328K->5440K(27328K), 0.0171190 secs] 1925466K->1904699K(4188864K) icms_dc=0 , 0.0172480 secs] [Times: user=0.20 sys=0.00, real=0.01 secs] 
Total time for which application threads were stopped: 0.0176050 seconds
2012-01-20T09:14:48.096+0000: 682.474: [GC 682.474: [ParNew: 27328K->5440K(27328K), 0.0156940 secs] 1926587K->1905853K(4188864K) icms_dc=0 , 0.0158220 secs] [Times: user=0.17 sys=0.01, real=0.02 secs] 
Total time for which application threads were stopped: 0.0161970 seconds
2012-01-20T09:14:49.510+0000: 683.888: [GC 683.888: [ParNew: 27328K->5440K(27328K), 0.0173340 secs] 1927741K->1907004K(4188864K) icms_dc=0 , 0.0174570 secs] [Times: user=0.20 sys=0.00, real=0.02 secs] 
Total time for which application threads were stopped: 0.0178080 seconds
2012-01-20T09:14:50.872+0000: 685.251: [GC 685.251: [ParNew: 27328K->5440K(27328K), 0.0165590 secs] 1928892K->1908039K(4188864K) icms_dc=0 , 0.0166840 secs] [Times: user=0.19 sys=0.00, real=0.01 secs] 
Total time for which application threads were stopped: 0.0170450 seconds
Total time for which application threads were stopped: 0.0002230 seconds
2012-01-20T09:14:52.261+0000: 686.639: [GC 686.639: [ParNew: 27328K->5440K(27328K), 0.0172450 secs] 1929927K->1909147K(4188864K) icms_dc=0 , 0.0173790 secs] [Times: user=0.20 sys=0.00, real=0.02 secs] 
Total time for which application threads were stopped: 0.0177800 seconds
2012-01-20T09:14:53.642+0000: 688.020: [GC 688.020: [ParNew: 27328K->5440K(27328K), 0.0183770 secs] 1931035K->1910289K(4188864K) icms_dc=0 , 0.0185040 secs] [Times: user=0.21 sys=0.00, real=0.01 secs] 
Total time for which application threads were stopped: 0.0189530 seconds
2012-01-20T09:14:55.094+0000: 689.472: [GC 689.473: [ParNew: 27328K->5440K(27328K), 0.0162560 secs] 1932177K->1911295K(4188864K) icms_dc=0 , 0.0163880 secs] [Times: user=0.18 sys=0.01, real=0.01 secs] 
Total time for which application threads were stopped: 0.0167630 seconds
2012-01-20T09:14:56.585+0000: 690.963: [GC 690.963: [ParNew: 27328K->5440K(27328K), 0.0157470 secs] 1933183K->1912482K(4188864K) icms_dc=0 , 0.0158720 secs] [Times: user=0.18 sys=0.00, real=0.01 secs] 
Total time for which application threads were stopped: 0.0163160 seconds
2012-01-20T09:14:58.067+0000: 692.445: [GC 692.445: [ParNew: 27328K->5440K(27328K), 0.0185300 secs] 1934370K->1914114K(4188864K) icms_dc=0 , 0.0186540 secs] [Times: user=0.21 sys=0.01, real=0.02 secs] 
Total time for which application threads were stopped: 0.0190020 seconds
2012-01-20T09:14:59.575+0000: 693.953: [GC 693.953: [ParNew: 27328K->5440K(27328K), 0.0158990 secs] 1936002K->1915212K(4188864K) icms_dc=0 , 0.0160220 secs] [Times: user=0.18 sys=0.01, real=0.01 secs] 
Total time for which application threads were stopped: 0.0163720 seconds
2012-01-20T09:15:01.017+0000: 695.396: [GC 695.396: [ParNew: 27328K->5440K(27328K), 0.0164430 secs] 1937100K->1916536K(4188864K) icms_dc=0 , 0.0165710 secs] [Times: user=0.18 sys=0.00, real=0.02 secs] 
Total time for which application threads were stopped: 0.0169290 seconds
Total time for which application threads were stopped: 0.0001380 seconds
2012-01-20T09:15:02.255+0000: 696.633: [GC 696.633: [ParNew: 27328K->5440K(27328K), 0.0165990 secs] 1938424K->1917465K(4188864K) icms_dc=0 , 0.0167280 secs] [Times: user=0.19 sys=0.00, real=0.01 secs] 
Total time for which application threads were stopped: 0.0171480 seconds
2012-01-20T09:15:03.447+0000: 697.825: [GC 697.825: [ParNew: 27328K->5440K(27328K), 0.0158230 secs] 1939353K->1918458K(4188864K) icms_dc=0 , 0.0159460 secs] [Times: user=0.18 sys=0.00, real=0.02 secs] 
Total time for which application threads were stopped: 0.0163660 seconds
2012-01-20T09:15:04.928+0000: 699.306: [GC 699.306: [ParNew: 27328K->5440K(27328K), 0.0162850 secs] 1940346K->1919797K(4188864K) icms_dc=0 , 0.0164120 secs] [Times: user=0.17 sys=0.01, real=0.02 secs] 
Total time for which application threads were stopped: 0.0167690 seconds
2012-01-20T09:15:06.281+0000: 700.659: [GC 700.659: [ParNew: 27328K->5440K(27328K), 0.0155630 secs] 1941685K->1921069K(4188864K) icms_dc=0 , 0.0156910 secs] [Times: user=0.17 sys=0.01, real=0.02 secs] 
Total time for which application threads were stopped: 0.0161360 seconds
2012-01-20T09:15:07.662+0000: 702.040: [GC 702.040: [ParNew: 27328K->5440K(27328K), 0.0158020 secs] 1942957K->1922212K(4188864K) icms_dc=0 , 0.0159280 secs] [Times: user=0.18 sys=0.01, real=0.02 secs] 
Total time for which application threads were stopped: 0.0162780 seconds
2012-01-20T09:15:09.149+0000: 703.527: [GC 703.527: [ParNew: 27328K->5440K(27328K), 0.0141710 secs] 1944100K->1922577K(4188864K) icms_dc=0 , 0.0142930 secs] [Times: user=0.16 sys=0.00, real=0.02 secs] 
Total time for which application threads were stopped: 0.0146910 seconds
2012-01-20T09:15:10.625+0000: 705.003: [GC 705.003: [ParNew: 27328K->5440K(27328K), 0.0162650 secs] 1944465K->1923851K(4188864K) icms_dc=0 , 0.0163890 secs] [Times: user=0.18 sys=0.01, real=0.01 secs] 
Total time for which application threads were stopped: 0.0168460 seconds
Total time for which application threads were stopped: 0.0002480 seconds
2012-01-20T09:15:12.086+0000: 706.464: [GC 706.464: [ParNew: 27328K->5440K(27328K), 0.0139640 secs] 1945739K->1923858K(4188864K) icms_dc=0 , 0.0141040 secs] [Times: user=0.17 sys=0.00, real=0.01 secs] 
Total time for which application threads were stopped: 0.0144980 seconds
2012-01-20T09:15:13.466+0000: 707.844: [GC 707.844: [ParNew: 27328K->5440K(27328K), 0.0155110 secs] 1945746K->1924847K(4188864K) icms_dc=0 , 0.0156460 secs] [Times: user=0.18 sys=0.01, real=0.01 secs] 
Total time for which application threads were stopped: 0.0160520 seconds
2012-01-20T09:15:15.056+0000: 709.434: [GC 709.434: [ParNew: 27328K->5440K(27328K), 0.0145610 secs] 1946735K->1925230K(4188864K) icms_dc=0 , 0.0146780 secs] [Times: user=0.18 sys=0.00, real=0.01 secs] 
Total time for which application threads were stopped: 0.0150900 seconds
2012-01-20T09:15:16.735+0000: 711.113: [GC 711.113: [ParNew: 27328K->5440K(27328K), 0.0170940 secs] 1947118K->1926049K(4188864K) icms_dc=0 , 0.0172300 secs] [Times: user=0.19 sys=0.01, real=0.01 secs] 
Total time for which application threads were stopped: 0.0176850 seconds
Total time for which application threads were stopped: 0.0005750 seconds
2012-01-20T09:15:18.259+0000: 712.638: [GC 712.638: [ParNew: 27328K->5440K(27328K), 0.0166280 secs] 1947937K->1927279K(4188864K) icms_dc=0 , 0.0167720 secs] [Times: user=0.18 sys=0.00, real=0.02 secs] 
Total time for which application threads were stopped: 0.0171660 seconds
2012-01-20T09:15:19.892+0000: 714.270: [GC 714.270: [ParNew: 27328K->5440K(27328K), 0.0160850 secs] 1949167K->1928322K(4188864K) icms_dc=0 , 0.0162210 secs] [Times: user=0.18 sys=0.01, real=0.02 secs] 
Total time for which application threads were stopped: 0.0166600 seconds
Total time for which application threads were stopped: 0.0002660 seconds
2012-01-20T09:15:21.446+0000: 715.824: [GC 715.824: [ParNew: 27328K->5440K(27328K), 0.0172730 secs] 1950210K->1929685K(4188864K) icms_dc=0 , 0.0174250 secs] [Times: user=0.19 sys=0.00, real=0.01 secs] 
Total time for which application threads were stopped: 0.0177100 seconds
2012-01-20T09:15:22.754+0000: 717.132: [GC 717.132: [ParNew: 27328K->5440K(27328K), 0.0166490 secs] 1951573K->1930558K(4188864K) icms_dc=0 , 0.0168060 secs] [Times: user=0.20 sys=0.00, real=0.01 secs] 
Total time for which application threads were stopped: 0.0172870 seconds
2012-01-20T09:15:24.116+0000: 718.494: [GC 718.494: [ParNew: 27328K->5440K(27328K), 0.0154390 secs] 1952446K->1931524K(4188864K) icms_dc=0 , 0.0155710 secs] [Times: user=0.17 sys=0.00, real=0.01 secs] 
Total time for which application threads were stopped: 0.0159850 seconds
2012-01-20T09:15:25.440+0000: 719.818: [GC 719.818: [ParNew: 27328K->5440K(27328K), 0.0154870 secs] 1953412K->1931986K(4188864K) icms_dc=0 , 0.0156080 secs] [Times: user=0.18 sys=0.00, real=0.02 secs] 
Total time for which application threads were stopped: 0.0160730 seconds
2012-01-20T09:15:26.933+0000: 721.311: [GC 721.312: [ParNew: 27328K->5440K(27328K), 0.0172580 secs] 1953874K->1933480K(4188864K) icms_dc=0 , 0.0173800 secs] [Times: user=0.19 sys=0.00, real=0.02 secs] 
Total time for which application threads were stopped: 0.0178150 seconds
2012-01-20T09:15:28.314+0000: 722.692: [GC 722.692: [ParNew: 27328K->5440K(27328K), 0.0168150 secs] 1955368K->1934524K(4188864K) icms_dc=0 , 0.0169310 secs] [Times: user=0.19 sys=0.00, real=0.02 secs] 
Total time for which application threads were stopped: 0.0172930 seconds
2012-01-20T09:15:29.741+0000: 724.119: [GC 724.119: [ParNew: 27328K->5440K(27328K), 0.0171120 secs] 1956412K->1936307K(4188864K) icms_dc=0 , 0.0172320 secs] [Times: user=0.18 sys=0.01, real=0.02 secs] 
Total time for which application threads were stopped: 0.0176510 seconds
Total time for which application threads were stopped: 0.0003180 seconds
2012-01-20T09:15:31.213+0000: 725.591: [GC 725.591: [ParNew: 27328K->5440K(27328K), 0.0145470 secs] 1958195K->1936738K(4188864K) icms_dc=0 , 0.0146650 secs] [Times: user=0.17 sys=0.00, real=0.02 secs] 
Total time for which application threads were stopped: 0.0148730 seconds
2012-01-20T09:15:32.752+0000: 727.130: [GC 727.130: [ParNew: 27328K->5440K(27328K), 0.0174050 secs] 1958626K->1938306K(4188864K) icms_dc=0 , 0.0175300 secs] [Times: user=0.19 sys=0.01, real=0.02 secs] 
Total time for which application threads were stopped: 0.0178970 seconds
2012-01-20T09:15:34.377+0000: 728.755: [GC 728.755: [ParNew: 27328K->5440K(27328K), 0.0138520 secs] 1960194K->1938351K(4188864K) icms_dc=0 , 0.0139700 secs] [Times: user=0.16 sys=0.01, real=0.01 secs] 
Total time for which application threads were stopped: 0.0143840 seconds
2012-01-20T09:15:35.853+0000: 730.231: [GC 730.231: [ParNew: 27328K->5440K(27328K), 0.0148810 secs] 1960239K->1939299K(4188864K) icms_dc=0 , 0.0150000 secs] [Times: user=0.17 sys=0.00, real=0.02 secs] 
Total time for which application threads were stopped: 0.0154160 seconds
2012-01-20T09:15:37.398+0000: 731.776: [GC 731.776: [ParNew: 27328K->5440K(27328K), 0.0136270 secs] 1961187K->1939319K(4188864K) icms_dc=0 , 0.0137440 secs] [Times: user=0.16 sys=0.00, real=0.01 secs] 
Total time for which application threads were stopped: 0.0141260 seconds
2012-01-20T09:15:38.946+0000: 733.324: [GC 733.324: [ParNew: 27328K->5440K(27328K), 0.0149550 secs] 1961207K->1939979K(4188864K) icms_dc=0 , 0.0150760 secs] [Times: user=0.17 sys=0.00, real=0.02 secs] 
Total time for which application threads were stopped: 0.0154480 seconds
2012-01-20T09:15:40.115+0000: 734.493: [GC 734.493: [ParNew: 27328K->5440K(27328K), 0.0169300 secs] 1961867K->1940583K(4188864K) icms_dc=0 , 0.0170490 secs] [Times: user=0.20 sys=0.00, real=0.02 secs] 
Total time for which application threads were stopped: 0.0174180 seconds
Total time for which application threads were stopped: 0.0003270 seconds
2012-01-20T09:15:41.568+0000: 735.946: [GC 735.946: [ParNew: 27328K->5440K(27328K), 0.0187710 secs] 1962471K->1941479K(4188864K) icms_dc=0 , 0.0188920 secs] [Times: user=0.20 sys=0.01, real=0.02 secs] 
Total time for which application threads were stopped: 0.0192030 seconds
2012-01-20T09:15:42.917+0000: 737.296: [GC 737.296: [ParNew: 27328K->5440K(27328K), 0.0166020 secs] 1963367K->1942609K(4188864K) icms_dc=0 , 0.0167220 secs] [Times: user=0.19 sys=0.00, real=0.01 secs] 
Total time for which application threads were stopped: 0.0171460 seconds
2012-01-20T09:15:44.303+0000: 738.681: [GC 738.681: [ParNew: 27328K->5440K(27328K), 0.0181540 secs] 1964497K->1943881K(4188864K) icms_dc=0 , 0.0182740 secs] [Times: user=0.20 sys=0.01, real=0.02 secs] 
Total time for which application threads were stopped: 0.0187030 seconds
2012-01-20T09:15:45.779+0000: 740.157: [GC 740.157: [ParNew: 27328K->5440K(27328K), 0.0181310 secs] 1965769K->1945091K(4188864K) icms_dc=0 , 0.0182510 secs] [Times: user=0.21 sys=0.00, real=0.01 secs] 
Total time for which application threads were stopped: 0.0186110 seconds
2012-01-20T09:15:47.154+0000: 741.532: [GC 741.532: [ParNew: 27328K->5440K(27328K), 0.0170360 secs] 1966979K->1946671K(4188864K) icms_dc=0 , 0.0171610 secs] [Times: user=0.18 sys=0.00, real=0.02 secs] 
Total time for which application threads were stopped: 0.0175310 seconds
2012-01-20T09:15:48.623+0000: 743.001: [GC 743.001: [ParNew: 27328K->5440K(27328K), 0.0175660 secs] 1968559K->1947865K(4188864K) icms_dc=0 , 0.0176880 secs] [Times: user=0.20 sys=0.01, real=0.02 secs] 
Total time for which application threads were stopped: 0.0181090 seconds
2012-01-20T09:15:50.113+0000: 744.491: [GC 744.491: [ParNew: 27328K->5440K(27328K), 0.0162800 secs] 1969753K->1949297K(4188864K) icms_dc=0 , 0.0164050 secs] [Times: user=0.17 sys=0.01, real=0.02 secs] 
Total time for which application threads were stopped: 0.0167880 seconds
Total time for which application threads were stopped: 0.0003170 seconds
2012-01-20T09:15:51.443+0000: 745.821: [GC 745.821: [ParNew: 27328K->5440K(27328K), 0.0145810 secs] 1971185K->1949814K(4188864K) icms_dc=0 , 0.0147040 secs] [Times: user=0.17 sys=0.01, real=0.01 secs] 
Total time for which application threads were stopped: 0.0150040 seconds
2012-01-20T09:15:53.156+0000: 747.534: [GC 747.534: [ParNew: 27328K->5440K(27328K), 0.0158930 secs] 1971702K->1951342K(4188864K) icms_dc=0 , 0.0160170 secs] [Times: user=0.17 sys=0.00, real=0.02 secs] 
Total time for which application threads were stopped: 0.0163930 seconds
2012-01-20T09:15:54.883+0000: 749.261: [GC 749.262: [ParNew: 27328K->5440K(27328K), 0.0138740 secs] 1973230K->1951555K(4188864K) icms_dc=0 , 0.0139930 secs] [Times: user=0.17 sys=0.00, real=0.01 secs] 
Total time for which application threads were stopped: 0.0144150 seconds
2012-01-20T09:15:56.488+0000: 750.866: [GC 750.866: [ParNew: 27328K->5440K(27328K), 0.0174880 secs] 1973443K->1953064K(4188864K) icms_dc=0 , 0.0176200 secs] [Times: user=0.19 sys=0.00, real=0.02 secs] 
Total time for which application threads were stopped: 0.0180000 seconds
2012-01-20T09:15:58.125+0000: 752.503: [GC 752.503: [ParNew: 27328K->5440K(27328K), 0.0145590 secs] 1974952K->1953507K(4188864K) icms_dc=0 , 0.0146730 secs] [Times: user=0.17 sys=0.00, real=0.02 secs] 
Total time for which application threads were stopped: 0.0150380 seconds
2012-01-20T09:15:59.680+0000: 754.058: [GC 754.059: [ParNew: 27328K->5440K(27328K), 0.0156260 secs] 1975395K->1954496K(4188864K) icms_dc=0 , 0.0157450 secs] [Times: user=0.17 sys=0.00, real=0.01 secs] 
Total time for which application threads were stopped: 0.0160820 seconds
2012-01-20T09:16:01.191+0000: 755.569: [GC 755.569: [ParNew: 27328K->5440K(27328K), 0.0156880 secs] 1976384K->1955475K(4188864K) icms_dc=0 , 0.0158160 secs] [Times: user=0.18 sys=0.00, real=0.01 secs] 
Total time for which application threads were stopped: 0.0161720 seconds
Total time for which application threads were stopped: 0.0001300 seconds
2012-01-20T09:16:02.728+0000: 757.106: [GC 757.106: [ParNew: 27328K->5440K(27328K), 0.0158630 secs] 1977363K->1956457K(4188864K) icms_dc=0 , 0.0159830 secs] [Times: user=0.17 sys=0.00, real=0.02 secs] 
Total time for which application threads were stopped: 0.0163630 seconds
2012-01-20T09:16:04.299+0000: 758.677: [GC 758.677: [ParNew: 27328K->5440K(27328K), 0.0170160 secs] 1978345K->1958117K(4188864K) icms_dc=0 , 0.0171370 secs] [Times: user=0.18 sys=0.01, real=0.02 secs] 
Total time for which application threads were stopped: 0.0175480 seconds
2012-01-20T09:16:05.949+0000: 760.327: [GC 760.327: [ParNew: 27328K->5440K(27328K), 0.0169430 secs] 1980005K->1959785K(4188864K) icms_dc=0 , 0.0170630 secs] [Times: user=0.19 sys=0.00, real=0.02 secs] 
Total time for which application threads were stopped: 0.0174520 seconds
2012-01-20T09:16:07.512+0000: 761.890: [GC 761.890: [ParNew: 27328K->5440K(27328K), 0.0148370 secs] 1981673K->1960032K(4188864K) icms_dc=0 , 0.0149550 secs] [Times: user=0.17 sys=0.00, real=0.01 secs] 
Total time for which application threads were stopped: 0.0153630 seconds
2012-01-20T09:16:08.995+0000: 763.373: [GC 763.374: [ParNew: 27328K->5440K(27328K), 0.0163730 secs] 1981920K->1961351K(4188864K) icms_dc=0 , 0.0164920 secs] [Times: user=0.18 sys=0.00, real=0.02 secs] 
Total time for which application threads were stopped: 0.0168280 seconds
2012-01-20T09:16:10.201+0000: 764.580: [GC 764.580: [ParNew: 27328K->5440K(27328K), 0.0165890 secs] 1983239K->1962315K(4188864K) icms_dc=0 , 0.0167100 secs] [Times: user=0.18 sys=0.01, real=0.01 secs] 
Total time for which application threads were stopped: 0.0171280 seconds
Total time for which application threads were stopped: 0.0002670 seconds
2012-01-20T09:16:11.371+0000: 765.750: [GC 765.750: [ParNew: 27328K->5440K(27328K), 0.0147600 secs] 1984203K->1962518K(4188864K) icms_dc=0 , 0.0148810 secs] [Times: user=0.17 sys=0.00, real=0.01 secs] 
Total time for which application threads were stopped: 0.0151480 seconds
2012-01-20T09:16:12.695+0000: 767.073: [GC 767.073: [ParNew: 27328K->5440K(27328K), 0.0177470 secs] 1984406K->1963594K(4188864K) icms_dc=0 , 0.0178650 secs] [Times: user=0.20 sys=0.01, real=0.02 secs] 
Total time for which application threads were stopped: 0.0182180 seconds
2012-01-20T09:16:14.466+0000: 768.844: [GC 768.844: [ParNew: 27328K->5440K(27328K), 0.0144080 secs] 1985482K->1963937K(4188864K) icms_dc=0 , 0.0145220 secs] [Times: user=0.17 sys=0.00, real=0.02 secs] 
Total time for which application threads were stopped: 0.0148570 seconds
2012-01-20T09:16:16.173+0000: 770.551: [GC 770.551: [ParNew: 27328K->5440K(27328K), 0.0175060 secs] 1985825K->1965479K(4188864K) icms_dc=0 , 0.0176260 secs] [Times: user=0.19 sys=0.00, real=0.01 secs] 
Total time for which application threads were stopped: 0.0179550 seconds
2012-01-20T09:16:17.623+0000: 772.001: [GC 772.002: [ParNew: 27328K->5440K(27328K), 0.0147530 secs] 1987367K->1966044K(4188864K) icms_dc=0 , 0.0148700 secs] [Times: user=0.18 sys=0.00, real=0.01 secs] 
Total time for which application threads were stopped: 0.0152550 seconds
2012-01-20T09:16:19.200+0000: 773.579: [GC 773.579: [ParNew: 27328K->5440K(27328K), 0.0178690 secs] 1987932K->1967764K(4188864K) icms_dc=0 , 0.0179890 secs] [Times: user=0.19 sys=0.01, real=0.02 secs] 
Total time for which application threads were stopped: 0.0183180 seconds
2012-01-20T09:16:20.739+0000: 775.117: [GC 775.117: [ParNew: 27328K->5440K(27328K), 0.0162070 secs] 1989652K->1969104K(4188864K) icms_dc=0 , 0.0163240 secs] [Times: user=0.18 sys=0.00, real=0.02 secs] 
Total time for which application threads were stopped: 0.0166590 seconds
Total time for which application threads were stopped: 0.0002540 seconds
2012-01-20T09:16:22.185+0000: 776.563: [GC 776.563: [ParNew: 27328K->5440K(27328K), 0.0155510 secs] 1990992K->1969667K(4188864K) icms_dc=0 , 0.0156740 secs] [Times: user=0.19 sys=0.01, real=0.01 secs] 
Total time for which application threads were stopped: 0.0160110 seconds
2012-01-20T09:16:23.640+0000: 778.018: [GC 778.018: [ParNew: 27328K->5440K(27328K), 0.0156390 secs] 1991555K->1970728K(4188864K) icms_dc=0 , 0.0157550 secs] [Times: user=0.18 sys=0.00, real=0.02 secs] 
Total time for which application threads were stopped: 0.0161370 seconds
2012-01-20T09:16:25.007+0000: 779.385: [GC 779.385: [ParNew: 27328K->5440K(27328K), 0.0157020 secs] 1992616K->1971934K(4188864K) icms_dc=0 , 0.0158180 secs] [Times: user=0.17 sys=0.00, real=0.02 secs] 
Total time for which application threads were stopped: 0.0161710 seconds
2012-01-20T09:16:26.507+0000: 780.885: [GC 780.885: [ParNew: 27328K->5440K(27328K), 0.0163460 secs] 1993822K->1973055K(4188864K) icms_dc=0 , 0.0164640 secs] [Times: user=0.18 sys=0.01, real=0.02 secs] 
Total time for which application threads were stopped: 0.0168090 seconds
2012-01-20T09:16:28.076+0000: 782.454: [GC 782.454: [ParNew: 27328K->5440K(27328K), 0.0172670 secs] 1994943K->1974609K(4188864K) icms_dc=0 , 0.0173900 secs] [Times: user=0.19 sys=0.00, real=0.02 secs] 
Total time for which application threads were stopped: 0.0177440 seconds
2012-01-20T09:16:29.644+0000: 784.022: [GC 784.022: [ParNew: 27328K->5440K(27328K), 0.0153160 secs] 1996497K->1975541K(4188864K) icms_dc=0 , 0.0154380 secs] [Times: user=0.18 sys=0.01, real=0.01 secs] 
Total time for which application threads were stopped: 0.0158360 seconds
2012-01-20T09:16:31.071+0000: 785.449: [GC 785.449: [ParNew: 27328K->5440K(27328K), 0.0156070 secs] 1997429K->1976505K(4188864K) icms_dc=0 , 0.0157280 secs] [Times: user=0.18 sys=0.01, real=0.02 secs] 
Total time for which application threads were stopped: 0.0161290 seconds
Total time for which application threads were stopped: 0.0001240 seconds
2012-01-20T09:16:32.359+0000: 786.737: [GC 786.737: [ParNew: 27328K->5440K(27328K), 0.0169650 secs] 1998393K->1978045K(4188864K) icms_dc=0 , 0.0170910 secs] [Times: user=0.19 sys=0.00, real=0.02 secs] 
Total time for which application threads were stopped: 0.0174650 seconds
2012-01-20T09:16:33.839+0000: 788.217: [GC 788.217: [ParNew: 27328K->5440K(27328K), 0.0158070 secs] 1999933K->1979219K(4188864K) icms_dc=0 , 0.0159290 secs] [Times: user=0.17 sys=0.00, real=0.02 secs] 
Total time for which application threads were stopped: 0.0163460 seconds
2012-01-20T09:16:35.251+0000: 789.629: [GC 789.629: [ParNew: 27328K->5440K(27328K), 0.0159990 secs] 2001107K->1980071K(4188864K) icms_dc=0 , 0.0161240 secs] [Times: user=0.18 sys=0.00, real=0.02 secs] 
Total time for which application threads were stopped: 0.0165220 seconds
2012-01-20T09:16:36.609+0000: 790.987: [GC 790.987: [ParNew: 27328K->5440K(27328K), 0.0166910 secs] 2001959K->1981102K(4188864K) icms_dc=0 , 0.0168110 secs] [Times: user=0.19 sys=0.00, real=0.02 secs] 
Total time for which application threads were stopped: 0.0171930 seconds
2012-01-20T09:16:38.386+0000: 792.764: [GC 792.764: [ParNew: 27328K->5438K(27328K), 0.0152050 secs] 2002990K->1982050K(4188864K) icms_dc=0 , 0.0153260 secs] [Times: user=0.17 sys=0.01, real=0.01 secs] 
Total time for which application threads were stopped: 0.0157300 seconds
2012-01-20T09:16:39.813+0000: 794.191: [GC 794.191: [ParNew: 27326K->5440K(27328K), 0.0133080 secs] 2003938K->1982171K(4188864K) icms_dc=0 , 0.0134240 secs] [Times: user=0.15 sys=0.00, real=0.01 secs] 
Total time for which application threads were stopped: 0.0138520 seconds
2012-01-20T09:16:41.284+0000: 795.662: [GC 795.662: [ParNew: 27328K->5440K(27328K), 0.0154630 secs] 2004059K->1983059K(4188864K) icms_dc=0 , 0.0155820 secs] [Times: user=0.18 sys=0.01, real=0.01 secs] 
Total time for which application threads were stopped: 0.0159470 seconds
Total time for which application threads were stopped: 0.0001920 seconds
2012-01-20T09:16:42.778+0000: 797.156: [GC 797.156: [ParNew: 27328K->5440K(27328K), 0.0150400 secs] 2004947K->1983757K(4188864K) icms_dc=0 , 0.0151600 secs] [Times: user=0.17 sys=0.00, real=0.01 secs] 
Total time for which application threads were stopped: 0.0155190 seconds
2012-01-20T09:16:44.294+0000: 798.672: [GC 798.672: [ParNew: 27328K->5440K(27328K), 0.0164240 secs] 2005645K->1984584K(4188864K) icms_dc=0 , 0.0165450 secs] [Times: user=0.19 sys=0.00, real=0.01 secs] 
Total time for which application threads were stopped: 0.0169820 seconds
2012-01-20T09:16:45.745+0000: 800.123: [GC 800.123: [ParNew: 27328K->5440K(27328K), 0.0157690 secs] 2006472K->1985335K(4188864K) icms_dc=0 , 0.0158890 secs] [Times: user=0.17 sys=0.01, real=0.01 secs] 
Total time for which application threads were stopped: 0.0162450 seconds
2012-01-20T09:16:47.301+0000: 801.679: [GC 801.679: [ParNew: 27328K->5440K(27328K), 0.0154380 secs] 2007223K->1985997K(4188864K) icms_dc=0 , 0.0155570 secs] [Times: user=0.18 sys=0.01, real=0.02 secs] 
Total time for which application threads were stopped: 0.0159130 seconds
2012-01-20T09:16:48.914+0000: 803.293: [GC 803.293: [ParNew: 27328K->5440K(27328K), 0.0152660 secs] 2007885K->1986870K(4188864K) icms_dc=0 , 0.0153840 secs] [Times: user=0.17 sys=0.00, real=0.02 secs] 
Total time for which application threads were stopped: 0.0157560 seconds
2012-01-20T09:16:50.666+0000: 805.044: [GC 805.044: [ParNew: 27328K->5440K(27328K), 0.0135620 secs] 2008758K->1986973K(4188864K) icms_dc=0 , 0.0136760 secs] [Times: user=0.16 sys=0.00, real=0.01 secs] 
Total time for which application threads were stopped: 0.0140270 seconds
Total time for which application threads were stopped: 0.0002740 seconds
2012-01-20T09:16:52.278+0000: 806.656: [GC 806.656: [ParNew: 27328K->5440K(27328K), 0.0180470 secs] 2008861K->1988380K(4188864K) icms_dc=0 , 0.0181690 secs] [Times: user=0.20 sys=0.01, real=0.02 secs] 
Total time for which application threads were stopped: 0.0185110 seconds
Total time for which application threads were stopped: 0.0002160 seconds
2012-01-20T09:16:53.755+0000: 808.133: [GC 808.133: [ParNew: 27328K->5440K(27328K), 0.0143640 secs] 2010268K->1988548K(4188864K) icms_dc=0 , 0.0144820 secs] [Times: user=0.17 sys=0.00, real=0.01 secs] 
Total time for which application threads were stopped: 0.0147550 seconds
2012-01-20T09:16:55.128+0000: 809.506: [GC 809.506: [ParNew: 27328K->5440K(27328K), 0.0162400 secs] 2010436K->1989662K(4188864K) icms_dc=0 , 0.0163590 secs] [Times: user=0.17 sys=0.01, real=0.01 secs] 
Total time for which application threads were stopped: 0.0167410 seconds
2012-01-20T09:16:56.448+0000: 810.826: [GC 810.826: [ParNew: 27328K->5440K(27328K), 0.0148110 secs] 2011550K->1990151K(4188864K) icms_dc=0 , 0.0149310 secs] [Times: user=0.17 sys=0.01, real=0.01 secs] 
Total time for which application threads were stopped: 0.0152770 seconds
2012-01-20T09:16:57.985+0000: 812.363: [GC 812.363: [ParNew: 27328K->5440K(27328K), 0.0186560 secs] 2012039K->1991618K(4188864K) icms_dc=0 , 0.0187870 secs] [Times: user=0.21 sys=0.01, real=0.01 secs] 
Total time for which application threads were stopped: 0.0191520 seconds
2012-01-20T09:16:59.639+0000: 814.017: [GC 814.017: [ParNew: 27328K->5440K(27328K), 0.0163070 secs] 2013506K->1993157K(4188864K) icms_dc=0 , 0.0164760 secs] [Times: user=0.17 sys=0.00, real=0.02 secs] 
Total time for which application threads were stopped: 0.0168890 seconds
2012-01-20T09:17:01.237+0000: 815.615: [GC 815.615: [ParNew: 27328K->5440K(27328K), 0.0149310 secs] 2015045K->1993400K(4188864K) icms_dc=0 , 0.0150500 secs] [Times: user=0.17 sys=0.00, real=0.01 secs] 
Total time for which application threads were stopped: 0.0154850 seconds
Total time for which application threads were stopped: 0.0001340 seconds
2012-01-20T09:17:02.594+0000: 816.972: [GC 816.972: [ParNew: 27328K->5440K(27328K), 0.0166130 secs] 2015288K->1994764K(4188864K) icms_dc=0 , 0.0167360 secs] [Times: user=0.18 sys=0.01, real=0.02 secs] 
Total time for which application threads were stopped: 0.0170960 seconds
2012-01-20T09:17:04.346+0000: 818.724: [GC 818.724: [ParNew: 27328K->5440K(27328K), 0.0151630 secs] 2016652K->1995674K(4188864K) icms_dc=0 , 0.0152980 secs] [Times: user=0.17 sys=0.01, real=0.02 secs] 
Total time for which application threads were stopped: 0.0157360 seconds
2012-01-20T09:17:05.902+0000: 820.280: [GC 820.280: [ParNew: 27328K->5440K(27328K), 0.0150550 secs] 2017562K->1996097K(4188864K) icms_dc=0 , 0.0151750 secs] [Times: user=0.18 sys=0.00, real=0.02 secs] 
Total time for which application threads were stopped: 0.0155290 seconds
2012-01-20T09:17:07.391+0000: 821.770: [GC 821.770: [ParNew: 27328K->5440K(27328K), 0.0155660 secs] 2017985K->1997034K(4188864K) icms_dc=0 , 0.0156840 secs] [Times: user=0.18 sys=0.00, real=0.02 secs] 
Total time for which application threads were stopped: 0.0160490 seconds
2012-01-20T09:17:08.689+0000: 823.068: [GC 823.068: [ParNew: 27328K->5440K(27328K), 0.0155920 secs] 2018922K->1998103K(4188864K) icms_dc=0 , 0.0157070 secs] [Times: user=0.17 sys=0.01, real=0.01 secs] 
Total time for which application threads were stopped: 0.0161290 seconds
2012-01-20T09:17:10.357+0000: 824.735: [GC 824.736: [ParNew: 27328K->5440K(27328K), 0.0170640 secs] 2019991K->1999784K(4188864K) icms_dc=0 , 0.0171920 secs] [Times: user=0.18 sys=0.01, real=0.01 secs] 
Total time for which application threads were stopped: 0.0175680 seconds
Total time for which application threads were stopped: 0.0004990 seconds
2012-01-20T09:17:11.859+0000: 826.237: [GC 826.237: [ParNew: 27328K->5440K(27328K), 0.0140860 secs] 2021672K->2000004K(4188864K) icms_dc=0 , 0.0142090 secs] [Times: user=0.17 sys=0.00, real=0.01 secs] 
Total time for which application threads were stopped: 0.0144500 seconds
2012-01-20T09:17:13.423+0000: 827.801: [GC 827.801: [ParNew: 27328K->5440K(27328K), 0.0160710 secs] 2021892K->2001252K(4188864K) icms_dc=0 , 0.0161920 secs] [Times: user=0.17 sys=0.00, real=0.02 secs] 
Total time for which application threads were stopped: 0.0165380 seconds
2012-01-20T09:17:14.903+0000: 829.281: [GC 829.281: [ParNew: 27328K->5440K(27328K), 0.0135870 secs] 2023140K->2001460K(4188864K) icms_dc=0 , 0.0137020 secs] [Times: user=0.17 sys=0.00, real=0.01 secs] 
Total time for which application threads were stopped: 0.0140620 seconds
2012-01-20T09:17:16.398+0000: 830.776: [GC 830.776: [ParNew: 27328K->5440K(27328K), 0.0153340 secs] 2023348K->2002314K(4188864K) icms_dc=0 , 0.0154520 secs] [Times: user=0.17 sys=0.00, real=0.01 secs] 
Total time for which application threads were stopped: 0.0158240 seconds
2012-01-20T09:17:17.995+0000: 832.373: [GC 832.373: [ParNew: 27328K->5440K(27328K), 0.0157660 secs] 2024202K->2003053K(4188864K) icms_dc=0 , 0.0158870 secs] [Times: user=0.18 sys=0.00, real=0.02 secs] 
Total time for which application threads were stopped: 0.0163010 seconds
2012-01-20T09:17:19.478+0000: 833.856: [GC 833.856: [ParNew: 27328K->5440K(27328K), 0.0173890 secs] 2024941K->2004174K(4188864K) icms_dc=0 , 0.0175090 secs] [Times: user=0.19 sys=0.01, real=0.01 secs] 
Total time for which application threads were stopped: 0.0178700 seconds
2012-01-20T09:17:20.886+0000: 835.265: [GC 835.265: [ParNew: 27328K->5440K(27328K), 0.0161840 secs] 2026062K->2005151K(4188864K) icms_dc=0 , 0.0163040 secs] [Times: user=0.18 sys=0.01, real=0.02 secs] 
Total time for which application threads were stopped: 0.0167410 seconds
Total time for which application threads were stopped: 0.0002630 seconds
2012-01-20T09:17:22.350+0000: 836.729: [GC 836.729: [ParNew: 27328K->5440K(27328K), 0.0167230 secs] 2027039K->2006404K(4188864K) icms_dc=0 , 0.0168460 secs] [Times: user=0.19 sys=0.01, real=0.01 secs] 
Total time for which application threads were stopped: 0.0173120 seconds
2012-01-20T09:17:23.775+0000: 838.153: [GC 838.153: [ParNew: 27328K->5440K(27328K), 0.0165110 secs] 2028292K->2007376K(4188864K) icms_dc=0 , 0.0166290 secs] [Times: user=0.18 sys=0.00, real=0.02 secs] 
Total time for which application threads were stopped: 0.0169890 seconds
2012-01-20T09:17:25.123+0000: 839.501: [GC 839.502: [ParNew: 27328K->5440K(27328K), 0.0169100 secs] 2029264K->2009142K(4188864K) icms_dc=0 , 0.0170300 secs] [Times: user=0.18 sys=0.01, real=0.02 secs] 
Total time for which application threads were stopped: 0.0173940 seconds
2012-01-20T09:17:26.826+0000: 841.204: [GC 841.204: [ParNew: 27328K->5440K(27328K), 0.0164740 secs] 2031030K->2010236K(4188864K) icms_dc=0 , 0.0166000 secs] [Times: user=0.19 sys=0.01, real=0.02 secs] 
Total time for which application threads were stopped: 0.0170220 seconds
2012-01-20T09:17:28.358+0000: 842.736: [GC 842.736: [ParNew: 27328K->5440K(27328K), 0.0188520 secs] 2032124K->2010528K(4188864K) icms_dc=0 , 0.0189680 secs] [Times: user=0.23 sys=0.00, real=0.02 secs] 
Total time for which application threads were stopped: 0.0193210 seconds
2012-01-20T09:17:29.734+0000: 844.112: [GC 844.112: [ParNew: 27328K->5440K(27328K), 0.0165820 secs] 2032416K->2011916K(4188864K) icms_dc=0 , 0.0166990 secs] [Times: user=0.18 sys=0.01, real=0.02 secs] 
Total time for which application threads were stopped: 0.0171120 seconds
2012-01-20T09:17:31.050+0000: 845.428: [GC 845.428: [ParNew: 27328K->5440K(27328K), 0.0139080 secs] 2033804K->2011975K(4188864K) icms_dc=0 , 0.0140480 secs] [Times: user=0.17 sys=0.00, real=0.01 secs] 
Total time for which application threads were stopped: 0.0145160 seconds
Total time for which application threads were stopped: 0.0029940 seconds
Total time for which application threads were stopped: 0.0000690 seconds
2012-01-20T09:17:32.394+0000: 846.773: [GC 846.773: [ParNew: 27328K->5440K(27328K), 0.0150180 secs] 2033863K->2012699K(4188864K) icms_dc=0 , 0.0151440 secs] [Times: user=0.17 sys=0.00, real=0.02 secs] 
Total time for which application threads were stopped: 0.0154840 seconds
2012-01-20T09:17:33.863+0000: 848.241: [GC 848.241: [ParNew: 27328K->5440K(27328K), 0.0137880 secs] 2034587K->2013021K(4188864K) icms_dc=0 , 0.0139030 secs] [Times: user=0.16 sys=0.00, real=0.01 secs] 
Total time for which application threads were stopped: 0.0142910 seconds
2012-01-20T09:17:35.142+0000: 849.520: [GC 849.520: [ParNew: 27328K->5440K(27328K), 0.0151220 secs] 2034909K->2013686K(4188864K) icms_dc=0 , 0.0152430 secs] [Times: user=0.18 sys=0.00, real=0.01 secs] 
Total time for which application threads were stopped: 0.0156570 seconds
2012-01-20T09:17:36.936+0000: 851.314: [GC 851.314: [ParNew: 27328K->5440K(27328K), 0.0168300 secs] 2035574K->2014236K(4188864K) icms_dc=0 , 0.0169540 secs] [Times: user=0.20 sys=0.01, real=0.02 secs] 
Total time for which application threads were stopped: 0.0173010 seconds
2012-01-20T09:17:38.397+0000: 852.775: [GC 852.775: [ParNew: 27328K->5440K(27328K), 0.0168490 secs] 2036124K->2015429K(4188864K) icms_dc=0 , 0.0169760 secs] [Times: user=0.18 sys=0.00, real=0.02 secs] 
Total time for which application threads were stopped: 0.0173350 seconds
2012-01-20T09:17:39.736+0000: 854.114: [GC 854.114: [ParNew: 27328K->5440K(27328K), 0.0165440 secs] 2037317K->2016239K(4188864K) icms_dc=0 , 0.0166650 secs] [Times: user=0.18 sys=0.01, real=0.02 secs] 
Total time for which application threads were stopped: 0.0170490 seconds
2012-01-20T09:17:41.207+0000: 855.586: [GC 855.586: [ParNew: 27328K->5440K(27328K), 0.0159170 secs] 2038127K->2017217K(4188864K) icms_dc=0 , 0.0160400 secs] [Times: user=0.18 sys=0.00, real=0.02 secs] 
Total time for which application threads were stopped: 0.0163830 seconds
Total time for which application threads were stopped: 0.0001510 seconds
2012-01-20T09:17:42.646+0000: 857.024: [GC 857.024: [ParNew: 27328K->5440K(27328K), 0.0158470 secs] 2039105K->2018416K(4188864K) icms_dc=0 , 0.0159780 secs] [Times: user=0.17 sys=0.01, real=0.02 secs] 
Total time for which application threads were stopped: 0.0163750 seconds
2012-01-20T09:17:44.180+0000: 858.558: [GC 858.558: [ParNew: 27328K->5440K(27328K), 0.0159980 secs] 2040304K->2019467K(4188864K) icms_dc=0 , 0.0161190 secs] [Times: user=0.18 sys=0.01, real=0.02 secs] 
Total time for which application threads were stopped: 0.0165160 seconds
2012-01-20T09:17:45.708+0000: 860.087: [GC 860.087: [ParNew: 27328K->5440K(27328K), 0.0155160 secs] 2041355K->2020716K(4188864K) icms_dc=0 , 0.0156350 secs] [Times: user=0.17 sys=0.00, real=0.02 secs] 
Total time for which application threads were stopped: 0.0159810 seconds
Total time for which application threads were stopped: 0.0005260 seconds
2012-01-20T09:17:47.346+0000: 861.724: [GC 861.724: [ParNew: 27328K->5440K(27328K), 0.0162120 secs] 2042604K->2021964K(4188864K) icms_dc=0 , 0.0163350 secs] [Times: user=0.18 sys=0.00, real=0.02 secs] 
Total time for which application threads were stopped: 0.0167050 seconds
2012-01-20T09:17:48.839+0000: 863.217: [GC 863.218: [ParNew: 27328K->5440K(27328K), 0.0155530 secs] 2043852K->2023066K(4188864K) icms_dc=0 , 0.0156770 secs] [Times: user=0.17 sys=0.01, real=0.02 secs] 
Total time for which application threads were stopped: 0.0160780 seconds
2012-01-20T09:17:50.207+0000: 864.585: [GC 864.585: [ParNew: 27328K->5440K(27328K), 0.0155270 secs] 2044954K->2024030K(4188864K) icms_dc=0 , 0.0156560 secs] [Times: user=0.18 sys=0.00, real=0.02 secs] 
Total time for which application threads were stopped: 0.0161070 seconds
2012-01-20T09:17:51.750+0000: 866.128: [GC 866.128: [ParNew: 27328K->5440K(27328K), 0.0153100 secs] 2045918K->2024886K(4188864K) icms_dc=0 , 0.0154350 secs] [Times: user=0.18 sys=0.01, real=0.02 secs] 
Total time for which application threads were stopped: 0.0157920 seconds
Total time for which application threads were stopped: 0.0001910 seconds
2012-01-20T09:17:53.308+0000: 867.686: [GC 867.686: [ParNew: 27328K->5440K(27328K), 0.0140360 secs] 2046774K->2025087K(4188864K) icms_dc=0 , 0.0141580 secs] [Times: user=0.17 sys=0.00, real=0.02 secs] 
Total time for which application threads were stopped: 0.0144970 seconds
2012-01-20T09:17:54.798+0000: 869.176: [GC 869.176: [ParNew: 27328K->5440K(27328K), 0.0163010 secs] 2046975K->2026374K(4188864K) icms_dc=0 , 0.0164230 secs] [Times: user=0.18 sys=0.01, real=0.02 secs] 
Total time for which application threads were stopped: 0.0167870 seconds
2012-01-20T09:17:56.293+0000: 870.671: [GC 870.671: [ParNew: 27328K->5440K(27328K), 0.0181270 secs] 2048262K->2026943K(4188864K) icms_dc=0 , 0.0182470 secs] [Times: user=0.21 sys=0.01, real=0.01 secs] 
Total time for which application threads were stopped: 0.0185990 seconds
2012-01-20T09:17:57.974+0000: 872.352: [GC 872.352: [ParNew: 27328K->5440K(27328K), 0.0168680 secs] 2048831K->2028544K(4188864K) icms_dc=0 , 0.0170000 secs] [Times: user=0.19 sys=0.01, real=0.01 secs] 
Total time for which application threads were stopped: 0.0174170 seconds
2012-01-20T09:17:59.578+0000: 873.956: [GC 873.956: [ParNew: 27328K->5440K(27328K), 0.0159270 secs] 2050432K->2029713K(4188864K) icms_dc=0 , 0.0160480 secs] [Times: user=0.18 sys=0.00, real=0.02 secs] 
Total time for which application threads were stopped: 0.0164750 seconds
2012-01-20T09:18:01.068+0000: 875.446: [GC 875.446: [ParNew: 27328K->5440K(27328K), 0.0148580 secs] 2051601K->2030299K(4188864K) icms_dc=0 , 0.0149770 secs] [Times: user=0.18 sys=0.00, real=0.02 secs] 
Total time for which application threads were stopped: 0.0153300 seconds
Total time for which application threads were stopped: 0.0002520 seconds
2012-01-20T09:18:02.641+0000: 877.019: [GC 877.019: [ParNew: 27328K->5440K(27328K), 0.0166620 secs] 2052187K->2031747K(4188864K) icms_dc=0 , 0.0167870 secs] [Times: user=0.19 sys=0.01, real=0.02 secs] 
Total time for which application threads were stopped: 0.0172010 seconds
2012-01-20T09:18:04.184+0000: 878.562: [GC 878.562: [ParNew: 27328K->5440K(27328K), 0.0157200 secs] 2053635K->2032839K(4188864K) icms_dc=0 , 0.0158410 secs] [Times: user=0.17 sys=0.00, real=0.01 secs] 
Total time for which application threads were stopped: 0.0161790 seconds
2012-01-20T09:18:05.597+0000: 879.975: [GC 879.975: [ParNew: 27328K->5440K(27328K), 0.0152360 secs] 2054727K->2033635K(4188864K) icms_dc=0 , 0.0153550 secs] [Times: user=0.17 sys=0.00, real=0.01 secs] 
Total time for which application threads were stopped: 0.0157140 seconds
2012-01-20T09:18:07.081+0000: 881.459: [GC 881.459: [ParNew: 27328K->5440K(27328K), 0.0157830 secs] 2055523K->2034500K(4188864K) icms_dc=0 , 0.0159040 secs] [Times: user=0.18 sys=0.01, real=0.02 secs] 
Total time for which application threads were stopped: 0.0162390 seconds
2012-01-20T09:18:08.680+0000: 883.059: [GC 883.059: [ParNew: 27328K->5440K(27328K), 0.0165970 secs] 2056388K->2035897K(4188864K) icms_dc=0 , 0.0167210 secs] [Times: user=0.19 sys=0.00, real=0.02 secs] 
Total time for which application threads were stopped: 0.0170740 seconds
2012-01-20T09:18:10.221+0000: 884.599: [GC 884.599: [ParNew: 27328K->5440K(27328K), 0.0148680 secs] 2057785K->2036063K(4188864K) icms_dc=0 , 0.0149900 secs] [Times: user=0.18 sys=0.00, real=0.02 secs] 
Total time for which application threads were stopped: 0.0153380 seconds
2012-01-20T09:18:11.771+0000: 886.149: [GC 886.150: [ParNew: 27328K->5440K(27328K), 0.0159390 secs] 2057951K->2037139K(4188864K) icms_dc=0 , 0.0160610 secs] [Times: user=0.18 sys=0.00, real=0.02 secs] 
Total time for which application threads were stopped: 0.0164070 seconds
Total time for which application threads were stopped: 0.0001940 seconds
2012-01-20T09:18:13.145+0000: 887.523: [GC 887.523: [ParNew: 27328K->5440K(27328K), 0.0142560 secs] 2059027K->2037155K(4188864K) icms_dc=0 , 0.0143800 secs] [Times: user=0.17 sys=0.00, real=0.01 secs] 
Total time for which application threads were stopped: 0.0147100 seconds
2012-01-20T09:18:14.598+0000: 888.976: [GC 888.976: [ParNew: 27328K->5440K(27328K), 0.0149060 secs] 2059043K->2037870K(4188864K) icms_dc=0 , 0.0150230 secs] [Times: user=0.17 sys=0.01, real=0.01 secs] 
Total time for which application threads were stopped: 0.0153670 seconds
2012-01-20T09:18:16.046+0000: 890.425: [GC 890.425: [ParNew: 27328K->5440K(27328K), 0.0141840 secs] 2059758K->2038066K(4188864K) icms_dc=0 , 0.0143050 secs] [Times: user=0.16 sys=0.01, real=0.01 secs] 
Total time for which application threads were stopped: 0.0147050 seconds
2012-01-20T09:18:17.516+0000: 891.894: [GC 891.895: [ParNew: 27328K->5440K(27328K), 0.0152820 secs] 2059954K->2038848K(4188864K) icms_dc=0 , 0.0154080 secs] [Times: user=0.18 sys=0.00, real=0.01 secs] 
Total time for which application threads were stopped: 0.0157870 seconds
2012-01-20T09:18:18.985+0000: 893.364: [GC 893.365: [ParNew: 27328K->5440K(27328K), 0.0141750 secs] 2060736K->2039170K(4188864K) icms_dc=0 , 0.0142980 secs] [Times: user=0.17 sys=0.00, real=0.01 secs] 
Total time for which application threads were stopped: 0.0158590 seconds
2012-01-20T09:18:20.581+0000: 894.959: [GC 894.959: [ParNew: 27328K->5440K(27328K), 0.0171720 secs] 2061058K->2040206K(4188864K) icms_dc=0 , 0.0172890 secs] [Times: user=0.20 sys=0.01, real=0.02 secs] 
Total time for which application threads were stopped: 0.0176360 seconds
2012-01-20T09:18:22.068+0000: 896.446: [GC 896.446: [ParNew: 27328K->5440K(27328K), 0.0148500 secs] 2062094K->2040762K(4188864K) icms_dc=0 , 0.0149640 secs] [Times: user=0.18 sys=0.00, real=0.01 secs] 
Total time for which application threads were stopped: 0.0153170 seconds
Total time for which application threads were stopped: 0.0001550 seconds
2012-01-20T09:18:23.561+0000: 897.939: [GC 897.939: [ParNew: 27328K->5440K(27328K), 0.0174120 secs] 2062650K->2041743K(4188864K) icms_dc=0 , 0.0175530 secs] [Times: user=0.20 sys=0.01, real=0.02 secs] 
Total time for which application threads were stopped: 0.0179840 seconds
2012-01-20T09:18:24.796+0000: 899.175: [GC 899.175: [ParNew: 27328K->5440K(27328K), 0.0155040 secs] 2063631K->2042652K(4188864K) icms_dc=0 , 0.0156310 secs] [Times: user=0.17 sys=0.00, real=0.01 secs] 
Total time for which application threads were stopped: 0.0160510 seconds
2012-01-20T09:18:26.384+0000: 900.762: [GC 900.762: [ParNew: 27328K->5440K(27328K), 0.0184670 secs] 2064540K->2043933K(4188864K) icms_dc=0 , 0.0185960 secs] [Times: user=0.20 sys=0.01, real=0.02 secs] 
Total time for which application threads were stopped: 0.0189760 seconds
2012-01-20T09:18:28.058+0000: 902.436: [GC 902.437: [ParNew: 27328K->5440K(27328K), 0.0168240 secs] 2065821K->2045197K(4188864K) icms_dc=0 , 0.0169560 secs] [Times: user=0.18 sys=0.00, real=0.01 secs] 
Total time for which application threads were stopped: 0.0173420 seconds
2012-01-20T09:18:29.660+0000: 904.038: [GC 904.038: [ParNew: 27328K->5440K(27328K), 0.0161020 secs] 2067085K->2046438K(4188864K) icms_dc=0 , 0.0162290 secs] [Times: user=0.17 sys=0.01, real=0.02 secs] 
Total time for which application threads were stopped: 0.0166030 seconds
2012-01-20T09:18:30.897+0000: 905.275: [GC 905.275: [ParNew: 27328K->5440K(27328K), 0.0171470 secs] 2068326K->2047651K(4188864K) icms_dc=0 , 0.0172750 secs] [Times: user=0.19 sys=0.01, real=0.01 secs] 
Total time for which application threads were stopped: 0.0176770 seconds
Total time for which application threads were stopped: 0.0002500 seconds
2012-01-20T09:18:32.314+0000: 906.692: [GC 906.692: [ParNew: 27328K->5440K(27328K), 0.0158820 secs] 2069539K->2048655K(4188864K) icms_dc=0 , 0.0160060 secs] [Times: user=0.18 sys=0.01, real=0.02 secs] 
Total time for which application threads were stopped: 0.0163250 seconds
2012-01-20T09:18:33.774+0000: 908.152: [GC 908.152: [ParNew: 27328K->5440K(27328K), 0.0147760 secs] 2070543K->2049099K(4188864K) icms_dc=0 , 0.0148980 secs] [Times: user=0.17 sys=0.01, real=0.02 secs] 
Total time for which application threads were stopped: 0.0152630 seconds
2012-01-20T09:18:35.248+0000: 909.626: [GC 909.627: [ParNew: 27328K->5440K(27328K), 0.0183620 secs] 2070987K->2050487K(4188864K) icms_dc=0 , 0.0184870 secs] [Times: user=0.21 sys=0.00, real=0.02 secs] 
Total time for which application threads were stopped: 0.0188720 seconds
2012-01-20T09:18:36.585+0000: 910.963: [GC 910.963: [ParNew: 27328K->5440K(27328K), 0.0159790 secs] 2072375K->2051819K(4188864K) icms_dc=0 , 0.0161050 secs] [Times: user=0.18 sys=0.00, real=0.02 secs] 
Total time for which application threads were stopped: 0.0165240 seconds
2012-01-20T09:18:38.013+0000: 912.391: [GC 912.391: [ParNew: 27328K->5440K(27328K), 0.0143860 secs] 2073707K->2052031K(4188864K) icms_dc=0 , 0.0145070 secs] [Times: user=0.17 sys=0.00, real=0.02 secs] 
Total time for which application threads were stopped: 0.0149110 seconds
2012-01-20T09:18:39.495+0000: 913.873: [GC 913.873: [ParNew: 27328K->5440K(27328K), 0.0172200 secs] 2073919K->2053352K(4188864K) icms_dc=0 , 0.0173510 secs] [Times: user=0.19 sys=0.01, real=0.02 secs] 
Total time for which application threads were stopped: 0.0177880 seconds
2012-01-20T09:18:40.856+0000: 915.234: [GC 915.234: [ParNew: 27328K->5440K(27328K), 0.0150650 secs] 2075240K->2054268K(4188864K) icms_dc=0 , 0.0151880 secs] [Times: user=0.17 sys=0.01, real=0.02 secs] 
Total time for which application threads were stopped: 0.0156100 seconds
Total time for which application threads were stopped: 0.0002410 seconds
2012-01-20T09:18:42.289+0000: 916.667: [GC 916.668: [ParNew: 27328K->5440K(27328K), 0.0148230 secs] 2076156K->2055012K(4188864K) icms_dc=0 , 0.0149470 secs] [Times: user=0.17 sys=0.00, real=0.01 secs] 
Total time for which application threads were stopped: 0.0151930 seconds
2012-01-20T09:18:43.707+0000: 918.085: [GC 918.085: [ParNew: 27328K->5440K(27328K), 0.0147800 secs] 2076900K->2055557K(4188864K) icms_dc=0 , 0.0149040 secs] [Times: user=0.17 sys=0.00, real=0.01 secs] 
Total time for which application threads were stopped: 0.0153270 seconds
2012-01-20T09:18:45.100+0000: 919.478: [GC 919.478: [ParNew: 27328K->5440K(27328K), 0.0160880 secs] 2077445K->2056564K(4188864K) icms_dc=0 , 0.0162590 secs] [Times: user=0.18 sys=0.00, real=0.01 secs] 
Total time for which application threads were stopped: 0.0166920 seconds
2012-01-20T09:18:46.394+0000: 920.773: [GC 920.773: [ParNew: 27328K->5440K(27328K), 0.0183830 secs] 2078452K->2057780K(4188864K) icms_dc=0 , 0.0185110 secs] [Times: user=0.21 sys=0.00, real=0.02 secs] 
Total time for which application threads were stopped: 0.0189330 seconds
2012-01-20T09:18:47.808+0000: 922.186: [GC 922.186: [ParNew: 27328K->5440K(27328K), 0.0166940 secs] 2079668K->2059185K(4188864K) icms_dc=0 , 0.0168200 secs] [Times: user=0.18 sys=0.01, real=0.01 secs] 
Total time for which application threads were stopped: 0.0172050 seconds
2012-01-20T09:18:49.267+0000: 923.645: [GC 923.645: [ParNew: 27328K->5440K(27328K), 0.0157050 secs] 2081073K->2059811K(4188864K) icms_dc=0 , 0.0158270 secs] [Times: user=0.18 sys=0.01, real=0.02 secs] 
Total time for which application threads were stopped: 0.0162430 seconds
2012-01-20T09:18:50.877+0000: 925.255: [GC 925.255: [ParNew: 27328K->5440K(27328K), 0.0169700 secs] 2081699K->2061311K(4188864K) icms_dc=0 , 0.0170940 secs] [Times: user=0.19 sys=0.00, real=0.02 secs] 
Total time for which application threads were stopped: 0.0174570 seconds
Total time for which application threads were stopped: 0.0003030 seconds
2012-01-20T09:18:52.334+0000: 926.712: [GC 926.712: [ParNew: 27328K->5440K(27328K), 0.0138310 secs] 2083199K->2061456K(4188864K) icms_dc=0 , 0.0139530 secs] [Times: user=0.16 sys=0.00, real=0.02 secs] 
Total time for which application threads were stopped: 0.0142280 seconds
2012-01-20T09:18:53.834+0000: 928.213: [GC 928.213: [ParNew: 27328K->5440K(27328K), 0.0159580 secs] 2083344K->2062900K(4188864K) icms_dc=0 , 0.0160850 secs] [Times: user=0.17 sys=0.01, real=0.02 secs] 
Total time for which application threads were stopped: 0.0164610 seconds
2012-01-20T09:18:55.547+0000: 929.925: [GC 929.925: [ParNew: 27328K->5440K(27328K), 0.0132710 secs] 2084788K->2062900K(4188864K) icms_dc=0 , 0.0133870 secs] [Times: user=0.16 sys=0.00, real=0.02 secs] 
Total time for which application threads were stopped: 0.0137550 seconds
2012-01-20T09:18:56.933+0000: 931.311: [GC 931.311: [ParNew: 27328K->5440K(27328K), 0.0142880 secs] 2084788K->2063340K(4188864K) icms_dc=0 , 0.0144030 secs] [Times: user=0.16 sys=0.01, real=0.01 secs] 
Total time for which application threads were stopped: 0.0147590 seconds
2012-01-20T09:18:58.257+0000: 932.635: [GC 932.635: [ParNew: 27328K->5440K(27328K), 0.0140440 secs] 2085228K->2063681K(4188864K) icms_dc=0 , 0.0141660 secs] [Times: user=0.17 sys=0.00, real=0.02 secs] 
Total time for which application threads were stopped: 0.0145630 seconds
2012-01-20T09:18:59.763+0000: 934.142: [GC 934.142: [ParNew: 27328K->5440K(27328K), 0.0149330 secs] 2085569K->2064208K(4188864K) icms_dc=0 , 0.0150550 secs] [Times: user=0.18 sys=0.01, real=0.02 secs] 
Total time for which application threads were stopped: 0.0154240 seconds
2012-01-20T09:19:01.008+0000: 935.386: [GC 935.386: [ParNew: 27328K->5440K(27328K), 0.0136520 secs] 2086096K->2064421K(4188864K) icms_dc=0 , 0.0137750 secs] [Times: user=0.16 sys=0.00, real=0.02 secs] 
Total time for which application threads were stopped: 0.0141570 seconds
Total time for which application threads were stopped: 0.0002720 seconds
2012-01-20T09:19:02.398+0000: 936.776: [GC 936.776: [ParNew: 27328K->5439K(27328K), 0.0156750 secs] 2086309K->2065099K(4188864K) icms_dc=0 , 0.0158090 secs] [Times: user=0.18 sys=0.01, real=0.02 secs] 
Total time for which application threads were stopped: 0.0160820 seconds
2012-01-20T09:19:03.755+0000: 938.134: [GC 938.134: [ParNew: 27327K->5440K(27328K), 0.0162480 secs] 2086987K->2066095K(4188864K) icms_dc=0 , 0.0163760 secs] [Times: user=0.17 sys=0.00, real=0.02 secs] 
Total time for which application threads were stopped: 0.0167450 seconds
2012-01-20T09:19:05.256+0000: 939.634: [GC 939.634: [ParNew: 27328K->5440K(27328K), 0.0152630 secs] 2087983K->2066882K(4188864K) icms_dc=0 , 0.0153890 secs] [Times: user=0.18 sys=0.01, real=0.02 secs] 
Total time for which application threads were stopped: 0.0157780 seconds
2012-01-20T09:19:06.686+0000: 941.064: [GC 941.064: [ParNew: 27328K->5440K(27328K), 0.0163610 secs] 2088770K->2067988K(4188864K) icms_dc=0 , 0.0164910 secs] [Times: user=0.19 sys=0.00, real=0.02 secs] 
Total time for which application threads were stopped: 0.0169120 seconds
2012-01-20T09:19:08.096+0000: 942.474: [GC 942.474: [ParNew: 27328K->5440K(27328K), 0.0162680 secs] 2089876K->2068934K(4188864K) icms_dc=0 , 0.0163990 secs] [Times: user=0.18 sys=0.01, real=0.02 secs] 
Total time for which application threads were stopped: 0.0167790 seconds
2012-01-20T09:19:09.310+0000: 943.688: [GC 943.688: [ParNew: 27328K->5440K(27328K), 0.0148630 secs] 2090822K->2069230K(4188864K) icms_dc=0 , 0.0149830 secs] [Times: user=0.18 sys=0.00, real=0.01 secs] 
Total time for which application threads were stopped: 0.0154140 seconds
2012-01-20T09:19:10.541+0000: 944.919: [GC 944.919: [ParNew: 27328K->5440K(27328K), 0.0167750 secs] 2091118K->2070112K(4188864K) icms_dc=0 , 0.0168990 secs] [Times: user=0.19 sys=0.01, real=0.01 secs] 
Total time for which application threads were stopped: 0.0172880 seconds
2012-01-20T09:19:11.916+0000: 946.294: [GC 946.295: [ParNew: 27328K->5440K(27328K), 0.0153280 secs] 2092000K->2070903K(4188864K) icms_dc=0 , 0.0154530 secs] [Times: user=0.18 sys=0.01, real=0.02 secs] 
Total time for which application threads were stopped: 0.0158390 seconds
Total time for which application threads were stopped: 0.0001340 seconds
2012-01-20T09:19:13.145+0000: 947.523: [GC 947.523: [ParNew: 27328K->5440K(27328K), 0.0165210 secs] 2092791K->2072112K(4188864K) icms_dc=0 , 0.0166480 secs] [Times: user=0.18 sys=0.01, real=0.02 secs] 
Total time for which application threads were stopped: 0.0170500 seconds
2012-01-20T09:19:14.768+0000: 949.146: [GC 949.147: [ParNew: 27328K->5440K(27328K), 0.0167670 secs] 2094000K->2073047K(4188864K) icms_dc=0 , 0.0168990 secs] [Times: user=0.19 sys=0.01, real=0.02 secs] 
Total time for which application threads were stopped: 0.0172860 seconds
2012-01-20T09:19:16.325+0000: 950.703: [GC 950.703: [ParNew: 27328K->5440K(27328K), 0.0165930 secs] 2094935K->2074072K(4188864K) icms_dc=0 , 0.0167180 secs] [Times: user=0.19 sys=0.01, real=0.02 secs] 
Total time for which application threads were stopped: 0.0170890 seconds
Total time for which application threads were stopped: 0.0005470 seconds
2012-01-20T09:19:17.705+0000: 952.083: [GC 952.083: [ParNew: 27328K->5440K(27328K), 0.0160680 secs] 2095960K->2075274K(4188864K) icms_dc=0 , 0.0162020 secs] [Times: user=0.17 sys=0.01, real=0.02 secs] 
Total time for which application threads were stopped: 0.0166000 seconds
2012-01-20T09:19:19.346+0000: 953.724: [GC 953.724: [ParNew: 27328K->5440K(27328K), 0.0144340 secs] 2097162K->2075757K(4188864K) icms_dc=0 , 0.0145600 secs] [Times: user=0.17 sys=0.00, real=0.02 secs] 
Total time for which application threads were stopped: 0.0149290 seconds
2012-01-20T09:19:20.757+0000: 955.135: [GC 955.135: [ParNew: 27328K->5440K(27328K), 0.0175210 secs] 2097645K->2076644K(4188864K) icms_dc=0 , 0.0176480 secs] [Times: user=0.20 sys=0.00, real=0.02 secs] 
Total time for which application threads were stopped: 0.0180290 seconds
Total time for which application threads were stopped: 0.0002260 seconds
2012-01-20T09:19:22.385+0000: 956.763: [GC 956.763: [ParNew: 27328K->5440K(27328K), 0.0153980 secs] 2098532K->2077589K(4188864K) icms_dc=0 , 0.0155230 secs] [Times: user=0.18 sys=0.01, real=0.01 secs] 
Total time for which application threads were stopped: 0.0157240 seconds
2012-01-20T09:19:23.833+0000: 958.211: [GC 958.211: [ParNew: 27328K->5440K(27328K), 0.0158980 secs] 2099477K->2078783K(4188864K) icms_dc=0 , 0.0160290 secs] [Times: user=0.18 sys=0.00, real=0.01 secs] 
Total time for which application threads were stopped: 0.0164350 seconds
2012-01-20T09:19:25.138+0000: 959.516: [GC 959.516: [ParNew: 27328K->5440K(27328K), 0.0153550 secs] 2100671K->2079462K(4188864K) icms_dc=0 , 0.0154780 secs] [Times: user=0.18 sys=0.01, real=0.02 secs] 
Total time for which application threads were stopped: 0.0158920 seconds
2012-01-20T09:19:26.427+0000: 960.805: [GC 960.806: [ParNew: 27328K->5440K(27328K), 0.0156360 secs] 2101350K->2080664K(4188864K) icms_dc=0 , 0.0157590 secs] [Times: user=0.17 sys=0.01, real=0.02 secs] 
Total time for which application threads were stopped: 0.0161500 seconds
2012-01-20T09:19:28.040+0000: 962.418: [GC 962.418: [ParNew: 27328K->5440K(27328K), 0.0139380 secs] 2102552K->2080857K(4188864K) icms_dc=0 , 0.0140560 secs] [Times: user=0.17 sys=0.00, real=0.02 secs] 
Total time for which application threads were stopped: 0.0143950 seconds
2012-01-20T09:19:29.536+0000: 963.914: [GC 963.914: [ParNew: 27328K->5440K(27328K), 0.0179750 secs] 2102745K->2082469K(4188864K) icms_dc=0 , 0.0180980 secs] [Times: user=0.19 sys=0.01, real=0.02 secs] 
Total time for which application threads were stopped: 0.0184530 seconds
2012-01-20T09:19:30.975+0000: 965.353: [GC 965.353: [ParNew: 27328K->5440K(27328K), 0.0137500 secs] 2104357K->2082593K(4188864K) icms_dc=0 , 0.0138690 secs] [Times: user=0.17 sys=0.00, real=0.01 secs] 
Total time for which application threads were stopped: 0.0142730 seconds
Total time for which application threads were stopped: 0.0003060 seconds
2012-01-20T09:19:32.383+0000: 966.761: [GC 966.761: [ParNew: 27328K->5440K(27328K), 0.0154810 secs] 2104481K->2083677K(4188864K) icms_dc=0 , 0.0156070 secs] [Times: user=0.18 sys=0.01, real=0.01 secs] 
Total time for which application threads were stopped: 0.0158000 seconds
2012-01-20T09:19:33.848+0000: 968.227: [GC 968.227: [ParNew: 27328K->5440K(27328K), 0.0134680 secs] 2105565K->2083694K(4188864K) icms_dc=0 , 0.0135870 secs] [Times: user=0.16 sys=0.00, real=0.01 secs] 
Total time for which application threads were stopped: 0.0139160 seconds
2012-01-20T09:19:35.226+0000: 969.604: [GC 969.604: [ParNew: 27328K->5440K(27328K), 0.0148230 secs] 2105582K->2084524K(4188864K) icms_dc=0 , 0.0149490 secs] [Times: user=0.17 sys=0.00, real=0.01 secs] 
Total time for which application threads were stopped: 0.0153090 seconds
2012-01-20T09:19:36.532+0000: 970.910: [GC 970.910: [ParNew: 27328K->5440K(27328K), 0.0137540 secs] 2106412K->2084735K(4188864K) icms_dc=0 , 0.0138790 secs] [Times: user=0.16 sys=0.00, real=0.02 secs] 
Total time for which application threads were stopped: 0.0142470 seconds
2012-01-20T09:19:37.910+0000: 972.288: [GC 972.288: [ParNew: 27328K->5440K(27328K), 0.0155600 secs] 2106623K->2085531K(4188864K) icms_dc=0 , 0.0156850 secs] [Times: user=0.18 sys=0.00, real=0.02 secs] 
Total time for which application threads were stopped: 0.0160730 seconds
2012-01-20T09:19:39.417+0000: 973.795: [GC 973.795: [ParNew: 27328K->5440K(27328K), 0.0159880 secs] 2107419K->2086594K(4188864K) icms_dc=0 , 0.0161190 secs] [Times: user=0.18 sys=0.00, real=0.01 secs] 
Total time for which application threads were stopped: 0.0164550 seconds
2012-01-20T09:19:40.746+0000: 975.124: [GC 975.124: [ParNew: 27328K->5440K(27328K), 0.0148180 secs] 2108482K->2087015K(4188864K) icms_dc=0 , 0.0149430 secs] [Times: user=0.17 sys=0.00, real=0.01 secs] 
Total time for which application threads were stopped: 0.0152670 seconds
2012-01-20T09:19:42.024+0000: 976.402: [GC 976.402: [ParNew: 27328K->5440K(27328K), 0.0161080 secs] 2108903K->2088236K(4188864K) icms_dc=0 , 0.0162270 secs] [Times: user=0.18 sys=0.00, real=0.01 secs] 
Total time for which application threads were stopped: 0.0165930 seconds
Total time for which application threads were stopped: 0.0001810 seconds
2012-01-20T09:19:43.374+0000: 977.752: [GC 977.752: [ParNew: 27328K->5440K(27328K), 0.0153100 secs] 2110124K->2088934K(4188864K) icms_dc=0 , 0.0154290 secs] [Times: user=0.18 sys=0.00, real=0.01 secs] 
Total time for which application threads were stopped: 0.0158090 seconds
2012-01-20T09:19:44.626+0000: 979.004: [GC 979.004: [ParNew: 27328K->5440K(27328K), 0.0168600 secs] 2110822K->2089988K(4188864K) icms_dc=0 , 0.0169740 secs] [Times: user=0.18 sys=0.00, real=0.01 secs] 
Total time for which application threads were stopped: 0.0173010 seconds
2012-01-20T09:19:46.192+0000: 980.571: [GC 980.571: [ParNew: 27328K->5440K(27328K), 0.0177700 secs] 2111876K->2090589K(4188864K) icms_dc=0 , 0.0178890 secs] [Times: user=0.21 sys=0.00, real=0.02 secs] 
Total time for which application threads were stopped: 0.0183170 seconds
2012-01-20T09:19:47.637+0000: 982.015: [GC 982.015: [ParNew: 27328K->5440K(27328K), 0.0158590 secs] 2112477K->2092059K(4188864K) icms_dc=0 , 0.0159760 secs] [Times: user=0.17 sys=0.01, real=0.01 secs] 
Total time for which application threads were stopped: 0.0163090 seconds
2012-01-20T09:19:48.983+0000: 983.361: [GC 983.361: [ParNew: 27328K->5440K(27328K), 0.0143760 secs] 2113947K->2092295K(4188864K) icms_dc=0 , 0.0144890 secs] [Times: user=0.17 sys=0.01, real=0.02 secs] 
Total time for which application threads were stopped: 0.0148790 seconds
2012-01-20T09:19:50.316+0000: 984.694: [GC 984.694: [ParNew: 27328K->5440K(27328K), 0.0162340 secs] 2114183K->2093687K(4188864K) icms_dc=0 , 0.0163500 secs] [Times: user=0.18 sys=0.00, real=0.01 secs] 
Total time for which application threads were stopped: 0.0166950 seconds
2012-01-20T09:19:51.948+0000: 986.326: [GC 986.326: [ParNew: 27328K->5440K(27328K), 0.0148900 secs] 2115575K->2094014K(4188864K) icms_dc=0 , 0.0150050 secs] [Times: user=0.18 sys=0.00, real=0.01 secs] 
Total time for which application threads were stopped: 0.0154220 seconds
Total time for which application threads were stopped: 0.0001590 seconds
2012-01-20T09:19:53.341+0000: 987.719: [GC 987.719: [ParNew: 27328K->5440K(27328K), 0.0161330 secs] 2115902K->2095375K(4188864K) icms_dc=0 , 0.0162520 secs] [Times: user=0.17 sys=0.01, real=0.02 secs] 
Total time for which application threads were stopped: 0.0165490 seconds
2012-01-20T09:19:54.816+0000: 989.194: [GC 989.194: [ParNew: 27328K->5440K(27328K), 0.0136280 secs] 2117263K->2095535K(4188864K) icms_dc=0 , 0.0137470 secs] [Times: user=0.16 sys=0.00, real=0.01 secs] 
Total time for which application threads were stopped: 0.0140870 seconds
2012-01-20T09:19:56.185+0000: 990.563: [GC 990.563: [ParNew: 27328K->5440K(27328K), 0.0156640 secs] 2117423K->2096762K(4188864K) icms_dc=0 , 0.0157840 secs] [Times: user=0.18 sys=0.01, real=0.01 secs] 
Total time for which application threads were stopped: 0.0161340 seconds
2012-01-20T09:19:57.663+0000: 992.041: [GC 992.041: [ParNew: 27328K->5440K(27328K), 0.0145750 secs] 2118650K->2096909K(4188864K) icms_dc=0 , 0.0146900 secs] [Times: user=0.17 sys=0.01, real=0.02 secs] 
Total time for which application threads were stopped: 0.0150280 seconds
2012-01-20T09:19:59.202+0000: 993.580: [GC 993.580: [ParNew: 27328K->5440K(27328K), 0.0179050 secs] 2118797K->2098274K(4188864K) icms_dc=0 , 0.0180250 secs] [Times: user=0.20 sys=0.00, real=0.02 secs] 
Total time for which application threads were stopped: 0.0183660 seconds
2012-01-20T09:20:00.704+0000: 995.082: [GC 995.082: [ParNew: 27328K->5440K(27328K), 0.0159240 secs] 2120162K->2099134K(4188864K) icms_dc=0 , 0.0160430 secs] [Times: user=0.18 sys=0.00, real=0.02 secs] 
Total time for which application threads were stopped: 0.0163840 seconds
2012-01-20T09:20:02.276+0000: 996.654: [GC 996.654: [ParNew: 27328K->5440K(27328K), 0.0161320 secs] 2121022K->2099813K(4188864K) icms_dc=0 , 0.0162540 secs] [Times: user=0.18 sys=0.01, real=0.01 secs] 
Total time for which application threads were stopped: 0.0166350 seconds
Total time for which application threads were stopped: 0.0001770 seconds
2012-01-20T09:20:03.834+0000: 998.212: [GC 998.212: [ParNew: 27328K->5440K(27328K), 0.0171740 secs] 2121701K->2101340K(4188864K) icms_dc=0 , 0.0173100 secs] [Times: user=0.19 sys=0.00, real=0.02 secs] 
Total time for which application threads were stopped: 0.0176430 seconds
2012-01-20T09:20:05.432+0000: 999.810: [GC 999.810: [ParNew: 27328K->5440K(27328K), 0.0156540 secs] 2123228K->2102440K(4188864K) icms_dc=0 , 0.0157760 secs] [Times: user=0.18 sys=0.00, real=0.02 secs] 
Total time for which application threads were stopped: 0.0161810 seconds
2012-01-20T09:20:06.779+0000: 1001.158: [GC 1001.158: [ParNew: 27328K->5440K(27328K), 0.0147800 secs] 2124328K->2102783K(4188864K) icms_dc=0 , 0.0148970 secs] [Times: user=0.17 sys=0.00, real=0.01 secs] 
Total time for which application threads were stopped: 0.0152830 seconds
2012-01-20T09:20:08.313+0000: 1002.691: [GC 1002.691: [ParNew: 27328K->5440K(27328K), 0.0184040 secs] 2124671K->2104457K(4188864K) icms_dc=0 , 0.0185260 secs] [Times: user=0.19 sys=0.01, real=0.02 secs] 
Total time for which application threads were stopped: 0.0189650 seconds
2012-01-20T09:20:09.775+0000: 1004.153: [GC 1004.154: [ParNew: 27328K->5440K(27328K), 0.0138890 secs] 2126345K->2104631K(4188864K) icms_dc=0 , 0.0140060 secs] [Times: user=0.16 sys=0.00, real=0.02 secs] 
Total time for which application threads were stopped: 0.0143610 seconds
2012-01-20T09:20:11.295+0000: 1005.673: [GC 1005.673: [ParNew: 27328K->5440K(27328K), 0.0183920 secs] 2126519K->2106236K(4188864K) icms_dc=0 , 0.0185110 secs] [Times: user=0.19 sys=0.01, real=0.02 secs] 
Total time for which application threads were stopped: 0.0188960 seconds
Total time for which application threads were stopped: 0.0002470 seconds
2012-01-20T09:20:12.694+0000: 1007.072: [GC 1007.072: [ParNew: 27328K->5440K(27328K), 0.0146970 secs] 2128124K->2106598K(4188864K) icms_dc=0 , 0.0148190 secs] [Times: user=0.17 sys=0.00, real=0.02 secs] 
Total time for which application threads were stopped: 0.0150440 seconds
2012-01-20T09:20:13.948+0000: 1008.327: [GC 1008.327: [ParNew: 27328K->5440K(27328K), 0.0163320 secs] 2128486K->2107492K(4188864K) icms_dc=0 , 0.0164530 secs] [Times: user=0.19 sys=0.00, real=0.01 secs] 
Total time for which application threads were stopped: 0.0168300 seconds
2012-01-20T09:20:15.390+0000: 1009.768: [GC 1009.768: [ParNew: 27328K->5440K(27328K), 0.0159330 secs] 2129380K->2108615K(4188864K) icms_dc=0 , 0.0160520 secs] [Times: user=0.17 sys=0.01, real=0.01 secs] 
Total time for which application threads were stopped: 0.0164780 seconds
2012-01-20T09:20:16.859+0000: 1011.237: [GC 1011.237: [ParNew: 27328K->5440K(27328K), 0.0137410 secs] 2130503K->2108779K(4188864K) icms_dc=0 , 0.0138580 secs] [Times: user=0.16 sys=0.00, real=0.01 secs] 
Total time for which application threads were stopped: 0.0142530 seconds
2012-01-20T09:20:18.360+0000: 1012.738: [GC 1012.738: [ParNew: 27328K->5440K(27328K), 0.0159030 secs] 2130667K->2110180K(4188864K) icms_dc=0 , 0.0160240 secs] [Times: user=0.18 sys=0.00, real=0.01 secs] 
Total time for which application threads were stopped: 0.0164160 seconds
2012-01-20T09:20:19.957+0000: 1014.335: [GC 1014.335: [ParNew: 27328K->5440K(27328K), 0.0147130 secs] 2132068K->2110230K(4188864K) icms_dc=0 , 0.0148300 secs] [Times: user=0.18 sys=0.00, real=0.02 secs] 
Total time for which application threads were stopped: 0.0151870 seconds
2012-01-20T09:20:21.422+0000: 1015.800: [GC 1015.800: [ParNew: 27328K->5440K(27328K), 0.0163310 secs] 2132118K->2111340K(4188864K) icms_dc=0 , 0.0164510 secs] [Times: user=0.17 sys=0.00, real=0.02 secs] 
Total time for which application threads were stopped: 0.0168210 seconds
Total time for which application threads were stopped: 0.0002850 seconds
2012-01-20T09:20:22.843+0000: 1017.221: [GC 1017.221: [ParNew: 27328K->5440K(27328K), 0.0136990 secs] 2133228K->2111341K(4188864K) icms_dc=0 , 0.0138130 secs] [Times: user=0.17 sys=0.00, real=0.01 secs] 
Total time for which application threads were stopped: 0.0141010 seconds
2012-01-20T09:20:24.338+0000: 1018.716: [GC 1018.716: [ParNew: 27328K->5440K(27328K), 0.0158370 secs] 2133229K->2112213K(4188864K) icms_dc=0 , 0.0159570 secs] [Times: user=0.18 sys=0.00, real=0.01 secs] 
Total time for which application threads were stopped: 0.0163800 seconds
2012-01-20T09:20:25.865+0000: 1020.244: [GC 1020.244: [ParNew: 27328K->5440K(27328K), 0.0180810 secs] 2134101K->2112547K(4188864K) icms_dc=0 , 0.0182000 secs] [Times: user=0.21 sys=0.00, real=0.02 secs] 
Total time for which application threads were stopped: 0.0186210 seconds
2012-01-20T09:20:27.281+0000: 1021.659: [GC 1021.659: [ParNew: 27328K->5440K(27328K), 0.0176640 secs] 2134435K->2114379K(4188864K) icms_dc=0 , 0.0177850 secs] [Times: user=0.18 sys=0.01, real=0.02 secs] 
Total time for which application threads were stopped: 0.0181580 seconds
2012-01-20T09:20:28.730+0000: 1023.108: [GC 1023.108: [ParNew: 27328K->5077K(27328K), 0.0134340 secs] 2136267K->2114016K(4188864K) icms_dc=0 , 0.0135560 secs] [Times: user=0.16 sys=0.00, real=0.01 secs] 
Total time for which application threads were stopped: 0.0139550 seconds
2012-01-20T09:20:30.108+0000: 1024.486: [GC 1024.486: [ParNew: 26965K->5440K(27328K), 0.0142940 secs] 2135904K->2114840K(4188864K) icms_dc=0 , 0.0144110 secs] [Times: user=0.16 sys=0.00, real=0.02 secs] 
Total time for which application threads were stopped: 0.0148180 seconds
2012-01-20T09:20:31.619+0000: 1025.997: [GC 1025.997: [ParNew: 27328K->5440K(27328K), 0.0132740 secs] 2136728K->2114840K(4188864K) icms_dc=0 , 0.0133900 secs] [Times: user=0.16 sys=0.00, real=0.01 secs] 
Total time for which application threads were stopped: 0.0137570 seconds
Total time for which application threads were stopped: 0.0002730 seconds
2012-01-20T09:20:32.982+0000: 1027.361: [GC 1027.361: [ParNew: 27328K->5440K(27328K), 0.0142800 secs] 2136728K->2115295K(4188864K) icms_dc=0 , 0.0144060 secs] [Times: user=0.16 sys=0.01, real=0.01 secs] 
Total time for which application threads were stopped: 0.0146490 seconds
2012-01-20T09:20:34.338+0000: 1028.716: [GC 1028.716: [ParNew: 27328K->5342K(27328K), 0.0137730 secs] 2137183K->2115320K(4188864K) icms_dc=0 , 0.0138890 secs] [Times: user=0.16 sys=0.00, real=0.02 secs] 
Total time for which application threads were stopped: 0.0142430 seconds
2012-01-20T09:20:36.142+0000: 1030.520: [GC 1030.520: [ParNew: 27230K->5440K(27328K), 0.0144330 secs] 2137208K->2115845K(4188864K) icms_dc=0 , 0.0145510 secs] [Times: user=0.17 sys=0.00, real=0.01 secs] 
Total time for which application threads were stopped: 0.0149900 seconds
2012-01-20T09:20:37.618+0000: 1031.996: [GC 1031.996: [ParNew: 27328K->5440K(27328K), 0.0143760 secs] 2137733K->2116281K(4188864K) icms_dc=0 , 0.0144940 secs] [Times: user=0.16 sys=0.01, real=0.02 secs] 
Total time for which application threads were stopped: 0.0148760 seconds
2012-01-20T09:20:38.993+0000: 1033.371: [GC 1033.371: [ParNew: 27328K->5440K(27328K), 0.0171600 secs] 2138169K->2117054K(4188864K) icms_dc=0 , 0.0172770 secs] [Times: user=0.20 sys=0.01, real=0.01 secs] 
Total time for which application threads were stopped: 0.0176680 seconds
2012-01-20T09:20:40.429+0000: 1034.807: [GC 1034.808: [ParNew: 27328K->5440K(27328K), 0.0153810 secs] 2138942K->2117762K(4188864K) icms_dc=0 , 0.0155040 secs] [Times: user=0.17 sys=0.00, real=0.02 secs] 
Total time for which application threads were stopped: 0.0159310 seconds
2012-01-20T09:20:42.053+0000: 1036.431: [GC 1036.431: [ParNew: 27328K->5440K(27328K), 0.0170200 secs] 2139650K->2119257K(4188864K) icms_dc=0 , 0.0171490 secs] [Times: user=0.18 sys=0.01, real=0.02 secs] 
Total time for which application threads were stopped: 0.0176120 seconds
Total time for which application threads were stopped: 0.0001860 seconds
2012-01-20T09:20:43.563+0000: 1037.942: [GC 1037.942: [ParNew: 27328K->5440K(27328K), 0.0145240 secs] 2141145K->2119655K(4188864K) icms_dc=0 , 0.0146460 secs] [Times: user=0.18 sys=0.00, real=0.01 secs] 
Total time for which application threads were stopped: 0.0150610 seconds
2012-01-20T09:20:44.917+0000: 1039.295: [GC 1039.295: [ParNew: 27328K->5440K(27328K), 0.0174350 secs] 2141543K->2120838K(4188864K) icms_dc=0 , 0.0175610 secs] [Times: user=0.20 sys=0.01, real=0.02 secs] 
Total time for which application threads were stopped: 0.0179920 seconds
2012-01-20T09:20:46.386+0000: 1040.764: [GC 1040.764: [ParNew: 27328K->5440K(27328K), 0.0171430 secs] 2142726K->2121874K(4188864K) icms_dc=0 , 0.0172780 secs] [Times: user=0.19 sys=0.00, real=0.02 secs] 
Total time for which application threads were stopped: 0.0176540 seconds
2012-01-20T09:20:47.872+0000: 1042.250: [GC 1042.250: [ParNew: 27328K->5440K(27328K), 0.0166410 secs] 2143762K->2123359K(4188864K) icms_dc=0 , 0.0167700 secs] [Times: user=0.18 sys=0.01, real=0.01 secs] 
Total time for which application threads were stopped: 0.0171410 seconds
2012-01-20T09:20:49.255+0000: 1043.634: [GC 1043.634: [ParNew: 27328K->5440K(27328K), 0.0159720 secs] 2145247K->2124252K(4188864K) icms_dc=0 , 0.0160990 secs] [Times: user=0.19 sys=0.00, real=0.02 secs] 
Total time for which application threads were stopped: 0.0165610 seconds
2012-01-20T09:20:50.630+0000: 1045.008: [GC 1045.008: [ParNew: 27328K->5440K(27328K), 0.0154800 secs] 2146140K->2125382K(4188864K) icms_dc=0 , 0.0156060 secs] [Times: user=0.18 sys=0.01, real=0.02 secs] 
Total time for which application threads were stopped: 0.0160390 seconds
2012-01-20T09:20:52.152+0000: 1046.531: [GC 1046.531: [ParNew: 27328K->5440K(27328K), 0.0134290 secs] 2147270K->2125475K(4188864K) icms_dc=0 , 0.0135540 secs] [Times: user=0.16 sys=0.00, real=0.01 secs] 
Total time for which application threads were stopped: 0.0139300 seconds
Total time for which application threads were stopped: 0.0003810 seconds
2012-01-20T09:20:53.526+0000: 1047.904: [GC 1047.905: [ParNew: 27328K->5440K(27328K), 0.0168740 secs] 2147363K->2126672K(4188864K) icms_dc=0 , 0.0170020 secs] [Times: user=0.19 sys=0.00, real=0.02 secs] 
Total time for which application threads were stopped: 0.0173640 seconds
2012-01-20T09:20:55.039+0000: 1049.417: [GC 1049.417: [ParNew: 27328K->5440K(27328K), 0.0137880 secs] 2148560K->2126925K(4188864K) icms_dc=0 , 0.0139110 secs] [Times: user=0.17 sys=0.00, real=0.02 secs] 
Total time for which application threads were stopped: 0.0142450 seconds
2012-01-20T09:20:56.570+0000: 1050.948: [GC 1050.948: [ParNew: 27328K->5440K(27328K), 0.0163960 secs] 2148813K->2128279K(4188864K) icms_dc=0 , 0.0165210 secs] [Times: user=0.18 sys=0.00, real=0.02 secs] 
Total time for which application threads were stopped: 0.0168720 seconds
2012-01-20T09:20:57.985+0000: 1052.363: [GC 1052.363: [ParNew: 27328K->5440K(27328K), 0.0153140 secs] 2150167K->2129040K(4188864K) icms_dc=0 , 0.0154360 secs] [Times: user=0.17 sys=0.00, real=0.01 secs] 
Total time for which application threads were stopped: 0.0158400 seconds
2012-01-20T09:20:59.440+0000: 1053.818: [GC 1053.818: [ParNew: 27328K->5440K(27328K), 0.0153210 secs] 2150928K->2129832K(4188864K) icms_dc=0 , 0.0154430 secs] [Times: user=0.17 sys=0.00, real=0.02 secs] 
Total time for which application threads were stopped: 0.0158650 seconds
2012-01-20T09:21:00.998+0000: 1055.376: [GC 1055.376: [ParNew: 27328K->5440K(27328K), 0.0149620 secs] 2151720K->2130113K(4188864K) icms_dc=0 , 0.0150840 secs] [Times: user=0.18 sys=0.00, real=0.02 secs] 
Total time for which application threads were stopped: 0.0154830 seconds
2012-01-20T09:21:02.429+0000: 1056.807: [GC 1056.807: [ParNew: 27328K->5440K(27328K), 0.0161420 secs] 2152001K->2131462K(4188864K) icms_dc=0 , 0.0162680 secs] [Times: user=0.18 sys=0.00, real=0.02 secs] 
Total time for which application threads were stopped: 0.0166190 seconds
Total time for which application threads were stopped: 0.0001200 seconds
2012-01-20T09:21:03.807+0000: 1058.185: [GC 1058.186: [ParNew: 27328K->5440K(27328K), 0.0136350 secs] 2153350K->2131810K(4188864K) icms_dc=0 , 0.0137610 secs] [Times: user=0.16 sys=0.00, real=0.01 secs] 
Total time for which application threads were stopped: 0.0140860 seconds
2012-01-20T09:21:05.197+0000: 1059.575: [GC 1059.575: [ParNew: 27328K->5440K(27328K), 0.0148280 secs] 2153698K->2132607K(4188864K) icms_dc=0 , 0.0149500 secs] [Times: user=0.17 sys=0.01, real=0.01 secs] 
Total time for which application threads were stopped: 0.0153410 seconds
2012-01-20T09:21:06.760+0000: 1061.138: [GC 1061.138: [ParNew: 27328K->5440K(27328K), 0.0155210 secs] 2154495K->2133791K(4188864K) icms_dc=0 , 0.0156490 secs] [Times: user=0.18 sys=0.01, real=0.02 secs] 
Total time for which application threads were stopped: 0.0160370 seconds
2012-01-20T09:21:08.303+0000: 1062.681: [GC 1062.681: [ParNew: 27328K->5440K(27328K), 0.0152510 secs] 2155679K->2134394K(4188864K) icms_dc=0 , 0.0153750 secs] [Times: user=0.17 sys=0.00, real=0.01 secs] 
Total time for which application threads were stopped: 0.0157470 seconds
2012-01-20T09:21:09.902+0000: 1064.281: [GC 1064.281: [ParNew: 27328K->5440K(27328K), 0.0160040 secs] 2156282K->2135891K(4188864K) icms_dc=0 , 0.0161710 secs] [Times: user=0.18 sys=0.00, real=0.02 secs] 
Total time for which application threads were stopped: 0.0165730 seconds
2012-01-20T09:21:11.408+0000: 1065.786: [GC 1065.786: [ParNew: 27328K->5440K(27328K), 0.0155500 secs] 2157779K->2136928K(4188864K) icms_dc=0 , 0.0156820 secs] [Times: user=0.17 sys=0.00, real=0.02 secs] 
Total time for which application threads were stopped: 0.0160400 seconds
Total time for which application threads were stopped: 0.0030950 seconds
Total time for which application threads were stopped: 0.0001510 seconds
2012-01-20T09:21:12.786+0000: 1067.164: [GC 1067.164: [ParNew: 27328K->5440K(27328K), 0.0153280 secs] 2158816K->2137761K(4188864K) icms_dc=0 , 0.0154590 secs] [Times: user=0.18 sys=0.00, real=0.01 secs] 
Total time for which application threads were stopped: 0.0156760 seconds
2012-01-20T09:21:14.321+0000: 1068.699: [GC 1068.699: [ParNew: 27328K->5440K(27328K), 0.0157720 secs] 2159649K->2138960K(4188864K) icms_dc=0 , 0.0159010 secs] [Times: user=0.18 sys=0.00, real=0.02 secs] 
Total time for which application threads were stopped: 0.0162570 seconds
2012-01-20T09:21:15.789+0000: 1070.167: [GC 1070.167: [ParNew: 27328K->5440K(27328K), 0.0167910 secs] 2160848K->2139962K(4188864K) icms_dc=0 , 0.0169220 secs] [Times: user=0.19 sys=0.01, real=0.02 secs] 
Total time for which application threads were stopped: 0.0172890 seconds
Total time for which application threads were stopped: 0.0004770 seconds
2012-01-20T09:21:17.316+0000: 1071.695: [GC 1071.695: [ParNew: 27328K->5440K(27328K), 0.0163040 secs] 2161850K->2140918K(4188864K) icms_dc=0 , 0.0164320 secs] [Times: user=0.17 sys=0.00, real=0.01 secs] 
Total time for which application threads were stopped: 0.0166530 seconds
2012-01-20T09:21:18.593+0000: 1072.972: [GC 1072.972: [ParNew: 27328K->5440K(27328K), 0.0150690 secs] 2162806K->2141834K(4188864K) icms_dc=0 , 0.0151890 secs] [Times: user=0.17 sys=0.00, real=0.02 secs] 
Total time for which application threads were stopped: 0.0155490 seconds
2012-01-20T09:21:20.099+0000: 1074.477: [GC 1074.477: [ParNew: 27328K->5440K(27328K), 0.0155610 secs] 2163722K->2142794K(4188864K) icms_dc=0 , 0.0156840 secs] [Times: user=0.17 sys=0.00, real=0.02 secs] 
Total time for which application threads were stopped: 0.0160690 seconds
2012-01-20T09:21:21.737+0000: 1076.115: [GC 1076.115: [ParNew: 27328K->5440K(27328K), 0.0166620 secs] 2164682K->2143770K(4188864K) icms_dc=0 , 0.0167850 secs] [Times: user=0.18 sys=0.01, real=0.01 secs] 
Total time for which application threads were stopped: 0.0171300 seconds
Total time for which application threads were stopped: 0.0003430 seconds
2012-01-20T09:21:23.514+0000: 1077.892: [GC 1077.892: [ParNew: 27328K->5440K(27328K), 0.0155190 secs] 2165658K->2144825K(4188864K) icms_dc=0 , 0.0156460 secs] [Times: user=0.18 sys=0.01, real=0.01 secs] 
Total time for which application threads were stopped: 0.0159730 seconds
2012-01-20T09:21:24.941+0000: 1079.319: [GC 1079.319: [ParNew: 27328K->5440K(27328K), 0.0157770 secs] 2166713K->2146204K(4188864K) icms_dc=0 , 0.0158980 secs] [Times: user=0.18 sys=0.01, real=0.02 secs] 
Total time for which application threads were stopped: 0.0162820 seconds
2012-01-20T09:21:26.535+0000: 1080.913: [GC 1080.913: [ParNew: 27328K->5440K(27328K), 0.0166250 secs] 2168092K->2147584K(4188864K) icms_dc=0 , 0.0167490 secs] [Times: user=0.19 sys=0.00, real=0.02 secs] 
Total time for which application threads were stopped: 0.0170960 seconds
2012-01-20T09:21:28.027+0000: 1082.405: [GC 1082.405: [ParNew: 27328K->5440K(27328K), 0.0154780 secs] 2169472K->2148807K(4188864K) icms_dc=0 , 0.0156000 secs] [Times: user=0.17 sys=0.01, real=0.01 secs] 
Total time for which application threads were stopped: 0.0159760 seconds
2012-01-20T09:21:29.538+0000: 1083.916: [GC 1083.916: [ParNew: 27328K->5440K(27328K), 0.0173810 secs] 2170695K->2150100K(4188864K) icms_dc=0 , 0.0175010 secs] [Times: user=0.20 sys=0.00, real=0.02 secs] 
Total time for which application threads were stopped: 0.0179220 seconds
2012-01-20T09:21:31.013+0000: 1085.391: [GC 1085.391: [ParNew: 27328K->5440K(27328K), 0.0166050 secs] 2171988K->2151083K(4188864K) icms_dc=0 , 0.0167300 secs] [Times: user=0.19 sys=0.01, real=0.02 secs] 
Total time for which application threads were stopped: 0.0171210 seconds
2012-01-20T09:21:32.413+0000: 1086.791: [GC 1086.791: [ParNew: 27328K->5440K(27328K), 0.0160830 secs] 2172971K->2151987K(4188864K) icms_dc=0 , 0.0162060 secs] [Times: user=0.18 sys=0.01, real=0.02 secs] 
Total time for which application threads were stopped: 0.0165870 seconds
Total time for which application threads were stopped: 0.0001350 seconds
2012-01-20T09:21:33.857+0000: 1088.235: [GC 1088.235: [ParNew: 27328K->5440K(27328K), 0.0173510 secs] 2173875K->2153419K(4188864K) icms_dc=0 , 0.0174820 secs] [Times: user=0.19 sys=0.00, real=0.01 secs] 
Total time for which application threads were stopped: 0.0178190 seconds
2012-01-20T09:21:35.323+0000: 1089.701: [GC 1089.701: [ParNew: 27328K->5440K(27328K), 0.0136660 secs] 2175307K->2153528K(4188864K) icms_dc=0 , 0.0137830 secs] [Times: user=0.17 sys=0.00, real=0.02 secs] 
Total time for which application threads were stopped: 0.0141380 seconds
2012-01-20T09:21:36.675+0000: 1091.053: [GC 1091.053: [ParNew: 27328K->5440K(27328K), 0.0155630 secs] 2175416K->2154777K(4188864K) icms_dc=0 , 0.0156870 secs] [Times: user=0.17 sys=0.00, real=0.02 secs] 
Total time for which application threads were stopped: 0.0160320 seconds
2012-01-20T09:21:38.192+0000: 1092.570: [GC 1092.570: [ParNew: 27328K->5440K(27328K), 0.0133530 secs] 2176665K->2154804K(4188864K) icms_dc=0 , 0.0134770 secs] [Times: user=0.16 sys=0.00, real=0.01 secs] 
Total time for which application threads were stopped: 0.0138850 seconds
2012-01-20T09:21:39.777+0000: 1094.155: [GC 1094.155: [ParNew: 27328K->5440K(27328K), 0.0160920 secs] 2176692K->2155845K(4188864K) icms_dc=0 , 0.0162150 secs] [Times: user=0.18 sys=0.01, real=0.01 secs] 
Total time for which application threads were stopped: 0.0165500 seconds
2012-01-20T09:21:41.133+0000: 1095.511: [GC 1095.511: [ParNew: 27328K->5440K(27328K), 0.0142800 secs] 2177733K->2156056K(4188864K) icms_dc=0 , 0.0143970 secs] [Times: user=0.17 sys=0.01, real=0.02 secs] 
Total time for which application threads were stopped: 0.0147940 seconds
Total time for which application threads were stopped: 0.0002240 seconds
2012-01-20T09:21:42.696+0000: 1097.074: [GC 1097.074: [ParNew: 27328K->5440K(27328K), 0.0162930 secs] 2177944K->2157211K(4188864K) icms_dc=0 , 0.0164210 secs] [Times: user=0.19 sys=0.00, real=0.02 secs] 
Total time for which application threads were stopped: 0.0166170 seconds
2012-01-20T09:21:44.130+0000: 1098.509: [GC 1098.509: [ParNew: 27328K->5440K(27328K), 0.0164760 secs] 2179099K->2158546K(4188864K) icms_dc=0 , 0.0165990 secs] [Times: user=0.19 sys=0.01, real=0.02 secs] 
Total time for which application threads were stopped: 0.0169590 seconds
2012-01-20T09:21:45.550+0000: 1099.928: [GC 1099.928: [ParNew: 27328K->5440K(27328K), 0.0135630 secs] 2180434K->2158670K(4188864K) icms_dc=0 , 0.0136810 secs] [Times: user=0.16 sys=0.01, real=0.01 secs] 
Total time for which application threads were stopped: 0.0140400 seconds
2012-01-20T09:21:47.073+0000: 1101.451: [GC 1101.451: [ParNew: 27328K->5440K(27328K), 0.0162740 secs] 2180558K->2160074K(4188864K) icms_dc=0 , 0.0163950 secs] [Times: user=0.17 sys=0.00, real=0.02 secs] 
Total time for which application threads were stopped: 0.0168100 seconds
2012-01-20T09:21:48.631+0000: 1103.009: [GC 1103.009: [ParNew: 27328K->5440K(27328K), 0.0144880 secs] 2181962K->2160430K(4188864K) icms_dc=0 , 0.0146040 secs] [Times: user=0.17 sys=0.00, real=0.01 secs] 
Total time for which application threads were stopped: 0.0149930 seconds
2012-01-20T09:21:50.244+0000: 1104.622: [GC 1104.622: [ParNew: 27328K->5440K(27328K), 0.0165560 secs] 2182318K->2161703K(4188864K) icms_dc=0 , 0.0166770 secs] [Times: user=0.18 sys=0.00, real=0.02 secs] 
Total time for which application threads were stopped: 0.0170570 seconds
2012-01-20T09:21:51.852+0000: 1106.230: [GC 1106.230: [ParNew: 27328K->5440K(27328K), 0.0153430 secs] 2183591K->2162541K(4188864K) icms_dc=0 , 0.0155170 secs] [Times: user=0.17 sys=0.00, real=0.01 secs] 
Total time for which application threads were stopped: 0.0159000 seconds
Total time for which application threads were stopped: 0.0003000 seconds
2012-01-20T09:21:53.294+0000: 1107.672: [GC 1107.672: [ParNew: 27328K->5440K(27328K), 0.0168970 secs] 2184429K->2164065K(4188864K) icms_dc=0 , 0.0170270 secs] [Times: user=0.18 sys=0.01, real=0.02 secs] 
Total time for which application threads were stopped: 0.0174120 seconds
2012-01-20T09:21:54.482+0000: 1108.860: [GC 1108.860: [ParNew: 27328K->5438K(27328K), 0.0172400 secs] 2185953K->2165528K(4188864K) icms_dc=0 , 0.0173640 secs] [Times: user=0.19 sys=0.01, real=0.02 secs] 
Total time for which application threads were stopped: 0.0177110 seconds
2012-01-20T09:21:55.801+0000: 1110.179: [GC 1110.179: [ParNew: 27326K->5440K(27328K), 0.0152090 secs] 2187416K->2165962K(4188864K) icms_dc=0 , 0.0153350 secs] [Times: user=0.18 sys=0.01, real=0.01 secs] 
Total time for which application threads were stopped: 0.0157250 seconds
2012-01-20T09:21:57.362+0000: 1111.740: [GC 1111.740: [ParNew: 27328K->5440K(27328K), 0.0154310 secs] 2187850K->2167031K(4188864K) icms_dc=0 , 0.0155530 secs] [Times: user=0.18 sys=0.01, real=0.02 secs] 
Total time for which application threads were stopped: 0.0159260 seconds
2012-01-20T09:21:58.929+0000: 1113.307: [GC 1113.307: [ParNew: 27328K->5440K(27328K), 0.0149460 secs] 2188919K->2167960K(4188864K) icms_dc=0 , 0.0150670 secs] [Times: user=0.16 sys=0.00, real=0.01 secs] 
Total time for which application threads were stopped: 0.0154210 seconds
2012-01-20T09:22:00.418+0000: 1114.796: [GC 1114.796: [ParNew: 27328K->5440K(27328K), 0.0157370 secs] 2189848K->2168846K(4188864K) icms_dc=0 , 0.0158660 secs] [Times: user=0.18 sys=0.01, real=0.02 secs] 
Total time for which application threads were stopped: 0.0162350 seconds
2012-01-20T09:22:01.949+0000: 1116.327: [GC 1116.327: [ParNew: 27328K->5440K(27328K), 0.0170890 secs] 2190734K->2169722K(4188864K) icms_dc=0 , 0.0172150 secs] [Times: user=0.20 sys=0.01, real=0.02 secs] 
Total time for which application threads were stopped: 0.0176310 seconds
Total time for which application threads were stopped: 0.0002400 seconds
2012-01-20T09:22:03.637+0000: 1118.015: [GC 1118.015: [ParNew: 27328K->5440K(27328K), 0.0175180 secs] 2191610K->2170817K(4188864K) icms_dc=0 , 0.0176470 secs] [Times: user=0.19 sys=0.01, real=0.02 secs] 
Total time for which application threads were stopped: 0.0179940 seconds
2012-01-20T09:22:05.212+0000: 1119.590: [GC 1119.590: [ParNew: 27328K->5440K(27328K), 0.0138290 secs] 2192705K->2171137K(4188864K) icms_dc=0 , 0.0139490 secs] [Times: user=0.16 sys=0.01, real=0.01 secs] 
Total time for which application threads were stopped: 0.0143510 seconds
2012-01-20T09:22:06.788+0000: 1121.166: [GC 1121.166: [ParNew: 27328K->5440K(27328K), 0.0163850 secs] 2193025K->2172392K(4188864K) icms_dc=0 , 0.0165080 secs] [Times: user=0.18 sys=0.00, real=0.02 secs] 
Total time for which application threads were stopped: 0.0168440 seconds
2012-01-20T09:22:08.339+0000: 1122.717: [GC 1122.718: [ParNew: 27328K->5440K(27328K), 0.0141720 secs] 2194280K->2172578K(4188864K) icms_dc=0 , 0.0142950 secs] [Times: user=0.17 sys=0.00, real=0.01 secs] 
Total time for which application threads were stopped: 0.0147440 seconds
2012-01-20T09:22:09.730+0000: 1124.108: [GC 1124.108: [ParNew: 27328K->5440K(27328K), 0.0159170 secs] 2194466K->2173827K(4188864K) icms_dc=0 , 0.0160420 secs] [Times: user=0.18 sys=0.00, real=0.01 secs] 
Total time for which application threads were stopped: 0.0164450 seconds
2012-01-20T09:22:11.177+0000: 1125.555: [GC 1125.555: [ParNew: 27328K->5440K(27328K), 0.0140790 secs] 2195715K->2174211K(4188864K) icms_dc=0 , 0.0142020 secs] [Times: user=0.16 sys=0.00, real=0.02 secs] 
Total time for which application threads were stopped: 0.0145510 seconds
2012-01-20T09:22:12.480+0000: 1126.858: [GC 1126.858: [ParNew: 27328K->5440K(27328K), 0.0160690 secs] 2196099K->2175388K(4188864K) icms_dc=0 , 0.0161960 secs] [Times: user=0.18 sys=0.00, real=0.02 secs] 
Total time for which application threads were stopped: 0.0166030 seconds
Total time for which application threads were stopped: 0.0001640 seconds
2012-01-20T09:22:13.715+0000: 1128.093: [GC 1128.094: [ParNew: 27328K->5440K(27328K), 0.0168130 secs] 2197276K->2176356K(4188864K) icms_dc=0 , 0.0169450 secs] [Times: user=0.20 sys=0.01, real=0.02 secs] 
Total time for which application threads were stopped: 0.0172860 seconds
2012-01-20T09:22:15.169+0000: 1129.548: [GC 1129.548: [ParNew: 27328K->5440K(27328K), 0.0174980 secs] 2198244K->2177592K(4188864K) icms_dc=0 , 0.0176200 secs] [Times: user=0.20 sys=0.00, real=0.02 secs] 
Total time for which application threads were stopped: 0.0180250 seconds
2012-01-20T09:22:16.593+0000: 1130.971: [GC 1130.971: [ParNew: 27328K->5440K(27328K), 0.0149820 secs] 2199480K->2178450K(4188864K) icms_dc=0 , 0.0151050 secs] [Times: user=0.16 sys=0.00, real=0.01 secs] 
Total time for which application threads were stopped: 0.0155230 seconds
2012-01-20T09:22:18.005+0000: 1132.383: [GC 1132.383: [ParNew: 27328K->5440K(27328K), 0.0150690 secs] 2200338K->2179295K(4188864K) icms_dc=0 , 0.0151930 secs] [Times: user=0.17 sys=0.00, real=0.01 secs] 
Total time for which application threads were stopped: 0.0155510 seconds
2012-01-20T09:22:19.474+0000: 1133.852: [GC 1133.852: [ParNew: 27328K->5440K(27328K), 0.0151390 secs] 2201183K->2180107K(4188864K) icms_dc=0 , 0.0152680 secs] [Times: user=0.17 sys=0.01, real=0.01 secs] 
Total time for which application threads were stopped: 0.0156400 seconds
2012-01-20T09:22:20.983+0000: 1135.361: [GC 1135.361: [ParNew: 27328K->5440K(27328K), 0.0166700 secs] 2201995K->2180959K(4188864K) icms_dc=0 , 0.0167960 secs] [Times: user=0.20 sys=0.01, real=0.01 secs] 
Total time for which application threads were stopped: 0.0172190 seconds
2012-01-20T09:22:22.482+0000: 1136.860: [GC 1136.860: [ParNew: 27328K->5440K(27328K), 0.0174230 secs] 2202847K->2182596K(4188864K) icms_dc=0 , 0.0175450 secs] [Times: user=0.19 sys=0.01, real=0.01 secs] 
Total time for which application threads were stopped: 0.0178990 seconds
Total time for which application threads were stopped: 0.0001280 seconds
2012-01-20T09:22:23.894+0000: 1138.272: [GC 1138.272: [ParNew: 27328K->5440K(27328K), 0.0156210 secs] 2204484K->2183532K(4188864K) icms_dc=0 , 0.0157490 secs] [Times: user=0.17 sys=0.01, real=0.01 secs] 
Total time for which application threads were stopped: 0.0160770 seconds
2012-01-20T09:22:25.228+0000: 1139.606: [GC 1139.607: [ParNew: 27328K->5440K(27328K), 0.0156360 secs] 2205420K->2184585K(4188864K) icms_dc=0 , 0.0157560 secs] [Times: user=0.18 sys=0.00, real=0.02 secs] 
Total time for which application threads were stopped: 0.0160950 seconds
2012-01-20T09:22:26.629+0000: 1141.007: [GC 1141.007: [ParNew: 27328K->5440K(27328K), 0.0158820 secs] 2206473K->2185768K(4188864K) icms_dc=0 , 0.0160020 secs] [Times: user=0.17 sys=0.00, real=0.02 secs] 
Total time for which application threads were stopped: 0.0163550 seconds
2012-01-20T09:22:28.073+0000: 1142.451: [GC 1142.451: [ParNew: 27328K->5440K(27328K), 0.0147120 secs] 2207656K->2186403K(4188864K) icms_dc=0 , 0.0148300 secs] [Times: user=0.17 sys=0.01, real=0.01 secs] 
Total time for which application threads were stopped: 0.0151720 seconds
2012-01-20T09:22:29.674+0000: 1144.052: [GC 1144.052: [ParNew: 27328K->5440K(27328K), 0.0173700 secs] 2208291K->2187914K(4188864K) icms_dc=0 , 0.0174910 secs] [Times: user=0.19 sys=0.00, real=0.02 secs] 
Total time for which application threads were stopped: 0.0178920 seconds
2012-01-20T09:22:31.051+0000: 1145.429: [GC 1145.429: [ParNew: 27328K->5440K(27328K), 0.0150650 secs] 2209802K->2188996K(4188864K) icms_dc=0 , 0.0151870 secs] [Times: user=0.17 sys=0.01, real=0.02 secs] 
Total time for which application threads were stopped: 0.0155420 seconds
2012-01-20T09:22:32.356+0000: 1146.734: [GC 1146.734: [ParNew: 27328K->5440K(27328K), 0.0133030 secs] 2210884K->2189092K(4188864K) icms_dc=0 , 0.0134180 secs] [Times: user=0.16 sys=0.00, real=0.01 secs] 
Total time for which application threads were stopped: 0.0137630 seconds
Total time for which application threads were stopped: 0.0001420 seconds
2012-01-20T09:22:33.941+0000: 1148.319: [GC 1148.319: [ParNew: 27328K->5440K(27328K), 0.0154510 secs] 2210980K->2190074K(4188864K) icms_dc=0 , 0.0155820 secs] [Times: user=0.18 sys=0.00, real=0.02 secs] 
Total time for which application threads were stopped: 0.0159670 seconds
2012-01-20T09:22:35.490+0000: 1149.868: [GC 1149.868: [ParNew: 27328K->5440K(27328K), 0.0155560 secs] 2211962K->2190798K(4188864K) icms_dc=0 , 0.0156810 secs] [Times: user=0.18 sys=0.01, real=0.02 secs] 
Total time for which application threads were stopped: 0.0160280 seconds
2012-01-20T09:22:37.168+0000: 1151.546: [GC 1151.547: [ParNew: 27328K->5440K(27328K), 0.0140950 secs] 2212686K->2190798K(4188864K) icms_dc=0 , 0.0142320 secs] [Times: user=0.16 sys=0.01, real=0.01 secs] 
Total time for which application threads were stopped: 0.0146130 seconds
2012-01-20T09:22:38.648+0000: 1153.026: [GC 1153.026: [ParNew: 27328K->5440K(27328K), 0.0144810 secs] 2212686K->2191202K(4188864K) icms_dc=0 , 0.0146030 secs] [Times: user=0.17 sys=0.00, real=0.01 secs] 
Total time for which application threads were stopped: 0.0149980 seconds
2012-01-20T09:22:39.943+0000: 1154.321: [GC 1154.321: [ParNew: 27328K->5440K(27328K), 0.0151510 secs] 2213090K->2191893K(4188864K) icms_dc=0 , 0.0152800 secs] [Times: user=0.17 sys=0.00, real=0.02 secs] 
Total time for which application threads were stopped: 0.0156600 seconds
2012-01-20T09:22:41.347+0000: 1155.725: [GC 1155.725: [ParNew: 27328K->5440K(27328K), 0.0142600 secs] 2213781K->2192230K(4188864K) icms_dc=0 , 0.0143820 secs] [Times: user=0.17 sys=0.00, real=0.01 secs] 
Total time for which application threads were stopped: 0.0147290 seconds
2012-01-20T09:22:42.734+0000: 1157.112: [GC 1157.113: [ParNew: 27328K->5440K(27328K), 0.0168910 secs] 2214118K->2193853K(4188864K) icms_dc=0 , 0.0170150 secs] [Times: user=0.18 sys=0.01, real=0.01 secs] 
Total time for which application threads were stopped: 0.0173990 seconds
Total time for which application threads were stopped: 0.0001850 seconds
2012-01-20T09:22:44.249+0000: 1158.627: [GC 1158.627: [ParNew: 27328K->5309K(27328K), 0.0130350 secs] 2215741K->2193722K(4188864K) icms_dc=0 , 0.0131610 secs] [Times: user=0.16 sys=0.00, real=0.01 secs] 
Total time for which application threads were stopped: 0.0135880 seconds
2012-01-20T09:22:45.707+0000: 1160.085: [GC 1160.085: [ParNew: 27197K->5440K(27328K), 0.0143150 secs] 2215610K->2194492K(4188864K) icms_dc=0 , 0.0144450 secs] [Times: user=0.17 sys=0.01, real=0.01 secs] 
Total time for which application threads were stopped: 0.0148520 seconds
2012-01-20T09:22:47.030+0000: 1161.408: [GC 1161.408: [ParNew: 27328K->5440K(27328K), 0.0141010 secs] 2216380K->2194717K(4188864K) icms_dc=0 , 0.0142210 secs] [Times: user=0.17 sys=0.00, real=0.02 secs] 
Total time for which application threads were stopped: 0.0146320 seconds
2012-01-20T09:22:48.449+0000: 1162.827: [GC 1162.827: [ParNew: 27328K->5440K(27328K), 0.0151200 secs] 2216605K->2195800K(4188864K) icms_dc=0 , 0.0152450 secs] [Times: user=0.17 sys=0.01, real=0.02 secs] 
Total time for which application threads were stopped: 0.0155880 seconds
2012-01-20T09:22:50.042+0000: 1164.420: [GC 1164.420: [ParNew: 27328K->5440K(27328K), 0.0158730 secs] 2217688K->2196393K(4188864K) icms_dc=0 , 0.0159960 secs] [Times: user=0.18 sys=0.01, real=0.02 secs] 
Total time for which application threads were stopped: 0.0163990 seconds
2012-01-20T09:22:51.456+0000: 1165.834: [GC 1165.834: [ParNew: 27328K->5440K(27328K), 0.0163520 secs] 2218281K->2197259K(4188864K) icms_dc=0 , 0.0164790 secs] [Times: user=0.19 sys=0.00, real=0.01 secs] 
Total time for which application threads were stopped: 0.0168320 seconds
2012-01-20T09:22:52.757+0000: 1167.136: [GC 1167.136: [ParNew: 27328K->5440K(27328K), 0.0163290 secs] 2219147K->2198481K(4188864K) icms_dc=0 , 0.0164470 secs] [Times: user=0.18 sys=0.01, real=0.01 secs] 
Total time for which application threads were stopped: 0.0168170 seconds
Total time for which application threads were stopped: 0.0001200 seconds
2012-01-20T09:22:54.329+0000: 1168.707: [GC 1168.707: [ParNew: 27328K->5440K(27328K), 0.0156320 secs] 2220369K->2199533K(4188864K) icms_dc=0 , 0.0157640 secs] [Times: user=0.18 sys=0.00, real=0.02 secs] 
Total time for which application threads were stopped: 0.0161590 seconds
2012-01-20T09:22:55.883+0000: 1170.262: [GC 1170.262: [ParNew: 27328K->5440K(27328K), 0.0152490 secs] 2221421K->2200194K(4188864K) icms_dc=0 , 0.0153700 secs] [Times: user=0.17 sys=0.01, real=0.02 secs] 
Total time for which application threads were stopped: 0.0157350 seconds
2012-01-20T09:22:57.417+0000: 1171.795: [GC 1171.796: [ParNew: 27328K->5440K(27328K), 0.0153170 secs] 2222082K->2201040K(4188864K) icms_dc=0 , 0.0154380 secs] [Times: user=0.18 sys=0.00, real=0.01 secs] 
Total time for which application threads were stopped: 0.0158030 seconds
2012-01-20T09:22:58.801+0000: 1173.180: [GC 1173.180: [ParNew: 27328K->5440K(27328K), 0.0163850 secs] 2222928K->2202307K(4188864K) icms_dc=0 , 0.0165240 secs] [Times: user=0.18 sys=0.01, real=0.02 secs] 
Total time for which application threads were stopped: 0.0169560 seconds
2012-01-20T09:23:00.333+0000: 1174.711: [GC 1174.711: [ParNew: 27328K->5440K(27328K), 0.0173950 secs] 2224195K->2203322K(4188864K) icms_dc=0 , 0.0175220 secs] [Times: user=0.20 sys=0.00, real=0.02 secs] 
Total time for which application threads were stopped: 0.0178980 seconds
2012-01-20T09:23:01.942+0000: 1176.320: [GC 1176.320: [ParNew: 27328K->5440K(27328K), 0.0184040 secs] 2225210K->2204254K(4188864K) icms_dc=0 , 0.0185290 secs] [Times: user=0.22 sys=0.00, real=0.02 secs] 
Total time for which application threads were stopped: 0.0189190 seconds
Total time for which application threads were stopped: 0.0002480 seconds
2012-01-20T09:23:03.479+0000: 1177.857: [GC 1177.857: [ParNew: 27328K->5440K(27328K), 0.0150480 secs] 2226142K->2205430K(4188864K) icms_dc=0 , 0.0151870 secs] [Times: user=0.17 sys=0.00, real=0.01 secs] 
Total time for which application threads were stopped: 0.0155310 seconds
2012-01-20T09:23:04.841+0000: 1179.219: [GC 1179.219: [ParNew: 27328K->5440K(27328K), 0.0143630 secs] 2227318K->2205671K(4188864K) icms_dc=0 , 0.0144860 secs] [Times: user=0.17 sys=0.00, real=0.01 secs] 
Total time for which application threads were stopped: 0.0148810 seconds
2012-01-20T09:23:06.284+0000: 1180.662: [GC 1180.663: [ParNew: 27328K->5440K(27328K), 0.0156950 secs] 2227559K->2206585K(4188864K) icms_dc=0 , 0.0158250 secs] [Times: user=0.18 sys=0.00, real=0.02 secs] 
Total time for which application threads were stopped: 0.0161740 seconds
2012-01-20T09:23:07.784+0000: 1182.163: [GC 1182.163: [ParNew: 27328K->4913K(27328K), 0.0139430 secs] 2228473K->2206059K(4188864K) icms_dc=0 , 0.0140690 secs] [Times: user=0.17 sys=0.00, real=0.02 secs] 
Total time for which application threads were stopped: 0.0144810 seconds
2012-01-20T09:23:09.379+0000: 1183.757: [GC 1183.757: [ParNew: 26801K->5440K(27328K), 0.0154280 secs] 2227947K->2207224K(4188864K) icms_dc=0 , 0.0155460 secs] [Times: user=0.17 sys=0.00, real=0.01 secs] 
Total time for which application threads were stopped: 0.0159200 seconds
2012-01-20T09:23:10.836+0000: 1185.214: [GC 1185.214: [ParNew: 27328K->5198K(27328K), 0.0150040 secs] 2229112K->2207050K(4188864K) icms_dc=0 , 0.0151260 secs] [Times: user=0.18 sys=0.01, real=0.02 secs] 
Total time for which application threads were stopped: 0.0154820 seconds
2012-01-20T09:23:12.171+0000: 1186.549: [GC 1186.549: [ParNew: 27086K->5440K(27328K), 0.0139460 secs] 2228938K->2207566K(4188864K) icms_dc=0 , 0.0140680 secs] [Times: user=0.17 sys=0.00, real=0.01 secs] 
Total time for which application threads were stopped: 0.0144090 seconds
Total time for which application threads were stopped: 0.0002500 seconds
2012-01-20T09:23:13.659+0000: 1188.037: [GC 1188.037: [ParNew: 27328K->5336K(27328K), 0.0140340 secs] 2229454K->2207583K(4188864K) icms_dc=0 , 0.0141580 secs] [Times: user=0.17 sys=0.00, real=0.01 secs] 
Total time for which application threads were stopped: 0.0145380 seconds
2012-01-20T09:23:15.080+0000: 1189.458: [GC 1189.458: [ParNew: 27224K->5440K(27328K), 0.0149980 secs] 2229471K->2208143K(4188864K) icms_dc=0 , 0.0151230 secs] [Times: user=0.17 sys=0.00, real=0.01 secs] 
Total time for which application threads were stopped: 0.0155070 seconds
2012-01-20T09:23:16.575+0000: 1190.953: [GC 1190.953: [ParNew: 27328K->5440K(27328K), 0.0147190 secs] 2230031K->2208775K(4188864K) icms_dc=0 , 0.0148450 secs] [Times: user=0.16 sys=0.00, real=0.02 secs] 
Total time for which application threads were stopped: 0.0152080 seconds
Total time for which application threads were stopped: 0.0003540 seconds
2012-01-20T09:23:18.051+0000: 1192.429: [GC 1192.429: [ParNew: 27328K->5440K(27328K), 0.0181900 secs] 2230663K->2210277K(4188864K) icms_dc=0 , 0.0183200 secs] [Times: user=0.20 sys=0.01, real=0.02 secs] 
Total time for which application threads were stopped: 0.0187530 seconds
2012-01-20T09:23:19.427+0000: 1193.805: [GC 1193.805: [ParNew: 27328K->5440K(27328K), 0.0156140 secs] 2232165K->2211544K(4188864K) icms_dc=0 , 0.0157480 secs] [Times: user=0.17 sys=0.01, real=0.02 secs] 
Total time for which application threads were stopped: 0.0161740 seconds
2012-01-20T09:23:20.887+0000: 1195.265: [GC 1195.265: [ParNew: 27328K->5440K(27328K), 0.0155010 secs] 2233432K->2212579K(4188864K) icms_dc=0 , 0.0156250 secs] [Times: user=0.17 sys=0.00, real=0.02 secs] 
Total time for which application threads were stopped: 0.0159650 seconds
2012-01-20T09:23:22.512+0000: 1196.890: [GC 1196.890: [ParNew: 27328K->5440K(27328K), 0.0159980 secs] 2234467K->2213644K(4188864K) icms_dc=0 , 0.0161220 secs] [Times: user=0.18 sys=0.01, real=0.02 secs] 
Total time for which application threads were stopped: 0.0164700 seconds
Total time for which application threads were stopped: 0.0001180 seconds
2012-01-20T09:23:24.165+0000: 1198.543: [GC 1198.544: [ParNew: 27328K->5440K(27328K), 0.0152700 secs] 2235532K->2214774K(4188864K) icms_dc=0 , 0.0153990 secs] [Times: user=0.17 sys=0.01, real=0.02 secs] 
Total time for which application threads were stopped: 0.0157790 seconds
2012-01-20T09:23:25.721+0000: 1200.099: [GC 1200.099: [ParNew: 27328K->5440K(27328K), 0.0148120 secs] 2236662K->2215081K(4188864K) icms_dc=0 , 0.0149310 secs] [Times: user=0.17 sys=0.00, real=0.01 secs] 
Total time for which application threads were stopped: 0.0153500 seconds
2012-01-20T09:23:27.308+0000: 1201.686: [GC 1201.686: [ParNew: 27328K->5440K(27328K), 0.0180370 secs] 2236969K->2216647K(4188864K) icms_dc=0 , 0.0181570 secs] [Times: user=0.19 sys=0.01, real=0.02 secs] 
Total time for which application threads were stopped: 0.0184880 seconds
2012-01-20T09:23:28.859+0000: 1203.238: [GC 1203.238: [ParNew: 27328K->5440K(27328K), 0.0144100 secs] 2238535K->2216839K(4188864K) icms_dc=0 , 0.0145260 secs] [Times: user=0.17 sys=0.00, real=0.01 secs] 
Total time for which application threads were stopped: 0.0149010 seconds
2012-01-20T09:23:30.626+0000: 1205.004: [GC 1205.004: [ParNew: 27328K->5440K(27328K), 0.0156810 secs] 2238727K->2218054K(4188864K) icms_dc=0 , 0.0158000 secs] [Times: user=0.18 sys=0.00, real=0.02 secs] 
Total time for which application threads were stopped: 0.0162050 seconds
2012-01-20T09:23:32.152+0000: 1206.530: [GC 1206.530: [ParNew: 27328K->5440K(27328K), 0.0137040 secs] 2239942K->2218401K(4188864K) icms_dc=0 , 0.0138210 secs] [Times: user=0.16 sys=0.00, real=0.01 secs] 
Total time for which application threads were stopped: 0.0141840 seconds
Total time for which application threads were stopped: 0.0002460 seconds
2012-01-20T09:23:33.846+0000: 1208.224: [GC 1208.224: [ParNew: 27328K->5440K(27328K), 0.0166330 secs] 2240289K->2219551K(4188864K) icms_dc=0 , 0.0167570 secs] [Times: user=0.18 sys=0.00, real=0.02 secs] 
Total time for which application threads were stopped: 0.0171690 seconds
2012-01-20T09:23:35.341+0000: 1209.719: [GC 1209.719: [ParNew: 27328K->5440K(27328K), 0.0157490 secs] 2241439K->2220391K(4188864K) icms_dc=0 , 0.0158650 secs] [Times: user=0.18 sys=0.00, real=0.01 secs] 
Total time for which application threads were stopped: 0.0162460 seconds
2012-01-20T09:23:36.657+0000: 1211.035: [GC 1211.035: [ParNew: 27328K->5440K(27328K), 0.0169880 secs] 2242279K->2221982K(4188864K) icms_dc=0 , 0.0171100 secs] [Times: user=0.18 sys=0.01, real=0.02 secs] 
Total time for which application threads were stopped: 0.0175220 seconds
2012-01-20T09:23:38.138+0000: 1212.517: [GC 1212.517: [ParNew: 27328K->5440K(27328K), 0.0180340 secs] 2243870K->2223235K(4188864K) icms_dc=0 , 0.0181570 secs] [Times: user=0.20 sys=0.00, real=0.02 secs] 
Total time for which application threads were stopped: 0.0185430 seconds
2012-01-20T09:23:39.578+0000: 1213.957: [GC 1213.957: [ParNew: 27328K->5440K(27328K), 0.0182450 secs] 2245123K->2223596K(4188864K) icms_dc=0 , 0.0183620 secs] [Times: user=0.21 sys=0.00, real=0.02 secs] 
Total time for which application threads were stopped: 0.0187620 seconds
2012-01-20T09:23:41.198+0000: 1215.576: [GC 1215.577: [ParNew: 27328K->5440K(27328K), 0.0157320 secs] 2245484K->2225009K(4188864K) icms_dc=0 , 0.0158530 secs] [Times: user=0.18 sys=0.01, real=0.02 secs] 
Total time for which application threads were stopped: 0.0161940 seconds
2012-01-20T09:23:42.752+0000: 1217.130: [GC 1217.130: [ParNew: 27328K->5440K(27328K), 0.0132730 secs] 2246897K->2225062K(4188864K) icms_dc=0 , 0.0133890 secs] [Times: user=0.16 sys=0.00, real=0.01 secs] 
Total time for which application threads were stopped: 0.0137180 seconds
Total time for which application threads were stopped: 0.0001690 seconds
2012-01-20T09:23:44.099+0000: 1218.477: [GC 1218.478: [ParNew: 27328K->5440K(27328K), 0.0158460 secs] 2246950K->2226273K(4188864K) icms_dc=0 , 0.0159710 secs] [Times: user=0.17 sys=0.00, real=0.02 secs] 
Total time for which application threads were stopped: 0.0163560 seconds
2012-01-20T09:23:45.760+0000: 1220.138: [GC 1220.138: [ParNew: 27328K->5440K(27328K), 0.0131320 secs] 2248161K->2226273K(4188864K) icms_dc=0 , 0.0132490 secs] [Times: user=0.15 sys=0.00, real=0.02 secs] 
Total time for which application threads were stopped: 0.0136080 seconds
2012-01-20T09:23:47.215+0000: 1221.593: [GC 1221.593: [ParNew: 27328K->5440K(27328K), 0.0146890 secs] 2248161K->2227102K(4188864K) icms_dc=0 , 0.0148130 secs] [Times: user=0.17 sys=0.01, real=0.01 secs] 
Total time for which application threads were stopped: 0.0151480 seconds
2012-01-20T09:23:48.801+0000: 1223.179: [GC 1223.179: [ParNew: 27328K->5440K(27328K), 0.0144030 secs] 2248990K->2227680K(4188864K) icms_dc=0 , 0.0145440 secs] [Times: user=0.17 sys=0.00, real=0.01 secs] 
Total time for which application threads were stopped: 0.0148880 seconds
2012-01-20T09:23:50.296+0000: 1224.674: [GC 1224.674: [ParNew: 27328K->5440K(27328K), 0.0141050 secs] 2249568K->2228048K(4188864K) icms_dc=0 , 0.0142210 secs] [Times: user=0.16 sys=0.00, real=0.01 secs] 
Total time for which application threads were stopped: 0.0145980 seconds
2012-01-20T09:23:51.663+0000: 1226.041: [GC 1226.041: [ParNew: 27328K->5440K(27328K), 0.0153910 secs] 2249936K->2228875K(4188864K) icms_dc=0 , 0.0155070 secs] [Times: user=0.18 sys=0.00, real=0.01 secs] 
Total time for which application threads were stopped: 0.0159030 seconds
2012-01-20T09:23:52.879+0000: 1227.257: [GC 1227.257: [ParNew: 27328K->5440K(27328K), 0.0161420 secs] 2250763K->2229895K(4188864K) icms_dc=0 , 0.0162590 secs] [Times: user=0.19 sys=0.00, real=0.02 secs] 
Total time for which application threads were stopped: 0.0166250 seconds
Total time for which application threads were stopped: 0.0001300 seconds
2012-01-20T09:23:54.347+0000: 1228.725: [GC 1228.726: [ParNew: 27328K->5440K(27328K), 0.0149950 secs] 2251783K->2230637K(4188864K) icms_dc=0 , 0.0151100 secs] [Times: user=0.17 sys=0.01, real=0.02 secs] 
Total time for which application threads were stopped: 0.0154330 seconds
2012-01-20T09:23:55.854+0000: 1230.232: [GC 1230.232: [ParNew: 27328K->5440K(27328K), 0.0149620 secs] 2252525K->2231559K(4188864K) icms_dc=0 , 0.0150790 secs] [Times: user=0.16 sys=0.00, real=0.01 secs] 
Total time for which application threads were stopped: 0.0154600 seconds
2012-01-20T09:23:57.329+0000: 1231.707: [GC 1231.707: [ParNew: 27328K->5440K(27328K), 0.0134570 secs] 2253447K->2231608K(4188864K) icms_dc=0 , 0.0136270 secs] [Times: user=0.16 sys=0.00, real=0.02 secs] 
Total time for which application threads were stopped: 0.0140280 seconds
2012-01-20T09:23:58.720+0000: 1233.099: [GC 1233.099: [ParNew: 27328K->5440K(27328K), 0.0161410 secs] 2253496K->2232534K(4188864K) icms_dc=0 , 0.0162690 secs] [Times: user=0.17 sys=0.00, real=0.02 secs] 
Total time for which application threads were stopped: 0.0166180 seconds
2012-01-20T09:24:00.314+0000: 1234.692: [GC 1234.692: [ParNew: 27328K->5440K(27328K), 0.0139680 secs] 2254422K->2232855K(4188864K) icms_dc=0 , 0.0140940 secs] [Times: user=0.16 sys=0.01, real=0.01 secs] 
Total time for which application threads were stopped: 0.0144460 seconds
2012-01-20T09:24:01.765+0000: 1236.143: [GC 1236.143: [ParNew: 27328K->5440K(27328K), 0.0179130 secs] 2254743K->2233720K(4188864K) icms_dc=0 , 0.0180360 secs] [Times: user=0.20 sys=0.00, real=0.02 secs] 
Total time for which application threads were stopped: 0.0183590 seconds
Total time for which application threads were stopped: 0.0007040 seconds
2012-01-20T09:24:03.221+0000: 1237.599: [GC 1237.599: [ParNew: 27328K->5440K(27328K), 0.0158180 secs] 2255608K->2234732K(4188864K) icms_dc=0 , 0.0159420 secs] [Times: user=0.18 sys=0.01, real=0.02 secs] 
Total time for which application threads were stopped: 0.0161380 seconds
2012-01-20T09:24:04.869+0000: 1239.248: [GC 1239.248: [ParNew: 27328K->5440K(27328K), 0.0161990 secs] 2256620K->2235728K(4188864K) icms_dc=0 , 0.0163210 secs] [Times: user=0.18 sys=0.00, real=0.02 secs] 
Total time for which application threads were stopped: 0.0167100 seconds
2012-01-20T09:24:06.387+0000: 1240.765: [GC 1240.765: [ParNew: 27328K->5440K(27328K), 0.0173090 secs] 2257616K->2237668K(4188864K) icms_dc=0 , 0.0174330 secs] [Times: user=0.19 sys=0.00, real=0.02 secs] 
Total time for which application threads were stopped: 0.0177830 seconds
2012-01-20T09:24:07.848+0000: 1242.226: [GC 1242.226: [ParNew: 27328K->5440K(27328K), 0.0153110 secs] 2259556K->2238750K(4188864K) icms_dc=0 , 0.0154330 secs] [Times: user=0.17 sys=0.01, real=0.02 secs] 
Total time for which application threads were stopped: 0.0157820 seconds
2012-01-20T09:24:09.428+0000: 1243.806: [GC 1243.806: [ParNew: 27328K->5440K(27328K), 0.0151250 secs] 2260638K->2239718K(4188864K) icms_dc=0 , 0.0152470 secs] [Times: user=0.17 sys=0.00, real=0.01 secs] 
Total time for which application threads were stopped: 0.0156500 seconds
2012-01-20T09:24:10.759+0000: 1245.137: [GC 1245.137: [ParNew: 27328K->5440K(27328K), 0.0144650 secs] 2261606K->2240490K(4188864K) icms_dc=0 , 0.0145880 secs] [Times: user=0.17 sys=0.00, real=0.02 secs] 
Total time for which application threads were stopped: 0.0149330 seconds
2012-01-20T09:24:12.101+0000: 1246.479: [GC 1246.479: [ParNew: 27328K->5440K(27328K), 0.0147110 secs] 2262378K->2241426K(4188864K) icms_dc=0 , 0.0148340 secs] [Times: user=0.17 sys=0.00, real=0.02 secs] 
Total time for which application threads were stopped: 0.0151960 seconds
Total time for which application threads were stopped: 0.0002620 seconds
2012-01-20T09:24:13.482+0000: 1247.860: [GC 1247.860: [ParNew: 27328K->5440K(27328K), 0.0143110 secs] 2263314K->2241869K(4188864K) icms_dc=0 , 0.0144350 secs] [Times: user=0.16 sys=0.00, real=0.02 secs] 
Total time for which application threads were stopped: 0.0147610 seconds
2012-01-20T09:24:15.076+0000: 1249.454: [GC 1249.454: [ParNew: 27328K->5440K(27328K), 0.0157880 secs] 2263757K->2242695K(4188864K) icms_dc=0 , 0.0159080 secs] [Times: user=0.18 sys=0.00, real=0.01 secs] 
Total time for which application threads were stopped: 0.0162820 seconds
2012-01-20T09:24:16.808+0000: 1251.186: [GC 1251.186: [ParNew: 27328K->5440K(27328K), 0.0176090 secs] 2264583K->2243668K(4188864K) icms_dc=0 , 0.0177280 secs] [Times: user=0.20 sys=0.01, real=0.02 secs] 
Total time for which application threads were stopped: 0.0181310 seconds
2012-01-20T09:24:18.427+0000: 1252.805: [GC 1252.805: [ParNew: 27328K->5440K(27328K), 0.0161590 secs] 2265556K->2245154K(4188864K) icms_dc=0 , 0.0162810 secs] [Times: user=0.18 sys=0.01, real=0.01 secs] 
Total time for which application threads were stopped: 0.0167350 seconds
2012-01-20T09:24:19.910+0000: 1254.288: [GC 1254.288: [ParNew: 27328K->5440K(27328K), 0.0146010 secs] 2267042K->2245282K(4188864K) icms_dc=0 , 0.0147220 secs] [Times: user=0.17 sys=0.01, real=0.02 secs] 
Total time for which application threads were stopped: 0.0151190 seconds
2012-01-20T09:24:21.371+0000: 1255.749: [GC 1255.749: [ParNew: 27328K->5440K(27328K), 0.0157770 secs] 2267170K->2246416K(4188864K) icms_dc=0 , 0.0158990 secs] [Times: user=0.18 sys=0.01, real=0.02 secs] 
Total time for which application threads were stopped: 0.0162370 seconds
2012-01-20T09:24:22.766+0000: 1257.144: [GC 1257.144: [ParNew: 27328K->5440K(27328K), 0.0133240 secs] 2268304K->2246420K(4188864K) icms_dc=0 , 0.0134440 secs] [Times: user=0.16 sys=0.00, real=0.01 secs] 
Total time for which application threads were stopped: 0.0137820 seconds
Total time for which application threads were stopped: 0.0001840 seconds
2012-01-20T09:24:24.239+0000: 1258.617: [GC 1258.617: [ParNew: 27328K->5440K(27328K), 0.0154520 secs] 2268308K->2247139K(4188864K) icms_dc=0 , 0.0155800 secs] [Times: user=0.17 sys=0.01, real=0.01 secs] 
Total time for which application threads were stopped: 0.0159730 seconds
2012-01-20T09:24:25.555+0000: 1259.933: [GC 1259.933: [ParNew: 27328K->5440K(27328K), 0.0143810 secs] 2269027K->2247559K(4188864K) icms_dc=0 , 0.0145000 secs] [Times: user=0.16 sys=0.01, real=0.01 secs] 
Total time for which application threads were stopped: 0.0148520 seconds
2012-01-20T09:24:26.894+0000: 1261.272: [GC 1261.272: [ParNew: 27328K->5440K(27328K), 0.0149620 secs] 2269447K->2248167K(4188864K) icms_dc=0 , 0.0150830 secs] [Times: user=0.16 sys=0.00, real=0.02 secs] 
Total time for which application threads were stopped: 0.0154280 seconds
2012-01-20T09:24:28.182+0000: 1262.560: [GC 1262.560: [ParNew: 27328K->5440K(27328K), 0.0151490 secs] 2270055K->2248961K(4188864K) icms_dc=0 , 0.0152720 secs] [Times: user=0.17 sys=0.00, real=0.02 secs] 
Total time for which application threads were stopped: 0.0156120 seconds
2012-01-20T09:24:29.826+0000: 1264.204: [GC 1264.205: [ParNew: 27328K->5440K(27328K), 0.0143480 secs] 2270849K->2249654K(4188864K) icms_dc=0 , 0.0144740 secs] [Times: user=0.17 sys=0.00, real=0.01 secs] 
Total time for which application threads were stopped: 0.0148870 seconds
2012-01-20T09:24:31.204+0000: 1265.582: [GC 1265.582: [ParNew: 27328K->5440K(27328K), 0.0157680 secs] 2271542K->2250718K(4188864K) icms_dc=0 , 0.0158870 secs] [Times: user=0.18 sys=0.01, real=0.02 secs] 
Total time for which application threads were stopped: 0.0162340 seconds
2012-01-20T09:24:32.612+0000: 1266.990: [GC 1266.990: [ParNew: 27328K->5440K(27328K), 0.0156070 secs] 2272606K->2251585K(4188864K) icms_dc=0 , 0.0157390 secs] [Times: user=0.18 sys=0.00, real=0.02 secs] 
Total time for which application threads were stopped: 0.0161660 seconds
Total time for which application threads were stopped: 0.0003850 seconds
2012-01-20T09:24:34.048+0000: 1268.427: [GC 1268.427: [ParNew: 27328K->5440K(27328K), 0.0148900 secs] 2273473K->2252087K(4188864K) icms_dc=0 , 0.0150080 secs] [Times: user=0.17 sys=0.00, real=0.01 secs] 
Total time for which application threads were stopped: 0.0153450 seconds
2012-01-20T09:24:35.696+0000: 1270.074: [GC 1270.074: [ParNew: 27328K->5440K(27328K), 0.0181540 secs] 2273975K->2253315K(4188864K) icms_dc=0 , 0.0182750 secs] [Times: user=0.20 sys=0.00, real=0.02 secs] 
Total time for which application threads were stopped: 0.0186140 seconds
2012-01-20T09:24:37.040+0000: 1271.418: [GC 1271.418: [ParNew: 27328K->5440K(27328K), 0.0143910 secs] 2275203K->2254151K(4188864K) icms_dc=0 , 0.0145080 secs] [Times: user=0.16 sys=0.00, real=0.01 secs] 
Total time for which application threads were stopped: 0.0148890 seconds
2012-01-20T09:24:38.515+0000: 1272.893: [GC 1272.893: [ParNew: 27328K->5440K(27328K), 0.0148540 secs] 2276039K->2255140K(4188864K) icms_dc=0 , 0.0149720 secs] [Times: user=0.17 sys=0.00, real=0.02 secs] 
Total time for which application threads were stopped: 0.0153690 seconds
2012-01-20T09:24:40.201+0000: 1274.579: [GC 1274.580: [ParNew: 27328K->5440K(27328K), 0.0148600 secs] 2277028K->2255365K(4188864K) icms_dc=0 , 0.0149770 secs] [Times: user=0.17 sys=0.00, real=0.02 secs] 
Total time for which application threads were stopped: 0.0154450 seconds
2012-01-20T09:24:41.587+0000: 1275.965: [GC 1275.965: [ParNew: 27328K->5440K(27328K), 0.0181060 secs] 2277253K->2256494K(4188864K) icms_dc=0 , 0.0182240 secs] [Times: user=0.21 sys=0.02, real=0.01 secs] 
Total time for which application threads were stopped: 0.0185560 seconds
2012-01-20T09:24:42.790+0000: 1277.169: [GC 1277.169: [ParNew: 27328K->5440K(27328K), 0.0165570 secs] 2278382K->2257535K(4188864K) icms_dc=0 , 0.0166740 secs] [Times: user=0.19 sys=0.01, real=0.02 secs] 
Total time for which application threads were stopped: 0.0170150 seconds
Total time for which application threads were stopped: 0.0001380 seconds
2012-01-20T09:24:44.201+0000: 1278.579: [GC 1278.579: [ParNew: 27328K->5440K(27328K), 0.0149050 secs] 2279423K->2258412K(4188864K) icms_dc=0 , 0.0150240 secs] [Times: user=0.17 sys=0.01, real=0.01 secs] 
Total time for which application threads were stopped: 0.0154110 seconds
2012-01-20T09:24:45.629+0000: 1280.007: [GC 1280.008: [ParNew: 27328K->5440K(27328K), 0.0151950 secs] 2280300K->2259268K(4188864K) icms_dc=0 , 0.0153110 secs] [Times: user=0.18 sys=0.00, real=0.01 secs] 
Total time for which application threads were stopped: 0.0156410 seconds
2012-01-20T09:24:47.068+0000: 1281.446: [GC 1281.446: [ParNew: 27328K->5440K(27328K), 0.0151630 secs] 2281156K->2260194K(4188864K) icms_dc=0 , 0.0152820 secs] [Times: user=0.17 sys=0.01, real=0.01 secs] 
Total time for which application threads were stopped: 0.0156300 seconds
2012-01-20T09:24:48.564+0000: 1282.942: [GC 1282.942: [ParNew: 27328K->5440K(27328K), 0.0165560 secs] 2282082K->2261490K(4188864K) icms_dc=0 , 0.0166750 secs] [Times: user=0.19 sys=0.01, real=0.02 secs] 
Total time for which application threads were stopped: 0.0170010 seconds
2012-01-20T09:24:50.057+0000: 1284.435: [GC 1284.435: [ParNew: 27328K->5440K(27328K), 0.0154820 secs] 2283378K->2262556K(4188864K) icms_dc=0 , 0.0156040 secs] [Times: user=0.17 sys=0.01, real=0.02 secs] 
Total time for which application threads were stopped: 0.0160080 seconds
2012-01-20T09:24:51.461+0000: 1285.839: [GC 1285.839: [ParNew: 27328K->5440K(27328K), 0.0162230 secs] 2284444K->2263566K(4188864K) icms_dc=0 , 0.0163400 secs] [Times: user=0.18 sys=0.01, real=0.01 secs] 
Total time for which application threads were stopped: 0.0167140 seconds
2012-01-20T09:24:52.792+0000: 1287.171: [GC 1287.171: [ParNew: 27328K->5440K(27328K), 0.0151940 secs] 2285454K->2264445K(4188864K) icms_dc=0 , 0.0153120 secs] [Times: user=0.17 sys=0.00, real=0.02 secs] 
Total time for which application threads were stopped: 0.0156830 seconds
Total time for which application threads were stopped: 0.0008350 seconds
Total time for which application threads were stopped: 0.0001090 seconds
2012-01-20T09:24:54.094+0000: 1288.472: [GC 1288.472: [ParNew: 27328K->5440K(27328K), 0.0169770 secs] 2286333K->2266092K(4188864K) icms_dc=0 , 0.0171100 secs] [Times: user=0.19 sys=0.01, real=0.02 secs] 
Total time for which application threads were stopped: 0.0175840 seconds
2012-01-20T09:24:55.634+0000: 1290.012: [GC 1290.012: [ParNew: 27328K->5440K(27328K), 0.0172650 secs] 2287980K->2267061K(4188864K) icms_dc=0 , 0.0173820 secs] [Times: user=0.19 sys=0.00, real=0.02 secs] 
Total time for which application threads were stopped: 0.0177190 seconds
2012-01-20T09:24:57.125+0000: 1291.503: [GC 1291.503: [ParNew: 27328K->5440K(27328K), 0.0151120 secs] 2288949K->2268230K(4188864K) icms_dc=0 , 0.0152310 secs] [Times: user=0.18 sys=0.00, real=0.02 secs] 
Total time for which application threads were stopped: 0.0155600 seconds
2012-01-20T09:24:58.493+0000: 1292.871: [GC 1292.871: [ParNew: 27328K->5440K(27328K), 0.0138660 secs] 2290118K->2268528K(4188864K) icms_dc=0 , 0.0139820 secs] [Times: user=0.17 sys=0.01, real=0.01 secs] 
Total time for which application threads were stopped: 0.0143700 seconds
2012-01-20T09:24:59.910+0000: 1294.288: [GC 1294.289: [ParNew: 27328K->5440K(27328K), 0.0178430 secs] 2290416K->2269795K(4188864K) icms_dc=0 , 0.0179630 secs] [Times: user=0.19 sys=0.00, real=0.02 secs] 
Total time for which application threads were stopped: 0.0183480 seconds
2012-01-20T09:25:01.487+0000: 1295.865: [GC 1295.865: [ParNew: 27328K->5440K(27328K), 0.0162930 secs] 2291683K->2270481K(4188864K) icms_dc=0 , 0.0164140 secs] [Times: user=0.19 sys=0.00, real=0.02 secs] 
Total time for which application threads were stopped: 0.0168190 seconds
2012-01-20T09:25:03.021+0000: 1297.399: [GC 1297.399: [ParNew: 27328K->5440K(27328K), 0.0165620 secs] 2292369K->2271906K(4188864K) icms_dc=0 , 0.0166860 secs] [Times: user=0.18 sys=0.01, real=0.01 secs] 
Total time for which application threads were stopped: 0.0170820 seconds
Total time for which application threads were stopped: 0.0002090 seconds
2012-01-20T09:25:04.590+0000: 1298.969: [GC 1298.969: [ParNew: 27328K->5440K(27328K), 0.0150120 secs] 2293794K->2272103K(4188864K) icms_dc=0 , 0.0151300 secs] [Times: user=0.18 sys=0.01, real=0.01 secs] 
Total time for which application threads were stopped: 0.0155280 seconds
2012-01-20T09:25:06.001+0000: 1300.379: [GC 1300.379: [ParNew: 27328K->5440K(27328K), 0.0166280 secs] 2293991K->2273270K(4188864K) icms_dc=0 , 0.0167470 secs] [Times: user=0.19 sys=0.00, real=0.01 secs] 
Total time for which application threads were stopped: 0.0171420 seconds
2012-01-20T09:25:07.213+0000: 1301.591: [GC 1301.591: [ParNew: 27328K->5440K(27328K), 0.0156090 secs] 2295158K->2274265K(4188864K) icms_dc=0 , 0.0157400 secs] [Times: user=0.18 sys=0.00, real=0.02 secs] 
Total time for which application threads were stopped: 0.0161380 seconds
2012-01-20T09:25:08.506+0000: 1302.884: [GC 1302.884: [ParNew: 27328K->5440K(27328K), 0.0135550 secs] 2296153K->2274400K(4188864K) icms_dc=0 , 0.0136880 secs] [Times: user=0.16 sys=0.00, real=0.02 secs] 
Total time for which application threads were stopped: 0.0140620 seconds
2012-01-20T09:25:10.106+0000: 1304.485: [GC 1304.485: [ParNew: 27328K->5440K(27328K), 0.0166310 secs] 2296288K->2275566K(4188864K) icms_dc=0 , 0.0167610 secs] [Times: user=0.18 sys=0.01, real=0.02 secs] 
Total time for which application threads were stopped: 0.0171740 seconds
2012-01-20T09:25:11.518+0000: 1305.896: [GC 1305.896: [ParNew: 27328K->5440K(27328K), 0.0166770 secs] 2297454K->2276726K(4188864K) icms_dc=0 , 0.0168110 secs] [Times: user=0.19 sys=0.01, real=0.02 secs] 
Total time for which application threads were stopped: 0.0172380 seconds
2012-01-20T09:25:12.877+0000: 1307.255: [GC 1307.255: [ParNew: 27328K->5440K(27328K), 0.0156460 secs] 2298614K->2277683K(4188864K) icms_dc=0 , 0.0157740 secs] [Times: user=0.17 sys=0.01, real=0.02 secs] 
Total time for which application threads were stopped: 0.0161460 seconds
Total time for which application threads were stopped: 0.0002050 seconds
2012-01-20T09:25:14.272+0000: 1308.651: [GC 1308.651: [ParNew: 27328K->5440K(27328K), 0.0169300 secs] 2299571K->2279217K(4188864K) icms_dc=0 , 0.0170770 secs] [Times: user=0.18 sys=0.01, real=0.02 secs] 
Total time for which application threads were stopped: 0.0174340 seconds
2012-01-20T09:25:15.609+0000: 1309.987: [GC 1309.987: [ParNew: 27328K->5440K(27328K), 0.0130190 secs] 2301105K->2279373K(4188864K) icms_dc=0 , 0.0131510 secs] [Times: user=0.15 sys=0.00, real=0.02 secs] 
Total time for which application threads were stopped: 0.0135210 seconds
Total time for which application threads were stopped: 0.0004680 seconds
2012-01-20T09:25:16.980+0000: 1311.359: [GC 1311.359: [ParNew: 27328K->5440K(27328K), 0.0164760 secs] 2301261K->2280578K(4188864K) icms_dc=0 , 0.0166030 secs] [Times: user=0.18 sys=0.00, real=0.02 secs] 
Total time for which application threads were stopped: 0.0168370 seconds
2012-01-20T09:25:18.392+0000: 1312.770: [GC 1312.770: [ParNew: 27328K->5440K(27328K), 0.0129150 secs] 2302466K->2280578K(4188864K) icms_dc=0 , 0.0130410 secs] [Times: user=0.16 sys=0.00, real=0.01 secs] 
Total time for which application threads were stopped: 0.0134280 seconds
2012-01-20T09:25:19.872+0000: 1314.250: [GC 1314.250: [ParNew: 27328K->5440K(27328K), 0.0147210 secs] 2302466K->2281426K(4188864K) icms_dc=0 , 0.0148450 secs] [Times: user=0.17 sys=0.01, real=0.01 secs] 
Total time for which application threads were stopped: 0.0152320 seconds
2012-01-20T09:25:21.189+0000: 1315.567: [GC 1315.567: [ParNew: 27328K->5312K(27328K), 0.0135550 secs] 2303314K->2281429K(4188864K) icms_dc=0 , 0.0136730 secs] [Times: user=0.16 sys=0.00, real=0.02 secs] 
Total time for which application threads were stopped: 0.0140370 seconds
2012-01-20T09:25:22.533+0000: 1316.911: [GC 1316.911: [ParNew: 27200K->5440K(27328K), 0.0140760 secs] 2303317K->2282085K(4188864K) icms_dc=0 , 0.0142070 secs] [Times: user=0.17 sys=0.01, real=0.01 secs] 
Total time for which application threads were stopped: 0.0145990 seconds
Total time for which application threads were stopped: 0.0002490 seconds
2012-01-20T09:25:24.014+0000: 1318.392: [GC 1318.392: [ParNew: 27328K->5440K(27328K), 0.0135750 secs] 2303973K->2282209K(4188864K) icms_dc=0 , 0.0137010 secs] [Times: user=0.17 sys=0.01, real=0.01 secs] 
Total time for which application threads were stopped: 0.0140290 seconds
2012-01-20T09:25:25.497+0000: 1319.875: [GC 1319.875: [ParNew: 27328K->5440K(27328K), 0.0156480 secs] 2304097K->2282834K(4188864K) icms_dc=0 , 0.0157660 secs] [Times: user=0.17 sys=0.01, real=0.02 secs] 
Total time for which application threads were stopped: 0.0161630 seconds
2012-01-20T09:25:27.034+0000: 1321.412: [GC 1321.412: [ParNew: 27328K->5440K(27328K), 0.0136270 secs] 2304722K->2282888K(4188864K) icms_dc=0 , 0.0137520 secs] [Times: user=0.17 sys=0.00, real=0.01 secs] 
Total time for which application threads were stopped: 0.0141170 seconds
2012-01-20T09:25:28.544+0000: 1322.922: [GC 1322.922: [ParNew: 27328K->5440K(27328K), 0.0179420 secs] 2304776K->2284063K(4188864K) icms_dc=0 , 0.0180620 secs] [Times: user=0.19 sys=0.00, real=0.01 secs] 
Total time for which application threads were stopped: 0.0184110 seconds
2012-01-20T09:25:30.069+0000: 1324.447: [GC 1324.447: [ParNew: 27328K->5440K(27328K), 0.0130850 secs] 2305951K->2284063K(4188864K) icms_dc=0 , 0.0132120 secs] [Times: user=0.16 sys=0.00, real=0.02 secs] 
Total time for which application threads were stopped: 0.0136620 seconds
2012-01-20T09:25:31.544+0000: 1325.923: [GC 1325.923: [ParNew: 27328K->5440K(27328K), 0.0141160 secs] 2305951K->2284544K(4188864K) icms_dc=0 , 0.0142400 secs] [Times: user=0.16 sys=0.00, real=0.01 secs] 
Total time for which application threads were stopped: 0.0146060 seconds
2012-01-20T09:25:33.025+0000: 1327.403: [GC 1327.403: [ParNew: 27328K->5440K(27328K), 0.0139690 secs] 2306432K->2284788K(4188864K) icms_dc=0 , 0.0140940 secs] [Times: user=0.16 sys=0.00, real=0.01 secs] 
Total time for which application threads were stopped: 0.0145030 seconds
Total time for which application threads were stopped: 0.0001380 seconds
2012-01-20T09:25:34.462+0000: 1328.840: [GC 1328.840: [ParNew: 27328K->5440K(27328K), 0.0149730 secs] 2306676K->2285057K(4188864K) icms_dc=0 , 0.0151020 secs] [Times: user=0.18 sys=0.00, real=0.01 secs] 
Total time for which application threads were stopped: 0.0154840 seconds
2012-01-20T09:25:35.890+0000: 1330.269: [GC 1330.269: [ParNew: 27328K->5440K(27328K), 0.0143170 secs] 2306945K->2285456K(4188864K) icms_dc=0 , 0.0144440 secs] [Times: user=0.16 sys=0.00, real=0.02 secs] 
Total time for which application threads were stopped: 0.0148030 seconds
2012-01-20T09:25:37.394+0000: 1331.772: [GC 1331.772: [ParNew: 27328K->5440K(27328K), 0.0164950 secs] 2307344K->2286014K(4188864K) icms_dc=0 , 0.0166150 secs] [Times: user=0.19 sys=0.01, real=0.01 secs] 
Total time for which application threads were stopped: 0.0170390 seconds
2012-01-20T09:25:38.835+0000: 1333.213: [GC 1333.213: [ParNew: 27328K->5440K(27328K), 0.0169730 secs] 2307902K->2286856K(4188864K) icms_dc=0 , 0.0170950 secs] [Times: user=0.19 sys=0.01, real=0.01 secs] 
Total time for which application threads were stopped: 0.0174430 seconds
2012-01-20T09:25:40.257+0000: 1334.636: [GC 1334.636: [ParNew: 27328K->5440K(27328K), 0.0146920 secs] 2308744K->2287488K(4188864K) icms_dc=0 , 0.0148250 secs] [Times: user=0.17 sys=0.00, real=0.01 secs] 
Total time for which application threads were stopped: 0.0152720 seconds
2012-01-20T09:25:41.715+0000: 1336.094: [GC 1336.094: [ParNew: 27328K->5440K(27328K), 0.0154500 secs] 2309376K->2288222K(4188864K) icms_dc=0 , 0.0155740 secs] [Times: user=0.18 sys=0.00, real=0.01 secs] 
Total time for which application threads were stopped: 0.0159540 seconds
2012-01-20T09:25:43.097+0000: 1337.475: [GC 1337.476: [ParNew: 27328K->5440K(27328K), 0.0155360 secs] 2310110K->2288857K(4188864K) icms_dc=0 , 0.0156630 secs] [Times: user=0.16 sys=0.01, real=0.01 secs] 
Total time for which application threads were stopped: 0.0160030 seconds
Total time for which application threads were stopped: 0.0001940 seconds
2012-01-20T09:25:44.463+0000: 1338.841: [GC 1338.841: [ParNew: 27328K->5440K(27328K), 0.0130380 secs] 2310745K->2288913K(4188864K) icms_dc=0 , 0.0131640 secs] [Times: user=0.16 sys=0.00, real=0.02 secs] 
Total time for which application threads were stopped: 0.0135160 seconds
2012-01-20T09:25:45.823+0000: 1340.201: [GC 1340.201: [ParNew: 27328K->5440K(27328K), 0.0154290 secs] 2310801K->2289808K(4188864K) icms_dc=0 , 0.0155570 secs] [Times: user=0.17 sys=0.00, real=0.02 secs] 
Total time for which application threads were stopped: 0.0159090 seconds
2012-01-20T09:25:47.215+0000: 1341.593: [GC 1341.593: [ParNew: 27328K->5440K(27328K), 0.0139440 secs] 2311696K->2289939K(4188864K) icms_dc=0 , 0.0140760 secs] [Times: user=0.17 sys=0.00, real=0.01 secs] 
Total time for which application threads were stopped: 0.0144560 seconds
2012-01-20T09:25:48.639+0000: 1343.017: [GC 1343.017: [ParNew: 27328K->5440K(27328K), 0.0158200 secs] 2311827K->2291082K(4188864K) icms_dc=0 , 0.0159450 secs] [Times: user=0.17 sys=0.01, real=0.02 secs] 
Total time for which application threads were stopped: 0.0162970 seconds
2012-01-20T09:25:50.307+0000: 1344.685: [GC 1344.685: [ParNew: 27328K->5440K(27328K), 0.0145910 secs] 2312970K->2291257K(4188864K) icms_dc=0 , 0.0147170 secs] [Times: user=0.18 sys=0.00, real=0.01 secs] 
Total time for which application threads were stopped: 0.0150790 seconds
2012-01-20T09:25:51.730+0000: 1346.109: [GC 1346.109: [ParNew: 27328K->5440K(27328K), 0.0162220 secs] 2313145K->2292223K(4188864K) icms_dc=0 , 0.0163490 secs] [Times: user=0.18 sys=0.01, real=0.02 secs] 
Total time for which application threads were stopped: 0.0167190 seconds
2012-01-20T09:25:53.048+0000: 1347.426: [GC 1347.426: [ParNew: 27328K->5440K(27328K), 0.0163310 secs] 2314111K->2293321K(4188864K) icms_dc=0 , 0.0164600 secs] [Times: user=0.19 sys=0.01, real=0.02 secs] 
Total time for which application threads were stopped: 0.0169040 seconds
Total time for which application threads were stopped: 0.0001540 seconds
2012-01-20T09:25:54.361+0000: 1348.739: [GC 1348.739: [ParNew: 27328K->5440K(27328K), 0.0158990 secs] 2315209K->2294203K(4188864K) icms_dc=0 , 0.0160290 secs] [Times: user=0.18 sys=0.00, real=0.02 secs] 
Total time for which application threads were stopped: 0.0164110 seconds
2012-01-20T09:25:55.924+0000: 1350.302: [GC 1350.302: [ParNew: 27328K->5440K(27328K), 0.0158880 secs] 2316091K->2295497K(4188864K) icms_dc=0 , 0.0160170 secs] [Times: user=0.17 sys=0.00, real=0.02 secs] 
Total time for which application threads were stopped: 0.0164440 seconds
2012-01-20T09:25:57.299+0000: 1351.678: [GC 1351.678: [ParNew: 27328K->5440K(27328K), 0.0140690 secs] 2317385K->2295524K(4188864K) icms_dc=0 , 0.0141950 secs] [Times: user=0.17 sys=0.00, real=0.01 secs] 
Total time for which application threads were stopped: 0.0146310 seconds
2012-01-20T09:25:59.069+0000: 1353.447: [GC 1353.447: [ParNew: 27328K->5440K(27328K), 0.0168050 secs] 2317412K->2296743K(4188864K) icms_dc=0 , 0.0169400 secs] [Times: user=0.18 sys=0.01, real=0.02 secs] 
Total time for which application threads were stopped: 0.0173010 seconds
2012-01-20T09:26:00.668+0000: 1355.046: [GC 1355.046: [ParNew: 27328K->5144K(27328K), 0.0145870 secs] 2318631K->2296448K(4188864K) icms_dc=0 , 0.0147500 secs] [Times: user=0.18 sys=0.00, real=0.01 secs] 
Total time for which application threads were stopped: 0.0150870 seconds
2012-01-20T09:26:02.143+0000: 1356.522: [GC 1356.522: [ParNew: 27032K->5440K(27328K), 0.0154960 secs] 2318336K->2297418K(4188864K) icms_dc=0 , 0.0156120 secs] [Times: user=0.18 sys=0.00, real=0.02 secs] 
Total time for which application threads were stopped: 0.0159650 seconds
Total time for which application threads were stopped: 0.0002910 seconds
2012-01-20T09:26:03.484+0000: 1357.862: [GC 1357.862: [ParNew: 27328K->5440K(27328K), 0.0147200 secs] 2319306K->2297617K(4188864K) icms_dc=0 , 0.0148500 secs] [Times: user=0.18 sys=0.00, real=0.02 secs] 
Total time for which application threads were stopped: 0.0151300 seconds
2012-01-20T09:26:04.895+0000: 1359.273: [GC 1359.273: [ParNew: 27328K->5440K(27328K), 0.0154730 secs] 2319505K->2297986K(4188864K) icms_dc=0 , 0.0155990 secs] [Times: user=0.18 sys=0.00, real=0.02 secs] 
Total time for which application threads were stopped: 0.0159700 seconds
2012-01-20T09:26:06.308+0000: 1360.686: [GC 1360.686: [ParNew: 27328K->5440K(27328K), 0.0134110 secs] 2319874K->2298072K(4188864K) icms_dc=0 , 0.0135340 secs] [Times: user=0.17 sys=0.00, real=0.01 secs] 
Total time for which application threads were stopped: 0.0139000 seconds
2012-01-20T09:26:07.792+0000: 1362.170: [GC 1362.170: [ParNew: 27328K->5440K(27328K), 0.0141310 secs] 2319960K->2298493K(4188864K) icms_dc=0 , 0.0142520 secs] [Times: user=0.17 sys=0.01, real=0.01 secs] 
Total time for which application threads were stopped: 0.0146120 seconds
2012-01-20T09:26:09.276+0000: 1363.654: [GC 1363.654: [ParNew: 27328K->5119K(27328K), 0.0137860 secs] 2320381K->2298294K(4188864K) icms_dc=0 , 0.0139140 secs] [Times: user=0.16 sys=0.00, real=0.02 secs] 
Total time for which application threads were stopped: 0.0143210 seconds
2012-01-20T09:26:10.744+0000: 1365.122: [GC 1365.122: [ParNew: 27007K->5440K(27328K), 0.0137870 secs] 2320182K->2298857K(4188864K) icms_dc=0 , 0.0139130 secs] [Times: user=0.16 sys=0.00, real=0.02 secs] 
Total time for which application threads were stopped: 0.0142830 seconds
2012-01-20T09:26:12.159+0000: 1366.537: [GC 1366.537: [ParNew: 27328K->5440K(27328K), 0.0135550 secs] 2320745K->2299130K(4188864K) icms_dc=0 , 0.0136860 secs] [Times: user=0.16 sys=0.00, real=0.01 secs] 
Total time for which application threads were stopped: 0.0140510 seconds
Total time for which application threads were stopped: 0.0002500 seconds
2012-01-20T09:26:13.494+0000: 1367.872: [GC 1367.872: [ParNew: 27328K->5440K(27328K), 0.0145100 secs] 2321018K->2299643K(4188864K) icms_dc=0 , 0.0146380 secs] [Times: user=0.17 sys=0.01, real=0.02 secs] 
Total time for which application threads were stopped: 0.0148500 seconds
2012-01-20T09:26:14.952+0000: 1369.330: [GC 1369.330: [ParNew: 27328K->5440K(27328K), 0.0135270 secs] 2321531K->2299799K(4188864K) icms_dc=0 , 0.0136490 secs] [Times: user=0.16 sys=0.00, real=0.01 secs] 
Total time for which application threads were stopped: 0.0140630 seconds
2012-01-20T09:26:16.339+0000: 1370.717: [GC 1370.718: [ParNew: 27328K->5440K(27328K), 0.0162640 secs] 2321687K->2300637K(4188864K) icms_dc=0 , 0.0163940 secs] [Times: user=0.17 sys=0.01, real=0.01 secs] 
Total time for which application threads were stopped: 0.0168470 seconds
2012-01-20T09:26:17.664+0000: 1372.042: [GC 1372.042: [ParNew: 27328K->5440K(27328K), 0.0166330 secs] 2322525K->2301447K(4188864K) icms_dc=0 , 0.0167600 secs] [Times: user=0.19 sys=0.01, real=0.02 secs] 
Total time for which application threads were stopped: 0.0171030 seconds
2012-01-20T09:26:19.003+0000: 1373.381: [GC 1373.381: [ParNew: 27328K->5440K(27328K), 0.0144210 secs] 2323335K->2301866K(4188864K) icms_dc=0 , 0.0145590 secs] [Times: user=0.17 sys=0.00, real=0.02 secs] 
Total time for which application threads were stopped: 0.0149570 seconds
2012-01-20T09:26:20.542+0000: 1374.920: [GC 1374.920: [ParNew: 27328K->5440K(27328K), 0.0159440 secs] 2323754K->2303022K(4188864K) icms_dc=0 , 0.0160790 secs] [Times: user=0.17 sys=0.00, real=0.02 secs] 
Total time for which application threads were stopped: 0.0165190 seconds
2012-01-20T09:26:22.203+0000: 1376.581: [GC 1376.581: [ParNew: 27328K->5440K(27328K), 0.0154180 secs] 2324910K->2304104K(4188864K) icms_dc=0 , 0.0155460 secs] [Times: user=0.17 sys=0.00, real=0.02 secs] 
Total time for which application threads were stopped: 0.0159250 seconds
Total time for which application threads were stopped: 0.0003160 seconds
2012-01-20T09:26:23.681+0000: 1378.059: [GC 1378.059: [ParNew: 27328K->5440K(27328K), 0.0153010 secs] 2325992K->2305228K(4188864K) icms_dc=0 , 0.0154350 secs] [Times: user=0.17 sys=0.01, real=0.01 secs] 
Total time for which application threads were stopped: 0.0157050 seconds
2012-01-20T09:26:24.987+0000: 1379.365: [GC 1379.365: [ParNew: 27328K->5440K(27328K), 0.0152120 secs] 2327116K->2305869K(4188864K) icms_dc=0 , 0.0153420 secs] [Times: user=0.17 sys=0.00, real=0.02 secs] 
Total time for which application threads were stopped: 0.0157150 seconds
2012-01-20T09:26:26.414+0000: 1380.792: [GC 1380.792: [ParNew: 27328K->5440K(27328K), 0.0150430 secs] 2327757K->2306726K(4188864K) icms_dc=0 , 0.0151720 secs] [Times: user=0.17 sys=0.00, real=0.02 secs] 
Total time for which application threads were stopped: 0.0155340 seconds
2012-01-20T09:26:27.680+0000: 1382.058: [GC 1382.058: [ParNew: 27328K->5440K(27328K), 0.0153600 secs] 2328614K->2307780K(4188864K) icms_dc=0 , 0.0154890 secs] [Times: user=0.17 sys=0.01, real=0.01 secs] 
Total time for which application threads were stopped: 0.0158330 seconds
2012-01-20T09:26:29.085+0000: 1383.463: [GC 1383.463: [ParNew: 27328K->5440K(27328K), 0.0154640 secs] 2329668K->2308785K(4188864K) icms_dc=0 , 0.0155930 secs] [Times: user=0.17 sys=0.01, real=0.02 secs] 
Total time for which application threads were stopped: 0.0159780 seconds
2012-01-20T09:26:30.619+0000: 1384.997: [GC 1384.997: [ParNew: 27328K->5440K(27328K), 0.0146290 secs] 2330673K->2308878K(4188864K) icms_dc=0 , 0.0147550 secs] [Times: user=0.18 sys=0.01, real=0.01 secs] 
Total time for which application threads were stopped: 0.0151720 seconds
2012-01-20T09:26:31.986+0000: 1386.364: [GC 1386.364: [ParNew: 27328K->5440K(27328K), 0.0168630 secs] 2330766K->2310314K(4188864K) icms_dc=0 , 0.0169910 secs] [Times: user=0.19 sys=0.00, real=0.02 secs] 
Total time for which application threads were stopped: 0.0173990 seconds
2012-01-20T09:26:33.336+0000: 1387.715: [GC 1387.715: [ParNew: 27328K->5440K(27328K), 0.0135540 secs] 2332202K->2310403K(4188864K) icms_dc=0 , 0.0136720 secs] [Times: user=0.16 sys=0.00, real=0.02 secs] 
Total time for which application threads were stopped: 0.0140210 seconds
Total time for which application threads were stopped: 0.0002420 seconds
2012-01-20T09:26:34.698+0000: 1389.076: [GC 1389.076: [ParNew: 27328K->5440K(27328K), 0.0159820 secs] 2332291K->2311511K(4188864K) icms_dc=0 , 0.0160950 secs] [Times: user=0.16 sys=0.00, real=0.02 secs] 
Total time for which application threads were stopped: 0.0164360 seconds
2012-01-20T09:26:36.104+0000: 1390.482: [GC 1390.483: [ParNew: 27328K->5440K(27328K), 0.0145890 secs] 2333399K->2312109K(4188864K) icms_dc=0 , 0.0147180 secs] [Times: user=0.17 sys=0.00, real=0.01 secs] 
Total time for which application threads were stopped: 0.0150920 seconds
2012-01-20T09:26:37.510+0000: 1391.888: [GC 1391.888: [ParNew: 27328K->5440K(27328K), 0.0162990 secs] 2333997K->2313218K(4188864K) icms_dc=0 , 0.0164280 secs] [Times: user=0.19 sys=0.00, real=0.01 secs] 
Total time for which application threads were stopped: 0.0168260 seconds
2012-01-20T09:26:38.924+0000: 1393.302: [GC 1393.302: [ParNew: 27328K->5440K(27328K), 0.0159490 secs] 2335106K->2314095K(4188864K) icms_dc=0 , 0.0160800 secs] [Times: user=0.18 sys=0.01, real=0.02 secs] 
Total time for which application threads were stopped: 0.0164170 seconds
2012-01-20T09:26:40.530+0000: 1394.908: [GC 1394.908: [ParNew: 27328K->5440K(27328K), 0.0160350 secs] 2335983K->2315281K(4188864K) icms_dc=0 , 0.0161630 secs] [Times: user=0.17 sys=0.00, real=0.02 secs] 
Total time for which application threads were stopped: 0.0165440 seconds
2012-01-20T09:26:42.149+0000: 1396.527: [GC 1396.527: [ParNew: 27328K->5440K(27328K), 0.0156800 secs] 2337169K->2316156K(4188864K) icms_dc=0 , 0.0158090 secs] [Times: user=0.17 sys=0.01, real=0.02 secs] 
Total time for which application threads were stopped: 0.0162410 seconds
Total time for which application threads were stopped: 0.0002790 seconds
2012-01-20T09:26:43.632+0000: 1398.010: [GC 1398.010: [ParNew: 27328K->5440K(27328K), 0.0167270 secs] 2338044K->2317069K(4188864K) icms_dc=0 , 0.0168600 secs] [Times: user=0.19 sys=0.01, real=0.01 secs] 
Total time for which application threads were stopped: 0.0170970 seconds
2012-01-20T09:26:45.114+0000: 1399.492: [GC 1399.492: [ParNew: 27328K->5440K(27328K), 0.0147080 secs] 2338957K->2317862K(4188864K) icms_dc=0 , 0.0148310 secs] [Times: user=0.16 sys=0.01, real=0.01 secs] 
Total time for which application threads were stopped: 0.0151780 seconds
2012-01-20T09:26:46.668+0000: 1401.046: [GC 1401.046: [ParNew: 27328K->5440K(27328K), 0.0151880 secs] 2339750K->2318819K(4188864K) icms_dc=0 , 0.0153170 secs] [Times: user=0.17 sys=0.01, real=0.02 secs] 
Total time for which application threads were stopped: 0.0156890 seconds
2012-01-20T09:26:48.340+0000: 1402.718: [GC 1402.718: [ParNew: 27328K->5440K(27328K), 0.0153480 secs] 2340707K->2319777K(4188864K) icms_dc=0 , 0.0154750 secs] [Times: user=0.18 sys=0.01, real=0.02 secs] 
Total time for which application threads were stopped: 0.0158360 seconds
2012-01-20T09:26:50.022+0000: 1404.400: [GC 1404.400: [ParNew: 27328K->5440K(27328K), 0.0158460 secs] 2341665K->2320700K(4188864K) icms_dc=0 , 0.0159750 secs] [Times: user=0.18 sys=0.00, real=0.01 secs] 
Total time for which application threads were stopped: 0.0163500 seconds
2012-01-20T09:26:51.540+0000: 1405.918: [GC 1405.918: [ParNew: 27328K->5440K(27328K), 0.0146830 secs] 2342588K->2321404K(4188864K) icms_dc=0 , 0.0148110 secs] [Times: user=0.17 sys=0.00, real=0.02 secs] 
Total time for which application threads were stopped: 0.0152410 seconds
2012-01-20T09:26:52.972+0000: 1407.350: [GC 1407.350: [ParNew: 27328K->5440K(27328K), 0.0165220 secs] 2343292K->2322821K(4188864K) icms_dc=0 , 0.0166500 secs] [Times: user=0.18 sys=0.00, real=0.01 secs] 
Total time for which application threads were stopped: 0.0169990 seconds
Total time for which application threads were stopped: 0.0001530 seconds
2012-01-20T09:26:54.411+0000: 1408.789: [GC 1408.789: [ParNew: 27328K->5440K(27328K), 0.0158400 secs] 2344709K->2323756K(4188864K) icms_dc=0 , 0.0159690 secs] [Times: user=0.19 sys=0.00, real=0.02 secs] 
Total time for which application threads were stopped: 0.0163220 seconds
2012-01-20T09:26:55.809+0000: 1410.188: [GC 1410.188: [ParNew: 27328K->5440K(27328K), 0.0154560 secs] 2345644K->2324874K(4188864K) icms_dc=0 , 0.0155840 secs] [Times: user=0.17 sys=0.01, real=0.02 secs] 
Total time for which application threads were stopped: 0.0160200 seconds
2012-01-20T09:26:57.092+0000: 1411.470: [GC 1411.471: [ParNew: 27328K->5440K(27328K), 0.0167410 secs] 2346762K->2326009K(4188864K) icms_dc=0 , 0.0168730 secs] [Times: user=0.18 sys=0.00, real=0.01 secs] 
Total time for which application threads were stopped: 0.0172440 seconds
2012-01-20T09:26:58.408+0000: 1412.786: [GC 1412.786: [ParNew: 27328K->5440K(27328K), 0.0169290 secs] 2347897K->2327028K(4188864K) icms_dc=0 , 0.0170520 secs] [Times: user=0.20 sys=0.00, real=0.02 secs] 
Total time for which application threads were stopped: 0.0174000 seconds
2012-01-20T09:26:59.893+0000: 1414.271: [GC 1414.272: [ParNew: 27328K->5440K(27328K), 0.0152360 secs] 2348916K->2328005K(4188864K) icms_dc=0 , 0.0153560 secs] [Times: user=0.17 sys=0.00, real=0.01 secs] 
Total time for which application threads were stopped: 0.0156930 seconds
2012-01-20T09:27:01.317+0000: 1415.695: [GC 1415.695: [ParNew: 27328K->5440K(27328K), 0.0150190 secs] 2349893K->2328528K(4188864K) icms_dc=0 , 0.0151500 secs] [Times: user=0.18 sys=0.01, real=0.02 secs] 
Total time for which application threads were stopped: 0.0155470 seconds
2012-01-20T09:27:02.785+0000: 1417.164: [GC 1417.164: [ParNew: 27328K->5440K(27328K), 0.0169650 secs] 2350416K->2329657K(4188864K) icms_dc=0 , 0.0170930 secs] [Times: user=0.19 sys=0.00, real=0.02 secs] 
Total time for which application threads were stopped: 0.0174890 seconds
Total time for which application threads were stopped: 0.0002700 seconds
2012-01-20T09:27:04.267+0000: 1418.645: [GC 1418.645: [ParNew: 27328K->5440K(27328K), 0.0172030 secs] 2351545K->2330959K(4188864K) icms_dc=0 , 0.0173370 secs] [Times: user=0.19 sys=0.01, real=0.02 secs] 
Total time for which application threads were stopped: 0.0177210 seconds
2012-01-20T09:27:05.659+0000: 1420.037: [GC 1420.037: [ParNew: 27328K->5440K(27328K), 0.0163940 secs] 2352847K->2332004K(4188864K) icms_dc=0 , 0.0165270 secs] [Times: user=0.17 sys=0.01, real=0.02 secs] 
Total time for which application threads were stopped: 0.0168800 seconds
2012-01-20T09:27:07.110+0000: 1421.488: [GC 1421.488: [ParNew: 27328K->5440K(27328K), 0.0158910 secs] 2353892K->2333040K(4188864K) icms_dc=0 , 0.0160150 secs] [Times: user=0.18 sys=0.00, real=0.02 secs] 
Total time for which application threads were stopped: 0.0163850 seconds
2012-01-20T09:27:08.618+0000: 1422.996: [GC 1422.996: [ParNew: 27328K->5440K(27328K), 0.0152610 secs] 2354928K->2333826K(4188864K) icms_dc=0 , 0.0153850 secs] [Times: user=0.18 sys=0.01, real=0.02 secs] 
Total time for which application threads were stopped: 0.0157500 seconds
2012-01-20T09:27:10.056+0000: 1424.434: [GC 1424.434: [ParNew: 27328K->5440K(27328K), 0.0152670 secs] 2355714K->2334631K(4188864K) icms_dc=0 , 0.0153960 secs] [Times: user=0.17 sys=0.01, real=0.01 secs] 
Total time for which application threads were stopped: 0.0157510 seconds
2012-01-20T09:27:11.539+0000: 1425.917: [GC 1425.917: [ParNew: 27328K->5440K(27328K), 0.0160750 secs] 2356519K->2335824K(4188864K) icms_dc=0 , 0.0162030 secs] [Times: user=0.19 sys=0.00, real=0.02 secs] 
Total time for which application threads were stopped: 0.0165570 seconds
2012-01-20T09:27:13.016+0000: 1427.394: [GC 1427.394: [ParNew: 27328K->5440K(27328K), 0.0180670 secs] 2357712K->2337131K(4188864K) icms_dc=0 , 0.0181990 secs] [Times: user=0.20 sys=0.01, real=0.02 secs] 
Total time for which application threads were stopped: 0.0185860 seconds
Total time for which application threads were stopped: 0.0002660 seconds
2012-01-20T09:27:14.390+0000: 1428.768: [GC 1428.768: [ParNew: 27328K->5440K(27328K), 0.0162150 secs] 2359019K->2338794K(4188864K) icms_dc=0 , 0.0163470 secs] [Times: user=0.18 sys=0.01, real=0.02 secs] 
Total time for which application threads were stopped: 0.0167610 seconds
2012-01-20T09:27:15.815+0000: 1430.193: [GC 1430.193: [ParNew: 27328K->5440K(27328K), 0.0192310 secs] 2360682K->2339964K(4188864K) icms_dc=0 , 0.0193680 secs] [Times: user=0.21 sys=0.00, real=0.02 secs] 
Total time for which application threads were stopped: 0.0197660 seconds
Total time for which application threads were stopped: 0.0005550 seconds
2012-01-20T09:27:17.180+0000: 1431.558: [GC 1431.558: [ParNew: 27328K->5440K(27328K), 0.0153110 secs] 2361852K->2341173K(4188864K) icms_dc=0 , 0.0154480 secs] [Times: user=0.17 sys=0.00, real=0.02 secs] 
Total time for which application threads were stopped: 0.0157330 seconds
2012-01-20T09:27:18.746+0000: 1433.124: [GC 1433.124: [ParNew: 27328K->5440K(27328K), 0.0158910 secs] 2363061K->2342389K(4188864K) icms_dc=0 , 0.0160230 secs] [Times: user=0.18 sys=0.00, real=0.01 secs] 
Total time for which application threads were stopped: 0.0164440 seconds
2012-01-20T09:27:20.061+0000: 1434.439: [GC 1434.439: [ParNew: 27328K->5440K(27328K), 0.0158400 secs] 2364277K->2343516K(4188864K) icms_dc=0 , 0.0160130 secs] [Times: user=0.18 sys=0.00, real=0.02 secs] 
Total time for which application threads were stopped: 0.0164240 seconds
2012-01-20T09:27:21.477+0000: 1435.856: [GC 1435.856: [ParNew: 27328K->5440K(27328K), 0.0159000 secs] 2365404K->2344698K(4188864K) icms_dc=0 , 0.0160290 secs] [Times: user=0.17 sys=0.01, real=0.01 secs] 
Total time for which application threads were stopped: 0.0164780 seconds
2012-01-20T09:27:23.089+0000: 1437.468: [GC 1437.468: [ParNew: 27328K->5440K(27328K), 0.0153770 secs] 2366586K->2345638K(4188864K) icms_dc=0 , 0.0155060 secs] [Times: user=0.17 sys=0.01, real=0.02 secs] 
Total time for which application threads were stopped: 0.0159440 seconds
Total time for which application threads were stopped: 0.0001360 seconds
2012-01-20T09:27:24.461+0000: 1438.840: [GC 1438.840: [ParNew: 27328K->5440K(27328K), 0.0156250 secs] 2367526K->2346937K(4188864K) icms_dc=0 , 0.0157630 secs] [Times: user=0.17 sys=0.00, real=0.02 secs] 
Total time for which application threads were stopped: 0.0161220 seconds
2012-01-20T09:27:25.913+0000: 1440.291: [GC 1440.291: [ParNew: 27328K->5440K(27328K), 0.0149340 secs] 2368825K->2347855K(4188864K) icms_dc=0 , 0.0150640 secs] [Times: user=0.17 sys=0.01, real=0.02 secs] 
Total time for which application threads were stopped: 0.0154720 seconds
2012-01-20T09:27:27.233+0000: 1441.612: [GC 1441.612: [ParNew: 27328K->5440K(27328K), 0.0155400 secs] 2369743K->2348974K(4188864K) icms_dc=0 , 0.0156680 secs] [Times: user=0.18 sys=0.01, real=0.02 secs] 
Total time for which application threads were stopped: 0.0160760 seconds
2012-01-20T09:27:28.677+0000: 1443.055: [GC 1443.055: [ParNew: 27328K->5440K(27328K), 0.0142650 secs] 2370862K->2349437K(4188864K) icms_dc=0 , 0.0143910 secs] [Times: user=0.16 sys=0.00, real=0.01 secs] 
Total time for which application threads were stopped: 0.0148330 seconds
2012-01-20T09:27:30.036+0000: 1444.415: [GC 1444.415: [ParNew: 27328K->5440K(27328K), 0.0175630 secs] 2371325K->2351229K(4188864K) icms_dc=0 , 0.0176970 secs] [Times: user=0.19 sys=0.00, real=0.01 secs] 
Total time for which application threads were stopped: 0.0180920 seconds
2012-01-20T09:27:31.418+0000: 1445.797: [GC 1445.797: [ParNew: 27328K->5440K(27328K), 0.0148980 secs] 2373117K->2351953K(4188864K) icms_dc=0 , 0.0150260 secs] [Times: user=0.17 sys=0.01, real=0.01 secs] 
Total time for which application threads were stopped: 0.0154390 seconds
2012-01-20T09:27:32.836+0000: 1447.214: [GC 1447.214: [ParNew: 27328K->5440K(27328K), 0.0198770 secs] 2373841K->2353072K(4188864K) icms_dc=0 , 0.0200120 secs] [Times: user=0.19 sys=0.01, real=0.02 secs] 
Total time for which application threads were stopped: 0.0203770 seconds
Total time for which application threads were stopped: 0.0002730 seconds
2012-01-20T09:27:34.113+0000: 1448.491: [GC 1448.492: [ParNew: 27328K->5440K(27328K), 0.0163430 secs] 2374960K->2353926K(4188864K) icms_dc=0 , 0.0164740 secs] [Times: user=0.19 sys=0.00, real=0.02 secs] 
Total time for which application threads were stopped: 0.0168800 seconds
2012-01-20T09:27:35.673+0000: 1450.051: [GC 1450.051: [ParNew: 27328K->5440K(27328K), 0.0163230 secs] 2375814K->2354984K(4188864K) icms_dc=0 , 0.0164490 secs] [Times: user=0.18 sys=0.01, real=0.02 secs] 
Total time for which application threads were stopped: 0.0168740 seconds
2012-01-20T09:27:37.240+0000: 1451.618: [GC 1451.618: [ParNew: 27328K->5440K(27328K), 0.0160660 secs] 2376872K->2355999K(4188864K) icms_dc=0 , 0.0161960 secs] [Times: user=0.18 sys=0.01, real=0.02 secs] 
Total time for which application threads were stopped: 0.0166770 seconds
2012-01-20T09:27:38.678+0000: 1453.057: [GC 1453.057: [ParNew: 27328K->5440K(27328K), 0.0178220 secs] 2377887K->2357462K(4188864K) icms_dc=0 , 0.0179480 secs] [Times: user=0.20 sys=0.01, real=0.02 secs] 
Total time for which application threads were stopped: 0.0183140 seconds
2012-01-20T09:27:40.200+0000: 1454.578: [GC 1454.578: [ParNew: 27328K->5440K(27328K), 0.0155040 secs] 2379350K->2358566K(4188864K) icms_dc=0 , 0.0156650 secs] [Times: user=0.17 sys=0.00, real=0.01 secs] 
Total time for which application threads were stopped: 0.0160340 seconds
2012-01-20T09:27:41.791+0000: 1456.169: [GC 1456.169: [ParNew: 27328K->5440K(27328K), 0.0150840 secs] 2380454K->2359063K(4188864K) icms_dc=0 , 0.0152050 secs] [Times: user=0.17 sys=0.00, real=0.01 secs] 
Total time for which application threads were stopped: 0.0155780 seconds
2012-01-20T09:27:43.315+0000: 1457.694: [GC 1457.694: [ParNew: 27328K->5440K(27328K), 0.0155820 secs] 2380951K->2360392K(4188864K) icms_dc=0 , 0.0157480 secs] [Times: user=0.17 sys=0.00, real=0.02 secs] 
Total time for which application threads were stopped: 0.0161460 seconds
Total time for which application threads were stopped: 0.0001960 seconds
2012-01-20T09:27:44.949+0000: 1459.327: [GC 1459.327: [ParNew: 27328K->5440K(27328K), 0.0134440 secs] 2382280K->2360481K(4188864K) icms_dc=0 , 0.0135680 secs] [Times: user=0.16 sys=0.01, real=0.01 secs] 
Total time for which application threads were stopped: 0.0140490 seconds
2012-01-20T09:27:46.366+0000: 1460.745: [GC 1460.745: [ParNew: 27328K->5440K(27328K), 0.0155960 secs] 2382369K->2361396K(4188864K) icms_dc=0 , 0.0157200 secs] [Times: user=0.17 sys=0.01, real=0.02 secs] 
Total time for which application threads were stopped: 0.0161330 seconds
2012-01-20T09:27:47.854+0000: 1462.233: [GC 1462.233: [ParNew: 27328K->5440K(27328K), 0.0158030 secs] 2383284K->2362319K(4188864K) icms_dc=0 , 0.0159280 secs] [Times: user=0.18 sys=0.01, real=0.02 secs] 
Total time for which application threads were stopped: 0.0162990 seconds
2012-01-20T09:27:49.125+0000: 1463.504: [GC 1463.504: [ParNew: 27328K->5440K(27328K), 0.0152840 secs] 2384207K->2363216K(4188864K) icms_dc=0 , 0.0154230 secs] [Times: user=0.18 sys=0.00, real=0.02 secs] 
Total time for which application threads were stopped: 0.0157880 seconds
2012-01-20T09:27:50.426+0000: 1464.804: [GC 1464.804: [ParNew: 27328K->5440K(27328K), 0.0151270 secs] 2385104K->2363878K(4188864K) icms_dc=0 , 0.0152500 secs] [Times: user=0.17 sys=0.01, real=0.02 secs] 
Total time for which application threads were stopped: 0.0156300 seconds
2012-01-20T09:27:51.766+0000: 1466.144: [GC 1466.144: [ParNew: 27328K->5440K(27328K), 0.0161210 secs] 2385766K->2365052K(4188864K) icms_dc=0 , 0.0162470 secs] [Times: user=0.18 sys=0.01, real=0.02 secs] 
Total time for which application threads were stopped: 0.0166250 seconds
2012-01-20T09:27:53.387+0000: 1467.766: [GC 1467.766: [ParNew: 27328K->5440K(27328K), 0.0158150 secs] 2386940K->2365739K(4188864K) icms_dc=0 , 0.0159420 secs] [Times: user=0.18 sys=0.01, real=0.02 secs] 
Total time for which application threads were stopped: 0.0163460 seconds
Total time for which application threads were stopped: 0.0001370 seconds
2012-01-20T09:27:54.813+0000: 1469.191: [GC 1469.191: [ParNew: 27328K->5440K(27328K), 0.0154410 secs] 2387627K->2366889K(4188864K) icms_dc=0 , 0.0155650 secs] [Times: user=0.18 sys=0.01, real=0.02 secs] 
Total time for which application threads were stopped: 0.0159270 seconds
2012-01-20T09:27:56.192+0000: 1470.570: [GC 1470.570: [ParNew: 27328K->5440K(27328K), 0.0152710 secs] 2388777K->2367952K(4188864K) icms_dc=0 , 0.0153950 secs] [Times: user=0.16 sys=0.00, real=0.01 secs] 
Total time for which application threads were stopped: 0.0157880 seconds
2012-01-20T09:27:57.703+0000: 1472.082: [GC 1472.082: [ParNew: 27328K->5440K(27328K), 0.0129690 secs] 2389840K->2368037K(4188864K) icms_dc=0 , 0.0130910 secs] [Times: user=0.16 sys=0.00, real=0.01 secs] 
Total time for which application threads were stopped: 0.0135180 seconds
2012-01-20T09:27:59.113+0000: 1473.492: [GC 1473.492: [ParNew: 27328K->5440K(27328K), 0.0151970 secs] 2389925K->2368990K(4188864K) icms_dc=0 , 0.0153220 secs] [Times: user=0.16 sys=0.01, real=0.02 secs] 
Total time for which application threads were stopped: 0.0157360 seconds
2012-01-20T09:28:00.795+0000: 1475.173: [GC 1475.173: [ParNew: 27328K->5440K(27328K), 0.0144160 secs] 2390878K->2368990K(4188864K) icms_dc=0 , 0.0145690 secs] [Times: user=0.17 sys=0.01, real=0.02 secs] 
Total time for which application threads were stopped: 0.0149240 seconds
2012-01-20T09:28:02.484+0000: 1476.862: [GC 1476.862: [ParNew: 27328K->5440K(27328K), 0.0143530 secs] 2390878K->2369645K(4188864K) icms_dc=0 , 0.0144770 secs] [Times: user=0.17 sys=0.00, real=0.01 secs] 
Total time for which application threads were stopped: 0.0149040 seconds
Total time for which application threads were stopped: 0.0003450 seconds
2012-01-20T09:28:04.108+0000: 1478.486: [GC 1478.486: [ParNew: 27328K->4862K(27328K), 0.0139690 secs] 2391533K->2369210K(4188864K) icms_dc=0 , 0.0141350 secs] [Times: user=0.17 sys=0.00, real=0.02 secs] 
Total time for which application threads were stopped: 0.0143950 seconds
2012-01-20T09:28:05.485+0000: 1479.864: [GC 1479.864: [ParNew: 26750K->5440K(27328K), 0.0144390 secs] 2391098K->2370140K(4188864K) icms_dc=0 , 0.0145770 secs] [Times: user=0.16 sys=0.00, real=0.02 secs] 
Total time for which application threads were stopped: 0.0149890 seconds
2012-01-20T09:28:07.180+0000: 1481.558: [GC 1481.558: [ParNew: 27328K->5440K(27328K), 0.0147670 secs] 2392028K->2370586K(4188864K) icms_dc=0 , 0.0148980 secs] [Times: user=0.17 sys=0.00, real=0.01 secs] 
Total time for which application threads were stopped: 0.0152650 seconds
2012-01-20T09:28:08.605+0000: 1482.983: [GC 1482.983: [ParNew: 27328K->5440K(27328K), 0.0153660 secs] 2392474K->2371327K(4188864K) icms_dc=0 , 0.0154960 secs] [Times: user=0.17 sys=0.00, real=0.02 secs] 
Total time for which application threads were stopped: 0.0158610 seconds
2012-01-20T09:28:09.962+0000: 1484.340: [GC 1484.340: [ParNew: 27328K->5440K(27328K), 0.0154570 secs] 2393215K->2372411K(4188864K) icms_dc=0 , 0.0155830 secs] [Times: user=0.18 sys=0.00, real=0.01 secs] 
Total time for which application threads were stopped: 0.0159520 seconds
2012-01-20T09:28:11.483+0000: 1485.861: [GC 1485.861: [ParNew: 27328K->5440K(27328K), 0.0164690 secs] 2394299K->2373783K(4188864K) icms_dc=0 , 0.0165980 secs] [Times: user=0.19 sys=0.00, real=0.02 secs] 
Total time for which application threads were stopped: 0.0170580 seconds
2012-01-20T09:28:12.903+0000: 1487.281: [GC 1487.282: [ParNew: 27328K->5440K(27328K), 0.0157700 secs] 2395671K->2375060K(4188864K) icms_dc=0 , 0.0159020 secs] [Times: user=0.18 sys=0.01, real=0.01 secs] 
Total time for which application threads were stopped: 0.0163500 seconds
Total time for which application threads were stopped: 0.0003820 seconds
Total time for which application threads were stopped: 0.0003310 seconds
2012-01-20T09:28:14.278+0000: 1488.656: [GC 1488.656: [ParNew: 27328K->5440K(27328K), 0.0178760 secs] 2396948K->2376621K(4188864K) icms_dc=0 , 0.0180060 secs] [Times: user=0.19 sys=0.01, real=0.02 secs] 
Total time for which application threads were stopped: 0.0183550 seconds
2012-01-20T09:28:15.838+0000: 1490.216: [GC 1490.216: [ParNew: 27328K->5440K(27328K), 0.0158760 secs] 2398509K->2377847K(4188864K) icms_dc=0 , 0.0160070 secs] [Times: user=0.18 sys=0.00, real=0.02 secs] 
Total time for which application threads were stopped: 0.0163850 seconds
2012-01-20T09:28:17.353+0000: 1491.731: [GC 1491.731: [ParNew: 27328K->5440K(27328K), 0.0161290 secs] 2399735K->2378783K(4188864K) icms_dc=0 , 0.0162630 secs] [Times: user=0.16 sys=0.01, real=0.01 secs] 
Total time for which application threads were stopped: 0.0166440 seconds
2012-01-20T09:28:19.115+0000: 1493.493: [GC 1493.493: [ParNew: 27328K->5440K(27328K), 0.0146570 secs] 2400671K->2379342K(4188864K) icms_dc=0 , 0.0147840 secs] [Times: user=0.16 sys=0.01, real=0.01 secs] 
Total time for which application threads were stopped: 0.0152130 seconds
2012-01-20T09:28:20.605+0000: 1494.983: [GC 1494.983: [ParNew: 27328K->5440K(27328K), 0.0183410 secs] 2401230K->2380555K(4188864K) icms_dc=0 , 0.0184660 secs] [Times: user=0.20 sys=0.01, real=0.02 secs] 
Total time for which application threads were stopped: 0.0188030 seconds
2012-01-20T09:28:22.229+0000: 1496.607: [GC 1496.607: [ParNew: 27328K->5440K(27328K), 0.0149870 secs] 2402443K->2381399K(4188864K) icms_dc=0 , 0.0151110 secs] [Times: user=0.17 sys=0.01, real=0.02 secs] 
Total time for which application threads were stopped: 0.0154710 seconds
2012-01-20T09:28:23.621+0000: 1497.999: [GC 1497.999: [ParNew: 27328K->5440K(27328K), 0.0154220 secs] 2403287K->2382271K(4188864K) icms_dc=0 , 0.0155450 secs] [Times: user=0.18 sys=0.00, real=0.02 secs] 
Total time for which application threads were stopped: 0.0159290 seconds
Total time for which application threads were stopped: 0.0001770 seconds
2012-01-20T09:28:24.752+0000: 1499.130: [GC 1499.130: [ParNew: 27328K->5440K(27328K), 0.0152620 secs] 2404159K->2383046K(4188864K) icms_dc=0 , 0.0154400 secs] [Times: user=0.18 sys=0.01, real=0.01 secs] 
Total time for which application threads were stopped: 0.0157780 seconds
2012-01-20T09:28:26.201+0000: 1500.580: [GC 1500.580: [ParNew: 27328K->5440K(27328K), 0.0178830 secs] 2404934K->2384599K(4188864K) icms_dc=0 , 0.0180090 secs] [Times: user=0.20 sys=0.00, real=0.02 secs] 
Total time for which application threads were stopped: 0.0183790 seconds
2012-01-20T09:28:27.669+0000: 1502.047: [GC 1502.047: [ParNew: 27328K->5440K(27328K), 0.0149950 secs] 2406487K->2384654K(4188864K) icms_dc=0 , 0.0151130 secs] [Times: user=0.18 sys=0.00, real=0.02 secs] 
Total time for which application threads were stopped: 0.0154610 seconds
2012-01-20T09:28:29.120+0000: 1503.498: [GC 1503.498: [ParNew: 27328K->5440K(27328K), 0.0182140 secs] 2406542K->2386000K(4188864K) icms_dc=0 , 0.0183370 secs] [Times: user=0.20 sys=0.00, real=0.02 secs] 
Total time for which application threads were stopped: 0.0186820 seconds
2012-01-20T09:28:30.397+0000: 1504.776: [GC 1504.776: [ParNew: 27328K->5438K(27328K), 0.0140940 secs] 2407888K->2386354K(4188864K) icms_dc=0 , 0.0142160 secs] [Times: user=0.16 sys=0.00, real=0.02 secs] 
Total time for which application threads were stopped: 0.0146070 seconds
2012-01-20T09:28:31.990+0000: 1506.368: [GC 1506.368: [ParNew: 27326K->5440K(27328K), 0.0148520 secs] 2408242K->2387252K(4188864K) icms_dc=0 , 0.0149740 secs] [Times: user=0.17 sys=0.01, real=0.02 secs] 
Total time for which application threads were stopped: 0.0153400 seconds
2012-01-20T09:28:33.631+0000: 1508.009: [GC 1508.009: [ParNew: 27328K->5440K(27328K), 0.0153280 secs] 2409140K->2388415K(4188864K) icms_dc=0 , 0.0154500 secs] [Times: user=0.17 sys=0.00, real=0.02 secs] 
Total time for which application threads were stopped: 0.0158390 seconds
Total time for which application threads were stopped: 0.0004770 seconds
Total time for which application threads were stopped: 0.0001190 seconds
2012-01-20T09:28:35.093+0000: 1509.471: [GC 1509.471: [ParNew: 27328K->5403K(27328K), 0.0136000 secs] 2410303K->2388379K(4188864K) icms_dc=0 , 0.0137320 secs] [Times: user=0.16 sys=0.00, real=0.01 secs] 
Total time for which application threads were stopped: 0.0141370 seconds
2012-01-20T09:28:36.583+0000: 1510.961: [GC 1510.961: [ParNew: 27291K->5440K(27328K), 0.0146520 secs] 2410267K->2389269K(4188864K) icms_dc=0 , 0.0147750 secs] [Times: user=0.17 sys=0.01, real=0.01 secs] 
Total time for which application threads were stopped: 0.0151440 seconds
2012-01-20T09:28:38.113+0000: 1512.491: [GC 1512.491: [ParNew: 27328K->5440K(27328K), 0.0135550 secs] 2411157K->2389269K(4188864K) icms_dc=0 , 0.0136710 secs] [Times: user=0.16 sys=0.00, real=0.01 secs] 
Total time for which application threads were stopped: 0.0140050 seconds
2012-01-20T09:28:39.614+0000: 1513.993: [GC 1513.993: [ParNew: 27328K->5440K(27328K), 0.0147190 secs] 2411157K->2389855K(4188864K) icms_dc=0 , 0.0148400 secs] [Times: user=0.16 sys=0.00, real=0.01 secs] 
Total time for which application threads were stopped: 0.0152370 seconds
2012-01-20T09:28:41.298+0000: 1515.676: [GC 1515.676: [ParNew: 27328K->5440K(27328K), 0.0149740 secs] 2411743K->2389994K(4188864K) icms_dc=0 , 0.0150950 secs] [Times: user=0.18 sys=0.00, real=0.02 secs] 
Total time for which application threads were stopped: 0.0155050 seconds
2012-01-20T09:28:42.931+0000: 1517.309: [GC 1517.310: [ParNew: 27328K->5440K(27328K), 0.0150950 secs] 2411882K->2390763K(4188864K) icms_dc=0 , 0.0152150 secs] [Times: user=0.17 sys=0.01, real=0.02 secs] 
Total time for which application threads were stopped: 0.0155510 seconds
Total time for which application threads were stopped: 0.0002900 seconds
2012-01-20T09:28:44.364+0000: 1518.742: [GC 1518.742: [ParNew: 27328K->5284K(27328K), 0.0129370 secs] 2412651K->2390607K(4188864K) icms_dc=0 , 0.0130610 secs] [Times: user=0.16 sys=0.00, real=0.01 secs] 
Total time for which application threads were stopped: 0.0134000 seconds
2012-01-20T09:28:45.814+0000: 1520.192: [GC 1520.192: [ParNew: 27172K->5440K(27328K), 0.0150690 secs] 2412495K->2391427K(4188864K) icms_dc=0 , 0.0152430 secs] [Times: user=0.17 sys=0.01, real=0.01 secs] 
Total time for which application threads were stopped: 0.0156390 seconds
2012-01-20T09:28:47.011+0000: 1521.389: [GC 1521.389: [ParNew: 27328K->5440K(27328K), 0.0131680 secs] 2413315K->2391577K(4188864K) icms_dc=0 , 0.0132880 secs] [Times: user=0.16 sys=0.01, real=0.02 secs] 
Total time for which application threads were stopped: 0.0136420 seconds
2012-01-20T09:28:48.352+0000: 1522.731: [GC 1522.731: [ParNew: 27328K->5440K(27328K), 0.0145620 secs] 2413465K->2392121K(4188864K) icms_dc=0 , 0.0146840 secs] [Times: user=0.17 sys=0.00, real=0.02 secs] 
Total time for which application threads were stopped: 0.0150260 seconds
2012-01-20T09:28:49.740+0000: 1524.118: [GC 1524.118: [ParNew: 27328K->5440K(27328K), 0.0141670 secs] 2414009K->2392414K(4188864K) icms_dc=0 , 0.0142880 secs] [Times: user=0.17 sys=0.01, real=0.02 secs] 
Total time for which application threads were stopped: 0.0147390 seconds
2012-01-20T09:28:51.061+0000: 1525.440: [GC 1525.440: [ParNew: 27328K->5440K(27328K), 0.0153560 secs] 2414302K->2393333K(4188864K) icms_dc=0 , 0.0154840 secs] [Times: user=0.17 sys=0.00, real=0.02 secs] 
Total time for which application threads were stopped: 0.0158660 seconds
2012-01-20T09:28:52.492+0000: 1526.870: [GC 1526.870: [ParNew: 27328K->5440K(27328K), 0.0164140 secs] 2415221K->2394625K(4188864K) icms_dc=0 , 0.0165390 secs] [Times: user=0.17 sys=0.01, real=0.02 secs] 
Total time for which application threads were stopped: 0.0169500 seconds
Total time for which application threads were stopped: 0.0002580 seconds
2012-01-20T09:28:53.910+0000: 1528.288: [GC 1528.288: [ParNew: 27328K->5440K(27328K), 0.0134280 secs] 2416513K->2394804K(4188864K) icms_dc=0 , 0.0135550 secs] [Times: user=0.15 sys=0.01, real=0.01 secs] 
Total time for which application threads were stopped: 0.0138260 seconds
2012-01-20T09:28:55.510+0000: 1529.888: [GC 1529.888: [ParNew: 27328K->5440K(27328K), 0.0161300 secs] 2416692K->2396108K(4188864K) icms_dc=0 , 0.0162500 secs] [Times: user=0.18 sys=0.01, real=0.02 secs] 
Total time for which application threads were stopped: 0.0165840 seconds
2012-01-20T09:28:57.023+0000: 1531.401: [GC 1531.401: [ParNew: 27328K->5440K(27328K), 0.0149650 secs] 2417996K->2396533K(4188864K) icms_dc=0 , 0.0150810 secs] [Times: user=0.17 sys=0.00, real=0.02 secs] 
Total time for which application threads were stopped: 0.0154360 seconds
2012-01-20T09:28:58.399+0000: 1532.778: [GC 1532.778: [ParNew: 27328K->5440K(27328K), 0.0151980 secs] 2418421K->2397437K(4188864K) icms_dc=0 , 0.0153170 secs] [Times: user=0.17 sys=0.00, real=0.02 secs] 
Total time for which application threads were stopped: 0.0156940 seconds
2012-01-20T09:28:59.713+0000: 1534.091: [GC 1534.091: [ParNew: 27328K->5440K(27328K), 0.0153220 secs] 2419325K->2398285K(4188864K) icms_dc=0 , 0.0154390 secs] [Times: user=0.18 sys=0.01, real=0.02 secs] 
Total time for which application threads were stopped: 0.0157760 seconds
2012-01-20T09:29:01.205+0000: 1535.583: [GC 1535.583: [ParNew: 27328K->5440K(27328K), 0.0167840 secs] 2420173K->2399769K(4188864K) icms_dc=0 , 0.0169050 secs] [Times: user=0.18 sys=0.00, real=0.02 secs] 
Total time for which application threads were stopped: 0.0172680 seconds
2012-01-20T09:29:02.681+0000: 1537.060: [GC 1537.060: [ParNew: 27328K->5440K(27328K), 0.0148970 secs] 2421657K->2400208K(4188864K) icms_dc=0 , 0.0150110 secs] [Times: user=0.18 sys=0.00, real=0.02 secs] 
Total time for which application threads were stopped: 0.0153640 seconds
Total time for which application threads were stopped: 0.0002370 seconds
2012-01-20T09:29:04.090+0000: 1538.468: [GC 1538.468: [ParNew: 27328K->5440K(27328K), 0.0163820 secs] 2422096K->2401702K(4188864K) icms_dc=0 , 0.0165070 secs] [Times: user=0.17 sys=0.01, real=0.02 secs] 
Total time for which application threads were stopped: 0.0167190 seconds
2012-01-20T09:29:05.496+0000: 1539.875: [GC 1539.875: [ParNew: 27328K->5440K(27328K), 0.0152190 secs] 2423590K->2402322K(4188864K) icms_dc=0 , 0.0153350 secs] [Times: user=0.17 sys=0.00, real=0.01 secs] 
Total time for which application threads were stopped: 0.0157430 seconds
2012-01-20T09:29:06.971+0000: 1541.349: [GC 1541.349: [ParNew: 27328K->5440K(27328K), 0.0153880 secs] 2424210K->2403144K(4188864K) icms_dc=0 , 0.0155060 secs] [Times: user=0.18 sys=0.00, real=0.02 secs] 
Total time for which application threads were stopped: 0.0158470 seconds
2012-01-20T09:29:08.318+0000: 1542.697: [GC 1542.697: [ParNew: 27328K->5440K(27328K), 0.0152320 secs] 2425032K->2404093K(4188864K) icms_dc=0 , 0.0153480 secs] [Times: user=0.18 sys=0.00, real=0.01 secs] 
Total time for which application threads were stopped: 0.0157080 seconds
2012-01-20T09:29:09.771+0000: 1544.149: [GC 1544.149: [ParNew: 27328K->5440K(27328K), 0.0153540 secs] 2425981K->2405083K(4188864K) icms_dc=0 , 0.0154710 secs] [Times: user=0.17 sys=0.01, real=0.02 secs] 
Total time for which application threads were stopped: 0.0158250 seconds
2012-01-20T09:29:11.199+0000: 1545.577: [GC 1545.577: [ParNew: 27328K->5440K(27328K), 0.0171130 secs] 2426971K->2406201K(4188864K) icms_dc=0 , 0.0172300 secs] [Times: user=0.20 sys=0.01, real=0.02 secs] 
Total time for which application threads were stopped: 0.0176200 seconds
2012-01-20T09:29:12.686+0000: 1547.064: [GC 1547.065: [ParNew: 27328K->5440K(27328K), 0.0163180 secs] 2428089K->2407373K(4188864K) icms_dc=0 , 0.0164440 secs] [Times: user=0.18 sys=0.00, real=0.02 secs] 
Total time for which application threads were stopped: 0.0167890 seconds
Total time for which application threads were stopped: 0.0002210 seconds
2012-01-20T09:29:14.221+0000: 1548.600: [GC 1548.600: [ParNew: 27328K->5440K(27328K), 0.0147430 secs] 2429261K->2408440K(4188864K) icms_dc=0 , 0.0148670 secs] [Times: user=0.16 sys=0.00, real=0.01 secs] 
Total time for which application threads were stopped: 0.0151570 seconds
2012-01-20T09:29:15.734+0000: 1550.112: [GC 1550.112: [ParNew: 27328K->5440K(27328K), 0.0165140 secs] 2430328K->2409436K(4188864K) icms_dc=0 , 0.0166320 secs] [Times: user=0.19 sys=0.01, real=0.02 secs] 
Total time for which application threads were stopped: 0.0169950 seconds
2012-01-20T09:29:17.037+0000: 1551.415: [GC 1551.415: [ParNew: 27328K->5440K(27328K), 0.0151540 secs] 2431324K->2410246K(4188864K) icms_dc=0 , 0.0152740 secs] [Times: user=0.17 sys=0.00, real=0.01 secs] 
Total time for which application threads were stopped: 0.0156710 seconds
Total time for which application threads were stopped: 0.0004920 seconds
2012-01-20T09:29:18.346+0000: 1552.724: [GC 1552.724: [ParNew: 27328K->5440K(27328K), 0.0152260 secs] 2432134K->2411219K(4188864K) icms_dc=0 , 0.0153490 secs] [Times: user=0.17 sys=0.01, real=0.02 secs] 
Total time for which application threads were stopped: 0.0157650 seconds
2012-01-20T09:29:19.979+0000: 1554.357: [GC 1554.357: [ParNew: 27328K->5440K(27328K), 0.0147480 secs] 2433107K->2411864K(4188864K) icms_dc=0 , 0.0148630 secs] [Times: user=0.17 sys=0.01, real=0.01 secs] 
Total time for which application threads were stopped: 0.0152090 seconds
2012-01-20T09:29:21.635+0000: 1556.013: [GC 1556.013: [ParNew: 27328K->5440K(27328K), 0.0161900 secs] 2433752K->2412476K(4188864K) icms_dc=0 , 0.0163070 secs] [Times: user=0.18 sys=0.00, real=0.02 secs] 
Total time for which application threads were stopped: 0.0166560 seconds
2012-01-20T09:29:22.944+0000: 1557.322: [GC 1557.322: [ParNew: 27328K->5440K(27328K), 0.0198240 secs] 2434364K->2413535K(4188864K) icms_dc=0 , 0.0199410 secs] [Times: user=0.23 sys=0.00, real=0.02 secs] 
Total time for which application threads were stopped: 0.0202920 seconds
Total time for which application threads were stopped: 0.0002420 seconds
2012-01-20T09:29:24.441+0000: 1558.819: [GC 1558.819: [ParNew: 27328K->5440K(27328K), 0.0150590 secs] 2435423K->2414388K(4188864K) icms_dc=0 , 0.0151860 secs] [Times: user=0.17 sys=0.00, real=0.01 secs] 
Total time for which application threads were stopped: 0.0155540 seconds
2012-01-20T09:29:25.923+0000: 1560.301: [GC 1560.302: [ParNew: 27328K->5440K(27328K), 0.0159010 secs] 2436276K->2415644K(4188864K) icms_dc=0 , 0.0160260 secs] [Times: user=0.17 sys=0.01, real=0.02 secs] 
Total time for which application threads were stopped: 0.0164830 seconds
2012-01-20T09:29:27.435+0000: 1561.813: [GC 1561.813: [ParNew: 27328K->5440K(27328K), 0.0155850 secs] 2437532K->2416504K(4188864K) icms_dc=0 , 0.0157040 secs] [Times: user=0.17 sys=0.00, real=0.02 secs] 
Total time for which application threads were stopped: 0.0160700 seconds
2012-01-20T09:29:28.921+0000: 1563.300: [GC 1563.300: [ParNew: 27328K->5440K(27328K), 0.0158110 secs] 2438392K->2418053K(4188864K) icms_dc=0 , 0.0159310 secs] [Times: user=0.18 sys=0.01, real=0.01 secs] 
Total time for which application threads were stopped: 0.0163080 seconds
2012-01-20T09:29:30.333+0000: 1564.711: [GC 1564.711: [ParNew: 27328K->5440K(27328K), 0.0140380 secs] 2439941K->2418123K(4188864K) icms_dc=0 , 0.0141540 secs] [Times: user=0.17 sys=0.01, real=0.01 secs] 
Total time for which application threads were stopped: 0.0145140 seconds
2012-01-20T09:29:31.836+0000: 1566.214: [GC 1566.214: [ParNew: 27328K->5440K(27328K), 0.0160930 secs] 2440011K->2419465K(4188864K) icms_dc=0 , 0.0162140 secs] [Times: user=0.17 sys=0.00, real=0.02 secs] 
Total time for which application threads were stopped: 0.0165500 seconds
2012-01-20T09:29:33.405+0000: 1567.783: [GC 1567.783: [ParNew: 27328K->5258K(27328K), 0.0143900 secs] 2441353K->2419283K(4188864K) icms_dc=0 , 0.0145070 secs] [Times: user=0.18 sys=0.00, real=0.02 secs] 
Total time for which application threads were stopped: 0.0148450 seconds
Total time for which application threads were stopped: 0.0001310 seconds
2012-01-20T09:29:34.854+0000: 1569.232: [GC 1569.232: [ParNew: 27146K->5440K(27328K), 0.0146160 secs] 2441171K->2420123K(4188864K) icms_dc=0 , 0.0147410 secs] [Times: user=0.17 sys=0.01, real=0.02 secs] 
Total time for which application threads were stopped: 0.0151180 seconds
2012-01-20T09:29:36.240+0000: 1570.618: [GC 1570.618: [ParNew: 27328K->5440K(27328K), 0.0138520 secs] 2442011K->2420425K(4188864K) icms_dc=0 , 0.0139720 secs] [Times: user=0.17 sys=0.00, real=0.01 secs] 
Total time for which application threads were stopped: 0.0143530 seconds
2012-01-20T09:29:37.781+0000: 1572.159: [GC 1572.159: [ParNew: 27328K->5440K(27328K), 0.0155570 secs] 2442313K->2421290K(4188864K) icms_dc=0 , 0.0156750 secs] [Times: user=0.17 sys=0.01, real=0.01 secs] 
Total time for which application threads were stopped: 0.0160020 seconds
2012-01-20T09:29:39.400+0000: 1573.778: [GC 1573.778: [ParNew: 27328K->5440K(27328K), 0.0159780 secs] 2443178K->2422492K(4188864K) icms_dc=0 , 0.0161010 secs] [Times: user=0.17 sys=0.01, real=0.01 secs] 
Total time for which application threads were stopped: 0.0165060 seconds
2012-01-20T09:29:40.958+0000: 1575.337: [GC 1575.337: [ParNew: 27328K->5440K(27328K), 0.0169970 secs] 2444380K->2423528K(4188864K) icms_dc=0 , 0.0171210 secs] [Times: user=0.19 sys=0.00, real=0.02 secs] 
Total time for which application threads were stopped: 0.0175430 seconds
2012-01-20T09:29:42.245+0000: 1576.623: [GC 1576.623: [ParNew: 27328K->5440K(27328K), 0.0157510 secs] 2445416K->2424774K(4188864K) icms_dc=0 , 0.0158700 secs] [Times: user=0.18 sys=0.00, real=0.02 secs] 
Total time for which application threads were stopped: 0.0162740 seconds
2012-01-20T09:29:43.610+0000: 1577.988: [GC 1577.988: [ParNew: 27328K->5440K(27328K), 0.0157260 secs] 2446662K->2425975K(4188864K) icms_dc=0 , 0.0158510 secs] [Times: user=0.18 sys=0.00, real=0.01 secs] 
Total time for which application threads were stopped: 0.0162540 seconds
Total time for which application threads were stopped: 0.0001970 seconds
2012-01-20T09:29:45.021+0000: 1579.399: [GC 1579.399: [ParNew: 27328K->5440K(27328K), 0.0147740 secs] 2447863K->2426536K(4188864K) icms_dc=0 , 0.0149040 secs] [Times: user=0.17 sys=0.00, real=0.01 secs] 
Total time for which application threads were stopped: 0.0152750 seconds
2012-01-20T09:29:46.301+0000: 1580.680: [GC 1580.680: [ParNew: 27328K->5440K(27328K), 0.0159260 secs] 2448424K->2427716K(4188864K) icms_dc=0 , 0.0160530 secs] [Times: user=0.19 sys=0.00, real=0.01 secs] 
Total time for which application threads were stopped: 0.0164650 seconds
2012-01-20T09:29:47.546+0000: 1581.924: [GC 1581.925: [ParNew: 27328K->5440K(27328K), 0.0159560 secs] 2449604K->2428800K(4188864K) icms_dc=0 , 0.0160910 secs] [Times: user=0.18 sys=0.00, real=0.02 secs] 
Total time for which application threads were stopped: 0.0164930 seconds
2012-01-20T09:29:49.029+0000: 1583.408: [GC 1583.408: [ParNew: 27328K->5440K(27328K), 0.0160970 secs] 2450688K->2430030K(4188864K) icms_dc=0 , 0.0162220 secs] [Times: user=0.18 sys=0.01, real=0.02 secs] 
Total time for which application threads were stopped: 0.0165610 seconds
2012-01-20T09:29:50.289+0000: 1584.667: [GC 1584.667: [ParNew: 27328K->5440K(27328K), 0.0151520 secs] 2451918K->2431237K(4188864K) icms_dc=0 , 0.0152770 secs] [Times: user=0.17 sys=0.00, real=0.02 secs] 
Total time for which application threads were stopped: 0.0156760 seconds
2012-01-20T09:29:51.833+0000: 1586.211: [GC 1586.211: [ParNew: 27328K->5440K(27328K), 0.0163920 secs] 2453125K->2432478K(4188864K) icms_dc=0 , 0.0165170 secs] [Times: user=0.19 sys=0.00, real=0.01 secs] 
Total time for which application threads were stopped: 0.0168690 seconds
2012-01-20T09:29:53.203+0000: 1587.581: [GC 1587.581: [ParNew: 27328K->5440K(27328K), 0.0160610 secs] 2454366K->2433480K(4188864K) icms_dc=0 , 0.0161850 secs] [Times: user=0.18 sys=0.01, real=0.01 secs] 
Total time for which application threads were stopped: 0.0165980 seconds
Total time for which application threads were stopped: 0.0002910 seconds
2012-01-20T09:29:54.665+0000: 1589.043: [GC 1589.043: [ParNew: 27328K->5440K(27328K), 0.0157290 secs] 2455368K->2434991K(4188864K) icms_dc=0 , 0.0158640 secs] [Times: user=0.18 sys=0.00, real=0.01 secs] 
Total time for which application threads were stopped: 0.0162120 seconds
2012-01-20T09:29:56.204+0000: 1590.582: [GC 1590.582: [ParNew: 27328K->5440K(27328K), 0.0145980 secs] 2456879K->2435104K(4188864K) icms_dc=0 , 0.0147260 secs] [Times: user=0.17 sys=0.00, real=0.01 secs] 
Total time for which application threads were stopped: 0.0151510 seconds
2012-01-20T09:29:57.635+0000: 1592.014: [GC 1592.014: [ParNew: 27328K->5440K(27328K), 0.0168160 secs] 2456992K->2436461K(4188864K) icms_dc=0 , 0.0169450 secs] [Times: user=0.19 sys=0.00, real=0.02 secs] 
Total time for which application threads were stopped: 0.0172980 seconds
2012-01-20T09:29:59.063+0000: 1593.441: [GC 1593.441: [ParNew: 27328K->5440K(27328K), 0.0151260 secs] 2458349K->2436481K(4188864K) icms_dc=0 , 0.0152490 secs] [Times: user=0.18 sys=0.00, real=0.01 secs] 
Total time for which application threads were stopped: 0.0156460 seconds
2012-01-20T09:30:00.650+0000: 1595.028: [GC 1595.028: [ParNew: 27328K->5440K(27328K), 0.0160410 secs] 2458369K->2437449K(4188864K) icms_dc=0 , 0.0161670 secs] [Times: user=0.17 sys=0.00, real=0.02 secs] 
Total time for which application threads were stopped: 0.0165880 seconds
2012-01-20T09:30:02.053+0000: 1596.431: [GC 1596.431: [ParNew: 27328K->5440K(27328K), 0.0152500 secs] 2459337K->2437596K(4188864K) icms_dc=0 , 0.0153730 secs] [Times: user=0.19 sys=0.00, real=0.01 secs] 
Total time for which application threads were stopped: 0.0157410 seconds
2012-01-20T09:30:03.337+0000: 1597.715: [GC 1597.716: [ParNew: 27328K->5440K(27328K), 0.0158160 secs] 2459484K->2438734K(4188864K) icms_dc=0 , 0.0159420 secs] [Times: user=0.17 sys=0.01, real=0.02 secs] 
Total time for which application threads were stopped: 0.0163110 seconds
Total time for which application threads were stopped: 0.0002500 seconds
2012-01-20T09:30:04.506+0000: 1598.884: [GC 1598.885: [ParNew: 27328K->5440K(27328K), 0.0148000 secs] 2460622K->2439295K(4188864K) icms_dc=0 , 0.0149280 secs] [Times: user=0.17 sys=0.00, real=0.01 secs] 
Total time for which application threads were stopped: 0.0153560 seconds
2012-01-20T09:30:06.233+0000: 1600.611: [GC 1600.611: [ParNew: 27328K->5440K(27328K), 0.0170990 secs] 2461183K->2440207K(4188864K) icms_dc=0 , 0.0172260 secs] [Times: user=0.19 sys=0.01, real=0.01 secs] 
Total time for which application threads were stopped: 0.0175780 seconds
2012-01-20T09:30:07.813+0000: 1602.191: [GC 1602.191: [ParNew: 27328K->5440K(27328K), 0.0165250 secs] 2462095K->2441768K(4188864K) icms_dc=0 , 0.0166590 secs] [Times: user=0.17 sys=0.00, real=0.01 secs] 
Total time for which application threads were stopped: 0.0170660 seconds
2012-01-20T09:30:09.244+0000: 1603.622: [GC 1603.622: [ParNew: 27328K->5440K(27328K), 0.0146790 secs] 2463656K->2442004K(4188864K) icms_dc=0 , 0.0148050 secs] [Times: user=0.17 sys=0.00, real=0.01 secs] 
Total time for which application threads were stopped: 0.0152010 seconds
2012-01-20T09:30:10.580+0000: 1604.959: [GC 1604.959: [ParNew: 27328K->5440K(27328K), 0.0157650 secs] 2463892K->2443272K(4188864K) icms_dc=0 , 0.0158910 secs] [Times: user=0.18 sys=0.00, real=0.02 secs] 
Total time for which application threads were stopped: 0.0163240 seconds
2012-01-20T09:30:12.011+0000: 1606.389: [GC 1606.389: [ParNew: 27328K->5440K(27328K), 0.0149660 secs] 2465160K->2443549K(4188864K) icms_dc=0 , 0.0150910 secs] [Times: user=0.18 sys=0.00, real=0.02 secs] 
Total time for which application threads were stopped: 0.0154890 seconds
2012-01-20T09:30:13.396+0000: 1607.774: [GC 1607.774: [ParNew: 27328K->5440K(27328K), 0.0165390 secs] 2465437K->2445132K(4188864K) icms_dc=0 , 0.0166640 secs] [Times: user=0.18 sys=0.01, real=0.01 secs] 
Total time for which application threads were stopped: 0.0170170 seconds
Total time for which application threads were stopped: 0.0002690 seconds
2012-01-20T09:30:14.899+0000: 1609.277: [GC 1609.277: [ParNew: 27328K->5440K(27328K), 0.0137050 secs] 2467020K->2445134K(4188864K) icms_dc=0 , 0.0138270 secs] [Times: user=0.16 sys=0.00, real=0.01 secs] 
Total time for which application threads were stopped: 0.0142290 seconds
2012-01-20T09:30:16.452+0000: 1610.830: [GC 1610.830: [ParNew: 27328K->5440K(27328K), 0.0162580 secs] 2467022K->2446322K(4188864K) icms_dc=0 , 0.0163910 secs] [Times: user=0.18 sys=0.01, real=0.02 secs] 
Total time for which application threads were stopped: 0.0167400 seconds
2012-01-20T09:30:17.976+0000: 1612.354: [GC 1612.354: [ParNew: 27328K->5440K(27328K), 0.0136330 secs] 2468210K->2446580K(4188864K) icms_dc=0 , 0.0137550 secs] [Times: user=0.16 sys=0.00, real=0.01 secs] 
Total time for which application threads were stopped: 0.0141080 seconds
2012-01-20T09:30:19.476+0000: 1613.854: [GC 1613.854: [ParNew: 27328K->5440K(27328K), 0.0159120 secs] 2468468K->2447729K(4188864K) icms_dc=0 , 0.0160380 secs] [Times: user=0.18 sys=0.00, real=0.01 secs] 
Total time for which application threads were stopped: 0.0163890 seconds
2012-01-20T09:30:20.957+0000: 1615.335: [GC 1615.335: [ParNew: 27328K->5440K(27328K), 0.0140870 secs] 2469617K->2448169K(4188864K) icms_dc=0 , 0.0142060 secs] [Times: user=0.17 sys=0.00, real=0.01 secs] 
Total time for which application threads were stopped: 0.0146260 seconds
2012-01-20T09:30:22.421+0000: 1616.800: [GC 1616.800: [ParNew: 27328K->5440K(27328K), 0.0161500 secs] 2470057K->2449504K(4188864K) icms_dc=0 , 0.0162740 secs] [Times: user=0.18 sys=0.00, real=0.02 secs] 
Total time for which application threads were stopped: 0.0166680 seconds
2012-01-20T09:30:23.750+0000: 1618.128: [GC 1618.128: [ParNew: 27328K->5440K(27328K), 0.0159600 secs] 2471392K->2450330K(4188864K) icms_dc=0 , 0.0160840 secs] [Times: user=0.17 sys=0.00, real=0.02 secs] 
Total time for which application threads were stopped: 0.0164980 seconds
Total time for which application threads were stopped: 0.0001460 seconds
2012-01-20T09:30:25.203+0000: 1619.581: [GC 1619.581: [ParNew: 27328K->5440K(27328K), 0.0148250 secs] 2472218K->2451256K(4188864K) icms_dc=0 , 0.0149520 secs] [Times: user=0.17 sys=0.01, real=0.02 secs] 
Total time for which application threads were stopped: 0.0153120 seconds
2012-01-20T09:30:26.575+0000: 1620.953: [GC 1620.953: [ParNew: 27328K->5440K(27328K), 0.0132230 secs] 2473144K->2451352K(4188864K) icms_dc=0 , 0.0133450 secs] [Times: user=0.15 sys=0.00, real=0.01 secs] 
Total time for which application threads were stopped: 0.0137540 seconds
2012-01-20T09:30:27.990+0000: 1622.368: [GC 1622.368: [ParNew: 27328K->5440K(27328K), 0.0151530 secs] 2473240K->2452297K(4188864K) icms_dc=0 , 0.0153300 secs] [Times: user=0.17 sys=0.01, real=0.02 secs] 
Total time for which application threads were stopped: 0.0157530 seconds
2012-01-20T09:30:29.407+0000: 1623.785: [GC 1623.785: [ParNew: 27328K->5440K(27328K), 0.0146850 secs] 2474185K->2452997K(4188864K) icms_dc=0 , 0.0148100 secs] [Times: user=0.17 sys=0.00, real=0.01 secs] 
Total time for which application threads were stopped: 0.0151760 seconds
2012-01-20T09:30:30.838+0000: 1625.216: [GC 1625.216: [ParNew: 27328K->5440K(27328K), 0.0150770 secs] 2474885K->2453299K(4188864K) icms_dc=0 , 0.0151970 secs] [Times: user=0.18 sys=0.00, real=0.01 secs] 
Total time for which application threads were stopped: 0.0155580 seconds
2012-01-20T09:30:32.339+0000: 1626.717: [GC 1626.717: [ParNew: 27328K->5440K(27328K), 0.0163600 secs] 2475187K->2454463K(4188864K) icms_dc=0 , 0.0164800 secs] [Times: user=0.18 sys=0.01, real=0.01 secs] 
Total time for which application threads were stopped: 0.0168510 seconds
2012-01-20T09:30:33.962+0000: 1628.340: [GC 1628.340: [ParNew: 27328K->5440K(27328K), 0.0145100 secs] 2476351K->2455185K(4188864K) icms_dc=0 , 0.0146290 secs] [Times: user=0.16 sys=0.01, real=0.02 secs] 
Total time for which application threads were stopped: 0.0150090 seconds
Total time for which application threads were stopped: 0.0001410 seconds
2012-01-20T09:30:35.380+0000: 1629.758: [GC 1629.759: [ParNew: 27328K->5440K(27328K), 0.0176100 secs] 2477073K->2456447K(4188864K) icms_dc=0 , 0.0177350 secs] [Times: user=0.20 sys=0.00, real=0.02 secs] 
Total time for which application threads were stopped: 0.0181080 seconds
2012-01-20T09:30:36.752+0000: 1631.130: [GC 1631.130: [ParNew: 27328K->5440K(27328K), 0.0153320 secs] 2478335K->2457665K(4188864K) icms_dc=0 , 0.0154570 secs] [Times: user=0.17 sys=0.01, real=0.02 secs] 
Total time for which application threads were stopped: 0.0159020 seconds
2012-01-20T09:30:38.242+0000: 1632.620: [GC 1632.621: [ParNew: 27328K->5440K(27328K), 0.0156470 secs] 2479553K->2458883K(4188864K) icms_dc=0 , 0.0157760 secs] [Times: user=0.17 sys=0.01, real=0.02 secs] 
Total time for which application threads were stopped: 0.0161550 seconds
2012-01-20T09:30:39.936+0000: 1634.314: [GC 1634.314: [ParNew: 27328K->5440K(27328K), 0.0158190 secs] 2480771K->2460027K(4188864K) icms_dc=0 , 0.0159410 secs] [Times: user=0.18 sys=0.00, real=0.02 secs] 
Total time for which application threads were stopped: 0.0162850 seconds
2012-01-20T09:30:41.652+0000: 1636.030: [GC 1636.030: [ParNew: 27328K->5440K(27328K), 0.0157300 secs] 2481915K->2460889K(4188864K) icms_dc=0 , 0.0158570 secs] [Times: user=0.18 sys=0.01, real=0.02 secs] 
Total time for which application threads were stopped: 0.0162750 seconds
2012-01-20T09:30:43.125+0000: 1637.503: [GC 1637.503: [ParNew: 27328K->5440K(27328K), 0.0155680 secs] 2482777K->2461984K(4188864K) icms_dc=0 , 0.0156960 secs] [Times: user=0.18 sys=0.00, real=0.02 secs] 
Total time for which application threads were stopped: 0.0161270 seconds
Total time for which application threads were stopped: 0.0003450 seconds
2012-01-20T09:30:44.525+0000: 1638.903: [GC 1638.904: [ParNew: 27328K->5440K(27328K), 0.0155900 secs] 2483872K->2463162K(4188864K) icms_dc=0 , 0.0157190 secs] [Times: user=0.18 sys=0.00, real=0.02 secs] 
Total time for which application threads were stopped: 0.0159950 seconds
2012-01-20T09:30:46.078+0000: 1640.456: [GC 1640.456: [ParNew: 27328K->5440K(27328K), 0.0145030 secs] 2485050K->2463959K(4188864K) icms_dc=0 , 0.0146300 secs] [Times: user=0.16 sys=0.01, real=0.01 secs] 
Total time for which application threads were stopped: 0.0150580 seconds
Total time for which application threads were stopped: 0.0005580 seconds
2012-01-20T09:30:47.652+0000: 1642.030: [GC 1642.030: [ParNew: 27328K->5440K(27328K), 0.0171750 secs] 2485847K->2464984K(4188864K) icms_dc=0 , 0.0173120 secs] [Times: user=0.18 sys=0.01, real=0.02 secs] 
Total time for which application threads were stopped: 0.0176900 seconds
2012-01-20T09:30:49.201+0000: 1643.579: [GC 1643.579: [ParNew: 27328K->5440K(27328K), 0.0172460 secs] 2486872K->2466146K(4188864K) icms_dc=0 , 0.0174280 secs] [Times: user=0.19 sys=0.00, real=0.02 secs] 
Total time for which application threads were stopped: 0.0178530 seconds
2012-01-20T09:30:50.419+0000: 1644.797: [GC 1644.797: [ParNew: 27328K->5440K(27328K), 0.0150900 secs] 2488034K->2466868K(4188864K) icms_dc=0 , 0.0152180 secs] [Times: user=0.18 sys=0.00, real=0.01 secs] 
Total time for which application threads were stopped: 0.0155770 seconds
2012-01-20T09:30:51.890+0000: 1646.269: [GC 1646.269: [ParNew: 27328K->5440K(27328K), 0.0158890 secs] 2488756K->2467920K(4188864K) icms_dc=0 , 0.0160120 secs] [Times: user=0.18 sys=0.01, real=0.01 secs] 
Total time for which application threads were stopped: 0.0163730 seconds
2012-01-20T09:30:53.122+0000: 1647.500: [GC 1647.500: [ParNew: 27328K->5440K(27328K), 0.0154130 secs] 2489808K->2468907K(4188864K) icms_dc=0 , 0.0155350 secs] [Times: user=0.18 sys=0.00, real=0.01 secs] 
Total time for which application threads were stopped: 0.0158870 seconds
Total time for which application threads were stopped: 0.0002500 seconds
2012-01-20T09:30:54.707+0000: 1649.085: [GC 1649.085: [ParNew: 27328K->5440K(27328K), 0.0156410 secs] 2490795K->2470238K(4188864K) icms_dc=0 , 0.0157760 secs] [Times: user=0.17 sys=0.00, real=0.02 secs] 
Total time for which application threads were stopped: 0.0161370 seconds
2012-01-20T09:30:56.034+0000: 1650.412: [GC 1650.412: [ParNew: 27328K->5440K(27328K), 0.0165840 secs] 2492126K->2471702K(4188864K) icms_dc=0 , 0.0167080 secs] [Times: user=0.18 sys=0.01, real=0.02 secs] 
Total time for which application threads were stopped: 0.0170600 seconds
2012-01-20T09:30:57.334+0000: 1651.712: [GC 1651.712: [ParNew: 27328K->5440K(27328K), 0.0164200 secs] 2493590K->2472426K(4188864K) icms_dc=0 , 0.0165410 secs] [Times: user=0.19 sys=0.00, real=0.02 secs] 
Total time for which application threads were stopped: 0.0168920 seconds
2012-01-20T09:30:58.860+0000: 1653.238: [GC 1653.238: [ParNew: 27328K->5440K(27328K), 0.0188700 secs] 2494314K->2474100K(4188864K) icms_dc=0 , 0.0189950 secs] [Times: user=0.21 sys=0.01, real=0.02 secs] 
Total time for which application threads were stopped: 0.0193390 seconds
2012-01-20T09:31:00.188+0000: 1654.566: [GC 1654.566: [ParNew: 27328K->5440K(27328K), 0.0150240 secs] 2495988K->2475129K(4188864K) icms_dc=0 , 0.0151480 secs] [Times: user=0.17 sys=0.01, real=0.02 secs] 
Total time for which application threads were stopped: 0.0155250 seconds
2012-01-20T09:31:01.620+0000: 1655.998: [GC 1655.998: [ParNew: 27328K->5440K(27328K), 0.0147710 secs] 2497017K->2476058K(4188864K) icms_dc=0 , 0.0148970 secs] [Times: user=0.17 sys=0.01, real=0.01 secs] 
Total time for which application threads were stopped: 0.0153190 seconds
2012-01-20T09:31:03.248+0000: 1657.626: [GC 1657.626: [ParNew: 27328K->5440K(27328K), 0.0160130 secs] 2497946K->2477142K(4188864K) icms_dc=0 , 0.0161410 secs] [Times: user=0.17 sys=0.01, real=0.02 secs] 
Total time for which application threads were stopped: 0.0165310 seconds
Total time for which application threads were stopped: 0.0003170 seconds
2012-01-20T09:31:04.614+0000: 1658.993: [GC 1658.993: [ParNew: 27328K->5440K(27328K), 0.0158830 secs] 2499030K->2478338K(4188864K) icms_dc=0 , 0.0160120 secs] [Times: user=0.18 sys=0.00, real=0.02 secs] 
Total time for which application threads were stopped: 0.0162440 seconds
2012-01-20T09:31:05.875+0000: 1660.253: [GC 1660.253: [ParNew: 27328K->5440K(27328K), 0.0149070 secs] 2500226K->2479032K(4188864K) icms_dc=0 , 0.0150360 secs] [Times: user=0.17 sys=0.00, real=0.02 secs] 
Total time for which application threads were stopped: 0.0154450 seconds
2012-01-20T09:31:07.392+0000: 1661.770: [GC 1661.770: [ParNew: 27328K->5440K(27328K), 0.0181720 secs] 2500920K->2480321K(4188864K) icms_dc=0 , 0.0182950 secs] [Times: user=0.20 sys=0.01, real=0.02 secs] 
Total time for which application threads were stopped: 0.0186570 seconds
2012-01-20T09:31:08.891+0000: 1663.269: [GC 1663.270: [ParNew: 27328K->5440K(27328K), 0.0139090 secs] 2502209K->2480468K(4188864K) icms_dc=0 , 0.0140280 secs] [Times: user=0.17 sys=0.00, real=0.01 secs] 
Total time for which application threads were stopped: 0.0144490 seconds
2012-01-20T09:31:10.408+0000: 1664.786: [GC 1664.786: [ParNew: 27328K->5440K(27328K), 0.0163730 secs] 2502356K->2481824K(4188864K) icms_dc=0 , 0.0164940 secs] [Times: user=0.17 sys=0.00, real=0.02 secs] 
Total time for which application threads were stopped: 0.0169450 seconds
2012-01-20T09:31:11.902+0000: 1666.280: [GC 1666.280: [ParNew: 27328K->5440K(27328K), 0.0159980 secs] 2503712K->2482579K(4188864K) icms_dc=0 , 0.0161200 secs] [Times: user=0.18 sys=0.01, real=0.01 secs] 
Total time for which application threads were stopped: 0.0164750 seconds
2012-01-20T09:31:13.479+0000: 1667.858: [GC 1667.858: [ParNew: 27328K->5440K(27328K), 0.0162150 secs] 2504467K->2483780K(4188864K) icms_dc=0 , 0.0163370 secs] [Times: user=0.18 sys=0.00, real=0.02 secs] 
Total time for which application threads were stopped: 0.0167570 seconds
Total time for which application threads were stopped: 0.0002720 seconds
2012-01-20T09:31:15.118+0000: 1669.496: [GC 1669.496: [ParNew: 27328K->5440K(27328K), 0.0159560 secs] 2505668K->2485424K(4188864K) icms_dc=0 , 0.0160900 secs] [Times: user=0.18 sys=0.01, real=0.02 secs] 
Total time for which application threads were stopped: 0.0164820 seconds
2012-01-20T09:31:16.719+0000: 1671.097: [GC 1671.097: [ParNew: 27328K->5440K(27328K), 0.0128830 secs] 2507312K->2485425K(4188864K) icms_dc=0 , 0.0130030 secs] [Times: user=0.15 sys=0.00, real=0.02 secs] 
Total time for which application threads were stopped: 0.0133800 seconds
2012-01-20T09:31:18.191+0000: 1672.569: [GC 1672.569: [ParNew: 27328K->5440K(27328K), 0.0151660 secs] 2507313K->2486497K(4188864K) icms_dc=0 , 0.0152910 secs] [Times: user=0.17 sys=0.00, real=0.01 secs] 
Total time for which application threads were stopped: 0.0156760 seconds
2012-01-20T09:31:19.809+0000: 1674.187: [GC 1674.187: [ParNew: 27328K->5440K(27328K), 0.0132330 secs] 2508385K->2486536K(4188864K) icms_dc=0 , 0.0133540 secs] [Times: user=0.16 sys=0.00, real=0.02 secs] 
Total time for which application threads were stopped: 0.0137390 seconds
2012-01-20T09:31:21.149+0000: 1675.527: [GC 1675.528: [ParNew: 27328K->5440K(27328K), 0.0155870 secs] 2508424K->2487447K(4188864K) icms_dc=0 , 0.0157120 secs] [Times: user=0.17 sys=0.00, real=0.02 secs] 
Total time for which application threads were stopped: 0.0161520 seconds
2012-01-20T09:31:22.622+0000: 1677.001: [GC 1677.001: [ParNew: 27328K->5440K(27328K), 0.0146630 secs] 2509335K->2488033K(4188864K) icms_dc=0 , 0.0147820 secs] [Times: user=0.17 sys=0.01, real=0.01 secs] 
Total time for which application threads were stopped: 0.0151800 seconds
Total time for which application threads were stopped: 0.0002550 seconds
2012-01-20T09:31:24.196+0000: 1678.575: [GC 1678.575: [ParNew: 27328K->5440K(27328K), 0.0156550 secs] 2509921K->2488934K(4188864K) icms_dc=0 , 0.0157850 secs] [Times: user=0.18 sys=0.00, real=0.02 secs] 
Total time for which application threads were stopped: 0.0159830 seconds
2012-01-20T09:31:25.529+0000: 1679.907: [GC 1679.907: [ParNew: 27328K->5440K(27328K), 0.0156810 secs] 2510822K->2490204K(4188864K) icms_dc=0 , 0.0158080 secs] [Times: user=0.18 sys=0.00, real=0.02 secs] 
Total time for which application threads were stopped: 0.0161890 seconds
2012-01-20T09:31:27.191+0000: 1681.569: [GC 1681.569: [ParNew: 27328K->5440K(27328K), 0.0147140 secs] 2512092K->2490677K(4188864K) icms_dc=0 , 0.0148380 secs] [Times: user=0.17 sys=0.00, real=0.02 secs] 
Total time for which application threads were stopped: 0.0152070 seconds
2012-01-20T09:31:28.813+0000: 1683.191: [GC 1683.191: [ParNew: 27328K->5440K(27328K), 0.0164610 secs] 2512565K->2492091K(4188864K) icms_dc=0 , 0.0165840 secs] [Times: user=0.18 sys=0.00, real=0.01 secs] 
Total time for which application threads were stopped: 0.0169380 seconds
2012-01-20T09:31:30.344+0000: 1684.723: [GC 1684.723: [ParNew: 27328K->5440K(27328K), 0.0154750 secs] 2513979K->2492841K(4188864K) icms_dc=0 , 0.0156000 secs] [Times: user=0.17 sys=0.01, real=0.01 secs] 
Total time for which application threads were stopped: 0.0159670 seconds
2012-01-20T09:31:31.855+0000: 1686.233: [GC 1686.233: [ParNew: 27328K->5440K(27328K), 0.0168600 secs] 2514729K->2494609K(4188864K) icms_dc=0 , 0.0169900 secs] [Times: user=0.18 sys=0.01, real=0.01 secs] 
Total time for which application threads were stopped: 0.0173930 seconds
2012-01-20T09:31:33.505+0000: 1687.883: [GC 1687.883: [ParNew: 27328K->5440K(27328K), 0.0143630 secs] 2516497K->2494918K(4188864K) icms_dc=0 , 0.0144890 secs] [Times: user=0.17 sys=0.00, real=0.01 secs] 
Total time for which application threads were stopped: 0.0148620 seconds
Total time for which application threads were stopped: 0.0003330 seconds
2012-01-20T09:31:34.912+0000: 1689.290: [GC 1689.290: [ParNew: 27328K->5440K(27328K), 0.0175890 secs] 2516806K->2496524K(4188864K) icms_dc=0 , 0.0177220 secs] [Times: user=0.19 sys=0.01, real=0.02 secs] 
Total time for which application threads were stopped: 0.0180630 seconds
2012-01-20T09:31:36.352+0000: 1690.730: [GC 1690.730: [ParNew: 27328K->5440K(27328K), 0.0154080 secs] 2518412K->2497444K(4188864K) icms_dc=0 , 0.0155330 secs] [Times: user=0.17 sys=0.00, real=0.01 secs] 
Total time for which application threads were stopped: 0.0159220 seconds
2012-01-20T09:31:37.874+0000: 1692.252: [GC 1692.252: [ParNew: 27328K->5440K(27328K), 0.0156010 secs] 2519332K->2498493K(4188864K) icms_dc=0 , 0.0157280 secs] [Times: user=0.18 sys=0.00, real=0.01 secs] 
Total time for which application threads were stopped: 0.0161130 seconds
2012-01-20T09:31:39.224+0000: 1693.602: [GC 1693.602: [ParNew: 27328K->5440K(27328K), 0.0148800 secs] 2520381K->2499214K(4188864K) icms_dc=0 , 0.0150070 secs] [Times: user=0.17 sys=0.01, real=0.01 secs] 
Total time for which application threads were stopped: 0.0153880 seconds
2012-01-20T09:31:40.497+0000: 1694.876: [GC 1694.876: [ParNew: 27328K->5440K(27328K), 0.0164060 secs] 2521102K->2500257K(4188864K) icms_dc=0 , 0.0165310 secs] [Times: user=0.19 sys=0.01, real=0.02 secs] 
Total time for which application threads were stopped: 0.0168790 seconds
2012-01-20T09:31:42.345+0000: 1696.723: [GC 1696.723: [ParNew: 27328K->5440K(27328K), 0.0142540 secs] 2522145K->2500745K(4188864K) icms_dc=0 , 0.0143780 secs] [Times: user=0.16 sys=0.00, real=0.01 secs] 
Total time for which application threads were stopped: 0.0147810 seconds
2012-01-20T09:31:43.800+0000: 1698.178: [GC 1698.178: [ParNew: 27328K->5440K(27328K), 0.0171840 secs] 2522633K->2502038K(4188864K) icms_dc=0 , 0.0173130 secs] [Times: user=0.19 sys=0.01, real=0.02 secs] 
Total time for which application threads were stopped: 0.0176790 seconds
Total time for which application threads were stopped: 0.0001880 seconds
2012-01-20T09:31:45.435+0000: 1699.813: [GC 1699.813: [ParNew: 27328K->5440K(27328K), 0.0154920 secs] 2523926K->2502860K(4188864K) icms_dc=0 , 0.0156220 secs] [Times: user=0.17 sys=0.01, real=0.01 secs] 
Total time for which application threads were stopped: 0.0160480 seconds
2012-01-20T09:31:46.885+0000: 1701.263: [GC 1701.263: [ParNew: 27328K->5440K(27328K), 0.0165280 secs] 2524748K->2504058K(4188864K) icms_dc=0 , 0.0166610 secs] [Times: user=0.18 sys=0.00, real=0.01 secs] 
Total time for which application threads were stopped: 0.0170480 seconds
2012-01-20T09:31:48.320+0000: 1702.698: [GC 1702.698: [ParNew: 27328K->5440K(27328K), 0.0169170 secs] 2525946K->2505199K(4188864K) icms_dc=0 , 0.0170450 secs] [Times: user=0.19 sys=0.00, real=0.02 secs] 
Total time for which application threads were stopped: 0.0174510 seconds
Total time for which application threads were stopped: 0.0004180 seconds
2012-01-20T09:31:49.905+0000: 1704.283: [GC 1704.283: [ParNew: 27328K->5440K(27328K), 0.0180480 secs] 2527087K->2506898K(4188864K) icms_dc=0 , 0.0181780 secs] [Times: user=0.20 sys=0.00, real=0.01 secs] 
Total time for which application threads were stopped: 0.0185730 seconds
2012-01-20T09:31:51.488+0000: 1705.866: [GC 1705.866: [ParNew: 27328K->5440K(27328K), 0.0141520 secs] 2528786K->2508023K(4188864K) icms_dc=0 , 0.0142790 secs] [Times: user=0.16 sys=0.00, real=0.01 secs] 
Total time for which application threads were stopped: 0.0146720 seconds
2012-01-20T09:31:53.101+0000: 1707.480: [GC 1707.480: [ParNew: 27328K->5440K(27328K), 0.0137030 secs] 2529911K->2508143K(4188864K) icms_dc=0 , 0.0138310 secs] [Times: user=0.17 sys=0.00, real=0.02 secs] 
Total time for which application threads were stopped: 0.0142780 seconds
Total time for which application threads were stopped: 0.0003240 seconds
2012-01-20T09:31:54.631+0000: 1709.009: [GC 1709.009: [ParNew: 27328K->5440K(27328K), 0.0162130 secs] 2530031K->2509586K(4188864K) icms_dc=0 , 0.0163450 secs] [Times: user=0.18 sys=0.00, real=0.02 secs] 
Total time for which application threads were stopped: 0.0165720 seconds
2012-01-20T09:31:56.045+0000: 1710.423: [GC 1710.423: [ParNew: 27328K->5440K(27328K), 0.0142520 secs] 2531474K->2509586K(4188864K) icms_dc=0 , 0.0143860 secs] [Times: user=0.17 sys=0.01, real=0.01 secs] 
Total time for which application threads were stopped: 0.0148110 seconds
2012-01-20T09:31:57.676+0000: 1712.054: [GC 1712.054: [ParNew: 27328K->5440K(27328K), 0.0152150 secs] 2531474K->2510333K(4188864K) icms_dc=0 , 0.0153400 secs] [Times: user=0.17 sys=0.01, real=0.01 secs] 
Total time for which application threads were stopped: 0.0157140 seconds
2012-01-20T09:31:59.214+0000: 1713.592: [GC 1713.592: [ParNew: 27328K->5440K(27328K), 0.0157420 secs] 2532221K->2511039K(4188864K) icms_dc=0 , 0.0158700 secs] [Times: user=0.18 sys=0.00, real=0.02 secs] 
Total time for which application threads were stopped: 0.0162740 seconds
2012-01-20T09:32:00.750+0000: 1715.128: [GC 1715.128: [ParNew: 27328K->5440K(27328K), 0.0164590 secs] 2532927K->2512442K(4188864K) icms_dc=0 , 0.0165870 secs] [Times: user=0.18 sys=0.01, real=0.02 secs] 
Total time for which application threads were stopped: 0.0169520 seconds
2012-01-20T09:32:02.418+0000: 1716.797: [GC 1716.797: [ParNew: 27328K->5440K(27328K), 0.0167690 secs] 2534330K->2513562K(4188864K) icms_dc=0 , 0.0168900 secs] [Times: user=0.19 sys=0.00, real=0.02 secs] 
Total time for which application threads were stopped: 0.0172500 seconds
2012-01-20T09:32:03.794+0000: 1718.173: [GC 1718.173: [ParNew: 27328K->5440K(27328K), 0.0169260 secs] 2535450K->2515068K(4188864K) icms_dc=0 , 0.0170600 secs] [Times: user=0.19 sys=0.01, real=0.02 secs] 
Total time for which application threads were stopped: 0.0174460 seconds
Total time for which application threads were stopped: 0.0001450 seconds
2012-01-20T09:32:05.482+0000: 1719.860: [GC 1719.860: [ParNew: 27328K->5440K(27328K), 0.0175030 secs] 2536956K->2516198K(4188864K) icms_dc=0 , 0.0176390 secs] [Times: user=0.20 sys=0.00, real=0.02 secs] 
Total time for which application threads were stopped: 0.0180510 seconds
2012-01-20T09:32:06.806+0000: 1721.184: [GC 1721.184: [ParNew: 27328K->5440K(27328K), 0.0172310 secs] 2538086K->2517324K(4188864K) icms_dc=0 , 0.0173590 secs] [Times: user=0.20 sys=0.01, real=0.01 secs] 
Total time for which application threads were stopped: 0.0177210 seconds
2012-01-20T09:32:08.205+0000: 1722.583: [GC 1722.583: [ParNew: 27328K->5440K(27328K), 0.0168140 secs] 2539212K->2518529K(4188864K) icms_dc=0 , 0.0169470 secs] [Times: user=0.19 sys=0.00, real=0.02 secs] 
Total time for which application threads were stopped: 0.0173650 seconds
2012-01-20T09:32:09.724+0000: 1724.102: [GC 1724.102: [ParNew: 27328K->5440K(27328K), 0.0172190 secs] 2540417K->2519471K(4188864K) icms_dc=0 , 0.0173420 secs] [Times: user=0.18 sys=0.00, real=0.02 secs] 
Total time for which application threads were stopped: 0.0176960 seconds
2012-01-20T09:32:11.105+0000: 1725.483: [GC 1725.483: [ParNew: 27328K->5440K(27328K), 0.0159600 secs] 2541359K->2520517K(4188864K) icms_dc=0 , 0.0160960 secs] [Times: user=0.18 sys=0.00, real=0.02 secs] 
Total time for which application threads were stopped: 0.0165050 seconds
2012-01-20T09:32:12.645+0000: 1727.023: [GC 1727.023: [ParNew: 27328K->5440K(27328K), 0.0147800 secs] 2542405K->2521403K(4188864K) icms_dc=0 , 0.0149040 secs] [Times: user=0.17 sys=0.01, real=0.02 secs] 
Total time for which application threads were stopped: 0.0152510 seconds
2012-01-20T09:32:14.084+0000: 1728.463: [GC 1728.463: [ParNew: 27328K->5440K(27328K), 0.0141350 secs] 2543291K->2521520K(4188864K) icms_dc=0 , 0.0142610 secs] [Times: user=0.17 sys=0.00, real=0.02 secs] 
Total time for which application threads were stopped: 0.0146600 seconds
Total time for which application threads were stopped: 0.0014720 seconds
Total time for which application threads were stopped: 0.0002130 seconds
2012-01-20T09:32:15.660+0000: 1730.038: [GC 1730.038: [ParNew: 27328K->5440K(27328K), 0.0168030 secs] 2543408K->2522775K(4188864K) icms_dc=0 , 0.0169320 secs] [Times: user=0.19 sys=0.00, real=0.02 secs] 
Total time for which application threads were stopped: 0.0173070 seconds
2012-01-20T09:32:17.324+0000: 1731.702: [GC 1731.702: [ParNew: 27328K->5440K(27328K), 0.0146460 secs] 2544663K->2522835K(4188864K) icms_dc=0 , 0.0147750 secs] [Times: user=0.16 sys=0.00, real=0.02 secs] 
Total time for which application threads were stopped: 0.0151920 seconds
2012-01-20T09:32:18.923+0000: 1733.301: [GC 1733.301: [ParNew: 27328K->5440K(27328K), 0.0153410 secs] 2544723K->2523791K(4188864K) icms_dc=0 , 0.0154670 secs] [Times: user=0.17 sys=0.01, real=0.02 secs] 
Total time for which application threads were stopped: 0.0159290 seconds
2012-01-20T09:32:20.572+0000: 1734.950: [GC 1734.950: [ParNew: 27328K->5440K(27328K), 0.0130830 secs] 2545679K->2523864K(4188864K) icms_dc=0 , 0.0132060 secs] [Times: user=0.15 sys=0.00, real=0.01 secs] 
Total time for which application threads were stopped: 0.0136430 seconds
2012-01-20T09:32:22.130+0000: 1736.508: [GC 1736.508: [ParNew: 27328K->5440K(27328K), 0.0151260 secs] 2545752K->2524502K(4188864K) icms_dc=0 , 0.0152510 secs] [Times: user=0.17 sys=0.00, real=0.01 secs] 
Total time for which application threads were stopped: 0.0157450 seconds
2012-01-20T09:32:23.757+0000: 1738.135: [GC 1738.135: [ParNew: 27328K->5440K(27328K), 0.0158970 secs] 2546390K->2525136K(4188864K) icms_dc=0 , 0.0160210 secs] [Times: user=0.19 sys=0.00, real=0.02 secs] 
Total time for which application threads were stopped: 0.0163790 seconds
Total time for which application threads were stopped: 0.0002620 seconds
2012-01-20T09:32:25.388+0000: 1739.766: [GC 1739.766: [ParNew: 27328K->5440K(27328K), 0.0178160 secs] 2547024K->2526397K(4188864K) icms_dc=0 , 0.0179450 secs] [Times: user=0.19 sys=0.02, real=0.01 secs] 
Total time for which application threads were stopped: 0.0183130 seconds
2012-01-20T09:32:26.768+0000: 1741.147: [GC 1741.147: [ParNew: 27328K->5440K(27328K), 0.0160210 secs] 2548285K->2527696K(4188864K) icms_dc=0 , 0.0161460 secs] [Times: user=0.17 sys=0.00, real=0.01 secs] 
Total time for which application threads were stopped: 0.0165160 seconds
2012-01-20T09:32:28.166+0000: 1742.545: [GC 1742.545: [ParNew: 27328K->5440K(27328K), 0.0147080 secs] 2549584K->2528039K(4188864K) icms_dc=0 , 0.0148310 secs] [Times: user=0.17 sys=0.00, real=0.02 secs] 
Total time for which application threads were stopped: 0.0152630 seconds
2012-01-20T09:32:29.805+0000: 1744.183: [GC 1744.183: [ParNew: 27328K->5440K(27328K), 0.0157440 secs] 2549927K->2529042K(4188864K) icms_dc=0 , 0.0158670 secs] [Times: user=0.18 sys=0.00, real=0.02 secs] 
Total time for which application threads were stopped: 0.0162320 seconds
2012-01-20T09:32:31.406+0000: 1745.785: [GC 1745.785: [ParNew: 27328K->5440K(27328K), 0.0163070 secs] 2550930K->2529955K(4188864K) icms_dc=0 , 0.0164320 secs] [Times: user=0.19 sys=0.00, real=0.02 secs] 
Total time for which application threads were stopped: 0.0169140 seconds
2012-01-20T09:32:32.914+0000: 1747.292: [GC 1747.292: [ParNew: 27328K->5440K(27328K), 0.0158060 secs] 2551843K->2531221K(4188864K) icms_dc=0 , 0.0159350 secs] [Times: user=0.17 sys=0.01, real=0.02 secs] 
Total time for which application threads were stopped: 0.0163660 seconds
2012-01-20T09:32:34.196+0000: 1748.574: [GC 1748.574: [ParNew: 27328K->5440K(27328K), 0.0150750 secs] 2553109K->2532073K(4188864K) icms_dc=0 , 0.0152030 secs] [Times: user=0.17 sys=0.01, real=0.02 secs] 
Total time for which application threads were stopped: 0.0155990 seconds
Total time for which application threads were stopped: 0.0001240 seconds
2012-01-20T09:32:35.697+0000: 1750.075: [GC 1750.075: [ParNew: 27328K->5440K(27328K), 0.0161520 secs] 2553961K->2533469K(4188864K) icms_dc=0 , 0.0162800 secs] [Times: user=0.18 sys=0.00, real=0.02 secs] 
Total time for which application threads were stopped: 0.0166870 seconds
2012-01-20T09:32:37.138+0000: 1751.517: [GC 1751.517: [ParNew: 27328K->5440K(27328K), 0.0150770 secs] 2555357K->2534513K(4188864K) icms_dc=0 , 0.0151990 secs] [Times: user=0.16 sys=0.01, real=0.02 secs] 
Total time for which application threads were stopped: 0.0157160 seconds
2012-01-20T09:32:38.530+0000: 1752.909: [GC 1752.909: [ParNew: 27328K->5440K(27328K), 0.0148370 secs] 2556401K->2535334K(4188864K) icms_dc=0 , 0.0149590 secs] [Times: user=0.17 sys=0.00, real=0.01 secs] 
Total time for which application threads were stopped: 0.0154200 seconds
2012-01-20T09:32:40.023+0000: 1754.401: [GC 1754.401: [ParNew: 27328K->5440K(27328K), 0.0146180 secs] 2557222K->2535882K(4188864K) icms_dc=0 , 0.0147380 secs] [Times: user=0.17 sys=0.00, real=0.01 secs] 
Total time for which application threads were stopped: 0.0151060 seconds
2012-01-20T09:32:41.404+0000: 1755.782: [GC 1755.782: [ParNew: 27328K->5440K(27328K), 0.0191320 secs] 2557770K->2537069K(4188864K) icms_dc=0 , 0.0192590 secs] [Times: user=0.22 sys=0.00, real=0.02 secs] 
Total time for which application threads were stopped: 0.0196270 seconds
2012-01-20T09:32:42.839+0000: 1757.217: [GC 1757.218: [ParNew: 27328K->5440K(27328K), 0.0165750 secs] 2558957K->2538458K(4188864K) icms_dc=0 , 0.0167110 secs] [Times: user=0.19 sys=0.00, real=0.02 secs] 
Total time for which application threads were stopped: 0.0171010 seconds
2012-01-20T09:32:44.246+0000: 1758.624: [GC 1758.624: [ParNew: 27328K->5440K(27328K), 0.0162690 secs] 2560346K->2539222K(4188864K) icms_dc=0 , 0.0163990 secs] [Times: user=0.19 sys=0.00, real=0.02 secs] 
Total time for which application threads were stopped: 0.0168110 seconds
Total time for which application threads were stopped: 0.0001390 seconds
2012-01-20T09:32:45.702+0000: 1760.080: [GC 1760.080: [ParNew: 27328K->5440K(27328K), 0.0164890 secs] 2561110K->2540751K(4188864K) icms_dc=0 , 0.0166210 secs] [Times: user=0.18 sys=0.00, real=0.01 secs] 
Total time for which application threads were stopped: 0.0170010 seconds
Total time for which application threads were stopped: 0.0005180 seconds
2012-01-20T09:32:47.189+0000: 1761.567: [GC 1761.567: [ParNew: 27328K->5440K(27328K), 0.0173930 secs] 2562639K->2542333K(4188864K) icms_dc=0 , 0.0175250 secs] [Times: user=0.20 sys=0.00, real=0.02 secs] 
Total time for which application threads were stopped: 0.0178590 seconds
2012-01-20T09:32:48.656+0000: 1763.034: [GC 1763.034: [ParNew: 27328K->5440K(27328K), 0.0149110 secs] 2564221K->2542734K(4188864K) icms_dc=0 , 0.0150360 secs] [Times: user=0.18 sys=0.01, real=0.02 secs] 
Total time for which application threads were stopped: 0.0154130 seconds
2012-01-20T09:32:50.074+0000: 1764.452: [GC 1764.452: [ParNew: 27328K->5440K(27328K), 0.0167150 secs] 2564622K->2544244K(4188864K) icms_dc=0 , 0.0168470 secs] [Times: user=0.19 sys=0.01, real=0.01 secs] 
Total time for which application threads were stopped: 0.0172320 seconds
2012-01-20T09:32:51.546+0000: 1765.924: [GC 1765.924: [ParNew: 27328K->5440K(27328K), 0.0159230 secs] 2566132K->2545493K(4188864K) icms_dc=0 , 0.0160500 secs] [Times: user=0.19 sys=0.00, real=0.02 secs] 
Total time for which application threads were stopped: 0.0164250 seconds
2012-01-20T09:32:53.047+0000: 1767.425: [GC 1767.425: [ParNew: 27328K->5440K(27328K), 0.0160540 secs] 2567381K->2546637K(4188864K) icms_dc=0 , 0.0161840 secs] [Times: user=0.17 sys=0.01, real=0.02 secs] 
Total time for which application threads were stopped: 0.0165860 seconds
Total time for which application threads were stopped: 0.0002350 seconds
2012-01-20T09:32:54.527+0000: 1768.905: [GC 1768.905: [ParNew: 27328K->5440K(27328K), 0.0158070 secs] 2568525K->2547911K(4188864K) icms_dc=0 , 0.0159330 secs] [Times: user=0.18 sys=0.01, real=0.02 secs] 
Total time for which application threads were stopped: 0.0161760 seconds
2012-01-20T09:32:55.826+0000: 1770.204: [GC 1770.204: [ParNew: 27328K->5440K(27328K), 0.0149240 secs] 2569799K->2548368K(4188864K) icms_dc=0 , 0.0150500 secs] [Times: user=0.18 sys=0.00, real=0.01 secs] 
Total time for which application threads were stopped: 0.0155100 seconds
2012-01-20T09:32:57.015+0000: 1771.394: [GC 1771.394: [ParNew: 27328K->5440K(27328K), 0.0165460 secs] 2570256K->2549292K(4188864K) icms_dc=0 , 0.0166760 secs] [Times: user=0.19 sys=0.00, real=0.02 secs] 
Total time for which application threads were stopped: 0.0171440 seconds
2012-01-20T09:32:58.417+0000: 1772.796: [GC 1772.796: [ParNew: 27328K->5440K(27328K), 0.0156680 secs] 2571180K->2550233K(4188864K) icms_dc=0 , 0.0157950 secs] [Times: user=0.18 sys=0.00, real=0.02 secs] 
Total time for which application threads were stopped: 0.0161700 seconds
2012-01-20T09:33:00.037+0000: 1774.415: [GC 1774.415: [ParNew: 27328K->5440K(27328K), 0.0157480 secs] 2572121K->2551366K(4188864K) icms_dc=0 , 0.0158740 secs] [Times: user=0.17 sys=0.00, real=0.02 secs] 
Total time for which application threads were stopped: 0.0162560 seconds
2012-01-20T09:33:01.534+0000: 1775.912: [GC 1775.912: [ParNew: 27328K->5440K(27328K), 0.0151840 secs] 2573254K->2552116K(4188864K) icms_dc=0 , 0.0153120 secs] [Times: user=0.18 sys=0.00, real=0.01 secs] 
Total time for which application threads were stopped: 0.0157460 seconds
2012-01-20T09:33:03.058+0000: 1777.436: [GC 1777.436: [ParNew: 27328K->5440K(27328K), 0.0153270 secs] 2574004K->2553191K(4188864K) icms_dc=0 , 0.0154560 secs] [Times: user=0.17 sys=0.00, real=0.02 secs] 
Total time for which application threads were stopped: 0.0158240 seconds
Total time for which application threads were stopped: 0.0002520 seconds
2012-01-20T09:33:04.507+0000: 1778.885: [GC 1778.885: [ParNew: 27328K->5440K(27328K), 0.0132060 secs] 2575079K->2553270K(4188864K) icms_dc=0 , 0.0133280 secs] [Times: user=0.16 sys=0.00, real=0.01 secs] 
Total time for which application threads were stopped: 0.0135450 seconds
2012-01-20T09:33:05.838+0000: 1780.216: [GC 1780.216: [ParNew: 27328K->5440K(27328K), 0.0153940 secs] 2575158K->2554151K(4188864K) icms_dc=0 , 0.0155200 secs] [Times: user=0.16 sys=0.00, real=0.02 secs] 
Total time for which application threads were stopped: 0.0158680 seconds
2012-01-20T09:33:07.363+0000: 1781.741: [GC 1781.741: [ParNew: 27328K->5440K(27328K), 0.0147060 secs] 2576039K->2554989K(4188864K) icms_dc=0 , 0.0148330 secs] [Times: user=0.17 sys=0.00, real=0.01 secs] 
Total time for which application threads were stopped: 0.0152090 seconds
2012-01-20T09:33:08.877+0000: 1783.255: [GC 1783.255: [ParNew: 27328K->5440K(27328K), 0.0154140 secs] 2576877K->2555917K(4188864K) icms_dc=0 , 0.0155400 secs] [Times: user=0.18 sys=0.00, real=0.01 secs] 
Total time for which application threads were stopped: 0.0159120 seconds
2012-01-20T09:33:10.650+0000: 1785.028: [GC 1785.028: [ParNew: 27328K->5440K(27328K), 0.0167820 secs] 2577805K->2557410K(4188864K) icms_dc=0 , 0.0169080 secs] [Times: user=0.19 sys=0.01, real=0.02 secs] 
Total time for which application threads were stopped: 0.0172990 seconds
2012-01-20T09:33:12.200+0000: 1786.578: [GC 1786.578: [ParNew: 27328K->5440K(27328K), 0.0157230 secs] 2579298K->2558787K(4188864K) icms_dc=0 , 0.0158470 secs] [Times: user=0.18 sys=0.01, real=0.02 secs] 
Total time for which application threads were stopped: 0.0163070 seconds
2012-01-20T09:33:13.673+0000: 1788.052: [GC 1788.052: [ParNew: 27328K->5440K(27328K), 0.0141990 secs] 2580675K->2559282K(4188864K) icms_dc=0 , 0.0143230 secs] [Times: user=0.16 sys=0.00, real=0.01 secs] 
Total time for which application threads were stopped: 0.0146880 seconds
Total time for which application threads were stopped: 0.0003000 seconds
2012-01-20T09:33:15.127+0000: 1789.505: [GC 1789.505: [ParNew: 27328K->5440K(27328K), 0.0168290 secs] 2581170K->2560699K(4188864K) icms_dc=0 , 0.0169580 secs] [Times: user=0.18 sys=0.00, real=0.02 secs] 
Total time for which application threads were stopped: 0.0173310 seconds
2012-01-20T09:33:16.596+0000: 1790.974: [GC 1790.974: [ParNew: 27328K->5440K(27328K), 0.0143420 secs] 2582587K->2561150K(4188864K) icms_dc=0 , 0.0144680 secs] [Times: user=0.17 sys=0.00, real=0.01 secs] 
Total time for which application threads were stopped: 0.0149460 seconds
2012-01-20T09:33:18.152+0000: 1792.530: [GC 1792.530: [ParNew: 27328K->5440K(27328K), 0.0179200 secs] 2583038K->2562711K(4188864K) icms_dc=0 , 0.0180490 secs] [Times: user=0.18 sys=0.01, real=0.02 secs] 
Total time for which application threads were stopped: 0.0184280 seconds
2012-01-20T09:33:19.777+0000: 1794.155: [GC 1794.155: [ParNew: 27328K->5440K(27328K), 0.0161480 secs] 2584599K->2563846K(4188864K) icms_dc=0 , 0.0162960 secs] [Times: user=0.18 sys=0.00, real=0.01 secs] 
Total time for which application threads were stopped: 0.0166890 seconds
2012-01-20T09:33:21.336+0000: 1795.714: [GC 1795.714: [ParNew: 27328K->5440K(27328K), 0.0154170 secs] 2585734K->2564782K(4188864K) icms_dc=0 , 0.0155440 secs] [Times: user=0.17 sys=0.00, real=0.01 secs] 
Total time for which application threads were stopped: 0.0159110 seconds
2012-01-20T09:33:22.858+0000: 1797.236: [GC 1797.236: [ParNew: 27328K->5440K(27328K), 0.0178280 secs] 2586670K->2565828K(4188864K) icms_dc=0 , 0.0179510 secs] [Times: user=0.20 sys=0.01, real=0.02 secs] 
Total time for which application threads were stopped: 0.0183490 seconds
2012-01-20T09:33:24.179+0000: 1798.557: [GC 1798.557: [ParNew: 27328K->5440K(27328K), 0.0153000 secs] 2587716K->2566451K(4188864K) icms_dc=0 , 0.0154240 secs] [Times: user=0.17 sys=0.01, real=0.02 secs] 
Total time for which application threads were stopped: 0.0157820 seconds
Total time for which application threads were stopped: 0.0002170 seconds
2012-01-20T09:33:25.477+0000: 1799.855: [GC 1799.855: [ParNew: 27328K->5440K(27328K), 0.0157290 secs] 2588339K->2567585K(4188864K) icms_dc=0 , 0.0158580 secs] [Times: user=0.18 sys=0.00, real=0.01 secs] 
Total time for which application threads were stopped: 0.0162180 seconds
2012-01-20T09:33:26.631+0000: 1801.009: [GC 1801.009: [ParNew: 27328K->5440K(27328K), 0.0158420 secs] 2589473K->2568557K(4188864K) icms_dc=0 , 0.0159690 secs] [Times: user=0.18 sys=0.01, real=0.02 secs] 
Total time for which application threads were stopped: 0.0163140 seconds
2012-01-20T09:33:28.059+0000: 1802.437: [GC 1802.438: [ParNew: 27328K->5440K(27328K), 0.0159700 secs] 2590445K->2569971K(4188864K) icms_dc=0 , 0.0160930 secs] [Times: user=0.18 sys=0.00, real=0.02 secs] 
Total time for which application threads were stopped: 0.0165010 seconds
2012-01-20T09:33:29.412+0000: 1803.790: [GC 1803.790: [ParNew: 27328K->5440K(27328K), 0.0152950 secs] 2591859K->2571076K(4188864K) icms_dc=0 , 0.0154200 secs] [Times: user=0.17 sys=0.01, real=0.02 secs] 
Total time for which application threads were stopped: 0.0157760 seconds
2012-01-20T09:33:30.635+0000: 1805.013: [GC 1805.013: [ParNew: 27328K->5440K(27328K), 0.0164770 secs] 2592964K->2572060K(4188864K) icms_dc=0 , 0.0166070 secs] [Times: user=0.19 sys=0.00, real=0.02 secs] 
Total time for which application threads were stopped: 0.0169670 seconds
2012-01-20T09:33:32.027+0000: 1806.405: [GC 1806.405: [ParNew: 27328K->5440K(27328K), 0.0153370 secs] 2593948K->2572806K(4188864K) icms_dc=0 , 0.0154600 secs] [Times: user=0.18 sys=0.00, real=0.01 secs] 
Total time for which application threads were stopped: 0.0158240 seconds
2012-01-20T09:33:33.387+0000: 1807.765: [GC 1807.765: [ParNew: 27328K->5440K(27328K), 0.0157610 secs] 2594694K->2573857K(4188864K) icms_dc=0 , 0.0158820 secs] [Times: user=0.18 sys=0.00, real=0.01 secs] 
Total time for which application threads were stopped: 0.0162680 seconds
Total time for which application threads were stopped: 0.0003030 seconds
2012-01-20T09:33:34.901+0000: 1809.279: [GC 1809.279: [ParNew: 27328K->5440K(27328K), 0.0158590 secs] 2595745K->2574972K(4188864K) icms_dc=0 , 0.0159880 secs] [Times: user=0.18 sys=0.00, real=0.02 secs] 
Total time for which application threads were stopped: 0.0162080 seconds
2012-01-20T09:33:36.575+0000: 1810.954: [GC 1810.954: [ParNew: 27328K->5440K(27328K), 0.0160800 secs] 2596860K->2575679K(4188864K) icms_dc=0 , 0.0162510 secs] [Times: user=0.19 sys=0.00, real=0.02 secs] 
Total time for which application threads were stopped: 0.0166040 seconds
2012-01-20T09:33:38.024+0000: 1812.402: [GC 1812.402: [ParNew: 27328K->5440K(27328K), 0.0179890 secs] 2597567K->2576802K(4188864K) icms_dc=0 , 0.0181170 secs] [Times: user=0.20 sys=0.01, real=0.02 secs] 
Total time for which application threads were stopped: 0.0184660 seconds
2012-01-20T09:33:39.571+0000: 1813.949: [GC 1813.949: [ParNew: 27328K->5440K(27328K), 0.0161030 secs] 2598690K->2578159K(4188864K) icms_dc=0 , 0.0162310 secs] [Times: user=0.18 sys=0.01, real=0.02 secs] 
Total time for which application threads were stopped: 0.0166440 seconds
2012-01-20T09:33:40.973+0000: 1815.351: [GC 1815.351: [ParNew: 27328K->5440K(27328K), 0.0159840 secs] 2600047K->2578233K(4188864K) icms_dc=0 , 0.0161040 secs] [Times: user=0.19 sys=0.00, real=0.02 secs] 
Total time for which application threads were stopped: 0.0164600 seconds
2012-01-20T09:33:42.188+0000: 1816.566: [GC 1816.566: [ParNew: 27328K->5440K(27328K), 0.0154990 secs] 2600121K->2579360K(4188864K) icms_dc=0 , 0.0156200 secs] [Times: user=0.18 sys=0.00, real=0.01 secs] 
Total time for which application threads were stopped: 0.0160430 seconds
2012-01-20T09:33:43.606+0000: 1817.985: [GC 1817.985: [ParNew: 27328K->5440K(27328K), 0.0149180 secs] 2601248K->2579400K(4188864K) icms_dc=0 , 0.0150410 secs] [Times: user=0.18 sys=0.00, real=0.02 secs] 
Total time for which application threads were stopped: 0.0154370 seconds
Total time for which application threads were stopped: 0.0002630 seconds
2012-01-20T09:33:45.002+0000: 1819.380: [GC 1819.380: [ParNew: 27328K->5440K(27328K), 0.0165330 secs] 2601288K->2580421K(4188864K) icms_dc=0 , 0.0166630 secs] [Times: user=0.19 sys=0.01, real=0.02 secs] 
Total time for which application threads were stopped: 0.0169570 seconds
2012-01-20T09:33:46.670+0000: 1821.048: [GC 1821.048: [ParNew: 27328K->5440K(27328K), 0.0156320 secs] 2602309K->2581256K(4188864K) icms_dc=0 , 0.0157550 secs] [Times: user=0.17 sys=0.01, real=0.01 secs] 
Total time for which application threads were stopped: 0.0161050 seconds
2012-01-20T09:33:47.906+0000: 1822.284: [GC 1822.284: [ParNew: 27328K->5440K(27328K), 0.0140710 secs] 2603144K->2581595K(4188864K) icms_dc=0 , 0.0141940 secs] [Times: user=0.16 sys=0.01, real=0.02 secs] 
Total time for which application threads were stopped: 0.0145320 seconds
2012-01-20T09:33:49.347+0000: 1823.725: [GC 1823.725: [ParNew: 27328K->5440K(27328K), 0.0194550 secs] 2603483K->2582916K(4188864K) icms_dc=0 , 0.0195820 secs] [Times: user=0.21 sys=0.01, real=0.02 secs] 
Total time for which application threads were stopped: 0.0200040 seconds
2012-01-20T09:33:50.725+0000: 1825.103: [GC 1825.103: [ParNew: 27328K->5440K(27328K), 0.0156750 secs] 2604804K->2584051K(4188864K) icms_dc=0 , 0.0157960 secs] [Times: user=0.17 sys=0.00, real=0.02 secs] 
Total time for which application threads were stopped: 0.0161630 seconds
2012-01-20T09:33:52.054+0000: 1826.433: [GC 1826.433: [ParNew: 27328K->5440K(27328K), 0.0164190 secs] 2605939K->2585049K(4188864K) icms_dc=0 , 0.0165450 secs] [Times: user=0.17 sys=0.00, real=0.02 secs] 
Total time for which application threads were stopped: 0.0169240 seconds
2012-01-20T09:33:53.493+0000: 1827.871: [GC 1827.871: [ParNew: 27328K->5440K(27328K), 0.0156560 secs] 2606937K->2586086K(4188864K) icms_dc=0 , 0.0157770 secs] [Times: user=0.17 sys=0.01, real=0.02 secs] 
Total time for which application threads were stopped: 0.0161790 seconds
Total time for which application threads were stopped: 0.0002920 seconds
2012-01-20T09:33:54.896+0000: 1829.274: [GC 1829.274: [ParNew: 27328K->5440K(27328K), 0.0156450 secs] 2607974K->2586985K(4188864K) icms_dc=0 , 0.0157760 secs] [Times: user=0.18 sys=0.01, real=0.02 secs] 
Total time for which application threads were stopped: 0.0160070 seconds
2012-01-20T09:33:56.237+0000: 1830.616: [GC 1830.616: [ParNew: 27328K->5440K(27328K), 0.0155100 secs] 2608873K->2587957K(4188864K) icms_dc=0 , 0.0156330 secs] [Times: user=0.16 sys=0.00, real=0.02 secs] 
Total time for which application threads were stopped: 0.0160180 seconds
2012-01-20T09:33:57.658+0000: 1832.037: [GC 1832.037: [ParNew: 27328K->5440K(27328K), 0.0146590 secs] 2609845K->2588668K(4188864K) icms_dc=0 , 0.0147840 secs] [Times: user=0.17 sys=0.00, real=0.01 secs] 
Total time for which application threads were stopped: 0.0151950 seconds
2012-01-20T09:33:59.299+0000: 1833.677: [GC 1833.677: [ParNew: 27328K->5440K(27328K), 0.0149730 secs] 2610556K->2589617K(4188864K) icms_dc=0 , 0.0150990 secs] [Times: user=0.17 sys=0.00, real=0.01 secs] 
Total time for which application threads were stopped: 0.0154620 seconds
2012-01-20T09:34:00.799+0000: 1835.177: [GC 1835.177: [ParNew: 27328K->5440K(27328K), 0.0157130 secs] 2611505K->2590654K(4188864K) icms_dc=0 , 0.0158390 secs] [Times: user=0.18 sys=0.00, real=0.01 secs] 
Total time for which application threads were stopped: 0.0162410 seconds
2012-01-20T09:34:02.428+0000: 1836.806: [GC 1836.806: [ParNew: 27328K->5440K(27328K), 0.0159320 secs] 2612542K->2591869K(4188864K) icms_dc=0 , 0.0160590 secs] [Times: user=0.17 sys=0.01, real=0.02 secs] 
Total time for which application threads were stopped: 0.0164790 seconds
2012-01-20T09:34:03.799+0000: 1838.177: [GC 1838.177: [ParNew: 27328K->5440K(27328K), 0.0133910 secs] 2613757K->2592022K(4188864K) icms_dc=0 , 0.0135150 secs] [Times: user=0.16 sys=0.01, real=0.02 secs] 
Total time for which application threads were stopped: 0.0139280 seconds
Total time for which application threads were stopped: 0.0003120 seconds
2012-01-20T09:34:05.287+0000: 1839.665: [GC 1839.665: [ParNew: 27328K->5440K(27328K), 0.0160230 secs] 2613910K->2593439K(4188864K) icms_dc=0 , 0.0161510 secs] [Times: user=0.16 sys=0.01, real=0.02 secs] 
Total time for which application threads were stopped: 0.0165480 seconds
2012-01-20T09:34:06.728+0000: 1841.106: [GC 1841.106: [ParNew: 27328K->5440K(27328K), 0.0132880 secs] 2615327K->2593477K(4188864K) icms_dc=0 , 0.0134120 secs] [Times: user=0.16 sys=0.01, real=0.02 secs] 
Total time for which application threads were stopped: 0.0137910 seconds
2012-01-20T09:34:08.162+0000: 1842.541: [GC 1842.541: [ParNew: 27328K->5440K(27328K), 0.0153890 secs] 2615365K->2594326K(4188864K) icms_dc=0 , 0.0155150 secs] [Times: user=0.18 sys=0.01, real=0.01 secs] 
Total time for which application threads were stopped: 0.0158620 seconds
2012-01-20T09:34:09.507+0000: 1843.885: [GC 1843.885: [ParNew: 27328K->5440K(27328K), 0.0140070 secs] 2616214K->2594508K(4188864K) icms_dc=0 , 0.0141280 secs] [Times: user=0.17 sys=0.00, real=0.02 secs] 
Total time for which application threads were stopped: 0.0144830 seconds
2012-01-20T09:34:10.920+0000: 1845.298: [GC 1845.298: [ParNew: 27328K->5440K(27328K), 0.0151500 secs] 2616396K->2595370K(4188864K) icms_dc=0 , 0.0152660 secs] [Times: user=0.17 sys=0.00, real=0.01 secs] 
Total time for which application threads were stopped: 0.0156200 seconds
2012-01-20T09:34:12.468+0000: 1846.846: [GC 1846.846: [ParNew: 27328K->5440K(27328K), 0.0147340 secs] 2617258K->2595974K(4188864K) icms_dc=0 , 0.0148600 secs] [Times: user=0.17 sys=0.01, real=0.02 secs] 
Total time for which application threads were stopped: 0.0152850 seconds
2012-01-20T09:34:14.108+0000: 1848.487: [GC 1848.487: [ParNew: 27328K->5440K(27328K), 0.0154690 secs] 2617862K->2596808K(4188864K) icms_dc=0 , 0.0155920 secs] [Times: user=0.17 sys=0.00, real=0.02 secs] 
Total time for which application threads were stopped: 0.0159920 seconds
Total time for which application threads were stopped: 0.0002960 seconds
2012-01-20T09:34:15.536+0000: 1849.914: [GC 1849.914: [ParNew: 27328K->5440K(27328K), 0.0171510 secs] 2618696K->2597639K(4188864K) icms_dc=0 , 0.0172770 secs] [Times: user=0.19 sys=0.00, real=0.02 secs] 
Total time for which application threads were stopped: 0.0176320 seconds
2012-01-20T09:34:16.994+0000: 1851.373: [GC 1851.373: [ParNew: 27328K->5440K(27328K), 0.0172150 secs] 2619527K->2599138K(4188864K) icms_dc=0 , 0.0173490 secs] [Times: user=0.18 sys=0.01, real=0.02 secs] 
Total time for which application threads were stopped: 0.0177380 seconds
2012-01-20T09:34:18.346+0000: 1852.724: [GC 1852.724: [ParNew: 27328K->5440K(27328K), 0.0147400 secs] 2621026K->2599507K(4188864K) icms_dc=0 , 0.0148690 secs] [Times: user=0.17 sys=0.00, real=0.02 secs] 
Total time for which application threads were stopped: 0.0152780 seconds
2012-01-20T09:34:19.742+0000: 1854.121: [GC 1854.121: [ParNew: 27328K->5440K(27328K), 0.0162710 secs] 2621395K->2600960K(4188864K) icms_dc=0 , 0.0164000 secs] [Times: user=0.18 sys=0.00, real=0.01 secs] 
Total time for which application threads were stopped: 0.0168250 seconds
2012-01-20T09:34:21.151+0000: 1855.529: [GC 1855.529: [ParNew: 27328K->5440K(27328K), 0.0157750 secs] 2622848K->2602006K(4188864K) icms_dc=0 , 0.0158990 secs] [Times: user=0.18 sys=0.00, real=0.02 secs] 
Total time for which application threads were stopped: 0.0162530 seconds
2012-01-20T09:34:22.788+0000: 1857.166: [GC 1857.166: [ParNew: 27328K->5440K(27328K), 0.0154780 secs] 2623894K->2602564K(4188864K) icms_dc=0 , 0.0155980 secs] [Times: user=0.18 sys=0.01, real=0.02 secs] 
Total time for which application threads were stopped: 0.0159620 seconds
2012-01-20T09:34:24.137+0000: 1858.515: [GC 1858.515: [ParNew: 27328K->5440K(27328K), 0.0154680 secs] 2624452K->2603400K(4188864K) icms_dc=0 , 0.0155930 secs] [Times: user=0.17 sys=0.01, real=0.02 secs] 
Total time for which application threads were stopped: 0.0159570 seconds
Total time for which application threads were stopped: 0.0002380 seconds
2012-01-20T09:34:25.398+0000: 1859.776: [GC 1859.776: [ParNew: 27328K->5440K(27328K), 0.0145620 secs] 2625288K->2603863K(4188864K) icms_dc=0 , 0.0146860 secs] [Times: user=0.17 sys=0.00, real=0.02 secs] 
Total time for which application threads were stopped: 0.0150490 seconds
2012-01-20T09:34:26.906+0000: 1861.284: [GC 1861.285: [ParNew: 27328K->5440K(27328K), 0.0159650 secs] 2625751K->2604924K(4188864K) icms_dc=0 , 0.0160930 secs] [Times: user=0.17 sys=0.01, real=0.02 secs] 
Total time for which application threads were stopped: 0.0164610 seconds
2012-01-20T09:34:28.406+0000: 1862.784: [GC 1862.784: [ParNew: 27328K->5440K(27328K), 0.0152880 secs] 2626812K->2605761K(4188864K) icms_dc=0 , 0.0154130 secs] [Times: user=0.17 sys=0.00, real=0.01 secs] 
Total time for which application threads were stopped: 0.0157720 seconds
2012-01-20T09:34:29.951+0000: 1864.329: [GC 1864.329: [ParNew: 27328K->5440K(27328K), 0.0145640 secs] 2627649K->2606637K(4188864K) icms_dc=0 , 0.0146860 secs] [Times: user=0.17 sys=0.00, real=0.02 secs] 
Total time for which application threads were stopped: 0.0150950 seconds
2012-01-20T09:34:31.420+0000: 1865.798: [GC 1865.799: [ParNew: 27328K->5440K(27328K), 0.0158810 secs] 2628525K->2607672K(4188864K) icms_dc=0 , 0.0160050 secs] [Times: user=0.17 sys=0.00, real=0.02 secs] 
Total time for which application threads were stopped: 0.0164240 seconds
2012-01-20T09:34:32.973+0000: 1867.351: [GC 1867.352: [ParNew: 27328K->5440K(27328K), 0.0130400 secs] 2629560K->2607750K(4188864K) icms_dc=0 , 0.0131630 secs] [Times: user=0.16 sys=0.00, real=0.01 secs] 
Total time for which application threads were stopped: 0.0135670 seconds
2012-01-20T09:34:34.347+0000: 1868.725: [GC 1868.725: [ParNew: 27328K->5440K(27328K), 0.0159740 secs] 2629638K->2608896K(4188864K) icms_dc=0 , 0.0161010 secs] [Times: user=0.17 sys=0.00, real=0.02 secs] 
Total time for which application threads were stopped: 0.0165000 seconds
Total time for which application threads were stopped: 0.0001810 seconds
2012-01-20T09:34:35.863+0000: 1870.241: [GC 1870.241: [ParNew: 27328K->5440K(27328K), 0.0142360 secs] 2630784K->2608914K(4188864K) icms_dc=0 , 0.0143620 secs] [Times: user=0.17 sys=0.00, real=0.01 secs] 
Total time for which application threads were stopped: 0.0147660 seconds
2012-01-20T09:34:37.509+0000: 1871.887: [GC 1871.887: [ParNew: 27328K->5440K(27328K), 0.0166330 secs] 2630802K->2610062K(4188864K) icms_dc=0 , 0.0167610 secs] [Times: user=0.18 sys=0.01, real=0.02 secs] 
Total time for which application threads were stopped: 0.0171390 seconds
2012-01-20T09:34:39.157+0000: 1873.536: [GC 1873.536: [ParNew: 27328K->5440K(27328K), 0.0133640 secs] 2631950K->2610118K(4188864K) icms_dc=0 , 0.0134910 secs] [Times: user=0.16 sys=0.00, real=0.01 secs] 
Total time for which application threads were stopped: 0.0139380 seconds
2012-01-20T09:34:40.724+0000: 1875.102: [GC 1875.102: [ParNew: 27328K->5440K(27328K), 0.0149630 secs] 2632006K->2610914K(4188864K) icms_dc=0 , 0.0150870 secs] [Times: user=0.16 sys=0.00, real=0.01 secs] 
Total time for which application threads were stopped: 0.0155040 seconds
2012-01-20T09:34:42.214+0000: 1876.592: [GC 1876.592: [ParNew: 27328K->5440K(27328K), 0.0140130 secs] 2632802K->2611196K(4188864K) icms_dc=0 , 0.0141360 secs] [Times: user=0.17 sys=0.00, real=0.01 secs] 
Total time for which application threads were stopped: 0.0145250 seconds
2012-01-20T09:34:43.664+0000: 1878.042: [GC 1878.042: [ParNew: 27328K->5440K(27328K), 0.0156690 secs] 2633084K->2612212K(4188864K) icms_dc=0 , 0.0157910 secs] [Times: user=0.18 sys=0.01, real=0.01 secs] 
Total time for which application threads were stopped: 0.0161750 seconds
Total time for which application threads were stopped: 0.0002470 seconds
2012-01-20T09:34:45.047+0000: 1879.426: [GC 1879.426: [ParNew: 27328K->5440K(27328K), 0.0178890 secs] 2634100K->2613136K(4188864K) icms_dc=0 , 0.0180230 secs] [Times: user=0.21 sys=0.00, real=0.02 secs] 
Total time for which application threads were stopped: 0.0182920 seconds
2012-01-20T09:34:46.556+0000: 1880.934: [GC 1880.934: [ParNew: 27328K->5440K(27328K), 0.0153750 secs] 2635024K->2614093K(4188864K) icms_dc=0 , 0.0155070 secs] [Times: user=0.16 sys=0.01, real=0.01 secs] 
Total time for which application threads were stopped: 0.0158850 seconds
Total time for which application threads were stopped: 0.0004740 seconds
2012-01-20T09:34:47.969+0000: 1882.347: [GC 1882.347: [ParNew: 27328K->5440K(27328K), 0.0145920 secs] 2635981K->2614881K(4188864K) icms_dc=0 , 0.0147210 secs] [Times: user=0.16 sys=0.01, real=0.01 secs] 
Total time for which application threads were stopped: 0.0150510 seconds
2012-01-20T09:34:49.618+0000: 1883.996: [GC 1883.996: [ParNew: 27328K->5440K(27328K), 0.0156520 secs] 2636769K->2615754K(4188864K) icms_dc=0 , 0.0157850 secs] [Times: user=0.17 sys=0.00, real=0.02 secs] 
Total time for which application threads were stopped: 0.0161510 seconds
2012-01-20T09:34:51.092+0000: 1885.470: [GC 1885.470: [ParNew: 27328K->5440K(27328K), 0.0158320 secs] 2637642K->2616612K(4188864K) icms_dc=0 , 0.0159650 secs] [Times: user=0.18 sys=0.00, real=0.02 secs] 
Total time for which application threads were stopped: 0.0163810 seconds
2012-01-20T09:34:52.608+0000: 1886.986: [GC 1886.987: [ParNew: 27328K->5440K(27328K), 0.0159060 secs] 2638500K->2617753K(4188864K) icms_dc=0 , 0.0160340 secs] [Times: user=0.18 sys=0.00, real=0.02 secs] 
Total time for which application threads were stopped: 0.0163810 seconds
2012-01-20T09:34:54.182+0000: 1888.560: [GC 1888.560: [ParNew: 27328K->5440K(27328K), 0.0149850 secs] 2639641K->2618449K(4188864K) icms_dc=0 , 0.0151090 secs] [Times: user=0.17 sys=0.01, real=0.02 secs] 
Total time for which application threads were stopped: 0.0154630 seconds
Total time for which application threads were stopped: 0.0002160 seconds
2012-01-20T09:34:55.603+0000: 1889.981: [GC 1889.981: [ParNew: 27328K->5440K(27328K), 0.0150190 secs] 2640337K->2619522K(4188864K) icms_dc=0 , 0.0151500 secs] [Times: user=0.17 sys=0.00, real=0.02 secs] 
Total time for which application threads were stopped: 0.0155220 seconds
2012-01-20T09:34:57.145+0000: 1891.523: [GC 1891.524: [ParNew: 27328K->5440K(27328K), 0.0152780 secs] 2641410K->2620410K(4188864K) icms_dc=0 , 0.0154060 secs] [Times: user=0.17 sys=0.01, real=0.01 secs] 
Total time for which application threads were stopped: 0.0157730 seconds
2012-01-20T09:34:58.701+0000: 1893.080: [GC 1893.080: [ParNew: 27328K->5440K(27328K), 0.0158000 secs] 2642298K->2621476K(4188864K) icms_dc=0 , 0.0159250 secs] [Times: user=0.17 sys=0.00, real=0.02 secs] 
Total time for which application threads were stopped: 0.0163130 seconds
2012-01-20T09:35:00.173+0000: 1894.551: [GC 1894.551: [ParNew: 27328K->5440K(27328K), 0.0164970 secs] 2643364K->2622533K(4188864K) icms_dc=0 , 0.0166240 secs] [Times: user=0.18 sys=0.01, real=0.02 secs] 
Total time for which application threads were stopped: 0.0170660 seconds
2012-01-20T09:35:01.500+0000: 1895.879: [GC 1895.879: [ParNew: 27328K->5440K(27328K), 0.0159450 secs] 2644421K->2623534K(4188864K) icms_dc=0 , 0.0160720 secs] [Times: user=0.19 sys=0.00, real=0.02 secs] 
Total time for which application threads were stopped: 0.0164470 seconds
2012-01-20T09:35:03.178+0000: 1897.557: [GC 1897.557: [ParNew: 27328K->5440K(27328K), 0.0146260 secs] 2645422K->2624463K(4188864K) icms_dc=0 , 0.0147580 secs] [Times: user=0.16 sys=0.01, real=0.01 secs] 
Total time for which application threads were stopped: 0.0151420 seconds
Total time for which application threads were stopped: 0.0002520 seconds
2012-01-20T09:35:04.929+0000: 1899.307: [GC 1899.308: [ParNew: 27328K->5440K(27328K), 0.0140770 secs] 2646351K->2624872K(4188864K) icms_dc=0 , 0.0142090 secs] [Times: user=0.15 sys=0.00, real=0.01 secs] 
Total time for which application threads were stopped: 0.0145140 seconds
2012-01-20T09:35:06.602+0000: 1900.980: [GC 1900.980: [ParNew: 27328K->5440K(27328K), 0.0152590 secs] 2646760K->2625833K(4188864K) icms_dc=0 , 0.0153870 secs] [Times: user=0.17 sys=0.01, real=0.02 secs] 
Total time for which application threads were stopped: 0.0157670 seconds
2012-01-20T09:35:08.084+0000: 1902.462: [GC 1902.462: [ParNew: 27328K->5440K(27328K), 0.0164810 secs] 2647721K->2626786K(4188864K) icms_dc=0 , 0.0166110 secs] [Times: user=0.19 sys=0.00, real=0.02 secs] 
Total time for which application threads were stopped: 0.0170340 seconds
2012-01-20T09:35:09.502+0000: 1903.881: [GC 1903.881: [ParNew: 27328K->5440K(27328K), 0.0153420 secs] 2648674K->2627771K(4188864K) icms_dc=0 , 0.0154690 secs] [Times: user=0.17 sys=0.01, real=0.02 secs] 
Total time for which application threads were stopped: 0.0158670 seconds
2012-01-20T09:35:10.876+0000: 1905.254: [GC 1905.254: [ParNew: 27328K->5440K(27328K), 0.0153770 secs] 2649659K->2628725K(4188864K) icms_dc=0 , 0.0155040 secs] [Times: user=0.17 sys=0.00, real=0.02 secs] 
Total time for which application threads were stopped: 0.0158920 seconds
2012-01-20T09:35:12.338+0000: 1906.716: [GC 1906.716: [ParNew: 27328K->5440K(27328K), 0.0148670 secs] 2650613K->2629422K(4188864K) icms_dc=0 , 0.0149930 secs] [Times: user=0.18 sys=0.00, real=0.01 secs] 
Total time for which application threads were stopped: 0.0154430 seconds
2012-01-20T09:35:13.761+0000: 1908.139: [GC 1908.139: [ParNew: 27328K->5440K(27328K), 0.0168140 secs] 2651310K->2631012K(4188864K) icms_dc=0 , 0.0169430 secs] [Times: user=0.17 sys=0.02, real=0.02 secs] 
Total time for which application threads were stopped: 0.0173840 seconds
Total time for which application threads were stopped: 0.0002380 seconds
2012-01-20T09:35:15.312+0000: 1909.691: [GC 1909.691: [ParNew: 27328K->5440K(27328K), 0.0149650 secs] 2652900K->2631664K(4188864K) icms_dc=0 , 0.0150940 secs] [Times: user=0.17 sys=0.00, real=0.02 secs] 
Total time for which application threads were stopped: 0.0155300 seconds
2012-01-20T09:35:16.751+0000: 1911.129: [GC 1911.129: [ParNew: 27328K->5440K(27328K), 0.0159160 secs] 2653552K->2632615K(4188864K) icms_dc=0 , 0.0160460 secs] [Times: user=0.18 sys=0.00, real=0.02 secs] 
Total time for which application threads were stopped: 0.0164420 seconds
2012-01-20T09:35:18.475+0000: 1912.853: [GC 1912.853: [ParNew: 27328K->5440K(27328K), 0.0154610 secs] 2654503K->2633530K(4188864K) icms_dc=0 , 0.0155920 secs] [Times: user=0.18 sys=0.00, real=0.02 secs] 
Total time for which application threads were stopped: 0.0160350 seconds
Total time for which application threads were stopped: 0.0004970 seconds
2012-01-20T09:35:19.885+0000: 1914.263: [GC 1914.263: [ParNew: 27328K->5440K(27328K), 0.0152700 secs] 2655418K->2634533K(4188864K) icms_dc=0 , 0.0153970 secs] [Times: user=0.17 sys=0.00, real=0.02 secs] 
Total time for which application threads were stopped: 0.0157580 seconds
2012-01-20T09:35:21.636+0000: 1916.014: [GC 1916.014: [ParNew: 27328K->5440K(27328K), 0.0152570 secs] 2656421K->2635548K(4188864K) icms_dc=0 , 0.0153880 secs] [Times: user=0.16 sys=0.00, real=0.02 secs] 
Total time for which application threads were stopped: 0.0158520 seconds
2012-01-20T09:35:23.238+0000: 1917.616: [GC 1917.616: [ParNew: 27328K->5440K(27328K), 0.0150040 secs] 2657436K->2636537K(4188864K) icms_dc=0 , 0.0151340 secs] [Times: user=0.17 sys=0.00, real=0.01 secs] 
Total time for which application threads were stopped: 0.0155120 seconds
2012-01-20T09:35:24.558+0000: 1918.937: [GC 1918.937: [ParNew: 27328K->5440K(27328K), 0.0142110 secs] 2658425K->2636951K(4188864K) icms_dc=0 , 0.0143420 secs] [Times: user=0.16 sys=0.00, real=0.01 secs] 
Total time for which application threads were stopped: 0.0147690 seconds
Total time for which application threads were stopped: 0.0001580 seconds
2012-01-20T09:35:25.939+0000: 1920.317: [GC 1920.318: [ParNew: 27328K->5440K(27328K), 0.0161530 secs] 2658839K->2638050K(4188864K) icms_dc=0 , 0.0162850 secs] [Times: user=0.18 sys=0.01, real=0.01 secs] 
Total time for which application threads were stopped: 0.0166550 seconds
2012-01-20T09:35:27.562+0000: 1921.940: [GC 1921.940: [ParNew: 27328K->5440K(27328K), 0.0181570 secs] 2659938K->2639128K(4188864K) icms_dc=0 , 0.0182850 secs] [Times: user=0.21 sys=0.00, real=0.02 secs] 
Total time for which application threads were stopped: 0.0187550 seconds
2012-01-20T09:35:29.060+0000: 1923.438: [GC 1923.438: [ParNew: 27328K->5440K(27328K), 0.0181620 secs] 2661016K->2640653K(4188864K) icms_dc=0 , 0.0182960 secs] [Times: user=0.20 sys=0.00, real=0.02 secs] 
Total time for which application threads were stopped: 0.0187340 seconds
2012-01-20T09:35:30.716+0000: 1925.094: [GC 1925.094: [ParNew: 27328K->5440K(27328K), 0.0146440 secs] 2662541K->2641708K(4188864K) icms_dc=0 , 0.0147730 secs] [Times: user=0.16 sys=0.01, real=0.02 secs] 
Total time for which application threads were stopped: 0.0151410 seconds
2012-01-20T09:35:32.223+0000: 1926.601: [GC 1926.602: [ParNew: 27328K->5440K(27328K), 0.0141670 secs] 2663596K->2641721K(4188864K) icms_dc=0 , 0.0142920 secs] [Times: user=0.17 sys=0.00, real=0.01 secs] 
Total time for which application threads were stopped: 0.0146770 seconds
2012-01-20T09:35:33.683+0000: 1928.062: [GC 1928.062: [ParNew: 27328K->5440K(27328K), 0.0156740 secs] 2663609K->2642757K(4188864K) icms_dc=0 , 0.0158040 secs] [Times: user=0.18 sys=0.01, real=0.02 secs] 
Total time for which application threads were stopped: 0.0162460 seconds
Total time for which application threads were stopped: 0.0003390 seconds
2012-01-20T09:35:35.214+0000: 1929.592: [GC 1929.592: [ParNew: 27328K->5440K(27328K), 0.0134860 secs] 2664645K->2642791K(4188864K) icms_dc=0 , 0.0136130 secs] [Times: user=0.16 sys=0.00, real=0.01 secs] 
Total time for which application threads were stopped: 0.0138820 seconds
2012-01-20T09:35:36.818+0000: 1931.196: [GC 1931.196: [ParNew: 27328K->5440K(27328K), 0.0158960 secs] 2664679K->2643682K(4188864K) icms_dc=0 , 0.0160240 secs] [Times: user=0.18 sys=0.00, real=0.02 secs] 
Total time for which application threads were stopped: 0.0164080 seconds
2012-01-20T09:35:38.555+0000: 1932.933: [GC 1932.933: [ParNew: 27328K->5440K(27328K), 0.0138410 secs] 2665570K->2643806K(4188864K) icms_dc=0 , 0.0139670 secs] [Times: user=0.16 sys=0.01, real=0.02 secs] 
Total time for which application threads were stopped: 0.0143820 seconds
2012-01-20T09:35:40.217+0000: 1934.595: [GC 1934.595: [ParNew: 27328K->5440K(27328K), 0.0147160 secs] 2665694K->2644338K(4188864K) icms_dc=0 , 0.0148420 secs] [Times: user=0.17 sys=0.00, real=0.02 secs] 
Total time for which application threads were stopped: 0.0152110 seconds
2012-01-20T09:35:41.781+0000: 1936.159: [GC 1936.159: [ParNew: 27328K->5440K(27328K), 0.0149580 secs] 2666226K->2644900K(4188864K) icms_dc=0 , 0.0150890 secs] [Times: user=0.17 sys=0.01, real=0.01 secs] 
Total time for which application threads were stopped: 0.0154780 seconds
2012-01-20T09:35:43.139+0000: 1937.517: [GC 1937.518: [ParNew: 27328K->5440K(27328K), 0.0155630 secs] 2666788K->2646009K(4188864K) icms_dc=0 , 0.0156900 secs] [Times: user=0.17 sys=0.01, real=0.02 secs] 
Total time for which application threads were stopped: 0.0161540 seconds
2012-01-20T09:35:44.601+0000: 1938.979: [GC 1938.979: [ParNew: 27328K->5440K(27328K), 0.0157870 secs] 2667897K->2646568K(4188864K) icms_dc=0 , 0.0159150 secs] [Times: user=0.18 sys=0.00, real=0.01 secs] 
Total time for which application threads were stopped: 0.0164220 seconds
Total time for which application threads were stopped: 0.0002190 seconds
2012-01-20T09:35:46.334+0000: 1940.712: [GC 1940.713: [ParNew: 27328K->5440K(27328K), 0.0152150 secs] 2668456K->2647460K(4188864K) icms_dc=0 , 0.0153420 secs] [Times: user=0.17 sys=0.00, real=0.02 secs] 
Total time for which application threads were stopped: 0.0157600 seconds
2012-01-20T09:35:47.742+0000: 1942.120: [GC 1942.120: [ParNew: 27328K->5440K(27328K), 0.0158120 secs] 2669348K->2648525K(4188864K) icms_dc=0 , 0.0159420 secs] [Times: user=0.18 sys=0.00, real=0.01 secs] 
Total time for which application threads were stopped: 0.0163470 seconds
2012-01-20T09:35:49.387+0000: 1943.766: [GC 1943.766: [ParNew: 27328K->5440K(27328K), 0.0154730 secs] 2670413K->2649465K(4188864K) icms_dc=0 , 0.0156030 secs] [Times: user=0.17 sys=0.01, real=0.02 secs] 
Total time for which application threads were stopped: 0.0159750 seconds
2012-01-20T09:35:50.850+0000: 1945.229: [GC 1945.229: [ParNew: 27328K->5440K(27328K), 0.0155530 secs] 2671353K->2650461K(4188864K) icms_dc=0 , 0.0156820 secs] [Times: user=0.17 sys=0.01, real=0.01 secs] 
Total time for which application threads were stopped: 0.0160600 seconds
2012-01-20T09:35:52.509+0000: 1946.887: [GC 1946.888: [ParNew: 27328K->5440K(27328K), 0.0161160 secs] 2672349K->2651721K(4188864K) icms_dc=0 , 0.0162460 secs] [Times: user=0.18 sys=0.01, real=0.02 secs] 
Total time for which application threads were stopped: 0.0166570 seconds
2012-01-20T09:35:54.288+0000: 1948.666: [GC 1948.666: [ParNew: 27328K->5440K(27328K), 0.0156460 secs] 2673609K->2652800K(4188864K) icms_dc=0 , 0.0157770 secs] [Times: user=0.18 sys=0.00, real=0.02 secs] 
Total time for which application threads were stopped: 0.0161640 seconds
Total time for which application threads were stopped: 0.0032310 seconds
Total time for which application threads were stopped: 0.0001330 seconds
2012-01-20T09:35:55.920+0000: 1950.298: [GC 1950.298: [ParNew: 27328K->5440K(27328K), 0.0159140 secs] 2674688K->2653579K(4188864K) icms_dc=0 , 0.0160460 secs] [Times: user=0.19 sys=0.00, real=0.02 secs] 
Total time for which application threads were stopped: 0.0164580 seconds
2012-01-20T09:35:57.372+0000: 1951.750: [GC 1951.750: [ParNew: 27328K->5440K(27328K), 0.0161880 secs] 2675467K->2654764K(4188864K) icms_dc=0 , 0.0163170 secs] [Times: user=0.17 sys=0.01, real=0.01 secs] 
Total time for which application threads were stopped: 0.0167010 seconds
2012-01-20T09:35:58.903+0000: 1953.281: [GC 1953.281: [ParNew: 27328K->5440K(27328K), 0.0180240 secs] 2676652K->2655766K(4188864K) icms_dc=0 , 0.0181540 secs] [Times: user=0.20 sys=0.01, real=0.02 secs] 
Total time for which application threads were stopped: 0.0185310 seconds
2012-01-20T09:36:00.558+0000: 1954.936: [GC 1954.936: [ParNew: 27328K->5440K(27328K), 0.0179650 secs] 2677654K->2657216K(4188864K) icms_dc=0 , 0.0180920 secs] [Times: user=0.19 sys=0.02, real=0.02 secs] 
Total time for which application threads were stopped: 0.0185110 seconds
2012-01-20T09:36:01.987+0000: 1956.365: [GC 1956.365: [ParNew: 27328K->5440K(27328K), 0.0141870 secs] 2679104K->2657677K(4188864K) icms_dc=0 , 0.0143130 secs] [Times: user=0.17 sys=0.00, real=0.01 secs] 
Total time for which application threads were stopped: 0.0147010 seconds
2012-01-20T09:36:03.397+0000: 1957.775: [GC 1957.775: [ParNew: 27328K->5440K(27328K), 0.0153330 secs] 2679565K->2658527K(4188864K) icms_dc=0 , 0.0154580 secs] [Times: user=0.16 sys=0.01, real=0.02 secs] 
Total time for which application threads were stopped: 0.0158530 seconds
Total time for which application threads were stopped: 0.0003170 seconds
2012-01-20T09:36:04.952+0000: 1959.330: [GC 1959.330: [ParNew: 27328K->5440K(27328K), 0.0155870 secs] 2680415K->2659698K(4188864K) icms_dc=0 , 0.0157150 secs] [Times: user=0.18 sys=0.01, real=0.01 secs] 
Total time for which application threads were stopped: 0.0160930 seconds
2012-01-20T09:36:06.604+0000: 1960.983: [GC 1960.983: [ParNew: 27328K->5440K(27328K), 0.0148870 secs] 2681586K->2660634K(4188864K) icms_dc=0 , 0.0150130 secs] [Times: user=0.16 sys=0.01, real=0.01 secs] 
Total time for which application threads were stopped: 0.0154520 seconds
2012-01-20T09:36:08.172+0000: 1962.550: [GC 1962.550: [ParNew: 27328K->5440K(27328K), 0.0138790 secs] 2682522K->2660998K(4188864K) icms_dc=0 , 0.0140040 secs] [Times: user=0.16 sys=0.00, real=0.02 secs] 
Total time for which application threads were stopped: 0.0143940 seconds
2012-01-20T09:36:09.455+0000: 1963.833: [GC 1963.833: [ParNew: 27328K->5440K(27328K), 0.0157380 secs] 2682886K->2662056K(4188864K) icms_dc=0 , 0.0158630 secs] [Times: user=0.18 sys=0.00, real=0.01 secs] 
Total time for which application threads were stopped: 0.0162390 seconds
2012-01-20T09:36:10.911+0000: 1965.289: [GC 1965.289: [ParNew: 27328K->5440K(27328K), 0.0171200 secs] 2683944K->2663070K(4188864K) icms_dc=0 , 0.0172460 secs] [Times: user=0.19 sys=0.00, real=0.02 secs] 
Total time for which application threads were stopped: 0.0176460 seconds
2012-01-20T09:36:12.627+0000: 1967.005: [GC 1967.005: [ParNew: 27328K->5440K(27328K), 0.0166310 secs] 2684958K->2664243K(4188864K) icms_dc=0 , 0.0167570 secs] [Times: user=0.19 sys=0.00, real=0.02 secs] 
Total time for which application threads were stopped: 0.0171770 seconds
2012-01-20T09:36:14.165+0000: 1968.543: [GC 1968.543: [ParNew: 27328K->5440K(27328K), 0.0151430 secs] 2686131K->2665351K(4188864K) icms_dc=0 , 0.0152750 secs] [Times: user=0.17 sys=0.00, real=0.01 secs] 
Total time for which application threads were stopped: 0.0156980 seconds
Total time for which application threads were stopped: 0.0002850 seconds
2012-01-20T09:36:15.907+0000: 1970.285: [GC 1970.285: [ParNew: 27328K->5440K(27328K), 0.0173250 secs] 2687239K->2666200K(4188864K) icms_dc=0 , 0.0174510 secs] [Times: user=0.20 sys=0.00, real=0.02 secs] 
Total time for which application threads were stopped: 0.0178790 seconds
Total time for which application threads were stopped: 0.0004990 seconds
2012-01-20T09:36:17.401+0000: 1971.779: [GC 1971.780: [ParNew: 27328K->5440K(27328K), 0.0154310 secs] 2688088K->2667274K(4188864K) icms_dc=0 , 0.0155560 secs] [Times: user=0.17 sys=0.00, real=0.02 secs] 
Total time for which application threads were stopped: 0.0158620 seconds
2012-01-20T09:36:19.238+0000: 1973.616: [GC 1973.617: [ParNew: 27328K->5440K(27328K), 0.0164670 secs] 2689162K->2668895K(4188864K) icms_dc=0 , 0.0165970 secs] [Times: user=0.18 sys=0.00, real=0.02 secs] 
Total time for which application threads were stopped: 0.0170290 seconds
2012-01-20T09:36:20.643+0000: 1975.021: [GC 1975.021: [ParNew: 27328K->5440K(27328K), 0.0154420 secs] 2690783K->2670116K(4188864K) icms_dc=0 , 0.0155680 secs] [Times: user=0.17 sys=0.01, real=0.02 secs] 
Total time for which application threads were stopped: 0.0159500 seconds
2012-01-20T09:36:22.170+0000: 1976.548: [GC 1976.548: [ParNew: 27328K->5440K(27328K), 0.0150930 secs] 2692004K->2671255K(4188864K) icms_dc=0 , 0.0152210 secs] [Times: user=0.17 sys=0.00, real=0.02 secs] 
Total time for which application threads were stopped: 0.0156500 seconds
2012-01-20T09:36:23.540+0000: 1977.919: [GC 1977.919: [ParNew: 27328K->5440K(27328K), 0.0157190 secs] 2693143K->2671630K(4188864K) icms_dc=0 , 0.0158430 secs] [Times: user=0.19 sys=0.01, real=0.02 secs] 
Total time for which application threads were stopped: 0.0162130 seconds
Total time for which application threads were stopped: 0.0002810 seconds
2012-01-20T09:36:25.159+0000: 1979.538: [GC 1979.538: [ParNew: 27328K->5440K(27328K), 0.0165220 secs] 2693518K->2673158K(4188864K) icms_dc=0 , 0.0166440 secs] [Times: user=0.18 sys=0.01, real=0.02 secs] 
Total time for which application threads were stopped: 0.0169010 seconds
2012-01-20T09:36:26.610+0000: 1980.988: [GC 1980.988: [ParNew: 27328K->5440K(27328K), 0.0150000 secs] 2695046K->2674043K(4188864K) icms_dc=0 , 0.0151340 secs] [Times: user=0.17 sys=0.00, real=0.02 secs] 
Total time for which application threads were stopped: 0.0155470 seconds
2012-01-20T09:36:28.032+0000: 1982.411: [GC 1982.411: [ParNew: 27328K->5440K(27328K), 0.0147090 secs] 2695931K->2674867K(4188864K) icms_dc=0 , 0.0148350 secs] [Times: user=0.16 sys=0.00, real=0.02 secs] 
Total time for which application threads were stopped: 0.0152120 seconds
2012-01-20T09:36:29.388+0000: 1983.766: [GC 1983.766: [ParNew: 27328K->5440K(27328K), 0.0145220 secs] 2696755K->2675652K(4188864K) icms_dc=0 , 0.0146550 secs] [Times: user=0.16 sys=0.01, real=0.01 secs] 
Total time for which application threads were stopped: 0.0150250 seconds
2012-01-20T09:36:30.971+0000: 1985.349: [GC 1985.349: [ParNew: 27328K->5440K(27328K), 0.0144690 secs] 2697540K->2676389K(4188864K) icms_dc=0 , 0.0145940 secs] [Times: user=0.17 sys=0.00, real=0.02 secs] 
Total time for which application threads were stopped: 0.0149560 seconds
2012-01-20T09:36:32.416+0000: 1986.794: [GC 1986.794: [ParNew: 27328K->5440K(27328K), 0.0156920 secs] 2698277K->2677256K(4188864K) icms_dc=0 , 0.0158170 secs] [Times: user=0.18 sys=0.00, real=0.01 secs] 
Total time for which application threads were stopped: 0.0161790 seconds
2012-01-20T09:36:33.905+0000: 1988.283: [GC 1988.283: [ParNew: 27328K->5440K(27328K), 0.0130550 secs] 2699144K->2677301K(4188864K) icms_dc=0 , 0.0131810 secs] [Times: user=0.16 sys=0.00, real=0.02 secs] 
Total time for which application threads were stopped: 0.0135400 seconds
Total time for which application threads were stopped: 0.0002900 seconds
2012-01-20T09:36:35.238+0000: 1989.616: [GC 1989.616: [ParNew: 27328K->5440K(27328K), 0.0150600 secs] 2699189K->2678113K(4188864K) icms_dc=0 , 0.0151880 secs] [Times: user=0.17 sys=0.00, real=0.01 secs] 
Total time for which application threads were stopped: 0.0154840 seconds
2012-01-20T09:36:36.638+0000: 1991.016: [GC 1991.016: [ParNew: 27328K->5440K(27328K), 0.0133600 secs] 2700001K->2678332K(4188864K) icms_dc=0 , 0.0134820 secs] [Times: user=0.15 sys=0.01, real=0.01 secs] 
Total time for which application threads were stopped: 0.0138500 seconds
2012-01-20T09:36:38.277+0000: 1992.655: [GC 1992.655: [ParNew: 27328K->5440K(27328K), 0.0145170 secs] 2700220K->2679052K(4188864K) icms_dc=0 , 0.0146390 secs] [Times: user=0.16 sys=0.01, real=0.01 secs] 
Total time for which application threads were stopped: 0.0150350 seconds
2012-01-20T09:36:39.508+0000: 1993.886: [GC 1993.886: [ParNew: 27328K->5440K(27328K), 0.0137660 secs] 2700940K->2679322K(4188864K) icms_dc=0 , 0.0138890 secs] [Times: user=0.16 sys=0.00, real=0.01 secs] 
Total time for which application threads were stopped: 0.0143180 seconds
2012-01-20T09:36:41.148+0000: 1995.526: [GC 1995.526: [ParNew: 27328K->5440K(27328K), 0.0150750 secs] 2701210K->2680001K(4188864K) icms_dc=0 , 0.0152010 secs] [Times: user=0.17 sys=0.01, real=0.01 secs] 
Total time for which application threads were stopped: 0.0156110 seconds
2012-01-20T09:36:42.859+0000: 1997.237: [GC 1997.237: [ParNew: 27328K->5440K(27328K), 0.0149440 secs] 2701889K->2680755K(4188864K) icms_dc=0 , 0.0150700 secs] [Times: user=0.16 sys=0.01, real=0.01 secs] 
Total time for which application threads were stopped: 0.0154360 seconds
2012-01-20T09:36:44.325+0000: 1998.703: [GC 1998.703: [ParNew: 27328K->5440K(27328K), 0.0156180 secs] 2702643K->2681505K(4188864K) icms_dc=0 , 0.0157470 secs] [Times: user=0.17 sys=0.00, real=0.02 secs] 
Total time for which application threads were stopped: 0.0161270 seconds
Total time for which application threads were stopped: 0.0002710 seconds
2012-01-20T09:36:45.885+0000: 2000.263: [GC 2000.263: [ParNew: 27328K->5440K(27328K), 0.0174920 secs] 2703393K->2683414K(4188864K) icms_dc=0 , 0.0176270 secs] [Times: user=0.18 sys=0.00, real=0.02 secs] 
Total time for which application threads were stopped: 0.0179900 seconds
2012-01-20T09:36:47.329+0000: 2001.708: [GC 2001.708: [ParNew: 27328K->5440K(27328K), 0.0139320 secs] 2705302K->2683863K(4188864K) icms_dc=0 , 0.0140560 secs] [Times: user=0.16 sys=0.00, real=0.01 secs] 
Total time for which application threads were stopped: 0.0145110 seconds
2012-01-20T09:36:48.814+0000: 2003.192: [GC 2003.192: [ParNew: 27328K->5440K(27328K), 0.0176520 secs] 2705751K->2685860K(4188864K) icms_dc=0 , 0.0177790 secs] [Times: user=0.19 sys=0.01, real=0.02 secs] 
Total time for which application threads were stopped: 0.0181610 seconds
2012-01-20T09:36:50.615+0000: 2004.993: [GC 2004.993: [ParNew: 27328K->5440K(27328K), 0.0145450 secs] 2707748K->2685947K(4188864K) icms_dc=0 , 0.0146710 secs] [Times: user=0.18 sys=0.01, real=0.02 secs] 
Total time for which application threads were stopped: 0.0150450 seconds
2012-01-20T09:36:52.225+0000: 2006.603: [GC 2006.603: [ParNew: 27328K->5440K(27328K), 0.0158910 secs] 2707835K->2687159K(4188864K) icms_dc=0 , 0.0160160 secs] [Times: user=0.18 sys=0.01, real=0.02 secs] 
Total time for which application threads were stopped: 0.0164290 seconds
2012-01-20T09:36:53.591+0000: 2007.969: [GC 2007.970: [ParNew: 27328K->5440K(27328K), 0.0155190 secs] 2709047K->2688019K(4188864K) icms_dc=0 , 0.0156410 secs] [Times: user=0.17 sys=0.01, real=0.01 secs] 
Total time for which application threads were stopped: 0.0160150 seconds
2012-01-20T09:36:54.987+0000: 2009.366: [GC 2009.366: [ParNew: 27328K->5440K(27328K), 0.0144450 secs] 2709907K->2688255K(4188864K) icms_dc=0 , 0.0145730 secs] [Times: user=0.17 sys=0.00, real=0.02 secs] 
Total time for which application threads were stopped: 0.0149480 seconds
Total time for which application threads were stopped: 0.0001230 seconds
2012-01-20T09:36:56.300+0000: 2010.678: [GC 2010.678: [ParNew: 27328K->5440K(27328K), 0.0134910 secs] 2710143K->2688329K(4188864K) icms_dc=0 , 0.0136180 secs] [Times: user=0.16 sys=0.00, real=0.01 secs] 
Total time for which application threads were stopped: 0.0140480 seconds
2012-01-20T09:36:57.705+0000: 2012.083: [GC 2012.083: [ParNew: 27328K->5440K(27328K), 0.0161450 secs] 2710217K->2689561K(4188864K) icms_dc=0 , 0.0162810 secs] [Times: user=0.17 sys=0.00, real=0.02 secs] 
Total time for which application threads were stopped: 0.0167180 seconds
2012-01-20T09:36:59.166+0000: 2013.544: [GC 2013.544: [ParNew: 27328K->5440K(27328K), 0.0131790 secs] 2711449K->2689601K(4188864K) icms_dc=0 , 0.0133030 secs] [Times: user=0.16 sys=0.00, real=0.02 secs] 
Total time for which application threads were stopped: 0.0137170 seconds
2012-01-20T09:37:00.676+0000: 2015.055: [GC 2015.055: [ParNew: 27328K->5440K(27328K), 0.0156450 secs] 2711489K->2690548K(4188864K) icms_dc=0 , 0.0157760 secs] [Times: user=0.18 sys=0.00, real=0.02 secs] 
Total time for which application threads were stopped: 0.0161960 seconds
2012-01-20T09:37:02.028+0000: 2016.406: [GC 2016.406: [ParNew: 27328K->5440K(27328K), 0.0141190 secs] 2712436K->2690992K(4188864K) icms_dc=0 , 0.0142500 secs] [Times: user=0.16 sys=0.01, real=0.02 secs] 
Total time for which application threads were stopped: 0.0146270 seconds
2012-01-20T09:37:03.433+0000: 2017.812: [GC 2017.812: [ParNew: 27328K->5440K(27328K), 0.0158260 secs] 2712880K->2692243K(4188864K) icms_dc=0 , 0.0159490 secs] [Times: user=0.18 sys=0.00, real=0.02 secs] 
Total time for which application threads were stopped: 0.0163390 seconds
2012-01-20T09:37:04.993+0000: 2019.371: [GC 2019.371: [ParNew: 27328K->5440K(27328K), 0.0186840 secs] 2714131K->2693131K(4188864K) icms_dc=0 , 0.0188060 secs] [Times: user=0.22 sys=0.00, real=0.02 secs] 
Total time for which application threads were stopped: 0.0192060 seconds
Total time for which application threads were stopped: 0.0001680 seconds
2012-01-20T09:37:06.594+0000: 2020.972: [GC 2020.972: [ParNew: 27328K->5440K(27328K), 0.0149040 secs] 2715019K->2694126K(4188864K) icms_dc=0 , 0.0150390 secs] [Times: user=0.17 sys=0.00, real=0.02 secs] 
Total time for which application threads were stopped: 0.0153940 seconds
2012-01-20T09:37:08.179+0000: 2022.557: [GC 2022.557: [ParNew: 27328K->5440K(27328K), 0.0152870 secs] 2716014K->2695242K(4188864K) icms_dc=0 , 0.0154160 secs] [Times: user=0.17 sys=0.01, real=0.01 secs] 
Total time for which application threads were stopped: 0.0157600 seconds
2012-01-20T09:37:09.812+0000: 2024.191: [GC 2024.191: [ParNew: 27328K->5440K(27328K), 0.0153050 secs] 2717130K->2696036K(4188864K) icms_dc=0 , 0.0154270 secs] [Times: user=0.18 sys=0.00, real=0.01 secs] 
Total time for which application threads were stopped: 0.0159050 seconds
2012-01-20T09:37:11.397+0000: 2025.775: [GC 2025.775: [ParNew: 27328K->5440K(27328K), 0.0154240 secs] 2717924K->2697176K(4188864K) icms_dc=0 , 0.0155480 secs] [Times: user=0.16 sys=0.01, real=0.02 secs] 
Total time for which application threads were stopped: 0.0159010 seconds
2012-01-20T09:37:12.907+0000: 2027.286: [GC 2027.286: [ParNew: 27328K->5440K(27328K), 0.0153590 secs] 2719064K->2698445K(4188864K) icms_dc=0 , 0.0154860 secs] [Times: user=0.17 sys=0.00, real=0.02 secs] 
Total time for which application threads were stopped: 0.0158530 seconds
2012-01-20T09:37:14.462+0000: 2028.840: [GC 2028.840: [ParNew: 27328K->5440K(27328K), 0.0154570 secs] 2720333K->2699430K(4188864K) icms_dc=0 , 0.0155810 secs] [Times: user=0.17 sys=0.00, real=0.01 secs] 
Total time for which application threads were stopped: 0.0159630 seconds
Total time for which application threads were stopped: 0.0003010 seconds
2012-01-20T09:37:16.199+0000: 2030.577: [GC 2030.577: [ParNew: 27328K->5440K(27328K), 0.0152500 secs] 2721318K->2700610K(4188864K) icms_dc=0 , 0.0153790 secs] [Times: user=0.17 sys=0.01, real=0.02 secs] 
Total time for which application threads were stopped: 0.0157100 seconds
2012-01-20T09:37:17.651+0000: 2032.029: [GC 2032.029: [ParNew: 27328K->5440K(27328K), 0.0150960 secs] 2722498K->2701633K(4188864K) icms_dc=0 , 0.0152210 secs] [Times: user=0.17 sys=0.01, real=0.01 secs] 
Total time for which application threads were stopped: 0.0155730 seconds
2012-01-20T09:37:19.035+0000: 2033.413: [GC 2033.413: [ParNew: 27328K->5440K(27328K), 0.0151340 secs] 2723521K->2702481K(4188864K) icms_dc=0 , 0.0152580 secs] [Times: user=0.17 sys=0.01, real=0.01 secs] 
Total time for which application threads were stopped: 0.0156590 seconds
2012-01-20T09:37:20.672+0000: 2035.050: [GC 2035.050: [ParNew: 27328K->5440K(27328K), 0.0173580 secs] 2724369K->2703287K(4188864K) icms_dc=0 , 0.0174810 secs] [Times: user=0.20 sys=0.00, real=0.01 secs] 
Total time for which application threads were stopped: 0.0179020 seconds
2012-01-20T09:37:22.218+0000: 2036.596: [GC 2036.597: [ParNew: 27328K->5440K(27328K), 0.0158270 secs] 2725175K->2704140K(4188864K) icms_dc=0 , 0.0159460 secs] [Times: user=0.18 sys=0.01, real=0.02 secs] 
Total time for which application threads were stopped: 0.0163810 seconds
2012-01-20T09:37:23.796+0000: 2038.174: [GC 2038.174: [ParNew: 27328K->5440K(27328K), 0.0161080 secs] 2726028K->2705254K(4188864K) icms_dc=0 , 0.0162300 secs] [Times: user=0.17 sys=0.00, real=0.02 secs] 
Total time for which application threads were stopped: 0.0166270 seconds
Total time for which application threads were stopped: 0.0002460 seconds
2012-01-20T09:37:25.297+0000: 2039.675: [GC 2039.675: [ParNew: 27328K->5440K(27328K), 0.0155310 secs] 2727142K->2706033K(4188864K) icms_dc=0 , 0.0156640 secs] [Times: user=0.18 sys=0.00, real=0.02 secs] 
Total time for which application threads were stopped: 0.0158750 seconds
2012-01-20T09:37:26.845+0000: 2041.223: [GC 2041.223: [ParNew: 27328K->5440K(27328K), 0.0159520 secs] 2727921K->2707400K(4188864K) icms_dc=0 , 0.0160780 secs] [Times: user=0.17 sys=0.01, real=0.01 secs] 
Total time for which application threads were stopped: 0.0164770 seconds
2012-01-20T09:37:28.389+0000: 2042.767: [GC 2042.768: [ParNew: 27328K->5440K(27328K), 0.0139520 secs] 2729288K->2707779K(4188864K) icms_dc=0 , 0.0140710 secs] [Times: user=0.16 sys=0.01, real=0.02 secs] 
Total time for which application threads were stopped: 0.0143980 seconds
2012-01-20T09:37:29.875+0000: 2044.253: [GC 2044.253: [ParNew: 27328K->5440K(27328K), 0.0161290 secs] 2729667K->2709231K(4188864K) icms_dc=0 , 0.0162550 secs] [Times: user=0.18 sys=0.01, real=0.02 secs] 
Total time for which application threads were stopped: 0.0166410 seconds
2012-01-20T09:37:31.325+0000: 2045.704: [GC 2045.704: [ParNew: 27328K->5440K(27328K), 0.0156490 secs] 2731119K->2710281K(4188864K) icms_dc=0 , 0.0157790 secs] [Times: user=0.17 sys=0.00, real=0.02 secs] 
Total time for which application threads were stopped: 0.0162090 seconds
2012-01-20T09:37:32.749+0000: 2047.127: [GC 2047.127: [ParNew: 27328K->5440K(27328K), 0.0151200 secs] 2732169K->2711173K(4188864K) icms_dc=0 , 0.0152440 secs] [Times: user=0.17 sys=0.01, real=0.02 secs] 
Total time for which application threads were stopped: 0.0156570 seconds
2012-01-20T09:37:34.215+0000: 2048.593: [GC 2048.593: [ParNew: 27328K->5440K(27328K), 0.0173500 secs] 2733061K->2712131K(4188864K) icms_dc=0 , 0.0174750 secs] [Times: user=0.20 sys=0.01, real=0.02 secs] 
Total time for which application threads were stopped: 0.0178260 seconds
Total time for which application threads were stopped: 0.0002590 seconds
2012-01-20T09:37:35.830+0000: 2050.208: [GC 2050.208: [ParNew: 27328K->5440K(27328K), 0.0157190 secs] 2734019K->2712973K(4188864K) icms_dc=0 , 0.0158510 secs] [Times: user=0.18 sys=0.01, real=0.02 secs] 
Total time for which application threads were stopped: 0.0162170 seconds
2012-01-20T09:37:37.589+0000: 2051.967: [GC 2051.968: [ParNew: 27328K->5440K(27328K), 0.0155770 secs] 2734861K->2713427K(4188864K) icms_dc=0 , 0.0156980 secs] [Times: user=0.18 sys=0.01, real=0.02 secs] 
Total time for which application threads were stopped: 0.0160850 seconds
2012-01-20T09:37:39.122+0000: 2053.500: [GC 2053.500: [ParNew: 27328K->5440K(27328K), 0.0157360 secs] 2735315K->2714653K(4188864K) icms_dc=0 , 0.0158610 secs] [Times: user=0.18 sys=0.00, real=0.02 secs] 
Total time for which application threads were stopped: 0.0161960 seconds
2012-01-20T09:37:40.637+0000: 2055.015: [GC 2055.015: [ParNew: 27328K->5440K(27328K), 0.0159920 secs] 2736541K->2715301K(4188864K) icms_dc=0 , 0.0161190 secs] [Times: user=0.18 sys=0.01, real=0.02 secs] 
Total time for which application threads were stopped: 0.0165480 seconds
2012-01-20T09:37:42.298+0000: 2056.676: [GC 2056.676: [ParNew: 27328K->5440K(27328K), 0.0168760 secs] 2737189K->2716478K(4188864K) icms_dc=0 , 0.0170010 secs] [Times: user=0.19 sys=0.00, real=0.02 secs] 
Total time for which application threads were stopped: 0.0173640 seconds
2012-01-20T09:37:43.863+0000: 2058.242: [GC 2058.242: [ParNew: 27328K->5440K(27328K), 0.0150970 secs] 2738366K->2717618K(4188864K) icms_dc=0 , 0.0152220 secs] [Times: user=0.16 sys=0.00, real=0.01 secs] 
Total time for which application threads were stopped: 0.0156540 seconds
Total time for which application threads were stopped: 0.0002380 seconds
2012-01-20T09:37:45.266+0000: 2059.644: [GC 2059.644: [ParNew: 27328K->5440K(27328K), 0.0156040 secs] 2739506K->2718627K(4188864K) icms_dc=0 , 0.0157380 secs] [Times: user=0.18 sys=0.00, real=0.01 secs] 
Total time for which application threads were stopped: 0.0159530 seconds
2012-01-20T09:37:46.796+0000: 2061.174: [GC 2061.174: [ParNew: 27328K->5440K(27328K), 0.0163470 secs] 2740515K->2719559K(4188864K) icms_dc=0 , 0.0164690 secs] [Times: user=0.18 sys=0.00, real=0.01 secs] 
Total time for which application threads were stopped: 0.0167980 seconds
2012-01-20T09:37:48.516+0000: 2062.894: [GC 2062.894: [ParNew: 27328K->5440K(27328K), 0.0145230 secs] 2741447K->2720415K(4188864K) icms_dc=0 , 0.0146470 secs] [Times: user=0.17 sys=0.00, real=0.01 secs] 
Total time for which application threads were stopped: 0.0150700 seconds
2012-01-20T09:37:49.954+0000: 2064.332: [GC 2064.332: [ParNew: 27328K->5440K(27328K), 0.0149840 secs] 2742303K->2721206K(4188864K) icms_dc=0 , 0.0151100 secs] [Times: user=0.17 sys=0.00, real=0.01 secs] 
Total time for which application threads were stopped: 0.0154440 seconds
2012-01-20T09:37:51.404+0000: 2065.782: [GC 2065.782: [ParNew: 27328K->5440K(27328K), 0.0186200 secs] 2743094K->2722399K(4188864K) icms_dc=0 , 0.0187410 secs] [Times: user=0.21 sys=0.01, real=0.01 secs] 
Total time for which application threads were stopped: 0.0190930 seconds
2012-01-20T09:37:52.984+0000: 2067.362: [GC 2067.362: [ParNew: 27328K->5440K(27328K), 0.0167900 secs] 2744287K->2723275K(4188864K) icms_dc=0 , 0.0169190 secs] [Times: user=0.19 sys=0.01, real=0.02 secs] 
Total time for which application threads were stopped: 0.0172910 seconds
2012-01-20T09:37:54.418+0000: 2068.796: [GC 2068.796: [ParNew: 27328K->5440K(27328K), 0.0144920 secs] 2745163K->2724103K(4188864K) icms_dc=0 , 0.0146150 secs] [Times: user=0.17 sys=0.01, real=0.01 secs] 
Total time for which application threads were stopped: 0.0150270 seconds
Total time for which application threads were stopped: 0.0002490 seconds
2012-01-20T09:37:56.026+0000: 2070.405: [GC 2070.405: [ParNew: 27328K->5440K(27328K), 0.0151330 secs] 2745991K->2725011K(4188864K) icms_dc=0 , 0.0152650 secs] [Times: user=0.17 sys=0.01, real=0.01 secs] 
Total time for which application threads were stopped: 0.0156050 seconds
2012-01-20T09:37:57.908+0000: 2072.286: [GC 2072.286: [ParNew: 27328K->5440K(27328K), 0.0156340 secs] 2746899K->2726279K(4188864K) icms_dc=0 , 0.0157590 secs] [Times: user=0.18 sys=0.00, real=0.01 secs] 
Total time for which application threads were stopped: 0.0161050 seconds
2012-01-20T09:37:59.333+0000: 2073.711: [GC 2073.711: [ParNew: 27328K->5440K(27328K), 0.0143590 secs] 2748167K->2726876K(4188864K) icms_dc=0 , 0.0144780 secs] [Times: user=0.16 sys=0.01, real=0.02 secs] 
Total time for which application threads were stopped: 0.0148610 seconds
2012-01-20T09:38:00.871+0000: 2075.249: [GC 2075.249: [ParNew: 27328K->5440K(27328K), 0.0158760 secs] 2748764K->2728224K(4188864K) icms_dc=0 , 0.0160030 secs] [Times: user=0.18 sys=0.00, real=0.02 secs] 
Total time for which application threads were stopped: 0.0163570 seconds
2012-01-20T09:38:02.487+0000: 2076.866: [GC 2076.866: [ParNew: 27328K->5440K(27328K), 0.0165310 secs] 2750112K->2729362K(4188864K) icms_dc=0 , 0.0166530 secs] [Times: user=0.18 sys=0.00, real=0.01 secs] 
Total time for which application threads were stopped: 0.0170070 seconds
2012-01-20T09:38:03.930+0000: 2078.308: [GC 2078.308: [ParNew: 27328K->5440K(27328K), 0.0154630 secs] 2751250K->2730180K(4188864K) icms_dc=0 , 0.0155940 secs] [Times: user=0.18 sys=0.01, real=0.02 secs] 
Total time for which application threads were stopped: 0.0159590 seconds
Total time for which application threads were stopped: 0.0002960 seconds
2012-01-20T09:38:05.468+0000: 2079.847: [GC 2079.847: [ParNew: 27328K->5440K(27328K), 0.0157660 secs] 2752068K->2731272K(4188864K) icms_dc=0 , 0.0158960 secs] [Times: user=0.17 sys=0.01, real=0.01 secs] 
Total time for which application threads were stopped: 0.0161720 seconds
2012-01-20T09:38:06.939+0000: 2081.318: [GC 2081.318: [ParNew: 27328K->5440K(27328K), 0.0170490 secs] 2753160K->2732354K(4188864K) icms_dc=0 , 0.0171780 secs] [Times: user=0.19 sys=0.00, real=0.02 secs] 
Total time for which application threads were stopped: 0.0175620 seconds
2012-01-20T09:38:08.445+0000: 2082.823: [GC 2082.824: [ParNew: 27328K->5440K(27328K), 0.0158820 secs] 2754242K->2733536K(4188864K) icms_dc=0 , 0.0160100 secs] [Times: user=0.18 sys=0.00, real=0.02 secs] 
Total time for which application threads were stopped: 0.0163750 seconds
2012-01-20T09:38:09.947+0000: 2084.325: [GC 2084.325: [ParNew: 27328K->5440K(27328K), 0.0155800 secs] 2755424K->2734641K(4188864K) icms_dc=0 , 0.0157060 secs] [Times: user=0.17 sys=0.01, real=0.01 secs] 
Total time for which application threads were stopped: 0.0161000 seconds
2012-01-20T09:38:11.390+0000: 2085.768: [GC 2085.768: [ParNew: 27328K->5440K(27328K), 0.0174280 secs] 2756529K->2735826K(4188864K) icms_dc=0 , 0.0175560 secs] [Times: user=0.19 sys=0.01, real=0.02 secs] 
Total time for which application threads were stopped: 0.0180040 seconds
2012-01-20T09:38:12.947+0000: 2087.325: [GC 2087.325: [ParNew: 27328K->5440K(27328K), 0.0166110 secs] 2757714K->2736746K(4188864K) icms_dc=0 , 0.0167360 secs] [Times: user=0.19 sys=0.00, real=0.01 secs] 
Total time for which application threads were stopped: 0.0171520 seconds
2012-01-20T09:38:14.404+0000: 2088.782: [GC 2088.782: [ParNew: 27328K->5440K(27328K), 0.0156520 secs] 2758634K->2737818K(4188864K) icms_dc=0 , 0.0157800 secs] [Times: user=0.17 sys=0.00, real=0.02 secs] 
Total time for which application threads were stopped: 0.0161750 seconds
Total time for which application threads were stopped: 0.0002570 seconds
2012-01-20T09:38:15.828+0000: 2090.207: [GC 2090.207: [ParNew: 27328K->5440K(27328K), 0.0180510 secs] 2759706K->2738547K(4188864K) icms_dc=0 , 0.0181900 secs] [Times: user=0.21 sys=0.01, real=0.02 secs] 
Total time for which application threads were stopped: 0.0185310 seconds
2012-01-20T09:38:17.389+0000: 2091.767: [GC 2091.768: [ParNew: 27328K->5440K(27328K), 0.0152890 secs] 2760435K->2738758K(4188864K) icms_dc=0 , 0.0154100 secs] [Times: user=0.18 sys=0.00, real=0.01 secs] 
Total time for which application threads were stopped: 0.0157520 seconds
2012-01-20T09:38:19.089+0000: 2093.467: [GC 2093.467: [ParNew: 27328K->5440K(27328K), 0.0157640 secs] 2760646K->2739362K(4188864K) icms_dc=0 , 0.0158850 secs] [Times: user=0.18 sys=0.00, real=0.01 secs] 
Total time for which application threads were stopped: 0.0162510 seconds
2012-01-20T09:38:20.467+0000: 2094.845: [GC 2094.845: [ParNew: 27328K->5440K(27328K), 0.0147560 secs] 2761250K->2740237K(4188864K) icms_dc=0 , 0.0148760 secs] [Times: user=0.17 sys=0.00, real=0.02 secs] 
Total time for which application threads were stopped: 0.0152120 seconds
2012-01-20T09:38:21.902+0000: 2096.280: [GC 2096.280: [ParNew: 27328K->5440K(27328K), 0.0151320 secs] 2762125K->2741129K(4188864K) icms_dc=0 , 0.0152510 secs] [Times: user=0.17 sys=0.00, real=0.01 secs] 
Total time for which application threads were stopped: 0.0155950 seconds
2012-01-20T09:38:23.492+0000: 2097.870: [GC 2097.870: [ParNew: 27328K->5440K(27328K), 0.0152680 secs] 2763017K->2742098K(4188864K) icms_dc=0 , 0.0153890 secs] [Times: user=0.17 sys=0.00, real=0.02 secs] 
Total time for which application threads were stopped: 0.0157250 seconds
2012-01-20T09:38:25.065+0000: 2099.443: [GC 2099.444: [ParNew: 27328K->5440K(27328K), 0.0171980 secs] 2763986K->2743284K(4188864K) icms_dc=0 , 0.0173200 secs] [Times: user=0.19 sys=0.02, real=0.02 secs] 
Total time for which application threads were stopped: 0.0177160 seconds
Total time for which application threads were stopped: 0.0001390 seconds
2012-01-20T09:38:26.705+0000: 2101.083: [GC 2101.083: [ParNew: 27328K->5440K(27328K), 0.0154660 secs] 2765172K->2744741K(4188864K) icms_dc=0 , 0.0156010 secs] [Times: user=0.17 sys=0.01, real=0.02 secs] 
Total time for which application threads were stopped: 0.0159550 seconds
2012-01-20T09:38:28.418+0000: 2102.796: [GC 2102.796: [ParNew: 27328K->5440K(27328K), 0.0161740 secs] 2766629K->2745710K(4188864K) icms_dc=0 , 0.0162980 secs] [Times: user=0.18 sys=0.00, real=0.02 secs] 
Total time for which application threads were stopped: 0.0166540 seconds
2012-01-20T09:38:29.965+0000: 2104.343: [GC 2104.343: [ParNew: 27328K->5440K(27328K), 0.0156340 secs] 2767598K->2746613K(4188864K) icms_dc=0 , 0.0157560 secs] [Times: user=0.18 sys=0.01, real=0.02 secs] 
Total time for which application threads were stopped: 0.0160860 seconds
2012-01-20T09:38:31.524+0000: 2105.903: [GC 2105.903: [ParNew: 27328K->5440K(27328K), 0.0152110 secs] 2768501K->2747665K(4188864K) icms_dc=0 , 0.0153340 secs] [Times: user=0.17 sys=0.01, real=0.02 secs] 
Total time for which application threads were stopped: 0.0156800 seconds
2012-01-20T09:38:33.101+0000: 2107.479: [GC 2107.479: [ParNew: 27328K->5440K(27328K), 0.0177890 secs] 2769553K->2748802K(4188864K) icms_dc=0 , 0.0179130 secs] [Times: user=0.20 sys=0.01, real=0.02 secs] 
Total time for which application threads were stopped: 0.0182720 seconds
2012-01-20T09:38:34.428+0000: 2108.806: [GC 2108.806: [ParNew: 27328K->5440K(27328K), 0.0171090 secs] 2770690K->2750038K(4188864K) icms_dc=0 , 0.0172310 secs] [Times: user=0.19 sys=0.00, real=0.02 secs] 
Total time for which application threads were stopped: 0.0175840 seconds
Total time for which application threads were stopped: 0.0003120 seconds
2012-01-20T09:38:35.921+0000: 2110.299: [GC 2110.299: [ParNew: 27328K->5440K(27328K), 0.0154830 secs] 2771926K->2751141K(4188864K) icms_dc=0 , 0.0156190 secs] [Times: user=0.17 sys=0.01, real=0.01 secs] 
Total time for which application threads were stopped: 0.0160060 seconds
2012-01-20T09:38:37.773+0000: 2112.151: [GC 2112.151: [ParNew: 27328K->5440K(27328K), 0.0145130 secs] 2773029K->2751342K(4188864K) icms_dc=0 , 0.0146380 secs] [Times: user=0.17 sys=0.00, real=0.01 secs] 
Total time for which application threads were stopped: 0.0150030 seconds
2012-01-20T09:38:39.323+0000: 2113.701: [GC 2113.701: [ParNew: 27328K->5440K(27328K), 0.0158700 secs] 2773230K->2752722K(4188864K) icms_dc=0 , 0.0160000 secs] [Times: user=0.17 sys=0.01, real=0.01 secs] 
Total time for which application threads were stopped: 0.0163580 seconds
2012-01-20T09:38:40.760+0000: 2115.138: [GC 2115.138: [ParNew: 27328K->5440K(27328K), 0.0137420 secs] 2774610K->2753020K(4188864K) icms_dc=0 , 0.0138640 secs] [Times: user=0.17 sys=0.01, real=0.01 secs] 
Total time for which application threads were stopped: 0.0142720 seconds
2012-01-20T09:38:42.187+0000: 2116.565: [GC 2116.565: [ParNew: 27328K->5440K(27328K), 0.0156200 secs] 2774908K->2754239K(4188864K) icms_dc=0 , 0.0157430 secs] [Times: user=0.17 sys=0.01, real=0.02 secs] 
Total time for which application threads were stopped: 0.0161790 seconds
2012-01-20T09:38:43.904+0000: 2118.283: [GC 2118.283: [ParNew: 27328K->5439K(27328K), 0.0158210 secs] 2776127K->2755108K(4188864K) icms_dc=0 , 0.0159450 secs] [Times: user=0.18 sys=0.01, real=0.02 secs] 
Total time for which application threads were stopped: 0.0163520 seconds
Total time for which application threads were stopped: 0.0002500 seconds
2012-01-20T09:38:45.558+0000: 2119.936: [GC 2119.936: [ParNew: 27327K->5440K(27328K), 0.0153790 secs] 2776996K->2756102K(4188864K) icms_dc=0 , 0.0155090 secs] [Times: user=0.17 sys=0.00, real=0.02 secs] 
Total time for which application threads were stopped: 0.0157750 seconds
2012-01-20T09:38:47.023+0000: 2121.402: [GC 2121.402: [ParNew: 27328K->5440K(27328K), 0.0163920 secs] 2777990K->2757560K(4188864K) icms_dc=0 , 0.0165210 secs] [Times: user=0.17 sys=0.01, real=0.01 secs] 
Total time for which application threads were stopped: 0.0170150 seconds
Total time for which application threads were stopped: 0.0003940 seconds
2012-01-20T09:38:48.757+0000: 2123.135: [GC 2123.135: [ParNew: 27328K->5440K(27328K), 0.0169010 secs] 2779448K->2758650K(4188864K) icms_dc=0 , 0.0170280 secs] [Times: user=0.18 sys=0.00, real=0.02 secs] 
Total time for which application threads were stopped: 0.0173640 seconds
Total time for which application threads were stopped: 0.0004620 seconds
2012-01-20T09:38:50.080+0000: 2124.458: [GC 2124.458: [ParNew: 27328K->5440K(27328K), 0.0160270 secs] 2780538K->2759858K(4188864K) icms_dc=0 , 0.0161540 secs] [Times: user=0.18 sys=0.01, real=0.02 secs] 
Total time for which application threads were stopped: 0.0164320 seconds
2012-01-20T09:38:51.390+0000: 2125.768: [GC 2125.768: [ParNew: 27328K->5440K(27328K), 0.0146790 secs] 2781746K->2760982K(4188864K) icms_dc=0 , 0.0148030 secs] [Times: user=0.17 sys=0.00, real=0.02 secs] 
Total time for which application threads were stopped: 0.0152100 seconds
2012-01-20T09:38:52.899+0000: 2127.278: [GC 2127.278: [ParNew: 27328K->5440K(27328K), 0.0139000 secs] 2782870K->2761017K(4188864K) icms_dc=0 , 0.0140190 secs] [Times: user=0.17 sys=0.00, real=0.02 secs] 
Total time for which application threads were stopped: 0.0144080 seconds
2012-01-20T09:38:54.564+0000: 2128.942: [GC 2128.942: [ParNew: 27328K->5440K(27328K), 0.0159080 secs] 2782905K->2762064K(4188864K) icms_dc=0 , 0.0160330 secs] [Times: user=0.18 sys=0.00, real=0.01 secs] 
Total time for which application threads were stopped: 0.0164880 seconds
Total time for which application threads were stopped: 0.0002520 seconds
2012-01-20T09:38:56.039+0000: 2130.417: [GC 2130.417: [ParNew: 27328K->5440K(27328K), 0.0131820 secs] 2783952K->2762064K(4188864K) icms_dc=0 , 0.0133080 secs] [Times: user=0.15 sys=0.01, real=0.02 secs] 
Total time for which application threads were stopped: 0.0136600 seconds
2012-01-20T09:38:57.493+0000: 2131.871: [GC 2131.871: [ParNew: 27328K->5440K(27328K), 0.0143340 secs] 2783952K->2762767K(4188864K) icms_dc=0 , 0.0144560 secs] [Times: user=0.16 sys=0.00, real=0.01 secs] 
Total time for which application threads were stopped: 0.0149150 seconds
2012-01-20T09:38:59.074+0000: 2133.452: [GC 2133.452: [ParNew: 27328K->5440K(27328K), 0.0144480 secs] 2784655K->2763273K(4188864K) icms_dc=0 , 0.0145680 secs] [Times: user=0.17 sys=0.01, real=0.01 secs] 
Total time for which application threads were stopped: 0.0149420 seconds
2012-01-20T09:39:00.509+0000: 2134.888: [GC 2134.888: [ParNew: 27328K->5440K(27328K), 0.0142610 secs] 2785161K->2763804K(4188864K) icms_dc=0 , 0.0143810 secs] [Times: user=0.17 sys=0.00, real=0.02 secs] 
Total time for which application threads were stopped: 0.0147440 seconds
2012-01-20T09:39:02.052+0000: 2136.430: [GC 2136.430: [ParNew: 27328K->5440K(27328K), 0.0154910 secs] 2785692K->2764781K(4188864K) icms_dc=0 , 0.0156120 secs] [Times: user=0.18 sys=0.00, real=0.01 secs] 
Total time for which application threads were stopped: 0.0159590 seconds
2012-01-20T09:39:03.332+0000: 2137.710: [GC 2137.710: [ParNew: 27328K->5440K(27328K), 0.0166730 secs] 2786669K->2765978K(4188864K) icms_dc=0 , 0.0167950 secs] [Times: user=0.17 sys=0.00, real=0.01 secs] 
Total time for which application threads were stopped: 0.0172060 seconds
2012-01-20T09:39:04.738+0000: 2139.116: [GC 2139.116: [ParNew: 27328K->5440K(27328K), 0.0157220 secs] 2787866K->2767317K(4188864K) icms_dc=0 , 0.0158450 secs] [Times: user=0.17 sys=0.00, real=0.02 secs] 
Total time for which application threads were stopped: 0.0161910 seconds
Total time for which application threads were stopped: 0.0002550 seconds
2012-01-20T09:39:06.218+0000: 2140.596: [GC 2140.597: [ParNew: 27328K->5440K(27328K), 0.0136050 secs] 2789205K->2767701K(4188864K) icms_dc=0 , 0.0137370 secs] [Times: user=0.16 sys=0.01, real=0.01 secs] 
Total time for which application threads were stopped: 0.0140850 seconds
2012-01-20T09:39:07.682+0000: 2142.060: [GC 2142.060: [ParNew: 27328K->5440K(27328K), 0.0154410 secs] 2789589K->2769029K(4188864K) icms_dc=0 , 0.0155720 secs] [Times: user=0.16 sys=0.00, real=0.02 secs] 
Total time for which application threads were stopped: 0.0159370 seconds
2012-01-20T09:39:09.368+0000: 2143.746: [GC 2143.746: [ParNew: 27328K->5440K(27328K), 0.0135630 secs] 2790917K->2769088K(4188864K) icms_dc=0 , 0.0136860 secs] [Times: user=0.16 sys=0.00, real=0.01 secs] 
Total time for which application threads were stopped: 0.0141320 seconds
2012-01-20T09:39:10.842+0000: 2145.221: [GC 2145.221: [ParNew: 27328K->5440K(27328K), 0.0151220 secs] 2790976K->2769965K(4188864K) icms_dc=0 , 0.0152460 secs] [Times: user=0.17 sys=0.00, real=0.02 secs] 
Total time for which application threads were stopped: 0.0156580 seconds
2012-01-20T09:39:12.276+0000: 2146.654: [GC 2146.654: [ParNew: 27328K->5440K(27328K), 0.0151740 secs] 2791853K->2770784K(4188864K) icms_dc=0 , 0.0153060 secs] [Times: user=0.17 sys=0.00, real=0.01 secs] 
Total time for which application threads were stopped: 0.0156500 seconds
2012-01-20T09:39:13.793+0000: 2148.172: [GC 2148.172: [ParNew: 27328K->5440K(27328K), 0.0145720 secs] 2792672K->2771545K(4188864K) icms_dc=0 , 0.0146930 secs] [Times: user=0.16 sys=0.01, real=0.01 secs] 
Total time for which application threads were stopped: 0.0150260 seconds
2012-01-20T09:39:15.280+0000: 2149.658: [GC 2149.658: [ParNew: 27328K->5440K(27328K), 0.0146090 secs] 2793433K->2772287K(4188864K) icms_dc=0 , 0.0147310 secs] [Times: user=0.16 sys=0.01, real=0.02 secs] 
Total time for which application threads were stopped: 0.0151250 seconds
Total time for which application threads were stopped: 0.0001570 seconds
2012-01-20T09:39:16.874+0000: 2151.252: [GC 2151.252: [ParNew: 27328K->5440K(27328K), 0.0171030 secs] 2794175K->2773906K(4188864K) icms_dc=0 , 0.0172360 secs] [Times: user=0.18 sys=0.00, real=0.01 secs] 
Total time for which application threads were stopped: 0.0176170 seconds
2012-01-20T09:39:18.370+0000: 2152.748: [GC 2152.748: [ParNew: 27328K->5440K(27328K), 0.0144180 secs] 2795794K->2774395K(4188864K) icms_dc=0 , 0.0145420 secs] [Times: user=0.16 sys=0.00, real=0.02 secs] 
Total time for which application threads were stopped: 0.0149930 seconds
2012-01-20T09:39:20.044+0000: 2154.423: [GC 2154.423: [ParNew: 27328K->5440K(27328K), 0.0156730 secs] 2796283K->2775584K(4188864K) icms_dc=0 , 0.0157980 secs] [Times: user=0.17 sys=0.01, real=0.01 secs] 
Total time for which application threads were stopped: 0.0161910 seconds
2012-01-20T09:39:21.595+0000: 2155.974: [GC 2155.974: [ParNew: 27328K->5440K(27328K), 0.0141560 secs] 2797472K->2776087K(4188864K) icms_dc=0 , 0.0142770 secs] [Times: user=0.17 sys=0.00, real=0.01 secs] 
Total time for which application threads were stopped: 0.0146810 seconds
2012-01-20T09:39:23.122+0000: 2157.500: [GC 2157.500: [ParNew: 27328K->5440K(27328K), 0.0149850 secs] 2797975K->2777097K(4188864K) icms_dc=0 , 0.0151090 secs] [Times: user=0.17 sys=0.00, real=0.02 secs] 
Total time for which application threads were stopped: 0.0154520 seconds
2012-01-20T09:39:24.973+0000: 2159.351: [GC 2159.351: [ParNew: 27328K->5440K(27328K), 0.0154390 secs] 2798985K->2778198K(4188864K) icms_dc=0 , 0.0155640 secs] [Times: user=0.16 sys=0.00, real=0.02 secs] 
Total time for which application threads were stopped: 0.0159860 seconds
Total time for which application threads were stopped: 0.0001310 seconds
2012-01-20T09:39:26.673+0000: 2161.051: [GC 2161.051: [ParNew: 27328K->5440K(27328K), 0.0145840 secs] 2800086K->2778928K(4188864K) icms_dc=0 , 0.0147100 secs] [Times: user=0.17 sys=0.00, real=0.02 secs] 
Total time for which application threads were stopped: 0.0150930 seconds
2012-01-20T09:39:28.196+0000: 2162.574: [GC 2162.574: [ParNew: 27328K->5440K(27328K), 0.0154080 secs] 2800816K->2779935K(4188864K) icms_dc=0 , 0.0155320 secs] [Times: user=0.17 sys=0.00, real=0.01 secs] 
Total time for which application threads were stopped: 0.0159640 seconds
2012-01-20T09:39:29.723+0000: 2164.101: [GC 2164.101: [ParNew: 27328K->5440K(27328K), 0.0143010 secs] 2801823K->2780789K(4188864K) icms_dc=0 , 0.0144220 secs] [Times: user=0.17 sys=0.00, real=0.02 secs] 
Total time for which application threads were stopped: 0.0147780 seconds
2012-01-20T09:39:31.469+0000: 2165.848: [GC 2165.848: [ParNew: 27328K->5440K(27328K), 0.0148420 secs] 2802677K->2781619K(4188864K) icms_dc=0 , 0.0149660 secs] [Times: user=0.16 sys=0.00, real=0.01 secs] 
Total time for which application threads were stopped: 0.0153150 seconds
2012-01-20T09:39:32.813+0000: 2167.191: [GC 2167.191: [ParNew: 27328K->5440K(27328K), 0.0154600 secs] 2803507K->2782272K(4188864K) icms_dc=0 , 0.0155850 secs] [Times: user=0.18 sys=0.00, real=0.02 secs] 
Total time for which application threads were stopped: 0.0159660 seconds
2012-01-20T09:39:34.398+0000: 2168.777: [GC 2168.777: [ParNew: 27328K->5440K(27328K), 0.0160600 secs] 2804160K->2783711K(4188864K) icms_dc=0 , 0.0161790 secs] [Times: user=0.18 sys=0.00, real=0.01 secs] 
Total time for which application threads were stopped: 0.0165730 seconds
Total time for which application threads were stopped: 0.0030990 seconds
Total time for which application threads were stopped: 0.0000900 seconds
2012-01-20T09:39:36.076+0000: 2170.454: [GC 2170.454: [ParNew: 27328K->5440K(27328K), 0.0143900 secs] 2805599K->2784178K(4188864K) icms_dc=0 , 0.0145180 secs] [Times: user=0.16 sys=0.00, real=0.01 secs] 
Total time for which application threads were stopped: 0.0148510 seconds
2012-01-20T09:39:37.618+0000: 2171.996: [GC 2171.996: [ParNew: 27328K->5440K(27328K), 0.0160720 secs] 2806066K->2785718K(4188864K) icms_dc=0 , 0.0161930 secs] [Times: user=0.18 sys=0.01, real=0.01 secs] 
Total time for which application threads were stopped: 0.0165840 seconds
2012-01-20T09:39:39.159+0000: 2173.537: [GC 2173.537: [ParNew: 27328K->5440K(27328K), 0.0142830 secs] 2807606K->2785867K(4188864K) icms_dc=0 , 0.0144040 secs] [Times: user=0.17 sys=0.01, real=0.01 secs] 
Total time for which application threads were stopped: 0.0147550 seconds
2012-01-20T09:39:40.624+0000: 2175.003: [GC 2175.003: [ParNew: 27328K->5440K(27328K), 0.0159300 secs] 2807755K->2787270K(4188864K) icms_dc=0 , 0.0160540 secs] [Times: user=0.18 sys=0.01, real=0.02 secs] 
Total time for which application threads were stopped: 0.0164590 seconds
2012-01-20T09:39:41.999+0000: 2176.377: [GC 2176.377: [ParNew: 27328K->5440K(27328K), 0.0129510 secs] 2809158K->2787382K(4188864K) icms_dc=0 , 0.0130730 secs] [Times: user=0.15 sys=0.00, real=0.01 secs] 
Total time for which application threads were stopped: 0.0134160 seconds
2012-01-20T09:39:43.508+0000: 2177.886: [GC 2177.886: [ParNew: 27328K->5440K(27328K), 0.0149440 secs] 2809270K->2788254K(4188864K) icms_dc=0 , 0.0150630 secs] [Times: user=0.17 sys=0.00, real=0.01 secs] 
Total time for which application threads were stopped: 0.0154780 seconds
2012-01-20T09:39:44.972+0000: 2179.350: [GC 2179.350: [ParNew: 27328K->5440K(27328K), 0.0133990 secs] 2810142K->2788529K(4188864K) icms_dc=0 , 0.0135200 secs] [Times: user=0.16 sys=0.01, real=0.01 secs] 
Total time for which application threads were stopped: 0.0138840 seconds
Total time for which application threads were stopped: 0.0002490 seconds
2012-01-20T09:39:46.271+0000: 2180.649: [GC 2180.649: [ParNew: 27328K->5440K(27328K), 0.0157700 secs] 2810417K->2789254K(4188864K) icms_dc=0 , 0.0158990 secs] [Times: user=0.18 sys=0.01, real=0.02 secs] 
Total time for which application threads were stopped: 0.0162420 seconds
2012-01-20T09:39:47.684+0000: 2182.062: [GC 2182.063: [ParNew: 27328K->5440K(27328K), 0.0135940 secs] 2811142K->2789528K(4188864K) icms_dc=0 , 0.0137180 secs] [Times: user=0.16 sys=0.01, real=0.02 secs] 
Total time for which application threads were stopped: 0.0140690 seconds
2012-01-20T09:39:48.990+0000: 2183.369: [GC 2183.369: [ParNew: 27328K->5440K(27328K), 0.0143640 secs] 2811416K->2790099K(4188864K) icms_dc=0 , 0.0144860 secs] [Times: user=0.16 sys=0.01, real=0.01 secs] 
Total time for which application threads were stopped: 0.0148870 seconds
2012-01-20T09:39:50.452+0000: 2184.830: [GC 2184.830: [ParNew: 27328K->5440K(27328K), 0.0143370 secs] 2811987K->2790561K(4188864K) icms_dc=0 , 0.0144600 secs] [Times: user=0.16 sys=0.01, real=0.01 secs] 
Total time for which application threads were stopped: 0.0148320 seconds
2012-01-20T09:39:51.829+0000: 2186.207: [GC 2186.207: [ParNew: 27328K->5440K(27328K), 0.0152290 secs] 2812449K->2791422K(4188864K) icms_dc=0 , 0.0153470 secs] [Times: user=0.17 sys=0.01, real=0.01 secs] 
Total time for which application threads were stopped: 0.0156970 seconds
2012-01-20T09:39:53.244+0000: 2187.622: [GC 2187.622: [ParNew: 27328K->5440K(27328K), 0.0156790 secs] 2813310K->2792650K(4188864K) icms_dc=0 , 0.0158000 secs] [Times: user=0.17 sys=0.01, real=0.02 secs] 
Total time for which application threads were stopped: 0.0161400 seconds
2012-01-20T09:39:54.816+0000: 2189.195: [GC 2189.195: [ParNew: 27328K->5440K(27328K), 0.0148670 secs] 2814538K->2793685K(4188864K) icms_dc=0 , 0.0149870 secs] [Times: user=0.17 sys=0.01, real=0.02 secs] 
Total time for which application threads were stopped: 0.0153420 seconds
Total time for which application threads were stopped: 0.0003090 seconds
2012-01-20T09:39:56.228+0000: 2190.606: [GC 2190.606: [ParNew: 27328K->5440K(27328K), 0.0144620 secs] 2815573K->2794552K(4188864K) icms_dc=0 , 0.0145960 secs] [Times: user=0.16 sys=0.01, real=0.01 secs] 
Total time for which application threads were stopped: 0.0150010 seconds
2012-01-20T09:39:57.768+0000: 2192.146: [GC 2192.146: [ParNew: 27328K->5440K(27328K), 0.0142030 secs] 2816440K->2795288K(4188864K) icms_dc=0 , 0.0143250 secs] [Times: user=0.16 sys=0.00, real=0.02 secs] 
Total time for which application threads were stopped: 0.0146880 seconds
2012-01-20T09:39:59.371+0000: 2193.750: [GC 2193.750: [ParNew: 27328K->5440K(27328K), 0.0156360 secs] 2817176K->2795652K(4188864K) icms_dc=0 , 0.0157550 secs] [Times: user=0.18 sys=0.00, real=0.01 secs] 
Total time for which application threads were stopped: 0.0161360 seconds
2012-01-20T09:40:00.783+0000: 2195.161: [GC 2195.161: [ParNew: 27328K->5440K(27328K), 0.0157970 secs] 2817540K->2796518K(4188864K) icms_dc=0 , 0.0159180 secs] [Times: user=0.18 sys=0.00, real=0.02 secs] 
Total time for which application threads were stopped: 0.0162570 seconds
2012-01-20T09:40:02.462+0000: 2196.841: [GC 2196.841: [ParNew: 27328K->5440K(27328K), 0.0157600 secs] 2818406K->2797106K(4188864K) icms_dc=0 , 0.0158870 secs] [Times: user=0.17 sys=0.00, real=0.02 secs] 
Total time for which application threads were stopped: 0.0162930 seconds
2012-01-20T09:40:04.357+0000: 2198.735: [GC 2198.735: [ParNew: 27328K->5440K(27328K), 0.0152620 secs] 2818994K->2797599K(4188864K) icms_dc=0 , 0.0153820 secs] [Times: user=0.18 sys=0.00, real=0.02 secs] 
Total time for which application threads were stopped: 0.0157530 seconds
Total time for which application threads were stopped: 0.0002550 seconds
2012-01-20T09:40:05.679+0000: 2200.057: [GC 2200.057: [ParNew: 27328K->5440K(27328K), 0.0148610 secs] 2819487K->2798556K(4188864K) icms_dc=0 , 0.0149870 secs] [Times: user=0.16 sys=0.01, real=0.01 secs] 
Total time for which application threads were stopped: 0.0152090 seconds
2012-01-20T09:40:06.942+0000: 2201.320: [GC 2201.320: [ParNew: 27328K->5440K(27328K), 0.0168760 secs] 2820444K->2798792K(4188864K) icms_dc=0 , 0.0169930 secs] [Times: user=0.20 sys=0.01, real=0.02 secs] 
Total time for which application threads were stopped: 0.0173950 seconds
2012-01-20T09:40:08.519+0000: 2202.897: [GC 2202.897: [ParNew: 27328K->5440K(27328K), 0.0154950 secs] 2820680K->2799954K(4188864K) icms_dc=0 , 0.0156150 secs] [Times: user=0.16 sys=0.01, real=0.01 secs] 
Total time for which application threads were stopped: 0.0159760 seconds
2012-01-20T09:40:09.856+0000: 2204.235: [GC 2204.235: [ParNew: 27328K->5440K(27328K), 0.0139450 secs] 2821842K->2800445K(4188864K) icms_dc=0 , 0.0140670 secs] [Times: user=0.16 sys=0.00, real=0.02 secs] 
Total time for which application threads were stopped: 0.0144400 seconds
2012-01-20T09:40:11.336+0000: 2205.714: [GC 2205.715: [ParNew: 27328K->5440K(27328K), 0.0150750 secs] 2822333K->2801302K(4188864K) icms_dc=0 , 0.0152020 secs] [Times: user=0.17 sys=0.00, real=0.02 secs] 
Total time for which application threads were stopped: 0.0156110 seconds
2012-01-20T09:40:12.857+0000: 2207.235: [GC 2207.235: [ParNew: 27328K->5440K(27328K), 0.0158940 secs] 2823190K->2802444K(4188864K) icms_dc=0 , 0.0160130 secs] [Times: user=0.17 sys=0.01, real=0.02 secs] 
Total time for which application threads were stopped: 0.0163630 seconds
2012-01-20T09:40:14.208+0000: 2208.586: [GC 2208.586: [ParNew: 27328K->5440K(27328K), 0.0163140 secs] 2824332K->2803841K(4188864K) icms_dc=0 , 0.0164430 secs] [Times: user=0.18 sys=0.01, real=0.02 secs] 
Total time for which application threads were stopped: 0.0168020 seconds
Total time for which application threads were stopped: 0.0002930 seconds
2012-01-20T09:40:15.738+0000: 2210.117: [GC 2210.117: [ParNew: 27328K->5440K(27328K), 0.0158150 secs] 2825729K->2804866K(4188864K) icms_dc=0 , 0.0159490 secs] [Times: user=0.18 sys=0.01, real=0.02 secs] 
Total time for which application threads were stopped: 0.0161630 seconds
2012-01-20T09:40:17.112+0000: 2211.490: [GC 2211.490: [ParNew: 27328K->5440K(27328K), 0.0174270 secs] 2826754K->2806047K(4188864K) icms_dc=0 , 0.0175590 secs] [Times: user=0.19 sys=0.01, real=0.01 secs] 
Total time for which application threads were stopped: 0.0180260 seconds
2012-01-20T09:40:18.608+0000: 2212.986: [GC 2212.986: [ParNew: 27328K->5440K(27328K), 0.0157140 secs] 2827935K->2807400K(4188864K) icms_dc=0 , 0.0158400 secs] [Times: user=0.18 sys=0.01, real=0.02 secs] 
Total time for which application threads were stopped: 0.0162440 seconds
2012-01-20T09:40:20.232+0000: 2214.610: [GC 2214.610: [ParNew: 27328K->5440K(27328K), 0.0152020 secs] 2829288K->2808357K(4188864K) icms_dc=0 , 0.0153300 secs] [Times: user=0.16 sys=0.01, real=0.01 secs] 
Total time for which application threads were stopped: 0.0157910 seconds
2012-01-20T09:40:21.848+0000: 2216.226: [GC 2216.226: [ParNew: 27328K->5440K(27328K), 0.0147850 secs] 2830245K->2809346K(4188864K) icms_dc=0 , 0.0149090 secs] [Times: user=0.17 sys=0.00, real=0.02 secs] 
Total time for which application threads were stopped: 0.0152820 seconds
2012-01-20T09:40:23.302+0000: 2217.681: [GC 2217.681: [ParNew: 27328K->5440K(27328K), 0.0149630 secs] 2831234K->2810347K(4188864K) icms_dc=0 , 0.0150880 secs] [Times: user=0.16 sys=0.00, real=0.01 secs] 
Total time for which application threads were stopped: 0.0155100 seconds
2012-01-20T09:40:24.754+0000: 2219.132: [GC 2219.133: [ParNew: 27328K->5440K(27328K), 0.0154110 secs] 2832235K->2811194K(4188864K) icms_dc=0 , 0.0155360 secs] [Times: user=0.17 sys=0.00, real=0.01 secs] 
Total time for which application threads were stopped: 0.0159680 seconds
Total time for which application threads were stopped: 0.0003470 seconds
2012-01-20T09:40:26.120+0000: 2220.498: [GC 2220.498: [ParNew: 27328K->5439K(27328K), 0.0143790 secs] 2833082K->2812136K(4188864K) icms_dc=0 , 0.0145080 secs] [Times: user=0.16 sys=0.00, real=0.02 secs] 
Total time for which application threads were stopped: 0.0149180 seconds
2012-01-20T09:40:27.648+0000: 2222.026: [GC 2222.026: [ParNew: 27327K->5440K(27328K), 0.0145940 secs] 2834024K->2813030K(4188864K) icms_dc=0 , 0.0147250 secs] [Times: user=0.17 sys=0.00, real=0.02 secs] 
Total time for which application threads were stopped: 0.0151230 seconds
2012-01-20T09:40:29.248+0000: 2223.626: [GC 2223.626: [ParNew: 27328K->5440K(27328K), 0.0152780 secs] 2834918K->2814039K(4188864K) icms_dc=0 , 0.0154040 secs] [Times: user=0.17 sys=0.00, real=0.02 secs] 
Total time for which application threads were stopped: 0.0158020 seconds
2012-01-20T09:40:30.680+0000: 2225.058: [GC 2225.058: [ParNew: 27328K->5440K(27328K), 0.0145900 secs] 2835927K->2814798K(4188864K) icms_dc=0 , 0.0147180 secs] [Times: user=0.17 sys=0.00, real=0.02 secs] 
Total time for which application threads were stopped: 0.0150830 seconds
2012-01-20T09:40:32.328+0000: 2226.706: [GC 2226.706: [ParNew: 27328K->5440K(27328K), 0.0150460 secs] 2836686K->2815751K(4188864K) icms_dc=0 , 0.0151710 secs] [Times: user=0.17 sys=0.00, real=0.02 secs] 
Total time for which application threads were stopped: 0.0155420 seconds
2012-01-20T09:40:33.923+0000: 2228.301: [GC 2228.301: [ParNew: 27328K->5440K(27328K), 0.0167070 secs] 2837639K->2816852K(4188864K) icms_dc=0 , 0.0168320 secs] [Times: user=0.20 sys=0.00, real=0.01 secs] 
Total time for which application threads were stopped: 0.0171960 seconds
2012-01-20T09:40:35.309+0000: 2229.687: [GC 2229.688: [ParNew: 27328K->5440K(27328K), 0.0165220 secs] 2838740K->2818061K(4188864K) icms_dc=0 , 0.0166480 secs] [Times: user=0.18 sys=0.00, real=0.02 secs] 
Total time for which application threads were stopped: 0.0170110 seconds
Total time for which application threads were stopped: 0.0002030 seconds
2012-01-20T09:40:36.891+0000: 2231.269: [GC 2231.270: [ParNew: 27328K->5440K(27328K), 0.0148950 secs] 2839949K->2818530K(4188864K) icms_dc=0 , 0.0150210 secs] [Times: user=0.18 sys=0.00, real=0.02 secs] 
Total time for which application threads were stopped: 0.0154440 seconds
2012-01-20T09:40:38.412+0000: 2232.790: [GC 2232.790: [ParNew: 27328K->5440K(27328K), 0.0161840 secs] 2840418K->2819416K(4188864K) icms_dc=0 , 0.0163070 secs] [Times: user=0.18 sys=0.01, real=0.02 secs] 
Total time for which application threads were stopped: 0.0166720 seconds
2012-01-20T09:40:39.849+0000: 2234.227: [GC 2234.227: [ParNew: 27328K->5440K(27328K), 0.0153510 secs] 2841304K->2820437K(4188864K) icms_dc=0 , 0.0154740 secs] [Times: user=0.17 sys=0.00, real=0.02 secs] 
Total time for which application threads were stopped: 0.0158320 seconds
2012-01-20T09:40:41.288+0000: 2235.667: [GC 2235.667: [ParNew: 27328K->5440K(27328K), 0.0147400 secs] 2842325K->2820806K(4188864K) icms_dc=0 , 0.0148710 secs] [Times: user=0.17 sys=0.01, real=0.02 secs] 
Total time for which application threads were stopped: 0.0152920 seconds
2012-01-20T09:40:42.714+0000: 2237.092: [GC 2237.092: [ParNew: 27328K->5440K(27328K), 0.0148810 secs] 2842694K->2821275K(4188864K) icms_dc=0 , 0.0150080 secs] [Times: user=0.17 sys=0.00, real=0.01 secs] 
Total time for which application threads were stopped: 0.0153790 seconds
2012-01-20T09:40:44.264+0000: 2238.642: [GC 2238.642: [ParNew: 27328K->5440K(27328K), 0.0146320 secs] 2843163K->2821756K(4188864K) icms_dc=0 , 0.0147980 secs] [Times: user=0.17 sys=0.00, real=0.01 secs] 
Total time for which application threads were stopped: 0.0151600 seconds
Total time for which application threads were stopped: 0.0002380 seconds
2012-01-20T09:40:45.797+0000: 2240.175: [GC 2240.175: [ParNew: 27328K->5440K(27328K), 0.0144170 secs] 2843644K->2822329K(4188864K) icms_dc=0 , 0.0145440 secs] [Times: user=0.17 sys=0.00, real=0.01 secs] 
Total time for which application threads were stopped: 0.0147910 seconds
Total time for which application threads were stopped: 0.0004800 seconds
2012-01-20T09:40:47.280+0000: 2241.658: [GC 2241.658: [ParNew: 27328K->5440K(27328K), 0.0163800 secs] 2844217K->2823263K(4188864K) icms_dc=0 , 0.0165070 secs] [Times: user=0.19 sys=0.01, real=0.02 secs] 
Total time for which application threads were stopped: 0.0168010 seconds
2012-01-20T09:40:48.818+0000: 2243.196: [GC 2243.196: [ParNew: 27328K->5440K(27328K), 0.0135100 secs] 2845151K->2823273K(4188864K) icms_dc=0 , 0.0136390 secs] [Times: user=0.16 sys=0.00, real=0.01 secs] 
Total time for which application threads were stopped: 0.0140600 seconds
2012-01-20T09:40:50.506+0000: 2244.884: [GC 2244.884: [ParNew: 27328K->5440K(27328K), 0.0161430 secs] 2845161K->2824317K(4188864K) icms_dc=0 , 0.0162680 secs] [Times: user=0.17 sys=0.00, real=0.01 secs] 
Total time for which application threads were stopped: 0.0166350 seconds
2012-01-20T09:40:52.211+0000: 2246.589: [GC 2246.590: [ParNew: 27328K->5440K(27328K), 0.0134340 secs] 2846205K->2824623K(4188864K) icms_dc=0 , 0.0135630 secs] [Times: user=0.15 sys=0.00, real=0.02 secs] 
Total time for which application threads were stopped: 0.0139970 seconds
2012-01-20T09:40:53.551+0000: 2247.929: [GC 2247.929: [ParNew: 27328K->5440K(27328K), 0.0150950 secs] 2846511K->2825467K(4188864K) icms_dc=0 , 0.0152190 secs] [Times: user=0.18 sys=0.00, real=0.02 secs] 
Total time for which application threads were stopped: 0.0156090 seconds
2012-01-20T09:40:55.280+0000: 2249.658: [GC 2249.658: [ParNew: 27328K->5440K(27328K), 0.0161010 secs] 2847355K->2826604K(4188864K) icms_dc=0 , 0.0162350 secs] [Times: user=0.18 sys=0.01, real=0.02 secs] 
Total time for which application threads were stopped: 0.0167040 seconds
Total time for which application threads were stopped: 0.0001580 seconds
2012-01-20T09:40:57.002+0000: 2251.380: [GC 2251.381: [ParNew: 27328K->5440K(27328K), 0.0143620 secs] 2848492K->2826966K(4188864K) icms_dc=0 , 0.0144870 secs] [Times: user=0.17 sys=0.00, real=0.02 secs] 
Total time for which application threads were stopped: 0.0149010 seconds
2012-01-20T09:40:58.462+0000: 2252.840: [GC 2252.840: [ParNew: 27328K->5440K(27328K), 0.0165560 secs] 2848854K->2828343K(4188864K) icms_dc=0 , 0.0166770 secs] [Times: user=0.18 sys=0.00, real=0.02 secs] 
Total time for which application threads were stopped: 0.0170630 seconds
2012-01-20T09:41:00.015+0000: 2254.393: [GC 2254.393: [ParNew: 27328K->5440K(27328K), 0.0134630 secs] 2850231K->2828504K(4188864K) icms_dc=0 , 0.0135830 secs] [Times: user=0.15 sys=0.00, real=0.01 secs] 
Total time for which application threads were stopped: 0.0139740 seconds
2012-01-20T09:41:01.466+0000: 2255.844: [GC 2255.844: [ParNew: 27328K->5440K(27328K), 0.0156920 secs] 2850392K->2829591K(4188864K) icms_dc=0 , 0.0158090 secs] [Times: user=0.18 sys=0.00, real=0.01 secs] 
Total time for which application threads were stopped: 0.0161320 seconds
2012-01-20T09:41:03.028+0000: 2257.407: [GC 2257.407: [ParNew: 27328K->5440K(27328K), 0.0136970 secs] 2851479K->2830010K(4188864K) icms_dc=0 , 0.0138180 secs] [Times: user=0.16 sys=0.00, real=0.01 secs] 
Total time for which application threads were stopped: 0.0142150 seconds
2012-01-20T09:41:04.440+0000: 2258.818: [GC 2258.818: [ParNew: 27328K->5440K(27328K), 0.0169290 secs] 2851898K->2831462K(4188864K) icms_dc=0 , 0.0170460 secs] [Times: user=0.18 sys=0.00, real=0.02 secs] 
Total time for which application threads were stopped: 0.0174670 seconds
Total time for which application threads were stopped: 0.0002680 seconds
2012-01-20T09:41:05.687+0000: 2260.066: [GC 2260.066: [ParNew: 27328K->5440K(27328K), 0.0135250 secs] 2853350K->2831610K(4188864K) icms_dc=0 , 0.0136490 secs] [Times: user=0.16 sys=0.00, real=0.01 secs] 
Total time for which application threads were stopped: 0.0138720 seconds
2012-01-20T09:41:07.354+0000: 2261.732: [GC 2261.732: [ParNew: 27328K->5440K(27328K), 0.0149440 secs] 2853498K->2832669K(4188864K) icms_dc=0 , 0.0150620 secs] [Times: user=0.16 sys=0.01, real=0.02 secs] 
Total time for which application threads were stopped: 0.0154870 seconds
2012-01-20T09:41:08.928+0000: 2263.306: [GC 2263.306: [ParNew: 27328K->5440K(27328K), 0.0153550 secs] 2854557K->2833683K(4188864K) icms_dc=0 , 0.0154730 secs] [Times: user=0.17 sys=0.01, real=0.01 secs] 
Total time for which application threads were stopped: 0.0158390 seconds
2012-01-20T09:41:10.461+0000: 2264.839: [GC 2264.839: [ParNew: 27328K->5440K(27328K), 0.0135030 secs] 2855571K->2833851K(4188864K) icms_dc=0 , 0.0136200 secs] [Times: user=0.16 sys=0.01, real=0.01 secs] 
Total time for which application threads were stopped: 0.0139980 seconds
2012-01-20T09:41:11.873+0000: 2266.251: [GC 2266.251: [ParNew: 27328K->5440K(27328K), 0.0149340 secs] 2855739K->2834742K(4188864K) icms_dc=0 , 0.0150560 secs] [Times: user=0.17 sys=0.00, real=0.02 secs] 
Total time for which application threads were stopped: 0.0154140 seconds
2012-01-20T09:41:13.245+0000: 2267.623: [GC 2267.624: [ParNew: 27328K->5440K(27328K), 0.0147330 secs] 2856630K->2835788K(4188864K) icms_dc=0 , 0.0148500 secs] [Times: user=0.16 sys=0.01, real=0.02 secs] 
Total time for which application threads were stopped: 0.0152450 seconds
2012-01-20T09:41:14.731+0000: 2269.109: [GC 2269.109: [ParNew: 27328K->5440K(27328K), 0.0137970 secs] 2857676K->2835954K(4188864K) icms_dc=0 , 0.0139190 secs] [Times: user=0.16 sys=0.00, real=0.01 secs] 
Total time for which application threads were stopped: 0.0143420 seconds
Total time for which application threads were stopped: 0.0002790 seconds
2012-01-20T09:41:16.063+0000: 2270.441: [GC 2270.441: [ParNew: 27328K->5440K(27328K), 0.0163960 secs] 2857842K->2837450K(4188864K) icms_dc=0 , 0.0165200 secs] [Times: user=0.17 sys=0.01, real=0.02 secs] 
Total time for which application threads were stopped: 0.0167370 seconds
2012-01-20T09:41:17.713+0000: 2272.091: [GC 2272.091: [ParNew: 27328K->5440K(27328K), 0.0131050 secs] 2859338K->2837501K(4188864K) icms_dc=0 , 0.0132250 secs] [Times: user=0.15 sys=0.00, real=0.01 secs] 
Total time for which application threads were stopped: 0.0135590 seconds
2012-01-20T09:41:19.228+0000: 2273.607: [GC 2273.607: [ParNew: 27328K->5440K(27328K), 0.0154050 secs] 2859389K->2838276K(4188864K) icms_dc=0 , 0.0155160 secs] [Times: user=0.17 sys=0.00, real=0.01 secs] 
Total time for which application threads were stopped: 0.0159200 seconds
2012-01-20T09:41:20.870+0000: 2275.248: [GC 2275.248: [ParNew: 27328K->5440K(27328K), 0.0148080 secs] 2860164K->2839173K(4188864K) icms_dc=0 , 0.0149180 secs] [Times: user=0.17 sys=0.01, real=0.01 secs] 
Total time for which application threads were stopped: 0.0152590 seconds
2012-01-20T09:41:22.529+0000: 2276.907: [GC 2276.907: [ParNew: 27328K->5440K(27328K), 0.0138220 secs] 2861061K->2839338K(4188864K) icms_dc=0 , 0.0139390 secs] [Times: user=0.16 sys=0.00, real=0.01 secs] 
Total time for which application threads were stopped: 0.0142810 seconds
2012-01-20T09:41:24.048+0000: 2278.426: [GC 2278.426: [ParNew: 27328K->5440K(27328K), 0.0159580 secs] 2861226K->2840501K(4188864K) icms_dc=0 , 0.0160800 secs] [Times: user=0.18 sys=0.01, real=0.01 secs] 
Total time for which application threads were stopped: 0.0164210 seconds
2012-01-20T09:41:25.648+0000: 2280.026: [GC 2280.026: [ParNew: 27328K->5440K(27328K), 0.0128290 secs] 2862389K->2840586K(4188864K) icms_dc=0 , 0.0129480 secs] [Times: user=0.15 sys=0.00, real=0.01 secs] 
Total time for which application threads were stopped: 0.0133610 seconds
Total time for which application threads were stopped: 0.0001540 seconds
2012-01-20T09:41:27.310+0000: 2281.689: [GC 2281.689: [ParNew: 27328K->5440K(27328K), 0.0144500 secs] 2862474K->2841283K(4188864K) icms_dc=0 , 0.0146180 secs] [Times: user=0.17 sys=0.00, real=0.01 secs] 
Total time for which application threads were stopped: 0.0150290 seconds
2012-01-20T09:41:28.634+0000: 2283.012: [GC 2283.012: [ParNew: 27328K->5440K(27328K), 0.0149100 secs] 2863171K->2842237K(4188864K) icms_dc=0 , 0.0150270 secs] [Times: user=0.16 sys=0.00, real=0.02 secs] 
Total time for which application threads were stopped: 0.0153920 seconds
2012-01-20T09:41:30.038+0000: 2284.416: [GC 2284.416: [ParNew: 27328K->5440K(27328K), 0.0136890 secs] 2864125K->2842271K(4188864K) icms_dc=0 , 0.0138090 secs] [Times: user=0.17 sys=0.00, real=0.02 secs] 
Total time for which application threads were stopped: 0.0141530 seconds
2012-01-20T09:41:31.408+0000: 2285.787: [GC 2285.787: [ParNew: 27328K->5440K(27328K), 0.0153920 secs] 2864159K->2843162K(4188864K) icms_dc=0 , 0.0155110 secs] [Times: user=0.17 sys=0.00, real=0.01 secs] 
Total time for which application threads were stopped: 0.0158750 seconds
2012-01-20T09:41:32.711+0000: 2287.089: [GC 2287.089: [ParNew: 27328K->5440K(27328K), 0.0140440 secs] 2865050K->2843365K(4188864K) icms_dc=0 , 0.0141560 secs] [Times: user=0.17 sys=0.01, real=0.01 secs] 
Total time for which application threads were stopped: 0.0144920 seconds
2012-01-20T09:41:34.154+0000: 2288.533: [GC 2288.533: [ParNew: 27328K->5440K(27328K), 0.0152940 secs] 2865253K->2844260K(4188864K) icms_dc=0 , 0.0154140 secs] [Times: user=0.16 sys=0.00, real=0.02 secs] 
Total time for which application threads were stopped: 0.0157670 seconds
2012-01-20T09:41:35.573+0000: 2289.952: [GC 2289.952: [ParNew: 27328K->5440K(27328K), 0.0150650 secs] 2866148K->2845273K(4188864K) icms_dc=0 , 0.0151840 secs] [Times: user=0.17 sys=0.00, real=0.01 secs] 
Total time for which application threads were stopped: 0.0155930 seconds
Total time for which application threads were stopped: 0.0001850 seconds
2012-01-20T09:41:37.146+0000: 2291.524: [GC 2291.524: [ParNew: 27328K->5440K(27328K), 0.0154260 secs] 2867161K->2846103K(4188864K) icms_dc=0 , 0.0155520 secs] [Times: user=0.17 sys=0.00, real=0.02 secs] 
Total time for which application threads were stopped: 0.0159440 seconds
2012-01-20T09:41:38.593+0000: 2292.971: [GC 2292.971: [ParNew: 27328K->5440K(27328K), 0.0153950 secs] 2867991K->2847316K(4188864K) icms_dc=0 , 0.0155130 secs] [Times: user=0.17 sys=0.01, real=0.01 secs] 
Total time for which application threads were stopped: 0.0159110 seconds
2012-01-20T09:41:40.156+0000: 2294.534: [GC 2294.534: [ParNew: 27328K->5440K(27328K), 0.0149230 secs] 2869204K->2848090K(4188864K) icms_dc=0 , 0.0150440 secs] [Times: user=0.16 sys=0.01, real=0.02 secs] 
Total time for which application threads were stopped: 0.0153910 seconds
2012-01-20T09:41:41.644+0000: 2296.022: [GC 2296.023: [ParNew: 27328K->5440K(27328K), 0.0144420 secs] 2869978K->2848953K(4188864K) icms_dc=0 , 0.0145620 secs] [Times: user=0.17 sys=0.00, real=0.02 secs] 
Total time for which application threads were stopped: 0.0149150 seconds
2012-01-20T09:41:43.129+0000: 2297.507: [GC 2297.507: [ParNew: 27328K->5440K(27328K), 0.0149320 secs] 2870841K->2849584K(4188864K) icms_dc=0 , 0.0150540 secs] [Times: user=0.17 sys=0.01, real=0.02 secs] 
Total time for which application threads were stopped: 0.0154670 seconds
2012-01-20T09:41:44.707+0000: 2299.085: [GC 2299.085: [ParNew: 27328K->5440K(27328K), 0.0153290 secs] 2871472K->2850276K(4188864K) icms_dc=0 , 0.0154420 secs] [Times: user=0.18 sys=0.01, real=0.02 secs] 
Total time for which application threads were stopped: 0.0157890 seconds
Total time for which application threads were stopped: 0.0002880 seconds
2012-01-20T09:41:46.348+0000: 2300.726: [GC 2300.726: [ParNew: 27328K->5440K(27328K), 0.0137460 secs] 2872164K->2850306K(4188864K) icms_dc=0 , 0.0138730 secs] [Times: user=0.16 sys=0.00, real=0.02 secs] 
Total time for which application threads were stopped: 0.0142880 seconds
2012-01-20T09:41:47.749+0000: 2302.127: [GC 2302.127: [ParNew: 27328K->5440K(27328K), 0.0151500 secs] 2872194K->2850874K(4188864K) icms_dc=0 , 0.0152690 secs] [Times: user=0.17 sys=0.00, real=0.02 secs] 
Total time for which application threads were stopped: 0.0157200 seconds
2012-01-20T09:41:49.417+0000: 2303.795: [GC 2303.795: [ParNew: 27328K->5440K(27328K), 0.0145750 secs] 2872762K->2851353K(4188864K) icms_dc=0 , 0.0146930 secs] [Times: user=0.17 sys=0.00, real=0.02 secs] 
Total time for which application threads were stopped: 0.0150400 seconds
2012-01-20T09:41:50.942+0000: 2305.321: [GC 2305.321: [ParNew: 27328K->5440K(27328K), 0.0154880 secs] 2873241K->2852369K(4188864K) icms_dc=0 , 0.0156100 secs] [Times: user=0.17 sys=0.00, real=0.01 secs] 
Total time for which application threads were stopped: 0.0159790 seconds
2012-01-20T09:41:52.523+0000: 2306.901: [GC 2306.901: [ParNew: 27328K->5440K(27328K), 0.0151170 secs] 2874257K->2853365K(4188864K) icms_dc=0 , 0.0152260 secs] [Times: user=0.17 sys=0.00, real=0.01 secs] 
Total time for which application threads were stopped: 0.0156240 seconds
2012-01-20T09:41:53.998+0000: 2308.376: [GC 2308.376: [ParNew: 27328K->5440K(27328K), 0.0150900 secs] 2875253K->2854386K(4188864K) icms_dc=0 , 0.0152140 secs] [Times: user=0.15 sys=0.01, real=0.02 secs] 
Total time for which application threads were stopped: 0.0156260 seconds
2012-01-20T09:41:55.567+0000: 2309.945: [GC 2309.945: [ParNew: 27328K->5440K(27328K), 0.0135880 secs] 2876274K->2854387K(4188864K) icms_dc=0 , 0.0137110 secs] [Times: user=0.16 sys=0.00, real=0.01 secs] 
Total time for which application threads were stopped: 0.0140440 seconds
Total time for which application threads were stopped: 0.0001480 seconds
2012-01-20T09:41:56.966+0000: 2311.344: [GC 2311.344: [ParNew: 27328K->5440K(27328K), 0.0149630 secs] 2876275K->2854913K(4188864K) icms_dc=0 , 0.0150810 secs] [Times: user=0.17 sys=0.01, real=0.01 secs] 
Total time for which application threads were stopped: 0.0154160 seconds
2012-01-20T09:41:58.515+0000: 2312.893: [GC 2312.893: [ParNew: 27328K->5440K(27328K), 0.0138690 secs] 2876801K->2855328K(4188864K) icms_dc=0 , 0.0139850 secs] [Times: user=0.16 sys=0.00, real=0.01 secs] 
Total time for which application threads were stopped: 0.0143390 seconds
2012-01-20T09:42:00.114+0000: 2314.492: [GC 2314.492: [ParNew: 27328K->5440K(27328K), 0.0128090 secs] 2877216K->2855380K(4188864K) icms_dc=0 , 0.0129300 secs] [Times: user=0.16 sys=0.00, real=0.01 secs] 
Total time for which application threads were stopped: 0.0132530 seconds
2012-01-20T09:42:01.563+0000: 2315.941: [GC 2315.941: [ParNew: 27328K->5440K(27328K), 0.0139950 secs] 2877268K->2855696K(4188864K) icms_dc=0 , 0.0141200 secs] [Times: user=0.16 sys=0.01, real=0.01 secs] 
Total time for which application threads were stopped: 0.0144810 seconds
2012-01-20T09:42:03.060+0000: 2317.438: [GC 2317.439: [ParNew: 27328K->5440K(27328K), 0.0153440 secs] 2877584K->2856210K(4188864K) icms_dc=0 , 0.0154630 secs] [Times: user=0.17 sys=0.01, real=0.02 secs] 
Total time for which application threads were stopped: 0.0158050 seconds
2012-01-20T09:42:04.599+0000: 2318.977: [GC 2318.978: [ParNew: 27328K->5440K(27328K), 0.0149750 secs] 2878098K->2856828K(4188864K) icms_dc=0 , 0.0150910 secs] [Times: user=0.18 sys=0.01, real=0.02 secs] 
Total time for which application threads were stopped: 0.0154400 seconds
Total time for which application threads were stopped: 0.0002110 seconds
Total time for which application threads were stopped: 0.0001420 seconds
2012-01-20T09:42:06.102+0000: 2320.481: [GC 2320.481: [ParNew: 27328K->5440K(27328K), 0.0161470 secs] 2878716K->2857769K(4188864K) icms_dc=0 , 0.0162670 secs] [Times: user=0.18 sys=0.00, real=0.01 secs] 
Total time for which application threads were stopped: 0.0166840 seconds
2012-01-20T09:42:07.652+0000: 2322.030: [GC 2322.030: [ParNew: 27328K->5440K(27328K), 0.0152320 secs] 2879657K->2858732K(4188864K) icms_dc=0 , 0.0153510 secs] [Times: user=0.17 sys=0.01, real=0.02 secs] 
Total time for which application threads were stopped: 0.0157430 seconds
2012-01-20T09:42:09.243+0000: 2323.621: [GC 2323.622: [ParNew: 27328K->5440K(27328K), 0.0147390 secs] 2880620K->2859699K(4188864K) icms_dc=0 , 0.0148560 secs] [Times: user=0.17 sys=0.00, real=0.01 secs] 
Total time for which application threads were stopped: 0.0152590 seconds
2012-01-20T09:42:10.700+0000: 2325.078: [GC 2325.078: [ParNew: 27328K->5440K(27328K), 0.0150440 secs] 2881587K->2860675K(4188864K) icms_dc=0 , 0.0151610 secs] [Times: user=0.17 sys=0.00, real=0.02 secs] 
Total time for which application threads were stopped: 0.0155590 seconds
2012-01-20T09:42:11.958+0000: 2326.336: [GC 2326.336: [ParNew: 27328K->5440K(27328K), 0.0128840 secs] 2882563K->2860681K(4188864K) icms_dc=0 , 0.0129970 secs] [Times: user=0.15 sys=0.00, real=0.01 secs] 
Total time for which application threads were stopped: 0.0133560 seconds
2012-01-20T09:42:13.410+0000: 2327.788: [GC 2327.788: [ParNew: 27328K->5440K(27328K), 0.0172030 secs] 2882569K->2861718K(4188864K) icms_dc=0 , 0.0173240 secs] [Times: user=0.18 sys=0.01, real=0.02 secs] 
Total time for which application threads were stopped: 0.0176620 seconds
2012-01-20T09:42:14.727+0000: 2329.106: [GC 2329.106: [ParNew: 27328K->5440K(27328K), 0.0127730 secs] 2883606K->2861718K(4188864K) icms_dc=0 , 0.0128910 secs] [Times: user=0.15 sys=0.00, real=0.01 secs] 
Total time for which application threads were stopped: 0.0132430 seconds
Total time for which application threads were stopped: 0.0005130 seconds
2012-01-20T09:42:16.333+0000: 2330.711: [GC 2330.711: [ParNew: 27328K->5440K(27328K), 0.0143460 secs] 2883606K->2862511K(4188864K) icms_dc=0 , 0.0144650 secs] [Times: user=0.16 sys=0.01, real=0.02 secs] 
Total time for which application threads were stopped: 0.0146920 seconds
2012-01-20T09:42:17.742+0000: 2332.121: [GC 2332.121: [ParNew: 27328K->5440K(27328K), 0.0134530 secs] 2884399K->2862828K(4188864K) icms_dc=0 , 0.0135670 secs] [Times: user=0.15 sys=0.01, real=0.02 secs] 
Total time for which application threads were stopped: 0.0139300 seconds
2012-01-20T09:42:19.203+0000: 2333.581: [GC 2333.581: [ParNew: 27328K->5440K(27328K), 0.0155600 secs] 2884716K->2863748K(4188864K) icms_dc=0 , 0.0156800 secs] [Times: user=0.17 sys=0.00, real=0.02 secs] 
Total time for which application threads were stopped: 0.0160660 seconds
2012-01-20T09:42:20.622+0000: 2335.000: [GC 2335.000: [ParNew: 27328K->5440K(27328K), 0.0137260 secs] 2885636K->2863959K(4188864K) icms_dc=0 , 0.0138430 secs] [Times: user=0.16 sys=0.00, real=0.02 secs] 
Total time for which application threads were stopped: 0.0142430 seconds
2012-01-20T09:42:21.876+0000: 2336.254: [GC 2336.254: [ParNew: 27328K->5440K(27328K), 0.0155590 secs] 2885847K->2865215K(4188864K) icms_dc=0 , 0.0156750 secs] [Times: user=0.17 sys=0.01, real=0.01 secs] 
Total time for which application threads were stopped: 0.0160250 seconds
2012-01-20T09:42:23.238+0000: 2337.616: [GC 2337.617: [ParNew: 27328K->5440K(27328K), 0.0144700 secs] 2887103K->2865274K(4188864K) icms_dc=0 , 0.0145920 secs] [Times: user=0.17 sys=0.00, real=0.01 secs] 
Total time for which application threads were stopped: 0.0149810 seconds
2012-01-20T09:42:24.620+0000: 2338.999: [GC 2338.999: [ParNew: 27328K->5440K(27328K), 0.0176520 secs] 2887162K->2866174K(4188864K) icms_dc=0 , 0.0177690 secs] [Times: user=0.19 sys=0.01, real=0.02 secs] 
Total time for which application threads were stopped: 0.0181260 seconds
Total time for which application threads were stopped: 0.0003080 seconds
2012-01-20T09:42:26.254+0000: 2340.632: [GC 2340.632: [ParNew: 27328K->5440K(27328K), 0.0131950 secs] 2888062K->2866271K(4188864K) icms_dc=0 , 0.0133050 secs] [Times: user=0.15 sys=0.00, real=0.02 secs] 
Total time for which application threads were stopped: 0.0135240 seconds
2012-01-20T09:42:27.654+0000: 2342.032: [GC 2342.032: [ParNew: 27328K->5439K(27328K), 0.0157150 secs] 2888159K->2867247K(4188864K) icms_dc=0 , 0.0158360 secs] [Times: user=0.17 sys=0.01, real=0.01 secs] 
Total time for which application threads were stopped: 0.0161790 seconds
2012-01-20T09:42:29.171+0000: 2343.550: [GC 2343.550: [ParNew: 27327K->5440K(27328K), 0.0134110 secs] 2889135K->2867393K(4188864K) icms_dc=0 , 0.0135270 secs] [Times: user=0.16 sys=0.01, real=0.02 secs] 
Total time for which application threads were stopped: 0.0138890 seconds
2012-01-20T09:42:30.690+0000: 2345.069: [GC 2345.069: [ParNew: 27328K->5440K(27328K), 0.0173590 secs] 2889281K->2868578K(4188864K) icms_dc=0 , 0.0174810 secs] [Times: user=0.19 sys=0.01, real=0.02 secs] 
Total time for which application threads were stopped: 0.0178810 seconds
2012-01-20T09:42:32.080+0000: 2346.458: [GC 2346.458: [ParNew: 27328K->5440K(27328K), 0.0160390 secs] 2890466K->2869179K(4188864K) icms_dc=0 , 0.0161560 secs] [Times: user=0.19 sys=0.01, real=0.02 secs] 
Total time for which application threads were stopped: 0.0165050 seconds
2012-01-20T09:42:33.604+0000: 2347.982: [GC 2347.982: [ParNew: 27328K->5440K(27328K), 0.0166780 secs] 2891067K->2870468K(4188864K) icms_dc=0 , 0.0168000 secs] [Times: user=0.18 sys=0.00, real=0.02 secs] 
Total time for which application threads were stopped: 0.0172750 seconds
2012-01-20T09:42:35.329+0000: 2349.707: [GC 2349.707: [ParNew: 27328K->5440K(27328K), 0.0154750 secs] 2892356K->2871097K(4188864K) icms_dc=0 , 0.0156000 secs] [Times: user=0.18 sys=0.00, real=0.01 secs] 
Total time for which application threads were stopped: 0.0159680 seconds
Total time for which application threads were stopped: 0.0003460 seconds
2012-01-20T09:42:36.728+0000: 2351.106: [GC 2351.106: [ParNew: 27328K->5440K(27328K), 0.0177760 secs] 2892985K->2872548K(4188864K) icms_dc=0 , 0.0179000 secs] [Times: user=0.19 sys=0.00, real=0.01 secs] 
Total time for which application threads were stopped: 0.0183460 seconds
2012-01-20T09:42:38.281+0000: 2352.659: [GC 2352.659: [ParNew: 27328K->5440K(27328K), 0.0133960 secs] 2894436K->2872804K(4188864K) icms_dc=0 , 0.0135120 secs] [Times: user=0.16 sys=0.01, real=0.01 secs] 
Total time for which application threads were stopped: 0.0139190 seconds
2012-01-20T09:42:39.794+0000: 2354.173: [GC 2354.173: [ParNew: 27328K->5440K(27328K), 0.0148880 secs] 2894692K->2873645K(4188864K) icms_dc=0 , 0.0150110 secs] [Times: user=0.17 sys=0.00, real=0.02 secs] 
Total time for which application threads were stopped: 0.0153580 seconds
2012-01-20T09:42:41.236+0000: 2355.614: [GC 2355.614: [ParNew: 27328K->5440K(27328K), 0.0140950 secs] 2895533K->2874367K(4188864K) icms_dc=0 , 0.0142100 secs] [Times: user=0.16 sys=0.01, real=0.02 secs] 
Total time for which application threads were stopped: 0.0146020 seconds
2012-01-20T09:42:42.664+0000: 2357.042: [GC 2357.042: [ParNew: 27328K->5439K(27328K), 0.0140630 secs] 2896255K->2874952K(4188864K) icms_dc=0 , 0.0141810 secs] [Times: user=0.15 sys=0.00, real=0.02 secs] 
Total time for which application threads were stopped: 0.0145500 seconds
2012-01-20T09:42:44.157+0000: 2358.535: [GC 2358.535: [ParNew: 27327K->5440K(27328K), 0.0140670 secs] 2896840K->2875466K(4188864K) icms_dc=0 , 0.0141840 secs] [Times: user=0.17 sys=0.00, real=0.01 secs] 
Total time for which application threads were stopped: 0.0145490 seconds
2012-01-20T09:42:45.688+0000: 2360.066: [GC 2360.066: [ParNew: 27328K->5440K(27328K), 0.0149760 secs] 2897354K->2876311K(4188864K) icms_dc=0 , 0.0150990 secs] [Times: user=0.16 sys=0.01, real=0.01 secs] 
Total time for which application threads were stopped: 0.0154950 seconds
Total time for which application threads were stopped: 0.0001470 seconds
Total time for which application threads were stopped: 0.0004480 seconds
2012-01-20T09:42:47.195+0000: 2361.574: [GC 2361.574: [ParNew: 27328K->5440K(27328K), 0.0140340 secs] 2898199K->2876990K(4188864K) icms_dc=0 , 0.0141540 secs] [Times: user=0.16 sys=0.01, real=0.02 secs] 
Total time for which application threads were stopped: 0.0143460 seconds
2012-01-20T09:42:48.808+0000: 2363.186: [GC 2363.186: [ParNew: 27328K->5440K(27328K), 0.0149970 secs] 2898878K->2877658K(4188864K) icms_dc=0 , 0.0151130 secs] [Times: user=0.17 sys=0.01, real=0.01 secs] 
Total time for which application threads were stopped: 0.0155010 seconds
2012-01-20T09:42:50.249+0000: 2364.627: [GC 2364.627: [ParNew: 27328K->5440K(27328K), 0.0176580 secs] 2899546K->2878500K(4188864K) icms_dc=0 , 0.0177800 secs] [Times: user=0.20 sys=0.01, real=0.01 secs] 
Total time for which application threads were stopped: 0.0181550 seconds
2012-01-20T09:42:52.015+0000: 2366.393: [GC 2366.393: [ParNew: 27328K->5440K(27328K), 0.0191340 secs] 2900388K->2879484K(4188864K) icms_dc=0 , 0.0192580 secs] [Times: user=0.22 sys=0.00, real=0.02 secs] 
Total time for which application threads were stopped: 0.0196620 seconds
2012-01-20T09:42:53.541+0000: 2367.919: [GC 2367.920: [ParNew: 27328K->5440K(27328K), 0.0147940 secs] 2901372K->2880269K(4188864K) icms_dc=0 , 0.0149120 secs] [Times: user=0.16 sys=0.01, real=0.01 secs] 
Total time for which application threads were stopped: 0.0152590 seconds
2012-01-20T09:42:54.956+0000: 2369.334: [GC 2369.334: [ParNew: 27328K->5440K(27328K), 0.0148860 secs] 2902157K->2881170K(4188864K) icms_dc=0 , 0.0150000 secs] [Times: user=0.17 sys=0.00, real=0.02 secs] 
Total time for which application threads were stopped: 0.0153560 seconds
Total time for which application threads were stopped: 0.0002500 seconds
2012-01-20T09:42:56.270+0000: 2370.648: [GC 2370.648: [ParNew: 27328K->5440K(27328K), 0.0169790 secs] 2903058K->2882502K(4188864K) icms_dc=0 , 0.0171050 secs] [Times: user=0.18 sys=0.01, real=0.01 secs] 
Total time for which application threads were stopped: 0.0173780 seconds
2012-01-20T09:42:57.623+0000: 2372.002: [GC 2372.002: [ParNew: 27328K->5440K(27328K), 0.0155140 secs] 2904390K->2883364K(4188864K) icms_dc=0 , 0.0156230 secs] [Times: user=0.18 sys=0.01, real=0.02 secs] 
Total time for which application threads were stopped: 0.0159790 seconds
2012-01-20T09:42:59.164+0000: 2373.542: [GC 2373.542: [ParNew: 27328K->5440K(27328K), 0.0150110 secs] 2905252K->2884436K(4188864K) icms_dc=0 , 0.0151280 secs] [Times: user=0.17 sys=0.00, real=0.02 secs] 
Total time for which application threads were stopped: 0.0155380 seconds
2012-01-20T09:43:00.685+0000: 2375.063: [GC 2375.063: [ParNew: 27328K->5440K(27328K), 0.0149100 secs] 2906324K->2885535K(4188864K) icms_dc=0 , 0.0150350 secs] [Times: user=0.16 sys=0.00, real=0.02 secs] 
Total time for which application threads were stopped: 0.0153900 seconds
2012-01-20T09:43:02.187+0000: 2376.565: [GC 2376.565: [ParNew: 27328K->5440K(27328K), 0.0151990 secs] 2907423K->2886416K(4188864K) icms_dc=0 , 0.0153210 secs] [Times: user=0.17 sys=0.00, real=0.02 secs] 
Total time for which application threads were stopped: 0.0157020 seconds
2012-01-20T09:43:03.643+0000: 2378.021: [GC 2378.021: [ParNew: 27328K->5440K(27328K), 0.0150570 secs] 2908304K->2887563K(4188864K) icms_dc=0 , 0.0151770 secs] [Times: user=0.16 sys=0.01, real=0.01 secs] 
Total time for which application threads were stopped: 0.0155790 seconds
2012-01-20T09:43:05.066+0000: 2379.444: [GC 2379.444: [ParNew: 27328K->5440K(27328K), 0.0145830 secs] 2909451K->2888193K(4188864K) icms_dc=0 , 0.0147010 secs] [Times: user=0.16 sys=0.01, real=0.02 secs] 
Total time for which application threads were stopped: 0.0151020 seconds
Total time for which application threads were stopped: 0.0003020 seconds
2012-01-20T09:43:06.531+0000: 2380.909: [GC 2380.909: [ParNew: 27328K->5440K(27328K), 0.0145700 secs] 2910081K->2888825K(4188864K) icms_dc=0 , 0.0146910 secs] [Times: user=0.16 sys=0.01, real=0.01 secs] 
Total time for which application threads were stopped: 0.0149840 seconds
2012-01-20T09:43:07.986+0000: 2382.364: [GC 2382.364: [ParNew: 27328K->5440K(27328K), 0.0153700 secs] 2910713K->2889987K(4188864K) icms_dc=0 , 0.0154890 secs] [Times: user=0.17 sys=0.00, real=0.02 secs] 
Total time for which application threads were stopped: 0.0159020 seconds
2012-01-20T09:43:09.204+0000: 2383.582: [GC 2383.582: [ParNew: 27328K->5440K(27328K), 0.0165660 secs] 2911875K->2891561K(4188864K) icms_dc=0 , 0.0166890 secs] [Times: user=0.17 sys=0.00, real=0.02 secs] 
Total time for which application threads were stopped: 0.0170940 seconds
2012-01-20T09:43:10.708+0000: 2385.086: [GC 2385.087: [ParNew: 27328K->5440K(27328K), 0.0140960 secs] 2913449K->2891760K(4188864K) icms_dc=0 , 0.0142130 secs] [Times: user=0.17 sys=0.01, real=0.02 secs] 
Total time for which application threads were stopped: 0.0146220 seconds
2012-01-20T09:43:12.034+0000: 2386.412: [GC 2386.412: [ParNew: 27328K->5440K(27328K), 0.0154960 secs] 2913648K->2892974K(4188864K) icms_dc=0 , 0.0156160 secs] [Times: user=0.17 sys=0.01, real=0.02 secs] 
Total time for which application threads were stopped: 0.0159950 seconds
2012-01-20T09:43:13.621+0000: 2387.999: [GC 2387.999: [ParNew: 27328K->5440K(27328K), 0.0140730 secs] 2914862K->2893011K(4188864K) icms_dc=0 , 0.0141910 secs] [Times: user=0.17 sys=0.00, real=0.01 secs] 
Total time for which application threads were stopped: 0.0145670 seconds
2012-01-20T09:43:15.115+0000: 2389.493: [GC 2389.493: [ParNew: 27328K->5440K(27328K), 0.0155500 secs] 2914899K->2893890K(4188864K) icms_dc=0 , 0.0156650 secs] [Times: user=0.16 sys=0.00, real=0.02 secs] 
Total time for which application threads were stopped: 0.0160090 seconds
Total time for which application threads were stopped: 0.0026980 seconds
Total time for which application threads were stopped: 0.0001600 seconds
2012-01-20T09:43:16.475+0000: 2390.853: [GC 2390.853: [ParNew: 27328K->5440K(27328K), 0.0132830 secs] 2915778K->2894107K(4188864K) icms_dc=0 , 0.0134060 secs] [Times: user=0.16 sys=0.01, real=0.01 secs] 
Total time for which application threads were stopped: 0.0136570 seconds
2012-01-20T09:43:17.603+0000: 2391.981: [GC 2391.981: [ParNew: 27328K->5440K(27328K), 0.0138220 secs] 2915995K->2894679K(4188864K) icms_dc=0 , 0.0139380 secs] [Times: user=0.15 sys=0.01, real=0.01 secs] 
Total time for which application threads were stopped: 0.0142760 seconds
2012-01-20T09:43:18.926+0000: 2393.304: [GC 2393.304: [ParNew: 27328K->5440K(27328K), 0.0136110 secs] 2916567K->2895089K(4188864K) icms_dc=0 , 0.0137270 secs] [Times: user=0.16 sys=0.00, real=0.01 secs] 
Total time for which application threads were stopped: 0.0141420 seconds
2012-01-20T09:43:20.434+0000: 2394.812: [GC 2394.812: [ParNew: 27328K->5438K(27328K), 0.0181950 secs] 2916977K->2895853K(4188864K) icms_dc=0 , 0.0183130 secs] [Times: user=0.21 sys=0.00, real=0.02 secs] 
Total time for which application threads were stopped: 0.0187150 seconds
2012-01-20T09:43:21.780+0000: 2396.158: [GC 2396.158: [ParNew: 27326K->5440K(27328K), 0.0154960 secs] 2917741K->2896358K(4188864K) icms_dc=0 , 0.0156150 secs] [Times: user=0.18 sys=0.00, real=0.02 secs] 
Total time for which application threads were stopped: 0.0159710 seconds
2012-01-20T09:43:23.260+0000: 2397.638: [GC 2397.638: [ParNew: 27328K->5440K(27328K), 0.0163080 secs] 2918246K->2897633K(4188864K) icms_dc=0 , 0.0164270 secs] [Times: user=0.18 sys=0.00, real=0.02 secs] 
Total time for which application threads were stopped: 0.0167650 seconds
2012-01-20T09:43:24.849+0000: 2399.227: [GC 2399.227: [ParNew: 27328K->5440K(27328K), 0.0158370 secs] 2919521K->2898723K(4188864K) icms_dc=0 , 0.0159520 secs] [Times: user=0.18 sys=0.00, real=0.02 secs] 
Total time for which application threads were stopped: 0.0162940 seconds
Total time for which application threads were stopped: 0.0002580 seconds
2012-01-20T09:43:26.480+0000: 2400.858: [GC 2400.858: [ParNew: 27328K->5440K(27328K), 0.0168800 secs] 2920611K->2899470K(4188864K) icms_dc=0 , 0.0170020 secs] [Times: user=0.19 sys=0.00, real=0.02 secs] 
Total time for which application threads were stopped: 0.0172590 seconds
2012-01-20T09:43:28.078+0000: 2402.456: [GC 2402.456: [ParNew: 27328K->5440K(27328K), 0.0150610 secs] 2921358K->2900773K(4188864K) icms_dc=0 , 0.0151860 secs] [Times: user=0.17 sys=0.00, real=0.02 secs] 
Total time for which application threads were stopped: 0.0155370 seconds
2012-01-20T09:43:29.561+0000: 2403.939: [GC 2403.939: [ParNew: 27328K->5440K(27328K), 0.0157430 secs] 2922661K->2901869K(4188864K) icms_dc=0 , 0.0158600 secs] [Times: user=0.18 sys=0.00, real=0.02 secs] 
Total time for which application threads were stopped: 0.0162630 seconds
2012-01-20T09:43:31.052+0000: 2405.430: [GC 2405.430: [ParNew: 27328K->5440K(27328K), 0.0149070 secs] 2923757K->2902611K(4188864K) icms_dc=0 , 0.0150300 secs] [Times: user=0.17 sys=0.00, real=0.01 secs] 
Total time for which application threads were stopped: 0.0154310 seconds
2012-01-20T09:43:32.687+0000: 2407.065: [GC 2407.065: [ParNew: 27328K->5440K(27328K), 0.0149090 secs] 2924499K->2903817K(4188864K) icms_dc=0 , 0.0150290 secs] [Times: user=0.17 sys=0.01, real=0.02 secs] 
Total time for which application threads were stopped: 0.0154250 seconds
2012-01-20T09:43:34.353+0000: 2408.731: [GC 2408.732: [ParNew: 27328K->5440K(27328K), 0.0144720 secs] 2925705K->2904598K(4188864K) icms_dc=0 , 0.0145930 secs] [Times: user=0.16 sys=0.01, real=0.01 secs] 
Total time for which application threads were stopped: 0.0149470 seconds
2012-01-20T09:43:36.044+0000: 2410.422: [GC 2410.422: [ParNew: 27328K->5440K(27328K), 0.0161730 secs] 2926486K->2905989K(4188864K) icms_dc=0 , 0.0163030 secs] [Times: user=0.18 sys=0.00, real=0.01 secs] 
Total time for which application threads were stopped: 0.0166950 seconds
Total time for which application threads were stopped: 0.0001580 seconds
2012-01-20T09:43:37.442+0000: 2411.820: [GC 2411.820: [ParNew: 27328K->5440K(27328K), 0.0144570 secs] 2927877K->2907107K(4188864K) icms_dc=0 , 0.0145810 secs] [Times: user=0.16 sys=0.00, real=0.01 secs] 
Total time for which application threads were stopped: 0.0149670 seconds
2012-01-20T09:43:38.971+0000: 2413.349: [GC 2413.349: [ParNew: 27328K->5440K(27328K), 0.0134000 secs] 2928995K->2907265K(4188864K) icms_dc=0 , 0.0135180 secs] [Times: user=0.16 sys=0.00, real=0.02 secs] 
Total time for which application threads were stopped: 0.0138830 seconds
2012-01-20T09:43:40.440+0000: 2414.818: [GC 2414.818: [ParNew: 27328K->5440K(27328K), 0.0160510 secs] 2929153K->2908418K(4188864K) icms_dc=0 , 0.0161750 secs] [Times: user=0.17 sys=0.01, real=0.02 secs] 
Total time for which application threads were stopped: 0.0165420 seconds
2012-01-20T09:43:41.887+0000: 2416.265: [GC 2416.265: [ParNew: 27328K->5440K(27328K), 0.0146200 secs] 2930306K->2909099K(4188864K) icms_dc=0 , 0.0147370 secs] [Times: user=0.17 sys=0.01, real=0.01 secs] 
Total time for which application threads were stopped: 0.0150900 seconds
2012-01-20T09:43:43.209+0000: 2417.587: [GC 2417.587: [ParNew: 27328K->5440K(27328K), 0.0144410 secs] 2930987K->2909789K(4188864K) icms_dc=0 , 0.0145610 secs] [Times: user=0.17 sys=0.00, real=0.02 secs] 
Total time for which application threads were stopped: 0.0149620 seconds
2012-01-20T09:43:44.735+0000: 2419.113: [GC 2419.113: [ParNew: 27328K->5440K(27328K), 0.0150770 secs] 2931677K->2910876K(4188864K) icms_dc=0 , 0.0151960 secs] [Times: user=0.16 sys=0.00, real=0.01 secs] 
Total time for which application threads were stopped: 0.0155160 seconds
Total time for which application threads were stopped: 0.0002900 seconds
2012-01-20T09:43:46.254+0000: 2420.632: [GC 2420.632: [ParNew: 27328K->5440K(27328K), 0.0173670 secs] 2932764K->2911713K(4188864K) icms_dc=0 , 0.0174900 secs] [Times: user=0.20 sys=0.00, real=0.01 secs] 
Total time for which application threads were stopped: 0.0176990 seconds
2012-01-20T09:43:47.720+0000: 2422.098: [GC 2422.098: [ParNew: 27328K->5440K(27328K), 0.0179020 secs] 2933601K->2912991K(4188864K) icms_dc=0 , 0.0180250 secs] [Times: user=0.20 sys=0.00, real=0.02 secs] 
Total time for which application threads were stopped: 0.0183780 seconds
2012-01-20T09:43:49.277+0000: 2423.655: [GC 2423.655: [ParNew: 27328K->5440K(27328K), 0.0154130 secs] 2934879K->2914195K(4188864K) icms_dc=0 , 0.0155320 secs] [Times: user=0.17 sys=0.01, real=0.01 secs] 
Total time for which application threads were stopped: 0.0158780 seconds
2012-01-20T09:43:50.644+0000: 2425.022: [GC 2425.022: [ParNew: 27328K->5440K(27328K), 0.0159620 secs] 2936083K->2915115K(4188864K) icms_dc=0 , 0.0160850 secs] [Times: user=0.18 sys=0.00, real=0.01 secs] 
Total time for which application threads were stopped: 0.0164470 seconds
2012-01-20T09:43:52.080+0000: 2426.458: [GC 2426.459: [ParNew: 27328K->5440K(27328K), 0.0152720 secs] 2937003K->2916061K(4188864K) icms_dc=0 , 0.0153920 secs] [Times: user=0.17 sys=0.00, real=0.02 secs] 
Total time for which application threads were stopped: 0.0158240 seconds
2012-01-20T09:43:53.452+0000: 2427.830: [GC 2427.830: [ParNew: 27328K->5440K(27328K), 0.0145160 secs] 2937949K->2916958K(4188864K) icms_dc=0 , 0.0146790 secs] [Times: user=0.16 sys=0.00, real=0.02 secs] 
Total time for which application threads were stopped: 0.0150740 seconds
2012-01-20T09:43:54.902+0000: 2429.281: [GC 2429.281: [ParNew: 27328K->5440K(27328K), 0.0161690 secs] 2938846K->2918113K(4188864K) icms_dc=0 , 0.0162870 secs] [Times: user=0.18 sys=0.00, real=0.02 secs] 
Total time for which application threads were stopped: 0.0166810 seconds
Total time for which application threads were stopped: 0.0002630 seconds
2012-01-20T09:43:56.420+0000: 2430.798: [GC 2430.798: [ParNew: 27328K->5440K(27328K), 0.0155790 secs] 2940001K->2919410K(4188864K) icms_dc=0 , 0.0157030 secs] [Times: user=0.16 sys=0.01, real=0.02 secs] 
Total time for which application threads were stopped: 0.0159770 seconds
2012-01-20T09:43:57.593+0000: 2431.972: [GC 2431.972: [ParNew: 27328K->5440K(27328K), 0.0154720 secs] 2941298K->2920657K(4188864K) icms_dc=0 , 0.0155970 secs] [Times: user=0.18 sys=0.00, real=0.02 secs] 
Total time for which application threads were stopped: 0.0160130 seconds
2012-01-20T09:43:58.924+0000: 2433.302: [GC 2433.302: [ParNew: 27328K->5440K(27328K), 0.0156460 secs] 2942545K->2921924K(4188864K) icms_dc=0 , 0.0157710 secs] [Times: user=0.16 sys=0.01, real=0.01 secs] 
Total time for which application threads were stopped: 0.0162080 seconds
2012-01-20T09:44:00.373+0000: 2434.751: [GC 2434.751: [ParNew: 27328K->5440K(27328K), 0.0145270 secs] 2943812K->2922686K(4188864K) icms_dc=0 , 0.0146460 secs] [Times: user=0.16 sys=0.00, real=0.02 secs] 
Total time for which application threads were stopped: 0.0150140 seconds
2012-01-20T09:44:01.800+0000: 2436.178: [GC 2436.178: [ParNew: 27328K->5440K(27328K), 0.0150970 secs] 2944574K->2923731K(4188864K) icms_dc=0 , 0.0152210 secs] [Times: user=0.16 sys=0.00, real=0.02 secs] 
Total time for which application threads were stopped: 0.0156780 seconds
2012-01-20T09:44:03.295+0000: 2437.673: [GC 2437.673: [ParNew: 27328K->5440K(27328K), 0.0146250 secs] 2945619K->2923817K(4188864K) icms_dc=0 , 0.0147440 secs] [Times: user=0.18 sys=0.00, real=0.01 secs] 
Total time for which application threads were stopped: 0.0151090 seconds
2012-01-20T09:44:05.033+0000: 2439.412: [GC 2439.412: [ParNew: 27328K->5440K(27328K), 0.0159060 secs] 2945705K->2924968K(4188864K) icms_dc=0 , 0.0160150 secs] [Times: user=0.17 sys=0.00, real=0.02 secs] 
Total time for which application threads were stopped: 0.0163690 seconds
Total time for which application threads were stopped: 0.0002960 seconds
2012-01-20T09:44:06.592+0000: 2440.970: [GC 2440.970: [ParNew: 27328K->5440K(27328K), 0.0133150 secs] 2946856K->2925139K(4188864K) icms_dc=0 , 0.0134480 secs] [Times: user=0.16 sys=0.01, real=0.01 secs] 
Total time for which application threads were stopped: 0.0136620 seconds
2012-01-20T09:44:08.234+0000: 2442.613: [GC 2442.613: [ParNew: 27328K->5440K(27328K), 0.0182320 secs] 2947027K->2926546K(4188864K) icms_dc=0 , 0.0183630 secs] [Times: user=0.20 sys=0.00, real=0.02 secs] 
Total time for which application threads were stopped: 0.0187560 seconds
2012-01-20T09:44:09.443+0000: 2443.821: [GC 2443.821: [ParNew: 27328K->5440K(27328K), 0.0140780 secs] 2948434K->2926976K(4188864K) icms_dc=0 , 0.0141970 secs] [Times: user=0.16 sys=0.01, real=0.02 secs] 
Total time for which application threads were stopped: 0.0145410 seconds
2012-01-20T09:44:10.897+0000: 2445.275: [GC 2445.275: [ParNew: 27328K->5440K(27328K), 0.0161250 secs] 2948864K->2928255K(4188864K) icms_dc=0 , 0.0162520 secs] [Times: user=0.18 sys=0.00, real=0.01 secs] 
Total time for which application threads were stopped: 0.0166110 seconds
2012-01-20T09:44:12.220+0000: 2446.598: [GC 2446.598: [ParNew: 27328K->5440K(27328K), 0.0152990 secs] 2950143K->2929053K(4188864K) icms_dc=0 , 0.0154230 secs] [Times: user=0.18 sys=0.00, real=0.01 secs] 
Total time for which application threads were stopped: 0.0158030 seconds
2012-01-20T09:44:13.508+0000: 2447.886: [GC 2447.886: [ParNew: 27328K->5440K(27328K), 0.0157700 secs] 2950941K->2930576K(4188864K) icms_dc=0 , 0.0158960 secs] [Times: user=0.17 sys=0.01, real=0.01 secs] 
Total time for which application threads were stopped: 0.0163420 seconds
2012-01-20T09:44:14.956+0000: 2449.335: [GC 2449.335: [ParNew: 27328K->5440K(27328K), 0.0130220 secs] 2952464K->2930613K(4188864K) icms_dc=0 , 0.0131480 secs] [Times: user=0.16 sys=0.00, real=0.02 secs] 
Total time for which application threads were stopped: 0.0135170 seconds
Total time for which application threads were stopped: 0.0003680 seconds
2012-01-20T09:44:16.340+0000: 2450.718: [GC 2450.718: [ParNew: 27328K->5440K(27328K), 0.0167790 secs] 2952501K->2932094K(4188864K) icms_dc=0 , 0.0169120 secs] [Times: user=0.18 sys=0.00, real=0.02 secs] 
Total time for which application threads were stopped: 0.0171440 seconds
Total time for which application threads were stopped: 0.0005430 seconds
2012-01-20T09:44:17.817+0000: 2452.195: [GC 2452.195: [ParNew: 27328K->5440K(27328K), 0.0134110 secs] 2953982K->2932219K(4188864K) icms_dc=0 , 0.0135350 secs] [Times: user=0.17 sys=0.00, real=0.01 secs] 
Total time for which application threads were stopped: 0.0139100 seconds
2012-01-20T09:44:19.241+0000: 2453.619: [GC 2453.619: [ParNew: 27328K->5440K(27328K), 0.0160930 secs] 2954107K->2933245K(4188864K) icms_dc=0 , 0.0162210 secs] [Times: user=0.18 sys=0.00, real=0.02 secs] 
Total time for which application threads were stopped: 0.0165820 seconds
2012-01-20T09:44:20.706+0000: 2455.084: [GC 2455.084: [ParNew: 27328K->5440K(27328K), 0.0152360 secs] 2955133K->2934227K(4188864K) icms_dc=0 , 0.0153630 secs] [Times: user=0.17 sys=0.00, real=0.02 secs] 
Total time for which application threads were stopped: 0.0157550 seconds
2012-01-20T09:44:21.972+0000: 2456.350: [GC 2456.351: [ParNew: 27328K->5440K(27328K), 0.0142200 secs] 2956115K->2934774K(4188864K) icms_dc=0 , 0.0143430 secs] [Times: user=0.17 sys=0.00, real=0.01 secs] 
Total time for which application threads were stopped: 0.0146910 seconds
2012-01-20T09:44:23.401+0000: 2457.779: [GC 2457.779: [ParNew: 27328K->5440K(27328K), 0.0149080 secs] 2956662K->2935732K(4188864K) icms_dc=0 , 0.0150340 secs] [Times: user=0.17 sys=0.00, real=0.01 secs] 
Total time for which application threads were stopped: 0.0154910 seconds
2012-01-20T09:44:24.980+0000: 2459.358: [GC 2459.358: [ParNew: 27328K->5440K(27328K), 0.0137290 secs] 2957620K->2936119K(4188864K) icms_dc=0 , 0.0138570 secs] [Times: user=0.16 sys=0.00, real=0.01 secs] 
Total time for which application threads were stopped: 0.0142410 seconds
Total time for which application threads were stopped: 0.0003160 seconds
2012-01-20T09:44:26.284+0000: 2460.662: [GC 2460.662: [ParNew: 27328K->5440K(27328K), 0.0156730 secs] 2958007K->2937373K(4188864K) icms_dc=0 , 0.0158060 secs] [Times: user=0.18 sys=0.01, real=0.02 secs] 
Total time for which application threads were stopped: 0.0160620 seconds
2012-01-20T09:44:27.763+0000: 2462.141: [GC 2462.141: [ParNew: 27328K->5440K(27328K), 0.0146890 secs] 2959261K->2938137K(4188864K) icms_dc=0 , 0.0148190 secs] [Times: user=0.17 sys=0.00, real=0.01 secs] 
Total time for which application threads were stopped: 0.0152080 seconds
2012-01-20T09:44:29.154+0000: 2463.533: [GC 2463.533: [ParNew: 27328K->5440K(27328K), 0.0151790 secs] 2960025K->2939199K(4188864K) icms_dc=0 , 0.0153050 secs] [Times: user=0.17 sys=0.00, real=0.02 secs] 
Total time for which application threads were stopped: 0.0156490 seconds
2012-01-20T09:44:30.562+0000: 2464.940: [GC 2464.941: [ParNew: 27328K->5440K(27328K), 0.0165120 secs] 2961087K->2940555K(4188864K) icms_dc=0 , 0.0166420 secs] [Times: user=0.19 sys=0.01, real=0.02 secs] 
Total time for which application threads were stopped: 0.0170590 seconds
2012-01-20T09:44:32.138+0000: 2466.516: [GC 2466.516: [ParNew: 27328K->5440K(27328K), 0.0153340 secs] 2962443K->2941598K(4188864K) icms_dc=0 , 0.0154690 secs] [Times: user=0.17 sys=0.00, real=0.01 secs] 
Total time for which application threads were stopped: 0.0158460 seconds
2012-01-20T09:44:33.687+0000: 2468.066: [GC 2468.066: [ParNew: 27328K->5440K(27328K), 0.0140960 secs] 2963486K->2941824K(4188864K) icms_dc=0 , 0.0142250 secs] [Times: user=0.17 sys=0.00, real=0.02 secs] 
Total time for which application threads were stopped: 0.0146540 seconds
2012-01-20T09:44:35.136+0000: 2469.514: [GC 2469.514: [ParNew: 27328K->5440K(27328K), 0.0147100 secs] 2963712K->2942958K(4188864K) icms_dc=0 , 0.0148410 secs] [Times: user=0.16 sys=0.01, real=0.02 secs] 
Total time for which application threads were stopped: 0.0152390 seconds
Total time for which application threads were stopped: 0.0002340 seconds
2012-01-20T09:44:36.612+0000: 2470.990: [GC 2470.990: [ParNew: 27328K->5440K(27328K), 0.0144570 secs] 2964846K->2943709K(4188864K) icms_dc=0 , 0.0145800 secs] [Times: user=0.16 sys=0.00, real=0.01 secs] 
Total time for which application threads were stopped: 0.0147940 seconds
2012-01-20T09:44:38.334+0000: 2472.712: [GC 2472.712: [ParNew: 27328K->5438K(27328K), 0.0130070 secs] 2965597K->2943733K(4188864K) icms_dc=0 , 0.0131340 secs] [Times: user=0.15 sys=0.00, real=0.01 secs] 
Total time for which application threads were stopped: 0.0135010 seconds
2012-01-20T09:44:39.820+0000: 2474.198: [GC 2474.198: [ParNew: 27326K->5440K(27328K), 0.0149060 secs] 2965621K->2944486K(4188864K) icms_dc=0 , 0.0150370 secs] [Times: user=0.16 sys=0.00, real=0.01 secs] 
Total time for which application threads were stopped: 0.0154050 seconds
2012-01-20T09:44:41.209+0000: 2475.588: [GC 2475.588: [ParNew: 27328K->5440K(27328K), 0.0134050 secs] 2966374K->2944632K(4188864K) icms_dc=0 , 0.0135350 secs] [Times: user=0.16 sys=0.00, real=0.01 secs] 
Total time for which application threads were stopped: 0.0139050 seconds
2012-01-20T09:44:42.949+0000: 2477.327: [GC 2477.327: [ParNew: 27328K->5440K(27328K), 0.0155350 secs] 2966520K->2945719K(4188864K) icms_dc=0 , 0.0156600 secs] [Times: user=0.17 sys=0.00, real=0.02 secs] 
Total time for which application threads were stopped: 0.0160760 seconds
2012-01-20T09:44:44.558+0000: 2478.936: [GC 2478.936: [ParNew: 27328K->5440K(27328K), 0.0134440 secs] 2967607K->2946363K(4188864K) icms_dc=0 , 0.0135660 secs] [Times: user=0.15 sys=0.01, real=0.02 secs] 
Total time for which application threads were stopped: 0.0138960 seconds
2012-01-20T09:44:45.861+0000: 2480.239: [GC 2480.239: [ParNew: 27328K->5440K(27328K), 0.0147500 secs] 2968251K->2947126K(4188864K) icms_dc=0 , 0.0148780 secs] [Times: user=0.16 sys=0.00, real=0.01 secs] 
Total time for which application threads were stopped: 0.0152740 seconds
Total time for which application threads were stopped: 0.0001390 seconds
2012-01-20T09:44:47.252+0000: 2481.630: [GC 2481.630: [ParNew: 27328K->5373K(27328K), 0.0132730 secs] 2969014K->2947059K(4188864K) icms_dc=0 , 0.0133970 secs] [Times: user=0.15 sys=0.01, real=0.01 secs] 
Total time for which application threads were stopped: 0.0137970 seconds
2012-01-20T09:44:48.623+0000: 2483.001: [GC 2483.001: [ParNew: 27261K->5440K(27328K), 0.0148330 secs] 2968947K->2948063K(4188864K) icms_dc=0 , 0.0157930 secs] [Times: user=0.17 sys=0.00, real=0.01 secs] 
Total time for which application threads were stopped: 0.0161360 seconds
2012-01-20T09:44:50.226+0000: 2484.604: [GC 2484.604: [ParNew: 27328K->5440K(27328K), 0.0137510 secs] 2969951K->2948488K(4188864K) icms_dc=0 , 0.0138770 secs] [Times: user=0.15 sys=0.00, real=0.01 secs] 
Total time for which application threads were stopped: 0.0142470 seconds
2012-01-20T09:44:51.713+0000: 2486.091: [GC 2486.091: [ParNew: 27328K->5440K(27328K), 0.0187240 secs] 2970376K->2949614K(4188864K) icms_dc=0 , 0.0188500 secs] [Times: user=0.22 sys=0.00, real=0.02 secs] 
Total time for which application threads were stopped: 0.0192360 seconds
2012-01-20T09:44:53.097+0000: 2487.475: [GC 2487.475: [ParNew: 27328K->5440K(27328K), 0.0143970 secs] 2971502K->2950094K(4188864K) icms_dc=0 , 0.0145180 secs] [Times: user=0.17 sys=0.00, real=0.02 secs] 
Total time for which application threads were stopped: 0.0148720 seconds
2012-01-20T09:44:54.480+0000: 2488.858: [GC 2488.858: [ParNew: 27328K->5440K(27328K), 0.0165520 secs] 2971982K->2951424K(4188864K) icms_dc=0 , 0.0166820 secs] [Times: user=0.18 sys=0.00, real=0.02 secs] 
Total time for which application threads were stopped: 0.0170360 seconds
2012-01-20T09:44:55.877+0000: 2490.255: [GC 2490.255: [ParNew: 27328K->5440K(27328K), 0.0161200 secs] 2973312K->2952676K(4188864K) icms_dc=0 , 0.0162490 secs] [Times: user=0.18 sys=0.00, real=0.02 secs] 
Total time for which application threads were stopped: 0.0166990 seconds
Total time for which application threads were stopped: 0.0001290 seconds
2012-01-20T09:44:57.291+0000: 2491.669: [GC 2491.670: [ParNew: 27328K->5440K(27328K), 0.0157400 secs] 2974564K->2953859K(4188864K) icms_dc=0 , 0.0158660 secs] [Times: user=0.18 sys=0.00, real=0.01 secs] 
Total time for which application threads were stopped: 0.0162020 seconds
2012-01-20T09:44:58.799+0000: 2493.177: [GC 2493.177: [ParNew: 27328K->5440K(27328K), 0.0134060 secs] 2975747K->2954005K(4188864K) icms_dc=0 , 0.0135290 secs] [Times: user=0.15 sys=0.00, real=0.02 secs] 
Total time for which application threads were stopped: 0.0138880 seconds
2012-01-20T09:45:00.290+0000: 2494.669: [GC 2494.669: [ParNew: 27328K->5440K(27328K), 0.0167170 secs] 2975893K->2955587K(4188864K) icms_dc=0 , 0.0168510 secs] [Times: user=0.17 sys=0.02, real=0.02 secs] 
Total time for which application threads were stopped: 0.0172680 seconds
2012-01-20T09:45:01.895+0000: 2496.273: [GC 2496.273: [ParNew: 27328K->5440K(27328K), 0.0143290 secs] 2977475K->2955994K(4188864K) icms_dc=0 , 0.0144540 secs] [Times: user=0.17 sys=0.00, real=0.01 secs] 
Total time for which application threads were stopped: 0.0148600 seconds
2012-01-20T09:45:03.395+0000: 2497.773: [GC 2497.773: [ParNew: 27328K->5440K(27328K), 0.0163390 secs] 2977882K->2957462K(4188864K) icms_dc=0 , 0.0164670 secs] [Times: user=0.17 sys=0.01, real=0.01 secs] 
Total time for which application threads were stopped: 0.0168500 seconds
2012-01-20T09:45:04.745+0000: 2499.123: [GC 2499.123: [ParNew: 27328K->5440K(27328K), 0.0138400 secs] 2979350K->2957800K(4188864K) icms_dc=0 , 0.0139660 secs] [Times: user=0.16 sys=0.00, real=0.01 secs] 
Total time for which application threads were stopped: 0.0143210 seconds
2012-01-20T09:45:06.065+0000: 2500.443: [GC 2500.443: [ParNew: 27328K->5440K(27328K), 0.0157580 secs] 2979688K->2959278K(4188864K) icms_dc=0 , 0.0158860 secs] [Times: user=0.17 sys=0.01, real=0.01 secs] 
Total time for which application threads were stopped: 0.0162560 seconds
Total time for which application threads were stopped: 0.0001460 seconds
2012-01-20T09:45:07.367+0000: 2501.746: [GC 2501.746: [ParNew: 27328K->5440K(27328K), 0.0153610 secs] 2981166K->2960347K(4188864K) icms_dc=0 , 0.0154930 secs] [Times: user=0.17 sys=0.00, real=0.02 secs] 
Total time for which application threads were stopped: 0.0158980 seconds
2012-01-20T09:45:08.832+0000: 2503.211: [GC 2503.211: [ParNew: 27328K->5440K(27328K), 0.0134740 secs] 2982235K->2960577K(4188864K) icms_dc=0 , 0.0135930 secs] [Times: user=0.16 sys=0.00, real=0.01 secs] 
Total time for which application threads were stopped: 0.0139920 seconds
2012-01-20T09:45:10.304+0000: 2504.683: [GC 2504.683: [ParNew: 27328K->5440K(27328K), 0.0154740 secs] 2982465K->2961770K(4188864K) icms_dc=0 , 0.0155910 secs] [Times: user=0.17 sys=0.01, real=0.01 secs] 
Total time for which application threads were stopped: 0.0159430 seconds
2012-01-20T09:45:11.886+0000: 2506.264: [GC 2506.264: [ParNew: 27328K->5440K(27328K), 0.0156710 secs] 2983658K->2962829K(4188864K) icms_dc=0 , 0.0158010 secs] [Times: user=0.17 sys=0.01, real=0.01 secs] 
Total time for which application threads were stopped: 0.0161700 seconds
2012-01-20T09:45:13.206+0000: 2507.584: [GC 2507.584: [ParNew: 27328K->5440K(27328K), 0.0146630 secs] 2984717K->2963688K(4188864K) icms_dc=0 , 0.0147860 secs] [Times: user=0.16 sys=0.00, real=0.01 secs] 
Total time for which application threads were stopped: 0.0151810 seconds
2012-01-20T09:45:14.703+0000: 2509.081: [GC 2509.081: [ParNew: 27328K->5440K(27328K), 0.0141520 secs] 2985576K->2964116K(4188864K) icms_dc=0 , 0.0142760 secs] [Times: user=0.17 sys=0.01, real=0.02 secs] 
Total time for which application threads were stopped: 0.0146840 seconds
2012-01-20T09:45:16.208+0000: 2510.586: [GC 2510.586: [ParNew: 27328K->5440K(27328K), 0.0165160 secs] 2986004K->2965369K(4188864K) icms_dc=0 , 0.0166530 secs] [Times: user=0.18 sys=0.01, real=0.02 secs] 
Total time for which application threads were stopped: 0.0170520 seconds
Total time for which application threads were stopped: 0.0001690 seconds
2012-01-20T09:45:17.563+0000: 2511.941: [GC 2511.941: [ParNew: 27328K->5440K(27328K), 0.0151430 secs] 2987257K->2966438K(4188864K) icms_dc=0 , 0.0152740 secs] [Times: user=0.17 sys=0.01, real=0.01 secs] 
Total time for which application threads were stopped: 0.0156290 seconds
2012-01-20T09:45:19.123+0000: 2513.502: [GC 2513.502: [ParNew: 27328K->5440K(27328K), 0.0157060 secs] 2988326K->2967559K(4188864K) icms_dc=0 , 0.0158290 secs] [Times: user=0.17 sys=0.01, real=0.02 secs] 
Total time for which application threads were stopped: 0.0162740 seconds
2012-01-20T09:45:20.778+0000: 2515.156: [GC 2515.157: [ParNew: 27328K->5440K(27328K), 0.0170940 secs] 2989447K->2968566K(4188864K) icms_dc=0 , 0.0172210 secs] [Times: user=0.19 sys=0.00, real=0.02 secs] 
Total time for which application threads were stopped: 0.0175810 seconds
2012-01-20T09:45:22.242+0000: 2516.620: [GC 2516.620: [ParNew: 27328K->5440K(27328K), 0.0162840 secs] 2990454K->2969864K(4188864K) icms_dc=0 , 0.0164140 secs] [Times: user=0.18 sys=0.01, real=0.02 secs] 
Total time for which application threads were stopped: 0.0167720 seconds
2012-01-20T09:45:23.519+0000: 2517.897: [GC 2517.897: [ParNew: 27328K->5440K(27328K), 0.0150680 secs] 2991752K->2971044K(4188864K) icms_dc=0 , 0.0151930 secs] [Times: user=0.16 sys=0.00, real=0.02 secs] 
Total time for which application threads were stopped: 0.0155500 seconds
2012-01-20T09:45:24.816+0000: 2519.194: [GC 2519.194: [ParNew: 27328K->5440K(27328K), 0.0130920 secs] 2992932K->2971112K(4188864K) icms_dc=0 , 0.0132140 secs] [Times: user=0.16 sys=0.00, real=0.01 secs] 
Total time for which application threads were stopped: 0.0136330 seconds
2012-01-20T09:45:26.210+0000: 2520.588: [GC 2520.588: [ParNew: 27328K->5440K(27328K), 0.0147910 secs] 2993000K->2972244K(4188864K) icms_dc=0 , 0.0149150 secs] [Times: user=0.17 sys=0.01, real=0.02 secs] 
Total time for which application threads were stopped: 0.0152610 seconds
Total time for which application threads were stopped: 0.0001410 seconds
2012-01-20T09:45:27.726+0000: 2522.104: [GC 2522.104: [ParNew: 27328K->5440K(27328K), 0.0134040 secs] 2994132K->2972347K(4188864K) icms_dc=0 , 0.0135320 secs] [Times: user=0.16 sys=0.00, real=0.01 secs] 
Total time for which application threads were stopped: 0.0138940 seconds
2012-01-20T09:45:29.078+0000: 2523.456: [GC 2523.456: [ParNew: 27328K->5440K(27328K), 0.0147800 secs] 2994235K->2973126K(4188864K) icms_dc=0 , 0.0149030 secs] [Times: user=0.17 sys=0.00, real=0.01 secs] 
Total time for which application threads were stopped: 0.0152380 seconds
2012-01-20T09:45:30.587+0000: 2524.965: [GC 2524.965: [ParNew: 27328K->5440K(27328K), 0.0130130 secs] 2995014K->2973191K(4188864K) icms_dc=0 , 0.0131330 secs] [Times: user=0.16 sys=0.00, real=0.01 secs] 
Total time for which application threads were stopped: 0.0135580 seconds
2012-01-20T09:45:32.057+0000: 2526.435: [GC 2526.435: [ParNew: 27328K->5440K(27328K), 0.0148390 secs] 2995079K->2973978K(4188864K) icms_dc=0 , 0.0149710 secs] [Times: user=0.16 sys=0.01, real=0.01 secs] 
Total time for which application threads were stopped: 0.0153240 seconds
2012-01-20T09:45:33.706+0000: 2528.084: [GC 2528.084: [ParNew: 27328K->5440K(27328K), 0.0149340 secs] 2995866K->2974744K(4188864K) icms_dc=0 , 0.0150570 secs] [Times: user=0.17 sys=0.01, real=0.01 secs] 
Total time for which application threads were stopped: 0.0154090 seconds
2012-01-20T09:45:35.014+0000: 2529.392: [GC 2529.392: [ParNew: 27328K->5440K(27328K), 0.0161410 secs] 2996632K->2975825K(4188864K) icms_dc=0 , 0.0162670 secs] [Times: user=0.17 sys=0.00, real=0.02 secs] 
Total time for which application threads were stopped: 0.0166220 seconds
Total time for which application threads were stopped: 0.0002210 seconds
Total time for which application threads were stopped: 0.0001400 seconds
2012-01-20T09:45:36.454+0000: 2530.833: [GC 2530.833: [ParNew: 27328K->5440K(27328K), 0.0160370 secs] 2997713K->2977415K(4188864K) icms_dc=0 , 0.0161700 secs] [Times: user=0.17 sys=0.00, real=0.02 secs] 
Total time for which application threads were stopped: 0.0164900 seconds
2012-01-20T09:45:38.001+0000: 2532.379: [GC 2532.379: [ParNew: 27328K->5440K(27328K), 0.0149370 secs] 2999303K->2978286K(4188864K) icms_dc=0 , 0.0150630 secs] [Times: user=0.17 sys=0.00, real=0.02 secs] 
Total time for which application threads were stopped: 0.0154510 seconds
2012-01-20T09:45:39.606+0000: 2533.985: [GC 2533.985: [ParNew: 27328K->5440K(27328K), 0.0136370 secs] 3000174K->2978491K(4188864K) icms_dc=0 , 0.0137600 secs] [Times: user=0.16 sys=0.01, real=0.01 secs] 
Total time for which application threads were stopped: 0.0141750 seconds
2012-01-20T09:45:41.198+0000: 2535.577: [GC 2535.577: [ParNew: 27328K->5440K(27328K), 0.0151170 secs] 3000379K->2979396K(4188864K) icms_dc=0 , 0.0152380 secs] [Times: user=0.17 sys=0.00, real=0.01 secs] 
Total time for which application threads were stopped: 0.0156050 seconds
2012-01-20T09:45:42.808+0000: 2537.186: [GC 2537.186: [ParNew: 27328K->5440K(27328K), 0.0155360 secs] 3001284K->2980554K(4188864K) icms_dc=0 , 0.0156540 secs] [Times: user=0.18 sys=0.00, real=0.01 secs] 
Total time for which application threads were stopped: 0.0161250 seconds
2012-01-20T09:45:44.350+0000: 2538.728: [GC 2538.728: [ParNew: 27328K->5440K(27328K), 0.0145980 secs] 3002442K->2980983K(4188864K) icms_dc=0 , 0.0147250 secs] [Times: user=0.15 sys=0.00, real=0.01 secs] 
Total time for which application threads were stopped: 0.0151400 seconds
2012-01-20T09:45:45.826+0000: 2540.204: [GC 2540.204: [ParNew: 27328K->5440K(27328K), 0.0160660 secs] 3002871K->2981649K(4188864K) icms_dc=0 , 0.0161920 secs] [Times: user=0.19 sys=0.01, real=0.02 secs] 
Total time for which application threads were stopped: 0.0165590 seconds
Total time for which application threads were stopped: 0.0004900 seconds
2012-01-20T09:45:47.273+0000: 2541.651: [GC 2541.651: [ParNew: 27328K->5440K(27328K), 0.0185300 secs] 3003537K->2982697K(4188864K) icms_dc=0 , 0.0186560 secs] [Times: user=0.22 sys=0.00, real=0.02 secs] 
Total time for which application threads were stopped: 0.0190080 seconds
2012-01-20T09:45:48.926+0000: 2543.304: [GC 2543.304: [ParNew: 27328K->5440K(27328K), 0.0147080 secs] 3004585K->2983626K(4188864K) icms_dc=0 , 0.0148350 secs] [Times: user=0.16 sys=0.01, real=0.02 secs] 
Total time for which application threads were stopped: 0.0152060 seconds
2012-01-20T09:45:50.616+0000: 2544.995: [GC 2544.995: [ParNew: 27328K->5440K(27328K), 0.0145770 secs] 3005514K->2984291K(4188864K) icms_dc=0 , 0.0147080 secs] [Times: user=0.16 sys=0.01, real=0.02 secs] 
Total time for which application threads were stopped: 0.0151650 seconds
2012-01-20T09:45:52.158+0000: 2546.537: [GC 2546.537: [ParNew: 27328K->5440K(27328K), 0.0155520 secs] 3006179K->2985110K(4188864K) icms_dc=0 , 0.0156830 secs] [Times: user=0.18 sys=0.00, real=0.01 secs] 
Total time for which application threads were stopped: 0.0160800 seconds
2012-01-20T09:45:53.668+0000: 2548.046: [GC 2548.046: [ParNew: 27328K->5440K(27328K), 0.0166940 secs] 3006998K->2986331K(4188864K) icms_dc=0 , 0.0168240 secs] [Times: user=0.19 sys=0.01, real=0.01 secs] 
Total time for which application threads were stopped: 0.0171860 seconds
2012-01-20T09:45:55.000+0000: 2549.378: [GC 2549.378: [ParNew: 27328K->5440K(27328K), 0.0145810 secs] 3008219K->2986977K(4188864K) icms_dc=0 , 0.0147090 secs] [Times: user=0.17 sys=0.00, real=0.01 secs] 
Total time for which application threads were stopped: 0.0151460 seconds
2012-01-20T09:45:56.442+0000: 2550.820: [GC 2550.820: [ParNew: 27328K->5440K(27328K), 0.0152980 secs] 3008865K->2987849K(4188864K) icms_dc=0 , 0.0154300 secs] [Times: user=0.17 sys=0.01, real=0.01 secs] 
Total time for which application threads were stopped: 0.0158650 seconds
Total time for which application threads were stopped: 0.0001360 seconds
2012-01-20T09:45:58.049+0000: 2552.427: [GC 2552.427: [ParNew: 27328K->5440K(27328K), 0.0151460 secs] 3009737K->2988631K(4188864K) icms_dc=0 , 0.0152760 secs] [Times: user=0.17 sys=0.00, real=0.01 secs] 
Total time for which application threads were stopped: 0.0156810 seconds
2012-01-20T09:45:59.494+0000: 2553.872: [GC 2553.872: [ParNew: 27328K->5440K(27328K), 0.0147400 secs] 3010519K->2989554K(4188864K) icms_dc=0 , 0.0148630 secs] [Times: user=0.17 sys=0.00, real=0.02 secs] 
Total time for which application threads were stopped: 0.0152310 seconds
2012-01-20T09:46:00.760+0000: 2555.138: [GC 2555.138: [ParNew: 27328K->5440K(27328K), 0.0168930 secs] 3011442K->2991144K(4188864K) icms_dc=0 , 0.0170260 secs] [Times: user=0.17 sys=0.00, real=0.01 secs] 
Total time for which application threads were stopped: 0.0174000 seconds
2012-01-20T09:46:02.337+0000: 2556.715: [GC 2556.715: [ParNew: 27328K->5440K(27328K), 0.0139760 secs] 3013032K->2991342K(4188864K) icms_dc=0 , 0.0140940 secs] [Times: user=0.17 sys=0.01, real=0.02 secs] 
Total time for which application threads were stopped: 0.0144550 seconds
2012-01-20T09:46:03.710+0000: 2558.089: [GC 2558.089: [ParNew: 27328K->5440K(27328K), 0.0151970 secs] 3013230K->2992246K(4188864K) icms_dc=0 , 0.0153240 secs] [Times: user=0.17 sys=0.00, real=0.01 secs] 
Total time for which application threads were stopped: 0.0156890 seconds
2012-01-20T09:46:05.075+0000: 2559.454: [GC 2559.454: [ParNew: 27328K->5440K(27328K), 0.0150880 secs] 3014134K->2993126K(4188864K) icms_dc=0 , 0.0152100 secs] [Times: user=0.16 sys=0.01, real=0.02 secs] 
Total time for which application threads were stopped: 0.0155630 seconds
Total time for which application threads were stopped: 0.0002960 seconds
2012-01-20T09:46:06.562+0000: 2560.940: [GC 2560.940: [ParNew: 27328K->5440K(27328K), 0.0136570 secs] 3015014K->2993150K(4188864K) icms_dc=0 , 0.0137850 secs] [Times: user=0.17 sys=0.00, real=0.01 secs] 
Total time for which application threads were stopped: 0.0140190 seconds
2012-01-20T09:46:08.034+0000: 2562.412: [GC 2562.412: [ParNew: 27328K->5440K(27328K), 0.0167840 secs] 3015038K->2993941K(4188864K) icms_dc=0 , 0.0169090 secs] [Times: user=0.18 sys=0.01, real=0.02 secs] 
Total time for which application threads were stopped: 0.0172700 seconds
2012-01-20T09:46:09.540+0000: 2563.918: [GC 2563.918: [ParNew: 27328K->5440K(27328K), 0.0142550 secs] 3015829K->2994335K(4188864K) icms_dc=0 , 0.0143750 secs] [Times: user=0.16 sys=0.00, real=0.01 secs] 
Total time for which application threads were stopped: 0.0147120 seconds
2012-01-20T09:46:11.174+0000: 2565.552: [GC 2565.552: [ParNew: 27328K->5440K(27328K), 0.0164500 secs] 3016223K->2995522K(4188864K) icms_dc=0 , 0.0165810 secs] [Times: user=0.18 sys=0.01, real=0.02 secs] 
Total time for which application threads were stopped: 0.0169490 seconds
2012-01-20T09:46:12.656+0000: 2567.034: [GC 2567.034: [ParNew: 27328K->5440K(27328K), 0.0166870 secs] 3017410K->2997075K(4188864K) icms_dc=0 , 0.0168080 secs] [Times: user=0.19 sys=0.00, real=0.02 secs] 
Total time for which application threads were stopped: 0.0171830 seconds
2012-01-20T09:46:14.010+0000: 2568.388: [GC 2568.388: [ParNew: 27328K->5440K(27328K), 0.0154440 secs] 3018963K->2998121K(4188864K) icms_dc=0 , 0.0155600 secs] [Times: user=0.17 sys=0.00, real=0.01 secs] 
Total time for which application threads were stopped: 0.0159620 seconds
2012-01-20T09:46:15.553+0000: 2569.931: [GC 2569.931: [ParNew: 27328K->5440K(27328K), 0.0163790 secs] 3020009K->2999016K(4188864K) icms_dc=0 , 0.0165150 secs] [Times: user=0.19 sys=0.01, real=0.01 secs] 
Total time for which application threads were stopped: 0.0168550 seconds
Total time for which application threads were stopped: 0.0002870 seconds
2012-01-20T09:46:17.007+0000: 2571.385: [GC 2571.385: [ParNew: 27328K->5440K(27328K), 0.0158470 secs] 3020904K->3000161K(4188864K) icms_dc=0 , 0.0159770 secs] [Times: user=0.17 sys=0.00, real=0.02 secs] 
Total time for which application threads were stopped: 0.0162130 seconds
Total time for which application threads were stopped: 0.0004830 seconds
2012-01-20T09:46:18.437+0000: 2572.815: [GC 2572.815: [ParNew: 27328K->5440K(27328K), 0.0151820 secs] 3022049K->3001103K(4188864K) icms_dc=0 , 0.0153180 secs] [Times: user=0.17 sys=0.01, real=0.02 secs] 
Total time for which application threads were stopped: 0.0157530 seconds
2012-01-20T09:46:19.785+0000: 2574.163: [GC 2574.163: [ParNew: 27328K->5440K(27328K), 0.0152940 secs] 3022991K->3002249K(4188864K) icms_dc=0 , 0.0154220 secs] [Times: user=0.17 sys=0.00, real=0.01 secs] 
Total time for which application threads were stopped: 0.0157760 seconds
2012-01-20T09:46:21.248+0000: 2575.627: [GC 2575.627: [ParNew: 27328K->5440K(27328K), 0.0139320 secs] 3024137K->3002674K(4188864K) icms_dc=0 , 0.0140530 secs] [Times: user=0.17 sys=0.00, real=0.02 secs] 
Total time for which application threads were stopped: 0.0144530 seconds
2012-01-20T09:46:22.890+0000: 2577.268: [GC 2577.268: [ParNew: 27328K->5440K(27328K), 0.0157310 secs] 3024562K->3003949K(4188864K) icms_dc=0 , 0.0158560 secs] [Times: user=0.17 sys=0.01, real=0.02 secs] 
Total time for which application threads were stopped: 0.0162410 seconds
2012-01-20T09:46:24.467+0000: 2578.845: [GC 2578.845: [ParNew: 27328K->5440K(27328K), 0.0160510 secs] 3025837K->3005149K(4188864K) icms_dc=0 , 0.0161790 secs] [Times: user=0.18 sys=0.00, real=0.02 secs] 
Total time for which application threads were stopped: 0.0165490 seconds
2012-01-20T09:46:25.954+0000: 2580.332: [GC 2580.332: [ParNew: 27328K->5440K(27328K), 0.0153290 secs] 3027037K->3006125K(4188864K) icms_dc=0 , 0.0154540 secs] [Times: user=0.18 sys=0.00, real=0.01 secs] 
Total time for which application threads were stopped: 0.0157980 seconds
Total time for which application threads were stopped: 0.0004630 seconds
2012-01-20T09:46:27.400+0000: 2581.778: [GC 2581.778: [ParNew: 27328K->5440K(27328K), 0.0150210 secs] 3028013K->3006858K(4188864K) icms_dc=0 , 0.0151460 secs] [Times: user=0.17 sys=0.00, real=0.02 secs] 
Total time for which application threads were stopped: 0.0155010 seconds
2012-01-20T09:46:28.902+0000: 2583.280: [GC 2583.280: [ParNew: 27328K->5440K(27328K), 0.0156110 secs] 3028746K->3007958K(4188864K) icms_dc=0 , 0.0157290 secs] [Times: user=0.17 sys=0.00, real=0.01 secs] 
Total time for which application threads were stopped: 0.0160670 seconds
2012-01-20T09:46:30.138+0000: 2584.516: [GC 2584.516: [ParNew: 27328K->5440K(27328K), 0.0154430 secs] 3029846K->3008799K(4188864K) icms_dc=0 , 0.0155700 secs] [Times: user=0.18 sys=0.01, real=0.02 secs] 
Total time for which application threads were stopped: 0.0159850 seconds
2012-01-20T09:46:31.640+0000: 2586.019: [GC 2586.019: [ParNew: 27328K->5440K(27328K), 0.0149580 secs] 3030687K->3009573K(4188864K) icms_dc=0 , 0.0150820 secs] [Times: user=0.17 sys=0.01, real=0.02 secs] 
Total time for which application threads were stopped: 0.0154750 seconds
2012-01-20T09:46:33.209+0000: 2587.587: [GC 2587.587: [ParNew: 27328K->5440K(27328K), 0.0148030 secs] 3031461K->3010502K(4188864K) icms_dc=0 , 0.0149260 secs] [Times: user=0.16 sys=0.01, real=0.02 secs] 
Total time for which application threads were stopped: 0.0152810 seconds
2012-01-20T09:46:34.696+0000: 2589.074: [GC 2589.074: [ParNew: 27328K->5440K(27328K), 0.0154330 secs] 3032390K->3011519K(4188864K) icms_dc=0 , 0.0155570 secs] [Times: user=0.17 sys=0.00, real=0.01 secs] 
Total time for which application threads were stopped: 0.0159640 seconds
2012-01-20T09:46:36.355+0000: 2590.734: [GC 2590.734: [ParNew: 27328K->5440K(27328K), 0.0148940 secs] 3033407K->3012119K(4188864K) icms_dc=0 , 0.0150190 secs] [Times: user=0.18 sys=0.01, real=0.01 secs] 
Total time for which application threads were stopped: 0.0153550 seconds
Total time for which application threads were stopped: 0.0002010 seconds
2012-01-20T09:46:37.673+0000: 2592.051: [GC 2592.051: [ParNew: 27328K->5440K(27328K), 0.0155620 secs] 3034007K->3013151K(4188864K) icms_dc=0 , 0.0156930 secs] [Times: user=0.17 sys=0.01, real=0.01 secs] 
Total time for which application threads were stopped: 0.0161000 seconds
2012-01-20T09:46:39.114+0000: 2593.492: [GC 2593.492: [ParNew: 27328K->5440K(27328K), 0.0156640 secs] 3035039K->3014094K(4188864K) icms_dc=0 , 0.0158400 secs] [Times: user=0.17 sys=0.01, real=0.01 secs] 
Total time for which application threads were stopped: 0.0162280 seconds
2012-01-20T09:46:40.777+0000: 2595.155: [GC 2595.155: [ParNew: 27328K->5440K(27328K), 0.0166960 secs] 3035982K->3014806K(4188864K) icms_dc=0 , 0.0168250 secs] [Times: user=0.20 sys=0.01, real=0.02 secs] 
Total time for which application threads were stopped: 0.0172420 seconds
2012-01-20T09:46:42.467+0000: 2596.845: [GC 2596.846: [ParNew: 27328K->5440K(27328K), 0.0175320 secs] 3036694K->3016050K(4188864K) icms_dc=0 , 0.0176550 secs] [Times: user=0.20 sys=0.00, real=0.02 secs] 
Total time for which application threads were stopped: 0.0180300 seconds
2012-01-20T09:46:43.998+0000: 2598.376: [GC 2598.376: [ParNew: 27328K->5440K(27328K), 0.0139780 secs] 3037938K->3016460K(4188864K) icms_dc=0 , 0.0141020 secs] [Times: user=0.16 sys=0.01, real=0.01 secs] 
Total time for which application threads were stopped: 0.0145160 seconds
2012-01-20T09:46:45.580+0000: 2599.959: [GC 2599.959: [ParNew: 27328K->5440K(27328K), 0.0155190 secs] 3038348K->3017459K(4188864K) icms_dc=0 , 0.0156440 secs] [Times: user=0.16 sys=0.00, real=0.02 secs] 
Total time for which application threads were stopped: 0.0160500 seconds
Total time for which application threads were stopped: 0.0002530 seconds
2012-01-20T09:46:46.858+0000: 2601.236: [GC 2601.236: [ParNew: 27328K->5440K(27328K), 0.0163900 secs] 3039347K->3018416K(4188864K) icms_dc=0 , 0.0165180 secs] [Times: user=0.19 sys=0.00, real=0.02 secs] 
Total time for which application threads were stopped: 0.0167540 seconds
2012-01-20T09:46:48.109+0000: 2602.487: [GC 2602.487: [ParNew: 27328K->5440K(27328K), 0.0164240 secs] 3040304K->3019632K(4188864K) icms_dc=0 , 0.0165460 secs] [Times: user=0.19 sys=0.01, real=0.02 secs] 
Total time for which application threads were stopped: 0.0169740 seconds
2012-01-20T09:46:49.580+0000: 2603.958: [GC 2603.959: [ParNew: 27328K->5440K(27328K), 0.0149780 secs] 3041520K->3020535K(4188864K) icms_dc=0 , 0.0151030 secs] [Times: user=0.17 sys=0.00, real=0.02 secs] 
Total time for which application threads were stopped: 0.0154970 seconds
2012-01-20T09:46:50.963+0000: 2605.341: [GC 2605.341: [ParNew: 27328K->5440K(27328K), 0.0180580 secs] 3042423K->3022078K(4188864K) icms_dc=0 , 0.0181900 secs] [Times: user=0.19 sys=0.01, real=0.02 secs] 
Total time for which application threads were stopped: 0.0185730 seconds
2012-01-20T09:46:52.358+0000: 2606.736: [GC 2606.736: [ParNew: 27328K->5440K(27328K), 0.0151290 secs] 3043966K->3022932K(4188864K) icms_dc=0 , 0.0152570 secs] [Times: user=0.17 sys=0.00, real=0.01 secs] 
Total time for which application threads were stopped: 0.0156660 seconds
2012-01-20T09:46:53.880+0000: 2608.259: [GC 2608.259: [ParNew: 27328K->5440K(27328K), 0.0154100 secs] 3044820K->3024058K(4188864K) icms_dc=0 , 0.0155310 secs] [Times: user=0.17 sys=0.00, real=0.02 secs] 
Total time for which application threads were stopped: 0.0159470 seconds
2012-01-20T09:46:55.335+0000: 2609.713: [GC 2609.713: [ParNew: 27328K->5440K(27328K), 0.0142530 secs] 3045946K->3024218K(4188864K) icms_dc=0 , 0.0143740 secs] [Times: user=0.16 sys=0.00, real=0.01 secs] 
Total time for which application threads were stopped: 0.0147380 seconds
Total time for which application threads were stopped: 0.0030080 seconds
Total time for which application threads were stopped: 0.0001720 seconds
2012-01-20T09:46:56.818+0000: 2611.196: [GC 2611.196: [ParNew: 27328K->5440K(27328K), 0.0156610 secs] 3046106K->3025432K(4188864K) icms_dc=0 , 0.0157920 secs] [Times: user=0.17 sys=0.00, real=0.01 secs] 
Total time for which application threads were stopped: 0.0160870 seconds
2012-01-20T09:46:58.481+0000: 2612.859: [GC 2612.859: [ParNew: 27328K->5440K(27328K), 0.0137550 secs] 3047320K->3025619K(4188864K) icms_dc=0 , 0.0138800 secs] [Times: user=0.16 sys=0.01, real=0.02 secs] 
Total time for which application threads were stopped: 0.0142850 seconds
2012-01-20T09:47:00.062+0000: 2614.440: [GC 2614.440: [ParNew: 27328K->5440K(27328K), 0.0152350 secs] 3047507K->3026474K(4188864K) icms_dc=0 , 0.0154130 secs] [Times: user=0.17 sys=0.01, real=0.02 secs] 
Total time for which application threads were stopped: 0.0157640 seconds
2012-01-20T09:47:01.543+0000: 2615.921: [GC 2615.922: [ParNew: 27328K->5440K(27328K), 0.0134420 secs] 3048362K->3026659K(4188864K) icms_dc=0 , 0.0135650 secs] [Times: user=0.16 sys=0.00, real=0.02 secs] 
Total time for which application threads were stopped: 0.0139830 seconds
2012-01-20T09:47:03.110+0000: 2617.488: [GC 2617.488: [ParNew: 27328K->5440K(27328K), 0.0174480 secs] 3048547K->3028165K(4188864K) icms_dc=0 , 0.0175750 secs] [Times: user=0.18 sys=0.01, real=0.02 secs] 
Total time for which application threads were stopped: 0.0179410 seconds
2012-01-20T09:47:04.843+0000: 2619.221: [GC 2619.221: [ParNew: 27328K->5148K(27328K), 0.0125870 secs] 3050053K->3027873K(4188864K) icms_dc=0 , 0.0127100 secs] [Times: user=0.15 sys=0.00, real=0.02 secs] 
Total time for which application threads were stopped: 0.0130810 seconds
2012-01-20T09:47:06.357+0000: 2620.735: [GC 2620.735: [ParNew: 27036K->5440K(27328K), 0.0132210 secs] 3049761K->3028264K(4188864K) icms_dc=0 , 0.0133480 secs] [Times: user=0.15 sys=0.00, real=0.01 secs] 
Total time for which application threads were stopped: 0.0137260 seconds
Total time for which application threads were stopped: 0.0001560 seconds
2012-01-20T09:47:07.801+0000: 2622.179: [GC 2622.180: [ParNew: 27328K->5440K(27328K), 0.0143360 secs] 3050152K->3028716K(4188864K) icms_dc=0 , 0.0144600 secs] [Times: user=0.16 sys=0.01, real=0.02 secs] 
Total time for which application threads were stopped: 0.0148380 seconds
2012-01-20T09:47:09.218+0000: 2623.596: [GC 2623.596: [ParNew: 27328K->5037K(27328K), 0.0143840 secs] 3050604K->3028537K(4188864K) icms_dc=0 , 0.0145060 secs] [Times: user=0.17 sys=0.01, real=0.01 secs] 
Total time for which application threads were stopped: 0.0149190 seconds
2012-01-20T09:47:10.708+0000: 2625.086: [GC 2625.087: [ParNew: 26925K->5440K(27328K), 0.0147140 secs] 3050425K->3029480K(4188864K) icms_dc=0 , 0.0148400 secs] [Times: user=0.17 sys=0.01, real=0.01 secs] 
Total time for which application threads were stopped: 0.0152480 seconds
2012-01-20T09:47:12.154+0000: 2626.532: [GC 2626.532: [ParNew: 27328K->5154K(27328K), 0.0132910 secs] 3051368K->3029195K(4188864K) icms_dc=0 , 0.0134110 secs] [Times: user=0.16 sys=0.01, real=0.02 secs] 
Total time for which application threads were stopped: 0.0137890 seconds
2012-01-20T09:47:13.545+0000: 2627.923: [GC 2627.924: [ParNew: 27042K->5440K(27328K), 0.0148750 secs] 3051083K->3029861K(4188864K) icms_dc=0 , 0.0149970 secs] [Times: user=0.17 sys=0.00, real=0.02 secs] 
Total time for which application threads were stopped: 0.0154060 seconds
2012-01-20T09:47:14.999+0000: 2629.377: [GC 2629.377: [ParNew: 27328K->5440K(27328K), 0.0133010 secs] 3051749K->3030013K(4188864K) icms_dc=0 , 0.0134280 secs] [Times: user=0.16 sys=0.00, real=0.01 secs] 
Total time for which application threads were stopped: 0.0138430 seconds
2012-01-20T09:47:16.447+0000: 2630.825: [GC 2630.825: [ParNew: 27328K->5440K(27328K), 0.0156530 secs] 3051901K->3030562K(4188864K) icms_dc=0 , 0.0157810 secs] [Times: user=0.17 sys=0.00, real=0.01 secs] 
Total time for which application threads were stopped: 0.0161660 seconds
Total time for which application threads were stopped: 0.0001460 seconds
2012-01-20T09:47:17.851+0000: 2632.229: [GC 2632.229: [ParNew: 27328K->5440K(27328K), 0.0148280 secs] 3052450K->3031464K(4188864K) icms_dc=0 , 0.0149590 secs] [Times: user=0.16 sys=0.00, real=0.01 secs] 
Total time for which application threads were stopped: 0.0153420 seconds
2012-01-20T09:47:19.249+0000: 2633.627: [GC 2633.627: [ParNew: 27328K->5440K(27328K), 0.0195170 secs] 3053352K->3032192K(4188864K) icms_dc=0 , 0.0196310 secs] [Times: user=0.22 sys=0.00, real=0.02 secs] 
Total time for which application threads were stopped: 0.0199740 seconds
2012-01-20T09:47:20.751+0000: 2635.130: [GC 2635.130: [ParNew: 27328K->5440K(27328K), 0.0162980 secs] 3054080K->3033057K(4188864K) icms_dc=0 , 0.0164170 secs] [Times: user=0.18 sys=0.01, real=0.02 secs] 
Total time for which application threads were stopped: 0.0168140 seconds
2012-01-20T09:47:22.388+0000: 2636.766: [GC 2636.766: [ParNew: 27328K->5440K(27328K), 0.0157130 secs] 3054945K->3033310K(4188864K) icms_dc=0 , 0.0158360 secs] [Times: user=0.19 sys=0.01, real=0.01 secs] 
Total time for which application threads were stopped: 0.0162170 seconds
2012-01-20T09:47:23.959+0000: 2638.337: [GC 2638.337: [ParNew: 27328K->5440K(27328K), 0.0175930 secs] 3055198K->3034409K(4188864K) icms_dc=0 , 0.0177150 secs] [Times: user=0.20 sys=0.00, real=0.01 secs] 
Total time for which application threads were stopped: 0.0180910 seconds
2012-01-20T09:47:25.446+0000: 2639.825: [GC 2639.825: [ParNew: 27328K->5440K(27328K), 0.0131600 secs] 3056297K->3034449K(4188864K) icms_dc=0 , 0.0132790 secs] [Times: user=0.16 sys=0.00, real=0.02 secs] 
Total time for which application threads were stopped: 0.0136620 seconds
Total time for which application threads were stopped: 0.0003150 seconds
2012-01-20T09:47:26.890+0000: 2641.268: [GC 2641.268: [ParNew: 27328K->5440K(27328K), 0.0151640 secs] 3056337K->3035198K(4188864K) icms_dc=0 , 0.0152870 secs] [Times: user=0.18 sys=0.01, real=0.01 secs] 
Total time for which application threads were stopped: 0.0155730 seconds
2012-01-20T09:47:28.528+0000: 2642.907: [GC 2642.907: [ParNew: 27328K->5440K(27328K), 0.0141240 secs] 3057086K->3035764K(4188864K) icms_dc=0 , 0.0142470 secs] [Times: user=0.16 sys=0.00, real=0.01 secs] 
Total time for which application threads were stopped: 0.0146640 seconds
2012-01-20T09:47:30.047+0000: 2644.426: [GC 2644.426: [ParNew: 27328K->5440K(27328K), 0.0157420 secs] 3057652K->3036699K(4188864K) icms_dc=0 , 0.0158690 secs] [Times: user=0.17 sys=0.01, real=0.02 secs] 
Total time for which application threads were stopped: 0.0162450 seconds
2012-01-20T09:47:31.580+0000: 2645.958: [GC 2645.958: [ParNew: 27328K->5440K(27328K), 0.0143130 secs] 3058587K->3037170K(4188864K) icms_dc=0 , 0.0144390 secs] [Times: user=0.17 sys=0.00, real=0.01 secs] 
Total time for which application threads were stopped: 0.0148560 seconds
2012-01-20T09:47:33.108+0000: 2647.486: [GC 2647.486: [ParNew: 27328K->5440K(27328K), 0.0157560 secs] 3059058K->3038191K(4188864K) icms_dc=0 , 0.0158810 secs] [Times: user=0.17 sys=0.00, real=0.02 secs] 
Total time for which application threads were stopped: 0.0162810 seconds
2012-01-20T09:47:34.555+0000: 2648.933: [GC 2648.933: [ParNew: 27328K->5440K(27328K), 0.0195120 secs] 3060079K->3039901K(4188864K) icms_dc=0 , 0.0196390 secs] [Times: user=0.21 sys=0.01, real=0.02 secs] 
Total time for which application threads were stopped: 0.0200190 seconds
2012-01-20T09:47:35.953+0000: 2650.332: [GC 2650.332: [ParNew: 27328K->5440K(27328K), 0.0135010 secs] 3061789K->3040279K(4188864K) icms_dc=0 , 0.0136270 secs] [Times: user=0.16 sys=0.01, real=0.01 secs] 
Total time for which application threads were stopped: 0.0139830 seconds
Total time for which application threads were stopped: 0.0002400 seconds
2012-01-20T09:47:37.427+0000: 2651.805: [GC 2651.805: [ParNew: 27328K->5440K(27328K), 0.0150200 secs] 3062167K->3041274K(4188864K) icms_dc=0 , 0.0151460 secs] [Times: user=0.17 sys=0.00, real=0.02 secs] 
Total time for which application threads were stopped: 0.0155680 seconds
2012-01-20T09:47:38.792+0000: 2653.170: [GC 2653.170: [ParNew: 27328K->5440K(27328K), 0.0142380 secs] 3063162K->3042038K(4188864K) icms_dc=0 , 0.0143610 secs] [Times: user=0.16 sys=0.00, real=0.01 secs] 
Total time for which application threads were stopped: 0.0147320 seconds
2012-01-20T09:47:40.226+0000: 2654.604: [GC 2654.604: [ParNew: 27328K->5440K(27328K), 0.0149500 secs] 3063926K->3042818K(4188864K) icms_dc=0 , 0.0150790 secs] [Times: user=0.17 sys=0.00, real=0.02 secs] 
Total time for which application threads were stopped: 0.0154440 seconds
2012-01-20T09:47:41.683+0000: 2656.061: [GC 2656.061: [ParNew: 27328K->5440K(27328K), 0.0140710 secs] 3064706K->3043538K(4188864K) icms_dc=0 , 0.0141950 secs] [Times: user=0.17 sys=0.00, real=0.01 secs] 
Total time for which application threads were stopped: 0.0146220 seconds
2012-01-20T09:47:43.308+0000: 2657.687: [GC 2657.687: [ParNew: 27328K->5440K(27328K), 0.0153460 secs] 3065426K->3044341K(4188864K) icms_dc=0 , 0.0154800 secs] [Times: user=0.17 sys=0.00, real=0.02 secs] 
Total time for which application threads were stopped: 0.0164720 seconds
2012-01-20T09:47:44.693+0000: 2659.071: [GC 2659.071: [ParNew: 27328K->5440K(27328K), 0.0152210 secs] 3066229K->3044995K(4188864K) icms_dc=0 , 0.0153460 secs] [Times: user=0.17 sys=0.01, real=0.01 secs] 
Total time for which application threads were stopped: 0.0168110 seconds
2012-01-20T09:47:46.211+0000: 2660.589: [GC 2660.589: [ParNew: 27328K->5440K(27328K), 0.0155530 secs] 3066883K->3045828K(4188864K) icms_dc=0 , 0.0156770 secs] [Times: user=0.17 sys=0.01, real=0.01 secs] 
Total time for which application threads were stopped: 0.0160460 seconds
Total time for which application threads were stopped: 0.0002850 seconds
2012-01-20T09:47:47.618+0000: 2661.996: [GC 2661.996: [ParNew: 27328K->5440K(27328K), 0.0152090 secs] 3067716K->3046752K(4188864K) icms_dc=0 , 0.0153380 secs] [Times: user=0.17 sys=0.00, real=0.02 secs] 
Total time for which application threads were stopped: 0.0157640 seconds
2012-01-20T09:47:48.935+0000: 2663.314: [GC 2663.314: [ParNew: 27328K->5440K(27328K), 0.0153940 secs] 3068640K->3047745K(4188864K) icms_dc=0 , 0.0155240 secs] [Times: user=0.17 sys=0.01, real=0.02 secs] 
Total time for which application threads were stopped: 0.0159560 seconds
2012-01-20T09:47:50.157+0000: 2664.535: [GC 2664.535: [ParNew: 27328K->5440K(27328K), 0.0171960 secs] 3069633K->3049042K(4188864K) icms_dc=0 , 0.0173250 secs] [Times: user=0.19 sys=0.00, real=0.02 secs] 
Total time for which application threads were stopped: 0.0177110 seconds
2012-01-20T09:47:51.528+0000: 2665.906: [GC 2665.906: [ParNew: 27328K->5440K(27328K), 0.0158770 secs] 3070930K->3050348K(4188864K) icms_dc=0 , 0.0160000 secs] [Times: user=0.18 sys=0.00, real=0.02 secs] 
Total time for which application threads were stopped: 0.0163610 seconds
2012-01-20T09:47:53.027+0000: 2667.405: [GC 2667.406: [ParNew: 27328K->5440K(27328K), 0.0158560 secs] 3072236K->3051391K(4188864K) icms_dc=0 , 0.0159730 secs] [Times: user=0.17 sys=0.01, real=0.02 secs] 
Total time for which application threads were stopped: 0.0163410 seconds
2012-01-20T09:47:54.560+0000: 2668.938: [GC 2668.938: [ParNew: 27328K->5440K(27328K), 0.0156550 secs] 3073279K->3052390K(4188864K) icms_dc=0 , 0.0157870 secs] [Times: user=0.17 sys=0.01, real=0.02 secs] 
Total time for which application threads were stopped: 0.0161470 seconds
2012-01-20T09:47:55.944+0000: 2670.323: [GC 2670.323: [ParNew: 27328K->5440K(27328K), 0.0146350 secs] 3074278K->3053078K(4188864K) icms_dc=0 , 0.0147610 secs] [Times: user=0.17 sys=0.00, real=0.01 secs] 
Total time for which application threads were stopped: 0.0151740 seconds
Total time for which application threads were stopped: 0.0003030 seconds
2012-01-20T09:47:57.536+0000: 2671.914: [GC 2671.914: [ParNew: 27328K->5440K(27328K), 0.0148020 secs] 3074966K->3054017K(4188864K) icms_dc=0 , 0.0149260 secs] [Times: user=0.16 sys=0.01, real=0.01 secs] 
Total time for which application threads were stopped: 0.0152670 seconds
2012-01-20T09:47:59.290+0000: 2673.668: [GC 2673.668: [ParNew: 27328K->5440K(27328K), 0.0138450 secs] 3075905K->3054051K(4188864K) icms_dc=0 , 0.0139640 secs] [Times: user=0.17 sys=0.00, real=0.02 secs] 
Total time for which application threads were stopped: 0.0143290 seconds
2012-01-20T09:48:00.814+0000: 2675.192: [GC 2675.192: [ParNew: 27328K->5440K(27328K), 0.0161980 secs] 3075939K->3055162K(4188864K) icms_dc=0 , 0.0163260 secs] [Times: user=0.17 sys=0.01, real=0.01 secs] 
Total time for which application threads were stopped: 0.0166840 seconds
2012-01-20T09:48:02.158+0000: 2676.536: [GC 2676.536: [ParNew: 27328K->5440K(27328K), 0.0132940 secs] 3077050K->3055452K(4188864K) icms_dc=0 , 0.0134170 secs] [Times: user=0.15 sys=0.01, real=0.01 secs] 
Total time for which application threads were stopped: 0.0137820 seconds
2012-01-20T09:48:03.508+0000: 2677.886: [GC 2677.886: [ParNew: 27328K->5440K(27328K), 0.0159120 secs] 3077340K->3056174K(4188864K) icms_dc=0 , 0.0160340 secs] [Times: user=0.18 sys=0.00, real=0.02 secs] 
Total time for which application threads were stopped: 0.0164430 seconds
2012-01-20T09:48:04.924+0000: 2679.302: [GC 2679.302: [ParNew: 27328K->5440K(27328K), 0.0157280 secs] 3078062K->3057001K(4188864K) icms_dc=0 , 0.0158510 secs] [Times: user=0.18 sys=0.01, real=0.01 secs] 
Total time for which application threads were stopped: 0.0162800 seconds
2012-01-20T09:48:06.294+0000: 2680.672: [GC 2680.672: [ParNew: 27328K->5440K(27328K), 0.0149340 secs] 3078889K->3057745K(4188864K) icms_dc=0 , 0.0150540 secs] [Times: user=0.17 sys=0.01, real=0.01 secs] 
Total time for which application threads were stopped: 0.0154670 seconds
Total time for which application threads were stopped: 0.0002900 seconds
2012-01-20T09:48:07.685+0000: 2682.063: [GC 2682.063: [ParNew: 27328K->5440K(27328K), 0.0149200 secs] 3079633K->3058588K(4188864K) icms_dc=0 , 0.0150470 secs] [Times: user=0.16 sys=0.00, real=0.01 secs] 
Total time for which application threads were stopped: 0.0153970 seconds
2012-01-20T09:48:09.302+0000: 2683.680: [GC 2683.680: [ParNew: 27328K->5440K(27328K), 0.0147740 secs] 3080476K->3059382K(4188864K) icms_dc=0 , 0.0148970 secs] [Times: user=0.17 sys=0.00, real=0.01 secs] 
Total time for which application threads were stopped: 0.0152820 seconds
2012-01-20T09:48:10.754+0000: 2685.132: [GC 2685.132: [ParNew: 27328K->5440K(27328K), 0.0147130 secs] 3081270K->3060002K(4188864K) icms_dc=0 , 0.0148360 secs] [Times: user=0.17 sys=0.00, real=0.01 secs] 
Total time for which application threads were stopped: 0.0152510 seconds
2012-01-20T09:48:12.394+0000: 2686.772: [GC 2686.772: [ParNew: 27328K->5440K(27328K), 0.0146140 secs] 3081890K->3060537K(4188864K) icms_dc=0 , 0.0147400 secs] [Times: user=0.17 sys=0.00, real=0.01 secs] 
Total time for which application threads were stopped: 0.0151510 seconds
2012-01-20T09:48:14.241+0000: 2688.620: [GC 2688.620: [ParNew: 27328K->5440K(27328K), 0.0127390 secs] 3082425K->3060577K(4188864K) icms_dc=0 , 0.0128610 secs] [Times: user=0.15 sys=0.00, real=0.02 secs] 
Total time for which application threads were stopped: 0.0132700 seconds
2012-01-20T09:48:15.866+0000: 2690.244: [GC 2690.244: [ParNew: 27328K->5440K(27328K), 0.0141990 secs] 3082465K->3061066K(4188864K) icms_dc=0 , 0.0143260 secs] [Times: user=0.16 sys=0.01, real=0.01 secs] 
Total time for which application threads were stopped: 0.0146810 seconds
Total time for which application threads were stopped: 0.0002590 seconds
Total time for which application threads were stopped: 0.0003420 seconds
2012-01-20T09:48:17.400+0000: 2691.778: [GC 2691.778: [ParNew: 27328K->5440K(27328K), 0.0141600 secs] 3082954K->3061604K(4188864K) icms_dc=0 , 0.0142840 secs] [Times: user=0.16 sys=0.00, real=0.02 secs] 
Total time for which application threads were stopped: 0.0146190 seconds
2012-01-20T09:48:18.878+0000: 2693.256: [GC 2693.256: [ParNew: 27328K->5440K(27328K), 0.0156490 secs] 3083492K->3062255K(4188864K) icms_dc=0 , 0.0157670 secs] [Times: user=0.18 sys=0.01, real=0.02 secs] 
Total time for which application threads were stopped: 0.0161700 seconds
2012-01-20T09:48:20.286+0000: 2694.664: [GC 2694.664: [ParNew: 27328K->5440K(27328K), 0.0149090 secs] 3084143K->3063172K(4188864K) icms_dc=0 , 0.0150310 secs] [Times: user=0.17 sys=0.00, real=0.01 secs] 
Total time for which application threads were stopped: 0.0153730 seconds
2012-01-20T09:48:21.912+0000: 2696.290: [GC 2696.291: [ParNew: 27328K->5440K(27328K), 0.0144210 secs] 3085060K->3063559K(4188864K) icms_dc=0 , 0.0145470 secs] [Times: user=0.16 sys=0.01, real=0.02 secs] 
Total time for which application threads were stopped: 0.0149040 seconds
2012-01-20T09:48:23.245+0000: 2697.623: [GC 2697.623: [ParNew: 27328K->5440K(27328K), 0.0148270 secs] 3085447K->3064493K(4188864K) icms_dc=0 , 0.0149460 secs] [Times: user=0.16 sys=0.01, real=0.01 secs] 
Total time for which application threads were stopped: 0.0152870 seconds
2012-01-20T09:48:24.663+0000: 2699.041: [GC 2699.041: [ParNew: 27328K->5440K(27328K), 0.0168740 secs] 3086381K->3066403K(4188864K) icms_dc=0 , 0.0170000 secs] [Times: user=0.17 sys=0.01, real=0.02 secs] 
Total time for which application threads were stopped: 0.0173790 seconds
2012-01-20T09:48:26.164+0000: 2700.542: [GC 2700.543: [ParNew: 27328K->5440K(27328K), 0.0135780 secs] 3088291K->3066692K(4188864K) icms_dc=0 , 0.0136950 secs] [Times: user=0.15 sys=0.00, real=0.01 secs] 
Total time for which application threads were stopped: 0.0141090 seconds
Total time for which application threads were stopped: 0.0003410 seconds
2012-01-20T09:48:27.702+0000: 2702.080: [GC 2702.080: [ParNew: 27328K->5440K(27328K), 0.0157070 secs] 3088580K->3068252K(4188864K) icms_dc=0 , 0.0158350 secs] [Times: user=0.17 sys=0.00, real=0.02 secs] 
Total time for which application threads were stopped: 0.0162020 seconds
2012-01-20T09:48:29.087+0000: 2703.465: [GC 2703.465: [ParNew: 27328K->5440K(27328K), 0.0136060 secs] 3090140K->3068315K(4188864K) icms_dc=0 , 0.0137240 secs] [Times: user=0.16 sys=0.01, real=0.01 secs] 
Total time for which application threads were stopped: 0.0141270 seconds
2012-01-20T09:48:30.424+0000: 2704.802: [GC 2704.802: [ParNew: 27328K->5440K(27328K), 0.0159730 secs] 3090203K->3069249K(4188864K) icms_dc=0 , 0.0161000 secs] [Times: user=0.18 sys=0.01, real=0.02 secs] 
Total time for which application threads were stopped: 0.0164600 seconds
2012-01-20T09:48:31.946+0000: 2706.324: [GC 2706.324: [ParNew: 27328K->5440K(27328K), 0.0147560 secs] 3091137K->3070087K(4188864K) icms_dc=0 , 0.0148780 secs] [Times: user=0.17 sys=0.00, real=0.01 secs] 
Total time for which application threads were stopped: 0.0152440 seconds
2012-01-20T09:48:33.302+0000: 2707.680: [GC 2707.680: [ParNew: 27328K->5439K(27328K), 0.0150720 secs] 3091975K->3070902K(4188864K) icms_dc=0 , 0.0151920 secs] [Times: user=0.16 sys=0.01, real=0.02 secs] 
Total time for which application threads were stopped: 0.0156090 seconds
2012-01-20T09:48:34.725+0000: 2709.103: [GC 2709.103: [ParNew: 27327K->5440K(27328K), 0.0157550 secs] 3092790K->3071795K(4188864K) icms_dc=0 , 0.0158850 secs] [Times: user=0.17 sys=0.01, real=0.01 secs] 
Total time for which application threads were stopped: 0.0162580 seconds
2012-01-20T09:48:36.262+0000: 2710.640: [GC 2710.641: [ParNew: 27328K->5440K(27328K), 0.0145300 secs] 3093683K->3072348K(4188864K) icms_dc=0 , 0.0146440 secs] [Times: user=0.16 sys=0.00, real=0.02 secs] 
Total time for which application threads were stopped: 0.0150290 seconds
Total time for which application threads were stopped: 0.0002700 seconds
2012-01-20T09:48:37.845+0000: 2712.223: [GC 2712.223: [ParNew: 27328K->5440K(27328K), 0.0165800 secs] 3094236K->3073832K(4188864K) icms_dc=0 , 0.0167120 secs] [Times: user=0.18 sys=0.00, real=0.02 secs] 
Total time for which application threads were stopped: 0.0170740 seconds
2012-01-20T09:48:39.343+0000: 2713.721: [GC 2713.721: [ParNew: 27328K->5440K(27328K), 0.0140450 secs] 3095720K->3074207K(4188864K) icms_dc=0 , 0.0141640 secs] [Times: user=0.17 sys=0.01, real=0.02 secs] 
Total time for which application threads were stopped: 0.0145780 seconds
2012-01-20T09:48:40.843+0000: 2715.222: [GC 2715.222: [ParNew: 27328K->5440K(27328K), 0.0160680 secs] 3096095K->3075382K(4188864K) icms_dc=0 , 0.0161970 secs] [Times: user=0.17 sys=0.01, real=0.02 secs] 
Total time for which application threads were stopped: 0.0166090 seconds
2012-01-20T09:48:42.325+0000: 2716.704: [GC 2716.704: [ParNew: 27328K->5440K(27328K), 0.0147260 secs] 3097270K->3076062K(4188864K) icms_dc=0 , 0.0148530 secs] [Times: user=0.17 sys=0.01, real=0.02 secs] 
Total time for which application threads were stopped: 0.0152990 seconds
2012-01-20T09:48:43.779+0000: 2718.157: [GC 2718.157: [ParNew: 27328K->5440K(27328K), 0.0147740 secs] 3097950K->3076937K(4188864K) icms_dc=0 , 0.0148960 secs] [Times: user=0.16 sys=0.00, real=0.01 secs] 
Total time for which application threads were stopped: 0.0152530 seconds
2012-01-20T09:48:45.157+0000: 2719.535: [GC 2719.535: [ParNew: 27328K->5440K(27328K), 0.0155240 secs] 3098825K->3077722K(4188864K) icms_dc=0 , 0.0156970 secs] [Times: user=0.17 sys=0.01, real=0.01 secs] 
Total time for which application threads were stopped: 0.0161310 seconds
2012-01-20T09:48:46.624+0000: 2721.002: [GC 2721.002: [ParNew: 27328K->5440K(27328K), 0.0146950 secs] 3099610K->3078586K(4188864K) icms_dc=0 , 0.0148170 secs] [Times: user=0.16 sys=0.01, real=0.02 secs] 
Total time for which application threads were stopped: 0.0151970 seconds
Total time for which application threads were stopped: 0.0001310 seconds
2012-01-20T09:48:48.208+0000: 2722.586: [GC 2722.586: [ParNew: 27328K->5440K(27328K), 0.0158200 secs] 3100474K->3079541K(4188864K) icms_dc=0 , 0.0159450 secs] [Times: user=0.19 sys=0.00, real=0.01 secs] 
Total time for which application threads were stopped: 0.0163380 seconds
2012-01-20T09:48:49.760+0000: 2724.138: [GC 2724.138: [ParNew: 27328K->5440K(27328K), 0.0149020 secs] 3101429K->3080548K(4188864K) icms_dc=0 , 0.0150220 secs] [Times: user=0.17 sys=0.01, real=0.01 secs] 
Total time for which application threads were stopped: 0.0153880 seconds
2012-01-20T09:48:51.136+0000: 2725.514: [GC 2725.514: [ParNew: 27328K->5440K(27328K), 0.0155430 secs] 3102436K->3081396K(4188864K) icms_dc=0 , 0.0156660 secs] [Times: user=0.17 sys=0.00, real=0.02 secs] 
Total time for which application threads were stopped: 0.0160960 seconds
2012-01-20T09:48:52.555+0000: 2726.933: [GC 2726.933: [ParNew: 27328K->5440K(27328K), 0.0148810 secs] 3103284K->3082205K(4188864K) icms_dc=0 , 0.0150090 secs] [Times: user=0.16 sys=0.00, real=0.02 secs] 
Total time for which application threads were stopped: 0.0153520 seconds
2012-01-20T09:48:53.889+0000: 2728.267: [GC 2728.267: [ParNew: 27328K->5440K(27328K), 0.0148730 secs] 3104093K->3082971K(4188864K) icms_dc=0 , 0.0149950 secs] [Times: user=0.17 sys=0.00, real=0.01 secs] 
Total time for which application threads were stopped: 0.0153780 seconds
2012-01-20T09:48:55.355+0000: 2729.734: [GC 2729.734: [ParNew: 27328K->5440K(27328K), 0.0157240 secs] 3104859K->3084015K(4188864K) icms_dc=0 , 0.0158500 secs] [Times: user=0.17 sys=0.00, real=0.02 secs] 
Total time for which application threads were stopped: 0.0162270 seconds
2012-01-20T09:48:56.850+0000: 2731.229: [GC 2731.229: [ParNew: 27328K->5440K(27328K), 0.0141770 secs] 3105903K->3084488K(4188864K) icms_dc=0 , 0.0142970 secs] [Times: user=0.16 sys=0.00, real=0.01 secs] 
Total time for which application threads were stopped: 0.0147130 seconds
Total time for which application threads were stopped: 0.0001460 seconds
2012-01-20T09:48:58.337+0000: 2732.715: [GC 2732.715: [ParNew: 27328K->5440K(27328K), 0.0157700 secs] 3106376K->3085934K(4188864K) icms_dc=0 , 0.0158920 secs] [Times: user=0.17 sys=0.00, real=0.02 secs] 
Total time for which application threads were stopped: 0.0163570 seconds
2012-01-20T09:48:59.760+0000: 2734.138: [GC 2734.138: [ParNew: 27328K->5440K(27328K), 0.0154780 secs] 3107822K->3087123K(4188864K) icms_dc=0 , 0.0155950 secs] [Times: user=0.16 sys=0.00, real=0.01 secs] 
Total time for which application threads were stopped: 0.0159430 seconds
2012-01-20T09:49:01.196+0000: 2735.574: [GC 2735.574: [ParNew: 27328K->5439K(27328K), 0.0149590 secs] 3109011K->3088054K(4188864K) icms_dc=0 , 0.0150820 secs] [Times: user=0.16 sys=0.01, real=0.02 secs] 
Total time for which application threads were stopped: 0.0154530 seconds
2012-01-20T09:49:02.534+0000: 2736.912: [GC 2736.912: [ParNew: 27327K->5440K(27328K), 0.0158020 secs] 3109942K->3088896K(4188864K) icms_dc=0 , 0.0159310 secs] [Times: user=0.18 sys=0.00, real=0.02 secs] 
Total time for which application threads were stopped: 0.0163100 seconds
2012-01-20T09:49:04.018+0000: 2738.396: [GC 2738.396: [ParNew: 27328K->5440K(27328K), 0.0155870 secs] 3110784K->3090015K(4188864K) icms_dc=0 , 0.0157220 secs] [Times: user=0.17 sys=0.01, real=0.02 secs] 
Total time for which application threads were stopped: 0.0161260 seconds
2012-01-20T09:49:05.510+0000: 2739.888: [GC 2739.888: [ParNew: 27328K->5440K(27328K), 0.0135470 secs] 3111903K->3090138K(4188864K) icms_dc=0 , 0.0136780 secs] [Times: user=0.16 sys=0.01, real=0.01 secs] 
Total time for which application threads were stopped: 0.0141110 seconds
Total time for which application threads were stopped: 0.0002440 seconds
Total time for which application threads were stopped: 0.0001980 seconds
2012-01-20T09:49:06.969+0000: 2741.347: [GC 2741.347: [ParNew: 27328K->5440K(27328K), 0.0157030 secs] 3112026K->3091268K(4188864K) icms_dc=0 , 0.0158320 secs] [Times: user=0.18 sys=0.00, real=0.01 secs] 
Total time for which application threads were stopped: 0.0160560 seconds
2012-01-20T09:49:08.460+0000: 2742.838: [GC 2742.839: [ParNew: 27328K->5440K(27328K), 0.0137410 secs] 3113156K->3091534K(4188864K) icms_dc=0 , 0.0138660 secs] [Times: user=0.16 sys=0.01, real=0.01 secs] 
Total time for which application threads were stopped: 0.0142840 seconds
2012-01-20T09:49:09.954+0000: 2744.332: [GC 2744.332: [ParNew: 27328K->5440K(27328K), 0.0173630 secs] 3113422K->3092554K(4188864K) icms_dc=0 , 0.0174890 secs] [Times: user=0.20 sys=0.00, real=0.02 secs] 
Total time for which application threads were stopped: 0.0178960 seconds
2012-01-20T09:49:11.228+0000: 2745.606: [GC 2745.606: [ParNew: 27328K->5440K(27328K), 0.0148240 secs] 3114442K->3093178K(4188864K) icms_dc=0 , 0.0149450 secs] [Times: user=0.17 sys=0.00, real=0.02 secs] 
Total time for which application threads were stopped: 0.0153490 seconds
2012-01-20T09:49:12.710+0000: 2747.088: [GC 2747.088: [ParNew: 27328K->5440K(27328K), 0.0172470 secs] 3115066K->3094509K(4188864K) icms_dc=0 , 0.0173730 secs] [Times: user=0.18 sys=0.01, real=0.01 secs] 
Total time for which application threads were stopped: 0.0177400 seconds
2012-01-20T09:49:14.166+0000: 2748.545: [GC 2748.545: [ParNew: 27328K->5440K(27328K), 0.0162020 secs] 3116397K->3095918K(4188864K) icms_dc=0 , 0.0163280 secs] [Times: user=0.18 sys=0.01, real=0.02 secs] 
Total time for which application threads were stopped: 0.0167500 seconds
2012-01-20T09:49:15.533+0000: 2749.911: [GC 2749.911: [ParNew: 27328K->5440K(27328K), 0.0139120 secs] 3117806K->3096461K(4188864K) icms_dc=0 , 0.0140360 secs] [Times: user=0.16 sys=0.00, real=0.01 secs] 
Total time for which application threads were stopped: 0.0144230 seconds
Total time for which application threads were stopped: 0.0005000 seconds
2012-01-20T09:49:17.116+0000: 2751.494: [GC 2751.494: [ParNew: 27328K->5440K(27328K), 0.0152000 secs] 3118349K->3097609K(4188864K) icms_dc=0 , 0.0153300 secs] [Times: user=0.17 sys=0.01, real=0.02 secs] 
Total time for which application threads were stopped: 0.0156090 seconds
2012-01-20T09:49:18.654+0000: 2753.032: [GC 2753.032: [ParNew: 27328K->5440K(27328K), 0.0156430 secs] 3119497K->3098711K(4188864K) icms_dc=0 , 0.0157690 secs] [Times: user=0.17 sys=0.01, real=0.01 secs] 
Total time for which application threads were stopped: 0.0161350 seconds
2012-01-20T09:49:20.207+0000: 2754.585: [GC 2754.585: [ParNew: 27328K->5440K(27328K), 0.0156250 secs] 3120599K->3099783K(4188864K) icms_dc=0 , 0.0157520 secs] [Times: user=0.17 sys=0.01, real=0.02 secs] 
Total time for which application threads were stopped: 0.0161400 seconds
2012-01-20T09:49:21.709+0000: 2756.087: [GC 2756.087: [ParNew: 27328K->5440K(27328K), 0.0155160 secs] 3121671K->3100955K(4188864K) icms_dc=0 , 0.0156470 secs] [Times: user=0.17 sys=0.01, real=0.02 secs] 
Total time for which application threads were stopped: 0.0160760 seconds
2012-01-20T09:49:23.220+0000: 2757.598: [GC 2757.598: [ParNew: 27328K->5440K(27328K), 0.0174340 secs] 3122843K->3101925K(4188864K) icms_dc=0 , 0.0175590 secs] [Times: user=0.18 sys=0.01, real=0.02 secs] 
Total time for which application threads were stopped: 0.0179670 seconds
2012-01-20T09:49:24.775+0000: 2759.153: [GC 2759.154: [ParNew: 27328K->5440K(27328K), 0.0167700 secs] 3123813K->3102674K(4188864K) icms_dc=0 , 0.0168980 secs] [Times: user=0.18 sys=0.00, real=0.02 secs] 
Total time for which application threads were stopped: 0.0172940 seconds
2012-01-20T09:49:26.214+0000: 2760.592: [GC 2760.592: [ParNew: 27328K->5440K(27328K), 0.0156550 secs] 3124562K->3104006K(4188864K) icms_dc=0 , 0.0157820 secs] [Times: user=0.17 sys=0.00, real=0.01 secs] 
Total time for which application threads were stopped: 0.0161880 seconds
Total time for which application threads were stopped: 0.0002530 seconds
2012-01-20T09:49:27.660+0000: 2762.038: [GC 2762.038: [ParNew: 27328K->5440K(27328K), 0.0138490 secs] 3125894K->3104028K(4188864K) icms_dc=0 , 0.0139730 secs] [Times: user=0.17 sys=0.00, real=0.02 secs] 
Total time for which application threads were stopped: 0.0143310 seconds
2012-01-20T09:49:29.221+0000: 2763.599: [GC 2763.599: [ParNew: 27328K->5440K(27328K), 0.0160040 secs] 3125916K->3104999K(4188864K) icms_dc=0 , 0.0161280 secs] [Times: user=0.18 sys=0.00, real=0.02 secs] 
Total time for which application threads were stopped: 0.0165090 seconds
2012-01-20T09:49:30.614+0000: 2764.992: [GC 2764.992: [ParNew: 27328K->5440K(27328K), 0.0139540 secs] 3126887K->3104999K(4188864K) icms_dc=0 , 0.0140740 secs] [Times: user=0.17 sys=0.00, real=0.01 secs] 
Total time for which application threads were stopped: 0.0144280 seconds
2012-01-20T09:49:32.167+0000: 2766.545: [GC 2766.545: [ParNew: 27328K->5440K(27328K), 0.0142850 secs] 3126887K->3105488K(4188864K) icms_dc=0 , 0.0144090 secs] [Times: user=0.16 sys=0.00, real=0.02 secs] 
Total time for which application threads were stopped: 0.0148540 seconds
2012-01-20T09:49:33.646+0000: 2768.024: [GC 2768.024: [ParNew: 27328K->5387K(27328K), 0.0133750 secs] 3127376K->3105581K(4188864K) icms_dc=0 , 0.0134990 secs] [Times: user=0.15 sys=0.01, real=0.01 secs] 
Total time for which application threads were stopped: 0.0139220 seconds
2012-01-20T09:49:35.139+0000: 2769.517: [GC 2769.518: [ParNew: 27275K->5440K(27328K), 0.0138250 secs] 3127469K->3106074K(4188864K) icms_dc=0 , 0.0139480 secs] [Times: user=0.16 sys=0.00, real=0.02 secs] 
Total time for which application threads were stopped: 0.0143600 seconds
2012-01-20T09:49:36.601+0000: 2770.979: [GC 2770.979: [ParNew: 27328K->5348K(27328K), 0.0128940 secs] 3127962K->3106027K(4188864K) icms_dc=0 , 0.0130250 secs] [Times: user=0.15 sys=0.00, real=0.02 secs] 
Total time for which application threads were stopped: 0.0134740 seconds
Total time for which application threads were stopped: 0.0001830 seconds
2012-01-20T09:49:37.951+0000: 2772.329: [GC 2772.329: [ParNew: 27236K->5440K(27328K), 0.0133260 secs] 3127915K->3106476K(4188864K) icms_dc=0 , 0.0134480 secs] [Times: user=0.16 sys=0.00, real=0.02 secs] 
Total time for which application threads were stopped: 0.0138120 seconds
2012-01-20T09:49:39.332+0000: 2773.711: [GC 2773.711: [ParNew: 27328K->5353K(27328K), 0.0128740 secs] 3128364K->3106419K(4188864K) icms_dc=0 , 0.0129980 secs] [Times: user=0.16 sys=0.00, real=0.01 secs] 
Total time for which application threads were stopped: 0.0134250 seconds
2012-01-20T09:49:40.940+0000: 2775.318: [GC 2775.318: [ParNew: 27241K->4686K(27328K), 0.0139430 secs] 3128307K->3105900K(4188864K) icms_dc=0 , 0.0140660 secs] [Times: user=0.16 sys=0.00, real=0.02 secs] 
Total time for which application threads were stopped: 0.0144130 seconds
2012-01-20T09:49:42.368+0000: 2776.746: [GC 2776.746: [ParNew: 26574K->5440K(27328K), 0.0133600 secs] 3127788K->3106841K(4188864K) icms_dc=0 , 0.0134810 secs] [Times: user=0.15 sys=0.00, real=0.01 secs] 
Total time for which application threads were stopped: 0.0138830 seconds
2012-01-20T09:49:43.754+0000: 2778.132: [GC 2778.132: [ParNew: 27328K->5327K(27328K), 0.0147820 secs] 3128729K->3106985K(4188864K) icms_dc=0 , 0.0149060 secs] [Times: user=0.17 sys=0.01, real=0.01 secs] 
Total time for which application threads were stopped: 0.0152630 seconds
2012-01-20T09:49:44.967+0000: 2779.345: [GC 2779.345: [ParNew: 27215K->5438K(27328K), 0.0142630 secs] 3128873K->3107614K(4188864K) icms_dc=0 , 0.0143840 secs] [Times: user=0.16 sys=0.00, real=0.01 secs] 
Total time for which application threads were stopped: 0.0147930 seconds
2012-01-20T09:49:46.571+0000: 2780.949: [GC 2780.949: [ParNew: 27326K->5440K(27328K), 0.0135760 secs] 3129502K->3107894K(4188864K) icms_dc=0 , 0.0136980 secs] [Times: user=0.16 sys=0.00, real=0.02 secs] 
Total time for which application threads were stopped: 0.0141110 seconds
Total time for which application threads were stopped: 0.0001810 seconds
2012-01-20T09:49:48.120+0000: 2782.499: [GC 2782.499: [ParNew: 27328K->5440K(27328K), 0.0144600 secs] 3129782K->3108743K(4188864K) icms_dc=0 , 0.0145890 secs] [Times: user=0.16 sys=0.01, real=0.02 secs] 
Total time for which application threads were stopped: 0.0150000 seconds
2012-01-20T09:49:49.662+0000: 2784.040: [GC 2784.040: [ParNew: 27328K->5440K(27328K), 0.0153090 secs] 3130631K->3109798K(4188864K) icms_dc=0 , 0.0154350 secs] [Times: user=0.17 sys=0.00, real=0.02 secs] 
Total time for which application threads were stopped: 0.0158110 seconds
2012-01-20T09:49:51.159+0000: 2785.537: [GC 2785.537: [ParNew: 27328K->5440K(27328K), 0.0151740 secs] 3131686K->3110561K(4188864K) icms_dc=0 , 0.0152980 secs] [Times: user=0.17 sys=0.01, real=0.02 secs] 
Total time for which application threads were stopped: 0.0156910 seconds
2012-01-20T09:49:52.420+0000: 2786.799: [GC 2786.799: [ParNew: 27328K->5440K(27328K), 0.0152210 secs] 3132449K->3110988K(4188864K) icms_dc=0 , 0.0153430 secs] [Times: user=0.17 sys=0.01, real=0.02 secs] 
Total time for which application threads were stopped: 0.0157740 seconds
2012-01-20T09:49:53.831+0000: 2788.209: [GC 2788.209: [ParNew: 27328K->5440K(27328K), 0.0146300 secs] 3132876K->3111816K(4188864K) icms_dc=0 , 0.0147530 secs] [Times: user=0.16 sys=0.01, real=0.02 secs] 
Total time for which application threads were stopped: 0.0151080 seconds
2012-01-20T09:49:55.327+0000: 2789.705: [GC 2789.705: [ParNew: 27328K->5440K(27328K), 0.0141190 secs] 3133704K->3111817K(4188864K) icms_dc=0 , 0.0142480 secs] [Times: user=0.17 sys=0.01, real=0.01 secs] 
Total time for which application threads were stopped: 0.0146690 seconds
2012-01-20T09:49:56.792+0000: 2791.170: [GC 2791.170: [ParNew: 27328K->5440K(27328K), 0.0147960 secs] 3133705K->3112446K(4188864K) icms_dc=0 , 0.0149240 secs] [Times: user=0.17 sys=0.00, real=0.02 secs] 
Total time for which application threads were stopped: 0.0152970 seconds
Total time for which application threads were stopped: 0.0001350 seconds
2012-01-20T09:49:58.453+0000: 2792.831: [GC 2792.831: [ParNew: 27328K->5440K(27328K), 0.0136930 secs] 3134334K->3112464K(4188864K) icms_dc=0 , 0.0138160 secs] [Times: user=0.16 sys=0.00, real=0.02 secs] 
Total time for which application threads were stopped: 0.0142260 seconds
2012-01-20T09:49:59.891+0000: 2794.269: [GC 2794.269: [ParNew: 27328K->5440K(27328K), 0.0150680 secs] 3134352K->3113173K(4188864K) icms_dc=0 , 0.0151930 secs] [Times: user=0.17 sys=0.01, real=0.02 secs] 
Total time for which application threads were stopped: 0.0155940 seconds
2012-01-20T09:50:01.209+0000: 2795.587: [GC 2795.587: [ParNew: 27328K->5440K(27328K), 0.0132750 secs] 3135061K->3113365K(4188864K) icms_dc=0 , 0.0133990 secs] [Times: user=0.16 sys=0.00, real=0.01 secs] 
Total time for which application threads were stopped: 0.0137720 seconds
2012-01-20T09:50:02.615+0000: 2796.994: [GC 2796.994: [ParNew: 27328K->5440K(27328K), 0.0136980 secs] 3135253K->3113782K(4188864K) icms_dc=0 , 0.0138230 secs] [Times: user=0.16 sys=0.01, real=0.01 secs] 
Total time for which application threads were stopped: 0.0141940 seconds
2012-01-20T09:50:04.012+0000: 2798.390: [GC 2798.390: [ParNew: 27328K->5440K(27328K), 0.0140800 secs] 3135670K->3114213K(4188864K) icms_dc=0 , 0.0141990 secs] [Times: user=0.16 sys=0.01, real=0.02 secs] 
Total time for which application threads were stopped: 0.0146200 seconds
2012-01-20T09:50:05.372+0000: 2799.750: [GC 2799.750: [ParNew: 27328K->5440K(27328K), 0.0150540 secs] 3136101K->3115054K(4188864K) icms_dc=0 , 0.0151780 secs] [Times: user=0.17 sys=0.00, real=0.02 secs] 
Total time for which application threads were stopped: 0.0155570 seconds
2012-01-20T09:50:06.848+0000: 2801.226: [GC 2801.226: [ParNew: 27328K->5440K(27328K), 0.0149720 secs] 3136942K->3115883K(4188864K) icms_dc=0 , 0.0150980 secs] [Times: user=0.16 sys=0.00, real=0.01 secs] 
Total time for which application threads were stopped: 0.0154700 seconds
Total time for which application threads were stopped: 0.0001370 seconds
2012-01-20T09:50:08.273+0000: 2802.651: [GC 2802.651: [ParNew: 27328K->5440K(27328K), 0.0143970 secs] 3137771K->3116301K(4188864K) icms_dc=0 , 0.0145290 secs] [Times: user=0.17 sys=0.01, real=0.02 secs] 
Total time for which application threads were stopped: 0.0149460 seconds
2012-01-20T09:50:10.012+0000: 2804.391: [GC 2804.391: [ParNew: 27328K->5440K(27328K), 0.0159670 secs] 3138189K->3117430K(4188864K) icms_dc=0 , 0.0160930 secs] [Times: user=0.17 sys=0.01, real=0.02 secs] 
Total time for which application threads were stopped: 0.0164670 seconds
2012-01-20T09:50:11.491+0000: 2805.869: [GC 2805.869: [ParNew: 27328K->5440K(27328K), 0.0149670 secs] 3139318K->3118139K(4188864K) icms_dc=0 , 0.0150900 secs] [Times: user=0.17 sys=0.01, real=0.02 secs] 
Total time for which application threads were stopped: 0.0154680 seconds
2012-01-20T09:50:12.879+0000: 2807.257: [GC 2807.258: [ParNew: 27328K->5440K(27328K), 0.0191100 secs] 3140027K->3119224K(4188864K) icms_dc=0 , 0.0192410 secs] [Times: user=0.21 sys=0.01, real=0.02 secs] 
Total time for which application threads were stopped: 0.0196650 seconds
2012-01-20T09:50:14.258+0000: 2808.636: [GC 2808.636: [ParNew: 27328K->5440K(27328K), 0.0162960 secs] 3141112K->3120357K(4188864K) icms_dc=0 , 0.0164220 secs] [Times: user=0.18 sys=0.00, real=0.01 secs] 
Total time for which application threads were stopped: 0.0167930 seconds
2012-01-20T09:50:15.939+0000: 2810.317: [GC 2810.317: [ParNew: 27328K->5440K(27328K), 0.0150670 secs] 3142245K->3121486K(4188864K) icms_dc=0 , 0.0151980 secs] [Times: user=0.17 sys=0.01, real=0.01 secs] 
Total time for which application threads were stopped: 0.0156320 seconds
Total time for which application threads were stopped: 0.0002420 seconds
Total time for which application threads were stopped: 0.0003360 seconds
2012-01-20T09:50:17.593+0000: 2811.971: [GC 2811.971: [ParNew: 27328K->5440K(27328K), 0.0157710 secs] 3143374K->3122463K(4188864K) icms_dc=0 , 0.0158980 secs] [Times: user=0.18 sys=0.00, real=0.02 secs] 
Total time for which application threads were stopped: 0.0161380 seconds
2012-01-20T09:50:19.131+0000: 2813.509: [GC 2813.509: [ParNew: 27328K->5440K(27328K), 0.0149480 secs] 3144351K->3123526K(4188864K) icms_dc=0 , 0.0150720 secs] [Times: user=0.17 sys=0.00, real=0.01 secs] 
Total time for which application threads were stopped: 0.0154150 seconds
2012-01-20T09:50:20.513+0000: 2814.891: [GC 2814.891: [ParNew: 27328K->5440K(27328K), 0.0155960 secs] 3145414K->3124599K(4188864K) icms_dc=0 , 0.0157240 secs] [Times: user=0.17 sys=0.00, real=0.02 secs] 
Total time for which application threads were stopped: 0.0160750 seconds
2012-01-20T09:50:21.868+0000: 2816.246: [GC 2816.246: [ParNew: 27328K->5440K(27328K), 0.0157040 secs] 3146487K->3125469K(4188864K) icms_dc=0 , 0.0158300 secs] [Times: user=0.17 sys=0.01, real=0.01 secs] 
Total time for which application threads were stopped: 0.0161920 seconds
2012-01-20T09:50:23.548+0000: 2817.926: [GC 2817.926: [ParNew: 27328K->5440K(27328K), 0.0159430 secs] 3147357K->3126537K(4188864K) icms_dc=0 , 0.0160680 secs] [Times: user=0.18 sys=0.01, real=0.01 secs] 
Total time for which application threads were stopped: 0.0164100 seconds
2012-01-20T09:50:25.135+0000: 2819.513: [GC 2819.513: [ParNew: 27328K->5440K(27328K), 0.0156820 secs] 3148425K->3127808K(4188864K) icms_dc=0 , 0.0158070 secs] [Times: user=0.18 sys=0.01, real=0.02 secs] 
Total time for which application threads were stopped: 0.0162220 seconds
2012-01-20T09:50:26.702+0000: 2821.080: [GC 2821.080: [ParNew: 27328K->5440K(27328K), 0.0152100 secs] 3149696K->3128730K(4188864K) icms_dc=0 , 0.0153350 secs] [Times: user=0.16 sys=0.01, real=0.02 secs] 
Total time for which application threads were stopped: 0.0157850 seconds
Total time for which application threads were stopped: 0.0001760 seconds
2012-01-20T09:50:28.067+0000: 2822.445: [GC 2822.445: [ParNew: 27328K->5440K(27328K), 0.0151890 secs] 3150618K->3129743K(4188864K) icms_dc=0 , 0.0153170 secs] [Times: user=0.17 sys=0.00, real=0.02 secs] 
Total time for which application threads were stopped: 0.0157400 seconds
2012-01-20T09:50:29.385+0000: 2823.763: [GC 2823.763: [ParNew: 27328K->5440K(27328K), 0.0156650 secs] 3151631K->3130900K(4188864K) icms_dc=0 , 0.0157980 secs] [Times: user=0.17 sys=0.00, real=0.02 secs] 
Total time for which application threads were stopped: 0.0161970 seconds
2012-01-20T09:50:30.923+0000: 2825.302: [GC 2825.302: [ParNew: 27328K->5440K(27328K), 0.0148550 secs] 3152788K->3131614K(4188864K) icms_dc=0 , 0.0149820 secs] [Times: user=0.17 sys=0.01, real=0.02 secs] 
Total time for which application threads were stopped: 0.0153490 seconds
2012-01-20T09:50:32.477+0000: 2826.855: [GC 2826.855: [ParNew: 27328K->5440K(27328K), 0.0156590 secs] 3153502K->3132637K(4188864K) icms_dc=0 , 0.0157840 secs] [Times: user=0.18 sys=0.00, real=0.02 secs] 
Total time for which application threads were stopped: 0.0162020 seconds
2012-01-20T09:50:34.291+0000: 2828.670: [GC 2828.670: [ParNew: 27328K->5440K(27328K), 0.0148770 secs] 3154525K->3133524K(4188864K) icms_dc=0 , 0.0150080 secs] [Times: user=0.17 sys=0.01, real=0.01 secs] 
Total time for which application threads were stopped: 0.0154210 seconds
2012-01-20T09:50:35.893+0000: 2830.271: [GC 2830.271: [ParNew: 27328K->5440K(27328K), 0.0149420 secs] 3155412K->3134360K(4188864K) icms_dc=0 , 0.0150530 secs] [Times: user=0.17 sys=0.00, real=0.01 secs] 
Total time for which application threads were stopped: 0.0154560 seconds
Total time for which application threads were stopped: 0.0005380 seconds
Total time for which application threads were stopped: 0.0000870 seconds
2012-01-20T09:50:37.599+0000: 2831.978: [GC 2831.978: [ParNew: 27328K->5440K(27328K), 0.0159780 secs] 3156248K->3135385K(4188864K) icms_dc=0 , 0.0160990 secs] [Times: user=0.18 sys=0.00, real=0.01 secs] 
Total time for which application threads were stopped: 0.0163860 seconds
2012-01-20T09:50:38.901+0000: 2833.279: [GC 2833.279: [ParNew: 27328K->5440K(27328K), 0.0153760 secs] 3157273K->3136293K(4188864K) icms_dc=0 , 0.0155000 secs] [Times: user=0.17 sys=0.01, real=0.01 secs] 
Total time for which application threads were stopped: 0.0158470 seconds
2012-01-20T09:50:40.273+0000: 2834.652: [GC 2834.652: [ParNew: 27328K->5440K(27328K), 0.0158140 secs] 3158181K->3137580K(4188864K) icms_dc=0 , 0.0159390 secs] [Times: user=0.16 sys=0.00, real=0.02 secs] 
Total time for which application threads were stopped: 0.0163190 seconds
2012-01-20T09:50:41.709+0000: 2836.087: [GC 2836.087: [ParNew: 27328K->5440K(27328K), 0.0148820 secs] 3159468K->3138429K(4188864K) icms_dc=0 , 0.0150050 secs] [Times: user=0.16 sys=0.01, real=0.02 secs] 
Total time for which application threads were stopped: 0.0153670 seconds
2012-01-20T09:50:42.966+0000: 2837.345: [GC 2837.345: [ParNew: 27328K->5440K(27328K), 0.0155770 secs] 3160317K->3139217K(4188864K) icms_dc=0 , 0.0157000 secs] [Times: user=0.18 sys=0.00, real=0.02 secs] 
Total time for which application threads were stopped: 0.0160820 seconds
2012-01-20T09:50:44.415+0000: 2838.793: [GC 2838.793: [ParNew: 27328K->5440K(27328K), 0.0160810 secs] 3161105K->3140362K(4188864K) icms_dc=0 , 0.0162100 secs] [Times: user=0.17 sys=0.01, real=0.02 secs] 
Total time for which application threads were stopped: 0.0165830 seconds
2012-01-20T09:50:45.714+0000: 2840.092: [GC 2840.092: [ParNew: 27328K->5440K(27328K), 0.0132010 secs] 3162250K->3140473K(4188864K) icms_dc=0 , 0.0133230 secs] [Times: user=0.16 sys=0.01, real=0.01 secs] 
Total time for which application threads were stopped: 0.0137020 seconds
Total time for which application threads were stopped: 0.0002310 seconds
2012-01-20T09:50:47.080+0000: 2841.458: [GC 2841.458: [ParNew: 27328K->5440K(27328K), 0.0151230 secs] 3162361K->3141655K(4188864K) icms_dc=0 , 0.0152440 secs] [Times: user=0.16 sys=0.01, real=0.01 secs] 
Total time for which application threads were stopped: 0.0155470 seconds
Total time for which application threads were stopped: 0.0001400 seconds
2012-01-20T09:50:48.288+0000: 2842.667: [GC 2842.667: [ParNew: 27328K->5440K(27328K), 0.0154160 secs] 3163543K->3142555K(4188864K) icms_dc=0 , 0.0155420 secs] [Times: user=0.18 sys=0.00, real=0.02 secs] 
Total time for which application threads were stopped: 0.0160230 seconds
2012-01-20T09:50:49.680+0000: 2844.058: [GC 2844.058: [ParNew: 27328K->5440K(27328K), 0.0130920 secs] 3164443K->3142624K(4188864K) icms_dc=0 , 0.0132130 secs] [Times: user=0.15 sys=0.01, real=0.02 secs] 
Total time for which application threads were stopped: 0.0135780 seconds
2012-01-20T09:50:51.001+0000: 2845.379: [GC 2845.379: [ParNew: 27328K->5440K(27328K), 0.0151260 secs] 3164512K->3143546K(4188864K) icms_dc=0 , 0.0152520 secs] [Times: user=0.16 sys=0.01, real=0.01 secs] 
Total time for which application threads were stopped: 0.0157030 seconds
2012-01-20T09:50:52.429+0000: 2846.808: [GC 2846.808: [ParNew: 27328K->5440K(27328K), 0.0149210 secs] 3165434K->3144502K(4188864K) icms_dc=0 , 0.0150450 secs] [Times: user=0.16 sys=0.01, real=0.02 secs] 
Total time for which application threads were stopped: 0.0153900 seconds
2012-01-20T09:50:53.900+0000: 2848.278: [GC 2848.278: [ParNew: 27328K->5440K(27328K), 0.0136580 secs] 3166390K->3144715K(4188864K) icms_dc=0 , 0.0137810 secs] [Times: user=0.16 sys=0.00, real=0.02 secs] 
Total time for which application threads were stopped: 0.0142060 seconds
2012-01-20T09:50:55.329+0000: 2849.708: [GC 2849.708: [ParNew: 27328K->5440K(27328K), 0.0188880 secs] 3166603K->3146255K(4188864K) icms_dc=0 , 0.0190140 secs] [Times: user=0.21 sys=0.01, real=0.02 secs] 
Total time for which application threads were stopped: 0.0194540 seconds
2012-01-20T09:50:56.816+0000: 2851.194: [GC 2851.194: [ParNew: 27328K->5440K(27328K), 0.0152100 secs] 3168143K->3147193K(4188864K) icms_dc=0 , 0.0153390 secs] [Times: user=0.16 sys=0.01, real=0.02 secs] 
Total time for which application threads were stopped: 0.0156980 seconds
Total time for which application threads were stopped: 0.0001360 seconds
2012-01-20T09:50:58.429+0000: 2852.807: [GC 2852.807: [ParNew: 27328K->5440K(27328K), 0.0144310 secs] 3169081K->3147493K(4188864K) icms_dc=0 , 0.0145570 secs] [Times: user=0.17 sys=0.00, real=0.02 secs] 
Total time for which application threads were stopped: 0.0149810 seconds
2012-01-20T09:50:59.862+0000: 2854.241: [GC 2854.241: [ParNew: 27328K->5440K(27328K), 0.0157940 secs] 3169381K->3148802K(4188864K) icms_dc=0 , 0.0159170 secs] [Times: user=0.17 sys=0.01, real=0.01 secs] 
Total time for which application threads were stopped: 0.0163560 seconds
2012-01-20T09:51:01.529+0000: 2855.907: [GC 2855.908: [ParNew: 27328K->5440K(27328K), 0.0139590 secs] 3170690K->3149286K(4188864K) icms_dc=0 , 0.0140830 secs] [Times: user=0.16 sys=0.01, real=0.02 secs] 
Total time for which application threads were stopped: 0.0144680 seconds
2012-01-20T09:51:03.014+0000: 2857.392: [GC 2857.392: [ParNew: 27328K->5440K(27328K), 0.0145240 secs] 3171174K->3150237K(4188864K) icms_dc=0 , 0.0146500 secs] [Times: user=0.17 sys=0.00, real=0.01 secs] 
Total time for which application threads were stopped: 0.0150740 seconds
2012-01-20T09:51:04.550+0000: 2858.928: [GC 2858.928: [ParNew: 27328K->5440K(27328K), 0.0153240 secs] 3172125K->3151310K(4188864K) icms_dc=0 , 0.0154530 secs] [Times: user=0.17 sys=0.01, real=0.02 secs] 
Total time for which application threads were stopped: 0.0158360 seconds
2012-01-20T09:51:05.935+0000: 2860.313: [GC 2860.313: [ParNew: 27328K->5440K(27328K), 0.0166750 secs] 3173198K->3153036K(4188864K) icms_dc=0 , 0.0168050 secs] [Times: user=0.17 sys=0.00, real=0.01 secs] 
Total time for which application threads were stopped: 0.0171780 seconds
Total time for which application threads were stopped: 0.0002800 seconds
2012-01-20T09:51:07.424+0000: 2861.803: [GC 2861.803: [ParNew: 27328K->5440K(27328K), 0.0153360 secs] 3174924K->3154219K(4188864K) icms_dc=0 , 0.0154660 secs] [Times: user=0.17 sys=0.01, real=0.01 secs] 
Total time for which application threads were stopped: 0.0157000 seconds
2012-01-20T09:51:08.839+0000: 2863.217: [GC 2863.217: [ParNew: 27328K->5440K(27328K), 0.0131740 secs] 3176107K->3154374K(4188864K) icms_dc=0 , 0.0133010 secs] [Times: user=0.15 sys=0.00, real=0.02 secs] 
Total time for which application threads were stopped: 0.0137190 seconds
2012-01-20T09:51:10.248+0000: 2864.627: [GC 2864.627: [ParNew: 27328K->5440K(27328K), 0.0155600 secs] 3176262K->3155544K(4188864K) icms_dc=0 , 0.0156890 secs] [Times: user=0.17 sys=0.01, real=0.02 secs] 
Total time for which application threads were stopped: 0.0161360 seconds
2012-01-20T09:51:11.665+0000: 2866.043: [GC 2866.043: [ParNew: 27328K->5440K(27328K), 0.0127560 secs] 3177432K->3155554K(4188864K) icms_dc=0 , 0.0128770 secs] [Times: user=0.15 sys=0.00, real=0.01 secs] 
Total time for which application threads were stopped: 0.0132470 seconds
2012-01-20T09:51:13.056+0000: 2867.434: [GC 2867.435: [ParNew: 27328K->5440K(27328K), 0.0146830 secs] 3177442K->3156257K(4188864K) icms_dc=0 , 0.0148070 secs] [Times: user=0.17 sys=0.00, real=0.01 secs] 
Total time for which application threads were stopped: 0.0151590 seconds
2012-01-20T09:51:14.617+0000: 2868.996: [GC 2868.996: [ParNew: 27328K->5440K(27328K), 0.0139420 secs] 3178145K->3156698K(4188864K) icms_dc=0 , 0.0140650 secs] [Times: user=0.16 sys=0.01, real=0.01 secs] 
Total time for which application threads were stopped: 0.0144250 seconds
2012-01-20T09:51:16.108+0000: 2870.487: [GC 2870.487: [ParNew: 27328K->5440K(27328K), 0.0157080 secs] 3178586K->3157872K(4188864K) icms_dc=0 , 0.0158340 secs] [Times: user=0.18 sys=0.00, real=0.02 secs] 
Total time for which application threads were stopped: 0.0162740 seconds
Total time for which application threads were stopped: 0.0002710 seconds
2012-01-20T09:51:17.766+0000: 2872.144: [GC 2872.144: [ParNew: 27328K->5440K(27328K), 0.0159220 secs] 3179760K->3159106K(4188864K) icms_dc=0 , 0.0160530 secs] [Times: user=0.17 sys=0.01, real=0.01 secs] 
Total time for which application threads were stopped: 0.0163520 seconds
2012-01-20T09:51:19.131+0000: 2873.509: [GC 2873.510: [ParNew: 27328K->5440K(27328K), 0.0157550 secs] 3180994K->3160096K(4188864K) icms_dc=0 , 0.0158840 secs] [Times: user=0.18 sys=0.00, real=0.02 secs] 
Total time for which application threads were stopped: 0.0162660 seconds
2012-01-20T09:51:20.453+0000: 2874.831: [GC 2874.832: [ParNew: 27328K->5440K(27328K), 0.0152000 secs] 3181984K->3161114K(4188864K) icms_dc=0 , 0.0153300 secs] [Times: user=0.16 sys=0.01, real=0.01 secs] 
Total time for which application threads were stopped: 0.0157030 seconds
2012-01-20T09:51:21.989+0000: 2876.367: [GC 2876.367: [ParNew: 27328K->5440K(27328K), 0.0153300 secs] 3183002K->3162030K(4188864K) icms_dc=0 , 0.0154590 secs] [Times: user=0.17 sys=0.01, real=0.02 secs] 
Total time for which application threads were stopped: 0.0158140 seconds
2012-01-20T09:51:23.387+0000: 2877.765: [GC 2877.766: [ParNew: 27328K->5440K(27328K), 0.0142530 secs] 3183918K->3162939K(4188864K) icms_dc=0 , 0.0143770 secs] [Times: user=0.16 sys=0.01, real=0.01 secs] 
Total time for which application threads were stopped: 0.0147990 seconds
2012-01-20T09:51:24.728+0000: 2879.106: [GC 2879.106: [ParNew: 27328K->5440K(27328K), 0.0165610 secs] 3184827K->3164072K(4188864K) icms_dc=0 , 0.0166900 secs] [Times: user=0.17 sys=0.01, real=0.02 secs] 
Total time for which application threads were stopped: 0.0170560 seconds
2012-01-20T09:51:26.195+0000: 2880.573: [GC 2880.573: [ParNew: 27328K->5440K(27328K), 0.0157000 secs] 3185960K->3165022K(4188864K) icms_dc=0 , 0.0158280 secs] [Times: user=0.18 sys=0.00, real=0.01 secs] 
Total time for which application threads were stopped: 0.0162770 seconds
Total time for which application threads were stopped: 0.0003310 seconds
2012-01-20T09:51:27.636+0000: 2882.014: [GC 2882.014: [ParNew: 27328K->5440K(27328K), 0.0146820 secs] 3186910K->3165899K(4188864K) icms_dc=0 , 0.0148090 secs] [Times: user=0.17 sys=0.00, real=0.01 secs] 
Total time for which application threads were stopped: 0.0151070 seconds
2012-01-20T09:51:29.162+0000: 2883.540: [GC 2883.540: [ParNew: 27328K->5440K(27328K), 0.0154210 secs] 3187787K->3167146K(4188864K) icms_dc=0 , 0.0155500 secs] [Times: user=0.16 sys=0.01, real=0.02 secs] 
Total time for which application threads were stopped: 0.0159130 seconds
2012-01-20T09:51:30.739+0000: 2885.117: [GC 2885.117: [ParNew: 27328K->5440K(27328K), 0.0127940 secs] 3189034K->3167185K(4188864K) icms_dc=0 , 0.0129150 secs] [Times: user=0.16 sys=0.00, real=0.01 secs] 
Total time for which application threads were stopped: 0.0133340 seconds
2012-01-20T09:51:32.161+0000: 2886.539: [GC 2886.539: [ParNew: 27328K->5440K(27328K), 0.0141340 secs] 3189073K->3167796K(4188864K) icms_dc=0 , 0.0142610 secs] [Times: user=0.15 sys=0.01, real=0.02 secs] 
Total time for which application threads were stopped: 0.0146360 seconds
2012-01-20T09:51:33.610+0000: 2887.989: [GC 2887.989: [ParNew: 27328K->5440K(27328K), 0.0137010 secs] 3189684K->3168126K(4188864K) icms_dc=0 , 0.0138240 secs] [Times: user=0.15 sys=0.00, real=0.01 secs] 
Total time for which application threads were stopped: 0.0142660 seconds
2012-01-20T09:51:35.030+0000: 2889.408: [GC 2889.408: [ParNew: 27328K->5440K(27328K), 0.0156710 secs] 3190014K->3169012K(4188864K) icms_dc=0 , 0.0157950 secs] [Times: user=0.18 sys=0.00, real=0.02 secs] 
Total time for which application threads were stopped: 0.0161770 seconds
2012-01-20T09:51:36.334+0000: 2890.712: [GC 2890.712: [ParNew: 27328K->5440K(27328K), 0.0149240 secs] 3190900K->3169594K(4188864K) icms_dc=0 , 0.0150500 secs] [Times: user=0.17 sys=0.01, real=0.02 secs] 
Total time for which application threads were stopped: 0.0154260 seconds
Total time for which application threads were stopped: 0.0003140 seconds
2012-01-20T09:51:37.732+0000: 2892.111: [GC 2892.111: [ParNew: 27328K->5440K(27328K), 0.0144080 secs] 3191482K->3170299K(4188864K) icms_dc=0 , 0.0145340 secs] [Times: user=0.16 sys=0.00, real=0.02 secs] 
Total time for which application threads were stopped: 0.0147850 seconds
2012-01-20T09:51:39.208+0000: 2893.586: [GC 2893.586: [ParNew: 27328K->5440K(27328K), 0.0142690 secs] 3192187K->3171066K(4188864K) icms_dc=0 , 0.0143950 secs] [Times: user=0.17 sys=0.00, real=0.01 secs] 
Total time for which application threads were stopped: 0.0147570 seconds
2012-01-20T09:51:40.684+0000: 2895.062: [GC 2895.062: [ParNew: 27328K->5440K(27328K), 0.0172910 secs] 3192954K->3172798K(4188864K) icms_dc=0 , 0.0174210 secs] [Times: user=0.18 sys=0.01, real=0.02 secs] 
Total time for which application threads were stopped: 0.0178150 seconds
2012-01-20T09:51:42.225+0000: 2896.604: [GC 2896.604: [ParNew: 27328K->5440K(27328K), 0.0150970 secs] 3194686K->3173963K(4188864K) icms_dc=0 , 0.0152260 secs] [Times: user=0.16 sys=0.01, real=0.02 secs] 
Total time for which application threads were stopped: 0.0156640 seconds
2012-01-20T09:51:43.653+0000: 2898.031: [GC 2898.031: [ParNew: 27328K->5440K(27328K), 0.0153180 secs] 3195851K->3174518K(4188864K) icms_dc=0 , 0.0154420 secs] [Times: user=0.18 sys=0.00, real=0.02 secs] 
Total time for which application threads were stopped: 0.0158130 seconds
2012-01-20T09:51:44.969+0000: 2899.347: [GC 2899.347: [ParNew: 27328K->5440K(27328K), 0.0166030 secs] 3196406K->3175842K(4188864K) icms_dc=0 , 0.0167310 secs] [Times: user=0.19 sys=0.00, real=0.01 secs] 
Total time for which application threads were stopped: 0.0171880 seconds
2012-01-20T09:51:46.196+0000: 2900.574: [GC 2900.574: [ParNew: 27328K->5440K(27328K), 0.0148350 secs] 3197730K->3176845K(4188864K) icms_dc=0 , 0.0149600 secs] [Times: user=0.16 sys=0.01, real=0.02 secs] 
Total time for which application threads were stopped: 0.0153260 seconds
Total time for which application threads were stopped: 0.0002780 seconds
2012-01-20T09:51:47.613+0000: 2901.991: [GC 2901.991: [ParNew: 27328K->5440K(27328K), 0.0144030 secs] 3198733K->3177637K(4188864K) icms_dc=0 , 0.0145270 secs] [Times: user=0.16 sys=0.01, real=0.02 secs] 
Total time for which application threads were stopped: 0.0148300 seconds
2012-01-20T09:51:49.137+0000: 2903.516: [GC 2903.516: [ParNew: 27328K->5440K(27328K), 0.0139770 secs] 3199525K->3178297K(4188864K) icms_dc=0 , 0.0141010 secs] [Times: user=0.16 sys=0.00, real=0.01 secs] 
Total time for which application threads were stopped: 0.0144810 seconds
2012-01-20T09:51:50.817+0000: 2905.195: [GC 2905.195: [ParNew: 27328K->5440K(27328K), 0.0140960 secs] 3200185K->3178943K(4188864K) icms_dc=0 , 0.0142670 secs] [Times: user=0.16 sys=0.01, real=0.02 secs] 
Total time for which application threads were stopped: 0.0146250 seconds
2012-01-20T09:51:52.321+0000: 2906.699: [GC 2906.699: [ParNew: 27328K->5440K(27328K), 0.0150240 secs] 3200831K->3179795K(4188864K) icms_dc=0 , 0.0151540 secs] [Times: user=0.17 sys=0.00, real=0.01 secs] 
Total time for which application threads were stopped: 0.0155270 seconds
2012-01-20T09:51:54.031+0000: 2908.409: [GC 2908.409: [ParNew: 27328K->5440K(27328K), 0.0131600 secs] 3201683K->3180021K(4188864K) icms_dc=0 , 0.0132830 secs] [Times: user=0.15 sys=0.01, real=0.01 secs] 
Total time for which application threads were stopped: 0.0137000 seconds
2012-01-20T09:51:55.742+0000: 2910.120: [GC 2910.120: [ParNew: 27328K->5440K(27328K), 0.0149650 secs] 3201909K->3180770K(4188864K) icms_dc=0 , 0.0150940 secs] [Times: user=0.17 sys=0.01, real=0.01 secs] 
Total time for which application threads were stopped: 0.0155000 seconds
2012-01-20T09:51:57.338+0000: 2911.716: [GC 2911.716: [ParNew: 27328K->5440K(27328K), 0.0166260 secs] 3202658K->3182001K(4188864K) icms_dc=0 , 0.0167520 secs] [Times: user=0.18 sys=0.01, real=0.01 secs] 
Total time for which application threads were stopped: 0.0171610 seconds
Total time for which application threads were stopped: 0.0001940 seconds
2012-01-20T09:51:58.671+0000: 2913.050: [GC 2913.050: [ParNew: 27328K->5440K(27328K), 0.0149830 secs] 3203889K->3182780K(4188864K) icms_dc=0 , 0.0151100 secs] [Times: user=0.17 sys=0.01, real=0.01 secs] 
Total time for which application threads were stopped: 0.0155130 seconds
2012-01-20T09:52:00.122+0000: 2914.500: [GC 2914.501: [ParNew: 27328K->5440K(27328K), 0.0162660 secs] 3204668K->3184088K(4188864K) icms_dc=0 , 0.0163990 secs] [Times: user=0.17 sys=0.00, real=0.02 secs] 
Total time for which application threads were stopped: 0.0167670 seconds
2012-01-20T09:52:01.687+0000: 2916.066: [GC 2916.066: [ParNew: 27328K->5440K(27328K), 0.0160690 secs] 3205976K->3185179K(4188864K) icms_dc=0 , 0.0161980 secs] [Times: user=0.17 sys=0.01, real=0.02 secs] 
Total time for which application threads were stopped: 0.0166120 seconds
2012-01-20T09:52:03.179+0000: 2917.558: [GC 2917.558: [ParNew: 27328K->5440K(27328K), 0.0143640 secs] 3207067K->3185980K(4188864K) icms_dc=0 , 0.0144880 secs] [Times: user=0.16 sys=0.00, real=0.01 secs] 
Total time for which application threads were stopped: 0.0149230 seconds
2012-01-20T09:52:04.686+0000: 2919.064: [GC 2919.064: [ParNew: 27328K->5440K(27328K), 0.0160760 secs] 3207868K->3186865K(4188864K) icms_dc=0 , 0.0162050 secs] [Times: user=0.18 sys=0.00, real=0.02 secs] 
Total time for which application threads were stopped: 0.0166160 seconds
2012-01-20T09:52:06.088+0000: 2920.467: [GC 2920.467: [ParNew: 27328K->5440K(27328K), 0.0142820 secs] 3208753K->3187585K(4188864K) icms_dc=0 , 0.0144050 secs] [Times: user=0.16 sys=0.00, real=0.01 secs] 
Total time for which application threads were stopped: 0.0148180 seconds
Total time for which application threads were stopped: 0.0002540 seconds
2012-01-20T09:52:07.491+0000: 2921.870: [GC 2921.870: [ParNew: 27328K->5440K(27328K), 0.0160790 secs] 3209473K->3188482K(4188864K) icms_dc=0 , 0.0162090 secs] [Times: user=0.18 sys=0.01, real=0.01 secs] 
Total time for which application threads were stopped: 0.0164280 seconds
2012-01-20T09:52:08.773+0000: 2923.151: [GC 2923.151: [ParNew: 27328K->5440K(27328K), 0.0180590 secs] 3210370K->3189456K(4188864K) icms_dc=0 , 0.0182020 secs] [Times: user=0.21 sys=0.01, real=0.02 secs] 
Total time for which application threads were stopped: 0.0186690 seconds
2012-01-20T09:52:10.064+0000: 2924.442: [GC 2924.442: [ParNew: 27328K->5440K(27328K), 0.0151750 secs] 3211344K->3190426K(4188864K) icms_dc=0 , 0.0153120 secs] [Times: user=0.17 sys=0.01, real=0.02 secs] 
Total time for which application threads were stopped: 0.0157350 seconds
2012-01-20T09:52:11.420+0000: 2925.798: [GC 2925.798: [ParNew: 27328K->5440K(27328K), 0.0148800 secs] 3212314K->3191200K(4188864K) icms_dc=0 , 0.0150270 secs] [Times: user=0.17 sys=0.00, real=0.01 secs] 
Total time for which application threads were stopped: 0.0154670 seconds
2012-01-20T09:52:12.858+0000: 2927.236: [GC 2927.236: [ParNew: 27328K->5440K(27328K), 0.0150390 secs] 3213088K->3192265K(4188864K) icms_dc=0 , 0.0151670 secs] [Times: user=0.16 sys=0.00, real=0.02 secs] 
Total time for which application threads were stopped: 0.0155600 seconds
2012-01-20T09:52:14.312+0000: 2928.690: [GC 2928.690: [ParNew: 27328K->5440K(27328K), 0.0145360 secs] 3214153K->3193093K(4188864K) icms_dc=0 , 0.0146770 secs] [Times: user=0.16 sys=0.01, real=0.01 secs] 
Total time for which application threads were stopped: 0.0150520 seconds
2012-01-20T09:52:15.869+0000: 2930.247: [GC 2930.248: [ParNew: 27328K->5440K(27328K), 0.0168960 secs] 3214981K->3194038K(4188864K) icms_dc=0 , 0.0170380 secs] [Times: user=0.17 sys=0.01, real=0.02 secs] 
Total time for which application threads were stopped: 0.0174390 seconds
2012-01-20T09:52:17.354+0000: 2931.732: [GC 2931.732: [ParNew: 27328K->5440K(27328K), 0.0148220 secs] 3215926K->3194820K(4188864K) icms_dc=0 , 0.0149510 secs] [Times: user=0.17 sys=0.00, real=0.01 secs] 
Total time for which application threads were stopped: 0.0153520 seconds
Total time for which application threads were stopped: 0.0001810 seconds
2012-01-20T09:52:19.047+0000: 2933.425: [GC 2933.425: [ParNew: 27328K->5440K(27328K), 0.0149470 secs] 3216708K->3195732K(4188864K) icms_dc=0 , 0.0150800 secs] [Times: user=0.17 sys=0.00, real=0.02 secs] 
Total time for which application threads were stopped: 0.0154840 seconds
2012-01-20T09:52:20.708+0000: 2935.087: [GC 2935.087: [ParNew: 27328K->5440K(27328K), 0.0160730 secs] 3217620K->3196937K(4188864K) icms_dc=0 , 0.0162290 secs] [Times: user=0.18 sys=0.00, real=0.02 secs] 
Total time for which application threads were stopped: 0.0167210 seconds
2012-01-20T09:52:22.195+0000: 2936.573: [GC 2936.574: [ParNew: 27328K->5440K(27328K), 0.0131050 secs] 3218825K->3197022K(4188864K) icms_dc=0 , 0.0132510 secs] [Times: user=0.16 sys=0.00, real=0.01 secs] 
Total time for which application threads were stopped: 0.0136300 seconds
2012-01-20T09:52:23.791+0000: 2938.169: [GC 2938.169: [ParNew: 27328K->5440K(27328K), 0.0166530 secs] 3218910K->3198234K(4188864K) icms_dc=0 , 0.0167780 secs] [Times: user=0.19 sys=0.00, real=0.01 secs] 
Total time for which application threads were stopped: 0.0172060 seconds
2012-01-20T09:52:25.316+0000: 2939.694: [GC 2939.694: [ParNew: 27328K->5440K(27328K), 0.0150590 secs] 3220122K->3198613K(4188864K) icms_dc=0 , 0.0151810 secs] [Times: user=0.18 sys=0.00, real=0.02 secs] 
Total time for which application threads were stopped: 0.0155370 seconds
2012-01-20T09:52:26.881+0000: 2941.259: [GC 2941.259: [ParNew: 27328K->5440K(27328K), 0.0161300 secs] 3220501K->3199634K(4188864K) icms_dc=0 , 0.0162570 secs] [Times: user=0.18 sys=0.00, real=0.02 secs] 
Total time for which application threads were stopped: 0.0167670 seconds
Total time for which application threads were stopped: 0.0002590 seconds
2012-01-20T09:52:28.461+0000: 2942.839: [GC 2942.839: [ParNew: 27328K->5440K(27328K), 0.0155840 secs] 3221522K->3200385K(4188864K) icms_dc=0 , 0.0157100 secs] [Times: user=0.17 sys=0.00, real=0.02 secs] 
Total time for which application threads were stopped: 0.0161270 seconds
2012-01-20T09:52:29.855+0000: 2944.233: [GC 2944.233: [ParNew: 27328K->5440K(27328K), 0.0179410 secs] 3222273K->3201763K(4188864K) icms_dc=0 , 0.0180660 secs] [Times: user=0.20 sys=0.01, real=0.02 secs] 
Total time for which application threads were stopped: 0.0184500 seconds
2012-01-20T09:52:31.366+0000: 2945.744: [GC 2945.744: [ParNew: 27328K->5440K(27328K), 0.0147060 secs] 3223651K->3202252K(4188864K) icms_dc=0 , 0.0148290 secs] [Times: user=0.17 sys=0.00, real=0.01 secs] 
Total time for which application threads were stopped: 0.0152050 seconds
2012-01-20T09:52:32.883+0000: 2947.261: [GC 2947.261: [ParNew: 27328K->5440K(27328K), 0.0170270 secs] 3224140K->3203851K(4188864K) icms_dc=0 , 0.0171510 secs] [Times: user=0.19 sys=0.01, real=0.01 secs] 
Total time for which application threads were stopped: 0.0175170 seconds
2012-01-20T09:52:34.562+0000: 2948.940: [GC 2948.940: [ParNew: 27328K->5440K(27328K), 0.0143360 secs] 3225739K->3204698K(4188864K) icms_dc=0 , 0.0144680 secs] [Times: user=0.16 sys=0.00, real=0.02 secs] 
Total time for which application threads were stopped: 0.0148920 seconds
2012-01-20T09:52:35.942+0000: 2950.320: [GC 2950.320: [ParNew: 27328K->5440K(27328K), 0.0138570 secs] 3226586K->3205396K(4188864K) icms_dc=0 , 0.0139800 secs] [Times: user=0.16 sys=0.00, real=0.02 secs] 
Total time for which application threads were stopped: 0.0143680 seconds
2012-01-20T09:52:37.444+0000: 2951.822: [GC 2951.822: [ParNew: 27328K->5440K(27328K), 0.0143240 secs] 3227284K->3206330K(4188864K) icms_dc=0 , 0.0144480 secs] [Times: user=0.16 sys=0.01, real=0.01 secs] 
Total time for which application threads were stopped: 0.0148700 seconds
Total time for which application threads were stopped: 0.0001480 seconds
2012-01-20T09:52:38.868+0000: 2953.246: [GC 2953.246: [ParNew: 27328K->5014K(27328K), 0.0123380 secs] 3228218K->3205905K(4188864K) icms_dc=0 , 0.0124720 secs] [Times: user=0.15 sys=0.01, real=0.01 secs] 
Total time for which application threads were stopped: 0.0129070 seconds
2012-01-20T09:52:40.239+0000: 2954.617: [GC 2954.617: [ParNew: 26902K->5440K(27328K), 0.0135020 secs] 3227793K->3206801K(4188864K) icms_dc=0 , 0.0136250 secs] [Times: user=0.15 sys=0.01, real=0.02 secs] 
Total time for which application threads were stopped: 0.0139820 seconds
2012-01-20T09:52:41.703+0000: 2956.081: [GC 2956.081: [ParNew: 27328K->5440K(27328K), 0.0144460 secs] 3228689K->3207318K(4188864K) icms_dc=0 , 0.0145730 secs] [Times: user=0.16 sys=0.00, real=0.02 secs] 
Total time for which application threads were stopped: 0.0150220 seconds
2012-01-20T09:52:43.202+0000: 2957.581: [GC 2957.581: [ParNew: 27328K->5440K(27328K), 0.0147640 secs] 3229206K->3208017K(4188864K) icms_dc=0 , 0.0148830 secs] [Times: user=0.17 sys=0.01, real=0.02 secs] 
Total time for which application threads were stopped: 0.0153270 seconds
2012-01-20T09:52:44.787+0000: 2959.165: [GC 2959.165: [ParNew: 27328K->5440K(27328K), 0.0177460 secs] 3229905K->3209310K(4188864K) icms_dc=0 , 0.0178680 secs] [Times: user=0.20 sys=0.01, real=0.02 secs] 
Total time for which application threads were stopped: 0.0182460 seconds
2012-01-20T09:52:46.202+0000: 2960.580: [GC 2960.581: [ParNew: 27328K->5440K(27328K), 0.0141100 secs] 3231198K->3209629K(4188864K) icms_dc=0 , 0.0142310 secs] [Times: user=0.16 sys=0.01, real=0.02 secs] 
Total time for which application threads were stopped: 0.0145830 seconds
Total time for which application threads were stopped: 0.0004960 seconds
2012-01-20T09:52:47.540+0000: 2961.918: [GC 2961.918: [ParNew: 27328K->5440K(27328K), 0.0163100 secs] 3231517K->3210931K(4188864K) icms_dc=0 , 0.0164360 secs] [Times: user=0.17 sys=0.00, real=0.02 secs] 
Total time for which application threads were stopped: 0.0173420 seconds
Total time for which application threads were stopped: 0.0004620 seconds
2012-01-20T09:52:49.225+0000: 2963.603: [GC 2963.603: [ParNew: 27328K->5440K(27328K), 0.0148310 secs] 3232819K->3211057K(4188864K) icms_dc=0 , 0.0149520 secs] [Times: user=0.18 sys=0.01, real=0.01 secs] 
Total time for which application threads were stopped: 0.0154000 seconds
2012-01-20T09:52:50.812+0000: 2965.190: [GC 2965.190: [ParNew: 27328K->5440K(27328K), 0.0150960 secs] 3232945K->3212196K(4188864K) icms_dc=0 , 0.0152210 secs] [Times: user=0.17 sys=0.01, real=0.02 secs] 
Total time for which application threads were stopped: 0.0156070 seconds
2012-01-20T09:52:52.538+0000: 2966.916: [GC 2966.916: [ParNew: 27328K->5440K(27328K), 0.0152870 secs] 3234084K->3213275K(4188864K) icms_dc=0 , 0.0154100 secs] [Times: user=0.16 sys=0.00, real=0.02 secs] 
Total time for which application threads were stopped: 0.0157700 seconds
2012-01-20T09:52:54.169+0000: 2968.547: [GC 2968.547: [ParNew: 27328K->5288K(27328K), 0.0128560 secs] 3235163K->3213124K(4188864K) icms_dc=0 , 0.0129760 secs] [Times: user=0.15 sys=0.00, real=0.01 secs] 
Total time for which application threads were stopped: 0.0133510 seconds
2012-01-20T09:52:55.758+0000: 2970.136: [GC 2970.136: [ParNew: 27176K->5440K(27328K), 0.0134880 secs] 3235012K->3214070K(4188864K) icms_dc=0 , 0.0136090 secs] [Times: user=0.15 sys=0.00, real=0.01 secs] 
Total time for which application threads were stopped: 0.0140720 seconds
2012-01-20T09:52:57.344+0000: 2971.723: [GC 2971.723: [ParNew: 27328K->5180K(27328K), 0.0127080 secs] 3235958K->3213810K(4188864K) icms_dc=0 , 0.0128300 secs] [Times: user=0.16 sys=0.00, real=0.01 secs] 
Total time for which application threads were stopped: 0.0132780 seconds
Total time for which application threads were stopped: 0.0001920 seconds
2012-01-20T09:52:58.734+0000: 2973.112: [GC 2973.112: [ParNew: 27068K->5440K(27328K), 0.0133540 secs] 3235698K->3214549K(4188864K) icms_dc=0 , 0.0134750 secs] [Times: user=0.16 sys=0.00, real=0.01 secs] 
Total time for which application threads were stopped: 0.0138860 seconds
2012-01-20T09:53:00.123+0000: 2974.501: [GC 2974.501: [ParNew: 27328K->4975K(27328K), 0.0131170 secs] 3236437K->3214227K(4188864K) icms_dc=0 , 0.0132370 secs] [Times: user=0.16 sys=0.00, real=0.02 secs] 
Total time for which application threads were stopped: 0.0136230 seconds
2012-01-20T09:53:01.621+0000: 2975.999: [GC 2975.999: [ParNew: 26863K->5440K(27328K), 0.0131570 secs] 3236115K->3214866K(4188864K) icms_dc=0 , 0.0132780 secs] [Times: user=0.16 sys=0.00, real=0.01 secs] 
Total time for which application threads were stopped: 0.0137290 seconds
2012-01-20T09:53:03.076+0000: 2977.454: [GC 2977.454: [ParNew: 27328K->5440K(27328K), 0.0129900 secs] 3236754K->3214962K(4188864K) icms_dc=0 , 0.0131120 secs] [Times: user=0.15 sys=0.00, real=0.01 secs] 
Total time for which application threads were stopped: 0.0134920 seconds
2012-01-20T09:53:04.501+0000: 2978.879: [GC 2978.879: [ParNew: 27328K->5440K(27328K), 0.0130610 secs] 3236850K->3215150K(4188864K) icms_dc=0 , 0.0131930 secs] [Times: user=0.15 sys=0.01, real=0.01 secs] 
Total time for which application threads were stopped: 0.0136040 seconds
2012-01-20T09:53:06.046+0000: 2980.424: [GC 2980.424: [ParNew: 27328K->5440K(27328K), 0.0139680 secs] 3237038K->3215429K(4188864K) icms_dc=0 , 0.0140870 secs] [Times: user=0.16 sys=0.01, real=0.02 secs] 
Total time for which application threads were stopped: 0.0144540 seconds
2012-01-20T09:53:07.461+0000: 2981.839: [GC 2981.839: [ParNew: 27328K->5440K(27328K), 0.0143810 secs] 3237317K->3215916K(4188864K) icms_dc=0 , 0.0145040 secs] [Times: user=0.16 sys=0.00, real=0.01 secs] 
Total time for which application threads were stopped: 0.0149090 seconds
Total time for which application threads were stopped: 0.0001730 seconds
2012-01-20T09:53:08.792+0000: 2983.170: [GC 2983.170: [ParNew: 27328K->5440K(27328K), 0.0152650 secs] 3237804K->3216781K(4188864K) icms_dc=0 , 0.0153910 secs] [Times: user=0.17 sys=0.01, real=0.02 secs] 
Total time for which application threads were stopped: 0.0157640 seconds
2012-01-20T09:53:10.213+0000: 2984.591: [GC 2984.591: [ParNew: 27328K->5440K(27328K), 0.0156540 secs] 3238669K->3217830K(4188864K) icms_dc=0 , 0.0157850 secs] [Times: user=0.18 sys=0.01, real=0.02 secs] 
Total time for which application threads were stopped: 0.0162210 seconds
2012-01-20T09:53:11.935+0000: 2986.313: [GC 2986.313: [ParNew: 27328K->5440K(27328K), 0.0168220 secs] 3239718K->3219287K(4188864K) icms_dc=0 , 0.0169480 secs] [Times: user=0.19 sys=0.01, real=0.02 secs] 
Total time for which application threads were stopped: 0.0173910 seconds
2012-01-20T09:53:13.695+0000: 2988.073: [GC 2988.073: [ParNew: 27328K->5440K(27328K), 0.0143420 secs] 3241175K->3220378K(4188864K) icms_dc=0 , 0.0144660 secs] [Times: user=0.16 sys=0.00, real=0.02 secs] 
Total time for which application threads were stopped: 0.0148220 seconds
2012-01-20T09:53:15.223+0000: 2989.601: [GC 2989.601: [ParNew: 27328K->5440K(27328K), 0.0140290 secs] 3242266K->3220812K(4188864K) icms_dc=0 , 0.0141490 secs] [Times: user=0.16 sys=0.01, real=0.02 secs] 
Total time for which application threads were stopped: 0.0145480 seconds
2012-01-20T09:53:16.776+0000: 2991.154: [GC 2991.154: [ParNew: 27328K->5440K(27328K), 0.0153140 secs] 3242700K->3222132K(4188864K) icms_dc=0 , 0.0154500 secs] [Times: user=0.17 sys=0.00, real=0.02 secs] 
Total time for which application threads were stopped: 0.0158500 seconds
Total time for which application threads were stopped: 0.0002360 seconds
2012-01-20T09:53:18.282+0000: 2992.660: [GC 2992.660: [ParNew: 27328K->5440K(27328K), 0.0136140 secs] 3244020K->3222468K(4188864K) icms_dc=0 , 0.0137360 secs] [Times: user=0.16 sys=0.00, real=0.01 secs] 
Total time for which application threads were stopped: 0.0139900 seconds
2012-01-20T09:53:19.711+0000: 2994.089: [GC 2994.089: [ParNew: 27328K->5440K(27328K), 0.0152800 secs] 3244356K->3223347K(4188864K) icms_dc=0 , 0.0154100 secs] [Times: user=0.18 sys=0.01, real=0.01 secs] 
Total time for which application threads were stopped: 0.0157650 seconds
2012-01-20T09:53:21.104+0000: 2995.482: [GC 2995.482: [ParNew: 27328K->5440K(27328K), 0.0151880 secs] 3245235K->3224244K(4188864K) icms_dc=0 , 0.0153170 secs] [Times: user=0.16 sys=0.00, real=0.02 secs] 
Total time for which application threads were stopped: 0.0156910 seconds
2012-01-20T09:53:22.576+0000: 2996.954: [GC 2996.954: [ParNew: 27328K->5440K(27328K), 0.0148050 secs] 3246132K->3224941K(4188864K) icms_dc=0 , 0.0149330 secs] [Times: user=0.16 sys=0.00, real=0.02 secs] 
Total time for which application threads were stopped: 0.0153020 seconds
2012-01-20T09:53:23.932+0000: 2998.310: [GC 2998.310: [ParNew: 27328K->5440K(27328K), 0.0156150 secs] 3246829K->3226033K(4188864K) icms_dc=0 , 0.0157440 secs] [Times: user=0.17 sys=0.00, real=0.02 secs] 
Total time for which application threads were stopped: 0.0161560 seconds
2012-01-20T09:53:25.432+0000: 2999.810: [GC 2999.810: [ParNew: 27328K->5440K(27328K), 0.0151530 secs] 3247921K->3226934K(4188864K) icms_dc=0 , 0.0152800 secs] [Times: user=0.17 sys=0.00, real=0.02 secs] 
Total time for which application threads were stopped: 0.0156410 seconds
2012-01-20T09:53:27.020+0000: 3001.398: [GC 3001.399: [ParNew: 27328K->5440K(27328K), 0.0141710 secs] 3248822K->3227144K(4188864K) icms_dc=0 , 0.0143000 secs] [Times: user=0.16 sys=0.01, real=0.01 secs] 
Total time for which application threads were stopped: 0.0146990 seconds
Total time for which application threads were stopped: 0.0002410 seconds
2012-01-20T09:53:28.432+0000: 3002.810: [GC 3002.810: [ParNew: 27328K->5440K(27328K), 0.0188510 secs] 3249032K->3228492K(4188864K) icms_dc=0 , 0.0189820 secs] [Times: user=0.21 sys=0.00, real=0.02 secs] 
Total time for which application threads were stopped: 0.0193560 seconds
2012-01-20T09:53:29.953+0000: 3004.331: [GC 3004.331: [ParNew: 27328K->5440K(27328K), 0.0161050 secs] 3250380K->3228575K(4188864K) icms_dc=0 , 0.0162290 secs] [Times: user=0.19 sys=0.00, real=0.02 secs] 
Total time for which application threads were stopped: 0.0165850 seconds
2012-01-20T09:53:31.608+0000: 3005.987: [GC 3005.987: [ParNew: 27328K->5440K(27328K), 0.0162840 secs] 3250463K->3229177K(4188864K) icms_dc=0 , 0.0164100 secs] [Times: user=0.18 sys=0.02, real=0.01 secs] 
Total time for which application threads were stopped: 0.0167600 seconds
2012-01-20T09:53:33.157+0000: 3007.536: [GC 3007.536: [ParNew: 27328K->5440K(27328K), 0.0153360 secs] 3251065K->3229924K(4188864K) icms_dc=0 , 0.0154600 secs] [Times: user=0.17 sys=0.01, real=0.02 secs] 
Total time for which application threads were stopped: 0.0158410 seconds
2012-01-20T09:53:34.492+0000: 3008.870: [GC 3008.871: [ParNew: 27328K->5440K(27328K), 0.0155500 secs] 3251812K->3230695K(4188864K) icms_dc=0 , 0.0156790 secs] [Times: user=0.18 sys=0.01, real=0.01 secs] 
Total time for which application threads were stopped: 0.0160600 seconds
2012-01-20T09:53:36.050+0000: 3010.429: [GC 3010.429: [ParNew: 27328K->5440K(27328K), 0.0171660 secs] 3252583K->3232074K(4188864K) icms_dc=0 , 0.0172940 secs] [Times: user=0.20 sys=0.00, real=0.01 secs] 
Total time for which application threads were stopped: 0.0177410 seconds
2012-01-20T09:53:37.538+0000: 3011.916: [GC 3011.916: [ParNew: 27328K->5440K(27328K), 0.0138640 secs] 3253962K->3232512K(4188864K) icms_dc=0 , 0.0140320 secs] [Times: user=0.16 sys=0.01, real=0.02 secs] 
Total time for which application threads were stopped: 0.0144940 seconds
Total time for which application threads were stopped: 0.0001250 seconds
2012-01-20T09:53:38.961+0000: 3013.339: [GC 3013.339: [ParNew: 27328K->5440K(27328K), 0.0155950 secs] 3254400K->3233788K(4188864K) icms_dc=0 , 0.0157250 secs] [Times: user=0.17 sys=0.00, real=0.01 secs] 
Total time for which application threads were stopped: 0.0160940 seconds
2012-01-20T09:53:40.458+0000: 3014.836: [GC 3014.836: [ParNew: 27328K->5440K(27328K), 0.0169640 secs] 3255676K->3235099K(4188864K) icms_dc=0 , 0.0170920 secs] [Times: user=0.19 sys=0.01, real=0.02 secs] 
Total time for which application threads were stopped: 0.0174850 seconds
2012-01-20T09:53:41.809+0000: 3016.187: [GC 3016.187: [ParNew: 27328K->5440K(27328K), 0.0152460 secs] 3256987K->3236145K(4188864K) icms_dc=0 , 0.0154010 secs] [Times: user=0.17 sys=0.00, real=0.02 secs] 
Total time for which application threads were stopped: 0.0158320 seconds
2012-01-20T09:53:43.112+0000: 3017.490: [GC 3017.490: [ParNew: 27328K->5440K(27328K), 0.0158040 secs] 3258033K->3237358K(4188864K) icms_dc=0 , 0.0159590 secs] [Times: user=0.18 sys=0.00, real=0.01 secs] 
Total time for which application threads were stopped: 0.0163910 seconds
2012-01-20T09:53:44.551+0000: 3018.929: [GC 3018.929: [ParNew: 27328K->5440K(27328K), 0.0166780 secs] 3259246K->3238555K(4188864K) icms_dc=0 , 0.0168310 secs] [Times: user=0.18 sys=0.01, real=0.01 secs] 
Total time for which application threads were stopped: 0.0172030 seconds
2012-01-20T09:53:45.912+0000: 3020.291: [GC 3020.291: [ParNew: 27328K->5440K(27328K), 0.0154810 secs] 3260443K->3239436K(4188864K) icms_dc=0 , 0.0156050 secs] [Times: user=0.18 sys=0.00, real=0.01 secs] 
Total time for which application threads were stopped: 0.0159760 seconds
2012-01-20T09:53:47.386+0000: 3021.764: [GC 3021.764: [ParNew: 27328K->5440K(27328K), 0.0152450 secs] 3261324K->3240450K(4188864K) icms_dc=0 , 0.0153840 secs] [Times: user=0.17 sys=0.00, real=0.02 secs] 
Total time for which application threads were stopped: 0.0158170 seconds
Total time for which application threads were stopped: 0.0002560 seconds
2012-01-20T09:53:48.903+0000: 3023.281: [GC 3023.281: [ParNew: 27328K->5440K(27328K), 0.0184980 secs] 3262338K->3241831K(4188864K) icms_dc=0 , 0.0186580 secs] [Times: user=0.21 sys=0.01, real=0.02 secs] 
Total time for which application threads were stopped: 0.0190430 seconds
2012-01-20T09:53:50.419+0000: 3024.797: [GC 3024.797: [ParNew: 27328K->5440K(27328K), 0.0150350 secs] 3263719K->3242849K(4188864K) icms_dc=0 , 0.0151690 secs] [Times: user=0.16 sys=0.01, real=0.02 secs] 
Total time for which application threads were stopped: 0.0155430 seconds
2012-01-20T09:53:51.887+0000: 3026.265: [GC 3026.265: [ParNew: 27328K->5440K(27328K), 0.0143090 secs] 3264737K->3243541K(4188864K) icms_dc=0 , 0.0144330 secs] [Times: user=0.16 sys=0.01, real=0.02 secs] 
Total time for which application threads were stopped: 0.0149570 seconds
2012-01-20T09:53:53.493+0000: 3027.871: [GC 3027.871: [ParNew: 27328K->5440K(27328K), 0.0161100 secs] 3265429K->3244816K(4188864K) icms_dc=0 , 0.0162390 secs] [Times: user=0.18 sys=0.00, real=0.01 secs] 
Total time for which application threads were stopped: 0.0177440 seconds
2012-01-20T09:53:54.799+0000: 3029.178: [GC 3029.178: [ParNew: 27328K->5440K(27328K), 0.0149350 secs] 3266704K->3245058K(4188864K) icms_dc=0 , 0.0150560 secs] [Times: user=0.18 sys=0.01, real=0.02 secs] 
Total time for which application threads were stopped: 0.0154180 seconds
2012-01-20T09:53:56.260+0000: 3030.638: [GC 3030.638: [ParNew: 27328K->5440K(27328K), 0.0185210 secs] 3266946K->3246466K(4188864K) icms_dc=0 , 0.0186480 secs] [Times: user=0.20 sys=0.01, real=0.02 secs] 
Total time for which application threads were stopped: 0.0190650 seconds
2012-01-20T09:53:57.840+0000: 3032.218: [GC 3032.218: [ParNew: 27328K->5440K(27328K), 0.0171010 secs] 3268354K->3246551K(4188864K) icms_dc=0 , 0.0172420 secs] [Times: user=0.20 sys=0.00, real=0.02 secs] 
Total time for which application threads were stopped: 0.0176380 seconds
Total time for which application threads were stopped: 0.0001850 seconds
2012-01-20T09:53:59.589+0000: 3033.967: [GC 3033.967: [ParNew: 27328K->5440K(27328K), 0.0175160 secs] 3268439K->3247649K(4188864K) icms_dc=0 , 0.0176430 secs] [Times: user=0.19 sys=0.01, real=0.02 secs] 
Total time for which application threads were stopped: 0.0180470 seconds
2012-01-20T09:54:01.256+0000: 3035.635: [GC 3035.635: [ParNew: 27328K->5440K(27328K), 0.0157220 secs] 3269537K->3248683K(4188864K) icms_dc=0 , 0.0158430 secs] [Times: user=0.17 sys=0.01, real=0.02 secs] 
Total time for which application threads were stopped: 0.0162060 seconds
2012-01-20T09:54:02.760+0000: 3037.139: [GC 3037.139: [ParNew: 27328K->5440K(27328K), 0.0150520 secs] 3270571K->3249607K(4188864K) icms_dc=0 , 0.0151750 secs] [Times: user=0.16 sys=0.01, real=0.02 secs] 
Total time for which application threads were stopped: 0.0155380 seconds
2012-01-20T09:54:04.209+0000: 3038.587: [GC 3038.588: [ParNew: 27328K->5440K(27328K), 0.0159170 secs] 3271495K->3250673K(4188864K) icms_dc=0 , 0.0160500 secs] [Times: user=0.17 sys=0.01, real=0.02 secs] 
Total time for which application threads were stopped: 0.0164870 seconds
2012-01-20T09:54:05.530+0000: 3039.908: [GC 3039.908: [ParNew: 27328K->5440K(27328K), 0.0155920 secs] 3272561K->3252032K(4188864K) icms_dc=0 , 0.0157340 secs] [Times: user=0.18 sys=0.00, real=0.02 secs] 
Total time for which application threads were stopped: 0.0161450 seconds
2012-01-20T09:54:06.843+0000: 3041.221: [GC 3041.221: [ParNew: 27328K->5440K(27328K), 0.0134430 secs] 3273920K->3252294K(4188864K) icms_dc=0 , 0.0135700 secs] [Times: user=0.16 sys=0.01, real=0.01 secs] 
Total time for which application threads were stopped: 0.0140870 seconds
Total time for which application threads were stopped: 0.0002710 seconds
2012-01-20T09:54:08.453+0000: 3042.831: [GC 3042.831: [ParNew: 27328K->5440K(27328K), 0.0156410 secs] 3274182K->3253795K(4188864K) icms_dc=0 , 0.0157730 secs] [Times: user=0.17 sys=0.00, real=0.01 secs] 
Total time for which application threads were stopped: 0.0160330 seconds
2012-01-20T09:54:09.920+0000: 3044.299: [GC 3044.299: [ParNew: 27328K->5440K(27328K), 0.0136180 secs] 3275683K->3253895K(4188864K) icms_dc=0 , 0.0137430 secs] [Times: user=0.16 sys=0.00, real=0.02 secs] 
Total time for which application threads were stopped: 0.0141880 seconds
2012-01-20T09:54:11.323+0000: 3045.701: [GC 3045.701: [ParNew: 27328K->5440K(27328K), 0.0156760 secs] 3275783K->3254957K(4188864K) icms_dc=0 , 0.0158000 secs] [Times: user=0.18 sys=0.01, real=0.01 secs] 
Total time for which application threads were stopped: 0.0161790 seconds
2012-01-20T09:54:12.848+0000: 3047.226: [GC 3047.226: [ParNew: 27328K->5440K(27328K), 0.0145820 secs] 3276845K->3255366K(4188864K) icms_dc=0 , 0.0147120 secs] [Times: user=0.17 sys=0.00, real=0.01 secs] 
Total time for which application threads were stopped: 0.0150870 seconds
2012-01-20T09:54:14.498+0000: 3048.876: [GC 3048.876: [ParNew: 27328K->5440K(27328K), 0.0150010 secs] 3277254K->3255975K(4188864K) icms_dc=0 , 0.0151290 secs] [Times: user=0.17 sys=0.00, real=0.02 secs] 
Total time for which application threads were stopped: 0.0154890 seconds
2012-01-20T09:54:16.049+0000: 3050.427: [GC 3050.427: [ParNew: 27328K->5440K(27328K), 0.0164850 secs] 3277863K->3257214K(4188864K) icms_dc=0 , 0.0166130 secs] [Times: user=0.18 sys=0.01, real=0.02 secs] 
Total time for which application threads were stopped: 0.0170590 seconds
2012-01-20T09:54:17.643+0000: 3052.021: [GC 3052.021: [ParNew: 27328K->5440K(27328K), 0.0139250 secs] 3279102K->3257800K(4188864K) icms_dc=0 , 0.0140530 secs] [Times: user=0.15 sys=0.00, real=0.02 secs] 
Total time for which application threads were stopped: 0.0144260 seconds
Total time for which application threads were stopped: 0.0004280 seconds
Total time for which application threads were stopped: 0.0001130 seconds
2012-01-20T09:54:19.145+0000: 3053.524: [GC 3053.524: [ParNew: 27328K->5440K(27328K), 0.0172660 secs] 3279688K->3259034K(4188864K) icms_dc=0 , 0.0174450 secs] [Times: user=0.20 sys=0.01, real=0.01 secs] 
Total time for which application threads were stopped: 0.0179980 seconds
2012-01-20T09:54:20.613+0000: 3054.991: [GC 3054.991: [ParNew: 27328K->5440K(27328K), 0.0151580 secs] 3280922K->3260259K(4188864K) icms_dc=0 , 0.0152840 secs] [Times: user=0.16 sys=0.01, real=0.02 secs] 
Total time for which application threads were stopped: 0.0157380 seconds
2012-01-20T09:54:22.103+0000: 3056.481: [GC 3056.481: [ParNew: 27328K->5440K(27328K), 0.0149470 secs] 3282147K->3260596K(4188864K) icms_dc=0 , 0.0150730 secs] [Times: user=0.17 sys=0.00, real=0.02 secs] 
Total time for which application threads were stopped: 0.0154790 seconds
2012-01-20T09:54:23.567+0000: 3057.945: [GC 3057.945: [ParNew: 27328K->5440K(27328K), 0.0151810 secs] 3282484K->3261967K(4188864K) icms_dc=0 , 0.0153110 secs] [Times: user=0.16 sys=0.01, real=0.01 secs] 
Total time for which application threads were stopped: 0.0156900 seconds
2012-01-20T09:54:24.945+0000: 3059.323: [GC 3059.324: [ParNew: 27328K->5440K(27328K), 0.0130490 secs] 3283855K->3262120K(4188864K) icms_dc=0 , 0.0131630 secs] [Times: user=0.15 sys=0.00, real=0.01 secs] 
Total time for which application threads were stopped: 0.0135770 seconds
2012-01-20T09:54:26.318+0000: 3060.696: [GC 3060.696: [ParNew: 27328K->5440K(27328K), 0.0166520 secs] 3284008K->3263380K(4188864K) icms_dc=0 , 0.0167660 secs] [Times: user=0.18 sys=0.01, real=0.02 secs] 
Total time for which application threads were stopped: 0.0171250 seconds
2012-01-20T09:54:27.607+0000: 3061.985: [GC 3061.985: [ParNew: 27328K->5440K(27328K), 0.0134550 secs] 3285268K->3263695K(4188864K) icms_dc=0 , 0.0135820 secs] [Times: user=0.16 sys=0.00, real=0.01 secs] 
Total time for which application threads were stopped: 0.0139700 seconds
Total time for which application threads were stopped: 0.0001970 seconds
2012-01-20T09:54:29.176+0000: 3063.554: [GC 3063.554: [ParNew: 27328K->5440K(27328K), 0.0152330 secs] 3285583K->3264575K(4188864K) icms_dc=0 , 0.0153600 secs] [Times: user=0.17 sys=0.01, real=0.01 secs] 
Total time for which application threads were stopped: 0.0157390 seconds
2012-01-20T09:54:30.508+0000: 3064.886: [GC 3064.886: [ParNew: 27328K->5440K(27328K), 0.0175070 secs] 3286463K->3265305K(4188864K) icms_dc=0 , 0.0176350 secs] [Times: user=0.21 sys=0.00, real=0.02 secs] 
Total time for which application threads were stopped: 0.0180560 seconds
2012-01-20T09:54:31.984+0000: 3066.362: [GC 3066.362: [ParNew: 27328K->5440K(27328K), 0.0163910 secs] 3287193K->3266815K(4188864K) icms_dc=0 , 0.0165240 secs] [Times: user=0.17 sys=0.01, real=0.02 secs] 
Total time for which application threads were stopped: 0.0169260 seconds
2012-01-20T09:54:33.555+0000: 3067.933: [GC 3067.933: [ParNew: 27328K->5440K(27328K), 0.0153200 secs] 3288703K->3267869K(4188864K) icms_dc=0 , 0.0154490 secs] [Times: user=0.17 sys=0.01, real=0.02 secs] 
Total time for which application threads were stopped: 0.0158340 seconds
2012-01-20T09:54:35.022+0000: 3069.400: [GC 3069.400: [ParNew: 27328K->5440K(27328K), 0.0164280 secs] 3289757K->3268830K(4188864K) icms_dc=0 , 0.0165620 secs] [Times: user=0.19 sys=0.01, real=0.02 secs] 
Total time for which application threads were stopped: 0.0170040 seconds
2012-01-20T09:54:36.718+0000: 3071.096: [GC 3071.096: [ParNew: 27328K->5440K(27328K), 0.0151280 secs] 3290718K->3270082K(4188864K) icms_dc=0 , 0.0152550 secs] [Times: user=0.16 sys=0.01, real=0.01 secs] 
Total time for which application threads were stopped: 0.0156490 seconds
Total time for which application threads were stopped: 0.0002500 seconds
2012-01-20T09:54:38.281+0000: 3072.659: [GC 3072.659: [ParNew: 27328K->5440K(27328K), 0.0133560 secs] 3291970K->3270290K(4188864K) icms_dc=0 , 0.0134780 secs] [Times: user=0.16 sys=0.00, real=0.01 secs] 
Total time for which application threads were stopped: 0.0137270 seconds
2012-01-20T09:54:39.847+0000: 3074.225: [GC 3074.225: [ParNew: 27328K->5440K(27328K), 0.0161680 secs] 3292178K->3271673K(4188864K) icms_dc=0 , 0.0163050 secs] [Times: user=0.18 sys=0.00, real=0.01 secs] 
Total time for which application threads were stopped: 0.0167210 seconds
2012-01-20T09:54:41.161+0000: 3075.540: [GC 3075.540: [ParNew: 27328K->5440K(27328K), 0.0162350 secs] 3293561K->3272642K(4188864K) icms_dc=0 , 0.0163630 secs] [Times: user=0.19 sys=0.00, real=0.02 secs] 
Total time for which application threads were stopped: 0.0168040 seconds
2012-01-20T09:54:42.560+0000: 3076.938: [GC 3076.938: [ParNew: 27328K->5440K(27328K), 0.0146650 secs] 3294530K->3273456K(4188864K) icms_dc=0 , 0.0147940 secs] [Times: user=0.16 sys=0.01, real=0.01 secs] 
Total time for which application threads were stopped: 0.0152280 seconds
2012-01-20T09:54:43.882+0000: 3078.260: [GC 3078.261: [ParNew: 27328K->5440K(27328K), 0.0151180 secs] 3295344K->3274350K(4188864K) icms_dc=0 , 0.0152480 secs] [Times: user=0.18 sys=0.01, real=0.02 secs] 
Total time for which application threads were stopped: 0.0156570 seconds
2012-01-20T09:54:45.553+0000: 3079.931: [GC 3079.931: [ParNew: 27328K->5440K(27328K), 0.0129600 secs] 3296238K->3274594K(4188864K) icms_dc=0 , 0.0130860 secs] [Times: user=0.15 sys=0.00, real=0.01 secs] 
Total time for which application threads were stopped: 0.0135340 seconds
2012-01-20T09:54:46.972+0000: 3081.350: [GC 3081.350: [ParNew: 27328K->5440K(27328K), 0.0158500 secs] 3296482K->3275459K(4188864K) icms_dc=0 , 0.0159800 secs] [Times: user=0.18 sys=0.00, real=0.02 secs] 
Total time for which application threads were stopped: 0.0163600 seconds
Total time for which application threads were stopped: 0.0004170 seconds
Total time for which application threads were stopped: 0.0002830 seconds
2012-01-20T09:54:48.420+0000: 3082.799: [GC 3082.799: [ParNew: 27328K->5440K(27328K), 0.0145580 secs] 3297347K->3276284K(4188864K) icms_dc=0 , 0.0146890 secs] [Times: user=0.16 sys=0.01, real=0.01 secs] 
Total time for which application threads were stopped: 0.0149730 seconds
2012-01-20T09:54:50.063+0000: 3084.441: [GC 3084.441: [ParNew: 27328K->5440K(27328K), 0.0150950 secs] 3298172K->3277129K(4188864K) icms_dc=0 , 0.0152190 secs] [Times: user=0.17 sys=0.00, real=0.02 secs] 
Total time for which application threads were stopped: 0.0155600 seconds
2012-01-20T09:54:51.469+0000: 3085.847: [GC 3085.847: [ParNew: 27328K->5440K(27328K), 0.0158590 secs] 3299017K->3277829K(4188864K) icms_dc=0 , 0.0159860 secs] [Times: user=0.18 sys=0.00, real=0.01 secs] 
Total time for which application threads were stopped: 0.0163920 seconds
2012-01-20T09:54:52.905+0000: 3087.283: [GC 3087.283: [ParNew: 27328K->5440K(27328K), 0.0176650 secs] 3299717K->3279316K(4188864K) icms_dc=0 , 0.0177950 secs] [Times: user=0.19 sys=0.00, real=0.02 secs] 
Total time for which application threads were stopped: 0.0181580 seconds
2012-01-20T09:54:54.351+0000: 3088.729: [GC 3088.729: [ParNew: 27328K->5440K(27328K), 0.0130900 secs] 3301204K->3279430K(4188864K) icms_dc=0 , 0.0132110 secs] [Times: user=0.15 sys=0.01, real=0.01 secs] 
Total time for which application threads were stopped: 0.0136200 seconds
2012-01-20T09:54:55.972+0000: 3090.350: [GC 3090.351: [ParNew: 27328K->5440K(27328K), 0.0155320 secs] 3301318K->3280707K(4188864K) icms_dc=0 , 0.0156570 secs] [Times: user=0.17 sys=0.00, real=0.02 secs] 
Total time for which application threads were stopped: 0.0160050 seconds
2012-01-20T09:54:57.571+0000: 3091.949: [GC 3091.949: [ParNew: 27328K->5440K(27328K), 0.0139700 secs] 3302595K->3280768K(4188864K) icms_dc=0 , 0.0140960 secs] [Times: user=0.15 sys=0.01, real=0.01 secs] 
Total time for which application threads were stopped: 0.0145060 seconds
Total time for which application threads were stopped: 0.0002470 seconds
2012-01-20T09:54:58.893+0000: 3093.271: [GC 3093.271: [ParNew: 27328K->5440K(27328K), 0.0143230 secs] 3302656K->3281092K(4188864K) icms_dc=0 , 0.0144810 secs] [Times: user=0.14 sys=0.00, real=0.01 secs] 
Total time for which application threads were stopped: 0.0148490 seconds
2012-01-20T09:55:00.164+0000: 3094.542: [GC 3094.542: [ParNew: 27328K->5440K(27328K), 0.0150200 secs] 3302980K->3281395K(4188864K) icms_dc=0 , 0.0151450 secs] [Times: user=0.16 sys=0.00, real=0.02 secs] 
Total time for which application threads were stopped: 0.0155570 seconds
2012-01-20T09:55:01.774+0000: 3096.152: [GC 3096.152: [ParNew: 27328K->5440K(27328K), 0.0147900 secs] 3303283K->3282108K(4188864K) icms_dc=0 , 0.0149170 secs] [Times: user=0.17 sys=0.01, real=0.02 secs] 
Total time for which application threads were stopped: 0.0153510 seconds
2012-01-20T09:55:03.359+0000: 3097.737: [GC 3097.737: [ParNew: 27328K->5440K(27328K), 0.0142000 secs] 3303996K->3282581K(4188864K) icms_dc=0 , 0.0143230 secs] [Times: user=0.17 sys=0.00, real=0.01 secs] 
Total time for which application threads were stopped: 0.0147290 seconds
2012-01-20T09:55:04.732+0000: 3099.110: [GC 3099.110: [ParNew: 27328K->5440K(27328K), 0.0152530 secs] 3304469K->3283527K(4188864K) icms_dc=0 , 0.0153800 secs] [Times: user=0.17 sys=0.00, real=0.01 secs] 
Total time for which application threads were stopped: 0.0157980 seconds
2012-01-20T09:55:06.066+0000: 3100.444: [GC 3100.444: [ParNew: 27328K->5440K(27328K), 0.0149120 secs] 3305415K->3284433K(4188864K) icms_dc=0 , 0.0150330 secs] [Times: user=0.17 sys=0.00, real=0.02 secs] 
Total time for which application threads were stopped: 0.0154550 seconds
2012-01-20T09:55:07.320+0000: 3101.698: [GC 3101.698: [ParNew: 27328K->5440K(27328K), 0.0180360 secs] 3306321K->3285926K(4188864K) icms_dc=0 , 0.0181630 secs] [Times: user=0.19 sys=0.00, real=0.01 secs] 
Total time for which application threads were stopped: 0.0185400 seconds
Total time for which application threads were stopped: 0.0002550 seconds
2012-01-20T09:55:08.722+0000: 3103.100: [GC 3103.100: [ParNew: 27328K->5440K(27328K), 0.0138330 secs] 3307814K->3286334K(4188864K) icms_dc=0 , 0.0139600 secs] [Times: user=0.16 sys=0.00, real=0.01 secs] 
Total time for which application threads were stopped: 0.0143180 seconds
2012-01-20T09:55:09.998+0000: 3104.376: [GC 3104.376: [ParNew: 27328K->5440K(27328K), 0.0153140 secs] 3308222K->3287644K(4188864K) icms_dc=0 , 0.0154430 secs] [Times: user=0.17 sys=0.00, real=0.02 secs] 
Total time for which application threads were stopped: 0.0158140 seconds
2012-01-20T09:55:11.545+0000: 3105.923: [GC 3105.923: [ParNew: 27328K->5440K(27328K), 0.0140980 secs] 3309532K->3288374K(4188864K) icms_dc=0 , 0.0142200 secs] [Times: user=0.16 sys=0.00, real=0.01 secs] 
Total time for which application threads were stopped: 0.0145820 seconds
2012-01-20T09:55:13.142+0000: 3107.521: [GC 3107.521: [ParNew: 27328K->5440K(27328K), 0.0144470 secs] 3310262K->3289182K(4188864K) icms_dc=0 , 0.0145750 secs] [Times: user=0.17 sys=0.00, real=0.01 secs] 
Total time for which application threads were stopped: 0.0149670 seconds
2012-01-20T09:55:14.648+0000: 3109.026: [GC 3109.026: [ParNew: 27328K->5440K(27328K), 0.0145530 secs] 3311070K->3290078K(4188864K) icms_dc=0 , 0.0146770 secs] [Times: user=0.17 sys=0.01, real=0.02 secs] 
Total time for which application threads were stopped: 0.0150370 seconds
2012-01-20T09:55:16.225+0000: 3110.603: [GC 3110.604: [ParNew: 27328K->5440K(27328K), 0.0149650 secs] 3311966K->3290956K(4188864K) icms_dc=0 , 0.0150880 secs] [Times: user=0.16 sys=0.01, real=0.02 secs] 
Total time for which application threads were stopped: 0.0154530 seconds
2012-01-20T09:55:17.757+0000: 3112.135: [GC 3112.135: [ParNew: 27328K->5440K(27328K), 0.0163610 secs] 3312844K->3291801K(4188864K) icms_dc=0 , 0.0164870 secs] [Times: user=0.19 sys=0.01, real=0.02 secs] 
Total time for which application threads were stopped: 0.0168700 seconds
Total time for which application threads were stopped: 0.0002040 seconds
2012-01-20T09:55:19.139+0000: 3113.517: [GC 3113.517: [ParNew: 27328K->5440K(27328K), 0.0157130 secs] 3313689K->3292758K(4188864K) icms_dc=0 , 0.0158410 secs] [Times: user=0.18 sys=0.01, real=0.02 secs] 
Total time for which application threads were stopped: 0.0162090 seconds
2012-01-20T09:55:20.732+0000: 3115.110: [GC 3115.110: [ParNew: 27328K->5440K(27328K), 0.0151490 secs] 3314646K->3293447K(4188864K) icms_dc=0 , 0.0152800 secs] [Times: user=0.17 sys=0.00, real=0.01 secs] 
Total time for which application threads were stopped: 0.0156460 seconds
2012-01-20T09:55:22.191+0000: 3116.569: [GC 3116.569: [ParNew: 27328K->5440K(27328K), 0.0167650 secs] 3315335K->3294541K(4188864K) icms_dc=0 , 0.0168920 secs] [Times: user=0.19 sys=0.00, real=0.01 secs] 
Total time for which application threads were stopped: 0.0184980 seconds
2012-01-20T09:55:23.630+0000: 3118.008: [GC 3118.008: [ParNew: 27328K->5440K(27328K), 0.0163000 secs] 3316429K->3295460K(4188864K) icms_dc=0 , 0.0164290 secs] [Times: user=0.18 sys=0.00, real=0.02 secs] 
Total time for which application threads were stopped: 0.0167980 seconds
2012-01-20T09:55:25.250+0000: 3119.628: [GC 3119.628: [ParNew: 27328K->5440K(27328K), 0.0148520 secs] 3317348K->3296503K(4188864K) icms_dc=0 , 0.0149820 secs] [Times: user=0.17 sys=0.00, real=0.02 secs] 
Total time for which application threads were stopped: 0.0153530 seconds
2012-01-20T09:55:27.030+0000: 3121.408: [GC 3121.408: [ParNew: 27328K->5440K(27328K), 0.0149720 secs] 3318391K->3297482K(4188864K) icms_dc=0 , 0.0150960 secs] [Times: user=0.16 sys=0.01, real=0.02 secs] 
Total time for which application threads were stopped: 0.0155680 seconds
Total time for which application threads were stopped: 0.0002460 seconds
2012-01-20T09:55:28.486+0000: 3122.864: [GC 3122.864: [ParNew: 27328K->5440K(27328K), 0.0145100 secs] 3319370K->3298265K(4188864K) icms_dc=0 , 0.0146360 secs] [Times: user=0.17 sys=0.00, real=0.01 secs] 
Total time for which application threads were stopped: 0.0149560 seconds
2012-01-20T09:55:29.895+0000: 3124.273: [GC 3124.273: [ParNew: 27328K->5440K(27328K), 0.0153450 secs] 3320153K->3299083K(4188864K) icms_dc=0 , 0.0154700 secs] [Times: user=0.18 sys=0.01, real=0.01 secs] 
Total time for which application threads were stopped: 0.0158450 seconds
2012-01-20T09:55:31.409+0000: 3125.787: [GC 3125.787: [ParNew: 27328K->5440K(27328K), 0.0160600 secs] 3320971K->3300340K(4188864K) icms_dc=0 , 0.0161910 secs] [Times: user=0.18 sys=0.01, real=0.02 secs] 
Total time for which application threads were stopped: 0.0165470 seconds
2012-01-20T09:55:33.371+0000: 3127.749: [GC 3127.749: [ParNew: 27328K->5440K(27328K), 0.0176350 secs] 3322228K->3301244K(4188864K) icms_dc=0 , 0.0177600 secs] [Times: user=0.19 sys=0.00, real=0.02 secs] 
Total time for which application threads were stopped: 0.0181270 seconds
2012-01-20T09:55:35.047+0000: 3129.426: [GC 3129.426: [ParNew: 27328K->5440K(27328K), 0.0164490 secs] 3323132K->3301943K(4188864K) icms_dc=0 , 0.0165710 secs] [Times: user=0.19 sys=0.01, real=0.02 secs] 
Total time for which application threads were stopped: 0.0169500 seconds
2012-01-20T09:55:36.442+0000: 3130.820: [GC 3130.820: [ParNew: 27328K->5440K(27328K), 0.0151620 secs] 3323831K->3303142K(4188864K) icms_dc=0 , 0.0152900 secs] [Times: user=0.17 sys=0.01, real=0.01 secs] 
Total time for which application threads were stopped: 0.0156620 seconds
2012-01-20T09:55:37.765+0000: 3132.143: [GC 3132.143: [ParNew: 27328K->5440K(27328K), 0.0146110 secs] 3325030K->3303921K(4188864K) icms_dc=0 , 0.0147380 secs] [Times: user=0.17 sys=0.00, real=0.01 secs] 
Total time for which application threads were stopped: 0.0151010 seconds
Total time for which application threads were stopped: 0.0001940 seconds
2012-01-20T09:55:39.368+0000: 3133.746: [GC 3133.746: [ParNew: 27328K->5440K(27328K), 0.0143330 secs] 3325809K->3304594K(4188864K) icms_dc=0 , 0.0144620 secs] [Times: user=0.16 sys=0.00, real=0.01 secs] 
Total time for which application threads were stopped: 0.0148210 seconds
2012-01-20T09:55:40.690+0000: 3135.068: [GC 3135.068: [ParNew: 27328K->5440K(27328K), 0.0153790 secs] 3326482K->3305504K(4188864K) icms_dc=0 , 0.0155040 secs] [Times: user=0.18 sys=0.00, real=0.02 secs] 
Total time for which application threads were stopped: 0.0158770 seconds
2012-01-20T09:55:42.004+0000: 3136.382: [GC 3136.382: [ParNew: 27328K->5440K(27328K), 0.0162960 secs] 3327392K->3306945K(4188864K) icms_dc=0 , 0.0164200 secs] [Times: user=0.18 sys=0.00, real=0.01 secs] 
Total time for which application threads were stopped: 0.0168590 seconds
2012-01-20T09:55:43.206+0000: 3137.585: [GC 3137.585: [ParNew: 27328K->5440K(27328K), 0.0170770 secs] 3328833K->3308092K(4188864K) icms_dc=0 , 0.0172030 secs] [Times: user=0.19 sys=0.01, real=0.02 secs] 
Total time for which application threads were stopped: 0.0175980 seconds
2012-01-20T09:55:44.685+0000: 3139.064: [GC 3139.064: [ParNew: 27328K->5440K(27328K), 0.0144440 secs] 3329980K->3308264K(4188864K) icms_dc=0 , 0.0145670 secs] [Times: user=0.17 sys=0.00, real=0.01 secs] 
Total time for which application threads were stopped: 0.0149930 seconds
2012-01-20T09:55:46.207+0000: 3140.585: [GC 3140.585: [ParNew: 27328K->5440K(27328K), 0.0179150 secs] 3330152K->3309628K(4188864K) icms_dc=0 , 0.0180390 secs] [Times: user=0.19 sys=0.01, real=0.02 secs] 
Total time for which application threads were stopped: 0.0184880 seconds
2012-01-20T09:55:47.792+0000: 3142.171: [GC 3142.171: [ParNew: 27328K->5440K(27328K), 0.0140100 secs] 3331516K->3309839K(4188864K) icms_dc=0 , 0.0141320 secs] [Times: user=0.17 sys=0.00, real=0.02 secs] 
Total time for which application threads were stopped: 0.0144870 seconds
Total time for which application threads were stopped: 0.0001330 seconds
2012-01-20T09:55:49.410+0000: 3143.788: [GC 3143.788: [ParNew: 27328K->5440K(27328K), 0.0149080 secs] 3331727K->3310619K(4188864K) icms_dc=0 , 0.0150340 secs] [Times: user=0.16 sys=0.01, real=0.02 secs] 
Total time for which application threads were stopped: 0.0153950 seconds
2012-01-20T09:55:50.818+0000: 3145.196: [GC 3145.196: [ParNew: 27328K->5440K(27328K), 0.0145470 secs] 3332507K->3311207K(4188864K) icms_dc=0 , 0.0146760 secs] [Times: user=0.17 sys=0.01, real=0.01 secs] 
Total time for which application threads were stopped: 0.0151200 seconds
2012-01-20T09:55:52.338+0000: 3146.716: [GC 3146.716: [ParNew: 27328K->5440K(27328K), 0.0161520 secs] 3333095K->3311863K(4188864K) icms_dc=0 , 0.0162760 secs] [Times: user=0.18 sys=0.01, real=0.01 secs] 
Total time for which application threads were stopped: 0.0166380 seconds
2012-01-20T09:55:53.810+0000: 3148.188: [GC 3148.188: [ParNew: 27328K->5440K(27328K), 0.0147480 secs] 3333751K->3312719K(4188864K) icms_dc=0 , 0.0148750 secs] [Times: user=0.16 sys=0.00, real=0.02 secs] 
Total time for which application threads were stopped: 0.0152490 seconds
2012-01-20T09:55:55.385+0000: 3149.763: [GC 3149.763: [ParNew: 27328K->5440K(27328K), 0.0155880 secs] 3334607K->3313682K(4188864K) icms_dc=0 , 0.0157160 secs] [Times: user=0.16 sys=0.00, real=0.01 secs] 
Total time for which application threads were stopped: 0.0161200 seconds
2012-01-20T09:55:56.835+0000: 3151.214: [GC 3151.214: [ParNew: 27328K->5440K(27328K), 0.0155530 secs] 3335570K->3315028K(4188864K) icms_dc=0 , 0.0156780 secs] [Times: user=0.17 sys=0.01, real=0.01 secs] 
Total time for which application threads were stopped: 0.0160510 seconds
2012-01-20T09:55:58.271+0000: 3152.649: [GC 3152.649: [ParNew: 27328K->5440K(27328K), 0.0193660 secs] 3336916K->3315206K(4188864K) icms_dc=0 , 0.0194930 secs] [Times: user=0.24 sys=0.01, real=0.02 secs] 
Total time for which application threads were stopped: 0.0198990 seconds
Total time for which application threads were stopped: 0.0001240 seconds
2012-01-20T09:55:59.619+0000: 3153.997: [GC 3153.997: [ParNew: 27328K->5440K(27328K), 0.0153950 secs] 3337094K->3316078K(4188864K) icms_dc=0 , 0.0155280 secs] [Times: user=0.17 sys=0.00, real=0.02 secs] 
Total time for which application threads were stopped: 0.0159220 seconds
2012-01-20T09:56:01.219+0000: 3155.597: [GC 3155.597: [ParNew: 27328K->5440K(27328K), 0.0142130 secs] 3337966K->3316939K(4188864K) icms_dc=0 , 0.0143370 secs] [Times: user=0.16 sys=0.01, real=0.01 secs] 
Total time for which application threads were stopped: 0.0147630 seconds
2012-01-20T09:56:02.633+0000: 3157.011: [GC 3157.011: [ParNew: 27328K->5210K(27328K), 0.0134610 secs] 3338827K->3317004K(4188864K) icms_dc=0 , 0.0135850 secs] [Times: user=0.15 sys=0.00, real=0.02 secs] 
Total time for which application threads were stopped: 0.0139990 seconds
2012-01-20T09:56:04.090+0000: 3158.468: [GC 3158.468: [ParNew: 27098K->5440K(27328K), 0.0129730 secs] 3338892K->3317365K(4188864K) icms_dc=0 , 0.0131490 secs] [Times: user=0.15 sys=0.00, real=0.01 secs] 
Total time for which application threads were stopped: 0.0134970 seconds
2012-01-20T09:56:05.669+0000: 3160.047: [GC 3160.047: [ParNew: 27328K->5440K(27328K), 0.0135700 secs] 3339253K->3317761K(4188864K) icms_dc=0 , 0.0136970 secs] [Times: user=0.16 sys=0.01, real=0.01 secs] 
Total time for which application threads were stopped: 0.0140970 seconds
2012-01-20T09:56:07.088+0000: 3161.466: [GC 3161.466: [ParNew: 27328K->5440K(27328K), 0.0155840 secs] 3339649K->3318213K(4188864K) icms_dc=0 , 0.0157070 secs] [Times: user=0.17 sys=0.01, real=0.01 secs] 
Total time for which application threads were stopped: 0.0161430 seconds
Total time for which application threads were stopped: 0.0002460 seconds
2012-01-20T09:56:08.498+0000: 3162.876: [GC 3162.876: [ParNew: 27328K->5440K(27328K), 0.0140590 secs] 3340101K->3318512K(4188864K) icms_dc=0 , 0.0141840 secs] [Times: user=0.17 sys=0.00, real=0.01 secs] 
Total time for which application threads were stopped: 0.0144050 seconds
2012-01-20T09:56:09.891+0000: 3164.269: [GC 3164.269: [ParNew: 27328K->5440K(27328K), 0.0160190 secs] 3340400K->3319313K(4188864K) icms_dc=0 , 0.0161440 secs] [Times: user=0.18 sys=0.01, real=0.02 secs] 
Total time for which application threads were stopped: 0.0165350 seconds
2012-01-20T09:56:11.448+0000: 3165.826: [GC 3165.826: [ParNew: 27328K->5440K(27328K), 0.0180510 secs] 3341201K->3320216K(4188864K) icms_dc=0 , 0.0181990 secs] [Times: user=0.20 sys=0.01, real=0.02 secs] 
Total time for which application threads were stopped: 0.0185660 seconds
2012-01-20T09:56:12.992+0000: 3167.370: [GC 3167.370: [ParNew: 27328K->5440K(27328K), 0.0135860 secs] 3342104K->3320644K(4188864K) icms_dc=0 , 0.0137110 secs] [Times: user=0.15 sys=0.00, real=0.01 secs] 
Total time for which application threads were stopped: 0.0140920 seconds
2012-01-20T09:56:14.726+0000: 3169.104: [GC 3169.104: [ParNew: 27328K->5440K(27328K), 0.0159430 secs] 3342532K->3322028K(4188864K) icms_dc=0 , 0.0160670 secs] [Times: user=0.18 sys=0.00, real=0.02 secs] 
Total time for which application threads were stopped: 0.0164760 seconds
2012-01-20T09:56:16.425+0000: 3170.803: [GC 3170.803: [ParNew: 27328K->5440K(27328K), 0.0146120 secs] 3343916K->3323256K(4188864K) icms_dc=0 , 0.0147420 secs] [Times: user=0.17 sys=0.00, real=0.02 secs] 
Total time for which application threads were stopped: 0.0151080 seconds
2012-01-20T09:56:17.917+0000: 3172.295: [GC 3172.295: [ParNew: 27328K->5440K(27328K), 0.0130060 secs] 3345144K->3323437K(4188864K) icms_dc=0 , 0.0131300 secs] [Times: user=0.15 sys=0.00, real=0.01 secs] 
Total time for which application threads were stopped: 0.0134970 seconds
Total time for which application threads were stopped: 0.0001240 seconds
2012-01-20T09:56:19.287+0000: 3173.665: [GC 3173.665: [ParNew: 27328K->5440K(27328K), 0.0157570 secs] 3345325K->3324753K(4188864K) icms_dc=0 , 0.0158860 secs] [Times: user=0.17 sys=0.00, real=0.01 secs] 
Total time for which application threads were stopped: 0.0162950 seconds
2012-01-20T09:56:20.737+0000: 3175.115: [GC 3175.115: [ParNew: 27328K->5440K(27328K), 0.0130660 secs] 3346641K->3324773K(4188864K) icms_dc=0 , 0.0131920 secs] [Times: user=0.16 sys=0.00, real=0.01 secs] 
Total time for which application threads were stopped: 0.0135670 seconds
2012-01-20T09:56:22.198+0000: 3176.576: [GC 3176.576: [ParNew: 27328K->5440K(27328K), 0.0143550 secs] 3346661K->3325593K(4188864K) icms_dc=0 , 0.0144790 secs] [Times: user=0.16 sys=0.00, real=0.01 secs] 
Total time for which application threads were stopped: 0.0148400 seconds
2012-01-20T09:56:23.632+0000: 3178.010: [GC 3178.010: [ParNew: 27328K->5440K(27328K), 0.0130790 secs] 3347481K->3325661K(4188864K) icms_dc=0 , 0.0132010 secs] [Times: user=0.16 sys=0.00, real=0.01 secs] 
Total time for which application threads were stopped: 0.0135440 seconds
2012-01-20T09:56:25.053+0000: 3179.431: [GC 3179.431: [ParNew: 27328K->5440K(27328K), 0.0143560 secs] 3347549K->3326374K(4188864K) icms_dc=0 , 0.0144880 secs] [Times: user=0.15 sys=0.00, real=0.02 secs] 
Total time for which application threads were stopped: 0.0148530 seconds
2012-01-20T09:56:26.589+0000: 3180.967: [GC 3180.967: [ParNew: 27328K->5440K(27328K), 0.0125350 secs] 3348262K->3326397K(4188864K) icms_dc=0 , 0.0126580 secs] [Times: user=0.15 sys=0.01, real=0.01 secs] 
Total time for which application threads were stopped: 0.0130640 seconds
2012-01-20T09:56:28.025+0000: 3182.403: [GC 3182.403: [ParNew: 27328K->5440K(27328K), 0.0139610 secs] 3348285K->3327088K(4188864K) icms_dc=0 , 0.0140860 secs] [Times: user=0.15 sys=0.01, real=0.02 secs] 
Total time for which application threads were stopped: 0.0144500 seconds
Total time for which application threads were stopped: 0.0003460 seconds
2012-01-20T09:56:29.486+0000: 3183.864: [GC 3183.864: [ParNew: 27328K->5440K(27328K), 0.0171140 secs] 3348976K->3327580K(4188864K) icms_dc=0 , 0.0172420 secs] [Times: user=0.20 sys=0.01, real=0.02 secs] 
Total time for which application threads were stopped: 0.0176050 seconds
2012-01-20T09:56:31.115+0000: 3185.493: [GC 3185.493: [ParNew: 27328K->5440K(27328K), 0.0149590 secs] 3349468K->3328472K(4188864K) icms_dc=0 , 0.0150860 secs] [Times: user=0.17 sys=0.00, real=0.02 secs] 
Total time for which application threads were stopped: 0.0154350 seconds
2012-01-20T09:56:32.469+0000: 3186.847: [GC 3186.847: [ParNew: 27328K->5440K(27328K), 0.0155820 secs] 3350360K->3329353K(4188864K) icms_dc=0 , 0.0157050 secs] [Times: user=0.18 sys=0.00, real=0.01 secs] 
Total time for which application threads were stopped: 0.0160610 seconds
2012-01-20T09:56:33.862+0000: 3188.240: [GC 3188.240: [ParNew: 27328K->5440K(27328K), 0.0172830 secs] 3351241K->3330099K(4188864K) icms_dc=0 , 0.0174130 secs] [Times: user=0.20 sys=0.01, real=0.02 secs] 
Total time for which application threads were stopped: 0.0177920 seconds
2012-01-20T09:56:35.303+0000: 3189.682: [GC 3189.682: [ParNew: 27328K->5440K(27328K), 0.0142760 secs] 3351987K->3330457K(4188864K) icms_dc=0 , 0.0144030 secs] [Times: user=0.17 sys=0.01, real=0.01 secs] 
Total time for which application threads were stopped: 0.0148220 seconds
2012-01-20T09:56:36.646+0000: 3191.024: [GC 3191.024: [ParNew: 27328K->5440K(27328K), 0.0158830 secs] 3352345K->3331381K(4188864K) icms_dc=0 , 0.0160070 secs] [Times: user=0.17 sys=0.01, real=0.02 secs] 
Total time for which application threads were stopped: 0.0163660 seconds
2012-01-20T09:56:38.194+0000: 3192.572: [GC 3192.573: [ParNew: 27328K->5440K(27328K), 0.0145760 secs] 3353269K->3332038K(4188864K) icms_dc=0 , 0.0147050 secs] [Times: user=0.17 sys=0.00, real=0.02 secs] 
Total time for which application threads were stopped: 0.0150560 seconds
Total time for which application threads were stopped: 0.0001310 seconds
2012-01-20T09:56:39.808+0000: 3194.186: [GC 3194.186: [ParNew: 27328K->5440K(27328K), 0.0143770 secs] 3353926K->3332689K(4188864K) icms_dc=0 , 0.0145040 secs] [Times: user=0.15 sys=0.00, real=0.02 secs] 
Total time for which application threads were stopped: 0.0149210 seconds
2012-01-20T09:56:41.294+0000: 3195.672: [GC 3195.672: [ParNew: 27328K->5440K(27328K), 0.0149790 secs] 3354577K->3333561K(4188864K) icms_dc=0 , 0.0151140 secs] [Times: user=0.17 sys=0.00, real=0.02 secs] 
Total time for which application threads were stopped: 0.0155380 seconds
2012-01-20T09:56:43.009+0000: 3197.387: [GC 3197.387: [ParNew: 27328K->5440K(27328K), 0.0167090 secs] 3355449K->3334673K(4188864K) icms_dc=0 , 0.0168340 secs] [Times: user=0.19 sys=0.00, real=0.02 secs] 
Total time for which application threads were stopped: 0.0171950 seconds
2012-01-20T09:56:44.588+0000: 3198.966: [GC 3198.967: [ParNew: 27328K->5440K(27328K), 0.0147630 secs] 3356561K->3335637K(4188864K) icms_dc=0 , 0.0148850 secs] [Times: user=0.17 sys=0.00, real=0.02 secs] 
Total time for which application threads were stopped: 0.0153010 seconds
2012-01-20T09:56:46.002+0000: 3200.380: [GC 3200.380: [ParNew: 27328K->5440K(27328K), 0.0152770 secs] 3357525K->3336100K(4188864K) icms_dc=0 , 0.0154000 secs] [Times: user=0.18 sys=0.01, real=0.01 secs] 
Total time for which application threads were stopped: 0.0157850 seconds
2012-01-20T09:56:47.191+0000: 3201.569: [GC 3201.569: [ParNew: 27328K->5440K(27328K), 0.0157360 secs] 3357988K->3337510K(4188864K) icms_dc=0 , 0.0158690 secs] [Times: user=0.17 sys=0.00, real=0.01 secs] 
Total time for which application threads were stopped: 0.0163390 seconds
Total time for which application threads were stopped: 0.0004190 seconds
Total time for which application threads were stopped: 0.0002770 seconds
2012-01-20T09:56:48.733+0000: 3203.111: [GC 3203.111: [ParNew: 27328K->5440K(27328K), 0.0154480 secs] 3359398K->3338958K(4188864K) icms_dc=0 , 0.0155820 secs] [Times: user=0.17 sys=0.00, real=0.01 secs] 
Total time for which application threads were stopped: 0.0159010 seconds
2012-01-20T09:56:50.424+0000: 3204.802: [GC 3204.802: [ParNew: 27328K->5440K(27328K), 0.0145240 secs] 3360846K->3340161K(4188864K) icms_dc=0 , 0.0146520 secs] [Times: user=0.16 sys=0.00, real=0.01 secs] 
Total time for which application threads were stopped: 0.0150150 seconds
2012-01-20T09:56:51.919+0000: 3206.297: [GC 3206.297: [ParNew: 27328K->5440K(27328K), 0.0178650 secs] 3362049K->3341606K(4188864K) icms_dc=0 , 0.0179970 secs] [Times: user=0.19 sys=0.01, real=0.02 secs] 
Total time for which application threads were stopped: 0.0183850 seconds
2012-01-20T09:56:53.241+0000: 3207.619: [GC 3207.620: [ParNew: 27328K->5440K(27328K), 0.0137190 secs] 3363494K->3341779K(4188864K) icms_dc=0 , 0.0138420 secs] [Times: user=0.17 sys=0.01, real=0.01 secs] 
Total time for which application threads were stopped: 0.0142000 seconds
2012-01-20T09:56:54.471+0000: 3208.849: [GC 3208.849: [ParNew: 27328K->5440K(27328K), 0.0157450 secs] 3363667K->3342989K(4188864K) icms_dc=0 , 0.0158690 secs] [Times: user=0.17 sys=0.01, real=0.01 secs] 
Total time for which application threads were stopped: 0.0162340 seconds
2012-01-20T09:56:56.005+0000: 3210.383: [GC 3210.383: [ParNew: 27328K->5440K(27328K), 0.0136450 secs] 3364877K->3343176K(4188864K) icms_dc=0 , 0.0137690 secs] [Times: user=0.16 sys=0.01, real=0.01 secs] 
Total time for which application threads were stopped: 0.0141210 seconds
2012-01-20T09:56:57.625+0000: 3212.003: [GC 3212.003: [ParNew: 27328K->5440K(27328K), 0.0148310 secs] 3365064K->3343876K(4188864K) icms_dc=0 , 0.0149500 secs] [Times: user=0.16 sys=0.01, real=0.01 secs] 
Total time for which application threads were stopped: 0.0153510 seconds
Total time for which application threads were stopped: 0.0002930 seconds
2012-01-20T09:56:59.098+0000: 3213.476: [GC 3213.476: [ParNew: 27328K->5440K(27328K), 0.0160570 secs] 3365764K->3344974K(4188864K) icms_dc=0 , 0.0161810 secs] [Times: user=0.18 sys=0.01, real=0.02 secs] 
Total time for which application threads were stopped: 0.0165410 seconds
2012-01-20T09:57:00.610+0000: 3214.988: [GC 3214.988: [ParNew: 27328K->5440K(27328K), 0.0147450 secs] 3366862K->3345635K(4188864K) icms_dc=0 , 0.0148700 secs] [Times: user=0.17 sys=0.01, real=0.02 secs] 
Total time for which application threads were stopped: 0.0152500 seconds
2012-01-20T09:57:02.161+0000: 3216.539: [GC 3216.539: [ParNew: 27328K->5440K(27328K), 0.0151460 secs] 3367523K->3346548K(4188864K) icms_dc=0 , 0.0152690 secs] [Times: user=0.16 sys=0.01, real=0.01 secs] 
Total time for which application threads were stopped: 0.0156520 seconds
2012-01-20T09:57:03.478+0000: 3217.856: [GC 3217.856: [ParNew: 27328K->5440K(27328K), 0.0138650 secs] 3368436K->3346871K(4188864K) icms_dc=0 , 0.0139850 secs] [Times: user=0.16 sys=0.01, real=0.02 secs] 
Total time for which application threads were stopped: 0.0143980 seconds
2012-01-20T09:57:04.773+0000: 3219.151: [GC 3219.151: [ParNew: 27328K->5440K(27328K), 0.0162440 secs] 3368759K->3347772K(4188864K) icms_dc=0 , 0.0163660 secs] [Times: user=0.18 sys=0.01, real=0.01 secs] 
Total time for which application threads were stopped: 0.0167290 seconds
2012-01-20T09:57:06.255+0000: 3220.633: [GC 3220.633: [ParNew: 27328K->5440K(27328K), 0.0164350 secs] 3369660K->3348605K(4188864K) icms_dc=0 , 0.0165570 secs] [Times: user=0.18 sys=0.01, real=0.01 secs] 
Total time for which application threads were stopped: 0.0169010 seconds
2012-01-20T09:57:07.707+0000: 3222.085: [GC 3222.085: [ParNew: 27328K->5440K(27328K), 0.0149600 secs] 3370493K->3349553K(4188864K) icms_dc=0 , 0.0150840 secs] [Times: user=0.17 sys=0.01, real=0.02 secs] 
Total time for which application threads were stopped: 0.0155200 seconds
Total time for which application threads were stopped: 0.0002440 seconds
2012-01-20T09:57:09.123+0000: 3223.501: [GC 3223.501: [ParNew: 27328K->5440K(27328K), 0.0153320 secs] 3371441K->3350559K(4188864K) icms_dc=0 , 0.0154590 secs] [Times: user=0.17 sys=0.00, real=0.01 secs] 
Total time for which application threads were stopped: 0.0158880 seconds
2012-01-20T09:57:10.629+0000: 3225.007: [GC 3225.007: [ParNew: 27328K->5440K(27328K), 0.0155280 secs] 3372447K->3351511K(4188864K) icms_dc=0 , 0.0156550 secs] [Times: user=0.17 sys=0.01, real=0.02 secs] 
Total time for which application threads were stopped: 0.0160550 seconds
2012-01-20T09:57:12.153+0000: 3226.531: [GC 3226.531: [ParNew: 27328K->5440K(27328K), 0.0163320 secs] 3373399K->3352483K(4188864K) icms_dc=0 , 0.0164560 secs] [Times: user=0.18 sys=0.01, real=0.01 secs] 
Total time for which application threads were stopped: 0.0168150 seconds
2012-01-20T09:57:13.610+0000: 3227.988: [GC 3227.988: [ParNew: 27328K->5440K(27328K), 0.0146610 secs] 3374371K->3353358K(4188864K) icms_dc=0 , 0.0147820 secs] [Times: user=0.16 sys=0.01, real=0.02 secs] 
Total time for which application threads were stopped: 0.0151370 seconds
2012-01-20T09:57:15.200+0000: 3229.578: [GC 3229.578: [ParNew: 27328K->5440K(27328K), 0.0154100 secs] 3375246K->3354494K(4188864K) icms_dc=0 , 0.0155330 secs] [Times: user=0.16 sys=0.01, real=0.02 secs] 
Total time for which application threads were stopped: 0.0159140 seconds
2012-01-20T09:57:16.735+0000: 3231.113: [GC 3231.113: [ParNew: 27328K->5440K(27328K), 0.0156220 secs] 3376382K->3355568K(4188864K) icms_dc=0 , 0.0157450 secs] [Times: user=0.16 sys=0.01, real=0.01 secs] 
Total time for which application threads were stopped: 0.0161570 seconds
2012-01-20T09:57:18.109+0000: 3232.487: [GC 3232.487: [ParNew: 27328K->5440K(27328K), 0.0149700 secs] 3377456K->3356617K(4188864K) icms_dc=0 , 0.0150950 secs] [Times: user=0.16 sys=0.00, real=0.02 secs] 
Total time for which application threads were stopped: 0.0155240 seconds
Total time for which application threads were stopped: 0.0001300 seconds
2012-01-20T09:57:19.704+0000: 3234.082: [GC 3234.082: [ParNew: 27328K->5440K(27328K), 0.0128930 secs] 3378505K->3356693K(4188864K) icms_dc=0 , 0.0130150 secs] [Times: user=0.15 sys=0.00, real=0.01 secs] 
Total time for which application threads were stopped: 0.0133690 seconds
2012-01-20T09:57:21.091+0000: 3235.469: [GC 3235.469: [ParNew: 27328K->5440K(27328K), 0.0154810 secs] 3378581K->3357769K(4188864K) icms_dc=0 , 0.0156140 secs] [Times: user=0.17 sys=0.01, real=0.02 secs] 
Total time for which application threads were stopped: 0.0159930 seconds
2012-01-20T09:57:22.576+0000: 3236.954: [GC 3236.954: [ParNew: 27328K->5440K(27328K), 0.0129250 secs] 3379657K->3357797K(4188864K) icms_dc=0 , 0.0130460 secs] [Times: user=0.15 sys=0.01, real=0.01 secs] 
Total time for which application threads were stopped: 0.0134060 seconds
2012-01-20T09:57:23.995+0000: 3238.373: [GC 3238.373: [ParNew: 27328K->5440K(27328K), 0.0142630 secs] 3379685K->3358512K(4188864K) icms_dc=0 , 0.0143880 secs] [Times: user=0.16 sys=0.00, real=0.01 secs] 
Total time for which application threads were stopped: 0.0147610 seconds
2012-01-20T09:57:25.501+0000: 3239.880: [GC 3239.880: [ParNew: 27328K->5440K(27328K), 0.0137660 secs] 3380400K->3358914K(4188864K) icms_dc=0 , 0.0138880 secs] [Times: user=0.16 sys=0.00, real=0.02 secs] 
Total time for which application threads were stopped: 0.0143320 seconds
2012-01-20T09:57:27.049+0000: 3241.427: [GC 3241.427: [ParNew: 27328K->5440K(27328K), 0.0168750 secs] 3380802K->3359976K(4188864K) icms_dc=0 , 0.0170000 secs] [Times: user=0.18 sys=0.00, real=0.02 secs] 
Total time for which application threads were stopped: 0.0174260 seconds
2012-01-20T09:57:28.548+0000: 3242.926: [GC 3242.926: [ParNew: 27328K->5440K(27328K), 0.0148420 secs] 3381864K->3360762K(4188864K) icms_dc=0 , 0.0149680 secs] [Times: user=0.16 sys=0.00, real=0.01 secs] 
Total time for which application threads were stopped: 0.0153880 seconds
Total time for which application threads were stopped: 0.0002600 seconds
2012-01-20T09:57:29.955+0000: 3244.333: [GC 3244.334: [ParNew: 27328K->5440K(27328K), 0.0170630 secs] 3382650K->3362493K(4188864K) icms_dc=0 , 0.0171920 secs] [Times: user=0.18 sys=0.01, real=0.01 secs] 
Total time for which application threads were stopped: 0.0175700 seconds
2012-01-20T09:57:31.315+0000: 3245.693: [GC 3245.693: [ParNew: 27328K->5440K(27328K), 0.0161100 secs] 3384381K->3363694K(4188864K) icms_dc=0 , 0.0162380 secs] [Times: user=0.18 sys=0.01, real=0.01 secs] 
Total time for which application threads were stopped: 0.0166050 seconds
2012-01-20T09:57:32.766+0000: 3247.144: [GC 3247.144: [ParNew: 27328K->5440K(27328K), 0.0152740 secs] 3385582K->3364751K(4188864K) icms_dc=0 , 0.0153980 secs] [Times: user=0.18 sys=0.00, real=0.01 secs] 
Total time for which application threads were stopped: 0.0157540 seconds
2012-01-20T09:57:34.382+0000: 3248.761: [GC 3248.761: [ParNew: 27328K->5440K(27328K), 0.0161530 secs] 3386639K->3365469K(4188864K) icms_dc=0 , 0.0162780 secs] [Times: user=0.19 sys=0.00, real=0.02 secs] 
Total time for which application threads were stopped: 0.0166400 seconds
2012-01-20T09:57:35.797+0000: 3250.175: [GC 3250.175: [ParNew: 27328K->5440K(27328K), 0.0160150 secs] 3387357K->3366251K(4188864K) icms_dc=0 , 0.0161410 secs] [Times: user=0.18 sys=0.00, real=0.01 secs] 
Total time for which application threads were stopped: 0.0165260 seconds
2012-01-20T09:57:37.227+0000: 3251.605: [GC 3251.605: [ParNew: 27328K->5440K(27328K), 0.0131290 secs] 3388139K->3366383K(4188864K) icms_dc=0 , 0.0132500 secs] [Times: user=0.16 sys=0.00, real=0.01 secs] 
Total time for which application threads were stopped: 0.0136580 seconds
2012-01-20T09:57:38.787+0000: 3253.165: [GC 3253.165: [ParNew: 27328K->5440K(27328K), 0.0150070 secs] 3388271K->3367416K(4188864K) icms_dc=0 , 0.0151300 secs] [Times: user=0.17 sys=0.00, real=0.01 secs] 
Total time for which application threads were stopped: 0.0154760 seconds
Total time for which application threads were stopped: 0.0001820 seconds
2012-01-20T09:57:40.302+0000: 3254.680: [GC 3254.680: [ParNew: 27328K->5440K(27328K), 0.0143500 secs] 3389304K->3368243K(4188864K) icms_dc=0 , 0.0144760 secs] [Times: user=0.16 sys=0.01, real=0.02 secs] 
Total time for which application threads were stopped: 0.0148300 seconds
2012-01-20T09:57:41.906+0000: 3256.284: [GC 3256.285: [ParNew: 27328K->5440K(27328K), 0.0145170 secs] 3390131K->3368919K(4188864K) icms_dc=0 , 0.0146400 secs] [Times: user=0.17 sys=0.00, real=0.01 secs] 
Total time for which application threads were stopped: 0.0150060 seconds
2012-01-20T09:57:43.303+0000: 3257.681: [GC 3257.681: [ParNew: 27328K->5440K(27328K), 0.0161210 secs] 3390807K->3369988K(4188864K) icms_dc=0 , 0.0162460 secs] [Times: user=0.17 sys=0.00, real=0.02 secs] 
Total time for which application threads were stopped: 0.0166490 seconds
2012-01-20T09:57:44.944+0000: 3259.322: [GC 3259.322: [ParNew: 27328K->5440K(27328K), 0.0142760 secs] 3391876K->3370722K(4188864K) icms_dc=0 , 0.0144020 secs] [Times: user=0.16 sys=0.01, real=0.02 secs] 
Total time for which application threads were stopped: 0.0147620 seconds
2012-01-20T09:57:46.513+0000: 3260.891: [GC 3260.891: [ParNew: 27328K->5440K(27328K), 0.0149210 secs] 3392610K->3371746K(4188864K) icms_dc=0 , 0.0150490 secs] [Times: user=0.17 sys=0.00, real=0.02 secs] 
Total time for which application threads were stopped: 0.0154650 seconds
2012-01-20T09:57:47.969+0000: 3262.347: [GC 3262.347: [ParNew: 27328K->5440K(27328K), 0.0144710 secs] 3393634K->3372650K(4188864K) icms_dc=0 , 0.0145940 secs] [Times: user=0.16 sys=0.00, real=0.01 secs] 
Total time for which application threads were stopped: 0.0149470 seconds
Total time for which application threads were stopped: 0.0003090 seconds
2012-01-20T09:57:49.413+0000: 3263.791: [GC 3263.791: [ParNew: 27328K->5440K(27328K), 0.0152590 secs] 3394538K->3373664K(4188864K) icms_dc=0 , 0.0153880 secs] [Times: user=0.17 sys=0.00, real=0.02 secs] 
Total time for which application threads were stopped: 0.0157090 seconds
2012-01-20T09:57:50.859+0000: 3265.237: [GC 3265.237: [ParNew: 27328K->5440K(27328K), 0.0145490 secs] 3395552K->3374531K(4188864K) icms_dc=0 , 0.0146760 secs] [Times: user=0.17 sys=0.00, real=0.01 secs] 
Total time for which application threads were stopped: 0.0150920 seconds
2012-01-20T09:57:52.602+0000: 3266.980: [GC 3266.980: [ParNew: 27328K->5440K(27328K), 0.0151180 secs] 3396419K->3375530K(4188864K) icms_dc=0 , 0.0152400 secs] [Times: user=0.17 sys=0.00, real=0.01 secs] 
Total time for which application threads were stopped: 0.0156120 seconds
2012-01-20T09:57:53.951+0000: 3268.329: [GC 3268.329: [ParNew: 27328K->5440K(27328K), 0.0154340 secs] 3397418K->3376767K(4188864K) icms_dc=0 , 0.0155610 secs] [Times: user=0.16 sys=0.00, real=0.01 secs] 
Total time for which application threads were stopped: 0.0159160 seconds
2012-01-20T09:57:55.319+0000: 3269.697: [GC 3269.697: [ParNew: 27328K->5440K(27328K), 0.0140140 secs] 3398655K->3376945K(4188864K) icms_dc=0 , 0.0141340 secs] [Times: user=0.17 sys=0.01, real=0.01 secs] 
Total time for which application threads were stopped: 0.0145060 seconds
2012-01-20T09:57:56.776+0000: 3271.154: [GC 3271.154: [ParNew: 27328K->5440K(27328K), 0.0154460 secs] 3398833K->3378200K(4188864K) icms_dc=0 , 0.0155820 secs] [Times: user=0.17 sys=0.01, real=0.02 secs] 
Total time for which application threads were stopped: 0.0160010 seconds
2012-01-20T09:57:58.069+0000: 3272.447: [GC 3272.447: [ParNew: 27328K->5440K(27328K), 0.0148410 secs] 3400088K->3379019K(4188864K) icms_dc=0 , 0.0149660 secs] [Times: user=0.17 sys=0.01, real=0.01 secs] 
Total time for which application threads were stopped: 0.0153980 seconds
Total time for which application threads were stopped: 0.0023280 seconds
Total time for which application threads were stopped: 0.0000750 seconds
2012-01-20T09:57:59.433+0000: 3273.811: [GC 3273.811: [ParNew: 27328K->5440K(27328K), 0.0137870 secs] 3400907K->3379160K(4188864K) icms_dc=0 , 0.0139140 secs] [Times: user=0.17 sys=0.00, real=0.01 secs] 
Total time for which application threads were stopped: 0.0141910 seconds
2012-01-20T09:58:01.025+0000: 3275.403: [GC 3275.403: [ParNew: 27328K->5440K(27328K), 0.0154790 secs] 3401048K->3380149K(4188864K) icms_dc=0 , 0.0156060 secs] [Times: user=0.17 sys=0.01, real=0.02 secs] 
Total time for which application threads were stopped: 0.0160080 seconds
2012-01-20T09:58:02.699+0000: 3277.077: [GC 3277.077: [ParNew: 27328K->5440K(27328K), 0.0142340 secs] 3402037K->3380887K(4188864K) icms_dc=0 , 0.0143570 secs] [Times: user=0.16 sys=0.01, real=0.01 secs] 
Total time for which application threads were stopped: 0.0147640 seconds
2012-01-20T09:58:04.349+0000: 3278.727: [GC 3278.727: [ParNew: 27328K->5440K(27328K), 0.0152460 secs] 3402775K->3381089K(4188864K) icms_dc=0 , 0.0153660 secs] [Times: user=0.19 sys=0.00, real=0.01 secs] 
Total time for which application threads were stopped: 0.0157480 seconds
2012-01-20T09:58:05.881+0000: 3280.259: [GC 3280.259: [ParNew: 27328K->5440K(27328K), 0.0178210 secs] 3402977K->3381878K(4188864K) icms_dc=0 , 0.0179440 secs] [Times: user=0.21 sys=0.00, real=0.02 secs] 
Total time for which application threads were stopped: 0.0183170 seconds
2012-01-20T09:58:07.786+0000: 3282.164: [GC 3282.164: [ParNew: 27328K->5440K(27328K), 0.0147480 secs] 3403766K->3382773K(4188864K) icms_dc=0 , 0.0148730 secs] [Times: user=0.16 sys=0.00, real=0.02 secs] 
Total time for which application threads were stopped: 0.0152940 seconds
Total time for which application threads were stopped: 0.0003080 seconds
2012-01-20T09:58:09.258+0000: 3283.636: [GC 3283.636: [ParNew: 27328K->5440K(27328K), 0.0147490 secs] 3404661K->3383407K(4188864K) icms_dc=0 , 0.0148730 secs] [Times: user=0.17 sys=0.01, real=0.02 secs] 
Total time for which application threads were stopped: 0.0151350 seconds
2012-01-20T09:58:10.690+0000: 3285.068: [GC 3285.068: [ParNew: 27328K->5440K(27328K), 0.0143740 secs] 3405295K->3384427K(4188864K) icms_dc=0 , 0.0145020 secs] [Times: user=0.16 sys=0.01, real=0.01 secs] 
Total time for which application threads were stopped: 0.0149650 seconds
2012-01-20T09:58:12.084+0000: 3286.462: [GC 3286.462: [ParNew: 27328K->5440K(27328K), 0.0149610 secs] 3406315K->3385371K(4188864K) icms_dc=0 , 0.0150870 secs] [Times: user=0.17 sys=0.00, real=0.01 secs] 
Total time for which application threads were stopped: 0.0154570 seconds
2012-01-20T09:58:13.442+0000: 3287.820: [GC 3287.820: [ParNew: 27328K->5440K(27328K), 0.0153820 secs] 3407259K->3386454K(4188864K) icms_dc=0 , 0.0155070 secs] [Times: user=0.17 sys=0.01, real=0.01 secs] 
Total time for which application threads were stopped: 0.0159120 seconds
2012-01-20T09:58:14.922+0000: 3289.300: [GC 3289.300: [ParNew: 27328K->5440K(27328K), 0.0131840 secs] 3408342K->3386615K(4188864K) icms_dc=0 , 0.0133060 secs] [Times: user=0.16 sys=0.00, real=0.01 secs] 
Total time for which application threads were stopped: 0.0136690 seconds
2012-01-20T09:58:16.477+0000: 3290.855: [GC 3290.855: [ParNew: 27328K->5438K(27328K), 0.0145150 secs] 3408503K->3387675K(4188864K) icms_dc=0 , 0.0146450 secs] [Times: user=0.16 sys=0.00, real=0.02 secs] 
Total time for which application threads were stopped: 0.0150530 seconds
2012-01-20T09:58:17.982+0000: 3292.360: [GC 3292.360: [ParNew: 27326K->5440K(27328K), 0.0153600 secs] 3409563K->3388679K(4188864K) icms_dc=0 , 0.0154840 secs] [Times: user=0.18 sys=0.00, real=0.01 secs] 
Total time for which application threads were stopped: 0.0158460 seconds
Total time for which application threads were stopped: 0.0002540 seconds
2012-01-20T09:58:19.348+0000: 3293.726: [GC 3293.726: [ParNew: 27328K->5440K(27328K), 0.0137270 secs] 3410567K->3389096K(4188864K) icms_dc=0 , 0.0138470 secs] [Times: user=0.16 sys=0.00, real=0.02 secs] 
Total time for which application threads were stopped: 0.0140790 seconds
2012-01-20T09:58:20.918+0000: 3295.297: [GC 3295.297: [ParNew: 27328K->5440K(27328K), 0.0159520 secs] 3410984K->3390340K(4188864K) icms_dc=0 , 0.0160850 secs] [Times: user=0.18 sys=0.00, real=0.02 secs] 
Total time for which application threads were stopped: 0.0164360 seconds
2012-01-20T09:58:22.450+0000: 3296.828: [GC 3296.828: [ParNew: 27328K->5440K(27328K), 0.0146840 secs] 3412228K->3391278K(4188864K) icms_dc=0 , 0.0148090 secs] [Times: user=0.17 sys=0.01, real=0.02 secs] 
Total time for which application threads were stopped: 0.0152430 seconds
2012-01-20T09:58:23.873+0000: 3298.251: [GC 3298.251: [ParNew: 27328K->5440K(27328K), 0.0173980 secs] 3413166K->3392233K(4188864K) icms_dc=0 , 0.0175230 secs] [Times: user=0.21 sys=0.00, real=0.02 secs] 
Total time for which application threads were stopped: 0.0179250 seconds
2012-01-20T09:58:25.131+0000: 3299.509: [GC 3299.509: [ParNew: 27328K->5440K(27328K), 0.0164180 secs] 3414121K->3393191K(4188864K) icms_dc=0 , 0.0165470 secs] [Times: user=0.18 sys=0.01, real=0.01 secs] 
Total time for which application threads were stopped: 0.0169560 seconds
2012-01-20T09:58:26.454+0000: 3300.833: [GC 3300.833: [ParNew: 27328K->5440K(27328K), 0.0148150 secs] 3415079K->3394071K(4188864K) icms_dc=0 , 0.0149380 secs] [Times: user=0.17 sys=0.01, real=0.01 secs] 
Total time for which application threads were stopped: 0.0153150 seconds
2012-01-20T09:58:27.957+0000: 3302.335: [GC 3302.336: [ParNew: 27328K->5440K(27328K), 0.0146310 secs] 3415959K->3395071K(4188864K) icms_dc=0 , 0.0147580 secs] [Times: user=0.16 sys=0.00, real=0.02 secs] 
Total time for which application threads were stopped: 0.0151390 seconds
Total time for which application threads were stopped: 0.0002560 seconds
2012-01-20T09:58:29.488+0000: 3303.866: [GC 3303.866: [ParNew: 27328K->5440K(27328K), 0.0142850 secs] 3416959K->3395683K(4188864K) icms_dc=0 , 0.0144090 secs] [Times: user=0.16 sys=0.01, real=0.02 secs] 
Total time for which application threads were stopped: 0.0147090 seconds
2012-01-20T09:58:30.836+0000: 3305.214: [GC 3305.214: [ParNew: 27328K->5440K(27328K), 0.0149870 secs] 3417571K->3396558K(4188864K) icms_dc=0 , 0.0151140 secs] [Times: user=0.17 sys=0.00, real=0.01 secs] 
Total time for which application threads were stopped: 0.0155260 seconds
2012-01-20T09:58:32.127+0000: 3306.505: [GC 3306.505: [ParNew: 27328K->5440K(27328K), 0.0131680 secs] 3418446K->3396669K(4188864K) icms_dc=0 , 0.0132920 secs] [Times: user=0.16 sys=0.00, real=0.01 secs] 
Total time for which application threads were stopped: 0.0137370 seconds
2012-01-20T09:58:33.604+0000: 3307.983: [GC 3307.983: [ParNew: 27328K->5440K(27328K), 0.0156660 secs] 3418557K->3397867K(4188864K) icms_dc=0 , 0.0157900 secs] [Times: user=0.17 sys=0.01, real=0.01 secs] 
Total time for which application threads were stopped: 0.0161540 seconds
2012-01-20T09:58:35.094+0000: 3309.472: [GC 3309.472: [ParNew: 27328K->5440K(27328K), 0.0159370 secs] 3419755K->3398833K(4188864K) icms_dc=0 , 0.0160650 secs] [Times: user=0.19 sys=0.00, real=0.01 secs] 
Total time for which application threads were stopped: 0.0164410 seconds
2012-01-20T09:58:36.489+0000: 3310.867: [GC 3310.867: [ParNew: 27328K->5440K(27328K), 0.0137610 secs] 3420721K->3399470K(4188864K) icms_dc=0 , 0.0138870 secs] [Times: user=0.15 sys=0.00, real=0.02 secs] 
Total time for which application threads were stopped: 0.0142740 seconds
2012-01-20T09:58:37.807+0000: 3312.185: [GC 3312.185: [ParNew: 27328K->5440K(27328K), 0.0142100 secs] 3421358K->3400190K(4188864K) icms_dc=0 , 0.0143330 secs] [Times: user=0.16 sys=0.00, real=0.01 secs] 
Total time for which application threads were stopped: 0.0147100 seconds
2012-01-20T09:58:39.082+0000: 3313.460: [GC 3313.461: [ParNew: 27328K->5440K(27328K), 0.0130610 secs] 3422078K->3400214K(4188864K) icms_dc=0 , 0.0131790 secs] [Times: user=0.15 sys=0.00, real=0.01 secs] 
Total time for which application threads were stopped: 0.0135310 seconds
Total time for which application threads were stopped: 0.0001270 seconds
2012-01-20T09:58:40.533+0000: 3314.911: [GC 3314.912: [ParNew: 27328K->5440K(27328K), 0.0157020 secs] 3422102K->3401246K(4188864K) icms_dc=0 , 0.0158280 secs] [Times: user=0.18 sys=0.00, real=0.01 secs] 
Total time for which application threads were stopped: 0.0162490 seconds
2012-01-20T09:58:42.026+0000: 3316.404: [GC 3316.404: [ParNew: 27328K->5440K(27328K), 0.0143590 secs] 3423134K->3402089K(4188864K) icms_dc=0 , 0.0144890 secs] [Times: user=0.16 sys=0.00, real=0.01 secs] 
Total time for which application threads were stopped: 0.0148600 seconds
2012-01-20T09:58:43.573+0000: 3317.951: [GC 3317.951: [ParNew: 27328K->5440K(27328K), 0.0139480 secs] 3423977K->3402550K(4188864K) icms_dc=0 , 0.0140690 secs] [Times: user=0.16 sys=0.00, real=0.02 secs] 
Total time for which application threads were stopped: 0.0144710 seconds
2012-01-20T09:58:44.939+0000: 3319.317: [GC 3319.317: [ParNew: 27328K->5440K(27328K), 0.0141140 secs] 3424438K->3403070K(4188864K) icms_dc=0 , 0.0142400 secs] [Times: user=0.16 sys=0.00, real=0.02 secs] 
Total time for which application threads were stopped: 0.0146700 seconds
2012-01-20T09:58:46.419+0000: 3320.797: [GC 3320.797: [ParNew: 27328K->5440K(27328K), 0.0164630 secs] 3424958K->3404145K(4188864K) icms_dc=0 , 0.0165900 secs] [Times: user=0.18 sys=0.01, real=0.02 secs] 
Total time for which application threads were stopped: 0.0169440 seconds
2012-01-20T09:58:47.931+0000: 3322.309: [GC 3322.309: [ParNew: 27328K->5440K(27328K), 0.0151350 secs] 3426033K->3404778K(4188864K) icms_dc=0 , 0.0152600 secs] [Times: user=0.18 sys=0.00, real=0.02 secs] 
Total time for which application threads were stopped: 0.0156320 seconds
Total time for which application threads were stopped: 0.0002580 seconds
2012-01-20T09:58:49.354+0000: 3323.732: [GC 3323.732: [ParNew: 27328K->5440K(27328K), 0.0159230 secs] 3426666K->3406199K(4188864K) icms_dc=0 , 0.0160510 secs] [Times: user=0.17 sys=0.00, real=0.01 secs] 
Total time for which application threads were stopped: 0.0163150 seconds
2012-01-20T09:58:51.017+0000: 3325.396: [GC 3325.396: [ParNew: 27328K->5440K(27328K), 0.0146510 secs] 3428087K->3406909K(4188864K) icms_dc=0 , 0.0147770 secs] [Times: user=0.17 sys=0.00, real=0.01 secs] 
Total time for which application threads were stopped: 0.0151810 seconds
2012-01-20T09:58:52.654+0000: 3327.032: [GC 3327.033: [ParNew: 27328K->5440K(27328K), 0.0148840 secs] 3428797K->3407566K(4188864K) icms_dc=0 , 0.0150060 secs] [Times: user=0.17 sys=0.01, real=0.01 secs] 
Total time for which application threads were stopped: 0.0154430 seconds
2012-01-20T09:58:54.113+0000: 3328.491: [GC 3328.491: [ParNew: 27328K->5440K(27328K), 0.0147300 secs] 3429454K->3408287K(4188864K) icms_dc=0 , 0.0148510 secs] [Times: user=0.17 sys=0.00, real=0.02 secs] 
Total time for which application threads were stopped: 0.0152170 seconds
2012-01-20T09:58:55.773+0000: 3330.151: [GC 3330.151: [ParNew: 27328K->5440K(27328K), 0.0139530 secs] 3430175K->3408995K(4188864K) icms_dc=0 , 0.0140760 secs] [Times: user=0.16 sys=0.01, real=0.02 secs] 
Total time for which application threads were stopped: 0.0144250 seconds
2012-01-20T09:58:57.292+0000: 3331.671: [GC 3331.671: [ParNew: 27328K->5440K(27328K), 0.0133720 secs] 3430883K->3409274K(4188864K) icms_dc=0 , 0.0134930 secs] [Times: user=0.16 sys=0.00, real=0.02 secs] 
Total time for which application threads were stopped: 0.0138550 seconds
2012-01-20T09:58:58.891+0000: 3333.269: [GC 3333.269: [ParNew: 27328K->5440K(27328K), 0.0142240 secs] 3431162K->3409982K(4188864K) icms_dc=0 , 0.0143460 secs] [Times: user=0.16 sys=0.01, real=0.02 secs] 
Total time for which application threads were stopped: 0.0147000 seconds
Total time for which application threads were stopped: 0.0001690 seconds
2012-01-20T09:59:00.441+0000: 3334.819: [GC 3334.819: [ParNew: 27328K->5440K(27328K), 0.0148600 secs] 3431870K->3410857K(4188864K) icms_dc=0 , 0.0149880 secs] [Times: user=0.16 sys=0.01, real=0.02 secs] 
Total time for which application threads were stopped: 0.0153560 seconds
2012-01-20T09:59:01.860+0000: 3336.238: [GC 3336.238: [ParNew: 27328K->5440K(27328K), 0.0177930 secs] 3432745K->3412407K(4188864K) icms_dc=0 , 0.0179170 secs] [Times: user=0.19 sys=0.02, real=0.02 secs] 
Total time for which application threads were stopped: 0.0183240 seconds
2012-01-20T09:59:03.175+0000: 3337.553: [GC 3337.553: [ParNew: 27328K->5440K(27328K), 0.0148190 secs] 3434295K->3413431K(4188864K) icms_dc=0 , 0.0149460 secs] [Times: user=0.17 sys=0.00, real=0.02 secs] 
Total time for which application threads were stopped: 0.0153000 seconds
2012-01-20T09:59:04.529+0000: 3338.907: [GC 3338.907: [ParNew: 27328K->5440K(27328K), 0.0154470 secs] 3435319K->3413997K(4188864K) icms_dc=0 , 0.0155710 secs] [Times: user=0.17 sys=0.00, real=0.01 secs] 
Total time for which application threads were stopped: 0.0159320 seconds
2012-01-20T09:59:05.933+0000: 3340.312: [GC 3340.312: [ParNew: 27328K->5440K(27328K), 0.0145970 secs] 3435885K->3414768K(4188864K) icms_dc=0 , 0.0147250 secs] [Times: user=0.16 sys=0.00, real=0.02 secs] 
Total time for which application threads were stopped: 0.0150820 seconds
2012-01-20T09:59:07.327+0000: 3341.705: [GC 3341.705: [ParNew: 27328K->5440K(27328K), 0.0140180 secs] 3436656K->3414911K(4188864K) icms_dc=0 , 0.0141390 secs] [Times: user=0.17 sys=0.00, real=0.01 secs] 
Total time for which application threads were stopped: 0.0145140 seconds
2012-01-20T09:59:08.971+0000: 3343.349: [GC 3343.349: [ParNew: 27328K->5440K(27328K), 0.0150580 secs] 3436799K->3415755K(4188864K) icms_dc=0 , 0.0151820 secs] [Times: user=0.16 sys=0.00, real=0.02 secs] 
Total time for which application threads were stopped: 0.0155300 seconds
Total time for which application threads were stopped: 0.0002020 seconds
2012-01-20T09:59:10.510+0000: 3344.888: [GC 3344.888: [ParNew: 27328K->5440K(27328K), 0.0146660 secs] 3437643K->3416372K(4188864K) icms_dc=0 , 0.0147920 secs] [Times: user=0.17 sys=0.01, real=0.01 secs] 
Total time for which application threads were stopped: 0.0151510 seconds
2012-01-20T09:59:12.007+0000: 3346.385: [GC 3346.385: [ParNew: 27328K->5440K(27328K), 0.0149980 secs] 3438260K->3417429K(4188864K) icms_dc=0 , 0.0151230 secs] [Times: user=0.16 sys=0.00, real=0.01 secs] 
Total time for which application threads were stopped: 0.0155450 seconds
2012-01-20T09:59:13.453+0000: 3347.832: [GC 3347.832: [ParNew: 27328K->5440K(27328K), 0.0148160 secs] 3439317K->3418367K(4188864K) icms_dc=0 , 0.0149410 secs] [Times: user=0.17 sys=0.01, real=0.02 secs] 
Total time for which application threads were stopped: 0.0153770 seconds
2012-01-20T09:59:15.001+0000: 3349.379: [GC 3349.379: [ParNew: 27328K->5440K(27328K), 0.0128710 secs] 3440255K->3418411K(4188864K) icms_dc=0 , 0.0129930 secs] [Times: user=0.15 sys=0.01, real=0.01 secs] 
Total time for which application threads were stopped: 0.0133450 seconds
2012-01-20T09:59:16.537+0000: 3350.915: [GC 3350.915: [ParNew: 27328K->5440K(27328K), 0.0147640 secs] 3440299K->3419248K(4188864K) icms_dc=0 , 0.0148900 secs] [Times: user=0.17 sys=0.01, real=0.01 secs] 
Total time for which application threads were stopped: 0.0152930 seconds
Total time for which application threads were stopped: 0.0004800 seconds
2012-01-20T09:59:17.942+0000: 3352.320: [GC 3352.320: [ParNew: 27328K->5440K(27328K), 0.0141050 secs] 3441136K->3419874K(4188864K) icms_dc=0 , 0.0142300 secs] [Times: user=0.16 sys=0.00, real=0.01 secs] 
Total time for which application threads were stopped: 0.0146930 seconds
Total time for which application threads were stopped: 0.0002970 seconds
2012-01-20T09:59:19.650+0000: 3354.028: [GC 3354.028: [ParNew: 27328K->5440K(27328K), 0.0142590 secs] 3441762K->3420547K(4188864K) icms_dc=0 , 0.0143900 secs] [Times: user=0.17 sys=0.00, real=0.01 secs] 
Total time for which application threads were stopped: 0.0146460 seconds
2012-01-20T09:59:21.010+0000: 3355.388: [GC 3355.389: [ParNew: 27328K->5440K(27328K), 0.0148970 secs] 3442435K->3421564K(4188864K) icms_dc=0 , 0.0150280 secs] [Times: user=0.17 sys=0.00, real=0.01 secs] 
Total time for which application threads were stopped: 0.0153820 seconds
2012-01-20T09:59:22.434+0000: 3356.812: [GC 3356.813: [ParNew: 27328K->5440K(27328K), 0.0154040 secs] 3443452K->3422568K(4188864K) icms_dc=0 , 0.0155350 secs] [Times: user=0.17 sys=0.01, real=0.02 secs] 
Total time for which application threads were stopped: 0.0159410 seconds
2012-01-20T09:59:24.004+0000: 3358.382: [GC 3358.382: [ParNew: 27328K->5440K(27328K), 0.0138360 secs] 3444456K->3422887K(4188864K) icms_dc=0 , 0.0139600 secs] [Times: user=0.16 sys=0.00, real=0.02 secs] 
Total time for which application threads were stopped: 0.0143690 seconds
2012-01-20T09:59:25.697+0000: 3360.075: [GC 3360.076: [ParNew: 27328K->5440K(27328K), 0.0149130 secs] 3444775K->3423822K(4188864K) icms_dc=0 , 0.0150380 secs] [Times: user=0.17 sys=0.01, real=0.01 secs] 
Total time for which application threads were stopped: 0.0154140 seconds
2012-01-20T09:59:27.330+0000: 3361.708: [GC 3361.708: [ParNew: 27328K->5440K(27328K), 0.0154310 secs] 3445710K->3424811K(4188864K) icms_dc=0 , 0.0155580 secs] [Times: user=0.18 sys=0.00, real=0.01 secs] 
Total time for which application threads were stopped: 0.0159150 seconds
2012-01-20T09:59:28.997+0000: 3363.375: [GC 3363.375: [ParNew: 27328K->5440K(27328K), 0.0153120 secs] 3446699K->3425867K(4188864K) icms_dc=0 , 0.0154390 secs] [Times: user=0.16 sys=0.01, real=0.02 secs] 
Total time for which application threads were stopped: 0.0158470 seconds
Total time for which application threads were stopped: 0.0001700 seconds
2012-01-20T09:59:30.451+0000: 3364.829: [GC 3364.829: [ParNew: 27328K->5440K(27328K), 0.0156220 secs] 3447755K->3427351K(4188864K) icms_dc=0 , 0.0157500 secs] [Times: user=0.17 sys=0.01, real=0.01 secs] 
Total time for which application threads were stopped: 0.0161650 seconds
2012-01-20T09:59:31.699+0000: 3366.077: [GC 3366.077: [ParNew: 27328K->5440K(27328K), 0.0150530 secs] 3449239K->3428352K(4188864K) icms_dc=0 , 0.0151760 secs] [Times: user=0.16 sys=0.01, real=0.01 secs] 
Total time for which application threads were stopped: 0.0155410 seconds
2012-01-20T09:59:33.135+0000: 3367.513: [GC 3367.513: [ParNew: 27328K->5440K(27328K), 0.0157820 secs] 3450240K->3429553K(4188864K) icms_dc=0 , 0.0159090 secs] [Times: user=0.17 sys=0.01, real=0.02 secs] 
Total time for which application threads were stopped: 0.0162850 seconds
2012-01-20T09:59:34.700+0000: 3369.078: [GC 3369.078: [ParNew: 27328K->5440K(27328K), 0.0134840 secs] 3451441K->3429635K(4188864K) icms_dc=0 , 0.0136090 secs] [Times: user=0.16 sys=0.00, real=0.01 secs] 
Total time for which application threads were stopped: 0.0140240 seconds
2012-01-20T09:59:36.329+0000: 3370.707: [GC 3370.707: [ParNew: 27328K->5440K(27328K), 0.0151850 secs] 3451523K->3430557K(4188864K) icms_dc=0 , 0.0153150 secs] [Times: user=0.17 sys=0.00, real=0.01 secs] 
Total time for which application threads were stopped: 0.0156990 seconds
2012-01-20T09:59:37.594+0000: 3371.972: [GC 3371.972: [ParNew: 27328K->5440K(27328K), 0.0129190 secs] 3452445K->3430557K(4188864K) icms_dc=0 , 0.0130490 secs] [Times: user=0.16 sys=0.00, real=0.01 secs] 
Total time for which application threads were stopped: 0.0134240 seconds
2012-01-20T09:59:39.114+0000: 3373.492: [GC 3373.492: [ParNew: 27328K->5440K(27328K), 0.0141150 secs] 3452445K->3431186K(4188864K) icms_dc=0 , 0.0142390 secs] [Times: user=0.16 sys=0.00, real=0.01 secs] 
Total time for which application threads were stopped: 0.0146490 seconds
Total time for which application threads were stopped: 0.0001330 seconds
2012-01-20T09:59:40.484+0000: 3374.862: [GC 3374.863: [ParNew: 27328K->5440K(27328K), 0.0145250 secs] 3453074K->3431771K(4188864K) icms_dc=0 , 0.0146530 secs] [Times: user=0.17 sys=0.00, real=0.02 secs] 
Total time for which application threads were stopped: 0.0150270 seconds
2012-01-20T09:59:41.897+0000: 3376.275: [GC 3376.275: [ParNew: 27328K->5440K(27328K), 0.0142830 secs] 3453659K->3432570K(4188864K) icms_dc=0 , 0.0144040 secs] [Times: user=0.16 sys=0.01, real=0.02 secs] 
Total time for which application threads were stopped: 0.0147720 seconds
2012-01-20T09:59:43.542+0000: 3377.920: [GC 3377.920: [ParNew: 27328K->5440K(27328K), 0.0144080 secs] 3454458K->3433064K(4188864K) icms_dc=0 , 0.0145300 secs] [Times: user=0.17 sys=0.01, real=0.01 secs] 
Total time for which application threads were stopped: 0.0148840 seconds
2012-01-20T09:59:45.276+0000: 3379.654: [GC 3379.654: [ParNew: 27328K->5440K(27328K), 0.0160660 secs] 3454952K->3433951K(4188864K) icms_dc=0 , 0.0161920 secs] [Times: user=0.18 sys=0.01, real=0.02 secs] 
Total time for which application threads were stopped: 0.0166160 seconds
2012-01-20T09:59:46.690+0000: 3381.068: [GC 3381.068: [ParNew: 27328K->5440K(27328K), 0.0160140 secs] 3455839K->3435313K(4188864K) icms_dc=0 , 0.0161420 secs] [Times: user=0.17 sys=0.01, real=0.01 secs] 
Total time for which application threads were stopped: 0.0165060 seconds
2012-01-20T09:59:48.240+0000: 3382.619: [GC 3382.619: [ParNew: 27328K->5440K(27328K), 0.0163790 secs] 3457201K->3436517K(4188864K) icms_dc=0 , 0.0165060 secs] [Times: user=0.19 sys=0.01, real=0.01 secs] 
Total time for which application threads were stopped: 0.0169200 seconds
Total time for which application threads were stopped: 0.0002730 seconds
2012-01-20T09:59:49.751+0000: 3384.129: [GC 3384.129: [ParNew: 27328K->5440K(27328K), 0.0131770 secs] 3458405K->3436863K(4188864K) icms_dc=0 , 0.0132970 secs] [Times: user=0.15 sys=0.00, real=0.01 secs] 
Total time for which application threads were stopped: 0.0135380 seconds
2012-01-20T09:59:51.305+0000: 3385.683: [GC 3385.683: [ParNew: 27328K->5440K(27328K), 0.0169510 secs] 3458751K->3438038K(4188864K) icms_dc=0 , 0.0170770 secs] [Times: user=0.19 sys=0.00, real=0.02 secs] 
Total time for which application threads were stopped: 0.0174430 seconds
2012-01-20T09:59:52.828+0000: 3387.206: [GC 3387.206: [ParNew: 27328K->5440K(27328K), 0.0177140 secs] 3459926K->3438857K(4188864K) icms_dc=0 , 0.0178450 secs] [Times: user=0.20 sys=0.00, real=0.02 secs] 
Total time for which application threads were stopped: 0.0182730 seconds
2012-01-20T09:59:54.223+0000: 3388.601: [GC 3388.601: [ParNew: 27328K->5440K(27328K), 0.0179740 secs] 3460745K->3439610K(4188864K) icms_dc=0 , 0.0181000 secs] [Times: user=0.21 sys=0.01, real=0.02 secs] 
Total time for which application threads were stopped: 0.0184510 seconds
2012-01-20T09:59:55.828+0000: 3390.206: [GC 3390.206: [ParNew: 27328K->5440K(27328K), 0.0176100 secs] 3461498K->3440080K(4188864K) icms_dc=0 , 0.0177360 secs] [Times: user=0.21 sys=0.00, real=0.02 secs] 
Total time for which application threads were stopped: 0.0181540 seconds
2012-01-20T09:59:57.168+0000: 3391.546: [GC 3391.546: [ParNew: 27328K->5440K(27328K), 0.0155960 secs] 3461968K->3441198K(4188864K) icms_dc=0 , 0.0157210 secs] [Times: user=0.17 sys=0.00, real=0.02 secs] 
Total time for which application threads were stopped: 0.0161290 seconds
2012-01-20T09:59:58.530+0000: 3392.908: [GC 3392.908: [ParNew: 27328K->5440K(27328K), 0.0145170 secs] 3463086K->3442125K(4188864K) icms_dc=0 , 0.0146410 secs] [Times: user=0.16 sys=0.01, real=0.02 secs] 
Total time for which application threads were stopped: 0.0149910 seconds
Total time for which application threads were stopped: 0.0002620 seconds
2012-01-20T10:00:00.044+0000: 3394.422: [GC 3394.422: [ParNew: 27328K->5440K(27328K), 0.0139290 secs] 3464013K->3442868K(4188864K) icms_dc=0 , 0.0140570 secs] [Times: user=0.15 sys=0.00, real=0.01 secs] 
Total time for which application threads were stopped: 0.0144110 seconds
2012-01-20T10:00:01.584+0000: 3395.962: [GC 3395.962: [ParNew: 27328K->5440K(27328K), 0.0128970 secs] 3464756K->3443075K(4188864K) icms_dc=0 , 0.0130190 secs] [Times: user=0.15 sys=0.00, real=0.01 secs] 
Total time for which application threads were stopped: 0.0133910 seconds
2012-01-20T10:00:03.233+0000: 3397.611: [GC 3397.611: [ParNew: 27328K->5440K(27328K), 0.0150380 secs] 3464963K->3444058K(4188864K) icms_dc=0 , 0.0151700 secs] [Times: user=0.16 sys=0.00, real=0.01 secs] 
Total time for which application threads were stopped: 0.0155740 seconds
2012-01-20T10:00:04.775+0000: 3399.153: [GC 3399.154: [ParNew: 27328K->5440K(27328K), 0.0146050 secs] 3465946K->3444954K(4188864K) icms_dc=0 , 0.0147320 secs] [Times: user=0.17 sys=0.00, real=0.01 secs] 
Total time for which application threads were stopped: 0.0150840 seconds
2012-01-20T10:00:06.037+0000: 3400.415: [GC 3400.415: [ParNew: 27328K->5440K(27328K), 0.0158280 secs] 3466842K->3446360K(4188864K) icms_dc=0 , 0.0159540 secs] [Times: user=0.17 sys=0.00, real=0.02 secs] 
Total time for which application threads were stopped: 0.0163860 seconds
2012-01-20T10:00:07.655+0000: 3402.034: [GC 3402.034: [ParNew: 27328K->5440K(27328K), 0.0143180 secs] 3468248K->3446722K(4188864K) icms_dc=0 , 0.0144440 secs] [Times: user=0.17 sys=0.01, real=0.01 secs] 
Total time for which application threads were stopped: 0.0148170 seconds
2012-01-20T10:00:09.162+0000: 3403.540: [GC 3403.540: [ParNew: 27328K->5440K(27328K), 0.0164200 secs] 3468610K->3447889K(4188864K) icms_dc=0 , 0.0165490 secs] [Times: user=0.18 sys=0.01, real=0.02 secs] 
Total time for which application threads were stopped: 0.0169200 seconds
Total time for which application threads were stopped: 0.0003760 seconds
2012-01-20T10:00:10.674+0000: 3405.052: [GC 3405.052: [ParNew: 27328K->5440K(27328K), 0.0151530 secs] 3469777K->3448637K(4188864K) icms_dc=0 , 0.0152770 secs] [Times: user=0.17 sys=0.01, real=0.01 secs] 
Total time for which application threads were stopped: 0.0157270 seconds
2012-01-20T10:00:12.026+0000: 3406.404: [GC 3406.405: [ParNew: 27328K->5440K(27328K), 0.0138390 secs] 3470525K->3449005K(4188864K) icms_dc=0 , 0.0139680 secs] [Times: user=0.16 sys=0.00, real=0.01 secs] 
Total time for which application threads were stopped: 0.0143470 seconds
2012-01-20T10:00:13.564+0000: 3407.942: [GC 3407.942: [ParNew: 27328K->5440K(27328K), 0.0150930 secs] 3470893K->3449918K(4188864K) icms_dc=0 , 0.0152160 secs] [Times: user=0.17 sys=0.00, real=0.01 secs] 
Total time for which application threads were stopped: 0.0156380 seconds
2012-01-20T10:00:14.986+0000: 3409.365: [GC 3409.365: [ParNew: 27328K->5440K(27328K), 0.0143630 secs] 3471806K->3450632K(4188864K) icms_dc=0 , 0.0144910 secs] [Times: user=0.16 sys=0.00, real=0.01 secs] 
Total time for which application threads were stopped: 0.0149080 seconds
2012-01-20T10:00:16.416+0000: 3410.794: [GC 3410.794: [ParNew: 27328K->5440K(27328K), 0.0143680 secs] 3472520K->3451907K(4188864K) icms_dc=0 , 0.0144950 secs] [Times: user=0.16 sys=0.01, real=0.01 secs] 
Total time for which application threads were stopped: 0.0149140 seconds
2012-01-20T10:00:18.015+0000: 3412.393: [GC 3412.393: [ParNew: 27328K->5440K(27328K), 0.0128490 secs] 3473795K->3451908K(4188864K) icms_dc=0 , 0.0129720 secs] [Times: user=0.15 sys=0.00, real=0.01 secs] 
Total time for which application threads were stopped: 0.0134100 seconds
2012-01-20T10:00:19.492+0000: 3413.871: [GC 3413.871: [ParNew: 27328K->5440K(27328K), 0.0152150 secs] 3473796K->3452693K(4188864K) icms_dc=0 , 0.0153430 secs] [Times: user=0.16 sys=0.00, real=0.02 secs] 
Total time for which application threads were stopped: 0.0156980 seconds
Total time for which application threads were stopped: 0.0001680 seconds
2012-01-20T10:00:21.094+0000: 3415.473: [GC 3415.473: [ParNew: 27328K->5223K(27328K), 0.0135110 secs] 3474581K->3452942K(4188864K) icms_dc=0 , 0.0136390 secs] [Times: user=0.15 sys=0.00, real=0.01 secs] 
Total time for which application threads were stopped: 0.0140380 seconds
2012-01-20T10:00:22.527+0000: 3416.905: [GC 3416.905: [ParNew: 27111K->5440K(27328K), 0.0136690 secs] 3474830K->3453567K(4188864K) icms_dc=0 , 0.0137950 secs] [Times: user=0.16 sys=0.00, real=0.01 secs] 
Total time for which application threads were stopped: 0.0141470 seconds
2012-01-20T10:00:24.067+0000: 3418.445: [GC 3418.445: [ParNew: 27328K->5440K(27328K), 0.0144130 secs] 3475455K->3454029K(4188864K) icms_dc=0 , 0.0145350 secs] [Times: user=0.17 sys=0.01, real=0.01 secs] 
Total time for which application threads were stopped: 0.0149160 seconds
2012-01-20T10:00:25.480+0000: 3419.858: [GC 3419.858: [ParNew: 27328K->5440K(27328K), 0.0144830 secs] 3475917K->3454846K(4188864K) icms_dc=0 , 0.0146080 secs] [Times: user=0.16 sys=0.01, real=0.02 secs] 
Total time for which application threads were stopped: 0.0149680 seconds
2012-01-20T10:00:26.822+0000: 3421.200: [GC 3421.200: [ParNew: 27328K->5440K(27328K), 0.0154320 secs] 3476734K->3455752K(4188864K) icms_dc=0 , 0.0155610 secs] [Times: user=0.16 sys=0.01, real=0.02 secs] 
Total time for which application threads were stopped: 0.0159260 seconds
2012-01-20T10:00:28.539+0000: 3422.917: [GC 3422.917: [ParNew: 27328K->5440K(27328K), 0.0141930 secs] 3477640K->3456381K(4188864K) icms_dc=0 , 0.0143170 secs] [Times: user=0.16 sys=0.00, real=0.01 secs] 
Total time for which application threads were stopped: 0.0146820 seconds
Total time for which application threads were stopped: 0.0002910 seconds
2012-01-20T10:00:30.227+0000: 3424.605: [GC 3424.605: [ParNew: 27328K->5440K(27328K), 0.0146610 secs] 3478269K->3457231K(4188864K) icms_dc=0 , 0.0147930 secs] [Times: user=0.17 sys=0.01, real=0.01 secs] 
Total time for which application threads were stopped: 0.0151530 seconds
2012-01-20T10:00:31.902+0000: 3426.280: [GC 3426.280: [ParNew: 27328K->5440K(27328K), 0.0128430 secs] 3479119K->3457396K(4188864K) icms_dc=0 , 0.0129650 secs] [Times: user=0.15 sys=0.01, real=0.02 secs] 
Total time for which application threads were stopped: 0.0133120 seconds
2012-01-20T10:00:33.170+0000: 3427.548: [GC 3427.548: [ParNew: 27328K->5440K(27328K), 0.0148180 secs] 3479284K->3458448K(4188864K) icms_dc=0 , 0.0149470 secs] [Times: user=0.17 sys=0.01, real=0.02 secs] 
Total time for which application threads were stopped: 0.0153590 seconds
2012-01-20T10:00:34.535+0000: 3428.913: [GC 3428.913: [ParNew: 27328K->5440K(27328K), 0.0126760 secs] 3480336K->3458601K(4188864K) icms_dc=0 , 0.0128000 secs] [Times: user=0.15 sys=0.00, real=0.02 secs] 
Total time for which application threads were stopped: 0.0131730 seconds
2012-01-20T10:00:35.968+0000: 3430.346: [GC 3430.346: [ParNew: 27328K->5440K(27328K), 0.0155510 secs] 3480489K->3459541K(4188864K) icms_dc=0 , 0.0156740 secs] [Times: user=0.16 sys=0.00, real=0.01 secs] 
Total time for which application threads were stopped: 0.0160240 seconds
2012-01-20T10:00:37.607+0000: 3431.986: [GC 3431.986: [ParNew: 27328K->5440K(27328K), 0.0138950 secs] 3481429K->3460068K(4188864K) icms_dc=0 , 0.0140460 secs] [Times: user=0.16 sys=0.00, real=0.01 secs] 
Total time for which application threads were stopped: 0.0144050 seconds
2012-01-20T10:00:39.064+0000: 3433.442: [GC 3433.442: [ParNew: 27328K->5440K(27328K), 0.0155750 secs] 3481956K->3460849K(4188864K) icms_dc=0 , 0.0157020 secs] [Times: user=0.18 sys=0.00, real=0.02 secs] 
Total time for which application threads were stopped: 0.0161090 seconds
Total time for which application threads were stopped: 0.0002350 seconds
2012-01-20T10:00:40.370+0000: 3434.748: [GC 3434.748: [ParNew: 27328K->5440K(27328K), 0.0163570 secs] 3482737K->3461629K(4188864K) icms_dc=0 , 0.0164870 secs] [Times: user=0.19 sys=0.01, real=0.02 secs] 
Total time for which application threads were stopped: 0.0169140 seconds
2012-01-20T10:00:41.770+0000: 3436.148: [GC 3436.148: [ParNew: 27328K->5440K(27328K), 0.0132420 secs] 3483517K->3461947K(4188864K) icms_dc=0 , 0.0133640 secs] [Times: user=0.15 sys=0.00, real=0.01 secs] 
Total time for which application threads were stopped: 0.0137780 seconds
2012-01-20T10:00:43.450+0000: 3437.828: [GC 3437.828: [ParNew: 27328K->5440K(27328K), 0.0146330 secs] 3483835K->3462819K(4188864K) icms_dc=0 , 0.0147580 secs] [Times: user=0.16 sys=0.00, real=0.01 secs] 
Total time for which application threads were stopped: 0.0151800 seconds
2012-01-20T10:00:45.021+0000: 3439.400: [GC 3439.400: [ParNew: 27328K->5440K(27328K), 0.0148610 secs] 3484707K->3463587K(4188864K) icms_dc=0 , 0.0149870 secs] [Times: user=0.17 sys=0.01, real=0.02 secs] 
Total time for which application threads were stopped: 0.0153540 seconds
2012-01-20T10:00:46.866+0000: 3441.245: [GC 3441.245: [ParNew: 27328K->5440K(27328K), 0.0146510 secs] 3485475K->3464399K(4188864K) icms_dc=0 , 0.0147740 secs] [Times: user=0.17 sys=0.00, real=0.02 secs] 
Total time for which application threads were stopped: 0.0151380 seconds
Total time for which application threads were stopped: 0.0005340 seconds
2012-01-20T10:00:48.432+0000: 3442.811: [GC 3442.811: [ParNew: 27328K->5440K(27328K), 0.0155950 secs] 3486287K->3465686K(4188864K) icms_dc=0 , 0.0157240 secs] [Times: user=0.17 sys=0.01, real=0.02 secs] 
Total time for which application threads were stopped: 0.0161810 seconds
Total time for which application threads were stopped: 0.0002570 seconds
2012-01-20T10:00:50.003+0000: 3444.381: [GC 3444.381: [ParNew: 27328K->5440K(27328K), 0.0141240 secs] 3487574K->3466571K(4188864K) icms_dc=0 , 0.0142550 secs] [Times: user=0.15 sys=0.01, real=0.02 secs] 
Total time for which application threads were stopped: 0.0145590 seconds
2012-01-20T10:00:51.731+0000: 3446.109: [GC 3446.109: [ParNew: 27328K->5440K(27328K), 0.0129660 secs] 3488459K->3466658K(4188864K) icms_dc=0 , 0.0130870 secs] [Times: user=0.16 sys=0.00, real=0.01 secs] 
Total time for which application threads were stopped: 0.0134430 seconds
2012-01-20T10:00:53.525+0000: 3447.903: [GC 3447.903: [ParNew: 27328K->5440K(27328K), 0.0143550 secs] 3488546K->3467523K(4188864K) icms_dc=0 , 0.0144810 secs] [Times: user=0.16 sys=0.00, real=0.02 secs] 
Total time for which application threads were stopped: 0.0148320 seconds
2012-01-20T10:00:55.107+0000: 3449.485: [GC 3449.485: [ParNew: 27328K->5440K(27328K), 0.0129370 secs] 3489411K->3467570K(4188864K) icms_dc=0 , 0.0130610 secs] [Times: user=0.15 sys=0.00, real=0.02 secs] 
Total time for which application threads were stopped: 0.0134950 seconds
2012-01-20T10:00:56.800+0000: 3451.178: [GC 3451.178: [ParNew: 27328K->5440K(27328K), 0.0144450 secs] 3489458K->3468176K(4188864K) icms_dc=0 , 0.0145720 secs] [Times: user=0.16 sys=0.00, real=0.01 secs] 
Total time for which application threads were stopped: 0.0149660 seconds
2012-01-20T10:00:58.278+0000: 3452.656: [GC 3452.656: [ParNew: 27328K->5440K(27328K), 0.0130460 secs] 3490064K->3468262K(4188864K) icms_dc=0 , 0.0131700 secs] [Times: user=0.15 sys=0.00, real=0.01 secs] 
Total time for which application threads were stopped: 0.0135800 seconds
Total time for which application threads were stopped: 0.0002430 seconds
2012-01-20T10:00:59.744+0000: 3454.122: [GC 3454.122: [ParNew: 27328K->5440K(27328K), 0.0136400 secs] 3490150K->3468626K(4188864K) icms_dc=0 , 0.0137680 secs] [Times: user=0.15 sys=0.01, real=0.01 secs] 
Total time for which application threads were stopped: 0.0140550 seconds
2012-01-20T10:01:01.270+0000: 3455.648: [GC 3455.648: [ParNew: 27328K->5440K(27328K), 0.0137030 secs] 3490514K->3468933K(4188864K) icms_dc=0 , 0.0138290 secs] [Times: user=0.16 sys=0.00, real=0.01 secs] 
Total time for which application threads were stopped: 0.0142720 seconds
2012-01-20T10:01:02.693+0000: 3457.071: [GC 3457.071: [ParNew: 27328K->5440K(27328K), 0.0140910 secs] 3490821K->3469360K(4188864K) icms_dc=0 , 0.0142160 secs] [Times: user=0.16 sys=0.00, real=0.01 secs] 
Total time for which application threads were stopped: 0.0146050 seconds
2012-01-20T10:01:04.082+0000: 3458.460: [GC 3458.460: [ParNew: 27328K->5440K(27328K), 0.0161100 secs] 3491248K->3470291K(4188864K) icms_dc=0 , 0.0162360 secs] [Times: user=0.18 sys=0.01, real=0.02 secs] 
Total time for which application threads were stopped: 0.0165990 seconds
2012-01-20T10:01:05.417+0000: 3459.795: [GC 3459.795: [ParNew: 27328K->5440K(27328K), 0.0154460 secs] 3492179K->3471375K(4188864K) icms_dc=0 , 0.0155800 secs] [Times: user=0.18 sys=0.00, real=0.02 secs] 
Total time for which application threads were stopped: 0.0159430 seconds
2012-01-20T10:01:06.806+0000: 3461.184: [GC 3461.184: [ParNew: 27328K->5440K(27328K), 0.0160820 secs] 3493263K->3472393K(4188864K) icms_dc=0 , 0.0162090 secs] [Times: user=0.18 sys=0.00, real=0.02 secs] 
Total time for which application threads were stopped: 0.0166000 seconds
2012-01-20T10:01:08.157+0000: 3462.535: [GC 3462.535: [ParNew: 27328K->5440K(27328K), 0.0171010 secs] 3494281K->3473614K(4188864K) icms_dc=0 , 0.0172310 secs] [Times: user=0.18 sys=0.01, real=0.02 secs] 
Total time for which application threads were stopped: 0.0176700 seconds
2012-01-20T10:01:09.601+0000: 3463.979: [GC 3463.980: [ParNew: 27328K->5440K(27328K), 0.0158740 secs] 3495502K->3474526K(4188864K) icms_dc=0 , 0.0160000 secs] [Times: user=0.18 sys=0.00, real=0.01 secs] 
Total time for which application threads were stopped: 0.0164060 seconds
Total time for which application threads were stopped: 0.0001780 seconds
2012-01-20T10:01:11.108+0000: 3465.486: [GC 3465.487: [ParNew: 27328K->5440K(27328K), 0.0146140 secs] 3496414K->3475335K(4188864K) icms_dc=0 , 0.0147500 secs] [Times: user=0.17 sys=0.00, real=0.02 secs] 
Total time for which application threads were stopped: 0.0151100 seconds
2012-01-20T10:01:12.805+0000: 3467.183: [GC 3467.184: [ParNew: 27328K->5440K(27328K), 0.0156030 secs] 3497223K->3476486K(4188864K) icms_dc=0 , 0.0157320 secs] [Times: user=0.17 sys=0.01, real=0.02 secs] 
Total time for which application threads were stopped: 0.0161480 seconds
2012-01-20T10:01:14.260+0000: 3468.638: [GC 3468.639: [ParNew: 27328K->5440K(27328K), 0.0133710 secs] 3498374K->3476631K(4188864K) icms_dc=0 , 0.0134950 secs] [Times: user=0.16 sys=0.00, real=0.01 secs] 
Total time for which application threads were stopped: 0.0138590 seconds
2012-01-20T10:01:15.828+0000: 3470.206: [GC 3470.206: [ParNew: 27328K->5440K(27328K), 0.0155060 secs] 3498519K->3477845K(4188864K) icms_dc=0 , 0.0156330 secs] [Times: user=0.17 sys=0.01, real=0.02 secs] 
Total time for which application threads were stopped: 0.0160150 seconds
2012-01-20T10:01:17.163+0000: 3471.541: [GC 3471.541: [ParNew: 27328K->5440K(27328K), 0.0136680 secs] 3499733K->3478239K(4188864K) icms_dc=0 , 0.0137930 secs] [Times: user=0.16 sys=0.00, real=0.01 secs] 
Total time for which application threads were stopped: 0.0142330 seconds
2012-01-20T10:01:18.502+0000: 3472.880: [GC 3472.880: [ParNew: 27328K->5440K(27328K), 0.0155740 secs] 3500127K->3479339K(4188864K) icms_dc=0 , 0.0157010 secs] [Times: user=0.18 sys=0.00, real=0.01 secs] 
Total time for which application threads were stopped: 0.0161510 seconds
Total time for which application threads were stopped: 0.0002280 seconds
2012-01-20T10:01:19.956+0000: 3474.334: [GC 3474.334: [ParNew: 27328K->5440K(27328K), 0.0150520 secs] 3501227K->3480347K(4188864K) icms_dc=0 , 0.0151810 secs] [Times: user=0.17 sys=0.01, real=0.02 secs] 
Total time for which application threads were stopped: 0.0154150 seconds
2012-01-20T10:01:21.454+0000: 3475.833: [GC 3475.833: [ParNew: 27328K->5440K(27328K), 0.0177350 secs] 3502235K->3481467K(4188864K) icms_dc=0 , 0.0178700 secs] [Times: user=0.20 sys=0.00, real=0.02 secs] 
Total time for which application threads were stopped: 0.0182760 seconds
2012-01-20T10:01:22.932+0000: 3477.310: [GC 3477.311: [ParNew: 27328K->5440K(27328K), 0.0152280 secs] 3503355K->3482563K(4188864K) icms_dc=0 , 0.0153620 secs] [Times: user=0.17 sys=0.00, real=0.01 secs] 
Total time for which application threads were stopped: 0.0157440 seconds
2012-01-20T10:01:24.378+0000: 3478.756: [GC 3478.756: [ParNew: 27328K->5440K(27328K), 0.0156820 secs] 3504451K->3483801K(4188864K) icms_dc=0 , 0.0158150 secs] [Times: user=0.17 sys=0.00, real=0.02 secs] 
Total time for which application threads were stopped: 0.0161770 seconds
2012-01-20T10:01:25.836+0000: 3480.214: [GC 3480.214: [ParNew: 27328K->5440K(27328K), 0.0126080 secs] 3505689K->3483881K(4188864K) icms_dc=0 , 0.0127310 secs] [Times: user=0.15 sys=0.01, real=0.01 secs] 
Total time for which application threads were stopped: 0.0131150 seconds
2012-01-20T10:01:27.380+0000: 3481.759: [GC 3481.759: [ParNew: 27328K->5440K(27328K), 0.0155120 secs] 3505769K->3485240K(4188864K) icms_dc=0 , 0.0156410 secs] [Times: user=0.16 sys=0.01, real=0.02 secs] 
Total time for which application threads were stopped: 0.0161200 seconds
2012-01-20T10:01:28.842+0000: 3483.220: [GC 3483.221: [ParNew: 27328K->5440K(27328K), 0.0126420 secs] 3507128K->3485295K(4188864K) icms_dc=0 , 0.0127700 secs] [Times: user=0.16 sys=0.00, real=0.01 secs] 
Total time for which application threads were stopped: 0.0131610 seconds
Total time for which application threads were stopped: 0.0002420 seconds
2012-01-20T10:01:30.344+0000: 3484.722: [GC 3484.722: [ParNew: 27328K->5440K(27328K), 0.0141070 secs] 3507183K->3485939K(4188864K) icms_dc=0 , 0.0142470 secs] [Times: user=0.16 sys=0.01, real=0.01 secs] 
Total time for which application threads were stopped: 0.0146930 seconds
2012-01-20T10:01:31.674+0000: 3486.052: [GC 3486.053: [ParNew: 27328K->5440K(27328K), 0.0148780 secs] 3507827K->3486993K(4188864K) icms_dc=0 , 0.0149930 secs] [Times: user=0.17 sys=0.01, real=0.01 secs] 
Total time for which application threads were stopped: 0.0154190 seconds
2012-01-20T10:01:33.052+0000: 3487.430: [GC 3487.430: [ParNew: 27328K->5440K(27328K), 0.0129870 secs] 3508881K->3487017K(4188864K) icms_dc=0 , 0.0131130 secs] [Times: user=0.16 sys=0.00, real=0.02 secs] 
Total time for which application threads were stopped: 0.0135180 seconds
2012-01-20T10:01:34.739+0000: 3489.117: [GC 3489.117: [ParNew: 27328K->5440K(27328K), 0.0137770 secs] 3508905K->3487636K(4188864K) icms_dc=0 , 0.0138990 secs] [Times: user=0.16 sys=0.00, real=0.02 secs] 
Total time for which application threads were stopped: 0.0142900 seconds
2012-01-20T10:01:36.417+0000: 3490.795: [GC 3490.795: [ParNew: 27328K->5440K(27328K), 0.0145840 secs] 3509524K->3488330K(4188864K) icms_dc=0 , 0.0147070 secs] [Times: user=0.16 sys=0.01, real=0.01 secs] 
Total time for which application threads were stopped: 0.0151350 seconds
2012-01-20T10:01:37.999+0000: 3492.377: [GC 3492.377: [ParNew: 27328K->5440K(27328K), 0.0125880 secs] 3510218K->3488330K(4188864K) icms_dc=0 , 0.0127100 secs] [Times: user=0.15 sys=0.01, real=0.01 secs] 
Total time for which application threads were stopped: 0.0131290 seconds
2012-01-20T10:01:39.618+0000: 3493.997: [GC 3493.997: [ParNew: 27328K->5440K(27328K), 0.0137370 secs] 3510218K->3488767K(4188864K) icms_dc=0 , 0.0138580 secs] [Times: user=0.16 sys=0.00, real=0.01 secs] 
Total time for which application threads were stopped: 0.0142670 seconds
Total time for which application threads were stopped: 0.0004060 seconds
Total time for which application threads were stopped: 0.0000870 seconds
2012-01-20T10:01:40.948+0000: 3495.326: [GC 3495.326: [ParNew: 27328K->5440K(27328K), 0.0146790 secs] 3510655K->3489448K(4188864K) icms_dc=0 , 0.0147990 secs] [Times: user=0.17 sys=0.00, real=0.02 secs] 
Total time for which application threads were stopped: 0.0152290 seconds
2012-01-20T10:01:42.338+0000: 3496.716: [GC 3496.716: [ParNew: 27328K->5440K(27328K), 0.0145020 secs] 3511336K->3489836K(4188864K) icms_dc=0 , 0.0146300 secs] [Times: user=0.17 sys=0.00, real=0.01 secs] 
Total time for which application threads were stopped: 0.0150990 seconds
2012-01-20T10:01:43.774+0000: 3498.152: [GC 3498.152: [ParNew: 27328K->5440K(27328K), 0.0157420 secs] 3511724K->3491196K(4188864K) icms_dc=0 , 0.0158700 secs] [Times: user=0.17 sys=0.00, real=0.01 secs] 
Total time for which application threads were stopped: 0.0162410 seconds
2012-01-20T10:01:45.152+0000: 3499.530: [GC 3499.530: [ParNew: 27328K->5440K(27328K), 0.0174280 secs] 3513084K->3492562K(4188864K) icms_dc=0 , 0.0175540 secs] [Times: user=0.19 sys=0.01, real=0.02 secs] 
Total time for which application threads were stopped: 0.0179140 seconds
2012-01-20T10:01:46.713+0000: 3501.091: [GC 3501.091: [ParNew: 27328K->5440K(27328K), 0.0140550 secs] 3514450K->3493021K(4188864K) icms_dc=0 , 0.0141790 secs] [Times: user=0.16 sys=0.00, real=0.02 secs] 
Total time for which application threads were stopped: 0.0145550 seconds
2012-01-20T10:01:48.153+0000: 3502.531: [GC 3502.531: [ParNew: 27328K->5440K(27328K), 0.0169020 secs] 3514909K->3494383K(4188864K) icms_dc=0 , 0.0170260 secs] [Times: user=0.18 sys=0.01, real=0.02 secs] 
Total time for which application threads were stopped: 0.0174000 seconds
2012-01-20T10:01:49.510+0000: 3503.888: [GC 3503.888: [ParNew: 27328K->5440K(27328K), 0.0170960 secs] 3516271K->3495666K(4188864K) icms_dc=0 , 0.0172170 secs] [Times: user=0.19 sys=0.01, real=0.02 secs] 
Total time for which application threads were stopped: 0.0175790 seconds
Total time for which application threads were stopped: 0.0001410 seconds
2012-01-20T10:01:50.932+0000: 3505.310: [GC 3505.310: [ParNew: 27328K->5440K(27328K), 0.0144010 secs] 3517554K->3496670K(4188864K) icms_dc=0 , 0.0145290 secs] [Times: user=0.16 sys=0.01, real=0.02 secs] 
Total time for which application threads were stopped: 0.0149120 seconds
2012-01-20T10:01:52.357+0000: 3506.735: [GC 3506.736: [ParNew: 27328K->5440K(27328K), 0.0129930 secs] 3518558K->3496792K(4188864K) icms_dc=0 , 0.0131160 secs] [Times: user=0.16 sys=0.00, real=0.01 secs] 
Total time for which application threads were stopped: 0.0135260 seconds
2012-01-20T10:01:53.786+0000: 3508.164: [GC 3508.164: [ParNew: 27328K->5440K(27328K), 0.0163480 secs] 3518680K->3497945K(4188864K) icms_dc=0 , 0.0164720 secs] [Times: user=0.18 sys=0.00, real=0.01 secs] 
Total time for which application threads were stopped: 0.0168380 seconds
2012-01-20T10:01:55.419+0000: 3509.797: [GC 3509.797: [ParNew: 27328K->5440K(27328K), 0.0136550 secs] 3519833K->3497967K(4188864K) icms_dc=0 , 0.0137830 secs] [Times: user=0.16 sys=0.00, real=0.01 secs] 
Total time for which application threads were stopped: 0.0141340 seconds
2012-01-20T10:01:56.865+0000: 3511.243: [GC 3511.243: [ParNew: 27328K->5440K(27328K), 0.0146670 secs] 3519855K->3498812K(4188864K) icms_dc=0 , 0.0147920 secs] [Times: user=0.16 sys=0.01, real=0.01 secs] 
Total time for which application threads were stopped: 0.0151560 seconds
2012-01-20T10:01:58.461+0000: 3512.839: [GC 3512.839: [ParNew: 27328K->5440K(27328K), 0.0138660 secs] 3520700K->3499012K(4188864K) icms_dc=0 , 0.0139950 secs] [Times: user=0.17 sys=0.00, real=0.02 secs] 
Total time for which application threads were stopped: 0.0144180 seconds
2012-01-20T10:01:59.726+0000: 3514.104: [GC 3514.104: [ParNew: 27328K->5440K(27328K), 0.0165000 secs] 3520900K->3499879K(4188864K) icms_dc=0 , 0.0166320 secs] [Times: user=0.19 sys=0.01, real=0.01 secs] 
Total time for which application threads were stopped: 0.0169990 seconds
Total time for which application threads were stopped: 0.0001850 seconds
2012-01-20T10:02:01.280+0000: 3515.658: [GC 3515.658: [ParNew: 27328K->5440K(27328K), 0.0156980 secs] 3521767K->3500986K(4188864K) icms_dc=0 , 0.0158300 secs] [Times: user=0.17 sys=0.01, real=0.02 secs] 
Total time for which application threads were stopped: 0.0162010 seconds
2012-01-20T10:02:02.947+0000: 3517.325: [GC 3517.325: [ParNew: 27328K->5440K(27328K), 0.0133060 secs] 3522874K->3501091K(4188864K) icms_dc=0 , 0.0134430 secs] [Times: user=0.15 sys=0.00, real=0.01 secs] 
Total time for which application threads were stopped: 0.0138780 seconds
2012-01-20T10:02:04.549+0000: 3518.927: [GC 3518.927: [ParNew: 27328K->5440K(27328K), 0.0167250 secs] 3522979K->3502484K(4188864K) icms_dc=0 , 0.0168380 secs] [Times: user=0.19 sys=0.00, real=0.02 secs] 
Total time for which application threads were stopped: 0.0172700 seconds
2012-01-20T10:02:05.877+0000: 3520.255: [GC 3520.255: [ParNew: 27328K->5440K(27328K), 0.0128590 secs] 3524372K->3502487K(4188864K) icms_dc=0 , 0.0129790 secs] [Times: user=0.15 sys=0.00, real=0.01 secs] 
Total time for which application threads were stopped: 0.0133280 seconds
2012-01-20T10:02:07.269+0000: 3521.648: [GC 3521.648: [ParNew: 27328K->5440K(27328K), 0.0146810 secs] 3524375K->3503218K(4188864K) icms_dc=0 , 0.0147990 secs] [Times: user=0.16 sys=0.00, real=0.01 secs] 
Total time for which application threads were stopped: 0.0151560 seconds
2012-01-20T10:02:08.955+0000: 3523.333: [GC 3523.333: [ParNew: 27328K->5440K(27328K), 0.0147860 secs] 3525106K->3504016K(4188864K) icms_dc=0 , 0.0149100 secs] [Times: user=0.16 sys=0.01, real=0.02 secs] 
Total time for which application threads were stopped: 0.0152810 seconds
Total time for which application threads were stopped: 0.0003330 seconds
2012-01-20T10:02:10.292+0000: 3524.670: [GC 3524.670: [ParNew: 27328K->5440K(27328K), 0.0132940 secs] 3525904K->3504109K(4188864K) icms_dc=0 , 0.0134160 secs] [Times: user=0.16 sys=0.00, real=0.02 secs] 
Total time for which application threads were stopped: 0.0136250 seconds
2012-01-20T10:02:11.721+0000: 3526.099: [GC 3526.099: [ParNew: 27328K->5440K(27328K), 0.0164340 secs] 3525997K->3505083K(4188864K) icms_dc=0 , 0.0165540 secs] [Times: user=0.19 sys=0.00, real=0.02 secs] 
Total time for which application threads were stopped: 0.0168910 seconds
2012-01-20T10:02:13.101+0000: 3527.479: [GC 3527.479: [ParNew: 27328K->5440K(27328K), 0.0128180 secs] 3526971K->3505083K(4188864K) icms_dc=0 , 0.0129350 secs] [Times: user=0.15 sys=0.00, real=0.01 secs] 
Total time for which application threads were stopped: 0.0132750 seconds
2012-01-20T10:02:14.502+0000: 3528.881: [GC 3528.881: [ParNew: 27328K->5438K(27328K), 0.0148770 secs] 3526971K->3505768K(4188864K) icms_dc=0 , 0.0150010 secs] [Times: user=0.17 sys=0.01, real=0.02 secs] 
Total time for which application threads were stopped: 0.0153560 seconds
2012-01-20T10:02:15.784+0000: 3530.162: [GC 3530.162: [ParNew: 27326K->5440K(27328K), 0.0138970 secs] 3527656K->3506247K(4188864K) icms_dc=0 , 0.0140170 secs] [Times: user=0.16 sys=0.01, real=0.02 secs] 
Total time for which application threads were stopped: 0.0144410 seconds
2012-01-20T10:02:17.014+0000: 3531.392: [GC 3531.393: [ParNew: 27328K->5440K(27328K), 0.0163930 secs] 3528135K->3507225K(4188864K) icms_dc=0 , 0.0165140 secs] [Times: user=0.18 sys=0.01, real=0.02 secs] 
Total time for which application threads were stopped: 0.0168460 seconds
2012-01-20T10:02:18.271+0000: 3532.649: [GC 3532.649: [ParNew: 27328K->5440K(27328K), 0.0161410 secs] 3529113K->3508537K(4188864K) icms_dc=0 , 0.0162630 secs] [Times: user=0.17 sys=0.00, real=0.02 secs] 
Total time for which application threads were stopped: 0.0166210 seconds
2012-01-20T10:02:19.695+0000: 3534.073: [GC 3534.073: [ParNew: 27328K->5440K(27328K), 0.0158110 secs] 3530425K->3509965K(4188864K) icms_dc=0 , 0.0159440 secs] [Times: user=0.18 sys=0.00, real=0.02 secs] 
Total time for which application threads were stopped: 0.0163530 seconds
Total time for which application threads were stopped: 0.0002250 seconds
2012-01-20T10:02:21.375+0000: 3535.753: [GC 3535.753: [ParNew: 27328K->5440K(27328K), 0.0159650 secs] 3531853K->3510518K(4188864K) icms_dc=0 , 0.0160940 secs] [Times: user=0.18 sys=0.01, real=0.02 secs] 
Total time for which application threads were stopped: 0.0164590 seconds
2012-01-20T10:02:23.025+0000: 3537.403: [GC 3537.403: [ParNew: 27328K->5440K(27328K), 0.0156910 secs] 3532406K->3512211K(4188864K) icms_dc=0 , 0.0158640 secs] [Times: user=0.17 sys=0.01, real=0.02 secs] 
Total time for which application threads were stopped: 0.0162390 seconds
2012-01-20T10:02:24.672+0000: 3539.050: [GC 3539.050: [ParNew: 27328K->5440K(27328K), 0.0131070 secs] 3534099K->3512320K(4188864K) icms_dc=0 , 0.0132290 secs] [Times: user=0.16 sys=0.00, real=0.01 secs] 
Total time for which application threads were stopped: 0.0136740 seconds
2012-01-20T10:02:26.194+0000: 3540.572: [GC 3540.572: [ParNew: 27328K->5440K(27328K), 0.0162160 secs] 3534208K->3513275K(4188864K) icms_dc=0 , 0.0163510 secs] [Times: user=0.18 sys=0.01, real=0.02 secs] 
Total time for which application threads were stopped: 0.0167280 seconds
2012-01-20T10:02:27.570+0000: 3541.948: [GC 3541.949: [ParNew: 27328K->5223K(27328K), 0.0142840 secs] 3535163K->3513526K(4188864K) icms_dc=0 , 0.0144160 secs] [Times: user=0.17 sys=0.00, real=0.01 secs] 
Total time for which application threads were stopped: 0.0148010 seconds
2012-01-20T10:02:29.118+0000: 3543.497: [GC 3543.497: [ParNew: 27111K->5440K(27328K), 0.0144560 secs] 3535414K->3514209K(4188864K) icms_dc=0 , 0.0145840 secs] [Times: user=0.17 sys=0.01, real=0.01 secs] 
Total time for which application threads were stopped: 0.0149790 seconds
Total time for which application threads were stopped: 0.0002620 seconds
2012-01-20T10:02:30.594+0000: 3544.973: [GC 3544.973: [ParNew: 27328K->5440K(27328K), 0.0148170 secs] 3536097K->3514616K(4188864K) icms_dc=0 , 0.0149470 secs] [Times: user=0.17 sys=0.01, real=0.02 secs] 
Total time for which application threads were stopped: 0.0153570 seconds
2012-01-20T10:02:31.936+0000: 3546.314: [GC 3546.314: [ParNew: 27328K->5440K(27328K), 0.0186520 secs] 3536504K->3515236K(4188864K) icms_dc=0 , 0.0187830 secs] [Times: user=0.21 sys=0.01, real=0.02 secs] 
Total time for which application threads were stopped: 0.0191340 seconds
2012-01-20T10:02:33.363+0000: 3547.741: [GC 3547.741: [ParNew: 27328K->5440K(27328K), 0.0142410 secs] 3537124K->3515480K(4188864K) icms_dc=0 , 0.0143700 secs] [Times: user=0.17 sys=0.00, real=0.01 secs] 
Total time for which application threads were stopped: 0.0147360 seconds
2012-01-20T10:02:35.082+0000: 3549.460: [GC 3549.460: [ParNew: 27328K->5440K(27328K), 0.0147680 secs] 3537368K->3515882K(4188864K) icms_dc=0 , 0.0148990 secs] [Times: user=0.17 sys=0.00, real=0.01 secs] 
Total time for which application threads were stopped: 0.0153030 seconds
2012-01-20T10:02:36.808+0000: 3551.186: [GC 3551.186: [ParNew: 27328K->5440K(27328K), 0.0159040 secs] 3537770K->3516853K(4188864K) icms_dc=0 , 0.0160360 secs] [Times: user=0.17 sys=0.00, real=0.02 secs] 
Total time for which application threads were stopped: 0.0163920 seconds
2012-01-20T10:02:38.349+0000: 3552.727: [GC 3552.727: [ParNew: 27328K->5440K(27328K), 0.0167990 secs] 3538741K->3517649K(4188864K) icms_dc=0 , 0.0169230 secs] [Times: user=0.20 sys=0.00, real=0.02 secs] 
Total time for which application threads were stopped: 0.0172840 seconds
2012-01-20T10:02:39.680+0000: 3554.059: [GC 3554.059: [ParNew: 27328K->5440K(27328K), 0.0197080 secs] 3539537K->3518726K(4188864K) icms_dc=0 , 0.0198440 secs] [Times: user=0.22 sys=0.01, real=0.02 secs] 
Total time for which application threads were stopped: 0.0202740 seconds
Total time for which application threads were stopped: 0.0001460 seconds
2012-01-20T10:02:41.131+0000: 3555.510: [GC 3555.510: [ParNew: 27328K->5440K(27328K), 0.0166480 secs] 3540614K->3520488K(4188864K) icms_dc=0 , 0.0167840 secs] [Times: user=0.18 sys=0.00, real=0.01 secs] 
Total time for which application threads were stopped: 0.0172400 seconds
2012-01-20T10:02:42.637+0000: 3557.015: [GC 3557.015: [ParNew: 27328K->5440K(27328K), 0.0128750 secs] 3542376K->3520597K(4188864K) icms_dc=0 , 0.0130070 secs] [Times: user=0.15 sys=0.01, real=0.02 secs] 
Total time for which application threads were stopped: 0.0133860 seconds
2012-01-20T10:02:44.103+0000: 3558.482: [GC 3558.482: [ParNew: 27328K->5438K(27328K), 0.0145490 secs] 3542485K->3521708K(4188864K) icms_dc=0 , 0.0146780 secs] [Times: user=0.16 sys=0.00, real=0.01 secs] 
Total time for which application threads were stopped: 0.0151160 seconds
2012-01-20T10:02:45.432+0000: 3559.811: [GC 3559.811: [ParNew: 27326K->5440K(27328K), 0.0130940 secs] 3543596K->3521710K(4188864K) icms_dc=0 , 0.0132160 secs] [Times: user=0.16 sys=0.00, real=0.01 secs] 
Total time for which application threads were stopped: 0.0135840 seconds
2012-01-20T10:02:46.810+0000: 3561.188: [GC 3561.189: [ParNew: 27328K->5440K(27328K), 0.0144670 secs] 3543598K->3522360K(4188864K) icms_dc=0 , 0.0145940 secs] [Times: user=0.16 sys=0.00, real=0.01 secs] 
Total time for which application threads were stopped: 0.0149610 seconds
Total time for which application threads were stopped: 0.0004440 seconds
2012-01-20T10:02:48.389+0000: 3562.768: [GC 3562.768: [ParNew: 27328K->5440K(27328K), 0.0137960 secs] 3544248K->3522859K(4188864K) icms_dc=0 , 0.0139220 secs] [Times: user=0.16 sys=0.00, real=0.02 secs] 
Total time for which application threads were stopped: 0.0143310 seconds
2012-01-20T10:02:49.881+0000: 3564.259: [GC 3564.259: [ParNew: 27328K->5440K(27328K), 0.0142240 secs] 3544747K->3523409K(4188864K) icms_dc=0 , 0.0143490 secs] [Times: user=0.16 sys=0.00, real=0.01 secs] 
Total time for which application threads were stopped: 0.0147680 seconds
Total time for which application threads were stopped: 0.0001860 seconds
2012-01-20T10:02:51.404+0000: 3565.783: [GC 3565.783: [ParNew: 27328K->5440K(27328K), 0.0160110 secs] 3545297K->3524391K(4188864K) icms_dc=0 , 0.0161390 secs] [Times: user=0.18 sys=0.00, real=0.01 secs] 
Total time for which application threads were stopped: 0.0165330 seconds
2012-01-20T10:02:52.760+0000: 3567.138: [GC 3567.138: [ParNew: 27328K->5440K(27328K), 0.0139510 secs] 3546279K->3525105K(4188864K) icms_dc=0 , 0.0140810 secs] [Times: user=0.15 sys=0.00, real=0.02 secs] 
Total time for which application threads were stopped: 0.0144980 seconds
2012-01-20T10:02:54.183+0000: 3568.562: [GC 3568.562: [ParNew: 27328K->5440K(27328K), 0.0129240 secs] 3546993K->3525188K(4188864K) icms_dc=0 , 0.0130460 secs] [Times: user=0.15 sys=0.00, real=0.01 secs] 
Total time for which application threads were stopped: 0.0134100 seconds
2012-01-20T10:02:55.483+0000: 3569.862: [GC 3569.862: [ParNew: 27328K->5440K(27328K), 0.0161100 secs] 3547076K->3526257K(4188864K) icms_dc=0 , 0.0162350 secs] [Times: user=0.17 sys=0.00, real=0.01 secs] 
Total time for which application threads were stopped: 0.0166230 seconds
2012-01-20T10:02:57.076+0000: 3571.454: [GC 3571.454: [ParNew: 27328K->5440K(27328K), 0.0128630 secs] 3548145K->3526289K(4188864K) icms_dc=0 , 0.0129840 secs] [Times: user=0.15 sys=0.01, real=0.01 secs] 
Total time for which application threads were stopped: 0.0133550 seconds
2012-01-20T10:02:58.672+0000: 3573.050: [GC 3573.050: [ParNew: 27328K->5440K(27328K), 0.0157440 secs] 3548177K->3527275K(4188864K) icms_dc=0 , 0.0158690 secs] [Times: user=0.17 sys=0.00, real=0.01 secs] 
Total time for which application threads were stopped: 0.0163070 seconds
Total time for which application threads were stopped: 0.0002720 seconds
2012-01-20T10:03:00.302+0000: 3574.680: [GC 3574.680: [ParNew: 27328K->5440K(27328K), 0.0153560 secs] 3549163K->3528504K(4188864K) icms_dc=0 , 0.0154840 secs] [Times: user=0.17 sys=0.00, real=0.01 secs] 
Total time for which application threads were stopped: 0.0157450 seconds
2012-01-20T10:03:01.722+0000: 3576.100: [GC 3576.100: [ParNew: 27328K->5440K(27328K), 0.0130540 secs] 3550392K->3528582K(4188864K) icms_dc=0 , 0.0131760 secs] [Times: user=0.16 sys=0.00, real=0.01 secs] 
Total time for which application threads were stopped: 0.0135720 seconds
2012-01-20T10:03:02.968+0000: 3577.347: [GC 3577.347: [ParNew: 27328K->5440K(27328K), 0.0151280 secs] 3550470K->3529645K(4188864K) icms_dc=0 , 0.0152580 secs] [Times: user=0.17 sys=0.01, real=0.02 secs] 
Total time for which application threads were stopped: 0.0156420 seconds
2012-01-20T10:03:04.203+0000: 3578.581: [GC 3578.581: [ParNew: 27328K->5440K(27328K), 0.0126320 secs] 3551533K->3529645K(4188864K) icms_dc=0 , 0.0127570 secs] [Times: user=0.15 sys=0.01, real=0.01 secs] 
Total time for which application threads were stopped: 0.0131690 seconds
2012-01-20T10:03:05.424+0000: 3579.802: [GC 3579.802: [ParNew: 27328K->5440K(27328K), 0.0141470 secs] 3551533K->3530385K(4188864K) icms_dc=0 , 0.0142720 secs] [Times: user=0.16 sys=0.00, real=0.01 secs] 
Total time for which application threads were stopped: 0.0146460 seconds
2012-01-20T10:03:06.872+0000: 3581.250: [GC 3581.250: [ParNew: 27328K->5440K(27328K), 0.0135210 secs] 3552273K->3530651K(4188864K) icms_dc=0 , 0.0136460 secs] [Times: user=0.16 sys=0.00, real=0.02 secs] 
Total time for which application threads were stopped: 0.0140440 seconds
2012-01-20T10:03:08.643+0000: 3583.022: [GC 3583.022: [ParNew: 27328K->5440K(27328K), 0.0160890 secs] 3552539K->3531220K(4188864K) icms_dc=0 , 0.0162140 secs] [Times: user=0.18 sys=0.00, real=0.01 secs] 
Total time for which application threads were stopped: 0.0166150 seconds
Total time for which application threads were stopped: 0.0002770 seconds
2012-01-20T10:03:09.990+0000: 3584.368: [GC 3584.368: [ParNew: 27328K->5440K(27328K), 0.0150140 secs] 3553108K->3532020K(4188864K) icms_dc=0 , 0.0151460 secs] [Times: user=0.17 sys=0.00, real=0.02 secs] 
Total time for which application threads were stopped: 0.0153600 seconds
2012-01-20T10:03:11.350+0000: 3585.729: [GC 3585.729: [ParNew: 27328K->5440K(27328K), 0.0158970 secs] 3553908K->3532839K(4188864K) icms_dc=0 , 0.0160290 secs] [Times: user=0.17 sys=0.01, real=0.02 secs] 
Total time for which application threads were stopped: 0.0164040 seconds
2012-01-20T10:03:12.754+0000: 3587.133: [GC 3587.133: [ParNew: 27328K->5440K(27328K), 0.0150230 secs] 3554727K->3533733K(4188864K) icms_dc=0 , 0.0151490 secs] [Times: user=0.17 sys=0.01, real=0.01 secs] 
Total time for which application threads were stopped: 0.0155310 seconds
2012-01-20T10:03:14.152+0000: 3588.530: [GC 3588.530: [ParNew: 27328K->5440K(27328K), 0.0178650 secs] 3555621K->3534653K(4188864K) icms_dc=0 , 0.0179930 secs] [Times: user=0.21 sys=0.00, real=0.02 secs] 
Total time for which application threads were stopped: 0.0183700 seconds
2012-01-20T10:03:15.639+0000: 3590.018: [GC 3590.018: [ParNew: 27328K->5440K(27328K), 0.0159890 secs] 3556541K->3535651K(4188864K) icms_dc=0 , 0.0161180 secs] [Times: user=0.18 sys=0.01, real=0.02 secs] 
Total time for which application threads were stopped: 0.0164850 seconds
2012-01-20T10:03:17.095+0000: 3591.473: [GC 3591.473: [ParNew: 27328K->5440K(27328K), 0.0175910 secs] 3557539K->3536697K(4188864K) icms_dc=0 , 0.0177220 secs] [Times: user=0.20 sys=0.00, real=0.02 secs] 
Total time for which application threads were stopped: 0.0181140 seconds
2012-01-20T10:03:18.726+0000: 3593.104: [GC 3593.104: [ParNew: 27328K->5440K(27328K), 0.0162930 secs] 3558585K->3537517K(4188864K) icms_dc=0 , 0.0164190 secs] [Times: user=0.18 sys=0.01, real=0.01 secs] 
Total time for which application threads were stopped: 0.0168500 seconds
Total time for which application threads were stopped: 0.0002690 seconds
2012-01-20T10:03:20.157+0000: 3594.535: [GC 3594.535: [ParNew: 27328K->5440K(27328K), 0.0144310 secs] 3559405K->3537621K(4188864K) icms_dc=0 , 0.0145560 secs] [Times: user=0.17 sys=0.00, real=0.01 secs] 
Total time for which application threads were stopped: 0.0148040 seconds
2012-01-20T10:03:21.529+0000: 3595.907: [GC 3595.907: [ParNew: 27328K->5440K(27328K), 0.0166430 secs] 3559509K->3538693K(4188864K) icms_dc=0 , 0.0167690 secs] [Times: user=0.19 sys=0.01, real=0.02 secs] 
Total time for which application threads were stopped: 0.0171450 seconds
2012-01-20T10:03:23.028+0000: 3597.406: [GC 3597.407: [ParNew: 27328K->5440K(27328K), 0.0128240 secs] 3560581K->3538744K(4188864K) icms_dc=0 , 0.0129500 secs] [Times: user=0.15 sys=0.01, real=0.01 secs] 
Total time for which application threads were stopped: 0.0133220 seconds
2012-01-20T10:03:24.389+0000: 3598.767: [GC 3598.768: [ParNew: 27328K->5440K(27328K), 0.0155920 secs] 3560632K->3539700K(4188864K) icms_dc=0 , 0.0157180 secs] [Times: user=0.16 sys=0.00, real=0.02 secs] 
Total time for which application threads were stopped: 0.0161010 seconds
2012-01-20T10:03:25.878+0000: 3600.256: [GC 3600.256: [ParNew: 27328K->5440K(27328K), 0.0136510 secs] 3561588K->3540018K(4188864K) icms_dc=0 , 0.0137730 secs] [Times: user=0.15 sys=0.00, real=0.01 secs] 
Total time for which application threads were stopped: 0.0142130 seconds
2012-01-20T10:03:27.365+0000: 3601.743: [GC 3601.743: [ParNew: 27328K->5440K(27328K), 0.0197570 secs] 3561906K->3541499K(4188864K) icms_dc=0 , 0.0198820 secs] [Times: user=0.22 sys=0.00, real=0.02 secs] 
Total time for which application threads were stopped: 0.0202640 seconds
2012-01-20T10:03:28.717+0000: 3603.095: [GC 3603.095: [ParNew: 27328K->5440K(27328K), 0.0156370 secs] 3563387K->3542687K(4188864K) icms_dc=0 , 0.0157700 secs] [Times: user=0.17 sys=0.01, real=0.01 secs] 
Total time for which application threads were stopped: 0.0161280 seconds
Total time for which application threads were stopped: 0.0003390 seconds
2012-01-20T10:03:30.213+0000: 3604.591: [GC 3604.591: [ParNew: 27328K->5440K(27328K), 0.0149310 secs] 3564575K->3543055K(4188864K) icms_dc=0 , 0.0150490 secs] [Times: user=0.17 sys=0.01, real=0.02 secs] 
Total time for which application threads were stopped: 0.0153620 seconds
2012-01-20T10:03:31.635+0000: 3606.014: [GC 3606.014: [ParNew: 27328K->5440K(27328K), 0.0163730 secs] 3564943K->3544328K(4188864K) icms_dc=0 , 0.0165200 secs] [Times: user=0.18 sys=0.00, real=0.01 secs] 
Total time for which application threads were stopped: 0.0169830 seconds
2012-01-20T10:03:33.051+0000: 3607.429: [GC 3607.429: [ParNew: 27328K->5440K(27328K), 0.0164830 secs] 3566216K->3545356K(4188864K) icms_dc=0 , 0.0166130 secs] [Times: user=0.19 sys=0.01, real=0.02 secs] 
Total time for which application threads were stopped: 0.0169820 seconds
2012-01-20T10:03:34.592+0000: 3608.970: [GC 3608.970: [ParNew: 27328K->5440K(27328K), 0.0168450 secs] 3567244K->3546531K(4188864K) icms_dc=0 , 0.0169780 secs] [Times: user=0.17 sys=0.01, real=0.02 secs] 
Total time for which application threads were stopped: 0.0173710 seconds
2012-01-20T10:03:36.055+0000: 3610.433: [GC 3610.433: [ParNew: 27328K->5440K(27328K), 0.0127960 secs] 3568419K->3546541K(4188864K) icms_dc=0 , 0.0129240 secs] [Times: user=0.15 sys=0.00, real=0.01 secs] 
Total time for which application threads were stopped: 0.0133230 seconds
2012-01-20T10:03:37.673+0000: 3612.051: [GC 3612.051: [ParNew: 27328K->5440K(27328K), 0.0161400 secs] 3568429K->3547922K(4188864K) icms_dc=0 , 0.0162700 secs] [Times: user=0.18 sys=0.01, real=0.02 secs] 
Total time for which application threads were stopped: 0.0166910 seconds
2012-01-20T10:03:39.325+0000: 3613.703: [GC 3613.703: [ParNew: 27328K->5440K(27328K), 0.0137010 secs] 3569810K->3547922K(4188864K) icms_dc=0 , 0.0138440 secs] [Times: user=0.17 sys=0.00, real=0.02 secs] 
Total time for which application threads were stopped: 0.0143220 seconds
Total time for which application threads were stopped: 0.0003260 seconds
2012-01-20T10:03:40.642+0000: 3615.020: [GC 3615.020: [ParNew: 27328K->5440K(27328K), 0.0150840 secs] 3569810K->3548724K(4188864K) icms_dc=0 , 0.0152190 secs] [Times: user=0.17 sys=0.00, real=0.02 secs] 
Total time for which application threads were stopped: 0.0156270 seconds
2012-01-20T10:03:42.042+0000: 3616.420: [GC 3616.420: [ParNew: 27328K->5440K(27328K), 0.0134490 secs] 3570612K->3548796K(4188864K) icms_dc=0 , 0.0135770 secs] [Times: user=0.16 sys=0.00, real=0.01 secs] 
Total time for which application threads were stopped: 0.0139510 seconds
2012-01-20T10:03:43.508+0000: 3617.886: [GC 3617.886: [ParNew: 27328K->5440K(27328K), 0.0149550 secs] 3570684K->3549723K(4188864K) icms_dc=0 , 0.0150800 secs] [Times: user=0.17 sys=0.01, real=0.01 secs] 
Total time for which application threads were stopped: 0.0154390 seconds
2012-01-20T10:03:45.050+0000: 3619.428: [GC 3619.428: [ParNew: 27328K->5440K(27328K), 0.0138830 secs] 3571611K->3550469K(4188864K) icms_dc=0 , 0.0140130 secs] [Times: user=0.16 sys=0.01, real=0.01 secs] 
Total time for which application threads were stopped: 0.0144410 seconds
2012-01-20T10:03:46.504+0000: 3620.882: [GC 3620.883: [ParNew: 27328K->5440K(27328K), 0.0129230 secs] 3572357K->3550609K(4188864K) icms_dc=0 , 0.0130460 secs] [Times: user=0.16 sys=0.01, real=0.02 secs] 
Total time for which application threads were stopped: 0.0135170 seconds
2012-01-20T10:03:48.012+0000: 3622.390: [GC 3622.390: [ParNew: 27328K->5440K(27328K), 0.0138950 secs] 3572497K->3551106K(4188864K) icms_dc=0 , 0.0140180 secs] [Times: user=0.16 sys=0.00, real=0.01 secs] 
Total time for which application threads were stopped: 0.0143870 seconds
2012-01-20T10:03:49.451+0000: 3623.830: [GC 3623.830: [ParNew: 27328K->5440K(27328K), 0.0171210 secs] 3572994K->3552006K(4188864K) icms_dc=0 , 0.0172490 secs] [Times: user=0.20 sys=0.00, real=0.02 secs] 
Total time for which application threads were stopped: 0.0176250 seconds
Total time for which application threads were stopped: 0.0005060 seconds
2012-01-20T10:03:50.982+0000: 3625.360: [GC 3625.360: [ParNew: 27328K->5440K(27328K), 0.0153840 secs] 3573894K->3553092K(4188864K) icms_dc=0 , 0.0155070 secs] [Times: user=0.17 sys=0.00, real=0.01 secs] 
Total time for which application threads were stopped: 0.0159120 seconds
2012-01-20T10:03:52.490+0000: 3626.869: [GC 3626.869: [ParNew: 27328K->5440K(27328K), 0.0140570 secs] 3574980K->3553455K(4188864K) icms_dc=0 , 0.0141740 secs] [Times: user=0.16 sys=0.00, real=0.01 secs] 
Total time for which application threads were stopped: 0.0146010 seconds
2012-01-20T10:03:53.872+0000: 3628.250: [GC 3628.250: [ParNew: 27328K->5440K(27328K), 0.0165450 secs] 3575343K->3554622K(4188864K) icms_dc=0 , 0.0166670 secs] [Times: user=0.19 sys=0.01, real=0.02 secs] 
Total time for which application threads were stopped: 0.0170360 seconds
2012-01-20T10:03:55.320+0000: 3629.699: [GC 3629.699: [ParNew: 27328K->5440K(27328K), 0.0150620 secs] 3576510K->3555490K(4188864K) icms_dc=0 , 0.0151790 secs] [Times: user=0.17 sys=0.00, real=0.01 secs] 
Total time for which application threads were stopped: 0.0155670 seconds
2012-01-20T10:03:56.811+0000: 3631.189: [GC 3631.189: [ParNew: 27328K->5440K(27328K), 0.0154850 secs] 3577378K->3556802K(4188864K) icms_dc=0 , 0.0156050 secs] [Times: user=0.17 sys=0.00, real=0.01 secs] 
Total time for which application threads were stopped: 0.0159770 seconds
2012-01-20T10:03:58.299+0000: 3632.677: [GC 3632.677: [ParNew: 27328K->5440K(27328K), 0.0136390 secs] 3578690K->3556899K(4188864K) icms_dc=0 , 0.0137600 secs] [Times: user=0.17 sys=0.01, real=0.01 secs] 
Total time for which application threads were stopped: 0.0141500 seconds
2012-01-20T10:03:59.716+0000: 3634.094: [GC 3634.094: [ParNew: 27328K->5440K(27328K), 0.0166770 secs] 3578787K->3558353K(4188864K) icms_dc=0 , 0.0167940 secs] [Times: user=0.18 sys=0.00, real=0.02 secs] 
Total time for which application threads were stopped: 0.0171490 seconds
Total time for which application threads were stopped: 0.0001320 seconds
2012-01-20T10:04:01.171+0000: 3635.550: [GC 3635.550: [ParNew: 27328K->5440K(27328K), 0.0145270 secs] 3580241K->3558407K(4188864K) icms_dc=0 , 0.0146590 secs] [Times: user=0.18 sys=0.00, real=0.01 secs] 
Total time for which application threads were stopped: 0.0150770 seconds
2012-01-20T10:04:02.414+0000: 3636.792: [GC 3636.792: [ParNew: 27328K->5440K(27328K), 0.0157030 secs] 3580295K->3559333K(4188864K) icms_dc=0 , 0.0158290 secs] [Times: user=0.17 sys=0.01, real=0.02 secs] 
Total time for which application threads were stopped: 0.0161990 seconds
2012-01-20T10:04:03.891+0000: 3638.270: [GC 3638.270: [ParNew: 27328K->5440K(27328K), 0.0146950 secs] 3581221K->3559900K(4188864K) icms_dc=0 , 0.0148160 secs] [Times: user=0.17 sys=0.00, real=0.01 secs] 
Total time for which application threads were stopped: 0.0151890 seconds
2012-01-20T10:04:05.219+0000: 3639.597: [GC 3639.598: [ParNew: 27328K->5440K(27328K), 0.0165050 secs] 3581788K->3561030K(4188864K) icms_dc=0 , 0.0166300 secs] [Times: user=0.18 sys=0.01, real=0.01 secs] 
Total time for which application threads were stopped: 0.0170120 seconds
2012-01-20T10:04:06.801+0000: 3641.179: [GC 3641.179: [ParNew: 27328K->5440K(27328K), 0.0181390 secs] 3582918K->3562509K(4188864K) icms_dc=0 , 0.0183030 secs] [Times: user=0.20 sys=0.00, real=0.02 secs] 
Total time for which application threads were stopped: 0.0186940 seconds
2012-01-20T10:04:08.266+0000: 3642.644: [GC 3642.644: [ParNew: 27328K->5440K(27328K), 0.0136140 secs] 3584397K->3562522K(4188864K) icms_dc=0 , 0.0137370 secs] [Times: user=0.16 sys=0.00, real=0.02 secs] 
Total time for which application threads were stopped: 0.0141410 seconds
2012-01-20T10:04:09.654+0000: 3644.032: [GC 3644.032: [ParNew: 27328K->5440K(27328K), 0.0150650 secs] 3584410K->3563378K(4188864K) icms_dc=0 , 0.0151860 secs] [Times: user=0.16 sys=0.00, real=0.02 secs] 
Total time for which application threads were stopped: 0.0155570 seconds
Total time for which application threads were stopped: 0.0001530 seconds
2012-01-20T10:04:11.228+0000: 3645.606: [GC 3645.606: [ParNew: 27328K->5440K(27328K), 0.0137790 secs] 3585266K->3563826K(4188864K) icms_dc=0 , 0.0139000 secs] [Times: user=0.15 sys=0.01, real=0.02 secs] 
Total time for which application threads were stopped: 0.0142600 seconds
2012-01-20T10:04:12.692+0000: 3647.070: [GC 3647.070: [ParNew: 27328K->5440K(27328K), 0.0143970 secs] 3585714K->3564405K(4188864K) icms_dc=0 , 0.0145170 secs] [Times: user=0.17 sys=0.00, real=0.01 secs] 
Total time for which application threads were stopped: 0.0149270 seconds
2012-01-20T10:04:14.250+0000: 3648.628: [GC 3648.628: [ParNew: 27328K->5440K(27328K), 0.0135140 secs] 3586293K->3564762K(4188864K) icms_dc=0 , 0.0136360 secs] [Times: user=0.16 sys=0.00, real=0.01 secs] 
Total time for which application threads were stopped: 0.0140040 seconds
2012-01-20T10:04:15.700+0000: 3650.078: [GC 3650.078: [ParNew: 27328K->5440K(27328K), 0.0153380 secs] 3586650K->3565627K(4188864K) icms_dc=0 , 0.0154600 secs] [Times: user=0.17 sys=0.00, real=0.01 secs] 
Total time for which application threads were stopped: 0.0158410 seconds
2012-01-20T10:04:17.175+0000: 3651.553: [GC 3651.553: [ParNew: 27328K->5440K(27328K), 0.0148040 secs] 3587515K->3566404K(4188864K) icms_dc=0 , 0.0149260 secs] [Times: user=0.16 sys=0.00, real=0.01 secs] 
Total time for which application threads were stopped: 0.0153670 seconds
2012-01-20T10:04:18.676+0000: 3653.054: [GC 3653.054: [ParNew: 27328K->5440K(27328K), 0.0151710 secs] 3588292K->3567468K(4188864K) icms_dc=0 , 0.0152930 secs] [Times: user=0.17 sys=0.01, real=0.02 secs] 
Total time for which application threads were stopped: 0.0156540 seconds
2012-01-20T10:04:20.128+0000: 3654.506: [GC 3654.507: [ParNew: 27328K->5440K(27328K), 0.0169740 secs] 3589356K->3568735K(4188864K) icms_dc=0 , 0.0171040 secs] [Times: user=0.18 sys=0.00, real=0.02 secs] 
Total time for which application threads were stopped: 0.0174870 seconds
Total time for which application threads were stopped: 0.0001740 seconds
2012-01-20T10:04:21.604+0000: 3655.982: [GC 3655.982: [ParNew: 27328K->5440K(27328K), 0.0126540 secs] 3590623K->3568785K(4188864K) icms_dc=0 , 0.0127780 secs] [Times: user=0.15 sys=0.00, real=0.01 secs] 
Total time for which application threads were stopped: 0.0131530 seconds
2012-01-20T10:04:22.977+0000: 3657.355: [GC 3657.355: [ParNew: 27328K->5440K(27328K), 0.0152490 secs] 3590673K->3569731K(4188864K) icms_dc=0 , 0.0153740 secs] [Times: user=0.17 sys=0.01, real=0.02 secs] 
Total time for which application threads were stopped: 0.0157420 seconds
2012-01-20T10:04:24.289+0000: 3658.667: [GC 3658.668: [ParNew: 27328K->5440K(27328K), 0.0151490 secs] 3591619K->3570514K(4188864K) icms_dc=0 , 0.0152730 secs] [Times: user=0.17 sys=0.00, real=0.02 secs] 
Total time for which application threads were stopped: 0.0156910 seconds
2012-01-20T10:04:25.621+0000: 3659.999: [GC 3659.999: [ParNew: 27328K->5440K(27328K), 0.0165470 secs] 3592402K->3571414K(4188864K) icms_dc=0 , 0.0166730 secs] [Times: user=0.19 sys=0.00, real=0.02 secs] 
Total time for which application threads were stopped: 0.0170940 seconds
2012-01-20T10:04:27.098+0000: 3661.476: [GC 3661.476: [ParNew: 27328K->5440K(27328K), 0.0160490 secs] 3593302K->3572781K(4188864K) icms_dc=0 , 0.0161810 secs] [Times: user=0.16 sys=0.00, real=0.02 secs] 
Total time for which application threads were stopped: 0.0166200 seconds
2012-01-20T10:04:28.593+0000: 3662.971: [GC 3662.971: [ParNew: 27328K->5440K(27328K), 0.0150930 secs] 3594669K->3573782K(4188864K) icms_dc=0 , 0.0152200 secs] [Times: user=0.16 sys=0.01, real=0.01 secs] 
Total time for which application threads were stopped: 0.0156340 seconds
2012-01-20T10:04:30.095+0000: 3664.473: [GC 3664.473: [ParNew: 27328K->5440K(27328K), 0.0149880 secs] 3595670K->3574824K(4188864K) icms_dc=0 , 0.0151120 secs] [Times: user=0.17 sys=0.01, real=0.01 secs] 
Total time for which application threads were stopped: 0.0155190 seconds
Total time for which application threads were stopped: 0.0001800 seconds
2012-01-20T10:04:31.788+0000: 3666.167: [GC 3666.167: [ParNew: 27328K->5440K(27328K), 0.0157730 secs] 3596712K->3576177K(4188864K) icms_dc=0 , 0.0159010 secs] [Times: user=0.18 sys=0.00, real=0.02 secs] 
Total time for which application threads were stopped: 0.0163400 seconds
2012-01-20T10:04:33.367+0000: 3667.745: [GC 3667.745: [ParNew: 27328K->5440K(27328K), 0.0147680 secs] 3598065K->3577032K(4188864K) icms_dc=0 , 0.0148930 secs] [Times: user=0.16 sys=0.01, real=0.02 secs] 
Total time for which application threads were stopped: 0.0153120 seconds
2012-01-20T10:04:34.861+0000: 3669.239: [GC 3669.239: [ParNew: 27328K->5440K(27328K), 0.0148730 secs] 3598920K->3578003K(4188864K) icms_dc=0 , 0.0149940 secs] [Times: user=0.17 sys=0.00, real=0.02 secs] 
Total time for which application threads were stopped: 0.0153980 seconds
2012-01-20T10:04:36.274+0000: 3670.653: [GC 3670.653: [ParNew: 27328K->5440K(27328K), 0.0141180 secs] 3599891K->3578768K(4188864K) icms_dc=0 , 0.0142440 secs] [Times: user=0.16 sys=0.00, real=0.01 secs] 
Total time for which application threads were stopped: 0.0146280 seconds
2012-01-20T10:04:37.579+0000: 3671.957: [GC 3671.957: [ParNew: 27328K->5440K(27328K), 0.0147690 secs] 3600656K->3579533K(4188864K) icms_dc=0 , 0.0148960 secs] [Times: user=0.16 sys=0.00, real=0.02 secs] 
Total time for which application threads were stopped: 0.0152740 seconds
2012-01-20T10:04:39.098+0000: 3673.476: [GC 3673.476: [ParNew: 27328K->5440K(27328K), 0.0148790 secs] 3601421K->3580285K(4188864K) icms_dc=0 , 0.0150060 secs] [Times: user=0.17 sys=0.00, real=0.02 secs] 
Total time for which application threads were stopped: 0.0153850 seconds
Total time for which application threads were stopped: 0.0002290 seconds
2012-01-20T10:04:40.547+0000: 3674.926: [GC 3674.926: [ParNew: 27328K->5440K(27328K), 0.0146400 secs] 3602173K->3581103K(4188864K) icms_dc=0 , 0.0147650 secs] [Times: user=0.17 sys=0.01, real=0.01 secs] 
Total time for which application threads were stopped: 0.0150480 seconds
2012-01-20T10:04:41.929+0000: 3676.307: [GC 3676.307: [ParNew: 27328K->5440K(27328K), 0.0149610 secs] 3602991K->3582256K(4188864K) icms_dc=0 , 0.0150900 secs] [Times: user=0.17 sys=0.01, real=0.02 secs] 
Total time for which application threads were stopped: 0.0155240 seconds
2012-01-20T10:04:43.373+0000: 3677.751: [GC 3677.751: [ParNew: 27328K->5440K(27328K), 0.0153090 secs] 3604144K->3583112K(4188864K) icms_dc=0 , 0.0154360 secs] [Times: user=0.18 sys=0.00, real=0.02 secs] 
Total time for which application threads were stopped: 0.0158680 seconds
2012-01-20T10:04:44.807+0000: 3679.185: [GC 3679.186: [ParNew: 27328K->5440K(27328K), 0.0152840 secs] 3605000K->3583891K(4188864K) icms_dc=0 , 0.0154080 secs] [Times: user=0.17 sys=0.00, real=0.01 secs] 
Total time for which application threads were stopped: 0.0158390 seconds
2012-01-20T10:04:46.262+0000: 3680.641: [GC 3680.641: [ParNew: 27328K->5440K(27328K), 0.0145790 secs] 3605779K->3584732K(4188864K) icms_dc=0 , 0.0147060 secs] [Times: user=0.16 sys=0.01, real=0.02 secs] 
Total time for which application threads were stopped: 0.0150780 seconds
Total time for which application threads were stopped: 0.0004870 seconds
2012-01-20T10:04:47.734+0000: 3682.112: [GC 3682.112: [ParNew: 27328K->5440K(27328K), 0.0157890 secs] 3606620K->3585874K(4188864K) icms_dc=0 , 0.0159230 secs] [Times: user=0.17 sys=0.01, real=0.01 secs] 
Total time for which application threads were stopped: 0.0162910 seconds
2012-01-20T10:04:49.381+0000: 3683.759: [GC 3683.759: [ParNew: 27328K->5440K(27328K), 0.0156960 secs] 3607762K->3586777K(4188864K) icms_dc=0 , 0.0158220 secs] [Times: user=0.16 sys=0.01, real=0.02 secs] 
Total time for which application threads were stopped: 0.0162500 seconds
Total time for which application threads were stopped: 0.0002440 seconds
2012-01-20T10:04:51.061+0000: 3685.439: [GC 3685.439: [ParNew: 27328K->5440K(27328K), 0.0148730 secs] 3608665K->3587841K(4188864K) icms_dc=0 , 0.0150100 secs] [Times: user=0.17 sys=0.01, real=0.02 secs] 
Total time for which application threads were stopped: 0.0154210 seconds
2012-01-20T10:04:52.538+0000: 3686.916: [GC 3686.916: [ParNew: 27328K->5440K(27328K), 0.0150640 secs] 3609729K->3588845K(4188864K) icms_dc=0 , 0.0151910 secs] [Times: user=0.17 sys=0.00, real=0.01 secs] 
Total time for which application threads were stopped: 0.0155650 seconds
2012-01-20T10:04:54.120+0000: 3688.498: [GC 3688.498: [ParNew: 27328K->5440K(27328K), 0.0151440 secs] 3610733K->3589963K(4188864K) icms_dc=0 , 0.0152660 secs] [Times: user=0.17 sys=0.01, real=0.02 secs] 
Total time for which application threads were stopped: 0.0156460 seconds
2012-01-20T10:04:55.635+0000: 3690.013: [GC 3690.014: [ParNew: 27328K->5440K(27328K), 0.0148880 secs] 3611851K->3589980K(4188864K) icms_dc=0 , 0.0150120 secs] [Times: user=0.18 sys=0.00, real=0.01 secs] 
Total time for which application threads were stopped: 0.0153890 seconds
2012-01-20T10:04:56.973+0000: 3691.351: [GC 3691.351: [ParNew: 27328K->5440K(27328K), 0.0165110 secs] 3611868K->3591037K(4188864K) icms_dc=0 , 0.0166380 secs] [Times: user=0.19 sys=0.00, real=0.02 secs] 
Total time for which application threads were stopped: 0.0170260 seconds
2012-01-20T10:04:58.485+0000: 3692.863: [GC 3692.863: [ParNew: 27328K->5275K(27328K), 0.0125140 secs] 3612925K->3590873K(4188864K) icms_dc=0 , 0.0126380 secs] [Times: user=0.15 sys=0.00, real=0.01 secs] 
Total time for which application threads were stopped: 0.0130830 seconds
2012-01-20T10:05:00.049+0000: 3694.427: [GC 3694.427: [ParNew: 27163K->5440K(27328K), 0.0143030 secs] 3612761K->3591481K(4188864K) icms_dc=0 , 0.0144280 secs] [Times: user=0.15 sys=0.01, real=0.01 secs] 
Total time for which application threads were stopped: 0.0147870 seconds
Total time for which application threads were stopped: 0.0001330 seconds
2012-01-20T10:05:01.631+0000: 3696.009: [GC 3696.009: [ParNew: 27328K->5440K(27328K), 0.0133960 secs] 3613369K->3591687K(4188864K) icms_dc=0 , 0.0135230 secs] [Times: user=0.16 sys=0.01, real=0.02 secs] 
Total time for which application threads were stopped: 0.0139170 seconds
2012-01-20T10:05:03.116+0000: 3697.494: [GC 3697.494: [ParNew: 27328K->5440K(27328K), 0.0138340 secs] 3613575K->3592305K(4188864K) icms_dc=0 , 0.0139590 secs] [Times: user=0.15 sys=0.00, real=0.01 secs] 
Total time for which application threads were stopped: 0.0143270 seconds
2012-01-20T10:05:04.711+0000: 3699.090: [GC 3699.090: [ParNew: 27328K->5440K(27328K), 0.0129380 secs] 3614193K->3592316K(4188864K) icms_dc=0 , 0.0130640 secs] [Times: user=0.15 sys=0.00, real=0.01 secs] 
Total time for which application threads were stopped: 0.0135080 seconds
2012-01-20T10:05:06.100+0000: 3700.479: [GC 3700.479: [ParNew: 27328K->5440K(27328K), 0.0141490 secs] 3614204K->3593001K(4188864K) icms_dc=0 , 0.0142730 secs] [Times: user=0.15 sys=0.01, real=0.01 secs] 
Total time for which application threads were stopped: 0.0146750 seconds
2012-01-20T10:05:07.599+0000: 3701.977: [GC 3701.977: [ParNew: 27328K->5440K(27328K), 0.0136860 secs] 3614889K->3593355K(4188864K) icms_dc=0 , 0.0138100 secs] [Times: user=0.16 sys=0.00, real=0.01 secs] 
Total time for which application threads were stopped: 0.0142170 seconds
2012-01-20T10:05:09.286+0000: 3703.665: [GC 3703.665: [ParNew: 27328K->5440K(27328K), 0.0143040 secs] 3615243K->3594088K(4188864K) icms_dc=0 , 0.0144300 secs] [Times: user=0.16 sys=0.01, real=0.01 secs] 
Total time for which application threads were stopped: 0.0148070 seconds
Total time for which application threads were stopped: 0.0003220 seconds
2012-01-20T10:05:10.679+0000: 3705.057: [GC 3705.057: [ParNew: 27328K->5440K(27328K), 0.0170550 secs] 3615976K->3595169K(4188864K) icms_dc=0 , 0.0171860 secs] [Times: user=0.18 sys=0.00, real=0.02 secs] 
Total time for which application threads were stopped: 0.0174870 seconds
2012-01-20T10:05:12.057+0000: 3706.436: [GC 3706.436: [ParNew: 27328K->5440K(27328K), 0.0130860 secs] 3617057K->3595173K(4188864K) icms_dc=0 , 0.0132110 secs] [Times: user=0.15 sys=0.00, real=0.01 secs] 
Total time for which application threads were stopped: 0.0135900 seconds
2012-01-20T10:05:13.625+0000: 3708.003: [GC 3708.003: [ParNew: 27328K->5440K(27328K), 0.0144430 secs] 3617061K->3595766K(4188864K) icms_dc=0 , 0.0145710 secs] [Times: user=0.16 sys=0.00, real=0.02 secs] 
Total time for which application threads were stopped: 0.0149390 seconds
2012-01-20T10:05:15.067+0000: 3709.445: [GC 3709.445: [ParNew: 27328K->5440K(27328K), 0.0144820 secs] 3617654K->3596579K(4188864K) icms_dc=0 , 0.0146150 secs] [Times: user=0.16 sys=0.00, real=0.01 secs] 
Total time for which application threads were stopped: 0.0162000 seconds
2012-01-20T10:05:16.784+0000: 3711.162: [GC 3711.162: [ParNew: 27328K->5440K(27328K), 0.0147430 secs] 3618467K->3596700K(4188864K) icms_dc=0 , 0.0148630 secs] [Times: user=0.17 sys=0.01, real=0.02 secs] 
Total time for which application threads were stopped: 0.0152430 seconds
2012-01-20T10:05:18.434+0000: 3712.812: [GC 3712.812: [ParNew: 27328K->5440K(27328K), 0.0161520 secs] 3618588K->3597583K(4188864K) icms_dc=0 , 0.0162810 secs] [Times: user=0.18 sys=0.00, real=0.02 secs] 
Total time for which application threads were stopped: 0.0166710 seconds
2012-01-20T10:05:19.990+0000: 3714.368: [GC 3714.368: [ParNew: 27328K->5440K(27328K), 0.0131100 secs] 3619471K->3597596K(4188864K) icms_dc=0 , 0.0132350 secs] [Times: user=0.16 sys=0.00, real=0.01 secs] 
Total time for which application threads were stopped: 0.0136170 seconds
Total time for which application threads were stopped: 0.0004220 seconds
Total time for which application threads were stopped: 0.0000790 seconds
2012-01-20T10:05:21.537+0000: 3715.915: [GC 3715.915: [ParNew: 27328K->5440K(27328K), 0.0138340 secs] 3619484K->3598150K(4188864K) icms_dc=0 , 0.0139620 secs] [Times: user=0.15 sys=0.01, real=0.01 secs] 
Total time for which application threads were stopped: 0.0143510 seconds
2012-01-20T10:05:23.094+0000: 3717.472: [GC 3717.472: [ParNew: 27328K->5440K(27328K), 0.0135650 secs] 3620038K->3598367K(4188864K) icms_dc=0 , 0.0136940 secs] [Times: user=0.16 sys=0.01, real=0.01 secs] 
Total time for which application threads were stopped: 0.0140900 seconds
2012-01-20T10:05:24.680+0000: 3719.058: [GC 3719.058: [ParNew: 27328K->5440K(27328K), 0.0137670 secs] 3620255K->3598825K(4188864K) icms_dc=0 , 0.0138910 secs] [Times: user=0.16 sys=0.01, real=0.01 secs] 
Total time for which application threads were stopped: 0.0142690 seconds
2012-01-20T10:05:26.280+0000: 3720.659: [GC 3720.659: [ParNew: 27328K->5440K(27328K), 0.0131440 secs] 3620713K->3598964K(4188864K) icms_dc=0 , 0.0132690 secs] [Times: user=0.16 sys=0.00, real=0.01 secs] 
Total time for which application threads were stopped: 0.0136590 seconds
2012-01-20T10:05:27.761+0000: 3722.139: [GC 3722.139: [ParNew: 27328K->5440K(27328K), 0.0139480 secs] 3620852K->3599413K(4188864K) icms_dc=0 , 0.0140700 secs] [Times: user=0.16 sys=0.00, real=0.01 secs] 
Total time for which application threads were stopped: 0.0144490 seconds
2012-01-20T10:05:29.378+0000: 3723.756: [GC 3723.756: [ParNew: 27328K->5440K(27328K), 0.0130750 secs] 3621301K->3599763K(4188864K) icms_dc=0 , 0.0132010 secs] [Times: user=0.16 sys=0.01, real=0.02 secs] 
Total time for which application threads were stopped: 0.0135990 seconds
Total time for which application threads were stopped: 0.0002910 seconds
2012-01-20T10:05:30.847+0000: 3725.225: [GC 3725.225: [ParNew: 27328K->5234K(27328K), 0.0134380 secs] 3621651K->3599900K(4188864K) icms_dc=0 , 0.0135650 secs] [Times: user=0.15 sys=0.01, real=0.02 secs] 
Total time for which application threads were stopped: 0.0138690 seconds
2012-01-20T10:05:32.387+0000: 3726.765: [GC 3726.765: [ParNew: 27122K->5440K(27328K), 0.0130670 secs] 3621788K->3600240K(4188864K) icms_dc=0 , 0.0131920 secs] [Times: user=0.15 sys=0.00, real=0.02 secs] 
Total time for which application threads were stopped: 0.0135830 seconds
2012-01-20T10:05:34.002+0000: 3728.380: [GC 3728.380: [ParNew: 27328K->5320K(27328K), 0.0128780 secs] 3622128K->3600266K(4188864K) icms_dc=0 , 0.0130010 secs] [Times: user=0.16 sys=0.00, real=0.01 secs] 
Total time for which application threads were stopped: 0.0134170 seconds
2012-01-20T10:05:35.771+0000: 3730.149: [GC 3730.149: [ParNew: 27208K->5440K(27328K), 0.0145080 secs] 3622154K->3600735K(4188864K) icms_dc=0 , 0.0146380 secs] [Times: user=0.15 sys=0.00, real=0.01 secs] 
Total time for which application threads were stopped: 0.0150240 seconds
2012-01-20T10:05:37.351+0000: 3731.729: [GC 3731.729: [ParNew: 27328K->5423K(27328K), 0.0133970 secs] 3622623K->3600871K(4188864K) icms_dc=0 , 0.0135210 secs] [Times: user=0.16 sys=0.00, real=0.01 secs] 
Total time for which application threads were stopped: 0.0139120 seconds
2012-01-20T10:05:38.773+0000: 3733.151: [GC 3733.151: [ParNew: 27311K->4867K(27328K), 0.0130390 secs] 3622759K->3600450K(4188864K) icms_dc=0 , 0.0131630 secs] [Times: user=0.15 sys=0.00, real=0.01 secs] 
Total time for which application threads were stopped: 0.0135410 seconds
2012-01-20T10:05:40.192+0000: 3734.570: [GC 3734.570: [ParNew: 26755K->5308K(27328K), 0.0127630 secs] 3622338K->3601048K(4188864K) icms_dc=0 , 0.0128900 secs] [Times: user=0.15 sys=0.00, real=0.01 secs] 
Total time for which application threads were stopped: 0.0133300 seconds
Total time for which application threads were stopped: 0.0001430 seconds
2012-01-20T10:05:41.835+0000: 3736.213: [GC 3736.214: [ParNew: 27196K->5440K(27328K), 0.0133390 secs] 3622936K->3601345K(4188864K) icms_dc=0 , 0.0134620 secs] [Times: user=0.15 sys=0.01, real=0.02 secs] 
Total time for which application threads were stopped: 0.0138480 seconds
2012-01-20T10:05:43.487+0000: 3737.865: [GC 3737.865: [ParNew: 27328K->5045K(27328K), 0.0138560 secs] 3623233K->3601090K(4188864K) icms_dc=0 , 0.0139810 secs] [Times: user=0.16 sys=0.00, real=0.02 secs] 
Total time for which application threads were stopped: 0.0143520 seconds
2012-01-20T10:05:45.210+0000: 3739.588: [GC 3739.589: [ParNew: 26933K->5440K(27328K), 0.0133470 secs] 3622978K->3601652K(4188864K) icms_dc=0 , 0.0134710 secs] [Times: user=0.15 sys=0.00, real=0.01 secs] 
Total time for which application threads were stopped: 0.0138730 seconds
2012-01-20T10:05:46.942+0000: 3741.320: [GC 3741.320: [ParNew: 27328K->5002K(27328K), 0.0132090 secs] 3623540K->3601286K(4188864K) icms_dc=0 , 0.0133330 secs] [Times: user=0.16 sys=0.01, real=0.01 secs] 
Total time for which application threads were stopped: 0.0137630 seconds
2012-01-20T10:05:48.264+0000: 3742.642: [GC 3742.642: [ParNew: 26890K->5440K(27328K), 0.0130870 secs] 3623174K->3601949K(4188864K) icms_dc=0 , 0.0132130 secs] [Times: user=0.15 sys=0.00, real=0.01 secs] 
Total time for which application threads were stopped: 0.0136030 seconds
2012-01-20T10:05:49.584+0000: 3743.962: [GC 3743.963: [ParNew: 27328K->5440K(27328K), 0.0133580 secs] 3623837K->3602275K(4188864K) icms_dc=0 , 0.0134860 secs] [Times: user=0.16 sys=0.01, real=0.01 secs] 
Total time for which application threads were stopped: 0.0138740 seconds
Total time for which application threads were stopped: 0.0002630 seconds
2012-01-20T10:05:51.017+0000: 3745.395: [GC 3745.395: [ParNew: 27328K->5440K(27328K), 0.0134760 secs] 3624163K->3602489K(4188864K) icms_dc=0 , 0.0136030 secs] [Times: user=0.15 sys=0.00, real=0.01 secs] 
Total time for which application threads were stopped: 0.0139910 seconds
2012-01-20T10:05:52.456+0000: 3746.834: [GC 3746.834: [ParNew: 27328K->5440K(27328K), 0.0158900 secs] 3624377K->3603321K(4188864K) icms_dc=0 , 0.0160160 secs] [Times: user=0.18 sys=0.01, real=0.02 secs] 
Total time for which application threads were stopped: 0.0164110 seconds
2012-01-20T10:05:54.203+0000: 3748.581: [GC 3748.581: [ParNew: 27328K->5440K(27328K), 0.0165590 secs] 3625209K->3604475K(4188864K) icms_dc=0 , 0.0166870 secs] [Times: user=0.18 sys=0.00, real=0.01 secs] 
Total time for which application threads were stopped: 0.0171340 seconds
2012-01-20T10:05:55.853+0000: 3750.232: [GC 3750.232: [ParNew: 27328K->5440K(27328K), 0.0158160 secs] 3626363K->3604497K(4188864K) icms_dc=0 , 0.0159390 secs] [Times: user=0.20 sys=0.00, real=0.01 secs] 
Total time for which application threads were stopped: 0.0163560 seconds
2012-01-20T10:05:57.362+0000: 3751.740: [GC 3751.740: [ParNew: 27328K->5440K(27328K), 0.0168120 secs] 3626385K->3605628K(4188864K) icms_dc=0 , 0.0169380 secs] [Times: user=0.19 sys=0.00, real=0.01 secs] 
Total time for which application threads were stopped: 0.0173130 seconds
2012-01-20T10:05:58.845+0000: 3753.223: [GC 3753.224: [ParNew: 27328K->5440K(27328K), 0.0139810 secs] 3627516K->3606233K(4188864K) icms_dc=0 , 0.0141050 secs] [Times: user=0.15 sys=0.01, real=0.01 secs] 
Total time for which application threads were stopped: 0.0145360 seconds
2012-01-20T10:06:00.298+0000: 3754.676: [GC 3754.677: [ParNew: 27328K->5440K(27328K), 0.0137280 secs] 3628121K->3606633K(4188864K) icms_dc=0 , 0.0138500 secs] [Times: user=0.15 sys=0.01, real=0.02 secs] 
Total time for which application threads were stopped: 0.0142230 seconds
Total time for which application threads were stopped: 0.0001680 seconds
2012-01-20T10:06:01.987+0000: 3756.365: [GC 3756.365: [ParNew: 27328K->5440K(27328K), 0.0141030 secs] 3628521K->3606814K(4188864K) icms_dc=0 , 0.0142390 secs] [Times: user=0.16 sys=0.00, real=0.02 secs] 
Total time for which application threads were stopped: 0.0146840 seconds
2012-01-20T10:06:03.440+0000: 3757.818: [GC 3757.818: [ParNew: 27328K->5440K(27328K), 0.0160690 secs] 3628702K->3608147K(4188864K) icms_dc=0 , 0.0162010 secs] [Times: user=0.17 sys=0.01, real=0.02 secs] 
Total time for which application threads were stopped: 0.0166140 seconds
2012-01-20T10:06:04.830+0000: 3759.208: [GC 3759.208: [ParNew: 27328K->5440K(27328K), 0.0130490 secs] 3630035K->3608159K(4188864K) icms_dc=0 , 0.0131840 secs] [Times: user=0.16 sys=0.00, real=0.02 secs] 
Total time for which application threads were stopped: 0.0135590 seconds
2012-01-20T10:06:06.362+0000: 3760.740: [GC 3760.740: [ParNew: 27328K->5440K(27328K), 0.0146070 secs] 3630047K->3608863K(4188864K) icms_dc=0 , 0.0147230 secs] [Times: user=0.16 sys=0.00, real=0.02 secs] 
Total time for which application threads were stopped: 0.0150670 seconds
2012-01-20T10:06:08.110+0000: 3762.489: [GC 3762.489: [ParNew: 27328K->5440K(27328K), 0.0150660 secs] 3630751K->3609032K(4188864K) icms_dc=0 , 0.0151900 secs] [Times: user=0.18 sys=0.00, real=0.02 secs] 
Total time for which application threads were stopped: 0.0156000 seconds
2012-01-20T10:06:09.642+0000: 3764.020: [GC 3764.020: [ParNew: 27328K->5440K(27328K), 0.0144180 secs] 3630920K->3609621K(4188864K) icms_dc=0 , 0.0145370 secs] [Times: user=0.16 sys=0.00, real=0.02 secs] 
Total time for which application threads were stopped: 0.0148980 seconds
Total time for which application threads were stopped: 0.0003010 seconds
2012-01-20T10:06:11.118+0000: 3765.496: [GC 3765.496: [ParNew: 27328K->5440K(27328K), 0.0138230 secs] 3631509K->3609950K(4188864K) icms_dc=0 , 0.0139480 secs] [Times: user=0.16 sys=0.00, real=0.01 secs] 
Total time for which application threads were stopped: 0.0143640 seconds
2012-01-20T10:06:12.513+0000: 3766.891: [GC 3766.891: [ParNew: 27328K->5440K(27328K), 0.0150550 secs] 3631838K->3610804K(4188864K) icms_dc=0 , 0.0151700 secs] [Times: user=0.17 sys=0.00, real=0.01 secs] 
Total time for which application threads were stopped: 0.0154870 seconds
2012-01-20T10:06:13.860+0000: 3768.239: [GC 3768.239: [ParNew: 27328K->5440K(27328K), 0.0145260 secs] 3632692K->3611254K(4188864K) icms_dc=0 , 0.0146450 secs] [Times: user=0.17 sys=0.00, real=0.02 secs] 
Total time for which application threads were stopped: 0.0150010 seconds
2012-01-20T10:06:15.370+0000: 3769.748: [GC 3769.748: [ParNew: 27328K->5440K(27328K), 0.0144090 secs] 3633142K->3611869K(4188864K) icms_dc=0 , 0.0145240 secs] [Times: user=0.16 sys=0.00, real=0.02 secs] 
Total time for which application threads were stopped: 0.0149560 seconds
2012-01-20T10:06:16.860+0000: 3771.239: [GC 3771.239: [ParNew: 27328K->5440K(27328K), 0.0162640 secs] 3633757K->3612913K(4188864K) icms_dc=0 , 0.0163950 secs] [Times: user=0.18 sys=0.01, real=0.02 secs] 
Total time for which application threads were stopped: 0.0167660 seconds
2012-01-20T10:06:18.431+0000: 3772.809: [GC 3772.809: [ParNew: 27328K->5440K(27328K), 0.0162660 secs] 3634801K->3613967K(4188864K) icms_dc=0 , 0.0163950 secs] [Times: user=0.18 sys=0.01, real=0.02 secs] 
Total time for which application threads were stopped: 0.0168390 seconds
2012-01-20T10:06:19.797+0000: 3774.175: [GC 3774.175: [ParNew: 27328K->5440K(27328K), 0.0157920 secs] 3635855K->3615133K(4188864K) icms_dc=0 , 0.0159180 secs] [Times: user=0.17 sys=0.00, real=0.01 secs] 
Total time for which application threads were stopped: 0.0163040 seconds
Total time for which application threads were stopped: 0.0003090 seconds
2012-01-20T10:06:21.071+0000: 3775.450: [GC 3775.450: [ParNew: 27328K->5440K(27328K), 0.0170330 secs] 3637021K->3616656K(4188864K) icms_dc=0 , 0.0171670 secs] [Times: user=0.19 sys=0.01, real=0.02 secs] 
Total time for which application threads were stopped: 0.0175980 seconds
2012-01-20T10:06:22.459+0000: 3776.837: [GC 3776.837: [ParNew: 27328K->5440K(27328K), 0.0145820 secs] 3638544K->3617262K(4188864K) icms_dc=0 , 0.0147120 secs] [Times: user=0.16 sys=0.00, real=0.01 secs] 
Total time for which application threads were stopped: 0.0151200 seconds
2012-01-20T10:06:24.074+0000: 3778.452: [GC 3778.452: [ParNew: 27328K->5440K(27328K), 0.0171290 secs] 3639150K->3618723K(4188864K) icms_dc=0 , 0.0172580 secs] [Times: user=0.19 sys=0.01, real=0.01 secs] 
Total time for which application threads were stopped: 0.0176930 seconds
2012-01-20T10:06:25.723+0000: 3780.102: [GC 3780.102: [ParNew: 27328K->5440K(27328K), 0.0133070 secs] 3640611K->3618800K(4188864K) icms_dc=0 , 0.0134320 secs] [Times: user=0.16 sys=0.00, real=0.02 secs] 
Total time for which application threads were stopped: 0.0137900 seconds
2012-01-20T10:06:27.272+0000: 3781.650: [GC 3781.650: [ParNew: 27328K->5440K(27328K), 0.0160730 secs] 3640688K->3620002K(4188864K) icms_dc=0 , 0.0162090 secs] [Times: user=0.18 sys=0.01, real=0.02 secs] 
Total time for which application threads were stopped: 0.0166470 seconds
2012-01-20T10:06:28.741+0000: 3783.119: [GC 3783.119: [ParNew: 27328K->5440K(27328K), 0.0131990 secs] 3641890K->3620006K(4188864K) icms_dc=0 , 0.0133220 secs] [Times: user=0.16 sys=0.00, real=0.01 secs] 
Total time for which application threads were stopped: 0.0136900 seconds
2012-01-20T10:06:30.239+0000: 3784.617: [GC 3784.617: [ParNew: 27328K->5440K(27328K), 0.0154910 secs] 3641894K->3620955K(4188864K) icms_dc=0 , 0.0156150 secs] [Times: user=0.18 sys=0.00, real=0.02 secs] 
Total time for which application threads were stopped: 0.0159790 seconds
Total time for which application threads were stopped: 0.0001420 seconds
2012-01-20T10:06:31.672+0000: 3786.050: [GC 3786.050: [ParNew: 27328K->5440K(27328K), 0.0157900 secs] 3642843K->3621982K(4188864K) icms_dc=0 , 0.0159180 secs] [Times: user=0.17 sys=0.00, real=0.02 secs] 
Total time for which application threads were stopped: 0.0163450 seconds
2012-01-20T10:06:33.197+0000: 3787.575: [GC 3787.575: [ParNew: 27328K->5440K(27328K), 0.0151770 secs] 3643870K->3622776K(4188864K) icms_dc=0 , 0.0153050 secs] [Times: user=0.18 sys=0.01, real=0.01 secs] 
Total time for which application threads were stopped: 0.0156660 seconds
2012-01-20T10:06:34.614+0000: 3788.992: [GC 3788.992: [ParNew: 27328K->5440K(27328K), 0.0154540 secs] 3644664K->3623840K(4188864K) icms_dc=0 , 0.0155810 secs] [Times: user=0.17 sys=0.01, real=0.02 secs] 
Total time for which application threads were stopped: 0.0159290 seconds
2012-01-20T10:06:36.133+0000: 3790.511: [GC 3790.511: [ParNew: 27328K->5440K(27328K), 0.0153610 secs] 3645728K->3625103K(4188864K) icms_dc=0 , 0.0155460 secs] [Times: user=0.16 sys=0.01, real=0.02 secs] 
Total time for which application threads were stopped: 0.0159260 seconds
2012-01-20T10:06:37.538+0000: 3791.916: [GC 3791.916: [ParNew: 27328K->5440K(27328K), 0.0163380 secs] 3646991K->3626310K(4188864K) icms_dc=0 , 0.0164630 secs] [Times: user=0.19 sys=0.00, real=0.01 secs] 
Total time for which application threads were stopped: 0.0168860 seconds
2012-01-20T10:06:39.017+0000: 3793.395: [GC 3793.395: [ParNew: 27328K->5440K(27328K), 0.0155170 secs] 3648198K->3627394K(4188864K) icms_dc=0 , 0.0156470 secs] [Times: user=0.17 sys=0.00, real=0.01 secs] 
Total time for which application threads were stopped: 0.0160250 seconds
2012-01-20T10:06:40.415+0000: 3794.793: [GC 3794.793: [ParNew: 27328K->5440K(27328K), 0.0130750 secs] 3649282K->3627445K(4188864K) icms_dc=0 , 0.0131980 secs] [Times: user=0.16 sys=0.00, real=0.02 secs] 
Total time for which application threads were stopped: 0.0135740 seconds
Total time for which application threads were stopped: 0.0001350 seconds
2012-01-20T10:06:41.956+0000: 3796.334: [GC 3796.334: [ParNew: 27328K->5440K(27328K), 0.0148220 secs] 3649333K->3628296K(4188864K) icms_dc=0 , 0.0149510 secs] [Times: user=0.17 sys=0.01, real=0.02 secs] 
Total time for which application threads were stopped: 0.0153620 seconds
2012-01-20T10:06:43.607+0000: 3797.985: [GC 3797.985: [ParNew: 27328K->5440K(27328K), 0.0151170 secs] 3650184K->3629149K(4188864K) icms_dc=0 , 0.0152430 secs] [Times: user=0.17 sys=0.00, real=0.01 secs] 
Total time for which application threads were stopped: 0.0156420 seconds
2012-01-20T10:06:45.028+0000: 3799.406: [GC 3799.406: [ParNew: 27328K->5440K(27328K), 0.0154790 secs] 3651037K->3630021K(4188864K) icms_dc=0 , 0.0156280 secs] [Times: user=0.17 sys=0.01, real=0.01 secs] 
Total time for which application threads were stopped: 0.0160540 seconds
2012-01-20T10:06:46.554+0000: 3800.932: [GC 3800.932: [ParNew: 27328K->5440K(27328K), 0.0157310 secs] 3651909K->3631031K(4188864K) icms_dc=0 , 0.0158560 secs] [Times: user=0.18 sys=0.00, real=0.02 secs] 
Total time for which application threads were stopped: 0.0162420 seconds
Total time for which application threads were stopped: 0.0004940 seconds
2012-01-20T10:06:48.113+0000: 3802.491: [GC 3802.491: [ParNew: 27328K->5440K(27328K), 0.0156120 secs] 3652919K->3632076K(4188864K) icms_dc=0 , 0.0157410 secs] [Times: user=0.18 sys=0.01, real=0.02 secs] 
Total time for which application threads were stopped: 0.0161610 seconds
2012-01-20T10:06:49.733+0000: 3804.111: [GC 3804.112: [ParNew: 27328K->5440K(27328K), 0.0163420 secs] 3653964K->3633443K(4188864K) icms_dc=0 , 0.0164700 secs] [Times: user=0.18 sys=0.00, real=0.02 secs] 
Total time for which application threads were stopped: 0.0168590 seconds
Total time for which application threads were stopped: 0.0002480 seconds
2012-01-20T10:06:51.161+0000: 3805.539: [GC 3805.539: [ParNew: 27328K->5440K(27328K), 0.0149400 secs] 3655331K->3633914K(4188864K) icms_dc=0 , 0.0150750 secs] [Times: user=0.17 sys=0.00, real=0.01 secs] 
Total time for which application threads were stopped: 0.0154410 seconds
2012-01-20T10:06:52.500+0000: 3806.878: [GC 3806.878: [ParNew: 27328K->5440K(27328K), 0.0155590 secs] 3655802K->3634864K(4188864K) icms_dc=0 , 0.0156830 secs] [Times: user=0.17 sys=0.01, real=0.01 secs] 
Total time for which application threads were stopped: 0.0160710 seconds
2012-01-20T10:06:53.978+0000: 3808.356: [GC 3808.356: [ParNew: 27328K->5440K(27328K), 0.0152290 secs] 3656752K->3635860K(4188864K) icms_dc=0 , 0.0153530 secs] [Times: user=0.17 sys=0.01, real=0.01 secs] 
Total time for which application threads were stopped: 0.0158140 seconds
2012-01-20T10:06:55.498+0000: 3809.876: [GC 3809.876: [ParNew: 27328K->5440K(27328K), 0.0142800 secs] 3657748K->3636466K(4188864K) icms_dc=0 , 0.0144120 secs] [Times: user=0.16 sys=0.00, real=0.01 secs] 
Total time for which application threads were stopped: 0.0148390 seconds
2012-01-20T10:06:56.948+0000: 3811.326: [GC 3811.326: [ParNew: 27328K->5440K(27328K), 0.0145540 secs] 3658354K->3637166K(4188864K) icms_dc=0 , 0.0147250 secs] [Times: user=0.17 sys=0.01, real=0.01 secs] 
Total time for which application threads were stopped: 0.0151560 seconds
2012-01-20T10:06:58.358+0000: 3812.736: [GC 3812.736: [ParNew: 27328K->5440K(27328K), 0.0185190 secs] 3659054K->3638047K(4188864K) icms_dc=0 , 0.0186450 secs] [Times: user=0.21 sys=0.00, real=0.02 secs] 
Total time for which application threads were stopped: 0.0190410 seconds
2012-01-20T10:06:59.814+0000: 3814.192: [GC 3814.192: [ParNew: 27328K->5440K(27328K), 0.0156570 secs] 3659935K->3638913K(4188864K) icms_dc=0 , 0.0157840 secs] [Times: user=0.17 sys=0.01, real=0.02 secs] 
Total time for which application threads were stopped: 0.0161800 seconds
Total time for which application threads were stopped: 0.0002360 seconds
2012-01-20T10:07:01.177+0000: 3815.555: [GC 3815.555: [ParNew: 27328K->5440K(27328K), 0.0176090 secs] 3660801K->3640509K(4188864K) icms_dc=0 , 0.0177380 secs] [Times: user=0.17 sys=0.01, real=0.02 secs] 
Total time for which application threads were stopped: 0.0181240 seconds
2012-01-20T10:07:02.708+0000: 3817.086: [GC 3817.086: [ParNew: 27328K->5440K(27328K), 0.0155600 secs] 3662397K->3641434K(4188864K) icms_dc=0 , 0.0156870 secs] [Times: user=0.18 sys=0.01, real=0.02 secs] 
Total time for which application threads were stopped: 0.0161020 seconds
2012-01-20T10:07:04.137+0000: 3818.515: [GC 3818.515: [ParNew: 27328K->5440K(27328K), 0.0143370 secs] 3663322K->3642485K(4188864K) icms_dc=0 , 0.0144630 secs] [Times: user=0.17 sys=0.00, real=0.02 secs] 
Total time for which application threads were stopped: 0.0148750 seconds
2012-01-20T10:07:05.670+0000: 3820.048: [GC 3820.048: [ParNew: 27328K->5440K(27328K), 0.0127950 secs] 3664373K->3642495K(4188864K) icms_dc=0 , 0.0129120 secs] [Times: user=0.16 sys=0.00, real=0.01 secs] 
Total time for which application threads were stopped: 0.0132970 seconds
2012-01-20T10:07:07.140+0000: 3821.518: [GC 3821.518: [ParNew: 27328K->5440K(27328K), 0.0142230 secs] 3664383K->3643039K(4188864K) icms_dc=0 , 0.0143400 secs] [Times: user=0.16 sys=0.00, real=0.01 secs] 
Total time for which application threads were stopped: 0.0146980 seconds
2012-01-20T10:07:08.556+0000: 3822.935: [GC 3822.935: [ParNew: 27328K->5440K(27328K), 0.0139250 secs] 3664927K->3643503K(4188864K) icms_dc=0 , 0.0140450 secs] [Times: user=0.16 sys=0.01, real=0.02 secs] 
Total time for which application threads were stopped: 0.0144180 seconds
2012-01-20T10:07:10.028+0000: 3824.406: [GC 3824.406: [ParNew: 27328K->5440K(27328K), 0.0143670 secs] 3665391K->3643890K(4188864K) icms_dc=0 , 0.0144870 secs] [Times: user=0.17 sys=0.01, real=0.02 secs] 
Total time for which application threads were stopped: 0.0148550 seconds
Total time for which application threads were stopped: 0.0002430 seconds
2012-01-20T10:07:11.413+0000: 3825.791: [GC 3825.791: [ParNew: 27328K->5440K(27328K), 0.0159350 secs] 3665778K->3644380K(4188864K) icms_dc=0 , 0.0160640 secs] [Times: user=0.19 sys=0.01, real=0.01 secs] 
Total time for which application threads were stopped: 0.0164730 seconds
2012-01-20T10:07:12.782+0000: 3827.160: [GC 3827.160: [ParNew: 27328K->5440K(27328K), 0.0153570 secs] 3666268K->3645013K(4188864K) icms_dc=0 , 0.0154760 secs] [Times: user=0.17 sys=0.00, real=0.01 secs] 
Total time for which application threads were stopped: 0.0158370 seconds
2012-01-20T10:07:14.327+0000: 3828.705: [GC 3828.705: [ParNew: 27328K->5440K(27328K), 0.0143410 secs] 3666901K->3645493K(4188864K) icms_dc=0 , 0.0144610 secs] [Times: user=0.16 sys=0.01, real=0.02 secs] 
Total time for which application threads were stopped: 0.0148330 seconds
2012-01-20T10:07:15.983+0000: 3830.361: [GC 3830.361: [ParNew: 27328K->5440K(27328K), 0.0158780 secs] 3667381K->3646435K(4188864K) icms_dc=0 , 0.0159980 secs] [Times: user=0.16 sys=0.00, real=0.01 secs] 
Total time for which application threads were stopped: 0.0163910 seconds
2012-01-20T10:07:17.733+0000: 3832.111: [GC 3832.111: [ParNew: 27328K->5440K(27328K), 0.0138210 secs] 3668323K->3646628K(4188864K) icms_dc=0 , 0.0139420 secs] [Times: user=0.16 sys=0.01, real=0.01 secs] 
Total time for which application threads were stopped: 0.0143710 seconds
2012-01-20T10:07:19.267+0000: 3833.645: [GC 3833.645: [ParNew: 27328K->5440K(27328K), 0.0159980 secs] 3668516K->3647942K(4188864K) icms_dc=0 , 0.0161210 secs] [Times: user=0.17 sys=0.01, real=0.02 secs] 
Total time for which application threads were stopped: 0.0165640 seconds
Total time for which application threads were stopped: 0.0002910 seconds
2012-01-20T10:07:20.676+0000: 3835.054: [GC 3835.054: [ParNew: 27328K->5440K(27328K), 0.0157260 secs] 3669830K->3649242K(4188864K) icms_dc=0 , 0.0158470 secs] [Times: user=0.17 sys=0.01, real=0.02 secs] 
Total time for which application threads were stopped: 0.0160590 seconds
2012-01-20T10:07:22.186+0000: 3836.565: [GC 3836.565: [ParNew: 27328K->5440K(27328K), 0.0137310 secs] 3671130K->3649392K(4188864K) icms_dc=0 , 0.0138500 secs] [Times: user=0.16 sys=0.00, real=0.01 secs] 
Total time for which application threads were stopped: 0.0142140 seconds
2012-01-20T10:07:23.726+0000: 3838.104: [GC 3838.104: [ParNew: 27328K->5440K(27328K), 0.0165180 secs] 3671280K->3650931K(4188864K) icms_dc=0 , 0.0166420 secs] [Times: user=0.17 sys=0.01, real=0.02 secs] 
Total time for which application threads were stopped: 0.0170100 seconds
2012-01-20T10:07:25.185+0000: 3839.563: [GC 3839.563: [ParNew: 27328K->5440K(27328K), 0.0157770 secs] 3672819K->3651487K(4188864K) icms_dc=0 , 0.0158930 secs] [Times: user=0.18 sys=0.01, real=0.02 secs] 
Total time for which application threads were stopped: 0.0162900 seconds
2012-01-20T10:07:26.537+0000: 3840.915: [GC 3840.915: [ParNew: 27328K->5440K(27328K), 0.0151190 secs] 3673375K->3652639K(4188864K) icms_dc=0 , 0.0152380 secs] [Times: user=0.17 sys=0.00, real=0.02 secs] 
Total time for which application threads were stopped: 0.0156730 seconds
2012-01-20T10:07:28.018+0000: 3842.396: [GC 3842.396: [ParNew: 27328K->5440K(27328K), 0.0140160 secs] 3674527K->3653228K(4188864K) icms_dc=0 , 0.0141370 secs] [Times: user=0.16 sys=0.01, real=0.02 secs] 
Total time for which application threads were stopped: 0.0145310 seconds
2012-01-20T10:07:29.533+0000: 3843.911: [GC 3843.911: [ParNew: 27328K->5440K(27328K), 0.0170140 secs] 3675116K->3654646K(4188864K) icms_dc=0 , 0.0171360 secs] [Times: user=0.19 sys=0.01, real=0.01 secs] 
Total time for which application threads were stopped: 0.0174970 seconds
Total time for which application threads were stopped: 0.0005210 seconds
2012-01-20T10:07:30.884+0000: 3845.262: [GC 3845.262: [ParNew: 27328K->5440K(27328K), 0.0141230 secs] 3676534K->3655301K(4188864K) icms_dc=0 , 0.0142440 secs] [Times: user=0.16 sys=0.00, real=0.01 secs] 
Total time for which application threads were stopped: 0.0144840 seconds
2012-01-20T10:07:32.376+0000: 3846.754: [GC 3846.754: [ParNew: 27328K->5440K(27328K), 0.0155770 secs] 3677189K->3656341K(4188864K) icms_dc=0 , 0.0156970 secs] [Times: user=0.17 sys=0.00, real=0.02 secs] 
Total time for which application threads were stopped: 0.0160580 seconds
2012-01-20T10:07:34.103+0000: 3848.481: [GC 3848.481: [ParNew: 27328K->5440K(27328K), 0.0164200 secs] 3678229K->3657183K(4188864K) icms_dc=0 , 0.0165420 secs] [Times: user=0.19 sys=0.00, real=0.01 secs] 
Total time for which application threads were stopped: 0.0169810 seconds
2012-01-20T10:07:35.657+0000: 3850.035: [GC 3850.035: [ParNew: 27328K->5440K(27328K), 0.0143850 secs] 3679071K->3658009K(4188864K) icms_dc=0 , 0.0145120 secs] [Times: user=0.16 sys=0.00, real=0.01 secs] 
Total time for which application threads were stopped: 0.0149110 seconds
2012-01-20T10:07:37.145+0000: 3851.523: [GC 3851.523: [ParNew: 27328K->5440K(27328K), 0.0153590 secs] 3679897K->3659188K(4188864K) icms_dc=0 , 0.0154870 secs] [Times: user=0.16 sys=0.01, real=0.01 secs] 
Total time for which application threads were stopped: 0.0158620 seconds
2012-01-20T10:07:38.510+0000: 3852.888: [GC 3852.888: [ParNew: 27328K->5440K(27328K), 0.0127520 secs] 3681076K->3659261K(4188864K) icms_dc=0 , 0.0128700 secs] [Times: user=0.15 sys=0.00, real=0.02 secs] 
Total time for which application threads were stopped: 0.0132760 seconds
2012-01-20T10:07:39.938+0000: 3854.316: [GC 3854.316: [ParNew: 27328K->5440K(27328K), 0.0150860 secs] 3681149K->3660402K(4188864K) icms_dc=0 , 0.0152090 secs] [Times: user=0.17 sys=0.01, real=0.02 secs] 
Total time for which application threads were stopped: 0.0156600 seconds
Total time for which application threads were stopped: 0.0003070 seconds
2012-01-20T10:07:41.350+0000: 3855.728: [GC 3855.728: [ParNew: 27328K->5440K(27328K), 0.0134240 secs] 3682290K->3660532K(4188864K) icms_dc=0 , 0.0135520 secs] [Times: user=0.16 sys=0.00, real=0.02 secs] 
Total time for which application threads were stopped: 0.0139090 seconds
2012-01-20T10:07:42.873+0000: 3857.252: [GC 3857.252: [ParNew: 27328K->5440K(27328K), 0.0185830 secs] 3682420K->3661470K(4188864K) icms_dc=0 , 0.0187020 secs] [Times: user=0.21 sys=0.00, real=0.01 secs] 
Total time for which application threads were stopped: 0.0190720 seconds
2012-01-20T10:07:44.256+0000: 3858.634: [GC 3858.634: [ParNew: 27328K->5440K(27328K), 0.0129150 secs] 3683358K->3661621K(4188864K) icms_dc=0 , 0.0130340 secs] [Times: user=0.16 sys=0.01, real=0.01 secs] 
Total time for which application threads were stopped: 0.0134760 seconds
2012-01-20T10:07:45.953+0000: 3860.331: [GC 3860.331: [ParNew: 27328K->5440K(27328K), 0.0147340 secs] 3683509K->3662410K(4188864K) icms_dc=0 , 0.0148550 secs] [Times: user=0.17 sys=0.00, real=0.01 secs] 
Total time for which application threads were stopped: 0.0152920 seconds
2012-01-20T10:07:47.411+0000: 3861.789: [GC 3861.789: [ParNew: 27328K->5440K(27328K), 0.0133070 secs] 3684298K->3662497K(4188864K) icms_dc=0 , 0.0134270 secs] [Times: user=0.16 sys=0.01, real=0.02 secs] 
Total time for which application threads were stopped: 0.0138310 seconds
2012-01-20T10:07:49.172+0000: 3863.550: [GC 3863.550: [ParNew: 27328K->5440K(27328K), 0.0149930 secs] 3684385K->3663333K(4188864K) icms_dc=0 , 0.0151150 secs] [Times: user=0.17 sys=0.00, real=0.02 secs] 
Total time for which application threads were stopped: 0.0155410 seconds
2012-01-20T10:07:50.694+0000: 3865.072: [GC 3865.072: [ParNew: 27328K->5440K(27328K), 0.0137510 secs] 3685221K->3663622K(4188864K) icms_dc=0 , 0.0138720 secs] [Times: user=0.15 sys=0.01, real=0.01 secs] 
Total time for which application threads were stopped: 0.0142950 seconds
Total time for which application threads were stopped: 0.0001990 seconds
2012-01-20T10:07:52.079+0000: 3866.458: [GC 3866.458: [ParNew: 27328K->5440K(27328K), 0.0152600 secs] 3685510K->3664524K(4188864K) icms_dc=0 , 0.0153840 secs] [Times: user=0.17 sys=0.01, real=0.02 secs] 
Total time for which application threads were stopped: 0.0157510 seconds
2012-01-20T10:07:53.751+0000: 3868.129: [GC 3868.129: [ParNew: 27328K->5440K(27328K), 0.0154960 secs] 3686412K->3665715K(4188864K) icms_dc=0 , 0.0156180 secs] [Times: user=0.16 sys=0.01, real=0.02 secs] 
Total time for which application threads were stopped: 0.0159970 seconds
2012-01-20T10:07:55.453+0000: 3869.832: [GC 3869.832: [ParNew: 27328K->5440K(27328K), 0.0147370 secs] 3687603K->3666414K(4188864K) icms_dc=0 , 0.0148570 secs] [Times: user=0.16 sys=0.00, real=0.02 secs] 
Total time for which application threads were stopped: 0.0152120 seconds
2012-01-20T10:07:57.261+0000: 3871.639: [GC 3871.639: [ParNew: 27328K->5440K(27328K), 0.0156840 secs] 3688302K->3667252K(4188864K) icms_dc=0 , 0.0158050 secs] [Times: user=0.18 sys=0.00, real=0.02 secs] 
Total time for which application threads were stopped: 0.0161810 seconds
2012-01-20T10:07:58.640+0000: 3873.019: [GC 3873.019: [ParNew: 27328K->5440K(27328K), 0.0174410 secs] 3689140K->3668167K(4188864K) icms_dc=0 , 0.0175610 secs] [Times: user=0.20 sys=0.01, real=0.02 secs] 
Total time for which application threads were stopped: 0.0179860 seconds
2012-01-20T10:08:00.196+0000: 3874.575: [GC 3874.575: [ParNew: 27328K->5440K(27328K), 0.0142030 secs] 3690055K->3668895K(4188864K) icms_dc=0 , 0.0143220 secs] [Times: user=0.16 sys=0.00, real=0.01 secs] 
Total time for which application threads were stopped: 0.0147530 seconds
Total time for which application threads were stopped: 0.0002720 seconds
2012-01-20T10:08:01.990+0000: 3876.369: [GC 3876.369: [ParNew: 27328K->5440K(27328K), 0.0133930 secs] 3690783K->3669056K(4188864K) icms_dc=0 , 0.0135140 secs] [Times: user=0.16 sys=0.00, real=0.01 secs] 
Total time for which application threads were stopped: 0.0139990 seconds
2012-01-20T10:08:03.276+0000: 3877.654: [GC 3877.654: [ParNew: 27328K->5440K(27328K), 0.0151360 secs] 3690944K->3670060K(4188864K) icms_dc=0 , 0.0152590 secs] [Times: user=0.16 sys=0.01, real=0.01 secs] 
Total time for which application threads were stopped: 0.0156260 seconds
2012-01-20T10:08:04.516+0000: 3878.894: [GC 3878.894: [ParNew: 27328K->5440K(27328K), 0.0140750 secs] 3691948K->3670359K(4188864K) icms_dc=0 , 0.0141960 secs] [Times: user=0.16 sys=0.00, real=0.01 secs] 
Total time for which application threads were stopped: 0.0145620 seconds
2012-01-20T10:08:05.919+0000: 3880.297: [GC 3880.297: [ParNew: 27328K->5440K(27328K), 0.0158640 secs] 3692247K->3671784K(4188864K) icms_dc=0 , 0.0159860 secs] [Times: user=0.17 sys=0.01, real=0.01 secs] 
Total time for which application threads were stopped: 0.0163490 seconds
2012-01-20T10:08:07.489+0000: 3881.867: [GC 3881.867: [ParNew: 27328K->5440K(27328K), 0.0127950 secs] 3693672K->3671899K(4188864K) icms_dc=0 , 0.0129130 secs] [Times: user=0.15 sys=0.01, real=0.01 secs] 
Total time for which application threads were stopped: 0.0132880 seconds
2012-01-20T10:08:09.023+0000: 3883.401: [GC 3883.401: [ParNew: 27328K->5440K(27328K), 0.0155260 secs] 3693787K->3672751K(4188864K) icms_dc=0 , 0.0156500 secs] [Times: user=0.17 sys=0.01, real=0.02 secs] 
Total time for which application threads were stopped: 0.0160110 seconds
2012-01-20T10:08:10.461+0000: 3884.839: [GC 3884.839: [ParNew: 27328K->5440K(27328K), 0.0147920 secs] 3694639K->3673395K(4188864K) icms_dc=0 , 0.0149170 secs] [Times: user=0.17 sys=0.00, real=0.02 secs] 
Total time for which application threads were stopped: 0.0152790 seconds
Total time for which application threads were stopped: 0.0002460 seconds
2012-01-20T10:08:11.938+0000: 3886.316: [GC 3886.316: [ParNew: 27328K->5440K(27328K), 0.0148790 secs] 3695283K->3674276K(4188864K) icms_dc=0 , 0.0150090 secs] [Times: user=0.17 sys=0.00, real=0.01 secs] 
Total time for which application threads were stopped: 0.0153730 seconds
2012-01-20T10:08:13.338+0000: 3887.716: [GC 3887.717: [ParNew: 27328K->5440K(27328K), 0.0156710 secs] 3696164K->3675477K(4188864K) icms_dc=0 , 0.0157950 secs] [Times: user=0.17 sys=0.00, real=0.01 secs] 
Total time for which application threads were stopped: 0.0161570 seconds
2012-01-20T10:08:14.796+0000: 3889.174: [GC 3889.175: [ParNew: 27328K->5440K(27328K), 0.0156210 secs] 3697365K->3676631K(4188864K) icms_dc=0 , 0.0157490 secs] [Times: user=0.16 sys=0.00, real=0.02 secs] 
Total time for which application threads were stopped: 0.0161280 seconds
2012-01-20T10:08:16.227+0000: 3890.605: [GC 3890.605: [ParNew: 27328K->5440K(27328K), 0.0140620 secs] 3698519K->3677040K(4188864K) icms_dc=0 , 0.0141840 secs] [Times: user=0.16 sys=0.00, real=0.01 secs] 
Total time for which application threads were stopped: 0.0145170 seconds
2012-01-20T10:08:17.640+0000: 3892.018: [GC 3892.018: [ParNew: 27328K->5440K(27328K), 0.0158460 secs] 3698928K->3678418K(4188864K) icms_dc=0 , 0.0159710 secs] [Times: user=0.17 sys=0.01, real=0.01 secs] 
Total time for which application threads were stopped: 0.0163910 seconds
2012-01-20T10:08:19.039+0000: 3893.417: [GC 3893.417: [ParNew: 27328K->5440K(27328K), 0.0143350 secs] 3700306K->3679300K(4188864K) icms_dc=0 , 0.0144580 secs] [Times: user=0.16 sys=0.01, real=0.01 secs] 
Total time for which application threads were stopped: 0.0148110 seconds
2012-01-20T10:08:20.495+0000: 3894.873: [GC 3894.873: [ParNew: 27328K->5440K(27328K), 0.0149880 secs] 3701188K->3680289K(4188864K) icms_dc=0 , 0.0151120 secs] [Times: user=0.16 sys=0.00, real=0.02 secs] 
Total time for which application threads were stopped: 0.0154780 seconds
Total time for which application threads were stopped: 0.0001290 seconds
2012-01-20T10:08:21.921+0000: 3896.299: [GC 3896.299: [ParNew: 27328K->5440K(27328K), 0.0150240 secs] 3702177K->3681463K(4188864K) icms_dc=0 , 0.0151500 secs] [Times: user=0.16 sys=0.01, real=0.01 secs] 
Total time for which application threads were stopped: 0.0156000 seconds
2012-01-20T10:08:23.424+0000: 3897.802: [GC 3897.802: [ParNew: 27328K->5440K(27328K), 0.0126230 secs] 3703351K->3681475K(4188864K) icms_dc=0 , 0.0127470 secs] [Times: user=0.15 sys=0.00, real=0.01 secs] 
Total time for which application threads were stopped: 0.0131240 seconds
2012-01-20T10:08:24.851+0000: 3899.229: [GC 3899.229: [ParNew: 27328K->5440K(27328K), 0.0157390 secs] 3703363K->3682703K(4188864K) icms_dc=0 , 0.0158640 secs] [Times: user=0.17 sys=0.00, real=0.01 secs] 
Total time for which application threads were stopped: 0.0162230 seconds
2012-01-20T10:08:26.219+0000: 3900.597: [GC 3900.597: [ParNew: 27328K->5440K(27328K), 0.0130060 secs] 3704591K->3682705K(4188864K) icms_dc=0 , 0.0131270 secs] [Times: user=0.15 sys=0.00, real=0.01 secs] 
Total time for which application threads were stopped: 0.0134790 seconds
2012-01-20T10:08:27.577+0000: 3901.956: [GC 3901.956: [ParNew: 27328K->5440K(27328K), 0.0148990 secs] 3704593K->3683447K(4188864K) icms_dc=0 , 0.0150230 secs] [Times: user=0.17 sys=0.00, real=0.02 secs] 
Total time for which application threads were stopped: 0.0154250 seconds
2012-01-20T10:08:29.020+0000: 3903.398: [GC 3903.398: [ParNew: 27328K->5440K(27328K), 0.0130470 secs] 3705335K->3683760K(4188864K) icms_dc=0 , 0.0131710 secs] [Times: user=0.16 sys=0.00, real=0.01 secs] 
Total time for which application threads were stopped: 0.0135820 seconds
2012-01-20T10:08:30.526+0000: 3904.904: [GC 3904.904: [ParNew: 27328K->5440K(27328K), 0.0151950 secs] 3705648K->3684839K(4188864K) icms_dc=0 , 0.0153210 secs] [Times: user=0.17 sys=0.00, real=0.02 secs] 
Total time for which application threads were stopped: 0.0156780 seconds
Total time for which application threads were stopped: 0.0001650 seconds
2012-01-20T10:08:31.928+0000: 3906.306: [GC 3906.306: [ParNew: 27328K->5440K(27328K), 0.0143840 secs] 3706727K->3685505K(4188864K) icms_dc=0 , 0.0145080 secs] [Times: user=0.17 sys=0.00, real=0.02 secs] 
Total time for which application threads were stopped: 0.0148480 seconds
2012-01-20T10:08:33.673+0000: 3908.051: [GC 3908.051: [ParNew: 27328K->5440K(27328K), 0.0163860 secs] 3707393K->3686757K(4188864K) icms_dc=0 , 0.0165130 secs] [Times: user=0.17 sys=0.00, real=0.02 secs] 
Total time for which application threads were stopped: 0.0168610 seconds
2012-01-20T10:08:35.352+0000: 3909.730: [GC 3909.730: [ParNew: 27328K->5440K(27328K), 0.0150300 secs] 3708645K->3687705K(4188864K) icms_dc=0 , 0.0151570 secs] [Times: user=0.16 sys=0.00, real=0.01 secs] 
Total time for which application threads were stopped: 0.0155340 seconds
2012-01-20T10:08:37.078+0000: 3911.456: [GC 3911.456: [ParNew: 27328K->5440K(27328K), 0.0167780 secs] 3709593K->3688722K(4188864K) icms_dc=0 , 0.0169060 secs] [Times: user=0.20 sys=0.00, real=0.02 secs] 
Total time for which application threads were stopped: 0.0172630 seconds
2012-01-20T10:08:38.636+0000: 3913.015: [GC 3913.015: [ParNew: 27328K->5440K(27328K), 0.0151910 secs] 3710610K->3689502K(4188864K) icms_dc=0 , 0.0153160 secs] [Times: user=0.17 sys=0.00, real=0.02 secs] 
Total time for which application threads were stopped: 0.0156840 seconds
2012-01-20T10:08:40.307+0000: 3914.685: [GC 3914.685: [ParNew: 27328K->5440K(27328K), 0.0158470 secs] 3711390K->3690659K(4188864K) icms_dc=0 , 0.0159800 secs] [Times: user=0.17 sys=0.00, real=0.02 secs] 
Total time for which application threads were stopped: 0.0163510 seconds
Total time for which application threads were stopped: 0.0002470 seconds
2012-01-20T10:08:42.048+0000: 3916.426: [GC 3916.426: [ParNew: 27328K->5440K(27328K), 0.0167160 secs] 3712547K->3692029K(4188864K) icms_dc=0 , 0.0168430 secs] [Times: user=0.18 sys=0.01, real=0.02 secs] 
Total time for which application threads were stopped: 0.0172140 seconds
2012-01-20T10:08:43.682+0000: 3918.060: [GC 3918.060: [ParNew: 27328K->5440K(27328K), 0.0151400 secs] 3713917K->3693024K(4188864K) icms_dc=0 , 0.0153130 secs] [Times: user=0.16 sys=0.00, real=0.01 secs] 
Total time for which application threads were stopped: 0.0156740 seconds
2012-01-20T10:08:45.344+0000: 3919.722: [GC 3919.722: [ParNew: 27328K->5440K(27328K), 0.0150160 secs] 3714912K->3693638K(4188864K) icms_dc=0 , 0.0151440 secs] [Times: user=0.17 sys=0.00, real=0.02 secs] 
Total time for which application threads were stopped: 0.0155070 seconds
2012-01-20T10:08:47.197+0000: 3921.575: [GC 3921.575: [ParNew: 27328K->5440K(27328K), 0.0163980 secs] 3715526K->3694549K(4188864K) icms_dc=0 , 0.0165230 secs] [Times: user=0.19 sys=0.00, real=0.02 secs] 
Total time for which application threads were stopped: 0.0169080 seconds
Total time for which application threads were stopped: 0.0003630 seconds
2012-01-20T10:08:48.726+0000: 3923.104: [GC 3923.104: [ParNew: 27328K->5440K(27328K), 0.0145960 secs] 3716437K->3694961K(4188864K) icms_dc=0 , 0.0147220 secs] [Times: user=0.17 sys=0.00, real=0.02 secs] 
Total time for which application threads were stopped: 0.0150590 seconds
2012-01-20T10:08:50.355+0000: 3924.734: [GC 3924.734: [ParNew: 27328K->5440K(27328K), 0.0159060 secs] 3716849K->3696349K(4188864K) icms_dc=0 , 0.0160330 secs] [Times: user=0.17 sys=0.01, real=0.02 secs] 
Total time for which application threads were stopped: 0.0164090 seconds
Total time for which application threads were stopped: 0.0002790 seconds
2012-01-20T10:08:51.879+0000: 3926.257: [GC 3926.257: [ParNew: 27328K->5440K(27328K), 0.0149650 secs] 3718237K->3697395K(4188864K) icms_dc=0 , 0.0150950 secs] [Times: user=0.17 sys=0.00, real=0.02 secs] 
Total time for which application threads were stopped: 0.0154260 seconds
2012-01-20T10:08:53.442+0000: 3927.821: [GC 3927.821: [ParNew: 27328K->5440K(27328K), 0.0140860 secs] 3719283K->3698205K(4188864K) icms_dc=0 , 0.0142100 secs] [Times: user=0.16 sys=0.00, real=0.01 secs] 
Total time for which application threads were stopped: 0.0146230 seconds
2012-01-20T10:08:55.204+0000: 3929.582: [GC 3929.582: [ParNew: 27328K->5440K(27328K), 0.0148480 secs] 3720093K->3699188K(4188864K) icms_dc=0 , 0.0149730 secs] [Times: user=0.16 sys=0.01, real=0.01 secs] 
Total time for which application threads were stopped: 0.0153230 seconds
2012-01-20T10:08:56.712+0000: 3931.090: [GC 3931.090: [ParNew: 27328K->5273K(27328K), 0.0129760 secs] 3721076K->3699021K(4188864K) icms_dc=0 , 0.0131040 secs] [Times: user=0.15 sys=0.00, real=0.01 secs] 
Total time for which application threads were stopped: 0.0134540 seconds
2012-01-20T10:08:58.139+0000: 3932.518: [GC 3932.518: [ParNew: 27161K->5440K(27328K), 0.0131570 secs] 3720909K->3699574K(4188864K) icms_dc=0 , 0.0132790 secs] [Times: user=0.15 sys=0.00, real=0.02 secs] 
Total time for which application threads were stopped: 0.0136210 seconds
2012-01-20T10:08:59.601+0000: 3933.979: [GC 3933.979: [ParNew: 27328K->5440K(27328K), 0.0150060 secs] 3721462K->3700271K(4188864K) icms_dc=0 , 0.0151300 secs] [Times: user=0.17 sys=0.00, real=0.01 secs] 
Total time for which application threads were stopped: 0.0154720 seconds
Total time for which application threads were stopped: 0.0029210 seconds
Total time for which application threads were stopped: 0.0000700 seconds
2012-01-20T10:09:01.218+0000: 3935.596: [GC 3935.596: [ParNew: 27328K->5440K(27328K), 0.0145840 secs] 3722159K->3701028K(4188864K) icms_dc=0 , 0.0147140 secs] [Times: user=0.16 sys=0.01, real=0.02 secs] 
Total time for which application threads were stopped: 0.0149760 seconds
2012-01-20T10:09:02.774+0000: 3937.152: [GC 3937.152: [ParNew: 27328K->5440K(27328K), 0.0142800 secs] 3722916K->3701526K(4188864K) icms_dc=0 , 0.0144090 secs] [Times: user=0.17 sys=0.00, real=0.01 secs] 
Total time for which application threads were stopped: 0.0147930 seconds
2012-01-20T10:09:04.398+0000: 3938.776: [GC 3938.776: [ParNew: 27328K->5440K(27328K), 0.0171970 secs] 3723414K->3702910K(4188864K) icms_dc=0 , 0.0173320 secs] [Times: user=0.18 sys=0.00, real=0.02 secs] 
Total time for which application threads were stopped: 0.0177220 seconds
2012-01-20T10:09:05.807+0000: 3940.185: [GC 3940.185: [ParNew: 27328K->5440K(27328K), 0.0147820 secs] 3724798K->3703157K(4188864K) icms_dc=0 , 0.0149080 secs] [Times: user=0.17 sys=0.00, real=0.02 secs] 
Total time for which application threads were stopped: 0.0153580 seconds
2012-01-20T10:09:07.356+0000: 3941.734: [GC 3941.734: [ParNew: 27328K->5440K(27328K), 0.0165970 secs] 3725045K->3704198K(4188864K) icms_dc=0 , 0.0167260 secs] [Times: user=0.18 sys=0.00, real=0.02 secs] 
Total time for which application threads were stopped: 0.0170800 seconds
2012-01-20T10:09:08.902+0000: 3943.280: [GC 3943.280: [ParNew: 27328K->5440K(27328K), 0.0149690 secs] 3726086K->3705270K(4188864K) icms_dc=0 , 0.0150960 secs] [Times: user=0.17 sys=0.00, real=0.02 secs] 
Total time for which application threads were stopped: 0.0154970 seconds
2012-01-20T10:09:10.416+0000: 3944.794: [GC 3944.794: [ParNew: 27328K->5440K(27328K), 0.0143500 secs] 3727158K->3705910K(4188864K) icms_dc=0 , 0.0144760 secs] [Times: user=0.17 sys=0.01, real=0.01 secs] 
Total time for which application threads were stopped: 0.0148430 seconds
Total time for which application threads were stopped: 0.0002950 seconds
2012-01-20T10:09:11.862+0000: 3946.240: [GC 3946.241: [ParNew: 27328K->5440K(27328K), 0.0143690 secs] 3727798K->3706694K(4188864K) icms_dc=0 , 0.0144970 secs] [Times: user=0.16 sys=0.01, real=0.01 secs] 
Total time for which application threads were stopped: 0.0148660 seconds
2012-01-20T10:09:13.411+0000: 3947.790: [GC 3947.790: [ParNew: 27328K->5440K(27328K), 0.0131100 secs] 3728582K->3706820K(4188864K) icms_dc=0 , 0.0132340 secs] [Times: user=0.16 sys=0.01, real=0.02 secs] 
Total time for which application threads were stopped: 0.0135960 seconds
2012-01-20T10:09:15.092+0000: 3949.470: [GC 3949.470: [ParNew: 27328K->5440K(27328K), 0.0153120 secs] 3728708K->3707800K(4188864K) icms_dc=0 , 0.0154420 secs] [Times: user=0.16 sys=0.01, real=0.02 secs] 
Total time for which application threads were stopped: 0.0157840 seconds
2012-01-20T10:09:16.647+0000: 3951.025: [GC 3951.025: [ParNew: 27328K->5440K(27328K), 0.0140500 secs] 3729688K->3708019K(4188864K) icms_dc=0 , 0.0141720 secs] [Times: user=0.17 sys=0.00, real=0.01 secs] 
Total time for which application threads were stopped: 0.0145640 seconds
2012-01-20T10:09:18.031+0000: 3952.409: [GC 3952.409: [ParNew: 27328K->5440K(27328K), 0.0153170 secs] 3729907K->3708858K(4188864K) icms_dc=0 , 0.0154410 secs] [Times: user=0.17 sys=0.00, real=0.02 secs] 
Total time for which application threads were stopped: 0.0158000 seconds
2012-01-20T10:09:19.403+0000: 3953.781: [GC 3953.781: [ParNew: 27328K->5440K(27328K), 0.0140500 secs] 3730746K->3709387K(4188864K) icms_dc=0 , 0.0141740 secs] [Times: user=0.16 sys=0.00, real=0.02 secs] 
Total time for which application threads were stopped: 0.0145100 seconds
2012-01-20T10:09:20.909+0000: 3955.287: [GC 3955.287: [ParNew: 27328K->5440K(27328K), 0.0148220 secs] 3731275K->3710336K(4188864K) icms_dc=0 , 0.0149470 secs] [Times: user=0.16 sys=0.00, real=0.02 secs] 
Total time for which application threads were stopped: 0.0152830 seconds
Total time for which application threads were stopped: 0.0002250 seconds
2012-01-20T10:09:22.561+0000: 3956.939: [GC 3956.939: [ParNew: 27328K->5440K(27328K), 0.0154990 secs] 3732224K->3711553K(4188864K) icms_dc=0 , 0.0156260 secs] [Times: user=0.17 sys=0.01, real=0.02 secs] 
Total time for which application threads were stopped: 0.0160330 seconds
2012-01-20T10:09:24.021+0000: 3958.399: [GC 3958.399: [ParNew: 27328K->5440K(27328K), 0.0155350 secs] 3733441K->3712732K(4188864K) icms_dc=0 , 0.0156640 secs] [Times: user=0.18 sys=0.00, real=0.02 secs] 
Total time for which application threads were stopped: 0.0160280 seconds
2012-01-20T10:09:25.566+0000: 3959.944: [GC 3959.944: [ParNew: 27328K->5440K(27328K), 0.0147560 secs] 3734620K->3713628K(4188864K) icms_dc=0 , 0.0148810 secs] [Times: user=0.16 sys=0.01, real=0.01 secs] 
Total time for which application threads were stopped: 0.0152370 seconds
2012-01-20T10:09:27.103+0000: 3961.481: [GC 3961.481: [ParNew: 27328K->5440K(27328K), 0.0164650 secs] 3735516K->3714955K(4188864K) icms_dc=0 , 0.0166400 secs] [Times: user=0.18 sys=0.01, real=0.02 secs] 
Total time for which application threads were stopped: 0.0170100 seconds
2012-01-20T10:09:28.500+0000: 3962.878: [GC 3962.878: [ParNew: 27328K->5440K(27328K), 0.0147130 secs] 3736843K->3716027K(4188864K) icms_dc=0 , 0.0148390 secs] [Times: user=0.17 sys=0.00, real=0.02 secs] 
Total time for which application threads were stopped: 0.0152710 seconds
2012-01-20T10:09:29.964+0000: 3964.342: [GC 3964.342: [ParNew: 27328K->5440K(27328K), 0.0129030 secs] 3737915K->3716107K(4188864K) icms_dc=0 , 0.0130260 secs] [Times: user=0.15 sys=0.00, real=0.02 secs] 
Total time for which application threads were stopped: 0.0133960 seconds
Total time for which application threads were stopped: 0.0002430 seconds
2012-01-20T10:09:31.521+0000: 3965.899: [GC 3965.899: [ParNew: 27328K->5440K(27328K), 0.0143270 secs] 3737995K->3716836K(4188864K) icms_dc=0 , 0.0144570 secs] [Times: user=0.17 sys=0.01, real=0.02 secs] 
Total time for which application threads were stopped: 0.0148830 seconds
2012-01-20T10:09:32.962+0000: 3967.340: [GC 3967.341: [ParNew: 27328K->5440K(27328K), 0.0140910 secs] 3738724K->3717486K(4188864K) icms_dc=0 , 0.0142240 secs] [Times: user=0.16 sys=0.01, real=0.02 secs] 
Total time for which application threads were stopped: 0.0146100 seconds
2012-01-20T10:09:34.631+0000: 3969.009: [GC 3969.009: [ParNew: 27328K->5440K(27328K), 0.0147580 secs] 3739374K->3718293K(4188864K) icms_dc=0 , 0.0148860 secs] [Times: user=0.17 sys=0.00, real=0.02 secs] 
Total time for which application threads were stopped: 0.0152540 seconds
2012-01-20T10:09:36.219+0000: 3970.597: [GC 3970.597: [ParNew: 27328K->5440K(27328K), 0.0149320 secs] 3740181K->3719071K(4188864K) icms_dc=0 , 0.0150610 secs] [Times: user=0.17 sys=0.00, real=0.01 secs] 
Total time for which application threads were stopped: 0.0154920 seconds
2012-01-20T10:09:37.609+0000: 3971.987: [GC 3971.987: [ParNew: 27328K->5440K(27328K), 0.0154160 secs] 3740959K->3719952K(4188864K) icms_dc=0 , 0.0155450 secs] [Times: user=0.16 sys=0.01, real=0.01 secs] 
Total time for which application threads were stopped: 0.0159640 seconds
2012-01-20T10:09:39.013+0000: 3973.391: [GC 3973.391: [ParNew: 27328K->5440K(27328K), 0.0145640 secs] 3741840K->3720659K(4188864K) icms_dc=0 , 0.0146910 secs] [Times: user=0.17 sys=0.00, real=0.02 secs] 
Total time for which application threads were stopped: 0.0150710 seconds
2012-01-20T10:09:40.390+0000: 3974.768: [GC 3974.768: [ParNew: 27328K->5440K(27328K), 0.0174530 secs] 3742547K->3721982K(4188864K) icms_dc=0 , 0.0175820 secs] [Times: user=0.20 sys=0.00, real=0.02 secs] 
Total time for which application threads were stopped: 0.0180020 seconds
Total time for which application threads were stopped: 0.0002870 seconds
2012-01-20T10:09:42.002+0000: 3976.380: [GC 3976.380: [ParNew: 27328K->5440K(27328K), 0.0148130 secs] 3743870K->3722881K(4188864K) icms_dc=0 , 0.0149440 secs] [Times: user=0.15 sys=0.02, real=0.02 secs] 
Total time for which application threads were stopped: 0.0153310 seconds
2012-01-20T10:09:43.473+0000: 3977.851: [GC 3977.851: [ParNew: 27328K->5440K(27328K), 0.0141730 secs] 3744769K->3723285K(4188864K) icms_dc=0 , 0.0142990 secs] [Times: user=0.17 sys=0.00, real=0.02 secs] 
Total time for which application threads were stopped: 0.0146990 seconds
2012-01-20T10:09:45.131+0000: 3979.510: [GC 3979.510: [ParNew: 27328K->5440K(27328K), 0.0143170 secs] 3745173K->3724021K(4188864K) icms_dc=0 , 0.0144430 secs] [Times: user=0.16 sys=0.01, real=0.02 secs] 
Total time for which application threads were stopped: 0.0148690 seconds
2012-01-20T10:09:46.744+0000: 3981.122: [GC 3981.122: [ParNew: 27328K->5440K(27328K), 0.0150460 secs] 3745909K->3724906K(4188864K) icms_dc=0 , 0.0151810 secs] [Times: user=0.17 sys=0.00, real=0.02 secs] 
Total time for which application threads were stopped: 0.0156620 seconds
2012-01-20T10:09:48.150+0000: 3982.528: [GC 3982.528: [ParNew: 27328K->5440K(27328K), 0.0152920 secs] 3746794K->3725519K(4188864K) icms_dc=0 , 0.0154190 secs] [Times: user=0.18 sys=0.01, real=0.01 secs] 
Total time for which application threads were stopped: 0.0158330 seconds
2012-01-20T10:09:49.580+0000: 3983.958: [GC 3983.958: [ParNew: 27328K->5440K(27328K), 0.0140030 secs] 3747407K->3726308K(4188864K) icms_dc=0 , 0.0141340 secs] [Times: user=0.15 sys=0.00, real=0.01 secs] 
Total time for which application threads were stopped: 0.0145120 seconds
2012-01-20T10:09:51.071+0000: 3985.450: [GC 3985.450: [ParNew: 27328K->5440K(27328K), 0.0136900 secs] 3748196K->3726709K(4188864K) icms_dc=0 , 0.0138210 secs] [Times: user=0.15 sys=0.00, real=0.01 secs] 
Total time for which application threads were stopped: 0.0142240 seconds
Total time for which application threads were stopped: 0.0001450 seconds
2012-01-20T10:09:52.506+0000: 3986.884: [GC 3986.885: [ParNew: 27328K->5440K(27328K), 0.0139490 secs] 3748597K->3727376K(4188864K) icms_dc=0 , 0.0140760 secs] [Times: user=0.16 sys=0.00, real=0.02 secs] 
Total time for which application threads were stopped: 0.0144600 seconds
2012-01-20T10:09:54.007+0000: 3988.385: [GC 3988.386: [ParNew: 27328K->5440K(27328K), 0.0140220 secs] 3749264K->3728028K(4188864K) icms_dc=0 , 0.0141480 secs] [Times: user=0.16 sys=0.00, real=0.02 secs] 
Total time for which application threads were stopped: 0.0145330 seconds
2012-01-20T10:09:55.831+0000: 3990.209: [GC 3990.210: [ParNew: 27328K->5440K(27328K), 0.0149340 secs] 3749916K->3728876K(4188864K) icms_dc=0 , 0.0150660 secs] [Times: user=0.17 sys=0.00, real=0.01 secs] 
Total time for which application threads were stopped: 0.0154160 seconds
2012-01-20T10:09:57.287+0000: 3991.666: [GC 3991.666: [ParNew: 27328K->5440K(27328K), 0.0158170 secs] 3750764K->3730190K(4188864K) icms_dc=0 , 0.0159500 secs] [Times: user=0.16 sys=0.00, real=0.01 secs] 
Total time for which application threads were stopped: 0.0163290 seconds
2012-01-20T10:09:58.818+0000: 3993.196: [GC 3993.196: [ParNew: 27328K->5440K(27328K), 0.0139850 secs] 3752078K->3731085K(4188864K) icms_dc=0 , 0.0141150 secs] [Times: user=0.16 sys=0.00, real=0.01 secs] 
Total time for which application threads were stopped: 0.0145750 seconds
2012-01-20T10:10:00.579+0000: 3994.957: [GC 3994.957: [ParNew: 27328K->5440K(27328K), 0.0158770 secs] 3752973K->3731506K(4188864K) icms_dc=0 , 0.0160050 secs] [Times: user=0.17 sys=0.00, real=0.01 secs] 
Total time for which application threads were stopped: 0.0163750 seconds
Total time for which application threads were stopped: 0.0003540 seconds
2012-01-20T10:10:02.026+0000: 3996.404: [GC 3996.404: [ParNew: 27328K->5440K(27328K), 0.0148640 secs] 3753394K->3732459K(4188864K) icms_dc=0 , 0.0149980 secs] [Times: user=0.16 sys=0.01, real=0.02 secs] 
Total time for which application threads were stopped: 0.0154390 seconds
2012-01-20T10:10:03.489+0000: 3997.868: [GC 3997.868: [ParNew: 27328K->5440K(27328K), 0.0147630 secs] 3754347K->3733269K(4188864K) icms_dc=0 , 0.0148900 secs] [Times: user=0.17 sys=0.00, real=0.01 secs] 
Total time for which application threads were stopped: 0.0153940 seconds
2012-01-20T10:10:04.976+0000: 3999.354: [GC 3999.354: [ParNew: 27328K->5440K(27328K), 0.0147790 secs] 3755157K->3734103K(4188864K) icms_dc=0 , 0.0149080 secs] [Times: user=0.17 sys=0.01, real=0.02 secs] 
Total time for which application threads were stopped: 0.0153770 seconds
2012-01-20T10:10:06.625+0000: 4001.004: [GC 4001.004: [ParNew: 27328K->5440K(27328K), 0.0149190 secs] 3755991K->3734919K(4188864K) icms_dc=0 , 0.0150580 secs] [Times: user=0.17 sys=0.00, real=0.02 secs] 
Total time for which application threads were stopped: 0.0155020 seconds
2012-01-20T10:10:08.106+0000: 4002.484: [GC 4002.484: [ParNew: 27328K->5440K(27328K), 0.0151780 secs] 3756807K->3736054K(4188864K) icms_dc=0 , 0.0153130 secs] [Times: user=0.17 sys=0.00, real=0.02 secs] 
Total time for which application threads were stopped: 0.0157650 seconds
2012-01-20T10:10:09.380+0000: 4003.758: [GC 4003.759: [ParNew: 27328K->5440K(27328K), 0.0156640 secs] 3757942K->3737115K(4188864K) icms_dc=0 , 0.0157980 secs] [Times: user=0.17 sys=0.01, real=0.01 secs] 
Total time for which application threads were stopped: 0.0162530 seconds
2012-01-20T10:10:10.747+0000: 4005.126: [GC 4005.126: [ParNew: 27328K->5440K(27328K), 0.0154210 secs] 3759003K->3738340K(4188864K) icms_dc=0 , 0.0155520 secs] [Times: user=0.17 sys=0.01, real=0.02 secs] 
Total time for which application threads were stopped: 0.0160370 seconds
Total time for which application threads were stopped: 0.0002920 seconds
2012-01-20T10:10:12.376+0000: 4006.754: [GC 4006.754: [ParNew: 27328K->5440K(27328K), 0.0148800 secs] 3760228K->3739343K(4188864K) icms_dc=0 , 0.0150080 secs] [Times: user=0.17 sys=0.01, real=0.02 secs] 
Total time for which application threads were stopped: 0.0154540 seconds
2012-01-20T10:10:14.044+0000: 4008.422: [GC 4008.422: [ParNew: 27328K->5440K(27328K), 0.0145050 secs] 3761231K->3740249K(4188864K) icms_dc=0 , 0.0146360 secs] [Times: user=0.17 sys=0.00, real=0.01 secs] 
Total time for which application threads were stopped: 0.0150970 seconds
2012-01-20T10:10:15.701+0000: 4010.080: [GC 4010.080: [ParNew: 27328K->5440K(27328K), 0.0151420 secs] 3762137K->3741115K(4188864K) icms_dc=0 , 0.0152720 secs] [Times: user=0.17 sys=0.00, real=0.01 secs] 
Total time for which application threads were stopped: 0.0157480 seconds
2012-01-20T10:10:17.294+0000: 4011.673: [GC 4011.673: [ParNew: 27328K->5440K(27328K), 0.0155450 secs] 3763003K->3742135K(4188864K) icms_dc=0 , 0.0156830 secs] [Times: user=0.16 sys=0.01, real=0.02 secs] 
Total time for which application threads were stopped: 0.0160740 seconds
2012-01-20T10:10:18.832+0000: 4013.210: [GC 4013.210: [ParNew: 27328K->5440K(27328K), 0.0141310 secs] 3764023K->3742991K(4188864K) icms_dc=0 , 0.0142570 secs] [Times: user=0.16 sys=0.01, real=0.01 secs] 
Total time for which application threads were stopped: 0.0146990 seconds
2012-01-20T10:10:20.583+0000: 4014.961: [GC 4014.962: [ParNew: 27328K->5440K(27328K), 0.0147380 secs] 3764879K->3743966K(4188864K) icms_dc=0 , 0.0148690 secs] [Times: user=0.16 sys=0.01, real=0.01 secs] 
Total time for which application threads were stopped: 0.0161950 seconds
Total time for which application threads were stopped: 0.0002400 seconds
2012-01-20T10:10:22.022+0000: 4016.400: [GC 4016.400: [ParNew: 27328K->5440K(27328K), 0.0137230 secs] 3765854K->3744322K(4188864K) icms_dc=0 , 0.0138550 secs] [Times: user=0.16 sys=0.00, real=0.01 secs] 
Total time for which application threads were stopped: 0.0142380 seconds
2012-01-20T10:10:23.441+0000: 4017.819: [GC 4017.819: [ParNew: 27328K->5440K(27328K), 0.0164210 secs] 3766210K->3745245K(4188864K) icms_dc=0 , 0.0165530 secs] [Times: user=0.19 sys=0.01, real=0.01 secs] 
Total time for which application threads were stopped: 0.0169410 seconds
2012-01-20T10:10:25.041+0000: 4019.419: [GC 4019.419: [ParNew: 27328K->5440K(27328K), 0.0173350 secs] 3767133K->3746846K(4188864K) icms_dc=0 , 0.0174680 secs] [Times: user=0.18 sys=0.00, real=0.01 secs] 
Total time for which application threads were stopped: 0.0178380 seconds
2012-01-20T10:10:26.615+0000: 4020.993: [GC 4020.993: [ParNew: 27328K->5440K(27328K), 0.0139560 secs] 3768734K->3746846K(4188864K) icms_dc=0 , 0.0140830 secs] [Times: user=0.16 sys=0.00, real=0.01 secs] 
Total time for which application threads were stopped: 0.0144380 seconds
2012-01-20T10:10:28.063+0000: 4022.441: [GC 4022.441: [ParNew: 27328K->5440K(27328K), 0.0151590 secs] 3768734K->3747943K(4188864K) icms_dc=0 , 0.0152870 secs] [Times: user=0.17 sys=0.01, real=0.01 secs] 
Total time for which application threads were stopped: 0.0156690 seconds
2012-01-20T10:10:29.795+0000: 4024.173: [GC 4024.173: [ParNew: 27328K->5440K(27328K), 0.0125450 secs] 3769831K->3747952K(4188864K) icms_dc=0 , 0.0126740 secs] [Times: user=0.15 sys=0.01, real=0.01 secs] 
Total time for which application threads were stopped: 0.0131070 seconds
2012-01-20T10:10:31.120+0000: 4025.498: [GC 4025.498: [ParNew: 27328K->5440K(27328K), 0.0142670 secs] 3769840K->3748536K(4188864K) icms_dc=0 , 0.0143960 secs] [Times: user=0.16 sys=0.01, real=0.02 secs] 
Total time for which application threads were stopped: 0.0147840 seconds
Total time for which application threads were stopped: 0.0001370 seconds
2012-01-20T10:10:32.533+0000: 4026.911: [GC 4026.911: [ParNew: 27328K->5440K(27328K), 0.0132010 secs] 3770424K->3748787K(4188864K) icms_dc=0 , 0.0133320 secs] [Times: user=0.15 sys=0.00, real=0.01 secs] 
Total time for which application threads were stopped: 0.0139680 seconds
2012-01-20T10:10:33.927+0000: 4028.305: [GC 4028.305: [ParNew: 27328K->5440K(27328K), 0.0127010 secs] 3770675K->3749165K(4188864K) icms_dc=0 , 0.0128270 secs] [Times: user=0.15 sys=0.00, real=0.01 secs] 
Total time for which application threads were stopped: 0.0132090 seconds
2012-01-20T10:10:35.532+0000: 4029.910: [GC 4029.910: [ParNew: 27328K->5225K(27328K), 0.0126880 secs] 3771053K->3749072K(4188864K) icms_dc=0 , 0.0128130 secs] [Times: user=0.14 sys=0.00, real=0.01 secs] 
Total time for which application threads were stopped: 0.0131910 seconds
2012-01-20T10:10:37.111+0000: 4031.489: [GC 4031.489: [ParNew: 27113K->5440K(27328K), 0.0132070 secs] 3770960K->3749605K(4188864K) icms_dc=0 , 0.0133340 secs] [Times: user=0.15 sys=0.00, real=0.02 secs] 
Total time for which application threads were stopped: 0.0137260 seconds
2012-01-20T10:10:38.781+0000: 4033.159: [GC 4033.159: [ParNew: 27328K->5440K(27328K), 0.0164260 secs] 3771493K->3749953K(4188864K) icms_dc=0 , 0.0165530 secs] [Times: user=0.19 sys=0.00, real=0.02 secs] 
Total time for which application threads were stopped: 0.0169050 seconds
2012-01-20T10:10:40.151+0000: 4034.529: [GC 4034.529: [ParNew: 27328K->5440K(27328K), 0.0140570 secs] 3771841K->3750593K(4188864K) icms_dc=0 , 0.0141840 secs] [Times: user=0.16 sys=0.00, real=0.02 secs] 
Total time for which application threads were stopped: 0.0145500 seconds
Total time for which application threads were stopped: 0.0002510 seconds
2012-01-20T10:10:41.693+0000: 4036.071: [GC 4036.071: [ParNew: 27328K->5440K(27328K), 0.0163640 secs] 3772481K->3751562K(4188864K) icms_dc=0 , 0.0165000 secs] [Times: user=0.18 sys=0.00, real=0.01 secs] 
Total time for which application threads were stopped: 0.0167680 seconds
2012-01-20T10:10:43.237+0000: 4037.615: [GC 4037.615: [ParNew: 27328K->5440K(27328K), 0.0160790 secs] 3773450K->3752368K(4188864K) icms_dc=0 , 0.0162100 secs] [Times: user=0.18 sys=0.00, real=0.02 secs] 
Total time for which application threads were stopped: 0.0166220 seconds
2012-01-20T10:10:44.794+0000: 4039.173: [GC 4039.173: [ParNew: 27328K->5440K(27328K), 0.0144250 secs] 3774256K->3753196K(4188864K) icms_dc=0 , 0.0145540 secs]