0.586: [Full GC 16896K->1759K(83008K), 0.0343993 secs]
0.631: [Full GC 1759K->1759K(83008K), 0.0262733 secs]
73.268: [GC 18783K->2657K(83008K), 0.0045864 secs]
86.753: [Full GC 18452K->8777K(83008K), 0.0738174 secs]
125.507: [GC 25801K->9581K(83008K), 0.0073451 secs]
125.519: [Full GC 9645K->3827K(83008K), 0.0596353 secs]
127.758: [GC 20851K->17773K(83008K), 0.0538664 secs]
128.082: [GC 32967K->30420K(83008K), 0.0289758 secs]
128.136: [GC 44921K->35204K(83008K), 0.0086814 secs]
128.147: [GC 41003K(83008K), 0.0032403 secs]
128.231: [GC 52228K->48663K(83008K), 0.0196506 secs]
128.364: [GC 65152K->62549K(83008K), 0.0290003 secs]
128.418: [GC 78031K->66917K(85956K), 0.0079153 secs]
128.434: [GC 76437K(85956K), 0.0040666 secs]
128.511: [GC 66876K->62286K(98856K), 0.0288978 secs]
128.541: [GC 62373K(98856K), 0.0034948 secs]
128.929: [GC 79310K->67369K(98856K), 0.0125782 secs]
129.063: [GC 81380K(98856K), 0.0058342 secs]
129.562: [GC 51357K->42097K(98856K), 0.0173211 secs]
129.627: [GC 57786K->50901K(98856K), 0.0162465 secs]
129.644: [GC 53443K(98856K), 0.0034806 secs]
129.747: [GC 67925K->63874K(98856K), 0.0273600 secs]
129.835: [GC 80849K->76947K(98856K), 0.0209371 secs]
129.865: [GC 93971K->87186K(105588K), 0.0125680 secs]
129.886: [GC 90796K(105588K), 0.0048223 secs]
129.973: [GC 91242K->87108K(140196K), 0.0245217 secs]
129.998: [GC 87234K(140196K), 0.0034879 secs]
130.076: [GC 102151K->98483K(140196K), 0.0242495 secs]
130.108: [GC 109871K->103403K(140196K), 0.0075522 secs]
130.174: [GC 120427K->115514K(140196K), 0.0172741 secs]
130.273: [GC 128992K(140196K), 0.0033120 secs]
130.550: [GC 97794K->85718K(150236K), 0.0138840 secs]
130.605: [GC 100992K->94170K(150236K), 0.0152137 secs]
130.621: [GC 96777K(150236K), 0.0023276 secs]
131.117: [GC 110288K->96966K(150236K), 0.0089918 secs]
131.627: [GC 113984K->99138K(150236K), 0.0093180 secs]
131.645: [GC 110151K(150236K), 0.0024462 secs]
131.737: [GC 81717K->70886K(150236K), 0.0205721 secs]
131.850: [GC 87910K->75479K(150236K), 0.0102234 secs]
131.948: [GC 92503K->91920K(150236K), 0.0274186 secs]
131.976: [GC 92100K(150236K), 0.0033603 secs]
132.028: [GC 105034K->101690K(150236K), 0.0167498 secs]
132.052: [GC 112962K->106154K(150236K), 0.0059490 secs]
132.141: [GC 123178K->119099K(150236K), 0.0301224 secs]
132.254: [GC 135819K->133018K(151196K), 0.0327314 secs]
132.299: [GC 141840K(151196K), 0.0069711 secs]
132.314: [GC 147020K->136009K(154720K), 0.0075886 secs]
132.397: [GC 139556K->134847K(220732K), 0.0193699 secs]
132.417: [GC 134939K(220732K), 0.0035927 secs]
132.470: [GC 151871K->140066K(220732K), 0.0136380 secs]
132.588: [GC 157090K->156231K(220732K), 0.0325840 secs]
132.671: [GC 171636K->166183K(220732K), 0.0211756 secs]
132.720: [GC 183206K->177874K(220732K), 0.0142901 secs]
132.744: [GC 178397K(220732K), 0.0030741 secs]
132.854: [GC 149772K->148238K(236864K), 0.0286497 secs]
132.883: [GC 148377K(236864K), 0.0038452 secs]
132.931: [GC 163892K->157851K(236864K), 0.0134078 secs]
132.966: [GC 174875K->160130K(236864K), 0.0076168 secs]
133.026: [GC 176197K->168949K(236864K), 0.0181152 secs]
133.103: [GC 185638K->177117K(236864K), 0.0177157 secs]
133.195: [GC 193651K->180992K(236864K), 0.0112900 secs]
133.275: [GC 198016K->187268K(236864K), 0.0275958 secs]
133.305: [GC 187340K(236864K), 0.0080448 secs]
133.424: [GC 161710K->159989K(256800K), 0.0297551 secs]
133.455: [GC 160177K(256800K), 0.0036570 secs]
133.478: [GC 176727K->164824K(256800K), 0.0077194 secs]
133.499: [GC 178278K->165989K(256800K), 0.0038197 secs]
133.512: [GC 182338K->171908K(256800K), 0.0039505 secs]
133.726: [GC 188588K->176271K(256800K), 0.0100878 secs]
133.744: [GC 185325K(256800K), 0.0029150 secs]
134.170: [GC 158770K->147150K(256800K), 0.0132759 secs]
134.217: [GC 163709K->153667K(256800K), 0.0112906 secs]
134.695: [GC 170691K->163056K(256800K), 0.0192342 secs]
134.901: [GC 180080K->168721K(256800K), 0.0135998 secs]
134.990: [GC 185679K->184159K(256800K), 0.0260531 secs]
135.017: [GC 184319K(256800K), 0.0036607 secs]
135.051: [GC 200138K->190480K(256800K), 0.0112503 secs]
135.104: [GC 207504K->195260K(256800K), 0.0130606 secs]
135.216: [GC 212284K->210587K(256800K), 0.0316457 secs]
135.280: [GC 227443K->215637K(256800K), 0.0085813 secs]
135.384: [GC 232661K->222010K(256800K), 0.0156461 secs]
135.440: [GC 239034K->227056K(256800K), 0.0134918 secs]
135.507: [GC 243839K->238240K(256800K), 0.0235404 secs]
135.592: [GC 255226K->246676K(264640K), 0.0205185 secs]
135.718: [GC 263142K->250515K(268480K), 0.0192666 secs]
135.752: [GC 260541K(268480K), 0.0032181 secs]
135.836: [GC 228906K->217548K(268480K), 0.0067474 secs]
135.852: [GC 232353K->220549K(268480K), 0.0036882 secs]
136.208: [GC 231736K->219032K(379116K), 0.0036457 secs]
136.257: [GC 236056K->224042K(379116K), 0.0115394 secs]
136.316: [GC 238648K->231136K(379116K), 0.0212169 secs]
136.390: [GC 247769K->240532K(379116K), 0.0186474 secs]
136.457: [GC 256677K->250333K(379116K), 0.0188656 secs]
136.488: [GC 265340K->254171K(379116K), 0.0061709 secs]
136.504: [GC 269817K->266003K(379116K), 0.0114953 secs]
136.516: [GC 268524K(379116K), 0.0018732 secs]
136.657: [GC 282517K->271039K(379116K), 0.0107703 secs]
136.715: [GC 288063K->277039K(379116K), 0.0164024 secs]
136.766: [GC 294063K->281975K(379116K), 0.0144495 secs]
136.889: [GC 298114K->297563K(379116K), 0.0377046 secs]
136.981: [GC 311559K->308872K(379116K), 0.0194896 secs]
137.008: [GC 320181K->313865K(379116K), 0.0073611 secs]
137.033: [GC 324515K(379116K), 0.0035475 secs]
137.085: [GC 321037K->316493K(379116K), 0.0197246 secs]
137.185: [GC 285806K->283109K(379116K), 0.0304931 secs]
137.229: [GC 283792K->273091K(379116K), 0.0083926 secs]
137.300: [GC 258183K->253159K(418444K), 0.0179319 secs]
137.706: [GC 270183K->258259K(418444K), 0.0119084 secs]
137.937: [GC 275283K->266530K(418444K), 0.0181784 secs]
138.003: [GC 283063K->276025K(418444K), 0.0189188 secs]
138.103: [GC 293049K->287797K(418444K), 0.0229887 secs]
138.175: [GC 303995K->300854K(418444K), 0.0185998 secs]
138.195: [GC 305590K(418444K), 0.0038396 secs]
138.207: [GC 317281K->307111K(418444K), 0.0065593 secs]
138.493: [GC 324088K->311217K(418444K), 0.0092820 secs]
138.626: [GC 328241K->317613K(418444K), 0.0224069 secs]
138.694: [GC 334637K->322784K(418444K), 0.0122615 secs]
138.771: [GC 339808K->331178K(418444K), 0.0203105 secs]
138.871: [GC 348202K->347282K(418444K), 0.0335223 secs]
138.946: [GC 363970K->358426K(418444K), 0.0178545 secs]
138.987: [GC 375375K(418444K), 0.0037200 secs]
138.994: [GC 375449K->361027K(418444K), 0.0094046 secs]
139.097: [GC 352814K->351502K(418444K), 0.0324303 secs]
139.186: [GC 351516K->345720K(418444K), 0.0203909 secs]
139.232: [GC 334281K->319715K(418444K), 0.0086076 secs]
139.291: [GC 318277K->310664K(519820K), 0.0181453 secs]
139.581: [GC 327688K->311467K(519820K), 0.0060574 secs]
139.663: [GC 328491K->327286K(519820K), 0.0311705 secs]
139.730: [GC 342654K->337100K(519820K), 0.0131600 secs]
139.852: [GC 353975K->339213K(519820K), 0.0074214 secs]
139.869: [GC 353332K->341223K(519820K), 0.0036943 secs]
139.920: [GC 358247K->354475K(519820K), 0.0180379 secs]
139.940: [GC 354561K(519820K), 0.0032985 secs]
140.011: [GC 371499K->359473K(519820K), 0.0120003 secs]
140.076: [GC 375093K->368141K(519820K), 0.0247337 secs]
140.162: [GC 385165K->376549K(519820K), 0.0216849 secs]
140.248: [GC 392955K->380344K(519820K), 0.0120465 secs]
140.306: [GC 397368K->385724K(519820K), 0.0132018 secs]
140.373: [GC 402748K->393267K(519820K), 0.0171303 secs]
140.449: [GC 407943K->405161K(519820K), 0.0256347 secs]
140.486: [GC 418314K->406923K(519820K), 0.0055767 secs]
140.850: [GC 464331K->440306K(565196K), 0.0554007 secs]
141.053: [GC 480864K(565196K), 0.0137767 secs]
141.234: [GC 431329K->405121K(565196K), 0.0612732 secs]
141.538: [GC 415257K->379634K(650484K), 0.0443008 secs]
141.951: [GC 435327K->390001K(650484K), 0.0250716 secs]
142.107: [GC 442046K->416073K(650484K), 0.0488349 secs]
142.447: [GC 473481K->439891K(650484K), 0.0460385 secs]
142.493: [GC 440133K(650484K), 0.0060600 secs]
142.720: [GC 497299K->474261K(650484K), 0.0744621 secs]
142.925: [GC 531130K->499289K(650484K), 0.0491770 secs]
143.356: [GC 552494K->531228K(650484K), 0.0683646 secs]
143.485: [GC 575076K(650484K), 0.0048741 secs]
143.623: [GC 561225K->507512K(650484K), 0.0219209 secs]
143.966: [GC 470964K->425930K(743712K), 0.0354759 secs]
144.180: [GC 483338K->456774K(743712K), 0.0586958 secs]
144.367: [GC 514182K->476331K(743712K), 0.0421277 secs]
144.763: [GC 533739K->497758K(743712K), 0.0421898 secs]
144.920: [GC 553064K->519540K(743712K), 0.0422818 secs]
144.963: [GC 522164K(743712K), 0.0073187 secs]
145.491: [GC 576948K->537924K(743712K), 0.0473939 secs]
145.738: [GC 595332K->575673K(743712K), 0.0646414 secs]
145.983: [GC 624873K(743712K), 0.0138482 secs]
146.097: [GC 615891K->578060K(743712K), 0.0479934 secs]
146.713: [GC 528960K->505492K(838852K), 0.0717619 secs]
147.043: [GC 562777K->525912K(838852K), 0.0451041 secs]
147.388: [GC 583320K->538456K(838852K), 0.0334903 secs]
147.968: [GC 595744K->550833K(838852K), 0.0324927 secs]
148.137: [GC 604323K->575369K(838852K), 0.0471378 secs]
148.941: [GC 631391K->580969K(838852K), 0.0217346 secs]
149.195: [GC 634223K->600614K(838852K), 0.0437871 secs]
149.621: [GC 655318K->626134K(838852K), 0.0548768 secs]
150.729: [GC 682477K->655863K(838852K), 0.0564026 secs]
151.200: [GC 713271K->675545K(838852K), 0.0345091 secs]
151.237: [GC 675807K(838852K), 0.0043931 secs]
151.733: [GC 731614K->693022K(838852K), 0.0437191 secs]
152.954: [GC 749850K->701879K(838852K), 0.0285653 secs]
153.093: [GC 730720K(838852K), 0.0102847 secs]
153.172: [GC 753836K->725533K(838852K), 0.0712681 secs]
154.972: [GC 602638K->577408K(961392K), 0.0586547 secs]
155.201: [GC 634816K->608419K(961392K), 0.0599367 secs]
156.045: [GC 665827K->631109K(961392K), 0.0479212 secs]
156.226: [GC 683582K->657540K(961392K), 0.0495608 secs]
156.599: [GC 712180K->681854K(961392K), 0.0510182 secs]
158.115: [GC 738202K->699192K(961392K), 0.0211972 secs]
159.228: [GC 756600K->716982K(961392K), 0.0406752 secs]
160.077: [GC 774390K->739867K(961392K), 0.0490772 secs]
160.338: [GC 796676K->762640K(961392K), 0.0485517 secs]
161.710: [GC 817861K->770746K(961392K), 0.0262888 secs]
162.229: [GC 827704K->802569K(961392K), 0.0690835 secs]
162.300: [GC 803759K(961392K), 0.0065336 secs]
162.700: [GC 859910K->829218K(961392K), 0.0618784 secs]
164.346: [GC 885992K->844640K(961392K), 0.0231460 secs]
164.569: [GC 895187K(961392K), 0.0215936 secs]
164.615: [GC 898179K->852110K(961392K), 0.0331754 secs]
164.819: [GC 882727K->840525K(961392K), 0.0383454 secs]
165.027: [GC 832296K->805692K(961392K), 0.0620021 secs]
165.262: [GC 764972K->725989K(1027904K), 0.0393943 secs]
165.470: [GC 783397K->752082K(1027904K), 0.0613998 secs]
165.533: [GC 752600K(1027904K), 0.0063674 secs]
166.060: [GC 809321K->773242K(1027904K), 0.0476944 secs]
167.195: [GC 830650K->791064K(1027904K), 0.0336663 secs]
167.517: [GC 822959K(1027904K), 0.0108158 secs]
167.858: [GC 802434K->769163K(1027904K), 0.0538764 secs]
168.111: [GC 778806K->755686K(1027904K), 0.0660019 secs]
168.178: [GC 755919K(1027904K), 0.0062517 secs]
168.348: [GC 811272K->777434K(1027904K), 0.0457665 secs]
169.369: [GC 834842K->784588K(1027904K), 0.0241827 secs]
169.638: [GC 841996K->814991K(1027904K), 0.0660204 secs]
169.900: [GC 853920K(1027904K), 0.0107103 secs]
169.988: [GC 867202K->827982K(1027904K), 0.0405765 secs]
171.127: [GC 827714K->779688K(1027904K), 0.0249603 secs]
171.446: [GC 837096K->798310K(1027904K), 0.0478410 secs]
172.076: [GC 855718K->811448K(1027904K), 0.0348572 secs]
172.886: [GC 868749K->839904K(1027904K), 0.0592573 secs]
172.946: [GC 842290K(1027904K), 0.0058340 secs]
173.268: [GC 896465K->859750K(1027904K), 0.0501088 secs]
174.194: [Full GC 882900K->751015K(1027904K), 2.2789717 secs]
176.577: [Full GC 786165K->743747K(1040064K), 2.4541071 secs]
179.258: [GC 811428K->771299K(1040064K), 0.0452183 secs]
180.793: [GC 839459K->781895K(1040064K), 0.0389888 secs]
182.430: [GC 850055K->804535K(1040064K), 0.0449913 secs]
183.435: [GC 871287K->823958K(1040064K), 0.0392189 secs]
184.222: [GC 890398K->837448K(1040064K), 0.0238242 secs]
184.479: [GC 905608K->859197K(1040064K), 0.0460537 secs]
184.525: [GC 859386K(1040064K), 0.0067058 secs]
184.758: [GC 927357K->888383K(1040064K), 0.0591822 secs]
185.022: [GC 956543K->898972K(1040064K), 0.0406635 secs]
185.380: [GC 965850K->935109K(1040064K), 0.1044419 secs]
187.333: [Full GC 1003269K->841779K(1040064K), 2.5003951 secs]
191.565: [GC 908220K->864197K(1040064K), 0.0361601 secs]
193.237: [GC 932357K->871766K(1040064K), 0.0264939 secs]
194.721: [GC 939926K->906403K(1040064K), 0.0655289 secs]
194.787: [GC 906714K(1040064K), 0.0068587 secs]
195.070: [GC 970184K->944977K(1040064K), 0.0814890 secs]
196.250: [Full GC 1010305K->885540K(1040064K), 2.6170275 secs]
198.886: [GC 889233K(1040064K), 0.0032644 secs]
200.448: [GC 952069K->900985K(1040064K), 0.0230238 secs]
200.691: [GC 937462K(1040064K), 0.0081840 secs]
200.770: [GC 967642K->932753K(1040064K), 0.0576767 secs]
201.292: [GC 929979K(1040064K), 0.0028891 secs]
205.450: [Full GC 994002K->902808K(1040064K), 2.6126682 secs]
208.073: [GC 905811K(1040064K), 0.0023819 secs]
209.356: [Full GC 906354K->896940K(1040064K), 2.2294535 secs]
211.596: [GC 897771K(1040064K), 0.0017249 secs]
212.865: [Full GC 898270K->896955K(1040064K), 2.5830093 secs]
215.484: [GC 897119K(1040064K), 0.0019112 secs]
216.771: [Full GC 897300K->896952K(1040064K), 2.5810609 secs]
219.405: [GC 897107K(1040064K), 0.0024367 secs]
220.679: [Full GC 897295K->896951K(1040064K), 2.5807938 secs]
223.266: [GC 897067K(1040064K), 0.0018230 secs]
224.527: [Full GC 897319K->896951K(1040064K), 2.1947283 secs]
227.230: [GC 897229K(1040064K), 0.0026564 secs]
228.529: [Full GC 897286K->896948K(1040064K), 2.5775442 secs]
231.347: [GC 897292K(1040064K), 0.0017145 secs]
232.683: [GC 897954K(1040064K), 0.0020523 secs]
233.280: [GC 898013K(1040064K), 0.0028754 secs]
234.542: [GC 898477K(1040064K), 0.0021221 secs]
235.275: [GC 898510K(1040064K), 0.0044072 secs]
241.598: [GC 902097K(1040064K), 0.0041753 secs]
242.280: [GC 902170K(1040064K), 0.0066747 secs]
248.597: [GC 903907K(1040064K), 0.0068552 secs]
249.282: [GC 903972K(1040064K), 0.0084308 secs]
255.597: [GC 905615K(1040064K), 0.0103108 secs]
256.281: [GC 905689K(1040064K), 0.0102970 secs]
262.598: [GC 907254K(1040064K), 0.0123193 secs]
263.281: [GC 907328K(1040064K), 0.0120332 secs]
269.597: [GC 908869K(1040064K), 0.0138749 secs]
270.282: [GC 908915K(1040064K), 0.0132625 secs]
276.597: [GC 910615K(1040064K), 0.0139765 secs]
277.281: [GC 910680K(1040064K), 0.0143620 secs]
281.468: [Full GC 911755K->897147K(1040064K), 2.6423418 secs]
294.717: [GC 897625K(1040064K), 0.0020528 secs]
296.354: [GC 898170K(1040064K), 0.0028895 secs]
297.281: [GC 898134K(1040064K), 0.0027653 secs]
298.786: [GC 898530K(1040064K), 0.0031994 secs]
300.281: [GC 898791K(1040064K), 0.0036435 secs]
306.916: [GC 900286K(1040064K), 0.0038174 secs]
308.288: [GC 900551K(1040064K), 0.0060721 secs]
314.604: [GC 902012K(1040064K), 0.0043037 secs]
315.286: [GC 902086K(1040064K), 0.0061260 secs]
321.604: [GC 903548K(1040064K), 0.0078278 secs]
322.287: [GC 903623K(1040064K), 0.0066129 secs]
328.606: [GC 905092K(1040064K), 0.0100050 secs]
329.167: [GC 905629K(1040064K), 0.0087250 secs]
335.502: [GC 907303K(1040064K), 0.0103643 secs]
336.289: [GC 907373K(1040064K), 0.0116970 secs]
342.605: [GC 908810K(1040064K), 0.0127641 secs]
343.290: [GC 908856K(1040064K), 0.0134089 secs]
349.613: [GC 910292K(1040064K), 0.0155701 secs]
350.294: [GC 910366K(1040064K), 0.0126291 secs]
357.116: [GC 911834K(1040064K), 0.0182362 secs]
358.291: [GC 912093K(1040064K), 0.0188958 secs]
365.028: [GC 913559K(1040064K), 0.0175989 secs]
366.295: [GC 913818K(1040064K), 0.0174323 secs]
372.613: [GC 915261K(1040064K), 0.0197487 secs]
373.298: [GC 915333K(1040064K), 0.0186672 secs]
379.613: [GC 916773K(1040064K), 0.0222855 secs]
380.297: [GC 916718K(1040064K), 0.0208597 secs]
386.613: [GC 918145K(1040064K), 0.0224271 secs]
387.297: [GC 918215K(1040064K), 0.0209377 secs]
393.613: [GC 919623K(1040064K), 0.0245002 secs]
394.298: [GC 919695K(1040064K), 0.0228933 secs]
400.613: [GC 921088K(1040064K), 0.0257631 secs]
401.298: [GC 921161K(1040064K), 0.0231561 secs]
407.613: [GC 922555K(1040064K), 0.0270441 secs]
408.298: [GC 922629K(1040064K), 0.0243181 secs]
414.615: [GC 924018K(1040064K), 0.0287683 secs]
415.300: [GC 924095K(1040064K), 0.0258200 secs]
421.616: [GC 925488K(1040064K), 0.0294759 secs]
422.300: [GC 925561K(1040064K), 0.0275257 secs]
428.612: [GC 926955K(1040064K), 0.0317219 secs]
429.305: [GC 927027K(1040064K), 0.0302910 secs]
436.026: [GC 928452K(1040064K), 0.0319011 secs]
437.304: [GC 928703K(1040064K), 0.0338886 secs]
444.021: [GC 930129K(1040064K), 0.0345190 secs]
445.303: [GC 930382K(1040064K), 0.0381742 secs]
451.820: [GC 931817K(1040064K), 0.0371100 secs]
453.302: [GC 932068K(1040064K), 0.0388551 secs]
459.918: [GC 933495K(1040064K), 0.0379271 secs]
461.300: [GC 933744K(1040064K), 0.0398728 secs]
467.844: [GC 935166K(1040064K), 0.0399801 secs]
468.302: [GC 935211K(1040064K), 0.0344487 secs]
474.621: [GC 936604K(1040064K), 0.0403157 secs]
475.304: [GC 936679K(1040064K), 0.0364734 secs]
481.626: [GC 938069K(1040064K), 0.0426684 secs]
482.305: [GC 938143K(1040064K), 0.0365985 secs]
488.622: [GC 939539K(1040064K), 0.0444396 secs]
489.305: [GC 939611K(1040064K), 0.0391293 secs]
495.622: [GC 941003K(1040064K), 0.0441355 secs]
496.307: [GC 941076K(1040064K), 0.0400141 secs]
502.623: [GC 942471K(1040064K), 0.0455738 secs]
503.308: [GC 942544K(1040064K), 0.0406991 secs]
509.625: [GC 943935K(1040064K), 0.0477275 secs]
510.309: [GC 944008K(1040064K), 0.0421269 secs]
516.625: [GC 945418K(1040064K), 0.0498887 secs]
517.308: [GC 945490K(1040064K), 0.0431601 secs]
523.624: [GC 946885K(1040064K), 0.0514673 secs]
524.309: [GC 946957K(1040064K), 0.0445871 secs]
530.624: [GC 948352K(1040064K), 0.0518320 secs]
531.308: [GC 948425K(1040064K), 0.0457575 secs]
537.624: [GC 949818K(1040064K), 0.0544103 secs]
538.307: [GC 949891K(1040064K), 0.0454108 secs]
544.728: [GC 951281K(1040064K), 0.0546440 secs]
545.310: [GC 951355K(1040064K), 0.0489388 secs]
551.726: [GC 952751K(1040064K), 0.0574145 secs]
552.309: [GC 952824K(1040064K), 0.0497381 secs]
558.620: [GC 954215K(1040064K), 0.0600758 secs]
559.307: [GC 954289K(1040064K), 0.0546741 secs]
565.728: [GC 955684K(1040064K), 0.0595755 secs]
566.309: [GC 955756K(1040064K), 0.0530113 secs]
572.727: [GC 957163K(1040064K), 0.0610498 secs]
573.308: [GC 957235K(1040064K), 0.0527467 secs]
579.624: [GC 958629K(1040064K), 0.0626933 secs]
580.309: [GC 958702K(1040064K), 0.0547694 secs]
586.623: [GC 960095K(1040064K), 0.0639014 secs]
587.310: [GC 960169K(1040064K), 0.0578514 secs]
593.727: [GC 961562K(1040064K), 0.0637059 secs]
594.311: [GC 961634K(1040064K), 0.0568214 secs]
600.731: [GC 963028K(1040064K), 0.0683054 secs]
601.310: [GC 963100K(1040064K), 0.0579422 secs]
607.730: [GC 964498K(1040064K), 0.0679211 secs]
608.310: [GC 964570K(1040064K), 0.0606611 secs]
610.312: [GC 965018K->899038K(1040064K), 0.0120353 secs]
614.632: [GC 900081K(1040064K), 0.0033715 secs]
615.314: [GC 900081K(1040064K), 0.0045712 secs]
616.571: [GC 900426K(1040064K), 0.0023511 secs]
617.314: [GC 900726K(1040064K), 0.0046838 secs]
623.635: [GC 902108K(1040064K), 0.0038814 secs]
624.315: [GC 902111K(1040064K), 0.0063893 secs]
630.636: [GC 903713K(1040064K), 0.0055935 secs]
631.316: [GC 904038K(1040064K), 0.0083437 secs]
637.636: [GC 905577K(1040064K), 0.0068816 secs]
638.317: [GC 905577K(1040064K), 0.0096923 secs]
644.637: [GC 906947K(1040064K), 0.0098898 secs]
645.318: [GC 906947K(1040064K), 0.0118150 secs]
651.639: [GC 908335K(1040064K), 0.0107935 secs]
652.318: [GC 908335K(1040064K), 0.0112414 secs]
658.638: [GC 909710K(1040064K), 0.0132378 secs]
659.318: [GC 909712K(1040064K), 0.0130240 secs]
665.641: [GC 911099K(1040064K), 0.0140141 secs]
666.320: [GC 911425K(1040064K), 0.0146401 secs]
672.639: [GC 912802K(1040064K), 0.0136458 secs]
673.322: [GC 912802K(1040064K), 0.0157516 secs]
679.639: [GC 914190K(1040064K), 0.0162250 secs]
680.320: [GC 914190K(1040064K), 0.0161981 secs]
686.643: [GC 915560K(1040064K), 0.0181249 secs]
687.324: [GC 915563K(1040064K), 0.0179498 secs]
693.651: [GC 916949K(1040064K), 0.0194208 secs]
694.324: [GC 916949K(1040064K), 0.0191636 secs]
700.643: [GC 918314K(1040064K), 0.0219684 secs]
701.324: [GC 918642K(1040064K), 0.0201892 secs]
707.646: [GC 920026K(1040064K), 0.0223748 secs]
708.326: [GC 920026K(1040064K), 0.0207891 secs]
714.646: [GC 921388K(1040064K), 0.0242316 secs]
715.326: [GC 921388K(1040064K), 0.0225152 secs]
721.647: [GC 922775K(1040064K), 0.0251500 secs]
722.324: [GC 922775K(1040064K), 0.0237588 secs]
728.647: [GC 924137K(1040064K), 0.0266848 secs]
729.327: [GC 924137K(1040064K), 0.0252429 secs]
735.647: [GC 925525K(1040064K), 0.0285077 secs]
736.328: [GC 925850K(1040064K), 0.0261514 secs]
742.648: [GC 927218K(1040064K), 0.0295191 secs]
743.327: [GC 927220K(1040064K), 0.0283285 secs]
749.648: [GC 928607K(1040064K), 0.0320552 secs]
750.329: [GC 928607K(1040064K), 0.0286820 secs]
756.649: [GC 929972K(1040064K), 0.0323781 secs]
757.329: [GC 929972K(1040064K), 0.0297473 secs]
763.647: [GC 931356K(1040064K), 0.0338238 secs]
764.330: [GC 931356K(1040064K), 0.0309011 secs]
770.647: [GC 932721K(1040064K), 0.0355676 secs]
771.330: [GC 933047K(1040064K), 0.0319164 secs]
777.754: [GC 934429K(1040064K), 0.0374992 secs]
778.331: [GC 934432K(1040064K), 0.0335110 secs]
784.650: [GC 935797K(1040064K), 0.0383839 secs]
785.335: [GC 935797K(1040064K), 0.0329118 secs]
791.651: [GC 937181K(1040064K), 0.0395221 secs]
792.332: [GC 937181K(1040064K), 0.0359628 secs]
798.652: [GC 938546K(1040064K), 0.0415257 secs]
799.333: [GC 938872K(1040064K), 0.0370652 secs]
805.652: [GC 940256K(1040064K), 0.0413667 secs]
806.330: [GC 940256K(1040064K), 0.0377798 secs]
812.652: [GC 941622K(1040064K), 0.0438100 secs]
813.333: [GC 941622K(1040064K), 0.0393725 secs]
819.653: [GC 943011K(1040064K), 0.0457662 secs]
820.334: [GC 943011K(1040064K), 0.0402941 secs]
826.652: [GC 944387K(1040064K), 0.0467270 secs]
827.332: [GC 944389K(1040064K), 0.0413148 secs]
833.653: [GC 945776K(1040064K), 0.0483369 secs]
834.334: [GC 946102K(1040064K), 0.0435452 secs]
840.653: [GC 947480K(1040064K), 0.0494262 secs]
841.334: [GC 947480K(1040064K), 0.0438608 secs]
847.656: [GC 949563K(1040064K), 0.0509530 secs]
848.334: [GC 949563K(1040064K), 0.0451470 secs]
854.654: [GC 950933K(1040064K), 0.0525988 secs]
855.335: [GC 950936K(1040064K), 0.0460383 secs]
861.655: [GC 952329K(1040064K), 0.0550524 secs]
862.335: [GC 952329K(1040064K), 0.0474210 secs]
868.656: [GC 953699K(1040064K), 0.0545363 secs]
869.334: [GC 954027K(1040064K), 0.0476916 secs]
875.656: [GC 955470K(1040064K), 0.0578329 secs]
876.337: [GC 955470K(1040064K), 0.0496839 secs]
882.657: [GC 956833K(1040064K), 0.0571214 secs]
883.338: [GC 956833K(1040064K), 0.0507530 secs]
889.660: [GC 958219K(1040064K), 0.0624586 secs]
890.339: [GC 958219K(1040064K), 0.0522182 secs]
896.660: [GC 959581K(1040064K), 0.0622579 secs]
897.337: [GC 959584K(1040064K), 0.0503851 secs]
903.660: [GC 960969K(1040064K), 0.0626730 secs]
904.338: [GC 961294K(1040064K), 0.0542562 secs]
910.660: [GC 962658K(1040064K), 0.0635557 secs]
911.338: [GC 962660K(1040064K), 0.0557880 secs]
917.660: [GC 964044K(1040064K), 0.0644684 secs]
918.339: [GC 964044K(1040064K), 0.0566829 secs]
924.661: [GC 965411K(1040064K), 0.0644456 secs]
925.342: [GC 965411K(1040064K), 0.0589183 secs]
931.663: [GC 966798K(1040064K), 0.0679274 secs]
932.344: [GC 967123K(1040064K), 0.0591351 secs]
933.416: [GC 967172K->898359K(1040064K), 0.0107720 secs]
933.658: [GC 898396K(1040064K), 0.0021118 secs]
934.342: [GC 899057K(1040064K), 0.0035394 secs]
935.591: [GC 899059K(1040064K), 0.0022078 secs]
936.344: [GC 899059K(1040064K), 0.0041792 secs]
937.593: [GC 899751K(1040064K), 0.0023367 secs]
938.342: [GC 899753K(1040064K), 0.0044175 secs]
939.588: [GC 899753K(1040064K), 0.0025777 secs]
940.342: [GC 899753K(1040064K), 0.0049120 secs]
946.667: [GC 901140K(1040064K), 0.0042790 secs]
947.345: [GC 901142K(1040064K), 0.0067502 secs]
953.665: [GC 902531K(1040064K), 0.0054863 secs]
954.345: [GC 903189K(1040064K), 0.0083388 secs]
960.666: [GC 904578K(1040064K), 0.0072353 secs]
961.344: [GC 904578K(1040064K), 0.0098047 secs]
967.667: [GC 905968K(1040064K), 0.0103781 secs]
968.346: [GC 905968K(1040064K), 0.0112012 secs]
974.667: [GC 907358K(1040064K), 0.0111660 secs]
975.346: [GC 907358K(1040064K), 0.0123587 secs]
981.667: [GC 908747K(1040064K), 0.0117807 secs]
982.347: [GC 908747K(1040064K), 0.0136196 secs]
988.669: [GC 910138K(1040064K), 0.0140764 secs]
989.348: [GC 910138K(1040064K), 0.0151120 secs]
995.668: [GC 911629K(1040064K), 0.0149870 secs]
996.347: [GC 911629K(1040064K), 0.0175412 secs]
1002.671: [GC 913016K(1040064K), 0.0161785 secs]
1003.348: [GC 913016K(1040064K), 0.0172639 secs]
1009.672: [GC 914405K(1040064K), 0.0176697 secs]
1010.350: [GC 914407K(1040064K), 0.0180748 secs]
1016.671: [GC 915795K(1040064K), 0.0192490 secs]
1017.350: [GC 915795K(1040064K), 0.0193209 secs]
1023.672: [GC 917184K(1040064K), 0.0205608 secs]
1024.350: [GC 917184K(1040064K), 0.0201375 secs]
1030.671: [GC 918573K(1040064K), 0.0213686 secs]
1031.349: [GC 918575K(1040064K), 0.0214674 secs]
1037.672: [GC 919962K(1040064K), 0.0234749 secs]
1038.351: [GC 920620K(1040064K), 0.0224426 secs]
1044.673: [GC 922017K(1040064K), 0.0242838 secs]
1045.354: [GC 922017K(1040064K), 0.0239426 secs]
1051.673: [GC 923404K(1040064K), 0.0269805 secs]
1052.355: [GC 923404K(1040064K), 0.0254187 secs]
1058.675: [GC 924795K(1040064K), 0.0269859 secs]
1059.356: [GC 924795K(1040064K), 0.0260986 secs]
1065.675: [GC 926181K(1040064K), 0.0283049 secs]
1066.356: [GC 926181K(1040064K), 0.0273840 secs]
1072.672: [GC 927572K(1040064K), 0.0311109 secs]
1073.355: [GC 927572K(1040064K), 0.0287482 secs]
1079.674: [GC 928963K(1040064K), 0.0301869 secs]
1080.357: [GC 928963K(1040064K), 0.0295851 secs]
1086.679: [GC 930352K(1040064K), 0.0317532 secs]
1087.359: [GC 930352K(1040064K), 0.0312350 secs]
1093.680: [GC 931743K(1040064K), 0.0348191 secs]
1094.359: [GC 931746K(1040064K), 0.0302507 secs]
1100.680: [GC 933132K(1040064K), 0.0350575 secs]
1101.360: [GC 933134K(1040064K), 0.0329292 secs]
1107.680: [GC 934523K(1040064K), 0.0366932 secs]
1108.362: [GC 934523K(1040064K), 0.0341698 secs]
1114.682: [GC 935916K(1040064K), 0.0370934 secs]
1115.364: [GC 935918K(1040064K), 0.0360204 secs]
1121.680: [GC 937307K(1040064K), 0.0380425 secs]
1122.365: [GC 937965K(1040064K), 0.0367300 secs]
1128.684: [GC 939359K(1040064K), 0.0409227 secs]
1129.364: [GC 939359K(1040064K), 0.0385477 secs]
1135.686: [GC 940748K(1040064K), 0.0438935 secs]
1136.365: [GC 940748K(1040064K), 0.0396899 secs]
1142.686: [GC 942137K(1040064K), 0.0445168 secs]
1143.364: [GC 942137K(1040064K), 0.0403571 secs]
1149.684: [GC 943526K(1040064K), 0.0445047 secs]
1150.365: [GC 943526K(1040064K), 0.0419283 secs]
1156.685: [GC 944915K(1040064K), 0.0484902 secs]
1157.365: [GC 944915K(1040064K), 0.0429455 secs]
1163.688: [GC 946303K(1040064K), 0.0489335 secs]
1164.367: [GC 946306K(1040064K), 0.0434370 secs]
1170.691: [GC 947698K(1040064K), 0.0498085 secs]
1171.368: [GC 947698K(1040064K), 0.0452040 secs]
1177.687: [GC 949087K(1040064K), 0.0509323 secs]
1178.367: [GC 949089K(1040064K), 0.0465017 secs]
1184.689: [GC 950475K(1040064K), 0.0535360 secs]
1185.366: [GC 950475K(1040064K), 0.0449323 secs]
1191.688: [GC 951864K(1040064K), 0.0531492 secs]
1192.369: [GC 951864K(1040064K), 0.0488675 secs]
1198.692: [GC 953254K(1040064K), 0.0558052 secs]
1199.371: [GC 953256K(1040064K), 0.0496308 secs]
1205.692: [GC 954643K(1040064K), 0.0566642 secs]
1206.371: [GC 955301K(1040064K), 0.0514757 secs]
1212.693: [GC 956692K(1040064K), 0.0589014 secs]
1213.371: [GC 956692K(1040064K), 0.0524696 secs]
1219.693: [GC 958079K(1040064K), 0.0614486 secs]
1220.374: [GC 958079K(1040064K), 0.0532721 secs]
1226.696: [GC 959471K(1040064K), 0.0597005 secs]
1227.373: [GC 959471K(1040064K), 0.0543261 secs]
1233.695: [GC 961008K(1040064K), 0.0664989 secs]
1235.376: [GC 962770K(1040064K), 0.0571254 secs]
1236.868: [Full GC 963111K->897391K(1040064K), 2.6414974 secs]
1239.516: [Full GC 898186K->897324K(1040064K), 2.2221444 secs]
1241.741: [GC 897324K(1040064K), 0.0012695 secs]
1243.014: [Full GC 898633K->896908K(1040064K), 2.2993539 secs]
1245.320: [GC 897255K(1040064K), 0.0013189 secs]
1246.578: [Full GC 897609K->896907K(1040064K), 2.1844638 secs]
1248.770: [GC 897255K(1040064K), 0.0012768 secs]
1250.017: [Full GC 897435K->896905K(1040064K), 2.1897236 secs]
1252.213: [GC 897225K(1040064K), 0.0013298 secs]
1253.458: [Full GC 897607K->896905K(1040064K), 2.1900215 secs]
1255.655: [GC 897225K(1040064K), 0.0047177 secs]
1256.911: [Full GC 897405K->896903K(1040064K), 2.2119478 secs]
1259.129: [GC 897222K(1040064K), 0.0014759 secs]
1260.378: [GC 897779K(1040064K), 0.0020197 secs]
1261.378: [GC 897863K(1040064K), 0.0029278 secs]
1262.634: [GC 898241K(1040064K), 0.0020856 secs]
1263.377: [GC 898330K(1040064K), 0.0024029 secs]
1264.638: [GC 898687K(1040064K), 0.0023927 secs]
1265.378: [GC 898774K(1040064K), 0.0038481 secs]
1271.692: [GC 900942K(1040064K), 0.0033537 secs]
1272.379: [GC 900942K(1040064K), 0.0059802 secs]
1275.889: [Full GC 901757K->895721K(1040064K), 2.5905719 secs]
1278.486: [GC 896037K(1040064K), 0.0013989 secs]
1282.347: [Full GC 919755K->885494K(1040064K), 2.4620250 secs]
1634.416: [GC 953654K->886881K(1040064K), 0.0107339 secs]
1999.651: [GC 955041K->886575K(1040064K), 0.0090138 secs]
2372.679: [GC 954735K->887196K(1040064K), 0.0074152 secs]
2742.416: [GC 955356K->887820K(1040064K), 0.0093520 secs]
3118.938: [GC 955980K->888038K(1040064K), 0.0104101 secs]
3494.974: [GC 956198K->888532K(1040064K), 0.0094212 secs]
3867.040: [GC 956692K->888995K(1040064K), 0.0104481 secs]
3867.051: [GC 888995K(1040064K), 0.0034691 secs]
3867.082: [GC 890211K(1040064K), 0.0023718 secs]
4240.050: [GC 73769K->5963K(1040064K), 0.0106227 secs]
4613.114: [GC 74123K->6650K(1040064K), 0.0105902 secs]
4985.110: [GC 74810K->7075K(1040064K), 0.0073920 secs]
5353.143: [GC 75235K->7527K(1040064K), 0.0087615 secs]
5723.168: [GC 75687K->7832K(1040064K), 0.0086511 secs]
6096.416: [GC 75992K->8050K(1040064K), 0.0093334 secs]
6473.217: [GC 76210K->7966K(1040064K), 0.0103791 secs]
6841.416: [GC 76126K->9112K(1040064K), 0.0120058 secs]
7215.334: [GC 77272K->8940K(1040064K), 0.0082010 secs]
7591.625: [GC 77100K->9238K(1040064K), 0.0092644 secs]
7962.416: [GC 77398K->9778K(1040064K), 0.0087519 secs]
8335.433: [GC 77938K->10186K(1040064K), 0.0077831 secs]
8709.457: [GC 78346K->10954K(1040064K), 0.0088086 secs]
9081.503: [GC 79114K->10818K(1040064K), 0.0075561 secs]
9455.472: [GC 78978K->11459K(1040064K), 0.0235298 secs]
9829.563: [GC 79619K->11654K(1040064K), 0.0072483 secs]
10203.602: [GC 79814K->12094K(1040064K), 0.0072410 secs]
10522.279: [GC 80254K->12475K(1040064K), 0.0106812 secs]
10802.872: [GC 80635K->12389K(1040064K), 0.0080376 secs]
11172.746: [GC 80549K->13105K(1040064K), 0.0081185 secs]
11544.974: [GC 81265K->13508K(1040064K), 0.0081961 secs]
11916.982: [GC 81668K->13743K(1040064K), 0.0090496 secs]
12290.720: [GC 81903K->14099K(1040064K), 0.0084252 secs]
12665.883: [GC 82259K->14925K(1040064K), 0.0089512 secs]
13039.117: [GC 83085K->14584K(1040064K), 0.0082433 secs]
13414.109: [GC 82744K->15140K(1040064K), 0.0083195 secs]
13787.195: [GC 83300K->16034K(1040064K), 0.0116861 secs]
14163.018: [GC 84194K->15463K(1040064K), 0.0090585 secs]
14533.202: [GC 83623K->16258K(1040064K), 0.0088276 secs]
14908.073: [GC 84418K->16801K(1040064K), 0.0089315 secs]
15278.639: [GC 84961K->17604K(1040064K), 0.0102333 secs]
15654.277: [GC 85764K->17215K(1040064K), 0.0182760 secs]
16027.177: [GC 85375K->17752K(1040064K), 0.0095944 secs]
16399.448: [GC 85912K->18334K(1040064K), 0.0101578 secs]
16773.503: [GC 86494K->18709K(1040064K), 0.0113883 secs]
17149.287: [GC 86869K->19471K(1040064K), 0.0159988 secs]
17521.324: [GC 87631K->19116K(1040064K), 0.0101816 secs]
17893.624: [GC 87276K->20035K(1040064K), 0.0110304 secs]
18268.392: [GC 88195K->20182K(1040064K), 0.0099818 secs]
18619.298: [GC 88342K->20232K(1040064K), 0.0118818 secs]
18990.239: [GC 88392K->20905K(1040064K), 0.0116403 secs]
19357.238: [GC 89065K->20986K(1040064K), 0.0113327 secs]
21482.304: [GC 89146K->21760K(1040064K), 0.0113781 secs]
21483.245: [GC 89920K->21547K(1040064K), 0.0128332 secs]
21483.962: [GC 89707K->21087K(1040064K), 0.0138343 secs]
21485.071: [GC 89247K->21191K(1040064K), 0.0261327 secs]
21487.899: [GC 89351K->20906K(1040064K), 0.0394061 secs]
21490.492: [GC 89066K->20834K(1040064K), 0.0093356 secs]
24203.786: [GC 88994K->20802K(1040064K), 0.0062720 secs]
31201.456: [GC 88962K->20795K(1040064K), 0.0070669 secs]
36841.490: [GC 88955K->20931K(1040064K), 0.0078802 secs]
41748.838: [GC 89091K->21090K(1040064K), 0.0072771 secs]
48661.550: [GC 89250K->21053K(1040064K), 0.0084515 secs]
48801.009: [Full GC 41725K->2327K(1040064K), 0.0845168 secs]
