0.350: [GC
Desired survivor size 163840 bytes, new threshold 1 (max 15)
- age   1:     325904 bytes,     325904 total
 1984K->520K(7616K), 0.0058673 secs]
0.519: [GC
Desired survivor size 163840 bytes, new threshold 1 (max 15)
- age   1:     282952 bytes,     282952 total
 2504K->986K(7616K), 0.0058400 secs]
0.628: [GC
Desired survivor size 163840 bytes, new threshold 15 (max 15)
- age   1:     149704 bytes,     149704 total
 2970K->1132K(7616K), 0.0022967 secs]
0.724: [GC
Desired survivor size 163840 bytes, new threshold 2 (max 15)
- age   1:     155512 bytes,     155512 total
- age   2:     125912 bytes,     281424 total
 3116K->1320K(7616K), 0.0027740 secs]
0.806: [GC
Desired survivor size 163840 bytes, new threshold 1 (max 15)
- age   1:     190888 bytes,     190888 total
- age   2:     136640 bytes,     327528 total
 3304K->1542K(7616K), 0.0039618 secs]
0.850: [GC
Desired survivor size 163840 bytes, new threshold 1 (max 15)
- age   1:     164944 bytes,     164944 total
 3513K->1862K(7616K), 0.0023216 secs]
0.931: [GC
Desired survivor size 163840 bytes, new threshold 15 (max 15)
- age   1:      52960 bytes,      52960 total
 3846K->1778K(7616K), 0.0014297 secs]
1.015: [GC
Desired survivor size 163840 bytes, new threshold 1 (max 15)
- age   1:     206672 bytes,     206672 total
- age   2:      23992 bytes,     230664 total
 3762K->1887K(7616K), 0.0026380 secs]
1.081: [GC
Desired survivor size 163840 bytes, new threshold 15 (max 15)
- age   1:      69952 bytes,      69952 total
 3871K->1984K(7616K), 0.0019776 secs]
1.099: [Full GC 2462K->1861K(7616K), 0.0472886 secs]
1.148: [Full GC 1861K->1861K(7680K), 0.0493807 secs]
5.855: [GC
Desired survivor size 163840 bytes, new threshold 1 (max 15)
- age   1:     326464 bytes,     326464 total
 3909K->2391K(7680K), 0.0067328 secs]
6.035: [GC
Desired survivor size 163840 bytes, new threshold 1 (max 15)
- age   1:     327552 bytes,     327552 total
 4439K->3050K(7680K), 0.0071114 secs]
6.110: [GC
Desired survivor size 163840 bytes, new threshold 1 (max 15)
- age   1:     327624 bytes,     327624 total
 5098K->3626K(7680K), 0.0074563 secs]
6.171: [GC
Desired survivor size 163840 bytes, new threshold 1 (max 15)
- age   1:     327464 bytes,     327464 total
 5626K->4190K(7680K), 0.0140608 secs]
6.274: [GC
Desired survivor size 163840 bytes, new threshold 1 (max 15)
- age   1:     327496 bytes,     327496 total
 6238K->4767K(7680K), 0.0051224 secs]
6.329: [GC
Desired survivor size 163840 bytes, new threshold 1 (max 15)
- age   1:     326376 bytes,     326376 total
 6815K->5260K(7680K), 0.0081230 secs]
6.382: [GC
Desired survivor size 163840 bytes, new threshold 1 (max 15)
- age   1:     326368 bytes,     326368 total
 7308K->5735K(7872K), 0.0133070 secs]
6.396: [Full GC 5735K->5249K(7872K), 0.1006847 secs]
6.548: [GC
Desired survivor size 262144 bytes, new threshold 1 (max 15)
- age   1:     522568 bytes,     522568 total
 8691K->6632K(12720K), 0.0099444 secs]
8.671: [GC
Desired survivor size 262144 bytes, new threshold 15 (max 15)
- age   1:     128224 bytes,     128224 total
 10088K->7092K(12720K), 0.0073323 secs]
8.683: [GC
Desired survivor size 262144 bytes, new threshold 15 (max 15)
- age   1:      33240 bytes,      33240 total
- age   2:     121488 bytes,     154728 total
 10548K->6882K(12720K), 0.0005935 secs]
8.686: [GC
Desired survivor size 262144 bytes, new threshold 15 (max 15)
- age   1:      45032 bytes,      45032 total
- age   3:     121528 bytes,     166560 total
 10295K->6819K(12720K), 0.0006289 secs]
8.688: [GC
Desired survivor size 262144 bytes, new threshold 15 (max 15)
- age   1:      52808 bytes,      52808 total
- age   4:     121488 bytes,     174296 total
 10259K->6850K(12720K), 0.0006482 secs]
8.691: [GC
Desired survivor size 262144 bytes, new threshold 15 (max 15)
- age   1:      60568 bytes,      60568 total
- age   5:     121528 bytes,     182096 total
 10278K->6838K(12720K), 0.0005350 secs]
8.693: [GC
Desired survivor size 262144 bytes, new threshold 15 (max 15)
- age   1:      65800 bytes,      65800 total
- age   6:     121488 bytes,     187288 total
 10281K->6843K(12720K), 0.0006340 secs]
8.696: [GC
Desired survivor size 262144 bytes, new threshold 15 (max 15)
- age   1:      74568 bytes,      74568 total
- age   7:     121488 bytes,     196056 total
 10247K->6862K(12720K), 0.0005532 secs]
8.699: [GC
Desired survivor size 262144 bytes, new threshold 15 (max 15)
- age   1:      40672 bytes,      40672 total
- age   8:     121488 bytes,     162160 total
 10312K->6801K(12720K), 0.0005542 secs]
8.701: [GC
Desired survivor size 262144 bytes, new threshold 15 (max 15)
- age   1:      85672 bytes,      85672 total
- age   9:     121488 bytes,     207160 total
 10243K->6871K(12720K), 0.0005226 secs]
8.704: [GC
Desired survivor size 262144 bytes, new threshold 15 (max 15)
- age   1:      90680 bytes,      90680 total
- age  10:     121488 bytes,     212168 total
 10327K->6849K(12720K), 0.0005269 secs]
8.707: [GC
Desired survivor size 262144 bytes, new threshold 15 (max 15)
- age   1:      48464 bytes,      48464 total
- age  11:     121488 bytes,     169952 total
 10283K->6811K(12720K), 0.0004916 secs]
8.709: [GC
Desired survivor size 262144 bytes, new threshold 15 (max 15)
- age   1:     104200 bytes,     104200 total
- age  12:     121488 bytes,     225688 total
 10222K->6901K(12720K), 0.0004768 secs]
8.711: [GC
Desired survivor size 262144 bytes, new threshold 13 (max 15)
- age   1:     162712 bytes,     162712 total
- age  13:     121488 bytes,     284200 total
 10329K->6920K(12720K), 0.0006328 secs]
8.713: [GC
Desired survivor size 262144 bytes, new threshold 15 (max 15)
- age   1:     112744 bytes,     112744 total
 10266K->6893K(12720K), 0.0007582 secs]
8.716: [GC
Desired survivor size 262144 bytes, new threshold 15 (max 15)
- age   1:     115512 bytes,     115512 total
 10245K->6877K(12720K), 0.0003523 secs]
8.718: [GC
Desired survivor size 262144 bytes, new threshold 15 (max 15)
- age   1:     119272 bytes,     119272 total
 10324K->6876K(12720K), 0.0004378 secs]
8.722: [GC
Desired survivor size 262144 bytes, new threshold 15 (max 15)
- age   1:     184256 bytes,     184256 total
 10300K->6940K(12720K), 0.0004155 secs]
8.724: [GC
Desired survivor size 262144 bytes, new threshold 15 (max 15)
- age   1:     129080 bytes,     129080 total
 10272K->6886K(12720K), 0.0008087 secs]
8.727: [GC
Desired survivor size 262144 bytes, new threshold 15 (max 15)
- age   1:     133624 bytes,     133624 total
 10221K->6890K(12720K), 0.0005398 secs]
8.731: [GC
Desired survivor size 262144 bytes, new threshold 15 (max 15)
- age   1:      69536 bytes,      69536 total
 10304K->6828K(12720K), 0.0004923 secs]
8.740: [GC
Desired survivor size 262144 bytes, new threshold 15 (max 15)
- age   1:     138864 bytes,     138864 total
- age   2:        936 bytes,     139800 total
 10284K->6895K(12720K), 0.0010937 secs]
8.744: [GC
Desired survivor size 262144 bytes, new threshold 15 (max 15)
- age   1:     143600 bytes,     143600 total
- age   2:        504 bytes,     144104 total
- age   3:        936 bytes,     145040 total
 10222K->6900K(12720K), 0.0007602 secs]
8.756: [GC
Desired survivor size 262144 bytes, new threshold 15 (max 15)
- age   1:     223256 bytes,     223256 total
- age   2:        360 bytes,     223616 total
- age   3:        280 bytes,     223896 total
- age   4:        832 bytes,     224728 total
 10333K->6978K(12720K), 0.0008056 secs]
8.765: [GC
Desired survivor size 262144 bytes, new threshold 15 (max 15)
- age   1:      78328 bytes,      78328 total
- age   2:       1808 bytes,      80136 total
- age   3:        360 bytes,      80496 total
- age   4:        280 bytes,      80776 total
- age   5:        832 bytes,      81608 total
 10433K->6838K(12720K), 0.0007354 secs]
8.771: [GC
Desired survivor size 262144 bytes, new threshold 15 (max 15)
- age   1:      78704 bytes,      78704 total
- age   2:        440 bytes,      79144 total
- age   3:       1808 bytes,      80952 total
- age   4:        360 bytes,      81312 total
- age   5:        280 bytes,      81592 total
- age   6:        832 bytes,      82424 total
 10251K->6840K(12720K), 0.0007421 secs]
8.774: [GC
Desired survivor size 262144 bytes, new threshold 15 (max 15)
- age   1:     161816 bytes,     161816 total
- age   2:        240 bytes,     162056 total
- age   3:        440 bytes,     162496 total
- age   4:       1320 bytes,     163816 total
- age   5:        360 bytes,     164176 total
- age   6:        280 bytes,     164456 total
- age   7:        832 bytes,     165288 total
 10158K->6922K(12720K), 0.0007234 secs]
8.778: [GC
Desired survivor size 262144 bytes, new threshold 15 (max 15)
- age   1:     244104 bytes,     244104 total
- age   2:       1248 bytes,     245352 total
- age   3:        240 bytes,     245592 total
- age   4:        440 bytes,     246032 total
- age   5:       1320 bytes,     247352 total
- age   6:        360 bytes,     247712 total
- age   7:        280 bytes,     247992 total
- age   8:        832 bytes,     248824 total
 10306K->7003K(12720K), 0.0009243 secs]
8.782: [GC
Desired survivor size 262144 bytes, new threshold 15 (max 15)
- age   1:     169200 bytes,     169200 total
- age   2:        520 bytes,     169720 total
- age   3:        520 bytes,     170240 total
- age   4:        240 bytes,     170480 total
- age   5:        440 bytes,     170920 total
- age   6:       1320 bytes,     172240 total
- age   7:        360 bytes,     172600 total
- age   8:        280 bytes,     172880 total
- age   9:        832 bytes,     173712 total
 10459K->6929K(12720K), 0.0005922 secs]
8.786: [GC
Desired survivor size 262144 bytes, new threshold 1 (max 15)
- age   1:     340208 bytes,     340208 total
- age   2:       2360 bytes,     342568 total
- age   3:        520 bytes,     343088 total
- age   4:        520 bytes,     343608 total
- age   5:        240 bytes,     343848 total
- age   6:        440 bytes,     344288 total
- age   7:       1320 bytes,     345608 total
- age   8:        360 bytes,     345968 total
- age   9:        280 bytes,     346248 total
- age  10:        832 bytes,     347080 total
 10385K->7101K(12720K), 0.0013448 secs]
8.790: [GC
Desired survivor size 262144 bytes, new threshold 15 (max 15)
- age   1:      33080 bytes,      33080 total
 10545K->7149K(12720K), 0.0009671 secs]
8.795: [GC
Desired survivor size 262144 bytes, new threshold 15 (max 15)
- age   1:     199808 bytes,     199808 total
- age   2:       1984 bytes,     201792 total
 10591K->7307K(12720K), 0.0007677 secs]
8.799: [GC
Desired survivor size 262144 bytes, new threshold 15 (max 15)
- age   1:      64472 bytes,      64472 total
- age   2:     169800 bytes,     234272 total
- age   3:       1984 bytes,     236256 total
 10763K->7341K(12720K), 0.0030576 secs]
8.805: [GC
Desired survivor size 262144 bytes, new threshold 3 (max 15)
- age   1:     220296 bytes,     220296 total
- age   3:      85288 bytes,     305584 total
- age   4:       1984 bytes,     307568 total
 10790K->7411K(12720K), 0.0019725 secs]
8.809: [GC
Desired survivor size 262144 bytes, new threshold 15 (max 15)
- age   1:      60088 bytes,      60088 total
- age   2:     169040 bytes,     229128 total
 10841K->7417K(12720K), 0.0042912 secs]
8.816: [GC
Desired survivor size 262144 bytes, new threshold 3 (max 15)
- age   1:      96296 bytes,      96296 total
- age   3:     169040 bytes,     265336 total
 10865K->7453K(12720K), 0.0012618 secs]
8.820: [GC
Desired survivor size 262144 bytes, new threshold 15 (max 15)
- age   1:     109920 bytes,     109920 total
 10901K->7474K(12720K), 0.0012140 secs]
8.824: [GC
Desired survivor size 262144 bytes, new threshold 1 (max 15)
- age   1:     317776 bytes,     317776 total
 10867K->7677K(12720K), 0.0014007 secs]
8.830: [GC
Desired survivor size 262144 bytes, new threshold 15 (max 15)
- age   1:     165208 bytes,     165208 total
 11107K->7694K(12720K), 0.0010925 secs]
8.834: [GC
Desired survivor size 262144 bytes, new threshold 1 (max 15)
- age   1:     342888 bytes,     342888 total
- age   2:      80184 bytes,     423072 total
 11054K->7945K(12720K), 0.0009915 secs]
8.840: [GC
Desired survivor size 262144 bytes, new threshold 15 (max 15)
- age   1:     210696 bytes,     210696 total
 11385K->7905K(12720K), 0.0011206 secs]
8.854: [GC
Desired survivor size 262144 bytes, new threshold 15 (max 15)
- age   1:      96312 bytes,      96312 total
- age   2:        720 bytes,      97032 total
 11331K->7793K(12720K), 0.0042103 secs]
8.861: [GC
Desired survivor size 262144 bytes, new threshold 15 (max 15)
- age   1:     158504 bytes,     158504 total
- age   2:      11520 bytes,     170024 total
- age   3:        720 bytes,     170744 total
 11228K->7864K(12720K), 0.0014813 secs]
8.882: [GC
Desired survivor size 262144 bytes, new threshold 15 (max 15)
- age   1:     143888 bytes,     143888 total
- age   2:      28888 bytes,     172776 total
- age   3:      10904 bytes,     183680 total
- age   4:        720 bytes,     184400 total
 11300K->7880K(12720K), 0.0014154 secs]
8.887: [GC
Desired survivor size 262144 bytes, new threshold 15 (max 15)
- age   1:      97744 bytes,      97744 total
- age   2:       5960 bytes,     103704 total
- age   3:      28888 bytes,     132592 total
- age   4:      10904 bytes,     143496 total
- age   5:        720 bytes,     144216 total
 11336K->7844K(12720K), 0.0008439 secs]
8.892: [GC
Desired survivor size 262144 bytes, new threshold 15 (max 15)
- age   1:      58368 bytes,      58368 total
- age   2:      96040 bytes,     154408 total
- age   3:       5960 bytes,     160368 total
- age   4:       1824 bytes,     162192 total
- age   5:      10904 bytes,     173096 total
- age   6:        720 bytes,     173816 total
 11299K->7868K(12720K), 0.0035789 secs]
8.898: [GC
Desired survivor size 262144 bytes, new threshold 15 (max 15)
- age   1:      64032 bytes,      64032 total
- age   2:      42376 bytes,     106408 total
- age   3:        960 bytes,     107368 total
- age   4:       5960 bytes,     113328 total
- age   5:       1824 bytes,     115152 total
- age   6:      10904 bytes,     126056 total
- age   7:        720 bytes,     126776 total
 11323K->7823K(12720K), 0.0034976 secs]
8.904: [GC
Desired survivor size 262144 bytes, new threshold 15 (max 15)
- age   1:     104680 bytes,     104680 total
- age   2:      14544 bytes,     119224 total
- age   3:      42376 bytes,     161600 total
- age   4:        960 bytes,     162560 total
- age   5:       5960 bytes,     168520 total
- age   6:       1824 bytes,     170344 total
- age   7:      10904 bytes,     181248 total
- age   8:        720 bytes,     181968 total
 11278K->7876K(12720K), 0.0014272 secs]
8.908: [GC
Desired survivor size 262144 bytes, new threshold 15 (max 15)
- age   1:     163216 bytes,     163216 total
- age   3:      14544 bytes,     177760 total
- age   4:      42376 bytes,     220136 total
- age   5:        960 bytes,     221096 total
- age   6:       5960 bytes,     227056 total
- age   7:       1824 bytes,     228880 total
- age   8:      11064 bytes,     239944 total
- age   9:        720 bytes,     240664 total
 11327K->7941K(12720K), 0.0005637 secs]
8.911: [GC
Desired survivor size 262144 bytes, new threshold 15 (max 15)
- age   1:     110008 bytes,     110008 total
- age   5:       6336 bytes,     116344 total
- age   6:        960 bytes,     117304 total
- age   7:       5960 bytes,     123264 total
- age   8:       1824 bytes,     125088 total
- age   9:      10904 bytes,     135992 total
- age  10:        720 bytes,     136712 total
 11388K->7834K(12720K), 0.0005259 secs]
8.913: [GC
Desired survivor size 262144 bytes, new threshold 15 (max 15)
- age   1:     194512 bytes,     194512 total
- age   6:       6336 bytes,     200848 total
- age   7:        960 bytes,     201808 total
- age   8:       5960 bytes,     207768 total
- age   9:       1824 bytes,     209592 total
- age  10:      10904 bytes,     220496 total
- age  11:        720 bytes,     221216 total
 11274K->7914K(12720K), 0.0009411 secs]
8.915: [GC
Desired survivor size 262144 bytes, new threshold 15 (max 15)
- age   1:      70888 bytes,      70888 total
- age   2:      56464 bytes,     127352 total
- age   7:       6336 bytes,     133688 total
- age   8:        960 bytes,     134648 total
- age   9:       5960 bytes,     140608 total
- age  10:       1824 bytes,     142432 total
- age  11:      10904 bytes,     153336 total
- age  12:        720 bytes,     154056 total
 11354K->7864K(12720K), 0.0005279 secs]
8.917: [GC
Desired survivor size 262144 bytes, new threshold 15 (max 15)
- age   1:      73384 bytes,      73384 total
- age   3:      56464 bytes,     129848 total
- age   8:       6336 bytes,     136184 total
- age   9:        960 bytes,     137144 total
- age  10:       5960 bytes,     143104 total
- age  11:       1824 bytes,     144928 total
- age  12:      10984 bytes,     155912 total
- age  13:        720 bytes,     156632 total
 11320K->7861K(12720K), 0.0004928 secs]
8.919: [GC
Desired survivor size 262144 bytes, new threshold 15 (max 15)
- age   1:      78984 bytes,      78984 total
- age   4:      56464 bytes,     135448 total
- age   9:       6336 bytes,     141784 total
- age  10:        960 bytes,     142744 total
- age  11:       5960 bytes,     148704 total
- age  12:       1824 bytes,     150528 total
- age  13:      10904 bytes,     161432 total
- age  14:        720 bytes,     162152 total
 11298K->7859K(12720K), 0.0004725 secs]
8.921: [GC
Desired survivor size 262144 bytes, new threshold 15 (max 15)
- age   1:     119208 bytes,     119208 total
- age   5:      56464 bytes,     175672 total
- age  10:       6336 bytes,     182008 total
- age  11:        960 bytes,     182968 total
- age  12:       5960 bytes,     188928 total
- age  13:       1824 bytes,     190752 total
- age  14:      10904 bytes,     201656 total
- age  15:        720 bytes,     202376 total
 11301K->7913K(12720K), 0.0004793 secs]
8.923: [GC
Desired survivor size 262144 bytes, new threshold 15 (max 15)
- age   1:     121600 bytes,     121600 total
- age   6:      56464 bytes,     178064 total
- age  11:       6336 bytes,     184400 total
- age  12:        960 bytes,     185360 total
- age  13:       5960 bytes,     191320 total
- age  14:       1824 bytes,     193144 total
- age  15:      10904 bytes,     204048 total
 11334K->7920K(12720K), 0.0005095 secs]
8.925: [GC
Desired survivor size 262144 bytes, new threshold 7 (max 15)
- age   1:     221936 bytes,     221936 total
- age   7:      56464 bytes,     278400 total
- age  12:       6336 bytes,     284736 total
- age  13:        960 bytes,     285696 total
- age  14:       5960 bytes,     291656 total
- age  15:       1824 bytes,     293480 total
 11374K->8016K(12720K), 0.0005455 secs]
8.930: [GC
Desired survivor size 262144 bytes, new threshold 1 (max 15)
- age   1:     354360 bytes,     354360 total
 11405K->8084K(12720K), 0.0006052 secs]
8.932: [GC
Desired survivor size 262144 bytes, new threshold 15 (max 15)
- age   1:     191984 bytes,     191984 total
 11526K->8018K(12720K), 0.0006176 secs]
8.934: [GC
Desired survivor size 262144 bytes, new threshold 15 (max 15)
- age   1:     111184 bytes,     111184 total
- age   2:     114648 bytes,     225832 total
 11448K->8051K(12720K), 0.0005117 secs]
8.937: [GC
Desired survivor size 262144 bytes, new threshold 3 (max 15)
- age   1:     125800 bytes,     125800 total
- age   2:      32200 bytes,     158000 total
- age   3:     114648 bytes,     272648 total
 11502K->8097K(12720K), 0.0011853 secs]
8.942: [GC
Desired survivor size 262144 bytes, new threshold 15 (max 15)
- age   1:     204448 bytes,     204448 total
- age   3:      32200 bytes,     236648 total
 11522K->8061K(12720K), 0.0013873 secs]
8.946: [GC
Desired survivor size 262144 bytes, new threshold 1 (max 15)
- age   1:     293568 bytes,     293568 total
- age   2:        704 bytes,     294272 total
 11504K->8117K(12720K), 0.0006262 secs]
8.949: [GC
Desired survivor size 262144 bytes, new threshold 15 (max 15)
- age   1:     226840 bytes,     226840 total
 11555K->8105K(12720K), 0.0007602 secs]
8.951: [GC
Desired survivor size 262144 bytes, new threshold 15 (max 15)
- age   1:     254352 bytes,     254352 total
 11510K->8132K(12720K), 0.0005232 secs]
8.953: [GC
Desired survivor size 262144 bytes, new threshold 1 (max 15)
- age   1:     414576 bytes,     414576 total
- age   2:      76328 bytes,     490904 total
 11550K->8363K(12720K), 0.0016788 secs]
8.958: [GC
Desired survivor size 262144 bytes, new threshold 1 (max 15)
- age   1:     295640 bytes,     295640 total
 11788K->8263K(12720K), 0.0007808 secs]
8.960: [GC
Desired survivor size 262144 bytes, new threshold 1 (max 15)
- age   1:     413224 bytes,     413224 total
 11709K->8377K(12720K), 0.0007563 secs]
8.963: [GC
Desired survivor size 262144 bytes, new threshold 15 (max 15)
- age   1:     228776 bytes,     228776 total
 11816K->8313K(12720K), 0.0006023 secs]
8.965: [GC
Desired survivor size 262144 bytes, new threshold 1 (max 15)
- age   1:     471552 bytes,     471552 total
 11719K->8550K(12720K), 0.0006194 secs]
8.967: [GC
Desired survivor size 262144 bytes, new threshold 1 (max 15)
- age   1:     455464 bytes,     455464 total
 11969K->8573K(12720K), 0.0009042 secs]
8.969: [GC
Desired survivor size 262144 bytes, new threshold 15 (max 15)
- age   1:     228760 bytes,     228760 total
 11984K->8443K(12720K), 0.0008044 secs]
8.973: [GC
Desired survivor size 262144 bytes, new threshold 15 (max 15)
- age   1:     153112 bytes,     153112 total
- age   2:      66472 bytes,     219584 total
 11895K->8434K(12720K), 0.0005228 secs]
8.976: [GC
Desired survivor size 262144 bytes, new threshold 3 (max 15)
- age   1:     257312 bytes,     257312 total
- age   3:      66472 bytes,     323784 total
 11857K->8536K(12720K), 0.0005773 secs]
8.978: [GC
Desired survivor size 262144 bytes, new threshold 1 (max 15)
- age   1:     307864 bytes,     307864 total
 11981K->8586K(12720K), 0.0005753 secs]
8.980: [GC
Desired survivor size 262144 bytes, new threshold 15 (max 15)
- age   1:     209256 bytes,     209256 total
 11983K->8487K(12720K), 0.0005076 secs]
8.982: [GC
Desired survivor size 262144 bytes, new threshold 1 (max 15)
- age   1:     331944 bytes,     331944 total
 11923K->8609K(12720K), 0.0004612 secs]
8.985: [GC
Desired survivor size 262144 bytes, new threshold 15 (max 15)
- age   1:     230080 bytes,     230080 total
 12016K->8510K(12720K), 0.0006074 secs]
8.987: [GC
Desired survivor size 262144 bytes, new threshold 1 (max 15)
- age   1:     483800 bytes,     483800 total
 11901K->8881K(12720K), 0.0009200 secs]
8.990: [GC
Desired survivor size 262144 bytes, new threshold 15 (max 15)
- age   1:     235440 bytes,     235440 total
 12337K->8839K(12720K), 0.0007582 secs]
8.992: [GC
Desired survivor size 262144 bytes, new threshold 1 (max 15)
- age   1:     398080 bytes,     398080 total
- age   2:      53440 bytes,     451520 total
 12282K->9052K(12720K), 0.0007665 secs]
8.994: [GC
Desired survivor size 262144 bytes, new threshold 1 (max 15)
- age   1:     316408 bytes,     316408 total
 12503K->9051K(12720K), 0.0008087 secs]
8.998: [GC
Desired survivor size 262144 bytes, new threshold 1 (max 15)
- age   1:     492736 bytes,     492736 total
 12463K->9403K(13104K), 0.0014198 secs]
9.000: [Full GC 9403K->7021K(13104K), 0.0880701 secs]
9.092: [GC
Desired survivor size 360448 bytes, new threshold 1 (max 15)
- age   1:     380224 bytes,     380224 total
 11482K->7396K(16952K), 0.0016652 secs]
9.099: [GC
Desired survivor size 360448 bytes, new threshold 15 (max 15)
- age   1:     341456 bytes,     341456 total
 11930K->7539K(16952K), 0.0019215 secs]
9.104: [GC
Desired survivor size 360448 bytes, new threshold 2 (max 15)
- age   1:     249904 bytes,     249904 total
- age   2:     137760 bytes,     387664 total
 12080K->7586K(16952K), 0.0008477 secs]
9.109: [GC
Desired survivor size 360448 bytes, new threshold 1 (max 15)
- age   1:     519640 bytes,     519640 total
- age   2:     179848 bytes,     699488 total
 11993K->8033K(16952K), 0.0014801 secs]
9.113: [GC
Desired survivor size 360448 bytes, new threshold 15 (max 15)
- age   1:     272400 bytes,     272400 total
 12575K->7892K(16952K), 0.0008402 secs]
9.116: [GC
Desired survivor size 360448 bytes, new threshold 15 (max 15)
- age   1:     190912 bytes,     190912 total
- age   2:      70000 bytes,     260912 total
 12415K->7881K(16952K), 0.0005973 secs]
9.119: [GC
Desired survivor size 360448 bytes, new threshold 15 (max 15)
- age   1:     272880 bytes,     272880 total
- age   3:      70000 bytes,     342880 total
 12325K->7961K(16952K), 0.0005754 secs]
9.123: [GC
Desired survivor size 360448 bytes, new threshold 15 (max 15)
- age   1:     276336 bytes,     276336 total
- age   4:      70000 bytes,     346336 total
 12485K->7964K(16952K), 0.0009106 secs]
9.126: [GC
Desired survivor size 360448 bytes, new threshold 1 (max 15)
- age   1:     553520 bytes,     553520 total
 12482K->8167K(16952K), 0.0010678 secs]
9.131: [GC
Desired survivor size 360448 bytes, new threshold 15 (max 15)
- age   1:     224992 bytes,     224992 total
 12672K->8023K(16952K), 0.0006735 secs]
9.134: [GC
Desired survivor size 360448 bytes, new threshold 15 (max 15)
- age   1:     270128 bytes,     270128 total
- age   2:      79720 bytes,     349848 total
 12520K->8145K(16952K), 0.0008675 secs]
9.137: [GC
Desired survivor size 360448 bytes, new threshold 2 (max 15)
- age   1:     360320 bytes,     360320 total
- age   2:      60624 bytes,     420944 total
- age   3:      79720 bytes,     500664 total
 12660K->8293K(16952K), 0.0009192 secs]
9.141: [GC
Desired survivor size 360448 bytes, new threshold 1 (max 15)
- age   1:     438504 bytes,     438504 total
- age   2:     231272 bytes,     669776 total
 12824K->8517K(16952K), 0.0011823 secs]
9.144: [GC
Desired survivor size 360448 bytes, new threshold 15 (max 15)
- age   1:     159592 bytes,     159592 total
 13024K->8210K(16952K), 0.0010933 secs]
9.150: [GC
Desired survivor size 360448 bytes, new threshold 1 (max 15)
- age   1:     676640 bytes,     676640 total
 12713K->8717K(16952K), 0.0007191 secs]
9.155: [GC
Desired survivor size 360448 bytes, new threshold 15 (max 15)
- age   1:     282648 bytes,     282648 total
 13188K->8555K(16952K), 0.0007726 secs]
9.158: [GC
Desired survivor size 360448 bytes, new threshold 1 (max 15)
- age   1:     445344 bytes,     445344 total
 13095K->8716K(16952K), 0.0008645 secs]
9.161: [GC
Desired survivor size 360448 bytes, new threshold 1 (max 15)
- age   1:     696064 bytes,     696064 total
 13193K->9270K(16952K), 0.0011367 secs]
9.166: [GC
Desired survivor size 360448 bytes, new threshold 1 (max 15)
- age   1:     648584 bytes,     648584 total
 13788K->9223K(16952K), 0.0007932 secs]
9.169: [GC
Desired survivor size 360448 bytes, new threshold 1 (max 15)
- age   1:     409056 bytes,     409056 total
 13747K->9234K(16952K), 0.0011807 secs]
9.173: [GC
Desired survivor size 360448 bytes, new threshold 15 (max 15)
- age   1:     315928 bytes,     315928 total
 13724K->9143K(16952K), 0.0007288 secs]
9.176: [GC
Desired survivor size 360448 bytes, new threshold 1 (max 15)
- age   1:     491976 bytes,     491976 total
 13556K->9315K(16952K), 0.0007290 secs]
9.179: [GC
Desired survivor size 360448 bytes, new threshold 1 (max 15)
- age   1:     651936 bytes,     651936 total
 13834K->9710K(16952K), 0.0011669 secs]
9.183: [GC
Desired survivor size 360448 bytes, new threshold 1 (max 15)
- age   1:     577536 bytes,     577536 total
 14181K->9716K(16952K), 0.0010482 secs]
9.187: [GC
Desired survivor size 360448 bytes, new threshold 1 (max 15)
- age   1:     495112 bytes,     495112 total
 14216K->9636K(16952K), 0.0008248 secs]
9.192: [GC
Desired survivor size 360448 bytes, new threshold 1 (max 15)
- age   1:     399800 bytes,     399800 total
 14165K->9540K(16952K), 0.0022700 secs]
9.200: [GC
Desired survivor size 360448 bytes, new threshold 15 (max 15)
- age   1:     256232 bytes,     256232 total
 14017K->9708K(16952K), 0.0009688 secs]
9.204: [GC
Desired survivor size 360448 bytes, new threshold 15 (max 15)
- age   1:     331992 bytes,     331992 total
- age   2:       1440 bytes,     333432 total
 14155K->9784K(16952K), 0.0010066 secs]
9.209: [GC
Desired survivor size 360448 bytes, new threshold 15 (max 15)
- age   1:     176544 bytes,     176544 total
- age   2:     160704 bytes,     337248 total
- age   3:       1440 bytes,     338688 total
 14328K->9790K(16952K), 0.0017417 secs]
9.216: [GC
Desired survivor size 360448 bytes, new threshold 15 (max 15)
- age   1:     100136 bytes,     100136 total
- age   2:     175456 bytes,     275592 total
- age   3:       1480 bytes,     277072 total
- age   4:       1328 bytes,     278400 total
 14323K->9731K(16952K), 0.0008415 secs]
9.223: [GC
Desired survivor size 360448 bytes, new threshold 15 (max 15)
- age   1:      36424 bytes,      36424 total
- age   2:      87024 bytes,     123448 total
- age   3:       2520 bytes,     125968 total
- age   4:       1480 bytes,     127448 total
- age   5:       1328 bytes,     128776 total
 14254K->9590K(16952K), 0.0005943 secs]
9.227: [GC
Desired survivor size 360448 bytes, new threshold 15 (max 15)
- age   1:      50008 bytes,      50008 total
- age   3:      87024 bytes,     137032 total
- age   4:       2520 bytes,     139552 total
- age   5:       1480 bytes,     141032 total
- age   6:       1328 bytes,     142360 total
 14098K->9606K(16952K), 0.0005663 secs]
9.231: [GC
Desired survivor size 360448 bytes, new threshold 15 (max 15)
- age   1:      61608 bytes,      61608 total
- age   2:        920 bytes,      62528 total
- age   4:      87024 bytes,     149552 total
- age   5:       2520 bytes,     152072 total
- age   6:       1480 bytes,     153552 total
- age   7:       1328 bytes,     154880 total
 14135K->9611K(16952K), 0.0005596 secs]
9.235: [GC
Desired survivor size 360448 bytes, new threshold 15 (max 15)
- age   1:     228872 bytes,     228872 total
- age   2:       2520 bytes,     231392 total
- age   3:        920 bytes,     232312 total
- age   5:       6088 bytes,     238400 total
- age   6:       2520 bytes,     240920 total
- age   7:       1480 bytes,     242400 total
- age   8:       1328 bytes,     243728 total
 14107K->9697K(16952K), 0.0005332 secs]
9.238: [GC
Desired survivor size 360448 bytes, new threshold 1 (max 15)
- age   1:     431112 bytes,     431112 total
- age   2:       2528 bytes,     433640 total
- age   3:       2520 bytes,     436160 total
- age   4:        920 bytes,     437080 total
- age   6:       6088 bytes,     443168 total
- age   7:       2520 bytes,     445688 total
- age   8:       1480 bytes,     447168 total
- age   9:       1328 bytes,     448496 total
 14221K->9901K(16952K), 0.0007226 secs]
9.243: [GC
Desired survivor size 360448 bytes, new threshold 15 (max 15)
- age   1:     163416 bytes,     163416 total
 14417K->9892K(16952K), 0.0013905 secs]
9.248: [GC
Desired survivor size 360448 bytes, new threshold 15 (max 15)
- age   1:     354600 bytes,     354600 total
- age   2:       5752 bytes,     360352 total
 14427K->10073K(16952K), 0.0011064 secs]
9.252: [GC
Desired survivor size 360448 bytes, new threshold 1 (max 15)
- age   1:     484744 bytes,     484744 total
- age   2:       1824 bytes,     486568 total
- age   3:       5712 bytes,     492280 total
 14602K->10203K(16952K), 0.0007884 secs]
9.255: [GC
Desired survivor size 360448 bytes, new threshold 15 (max 15)
- age   1:     299368 bytes,     299368 total
 14744K->10028K(16952K), 0.0011056 secs]
9.259: [GC
Desired survivor size 360448 bytes, new threshold 15 (max 15)
- age   1:     211792 bytes,     211792 total
 14530K->9940K(16952K), 0.0009615 secs]
9.262: [GC
Desired survivor size 360448 bytes, new threshold 15 (max 15)
- age   1:     187312 bytes,     187312 total
- age   2:      84104 bytes,     271416 total
 14482K->9998K(16952K), 0.0006371 secs]
9.265: [GC
Desired survivor size 360448 bytes, new threshold 1 (max 15)
- age   1:     578656 bytes,     578656 total
- age   2:         40 bytes,     578696 total
 14519K->10298K(16952K), 0.0007728 secs]
9.268: [GC
Desired survivor size 360448 bytes, new threshold 15 (max 15)
- age   1:     186608 bytes,     186608 total
 14832K->9923K(16952K), 0.0006946 secs]
9.271: [GC
Desired survivor size 360448 bytes, new threshold 15 (max 15)
- age   1:     277136 bytes,     277136 total
- age   2:      47488 bytes,     324624 total
 14432K->10058K(16952K), 0.0007118 secs]
9.274: [GC
Desired survivor size 360448 bytes, new threshold 1 (max 15)
- age   1:     361960 bytes,     361960 total
- age   2:      29040 bytes,     391000 total
- age   3:      47488 bytes,     438488 total
 14493K->10169K(16952K), 0.0009116 secs]
9.278: [GC
Desired survivor size 360448 bytes, new threshold 15 (max 15)
- age   1:     235048 bytes,     235048 total
 14605K->10117K(16952K), 0.0008183 secs]
9.282: [GC
Desired survivor size 360448 bytes, new threshold 1 (max 15)
- age   1:     426656 bytes,     426656 total
- age   2:     172936 bytes,     599592 total
 14651K->10472K(16952K), 0.0009283 secs]
9.290: [GC
Desired survivor size 360448 bytes, new threshold 15 (max 15)
- age   1:     235376 bytes,     235376 total
 14968K->10216K(16952K), 0.0013598 secs]
9.295: [GC
Desired survivor size 360448 bytes, new threshold 15 (max 15)
- age   1:     147624 bytes,     147624 total
- age   2:        704 bytes,     148328 total
 14739K->10131K(16952K), 0.0009164 secs]
9.299: [GC
Desired survivor size 360448 bytes, new threshold 15 (max 15)
- age   1:      88232 bytes,      88232 total
- age   2:     106696 bytes,     194928 total
- age   3:        704 bytes,     195632 total
 14633K->10177K(16952K), 0.0005041 secs]
9.313: [GC
Desired survivor size 360448 bytes, new threshold 15 (max 15)
- age   1:      95864 bytes,      95864 total
- age   3:     106696 bytes,     202560 total
 14721K->10182K(16952K), 0.0008758 secs]
9.318: [GC
Desired survivor size 360448 bytes, new threshold 15 (max 15)
- age   1:     104664 bytes,     104664 total
- age   2:        784 bytes,     105448 total
- age   4:     160008 bytes,     265456 total
 14701K->10245K(16952K), 0.0009991 secs]
9.323: [GC
Desired survivor size 360448 bytes, new threshold 15 (max 15)
- age   1:     271984 bytes,     271984 total
- age   3:        640 bytes,     272624 total
 14789K->10251K(16952K), 0.0009469 secs]
9.329: [GC
Desired survivor size 360448 bytes, new threshold 15 (max 15)
- age   1:      59152 bytes,      59152 total
- age   2:      55504 bytes,     114656 total
- age   4:        640 bytes,     115296 total
 14787K->10096K(16952K), 0.0031646 secs]
9.338: [GC
Desired survivor size 360448 bytes, new threshold 15 (max 15)
- age   1:     120136 bytes,     120136 total
- age   2:       1120 bytes,     121256 total
- age   3:      55504 bytes,     176760 total
- age   5:        640 bytes,     177400 total
 14639K->10158K(16952K), 0.0013625 secs]
9.345: [GC
Desired survivor size 360448 bytes, new threshold 15 (max 15)
- age   1:     144984 bytes,     144984 total
- age   2:     118968 bytes,     263952 total
- age   3:       1120 bytes,     265072 total
- age   4:       1000 bytes,     266072 total
- age   6:        528 bytes,     266600 total
 14695K->10246K(16952K), 0.0007409 secs]
9.352: [GC
Desired survivor size 360448 bytes, new threshold 15 (max 15)
- age   1:      97056 bytes,      97056 total
- age   2:       6064 bytes,     103120 total
- age   3:     118968 bytes,     222088 total
- age   4:       1120 bytes,     223208 total
- age   5:       1000 bytes,     224208 total
- age   7:        528 bytes,     224736 total
 14748K->10210K(16952K), 0.0006753 secs]
9.360: [GC
Desired survivor size 360448 bytes, new threshold 4 (max 15)
- age   1:     195576 bytes,     195576 total
- age   2:      56408 bytes,     251984 total
- age   3:       6064 bytes,     258048 total
- age   4:     118968 bytes,     377016 total
- age   5:       1120 bytes,     378136 total
- age   6:       1000 bytes,     379136 total
- age   8:        528 bytes,     379664 total
 14742K->10358K(16952K), 0.0011391 secs]
9.364: [GC
Desired survivor size 360448 bytes, new threshold 15 (max 15)
- age   1:     200264 bytes,     200264 total
- age   2:        824 bytes,     201088 total
- age   4:       6064 bytes,     207152 total
 14893K->10319K(16952K), 0.0014025 secs]
9.369: [GC
Desired survivor size 360448 bytes, new threshold 15 (max 15)
- age   1:     119832 bytes,     119832 total
- age   2:      27040 bytes,     146872 total
- age   3:        824 bytes,     147696 total
- age   5:       6064 bytes,     153760 total
 14814K->10268K(16952K), 0.0036773 secs]
9.376: [GC
Desired survivor size 360448 bytes, new threshold 1 (max 15)
- age   1:     508624 bytes,     508624 total
- age   4:        824 bytes,     509448 total
- age   6:       6064 bytes,     515512 total
 14800K->10618K(16952K), 0.0014879 secs]
9.381: [GC
Desired survivor size 360448 bytes, new threshold 15 (max 15)
- age   1:     209896 bytes,     209896 total
 15133K->10685K(16952K), 0.0018679 secs]
9.387: [GC
Desired survivor size 360448 bytes, new threshold 2 (max 15)
- age   1:     195624 bytes,     195624 total
- age   2:     178008 bytes,     373632 total
 15158K->10842K(16952K), 0.0010395 secs]
9.392: [GC
Desired survivor size 360448 bytes, new threshold 15 (max 15)
- age   1:     244816 bytes,     244816 total
- age   2:      64184 bytes,     309000 total
 15348K->10952K(16952K), 0.0011929 secs]
9.398: [GC
Desired survivor size 360448 bytes, new threshold 1 (max 15)
- age   1:     580208 bytes,     580208 total
 15462K->11217K(16952K), 0.0012153 secs]
9.403: [GC
Desired survivor size 360448 bytes, new threshold 15 (max 15)
- age   1:      84488 bytes,      84488 total
 15695K->11223K(16952K), 0.0018457 secs]
9.409: [GC
Desired survivor size 360448 bytes, new threshold 15 (max 15)
- age   1:     357800 bytes,     357800 total
 15722K->11490K(16952K), 0.0042177 secs]
9.418: [GC
Desired survivor size 360448 bytes, new threshold 2 (max 15)
- age   1:     148160 bytes,     148160 total
- age   2:     267152 bytes,     415312 total
 15991K->11546K(16952K), 0.0011961 secs]
9.422: [GC
Desired survivor size 360448 bytes, new threshold 15 (max 15)
- age   1:      53168 bytes,      53168 total
 16046K->11518K(16952K), 0.0031017 secs]
9.429: [GC
Desired survivor size 360448 bytes, new threshold 15 (max 15)
- age   1:     352400 bytes,     352400 total
 15965K->11811K(16952K), 0.0035354 secs]
9.436: [GC
Desired survivor size 360448 bytes, new threshold 15 (max 15)
- age   1:     236264 bytes,     236264 total
 16306K->11697K(16952K), 0.0008865 secs]
9.441: [GC
Desired survivor size 360448 bytes, new threshold 2 (max 15)
- age   1:     259312 bytes,     259312 total
- age   2:     167776 bytes,     427088 total
 16240K->11883K(16952K), 0.0023502 secs]
9.447: [GC
Desired survivor size 360448 bytes, new threshold 15 (max 15)
- age   1:     130600 bytes,     130600 total
- age   2:     197792 bytes,     328392 total
 16425K->11959K(16952K), 0.0025656 secs]
9.454: [GC
Desired survivor size 360448 bytes, new threshold 15 (max 15)
- age   1:     135752 bytes,     135752 total
- age   3:     197792 bytes,     333544 total
 16387K->11964K(16952K), 0.0010220 secs]
9.459: [GC
Desired survivor size 360448 bytes, new threshold 4 (max 15)
- age   1:     278952 bytes,     278952 total
- age   2:      67912 bytes,     346864 total
- age   4:      59864 bytes,     406728 total
 16489K->12035K(16952K), 0.0014471 secs]
9.464: [GC
Desired survivor size 360448 bytes, new threshold 15 (max 15)
- age   1:     138392 bytes,     138392 total
- age   2:     143256 bytes,     281648 total
 16454K->11972K(16952K), 0.0011062 secs]
9.466: [Full GC 11972K->6802K(16952K), 0.0729006 secs]
9.542: [GC
Desired survivor size 360448 bytes, new threshold 15 (max 15)
- age   1:     214096 bytes,     214096 total
 11330K->7014K(16952K), 0.0005693 secs]
9.550: [GC
Desired survivor size 360448 bytes, new threshold 1 (max 15)
- age   1:     465280 bytes,     465280 total
- age   2:     214040 bytes,     679320 total
 11558K->7468K(16952K), 0.0010645 secs]
9.558: [GC
Desired survivor size 360448 bytes, new threshold 15 (max 15)
- age   1:     218072 bytes,     218072 total
 12012K->7607K(16952K), 0.0016689 secs]
9.573: [GC
Desired survivor size 360448 bytes, new threshold 2 (max 15)
- age   1:     335304 bytes,     335304 total
- age   2:     203680 bytes,     538984 total
 12148K->7923K(16952K), 0.0011612 secs]
9.579: [GC
Desired survivor size 360448 bytes, new threshold 1 (max 15)
- age   1:     379152 bytes,     379152 total
- age   2:     326176 bytes,     705328 total
 12463K->8309K(16952K), 0.0011382 secs]
9.583: [GC
Desired survivor size 360448 bytes, new threshold 15 (max 15)
- age   1:     225544 bytes,     225544 total
 12847K->8307K(16952K), 0.0014223 secs]
9.588: [GC
Desired survivor size 360448 bytes, new threshold 15 (max 15)
- age   1:      80160 bytes,      80160 total
- age   2:     161016 bytes,     241176 total
 12832K->8321K(16952K), 0.0008830 secs]
9.592: [GC
Desired survivor size 360448 bytes, new threshold 15 (max 15)
- age   1:     205120 bytes,     205120 total
- age   2:      31848 bytes,     236968 total
- age   3:      13648 bytes,     250616 total
 12857K->8330K(16952K), 0.0006316 secs]
9.596: [GC
Desired survivor size 360448 bytes, new threshold 2 (max 15)
- age   1:     351896 bytes,     351896 total
- age   2:      53256 bytes,     405152 total
- age   3:       4816 bytes,     409968 total
 12868K->8486K(16952K), 0.0010412 secs]
9.599: [GC
Desired survivor size 360448 bytes, new threshold 2 (max 15)
- age   1:     176672 bytes,     176672 total
- age   2:     221904 bytes,     398576 total
 13015K->8537K(16952K), 0.0010355 secs]
9.603: [GC
Desired survivor size 360448 bytes, new threshold 1 (max 15)
- age   1:     566400 bytes,     566400 total
- age   2:      60088 bytes,     626488 total
 13074K->8760K(16952K), 0.0007616 secs]
9.606: [GC
Desired survivor size 360448 bytes, new threshold 1 (max 15)
- age   1:     534904 bytes,     534904 total
 13268K->8729K(16952K), 0.0008815 secs]
9.609: [GC
Desired survivor size 360448 bytes, new threshold 15 (max 15)
- age   1:     103648 bytes,     103648 total
 13258K->8483K(16952K), 0.0006894 secs]
9.614: [GC
Desired survivor size 360448 bytes, new threshold 1 (max 15)
- age   1:     574008 bytes,     574008 total
- age   2:      79024 bytes,     653032 total
 13014K->9020K(16952K), 0.0008666 secs]
9.618: [GC
Desired survivor size 360448 bytes, new threshold 1 (max 15)
- age   1:     530520 bytes,     530520 total
 13528K->8975K(16952K), 0.0008101 secs]
9.622: [GC
Desired survivor size 360448 bytes, new threshold 1 (max 15)
- age   1:     531504 bytes,     531504 total
 13495K->9138K(16952K), 0.0010761 secs]
9.626: [GC
Desired survivor size 360448 bytes, new threshold 1 (max 15)
- age   1:     430472 bytes,     430472 total
 13681K->9391K(16952K), 0.0010877 secs]
9.629: [GC
Desired survivor size 360448 bytes, new threshold 15 (max 15)
- age   1:     110384 bytes,     110384 total
 13893K->9358K(16952K), 0.0008232 secs]
9.635: [GC
Desired survivor size 360448 bytes, new threshold 1 (max 15)
- age   1:     580648 bytes,     580648 total
- age   2:      48328 bytes,     628976 total
 13886K->9863K(16952K), 0.0009091 secs]
9.638: [GC
Desired survivor size 360448 bytes, new threshold 15 (max 15)
- age   1:     315240 bytes,     315240 total
 14360K->10145K(16952K), 0.0012286 secs]
9.643: [GC
Desired survivor size 360448 bytes, new threshold 15 (max 15)
- age   1:     160992 bytes,     160992 total
- age   2:     153552 bytes,     314544 total
 14682K->10144K(16952K), 0.0006099 secs]
9.647: [GC
Desired survivor size 360448 bytes, new threshold 1 (max 15)
- age   1:     367624 bytes,     367624 total
- age   2:     160936 bytes,     528560 total
- age   3:     153552 bytes,     682112 total
 14639K->10580K(16952K), 0.0028242 secs]
9.653: [GC
Desired survivor size 360448 bytes, new threshold 1 (max 15)
- age   1:     389960 bytes,     389960 total
 15109K->10679K(16952K), 0.0018801 secs]
9.661: [GC
Desired survivor size 360448 bytes, new threshold 1 (max 15)
- age   1:     716424 bytes,     716424 total
 15215K->11549K(16952K), 0.0013457 secs]
9.667: [GC
Desired survivor size 360448 bytes, new threshold 1 (max 15)
- age   1:     451776 bytes,     451776 total
 16052K->11851K(16952K), 0.0011452 secs]
9.671: [GC
Desired survivor size 360448 bytes, new threshold 15 (max 15)
- age   1:     196320 bytes,     196320 total
 16394K->11805K(16952K), 0.0007533 secs]
9.675: [GC
Desired survivor size 360448 bytes, new threshold 1 (max 15)
- age   1:     469128 bytes,     469128 total
- age   2:     135784 bytes,     604912 total
 16342K->12206K(16952K), 0.0008376 secs]
9.680: [GC
Desired survivor size 360448 bytes, new threshold 1 (max 15)
- age   1:     656424 bytes,     656424 total
 16724K->12739K(17528K), 0.0017091 secs]
9.682: [Full GC 12739K->7746K(17528K), 0.0673735 secs]
9.754: [GC
Desired survivor size 393216 bytes, new threshold 15 (max 15)
- age   1:     350488 bytes,     350488 total
 12721K->8092K(18672K), 0.0011419 secs]
9.758: [GC
Desired survivor size 393216 bytes, new threshold 15 (max 15)
- age   1:      42792 bytes,      42792 total
- age   2:     282592 bytes,     325384 total
 13084K->8066K(18672K), 0.0009456 secs]
9.764: [GC
Desired survivor size 393216 bytes, new threshold 2 (max 15)
- age   1:     390336 bytes,     390336 total
- age   2:       3456 bytes,     393792 total
- age   3:     282592 bytes,     676384 total
 13058K->8409K(18672K), 0.0013352 secs]
9.769: [GC
Desired survivor size 393216 bytes, new threshold 2 (max 15)
- age   1:     120272 bytes,     120272 total
- age   2:     356608 bytes,     476880 total
 13400K->8506K(18672K), 0.0010908 secs]
9.776: [GC
Desired survivor size 393216 bytes, new threshold 15 (max 15)
- age   1:     215512 bytes,     215512 total
- age   2:       3688 bytes,     219200 total
 13496K->8602K(18672K), 0.0007686 secs]
9.780: [GC
Desired survivor size 393216 bytes, new threshold 15 (max 15)
- age   1:     240392 bytes,     240392 total
- age   2:      44888 bytes,     285280 total
- age   3:       2560 bytes,     287840 total
 13570K->8669K(18672K), 0.0006176 secs]
9.785: [GC
Desired survivor size 393216 bytes, new threshold 2 (max 15)
- age   1:     340384 bytes,     340384 total
- age   2:      87640 bytes,     428024 total
- age   3:      44888 bytes,     472912 total
- age   4:       2560 bytes,     475472 total
 13659K->8853K(18672K), 0.0010767 secs]
9.789: [GC
Desired survivor size 393216 bytes, new threshold 2 (max 15)
- age   1:     186064 bytes,     186064 total
- age   2:     271112 bytes,     457176 total
 13815K->8891K(18672K), 0.0008413 secs]
9.793: [GC
Desired survivor size 393216 bytes, new threshold 15 (max 15)
- age   1:     218576 bytes,     218576 total
- age   2:      71408 bytes,     289984 total
 13871K->8987K(18672K), 0.0010752 secs]
9.798: [GC
Desired survivor size 393216 bytes, new threshold 1 (max 15)
- age   1:     511616 bytes,     511616 total
- age   2:     172408 bytes,     684024 total
- age   3:      71408 bytes,     755432 total
 13977K->9609K(18672K), 0.0010673 secs]
9.803: [GC
Desired survivor size 393216 bytes, new threshold 15 (max 15)
- age   1:     329320 bytes,     329320 total
 14582K->9621K(18672K), 0.0010717 secs]
9.807: [GC
Desired survivor size 393216 bytes, new threshold 1 (max 15)
- age   1:     669352 bytes,     669352 total
- age   2:      93600 bytes,     762952 total
 14598K->10113K(18672K), 0.0011960 secs]
9.813: [GC
Desired survivor size 393216 bytes, new threshold 1 (max 15)
- age   1:     735448 bytes,     735448 total
 15069K->10557K(18672K), 0.0020795 secs]
9.819: [GC
Desired survivor size 393216 bytes, new threshold 15 (max 15)
- age   1:     136896 bytes,     136896 total
 15548K->10568K(18672K), 0.0010909 secs]
9.824: [GC
Desired survivor size 393216 bytes, new threshold 1 (max 15)
- age   1:     630288 bytes,     630288 total
- age   2:      92680 bytes,     722968 total
 15500K->11140K(18672K), 0.0008235 secs]
9.830: [GC
Desired survivor size 393216 bytes, new threshold 1 (max 15)
- age   1:     775088 bytes,     775088 total
 16131K->11722K(18672K), 0.0013273 secs]
9.834: [GC
Desired survivor size 393216 bytes, new threshold 15 (max 15)
- age   1:     309392 bytes,     309392 total
 16701K->11939K(18672K), 0.0012528 secs]
9.838: [GC
Desired survivor size 393216 bytes, new threshold 2 (max 15)
- age   1:     280664 bytes,     280664 total
- age   2:     282072 bytes,     562736 total
 16930K->12188K(18672K), 0.0008901 secs]
9.843: [GC
Desired survivor size 393216 bytes, new threshold 1 (max 15)
- age   1:     596528 bytes,     596528 total
- age   2:     147440 bytes,     743968 total
 17134K->12622K(18672K), 0.0011307 secs]
9.849: [GC
Desired survivor size 393216 bytes, new threshold 15 (max 15)
- age   1:     329480 bytes,     329480 total
 17563K->12740K(18672K), 0.0014434 secs]
9.854: [GC
Desired survivor size 393216 bytes, new threshold 15 (max 15)
- age   1:     168248 bytes,     168248 total
- age   2:     156240 bytes,     324488 total
 17725K->12737K(18672K), 0.0007099 secs]
9.857: [GC
Desired survivor size 393216 bytes, new threshold 1 (max 15)
- age   1:     612288 bytes,     612288 total
- age   2:        168 bytes,     612456 total
- age   3:     156240 bytes,     768696 total
 17677K->13387K(18672K), 0.0015994 secs]
9.863: [GC
Desired survivor size 393216 bytes, new threshold 15 (max 15)
- age   1:     190824 bytes,     190824 total
 18318K->13285K(18864K), 0.0020711 secs]
9.866: [Full GC 13285K->7751K(18864K), 0.0680620 secs]
9.940: [GC
Desired survivor size 425984 bytes, new threshold 1 (max 15)
- age   1:     587552 bytes,     587552 total
 12690K->8325K(18928K), 0.0013094 secs]
9.946: [GC
Desired survivor size 425984 bytes, new threshold 1 (max 15)
- age   1:     816768 bytes,     816768 total
 13317K->8890K(18928K), 0.0025382 secs]
9.953: [GC
Desired survivor size 425984 bytes, new threshold 1 (max 15)
- age   1:     521448 bytes,     521448 total
 13821K->8977K(18928K), 0.0016203 secs]
9.958: [GC
Desired survivor size 425984 bytes, new threshold 15 (max 15)
- age   1:     333952 bytes,     333952 total
 13943K->9048K(18928K), 0.0009846 secs]
9.967: [GC
Desired survivor size 425984 bytes, new threshold 1 (max 15)
- age   1:     531984 bytes,     531984 total
- age   2:     273016 bytes,     805000 total
 14040K->9566K(18928K), 0.0012355 secs]
9.972: [GC
Desired survivor size 425984 bytes, new threshold 15 (max 15)
- age   1:     403912 bytes,     403912 total
 14485K->9661K(18928K), 0.0010419 secs]
9.976: [GC
Desired survivor size 425984 bytes, new threshold 2 (max 15)
- age   1:     300864 bytes,     300864 total
- age   2:     281552 bytes,     582416 total
 14634K->9833K(18928K), 0.0010950 secs]
9.982: [GC
Desired survivor size 425984 bytes, new threshold 2 (max 15)
- age   1:     372000 bytes,     372000 total
- age   2:      93096 bytes,     465096 total
 14817K->9993K(18928K), 0.0012606 secs]
9.985: [GC
Desired survivor size 425984 bytes, new threshold 2 (max 15)
- age   1:     229520 bytes,     229520 total
- age   2:     306952 bytes,     536472 total
 14937K->10148K(18928K), 0.0010426 secs]
9.990: [GC
Desired survivor size 425984 bytes, new threshold 15 (max 15)
- age   1:      86912 bytes,      86912 total
- age   2:      66488 bytes,     153400 total
 15113K->10072K(18928K), 0.0008378 secs]
9.996: [GC
Desired survivor size 425984 bytes, new threshold 1 (max 15)
- age   1:     729576 bytes,     729576 total
- age   2:       2280 bytes,     731856 total
- age   3:      66488 bytes,     798344 total
 15064K->10763K(18928K), 0.0010834 secs]
10.000: [GC
Desired survivor size 425984 bytes, new threshold 1 (max 15)
- age   1:     577024 bytes,     577024 total
 15755K->10904K(18928K), 0.0010389 secs]
10.004: [GC
Desired survivor size 425984 bytes, new threshold 15 (max 15)
- age   1:     191448 bytes,     191448 total
 15896K->11063K(18928K), 0.0010744 secs]
10.008: [GC
Desired survivor size 425984 bytes, new threshold 1 (max 15)
- age   1:     629760 bytes,     629760 total
- age   2:     153120 bytes,     782880 total
 16022K->11725K(18928K), 0.0013251 secs]
10.013: [GC
Desired survivor size 425984 bytes, new threshold 1 (max 15)
- age   1:     592080 bytes,     592080 total
 16687K->11929K(18928K), 0.0012737 secs]
10.017: [GC
Desired survivor size 425984 bytes, new threshold 15 (max 15)
- age   1:     297760 bytes,     297760 total
 16876K->12151K(18928K), 0.0015005 secs]
10.021: [GC
Desired survivor size 425984 bytes, new threshold 1 (max 15)
- age   1:     489928 bytes,     489928 total
- age   2:     106048 bytes,     595976 total
 17127K->12444K(18928K), 0.0009992 secs]
10.024: [GC
Desired survivor size 425984 bytes, new threshold 15 (max 15)
- age   1:     424952 bytes,     424952 total
 17431K->12613K(18928K), 0.0010441 secs]
10.032: [GC
Desired survivor size 425984 bytes, new threshold 2 (max 15)
- age   1:     396984 bytes,     396984 total
- age   2:     253608 bytes,     650592 total
 17594K->12832K(18928K), 0.0009222 secs]
10.037: [GC
Desired survivor size 425984 bytes, new threshold 15 (max 15)
- age   1:      90880 bytes,      90880 total
- age   2:     256088 bytes,     346968 total
 17814K->12791K(18928K), 0.0012541 secs]
10.041: [GC
Desired survivor size 425984 bytes, new threshold 3 (max 15)
- age   1:     129208 bytes,     129208 total
- age   2:      60176 bytes,     189384 total
- age   3:     256088 bytes,     445472 total
 17783K->12887K(18928K), 0.0008791 secs]
10.045: [GC
Desired survivor size 425984 bytes, new threshold 15 (max 15)
- age   1:      78968 bytes,      78968 total
- age   2:      97224 bytes,     176192 total
- age   3:      59688 bytes,     235880 total
 17861K->12941K(18928K), 0.0008813 secs]
10.050: [GC
Desired survivor size 425984 bytes, new threshold 15 (max 15)
- age   1:     227320 bytes,     227320 total
- age   2:       3968 bytes,     231288 total
- age   3:      31840 bytes,     263128 total
- age   4:      59688 bytes,     322816 total
 17933K->13025K(18928K), 0.0006457 secs]
10.057: [GC
Desired survivor size 425984 bytes, new threshold 4 (max 15)
- age   1:     292000 bytes,     292000 total
- age   2:     121928 bytes,     413928 total
- age   3:       3968 bytes,     417896 total
- age   4:      31840 bytes,     449736 total
- age   5:       1840 bytes,     451576 total
 18013K->13152K(18928K), 0.0007448 secs]
10.062: [GC
Desired survivor size 425984 bytes, new threshold 15 (max 15)
- age   1:     221336 bytes,     221336 total
- age   3:     121928 bytes,     343264 total
- age   4:       3968 bytes,     347232 total
 18095K->13079K(18928K), 0.0013062 secs]
10.066: [GC
Desired survivor size 425984 bytes, new threshold 4 (max 15)
- age   1:     414208 bytes,     414208 total
- age   2:        704 bytes,     414912 total
- age   4:     121928 bytes,     536840 total
- age   5:       3968 bytes,     540808 total
 18056K->13269K(18928K), 0.0011360 secs]
10.071: [GC
Desired survivor size 425984 bytes, new threshold 15 (max 15)
- age   1:     260936 bytes,     260936 total
- age   2:     124704 bytes,     385640 total
- age   3:        704 bytes,     386344 total
 18241K->13245K(18928K), 0.0008223 secs]
10.077: [GC
Desired survivor size 425984 bytes, new threshold 1 (max 15)
- age   1:     575576 bytes,     575576 total
- age   2:     196304 bytes,     771880 total
- age   4:        704 bytes,     772584 total
 18173K->13620K(18928K), 0.0009650 secs]
10.081: [GC
Desired survivor size 425984 bytes, new threshold 15 (max 15)
- age   1:     192040 bytes,     192040 total
 18611K->13720K(19504K), 0.0016660 secs]
10.083: [Full GC 13720K->7477K(19504K), 0.0760683 secs]
10.163: [GC
Desired survivor size 425984 bytes, new threshold 15 (max 15)
- age   1:     312120 bytes,     312120 total
 12431K->7786K(18928K), 0.0006909 secs]
10.167: [GC
Desired survivor size 425984 bytes, new threshold 2 (max 15)
- age   1:     185544 bytes,     185544 total
- age   2:     263656 bytes,     449200 total
 12731K->7917K(18928K), 0.0014817 secs]
10.172: [GC
Desired survivor size 425984 bytes, new threshold 1 (max 15)
- age   1:     503256 bytes,     503256 total
- age   2:     133656 bytes,     636912 total
 12856K->8368K(18928K), 0.0011547 secs]
10.177: [GC
Desired survivor size 425984 bytes, new threshold 1 (max 15)
- age   1:     554504 bytes,     554504 total
 13360K->8557K(18928K), 0.0009376 secs]
10.183: [GC
Desired survivor size 425984 bytes, new threshold 15 (max 15)
- age   1:     149744 bytes,     149744 total
 13547K->8523K(18928K), 0.0008248 secs]
10.188: [GC
Desired survivor size 425984 bytes, new threshold 15 (max 15)
- age   1:     173864 bytes,     173864 total
- age   2:     112744 bytes,     286608 total
 13515K->8658K(18928K), 0.0006296 secs]
10.191: [GC
Desired survivor size 425984 bytes, new threshold 1 (max 15)
- age   1:     450768 bytes,     450768 total
- age   2:      18112 bytes,     468880 total
- age   3:     112744 bytes,     581624 total
 13634K->8946K(18928K), 0.0011054 secs]
10.195: [GC
Desired survivor size 425984 bytes, new threshold 1 (max 15)
- age   1:     452096 bytes,     452096 total
 13934K->9123K(18928K), 0.0009825 secs]
10.201: [GC
Desired survivor size 425984 bytes, new threshold 15 (max 15)
- age   1:     293944 bytes,     293944 total
 14092K->9324K(18928K), 0.0008818 secs]
10.205: [GC
Desired survivor size 425984 bytes, new threshold 15 (max 15)
- age   1:     110032 bytes,     110032 total
- age   2:     203232 bytes,     313264 total
 14293K->9343K(18928K), 0.0008316 secs]
10.208: [GC
Desired survivor size 425984 bytes, new threshold 15 (max 15)
- age   1:      78704 bytes,      78704 total
- age   2:      78248 bytes,     156952 total
- age   3:     146840 bytes,     303792 total
 14335K->9334K(18928K), 0.0007213 secs]
10.213: [GC
Desired survivor size 425984 bytes, new threshold 3 (max 15)
- age   1:     358648 bytes,     358648 total
- age   2:      21008 bytes,     379656 total
- age   3:      78208 bytes,     457864 total
- age   4:     146840 bytes,     604704 total
 14292K->9625K(18928K), 0.0020228 secs]
10.218: [GC
Desired survivor size 425984 bytes, new threshold 1 (max 15)
- age   1:     631976 bytes,     631976 total
- age   2:     160488 bytes,     792464 total
- age   3:      20952 bytes,     813416 total
 14599K->10187K(18928K), 0.0013172 secs]
10.222: [GC
Desired survivor size 425984 bytes, new threshold 15 (max 15)
- age   1:     254168 bytes,     254168 total
 15153K->10125K(18928K), 0.0011289 secs]
10.227: [GC
Desired survivor size 425984 bytes, new threshold 1 (max 15)
- age   1:     528312 bytes,     528312 total
- age   2:     167760 bytes,     696072 total
 15068K->10556K(18928K), 0.0010850 secs]
10.234: [GC
Desired survivor size 425984 bytes, new threshold 15 (max 15)
- age   1:      33040 bytes,      33040 total
 15548K->10278K(18928K), 0.0011226 secs]
10.240: [GC
Desired survivor size 425984 bytes, new threshold 15 (max 15)
- age   1:     191504 bytes,     191504 total
- age   2:        824 bytes,     192328 total
 15263K->10433K(18928K), 0.0005891 secs]
10.244: [GC
Desired survivor size 425984 bytes, new threshold 15 (max 15)
- age   1:      50480 bytes,      50480 total
- age   2:     147296 bytes,     197776 total
- age   3:        640 bytes,     198416 total
 15425K->10439K(18928K), 0.0007452 secs]
10.248: [GC
Desired survivor size 425984 bytes, new threshold 1 (max 15)
- age   1:     458264 bytes,     458264 total
- age   2:       2848 bytes,     461112 total
- age   3:     147296 bytes,     608408 total
- age   4:        640 bytes,     609048 total
 15386K->10839K(18928K), 0.0012219 secs]
10.253: [GC
Desired survivor size 425984 bytes, new threshold 15 (max 15)
- age   1:     235080 bytes,     235080 total
 15795K->10922K(18928K), 0.0013772 secs]
10.257: [GC
Desired survivor size 425984 bytes, new threshold 15 (max 15)
- age   1:     171968 bytes,     171968 total
- age   2:      75464 bytes,     247432 total
 15897K->10934K(18928K), 0.0007647 secs]
10.261: [GC
Desired survivor size 425984 bytes, new threshold 15 (max 15)
- age   1:     298368 bytes,     298368 total
- age   2:       4744 bytes,     303112 total
- age   3:      75464 bytes,     378576 total
 15821K->11061K(18928K), 0.0010720 secs]
10.265: [GC
Desired survivor size 425984 bytes, new threshold 15 (max 15)
- age   1:     147128 bytes,     147128 total
- age   2:     183064 bytes,     330192 total
- age   3:       3120 bytes,     333312 total
- age   4:      75464 bytes,     408776 total
 16046K->11092K(18928K), 0.0009426 secs]
10.268: [GC
Desired survivor size 425984 bytes, new threshold 5 (max 15)
- age   1:     186280 bytes,     186280 total
- age   2:      30128 bytes,     216408 total
- age   3:     183064 bytes,     399472 total
- age   4:       3120 bytes,     402592 total
- age   5:      75464 bytes,     478056 total
 16066K->11157K(18928K), 0.0014885 secs]
10.273: [GC
Desired survivor size 425984 bytes, new threshold 1 (max 15)
- age   1:     460528 bytes,     460528 total
- age   2:      45136 bytes,     505664 total
- age   3:       4776 bytes,     510440 total
- age   4:     183064 bytes,     693504 total
- age   5:       3120 bytes,     696624 total
 16139K->11454K(18928K), 0.0010321 secs]
10.279: [GC
Desired survivor size 425984 bytes, new threshold 15 (max 15)
- age   1:     361480 bytes,     361480 total
 16444K->11575K(18928K), 0.0020244 secs]
10.285: [GC
Desired survivor size 425984 bytes, new threshold 15 (max 15)
- age   1:     111536 bytes,     111536 total
- age   2:     256488 bytes,     368024 total
 16551K->11576K(18928K), 0.0007112 secs]
10.289: [GC
Desired survivor size 425984 bytes, new threshold 15 (max 15)
- age   1:     243312 bytes,     243312 total
- age   2:      91400 bytes,     334712 total
 16540K->11544K(18928K), 0.0006786 secs]
10.293: [GC
Desired survivor size 425984 bytes, new threshold 1 (max 15)
- age   1:     486576 bytes,     486576 total
- age   2:     195872 bytes,     682448 total
- age   3:      91400 bytes,     773848 total
 16493K->11973K(18928K), 0.0010120 secs]
10.298: [GC
Desired survivor size 425984 bytes, new threshold 15 (max 15)
- age   1:     313448 bytes,     313448 total
 16950K->12227K(18928K), 0.0012001 secs]
10.302: [GC
Desired survivor size 425984 bytes, new threshold 15 (max 15)
- age   1:     184704 bytes,     184704 total
- age   2:      63336 bytes,     248040 total
 17218K->12161K(18928K), 0.0007784 secs]
10.306: [GC
Desired survivor size 425984 bytes, new threshold 1 (max 15)
- age   1:     542088 bytes,     542088 total
- age   2:     152936 bytes,     695024 total
 17112K->12599K(18928K), 0.0009810 secs]
10.310: [GC
Desired survivor size 425984 bytes, new threshold 1 (max 15)
- age   1:     449480 bytes,     449480 total
 17562K->12828K(18928K), 0.0011704 secs]
10.315: [GC
Desired survivor size 425984 bytes, new threshold 1 (max 15)
- age   1:     441880 bytes,     441880 total
 17817K->13082K(18928K), 0.0009956 secs]
10.318: [GC
Desired survivor size 425984 bytes, new threshold 15 (max 15)
- age   1:     278008 bytes,     278008 total
 18068K->13192K(18928K), 0.0016253 secs]
10.324: [GC
Desired survivor size 425984 bytes, new threshold 2 (max 15)
- age   1:     393720 bytes,     393720 total
- age   2:     194192 bytes,     587912 total
 18177K->13496K(18928K), 0.0009758 secs]
10.327: [GC
Desired survivor size 425984 bytes, new threshold 1 (max 15)
- age   1:     432608 bytes,     432608 total
- age   2:     264984 bytes,     697592 total
 18467K->13729K(18928K), 0.0010875 secs]
10.332: [GC
Desired survivor size 425984 bytes, new threshold 1 (max 15)
- age   1:     774000 bytes,     774000 total
 18696K->14143K(19312K), 0.0011973 secs]
10.333: [Full GC 14143K->8045K(19312K), 0.0709861 secs]
10.412: [GC
Desired survivor size 425984 bytes, new threshold 15 (max 15)
- age   1:     327192 bytes,     327192 total
 13200K->8368K(19504K), 0.0013497 secs]
10.419: [GC
Desired survivor size 425984 bytes, new threshold 2 (max 15)
- age   1:     183960 bytes,     183960 total
- age   2:     289464 bytes,     473424 total
 13552K->8511K(19504K), 0.0007510 secs]
10.426: [GC
Desired survivor size 425984 bytes, new threshold 1 (max 15)
- age   1:     432752 bytes,     432752 total
- age   2:     108440 bytes,     541192 total
 13695K->8832K(19504K), 0.0011390 secs]
10.433: [GC
Desired survivor size 425984 bytes, new threshold 15 (max 15)
- age   1:      87496 bytes,      87496 total
 13940K->8886K(19504K), 0.0010319 secs]
10.439: [GC
Desired survivor size 425984 bytes, new threshold 15 (max 15)
- age   1:      47816 bytes,      47816 total
 14049K->8841K(19504K), 0.0006536 secs]
10.445: [GC
Desired survivor size 425984 bytes, new threshold 15 (max 15)
- age   1:     107080 bytes,     107080 total
 14025K->8899K(19504K), 0.0005838 secs]
10.452: [GC
Desired survivor size 425984 bytes, new threshold 15 (max 15)
- age   1:     111864 bytes,     111864 total
- age   2:       1408 bytes,     113272 total
 14002K->8905K(19504K), 0.0006224 secs]
10.460: [GC
Desired survivor size 425984 bytes, new threshold 1 (max 15)
- age   1:     517456 bytes,     517456 total
- age   3:       1408 bytes,     518864 total
 13999K->9302K(19504K), 0.0040273 secs]
10.472: [GC
Desired survivor size 425984 bytes, new threshold 15 (max 15)
- age   1:     293480 bytes,     293480 total
 14468K->9285K(19504K), 0.0015708 secs]
10.478: [GC
Desired survivor size 425984 bytes, new threshold 15 (max 15)
- age   1:     154840 bytes,     154840 total
- age   2:     150776 bytes,     305616 total
 14323K->9299K(19504K), 0.0023559 secs]
10.488: [GC
Desired survivor size 425984 bytes, new threshold 1 (max 15)
- age   1:     534568 bytes,     534568 total
- age   2:       4256 bytes,     538824 total
- age   3:     150776 bytes,     689600 total
 14475K->9674K(19504K), 0.0014803 secs]
10.498: [GC
Desired survivor size 425984 bytes, new threshold 15 (max 15)
- age   1:     315640 bytes,     315640 total
 14858K->9778K(19504K), 0.0042375 secs]
10.508: [GC
Desired survivor size 425984 bytes, new threshold 1 (max 15)
- age   1:     565792 bytes,     565792 total
- age   2:     236936 bytes,     802728 total
 14886K->10402K(19504K), 0.0021287 secs]
10.515: [GC
Desired survivor size 425984 bytes, new threshold 15 (max 15)
- age   1:     158256 bytes,     158256 total
 15586K->10483K(19504K), 0.0039073 secs]
10.523: [GC
Desired survivor size 425984 bytes, new threshold 15 (max 15)
- age   1:     243512 bytes,     243512 total
- age   2:        312 bytes,     243824 total
 15647K->10565K(19504K), 0.0010429 secs]
10.531: [GC
Desired survivor size 425984 bytes, new threshold 1 (max 15)
- age   1:     649920 bytes,     649920 total
- age   3:        312 bytes,     650232 total
 15667K->10961K(19504K), 0.0014478 secs]
10.537: [GC
Desired survivor size 425984 bytes, new threshold 15 (max 15)
- age   1:     410336 bytes,     410336 total
 16145K->10881K(19504K), 0.0024711 secs]
10.545: [GC
Desired survivor size 425984 bytes, new threshold 2 (max 15)
- age   1:     346232 bytes,     346232 total
- age   2:     245016 bytes,     591248 total
 16018K->11060K(19504K), 0.0048318 secs]
10.555: [GC
Desired survivor size 425984 bytes, new threshold 1 (max 15)
- age   1:     556152 bytes,     556152 total
- age   2:     177800 bytes,     733952 total
 16232K->11437K(19504K), 0.0045935 secs]
10.564: [GC
Desired survivor size 425984 bytes, new threshold 15 (max 15)
- age   1:     310624 bytes,     310624 total
 16621K->11590K(19504K), 0.0017052 secs]
10.575: [GC
Desired survivor size 425984 bytes, new threshold 15 (max 15)
- age   1:     100056 bytes,     100056 total
- age   2:     310120 bytes,     410176 total
 16774K->11690K(19504K), 0.0010073 secs]
10.580: [GC
Desired survivor size 425984 bytes, new threshold 1 (max 15)
- age   1:     447648 bytes,     447648 total
- age   2:       5008 bytes,     452656 total
- age   3:     310120 bytes,     762776 total
 16874K->12032K(19504K), 0.0058618 secs]
10.591: [GC
Desired survivor size 425984 bytes, new threshold 15 (max 15)
- age   1:     356480 bytes,     356480 total
 17216K->11913K(19504K), 0.0010266 secs]
10.599: [GC
Desired survivor size 425984 bytes, new threshold 15 (max 15)
- age   1:     294576 bytes,     294576 total
- age   2:     122408 bytes,     416984 total
 17094K->11972K(19504K), 0.0019839 secs]
10.605: [GC
Desired survivor size 425984 bytes, new threshold 3 (max 15)
- age   1:     137992 bytes,     137992 total
- age   2:     271624 bytes,     409616 total
- age   3:     122408 bytes,     532024 total
 17156K->12084K(19504K), 0.0017888 secs]
10.611: [GC
Desired survivor size 425984 bytes, new threshold 3 (max 15)
- age   1:     370632 bytes,     370632 total
- age   2:      52040 bytes,     422672 total
- age   3:     271624 bytes,     694296 total
 17254K->12242K(19504K), 0.0016976 secs]
10.616: [GC
Desired survivor size 425984 bytes, new threshold 3 (max 15)
- age   1:      80408 bytes,      80408 total
- age   2:     310544 bytes,     390952 total
- age   3:      52040 bytes,     442992 total
 17424K->12268K(19504K), 0.0016452 secs]
10.624: [GC
Desired survivor size 425984 bytes, new threshold 15 (max 15)
- age   1:     172608 bytes,     172608 total
- age   2:      15008 bytes,     187616 total
- age   3:      50824 bytes,     238440 total
 17452K->12117K(19504K), 0.0011834 secs]
10.630: [GC
Desired survivor size 425984 bytes, new threshold 2 (max 15)
- age   1:     372408 bytes,     372408 total
- age   2:     133840 bytes,     506248 total
- age   3:      15008 bytes,     521256 total
- age   4:      50824 bytes,     572080 total
 17301K->12445K(19504K), 0.0008977 secs]
10.638: [GC
Desired survivor size 425984 bytes, new threshold 1 (max 15)
- age   1:     432248 bytes,     432248 total
- age   2:     245224 bytes,     677472 total
 17629K->12741K(19504K), 0.0012884 secs]
10.643: [GC
Desired survivor size 425984 bytes, new threshold 1 (max 15)
- age   1:     477856 bytes,     477856 total
 17893K->13092K(19504K), 0.0015146 secs]
10.650: [GC
Desired survivor size 425984 bytes, new threshold 15 (max 15)
- age   1:     275328 bytes,     275328 total
 18276K->13187K(19504K), 0.0009655 secs]
10.655: [GC
Desired survivor size 425984 bytes, new threshold 1 (max 15)
- age   1:     591256 bytes,     591256 total
- age   2:     191008 bytes,     782264 total
 18365K->13767K(19504K), 0.0029534 secs]
10.665: [GC
Desired survivor size 425984 bytes, new threshold 15 (max 15)
- age   1:     344144 bytes,     344144 total
 18951K->14052K(19888K), 0.0017608 secs]
10.667: [Full GC 14052K->8211K(19888K), 0.0687980 secs]
10.741: [GC
Desired survivor size 425984 bytes, new threshold 15 (max 15)
- age   1:     183504 bytes,     183504 total
 13587K->8394K(20080K), 0.0006545 secs]
10.746: [GC
Desired survivor size 425984 bytes, new threshold 15 (max 15)
- age   1:     159704 bytes,     159704 total
- age   2:     108024 bytes,     267728 total
 13742K->8474K(20080K), 0.0006292 secs]
10.753: [GC
Desired survivor size 425984 bytes, new threshold 1 (max 15)
- age   1:     467984 bytes,     467984 total
- age   3:     108024 bytes,     576008 total
 13841K->8777K(20080K), 0.0012543 secs]
10.758: [GC
Desired survivor size 425984 bytes, new threshold 15 (max 15)
- age   1:     141192 bytes,     141192 total
 14138K->8723K(20080K), 0.0008413 secs]
10.764: [GC
Desired survivor size 425984 bytes, new threshold 15 (max 15)
- age   1:     349280 bytes,     349280 total
- age   2:      25648 bytes,     374928 total
 14094K->8951K(20080K), 0.0007140 secs]
10.769: [GC
Desired survivor size 425984 bytes, new threshold 15 (max 15)
- age   1:      62088 bytes,      62088 total
- age   2:     298048 bytes,     360136 total
 14282K->8935K(20080K), 0.0012780 secs]
10.779: [GC
Desired survivor size 425984 bytes, new threshold 3 (max 15)
- age   1:     217448 bytes,     217448 total
- age   3:     298048 bytes,     515496 total
 14307K->9086K(20080K), 0.0016941 secs]
10.790: [GC
Desired survivor size 425984 bytes, new threshold 15 (max 15)
- age   1:     212416 bytes,     212416 total
- age   2:     192792 bytes,     405208 total
 14457K->9223K(20080K), 0.0041268 secs]
10.798: [GC
Desired survivor size 425984 bytes, new threshold 15 (max 15)
- age   1:     235376 bytes,     235376 total
- age   2:     110760 bytes,     346136 total
- age   3:      46368 bytes,     392504 total
 14579K->9211K(20080K), 0.0012908 secs]
10.805: [GC
Desired survivor size 425984 bytes, new threshold 15 (max 15)
- age   1:     112648 bytes,     112648 total
- age   2:      78496 bytes,     191144 total
- age   3:      16088 bytes,     207232 total
- age   4:      46368 bytes,     253600 total
 14547K->9082K(20080K), 0.0008125 secs]
10.811: [GC
Desired survivor size 425984 bytes, new threshold 15 (max 15)
- age   1:     111336 bytes,     111336 total
- age   2:      60264 bytes,     171600 total
- age   3:      78456 bytes,     250056 total
- age   4:      16088 bytes,     266144 total
- age   5:      46368 bytes,     312512 total
 14403K->9135K(20080K), 0.0011497 secs]
10.816: [GC
Desired survivor size 425984 bytes, new threshold 5 (max 15)
- age   1:     282608 bytes,     282608 total
- age   3:      60264 bytes,     342872 total
- age   4:      78456 bytes,     421328 total
- age   5:      16088 bytes,     437416 total
- age   6:      46368 bytes,     483784 total
 14506K->9303K(20080K), 0.0009947 secs]
10.827: [GC
Desired survivor size 425984 bytes, new threshold 2 (max 15)
- age   1:     240232 bytes,     240232 total
- age   2:     225320 bytes,     465552 total
- age   4:      60264 bytes,     525816 total
- age   5:      78456 bytes,     604272 total
 14679K->9480K(20080K), 0.0008869 secs]
10.832: [GC
Desired survivor size 425984 bytes, new threshold 15 (max 15)
- age   1:      60008 bytes,      60008 total
- age   2:     125680 bytes,     185688 total
 14817K->9368K(20080K), 0.0014264 secs]
10.848: [GC
Desired survivor size 425984 bytes, new threshold 1 (max 15)
- age   1:     667968 bytes,     667968 total
- age   3:     125680 bytes,     793648 total
 14744K->9964K(20080K), 0.0041984 secs]
10.867: [GC
Desired survivor size 425984 bytes, new threshold 15 (max 15)
- age   1:     157984 bytes,     157984 total
 15340K->10118K(20080K), 0.0023743 secs]
10.875: [GC
Desired survivor size 425984 bytes, new threshold 15 (max 15)
- age   1:     143576 bytes,     143576 total
- age   2:     140496 bytes,     284072 total
 15487K->10241K(20080K), 0.0013654 secs]
10.884: [GC
Desired survivor size 425984 bytes, new threshold 15 (max 15)
- age   1:      61464 bytes,      61464 total
- age   2:     118760 bytes,     180224 total
- age   3:     140496 bytes,     320720 total
 15568K->10280K(20080K), 0.0008027 secs]
10.892: [GC
Desired survivor size 425984 bytes, new threshold 2 (max 15)
- age   1:     405344 bytes,     405344 total
- age   2:      30768 bytes,     436112 total
- age   3:     118760 bytes,     554872 total
- age   4:     140456 bytes,     695328 total
 15656K->10644K(20080K), 0.0015707 secs]
10.902: [GC
Desired survivor size 425984 bytes, new threshold 2 (max 15)
- age   1:     415696 bytes,     415696 total
- age   2:     340840 bytes,     756536 total
 15992K->11137K(20080K), 0.0026494 secs]
10.912: [GC
Desired survivor size 425984 bytes, new threshold 2 (max 15)
- age   1:     407736 bytes,     407736 total
- age   2:     153312 bytes,     561048 total
 16481K->11278K(20080K), 0.0042961 secs]
10.923: [GC
Desired survivor size 425984 bytes, new threshold 15 (max 15)
- age   1:      83280 bytes,      83280 total
- age   2:     205264 bytes,     288544 total
 16654K->11068K(20080K), 0.0026711 secs]
10.930: [GC
Desired survivor size 425984 bytes, new threshold 15 (max 15)
- age   1:      69992 bytes,      69992 total
- age   2:      15824 bytes,      85816 total
- age   3:     205224 bytes,     291040 total
 16418K->11070K(20080K), 0.0019045 secs]
10.937: [GC
Desired survivor size 425984 bytes, new threshold 15 (max 15)
- age   1:      73128 bytes,      73128 total
- age   3:      15824 bytes,      88952 total
- age   4:     205224 bytes,     294176 total
 16376K->11073K(20080K), 0.0023150 secs]
10.945: [GC
Desired survivor size 425984 bytes, new threshold 1 (max 15)
- age   1:     707112 bytes,     707112 total
- age   4:      15824 bytes,     722936 total
- age   5:     124968 bytes,     847904 total
 16422K->12155K(20080K), 0.0036311 secs]
10.960: [GC
Desired survivor size 425984 bytes, new threshold 1 (max 15)
- age   1:     442264 bytes,     442264 total
 17529K->12446K(20080K), 0.0018656 secs]
10.967: [GC
Desired survivor size 425984 bytes, new threshold 15 (max 15)
- age   1:      97376 bytes,      97376 total
 17822K->12525K(20080K), 0.0027908 secs]
10.973: [GC
Desired survivor size 425984 bytes, new threshold 15 (max 15)
- age   1:      67544 bytes,      67544 total
- age   2:      66368 bytes,     133912 total
 17888K->12562K(20080K), 0.0038667 secs]
10.981: [GC
Desired survivor size 425984 bytes, new threshold 1 (max 15)
- age   1:     441568 bytes,     441568 total
- age   2:      53336 bytes,     494904 total
- age   3:      66368 bytes,     561272 total
 17926K->12985K(20080K), 0.0013668 secs]
10.987: [GC
Desired survivor size 425984 bytes, new threshold 15 (max 15)
- age   1:     124144 bytes,     124144 total
 18316K->12947K(20080K), 0.0019963 secs]
10.992: [GC
Desired survivor size 425984 bytes, new threshold 15 (max 15)
- age   1:     226000 bytes,     226000 total
- age   2:      76824 bytes,     302824 total
 18310K->13119K(20080K), 0.0049503 secs]
11.001: [GC
Desired survivor size 425984 bytes, new threshold 2 (max 15)
- age   1:     327000 bytes,     327000 total
- age   2:     124344 bytes,     451344 total
- age   3:      76824 bytes,     528168 total
 18493K->13336K(20080K), 0.0022565 secs]
11.008: [GC
Desired survivor size 425984 bytes, new threshold 2 (max 15)
- age   1:     203800 bytes,     203800 total
- age   2:     269520 bytes,     473320 total
 18689K->13323K(20080K), 0.0014576 secs]
11.014: [GC
Desired survivor size 425984 bytes, new threshold 15 (max 15)
- age   1:     202456 bytes,     202456 total
- age   2:     129248 bytes,     331704 total
 18689K->13373K(20080K), 0.0022153 secs]
11.020: [GC
Desired survivor size 425984 bytes, new threshold 15 (max 15)
- age   1:      98032 bytes,      98032 total
- age   2:     142128 bytes,     240160 total
- age   3:     129248 bytes,     369408 total
 18732K->13412K(20080K), 0.0018347 secs]
11.025: [GC
Desired survivor size 425984 bytes, new threshold 1 (max 15)
- age   1:     476800 bytes,     476800 total
- age   2:      49688 bytes,     526488 total
- age   3:     142128 bytes,     668616 total
- age   4:     129248 bytes,     797864 total
 18773K->13830K(20080K), 0.0020486 secs]
11.030: [GC
Desired survivor size 425984 bytes, new threshold 15 (max 15)
- age   1:     119240 bytes,     119240 total
 19195K->13820K(20080K), 0.0019376 secs]
11.036: [GC
Desired survivor size 425984 bytes, new threshold 15 (max 15)
- age   1:     154624 bytes,     154624 total
- age   2:      26168 bytes,     180792 total
 19180K->13881K(20080K), 0.0012507 secs]
11.040: [GC
Desired survivor size 425984 bytes, new threshold 15 (max 15)
- age   1:     116808 bytes,     116808 total
- age   2:     154624 bytes,     271432 total
 19246K->13969K(20080K), 0.0013375 secs]
11.045: [GC
Desired survivor size 425984 bytes, new threshold 1 (max 15)
- age   1:     475560 bytes,     475560 total
- age   2:      56720 bytes,     532280 total
- age   3:      85704 bytes,     617984 total
 19334K->14309K(20080K), 0.0011703 secs]
11.051: [GC
Desired survivor size 425984 bytes, new threshold 1 (max 15)
- age   1:     544376 bytes,     544376 total
 19658K->14684K(20464K), 0.0015880 secs]
11.053: [Full GC 14684K->8637K(20464K), 0.0720131 secs]
11.129: [GC
Desired survivor size 458752 bytes, new threshold 15 (max 15)
- age   1:     394304 bytes,     394304 total
 14141K->9024K(20656K), 0.0009647 secs]
11.134: [GC
Desired survivor size 458752 bytes, new threshold 2 (max 15)
- age   1:     219008 bytes,     219008 total
- age   2:     337400 bytes,     556408 total
 14513K->9182K(20656K), 0.0011033 secs]
11.139: [GC
Desired survivor size 458752 bytes, new threshold 2 (max 15)
- age   1:     309656 bytes,     309656 total
- age   2:     161152 bytes,     470808 total
 14639K->9442K(20656K), 0.0011029 secs]
11.147: [GC
Desired survivor size 458752 bytes, new threshold 1 (max 15)
- age   1:     511960 bytes,     511960 total
- age   2:      98728 bytes,     610688 total
 14946K->9613K(20656K), 0.0015421 secs]
11.153: [GC
Desired survivor size 458752 bytes, new threshold 15 (max 15)
- age   1:     250896 bytes,     250896 total
 15090K->9536K(20656K), 0.0013904 secs]
11.159: [GC
Desired survivor size 458752 bytes, new threshold 1 (max 15)
- age   1:     470424 bytes,     470424 total
- age   2:      87496 bytes,     557920 total
 15040K->9834K(20656K), 0.0010081 secs]
11.163: [GC
Desired survivor size 458752 bytes, new threshold 15 (max 15)
- age   1:     197912 bytes,     197912 total
 15332K->9618K(20656K), 0.0007588 secs]
11.169: [GC
Desired survivor size 458752 bytes, new threshold 15 (max 15)
- age   1:     373480 bytes,     373480 total
- age   2:      31888 bytes,     405368 total
 15080K->9818K(20656K), 0.0007859 secs]
11.174: [GC
Desired survivor size 458752 bytes, new threshold 15 (max 15)
- age   1:      89312 bytes,      89312 total
- age   2:     204384 bytes,     293696 total
- age   3:      31888 bytes,     325584 total
 15322K->9741K(20656K), 0.0007828 secs]
11.179: [GC
Desired survivor size 458752 bytes, new threshold 15 (max 15)
- age   1:     168760 bytes,     168760 total
- age   2:       3160 bytes,     171920 total
- age   3:      91240 bytes,     263160 total
- age   4:      31888 bytes,     295048 total
 15204K->9712K(20656K), 0.0007845 secs]
11.192: [GC
Desired survivor size 458752 bytes, new threshold 4 (max 15)
- age   1:     451240 bytes,     451240 total
- age   2:       1440 bytes,     452680 total
- age   3:       3160 bytes,     455840 total
- age   4:      91128 bytes,     546968 total
- age   5:      31888 bytes,     578856 total
 15193K->9993K(20656K), 0.0010629 secs]
11.197: [GC
Desired survivor size 458752 bytes, new threshold 15 (max 15)
- age   1:     148128 bytes,     148128 total
- age   2:     197824 bytes,     345952 total
- age   3:       1440 bytes,     347392 total
- age   4:       3160 bytes,     350552 total
 15487K->9897K(20656K), 0.0014463 secs]
11.202: [GC
Desired survivor size 458752 bytes, new threshold 3 (max 15)
- age   1:     251968 bytes,     251968 total
- age   2:      81608 bytes,     333576 total
- age   3:     164600 bytes,     498176 total
- age   4:       1440 bytes,     499616 total
- age   5:       3160 bytes,     502776 total
 15387K->10039K(20656K), 0.0009976 secs]
11.206: [GC
Desired survivor size 458752 bytes, new threshold 3 (max 15)
- age   1:     439000 bytes,     439000 total
- age   2:      11112 bytes,     450112 total
- age   3:      81608 bytes,     531720 total
 15541K->10238K(20656K), 0.0012037 secs]
11.214: [GC
Desired survivor size 458752 bytes, new threshold 15 (max 15)
- age   1:      91832 bytes,      91832 total
- age   2:     237176 bytes,     329008 total
- age   3:      11112 bytes,     340120 total
 15720K->10126K(20656K), 0.0012858 secs]
11.220: [GC
Desired survivor size 458752 bytes, new threshold 15 (max 15)
- age   1:      93408 bytes,      93408 total
- age   2:      50144 bytes,     143552 total
- age   3:     237176 bytes,     380728 total
- age   4:      11112 bytes,     391840 total
 15617K->10178K(20656K), 0.0009468 secs]
11.225: [GC
Desired survivor size 458752 bytes, new threshold 15 (max 15)
- age   1:      55432 bytes,      55432 total
- age   2:       2000 bytes,      57432 total
- age   3:      50144 bytes,     107576 total
- age   4:     237176 bytes,     344752 total
- age   5:      11112 bytes,     355864 total
 15659K->10142K(20656K), 0.0010933 secs]
11.230: [GC
Desired survivor size 458752 bytes, new threshold 5 (max 15)
- age   1:     189000 bytes,     189000 total
- age   2:       2520 bytes,     191520 total
- age   3:       2000 bytes,     193520 total
- age   4:      50032 bytes,     243552 total
- age   5:     237176 bytes,     480728 total
- age   6:      11112 bytes,     491840 total
 15636K->10276K(20656K), 0.0008698 secs]
11.235: [GC
Desired survivor size 458752 bytes, new threshold 15 (max 15)
- age   1:     338136 bytes,     338136 total
- age   2:      29832 bytes,     367968 total
- age   3:       2520 bytes,     370488 total
- age   4:       2000 bytes,     372488 total
- age   5:      50032 bytes,     422520 total
 15727K->10451K(20656K), 0.0016134 secs]
11.241: [GC
Desired survivor size 458752 bytes, new threshold 1 (max 15)
- age   1:     545808 bytes,     545808 total
- age   2:     169056 bytes,     714864 total
- age   3:      29832 bytes,     744696 total
- age   4:       2520 bytes,     747216 total
- age   5:       2000 bytes,     749216 total
- age   6:      50032 bytes,     799248 total
 15929K->10820K(20656K), 0.0021832 secs]
11.247: [GC
Desired survivor size 458752 bytes, new threshold 15 (max 15)
- age   1:     312528 bytes,     312528 total
 16296K->10605K(20656K), 0.0022014 secs]
11.253: [GC
Desired survivor size 458752 bytes, new threshold 2 (max 15)
- age   1:     324792 bytes,     324792 total
- age   2:     172728 bytes,     497520 total
 16047K->10784K(20656K), 0.0009680 secs]
11.257: [GC
Desired survivor size 458752 bytes, new threshold 15 (max 15)
- age   1:     308728 bytes,     308728 total
- age   2:     111832 bytes,     420560 total
 16265K->10875K(20656K), 0.0018568 secs]
11.263: [GC
Desired survivor size 458752 bytes, new threshold 15 (max 15)
- age   1:     106504 bytes,     106504 total
- age   2:     102816 bytes,     209320 total
- age   3:     111832 bytes,     321152 total
 16371K->10778K(20656K), 0.0014320 secs]
11.268: [GC
Desired survivor size 458752 bytes, new threshold 15 (max 15)
- age   1:      48136 bytes,      48136 total
- age   2:      65832 bytes,     113968 total
- age   3:     102816 bytes,     216784 total
- age   4:     111832 bytes,     328616 total
 16260K->10785K(20656K), 0.0017092 secs]
11.274: [GC
Desired survivor size 458752 bytes, new threshold 1 (max 15)
- age   1:     702248 bytes,     702248 total
- age   2:       3928 bytes,     706176 total
- age   4:      30080 bytes,     736256 total
 16288K->11183K(20656K), 0.0013127 secs]
11.279: [GC
Desired survivor size 458752 bytes, new threshold 15 (max 15)
- age   1:     267088 bytes,     267088 total
 16660K->11098K(20656K), 0.0044373 secs]
11.288: [GC
Desired survivor size 458752 bytes, new threshold 1 (max 15)
- age   1:     601512 bytes,     601512 total
- age   2:     173400 bytes,     774912 total
 16573K->11594K(20656K), 0.0015206 secs]
11.297: [GC
Desired survivor size 458752 bytes, new threshold 15 (max 15)
- age   1:     125408 bytes,     125408 total
 17050K->11633K(20656K), 0.0050671 secs]
11.309: [GC
Desired survivor size 458752 bytes, new threshold 15 (max 15)
- age   1:     226616 bytes,     226616 total
- age   2:      67376 bytes,     293992 total
 17137K->11796K(20656K), 0.0009061 secs]
11.315: [GC
Desired survivor size 458752 bytes, new threshold 1 (max 15)
- age   1:     468072 bytes,     468072 total
- age   2:     186080 bytes,     654152 total
- age   3:      67376 bytes,     721528 total
 17288K->12214K(20656K), 0.0012367 secs]
11.319: [GC
Desired survivor size 458752 bytes, new threshold 1 (max 15)
- age   1:     633472 bytes,     633472 total
 17695K->12729K(20656K), 0.0015630 secs]
11.324: [GC
Desired survivor size 458752 bytes, new threshold 15 (max 15)
- age   1:     374760 bytes,     374760 total
 18233K->12966K(20656K), 0.0012848 secs]
11.330: [GC
Desired survivor size 458752 bytes, new threshold 1 (max 15)
- age   1:     576560 bytes,     576560 total
- age   2:     338848 bytes,     915408 total
 18470K->13528K(20656K), 0.0015341 secs]
11.338: [GC
Desired survivor size 458752 bytes, new threshold 15 (max 15)
- age   1:     285584 bytes,     285584 total
 19025K->13558K(20656K), 0.0011323 secs]
11.344: [GC
Desired survivor size 458752 bytes, new threshold 1 (max 15)
- age   1:     644304 bytes,     644304 total
- age   2:      32136 bytes,     676440 total
 19062K->13941K(20656K), 0.0018194 secs]
11.349: [GC
Desired survivor size 458752 bytes, new threshold 1 (max 15)
- age   1:     495152 bytes,     495152 total
 19403K->14176K(20656K), 0.0017509 secs]
11.355: [GC
Desired survivor size 458752 bytes, new threshold 1 (max 15)
- age   1:     570688 bytes,     570688 total
 19650K->14655K(20656K), 0.0017430 secs]
11.360: [GC
Desired survivor size 458752 bytes, new threshold 15 (max 15)
- age   1:     289184 bytes,     289184 total
 20159K->14597K(20848K), 0.0012891 secs]
11.361: [Full GC 14597K->8672K(20848K), 0.0765813 secs]
11.443: [GC
Desired survivor size 458752 bytes, new threshold 1 (max 15)
- age   1:     558280 bytes,     558280 total
 14224K->9219K(20912K), 0.0008744 secs]
11.449: [GC
Desired survivor size 458752 bytes, new threshold 15 (max 15)
- age   1:     181360 bytes,     181360 total
 14781K->9105K(20912K), 0.0008529 secs]
11.453: [GC
Desired survivor size 458752 bytes, new threshold 15 (max 15)
- age   1:     196336 bytes,     196336 total
 14659K->9120K(20912K), 0.0013277 secs]
11.457: [GC
Desired survivor size 458752 bytes, new threshold 15 (max 15)
- age   1:     213208 bytes,     213208 total
- age   2:     150616 bytes,     363824 total
 14677K->9281K(20912K), 0.0018572 secs]
11.462: [GC
Desired survivor size 458752 bytes, new threshold 15 (max 15)
- age   1:     139608 bytes,     139608 total
- age   2:      97040 bytes,     236648 total
- age   3:     150616 bytes,     387264 total
 14835K->9304K(20912K), 0.0010684 secs]
11.466: [GC
Desired survivor size 458752 bytes, new threshold 15 (max 15)
- age   1:     137664 bytes,     137664 total
- age   2:      34712 bytes,     172376 total
- age   3:      79640 bytes,     252016 total
- age   4:     150616 bytes,     402632 total
 14867K->9321K(20912K), 0.0008227 secs]
11.470: [GC
Desired survivor size 458752 bytes, new threshold 15 (max 15)
- age   1:     173184 bytes,     173184 total
- age   2:      47624 bytes,     220808 total
- age   4:      62232 bytes,     283040 total
- age   5:     150616 bytes,     433656 total
 14880K->9351K(20912K), 0.0011395 secs]
11.478: [GC
Desired survivor size 458752 bytes, new threshold 6 (max 15)
- age   1:     262968 bytes,     262968 total
- age   2:      17408 bytes,     280376 total
- age   3:      47624 bytes,     328000 total
- age   5:      62232 bytes,     390232 total
- age   6:     150616 bytes,     540848 total
 14917K->9456K(20912K), 0.0010765 secs]
11.483: [GC
Desired survivor size 458752 bytes, new threshold 15 (max 15)
- age   1:     290808 bytes,     290808 total
- age   4:      30208 bytes,     321016 total
- age   6:      62232 bytes,     383248 total
 15020K->9449K(20912K), 0.0014426 secs]
11.489: [GC
Desired survivor size 458752 bytes, new threshold 15 (max 15)
- age   1:     264936 bytes,     264936 total
- age   2:      70280 bytes,     335216 total
- age   5:      30208 bytes,     365424 total
- age   7:      62232 bytes,     427656 total
 15016K->9492K(20912K), 0.0011314 secs]
11.494: [GC
Desired survivor size 458752 bytes, new threshold 1 (max 15)
- age   1:     488104 bytes,     488104 total
- age   2:     226704 bytes,     714808 total
- age   3:      70280 bytes,     785088 total
- age   6:      30208 bytes,     815296 total
- age   8:      62232 bytes,     877528 total
 15047K->9932K(20912K), 0.0016376 secs]
11.501: [GC
Desired survivor size 458752 bytes, new threshold 1 (max 15)
- age   1:     553488 bytes,     553488 total
 15452K->10398K(20912K), 0.0019518 secs]
11.508: [GC
Desired survivor size 458752 bytes, new threshold 15 (max 15)
- age   1:     336120 bytes,     336120 total
 15938K->10407K(20912K), 0.0008771 secs]
11.512: [GC
Desired survivor size 458752 bytes, new threshold 2 (max 15)
- age   1:     430656 bytes,     430656 total
- age   2:     181920 bytes,     612576 total
 15946K->10674K(20912K), 0.0011799 secs]
11.517: [GC
Desired survivor size 458752 bytes, new threshold 2 (max 15)
- age   1:     442592 bytes,     442592 total
- age   2:     274104 bytes,     716696 total
 16195K->10955K(20912K), 0.0015430 secs]
11.522: [GC
Desired survivor size 458752 bytes, new threshold 2 (max 15)
- age   1:     396384 bytes,     396384 total
- age   2:     283368 bytes,     679752 total
 16468K->11185K(20912K), 0.0017228 secs]
11.528: [GC
Desired survivor size 458752 bytes, new threshold 1 (max 15)
- age   1:     585128 bytes,     585128 total
- age   2:     234728 bytes,     819856 total
 16730K->11600K(20912K), 0.0014097 secs]
11.534: [GC
Desired survivor size 458752 bytes, new threshold 15 (max 15)
- age   1:     349672 bytes,     349672 total
 17123K->11773K(20912K), 0.0012832 secs]
11.539: [GC
Desired survivor size 458752 bytes, new threshold 15 (max 15)
- age   1:     138760 bytes,     138760 total
- age   2:     144200 bytes,     282960 total
 17328K->11708K(20912K), 0.0008279 secs]
11.543: [GC
Desired survivor size 458752 bytes, new threshold 3 (max 15)
- age   1:     227520 bytes,     227520 total
- age   2:     111304 bytes,     338824 total
- age   3:     144200 bytes,     483024 total
 17246K->11903K(20912K), 0.0010761 secs]
11.548: [GC
Desired survivor size 458752 bytes, new threshold 2 (max 15)
- age   1:     301952 bytes,     301952 total
- age   2:     166024 bytes,     467976 total
 17439K->12027K(20912K), 0.0011385 secs]
11.552: [GC
Desired survivor size 458752 bytes, new threshold 1 (max 15)
- age   1:     728520 bytes,     728520 total
 17544K->12446K(20912K), 0.0012455 secs]
11.558: [GC
Desired survivor size 458752 bytes, new threshold 15 (max 15)
- age   1:     346696 bytes,     346696 total
 17991K->12670K(20912K), 0.0015194 secs]
11.563: [GC
Desired survivor size 458752 bytes, new threshold 15 (max 15)
- age   1:     167096 bytes,     167096 total
- age   2:     260240 bytes,     427336 total
 18234K->12749K(20912K), 0.0008871 secs]
11.569: [GC
Desired survivor size 458752 bytes, new threshold 1 (max 15)
- age   1:     549648 bytes,     549648 total
- age   2:      91632 bytes,     641280 total
- age   3:     260240 bytes,     901520 total
 18303K->13297K(20912K), 0.0013917 secs]
11.574: [GC
Desired survivor size 458752 bytes, new threshold 15 (max 15)
- age   1:     348368 bytes,     348368 total
 18852K->13424K(20912K), 0.0014553 secs]
11.580: [GC
Desired survivor size 458752 bytes, new threshold 15 (max 15)
- age   1:     175192 bytes,     175192 total
- age   2:     231272 bytes,     406464 total
 18985K->13480K(20912K), 0.0009230 secs]
11.584: [GC
Desired survivor size 458752 bytes, new threshold 15 (max 15)
- age   1:     190944 bytes,     190944 total
- age   2:      21728 bytes,     212672 total
- age   3:     231240 bytes,     443912 total
 19032K->13515K(20912K), 0.0012095 secs]
11.588: [GC
Desired survivor size 458752 bytes, new threshold 4 (max 15)
- age   1:      78216 bytes,      78216 total
- age   2:     169544 bytes,     247760 total
- age   3:       7336 bytes,     255096 total
- age   4:     231240 bytes,     486336 total
 19077K->13556K(20912K), 0.0010907 secs]
11.595: [GC
Desired survivor size 458752 bytes, new threshold 15 (max 15)
- age   1:     184680 bytes,     184680 total
- age   3:     169544 bytes,     354224 total
- age   4:       7336 bytes,     361560 total
 19121K->13568K(20912K), 0.0008902 secs]
11.599: [GC
Desired survivor size 458752 bytes, new threshold 15 (max 15)
- age   1:     138440 bytes,     138440 total
- age   2:      50152 bytes,     188592 total
- age   4:     169544 bytes,     358136 total
- age   5:       7336 bytes,     365472 total
 19127K->13572K(20912K), 0.0018197 secs]
11.605: [GC
Desired survivor size 458752 bytes, new threshold 1 (max 15)
- age   1:     519088 bytes,     519088 total
- age   2:      23824 bytes,     542912 total
- age   3:      50152 bytes,     593064 total
- age   5:     169544 bytes,     762608 total
- age   6:       7336 bytes,     769944 total
 19136K->13962K(20912K), 0.0011389 secs]
11.610: [GC
Desired survivor size 458752 bytes, new threshold 1 (max 15)
- age   1:     675952 bytes,     675952 total
 19512K->14251K(20912K), 0.0012971 secs]
11.617: [GC
Desired survivor size 458752 bytes, new threshold 1 (max 15)
- age   1:     610824 bytes,     610824 total
 19807K->14723K(20912K), 0.0012544 secs]
11.622: [GC
Desired survivor size 458752 bytes, new threshold 1 (max 15)
- age   1:     691176 bytes,     691176 total
 20248K->15287K(21104K), 0.0016410 secs]
11.624: [Full GC 15287K->9507K(21104K), 0.0700993 secs]
11.698: [GC
Desired survivor size 491520 bytes, new threshold 1 (max 15)
- age   1:     716824 bytes,     716824 total
 15617K->10210K(22952K), 0.0020720 secs]
11.704: [GC
Desired survivor size 491520 bytes, new threshold 1 (max 15)
- age   1:     729888 bytes,     729888 total
 16264K->10618K(22952K), 0.0018048 secs]
11.711: [GC
Desired survivor size 491520 bytes, new threshold 15 (max 15)
- age   1:     377704 bytes,     377704 total
 16757K->10508K(22952K), 0.0009861 secs]
11.716: [GC
Desired survivor size 491520 bytes, new threshold 15 (max 15)
- age   1:     365760 bytes,     365760 total
- age   2:     110352 bytes,     476112 total
 16642K->10604K(22952K), 0.0008795 secs]
11.720: [GC
Desired survivor size 491520 bytes, new threshold 2 (max 15)
- age   1:     270024 bytes,     270024 total
- age   2:     254664 bytes,     524688 total
- age   3:     110352 bytes,     635040 total
 16727K->10759K(22952K), 0.0013365 secs]
11.726: [GC
Desired survivor size 491520 bytes, new threshold 2 (max 15)
- age   1:     346648 bytes,     346648 total
- age   2:     191552 bytes,     538200 total
 16887K->11027K(22952K), 0.0013177 secs]
11.732: [GC
Desired survivor size 491520 bytes, new threshold 1 (max 15)
- age   1:     739152 bytes,     739152 total
- age   2:     222304 bytes,     961456 total
 17132K->11629K(22952K), 0.0016359 secs]
11.739: [GC
Desired survivor size 491520 bytes, new threshold 1 (max 15)
- age   1:     509864 bytes,     509864 total
 17746K->11655K(22952K), 0.0013145 secs]
11.744: [GC
Desired survivor size 491520 bytes, new threshold 15 (max 15)
- age   1:     331288 bytes,     331288 total
 17757K->11839K(22952K), 0.0011403 secs]
11.751: [GC
Desired survivor size 491520 bytes, new threshold 15 (max 15)
- age   1:     267072 bytes,     267072 total
- age   2:     137376 bytes,     404448 total
 17926K->11912K(22952K), 0.0007566 secs]
11.757: [GC
Desired survivor size 491520 bytes, new threshold 1 (max 15)
- age   1:     514768 bytes,     514768 total
- age   2:     160920 bytes,     675688 total
 18014K->12177K(22952K), 0.0013523 secs]
11.762: [GC
Desired survivor size 491520 bytes, new threshold 15 (max 15)
- age   1:     385872 bytes,     385872 total
 18259K->12129K(22952K), 0.0009971 secs]
11.770: [GC
Desired survivor size 491520 bytes, new threshold 1 (max 15)
- age   1:     504344 bytes,     504344 total
- age   2:     282192 bytes,     786536 total
 18268K->12520K(22952K), 0.0011853 secs]
11.775: [GC
Desired survivor size 491520 bytes, new threshold 15 (max 15)
- age   1:     188056 bytes,     188056 total
 18646K->12531K(22952K), 0.0011363 secs]
11.781: [GC
Desired survivor size 491520 bytes, new threshold 15 (max 15)
- age   1:     295072 bytes,     295072 total
- age   2:     187944 bytes,     483016 total
 18649K->12821K(22952K), 0.0007809 secs]
11.785: [GC
Desired survivor size 491520 bytes, new threshold 2 (max 15)
- age   1:     376712 bytes,     376712 total
- age   2:     295072 bytes,     671784 total
- age   3:      57360 bytes,     729144 total
 18913K->13061K(22952K), 0.0011283 secs]
11.790: [GC
Desired survivor size 491520 bytes, new threshold 2 (max 15)
- age   1:     466416 bytes,     466416 total
- age   2:     286032 bytes,     752448 total
 19195K->13428K(22952K), 0.0014852 secs]
11.796: [GC
Desired survivor size 491520 bytes, new threshold 1 (max 15)
- age   1:     630544 bytes,     630544 total
- age   2:     160496 bytes,     791040 total
 19547K->13753K(22952K), 0.0014838 secs]
11.801: [GC
Desired survivor size 491520 bytes, new threshold 15 (max 15)
- age   1:     375832 bytes,     375832 total
 19868K->13723K(22952K), 0.0020106 secs]
11.808: [GC
Desired survivor size 491520 bytes, new threshold 1 (max 15)
- age   1:     711744 bytes,     711744 total
- age   2:     252976 bytes,     964720 total
 19818K->14298K(22952K), 0.0012236 secs]
11.814: [GC
Desired survivor size 491520 bytes, new threshold 1 (max 15)
- age   1:     562432 bytes,     562432 total
 20429K->14655K(22952K), 0.0037308 secs]
11.823: [GC
Desired survivor size 491520 bytes, new threshold 15 (max 15)
- age   1:     178416 bytes,     178416 total
 20799K->14817K(22952K), 0.0018917 secs]
11.830: [GC
Desired survivor size 491520 bytes, new threshold 15 (max 15)
- age   1:     270280 bytes,     270280 total
- age   2:      51536 bytes,     321816 total
 20959K->14955K(22952K), 0.0011587 secs]
11.835: [GC
Desired survivor size 491520 bytes, new threshold 15 (max 15)
- age   1:     108808 bytes,     108808 total
- age   2:     117224 bytes,     226032 total
- age   3:      51536 bytes,     277568 total
 21086K->14912K(22952K), 0.0008469 secs]
11.839: [GC
Desired survivor size 491520 bytes, new threshold 15 (max 15)
- age   1:     128632 bytes,     128632 total
- age   2:      61000 bytes,     189632 total
- age   3:     117224 bytes,     306856 total
- age   4:      51536 bytes,     358392 total
 21016K->14991K(22952K), 0.0009314 secs]
11.844: [GC
Desired survivor size 491520 bytes, new threshold 4 (max 15)
- age   1:     378608 bytes,     378608 total
- age   2:      23456 bytes,     402064 total
- age   3:      61000 bytes,     463064 total
- age   4:     117224 bytes,     580288 total
- age   5:      51536 bytes,     631824 total
 21120K->15258K(22952K), 0.0010644 secs]
11.849: [GC
Desired survivor size 491520 bytes, new threshold 15 (max 15)
- age   1:     253944 bytes,     253944 total
- age   2:     165360 bytes,     419304 total
- age   3:      23456 bytes,     442760 total
 21385K->15236K(22952K), 0.0011827 secs]
11.855: [GC
Desired survivor size 491520 bytes, new threshold 3 (max 15)
- age   1:     160712 bytes,     160712 total
- age   2:     191888 bytes,     352600 total
- age   3:     165360 bytes,     517960 total
- age   4:      23456 bytes,     541416 total
 21380K->15331K(22952K), 0.0010605 secs]
11.860: [GC
Desired survivor size 491520 bytes, new threshold 15 (max 15)
- age   1:     144688 bytes,     144688 total
- age   2:      92304 bytes,     236992 total
- age   3:     191888 bytes,     428880 total
 21472K->15405K(22952K), 0.0016935 secs]
11.866: [GC
Desired survivor size 491520 bytes, new threshold 4 (max 15)
- age   1:     184592 bytes,     184592 total
- age   2:     122904 bytes,     307496 total
- age   3:      92304 bytes,     399800 total
- age   4:     191888 bytes,     591688 total
 21533K->15564K(22952K), 0.0011052 secs]
11.872: [GC
Desired survivor size 491520 bytes, new threshold 3 (max 15)
- age   1:     312600 bytes,     312600 total
- age   2:      82280 bytes,     394880 total
- age   3:     122904 bytes,     517784 total
- age   4:      92304 bytes,     610088 total
 21698K->15776K(22952K), 0.0017884 secs]
11.878: [GC
Desired survivor size 491520 bytes, new threshold 1 (max 15)
- age   1:     646920 bytes,     646920 total
- age   2:      67840 bytes,     714760 total
- age   3:      82280 bytes,     797040 total
 21874K->16177K(22952K), 0.0016586 secs]
11.883: [GC
Desired survivor size 491520 bytes, new threshold 15 (max 15)
- age   1:     324856 bytes,     324856 total
 22306K->16165K(22952K), 0.0017653 secs]
11.885: [Full GC 16165K->9848K(22952K), 0.0749884 secs]
11.964: [GC
Desired survivor size 524288 bytes, new threshold 1 (max 15)
- age   1:     706016 bytes,     706016 total
 16158K->10542K(23776K), 0.0011160 secs]
11.970: [GC
Desired survivor size 524288 bytes, new threshold 1 (max 15)
- age   1:     786416 bytes,     786416 total
 16858K->11011K(23776K), 0.0014229 secs]
11.975: [GC
Desired survivor size 524288 bytes, new threshold 15 (max 15)
- age   1:     471680 bytes,     471680 total
 17297K->11110K(23776K), 0.0017219 secs]
11.981: [GC
Desired survivor size 524288 bytes, new threshold 2 (max 15)
- age   1:     514264 bytes,     514264 total
- age   2:     390400 bytes,     904664 total
 17394K->11533K(23776K), 0.0019353 secs]
11.987: [GC
Desired survivor size 524288 bytes, new threshold 1 (max 15)
- age   1:     933464 bytes,     933464 total
- age   2:      67184 bytes,    1000648 total
 17857K->12010K(23776K), 0.0020610 secs]
11.993: [GC
Desired survivor size 524288 bytes, new threshold 15 (max 15)
- age   1:     172176 bytes,     172176 total
 18327K->11900K(23776K), 0.0012882 secs]
11.999: [GC
Desired survivor size 524288 bytes, new threshold 15 (max 15)
- age   1:     459872 bytes,     459872 total
- age   2:      59432 bytes,     519304 total
 18234K->12239K(23776K), 0.0009478 secs]
12.004: [GC
Desired survivor size 524288 bytes, new threshold 2 (max 15)
- age   1:     370800 bytes,     370800 total
- age   2:     324352 bytes,     695152 total
- age   3:      59432 bytes,     754584 total
 18522K->12469K(23776K), 0.0013304 secs]
12.010: [GC
Desired survivor size 524288 bytes, new threshold 2 (max 15)
- age   1:     509352 bytes,     509352 total
- age   2:     203096 bytes,     712448 total
 18792K->12648K(23776K), 0.0013794 secs]
12.016: [GC
Desired survivor size 524288 bytes, new threshold 15 (max 15)
- age   1:     288184 bytes,     288184 total
 18893K->12430K(23776K), 0.0008884 secs]
12.021: [GC
Desired survivor size 524288 bytes, new threshold 1 (max 15)
- age   1:     803952 bytes,     803952 total
 18653K->12936K(23776K), 0.0011437 secs]
12.030: [GC
Desired survivor size 524288 bytes, new threshold 1 (max 15)
- age   1:     567808 bytes,     567808 total
 19265K->12990K(23776K), 0.0012987 secs]
12.035: [GC
Desired survivor size 524288 bytes, new threshold 15 (max 15)
- age   1:     290168 bytes,     290168 total
 19292K->12845K(23776K), 0.0026277 secs]
12.045: [GC
Desired survivor size 524288 bytes, new threshold 15 (max 15)
- age   1:     391480 bytes,     391480 total
 19069K->12944K(23776K), 0.0008325 secs]
12.051: [GC
Desired survivor size 524288 bytes, new threshold 15 (max 15)
- age   1:     150632 bytes,     150632 total
- age   2:     254240 bytes,     404872 total
 19184K->12956K(23776K), 0.0008383 secs]
12.056: [GC
Desired survivor size 524288 bytes, new threshold 15 (max 15)
- age   1:     179056 bytes,     179056 total
- age   2:       7832 bytes,     186888 total
- age   3:     254240 bytes,     441128 total
 19286K->12993K(23776K), 0.0009277 secs]
12.062: [GC
Desired survivor size 524288 bytes, new threshold 4 (max 15)
- age   1:     242584 bytes,     242584 total
- age   2:     147272 bytes,     389856 total
- age   3:       7832 bytes,     397688 total
- age   4:     253536 bytes,     651224 total
 19322K->13204K(23776K), 0.0011347 secs]
12.068: [GC
Desired survivor size 524288 bytes, new threshold 15 (max 15)
- age   1:      66624 bytes,      66624 total
- age   2:     192568 bytes,     259192 total
- age   3:     147272 bytes,     406464 total
- age   4:       7832 bytes,     414296 total
 19540K->13222K(23776K), 0.0011985 secs]
12.074: [GC
Desired survivor size 524288 bytes, new threshold 15 (max 15)
- age   1:     170360 bytes,     170360 total
- age   2:       4328 bytes,     174688 total
- age   3:      97432 bytes,     272120 total
- age   4:     147272 bytes,     419392 total
- age   5:       7832 bytes,     427224 total
 19521K->13240K(23776K), 0.0010853 secs]
12.079: [GC
Desired survivor size 524288 bytes, new threshold 15 (max 15)
- age   1:      69376 bytes,      69376 total
- age   2:      66488 bytes,     135864 total
- age   3:       3240 bytes,     139104 total
- age   4:      97320 bytes,     236424 total
- age   5:     147272 bytes,     383696 total
- age   6:       7832 bytes,     391528 total
 19567K->13201K(23776K), 0.0008825 secs]
12.084: [GC
Desired survivor size 524288 bytes, new threshold 5 (max 15)
- age   1:     345744 bytes,     345744 total
- age   2:      14200 bytes,     359944 total
- age   3:      66488 bytes,     426432 total
- age   4:       3240 bytes,     429672 total
- age   5:      97320 bytes,     526992 total
- age   6:     147272 bytes,     674264 total
- age   7:       7832 bytes,     682096 total
 19492K->13496K(23776K), 0.0013997 secs]
12.090: [GC
Desired survivor size 524288 bytes, new threshold 2 (max 15)
- age   1:     420416 bytes,     420416 total
- age   2:     228744 bytes,     649160 total
- age   3:      14200 bytes,     663360 total
- age   4:      66488 bytes,     729848 total
- age   5:       3240 bytes,     733088 total
 19738K->13796K(23776K), 0.0020454 secs]
12.096: [GC
Desired survivor size 524288 bytes, new threshold 1 (max 15)
- age   1:     785456 bytes,     785456 total
- age   2:     118592 bytes,     904048 total
 20102K->14221K(23776K), 0.0019707 secs]
12.103: [GC
Desired survivor size 524288 bytes, new threshold 15 (max 15)
- age   1:     139968 bytes,     139968 total
 20517K->14032K(23776K), 0.0011864 secs]
12.108: [GC
Desired survivor size 524288 bytes, new threshold 15 (max 15)
- age   1:     279512 bytes,     279512 total
- age   2:      65384 bytes,     344896 total
 20348K->14232K(23776K), 0.0009664 secs]
12.113: [GC
Desired survivor size 524288 bytes, new threshold 15 (max 15)
- age   1:     343208 bytes,     343208 total
- age   2:      80200 bytes,     423408 total
- age   3:      65384 bytes,     488792 total
 20552K->14371K(23776K), 0.0014197 secs]
12.118: [GC
Desired survivor size 524288 bytes, new threshold 2 (max 15)
- age   1:     465856 bytes,     465856 total
- age   2:     195840 bytes,     661696 total
- age   3:      80200 bytes,     741896 total
- age   4:      65384 bytes,     807280 total
 20666K->14684K(23776K), 0.0017967 secs]
12.125: [GC
Desired survivor size 524288 bytes, new threshold 1 (max 15)
- age   1:     874016 bytes,     874016 total
- age   2:     154544 bytes,    1028560 total
 20971K->15402K(23776K), 0.0016840 secs]
12.132: [GC
Desired survivor size 524288 bytes, new threshold 15 (max 15)
- age   1:     205536 bytes,     205536 total
 21698K->15099K(23776K), 0.0011127 secs]
12.140: [GC
Desired survivor size 524288 bytes, new threshold 15 (max 15)
- age   1:     377760 bytes,     377760 total
 21330K->15266K(23776K), 0.0008881 secs]
12.146: [GC
Desired survivor size 524288 bytes, new threshold 15 (max 15)
- age   1:     153880 bytes,     153880 total
- age   2:     174848 bytes,     328728 total
 21590K->15218K(23776K), 0.0010140 secs]
12.151: [GC
Desired survivor size 524288 bytes, new threshold 15 (max 15)
- age   1:     331304 bytes,     331304 total
- age   2:      24800 bytes,     356104 total
- age   3:     110312 bytes,     466416 total
 21500K->15352K(23776K), 0.0010721 secs]
12.156: [GC
Desired survivor size 524288 bytes, new threshold 2 (max 15)
- age   1:     329680 bytes,     329680 total
- age   2:     197648 bytes,     527328 total
- age   4:     110312 bytes,     637640 total
 21684K->15520K(23776K), 0.0010806 secs]
12.162: [GC
Desired survivor size 524288 bytes, new threshold 15 (max 15)
- age   1:     195200 bytes,     195200 total
- age   2:      68104 bytes,     263304 total
 21856K->15450K(23776K), 0.0010208 secs]
12.169: [GC
Desired survivor size 524288 bytes, new threshold 15 (max 15)
- age   1:     199832 bytes,     199832 total
- age   2:     128872 bytes,     328704 total
- age   3:      68104 bytes,     396808 total
 21765K->15581K(23776K), 0.0010026 secs]
12.174: [GC
Desired survivor size 524288 bytes, new threshold 15 (max 15)
- age   1:     110880 bytes,     110880 total
- age   2:     115192 bytes,     226072 total
- age   3:     128760 bytes,     354832 total
- age   4:      68104 bytes,     422936 total
 21906K->15607K(23776K), 0.0009293 secs]
12.181: [GC
Desired survivor size 524288 bytes, new threshold 15 (max 15)
- age   1:     141992 bytes,     141992 total
- age   2:      96472 bytes,     238464 total
- age   3:      41936 bytes,     280400 total
- age   4:     128760 bytes,     409160 total
- age   5:      68104 bytes,     477264 total
 21899K->15666K(23776K), 0.0008667 secs]
12.186: [GC
Desired survivor size 524288 bytes, new threshold 5 (max 15)
- age   1:     382712 bytes,     382712 total
- age   3:      96472 bytes,     479184 total
- age   4:      41936 bytes,     521120 total
- age   5:     128760 bytes,     649880 total
- age   6:      68104 bytes,     717984 total
 21996K->15898K(23776K), 0.0011904 secs]
12.191: [GC
Desired survivor size 524288 bytes, new threshold 2 (max 15)
- age   1:     462376 bytes,     462376 total
- age   2:     338464 bytes,     800840 total
- age   4:      96472 bytes,     897312 total
- age   5:      41936 bytes,     939248 total
 22185K->16313K(23776K), 0.0015702 secs]
12.197: [GC
Desired survivor size 524288 bytes, new threshold 2 (max 15)
- age   1:     336912 bytes,     336912 total
- age   2:     345072 bytes,     681984 total
 22626K->16252K(23776K), 0.0018871 secs]
12.203: [GC
Desired survivor size 524288 bytes, new threshold 15 (max 15)
- age   1:     195376 bytes,     195376 total
- age   2:     151208 bytes,     346584 total
 22531K->16264K(23776K), 0.0011957 secs]
12.208: [GC
Desired survivor size 524288 bytes, new threshold 3 (max 15)
- age   1:     313064 bytes,     313064 total
- age   2:      81160 bytes,     394224 total
- age   3:     151208 bytes,     545432 total
 22572K->16458K(23776K), 0.0010677 secs]
12.213: [GC
Desired survivor size 524288 bytes, new threshold 15 (max 15)
- age   1:     239808 bytes,     239808 total
- age   2:     265432 bytes,     505240 total
 22779K->16564K(23776K), 0.0018248 secs]
12.219: [GC
Desired survivor size 524288 bytes, new threshold 3 (max 15)
- age   1:     365424 bytes,     365424 total
- age   2:      84488 bytes,     449912 total
- age   3:     265432 bytes,     715344 total
 22863K->16771K(23776K), 0.0013039 secs]
12.224: [GC
Desired survivor size 524288 bytes, new threshold 1 (max 15)
- age   1:     650280 bytes,     650280 total
- age   2:     224104 bytes,     874384 total
- age   3:      84488 bytes,     958872 total
 23076K->17268K(23776K), 0.0015995 secs]
12.231: [GC
Desired survivor size 524288 bytes, new threshold 15 (max 15)
- age   1:     176776 bytes,     176776 total
 23581K->17252K(24544K), 0.0022598 secs]
12.234: [Full GC 17252K->9831K(24544K), 0.0704992 secs]
12.310: [GC
Desired survivor size 524288 bytes, new threshold 1 (max 15)
- age   1:     689536 bytes,     689536 total
 16153K->10508K(23776K), 0.0010990 secs]
12.316: [GC
Desired survivor size 524288 bytes, new threshold 1 (max 15)
- age   1:     768504 bytes,     768504 total
 16844K->10915K(23776K), 0.0036178 secs]
12.323: [GC
Desired survivor size 524288 bytes, new threshold 15 (max 15)
- age   1:     412504 bytes,     412504 total
 17218K->11253K(23776K), 0.0013989 secs]
12.329: [GC
Desired survivor size 524288 bytes, new threshold 1 (max 15)
- age   1:     704168 bytes,     704168 total
- age   2:     204400 bytes,     908568 total
 17549K->11737K(23776K), 0.0011899 secs]
12.334: [GC
Desired survivor size 524288 bytes, new threshold 15 (max 15)
- age   1:     217008 bytes,     217008 total
 18064K->11780K(23776K), 0.0013894 secs]
12.339: [GC
Desired survivor size 524288 bytes, new threshold 1 (max 15)
- age   1:     638600 bytes,     638600 total
- age   2:     186984 bytes,     825584 total
 18105K->12374K(23776K), 0.0014560 secs]
12.345: [GC
Desired survivor size 524288 bytes, new threshold 15 (max 15)
- age   1:     424616 bytes,     424616 total
 18668K->12450K(23776K), 0.0022179 secs]
12.351: [GC
Desired survivor size 524288 bytes, new threshold 1 (max 15)
- age   1:     658208 bytes,     658208 total
- age   2:     313672 bytes,     971880 total
 18740K->12985K(23776K), 0.0020940 secs]
12.357: [GC
Desired survivor size 524288 bytes, new threshold 1 (max 15)
- age   1:     555680 bytes,     555680 total
 19301K->13406K(23776K), 0.0025337 secs]
12.364: [GC
Desired survivor size 524288 bytes, new threshold 15 (max 15)
- age   1:     405912 bytes,     405912 total
 19714K->13714K(23776K), 0.0015267 secs]
12.369: [GC
Desired survivor size 524288 bytes, new threshold 1 (max 15)
- age   1:     651256 bytes,     651256 total
- age   2:     373696 bytes,    1024952 total
 20001K->14374K(23776K), 0.0016292 secs]
12.376: [GC
Desired survivor size 524288 bytes, new threshold 15 (max 15)
- age   1:     471800 bytes,     471800 total
 20656K->14702K(23776K), 0.0018363 secs]
12.382: [GC
Desired survivor size 524288 bytes, new threshold 2 (max 15)
- age   1:     276384 bytes,     276384 total
- age   2:     357584 bytes,     633968 total
 20963K->14862K(23776K), 0.0010928 secs]
12.387: [GC
Desired survivor size 524288 bytes, new threshold 15 (max 15)
- age   1:     308352 bytes,     308352 total
- age   2:     116584 bytes,     424936 total
 21184K->15007K(23776K), 0.0011562 secs]
12.392: [GC
Desired survivor size 524288 bytes, new threshold 1 (max 15)
- age   1:     537600 bytes,     537600 total
- age   2:     169744 bytes,     707344 total
- age   3:     116584 bytes,     823928 total
 21310K->15397K(23776K), 0.0013006 secs]
12.398: [GC
Desired survivor size 524288 bytes, new threshold 15 (max 15)
- age   1:     285384 bytes,     285384 total
 21726K->15561K(23776K), 0.0013400 secs]
12.404: [GC
Desired survivor size 524288 bytes, new threshold 2 (max 15)
- age   1:     501136 bytes,     501136 total
- age   2:      48896 bytes,     550032 total
 21893K->15819K(23776K), 0.0009694 secs]
12.408: [GC
Desired survivor size 524288 bytes, new threshold 2 (max 15)
- age   1:     285568 bytes,     285568 total
- age   2:     439080 bytes,     724648 total
 22139K->16038K(23776K), 0.0017276 secs]
12.414: [GC
Desired survivor size 524288 bytes, new threshold 2 (max 15)
- age   1:     424280 bytes,     424280 total
- age   2:     191112 bytes,     615392 total
 22348K->16376K(23776K), 0.0015124 secs]
12.420: [GC
Desired survivor size 524288 bytes, new threshold 1 (max 15)
- age   1:     764440 bytes,     764440 total
- age   2:     253032 bytes,    1017472 total
 22682K->17209K(23776K), 0.0018710 secs]
12.426: [GC
Desired survivor size 524288 bytes, new threshold 1 (max 15)
- age   1:     537768 bytes,     537768 total
 23522K->17525K(24544K), 0.0019702 secs]
12.429: [Full GC 17525K->9156K(24544K), 0.0720080 secs]
12.505: [GC
Desired survivor size 524288 bytes, new threshold 15 (max 15)
- age   1:     307288 bytes,     307288 total
 15457K->9460K(23776K), 0.0008040 secs]
12.510: [GC
Desired survivor size 524288 bytes, new threshold 15 (max 15)
- age   1:     230328 bytes,     230328 total
- age   2:     220792 bytes,     451120 total
 15742K->9600K(23776K), 0.0008638 secs]
12.516: [GC
Desired survivor size 524288 bytes, new threshold 1 (max 15)
- age   1:     532936 bytes,     532936 total
- age   2:     230240 bytes,     763176 total
- age   3:     220792 bytes,     983968 total
 15863K->10186K(23776K), 0.0013951 secs]
12.522: [GC
Desired survivor size 524288 bytes, new threshold 15 (max 15)
- age   1:     294640 bytes,     294640 total
 16436K->10271K(23776K), 0.0018686 secs]
12.528: [GC
Desired survivor size 524288 bytes, new threshold 1 (max 15)
- age   1:     905432 bytes,     905432 total
- age   2:      78760 bytes,     984192 total
 16538K->11453K(23776K), 0.0017718 secs]
12.535: [GC
Desired survivor size 524288 bytes, new threshold 15 (max 15)
- age   1:     229152 bytes,     229152 total
 17745K->11094K(23776K), 0.0009011 secs]
12.540: [GC
Desired survivor size 524288 bytes, new threshold 1 (max 15)
- age   1:     886072 bytes,     886072 total
- age   2:      71704 bytes,     957776 total
 17381K->11807K(23776K), 0.0012548 secs]
12.545: [GC
Desired survivor size 524288 bytes, new threshold 1 (max 15)
- age   1:     740336 bytes,     740336 total
 18111K->11975K(23776K), 0.0020886 secs]
12.551: [GC
Desired survivor size 524288 bytes, new threshold 15 (max 15)
- age   1:     454192 bytes,     454192 total
 18277K->12053K(23776K), 0.0015778 secs]
12.557: [GC
Desired survivor size 524288 bytes, new threshold 2 (max 15)
- age   1:     428184 bytes,     428184 total
- age   2:     205688 bytes,     633872 total
 18372K->12228K(23776K), 0.0010391 secs]
12.563: [GC
Desired survivor size 524288 bytes, new threshold 1 (max 15)
- age   1:     582792 bytes,     582792 total
- age   2:     233896 bytes,     816688 total
 18558K->12607K(23776K), 0.0012912 secs]
12.569: [GC
Desired survivor size 524288 bytes, new threshold 15 (max 15)
- age   1:     479296 bytes,     479296 total
 18934K->12689K(23776K), 0.0012802 secs]
12.574: [GC
Desired survivor size 524288 bytes, new threshold 1 (max 15)
- age   1:     565072 bytes,     565072 total
- age   2:     207688 bytes,     772760 total
 18968K->12975K(23776K), 0.0011676 secs]
12.580: [GC
Desired survivor size 524288 bytes, new threshold 15 (max 15)
- age   1:     212736 bytes,     212736 total
 19269K->12848K(23776K), 0.0010232 secs]
12.585: [GC
Desired survivor size 524288 bytes, new threshold 1 (max 15)
- age   1:     954696 bytes,     954696 total
- age   2:      71408 bytes,    1026104 total
 19162K->13712K(23776K), 0.0013256 secs]
12.590: [GC
Desired survivor size 524288 bytes, new threshold 15 (max 15)
- age   1:     472208 bytes,     472208 total
 20018K->13639K(23776K), 0.0013492 secs]
12.596: [GC
Desired survivor size 524288 bytes, new threshold 1 (max 15)
- age   1:     676848 bytes,     676848 total
- age   2:     251168 bytes,     928016 total
 19921K->14084K(23776K), 0.0029137 secs]
12.604: [GC
Desired survivor size 524288 bytes, new threshold 15 (max 15)
- age   1:     301856 bytes,     301856 total
 20331K->13953K(23776K), 0.0011821 secs]
12.609: [GC
Desired survivor size 524288 bytes, new threshold 2 (max 15)
- age   1:     468440 bytes,     468440 total
- age   2:     156552 bytes,     624992 total
 20226K->14269K(23776K), 0.0011513 secs]
12.613: [GC
Desired survivor size 524288 bytes, new threshold 15 (max 15)
- age   1:     180056 bytes,     180056 total
- age   2:     230552 bytes,     410608 total
 20576K->14220K(23776K), 0.0011684 secs]
12.618: [GC
Desired survivor size 524288 bytes, new threshold 3 (max 15)
- age   1:     216368 bytes,     216368 total
- age   2:     140488 bytes,     356856 total
- age   3:     230552 bytes,     587408 total
 20543K->14393K(23776K), 0.0010308 secs]
12.624: [GC
Desired survivor size 524288 bytes, new threshold 3 (max 15)
- age   1:     298280 bytes,     298280 total
- age   2:     174352 bytes,     472632 total
- age   3:     140488 bytes,     613120 total
 20691K->14643K(23776K), 0.0013527 secs]
12.629: [GC
Desired survivor size 524288 bytes, new threshold 1 (max 15)
- age   1:     582952 bytes,     582952 total
- age   2:     105912 bytes,     688864 total
- age   3:     174352 bytes,     863216 total
 20931K->15024K(23776K), 0.0018509 secs]
12.636: [GC
Desired survivor size 524288 bytes, new threshold 1 (max 15)
- age   1:     584816 bytes,     584816 total
 21348K->15408K(23776K), 0.0014090 secs]
12.643: [GC
Desired survivor size 524288 bytes, new threshold 15 (max 15)
- age   1:     231104 bytes,     231104 total
 21738K->15216K(23776K), 0.0009467 secs]
12.648: [GC
Desired survivor size 524288 bytes, new threshold 15 (max 15)
- age   1:     456736 bytes,     456736 total
 21518K->15438K(23776K), 0.0007832 secs]
12.655: [GC
Desired survivor size 524288 bytes, new threshold 2 (max 15)
- age   1:     421096 bytes,     421096 total
- age   2:     209648 bytes,     630744 total
 21734K->15608K(23776K), 0.0010945 secs]
12.659: [GC
Desired survivor size 524288 bytes, new threshold 15 (max 15)
- age   1:     339344 bytes,     339344 total
- age   2:      83976 bytes,     423320 total
 21882K->15610K(23776K), 0.0011642 secs]
12.664: [GC
Desired survivor size 524288 bytes, new threshold 2 (max 15)
- age   1:     356944 bytes,     356944 total
- age   2:     254696 bytes,     611640 total
- age   3:      83976 bytes,     695616 total
 21910K->15876K(23776K), 0.0014532 secs]
12.669: [GC
Desired survivor size 524288 bytes, new threshold 2 (max 15)
- age   1:     396480 bytes,     396480 total
- age   2:     304512 bytes,     700992 total
 22158K->16212K(23776K), 0.0014766 secs]
12.674: [GC
Desired survivor size 524288 bytes, new threshold 2 (max 15)
- age   1:     498392 bytes,     498392 total
- age   2:     287960 bytes,     786352 total
 22494K->16593K(23776K), 0.0013855 secs]
12.680: [GC
Desired survivor size 524288 bytes, new threshold 2 (max 15)
- age   1:     395112 bytes,     395112 total
- age   2:     264504 bytes,     659616 total
 22915K->16758K(23776K), 0.0013787 secs]
12.685: [GC
Desired survivor size 524288 bytes, new threshold 2 (max 15)
- age   1:     209928 bytes,     209928 total
- age   2:     340960 bytes,     550888 total
 23093K->16910K(23776K), 0.0013039 secs]
12.690: [GC
Desired survivor size 524288 bytes, new threshold 1 (max 15)
- age   1:     827376 bytes,     827376 total
- age   2:     159008 bytes,     986384 total
 23232K->17668K(24160K), 0.0015069 secs]
12.692: [Full GC 17668K->9577K(24160K), 0.0712630 secs]
12.768: [GC
Desired survivor size 524288 bytes, new threshold 15 (max 15)
- age   1:     371752 bytes,     371752 total
 15884K->9943K(23776K), 0.0011595 secs]
12.773: [GC
Desired survivor size 524288 bytes, new threshold 1 (max 15)
- age   1:     573168 bytes,     573168 total
- age   2:     289288 bytes,     862456 total
 16249K->10422K(23776K), 0.0012277 secs]
12.780: [GC
Desired survivor size 524288 bytes, new threshold 15 (max 15)
- age   1:     439600 bytes,     439600 total
 16743K->10620K(23776K), 0.0016106 secs]
12.786: [GC
Desired survivor size 524288 bytes, new threshold 1 (max 15)
- age   1:     573112 bytes,     573112 total
- age   2:     300048 bytes,     873160 total
 16939K->11046K(23776K), 0.0011699 secs]
12.791: [GC
Desired survivor size 524288 bytes, new threshold 15 (max 15)
- age   1:     516640 bytes,     516640 total
 17335K->11130K(23776K), 0.0015795 secs]
12.796: [GC
Desired survivor size 524288 bytes, new threshold 1 (max 15)
- age   1:     806456 bytes,     806456 total
 17405K->11411K(23776K), 0.0018666 secs]
12.802: [GC
Desired survivor size 524288 bytes, new threshold 1 (max 15)
- age   1:     557112 bytes,     557112 total
 17722K->11884K(23776K), 0.0014760 secs]
12.807: [GC
Desired survivor size 524288 bytes, new threshold 15 (max 15)
- age   1:     485552 bytes,     485552 total
 18153K->11814K(23776K), 0.0008362 secs]
12.812: [GC
Desired survivor size 524288 bytes, new threshold 1 (max 15)
- age   1:     725672 bytes,     725672 total
- age   2:     251976 bytes,     977648 total
 18113K->12297K(23776K), 0.0012716 secs]
12.819: [GC
Desired survivor size 524288 bytes, new threshold 1 (max 15)
- age   1:     690352 bytes,     690352 total
 18616K->12719K(23776K), 0.0016496 secs]
12.827: [GC
Desired survivor size 524288 bytes, new threshold 1 (max 15)
- age   1:     540032 bytes,     540032 total
 19025K->13195K(23776K), 0.0014538 secs]
12.832: [GC
Desired survivor size 524288 bytes, new threshold 1 (max 15)
- age   1:     584160 bytes,     584160 total
 19526K->13548K(23776K), 0.0012533 secs]
12.837: [GC
Desired survivor size 524288 bytes, new threshold 15 (max 15)
- age   1:     296056 bytes,     296056 total
 19840K->13555K(23776K), 0.0011239 secs]
12.844: [GC
Desired survivor size 524288 bytes, new threshold 1 (max 15)
- age   1:     850272 bytes,     850272 total
- age   2:     111832 bytes,     962104 total
 19879K->14207K(23776K), 0.0010254 secs]
12.851: [GC
Desired survivor size 524288 bytes, new threshold 15 (max 15)
- age   1:     415728 bytes,     415728 total
 20446K->14289K(23776K), 0.0013133 secs]
12.856: [GC
Desired survivor size 524288 bytes, new threshold 15 (max 15)
- age   1:     213328 bytes,     213328 total
 20605K->14092K(23776K), 0.0007046 secs]
12.860: [GC
Desired survivor size 524288 bytes, new threshold 1 (max 15)
- age   1:     923944 bytes,     923944 total
- age   2:      79704 bytes,    1003648 total
 20341K->14930K(23776K), 0.0016319 secs]
12.866: [GC
Desired survivor size 524288 bytes, new threshold 15 (max 15)
- age   1:     379720 bytes,     379720 total
 21205K->14908K(23776K), 0.0012736 secs]
12.874: [GC
Desired survivor size 524288 bytes, new threshold 2 (max 15)
- age   1:     381584 bytes,     381584 total
- age   2:     206864 bytes,     588448 total
 21178K->15113K(23776K), 0.0016281 secs]
12.880: [GC
Desired survivor size 524288 bytes, new threshold 15 (max 15)
- age   1:     335272 bytes,     335272 total
- age   2:     167464 bytes,     502736 total
 21391K->15231K(23776K), 0.0017631 secs]
12.887: [GC
Desired survivor size 524288 bytes, new threshold 2 (max 15)
- age   1:     293840 bytes,     293840 total
- age   2:     241584 bytes,     535424 total
- age   3:     166760 bytes,     702184 total
 21535K->15425K(23776K), 0.0011467 secs]
12.893: [GC
Desired survivor size 524288 bytes, new threshold 15 (max 15)
- age   1:     230752 bytes,     230752 total
- age   2:     223288 bytes,     454040 total
 21761K->15589K(23776K), 0.0013742 secs]
12.901: [GC
Desired survivor size 524288 bytes, new threshold 1 (max 15)
- age   1:     697392 bytes,     697392 total
- age   2:     154328 bytes,     851720 total
- age   3:     172056 bytes,    1023776 total
 21924K->16771K(23776K), 0.0017321 secs]
12.907: [GC
Desired survivor size 524288 bytes, new threshold 15 (max 15)
- age   1:     385008 bytes,     385008 total
 23094K->16510K(23776K), 0.0013651 secs]
12.912: [GC
Desired survivor size 524288 bytes, new threshold 2 (max 15)
- age   1:     230192 bytes,     230192 total
- age   2:     325776 bytes,     555968 total
 22830K->16672K(23776K), 0.0011760 secs]
12.918: [GC
Desired survivor size 524288 bytes, new threshold 2 (max 15)
- age   1:     360128 bytes,     360128 total
- age   2:     172496 bytes,     532624 total
 22985K->16967K(23968K), 0.0011872 secs]
12.919: [Full GC 16967K->9895K(23968K), 0.0734317 secs]
12.998: [GC
Desired survivor size 524288 bytes, new threshold 15 (max 15)
- age   1:     471944 bytes,     471944 total
 16269K->10358K(24032K), 0.0016154 secs]
13.003: [GC
Desired survivor size 524288 bytes, new threshold 2 (max 15)
- age   1:     364832 bytes,     364832 total
- age   2:     293840 bytes,     658672 total
 16742K->10542K(24032K), 0.0011247 secs]
13.012: [GC
Desired survivor size 524288 bytes, new threshold 2 (max 15)
- age   1:     433840 bytes,     433840 total
- age   2:     193520 bytes,     627360 total
 16936K->10805K(24032K), 0.0013436 secs]
13.017: [GC
Desired survivor size 524288 bytes, new threshold 1 (max 15)
- age   1:     623824 bytes,     623824 total
- age   2:     313752 bytes,     937576 total
 17156K->11305K(24032K), 0.0014810 secs]
13.023: [GC
Desired survivor size 524288 bytes, new threshold 1 (max 15)
- age   1:     692992 bytes,     692992 total
 17672K->11616K(24032K), 0.0017286 secs]
13.029: [GC
Desired survivor size 524288 bytes, new threshold 15 (max 15)
- age   1:     512952 bytes,     512952 total
 17918K->11867K(24032K), 0.0016438 secs]
13.035: [GC
Desired survivor size 524288 bytes, new threshold 1 (max 15)
- age   1:     680512 bytes,     680512 total
- age   2:     170504 bytes,     851016 total
 18241K->12199K(24032K), 0.0015727 secs]
13.041: [GC
Desired survivor size 524288 bytes, new threshold 1 (max 15)
- age   1:     751440 bytes,     751440 total
 18546K->12517K(24032K), 0.0015646 secs]
13.051: [GC
Desired survivor size 524288 bytes, new threshold 15 (max 15)
- age   1:     513960 bytes,     513960 total
 18768K->12698K(24032K), 0.0012111 secs]
13.059: [GC
Desired survivor size 524288 bytes, new threshold 15 (max 15)
- age   1:     340912 bytes,     340912 total
- age   2:     181936 bytes,     522848 total
 19048K->12707K(24032K), 0.0012168 secs]
13.064: [GC
Desired survivor size 524288 bytes, new threshold 1 (max 15)
- age   1:     615312 bytes,     615312 total
- age   2:     172888 bytes,     788200 total
- age   3:     181232 bytes,     969432 total
 19098K->13307K(24032K), 0.0015476 secs]
13.070: [GC
Desired survivor size 524288 bytes, new threshold 1 (max 15)
- age   1:    1000056 bytes,    1000056 total
 19680K->14114K(24032K), 0.0021237 secs]
13.079: [GC
Desired survivor size 524288 bytes, new threshold 1 (max 15)
- age   1:     965504 bytes,     965504 total
 20492K->15175K(24032K), 0.0021813 secs]
13.089: [GC
Desired survivor size 524288 bytes, new threshold 15 (max 15)
- age   1:     237424 bytes,     237424 total
 21553K->15291K(24032K), 0.0015527 secs]
13.095: [GC
Desired survivor size 524288 bytes, new threshold 2 (max 15)
- age   1:     432392 bytes,     432392 total
- age   2:     176672 bytes,     609064 total
 21653K->15654K(24032K), 0.0008804 secs]
13.100: [GC
Desired survivor size 524288 bytes, new threshold 1 (max 15)
- age   1:     817136 bytes,     817136 total
- age   2:     189960 bytes,    1007096 total
 22024K->16302K(24032K), 0.0016528 secs]
13.107: [GC
Desired survivor size 524288 bytes, new threshold 15 (max 15)
- age   1:     255968 bytes,     255968 total
 22643K->16311K(24032K), 0.0014785 secs]
13.113: [GC
Desired survivor size 524288 bytes, new threshold 2 (max 15)
- age   1:     505872 bytes,     505872 total
- age   2:     171864 bytes,     677736 total
 22685K->16722K(24032K), 0.0013497 secs]
13.120: [GC
Desired survivor size 524288 bytes, new threshold 2 (max 15)
- age   1:     486272 bytes,     486272 total
- age   2:     337816 bytes,     824088 total
 23074K->17039K(24032K), 0.0013192 secs]
13.127: [GC
Desired survivor size 524288 bytes, new threshold 15 (max 15)
- age   1:     143800 bytes,     143800 total
- age   2:     291776 bytes,     435576 total
 23401K->16988K(24032K), 0.0010687 secs]
13.134: [GC
Desired survivor size 524288 bytes, new threshold 1 (max 15)
- age   1:     709856 bytes,     709856 total
- age   2:       8784 bytes,     718640 total
- age   3:     291776 bytes,    1010416 total
 23328K->17551K(24032K), 0.0013792 secs]
13.140: [GC
Desired survivor size 524288 bytes, new threshold 15 (max 15)
- age   1:     312960 bytes,     312960 total
 23909K->17800K(24992K), 0.0021607 secs]
13.143: [Full GC 17800K->9476K(24992K), 0.0701803 secs]
13.218: [GC
Desired survivor size 524288 bytes, new threshold 1 (max 15)
- age   1:     867760 bytes,     867760 total
 15857K->10327K(24032K), 0.0011964 secs]
13.224: [GC
Desired survivor size 524288 bytes, new threshold 15 (max 15)
- age   1:     203200 bytes,     203200 total
 16727K->10318K(24032K), 0.0012374 secs]
13.229: [GC
Desired survivor size 524288 bytes, new threshold 15 (max 15)
- age   1:     287952 bytes,     287952 total
- age   2:     203160 bytes,     491112 total
 16675K->10600K(24032K), 0.0009389 secs]
13.235: [GC
Desired survivor size 524288 bytes, new threshold 3 (max 15)
- age   1:     165040 bytes,     165040 total
- age   2:     210400 bytes,     375440 total
- age   3:     203160 bytes,     578600 total
 16928K->10688K(24032K), 0.0011692 secs]
13.240: [GC
Desired survivor size 524288 bytes, new threshold 15 (max 15)
- age   1:      97448 bytes,      97448 total
- age   2:       5784 bytes,     103232 total
- age   3:     210400 bytes,     313632 total
 17082K->10632K(24032K), 0.0014761 secs]
13.248: [GC
Desired survivor size 524288 bytes, new threshold 15 (max 15)
- age   1:     180392 bytes,     180392 total
- age   2:      83224 bytes,     263616 total
- age   3:       5784 bytes,     269400 total
- age   4:     210400 bytes,     479800 total
 17026K->10790K(24032K), 0.0009487 secs]
13.253: [GC
Desired survivor size 524288 bytes, new threshold 5 (max 15)
- age   1:     329424 bytes,     329424 total
- age   2:      71568 bytes,     400992 total
- age   3:      83224 bytes,     484216 total
- age   4:       3640 bytes,     487856 total
- age   5:     210360 bytes,     698216 total
 17190K->11005K(24032K), 0.0012179 secs]
13.259: [GC
Desired survivor size 524288 bytes, new threshold 1 (max 15)
- age   1:     688688 bytes,     688688 total
- age   2:     250424 bytes,     939112 total
- age   3:      71568 bytes,    1010680 total
- age   4:       2072 bytes,    1012752 total
- age   5:       3800 bytes,    1016552 total
 17334K->11752K(24032K), 0.0018069 secs]
13.265: [GC
Desired survivor size 524288 bytes, new threshold 15 (max 15)
- age   1:     175568 bytes,     175568 total
 18147K->11768K(24032K), 0.0022595 secs]
13.272: [GC
Desired survivor size 524288 bytes, new threshold 15 (max 15)
- age   1:     346976 bytes,     346976 total
- age   2:     161960 bytes,     508936 total
 18168K->12081K(24032K), 0.0009849 secs]
13.278: [GC
Desired survivor size 524288 bytes, new threshold 2 (max 15)
- age   1:     442320 bytes,     442320 total
- age   2:     168952 bytes,     611272 total
- age   3:     161872 bytes,     773144 total
 18417K->12339K(24032K), 0.0011218 secs]
13.283: [GC
Desired survivor size 524288 bytes, new threshold 1 (max 15)
- age   1:     727792 bytes,     727792 total
- age   2:     188248 bytes,     916040 total
 18731K->12804K(24032K), 0.0015964 secs]
13.290: [GC
Desired survivor size 524288 bytes, new threshold 15 (max 15)
- age   1:     317136 bytes,     317136 total
 19201K->12898K(24032K), 0.0013397 secs]
13.296: [GC
Desired survivor size 524288 bytes, new threshold 15 (max 15)
- age   1:     198976 bytes,     198976 total
- age   2:     292096 bytes,     491072 total
 19221K->13066K(24032K), 0.0010725 secs]
13.301: [GC
Desired survivor size 524288 bytes, new threshold 3 (max 15)
- age   1:     267064 bytes,     267064 total
- age   3:     292096 bytes,     559160 total
 19463K->13134K(24032K), 0.0018573 secs]
13.309: [GC
Desired survivor size 524288 bytes, new threshold 1 (max 15)
- age   1:     548992 bytes,     548992 total
- age   2:      94128 bytes,     643120 total
 19514K->13517K(24032K), 0.0013380 secs]
13.316: [GC
Desired survivor size 524288 bytes, new threshold 1 (max 15)
- age   1:     936568 bytes,     936568 total
 19913K->14030K(24032K), 0.0015725 secs]
13.323: [GC
Desired survivor size 524288 bytes, new threshold 1 (max 15)
- age   1:     711552 bytes,     711552 total
 20372K->14394K(24032K), 0.0014419 secs]
13.328: [GC
Desired survivor size 524288 bytes, new threshold 15 (max 15)
- age   1:     275616 bytes,     275616 total
 20791K->14417K(24032K), 0.0011545 secs]
13.336: [GC
Desired survivor size 524288 bytes, new threshold 1 (max 15)
- age   1:     783848 bytes,     783848 total
- age   2:     190472 bytes,     974320 total
 20765K->15098K(24032K), 0.0011725 secs]
13.342: [GC
Desired survivor size 524288 bytes, new threshold 1 (max 15)
- age   1:     834832 bytes,     834832 total
 21486K->15742K(24032K), 0.0018465 secs]
13.349: [GC
Desired survivor size 524288 bytes, new threshold 15 (max 15)
- age   1:     350008 bytes,     350008 total
 22102K->15917K(24032K), 0.0015046 secs]
13.358: [GC
Desired survivor size 524288 bytes, new threshold 2 (max 15)
- age   1:     352904 bytes,     352904 total
- age   2:     263488 bytes,     616392 total
 22317K->16175K(24032K), 0.0017516 secs]
13.369: [GC
Desired survivor size 524288 bytes, new threshold 2 (max 15)
- age   1:     443800 bytes,     443800 total
- age   2:     329032 bytes,     772832 total
 22575K->16505K(24032K), 0.0012534 secs]
13.379: [GC
Desired survivor size 524288 bytes, new threshold 2 (max 15)
- age   1:     112680 bytes,     112680 total
- age   2:     442376 bytes,     555056 total
 22905K->16615K(24032K), 0.0012751 secs]
13.386: [GC
Desired survivor size 524288 bytes, new threshold 2 (max 15)
- age   1:     504248 bytes,     504248 total
- age   2:      40528 bytes,     544776 total
 23015K->16739K(24032K), 0.0010404 secs]
13.391: [GC
Desired survivor size 524288 bytes, new threshold 2 (max 15)
- age   1:     228616 bytes,     228616 total
- age   2:     324248 bytes,     552864 total
 23121K->16791K(24032K), 0.0012033 secs]
13.397: [GC
Desired survivor size 524288 bytes, new threshold 15 (max 15)
- age   1:     210552 bytes,     210552 total
- age   2:      94176 bytes,     304728 total
 23146K->16864K(24032K), 0.0014620 secs]
13.405: [GC
Desired survivor size 524288 bytes, new threshold 1 (max 15)
- age   1:     765504 bytes,     765504 total
- age   2:     136776 bytes,     902280 total
- age   3:      94176 bytes,     996456 total
 23264K->17615K(24224K), 0.0019353 secs]
13.407: [Full GC 17615K->8804K(24224K), 0.0709695 secs]
13.484: [GC
Desired survivor size 524288 bytes, new threshold 15 (max 15)
- age   1:     199696 bytes,     199696 total
 15204K->9001K(24032K), 0.0006979 secs]
13.490: [GC
Desired survivor size 524288 bytes, new threshold 1 (max 15)
- age   1:     576112 bytes,     576112 total
- age   2:       4848 bytes,     580960 total
 15397K->9374K(24032K), 0.0009408 secs]
13.496: [GC
Desired survivor size 524288 bytes, new threshold 15 (max 15)
- age   1:     253984 bytes,     253984 total
 15763K->9294K(24032K), 0.0009750 secs]
13.502: [GC
Desired survivor size 524288 bytes, new threshold 15 (max 15)
- age   1:     424112 bytes,     424112 total
 15685K->9461K(24032K), 0.0008415 secs]
13.506: [GC
Desired survivor size 524288 bytes, new threshold 15 (max 15)
- age   1:     302888 bytes,     302888 total
- age   2:      52312 bytes,     355200 total
 15855K->9394K(24032K), 0.0007455 secs]
13.511: [GC
Desired survivor size 524288 bytes, new threshold 15 (max 15)
- age   1:     398352 bytes,     398352 total
- age   2:      62056 bytes,     460408 total
- age   3:      52312 bytes,     512720 total
 15723K->9548K(24032K), 0.0012245 secs]
13.516: [GC
Desired survivor size 524288 bytes, new threshold 2 (max 15)
- age   1:     478328 bytes,     478328 total
- age   2:     234952 bytes,     713280 total
- age   3:      62056 bytes,     775336 total
- age   4:      52312 bytes,     827648 total
 15825K->9855K(24032K), 0.0012322 secs]
13.521: [GC
Desired survivor size 524288 bytes, new threshold 1 (max 15)
- age   1:     642392 bytes,     642392 total
- age   2:     320880 bytes,     963272 total
 16237K->10329K(24032K), 0.0017078 secs]
13.528: [GC
Desired survivor size 524288 bytes, new threshold 15 (max 15)
- age   1:     326488 bytes,     326488 total
 16662K->10098K(24032K), 0.0013326 secs]
13.533: [GC
Desired survivor size 524288 bytes, new threshold 1 (max 15)
- age   1:     830136 bytes,     830136 total
 16376K->10590K(24032K), 0.0010523 secs]
13.538: [GC
Desired survivor size 524288 bytes, new threshold 15 (max 15)
- age   1:     504440 bytes,     504440 total
 16948K->10603K(24032K), 0.0013645 secs]
13.544: [GC
Desired survivor size 524288 bytes, new threshold 1 (max 15)
- age   1:     694672 bytes,     694672 total
- age   2:     251976 bytes,     946648 total
 16989K->11035K(24032K), 0.0013600 secs]
13.550: [GC
Desired survivor size 524288 bytes, new threshold 15 (max 15)
- age   1:     332968 bytes,     332968 total
 17405K->11115K(24032K), 0.0013766 secs]
13.556: [GC
Desired survivor size 524288 bytes, new threshold 15 (max 15)
- age   1:     291944 bytes,     291944 total
- age   2:      61960 bytes,     353904 total
 17507K->11135K(24032K), 0.0008970 secs]
13.561: [GC
Desired survivor size 524288 bytes, new threshold 2 (max 15)
- age   1:     406504 bytes,     406504 total
- age   2:     214592 bytes,     621096 total
- age   3:      61960 bytes,     683056 total
 17535K->11454K(24032K), 0.0012224 secs]
13.566: [GC
Desired survivor size 524288 bytes, new threshold 2 (max 15)
- age   1:     502776 bytes,     502776 total
- age   2:     142360 bytes,     645136 total
 17747K->11689K(24032K), 0.0013332 secs]
13.573: [GC
Desired survivor size 524288 bytes, new threshold 2 (max 15)
- age   1:     449216 bytes,     449216 total
- age   2:     279896 bytes,     729112 total
 18070K->11906K(24032K), 0.0011874 secs]
13.579: [GC
Desired survivor size 524288 bytes, new threshold 15 (max 15)
- age   1:     147848 bytes,     147848 total
- age   2:     163856 bytes,     311704 total
 18269K->11772K(24032K), 0.0011122 secs]
13.585: [GC
Desired survivor size 524288 bytes, new threshold 15 (max 15)
- age   1:     255392 bytes,     255392 total
- age   2:      74072 bytes,     329464 total
- age   3:      31536 bytes,     361000 total
 18172K->11818K(24032K), 0.0010694 secs]
13.590: [GC
Desired survivor size 524288 bytes, new threshold 4 (max 15)
- age   1:     342032 bytes,     342032 total
- age   2:     101936 bytes,     443968 total
- age   3:      74072 bytes,     518040 total
- age   4:      31536 bytes,     549576 total
 18204K->12003K(24032K), 0.0010334 secs]
13.595: [GC
Desired survivor size 524288 bytes, new threshold 15 (max 15)
- age   1:     199856 bytes,     199856 total
- age   3:     101936 bytes,     301792 total
- age   4:      74072 bytes,     375864 total
 18403K->11865K(24032K), 0.0008735 secs]
13.600: [GC
Desired survivor size 524288 bytes, new threshold 5 (max 15)
- age   1:     206400 bytes,     206400 total
- age   2:     158024 bytes,     364424 total
- age   4:     101936 bytes,     466360 total
- age   5:      74072 bytes,     540432 total
 18246K->12025K(24032K), 0.0010335 secs]
13.606: [GC
Desired survivor size 524288 bytes, new threshold 2 (max 15)
- age   1:     411264 bytes,     411264 total
- age   2:     154264 bytes,     565528 total
- age   3:     158024 bytes,     723552 total
- age   5:     101936 bytes,     825488 total
 18424K->12382K(24032K), 0.0012929 secs]
13.611: [GC
Desired survivor size 524288 bytes, new threshold 2 (max 15)
- age   1:     423752 bytes,     423752 total
- age   2:     230704 bytes,     654456 total
 18732K->12616K(24032K), 0.0016602 secs]
13.616: [GC
Desired survivor size 524288 bytes, new threshold 15 (max 15)
- age   1:     275840 bytes,     275840 total
- age   2:     195472 bytes,     471312 total
 19006K->12645K(24032K), 0.0014018 secs]
13.622: [GC
Desired survivor size 524288 bytes, new threshold 3 (max 15)
- age   1:     263232 bytes,     263232 total
- age   2:     109024 bytes,     372256 total
- age   3:     195472 bytes,     567728 total
 19014K->12737K(24032K), 0.0011086 secs]
13.627: [GC
Desired survivor size 524288 bytes, new threshold 15 (max 15)
- age   1:     268920 bytes,     268920 total
- age   2:     152176 bytes,     421096 total
- age   3:      27992 bytes,     449088 total
 19129K->12820K(24032K), 0.0010485 secs]
13.632: [GC
Desired survivor size 524288 bytes, new threshold 2 (max 15)
- age   1:     519048 bytes,     519048 total
- age   2:     268920 bytes,     787968 total
- age   3:     152176 bytes,     940144 total
- age   4:      27992 bytes,     968136 total
 19219K->13327K(24032K), 0.0013792 secs]
13.638: [GC
Desired survivor size 524288 bytes, new threshold 15 (max 15)
- age   1:      98504 bytes,      98504 total
- age   2:     343000 bytes,     441504 total
 19719K->13250K(24032K), 0.0016322 secs]
13.645: [GC
Desired survivor size 524288 bytes, new threshold 3 (max 15)
- age   1:     422512 bytes,     422512 total
- age   3:     343000 bytes,     765512 total
 19648K->13566K(24032K), 0.0012176 secs]
13.650: [GC
Desired survivor size 524288 bytes, new threshold 15 (max 15)
- age   1:     238680 bytes,     238680 total
 19938K->13386K(24032K), 0.0022553 secs]
13.656: [GC
Desired survivor size 524288 bytes, new threshold 15 (max 15)
- age   1:     322360 bytes,     322360 total
- age   2:     154416 bytes,     476776 total
 19760K->13621K(24032K), 0.0010866 secs]
13.661: [GC
Desired survivor size 524288 bytes, new threshold 1 (max 15)
- age   1:     547496 bytes,     547496 total
- age   2:     243408 bytes,     790904 total
- age   3:     154416 bytes,     945320 total
 20021K->14078K(24032K), 0.0012527 secs]
13.667: [GC
Desired survivor size 524288 bytes, new threshold 1 (max 15)
- age   1:     811864 bytes,     811864 total
 20475K->14655K(24032K), 0.0016017 secs]
13.672: [GC
Desired survivor size 524288 bytes, new threshold 1 (max 15)
- age   1:     604984 bytes,     604984 total
 20983K->15172K(24032K), 0.0025753 secs]
13.684: [GC
Desired survivor size 524288 bytes, new threshold 15 (max 15)
- age   1:     494728 bytes,     494728 total
 21455K->15577K(24032K), 0.0013763 secs]
13.691: [GC
Desired survivor size 524288 bytes, new threshold 1 (max 15)
- age   1:     753480 bytes,     753480 total
- age   2:     253776 bytes,    1007256 total
 21940K->16563K(24032K), 0.0015450 secs]
13.698: [GC
Desired survivor size 524288 bytes, new threshold 1 (max 15)
- age   1:     692840 bytes,     692840 total
 22936K->16846K(24032K), 0.0015117 secs]
13.704: [GC
Desired survivor size 524288 bytes, new threshold 15 (max 15)
- age   1:     104432 bytes,     104432 total
 23246K->16908K(24416K), 0.0012423 secs]
13.706: [Full GC 16908K->9432K(24416K), 0.0715420 secs]
13.782: [GC
Desired survivor size 524288 bytes, new threshold 15 (max 15)
- age   1:     443936 bytes,     443936 total
 15824K->9869K(24032K), 0.0008950 secs]
13.787: [GC
Desired survivor size 524288 bytes, new threshold 1 (max 15)
- age   1:     770664 bytes,     770664 total
- age   2:     249568 bytes,    1020232 total
 16263K->10500K(24032K), 0.0012983 secs]
13.792: [GC
Desired survivor size 524288 bytes, new threshold 15 (max 15)
- age   1:     503640 bytes,     503640 total
 16892K->11008K(24032K), 0.0019642 secs]
13.798: [GC
Desired survivor size 524288 bytes, new threshold 2 (max 15)
- age   1:     350896 bytes,     350896 total
- age   2:     253344 bytes,     604240 total
 17365K->11104K(24032K), 0.0011391 secs]
13.804: [GC
Desired survivor size 524288 bytes, new threshold 15 (max 15)
- age   1:     346560 bytes,     346560 total
 17496K->11101K(24032K), 0.0013841 secs]
13.809: [GC
Desired survivor size 524288 bytes, new threshold 1 (max 15)
- age   1:     746184 bytes,     746184 total
- age   2:     246808 bytes,     992992 total
 17500K->11733K(24032K), 0.0014362 secs]
13.814: [GC
Desired survivor size 524288 bytes, new threshold 15 (max 15)
- age   1:     379496 bytes,     379496 total
 18118K->11869K(24032K), 0.0014645 secs]
13.820: [GC
Desired survivor size 524288 bytes, new threshold 2 (max 15)
- age   1:     428856 bytes,     428856 total
- age   2:     114216 bytes,     543072 total
 18259K->12029K(24032K), 0.0014347 secs]
13.826: [GC
Desired survivor size 524288 bytes, new threshold 15 (max 15)
- age   1:     245208 bytes,     245208 total
- age   2:     140632 bytes,     385840 total
 18380K->11987K(24032K), 0.0010328 secs]
13.831: [GC
Desired survivor size 524288 bytes, new threshold 15 (max 15)
- age   1:     255168 bytes,     255168 total
- age   3:     140632 bytes,     395800 total
 18335K->11996K(24032K), 0.0009212 secs]
13.836: [GC
Desired survivor size 524288 bytes, new threshold 1 (max 15)
- age   1:     629424 bytes,     629424 total
- age   2:     162728 bytes,     792152 total
- age   4:     140632 bytes,     932784 total
 18368K->12521K(24032K), 0.0016456 secs]
13.841: [GC
Desired survivor size 524288 bytes, new threshold 15 (max 15)
- age   1:     492552 bytes,     492552 total
 18918K->12902K(24032K), 0.0021813 secs]
13.848: [GC
Desired survivor size 524288 bytes, new threshold 2 (max 15)
- age   1:     367864 bytes,     367864 total
- age   2:     216752 bytes,     584616 total
 19233K->12992K(24032K), 0.0012734 secs]
13.853: [GC
Desired survivor size 524288 bytes, new threshold 1 (max 15)
- age   1:     566240 bytes,     566240 total
 19359K->13186K(24032K), 0.0018051 secs]
13.860: [GC
Desired survivor size 524288 bytes, new threshold 15 (max 15)
- age   1:     258576 bytes,     258576 total
 19565K->13049K(24032K), 0.0046196 secs]
13.871: [GC
Desired survivor size 524288 bytes, new threshold 15 (max 15)
- age   1:     145128 bytes,     145128 total
- age   2:     171272 bytes,     316400 total
 19444K->13105K(24032K), 0.0014248 secs]
13.878: [GC
Desired survivor size 524288 bytes, new threshold 1 (max 15)
- age   1:     588808 bytes,     588808 total
- age   2:      71704 bytes,     660512 total
- age   3:     171272 bytes,     831784 total
 19426K->13608K(24032K), 0.0010143 secs]
13.884: [GC
Desired survivor size 524288 bytes, new threshold 15 (max 15)
- age   1:     134816 bytes,     134816 total
 19978K->13674K(24032K), 0.0013156 secs]
13.890: [GC
Desired survivor size 524288 bytes, new threshold 15 (max 15)
- age   1:     173320 bytes,     173320 total
- age   2:      50712 bytes,     224032 total
 19953K->13762K(24032K), 0.0007850 secs]
13.898: [GC
Desired survivor size 524288 bytes, new threshold 15 (max 15)
- age   1:     255224 bytes,     255224 total
- age   2:       2920 bytes,     258144 total
- age   3:      50352 bytes,     308496 total
 20123K->13845K(24032K), 0.0008407 secs]
13.906: [GC
Desired survivor size 524288 bytes, new threshold 15 (max 15)
- age   1:      90856 bytes,      90856 total
- age   2:      81944 bytes,     172800 total
- age   3:       2920 bytes,     175720 total
- age   4:      50024 bytes,     225744 total
 20245K->13763K(24032K), 0.0011526 secs]
13.911: [GC
Desired survivor size 524288 bytes, new threshold 5 (max 15)
- age   1:     408784 bytes,     408784 total
- age   2:      29392 bytes,     438176 total
- age   3:      81944 bytes,     520120 total
- age   4:       2920 bytes,     523040 total
- age   5:      50024 bytes,     573064 total
 20112K->14104K(24032K), 0.0010730 secs]
13.918: [GC
Desired survivor size 524288 bytes, new threshold 4 (max 15)
- age   1:     126616 bytes,     126616 total
- age   2:     342296 bytes,     468912 total
- age   3:      28824 bytes,     497736 total
- age   4:      80272 bytes,     578008 total
- age   5:       2808 bytes,     580816 total
 20504K->14160K(24032K), 0.0013812 secs]
13.925: [GC
Desired survivor size 524288 bytes, new threshold 4 (max 15)
- age   1:      77360 bytes,      77360 total
- age   2:      81656 bytes,     159016 total
- age   3:     342296 bytes,     501312 total
- age   4:      28016 bytes,     529328 total
 20555K->14189K(24032K), 0.0015077 secs]
13.931: [GC
Desired survivor size 524288 bytes, new threshold 15 (max 15)
- age   1:      75736 bytes,      75736 total
- age   2:       2160 bytes,      77896 total
- age   3:      81656 bytes,     159552 total
- age   4:     342296 bytes,     501848 total
 20589K->14202K(24032K), 0.0010535 secs]
13.937: [GC
Desired survivor size 524288 bytes, new threshold 4 (max 15)
- age   1:     405560 bytes,     405560 total
- age   2:      70080 bytes,     475640 total
- age   3:       2160 bytes,     477800 total
- age   4:      81656 bytes,     559456 total
- age   5:     342296 bytes,     901752 total
 20591K->14599K(24032K), 0.0012336 secs]
13.943: [GC
Desired survivor size 524288 bytes, new threshold 1 (max 15)
- age   1:     554112 bytes,     554112 total
- age   2:     387672 bytes,     941784 total
- age   3:      70080 bytes,    1011864 total
- age   4:       2160 bytes,    1014024 total
 20978K->15115K(24032K), 0.0021487 secs]
13.950: [GC
Desired survivor size 524288 bytes, new threshold 15 (max 15)
- age   1:      86288 bytes,      86288 total
 21505K->15025K(24032K), 0.0011314 secs]
13.955: [GC
Desired survivor size 524288 bytes, new threshold 15 (max 15)
- age   1:     151472 bytes,     151472 total
- age   2:      25736 bytes,     177208 total
 21419K->15114K(24032K), 0.0006994 secs]
13.961: [GC
Desired survivor size 524288 bytes, new threshold 15 (max 15)
- age   1:     312448 bytes,     312448 total
- age   2:      32200 bytes,     344648 total
- age   3:      25736 bytes,     370384 total
 21506K->15302K(24032K), 0.0017302 secs]
13.967: [GC
Desired survivor size 524288 bytes, new threshold 15 (max 15)
- age   1:     185024 bytes,     185024 total
- age   2:     201616 bytes,     386640 total
- age   3:      32200 bytes,     418840 total
- age   4:      25736 bytes,     444576 total
 21663K->15375K(24032K), 0.0010260 secs]
13.972: [GC
Desired survivor size 524288 bytes, new threshold 2 (max 15)
- age   1:     483640 bytes,     483640 total
- age   2:      53256 bytes,     536896 total
- age   3:     201616 bytes,     738512 total
- age   4:      32200 bytes,     770712 total
- age   5:      25736 bytes,     796448 total
 21725K->15718K(24032K), 0.0011966 secs]
13.977: [GC
Desired survivor size 524288 bytes, new threshold 2 (max 15)
- age   1:     448432 bytes,     448432 total
- age   2:     197760 bytes,     646192 total
 22042K->15883K(24032K), 0.0013319 secs]
13.983: [GC
Desired survivor size 524288 bytes, new threshold 1 (max 15)
- age   1:     572400 bytes,     572400 total
- age   2:     136776 bytes,     709176 total
 22265K->16083K(24032K), 0.0015383 secs]
13.989: [GC
Desired survivor size 524288 bytes, new threshold 1 (max 15)
- age   1:     690552 bytes,     690552 total
 22461K->16517K(24032K), 0.0013726 secs]
13.995: [GC
Desired survivor size 524288 bytes, new threshold 15 (max 15)
- age   1:     490272 bytes,     490272 total
 22910K->16995K(24032K), 0.0014348 secs]
14.001: [GC
Desired survivor size 524288 bytes, new threshold 1 (max 15)
- age   1:     674352 bytes,     674352 total
- age   2:     346040 bytes,    1020392 total
 23368K->17663K(24224K), 0.0014839 secs]
14.003: [Full GC 17663K->9458K(24224K), 0.0714221 secs]
14.079: [GC
Desired survivor size 524288 bytes, new threshold 1 (max 15)
- age   1:     932832 bytes,     932832 total
 15826K->10373K(24032K), 0.0012322 secs]
14.086: [GC
Desired survivor size 524288 bytes, new threshold 15 (max 15)
- age   1:     113904 bytes,     113904 total
 16773K->10367K(24032K), 0.0012753 secs]
14.091: [GC
Desired survivor size 524288 bytes, new threshold 15 (max 15)
- age   1:     228000 bytes,     228000 total
- age   2:      35448 bytes,     263448 total
 16724K->10515K(24032K), 0.0007450 secs]
14.096: [GC
Desired survivor size 524288 bytes, new threshold 15 (max 15)
- age   1:     369680 bytes,     369680 total
- age   2:      82936 bytes,     452616 total
- age   3:      35448 bytes,     488064 total
 16897K->10734K(24032K), 0.0009739 secs]
14.101: [GC
Desired survivor size 524288 bytes, new threshold 4 (max 15)
- age   1:     116872 bytes,     116872 total
- age   2:     291224 bytes,     408096 total
- age   3:      82936 bytes,     491032 total
- age   4:      35448 bytes,     526480 total
 17117K->10772K(24032K), 0.0011066 secs]
14.107: [GC
Desired survivor size 524288 bytes, new threshold 3 (max 15)
- age   1:     423992 bytes,     423992 total
- age   2:      33728 bytes,     457720 total
- age   3:     291224 bytes,     748944 total
- age   4:      82936 bytes,     831880 total
 17165K->11103K(24032K), 0.0012905 secs]
14.112: [GC
Desired survivor size 524288 bytes, new threshold 2 (max 15)
- age   1:     496424 bytes,     496424 total
- age   2:     108728 bytes,     605152 total
- age   3:      33728 bytes,     638880 total
 17467K->11279K(24032K), 0.0014160 secs]
14.120: [GC
Desired survivor size 524288 bytes, new threshold 2 (max 15)
- age   1:     316008 bytes,     316008 total
- age   2:     323568 bytes,     639576 total
 17667K->11387K(24032K), 0.0011317 secs]
14.130: [GC
Desired survivor size 524288 bytes, new threshold 2 (max 15)
- age   1:     338432 bytes,     338432 total
- age   2:     249072 bytes,     587504 total
 17772K->11660K(24032K), 0.0012320 secs]
14.134: [GC
Desired survivor size 524288 bytes, new threshold 15 (max 15)
- age   1:     261120 bytes,     261120 total
- age   2:     253008 bytes,     514128 total
 17999K->11670K(24032K), 0.0010139 secs]
14.145: [GC
Desired survivor size 524288 bytes, new threshold 3 (max 15)
- age   1:     431384 bytes,     431384 total
- age   2:      88248 bytes,     519632 total
- age   3:     229096 bytes,     748728 total
 18063K->11898K(24032K), 0.0019663 secs]
14.151: [GC
Desired survivor size 524288 bytes, new threshold 3 (max 15)
- age   1:      82088 bytes,      82088 total
- age   2:     418240 bytes,     500328 total
- age   3:      88248 bytes,     588576 total
 18295K->11924K(24032K), 0.0012099 secs]
14.156: [GC
Desired survivor size 524288 bytes, new threshold 15 (max 15)
- age   1:     134672 bytes,     134672 total
- age   2:      14544 bytes,     149216 total
- age   3:      94960 bytes,     244176 total
 18298K->11657K(24032K), 0.0012547 secs]
14.162: [GC
Desired survivor size 524288 bytes, new threshold 15 (max 15)
- age   1:      58024 bytes,      58024 total
- age   2:      82464 bytes,     140488 total
- age   3:      14544 bytes,     155032 total
- age   4:      94256 bytes,     249288 total
 18057K->11663K(24032K), 0.0011076 secs]
14.167: [GC
Desired survivor size 524288 bytes, new threshold 15 (max 15)
- age   1:     194864 bytes,     194864 total
- age   2:      29256 bytes,     224120 total
- age   3:      82464 bytes,     306584 total
- age   4:      14544 bytes,     321128 total
- age   5:      94256 bytes,     415384 total
 18031K->11824K(24032K), 0.0010006 secs]
14.171: [GC
Desired survivor size 524288 bytes, new threshold 4 (max 15)
- age   1:     309160 bytes,     309160 total
- age   2:     132040 bytes,     441200 total
- age   3:      29256 bytes,     470456 total
- age   4:      82464 bytes,     552920 total
- age   5:      14544 bytes,     567464 total
- age   6:      94256 bytes,     661720 total
 18168K->12065K(24032K), 0.0014370 secs]
14.177: [GC
Desired survivor size 524288 bytes, new threshold 4 (max 15)
- age   1:     259160 bytes,     259160 total
- age   2:     127232 bytes,     386392 total
- age   3:     132040 bytes,     518432 total
- age   4:      29256 bytes,     547688 total
 18441K->12152K(24032K), 0.0018516 secs]
14.183: [GC
Desired survivor size 524288 bytes, new threshold 3 (max 15)
- age   1:     247992 bytes,     247992 total
- age   2:     194928 bytes,     442920 total
- age   3:     127232 bytes,     570152 total
- age   4:     132040 bytes,     702192 total
 18542K->12327K(24032K), 0.0019080 secs]
14.190: [GC
Desired survivor size 524288 bytes, new threshold 3 (max 15)
- age   1:     438848 bytes,     438848 total
- age   2:      37240 bytes,     476088 total
- age   3:     194928 bytes,     671016 total
 18712K->12550K(24032K), 0.0014201 secs]
14.197: [GC
Desired survivor size 524288 bytes, new threshold 1 (max 15)
- age   1:     740960 bytes,     740960 total
- age   2:     286160 bytes,    1027120 total
 18908K->13201K(24032K), 0.0013565 secs]
14.204: [GC
Desired survivor size 524288 bytes, new threshold 15 (max 15)
- age   1:     451272 bytes,     451272 total
 19559K->13428K(24032K), 0.0016167 secs]
14.210: [GC
Desired survivor size 524288 bytes, new threshold 2 (max 15)
- age   1:     279768 bytes,     279768 total
- age   2:     451272 bytes,     731040 total
 19805K->13699K(24032K), 0.0012148 secs]
14.218: [GC
Desired survivor size 524288 bytes, new threshold 15 (max 15)
- age   1:     185552 bytes,     185552 total
- age   2:      76232 bytes,     261784 total
 20073K->13654K(24032K), 0.0011319 secs]
14.224: [GC
Desired survivor size 524288 bytes, new threshold 15 (max 15)
- age   1:     270400 bytes,     270400 total
- age   2:      75696 bytes,     346096 total
- age   3:      76232 bytes,     422328 total
 20039K->13810K(24032K), 0.0009075 secs]
14.229: [GC
Desired survivor size 524288 bytes, new threshold 4 (max 15)
- age   1:     155680 bytes,     155680 total
- age   2:     229912 bytes,     385592 total
- age   3:      75696 bytes,     461288 total
- age   4:      76232 bytes,     537520 total
 20185K->13922K(24032K), 0.0011343 secs]
14.235: [GC
Desired survivor size 524288 bytes, new threshold 15 (max 15)
- age   1:      75704 bytes,      75704 total
- age   2:      86608 bytes,     162312 total
- age   3:     229912 bytes,     392224 total
- age   4:      75696 bytes,     467920 total
 20266K->13927K(24032K), 0.0010901 secs]
14.240: [GC
Desired survivor size 524288 bytes, new threshold 15 (max 15)
- age   1:     101648 bytes,     101648 total
- age   2:       3520 bytes,     105168 total
- age   3:      86608 bytes,     191776 total
- age   4:     229800 bytes,     421576 total
- age   5:      75696 bytes,     497272 total
 20310K->13959K(24032K), 0.0010295 secs]
14.247: [GC
Desired survivor size 524288 bytes, new threshold 1 (max 15)
- age   1:     560616 bytes,     560616 total
- age   2:      27872 bytes,     588488 total
- age   3:       3520 bytes,     592008 total
- age   4:      86608 bytes,     678616 total
- age   5:     229800 bytes,     908416 total
- age   6:      75696 bytes,     984112 total
 20359K->14436K(24032K), 0.0012515 secs]
14.253: [GC
Desired survivor size 524288 bytes, new threshold 15 (max 15)
- age   1:     483656 bytes,     483656 total
 20825K->14702K(24032K), 0.0018566 secs]
14.260: [GC
Desired survivor size 524288 bytes, new threshold 2 (max 15)
- age   1:     431560 bytes,     431560 total
- age   2:     242344 bytes,     673904 total
 21074K->14885K(24032K), 0.0009791 secs]
14.265: [GC
Desired survivor size 524288 bytes, new threshold 1 (max 15)
- age   1:     552808 bytes,     552808 total
- age   2:     146872 bytes,     699680 total
 21250K->15147K(24032K), 0.0013457 secs]
14.270: [GC
Desired survivor size 524288 bytes, new threshold 15 (max 15)
- age   1:     458336 bytes,     458336 total
 21532K->15423K(24032K), 0.0015656 secs]
14.276: [GC
Desired survivor size 524288 bytes, new threshold 2 (max 15)
- age   1:     376104 bytes,     376104 total
- age   2:     236680 bytes,     612784 total
 21804K->15574K(24032K), 0.0011481 secs]
14.281: [GC
Desired survivor size 524288 bytes, new threshold 1 (max 15)
- age   1:     572136 bytes,     572136 total
- age   2:     152504 bytes,     724640 total
 21966K->15914K(24032K), 0.0013192 secs]
14.286: [GC
Desired survivor size 524288 bytes, new threshold 15 (max 15)
- age   1:     259760 bytes,     259760 total
 22309K->15918K(24032K), 0.0012125 secs]
14.291: [GC
Desired survivor size 524288 bytes, new threshold 1 (max 15)
- age   1:     574856 bytes,     574856 total
 22267K->16227K(24032K), 0.0010241 secs]
14.297: [GC
Desired survivor size 524288 bytes, new threshold 1 (max 15)
- age   1:     579976 bytes,     579976 total
 22627K->16535K(24032K), 0.0011175 secs]
14.303: [GC
Desired survivor size 524288 bytes, new threshold 1 (max 15)
- age   1:     703520 bytes,     703520 total
 22923K->17009K(24032K), 0.0012682 secs]
14.308: [GC
Desired survivor size 524288 bytes, new threshold 15 (max 15)
- age   1:     103576 bytes,     103576 total
 23409K->16953K(24416K), 0.0011037 secs]
14.310: [Full GC 16953K->9447K(24416K), 0.0712217 secs]
14.388: [GC
Desired survivor size 524288 bytes, new threshold 1 (max 15)
- age   1:     751984 bytes,     751984 total
 15835K->10184K(24032K), 0.0010159 secs]
14.393: [GC
Desired survivor size 524288 bytes, new threshold 15 (max 15)
- age   1:     189344 bytes,     189344 total
 16584K->10063K(24032K), 0.0013426 secs]
14.399: [GC
Desired survivor size 524288 bytes, new threshold 2 (max 15)
- age   1:     377648 bytes,     377648 total
- age   2:     157528 bytes,     535176 total
 16456K->10401K(24032K), 0.0008406 secs]
14.403: [GC
Desired survivor size 524288 bytes, new threshold 2 (max 15)
- age   1:     408192 bytes,     408192 total
- age   2:     214456 bytes,     622648 total
 16773K->10648K(24032K), 0.0012439 secs]
14.408: [GC
Desired survivor size 524288 bytes, new threshold 15 (max 15)
- age   1:     178216 bytes,     178216 total
- age   2:     153880 bytes,     332096 total
 17010K->10573K(24032K), 0.0011174 secs]
14.413: [GC
Desired survivor size 524288 bytes, new threshold 15 (max 15)
- age   1:     236560 bytes,     236560 total
- age   2:     132328 bytes,     368888 total
- age   3:     153880 bytes,     522768 total
 16915K->10760K(24032K), 0.0011330 secs]
14.419: [GC
Desired survivor size 524288 bytes, new threshold 1 (max 15)
- age   1:     565336 bytes,     565336 total
- age   2:     139816 bytes,     705152 total
- age   3:     132328 bytes,     837480 total
- age   4:     153880 bytes,     991360 total
 17138K->11217K(24032K), 0.0012375 secs]
14.424: [GC
Desired survivor size 524288 bytes, new threshold 15 (max 15)
- age   1:     349896 bytes,     349896 total
 17616K->11044K(24032K), 0.0012493 secs]
14.429: [GC
Desired survivor size 524288 bytes, new threshold 2 (max 15)
- age   1:     434544 bytes,     434544 total
- age   2:     236304 bytes,     670848 total
 17422K->11357K(24032K), 0.0012783 secs]
14.434: [GC
Desired survivor size 524288 bytes, new threshold 15 (max 15)
- age   1:     336744 bytes,     336744 total
- age   2:     125320 bytes,     462064 total
 17728K->11384K(24032K), 0.0012167 secs]
14.439: [GC
Desired survivor size 524288 bytes, new threshold 2 (max 15)
- age   1:     426176 bytes,     426176 total
- age   2:     142952 bytes,     569128 total
- age   3:     125320 bytes,     694448 total
 17762K->11610K(24032K), 0.0010680 secs]
14.444: [GC
Desired survivor size 524288 bytes, new threshold 1 (max 15)
- age   1:     539120 bytes,     539120 total
- age   2:     268696 bytes,     807816 total
 17998K->11983K(24032K), 0.0013473 secs]
14.450: [GC
Desired survivor size 524288 bytes, new threshold 15 (max 15)
- age   1:     300120 bytes,     300120 total
 18341K->11934K(24032K), 0.0014731 secs]
14.457: [GC
Desired survivor size 524288 bytes, new threshold 2 (max 15)
- age   1:     372736 bytes,     372736 total
- age   2:     162376 bytes,     535112 total
 18267K->12165K(24032K), 0.0009667 secs]
14.462: [GC
Desired survivor size 524288 bytes, new threshold 1 (max 15)
- age   1:     635176 bytes,     635176 total
- age   2:     197456 bytes,     832632 total
 18557K->12615K(24032K), 0.0013341 secs]
14.468: [GC
Desired survivor size 524288 bytes, new threshold 15 (max 15)
- age   1:     476048 bytes,     476048 total
 18993K->12879K(24032K), 0.0011978 secs]
14.475: [GC
Desired survivor size 524288 bytes, new threshold 2 (max 15)
- age   1:     401768 bytes,     401768 total
- age   2:     235984 bytes,     637752 total
 19211K->13039K(24032K), 0.0010336 secs]
14.481: [GC
Desired survivor size 524288 bytes, new threshold 1 (max 15)
- age   1:     576872 bytes,     576872 total
- age   2:     313520 bytes,     890392 total
 19418K->13486K(24032K), 0.0015055 secs]
14.487: [GC
Desired survivor size 524288 bytes, new threshold 15 (max 15)
- age   1:     444768 bytes,     444768 total
 19876K->13898K(24032K), 0.0021704 secs]
14.493: [GC
Desired survivor size 524288 bytes, new threshold 1 (max 15)
- age   1:     617280 bytes,     617280 total
- age   2:     354392 bytes,     971672 total
 20237K->14412K(24032K), 0.0013742 secs]
14.500: [GC
Desired survivor size 524288 bytes, new threshold 1 (max 15)
- age   1:     902320 bytes,     902320 total
 20780K->15222K(24032K), 0.0017111 secs]
14.507: [GC
Desired survivor size 524288 bytes, new threshold 1 (max 15)
- age   1:     638224 bytes,     638224 total
 21588K->15735K(24032K), 0.0017227 secs]
14.514: [GC
Desired survivor size 524288 bytes, new threshold 15 (max 15)
- age   1:     385512 bytes,     385512 total
 22089K->16008K(24032K), 0.0013029 secs]
14.519: [GC
Desired survivor size 524288 bytes, new threshold 1 (max 15)
- age   1:     679208 bytes,     679208 total
- age   2:     322720 bytes,    1001928 total
 22367K->16672K(24032K), 0.0014304 secs]
14.525: [GC
Desired survivor size 524288 bytes, new threshold 15 (max 15)
- age   1:     173120 bytes,     173120 total
 23071K->16772K(24032K), 0.0016256 secs]
14.527: [Full GC 16772K->8699K(24032K), 0.0711517 secs]
14.603: [GC
Desired survivor size 524288 bytes, new threshold 1 (max 15)
- age   1:     725264 bytes,     725264 total
 15081K->9411K(24032K), 0.0012583 secs]
14.610: [GC
Desired survivor size 524288 bytes, new threshold 15 (max 15)
- age   1:     472888 bytes,     472888 total
 15801K->9760K(24032K), 0.0014813 secs]
14.616: [GC
Desired survivor size 524288 bytes, new threshold 2 (max 15)
- age   1:     342568 bytes,     342568 total
- age   2:     424560 bytes,     767128 total
 16139K->10048K(24032K), 0.0012004 secs]
14.621: [GC
Desired survivor size 524288 bytes, new threshold 2 (max 15)
- age   1:     429752 bytes,     429752 total
- age   2:     315120 bytes,     744872 total
 16443K->10233K(24032K), 0.0012548 secs]
14.627: [GC
Desired survivor size 524288 bytes, new threshold 2 (max 15)
- age   1:     283400 bytes,     283400 total
- age   2:     367888 bytes,     651288 total
 16608K->10449K(24032K), 0.0012937 secs]
14.633: [GC
Desired survivor size 524288 bytes, new threshold 2 (max 15)
- age   1:     366512 bytes,     366512 total
- age   2:     162120 bytes,     528632 total
 16840K->10696K(24032K), 0.0014526 secs]
14.639: [GC
Desired survivor size 524288 bytes, new threshold 2 (max 15)
- age   1:     381712 bytes,     381712 total
- age   2:     328256 bytes,     709968 total
 17078K->11032K(24032K), 0.0013447 secs]
14.644: [GC
Desired survivor size 524288 bytes, new threshold 15 (max 15)
- age   1:     256048 bytes,     256048 total
- age   2:     259984 bytes,     516032 total
 17379K->11161K(24032K), 0.0012829 secs]
14.651: [GC
Desired survivor size 524288 bytes, new threshold 2 (max 15)
- age   1:     516056 bytes,     516056 total
- age   2:     170344 bytes,     686400 total
- age   3:     259984 bytes,     946384 total
 17533K->11583K(24032K), 0.0010630 secs]
14.657: [GC
Desired survivor size 524288 bytes, new threshold 2 (max 15)
- age   1:     322656 bytes,     322656 total
- age   2:     235192 bytes,     557848 total
 17943K->11631K(24032K), 0.0012850 secs]
14.663: [GC
Desired survivor size 524288 bytes, new threshold 2 (max 15)
- age   1:     452464 bytes,     452464 total
- age   2:     169944 bytes,     622408 total
 18031K->11847K(24032K), 0.0011431 secs]
14.668: [GC
Desired survivor size 524288 bytes, new threshold 15 (max 15)
- age   1:     191464 bytes,     191464 total
- age   2:       1488 bytes,     192952 total
 18186K->11590K(24032K), 0.0008535 secs]
14.673: [GC
Desired survivor size 524288 bytes, new threshold 2 (max 15)
- age   1:     468184 bytes,     468184 total
- age   2:     110184 bytes,     578368 total
- age   3:       1488 bytes,     579856 total
 17938K->11970K(24032K), 0.0014231 secs]
14.678: [GC
Desired survivor size 524288 bytes, new threshold 2 (max 15)
- age   1:     438976 bytes,     438976 total
- age   2:     355440 bytes,     794416 total
 18334K->12288K(24032K), 0.0012489 secs]
14.683: [GC
Desired survivor size 524288 bytes, new threshold 2 (max 15)
- age   1:     346736 bytes,     346736 total
- age   2:     247360 bytes,     594096 total
 18664K->12198K(24032K), 0.0011135 secs]
14.689: [GC
Desired survivor size 524288 bytes, new threshold 15 (max 15)
- age   1:     395184 bytes,     395184 total
- age   2:      99648 bytes,     494832 total
 18591K->12343K(24032K), 0.0011301 secs]
14.695: [GC
Desired survivor size 524288 bytes, new threshold 1 (max 15)
- age   1:     688720 bytes,     688720 total
- age   2:     228384 bytes,     917104 total
- age   3:      99648 bytes,    1016752 total
 18739K->12851K(24032K), 0.0012233 secs]
14.701: [GC
Desired survivor size 524288 bytes, new threshold 15 (max 15)
- age   1:     335888 bytes,     335888 total
 19239K->12803K(24032K), 0.0013800 secs]
14.706: [GC
Desired survivor size 524288 bytes, new threshold 1 (max 15)
- age   1:     712336 bytes,     712336 total
- age   2:     167488 bytes,     879824 total
 19203K->13332K(24032K), 0.0011335 secs]
14.711: [GC
Desired survivor size 524288 bytes, new threshold 15 (max 15)
- age   1:     441144 bytes,     441144 total
 19716K->13380K(24032K), 0.0012532 secs]
14.718: [GC
Desired survivor size 524288 bytes, new threshold 1 (max 15)
- age   1:     586008 bytes,     586008 total
- age   2:     270480 bytes,     856488 total
 19762K->13786K(24032K), 0.0011227 secs]
14.726: [GC
Desired survivor size 524288 bytes, new threshold 15 (max 15)
- age   1:     372632 bytes,     372632 total
 20142K->13710K(24032K), 0.0011593 secs]
14.733: [GC
Desired survivor size 524288 bytes, new threshold 15 (max 15)
- age   1:     313400 bytes,     313400 total
- age   2:     128912 bytes,     442312 total
 20106K->13777K(24032K), 0.0007960 secs]
14.739: [GC
Desired survivor size 524288 bytes, new threshold 2 (max 15)
- age   1:     438576 bytes,     438576 total
- age   2:     132584 bytes,     571160 total
- age   3:     128912 bytes,     700072 total
 20177K->14030K(24032K), 0.0010536 secs]
14.744: [GC
Desired survivor size 524288 bytes, new threshold 1 (max 15)
- age   1:     699416 bytes,     699416 total
- age   2:     310280 bytes,    1009696 total
 20424K->14694K(24032K), 0.0017472 secs]
14.751: [GC
Desired survivor size 524288 bytes, new threshold 15 (max 15)
- age   1:     388400 bytes,     388400 total
 21092K->14795K(24032K), 0.0015547 secs]
14.757: [GC
Desired survivor size 524288 bytes, new threshold 15 (max 15)
- age   1:     240128 bytes,     240128 total
- age   2:      82120 bytes,     322248 total
 21159K->14729K(24032K), 0.0010447 secs]
14.762: [GC
Desired survivor size 524288 bytes, new threshold 3 (max 15)
- age   1:     391688 bytes,     391688 total
- age   2:     109528 bytes,     501216 total
- age   3:      42016 bytes,     543232 total
 21081K->14944K(24032K), 0.0009382 secs]
14.767: [GC
Desired survivor size 524288 bytes, new threshold 2 (max 15)
- age   1:     508264 bytes,     508264 total
- age   2:     201736 bytes,     710000 total
- age   3:     109488 bytes,     819488 total
 21343K->15261K(24032K), 0.0011910 secs]
14.772: [GC
Desired survivor size 524288 bytes, new threshold 2 (max 15)
- age   1:     219440 bytes,     219440 total
- age   2:     376496 bytes,     595936 total
 21656K->15347K(24032K), 0.0013402 secs]
14.779: [GC
Desired survivor size 524288 bytes, new threshold 2 (max 15)
- age   1:     391704 bytes,     391704 total
- age   2:     134984 bytes,     526688 total
 21678K->15581K(24032K), 0.0010743 secs]
14.784: [GC
Desired survivor size 524288 bytes, new threshold 2 (max 15)
- age   1:     361000 bytes,     361000 total
- age   2:     296624 bytes,     657624 total
 21970K->15840K(24032K), 0.0013120 secs]
14.789: [GC
Desired survivor size 524288 bytes, new threshold 15 (max 15)
- age   1:     509696 bytes,     509696 total
 22197K->15985K(24032K), 0.0014352 secs]
14.794: [GC
Desired survivor size 524288 bytes, new threshold 2 (max 15)
- age   1:     466432 bytes,     466432 total
- age   2:     456744 bytes,     923176 total
 22349K->16389K(24032K), 0.0012240 secs]
14.800: [GC
Desired survivor size 524288 bytes, new threshold 2 (max 15)
- age   1:     250248 bytes,     250248 total
- age   2:     337304 bytes,     587552 total
 22744K->16505K(24032K), 0.0015283 secs]
14.806: [GC
Desired survivor size 524288 bytes, new threshold 1 (max 15)
- age   1:     849328 bytes,     849328 total
- age   2:      81192 bytes,     930520 total
 22895K->17179K(24032K), 0.0014861 secs]
14.811: [GC
Desired survivor size 524288 bytes, new threshold 1 (max 15)
- age   1:     566344 bytes,     566344 total
 23570K->17642K(24608K), 0.0019749 secs]
14.814: [Full GC 17642K->9112K(24608K), 0.0718640 secs]
14.890: [GC
Desired survivor size 524288 bytes, new threshold 1 (max 15)
- age   1:     642336 bytes,     642336 total
 15485K->9743K(24032K), 0.0010113 secs]
14.895: [GC
Desired survivor size 524288 bytes, new threshold 15 (max 15)
- age   1:     378864 bytes,     378864 total
 16111K->10128K(24032K), 0.0014948 secs]
14.902: [GC
Desired survivor size 524288 bytes, new threshold 1 (max 15)
- age   1:     737504 bytes,     737504 total
- age   2:     293712 bytes,    1031216 total
 16450K->10765K(24032K), 0.0012219 secs]
14.908: [GC
Desired survivor size 524288 bytes, new threshold 15 (max 15)
- age   1:     391200 bytes,     391200 total
 17151K->10978K(24032K), 0.0017546 secs]
14.914: [GC
Desired survivor size 524288 bytes, new threshold 15 (max 15)
- age   1:     185824 bytes,     185824 total
- age   2:     151240 bytes,     337064 total
 17363K->10925K(24032K), 0.0008456 secs]
14.922: [GC
Desired survivor size 524288 bytes, new threshold 2 (max 15)
- age   1:     512512 bytes,     512512 total
- age   2:     140136 bytes,     652648 total
- age   3:     151112 bytes,     803760 total
 17280K->11381K(24032K), 0.0012747 secs]
14.928: [GC
Desired survivor size 524288 bytes, new threshold 1 (max 15)
- age   1:     781112 bytes,     781112 total
- age   2:     260536 bytes,    1041648 total
 17775K->12095K(24032K), 0.0019862 secs]
14.938: [GC
Desired survivor size 524288 bytes, new threshold 15 (max 15)
- age   1:     458088 bytes,     458088 total
 18454K->12374K(24032K), 0.0013569 secs]
14.945: [GC
Desired survivor size 524288 bytes, new threshold 2 (max 15)
- age   1:     491608 bytes,     491608 total
- age   2:     328504 bytes,     820112 total
 18758K->12727K(24032K), 0.0012372 secs]
14.952: [GC
Desired survivor size 524288 bytes, new threshold 2 (max 15)
- age   1:     312896 bytes,     312896 total
- age   2:     252464 bytes,     565360 total
 19074K->12805K(24032K), 0.0017283 secs]
14.959: [GC
Desired survivor size 524288 bytes, new threshold 2 (max 15)
- age   1:     383728 bytes,     383728 total
- age   2:     188872 bytes,     572600 total
 19176K->13059K(24032K), 0.0009958 secs]
14.965: [GC
Desired survivor size 524288 bytes, new threshold 15 (max 15)
- age   1:     141896 bytes,     141896 total
- age   2:     254648 bytes,     396544 total
 19459K->13071K(24032K), 0.0009748 secs]
14.971: [GC
Desired survivor size 524288 bytes, new threshold 3 (max 15)
- age   1:     318864 bytes,     318864 total
- age   2:     140192 bytes,     459056 total
- age   3:     254648 bytes,     713704 total
 19469K->13380K(24032K), 0.0010201 secs]
14.976: [GC
Desired survivor size 524288 bytes, new threshold 2 (max 15)
- age   1:     461752 bytes,     461752 total
- age   2:     139032 bytes,     600784 total
- age   3:     140192 bytes,     740976 total
 19780K->13654K(24032K), 0.0014134 secs]
14.982: [GC
Desired survivor size 524288 bytes, new threshold 2 (max 15)
- age   1:     203208 bytes,     203208 total
- age   2:     443248 bytes,     646456 total
 20042K->13841K(24032K), 0.0014178 secs]
14.987: [GC
Desired survivor size 524288 bytes, new threshold 2 (max 15)
- age   1:     381208 bytes,     381208 total
- age   2:     157320 bytes,     538528 total
 20238K->14163K(24032K), 0.0012810 secs]
14.992: [GC
Desired survivor size 524288 bytes, new threshold 15 (max 15)
- age   1:     272112 bytes,     272112 total
- age   2:     228944 bytes,     501056 total
 20530K->14280K(24032K), 0.0012709 secs]
14.998: [GC
Desired survivor size 524288 bytes, new threshold 2 (max 15)
- age   1:     394712 bytes,     394712 total
- age   2:     153416 bytes,     548128 total
- age   3:     228944 bytes,     777072 total
 20654K->14549K(24032K), 0.0012431 secs]
15.003: [GC
Desired survivor size 524288 bytes, new threshold 2 (max 15)
- age   1:     453944 bytes,     453944 total
- age   2:     274336 bytes,     728280 total
 20900K->14875K(24032K), 0.0015547 secs]
15.009: [GC
Desired survivor size 524288 bytes, new threshold 1 (max 15)
- age   1:     628944 bytes,     628944 total
- age   2:      67472 bytes,     696416 total
 21275K->15120K(24032K), 0.0016317 secs]
15.015: [GC
Desired survivor size 524288 bytes, new threshold 15 (max 15)
- age   1:     395568 bytes,     395568 total
 21504K->15134K(24032K), 0.0010447 secs]
15.020: [GC
Desired survivor size 524288 bytes, new threshold 15 (max 15)
- age   1:     187336 bytes,     187336 total
 21521K->14928K(24032K), 0.0007183 secs]
15.024: [GC
Desired survivor size 524288 bytes, new threshold 1 (max 15)
- age   1:     748696 bytes,     748696 total
- age   2:      73120 bytes,     821816 total
 21273K->15550K(24032K), 0.0012210 secs]
15.030: [GC
Desired survivor size 524288 bytes, new threshold 15 (max 15)
- age   1:     338672 bytes,     338672 total
 21935K->15502K(24032K), 0.0012158 secs]
15.035: [GC
Desired survivor size 524288 bytes, new threshold 1 (max 15)
- age   1:     593520 bytes,     593520 total
- age   2:     218840 bytes,     812360 total
 21878K->15964K(24032K), 0.0011985 secs]
15.040: [GC
Desired survivor size 524288 bytes, new threshold 15 (max 15)
- age   1:     294000 bytes,     294000 total
 22303K->16128K(24032K), 0.0015032 secs]
15.046: [GC
Desired survivor size 524288 bytes, new threshold 2 (max 15)
- age   1:     502288 bytes,     502288 total
- age   2:     157240 bytes,     659528 total
 22519K->16485K(24032K), 0.0010631 secs]
15.052: [GC
Desired survivor size 524288 bytes, new threshold 15 (max 15)
- age   1:     283792 bytes,     283792 total
- age   2:     230480 bytes,     514272 total
 22870K->16497K(24032K), 0.0016213 secs]
15.059: [GC
Desired survivor size 524288 bytes, new threshold 1 (max 15)
- age   1:     648120 bytes,     648120 total
- age   3:      93704 bytes,     741824 total
 22863K->16717K(24032K), 0.0015941 secs]
15.064: [GC
Desired survivor size 524288 bytes, new threshold 15 (max 15)
- age   1:     491704 bytes,     491704 total
 23103K->16699K(24032K), 0.0011629 secs]
15.070: [GC
Desired survivor size 524288 bytes, new threshold 2 (max 15)
- age   1:     316872 bytes,     316872 total
- age   2:     375088 bytes,     691960 total
 23097K->16896K(24032K), 0.0013269 secs]
15.075: [GC
Desired survivor size 524288 bytes, new threshold 2 (max 15)
- age   1:     472744 bytes,     472744 total
- age   2:      77368 bytes,     550112 total
 23284K->17121K(24032K), 0.0013209 secs]
15.080: [GC
Desired survivor size 524288 bytes, new threshold 2 (max 15)
- age   1:     488448 bytes,     488448 total
- age   2:     317080 bytes,     805528 total
 23482K->17448K(24224K), 0.0012286 secs]
15.082: [Full GC 17448K->9649K(24224K), 0.0716381 secs]
15.158: [GC
Desired survivor size 524288 bytes, new threshold 15 (max 15)
- age   1:     424928 bytes,     424928 total
 16028K->10067K(24032K), 0.0009142 secs]
15.163: [GC
Desired survivor size 524288 bytes, new threshold 2 (max 15)
- age   1:     449840 bytes,     449840 total
- age   2:     330752 bytes,     780592 total
 16446K->10415K(24032K), 0.0012458 secs]
15.169: [GC
Desired survivor size 524288 bytes, new threshold 1 (max 15)
- age   1:     587504 bytes,     587504 total
- age   2:     381944 bytes,     969448 total
 16767K->10938K(24032K), 0.0017300 secs]
15.175: [GC
Desired survivor size 524288 bytes, new threshold 1 (max 15)
- age   1:     538344 bytes,     538344 total
 17320K->11387K(24032K), 0.0016794 secs]
15.180: [GC
Desired survivor size 524288 bytes, new threshold 15 (max 15)
- age   1:     245424 bytes,     245424 total
 17737K->11415K(24032K), 0.0011409 secs]
15.186: [GC
Desired survivor size 524288 bytes, new threshold 15 (max 15)
- age   1:     230136 bytes,     230136 total
- age   2:     193528 bytes,     423664 total
 17784K->11589K(24032K), 0.0009170 secs]
15.192: [GC
Desired survivor size 524288 bytes, new threshold 1 (max 15)
- age   1:     700288 bytes,     700288 total
- age   2:     123408 bytes,     823696 total
- age   3:     193528 bytes,    1017224 total
 17913K->12320K(24032K), 0.0013827 secs]
15.199: [GC
Desired survivor size 524288 bytes, new threshold 1 (max 15)
- age   1:     832184 bytes,     832184 total
 18719K->13048K(24032K), 0.0018169 secs]
15.205: [GC
Desired survivor size 524288 bytes, new threshold 15 (max 15)
- age   1:     393680 bytes,     393680 total
 19383K->13037K(24032K), 0.0011969 secs]
15.214: [GC
Desired survivor size 524288 bytes, new threshold 15 (max 15)
- age   1:     138704 bytes,     138704 total
- age   2:     220744 bytes,     359448 total
 19433K->13002K(24032K), 0.0011008 secs]
15.220: [GC
Desired survivor size 524288 bytes, new threshold 15 (max 15)
- age   1:     181112 bytes,     181112 total
- age   2:      70016 bytes,     251128 total
- age   3:     143352 bytes,     394480 total
 19390K->13036K(24032K), 0.0008318 secs]
15.226: [GC
Desired survivor size 524288 bytes, new threshold 1 (max 15)
- age   1:     552960 bytes,     552960 total
- age   3:      70016 bytes,     622976 total
- age   4:     143352 bytes,     766328 total
 19411K->13399K(24032K), 0.0012215 secs]
15.232: [GC
Desired survivor size 524288 bytes, new threshold 15 (max 15)
- age   1:     311376 bytes,     311376 total
 19781K->13526K(24032K), 0.0012125 secs]
15.238: [GC
Desired survivor size 524288 bytes, new threshold 2 (max 15)
- age   1:     460744 bytes,     460744 total
- age   2:      90376 bytes,     551120 total
 19926K->13762K(24032K), 0.0009130 secs]
15.244: [GC
Desired survivor size 524288 bytes, new threshold 2 (max 15)
- age   1:     190328 bytes,     190328 total
- age   2:     387624 bytes,     577952 total
 20101K->13876K(24032K), 0.0011796 secs]
15.249: [GC
Desired survivor size 524288 bytes, new threshold 15 (max 15)
- age   1:     198232 bytes,     198232 total
- age   2:     114248 bytes,     312480 total
 20259K->13915K(24032K), 0.0010896 secs]
15.255: [GC
Desired survivor size 524288 bytes, new threshold 2 (max 15)
- age   1:     494992 bytes,     494992 total
- age   2:      41680 bytes,     536672 total
 20313K->14132K(24032K), 0.0008990 secs]
15.260: [GC
Desired survivor size 524288 bytes, new threshold 2 (max 15)
- age   1:     227352 bytes,     227352 total
- age   2:     414960 bytes,     642312 total
 20526K->14278K(24032K), 0.0013245 secs]
15.267: [GC
Desired survivor size 524288 bytes, new threshold 1 (max 15)
- age   1:     957480 bytes,     957480 total
- age   2:      73168 bytes,    1030648 total
 20637K->15141K(24032K), 0.0018036 secs]
15.272: [GC
Desired survivor size 524288 bytes, new threshold 15 (max 15)
- age   1:     133656 bytes,     133656 total
 21512K->14907K(24032K), 0.0014460 secs]
15.279: [GC
Desired survivor size 524288 bytes, new threshold 1 (max 15)
- age   1:     897608 bytes,     897608 total
- age   2:      77192 bytes,     974800 total
 21303K->15728K(24032K), 0.0012669 secs]
15.284: [GC
Desired survivor size 524288 bytes, new threshold 1 (max 15)
- age   1:     552624 bytes,     552624 total
 22085K->15872K(24032K), 0.0015255 secs]
15.291: [GC
Desired survivor size 524288 bytes, new threshold 1 (max 15)
- age   1:     974208 bytes,     974208 total
 22254K->16888K(24032K), 0.0018998 secs]
15.299: [GC
Desired survivor size 524288 bytes, new threshold 15 (max 15)
- age   1:     299720 bytes,     299720 total
 23270K->17109K(24416K), 0.0017274 secs]
15.302: [Full GC 17109K->9936K(24416K), 0.0707845 secs]
15.378: [GC
Desired survivor size 524288 bytes, new threshold 1 (max 15)
- age   1:     773840 bytes,     773840 total
 16267K->10695K(24032K), 0.0009736 secs]
15.383: [GC
Desired survivor size 524288 bytes, new threshold 1 (max 15)
- age   1:     817688 bytes,     817688 total
 17060K->11345K(24032K), 0.0018025 secs]
15.389: [GC
Desired survivor size 524288 bytes, new threshold 1 (max 15)
- age   1:     546512 bytes,     546512 total
 17739K->11887K(24032K), 0.0017102 secs]
15.395: [GC
Desired survivor size 524288 bytes, new threshold 1 (max 15)
- age   1:     625240 bytes,     625240 total
 18273K->12345K(24032K), 0.0013573 secs]
15.402: [GC
Desired survivor size 524288 bytes, new threshold 15 (max 15)
- age   1:     464704 bytes,     464704 total
 18723K->12450K(24032K), 0.0010500 secs]
15.407: [GC
Desired survivor size 524288 bytes, new threshold 15 (max 15)
- age   1:     371936 bytes,     371936 total
 18837K->12362K(24032K), 0.0009086 secs]
15.412: [GC
Desired survivor size 524288 bytes, new threshold 15 (max 15)
- age   1:     145752 bytes,     145752 total
- age   2:     168360 bytes,     314112 total
 18762K->12303K(24032K), 0.0007872 secs]
15.420: [GC
Desired survivor size 524288 bytes, new threshold 3 (max 15)
- age   1:     223096 bytes,     223096 total
- age   2:     143936 bytes,     367032 total
- age   3:     168360 bytes,     535392 total
 18679K->12520K(24032K), 0.0010107 secs]
15.428: [GC
Desired survivor size 524288 bytes, new threshold 15 (max 15)
- age   1:      88624 bytes,      88624 total
- age   2:      95856 bytes,     184480 total
- age   3:     143936 bytes,     328416 total
 18913K->12480K(24032K), 0.0008708 secs]
15.435: [GC
Desired survivor size 524288 bytes, new threshold 15 (max 15)
- age   1:     130224 bytes,     130224 total
- age   2:      18400 bytes,     148624 total
- age   3:      95856 bytes,     244480 total
- age   4:     143936 bytes,     388416 total
 18873K->12542K(24032K), 0.0008719 secs]
15.442: [GC
Desired survivor size 524288 bytes, new threshold 1 (max 15)
- age   1:     538736 bytes,     538736 total
- age   2:      18392 bytes,     557128 total
- age   3:      18400 bytes,     575528 total
- age   4:      95856 bytes,     671384 total
- age   5:     143936 bytes,     815320 total
 18893K->12959K(24032K), 0.0017102 secs]
15.450: [GC
Desired survivor size 524288 bytes, new threshold 15 (max 15)
- age   1:     370928 bytes,     370928 total
 19344K->13083K(24032K), 0.0043179 secs]
15.459: [GC
Desired survivor size 524288 bytes, new threshold 2 (max 15)
- age   1:     521920 bytes,     521920 total
- age   2:     177320 bytes,     699240 total
 19447K->13401K(24032K), 0.0017102 secs]
15.468: [GC
Desired survivor size 524288 bytes, new threshold 1 (max 15)
- age   1:     657240 bytes,     657240 total
- age   2:     317616 bytes,     974856 total
 19766K->13845K(24032K), 0.0023925 secs]
15.475: [GC
Desired survivor size 524288 bytes, new threshold 15 (max 15)
- age   1:     207736 bytes,     207736 total
 20245K->13791K(24032K), 0.0013515 secs]
15.482: [GC
Desired survivor size 524288 bytes, new threshold 2 (max 15)
- age   1:     401424 bytes,     401424 total
- age   2:     135112 bytes,     536536 total
 20191K->14110K(24032K), 0.0024900 secs]
15.490: [GC
Desired survivor size 524288 bytes, new threshold 1 (max 15)
- age   1:     657336 bytes,     657336 total
- age   2:     280104 bytes,     937440 total
 20483K->14633K(24032K), 0.0021356 secs]
15.499: [GC
Desired survivor size 524288 bytes, new threshold 15 (max 15)
- age   1:     170552 bytes,     170552 total
 21003K->14512K(24032K), 0.0016650 secs]
15.507: [GC
Desired survivor size 524288 bytes, new threshold 15 (max 15)
- age   1:     200968 bytes,     200968 total
- age   2:     104576 bytes,     305544 total
 20851K->14644K(24032K), 0.0011628 secs]
15.513: [GC
Desired survivor size 524288 bytes, new threshold 15 (max 15)
- age   1:     288240 bytes,     288240 total
- age   2:      68208 bytes,     356448 total
 21017K->14693K(24032K), 0.0041917 secs]
15.522: [GC
Desired survivor size 524288 bytes, new threshold 1 (max 15)
- age   1:     625792 bytes,     625792 total
- age   3:      68208 bytes,     694000 total
 21067K->15023K(24032K), 0.0015558 secs]
15.529: [GC
Desired survivor size 524288 bytes, new threshold 15 (max 15)
- age   1:     333776 bytes,     333776 total
 21390K->15018K(24032K), 0.0026809 secs]
15.537: [GC
Desired survivor size 524288 bytes, new threshold 1 (max 15)
- age   1:     586416 bytes,     586416 total
- age   2:     333688 bytes,     920104 total
 21341K->15590K(24032K), 0.0019757 secs]
15.544: [GC
Desired survivor size 524288 bytes, new threshold 15 (max 15)
- age   1:     352672 bytes,     352672 total
 21980K->15935K(24032K), 0.0019305 secs]
15.551: [GC
Desired survivor size 524288 bytes, new threshold 1 (max 15)
- age   1:     740152 bytes,     740152 total
- age   2:     267360 bytes,    1007512 total
 22314K->16968K(24032K), 0.0027223 secs]
15.558: [GC
Desired survivor size 524288 bytes, new threshold 1 (max 15)
- age   1:     654512 bytes,     654512 total
 23353K->17324K(24224K), 0.0024900 secs]
15.561: [Full GC 17324K->9574K(24224K), 0.0729034 secs]
15.640: [GC
Desired survivor size 524288 bytes, new threshold 15 (max 15)
- age   1:     384560 bytes,     384560 total
 15897K->9952K(24032K), 0.0012932 secs]
15.646: [GC
Desired survivor size 524288 bytes, new threshold 2 (max 15)
- age   1:     312128 bytes,     312128 total
- age   2:     239496 bytes,     551624 total
 16350K->10117K(24032K), 0.0011979 secs]
15.653: [GC
Desired survivor size 524288 bytes, new threshold 15 (max 15)
- age   1:     318208 bytes,     318208 total
- age   2:      76008 bytes,     394216 total
 16445K->10205K(24032K), 0.0009230 secs]
15.658: [GC
Desired survivor size 524288 bytes, new threshold 3 (max 15)
- age   1:     491496 bytes,     491496 total
- age   3:      76008 bytes,     567504 total
 16594K->10374K(24032K), 0.0008555 secs]
15.663: [GC
Desired survivor size 524288 bytes, new threshold 2 (max 15)
- age   1:     508856 bytes,     508856 total
- age   2:     119832 bytes,     628688 total
 16762K->10508K(24032K), 0.0010927 secs]
15.668: [GC
Desired survivor size 524288 bytes, new threshold 15 (max 15)
- age   1:     307136 bytes,     307136 total
- age   2:     181992 bytes,     489128 total
 16855K->10497K(24032K), 0.0017575 secs]
15.673: [GC
Desired survivor size 524288 bytes, new threshold 2 (max 15)
- age   1:     338256 bytes,     338256 total
- age   2:     251128 bytes,     589384 total
- age   3:     181992 bytes,     771376 total
 16870K->10772K(24032K), 0.0014165 secs]
15.679: [GC
Desired survivor size 524288 bytes, new threshold 1 (max 15)
- age   1:     610680 bytes,     610680 total
- age   2:     280560 bytes,     891240 total
 17163K->11312K(24032K), 0.0019704 secs]
15.685: [GC
Desired survivor size 524288 bytes, new threshold 1 (max 15)
- age   1:     857920 bytes,     857920 total
 17710K->12073K(24032K), 0.0018570 secs]
15.692: [GC
Desired survivor size 524288 bytes, new threshold 15 (max 15)
- age   1:     477464 bytes,     477464 total
 18445K->12055K(24032K), 0.0012621 secs]
15.699: [GC
Desired survivor size 524288 bytes, new threshold 1 (max 15)
- age   1:     737352 bytes,     737352 total
- age   2:     235008 bytes,     972360 total
 18441K->12696K(24032K), 0.0012659 secs]
15.706: [GC
Desired survivor size 524288 bytes, new threshold 1 (max 15)
- age   1:     590344 bytes,     590344 total
 19095K->13197K(24032K), 0.0018761 secs]
15.713: [GC
Desired survivor size 524288 bytes, new threshold 1 (max 15)
- age   1:    1036208 bytes,    1036208 total
 19564K->14209K(24032K), 0.0019549 secs]
15.719: [GC
Desired survivor size 524288 bytes, new threshold 1 (max 15)
- age   1:     846560 bytes,     846560 total
 20575K->14884K(24032K), 0.0019901 secs]
15.725: [GC
Desired survivor size 524288 bytes, new threshold 1 (max 15)
- age   1:     699144 bytes,     699144 total
 21280K->15336K(24032K), 0.0017219 secs]
15.732: [GC
Desired survivor size 524288 bytes, new threshold 15 (max 15)
- age   1:     457176 bytes,     457176 total
 21683K->15395K(24032K), 0.0010465 secs]
15.738: [GC
Desired survivor size 524288 bytes, new threshold 1 (max 15)
- age   1:     828872 bytes,     828872 total
- age   2:     197624 bytes,    1026496 total
 21717K->16071K(24032K), 0.0013252 secs]
15.745: [GC
Desired survivor size 524288 bytes, new threshold 15 (max 15)
- age   1:     318880 bytes,     318880 total
 22408K->16230K(24032K), 0.0014838 secs]
15.751: [GC
Desired survivor size 524288 bytes, new threshold 1 (max 15)
- age   1:     793480 bytes,     793480 total
- age   2:     237960 bytes,    1031440 total
 22568K->16925K(24032K), 0.0013033 secs]
15.756: [GC
Desired survivor size 524288 bytes, new threshold 15 (max 15)
- age   1:     496296 bytes,     496296 total
 23268K->17188K(24224K), 0.0016515 secs]
15.758: [Full GC 17188K->10259K(24224K), 0.0716799 secs]
15.835: [GC
Desired survivor size 557056 bytes, new threshold 15 (max 15)
- age   1:     480784 bytes,     480784 total
 16759K->10733K(24716K), 0.0008767 secs]
15.840: [GC
Desired survivor size 557056 bytes, new threshold 2 (max 15)
- age   1:     298336 bytes,     298336 total
- age   2:     398440 bytes,     696776 total
 17225K->10943K(24716K), 0.0011060 secs]
15.845: [GC
Desired survivor size 557056 bytes, new threshold 15 (max 15)
- age   1:     176776 bytes,     176776 total
- age   2:     168752 bytes,     345528 total
 17416K->11005K(24716K), 0.0021628 secs]
15.851: [GC
Desired survivor size 557056 bytes, new threshold 3 (max 15)
- age   1:     332832 bytes,     332832 total
- age   2:      85152 bytes,     417984 total
- age   3:     168752 bytes,     586736 total
 17495K->11241K(24716K), 0.0009989 secs]
15.857: [GC
Desired survivor size 557056 bytes, new threshold 2 (max 15)
- age   1:     511880 bytes,     511880 total
- age   2:     238408 bytes,     750288 total
- age   3:      85152 bytes,     835440 total
 17764K->11648K(24716K), 0.0015660 secs]
15.863: [GC
Desired survivor size 557056 bytes, new threshold 1 (max 15)
- age   1:     561968 bytes,     561968 total
- age   2:     410224 bytes,     972192 total
 18090K->12013K(24716K), 0.0014485 secs]
15.869: [GC
Desired survivor size 557056 bytes, new threshold 1 (max 15)
- age   1:     777136 bytes,     777136 total
 18483K->12463K(24716K), 0.0020968 secs]
15.876: [GC
Desired survivor size 557056 bytes, new threshold 15 (max 15)
- age   1:      78800 bytes,      78800 total
 18927K->12129K(24716K), 0.0009753 secs]
15.882: [GC
Desired survivor size 557056 bytes, new threshold 15 (max 15)
- age   1:     437536 bytes,     437536 total
- age   2:        832 bytes,     438368 total
 18549K->12482K(24716K), 0.0008300 secs]
15.889: [GC
Desired survivor size 557056 bytes, new threshold 15 (max 15)
- age   1:     339720 bytes,     339720 total
- age   3:        704 bytes,     340424 total
 19007K->12384K(24716K), 0.0020320 secs]
15.896: [GC
Desired survivor size 557056 bytes, new threshold 1 (max 15)
- age   1:     760872 bytes,     760872 total
- age   4:        704 bytes,     761576 total
 18866K->12795K(24716K), 0.0015378 secs]
15.902: [GC
Desired survivor size 557056 bytes, new threshold 15 (max 15)
- age   1:     149992 bytes,     149992 total
 19282K->12446K(24716K), 0.0009910 secs]
15.907: [GC
Desired survivor size 557056 bytes, new threshold 2 (max 15)
- age   1:     495480 bytes,     495480 total
- age   2:      81792 bytes,     577272 total
 18952K->12865K(24716K), 0.0009537 secs]
15.912: [GC
Desired survivor size 557056 bytes, new threshold 1 (max 15)
- age   1:     722032 bytes,     722032 total
- age   2:     350192 bytes,    1072224 total
 19322K->13420K(24716K), 0.0014413 secs]
15.918: [GC
Desired survivor size 557056 bytes, new threshold 15 (max 15)
- age   1:     239656 bytes,     239656 total
 19911K->13355K(24716K), 0.0014030 secs]
15.932: [GC
Desired survivor size 557056 bytes, new threshold 15 (max 15)
- age   1:      55328 bytes,      55328 total
- age   2:     151720 bytes,     207048 total
 19883K->13323K(24716K), 0.0007373 secs]
15.939: [GC
Desired survivor size 557056 bytes, new threshold 15 (max 15)
- age   1:     479888 bytes,     479888 total
- age   2:      15976 bytes,     495864 total
- age   3:       1048 bytes,     496912 total
 19810K->13614K(24716K), 0.0008118 secs]
15.943: [GC
Desired survivor size 557056 bytes, new threshold 3 (max 15)
- age   1:     214128 bytes,     214128 total
- age   2:     337256 bytes,     551384 total
- age   3:      15976 bytes,     567360 total
- age   4:       1048 bytes,     568408 total
 20108K->13680K(24716K), 0.0011541 secs]
15.950: [GC
Desired survivor size 557056 bytes, new threshold 2 (max 15)
- age   1:     556016 bytes,     556016 total
- age   2:     171872 bytes,     727888 total
- age   3:     106016 bytes,     833904 total
 20196K->13973K(24716K), 0.0013739 secs]
15.957: [GC
Desired survivor size 557056 bytes, new threshold 2 (max 15)
- age   1:     347904 bytes,     347904 total
- age   2:     238512 bytes,     586416 total
 20499K->13991K(24716K), 0.0012862 secs]
15.962: [GC
Desired survivor size 557056 bytes, new threshold 15 (max 15)
- age   1:     284912 bytes,     284912 total
- age   2:     125624 bytes,     410536 total
 20495K->14052K(24716K), 0.0009726 secs]
15.968: [GC
Desired survivor size 557056 bytes, new threshold 2 (max 15)
- age   1:     532888 bytes,     532888 total
- age   2:     254088 bytes,     786976 total
- age   3:     125624 bytes,     912600 total
 20534K->14542K(24716K), 0.0012429 secs]
15.974: [GC
Desired survivor size 557056 bytes, new threshold 2 (max 15)
- age   1:     489072 bytes,     489072 total
- age   2:     219128 bytes,     708200 total
 21035K->14711K(24716K), 0.0016287 secs]
15.980: [GC
Desired survivor size 557056 bytes, new threshold 1 (max 15)
- age   1:     627728 bytes,     627728 total
- age   2:     303040 bytes,     930768 total
 21175K->14990K(24716K), 0.0014412 secs]
15.987: [GC
Desired survivor size 557056 bytes, new threshold 1 (max 15)
- age   1:     744480 bytes,     744480 total
 21493K->15414K(24716K), 0.0013377 secs]
15.992: [GC
Desired survivor size 557056 bytes, new threshold 15 (max 15)
- age   1:     454656 bytes,     454656 total
 21908K->15780K(24716K), 0.0016270 secs]
15.999: [GC
Desired survivor size 557056 bytes, new threshold 1 (max 15)
- age   1:     850656 bytes,     850656 total
- age   2:     255576 bytes,    1106232 total
 22233K->16720K(24716K), 0.0018102 secs]
16.006: [GC
Desired survivor size 557056 bytes, new threshold 15 (max 15)
- age   1:     243024 bytes,     243024 total
 23171K->16567K(24716K), 0.0014671 secs]
16.011: [GC
Desired survivor size 557056 bytes, new threshold 15 (max 15)
- age   1:     456576 bytes,     456576 total
- age   2:      86472 bytes,     543048 total
 23024K->16859K(24716K), 0.0010440 secs]
16.017: [GC
Desired survivor size 557056 bytes, new threshold 1 (max 15)
- age   1:     773024 bytes,     773024 total
- age   2:     159960 bytes,     932984 total
- age   3:      86472 bytes,    1019456 total
 23365K->17325K(24716K), 0.0014368 secs]
16.024: [GC
Desired survivor size 557056 bytes, new threshold 1 (max 15)
- age   1:     796048 bytes,     796048 total
 23852K->17670K(24716K), 0.0017076 secs]
16.031: [GC
Desired survivor size 557056 bytes, new threshold 1 (max 15)
- age   1:     807592 bytes,     807592 total
 24161K->18083K(24908K), 0.0018101 secs]
16.034: [Full GC 18083K->10095K(24908K), 0.0715431 secs]
16.109: [GC
Desired survivor size 557056 bytes, new threshold 1 (max 15)
- age   1:     626592 bytes,     626592 total
 16609K->10711K(24716K), 0.0010983 secs]
16.116: [GC
Desired survivor size 557056 bytes, new threshold 15 (max 15)
- age   1:     532024 bytes,     532024 total
 17198K->10912K(24716K), 0.0010921 secs]
16.121: [GC
Desired survivor size 557056 bytes, new threshold 1 (max 15)
- age   1:     798352 bytes,     798352 total
- age   2:     236864 bytes,    1035216 total
 17373K->11404K(24716K), 0.0013650 secs]
16.130: [GC
Desired survivor size 557056 bytes, new threshold 1 (max 15)
- age   1:     723488 bytes,     723488 total
 17903K->11411K(24716K), 0.0018040 secs]
16.137: [GC
Desired survivor size 557056 bytes, new threshold 15 (max 15)
- age   1:     293880 bytes,     293880 total
 17925K->11243K(24716K), 0.0009634 secs]
16.142: [GC
Desired survivor size 557056 bytes, new threshold 15 (max 15)
- age   1:     312016 bytes,     312016 total
- age   2:       2968 bytes,     314984 total
 17748K->11263K(24716K), 0.0007873 secs]
16.149: [GC
Desired survivor size 557056 bytes, new threshold 15 (max 15)
- age   1:      82200 bytes,      82200 total
- age   2:     168736 bytes,     250936 total
- age   3:       2480 bytes,     253416 total
 17740K->11203K(24716K), 0.0006807 secs]
16.155: [GC
Desired survivor size 557056 bytes, new threshold 3 (max 15)
- age   1:     482376 bytes,     482376 total
- age   2:       4840 bytes,     487216 total
- age   3:     168736 bytes,     655952 total
- age   4:       2480 bytes,     658432 total
 17715K->11600K(24716K), 0.0009338 secs]
16.160: [GC
Desired survivor size 557056 bytes, new threshold 15 (max 15)
- age   1:     283192 bytes,     283192 total
- age   2:     163840 bytes,     447032 total
- age   3:       4840 bytes,     451872 total
 18056K->11574K(24716K), 0.0010973 secs]
16.165: [GC
Desired survivor size 557056 bytes, new threshold 15 (max 15)
- age   1:     187096 bytes,     187096 total
- age   2:      80272 bytes,     267368 total
- age   3:     163840 bytes,     431208 total
- age   4:       4840 bytes,     436048 total
 18091K->11555K(24716K), 0.0009331 secs]
16.170: [GC
Desired survivor size 557056 bytes, new threshold 1 (max 15)
- age   1:     671048 bytes,     671048 total
- age   2:      18016 bytes,     689064 total
- age   3:      80272 bytes,     769336 total
- age   4:     163840 bytes,     933176 total
- age   5:       4840 bytes,     938016 total
 18070K->12048K(24716K), 0.0015131 secs]
16.176: [GC
Desired survivor size 557056 bytes, new threshold 1 (max 15)
- age   1:     804008 bytes,     804008 total
 18574K->12665K(24716K), 0.0020344 secs]
16.182: [GC
Desired survivor size 557056 bytes, new threshold 15 (max 15)
- age   1:     345608 bytes,     345608 total
 19128K->12417K(24716K), 0.0013886 secs]
16.191: [GC
Desired survivor size 557056 bytes, new threshold 1 (max 15)
- age   1:     767064 bytes,     767064 total
- age   2:      84448 bytes,     851512 total
 18858K->12910K(24716K), 0.0013911 secs]
16.197: [GC
Desired survivor size 557056 bytes, new threshold 1 (max 15)
- age   1:     684064 bytes,     684064 total
 19410K->13240K(24716K), 0.0021344 secs]
16.204: [GC
Desired survivor size 557056 bytes, new threshold 15 (max 15)
- age   1:     431576 bytes,     431576 total
 19705K->13572K(24716K), 0.0015141 secs]
16.209: [GC
Desired survivor size 557056 bytes, new threshold 1 (max 15)
- age   1:     703368 bytes,     703368 total
- age   2:     320240 bytes,    1023608 total
 20095K->14150K(24716K), 0.0016932 secs]
16.220: [GC
Desired survivor size 557056 bytes, new threshold 15 (max 15)
- age   1:     260104 bytes,     260104 total
 20676K->14232K(24716K), 0.0016385 secs]
16.225: [GC
Desired survivor size 557056 bytes, new threshold 15 (max 15)
- age   1:     131192 bytes,     131192 total
- age   2:     255096 bytes,     386288 total
 20754K->14354K(24716K), 0.0011450 secs]
16.231: [GC
Desired survivor size 557056 bytes, new threshold 15 (max 15)
- age   1:     434160 bytes,     434160 total
- age   2:      15984 bytes,     450144 total
- age   3:      10376 bytes,     460520 total
 20882K->14428K(24716K), 0.0008856 secs]
16.236: [GC
Desired survivor size 557056 bytes, new threshold 15 (max 15)
- age   1:     376712 bytes,     376712 total
- age   2:       5080 bytes,     381792 total
- age   3:      15984 bytes,     397776 total
- age   4:      10376 bytes,     408152 total
 20944K->14379K(24716K), 0.0010772 secs]
16.241: [GC
Desired survivor size 557056 bytes, new threshold 15 (max 15)
- age   1:     316400 bytes,     316400 total
- age   2:     148984 bytes,     465384 total
- age   3:       5080 bytes,     470464 total
- age   4:      15984 bytes,     486448 total
- age   5:      10376 bytes,     496824 total
 20847K->14466K(24716K), 0.0010374 secs]
16.248: [GC
Desired survivor size 557056 bytes, new threshold 1 (max 15)
- age   1:     700608 bytes,     700608 total
- age   2:     252992 bytes,     953600 total
- age   3:      82992 bytes,    1036592 total
- age   4:       3840 bytes,    1040432 total
- age   5:      15984 bytes,    1056416 total
- age   6:      10376 bytes,    1066792 total
 20907K->15156K(24716K), 0.0013513 secs]
16.254: [GC
Desired survivor size 557056 bytes, new threshold 15 (max 15)
- age   1:     270624 bytes,     270624 total
 21651K->15026K(24716K), 0.0012566 secs]
16.260: [GC
Desired survivor size 557056 bytes, new threshold 15 (max 15)
- age   1:     453424 bytes,     453424 total
- age   2:         40 bytes,     453464 total
 21528K->15197K(24716K), 0.0009254 secs]
16.267: [GC
Desired survivor size 557056 bytes, new threshold 15 (max 15)
- age   1:     485104 bytes,     485104 total
- age   2:       5896 bytes,     491000 total
 21711K->15234K(24716K), 0.0010280 secs]
16.272: [GC
Desired survivor size 557056 bytes, new threshold 2 (max 15)
- age   1:     368136 bytes,     368136 total
- age   2:     322200 bytes,     690336 total
- age   3:       5896 bytes,     696232 total
 21728K->15434K(24716K), 0.0011002 secs]
16.278: [GC
Desired survivor size 557056 bytes, new threshold 2 (max 15)
- age   1:     432696 bytes,     432696 total
- age   2:     150584 bytes,     583280 total
 21929K->15517K(24716K), 0.0011371 secs]
16.284: [GC
Desired survivor size 557056 bytes, new threshold 1 (max 15)
- age   1:     572016 bytes,     572016 total
- age   2:         40 bytes,     572056 total
 22044K->15653K(24716K), 0.0011765 secs]
16.290: [GC
Desired survivor size 557056 bytes, new threshold 15 (max 15)
- age   1:     260920 bytes,     260920 total
 22174K->15587K(24716K), 0.0010540 secs]
16.295: [GC
Desired survivor size 557056 bytes, new threshold 1 (max 15)
- age   1:     877312 bytes,     877312 total
- age   2:     157984 bytes,    1035296 total
 22105K->16503K(24716K), 0.0016159 secs]
16.302: [GC
Desired survivor size 557056 bytes, new threshold 15 (max 15)
- age   1:     402384 bytes,     402384 total
 23028K->16293K(24716K), 0.0011521 secs]
16.309: [GC
Desired survivor size 557056 bytes, new threshold 1 (max 15)
- age   1:     689320 bytes,     689320 total
- age   2:      60520 bytes,     749840 total
 22811K->16632K(24716K), 0.0013353 secs]
16.319: [GC
Desired survivor size 557056 bytes, new threshold 1 (max 15)
- age   1:     797552 bytes,     797552 total
 23112K->16860K(24716K), 0.0023923 secs]
16.328: [GC
Desired survivor size 557056 bytes, new threshold 1 (max 15)
- age   1:    1020472 bytes,    1020472 total
 23385K->17672K(24716K), 0.0017431 secs]
16.335: [GC
Desired survivor size 557056 bytes, new threshold 15 (max 15)
- age   1:      33064 bytes,      33064 total
 24188K->17664K(25292K), 0.0021214 secs]
16.337: [Full GC 17664K->10018K(25292K), 0.0717891 secs]
16.415: [GC
Desired survivor size 557056 bytes, new threshold 15 (max 15)
- age   1:      92576 bytes,      92576 total
 16546K->10111K(24716K), 0.0006495 secs]
16.420: [GC
Desired survivor size 557056 bytes, new threshold 1 (max 15)
- age   1:     718288 bytes,     718288 total
- age   2:      59368 bytes,     777656 total
 16631K->10780K(24716K), 0.0011720 secs]
16.426: [GC
Desired survivor size 557056 bytes, new threshold 1 (max 15)
- age   1:    1025408 bytes,    1025408 total
 17280K->11547K(24716K), 0.0016890 secs]
16.433: [GC
Desired survivor size 557056 bytes, new threshold 15 (max 15)
- age   1:     293984 bytes,     293984 total
 18020K->11330K(24716K), 0.0030925 secs]
16.443: [GC
Desired survivor size 557056 bytes, new threshold 2 (max 15)
- age   1:     483728 bytes,     483728 total
- age   2:     255992 bytes,     739720 total
 17852K->11767K(24716K), 0.0011686 secs]
16.450: [GC
Desired survivor size 557056 bytes, new threshold 1 (max 15)
- age   1:     664136 bytes,     664136 total
- age   2:     403344 bytes,    1067480 total
 18279K->12339K(24716K), 0.0013585 secs]
16.456: [GC
Desired survivor size 557056 bytes, new threshold 15 (max 15)
- age   1:     293632 bytes,     293632 total
 18859K->12425K(24716K), 0.0014230 secs]
16.462: [GC
Desired survivor size 557056 bytes, new threshold 15 (max 15)
- age   1:     248952 bytes,     248952 total
- age   2:      82216 bytes,     331168 total
 18953K->12457K(24716K), 0.0008823 secs]
16.471: [GC
Desired survivor size 557056 bytes, new threshold 1 (max 15)
- age   1:     662144 bytes,     662144 total
- age   2:        912 bytes,     663056 total
- age   3:      82216 bytes,     745272 total
 18984K->12861K(24716K), 0.0011751 secs]
16.477: [GC
Desired survivor size 557056 bytes, new threshold 15 (max 15)
- age   1:     235960 bytes,     235960 total
 19329K->13013K(24716K), 0.0013047 secs]
16.484: [GC
Desired survivor size 557056 bytes, new threshold 15 (max 15)
- age   1:     334784 bytes,     334784 total
- age   2:      30448 bytes,     365232 total
 19537K->13138K(24716K), 0.0012575 secs]
16.490: [GC
Desired survivor size 557056 bytes, new threshold 15 (max 15)
- age   1:     252032 bytes,     252032 total
- age   2:     176840 bytes,     428872 total
- age   3:      30448 bytes,     459320 total
 19660K->13228K(24716K), 0.0012157 secs]
16.495: [GC
Desired survivor size 557056 bytes, new threshold 1 (max 15)
- age   1:     585248 bytes,     585248 total
- age   2:       7536 bytes,     592784 total
- age   3:     176840 bytes,     769624 total
- age   4:      30448 bytes,     800072 total
 19717K->13562K(24716K), 0.0016666 secs]
16.505: [GC
Desired survivor size 557056 bytes, new threshold 15 (max 15)
- age   1:     173536 bytes,     173536 total
 20055K->13493K(24716K), 0.0011753 secs]
16.513: [GC
Desired survivor size 557056 bytes, new threshold 15 (max 15)
- age   1:      96544 bytes,      96544 total
- age   2:       3616 bytes,     100160 total
 20021K->13419K(24716K), 0.0008633 secs]
16.524: [GC
Desired survivor size 557056 bytes, new threshold 15 (max 15)
- age   1:      41728 bytes,      41728 total
- age   2:      10088 bytes,      51816 total
- age   3:       3616 bytes,      55432 total
 19905K->13376K(24716K), 0.0011567 secs]
16.529: [GC
Desired survivor size 557056 bytes, new threshold 15 (max 15)
- age   1:      98632 bytes,      98632 total
- age   2:       3792 bytes,     102424 total
- age   3:       8464 bytes,     110888 total
- age   4:       3504 bytes,     114392 total
 19903K->13442K(24716K), 0.0009850 secs]
16.534: [GC
Desired survivor size 557056 bytes, new threshold 2 (max 15)
- age   1:     555352 bytes,     555352 total
- age   2:      17016 bytes,     572368 total
- age   3:       3088 bytes,     575456 total
- age   4:       8464 bytes,     583920 total
- age   5:       3504 bytes,     587424 total
 19944K->13909K(24716K), 0.0010797 secs]
16.539: [GC
Desired survivor size 557056 bytes, new threshold 15 (max 15)
- age   1:     302200 bytes,     302200 total
- age   2:     214176 bytes,     516376 total
 20410K->13871K(24716K), 0.0011108 secs]
16.547: [GC
Desired survivor size 557056 bytes, new threshold 3 (max 15)
- age   1:     413592 bytes,     413592 total
- age   3:     213872 bytes,     627464 total
 20306K->13971K(24716K), 0.0016413 secs]
16.557: [GC
Desired survivor size 557056 bytes, new threshold 15 (max 15)
- age   1:      55560 bytes,      55560 total
- age   2:     145608 bytes,     201168 total
 20499K->13763K(24716K), 0.0010440 secs]
16.566: [GC
Desired survivor size 557056 bytes, new threshold 3 (max 15)
- age   1:     500744 bytes,     500744 total
- age   2:      54688 bytes,     555432 total
- age   3:     145552 bytes,     700984 total
 20291K->14252K(24716K), 0.0010781 secs]
16.571: [GC
Desired survivor size 557056 bytes, new threshold 2 (max 15)
- age   1:     328776 bytes,     328776 total
- age   2:     309744 bytes,     638520 total
- age   3:       2392 bytes,     640912 total
 20761K->14345K(24716K), 0.0012000 secs]
16.576: [GC
Desired survivor size 557056 bytes, new threshold 15 (max 15)
- age   1:      92200 bytes,      92200 total
- age   2:     231768 bytes,     323968 total
 20862K->14340K(24716K), 0.0016913 secs]
16.584: [GC
Desired survivor size 557056 bytes, new threshold 15 (max 15)
- age   1:     129008 bytes,     129008 total
- age   2:      61936 bytes,     190944 total
- age   3:     231728 bytes,     422672 total
 20820K->14433K(24716K), 0.0009077 secs]
16.590: [GC
Desired survivor size 557056 bytes, new threshold 15 (max 15)
- age   1:     163576 bytes,     163576 total
- age   2:       5864 bytes,     169440 total
- age   3:      61936 bytes,     231376 total
- age   4:     231728 bytes,     463104 total
 20958K->14473K(24716K), 0.0009857 secs]
16.596: [GC
Desired survivor size 557056 bytes, new threshold 15 (max 15)
- age   1:      60472 bytes,      60472 total
- age   2:     123352 bytes,     183824 total
- age   3:       4240 bytes,     188064 total
- age   4:      61936 bytes,     250000 total
- age   5:     231728 bytes,     481728 total
 20992K->14491K(24716K), 0.0012314 secs]
16.601: [GC
Desired survivor size 557056 bytes, new threshold 15 (max 15)
- age   1:     131456 bytes,     131456 total
- age   2:       6056 bytes,     137512 total
- age   3:     111520 bytes,     249032 total
- age   4:       4240 bytes,     253272 total
- age   5:      61936 bytes,     315208 total
- age   6:     231728 bytes,     546936 total
 21013K->14557K(24716K), 0.0015582 secs]
16.606: [GC
Desired survivor size 557056 bytes, new threshold 7 (max 15)
- age   1:     115208 bytes,     115208 total
- age   2:      35536 bytes,     150744 total
- age   3:       6056 bytes,     156800 total
- age   4:     111520 bytes,     268320 total
- age   5:       4240 bytes,     272560 total
- age   6:      61936 bytes,     334496 total
- age   7:     231728 bytes,     566224 total
 21041K->14578K(24716K), 0.0012455 secs]
16.613: [GC
Desired survivor size 557056 bytes, new threshold 15 (max 15)
- age   1:      35256 bytes,      35256 total
- age   2:      92352 bytes,     127608 total
- age   3:      35536 bytes,     163144 total
- age   4:       6056 bytes,     169200 total
- age   5:     111520 bytes,     280720 total
- age   6:       4240 bytes,     284960 total
- age   7:      61936 bytes,     346896 total
 21104K->14595K(24716K), 0.0011146 secs]
16.619: [GC
Desired survivor size 557056 bytes, new threshold 4 (max 15)
- age   1:     406552 bytes,     406552 total
- age   2:      35216 bytes,     441768 total
- age   3:      92352 bytes,     534120 total
- age   4:      35536 bytes,     569656 total
- age   5:       6056 bytes,     575712 total
- age   6:     111520 bytes,     687232 total
- age   7:       4240 bytes,     691472 total
- age   8:      61936 bytes,     753408 total
 21123K->14997K(24716K), 0.0012608 secs]
16.626: [GC
Desired survivor size 557056 bytes, new threshold 1 (max 15)
- age   1:     842536 bytes,     842536 total
- age   2:     153584 bytes,     996120 total
- age   3:       5104 bytes,    1001224 total
- age   4:      92352 bytes,    1093576 total
 21483K->15775K(24716K), 0.0015920 secs]
16.632: [GC
Desired survivor size 557056 bytes, new threshold 15 (max 15)
- age   1:     215960 bytes,     215960 total
 22257K->15839K(24716K), 0.0015479 secs]
16.638: [GC
Desired survivor size 557056 bytes, new threshold 15 (max 15)
- age   1:     196992 bytes,     196992 total
- age   2:      43208 bytes,     240200 total
 22358K->15855K(24716K), 0.0007732 secs]
16.643: [GC
Desired survivor size 557056 bytes, new threshold 15 (max 15)
- age   1:     325016 bytes,     325016 total
- age   2:       6096 bytes,     331112 total
- age   3:      43208 bytes,     374320 total
 22372K->15984K(24716K), 0.0012095 secs]
16.649: [GC
Desired survivor size 557056 bytes, new threshold 2 (max 15)
- age   1:     538520 bytes,     538520 total
- age   2:      68000 bytes,     606520 total
- age   3:       6096 bytes,     612616 total
- age   4:      43208 bytes,     655824 total
 22503K->16260K(24716K), 0.0011320 secs]
16.653: [GC
Desired survivor size 557056 bytes, new threshold 2 (max 15)
- age   1:     125824 bytes,     125824 total
- age   2:     528360 bytes,     654184 total
 22785K->16336K(24716K), 0.0017971 secs]
16.659: [GC
Desired survivor size 557056 bytes, new threshold 15 (max 15)
- age   1:     395600 bytes,     395600 total
- age   2:      78192 bytes,     473792 total
 22854K->16162K(24716K), 0.0009946 secs]
16.666: [GC
Desired survivor size 557056 bytes, new threshold 1 (max 15)
- age   1:     575704 bytes,     575704 total
- age   2:      39008 bytes,     614712 total
- age   3:      78192 bytes,     692904 total
 22667K->16377K(24716K), 0.0011588 secs]
16.672: [GC
Desired survivor size 557056 bytes, new threshold 15 (max 15)
- age   1:     254584 bytes,     254584 total
 22900K->16282K(24716K), 0.0012558 secs]
16.677: [GC
Desired survivor size 557056 bytes, new threshold 15 (max 15)
- age   1:     498984 bytes,     498984 total
- age   2:      54152 bytes,     553136 total
 22746K->16575K(24716K), 0.0008944 secs]
16.682: [GC
Desired survivor size 557056 bytes, new threshold 15 (max 15)
- age   1:     195808 bytes,     195808 total
- age   2:     200152 bytes,     395960 total
- age   3:      54152 bytes,     450112 total
 23072K->16474K(24716K), 0.0008821 secs]
16.688: [GC
Desired survivor size 557056 bytes, new threshold 3 (max 15)
- age   1:     328048 bytes,     328048 total
- age   2:      56008 bytes,     384056 total
- age   3:     200152 bytes,     584208 total
- age   4:      54152 bytes,     638360 total
 22993K->16658K(24716K), 0.0012797 secs]
16.694: [GC
Desired survivor size 557056 bytes, new threshold 2 (max 15)
- age   1:     352768 bytes,     352768 total
- age   2:     307960 bytes,     660728 total
- age   3:      56008 bytes,     716736 total
 23185K->16982K(24716K), 0.0021111 secs]
16.700: [GC
Desired survivor size 557056 bytes, new threshold 2 (max 15)
- age   1:     375944 bytes,     375944 total
- age   2:     352768 bytes,     728712 total
 23454K->17144K(24716K), 0.0015145 secs]
16.706: [GC
Desired survivor size 557056 bytes, new threshold 1 (max 15)
- age   1:     935360 bytes,     935360 total
- age   2:     154888 bytes,    1090248 total
 23636K->18079K(24716K), 0.0019083 secs]
16.712: [GC
Desired survivor size 557056 bytes, new threshold 15 (max 15)
- age   1:     402712 bytes,     402712 total
 24552K->17850K(25100K), 0.0013406 secs]
16.714: [Full GC 17850K->8335K(25100K), 0.0700745 secs]
16.790: [GC
Desired survivor size 557056 bytes, new threshold 1 (max 15)
- age   1:     642712 bytes,     642712 total
 14857K->8966K(24716K), 0.0008996 secs]
16.795: [GC
Desired survivor size 557056 bytes, new threshold 15 (max 15)
- age   1:     271592 bytes,     271592 total
 15491K->9043K(24716K), 0.0010991 secs]
16.800: [GC
Desired survivor size 557056 bytes, new threshold 2 (max 15)
- age   1:     436152 bytes,     436152 total
- age   2:     243512 bytes,     679664 total
 15549K->9442K(24716K), 0.0017602 secs]
16.806: [GC
Desired survivor size 557056 bytes, new threshold 15 (max 15)
- age   1:     177400 bytes,     177400 total
- age   2:     236672 bytes,     414072 total
 15954K->9422K(24716K), 0.0011248 secs]
16.811: [GC
Desired survivor size 557056 bytes, new threshold 15 (max 15)
- age   1:     135736 bytes,     135736 total
- age   2:      23168 bytes,     158904 total
- age   3:     236672 bytes,     395576 total
 15945K->9404K(24716K), 0.0011968 secs]
16.817: [GC
Desired survivor size 557056 bytes, new threshold 4 (max 15)
- age   1:     433480 bytes,     433480 total
- age   2:      57368 bytes,     490848 total
- age   3:      23168 bytes,     514016 total
- age   4:     236672 bytes,     750688 total
 15925K->9751K(24716K), 0.0013093 secs]
16.825: [GC
Desired survivor size 557056 bytes, new threshold 2 (max 15)
- age   1:     348600 bytes,     348600 total
- age   2:     256728 bytes,     605328 total
- age   3:      57368 bytes,     662696 total
- age   4:      23168 bytes,     685864 total
 16267K->9918K(24716K), 0.0011172 secs]
16.830: [GC
Desired survivor size 557056 bytes, new threshold 1 (max 15)
- age   1:     559680 bytes,     559680 total
- age   2:     274584 bytes,     834264 total
 16427K->10392K(24716K), 0.0018280 secs]
16.836: [GC
Desired survivor size 557056 bytes, new threshold 15 (max 15)
- age   1:     354304 bytes,     354304 total
 16918K->10676K(24716K), 0.0014666 secs]
16.842: [GC
Desired survivor size 557056 bytes, new threshold 15 (max 15)
- age   1:     320504 bytes,     320504 total
- age   2:     119480 bytes,     439984 total
 17181K->10760K(24716K), 0.0009623 secs]
16.847: [GC
Desired survivor size 557056 bytes, new threshold 15 (max 15)
- age   1:     135000 bytes,     135000 total
- age   2:      79720 bytes,     214720 total
- age   3:     119440 bytes,     334160 total
 17268K->10656K(24716K), 0.0018728 secs]
16.853: [GC
Desired survivor size 557056 bytes, new threshold 15 (max 15)
- age   1:     164544 bytes,     164544 total
- age   2:      81792 bytes,     246336 total
- age   3:      79720 bytes,     326056 total
- age   4:     119440 bytes,     445496 total
 17167K->10762K(24716K), 0.0037563 secs]
16.864: [GC
Desired survivor size 557056 bytes, new threshold 4 (max 15)
- age   1:     306168 bytes,     306168 total
- age   2:     133576 bytes,     439744 total
- age   3:      81792 bytes,     521536 total
- age   4:      79720 bytes,     601256 total
- age   5:     119440 bytes,     720696 total
 17290K->11032K(24716K), 0.0018571 secs]
16.870: [GC
Desired survivor size 557056 bytes, new threshold 4 (max 15)
- age   1:     130696 bytes,     130696 total
- age   2:     220424 bytes,     351120 total
- age   3:     133576 bytes,     484696 total
- age   4:      81792 bytes,     566488 total
 17538K->11076K(24716K), 0.0012401 secs]
16.877: [GC
Desired survivor size 557056 bytes, new threshold 15 (max 15)
- age   1:     159512 bytes,     159512 total
- age   2:      72424 bytes,     231936 total
- age   3:      96208 bytes,     328144 total
- age   4:     133576 bytes,     461720 total
 17601K->11053K(24716K), 0.0009235 secs]
16.882: [GC
Desired survivor size 557056 bytes, new threshold 15 (max 15)
- age   1:      65904 bytes,      65904 total
- age   2:      75792 bytes,     141696 total
- age   3:      72424 bytes,     214120 total
- age   4:      96208 bytes,     310328 total
- age   5:     133576 bytes,     443904 total
 17576K->11036K(24716K), 0.0009290 secs]
16.886: [GC
Desired survivor size 557056 bytes, new threshold 1 (max 15)
- age   1:     606168 bytes,     606168 total
- age   2:      26416 bytes,     632584 total
- age   3:      75792 bytes,     708376 total
- age   4:      72424 bytes,     780800 total
- age   5:      96208 bytes,     877008 total
- age   6:     133576 bytes,    1010584 total
 17519K->11589K(24716K), 0.0013874 secs]
16.892: [GC
Desired survivor size 557056 bytes, new threshold 15 (max 15)
- age   1:     398808 bytes,     398808 total
 18086K->11809K(24716K), 0.0017202 secs]
16.899: [GC
Desired survivor size 557056 bytes, new threshold 2 (max 15)
- age   1:     438112 bytes,     438112 total
- age   2:     240832 bytes,     678944 total
 18315K->12083K(24716K), 0.0013674 secs]
16.905: [GC
Desired survivor size 557056 bytes, new threshold 2 (max 15)
- age   1:     471816 bytes,     471816 total
- age   2:     194104 bytes,     665920 total
 18566K->12305K(24716K), 0.0012638 secs]
16.911: [GC
Desired survivor size 557056 bytes, new threshold 2 (max 15)
- age   1:     335248 bytes,     335248 total
- age   2:     285008 bytes,     620256 total
 18809K->12394K(24716K), 0.0011150 secs]
16.916: [GC
Desired survivor size 557056 bytes, new threshold 1 (max 15)
- age   1:     854472 bytes,     854472 total
- age   2:     191840 bytes,    1046312 total
 18915K->13088K(24716K), 0.0014726 secs]
16.923: [GC
Desired survivor size 557056 bytes, new threshold 1 (max 15)
- age   1:     623808 bytes,     623808 total
 19603K->13313K(24716K), 0.0015056 secs]
16.929: [GC
Desired survivor size 557056 bytes, new threshold 15 (max 15)
- age   1:     144440 bytes,     144440 total
 19795K->13335K(24716K), 0.0010873 secs]
16.935: [GC
Desired survivor size 557056 bytes, new threshold 15 (max 15)
- age   1:     124704 bytes,     124704 total
- age   2:      79904 bytes,     204608 total
 19854K->13391K(24716K), 0.0020078 secs]
16.940: [GC
Desired survivor size 557056 bytes, new threshold 15 (max 15)
- age   1:      90464 bytes,      90464 total
- age   2:      66944 bytes,     157408 total
- age   3:      52888 bytes,     210296 total
 19869K->13399K(24716K), 0.0011443 secs]
16.945: [GC
Desired survivor size 557056 bytes, new threshold 1 (max 15)
- age   1:     706208 bytes,     706208 total
- age   2:      59736 bytes,     765944 total
- age   3:      66944 bytes,     832888 total
- age   4:      52888 bytes,     885776 total
 19870K->14058K(24716K), 0.0020061 secs]
16.954: [GC
Desired survivor size 557056 bytes, new threshold 15 (max 15)
- age   1:     364248 bytes,     364248 total
 20571K->13898K(24716K), 0.0013069 secs]
16.961: [GC
Desired survivor size 557056 bytes, new threshold 1 (max 15)
- age   1:     626352 bytes,     626352 total
 20424K->14155K(24716K), 0.0011338 secs]
16.967: [GC
Desired survivor size 557056 bytes, new threshold 15 (max 15)
- age   1:      47352 bytes,      47352 total
 20683K->14176K(24716K), 0.0012062 secs]
16.973: [GC
Desired survivor size 557056 bytes, new threshold 15 (max 15)
- age   1:     299848 bytes,     299848 total
- age   2:       5128 bytes,     304976 total
 20647K->14429K(24716K), 0.0007815 secs]
16.979: [GC
Desired survivor size 557056 bytes, new threshold 2 (max 15)
- age   1:     537800 bytes,     537800 total
- age   2:      45184 bytes,     582984 total
- age   3:       4568 bytes,     587552 total
 20951K->14704K(24716K), 0.0009942 secs]
16.984: [GC
Desired survivor size 557056 bytes, new threshold 2 (max 15)
- age   1:     460776 bytes,     460776 total
- age   2:     335048 bytes,     795824 total
 21218K->14954K(24716K), 0.0012542 secs]
16.990: [GC
Desired survivor size 557056 bytes, new threshold 15 (max 15)
- age   1:      38384 bytes,      38384 total
- age   2:     460776 bytes,     499160 total
 21440K->14965K(24716K), 0.0012978 secs]
16.996: [GC
Desired survivor size 557056 bytes, new threshold 3 (max 15)
- age   1:     179256 bytes,     179256 total
- age   2:       7392 bytes,     186648 total
- age   3:     380984 bytes,     567632 total
 21489K->15032K(24716K), 0.0012799 secs]
17.002: [GC
Desired survivor size 557056 bytes, new threshold 2 (max 15)
- age   1:     506784 bytes,     506784 total
- age   2:     145312 bytes,     652096 total
- age   3:       7392 bytes,     659488 total
 21535K->15494K(24716K), 0.0019819 secs]
17.008: [GC
Desired survivor size 557056 bytes, new threshold 2 (max 15)
- age   1:     293208 bytes,     293208 total
- age   2:     457392 bytes,     750600 total
 21968K->15733K(24716K), 0.0039448 secs]
17.017: [GC
Desired survivor size 557056 bytes, new threshold 2 (max 15)
- age   1:     355504 bytes,     355504 total
- age   2:     212824 bytes,     568328 total
 22224K->16010K(24716K), 0.0017500 secs]
17.024: [GC
Desired survivor size 557056 bytes, new threshold 15 (max 15)
- age   1:     363296 bytes,     363296 total
- age   2:     111000 bytes,     474296 total
 22471K->16124K(24716K), 0.0023603 secs]
17.030: [GC
Desired survivor size 557056 bytes, new threshold 15 (max 15)
- age   1:     132440 bytes,     132440 total
- age   2:     114312 bytes,     246752 total
- age   3:     111000 bytes,     357752 total
 22621K->16010K(24716K), 0.0008760 secs]
17.035: [GC
Desired survivor size 557056 bytes, new threshold 1 (max 15)
- age   1:     587304 bytes,     587304 total
- age   2:       4776 bytes,     592080 total
- age   3:      75088 bytes,     667168 total
- age   4:     111000 bytes,     778168 total
 22538K->16419K(24716K), 0.0011676 secs]
17.041: [GC
Desired survivor size 557056 bytes, new threshold 15 (max 15)
- age   1:     283600 bytes,     283600 total
 22922K->16511K(24716K), 0.0016223 secs]
17.048: [GC
Desired survivor size 557056 bytes, new threshold 1 (max 15)
- age   1:     893688 bytes,     893688 total
- age   2:     203024 bytes,    1096712 total
 23034K->17307K(24716K), 0.0013471 secs]
17.054: [GC
Desired survivor size 557056 bytes, new threshold 15 (max 15)
- age   1:     518464 bytes,     518464 total
 23826K->17374K(24716K), 0.0014940 secs]
17.060: [GC
Desired survivor size 557056 bytes, new threshold 2 (max 15)
- age   1:     262904 bytes,     262904 total
- age   2:     353096 bytes,     616000 total
 23865K->17469K(24716K), 0.0010776 secs]
17.065: [GC
Desired survivor size 557056 bytes, new threshold 15 (max 15)
- age   1:     263104 bytes,     263104 total
- age   2:     178624 bytes,     441728 total
 23954K->17644K(24908K), 0.0012478 secs]
17.067: [Full GC 17644K->9157K(24908K), 0.0708632 secs]
17.142: [GC
Desired survivor size 557056 bytes, new threshold 15 (max 15)
- age   1:     475664 bytes,     475664 total
 15678K->9625K(24716K), 0.0010742 secs]
17.148: [GC
Desired survivor size 557056 bytes, new threshold 2 (max 15)
- age   1:     436280 bytes,     436280 total
- age   2:     405440 bytes,     841720 total
 16121K->9982K(24716K), 0.0010774 secs]
17.153: [GC
Desired survivor size 557056 bytes, new threshold 1 (max 15)
- age   1:     617984 bytes,     617984 total
- age   2:     353272 bytes,     971256 total
 16434K->10513K(24716K), 0.0015557 secs]
17.159: [GC
Desired survivor size 557056 bytes, new threshold 15 (max 15)
- age   1:     477856 bytes,     477856 total
 17013K->10591K(24716K), 0.0014054 secs]
17.165: [GC
Desired survivor size 557056 bytes, new threshold 2 (max 15)
- age   1:     249744 bytes,     249744 total
- age   2:     308368 bytes,     558112 total
 17091K->10669K(24716K), 0.0010040 secs]
17.170: [GC
Desired survivor size 557056 bytes, new threshold 2 (max 15)
- age   1:     420592 bytes,     420592 total
- age   2:     164304 bytes,     584896 total
 17188K->10997K(24716K), 0.0012194 secs]
17.177: [GC
Desired survivor size 557056 bytes, new threshold 15 (max 15)
- age   1:     137680 bytes,     137680 total
- age   2:     247688 bytes,     385368 total
 17497K->10854K(24716K), 0.0014864 secs]
17.184: [GC
Desired survivor size 557056 bytes, new threshold 3 (max 15)
- age   1:     355568 bytes,     355568 total
- age   3:     247688 bytes,     603256 total
 17363K->11066K(24716K), 0.0011552 secs]
17.189: [GC
Desired survivor size 557056 bytes, new threshold 2 (max 15)
- age   1:     470056 bytes,     470056 total
- age   2:     259568 bytes,     729624 total
 17564K->11431K(24716K), 0.0013377 secs]
17.195: [GC
Desired survivor size 557056 bytes, new threshold 15 (max 15)
- age   1:     161192 bytes,     161192 total
- age   2:     339520 bytes,     500712 total
 17926K->11326K(24716K), 0.0013104 secs]
17.202: [GC
Desired survivor size 557056 bytes, new threshold 3 (max 15)
- age   1:     433992 bytes,     433992 total
- age   2:      92880 bytes,     526872 total
- age   3:     339520 bytes,     866392 total
 17843K->11684K(24716K), 0.0011506 secs]
17.207: [GC
Desired survivor size 557056 bytes, new threshold 2 (max 15)
- age   1:     397080 bytes,     397080 total
- age   2:     433136 bytes,     830216 total
- age   3:      92880 bytes,     923096 total
 18140K->12071K(24716K), 0.0017958 secs]
17.213: [GC
Desired survivor size 557056 bytes, new threshold 2 (max 15)
- age   1:     390664 bytes,     390664 total
- age   2:     349096 bytes,     739760 total
 18577K->12412K(24716K), 0.0016250 secs]
17.219: [GC
Desired survivor size 557056 bytes, new threshold 2 (max 15)
- age   1:     423688 bytes,     423688 total
- age   2:     170416 bytes,     594104 total
 18933K->12610K(24716K), 0.0013392 secs]
17.225: [GC
Desired survivor size 557056 bytes, new threshold 2 (max 15)
- age   1:     187752 bytes,     187752 total
- age   2:     398184 bytes,     585936 total
 19127K->12768K(24716K), 0.0015279 secs]
17.231: [GC
Desired survivor size 557056 bytes, new threshold 15 (max 15)
- age   1:     291128 bytes,     291128 total
- age   2:     143616 bytes,     434744 total
 19277K->13009K(24716K), 0.0012689 secs]
17.236: [GC
Desired survivor size 557056 bytes, new threshold 2 (max 15)
- age   1:     319256 bytes,     319256 total
- age   2:     269984 bytes,     589240 total
- age   3:     143616 bytes,     732856 total
 19533K->13299K(24716K), 0.0012298 secs]
17.242: [GC
Desired survivor size 557056 bytes, new threshold 15 (max 15)
- age   1:     140936 bytes,     140936 total
- age   2:     264904 bytes,     405840 total
 19788K->13226K(24716K), 0.0011246 secs]
17.247: [GC
Desired survivor size 557056 bytes, new threshold 15 (max 15)
- age   1:     144448 bytes,     144448 total
- age   2:      84456 bytes,     228904 total
- age   3:     190152 bytes,     419056 total
 19727K->13238K(24716K), 0.0014046 secs]
17.253: [GC
Desired survivor size 557056 bytes, new threshold 15 (max 15)
- age   1:     192808 bytes,     192808 total
- age   3:      84456 bytes,     277264 total
- age   4:     188208 bytes,     465472 total
 19746K->13284K(24716K), 0.0016200 secs]
17.258: [GC
Desired survivor size 557056 bytes, new threshold 1 (max 15)
- age   1:     627040 bytes,     627040 total
- age   2:     128144 bytes,     755184 total
- age   4:      84456 bytes,     839640 total
- age   5:     188208 bytes,    1027848 total
 19803K->13833K(24716K), 0.0013943 secs]
17.264: [GC
Desired survivor size 557056 bytes, new threshold 15 (max 15)
- age   1:     204072 bytes,     204072 total
 20353K->13813K(24716K), 0.0015995 secs]
17.270: [GC
Desired survivor size 557056 bytes, new threshold 15 (max 15)
- age   1:     277088 bytes,     277088 total
 20315K->13884K(24716K), 0.0008755 secs]
17.275: [GC
Desired survivor size 557056 bytes, new threshold 15 (max 15)
- age   1:     218320 bytes,     218320 total
- age   2:     205640 bytes,     423960 total
 20407K->14028K(24716K), 0.0009738 secs]
17.280: [GC
Desired survivor size 557056 bytes, new threshold 3 (max 15)
- age   1:     268840 bytes,     268840 total
- age   2:     178224 bytes,     447064 total
- age   3:     205640 bytes,     652704 total
 20475K->14250K(24716K), 0.0012826 secs]
17.285: [GC
Desired survivor size 557056 bytes, new threshold 15 (max 15)
- age   1:     118048 bytes,     118048 total
- age   2:     155944 bytes,     273992 total
- age   3:     178224 bytes,     452216 total
 20707K->14255K(24716K), 0.0014031 secs]
17.291: [GC
Desired survivor size 557056 bytes, new threshold 4 (max 15)
- age   1:     303152 bytes,     303152 total
- age   2:      72632 bytes,     375784 total
- age   3:     155360 bytes,     531144 total
- age   4:     178224 bytes,     709368 total
 20756K->14506K(24716K), 0.0023520 secs]
17.299: [GC
Desired survivor size 557056 bytes, new threshold 2 (max 15)
- age   1:     473368 bytes,     473368 total
- age   2:     234672 bytes,     708040 total
- age   3:      72632 bytes,     780672 total
- age   4:     155360 bytes,     936032 total
 20901K->14902K(24716K), 0.0014996 secs]
17.305: [GC
Desired survivor size 557056 bytes, new threshold 2 (max 15)
- age   1:     241440 bytes,     241440 total
- age   2:     402000 bytes,     643440 total
 21399K->15076K(24716K), 0.0016583 secs]
17.311: [GC
Desired survivor size 557056 bytes, new threshold 15 (max 15)
- age   1:     410184 bytes,     410184 total
- age   2:      73064 bytes,     483248 total
 21580K->15219K(24716K), 0.0012365 secs]
17.318: [GC
Desired survivor size 557056 bytes, new threshold 1 (max 15)
- age   1:     576872 bytes,     576872 total
- age   2:     308424 bytes,     885296 total
- age   3:      73024 bytes,     958320 total
 21660K->15682K(24716K), 0.0019325 secs]
17.324: [GC
Desired survivor size 557056 bytes, new threshold 15 (max 15)
- age   1:     240008 bytes,     240008 total
 22200K->15681K(24716K), 0.0013868 secs]
17.331: [GC
Desired survivor size 557056 bytes, new threshold 1 (max 15)
- age   1:     617848 bytes,     617848 total
- age   2:      88200 bytes,     706048 total
 22179K->16136K(24716K), 0.0012182 secs]
17.336: [GC
Desired survivor size 557056 bytes, new threshold 15 (max 15)
- age   1:     331424 bytes,     331424 total
 22654K->16272K(24716K), 0.0013345 secs]
17.342: [GC
Desired survivor size 557056 bytes, new threshold 1 (max 15)
- age   1:     606152 bytes,     606152 total
- age   2:     265032 bytes,     871184 total
 22770K->16797K(24716K), 0.0020117 secs]
17.350: [GC
Desired survivor size 557056 bytes, new threshold 1 (max 15)
- age   1:     813136 bytes,     813136 total
 23312K->17440K(24716K), 0.0016848 secs]
17.357: [GC
Desired survivor size 557056 bytes, new threshold 15 (max 15)
- age   1:     433112 bytes,     433112 total
 23957K->17723K(25100K), 0.0014711 secs]
17.359: [Full GC 17723K->8935K(25100K), 0.0709154 secs]
17.437: [GC
Desired survivor size 557056 bytes, new threshold 15 (max 15)
- age   1:     217688 bytes,     217688 total
 15428K->9151K(24716K), 0.0008266 secs]
17.444: [GC
Desired survivor size 557056 bytes, new threshold 15 (max 15)
- age   1:     172032 bytes,     172032 total
- age   2:     105472 bytes,     277504 total
 15659K->9209K(24716K), 0.0007601 secs]
17.450: [GC
Desired survivor size 557056 bytes, new threshold 3 (max 15)
- age   1:     345392 bytes,     345392 total
- age   2:     113648 bytes,     459040 total
- age   3:     105472 bytes,     564512 total
 15655K->9489K(24716K), 0.0010168 secs]
17.457: [GC
Desired survivor size 557056 bytes, new threshold 2 (max 15)
- age   1:     282512 bytes,     282512 total
- age   2:     288072 bytes,     570584 total
- age   3:     113648 bytes,     684232 total
 15974K->9725K(24716K), 0.0015120 secs]
17.462: [GC
Desired survivor size 557056 bytes, new threshold 1 (max 15)
- age   1:     825800 bytes,     825800 total
- age   2:     237176 bytes,    1062976 total
 16130K->10557K(24716K), 0.0017542 secs]
17.468: [GC
Desired survivor size 557056 bytes, new threshold 15 (max 15)
- age   1:     279496 bytes,     279496 total
 17078K->10576K(24716K), 0.0014273 secs]
17.475: [GC
Desired survivor size 557056 bytes, new threshold 15 (max 15)
- age   1:     413648 bytes,     413648 total
- age   2:      46824 bytes,     460472 total
 17104K->10752K(24716K), 0.0008381 secs]
17.481: [GC
Desired survivor size 557056 bytes, new threshold 2 (max 15)
- age   1:     300992 bytes,     300992 total
- age   2:     263904 bytes,     564896 total
- age   3:      46824 bytes,     611720 total
 17243K->10900K(24716K), 0.0011204 secs]
17.486: [GC
Desired survivor size 557056 bytes, new threshold 15 (max 15)
- age   1:     147504 bytes,     147504 total
- age   2:      78408 bytes,     225912 total
 17418K->10830K(24716K), 0.0010544 secs]
17.495: [GC
Desired survivor size 557056 bytes, new threshold 3 (max 15)
- age   1:     438176 bytes,     438176 total
- age   2:      67488 bytes,     505664 total
- age   3:      78408 bytes,     584072 total
 17358K->11179K(24716K), 0.0009579 secs]
17.501: [GC
Desired survivor size 557056 bytes, new threshold 15 (max 15)
- age   1:     352752 bytes,     352752 total
- age   2:      98160 bytes,     450912 total
- age   3:      67488 bytes,     518400 total
 17691K->11191K(24716K), 0.0013436 secs]
17.507: [GC
Desired survivor size 557056 bytes, new threshold 15 (max 15)
- age   1:     221640 bytes,     221640 total
- age   2:     101632 bytes,     323272 total
- age   3:      98160 bytes,     421432 total
 17709K->11097K(24716K), 0.0009921 secs]
17.512: [GC
Desired survivor size 557056 bytes, new threshold 4 (max 15)
- age   1:     311808 bytes,     311808 total
- age   2:     137096 bytes,     448904 total
- age   3:     101632 bytes,     550536 total
- age   4:      98160 bytes,     648696 total
 17553K->11319K(24716K), 0.0013313 secs]
17.517: [GC
Desired survivor size 557056 bytes, new threshold 3 (max 15)
- age   1:     274688 bytes,     274688 total
- age   2:     262416 bytes,     537104 total
- age   3:     137096 bytes,     674200 total
- age   4:     101632 bytes,     775832 total
 17838K->11545K(24716K), 0.0015824 secs]
17.523: [GC
Desired survivor size 557056 bytes, new threshold 2 (max 15)
- age   1:     387872 bytes,     387872 total
- age   2:     198776 bytes,     586648 total
- age   3:      92344 bytes,     678992 total
 18016K->11549K(24716K), 0.0011114 secs]
17.528: [GC
Desired survivor size 557056 bytes, new threshold 2 (max 15)
- age   1:     369024 bytes,     369024 total
- age   2:     309800 bytes,     678824 total
 18077K->11832K(24716K), 0.0015011 secs]
17.534: [GC
Desired survivor size 557056 bytes, new threshold 15 (max 15)
- age   1:     348688 bytes,     348688 total
- age   2:      52728 bytes,     401416 total
 18325K->11863K(24716K), 0.0010624 secs]
17.539: [GC
Desired survivor size 557056 bytes, new threshold 3 (max 15)
- age   1:     446808 bytes,     446808 total
- age   2:      79288 bytes,     526096 total
- age   3:      52728 bytes,     578824 total
 18380K->12037K(24716K), 0.0011832 secs]
17.545: [GC
Desired survivor size 557056 bytes, new threshold 15 (max 15)
- age   1:     167264 bytes,     167264 total
- age   2:     230160 bytes,     397424 total
- age   3:      79288 bytes,     476712 total
 18512K->11988K(24716K), 0.0009764 secs]
17.551: [GC
Desired survivor size 557056 bytes, new threshold 3 (max 15)
- age   1:     340104 bytes,     340104 total
- age   2:      51792 bytes,     391896 total
- age   3:     230160 bytes,     622056 total
- age   4:      79288 bytes,     701344 total
 18512K->12207K(24716K), 0.0011660 secs]
17.557: [GC
Desired survivor size 557056 bytes, new threshold 1 (max 15)
- age   1:     662472 bytes,     662472 total
- age   2:      18488 bytes,     680960 total
- age   3:      51792 bytes,     732752 total
 18714K->12539K(24716K), 0.0013899 secs]
17.562: [GC
Desired survivor size 557056 bytes, new threshold 15 (max 15)
- age   1:     392816 bytes,     392816 total
 19024K->12733K(24716K), 0.0013665 secs]
17.567: [GC
Desired survivor size 557056 bytes, new threshold 2 (max 15)
- age   1:     461816 bytes,     461816 total
- age   2:     273080 bytes,     734896 total
 19216K->13067K(24716K), 0.0011839 secs]
17.573: [GC
Desired survivor size 557056 bytes, new threshold 2 (max 15)
- age   1:     381672 bytes,     381672 total
- age   2:     194080 bytes,     575752 total
 19557K->13187K(24716K), 0.0012319 secs]
17.578: [GC
Desired survivor size 557056 bytes, new threshold 2 (max 15)
- age   1:     249840 bytes,     249840 total
- age   2:     311512 bytes,     561352 total
 19698K->13266K(24716K), 0.0010749 secs]
17.583: [GC
Desired survivor size 557056 bytes, new threshold 15 (max 15)
- age   1:     229864 bytes,     229864 total
- age   2:     104624 bytes,     334488 total
 19783K->13348K(24716K), 0.0011654 secs]
17.588: [GC
Desired survivor size 557056 bytes, new threshold 15 (max 15)
- age   1:     215504 bytes,     215504 total
- age   2:     125272 bytes,     340776 total
- age   3:     104624 bytes,     445400 total
 19861K->13457K(24716K), 0.0009144 secs]
17.593: [GC
Desired survivor size 557056 bytes, new threshold 4 (max 15)
- age   1:     266040 bytes,     266040 total
- age   2:     158224 bytes,     424264 total
- age   3:     125272 bytes,     549536 total
- age   4:     104624 bytes,     654160 total
 19935K->13660K(24716K), 0.0023497 secs]
17.601: [GC
Desired survivor size 557056 bytes, new threshold 2 (max 15)
- age   1:     381144 bytes,     381144 total
- age   2:     234648 bytes,     615792 total
- age   3:     158224 bytes,     774016 total
- age   4:     125272 bytes,     899288 total
 20169K->14002K(24716K), 0.0013600 secs]
17.607: [GC
Desired survivor size 557056 bytes, new threshold 15 (max 15)
- age   1:     297544 bytes,     297544 total
- age   2:     217544 bytes,     515088 total
 20485K->14033K(24716K), 0.0014673 secs]
17.614: [GC
Desired survivor size 557056 bytes, new threshold 15 (max 15)
- age   1:     184280 bytes,     184280 total
- age   2:     131744 bytes,     316024 total
- age   3:     217544 bytes,     533568 total
 20551K->14053K(24716K), 0.0009017 secs]
17.619: [GC
Desired survivor size 557056 bytes, new threshold 4 (max 15)
- age   1:     259136 bytes,     259136 total
- age   2:      22104 bytes,     281240 total
- age   3:     131744 bytes,     412984 total
- age   4:     217544 bytes,     630528 total
 20561K->14147K(24716K), 0.0011930 secs]
17.625: [GC
Desired survivor size 557056 bytes, new threshold 2 (max 15)
- age   1:     359160 bytes,     359160 total
- age   2:     199800 bytes,     558960 total
- age   3:      22104 bytes,     581064 total
- age   4:     131744 bytes,     712808 total
 20669K->14440K(24716K), 0.0013617 secs]
17.631: [GC
Desired survivor size 557056 bytes, new threshold 2 (max 15)
- age   1:     393888 bytes,     393888 total
- age   2:     246184 bytes,     640072 total
 20954K->14722K(24716K), 0.0014149 secs]
17.637: [GC
Desired survivor size 557056 bytes, new threshold 15 (max 15)
- age   1:     240816 bytes,     240816 total
- age   2:     164512 bytes,     405328 total
 21250K->14733K(24716K), 0.0010491 secs]
17.642: [GC
Desired survivor size 557056 bytes, new threshold 3 (max 15)
- age   1:     418112 bytes,     418112 total
- age   2:        800 bytes,     418912 total
- age   3:     164512 bytes,     583424 total
 21254K->14907K(24716K), 0.0009844 secs]
17.651: [GC
Desired survivor size 557056 bytes, new threshold 15 (max 15)
- age   1:     275904 bytes,     275904 total
- age   2:     199880 bytes,     475784 total
- age   3:        800 bytes,     476584 total
 21430K->14962K(24716K), 0.0012847 secs]
17.659: [GC
Desired survivor size 557056 bytes, new threshold 2 (max 15)
- age   1:     376544 bytes,     376544 total
- age   2:     205760 bytes,     582304 total
- age   3:     199880 bytes,     782184 total
- age   4:        800 bytes,     782984 total
 21490K->15260K(24716K), 0.0013087 secs]
17.666: [GC
Desired survivor size 557056 bytes, new threshold 15 (max 15)
- age   1:      76552 bytes,      76552 total
- age   2:     179592 bytes,     256144 total
 21788K->15143K(24716K), 0.0013953 secs]
17.672: [GC
Desired survivor size 557056 bytes, new threshold 15 (max 15)
- age   1:     132728 bytes,     132728 total
- age   2:      18232 bytes,     150960 total
- age   3:     109504 bytes,     260464 total
 21640K->15152K(24716K), 0.0008043 secs]
17.676: [GC
Desired survivor size 557056 bytes, new threshold 15 (max 15)
- age   1:     198712 bytes,     198712 total
- age   2:      72736 bytes,     271448 total
- age   3:      18232 bytes,     289680 total
- age   4:     109504 bytes,     399184 total
 21650K->15285K(24716K), 0.0010614 secs]
17.681: [GC
Desired survivor size 557056 bytes, new threshold 5 (max 15)
- age   1:     302080 bytes,     302080 total
- age   2:     137272 bytes,     439352 total
- age   3:      72736 bytes,     512088 total
- age   4:      18232 bytes,     530320 total
- age   5:     109504 bytes,     639824 total
 21775K->15518K(24716K), 0.0012038 secs]
17.687: [GC
Desired survivor size 557056 bytes, new threshold 15 (max 15)
- age   1:      77560 bytes,      77560 total
- age   2:     172232 bytes,     249792 total
- age   3:     137272 bytes,     387064 total
- age   4:      72736 bytes,     459800 total
- age   5:      18232 bytes,     478032 total
 22028K->15472K(24716K), 0.0012609 secs]
17.693: [GC
Desired survivor size 557056 bytes, new threshold 4 (max 15)
- age   1:     184280 bytes,     184280 total
- age   2:      77080 bytes,     261360 total
- age   3:     172232 bytes,     433592 total
- age   4:     137272 bytes,     570864 total
- age   5:      72736 bytes,     643600 total
- age   6:      18232 bytes,     661832 total
 21994K->15653K(24716K), 0.0011981 secs]
17.699: [GC
Desired survivor size 557056 bytes, new threshold 2 (max 15)
- age   1:     453184 bytes,     453184 total
- age   2:     184280 bytes,     637464 total
- age   3:       9128 bytes,     646592 total
- age   4:     172232 bytes,     818824 total
 22142K->16031K(24716K), 0.0013144 secs]
17.705: [GC
Desired survivor size 557056 bytes, new threshold 15 (max 15)
- age   1:     317152 bytes,     317152 total
- age   2:     120480 bytes,     437632 total
 22543K->16016K(24716K), 0.0014103 secs]
17.711: [GC
Desired survivor size 557056 bytes, new threshold 2 (max 15)
- age   1:     466976 bytes,     466976 total
- age   2:     125696 bytes,     592672 total
- age   3:     120480 bytes,     713152 total
 22497K->16284K(24716K), 0.0011441 secs]
17.716: [GC
Desired survivor size 557056 bytes, new threshold 15 (max 15)
- age   1:      75368 bytes,      75368 total
- age   2:     441344 bytes,     516712 total
 22786K->16247K(24716K), 0.0013481 secs]
17.723: [GC
Desired survivor size 557056 bytes, new threshold 3 (max 15)
- age   1:     371040 bytes,     371040 total
- age   2:      30032 bytes,     401072 total
- age   3:     373168 bytes,     774240 total
 22762K->16500K(24716K), 0.0011275 secs]
17.728: [GC
Desired survivor size 557056 bytes, new threshold 3 (max 15)
- age   1:     323072 bytes,     323072 total
- age   2:     210792 bytes,     533864 total
- age   3:      30032 bytes,     563896 total
 23010K->16593K(24716K), 0.0013720 secs]
17.733: [GC
Desired survivor size 557056 bytes, new threshold 3 (max 15)
- age   1:     339568 bytes,     339568 total
- age   2:     116256 bytes,     455824 total
- age   3:     210792 bytes,     666616 total
 23076K->16722K(24716K), 0.0012269 secs]
17.739: [GC
Desired survivor size 557056 bytes, new threshold 2 (max 15)
- age   1:     380344 bytes,     380344 total
- age   2:     339536 bytes,     719880 total
- age   3:      47208 bytes,     767088 total
 23187K->17026K(24716K), 0.0013971 secs]
17.744: [GC
Desired survivor size 557056 bytes, new threshold 2 (max 15)
- age   1:     396248 bytes,     396248 total
- age   2:     310440 bytes,     706688 total
 23493K->17353K(24716K), 0.0016377 secs]
17.751: [GC
Desired survivor size 557056 bytes, new threshold 15 (max 15)
- age   1:     265248 bytes,     265248 total
- age   2:     231224 bytes,     496472 total
 23864K->17325K(24716K), 0.0009824 secs]
17.756: [GC
Desired survivor size 557056 bytes, new threshold 15 (max 15)
- age   1:     203000 bytes,     203000 total
- age   2:      66928 bytes,     269928 total
- age   3:     158696 bytes,     428624 total
 23800K->17259K(24716K), 0.0009390 secs]
17.761: [GC
Desired survivor size 557056 bytes, new threshold 4 (max 15)
- age   1:     284736 bytes,     284736 total
- age   2:     147336 bytes,     432072 total
- age   3:      66928 bytes,     499000 total
- age   4:     158696 bytes,     657696 total
 23738K->17483K(24716K), 0.0011441 secs]
17.769: [GC
Desired survivor size 557056 bytes, new threshold 2 (max 15)
- age   1:     540344 bytes,     540344 total
- age   2:      84688 bytes,     625032 total
- age   3:     147336 bytes,     772368 total
- age   4:      66928 bytes,     839296 total
 23996K->17815K(24716K), 0.0017577 secs]
17.777: [GC
Desired survivor size 557056 bytes, new threshold 15 (max 15)
- age   1:     223384 bytes,     223384 total
- age   2:     276560 bytes,     499944 total
 24307K->17639K(24908K), 0.0011143 secs]
17.779: [Full GC 17639K->8729K(24908K), 0.0817996 secs]
17.865: [GC
Desired survivor size 557056 bytes, new threshold 1 (max 15)
- age   1:     686000 bytes,     686000 total
 15250K->9401K(24716K), 0.0015614 secs]
17.872: [GC
Desired survivor size 557056 bytes, new threshold 15 (max 15)
- age   1:     173768 bytes,     173768 total
 15902K->9472K(24716K), 0.0012256 secs]
17.878: [GC
Desired survivor size 557056 bytes, new threshold 15 (max 15)
- age   1:     245064 bytes,     245064 total
- age   2:       6192 bytes,     251256 total
 15932K->9547K(24716K), 0.0006522 secs]
17.882: [GC
Desired survivor size 557056 bytes, new threshold 15 (max 15)
- age   1:      90376 bytes,      90376 total
- age   2:     144024 bytes,     234400 total
- age   3:       6192 bytes,     240592 total
 16066K->9537K(24716K), 0.0007501 secs]
17.888: [GC
Desired survivor size 557056 bytes, new threshold 1 (max 15)
- age   1:     594464 bytes,     594464 total
- age   2:      23568 bytes,     618032 total
- age   3:      47192 bytes,     665224 total
- age   4:       6192 bytes,     671416 total
 16035K->9957K(24716K), 0.0012016 secs]
17.893: [GC
Desired survivor size 557056 bytes, new threshold 15 (max 15)
- age   1:     308648 bytes,     308648 total
 16457K->9992K(24716K), 0.0010959 secs]
17.899: [GC
Desired survivor size 557056 bytes, new threshold 15 (max 15)
- age   1:     148000 bytes,     148000 total
- age   2:      77984 bytes,     225984 total
 16481K->9912K(24716K), 0.0008084 secs]
17.904: [GC
Desired survivor size 557056 bytes, new threshold 2 (max 15)
- age   1:     525136 bytes,     525136 total
- age   2:      39232 bytes,     564368 total
- age   3:      77984 bytes,     642352 total
 16367K->10318K(24716K), 0.0015871 secs]
17.909: [GC
Desired survivor size 557056 bytes, new threshold 2 (max 15)
- age   1:     324752 bytes,     324752 total
- age   2:     304056 bytes,     628808 total
 16843K->10381K(24716K), 0.0014715 secs]
17.915: [GC
Desired survivor size 557056 bytes, new threshold 15 (max 15)
- age   1:     478736 bytes,     478736 total
- age   2:      40592 bytes,     519328 total
 16887K->10569K(24716K), 0.0015359 secs]
17.920: [GC
Desired survivor size 557056 bytes, new threshold 15 (max 15)
- age   1:     321008 bytes,     321008 total
- age   2:     180504 bytes,     501512 total
- age   3:      40592 bytes,     542104 total
 16980K->10593K(24716K), 0.0010235 secs]
17.926: [GC
Desired survivor size 557056 bytes, new threshold 2 (max 15)
- age   1:     437480 bytes,     437480 total
- age   2:     196648 bytes,     634128 total
- age   3:     180504 bytes,     814632 total
- age   4:      40592 bytes,     855224 total
 17118K->10899K(24716K), 0.0012963 secs]
17.931: [GC
Desired survivor size 557056 bytes, new threshold 2 (max 15)
- age   1:     473184 bytes,     473184 total
- age   2:     437480 bytes,     910664 total
 17417K->11369K(24716K), 0.0017128 secs]
17.943: [GC
Desired survivor size 557056 bytes, new threshold 15 (max 15)
- age   1:      77920 bytes,      77920 total
- age   2:     314360 bytes,     392280 total
 17897K->11288K(24716K), 0.0010850 secs]
17.948: [GC
Desired survivor size 557056 bytes, new threshold 3 (max 15)
- age   1:     498032 bytes,     498032 total
- age   2:      28528 bytes,     526560 total
- age   3:     314360 bytes,     840920 total
 17800K->11728K(24716K), 0.0011725 secs]
17.955: [GC
Desired survivor size 557056 bytes, new threshold 15 (max 15)
- age   1:     201168 bytes,     201168 total
- age   2:     297720 bytes,     498888 total
- age   3:      28528 bytes,     527416 total
 18211K->11729K(24716K), 0.0012425 secs]
17.961: [GC
Desired survivor size 557056 bytes, new threshold 2 (max 15)
- age   1:     436320 bytes,     436320 total
- age   2:     146000 bytes,     582320 total
- age   3:     145960 bytes,     728280 total
- age   4:      28528 bytes,     756808 total
 18215K->11951K(24716K), 0.0010592 secs]
17.966: [GC
Desired survivor size 557056 bytes, new threshold 2 (max 15)
- age   1:     351944 bytes,     351944 total
- age   2:     301760 bytes,     653704 total
 18425K->12169K(24716K), 0.0016480 secs]
17.972: [GC
Desired survivor size 557056 bytes, new threshold 15 (max 15)
- age   1:     202152 bytes,     202152 total
- age   2:      60752 bytes,     262904 total
 18688K->12022K(24716K), 0.0009904 secs]
17.977: [GC
Desired survivor size 557056 bytes, new threshold 15 (max 15)
- age   1:     201872 bytes,     201872 total
- age   2:      64536 bytes,     266408 total
- age   3:      60752 bytes,     327160 total
 18511K->12085K(24716K), 0.0009195 secs]
17.982: [GC
Desired survivor size 557056 bytes, new threshold 15 (max 15)
- age   1:     290024 bytes,     290024 total
- age   2:     122792 bytes,     412816 total
- age   3:      64536 bytes,     477352 total
- age   4:      60752 bytes,     538104 total
 18562K->12291K(24716K), 0.0012209 secs]
17.988: [GC
Desired survivor size 557056 bytes, new threshold 1 (max 15)
- age   1:     832400 bytes,     832400 total
- age   2:     137856 bytes,     970256 total
- age   4:      64536 bytes,    1034792 total
- age   5:      60752 bytes,    1095544 total
 18791K->12835K(24716K), 0.0013033 secs]
17.994: [GC
Desired survivor size 557056 bytes, new threshold 15 (max 15)
- age   1:     274344 bytes,     274344 total
 19340K->12847K(24716K), 0.0014066 secs]
18.001: [GC
Desired survivor size 557056 bytes, new threshold 1 (max 15)
- age   1:     947344 bytes,     947344 total
- age   2:      67888 bytes,    1015232 total
 19279K->13571K(24716K), 0.0013406 secs]
18.007: [GC
Desired survivor size 557056 bytes, new threshold 15 (max 15)
- age   1:     440280 bytes,     440280 total
 20087K->13510K(24716K), 0.0012843 secs]
18.013: [GC
Desired survivor size 557056 bytes, new threshold 1 (max 15)
- age   1:     709376 bytes,     709376 total
- age   2:     122760 bytes,     832136 total
 20034K->13895K(24716K), 0.0014235 secs]
18.020: [GC
Desired survivor size 557056 bytes, new threshold 15 (max 15)
- age   1:     304072 bytes,     304072 total
 20423K->13911K(24716K), 0.0016290 secs]
18.026: [GC
Desired survivor size 557056 bytes, new threshold 2 (max 15)
- age   1:     398536 bytes,     398536 total
- age   2:     304072 bytes,     702608 total
 20384K->14302K(24716K), 0.0011607 secs]
18.031: [GC
Desired survivor size 557056 bytes, new threshold 2 (max 15)
- age   1:     316888 bytes,     316888 total
- age   2:     315912 bytes,     632800 total
 20825K->14372K(24716K), 0.0015710 secs]
18.036: [GC
Desired survivor size 557056 bytes, new threshold 1 (max 15)
- age   1:     718456 bytes,     718456 total
- age   2:     240960 bytes,     959416 total
 20875K->14830K(24716K), 0.0013976 secs]
18.042: [GC
Desired survivor size 557056 bytes, new threshold 1 (max 15)
- age   1:     613152 bytes,     613152 total
 21305K->14986K(24716K), 0.0015891 secs]
18.048: [GC
Desired survivor size 557056 bytes, new threshold 1 (max 15)
- age   1:     642200 bytes,     642200 total
 21486K->15433K(24716K), 0.0013082 secs]
18.054: [GC
Desired survivor size 557056 bytes, new threshold 1 (max 15)
- age   1:     620928 bytes,     620928 total
 21931K->15914K(24716K), 0.0014905 secs]
18.061: [GC
Desired survivor size 557056 bytes, new threshold 15 (max 15)
- age   1:     226688 bytes,     226688 total
 22402K->16007K(24716K), 0.0015019 secs]
18.068: [GC
Desired survivor size 557056 bytes, new threshold 15 (max 15)
- age   1:     422288 bytes,     422288 total
 22513K->16197K(24716K), 0.0008674 secs]
18.072: [GC
Desired survivor size 557056 bytes, new threshold 2 (max 15)
- age   1:     530456 bytes,     530456 total
- age   2:     308368 bytes,     838824 total
 22720K->16604K(24716K), 0.0012979 secs]
18.079: [GC
Desired survivor size 557056 bytes, new threshold 2 (max 15)
- age   1:     260672 bytes,     260672 total
- age   2:     491688 bytes,     752360 total
 23132K->16761K(24716K), 0.0014461 secs]
18.085: [GC
Desired survivor size 557056 bytes, new threshold 15 (max 15)
- age   1:     171536 bytes,     171536 total
- age   2:     235032 bytes,     406568 total
 23282K->16825K(24716K), 0.0012740 secs]
18.091: [GC
Desired survivor size 557056 bytes, new threshold 3 (max 15)
- age   1:     395264 bytes,     395264 total
- age   3:     235032 bytes,     630296 total
 23346K->17042K(24716K), 0.0010117 secs]
18.097: [GC
Desired survivor size 557056 bytes, new threshold 1 (max 15)
- age   1:     896544 bytes,     896544 total
- age   2:     163368 bytes,    1059912 total
 23567K->17689K(24716K), 0.0017196 secs]
18.103: [GC
Desired survivor size 557056 bytes, new threshold 15 (max 15)
- age   1:     135776 bytes,     135776 total
 24207K->17633K(25292K), 0.0016233 secs]
18.105: [Full GC 17633K->8184K(25292K), 0.0713565 secs]
18.181: [GC
Desired survivor size 557056 bytes, new threshold 1 (max 15)
- age   1:     876696 bytes,     876696 total
 14693K->9044K(24716K), 0.0011943 secs]
18.186: [GC
Desired survivor size 557056 bytes, new threshold 15 (max 15)
- age   1:     534168 bytes,     534168 total
 15520K->9212K(24716K), 0.0013393 secs]
18.193: [GC
Desired survivor size 557056 bytes, new threshold 1 (max 15)
- age   1:     765168 bytes,     765168 total
- age   2:     209864 bytes,     975032 total
 15700K->9642K(24716K), 0.0012648 secs]
18.199: [GC
Desired survivor size 557056 bytes, new threshold 15 (max 15)
- age   1:     495720 bytes,     495720 total
 16141K->9834K(24716K), 0.0012814 secs]
18.205: [GC
Desired survivor size 557056 bytes, new threshold 2 (max 15)
- age   1:     295536 bytes,     295536 total
- age   2:     270328 bytes,     565864 total
 16362K->9901K(24716K), 0.0009669 secs]
18.211: [GC
Desired survivor size 557056 bytes, new threshold 2 (max 15)
- age   1:     379488 bytes,     379488 total
- age   2:     221304 bytes,     600792 total
 16428K->10198K(24716K), 0.0015833 secs]
18.217: [GC
Desired survivor size 557056 bytes, new threshold 15 (max 15)
- age   1:      62720 bytes,      62720 total
- age   2:     234856 bytes,     297576 total
 16713K->10128K(24716K), 0.0014688 secs]
18.222: [GC
Desired survivor size 557056 bytes, new threshold 15 (max 15)
- age   1:     176040 bytes,     176040 total
- age   2:      15888 bytes,     191928 total
- age   3:     234856 bytes,     426784 total
 16633K->10252K(24716K), 0.0009918 secs]
18.228: [GC
Desired survivor size 557056 bytes, new threshold 1 (max 15)
- age   1:     769280 bytes,     769280 total
- age   2:      61000 bytes,     830280 total
- age   3:      15888 bytes,     846168 total
- age   4:     234856 bytes,    1081024 total
 16763K->11084K(24716K), 0.0014808 secs]
18.233: [GC
Desired survivor size 557056 bytes, new threshold 1 (max 15)
- age   1:     618592 bytes,     618592 total
 17606K->11645K(24716K), 0.0019837 secs]
18.240: [GC
Desired survivor size 557056 bytes, new threshold 15 (max 15)
- age   1:     419848 bytes,     419848 total
 18172K->11533K(24716K), 0.0009401 secs]
18.245: [GC
Desired survivor size 557056 bytes, new threshold 1 (max 15)
- age   1:     652896 bytes,     652896 total
- age   2:      98736 bytes,     751632 total
 18057K->11857K(24716K), 0.0011306 secs]
18.252: [GC
Desired survivor size 557056 bytes, new threshold 15 (max 15)
- age   1:     419824 bytes,     419824 total
 18359K->12057K(24716K), 0.0011406 secs]
18.258: [GC
Desired survivor size 557056 bytes, new threshold 2 (max 15)
- age   1:     438080 bytes,     438080 total
- age   2:     355680 bytes,     793760 total
 18583K->12422K(24716K), 0.0012266 secs]
18.264: [GC
Desired survivor size 557056 bytes, new threshold 15 (max 15)
- age   1:     257280 bytes,     257280 total
- age   2:     257832 bytes,     515112 total
 18937K->12497K(24716K), 0.0014288 secs]
18.269: [GC
Desired survivor size 557056 bytes, new threshold 1 (max 15)
- age   1:     622104 bytes,     622104 total
- age   2:     176080 bytes,     798184 total
- age   3:     257832 bytes,    1056016 total
 18948K->13190K(24716K), 0.0018144 secs]
18.275: [GC
Desired survivor size 557056 bytes, new threshold 15 (max 15)
- age   1:     376912 bytes,     376912 total
 19654K->13082K(24716K), 0.0018512 secs]
18.281: [GC
Desired survivor size 557056 bytes, new threshold 15 (max 15)
- age   1:     227848 bytes,     227848 total
- age   2:      84704 bytes,     312552 total
 19544K->13021K(24716K), 0.0008294 secs]
18.287: [GC
Desired survivor size 557056 bytes, new threshold 2 (max 15)
- age   1:     449840 bytes,     449840 total
- age   2:     143200 bytes,     593040 total
- age   3:      84704 bytes,     677744 total
 19546K->13377K(24716K), 0.0012156 secs]
18.293: [GC
Desired survivor size 557056 bytes, new threshold 1 (max 15)
- age   1:     890840 bytes,     890840 total
- age   2:     197720 bytes,    1088560 total
 19880K->14009K(24716K), 0.0016245 secs]
18.300: [GC
Desired survivor size 557056 bytes, new threshold 15 (max 15)
- age   1:     324968 bytes,     324968 total
 20529K->13844K(24716K), 0.0014389 secs]
18.307: [GC
Desired survivor size 557056 bytes, new threshold 2 (max 15)
- age   1:     552912 bytes,     552912 total
- age   2:      72624 bytes,     625536 total
 20311K->14138K(24716K), 0.0009093 secs]
18.313: [GC
Desired survivor size 557056 bytes, new threshold 15 (max 15)
- age   1:     159448 bytes,     159448 total
- age   2:     140032 bytes,     299480 total
 20664K->13889K(24716K), 0.0009018 secs]
18.321: [GC
Desired survivor size 557056 bytes, new threshold 3 (max 15)
- age   1:     389264 bytes,     389264 total
- age   2:      74520 bytes,     463784 total
- age   3:     140032 bytes,     603816 total
 20381K->14187K(24716K), 0.0012128 secs]
18.327: [GC
Desired survivor size 557056 bytes, new threshold 15 (max 15)
- age   1:      83408 bytes,      83408 total
- age   2:     315584 bytes,     398992 total
- age   3:      73816 bytes,     472808 total
 20635K->14195K(24716K), 0.0012121 secs]
18.333: [GC
Desired survivor size 557056 bytes, new threshold 3 (max 15)
- age   1:     363352 bytes,     363352 total
- age   2:       3600 bytes,     366952 total
- age   3:     315584 bytes,     682536 total
- age   4:      73816 bytes,     756352 total
 20682K->14471K(24716K), 0.0012446 secs]
18.338: [GC
Desired survivor size 557056 bytes, new threshold 15 (max 15)
- age   1:     259000 bytes,     259000 total
- age   2:     201880 bytes,     460880 total
- age   3:       3488 bytes,     464368 total
 20998K->14578K(24716K), 0.0013218 secs]
18.345: [GC
Desired survivor size 557056 bytes, new threshold 2 (max 15)
- age   1:     423328 bytes,     423328 total
- age   2:     255368 bytes,     678696 total
- age   3:     201880 bytes,     880576 total
- age   4:       3488 bytes,     884064 total
 21072K->14991K(24716K), 0.0021928 secs]
18.351: [GC
Desired survivor size 557056 bytes, new threshold 2 (max 15)
- age   1:     240296 bytes,     240296 total
- age   2:     334664 bytes,     574960 total
 21480K->15139K(24716K), 0.0018997 secs]
18.357: [GC
Desired survivor size 557056 bytes, new threshold 2 (max 15)
- age   1:     451128 bytes,     451128 total
- age   2:     154832 bytes,     605960 total
 21627K->15467K(24716K), 0.0013337 secs]
18.365: [GC
Desired survivor size 557056 bytes, new threshold 15 (max 15)
- age   1:     243456 bytes,     243456 total
- age   2:     313320 bytes,     556776 total
 21957K->15568K(24716K), 0.0020796 secs]
18.372: [GC
Desired survivor size 557056 bytes, new threshold 3 (max 15)
- age   1:      75688 bytes,      75688 total
- age   2:     174880 bytes,     250568 total
- age   3:     313320 bytes,     563888 total
 22084K->15576K(24716K), 0.0010337 secs]
18.379: [GC
Desired survivor size 557056 bytes, new threshold 15 (max 15)
- age   1:      97688 bytes,      97688 total
- age   2:       3848 bytes,     101536 total
- age   3:     134384 bytes,     235920 total
 22074K->15564K(24716K), 0.0009082 secs]
18.386: [GC
Desired survivor size 557056 bytes, new threshold 1 (max 15)
- age   1:     870336 bytes,     870336 total
- age   2:      24944 bytes,     895280 total
- age   3:       3848 bytes,     899128 total
- age   4:     134384 bytes,    1033512 total
 22048K->16341K(24716K), 0.0012138 secs]
18.392: [GC
Desired survivor size 557056 bytes, new threshold 15 (max 15)
- age   1:     340424 bytes,     340424 total
 22857K->16317K(24716K), 0.0015824 secs]
18.399: [GC
Desired survivor size 557056 bytes, new threshold 1 (max 15)
- age   1:     618936 bytes,     618936 total
- age   2:     268704 bytes,     887640 total
 22807K->16848K(24716K), 0.0013168 secs]
18.404: [GC
Desired survivor size 557056 bytes, new threshold 1 (max 15)
- age   1:     689504 bytes,     689504 total
 23357K->17366K(24716K), 0.0017302 secs]
18.410: [GC
Desired survivor size 557056 bytes, new threshold 15 (max 15)
- age   1:     142680 bytes,     142680 total
 23886K->17401K(24908K), 0.0012328 secs]
18.412: [Full GC 17401K->8985K(24908K), 0.0707225 secs]
18.488: [GC
Desired survivor size 557056 bytes, new threshold 15 (max 15)
- age   1:      52400 bytes,      52400 total
 15504K->9039K(24716K), 0.0006015 secs]
18.493: [GC
Desired survivor size 557056 bytes, new threshold 1 (max 15)
- age   1:     617000 bytes,     617000 total
- age   2:      13136 bytes,     630136 total
 15548K->9603K(24716K), 0.0010635 secs]
18.500: [GC
Desired survivor size 557056 bytes, new threshold 15 (max 15)
- age   1:     153752 bytes,     153752 total
 16088K->9599K(24716K), 0.0008772 secs]
18.507: [GC
Desired survivor size 557056 bytes, new threshold 15 (max 15)
- age   1:     221880 bytes,     221880 total
- age   2:      44120 bytes,     266000 total
 16107K->9710K(24716K), 0.0008371 secs]
18.514: [GC
Desired survivor size 557056 bytes, new threshold 15 (max 15)
- age   1:     266440 bytes,     266440 total
- age   2:      76832 bytes,     343272 total
- age   3:      44120 bytes,     387392 total
 16193K->9826K(24716K), 0.0008661 secs]
18.527: [GC
Desired survivor size 557056 bytes, new threshold 1 (max 15)
- age   1:     558248 bytes,     558248 total
- age   2:      96520 bytes,     654768 total
- age   3:      76832 bytes,     731600 total
- age   4:      44120 bytes,     775720 total
 16349K->10207K(24716K), 0.0016377 secs]
18.534: [GC
Desired survivor size 557056 bytes, new threshold 15 (max 15)
- age   1:     225808 bytes,     225808 total
 16718K->10050K(24716K), 0.0012941 secs]
18.539: [GC
Desired survivor size 557056 bytes, new threshold 15 (max 15)
- age   1:     102792 bytes,     102792 total
- age   2:     140480 bytes,     243272 total
 16562K->10066K(24716K), 0.0011064 secs]
18.545: [GC
Desired survivor size 557056 bytes, new threshold 15 (max 15)
- age   1:     473264 bytes,     473264 total
- age   2:       1904 bytes,     475168 total
- age   3:      45808 bytes,     520976 total
 16590K->10337K(24716K), 0.0012716 secs]
18.551: [GC
Desired survivor size 557056 bytes, new threshold 15 (max 15)
- age   1:     117656 bytes,     117656 total
- age   2:     249472 bytes,     367128 total
- age   3:       1904 bytes,     369032 total
- age   4:      45808 bytes,     414840 total
 16797K->10233K(24716K), 0.0012086 secs]
18.564: [GC
Desired survivor size 557056 bytes, new threshold 3 (max 15)
- age   1:     364440 bytes,     364440 total
- age   2:      40104 bytes,     404544 total
- age   3:     248640 bytes,     653184 total
- age   4:       1904 bytes,     655088 total
- age   5:      45808 bytes,     700896 total
 16758K->10512K(24716K), 0.0009630 secs]
18.570: [GC
Desired survivor size 557056 bytes, new threshold 2 (max 15)
- age   1:     301680 bytes,     301680 total
- age   2:     289040 bytes,     590720 total
- age   3:      40104 bytes,     630824 total
 17014K->10690K(24716K), 0.0012315 secs]
18.577: [GC
Desired survivor size 557056 bytes, new threshold 2 (max 15)
- age   1:     351168 bytes,     351168 total
- age   2:     272928 bytes,     624096 total
 17200K->11014K(24716K), 0.0016307 secs]
18.583: [GC
Desired survivor size 557056 bytes, new threshold 2 (max 15)
- age   1:     305528 bytes,     305528 total
- age   2:     272448 bytes,     577976 total
 17530K->11095K(24716K), 0.0011398 secs]
18.589: [GC
Desired survivor size 557056 bytes, new threshold 15 (max 15)
- age   1:     427096 bytes,     427096 total
 17623K->11214K(24716K), 0.0011545 secs]
18.596: [GC
Desired survivor size 557056 bytes, new threshold 1 (max 15)
- age   1:     640616 bytes,     640616 total
- age   2:     345912 bytes,     986528 total
 17740K->11760K(24716K), 0.0020516 secs]
18.602: [GC
Desired survivor size 557056 bytes, new threshold 15 (max 15)
- age   1:     221760 bytes,     221760 total
 18276K->11688K(24716K), 0.0012285 secs]
18.608: [GC
Desired survivor size 557056 bytes, new threshold 15 (max 15)
- age   1:      66688 bytes,      66688 total
- age   2:     167424 bytes,     234112 total
 18216K->11699K(24716K), 0.0011161 secs]
18.614: [GC
Desired survivor size 557056 bytes, new threshold 15 (max 15)
- age   1:     138624 bytes,     138624 total
- age   2:       9368 bytes,     147992 total
- age   3:     167424 bytes,     315416 total
 18223K->11777K(24716K), 0.0008822 secs]
18.619: [GC
Desired survivor size 557056 bytes, new threshold 15 (max 15)
- age   1:      70944 bytes,      70944 total
- age   2:      77808 bytes,     148752 total
- age   3:       9368 bytes,     158120 total
- age   4:     167424 bytes,     325544 total
 18262K->11790K(24716K), 0.0009488 secs]
18.626: [GC
Desired survivor size 557056 bytes, new threshold 1 (max 15)
- age   1:     678968 bytes,     678968 total
- age   2:       4440 bytes,     683408 total
- age   3:      77808 bytes,     761216 total
- age   4:       9368 bytes,     770584 total
- age   5:     167424 bytes,     938008 total
 18290K->12395K(24716K), 0.0014879 secs]
18.633: [GC
Desired survivor size 557056 bytes, new threshold 15 (max 15)
- age   1:     409496 bytes,     409496 total
 18911K->12528K(24716K), 0.0014110 secs]
18.639: [GC
Desired survivor size 557056 bytes, new threshold 15 (max 15)
- age   1:      86368 bytes,      86368 total
- age   2:     258528 bytes,     344896 total
 19048K->12451K(24716K), 0.0008253 secs]
18.644: [GC
Desired survivor size 557056 bytes, new threshold 15 (max 15)
- age   1:     154408 bytes,     154408 total
- age   2:      17792 bytes,     172200 total
- age   3:      92544 bytes,     264744 total
 18879K->12372K(24716K), 0.0007312 secs]
18.650: [GC
Desired survivor size 557056 bytes, new threshold 1 (max 15)
- age   1:     624064 bytes,     624064 total
- age   2:      84344 bytes,     708408 total
- age   3:      17792 bytes,     726200 total
- age   4:      92544 bytes,     818744 total
 18861K->12913K(24716K), 0.0010954 secs]
18.655: [GC
Desired survivor size 557056 bytes, new threshold 15 (max 15)
- age   1:     403768 bytes,     403768 total
 19371K->13153K(24716K), 0.0015218 secs]
18.660: [GC
Desired survivor size 557056 bytes, new threshold 15 (max 15)
- age   1:     188536 bytes,     188536 total
- age   2:     234384 bytes,     422920 total
 19665K->13171K(24716K), 0.0009668 secs]
18.665: [GC
Desired survivor size 557056 bytes, new threshold 3 (max 15)
- age   1:     249240 bytes,     249240 total
- age   2:     151800 bytes,     401040 total
- age   3:     234384 bytes,     635424 total
 19684K->13379K(24716K), 0.0013362 secs]
18.671: [GC
Desired survivor size 557056 bytes, new threshold 15 (max 15)
- age   1:     181792 bytes,     181792 total
- age   2:     191528 bytes,     373320 total
- age   3:     151800 bytes,     525120 total
 19874K->13500K(24716K), 0.0012693 secs]
18.676: [GC
Desired survivor size 557056 bytes, new threshold 1 (max 15)
- age   1:     763760 bytes,     763760 total
- age   2:      80120 bytes,     843880 total
- age   3:     112640 bytes,     956520 total
 19971K->14075K(24716K), 0.0015266 secs]
18.681: [GC
Desired survivor size 557056 bytes, new threshold 15 (max 15)
- age   1:     157232 bytes,     157232 total
 20573K->13911K(24716K), 0.0013562 secs]
18.688: [GC
Desired survivor size 557056 bytes, new threshold 15 (max 15)
- age   1:     291960 bytes,     291960 total
- age   2:      78512 bytes,     370472 total
 20425K->14119K(24716K), 0.0009289 secs]
18.693: [GC
Desired survivor size 557056 bytes, new threshold 15 (max 15)
- age   1:      72616 bytes,      72616 total
- age   2:     115488 bytes,     188104 total
- age   3:      60056 bytes,     248160 total
 20644K->14000K(24716K), 0.0008874 secs]
18.698: [GC
Desired survivor size 557056 bytes, new threshold 1 (max 15)
- age   1:     738200 bytes,     738200 total
- age   2:      47208 bytes,     785408 total
- age   3:     115488 bytes,     900896 total
- age   4:      60056 bytes,     960952 total
 20504K->14696K(24716K), 0.0011004 secs]
18.703: [GC
Desired survivor size 557056 bytes, new threshold 1 (max 15)
- age   1:     752624 bytes,     752624 total
 21215K->15053K(24716K), 0.0018373 secs]
18.710: [GC
Desired survivor size 557056 bytes, new threshold 15 (max 15)
- age   1:     407640 bytes,     407640 total
 21556K->15046K(24716K), 0.0011774 secs]
18.715: [GC
Desired survivor size 557056 bytes, new threshold 15 (max 15)
- age   1:     143600 bytes,     143600 total
- age   2:     303520 bytes,     447120 total
 21574K->15082K(24716K), 0.0009082 secs]
18.720: [GC
Desired survivor size 557056 bytes, new threshold 15 (max 15)
- age   1:      75376 bytes,      75376 total
- age   2:      86576 bytes,     161952 total
- age   3:     303520 bytes,     465472 total
 21604K->15101K(24716K), 0.0009498 secs]
18.727: [GC
Desired survivor size 557056 bytes, new threshold 15 (max 15)
- age   1:     136736 bytes,     136736 total
- age   2:       4896 bytes,     141632 total
- age   3:      86576 bytes,     228208 total
- age   4:     303520 bytes,     531728 total
 21620K->15166K(24716K), 0.0010231 secs]
18.732: [GC
Desired survivor size 557056 bytes, new threshold 4 (max 15)
- age   1:     398048 bytes,     398048 total
- age   2:     116560 bytes,     514608 total
- age   3:       4896 bytes,     519504 total
- age   4:      86576 bytes,     606080 total
- age   5:     303520 bytes,     909600 total
 21654K->15533K(24716K), 0.0012050 secs]
18.737: [GC
Desired survivor size 557056 bytes, new threshold 15 (max 15)
- age   1:     151560 bytes,     151560 total
- age   2:      85800 bytes,     237360 total
- age   3:     116560 bytes,     353920 total
- age   4:       4896 bytes,     358816 total
 22058K->15383K(24716K), 0.0012281 secs]
18.742: [GC
Desired survivor size 557056 bytes, new threshold 15 (max 15)
- age   1:     243952 bytes,     243952 total
- age   2:      66664 bytes,     310616 total
- age   3:      85800 bytes,     396416 total
- age   4:     116560 bytes,     512976 total
- age   5:       4896 bytes,     517872 total
 21867K->15537K(24716K), 0.0011192 secs]
18.748: [GC
Desired survivor size 557056 bytes, new threshold 4 (max 15)
- age   1:     373968 bytes,     373968 total
- age   2:      77960 bytes,     451928 total
- age   3:      54640 bytes,     506568 total
- age   4:      85800 bytes,     592368 total
- age   5:     116560 bytes,     708928 total
- age   6:       4896 bytes,     713824 total
 22062K->15730K(24716K), 0.0015194 secs]
18.756: [GC
Desired survivor size 557056 bytes, new threshold 15 (max 15)
- age   1:     142984 bytes,     142984 total
- age   2:      47928 bytes,     190912 total
- age   3:      77960 bytes,     268872 total
 22244K->15503K(24716K), 0.0009478 secs]
18.762: [GC
Desired survivor size 557056 bytes, new threshold 15 (max 15)
- age   1:     344152 bytes,     344152 total
- age   2:      61192 bytes,     405344 total
- age   3:      47928 bytes,     453272 total
- age   4:      77960 bytes,     531232 total
 21974K->15758K(24716K), 0.0009031 secs]
18.767: [GC
Desired survivor size 557056 bytes, new threshold 3 (max 15)
- age   1:     377664 bytes,     377664 total
- age   2:     178184 bytes,     555848 total
- age   3:      60488 bytes,     616336 total
- age   4:      32064 bytes,     648400 total
- age   5:      77960 bytes,     726360 total
 22286K->15947K(24716K), 0.0010626 secs]
18.773: [GC
Desired survivor size 557056 bytes, new threshold 3 (max 15)
- age   1:     259840 bytes,     259840 total
- age   2:     124928 bytes,     384768 total
- age   3:     178184 bytes,     562952 total
 22425K->15962K(24716K), 0.0012616 secs]
18.782: [GC
Desired survivor size 557056 bytes, new threshold 15 (max 15)
- age   1:     177464 bytes,     177464 total
- age   2:      89080 bytes,     266544 total
- age   3:     124928 bytes,     391472 total
 22456K->15969K(24716K), 0.0016847 secs]
18.788: [GC
Desired survivor size 557056 bytes, new threshold 2 (max 15)
- age   1:     508720 bytes,     508720 total
- age   2:      90144 bytes,     598864 total
- age   3:      89080 bytes,     687944 total
- age   4:     124816 bytes,     812760 total
 22416K->16385K(24716K), 0.0011252 secs]
18.795: [GC
Desired survivor size 557056 bytes, new threshold 2 (max 15)
- age   1:     350112 bytes,     350112 total
- age   2:     336224 bytes,     686336 total
 22913K->16559K(24716K), 0.0012612 secs]
18.800: [GC
Desired survivor size 557056 bytes, new threshold 15 (max 15)
- age   1:     259440 bytes,     259440 total
- age   2:      93096 bytes,     352536 total
 23056K->16556K(24716K), 0.0010816 secs]
18.810: [GC
Desired survivor size 557056 bytes, new threshold 1 (max 15)
- age   1:     588048 bytes,     588048 total
- age   2:     172880 bytes,     760928 total
- age   3:      93096 bytes,     854024 total
 23084K->17044K(24716K), 0.0014164 secs]
18.815: [GC
Desired survivor size 557056 bytes, new threshold 15 (max 15)
- age   1:     407544 bytes,     407544 total
 23552K->17158K(24716K), 0.0013416 secs]
18.821: [GC
Desired survivor size 557056 bytes, new threshold 2 (max 15)
- age   1:     346528 bytes,     346528 total
- age   2:     323152 bytes,     669680 total
 23684K->17411K(24716K), 0.0024432 secs]
18.829: [GC
Desired survivor size 557056 bytes, new threshold 2 (max 15)
- age   1:     345536 bytes,     345536 total
- age   2:     301328 bytes,     646864 total
 23914K->17661K(24716K), 0.0014006 secs]
18.834: [GC
Desired survivor size 557056 bytes, new threshold 15 (max 15)
- age   1:     154440 bytes,     154440 total
- age   2:     263240 bytes,     417680 total
 24184K->17739K(25100K), 0.0013738 secs]
18.836: [Full GC 17739K->8807K(25100K), 0.0709933 secs]
18.912: [GC
Desired survivor size 557056 bytes, new threshold 15 (max 15)
- age   1:     214752 bytes,     214752 total
 15335K->9018K(24716K), 0.0006786 secs]
18.916: [GC
Desired survivor size 557056 bytes, new threshold 15 (max 15)
- age   1:     113256 bytes,     113256 total
- age   2:     106008 bytes,     219264 total
 15515K->9023K(24716K), 0.0007707 secs]
18.921: [GC
Desired survivor size 557056 bytes, new threshold 15 (max 15)
- age   1:     269712 bytes,     269712 total
- age   2:      56792 bytes,     326504 total
- age   3:     106008 bytes,     432512 total
 15530K->9230K(24716K), 0.0030819 secs]
18.930: [GC
Desired survivor size 557056 bytes, new threshold 15 (max 15)
- age   1:     156704 bytes,     156704 total
- age   2:     147632 bytes,     304336 total
- age   3:      56792 bytes,     361128 total
- age   4:     106008 bytes,     467136 total
 15758K->9265K(24716K), 0.0012547 secs]
18.936: [GC
Desired survivor size 557056 bytes, new threshold 5 (max 15)
- age   1:     244592 bytes,     244592 total
- age   2:      38040 bytes,     282632 total
- age   3:     147632 bytes,     430264 total
- age   4:      56792 bytes,     487056 total
- age   5:     106008 bytes,     593064 total
 15767K->9387K(24716K), 0.0010984 secs]
18.943: [GC
Desired survivor size 557056 bytes, new threshold 4 (max 15)
- age   1:     350024 bytes,     350024 total
- age   2:      99864 bytes,     449888 total
- age   3:      38040 bytes,     487928 total
- age   4:     147632 bytes,     635560 total
- age   5:      56792 bytes,     692352 total
 15907K->9595K(24716K), 0.0011526 secs]
18.949: [GC
Desired survivor size 557056 bytes, new threshold 15 (max 15)
- age   1:     226720 bytes,     226720 total
- age   2:      60672 bytes,     287392 total
- age   3:      99864 bytes,     387256 total
- age   4:      38040 bytes,     425296 total
 16106K->9541K(24716K), 0.0011946 secs]
18.954: [GC
Desired survivor size 557056 bytes, new threshold 15 (max 15)
- age   1:     126192 bytes,     126192 total
- age   2:     166064 bytes,     292256 total
- age   3:      60672 bytes,     352928 total
- age   4:      99864 bytes,     452792 total
- age   5:      38040 bytes,     490832 total
 16034K->9605K(24716K), 0.0010827 secs]
18.961: [GC
Desired survivor size 557056 bytes, new threshold 15 (max 15)
- age   1:     292216 bytes,     292216 total
- age   2:      62040 bytes,     354256 total
- age   3:      59864 bytes,     414120 total
- age   5:      86088 bytes,     500208 total
- age   6:      38040 bytes,     538248 total
 16133K->9651K(24716K), 0.0025403 secs]
18.969: [GC
Desired survivor size 557056 bytes, new threshold 15 (max 15)
- age   1:      30296 bytes,      30296 total
- age   2:     274752 bytes,     305048 total
- age   3:      62040 bytes,     367088 total
- age   4:      59864 bytes,     426952 total
- age   6:      86088 bytes,     513040 total
- age   7:      38040 bytes,     551080 total
 16179K->9664K(24716K), 0.0012754 secs]
18.974: [GC
Desired survivor size 557056 bytes, new threshold 7 (max 15)
- age   1:     109552 bytes,     109552 total
- age   2:       4568 bytes,     114120 total
- age   3:     274752 bytes,     388872 total
- age   4:      62040 bytes,     450912 total
- age   5:      59864 bytes,     510776 total
- age   7:      86088 bytes,     596864 total
- age   8:        520 bytes,     597384 total
 16184K->9707K(24716K), 0.0012198 secs]
18.980: [GC
Desired survivor size 557056 bytes, new threshold 4 (max 15)
- age   1:     311616 bytes,     311616 total
- age   2:      80176 bytes,     391792 total
- age   3:       4624 bytes,     396416 total
- age   4:     274752 bytes,     671168 total
- age   5:      62040 bytes,     733208 total
- age   6:      59864 bytes,     793072 total
 16210K->9983K(24716K), 0.0015289 secs]
18.985: [GC
Desired survivor size 557056 bytes, new threshold 15 (max 15)
- age   1:     155864 bytes,     155864 total
- age   2:     274880 bytes,     430744 total
- age   3:      80176 bytes,     510920 total
- age   4:       4568 bytes,     515488 total
 16473K->10099K(24716K), 0.0014564 secs]
18.990: [GC
Desired survivor size 557056 bytes, new threshold 15 (max 15)
- age   1:     102800 bytes,     102800 total
- age   3:     274416 bytes,     377216 total
- age   4:      80176 bytes,     457392 total
- age   5:       4568 bytes,     461960 total
 16626K->10047K(24716K), 0.0010781 secs]
18.997: [GC
Desired survivor size 557056 bytes, new threshold 4 (max 15)
- age   1:     457200 bytes,     457200 total
- age   2:      42632 bytes,     499832 total
- age   4:     273328 bytes,     773160 total
- age   5:      80176 bytes,     853336 total
- age   6:       4568 bytes,     857904 total
 16531K->10433K(24716K), 0.0017098 secs]
19.003: [GC
Desired survivor size 557056 bytes, new threshold 2 (max 15)
- age   1:     333576 bytes,     333576 total
- age   2:     350992 bytes,     684568 total
- age   3:      42632 bytes,     727200 total
 16922K->10669K(24716K), 0.0016276 secs]
19.009: [GC
Desired survivor size 557056 bytes, new threshold 15 (max 15)
- age   1:     104344 bytes,     104344 total
- age   2:     109696 bytes,     214040 total
 17197K->10551K(24716K), 0.0011538 secs]
19.014: [GC
Desired survivor size 557056 bytes, new threshold 15 (max 15)
- age   1:     192088 bytes,     192088 total
- age   2:      92264 bytes,     284352 total
- age   3:     109696 bytes,     394048 total
 17076K->10725K(24716K), 0.0011287 secs]
19.019: [GC
Desired survivor size 557056 bytes, new threshold 4 (max 15)
- age   1:     344544 bytes,     344544 total
- age   2:     102272 bytes,     446816 total
- age   3:      92224 bytes,     539040 total
- age   4:     109696 bytes,     648736 total
 17240K->10974K(24716K), 0.0011478 secs]
19.026: [GC
Desired survivor size 557056 bytes, new threshold 4 (max 15)
- age   1:     136088 bytes,     136088 total
- age   2:     250144 bytes,     386232 total
- age   3:     102272 bytes,     488504 total
- age   4:      92224 bytes,     580728 total
 17477K->11012K(24716K), 0.0016428 secs]
19.033: [GC
Desired survivor size 557056 bytes, new threshold 4 (max 15)
- age   1:     194136 bytes,     194136 total
- age   2:      42352 bytes,     236488 total
- age   3:     250144 bytes,     486632 total
- age   4:     102272 bytes,     588904 total
 17540K->11108K(24716K), 0.0013705 secs]
19.039: [GC
Desired survivor size 557056 bytes, new threshold 4 (max 15)
- age   1:     397144 bytes,     397144 total
- age   2:       6512 bytes,     403656 total
- age   3:      42352 bytes,     446008 total
- age   4:     250144 bytes,     696152 total
 17634K->11313K(24716K), 0.0011497 secs]
19.045: [GC
Desired survivor size 557056 bytes, new threshold 2 (max 15)
- age   1:     524856 bytes,     524856 total
- age   2:     158864 bytes,     683720 total
- age   3:       6432 bytes,     690152 total
- age   4:      42352 bytes,     732504 total
 17823K->11592K(24716K), 0.0012584 secs]
19.052: [GC
Desired survivor size 557056 bytes, new threshold 15 (max 15)
- age   1:      77592 bytes,      77592 total
- age   2:     467744 bytes,     545336 total
 18118K->11520K(24716K), 0.0011597 secs]
19.058: [GC
Desired survivor size 557056 bytes, new threshold 3 (max 15)
- age   1:     224920 bytes,     224920 total
- age   2:      18216 bytes,     243136 total
- age   3:     344832 bytes,     587968 total
 18012K->11562K(24716K), 0.0009096 secs]
19.063: [GC
Desired survivor size 557056 bytes, new threshold 15 (max 15)
- age   1:     427328 bytes,     427328 total
- age   3:      18216 bytes,     445544 total
 18090K->11778K(24716K), 0.0011594 secs]
19.069: [GC
Desired survivor size 557056 bytes, new threshold 2 (max 15)
- age   1:     245872 bytes,     245872 total
- age   2:     321056 bytes,     566928 total
- age   4:      18216 bytes,     585144 total
 18243K->11908K(24716K), 0.0013370 secs]
19.074: [GC
Desired survivor size 557056 bytes, new threshold 15 (max 15)
- age   1:     115888 bytes,     115888 total
- age   2:     168904 bytes,     284792 total
 18422K->11891K(24716K), 0.0011016 secs]
19.079: [GC
Desired survivor size 557056 bytes, new threshold 15 (max 15)
- age   1:     150224 bytes,     150224 total
- age   2:      41848 bytes,     192072 total
- age   3:      62696 bytes,     254768 total
 18412K->11851K(24716K), 0.0007380 secs]
19.084: [GC
Desired survivor size 557056 bytes, new threshold 15 (max 15)
- age   1:     279888 bytes,     279888 total
- age   2:     110136 bytes,     390024 total
- age   3:      41848 bytes,     431872 total
- age   4:      62696 bytes,     494568 total
 18366K->12085K(24716K), 0.0012509 secs]
19.089: [GC
Desired survivor size 557056 bytes, new threshold 15 (max 15)
- age   1:     158512 bytes,     158512 total
- age   2:     128984 bytes,     287496 total
- age   3:     110136 bytes,     397632 total
- age   4:      41848 bytes,     439480 total
- age   5:      62696 bytes,     502176 total
 18595K->12092K(24716K), 0.0010913 secs]
19.094: [GC
Desired survivor size 557056 bytes, new threshold 15 (max 15)
- age   1:     123048 bytes,     123048 total
- age   2:      68192 bytes,     191240 total
- age   3:     128984 bytes,     320224 total
- age   4:     110136 bytes,     430360 total
- age   5:      41848 bytes,     472208 total
- age   6:      62696 bytes,     534904 total
 18618K->12124K(24716K), 0.0014716 secs]
19.100: [GC
Desired survivor size 557056 bytes, new threshold 5 (max 15)
- age   1:     243544 bytes,     243544 total
- age   2:      74584 bytes,     318128 total
- age   3:      68192 bytes,     386320 total
- age   4:     128984 bytes,     515304 total
- age   5:     110136 bytes,     625440 total
- age   6:      41848 bytes,     667288 total
- age   7:      62696 bytes,     729984 total
 18598K->12314K(24716K), 0.0012498 secs]
19.105: [GC
Desired survivor size 557056 bytes, new threshold 3 (max 15)
- age   1:     467480 bytes,     467480 total
- age   2:      55896 bytes,     523376 total
- age   3:      74584 bytes,     597960 total
- age   4:      68192 bytes,     666152 total
- age   5:     128984 bytes,     795136 total
 18838K->12596K(24716K), 0.0017054 secs]
19.111: [GC
Desired survivor size 557056 bytes, new threshold 15 (max 15)
- age   1:     118032 bytes,     118032 total
- age   2:     185632 bytes,     303664 total
- age   3:      55896 bytes,     359560 total
 19080K->12437K(24716K), 0.0011542 secs]
19.116: [GC
Desired survivor size 557056 bytes, new threshold 3 (max 15)
- age   1:     457400 bytes,     457400 total
- age   2:      62104 bytes,     519504 total
- age   3:     185632 bytes,     705136 total
- age   4:      55896 bytes,     761032 total
 18917K->12829K(24716K), 0.0012518 secs]
19.122: [GC
Desired survivor size 557056 bytes, new threshold 2 (max 15)
- age   1:     329904 bytes,     329904 total
- age   2:     284864 bytes,     614768 total
- age   3:      62104 bytes,     676872 total
 19340K->12982K(24716K), 0.0012802 secs]
19.131: [GC
Desired survivor size 557056 bytes, new threshold 15 (max 15)
- age   1:      88288 bytes,      88288 total
- age   2:     163304 bytes,     251592 total
 19353K->12905K(24716K), 0.0013890 secs]
19.137: [GC
Desired survivor size 557056 bytes, new threshold 15 (max 15)
- age   1:     125336 bytes,     125336 total
- age   2:       3040 bytes,     128376 total
- age   3:     163304 bytes,     291680 total
 19433K->12945K(24716K), 0.0010240 secs]
19.142: [GC
Desired survivor size 557056 bytes, new threshold 4 (max 15)
- age   1:     383256 bytes,     383256 total
- age   2:     109688 bytes,     492944 total
- age   3:       3040 bytes,     495984 total
- age   4:     163304 bytes,     659288 total
 19446K->13304K(24716K), 0.0015506 secs]
19.149: [GC
Desired survivor size 557056 bytes, new threshold 3 (max 15)
- age   1:     177680 bytes,     177680 total
- age   2:     361744 bytes,     539424 total
- age   3:     109688 bytes,     649112 total
- age   4:       3040 bytes,     652152 total
 19812K->13455K(24716K), 0.0011150 secs]
19.154: [GC
Desired survivor size 557056 bytes, new threshold 2 (max 15)
- age   1:     408448 bytes,     408448 total
- age   2:     152352 bytes,     560800 total
- age   3:     361744 bytes,     922544 total
 19980K->13843K(24716K), 0.0014318 secs]
19.161: [GC
Desired survivor size 557056 bytes, new threshold 2 (max 15)
- age   1:     206032 bytes,     206032 total
- age   2:     378320 bytes,     584352 total
 20353K->14014K(24716K), 0.0014352 secs]
19.166: [GC
Desired survivor size 557056 bytes, new threshold 15 (max 15)
- age   1:      89928 bytes,      89928 total
- age   2:     150056 bytes,     239984 total
 20523K->14047K(24716K), 0.0010502 secs]
19.171: [GC
Desired survivor size 557056 bytes, new threshold 15 (max 15)
- age   1:     358152 bytes,     358152 total
- age   2:         40 bytes,     358192 total
- age   3:     150024 bytes,     508216 total
 20522K->14309K(24716K), 0.0009004 secs]
19.177: [GC
Desired survivor size 557056 bytes, new threshold 15 (max 15)
- age   1:     176200 bytes,     176200 total
- age   2:     186240 bytes,     362440 total
- age   3:         40 bytes,     362480 total
- age   4:     150024 bytes,     512504 total
 20802K->14313K(24716K), 0.0012478 secs]
19.184: [GC
Desired survivor size 557056 bytes, new threshold 15 (max 15)
- age   1:     190600 bytes,     190600 total
- age   2:      41248 bytes,     231848 total
- age   3:     128976 bytes,     360824 total
- age   4:         40 bytes,     360864 total
- age   5:      21072 bytes,     381936 total
 20830K->14185K(24716K), 0.0008648 secs]
19.189: [GC
Desired survivor size 557056 bytes, new threshold 15 (max 15)
- age   1:     174664 bytes,     174664 total
- age   2:      31528 bytes,     206192 total
- age   3:      41248 bytes,     247440 total
- age   4:     128976 bytes,     376416 total
- age   5:         40 bytes,     376456 total
- age   6:      21072 bytes,     397528 total
 20656K->14200K(24716K), 0.0011651 secs]
19.194: [GC
Desired survivor size 557056 bytes, new threshold 2 (max 15)
- age   1:     553504 bytes,     553504 total
- age   2:      71408 bytes,     624912 total
- age   3:       4560 bytes,     629472 total
- age   4:      41248 bytes,     670720 total
- age   5:      64488 bytes,     735208 total
- age   7:      21072 bytes,     756280 total
 20722K->14551K(24716K), 0.0010547 secs]
19.199: [GC
Desired survivor size 557056 bytes, new threshold 2 (max 15)
- age   1:     406680 bytes,     406680 total
- age   2:     489968 bytes,     896648 total
 21053K->14846K(24716K), 0.0014213 secs]
19.206: [GC
Desired survivor size 557056 bytes, new threshold 1 (max 15)
- age   1:     677296 bytes,     677296 total
- age   2:     211832 bytes,     889128 total
 21350K->15316K(24716K), 0.0016533 secs]
19.213: [GC
Desired survivor size 557056 bytes, new threshold 15 (max 15)
- age   1:     420096 bytes,     420096 total
 21825K->15520K(24716K), 0.0013415 secs]
19.220: [GC
Desired survivor size 557056 bytes, new threshold 2 (max 15)
- age   1:     439152 bytes,     439152 total
- age   2:     303560 bytes,     742712 total
 22022K->15835K(24716K), 0.0010854 secs]
19.225: [GC
Desired survivor size 557056 bytes, new threshold 2 (max 15)
- age   1:     308664 bytes,     308664 total
- age   2:     303064 bytes,     611728 total
 22359K->15925K(24716K), 0.0011723 secs]
19.230: [GC
Desired survivor size 557056 bytes, new threshold 2 (max 15)
- age   1:     404056 bytes,     404056 total
- age   2:     185824 bytes,     589880 total
 22400K->16136K(24716K), 0.0012367 secs]
19.236: [GC
Desired survivor size 557056 bytes, new threshold 1 (max 15)
- age   1:     814216 bytes,     814216 total
- age   2:     258808 bytes,    1073024 total
 22645K->16854K(24716K), 0.0018002 secs]
19.243: [GC
Desired survivor size 557056 bytes, new threshold 15 (max 15)
- age   1:     522744 bytes,     522744 total
 23378K->16856K(24716K), 0.0015698 secs]
19.249: [GC
Desired survivor size 557056 bytes, new threshold 15 (max 15)
- age   1:     332872 bytes,     332872 total
- age   2:      65888 bytes,     398760 total
 23378K->16735K(24716K), 0.0008817 secs]
19.255: [GC
Desired survivor size 557056 bytes, new threshold 15 (max 15)
- age   1:     426592 bytes,     426592 total
- age   2:      52096 bytes,     478688 total
 23218K->16813K(24716K), 0.0008755 secs]
19.260: [GC
Desired survivor size 557056 bytes, new threshold 15 (max 15)
- age   1:     275448 bytes,     275448 total
- age   2:     159176 bytes,     434624 total
- age   3:      52096 bytes,     486720 total
 23332K->16821K(24716K), 0.0009925 secs]
19.265: [GC
Desired survivor size 557056 bytes, new threshold 1 (max 15)
- age   1:     742600 bytes,     742600 total
- age   2:     139752 bytes,     882352 total
- age   3:     159176 bytes,    1041528 total
- age   4:      52096 bytes,    1093624 total
 23315K->17470K(24716K), 0.0015761 secs]
19.270: [GC
Desired survivor size 557056 bytes, new threshold 15 (max 15)
- age   1:     381896 bytes,     381896 total
 23938K->17585K(24908K), 0.0019262 secs]
19.273: [Full GC 17585K->9038K(24908K), 0.0717363 secs]
19.349: [GC
Desired survivor size 557056 bytes, new threshold 15 (max 15)
- age   1:     476168 bytes,     476168 total
 15562K->9505K(24716K), 0.0009501 secs]
19.358: [GC
Desired survivor size 557056 bytes, new threshold 2 (max 15)
- age   1:     353976 bytes,     353976 total
- age   2:     316560 bytes,     670536 total
 16033K->9694K(24716K), 0.0012648 secs]
19.369: [GC
Desired survivor size 557056 bytes, new threshold 15 (max 15)
- age   1:      44584 bytes,      44584 total
- age   2:     279928 bytes,     324512 total
 16222K->9682K(24716K), 0.0013095 secs]
19.374: [GC
Desired survivor size 557056 bytes, new threshold 15 (max 15)
- age   1:     262328 bytes,     262328 total
- age   2:      30728 bytes,     293056 total
- age   3:     206248 bytes,     499304 total
 16205K->9853K(24716K), 0.0013883 secs]
19.380: [GC
Desired survivor size 557056 bytes, new threshold 1 (max 15)
- age   1:     628096 bytes,     628096 total
- age   2:     188536 bytes,     816632 total
- age   3:      18800 bytes,     835432 total
- age   4:     206248 bytes,    1041680 total
 16319K->10465K(24716K), 0.0019613 secs]
19.388: [GC
Desired survivor size 557056 bytes, new threshold 15 (max 15)
- age   1:     149568 bytes,     149568 total
 16990K->10280K(24716K), 0.0011130 secs]
19.393: [GC
Desired survivor size 557056 bytes, new threshold 15 (max 15)
- age   1:     120192 bytes,     120192 total
- age   2:     127976 bytes,     248168 total
 16807K->10364K(24716K), 0.0008593 secs]
19.398: [GC
Desired survivor size 557056 bytes, new threshold 15 (max 15)
- age   1:     220904 bytes,     220904 total
- age   2:      94472 bytes,     315376 total
- age   3:     127976 bytes,     443352 total
 16874K->10552K(24716K), 0.0017412 secs]
19.403: [GC
Desired survivor size 557056 bytes, new threshold 15 (max 15)
- age   1:     199264 bytes,     199264 total
- age   2:      64504 bytes,     263768 total
- age   3:      94472 bytes,     358240 total
- age   4:     127976 bytes,     486216 total
 17062K->10596K(24716K), 0.0009508 secs]
19.408: [GC
Desired survivor size 557056 bytes, new threshold 15 (max 15)
- age   1:     116888 bytes,     116888 total
- age   2:     135728 bytes,     252616 total
- age   3:      64504 bytes,     317120 total
- age   4:      94472 bytes,     411592 total
- age   5:     127976 bytes,     539568 total
 17105K->10648K(24716K), 0.0009659 secs]
19.413: [GC
Desired survivor size 557056 bytes, new threshold 15 (max 15)
- age   1:     108400 bytes,     108400 total
- age   2:      80168 bytes,     188568 total
- age   4:      64504 bytes,     253072 total
- age   5:      94472 bytes,     347544 total
- age   6:     127976 bytes,     475520 total
 17138K->10586K(24716K), 0.0009704 secs]
19.418: [GC
Desired survivor size 557056 bytes, new threshold 6 (max 15)
- age   1:     300416 bytes,     300416 total
- age   2:      39224 bytes,     339640 total
- age   3:      80168 bytes,     419808 total
- age   5:      64504 bytes,     484312 total
- age   6:      94472 bytes,     578784 total
- age   7:     199568 bytes,     778352 total
 17044K->10881K(24716K), 0.0019682 secs]
19.424: [GC
Desired survivor size 557056 bytes, new threshold 6 (max 15)
- age   1:     160480 bytes,     160480 total
- age   2:     261184 bytes,     421664 total
- age   3:      39224 bytes,     460888 total
- age   4:      80168 bytes,     541056 total
- age   6:      64504 bytes,     605560 total
 17394K->10930K(24716K), 0.0017999 secs]
19.430: [GC
Desired survivor size 557056 bytes, new threshold 5 (max 15)
- age   1:     166288 bytes,     166288 total
- age   2:      77360 bytes,     243648 total
- age   3:     261184 bytes,     504832 total
- age   4:      39224 bytes,     544056 total
- age   5:      80168 bytes,     624224 total
 17450K->11011K(24716K), 0.0011297 secs]
19.435: [GC
Desired survivor size 557056 bytes, new threshold 5 (max 15)
- age   1:     170952 bytes,     170952 total
- age   2:      81232 bytes,     252184 total
- age   3:      37256 bytes,     289440 total
- age   4:     261184 bytes,     550624 total
- age   5:      39224 bytes,     589848 total
 17534K->11063K(24716K), 0.0011614 secs]
19.441: [GC
Desired survivor size 557056 bytes, new threshold 2 (max 15)
- age   1:     471360 bytes,     471360 total
- age   2:      88672 bytes,     560032 total
- age   3:      81232 bytes,     641264 total
- age   4:      37256 bytes,     678520 total
- age   5:     118456 bytes,     796976 total
 17572K->11310K(24716K), 0.0021306 secs]
19.450: [GC
Desired survivor size 557056 bytes, new threshold 15 (max 15)
- age   1:     156408 bytes,     156408 total
- age   2:     281544 bytes,     437952 total
 17827K->11279K(24716K), 0.0009120 secs]
19.456: [GC
Desired survivor size 557056 bytes, new threshold 3 (max 15)
- age   1:     333384 bytes,     333384 total
- age   2:      90632 bytes,     424016 total
- age   3:     281544 bytes,     705560 total
 17807K->11540K(24716K), 0.0012967 secs]
19.462: [GC
Desired survivor size 557056 bytes, new threshold 1 (max 15)
- age   1:     636880 bytes,     636880 total
- age   2:     233992 bytes,     870872 total
 18046K->11977K(24716K), 0.0014486 secs]
19.468: [GC
Desired survivor size 557056 bytes, new threshold 15 (max 15)
- age   1:     135648 bytes,     135648 total
 18480K->11997K(24716K), 0.0014434 secs]
19.473: [GC
Desired survivor size 557056 bytes, new threshold 15 (max 15)
- age   1:     332048 bytes,     332048 total
- age   2:      96800 bytes,     428848 total
 18525K->12283K(24716K), 0.0010132 secs]
19.478: [GC
Desired survivor size 557056 bytes, new threshold 2 (max 15)
- age   1:     482736 bytes,     482736 total
- age   2:     290504 bytes,     773240 total
- age   3:      96800 bytes,     870040 total
 18776K->12714K(24716K), 0.0011802 secs]
19.483: [GC
Desired survivor size 557056 bytes, new threshold 15 (max 15)
- age   1:     110352 bytes,     110352 total
- age   2:     395320 bytes,     505672 total
 19186K->12736K(24716K), 0.0013820 secs]
19.489: [GC
Desired survivor size 557056 bytes, new threshold 1 (max 15)
- age   1:     574296 bytes,     574296 total
- age   2:      46216 bytes,     620512 total
- age   3:     395320 bytes,    1015832 total
 19242K->13381K(24716K), 0.0015734 secs]
19.496: [GC
Desired survivor size 557056 bytes, new threshold 15 (max 15)
- age   1:     234800 bytes,     234800 total
 19886K->13466K(24716K), 0.0013974 secs]
19.502: [GC
Desired survivor size 557056 bytes, new threshold 15 (max 15)
- age   1:     377664 bytes,     377664 total
- age   2:     174440 bytes,     552104 total
 19994K->13775K(24716K), 0.0012294 secs]
19.508: [GC
Desired survivor size 557056 bytes, new threshold 2 (max 15)
- age   1:     511024 bytes,     511024 total
- age   2:      78384 bytes,     589408 total
- age   3:     174440 bytes,     763848 total
 20297K->13982K(24716K), 0.0011123 secs]
19.514: [GC
Desired survivor size 557056 bytes, new threshold 15 (max 15)
- age   1:     235872 bytes,     235872 total
- age   2:     137904 bytes,     373776 total
 20510K->13852K(24716K), 0.0012804 secs]
19.519: [GC
Desired survivor size 557056 bytes, new threshold 3 (max 15)
- age   1:     375904 bytes,     375904 total
- age   2:      72888 bytes,     448792 total
- age   3:     137904 bytes,     586696 total
 20376K->14062K(24716K), 0.0012110 secs]
19.524: [GC
Desired survivor size 557056 bytes, new threshold 15 (max 15)
- age   1:     392256 bytes,     392256 total
- age   2:      62648 bytes,     454904 total
- age   3:      72888 bytes,     527792 total
 20581K->14135K(24716K), 0.0010633 secs]
19.530: [GC
Desired survivor size 557056 bytes, new threshold 1 (max 15)
- age   1:     760488 bytes,     760488 total
- age   2:      61416 bytes,     821904 total
- age   3:      62648 bytes,     884552 total
- age   4:      72888 bytes,     957440 total
 20631K->14559K(24716K), 0.0013135 secs]
19.536: [GC
Desired survivor size 557056 bytes, new threshold 15 (max 15)
- age   1:     259248 bytes,     259248 total
 21045K->14559K(24716K), 0.0017578 secs]
19.543: [GC
Desired survivor size 557056 bytes, new threshold 2 (max 15)
- age   1:     429288 bytes,     429288 total
- age   2:     168640 bytes,     597928 total
 21077K->14891K(24716K), 0.0009451 secs]
19.548: [GC
Desired survivor size 557056 bytes, new threshold 2 (max 15)
- age   1:     334432 bytes,     334432 total
- age   2:     303288 bytes,     637720 total
 21387K->15095K(24716K), 0.0012487 secs]
19.554: [GC
Desired survivor size 557056 bytes, new threshold 2 (max 15)
- age   1:     313816 bytes,     313816 total
- age   2:     255696 bytes,     569512 total
 21546K->15176K(24716K), 0.0010425 secs]
19.560: [GC
Desired survivor size 557056 bytes, new threshold 15 (max 15)
- age   1:     461008 bytes,     461008 total
 21694K->15320K(24716K), 0.0014832 secs]
19.567: [GC
Desired survivor size 557056 bytes, new threshold 1 (max 15)
- age   1:     631552 bytes,     631552 total
- age   2:     145640 bytes,     777192 total
 21827K->15628K(24716K), 0.0010868 secs]
19.573: [GC
Desired survivor size 557056 bytes, new threshold 15 (max 15)
- age   1:     474760 bytes,     474760 total
 22136K->15906K(24716K), 0.0014817 secs]
19.580: [GC
Desired survivor size 557056 bytes, new threshold 2 (max 15)
- age   1:     229712 bytes,     229712 total
- age   2:     382256 bytes,     611968 total
 22404K->16040K(24716K), 0.0010413 secs]
19.585: [GC
Desired survivor size 557056 bytes, new threshold 15 (max 15)
- age   1:     278656 bytes,     278656 total
- age   2:     131464 bytes,     410120 total
 22556K->16094K(24716K), 0.0011505 secs]
19.592: [GC
Desired survivor size 557056 bytes, new threshold 1 (max 15)
- age   1:     582392 bytes,     582392 total
- age   2:     181408 bytes,     763800 total
- age   3:     131464 bytes,     895264 total
 22608K->16567K(24716K), 0.0014711 secs]
19.599: [GC
Desired survivor size 557056 bytes, new threshold 15 (max 15)
- age   1:     186632 bytes,     186632 total
 23052K->16474K(24716K), 0.0011143 secs]
19.604: [GC
Desired survivor size 557056 bytes, new threshold 15 (max 15)
- age   1:     143408 bytes,     143408 total
- age   2:      46200 bytes,     189608 total
 22981K->16479K(24716K), 0.0007482 secs]
19.609: [GC
Desired survivor size 557056 bytes, new threshold 15 (max 15)
- age   1:     325152 bytes,     325152 total
- age   2:      59136 bytes,     384288 total
- age   3:      46200 bytes,     430488 total
 23005K->16714K(24716K), 0.0008266 secs]
19.613: [GC
Desired survivor size 557056 bytes, new threshold 15 (max 15)
- age   1:     260784 bytes,     260784 total
- age   2:     102224 bytes,     363008 total
- age   3:      59136 bytes,     422144 total
- age   4:      46200 bytes,     468344 total
 23181K->16751K(24716K), 0.0009512 secs]
19.618: [GC
Desired survivor size 557056 bytes, new threshold 3 (max 15)
- age   1:     360520 bytes,     360520 total
- age   2:     120416 bytes,     480936 total
- age   3:     102224 bytes,     583160 total
- age   4:      59136 bytes,     642296 total
- age   5:      46200 bytes,     688496 total
 23247K->16966K(24716K), 0.0013848 secs]
19.625: [GC
Desired survivor size 557056 bytes, new threshold 1 (max 15)
- age   1:     755952 bytes,     755952 total
- age   2:     165288 bytes,     921240 total
- age   3:     120416 bytes,    1041656 total
 23482K->17521K(24716K), 0.0015050 secs]
19.631: [GC
Desired survivor size 557056 bytes, new threshold 15 (max 15)
- age   1:     327352 bytes,     327352 total
 24021K->17555K(24908K), 0.0013754 secs]
19.633: [Full GC 17555K->8132K(24908K), 0.0718907 secs]
19.713: [GC
Desired survivor size 557056 bytes, new threshold 15 (max 15)
- age   1:     327376 bytes,     327376 total
 14649K->8454K(24716K), 0.0009532 secs]
19.718: [GC
Desired survivor size 557056 bytes, new threshold 2 (max 15)
- age   1:     491784 bytes,     491784 total
- age   2:     290208 bytes,     781992 total
 14967K->8898K(24716K), 0.0012146 secs]
19.724: [GC
Desired survivor size 557056 bytes, new threshold 15 (max 15)
- age   1:      93072 bytes,      93072 total
- age   2:     452368 bytes,     545440 total
 15426K->8963K(24716K), 0.0012043 secs]
19.729: [GC
Desired survivor size 557056 bytes, new threshold 3 (max 15)
- age   1:     260992 bytes,     260992 total
- age   2:       5656 bytes,     266648 total
- age   3:     415456 bytes,     682104 total
 15435K->9097K(24716K), 0.0011744 secs]
19.737: [GC
Desired survivor size 557056 bytes, new threshold 15 (max 15)
- age   1:      64448 bytes,      64448 total
- age   2:     206568 bytes,     271016 total
- age   3:       4488 bytes,     275504 total
 15573K->9106K(24716K), 0.0014508 secs]
19.743: [GC
Desired survivor size 557056 bytes, new threshold 15 (max 15)
- age   1:     278776 bytes,     278776 total
- age   2:       4440 bytes,     283216 total
- age   3:     189464 bytes,     472680 total
- age   4:       4488 bytes,     477168 total
 15633K->9305K(24716K), 0.0009419 secs]
19.748: [GC
Desired survivor size 557056 bytes, new threshold 15 (max 15)
- age   1:     212440 bytes,     212440 total
- age   2:      65424 bytes,     277864 total
- age   3:       4360 bytes,     282224 total
- age   4:     155248 bytes,     437472 total
- age   5:       4488 bytes,     441960 total
 15823K->9265K(24716K), 0.0014897 secs]
19.755: [GC
Desired survivor size 557056 bytes, new threshold 1 (max 15)
- age   1:     571568 bytes,     571568 total
- age   2:     195304 bytes,     766872 total
- age   3:      65424 bytes,     832296 total
- age   4:       4360 bytes,     836656 total
- age   5:     155248 bytes,     991904 total
- age   6:       4488 bytes,     996392 total
 15780K->9819K(24716K), 0.0011477 secs]
19.762: [GC
Desired survivor size 557056 bytes, new threshold 1 (max 15)
- age   1:     558112 bytes,     558112 total
 16296K->10275K(24716K), 0.0014942 secs]
19.767: [GC
Desired survivor size 557056 bytes, new threshold 15 (max 15)
- age   1:     166624 bytes,     166624 total
 16751K->10413K(24716K), 0.0012265 secs]
19.774: [GC
Desired survivor size 557056 bytes, new threshold 2 (max 15)
- age   1:     515840 bytes,     515840 total
- age   2:     135880 bytes,     651720 total
 16889K->10889K(24716K), 0.0009504 secs]
19.779: [GC
Desired survivor size 557056 bytes, new threshold 2 (max 15)
- age   1:     136928 bytes,     136928 total
- age   2:     482584 bytes,     619512 total
 17382K->10990K(24716K), 0.0012548 secs]
19.785: [GC
Desired survivor size 557056 bytes, new threshold 1 (max 15)
- age   1:     696352 bytes,     696352 total
- age   2:      76304 bytes,     772656 total
 17465K->11471K(24716K), 0.0012947 secs]
19.792: [GC
Desired survivor size 557056 bytes, new threshold 1 (max 15)
- age   1:     672432 bytes,     672432 total
 17965K->12060K(24716K), 0.0020474 secs]
19.799: [GC
Desired survivor size 557056 bytes, new threshold 15 (max 15)
- age   1:     466688 bytes,     466688 total
 18546K->12470K(24716K), 0.0012542 secs]
19.804: [GC
Desired survivor size 557056 bytes, new threshold 1 (max 15)
- age   1:     617840 bytes,     617840 total
- age   2:     417200 bytes,    1035040 total
 18996K->13025K(24716K), 0.0015881 secs]
19.809: [GC
Desired survivor size 557056 bytes, new threshold 15 (max 15)
- age   1:     207152 bytes,     207152 total
 19485K->13026K(24716K), 0.0015256 secs]
19.816: [GC
Desired survivor size 557056 bytes, new threshold 2 (max 15)
- age   1:     544440 bytes,     544440 total
- age   2:     157712 bytes,     702152 total
 19532K->13509K(24716K), 0.0013033 secs]
19.821: [GC
Desired survivor size 557056 bytes, new threshold 2 (max 15)
- age   1:     302072 bytes,     302072 total
- age   2:     368792 bytes,     670864 total
 19979K->13631K(24716K), 0.0018887 secs]
19.828: [GC
Desired survivor size 557056 bytes, new threshold 1 (max 15)
- age   1:     666536 bytes,     666536 total
- age   2:     247664 bytes,     914200 total
 20149K->14230K(24716K), 0.0018868 secs]
19.834: [GC
Desired survivor size 557056 bytes, new threshold 1 (max 15)
- age   1:     771728 bytes,     771728 total
 20758K->14827K(24716K), 0.0017298 secs]
19.841: [GC
Desired survivor size 557056 bytes, new threshold 15 (max 15)
- age   1:     254000 bytes,     254000 total
 21314K->14833K(24716K), 0.0013249 secs]
19.847: [GC
Desired survivor size 557056 bytes, new threshold 15 (max 15)
- age   1:     418936 bytes,     418936 total
- age   2:      86576 bytes,     505512 total
 21327K->15081K(24716K), 0.0016374 secs]
19.853: [GC
Desired survivor size 557056 bytes, new threshold 15 (max 15)
- age   1:     283800 bytes,     283800 total
- age   2:     205632 bytes,     489432 total
- age   3:      56464 bytes,     545896 total
 21599K->15120K(24716K), 0.0009091 secs]
19.859: [GC
Desired survivor size 557056 bytes, new threshold 3 (max 15)
- age   1:     360928 bytes,     360928 total
- age   2:     104944 bytes,     465872 total
- age   3:     205632 bytes,     671504 total
- age   4:      56464 bytes,     727968 total
 21636K->15298K(24716K), 0.0012672 secs]
19.865: [GC
Desired survivor size 557056 bytes, new threshold 1 (max 15)
- age   1:     730608 bytes,     730608 total
- age   2:     213216 bytes,     943824 total
- age   3:     104944 bytes,    1048768 total
 21788K->15867K(24716K), 0.0025611 secs]
19.873: [GC
Desired survivor size 557056 bytes, new threshold 15 (max 15)
- age   1:     330184 bytes,     330184 total
 22389K->15904K(24716K), 0.0017932 secs]
19.879: [GC
Desired survivor size 557056 bytes, new threshold 15 (max 15)
- age   1:     402376 bytes,     402376 total
- age   2:      84712 bytes,     487088 total
 22381K->16057K(24716K), 0.0009481 secs]
19.884: [GC
Desired survivor size 557056 bytes, new threshold 2 (max 15)
- age   1:     315760 bytes,     315760 total
- age   2:     249448 bytes,     565208 total
- age   3:      84712 bytes,     649920 total
 22557K->16216K(24716K), 0.0011142 secs]
19.889: [GC
Desired survivor size 557056 bytes, new threshold 15 (max 15)
- age   1:     380664 bytes,     380664 total
- age   2:     158640 bytes,     539304 total
 22736K->16442K(24716K), 0.0013898 secs]
19.895: [GC
Desired survivor size 557056 bytes, new threshold 1 (max 15)
- age   1:     625504 bytes,     625504 total
- age   2:     190024 bytes,     815528 total
- age   3:     158640 bytes,     974168 total
 22948K->16867K(24716K), 0.0028148 secs]
19.902: [GC
Desired survivor size 557056 bytes, new threshold 15 (max 15)
- age   1:     102168 bytes,     102168 total
 23394K->16732K(24716K), 0.0013472 secs]
19.908: [GC
Desired survivor size 557056 bytes, new threshold 1 (max 15)
- age   1:     714488 bytes,     714488 total
- age   2:      47632 bytes,     762120 total
 23234K->17376K(24716K), 0.0015286 secs]
19.915: [GC
Desired survivor size 557056 bytes, new threshold 15 (max 15)
- age   1:     244120 bytes,     244120 total
 23903K->17399K(24908K), 0.0010670 secs]
19.916: [Full GC 17399K->8596K(24908K), 0.0721391 secs]
19.994: [GC
Desired survivor size 557056 bytes, new threshold 15 (max 15)
- age   1:     165104 bytes,     165104 total
 15111K->8759K(24716K), 0.0008452 secs]
19.999: [GC
Desired survivor size 557056 bytes, new threshold 2 (max 15)
- age   1:     543792 bytes,     543792 total
- age   2:     106616 bytes,     650408 total
 15259K->9233K(24716K), 0.0009593 secs]
20.004: [GC
Desired survivor size 557056 bytes, new threshold 15 (max 15)
- age   1:     141296 bytes,     141296 total
- age   2:     263776 bytes,     405072 total
 15743K->9108K(24716K), 0.0009965 secs]
20.010: [GC
Desired survivor size 557056 bytes, new threshold 3 (max 15)
- age   1:     303896 bytes,     303896 total
- age   2:      60200 bytes,     364096 total
- age   3:     263776 bytes,     627872 total
 15615K->9325K(24716K), 0.0010306 secs]
20.015: [GC
Desired survivor size 557056 bytes, new threshold 1 (max 15)
- age   1:     652616 bytes,     652616 total
- age   2:     183112 bytes,     835728 total
- age   3:      60200 bytes,     895928 total
 15784K->9845K(24716K), 0.0014187 secs]
20.021: [GC
Desired survivor size 557056 bytes, new threshold 15 (max 15)
- age   1:     483888 bytes,     483888 total
 16308K->10189K(24716K), 0.0016495 secs]
20.028: [GC
Desired survivor size 557056 bytes, new threshold 15 (max 15)
- age   1:     259616 bytes,     259616 total
- age   2:     171600 bytes,     431216 total
 16694K->10138K(24716K), 0.0008391 secs]
20.036: [GC
Desired survivor size 557056 bytes, new threshold 15 (max 15)
- age   1:     123560 bytes,     123560 total
- age   3:     171600 bytes,     295160 total
 16649K->10005K(24716K), 0.0009926 secs]
20.043: [GC
Desired survivor size 557056 bytes, new threshold 15 (max 15)
- age   1:     270904 bytes,     270904 total
- age   2:       1640 bytes,     272544 total
- age   4:     171600 bytes,     444144 total
 16522K->10149K(24716K), 0.0008171 secs]
20.049: [GC
Desired survivor size 557056 bytes, new threshold 5 (max 15)
- age   1:     284776 bytes,     284776 total
- age   2:     146288 bytes,     431064 total
- age   3:       1640 bytes,     432704 total
- age   5:     171600 bytes,     604304 total
 16631K->10306K(24716K), 0.0011809 secs]
20.055: [GC
Desired survivor size 557056 bytes, new threshold 15 (max 15)
- age   1:     141928 bytes,     141928 total
- age   2:      74656 bytes,     216584 total
- age   3:     146288 bytes,     362872 total
- age   4:       1640 bytes,     364512 total
 16781K->10239K(24716K), 0.0013512 secs]
20.062: [GC
Desired survivor size 557056 bytes, new threshold 4 (max 15)
- age   1:     343512 bytes,     343512 total
- age   2:      73680 bytes,     417192 total
- age   3:      74312 bytes,     491504 total
- age   4:     146288 bytes,     637792 total
- age   5:       1640 bytes,     639432 total
 16709K->10508K(24716K), 0.0010484 secs]
20.067: [GC
Desired survivor size 557056 bytes, new threshold 4 (max 15)
- age   1:     288256 bytes,     288256 total
- age   2:     134896 bytes,     423152 total
- age   3:      73680 bytes,     496832 total
- age   4:      73224 bytes,     570056 total
 17032K->10583K(24716K), 0.0012536 secs]
20.074: [GC
Desired survivor size 557056 bytes, new threshold 2 (max 15)
- age   1:     360464 bytes,     360464 total
- age   2:     285936 bytes,     646400 total
- age   3:     134896 bytes,     781296 total
- age   4:      73680 bytes,     854976 total
 17008K->10935K(24716K), 0.0011920 secs]
20.079: [GC
Desired survivor size 557056 bytes, new threshold 15 (max 15)
- age   1:     252760 bytes,     252760 total
- age   2:     263864 bytes,     516624 total
 17451K->11086K(24716K), 0.0014711 secs]
20.086: [GC
Desired survivor size 557056 bytes, new threshold 2 (max 15)
- age   1:     543536 bytes,     543536 total
- age   2:     169752 bytes,     713288 total
- age   3:     263864 bytes,     977152 total
 17602K->11533K(24716K), 0.0012960 secs]
20.092: [GC
Desired survivor size 557056 bytes, new threshold 15 (max 15)
- age   1:     124168 bytes,     124168 total
- age   2:     386112 bytes,     510280 total
 18053K->11511K(24716K), 0.0016346 secs]
20.099: [GC
Desired survivor size 557056 bytes, new threshold 3 (max 15)
- age   1:     446368 bytes,     446368 total
- age   2:      45896 bytes,     492264 total
- age   3:     218032 bytes,     710296 total
 18005K->11705K(24716K), 0.0014674 secs]
20.104: [GC
Desired survivor size 557056 bytes, new threshold 15 (max 15)
- age   1:     106696 bytes,     106696 total
- age   2:     361040 bytes,     467736 total
- age   3:       5456 bytes,     473192 total
 18224K->11690K(24716K), 0.0012306 secs]
20.113: [GC
Desired survivor size 557056 bytes, new threshold 15 (max 15)
- age   1:     285136 bytes,     285136 total
- age   2:      20264 bytes,     305400 total
- age   3:     192624 bytes,     498024 total
- age   4:       5456 bytes,     503480 total
 18159K->11723K(24716K), 0.0016415 secs]
20.120: [GC
Desired survivor size 557056 bytes, new threshold 15 (max 15)
- age   1:     307744 bytes,     307744 total
- age   2:        824 bytes,     308568 total
- age   3:      20264 bytes,     328832 total
- age   4:     192624 bytes,     521456 total
- age   5:       5456 bytes,     526912 total
 18250K->11742K(24716K), 0.0009432 secs]
20.128: [GC
Desired survivor size 557056 bytes, new threshold 5 (max 15)
- age   1:     388072 bytes,     388072 total
- age   2:      49560 bytes,     437632 total
- age   3:        824 bytes,     438456 total
- age   4:      20264 bytes,     458720 total
- age   5:     192624 bytes,     651344 total
- age   6:       5456 bytes,     656800 total
 18258K->11869K(24716K), 0.0014104 secs]
20.134: [GC
Desired survivor size 557056 bytes, new threshold 15 (max 15)
- age   1:     135136 bytes,     135136 total
- age   2:     140720 bytes,     275856 total
- age   3:      49560 bytes,     325416 total
- age   4:        824 bytes,     326240 total
- age   5:      20264 bytes,     346504 total
 18397K->11753K(24716K), 0.0010144 secs]
20.139: [GC
Desired survivor size 557056 bytes, new threshold 6 (max 15)
- age   1:     300008 bytes,     300008 total
- age   2:      62400 bytes,     362408 total
- age   3:     140720 bytes,     503128 total
- age   4:      49560 bytes,     552688 total
- age   5:        824 bytes,     553512 total
- age   6:      20264 bytes,     573776 total
 18256K->11975K(24716K), 0.0011238 secs]
20.145: [GC
Desired survivor size 557056 bytes, new threshold 1 (max 15)
- age   1:     713800 bytes,     713800 total
- age   2:     224704 bytes,     938504 total
- age   3:      62400 bytes,    1000904 total
- age   4:      71576 bytes,    1072480 total
- age   5:      19640 bytes,    1092120 total
- age   6:        824 bytes,    1092944 total
 18474K->12607K(24716K), 0.0019963 secs]
20.152: [GC
Desired survivor size 557056 bytes, new threshold 15 (max 15)
- age   1:     435248 bytes,     435248 total
 19090K->12893K(24716K), 0.0020199 secs]
20.158: [GC
Desired survivor size 557056 bytes, new threshold 1 (max 15)
- age   1:     649064 bytes,     649064 total
- age   2:     367760 bytes,    1016824 total
 19381K->13463K(24716K), 0.0015703 secs]
20.167: [GC
Desired survivor size 557056 bytes, new threshold 15 (max 15)
- age   1:     131520 bytes,     131520 total
 19945K->13362K(24716K), 0.0023471 secs]
20.174: [GC
Desired survivor size 557056 bytes, new threshold 15 (max 15)
- age   1:     531336 bytes,     531336 total
- age   2:        992 bytes,     532328 total
 19862K->13753K(24716K), 0.0011945 secs]
20.179: [GC
Desired survivor size 557056 bytes, new threshold 2 (max 15)
- age   1:     477864 bytes,     477864 total
- age   2:     274832 bytes,     752696 total
- age   3:        704 bytes,     753400 total
 20261K->13970K(24716K), 0.0011751 secs]
20.184: [GC
Desired survivor size 557056 bytes, new threshold 2 (max 15)
- age   1:     526656 bytes,     526656 total
- age   2:     237632 bytes,     764288 total
 20490K->14184K(24716K), 0.0014479 secs]
20.191: [GC
Desired survivor size 557056 bytes, new threshold 1 (max 15)
- age   1:     832592 bytes,     832592 total
 20701K->14347K(24716K), 0.0010987 secs]
20.197: [GC
Desired survivor size 557056 bytes, new threshold 15 (max 15)
- age   1:     367864 bytes,     367864 total
 20829K->14602K(24716K), 0.0019763 secs]
20.203: [GC
Desired survivor size 557056 bytes, new threshold 1 (max 15)
- age   1:     855496 bytes,     855496 total
- age   2:     213720 bytes,    1069216 total
 21083K->15289K(24716K), 0.0013490 secs]
20.210: [GC
Desired survivor size 557056 bytes, new threshold 15 (max 15)
- age   1:     131200 bytes,     131200 total
 21715K->15304K(24716K), 0.0016187 secs]
20.216: [GC
Desired survivor size 557056 bytes, new threshold 15 (max 15)
- age   1:     217088 bytes,     217088 total
- age   2:      69176 bytes,     286264 total
 21774K->15457K(24716K), 0.0009283 secs]
20.221: [GC
Desired survivor size 557056 bytes, new threshold 1 (max 15)
- age   1:     878648 bytes,     878648 total
- age   2:     151800 bytes,    1030448 total
- age   3:      69176 bytes,    1099624 total
 21925K->16251K(24716K), 0.0016638 secs]
20.227: [GC
Desired survivor size 557056 bytes, new threshold 1 (max 15)
- age   1:     567416 bytes,     567416 total
 22749K->16403K(24716K), 0.0015547 secs]
20.234: [GC
Desired survivor size 557056 bytes, new threshold 1 (max 15)
- age   1:     782720 bytes,     782720 total
 22868K->16613K(24716K), 0.0014051 secs]
20.241: [GC
Desired survivor size 557056 bytes, new threshold 15 (max 15)
- age   1:     207936 bytes,     207936 total
 23139K->16476K(24716K), 0.0011072 secs]
20.246: [GC
Desired survivor size 557056 bytes, new threshold 15 (max 15)
- age   1:     297448 bytes,     297448 total
- age   2:      68192 bytes,     365640 total
 22990K->16631K(24716K), 0.0015966 secs]
20.254: [GC
Desired survivor size 557056 bytes, new threshold 15 (max 15)
- age   1:     165368 bytes,     165368 total
- age   2:     152408 bytes,     317776 total
- age   3:      68192 bytes,     385968 total
 23159K->16650K(24716K), 0.0007779 secs]
20.259: [GC
Desired survivor size 557056 bytes, new threshold 15 (max 15)
- age   1:      45592 bytes,      45592 total
- age   2:     117304 bytes,     162896 total
- age   3:     152408 bytes,     315304 total
- age   4:      68192 bytes,     383496 total
 23178K->16648K(24716K), 0.0010381 secs]
20.264: [GC
Desired survivor size 557056 bytes, new threshold 3 (max 15)
- age   1:     477136 bytes,     477136 total
- age   2:      15488 bytes,     492624 total
- age   3:     117304 bytes,     609928 total
- age   4:     152408 bytes,     762336 total
- age   5:      68192 bytes,     830528 total
 23175K->17086K(24716K), 0.0013184 secs]
20.270: [GC
Desired survivor size 557056 bytes, new threshold 3 (max 15)
- age   1:     184808 bytes,     184808 total
- age   2:     362408 bytes,     547216 total
- age   3:      15456 bytes,     562672 total
 23608K->17083K(24716K), 0.0012974 secs]
20.275: [GC
Desired survivor size 557056 bytes, new threshold 1 (max 15)
- age   1:     695872 bytes,     695872 total
- age   2:      32104 bytes,     727976 total
- age   3:     362408 bytes,    1090384 total
 23605K->17613K(24716K), 0.0015018 secs]
20.280: [GC
Desired survivor size 557056 bytes, new threshold 15 (max 15)
- age   1:     105424 bytes,     105424 total
 24113K->17501K(25100K), 0.0017696 secs]
20.283: [Full GC 17501K->8257K(25100K), 0.0716029 secs]
20.359: [GC
Desired survivor size 557056 bytes, new threshold 1 (max 15)
- age   1:     566816 bytes,     566816 total
 14756K->8814K(24716K), 0.0010387 secs]
20.364: [GC
Desired survivor size 557056 bytes, new threshold 15 (max 15)
- age   1:     145096 bytes,     145096 total
 15304K->8700K(24716K), 0.0009470 secs]
20.369: [GC
Desired survivor size 557056 bytes, new threshold 15 (max 15)
- age   1:     323712 bytes,     323712 total
- age   2:      73680 bytes,     397392 total
 15198K->8946K(24716K), 0.0009305 secs]
20.373: [GC
Desired survivor size 557056 bytes, new threshold 1 (max 15)
- age   1:     625680 bytes,     625680 total
- age   2:     275344 bytes,     901024 total
- age   3:      73680 bytes,     974704 total
 15464K->9510K(24716K), 0.0016528 secs]
20.380: [GC
Desired survivor size 557056 bytes, new threshold 15 (max 15)
- age   1:     133072 bytes,     133072 total
 15989K->9342K(24716K), 0.0011402 secs]
20.386: [GC
Desired survivor size 557056 bytes, new threshold 15 (max 15)
- age   1:     240400 bytes,     240400 total
- age   2:      54336 bytes,     294736 total
 15862K->9500K(24716K), 0.0007243 secs]
20.390: [GC
Desired survivor size 557056 bytes, new threshold 3 (max 15)
- age   1:     394760 bytes,     394760 total
- age   2:     160504 bytes,     555264 total
- age   3:      54336 bytes,     609600 total
 16027K->9807K(24716K), 0.0009760 secs]
20.395: [GC
Desired survivor size 557056 bytes, new threshold 3 (max 15)
- age   1:     245624 bytes,     245624 total
- age   2:     155648 bytes,     401272 total
- age   3:     160504 bytes,     561776 total
 16270K->9813K(24716K), 0.0011495 secs]
20.401: [GC
Desired survivor size 557056 bytes, new threshold 2 (max 15)
- age   1:     497384 bytes,     497384 total
- age   2:     165256 bytes,     662640 total
- age   3:     155648 bytes,     818288 total
 16332K->10221K(24716K), 0.0013526 secs]
20.406: [GC
Desired survivor size 557056 bytes, new threshold 15 (max 15)
- age   1:     216456 bytes,     216456 total
- age   2:     207432 bytes,     423888 total
 16690K->10149K(24716K), 0.0013107 secs]
20.412: [GC
Desired survivor size 557056 bytes, new threshold 3 (max 15)
- age   1:     456632 bytes,     456632 total
- age   3:     207432 bytes,     664064 total
 16646K->10383K(24716K), 0.0010540 secs]
20.417: [GC
Desired survivor size 557056 bytes, new threshold 15 (max 15)
- age   1:     167640 bytes,     167640 total
- age   2:     188224 bytes,     355864 total
 16872K->10285K(24716K), 0.0011582 secs]
20.422: [GC
Desired survivor size 557056 bytes, new threshold 3 (max 15)
- age   1:     296376 bytes,     296376 total
- age   2:     111272 bytes,     407648 total
- age   3:     188224 bytes,     595872 total
 16783K->10519K(24716K), 0.0010567 secs]
20.427: [GC
Desired survivor size 557056 bytes, new threshold 3 (max 15)
- age   1:     285536 bytes,     285536 total
- age   2:     238536 bytes,     524072 total
- age   3:     111272 bytes,     635344 total
 17013K->10741K(24716K), 0.0012905 secs]
20.432: [GC
Desired survivor size 557056 bytes, new threshold 2 (max 15)
- age   1:     362112 bytes,     362112 total
- age   2:     201272 bytes,     563384 total
- age   3:     238536 bytes,     801920 total
 17241K->11011K(24716K), 0.0013478 secs]
20.438: [GC
Desired survivor size 557056 bytes, new threshold 15 (max 15)
- age   1:     143072 bytes,     143072 total
- age   2:     108392 bytes,     251464 total
 17514K->10905K(24716K), 0.0011945 secs]
20.443: [GC
Desired survivor size 557056 bytes, new threshold 2 (max 15)
- age   1:     487992 bytes,     487992 total
- age   2:      85328 bytes,     573320 total
- age   3:     108392 bytes,     681712 total
 17364K->11325K(24716K), 0.0014158 secs]
20.449: [GC
Desired survivor size 557056 bytes, new threshold 2 (max 15)
- age   1:     337792 bytes,     337792 total
- age   2:     233536 bytes,     571328 total
 17787K->11414K(24716K), 0.0011225 secs]
20.455: [GC
Desired survivor size 557056 bytes, new threshold 15 (max 15)
- age   1:     367776 bytes,     367776 total
 17909K->11441K(24716K), 0.0010995 secs]
20.460: [GC
Desired survivor size 557056 bytes, new threshold 15 (max 15)
- age   1:     226912 bytes,     226912 total
- age   2:      98216 bytes,     325128 total
 17898K->11402K(24716K), 0.0008052 secs]
20.465: [GC
Desired survivor size 557056 bytes, new threshold 15 (max 15)
- age   1:     306832 bytes,     306832 total
- age   2:      65304 bytes,     372136 total
- age   3:      98216 bytes,     470352 total
 17917K->11544K(24716K), 0.0010886 secs]
20.470: [GC
Desired survivor size 557056 bytes, new threshold 3 (max 15)
- age   1:     305832 bytes,     305832 total
- age   2:     224472 bytes,     530304 total
- age   3:      65304 bytes,     595608 total
- age   4:      98216 bytes,     693824 total
 18061K->11762K(24716K), 0.0011011 secs]
20.475: [GC
Desired survivor size 557056 bytes, new threshold 1 (max 15)
- age   1:     743016 bytes,     743016 total
- age   2:      21280 bytes,     764296 total
- age   3:     224472 bytes,     988768 total
 18254K->12209K(24716K), 0.0013658 secs]
20.481: [GC
Desired survivor size 557056 bytes, new threshold 15 (max 15)
- age   1:     431720 bytes,     431720 total
 18663K->12144K(24716K), 0.0013816 secs]
20.486: [GC
Desired survivor size 557056 bytes, new threshold 15 (max 15)
- age   1:     150528 bytes,     150528 total
- age   2:      79720 bytes,     230248 total
 18596K->11948K(24716K), 0.0007977 secs]
20.492: [GC
Desired survivor size 557056 bytes, new threshold 1 (max 15)
- age   1:     667200 bytes,     667200 total
- age   2:      86384 bytes,     753584 total
- age   3:      79720 bytes,     833304 total
 18461K->12536K(24716K), 0.0011836 secs]
20.498: [GC
Desired survivor size 557056 bytes, new threshold 15 (max 15)
- age   1:     428720 bytes,     428720 total
 19037K->12684K(24716K), 0.0010947 secs]
20.505: [GC
Desired survivor size 557056 bytes, new threshold 15 (max 15)
- age   1:     355480 bytes,     355480 total
- age   2:     198520 bytes,     554000 total
 19174K->12807K(24716K), 0.0009959 secs]
20.510: [GC
Desired survivor size 557056 bytes, new threshold 3 (max 15)
- age   1:     339864 bytes,     339864 total
- age   2:     164160 bytes,     504024 total
- age   3:      64112 bytes,     568136 total
 19313K->12820K(24716K), 0.0010088 secs]
20.515: [GC
Desired survivor size 557056 bytes, new threshold 2 (max 15)
- age   1:     437112 bytes,     437112 total
- age   2:     135728 bytes,     572840 total
- age   3:     164160 bytes,     737000 total
 19348K->13048K(24716K), 0.0011679 secs]
20.521: [GC
Desired survivor size 557056 bytes, new threshold 2 (max 15)
- age   1:     544672 bytes,     544672 total
- age   2:     239784 bytes,     784456 total
 19570K->13387K(24716K), 0.0014725 secs]
20.527: [GC
Desired survivor size 557056 bytes, new threshold 2 (max 15)
- age   1:     443128 bytes,     443128 total
- age   2:     345328 bytes,     788456 total
 19861K->13625K(24716K), 0.0014625 secs]
20.534: [GC
Desired survivor size 557056 bytes, new threshold 15 (max 15)
- age   1:     307256 bytes,     307256 total
- age   2:     204952 bytes,     512208 total
 20152K->13691K(24716K), 0.0012835 secs]
20.539: [GC
Desired survivor size 557056 bytes, new threshold 3 (max 15)
- age   1:     217352 bytes,     217352 total
- age   2:     202272 bytes,     419624 total
- age   3:     204952 bytes,     624576 total
 20197K->13802K(24716K), 0.0011708 secs]
20.544: [GC
Desired survivor size 557056 bytes, new threshold 1 (max 15)
- age   1:     586760 bytes,     586760 total
- age   2:     163344 bytes,     750104 total
- age   3:     202272 bytes,     952376 total
 20318K->14322K(24716K), 0.0015912 secs]
20.550: [GC
Desired survivor size 557056 bytes, new threshold 15 (max 15)
- age   1:     250136 bytes,     250136 total
 20844K->14398K(24716K), 0.0017044 secs]
20.556: [GC
Desired survivor size 557056 bytes, new threshold 2 (max 15)
- age   1:     404328 bytes,     404328 total
- age   2:     171064 bytes,     575392 total
 20920K->14718K(24716K), 0.0011272 secs]
20.562: [GC
Desired survivor size 557056 bytes, new threshold 2 (max 15)
- age   1:     460160 bytes,     460160 total
- age   2:     323504 bytes,     783664 total
 21215K->15096K(24716K), 0.0013775 secs]
20.567: [GC
Desired survivor size 557056 bytes, new threshold 2 (max 15)
- age   1:     241832 bytes,     241832 total
- age   2:     399144 bytes,     640976 total
 21597K->15273K(24716K), 0.0013584 secs]
20.573: [GC
Desired survivor size 557056 bytes, new threshold 15 (max 15)
- age   1:     191944 bytes,     191944 total
- age   2:      55880 bytes,     247824 total
 21775K->15285K(24716K), 0.0011078 secs]
20.579: [GC
Desired survivor size 557056 bytes, new threshold 15 (max 15)
- age   1:     459896 bytes,     459896 total
- age   3:      55880 bytes,     515776 total
 21796K->15546K(24716K), 0.0009405 secs]
20.586: [GC
Desired survivor size 557056 bytes, new threshold 1 (max 15)
- age   1:     585320 bytes,     585320 total
- age   2:     333176 bytes,     918496 total
- age   4:      55880 bytes,     974376 total
 22006K->15993K(24716K), 0.0019389 secs]
20.592: [GC
Desired survivor size 557056 bytes, new threshold 1 (max 15)
- age   1:     644552 bytes,     644552 total
 22457K->16558K(24716K), 0.0021344 secs]
20.601: [GC
Desired survivor size 557056 bytes, new threshold 15 (max 15)
- age   1:     245728 bytes,     245728 total
 23076K->16488K(24716K), 0.0010305 secs]
20.608: [GC
Desired survivor size 557056 bytes, new threshold 15 (max 15)
- age   1:     250688 bytes,     250688 total
- age   2:     173200 bytes,     423888 total
 22998K->16662K(24716K), 0.0010157 secs]
20.613: [GC
Desired survivor size 557056 bytes, new threshold 15 (max 15)
- age   1:     121672 bytes,     121672 total
- age   2:     216744 bytes,     338416 total
- age   3:     173160 bytes,     511576 total
 23138K->16747K(24716K), 0.0010984 secs]
20.619: [GC
Desired survivor size 557056 bytes, new threshold 4 (max 15)
- age   1:     163520 bytes,     163520 total
- age   2:      83008 bytes,     246528 total
- age   3:     216744 bytes,     463272 total
- age   4:      98640 bytes,     561912 total
 23207K->16796K(24716K), 0.0013212 secs]
20.624: [GC
Desired survivor size 557056 bytes, new threshold 15 (max 15)
- age   1:     168696 bytes,     168696 total
- age   2:     123416 bytes,     292112 total
- age   4:     216744 bytes,     508856 total
 23302K->16841K(24716K), 0.0012624 secs]
20.630: [GC
Desired survivor size 557056 bytes, new threshold 1 (max 15)
- age   1:     626504 bytes,     626504 total
- age   5:     216744 bytes,     843248 total
 23333K->17167K(24716K), 0.0011963 secs]
20.635: [GC
Desired survivor size 557056 bytes, new threshold 15 (max 15)
- age   1:     129704 bytes,     129704 total
 23683K->16968K(24716K), 0.0011230 secs]
20.640: [GC
Desired survivor size 557056 bytes, new threshold 2 (max 15)
- age   1:     491352 bytes,     491352 total
- age   2:      84280 bytes,     575632 total
 23459K->17404K(24716K), 0.0012954 secs]
20.647: [GC
Desired survivor size 557056 bytes, new threshold 15 (max 15)
- age   1:     120688 bytes,     120688 total
- age   2:     309160 bytes,     429848 total
 23914K->17344K(24716K), 0.0010117 secs]
20.652: [GC
Desired survivor size 557056 bytes, new threshold 3 (max 15)
- age   1:     291080 bytes,     291080 total
- age   2:      52184 bytes,     343264 total
- age   3:     309160 bytes,     652424 total
 23865K->17561K(24716K), 0.0010717 secs]
20.659: [GC
Desired survivor size 557056 bytes, new threshold 1 (max 15)
- age   1:     834992 bytes,     834992 total
- age   2:     221808 bytes,    1056800 total
- age   3:      52184 bytes,    1108984 total
 24057K->18480K(25100K), 0.0017958 secs]
20.661: [Full GC 18480K->8717K(25100K), 0.0705243 secs]
20.737: [GC
Desired survivor size 557056 bytes, new threshold 15 (max 15)
- age   1:     542056 bytes,     542056 total
 15190K->9248K(24716K), 0.0010454 secs]
20.743: [GC
Desired survivor size 557056 bytes, new threshold 2 (max 15)
- age   1:     170648 bytes,     170648 total
- age   2:     456904 bytes,     627552 total
 15728K->9334K(24716K), 0.0010560 secs]
20.749: [GC
Desired survivor size 557056 bytes, new threshold 15 (max 15)
- age   1:     312640 bytes,     312640 total
- age   2:      86464 bytes,     399104 total
 15788K->9413K(24716K), 0.0010673 secs]
20.754: [GC
Desired survivor size 557056 bytes, new threshold 2 (max 15)
- age   1:     430848 bytes,     430848 total
- age   2:     227640 bytes,     658488 total
- age   3:      86464 bytes,     744952 total
 15910K->9752K(24716K), 0.0012018 secs]
20.760: [GC
Desired survivor size 557056 bytes, new threshold 1 (max 15)
- age   1:     694544 bytes,     694544 total
- age   2:     336472 bytes,    1031016 total
 16262K->10456K(24716K), 0.0015921 secs]
20.766: [GC
Desired survivor size 557056 bytes, new threshold 15 (max 15)
- age   1:     294656 bytes,     294656 total
 16979K->10676K(24716K), 0.0016736 secs]
20.773: [GC
Desired survivor size 557056 bytes, new threshold 15 (max 15)
- age   1:     321440 bytes,     321440 total
- age   2:     225464 bytes,     546904 total
 17194K->10922K(24716K), 0.0008763 secs]
20.778: [GC
Desired survivor size 557056 bytes, new threshold 3 (max 15)
- age   1:     280608 bytes,     280608 total
- age   2:     178280 bytes,     458888 total
- age   3:     225464 bytes,     684352 total
 17444K->11056K(24716K), 0.0011103 secs]
20.785: [GC
Desired survivor size 557056 bytes, new threshold 2 (max 15)
- age   1:     528112 bytes,     528112 total
- age   2:     125584 bytes,     653696 total
- age   3:     178240 bytes,     831936 total
 17561K->11420K(24716K), 0.0014688 secs]
20.791: [GC
Desired survivor size 557056 bytes, new threshold 15 (max 15)
- age   1:     183128 bytes,     183128 total
- age   2:     357504 bytes,     540632 total
 17937K->11343K(24716K), 0.0013776 secs]
20.799: [GC
Desired survivor size 557056 bytes, new threshold 3 (max 15)
- age   1:     291152 bytes,     291152 total
- age   2:      96696 bytes,     387848 total
- age   3:     273400 bytes,     661248 total
 17869K->11460K(24716K), 0.0021213 secs]
20.806: [GC
Desired survivor size 557056 bytes, new threshold 3 (max 15)
- age   1:     339088 bytes,     339088 total
- age   2:     206056 bytes,     545144 total
- age   3:      96696 bytes,     641840 total
 17976K->11709K(24716K), 0.0014925 secs]
20.812: [GC
Desired survivor size 557056 bytes, new threshold 3 (max 15)
- age   1:     257448 bytes,     257448 total
- age   2:     254040 bytes,     511488 total
- age   3:     206056 bytes,     717544 total
 18178K->11876K(24716K), 0.0012721 secs]
20.820: [GC
Desired survivor size 557056 bytes, new threshold 15 (max 15)
- age   1:     157112 bytes,     157112 total
- age   2:     172184 bytes,     329296 total
- age   3:     124192 bytes,     453488 total
 18404K->11820K(24716K), 0.0010941 secs]
20.826: [GC
Desired survivor size 557056 bytes, new threshold 3 (max 15)
- age   1:     480304 bytes,     480304 total
- age   2:       4888 bytes,     485192 total
- age   3:     172184 bytes,     657376 total
- age   4:     124192 bytes,     781568 total
 18329K->12141K(24716K), 0.0015152 secs]
20.831: [GC
Desired survivor size 557056 bytes, new threshold 2 (max 15)
- age   1:     541384 bytes,     541384 total
- age   2:     158360 bytes,     699744 total
- age   3:       4888 bytes,     704632 total
 18666K->12354K(24716K), 0.0017092 secs]
20.837: [GC
Desired survivor size 557056 bytes, new threshold 15 (max 15)
- age   1:     149968 bytes,     149968 total
- age   2:     326296 bytes,     476264 total
 18835K->12293K(24716K), 0.0015082 secs]
20.842: [GC
Desired survivor size 557056 bytes, new threshold 3 (max 15)
- age   1:     181872 bytes,     181872 total
- age   2:      69992 bytes,     251864 total
- age   3:     326296 bytes,     578160 total
 18806K->12392K(24716K), 0.0011150 secs]
20.848: [GC
Desired survivor size 557056 bytes, new threshold 1 (max 15)
- age   1:     606112 bytes,     606112 total
- age   2:     100672 bytes,     706784 total
- age   3:      69992 bytes,     776776 total
 18875K->12913K(24716K), 0.0016650 secs]
20.854: [GC
Desired survivor size 557056 bytes, new threshold 15 (max 15)
- age   1:     318856 bytes,     318856 total
 19380K->12927K(24716K), 0.0019498 secs]
20.860: [GC
Desired survivor size 557056 bytes, new threshold 15 (max 15)
- age   1:     247032 bytes,     247032 total
- age   2:     157752 bytes,     404784 total
 19422K->13011K(24716K), 0.0012578 secs]
20.866: [GC
Desired survivor size 557056 bytes, new threshold 15 (max 15)
- age   1:     245832 bytes,     245832 total
- age   2:      77992 bytes,     323824 total
- age   3:      78688 bytes,     402512 total
 19527K->13011K(24716K), 0.0009764 secs]
20.872: [GC
Desired survivor size 557056 bytes, new threshold 2 (max 15)
- age   1:     509720 bytes,     509720 total
- age   2:     160504 bytes,     670224 total
- age   3:      77992 bytes,     748216 total
- age   4:      78688 bytes,     826904 total
 19514K->13425K(24716K), 0.0014718 secs]
20.881: [GC
Desired survivor size 557056 bytes, new threshold 15 (max 15)
- age   1:     165448 bytes,     165448 total
- age   2:     168592 bytes,     334040 total
 19904K->13185K(24716K), 0.0009226 secs]
20.888: [GC
Desired survivor size 557056 bytes, new threshold 1 (max 15)
- age   1:     773416 bytes,     773416 total
- age   2:      79072 bytes,     852488 total
- age   3:     168592 bytes,    1021080 total
 19682K->14022K(24716K), 0.0026907 secs]
20.899: [GC
Desired survivor size 557056 bytes, new threshold 15 (max 15)
- age   1:     334328 bytes,     334328 total
 20499K->14189K(24716K), 0.0014704 secs]
20.906: [GC
Desired survivor size 557056 bytes, new threshold 2 (max 15)
- age   1:     404464 bytes,     404464 total
- age   2:     255352 bytes,     659816 total
 20661K->14506K(24716K), 0.0011612 secs]
20.914: [GC
Desired survivor size 557056 bytes, new threshold 15 (max 15)
- age   1:     169648 bytes,     169648 total
- age   2:     241456 bytes,     411104 total
 21008K->14511K(24716K), 0.0011040 secs]
20.921: [GC
Desired survivor size 557056 bytes, new threshold 15 (max 15)
- age   1:      89816 bytes,      89816 total
- age   2:       1352 bytes,      91168 total
- age   3:     240752 bytes,     331920 total
 20988K->14434K(24716K), 0.0008248 secs]
20.927: [GC
Desired survivor size 557056 bytes, new threshold 4 (max 15)
- age   1:     347360 bytes,     347360 total
- age   2:       4128 bytes,     351488 total
- age   3:       1352 bytes,     352840 total
- age   4:     240752 bytes,     593592 total
 20890K->14690K(24716K), 0.0008878 secs]
20.934: [GC
Desired survivor size 557056 bytes, new threshold 2 (max 15)
- age   1:     377472 bytes,     377472 total
- age   2:     260912 bytes,     638384 total
- age   3:       4128 bytes,     642512 total
- age   4:        728 bytes,     643240 total
 21182K->14975K(24716K), 0.0027736 secs]
20.941: [GC
Desired survivor size 557056 bytes, new threshold 15 (max 15)
- age   1:     255664 bytes,     255664 total
- age   2:     214600 bytes,     470264 total
 21471K->14822K(24716K), 0.0010214 secs]
20.950: [GC
Desired survivor size 557056 bytes, new threshold 15 (max 15)
- age   1:      65240 bytes,      65240 total
- age   2:     198424 bytes,     263664 total
- age   3:     214360 bytes,     478024 total
 21350K->14828K(24716K), 0.0009610 secs]
20.957: [GC
Desired survivor size 557056 bytes, new threshold 1 (max 15)
- age   1:     779512 bytes,     779512 total
- age   2:       5504 bytes,     785016 total
- age   3:     112096 bytes,     897112 total
- age   4:     213632 bytes,    1110744 total
 21336K->15531K(24716K), 0.0012725 secs]
20.963: [GC
Desired survivor size 557056 bytes, new threshold 15 (max 15)
- age   1:     297128 bytes,     297128 total
 22038K->15557K(24716K), 0.0015331 secs]
20.970: [GC
Desired survivor size 557056 bytes, new threshold 1 (max 15)
- age   1:     833792 bytes,     833792 total
- age   2:     224504 bytes,    1058296 total
 22016K->16439K(24716K), 0.0019221 secs]
20.983: [GC
Desired survivor size 557056 bytes, new threshold 15 (max 15)
- age   1:      43856 bytes,      43856 total
 22967K->16318K(24716K), 0.0012055 secs]
20.988: [GC
Desired survivor size 557056 bytes, new threshold 15 (max 15)
- age   1:     210536 bytes,     210536 total
- age   2:      10384 bytes,     220920 total
 22842K->16490K(24716K), 0.0009514 secs]
20.995: [GC
Desired survivor size 557056 bytes, new threshold 15 (max 15)
- age   1:      30496 bytes,      30496 total
- age   2:     193400 bytes,     223896 total
- age   3:      10384 bytes,     234280 total
 22970K->16502K(24716K), 0.0008698 secs]
21.001: [GC
Desired survivor size 557056 bytes, new threshold 15 (max 15)
- age   1:      68864 bytes,      68864 total
- age   2:       3080 bytes,      71944 total
- age   3:     193400 bytes,     265344 total
- age   4:      10384 bytes,     275728 total
 23030K->16546K(24716K), 0.0008387 secs]
21.006: [GC
Desired survivor size 557056 bytes, new threshold 15 (max 15)
- age   1:     190000 bytes,     190000 total
- age   2:      67160 bytes,     257160 total
- age   3:       3080 bytes,     260240 total
- age   4:     193400 bytes,     453640 total
- age   5:      10384 bytes,     464024 total
 23065K->16733K(24716K), 0.0010231 secs]
21.016: [GC
Desired survivor size 557056 bytes, new threshold 5 (max 15)
- age   1:     391472 bytes,     391472 total
- age   2:      61248 bytes,     452720 total
- age   3:      67160 bytes,     519880 total
- age   4:       3080 bytes,     522960 total
- age   5:     193400 bytes,     716360 total
- age   6:      10384 bytes,     726744 total
 23236K->16989K(24716K), 0.0012903 secs]
21.023: [GC
Desired survivor size 557056 bytes, new threshold 2 (max 15)
- age   1:     537680 bytes,     537680 total
- age   2:     391472 bytes,     929152 total
- age   3:      61248 bytes,     990400 total
- age   4:       4424 bytes,     994824 total
- age   5:       3080 bytes,     997904 total
 23489K->17438K(24716K), 0.0016001 secs]
21.030: [GC
Desired survivor size 557056 bytes, new threshold 15 (max 15)
- age   1:     126344 bytes,     126344 total
- age   2:     183760 bytes,     310104 total
 23959K->17199K(24716K), 0.0011789 secs]
21.036: [GC
Desired survivor size 557056 bytes, new threshold 3 (max 15)
- age   1:     343792 bytes,     343792 total
- age   2:      33624 bytes,     377416 total
- age   3:     183384 bytes,     560800 total
 23702K->17430K(24716K), 0.0008721 secs]
21.041: [GC
Desired survivor size 557056 bytes, new threshold 2 (max 15)
- age   1:     485888 bytes,     485888 total
- age   2:     266296 bytes,     752184 total
- age   3:      33624 bytes,     785808 total
 23822K->17672K(24716K), 0.0011710 secs]
21.052: [GC
Desired survivor size 557056 bytes, new threshold 2 (max 15)
- age   1:     303560 bytes,     303560 total
- age   2:     399528 bytes,     703088 total
 24169K->17767K(24716K), 0.0038013 secs]
21.062: [GC
Desired survivor size 557056 bytes, new threshold 2 (max 15)
- age   1:     419688 bytes,     419688 total
- age   2:     234984 bytes,     654672 total
 24294K->18107K(25100K), 0.0014489 secs]
21.064: [Full GC 18107K->7661K(25100K), 0.0697552 secs]
21.138: [GC
Desired survivor size 557056 bytes, new threshold 15 (max 15)
- age   1:     286928 bytes,     286928 total
 14143K->7947K(24716K), 0.0007639 secs]
21.143: [GC
Desired survivor size 557056 bytes, new threshold 15 (max 15)
- age   1:     177760 bytes,     177760 total
- age   2:     256664 bytes,     434424 total
 14461K->8089K(24716K), 0.0009858 secs]
21.150: [GC
Desired survivor size 557056 bytes, new threshold 15 (max 15)
- age   1:      47248 bytes,      47248 total
- age   2:     138528 bytes,     185776 total
- age   3:     256664 bytes,     442440 total
 14586K->8096K(24716K), 0.0008776 secs]
21.158: [GC
Desired survivor size 557056 bytes, new threshold 3 (max 15)
- age   1:     498568 bytes,     498568 total
- age   2:       3504 bytes,     502072 total
- age   3:     138528 bytes,     640600 total
- age   4:     256664 bytes,     897264 total
 14498K->8539K(24716K), 0.0014590 secs]
21.165: [GC
Desired survivor size 557056 bytes, new threshold 1 (max 15)
- age   1:     717840 bytes,     717840 total
- age   2:     349816 bytes,    1067656 total
- age   3:       3504 bytes,    1071160 total
 15055K->9220K(24716K), 0.0016623 secs]
21.171: [GC
Desired survivor size 557056 bytes, new threshold 15 (max 15)
- age   1:     263496 bytes,     263496 total
 15727K->9278K(24716K), 0.0015601 secs]
21.178: [GC
Desired survivor size 557056 bytes, new threshold 15 (max 15)
- age   1:     225712 bytes,     225712 total
- age   2:     143176 bytes,     368888 total
 15806K->9383K(24716K), 0.0007987 secs]
21.183: [GC
Desired survivor size 557056 bytes, new threshold 15 (max 15)
- age   1:     134624 bytes,     134624 total
- age   2:     124080 bytes,     258704 total
- age   3:     143176 bytes,     401880 total
 15894K->9415K(24716K), 0.0010157 secs]
21.188: [GC
Desired survivor size 557056 bytes, new threshold 3 (max 15)
- age   1:     444888 bytes,     444888 total
- age   2:      81792 bytes,     526680 total
- age   3:     124080 bytes,     650760 total
- age   4:     143176 bytes,     793936 total
 15925K->9798K(24716K), 0.0012636 secs]
21.194: [GC
Desired survivor size 557056 bytes, new threshold 15 (max 15)
- age   1:     230288 bytes,     230288 total
- age   2:     221904 bytes,     452192 total
 16324K->9725K(24716K), 0.0013656 secs]
21.201: [GC
Desired survivor size 557056 bytes, new threshold 15 (max 15)
- age   1:     117880 bytes,     117880 total
- age   2:      55912 bytes,     173792 total
- age   3:     221904 bytes,     395696 total
 16229K->9670K(24716K), 0.0008136 secs]
21.205: [GC
Desired survivor size 557056 bytes, new threshold 15 (max 15)
- age   1:     245480 bytes,     245480 total
- age   3:      55912 bytes,     301392 total
- age   4:     221904 bytes,     523296 total
 16164K->9795K(24716K), 0.0008968 secs]
21.211: [GC
Desired survivor size 557056 bytes, new threshold 15 (max 15)
- age   1:     252232 bytes,     252232 total
- age   4:      55912 bytes,     308144 total
- age   5:     221904 bytes,     530048 total
 16288K->9801K(24716K), 0.0008172 secs]
21.217: [GC
Desired survivor size 557056 bytes, new threshold 6 (max 15)
- age   1:     216744 bytes,     216744 total
- age   2:     170608 bytes,     387352 total
- age   6:     221904 bytes,     609256 total
 16267K->9877K(24716K), 0.0011078 secs]
21.222: [GC
Desired survivor size 557056 bytes, new threshold 15 (max 15)
- age   1:     104936 bytes,     104936 total
- age   2:       1776 bytes,     106712 total
- age   3:     170608 bytes,     277320 total
 16397K->9777K(24716K), 0.0009404 secs]
21.228: [GC
Desired survivor size 557056 bytes, new threshold 15 (max 15)
- age   1:     372288 bytes,     372288 total
- age   3:       1776 bytes,     374064 total
- age   4:     170608 bytes,     544672 total
 16305K->10039K(24716K), 0.0008750 secs]
21.233: [GC
Desired survivor size 557056 bytes, new threshold 15 (max 15)
- age   1:     113104 bytes,     113104 total
- age   2:     145944 bytes,     259048 total
- age   4:       1776 bytes,     260824 total
- age   5:     170608 bytes,     431432 total
 16528K->9929K(24716K), 0.0009596 secs]
21.243: [GC
Desired survivor size 557056 bytes, new threshold 15 (max 15)
- age   1:      95192 bytes,      95192 total
- age   2:      60944 bytes,     156136 total
- age   3:     145456 bytes,     301592 total
- age   5:       1000 bytes,     302592 total
- age   6:     170608 bytes,     473200 total
 16457K->9969K(24716K), 0.0009841 secs]
21.250: [GC
Desired survivor size 557056 bytes, new threshold 2 (max 15)
- age   1:     527080 bytes,     527080 total
- age   2:      43048 bytes,     570128 total
- age   4:     145456 bytes,     715584 total
- age   6:       1000 bytes,     716584 total
- age   7:     170608 bytes,     887192 total
 16474K->10379K(24716K), 0.0011351 secs]
21.257: [GC
Desired survivor size 557056 bytes, new threshold 15 (max 15)
- age   1:     177128 bytes,     177128 total
- age   2:     179584 bytes,     356712 total
 16863K->10228K(24716K), 0.0011637 secs]
21.264: [GC
Desired survivor size 557056 bytes, new threshold 15 (max 15)
- age   1:      75408 bytes,      75408 total
- age   2:      65880 bytes,     141288 total
- age   3:     179240 bytes,     320528 total
 16751K->10175K(24716K), 0.0008759 secs]
21.270: [GC
Desired survivor size 557056 bytes, new threshold 15 (max 15)
- age   1:     113328 bytes,     113328 total
- age   2:       7816 bytes,     121144 total
- age   3:      65880 bytes,     187024 total
- age   4:     179240 bytes,     366264 total
 16696K->10222K(24716K), 0.0007915 secs]
21.275: [GC
Desired survivor size 557056 bytes, new threshold 15 (max 15)
- age   1:     184832 bytes,     184832 total
- age   2:      53320 bytes,     238152 total
- age   3:       7816 bytes,     245968 total
- age   4:      65880 bytes,     311848 total
- age   5:      59512 bytes,     371360 total
 16690K->10226K(24716K), 0.0009691 secs]
21.280: [GC
Desired survivor size 557056 bytes, new threshold 15 (max 15)
- age   1:     325568 bytes,     325568 total
- age   3:      53320 bytes,     378888 total
- age   4:       7816 bytes,     386704 total
- age   5:      65880 bytes,     452584 total
- age   6:      59512 bytes,     512096 total
 16754K->10365K(24716K), 0.0009528 secs]
21.285: [GC
Desired survivor size 557056 bytes, new threshold 7 (max 15)
- age   1:     195984 bytes,     195984 total
- age   2:     195040 bytes,     391024 total
- age   4:      53320 bytes,     444344 total
- age   5:       7816 bytes,     452160 total
- age   6:      65880 bytes,     518040 total
- age   7:      59512 bytes,     577552 total
 16871K->10431K(24716K), 0.0011407 secs]
21.291: [GC
Desired survivor size 557056 bytes, new threshold 15 (max 15)
- age   1:     268920 bytes,     268920 total
- age   2:     130592 bytes,     399512 total
- age   3:       1568 bytes,     401080 total
- age   5:      53400 bytes,     454480 total
- age   6:       7816 bytes,     462296 total
- age   7:      65880 bytes,     528176 total
 16941K->10441K(24716K), 0.0009817 secs]
21.296: [GC
Desired survivor size 557056 bytes, new threshold 15 (max 15)
- age   1:     135368 bytes,     135368 total
- age   2:      70336 bytes,     205704 total
- age   3:     130592 bytes,     336296 total
- age   4:       1568 bytes,     337864 total
- age   6:      53320 bytes,     391184 total
- age   7:       7816 bytes,     399000 total
- age   8:      65880 bytes,     464880 total
 16851K->10375K(24716K), 0.0017299 secs]
21.301: [GC
Desired survivor size 557056 bytes, new threshold 15 (max 15)
- age   1:     205632 bytes,     205632 total
- age   2:      67880 bytes,     273512 total
- age   3:      70336 bytes,     343848 total
- age   4:      63280 bytes,     407128 total
- age   5:       1568 bytes,     408696 total
- age   7:      53440 bytes,     462136 total
- age   8:       7816 bytes,     469952 total
- age   9:      65880 bytes,     535832 total
 16884K->10448K(24716K), 0.0013531 secs]
21.308: [GC
Desired survivor size 557056 bytes, new threshold 15 (max 15)
- age   1:     186736 bytes,     186736 total
- age   2:      68928 bytes,     255664 total
- age   3:      67880 bytes,     323544 total
- age   4:      33208 bytes,     356752 total
- age   5:      63280 bytes,     420032 total
- age   6:        760 bytes,     420792 total
- age   8:      53360 bytes,     474152 total
- age   9:       7816 bytes,     481968 total
- age  10:      65880 bytes,     547848 total
 16976K->10461K(24716K), 0.0010830 secs]
21.313: [GC
Desired survivor size 557056 bytes, new threshold 15 (max 15)
- age   1:     152128 bytes,     152128 total
- age   2:       8816 bytes,     160944 total
- age   3:      68928 bytes,     229872 total
- age   4:      67880 bytes,     297752 total
- age   5:      33208 bytes,     330960 total
- age   6:      63280 bytes,     394240 total
- age   7:        760 bytes,     395000 total
- age   9:      28704 bytes,     423704 total
- age  10:       7816 bytes,     431520 total
- age  11:      65880 bytes,     497400 total
 16982K->10415K(24716K), 0.0011924 secs]
21.318: [GC
Desired survivor size 557056 bytes, new threshold 2 (max 15)
- age   1:     550144 bytes,     550144 total
- age   2:     113392 bytes,     663536 total
- age   3:       8816 bytes,     672352 total
- age   4:      68928 bytes,     741280 total
- age   5:      67880 bytes,     809160 total
- age   6:      33208 bytes,     842368 total
- age   7:      63280 bytes,     905648 total
- age   8:        800 bytes,     906448 total
- age  10:       5376 bytes,     911824 total
- age  11:       7816 bytes,     919640 total
 16937K->10825K(24716K), 0.0013370 secs]
21.325: [GC
Desired survivor size 557056 bytes, new threshold 2 (max 15)
- age   1:     214912 bytes,     214912 total
- age   2:     550144 bytes,     765056 total
 17324K->11012K(24716K), 0.0017449 secs]
21.332: [GC
Desired survivor size 557056 bytes, new threshold 15 (max 15)
- age   1:      66792 bytes,      66792 total
- age   2:     169368 bytes,     236160 total
 17539K->11014K(24716K), 0.0011988 secs]
21.337: [GC
Desired survivor size 557056 bytes, new threshold 15 (max 15)
- age   1:     187328 bytes,     187328 total
- age   2:      19272 bytes,     206600 total
- age   3:      85016 bytes,     291616 total
 17506K->11069K(24716K), 0.0011099 secs]
21.342: [GC
Desired survivor size 557056 bytes, new threshold 4 (max 15)
- age   1:     389600 bytes,     389600 total
- age   2:     102288 bytes,     491888 total
- age   3:      19272 bytes,     511160 total
- age   4:      85016 bytes,     596176 total
 17542K->11364K(24716K), 0.0012366 secs]
21.351: [GC
Desired survivor size 557056 bytes, new threshold 1 (max 15)
- age   1:     613584 bytes,     613584 total
- age   2:     143136 bytes,     756720 total
- age   4:      19272 bytes,     775992 total
 17892K->11630K(24716K), 0.0011426 secs]
21.358: [GC
Desired survivor size 557056 bytes, new threshold 15 (max 15)
- age   1:     351800 bytes,     351800 total
 18158K->11772K(24716K), 0.0012137 secs]
21.364: [GC
Desired survivor size 557056 bytes, new threshold 2 (max 15)
- age   1:     319032 bytes,     319032 total
- age   2:     262920 bytes,     581952 total
 18299K->11996K(24716K), 0.0010713 secs]
21.369: [GC
Desired survivor size 557056 bytes, new threshold 15 (max 15)
- age   1:      82936 bytes,      82936 total
- age   2:     133688 bytes,     216624 total
 18517K->11896K(24716K), 0.0012568 secs]
21.375: [GC
Desired survivor size 557056 bytes, new threshold 15 (max 15)
- age   1:     315824 bytes,     315824 total
- age   2:      27024 bytes,     342848 total
- age   3:     133688 bytes,     476536 total
 18423K->12150K(24716K), 0.0010493 secs]
21.380: [GC
Desired survivor size 557056 bytes, new threshold 1 (max 15)
- age   1:     805968 bytes,     805968 total
- age   2:      85296 bytes,     891264 total
- age   3:      27024 bytes,     918288 total
- age   4:     133600 bytes,    1051888 total
 18678K->12712K(24716K), 0.0012862 secs]
21.387: [GC
Desired survivor size 557056 bytes, new threshold 15 (max 15)
- age   1:     187488 bytes,     187488 total
 19198K->12608K(24716K), 0.0012382 secs]
21.393: [GC
Desired survivor size 557056 bytes, new threshold 15 (max 15)
- age   1:     262192 bytes,     262192 total
- age   2:     162784 bytes,     424976 total
 19133K->12840K(24716K), 0.0008989 secs]
21.400: [GC
Desired survivor size 557056 bytes, new threshold 2 (max 15)
- age   1:     349616 bytes,     349616 total
- age   2:     233528 bytes,     583144 total
- age   3:     162784 bytes,     745928 total
 19344K->13154K(24716K), 0.0011661 secs]
21.405: [GC
Desired survivor size 557056 bytes, new threshold 2 (max 15)
- age   1:     232360 bytes,     232360 total
- age   2:     326432 bytes,     558792 total
 19681K->13366K(24716K), 0.0014244 secs]
21.414: [GC
Desired survivor size 557056 bytes, new threshold 2 (max 15)
- age   1:     502752 bytes,     502752 total
- age   2:     205336 bytes,     708088 total
 19894K->13800K(24716K), 0.0014798 secs]
21.419: [GC
Desired survivor size 557056 bytes, new threshold 2 (max 15)
- age   1:     282256 bytes,     282256 total
- age   2:     502752 bytes,     785008 total
 20302K->14076K(24716K), 0.0013187 secs]
21.424: [GC
Desired survivor size 557056 bytes, new threshold 15 (max 15)
- age   1:     239968 bytes,     239968 total
- age   2:     130488 bytes,     370456 total
 20566K->14168K(24716K), 0.0014890 secs]
21.430: [GC
Desired survivor size 557056 bytes, new threshold 2 (max 15)
- age   1:     515032 bytes,     515032 total
- age   2:      84248 bytes,     599280 total
- age   3:     107320 bytes,     706600 total
 20665K->14493K(24716K), 0.0013154 secs]
21.435: [GC
Desired survivor size 557056 bytes, new threshold 2 (max 15)
- age   1:     351008 bytes,     351008 total
- age   2:     443656 bytes,     794664 total
 21018K->14766K(24716K), 0.0013449 secs]
21.445: [GC
Desired survivor size 557056 bytes, new threshold 2 (max 15)
- age   1:     422928 bytes,     422928 total
- age   2:     320280 bytes,     743208 total
 21269K->15147K(24716K), 0.0024116 secs]
21.454: [GC
Desired survivor size 557056 bytes, new threshold 2 (max 15)
- age   1:     467128 bytes,     467128 total
- age   2:     360344 bytes,     827472 total
 21637K->15401K(24716K), 0.0013199 secs]
21.459: [GC
Desired survivor size 557056 bytes, new threshold 15 (max 15)
- age   1:     113752 bytes,     113752 total
- age   2:     425728 bytes,     539480 total
 21906K->15379K(24716K), 0.0016283 secs]
21.465: [GC
Desired survivor size 557056 bytes, new threshold 15 (max 15)
- age   1:     161736 bytes,     161736 total
- age   2:      76384 bytes,     238120 total
- age   3:     186176 bytes,     424296 total
 21893K->15264K(24716K), 0.0011970 secs]
21.472: [GC
Desired survivor size 557056 bytes, new threshold 15 (max 15)
- age   1:     126600 bytes,     126600 total
- age   2:      81608 bytes,     208208 total
- age   3:         80 bytes,     208288 total
- age   4:     184952 bytes,     393240 total
 21760K->15240K(24716K), 0.0015178 secs]
21.480: [GC
Desired survivor size 557056 bytes, new threshold 1 (max 15)
- age   1:     642720 bytes,     642720 total
- age   2:      82768 bytes,     725488 total
- age   4:         40 bytes,     725528 total
- age   5:     170040 bytes,     895568 total
 21763K->15730K(24716K), 0.0013491 secs]
21.487: [GC
Desired survivor size 557056 bytes, new threshold 15 (max 15)
- age   1:      28176 bytes,      28176 total
 22258K->15708K(24716K), 0.0021282 secs]
21.494: [GC
Desired survivor size 557056 bytes, new threshold 15 (max 15)
- age   1:     234824 bytes,     234824 total
- age   2:       1152 bytes,     235976 total
 22236K->15901K(24716K), 0.0007696 secs]
21.500: [GC
Desired survivor size 557056 bytes, new threshold 15 (max 15)
- age   1:     422504 bytes,     422504 total
- age   2:     121344 bytes,     543848 total
- age   3:       1152 bytes,     545000 total
 22403K->16203K(24716K), 0.0010345 secs]
21.506: [GC
Desired survivor size 557056 bytes, new threshold 15 (max 15)
- age   1:     158040 bytes,     158040 total
- age   2:     256536 bytes,     414576 total
- age   3:     121344 bytes,     535920 total
- age   4:        880 bytes,     536800 total
 22701K->16196K(24716K), 0.0010403 secs]
21.512: [GC
Desired survivor size 557056 bytes, new threshold 4 (max 15)
- age   1:     238712 bytes,     238712 total
- age   2:      92360 bytes,     331072 total
- age   3:     180624 bytes,     511696 total
- age   4:     121344 bytes,     633040 total
- age   5:        880 bytes,     633920 total
 22724K->16292K(24716K), 0.0009484 secs]
21.517: [GC
Desired survivor size 557056 bytes, new threshold 4 (max 15)
- age   1:     285600 bytes,     285600 total
- age   2:      37240 bytes,     322840 total
- age   3:      92360 bytes,     415200 total
- age   4:     180624 bytes,     595824 total
 22799K->16371K(24716K), 0.0011797 secs]
21.522: [GC
Desired survivor size 557056 bytes, new threshold 15 (max 15)
- age   1:     124088 bytes,     124088 total
- age   2:     234760 bytes,     358848 total
- age   3:       1200 bytes,     360048 total
- age   4:      92360 bytes,     452408 total
 22884K->16406K(24716K), 0.0010940 secs]
21.527: [GC
Desired survivor size 557056 bytes, new threshold 15 (max 15)
- age   1:     357024 bytes,     357024 total
- age   2:     106056 bytes,     463080 total
- age   4:       1200 bytes,     464280 total
- age   5:      92360 bytes,     556640 total
 22862K->16510K(24716K), 0.0010574 secs]
21.532: [GC
Desired survivor size 557056 bytes, new threshold 1 (max 15)
- age   1:     751456 bytes,     751456 total
- age   2:      77080 bytes,     828536 total
- age   3:     106056 bytes,     934592 total
- age   5:       1200 bytes,     935792 total
- age   6:      92360 bytes,    1028152 total
 23019K->16971K(24716K), 0.0013267 secs]
21.538: [GC
Desired survivor size 557056 bytes, new threshold 1 (max 15)
- age   1:     600776 bytes,     600776 total
 23484K->16968K(24716K), 0.0013040 secs]
21.544: [GC
Desired survivor size 557056 bytes, new threshold 15 (max 15)
- age   1:     488208 bytes,     488208 total
 23476K->17142K(24716K), 0.0011760 secs]
21.551: [GC
Desired survivor size 557056 bytes, new threshold 2 (max 15)
- age   1:     545720 bytes,     545720 total
- age   2:     284728 bytes,     830448 total
 23615K->17478K(24716K), 0.0016768 secs]
21.557: [GC
Desired survivor size 557056 bytes, new threshold 2 (max 15)
- age   1:     499816 bytes,     499816 total
- age   2:     163296 bytes,     663112 total
 24004K->17516K(24716K), 0.0015386 secs]
21.562: [GC
Desired survivor size 557056 bytes, new threshold 2 (max 15)
- age   1:     548312 bytes,     548312 total
- age   2:      32736 bytes,     581048 total
 23990K->17596K(24716K), 0.0011126 secs]
21.568: [GC
Desired survivor size 557056 bytes, new threshold 2 (max 15)
- age   1:     270408 bytes,     270408 total
- age   2:     401000 bytes,     671408 total
 24104K->17684K(24716K), 0.0013604 secs]
21.574: [GC
Desired survivor size 557056 bytes, new threshold 15 (max 15)
- age   1:     318944 bytes,     318944 total
- age   2:     136792 bytes,     455736 total
 24201K->17627K(24908K), 0.0012181 secs]
21.575: [Full GC 17627K->8558K(24908K), 0.0695986 secs]
21.653: [GC
Desired survivor size 557056 bytes, new threshold 1 (max 15)
- age   1:     926568 bytes,     926568 total
 15085K->9467K(24716K), 0.0012598 secs]
21.658: [GC
Desired survivor size 557056 bytes, new threshold 15 (max 15)
- age   1:     205488 bytes,     205488 total
 15947K->9316K(24716K), 0.0010944 secs]
21.663: [GC
Desired survivor size 557056 bytes, new threshold 1 (max 15)
- age   1:     659984 bytes,     659984 total
- age   2:      41448 bytes,     701432 total
 15781K->9800K(24716K), 0.0009268 secs]
21.670: [GC
Desired survivor size 557056 bytes, new threshold 15 (max 15)
- age   1:     337496 bytes,     337496 total
 16312K->9722K(24716K), 0.0010055 secs]
21.677: [GC
Desired survivor size 557056 bytes, new threshold 2 (max 15)
- age   1:     335560 bytes,     335560 total
- age   2:     337496 bytes,     673056 total
 16243K->10050K(24716K), 0.0008459 secs]
21.683: [GC
Desired survivor size 557056 bytes, new threshold 2 (max 15)
- age   1:     428840 bytes,     428840 total
- age   2:     335480 bytes,     764320 total
 16563K->10137K(24716K), 0.0011839 secs]
21.688: [GC
Desired survivor size 557056 bytes, new threshold 15 (max 15)
- age   1:     170280 bytes,     170280 total
- age   2:     343784 bytes,     514064 total
 16654K->10030K(24716K), 0.0011396 secs]
21.695: [GC
Desired survivor size 557056 bytes, new threshold 3 (max 15)
- age   1:     221176 bytes,     221176 total
- age   2:      83760 bytes,     304936 total
- age   3:     342744 bytes,     647680 total
 16506K->10162K(24716K), 0.0009324 secs]
21.701: [GC
Desired survivor size 557056 bytes, new threshold 15 (max 15)
- age   1:     234632 bytes,     234632 total
- age   2:     156664 bytes,     391296 total
- age   3:      83760 bytes,     475056 total
 16683K->10335K(24716K), 0.0012094 secs]
21.707: [GC
Desired survivor size 557056 bytes, new threshold 3 (max 15)
- age   1:     309864 bytes,     309864 total
- age   2:     180176 bytes,     490040 total
- age   3:     156608 bytes,     646648 total
- age   4:      83760 bytes,     730408 total
 16841K->10585K(24716K), 0.0011292 secs]
21.715: [GC
Desired survivor size 557056 bytes, new threshold 1 (max 15)
- age   1:     704392 bytes,     704392 total
- age   2:     212696 bytes,     917088 total
- age   3:     180176 bytes,    1097264 total
 17101K->11009K(24716K), 0.0014716 secs]
21.721: [GC
Desired survivor size 557056 bytes, new threshold 15 (max 15)
- age   1:     275320 bytes,     275320 total
 17526K->11091K(24716K), 0.0014718 secs]
21.727: [GC
Desired survivor size 557056 bytes, new threshold 2 (max 15)
- age   1:     436080 bytes,     436080 total
- age   2:     233304 bytes,     669384 total
 17596K->11476K(24716K), 0.0012104 secs]
21.734: [GC
Desired survivor size 557056 bytes, new threshold 2 (max 15)
- age   1:     514784 bytes,     514784 total
- age   2:     235440 bytes,     750224 total
 18000K->11782K(24716K), 0.0013385 secs]
21.744: [GC
Desired survivor size 557056 bytes, new threshold 2 (max 15)
- age   1:     340904 bytes,     340904 total
- age   2:     423216 bytes,     764120 total
 18279K->12026K(24716K), 0.0013090 secs]
21.752: [GC
Desired survivor size 557056 bytes, new threshold 2 (max 15)
- age   1:     498144 bytes,     498144 total
- age   2:     285160 bytes,     783304 total
 18537K->12224K(24716K), 0.0012562 secs]
21.758: [GC
Desired survivor size 557056 bytes, new threshold 2 (max 15)
- age   1:     162296 bytes,     162296 total
- age   2:     408744 bytes,     571040 total
 18741K->12295K(24716K), 0.0014287 secs]
21.766: [GC
Desired survivor size 557056 bytes, new threshold 15 (max 15)
- age   1:      94312 bytes,      94312 total
- age   2:     109872 bytes,     204184 total
 18782K->12344K(24716K), 0.0009404 secs]
21.772: [GC
Desired survivor size 557056 bytes, new threshold 15 (max 15)
- age   1:      85168 bytes,      85168 total
- age   2:      39240 bytes,     124408 total
- age   3:      85168 bytes,     209576 total
 18823K->12349K(24716K), 0.0007451 secs]
21.778: [GC
Desired survivor size 557056 bytes, new threshold 15 (max 15)
- age   1:     350200 bytes,     350200 total
- age   2:         64 bytes,     350264 total
- age   3:      39240 bytes,     389504 total
- age   4:      85168 bytes,     474672 total
 18865K->12608K(24716K), 0.0010276 secs]
21.783: [GC
Desired survivor size 557056 bytes, new threshold 2 (max 15)
- age   1:     360896 bytes,     360896 total
- age   2:     261856 bytes,     622752 total
- age   3:         64 bytes,     622816 total
- age   4:      39240 bytes,     662056 total
- age   5:      85168 bytes,     747224 total
 19101K->12874K(24716K), 0.0011376 secs]
21.790: [GC
Desired survivor size 557056 bytes, new threshold 15 (max 15)
- age   1:      92504 bytes,      92504 total
- age   2:     222416 bytes,     314920 total
 19372K->12829K(24716K), 0.0010203 secs]
21.795: [GC
Desired survivor size 557056 bytes, new threshold 15 (max 15)
- age   1:     264320 bytes,     264320 total
- age   2:         72 bytes,     264392 total
- age   3:     222416 bytes,     486808 total
 19309K->12996K(24716K), 0.0009160 secs]
21.801: [GC
Desired survivor size 557056 bytes, new threshold 2 (max 15)
- age   1:     389072 bytes,     389072 total
- age   2:     225096 bytes,     614168 total
- age   3:         72 bytes,     614240 total
- age   4:     222416 bytes,     836656 total
 19524K->13338K(24716K), 0.0015711 secs]
21.806: [GC
Desired survivor size 557056 bytes, new threshold 2 (max 15)
- age   1:     285608 bytes,     285608 total
- age   2:     307560 bytes,     593168 total
 19855K->13422K(24716K), 0.0012499 secs]
21.815: [GC
Desired survivor size 557056 bytes, new threshold 1 (max 15)
- age   1:     832080 bytes,     832080 total
- age   2:     165280 bytes,     997360 total
 19950K->14117K(24716K), 0.0015561 secs]
21.821: [GC
Desired survivor size 557056 bytes, new threshold 15 (max 15)
- age   1:     108048 bytes,     108048 total
 20620K->14181K(24716K), 0.0032332 secs]
21.830: [GC
Desired survivor size 557056 bytes, new threshold 15 (max 15)
- age   1:     303760 bytes,     303760 total
- age   2:      31544 bytes,     335304 total
 20706K->14405K(24716K), 0.0007759 secs]
21.835: [GC
Desired survivor size 557056 bytes, new threshold 2 (max 15)
- age   1:     386288 bytes,     386288 total
- age   2:     219736 bytes,     606024 total
- age   3:      31544 bytes,     637568 total
 20900K->14700K(24716K), 0.0019008 secs]
21.841: [GC
Desired survivor size 557056 bytes, new threshold 2 (max 15)
- age   1:     364680 bytes,     364680 total
- age   2:     318800 bytes,     683480 total
 21164K->14998K(24716K), 0.0019310 secs]
21.847: [GC
Desired survivor size 557056 bytes, new threshold 1 (max 15)
- age   1:     737600 bytes,     737600 total
- age   2:     211192 bytes,     948792 total
 21463K->15487K(24716K), 0.0022617 secs]
21.860: [GC
Desired survivor size 557056 bytes, new threshold 15 (max 15)
- age   1:      87760 bytes,      87760 total
 22013K->15512K(24716K), 0.0040467 secs]
21.868: [GC
Desired survivor size 557056 bytes, new threshold 1 (max 15)
- age   1:     593192 bytes,     593192 total
- age   2:      13984 bytes,     607176 total
 22027K->16020K(24716K), 0.0011249 secs]
21.878: [GC
Desired survivor size 557056 bytes, new threshold 1 (max 15)
- age   1:     705632 bytes,     705632 total
 22541K->16578K(24716K), 0.0015837 secs]
21.885: [GC
Desired survivor size 557056 bytes, new threshold 15 (max 15)
- age   1:     289488 bytes,     289488 total
 23076K->16713K(24716K), 0.0011824 secs]
21.890: [GC
Desired survivor size 557056 bytes, new threshold 15 (max 15)
- age   1:     164560 bytes,     164560 total
- age   2:     213072 bytes,     377632 total
 23241K->16799K(24716K), 0.0008515 secs]
21.901: [GC
Desired survivor size 557056 bytes, new threshold 1 (max 15)
- age   1:     815496 bytes,     815496 total
- age   2:      78184 bytes,     893680 total
- age   3:     213072 bytes,    1106752 total
 23306K->17674K(24716K), 0.0030533 secs]
21.913: [GC
Desired survivor size 557056 bytes, new threshold 15 (max 15)
- age   1:     330776 bytes,     330776 total
 24193K->17731K(25100K), 0.0014219 secs]
21.915: [Full GC 17731K->8253K(25100K), 0.0762032 secs]
21.998: [GC
Desired survivor size 557056 bytes, new threshold 1 (max 15)
- age   1:     726728 bytes,     726728 total
 14754K->8973K(24716K), 0.0013250 secs]
22.009: [GC
Desired survivor size 557056 bytes, new threshold 15 (max 15)
- age   1:      99712 bytes,      99712 total
 15501K->8905K(24716K), 0.0021497 secs]
22.016: [GC
Desired survivor size 557056 bytes, new threshold 15 (max 15)
- age   1:     148152 bytes,     148152 total
- age   2:      53792 bytes,     201944 total
 15393K->9006K(24716K), 0.0006677 secs]
22.025: [GC
Desired survivor size 557056 bytes, new threshold 3 (max 15)
- age   1:     424968 bytes,     424968 total
- age   2:      97312 bytes,     522280 total
- age   3:      51688 bytes,     573968 total
 15534K->9373K(24716K), 0.0014235 secs]
22.031: [GC
Desired survivor size 557056 bytes, new threshold 15 (max 15)
- age   1:      72496 bytes,      72496 total
- age   2:     322704 bytes,     395200 total
- age   3:      94728 bytes,     489928 total
 15894K->9343K(24716K), 0.0010489 secs]
22.036: [GC
Desired survivor size 557056 bytes, new threshold 15 (max 15)
- age   1:      87584 bytes,      87584 total
- age   2:      58904 bytes,     146488 total
- age   3:     165336 bytes,     311824 total
- age   4:      94728 bytes,     406552 total
 15849K->9264K(24716K), 0.0008971 secs]
22.045: [GC
Desired survivor size 557056 bytes, new threshold 3 (max 15)
- age   1:     461584 bytes,     461584 total
- age   2:      74048 bytes,     535632 total
- age   3:      58872 bytes,     594504 total
- age   4:     164632 bytes,     759136 total
- age   5:      94728 bytes,     853864 total
 15765K->9691K(24716K), 0.0015358 secs]
22.051: [GC
Desired survivor size 557056 bytes, new threshold 1 (max 15)
- age   1:     640384 bytes,     640384 total
- age   2:     285072 bytes,     925456 total
- age   3:      73688 bytes,     999144 total
 16194K->10158K(24716K), 0.0016828 secs]
22.062: [GC
Desired survivor size 557056 bytes, new threshold 15 (max 15)
- age   1:     374520 bytes,     374520 total
 16684K->10094K(24716K), 0.0015894 secs]
22.070: [GC
Desired survivor size 557056 bytes, new threshold 2 (max 15)
- age   1:     376512 bytes,     376512 total
- age   2:     217400 bytes,     593912 total
 16591K->10307K(24716K), 0.0008914 secs]
22.075: [GC
Desired survivor size 557056 bytes, new threshold 15 (max 15)
- age   1:     192008 bytes,     192008 total
- age   2:     326744 bytes,     518752 total
 16699K->10288K(24716K), 0.0012986 secs]
22.082: [GC
Desired survivor size 557056 bytes, new threshold 3 (max 15)
- age   1:     448024 bytes,     448024 total
- age   2:       3448 bytes,     451472 total
- age   3:     326744 bytes,     778216 total
 16786K->10547K(24716K), 0.0010086 secs]
22.088: [GC
Desired survivor size 557056 bytes, new threshold 15 (max 15)
- age   1:     325008 bytes,     325008 total
- age   2:      90480 bytes,     415488 total
- age   3:       3448 bytes,     418936 total
 17013K->10509K(24716K), 0.0011817 secs]
22.094: [GC
Desired survivor size 557056 bytes, new threshold 2 (max 15)
- age   1:     527696 bytes,     527696 total
- age   2:     168296 bytes,     695992 total
- age   3:      90480 bytes,     786472 total
- age   4:       2720 bytes,     789192 total
 17023K->10868K(24716K), 0.0010118 secs]
22.101: [GC
Desired survivor size 557056 bytes, new threshold 15 (max 15)
- age   1:     275640 bytes,     275640 total
- age   2:     257608 bytes,     533248 total
 17382K->10879K(24716K), 0.0011476 secs]
22.106: [GC
Desired survivor size 557056 bytes, new threshold 15 (max 15)
- age   1:     180976 bytes,     180976 total
- age   2:     146352 bytes,     327328 total
- age   3:     201232 bytes,     528560 total
 17390K->10874K(24716K), 0.0009110 secs]
22.111: [GC
Desired survivor size 557056 bytes, new threshold 4 (max 15)
- age   1:     141072 bytes,     141072 total
- age   2:     110112 bytes,     251184 total
- age   3:     146352 bytes,     397536 total
- age   4:     201232 bytes,     598768 total
 17387K->10944K(24716K), 0.0010424 secs]
22.116: [GC
Desired survivor size 557056 bytes, new threshold 15 (max 15)
- age   1:      84752 bytes,      84752 total
- age   2:      62648 bytes,     147400 total
- age   3:     110112 bytes,     257512 total
- age   4:     146352 bytes,     403864 total
 17462K->10960K(24716K), 0.0010320 secs]
22.121: [GC
Desired survivor size 557056 bytes, new threshold 1 (max 15)
- age   1:     609720 bytes,     609720 total
- age   2:      25024 bytes,     634744 total
- age   3:      62648 bytes,     697392 total
- age   4:     110112 bytes,     807504 total
- age   5:     146352 bytes,     953856 total
 17442K->11496K(24716K), 0.0013263 secs]
22.126: [GC
Desired survivor size 557056 bytes, new threshold 15 (max 15)
- age   1:     234728 bytes,     234728 total
 17969K->11448K(24716K), 0.0015762 secs]
22.132: [GC
Desired survivor size 557056 bytes, new threshold 1 (max 15)
- age   1:     643992 bytes,     643992 total
- age   2:     113840 bytes,     757832 total
 17937K->11954K(24716K), 0.0010941 secs]
22.137: [GC
Desired survivor size 557056 bytes, new threshold 15 (max 15)
- age   1:     181440 bytes,     181440 total
 18460K->11783K(24716K), 0.0010877 secs]
22.142: [GC
Desired survivor size 557056 bytes, new threshold 15 (max 15)
- age   1:     175424 bytes,     175424 total
- age   2:     114224 bytes,     289648 total
 18292K->11890K(24716K), 0.0007546 secs]
22.147: [GC
Desired survivor size 557056 bytes, new threshold 2 (max 15)
- age   1:     428184 bytes,     428184 total
- age   2:     153304 bytes,     581488 total
- age   3:     114224 bytes,     695712 total
 18404K->12285K(24716K), 0.0015448 secs]
22.153: [GC
Desired survivor size 557056 bytes, new threshold 15 (max 15)
- age   1:     104552 bytes,     104552 total
- age   2:     163680 bytes,     268232 total
 18796K->12128K(24716K), 0.0015217 secs]
22.159: [GC
Desired survivor size 557056 bytes, new threshold 15 (max 15)
- age   1:     290800 bytes,     290800 total
- age   3:     118704 bytes,     409504 total
 18644K->12268K(24716K), 0.0009025 secs]
22.164: [GC
Desired survivor size 557056 bytes, new threshold 15 (max 15)
- age   1:      91264 bytes,      91264 total
- age   2:     187632 bytes,     278896 total
- age   4:     118704 bytes,     397600 total
 18795K->12257K(24716K), 0.0009041 secs]
22.169: [GC
Desired survivor size 557056 bytes, new threshold 15 (max 15)
- age   1:     234016 bytes,     234016 total
- age   2:      53976 bytes,     287992 total
- age   3:     120176 bytes,     408168 total
- age   5:     118704 bytes,     526872 total
 18778K->12383K(24716K), 0.0010567 secs]
22.174: [GC
Desired survivor size 557056 bytes, new threshold 2 (max 15)
- age   1:     514560 bytes,     514560 total
- age   2:     149672 bytes,     664232 total
- age   3:      53976 bytes,     718208 total
- age   4:     120176 bytes,     838384 total
- age   6:     118704 bytes,     957088 total
 18906K->12803K(24716K), 0.0014068 secs]
22.181: [GC
Desired survivor size 557056 bytes, new threshold 2 (max 15)
- age   1:     383432 bytes,     383432 total
- age   2:     344808 bytes,     728240 total
 19280K->12946K(24716K), 0.0016251 secs]
22.188: [GC
Desired survivor size 557056 bytes, new threshold 15 (max 15)
- age   1:     186328 bytes,     186328 total
 19449K->12755K(24716K), 0.0008224 secs]
22.199: [GC
Desired survivor size 557056 bytes, new threshold 15 (max 15)
- age   1:     395312 bytes,     395312 total
- age   2:     130240 bytes,     525552 total
 19256K->13085K(24716K), 0.0010083 secs]
22.204: [GC
Desired survivor size 557056 bytes, new threshold 1 (max 15)
- age   1:     586184 bytes,     586184 total
- age   2:     209568 bytes,     795752 total
- age   3:        704 bytes,     796456 total
 19562K->13349K(24716K), 0.0011781 secs]
22.210: [GC
Desired survivor size 557056 bytes, new threshold 15 (max 15)
- age   1:     153592 bytes,     153592 total
 19834K->13262K(24716K), 0.0017062 secs]
22.216: [GC
Desired survivor size 557056 bytes, new threshold 15 (max 15)
- age   1:     336600 bytes,     336600 total
- age   2:      36640 bytes,     373240 total
 19771K->13479K(24716K), 0.0007853 secs]
22.225: [GC
Desired survivor size 557056 bytes, new threshold 2 (max 15)
- age   1:     493040 bytes,     493040 total
- age   2:     267408 bytes,     760448 total
- age   3:      36640 bytes,     797088 total
 19995K->13891K(24716K), 0.0013194 secs]
22.230: [GC
Desired survivor size 557056 bytes, new threshold 2 (max 15)
- age   1:     319672 bytes,     319672 total
- age   2:     307520 bytes,     627192 total
 20368K->14023K(24716K), 0.0015729 secs]
22.236: [GC
Desired survivor size 557056 bytes, new threshold 2 (max 15)
- age   1:     423416 bytes,     423416 total
- age   2:     142704 bytes,     566120 total
 20509K->14274K(24716K), 0.0013052 secs]
22.241: [GC
Desired survivor size 557056 bytes, new threshold 15 (max 15)
- age   1:     369312 bytes,     369312 total
- age   2:     183904 bytes,     553216 total
 20780K->14398K(24716K), 0.0011704 secs]
22.248: [GC
Desired survivor size 557056 bytes, new threshold 2 (max 15)
- age   1:     479544 bytes,     479544 total
- age   2:     250648 bytes,     730192 total
- age   3:     183904 bytes,     914096 total
 20925K->14751K(24716K), 0.0015667 secs]
22.257: [GC
Desired survivor size 557056 bytes, new threshold 2 (max 15)
- age   1:     275952 bytes,     275952 total
- age   2:     479056 bytes,     755008 total
 21279K->14743K(24716K), 0.0012464 secs]
22.262: [GC
Desired survivor size 557056 bytes, new threshold 15 (max 15)
- age   1:     242752 bytes,     242752 total
- age   2:     208368 bytes,     451120 total
 21252K->14910K(24716K), 0.0014364 secs]
22.271: [GC
Desired survivor size 557056 bytes, new threshold 2 (max 15)
- age   1:     471800 bytes,     471800 total
- age   2:     156392 bytes,     628192 total
- age   3:      65256 bytes,     693448 total
 21401K->15148K(24716K), 0.0011793 secs]
22.280: [GC
Desired survivor size 557056 bytes, new threshold 15 (max 15)
- age   1:     147936 bytes,     147936 total
- age   2:     349656 bytes,     497592 total
 21589K->15172K(24716K), 0.0009872 secs]
22.285: [GC
Desired survivor size 557056 bytes, new threshold 15 (max 15)
- age   1:     134928 bytes,     134928 total
- age   2:      80752 bytes,     215680 total
- age   3:     300264 bytes,     515944 total
 21696K->15190K(24716K), 0.0010259 secs]
22.292: [GC
Desired survivor size 557056 bytes, new threshold 4 (max 15)
- age   1:     191400 bytes,     191400 total
- age   2:      56472 bytes,     247872 total
- age   3:      78080 bytes,     325952 total
- age   4:     300264 bytes,     626216 total
 21700K->15304K(24716K), 0.0008967 secs]
22.299: [GC
Desired survivor size 557056 bytes, new threshold 4 (max 15)
- age   1:     460408 bytes,     460408 total
- age   2:      51840 bytes,     512248 total
- age   3:       7056 bytes,     519304 total
- age   4:      78080 bytes,     597384 total
 21830K->15468K(24716K), 0.0015294 secs]
22.305: [GC
Desired survivor size 557056 bytes, new threshold 15 (max 15)
- age   1:      94560 bytes,      94560 total
- age   2:     391216 bytes,     485776 total
- age   3:       2080 bytes,     487856 total
- age   4:       7056 bytes,     494912 total
 21974K->15459K(24716K), 0.0012663 secs]
22.310: [GC
Desired survivor size 557056 bytes, new threshold 15 (max 15)
- age   1:     376680 bytes,     376680 total
- age   2:      22952 bytes,     399632 total
- age   3:      97096 bytes,     496728 total
- age   4:       2080 bytes,     498808 total
- age   5:       7056 bytes,     505864 total
 21981K->15463K(24716K), 0.0009498 secs]
22.315: [GC
Desired survivor size 557056 bytes, new threshold 2 (max 15)
- age   1:     337912 bytes,     337912 total
- age   2:     250616 bytes,     588528 total
- age   3:      22952 bytes,     611480 total
- age   4:      97096 bytes,     708576 total
- age   5:       2080 bytes,     710656 total
- age   6:       7056 bytes,     717712 total
 21933K->15670K(24716K), 0.0012837 secs]
22.320: [GC
Desired survivor size 557056 bytes, new threshold 15 (max 15)
- age   1:     259896 bytes,     259896 total
- age   2:     183728 bytes,     443624 total
 22082K->15533K(24716K), 0.0010223 secs]
22.325: [GC
Desired survivor size 557056 bytes, new threshold 3 (max 15)
- age   1:     309552 bytes,     309552 total
- age   2:      77992 bytes,     387544 total
- age   3:     183728 bytes,     571272 total
 22060K->15646K(24716K), 0.0011139 secs]
22.330: [GC
Desired survivor size 557056 bytes, new threshold 2 (max 15)
- age   1:     475560 bytes,     475560 total
- age   2:     137592 bytes,     613152 total
- age   3:      77992 bytes,     691144 total
 22165K->15945K(24716K), 0.0011956 secs]
22.335: [GC
Desired survivor size 557056 bytes, new threshold 15 (max 15)
- age   1:      82704 bytes,      82704 total
- age   2:     274832 bytes,     357536 total
 22443K->15837K(24716K), 0.0013100 secs]
22.342: [GC
Desired survivor size 557056 bytes, new threshold 15 (max 15)
- age   1:     293112 bytes,     293112 total
- age   3:     103608 bytes,     396720 total
 22351K->15876K(24716K), 0.0010969 secs]
22.348: [GC
Desired survivor size 557056 bytes, new threshold 1 (max 15)
- age   1:     562120 bytes,     562120 total
- age   2:     134384 bytes,     696504 total
- age   4:     103608 bytes,     800112 total
 22365K->16269K(24716K), 0.0010543 secs]
22.354: [GC
Desired survivor size 557056 bytes, new threshold 15 (max 15)
- age   1:     109632 bytes,     109632 total
 22770K->16122K(24716K), 0.0012480 secs]
22.365: [GC
Desired survivor size 557056 bytes, new threshold 15 (max 15)
- age   1:     526104 bytes,     526104 total
- age   2:      26624 bytes,     552728 total
 22591K->16554K(24716K), 0.0016939 secs]
22.372: [GC
Desired survivor size 557056 bytes, new threshold 15 (max 15)
- age   1:     215000 bytes,     215000 total
- age   2:     213808 bytes,     428808 total
- age   3:      26624 bytes,     455432 total
 23028K->16461K(24716K), 0.0007561 secs]
22.380: [GC
Desired survivor size 557056 bytes, new threshold 3 (max 15)
- age   1:     374824 bytes,     374824 total
- age   2:      84344 bytes,     459168 total
- age   3:     181704 bytes,     640872 total
- age   4:      26624 bytes,     667496 total
 22989K->16665K(24716K), 0.0011343 secs]
22.385: [GC
Desired survivor size 557056 bytes, new threshold 1 (max 15)
- age   1:     717944 bytes,     717944 total
- age   2:     140144 bytes,     858088 total
- age   3:      84344 bytes,     942432 total
 23179K->17139K(24716K), 0.0014669 secs]
22.392: [GC
Desired survivor size 557056 bytes, new threshold 15 (max 15)
- age   1:     336488 bytes,     336488 total
 23607K->16950K(24716K), 0.0012014 secs]
22.398: [GC
Desired survivor size 557056 bytes, new threshold 15 (max 15)
- age   1:     309336 bytes,     309336 total
- age   2:     140104 bytes,     449440 total
 23461K->17060K(24716K), 0.0009005 secs]
22.403: [GC
Desired survivor size 557056 bytes, new threshold 3 (max 15)
- age   1:     315008 bytes,     315008 total
- age   2:     118544 bytes,     433552 total
- age   3:     140104 bytes,     573656 total
 23575K->17181K(24716K), 0.0014130 secs]
22.408: [GC
Desired survivor size 557056 bytes, new threshold 3 (max 15)
- age   1:     265928 bytes,     265928 total
- age   2:     259072 bytes,     525000 total
- age   3:     118544 bytes,     643544 total
 23679K->17392K(24716K), 0.0016547 secs]
22.414: [GC
Desired survivor size 557056 bytes, new threshold 2 (max 15)
- age   1:     515512 bytes,     515512 total
- age   2:     129192 bytes,     644704 total
- age   3:     259072 bytes,     903776 total
 23913K->17764K(24716K), 0.0013669 secs]
22.420: [GC
Desired survivor size 557056 bytes, new threshold 15 (max 15)
- age   1:     226304 bytes,     226304 total
- age   2:     203088 bytes,     429392 total
 24247K->17538K(24908K), 0.0010414 secs]
22.422: [Full GC 17538K->8471K(24908K), 0.0702491 secs]
22.501: [GC
Desired survivor size 557056 bytes, new threshold 1 (max 15)
- age   1:     745888 bytes,     745888 total
 14999K->9203K(24716K), 0.0009888 secs]
22.506: [GC
Desired survivor size 557056 bytes, new threshold 1 (max 15)
- age   1:     571808 bytes,     571808 total
 15704K->9773K(24716K), 0.0015438 secs]
22.512: [GC
Desired survivor size 557056 bytes, new threshold 15 (max 15)
- age   1:     478040 bytes,     478040 total
 16279K->9978K(24716K), 0.0010676 secs]
22.517: [GC
Desired survivor size 557056 bytes, new threshold 2 (max 15)
- age   1:     193840 bytes,     193840 total
- age   2:     446904 bytes,     640744 total
 16488K->10137K(24716K), 0.0012183 secs]
22.522: [GC
Desired survivor size 557056 bytes, new threshold 15 (max 15)
- age   1:     120920 bytes,     120920 total
- age   2:     126616 bytes,     247536 total
 16631K->10030K(24716K), 0.0009316 secs]
22.528: [GC
Desired survivor size 557056 bytes, new threshold 15 (max 15)
- age   1:     233408 bytes,     233408 total
- age   2:      38272 bytes,     271680 total
- age   3:     126616 bytes,     398296 total
 16517K->10177K(24716K), 0.0008032 secs]
22.534: [GC
Desired survivor size 557056 bytes, new threshold 4 (max 15)
- age   1:     272056 bytes,     272056 total
- age   2:     148912 bytes,     420968 total
- age   3:      38272 bytes,     459240 total
- age   4:     126616 bytes,     585856 total
 16692K->10359K(24716K), 0.0009514 secs]
22.540: [GC
Desired survivor size 557056 bytes, new threshold 15 (max 15)
- age   1:     161992 bytes,     161992 total
- age   2:      93176 bytes,     255168 total
- age   3:     148912 bytes,     404080 total
- age   4:      38272 bytes,     442352 total
 16882K->10342K(24716K), 0.0008348 secs]
22.546: [GC
Desired survivor size 557056 bytes, new threshold 15 (max 15)
- age   1:     389072 bytes,     389072 total
- age   3:       8496 bytes,     397568 total
- age   4:     108824 bytes,     506392 total
- age   5:      38272 bytes,     544664 total
 16856K->10442K(24716K), 0.0021844 secs]
22.552: [GC
Desired survivor size 557056 bytes, new threshold 2 (max 15)
- age   1:     254200 bytes,     254200 total
- age   2:     348400 bytes,     602600 total
- age   4:       8256 bytes,     610856 total
- age   5:     108824 bytes,     719680 total
- age   6:      38272 bytes,     757952 total
 16953K->10650K(24716K), 0.0012039 secs]
22.558: [GC
Desired survivor size 557056 bytes, new threshold 15 (max 15)
- age   1:     132328 bytes,     132328 total
- age   2:     169776 bytes,     302104 total
 17162K->10617K(24716K), 0.0011760 secs]
22.567: [GC
Desired survivor size 557056 bytes, new threshold 1 (max 15)
- age   1:     573192 bytes,     573192 total
- age   2:      45792 bytes,     618984 total
- age   3:     169776 bytes,     788760 total
 17145K->11089K(24716K), 0.0014274 secs]
22.573: [GC
Desired survivor size 557056 bytes, new threshold 15 (max 15)
- age   1:     305208 bytes,     305208 total
 17614K->11123K(24716K), 0.0012722 secs]
22.579: [GC
Desired survivor size 557056 bytes, new threshold 15 (max 15)
- age   1:     322296 bytes,     322296 total
- age   2:     104616 bytes,     426912 total
 17640K->11241K(24716K), 0.0021836 secs]
22.585: [GC
Desired survivor size 557056 bytes, new threshold 2 (max 15)
- age   1:     305680 bytes,     305680 total
- age   2:     284024 bytes,     589704 total
- age   3:     104616 bytes,     694320 total
 17748K->11502K(24716K), 0.0012576 secs]
22.590: [GC
Desired survivor size 557056 bytes, new threshold 15 (max 15)
- age   1:     147152 bytes,     147152 total
- age   2:     240384 bytes,     387536 total
 17971K->11513K(24716K), 0.0017430 secs]
22.597: [GC
Desired survivor size 557056 bytes, new threshold 15 (max 15)
- age   1:     301536 bytes,     301536 total
- age   2:      67272 bytes,     368808 total
- age   3:     167888 bytes,     536696 total
 18009K->11659K(24716K), 0.0028022 secs]
22.604: [GC
Desired survivor size 557056 bytes, new threshold 2 (max 15)
- age   1:     471864 bytes,     471864 total
- age   2:     226248 bytes,     698112 total
- age   3:      67232 bytes,     765344 total
- age   4:     167888 bytes,     933232 total
 18117K->12046K(24716K), 0.0013088 secs]
22.611: [GC
Desired survivor size 557056 bytes, new threshold 15 (max 15)
- age   1:     234464 bytes,     234464 total
- age   2:     311840 bytes,     546304 total
 18509K->12053K(24716K), 0.0012376 secs]
22.617: [GC
Desired survivor size 557056 bytes, new threshold 3 (max 15)
- age   1:     396728 bytes,     396728 total
- age   2:      84760 bytes,     481488 total
- age   3:     311840 bytes,     793328 total
 18555K->12293K(24716K), 0.0012163 secs]
22.623: [GC
Desired survivor size 557056 bytes, new threshold 2 (max 15)
- age   1:     266304 bytes,     266304 total
- age   2:     327072 bytes,     593376 total
- age   3:      84760 bytes,     678136 total
 18808K->12491K(24716K), 0.0014148 secs]
22.630: [GC
Desired survivor size 557056 bytes, new threshold 2 (max 15)
- age   1:     533872 bytes,     533872 total
- age   2:     224464 bytes,     758336 total
 19019K->12970K(24716K), 0.0023212 secs]
22.638: [GC
Desired survivor size 557056 bytes, new threshold 1 (max 15)
- age   1:     599488 bytes,     599488 total
- age   2:     487736 bytes,    1087224 total
 19488K->13507K(24716K), 0.0013875 secs]
22.645: [GC
Desired survivor size 557056 bytes, new threshold 15 (max 15)
- age   1:     479152 bytes,     479152 total
 20022K->13545K(24716K), 0.0013214 secs]
22.651: [GC
Desired survivor size 557056 bytes, new threshold 2 (max 15)
- age   1:     213408 bytes,     213408 total
- age   2:     465376 bytes,     678784 total
 20064K->13739K(24716K), 0.0012039 secs]
22.657: [GC
Desired survivor size 557056 bytes, new threshold 15 (max 15)
- age   1:     285024 bytes,     285024 total
- age   2:     192304 bytes,     477328 total
 20267K->13949K(24716K), 0.0014444 secs]
22.662: [GC
Desired survivor size 557056 bytes, new threshold 3 (max 15)
- age   1:     284408 bytes,     284408 total
- age   2:     232264 bytes,     516672 total
- age   3:     192304 bytes,     708976 total
 20458K->14174K(24716K), 0.0018274 secs]
22.670: [GC
Desired survivor size 557056 bytes, new threshold 15 (max 15)
- age   1:     176920 bytes,     176920 total
- age   2:     101120 bytes,     278040 total
- age   3:     232264 bytes,     510304 total
 20687K->14169K(24716K), 0.0010682 secs]
22.675: [GC
Desired survivor size 557056 bytes, new threshold 4 (max 15)
- age   1:     232992 bytes,     232992 total
- age   2:      87456 bytes,     320448 total
- age   3:     101120 bytes,     421568 total
- age   4:     232264 bytes,     653832 total
 20676K->14307K(24716K), 0.0011082 secs]
22.680: [GC
Desired survivor size 557056 bytes, new threshold 15 (max 15)
- age   1:     221984 bytes,     221984 total
- age   2:      36720 bytes,     258704 total
- age   3:      87456 bytes,     346160 total
- age   4:     101120 bytes,     447280 total
 20820K->14334K(24716K), 0.0024357 secs]
22.687: [GC
Desired survivor size 557056 bytes, new threshold 4 (max 15)
- age   1:     268272 bytes,     268272 total
- age   2:     191704 bytes,     459976 total
- age   3:      36720 bytes,     496696 total
- age   4:      87456 bytes,     584152 total
- age   5:     101120 bytes,     685272 total
 20844K->14565K(24716K), 0.0011726 secs]
22.693: [GC
Desired survivor size 557056 bytes, new threshold 1 (max 15)
- age   1:     674456 bytes,     674456 total
- age   2:     189776 bytes,     864232 total
- age   3:     191704 bytes,    1055936 total
- age   4:      36720 bytes,    1092656 total
 21017K->15315K(24716K), 0.0015857 secs]
22.702: [GC
Desired survivor size 557056 bytes, new threshold 15 (max 15)
- age   1:     159424 bytes,     159424 total
 21781K->15193K(24716K), 0.0020453 secs]
22.709: [GC
Desired survivor size 557056 bytes, new threshold 15 (max 15)
- age   1:     137416 bytes,     137416 total
- age   2:     103512 bytes,     240928 total
 21667K->15273K(24716K), 0.0008899 secs]
22.714: [GC
Desired survivor size 557056 bytes, new threshold 15 (max 15)
- age   1:     111648 bytes,     111648 total
- age   2:      80312 bytes,     191960 total
- age   3:       1112 bytes,     193072 total
 21702K->15226K(24716K), 0.0007122 secs]
22.719: [GC
Desired survivor size 557056 bytes, new threshold 15 (max 15)
- age   1:     212688 bytes,     212688 total
- age   2:      58304 bytes,     270992 total
- age   3:      80272 bytes,     351264 total
- age   4:        824 bytes,     352088 total
 21675K->15381K(24716K), 0.0008370 secs]
22.724: [GC
Desired survivor size 557056 bytes, new threshold 3 (max 15)
- age   1:     373552 bytes,     373552 total
- age   2:     149392 bytes,     522944 total
- age   3:      58304 bytes,     581248 total
- age   4:      80272 bytes,     661520 total
- age   5:        824 bytes,     662344 total
 21895K->15684K(24716K), 0.0011369 secs]
22.730: [GC
Desired survivor size 557056 bytes, new threshold 1 (max 15)
- age   1:     684456 bytes,     684456 total
- age   2:     197512 bytes,     881968 total
- age   3:     149392 bytes,    1031360 total
 22169K->16189K(24716K), 0.0018974 secs]
22.735: [GC
Desired survivor size 557056 bytes, new threshold 15 (max 15)
- age   1:     336592 bytes,     336592 total
 22642K->16190K(24716K), 0.0015108 secs]
22.742: [GC
Desired survivor size 557056 bytes, new threshold 1 (max 15)
- age   1:     783704 bytes,     783704 total
 22714K->16626K(24716K), 0.0011759 secs]
22.749: [GC
Desired survivor size 557056 bytes, new threshold 15 (max 15)
- age   1:     523048 bytes,     523048 total
 23100K->16799K(24716K), 0.0011906 secs]
22.754: [GC
Desired survivor size 557056 bytes, new threshold 2 (max 15)
- age   1:     478448 bytes,     478448 total
- age   2:     463056 bytes,     941504 total
 23207K->17210K(24716K), 0.0012098 secs]
22.759: [GC
Desired survivor size 557056 bytes, new threshold 2 (max 15)
- age   1:     479144 bytes,     479144 total
- age   2:     478448 bytes,     957592 total
 23695K->17529K(24716K), 0.0017107 secs]
22.765: [GC
Desired survivor size 557056 bytes, new threshold 15 (max 15)
- age   1:     167856 bytes,     167856 total
- age   2:     316160 bytes,     484016 total
 23980K->17534K(24716K), 0.0017235 secs]
22.771: [GC
Desired survivor size 557056 bytes, new threshold 1 (max 15)
- age   1:     598152 bytes,     598152 total
- age   2:      85192 bytes,     683344 total
- age   3:     316160 bytes,     999504 total
 24055K->18037K(24716K), 0.0014361 secs]
22.777: [GC
Desired survivor size 557056 bytes, new threshold 15 (max 15)
- age   1:     116560 bytes,     116560 total
 24552K->18041K(25676K), 0.0016165 secs]
22.779: [Full GC 18041K->8082K(25676K), 0.0721354 secs]
22.856: [GC
Desired survivor size 557056 bytes, new threshold 15 (max 15)
- age   1:     106376 bytes,     106376 total
 14595K->8190K(24716K), 0.0006298 secs]
22.861: [GC
Desired survivor size 557056 bytes, new threshold 15 (max 15)
- age   1:     348552 bytes,     348552 total
- age   2:      44368 bytes,     392920 total
 14689K->8470K(24716K), 0.0009166 secs]
22.867: [GC
Desired survivor size 557056 bytes, new threshold 15 (max 15)
- age   1:     178936 bytes,     178936 total
- age   2:     284016 bytes,     462952 total
- age   3:      44368 bytes,     507320 total
 14973K->8581K(24716K), 0.0011924 secs]
22.873: [GC
Desired survivor size 557056 bytes, new threshold 15 (max 15)
- age   1:     114496 bytes,     114496 total
- age   2:     112112 bytes,     226608 total
- age   3:     149304 bytes,     375912 total
- age   4:      44368 bytes,     420280 total
 15054K->8496K(24716K), 0.0009354 secs]
22.878: [GC
Desired survivor size 557056 bytes, new threshold 4 (max 15)
- age   1:     272152 bytes,     272152 total
- age   2:      45320 bytes,     317472 total
- age   3:     112112 bytes,     429584 total
- age   4:     149304 bytes,     578888 total
- age   5:      44368 bytes,     623256 total
 15020K->8694K(24716K), 0.0010841 secs]
22.884: [GC
Desired survivor size 557056 bytes, new threshold 15 (max 15)
- age   1:     110496 bytes,     110496 total
- age   2:     204280 bytes,     314776 total
- age   3:      45320 bytes,     360096 total
- age   4:      73168 bytes,     433264 total
 15187K->8704K(24716K), 0.0013261 secs]
22.889: [GC
Desired survivor size 557056 bytes, new threshold 4 (max 15)
- age   1:     308728 bytes,     308728 total
- age   2:      41544 bytes,     350272 total
- age   3:     204280 bytes,     554552 total
- age   4:      45320 bytes,     599872 total
- age   5:      73168 bytes,     673040 total
 15207K->8940K(24716K), 0.0014825 secs]
22.896: [GC
Desired survivor size 557056 bytes, new threshold 1 (max 15)
- age   1:     674952 bytes,     674952 total
- age   2:      83976 bytes,     758928 total
- age   3:      41544 bytes,     800472 total
- age   4:     204280 bytes,    1004752 total
 15439K->9387K(24716K), 0.0013644 secs]
22.902: [GC
Desired survivor size 557056 bytes, new threshold 15 (max 15)
- age   1:     475208 bytes,     475208 total
 15902K->9607K(24716K), 0.0014744 secs]
22.908: [GC
Desired survivor size 557056 bytes, new threshold 2 (max 15)
- age   1:     348584 bytes,     348584 total
- age   2:     424048 bytes,     772632 total
 16129K->9897K(24716K), 0.0010883 secs]
22.914: [GC
Desired survivor size 557056 bytes, new threshold 2 (max 15)
- age   1:     295888 bytes,     295888 total
- age   2:     348496 bytes,     644384 total
 16396K->10186K(24716K), 0.0023335 secs]
22.921: [GC
Desired survivor size 557056 bytes, new threshold 1 (max 15)
- age   1:     572736 bytes,     572736 total
- age   2:     222112 bytes,     794848 total
 16684K->10673K(24716K), 0.0014091 secs]
22.926: [GC
Desired survivor size 557056 bytes, new threshold 15 (max 15)
- age   1:     170368 bytes,     170368 total
 17153K->10576K(24716K), 0.0012043 secs]
22.933: [GC
Desired survivor size 557056 bytes, new threshold 1 (max 15)
- age   1:     692768 bytes,     692768 total
 17102K->11086K(24716K), 0.0008843 secs]
22.939: [GC
Desired survivor size 557056 bytes, new threshold 15 (max 15)
- age   1:     433088 bytes,     433088 total
 17589K->11220K(24716K), 0.0015818 secs]
22.944: [GC
Desired survivor size 557056 bytes, new threshold 1 (max 15)
- age   1:     908704 bytes,     908704 total
- age   2:     157560 bytes,    1066264 total
 17725K->12286K(24716K), 0.0017910 secs]
22.956: [GC
Desired survivor size 557056 bytes, new threshold 15 (max 15)
- age   1:     297448 bytes,     297448 total
 18796K->12342K(24716K), 0.0014360 secs]
22.962: [GC
Desired survivor size 557056 bytes, new threshold 15 (max 15)
- age   1:     307416 bytes,     307416 total
- age   2:     149072 bytes,     456488 total
 18851K->12497K(24716K), 0.0010794 secs]
22.969: [GC
Desired survivor size 557056 bytes, new threshold 15 (max 15)
- age   1:     243936 bytes,     243936 total
- age   2:     150088 bytes,     394024 total
- age   3:     149072 bytes,     543096 total
 19025K->12581K(24716K), 0.0010675 secs]
22.974: [GC
Desired survivor size 557056 bytes, new threshold 1 (max 15)
- age   1:     607128 bytes,     607128 total
- age   2:     216488 bytes,     823616 total
- age   3:     150088 bytes,     973704 total
- age   4:      68248 bytes,    1041952 total
 19082K->13069K(24716K), 0.0012986 secs]
22.980: [GC
Desired survivor size 557056 bytes, new threshold 15 (max 15)
- age   1:      67848 bytes,      67848 total
 19568K->12865K(24716K), 0.0014341 secs]
22.987: [GC
Desired survivor size 557056 bytes, new threshold 15 (max 15)
- age   1:     284896 bytes,     284896 total
- age   2:        624 bytes,     285520 total
 19388K->13071K(24716K), 0.0006973 secs]
22.997: [GC
Desired survivor size 557056 bytes, new threshold 15 (max 15)
- age   1:     303608 bytes,     303608 total
- age   2:     137848 bytes,     441456 total
 19572K->13222K(24716K), 0.0024120 secs]
23.005: [GC
Desired survivor size 557056 bytes, new threshold 15 (max 15)
- age   1:     123616 bytes,     123616 total
- age   2:      84840 bytes,     208456 total
- age   3:     137848 bytes,     346304 total
 19673K->13130K(24716K), 0.0008538 secs]
23.010: [GC
Desired survivor size 557056 bytes, new threshold 4 (max 15)
- age   1:     323632 bytes,     323632 total
- age   2:      46160 bytes,     369792 total
- age   3:      84840 bytes,     454632 total
- age   4:     137848 bytes,     592480 total
 19522K->13372K(24716K), 0.0010059 secs]
23.017: [GC
Desired survivor size 557056 bytes, new threshold 2 (max 15)
- age   1:     381144 bytes,     381144 total
- age   2:     244912 bytes,     626056 total
- age   3:      44816 bytes,     670872 total
- age   4:       2488 bytes,     673360 total
 19894K->13587K(24716K), 0.0010618 secs]
23.024: [GC
Desired survivor size 557056 bytes, new threshold 15 (max 15)
- age   1:     145512 bytes,     145512 total
- age   2:     286008 bytes,     431520 total
 20102K->13649K(24716K), 0.0010758 secs]
23.029: [GC
Desired survivor size 557056 bytes, new threshold 1 (max 15)
- age   1:     706608 bytes,     706608 total
- age   2:     125776 bytes,     832384 total
- age   3:      46032 bytes,     878416 total
 20144K->14079K(24716K), 0.0012690 secs]
23.035: [GC
Desired survivor size 557056 bytes, new threshold 15 (max 15)
- age   1:      99656 bytes,      99656 total
 20600K->14157K(24716K), 0.0016453 secs]
23.042: [GC
Desired survivor size 557056 bytes, new threshold 15 (max 15)
- age   1:     378320 bytes,     378320 total
- age   2:      55928 bytes,     434248 total
 20653K->14483K(24716K), 0.0008574 secs]
23.048: [GC
Desired survivor size 557056 bytes, new threshold 2 (max 15)
- age   1:     513792 bytes,     513792 total
- age   2:     298032 bytes,     811824 total
- age   3:      55928 bytes,     867752 total
 20991K->14906K(24716K), 0.0023561 secs]
23.054: [GC
Desired survivor size 557056 bytes, new threshold 2 (max 15)
- age   1:     394432 bytes,     394432 total
- age   2:     470048 bytes,     864480 total
 21390K->15092K(24716K), 0.0023101 secs]
23.062: [GC
Desired survivor size 557056 bytes, new threshold 2 (max 15)
- age   1:     452672 bytes,     452672 total
- age   2:     314824 bytes,     767496 total
 21582K->15288K(24716K), 0.0013895 secs]
23.072: [GC
Desired survivor size 557056 bytes, new threshold 15 (max 15)
- age   1:     217992 bytes,     217992 total
- age   2:     336136 bytes,     554128 total
 21814K->15385K(24716K), 0.0017758 secs]
23.079: [GC
Desired survivor size 557056 bytes, new threshold 3 (max 15)
- age   1:     293672 bytes,     293672 total
- age   2:     169408 bytes,     463080 total
- age   3:     336136 bytes,     799216 total
 21877K->15625K(24716K), 0.0012276 secs]
23.085: [GC
Desired survivor size 557056 bytes, new threshold 15 (max 15)
- age   1:     286080 bytes,     286080 total
- age   2:     212160 bytes,     498240 total
- age   3:      48032 bytes,     546272 total
 22122K->15477K(24716K), 0.0012075 secs]
23.091: [GC
Desired survivor size 557056 bytes, new threshold 15 (max 15)
- age   1:     166928 bytes,     166928 total
- age   2:     121800 bytes,     288728 total
- age   3:     212160 bytes,     500888 total
- age   4:      48032 bytes,     548920 total
 21955K->15480K(24716K), 0.0009905 secs]
23.098: [GC
Desired survivor size 557056 bytes, new threshold 4 (max 15)
- age   1:     321288 bytes,     321288 total
- age   2:      82760 bytes,     404048 total
- age   4:     211864 bytes,     615912 total
- age   5:      47880 bytes,     663792 total
 22007K->15592K(24716K), 0.0018474 secs]
23.103: [GC
Desired survivor size 557056 bytes, new threshold 3 (max 15)
- age   1:     278848 bytes,     278848 total
- age   2:     255312 bytes,     534160 total
- age   3:      82760 bytes,     616920 total
 22055K->15807K(24716K), 0.0013877 secs]
23.110: [GC
Desired survivor size 557056 bytes, new threshold 15 (max 15)
- age   1:      76608 bytes,      76608 total
- age   2:     144440 bytes,     221048 total
- age   3:     254544 bytes,     475592 total
 22331K->15748K(24716K), 0.0011074 secs]
23.116: [GC
Desired survivor size 557056 bytes, new threshold 15 (max 15)
- age   1:     404952 bytes,     404952 total
- age   2:       4640 bytes,     409592 total
- age   3:     144440 bytes,     554032 total
- age   4:       2080 bytes,     556112 total
 22276K->15827K(24716K), 0.0009539 secs]
23.121: [GC
Desired survivor size 557056 bytes, new threshold 1 (max 15)
- age   1:     632296 bytes,     632296 total
- age   2:       5896 bytes,     638192 total
- age   3:       4640 bytes,     642832 total
- age   4:     144440 bytes,     787272 total
- age   5:       2080 bytes,     789352 total
 22263K->16058K(24716K), 0.0011831 secs]
23.127: [GC
Desired survivor size 557056 bytes, new threshold 1 (max 15)
- age   1:     678392 bytes,     678392 total
 22533K->16253K(24716K), 0.0012738 secs]
23.133: [GC
Desired survivor size 557056 bytes, new threshold 15 (max 15)
- age   1:      95792 bytes,      95792 total
 22781K->16087K(24716K), 0.0015296 secs]
23.142: [GC
Desired survivor size 557056 bytes, new threshold 15 (max 15)
- age   1:     469960 bytes,     469960 total
- age   2:      82832 bytes,     552792 total
 22604K->16531K(24716K), 0.0037520 secs]
23.151: [GC
Desired survivor size 557056 bytes, new threshold 15 (max 15)
- age   1:      75344 bytes,      75344 total
- age   2:     351872 bytes,     427216 total
- age   3:      82832 bytes,     510048 total
 23024K->16489K(24716K), 0.0009943 secs]
23.157: [GC
Desired survivor size 557056 bytes, new threshold 1 (max 15)
- age   1:     779384 bytes,     779384 total
- age   2:      22512 bytes,     801896 total
- age   3:     267536 bytes,    1069432 total
- age   4:       5408 bytes,    1074840 total
 22991K->17116K(24716K), 0.0011871 secs]
23.163: [GC
Desired survivor size 557056 bytes, new threshold 15 (max 15)
- age   1:     210008 bytes,     210008 total
 23639K->17118K(24716K), 0.0017611 secs]
23.171: [GC
Desired survivor size 557056 bytes, new threshold 15 (max 15)
- age   1:     361816 bytes,     361816 total
- age   2:      54200 bytes,     416016 total
 23625K->17319K(24716K), 0.0010789 secs]
23.176: [GC
Desired survivor size 557056 bytes, new threshold 15 (max 15)
- age   1:      87712 bytes,      87712 total
- age   2:     167768 bytes,     255480 total
- age   3:      54200 bytes,     309680 total
 23819K->17215K(24716K), 0.0010246 secs]
23.181: [GC
Desired survivor size 557056 bytes, new threshold 1 (max 15)
- age   1:     569576 bytes,     569576 total
- age   2:      30112 bytes,     599688 total
- age   3:      86256 bytes,     685944 total
- age   4:      54200 bytes,     740144 total
 23741K->17635K(24716K), 0.0020849 secs]
23.188: [GC
Desired survivor size 557056 bytes, new threshold 1 (max 15)
- age   1:    1003896 bytes,    1003896 total
 24118K->18172K(24908K), 0.0014266 secs]
23.190: [Full GC 18172K->8848K(24908K), 0.0708281 secs]
23.267: [GC
Desired survivor size 557056 bytes, new threshold 15 (max 15)
- age   1:      94976 bytes,      94976 total
 15346K->8944K(24716K), 0.0007570 secs]
23.272: [GC
Desired survivor size 557056 bytes, new threshold 15 (max 15)
- age   1:     355352 bytes,     355352 total
- age   2:      61736 bytes,     417088 total
 15438K->9259K(24716K), 0.0009330 secs]
23.277: [GC
Desired survivor size 557056 bytes, new threshold 3 (max 15)
- age   1:     219864 bytes,     219864 total
- age   2:     317088 bytes,     536952 total
- age   3:      61736 bytes,     598688 total
 15785K->9436K(24716K), 0.0011361 secs]
23.283: [GC
Desired survivor size 557056 bytes, new threshold 2 (max 15)
- age   1:     401880 bytes,     401880 total
- age   2:     178968 bytes,     580848 total
- age   3:     148080 bytes,     728928 total
 15918K->9631K(24716K), 0.0011019 secs]
23.289: [GC
Desired survivor size 557056 bytes, new threshold 2 (max 15)
- age   1:     338464 bytes,     338464 total
- age   2:     345872 bytes,     684336 total
 16103K->9760K(24716K), 0.0015446 secs]
23.302: [GC
Desired survivor size 557056 bytes, new threshold 15 (max 15)
- age   1:     293808 bytes,     293808 total
- age   2:     203344 bytes,     497152 total
 16243K->9916K(24716K), 0.0010398 secs]
23.308: [GC
Desired survivor size 557056 bytes, new threshold 1 (max 15)
- age   1:     629352 bytes,     629352 total
- age   2:     234072 bytes,     863424 total
- age   3:      99120 bytes,     962544 total
 16409K->10371K(24716K), 0.0011575 secs]
23.313: [GC
Desired survivor size 557056 bytes, new threshold 15 (max 15)
- age   1:     320080 bytes,     320080 total
 16873K->10624K(24716K), 0.0016842 secs]
23.320: [GC
Desired survivor size 557056 bytes, new threshold 2 (max 15)
- age   1:     271840 bytes,     271840 total
- age   2:     302944 bytes,     574784 total
 17137K->10873K(24716K), 0.0009953 secs]
23.326: [GC
Desired survivor size 557056 bytes, new threshold 15 (max 15)
- age   1:      77544 bytes,      77544 total
- age   2:     254048 bytes,     331592 total
 17371K->10870K(24716K), 0.0010335 secs]
23.334: [GC
Desired survivor size 557056 bytes, new threshold 3 (max 15)
- age   1:     364400 bytes,     364400 total
- age   3:     254048 bytes,     618448 total
 17397K->11150K(24716K), 0.0011162 secs]
23.339: [GC
Desired survivor size 557056 bytes, new threshold 2 (max 15)
- age   1:     438248 bytes,     438248 total
- age   2:     195336 bytes,     633584 total
 17665K->11413K(24716K), 0.0012284 secs]
23.345: [GC
Desired survivor size 557056 bytes, new threshold 1 (max 15)
- age   1:     570056 bytes,     570056 total
- age   2:     275904 bytes,     845960 total
 17875K->11811K(24716K), 0.0015965 secs]
23.351: [GC
Desired survivor size 557056 bytes, new threshold 15 (max 15)
- age   1:     330376 bytes,     330376 total
 18297K->11812K(24716K), 0.0012941 secs]
23.358: [GC
Desired survivor size 557056 bytes, new threshold 2 (max 15)
- age   1:     380712 bytes,     380712 total
- age   2:     246560 bytes,     627272 total
 18331K->12102K(24716K), 0.0008799 secs]
23.364: [GC
Desired survivor size 557056 bytes, new threshold 2 (max 15)
- age   1:     468640 bytes,     468640 total
- age   2:     296536 bytes,     765176 total
 18535K->12477K(24716K), 0.0012992 secs]
23.371: [GC
Desired survivor size 557056 bytes, new threshold 2 (max 15)
- age   1:     478504 bytes,     478504 total
- age   2:     304168 bytes,     782672 total
 18987K->12783K(24716K), 0.0022217 secs]
23.378: [GC
Desired survivor size 557056 bytes, new threshold 2 (max 15)
- age   1:     389272 bytes,     389272 total
- age   2:     451576 bytes,     840848 total
 19298K->13054K(24716K), 0.0013710 secs]
23.385: [GC
Desired survivor size 557056 bytes, new threshold 2 (max 15)
- age   1:     551328 bytes,     551328 total
- age   2:     352640 bytes,     903968 total
 19557K->13563K(24716K), 0.0017532 secs]
23.394: [GC
Desired survivor size 557056 bytes, new threshold 1 (max 15)
- age   1:     680600 bytes,     680600 total
- age   2:     311376 bytes,     991976 total
 20048K->13743K(24716K), 0.0014842 secs]
23.403: [GC
Desired survivor size 557056 bytes, new threshold 15 (max 15)
- age   1:     148208 bytes,     148208 total
 20271K->13839K(24716K), 0.0023846 secs]
23.410: [GC
Desired survivor size 557056 bytes, new threshold 1 (max 15)
- age   1:     689408 bytes,     689408 total
- age   2:      87320 bytes,     776728 total
 20309K->14451K(24716K), 0.0013332 secs]
23.416: [GC
Desired survivor size 557056 bytes, new threshold 15 (max 15)
- age   1:     359304 bytes,     359304 total
 20928K->14592K(24716K), 0.0013855 secs]
23.422: [GC
Desired survivor size 557056 bytes, new threshold 15 (max 15)
- age   1:     256872 bytes,     256872 total
- age   2:     297784 bytes,     554656 total
 21069K->14784K(24716K), 0.0010211 secs]
23.427: [GC
Desired survivor size 557056 bytes, new threshold 3 (max 15)
- age   1:     346688 bytes,     346688 total
- age   2:     126952 bytes,     473640 total
- age   3:     297784 bytes,     771424 total
 21294K->14996K(24716K), 0.0013089 secs]
23.432: [GC
Desired survivor size 557056 bytes, new threshold 2 (max 15)
- age   1:     287720 bytes,     287720 total
- age   2:     280312 bytes,     568032 total
- age   3:     126952 bytes,     694984 total
 21449K->15050K(24716K), 0.0013332 secs]
23.437: [GC
Desired survivor size 557056 bytes, new threshold 2 (max 15)
- age   1:     499104 bytes,     499104 total
- age   2:      67888 bytes,     566992 total
 21539K->15284K(24716K), 0.0015508 secs]
23.443: [GC
Desired survivor size 557056 bytes, new threshold 2 (max 15)
- age   1:     196416 bytes,     196416 total
- age   2:     397080 bytes,     593496 total
 21803K->15376K(24716K), 0.0019027 secs]
23.449: [GC
Desired survivor size 557056 bytes, new threshold 15 (max 15)
- age   1:     384072 bytes,     384072 total
- age   2:     153528 bytes,     537600 total
 21863K->15450K(24716K), 0.0028299 secs]
23.457: [GC
Desired survivor size 557056 bytes, new threshold 2 (max 15)
- age   1:     343296 bytes,     343296 total
- age   2:     245248 bytes,     588544 total
- age   3:     153528 bytes,     742072 total
 21972K->15649K(24716K), 0.0044555 secs]
23.466: [GC
Desired survivor size 557056 bytes, new threshold 15 (max 15)
- age   1:     175840 bytes,     175840 total
- age   2:     241008 bytes,     416848 total
 22163K->15654K(24716K), 0.0012615 secs]
23.473: [GC
Desired survivor size 557056 bytes, new threshold 2 (max 15)
- age   1:     517120 bytes,     517120 total
- age   2:     106648 bytes,     623768 total
- age   3:     240968 bytes,     864736 total
 22174K->16091K(24716K), 0.0049660 secs]
23.484: [GC
Desired survivor size 557056 bytes, new threshold 1 (max 15)
- age   1:     577776 bytes,     577776 total
- age   2:     216944 bytes,     794720 total
 22611K->16366K(24716K), 0.0100473 secs]
23.501: [GC
Desired survivor size 557056 bytes, new threshold 1 (max 15)
- age   1:     669544 bytes,     669544 total
 22885K->16803K(24716K), 0.0017334 secs]
23.511: [GC
Desired survivor size 557056 bytes, new threshold 15 (max 15)
- age   1:     308760 bytes,     308760 total
 23313K->17016K(24716K), 0.0009921 secs]
23.517: [GC
Desired survivor size 557056 bytes, new threshold 15 (max 15)
- age   1:     161976 bytes,     161976 total
- age   2:     259256 bytes,     421232 total
 23508K->17127K(24716K), 0.0011061 secs]
23.523: [GC
Desired survivor size 557056 bytes, new threshold 3 (max 15)
- age   1:     328472 bytes,     328472 total
- age   2:     105968 bytes,     434440 total
- age   3:     182160 bytes,     616600 total
 23645K->17318K(24716K), 0.0010134 secs]
23.531: [GC
Desired survivor size 557056 bytes, new threshold 2 (max 15)
- age   1:     510168 bytes,     510168 total
- age   2:     172752 bytes,     682920 total
- age   3:     105880 bytes,     788800 total
 23794K->17579K(24716K), 0.0017288 secs]
23.536: [GC
Desired survivor size 557056 bytes, new threshold 2 (max 15)
- age   1:     353096 bytes,     353096 total
- age   2:     440992 bytes,     794088 total
 24093K->17636K(24716K), 0.0015119 secs]
23.546: [GC
Desired survivor size 557056 bytes, new threshold 15 (max 15)
- age   1:     199024 bytes,     199024 total
- age   2:     246424 bytes,     445448 total
 24110K->17666K(24908K), 0.0011193 secs]
23.547: [Full GC 17666K->8279K(24908K), 0.0705036 secs]
23.623: [GC
Desired survivor size 557056 bytes, new threshold 1 (max 15)
- age   1:     673496 bytes,     673496 total
 14736K->8940K(24716K), 0.0011177 secs]
23.630: [GC
Desired survivor size 557056 bytes, new threshold 15 (max 15)
- age   1:     278984 bytes,     278984 total
 15425K->9094K(24716K), 0.0011206 secs]
23.638: [GC
Desired survivor size 557056 bytes, new threshold 15 (max 15)
- age   1:     186296 bytes,     186296 total
- age   2:     207080 bytes,     393376 total
 15622K->9204K(24716K), 0.0007782 secs]
23.645: [GC
Desired survivor size 557056 bytes, new threshold 15 (max 15)
- age   1:     158200 bytes,     158200 total
- age   2:     186296 bytes,     344496 total
- age   3:     206592 bytes,     551088 total
 15653K->9361K(24716K), 0.0009483 secs]
23.652: [GC
Desired survivor size 557056 bytes, new threshold 4 (max 15)
- age   1:     241216 bytes,     241216 total
- age   2:      77376 bytes,     318592 total
- age   3:     186256 bytes,     504848 total
- age   4:     206592 bytes,     711440 total
 15802K->9518K(24716K), 0.0010025 secs]
23.660: [GC
Desired survivor size 557056 bytes, new threshold 4 (max 15)
- age   1:     330760 bytes,     330760 total
- age   2:     210224 bytes,     540984 total
- age   3:       3000 bytes,     543984 total
- age   4:      65008 bytes,     608992 total
 16046K->9564K(24716K), 0.0017406 secs]
23.666: [GC
Desired survivor size 557056 bytes, new threshold 15 (max 15)
- age   1:      42168 bytes,      42168 total
- age   2:     330760 bytes,     372928 total
- age   3:     148240 bytes,     521168 total
- age   4:       3000 bytes,     524168 total
 16036K->9540K(24716K), 0.0010711 secs]
23.676: [GC
Desired survivor size 557056 bytes, new threshold 4 (max 15)
- age   1:     120432 bytes,     120432 total
- age   2:       3512 bytes,     123944 total
- age   3:     330760 bytes,     454704 total
- age   4:     147768 bytes,     602472 total
- age   5:       3000 bytes,     605472 total
 16068K->9622K(24716K), 0.0011964 secs]
23.683: [GC
Desired survivor size 557056 bytes, new threshold 15 (max 15)
- age   1:      93128 bytes,      93128 total
- age   2:     119112 bytes,     212240 total
- age   3:       3480 bytes,     215720 total
- age   4:     165520 bytes,     381240 total
 16150K->9479K(24716K), 0.0009100 secs]
23.688: [GC
Desired survivor size 557056 bytes, new threshold 3 (max 15)
- age   1:     452200 bytes,     452200 total
- age   2:      93064 bytes,     545264 total
- age   3:      44624 bytes,     589888 total
- age   4:       3480 bytes,     593368 total
- age   5:     165520 bytes,     758888 total
 15976K->9848K(24716K), 0.0015343 secs]
23.693: [GC
Desired survivor size 557056 bytes, new threshold 15 (max 15)
- age   1:     195208 bytes,     195208 total
- age   2:     242912 bytes,     438120 total
- age   3:      93064 bytes,     531184 total
 16373K->9862K(24716K), 0.0016278 secs]
23.700: [GC
Desired survivor size 557056 bytes, new threshold 15 (max 15)
- age   1:     112584 bytes,     112584 total
- age   2:       2800 bytes,     115384 total
- age   3:     242912 bytes,     358296 total
- age   4:      93064 bytes,     451360 total
 16369K->9745K(24716K), 0.0008456 secs]
23.706: [GC
Desired survivor size 557056 bytes, new threshold 15 (max 15)
- age   1:     149408 bytes,     149408 total
- age   2:      44200 bytes,     193608 total
- age   3:       2800 bytes,     196408 total
- age   4:     242912 bytes,     439320 total
- age   5:      92296 bytes,     531616 total
 16273K->9827K(24716K), 0.0010123 secs]
23.712: [GC
Desired survivor size 557056 bytes, new threshold 1 (max 15)
- age   1:     650936 bytes,     650936 total
- age   2:       6232 bytes,     657168 total
- age   3:      44200 bytes,     701368 total
- age   4:       2800 bytes,     704168 total
- age   5:     242912 bytes,     947080 total
- age   6:       7744 bytes,     954824 total
 16338K->10243K(24716K), 0.0011380 secs]
23.720: [GC
Desired survivor size 557056 bytes, new threshold 15 (max 15)
- age   1:     339104 bytes,     339104 total
 16771K->10205K(24716K), 0.0014078 secs]
23.725: [GC
Desired survivor size 557056 bytes, new threshold 15 (max 15)
- age   1:     250824 bytes,     250824 total
- age   2:       7136 bytes,     257960 total
 16682K->10117K(24716K), 0.0007547 secs]
23.734: [GC
Desired survivor size 557056 bytes, new threshold 15 (max 15)
- age   1:      65288 bytes,      65288 total
- age   2:      77976 bytes,     143264 total
- age   3:       7176 bytes,     150440 total
 16645K->10014K(24716K), 0.0007579 secs]
23.742: [GC
Desired survivor size 557056 bytes, new threshold 15 (max 15)
- age   1:      52368 bytes,      52368 total
- age   2:      63232 bytes,     115600 total
- age   3:      77976 bytes,     193576 total
- age   4:       7136 bytes,     200712 total
 16542K->10062K(24716K), 0.0007481 secs]
23.749: [GC
Desired survivor size 557056 bytes, new threshold 15 (max 15)
- age   1:     198080 bytes,     198080 total
- age   2:      36616 bytes,     234696 total
- age   3:      63232 bytes,     297928 total
- age   4:      77976 bytes,     375904 total
- age   5:       7136 bytes,     383040 total
 16535K->10242K(24716K), 0.0008595 secs]
23.755: [GC
Desired survivor size 557056 bytes, new threshold 15 (max 15)
- age   1:     205360 bytes,     205360 total
- age   2:      75576 bytes,     280936 total
- age   3:      36504 bytes,     317440 total
- age   4:      63232 bytes,     380672 total
- age   5:      77976 bytes,     458648 total
- age   6:       7136 bytes,     465784 total
 16766K->10325K(24716K), 0.0009198 secs]
23.760: [GC
Desired survivor size 557056 bytes, new threshold 6 (max 15)
- age   1:     310064 bytes,     310064 total
- age   2:      53584 bytes,     363648 total
- age   3:      75544 bytes,     439192 total
- age   4:      36504 bytes,     475696 total
- age   5:      63232 bytes,     538928 total
- age   6:      77976 bytes,     616904 total
- age   7:       7136 bytes,     624040 total
 16838K->10487K(24716K), 0.0011771 secs]
23.765: [GC
Desired survivor size 557056 bytes, new threshold 4 (max 15)
- age   1:     268072 bytes,     268072 total
- age   2:     232088 bytes,     500160 total
- age   3:      53584 bytes,     553744 total
- age   4:      75544 bytes,     629288 total
- age   5:      36504 bytes,     665792 total
- age   6:      63232 bytes,     729024 total
 16903K->10680K(24716K), 0.0012362 secs]
23.771: [GC
Desired survivor size 557056 bytes, new threshold 3 (max 15)
- age   1:     153008 bytes,     153008 total
- age   2:     203536 bytes,     356544 total
- age   3:     232088 bytes,     588632 total
- age   4:      25400 bytes,     614032 total
 17208K->10754K(24716K), 0.0012933 secs]
23.776: [GC
Desired survivor size 557056 bytes, new threshold 15 (max 15)
- age   1:      75232 bytes,      75232 total
- age   2:     132728 bytes,     207960 total
- age   3:     203536 bytes,     411496 total
 17278K->10763K(24716K), 0.0010673 secs]
23.781: [GC
Desired survivor size 557056 bytes, new threshold 15 (max 15)
- age   1:     205440 bytes,     205440 total
- age   3:     132728 bytes,     338168 total
- age   4:     203536 bytes,     541704 total
 17287K->10885K(24716K), 0.0010377 secs]
23.787: [GC
Desired survivor size 557056 bytes, new threshold 5 (max 15)
- age   1:     222032 bytes,     222032 total
- age   2:      88488 bytes,     310520 total
- age   4:     132728 bytes,     443248 total
- age   5:     203536 bytes,     646784 total
 17371K->10987K(24716K), 0.0010378 secs]
23.793: [GC
Desired survivor size 557056 bytes, new threshold 15 (max 15)
- age   1:     128968 bytes,     128968 total
- age   2:     109128 bytes,     238096 total
- age   3:      88488 bytes,     326584 total
- age   5:     132728 bytes,     459312 total
 17515K->11009K(24716K), 0.0012250 secs]
23.798: [GC
Desired survivor size 557056 bytes, new threshold 15 (max 15)
- age   1:     115208 bytes,     115208 total
- age   2:      94960 bytes,     210168 total
- age   3:      49888 bytes,     260056 total
- age   4:      88488 bytes,     348544 total
- age   6:     132728 bytes,     481272 total
 17524K->11031K(24716K), 0.0017480 secs]
23.804: [GC
Desired survivor size 557056 bytes, new threshold 15 (max 15)
- age   1:     142712 bytes,     142712 total
- age   2:      81296 bytes,     224008 total
- age   3:       2824 bytes,     226832 total
- age   4:      49888 bytes,     276720 total
- age   5:      88488 bytes,     365208 total
- age   7:     132728 bytes,     497936 total
 17545K->11047K(24716K), 0.0009211 secs]
23.809: [GC
Desired survivor size 557056 bytes, new threshold 6 (max 15)
- age   1:     283896 bytes,     283896 total
- age   2:      66432 bytes,     350328 total
- age   3:      81296 bytes,     431624 total
- age   4:       2824 bytes,     434448 total
- age   5:      49888 bytes,     484336 total
- age   6:      88488 bytes,     572824 total
- age   8:     132728 bytes,     705552 total
 17574K->11250K(24716K), 0.0015511 secs]
23.814: [GC
Desired survivor size 557056 bytes, new threshold 2 (max 15)
- age   1:     437752 bytes,     437752 total
- age   2:     164008 bytes,     601760 total
- age   3:      66432 bytes,     668192 total
- age   4:      81296 bytes,     749488 total
- age   5:       2824 bytes,     752312 total
- age   6:      49888 bytes,     802200 total
 17748K->11568K(24716K), 0.0013991 secs]
23.825: [GC
Desired survivor size 557056 bytes, new threshold 1 (max 15)
- age   1:     777968 bytes,     777968 total
- age   2:     279344 bytes,    1057312 total
 18064K->12170K(24716K), 0.0017429 secs]
23.831: [GC
Desired survivor size 557056 bytes, new threshold 15 (max 15)
- age   1:     384392 bytes,     384392 total
 18581K->12038K(24716K), 0.0013374 secs]
23.838: [GC
Desired survivor size 557056 bytes, new threshold 15 (max 15)
- age   1:     183048 bytes,     183048 total
- age   2:     302880 bytes,     485928 total
 18531K->12134K(24716K), 0.0019002 secs]
23.846: [GC
Desired survivor size 557056 bytes, new threshold 2 (max 15)
- age   1:     509608 bytes,     509608 total
- age   2:     100040 bytes,     609648 total
- age   3:      63328 bytes,     672976 total
 18616K->12319K(24716K), 0.0009493 secs]
23.851: [GC
Desired survivor size 557056 bytes, new threshold 2 (max 15)
- age   1:     406632 bytes,     406632 total
- age   2:     509552 bytes,     916184 total
 18833K->12639K(24716K), 0.0017544 secs]
23.857: [GC
Desired survivor size 557056 bytes, new threshold 2 (max 15)
- age   1:     278952 bytes,     278952 total
- age   2:     364856 bytes,     643808 total
 19127K->12706K(24716K), 0.0014294 secs]
23.862: [GC
Desired survivor size 557056 bytes, new threshold 15 (max 15)
- age   1:      50208 bytes,      50208 total
- age   2:     254024 bytes,     304232 total
 19231K->12731K(24716K), 0.0012029 secs]
23.869: [GC
Desired survivor size 557056 bytes, new threshold 1 (max 15)
- age   1:     572712 bytes,     572712 total
- age   2:      29136 bytes,     601848 total
 19259K->13020K(24716K), 0.0009765 secs]
23.875: [GC
Desired survivor size 557056 bytes, new threshold 15 (max 15)
- age   1:     197304 bytes,     197304 total
 19534K->13141K(24716K), 0.0009817 secs]
23.881: [GC
Desired survivor size 557056 bytes, new threshold 15 (max 15)
- age   1:     184144 bytes,     184144 total
- age   2:      24936 bytes,     209080 total
 19642K->13154K(24716K), 0.0007044 secs]
23.885: [GC
Desired survivor size 557056 bytes, new threshold 15 (max 15)
- age   1:      90896 bytes,      90896 total
- age   2:      99640 bytes,     190536 total
- age   3:      24936 bytes,     215472 total
 19668K->13160K(24716K), 0.0007041 secs]
23.891: [GC
Desired survivor size 557056 bytes, new threshold 15 (max 15)
- age   1:     463168 bytes,     463168 total
- age   2:         32 bytes,     463200 total
- age   3:      66400 bytes,     529600 total
- age   4:      24936 bytes,     554536 total
 19661K->13491K(24716K), 0.0012140 secs]
23.897: [GC
Desired survivor size 557056 bytes, new threshold 15 (max 15)
- age   1:      97392 bytes,      97392 total
- age   2:     278536 bytes,     375928 total
- age   3:         32 bytes,     375960 total
- age   4:      66400 bytes,     442360 total
- age   5:      24936 bytes,     467296 total
 20001K->13406K(24716K), 0.0011042 secs]
23.902: [GC
Desired survivor size 557056 bytes, new threshold 3 (max 15)
- age   1:     246168 bytes,     246168 total
- age   2:      57304 bytes,     303472 total
- age   3:     278536 bytes,     582008 total
- age   4:         32 bytes,     582040 total
- age   5:      66400 bytes,     648440 total
- age   6:      24936 bytes,     673376 total
 19922K->13607K(24716K), 0.0013245 secs]
23.907: [GC
Desired survivor size 557056 bytes, new threshold 15 (max 15)
- age   1:     293384 bytes,     293384 total
- age   2:     110016 bytes,     403400 total
 20095K->13668K(24716K), 0.0015998 secs]
23.914: [GC
Desired survivor size 557056 bytes, new threshold 15 (max 15)
- age   1:     181864 bytes,     181864 total
- age   2:     138304 bytes,     320168 total
- age   3:     110016 bytes,     430184 total
 20186K->13692K(24716K), 0.0012840 secs]
23.920: [GC
Desired survivor size 557056 bytes, new threshold 15 (max 15)
- age   1:     166920 bytes,     166920 total
- age   3:     138304 bytes,     305224 total
- age   4:     110016 bytes,     415240 total
 20211K->13680K(24716K), 0.0010179 secs]
23.925: [GC
Desired survivor size 557056 bytes, new threshold 5 (max 15)
- age   1:     261464 bytes,     261464 total
- age   2:     123976 bytes,     385440 total
- age   4:     138304 bytes,     523744 total
- age   5:      67184 bytes,     590928 total
 20198K->13851K(24716K), 0.0009844 secs]
23.930: [GC
Desired survivor size 557056 bytes, new threshold 1 (max 15)
- age   1:     768776 bytes,     768776 total
- age   5:     138304 bytes,     907080 total
 20339K->14226K(24716K), 0.0013159 secs]
23.937: [GC
Desired survivor size 557056 bytes, new threshold 1 (max 15)
- age   1:     573088 bytes,     573088 total
 20668K->14064K(24716K), 0.0010598 secs]
23.943: [GC
Desired survivor size 557056 bytes, new threshold 15 (max 15)
- age   1:     548488 bytes,     548488 total
 20564K->14307K(24716K), 0.0011107 secs]
23.948: [GC
Desired survivor size 557056 bytes, new threshold 2 (max 15)
- age   1:     352736 bytes,     352736 total
- age   2:     465840 bytes,     818576 total
 20786K->14570K(24716K), 0.0012924 secs]
23.953: [GC
Desired survivor size 557056 bytes, new threshold 15 (max 15)
- age   1:     553528 bytes,     553528 total
 21054K->14675K(24716K), 0.0016215 secs]
23.961: [GC
Desired survivor size 557056 bytes, new threshold 2 (max 15)
- age   1:     408840 bytes,     408840 total
- age   2:     500376 bytes,     909216 total
 21133K->15023K(24716K), 0.0023635 secs]
23.969: [GC
Desired survivor size 557056 bytes, new threshold 2 (max 15)
- age   1:     429832 bytes,     429832 total
- age   2:     353192 bytes,     783024 total
 21551K->15089K(24716K), 0.0016622 secs]
23.976: [GC
Desired survivor size 557056 bytes, new threshold 1 (max 15)
- age   1:     611424 bytes,     611424 total
- age   2:     389128 bytes,    1000552 total
 21583K->15648K(24716K), 0.0017331 secs]
23.982: [GC
Desired survivor size 557056 bytes, new threshold 15 (max 15)
- age   1:     298496 bytes,     298496 total
 22122K->15855K(24716K), 0.0019482 secs]
23.988: [GC
Desired survivor size 557056 bytes, new threshold 15 (max 15)
- age   1:     519792 bytes,     519792 total
 22376K->16073K(24716K), 0.0010274 secs]
23.994: [GC
Desired survivor size 557056 bytes, new threshold 15 (max 15)
- age   1:     117720 bytes,     117720 total
- age   2:     437144 bytes,     554864 total
 22584K->16107K(24716K), 0.0012561 secs]
24.002: [GC
Desired survivor size 557056 bytes, new threshold 3 (max 15)
- age   1:     471192 bytes,     471192 total
- age   2:      33712 bytes,     504904 total
- age   3:     297320 bytes,     802224 total
 22635K->16348K(24716K), 0.0010354 secs]
24.009: [GC
Desired survivor size 557056 bytes, new threshold 15 (max 15)
- age   1:     162576 bytes,     162576 total
- age   2:     171432 bytes,     334008 total
- age   3:      33712 bytes,     367720 total
 22784K->16230K(24716K), 0.0012623 secs]
24.015: [GC
Desired survivor size 557056 bytes, new threshold 1 (max 15)
- age   1:     755384 bytes,     755384 total
- age   2:       3600 bytes,     758984 total
- age   3:     171432 bytes,     930416 total
- age   4:      33712 bytes,     964128 total
 22724K->16814K(24716K), 0.0013539 secs]
24.023: [GC
Desired survivor size 557056 bytes, new threshold 15 (max 15)
- age   1:     336816 bytes,     336816 total
 23342K->17066K(24716K), 0.0013631 secs]
24.030: [GC
Desired survivor size 557056 bytes, new threshold 15 (max 15)
- age   1:      70736 bytes,      70736 total
- age   2:     313448 bytes,     384184 total
 23589K->17111K(24716K), 0.0010999 secs]
24.037: [GC
Desired survivor size 557056 bytes, new threshold 15 (max 15)
- age   1:      80992 bytes,      80992 total
- age   2:       7816 bytes,      88808 total
- age   3:     360248 bytes,     449056 total
 23637K->17177K(24716K), 0.0023049 secs]
24.043: [GC
Desired survivor size 557056 bytes, new threshold 15 (max 15)
- age   1:     123776 bytes,     123776 total
- age   2:      60952 bytes,     184728 total
- age   3:       7816 bytes,     192544 total
- age   4:     173040 bytes,     365584 total
 23703K->17099K(24716K), 0.0008241 secs]
24.049: [GC
Desired survivor size 557056 bytes, new threshold 15 (max 15)
- age   1:      57584 bytes,      57584 total
- age   2:      25040 bytes,      82624 total
- age   3:      60120 bytes,     142744 total
- age   4:       7816 bytes,     150560 total
- age   5:     173040 bytes,     323600 total
 23595K->17056K(24716K), 0.0008627 secs]
24.057: [GC
Desired survivor size 557056 bytes, new threshold 15 (max 15)
- age   1:     244312 bytes,     244312 total
- age   2:       2480 bytes,     246792 total
- age   3:      25040 bytes,     271832 total
- age   4:      60120 bytes,     331952 total
- age   5:       7816 bytes,     339768 total
- age   6:     173040 bytes,     512808 total
 23583K->17245K(24716K), 0.0009269 secs]
24.063: [GC
Desired survivor size 557056 bytes, new threshold 7 (max 15)
- age   1:     191520 bytes,     191520 total
- age   2:     185824 bytes,     377344 total
- age   3:       2368 bytes,     379712 total
- age   4:      25040 bytes,     404752 total
- age   5:      60120 bytes,     464872 total
- age   6:       7816 bytes,     472688 total
- age   7:     173040 bytes,     645728 total
 23765K->17375K(24716K), 0.0011369 secs]
24.068: [GC
Desired survivor size 557056 bytes, new threshold 3 (max 15)
- age   1:     327664 bytes,     327664 total
- age   2:      71424 bytes,     399088 total
- age   3:     185824 bytes,     584912 total
- age   4:       2368 bytes,     587280 total
- age   5:      25040 bytes,     612320 total
- age   6:      60120 bytes,     672440 total
- age   7:       7816 bytes,     680256 total
 23830K->17586K(24716K), 0.0013236 secs]
24.074: [GC
Desired survivor size 557056 bytes, new threshold 15 (max 15)
- age   1:     152480 bytes,     152480 total
- age   2:     173296 bytes,     325776 total
- age   3:      71424 bytes,     397200 total
 24083K->17570K(24908K), 0.0014716 secs]
24.076: [Full GC 17570K->8411K(24908K), 0.0705886 secs]
24.151: [GC
Desired survivor size 557056 bytes, new threshold 15 (max 15)
- age   1:     379936 bytes,     379936 total
 14904K->8796K(24716K), 0.0008322 secs]
24.156: [GC
Desired survivor size 557056 bytes, new threshold 15 (max 15)
- age   1:     126944 bytes,     126944 total
- age   2:     299808 bytes,     426752 total
 15316K->8832K(24716K), 0.0008831 secs]
24.162: [GC
Desired survivor size 557056 bytes, new threshold 3 (max 15)
- age   1:     449216 bytes,     449216 total
- age   2:      84720 bytes,     533936 total
- age   3:     299808 bytes,     833744 total
 15348K->9229K(24716K), 0.0011646 secs]
24.167: [GC
Desired survivor size 557056 bytes, new threshold 15 (max 15)
- age   1:     112816 bytes,     112816 total
- age   2:     237440 bytes,     350256 total
- age   3:      84720 bytes,     434976 total
 15737K->9140K(24716K), 0.0011855 secs]
24.173: [GC
Desired survivor size 557056 bytes, new threshold 15 (max 15)
- age   1:     222112 bytes,     222112 total
- age   2:      65976 bytes,     288088 total
- age   3:     178952 bytes,     467040 total
- age   4:      84720 bytes,     551760 total
 15629K->9254K(24716K), 0.0008509 secs]
24.179: [GC
Desired survivor size 557056 bytes, new threshold 1 (max 15)
- age   1:     882496 bytes,     882496 total
- age   3:        128 bytes,     882624 total
- age   4:     121224 bytes,    1003848 total
- age   5:      84720 bytes,    1088568 total
 15782K->9899K(24716K), 0.0014752 secs]
24.185: [GC
Desired survivor size 557056 bytes, new threshold 15 (max 15)
- age   1:     138256 bytes,     138256 total
 16391K->9759K(24716K), 0.0014920 secs]
24.191: [GC
Desired survivor size 557056 bytes, new threshold 15 (max 15)
- age   1:     316200 bytes,     316200 total
- age   2:      70752 bytes,     386952 total
 16241K->10001K(24716K), 0.0009513 secs]
24.199: [GC
Desired survivor size 557056 bytes, new threshold 15 (max 15)
- age   1:     153392 bytes,     153392 total
- age   2:     247152 bytes,     400544 total
- age   3:      70752 bytes,     471296 total
 16521K->10082K(24716K), 0.0008225 secs]
24.205: [GC
Desired survivor size 557056 bytes, new threshold 3 (max 15)
- age   1:     395488 bytes,     395488 total
- age   2:      82616 bytes,     478104 total
- age   3:     247152 bytes,     725256 total
- age   4:      62544 bytes,     787800 total
 16588K->10392K(24716K), 0.0010407 secs]
24.211: [GC
Desired survivor size 557056 bytes, new threshold 3 (max 15)
- age   1:     160608 bytes,     160608 total
- age   2:     366440 bytes,     527048 total
- age   3:      82616 bytes,     609664 total
 16920K->10521K(24716K), 0.0012518 secs]
24.216: [GC
Desired survivor size 557056 bytes, new threshold 3 (max 15)
- age   1:     301096 bytes,     301096 total
- age   2:     128488 bytes,     429584 total
- age   3:     212184 bytes,     641768 total
 17040K->10603K(24716K), 0.0015776 secs]
24.222: [GC
Desired survivor size 557056 bytes, new threshold 15 (max 15)
- age   1:     126992 bytes,     126992 total
- age   2:     270984 bytes,     397976 total
- age   3:     128488 bytes,     526464 total
 17123K->10698K(24716K), 0.0016428 secs]
24.228: [GC
Desired survivor size 557056 bytes, new threshold 4 (max 15)
- age   1:     350312 bytes,     350312 total
- age   3:     115120 bytes,     465432 total
- age   4:     128488 bytes,     593920 total
 17202K->10764K(24716K), 0.0014007 secs]
24.233: [GC
Desired survivor size 557056 bytes, new threshold 2 (max 15)
- age   1:     361808 bytes,     361808 total
- age   2:     304568 bytes,     666376 total
- age   4:      37128 bytes,     703504 total
 17276K->10933K(24716K), 0.0013000 secs]
24.239: [GC
Desired survivor size 557056 bytes, new threshold 15 (max 15)
- age   1:     198640 bytes,     198640 total
- age   2:     203904 bytes,     402544 total
 17396K->10909K(24716K), 0.0012949 secs]
24.245: [GC
Desired survivor size 557056 bytes, new threshold 15 (max 15)
- age   1:      74840 bytes,      74840 total
- age   2:     161608 bytes,     236448 total
- age   3:     203864 bytes,     440312 total
 17435K->10946K(24716K), 0.0009386 secs]
24.251: [GC
Desired survivor size 557056 bytes, new threshold 3 (max 15)
- age   1:     430520 bytes,     430520 total
- age   2:      34744 bytes,     465264 total
- age   3:     161608 bytes,     626872 total
- age   4:     203864 bytes,     830736 total
 17374K->11327K(24716K), 0.0012464 secs]
24.257: [GC
Desired survivor size 557056 bytes, new threshold 2 (max 15)
- age   1:     442848 bytes,     442848 total
- age   2:     249192 bytes,     692040 total
- age   3:      34744 bytes,     726784 total
 17766K->11582K(24716K), 0.0013465 secs]
24.262: [GC
Desired survivor size 557056 bytes, new threshold 2 (max 15)
- age   1:     551064 bytes,     551064 total
- age   2:     240504 bytes,     791568 total
 18071K->11732K(24716K), 0.0017164 secs]
24.269: [GC
Desired survivor size 557056 bytes, new threshold 2 (max 15)
- age   1:     349472 bytes,     349472 total
- age   2:     239280 bytes,     588752 total
 18227K->11602K(24716K), 0.0009323 secs]
24.274: [GC
Desired survivor size 557056 bytes, new threshold 15 (max 15)
- age   1:     447136 bytes,     447136 total
- age   2:     105104 bytes,     552240 total
 18106K->11800K(24716K), 0.0017294 secs]
24.281: [GC
Desired survivor size 557056 bytes, new threshold 1 (max 15)
- age   1:     577800 bytes,     577800 total
- age   2:     371736 bytes,     949536 total
- age   3:     105064 bytes,    1054600 total
 18302K->12456K(24716K), 0.0015439 secs]
24.288: [GC
Desired survivor size 557056 bytes, new threshold 1 (max 15)
- age   1:     634816 bytes,     634816 total
 18981K->12681K(24716K), 0.0014902 secs]
24.295: [GC
Desired survivor size 557056 bytes, new threshold 15 (max 15)
- age   1:     218984 bytes,     218984 total
 19202K->12816K(24716K), 0.0012684 secs]
24.301: [GC
Desired survivor size 557056 bytes, new threshold 15 (max 15)
- age   1:     385912 bytes,     385912 total
- age   2:     133368 bytes,     519280 total
 19344K->13108K(24716K), 0.0008607 secs]
24.307: [GC
Desired survivor size 557056 bytes, new threshold 3 (max 15)
- age   1:     201016 bytes,     201016 total
- age   2:     339712 bytes,     540728 total
- age   3:     133368 bytes,     674096 total
 19626K->13259K(24716K), 0.0010641 secs]
24.314: [GC
Desired survivor size 557056 bytes, new threshold 1 (max 15)
- age   1:     623448 bytes,     623448 total
- age   2:      98728 bytes,     722176 total
- age   3:     339712 bytes,    1061888 total
 19787K->13767K(24716K), 0.0016375 secs]
24.320: [GC
Desired survivor size 557056 bytes, new threshold 15 (max 15)
- age   1:     167824 bytes,     167824 total
 20292K->13885K(24716K), 0.0018859 secs]
24.327: [GC
Desired survivor size 557056 bytes, new threshold 2 (max 15)
- age   1:     430288 bytes,     430288 total
- age   2:     156720 bytes,     587008 total
 20411K->14295K(24716K), 0.0009477 secs]
24.332: [GC
Desired survivor size 557056 bytes, new threshold 2 (max 15)
- age   1:     285384 bytes,     285384 total
- age   2:     344960 bytes,     630344 total
 20793K->14413K(24716K), 0.0013182 secs]
24.339: [GC
Desired survivor size 557056 bytes, new threshold 2 (max 15)
- age   1:     445824 bytes,     445824 total
- age   2:     243816 bytes,     689640 total
 20892K->14807K(24716K), 0.0013438 secs]
24.346: [GC
Desired survivor size 557056 bytes, new threshold 2 (max 15)
- age   1:     267976 bytes,     267976 total
- age   2:     401720 bytes,     669696 total
 21324K->14960K(24716K), 0.0010363 secs]
24.351: [GC
Desired survivor size 557056 bytes, new threshold 2 (max 15)
- age   1:     438080 bytes,     438080 total
- age   2:     201000 bytes,     639080 total
 21455K->15322K(24716K), 0.0018380 secs]
24.357: [GC
Desired survivor size 557056 bytes, new threshold 2 (max 15)
- age   1:     237824 bytes,     237824 total
- age   2:     395248 bytes,     633072 total
 21832K->15325K(24716K), 0.0010273 secs]
24.363: [GC
Desired survivor size 557056 bytes, new threshold 15 (max 15)
- age   1:     393360 bytes,     393360 total
- age   2:      90632 bytes,     483992 total
 21850K->15304K(24716K), 0.0009773 secs]
24.369: [GC
Desired survivor size 557056 bytes, new threshold 15 (max 15)
- age   1:     153624 bytes,     153624 total
- age   2:     294600 bytes,     448224 total
- age   3:      90632 bytes,     538856 total
 21792K->15357K(24716K), 0.0009129 secs]
24.374: [GC
Desired survivor size 557056 bytes, new threshold 15 (max 15)
- age   1:      85248 bytes,      85248 total
- age   2:      46856 bytes,     132104 total
- age   3:     241704 bytes,     373808 total
- age   4:      90632 bytes,     464440 total
 21882K->15285K(24716K), 0.0009241 secs]
24.381: [GC
Desired survivor size 557056 bytes, new threshold 4 (max 15)
- age   1:     426584 bytes,     426584 total
- age   2:      30840 bytes,     457424 total
- age   3:      46856 bytes,     504280 total
- age   4:     188872 bytes,     693152 total
- age   5:      90632 bytes,     783784 total
 21785K->15597K(24716K), 0.0011403 secs]
24.386: [GC
Desired survivor size 557056 bytes, new threshold 15 (max 15)
- age   1:     231032 bytes,     231032 total
- age   2:     202872 bytes,     433904 total
- age   3:      30840 bytes,     464744 total
- age   4:      46856 bytes,     511600 total
 22112K->15612K(24716K), 0.0011559 secs]
24.391: [GC
Desired survivor size 557056 bytes, new threshold 3 (max 15)
- age   1:     383344 bytes,     383344 total
- age   2:     114168 bytes,     497512 total
- age   3:     134888 bytes,     632400 total
- age   4:      30840 bytes,     663240 total
- age   5:      46856 bytes,     710096 total
 22122K->15806K(24716K), 0.0011044 secs]
24.397: [GC
Desired survivor size 557056 bytes, new threshold 1 (max 15)
- age   1:     700072 bytes,     700072 total
- age   3:     114168 bytes,     814240 total
 22276K->16115K(24716K), 0.0011917 secs]
24.404: [GC
Desired survivor size 557056 bytes, new threshold 15 (max 15)
- age   1:     282032 bytes,     282032 total
 22614K->16045K(24716K), 0.0012397 secs]
24.411: [GC
Desired survivor size 557056 bytes, new threshold 1 (max 15)
- age   1:     597960 bytes,     597960 total
- age   2:         32 bytes,     597992 total
 22562K->16353K(24716K), 0.0009009 secs]
24.416: [GC
Desired survivor size 557056 bytes, new threshold 1 (max 15)
- age   1:     727568 bytes,     727568 total
 22862K->16767K(24716K), 0.0013321 secs]
24.421: [GC
Desired survivor size 557056 bytes, new threshold 15 (max 15)
- age   1:     507696 bytes,     507696 total
 23291K->17100K(24716K), 0.0015837 secs]
24.428: [GC
Desired survivor size 557056 bytes, new threshold 1 (max 15)
- age   1:     662288 bytes,     662288 total
- age   2:     423688 bytes,    1085976 total
 23612K->18061K(24716K), 0.0018346 secs]
24.439: [GC
Desired survivor size 557056 bytes, new threshold 15 (max 15)
- age   1:     487232 bytes,     487232 total
 24589K->18292K(25484K), 0.0014493 secs]
24.441: [Full GC 18292K->8193K(25484K), 0.0710396 secs]
24.517: [GC
Desired survivor size 557056 bytes, new threshold 15 (max 15)
- age   1:      70648 bytes,      70648 total
 14721K->8265K(24716K), 0.0007213 secs]
24.524: [GC
Desired survivor size 557056 bytes, new threshold 15 (max 15)
- age   1:     261560 bytes,     261560 total
- age   2:       4768 bytes,     266328 total
 14793K->8455K(24716K), 0.0006689 secs]
24.528: [GC
Desired survivor size 557056 bytes, new threshold 15 (max 15)
- age   1:     276616 bytes,     276616 total
- age   2:     203272 bytes,     479888 total
- age   3:       4768 bytes,     484656 total
 14928K->8668K(24716K), 0.0009101 secs]
24.536: [GC
Desired survivor size 557056 bytes, new threshold 15 (max 15)
- age   1:     335688 bytes,     335688 total
- age   3:        640 bytes,     336328 total
- age   4:       4768 bytes,     341096 total
 15182K->8527K(24716K), 0.0007580 secs]
24.541: [GC
Desired survivor size 557056 bytes, new threshold 15 (max 15)
- age   1:      89840 bytes,      89840 total
- age   2:     252984 bytes,     342824 total
- age   4:        640 bytes,     343464 total
- age   5:       4768 bytes,     348232 total
 15055K->8537K(24716K), 0.0010924 secs]
24.547: [GC
Desired survivor size 557056 bytes, new threshold 15 (max 15)
- age   1:     349776 bytes,     349776 total
- age   2:       6832 bytes,     356608 total
- age   3:      73384 bytes,     429992 total
- age   5:        640 bytes,     430632 total
- age   6:       4768 bytes,     435400 total
 15057K->8627K(24716K), 0.0015585 secs]
24.553: [GC
Desired survivor size 557056 bytes, new threshold 15 (max 15)
- age   1:     147256 bytes,     147256 total
- age   2:      85496 bytes,     232752 total
- age   3:       6832 bytes,     239584 total
- age   4:      73384 bytes,     312968 total
- age   6:        640 bytes,     313608 total
- age   7:       4768 bytes,     318376 total
 15097K->8513K(24716K), 0.0012427 secs]
24.559: [GC
Desired survivor size 557056 bytes, new threshold 5 (max 15)
- age   1:     382840 bytes,     382840 total
- age   2:      62104 bytes,     444944 total
- age   3:      85616 bytes,     530560 total
- age   4:       6832 bytes,     537392 total
- age   5:      73384 bytes,     610776 total
- age   7:        640 bytes,     611416 total
- age   8:       4768 bytes,     616184 total
 15023K->8809K(24716K), 0.0010763 secs]
24.565: [GC
Desired survivor size 557056 bytes, new threshold 15 (max 15)
- age   1:     233048 bytes,     233048 total
- age   2:     210184 bytes,     443232 total
- age   4:      74856 bytes,     518088 total
- age   5:       6832 bytes,     524920 total
 15318K->8815K(24716K), 0.0009650 secs]
24.574: [GC
Desired survivor size 557056 bytes, new threshold 3 (max 15)
- age   1:     380600 bytes,     380600 total
- age   2:      16744 bytes,     397344 total
- age   3:     210144 bytes,     607488 total
- age   5:      74816 bytes,     682304 total
- age   6:       4320 bytes,     686624 total
 15343K->8959K(24716K), 0.0008679 secs]
24.579: [GC
Desired survivor size 557056 bytes, new threshold 15 (max 15)
- age   1:     103360 bytes,     103360 total
- age   2:     371648 bytes,     475008 total
- age   3:      16744 bytes,     491752 total
 15477K->9046K(24716K), 0.0012661 secs]
24.587: [GC
Desired survivor size 557056 bytes, new threshold 1 (max 15)
- age   1:     611216 bytes,     611216 total
- age   2:      92048 bytes,     703264 total
- age   3:     371648 bytes,    1074912 total
- age   4:      16744 bytes,    1091656 total
 15558K->9736K(24716K), 0.0016976 secs]
24.593: [GC
Desired survivor size 557056 bytes, new threshold 15 (max 15)
- age   1:     211400 bytes,     211400 total
 16225K->9758K(24716K), 0.0015195 secs]
24.600: [GC
Desired survivor size 557056 bytes, new threshold 15 (max 15)
- age   1:     205048 bytes,     205048 total
- age   2:      68672 bytes,     273720 total
 16154K->9803K(24716K), 0.0007109 secs]
24.606: [GC
Desired survivor size 557056 bytes, new threshold 15 (max 15)
- age   1:     326816 bytes,     326816 total
- age   2:     132008 bytes,     458824 total
- age   3:      68672 bytes,     527496 total
 16326K->10049K(24716K), 0.0010948 secs]
24.613: [GC
Desired survivor size 557056 bytes, new threshold 3 (max 15)
- age   1:     275960 bytes,     275960 total
- age   2:     249720 bytes,     525680 total
- age   3:     132008 bytes,     657688 total
- age   4:      68672 bytes,     726360 total
 16441K->10242K(24716K), 0.0011716 secs]
24.619: [GC
Desired survivor size 557056 bytes, new threshold 2 (max 15)
- age   1:     419480 bytes,     419480 total
- age   2:     196992 bytes,     616472 total
- age   3:     249720 bytes,     866192 total
 16741K->10582K(24716K), 0.0015305 secs]
24.625: [GC
Desired survivor size 557056 bytes, new threshold 2 (max 15)
- age   1:     233640 bytes,     233640 total
- age   2:     339096 bytes,     572736 total
 17051K->10664K(24716K), 0.0014463 secs]
24.631: [GC
Desired survivor size 557056 bytes, new threshold 15 (max 15)
- age   1:     207680 bytes,     207680 total
- age   2:     167264 bytes,     374944 total
 17156K->10801K(24716K), 0.0012661 secs]
24.638: [GC
Desired survivor size 557056 bytes, new threshold 15 (max 15)
- age   1:     426568 bytes,     426568 total
- age   2:      72608 bytes,     499176 total
- age   3:       2592 bytes,     501768 total
 17320K->10926K(24716K), 0.0009692 secs]
24.643: [GC
Desired survivor size 557056 bytes, new threshold 2 (max 15)
- age   1:     158496 bytes,     158496 total
- age   2:     414440 bytes,     572936 total
- age   3:       3560 bytes,     576496 total
- age   4:       2592 bytes,     579088 total
 17431K->10999K(24716K), 0.0011405 secs]
24.649: [GC
Desired survivor size 557056 bytes, new threshold 15 (max 15)
- age   1:      82184 bytes,      82184 total
- age   2:     140104 bytes,     222288 total
 17491K->11079K(24716K), 0.0010309 secs]
24.654: [GC
Desired survivor size 557056 bytes, new threshold 15 (max 15)
- age   1:     125712 bytes,     125712 total
- age   2:      57480 bytes,     183192 total
- age   3:     140104 bytes,     323296 total
 17606K->11169K(24716K), 0.0012955 secs]
24.661: [GC
Desired survivor size 557056 bytes, new threshold 4 (max 15)
- age   1:     338504 bytes,     338504 total
- age   2:      68392 bytes,     406896 total
- age   3:      57480 bytes,     464376 total
- age   4:     140104 bytes,     604480 total
 17691K->11444K(24716K), 0.0015961 secs]
24.666: [GC
Desired survivor size 557056 bytes, new threshold 15 (max 15)
- age   1:     189720 bytes,     189720 total
- age   2:     307000 bytes,     496720 total
- age   4:      15208 bytes,     511928 total
 17969K->11490K(24716K), 0.0010990 secs]
24.672: [GC
Desired survivor size 557056 bytes, new threshold 3 (max 15)
- age   1:     213816 bytes,     213816 total
- age   2:     155264 bytes,     369080 total
- age   3:     307000 bytes,     676080 total
- age   5:      14688 bytes,     690768 total
 17993K->11664K(24716K), 0.0012853 secs]
24.678: [GC
Desired survivor size 557056 bytes, new threshold 2 (max 15)
- age   1:     432560 bytes,     432560 total
- age   2:     174248 bytes,     606808 total
- age   3:     155264 bytes,     762072 total
 18172K->11925K(24716K), 0.0014078 secs]
24.685: [GC
Desired survivor size 557056 bytes, new threshold 15 (max 15)
- age   1:     234144 bytes,     234144 total
- age   2:     237600 bytes,     471744 total
 18423K->11969K(24716K), 0.0012229 secs]
24.691: [GC
Desired survivor size 557056 bytes, new threshold 15 (max 15)
- age   1:     237328 bytes,     237328 total
- age   2:     147896 bytes,     385224 total
- age   3:      47696 bytes,     432920 total
 18468K->11931K(24716K), 0.0010015 secs]
24.696: [GC
Desired survivor size 557056 bytes, new threshold 15 (max 15)
- age   1:     175400 bytes,     175400 total
- age   2:      89584 bytes,     264984 total
- age   3:      43160 bytes,     308144 total
- age   4:      47696 bytes,     355840 total
 18450K->11856K(24716K), 0.0009042 secs]
24.702: [GC
Desired survivor size 557056 bytes, new threshold 4 (max 15)
- age   1:     377008 bytes,     377008 total
- age   2:      66936 bytes,     443944 total
- age   3:      89112 bytes,     533056 total
- age   4:      43160 bytes,     576216 total
- age   5:      47696 bytes,     623912 total
 18367K->12120K(24716K), 0.0009986 secs]
24.708: [GC
Desired survivor size 557056 bytes, new threshold 2 (max 15)
- age   1:     201848 bytes,     201848 total
- age   2:     356096 bytes,     557944 total
- age   3:      66904 bytes,     624848 total
- age   4:      47656 bytes,     672504 total
 18648K->12260K(24716K), 0.0011564 secs]
24.713: [GC
Desired survivor size 557056 bytes, new threshold 15 (max 15)
- age   1:      90840 bytes,      90840 total
- age   2:     200144 bytes,     290984 total
 18781K->12278K(24716K), 0.0019341 secs]
24.720: [GC
Desired survivor size 557056 bytes, new threshold 1 (max 15)
- age   1:     769104 bytes,     769104 total
- age   2:      90840 bytes,     859944 total
- age   3:     115280 bytes,     975224 total
 18803K->12946K(24716K), 0.0011745 secs]
24.726: [GC
Desired survivor size 557056 bytes, new threshold 15 (max 15)
- age   1:     228776 bytes,     228776 total
 19472K->13112K(24716K), 0.0018010 secs]
24.732: [GC
Desired survivor size 557056 bytes, new threshold 15 (max 15)
- age   1:     321048 bytes,     321048 total
- age   2:     202360 bytes,     523408 total
 19638K->13400K(24716K), 0.0009896 secs]
24.738: [GC
Desired survivor size 557056 bytes, new threshold 15 (max 15)
- age   1:     186584 bytes,     186584 total
- age   2:     178320 bytes,     364904 total
- age   3:      93592 bytes,     458496 total
 19928K->13337K(24716K), 0.0011977 secs]
24.744: [GC
Desired survivor size 557056 bytes, new threshold 15 (max 15)
- age   1:     150416 bytes,     150416 total
- age   2:     113544 bytes,     263960 total
- age   3:     178320 bytes,     442280 total
- age   4:      93592 bytes,     535872 total
 19851K->13412K(24716K), 0.0011225 secs]
24.749: [GC
Desired survivor size 557056 bytes, new threshold 2 (max 15)
- age   1:     493288 bytes,     493288 total
- age   2:      72976 bytes,     566264 total
- age   3:     113544 bytes,     679808 total
- age   4:     178320 bytes,     858128 total
- age   5:      93592 bytes,     951720 total
 19928K->13818K(24716K), 0.0015818 secs]
24.755: [GC
Desired survivor size 557056 bytes, new threshold 2 (max 15)
- age   1:     380880 bytes,     380880 total
- age   2:     256928 bytes,     637808 total
 20324K->13934K(24716K), 0.0019137 secs]
24.762: [GC
Desired survivor size 557056 bytes, new threshold 15 (max 15)
- age   1:      82760 bytes,      82760 total
- age   2:     127976 bytes,     210736 total
 20430K->13681K(24716K), 0.0017122 secs]
24.769: [GC
Desired survivor size 557056 bytes, new threshold 15 (max 15)
- age   1:     144896 bytes,     144896 total
- age   2:        952 bytes,     145848 total
- age   3:      47256 bytes,     193104 total
 20205K->13666K(24716K), 0.0007848 secs]
24.774: [GC
Desired survivor size 557056 bytes, new threshold 15 (max 15)
- age   1:     243912 bytes,     243912 total
- age   2:      83120 bytes,     327032 total
- age   3:        120 bytes,     327152 total
- age   4:      47256 bytes,     374408 total
 20190K->13843K(24716K), 0.0009214 secs]
24.781: [GC
Desired survivor size 557056 bytes, new threshold 2 (max 15)
- age   1:     518032 bytes,     518032 total
- age   2:     140648 bytes,     658680 total
- age   3:      83120 bytes,     741800 total
- age   4:        120 bytes,     741920 total
- age   5:      47256 bytes,     789176 total
 20348K->14247K(24716K), 0.0012054 secs]
24.786: [GC
Desired survivor size 557056 bytes, new threshold 15 (max 15)
- age   1:     258360 bytes,     258360 total
- age   2:     273200 bytes,     531560 total
 20758K->14274K(24716K), 0.0011317 secs]
24.792: [GC
Desired survivor size 557056 bytes, new threshold 3 (max 15)
- age   1:     313456 bytes,     313456 total
- age   2:     121264 bytes,     434720 total
- age   3:     134616 bytes,     569336 total
 20799K->14311K(24716K), 0.0009987 secs]
24.798: [GC
Desired survivor size 557056 bytes, new threshold 15 (max 15)
- age   1:     128160 bytes,     128160 total
- age   2:      71576 bytes,     199736 total
- age   3:     121264 bytes,     321000 total
 20839K->14199K(24716K), 0.0008676 secs]
24.803: [GC
Desired survivor size 557056 bytes, new threshold 15 (max 15)
- age   1:     179448 bytes,     179448 total
- age   2:     115792 bytes,     295240 total
- age   3:       2600 bytes,     297840 total
- age   4:     121264 bytes,     419104 total
 20724K->14297K(24716K), 0.0009224 secs]
24.808: [GC
Desired survivor size 557056 bytes, new threshold 5 (max 15)
- age   1:     221472 bytes,     221472 total
- age   2:     142704 bytes,     364176 total
- age   3:     115872 bytes,     480048 total
- age   4:       2680 bytes,     482728 total
- age   5:     121264 bytes,     603992 total
 20803K->14476K(24716K), 0.0014100 secs]
24.815: [GC
Desired survivor size 557056 bytes, new threshold 2 (max 15)
- age   1:     520424 bytes,     520424 total
- age   2:     119208 bytes,     639632 total
- age   3:     142704 bytes,     782336 total
- age   4:     115792 bytes,     898128 total
- age   5:       2600 bytes,     900728 total
 20972K->14882K(24716K), 0.0017791 secs]
24.825: [GC
Desired survivor size 557056 bytes, new threshold 2 (max 15)
- age   1:      87104 bytes,      87104 total
- age   2:     501560 bytes,     588664 total
 21404K->14954K(24716K), 0.0017240 secs]
24.833: [GC
Desired survivor size 557056 bytes, new threshold 15 (max 15)
- age   1:     306184 bytes,     306184 total
- age   2:      53840 bytes,     360024 total
 21482K->15063K(24716K), 0.0010258 secs]
24.838: [GC
Desired survivor size 557056 bytes, new threshold 15 (max 15)
- age   1:     223632 bytes,     223632 total
- age   2:     269368 bytes,     493000 total
- age   3:      53840 bytes,     546840 total
 21582K->15243K(24716K), 0.0013000 secs]
24.844: [GC
Desired survivor size 557056 bytes, new threshold 3 (max 15)
- age   1:     491728 bytes,     491728 total
- age   3:     269368 bytes,     761096 total
- age   4:      53840 bytes,     814936 total
 21750K->15507K(24716K), 0.0011473 secs]
24.851: [GC
Desired survivor size 557056 bytes, new threshold 2 (max 15)
- age   1:     199616 bytes,     199616 total
- age   2:     408640 bytes,     608256 total
 22020K->15577K(24716K), 0.0012661 secs]
24.858: [GC
Desired survivor size 557056 bytes, new threshold 15 (max 15)
- age   1:      61760 bytes,      61760 total
- age   2:     108496 bytes,     170256 total
 22104K->15546K(24716K), 0.0011273 secs]
24.866: [GC
Desired survivor size 557056 bytes, new threshold 15 (max 15)
- age   1:     306632 bytes,     306632 total
- age   2:      10728 bytes,     317360 total
- age   3:       2440 bytes,     319800 total
 22039K->15692K(24716K), 0.0007762 secs]
24.871: [GC
Desired survivor size 557056 bytes, new threshold 15 (max 15)
- age   1:     349008 bytes,     349008 total
- age   2:     145752 bytes,     494760 total
- age   3:      10608 bytes,     505368 total
- age   4:       2440 bytes,     507808 total
 22192K->15875K(24716K), 0.0013371 secs]
24.878: [GC
Desired survivor size 557056 bytes, new threshold 1 (max 15)
- age   1:     858040 bytes,     858040 total
- age   2:      68760 bytes,     926800 total
- age   3:     145752 bytes,    1072552 total
- age   4:      10608 bytes,    1083160 total
- age   5:       2440 bytes,    1085600 total
 22399K->16637K(24716K), 0.0019106 secs]
24.884: [GC
Desired survivor size 557056 bytes, new threshold 15 (max 15)
- age   1:     226592 bytes,     226592 total
 23162K->16541K(24716K), 0.0015400 secs]
24.889: [GC
Desired survivor size 557056 bytes, new threshold 15 (max 15)
- age   1:     124488 bytes,     124488 total
- age   2:     162448 bytes,     286936 total
 23067K->16591K(24716K), 0.0011912 secs]
24.894: [GC
Desired survivor size 557056 bytes, new threshold 2 (max 15)
- age   1:     530008 bytes,     530008 total
- age   2:      65896 bytes,     595904 total
- age   3:     162448 bytes,     758352 total
 23067K->17051K(24716K), 0.0013147 secs]
24.900: [GC
Desired survivor size 557056 bytes, new threshold 2 (max 15)
- age   1:     285496 bytes,     285496 total
- age   2:     454704 bytes,     740200 total
 23567K->17264K(24716K), 0.0019513 secs]
24.906: [GC
Desired survivor size 557056 bytes, new threshold 15 (max 15)
- age   1:     144400 bytes,     144400 total
- age   2:     205544 bytes,     349944 total
 23771K->17327K(24716K), 0.0016336 secs]
24.911: [GC
Desired survivor size 557056 bytes, new threshold 3 (max 15)
- age   1:     298672 bytes,     298672 total
- age   2:     118664 bytes,     417336 total
- age   3:     205544 bytes,     622880 total
 23845K->17594K(24716K), 0.0010733 secs]
24.917: [GC
Desired survivor size 557056 bytes, new threshold 2 (max 15)
- age   1:     483616 bytes,     483616 total
- age   2:     238496 bytes,     722112 total
- age   3:     118664 bytes,     840776 total
 24108K->18005K(24908K), 0.0016215 secs]
24.919: [Full GC 18005K->8190K(24908K), 0.0716818 secs]
24.996: [GC
Desired survivor size 557056 bytes, new threshold 15 (max 15)
- age   1:     493616 bytes,     493616 total
 14717K->8676K(24716K), 0.0007690 secs]
25.001: [GC
Desired survivor size 557056 bytes, new threshold 15 (max 15)
- age   1:     185432 bytes,     185432 total
- age   2:     245104 bytes,     430536 total
 15173K->8614K(24716K), 0.0009617 secs]
25.006: [GC
Desired survivor size 557056 bytes, new threshold 2 (max 15)
- age   1:     536032 bytes,     536032 total
- age   2:     115440 bytes,     651472 total
- age   3:     245104 bytes,     896576 total
 15102K->9069K(24716K), 0.0011918 secs]
25.013: [GC
Desired survivor size 557056 bytes, new threshold 1 (max 15)
- age   1:     660656 bytes,     660656 total
- age   2:     257488 bytes,     918144 total
 15570K->9458K(24716K), 0.0014768 secs]
25.020: [GC
Desired survivor size 557056 bytes, new threshold 15 (max 15)
- age   1:     164504 bytes,     164504 total
 15974K->9492K(24716K), 0.0012239 secs]
25.026: [GC
Desired survivor size 557056 bytes, new threshold 15 (max 15)
- age   1:      49104 bytes,      49104 total
- age   2:      61568 bytes,     110672 total
 15987K->9439K(24716K), 0.0006229 secs]
25.031: [GC
Desired survivor size 557056 bytes, new threshold 15 (max 15)
- age   1:     181032 bytes,     181032 total
- age   2:      28000 bytes,     209032 total
- age   3:      61568 bytes,     270600 total
 15956K->9595K(24716K), 0.0010042 secs]
25.036: [GC
Desired survivor size 557056 bytes, new threshold 15 (max 15)
- age   1:     258040 bytes,     258040 total
- age   2:     155720 bytes,     413760 total
- age   3:      28000 bytes,     441760 total
- age   4:      61568 bytes,     503328 total
 16122K->9823K(24716K), 0.0009800 secs]
25.041: [GC
Desired survivor size 557056 bytes, new threshold 2 (max 15)
- age   1:     493184 bytes,     493184 total
- age   2:     180600 bytes,     673784 total
- age   3:     155720 bytes,     829504 total
- age   4:      28000 bytes,     857504 total
- age   5:      61568 bytes,     919072 total
 16308K->10228K(24716K), 0.0012782 secs]
25.047: [GC
Desired survivor size 557056 bytes, new threshold 15 (max 15)
- age   1:     252800 bytes,     252800 total
- age   2:      83704 bytes,     336504 total
 16748K->10075K(24716K), 0.0019269 secs]
25.053: [GC
Desired survivor size 557056 bytes, new threshold 15 (max 15)
- age   1:     204552 bytes,     204552 total
- age   2:     173968 bytes,     378520 total
- age   3:      83704 bytes,     462224 total
 16590K->10198K(24716K), 0.0009268 secs]
25.058: [GC
Desired survivor size 557056 bytes, new threshold 3 (max 15)
- age   1:     319880 bytes,     319880 total
- age   2:     124280 bytes,     444160 total
- age   3:     173968 bytes,     618128 total
- age   4:      83704 bytes,     701832 total
 16706K->10432K(24716K), 0.0011608 secs]
25.063: [GC
Desired survivor size 557056 bytes, new threshold 15 (max 15)
- age   1:     169432 bytes,     169432 total
- age   2:     157568 bytes,     327000 total
- age   3:     124280 bytes,     451280 total
 16931K->10439K(24716K), 0.0014879 secs]
25.069: [GC
Desired survivor size 557056 bytes, new threshold 2 (max 15)
- age   1:     485968 bytes,     485968 total
- age   2:     138296 bytes,     624264 total
- age   3:     157568 bytes,     781832 total
- age   4:     124280 bytes,     906112 total
 16952K->10883K(24716K), 0.0012511 secs]
25.074: [GC
Desired survivor size 557056 bytes, new threshold 15 (max 15)
- age   1:     155904 bytes,     155904 total
- age   2:     374224 bytes,     530128 total
 17402K->10926K(24716K), 0.0014337 secs]
25.080: [GC
Desired survivor size 557056 bytes, new threshold 3 (max 15)
- age   1:     347784 bytes,     347784 total
- age   3:     374224 bytes,     722008 total
 17432K->11112K(24716K), 0.0014430 secs]
25.085: [GC
Desired survivor size 557056 bytes, new threshold 2 (max 15)
- age   1:     399616 bytes,     399616 total
- age   2:     222080 bytes,     621696 total
 17590K->11387K(24716K), 0.0014824 secs]
25.091: [GC
Desired survivor size 557056 bytes, new threshold 15 (max 15)
- age   1:     168744 bytes,     168744 total
- age   2:     320760 bytes,     489504 total
 17913K->11485K(24716K), 0.0011355 secs]
25.096: [GC
Desired survivor size 557056 bytes, new threshold 3 (max 15)
- age   1:     302776 bytes,     302776 total
- age   2:      78416 bytes,     381192 total
- age   3:     320760 bytes,     701952 total
 17985K->11692K(24716K), 0.0013929 secs]
25.103: [GC
Desired survivor size 557056 bytes, new threshold 2 (max 15)
- age   1:     469232 bytes,     469232 total
- age   2:     152800 bytes,     622032 total
- age   3:      78416 bytes,     700448 total
 18203K->12004K(24716K), 0.0020849 secs]
25.109: [GC
Desired survivor size 557056 bytes, new threshold 1 (max 15)
- age   1:     565472 bytes,     565472 total
- age   2:     263728 bytes,     829200 total
 18511K->12355K(24716K), 0.0020678 secs]
25.115: [GC
Desired survivor size 557056 bytes, new threshold 15 (max 15)
- age   1:     400712 bytes,     400712 total
 18851K->12373K(24716K), 0.0011384 secs]
25.121: [GC
Desired survivor size 557056 bytes, new threshold 15 (max 15)
- age   1:     256424 bytes,     256424 total
- age   2:     146032 bytes,     402456 total
 18867K->12375K(24716K), 0.0012091 secs]
25.126: [GC
Desired survivor size 557056 bytes, new threshold 3 (max 15)
- age   1:     375752 bytes,     375752 total
- age   2:     122824 bytes,     498576 total
- age   3:     146032 bytes,     644608 total
 18892K->12611K(24716K), 0.0011247 secs]
25.133: [GC
Desired survivor size 557056 bytes, new threshold 2 (max 15)
- age   1:     391232 bytes,     391232 total
- age   2:     219848 bytes,     611080 total
- age   3:     122824 bytes,     733904 total
 19129K->12756K(24716K), 0.0022921 secs]
25.141: [GC
Desired survivor size 557056 bytes, new threshold 15 (max 15)
- age   1:      56640 bytes,      56640 total
- age   2:     234160 bytes,     290800 total
 19283K->12657K(24716K), 0.0009714 secs]
25.149: [GC
Desired survivor size 557056 bytes, new threshold 15 (max 15)
- age   1:     188712 bytes,     188712 total
- age   2:      33336 bytes,     222048 total
- age   3:      76968 bytes,     299016 total
 19163K->12664K(24716K), 0.0007316 secs]
25.153: [GC
Desired survivor size 557056 bytes, new threshold 15 (max 15)
- age   1:     192328 bytes,     192328 total
- age   2:       3640 bytes,     195968 total
- age   3:      33336 bytes,     229304 total
- age   4:      76968 bytes,     306272 total
 19145K->12672K(24716K), 0.0013623 secs]
25.159: [GC
Desired survivor size 557056 bytes, new threshold 15 (max 15)
- age   1:     276856 bytes,     276856 total
- age   2:     161600 bytes,     438456 total
- age   3:       2560 bytes,     441016 total
- age   4:      33336 bytes,     474352 total
- age   5:      76968 bytes,     551320 total
 19088K->12912K(24716K), 0.0011178 secs]
25.165: [GC
Desired survivor size 557056 bytes, new threshold 6 (max 15)
- age   1:     204416 bytes,     204416 total
- age   2:     139504 bytes,     343920 total
- age   3:     161600 bytes,     505520 total
- age   4:       2448 bytes,     507968 total
- age   5:      33336 bytes,     541304 total
- age   6:      76968 bytes,     618272 total
 19417K->12976K(24716K), 0.0011175 secs]
25.171: [GC
Desired survivor size 557056 bytes, new threshold 15 (max 15)
- age   1:     213816 bytes,     213816 total
- age   2:      38864 bytes,     252680 total
- age   3:     139504 bytes,     392184 total
- age   4:     161600 bytes,     553784 total
- age   5:       2448 bytes,     556232 total
 19496K->12998K(24716K), 0.0009206 secs]
25.176: [GC
Desired survivor size 557056 bytes, new threshold 5 (max 15)
- age   1:     103800 bytes,     103800 total
- age   2:     180056 bytes,     283856 total
- age   3:      38864 bytes,     322720 total
- age   4:     139504 bytes,     462224 total
- age   5:     161600 bytes,     623824 total
- age   6:       2448 bytes,     626272 total
 19522K->13063K(24716K), 0.0012181 secs]
25.182: [GC
Desired survivor size 557056 bytes, new threshold 5 (max 15)
- age   1:     242496 bytes,     242496 total
- age   2:      38760 bytes,     281256 total
- age   3:     135768 bytes,     417024 total
- age   4:      38864 bytes,     455888 total
- age   5:     139504 bytes,     595392 total
 19578K->13194K(24716K), 0.0010648 secs]
25.187: [GC
Desired survivor size 557056 bytes, new threshold 15 (max 15)
- age   1:     216144 bytes,     216144 total
- age   3:      38760 bytes,     254904 total
- age   4:     135768 bytes,     390672 total
- age   5:      38864 bytes,     429536 total
 19697K->13175K(24716K), 0.0015834 secs]
25.193: [GC
Desired survivor size 557056 bytes, new threshold 2 (max 15)
- age   1:     555256 bytes,     555256 total
- age   2:     190816 bytes,     746072 total
- age   4:      38760 bytes,     784832 total
- age   5:     135768 bytes,     920600 total
- age   6:      38864 bytes,     959464 total
 19702K->13693K(24716K), 0.0014747 secs]
25.199: [GC
Desired survivor size 557056 bytes, new threshold 2 (max 15)
- age   1:     145776 bytes,     145776 total
- age   2:     515056 bytes,     660832 total
 20184K->13801K(24716K), 0.0013006 secs]
25.205: [GC
Desired survivor size 557056 bytes, new threshold 15 (max 15)
- age   1:     121976 bytes,     121976 total
- age   2:     104112 bytes,     226088 total
 20285K->13657K(24716K), 0.0009516 secs]
25.210: [GC
Desired survivor size 557056 bytes, new threshold 15 (max 15)
- age   1:     298592 bytes,     298592 total
- age   2:      77872 bytes,     376464 total
- age   3:     104112 bytes,     480576 total
 20177K->13905K(24716K), 0.0010458 secs]
25.214: [GC
Desired survivor size 557056 bytes, new threshold 4 (max 15)
- age   1:     175256 bytes,     175256 total
- age   2:     251760 bytes,     427016 total
- age   3:      77872 bytes,     504888 total
- age   4:     104112 bytes,     609000 total
 20396K->14031K(24716K), 0.0013812 secs]
25.220: [GC
Desired survivor size 557056 bytes, new threshold 3 (max 15)
- age   1:     198936 bytes,     198936 total
- age   2:     132408 bytes,     331344 total
- age   3:     251760 bytes,     583104 total
- age   4:      77872 bytes,     660976 total
 20480K->14183K(24716K), 0.0020653 secs]
25.226: [GC
Desired survivor size 557056 bytes, new threshold 15 (max 15)
- age   1:     128304 bytes,     128304 total
- age   2:      75272 bytes,     203576 total
- age   3:     132408 bytes,     335984 total
 20677K->14185K(24716K), 0.0015876 secs]
25.231: [GC
Desired survivor size 557056 bytes, new threshold 1 (max 15)
- age   1:     644424 bytes,     644424 total
- age   2:      78816 bytes,     723240 total
- age   3:      75272 bytes,     798512 total
- age   4:     132408 bytes,     930920 total
 20649K->14768K(24716K), 0.0014329 secs]
25.237: [GC
Desired survivor size 557056 bytes, new threshold 15 (max 15)
- age   1:     242440 bytes,     242440 total
 21288K->14771K(24716K), 0.0015489 secs]
25.243: [GC
Desired survivor size 557056 bytes, new threshold 2 (max 15)
- age   1:     423712 bytes,     423712 total
- age   2:     134416 bytes,     558128 total
 21286K->15079K(24716K), 0.0010909 secs]
25.248: [GC
Desired survivor size 557056 bytes, new threshold 2 (max 15)
- age   1:     348264 bytes,     348264 total
- age   2:     302392 bytes,     650656 total
 21594K->15299K(24716K), 0.0015442 secs]
25.254: [GC
Desired survivor size 557056 bytes, new threshold 15 (max 15)
- age   1:     255456 bytes,     255456 total
- age   2:     262920 bytes,     518376 total
 21747K->15388K(24716K), 0.0010664 secs]
25.259: [GC
Desired survivor size 557056 bytes, new threshold 3 (max 15)
- age   1:     356264 bytes,     356264 total
- age   2:     172800 bytes,     529064 total
- age   3:     262920 bytes,     791984 total
 21895K->15655K(24716K), 0.0014238 secs]
25.264: [GC
Desired survivor size 557056 bytes, new threshold 15 (max 15)
- age   1:     224448 bytes,     224448 total
- age   2:      67184 bytes,     291632 total
- age   3:     172800 bytes,     464432 total
 22118K->15592K(24716K), 0.0012380 secs]
25.269: [GC
Desired survivor size 557056 bytes, new threshold 4 (max 15)
- age   1:     337792 bytes,     337792 total
- age   2:     139744 bytes,     477536 total
- age   3:      67184 bytes,     544720 total
- age   4:     172800 bytes,     717520 total
 22119K->15839K(24716K), 0.0016561 secs]
25.275: [GC
Desired survivor size 557056 bytes, new threshold 3 (max 15)
- age   1:     322728 bytes,     322728 total
- age   2:     169128 bytes,     491856 total
- age   3:     139744 bytes,     631600 total
- age   4:      67184 bytes,     698784 total
 22290K->15997K(24716K), 0.0017356 secs]
25.281: [GC
Desired survivor size 557056 bytes, new threshold 2 (max 15)
- age   1:     326960 bytes,     326960 total
- age   2:     237720 bytes,     564680 total
- age   3:     169128 bytes,     733808 total
 22500K->16233K(24716K), 0.0023625 secs]
25.288: [GC
Desired survivor size 557056 bytes, new threshold 2 (max 15)
- age   1:     521904 bytes,     521904 total
- age   2:     274128 bytes,     796032 total
 22742K->16691K(24716K), 0.0015610 secs]
25.294: [GC
Desired survivor size 557056 bytes, new threshold 2 (max 15)
- age   1:     199760 bytes,     199760 total
- age   2:     363888 bytes,     563648 total
 23185K->16732K(24716K), 0.0012828 secs]
25.300: [GC
Desired survivor size 557056 bytes, new threshold 1 (max 15)
- age   1:     614440 bytes,     614440 total
- age   2:     157424 bytes,     771864 total
 23234K->17266K(24716K), 0.0013135 secs]
25.307: [GC
Desired survivor size 557056 bytes, new threshold 15 (max 15)
- age   1:     262584 bytes,     262584 total
 23784K->17483K(24908K), 0.0013740 secs]
25.309: [Full GC 17483K->9139K(24908K), 0.0724514 secs]
25.386: [GC
Desired survivor size 557056 bytes, new threshold 15 (max 15)
- age   1:     273320 bytes,     273320 total
 15632K->9408K(24716K), 0.0007521 secs]
25.392: [GC
Desired survivor size 557056 bytes, new threshold 2 (max 15)
- age   1:     504696 bytes,     504696 total
- age   2:     119056 bytes,     623752 total
 15915K->9752K(24716K), 0.0011648 secs]
25.400: [GC
Desired survivor size 557056 bytes, new threshold 2 (max 15)
- age   1:     247248 bytes,     247248 total
- age   2:     418224 bytes,     665472 total
 16268K->9917K(24716K), 0.0018611 secs]
25.408: [GC
Desired survivor size 557056 bytes, new threshold 15 (max 15)
- age   1:     247032 bytes,     247032 total
- age   2:     128024 bytes,     375056 total
 16429K->10048K(24716K), 0.0012247 secs]
25.414: [GC
Desired survivor size 557056 bytes, new threshold 15 (max 15)
- age   1:     275432 bytes,     275432 total
- age   2:     172400 bytes,     447832 total
- age   3:      83080 bytes,     530912 total
 16576K->10202K(24716K), 0.0009460 secs]
25.419: [GC
Desired survivor size 557056 bytes, new threshold 2 (max 15)
- age   1:     455136 bytes,     455136 total
- age   2:     150624 bytes,     605760 total
- age   3:     172400 bytes,     778160 total
- age   4:      83080 bytes,     861240 total
 16687K->10525K(24716K), 0.0012492 secs]
25.427: [GC
Desired survivor size 557056 bytes, new threshold 15 (max 15)
- age   1:     170792 bytes,     170792 total
- age   2:     295368 bytes,     466160 total
 17049K->10530K(24716K), 0.0010418 secs]
25.433: [GC
Desired survivor size 557056 bytes, new threshold 15 (max 15)
- age   1:     276784 bytes,     276784 total
- age   2:       5584 bytes,     282368 total
- age   3:     132040 bytes,     414408 total
 17029K->10477K(24716K), 0.0009506 secs]
25.438: [GC
Desired survivor size 557056 bytes, new threshold 15 (max 15)
- age   1:     101424 bytes,     101424 total
- age   2:     161712 bytes,     263136 total
- age   3:       5584 bytes,     268720 total
- age   4:     132040 bytes,     400760 total
 16999K->10467K(24716K), 0.0010618 secs]
25.443: [GC
Desired survivor size 557056 bytes, new threshold 5 (max 15)
- age   1:     466680 bytes,     466680 total
- age   2:      17152 bytes,     483832 total
- age   4:       5584 bytes,     489416 total
- age   5:     132040 bytes,     621456 total
 16957K->10680K(24716K), 0.0009649 secs]
25.451: [GC
Desired survivor size 557056 bytes, new threshold 15 (max 15)
- age   1:     336664 bytes,     336664 total
- age   2:     136864 bytes,     473528 total
- age   3:      17152 bytes,     490680 total
- age   5:       5584 bytes,     496264 total
 17150K->10697K(24716K), 0.0008776 secs]
25.456: [GC
Desired survivor size 557056 bytes, new threshold 1 (max 15)
- age   1:     569088 bytes,     569088 total
- age   2:         32 bytes,     569120 total
- age   3:     136864 bytes,     705984 total
- age   4:      17152 bytes,     723136 total
- age   6:       5584 bytes,     728720 total
 17177K->10921K(24716K), 0.0009311 secs]
25.462: [GC
Desired survivor size 557056 bytes, new threshold 15 (max 15)
- age   1:     466256 bytes,     466256 total
 17430K->11145K(24716K), 0.0016237 secs]
25.471: [GC
Desired survivor size 557056 bytes, new threshold 2 (max 15)
- age   1:     341952 bytes,     341952 total
- age   2:     248376 bytes,     590328 total
 17673K->11266K(24716K), 0.0009543 secs]
25.477: [GC
Desired survivor size 557056 bytes, new threshold 15 (max 15)
- age   1:     296984 bytes,     296984 total
- age   2:     257280 bytes,     554264 total
 17746K->11391K(24716K), 0.0010928 secs]
25.482: [GC
Desired survivor size 557056 bytes, new threshold 1 (max 15)
- age   1:     760536 bytes,     760536 total
- age   2:     126912 bytes,     887448 total
- age   3:     190120 bytes,    1077568 total
 17889K->11967K(24716K), 0.0016254 secs]
25.488: [GC
Desired survivor size 557056 bytes, new threshold 15 (max 15)
- age   1:     200504 bytes,     200504 total
 18411K->11632K(24716K), 0.0011549 secs]
25.500: [GC
Desired survivor size 557056 bytes, new threshold 15 (max 15)
- age   1:     213272 bytes,     213272 total
- age   2:      66808 bytes,     280080 total
 18061K->11707K(24716K), 0.0035557 secs]
25.508: [GC
Desired survivor size 557056 bytes, new threshold 15 (max 15)
- age   1:     134648 bytes,     134648 total
- age   2:      81600 bytes,     216248 total
- age   3:      66808 bytes,     283056 total
 18231K->11711K(24716K), 0.0007849 secs]
25.514: [GC
Desired survivor size 557056 bytes, new threshold 15 (max 15)
- age   1:     225776 bytes,     225776 total
- age   2:      81696 bytes,     307472 total
- age   3:      80936 bytes,     388408 total
- age   4:      66808 bytes,     455216 total
 18203K->11878K(24716K), 0.0009302 secs]
25.519: [GC
Desired survivor size 557056 bytes, new threshold 2 (max 15)
- age   1:     549728 bytes,     549728 total
- age   2:     166336 bytes,     716064 total
- age   3:      81696 bytes,     797760 total
- age   4:      80824 bytes,     878584 total
- age   5:      66808 bytes,     945392 total
 18401K->12359K(24716K), 0.0011698 secs]
25.526: [GC
Desired survivor size 557056 bytes, new threshold 15 (max 15)
- age   1:     325168 bytes,     325168 total
- age   2:      91712 bytes,     416880 total
 18875K->12237K(24716K), 0.0013747 secs]
25.535: [GC
Desired survivor size 557056 bytes, new threshold 15 (max 15)
- age   1:      26072 bytes,      26072 total
- age   2:     122800 bytes,     148872 total
- age   3:      91712 bytes,     240584 total
 18758K->12059K(24716K), 0.0011457 secs]
25.541: [GC
Desired survivor size 557056 bytes, new threshold 15 (max 15)
- age   1:     327880 bytes,     327880 total
- age   2:       1280 bytes,     329160 total
- age   3:     122800 bytes,     451960 total
- age   4:      91712 bytes,     543672 total
 18543K->12358K(24716K), 0.0010555 secs]
25.548: [GC
Desired survivor size 557056 bytes, new threshold 15 (max 15)
- age   1:     129152 bytes,     129152 total
- age   2:     164064 bytes,     293216 total
- age   3:       1168 bytes,     294384 total
- age   4:     122800 bytes,     417184 total
- age   5:      91712 bytes,     508896 total
 18748K->12325K(24716K), 0.0009376 secs]
25.553: [GC
Desired survivor size 557056 bytes, new threshold 15 (max 15)
- age   1:     132224 bytes,     132224 total
- age   2:      32872 bytes,     165096 total
- age   3:     164064 bytes,     329160 total
- age   4:       1168 bytes,     330328 total
- age   5:     122800 bytes,     453128 total
- age   6:      91712 bytes,     544840 total
 18817K->12366K(24716K), 0.0014435 secs]
25.558: [GC
Desired survivor size 557056 bytes, new threshold 7 (max 15)
- age   1:     232072 bytes,     232072 total
- age   3:       5944 bytes,     238016 total
- age   4:     164064 bytes,     402080 total
- age   5:       1168 bytes,     403248 total
- age   6:     122800 bytes,     526048 total
- age   7:      91712 bytes,     617760 total
 18870K->12432K(24716K), 0.0011235 secs]
25.565: [GC
Desired survivor size 557056 bytes, new threshold 7 (max 15)
- age   1:     332120 bytes,     332120 total
- age   4:       5944 bytes,     338064 total
- age   5:     164064 bytes,     502128 total
- age   6:       1168 bytes,     503296 total
- age   7:     122800 bytes,     626096 total
 18912K->12535K(24716K), 0.0011037 secs]
25.570: [GC
Desired survivor size 557056 bytes, new threshold 6 (max 15)
- age   1:     329288 bytes,     329288 total
- age   2:     200024 bytes,     529312 total
- age   5:       5944 bytes,     535256 total
- age   6:     164064 bytes,     699320 total
- age   7:       1168 bytes,     700488 total
 19045K->12725K(24716K), 0.0012024 secs]
25.577: [GC
Desired survivor size 557056 bytes, new threshold 1 (max 15)
- age   1:     736808 bytes,     736808 total
- age   2:     157136 bytes,     893944 total
- age   3:      27352 bytes,     921296 total
- age   6:       5944 bytes,     927240 total
 19229K->13120K(24716K), 0.0014055 secs]
25.585: [GC
Desired survivor size 557056 bytes, new threshold 15 (max 15)
- age   1:     158952 bytes,     158952 total
 19648K->13053K(24716K), 0.0023538 secs]
25.594: [GC
Desired survivor size 557056 bytes, new threshold 15 (max 15)
- age   1:     402536 bytes,     402536 total
- age   2:       3048 bytes,     405584 total
 19581K->13293K(24716K), 0.0011598 secs]
25.601: [GC
Desired survivor size 557056 bytes, new threshold 1 (max 15)
- age   1:     570512 bytes,     570512 total
- age   2:     295864 bytes,     866376 total
- age   3:       3048 bytes,     869424 total
 19775K->13746K(24716K), 0.0013025 secs]
25.607: [GC
Desired survivor size 557056 bytes, new threshold 15 (max 15)
- age   1:     522920 bytes,     522920 total
 20273K->14136K(24716K), 0.0015426 secs]
25.615: [GC
Desired survivor size 557056 bytes, new threshold 15 (max 15)
- age   1:     295944 bytes,     295944 total
- age   2:     255520 bytes,     551464 total
 20658K->14164K(24716K), 0.0008556 secs]
25.620: [GC
Desired survivor size 557056 bytes, new threshold 15 (max 15)
- age   1:      92400 bytes,      92400 total
- age   2:     131408 bytes,     223808 total
- age   3:     255520 bytes,     479328 total
 20689K->14094K(24716K), 0.0010800 secs]
25.627: [GC
Desired survivor size 557056 bytes, new threshold 15 (max 15)
- age   1:     276904 bytes,     276904 total
- age   2:      41464 bytes,     318368 total
- age   3:     131408 bytes,     449776 total
- age   4:      88136 bytes,     537912 total
 20621K->14148K(24716K), 0.0008990 secs]
25.633: [GC
Desired survivor size 557056 bytes, new threshold 15 (max 15)
- age   1:      61296 bytes,      61296 total
- age   2:     170472 bytes,     231768 total
- age   3:      41464 bytes,     273232 total
- age   4:     131408 bytes,     404640 total
- age   5:      88136 bytes,     492776 total
 20676K->14107K(24716K), 0.0012296 secs]
25.638: [GC
Desired survivor size 557056 bytes, new threshold 3 (max 15)
- age   1:     522752 bytes,     522752 total
- age   2:       4408 bytes,     527160 total
- age   3:     170472 bytes,     697632 total
- age   4:      41464 bytes,     739096 total
- age   5:     131408 bytes,     870504 total
- age   6:      88136 bytes,     958640 total
 20626K->14559K(24716K), 0.0013839 secs]
25.645: [GC
Desired survivor size 557056 bytes, new threshold 2 (max 15)
- age   1:     211168 bytes,     211168 total
- age   2:     485720 bytes,     696888 total
- age   3:       4408 bytes,     701296 total
 21075K->14731K(24716K), 0.0014306 secs]
25.651: [GC
Desired survivor size 557056 bytes, new threshold 15 (max 15)
- age   1:     243680 bytes,     243680 total
- age   2:     171680 bytes,     415360 total
 21259K->14812K(24716K), 0.0015289 secs]
25.658: [GC
Desired survivor size 557056 bytes, new threshold 15 (max 15)
- age   1:     191912 bytes,     191912 total
- age   2:     201296 bytes,     393208 total
- age   3:      74224 bytes,     467432 total
 21337K->14862K(24716K), 0.0009645 secs]
25.663: [GC
Desired survivor size 557056 bytes, new threshold 15 (max 15)
- age   1:     149448 bytes,     149448 total
- age   2:     162208 bytes,     311656 total
- age   3:     119640 bytes,     431296 total
- age   4:      34216 bytes,     465512 total
 21387K->14864K(24716K), 0.0010064 secs]
25.669: [GC
Desired survivor size 557056 bytes, new threshold 4 (max 15)
- age   1:     381984 bytes,     381984 total
- age   3:     162208 bytes,     544192 total
- age   4:     119640 bytes,     663832 total
- age   5:      34216 bytes,     698048 total
 21343K->15089K(24716K), 0.0011156 secs]
25.674: [GC
Desired survivor size 557056 bytes, new threshold 15 (max 15)
- age   1:      96032 bytes,      96032 total
- age   2:     279232 bytes,     375264 total
- age   4:     162208 bytes,     537472 total
 21601K->15098K(24716K), 0.0011957 secs]
25.679: [GC
Desired survivor size 557056 bytes, new threshold 3 (max 15)
- age   1:     497064 bytes,     497064 total
- age   2:      48264 bytes,     545328 total
- age   3:     102248 bytes,     647576 total
- age   5:       4816 bytes,     652392 total
 21562K->15209K(24716K), 0.0010215 secs]
25.684: [GC
Desired survivor size 557056 bytes, new threshold 15 (max 15)
- age   1:     134896 bytes,     134896 total
- age   2:     208096 bytes,     342992 total
- age   3:      48264 bytes,     391256 total
 21710K->15054K(24716K), 0.0011144 secs]
25.690: [GC
Desired survivor size 557056 bytes, new threshold 1 (max 15)
- age   1:     677008 bytes,     677008 total
- age   3:      25312 bytes,     702320 total
- age   4:      48264 bytes,     750584 total
 21541K->15405K(24716K), 0.0010309 secs]
25.695: [GC
Desired survivor size 557056 bytes, new threshold 15 (max 15)
- age   1:     545112 bytes,     545112 total
 21881K->15710K(24716K), 0.0020188 secs]
25.701: [GC
Desired survivor size 557056 bytes, new threshold 1 (max 15)
- age   1:     594672 bytes,     594672 total
- age   2:     315728 bytes,     910400 total
 22186K->16069K(24716K), 0.0012863 secs]
25.706: [GC
Desired survivor size 557056 bytes, new threshold 15 (max 15)
- age   1:     289472 bytes,     289472 total
 22590K->16013K(24716K), 0.0013684 secs]
25.711: [GC
Desired survivor size 557056 bytes, new threshold 2 (max 15)
- age   1:     506616 bytes,     506616 total
- age   2:      64536 bytes,     571152 total
 22516K->16291K(24716K), 0.0009518 secs]
25.718: [GC
Desired survivor size 557056 bytes, new threshold 2 (max 15)
- age   1:     359760 bytes,     359760 total
- age   2:     231056 bytes,     590816 total
 22791K->16381K(24716K), 0.0010371 secs]
25.722: [GC
Desired survivor size 557056 bytes, new threshold 15 (max 15)
- age   1:     313704 bytes,     313704 total
- age   2:     166840 bytes,     480544 total
 22899K->16499K(24716K), 0.0011905 secs]
25.729: [GC
Desired survivor size 557056 bytes, new threshold 3 (max 15)
- age   1:     229528 bytes,     229528 total
- age   2:     243800 bytes,     473328 total
- age   3:     166840 bytes,     640168 total
 22934K->16654K(24716K), 0.0014090 secs]
25.735: [GC
Desired survivor size 557056 bytes, new threshold 15 (max 15)
- age   1:     182208 bytes,     182208 total
- age   2:      62136 bytes,     244344 total
- age   3:     243800 bytes,     488144 total
 23157K->16668K(24716K), 0.0010868 secs]
25.741: [GC
Desired survivor size 557056 bytes, new threshold 15 (max 15)
- age   1:      96624 bytes,      96624 total
- age   2:     104152 bytes,     200776 total
- age   3:      62136 bytes,     262912 total
- age   4:     243800 bytes,     506712 total
 23196K->16687K(24716K), 0.0009777 secs]
25.746: [GC
Desired survivor size 557056 bytes, new threshold 5 (max 15)
- age   1:     364400 bytes,     364400 total
- age   2:      18352 bytes,     382752 total
- age   3:       4520 bytes,     387272 total
- age   4:      62136 bytes,     449408 total
- age   5:     243800 bytes,     693208 total
 23175K->16870K(24716K), 0.0012446 secs]
25.752: [GC
Desired survivor size 557056 bytes, new threshold 15 (max 15)
- age   1:     244168 bytes,     244168 total
- age   2:     204744 bytes,     448912 total
- age   3:      18352 bytes,     467264 total
- age   4:       4520 bytes,     471784 total
- age   5:      62136 bytes,     533920 total
 23283K->16959K(24716K), 0.0011893 secs]
25.758: [GC
Desired survivor size 557056 bytes, new threshold 15 (max 15)
- age   1:     122288 bytes,     122288 total
- age   2:      81360 bytes,     203648 total
- age   3:     136792 bytes,     340440 total
- age   4:      18352 bytes,     358792 total
- age   5:       4520 bytes,     363312 total
- age   6:      62136 bytes,     425448 total
 23483K->16855K(24716K), 0.0009885 secs]
25.764: [GC
Desired survivor size 557056 bytes, new threshold 3 (max 15)
- age   1:     555520 bytes,     555520 total
- age   2:       1208 bytes,     556728 total
- age   3:      81360 bytes,     638088 total
- age   4:     136792 bytes,     774880 total
- age   5:      18352 bytes,     793232 total
- age   6:       4520 bytes,     797752 total
- age   7:      62136 bytes,     859888 total
 23326K->17279K(24716K), 0.0012699 secs]
25.769: [GC
Desired survivor size 557056 bytes, new threshold 15 (max 15)
- age   1:     190176 bytes,     190176 total
- age   2:     126280 bytes,     316456 total
- age   3:       1208 bytes,     317664 total
 23797K->17048K(24716K), 0.0013402 secs]
25.776: [GC
Desired survivor size 557056 bytes, new threshold 15 (max 15)
- age   1:      91448 bytes,      91448 total
- age   2:     106008 bytes,     197456 total
- age   3:     124968 bytes,     322424 total
- age   4:        480 bytes,     322904 total
 23576K->17043K(24716K), 0.0009452 secs]
25.781: [GC
Desired survivor size 557056 bytes, new threshold 1 (max 15)
- age   1:     559912 bytes,     559912 total
- age   2:       6024 bytes,     565936 total
- age   3:     106008 bytes,     671944 total
- age   4:     124968 bytes,     796912 total
- age   5:        480 bytes,     797392 total
 23564K->17510K(24716K), 0.0013852 secs]
25.787: [GC
Desired survivor size 557056 bytes, new threshold 15 (max 15)
- age   1:     225312 bytes,     225312 total
 23966K->17537K(25100K), 0.0013558 secs]
25.789: [Full GC 17537K->9121K(25100K), 0.0717313 secs]
25.866: [GC
Desired survivor size 557056 bytes, new threshold 15 (max 15)
- age   1:     384352 bytes,     384352 total
 15635K->9498K(24716K), 0.0022554 secs]
25.872: [GC
Desired survivor size 557056 bytes, new threshold 1 (max 15)
- age   1:     617312 bytes,     617312 total
- age   2:     300008 bytes,     917320 total
 16005K->10020K(24716K), 0.0012076 secs]
25.879: [GC
Desired survivor size 557056 bytes, new threshold 1 (max 15)
- age   1:     916624 bytes,     916624 total
 16533K->10573K(24716K), 0.0019734 secs]
25.886: [GC
Desired survivor size 557056 bytes, new threshold 15 (max 15)
- age   1:     152864 bytes,     152864 total
 16992K->10344K(24716K), 0.0010647 secs]
25.891: [GC
Desired survivor size 557056 bytes, new threshold 15 (max 15)
- age   1:     307840 bytes,     307840 total
- age   2:      86488 bytes,     394328 total
 16855K->10580K(24716K), 0.0009118 secs]
25.896: [GC
Desired survivor size 557056 bytes, new threshold 15 (max 15)
- age   1:     130568 bytes,     130568 total
- age   2:     186576 bytes,     317144 total
- age   3:      86488 bytes,     403632 total
 17080K->10589K(24716K), 0.0010100 secs]
25.902: [GC
Desired survivor size 557056 bytes, new threshold 1 (max 15)
- age   1:     783488 bytes,     783488 total
- age   2:      66432 bytes,     849920 total
- age   3:      67984 bytes,     917904 total
- age   4:      86488 bytes,    1004392 total
 17085K->11291K(24716K), 0.0013940 secs]
25.908: [GC
Desired survivor size 557056 bytes, new threshold 15 (max 15)
- age   1:     139488 bytes,     139488 total
 17761K->11215K(24716K), 0.0012918 secs]
25.914: [GC
Desired survivor size 557056 bytes, new threshold 15 (max 15)
- age   1:     124760 bytes,     124760 total
- age   2:      82696 bytes,     207456 total
 17708K->11281K(24716K), 0.0007946 secs]
25.918: [GC
Desired survivor size 557056 bytes, new threshold 15 (max 15)
- age   1:     203568 bytes,     203568 total
- age   2:      58384 bytes,     261952 total
- age   3:      82664 bytes,     344616 total
 17768K->11415K(24716K), 0.0008211 secs]
25.926: [GC
Desired survivor size 557056 bytes, new threshold 2 (max 15)
- age   1:     497688 bytes,     497688 total
- age   2:      67872 bytes,     565560 total
- age   3:      58384 bytes,     623944 total
- age   4:      82664 bytes,     706608 total
 17943K->11767K(24716K), 0.0013480 secs]
25.932: [GC
Desired survivor size 557056 bytes, new threshold 15 (max 15)
- age   1:     264672 bytes,     264672 total
- age   2:     130384 bytes,     395056 total
 18294K->11667K(24716K), 0.0012511 secs]
25.939: [GC
Desired survivor size 557056 bytes, new threshold 3 (max 15)
- age   1:     410952 bytes,     410952 total
- age   2:      87152 bytes,     498104 total
- age   3:     130384 bytes,     628488 total
 18176K->11895K(24716K), 0.0010739 secs]
25.944: [GC
Desired survivor size 557056 bytes, new threshold 2 (max 15)
- age   1:     436088 bytes,     436088 total
- age   2:     352456 bytes,     788544 total
- age   3:      87152 bytes,     875696 total
 18390K->12263K(24716K), 0.0014217 secs]
25.950: [GC
Desired survivor size 557056 bytes, new threshold 2 (max 15)
- age   1:     496560 bytes,     496560 total
- age   2:     232176 bytes,     728736 total
 18772K->12547K(24716K), 0.0018297 secs]
25.957: [GC
Desired survivor size 557056 bytes, new threshold 1 (max 15)
- age   1:     755328 bytes,     755328 total
- age   2:     292296 bytes,    1047624 total
 19017K->13220K(24716K), 0.0017752 secs]
25.964: [GC
Desired survivor size 557056 bytes, new threshold 15 (max 15)
- age   1:     276544 bytes,     276544 total
 19748K->13198K(24716K), 0.0013390 secs]
25.973: [GC
Desired survivor size 557056 bytes, new threshold 15 (max 15)
- age   1:      90696 bytes,      90696 total
- age   2:     172656 bytes,     263352 total
 19704K->13186K(24716K), 0.0008877 secs]
25.978: [GC
Desired survivor size 557056 bytes, new threshold 15 (max 15)
- age   1:     196512 bytes,     196512 total
- age   2:      25032 bytes,     221544 total
- age   3:     172656 bytes,     394200 total
 19632K->13314K(24716K), 0.0008794 secs]
25.985: [GC
Desired survivor size 557056 bytes, new threshold 2 (max 15)
- age   1:     515248 bytes,     515248 total
- age   2:     128640 bytes,     643888 total
- age   3:      25032 bytes,     668920 total
- age   4:     172656 bytes,     841576 total
 19837K->13750K(24716K), 0.0013087 secs]
25.991: [GC
Desired survivor size 557056 bytes, new threshold 2 (max 15)
- age   1:      61096 bytes,      61096 total
- age   2:     498472 bytes,     559568 total
 20256K->13800K(24716K), 0.0014440 secs]
26.000: [GC
Desired survivor size 557056 bytes, new threshold 15 (max 15)
- age   1:     462592 bytes,     462592 total
- age   2:       1688 bytes,     464280 total
 20328K->13953K(24716K), 0.0009644 secs]
26.004: [GC
Desired survivor size 557056 bytes, new threshold 2 (max 15)
- age   1:     474496 bytes,     474496 total
- age   2:     323112 bytes,     797608 total
- age   3:       1688 bytes,     799296 total
 20425K->14279K(24716K), 0.0013723 secs]
26.011: [GC
Desired survivor size 557056 bytes, new threshold 2 (max 15)
- age   1:     302248 bytes,     302248 total
- age   2:     260672 bytes,     562920 total
 20789K->14288K(24716K), 0.0011001 secs]
26.016: [GC
Desired survivor size 557056 bytes, new threshold 15 (max 15)
- age   1:     306384 bytes,     306384 total
- age   2:      86488 bytes,     392872 total
 20805K->14377K(24716K), 0.0013191 secs]
26.021: [GC
Desired survivor size 557056 bytes, new threshold 15 (max 15)
- age   1:     402240 bytes,     402240 total
 20892K->14386K(24716K), 0.0009964 secs]
26.026: [GC
Desired survivor size 557056 bytes, new threshold 15 (max 15)
- age   1:     432696 bytes,     432696 total
- age   2:     104808 bytes,     537504 total
 20838K->14517K(24716K), 0.0010100 secs]
26.033: [GC
Desired survivor size 557056 bytes, new threshold 3 (max 15)
- age   1:     325280 bytes,     325280 total
- age   2:     200312 bytes,     525592 total
- age   3:     104312 bytes,     629904 total
 21012K->14607K(24716K), 0.0011322 secs]
26.038: [GC
Desired survivor size 557056 bytes, new threshold 15 (max 15)
- age   1:      87232 bytes,      87232 total
- age   2:     136456 bytes,     223688 total
- age   3:     200312 bytes,     424000 total
 21134K->14508K(24716K), 0.0014490 secs]
26.045: [GC
Desired survivor size 557056 bytes, new threshold 15 (max 15)
- age   1:     111112 bytes,     111112 total
- age   2:      56464 bytes,     167576 total
- age   3:     136456 bytes,     304032 total
- age   4:      49784 bytes,     353816 total
 21016K->14439K(24716K), 0.0025778 secs]
26.052: [GC
Desired survivor size 557056 bytes, new threshold 1 (max 15)
- age   1:     693488 bytes,     693488 total
- age   2:      77872 bytes,     771360 total
- age   3:      56464 bytes,     827824 total
- age   4:     136456 bytes,     964280 total
- age   5:      49784 bytes,    1014064 total
 20953K->15084K(24716K), 0.0015578 secs]
26.059: [GC
Desired survivor size 557056 bytes, new threshold 1 (max 15)
- age   1:     563360 bytes,     563360 total
 21539K->15371K(24716K), 0.0016510 secs]
26.066: [GC
Desired survivor size 557056 bytes, new threshold 15 (max 15)
- age   1:     467328 bytes,     467328 total
 21898K->15643K(24716K), 0.0012214 secs]
26.072: [GC
Desired survivor size 557056 bytes, new threshold 15 (max 15)
- age   1:     341376 bytes,     341376 total
- age   2:     209144 bytes,     550520 total
 22153K->15724K(24716K), 0.0009751 secs]
26.077: [GC
Desired survivor size 557056 bytes, new threshold 1 (max 15)
- age   1:     622048 bytes,     622048 total
- age   2:      35232 bytes,     657280 total
- age   3:     209144 bytes,     866424 total
 22249K->16031K(24716K), 0.0011615 secs]
26.083: [GC
Desired survivor size 557056 bytes, new threshold 15 (max 15)
- age   1:      44344 bytes,      44344 total
 22559K->16041K(24716K), 0.0013695 secs]
26.089: [GC
Desired survivor size 557056 bytes, new threshold 15 (max 15)
- age   1:     116528 bytes,     116528 total
- age   2:       4248 bytes,     120776 total
 22567K->16116K(24716K), 0.0007317 secs]
26.094: [GC
Desired survivor size 557056 bytes, new threshold 15 (max 15)
- age   1:     377624 bytes,     377624 total
- age   2:      73696 bytes,     451320 total
- age   3:       4248 bytes,     455568 total
 22610K->16440K(24716K), 0.0009768 secs]
26.101: [GC
Desired survivor size 557056 bytes, new threshold 2 (max 15)
- age   1:     512552 bytes,     512552 total
- age   2:     231736 bytes,     744288 total
- age   3:      73696 bytes,     817984 total
- age   4:       4248 bytes,     822232 total
 22964K->16799K(24716K), 0.0012059 secs]
26.108: [GC
Desired survivor size 557056 bytes, new threshold 2 (max 15)
- age   1:     358224 bytes,     358224 total
- age   2:     388176 bytes,     746400 total
 23327K->17039K(24716K), 0.0017079 secs]
26.114: [GC
Desired survivor size 557056 bytes, new threshold 15 (max 15)
- age   1:     227024 bytes,     227024 total
- age   2:     267912 bytes,     494936 total
 23546K->17106K(24716K), 0.0012247 secs]
26.120: [GC
Desired survivor size 557056 bytes, new threshold 15 (max 15)
- age   1:      60848 bytes,      60848 total
- age   2:     138288 bytes,     199136 total
- age   3:     267912 bytes,     467048 total
 23626K->17073K(24716K), 0.0012433 secs]
26.128: [GC
Desired survivor size 557056 bytes, new threshold 15 (max 15)
- age   1:     205008 bytes,     205008 total
- age   2:      39240 bytes,     244248 total
- age   3:      65256 bytes,     309504 total
- age   4:     181488 bytes,     490992 total
 23491K->17097K(24716K), 0.0015533 secs]
26.136: [GC
Desired survivor size 557056 bytes, new threshold 15 (max 15)
- age   1:     260136 bytes,     260136 total
- age   4:      65256 bytes,     325392 total
- age   5:     181488 bytes,     506880 total
 23625K->17112K(24716K), 0.0008455 secs]
26.141: [GC
Desired survivor size 557056 bytes, new threshold 15 (max 15)
- age   1:     200936 bytes,     200936 total
- age   2:      62096 bytes,     263032 total
- age   5:      65256 bytes,     328288 total
- age   6:     181488 bytes,     509776 total
 23618K->17112K(24716K), 0.0012602 secs]
26.147: [GC
Desired survivor size 557056 bytes, new threshold 2 (max 15)
- age   1:     478576 bytes,     478576 total
- age   2:     156384 bytes,     634960 total
- age   3:      62096 bytes,     697056 total
- age   6:      65256 bytes,     762312 total
- age   7:     181488 bytes,     943800 total
 23633K->17540K(24716K), 0.0018920 secs]
26.154: [GC
Desired survivor size 557056 bytes, new threshold 15 (max 15)
- age   1:      69704 bytes,      69704 total
- age   2:     361616 bytes,     431320 total
 24063K->17505K(24716K), 0.0016800 secs]
26.161: [GC
Desired survivor size 557056 bytes, new threshold 3 (max 15)
- age   1:     368840 bytes,     368840 total
- age   2:      66880 bytes,     435720 total
- age   3:     361616 bytes,     797336 total
 24010K->17860K(24716K), 0.0011481 secs]
26.167: [GC
Desired survivor size 557056 bytes, new threshold 2 (max 15)
- age   1:     380624 bytes,     380624 total
- age   2:     302016 bytes,     682640 total
- age   3:      66880 bytes,     749520 total
 24371K->18124K(25100K), 0.0014088 secs]
26.169: [Full GC 18124K->8166K(25100K), 0.0699286 secs]
26.244: [GC
Desired survivor size 557056 bytes, new threshold 15 (max 15)
- age   1:     150088 bytes,     150088 total
 14689K->8317K(24716K), 0.0011004 secs]
26.249: [GC
Desired survivor size 557056 bytes, new threshold 15 (max 15)
- age   1:     220256 bytes,     220256 total
- age   2:      71352 bytes,     291608 total
 14807K->8455K(24716K), 0.0009063 secs]
26.254: [GC
Desired survivor size 557056 bytes, new threshold 2 (max 15)
- age   1:     436360 bytes,     436360 total
- age   2:     139872 bytes,     576232 total
- age   3:      71352 bytes,     647584 total
 14981K->8802K(24716K), 0.0012321 secs]
26.261: [GC
Desired survivor size 557056 bytes, new threshold 2 (max 15)
- age   1:     331344 bytes,     331344 total
- age   2:     397512 bytes,     728856 total
 15264K->9104K(24716K), 0.0011712 secs]
26.267: [GC
Desired survivor size 557056 bytes, new threshold 2 (max 15)
- age   1:     440992 bytes,     440992 total
- age   2:     289896 bytes,     730888 total
 15623K->9354K(24716K), 0.0011469 secs]
26.273: [GC
Desired survivor size 557056 bytes, new threshold 2 (max 15)
- age   1:     363464 bytes,     363464 total
- age   2:     363880 bytes,     727344 total
 15822K->9633K(24716K), 0.0013773 secs]
26.279: [GC
Desired survivor size 557056 bytes, new threshold 15 (max 15)
- age   1:     279288 bytes,     279288 total
- age   2:     218456 bytes,     497744 total
 16096K->9484K(24716K), 0.0010200 secs]
26.285: [GC
Desired survivor size 557056 bytes, new threshold 2 (max 15)
- age   1:     403056 bytes,     403056 total
- age   2:     204000 bytes,     607056 total
- age   3:     218456 bytes,     825512 total
 15996K->9804K(24716K), 0.0011520 secs]
26.291: [GC
Desired survivor size 557056 bytes, new threshold 2 (max 15)
- age   1:     340360 bytes,     340360 total
- age   2:     274832 bytes,     615192 total
 16283K->10011K(24716K), 0.0013795 secs]
26.296: [GC
Desired survivor size 557056 bytes, new threshold 15 (max 15)
- age   1:     223144 bytes,     223144 total
- age   2:     275056 bytes,     498200 total
 16466K->10015K(24716K), 0.0017823 secs]
26.301: [GC
Desired survivor size 557056 bytes, new threshold 3 (max 15)
- age   1:     246848 bytes,     246848 total
- age   2:     155912 bytes,     402760 total
- age   3:     275056 bytes,     677816 total
 16506K->10193K(24716K), 0.0011677 secs]
26.307: [GC
Desired survivor size 557056 bytes, new threshold 15 (max 15)
- age   1:     251112 bytes,     251112 total
- age   2:     136736 bytes,     387848 total
- age   3:     155912 bytes,     543760 total
 16709K->10330K(24716K), 0.0012577 secs]
26.312: [GC
Desired survivor size 557056 bytes, new threshold 4 (max 15)
- age   1:      82296 bytes,      82296 total
- age   2:     203904 bytes,     286200 total
- age   3:     136736 bytes,     422936 total
- age   4:     155912 bytes,     578848 total
 16848K->10364K(24716K), 0.0012088 secs]
26.318: [GC
Desired survivor size 557056 bytes, new threshold 4 (max 15)
- age   1:     305936 bytes,     305936 total
- age   2:      30496 bytes,     336432 total
- age   3:     203904 bytes,     540336 total
- age   4:     136736 bytes,     677072 total
 16851K->10612K(24716K), 0.0016274 secs]
26.323: [GC
Desired survivor size 557056 bytes, new threshold 15 (max 15)
- age   1:     229912 bytes,     229912 total
- age   2:      76232 bytes,     306144 total
- age   3:      30496 bytes,     336640 total
- age   4:     203904 bytes,     540544 total
 17133K->10612K(24716K), 0.0012025 secs]
26.329: [GC
Desired survivor size 557056 bytes, new threshold 3 (max 15)
- age   1:     354168 bytes,     354168 total
- age   2:     175504 bytes,     529672 total
- age   3:      76232 bytes,     605904 total
- age   4:      30496 bytes,     636400 total
- age   5:     203904 bytes,     840304 total
 17077K->10905K(24716K), 0.0015120 secs]
26.334: [GC
Desired survivor size 557056 bytes, new threshold 15 (max 15)
- age   1:     182264 bytes,     182264 total
- age   2:     116912 bytes,     299176 total
- age   3:     175504 bytes,     474680 total
 17375K->10857K(24716K), 0.0012754 secs]
26.340: [GC
Desired survivor size 557056 bytes, new threshold 3 (max 15)
- age   1:     464504 bytes,     464504 total
- age   2:      58288 bytes,     522792 total
- age   3:     116912 bytes,     639704 total
- age   4:     175504 bytes,     815208 total
 17363K->11190K(24716K), 0.0012867 secs]
26.347: [GC
Desired survivor size 557056 bytes, new threshold 15 (max 15)
- age   1:     335640 bytes,     335640 total
- age   2:     157888 bytes,     493528 total
- age   3:      58288 bytes,     551816 total
 17674K->11127K(24716K), 0.0021890 secs]
26.354: [GC
Desired survivor size 557056 bytes, new threshold 2 (max 15)
- age   1:     509864 bytes,     509864 total
- age   2:     254344 bytes,     764208 total
- age   3:     157888 bytes,     922096 total
- age   4:      58288 bytes,     980384 total
 17654K->11546K(24716K), 0.0014475 secs]
26.360: [GC
Desired survivor size 557056 bytes, new threshold 2 (max 15)
- age   1:     371208 bytes,     371208 total
- age   2:     379536 bytes,     750744 total
 18052K->11649K(24716K), 0.0017930 secs]
26.366: [GC
Desired survivor size 557056 bytes, new threshold 15 (max 15)
- age   1:     396696 bytes,     396696 total
- age   2:         32 bytes,     396728 total
 18177K->11447K(24716K), 0.0010089 secs]
26.373: [GC
Desired survivor size 557056 bytes, new threshold 15 (max 15)
- age   1:     230256 bytes,     230256 total
- age   2:     175496 bytes,     405752 total
- age   3:         32 bytes,     405784 total
 17943K->11455K(24716K), 0.0009178 secs]
26.378: [GC
Desired survivor size 557056 bytes, new threshold 15 (max 15)
- age   1:     258032 bytes,     258032 total
- age   2:       4360 bytes,     262392 total
- age   3:     175496 bytes,     437888 total
- age   4:         32 bytes,     437920 total
 17979K->11486K(24716K), 0.0008826 secs]
26.383: [GC
Desired survivor size 557056 bytes, new threshold 15 (max 15)
- age   1:     116664 bytes,     116664 total
- age   2:     172568 bytes,     289232 total
- age   3:       4360 bytes,     293592 total
- age   4:     175496 bytes,     469088 total
- age   5:         32 bytes,     469120 total
 17968K->11517K(24716K), 0.0010710 secs]
26.390: [GC
Desired survivor size 557056 bytes, new threshold 15 (max 15)
- age   1:     157808 bytes,     157808 total
- age   2:       1904 bytes,     159712 total
- age   3:       3552 bytes,     163264 total
- age   4:       4360 bytes,     167624 total
- age   5:     175496 bytes,     343120 total
- age   6:         32 bytes,     343152 total
 17982K->11395K(24716K), 0.0013070 secs]
26.396: [GC
Desired survivor size 557056 bytes, new threshold 15 (max 15)
- age   1:     319544 bytes,     319544 total
- age   2:      21808 bytes,     341352 total
- age   3:       1904 bytes,     343256 total
- age   4:       3552 bytes,     346808 total
- age   5:       4360 bytes,     351168 total
- age   6:      96680 bytes,     447848 total
- age   7:         32 bytes,     447880 total
 17919K->11499K(24716K), 0.0012382 secs]
26.404: [GC
Desired survivor size 557056 bytes, new threshold 15 (max 15)
- age   1:      87480 bytes,      87480 total
- age   2:     159040 bytes,     246520 total
- age   3:      21104 bytes,     267624 total
- age   4:       1904 bytes,     269528 total
- age   5:       3552 bytes,     273080 total
- age   6:       4360 bytes,     277440 total
- age   7:      96680 bytes,     374120 total
- age   8:         32 bytes,     374152 total
 18013K->11422K(24716K), 0.0008997 secs]
26.409: [GC
Desired survivor size 557056 bytes, new threshold 15 (max 15)
- age   1:     166720 bytes,     166720 total
- age   2:       3440 bytes,     170160 total
- age   3:     116920 bytes,     287080 total
- age   5:       1904 bytes,     288984 total
- age   6:       3552 bytes,     292536 total
- age   7:       4360 bytes,     296896 total
- age   8:      96680 bytes,     393576 total
- age   9:         32 bytes,     393608 total
 17927K->11448K(24716K), 0.0011575 secs]
26.414: [GC
Desired survivor size 557056 bytes, new threshold 15 (max 15)
- age   1:     175072 bytes,     175072 total
- age   2:       3856 bytes,     178928 total
- age   3:       3440 bytes,     182368 total
- age   4:     116920 bytes,     299288 total
- age   6:       1904 bytes,     301192 total
- age   7:       3552 bytes,     304744 total
- age   8:       4360 bytes,     309104 total
- age   9:      96680 bytes,     405784 total
- age  10:         32 bytes,     405816 total
 17935K->11459K(24716K), 0.0009451 secs]
26.419: [GC
Desired survivor size 557056 bytes, new threshold 15 (max 15)
- age   1:     218872 bytes,     218872 total
- age   2:      84344 bytes,     303216 total
- age   3:       2520 bytes,     305736 total
- age   4:       3328 bytes,     309064 total
- age   5:     116920 bytes,     425984 total
- age   7:       1904 bytes,     427888 total
- age   8:       3552 bytes,     431440 total
- age   9:       4360 bytes,     435800 total
- age  10:      96680 bytes,     532480 total
- age  11:         32 bytes,     532512 total
 17984K->11581K(24716K), 0.0011269 secs]
26.424: [GC
Desired survivor size 557056 bytes, new threshold 11 (max 15)
- age   1:     367528 bytes,     367528 total
- age   2:      50272 bytes,     417800 total
- age   4:       2520 bytes,     420320 total
- age   5:       3328 bytes,     423648 total
- age   6:     116920 bytes,     540568 total
- age   8:       1904 bytes,     542472 total
- age   9:       3552 bytes,     546024 total
- age  10:       4360 bytes,     550384 total
- age  11:      96680 bytes,     647064 total
- age  12:         32 bytes,     647096 total
 18074K->11699K(24716K), 0.0012484 secs]
26.430: [GC
Desired survivor size 557056 bytes, new threshold 2 (max 15)
- age   1:     498536 bytes,     498536 total
- age   2:     300296 bytes,     798832 total
- age   3:      50272 bytes,     849104 total
- age   5:       2520 bytes,     851624 total
- age   6:       3328 bytes,     854952 total
- age   7:     116920 bytes,     971872 total
- age   9:       1904 bytes,     973776 total
- age  10:       3552 bytes,     977328 total
- age  11:       4360 bytes,     981688 total
 18226K->12125K(24716K), 0.0015723 secs]
26.435: [GC
Desired survivor size 557056 bytes, new threshold 2 (max 15)
- age   1:     336736 bytes,     336736 total
- age   2:     414112 bytes,     750848 total
 18649K->12381K(24716K), 0.0016866 secs]
26.441: [GC
Desired survivor size 557056 bytes, new threshold 15 (max 15)
- age   1:     117792 bytes,     117792 total
- age   2:     183672 bytes,     301464 total
 18894K->12340K(24716K), 0.0015148 secs]
26.448: [GC
Desired survivor size 557056 bytes, new threshold 1 (max 15)
- age   1:     732064 bytes,     732064 total
- age   2:      93640 bytes,     825704 total
- age   3:     183672 bytes,    1009376 total
 18802K->13030K(24716K), 0.0016025 secs]
26.454: [GC
Desired survivor size 557056 bytes, new threshold 15 (max 15)
- age   1:     462048 bytes,     462048 total
 19540K->13351K(24716K), 0.0016435 secs]
26.460: [GC
Desired survivor size 557056 bytes, new threshold 15 (max 15)
- age   1:     216400 bytes,     216400 total
- age   2:      63088 bytes,     279488 total
 19854K->13173K(24716K), 0.0008393 secs]
26.465: [GC
Desired survivor size 557056 bytes, new threshold 3 (max 15)
- age   1:     398528 bytes,     398528 total
- age   2:     136424 bytes,     534952 total
- age   3:      63088 bytes,     598040 total
 19646K->13484K(24716K), 0.0011451 secs]
26.471: [GC
Desired survivor size 557056 bytes, new threshold 3 (max 15)
- age   1:     212352 bytes,     212352 total
- age   2:     236184 bytes,     448536 total
- age   3:     136424 bytes,     584960 total
 20011K->13532K(24716K), 0.0011980 secs]
26.476: [GC
Desired survivor size 557056 bytes, new threshold 3 (max 15)
- age   1:     238024 bytes,     238024 total
- age   2:     192696 bytes,     430720 total
- age   3:     236184 bytes,     666904 total
 19941K->13746K(24716K), 0.0013125 secs]
26.481: [GC
Desired survivor size 557056 bytes, new threshold 15 (max 15)
- age   1:     195776 bytes,     195776 total
- age   2:      81664 bytes,     277440 total
- age   3:     192696 bytes,     470136 total
 20264K->13784K(24716K), 0.0011976 secs]
26.486: [GC
Desired survivor size 557056 bytes, new threshold 4 (max 15)
- age   1:     143208 bytes,     143208 total
- age   2:     168320 bytes,     311528 total
- age   3:      81664 bytes,     393192 total
- age   4:     192696 bytes,     585888 total
 20312K->13897K(24716K), 0.0010789 secs]
26.491: [GC
Desired survivor size 557056 bytes, new threshold 2 (max 15)
- age   1:     480648 bytes,     480648 total
- age   2:     112280 bytes,     592928 total
- age   4:      81664 bytes,     674592 total
 20371K->14172K(24716K), 0.0015425 secs]
26.497: [GC
Desired survivor size 557056 bytes, new threshold 2 (max 15)
- age   1:     484512 bytes,     484512 total
- age   2:     282392 bytes,     766904 total
 20607K->14451K(24716K), 0.0014453 secs]
26.504: [GC
Desired survivor size 557056 bytes, new threshold 15 (max 15)
- age   1:     159336 bytes,     159336 total
- age   2:     250616 bytes,     409952 total
 20969K->14346K(24716K), 0.0010564 secs]
26.509: [GC
Desired survivor size 557056 bytes, new threshold 1 (max 15)
- age   1:     603280 bytes,     603280 total
- age   2:      84808 bytes,     688088 total
- age   3:      82632 bytes,     770720 total
 20832K->14699K(24716K), 0.0013417 secs]
26.514: [GC
Desired survivor size 557056 bytes, new threshold 15 (max 15)
- age   1:     122952 bytes,     122952 total
 21189K->14556K(24716K), 0.0013016 secs]
26.520: [GC
Desired survivor size 557056 bytes, new threshold 2 (max 15)
- age   1:     544648 bytes,     544648 total
- age   2:      40592 bytes,     585240 total
 21066K->15010K(24716K), 0.0010452 secs]
26.526: [GC
Desired survivor size 557056 bytes, new threshold 15 (max 15)
- age   1:     248640 bytes,     248640 total
- age   2:     291912 bytes,     540552 total
 21505K->15006K(24716K), 0.0012770 secs]
26.531: [GC
Desired survivor size 557056 bytes, new threshold 15 (max 15)
- age   1:      80336 bytes,      80336 total
- age   2:     136528 bytes,     216864 total
- age   3:     291912 bytes,     508776 total
 21499K->14975K(24716K), 0.0011917 secs]
26.536: [GC
Desired survivor size 557056 bytes, new threshold 4 (max 15)
- age   1:     314104 bytes,     314104 total
- age   3:     136528 bytes,     450632 total
- age   4:     291912 bytes,     742544 total
 21483K->15203K(24716K), 0.0012864 secs]
26.542: [GC
Desired survivor size 557056 bytes, new threshold 4 (max 15)
- age   1:     342704 bytes,     342704 total
- age   2:     143896 bytes,     486600 total
- age   4:     136528 bytes,     623128 total
 21679K->15379K(24716K), 0.0017121 secs]
26.548: [GC
Desired survivor size 557056 bytes, new threshold 3 (max 15)
- age   1:     328696 bytes,     328696 total
- age   2:     174496 bytes,     503192 total
- age   3:     143896 bytes,     647088 total
 21900K->15534K(24716K), 0.0018550 secs]
26.554: [GC
Desired survivor size 557056 bytes, new threshold 15 (max 15)
- age   1:     260808 bytes,     260808 total
- age   2:      59312 bytes,     320120 total
- age   3:     174496 bytes,     494616 total
 22047K->15526K(24716K), 0.0013805 secs]
26.559: [GC
Desired survivor size 557056 bytes, new threshold 4 (max 15)
- age   1:     308160 bytes,     308160 total
- age   2:      59728 bytes,     367888 total
- age   3:      59312 bytes,     427200 total
- age   4:     174496 bytes,     601696 total
 22020K->15632K(24716K), 0.0011694 secs]
26.565: [GC
Desired survivor size 557056 bytes, new threshold 4 (max 15)
- age   1:     316472 bytes,     316472 total
- age   2:     168408 bytes,     484880 total
- age   3:      59728 bytes,     544608 total
- age   4:      59312 bytes,     603920 total
 22120K->15805K(24716K), 0.0012824 secs]
26.572: [GC
Desired survivor size 557056 bytes, new threshold 15 (max 15)
- age   1:     111688 bytes,     111688 total
- age   2:      85008 bytes,     196696 total
- age   3:     168408 bytes,     365104 total
- age   4:      59728 bytes,     424832 total
 22308K->15687K(24716K), 0.0017448 secs]
26.579: [GC
Desired survivor size 557056 bytes, new threshold 1 (max 15)
- age   1:     571080 bytes,     571080 total
- age   2:      24016 bytes,     595096 total
- age   3:      85008 bytes,     680104 total
- age   4:     168408 bytes,     848512 total
- age   5:      59728 bytes,     908240 total
 22211K->16159K(24716K), 0.0013788 secs]
26.584: [GC
Desired survivor size 557056 bytes, new threshold 15 (max 15)
- age   1:     246000 bytes,     246000 total
 22684K->16092K(24716K), 0.0015255 secs]
26.591: [GC
Desired survivor size 557056 bytes, new threshold 15 (max 15)
- age   1:      60976 bytes,      60976 total
- age   2:     191944 bytes,     252920 total
 22541K->16097K(24716K), 0.0008177 secs]
26.596: [GC
Desired survivor size 557056 bytes, new threshold 15 (max 15)
- age   1:      99744 bytes,      99744 total
- age   2:       3664 bytes,     103408 total
- age   3:      77536 bytes,     180944 total
 22582K->16026K(24716K), 0.0013418 secs]
26.602: [GC
Desired survivor size 557056 bytes, new threshold 15 (max 15)
- age   1:      68568 bytes,      68568 total
- age   2:      40592 bytes,     109160 total
- age   3:       2920 bytes,     112080 total
- age   4:      77536 bytes,     189616 total
 22472K->16036K(24716K), 0.0007593 secs]
26.607: [GC
Desired survivor size 557056 bytes, new threshold 15 (max 15)
- age   1:      87984 bytes,      87984 total
- age   2:       2680 bytes,      90664 total
- age   3:      40592 bytes,     131256 total
- age   4:       2808 bytes,     134064 total
- age   5:      77536 bytes,     211600 total
 22527K->16057K(24716K), 0.0007950 secs]
26.611: [GC
Desired survivor size 557056 bytes, new threshold 15 (max 15)
- age   1:     318440 bytes,     318440 total
- age   2:       5224 bytes,     323664 total
- age   3:       2680 bytes,     326344 total
- age   4:      40592 bytes,     366936 total
- age   5:       2808 bytes,     369744 total
- age   6:      77536 bytes,     447280 total
 22547K->16293K(24716K), 0.0009736 secs]
26.616: [GC
Desired survivor size 557056 bytes, new threshold 15 (max 15)
- age   1:     185568 bytes,     185568 total
- age   2:      91528 bytes,     277096 total
- age   3:       5224 bytes,     282320 total
- age   4:       2680 bytes,     285000 total
- age   5:      40592 bytes,     325592 total
- age   6:       2808 bytes,     328400 total
- age   7:      77536 bytes,     405936 total
 22799K->16250K(24716K), 0.0008750 secs]
26.621: [GC
Desired survivor size 557056 bytes, new threshold 1 (max 15)
- age   1:     771432 bytes,     771432 total
- age   2:     170568 bytes,     942000 total
- age   3:      91528 bytes,    1033528 total
- age   4:       5224 bytes,    1038752 total
- age   5:       2680 bytes,    1041432 total
- age   6:      40592 bytes,    1082024 total
- age   7:       2808 bytes,    1084832 total
- age   8:        128 bytes,    1084960 total
 22667K->17134K(24716K), 0.0016760 secs]
26.628: [GC
Desired survivor size 557056 bytes, new threshold 15 (max 15)
- age   1:     535408 bytes,     535408 total
 23569K->17450K(24716K), 0.0016730 secs]
26.635: [GC
Desired survivor size 557056 bytes, new threshold 2 (max 15)
- age   1:     236728 bytes,     236728 total
- age   2:     479040 bytes,     715768 total
 23948K->17621K(24716K), 0.0011864 secs]
26.640: [GC
Desired survivor size 557056 bytes, new threshold 2 (max 15)
- age   1:     448592 bytes,     448592 total
- age   2:     115440 bytes,     564032 total
 24148K->17943K(25100K), 0.0014815 secs]
26.642: [Full GC 17943K->9225K(25100K), 0.0715109 secs]
26.718: [GC
Desired survivor size 557056 bytes, new threshold 1 (max 15)
- age   1:     605816 bytes,     605816 total
 15743K->9821K(24716K), 0.0011321 secs]
26.723: [GC
Desired survivor size 557056 bytes, new threshold 1 (max 15)
- age   1:     680464 bytes,     680464 total
 16339K->10190K(24716K), 0.0014873 secs]
26.730: [GC
Desired survivor size 557056 bytes, new threshold 1 (max 15)
- age   1:     743392 bytes,     743392 total
 16667K->10760K(24716K), 0.0014318 secs]
26.736: [GC
Desired survivor size 557056 bytes, new threshold 15 (max 15)
- age   1:      93232 bytes,      93232 total
 17273K->10652K(24716K), 0.0010364 secs]
26.742: [GC
Desired survivor size 557056 bytes, new threshold 15 (max 15)
- age   1:     316256 bytes,     316256 total
- age   2:      34080 bytes,     350336 total
 17131K->10905K(24716K), 0.0011266 secs]
26.748: [GC
Desired survivor size 557056 bytes, new threshold 2 (max 15)
- age   1:     555808 bytes,     555808 total
- age   2:     255448 bytes,     811256 total
- age   3:      34080 bytes,     845336 total
 17403K->11386K(24716K), 0.0014907 secs]
26.758: [GC
Desired survivor size 557056 bytes, new threshold 2 (max 15)
- age   1:     219216 bytes,     219216 total
- age   2:     493800 bytes,     713016 total
 17885K->11456K(24716K), 0.0016470 secs]
26.763: [GC
Desired survivor size 557056 bytes, new threshold 15 (max 15)
- age   1:     268552 bytes,     268552 total
- age   2:      87496 bytes,     356048 total
 17955K->11399K(24716K), 0.0011703 secs]
26.769: [GC
Desired survivor size 557056 bytes, new threshold 15 (max 15)
- age   1:     137520 bytes,     137520 total
- age   3:      87496 bytes,     225016 total
 17909K->11271K(24716K), 0.0008815 secs]
26.774: [GC
Desired survivor size 557056 bytes, new threshold 15 (max 15)
- age   1:     331656 bytes,     331656 total
- age   2:      68472 bytes,     400128 total
- age   4:      87312 bytes,     487440 total
 17799K->11528K(24716K), 0.0009807 secs]
26.779: [GC
Desired survivor size 557056 bytes, new threshold 5 (max 15)
- age   1:     434240 bytes,     434240 total
- age   2:       4248 bytes,     438488 total
- age   3:      68472 bytes,     506960 total
- age   5:      87312 bytes,     594272 total
 18054K->11632K(24716K), 0.0009962 secs]
26.788: [GC
Desired survivor size 557056 bytes, new threshold 2 (max 15)
- age   1:     502392 bytes,     502392 total
- age   2:     116296 bytes,     618688 total
- age   3:       4248 bytes,     622936 total
- age   4:      68472 bytes,     691408 total
 18143K->11811K(24716K), 0.0011322 secs]
26.793: [GC
Desired survivor size 557056 bytes, new threshold 15 (max 15)
- age   1:      86264 bytes,      86264 total
- age   2:     359056 bytes,     445320 total
 18334K->11703K(24716K), 0.0013610 secs]
26.799: [GC
Desired survivor size 557056 bytes, new threshold 15 (max 15)
- age   1:     138624 bytes,     138624 total
- age   2:      26368 bytes,     164992 total
- age   3:     137408 bytes,     302400 total
 18178K->11563K(24716K), 0.0007912 secs]
26.804: [GC
Desired survivor size 557056 bytes, new threshold 3 (max 15)
- age   1:     465760 bytes,     465760 total
- age   2:      77552 bytes,     543312 total
- age   3:      26328 bytes,     569640 total
- age   4:     137408 bytes,     707048 total
 18004K->11958K(24716K), 0.0010575 secs]
26.812: [GC
Desired survivor size 557056 bytes, new threshold 2 (max 15)
- age   1:     224016 bytes,     224016 total
- age   2:     395080 bytes,     619096 total
- age   3:      77552 bytes,     696648 total
 18442K->12107K(24716K), 0.0010762 secs]
26.818: [GC
Desired survivor size 557056 bytes, new threshold 2 (max 15)
- age   1:     471512 bytes,     471512 total
- age   2:     145816 bytes,     617328 total
 18633K->12458K(24716K), 0.0013627 secs]
26.825: [GC
Desired survivor size 557056 bytes, new threshold 2 (max 15)
- age   1:     257624 bytes,     257624 total
- age   2:     418480 bytes,     676104 total
 18980K->12656K(24716K), 0.0010868 secs]
26.830: [GC
Desired survivor size 557056 bytes, new threshold 15 (max 15)
- age   1:     180656 bytes,     180656 total
- age   2:     173232 bytes,     353888 total
 19157K->12635K(24716K), 0.0011268 secs]
26.836: [GC
Desired survivor size 557056 bytes, new threshold 15 (max 15)
- age   1:     285552 bytes,     285552 total
- age   2:      90328 bytes,     375880 total
- age   3:     140000 bytes,     515880 total
 19157K->12792K(24716K), 0.0009632 secs]
26.841: [GC
Desired survivor size 557056 bytes, new threshold 15 (max 15)
- age   1:     193400 bytes,     193400 total
- age   2:     184824 bytes,     378224 total
- age   3:      90328 bytes,     468552 total
- age   4:      85944 bytes,     554496 total
 19295K->12832K(24716K), 0.0009997 secs]
26.846: [GC
Desired survivor size 557056 bytes, new threshold 4 (max 15)
- age   1:     235368 bytes,     235368 total
- age   2:      69424 bytes,     304792 total
- age   3:     184824 bytes,     489616 total
- age   4:      90328 bytes,     579944 total
- age   5:      85944 bytes,     665888 total
 19350K->12940K(24716K), 0.0013532 secs]
26.852: [GC
Desired survivor size 557056 bytes, new threshold 15 (max 15)
- age   1:     182144 bytes,     182144 total
- age   2:      58344 bytes,     240488 total
- age   3:      13512 bytes,     254000 total
- age   4:     184824 bytes,     438824 total
 19425K->12886K(24716K), 0.0013930 secs]
26.858: [GC
Desired survivor size 557056 bytes, new threshold 5 (max 15)
- age   1:     354488 bytes,     354488 total
- age   2:     114560 bytes,     469048 total
- age   3:      58344 bytes,     527392 total
- age   5:     107416 bytes,     634808 total
 19284K->13078K(24716K), 0.0010806 secs]
26.865: [GC
Desired survivor size 557056 bytes, new threshold 1 (max 15)
- age   1:     679928 bytes,     679928 total
- age   2:     190296 bytes,     870224 total
- age   3:     114560 bytes,     984784 total
- age   4:      58344 bytes,    1043128 total
 19577K->13535K(24716K), 0.0011829 secs]
26.871: [GC
Desired survivor size 557056 bytes, new threshold 15 (max 15)
- age   1:     424696 bytes,     424696 total
 20026K->13710K(24716K), 0.0022429 secs]
26.879: [GC
Desired survivor size 557056 bytes, new threshold 2 (max 15)
- age   1:     254656 bytes,     254656 total
- age   2:     352056 bytes,     606712 total
 20203K->13885K(24716K), 0.0009577 secs]
26.884: [GC
Desired survivor size 557056 bytes, new threshold 15 (max 15)
- age   1:     214064 bytes,     214064 total
- age   2:     150536 bytes,     364600 total
 20394K->13995K(24716K), 0.0010884 secs]
26.889: [GC
Desired survivor size 557056 bytes, new threshold 15 (max 15)
- age   1:     105912 bytes,     105912 total
- age   2:     159712 bytes,     265624 total
- age   3:     150536 bytes,     416160 total
 20494K->14045K(24716K), 0.0010709 secs]
26.895: [GC
Desired survivor size 557056 bytes, new threshold 1 (max 15)
- age   1:     577160 bytes,     577160 total
- age   2:      56424 bytes,     633584 total
- age   3:     159712 bytes,     793296 total
- age   4:     150536 bytes,     943832 total
 20547K->14560K(24716K), 0.0019387 secs]
26.902: [GC
Desired survivor size 557056 bytes, new threshold 15 (max 15)
- age   1:     314528 bytes,     314528 total
 21084K->14772K(24716K), 0.0014244 secs]
26.907: [GC
Desired survivor size 557056 bytes, new threshold 15 (max 15)
- age   1:     148344 bytes,     148344 total
- age   2:     181080 bytes,     329424 total
 21259K->14787K(24716K), 0.0008202 secs]
26.914: [GC
Desired survivor size 557056 bytes, new threshold 3 (max 15)
- age   1:     437256 bytes,     437256 total
- age   3:     181080 bytes,     618336 total
 21310K->15067K(24716K), 0.0010249 secs]
26.919: [GC
Desired survivor size 557056 bytes, new threshold 15 (max 15)
- age   1:     124256 bytes,     124256 total
- age   2:     285640 bytes,     409896 total
 21558K->15040K(24716K), 0.0010967 secs]
26.925: [GC
Desired survivor size 557056 bytes, new threshold 1 (max 15)
- age   1:     852848 bytes,     852848 total
- age   2:         32 bytes,     852880 total
- age   3:     114552 bytes,     967432 total
 21557K->15751K(24716K), 0.0015699 secs]
26.933: [GC
Desired survivor size 557056 bytes, new threshold 15 (max 15)
- age   1:     384960 bytes,     384960 total
 22268K->15743K(24716K), 0.0025741 secs]
26.942: [GC
Desired survivor size 557056 bytes, new threshold 15 (max 15)
- age   1:     162456 bytes,     162456 total
- age   2:     315064 bytes,     477520 total
 22271K->15831K(24716K), 0.0032543 secs]
26.952: [GC
Desired survivor size 557056 bytes, new threshold 15 (max 15)
- age   1:     108928 bytes,     108928 total
- age   2:     151136 bytes,     260064 total
- age   3:     194360 bytes,     454424 total
 22359K->15810K(24716K), 0.0015212 secs]
26.959: [GC
Desired survivor size 557056 bytes, new threshold 3 (max 15)
- age   1:     337808 bytes,     337808 total
- age   2:      88000 bytes,     425808 total
- age   3:     151136 bytes,     576944 total
- age   4:     194360 bytes,     771304 total
 22334K->16120K(24716K), 0.0010748 secs]
26.965: [GC
Desired survivor size 557056 bytes, new threshold 1 (max 15)
- age   1:     728888 bytes,     728888 total
- age   2:     154824 bytes,     883712 total
- age   3:      88000 bytes,     971712 total
 22638K->16665K(24716K), 0.0015335 secs]
26.972: [GC
Desired survivor size 557056 bytes, new threshold 15 (max 15)
- age   1:     215272 bytes,     215272 total
 23165K->16572K(24716K), 0.0013985 secs]
26.977: [GC
Desired survivor size 557056 bytes, new threshold 15 (max 15)
- age   1:     399640 bytes,     399640 total
- age   2:     134992 bytes,     534632 total
 23067K->16883K(24716K), 0.0011223 secs]
26.983: [GC
Desired survivor size 557056 bytes, new threshold 1 (max 15)
- age   1:     958408 bytes,     958408 total
- age   3:     134952 bytes,    1093360 total
 23405K->17581K(24716K), 0.0015420 secs]
26.989: [GC
Desired survivor size 557056 bytes, new threshold 15 (max 15)
- age   1:     435528 bytes,     435528 total
 24104K->17634K(24908K), 0.0015771 secs]
26.991: [Full GC 17634K->8944K(24908K), 0.0712325 secs]
27.067: [GC
Desired survivor size 557056 bytes, new threshold 15 (max 15)
- age   1:     475248 bytes,     475248 total
 15460K->9413K(24716K), 0.0009098 secs]
27.073: [GC
Desired survivor size 557056 bytes, new threshold 1 (max 15)
- age   1:     730536 bytes,     730536 total
- age   2:     311880 bytes,    1042416 total
 15890K->9966K(24716K), 0.0012060 secs]
27.078: [GC
Desired survivor size 557056 bytes, new threshold 15 (max 15)
- age   1:     288336 bytes,     288336 total
 16492K->10039K(24716K), 0.0014367 secs]
27.084: [GC
Desired survivor size 557056 bytes, new threshold 1 (max 15)
- age   1:     580336 bytes,     580336 total
- age   2:     210856 bytes,     791192 total
 16566K->10530K(24716K), 0.0013387 secs]
27.089: [GC
Desired survivor size 557056 bytes, new threshold 15 (max 15)
- age   1:     243888 bytes,     243888 total
 17048K->10372K(24716K), 0.0011369 secs]
27.095: [GC
Desired survivor size 557056 bytes, new threshold 15 (max 15)
- age   1:     265832 bytes,     265832 total
- age   2:     159712 bytes,     425544 total
 16861K->10550K(24716K), 0.0014239 secs]
27.101: [GC
Desired survivor size 557056 bytes, new threshold 2 (max 15)
- age   1:     514240 bytes,     514240 total
- age   2:     121272 bytes,     635512 total
- age   3:     159712 bytes,     795224 total
 17049K->10911K(24716K), 0.0012766 secs]
27.107: [GC
Desired survivor size 557056 bytes, new threshold 2 (max 15)
- age   1:     511848 bytes,     511848 total
- age   2:     222376 bytes,     734224 total
 17433K->11125K(24716K), 0.0014703 secs]
27.112: [GC
Desired survivor size 557056 bytes, new threshold 2 (max 15)
- age   1:     379072 bytes,     379072 total
- age   2:     302016 bytes,     681088 total
 17653K->11289K(24716K), 0.0012430 secs]
27.118: [GC
Desired survivor size 557056 bytes, new threshold 15 (max 15)
- age   1:     233248 bytes,     233248 total
- age   2:     213112 bytes,     446360 total
 17791K->11355K(24716K), 0.0014837 secs]
27.124: [GC
Desired survivor size 557056 bytes, new threshold 15 (max 15)
- age   1:      96672 bytes,      96672 total
- age   2:     158688 bytes,     255360 total
- age   3:     213112 bytes,     468472 total
 17872K->11376K(24716K), 0.0010472 secs]
27.129: [GC
Desired survivor size 557056 bytes, new threshold 3 (max 15)
- age   1:     479488 bytes,     479488 total
- age   2:      19576 bytes,     499064 total
- age   3:     158688 bytes,     657752 total
- age   4:     213112 bytes,     870864 total
 17878K->11770K(24716K), 0.0014448 secs]
27.134: [GC
Desired survivor size 557056 bytes, new threshold 2 (max 15)
- age   1:     466064 bytes,     466064 total
- age   2:     238824 bytes,     704888 total
- age   3:      19576 bytes,     724464 total
 18282K->11996K(24716K), 0.0018696 secs]
27.140: [GC
Desired survivor size 557056 bytes, new threshold 2 (max 15)
- age   1:     356816 bytes,     356816 total
- age   2:     328776 bytes,     685592 total
 18514K->12174K(24716K), 0.0012768 secs]
27.146: [GC
Desired survivor size 557056 bytes, new threshold 2 (max 15)
- age   1:     533784 bytes,     533784 total
- age   2:     310592 bytes,     844376 total
 18698K->12401K(24716K), 0.0022670 secs]
27.154: [GC
Desired survivor size 557056 bytes, new threshold 2 (max 15)
- age   1:     219592 bytes,     219592 total
- age   2:     508240 bytes,     727832 total
 18810K->12591K(24716K), 0.0015402 secs]
27.160: [GC
Desired survivor size 557056 bytes, new threshold 15 (max 15)
- age   1:     329280 bytes,     329280 total
- age   2:     123480 bytes,     452760 total
 19119K->12573K(24716K), 0.0013548 secs]
27.165: [GC
Desired survivor size 557056 bytes, new threshold 15 (max 15)
- age   1:     107464 bytes,     107464 total
- age   2:     328312 bytes,     435776 total
- age   3:      68928 bytes,     504704 total
 19074K->12621K(24716K), 0.0012128 secs]
27.170: [GC
Desired survivor size 557056 bytes, new threshold 15 (max 15)
- age   1:     359080 bytes,     359080 total
- age   3:      74272 bytes,     433352 total
- age   4:      69008 bytes,     502360 total
 19135K->12620K(24716K), 0.0009655 secs]
27.177: [GC
Desired survivor size 557056 bytes, new threshold 1 (max 15)
- age   1:     618040 bytes,     618040 total
- age   2:      38264 bytes,     656304 total
- age   4:      74272 bytes,     730576 total
- age   5:      68848 bytes,     799424 total
 19084K->12912K(24716K), 0.0013784 secs]
27.183: [GC
Desired survivor size 557056 bytes, new threshold 15 (max 15)
- age   1:     230880 bytes,     230880 total
 19399K->12875K(24716K), 0.0012133 secs]
27.189: [GC
Desired survivor size 557056 bytes, new threshold 1 (max 15)
- age   1:     830368 bytes,     830368 total
- age   2:      88176 bytes,     918544 total
 19332K->13542K(24716K), 0.0012548 secs]
27.196: [GC
Desired survivor size 557056 bytes, new threshold 1 (max 15)
- age   1:     685584 bytes,     685584 total
 20002K->13731K(24716K), 0.0013407 secs]
27.202: [GC
Desired survivor size 557056 bytes, new threshold 15 (max 15)
- age   1:     304944 bytes,     304944 total
 20255K->13747K(24716K), 0.0010606 secs]
27.208: [GC
Desired survivor size 557056 bytes, new threshold 15 (max 15)
- age   1:     495736 bytes,     495736 total
- age   2:         40 bytes,     495776 total
 20252K->13933K(24716K), 0.0008242 secs]
27.213: [GC
Desired survivor size 557056 bytes, new threshold 2 (max 15)
- age   1:     481680 bytes,     481680 total
- age   2:     215288 bytes,     696968 total
- age   3:         40 bytes,     697008 total
 20424K->14130K(24716K), 0.0010146 secs]
27.219: [GC
Desired survivor size 557056 bytes, new threshold 2 (max 15)
- age   1:     372024 bytes,     372024 total
- age   2:     300856 bytes,     672880 total
 20631K->14324K(24716K), 0.0012365 secs]
27.225: [GC
Desired survivor size 557056 bytes, new threshold 15 (max 15)
- age   1:     201088 bytes,     201088 total
- age   2:     312032 bytes,     513120 total
 20829K->14246K(24716K), 0.0010745 secs]
27.230: [GC
Desired survivor size 557056 bytes, new threshold 15 (max 15)
- age   1:     157192 bytes,     157192 total
- age   2:     123976 bytes,     281168 total
- age   3:     200984 bytes,     482152 total
 20752K->14216K(24716K), 0.0009836 secs]
27.236: [GC
Desired survivor size 557056 bytes, new threshold 3 (max 15)
- age   1:     474056 bytes,     474056 total
- age   2:      78920 bytes,     552976 total
- age   3:     123976 bytes,     676952 total
- age   4:     200984 bytes,     877936 total
 20738K->14602K(24716K), 0.0012152 secs]
27.242: [GC
Desired survivor size 557056 bytes, new threshold 15 (max 15)
- age   1:     131832 bytes,     131832 total
- age   2:     174560 bytes,     306392 total
- age   3:      78920 bytes,     385312 total
 21130K->14437K(24716K), 0.0011601 secs]
27.248: [GC
Desired survivor size 557056 bytes, new threshold 1 (max 15)
- age   1:     580176 bytes,     580176 total
- age   2:      50600 bytes,     630776 total
- age   3:      96568 bytes,     727344 total
- age   4:      78920 bytes,     806264 total
 20881K->14850K(24716K), 0.0009956 secs]
27.254: [GC
Desired survivor size 557056 bytes, new threshold 15 (max 15)
- age   1:     228448 bytes,     228448 total
 21356K->14654K(24716K), 0.0010551 secs]
27.260: [GC
Desired survivor size 557056 bytes, new threshold 15 (max 15)
- age   1:     326768 bytes,     326768 total
- age   2:      66808 bytes,     393576 total
 21166K->14816K(24716K), 0.0010502 secs]
27.266: [GC
Desired survivor size 557056 bytes, new threshold 1 (max 15)
- age   1:     824536 bytes,     824536 total
- age   2:     204336 bytes,    1028872 total
- age   3:      66808 bytes,    1095680 total
 21340K->15540K(24716K), 0.0014195 secs]
27.272: [GC
Desired survivor size 557056 bytes, new threshold 15 (max 15)
- age   1:     248944 bytes,     248944 total
 22020K->15459K(24716K), 0.0017915 secs]
27.279: [GC
Desired survivor size 557056 bytes, new threshold 1 (max 15)
- age   1:     680872 bytes,     680872 total
- age   2:      80280 bytes,     761152 total
 21918K->15961K(24716K), 0.0010947 secs]
27.284: [GC
Desired survivor size 557056 bytes, new threshold 15 (max 15)
- age   1:     170568 bytes,     170568 total
 22430K->15715K(24716K), 0.0009837 secs]
27.298: [GC
Desired survivor size 557056 bytes, new threshold 15 (max 15)
- age   1:     200416 bytes,     200416 total
- age   2:      85144 bytes,     285560 total
 22226K->15825K(24716K), 0.0007761 secs]
27.303: [GC
Desired survivor size 557056 bytes, new threshold 15 (max 15)
- age   1:      56752 bytes,      56752 total
- age   2:     154600 bytes,     211352 total
- age   3:      85144 bytes,     296496 total
 22353K->15836K(24716K), 0.0008960 secs]
27.309: [GC
Desired survivor size 557056 bytes, new threshold 15 (max 15)
- age   1:     119168 bytes,     119168 total
- age   2:       3640 bytes,     122808 total
- age   3:     153784 bytes,     276592 total
- age   4:      85144 bytes,     361736 total
 22364K->15902K(24716K), 0.0009755 secs]
27.315: [GC
Desired survivor size 557056 bytes, new threshold 1 (max 15)
- age   1:     919208 bytes,     919208 total
- age   2:      26536 bytes,     945744 total
- age   3:       3640 bytes,     949384 total
- age   4:     153784 bytes,    1103168 total
- age   5:        128 bytes,    1103296 total
 22429K->16870K(24716K), 0.0015588 secs]
27.321: [GC
Desired survivor size 557056 bytes, new threshold 1 (max 15)
- age   1:     693344 bytes,     693344 total
 23395K->17361K(24716K), 0.0023564 secs]
27.327: [GC
Desired survivor size 557056 bytes, new threshold 15 (max 15)
- age   1:     537400 bytes,     537400 total
 23884K->17625K(24716K), 0.0016152 secs]
27.330: [Full GC 17625K->8772K(24716K), 0.0714791 secs]
27.408: [GC
Desired survivor size 557056 bytes, new threshold 1 (max 15)
- age   1:     626192 bytes,     626192 total
 15300K->9385K(24716K), 0.0018623 secs]
27.414: [GC
Desired survivor size 557056 bytes, new threshold 15 (max 15)
- age   1:      77688 bytes,      77688 total
 15892K->9376K(24716K), 0.0010601 secs]
27.419: [GC
Desired survivor size 557056 bytes, new threshold 15 (max 15)
- age   1:     193592 bytes,     193592 total
- age   2:      23184 bytes,     216776 total
 15867K->9510K(24716K), 0.0007369 secs]
27.425: [GC
Desired survivor size 557056 bytes, new threshold 15 (max 15)
- age   1:     339872 bytes,     339872 total
- age   2:     154728 bytes,     494600 total
- age   3:      23184 bytes,     517784 total
 16027K->9806K(24716K), 0.0008711 secs]
27.430: [GC
Desired survivor size 557056 bytes, new threshold 2 (max 15)
- age   1:     472384 bytes,     472384 total
- age   2:     170576 bytes,     642960 total
- age   3:     154728 bytes,     797688 total
- age   4:      23184 bytes,     820872 total
 16313K->10102K(24716K), 0.0013077 secs]
27.440: [GC
Desired survivor size 557056 bytes, new threshold 15 (max 15)
- age   1:      99176 bytes,      99176 total
- age   2:     342672 bytes,     441848 total
 16618K->10072K(24716K), 0.0012736 secs]
27.445: [GC
Desired survivor size 557056 bytes, new threshold 1 (max 15)
- age   1:     652504 bytes,     652504 total
- age   2:      99176 bytes,     751680 total
- age   3:     342672 bytes,    1094352 total
 16600K->10709K(24716K), 0.0013921 secs]
27.451: [GC
Desired survivor size 557056 bytes, new threshold 15 (max 15)
- age   1:     188792 bytes,     188792 total
 17229K->10810K(24716K), 0.0016526 secs]
27.457: [GC
Desired survivor size 557056 bytes, new threshold 15 (max 15)
- age   1:     219840 bytes,     219840 total
- age   2:     130848 bytes,     350688 total
 17329K->10970K(24716K), 0.0012469 secs]
27.463: [GC
Desired survivor size 557056 bytes, new threshold 15 (max 15)
- age   1:     264088 bytes,     264088 total
- age   2:     128272 bytes,     392360 total
- age   3:     130848 bytes,     523208 total
 17473K->11137K(24716K), 0.0009334 secs]
27.471: [GC
Desired survivor size 557056 bytes, new threshold 2 (max 15)
- age   1:     360616 bytes,     360616 total
- age   2:     215736 bytes,     576352 total
- age   3:     128272 bytes,     704624 total
- age   4:     130848 bytes,     835472 total
 17564K->11441K(24716K), 0.0019905 secs]
27.480: [GC
Desired survivor size 557056 bytes, new threshold 15 (max 15)
- age   1:     215288 bytes,     215288 total
- age   2:     291656 bytes,     506944 total
 17969K->11544K(24716K), 0.0013484 secs]
27.486: [GC
Desired survivor size 557056 bytes, new threshold 3 (max 15)
- age   1:     438736 bytes,     438736 total
- age   2:      75256 bytes,     513992 total
- age   3:     136336 bytes,     650328 total
 18040K->11684K(24716K), 0.0010941 secs]
27.491: [GC
Desired survivor size 557056 bytes, new threshold 2 (max 15)
- age   1:     298136 bytes,     298136 total
- age   2:     332032 bytes,     630168 total
- age   3:       5184 bytes,     635352 total
 18190K->11810K(24716K), 0.0011223 secs]
27.499: [GC
Desired survivor size 557056 bytes, new threshold 2 (max 15)
- age   1:     358144 bytes,     358144 total
- age   2:     225592 bytes,     583736 total
 18298K->12082K(24716K), 0.0011435 secs]
27.505: [GC
Desired survivor size 557056 bytes, new threshold 15 (max 15)
- age   1:     136384 bytes,     136384 total
- age   2:     105512 bytes,     241896 total
 18601K->11967K(24716K), 0.0010263 secs]
27.511: [GC
Desired survivor size 557056 bytes, new threshold 15 (max 15)
- age   1:     196968 bytes,     196968 total
- age   2:       2800 bytes,     199768 total
- age   3:     105512 bytes,     305280 total
 18492K->12027K(24716K), 0.0007597 secs]
27.516: [GC
Desired survivor size 557056 bytes, new threshold 15 (max 15)
- age   1:     157048 bytes,     157048 total
- age   2:     163992 bytes,     321040 total
- age   3:       2800 bytes,     323840 total
- age   4:     105400 bytes,     429240 total
 18547K->12153K(24716K), 0.0009278 secs]
27.520: [GC
Desired survivor size 557056 bytes, new threshold 3 (max 15)
- age   1:     309128 bytes,     309128 total
- age   2:     125472 bytes,     434600 total
- age   3:     163992 bytes,     598592 total
- age   4:       2800 bytes,     601392 total
- age   5:     105400 bytes,     706792 total
 18618K->12428K(24716K), 0.0014371 secs]
27.527: [GC
Desired survivor size 557056 bytes, new threshold 15 (max 15)
- age   1:     196104 bytes,     196104 total
- age   2:     185240 bytes,     381344 total
- age   3:     125232 bytes,     506576 total
 18928K->12501K(24716K), 0.0010840 secs]
27.533: [GC
Desired survivor size 557056 bytes, new threshold 3 (max 15)
- age   1:     414320 bytes,     414320 total
- age   3:     185240 bytes,     599560 total
- age   4:     125232 bytes,     724792 total
 19001K->12713K(24716K), 0.0011160 secs]
27.539: [GC
Desired survivor size 557056 bytes, new threshold 2 (max 15)
- age   1:     250592 bytes,     250592 total
- age   2:     374360 bytes,     624952 total
 19195K->12917K(24716K), 0.0013691 secs]
27.546: [GC
Desired survivor size 557056 bytes, new threshold 15 (max 15)
- age   1:     350704 bytes,     350704 total
- age   2:     180432 bytes,     531136 total
 19412K->12986K(24716K), 0.0018683 secs]
27.552: [GC
Desired survivor size 557056 bytes, new threshold 3 (max 15)
- age   1:     452960 bytes,     452960 total
- age   2:      71744 bytes,     524704 total
- age   3:     180392 bytes,     705096 total
 19442K->13156K(24716K), 0.0016713 secs]
27.557: [GC
Desired survivor size 557056 bytes, new threshold 2 (max 15)
- age   1:     402096 bytes,     402096 total
- age   2:     340360 bytes,     742456 total
- age   3:         40 bytes,     742496 total
 19678K->13374K(24716K), 0.0013857 secs]
27.564: [GC
Desired survivor size 557056 bytes, new threshold 15 (max 15)
- age   1:     283664 bytes,     283664 total
- age   2:     133568 bytes,     417232 total
 19863K->13142K(24716K), 0.0008266 secs]
27.569: [GC
Desired survivor size 557056 bytes, new threshold 15 (max 15)
- age   1:     131520 bytes,     131520 total
- age   2:      84816 bytes,     216336 total
- age   3:     133568 bytes,     349904 total
 19591K->13077K(24716K), 0.0011573 secs]
27.575: [GC
Desired survivor size 557056 bytes, new threshold 15 (max 15)
- age   1:     293624 bytes,     293624 total
- age   3:      84816 bytes,     378440 total
- age   4:     133568 bytes,     512008 total
 19574K->13232K(24716K), 0.0009817 secs]
27.580: [GC
Desired survivor size 557056 bytes, new threshold 15 (max 15)
- age   1:     137912 bytes,     137912 total
- age   2:       2568 bytes,     140480 total
- age   4:      84816 bytes,     225296 total
- age   5:     133568 bytes,     358864 total
 19668K->13085K(24716K), 0.0008219 secs]
27.587: [GC
Desired survivor size 557056 bytes, new threshold 6 (max 15)
- age   1:     315912 bytes,     315912 total
- age   2:      79608 bytes,     395520 total
- age   3:        960 bytes,     396480 total
- age   5:      84816 bytes,     481296 total
- age   6:     133568 bytes,     614864 total
 19592K->13334K(24716K), 0.0010664 secs]
27.592: [GC
Desired survivor size 557056 bytes, new threshold 15 (max 15)
- age   1:      79592 bytes,      79592 total
- age   2:     255472 bytes,     335064 total
- age   3:      79608 bytes,     414672 total
- age   4:        960 bytes,     415632 total
- age   6:      84816 bytes,     500448 total
 19862K->13351K(24716K), 0.0014270 secs]
27.598: [GC
Desired survivor size 557056 bytes, new threshold 7 (max 15)
- age   1:     183232 bytes,     183232 total
- age   2:      18688 bytes,     201920 total
- age   3:     255472 bytes,     457392 total
- age   4:      79608 bytes,     537000 total
- age   5:        960 bytes,     537960 total
- age   7:      84816 bytes,     622776 total
 19800K->13474K(24716K), 0.0011656 secs]
27.603: [GC
Desired survivor size 557056 bytes, new threshold 4 (max 15)
- age   1:     269360 bytes,     269360 total
- age   2:      32680 bytes,     302040 total
- age   3:      18688 bytes,     320728 total
- age   4:     255472 bytes,     576200 total
- age   5:      79608 bytes,     655808 total
- age   6:        960 bytes,     656768 total
 19944K->13589K(24716K), 0.0011261 secs]
27.608: [GC
Desired survivor size 557056 bytes, new threshold 15 (max 15)
- age   1:     128440 bytes,     128440 total
- age   2:      23480 bytes,     151920 total
- age   4:      18688 bytes,     170608 total
 20101K->13451K(24716K), 0.0010020 secs]
27.613: [GC
Desired survivor size 557056 bytes, new threshold 15 (max 15)
- age   1:     450984 bytes,     450984 total
- age   2:      37032 bytes,     488016 total
- age   5:      18768 bytes,     506784 total
 19951K->13773K(24716K), 0.0009319 secs]
27.618: [GC
Desired survivor size 557056 bytes, new threshold 15 (max 15)
- age   1:     191824 bytes,     191824 total
- age   2:     217728 bytes,     409552 total
- age   3:      37032 bytes,     446584 total
- age   6:      18688 bytes,     465272 total
 20295K->13734K(24716K), 0.0011469 secs]
27.624: [GC
Desired survivor size 557056 bytes, new threshold 3 (max 15)
- age   1:     348032 bytes,     348032 total
- age   2:     164704 bytes,     512736 total
- age   3:     217728 bytes,     730464 total
- age   4:      37032 bytes,     767496 total
- age   7:      18688 bytes,     786184 total
 20235K->14048K(24716K), 0.0011328 secs]
27.629: [GC
Desired survivor size 557056 bytes, new threshold 2 (max 15)
- age   1:     371552 bytes,     371552 total
- age   2:     262800 bytes,     634352 total
- age   3:     164704 bytes,     799056 total
 20566K->14339K(24716K), 0.0017301 secs]
27.635: [GC
Desired survivor size 557056 bytes, new threshold 15 (max 15)
- age   1:     218032 bytes,     218032 total
- age   2:     308016 bytes,     526048 total
 20867K->14489K(24716K), 0.0013651 secs]
27.641: [GC
Desired survivor size 557056 bytes, new threshold 3 (max 15)
- age   1:     281336 bytes,     281336 total
- age   2:     187992 bytes,     469328 total
- age   3:     308016 bytes,     777344 total
 20987K->14734K(24716K), 0.0017023 secs]
27.648: [GC
Desired survivor size 557056 bytes, new threshold 15 (max 15)
- age   1:     147952 bytes,     147952 total
- age   2:     196824 bytes,     344776 total
- age   3:     187992 bytes,     532768 total
 21255K->14740K(24716K), 0.0017219 secs]
27.655: [GC
Desired survivor size 557056 bytes, new threshold 4 (max 15)
- age   1:     115840 bytes,     115840 total
- age   2:      62704 bytes,     178544 total
- age   3:     196824 bytes,     375368 total
- age   4:     187696 bytes,     563064 total
 21261K->14769K(24716K), 0.0009771 secs]
27.660: [GC
Desired survivor size 557056 bytes, new threshold 15 (max 15)
- age   1:      86096 bytes,      86096 total
- age   2:      93336 bytes,     179432 total
- age   3:      62704 bytes,     242136 total
- age   4:     196824 bytes,     438960 total
 21295K->14803K(24716K), 0.0014233 secs]
27.666: [GC
Desired survivor size 557056 bytes, new threshold 4 (max 15)
- age   1:     380192 bytes,     380192 total
- age   2:      73160 bytes,     453352 total
- age   3:      93336 bytes,     546688 total
- age   4:      62704 bytes,     609392 total
- age   5:     196824 bytes,     806216 total
 21305K->15166K(24716K), 0.0013442 secs]
27.671: [GC
Desired survivor size 557056 bytes, new threshold 2 (max 15)
- age   1:     245264 bytes,     245264 total
- age   2:     322360 bytes,     567624 total
- age   3:      73160 bytes,     640784 total
- age   4:      93336 bytes,     734120 total
 21650K->15347K(24716K), 0.0014552 secs]
27.679: [GC
Desired survivor size 557056 bytes, new threshold 2 (max 15)
- age   1:     475544 bytes,     475544 total
- age   2:     167280 bytes,     642824 total
 21799K->15729K(24716K), 0.0016844 secs]
27.685: [GC
Desired survivor size 557056 bytes, new threshold 2 (max 15)
- age   1:     485176 bytes,     485176 total
- age   2:     151552 bytes,     636728 total
 22238K->15860K(24716K), 0.0011423 secs]
27.690: [GC
Desired survivor size 557056 bytes, new threshold 15 (max 15)
- age   1:     327720 bytes,     327720 total
- age   2:      48912 bytes,     376632 total
 22324K->15754K(24716K), 0.0010036 secs]
27.695: [GC
Desired survivor size 557056 bytes, new threshold 1 (max 15)
- age   1:     736320 bytes,     736320 total
- age   2:     170192 bytes,     906512 total
- age   3:      48912 bytes,     955424 total
 22267K->16319K(24716K), 0.0013026 secs]
27.701: [GC
Desired survivor size 557056 bytes, new threshold 1 (max 15)
- age   1:     841536 bytes,     841536 total
 22747K->16930K(24716K), 0.0018089 secs]
27.709: [GC
Desired survivor size 557056 bytes, new threshold 1 (max 15)
- age   1:     681264 bytes,     681264 total
 23398K->17311K(24716K), 0.0024657 secs]
27.717: [GC
Desired survivor size 557056 bytes, new threshold 15 (max 15)
- age   1:     193320 bytes,     193320 total
 23798K->17247K(24716K), 0.0012522 secs]
27.722: [GC
Desired survivor size 557056 bytes, new threshold 1 (max 15)
- age   1:     586616 bytes,     586616 total
- age   2:     112496 bytes,     699112 total
 23728K->17741K(24716K), 0.0014656 secs]
27.730: [GC
Desired survivor size 557056 bytes, new threshold 1 (max 15)
- age   1:     813424 bytes,     813424 total
 24253K->18084K(24908K), 0.0013804 secs]
27.731: [Full GC 18084K->8219K(24908K), 0.0715934 secs]
27.808: [GC
Desired survivor size 557056 bytes, new threshold 1 (max 15)
- age   1:     700888 bytes,     700888 total
 14739K->8906K(24716K), 0.0010298 secs]
27.815: [GC
Desired survivor size 557056 bytes, new threshold 15 (max 15)
- age   1:     138224 bytes,     138224 total
 15427K->8993K(24716K), 0.0014234 secs]
27.822: [GC
Desired survivor size 557056 bytes, new threshold 15 (max 15)
- age   1:     244824 bytes,     244824 total
- age   2:       3912 bytes,     248736 total
 15521K->9103K(24716K), 0.0011972 secs]
27.828: [GC
Desired survivor size 557056 bytes, new threshold 2 (max 15)
- age   1:     447488 bytes,     447488 total
- age   2:     244744 bytes,     692232 total
- age   3:       3880 bytes,     696112 total
 15597K->9540K(24716K), 0.0009956 secs]
27.833: [GC
Desired survivor size 557056 bytes, new threshold 15 (max 15)
- age   1:     140616 bytes,     140616 total
- age   2:     387816 bytes,     528432 total
 16058K->9619K(24716K), 0.0013323 secs]
27.840: [GC
Desired survivor size 557056 bytes, new threshold 15 (max 15)
- age   1:     156816 bytes,     156816 total
- age   2:       5616 bytes,     162432 total
- age   3:     387816 bytes,     550248 total
 16124K->9642K(24716K), 0.0009372 secs]
27.845: [GC
Desired survivor size 557056 bytes, new threshold 4 (max 15)
- age   1:     451000 bytes,     451000 total
- age   2:      51808 bytes,     502808 total
- age   3:       5616 bytes,     508424 total
- age   4:     387816 bytes,     896240 total
 16164K->9976K(24716K), 0.0012649 secs]
27.851: [GC
Desired survivor size 557056 bytes, new threshold 2 (max 15)
- age   1:     336728 bytes,     336728 total
- age   2:     334944 bytes,     671672 total
- age   3:      51808 bytes,     723480 total
- age   4:       5616 bytes,     729096 total
 16487K->10193K(24716K), 0.0014087 secs]
27.857: [GC
Desired survivor size 557056 bytes, new threshold 2 (max 15)
- age   1:     488224 bytes,     488224 total
- age   2:     317472 bytes,     805696 total
 16720K->10647K(24716K), 0.0015614 secs]
27.864: [GC
Desired survivor size 557056 bytes, new threshold 2 (max 15)
- age   1:     189064 bytes,     189064 total
- age   2:     455544 bytes,     644608 total
 17166K->10800K(24716K), 0.0011866 secs]
27.871: [GC
Desired survivor size 557056 bytes, new threshold 2 (max 15)
- age   1:     549568 bytes,     549568 total
- age   2:     114560 bytes,     664128 total
 17325K->11263K(24716K), 0.0014160 secs]
27.876: [GC
Desired survivor size 557056 bytes, new threshold 2 (max 15)
- age   1:     176136 bytes,     176136 total
- age   2:     510328 bytes,     686464 total
 17782K->11395K(24716K), 0.0014922 secs]
27.882: [GC
Desired survivor size 557056 bytes, new threshold 2 (max 15)
- age   1:     438704 bytes,     438704 total
- age   2:     134216 bytes,     572920 total
 17901K->11792K(24716K), 0.0013546 secs]
27.888: [GC
Desired survivor size 557056 bytes, new threshold 15 (max 15)
- age   1:     277392 bytes,     277392 total
- age   2:     227136 bytes,     504528 total
 18311K->11790K(24716K), 0.0011292 secs]
27.893: [GC
Desired survivor size 557056 bytes, new threshold 3 (max 15)
- age   1:     456544 bytes,     456544 total
- age   2:      47824 bytes,     504368 total
- age   3:     227136 bytes,     731504 total
 18293K->12012K(24716K), 0.0011095 secs]
27.900: [GC
Desired survivor size 557056 bytes, new threshold 1 (max 15)
- age   1:     653768 bytes,     653768 total
- age   2:     386552 bytes,    1040320 total
- age   3:      47824 bytes,    1088144 total
 18537K->12817K(24716K), 0.0016400 secs]
27.907: [GC
Desired survivor size 557056 bytes, new threshold 15 (max 15)
- age   1:     319608 bytes,     319608 total
 19328K->13098K(24716K), 0.0018058 secs]
27.913: [GC
Desired survivor size 557056 bytes, new threshold 15 (max 15)
- age   1:     402696 bytes,     402696 total
 19586K->13180K(24716K), 0.0010596 secs]
27.918: [GC
Desired survivor size 557056 bytes, new threshold 15 (max 15)
- age   1:     380808 bytes,     380808 total
- age   2:      34456 bytes,     415264 total
 19591K->13192K(24716K), 0.0008525 secs]
27.923: [GC
Desired survivor size 557056 bytes, new threshold 3 (max 15)
- age   1:     310256 bytes,     310256 total
- age   2:     229840 bytes,     540096 total
- age   3:      34456 bytes,     574552 total
 19700K->13347K(24716K), 0.0009513 secs]
27.929: [GC
Desired survivor size 557056 bytes, new threshold 1 (max 15)
- age   1:     557264 bytes,     557264 total
- age   2:     258072 bytes,     815336 total
- age   3:     229840 bytes,    1045176 total
 19874K->14009K(24716K), 0.0017021 secs]
27.939: [GC
Desired survivor size 557056 bytes, new threshold 15 (max 15)
- age   1:     279120 bytes,     279120 total
 20536K->14008K(24716K), 0.0012421 secs]
27.946: [GC
Desired survivor size 557056 bytes, new threshold 15 (max 15)
- age   1:     289736 bytes,     289736 total
- age   2:     158560 bytes,     448296 total
 20536K->14172K(24716K), 0.0012880 secs]
27.951: [GC
Desired survivor size 557056 bytes, new threshold 15 (max 15)
- age   1:     180848 bytes,     180848 total
- age   2:     114224 bytes,     295072 total
- age   3:     158560 bytes,     453632 total
 20676K->14177K(24716K), 0.0013915 secs]
27.957: [GC
Desired survivor size 557056 bytes, new threshold 4 (max 15)
- age   1:     315064 bytes,     315064 total
- age   2:      94368 bytes,     409432 total
- age   3:     114224 bytes,     523656 total
- age   4:     158560 bytes,     682216 total
 20682K->14401K(24716K), 0.0011892 secs]
27.964: [GC
Desired survivor size 557056 bytes, new threshold 4 (max 15)
- age   1:     282640 bytes,     282640 total
- age   2:     154096 bytes,     436736 total
- age   3:      94368 bytes,     531104 total
- age   4:     114224 bytes,     645328 total
 20896K->14519K(24716K), 0.0015487 secs]
27.972: [GC
Desired survivor size 557056 bytes, new threshold 15 (max 15)
- age   1:     213176 bytes,     213176 total
- age   2:     173512 bytes,     386688 total
- age   3:     154096 bytes,     540784 total
 21045K->14534K(24716K), 0.0010574 secs]
27.978: [GC
Desired survivor size 557056 bytes, new threshold 15 (max 15)
- age   1:     121928 bytes,     121928 total
- age   2:     153184 bytes,     275112 total
- age   3:     172808 bytes,     447920 total
- age   4:     102896 bytes,     550816 total
 21062K->14544K(24716K), 0.0011736 secs]
27.983: [GC
Desired survivor size 557056 bytes, new threshold 5 (max 15)
- age   1:     270784 bytes,     270784 total
- age   2:       3208 bytes,     273992 total
- age   3:      50936 bytes,     324928 total
- age   4:     172808 bytes,     497736 total
- age   5:     102896 bytes,     600632 total
 21053K->14592K(24716K), 0.0010684 secs]
27.988: [GC
Desired survivor size 557056 bytes, new threshold 15 (max 15)
- age   1:     216200 bytes,     216200 total
- age   2:         40 bytes,     216240 total
- age   3:       3208 bytes,     219448 total
- age   4:      50936 bytes,     270384 total
- age   5:     172808 bytes,     443192 total
 21106K->14539K(24716K), 0.0010458 secs]
27.994: [GC
Desired survivor size 557056 bytes, new threshold 15 (max 15)
- age   1:      97760 bytes,      97760 total
- age   2:      64192 bytes,     161952 total
- age   3:         40 bytes,     161992 total
- age   4:       3208 bytes,     165200 total
- age   5:      50936 bytes,     216136 total
- age   6:     172808 bytes,     388944 total
 21035K->14484K(24716K), 0.0009599 secs]
28.000: [GC
Desired survivor size 557056 bytes, new threshold 15 (max 15)
- age   1:     196624 bytes,     196624 total
- age   2:      39448 bytes,     236072 total
- age   3:      64192 bytes,     300264 total
- age   4:         40 bytes,     300304 total
- age   5:       3208 bytes,     303512 total
- age   6:      50936 bytes,     354448 total
- age   7:     172808 bytes,     527256 total
 21012K->14623K(24716K), 0.0012454 secs]
28.005: [GC
Desired survivor size 557056 bytes, new threshold 8 (max 15)
- age   1:     200416 bytes,     200416 total
- age   2:     194920 bytes,     395336 total
- age   3:      39448 bytes,     434784 total
- age   4:      64192 bytes,     498976 total
- age   5:         40 bytes,     499016 total
- age   6:       3208 bytes,     502224 total
- age   7:      50936 bytes,     553160 total
- age   8:     172808 bytes,     725968 total
 21150K->14817K(24716K), 0.0011972 secs]
28.011: [GC
Desired survivor size 557056 bytes, new threshold 2 (max 15)
- age   1:     502744 bytes,     502744 total
- age   2:     173416 bytes,     676160 total
- age   3:     194920 bytes,     871080 total
- age   4:      39448 bytes,     910528 total
- age   5:      64192 bytes,     974720 total
- age   6:         40 bytes,     974760 total
- age   7:       3208 bytes,     977968 total
- age   8:      50936 bytes,    1028904 total
 21343K->15282K(24716K), 0.0016066 secs]
28.018: [GC
Desired survivor size 557056 bytes, new threshold 2 (max 15)
- age   1:     420816 bytes,     420816 total
- age   2:     459536 bytes,     880352 total
 21790K->15639K(24716K), 0.0016328 secs]
28.024: [GC
Desired survivor size 557056 bytes, new threshold 15 (max 15)
- age   1:     279680 bytes,     279680 total
- age   2:     202456 bytes,     482136 total
 22149K->15689K(24716K), 0.0015380 secs]
28.029: [GC
Desired survivor size 557056 bytes, new threshold 15 (max 15)
- age   1:      72472 bytes,      72472 total
- age   2:     151184 bytes,     223656 total
- age   3:     202456 bytes,     426112 total
 22174K->15635K(24716K), 0.0009683 secs]
28.036: [GC
Desired survivor size 557056 bytes, new threshold 4 (max 15)
- age   1:     299512 bytes,     299512 total
- age   2:      33240 bytes,     332752 total
- age   3:     151184 bytes,     483936 total
- age   4:     202456 bytes,     686392 total
 22156K->15889K(24716K), 0.0013429 secs]
28.041: [GC
Desired survivor size 557056 bytes, new threshold 4 (max 15)
- age   1:     203272 bytes,     203272 total
- age   2:     257944 bytes,     461216 total
- age   3:      33240 bytes,     494456 total
- age   4:     151184 bytes,     645640 total
 22410K->16055K(24716K), 0.0013574 secs]
28.046: [GC
Desired survivor size 557056 bytes, new threshold 3 (max 15)
- age   1:     253376 bytes,     253376 total
- age   2:      56808 bytes,     310184 total
- age   3:     257944 bytes,     568128 total
- age   4:      33240 bytes,     601368 total
 22537K->16159K(24716K), 0.0012009 secs]
28.052: [GC
Desired survivor size 557056 bytes, new threshold 15 (max 15)
- age   1:     134432 bytes,     134432 total
- age   2:     194024 bytes,     328456 total
- age   3:      56808 bytes,     385264 total
 22640K->16162K(24716K), 0.0012108 secs]
28.057: [GC
Desired survivor size 557056 bytes, new threshold 15 (max 15)
- age   1:     157016 bytes,     157016 total
- age   2:      73680 bytes,     230696 total
- age   3:     148840 bytes,     379536 total
- age   4:      56808 bytes,     436344 total
 22676K->16212K(24716K), 0.0010703 secs]
28.063: [GC
Desired survivor size 557056 bytes, new threshold 15 (max 15)
- age   1:     235160 bytes,     235160 total
- age   3:      73680 bytes,     308840 total
- age   4:     148840 bytes,     457680 total
- age   5:      56808 bytes,     514488 total
 22733K->16288K(24716K), 0.0010306 secs]
28.069: [GC
Desired survivor size 557056 bytes, new threshold 2 (max 15)
- age   1:     510256 bytes,     510256 total
- age   2:     187528 bytes,     697784 total
- age   4:      73680 bytes,     771464 total
- age   5:     148840 bytes,     920304 total
- age   6:      56808 bytes,     977112 total
 22756K->16740K(24716K), 0.0012832 secs]
28.076: [GC
Desired survivor size 557056 bytes, new threshold 2 (max 15)
- age   1:     541792 bytes,     541792 total
- age   2:     325504 bytes,     867296 total
 23230K->17097K(24716K), 0.0019628 secs]
28.086: [GC
Desired survivor size 557056 bytes, new threshold 15 (max 15)
- age   1:     282280 bytes,     282280 total
- age   2:     240016 bytes,     522296 total
 23610K->16993K(24716K), 0.0012665 secs]
28.092: [GC
Desired survivor size 557056 bytes, new threshold 3 (max 15)
- age   1:     209640 bytes,     209640 total
- age   2:     169232 bytes,     378872 total
- age   3:     240016 bytes,     618888 total
 23513K->17088K(24716K), 0.0012887 secs]
28.099: [GC
Desired survivor size 557056 bytes, new threshold 15 (max 15)
- age   1:     196872 bytes,     196872 total
- age   2:     149976 bytes,     346848 total
- age   3:     169232 bytes,     516080 total
 23556K->17221K(24716K), 0.0012644 secs]
28.104: [GC
Desired survivor size 557056 bytes, new threshold 15 (max 15)
- age   1:     112064 bytes,     112064 total
- age   2:      90856 bytes,     202920 total
- age   3:     149976 bytes,     352896 total
- age   4:     169232 bytes,     522128 total
 23710K->17231K(24716K), 0.0011201 secs]
28.110: [GC
Desired survivor size 557056 bytes, new threshold 15 (max 15)
- age   1:      92896 bytes,      92896 total
- age   2:      51880 bytes,     144776 total
- age   3:      88840 bytes,     233616 total
- age   4:     149976 bytes,     383592 total
- age   5:     169120 bytes,     552712 total
 23757K->17257K(24716K), 0.0012455 secs]
28.115: [GC
Desired survivor size 557056 bytes, new threshold 5 (max 15)
- age   1:     283640 bytes,     283640 total
- age   2:      67600 bytes,     351240 total
- age   3:      51880 bytes,     403120 total
- age   4:      88840 bytes,     491960 total
- age   5:     149976 bytes,     641936 total
- age   6:     169120 bytes,     811056 total
 23784K->17509K(24716K), 0.0012074 secs]
28.121: [GC
Desired survivor size 557056 bytes, new threshold 2 (max 15)
- age   1:     522352 bytes,     522352 total
- age   2:     129360 bytes,     651712 total
- age   3:      67600 bytes,     719312 total
- age   4:      51880 bytes,     771192 total
- age   5:      88840 bytes,     860032 total
 24023K->17878K(24716K), 0.0014308 secs]
28.127: [GC
Desired survivor size 557056 bytes, new threshold 15 (max 15)
- age   1:     216848 bytes,     216848 total
- age   2:     199280 bytes,     416128 total
 24383K->17771K(25100K), 0.0012057 secs]
28.129: [Full GC 17771K->8640K(25100K), 0.0717476 secs]
28.205: [GC
Desired survivor size 557056 bytes, new threshold 15 (max 15)
- age   1:     429184 bytes,     429184 total
 15165K->9063K(24716K), 0.0010109 secs]
28.209: [GC
Desired survivor size 557056 bytes, new threshold 15 (max 15)
- age   1:     174744 bytes,     174744 total
- age   2:     260488 bytes,     435232 total
 15540K->9069K(24716K), 0.0013605 secs]
28.215: [GC
Desired survivor size 557056 bytes, new threshold 3 (max 15)
- age   1:     300376 bytes,     300376 total
- age   2:     133576 bytes,     433952 total
- age   3:     260488 bytes,     694440 total
 15594K->9321K(24716K), 0.0011404 secs]
28.221: [GC
Desired survivor size 557056 bytes, new threshold 15 (max 15)
- age   1:     126400 bytes,     126400 total
- age   2:     150512 bytes,     276912 total
- age   3:     133576 bytes,     410488 total
 15836K->9305K(24716K), 0.0014569 secs]
28.226: [GC
Desired survivor size 557056 bytes, new threshold 15 (max 15)
- age   1:     160272 bytes,     160272 total
- age   2:     115296 bytes,     275568 total
- age   3:     105312 bytes,     380880 total
- age   4:     133576 bytes,     514456 total
 15812K->9407K(24716K), 0.0011024 secs]
28.231: [GC
Desired survivor size 557056 bytes, new threshold 15 (max 15)
- age   1:      75256 bytes,      75256 total
- age   3:     115296 bytes,     190552 total
- age   4:     105312 bytes,     295864 total
- age   5:     133576 bytes,     429440 total
 15933K->9325K(24716K), 0.0010039 secs]
28.236: [GC
Desired survivor size 557056 bytes, new threshold 5 (max 15)
- age   1:     386176 bytes,     386176 total
- age   2:      23472 bytes,     409648 total
- age   4:     115656 bytes,     525304 total
- age   5:     105312 bytes,     630616 total
 15831K->9527K(24716K), 0.0015482 secs]
28.241: [GC
Desired survivor size 557056 bytes, new threshold 2 (max 15)
- age   1:     479400 bytes,     479400 total
- age   2:      93072 bytes,     572472 total
- age   3:      23472 bytes,     595944 total
- age   5:     115296 bytes,     711240 total
 16048K->9707K(24716K), 0.0012484 secs]
28.247: [GC
Desired survivor size 557056 bytes, new threshold 15 (max 15)
- age   1:     181408 bytes,     181408 total
- age   2:     182704 bytes,     364112 total
 16204K->9599K(24716K), 0.0019046 secs]
28.252: [GC
Desired survivor size 557056 bytes, new threshold 3 (max 15)
- age   1:     486704 bytes,     486704 total
- age   3:     182704 bytes,     669408 total
 16103K->9894K(24716K), 0.0010311 secs]
28.259: [GC
Desired survivor size 557056 bytes, new threshold 15 (max 15)
- age   1:     231216 bytes,     231216 total
- age   2:     322032 bytes,     553248 total
 16412K->9959K(24716K), 0.0012096 secs]
28.264: [GC
Desired survivor size 557056 bytes, new threshold 15 (max 15)
- age   1:     142048 bytes,     142048 total
- age   2:     147208 bytes,     289256 total
- age   3:     155176 bytes,     444432 total
 16483K->9853K(24716K), 0.0010190 secs]
28.269: [GC
Desired survivor size 557056 bytes, new threshold 4 (max 15)
- age   1:     326976 bytes,     326976 total
- age   2:      57408 bytes,     384384 total
- age   3:     147208 bytes,     531592 total
- age   4:     155176 bytes,     686768 total
 16366K->10089K(24716K), 0.0012395 secs]
28.276: [GC
Desired survivor size 557056 bytes, new threshold 1 (max 15)
- age   1:     636120 bytes,     636120 total
- age   2:     103488 bytes,     739608 total
- age   3:      57408 bytes,     797016 total
- age   4:     147208 bytes,     944224 total
 16556K->10492K(24716K), 0.0015793 secs]
28.282: [GC
Desired survivor size 557056 bytes, new threshold 15 (max 15)
- age   1:     230008 bytes,     230008 total
 16997K->10578K(24716K), 0.0014255 secs]
28.290: [GC
Desired survivor size 557056 bytes, new threshold 15 (max 15)
- age   1:     330872 bytes,     330872 total
- age   2:      57312 bytes,     388184 total
 17087K->10733K(24716K), 0.0010383 secs]
28.297: [GC
Desired survivor size 557056 bytes, new threshold 15 (max 15)
- age   1:      49816 bytes,      49816 total
- age   2:     205232 bytes,     255048 total
- age   3:      57312 bytes,     312360 total
 17261K->10658K(24716K), 0.0007446 secs]
28.302: [GC
Desired survivor size 557056 bytes, new threshold 15 (max 15)
- age   1:     349640 bytes,     349640 total
- age   2:       3928 bytes,     353568 total
- age   3:     121512 bytes,     475080 total
- age   4:      57312 bytes,     532392 total
 17165K->10873K(24716K), 0.0009794 secs]
28.307: [GC
Desired survivor size 557056 bytes, new threshold 15 (max 15)
- age   1:     137328 bytes,     137328 total
- age   3:       3928 bytes,     141256 total
- age   4:     121512 bytes,     262768 total
- age   5:      57312 bytes,     320080 total
 17370K->10665K(24716K), 0.0008206 secs]
28.312: [GC
Desired survivor size 557056 bytes, new threshold 6 (max 15)
- age   1:     297016 bytes,     297016 total
- age   2:      84904 bytes,     381920 total
- age   4:       3928 bytes,     385848 total
- age   5:     121512 bytes,     507360 total
- age   6:      57312 bytes,     564672 total
 17177K->10904K(24716K), 0.0010637 secs]
28.318: [GC
Desired survivor size 557056 bytes, new threshold 2 (max 15)
- age   1:     501008 bytes,     501008 total
- age   2:     173224 bytes,     674232 total
- age   3:      84904 bytes,     759136 total
- age   5:       3928 bytes,     763064 total
- age   6:     121512 bytes,     884576 total
 17425K->11281K(24716K), 0.0014355 secs]
28.324: [GC
Desired survivor size 557056 bytes, new threshold 15 (max 15)
- age   1:     116000 bytes,     116000 total
- age   2:     224520 bytes,     340520 total
 17805K->11130K(24716K), 0.0011855 secs]
28.329: [GC
Desired survivor size 557056 bytes, new threshold 3 (max 15)
- age   1:     257752 bytes,     257752 total
- age   2:      85176 bytes,     342928 total
- age   3:     224520 bytes,     567448 total
 17650K->11351K(24716K), 0.0010819 secs]
28.334: [GC
Desired survivor size 557056 bytes, new threshold 15 (max 15)
- age   1:     237904 bytes,     237904 total
- age   2:     180312 bytes,     418216 total
- age   3:      85176 bytes,     503392 total
 17827K->11506K(24716K), 0.0013113 secs]
28.340: [GC
Desired survivor size 557056 bytes, new threshold 15 (max 15)
- age   1:      91904 bytes,      91904 total
- age   2:     185072 bytes,     276976 total
- age   3:     147264 bytes,     424240 total
- age   4:      85176 bytes,     509416 total
 18021K->11514K(24716K), 0.0009032 secs]
28.345: [GC
Desired survivor size 557056 bytes, new threshold 3 (max 15)
- age   1:     399024 bytes,     399024 total
- age   2:      37384 bytes,     436408 total
- age   3:     129192 bytes,     565600 total
- age   4:     147264 bytes,     712864 total
 18022K->11710K(24716K), 0.0014205 secs]
28.351: [GC
Desired survivor size 557056 bytes, new threshold 3 (max 15)
- age   1:     385552 bytes,     385552 total
- age   2:     170608 bytes,     556160 total
- age   3:      37384 bytes,     593544 total
 18204K->11866K(24716K), 0.0013171 secs]
28.357: [GC
Desired survivor size 557056 bytes, new threshold 2 (max 15)
- age   1:     325056 bytes,     325056 total
- age   2:     250600 bytes,     575656 total
- age   3:     170608 bytes,     746264 total
 18387K->12051K(24716K), 0.0012423 secs]
28.363: [GC
Desired survivor size 557056 bytes, new threshold 15 (max 15)
- age   1:     260288 bytes,     260288 total
- age   2:     238672 bytes,     498960 total
 18545K->12221K(24716K), 0.0012561 secs]
28.369: [GC
Desired survivor size 557056 bytes, new threshold 3 (max 15)
- age   1:     317520 bytes,     317520 total
- age   2:     201056 bytes,     518576 total
- age   3:     238672 bytes,     757248 total
 18722K->12473K(24716K), 0.0014447 secs]
28.374: [GC
Desired survivor size 557056 bytes, new threshold 3 (max 15)
- age   1:     299984 bytes,     299984 total
- age   2:     250208 bytes,     550192 total
- age   3:     201056 bytes,     751248 total
 18966K->12709K(24716K), 0.0015367 secs]
28.380: [GC
Desired survivor size 557056 bytes, new threshold 3 (max 15)
- age   1:     226176 bytes,     226176 total
- age   2:     231592 bytes,     457768 total
- age   3:     250168 bytes,     707936 total
 19230K->12860K(24716K), 0.0022207 secs]
28.391: [GC
Desired survivor size 557056 bytes, new threshold 3 (max 15)
- age   1:     193176 bytes,     193176 total
- age   2:     194456 bytes,     387632 total
- age   3:     231592 bytes,     619224 total
 19371K->13020K(24716K), 0.0017156 secs]
28.398: [GC
Desired survivor size 557056 bytes, new threshold 15 (max 15)
- age   1:     120168 bytes,     120168 total
- age   2:     124048 bytes,     244216 total
- age   3:     194456 bytes,     438672 total
 19547K->13067K(24716K), 0.0010298 secs]
28.403: [GC
Desired survivor size 557056 bytes, new threshold 4 (max 15)
- age   1:     350000 bytes,     350000 total
- age   2:      46984 bytes,     396984 total
- age   3:     124048 bytes,     521032 total
- age   4:     194456 bytes,     715488 total
 19589K->13341K(24716K), 0.0011894 secs]
28.409: [GC
Desired survivor size 557056 bytes, new threshold 4 (max 15)
- age   1:     182688 bytes,     182688 total
- age   2:     247168 bytes,     429856 total
- age   3:      46984 bytes,     476840 total
- age   4:     124048 bytes,     600888 total
 19861K->13426K(24716K), 0.0013337 secs]
28.414: [GC
Desired survivor size 557056 bytes, new threshold 15 (max 15)
- age   1:      85904 bytes,      85904 total
- age   2:     116312 bytes,     202216 total
- age   3:     209272 bytes,     411488 total
- age   4:      46984 bytes,     458472 total
 19942K->13404K(24716K), 0.0011154 secs]
28.419: [GC
Desired survivor size 557056 bytes, new threshold 4 (max 15)
- age   1:     262600 bytes,     262600 total
- age   3:     116312 bytes,     378912 total
- age   4:     209272 bytes,     588184 total
- age   5:      46984 bytes,     635168 total
 19932K->13579K(24716K), 0.0013803 secs]
28.424: [GC
Desired survivor size 557056 bytes, new threshold 15 (max 15)
- age   1:     258152 bytes,     258152 total
- age   2:     137056 bytes,     395208 total
- age   4:     116312 bytes,     511520 total
 20091K->13706K(24716K), 0.0013000 secs]
28.429: [GC
Desired survivor size 557056 bytes, new threshold 15 (max 15)
- age   1:     132800 bytes,     132800 total
- age   3:     137056 bytes,     269856 total
- age   5:     116312 bytes,     386168 total
 20234K->13580K(24716K), 0.0009065 secs]
28.436: [GC
Desired survivor size 557056 bytes, new threshold 4 (max 15)
- age   1:     467904 bytes,     467904 total
- age   2:      59768 bytes,     527672 total
- age   4:     137056 bytes,     664728 total
- age   6:      75384 bytes,     740112 total
 20090K->13925K(24716K), 0.0010264 secs]
28.441: [GC
Desired survivor size 557056 bytes, new threshold 3 (max 15)
- age   1:     429672 bytes,     429672 total
- age   2:     120768 bytes,     550440 total
- age   3:      59768 bytes,     610208 total
 20438K->13932K(24716K), 0.0013025 secs]
28.447: [GC
Desired survivor size 557056 bytes, new threshold 1 (max 15)
- age   1:     686208 bytes,     686208 total
- age   2:     154136 bytes,     840344 total
- age   3:     120768 bytes,     961112 total
 20432K->14341K(24716K), 0.0014192 secs]
28.452: [GC
Desired survivor size 557056 bytes, new threshold 15 (max 15)
- age   1:     172336 bytes,     172336 total
 20842K->14313K(24716K), 0.0022014 secs]
28.460: [GC
Desired survivor size 557056 bytes, new threshold 15 (max 15)
- age   1:     397608 bytes,     397608 total
 20806K->14531K(24716K), 0.0009054 secs]
28.464: [GC
Desired survivor size 557056 bytes, new threshold 15 (max 15)
- age   1:     236432 bytes,     236432 total
- age   2:     245296 bytes,     481728 total
 21023K->14615K(24716K), 0.0010468 secs]
28.470: [GC
Desired survivor size 557056 bytes, new threshold 3 (max 15)
- age   1:     440440 bytes,     440440 total
- age   2:      73032 bytes,     513472 total
- age   3:     245296 bytes,     758768 total
 21122K->14885K(24716K), 0.0012674 secs]
28.476: [GC
Desired survivor size 557056 bytes, new threshold 3 (max 15)
- age   1:     290408 bytes,     290408 total
- age   2:     236656 bytes,     527064 total
- age   3:      73032 bytes,     600096 total
 21377K->14970K(24716K), 0.0015737 secs]
28.482: [GC
Desired survivor size 557056 bytes, new threshold 2 (max 15)
- age   1:     534624 bytes,     534624 total
- age   2:     168632 bytes,     703256 total
- age   3:     115408 bytes,     818664 total
 21487K->15254K(24716K), 0.0013463 secs]
28.489: [GC
Desired survivor size 557056 bytes, new threshold 1 (max 15)
- age   1:     762440 bytes,     762440 total
- age   2:     347224 bytes,    1109664 total
 21781K->15816K(24716K), 0.0019352 secs]
28.495: [GC
Desired survivor size 557056 bytes, new threshold 15 (max 15)
- age   1:     294232 bytes,     294232 total
 22340K->15884K(24716K), 0.0014987 secs]
28.501: [GC
Desired survivor size 557056 bytes, new threshold 15 (max 15)
- age   1:     204288 bytes,     204288 total
- age   2:     134496 bytes,     338784 total
 22379K->15929K(24716K), 0.0009643 secs]
28.506: [GC
Desired survivor size 557056 bytes, new threshold 15 (max 15)
- age   1:     223112 bytes,     223112 total
- age   2:     163024 bytes,     386136 total
 22432K->15976K(24716K), 0.0008951 secs]
28.512: [GC
Desired survivor size 557056 bytes, new threshold 1 (max 15)
- age   1:     882264 bytes,     882264 total
- age   3:     163024 bytes,    1045288 total
 22497K->16619K(24716K), 0.0012210 secs]
28.518: [GC
Desired survivor size 557056 bytes, new threshold 1 (max 15)
- age   1:     624544 bytes,     624544 total
 23077K->17006K(24716K), 0.0020431 secs]
28.525: [GC
Desired survivor size 557056 bytes, new threshold 15 (max 15)
- age   1:     307520 bytes,     307520 total
 23485K->17006K(24716K), 0.0014552 secs]
28.531: [GC
Desired survivor size 557056 bytes, new threshold 15 (max 15)
- age   1:     140752 bytes,     140752 total
- age   2:     231568 bytes,     372320 total
 23447K->17071K(24716K), 0.0012861 secs]
28.537: [GC
Desired survivor size 557056 bytes, new threshold 2 (max 15)
- age   1:     540672 bytes,     540672 total
- age   2:      77440 bytes,     618112 total
- age   3:     231568 bytes,     849680 total
 23532K->17537K(24716K), 0.0012806 secs]
28.543: [GC
Desired survivor size 557056 bytes, new threshold 15 (max 15)
- age   1:     147224 bytes,     147224 total
- age   2:     171648 bytes,     318872 total
 24053K->17328K(24716K), 0.0012108 secs]
28.548: [GC
Desired survivor size 557056 bytes, new threshold 3 (max 15)
- age   1:     416728 bytes,     416728 total
- age   2:      79880 bytes,     496608 total
- age   3:     124120 bytes,     620728 total
 23842K->17621K(24716K), 0.0012832 secs]
28.553: [GC
Desired survivor size 557056 bytes, new threshold 2 (max 15)
- age   1:     319312 bytes,     319312 total
- age   2:     263328 bytes,     582640 total
- age   3:      79880 bytes,     662520 total
 24121K->17785K(24908K), 0.0013932 secs]
28.555: [Full GC 17785K->9167K(24908K), 0.0705964 secs]
28.632: [GC
Desired survivor size 557056 bytes, new threshold 15 (max 15)
- age   1:     549992 bytes,     549992 total
 15645K->9708K(24716K), 0.0008960 secs]
28.636: [GC
Desired survivor size 557056 bytes, new threshold 2 (max 15)
- age   1:     339880 bytes,     339880 total
- age   2:     286784 bytes,     626664 total
 16182K->9782K(24716K), 0.0012094 secs]
28.642: [GC
Desired survivor size 557056 bytes, new threshold 15 (max 15)
- age   1:     330984 bytes,     330984 total
- age   2:     154520 bytes,     485504 total
 16247K->9933K(24716K), 0.0011915 secs]
28.648: [GC
Desired survivor size 557056 bytes, new threshold 15 (max 15)
- age   1:     135568 bytes,     135568 total
- age   2:     126584 bytes,     262152 total
- age   3:     154520 bytes,     416672 total
 16363K->9866K(24716K), 0.0008786 secs]
28.653: [GC
Desired survivor size 557056 bytes, new threshold 15 (max 15)
- age   1:     200776 bytes,     200776 total
- age   3:     126584 bytes,     327360 total
- age   4:     154520 bytes,     481880 total
 16387K->9929K(24716K), 0.0009371 secs]
28.658: [GC
Desired survivor size 557056 bytes, new threshold 4 (max 15)
- age   1:     358936 bytes,     358936 total
- age   2:      77984 bytes,     436920 total
- age   4:     126584 bytes,     563504 total
- age   5:     154520 bytes,     718024 total
 16454K->10160K(24716K), 0.0011426 secs]
28.663: [GC
Desired survivor size 557056 bytes, new threshold 15 (max 15)
- age   1:     106488 bytes,     106488 total
- age   2:     232960 bytes,     339448 total
- age   3:      77984 bytes,     417432 total
 16677K->10149K(24716K), 0.0012378 secs]
28.668: [GC
Desired survivor size 557056 bytes, new threshold 4 (max 15)
- age   1:     257984 bytes,     257984 total
- age   2:      30480 bytes,     288464 total
- age   3:     232960 bytes,     521424 total
- age   4:      77984 bytes,     599408 total
 16661K->10326K(24716K), 0.0012471 secs]
28.675: [GC
Desired survivor size 557056 bytes, new threshold 4 (max 15)
- age   1:     227968 bytes,     227968 total
- age   2:     119176 bytes,     347144 total
- age   3:      30480 bytes,     377624 total
- age   4:     232960 bytes,     610584 total
 16825K->10413K(24716K), 0.0009825 secs]
28.680: [GC
Desired survivor size 557056 bytes, new threshold 15 (max 15)
- age   1:     158720 bytes,     158720 total
- age   2:      82520 bytes,     241240 total
- age   3:     119176 bytes,     360416 total
 16940K->10397K(24716K), 0.0010676 secs]
28.685: [GC
Desired survivor size 557056 bytes, new threshold 15 (max 15)
- age   1:     302176 bytes,     302176 total
- age   2:      32104 bytes,     334280 total
- age   3:      82520 bytes,     416800 total
- age   4:     119176 bytes,     535976 total
 16912K->10566K(24716K), 0.0011138 secs]
28.690: [GC
Desired survivor size 557056 bytes, new threshold 2 (max 15)
- age   1:     472008 bytes,     472008 total
- age   2:     275152 bytes,     747160 total
- age   3:      32104 bytes,     779264 total
- age   4:      82520 bytes,     861784 total
- age   5:     119176 bytes,     980960 total
 17046K->11002K(24716K), 0.0016496 secs]
28.696: [GC
Desired survivor size 557056 bytes, new threshold 2 (max 15)
- age   1:     281080 bytes,     281080 total
- age   2:     347776 bytes,     628856 total
 17497K->11156K(24716K), 0.0027034 secs]
28.703: [GC
Desired survivor size 557056 bytes, new threshold 15 (max 15)
- age   1:     220008 bytes,     220008 total
- age   2:     202360 bytes,     422368 total
 17672K->11216K(24716K), 0.0014931 secs]
28.708: [GC
Desired survivor size 557056 bytes, new threshold 3 (max 15)
- age   1:     301464 bytes,     301464 total
- age   2:     219920 bytes,     521384 total
- age   3:     202360 bytes,     723744 total
 17692K->11510K(24716K), 0.0012159 secs]
28.713: [GC
Desired survivor size 557056 bytes, new threshold 1 (max 15)
- age   1:     838976 bytes,     838976 total
- age   2:      81608 bytes,     920584 total
- age   3:     160816 bytes,    1081400 total
 17965K->12271K(24716K), 0.0018134 secs]
28.719: [GC
Desired survivor size 557056 bytes, new threshold 15 (max 15)
- age   1:     352224 bytes,     352224 total
 18768K->12281K(24716K), 0.0014612 secs]
28.727: [GC
Desired survivor size 557056 bytes, new threshold 1 (max 15)
- age   1:     678136 bytes,     678136 total
 18751K->12599K(24716K), 0.0017055 secs]
28.735: [GC
Desired survivor size 557056 bytes, new threshold 15 (max 15)
- age   1:     381584 bytes,     381584 total
 19107K->12925K(24716K), 0.0012715 secs]
28.741: [GC
Desired survivor size 557056 bytes, new threshold 15 (max 15)
- age   1:     205264 bytes,     205264 total
- age   2:     243504 bytes,     448768 total
 19453K->12990K(24716K), 0.0009475 secs]
28.746: [GC
Desired survivor size 557056 bytes, new threshold 1 (max 15)
- age   1:     903224 bytes,     903224 total
- age   2:     137776 bytes,    1041000 total
- age   3:       2968 bytes,    1043968 total
 19420K->13807K(24716K), 0.0019832 secs]
28.754: [GC
Desired survivor size 557056 bytes, new threshold 15 (max 15)
- age   1:     151976 bytes,     151976 total
 20300K->13610K(24716K), 0.0013912 secs]
28.761: [GC
Desired survivor size 557056 bytes, new threshold 1 (max 15)
- age   1:     709024 bytes,     709024 total
- age   2:      83008 bytes,     792032 total
 20101K->14235K(24716K), 0.0012264 secs]
28.768: [GC
Desired survivor size 557056 bytes, new threshold 15 (max 15)
- age   1:     152512 bytes,     152512 total
 20759K->14255K(24716K), 0.0011567 secs]
28.773: [GC
Desired survivor size 557056 bytes, new threshold 15 (max 15)
- age   1:     254152 bytes,     254152 total
- age   2:     146472 bytes,     400624 total
 20773K->14497K(24716K), 0.0010939 secs]
28.778: [GC
Desired survivor size 557056 bytes, new threshold 15 (max 15)
- age   1:     139080 bytes,     139080 total
- age   2:     238152 bytes,     377232 total
- age   3:     146472 bytes,     523704 total
 20995K->14618K(24716K), 0.0012623 secs]
28.785: [GC
Desired survivor size 557056 bytes, new threshold 15 (max 15)
- age   1:     152840 bytes,     152840 total
- age   3:     238152 bytes,     390992 total
- age   4:     146592 bytes,     537584 total
 21120K->14633K(24716K), 0.0012842 secs]
28.790: [GC
Desired survivor size 557056 bytes, new threshold 4 (max 15)
- age   1:     494376 bytes,     494376 total
- age   2:         40 bytes,     494416 total
- age   4:     238152 bytes,     732568 total
- age   5:     146472 bytes,     879040 total
 21108K->14966K(24716K), 0.0016003 secs]
28.796: [GC
Desired survivor size 557056 bytes, new threshold 2 (max 15)
- age   1:     440720 bytes,     440720 total
- age   2:     233048 bytes,     673768 total
 21478K->15143K(24716K), 0.0019756 secs]
28.802: [GC
Desired survivor size 557056 bytes, new threshold 15 (max 15)
- age   1:     152640 bytes,     152640 total
- age   2:      64160 bytes,     216800 total
 21621K->14932K(24716K), 0.0012195 secs]
28.807: [GC
Desired survivor size 557056 bytes, new threshold 15 (max 15)
- age   1:     167792 bytes,     167792 total
- age   2:      73032 bytes,     240824 total
- age   3:      64160 bytes,     304984 total
 21422K->15018K(24716K), 0.0009884 secs]
28.815: [GC
Desired survivor size 557056 bytes, new threshold 15 (max 15)
- age   1:     242120 bytes,     242120 total
- age   2:      86272 bytes,     328392 total
- age   4:      64160 bytes,     392552 total
 21536K->15103K(24716K), 0.0009536 secs]
28.821: [GC
Desired survivor size 557056 bytes, new threshold 5 (max 15)
- age   1:     252104 bytes,     252104 total
- age   2:     159984 bytes,     412088 total
- age   3:      86272 bytes,     498360 total
- age   5:      64160 bytes,     562520 total
 21575K->15270K(24716K), 0.0031085 secs]
28.830: [GC
Desired survivor size 557056 bytes, new threshold 2 (max 15)
- age   1:     477696 bytes,     477696 total
- age   2:     166536 bytes,     644232 total
- age   3:     159984 bytes,     804216 total
- age   4:      86272 bytes,     890488 total
 21743K->15651K(24716K), 0.0021093 secs]
28.837: [GC
Desired survivor size 557056 bytes, new threshold 2 (max 15)
- age   1:     432832 bytes,     432832 total
- age   2:     390976 bytes,     823808 total
 22176K->15995K(24716K), 0.0020748 secs]
28.844: [GC
Desired survivor size 557056 bytes, new threshold 2 (max 15)
- age   1:     507848 bytes,     507848 total
- age   2:      89728 bytes,     597576 total
 22439K->16151K(24716K), 0.0012439 secs]
28.852: [GC
Desired survivor size 557056 bytes, new threshold 1 (max 15)
- age   1:     951024 bytes,     951024 total
- age   2:      20184 bytes,     971208 total
 22663K->16756K(24716K), 0.0017929 secs]
28.858: [GC
Desired survivor size 557056 bytes, new threshold 15 (max 15)
- age   1:     100768 bytes,     100768 total
 23267K->16684K(24716K), 0.0012909 secs]
28.866: [GC
Desired survivor size 557056 bytes, new threshold 1 (max 15)
- age   1:     995536 bytes,     995536 total
- age   2:      16744 bytes,    1012280 total
 23132K->17574K(24716K), 0.0011148 secs]
28.873: [GC
Desired survivor size 557056 bytes, new threshold 15 (max 15)
- age   1:     432656 bytes,     432656 total
 24083K->17532K(24908K), 0.0012991 secs]
28.875: [Full GC 17532K->9180K(24908K), 0.0743038 secs]
28.954: [GC
Desired survivor size 557056 bytes, new threshold 15 (max 15)
- age   1:     193896 bytes,     193896 total
 15668K->9373K(24716K), 0.0006391 secs]
28.959: [GC
Desired survivor size 557056 bytes, new threshold 15 (max 15)
- age   1:     121400 bytes,     121400 total
- age   2:     161792 bytes,     283192 total
 15884K->9460K(24716K), 0.0007903 secs]
28.967: [GC
Desired survivor size 557056 bytes, new threshold 3 (max 15)
- age   1:     351528 bytes,     351528 total
- age   2:      84272 bytes,     435800 total
- age   3:     161792 bytes,     597592 total
 15951K->9766K(24716K), 0.0009778 secs]
28.973: [GC
Desired survivor size 557056 bytes, new threshold 15 (max 15)
- age   1:     183392 bytes,     183392 total
- age   2:     273712 bytes,     457104 total
- age   3:      84272 bytes,     541376 total
 16260K->9876K(24716K), 0.0010750 secs]
28.980: [GC
Desired survivor size 557056 bytes, new threshold 3 (max 15)
- age   1:     280936 bytes,     280936 total
- age   2:      33528 bytes,     314464 total
- age   3:     273712 bytes,     588176 total
- age   4:      84272 bytes,     672448 total
 16358K->10004K(24716K), 0.0021379 secs]
28.987: [GC
Desired survivor size 557056 bytes, new threshold 15 (max 15)
- age   1:     133096 bytes,     133096 total
- age   2:       3200 bytes,     136296 total
- age   3:      33416 bytes,     169712 total
 16524K->9865K(24716K), 0.0011020 secs]
28.992: [GC
Desired survivor size 557056 bytes, new threshold 15 (max 15)
- age   1:     223824 bytes,     223824 total
- age   2:      87104 bytes,     310928 total
- age   3:       3200 bytes,     314128 total
- age   4:      33416 bytes,     347544 total
 16389K->10037K(24716K), 0.0008403 secs]
28.998: [GC
Desired survivor size 557056 bytes, new threshold 2 (max 15)
- age   1:     479032 bytes,     479032 total
- age   2:     145888 bytes,     624920 total
- age   3:      87104 bytes,     712024 total
- age   4:       3200 bytes,     715224 total
- age   5:      33416 bytes,     748640 total
 16557K->10431K(24716K), 0.0013291 secs]
29.004: [GC
Desired survivor size 557056 bytes, new threshold 15 (max 15)
- age   1:     124424 bytes,     124424 total
- age   2:     221416 bytes,     345840 total
 16944K->10307K(24716K), 0.0011492 secs]
29.009: [GC
Desired survivor size 557056 bytes, new threshold 15 (max 15)
- age   1:     350448 bytes,     350448 total
- age   2:      41776 bytes,     392224 total
- age   3:     160496 bytes,     552720 total
 16793K->10507K(24716K), 0.0012285 secs]
29.014: [GC
Desired survivor size 557056 bytes, new threshold 2 (max 15)
- age   1:     490992 bytes,     490992 total
- age   2:     280288 bytes,     771280 total
- age   3:      41776 bytes,     813056 total
- age   4:     160496 bytes,     973552 total
 17012K->10918K(24716K), 0.0017970 secs]
29.021: [GC
Desired survivor size 557056 bytes, new threshold 15 (max 15)
- age   1:     320040 bytes,     320040 total
- age   2:     165920 bytes,     485960 total
 17429K->10913K(24716K), 0.0014051 secs]
29.027: [GC
Desired survivor size 557056 bytes, new threshold 3 (max 15)
- age   1:     410744 bytes,     410744 total
- age   3:     165920 bytes,     576664 total
 17411K->11002K(24716K), 0.0009568 secs]
29.031: [GC
Desired survivor size 557056 bytes, new threshold 2 (max 15)
- age   1:     333928 bytes,     333928 total
- age   2:     328376 bytes,     662304 total
 17517K->11247K(24716K), 0.0013959 secs]
29.038: [GC
Desired survivor size 557056 bytes, new threshold 2 (max 15)
- age   1:     388272 bytes,     388272 total
- age   2:     250192 bytes,     638464 total
 17746K->11544K(24716K), 0.0013325 secs]
29.044: [GC
Desired survivor size 557056 bytes, new threshold 15 (max 15)
- age   1:     350968 bytes,     350968 total
- age   2:     108840 bytes,     459808 total
 18044K->11614K(24716K), 0.0010489 secs]
29.052: [GC
Desired survivor size 557056 bytes, new threshold 1 (max 15)
- age   1:     671984 bytes,     671984 total
- age   2:     262792 bytes,     934776 total
- age   3:     108840 bytes,    1043616 total
 18119K->12507K(24716K), 0.0015266 secs]
29.058: [GC
Desired survivor size 557056 bytes, new threshold 15 (max 15)
- age   1:     345840 bytes,     345840 total
 19035K->12678K(24716K), 0.0013260 secs]
29.065: [GC
Desired survivor size 557056 bytes, new threshold 2 (max 15)
- age   1:     454096 bytes,     454096 total
- age   2:     263464 bytes,     717560 total
 19200K->13041K(24716K), 0.0010912 secs]
29.070: [GC
Desired survivor size 557056 bytes, new threshold 15 (max 15)
- age   1:     290728 bytes,     290728 total
- age   2:     235456 bytes,     526184 total
 19487K->13111K(24716K), 0.0011203 secs]
29.076: [GC
Desired survivor size 557056 bytes, new threshold 1 (max 15)
- age   1:     637480 bytes,     637480 total
- age   3:     235456 bytes,     872936 total
 19614K->13450K(24716K), 0.0013026 secs]
29.085: [GC
Desired survivor size 557056 bytes, new threshold 15 (max 15)
- age   1:     541968 bytes,     541968 total
 19845K->13861K(24716K), 0.0022004 secs]
29.093: [GC
Desired survivor size 557056 bytes, new threshold 2 (max 15)
- age   1:     241120 bytes,     241120 total
- age   2:     457632 bytes,     698752 total
 20343K->14014K(24716K), 0.0010486 secs]
29.099: [GC
Desired survivor size 557056 bytes, new threshold 2 (max 15)
- age   1:     399512 bytes,     399512 total
- age   2:     169744 bytes,     569256 total
 20542K->14216K(24716K), 0.0010930 secs]
29.105: [GC
Desired survivor size 557056 bytes, new threshold 2 (max 15)
- age   1:     515736 bytes,     515736 total
- age   2:     256808 bytes,     772544 total
 20711K->14589K(24716K), 0.0016195 secs]
29.112: [GC
Desired survivor size 557056 bytes, new threshold 2 (max 15)
- age   1:     541904 bytes,     541904 total
- age   2:      47688 bytes,     589592 total
 21061K->14658K(24716K), 0.0014343 secs]
29.118: [GC
Desired survivor size 557056 bytes, new threshold 15 (max 15)
- age   1:     143080 bytes,     143080 total
- age   2:     292952 bytes,     436032 total
 21100K->14555K(24716K), 0.0009090 secs]
29.123: [GC
Desired survivor size 557056 bytes, new threshold 1 (max 15)
- age   1:     577688 bytes,     577688 total
- age   2:      84552 bytes,     662240 total
- age   3:     190696 bytes,     852936 total
 21066K->14962K(24716K), 0.0012419 secs]
29.130: [GC
Desired survivor size 557056 bytes, new threshold 15 (max 15)
- age   1:     273400 bytes,     273400 total
 21398K->15012K(24716K), 0.0012549 secs]
29.135: [GC
Desired survivor size 557056 bytes, new threshold 1 (max 15)
- age   1:     579096 bytes,     579096 total
- age   2:     153216 bytes,     732312 total
 21498K->15460K(24716K), 0.0010595 secs]
29.140: [GC
Desired survivor size 557056 bytes, new threshold 15 (max 15)
- age   1:     181176 bytes,     181176 total
 21969K->15305K(24716K), 0.0010815 secs]
29.146: [GC
Desired survivor size 557056 bytes, new threshold 1 (max 15)
- age   1:     635840 bytes,     635840 total
- age   2:      69904 bytes,     705744 total
 21824K->15820K(24716K), 0.0012321 secs]
29.153: [GC
Desired survivor size 557056 bytes, new threshold 1 (max 15)
- age   1:     940144 bytes,     940144 total
 22288K->16490K(24716K), 0.0027863 secs]
29.164: [GC
Desired survivor size 557056 bytes, new threshold 15 (max 15)
- age   1:     353712 bytes,     353712 total
 22959K->16677K(24716K), 0.0013542 secs]
29.169: [GC
Desired survivor size 557056 bytes, new threshold 2 (max 15)
- age   1:     457256 bytes,     457256 total
- age   2:     290304 bytes,     747560 total
 23163K->17062K(24716K), 0.0012055 secs]
29.176: [GC
Desired survivor size 557056 bytes, new threshold 15 (max 15)
- age   1:     156280 bytes,     156280 total
- age   2:     391864 bytes,     548144 total
 23587K->17159K(24716K), 0.0017578 secs]
29.183: [GC
Desired survivor size 557056 bytes, new threshold 3 (max 15)
- age   1:      55632 bytes,      55632 total
- age   2:     110392 bytes,     166024 total
- age   3:     391864 bytes,     557888 total
 23661K->17167K(24716K), 0.0009899 secs]
29.190: [GC
Desired survivor size 557056 bytes, new threshold 1 (max 15)
- age   1:     662296 bytes,     662296 total
- age   2:       3736 bytes,     666032 total
- age   3:     110392 bytes,     776424 total
 23671K->17620K(24716K), 0.0015576 secs]
29.197: [GC
Desired survivor size 557056 bytes, new threshold 15 (max 15)
- age   1:     428936 bytes,     428936 total
 24119K->17869K(25100K), 0.0020087 secs]
29.199: [Full GC 17869K->8288K(25100K), 0.0710755 secs]
29.275: [GC
Desired survivor size 557056 bytes, new threshold 15 (max 15)
- age   1:     261072 bytes,     261072 total
 14760K->8546K(24716K), 0.0010381 secs]
29.281: [GC
Desired survivor size 557056 bytes, new threshold 1 (max 15)
- age   1:     571520 bytes,     571520 total
- age   2:     174640 bytes,     746160 total
 15074K->9018K(24716K), 0.0010805 secs]
29.289: [GC
Desired survivor size 557056 bytes, new threshold 15 (max 15)
- age   1:     221704 bytes,     221704 total
 15546K->9156K(24716K), 0.0014254 secs]
29.297: [GC
Desired survivor size 557056 bytes, new threshold 15 (max 15)
- age   1:      68072 bytes,      68072 total
- age   2:     113784 bytes,     181856 total
 15684K->9115K(24716K), 0.0015408 secs]
29.303: [GC
Desired survivor size 557056 bytes, new threshold 15 (max 15)
- age   1:     423152 bytes,     423152 total
- age   2:       3888 bytes,     427040 total
- age   3:     113784 bytes,     540824 total
 15619K->9463K(24716K), 0.0009242 secs]
29.308: [GC
Desired survivor size 557056 bytes, new threshold 1 (max 15)
- age   1:     738984 bytes,     738984 total
- age   2:     258376 bytes,     997360 total
- age   3:       3488 bytes,    1000848 total
- age   4:     112104 bytes,    1112952 total
 15931K->10031K(24716K), 0.0014112 secs]
29.315: [GC
Desired survivor size 557056 bytes, new threshold 15 (max 15)
- age   1:     287104 bytes,     287104 total
 16558K->10064K(24716K), 0.0012270 secs]
29.321: [GC
Desired survivor size 557056 bytes, new threshold 2 (max 15)
- age   1:     436136 bytes,     436136 total
- age   2:     238736 bytes,     674872 total
 16555K->10443K(24716K), 0.0010552 secs]
29.326: [GC
Desired survivor size 557056 bytes, new threshold 2 (max 15)
- age   1:     228392 bytes,     228392 total
- age   2:     332608 bytes,     561000 total
 16928K->10565K(24716K), 0.0012077 secs]
29.331: [GC
Desired survivor size 557056 bytes, new threshold 15 (max 15)
- age   1:     374304 bytes,     374304 total
- age   2:     174240 bytes,     548544 total
 17032K->10718K(24716K), 0.0010676 secs]
29.337: [GC
Desired survivor size 557056 bytes, new threshold 2 (max 15)
- age   1:     344872 bytes,     344872 total
- age   2:     318392 bytes,     663264 total
- age   3:     174240 bytes,     837504 total
 17228K->11000K(24716K), 0.0012824 secs]
29.343: [GC
Desired survivor size 557056 bytes, new threshold 15 (max 15)
- age   1:     176920 bytes,     176920 total
- age   2:     300760 bytes,     477680 total
 17525K->11144K(24716K), 0.0013667 secs]
29.350: [GC
Desired survivor size 557056 bytes, new threshold 3 (max 15)
- age   1:     402544 bytes,     402544 total
- age   2:      63376 bytes,     465920 total
- age   3:     300760 bytes,     766680 total
 17643K->11425K(24716K), 0.0010073 secs]
29.357: [GC
Desired survivor size 557056 bytes, new threshold 2 (max 15)
- age   1:     505048 bytes,     505048 total
- age   2:     232096 bytes,     737144 total
- age   3:      63376 bytes,     800520 total
 17913K->11752K(24716K), 0.0013366 secs]
29.364: [GC
Desired survivor size 557056 bytes, new threshold 2 (max 15)
- age   1:     223744 bytes,     223744 total
- age   2:     351520 bytes,     575264 total
 18280K->11814K(24716K), 0.0011802 secs]
29.372: [GC
Desired survivor size 557056 bytes, new threshold 15 (max 15)
- age   1:     351968 bytes,     351968 total
- age   2:     137352 bytes,     489320 total
 18332K->12085K(24716K), 0.0014144 secs]
29.380: [GC
Desired survivor size 557056 bytes, new threshold 2 (max 15)
- age   1:     488088 bytes,     488088 total
- age   2:     291056 bytes,     779144 total
- age   3:     137296 bytes,     916440 total
 18613K->12502K(24716K), 0.0012460 secs]
29.385: [GC
Desired survivor size 557056 bytes, new threshold 2 (max 15)
- age   1:     459120 bytes,     459120 total
- age   2:     193448 bytes,     652568 total
 19029K->12661K(24716K), 0.0014936 secs]
29.391: [GC
Desired survivor size 557056 bytes, new threshold 2 (max 15)
- age   1:     312016 bytes,     312016 total
- age   2:     313872 bytes,     625888 total
 19093K->12822K(24716K), 0.0013096 secs]
29.397: [GC
Desired survivor size 557056 bytes, new threshold 1 (max 15)
- age   1:     607200 bytes,     607200 total
- age   2:     232392 bytes,     839592 total
 19331K->13273K(24716K), 0.0014661 secs]
29.405: [GC
Desired survivor size 557056 bytes, new threshold 15 (max 15)
- age   1:     493672 bytes,     493672 total
 19789K->13507K(24716K), 0.0028825 secs]
29.412: [GC
Desired survivor size 557056 bytes, new threshold 2 (max 15)
- age   1:     443936 bytes,     443936 total
- age   2:     186752 bytes,     630688 total
 20031K->13641K(24716K), 0.0011268 secs]
29.417: [GC
Desired survivor size 557056 bytes, new threshold 1 (max 15)
- age   1:     604008 bytes,     604008 total
- age   2:     127768 bytes,     731776 total
 20103K->13930K(24716K), 0.0016054 secs]
29.423: [GC
Desired survivor size 557056 bytes, new threshold 15 (max 15)
- age   1:     163616 bytes,     163616 total
 20443K->13780K(24716K), 0.0010938 secs]
29.432: [GC
Desired survivor size 557056 bytes, new threshold 2 (max 15)
- age   1:     520576 bytes,     520576 total
- age   2:      84896 bytes,     605472 total
 20308K->14209K(24716K), 0.0011658 secs]
29.440: [GC
Desired survivor size 557056 bytes, new threshold 2 (max 15)
- age   1:     355168 bytes,     355168 total
- age   2:     394464 bytes,     749632 total
 20737K->14434K(24716K), 0.0013735 secs]
29.445: [GC
Desired survivor size 557056 bytes, new threshold 1 (max 15)
- age   1:     968736 bytes,     968736 total
- age   2:      98648 bytes,    1067384 total
 20922K->15103K(24716K), 0.0026893 secs]
29.452: [GC
Desired survivor size 557056 bytes, new threshold 15 (max 15)
- age   1:     153496 bytes,     153496 total
 21589K->15111K(24716K), 0.0020673 secs]
29.458: [GC
Desired survivor size 557056 bytes, new threshold 15 (max 15)
- age   1:     330568 bytes,     330568 total
- age   2:      71784 bytes,     402352 total
 21612K->15353K(24716K), 0.0008593 secs]
29.463: [GC
Desired survivor size 557056 bytes, new threshold 2 (max 15)
- age   1:     413384 bytes,     413384 total
- age   2:     266048 bytes,     679432 total
- age   3:      71784 bytes,     751216 total
 21875K->15692K(24716K), 0.0017870 secs]
29.469: [GC
Desired survivor size 557056 bytes, new threshold 15 (max 15)
- age   1:      37864 bytes,      37864 total
- age   2:     392304 bytes,     430168 total
 22217K->15708K(24716K), 0.0013754 secs]
29.475: [GC
Desired survivor size 557056 bytes, new threshold 15 (max 15)
- age   1:     106416 bytes,     106416 total
- age   2:      18224 bytes,     124640 total
- age   3:     392304 bytes,     516944 total
 22221K->15792K(24716K), 0.0012676 secs]
29.480: [GC
Desired survivor size 557056 bytes, new threshold 4 (max 15)
- age   1:     179120 bytes,     179120 total
- age   2:      68248 bytes,     247368 total
- age   3:      18224 bytes,     265592 total
- age   4:     392304 bytes,     657896 total
 22318K->15934K(24716K), 0.0013315 secs]
29.486: [GC
Desired survivor size 557056 bytes, new threshold 15 (max 15)
- age   1:     106384 bytes,     106384 total
- age   2:     138288 bytes,     244672 total
- age   3:      68248 bytes,     312920 total
- age   4:      18224 bytes,     331144 total
 22443K->15997K(24716K), 0.0013227 secs]
29.491: [GC
Desired survivor size 557056 bytes, new threshold 15 (max 15)
- age   1:     295880 bytes,     295880 total
- age   2:      93264 bytes,     389144 total
- age   3:     138288 bytes,     527432 total
- age   4:       3208 bytes,     530640 total
- age   5:      18224 bytes,     548864 total
 22494K->16214K(24716K), 0.0013910 secs]
29.497: [GC
Desired survivor size 557056 bytes, new threshold 4 (max 15)
- age   1:      70648 bytes,      70648 total
- age   2:     270256 bytes,     340904 total
- age   3:      93264 bytes,     434168 total
- age   4:     138288 bytes,     572456 total
- age   5:       3208 bytes,     575664 total
- age   6:      18224 bytes,     593888 total
 22735K->16251K(24716K), 0.0019088 secs]
29.503: [GC
Desired survivor size 557056 bytes, new threshold 15 (max 15)
- age   1:      36368 bytes,      36368 total
- age   2:      48120 bytes,      84488 total
- age   3:     270256 bytes,     354744 total
- age   4:      93264 bytes,     448008 total
 22779K->16278K(24716K), 0.0011625 secs]
29.509: [GC
Desired survivor size 557056 bytes, new threshold 15 (max 15)
- age   1:     350048 bytes,     350048 total
- age   2:       6344 bytes,     356392 total
- age   3:      48120 bytes,     404512 total
- age   4:      19176 bytes,     423688 total
- age   5:      93264 bytes,     516952 total
 22805K->16345K(24716K), 0.0013617 secs]
29.516: [GC
Desired survivor size 557056 bytes, new threshold 15 (max 15)
- age   1:     136152 bytes,     136152 total
- age   2:     192104 bytes,     328256 total
- age   3:       6344 bytes,     334600 total
- age   4:      48120 bytes,     382720 total
- age   5:      19176 bytes,     401896 total
- age   6:      93264 bytes,     495160 total
 22873K->16326K(24716K), 0.0012484 secs]
29.521: [GC
Desired survivor size 557056 bytes, new threshold 15 (max 15)
- age   1:      63032 bytes,      63032 total
- age   2:       7272 bytes,      70304 total
- age   3:     192104 bytes,     262408 total
- age   4:       6344 bytes,     268752 total
- age   5:      48120 bytes,     316872 total
- age   6:      19176 bytes,     336048 total
- age   7:      93264 bytes,     429312 total
 22839K->16262K(24716K), 0.0014568 secs]
29.528: [GC
Desired survivor size 557056 bytes, new threshold 15 (max 15)
- age   1:     219984 bytes,     219984 total
- age   3:       7272 bytes,     227256 total
- age   4:      23816 bytes,     251072 total
- age   5:       6344 bytes,     257416 total
- age   6:      48120 bytes,     305536 total
- age   7:      19176 bytes,     324712 total
- age   8:      93264 bytes,     417976 total
 22777K->16253K(24716K), 0.0008400 secs]
29.533: [GC
Desired survivor size 557056 bytes, new threshold 7 (max 15)
- age   1:     343432 bytes,     343432 total
- age   2:     137136 bytes,     480568 total
- age   4:       7272 bytes,     487840 total
- age   5:      23816 bytes,     511656 total
- age   6:       6344 bytes,     518000 total
- age   7:      48120 bytes,     566120 total
- age   8:      19176 bytes,     585296 total
- age   9:      93264 bytes,     678560 total
 22746K->16508K(24716K), 0.0011759 secs]
29.539: [GC
Desired survivor size 557056 bytes, new threshold 1 (max 15)
- age   1:     573392 bytes,     573392 total
- age   2:     257144 bytes,     830536 total
- age   3:      84352 bytes,     914888 total
- age   5:       7272 bytes,     922160 total
- age   6:      23816 bytes,     945976 total
- age   7:       6344 bytes,     952320 total
 23008K->16924K(24716K), 0.0015075 secs]
29.545: [GC
Desired survivor size 557056 bytes, new threshold 15 (max 15)
- age   1:     116336 bytes,     116336 total
 23425K->16665K(24716K), 0.0014844 secs]
29.555: [GC
Desired survivor size 557056 bytes, new threshold 15 (max 15)
- age   1:     248704 bytes,     248704 total
- age   2:      45280 bytes,     293984 total
 23190K->16827K(24716K), 0.0008164 secs]
29.561: [GC
Desired survivor size 557056 bytes, new threshold 15 (max 15)
- age   1:     250504 bytes,     250504 total
- age   2:     245568 bytes,     496072 total
- age   3:      45280 bytes,     541352 total
 23349K->17068K(24716K), 0.0009961 secs]
29.568: [GC
Desired survivor size 557056 bytes, new threshold 3 (max 15)
- age   1:     131744 bytes,     131744 total
- age   2:     229136 bytes,     360880 total
- age   3:     245088 bytes,     605968 total
- age   4:      45280 bytes,     651248 total
 23593K->17175K(24716K), 0.0012901 secs]
29.575: [GC
Desired survivor size 557056 bytes, new threshold 1 (max 15)
- age   1:     701168 bytes,     701168 total
- age   2:     107256 bytes,     808424 total
- age   3:     144592 bytes,     953016 total
 23682K->17760K(24716K), 0.0015682 secs]
29.581: [GC
Desired survivor size 557056 bytes, new threshold 1 (max 15)
- age   1:     751408 bytes,     751408 total
 24251K->18213K(25100K), 0.0015927 secs]
29.583: [Full GC 18213K->8500K(25100K), 0.0715928 secs]
29.659: [GC
Desired survivor size 557056 bytes, new threshold 15 (max 15)
- age   1:     484392 bytes,     484392 total
 15017K->8976K(24716K), 0.0009056 secs]
29.664: [GC
Desired survivor size 557056 bytes, new threshold 2 (max 15)
- age   1:     271536 bytes,     271536 total
- age   2:     399400 bytes,     670936 total
 15468K->9158K(24716K), 0.0010913 secs]
29.669: [GC
Desired survivor size 557056 bytes, new threshold 15 (max 15)
- age   1:     256632 bytes,     256632 total
- age   2:     237536 bytes,     494168 total
 15679K->9392K(24716K), 0.0014018 secs]
29.675: [GC
Desired survivor size 557056 bytes, new threshold 15 (max 15)
- age   1:     253952 bytes,     253952 total
- age   2:     182512 bytes,     436464 total
- age   3:      64840 bytes,     501304 total
 15871K->9398K(24716K), 0.0012127 secs]
29.686: [GC
Desired survivor size 557056 bytes, new threshold 1 (max 15)
- age   1:     579080 bytes,     579080 total
- age   2:      80584 bytes,     659664 total
- age   3:     182512 bytes,     842176 total
- age   4:      64840 bytes,     907016 total
 15926K->9792K(24716K), 0.0011086 secs]
29.691: [GC
Desired survivor size 557056 bytes, new threshold 15 (max 15)
- age   1:     436016 bytes,     436016 total
 16276K->10156K(24716K), 0.0017170 secs]
29.697: [GC
Desired survivor size 557056 bytes, new threshold 2 (max 15)
- age   1:     273392 bytes,     273392 total
- age   2:     336760 bytes,     610152 total
 16663K->10321K(24716K), 0.0018029 secs]
29.704: [GC
Desired survivor size 557056 bytes, new threshold 15 (max 15)
- age   1:     325792 bytes,     325792 total
- age   2:     219152 bytes,     544944 total
 16842K->10586K(24716K), 0.0012834 secs]
29.710: [GC
Desired survivor size 557056 bytes, new threshold 2 (max 15)
- age   1:     441072 bytes,     441072 total
- age   2:     249520 bytes,     690592 total
- age   3:     219152 bytes,     909744 total
 17104K->10942K(24716K), 0.0012999 secs]
29.715: [GC
Desired survivor size 557056 bytes, new threshold 15 (max 15)
- age   1:     184264 bytes,     184264 total
- age   2:     351296 bytes,     535560 total
 17446K->11034K(24716K), 0.0014457 secs]
29.722: [GC
Desired survivor size 557056 bytes, new threshold 3 (max 15)
- age   1:     271584 bytes,     271584 total
- age   2:     157640 bytes,     429224 total
- age   3:     225968 bytes,     655192 total
 17512K->11151K(24716K), 0.0011454 secs]
29.727: [GC
Desired survivor size 557056 bytes, new threshold 3 (max 15)
- age   1:     375336 bytes,     375336 total
- age   2:      69272 bytes,     444608 total
- age   3:     157640 bytes,     602248 total
 17656K->11320K(24716K), 0.0012018 secs]
29.733: [GC
Desired survivor size 557056 bytes, new threshold 3 (max 15)
- age   1:     256328 bytes,     256328 total
- age   2:     299312 bytes,     555640 total
- age   3:      69272 bytes,     624912 total
 17828K->11496K(24716K), 0.0011726 secs]
29.738: [GC
Desired survivor size 557056 bytes, new threshold 3 (max 15)
- age   1:     323144 bytes,     323144 total
- age   2:     100424 bytes,     423568 total
- age   3:     299312 bytes,     722880 total
 17995K->11659K(24716K), 0.0012036 secs]
29.743: [GC
Desired survivor size 557056 bytes, new threshold 3 (max 15)
- age   1:     201544 bytes,     201544 total
- age   2:     303984 bytes,     505528 total
- age   3:     100424 bytes,     605952 total
 18159K->11814K(24716K), 0.0012446 secs]
29.749: [GC
Desired survivor size 557056 bytes, new threshold 3 (max 15)
- age   1:     190320 bytes,     190320 total
- age   2:     106256 bytes,     296576 total
- age   3:     303984 bytes,     600560 total
 18342K->11906K(24716K), 0.0011066 secs]
29.755: [GC
Desired survivor size 557056 bytes, new threshold 1 (max 15)
- age   1:     594360 bytes,     594360 total
- age   2:     130168 bytes,     724528 total
- age   3:     106256 bytes,     830784 total
 18378K->12427K(24716K), 0.0017323 secs]
29.761: [GC
Desired survivor size 557056 bytes, new threshold 15 (max 15)
- age   1:     538728 bytes,     538728 total
 18954K->12733K(24716K), 0.0014816 secs]
29.768: [GC
Desired survivor size 557056 bytes, new threshold 2 (max 15)
- age   1:     374056 bytes,     374056 total
- age   2:     316192 bytes,     690248 total
 19201K->12881K(24716K), 0.0010956 secs]
29.773: [GC
Desired survivor size 557056 bytes, new threshold 15 (max 15)
- age   1:     154680 bytes,     154680 total
- age   2:     241328 bytes,     396008 total
 19399K->12731K(24716K), 0.0010224 secs]
29.782: [GC
Desired survivor size 557056 bytes, new threshold 15 (max 15)
- age   1:     290992 bytes,     290992 total
- age   3:      80832 bytes,     371824 total
 19232K->12707K(24716K), 0.0009261 secs]
29.787: [GC
Desired survivor size 557056 bytes, new threshold 15 (max 15)
- age   1:      81312 bytes,      81312 total
- age   2:     221320 bytes,     302632 total
- age   4:      80832 bytes,     383464 total
 19235K->12717K(24716K), 0.0008945 secs]
29.792: [GC
Desired survivor size 557056 bytes, new threshold 15 (max 15)
- age   1:     226816 bytes,     226816 total
- age   2:       8664 bytes,     235480 total
- age   3:     221320 bytes,     456800 total
- age   5:      80832 bytes,     537632 total
 19243K->12868K(24716K), 0.0013932 secs]
29.798: [GC
Desired survivor size 557056 bytes, new threshold 4 (max 15)
- age   1:     185600 bytes,     185600 total
- age   2:     150904 bytes,     336504 total
- age   3:       8664 bytes,     345168 total
- age   4:     221320 bytes,     566488 total
- age   6:      80832 bytes,     647320 total
 19390K->12976K(24716K), 0.0018658 secs]
29.804: [GC
Desired survivor size 557056 bytes, new threshold 2 (max 15)
- age   1:     477032 bytes,     477032 total
- age   2:     107616 bytes,     584648 total
- age   3:     150904 bytes,     735552 total
- age   4:       8664 bytes,     744216 total
 19483K->13373K(24716K), 0.0015137 secs]
29.809: [GC
Desired survivor size 557056 bytes, new threshold 2 (max 15)
- age   1:     349824 bytes,     349824 total
- age   2:     315432 bytes,     665256 total
 19852K->13562K(24716K), 0.0017549 secs]
29.815: [GC
Desired survivor size 557056 bytes, new threshold 2 (max 15)
- age   1:     343400 bytes,     343400 total
- age   2:     278440 bytes,     621840 total
 20061K->13822K(24716K), 0.0014078 secs]
29.820: [GC
Desired survivor size 557056 bytes, new threshold 15 (max 15)
- age   1:     230272 bytes,     230272 total
- age   2:      60880 bytes,     291152 total
 20323K->13770K(24716K), 0.0011712 secs]
29.827: [GC
Desired survivor size 557056 bytes, new threshold 15 (max 15)
- age   1:     316128 bytes,     316128 total
- age   2:     119208 bytes,     435336 total
- age   3:      60880 bytes,     496216 total
 20258K->13970K(24716K), 0.0012400 secs]
29.832: [GC
Desired survivor size 557056 bytes, new threshold 2 (max 15)
- age   1:     384632 bytes,     384632 total
- age   2:     179336 bytes,     563968 total
- age   4:      60880 bytes,     624848 total
 20472K->14097K(24716K), 0.0010419 secs]
29.837: [GC
Desired survivor size 557056 bytes, new threshold 2 (max 15)
- age   1:     555384 bytes,     555384 total
- age   2:     306648 bytes,     862032 total
 20611K->14571K(24716K), 0.0014335 secs]
29.843: [GC
Desired survivor size 557056 bytes, new threshold 2 (max 15)
- age   1:     552368 bytes,     552368 total
- age   2:     477000 bytes,    1029368 total
 21086K->15034K(24716K), 0.0015733 secs]
29.850: [GC
Desired survivor size 557056 bytes, new threshold 15 (max 15)
- age   1:     186256 bytes,     186256 total
- age   2:     281688 bytes,     467944 total
 21520K->14952K(24716K), 0.0012505 secs]
29.856: [GC
Desired survivor size 557056 bytes, new threshold 15 (max 15)
- age   1:     325536 bytes,     325536 total
- age   3:     200472 bytes,     526008 total
 21469K->15008K(24716K), 0.0008249 secs]
29.861: [GC
Desired survivor size 557056 bytes, new threshold 15 (max 15)
- age   1:     218016 bytes,     218016 total
- age   2:      35152 bytes,     253168 total
- age   4:     200472 bytes,     453640 total
 21519K->14936K(24716K), 0.0012167 secs]
29.868: [GC
Desired survivor size 557056 bytes, new threshold 15 (max 15)
- age   1:     116816 bytes,     116816 total
- age   2:     132960 bytes,     249776 total
- age   3:      35152 bytes,     284928 total
- age   5:     200472 bytes,     485400 total
 21454K->14968K(24716K), 0.0009387 secs]
29.876: [GC
Desired survivor size 557056 bytes, new threshold 15 (max 15)
- age   1:     185848 bytes,     185848 total
- age   2:      86568 bytes,     272416 total
- age   3:        680 bytes,     273096 total
- age   4:      35152 bytes,     308248 total
- age   6:     200472 bytes,     508720 total
 21475K->14989K(24716K), 0.0008578 secs]
29.881: [GC
Desired survivor size 557056 bytes, new threshold 15 (max 15)
- age   1:      75224 bytes,      75224 total
- age   2:      92280 bytes,     167504 total
- age   3:      86568 bytes,     254072 total
- age   4:        680 bytes,     254752 total
- age   5:      35152 bytes,     289904 total
- age   7:     200472 bytes,     490376 total
 21514K->14972K(24716K), 0.0010462 secs]
29.886: [GC
Desired survivor size 557056 bytes, new threshold 6 (max 15)
- age   1:     293032 bytes,     293032 total
- age   2:      68904 bytes,     361936 total
- age   3:      92280 bytes,     454216 total
- age   4:      86568 bytes,     540784 total
- age   5:        680 bytes,     541464 total
- age   6:      35152 bytes,     576616 total
- age   8:     200472 bytes,     777088 total
 21454K->15252K(24716K), 0.0015327 secs]
29.892: [GC
Desired survivor size 557056 bytes, new threshold 3 (max 15)
- age   1:     377008 bytes,     377008 total
- age   2:     161560 bytes,     538568 total
- age   3:      68864 bytes,     607432 total
- age   4:       1960 bytes,     609392 total
- age   5:      86568 bytes,     695960 total
- age   6:        680 bytes,     696640 total
 21762K->15407K(24716K), 0.0013174 secs]
29.897: [GC
Desired survivor size 557056 bytes, new threshold 2 (max 15)
- age   1:     393920 bytes,     393920 total
- age   2:     293904 bytes,     687824 total
- age   3:     161560 bytes,     849384 total
 21933K->15722K(24716K), 0.0013802 secs]
29.903: [GC
Desired survivor size 557056 bytes, new threshold 15 (max 15)
- age   1:     172256 bytes,     172256 total
- age   2:     102272 bytes,     274528 total
 22244K->15595K(24716K), 0.0013740 secs]
29.910: [GC
Desired survivor size 557056 bytes, new threshold 1 (max 15)
- age   1:     739792 bytes,     739792 total
- age   2:      84704 bytes,     824496 total
- age   3:     102272 bytes,     926768 total
 22118K->16233K(24716K), 0.0015681 secs]
29.916: [GC
Desired survivor size 557056 bytes, new threshold 15 (max 15)
- age   1:     215984 bytes,     215984 total
 22755K->16176K(24716K), 0.0017789 secs]
29.921: [GC
Desired survivor size 557056 bytes, new threshold 15 (max 15)
- age   1:     136296 bytes,     136296 total
- age   2:     184960 bytes,     321256 total
 22675K->16278K(24716K), 0.0009739 secs]
29.926: [GC
Desired survivor size 557056 bytes, new threshold 3 (max 15)
- age   1:     440104 bytes,     440104 total
- age   2:     102256 bytes,     542360 total
- age   3:     116528 bytes,     658888 total
 22804K->16608K(24716K), 0.0010988 secs]
29.931: [GC
Desired survivor size 557056 bytes, new threshold 2 (max 15)
- age   1:     209240 bytes,     209240 total
- age   2:     413480 bytes,     622720 total
- age   3:     102256 bytes,     724976 total
 23134K->16786K(24716K), 0.0013211 secs]
29.937: [GC
Desired survivor size 557056 bytes, new threshold 15 (max 15)
- age   1:      74600 bytes,      74600 total
- age   2:      70208 bytes,     144808 total
 23284K->16731K(24716K), 0.0010348 secs]
29.943: [GC
Desired survivor size 557056 bytes, new threshold 15 (max 15)
- age   1:     353928 bytes,     353928 total
- age   2:      41264 bytes,     395192 total
- age   3:      70208 bytes,     465400 total
 23240K->17044K(24716K), 0.0010901 secs]
29.948: [GC
Desired survivor size 557056 bytes, new threshold 2 (max 15)
- age   1:     349472 bytes,     349472 total
- age   2:     250688 bytes,     600160 total
- age   3:      41264 bytes,     641424 total
- age   4:      70208 bytes,     711632 total
 23549K->17285K(24716K), 0.0011137 secs]
29.954: [GC
Desired survivor size 557056 bytes, new threshold 2 (max 15)
- age   1:     503504 bytes,     503504 total
- age   2:     279224 bytes,     782728 total
 23756K->17716K(24716K), 0.0013521 secs]
29.959: [GC
Desired survivor size 557056 bytes, new threshold 15 (max 15)
- age   1:      99200 bytes,      99200 total
- age   2:     351808 bytes,     451008 total
 24196K->17665K(24908K), 0.0014074 secs]
29.961: [Full GC 17665K->8879K(24908K), 0.0712254 secs]
30.038: [GC
Desired survivor size 557056 bytes, new threshold 1 (max 15)
- age   1:     660624 bytes,     660624 total
 15377K->9528K(24716K), 0.0009935 secs]
30.043: [GC
Desired survivor size 557056 bytes, new threshold 15 (max 15)
- age   1:     441544 bytes,     441544 total
 16018K->9753K(24716K), 0.0012847 secs]
30.049: [GC
Desired survivor size 557056 bytes, new threshold 15 (max 15)
- age   1:      99048 bytes,      99048 total
- age   2:     334872 bytes,     433920 total
 16265K->9745K(24716K), 0.0009107 secs]
30.054: [GC
Desired survivor size 557056 bytes, new threshold 3 (max 15)
- age   1:     370960 bytes,     370960 total
- age   2:         32 bytes,     370992 total
- age   3:     291944 bytes,     662936 total
 16236K->9969K(24716K), 0.0014004 secs]
30.059: [GC
Desired survivor size 557056 bytes, new threshold 15 (max 15)
- age   1:     106224 bytes,     106224 total
- age   2:     166088 bytes,     272312 total
- age   3:         32 bytes,     272344 total
 16480K->9881K(24716K), 0.0011002 secs]
30.064: [GC
Desired survivor size 557056 bytes, new threshold 15 (max 15)
- age   1:     173624 bytes,     173624 total
- age   2:      47632 bytes,     221256 total
- age   3:     166088 bytes,     387344 total
- age   4:         32 bytes,     387376 total
 16332K->9993K(24716K), 0.0009367 secs]
30.069: [GC
Desired survivor size 557056 bytes, new threshold 4 (max 15)
- age   1:     283480 bytes,     283480 total
- age   2:      73968 bytes,     357448 total
- age   3:      47632 bytes,     405080 total
- age   4:     166088 bytes,     571168 total
- age   5:         32 bytes,     571200 total
 16505K->10172K(24716K), 0.0009372 secs]
30.074: [GC
Desired survivor size 557056 bytes, new threshold 4 (max 15)
- age   1:     252176 bytes,     252176 total
- age   2:     222728 bytes,     474904 total
- age   3:      73968 bytes,     548872 total
- age   4:      47632 bytes,     596504 total
 16691K->10359K(24716K), 0.0011412 secs]
30.080: [GC
Desired survivor size 557056 bytes, new threshold 2 (max 15)
- age   1:     462976 bytes,     462976 total
- age   2:     208856 bytes,     671832 total
- age   3:     222728 bytes,     894560 total
- age   4:      73968 bytes,     968528 total
 16884K->10769K(24716K), 0.0013169 secs]
30.085: [GC
Desired survivor size 557056 bytes, new threshold 15 (max 15)
- age   1:     138232 bytes,     138232 total
- age   2:     376400 bytes,     514632 total
 17296K->10820K(24716K), 0.0013982 secs]
30.092: [GC
Desired survivor size 557056 bytes, new threshold 1 (max 15)
- age   1:     770880 bytes,     770880 total
- age   2:      42848 bytes,     813728 total
- age   3:     122376 bytes,     936104 total
 17321K->11231K(24716K), 0.0012358 secs]
30.098: [GC
Desired survivor size 557056 bytes, new threshold 15 (max 15)
- age   1:     393648 bytes,     393648 total
 17739K->11147K(24716K), 0.0012941 secs]
30.104: [GC
Desired survivor size 557056 bytes, new threshold 15 (max 15)
- age   1:     188600 bytes,     188600 total
- age   2:     106080 bytes,     294680 total
 17669K->11048K(24716K), 0.0010653 secs]
30.109: [GC
Desired survivor size 557056 bytes, new threshold 15 (max 15)
- age   1:     352760 bytes,     352760 total
- age   2:         96 bytes,     352856 total
- age   3:     106080 bytes,     458936 total
 17564K->11210K(24716K), 0.0009017 secs]
30.114: [GC
Desired survivor size 557056 bytes, new threshold 4 (max 15)
- age   1:     223776 bytes,     223776 total
- age   2:     277984 bytes,     501760 total
- age   3:         96 bytes,     501856 total
- age   4:     106080 bytes,     607936 total
 17735K->11356K(24716K), 0.0013882 secs]
30.119: [GC
Desired survivor size 557056 bytes, new threshold 3 (max 15)
- age   1:     308688 bytes,     308688 total
- age   2:      86448 bytes,     395136 total
- age   3:     277952 bytes,     673088 total
- age   4:         40 bytes,     673128 total
 17841K->11523K(24716K), 0.0012264 secs]
30.125: [GC
Desired survivor size 557056 bytes, new threshold 15 (max 15)
- age   1:     143496 bytes,     143496 total
- age   2:     170608 bytes,     314104 total
- age   3:      86448 bytes,     400552 total
 18045K->11528K(24716K), 0.0014152 secs]
30.131: [GC
Desired survivor size 557056 bytes, new threshold 15 (max 15)
- age   1:     207600 bytes,     207600 total
- age   3:     170608 bytes,     378208 total
- age   4:      86448 bytes,     464656 total
 18036K->11591K(24716K), 0.0010005 secs]
30.136: [GC
Desired survivor size 557056 bytes, new threshold 15 (max 15)
- age   1:     235800 bytes,     235800 total
- age   2:      33008 bytes,     268808 total
- age   4:     170608 bytes,     439416 total
- age   5:      86448 bytes,     525864 total
 18092K->11651K(24716K), 0.0010609 secs]
30.141: [GC
Desired survivor size 557056 bytes, new threshold 2 (max 15)
- age   1:     530408 bytes,     530408 total
- age   2:     120328 bytes,     650736 total
- age   3:      33008 bytes,     683744 total
- age   5:     170608 bytes,     854352 total
- age   6:      86448 bytes,     940800 total
 18163K->12056K(24716K), 0.0015729 secs]
30.147: [GC
Desired survivor size 557056 bytes, new threshold 15 (max 15)
- age   1:     367248 bytes,     367248 total
- age   2:     149704 bytes,     516952 total
 18548K->12057K(24716K), 0.0019468 secs]
30.153: [GC
Desired survivor size 557056 bytes, new threshold 3 (max 15)
- age   1:     222616 bytes,     222616 total
- age   2:     267120 bytes,     489736 total
- age   3:     149704 bytes,     639440 total
 18554K->12178K(24716K), 0.0016069 secs]
30.159: [GC
Desired survivor size 557056 bytes, new threshold 15 (max 15)
- age   1:     119128 bytes,     119128 total
- age   2:     129000 bytes,     248128 total
 18662K->11942K(24716K), 0.0008953 secs]
30.164: [GC
Desired survivor size 557056 bytes, new threshold 1 (max 15)
- age   1:     796608 bytes,     796608 total
- age   2:      68208 bytes,     864816 total
- age   3:     129000 bytes,     993816 total
 18429K->12670K(24716K), 0.0012712 secs]
30.169: [GC
Desired survivor size 557056 bytes, new threshold 1 (max 15)
- age   1:     631904 bytes,     631904 total
 19192K->12827K(24716K), 0.0015906 secs]
30.175: [GC
Desired survivor size 557056 bytes, new threshold 15 (max 15)
- age   1:     306448 bytes,     306448 total
 19354K->12861K(24716K), 0.0010671 secs]
30.180: [GC
Desired survivor size 557056 bytes, new threshold 2 (max 15)
- age   1:     549016 bytes,     549016 total
- age   2:     183552 bytes,     732568 total
 19369K->13277K(24716K), 0.0010767 secs]
30.186: [GC
Desired survivor size 557056 bytes, new threshold 2 (max 15)
- age   1:     450728 bytes,     450728 total
- age   2:     299256 bytes,     749984 total
 19802K->13473K(24716K), 0.0013228 secs]
30.192: [GC
Desired survivor size 557056 bytes, new threshold 1 (max 15)
- age   1:     595024 bytes,     595024 total
- age   2:     142016 bytes,     737040 total
 19935K->13751K(24716K), 0.0016191 secs]
30.198: [GC
Desired survivor size 557056 bytes, new threshold 15 (max 15)
- age   1:     149616 bytes,     149616 total
 20264K->13638K(24716K), 0.0016035 secs]
30.206: [GC
Desired survivor size 557056 bytes, new threshold 1 (max 15)
- age   1:     878800 bytes,     878800 total
- age   2:      63312 bytes,     942112 total
 20138K->14411K(24716K), 0.0021652 secs]
30.213: [GC
Desired survivor size 557056 bytes, new threshold 15 (max 15)
- age   1:     147688 bytes,     147688 total
 20910K->14469K(24716K), 0.0016474 secs]
30.221: [GC
Desired survivor size 557056 bytes, new threshold 1 (max 15)
- age   1:     711384 bytes,     711384 total
- age   2:     102368 bytes,     813752 total
 20969K->15119K(24716K), 0.0012781 secs]
30.227: [GC
Desired survivor size 557056 bytes, new threshold 15 (max 15)
- age   1:     259624 bytes,     259624 total
 21640K->15205K(24716K), 0.0019106 secs]
30.233: [GC
Desired survivor size 557056 bytes, new threshold 15 (max 15)
- age   1:     280608 bytes,     280608 total
- age   2:     200176 bytes,     480784 total
 21640K->15423K(24716K), 0.0010686 secs]
30.238: [GC
Desired survivor size 557056 bytes, new threshold 2 (max 15)
- age   1:     347024 bytes,     347024 total
- age   2:     228528 bytes,     575552 total
- age   3:     200176 bytes,     775728 total
 21933K->15711K(24716K), 0.0012491 secs]
30.244: [GC
Desired survivor size 557056 bytes, new threshold 15 (max 15)
- age   1:     189064 bytes,     189064 total
- age   2:     247992 bytes,     437056 total
 22234K->15677K(24716K), 0.0013067 secs]
30.249: [GC
Desired survivor size 557056 bytes, new threshold 3 (max 15)
- age   1:     391120 bytes,     391120 total
- age   2:     128152 bytes,     519272 total
- age   3:     247992 bytes,     767264 total
 22094K->16000K(24716K), 0.0012870 secs]
30.256: [GC
Desired survivor size 557056 bytes, new threshold 3 (max 15)
- age   1:     412736 bytes,     412736 total
- age   2:     128984 bytes,     541720 total
- age   3:     128152 bytes,     669872 total
 22486K->16154K(24716K), 0.0012332 secs]
30.263: [GC
Desired survivor size 557056 bytes, new threshold 1 (max 15)
- age   1:     777320 bytes,     777320 total
- age   2:     185872 bytes,     963192 total
- age   3:     128984 bytes,    1092176 total
 22643K->16745K(24716K), 0.0015446 secs]
30.273: [GC
Desired survivor size 557056 bytes, new threshold 1 (max 15)
- age   1:     686144 bytes,     686144 total
 23254K->17232K(24716K), 0.0019208 secs]
30.279: [GC
Desired survivor size 557056 bytes, new threshold 15 (max 15)
- age   1:     212592 bytes,     212592 total
 23745K->17281K(24716K), 0.0011608 secs]
30.284: [GC
Desired survivor size 557056 bytes, new threshold 2 (max 15)
- age   1:     449616 bytes,     449616 total
- age   2:     129928 bytes,     579544 total
 23717K->17638K(24716K), 0.0012590 secs]
30.289: [GC
Desired survivor size 557056 bytes, new threshold 15 (max 15)
- age   1:     148320 bytes,     148320 total
- age   2:     365432 bytes,     513752 total
 24139K->17641K(24908K), 0.0011477 secs]
30.291: [Full GC 17641K->8680K(24908K), 0.0709419 secs]
30.368: [GC
Desired survivor size 557056 bytes, new threshold 15 (max 15)
- age   1:     235680 bytes,     235680 total
 15208K->8911K(24716K), 0.0007412 secs]
30.374: [GC
Desired survivor size 557056 bytes, new threshold 15 (max 15)
- age   1:     147408 bytes,     147408 total
- age   2:     234552 bytes,     381960 total
 15437K->9055K(24716K), 0.0009995 secs]
30.379: [GC
Desired survivor size 557056 bytes, new threshold 2 (max 15)
- age   1:     548880 bytes,     548880 total
- age   2:     144568 bytes,     693448 total
- age   3:     234552 bytes,     928000 total
 15568K->9590K(24716K), 0.0012498 secs]
30.385: [GC
Desired survivor size 557056 bytes, new threshold 1 (max 15)
- age   1:     607808 bytes,     607808 total
- age   2:     271040 bytes,     878848 total
 16057K->9931K(24716K), 0.0016356 secs]
30.390: [GC
Desired survivor size 557056 bytes, new threshold 1 (max 15)
- age   1:     717352 bytes,     717352 total
 16442K->10624K(24716K), 0.0018589 secs]
30.397: [GC
Desired survivor size 557056 bytes, new threshold 15 (max 15)
- age   1:     439168 bytes,     439168 total
 17152K->10989K(24716K), 0.0018286 secs]
30.404: [GC
Desired survivor size 557056 bytes, new threshold 15 (max 15)
- age   1:     225480 bytes,     225480 total
- age   2:     248944 bytes,     474424 total
 17510K->11024K(24716K), 0.0012991 secs]
30.410: [GC
Desired survivor size 557056 bytes, new threshold 2 (max 15)
- age   1:     430376 bytes,     430376 total
- age   2:     163928 bytes,     594304 total
- age   3:     183640 bytes,     777944 total
 17500K->11318K(24716K), 0.0014849 secs]
30.415: [GC
Desired survivor size 557056 bytes, new threshold 2 (max 15)
- age   1:     470304 bytes,     470304 total
- age   2:     133576 bytes,     603880 total
 17748K->11490K(24716K), 0.0015966 secs]
30.421: [GC
Desired survivor size 557056 bytes, new threshold 2 (max 15)
- age   1:     364208 bytes,     364208 total
- age   2:     208088 bytes,     572296 total
 17994K->11589K(24716K), 0.0010829 secs]
30.426: [GC
Desired survivor size 557056 bytes, new threshold 15 (max 15)
- age   1:     222352 bytes,     222352 total
- age   2:     215264 bytes,     437616 total
 18090K->11659K(24716K), 0.0011344 secs]
30.431: [GC
Desired survivor size 557056 bytes, new threshold 15 (max 15)
- age   1:     254992 bytes,     254992 total
- age   2:     136712 bytes,     391704 total
- age   3:     146336 bytes,     538040 total
 18148K->11759K(24716K), 0.0010642 secs]
30.439: [GC
Desired survivor size 557056 bytes, new threshold 1 (max 15)
- age   1:     609168 bytes,     609168 total
- age   2:     209200 bytes,     818368 total
- age   3:     136712 bytes,     955080 total
- age   4:     146336 bytes,    1101416 total
 18221K->12309K(24716K), 0.0018133 secs]
30.449: [GC
Desired survivor size 557056 bytes, new threshold 15 (max 15)
- age   1:     502664 bytes,     502664 total
 18790K->12636K(24716K), 0.0017583 secs]
30.455: [GC
Desired survivor size 557056 bytes, new threshold 2 (max 15)
- age   1:     252928 bytes,     252928 total
- age   2:     389976 bytes,     642904 total
 19140K->12775K(24716K), 0.0010250 secs]
30.460: [GC
Desired survivor size 557056 bytes, new threshold 15 (max 15)
- age   1:     198160 bytes,     198160 total
- age   2:     151320 bytes,     349480 total
 19268K->12736K(24716K), 0.0013762 secs]
30.469: [GC
Desired survivor size 557056 bytes, new threshold 15 (max 15)
- age   1:      66608 bytes,      66608 total
- age   2:     145008 bytes,     211616 total
- age   3:     151320 bytes,     362936 total
 19250K->12752K(24716K), 0.0008051 secs]
30.474: [GC
Desired survivor size 557056 bytes, new threshold 15 (max 15)
- age   1:     248040 bytes,     248040 total
- age   2:      10640 bytes,     258680 total
- age   4:     151320 bytes,     410000 total
 19271K->12799K(24716K), 0.0011247 secs]
30.479: [GC
Desired survivor size 557056 bytes, new threshold 15 (max 15)
- age   1:      96080 bytes,      96080 total
- age   2:     172752 bytes,     268832 total
- age   3:       8936 bytes,     277768 total
- age   5:     151320 bytes,     429088 total
 19309K->12816K(24716K), 0.0009036 secs]
30.486: [GC
Desired survivor size 557056 bytes, new threshold 15 (max 15)
- age   1:      86896 bytes,      86896 total
- age   2:      18000 bytes,     104896 total
- age   3:     172712 bytes,     277608 total
- age   4:       7840 bytes,     285448 total
- age   6:     151320 bytes,     436768 total
 19192K->12827K(24716K), 0.0008644 secs]
30.491: [GC
Desired survivor size 557056 bytes, new threshold 15 (max 15)
- age   1:     140872 bytes,     140872 total
- age   2:       6616 bytes,     147488 total
- age   3:      18000 bytes,     165488 total
- age   5:       7840 bytes,     173328 total
- age   7:     151320 bytes,     324648 total
 19308K->12722K(24716K), 0.0008580 secs]
30.496: [GC
Desired survivor size 557056 bytes, new threshold 15 (max 15)
- age   1:     264856 bytes,     264856 total
- age   2:      59344 bytes,     324200 total
- age   3:       4360 bytes,     328560 total
- age   4:      18000 bytes,     346560 total
- age   6:       7728 bytes,     354288 total
- age   8:     151320 bytes,     505608 total
 19233K->12902K(24716K), 0.0009339 secs]
30.501: [GC
Desired survivor size 557056 bytes, new threshold 15 (max 15)
- age   1:     270928 bytes,     270928 total
- age   2:       3024 bytes,     273952 total
- age   3:      59344 bytes,     333296 total
- age   4:       4360 bytes,     337656 total
- age   5:      18000 bytes,     355656 total
- age   7:       7728 bytes,     363384 total
- age   9:     151320 bytes,     514704 total
 19427K->12901K(24716K), 0.0009435 secs]
30.506: [GC
Desired survivor size 557056 bytes, new threshold 15 (max 15)
- age   1:     108224 bytes,     108224 total
- age   3:       3024 bytes,     111248 total
- age   4:      59344 bytes,     170592 total
- age   5:       4360 bytes,     174952 total
- age   6:      18000 bytes,     192952 total
- age   8:       7728 bytes,     200680 total
- age  10:     151320 bytes,     352000 total
 19391K->12744K(24716K), 0.0010215 secs]
30.512: [GC
Desired survivor size 557056 bytes, new threshold 11 (max 15)
- age   1:     329064 bytes,     329064 total
- age   2:      85048 bytes,     414112 total
- age   4:       3024 bytes,     417136 total
- age   5:      59344 bytes,     476480 total
- age   6:       4360 bytes,     480840 total
- age   7:       6896 bytes,     487736 total
- age   9:       7728 bytes,     495464 total
- age  11:     151320 bytes,     646784 total
 19271K->13036K(24716K), 0.0010081 secs]
30.517: [GC
Desired survivor size 557056 bytes, new threshold 2 (max 15)
- age   1:     384616 bytes,     384616 total
- age   2:     312320 bytes,     696936 total
- age   5:       3024 bytes,     699960 total
- age   6:      59344 bytes,     759304 total
- age   7:       4360 bytes,     763664 total
- age   8:       6896 bytes,     770560 total
- age  10:       7728 bytes,     778288 total
 19552K->13325K(24716K), 0.0014787 secs]
30.523: [GC
Desired survivor size 557056 bytes, new threshold 2 (max 15)
- age   1:     500192 bytes,     500192 total
- age   2:      89576 bytes,     589768 total
 19798K->13518K(24716K), 0.0012635 secs]
30.528: [GC
Desired survivor size 557056 bytes, new threshold 2 (max 15)
- age   1:     536768 bytes,     536768 total
- age   2:     413760 bytes,     950528 total
 20008K->13949K(24716K), 0.0013594 secs]
30.534: [GC
Desired survivor size 557056 bytes, new threshold 2 (max 15)
- age   1:     509240 bytes,     509240 total
- age   2:     377592 bytes,     886832 total
 20460K->14299K(24716K), 0.0015464 secs]
30.539: [GC
Desired survivor size 557056 bytes, new threshold 15 (max 15)
- age   1:     188064 bytes,     188064 total
- age   2:     246488 bytes,     434552 total
 20791K->14224K(24716K), 0.0012927 secs]
30.545: [GC
Desired survivor size 557056 bytes, new threshold 3 (max 15)
- age   1:     362008 bytes,     362008 total
- age   2:     163344 bytes,     525352 total
- age   3:     246488 bytes,     771840 total
 20734K->14555K(24716K), 0.0019611 secs]
30.550: [GC
Desired survivor size 557056 bytes, new threshold 15 (max 15)
- age   1:     100096 bytes,     100096 total
- age   2:     209552 bytes,     309648 total
- age   3:     163344 bytes,     472992 total
 21052K->14504K(24716K), 0.0012298 secs]
30.559: [GC
Desired survivor size 557056 bytes, new threshold 3 (max 15)
- age   1:     395992 bytes,     395992 total
- age   2:      31040 bytes,     427032 total
- age   3:     209552 bytes,     636584 total
 20985K->14663K(24716K), 0.0019277 secs]
30.566: [GC
Desired survivor size 557056 bytes, new threshold 2 (max 15)
- age   1:     499552 bytes,     499552 total
- age   2:     172632 bytes,     672184 total
- age   3:      31040 bytes,     703224 total
 21182K->14884K(24716K), 0.0014027 secs]
30.574: [GC
Desired survivor size 557056 bytes, new threshold 15 (max 15)
- age   1:     180848 bytes,     180848 total
- age   2:     167960 bytes,     348808 total
 21384K->14737K(24716K), 0.0009642 secs]
30.580: [GC
Desired survivor size 557056 bytes, new threshold 15 (max 15)
- age   1:     256288 bytes,     256288 total
- age   2:     105448 bytes,     361736 total
 21237K->14750K(24716K), 0.0009410 secs]
30.586: [GC
Desired survivor size 557056 bytes, new threshold 1 (max 15)
- age   1:     698160 bytes,     698160 total
- age   2:     178416 bytes,     876576 total
- age   3:     105448 bytes,     982024 total
 21254K->15355K(24716K), 0.0012050 secs]
30.591: [GC
Desired survivor size 557056 bytes, new threshold 15 (max 15)
- age   1:     475944 bytes,     475944 total
 21858K->15579K(24716K), 0.0015773 secs]
30.599: [GC
Desired survivor size 557056 bytes, new threshold 2 (max 15)
- age   1:     492872 bytes,     492872 total
- age   2:     157384 bytes,     650256 total
 22064K->15751K(24716K), 0.0009893 secs]
30.604: [GC
Desired survivor size 557056 bytes, new threshold 15 (max 15)
- age   1:     358352 bytes,     358352 total
 22249K->15619K(24716K), 0.0009552 secs]
30.609: [GC
Desired survivor size 557056 bytes, new threshold 15 (max 15)
- age   1:     503960 bytes,     503960 total
 22104K->15761K(24716K), 0.0012375 secs]
30.617: [GC
Desired survivor size 557056 bytes, new threshold 1 (max 15)
- age   1:     618552 bytes,     618552 total
- age   2:     186816 bytes,     805368 total
 22260K->16055K(24716K), 0.0016496 secs]
30.624: [GC
Desired survivor size 557056 bytes, new threshold 15 (max 15)
- age   1:     222144 bytes,     222144 total
 22574K->15715K(24716K), 0.0014753 secs]
30.631: [GC
Desired survivor size 557056 bytes, new threshold 2 (max 15)
- age   1:     396848 bytes,     396848 total
- age   2:     222144 bytes,     618992 total
 22240K->16103K(24716K), 0.0010545 secs]
30.636: [GC
Desired survivor size 557056 bytes, new threshold 15 (max 15)
- age   1:     170864 bytes,     170864 total
- age   2:     253968 bytes,     424832 total
 22612K->16139K(24716K), 0.0017362 secs]
30.642: [GC
Desired survivor size 557056 bytes, new threshold 15 (max 15)
- age   1:     149992 bytes,     149992 total
- age   2:     142728 bytes,     292720 total
- age   3:     253824 bytes,     546544 total
 22645K->16258K(24716K), 0.0011162 secs]
30.648: [GC
Desired survivor size 557056 bytes, new threshold 2 (max 15)
- age   1:     481768 bytes,     481768 total
- age   2:     119728 bytes,     601496 total
- age   3:     142728 bytes,     744224 total
- age   4:     253824 bytes,     998048 total
 22742K->16699K(24716K), 0.0014532 secs]
30.654: [GC
Desired survivor size 557056 bytes, new threshold 2 (max 15)
- age   1:     426984 bytes,     426984 total
- age   2:     481728 bytes,     908712 total
 23204K->16902K(24716K), 0.0014052 secs]
30.660: [GC
Desired survivor size 557056 bytes, new threshold 1 (max 15)
- age   1:     631264 bytes,     631264 total
- age   2:     353960 bytes,     985224 total
 23392K->17591K(24716K), 0.0017185 secs]
30.666: [GC
Desired survivor size 557056 bytes, new threshold 1 (max 15)
- age   1:     643536 bytes,     643536 total
 24099K->17979K(25100K), 0.0016505 secs]
30.669: [Full GC 17979K->8447K(25100K), 0.0711749 secs]
30.745: [GC
Desired survivor size 557056 bytes, new threshold 15 (max 15)
- age   1:     337352 bytes,     337352 total
 14967K->8778K(24716K), 0.0008374 secs]
30.752: [GC
Desired survivor size 557056 bytes, new threshold 2 (max 15)
- age   1:     330560 bytes,     330560 total
- age   2:     257744 bytes,     588304 total
 15305K->9025K(24716K), 0.0009367 secs]
30.758: [GC
Desired survivor size 557056 bytes, new threshold 2 (max 15)
- age   1:     458040 bytes,     458040 total
- age   2:     249048 bytes,     707088 total
 15552K->9400K(24716K), 0.0014587 secs]
30.764: [GC
Desired survivor size 557056 bytes, new threshold 2 (max 15)
- age   1:     380864 bytes,     380864 total
- age   2:     373336 bytes,     754200 total
 15905K->9697K(24716K), 0.0015950 secs]
30.771: [GC
Desired survivor size 557056 bytes, new threshold 15 (max 15)
- age   1:     164312 bytes,     164312 total
- age   2:     227984 bytes,     392296 total
 16216K->9708K(24716K), 0.0012266 secs]
30.778: [GC
Desired survivor size 557056 bytes, new threshold 15 (max 15)
- age   1:     114088 bytes,     114088 total
- age   2:      86440 bytes,     200528 total
- age   3:     196304 bytes,     396832 total
 16211K->9712K(24716K), 0.0007955 secs]
30.782: [GC
Desired survivor size 557056 bytes, new threshold 15 (max 15)
- age   1:     196856 bytes,     196856 total
- age   2:      35120 bytes,     231976 total
- age   3:      86440 bytes,     318416 total
- age   4:     196304 bytes,     514720 total
 16170K->9827K(24716K), 0.0009439 secs]
30.787: [GC
Desired survivor size 557056 bytes, new threshold 4 (max 15)
- age   1:     347984 bytes,     347984 total
- age   2:     116472 bytes,     464456 total
- age   3:      35120 bytes,     499576 total
- age   4:      86440 bytes,     586016 total
- age   5:     196304 bytes,     782320 total
 16312K->10088K(24716K), 0.0014582 secs]
30.792: [GC
Desired survivor size 557056 bytes, new threshold 4 (max 15)
- age   1:     133992 bytes,     133992 total
- age   2:     284560 bytes,     418552 total
- age   3:     116472 bytes,     535024 total
- age   4:      35120 bytes,     570144 total
 16578K->10091K(24716K), 0.0014227 secs]
30.804: [GC
Desired survivor size 557056 bytes, new threshold 3 (max 15)
- age   1:     352888 bytes,     352888 total
- age   2:     133992 bytes,     486880 total
- age   3:     284560 bytes,     771440 total
 16619K->10321K(24716K), 0.0011783 secs]
30.811: [GC
Desired survivor size 557056 bytes, new threshold 2 (max 15)
- age   1:     413320 bytes,     413320 total
- age   2:     352592 bytes,     765912 total
- age   3:      68720 bytes,     834632 total
 16789K->10662K(24716K), 0.0012593 secs]
30.817: [GC
Desired survivor size 557056 bytes, new threshold 1 (max 15)
- age   1:     809896 bytes,     809896 total
- age   2:     197456 bytes,    1007352 total
 17158K->11118K(24716K), 0.0015336 secs]
30.825: [GC
Desired survivor size 557056 bytes, new threshold 15 (max 15)
- age   1:     144952 bytes,     144952 total
 17584K->10902K(24716K), 0.0010914 secs]
30.830: [GC
Desired survivor size 557056 bytes, new threshold 2 (max 15)
- age   1:     535360 bytes,     535360 total
- age   2:      79992 bytes,     615352 total
 17388K->11362K(24716K), 0.0010317 secs]
30.836: [GC
Desired survivor size 557056 bytes, new threshold 2 (max 15)
- age   1:     391272 bytes,     391272 total
- age   2:     300176 bytes,     691448 total
 17835K->11514K(24716K), 0.0011168 secs]
30.841: [GC
Desired survivor size 557056 bytes, new threshold 15 (max 15)
- age   1:     164720 bytes,     164720 total
- age   2:     150680 bytes,     315400 total
 17985K->11439K(24716K), 0.0013705 secs]
30.848: [GC
Desired survivor size 557056 bytes, new threshold 2 (max 15)
- age   1:     529360 bytes,     529360 total
- age   2:      79880 bytes,     609240 total
- age   3:     150200 bytes,     759440 total
 17895K->11873K(24716K), 0.0014729 secs]
30.853: [GC
Desired survivor size 557056 bytes, new threshold 2 (max 15)
- age   1:     388936 bytes,     388936 total
- age   2:     312336 bytes,     701272 total
 18372K->12039K(24716K), 0.0017431 secs]
30.859: [GC
Desired survivor size 557056 bytes, new threshold 2 (max 15)
- age   1:     304912 bytes,     304912 total
- age   2:     356240 bytes,     661152 total
 18550K->12310K(24716K), 0.0015396 secs]
30.865: [GC
Desired survivor size 557056 bytes, new threshold 2 (max 15)
- age   1:     404080 bytes,     404080 total
- age   2:     256336 bytes,     660416 total
 18826K->12665K(24716K), 0.0023328 secs]
30.872: [GC
Desired survivor size 557056 bytes, new threshold 2 (max 15)
- age   1:     405320 bytes,     405320 total
- age   2:     190976 bytes,     596296 total
 19187K->12850K(24716K), 0.0011871 secs]
30.879: [GC
Desired survivor size 557056 bytes, new threshold 1 (max 15)
- age   1:     788176 bytes,     788176 total
- age   2:     292560 bytes,    1080736 total
 19311K->13577K(24716K), 0.0017239 secs]
30.885: [GC
Desired survivor size 557056 bytes, new threshold 15 (max 15)
- age   1:     179208 bytes,     179208 total
 20095K->13581K(24716K), 0.0014726 secs]
30.891: [GC
Desired survivor size 557056 bytes, new threshold 1 (max 15)
- age   1:     653296 bytes,     653296 total
- age   2:      96832 bytes,     750128 total
 20047K->14140K(24716K), 0.0010291 secs]
30.898: [GC
Desired survivor size 557056 bytes, new threshold 15 (max 15)
- age   1:     279360 bytes,     279360 total
 20633K->14169K(24716K), 0.0011568 secs]
30.903: [GC
Desired survivor size 557056 bytes, new threshold 1 (max 15)
- age   1:     588616 bytes,     588616 total
- age   2:     195632 bytes,     784248 total
 20636K->14662K(24716K), 0.0013064 secs]
30.911: [GC
Desired survivor size 557056 bytes, new threshold 1 (max 15)
- age   1:     904528 bytes,     904528 total
 21149K->15462K(24716K), 0.0021628 secs]
30.919: [GC
Desired survivor size 557056 bytes, new threshold 15 (max 15)
- age   1:     460472 bytes,     460472 total
 21981K->15616K(24716K), 0.0013722 secs]
30.924: [GC
Desired survivor size 557056 bytes, new threshold 15 (max 15)
- age   1:     257568 bytes,     257568 total
- age   2:     291840 bytes,     549408 total
 22106K->15703K(24716K), 0.0011271 secs]
30.931: [GC
Desired survivor size 557056 bytes, new threshold 3 (max 15)
- age   1:     348584 bytes,     348584 total
- age   3:     291840 bytes,     640424 total
 22216K->15791K(24716K), 0.0010029 secs]
30.942: [GC
Desired survivor size 557056 bytes, new threshold 1 (max 15)
- age   1:     650160 bytes,     650160 total
- age   2:      89392 bytes,     739552 total
 22316K->16032K(24716K), 0.0014469 secs]
30.948: [GC
Desired survivor size 557056 bytes, new threshold 15 (max 15)
- age   1:     486888 bytes,     486888 total
 22556K->16474K(24716K), 0.0018569 secs]
30.954: [GC
Desired survivor size 557056 bytes, new threshold 2 (max 15)
- age   1:     489760 bytes,     489760 total
- age   2:     378824 bytes,     868584 total
 22997K->16847K(24716K), 0.0013877 secs]
30.960: [GC
Desired survivor size 557056 bytes, new threshold 2 (max 15)
- age   1:     366592 bytes,     366592 total
- age   2:     406656 bytes,     773248 total
 23375K->17123K(24716K), 0.0014723 secs]
30.969: [GC
Desired survivor size 557056 bytes, new threshold 15 (max 15)
- age   1:     191128 bytes,     191128 total
- age   2:     198664 bytes,     389792 total
 23651K->16856K(24716K), 0.0011223 secs]
30.974: [GC
Desired survivor size 557056 bytes, new threshold 15 (max 15)
- age   1:      91040 bytes,      91040 total
- age   2:     171000 bytes,     262040 total
- age   3:     198624 bytes,     460664 total
 23305K->16925K(24716K), 0.0009013 secs]
30.983: [GC
Desired survivor size 557056 bytes, new threshold 15 (max 15)
- age   1:      57064 bytes,      57064 total
- age   2:      49472 bytes,     106536 total
- age   3:     170432 bytes,     276968 total
- age   4:     198624 bytes,     475592 total
 23453K->16940K(24716K), 0.0010182 secs]
30.988: [GC
Desired survivor size 557056 bytes, new threshold 4 (max 15)
- age   1:     478512 bytes,     478512 total
- age   2:      11728 bytes,     490240 total
- age   3:      49472 bytes,     539712 total
- age   4:     170432 bytes,     710144 total
- age   5:     154784 bytes,     864928 total
 23454K->17324K(24716K), 0.0013191 secs]
30.994: [GC
Desired survivor size 557056 bytes, new threshold 15 (max 15)
- age   1:     133480 bytes,     133480 total
- age   2:     309360 bytes,     442840 total
- age   3:       9520 bytes,     452360 total
 23852K->17242K(24716K), 0.0012899 secs]
31.002: [GC
Desired survivor size 557056 bytes, new threshold 3 (max 15)
- age   1:     237544 bytes,     237544 total
- age   2:     103264 bytes,     340808 total
- age   3:     309360 bytes,     650168 total
- age   4:       9520 bytes,     659688 total
 23751K->17450K(24716K), 0.0010749 secs]
31.009: [GC
Desired survivor size 557056 bytes, new threshold 15 (max 15)
- age   1:     144896 bytes,     144896 total
- age   2:      73080 bytes,     217976 total
- age   3:     103264 bytes,     321240 total
 23978K->17431K(24908K), 0.0012963 secs]
31.010: [Full GC 17431K->8153K(24908K), 0.0713161 secs]
31.086: [GC
Desired survivor size 557056 bytes, new threshold 15 (max 15)
- age   1:     105736 bytes,     105736 total
 14668K->8273K(24716K), 0.0007033 secs]
31.091: [GC
Desired survivor size 557056 bytes, new threshold 15 (max 15)
- age   1:     460744 bytes,     460744 total
- age   2:      72112 bytes,     532856 total
 14786K->8674K(24716K), 0.0008349 secs]
31.098: [GC
Desired survivor size 557056 bytes, new threshold 2 (max 15)
- age   1:     212720 bytes,     212720 total
- age   2:     414952 bytes,     627672 total
- age   3:      72112 bytes,     699784 total
 15201K->8838K(24716K), 0.0016348 secs]
31.104: [GC
Desired survivor size 557056 bytes, new threshold 15 (max 15)
- age   1:      57216 bytes,      57216 total
- age   2:     208992 bytes,     266208 total
 15366K->8768K(24716K), 0.0012108 secs]
31.109: [GC
Desired survivor size 557056 bytes, new threshold 15 (max 15)
- age   1:      39040 bytes,      39040 total
- age   2:      41448 bytes,      80488 total
- age   3:     208992 bytes,     289480 total
 15290K->8790K(24716K), 0.0008786 secs]
31.114: [GC
Desired survivor size 557056 bytes, new threshold 15 (max 15)
- age   1:     196664 bytes,     196664 total
- age   2:      17432 bytes,     214096 total
- age   3:      41448 bytes,     255544 total
- age   4:     208992 bytes,     464536 total
 15296K->8958K(24716K), 0.0010468 secs]
31.119: [GC
Desired survivor size 557056 bytes, new threshold 5 (max 15)
- age   1:     385448 bytes,     385448 total
- age   2:     110208 bytes,     495656 total
- age   3:         40 bytes,     495696 total
- age   4:      41448 bytes,     537144 total
- age   5:     208992 bytes,     746136 total
 15439K->9234K(24716K), 0.0014860 secs]
31.130: [GC
Desired survivor size 557056 bytes, new threshold 3 (max 15)
- age   1:     451376 bytes,     451376 total
- age   2:      77840 bytes,     529216 total
- age   3:     110208 bytes,     639424 total
- age   4:         40 bytes,     639464 total
- age   5:      41448 bytes,     680912 total
 15762K->9376K(24716K), 0.0013157 secs]
31.138: [GC
Desired survivor size 557056 bytes, new threshold 15 (max 15)
- age   1:     211072 bytes,     211072 total
- age   2:     196920 bytes,     407992 total
- age   3:      77840 bytes,     485832 total
 15903K->9332K(24716K), 0.0009635 secs]
31.142: [GC
Desired survivor size 557056 bytes, new threshold 4 (max 15)
- age   1:     140424 bytes,     140424 total
- age   2:     164744 bytes,     305168 total
- age   3:     196920 bytes,     502088 total
- age   4:      77840 bytes,     579928 total
 15840K->9425K(24716K), 0.0011835 secs]
31.150: [GC
Desired survivor size 557056 bytes, new threshold 3 (max 15)
- age   1:     431928 bytes,     431928 total
- age   2:      55896 bytes,     487824 total
- age   3:     164664 bytes,     652488 total
- age   4:     154016 bytes,     806504 total
 15944K->9723K(24716K), 0.0010096 secs]
31.156: [GC
Desired survivor size 557056 bytes, new threshold 3 (max 15)
- age   1:     147096 bytes,     147096 total
- age   2:     401032 bytes,     548128 total
- age   3:      55896 bytes,     604024 total
 16251K->9846K(24716K), 0.0012112 secs]
31.161: [GC
Desired survivor size 557056 bytes, new threshold 3 (max 15)
- age   1:     327128 bytes,     327128 total
- age   2:     116984 bytes,     444112 total
- age   3:     140800 bytes,     584912 total
 16367K->9881K(24716K), 0.0010874 secs]
31.168: [GC
Desired survivor size 557056 bytes, new threshold 3 (max 15)
- age   1:     389984 bytes,     389984 total
- age   2:      79224 bytes,     469208 total
- age   3:     116984 bytes,     586192 total
 16336K->10019K(24716K), 0.0012032 secs]
31.173: [GC
Desired survivor size 557056 bytes, new threshold 15 (max 15)
- age   1:     131808 bytes,     131808 total
- age   2:     313960 bytes,     445768 total
- age   3:      32216 bytes,     477984 total
 16529K->10026K(24716K), 0.0010672 secs]
31.178: [GC
Desired survivor size 557056 bytes, new threshold 1 (max 15)
- age   1:     558184 bytes,     558184 total
- age   2:      53832 bytes,     612016 total
- age   3:     143816 bytes,     755832 total
- age   4:      32216 bytes,     788048 total
 16544K->10329K(24716K), 0.0009243 secs]
31.185: [GC
Desired survivor size 557056 bytes, new threshold 15 (max 15)
- age   1:     201680 bytes,     201680 total
 16835K->10391K(24716K), 0.0012439 secs]
31.191: [GC
Desired survivor size 557056 bytes, new threshold 1 (max 15)
- age   1:     664744 bytes,     664744 total
- age   2:     121296 bytes,     786040 total
 16915K->10962K(24716K), 0.0011592 secs]
31.196: [GC
Desired survivor size 557056 bytes, new threshold 15 (max 15)
- age   1:     278656 bytes,     278656 total
 17484K->11159K(24716K), 0.0018764 secs]
31.203: [GC
Desired survivor size 557056 bytes, new threshold 1 (max 15)
- age   1:     657024 bytes,     657024 total
- age   2:     165112 bytes,     822136 total
 17646K->11692K(24716K), 0.0011384 secs]
31.213: [GC
Desired survivor size 557056 bytes, new threshold 15 (max 15)
- age   1:     192528 bytes,     192528 total
 18193K->11513K(24716K), 0.0012232 secs]
31.220: [GC
Desired survivor size 557056 bytes, new threshold 15 (max 15)
- age   1:     226992 bytes,     226992 total
- age   2:      82592 bytes,     309584 total
 18002K->11627K(24716K), 0.0009285 secs]
31.224: [GC
Desired survivor size 557056 bytes, new threshold 15 (max 15)
- age   1:     360168 bytes,     360168 total
- age   2:     108768 bytes,     468936 total
- age   3:      82592 bytes,     551528 total
 18100K->11861K(24716K), 0.0012046 secs]
31.231: [GC
Desired survivor size 557056 bytes, new threshold 2 (max 15)
- age   1:     459960 bytes,     459960 total
- age   2:     136424 bytes,     596384 total
- age   3:     108768 bytes,     705152 total
- age   4:      82592 bytes,     787744 total
 18363K->12093K(24716K), 0.0014422 secs]
31.236: [GC
Desired survivor size 557056 bytes, new threshold 15 (max 15)
- age   1:      74432 bytes,      74432 total
- age   2:     406264 bytes,     480696 total
 18615K->12113K(24716K), 0.0013474 secs]
31.242: [GC
Desired survivor size 557056 bytes, new threshold 15 (max 15)
- age   1:     137056 bytes,     137056 total
- age   2:      62640 bytes,     199696 total
- age   3:     161264 bytes,     360960 total
 18580K->11996K(24716K), 0.0008697 secs]
31.247: [GC
Desired survivor size 557056 bytes, new threshold 4 (max 15)
- age   1:     389416 bytes,     389416 total
- age   3:      62640 bytes,     452056 total
- age   4:     161264 bytes,     613320 total
 18510K->12241K(24716K), 0.0017142 secs]
31.253: [GC
Desired survivor size 557056 bytes, new threshold 15 (max 15)
- age   1:     360624 bytes,     360624 total
- age   2:      32088 bytes,     392712 total
- age   4:      62640 bytes,     455352 total
 18736K->12127K(24716K), 0.0007828 secs]
31.258: [GC
Desired survivor size 557056 bytes, new threshold 15 (max 15)
- age   1:     305000 bytes,     305000 total
- age   2:      58560 bytes,     363560 total
- age   3:      32088 bytes,     395648 total
- age   5:      62640 bytes,     458288 total
 18652K->12130K(24716K), 0.0008284 secs]
31.263: [GC
Desired survivor size 557056 bytes, new threshold 3 (max 15)
- age   1:     356592 bytes,     356592 total
- age   2:     170616 bytes,     527208 total
- age   3:      58560 bytes,     585768 total
- age   4:      32088 bytes,     617856 total
- age   6:       6176 bytes,     624032 total
 18621K->12292K(24716K), 0.0010735 secs]
31.268: [GC
Desired survivor size 557056 bytes, new threshold 15 (max 15)
- age   1:     199088 bytes,     199088 total
- age   2:     162144 bytes,     361232 total
- age   3:     170616 bytes,     531848 total
 18815K->12300K(24716K), 0.0011203 secs]
31.273: [GC
Desired survivor size 557056 bytes, new threshold 3 (max 15)
- age   1:     390160 bytes,     390160 total
- age   2:     139752 bytes,     529912 total
- age   3:      64144 bytes,     594056 total
- age   4:     170616 bytes,     764672 total
 18802K->12527K(24716K), 0.0011938 secs]
31.279: [GC
Desired survivor size 557056 bytes, new threshold 1 (max 15)
- age   1:     646144 bytes,     646144 total
- age   2:     231936 bytes,     878080 total
- age   3:     139752 bytes,    1017832 total
 18997K->13004K(24716K), 0.0013956 secs]
31.285: [GC
Desired survivor size 557056 bytes, new threshold 15 (max 15)
- age   1:     392368 bytes,     392368 total
 19506K->13061K(24716K), 0.0012865 secs]
31.291: [GC
Desired survivor size 557056 bytes, new threshold 1 (max 15)
- age   1:     784600 bytes,     784600 total
- age   2:     176688 bytes,     961288 total
 19557K->13616K(24716K), 0.0012356 secs]
31.296: [GC
Desired survivor size 557056 bytes, new threshold 15 (max 15)
- age   1:     240304 bytes,     240304 total
 20133K->13469K(24716K), 0.0020029 secs]
31.302: [GC
Desired survivor size 557056 bytes, new threshold 15 (max 15)
- age   1:     327096 bytes,     327096 total
- age   2:      92320 bytes,     419416 total
 19981K->13643K(24716K), 0.0008822 secs]
31.307: [GC
Desired survivor size 557056 bytes, new threshold 15 (max 15)
- age   1:     441904 bytes,     441904 total
- age   2:      97744 bytes,     539648 total
 20133K->13761K(24716K), 0.0009055 secs]
31.313: [GC
Desired survivor size 557056 bytes, new threshold 1 (max 15)
- age   1:     765536 bytes,     765536 total
- age   2:     235256 bytes,    1000792 total
- age   3:      23136 bytes,    1023928 total
 20263K->14234K(24716K), 0.0012616 secs]
31.320: [GC
Desired survivor size 557056 bytes, new threshold 15 (max 15)
- age   1:     174888 bytes,     174888 total
 20707K->14263K(24716K), 0.0018625 secs]
31.326: [GC
Desired survivor size 557056 bytes, new threshold 15 (max 15)
- age   1:     235120 bytes,     235120 total
- age   2:     129080 bytes,     364200 total
 20753K->14448K(24716K), 0.0010298 secs]
31.331: [GC
Desired survivor size 557056 bytes, new threshold 15 (max 15)
- age   1:     117680 bytes,     117680 total
- age   2:      60168 bytes,     177848 total
- age   3:     129080 bytes,     306928 total
 20930K->14392K(24716K), 0.0009464 secs]
31.336: [GC
Desired survivor size 557056 bytes, new threshold 4 (max 15)
- age   1:     327416 bytes,     327416 total
- age   2:      51800 bytes,     379216 total
- age   3:      60168 bytes,     439384 total
- age   4:     129080 bytes,     568464 total
 20913K->14647K(24716K), 0.0010093 secs]
31.341: [GC
Desired survivor size 557056 bytes, new threshold 15 (max 15)
- age   1:     154280 bytes,     154280 total
- age   2:     286584 bytes,     440864 total
- age   3:      51800 bytes,     492664 total
- age   4:      60168 bytes,     552832 total
 21158K->14758K(24716K), 0.0013085 secs]
31.347: [GC
Desired survivor size 557056 bytes, new threshold 3 (max 15)
- age   1:     186496 bytes,     186496 total
- age   2:     128544 bytes,     315040 total
- age   3:     286584 bytes,     601624 total
- age   4:      51800 bytes,     653424 total
- age   5:      60168 bytes,     713592 total
 21262K->14915K(24716K), 0.0022206 secs]
31.353: [GC
Desired survivor size 557056 bytes, new threshold 15 (max 15)
- age   1:     256176 bytes,     256176 total
- age   2:     104208 bytes,     360384 total
- age   3:      42928 bytes,     403312 total
 21368K->15001K(24716K), 0.0018159 secs]
31.359: [GC
Desired survivor size 557056 bytes, new threshold 15 (max 15)
- age   1:     152352 bytes,     152352 total
- age   2:     214608 bytes,     366960 total
- age   3:      74000 bytes,     440960 total
- age   4:      42928 bytes,     483888 total
 21514K->15080K(24716K), 0.0012559 secs]
31.364: [GC
Desired survivor size 557056 bytes, new threshold 1 (max 15)
- age   1:     601400 bytes,     601400 total
- age   2:      88200 bytes,     689600 total
- age   3:     214608 bytes,     904208 total
- age   4:      74000 bytes,     978208 total
- age   5:      42928 bytes,    1021136 total
 21606K->15743K(24716K), 0.0015042 secs]
31.370: [GC
Desired survivor size 557056 bytes, new threshold 15 (max 15)
- age   1:     148112 bytes,     148112 total
 22263K->15801K(24716K), 0.0014252 secs]
31.375: [GC
Desired survivor size 557056 bytes, new threshold 2 (max 15)
- age   1:     550144 bytes,     550144 total
- age   2:      39336 bytes,     589480 total
 22271K->16231K(24716K), 0.0010268 secs]
31.382: [GC
Desired survivor size 557056 bytes, new threshold 2 (max 15)
- age   1:     405728 bytes,     405728 total
- age   2:     319832 bytes,     725560 total
 22725K->16409K(24716K), 0.0012683 secs]
31.388: [GC
Desired survivor size 557056 bytes, new threshold 15 (max 15)
- age   1:     402416 bytes,     402416 total
- age   2:      78944 bytes,     481360 total
 22933K->16484K(24716K), 0.0011271 secs]
31.394: [GC
Desired survivor size 557056 bytes, new threshold 2 (max 15)
- age   1:     421752 bytes,     421752 total
- age   2:     162976 bytes,     584728 total
- age   3:      78944 bytes,     663672 total
 23011K->16663K(24716K), 0.0010779 secs]
31.399: [GC
Desired survivor size 557056 bytes, new threshold 15 (max 15)
- age   1:     130096 bytes,     130096 total
- age   2:     157624 bytes,     287720 total
 23125K->16530K(24716K), 0.0009382 secs]
31.404: [GC
Desired survivor size 557056 bytes, new threshold 15 (max 15)
- age   1:     134400 bytes,     134400 total
- age   2:      69192 bytes,     203592 total
- age   3:      61984 bytes,     265576 total
 23055K->16510K(24716K), 0.0007789 secs]
31.409: [GC
Desired survivor size 557056 bytes, new threshold 15 (max 15)
- age   1:     377152 bytes,     377152 total
- age   3:      69192 bytes,     446344 total
- age   4:      61984 bytes,     508328 total
 23033K->16747K(24716K), 0.0010700 secs]
31.415: [GC
Desired survivor size 557056 bytes, new threshold 15 (max 15)
- age   1:     286784 bytes,     286784 total
- age   2:     198920 bytes,     485704 total
- age   5:      61984 bytes,     547688 total
 23257K->16785K(24716K), 0.0008693 secs]
31.420: [GC
Desired survivor size 557056 bytes, new threshold 15 (max 15)
- age   1:     137536 bytes,     137536 total
- age   2:     179360 bytes,     316896 total
- age   3:     131704 bytes,     448600 total
- age   6:      61984 bytes,     510584 total
 23307K->16747K(24716K), 0.0012473 secs]
31.425: [GC
Desired survivor size 557056 bytes, new threshold 15 (max 15)
- age   1:     253744 bytes,     253744 total
- age   2:      69064 bytes,     322808 total
- age   4:     131704 bytes,     454512 total
- age   7:      61984 bytes,     516496 total
 23258K->16755K(24716K), 0.0015300 secs]
31.432: [GC
Desired survivor size 557056 bytes, new threshold 1 (max 15)
- age   1:     711832 bytes,     711832 total
- age   2:     213072 bytes,     924904 total
- age   3:        128 bytes,     925032 total
- age   5:     131704 bytes,    1056736 total
 23279K->17410K(24716K), 0.0014722 secs]
31.441: [GC
Desired survivor size 557056 bytes, new threshold 15 (max 15)
- age   1:     179880 bytes,     179880 total
 23878K->17183K(24716K), 0.0012758 secs]
31.447: [GC
Desired survivor size 557056 bytes, new threshold 15 (max 15)
- age   1:      81744 bytes,      81744 total
- age   2:     146928 bytes,     228672 total
 23682K->17230K(24716K), 0.0009535 secs]
31.454: [GC
Desired survivor size 557056 bytes, new threshold 15 (max 15)
- age   1:     304576 bytes,     304576 total
- age   2:      44608 bytes,     349184 total
- age   3:     146928 bytes,     496112 total
 23746K->17491K(24716K), 0.0013982 secs]
31.460: [GC
Desired survivor size 557056 bytes, new threshold 15 (max 15)
- age   1:     203528 bytes,     203528 total
- age   2:     112544 bytes,     316072 total
- age   3:      44608 bytes,     360680 total
- age   4:     146928 bytes,     507608 total
 23998K->17503K(24716K), 0.0010738 secs]
31.465: [GC
Desired survivor size 557056 bytes, new threshold 1 (max 15)
- age   1:     920120 bytes,     920120 total
- age   2:     125560 bytes,    1045680 total
- age   3:       1760 bytes,    1047440 total
- age   4:      44608 bytes,    1092048 total
- age   5:        248 bytes,    1092296 total
 24015K->18376K(25100K), 0.0017437 secs]
31.467: [Full GC 18376K->8873K(25100K), 0.0723270 secs]
31.544: [GC
Desired survivor size 557056 bytes, new threshold 15 (max 15)
- age   1:     280632 bytes,     280632 total
 15391K->9153K(24716K), 0.0008556 secs]
31.553: [GC
Desired survivor size 557056 bytes, new threshold 15 (max 15)
- age   1:     173696 bytes,     173696 total
- age   2:     200312 bytes,     374008 total
 15681K->9242K(24716K), 0.0017403 secs]
31.559: [GC
Desired survivor size 557056 bytes, new threshold 3 (max 15)
- age   1:     299416 bytes,     299416 total
- age   2:      90992 bytes,     390408 total
- age   3:     200312 bytes,     590720 total
 15750K->9453K(24716K), 0.0010653 secs]
31.567: [GC
Desired survivor size 557056 bytes, new threshold 15 (max 15)
- age   1:     330120 bytes,     330120 total
- age   2:     131032 bytes,     461152 total
- age   3:      90752 bytes,     551904 total
 15951K->9618K(24716K), 0.0009443 secs]
31.573: [GC
Desired survivor size 557056 bytes, new threshold 3 (max 15)
- age   1:     524504 bytes,     524504 total
- age   2:       6664 bytes,     531168 total
- age   3:     131032 bytes,     662200 total
- age   4:      90672 bytes,     752872 total
 16146K->9814K(24716K), 0.0011458 secs]
31.579: [GC
Desired survivor size 557056 bytes, new threshold 15 (max 15)
- age   1:     103536 bytes,     103536 total
- age   2:     384432 bytes,     487968 total
- age   3:       4744 bytes,     492712 total
 16338K->9784K(24716K), 0.0018545 secs]
31.585: [GC
Desired survivor size 557056 bytes, new threshold 15 (max 15)
- age   1:     144960 bytes,     144960 total
- age   2:      77880 bytes,     222840 total
- age   3:     173736 bytes,     396576 total
- age   4:       5064 bytes,     401640 total
 16289K->9696K(24716K), 0.0009193 secs]
31.590: [GC
Desired survivor size 557056 bytes, new threshold 1 (max 15)
- age   1:     574416 bytes,     574416 total
- age   2:      86440 bytes,     660856 total
- age   3:      77880 bytes,     738736 total
- age   4:      93640 bytes,     832376 total
- age   5:       4744 bytes,     837120 total
 16200K->10123K(24716K), 0.0010967 secs]
31.595: [GC
Desired survivor size 557056 bytes, new threshold 1 (max 15)
- age   1:     621456 bytes,     621456 total
 16633K->10442K(24716K), 0.0014269 secs]
31.603: [GC
Desired survivor size 557056 bytes, new threshold 15 (max 15)
- age   1:     478144 bytes,     478144 total
 16915K->10706K(24716K), 0.0011019 secs]
31.608: [GC
Desired survivor size 557056 bytes, new threshold 15 (max 15)
- age   1:     403256 bytes,     403256 total
- age   2:     139704 bytes,     542960 total
 17189K->10767K(24716K), 0.0008896 secs]
31.613: [GC
Desired survivor size 557056 bytes, new threshold 2 (max 15)
- age   1:     471192 bytes,     471192 total
- age   2:     256880 bytes,     728072 total
- age   3:     139704 bytes,     867776 total
 17231K->11086K(24716K), 0.0011699 secs]
31.619: [GC
Desired survivor size 557056 bytes, new threshold 1 (max 15)
- age   1:     647280 bytes,     647280 total
- age   2:     163136 bytes,     810416 total
 17583K->11417K(24716K), 0.0017690 secs]
31.625: [GC
Desired survivor size 557056 bytes, new threshold 15 (max 15)
- age   1:     448264 bytes,     448264 total
 17940K->11560K(24716K), 0.0015179 secs]
31.635: [GC
Desired survivor size 557056 bytes, new threshold 15 (max 15)
- age   1:     243800 bytes,     243800 total
- age   2:     275416 bytes,     519216 total
 18068K->11628K(24716K), 0.0017952 secs]
31.640: [GC
Desired survivor size 557056 bytes, new threshold 15 (max 15)
- age   1:     128312 bytes,     128312 total
- age   2:      73080 bytes,     201392 total
- age   3:     138120 bytes,     339512 total
 18156K->11452K(24716K), 0.0008298 secs]
31.649: [GC
Desired survivor size 557056 bytes, new threshold 1 (max 15)
- age   1:     558792 bytes,     558792 total
- age   2:      32824 bytes,     591616 total
- age   3:      72048 bytes,     663664 total
- age   4:     138120 bytes,     801784 total
 17980K->11904K(24716K), 0.0022684 secs]
31.655: [GC
Desired survivor size 557056 bytes, new threshold 15 (max 15)
- age   1:     225216 bytes,     225216 total
 18398K->11923K(24716K), 0.0012369 secs]
31.661: [GC
Desired survivor size 557056 bytes, new threshold 15 (max 15)
- age   1:     105152 bytes,     105152 total
- age   2:     125896 bytes,     231048 total
 18417K->11924K(24716K), 0.0007117 secs]
31.665: [GC
Desired survivor size 557056 bytes, new threshold 15 (max 15)
- age   1:     294400 bytes,     294400 total
- age   2:      53056 bytes,     347456 total
- age   3:     125896 bytes,     473352 total
 18410K->12161K(24716K), 0.0010131 secs]
31.670: [GC
Desired survivor size 557056 bytes, new threshold 15 (max 15)
- age   1:     222792 bytes,     222792 total
- age   2:     185968 bytes,     408760 total
- age   4:     125896 bytes,     534656 total
 18672K->12221K(24716K), 0.0011291 secs]
31.675: [GC
Desired survivor size 557056 bytes, new threshold 2 (max 15)
- age   1:     470520 bytes,     470520 total
- age   2:     110112 bytes,     580632 total
- age   3:      90592 bytes,     671224 total
- age   5:      47176 bytes,     718400 total
 18745K->12400K(24716K), 0.0011576 secs]
31.682: [GC
Desired survivor size 557056 bytes, new threshold 15 (max 15)
- age   1:     239584 bytes,     239584 total
- age   2:     224360 bytes,     463944 total
 18927K->12391K(24716K), 0.0010340 secs]
31.688: [GC
Desired survivor size 557056 bytes, new threshold 3 (max 15)
- age   1:     304168 bytes,     304168 total
- age   2:     165056 bytes,     469224 total
- age   3:     167568 bytes,     636792 total
 18917K->12561K(24716K), 0.0011454 secs]
31.693: [GC
Desired survivor size 557056 bytes, new threshold 15 (max 15)
- age   1:     163464 bytes,     163464 total
- age   2:       8136 bytes,     171600 total
- age   3:     165056 bytes,     336656 total
 19086K->12431K(24716K), 0.0013056 secs]
31.701: [GC
Desired survivor size 557056 bytes, new threshold 15 (max 15)
- age   1:     227432 bytes,     227432 total
- age   2:      45240 bytes,     272672 total
- age   3:       8136 bytes,     280808 total
- age   4:     164928 bytes,     445736 total
 18920K->12539K(24716K), 0.0011069 secs]
31.707: [GC
Desired survivor size 557056 bytes, new threshold 15 (max 15)
- age   1:     220120 bytes,     220120 total
- age   2:     116232 bytes,     336352 total
- age   3:       1936 bytes,     338288 total
- age   4:       8136 bytes,     346424 total
- age   5:     164928 bytes,     511352 total
 19057K->12603K(24716K), 0.0011540 secs]
31.713: [GC
Desired survivor size 557056 bytes, new threshold 6 (max 15)
- age   1:     101144 bytes,     101144 total
- age   2:     176384 bytes,     277528 total
- age   3:     116232 bytes,     393760 total
- age   4:       1936 bytes,     395696 total
- age   5:       8136 bytes,     403832 total
- age   6:     164928 bytes,     568760 total
 19101K->12663K(24716K), 0.0010862 secs]
31.719: [GC
Desired survivor size 557056 bytes, new threshold 4 (max 15)
- age   1:     294520 bytes,     294520 total
- age   2:       3352 bytes,     297872 total
- age   3:     176336 bytes,     474208 total
- age   4:     116232 bytes,     590440 total
- age   5:       1936 bytes,     592376 total
- age   6:       8136 bytes,     600512 total
 19191K->12859K(24716K), 0.0011837 secs]
31.725: [GC
Desired survivor size 557056 bytes, new threshold 1 (max 15)
- age   1:     594544 bytes,     594544 total
- age   2:     215744 bytes,     810288 total
- age   3:       3352 bytes,     813640 total
- age   4:     176336 bytes,     989976 total
 19361K->13370K(24716K), 0.0013311 secs]
31.733: [GC
Desired survivor size 557056 bytes, new threshold 15 (max 15)
- age   1:      97880 bytes,      97880 total
 19841K->13304K(24716K), 0.0015504 secs]
31.740: [GC
Desired survivor size 557056 bytes, new threshold 15 (max 15)
- age   1:     102848 bytes,     102848 total
- age   2:      13160 bytes,     116008 total
 19829K->13323K(24716K), 0.0007310 secs]
31.745: [GC
Desired survivor size 557056 bytes, new threshold 1 (max 15)
- age   1:     746672 bytes,     746672 total
- age   2:      18408 bytes,     765080 total
- age   3:      13160 bytes,     778240 total
 19851K->13969K(24716K), 0.0012367 secs]
31.750: [GC
Desired survivor size 557056 bytes, new threshold 15 (max 15)
- age   1:     207088 bytes,     207088 total
 20445K->13755K(24716K), 0.0012730 secs]
31.756: [GC
Desired survivor size 557056 bytes, new threshold 15 (max 15)
- age   1:     232144 bytes,     232144 total
- age   2:      64520 bytes,     296664 total
 20228K->13837K(24716K), 0.0007395 secs]
31.764: [GC
Desired survivor size 557056 bytes, new threshold 15 (max 15)
- age   1:     250552 bytes,     250552 total
- age   2:      59480 bytes,     310032 total
- age   3:      64520 bytes,     374552 total
 20360K->13911K(24716K), 0.0011805 secs]
31.771: [GC
Desired survivor size 557056 bytes, new threshold 3 (max 15)
- age   1:     395032 bytes,     395032 total
- age   2:     119480 bytes,     514512 total
- age   3:      59480 bytes,     573992 total
- age   4:      64520 bytes,     638512 total
 20402K->14167K(24716K), 0.0017622 secs]
31.776: [GC
Desired survivor size 557056 bytes, new threshold 15 (max 15)
- age   1:     142104 bytes,     142104 total
- age   2:      93072 bytes,     235176 total
- age   3:     108376 bytes,     343552 total
 20679K->14002K(24716K), 0.0012009 secs]
31.782: [GC
Desired survivor size 557056 bytes, new threshold 15 (max 15)
- age   1:     273208 bytes,     273208 total
- age   2:      58288 bytes,     331496 total
- age   3:      93072 bytes,     424568 total
- age   4:     108376 bytes,     532944 total
 20527K->14187K(24716K), 0.0011590 secs]
31.787: [GC
Desired survivor size 557056 bytes, new threshold 2 (max 15)
- age   1:     393248 bytes,     393248 total
- age   2:     219768 bytes,     613016 total
- age   4:      93072 bytes,     706088 total
- age   5:     108376 bytes,     814464 total
 20699K->14462K(24716K), 0.0012482 secs]
31.793: [GC
Desired survivor size 557056 bytes, new threshold 15 (max 15)
- age   1:     312336 bytes,     312336 total
- age   2:     173720 bytes,     486056 total
 20966K->14396K(24716K), 0.0015328 secs]
31.800: [GC
Desired survivor size 557056 bytes, new threshold 15 (max 15)
- age   1:     116688 bytes,     116688 total
- age   2:      84720 bytes,     201408 total
- age   3:     173720 bytes,     375128 total
 20905K->14287K(24716K), 0.0007917 secs]
31.806: [GC
Desired survivor size 557056 bytes, new threshold 3 (max 15)
- age   1:     467368 bytes,     467368 total
- age   2:      58384 bytes,     525752 total
- age   3:      84720 bytes,     610472 total
- age   4:     173720 bytes,     784192 total
 20803K->14687K(24716K), 0.0010606 secs]
31.812: [GC
Desired survivor size 557056 bytes, new threshold 15 (max 15)
- age   1:      84488 bytes,      84488 total
- age   2:     271768 bytes,     356256 total
- age   3:      58384 bytes,     414640 total
 21205K->14578K(24716K), 0.0011217 secs]
31.817: [GC
Desired survivor size 557056 bytes, new threshold 4 (max 15)
- age   1:     209880 bytes,     209880 total
- age   2:      22936 bytes,     232816 total
- age   3:     271768 bytes,     504584 total
- age   4:      58384 bytes,     562968 total
 21097K->14723K(24716K), 0.0010747 secs]
31.824: [GC
Desired survivor size 557056 bytes, new threshold 4 (max 15)
- age   1:     296736 bytes,     296736 total
- age   2:     145248 bytes,     441984 total
- age   3:      22936 bytes,     464920 total
- age   4:     271768 bytes,     736688 total
 21202K->14949K(24716K), 0.0013592 secs]
31.830: [GC
Desired survivor size 557056 bytes, new threshold 15 (max 15)
- age   1:     181936 bytes,     181936 total
- age   2:     131656 bytes,     313592 total
- age   3:     145248 bytes,     458840 total
- age   4:      22936 bytes,     481776 total
 21458K->14966K(24716K), 0.0010691 secs]
31.835: [GC
Desired survivor size 557056 bytes, new threshold 15 (max 15)
- age   1:     113568 bytes,     113568 total
- age   2:      66488 bytes,     180056 total
- age   3:     131656 bytes,     311712 total
- age   4:     145248 bytes,     456960 total
- age   5:      22936 bytes,     479896 total
 21478K->14962K(24716K), 0.0011859 secs]
31.840: [GC
Desired survivor size 557056 bytes, new threshold 15 (max 15)
- age   1:      63248 bytes,      63248 total
- age   2:      68592 bytes,     131840 total
- age   3:      66488 bytes,     198328 total
- age   4:     131656 bytes,     329984 total
- age   5:     145248 bytes,     475232 total
- age   6:      22936 bytes,     498168 total
 21481K->14982K(24716K), 0.0010109 secs]
31.846: [GC
Desired survivor size 557056 bytes, new threshold 6 (max 15)
- age   1:     194936 bytes,     194936 total
- age   2:      33264 bytes,     228200 total
- age   3:      68592 bytes,     296792 total
- age   4:      66488 bytes,     363280 total
- age   5:     131656 bytes,     494936 total
- age   6:     145248 bytes,     640184 total
- age   7:      22936 bytes,     663120 total
 21508K->15143K(24716K), 0.0010891 secs]
31.852: [GC
Desired survivor size 557056 bytes, new threshold 1 (max 15)
- age   1:     643432 bytes,     643432 total
- age   2:      73648 bytes,     717080 total
- age   3:      33264 bytes,     750344 total
- age   5:      66488 bytes,     816832 total
- age   6:     131656 bytes,     948488 total
 21652K->15594K(24716K), 0.0014845 secs]
31.857: [GC
Desired survivor size 557056 bytes, new threshold 15 (max 15)
- age   1:      98424 bytes,      98424 total
 22119K->15524K(24716K), 0.0014747 secs]
31.863: [GC
Desired survivor size 557056 bytes, new threshold 15 (max 15)
- age   1:      84752 bytes,      84752 total
- age   2:      71704 bytes,     156456 total
 22034K->15582K(24716K), 0.0008110 secs]
31.868: [GC
Desired survivor size 557056 bytes, new threshold 15 (max 15)
- age   1:     198488 bytes,     198488 total
- age   2:      30584 bytes,     229072 total
- age   3:      71704 bytes,     300776 total
 22061K->15723K(24716K), 0.0008407 secs]
31.873: [GC
Desired survivor size 557056 bytes, new threshold 15 (max 15)
- age   1:     179312 bytes,     179312 total
- age   2:      52080 bytes,     231392 total
- age   3:      30584 bytes,     261976 total
- age   4:      71704 bytes,     333680 total
 22248K->15755K(24716K), 0.0009745 secs]
31.879: [GC
Desired survivor size 557056 bytes, new threshold 15 (max 15)
- age   1:     275592 bytes,     275592 total
- age   2:     115152 bytes,     390744 total
- age   3:      52080 bytes,     442824 total
- age   4:      30584 bytes,     473408 total
- age   5:      71704 bytes,     545112 total
 22259K->15962K(24716K), 0.0013363 secs]
31.884: [GC
Desired survivor size 557056 bytes, new threshold 5 (max 15)
- age   1:     189496 bytes,     189496 total
- age   2:     200176 bytes,     389672 total
- age   3:     115152 bytes,     504824 total
- age   4:      52080 bytes,     556904 total
- age   5:      30584 bytes,     587488 total
- age   6:      71704 bytes,     659192 total
 22432K->16073K(24716K), 0.0013287 secs]
31.889: [GC
Desired survivor size 557056 bytes, new threshold 3 (max 15)
- age   1:     315736 bytes,     315736 total
- age   2:     148920 bytes,     464656 total
- age   3:     200176 bytes,     664832 total
- age   4:     115152 bytes,     779984 total
- age   5:      52080 bytes,     832064 total
 22588K->16357K(24716K), 0.0015744 secs]
31.895: [GC
Desired survivor size 557056 bytes, new threshold 3 (max 15)
- age   1:     264032 bytes,     264032 total
- age   2:     207976 bytes,     472008 total
- age   3:     148920 bytes,     620928 total
 22880K->16510K(24716K), 0.0017981 secs]
31.902: [GC
Desired survivor size 557056 bytes, new threshold 2 (max 15)
- age   1:     503648 bytes,     503648 total
- age   2:     200704 bytes,     704352 total
- age   3:     207976 bytes,     912328 total
 23012K->16940K(24716K), 0.0015731 secs]
31.909: [GC
Desired survivor size 557056 bytes, new threshold 15 (max 15)
- age   1:     183608 bytes,     183608 total
- age   2:     314368 bytes,     497976 total
 23446K->16909K(24716K), 0.0012983 secs]
31.914: [GC
Desired survivor size 557056 bytes, new threshold 1 (max 15)
- age   1:     573064 bytes,     573064 total
- age   2:      53800 bytes,     626864 total
- age   3:     314368 bytes,     941232 total
 23415K->17342K(24716K), 0.0011063 secs]
31.921: [GC
Desired survivor size 557056 bytes, new threshold 15 (max 15)
- age   1:     410952 bytes,     410952 total
 23831K->17504K(24716K), 0.0013531 secs]
31.923: [Full GC 17504K->8505K(24716K), 0.0716071 secs]
32.000: [GC
Desired survivor size 557056 bytes, new threshold 15 (max 15)
- age   1:     410344 bytes,     410344 total
 15019K->8908K(24716K), 0.0008267 secs]
32.005: [GC
Desired survivor size 557056 bytes, new threshold 15 (max 15)
- age   1:     213888 bytes,     213888 total
- age   2:     340392 bytes,     554280 total
 15405K->9050K(24716K), 0.0009005 secs]
32.010: [GC
Desired survivor size 557056 bytes, new threshold 3 (max 15)
- age   1:     186944 bytes,     186944 total
- age   2:     145216 bytes,     332160 total
- age   3:     340392 bytes,     672552 total
 15577K->9166K(24716K), 0.0009882 secs]
32.015: [GC
Desired survivor size 557056 bytes, new threshold 3 (max 15)
- age   1:     304944 bytes,     304944 total
- age   2:     117032 bytes,     421976 total
- age   3:     145216 bytes,     567192 total
 15625K->9403K(24716K), 0.0012862 secs]
32.020: [GC
Desired survivor size 557056 bytes, new threshold 2 (max 15)
- age   1:     462376 bytes,     462376 total
- age   2:     232400 bytes,     694776 total
- age   3:     117032 bytes,     811808 total
 15856K->9784K(24716K), 0.0014568 secs]
32.026: [GC
Desired survivor size 557056 bytes, new threshold 15 (max 15)
- age   1:     113656 bytes,     113656 total
- age   2:     291008 bytes,     404664 total
 16296K->9735K(24716K), 0.0012381 secs]
32.032: [GC
Desired survivor size 557056 bytes, new threshold 3 (max 15)
- age   1:     333696 bytes,     333696 total
- age   3:     291008 bytes,     624704 total
 16248K->9948K(24716K), 0.0011627 secs]
32.037: [GC
Desired survivor size 557056 bytes, new threshold 2 (max 15)
- age   1:     360136 bytes,     360136 total
- age   2:     216152 bytes,     576288 total
 16416K->10113K(24716K), 0.0010998 secs]
32.042: [GC
Desired survivor size 557056 bytes, new threshold 15 (max 15)
- age   1:     161368 bytes,     161368 total
- age   2:     243456 bytes,     404824 total
 16640K->10157K(24716K), 0.0010424 secs]
32.047: [GC
Desired survivor size 557056 bytes, new threshold 1 (max 15)
- age   1:     609760 bytes,     609760 total
- age   2:      78272 bytes,     688032 total
 16615K->10434K(24716K), 0.0016646 secs]
32.054: [GC
Desired survivor size 557056 bytes, new threshold 1 (max 15)
- age   1:     564416 bytes,     564416 total
 16926K->10592K(24716K), 0.0016974 secs]
32.061: [GC
Desired survivor size 557056 bytes, new threshold 1 (max 15)
- age   1:     681704 bytes,     681704 total
 17074K->10939K(24716K), 0.0010974 secs]
32.068: [GC
Desired survivor size 557056 bytes, new threshold 15 (max 15)
- age   1:     408520 bytes,     408520 total
 17417K->10829K(24716K), 0.0008437 secs]
32.072: [GC
Desired survivor size 557056 bytes, new threshold 1 (max 15)
- age   1:     959056 bytes,     959056 total
- age   2:      73816 bytes,    1032872 total
 17340K->11438K(24716K), 0.0014139 secs]
32.079: [GC
Desired survivor size 557056 bytes, new threshold 15 (max 15)
- age   1:     191472 bytes,     191472 total
 17952K->11485K(24716K), 0.0013124 secs]
32.086: [GC
Desired survivor size 557056 bytes, new threshold 2 (max 15)
- age   1:     449680 bytes,     449680 total
- age   2:     124000 bytes,     573680 total
 17980K->11858K(24716K), 0.0009130 secs]
32.095: [GC
Desired survivor size 557056 bytes, new threshold 2 (max 15)
- age   1:     385128 bytes,     385128 total
- age   2:     228200 bytes,     613328 total
 18345K->11896K(24716K), 0.0009706 secs]
32.101: [GC
Desired survivor size 557056 bytes, new threshold 2 (max 15)
- age   1:     461696 bytes,     461696 total
- age   2:     232064 bytes,     693760 total
 18376K->12167K(24716K), 0.0010721 secs]
32.106: [GC
Desired survivor size 557056 bytes, new threshold 2 (max 15)
- age   1:     262552 bytes,     262552 total
- age   2:     428080 bytes,     690632 total
 18677K->12391K(24716K), 0.0013558 secs]
32.112: [GC
Desired survivor size 557056 bytes, new threshold 15 (max 15)
- age   1:     178368 bytes,     178368 total
- age   2:     224712 bytes,     403080 total
 18919K->12528K(24716K), 0.0011472 secs]
32.119: [GC
Desired survivor size 557056 bytes, new threshold 3 (max 15)
- age   1:     211104 bytes,     211104 total
- age   2:     136448 bytes,     347552 total
- age   3:     224712 bytes,     572264 total
 19032K->12691K(24716K), 0.0013414 secs]
32.124: [GC
Desired survivor size 557056 bytes, new threshold 3 (max 15)
- age   1:     420984 bytes,     420984 total
- age   2:     121288 bytes,     542272 total
- age   3:      48248 bytes,     590520 total
 19179K->12928K(24716K), 0.0011838 secs]
32.130: [GC
Desired survivor size 557056 bytes, new threshold 1 (max 15)
- age   1:     570800 bytes,     570800 total
- age   2:     191936 bytes,     762736 total
- age   3:     121288 bytes,     884024 total
 19375K->13274K(24716K), 0.0016597 secs]
32.138: [GC
Desired survivor size 557056 bytes, new threshold 15 (max 15)
- age   1:     387400 bytes,     387400 total
 19796K->13437K(24716K), 0.0016104 secs]
32.145: [GC
Desired survivor size 557056 bytes, new threshold 2 (max 15)
- age   1:     466656 bytes,     466656 total
- age   2:     158496 bytes,     625152 total
 19930K->13669K(24716K), 0.0013308 secs]
32.151: [GC
Desired survivor size 557056 bytes, new threshold 1 (max 15)
- age   1:     814384 bytes,     814384 total
- age   2:     155072 bytes,     969456 total
 20148K->14155K(24716K), 0.0014504 secs]
32.157: [GC
Desired survivor size 557056 bytes, new threshold 15 (max 15)
- age   1:     369344 bytes,     369344 total
 20659K->14183K(24716K), 0.0018737 secs]
32.163: [GC
Desired survivor size 557056 bytes, new threshold 15 (max 15)
- age   1:     309048 bytes,     309048 total
- age   2:     238928 bytes,     547976 total
 20711K->14359K(24716K), 0.0008967 secs]
32.168: [GC
Desired survivor size 557056 bytes, new threshold 1 (max 15)
- age   1:     655256 bytes,     655256 total
- age   2:     149376 bytes,     804632 total
- age   3:     238888 bytes,    1043520 total
 20870K->14997K(24716K), 0.0018800 secs]
32.174: [GC
Desired survivor size 557056 bytes, new threshold 15 (max 15)
- age   1:     108288 bytes,     108288 total
 21520K->15021K(24716K), 0.0014927 secs]
32.180: [GC
Desired survivor size 557056 bytes, new threshold 15 (max 15)
- age   1:     357024 bytes,     357024 total
- age   2:      88200 bytes,     445224 total
 21548K->15351K(24716K), 0.0012180 secs]
32.186: [GC
Desired survivor size 557056 bytes, new threshold 2 (max 15)
- age   1:     457256 bytes,     457256 total
- age   2:     278128 bytes,     735384 total
- age   3:      88200 bytes,     823584 total
 21737K->15722K(24716K), 0.0012724 secs]
32.191: [GC
Desired survivor size 557056 bytes, new threshold 2 (max 15)
- age   1:     522952 bytes,     522952 total
- age   2:     273000 bytes,     795952 total
 22234K->15984K(24716K), 0.0015103 secs]
32.197: [GC
Desired survivor size 557056 bytes, new threshold 2 (max 15)
- age   1:     351248 bytes,     351248 total
- age   2:     418744 bytes,     769992 total
 22506K->16222K(24716K), 0.0023780 secs]
32.203: [GC
Desired survivor size 557056 bytes, new threshold 2 (max 15)
- age   1:     416944 bytes,     416944 total
- age   2:     183352 bytes,     600296 total
 22637K->16304K(24716K), 0.0014949 secs]
32.211: [GC
Desired survivor size 557056 bytes, new threshold 15 (max 15)
- age   1:     355280 bytes,     355280 total
- age   2:      82664 bytes,     437944 total
 22832K->16323K(24716K), 0.0019316 secs]
32.220: [GC
Desired survivor size 557056 bytes, new threshold 1 (max 15)
- age   1:     793248 bytes,     793248 total
- age   2:     218424 bytes,    1011672 total
- age   3:      82664 bytes,    1094336 total
 22813K->16964K(24716K), 0.0012814 secs]
32.228: [GC
Desired survivor size 557056 bytes, new threshold 15 (max 15)
- age   1:      86640 bytes,      86640 total
 23492K->16902K(24716K), 0.0015546 secs]
32.234: [GC
Desired survivor size 557056 bytes, new threshold 15 (max 15)
- age   1:     228456 bytes,     228456 total
- age   2:      84936 bytes,     313392 total
 23421K->17124K(24716K), 0.0009960 secs]
32.239: [GC
Desired survivor size 557056 bytes, new threshold 3 (max 15)
- age   1:     336520 bytes,     336520 total
- age   2:     142680 bytes,     479200 total
- age   3:      84936 bytes,     564136 total
 23637K->17371K(24716K), 0.0011952 secs]
32.245: [GC
Desired survivor size 557056 bytes, new threshold 2 (max 15)
- age   1:     445392 bytes,     445392 total
- age   2:     178104 bytes,     623496 total
- age   3:     142680 bytes,     766176 total
 23876K->17583K(24716K), 0.0010992 secs]
32.251: [GC
Desired survivor size 557056 bytes, new threshold 15 (max 15)
- age   1:     154768 bytes,     154768 total
- age   2:     202888 bytes,     357656 total
 24016K->17505K(24908K), 0.0012656 secs]
32.252: [Full GC 17505K->7767K(24908K), 0.0770290 secs]
32.335: [GC
Desired survivor size 557056 bytes, new threshold 15 (max 15)
- age   1:     380224 bytes,     380224 total
 14295K->8141K(24716K), 0.0010182 secs]
32.341: [GC
Desired survivor size 557056 bytes, new threshold 1 (max 15)
- age   1:     616808 bytes,     616808 total
- age   2:     352240 bytes,     969048 total
 14655K->8716K(24716K), 0.0013555 secs]
32.349: [GC
Desired survivor size 557056 bytes, new threshold 15 (max 15)
- age   1:     496112 bytes,     496112 total
 15244K->9043K(24716K), 0.0013521 secs]
32.354: [GC
Desired survivor size 557056 bytes, new threshold 1 (max 15)
- age   1:     668512 bytes,     668512 total
- age   2:     440368 bytes,    1108880 total
 15545K->9780K(24716K), 0.0018771 secs]
32.364: [GC
Desired survivor size 557056 bytes, new threshold 15 (max 15)
- age   1:     321200 bytes,     321200 total
 16308K->10019K(24716K), 0.0014257 secs]
32.371: [GC
Desired survivor size 557056 bytes, new threshold 15 (max 15)
- age   1:     217408 bytes,     217408 total
- age   2:     243992 bytes,     461400 total
 16530K->10155K(24716K), 0.0008966 secs]
32.376: [GC
Desired survivor size 557056 bytes, new threshold 2 (max 15)
- age   1:     426304 bytes,     426304 total
- age   2:     156496 bytes,     582800 total
- age   3:     243992 bytes,     826792 total
 16669K->10512K(24716K), 0.0012962 secs]
32.381: [GC
Desired survivor size 557056 bytes, new threshold 15 (max 15)
- age   1:     199704 bytes,     199704 total
- age   2:     341952 bytes,     541656 total
 17004K->10637K(24716K), 0.0014015 secs]
32.387: [GC
Desired survivor size 557056 bytes, new threshold 3 (max 15)
- age   1:     378904 bytes,     378904 total
- age   2:     114568 bytes,     493472 total
- age   3:     247064 bytes,     740536 total
 17156K->10827K(24716K), 0.0010491 secs]
32.397: [GC
Desired survivor size 557056 bytes, new threshold 1 (max 15)
- age   1:     589768 bytes,     589768 total
- age   2:      33336 bytes,     623104 total
- age   3:     114568 bytes,     737672 total
 17347K->11064K(24716K), 0.0040918 secs]
32.409: [GC
Desired survivor size 557056 bytes, new threshold 1 (max 15)
- age   1:     616800 bytes,     616800 total
 17576K->11234K(24716K), 0.0011400 secs]
32.415: [GC
Desired survivor size 557056 bytes, new threshold 15 (max 15)
- age   1:      81840 bytes,      81840 total
 17746K->11241K(24716K), 0.0010437 secs]
32.420: [GC
Desired survivor size 557056 bytes, new threshold 15 (max 15)
- age   1:     236216 bytes,     236216 total
- age   2:       4304 bytes,     240520 total
 17740K->11394K(24716K), 0.0007548 secs]
32.425: [GC
Desired survivor size 557056 bytes, new threshold 15 (max 15)
- age   1:     258040 bytes,     258040 total
- age   2:     157928 bytes,     415968 total
- age   3:       4304 bytes,     420272 total
 17827K->11569K(24716K), 0.0009375 secs]
32.432: [GC
Desired survivor size 557056 bytes, new threshold 2 (max 15)
- age   1:     516808 bytes,     516808 total
- age   2:      66400 bytes,     583208 total
- age   3:     157928 bytes,     741136 total
- age   4:       3000 bytes,     744136 total
 18064K->11886K(24716K), 0.0010402 secs]
32.439: [GC
Desired survivor size 557056 bytes, new threshold 15 (max 15)
- age   1:      63152 bytes,      63152 total
- age   2:     335872 bytes,     399024 total
 18411K->11786K(24716K), 0.0010876 secs]
32.444: [GC
Desired survivor size 557056 bytes, new threshold 3 (max 15)
- age   1:     253888 bytes,     253888 total
- age   2:      49616 bytes,     303504 total
- age   3:     335872 bytes,     639376 total
 18283K->12020K(24716K), 0.0010631 secs]
32.450: [GC
Desired survivor size 557056 bytes, new threshold 15 (max 15)
- age   1:     165968 bytes,     165968 total
- age   2:     155160 bytes,     321128 total
- age   3:      49576 bytes,     370704 total
 18522K->11925K(24716K), 0.0009279 secs]
32.456: [GC
Desired survivor size 557056 bytes, new threshold 2 (max 15)
- age   1:     477768 bytes,     477768 total
- age   2:      84272 bytes,     562040 total
- age   3:     155160 bytes,     717200 total
- age   4:      49576 bytes,     766776 total
 18446K->12313K(24716K), 0.0010200 secs]
32.461: [GC
Desired survivor size 557056 bytes, new threshold 15 (max 15)
- age   1:     205600 bytes,     205600 total
- age   2:     296112 bytes,     501712 total
 18836K->12341K(24716K), 0.0013044 secs]
32.467: [GC
Desired survivor size 557056 bytes, new threshold 3 (max 15)
- age   1:     359920 bytes,     359920 total
- age   2:     168320 bytes,     528240 total
- age   3:     139608 bytes,     667848 total
 18868K->12501K(24716K), 0.0012210 secs]
32.474: [GC
Desired survivor size 557056 bytes, new threshold 3 (max 15)
- age   1:     297584 bytes,     297584 total
- age   2:     159200 bytes,     456784 total
- age   3:     168320 bytes,     625104 total
 19029K->12595K(24716K), 0.0010437 secs]
32.479: [GC
Desired survivor size 557056 bytes, new threshold 15 (max 15)
- age   1:     130320 bytes,     130320 total
- age   2:       2688 bytes,     133008 total
- age   3:     159200 bytes,     292208 total
 19055K->12442K(24716K), 0.0010150 secs]
32.484: [GC
Desired survivor size 557056 bytes, new threshold 15 (max 15)
- age   1:      85248 bytes,      85248 total
- age   2:      85136 bytes,     170384 total
- age   3:       2688 bytes,     173072 total
- age   4:     159200 bytes,     332272 total
 18961K->12481K(24716K), 0.0008751 secs]
32.489: [GC
Desired survivor size 557056 bytes, new threshold 15 (max 15)
- age   1:     165672 bytes,     165672 total
- age   2:      37944 bytes,     203616 total
- age   3:      85136 bytes,     288752 total
- age   4:       2688 bytes,     291440 total
- age   5:     159200 bytes,     450640 total
 18988K->12597K(24716K), 0.0010471 secs]
32.494: [GC
Desired survivor size 557056 bytes, new threshold 6 (max 15)
- age   1:     225280 bytes,     225280 total
- age   2:      56760 bytes,     282040 total
- age   3:      37944 bytes,     319984 total
- age   4:      85136 bytes,     405120 total
- age   5:       2688 bytes,     407808 total
- age   6:     159200 bytes,     567008 total
 19100K->12710K(24716K), 0.0012635 secs]
32.500: [GC
Desired survivor size 557056 bytes, new threshold 15 (max 15)
- age   1:     215896 bytes,     215896 total
- age   2:     119216 bytes,     335112 total
- age   3:      56760 bytes,     391872 total
- age   4:      20072 bytes,     411944 total
- age   5:      85136 bytes,     497080 total
- age   6:       1520 bytes,     498600 total
 19229K->12798K(24716K), 0.0010274 secs]
32.505: [GC
Desired survivor size 557056 bytes, new threshold 4 (max 15)
- age   1:     219848 bytes,     219848 total
- age   2:     164832 bytes,     384680 total
- age   3:     119216 bytes,     503896 total
- age   4:      56760 bytes,     560656 total
- age   5:      20072 bytes,     580728 total
- age   6:      85136 bytes,     665864 total
- age   7:       1520 bytes,     667384 total
 19325K->12963K(24716K), 0.0013990 secs]
32.511: [GC
Desired survivor size 557056 bytes, new threshold 2 (max 15)
- age   1:     441320 bytes,     441320 total
- age   2:     166384 bytes,     607704 total
- age   3:       2200 bytes,     609904 total
- age   4:     119216 bytes,     729120 total
 19474K->13181K(24716K), 0.0011978 secs]
32.516: [GC
Desired survivor size 557056 bytes, new threshold 15 (max 15)
- age   1:     351752 bytes,     351752 total
- age   2:     175496 bytes,     527248 total
 19704K->13271K(24716K), 0.0012075 secs]
32.521: [GC
Desired survivor size 557056 bytes, new threshold 1 (max 15)
- age   1:     708392 bytes,     708392 total
- age   2:      67232 bytes,     775624 total
- age   3:     175496 bytes,     951120 total
 19777K->13681K(24716K), 0.0013945 secs]
32.528: [GC
Desired survivor size 557056 bytes, new threshold 1 (max 15)
- age   1:     605592 bytes,     605592 total
 20156K->14189K(24716K), 0.0018980 secs]
32.534: [GC
Desired survivor size 557056 bytes, new threshold 15 (max 15)
- age   1:     452256 bytes,     452256 total
 20672K->14263K(24716K), 0.0011261 secs]
32.541: [GC
Desired survivor size 557056 bytes, new threshold 2 (max 15)
- age   1:     465808 bytes,     465808 total
- age   2:     147040 bytes,     612848 total
 20758K->14417K(24716K), 0.0027307 secs]
32.550: [GC
Desired survivor size 557056 bytes, new threshold 2 (max 15)
- age   1:     276800 bytes,     276800 total
- age   2:     356632 bytes,     633432 total
 20920K->14525K(24716K), 0.0010703 secs]
32.555: [GC
Desired survivor size 557056 bytes, new threshold 15 (max 15)
- age   1:     118928 bytes,     118928 total
- age   2:      58488 bytes,     177416 total
 21046K->14435K(24716K), 0.0010337 secs]
32.562: [GC
Desired survivor size 557056 bytes, new threshold 15 (max 15)
- age   1:     407168 bytes,     407168 total
- age   2:      64520 bytes,     471688 total
- age   3:      58488 bytes,     530176 total
 20915K->14780K(24716K), 0.0009022 secs]
32.567: [GC
Desired survivor size 557056 bytes, new threshold 3 (max 15)
- age   1:     291040 bytes,     291040 total
- age   2:     259232 bytes,     550272 total
- age   3:      64520 bytes,     614792 total
- age   4:      58488 bytes,     673280 total
 21253K->14920K(24716K), 0.0010834 secs]
32.573: [GC
Desired survivor size 557056 bytes, new threshold 3 (max 15)
- age   1:     470384 bytes,     470384 total
- age   3:     145696 bytes,     616080 total
 21425K->14984K(24716K), 0.0010389 secs]
32.580: [GC
Desired survivor size 557056 bytes, new threshold 2 (max 15)
- age   1:     526120 bytes,     526120 total
- age   2:     172712 bytes,     698832 total
 21452K->15204K(24716K), 0.0021216 secs]
32.587: [GC
Desired survivor size 557056 bytes, new threshold 2 (max 15)
- age   1:     189584 bytes,     189584 total
- age   2:     445552 bytes,     635136 total
 21711K->15144K(24716K), 0.0012109 secs]
32.592: [GC
Desired survivor size 557056 bytes, new threshold 15 (max 15)
- age   1:     226232 bytes,     226232 total
- age   2:     116160 bytes,     342392 total
 21672K->15050K(24716K), 0.0008773 secs]
32.598: [GC
Desired survivor size 557056 bytes, new threshold 1 (max 15)
- age   1:     580384 bytes,     580384 total
- age   2:     173336 bytes,     753720 total
- age   3:     116160 bytes,     869880 total
 21552K->15565K(24716K), 0.0016546 secs]
32.603: [GC
Desired survivor size 557056 bytes, new threshold 15 (max 15)
- age   1:     264032 bytes,     264032 total
 22063K->15663K(24716K), 0.0013958 secs]
32.610: [GC
Desired survivor size 557056 bytes, new threshold 1 (max 15)
- age   1:     689296 bytes,     689296 total
- age   2:     121128 bytes,     810424 total
 22166K->16196K(24716K), 0.0018787 secs]
32.616: [GC
Desired survivor size 557056 bytes, new threshold 15 (max 15)
- age   1:     158288 bytes,     158288 total
 22698K->16142K(24716K), 0.0011636 secs]
32.621: [GC
Desired survivor size 557056 bytes, new threshold 15 (max 15)
- age   1:     349976 bytes,     349976 total
- age   2:      65856 bytes,     415832 total
 22667K->16395K(24716K), 0.0008562 secs]
32.627: [GC
Desired survivor size 557056 bytes, new threshold 15 (max 15)
- age   1:     416560 bytes,     416560 total
- age   3:      65856 bytes,     482416 total
 22918K->16460K(24716K), 0.0009321 secs]
32.632: [GC
Desired survivor size 557056 bytes, new threshold 2 (max 15)
- age   1:     427816 bytes,     427816 total
- age   2:     180904 bytes,     608720 total
 22939K->16584K(24716K), 0.0009919 secs]
32.637: [GC
Desired survivor size 557056 bytes, new threshold 15 (max 15)
- age   1:     228312 bytes,     228312 total
- age   2:     131744 bytes,     360056 total
 23098K->16397K(24716K), 0.0009159 secs]
32.646: [GC
Desired survivor size 557056 bytes, new threshold 15 (max 15)
- age   1:      42064 bytes,      42064 total
- age   2:      40104 bytes,      82168 total
- age   3:     131744 bytes,     213912 total
 22925K->16253K(24716K), 0.0009430 secs]
32.653: [GC
Desired survivor size 557056 bytes, new threshold 1 (max 15)
- age   1:     564768 bytes,     564768 total
- age   2:       1880 bytes,     566648 total
- age   3:      40104 bytes,     606752 total
- age   4:     131744 bytes,     738496 total
 22753K->16764K(24716K), 0.0013034 secs]
32.658: [GC
Desired survivor size 557056 bytes, new threshold 15 (max 15)
- age   1:     427416 bytes,     427416 total
 23290K->17034K(24716K), 0.0014652 secs]
32.668: [GC
Desired survivor size 557056 bytes, new threshold 2 (max 15)
- age   1:     260568 bytes,     260568 total
- age   2:     385192 bytes,     645760 total
 23562K->17247K(24716K), 0.0011719 secs]
32.675: [GC
Desired survivor size 557056 bytes, new threshold 15 (max 15)
- age   1:      65104 bytes,      65104 total
- age   2:     213728 bytes,     278832 total
 23775K->17265K(24716K), 0.0010192 secs]
32.682: [GC
Desired survivor size 557056 bytes, new threshold 1 (max 15)
- age   1:     617040 bytes,     617040 total
- age   2:      64296 bytes,     681336 total
- age   3:     213440 bytes,     894776 total
 23763K->17868K(24716K), 0.0011110 secs]
32.688: [GC
Desired survivor size 557056 bytes, new threshold 15 (max 15)
- age   1:     177160 bytes,     177160 total
 24366K->17954K(25484K), 0.0014349 secs]
32.690: [Full GC 17954K->8464K(25484K), 0.0704743 secs]
32.766: [GC
Desired survivor size 557056 bytes, new threshold 15 (max 15)
- age   1:     458672 bytes,     458672 total
 14992K->8921K(24716K), 0.0007877 secs]
32.774: [GC
Desired survivor size 557056 bytes, new threshold 2 (max 15)
- age   1:     191800 bytes,     191800 total
- age   2:     373760 bytes,     565560 total
 15449K->9020K(24716K), 0.0010075 secs]
32.781: [GC
Desired survivor size 557056 bytes, new threshold 15 (max 15)
- age   1:     300832 bytes,     300832 total
- age   2:      18960 bytes,     319792 total
 15484K->9147K(24716K), 0.0025817 secs]
32.788: [GC
Desired survivor size 557056 bytes, new threshold 15 (max 15)
- age   1:     262960 bytes,     262960 total
- age   2:     241200 bytes,     504160 total
- age   3:      18960 bytes,     523120 total
 15619K->9351K(24716K), 0.0009185 secs]
32.792: [GC
Desired survivor size 557056 bytes, new threshold 15 (max 15)
- age   1:     108832 bytes,     108832 total
- age   2:     202040 bytes,     310872 total
- age   3:     199632 bytes,     510504 total
- age   4:      18960 bytes,     529464 total
 15867K->9358K(24716K), 0.0011961 secs]
32.801: [GC
Desired survivor size 557056 bytes, new threshold 15 (max 15)
- age   1:      91808 bytes,      91808 total
- age   2:      44216 bytes,     136024 total
- age   3:     202040 bytes,     338064 total
- age   4:     199632 bytes,     537696 total
- age   5:      17216 bytes,     554912 total
 15861K->9388K(24716K), 0.0010035 secs]
32.807: [GC
Desired survivor size 557056 bytes, new threshold 5 (max 15)
- age   1:      93576 bytes,      93576 total
- age   2:      74544 bytes,     168120 total
- age   3:      44216 bytes,     212336 total
- age   4:     202040 bytes,     414376 total
- age   5:     199632 bytes,     614008 total
- age   6:      16016 bytes,     630024 total
 15916K->9460K(24716K), 0.0010621 secs]
32.812: [GC
Desired survivor size 557056 bytes, new threshold 15 (max 15)
- age   1:      52192 bytes,      52192 total
- age   2:      12464 bytes,      64656 total
- age   3:      74544 bytes,     139200 total
- age   4:      44216 bytes,     183416 total
- age   5:     202040 bytes,     385456 total
 15986K->9454K(24716K), 0.0010920 secs]
32.817: [GC
Desired survivor size 557056 bytes, new threshold 4 (max 15)
- age   1:     479400 bytes,     479400 total
- age   2:      24192 bytes,     503592 total
- age   3:      12464 bytes,     516056 total
- age   4:      74544 bytes,     590600 total
- age   5:      44216 bytes,     634816 total
- age   6:     202040 bytes,     836856 total
 15982K->9896K(24716K), 0.0012464 secs]
32.824: [GC
Desired survivor size 557056 bytes, new threshold 2 (max 15)
- age   1:     391280 bytes,     391280 total
- age   2:     419464 bytes,     810744 total
- age   3:      24192 bytes,     834936 total
- age   4:      12464 bytes,     847400 total
 16350K->10190K(24716K), 0.0017332 secs]
32.831: [GC
Desired survivor size 557056 bytes, new threshold 2 (max 15)
- age   1:     444576 bytes,     444576 total
- age   2:     125408 bytes,     569984 total
 16710K->10318K(24716K), 0.0016196 secs]
32.837: [GC
Desired survivor size 557056 bytes, new threshold 15 (max 15)
- age   1:     133520 bytes,     133520 total
- age   2:     111184 bytes,     244704 total
 16838K->10054K(24716K), 0.0007724 secs]
32.843: [GC
Desired survivor size 557056 bytes, new threshold 15 (max 15)
- age   1:     266304 bytes,     266304 total
- age   2:      68968 bytes,     335272 total
- age   3:      46216 bytes,     381488 total
 16542K->10187K(24716K), 0.0008700 secs]
32.848: [GC
Desired survivor size 557056 bytes, new threshold 3 (max 15)
- age   1:     492400 bytes,     492400 total
- age   3:      68968 bytes,     561368 total
- age   4:      46216 bytes,     607584 total
 16680K->10406K(24716K), 0.0017233 secs]
32.854: [GC
Desired survivor size 557056 bytes, new threshold 15 (max 15)
- age   1:     123856 bytes,     123856 total
- age   2:     265600 bytes,     389456 total
 16926K->10306K(24716K), 0.0014966 secs]
32.859: [GC
Desired survivor size 557056 bytes, new threshold 3 (max 15)
- age   1:     257592 bytes,     257592 total
- age   2:      55744 bytes,     313336 total
- age   3:     265600 bytes,     578936 total
 16809K->10493K(24716K), 0.0010807 secs]
32.867: [GC
Desired survivor size 557056 bytes, new threshold 1 (max 15)
- age   1:     628960 bytes,     628960 total
- age   2:      49392 bytes,     678352 total
- age   3:      55744 bytes,     734096 total
 17015K->10903K(24716K), 0.0011268 secs]
32.872: [GC
Desired survivor size 557056 bytes, new threshold 15 (max 15)
- age   1:     269864 bytes,     269864 total
 17431K->10892K(24716K), 0.0010977 secs]
32.877: [GC
Desired survivor size 557056 bytes, new threshold 15 (max 15)
- age   1:     129752 bytes,     129752 total
 17419K->10757K(24716K), 0.0006827 secs]
32.883: [GC
Desired survivor size 557056 bytes, new threshold 15 (max 15)
- age   1:      97272 bytes,      97272 total
- age   2:      54352 bytes,     151624 total
 17279K->10777K(24716K), 0.0007253 secs]
32.887: [GC
Desired survivor size 557056 bytes, new threshold 15 (max 15)
- age   1:     176328 bytes,     176328 total
- age   2:       6856 bytes,     183184 total
- age   3:      54352 bytes,     237536 total
 17305K->10862K(24716K), 0.0007204 secs]
32.892: [GC
Desired survivor size 557056 bytes, new threshold 15 (max 15)
- age   1:     221776 bytes,     221776 total
- age   2:     157928 bytes,     379704 total
- age   3:       6856 bytes,     386560 total
- age   4:      54352 bytes,     440912 total
 17344K->11060K(24716K), 0.0010008 secs]
32.897: [GC
Desired survivor size 557056 bytes, new threshold 3 (max 15)
- age   1:     235776 bytes,     235776 total
- age   2:     198104 bytes,     433880 total
- age   3:     157928 bytes,     591808 total
- age   4:       6856 bytes,     598664 total
- age   5:      54352 bytes,     653016 total
 17581K->11267K(24716K), 0.0020503 secs]
32.905: [GC
Desired survivor size 557056 bytes, new threshold 3 (max 15)
- age   1:     430592 bytes,     430592 total
- age   2:      88160 bytes,     518752 total
- age   3:     198104 bytes,     716856 total
 17794K->11545K(24716K), 0.0014221 secs]
32.910: [GC
Desired survivor size 557056 bytes, new threshold 15 (max 15)
- age   1:     123312 bytes,     123312 total
- age   2:     170384 bytes,     293696 total
- age   3:      88160 bytes,     381856 total
 18026K->11411K(24716K), 0.0010570 secs]
32.916: [GC
Desired survivor size 557056 bytes, new threshold 15 (max 15)
- age   1:     103968 bytes,     103968 total
- age   2:      51800 bytes,     155768 total
- age   3:     115720 bytes,     271488 total
- age   4:      88160 bytes,     359648 total
 17884K->11390K(24716K), 0.0008489 secs]
32.921: [GC
Desired survivor size 557056 bytes, new threshold 15 (max 15)
- age   1:     110816 bytes,     110816 total
- age   3:      51800 bytes,     162616 total
- age   4:     115720 bytes,     278336 total
- age   5:      88160 bytes,     366496 total
 17871K->11396K(24716K), 0.0010137 secs]
32.926: [GC
Desired survivor size 557056 bytes, new threshold 4 (max 15)
- age   1:     520784 bytes,     520784 total
- age   2:      33624 bytes,     554408 total
- age   4:      51800 bytes,     606208 total
- age   5:     115720 bytes,     721928 total
- age   6:      88160 bytes,     810088 total
 17915K->11830K(24716K), 0.0013442 secs]
32.931: [GC
Desired survivor size 557056 bytes, new threshold 2 (max 15)
- age   1:     537144 bytes,     537144 total
- age   2:     208720 bytes,     745864 total
- age   3:      33624 bytes,     779488 total
 18311K->12049K(24716K), 0.0013016 secs]
32.938: [GC
Desired survivor size 557056 bytes, new threshold 2 (max 15)
- age   1:     260368 bytes,     260368 total
- age   2:     428368 bytes,     688736 total
 18533K->12140K(24716K), 0.0011122 secs]
32.944: [GC
Desired survivor size 557056 bytes, new threshold 1 (max 15)
- age   1:     581096 bytes,     581096 total
- age   2:     203264 bytes,     784360 total
 18639K->12506K(24716K), 0.0013004 secs]
32.951: [GC
Desired survivor size 557056 bytes, new threshold 15 (max 15)
- age   1:     234368 bytes,     234368 total
 19010K->12352K(24716K), 0.0009295 secs]
32.956: [GC
Desired survivor size 557056 bytes, new threshold 1 (max 15)
- age   1:     617800 bytes,     617800 total
- age   2:     114592 bytes,     732392 total
 18850K->12838K(24716K), 0.0012985 secs]
32.961: [GC
Desired survivor size 557056 bytes, new threshold 15 (max 15)
- age   1:     198288 bytes,     198288 total
 19319K->12721K(24716K), 0.0011314 secs]
32.968: [GC
Desired survivor size 557056 bytes, new threshold 15 (max 15)
- age   1:     312608 bytes,     312608 total
- age   2:      71704 bytes,     384312 total
 19239K->12905K(24716K), 0.0007345 secs]
32.973: [GC
Desired survivor size 557056 bytes, new threshold 15 (max 15)
- age   1:     127984 bytes,     127984 total
- age   2:      57568 bytes,     185552 total
- age   3:      71704 bytes,     257256 total
 19418K->12780K(24716K), 0.0007404 secs]
32.977: [GC
Desired survivor size 557056 bytes, new threshold 15 (max 15)
- age   1:     274968 bytes,     274968 total
- age   2:      60656 bytes,     335624 total
- age   3:      57568 bytes,     393192 total
- age   4:      71704 bytes,     464896 total
 19267K->12983K(24716K), 0.0010207 secs]
32.982: [GC
Desired survivor size 557056 bytes, new threshold 2 (max 15)
- age   1:     374320 bytes,     374320 total
- age   2:     206576 bytes,     580896 total
- age   3:      60656 bytes,     641552 total
- age   4:      57568 bytes,     699120 total
- age   5:      71704 bytes,     770824 total
 19422K->13282K(24716K), 0.0014054 secs]
32.987: [GC
Desired survivor size 557056 bytes, new threshold 1 (max 15)
- age   1:     619728 bytes,     619728 total
- age   2:      81664 bytes,     701392 total
 19785K->13601K(24716K), 0.0013257 secs]
32.993: [GC
Desired survivor size 557056 bytes, new threshold 15 (max 15)
- age   1:     307624 bytes,     307624 total
 20119K->13801K(24716K), 0.0016467 secs]
32.999: [GC
Desired survivor size 557056 bytes, new threshold 2 (max 15)
- age   1:     489944 bytes,     489944 total
- age   2:     279432 bytes,     769376 total
 20323K->14252K(24716K), 0.0010911 secs]
33.005: [GC
Desired survivor size 557056 bytes, new threshold 15 (max 15)
- age   1:     196776 bytes,     196776 total
- age   2:     298352 bytes,     495128 total
 20756K->14224K(24716K), 0.0013146 secs]
33.010: [GC
Desired survivor size 557056 bytes, new threshold 2 (max 15)
- age   1:     410480 bytes,     410480 total
- age   2:     170616 bytes,     581096 total
- age   3:      84312 bytes,     665408 total
 20733K->14390K(24716K), 0.0010027 secs]
33.016: [GC
Desired survivor size 557056 bytes, new threshold 2 (max 15)
- age   1:     346840 bytes,     346840 total
- age   2:     274080 bytes,     620920 total
 20907K->14596K(24716K), 0.0015380 secs]
33.024: [GC
Desired survivor size 557056 bytes, new threshold 2 (max 15)
- age   1:     428576 bytes,     428576 total
- age   2:     273704 bytes,     702280 total
 21089K->14792K(24716K), 0.0020609 secs]
33.031: [GC
Desired survivor size 557056 bytes, new threshold 2 (max 15)
- age   1:     540824 bytes,     540824 total
- age   2:      94104 bytes,     634928 total
 21283K->15001K(24716K), 0.0012776 secs]
33.037: [GC
Desired survivor size 557056 bytes, new threshold 2 (max 15)
- age   1:     400040 bytes,     400040 total
- age   2:     164136 bytes,     564176 total
 21417K->14967K(24716K), 0.0008316 secs]
33.042: [GC
Desired survivor size 557056 bytes, new threshold 2 (max 15)
- age   1:     280000 bytes,     280000 total
- age   2:     321064 bytes,     601064 total
 21465K->15163K(24716K), 0.0012036 secs]
33.049: [GC
Desired survivor size 557056 bytes, new threshold 15 (max 15)
- age   1:     383360 bytes,     383360 total
- age   2:     145592 bytes,     528952 total
 21686K->15093K(24716K), 0.0009043 secs]
33.055: [GC
Desired survivor size 557056 bytes, new threshold 3 (max 15)
- age   1:     396656 bytes,     396656 total
- age   2:     102296 bytes,     498952 total
- age   3:     145592 bytes,     644544 total
 21592K->15205K(24716K), 0.0011639 secs]
33.062: [GC
Desired survivor size 557056 bytes, new threshold 15 (max 15)
- age   1:     130312 bytes,     130312 total
- age   2:     310200 bytes,     440512 total
 21707K->15156K(24716K), 0.0022768 secs]
33.072: [GC
Desired survivor size 557056 bytes, new threshold 15 (max 15)
- age   1:     206928 bytes,     206928 total
- age   2:      36200 bytes,     243128 total
- age   3:     310144 bytes,     553272 total
 21665K->15265K(24716K), 0.0009659 secs]
33.078: [GC
Desired survivor size 557056 bytes, new threshold 1 (max 15)
- age   1:     582528 bytes,     582528 total
- age   2:     146880 bytes,     729408 total
- age   3:      36200 bytes,     765608 total
- age   4:     310144 bytes,    1075752 total
 21788K->15775K(24716K), 0.0013549 secs]
33.083: [GC
Desired survivor size 557056 bytes, new threshold 15 (max 15)
- age   1:     268288 bytes,     268288 total
 22244K->15774K(24716K), 0.0015140 secs]
33.089: [GC
Desired survivor size 557056 bytes, new threshold 15 (max 15)
- age   1:     271560 bytes,     271560 total
- age   2:     145248 bytes,     416808 total
 22278K->15920K(24716K), 0.0008941 secs]
33.096: [GC
Desired survivor size 557056 bytes, new threshold 3 (max 15)
- age   1:     329896 bytes,     329896 total
- age   2:     110888 bytes,     440784 total
- age   3:     145248 bytes,     586032 total
 22443K->16083K(24716K), 0.0012070 secs]
33.104: [GC
Desired survivor size 557056 bytes, new threshold 15 (max 15)
- age   1:     137120 bytes,     137120 total
- age   2:     160360 bytes,     297480 total
- age   3:     110888 bytes,     408368 total
 22599K->16052K(24716K), 0.0011520 secs]
33.110: [GC
Desired survivor size 557056 bytes, new threshold 15 (max 15)
- age   1:     185888 bytes,     185888 total
- age   2:      11408 bytes,     197296 total
- age   3:     160360 bytes,     357656 total
- age   4:     110888 bytes,     468544 total
 22547K->16114K(24716K), 0.0008884 secs]
33.116: [GC
Desired survivor size 557056 bytes, new threshold 2 (max 15)
- age   1:     522664 bytes,     522664 total
- age   2:      82280 bytes,     604944 total
- age   3:      10920 bytes,     615864 total
- age   4:     160360 bytes,     776224 total
- age   5:     110888 bytes,     887112 total
 22627K->16520K(24716K), 0.0012261 secs]
33.122: [GC
Desired survivor size 557056 bytes, new threshold 1 (max 15)
- age   1:     741528 bytes,     741528 total
- age   2:     317520 bytes,    1059048 total
 23011K->17117K(24716K), 0.0015526 secs]
33.128: [GC
Desired survivor size 557056 bytes, new threshold 15 (max 15)
- age   1:      63560 bytes,      63560 total
 23642K->17076K(24716K), 0.0014590 secs]
33.135: [GC
Desired survivor size 557056 bytes, new threshold 1 (max 15)
- age   1:     560272 bytes,     560272 total
- age   2:       4320 bytes,     564592 total
 23596K->17563K(24716K), 0.0010032 secs]
33.140: [GC
Desired survivor size 557056 bytes, new threshold 15 (max 15)
- age   1:     388616 bytes,     388616 total
 24087K->17851K(25100K), 0.0014154 secs]
33.142: [Full GC 17851K->8787K(25100K), 0.0708452 secs]
33.217: [GC
Desired survivor size 557056 bytes, new threshold 15 (max 15)
- age   1:     501224 bytes,     501224 total
 15288K->9278K(24716K), 0.0011275 secs]
33.222: [GC
Desired survivor size 557056 bytes, new threshold 15 (max 15)
- age   1:     142856 bytes,     142856 total
- age   2:     387040 bytes,     529896 total
 15766K->9308K(24716K), 0.0010351 secs]
33.228: [GC
Desired survivor size 557056 bytes, new threshold 3 (max 15)
- age   1:     117864 bytes,     117864 total
- age   2:      58592 bytes,     176456 total
- age   3:     387040 bytes,     563496 total
 15828K->9341K(24716K), 0.0009866 secs]
33.233: [GC
Desired survivor size 557056 bytes, new threshold 15 (max 15)
- age   1:     232792 bytes,     232792 total
- age   2:      33056 bytes,     265848 total
- age   3:      58592 bytes,     324440 total
 15801K->9493K(24716K), 0.0012161 secs]
33.239: [GC
Desired survivor size 557056 bytes, new threshold 1 (max 15)
- age   1:     567952 bytes,     567952 total
- age   2:      85440 bytes,     653392 total
- age   3:      33056 bytes,     686448 total
- age   4:      58592 bytes,     745040 total
 16001K->9904K(24716K), 0.0010254 secs]
33.244: [GC
Desired survivor size 557056 bytes, new threshold 15 (max 15)
- age   1:     150976 bytes,     150976 total
 16409K->9959K(24716K), 0.0016692 secs]
33.252: [GC
Desired survivor size 557056 bytes, new threshold 2 (max 15)
- age   1:     492176 bytes,     492176 total
- age   2:     124560 bytes,     616736 total
 16469K->10415K(24716K), 0.0008516 secs]
33.258: [GC
Desired survivor size 557056 bytes, new threshold 2 (max 15)
- age   1:     453256 bytes,     453256 total
- age   2:     354248 bytes,     807504 total
 16934K->10723K(24716K), 0.0011949 secs]
33.265: [GC
Desired survivor size 557056 bytes, new threshold 15 (max 15)
- age   1:     116760 bytes,     116760 total
- age   2:     309672 bytes,     426432 total
 17243K->10697K(24716K), 0.0012418 secs]
33.271: [GC
Desired survivor size 557056 bytes, new threshold 1 (max 15)
- age   1:     562016 bytes,     562016 total
- age   2:      37168 bytes,     599184 total
- age   3:     309672 bytes,     908856 total
 17179K->11168K(24716K), 0.0017353 secs]
33.277: [GC
Desired survivor size 557056 bytes, new threshold 15 (max 15)
- age   1:     162880 bytes,     162880 total
 17648K->11091K(24716K), 0.0012804 secs]
33.282: [GC
Desired survivor size 557056 bytes, new threshold 1 (max 15)
- age   1:     574720 bytes,     574720 total
- age   2:      81696 bytes,     656416 total
 17586K->11574K(24716K), 0.0009480 secs]
33.288: [GC
Desired survivor size 557056 bytes, new threshold 1 (max 15)
- age   1:     869496 bytes,     869496 total
 17992K->12039K(24716K), 0.0013673 secs]
33.294: [GC
Desired survivor size 557056 bytes, new threshold 15 (max 15)
- age   1:     299368 bytes,     299368 total
 18531K->12128K(24716K), 0.0013184 secs]
33.300: [GC
Desired survivor size 557056 bytes, new threshold 2 (max 15)
- age   1:     383616 bytes,     383616 total
- age   2:     195808 bytes,     579424 total
 18636K->12403K(24716K), 0.0008728 secs]
33.306: [GC
Desired survivor size 557056 bytes, new threshold 2 (max 15)
- age   1:     366000 bytes,     366000 total
- age   2:     299512 bytes,     665512 total
 18920K->12487K(24716K), 0.0009854 secs]
33.311: [GC
Desired survivor size 557056 bytes, new threshold 15 (max 15)
- age   1:     385688 bytes,     385688 total
- age   2:     135456 bytes,     521144 total
 18972K->12559K(24716K), 0.0010165 secs]
33.318: [GC
Desired survivor size 557056 bytes, new threshold 1 (max 15)
- age   1:     910552 bytes,     910552 total
- age   3:     135456 bytes,    1046008 total
 19042K->13072K(24716K), 0.0013215 secs]
33.323: [GC
Desired survivor size 557056 bytes, new threshold 1 (max 15)
- age   1:     648000 bytes,     648000 total
 19468K->13415K(24716K), 0.0016392 secs]
33.331: [GC
Desired survivor size 557056 bytes, new threshold 15 (max 15)
- age   1:      82016 bytes,      82016 total
 19798K->13416K(24716K), 0.0022851 secs]
33.339: [GC
Desired survivor size 557056 bytes, new threshold 15 (max 15)
- age   1:     540088 bytes,     540088 total
- age   2:        704 bytes,     540792 total
 19903K->13866K(24716K), 0.0007844 secs]
33.344: [GC
Desired survivor size 557056 bytes, new threshold 2 (max 15)
- age   1:     248776 bytes,     248776 total
- age   2:     444704 bytes,     693480 total
- age   3:        704 bytes,     694184 total
 20384K->14016K(24716K), 0.0010503 secs]
33.350: [GC
Desired survivor size 557056 bytes, new threshold 2 (max 15)
- age   1:     393728 bytes,     393728 total
- age   2:     196592 bytes,     590320 total
 20494K->14357K(24716K), 0.0015278 secs]
33.356: [GC
Desired survivor size 557056 bytes, new threshold 2 (max 15)
- age   1:     314464 bytes,     314464 total
- age   2:     339072 bytes,     653536 total
 20884K->14611K(24716K), 0.0013049 secs]
33.362: [GC
Desired survivor size 557056 bytes, new threshold 15 (max 15)
- age   1:     205224 bytes,     205224 total
- age   2:     136672 bytes,     341896 total
 21093K->14637K(24716K), 0.0010522 secs]
33.369: [GC
Desired survivor size 557056 bytes, new threshold 15 (max 15)
- age   1:      73008 bytes,      73008 total
- age   2:     147624 bytes,     220632 total
- age   3:     136672 bytes,     357304 total
 21139K->14650K(24716K), 0.0010900 secs]
33.375: [GC
Desired survivor size 557056 bytes, new threshold 1 (max 15)
- age   1:     710984 bytes,     710984 total
- age   2:      12352 bytes,     723336 total
- age   3:      64608 bytes,     787944 total
- age   4:     136672 bytes,     924616 total
 21122K->15205K(24716K), 0.0011456 secs]
33.383: [GC
Desired survivor size 557056 bytes, new threshold 15 (max 15)
- age   1:     266784 bytes,     266784 total
 21733K->15198K(24716K), 0.0012591 secs]
33.389: [GC
Desired survivor size 557056 bytes, new threshold 15 (max 15)
- age   1:     265056 bytes,     265056 total
- age   2:     265976 bytes,     531032 total
 21684K->15455K(24716K), 0.0009995 secs]
33.396: [GC
Desired survivor size 557056 bytes, new threshold 3 (max 15)
- age   1:     373616 bytes,     373616 total
- age   2:     135800 bytes,     509416 total
- age   3:     265824 bytes,     775240 total
 21970K->15696K(24716K), 0.0015964 secs]
33.401: [GC
Desired survivor size 557056 bytes, new threshold 3 (max 15)
- age   1:     358256 bytes,     358256 total
- age   2:     109184 bytes,     467440 total
- age   3:     135800 bytes,     603240 total
 22213K->15794K(24716K), 0.0013597 secs]
33.406: [GC
Desired survivor size 557056 bytes, new threshold 1 (max 15)
- age   1:     688320 bytes,     688320 total
- age   2:     256184 bytes,     944504 total
- age   3:     109184 bytes,    1053688 total
 22311K->16360K(24716K), 0.0017170 secs]
33.413: [GC
Desired survivor size 557056 bytes, new threshold 1 (max 15)
- age   1:     664800 bytes,     664800 total
 22879K->16851K(24716K), 0.0015571 secs]
33.421: [GC
Desired survivor size 557056 bytes, new threshold 15 (max 15)
- age   1:     275040 bytes,     275040 total
 23374K->16704K(24716K), 0.0008659 secs]
33.426: [GC
Desired survivor size 557056 bytes, new threshold 15 (max 15)
- age   1:     449952 bytes,     449952 total
- age   2:      71704 bytes,     521656 total
 23227K->16945K(24716K), 0.0009826 secs]
33.431: [GC
Desired survivor size 557056 bytes, new threshold 3 (max 15)
- age   1:     259192 bytes,     259192 total
- age   2:     277352 bytes,     536544 total
- age   3:      71616 bytes,     608160 total
 23398K->17029K(24716K), 0.0009841 secs]
33.441: [GC
Desired survivor size 557056 bytes, new threshold 3 (max 15)
- age   1:     264352 bytes,     264352 total
- age   2:     172184 bytes,     436536 total
- age   3:     154936 bytes,     591472 total
 23542K->17081K(24716K), 0.0010130 secs]
33.446: [GC
Desired survivor size 557056 bytes, new threshold 3 (max 15)
- age   1:     338712 bytes,     338712 total
- age   2:     175336 bytes,     514048 total
- age   3:     172184 bytes,     686232 total
 23572K->17326K(24716K), 0.0021840 secs]
33.453: [GC
Desired survivor size 557056 bytes, new threshold 15 (max 15)
- age   1:     152152 bytes,     152152 total
- age   2:     191224 bytes,     343376 total
- age   3:     175336 bytes,     518712 total
 23843K->17330K(24716K), 0.0018270 secs]
33.461: [GC
Desired survivor size 557056 bytes, new threshold 3 (max 15)
- age   1:     262904 bytes,     262904 total
- age   2:     126160 bytes,     389064 total
- age   3:     191224 bytes,     580288 total
- age   4:     175336 bytes,     755624 total
 23810K->17562K(24716K), 0.0028685 secs]
33.468: [GC
Desired survivor size 557056 bytes, new threshold 2 (max 15)
- age   1:     530448 bytes,     530448 total
- age   2:     175400 bytes,     705848 total
- age   3:     126160 bytes,     832008 total
 24090K->18002K(24908K), 0.0014212 secs]
33.470: [Full GC 18002K->8614K(24908K), 0.0706533 secs]
33.545: [GC
Desired survivor size 557056 bytes, new threshold 15 (max 15)
- age   1:     442296 bytes,     442296 total
 15110K->9050K(24716K), 0.0009846 secs]
33.550: [GC
Desired survivor size 557056 bytes, new threshold 2 (max 15)
- age   1:     196096 bytes,     196096 total
- age   2:     381600 bytes,     577696 total
 15562K->9181K(24716K), 0.0011924 secs]
33.556: [GC
Desired survivor size 557056 bytes, new threshold 15 (max 15)
- age   1:     215424 bytes,     215424 total
- age   2:     128552 bytes,     343976 total
 15709K->9331K(24716K), 0.0014022 secs]
33.562: [GC
Desired survivor size 557056 bytes, new threshold 3 (max 15)
- age   1:     343016 bytes,     343016 total
- age   2:     147544 bytes,     490560 total
- age   3:     128552 bytes,     619112 total
 15805K->9602K(24716K), 0.0013773 secs]
33.567: [GC
Desired survivor size 557056 bytes, new threshold 3 (max 15)
- age   1:     158600 bytes,     158600 total
- age   2:     273872 bytes,     432472 total
- age   3:     147544 bytes,     580016 total
 16116K->9696K(24716K), 0.0012134 secs]
33.572: [GC
Desired survivor size 557056 bytes, new threshold 3 (max 15)
- age   1:     407568 bytes,     407568 total
- age   2:     145488 bytes,     553056 total
- age   3:     205328 bytes,     758384 total
 16208K->10013K(24716K), 0.0011826 secs]
33.578: [GC
Desired survivor size 557056 bytes, new threshold 3 (max 15)
- age   1:     289712 bytes,     289712 total
- age   2:     251592 bytes,     541304 total
- age   3:     145488 bytes,     686792 total
 16502K->10006K(24716K), 0.0011151 secs]
33.583: [GC
Desired survivor size 557056 bytes, new threshold 1 (max 15)
- age   1:     788848 bytes,     788848 total
- age   3:     251592 bytes,    1040440 total
 16498K->10492K(24716K), 0.0013964 secs]
33.590: [GC
Desired survivor size 557056 bytes, new threshold 1 (max 15)
- age   1:     639776 bytes,     639776 total
 17020K->10818K(24716K), 0.0017314 secs]
33.597: [GC
Desired survivor size 557056 bytes, new threshold 15 (max 15)
- age   1:     505896 bytes,     505896 total
 17332K->11027K(24716K), 0.0022897 secs]
33.608: [GC
Desired survivor size 557056 bytes, new threshold 2 (max 15)
- age   1:     210160 bytes,     210160 total
- age   2:     419400 bytes,     629560 total
 17529K->11147K(24716K), 0.0016584 secs]
33.613: [GC
Desired survivor size 557056 bytes, new threshold 2 (max 15)
- age   1:     430024 bytes,     430024 total
- age   2:     127152 bytes,     557176 total
 17657K->11485K(24716K), 0.0014184 secs]
33.620: [GC
Desired survivor size 557056 bytes, new threshold 2 (max 15)
- age   1:     182248 bytes,     182248 total
- age   2:     429976 bytes,     612224 total
 17961K->11669K(24716K), 0.0013393 secs]
33.626: [GC
Desired survivor size 557056 bytes, new threshold 15 (max 15)
- age   1:     256088 bytes,     256088 total
- age   2:     105800 bytes,     361888 total
 18169K->11595K(24716K), 0.0014210 secs]
33.631: [GC
Desired survivor size 557056 bytes, new threshold 15 (max 15)
- age   1:     210240 bytes,     210240 total
- age   2:     177816 bytes,     388056 total
- age   3:     105800 bytes,     493856 total
 18105K->11726K(24716K), 0.0011628 secs]
33.637: [GC
Desired survivor size 557056 bytes, new threshold 4 (max 15)
- age   1:     280992 bytes,     280992 total
- age   2:     143960 bytes,     424952 total
- age   3:      91288 bytes,     516240 total
- age   4:     105800 bytes,     622040 total
 18254K->11849K(24716K), 0.0009505 secs]
33.641: [GC
Desired survivor size 557056 bytes, new threshold 15 (max 15)
- age   1:     167584 bytes,     167584 total
- age   2:     198744 bytes,     366328 total
- age   3:      64240 bytes,     430568 total
- age   4:      91288 bytes,     521856 total
 18359K->11857K(24716K), 0.0010940 secs]
33.647: [GC
Desired survivor size 557056 bytes, new threshold 3 (max 15)
- age   1:     420504 bytes,     420504 total
- age   2:      86400 bytes,     506904 total
- age   3:     198744 bytes,     705648 total
- age   4:      64240 bytes,     769888 total
- age   5:      91288 bytes,     861176 total
 18353K->12187K(24716K), 0.0018776 secs]
33.652: [GC
Desired survivor size 557056 bytes, new threshold 3 (max 15)
- age   1:     342520 bytes,     342520 total
- age   2:     168280 bytes,     510800 total
- age   3:      86400 bytes,     597200 total
 18681K->12280K(24716K), 0.0017776 secs]
33.658: [GC
Desired survivor size 557056 bytes, new threshold 15 (max 15)
- age   1:     387480 bytes,     387480 total
- age   3:     168280 bytes,     555760 total
 18735K->12237K(24716K), 0.0011681 secs]
33.667: [GC
Desired survivor size 557056 bytes, new threshold 15 (max 15)
- age   1:     373304 bytes,     373304 total
- age   4:     168280 bytes,     541584 total
 18756K->12223K(24716K), 0.0012357 secs]
33.674: [GC
Desired survivor size 557056 bytes, new threshold 2 (max 15)
- age   1:     406472 bytes,     406472 total
- age   2:     204240 bytes,     610712 total
- age   5:     168280 bytes,     778992 total
 18745K->12456K(24716K), 0.0010379 secs]
33.680: [GC
Desired survivor size 557056 bytes, new threshold 15 (max 15)
- age   1:     383784 bytes,     383784 total
- age   2:      77856 bytes,     461640 total
 18944K->12510K(24716K), 0.0010288 secs]
33.685: [GC
Desired survivor size 557056 bytes, new threshold 3 (max 15)
- age   1:     223544 bytes,     223544 total
- age   2:     303496 bytes,     527040 total
- age   3:      77856 bytes,     604896 total
 18994K->12650K(24716K), 0.0010579 secs]
33.691: [GC
Desired survivor size 557056 bytes, new threshold 1 (max 15)
- age   1:     725032 bytes,     725032 total
- age   2:      92344 bytes,     817376 total
- age   3:      54024 bytes,     871400 total
 19147K->12986K(24716K), 0.0011884 secs]
33.699: [GC
Desired survivor size 557056 bytes, new threshold 1 (max 15)
- age   1:     577344 bytes,     577344 total
 19463K->13518K(24716K), 0.0023542 secs]
33.707: [GC
Desired survivor size 557056 bytes, new threshold 15 (max 15)
- age   1:     146376 bytes,     146376 total
 20013K->13630K(24716K), 0.0010861 secs]
33.714: [GC
Desired survivor size 557056 bytes, new threshold 15 (max 15)
- age   1:      93480 bytes,      93480 total
- age   2:     108544 bytes,     202024 total
 20135K->13684K(24716K), 0.0007209 secs]
33.719: [GC
Desired survivor size 557056 bytes, new threshold 15 (max 15)
- age   1:     409392 bytes,     409392 total
- age   2:       8072 bytes,     417464 total
- age   3:     108544 bytes,     526008 total
 20211K->14000K(24716K), 0.0010692 secs]
33.724: [GC
Desired survivor size 557056 bytes, new threshold 2 (max 15)
- age   1:     504408 bytes,     504408 total
- age   2:     338616 bytes,     843024 total
- age   3:       7992 bytes,     851016 total
- age   4:     108544 bytes,     959560 total
 20500K->14429K(24716K), 0.0016587 secs]
33.730: [GC
Desired survivor size 557056 bytes, new threshold 2 (max 15)
- age   1:     436448 bytes,     436448 total
- age   2:     367312 bytes,     803760 total
 20950K->14729K(24716K), 0.0015947 secs]
33.736: [GC
Desired survivor size 557056 bytes, new threshold 15 (max 15)
- age   1:      66376 bytes,      66376 total
- age   2:     412432 bytes,     478808 total
 21243K->14717K(24716K), 0.0020523 secs]
33.743: [GC
Desired survivor size 557056 bytes, new threshold 3 (max 15)
- age   1:     162040 bytes,     162040 total
- age   2:         48 bytes,     162088 total
- age   3:     412432 bytes,     574520 total
 21245K->14810K(24716K), 0.0011528 secs]
33.750: [GC
Desired survivor size 557056 bytes, new threshold 15 (max 15)
- age   1:     413800 bytes,     413800 total
- age   2:      11976 bytes,     425776 total
- age   3:         48 bytes,     425824 total
 21329K->15071K(24716K), 0.0012211 secs]
33.755: [GC
Desired survivor size 557056 bytes, new threshold 2 (max 15)
- age   1:     369648 bytes,     369648 total
- age   2:     382976 bytes,     752624 total
- age   3:      11976 bytes,     764600 total
- age   4:         48 bytes,     764648 total
 21597K->15396K(24716K), 0.0016165 secs]
33.761: [GC
Desired survivor size 557056 bytes, new threshold 2 (max 15)
- age   1:     431424 bytes,     431424 total
- age   2:     231312 bytes,     662736 total
 21924K->15695K(24716K), 0.0016955 secs]
33.769: [GC
Desired survivor size 557056 bytes, new threshold 15 (max 15)
- age   1:     173864 bytes,     173864 total
- age   2:     262952 bytes,     436816 total
 22223K->15694K(24716K), 0.0011948 secs]
33.776: [GC
Desired survivor size 557056 bytes, new threshold 3 (max 15)
- age   1:     378088 bytes,     378088 total
- age   2:      43312 bytes,     421400 total
- age   3:     262952 bytes,     684352 total
 22222K->15937K(24716K), 0.0011532 secs]
33.781: [GC
Desired survivor size 557056 bytes, new threshold 15 (max 15)
- age   1:     325912 bytes,     325912 total
- age   2:       6760 bytes,     332672 total
- age   3:      43312 bytes,     375984 total
 22440K->15891K(24716K), 0.0012159 secs]
33.788: [GC
Desired survivor size 557056 bytes, new threshold 2 (max 15)
- age   1:     554656 bytes,     554656 total
- age   2:     116560 bytes,     671216 total
- age   3:       6760 bytes,     677976 total
- age   4:      43312 bytes,     721288 total
 22389K->16231K(24716K), 0.0010398 secs]
33.795: [GC
Desired survivor size 557056 bytes, new threshold 15 (max 15)
- age   1:     280432 bytes,     280432 total
- age   2:     152152 bytes,     432584 total
 22753K->16125K(24716K), 0.0009296 secs]
33.800: [GC
Desired survivor size 557056 bytes, new threshold 15 (max 15)
- age   1:     242408 bytes,     242408 total
- age   2:     159984 bytes,     402392 total
- age   3:     152152 bytes,     554544 total
 22651K->16237K(24716K), 0.0010859 secs]
33.807: [GC
Desired survivor size 557056 bytes, new threshold 15 (max 15)
- age   1:     235880 bytes,     235880 total
- age   2:      40632 bytes,     276512 total
- age   3:     159984 bytes,     436496 total
- age   4:        360 bytes,     436856 total
 22760K->16125K(24716K), 0.0008282 secs]
33.812: [GC
Desired survivor size 557056 bytes, new threshold 4 (max 15)
- age   1:     450848 bytes,     450848 total
- age   3:      40632 bytes,     491480 total
- age   4:     159984 bytes,     651464 total
- age   5:        360 bytes,     651824 total
 22653K->16332K(24716K), 0.0011478 secs]
33.819: [GC
Desired survivor size 557056 bytes, new threshold 2 (max 15)
- age   1:     400440 bytes,     400440 total
- age   2:     308464 bytes,     708904 total
- age   4:      40632 bytes,     749536 total
 22840K->16588K(24716K), 0.0037579 secs]
33.828: [GC
Desired survivor size 557056 bytes, new threshold 2 (max 15)
- age   1:     425368 bytes,     425368 total
- age   2:     202472 bytes,     627840 total
 23104K->16808K(24716K), 0.0015598 secs]
33.836: [GC
Desired survivor size 557056 bytes, new threshold 2 (max 15)
- age   1:     446320 bytes,     446320 total
- age   2:     168288 bytes,     614608 total
 23331K->16991K(24716K), 0.0010087 secs]
33.841: [GC
Desired survivor size 557056 bytes, new threshold 15 (max 15)
- age   1:     126464 bytes,     126464 total
- age   2:     283640 bytes,     410104 total
 23464K->16956K(24716K), 0.0014090 secs]
33.846: [GC
Desired survivor size 557056 bytes, new threshold 15 (max 15)
- age   1:     135888 bytes,     135888 total
- age   2:      84896 bytes,     220784 total
- age   3:     214616 bytes,     435400 total
 23471K->16980K(24716K), 0.0009110 secs]
33.853: [GC
Desired survivor size 557056 bytes, new threshold 4 (max 15)
- age   1:     285112 bytes,     285112 total
- age   2:     111408 bytes,     396520 total
- age   3:      84896 bytes,     481416 total
- age   4:     180048 bytes,     661464 total
 23494K->17201K(24716K), 0.0020898 secs]
33.859: [GC
Desired survivor size 557056 bytes, new threshold 15 (max 15)
- age   1:      65296 bytes,      65296 total
- age   2:     245680 bytes,     310976 total
- age   3:     111408 bytes,     422384 total
- age   4:      84896 bytes,     507280 total
 23726K->17234K(24716K), 0.0012780 secs]
33.866: [GC
Desired survivor size 557056 bytes, new threshold 3 (max 15)
- age   1:     432552 bytes,     432552 total
- age   2:      49400 bytes,     481952 total
- age   3:     169840 bytes,     651792 total
- age   4:     111408 bytes,     763200 total
- age   5:      84896 bytes,     848096 total
 23759K->17568K(24716K), 0.0019369 secs]
33.873: [GC
Desired survivor size 557056 bytes, new threshold 15 (max 15)
- age   1:     278344 bytes,     278344 total
- age   2:     171168 bytes,     449512 total
- age   3:      49400 bytes,     498912 total
 24093K->17586K(24716K), 0.0013872 secs]
33.875: [Full GC 17586K->7478K(24716K), 0.0743799 secs]
33.954: [GC
Desired survivor size 557056 bytes, new threshold 15 (max 15)
- age   1:     156832 bytes,     156832 total
 14002K->7637K(24716K), 0.0007923 secs]
33.959: [GC
Desired survivor size 557056 bytes, new threshold 15 (max 15)
- age   1:     115920 bytes,     115920 total
- age   2:     130432 bytes,     246352 total
 14144K->7723K(24716K), 0.0007208 secs]
33.964: [GC
Desired survivor size 557056 bytes, new threshold 15 (max 15)
- age   1:     198328 bytes,     198328 total
- age   2:      93408 bytes,     291736 total
- age   3:     130432 bytes,     422168 total
 14244K->7894K(24716K), 0.0008829 secs]
33.969: [GC
Desired survivor size 557056 bytes, new threshold 15 (max 15)
- age   1:     153408 bytes,     153408 total
- age   2:     140040 bytes,     293448 total
- age   3:      33168 bytes,     326616 total
- age   4:     100096 bytes,     426712 total
 14402K->7897K(24716K), 0.0010708 secs]
33.974: [GC
Desired survivor size 557056 bytes, new threshold 4 (max 15)
- age   1:     365984 bytes,     365984 total
- age   2:      33664 bytes,     399648 total
- age   3:     140040 bytes,     539688 total
- age   4:      33168 bytes,     572856 total
- age   5:     100096 bytes,     672952 total
 14391K->8137K(24716K), 0.0012940 secs]
33.980: [GC
Desired survivor size 557056 bytes, new threshold 4 (max 15)
- age   1:     173904 bytes,     173904 total
- age   2:     241976 bytes,     415880 total
- age   3:       1160 bytes,     417040 total
- age   4:     140040 bytes,     557080 total
 14660K->8163K(24716K), 0.0016290 secs]
33.985: [GC
Desired survivor size 557056 bytes, new threshold 2 (max 15)
- age   1:     556960 bytes,     556960 total
- age   2:      43376 bytes,     600336 total
- age   3:     241976 bytes,     842312 total
- age   4:       1160 bytes,     843472 total
 14672K->8580K(24716K), 0.0013218 secs]
33.992: [GC
Desired survivor size 557056 bytes, new threshold 2 (max 15)
- age   1:     414384 bytes,     414384 total
- age   2:     311256 bytes,     725640 total
 15097K->8751K(24716K), 0.0015237 secs]
33.998: [GC
Desired survivor size 557056 bytes, new threshold 2 (max 15)
- age   1:     525344 bytes,     525344 total
- age   2:     259528 bytes,     784872 total
 15240K->9113K(24716K), 0.0012148 secs]
34.007: [GC
Desired survivor size 557056 bytes, new threshold 2 (max 15)
- age   1:     219368 bytes,     219368 total
- age   2:     361016 bytes,     580384 total
 15573K->9166K(24716K), 0.0011290 secs]
34.012: [GC
Desired survivor size 557056 bytes, new threshold 15 (max 15)
- age   1:     131440 bytes,     131440 total
- age   2:      93128 bytes,     224568 total
 15661K->9171K(24716K), 0.0012320 secs]
34.019: [GC
Desired survivor size 557056 bytes, new threshold 15 (max 15)
- age   1:     111552 bytes,     111552 total
- age   2:      80272 bytes,     191824 total
- age   3:      93128 bytes,     284952 total
 15699K->9229K(24716K), 0.0010283 secs]
34.024: [GC
Desired survivor size 557056 bytes, new threshold 15 (max 15)
- age   1:     307600 bytes,     307600 total
- age   2:       1416 bytes,     309016 total
- age   3:      80272 bytes,     389288 total
- age   4:      93128 bytes,     482416 total
 15745K->9421K(24716K), 0.0009008 secs]
34.032: [GC
Desired survivor size 557056 bytes, new threshold 2 (max 15)
- age   1:     462776 bytes,     462776 total
- age   2:     307600 bytes,     770376 total
- age   3:       1416 bytes,     771792 total
- age   4:      80272 bytes,     852064 total
- age   5:      93128 bytes,     945192 total
 15911K->9875K(24716K), 0.0020674 secs]
34.040: [GC
Desired survivor size 557056 bytes, new threshold 15 (max 15)
- age   1:      96624 bytes,      96624 total
- age   2:     428320 bytes,     524944 total
 16379K->9764K(24716K), 0.0017465 secs]
34.048: [GC
Desired survivor size 557056 bytes, new threshold 3 (max 15)
- age   1:     305480 bytes,     305480 total
- age   2:      36632 bytes,     342112 total
- age   3:     428320 bytes,     770432 total
 16205K->10002K(24716K), 0.0040713 secs]
34.058: [GC
Desired survivor size 557056 bytes, new threshold 15 (max 15)
- age   1:     102088 bytes,     102088 total
- age   2:     245296 bytes,     347384 total
- age   3:      36632 bytes,     384016 total
 16471K->10043K(24716K), 0.0015868 secs]
34.066: [GC
Desired survivor size 557056 bytes, new threshold 15 (max 15)
- age   1:      97984 bytes,      97984 total
- age   2:      37048 bytes,     135032 total
- age   3:     245296 bytes,     380328 total
- age   4:      36632 bytes,     416960 total
 16527K->10077K(24716K), 0.0008297 secs]
34.072: [GC
Desired survivor size 557056 bytes, new threshold 15 (max 15)
- age   1:      91392 bytes,      91392 total
- age   2:      65296 bytes,     156688 total
- age   3:      37048 bytes,     193736 total
- age   4:     245296 bytes,     439032 total
- age   5:      36632 bytes,     475664 total
 16605K->10134K(24716K), 0.0010387 secs]
34.078: [GC
Desired survivor size 557056 bytes, new threshold 5 (max 15)
- age   1:     304624 bytes,     304624 total
- age   2:      53096 bytes,     357720 total
- age   4:      37048 bytes,     394768 total
- age   5:     245296 bytes,     640064 total
- age   6:      36632 bytes,     676696 total
 16644K->10330K(24716K), 0.0011693 secs]
34.083: [GC
Desired survivor size 557056 bytes, new threshold 2 (max 15)
- age   1:     344528 bytes,     344528 total
- age   2:     280464 bytes,     624992 total
- age   3:      53096 bytes,     678088 total
 16857K->10623K(24716K), 0.0014271 secs]
34.088: [GC
Desired survivor size 557056 bytes, new threshold 2 (max 15)
- age   1:     490352 bytes,     490352 total
- age   2:     187904 bytes,     678256 total
 17091K->10753K(24716K), 0.0013122 secs]
34.094: [GC
Desired survivor size 557056 bytes, new threshold 2 (max 15)
- age   1:     442624 bytes,     442624 total
- age   2:     340488 bytes,     783112 total
 17237K->11037K(24716K), 0.0014146 secs]
34.101: [GC
Desired survivor size 557056 bytes, new threshold 15 (max 15)
- age   1:     182752 bytes,     182752 total
- age   2:     359616 bytes,     542368 total
 17565K->11134K(24716K), 0.0012581 secs]
34.108: [GC
Desired survivor size 557056 bytes, new threshold 15 (max 15)
- age   1:      51008 bytes,      51008 total
- age   2:     181680 bytes,     232688 total
- age   3:     145712 bytes,     378400 total
 17662K->10974K(24716K), 0.0010709 secs]
34.113: [GC
Desired survivor size 557056 bytes, new threshold 15 (max 15)
- age   1:     157520 bytes,     157520 total
- age   2:       7800 bytes,     165320 total
- age   3:     181680 bytes,     347000 total
- age   4:     145712 bytes,     492712 total
 17475K->11086K(24716K), 0.0010742 secs]
34.118: [GC
Desired survivor size 557056 bytes, new threshold 5 (max 15)
- age   1:     260008 bytes,     260008 total
- age   2:      65976 bytes,     325984 total
- age   3:       7800 bytes,     333784 total
- age   4:     181680 bytes,     515464 total
- age   5:     145712 bytes,     661176 total
 17590K->11263K(24716K), 0.0011507 secs]
34.123: [GC
Desired survivor size 557056 bytes, new threshold 3 (max 15)
- age   1:     470384 bytes,     470384 total
- age   2:      68936 bytes,     539320 total
- age   3:      65976 bytes,     605296 total
- age   4:       7800 bytes,     613096 total
- age   5:     181680 bytes,     794776 total
 17753K->11525K(24716K), 0.0014216 secs]
34.129: [GC
Desired survivor size 557056 bytes, new threshold 2 (max 15)
- age   1:     434080 bytes,     434080 total
- age   2:     137880 bytes,     571960 total
- age   3:      68936 bytes,     640896 total
 18030K->11630K(24716K), 0.0012586 secs]
34.134: [GC
Desired survivor size 557056 bytes, new threshold 15 (max 15)
- age   1:     422984 bytes,     422984 total
- age   2:      95808 bytes,     518792 total
 18134K->11710K(24716K), 0.0012078 secs]
34.140: [GC
Desired survivor size 557056 bytes, new threshold 2 (max 15)
- age   1:     547480 bytes,     547480 total
- age   2:     146008 bytes,     693488 total
- age   3:      95808 bytes,     789296 total
 18238K->11974K(24716K), 0.0013541 secs]
34.146: [GC
Desired survivor size 557056 bytes, new threshold 15 (max 15)
- age   1:     111576 bytes,     111576 total
- age   2:     253304 bytes,     364880 total
 18497K->11804K(24716K), 0.0019705 secs]
34.151: [GC
Desired survivor size 557056 bytes, new threshold 15 (max 15)
- age   1:     215776 bytes,     215776 total
- age   2:      33176 bytes,     248952 total
- age   3:     186488 bytes,     435440 total
 18327K->11871K(24716K), 0.0009330 secs]
34.157: [GC
Desired survivor size 557056 bytes, new threshold 2 (max 15)
- age   1:     512576 bytes,     512576 total
- age   2:     136152 bytes,     648728 total
- age   3:      33176 bytes,     681904 total
- age   4:     186488 bytes,     868392 total
 18396K->12293K(24716K), 0.0013886 secs]
34.162: [GC
Desired survivor size 557056 bytes, new threshold 2 (max 15)
- age   1:     442792 bytes,     442792 total
- age   2:     190144 bytes,     632936 total
 18793K->12411K(24716K), 0.0013754 secs]
34.168: [GC
Desired survivor size 557056 bytes, new threshold 1 (max 15)
- age   1:     718520 bytes,     718520 total
- age   2:     274528 bytes,     993048 total
 18939K->12946K(24716K), 0.0017422 secs]
34.174: [GC
Desired survivor size 557056 bytes, new threshold 15 (max 15)
- age   1:     149848 bytes,     149848 total
 19458K->13061K(24716K), 0.0016434 secs]
34.180: [GC
Desired survivor size 557056 bytes, new threshold 15 (max 15)
- age   1:     215184 bytes,     215184 total
 19572K->13125K(24716K), 0.0008297 secs]
34.185: [GC
Desired survivor size 557056 bytes, new threshold 15 (max 15)
- age   1:     251736 bytes,     251736 total
- age   2:     177808 bytes,     429544 total
 19618K->13336K(24716K), 0.0010363 secs]
34.191: [GC
Desired survivor size 557056 bytes, new threshold 1 (max 15)
- age   1:     684904 bytes,     684904 total
- age   2:     211640 bytes,     896544 total
- age   3:     177808 bytes,    1074352 total
 19795K->13965K(24716K), 0.0014257 secs]
34.198: [GC
Desired survivor size 557056 bytes, new threshold 15 (max 15)
- age   1:     284648 bytes,     284648 total
 20488K->14169K(24716K), 0.0020297 secs]
34.205: [GC
Desired survivor size 557056 bytes, new threshold 15 (max 15)
- age   1:     231208 bytes,     231208 total
- age   2:     241800 bytes,     473008 total
 20679K->14353K(24716K), 0.0010588 secs]
34.212: [GC
Desired survivor size 557056 bytes, new threshold 15 (max 15)
- age   1:     348008 bytes,     348008 total
- age   2:      90904 bytes,     438912 total
- age   3:      94504 bytes,     533416 total
 20851K->14414K(24716K), 0.0008299 secs]
34.219: [GC
Desired survivor size 557056 bytes, new threshold 2 (max 15)
- age   1:     378856 bytes,     378856 total
- age   2:     256464 bytes,     635320 total
- age   3:      90904 bytes,     726224 total
- age   4:      73008 bytes,     799232 total
 20915K->14672K(24716K), 0.0011888 secs]
34.226: [GC
Desired survivor size 557056 bytes, new threshold 15 (max 15)
- age   1:     192504 bytes,     192504 total
- age   2:     210848 bytes,     403352 total
 21159K->14703K(24716K), 0.0013098 secs]
34.232: [GC
Desired survivor size 557056 bytes, new threshold 15 (max 15)
- age   1:     363960 bytes,     363960 total
- age   2:      62232 bytes,     426192 total
- age   3:     106696 bytes,     532888 total
 21230K->14831K(24716K), 0.0010927 secs]
34.237: [GC
Desired survivor size 557056 bytes, new threshold 2 (max 15)
- age   1:     271592 bytes,     271592 total
- age   2:     310808 bytes,     582400 total
- age   3:      60936 bytes,     643336 total
- age   4:     106696 bytes,     750032 total
 21315K->15040K(24716K), 0.0015328 secs]
34.243: [GC
Desired survivor size 557056 bytes, new threshold 15 (max 15)
- age   1:     355712 bytes,     355712 total
- age   2:     193616 bytes,     549328 total
 21562K->15264K(24716K), 0.0021501 secs]
34.250: [GC
Desired survivor size 557056 bytes, new threshold 3 (max 15)
- age   1:     341160 bytes,     341160 total
- age   2:     214520 bytes,     555680 total
- age   3:     135872 bytes,     691552 total
 21790K->15400K(24716K), 0.0009737 secs]
34.255: [GC
Desired survivor size 557056 bytes, new threshold 3 (max 15)
- age   1:     147656 bytes,     147656 total
- age   2:     334840 bytes,     482496 total
- age   3:     214520 bytes,     697016 total
 21928K->15481K(24716K), 0.0011991 secs]
34.261: [GC
Desired survivor size 557056 bytes, new threshold 2 (max 15)
- age   1:     528272 bytes,     528272 total
- age   2:      33472 bytes,     561744 total
- age   3:     271960 bytes,     833704 total
 22001K->15823K(24716K), 0.0014085 secs]
34.267: [GC
Desired survivor size 557056 bytes, new threshold 2 (max 15)
- age   1:     534264 bytes,     534264 total
- age   2:     443936 bytes,     978200 total
 22351K->16162K(24716K), 0.0016038 secs]
34.274: [GC
Desired survivor size 557056 bytes, new threshold 2 (max 15)
- age   1:     508032 bytes,     508032 total
- age   2:     278944 bytes,     786976 total
 22648K->16138K(24716K), 0.0017619 secs]
34.282: [GC
Desired survivor size 557056 bytes, new threshold 15 (max 15)
- age   1:     282440 bytes,     282440 total
- age   2:     167512 bytes,     449952 total
 22666K->15977K(24716K), 0.0012189 secs]
34.289: [GC
Desired survivor size 557056 bytes, new threshold 1 (max 15)
- age   1:     682936 bytes,     682936 total
- age   2:     109696 bytes,     792632 total
- age   3:      62200 bytes,     854832 total
 22451K->16371K(24716K), 0.0014530 secs]
34.299: [GC
Desired survivor size 557056 bytes, new threshold 15 (max 15)
- age   1:     136192 bytes,     136192 total
 22881K->16207K(24716K), 0.0010382 secs]
34.306: [GC
Desired survivor size 557056 bytes, new threshold 15 (max 15)
- age   1:     225568 bytes,     225568 total
- age   2:      57304 bytes,     282872 total
 22727K->16350K(24716K), 0.0007890 secs]
34.314: [GC
Desired survivor size 557056 bytes, new threshold 3 (max 15)
- age   1:     506856 bytes,     506856 total
- age   3:      57304 bytes,     564160 total
 22876K->16625K(24716K), 0.0008395 secs]
34.319: [GC
Desired survivor size 557056 bytes, new threshold 15 (max 15)
- age   1:     117712 bytes,     117712 total
- age   2:     398768 bytes,     516480 total
 23153K->16585K(24716K), 0.0010914 secs]
34.326: [GC
Desired survivor size 557056 bytes, new threshold 1 (max 15)
- age   1:     708008 bytes,     708008 total
- age   2:       3792 bytes,     711800 total
- age   3:     398768 bytes,    1110568 total
 23110K->17584K(24716K), 0.0020791 secs]
34.335: [GC
Desired survivor size 557056 bytes, new threshold 15 (max 15)
- age   1:     336712 bytes,     336712 total
 24093K->17809K(25100K), 0.0016359 secs]
34.337: [Full GC 17809K->8744K(25100K), 0.0739547 secs]
34.417: [GC
Desired survivor size 557056 bytes, new threshold 15 (max 15)
- age   1:      61608 bytes,      61608 total
 15272K->8806K(24716K), 0.0007079 secs]
34.422: [GC
Desired survivor size 557056 bytes, new threshold 15 (max 15)
- age   1:     216648 bytes,     216648 total
- age   2:      30040 bytes,     246688 total
 15329K->8986K(24716K), 0.0007807 secs]
34.427: [GC
Desired survivor size 557056 bytes, new threshold 15 (max 15)
- age   1:     295296 bytes,     295296 total
- age   2:     182192 bytes,     477488 total
- age   3:      30040 bytes,     507528 total
 15466K->9241K(24716K), 0.0009644 secs]
34.431: [GC
Desired survivor size 557056 bytes, new threshold 15 (max 15)
- age   1:     150960 bytes,     150960 total
- age   2:     181104 bytes,     332064 total
- age   3:     182192 bytes,     514256 total
- age   4:      30040 bytes,     544296 total
 15765K->9277K(24716K), 0.0010983 secs]
34.437: [GC
Desired survivor size 557056 bytes, new threshold 1 (max 15)
- age   1:     575336 bytes,     575336 total
- age   3:     181104 bytes,     756440 total
- age   4:     182192 bytes,     938632 total
- age   5:      30040 bytes,     968672 total
 15784K->9692K(24716K), 0.0012859 secs]
34.442: [GC
Desired survivor size 557056 bytes, new threshold 15 (max 15)
- age   1:     202504 bytes,     202504 total
 16213K->9701K(24716K), 0.0015130 secs]
34.448: [GC
Desired survivor size 557056 bytes, new threshold 15 (max 15)
- age   1:     128824 bytes,     128824 total
- age   2:     126592 bytes,     255416 total
 16207K->9754K(24716K), 0.0015390 secs]
34.454: [GC
Desired survivor size 557056 bytes, new threshold 1 (max 15)
- age   1:     650728 bytes,     650728 total
- age   2:      50872 bytes,     701600 total
 16253K->10188K(24716K), 0.0011705 secs]
34.459: [GC
Desired survivor size 557056 bytes, new threshold 15 (max 15)
- age   1:     254432 bytes,     254432 total
 16641K->10226K(24716K), 0.0012238 secs]
34.464: [GC
Desired survivor size 557056 bytes, new threshold 15 (max 15)
- age   1:     192632 bytes,     192632 total
- age   2:     201600 bytes,     394232 total
 16727K->10362K(24716K), 0.0008764 secs]
34.470: [GC
Desired survivor size 557056 bytes, new threshold 15 (max 15)
- age   1:     248040 bytes,     248040 total
- age   2:     108800 bytes,     356840 total
- age   3:     134400 bytes,     491240 total
 16812K->10457K(24716K), 0.0008433 secs]
34.475: [GC
Desired survivor size 557056 bytes, new threshold 2 (max 15)
- age   1:     551976 bytes,     551976 total
- age   2:     169032 bytes,     721008 total
- age   3:     108800 bytes,     829808 total
 16955K->10787K(24716K), 0.0011849 secs]
34.481: [GC
Desired survivor size 557056 bytes, new threshold 2 (max 15)
- age   1:     378488 bytes,     378488 total
- age   2:     512744 bytes,     891232 total
 17276K->11127K(24716K), 0.0015556 secs]
34.488: [GC
Desired survivor size 557056 bytes, new threshold 15 (max 15)
- age   1:     128080 bytes,     128080 total
- age   2:     251528 bytes,     379608 total
 17655K->10892K(24716K), 0.0013594 secs]
34.495: [GC
Desired survivor size 557056 bytes, new threshold 15 (max 15)
- age   1:     302624 bytes,     302624 total
- age   2:      82624 bytes,     385248 total
- age   3:     163336 bytes,     548584 total
 17349K->11058K(24716K), 0.0016287 secs]
34.502: [GC
Desired survivor size 557056 bytes, new threshold 15 (max 15)
- age   1:     134040 bytes,     134040 total
- age   2:     253232 bytes,     387272 total
- age   3:       1704 bytes,     388976 total
- age   4:     163336 bytes,     552312 total
 17521K->11060K(24716K), 0.0009499 secs]
34.508: [GC
Desired survivor size 557056 bytes, new threshold 15 (max 15)
- age   1:      98360 bytes,      98360 total
- age   2:      52328 bytes,     150688 total
- age   3:     161512 bytes,     312200 total
- age   4:       1704 bytes,     313904 total
- age   5:     163336 bytes,     477240 total
 17579K->10988K(24716K), 0.0009304 secs]
34.513: [GC
Desired survivor size 557056 bytes, new threshold 6 (max 15)
- age   1:     259824 bytes,     259824 total
- age   2:      14088 bytes,     273912 total
- age   3:      52328 bytes,     326240 total
- age   4:     161512 bytes,     487752 total
- age   5:       1704 bytes,     489456 total
- age   6:     163336 bytes,     652792 total
 17502K->11158K(24716K), 0.0012175 secs]
34.520: [GC
Desired survivor size 557056 bytes, new threshold 15 (max 15)
- age   1:     137872 bytes,     137872 total
- age   2:      58488 bytes,     196360 total
- age   3:      14056 bytes,     210416 total
- age   4:      52328 bytes,     262744 total
- age   5:     115712 bytes,     378456 total
- age   6:       1704 bytes,     380160 total
 17686K->11054K(24716K), 0.0012768 secs]
34.526: [GC
Desired survivor size 557056 bytes, new threshold 15 (max 15)
- age   1:      70720 bytes,      70720 total
- age   2:     136592 bytes,     207312 total
- age   4:      14056 bytes,     221368 total
- age   5:      52328 bytes,     273696 total
- age   6:     115712 bytes,     389408 total
- age   7:       1704 bytes,     391112 total
 17513K->11066K(24716K), 0.0012543 secs]
34.531: [GC
Desired survivor size 557056 bytes, new threshold 15 (max 15)
- age   1:     190776 bytes,     190776 total
- age   2:       5272 bytes,     196048 total
- age   3:      88672 bytes,     284720 total
- age   5:      14056 bytes,     298776 total
- age   6:      52328 bytes,     351104 total
- age   7:     115712 bytes,     466816 total
- age   8:       1704 bytes,     468520 total
 17579K->11140K(24716K), 0.0009873 secs]
34.536: [GC
Desired survivor size 557056 bytes, new threshold 1 (max 15)
- age   1:     674872 bytes,     674872 total
- age   2:      15904 bytes,     690776 total
- age   3:       5240 bytes,     696016 total
- age   4:      88672 bytes,     784688 total
- age   6:      14056 bytes,     798744 total
- age   7:      52328 bytes,     851072 total
- age   8:     115712 bytes,     966784 total
- age   9:       1704 bytes,     968488 total
 17633K->11636K(24716K), 0.0013158 secs]
34.542: [GC
Desired survivor size 557056 bytes, new threshold 15 (max 15)
- age   1:     208248 bytes,     208248 total
 18099K->11507K(24716K), 0.0015909 secs]
34.549: [GC
Desired survivor size 557056 bytes, new threshold 15 (max 15)
- age   1:     337552 bytes,     337552 total
- age   2:      54104 bytes,     391656 total
 18026K->11680K(24716K), 0.0009969 secs]
34.554: [GC
Desired survivor size 557056 bytes, new threshold 2 (max 15)
- age   1:     381232 bytes,     381232 total
- age   2:     206992 bytes,     588224 total
- age   3:      54104 bytes,     642328 total
 18161K->11922K(24716K), 0.0009384 secs]
34.559: [GC
Desired survivor size 557056 bytes, new threshold 15 (max 15)
- age   1:     131896 bytes,     131896 total
- age   2:     118208 bytes,     250104 total
 18374K->11793K(24716K), 0.0010669 secs]
34.565: [GC
Desired survivor size 557056 bytes, new threshold 1 (max 15)
- age   1:     895240 bytes,     895240 total
- age   2:      68576 bytes,     963816 total
- age   3:     118208 bytes,    1082024 total
 18312K->12759K(24716K), 0.0013993 secs]
34.572: [GC
Desired survivor size 557056 bytes, new threshold 15 (max 15)
- age   1:     189104 bytes,     189104 total
 19285K->12609K(24716K), 0.0017994 secs]
34.578: [GC
Desired survivor size 557056 bytes, new threshold 15 (max 15)
- age   1:     201152 bytes,     201152 total
- age   2:      56400 bytes,     257552 total
 19097K->12676K(24716K), 0.0007748 secs]
34.583: [GC
Desired survivor size 557056 bytes, new threshold 15 (max 15)
- age   1:     348480 bytes,     348480 total
- age   2:      65448 bytes,     413928 total
- age   3:      56400 bytes,     470328 total
 19186K->12884K(24716K), 0.0009203 secs]
34.588: [GC
Desired survivor size 557056 bytes, new threshold 3 (max 15)
- age   1:     230816 bytes,     230816 total
- age   2:     269432 bytes,     500248 total
- age   3:      65448 bytes,     565696 total
- age   4:      56400 bytes,     622096 total
 19395K->13032K(24716K), 0.0010715 secs]
34.594: [GC
Desired survivor size 557056 bytes, new threshold 15 (max 15)
- age   1:     120344 bytes,     120344 total
- age   3:     182992 bytes,     303336 total
 19550K->12839K(24716K), 0.0008791 secs]
34.605: [GC
Desired survivor size 557056 bytes, new threshold 15 (max 15)
- age   1:     170768 bytes,     170768 total
- age   2:      73456 bytes,     244224 total
- age   4:     182992 bytes,     427216 total
 19367K->12958K(24716K), 0.0008887 secs]
34.609: [GC
Desired survivor size 557056 bytes, new threshold 15 (max 15)
- age   1:     118408 bytes,     118408 total
- age   2:     110600 bytes,     229008 total
- age   3:      73456 bytes,     302464 total
- age   5:     182992 bytes,     485456 total
 19465K->13017K(24716K), 0.0010846 secs]
34.615: [GC
Desired survivor size 557056 bytes, new threshold 6 (max 15)
- age   1:     205696 bytes,     205696 total
- age   2:      54256 bytes,     259952 total
- age   3:     110600 bytes,     370552 total
- age   4:      72624 bytes,     443176 total
- age   6:     182992 bytes,     626168 total
 19545K->13154K(24716K), 0.0010502 secs]
34.622: [GC
Desired survivor size 557056 bytes, new threshold 2 (max 15)
- age   1:     494328 bytes,     494328 total
- age   2:      85152 bytes,     579480 total
- age   3:      54256 bytes,     633736 total
- age   4:     110600 bytes,     744336 total
- age   5:      72624 bytes,     816960 total
 19680K->13520K(24716K), 0.0014754 secs]
34.627: [GC
Desired survivor size 557056 bytes, new threshold 15 (max 15)
- age   1:     117032 bytes,     117032 total
- age   2:     373928 bytes,     490960 total
 20034K->13529K(24716K), 0.0012614 secs]
34.633: [GC
Desired survivor size 557056 bytes, new threshold 3 (max 15)
- age   1:     369744 bytes,     369744 total
- age   2:      45624 bytes,     415368 total
- age   3:     373928 bytes,     789296 total
 20047K->13813K(24716K), 0.0013145 secs]
34.640: [GC
Desired survivor size 557056 bytes, new threshold 15 (max 15)
- age   1:     190088 bytes,     190088 total
- age   2:     257408 bytes,     447496 total
- age   3:      45624 bytes,     493120 total
 20315K->13891K(24716K), 0.0012804 secs]
34.646: [GC
Desired survivor size 557056 bytes, new threshold 3 (max 15)
- age   1:     255520 bytes,     255520 total
- age   2:      63656 bytes,     319176 total
- age   3:     257408 bytes,     576584 total
- age   4:      45624 bytes,     622208 total
 20361K->14018K(24716K), 0.0019289 secs]
34.652: [GC
Desired survivor size 557056 bytes, new threshold 3 (max 15)
- age   1:     488000 bytes,     488000 total
- age   2:      19576 bytes,     507576 total
- age   3:      63656 bytes,     571232 total
 20496K->14263K(24716K), 0.0016944 secs]
34.658: [GC
Desired survivor size 557056 bytes, new threshold 15 (max 15)
- age   1:     150568 bytes,     150568 total
- age   2:     257704 bytes,     408272 total
- age   3:       6560 bytes,     414832 total
 20756K->14174K(24716K), 0.0009389 secs]
34.662: [GC
Desired survivor size 557056 bytes, new threshold 15 (max 15)
- age   1:     126064 bytes,     126064 total
- age   2:      86416 bytes,     212480 total
- age   3:      84512 bytes,     296992 total
- age   4:       6560 bytes,     303552 total
 20597K->14064K(24716K), 0.0008158 secs]
34.667: [GC
Desired survivor size 557056 bytes, new threshold 15 (max 15)
- age   1:      99704 bytes,      99704 total
- age   2:      59632 bytes,     159336 total
- age   3:      86384 bytes,     245720 total
- age   4:      84512 bytes,     330232 total
 20583K->14090K(24716K), 0.0008654 secs]
34.672: [GC
Desired survivor size 557056 bytes, new threshold 15 (max 15)
- age   1:     217016 bytes,     217016 total
- age   2:      67976 bytes,     284992 total
- age   3:      59632 bytes,     344624 total
- age   4:      86384 bytes,     431008 total
- age   5:      84512 bytes,     515520 total
 20618K->14271K(24716K), 0.0010597 secs]
34.678: [GC
Desired survivor size 557056 bytes, new threshold 15 (max 15)
- age   1:     247936 bytes,     247936 total
- age   2:      73648 bytes,     321584 total
- age   4:      59632 bytes,     381216 total
- age   5:      86384 bytes,     467600 total
- age   6:      84512 bytes,     552112 total
 20789K->14307K(24716K), 0.0009835 secs]
34.683: [GC
Desired survivor size 557056 bytes, new threshold 2 (max 15)
- age   1:     528288 bytes,     528288 total
- age   2:     156504 bytes,     684792 total
- age   3:      73648 bytes,     758440 total
- age   5:      59632 bytes,     818072 total
- age   6:      86384 bytes,     904456 total
- age   7:      84512 bytes,     988968 total
 20812K->14734K(24716K), 0.0013653 secs]
34.690: [GC
Desired survivor size 557056 bytes, new threshold 2 (max 15)
- age   1:     538440 bytes,     538440 total
- age   2:     129920 bytes,     668360 total
 21258K->14874K(24716K), 0.0017141 secs]
34.697: [GC
Desired survivor size 557056 bytes, new threshold 15 (max 15)
- age   1:     372032 bytes,     372032 total
- age   2:     172480 bytes,     544512 total
 21393K->14881K(24716K), 0.0017479 secs]
34.702: [GC
Desired survivor size 557056 bytes, new threshold 15 (max 15)
- age   1:     458024 bytes,     458024 total
- age   3:      91136 bytes,     549160 total
 21378K->14888K(24716K), 0.0011447 secs]
34.709: [GC
Desired survivor size 557056 bytes, new threshold 15 (max 15)
- age   1:      83192 bytes,      83192 total
- age   2:     227824 bytes,     311016 total
- age   4:      90896 bytes,     401912 total
 21406K->14746K(24716K), 0.0009681 secs]
34.714: [GC
Desired survivor size 557056 bytes, new threshold 1 (max 15)
- age   1:    1011296 bytes,    1011296 total
- age   2:        128 bytes,    1011424 total
- age   3:        128 bytes,    1011552 total
- age   5:      90896 bytes,    1102448 total
 21251K->15619K(24716K), 0.0014789 secs]
34.721: [GC
Desired survivor size 557056 bytes, new threshold 1 (max 15)
- age   1:     770944 bytes,     770944 total
 22138K->16230K(24716K), 0.0020921 secs]
34.727: [GC
Desired survivor size 557056 bytes, new threshold 15 (max 15)
- age   1:      99208 bytes,      99208 total
 22714K->16305K(24716K), 0.0018879 secs]
34.733: [GC
Desired survivor size 557056 bytes, new threshold 15 (max 15)
- age   1:     474408 bytes,     474408 total
- age   2:      76024 bytes,     550432 total
 22809K->16748K(24716K), 0.0010762 secs]
34.738: [GC
Desired survivor size 557056 bytes, new threshold 2 (max 15)
- age   1:     424920 bytes,     424920 total
- age   2:     447480 bytes,     872400 total
- age   3:      76024 bytes,     948424 total
 23223K->17136K(24716K), 0.0013757 secs]
34.745: [GC
Desired survivor size 557056 bytes, new threshold 2 (max 15)
- age   1:     224128 bytes,     224128 total
- age   2:     394424 bytes,     618552 total
 23645K->17191K(24716K), 0.0017342 secs]
34.753: [GC
Desired survivor size 557056 bytes, new threshold 1 (max 15)
- age   1:     586392 bytes,     586392 total
- age   2:     158784 bytes,     745176 total
 23711K->17700K(24716K), 0.0015707 secs]
34.760: [GC
Desired survivor size 557056 bytes, new threshold 15 (max 15)
- age   1:     395248 bytes,     395248 total
 24168K->17749K(25100K), 0.0011655 secs]
34.762: [Full GC 17749K->8879K(25100K), 0.0709474 secs]
34.837: [GC
Desired survivor size 557056 bytes, new threshold 15 (max 15)
- age   1:     181328 bytes,     181328 total
 15366K->9060K(24716K), 0.0006456 secs]
34.842: [GC
Desired survivor size 557056 bytes, new threshold 15 (max 15)
- age   1:      96272 bytes,      96272 total
- age   2:     138408 bytes,     234680 total
 15566K->9112K(24716K), 0.0008592 secs]
34.847: [GC
Desired survivor size 557056 bytes, new threshold 3 (max 15)
- age   1:     381800 bytes,     381800 total
- age   2:      50936 bytes,     432736 total
- age   3:     138408 bytes,     571144 total
 15637K->9440K(24716K), 0.0009813 secs]
34.852: [GC
Desired survivor size 557056 bytes, new threshold 2 (max 15)
- age   1:     285040 bytes,     285040 total
- age   2:     286352 bytes,     571392 total
- age   3:      50936 bytes,     622328 total
 15953K->9633K(24716K), 0.0015020 secs]
34.859: [GC
Desired survivor size 557056 bytes, new threshold 2 (max 15)
- age   1:     452008 bytes,     452008 total
- age   2:     206552 bytes,     658560 total
 16116K->9998K(24716K), 0.0014587 secs]
34.866: [GC
Desired survivor size 557056 bytes, new threshold 2 (max 15)
- age   1:     298760 bytes,     298760 total
- age   2:     345336 bytes,     644096 total
 16481K->10101K(24716K), 0.0018243 secs]
34.872: [GC
Desired survivor size 557056 bytes, new threshold 15 (max 15)
- age   1:     272920 bytes,     272920 total
 16617K->10075K(24716K), 0.0011427 secs]
34.877: [GC
Desired survivor size 557056 bytes, new threshold 2 (max 15)
- age   1:     445264 bytes,     445264 total
- age   2:     158736 bytes,     604000 total
 16573K->10399K(24716K), 0.0010295 secs]
34.882: [GC
Desired survivor size 557056 bytes, new threshold 2 (max 15)
- age   1:     358080 bytes,     358080 total
- age   2:     364992 bytes,     723072 total
 16907K->10670K(24716K), 0.0011485 secs]
34.888: [GC
Desired survivor size 557056 bytes, new threshold 1 (max 15)
- age   1:     574624 bytes,     574624 total
- age   2:      68352 bytes,     642976 total
 17182K->10898K(24716K), 0.0017033 secs]
34.895: [GC
Desired survivor size 557056 bytes, new threshold 1 (max 15)
- age   1:     593488 bytes,     593488 total
 17407K->11114K(24716K), 0.0013675 secs]
34.900: [GC
Desired survivor size 557056 bytes, new threshold 15 (max 15)
- age   1:     350928 bytes,     350928 total
 17634K->11166K(24716K), 0.0010318 secs]
34.905: [GC
Desired survivor size 557056 bytes, new threshold 15 (max 15)
- age   1:     253336 bytes,     253336 total
- age   2:      84816 bytes,     338152 total
 17686K->11153K(24716K), 0.0009304 secs]
34.910: [GC
Desired survivor size 557056 bytes, new threshold 2 (max 15)
- age   1:     541368 bytes,     541368 total
- age   2:     108088 bytes,     649456 total
- age   3:      84816 bytes,     734272 total
 17616K->11540K(24716K), 0.0010034 secs]
34.916: [GC
Desired survivor size 557056 bytes, new threshold 2 (max 15)
- age   1:     246304 bytes,     246304 total
- age   2:     382320 bytes,     628624 total
 18060K->11625K(24716K), 0.0012468 secs]
34.921: [GC
Desired survivor size 557056 bytes, new threshold 15 (max 15)
- age   1:     213376 bytes,     213376 total
- age   2:      77984 bytes,     291360 total
 18135K->11669K(24716K), 0.0017004 secs]
34.926: [GC
Desired survivor size 557056 bytes, new threshold 2 (max 15)
- age   1:     443744 bytes,     443744 total
- age   2:     194968 bytes,     638712 total
- age   3:      77984 bytes,     716696 total
 18175K->12084K(24716K), 0.0011911 secs]
34.931: [GC
Desired survivor size 557056 bytes, new threshold 15 (max 15)
- age   1:     132864 bytes,     132864 total
- age   2:     232008 bytes,     364872 total
 18606K->12005K(24716K), 0.0013063 secs]
34.941: [GC
Desired survivor size 557056 bytes, new threshold 3 (max 15)
- age   1:     402728 bytes,     402728 total
- age   2:       2072 bytes,     404800 total
- age   3:     210504 bytes,     615304 total
 18524K->12252K(24716K), 0.0011750 secs]
34.948: [GC
Desired survivor size 557056 bytes, new threshold 2 (max 15)
- age   1:     268064 bytes,     268064 total
- age   2:     376912 bytes,     644976 total
- age   3:       2072 bytes,     647048 total
 18780K->12488K(24716K), 0.0014307 secs]
34.954: [GC
Desired survivor size 557056 bytes, new threshold 2 (max 15)
- age   1:     440088 bytes,     440088 total
- age   2:     237240 bytes,     677328 total
 18997K->12893K(24716K), 0.0013519 secs]
34.959: [GC
Desired survivor size 557056 bytes, new threshold 15 (max 15)
- age   1:     339680 bytes,     339680 total
- age   2:     145968 bytes,     485648 total
 19401K->12936K(24716K), 0.0012076 secs]
34.964: [GC
Desired survivor size 557056 bytes, new threshold 1 (max 15)
- age   1:     927312 bytes,     927312 total
- age   2:     109280 bytes,    1036592 total
 19440K->13688K(24716K), 0.0014305 secs]
34.971: [GC
Desired survivor size 557056 bytes, new threshold 15 (max 15)
- age   1:     163256 bytes,     163256 total
 20194K->13274K(24716K), 0.0010106 secs]
34.977: [GC
Desired survivor size 557056 bytes, new threshold 1 (max 15)
- age   1:     565216 bytes,     565216 total
- age   2:      77616 bytes,     642832 total
 19766K->13743K(24716K), 0.0010968 secs]
34.982: [GC
Desired survivor size 557056 bytes, new threshold 15 (max 15)
- age   1:     109888 bytes,     109888 total
 20262K->13587K(24716K), 0.0009694 secs]
34.987: [GC
Desired survivor size 557056 bytes, new threshold 1 (max 15)
- age   1:     598088 bytes,     598088 total
- age   2:      48368 bytes,     646456 total
 20111K->14110K(24716K), 0.0012293 secs]
34.993: [GC
Desired survivor size 557056 bytes, new threshold 15 (max 15)
- age   1:     170848 bytes,     170848 total
 20636K->14166K(24716K), 0.0015954 secs]
35.002: [GC
Desired survivor size 557056 bytes, new threshold 15 (max 15)
- age   1:     462048 bytes,     462048 total
- age   2:      67312 bytes,     529360 total
 20688K->14516K(24716K), 0.0013758 secs]
35.009: [GC
Desired survivor size 557056 bytes, new threshold 1 (max 15)
- age   1:     598680 bytes,     598680 total
- age   2:     407992 bytes,    1006672 total
 20994K->14982K(24716K), 0.0014852 secs]
35.015: [GC
Desired survivor size 557056 bytes, new threshold 15 (max 15)
- age   1:     318120 bytes,     318120 total
 21510K->14981K(24716K), 0.0014803 secs]
35.020: [GC
Desired survivor size 557056 bytes, new threshold 2 (max 15)
- age   1:     518384 bytes,     518384 total
- age   2:     205432 bytes,     723816 total
 21487K->15379K(24716K), 0.0011736 secs]
35.026: [GC
Desired survivor size 557056 bytes, new threshold 2 (max 15)
- age   1:     292016 bytes,     292016 total
- age   2:     402936 bytes,     694952 total
 21907K->15549K(24716K), 0.0013042 secs]
35.031: [GC
Desired survivor size 557056 bytes, new threshold 15 (max 15)
- age   1:     249744 bytes,     249744 total
- age   2:     214904 bytes,     464648 total
 22002K->15717K(24716K), 0.0015147 secs]
35.038: [GC
Desired survivor size 557056 bytes, new threshold 1 (max 15)
- age   1:     604928 bytes,     604928 total
- age   2:      85016 bytes,     689944 total
- age   3:     214944 bytes,     904888 total
 22218K->16147K(24716K), 0.0012166 secs]
35.046: [GC
Desired survivor size 557056 bytes, new threshold 15 (max 15)
- age   1:     147352 bytes,     147352 total
 22572K->15821K(24716K), 0.0017502 secs]
35.054: [GC
Desired survivor size 557056 bytes, new threshold 15 (max 15)
- age   1:     153120 bytes,     153120 total
- age   2:       3336 bytes,     156456 total
 22349K->15831K(24716K), 0.0006623 secs]
35.059: [GC
Desired survivor size 557056 bytes, new threshold 15 (max 15)
- age   1:     420352 bytes,     420352 total
- age   2:      88080 bytes,     508432 total
- age   3:       3336 bytes,     511768 total
 22359K->16179K(24716K), 0.0009365 secs]
35.065: [GC
Desired survivor size 557056 bytes, new threshold 1 (max 15)
- age   1:     661640 bytes,     661640 total
- age   2:     353120 bytes,    1014760 total
- age   3:      88080 bytes,    1102840 total
- age   4:       3336 bytes,    1106176 total
 22688K->16759K(24716K), 0.0014824 secs]
35.070: [GC
Desired survivor size 557056 bytes, new threshold 15 (max 15)
- age   1:     202872 bytes,     202872 total
 23282K->16735K(24716K), 0.0017733 secs]
35.077: [GC
Desired survivor size 557056 bytes, new threshold 1 (max 15)
- age   1:     928544 bytes,     928544 total
- age   2:     139776 bytes,    1068320 total
 23227K->17579K(24716K), 0.0014622 secs]
35.082: [GC
Desired survivor size 557056 bytes, new threshold 15 (max 15)
- age   1:     107120 bytes,     107120 total
 24092K->17455K(25100K), 0.0016038 secs]
35.084: [Full GC 17455K->8897K(25100K), 0.0721412 secs]
35.160: [GC
Desired survivor size 557056 bytes, new threshold 15 (max 15)
- age   1:     291952 bytes,     291952 total
 15381K->9184K(24716K), 0.0011009 secs]
35.165: [GC
Desired survivor size 557056 bytes, new threshold 1 (max 15)
- age   1:     600904 bytes,     600904 total
- age   2:     219328 bytes,     820232 total
 15670K->9702K(24716K), 0.0011712 secs]
35.172: [GC
Desired survivor size 557056 bytes, new threshold 15 (max 15)
- age   1:     428184 bytes,     428184 total
 16224K->9786K(24716K), 0.0011545 secs]
35.177: [GC
Desired survivor size 557056 bytes, new threshold 15 (max 15)
- age   1:     206424 bytes,     206424 total
- age   2:     159704 bytes,     366128 total
 16307K->9726K(24716K), 0.0008355 secs]
35.182: [GC
Desired survivor size 557056 bytes, new threshold 15 (max 15)
- age   1:     124872 bytes,     124872 total
- age   3:     159704 bytes,     284576 total
 16240K->9646K(24716K), 0.0007806 secs]
35.186: [GC
Desired survivor size 557056 bytes, new threshold 15 (max 15)
- age   1:     255184 bytes,     255184 total
- age   2:      79080 bytes,     334264 total
- age   4:     159704 bytes,     493968 total
 16133K->9848K(24716K), 0.0012685 secs]
35.196: [GC
Desired survivor size 557056 bytes, new threshold 2 (max 15)
- age   1:     506224 bytes,     506224 total
- age   2:     174360 bytes,     680584 total
- age   3:      79080 bytes,     759664 total
- age   5:     159704 bytes,     919368 total
 16376K->10265K(24716K), 0.0013849 secs]
35.202: [GC
Desired survivor size 557056 bytes, new threshold 15 (max 15)
- age   1:     148088 bytes,     148088 total
- age   2:     296816 bytes,     444904 total
 16758K->10213K(24716K), 0.0012990 secs]
35.209: [GC
Desired survivor size 557056 bytes, new threshold 3 (max 15)
- age   1:     242896 bytes,     242896 total
- age   2:      66376 bytes,     309272 total
- age   3:     296816 bytes,     606088 total
 16741K->10370K(24716K), 0.0012218 secs]
35.215: [GC
Desired survivor size 557056 bytes, new threshold 15 (max 15)
- age   1:     360376 bytes,     360376 total
- age   2:      74600 bytes,     434976 total
- age   3:      66376 bytes,     501352 total
 16898K->10555K(24716K), 0.0011738 secs]
35.221: [GC
Desired survivor size 557056 bytes, new threshold 2 (max 15)
- age   1:     446008 bytes,     446008 total
- age   2:     159256 bytes,     605264 total
- age   3:      74600 bytes,     679864 total
- age   4:      66376 bytes,     746240 total
 17055K->10797K(24716K), 0.0012321 secs]
35.227: [GC
Desired survivor size 557056 bytes, new threshold 15 (max 15)
- age   1:     139848 bytes,     139848 total
- age   2:     386624 bytes,     526472 total
 17236K->10882K(24716K), 0.0012154 secs]
35.233: [GC
Desired survivor size 557056 bytes, new threshold 3 (max 15)
- age   1:     140960 bytes,     140960 total
- age   2:      75752 bytes,     216712 total
- age   3:     386624 bytes,     603336 total
 17397K->10955K(24716K), 0.0013265 secs]
35.239: [GC
Desired survivor size 557056 bytes, new threshold 15 (max 15)
- age   1:     243720 bytes,     243720 total
- age   2:       4520 bytes,     248240 total
- age   3:       3088 bytes,     251328 total
 17469K->10847K(24716K), 0.0008873 secs]
35.244: [GC
Desired survivor size 557056 bytes, new threshold 1 (max 15)
- age   1:     568336 bytes,     568336 total
- age   2:      87024 bytes,     655360 total
- age   3:       4520 bytes,     659880 total
- age   4:       3088 bytes,     662968 total
 17356K->11251K(24716K), 0.0011460 secs]
35.250: [GC
Desired survivor size 557056 bytes, new threshold 15 (max 15)
- age   1:     259856 bytes,     259856 total
 17748K->11343K(24716K), 0.0010535 secs]
35.256: [GC
Desired survivor size 557056 bytes, new threshold 15 (max 15)
- age   1:     126128 bytes,     126128 total
 17850K->11201K(24716K), 0.0006274 secs]
35.261: [GC
Desired survivor size 557056 bytes, new threshold 15 (max 15)
- age   1:     415848 bytes,     415848 total
- age   2:      71704 bytes,     487552 total
 17678K->11554K(24716K), 0.0008492 secs]
35.265: [GC
Desired survivor size 557056 bytes, new threshold 15 (max 15)
- age   1:     142200 bytes,     142200 total
- age   2:     162272 bytes,     304472 total
- age   3:      71704 bytes,     376176 total
 18061K->11445K(24716K), 0.0009398 secs]
35.270: [GC
Desired survivor size 557056 bytes, new threshold 3 (max 15)
- age   1:     406016 bytes,     406016 total
- age   3:     162272 bytes,     568288 total
- age   4:      71704 bytes,     639992 total
 17973K->11702K(24716K), 0.0009553 secs]
35.277: [GC
Desired survivor size 557056 bytes, new threshold 15 (max 15)
- age   1:     144496 bytes,     144496 total
- age   2:     286168 bytes,     430664 total
 18229K->11732K(24716K), 0.0010565 secs]
35.283: [GC
Desired survivor size 557056 bytes, new threshold 15 (max 15)
- age   1:     151512 bytes,     151512 total
- age   2:      16240 bytes,     167752 total
- age   3:     286168 bytes,     453920 total
 18260K->11757K(24716K), 0.0009236 secs]
35.292: [GC
Desired survivor size 557056 bytes, new threshold 1 (max 15)
- age   1:     606320 bytes,     606320 total
- age   2:      66504 bytes,     672824 total
- age   3:      16240 bytes,     689064 total
- age   4:     286168 bytes,     975232 total
 18285K->12265K(24716K), 0.0015278 secs]
35.298: [GC
Desired survivor size 557056 bytes, new threshold 15 (max 15)
- age   1:     218984 bytes,     218984 total
 18793K->12336K(24716K), 0.0014603 secs]
35.305: [GC
Desired survivor size 557056 bytes, new threshold 1 (max 15)
- age   1:     629656 bytes,     629656 total
- age   2:     174792 bytes,     804448 total
 18766K->12903K(24716K), 0.0012569 secs]
35.310: [GC
Desired survivor size 557056 bytes, new threshold 15 (max 15)
- age   1:     287176 bytes,     287176 total
 19416K->12962K(24716K), 0.0011580 secs]
35.317: [GC
Desired survivor size 557056 bytes, new threshold 2 (max 15)
- age   1:     424408 bytes,     424408 total
- age   2:     287096 bytes,     711504 total
 19450K->13374K(24716K), 0.0010515 secs]
35.323: [GC
Desired survivor size 557056 bytes, new threshold 15 (max 15)
- age   1:     135704 bytes,     135704 total
- age   2:     200568 bytes,     336272 total
 19888K->13288K(24716K), 0.0011648 secs]
35.329: [GC
Desired survivor size 557056 bytes, new threshold 3 (max 15)
- age   1:     430544 bytes,     430544 total
- age   2:      82752 bytes,     513296 total
- age   3:     176568 bytes,     689864 total
 19800K->13631K(24716K), 0.0010191 secs]
35.334: [GC
Desired survivor size 557056 bytes, new threshold 15 (max 15)
- age   1:     181128 bytes,     181128 total
- age   2:     168832 bytes,     349960 total
- age   3:      82752 bytes,     432712 total
 20134K->13558K(24716K), 0.0012072 secs]
35.341: [GC
Desired survivor size 557056 bytes, new threshold 2 (max 15)
- age   1:     484624 bytes,     484624 total
- age   2:     112712 bytes,     597336 total
- age   3:     152216 bytes,     749552 total
- age   4:      82752 bytes,     832304 total
 20085K->13948K(24716K), 0.0011654 secs]
35.346: [GC
Desired survivor size 557056 bytes, new threshold 2 (max 15)
- age   1:     179936 bytes,     179936 total
- age   2:     404384 bytes,     584320 total
 20463K->14046K(24716K), 0.0022795 secs]
35.353: [GC
Desired survivor size 557056 bytes, new threshold 15 (max 15)
- age   1:     323480 bytes,     323480 total
- age   2:      36736 bytes,     360216 total
 20561K->13972K(24716K), 0.0010705 secs]
35.358: [GC
Desired survivor size 557056 bytes, new threshold 15 (max 15)
- age   1:     227088 bytes,     227088 total
- age   2:      72640 bytes,     299728 total
- age   3:      36736 bytes,     336464 total
 20489K->13949K(24716K), 0.0008577 secs]
35.363: [GC
Desired survivor size 557056 bytes, new threshold 15 (max 15)
- age   1:     353456 bytes,     353456 total
- age   2:      36552 bytes,     390008 total
- age   3:      72640 bytes,     462648 total
- age   4:      36736 bytes,     499384 total
 20458K->14108K(24716K), 0.0009829 secs]
35.369: [GC
Desired survivor size 557056 bytes, new threshold 1 (max 15)
- age   1:     793912 bytes,     793912 total
- age   2:     168856 bytes,     962768 total
- age   3:      36552 bytes,     999320 total
- age   4:      72640 bytes,    1071960 total
- age   5:      36736 bytes,    1108696 total
 20631K->14899K(24716K), 0.0016183 secs]
35.375: [GC
Desired survivor size 557056 bytes, new threshold 15 (max 15)
- age   1:      97464 bytes,      97464 total
 21395K->14862K(24716K), 0.0016158 secs]
35.382: [GC
Desired survivor size 557056 bytes, new threshold 1 (max 15)
- age   1:     998072 bytes,     998072 total
- age   2:      23688 bytes,    1021760 total
 21375K->15764K(24716K), 0.0013156 secs]
35.388: [GC
Desired survivor size 557056 bytes, new threshold 15 (max 15)
- age   1:      57208 bytes,      57208 total
 22282K->15740K(24716K), 0.0013917 secs]
35.394: [GC
Desired survivor size 557056 bytes, new threshold 15 (max 15)
- age   1:     485584 bytes,     485584 total
- age   2:      33944 bytes,     519528 total
 22254K->16194K(24716K), 0.0009085 secs]
35.400: [GC
Desired survivor size 557056 bytes, new threshold 2 (max 15)
- age   1:     364632 bytes,     364632 total
- age   2:     198424 bytes,     563056 total
 22678K->16234K(24716K), 0.0013430 secs]
35.405: [GC
Desired survivor size 557056 bytes, new threshold 2 (max 15)
- age   1:     307808 bytes,     307808 total
- age   2:     289344 bytes,     597152 total
 22722K->16471K(24716K), 0.0014870 secs]
35.411: [GC
Desired survivor size 557056 bytes, new threshold 15 (max 15)
- age   1:     433632 bytes,     433632 total
- age   2:      56760 bytes,     490392 total
 22986K->16409K(24716K), 0.0009959 secs]
35.416: [GC
Desired survivor size 557056 bytes, new threshold 1 (max 15)
- age   1:     648336 bytes,     648336 total
- age   2:     375152 bytes,    1023488 total
- age   3:      56760 bytes,    1080248 total
 22864K->17069K(24716K), 0.0014910 secs]
35.422: [GC
Desired survivor size 557056 bytes, new threshold 15 (max 15)
- age   1:      84744 bytes,      84744 total
 23466K->16905K(24716K), 0.0014074 secs]
35.431: [GC
Desired survivor size 557056 bytes, new threshold 1 (max 15)
- age   1:     881208 bytes,     881208 total
 23418K->17682K(24716K), 0.0016325 secs]
35.437: [GC
Desired survivor size 557056 bytes, new threshold 1 (max 15)
- age   1:     638928 bytes,     638928 total
 24155K->17942K(25100K), 0.0013249 secs]
35.439: [Full GC 17942K->8508K(25100K), 0.0763408 secs]
35.522: [GC
Desired survivor size 557056 bytes, new threshold 1 (max 15)
- age   1:     807000 bytes,     807000 total
 14991K->9300K(24716K), 0.0010461 secs]
35.528: [GC
Desired survivor size 557056 bytes, new threshold 15 (max 15)
- age   1:     244096 bytes,     244096 total
 15822K->9465K(24716K), 0.0013232 secs]
35.535: [GC
Desired survivor size 557056 bytes, new threshold 15 (max 15)
- age   1:     105592 bytes,     105592 total
- age   2:     168672 bytes,     274264 total
 15965K->9494K(24716K), 0.0016671 secs]
35.541: [GC
Desired survivor size 557056 bytes, new threshold 15 (max 15)
- age   1:     244984 bytes,     244984 total
- age   2:      64344 bytes,     309328 total
- age   3:     168672 bytes,     478000 total
 15992K->9693K(24716K), 0.0009976 secs]
35.546: [GC
Desired survivor size 557056 bytes, new threshold 15 (max 15)
- age   1:     223336 bytes,     223336 total
- age   2:     158608 bytes,     381944 total
- age   3:        200 bytes,     382144 total
- age   4:     168672 bytes,     550816 total
 16196K->9764K(24716K), 0.0009823 secs]
35.556: [GC
Desired survivor size 557056 bytes, new threshold 15 (max 15)
- age   1:      85056 bytes,      85056 total
- age   2:      91568 bytes,     176624 total
- age   3:     158568 bytes,     335192 total
- age   4:         40 bytes,     335232 total
- age   5:     168672 bytes,     503904 total
 16179K->9717K(24716K), 0.0008503 secs]
35.563: [GC
Desired survivor size 557056 bytes, new threshold 15 (max 15)
- age   1:      78136 bytes,      78136 total
- age   2:      15536 bytes,      93672 total
- age   3:      91568 bytes,     185240 total
- age   4:     158568 bytes,     343808 total
- age   5:         40 bytes,     343848 total
- age   6:     168672 bytes,     512520 total
 16193K->9727K(24716K), 0.0010380 secs]
35.569: [GC
Desired survivor size 557056 bytes, new threshold 7 (max 15)
- age   1:     177184 bytes,     177184 total
- age   2:      76128 bytes,     253312 total
- age   3:      14248 bytes,     267560 total
- age   4:      91568 bytes,     359128 total
- age   5:     158568 bytes,     517696 total
- age   6:         40 bytes,     517736 total
- age   7:     168672 bytes,     686408 total
 16254K->9900K(24716K), 0.0011914 secs]
35.574: [GC
Desired survivor size 557056 bytes, new threshold 6 (max 15)
- age   1:     367120 bytes,     367120 total
- age   2:      34056 bytes,     401176 total
- age   3:       4520 bytes,     405696 total
- age   4:      14248 bytes,     419944 total
- age   5:      91568 bytes,     511512 total
- age   6:     158568 bytes,     670080 total
- age   7:         40 bytes,     670120 total
 16298K->10065K(24716K), 0.0013262 secs]
35.582: [GC
Desired survivor size 557056 bytes, new threshold 15 (max 15)
- age   1:     240608 bytes,     240608 total
- age   2:      72496 bytes,     313104 total
- age   3:      34016 bytes,     347120 total
- age   4:       4520 bytes,     351640 total
- age   5:      14248 bytes,     365888 total
- age   6:      91568 bytes,     457456 total
 16592K->10019K(24716K), 0.0013938 secs]
35.589: [GC
Desired survivor size 557056 bytes, new threshold 5 (max 15)
- age   1:     207712 bytes,     207712 total
- age   2:     240608 bytes,     448320 total
- age   3:      72496 bytes,     520816 total
- age   4:      34016 bytes,     554832 total
- age   5:       4520 bytes,     559352 total
- age   6:      14248 bytes,     573600 total
- age   7:      91568 bytes,     665168 total
 16526K->10215K(24716K), 0.0010918 secs]
35.595: [GC
Desired survivor size 557056 bytes, new threshold 3 (max 15)
- age   1:     312472 bytes,     312472 total
- age   2:      85936 bytes,     398408 total
- age   3:     240680 bytes,     639088 total
- age   4:      72496 bytes,     711584 total
- age   5:      34016 bytes,     745600 total
 16731K->10402K(24716K), 0.0012203 secs]
35.601: [GC
Desired survivor size 557056 bytes, new threshold 3 (max 15)
- age   1:     287200 bytes,     287200 total
- age   2:     197800 bytes,     485000 total
- age   3:      85936 bytes,     570936 total
 16925K->10571K(24716K), 0.0022147 secs]
35.607: [GC
Desired survivor size 557056 bytes, new threshold 3 (max 15)
- age   1:     402512 bytes,     402512 total
- age   2:      84480 bytes,     486992 total
- age   3:     197800 bytes,     684792 total
 17090K->10756K(24716K), 0.0012127 secs]
35.612: [GC
Desired survivor size 557056 bytes, new threshold 2 (max 15)
- age   1:     458848 bytes,     458848 total
- age   2:     120528 bytes,     579376 total
- age   3:      84480 bytes,     663856 total
 17261K->10922K(24716K), 0.0013026 secs]
35.619: [GC
Desired survivor size 557056 bytes, new threshold 15 (max 15)
- age   1:     265528 bytes,     265528 total
- age   2:     169736 bytes,     435264 total
 17405K->10904K(24716K), 0.0026359 secs]
35.631: [GC
Desired survivor size 557056 bytes, new threshold 15 (max 15)
- age   1:     238448 bytes,     238448 total
- age   2:     186864 bytes,     425312 total
- age   3:      84688 bytes,     510000 total
 17416K->10977K(24716K), 0.0009379 secs]
35.636: [GC
Desired survivor size 557056 bytes, new threshold 15 (max 15)
- age   1:     170368 bytes,     170368 total
- age   2:      44144 bytes,     214512 total
- age   3:     186832 bytes,     401344 total
- age   4:      84688 bytes,     486032 total
 17486K->10955K(24716K), 0.0014034 secs]
35.643: [GC
Desired survivor size 557056 bytes, new threshold 5 (max 15)
- age   1:     165824 bytes,     165824 total
- age   2:      91984 bytes,     257808 total
- age   3:      43440 bytes,     301248 total
- age   4:     186832 bytes,     488080 total
- age   5:      84688 bytes,     572768 total
 17446K->11042K(24716K), 0.0015721 secs]
35.649: [GC
Desired survivor size 557056 bytes, new threshold 15 (max 15)
- age   1:     194736 bytes,     194736 total
- age   2:       3928 bytes,     198664 total
- age   3:      47536 bytes,     246200 total
- age   4:      43440 bytes,     289640 total
- age   5:     186832 bytes,     476472 total
 17570K->11038K(24716K), 0.0009466 secs]
35.655: [GC
Desired survivor size 557056 bytes, new threshold 6 (max 15)
- age   1:     287720 bytes,     287720 total
- age   2:     163408 bytes,     451128 total
- age   3:       3200 bytes,     454328 total
- age   4:      47536 bytes,     501864 total
- age   5:      43440 bytes,     545304 total
- age   6:     186832 bytes,     732136 total
 17501K->11276K(24716K), 0.0011719 secs]
35.661: [GC
Desired survivor size 557056 bytes, new threshold 6 (max 15)
- age   1:     121944 bytes,     121944 total
- age   2:     207608 bytes,     329552 total
- age   3:     163408 bytes,     492960 total
- age   4:       3088 bytes,     496048 total
- age   5:      47536 bytes,     543584 total
- age   6:      43440 bytes,     587024 total
 17753K->11337K(24716K), 0.0012876 secs]
35.666: [GC
Desired survivor size 557056 bytes, new threshold 4 (max 15)
- age   1:     280216 bytes,     280216 total
- age   2:       4424 bytes,     284640 total
- age   3:     153648 bytes,     438288 total
- age   4:     163408 bytes,     601696 total
- age   5:       3088 bytes,     604784 total
- age   6:      47536 bytes,     652320 total
 17864K->11448K(24716K), 0.0011705 secs]
35.671: [GC
Desired survivor size 557056 bytes, new threshold 15 (max 15)
- age   1:     219112 bytes,     219112 total
- age   2:      23568 bytes,     242680 total
- age   3:       4424 bytes,     247104 total
- age   4:     153648 bytes,     400752 total
 17959K->11403K(24716K), 0.0010814 secs]
35.677: [GC
Desired survivor size 557056 bytes, new threshold 15 (max 15)
- age   1:     201240 bytes,     201240 total
- age   2:     148104 bytes,     349344 total
- age   3:      23568 bytes,     372912 total
- age   4:       4424 bytes,     377336 total
- age   5:     153648 bytes,     530984 total
 17908K->11522K(24716K), 0.0010158 secs]
35.684: [GC
Desired survivor size 557056 bytes, new threshold 2 (max 15)
- age   1:     456512 bytes,     456512 total
- age   2:     156864 bytes,     613376 total
- age   3:     148104 bytes,     761480 total
- age   4:      23568 bytes,     785048 total
- age   5:       4424 bytes,     789472 total
- age   6:     153648 bytes,     943120 total
 17919K->11924K(24716K), 0.0012681 secs]
35.691: [GC
Desired survivor size 557056 bytes, new threshold 15 (max 15)
- age   1:      98944 bytes,      98944 total
- age   2:     377840 bytes,     476784 total
 18452K->11943K(24716K), 0.0017713 secs]
35.698: [GC
Desired survivor size 557056 bytes, new threshold 15 (max 15)
- age   1:     233296 bytes,     233296 total
- age   2:      86912 bytes,     320208 total
- age   3:     235368 bytes,     555576 total
 18456K->12021K(24716K), 0.0015872 secs]
35.703: [GC
Desired survivor size 557056 bytes, new threshold 15 (max 15)
- age   1:      47992 bytes,      47992 total
- age   2:     138960 bytes,     186952 total
- age   3:      86912 bytes,     273864 total
- age   4:     235368 bytes,     509232 total
 18543K->11977K(24716K), 0.0010481 secs]
35.710: [GC
Desired survivor size 557056 bytes, new threshold 1 (max 15)
- age   1:     744648 bytes,     744648 total
- age   2:        128 bytes,     744776 total
- age   3:     102256 bytes,     847032 total
- age   4:       8208 bytes,     855240 total
- age   5:     235368 bytes,    1090608 total
 18469K->12835K(24716K), 0.0016186 secs]
35.717: [GC
Desired survivor size 557056 bytes, new threshold 15 (max 15)
- age   1:     137064 bytes,     137064 total
 19336K->12681K(24716K), 0.0014351 secs]
35.722: [GC
Desired survivor size 557056 bytes, new threshold 15 (max 15)
- age   1:     166888 bytes,     166888 total
- age   2:      85176 bytes,     252064 total
 19207K->12786K(24716K), 0.0008239 secs]
35.727: [GC
Desired survivor size 557056 bytes, new threshold 15 (max 15)
- age   1:     145792 bytes,     145792 total
- age   2:     106688 bytes,     252480 total
- age   3:      85176 bytes,     337656 total
 19306K->12869K(24716K), 0.0008115 secs]
35.732: [GC
Desired survivor size 557056 bytes, new threshold 1 (max 15)
- age   1:     781792 bytes,     781792 total
- age   3:     106648 bytes,     888440 total
- age   4:      85176 bytes,     973616 total
 19336K->13490K(24716K), 0.0013074 secs]
35.738: [GC
Desired survivor size 557056 bytes, new threshold 15 (max 15)
- age   1:     215584 bytes,     215584 total
 20018K->13278K(24716K), 0.0014578 secs]
35.743: [GC
Desired survivor size 557056 bytes, new threshold 15 (max 15)
- age   1:     261760 bytes,     261760 total
- age   2:     131464 bytes,     393224 total
 19760K->13452K(24716K), 0.0008464 secs]
35.749: [GC
Desired survivor size 557056 bytes, new threshold 15 (max 15)
- age   1:     254608 bytes,     254608 total
- age   2:      66048 bytes,     320656 total
- age   3:     131464 bytes,     452120 total
 19952K->13509K(24716K), 0.0010551 secs]
35.754: [GC
Desired survivor size 557056 bytes, new threshold 15 (max 15)
- age   1:     121696 bytes,     121696 total
- age   2:      98632 bytes,     220328 total
- age   3:      66048 bytes,     286376 total
- age   4:     131464 bytes,     417840 total
 20007K->13474K(24716K), 0.0011012 secs]
35.765: [GC
Desired survivor size 557056 bytes, new threshold 15 (max 15)
- age   1:     156416 bytes,     156416 total
- age   3:      60904 bytes,     217320 total
- age   4:      66048 bytes,     283368 total
- age   5:     131464 bytes,     414832 total
 19950K->13471K(24716K), 0.0008856 secs]
35.771: [GC
Desired survivor size 557056 bytes, new threshold 15 (max 15)
- age   1:      51272 bytes,      51272 total
- age   2:     114488 bytes,     165760 total
- age   4:      60904 bytes,     226664 total
- age   5:      66048 bytes,     292712 total
- age   6:     131464 bytes,     424176 total
 19946K->13481K(24716K), 0.0010395 secs]
35.776: [GC
Desired survivor size 557056 bytes, new threshold 15 (max 15)
- age   1:     114384 bytes,     114384 total
- age   2:       3640 bytes,     118024 total
- age   3:       2648 bytes,     120672 total
- age   5:      60904 bytes,     181576 total
- age   6:      66048 bytes,     247624 total
- age   7:     131464 bytes,     379088 total
 19988K->13436K(24716K), 0.0010248 secs]
35.781: [GC
Desired survivor size 557056 bytes, new threshold 15 (max 15)
- age   1:      82832 bytes,      82832 total
- age   2:      45792 bytes,     128624 total
- age   3:       3640 bytes,     132264 total
- age   4:       2648 bytes,     134912 total
- age   6:      60904 bytes,     195816 total
- age   7:      66048 bytes,     261864 total
- age   8:     131464 bytes,     393328 total
 19960K->13457K(24716K), 0.0009144 secs]
35.787: [GC
Desired survivor size 557056 bytes, new threshold 1 (max 15)
- age   1:     591320 bytes,     591320 total
- age   2:      33440 bytes,     624760 total
- age   3:       4544 bytes,     629304 total
- age   4:       3640 bytes,     632944 total
- age   5:       2648 bytes,     635592 total
- age   7:      60904 bytes,     696496 total
- age   8:      66048 bytes,     762544 total
- age   9:     131464 bytes,     894008 total
 19974K->13943K(24716K), 0.0018010 secs]
35.793: [GC
Desired survivor size 557056 bytes, new threshold 15 (max 15)
- age   1:     237720 bytes,     237720 total
 20467K->13928K(24716K), 0.0014008 secs]
35.799: [GC
Desired survivor size 557056 bytes, new threshold 15 (max 15)
- age   1:     257392 bytes,     257392 total
- age   2:     106088 bytes,     363480 total
 20448K->14043K(24716K), 0.0009699 secs]
35.804: [GC
Desired survivor size 557056 bytes, new threshold 15 (max 15)
- age   1:     285888 bytes,     285888 total
- age   2:     213560 bytes,     499448 total
 20554K->14178K(24716K), 0.0009774 secs]
35.808: [GC
Desired survivor size 557056 bytes, new threshold 15 (max 15)
- age   1:     136832 bytes,     136832 total
- age   2:      46216 bytes,     183048 total
- age   3:     213560 bytes,     396608 total
 20641K->14075K(24716K), 0.0017434 secs]
35.815: [GC
Desired survivor size 557056 bytes, new threshold 1 (max 15)
- age   1:     617888 bytes,     617888 total
- age   2:      55648 bytes,     673536 total
- age   3:      46216 bytes,     719752 total
- age   4:      82616 bytes,     802368 total
 20586K->14473K(24716K), 0.0011204 secs]
35.821: [GC
Desired survivor size 557056 bytes, new threshold 1 (max 15)
- age   1:     728272 bytes,     728272 total
 20978K->14928K(24716K), 0.0034824 secs]
35.828: [GC
Desired survivor size 557056 bytes, new threshold 15 (max 15)
- age   1:     230312 bytes,     230312 total
 21437K->15027K(24716K), 0.0012882 secs]
35.834: [GC
Desired survivor size 557056 bytes, new threshold 2 (max 15)
- age   1:     405688 bytes,     405688 total
- age   2:     192944 bytes,     598632 total
 21553K->15387K(24716K), 0.0009867 secs]
35.839: [GC
Desired survivor size 557056 bytes, new threshold 2 (max 15)
- age   1:     211008 bytes,     211008 total
- age   2:     365600 bytes,     576608 total
 21840K->15388K(24716K), 0.0009320 secs]
35.845: [GC
Desired survivor size 557056 bytes, new threshold 15 (max 15)
- age   1:     529432 bytes,     529432 total
 21915K->15368K(24716K), 0.0017445 secs]
35.853: [GC
Desired survivor size 557056 bytes, new threshold 1 (max 15)
- age   1:     692912 bytes,     692912 total
- age   2:      61992 bytes,     754904 total
 21896K->15587K(24716K), 0.0009702 secs]
35.861: [GC
Desired survivor size 557056 bytes, new threshold 15 (max 15)
- age   1:     160472 bytes,     160472 total
 22102K->15401K(24716K), 0.0012722 secs]
35.868: [GC
Desired survivor size 557056 bytes, new threshold 1 (max 15)
- age   1:     622072 bytes,     622072 total
- age   2:     193904 bytes,     815976 total
 21924K->16041K(24716K), 0.0021183 secs]
35.875: [GC
Desired survivor size 557056 bytes, new threshold 15 (max 15)
- age   1:     120736 bytes,     120736 total
 22560K->16071K(24716K), 0.0016166 secs]
35.883: [GC
Desired survivor size 557056 bytes, new threshold 15 (max 15)
- age   1:     119568 bytes,     119568 total
- age   2:     119856 bytes,     239424 total
 22593K->16188K(24716K), 0.0008630 secs]
35.889: [GC
Desired survivor size 557056 bytes, new threshold 2 (max 15)
- age   1:     493848 bytes,     493848 total
- age   2:      66640 bytes,     560488 total
- age   3:      79848 bytes,     640336 total
 22694K->16580K(24716K), 0.0010312 secs]
35.894: [GC
Desired survivor size 557056 bytes, new threshold 2 (max 15)
- age   1:     496248 bytes,     496248 total
- age   2:     407544 bytes,     903792 total
 22985K->16988K(24716K), 0.0014136 secs]
35.901: [GC
Desired survivor size 557056 bytes, new threshold 2 (max 15)
- age   1:     489616 bytes,     489616 total
- age   2:     417960 bytes,     907576 total
 23485K->17396K(24716K), 0.0038615 secs]
35.913: [GC
Desired survivor size 557056 bytes, new threshold 2 (max 15)
- age   1:     179064 bytes,     179064 total
- age   2:     409896 bytes,     588960 total
 23915K->17405K(24716K), 0.0012341 secs]
35.918: [GC
Desired survivor size 557056 bytes, new threshold 15 (max 15)
- age   1:      61384 bytes,      61384 total
- age   2:     129696 bytes,     191080 total
 23926K->17417K(24908K), 0.0013772 secs]
35.920: [Full GC 17417K->8590K(24908K), 0.0710925 secs]
35.997: [GC
Desired survivor size 557056 bytes, new threshold 15 (max 15)
- age   1:     381568 bytes,     381568 total
 15118K->8966K(24716K), 0.0016271 secs]
36.003: [GC
Desired survivor size 557056 bytes, new threshold 2 (max 15)
- age   1:     244808 bytes,     244808 total
- age   2:     315816 bytes,     560624 total
 15494K->9140K(24716K), 0.0009218 secs]
36.008: [GC
Desired survivor size 557056 bytes, new threshold 15 (max 15)
- age   1:     202464 bytes,     202464 total
- age   2:     117432 bytes,     319896 total
 15635K->9226K(24716K), 0.0010800 secs]
36.014: [GC
Desired survivor size 557056 bytes, new threshold 3 (max 15)
- age   1:     458064 bytes,     458064 total
- age   2:      90664 bytes,     548728 total
- age   3:      44120 bytes,     592848 total
 15668K->9491K(24716K), 0.0009487 secs]
36.019: [GC
Desired survivor size 557056 bytes, new threshold 2 (max 15)
- age   1:     469904 bytes,     469904 total
- age   2:     298600 bytes,     768504 total
- age   3:      90664 bytes,     859168 total
 16019K->9794K(24716K), 0.0012101 secs]
36.025: [GC
Desired survivor size 557056 bytes, new threshold 2 (max 15)
- age   1:     418752 bytes,     418752 total
- age   2:     411520 bytes,     830272 total
 16300K->10035K(24716K), 0.0015721 secs]
36.031: [GC
Desired survivor size 557056 bytes, new threshold 15 (max 15)
- age   1:     117920 bytes,     117920 total
- age   2:     130720 bytes,     248640 total
 16534K->9866K(24716K), 0.0014255 secs]
36.037: [GC
Desired survivor size 557056 bytes, new threshold 15 (max 15)
- age   1:     225000 bytes,     225000 total
- age   3:     130720 bytes,     355720 total
 16393K->9973K(24716K), 0.0007893 secs]
36.041: [GC
Desired survivor size 557056 bytes, new threshold 4 (max 15)
- age   1:     364888 bytes,     364888 total
- age   2:     169040 bytes,     533928 total
- age   4:     130720 bytes,     664648 total
 16490K->10275K(24716K), 0.0014618 secs]
36.046: [GC
Desired survivor size 557056 bytes, new threshold 3 (max 15)
- age   1:     387936 bytes,     387936 total
- age   2:     145240 bytes,     533176 total
- age   3:     169040 bytes,     702216 total
 16760K->10437K(24716K), 0.0022357 secs]
36.052: [GC
Desired survivor size 557056 bytes, new threshold 15 (max 15)
- age   1:      93840 bytes,      93840 total
- age   2:     247752 bytes,     341592 total
- age   3:     145240 bytes,     486832 total
 16933K->10401K(24716K), 0.0016150 secs]
36.059: [GC
Desired survivor size 557056 bytes, new threshold 4 (max 15)
- age   1:     243880 bytes,     243880 total
- age   3:     247752 bytes,     491632 total
- age   4:     145240 bytes,     636872 total
 16891K->10548K(24716K), 0.0011596 secs]
36.064: [GC
Desired survivor size 557056 bytes, new threshold 4 (max 15)
- age   1:     403384 bytes,     403384 total
- age   4:     247752 bytes,     651136 total
 17071K->10704K(24716K), 0.0012838 secs]
36.070: [GC
Desired survivor size 557056 bytes, new threshold 15 (max 15)
- age   1:     318072 bytes,     318072 total
- age   2:     142800 bytes,     460872 total
 17221K->10679K(24716K), 0.0012476 secs]
36.075: [GC
Desired survivor size 557056 bytes, new threshold 15 (max 15)
- age   1:     150576 bytes,     150576 total
- age   2:     152080 bytes,     302656 total
- age   3:     142800 bytes,     445456 total
 17166K->10664K(24716K), 0.0010949 secs]
36.080: [GC
Desired survivor size 557056 bytes, new threshold 3 (max 15)
- age   1:     340376 bytes,     340376 total
- age   2:     116104 bytes,     456480 total
- age   3:     152080 bytes,     608560 total
- age   4:     142800 bytes,     751360 total
 17185K->10962K(24716K), 0.0012935 secs]
36.087: [GC
Desired survivor size 557056 bytes, new threshold 3 (max 15)
- age   1:     259432 bytes,     259432 total
- age   2:     250096 bytes,     509528 total
- age   3:     116104 bytes,     625632 total
 17490K->11077K(24716K), 0.0012019 secs]
36.093: [GC
Desired survivor size 557056 bytes, new threshold 15 (max 15)
- age   1:     111352 bytes,     111352 total
- age   2:     181920 bytes,     293272 total
- age   3:     250096 bytes,     543368 total
 17578K->11110K(24716K), 0.0014788 secs]
36.099: [GC
Desired survivor size 557056 bytes, new threshold 15 (max 15)
- age   1:     157696 bytes,     157696 total
- age   2:      23184 bytes,     180880 total
- age   4:     250096 bytes,     430976 total
 17638K->11001K(24716K), 0.0008701 secs]
36.105: [GC
Desired survivor size 557056 bytes, new threshold 5 (max 15)
- age   1:     263040 bytes,     263040 total
- age   2:      63328 bytes,     326368 total
- age   5:     250096 bytes,     576464 total
 17492K->11143K(24716K), 0.0011955 secs]
36.109: [GC
Desired survivor size 557056 bytes, new threshold 15 (max 15)
- age   1:      81656 bytes,      81656 total
- age   2:     188880 bytes,     270536 total
- age   3:      63328 bytes,     333864 total
 17659K->11148K(24716K), 0.0012886 secs]
36.116: [GC
Desired survivor size 557056 bytes, new threshold 15 (max 15)
- age   1:     236544 bytes,     236544 total
- age   2:      30488 bytes,     267032 total
- age   3:     188880 bytes,     455912 total
- age   4:      63328 bytes,     519240 total
 17669K->11331K(24716K), 0.0011381 secs]
36.122: [GC
Desired survivor size 557056 bytes, new threshold 2 (max 15)
- age   1:     428952 bytes,     428952 total
- age   2:     129864 bytes,     558816 total
- age   3:      30488 bytes,     589304 total
- age   4:     188880 bytes,     778184 total
- age   5:      63328 bytes,     841512 total
 17856K->11645K(24716K), 0.0011707 secs]
36.127: [GC
Desired survivor size 557056 bytes, new threshold 1 (max 15)
- age   1:     668776 bytes,     668776 total
- age   2:     260008 bytes,     928784 total
 18122K->12133K(24716K), 0.0018158 secs]
36.134: [GC
Desired survivor size 557056 bytes, new threshold 15 (max 15)
- age   1:     413248 bytes,     413248 total
 18625K->12291K(24716K), 0.0013342 secs]
36.149: [GC
Desired survivor size 557056 bytes, new threshold 15 (max 15)
- age   1:      29056 bytes,      29056 total
- age   2:     240632 bytes,     269688 total
 18819K->12150K(24716K), 0.0007187 secs]
36.156: [GC
Desired survivor size 557056 bytes, new threshold 15 (max 15)
- age   1:     307976 bytes,     307976 total
- age   2:      18896 bytes,     326872 total
- age   3:      73240 bytes,     400112 total
 18674K->12283K(24716K), 0.0008549 secs]
36.161: [GC
Desired survivor size 557056 bytes, new threshold 15 (max 15)
- age   1:     232000 bytes,     232000 total
- age   3:      18896 bytes,     250896 total
- age   4:      73240 bytes,     324136 total
 18794K->12206K(24716K), 0.0009263 secs]
36.168: [GC
Desired survivor size 557056 bytes, new threshold 15 (max 15)
- age   1:     364968 bytes,     364968 total
- age   2:      24152 bytes,     389120 total
- age   4:      18896 bytes,     408016 total
- age   5:      73240 bytes,     481256 total
 18706K->12362K(24716K), 0.0008548 secs]
36.174: [GC
Desired survivor size 557056 bytes, new threshold 6 (max 15)
- age   1:     299680 bytes,     299680 total
- age   2:     198960 bytes,     498640 total
- age   3:      24152 bytes,     522792 total
- age   5:      18896 bytes,     541688 total
- age   6:      73240 bytes,     614928 total
 18865K->12492K(24716K), 0.0012617 secs]
36.181: [GC
Desired survivor size 557056 bytes, new threshold 15 (max 15)
- age   1:     135384 bytes,     135384 total
- age   2:     156000 bytes,     291384 total
- age   3:     150576 bytes,     441960 total
- age   6:      17416 bytes,     459376 total
 19020K->12417K(24716K), 0.0032172 secs]
36.190: [GC
Desired survivor size 557056 bytes, new threshold 3 (max 15)
- age   1:     319352 bytes,     319352 total
- age   2:     108152 bytes,     427504 total
- age   3:     156000 bytes,     583504 total
- age   4:     150576 bytes,     734080 total
- age   7:      17416 bytes,     751496 total
 18945K->12699K(24716K), 0.0011616 secs]
36.196: [GC
Desired survivor size 557056 bytes, new threshold 2 (max 15)
- age   1:     425856 bytes,     425856 total
- age   2:     172840 bytes,     598696 total
- age   3:     108152 bytes,     706848 total
 19223K->12984K(24716K), 0.0021471 secs]
36.206: [GC
Desired survivor size 557056 bytes, new threshold 15 (max 15)
- age   1:     140440 bytes,     140440 total
- age   2:      78880 bytes,     219320 total
 19459K->12773K(24716K), 0.0011733 secs]
36.212: [GC
Desired survivor size 557056 bytes, new threshold 15 (max 15)
- age   1:     105376 bytes,     105376 total
- age   2:      94768 bytes,     200144 total
- age   3:      78880 bytes,     279024 total
 19282K->12826K(24716K), 0.0008109 secs]
36.217: [GC
Desired survivor size 557056 bytes, new threshold 15 (max 15)
- age   1:      87016 bytes,      87016 total
- age   2:       3768 bytes,      90784 total
- age   3:        680 bytes,      91464 total
- age   4:      78880 bytes,     170344 total
 19306K->12719K(24716K), 0.0009952 secs]
36.223: [GC
Desired survivor size 557056 bytes, new threshold 15 (max 15)
- age   1:      64464 bytes,      64464 total
- age   2:      33960 bytes,      98424 total
- age   3:       3000 bytes,     101424 total
- age   4:        680 bytes,     102104 total
- age   5:      78880 bytes,     180984 total
 19247K->12730K(24716K), 0.0007079 secs]
36.228: [GC
Desired survivor size 557056 bytes, new threshold 15 (max 15)
- age   1:     386328 bytes,     386328 total
- age   2:       7672 bytes,     394000 total
- age   3:      33960 bytes,     427960 total
- age   4:       3000 bytes,     430960 total
- age   5:        680 bytes,     431640 total
- age   6:      78880 bytes,     510520 total
 19240K->13054K(24716K), 0.0010006 secs]
36.232: [GC
Desired survivor size 557056 bytes, new threshold 15 (max 15)
- age   1:     118016 bytes,     118016 total
- age   2:     191248 bytes,     309264 total
- age   3:       7672 bytes,     316936 total
- age   4:      33960 bytes,     350896 total
- age   5:       3000 bytes,     353896 total
- age   6:        680 bytes,     354576 total
- age   7:      78880 bytes,     433456 total
 19556K->12979K(24716K), 0.0013109 secs]
36.238: [GC
Desired survivor size 557056 bytes, new threshold 3 (max 15)
- age   1:     465904 bytes,     465904 total
- age   2:      60176 bytes,     526080 total
- age   3:     191248 bytes,     717328 total
- age   4:       7672 bytes,     725000 total
- age   5:      33960 bytes,     758960 total
- age   6:       3000 bytes,     761960 total
- age   7:        680 bytes,     762640 total
- age   8:      78880 bytes,     841520 total
 19502K->13379K(24716K), 0.0012635 secs]
36.244: [GC
Desired survivor size 557056 bytes, new threshold 1 (max 15)
- age   1:     823080 bytes,     823080 total
- age   2:     194768 bytes,    1017848 total
- age   3:      60176 bytes,    1078024 total
 19881K->14155K(24716K), 0.0027402 secs]
36.252: [GC
Desired survivor size 557056 bytes, new threshold 15 (max 15)
- age   1:     314424 bytes,     314424 total
 20661K->14283K(24716K), 0.0018677 secs]
36.259: [GC
Desired survivor size 557056 bytes, new threshold 1 (max 15)
- age   1:     634000 bytes,     634000 total
 20777K->14595K(24716K), 0.0011044 secs]
36.264: [GC
Desired survivor size 557056 bytes, new threshold 15 (max 15)
- age   1:     116928 bytes,     116928 total
 21123K->14481K(24716K), 0.0010799 secs]
36.270: [GC
Desired survivor size 557056 bytes, new threshold 15 (max 15)
- age   1:     334640 bytes,     334640 total
- age   2:      50920 bytes,     385560 total
 20977K->14743K(24716K), 0.0008151 secs]
36.276: [GC
Desired survivor size 557056 bytes, new threshold 2 (max 15)
- age   1:     529232 bytes,     529232 total
- age   2:      77296 bytes,     606528 total
- age   3:      50920 bytes,     657448 total
 21262K->15008K(24716K), 0.0012243 secs]
36.281: [GC
Desired survivor size 557056 bytes, new threshold 1 (max 15)
- age   1:     762200 bytes,     762200 total
- age   2:     133528 bytes,     895728 total
 21528K->15291K(24716K), 0.0014837 secs]
36.287: [GC
Desired survivor size 557056 bytes, new threshold 15 (max 15)
- age   1:     112936 bytes,     112936 total
 21811K->15188K(24716K), 0.0012819 secs]
36.292: [GC
Desired survivor size 557056 bytes, new threshold 1 (max 15)
- age   1:     728072 bytes,     728072 total
- age   2:      41568 bytes,     769640 total
 21707K->15831K(24716K), 0.0012156 secs]
36.299: [GC
Desired survivor size 557056 bytes, new threshold 15 (max 15)
- age   1:     389320 bytes,     389320 total
 22357K->15846K(24716K), 0.0010884 secs]
36.305: [GC
Desired survivor size 557056 bytes, new threshold 1 (max 15)
- age   1:     699128 bytes,     699128 total
- age   2:     389288 bytes,    1088416 total
 22366K->16529K(24716K), 0.0014861 secs]
36.311: [GC
Desired survivor size 557056 bytes, new threshold 15 (max 15)
- age   1:     284208 bytes,     284208 total
 23038K->16577K(24716K), 0.0015816 secs]
36.318: [GC
Desired survivor size 557056 bytes, new threshold 15 (max 15)
- age   1:     446048 bytes,     446048 total
- age   2:       1984 bytes,     448032 total
 23091K->16737K(24716K), 0.0008435 secs]
36.323: [GC
Desired survivor size 557056 bytes, new threshold 15 (max 15)
- age   1:     181096 bytes,     181096 total
- age   2:     203520 bytes,     384616 total
- age   3:       1984 bytes,     386600 total
 23265K->16679K(24716K), 0.0009358 secs]
36.329: [GC
Desired survivor size 557056 bytes, new threshold 15 (max 15)
- age   1:     216696 bytes,     216696 total
- age   2:      37808 bytes,     254504 total
- age   3:     203520 bytes,     458024 total
- age   4:       1984 bytes,     460008 total
 23207K->16748K(24716K), 0.0009701 secs]
36.334: [GC
Desired survivor size 557056 bytes, new threshold 4 (max 15)
- age   1:     267576 bytes,     267576 total
- age   2:     177168 bytes,     444744 total
- age   3:      37768 bytes,     482512 total
- age   4:     203520 bytes,     686032 total
- age   5:       1984 bytes,     688016 total
 23270K->16972K(24716K), 0.0012072 secs]
36.340: [GC
Desired survivor size 557056 bytes, new threshold 15 (max 15)
- age   1:     115888 bytes,     115888 total
- age   2:     225216 bytes,     341104 total
- age   3:     119888 bytes,     460992 total
- age   4:      37768 bytes,     498760 total
 23482K->16994K(24716K), 0.0011645 secs]
36.345: [GC
Desired survivor size 557056 bytes, new threshold 15 (max 15)
- age   1:     185840 bytes,     185840 total
- age   2:       1984 bytes,     187824 total
- age   3:     225216 bytes,     413040 total
- age   4:       5296 bytes,     418336 total
- age   5:      37768 bytes,     456104 total
 23480K->16953K(24716K), 0.0010867 secs]
36.351: [GC
Desired survivor size 557056 bytes, new threshold 15 (max 15)
- age   1:     135512 bytes,     135512 total
- age   2:     105376 bytes,     240888 total
- age   3:       1984 bytes,     242872 total
- age   4:     225216 bytes,     468088 total
- age   5:       3040 bytes,     471128 total
- age   6:      37768 bytes,     508896 total
 23477K->17003K(24716K), 0.0009959 secs]
36.356: [GC
Desired survivor size 557056 bytes, new threshold 15 (max 15)
- age   1:      61984 bytes,      61984 total
- age   2:      17928 bytes,      79912 total
- age   3:     105376 bytes,     185288 total
- age   4:       1984 bytes,     187272 total
- age   5:     225216 bytes,     412488 total
- age   6:       3040 bytes,     415528 total
- age   7:      37768 bytes,     453296 total
 23527K->16952K(24716K), 0.0009876 secs]
36.362: [GC
Desired survivor size 557056 bytes, new threshold 15 (max 15)
- age   1:      75624 bytes,      75624 total
- age   2:      32992 bytes,     108616 total
- age   3:      17928 bytes,     126544 total
- age   4:     105376 bytes,     231920 total
- age   5:       1984 bytes,     233904 total
- age   6:     225216 bytes,     459120 total
- age   7:       3040 bytes,     462160 total
 23468K->16957K(24716K), 0.0009653 secs]
36.368: [GC
Desired survivor size 557056 bytes, new threshold 7 (max 15)
- age   1:     247200 bytes,     247200 total
- age   2:      35432 bytes,     282632 total
- age   3:      32992 bytes,     315624 total
- age   4:      17928 bytes,     333552 total
- age   5:     105376 bytes,     438928 total
- age   6:       1984 bytes,     440912 total
- age   7:     225216 bytes,     666128 total
- age   8:       3040 bytes,     669168 total
 23451K->17161K(24716K), 0.0011715 secs]
36.374: [GC
Desired survivor size 557056 bytes, new threshold 15 (max 15)
- age   1:     171544 bytes,     171544 total
- age   2:     154736 bytes,     326280 total
- age   3:      35432 bytes,     361712 total
- age   4:      32992 bytes,     394704 total
- age   5:      17928 bytes,     412632 total
- age   6:     105376 bytes,     518008 total
- age   7:       1984 bytes,     519992 total
 23678K->17246K(24716K), 0.0013206 secs]
36.379: [GC
Desired survivor size 557056 bytes, new threshold 2 (max 15)
- age   1:     543408 bytes,     543408 total
- age   2:     138336 bytes,     681744 total
- age   3:     154736 bytes,     836480 total
- age   4:      35432 bytes,     871912 total
- age   5:      32992 bytes,     904904 total
- age   6:      17928 bytes,     922832 total
- age   7:     105376 bytes,    1028208 total
- age   8:       1984 bytes,    1030192 total
 23773K->17749K(24716K), 0.0015556 secs]
36.385: [GC
Desired survivor size 557056 bytes, new threshold 15 (max 15)
- age   1:     223480 bytes,     223480 total
- age   2:     311800 bytes,     535280 total
 24274K->17745K(24908K), 0.0014265 secs]
36.387: [Full GC 17745K->8958K(24908K), 0.0712643 secs]
36.464: [GC
Desired survivor size 557056 bytes, new threshold 15 (max 15)
- age   1:     432328 bytes,     432328 total
 15470K->9384K(24716K), 0.0009339 secs]
36.470: [GC
Desired survivor size 557056 bytes, new threshold 1 (max 15)
- age   1:     579320 bytes,     579320 total
- age   2:     288000 bytes,     867320 total
 15908K->9808K(24716K), 0.0029235 secs]
36.477: [GC
Desired survivor size 557056 bytes, new threshold 15 (max 15)
- age   1:     227824 bytes,     227824 total
 16332K->9683K(24716K), 0.0010631 secs]
36.483: [GC
Desired survivor size 557056 bytes, new threshold 15 (max 15)
- age   1:     325728 bytes,     325728 total
- age   2:     195048 bytes,     520776 total
 16173K->9969K(24716K), 0.0009283 secs]
36.488: [GC
Desired survivor size 557056 bytes, new threshold 3 (max 15)
- age   1:     172216 bytes,     172216 total
- age   2:     288696 bytes,     460912 total
- age   3:     195048 bytes,     655960 total
 16492K->10100K(24716K), 0.0013105 secs]
36.494: [GC
Desired survivor size 557056 bytes, new threshold 3 (max 15)
- age   1:     374648 bytes,     374648 total
- age   2:     172216 bytes,     546864 total
- age   3:     288696 bytes,     835560 total
 16588K->10360K(24716K), 0.0013668 secs]
36.502: [GC
Desired survivor size 557056 bytes, new threshold 15 (max 15)
- age   1:     174768 bytes,     174768 total
- age   2:     184680 bytes,     359448 total
- age   3:     125296 bytes,     484744 total
 16855K->10300K(24716K), 0.0010215 secs]
36.507: [GC
Desired survivor size 557056 bytes, new threshold 4 (max 15)
- age   1:     252200 bytes,     252200 total
- age   2:     101632 bytes,     353832 total
- age   3:     184680 bytes,     538512 total
- age   4:     125296 bytes,     663808 total
 16795K->10475K(24716K), 0.0011270 secs]
36.512: [GC
Desired survivor size 557056 bytes, new threshold 4 (max 15)
- age   1:     264480 bytes,     264480 total
- age   2:     117256 bytes,     381736 total
- age   4:     184680 bytes,     566416 total
 16968K->10502K(24716K), 0.0010977 secs]
36.517: [GC
Desired survivor size 557056 bytes, new threshold 15 (max 15)
- age   1:     132656 bytes,     132656 total
- age   2:     118664 bytes,     251320 total
- age   3:     117256 bytes,     368576 total
 17003K->10489K(24716K), 0.0010424 secs]
36.522: [GC
Desired survivor size 557056 bytes, new threshold 4 (max 15)
- age   1:     336456 bytes,     336456 total
- age   2:      94400 bytes,     430856 total
- age   3:     118664 bytes,     549520 total
- age   4:     117256 bytes,     666776 total
 17000K->10778K(24716K), 0.0019823 secs]
36.528: [GC
Desired survivor size 557056 bytes, new threshold 2 (max 15)
- age   1:     434800 bytes,     434800 total
- age   2:     320816 bytes,     755616 total
- age   3:      94400 bytes,     850016 total
- age   4:     118664 bytes,     968680 total
 17297K->11189K(24716K), 0.0014798 secs]
36.534: [GC
Desired survivor size 557056 bytes, new threshold 2 (max 15)
- age   1:     519080 bytes,     519080 total
- age   2:     375648 bytes,     894728 total
 17714K->11541K(24716K), 0.0017296 secs]
36.540: [GC
Desired survivor size 557056 bytes, new threshold 2 (max 15)
- age   1:     401520 bytes,     401520 total
- age   2:     466024 bytes,     867544 total
 18067K->11860K(24716K), 0.0015312 secs]
36.547: [GC
Desired survivor size 557056 bytes, new threshold 2 (max 15)
- age   1:     363848 bytes,     363848 total
- age   2:     354000 bytes,     717848 total
 18345K->12169K(24716K), 0.0018139 secs]
36.554: [GC
Desired survivor size 557056 bytes, new threshold 2 (max 15)
- age   1:     257872 bytes,     257872 total
- age   2:     312064 bytes,     569936 total
 18671K->12218K(24716K), 0.0013789 secs]
36.560: [GC
Desired survivor size 557056 bytes, new threshold 15 (max 15)
- age   1:     114816 bytes,     114816 total
- age   2:     230944 bytes,     345760 total
 18741K->12304K(24716K), 0.0012786 secs]
36.566: [GC
Desired survivor size 557056 bytes, new threshold 15 (max 15)
- age   1:     286472 bytes,     286472 total
- age   2:      31024 bytes,     317496 total
- age   3:     106648 bytes,     424144 total
 18828K->12380K(24716K), 0.0012985 secs]
36.571: [GC
Desired survivor size 557056 bytes, new threshold 2 (max 15)
- age   1:     492176 bytes,     492176 total
- age   2:     119160 bytes,     611336 total
- age   3:      31024 bytes,     642360 total
- age   4:     106648 bytes,     749008 total
 18881K->12698K(24716K), 0.0011468 secs]
36.576: [GC
Desired survivor size 557056 bytes, new threshold 15 (max 15)
- age   1:     115360 bytes,     115360 total
- age   2:     243768 bytes,     359128 total
 19226K->12584K(24716K), 0.0013031 secs]
36.582: [GC
Desired survivor size 557056 bytes, new threshold 2 (max 15)
- age   1:     542992 bytes,     542992 total
- age   2:      55176 bytes,     598168 total
- age   3:     243768 bytes,     841936 total
 19076K->13055K(24716K), 0.0012040 secs]
36.587: [GC
Desired survivor size 557056 bytes, new threshold 1 (max 15)
- age   1:     881440 bytes,     881440 total
- age   2:     175960 bytes,    1057400 total
 19553K->13707K(24716K), 0.0017339 secs]
36.597: [GC
Desired survivor size 557056 bytes, new threshold 15 (max 15)
- age   1:     467192 bytes,     467192 total
 20189K->13938K(24716K), 0.0026930 secs]
36.605: [GC
Desired survivor size 557056 bytes, new threshold 2 (max 15)
- age   1:     219312 bytes,     219312 total
- age   2:     467192 bytes,     686504 total
 20466K->14152K(24716K), 0.0010483 secs]
36.610: [GC
Desired survivor size 557056 bytes, new threshold 15 (max 15)
- age   1:     200784 bytes,     200784 total
- age   2:      64488 bytes,     265272 total
 20677K->14122K(24716K), 0.0010747 secs]
36.615: [GC
Desired survivor size 557056 bytes, new threshold 1 (max 15)
- age   1:     765760 bytes,     765760 total
- age   2:     122064 bytes,     887824 total
- age   3:      64488 bytes,     952312 total
 20629K->14793K(24716K), 0.0014945 secs]
36.622: [GC
Desired survivor size 557056 bytes, new threshold 15 (max 15)
- age   1:     107304 bytes,     107304 total
 21302K->14673K(24716K), 0.0014536 secs]
36.628: [GC
Desired survivor size 557056 bytes, new threshold 15 (max 15)
- age   1:     148448 bytes,     148448 total
- age   2:      42008 bytes,     190456 total
 21145K->14756K(24716K), 0.0008599 secs]
36.634: [GC
Desired survivor size 557056 bytes, new threshold 2 (max 15)
- age   1:     534120 bytes,     534120 total
- age   2:      66920 bytes,     601040 total
- age   3:      42008 bytes,     643048 total
 21277K->15198K(24716K), 0.0010752 secs]
36.639: [GC
Desired survivor size 557056 bytes, new threshold 15 (max 15)
- age   1:     215952 bytes,     215952 total
- age   2:     315528 bytes,     531480 total
 21701K->15196K(24716K), 0.0013848 secs]
36.644: [GC
Desired survivor size 557056 bytes, new threshold 1 (max 15)
- age   1:     557328 bytes,     557328 total
- age   2:      47632 bytes,     604960 total
- age   3:     315528 bytes,     920488 total
 21666K->15575K(24716K), 0.0012679 secs]
36.651: [GC
Desired survivor size 557056 bytes, new threshold 15 (max 15)
- age   1:     151280 bytes,     151280 total
 22020K->15416K(24716K), 0.0011365 secs]
36.656: [GC
Desired survivor size 557056 bytes, new threshold 15 (max 15)
- age   1:     402040 bytes,     402040 total
- age   2:      86288 bytes,     488328 total
 21931K->15745K(24716K), 0.0010699 secs]
36.661: [GC
Desired survivor size 557056 bytes, new threshold 15 (max 15)
- age   1:     320968 bytes,     320968 total
- age   2:     127272 bytes,     448240 total
- age   3:      86288 bytes,     534528 total
 22233K->15790K(24716K), 0.0012422 secs]
36.667: [GC
Desired survivor size 557056 bytes, new threshold 3 (max 15)
- age   1:     388504 bytes,     388504 total
- age   2:     107568 bytes,     496072 total
- age   3:     127272 bytes,     623344 total
- age   4:      86288 bytes,     709632 total
 22272K->15961K(24716K), 0.0014782 secs]
36.673: [GC
Desired survivor size 557056 bytes, new threshold 15 (max 15)
- age   1:     170088 bytes,     170088 total
- age   2:     331712 bytes,     501800 total
- age   3:      53328 bytes,     555128 total
 22446K->16034K(24716K), 0.0015653 secs]
36.680: [GC
Desired survivor size 557056 bytes, new threshold 3 (max 15)
- age   1:     270016 bytes,     270016 total
- age   2:     111768 bytes,     381784 total
- age   3:     331712 bytes,     713496 total
- age   4:      53328 bytes,     766824 total
 22553K->16241K(24716K), 0.0009781 secs]
36.686: [GC
Desired survivor size 557056 bytes, new threshold 2 (max 15)
- age   1:     473832 bytes,     473832 total
- age   2:     214832 bytes,     688664 total
 22709K->16472K(24716K), 0.0011816 secs]
36.691: [GC
Desired survivor size 557056 bytes, new threshold 1 (max 15)
- age   1:     707672 bytes,     707672 total
- age   2:     345336 bytes,    1053008 total
 22986K->16984K(24716K), 0.0015162 secs]
36.697: [GC
Desired survivor size 557056 bytes, new threshold 1 (max 15)
- age   1:     727880 bytes,     727880 total
 23488K->17419K(24716K), 0.0025491 secs]
36.705: [GC
Desired survivor size 557056 bytes, new threshold 15 (max 15)
- age   1:     408424 bytes,     408424 total
 23912K->17471K(24716K), 0.0012439 secs]
36.711: [GC
Desired survivor size 557056 bytes, new threshold 2 (max 15)
- age   1:     407632 bytes,     407632 total
- age   2:     204120 bytes,     611752 total
 23953K->17670K(24716K), 0.0009940 secs]
36.716: [GC
Desired survivor size 557056 bytes, new threshold 2 (max 15)
- age   1:     485624 bytes,     485624 total
- age   2:     346976 bytes,     832600 total
 24154K->18085K(24908K), 0.0016237 secs]
36.718: [Full GC 18085K->9206K(24908K), 0.0711941 secs]
36.795: [GC
Desired survivor size 557056 bytes, new threshold 1 (max 15)
- age   1:     936672 bytes,     936672 total
 15705K->10124K(24716K), 0.0012385 secs]
36.802: [GC
Desired survivor size 557056 bytes, new threshold 1 (max 15)
- age   1:     734120 bytes,     734120 total
 16652K->10559K(24716K), 0.0013552 secs]
36.808: [GC
Desired survivor size 557056 bytes, new threshold 15 (max 15)
- age   1:     186488 bytes,     186488 total
 17082K->10610K(24716K), 0.0011030 secs]
36.814: [GC
Desired survivor size 557056 bytes, new threshold 15 (max 15)
- age   1:     406144 bytes,     406144 total
- age   2:     141288 bytes,     547432 total
 17108K->10962K(24716K), 0.0009212 secs]
36.820: [GC
Desired survivor size 557056 bytes, new threshold 2 (max 15)
- age   1:     274480 bytes,     274480 total
- age   2:     284912 bytes,     559392 total
- age   3:     141288 bytes,     700680 total
 17471K->11112K(24716K), 0.0011039 secs]
36.827: [GC
Desired survivor size 557056 bytes, new threshold 1 (max 15)
- age   1:     645696 bytes,     645696 total
- age   2:     118208 bytes,     763904 total
 17638K->11598K(24716K), 0.0013004 secs]
36.834: [GC
Desired survivor size 557056 bytes, new threshold 15 (max 15)
- age   1:     156336 bytes,     156336 total
 18092K->11502K(24716K), 0.0010094 secs]
36.839: [GC
Desired survivor size 557056 bytes, new threshold 15 (max 15)
- age   1:     114520 bytes,     114520 total
- age   2:      52192 bytes,     166712 total
 18030K->11512K(24716K), 0.0007844 secs]
36.844: [GC
Desired survivor size 557056 bytes, new threshold 15 (max 15)
- age   1:     265216 bytes,     265216 total
- age   2:      60280 bytes,     325496 total
- age   3:      52192 bytes,     377688 total
 18016K->11720K(24716K), 0.0009212 secs]
36.849: [GC
Desired survivor size 557056 bytes, new threshold 2 (max 15)
- age   1:     449880 bytes,     449880 total
- age   2:     193840 bytes,     643720 total
- age   3:      60280 bytes,     704000 total
- age   4:      52192 bytes,     756192 total
 18209K->12090K(24716K), 0.0010841 secs]
36.855: [GC
Desired survivor size 557056 bytes, new threshold 15 (max 15)
- age   1:     218776 bytes,     218776 total
- age   2:     119696 bytes,     338472 total
 18545K->11979K(24716K), 0.0013201 secs]
36.861: [GC
Desired survivor size 557056 bytes, new threshold 15 (max 15)
- age   1:     210720 bytes,     210720 total
- age   3:     119696 bytes,     330416 total
 18471K->11973K(24716K), 0.0010038 secs]
36.866: [GC
Desired survivor size 557056 bytes, new threshold 2 (max 15)
- age   1:     459552 bytes,     459552 total
- age   2:     132728 bytes,     592280 total
- age   4:     119696 bytes,     711976 total
 18465K->12346K(24716K), 0.0010363 secs]
36.874: [GC
Desired survivor size 557056 bytes, new threshold 15 (max 15)
- age   1:     239392 bytes,     239392 total
- age   2:     121112 bytes,     360504 total
 18752K->12257K(24716K), 0.0012850 secs]
36.880: [GC
Desired survivor size 557056 bytes, new threshold 1 (max 15)
- age   1:     643736 bytes,     643736 total
- age   2:     106080 bytes,     749816 total
- age   3:     121112 bytes,     870928 total
 18742K->12755K(24716K), 0.0011143 secs]
36.885: [GC
Desired survivor size 557056 bytes, new threshold 15 (max 15)
- age   1:     229880 bytes,     229880 total
 19228K->12620K(24716K), 0.0011629 secs]
36.892: [GC
Desired survivor size 557056 bytes, new threshold 15 (max 15)
- age   1:     255424 bytes,     255424 total
- age   2:     165248 bytes,     420672 total
 19070K->12808K(24716K), 0.0009001 secs]
36.898: [GC
Desired survivor size 557056 bytes, new threshold 3 (max 15)
- age   1:     394736 bytes,     394736 total
- age   3:     165248 bytes,     559984 total
 19297K->12944K(24716K), 0.0009056 secs]
36.904: [GC
Desired survivor size 557056 bytes, new threshold 15 (max 15)
- age   1:     331168 bytes,     331168 total
- age   2:      66776 bytes,     397944 total
 19444K->12948K(24716K), 0.0009557 secs]
36.909: [GC
Desired survivor size 557056 bytes, new threshold 2 (max 15)
- age   1:     528160 bytes,     528160 total
- age   2:     135696 bytes,     663856 total
- age   3:      66776 bytes,     730632 total
 19433K->13272K(24716K), 0.0011481 secs]
36.914: [GC
Desired survivor size 557056 bytes, new threshold 15 (max 15)
- age   1:     250344 bytes,     250344 total
- age   2:     284944 bytes,     535288 total
 19779K->13279K(24716K), 0.0011797 secs]
36.919: [GC
Desired survivor size 557056 bytes, new threshold 15 (max 15)
- age   1:     271040 bytes,     271040 total
- age   2:      59144 bytes,     330184 total
- age   3:     111768 bytes,     441952 total
 19794K->13188K(24716K), 0.0008583 secs]
36.924: [GC
Desired survivor size 557056 bytes, new threshold 4 (max 15)
- age   1:     411424 bytes,     411424 total
- age   2:     119208 bytes,     530632 total
- age   4:     111768 bytes,     642400 total
 19708K->13384K(24716K), 0.0012471 secs]
36.929: [GC
Desired survivor size 557056 bytes, new threshold 15 (max 15)
- age   1:     142048 bytes,     142048 total
- age   2:     195792 bytes,     337840 total
- age   3:     119208 bytes,     457048 total
 19808K->13312K(24716K), 0.0015483 secs]
36.937: [GC
Desired survivor size 557056 bytes, new threshold 3 (max 15)
- age   1:     429376 bytes,     429376 total
- age   2:      78720 bytes,     508096 total
- age   3:     129816 bytes,     637912 total
- age   4:     119208 bytes,     757120 total
 19798K->13605K(24716K), 0.0009960 secs]
36.942: [GC
Desired survivor size 557056 bytes, new threshold 2 (max 15)
- age   1:     346000 bytes,     346000 total
- age   2:     231904 bytes,     577904 total
- age   3:      78720 bytes,     656624 total
 20091K->13750K(24716K), 0.0014329 secs]
36.949: [GC
Desired survivor size 557056 bytes, new threshold 15 (max 15)
- age   1:     291128 bytes,     291128 total
- age   2:     230640 bytes,     521768 total
 20241K->13930K(24716K), 0.0010977 secs]
36.955: [GC
Desired survivor size 557056 bytes, new threshold 1 (max 15)
- age   1:     577376 bytes,     577376 total
- age   2:     182000 bytes,     759376 total
- age   3:     230640 bytes,     990016 total
 20439K->14387K(24716K), 0.0012924 secs]
36.962: [GC
Desired survivor size 557056 bytes, new threshold 15 (max 15)
- age   1:     114176 bytes,     114176 total
 20914K->14158K(24716K), 0.0012434 secs]
36.969: [GC
Desired survivor size 557056 bytes, new threshold 1 (max 15)
- age   1:     699160 bytes,     699160 total
- age   2:      53168 bytes,     752328 total
 20684K->14780K(24716K), 0.0012159 secs]
36.974: [GC
Desired survivor size 557056 bytes, new threshold 15 (max 15)
- age   1:     228008 bytes,     228008 total
 21258K->14617K(24716K), 0.0012493 secs]
36.980: [GC
Desired survivor size 557056 bytes, new threshold 15 (max 15)
- age   1:     134368 bytes,     134368 total
- age   2:     161600 bytes,     295968 total
 21093K->14684K(24716K), 0.0007990 secs]
36.984: [GC
Desired survivor size 557056 bytes, new threshold 3 (max 15)
- age   1:     392464 bytes,     392464 total
- age   2:      67880 bytes,     460344 total
- age   3:     161600 bytes,     621944 total
 21094K->15002K(24716K), 0.0009845 secs]
36.991: [GC
Desired survivor size 557056 bytes, new threshold 1 (max 15)
- age   1:     738616 bytes,     738616 total
- age   2:     123936 bytes,     862552 total
 21498K->15395K(24716K), 0.0012510 secs]
36.997: [GC
Desired survivor size 557056 bytes, new threshold 15 (max 15)
- age   1:     233752 bytes,     233752 total
 21882K->15400K(24716K), 0.0011676 secs]
37.002: [GC
Desired survivor size 557056 bytes, new threshold 15 (max 15)
- age   1:     288216 bytes,     288216 total
- age   2:     163840 bytes,     452056 total
 21891K->15613K(24716K), 0.0008791 secs]
37.007: [GC
Desired survivor size 557056 bytes, new threshold 15 (max 15)
- age   1:     204112 bytes,     204112 total
- age   2:     145048 bytes,     349160 total
 22136K->15513K(24716K), 0.0009530 secs]
37.012: [GC
Desired survivor size 557056 bytes, new threshold 2 (max 15)
- age   1:     535736 bytes,     535736 total
- age   2:     147304 bytes,     683040 total
- age   3:     145048 bytes,     828088 total
 22021K->15980K(24716K), 0.0012018 secs]
37.017: [GC
Desired survivor size 557056 bytes, new threshold 2 (max 15)
- age   1:     422272 bytes,     422272 total
- age   2:     176792 bytes,     599064 total
 22482K->16042K(24716K), 0.0012499 secs]
37.024: [GC
Desired survivor size 557056 bytes, new threshold 2 (max 15)
- age   1:     516936 bytes,     516936 total
- age   2:     162448 bytes,     679384 total
 22570K->16293K(24716K), 0.0012048 secs]
37.030: [GC
Desired survivor size 557056 bytes, new threshold 2 (max 15)
- age   1:     516120 bytes,     516120 total
- age   2:     205208 bytes,     721328 total
 22804K->16491K(24716K), 0.0015685 secs]
37.036: [GC
Desired survivor size 557056 bytes, new threshold 2 (max 15)
- age   1:     452688 bytes,     452688 total
- age   2:     223368 bytes,     676056 total
 23012K->16590K(24716K), 0.0011648 secs]
37.042: [GC
Desired survivor size 557056 bytes, new threshold 15 (max 15)
- age   1:     153208 bytes,     153208 total
- age   2:      69056 bytes,     222264 total
 23076K->16365K(24716K), 0.0009654 secs]
37.049: [GC
Desired survivor size 557056 bytes, new threshold 1 (max 15)
- age   1:     566920 bytes,     566920 total
- age   2:      66904 bytes,     633824 total
 22769K->16767K(24716K), 0.0011001 secs]
37.057: [GC
Desired survivor size 557056 bytes, new threshold 15 (max 15)
- age   1:     331528 bytes,     331528 total
 23269K->16767K(24716K), 0.0016834 secs]
37.066: [GC
Desired survivor size 557056 bytes, new threshold 2 (max 15)
- age   1:     301896 bytes,     301896 total
- age   2:     262728 bytes,     564624 total
 23231K->16994K(24716K), 0.0009806 secs]
37.075: [GC
Desired survivor size 557056 bytes, new threshold 1 (max 15)
- age   1:     742424 bytes,     742424 total
- age   2:     301064 bytes,    1043488 total
 23513K->17659K(24716K), 0.0014517 secs]
37.082: [GC
Desired survivor size 557056 bytes, new threshold 15 (max 15)
- age   1:     187400 bytes,     187400 total
 24187K->17610K(25100K), 0.0013801 secs]
37.083: [Full GC 17610K->8488K(25100K), 0.0783730 secs]
37.167: [GC
Desired survivor size 557056 bytes, new threshold 15 (max 15)
- age   1:     331256 bytes,     331256 total
 14999K->8813K(24716K), 0.0007658 secs]
37.172: [GC
Desired survivor size 557056 bytes, new threshold 15 (max 15)
- age   1:     122192 bytes,     122192 total
- age   2:     276184 bytes,     398376 total
 15326K->8881K(24716K), 0.0010401 secs]
37.177: [GC
Desired survivor size 557056 bytes, new threshold 3 (max 15)
- age   1:     295880 bytes,     295880 total
- age   2:      64992 bytes,     360872 total
- age   3:     276184 bytes,     637056 total
 15370K->9114K(24716K), 0.0011456 secs]
37.183: [GC
Desired survivor size 557056 bytes, new threshold 15 (max 15)
- age   1:      89488 bytes,      89488 total
- age   2:     215984 bytes,     305472 total
- age   3:      64952 bytes,     370424 total
 15561K->9130K(24716K), 0.0010800 secs]
37.189: [GC
Desired survivor size 557056 bytes, new threshold 15 (max 15)
- age   1:     115680 bytes,     115680 total
- age   2:       5128 bytes,     120808 total
- age   3:     215984 bytes,     336792 total
- age   4:      64952 bytes,     401744 total
 15658K->9159K(24716K), 0.0010473 secs]
37.194: [GC
Desired survivor size 557056 bytes, new threshold 2 (max 15)
- age   1:     477776 bytes,     477776 total
- age   2:      91064 bytes,     568840 total
- age   3:       5288 bytes,     574128 total
- age   4:     215984 bytes,     790112 total
- age   5:      64952 bytes,     855064 total
 15651K->9601K(24716K), 0.0011763 secs]
37.200: [GC
Desired survivor size 557056 bytes, new threshold 2 (max 15)
- age   1:     322792 bytes,     322792 total
- age   2:     286616 bytes,     609408 total
 16127K->9736K(24716K), 0.0011306 secs]
37.206: [GC
Desired survivor size 557056 bytes, new threshold 15 (max 15)
- age   1:     523488 bytes,     523488 total
- age   2:      18112 bytes,     541600 total
 16246K->9942K(24716K), 0.0010571 secs]
37.212: [GC
Desired survivor size 557056 bytes, new threshold 1 (max 15)
- age   1:     662656 bytes,     662656 total
- age   2:     376720 bytes,    1039376 total
- age   3:      18112 bytes,    1057488 total
 16464K->10576K(24716K), 0.0014687 secs]
37.217: [GC
Desired survivor size 557056 bytes, new threshold 15 (max 15)
- age   1:     218128 bytes,     218128 total
 17095K->10638K(24716K), 0.0014993 secs]
37.223: [GC
Desired survivor size 557056 bytes, new threshold 15 (max 15)
- age   1:     219680 bytes,     219680 total
- age   2:     150160 bytes,     369840 total
 17043K->10786K(24716K), 0.0008442 secs]
37.228: [GC
Desired survivor size 557056 bytes, new threshold 15 (max 15)
- age   1:     300864 bytes,     300864 total
- age   2:     151088 bytes,     451952 total
- age   3:      66344 bytes,     518296 total
 17257K->10931K(24716K), 0.0011001 secs]
37.233: [GC
Desired survivor size 557056 bytes, new threshold 2 (max 15)
- age   1:     349824 bytes,     349824 total
- age   2:     229400 bytes,     579224 total
- age   3:     151088 bytes,     730312 total
- age   4:      66344 bytes,     796656 total
 17437K->11203K(24716K), 0.0015085 secs]
37.240: [GC
Desired survivor size 557056 bytes, new threshold 1 (max 15)
- age   1:     589992 bytes,     589992 total
- age   2:     204576 bytes,     794568 total
 17679K->11637K(24716K), 0.0014014 secs]
37.247: [GC
Desired survivor size 557056 bytes, new threshold 15 (max 15)
- age   1:     423096 bytes,     423096 total
 18123K->11851K(24716K), 0.0021513 secs]
37.253: [GC
Desired survivor size 557056 bytes, new threshold 2 (max 15)
- age   1:     552208 bytes,     552208 total
- age   2:     194888 bytes,     747096 total
 18333K->12168K(24716K), 0.0021266 secs]
37.259: [GC
Desired survivor size 557056 bytes, new threshold 2 (max 15)
- age   1:      88624 bytes,      88624 total
- age   2:     526896 bytes,     615520 total
 18688K->12229K(24716K), 0.0014699 secs]
37.264: [GC
Desired survivor size 557056 bytes, new threshold 15 (max 15)
- age   1:     413456 bytes,     413456 total
- age   2:      65072 bytes,     478528 total
 18740K->12608K(24716K), 0.0015903 secs]
37.270: [GC
Desired survivor size 557056 bytes, new threshold 2 (max 15)
- age   1:     499880 bytes,     499880 total
- age   2:     334488 bytes,     834368 total
- age   3:      65072 bytes,     899440 total
 19129K->13020K(24716K), 0.0012808 secs]
37.275: [GC
Desired survivor size 557056 bytes, new threshold 2 (max 15)
- age   1:     261960 bytes,     261960 total
- age   2:     415592 bytes,     677552 total
 19529K->13194K(24716K), 0.0015169 secs]
37.281: [GC
Desired survivor size 557056 bytes, new threshold 2 (max 15)
- age   1:     387800 bytes,     387800 total
- age   2:     201720 bytes,     589520 total
 19714K->13512K(24716K), 0.0014872 secs]
37.287: [GC
Desired survivor size 557056 bytes, new threshold 15 (max 15)
- age   1:     223752 bytes,     223752 total
- age   2:     263504 bytes,     487256 total
 20026K->13610K(24716K), 0.0011139 secs]
37.292: [GC
Desired survivor size 557056 bytes, new threshold 3 (max 15)
- age   1:     271648 bytes,     271648 total
- age   2:     155096 bytes,     426744 total
- age   3:     263504 bytes,     690248 total
 20138K->13807K(24716K), 0.0013040 secs]
37.298: [GC
Desired survivor size 557056 bytes, new threshold 3 (max 15)
- age   1:     325632 bytes,     325632 total
- age   2:     226632 bytes,     552264 total
- age   3:      78000 bytes,     630264 total
 20324K->13877K(24716K), 0.0012591 secs]
37.305: [GC
Desired survivor size 557056 bytes, new threshold 2 (max 15)
- age   1:     524704 bytes,     524704 total
- age   2:      77992 bytes,     602696 total
- age   3:     226632 bytes,     829328 total
 20363K->14152K(24716K), 0.0012807 secs]
37.311: [GC
Desired survivor size 557056 bytes, new threshold 2 (max 15)
- age   1:     379072 bytes,     379072 total
- age   2:     473784 bytes,     852856 total
 20645K->14475K(24716K), 0.0018262 secs]
37.317: [GC
Desired survivor size 557056 bytes, new threshold 2 (max 15)
- age   1:     392792 bytes,     392792 total
- age   2:     242000 bytes,     634792 total
 20974K->14725K(24716K), 0.0014774 secs]
37.323: [GC
Desired survivor size 557056 bytes, new threshold 15 (max 15)
- age   1:     215296 bytes,     215296 total
- age   2:     337624 bytes,     552920 total
 21216K->14881K(24716K), 0.0012171 secs]
37.328: [GC
Desired survivor size 557056 bytes, new threshold 2 (max 15)
- age   1:     405920 bytes,     405920 total
- age   2:     188672 bytes,     594592 total
- age   3:     168296 bytes,     762888 total
 21405K->15086K(24716K), 0.0014188 secs]
37.334: [GC
Desired survivor size 557056 bytes, new threshold 15 (max 15)
- age   1:     179664 bytes,     179664 total
- age   2:     294304 bytes,     473968 total
 21589K->15078K(24716K), 0.0011836 secs]
37.339: [GC
Desired survivor size 557056 bytes, new threshold 2 (max 15)
- age   1:     495992 bytes,     495992 total
- age   2:     145608 bytes,     641600 total
- age   3:     294304 bytes,     935904 total
 21530K->15529K(24716K), 0.0014193 secs]
37.345: [GC
Desired survivor size 557056 bytes, new threshold 15 (max 15)
- age   1:     150224 bytes,     150224 total
- age   2:     355712 bytes,     505936 total
 22042K->15539K(24716K), 0.0014391 secs]
37.351: [GC
Desired survivor size 557056 bytes, new threshold 3 (max 15)
- age   1:     315456 bytes,     315456 total
- age   2:      77680 bytes,     393136 total
- age   3:     355712 bytes,     748848 total
 22010K->15776K(24716K), 0.0012277 secs]
37.356: [GC
Desired survivor size 557056 bytes, new threshold 2 (max 15)
- age   1:     410272 bytes,     410272 total
- age   2:     154952 bytes,     565224 total
- age   3:      77680 bytes,     642904 total
 22227K->16020K(24716K), 0.0014092 secs]
37.362: [GC
Desired survivor size 557056 bytes, new threshold 2 (max 15)
- age   1:     460600 bytes,     460600 total
- age   2:     245016 bytes,     705616 total
 22483K->16308K(24716K), 0.0013082 secs]
37.367: [GC
Desired survivor size 557056 bytes, new threshold 15 (max 15)
- age   1:     157672 bytes,     157672 total
- age   2:      68560 bytes,     226232 total
 22832K->16077K(24716K), 0.0009847 secs]
37.372: [GC
Desired survivor size 557056 bytes, new threshold 1 (max 15)
- age   1:     796704 bytes,     796704 total
- age   2:      84640 bytes,     881344 total
- age   3:      68560 bytes,     949904 total
 22540K->16786K(24716K), 0.0013099 secs]
37.379: [GC
Desired survivor size 557056 bytes, new threshold 1 (max 15)
- age   1:     704920 bytes,     704920 total
 23247K->17159K(24716K), 0.0014224 secs]
37.386: [GC
Desired survivor size 557056 bytes, new threshold 15 (max 15)
- age   1:     336776 bytes,     336776 total
 23639K->17092K(24716K), 0.0009578 secs]
37.390: [GC
Desired survivor size 557056 bytes, new threshold 15 (max 15)
- age   1:     157344 bytes,     157344 total
- age   2:     258888 bytes,     416232 total
 23581K->17169K(24716K), 0.0010148 secs]
37.397: [GC
Desired survivor size 557056 bytes, new threshold 15 (max 15)
- age   1:      81624 bytes,      81624 total
- age   2:      78272 bytes,     159896 total
 23620K->16916K(24716K), 0.0013266 secs]
37.405: [GC
Desired survivor size 557056 bytes, new threshold 3 (max 15)
- age   1:     479392 bytes,     479392 total
- age   2:         32 bytes,     479424 total
- age   3:      78272 bytes,     557696 total
 23411K->17307K(24716K), 0.0012698 secs]
37.412: [GC
Desired survivor size 557056 bytes, new threshold 15 (max 15)
- age   1:      88448 bytes,      88448 total
- age   2:     240808 bytes,     329256 total
- age   3:         32 bytes,     329288 total
 23835K->17159K(24716K), 0.0008519 secs]
37.416: [GC
Desired survivor size 557056 bytes, new threshold 15 (max 15)
- age   1:     164816 bytes,     164816 total
- age   2:       7608 bytes,     172424 total
- age   3:      79240 bytes,     251664 total
 23608K->17086K(24716K), 0.0007932 secs]
37.421: [GC
Desired survivor size 557056 bytes, new threshold 15 (max 15)
- age   1:     337968 bytes,     337968 total
- age   2:      82456 bytes,     420424 total
- age   3:       7608 bytes,     428032 total
- age   4:      79240 bytes,     507272 total
 23559K->17341K(24716K), 0.0010105 secs]
37.427: [GC
Desired survivor size 557056 bytes, new threshold 1 (max 15)
- age   1:     728320 bytes,     728320 total
- age   2:     169128 bytes,     897448 total
- age   3:      82456 bytes,     979904 total
- age   4:       7608 bytes,     987512 total
- age   5:      79240 bytes,    1066752 total
 23838K->17966K(24716K), 0.0014751 secs]
37.433: [GC
Desired survivor size 557056 bytes, new threshold 15 (max 15)
- age   1:     417544 bytes,     417544 total
 24421K->18049K(25292K), 0.0018737 secs]
37.435: [Full GC 18049K->8992K(25292K), 0.0762469 secs]
37.517: [GC
Desired survivor size 557056 bytes, new threshold 15 (max 15)
- age   1:     422200 bytes,     422200 total
 15513K->9406K(24716K), 0.0012857 secs]
37.524: [GC
Desired survivor size 557056 bytes, new threshold 15 (max 15)
- age   1:      86448 bytes,      86448 total
- age   2:     422112 bytes,     508560 total
 15854K->9490K(24716K), 0.0020023 secs]
37.534: [GC
Desired survivor size 557056 bytes, new threshold 15 (max 15)
- age   1:      68416 bytes,      68416 total
- age   3:     422112 bytes,     490528 total
 16012K->9474K(24716K), 0.0012590 secs]
37.545: [GC
Desired survivor size 557056 bytes, new threshold 4 (max 15)
- age   1:     377000 bytes,     377000 total
- age   2:      30584 bytes,     407584 total
- age   4:     422112 bytes,     829696 total
 15927K->9803K(24716K), 0.0031351 secs]
37.556: [GC
Desired survivor size 557056 bytes, new threshold 3 (max 15)
- age   1:     379640 bytes,     379640 total
- age   2:     176440 bytes,     556080 total
- age   3:      30584 bytes,     586664 total
 16302K->9987K(24716K), 0.0015716 secs]
37.563: [GC
Desired survivor size 557056 bytes, new threshold 15 (max 15)
- age   1:     111656 bytes,     111656 total
- age   2:     242520 bytes,     354176 total
- age   3:     176440 bytes,     530616 total
 16504K->9977K(24716K), 0.0010880 secs]
37.569: [GC
Desired survivor size 557056 bytes, new threshold 15 (max 15)
- age   1:      89576 bytes,      89576 total
- age   2:      29960 bytes,     119536 total
- age   3:     242024 bytes,     361560 total
- age   4:     176440 bytes,     538000 total
 16471K->9982K(24716K), 0.0009466 secs]
37.574: [GC
Desired survivor size 557056 bytes, new threshold 15 (max 15)
- age   1:     126168 bytes,     126168 total
- age   2:       5304 bytes,     131472 total
- age   3:      29960 bytes,     161432 total
- age   4:     164376 bytes,     325808 total
- age   5:     176440 bytes,     502248 total
 16430K->9950K(24716K), 0.0012780 secs]
37.579: [GC
Desired survivor size 557056 bytes, new threshold 15 (max 15)
- age   1:     174728 bytes,     174728 total
- age   3:       3680 bytes,     178408 total
- age   4:      29960 bytes,     208368 total
- age   5:     164376 bytes,     372744 total
- age   6:     176440 bytes,     549184 total
 16445K->9999K(24716K), 0.0012578 secs]
37.662: [GC
Desired survivor size 557056 bytes, new threshold 7 (max 15)
- age   1:     261504 bytes,     261504 total
- age   2:      87688 bytes,     349192 total
- age   4:       3680 bytes,     352872 total
- age   5:      29960 bytes,     382832 total
- age   6:     164376 bytes,     547208 total
- age   7:     176440 bytes,     723648 total
 16456K->10163K(24716K), 0.0013553 secs]
37.667: [GC
Desired survivor size 557056 bytes, new threshold 7 (max 15)
- age   1:      77032 bytes,      77032 total
- age   2:     202608 bytes,     279640 total
- age   3:      86064 bytes,     365704 total
- age   5:       3680 bytes,     369384 total
- age   6:      29960 bytes,     399344 total
- age   7:     164264 bytes,     563608 total
 16679K->10179K(24716K), 0.0014760 secs]
37.677: [GC
Desired survivor size 557056 bytes, new threshold 15 (max 15)
- age   1:      66632 bytes,      66632 total
- age   2:      16280 bytes,      82912 total
- age   3:     116120 bytes,     199032 total
- age   4:      86064 bytes,     285096 total
- age   6:       3680 bytes,     288776 total
- age   7:      29960 bytes,     318736 total
 16625K->10103K(24716K), 0.0012111 secs]
37.684: [GC
Desired survivor size 557056 bytes, new threshold 15 (max 15)
- age   1:     140992 bytes,     140992 total
- age   2:       1080 bytes,     142072 total
- age   3:      16280 bytes,     158352 total
- age   4:     116120 bytes,     274472 total
- age   5:      86064 bytes,     360536 total
- age   7:       3680 bytes,     364216 total
- age   8:      29960 bytes,     394176 total
 16602K->10169K(24716K), 0.0009286 secs]
37.690: [GC
Desired survivor size 557056 bytes, new threshold 1 (max 15)
- age   1:     745584 bytes,     745584 total
- age   2:       3160 bytes,     748744 total
- age   3:       1080 bytes,     749824 total
- age   4:      16280 bytes,     766104 total
- age   5:     116120 bytes,     882224 total
- age   6:      86064 bytes,     968288 total
- age   8:       3680 bytes,     971968 total
- age   9:      29960 bytes,    1001928 total
 16645K->10765K(24716K), 0.0012463 secs]
37.697: [GC
Desired survivor size 557056 bytes, new threshold 15 (max 15)
- age   1:     194896 bytes,     194896 total
 17233K->10672K(24716K), 0.0018041 secs]
37.703: [GC
Desired survivor size 557056 bytes, new threshold 15 (max 15)
- age   1:     143928 bytes,     143928 total
- age   2:     125928 bytes,     269856 total
 17164K->10731K(24716K), 0.0007691 secs]
37.707: [GC
Desired survivor size 557056 bytes, new threshold 15 (max 15)
- age   1:     245384 bytes,     245384 total
- age   2:      72544 bytes,     317928 total
- age   3:     125888 bytes,     443816 total
 17250K->10899K(24716K), 0.0011828 secs]
37.712: [GC
Desired survivor size 557056 bytes, new threshold 2 (max 15)
- age   1:     400096 bytes,     400096 total
- age   2:     172248 bytes,     572344 total
- age   3:      72544 bytes,     644888 total
- age   4:     125888 bytes,     770776 total
 17400K->11218K(24716K), 0.0014473 secs]
37.718: [GC
Desired survivor size 557056 bytes, new threshold 15 (max 15)
- age   1:     125272 bytes,     125272 total
- age   2:     322904 bytes,     448176 total
 17710K->11281K(24716K), 0.0012637 secs]
37.723: [GC
Desired survivor size 557056 bytes, new threshold 3 (max 15)
- age   1:     300048 bytes,     300048 total
- age   2:      32904 bytes,     332952 total
- age   3:     322904 bytes,     655856 total
 17754K->11482K(24716K), 0.0011333 secs]
37.728: [GC
Desired survivor size 557056 bytes, new threshold 2 (max 15)
- age   1:     477104 bytes,     477104 total
- age   2:     300048 bytes,     777152 total
- age   3:       4696 bytes,     781848 total
 18000K->11836K(24716K), 0.0014563 secs]
37.738: [GC
Desired survivor size 557056 bytes, new threshold 1 (max 15)
- age   1:     567264 bytes,     567264 total
- age   2:     326608 bytes,     893872 total
 18360K->12085K(24716K), 0.0013560 secs]
37.746: [GC
Desired survivor size 557056 bytes, new threshold 15 (max 15)
- age   1:     235520 bytes,     235520 total
 18571K->12102K(24716K), 0.0019611 secs]
37.755: [GC
Desired survivor size 557056 bytes, new threshold 15 (max 15)
- age   1:     326528 bytes,     326528 total
- age   2:     165888 bytes,     492416 total
 18578K->12352K(24716K), 0.0008628 secs]
37.761: [GC
Desired survivor size 557056 bytes, new threshold 15 (max 15)
- age   1:      98512 bytes,      98512 total
- age   2:     240608 bytes,     339120 total
- age   3:     165776 bytes,     504896 total
 18869K->12366K(24716K), 0.0010144 secs]
37.766: [GC
Desired survivor size 557056 bytes, new threshold 3 (max 15)
- age   1:     451056 bytes,     451056 total
- age   2:      91328 bytes,     542384 total
- age   3:     240608 bytes,     782992 total
- age   4:     165776 bytes,     948768 total
 18885K->12801K(24716K), 0.0013361 secs]
37.772: [GC
Desired survivor size 557056 bytes, new threshold 3 (max 15)
- age   1:     275000 bytes,     275000 total
- age   2:     248832 bytes,     523832 total
- age   3:      91328 bytes,     615160 total
 19324K->12887K(24716K), 0.0013263 secs]
37.777: [GC
Desired survivor size 557056 bytes, new threshold 3 (max 15)
- age   1:     295104 bytes,     295104 total
- age   2:     255744 bytes,     550848 total
- age   3:     248800 bytes,     799648 total
 19396K->13154K(24716K), 0.0012491 secs]
37.783: [GC
Desired survivor size 557056 bytes, new threshold 2 (max 15)
- age   1:     416680 bytes,     416680 total
- age   2:     246832 bytes,     663512 total
- age   3:     169264 bytes,     832776 total
 19664K->13428K(24716K), 0.0015020 secs]
37.788: [GC
Desired survivor size 557056 bytes, new threshold 15 (max 15)
- age   1:     157960 bytes,     157960 total
- age   2:     330392 bytes,     488352 total
 19948K->13422K(24716K), 0.0015869 secs]
37.794: [GC
Desired survivor size 557056 bytes, new threshold 15 (max 15)
- age   1:     221264 bytes,     221264 total
- age   2:         32 bytes,     221296 total
- age   3:     198112 bytes,     419408 total
 19924K->13355K(24716K), 0.0008624 secs]
37.802: [GC
Desired survivor size 557056 bytes, new threshold 15 (max 15)
- age   1:     214952 bytes,     214952 total
- age   3:         32 bytes,     214984 total
- age   4:     198112 bytes,     413096 total
 19814K->13348K(24716K), 0.0009329 secs]
37.808: [GC
Desired survivor size 557056 bytes, new threshold 15 (max 15)
- age   1:     103552 bytes,     103552 total
- age   2:      50880 bytes,     154432 total
- age   4:         32 bytes,     154464 total
- age   5:     198112 bytes,     352576 total
 19802K->13289K(24716K), 0.0008755 secs]
37.814: [GC
Desired survivor size 557056 bytes, new threshold 15 (max 15)
- age   1:     176696 bytes,     176696 total
- age   2:      18272 bytes,     194968 total
- age   3:      50880 bytes,     245848 total
- age   5:         32 bytes,     245880 total
- age   6:     198112 bytes,     443992 total
 19758K->13377K(24716K), 0.0009392 secs]
37.818: [GC
Desired survivor size 557056 bytes, new threshold 1 (max 15)
- age   1:     631832 bytes,     631832 total
- age   2:     176696 bytes,     808528 total
- age   3:      18272 bytes,     826800 total
- age   4:      50824 bytes,     877624 total
- age   6:         32 bytes,     877656 total
- age   7:     198112 bytes,    1075768 total
 19883K->14077K(24716K), 0.0014727 secs]
37.826: [GC
Desired survivor size 557056 bytes, new threshold 15 (max 15)
- age   1:     197632 bytes,     197632 total
 20598K->14072K(24716K), 0.0017442 secs]
37.833: [GC
Desired survivor size 557056 bytes, new threshold 15 (max 15)
- age   1:     186864 bytes,     186864 total
- age   2:      18144 bytes,     205008 total
 20594K->14076K(24716K), 0.0007437 secs]
37.838: [GC
Desired survivor size 557056 bytes, new threshold 15 (max 15)
- age   1:     110176 bytes,     110176 total
- age   2:         32 bytes,     110208 total
- age   3:      10592 bytes,     120800 total
 20595K->13994K(24716K), 0.0006820 secs]
37.842: [GC
Desired survivor size 557056 bytes, new threshold 15 (max 15)
- age   1:     203584 bytes,     203584 total
- age   2:      83064 bytes,     286648 total
- age   4:      10592 bytes,     297240 total
 20511K->14164K(24716K), 0.0009480 secs]
37.848: [GC
Desired survivor size 557056 bytes, new threshold 3 (max 15)
- age   1:     358584 bytes,     358584 total
- age   2:     172840 bytes,     531424 total
- age   3:      83024 bytes,     614448 total
- age   5:      10592 bytes,     625040 total
 20680K->14484K(24716K), 0.0017235 secs]
37.855: [GC
Desired survivor size 557056 bytes, new threshold 15 (max 15)
- age   1:     199824 bytes,     199824 total
- age   2:     137064 bytes,     336888 total
- age   3:     172840 bytes,     509728 total
 21012K->14463K(24716K), 0.0009027 secs]
37.860: [GC
Desired survivor size 557056 bytes, new threshold 15 (max 15)
- age   1:      87600 bytes,      87600 total
- age   2:      54064 bytes,     141664 total
- age   3:     101568 bytes,     243232 total
- age   4:     172840 bytes,     416072 total
 20975K->14372K(24716K), 0.0009653 secs]
37.865: [GC
Desired survivor size 557056 bytes, new threshold 15 (max 15)
- age   1:     166616 bytes,     166616 total
- age   2:         32 bytes,     166648 total
- age   3:      54064 bytes,     220712 total
- age   4:     101568 bytes,     322280 total
- age   5:     172840 bytes,     495120 total
 20895K->14449K(24716K), 0.0012598 secs]
37.871: [GC
Desired survivor size 557056 bytes, new threshold 15 (max 15)
- age   1:     170736 bytes,     170736 total
- age   2:      85608 bytes,     256344 total
- age   5:     101568 bytes,     357912 total
- age   6:     172840 bytes,     530752 total
 20973K->14483K(24716K), 0.0009434 secs]
37.880: [GC
Desired survivor size 557056 bytes, new threshold 6 (max 15)
- age   1:     304280 bytes,     304280 total
- age   2:     141968 bytes,     446248 total
- age   3:      85608 bytes,     531856 total
- age   6:     101568 bytes,     633424 total
- age   7:     172840 bytes,     806264 total
 21011K->14752K(24716K), 0.0012037 secs]
37.887: [GC
Desired survivor size 557056 bytes, new threshold 15 (max 15)
- age   1:      96672 bytes,      96672 total
- age   2:     194736 bytes,     291408 total
- age   3:     141968 bytes,     433376 total
- age   4:      85608 bytes,     518984 total
 21272K->14739K(24716K), 0.0011880 secs]
37.893: [GC
Desired survivor size 557056 bytes, new threshold 15 (max 15)
- age   1:      52872 bytes,      52872 total
- age   2:      28872 bytes,      81744 total
- age   3:     194624 bytes,     276368 total
- age   4:     141968 bytes,     418336 total
- age   5:      85608 bytes,     503944 total
 21253K->14722K(24716K), 0.0015343 secs]
37.899: [GC
Desired survivor size 557056 bytes, new threshold 4 (max 15)
- age   1:     344464 bytes,     344464 total
- age   2:      13544 bytes,     358008 total
- age   3:      28872 bytes,     386880 total
- age   4:     194624 bytes,     581504 total
- age   5:     141968 bytes,     723472 total
- age   6:      85608 bytes,     809080 total
 21250K->15029K(24716K), 0.0010858 secs]
37.904: [GC
Desired survivor size 557056 bytes, new threshold 2 (max 15)
- age   1:     239840 bytes,     239840 total
- age   2:     330056 bytes,     569896 total
- age   3:      13544 bytes,     583440 total
- age   4:       3560 bytes,     587000 total
 21544K->15233K(24716K), 0.0018043 secs]
37.909: [GC
Desired survivor size 557056 bytes, new threshold 15 (max 15)
- age   1:      85056 bytes,      85056 total
- age   2:     167584 bytes,     252640 total
 21742K->15247K(24716K), 0.0012242 secs]
37.915: [GC
Desired survivor size 557056 bytes, new threshold 3 (max 15)
- age   1:     457144 bytes,     457144 total
- age   2:      60016 bytes,     517160 total
- age   3:     167584 bytes,     684744 total
 21736K->15664K(24716K), 0.0010888 secs]
37.920: [GC
Desired survivor size 557056 bytes, new threshold 2 (max 15)
- age   1:     319008 bytes,     319008 total
- age   2:     414312 bytes,     733320 total
- age   3:      60016 bytes,     793336 total
 22178K->15934K(24716K), 0.0013407 secs]
37.925: [GC
Desired survivor size 557056 bytes, new threshold 2 (max 15)
- age   1:     409264 bytes,     409264 total
- age   2:     273688 bytes,     682952 total
 22449K->16094K(24716K), 0.0014312 secs]
37.932: [GC
Desired survivor size 557056 bytes, new threshold 15 (max 15)
- age   1:     183096 bytes,     183096 total
- age   2:     331712 bytes,     514808 total
 22620K->16164K(24716K), 0.0012082 secs]
37.938: [GC
Desired survivor size 557056 bytes, new threshold 15 (max 15)
- age   1:     120264 bytes,     120264 total
- age   2:      29760 bytes,     150024 total
- age   3:     331712 bytes,     481736 total
 22692K->16132K(24716K), 0.0009455 secs]
37.943: [GC
Desired survivor size 557056 bytes, new threshold 2 (max 15)
- age   1:     553664 bytes,     553664 total
- age   2:     120264 bytes,     673928 total
- age   3:      29760 bytes,     703688 total
- age   4:     331712 bytes,    1035400 total
 22653K->16672K(24716K), 0.0018223 secs]
37.949: [GC
Desired survivor size 557056 bytes, new threshold 2 (max 15)
- age   1:     276464 bytes,     276464 total
- age   2:     530096 bytes,     806560 total
 23200K->16927K(24716K), 0.0017587 secs]
37.955: [GC
Desired survivor size 557056 bytes, new threshold 15 (max 15)
- age   1:     328880 bytes,     328880 total
- age   2:     192200 bytes,     521080 total
 23414K->17084K(24716K), 0.0015637 secs]
37.964: [GC
Desired survivor size 557056 bytes, new threshold 15 (max 15)
- age   1:     139344 bytes,     139344 total
- age   2:     169168 bytes,     308512 total
- age   3:     192168 bytes,     500680 total
 23607K->17063K(24716K), 0.0017547 secs]
37.970: [GC
Desired survivor size 557056 bytes, new threshold 1 (max 15)
- age   1:     557720 bytes,     557720 total
- age   2:     138640 bytes,     696360 total
- age   3:     169168 bytes,     865528 total
- age   4:     192168 bytes,    1057696 total
 23584K->17606K(24716K), 0.0015592 secs]
37.978: [GC
Desired survivor size 557056 bytes, new threshold 15 (max 15)
- age   1:     216656 bytes,     216656 total
 24130K->17622K(25100K), 0.0019734 secs]
37.981: [Full GC 17622K->8586K(25100K), 0.0704518 secs]
38.056: [GC
Desired survivor size 557056 bytes, new threshold 1 (max 15)
- age   1:     634800 bytes,     634800 total
 15099K->9210K(24716K), 0.0010538 secs]
38.063: [GC
Desired survivor size 557056 bytes, new threshold 15 (max 15)
- age   1:      43712 bytes,      43712 total
 15738K->9226K(24716K), 0.0011367 secs]
38.068: [GC
Desired survivor size 557056 bytes, new threshold 15 (max 15)
- age   1:     420080 bytes,     420080 total
- age   2:       4424 bytes,     424504 total
 15754K->9600K(24716K), 0.0007847 secs]
38.074: [GC
Desired survivor size 557056 bytes, new threshold 15 (max 15)
- age   1:      97624 bytes,      97624 total
- age   2:     419824 bytes,     517448 total
- age   3:       3936 bytes,     521384 total
 16128K->9694K(24716K), 0.0010195 secs]
38.080: [GC
Desired survivor size 557056 bytes, new threshold 3 (max 15)
- age   1:     255624 bytes,     255624 total
- age   2:      63672 bytes,     319296 total
- age   3:     419824 bytes,     739120 total
- age   4:       3936 bytes,     743056 total
 16205K->9913K(24716K), 0.0010612 secs]
38.085: [GC
Desired survivor size 557056 bytes, new threshold 15 (max 15)
- age   1:      93960 bytes,      93960 total
- age   2:     177848 bytes,     271808 total
- age   3:      63672 bytes,     335480 total
 16433K->9936K(24716K), 0.0013188 secs]
38.091: [GC
Desired survivor size 557056 bytes, new threshold 15 (max 15)
- age   1:      95312 bytes,      95312 total
- age   2:      42160 bytes,     137472 total
- age   3:      63456 bytes,     200928 total
- age   4:      63672 bytes,     264600 total
 16460K->9861K(24716K), 0.0007834 secs]
38.095: [GC
Desired survivor size 557056 bytes, new threshold 2 (max 15)
- age   1:     551504 bytes,     551504 total
- age   2:      41160 bytes,     592664 total
- age   3:      42160 bytes,     634824 total
- age   4:      63456 bytes,     698280 total
- age   5:      63672 bytes,     761952 total
 16350K->10346K(24716K), 0.0013062 secs]
38.103: [GC
Desired survivor size 557056 bytes, new threshold 1 (max 15)
- age   1:     589808 bytes,     589808 total
- age   2:     220768 bytes,     810576 total
 16859K->10604K(24716K), 0.0012924 secs]
38.108: [GC
Desired survivor size 557056 bytes, new threshold 15 (max 15)
- age   1:     142872 bytes,     142872 total
 17088K->10388K(24716K), 0.0010818 secs]
38.113: [GC
Desired survivor size 557056 bytes, new threshold 15 (max 15)
- age   1:     111752 bytes,     111752 total
- age   2:      83104 bytes,     194856 total
 16883K->10441K(24716K), 0.0010867 secs]
38.118: [GC
Desired survivor size 557056 bytes, new threshold 15 (max 15)
- age   1:     281072 bytes,     281072 total
- age   2:      90824 bytes,     371896 total
- age   3:      83104 bytes,     455000 total
 16954K->10695K(24716K), 0.0009986 secs]
38.123: [GC
Desired survivor size 557056 bytes, new threshold 3 (max 15)
- age   1:     318112 bytes,     318112 total
- age   2:     169744 bytes,     487856 total
- age   3:      90824 bytes,     578680 total
- age   4:      83104 bytes,     661784 total
 17212K->10897K(24716K), 0.0011458 secs]
38.129: [GC
Desired survivor size 557056 bytes, new threshold 3 (max 15)
- age   1:     240776 bytes,     240776 total
- age   2:     274008 bytes,     514784 total
- age   3:     169704 bytes,     684488 total
 17399K->11028K(24716K), 0.0010672 secs]
38.136: [GC
Desired survivor size 557056 bytes, new threshold 3 (max 15)
- age   1:     126960 bytes,     126960 total
- age   2:     194968 bytes,     321928 total
- age   3:     247608 bytes,     569536 total
 17550K->11081K(24716K), 0.0013991 secs]
38.141: [GC
Desired survivor size 557056 bytes, new threshold 15 (max 15)
- age   1:     120840 bytes,     120840 total
- age   2:      30264 bytes,     151104 total
- age   3:       1000 bytes,     152104 total
 17609K->10924K(24716K), 0.0009318 secs]
38.147: [GC
Desired survivor size 557056 bytes, new threshold 2 (max 15)
- age   1:     511816 bytes,     511816 total
- age   2:      67296 bytes,     579112 total
- age   3:      30264 bytes,     609376 total
- age   4:       1000 bytes,     610376 total
 17426K->11370K(24716K), 0.0015947 secs]
38.153: [GC
Desired survivor size 557056 bytes, new threshold 2 (max 15)
- age   1:     130008 bytes,     130008 total
- age   2:     456096 bytes,     586104 total
 17885K->11449K(24716K), 0.0015139 secs]
38.160: [GC
Desired survivor size 557056 bytes, new threshold 15 (max 15)
- age   1:     257920 bytes,     257920 total
- age   2:     121864 bytes,     379784 total
 17943K->11653K(24716K), 0.0012805 secs]
38.165: [GC
Desired survivor size 557056 bytes, new threshold 15 (max 15)
- age   1:     314088 bytes,     314088 total
- age   2:     118168 bytes,     432256 total
- age   3:     121864 bytes,     554120 total
 18173K->11823K(24716K), 0.0012916 secs]
38.170: [GC
Desired survivor size 557056 bytes, new threshold 4 (max 15)
- age   1:     304880 bytes,     304880 total
- age   2:      79904 bytes,     384784 total
- age   3:     118168 bytes,     502952 total
- age   4:     121864 bytes,     624816 total
 18329K->11891K(24716K), 0.0010389 secs]
38.175: [GC
Desired survivor size 557056 bytes, new threshold 15 (max 15)
- age   1:      90984 bytes,      90984 total
- age   2:      75488 bytes,     166472 total
- age   3:      60296 bytes,     226768 total
- age   4:     118168 bytes,     344936 total
 18419K->11741K(24716K), 0.0009835 secs]
38.182: [GC
Desired survivor size 557056 bytes, new threshold 1 (max 15)
- age   1:     684016 bytes,     684016 total
- age   2:      60240 bytes,     744256 total
- age   3:      75488 bytes,     819744 total
- age   4:      21072 bytes,     840816 total
- age   5:     118168 bytes,     958984 total
 18242K->12338K(24716K), 0.0011733 secs]
38.188: [GC
Desired survivor size 557056 bytes, new threshold 15 (max 15)
- age   1:     219760 bytes,     219760 total
 18826K->12349K(24716K), 0.0012911 secs]
38.194: [GC
Desired survivor size 557056 bytes, new threshold 15 (max 15)
- age   1:     283176 bytes,     283176 total
- age   2:      84808 bytes,     367984 total
 18865K->12494K(24716K), 0.0008490 secs]
38.200: [GC
Desired survivor size 557056 bytes, new threshold 15 (max 15)
- age   1:     260072 bytes,     260072 total
- age   2:     146464 bytes,     406536 total
- age   3:      84808 bytes,     491344 total
 18993K->12614K(24716K), 0.0009009 secs]
38.205: [GC
Desired survivor size 557056 bytes, new threshold 15 (max 15)
- age   1:     208424 bytes,     208424 total
- age   3:     146464 bytes,     354888 total
- age   4:      84808 bytes,     439696 total
 19123K->12564K(24716K), 0.0009344 secs]
38.210: [GC
Desired survivor size 557056 bytes, new threshold 1 (max 15)
- age   1:     573008 bytes,     573008 total
- age   2:     145016 bytes,     718024 total
- age   4:     146464 bytes,     864488 total
- age   5:      84808 bytes,     949296 total
 19072K->13061K(24716K), 0.0013172 secs]
38.218: [GC
Desired survivor size 557056 bytes, new threshold 15 (max 15)
- age   1:     244408 bytes,     244408 total
 19520K->12999K(24716K), 0.0014852 secs]
38.225: [GC
Desired survivor size 557056 bytes, new threshold 15 (max 15)
- age   1:      83016 bytes,      83016 total
- age   2:     168320 bytes,     251336 total
 19514K->13006K(24716K), 0.0008225 secs]
38.231: [GC
Desired survivor size 557056 bytes, new threshold 3 (max 15)
- age   1:     518000 bytes,     518000 total
- age   2:       3440 bytes,     521440 total
- age   3:     168320 bytes,     689760 total
 19534K->13435K(24716K), 0.0010813 secs]
38.236: [GC
Desired survivor size 557056 bytes, new threshold 15 (max 15)
- age   1:     146264 bytes,     146264 total
- age   2:     149720 bytes,     295984 total
- age   3:       3328 bytes,     299312 total
 19963K->13219K(24716K), 0.0009786 secs]
38.241: [GC
Desired survivor size 557056 bytes, new threshold 15 (max 15)
- age   1:     142424 bytes,     142424 total
- age   2:      96864 bytes,     239288 total
- age   3:      83288 bytes,     322576 total
- age   4:       3328 bytes,     325904 total
 19722K->13249K(24716K), 0.0010195 secs]
38.246: [GC
Desired survivor size 557056 bytes, new threshold 1 (max 15)
- age   1:     616584 bytes,     616584 total
- age   2:     104592 bytes,     721176 total
- age   3:      96864 bytes,     818040 total
- age   4:      83288 bytes,     901328 total
- age   5:       3328 bytes,     904656 total
 19757K->13811K(24716K), 0.0012485 secs]
38.252: [GC
Desired survivor size 557056 bytes, new threshold 15 (max 15)
- age   1:     354872 bytes,     354872 total
 20324K->13810K(24716K), 0.0018702 secs]
38.259: [GC
Desired survivor size 557056 bytes, new threshold 15 (max 15)
- age   1:     155360 bytes,     155360 total
- age   2:      85440 bytes,     240800 total
 20322K->13698K(24716K), 0.0008999 secs]
38.264: [GC
Desired survivor size 557056 bytes, new threshold 15 (max 15)
- age   1:     175608 bytes,     175608 total
- age   2:      31392 bytes,     207000 total
- age   3:      85440 bytes,     292440 total
 20191K->13748K(24716K), 0.0013140 secs]
38.269: [GC
Desired survivor size 557056 bytes, new threshold 15 (max 15)
- age   1:     165344 bytes,     165344 total
- age   2:      87408 bytes,     252752 total
- age   3:      31392 bytes,     284144 total
- age   4:      85440 bytes,     369584 total
 20258K->13824K(24716K), 0.0008421 secs]
38.274: [GC
Desired survivor size 557056 bytes, new threshold 15 (max 15)
- age   1:      91240 bytes,      91240 total
- age   2:      33208 bytes,     124448 total
- age   3:      87408 bytes,     211856 total
- age   4:      31392 bytes,     243248 total
- age   5:      85440 bytes,     328688 total
 20345K->13784K(24716K), 0.0009039 secs]
38.279: [GC
Desired survivor size 557056 bytes, new threshold 4 (max 15)
- age   1:     472456 bytes,     472456 total
- age   2:      40088 bytes,     512544 total
- age   3:      33208 bytes,     545752 total
- age   4:      87408 bytes,     633160 total
- age   5:      31392 bytes,     664552 total
- age   6:      85440 bytes,     749992 total
 20268K->14195K(24716K), 0.0012474 secs]
38.284: [GC
Desired survivor size 557056 bytes, new threshold 15 (max 15)
- age   1:     190928 bytes,     190928 total
- age   2:     243480 bytes,     434408 total
- age   3:      40088 bytes,     474496 total
- age   4:      33208 bytes,     507704 total
 20714K->14164K(24716K), 0.0012055 secs]
38.290: [GC
Desired survivor size 557056 bytes, new threshold 15 (max 15)
- age   1:      75200 bytes,      75200 total
- age   2:      68440 bytes,     143640 total
- age   3:     243480 bytes,     387120 total
- age   4:      40088 bytes,     427208 total
- age   5:      33208 bytes,     460416 total
 20680K->14118K(24716K), 0.0010508 secs]
38.295: [GC
Desired survivor size 557056 bytes, new threshold 4 (max 15)
- age   1:     325784 bytes,     325784 total
- age   3:       6336 bytes,     332120 total
- age   4:     243480 bytes,     575600 total
- age   5:      40088 bytes,     615688 total
- age   6:      33208 bytes,     648896 total
 20637K->14302K(24716K), 0.0010797 secs]
38.301: [GC
Desired survivor size 557056 bytes, new threshold 15 (max 15)
- age   1:     213368 bytes,     213368 total
- age   2:     103376 bytes,     316744 total
- age   4:       6336 bytes,     323080 total
 20821K->14293K(24716K), 0.0010977 secs]
38.305: [GC
Desired survivor size 557056 bytes, new threshold 2 (max 15)
- age   1:     551240 bytes,     551240 total
- age   2:     213368 bytes,     764608 total
- age   3:     103376 bytes,     867984 total
- age   5:       6336 bytes,     874320 total
 20798K->14833K(24716K), 0.0012957 secs]
38.311: [GC
Desired survivor size 557056 bytes, new threshold 2 (max 15)
- age   1:     193664 bytes,     193664 total
- age   2:     427840 bytes,     621504 total
 21325K->14720K(24716K), 0.0013989 secs]
38.316: [GC
Desired survivor size 557056 bytes, new threshold 15 (max 15)
- age   1:     138112 bytes,     138112 total
- age   2:     107232 bytes,     245344 total
 21228K->14727K(24716K), 0.0011607 secs]
38.321: [GC
Desired survivor size 557056 bytes, new threshold 1 (max 15)
- age   1:     610320 bytes,     610320 total
- age   2:      94376 bytes,     704696 total
- age   3:     107232 bytes,     811928 total
 21245K->15280K(24716K), 0.0015220 secs]
38.327: [GC
Desired survivor size 557056 bytes, new threshold 1 (max 15)
- age   1:     596272 bytes,     596272 total
 21788K->15780K(24716K), 0.0016057 secs]
38.334: [GC
Desired survivor size 557056 bytes, new threshold 15 (max 15)
- age   1:     505464 bytes,     505464 total
 22293K->16221K(24716K), 0.0016098 secs]
38.341: [GC
Desired survivor size 557056 bytes, new threshold 1 (max 15)
- age   1:     718496 bytes,     718496 total
- age   2:     369496 bytes,    1087992 total
 22689K->16873K(24716K), 0.0012368 secs]
38.348: [GC
Desired survivor size 557056 bytes, new threshold 1 (max 15)
- age   1:     720400 bytes,     720400 total
 23377K->17016K(24716K), 0.0017870 secs]
38.354: [GC
Desired survivor size 557056 bytes, new threshold 1 (max 15)
- age   1:     905856 bytes,     905856 total
 23509K->17832K(24716K), 0.0021940 secs]
38.361: [GC
Desired survivor size 557056 bytes, new threshold 15 (max 15)
- age   1:     204616 bytes,     204616 total
 24347K->17951K(25484K), 0.0013393 secs]
38.363: [Full GC 17951K->9248K(25484K), 0.0709189 secs]
38.442: [GC
Desired survivor size 557056 bytes, new threshold 1 (max 15)
- age   1:     608144 bytes,     608144 total
 15766K->9845K(24716K), 0.0013415 secs]
38.448: [GC
Desired survivor size 557056 bytes, new threshold 15 (max 15)
- age   1:     463288 bytes,     463288 total
 16372K->10263K(24716K), 0.0012807 secs]
38.455: [GC
Desired survivor size 557056 bytes, new threshold 15 (max 15)
- age   1:     292360 bytes,     292360 total
- age   2:     249320 bytes,     541680 total
 16769K->10338K(24716K), 0.0010566 secs]
38.461: [GC
Desired survivor size 557056 bytes, new threshold 2 (max 15)
- age   1:     347744 bytes,     347744 total
- age   2:     211472 bytes,     559216 total
- age   3:      79848 bytes,     639064 total
 16866K->10433K(24716K), 0.0012166 secs]
38.467: [GC
Desired survivor size 557056 bytes, new threshold 2 (max 15)
- age   1:     437512 bytes,     437512 total
- age   2:     347744 bytes,     785256 total
 16931K->10655K(24716K), 0.0016133 secs]
38.472: [GC
Desired survivor size 557056 bytes, new threshold 2 (max 15)
- age   1:     339256 bytes,     339256 total
- age   2:     324800 bytes,     664056 total
 17096K->10873K(24716K), 0.0014412 secs]
38.478: [GC
Desired survivor size 557056 bytes, new threshold 2 (max 15)
- age   1:     511496 bytes,     511496 total
- age   2:     281496 bytes,     792992 total
 17388K->11316K(24716K), 0.0014204 secs]
38.483: [GC
Desired survivor size 557056 bytes, new threshold 15 (max 15)
- age   1:     460640 bytes,     460640 total
 17834K->11266K(24716K), 0.0013772 secs]
38.489: [GC
Desired survivor size 557056 bytes, new threshold 15 (max 15)
- age   1:     239720 bytes,     239720 total
- age   2:     188888 bytes,     428608 total
 17794K->11234K(24716K), 0.0009122 secs]
38.493: [GC
Desired survivor size 557056 bytes, new threshold 15 (max 15)
- age   1:     114048 bytes,     114048 total
- age   2:      85152 bytes,     199200 total
- age   3:     188888 bytes,     388088 total
 17705K->11195K(24716K), 0.0008613 secs]
38.500: [GC
Desired survivor size 557056 bytes, new threshold 3 (max 15)
- age   1:     551856 bytes,     551856 total
- age   3:      85120 bytes,     636976 total
- age   4:     105856 bytes,     742832 total
 17634K->11541K(24716K), 0.0010003 secs]
38.506: [GC
Desired survivor size 557056 bytes, new threshold 15 (max 15)
- age   1:     116416 bytes,     116416 total
- age   2:     272464 bytes,     388880 total
 18052K->11390K(24716K), 0.0009289 secs]
38.512: [GC
Desired survivor size 557056 bytes, new threshold 15 (max 15)
- age   1:     282768 bytes,     282768 total
- age   2:      53056 bytes,     335824 total
- age   3:     121216 bytes,     457040 total
 17910K->11457K(24716K), 0.0007867 secs]
38.516: [GC
Desired survivor size 557056 bytes, new threshold 15 (max 15)
- age   1:     352104 bytes,     352104 total
- age   3:      53056 bytes,     405160 total
- age   4:     121216 bytes,     526376 total
 17957K->11524K(24716K), 0.0013235 secs]
38.524: [GC
Desired survivor size 557056 bytes, new threshold 1 (max 15)
- age   1:     624184 bytes,     624184 total
- age   2:     201712 bytes,     825896 total
- age   4:      53056 bytes,     878952 total
- age   5:     121216 bytes,    1000168 total
 18037K->11987K(24716K), 0.0015525 secs]
38.530: [GC
Desired survivor size 557056 bytes, new threshold 15 (max 15)
- age   1:     100720 bytes,     100720 total
 18514K->11950K(24716K), 0.0014924 secs]
38.537: [GC
Desired survivor size 557056 bytes, new threshold 15 (max 15)
- age   1:     113328 bytes,     113328 total
- age   2:      69048 bytes,     182376 total
 18466K->12030K(24716K), 0.0006841 secs]
38.541: [GC
Desired survivor size 557056 bytes, new threshold 15 (max 15)
- age   1:     194792 bytes,     194792 total
- age   2:      24128 bytes,     218920 total
- age   3:      69048 bytes,     287968 total
 18536K->12135K(24716K), 0.0007556 secs]
38.547: [GC
Desired survivor size 557056 bytes, new threshold 1 (max 15)
- age   1:     642408 bytes,     642408 total
- age   2:      35176 bytes,     677584 total
- age   3:      24128 bytes,     701712 total
- age   4:      69048 bytes,     770760 total
 18636K->12606K(24716K), 0.0015909 secs]
38.552: [GC
Desired survivor size 557056 bytes, new threshold 15 (max 15)
- age   1:     102200 bytes,     102200 total
 19134K->12466K(24716K), 0.0010999 secs]
38.559: [GC
Desired survivor size 557056 bytes, new threshold 15 (max 15)
- age   1:     472136 bytes,     472136 total
- age   2:      40192 bytes,     512328 total
 18937K->12867K(24716K), 0.0011050 secs]
38.564: [GC
Desired survivor size 557056 bytes, new threshold 2 (max 15)
- age   1:     537920 bytes,     537920 total
- age   2:     368888 bytes,     906808 total
- age   3:      40192 bytes,     947000 total
 19388K->13291K(24716K), 0.0013044 secs]
38.575: [GC
Desired survivor size 557056 bytes, new threshold 2 (max 15)
- age   1:     354456 bytes,     354456 total
- age   2:     461640 bytes,     816096 total
 19784K->13561K(24716K), 0.0015628 secs]
38.581: [GC
Desired survivor size 557056 bytes, new threshold 15 (max 15)
- age   1:     219840 bytes,     219840 total
- age   2:     258080 bytes,     477920 total
 20084K->13682K(24716K), 0.0014826 secs]
38.587: [GC
Desired survivor size 557056 bytes, new threshold 3 (max 15)
- age   1:     395184 bytes,     395184 total
- age   2:     151464 bytes,     546648 total
- age   3:     180304 bytes,     726952 total
 20175K->13925K(24716K), 0.0011058 secs]
38.594: [GC
Desired survivor size 557056 bytes, new threshold 2 (max 15)
- age   1:     360656 bytes,     360656 total
- age   2:     263712 bytes,     624368 total
- age   3:     151464 bytes,     775832 total
 20453K->14147K(24716K), 0.0013037 secs]
38.605: [GC
Desired survivor size 557056 bytes, new threshold 15 (max 15)
- age   1:     190936 bytes,     190936 total
- age   2:     360128 bytes,     551064 total
 20661K->14283K(24716K), 0.0012940 secs]
38.611: [GC
Desired survivor size 557056 bytes, new threshold 3 (max 15)
- age   1:     127328 bytes,     127328 total
- age   2:     175080 bytes,     302408 total
- age   3:     261376 bytes,     563784 total
 20811K->14290K(24716K), 0.0010453 secs]
38.619: [GC
Desired survivor size 557056 bytes, new threshold 15 (max 15)
- age   1:      54192 bytes,      54192 total
- age   2:      76504 bytes,     130696 total
- age   3:     175080 bytes,     305776 total
 20727K->14210K(24716K), 0.0015461 secs]
38.624: [GC
Desired survivor size 557056 bytes, new threshold 15 (max 15)
- age   1:     189856 bytes,     189856 total
- age   2:        832 bytes,     190688 total
- age   3:       4128 bytes,     194816 total
- age   4:     175080 bytes,     369896 total
 20725K->14271K(24716K), 0.0012387 secs]
38.631: [GC
Desired survivor size 557056 bytes, new threshold 15 (max 15)
- age   1:      89240 bytes,      89240 total
- age   2:      80136 bytes,     169376 total
- age   4:       4128 bytes,     173504 total
- age   5:     175080 bytes,     348584 total
 20769K->14250K(24716K), 0.0009074 secs]
38.636: [GC
Desired survivor size 557056 bytes, new threshold 6 (max 15)
- age   1:     246800 bytes,     246800 total
- age   2:      58496 bytes,     305296 total
- age   3:      80136 bytes,     385432 total
- age   5:       4128 bytes,     389560 total
- age   6:     175080 bytes,     564640 total
 20717K->14459K(24716K), 0.0010550 secs]
38.642: [GC
Desired survivor size 557056 bytes, new threshold 15 (max 15)
- age   1:      46720 bytes,      46720 total
- age   2:     212016 bytes,     258736 total
- age   3:      58496 bytes,     317232 total
- age   4:      80136 bytes,     397368 total
- age   6:       4128 bytes,     401496 total
 20987K->14477K(24716K), 0.0011740 secs]
38.649: [GC
Desired survivor size 557056 bytes, new threshold 1 (max 15)
- age   1:     660272 bytes,     660272 total
- age   2:       6144 bytes,     666416 total
- age   3:     212016 bytes,     878432 total
- age   4:      58496 bytes,     936928 total
- age   5:      80136 bytes,    1017064 total
- age   7:       4128 bytes,    1021192 total
 20992K->15083K(24716K), 0.0011883 secs]
38.655: [GC
Desired survivor size 557056 bytes, new threshold 15 (max 15)
- age   1:     129616 bytes,     129616 total
 21603K->15017K(24716K), 0.0012051 secs]
38.661: [GC
Desired survivor size 557056 bytes, new threshold 1 (max 15)
- age   1:     585696 bytes,     585696 total
 21535K->15460K(24716K), 0.0009252 secs]
38.666: [GC
Desired survivor size 557056 bytes, new threshold 15 (max 15)
- age   1:     162696 bytes,     162696 total
 21977K->15382K(24716K), 0.0011363 secs]
38.673: [GC
Desired survivor size 557056 bytes, new threshold 2 (max 15)
- age   1:     514688 bytes,     514688 total
- age   2:      95384 bytes,     610072 total
 21870K->15821K(24716K), 0.0009392 secs]
38.678: [GC
Desired survivor size 557056 bytes, new threshold 2 (max 15)
- age   1:     472376 bytes,     472376 total
- age   2:     168592 bytes,     640968 total
 22309K->15944K(24716K), 0.0010945 secs]
38.683: [GC
Desired survivor size 557056 bytes, new threshold 15 (max 15)
- age   1:     157968 bytes,     157968 total
- age   2:     163920 bytes,     321888 total
 22423K->15797K(24716K), 0.0009703 secs]
38.691: [GC
Desired survivor size 557056 bytes, new threshold 1 (max 15)
- age   1:     796560 bytes,     796560 total
- age   2:      71608 bytes,     868168 total
- age   3:     163920 bytes,    1032088 total
 22279K->16490K(24716K), 0.0013297 secs]
38.698: [GC
Desired survivor size 557056 bytes, new threshold 15 (max 15)
- age   1:     182152 bytes,     182152 total
 22990K->16430K(24716K), 0.0012589 secs]
38.706: [GC
Desired survivor size 557056 bytes, new threshold 15 (max 15)
- age   1:      43816 bytes,      43816 total
- age   2:     142824 bytes,     186640 total
 22958K->16431K(24716K), 0.0014522 secs]
38.712: [GC
Desired survivor size 557056 bytes, new threshold 3 (max 15)
- age   1:     490608 bytes,     490608 total
- age   2:        984 bytes,     491592 total
- age   3:     142744 bytes,     634336 total
 22934K->16870K(24716K), 0.0010622 secs]
38.717: [GC
Desired survivor size 557056 bytes, new threshold 15 (max 15)
- age   1:     103720 bytes,     103720 total
- age   2:     391128 bytes,     494848 total
- age   3:        984 bytes,     495832 total
 23385K->16872K(24716K), 0.0014705 secs]
38.724: [GC
Desired survivor size 557056 bytes, new threshold 3 (max 15)
- age   1:     341536 bytes,     341536 total
- age   2:      56008 bytes,     397544 total
- age   3:     248328 bytes,     645872 total
- age   4:        800 bytes,     646672 total
 23348K->17021K(24716K), 0.0010319 secs]
38.730: [GC
Desired survivor size 557056 bytes, new threshold 15 (max 15)
- age   1:     116352 bytes,     116352 total
- age   2:     289216 bytes,     405568 total
- age   3:      56008 bytes,     461576 total
 23511K->17098K(24716K), 0.0010625 secs]
38.736: [GC
Desired survivor size 557056 bytes, new threshold 15 (max 15)
- age   1:     121440 bytes,     121440 total
- age   2:       4576 bytes,     126016 total
- age   3:     288384 bytes,     414400 total
- age   4:      56008 bytes,     470408 total
 23626K->17106K(24716K), 0.0009730 secs]
38.743: [GC
Desired survivor size 557056 bytes, new threshold 5 (max 15)
- age   1:     213344 bytes,     213344 total
- age   2:       4488 bytes,     217832 total
- age   3:       3240 bytes,     221072 total
- age   4:     288384 bytes,     509456 total
- age   5:      56008 bytes,     565464 total
 23633K->17199K(24716K), 0.0011962 secs]
38.748: [GC
Desired survivor size 557056 bytes, new threshold 15 (max 15)
- age   1:     138720 bytes,     138720 total
- age   2:       8640 bytes,     147360 total
- age   3:       4488 bytes,     151848 total
- age   4:       3240 bytes,     155088 total
- age   5:     288384 bytes,     443472 total
 23692K->17135K(24716K), 0.0014848 secs]
38.755: [GC
Desired survivor size 557056 bytes, new threshold 6 (max 15)
- age   1:     451200 bytes,     451200 total
- age   2:      65040 bytes,     516240 total
- age   3:       8640 bytes,     524880 total
- age   4:       4488 bytes,     529368 total
- age   5:       3240 bytes,     532608 total
- age   6:     288384 bytes,     820992 total
 23650K->17508K(24716K), 0.0011033 secs]
38.760: [GC
Desired survivor size 557056 bytes, new threshold 2 (max 15)
- age   1:     326320 bytes,     326320 total
- age   2:     262760 bytes,     589080 total
- age   3:      65040 bytes,     654120 total
- age   4:       8640 bytes,     662760 total
- age   5:       4488 bytes,     667248 total
- age   6:       3240 bytes,     670488 total
 24007K->17643K(24716K), 0.0013924 secs]
38.767: [GC
Desired survivor size 557056 bytes, new threshold 2 (max 15)
- age   1:     460776 bytes,     460776 total
- age   2:     256408 bytes,     717184 total
 24171K->18031K(25100K), 0.0014746 secs]
38.769: [Full GC 18031K->7841K(25100K), 0.0711191 secs]
38.845: [GC
Desired survivor size 557056 bytes, new threshold 1 (max 15)
- age   1:     652832 bytes,     652832 total
 14365K->8483K(24716K), 0.0009352 secs]
38.852: [GC
Desired survivor size 557056 bytes, new threshold 15 (max 15)
- age   1:     522808 bytes,     522808 total
 14970K->8638K(24716K), 0.0011640 secs]
38.858: [GC
Desired survivor size 557056 bytes, new threshold 15 (max 15)
- age   1:     196760 bytes,     196760 total
- age   2:     243568 bytes,     440328 total
 15163K->8558K(24716K), 0.0008675 secs]
38.864: [GC
Desired survivor size 557056 bytes, new threshold 15 (max 15)
- age   1:     306104 bytes,     306104 total
- age   2:     119208 bytes,     425312 total
- age   3:     115136 bytes,     540448 total
 15044K->8654K(24716K), 0.0022931 secs]
38.872: [GC
Desired survivor size 557056 bytes, new threshold 4 (max 15)
- age   1:     263032 bytes,     263032 total
- age   2:     148712 bytes,     411744 total
- age   3:     119208 bytes,     530952 total
- age   4:     115136 bytes,     646088 total
 15182K->8759K(24716K), 0.0013664 secs]
38.878: [GC
Desired survivor size 557056 bytes, new threshold 15 (max 15)
- age   1:     268296 bytes,     268296 total
- age   2:      14040 bytes,     282336 total
- age   3:     148712 bytes,     431048 total
- age   4:     119208 bytes,     550256 total
 15250K->8779K(24716K), 0.0013922 secs]
38.884: [GC
Desired survivor size 557056 bytes, new threshold 5 (max 15)
- age   1:     149384 bytes,     149384 total
- age   2:     183304 bytes,     332688 total
- age   3:      12656 bytes,     345344 total
- age   4:     148712 bytes,     494056 total
- age   5:     119208 bytes,     613264 total
 15300K->8835K(24716K), 0.0011094 secs]
38.889: [GC
Desired survivor size 557056 bytes, new threshold 5 (max 15)
- age   1:     136536 bytes,     136536 total
- age   2:     140272 bytes,     276808 total
- age   3:     183304 bytes,     460112 total
- age   4:      12296 bytes,     472408 total
- age   5:      90328 bytes,     562736 total
 15359K->8910K(24716K), 0.0010858 secs]
38.896: [GC
Desired survivor size 557056 bytes, new threshold 4 (max 15)
- age   1:     317776 bytes,     317776 total
- age   2:      17872 bytes,     335648 total
- age   3:     140272 bytes,     475920 total
- age   4:     183304 bytes,     659224 total
- age   5:      12296 bytes,     671520 total
 15427K->9010K(24716K), 0.0021490 secs]
38.903: [GC
Desired survivor size 557056 bytes, new threshold 2 (max 15)
- age   1:     556672 bytes,     556672 total
- age   2:     120616 bytes,     677288 total
- age   3:      17872 bytes,     695160 total
- age   4:     140272 bytes,     835432 total
 15534K->9374K(24716K), 0.0012785 secs]
38.909: [GC
Desired survivor size 557056 bytes, new threshold 15 (max 15)
- age   1:     126648 bytes,     126648 total
- age   2:     253424 bytes,     380072 total
 15888K->9199K(24716K), 0.0010722 secs]
38.915: [GC
Desired survivor size 557056 bytes, new threshold 15 (max 15)
- age   1:     142616 bytes,     142616 total
- age   2:      52912 bytes,     195528 total
- age   3:     130608 bytes,     326136 total
 15697K->9145K(24716K), 0.0007540 secs]
38.919: [GC
Desired survivor size 557056 bytes, new threshold 15 (max 15)
- age   1:     239640 bytes,     239640 total
- age   2:      77536 bytes,     317176 total
- age   3:      52912 bytes,     370088 total
- age   4:     130608 bytes,     500696 total
 15644K->9315K(24716K), 0.0009309 secs]
38.925: [GC
Desired survivor size 557056 bytes, new threshold 1 (max 15)
- age   1:     573768 bytes,     573768 total
- age   2:     106064 bytes,     679832 total
- age   3:      77536 bytes,     757368 total
- age   4:      52912 bytes,     810280 total
- age   5:     130608 bytes,     940888 total
 15775K->9745K(24716K), 0.0016811 secs]
38.931: [GC
Desired survivor size 557056 bytes, new threshold 15 (max 15)
- age   1:     292440 bytes,     292440 total
 16249K->9749K(24716K), 0.0013346 secs]
38.937: [GC
Desired survivor size 557056 bytes, new threshold 1 (max 15)
- age   1:     729912 bytes,     729912 total
- age   2:     292440 bytes,    1022352 total
 16240K->10464K(24716K), 0.0019452 secs]
38.944: [GC
Desired survivor size 557056 bytes, new threshold 15 (max 15)
- age   1:     370032 bytes,     370032 total
 16989K->10246K(24716K), 0.0010974 secs]
38.950: [GC
Desired survivor size 557056 bytes, new threshold 15 (max 15)
- age   1:     409384 bytes,     409384 total
 16739K->10286K(24716K), 0.0007485 secs]
38.956: [GC
Desired survivor size 557056 bytes, new threshold 15 (max 15)
- age   1:     181464 bytes,     181464 total
- age   2:     293720 bytes,     475184 total
 16803K->10350K(24716K), 0.0008382 secs]
38.962: [GC
Desired survivor size 557056 bytes, new threshold 1 (max 15)
- age   1:     602688 bytes,     602688 total
- age   3:     138776 bytes,     741464 total
 16824K->10610K(24716K), 0.0014346 secs]
38.968: [GC
Desired survivor size 557056 bytes, new threshold 15 (max 15)
- age   1:     373248 bytes,     373248 total
 17136K->10835K(24716K), 0.0015478 secs]
38.975: [GC
Desired survivor size 557056 bytes, new threshold 2 (max 15)
- age   1:     438128 bytes,     438128 total
- age   2:     192824 bytes,     630952 total
 17362K->11086K(24716K), 0.0010831 secs]
38.980: [GC
Desired survivor size 557056 bytes, new threshold 15 (max 15)
- age   1:     242584 bytes,     242584 total
- age   2:     244304 bytes,     486888 total
 17613K->11055K(24716K), 0.0012265 secs]
38.985: [GC
Desired survivor size 557056 bytes, new threshold 1 (max 15)
- age   1:     685304 bytes,     685304 total
- age   2:     183152 bytes,     868456 total
- age   3:      10448 bytes,     878904 total
 17542K->11438K(24716K), 0.0011622 secs]
38.990: [GC
Desired survivor size 557056 bytes, new threshold 15 (max 15)
- age   1:     208600 bytes,     208600 total
 17962K->11290K(24716K), 0.0011348 secs]
38.995: [GC
Desired survivor size 557056 bytes, new threshold 2 (max 15)
- age   1:     428904 bytes,     428904 total
- age   2:     128992 bytes,     557896 total
 17764K->11633K(24716K), 0.0011868 secs]
39.001: [GC
Desired survivor size 557056 bytes, new threshold 2 (max 15)
- age   1:     537472 bytes,     537472 total
- age   2:     357520 bytes,     894992 total
 18159K->12096K(24716K), 0.0013401 secs]
39.008: [GC
Desired survivor size 557056 bytes, new threshold 15 (max 15)
- age   1:     288680 bytes,     288680 total
- age   2:     149720 bytes,     438400 total
 18536K->12008K(24716K), 0.0013667 secs]
39.014: [GC
Desired survivor size 557056 bytes, new threshold 1 (max 15)
- age   1:     652320 bytes,     652320 total
- age   2:      55072 bytes,     707392 total
- age   3:     149720 bytes,     857112 total
 18533K->12416K(24716K), 0.0012339 secs]
39.019: [GC
Desired survivor size 557056 bytes, new threshold 15 (max 15)
- age   1:     134760 bytes,     134760 total
 18903K->12212K(24716K), 0.0013460 secs]
39.024: [GC
Desired survivor size 557056 bytes, new threshold 15 (max 15)
- age   1:     392456 bytes,     392456 total
- age   2:      56024 bytes,     448480 total
 18720K->12521K(24716K), 0.0009405 secs]
39.029: [GC
Desired survivor size 557056 bytes, new threshold 15 (max 15)
- age   1:     183288 bytes,     183288 total
- age   2:     217576 bytes,     400864 total
- age   3:      56024 bytes,     456888 total
 19049K->12529K(24716K), 0.0008793 secs]
39.035: [GC
Desired survivor size 557056 bytes, new threshold 3 (max 15)
- age   1:     372960 bytes,     372960 total
- age   2:     163024 bytes,     535984 total
- age   3:     217576 bytes,     753560 total
- age   4:      56024 bytes,     809584 total
 19049K->12873K(24716K), 0.0012776 secs]
39.041: [GC
Desired survivor size 557056 bytes, new threshold 3 (max 15)
- age   1:     309256 bytes,     309256 total
- age   2:     234184 bytes,     543440 total
- age   3:     162984 bytes,     706424 total
 19384K->12936K(24716K), 0.0012708 secs]
39.047: [GC
Desired survivor size 557056 bytes, new threshold 3 (max 15)
- age   1:     386712 bytes,     386712 total
- age   2:     123968 bytes,     510680 total
- age   3:     234184 bytes,     744864 total
 19459K->13133K(24716K), 0.0013503 secs]
39.052: [GC
Desired survivor size 557056 bytes, new threshold 1 (max 15)
- age   1:     579504 bytes,     579504 total
- age   2:      55880 bytes,     635384 total
- age   3:     123968 bytes,     759352 total
 19645K->13375K(24716K), 0.0020043 secs]
39.058: [GC
Desired survivor size 557056 bytes, new threshold 15 (max 15)
- age   1:     143352 bytes,     143352 total
 19896K->13216K(24716K), 0.0013207 secs]
39.064: [GC
Desired survivor size 557056 bytes, new threshold 15 (max 15)
- age   1:     398768 bytes,     398768 total
- age   2:      59248 bytes,     458016 total
 19729K->13523K(24716K), 0.0010900 secs]
39.069: [GC
Desired survivor size 557056 bytes, new threshold 15 (max 15)
- age   1:     199504 bytes,     199504 total
- age   2:     205840 bytes,     405344 total
- age   3:      59248 bytes,     464592 total
 20035K->13531K(24716K), 0.0009501 secs]
39.074: [GC
Desired survivor size 557056 bytes, new threshold 3 (max 15)
- age   1:     441704 bytes,     441704 total
- age   2:     114784 bytes,     556488 total
- age   3:     129056 bytes,     685544 total
- age   4:      59248 bytes,     744792 total
 20058K->13805K(24716K), 0.0011968 secs]
39.081: [GC
Desired survivor size 557056 bytes, new threshold 1 (max 15)
- age   1:     723208 bytes,     723208 total
- age   2:     166824 bytes,     890032 total
- age   3:     114784 bytes,    1004816 total
 20330K->14243K(24716K), 0.0015373 secs]
39.086: [GC
Desired survivor size 557056 bytes, new threshold 15 (max 15)
- age   1:     183560 bytes,     183560 total
 20758K->14251K(24716K), 0.0020273 secs]
39.093: [GC
Desired survivor size 557056 bytes, new threshold 15 (max 15)
- age   1:     309744 bytes,     309744 total
- age   2:     103280 bytes,     413024 total
 20770K->14476K(24716K), 0.0009742 secs]
39.099: [GC
Desired survivor size 557056 bytes, new threshold 3 (max 15)
- age   1:     391088 bytes,     391088 total
- age   2:     112648 bytes,     503736 total
- age   3:     103280 bytes,     607016 total
 21004K->14666K(24716K), 0.0009135 secs]
39.105: [GC
Desired survivor size 557056 bytes, new threshold 15 (max 15)
- age   1:      96272 bytes,      96272 total
- age   2:     335424 bytes,     431696 total
- age   3:     112648 bytes,     544344 total
 21177K->14605K(24716K), 0.0010030 secs]
39.110: [GC
Desired survivor size 557056 bytes, new threshold 3 (max 15)
- age   1:     372000 bytes,     372000 total
- age   2:      57600 bytes,     429600 total
- age   3:     169312 bytes,     598912 total
- age   4:     112648 bytes,     711560 total
 21069K->14768K(24716K), 0.0012043 secs]
39.115: [GC
Desired survivor size 557056 bytes, new threshold 15 (max 15)
- age   1:     205696 bytes,     205696 total
- age   2:     288184 bytes,     493880 total
- age   3:      57600 bytes,     551480 total
 21266K->14829K(24716K), 0.0012316 secs]
39.122: [GC
Desired survivor size 557056 bytes, new threshold 3 (max 15)
- age   1:     410640 bytes,     410640 total
- age   2:     121256 bytes,     531896 total
- age   3:     167960 bytes,     699856 total
- age   4:      57600 bytes,     757456 total
 21249K->15030K(24716K), 0.0010974 secs]
39.128: [GC
Desired survivor size 557056 bytes, new threshold 2 (max 15)
- age   1:     395256 bytes,     395256 total
- age   2:     284216 bytes,     679472 total
- age   3:     121256 bytes,     800728 total
 21517K->15137K(24716K), 0.0013012 secs]
39.135: [GC
Desired survivor size 557056 bytes, new threshold 15 (max 15)
- age   1:     282232 bytes,     282232 total
- age   2:     140536 bytes,     422768 total
 21630K->15170K(24716K), 0.0014864 secs]
39.140: [GC
Desired survivor size 557056 bytes, new threshold 2 (max 15)
- age   1:     450056 bytes,     450056 total
- age   2:     150512 bytes,     600568 total
- age   3:     140536 bytes,     741104 total
 21677K->15481K(24716K), 0.0011732 secs]
39.151: [GC
Desired survivor size 557056 bytes, new threshold 2 (max 15)
- age   1:     555320 bytes,     555320 total
- age   2:     407128 bytes,     962448 total
 22009K->15898K(24716K), 0.0014222 secs]
39.158: [GC
Desired survivor size 557056 bytes, new threshold 2 (max 15)
- age   1:      74168 bytes,      74168 total
- age   2:     554304 bytes,     628472 total
 22348K->15772K(24716K), 0.0014840 secs]
39.163: [GC
Desired survivor size 557056 bytes, new threshold 15 (max 15)
- age   1:     283136 bytes,     283136 total
- age   2:       4992 bytes,     288128 total
 22298K->15853K(24716K), 0.0014083 secs]
39.170: [GC
Desired survivor size 557056 bytes, new threshold 15 (max 15)
- age   1:     400544 bytes,     400544 total
- age   3:       3600 bytes,     404144 total
 22381K->15966K(24716K), 0.0013226 secs]
39.175: [GC
Desired survivor size 557056 bytes, new threshold 15 (max 15)
- age   1:      93904 bytes,      93904 total
- age   2:     226312 bytes,     320216 total
- age   4:       3600 bytes,     323816 total
 22485K->15884K(24716K), 0.0009561 secs]
39.180: [GC
Desired survivor size 557056 bytes, new threshold 15 (max 15)
- age   1:     264944 bytes,     264944 total
- age   2:      77200 bytes,     342144 total
- age   3:     141536 bytes,     483680 total
- age   5:       3600 bytes,     487280 total
 22400K->16051K(24716K), 0.0010503 secs]
39.185: [GC
Desired survivor size 557056 bytes, new threshold 2 (max 15)
- age   1:     518112 bytes,     518112 total
- age   2:      68976 bytes,     587088 total
- age   3:      77200 bytes,     664288 total
- age   4:      57024 bytes,     721312 total
- age   6:       3600 bytes,     724912 total
 22565K->16280K(24716K), 0.0011836 secs]
39.191: [GC
Desired survivor size 557056 bytes, new threshold 2 (max 15)
- age   1:     457680 bytes,     457680 total
- age   2:     100728 bytes,     558408 total
 22805K->16254K(24716K), 0.0011397 secs]
39.196: [GC
Desired survivor size 557056 bytes, new threshold 15 (max 15)
- age   1:     145784 bytes,     145784 total
- age   2:     265528 bytes,     411312 total
 22762K->16201K(24716K), 0.0011050 secs]
39.202: [GC
Desired survivor size 557056 bytes, new threshold 15 (max 15)
- age   1:     225496 bytes,     225496 total
- age   3:     265488 bytes,     490984 total
 22719K->16279K(24716K), 0.0009137 secs]
39.207: [GC
Desired survivor size 557056 bytes, new threshold 2 (max 15)
- age   1:     517864 bytes,     517864 total
- age   2:     192808 bytes,     710672 total
- age   4:     265488 bytes,     976160 total
 22790K->16753K(24716K), 0.0012988 secs]
39.212: [GC
Desired survivor size 557056 bytes, new threshold 2 (max 15)
- age   1:     240968 bytes,     240968 total
- age   2:     356224 bytes,     597192 total
 23254K->16838K(24716K), 0.0014912 secs]
39.218: [GC
Desired survivor size 557056 bytes, new threshold 1 (max 15)
- age   1:     707256 bytes,     707256 total
- age   2:      85056 bytes,     792312 total
 23354K->17376K(24716K), 0.0014073 secs]
39.223: [GC
Desired survivor size 557056 bytes, new threshold 15 (max 15)
- age   1:     378904 bytes,     378904 total
 23899K->17327K(24716K), 0.0011906 secs]
39.228: [GC
Desired survivor size 557056 bytes, new threshold 15 (max 15)
- age   1:     481128 bytes,     481128 total
- age   2:      66920 bytes,     548048 total
 23838K->17491K(24716K), 0.0009278 secs]
39.234: [GC
Desired survivor size 557056 bytes, new threshold 2 (max 15)
- age   1:     550152 bytes,     550152 total
- age   2:     243928 bytes,     794080 total
- age   3:      66920 bytes,     861000 total
 24005K->17797K(24716K), 0.0012050 secs]
39.239: [GC
Desired survivor size 557056 bytes, new threshold 1 (max 15)
- age   1:     661896 bytes,     661896 total
- age   2:     230544 bytes,     892440 total
 24278K->18129K(24908K), 0.0018761 secs]
39.241: [Full GC 18129K->9187K(24908K), 0.0712325 secs]
39.317: [GC
Desired survivor size 557056 bytes, new threshold 1 (max 15)
- age   1:     781376 bytes,     781376 total
 15699K->9954K(24716K), 0.0012070 secs]
39.323: [GC
Desired survivor size 557056 bytes, new threshold 15 (max 15)
- age   1:      68936 bytes,      68936 total
 16404K->9800K(24716K), 0.0021608 secs]
39.331: [GC
Desired survivor size 557056 bytes, new threshold 15 (max 15)
- age   1:     156296 bytes,     156296 total
 16327K->9884K(24716K), 0.0006405 secs]
39.336: [GC
Desired survivor size 557056 bytes, new threshold 2 (max 15)
- age   1:     478912 bytes,     478912 total
- age   2:      86232 bytes,     565144 total
 16393K->10283K(24716K), 0.0010357 secs]
39.341: [GC
Desired survivor size 557056 bytes, new threshold 15 (max 15)
- age   1:     177216 bytes,     177216 total
- age   2:     363736 bytes,     540952 total
 16808K->10350K(24716K), 0.0009587 secs]
39.347: [GC
Desired survivor size 557056 bytes, new threshold 3 (max 15)
- age   1:     367168 bytes,     367168 total
- age   2:     145552 bytes,     512720 total
- age   3:     231712 bytes,     744432 total
 16838K->10547K(24716K), 0.0015875 secs]
39.353: [GC
Desired survivor size 557056 bytes, new threshold 15 (max 15)
- age   1:     231896 bytes,     231896 total
- age   2:     145248 bytes,     377144 total
- age   3:     145552 bytes,     522696 total
 17041K->10558K(24716K), 0.0017296 secs]
39.359: [GC
Desired survivor size 557056 bytes, new threshold 15 (max 15)
- age   1:     106408 bytes,     106408 total
- age   3:     145248 bytes,     251656 total
- age   4:     145552 bytes,     397208 total
 17079K->10436K(24716K), 0.0009586 secs]
39.364: [GC
Desired survivor size 557056 bytes, new threshold 4 (max 15)
- age   1:     405352 bytes,     405352 total
- age   2:      39584 bytes,     444936 total
- age   4:     145248 bytes,     590184 total
- age   5:     145552 bytes,     735736 total
 16959K->10766K(24716K), 0.0012556 secs]
39.371: [GC
Desired survivor size 557056 bytes, new threshold 15 (max 15)
- age   1:      90208 bytes,      90208 total
- age   2:     335512 bytes,     425720 total
- age   3:      39584 bytes,     465304 total
 17294K->10786K(24716K), 0.0014094 secs]
39.378: [GC
Desired survivor size 557056 bytes, new threshold 15 (max 15)
- age   1:     159504 bytes,     159504 total
- age   2:      79000 bytes,     238504 total
- age   3:     168008 bytes,     406512 total
- age   4:      39584 bytes,     446096 total
 17293K->10766K(24716K), 0.0008899 secs]
39.383: [GC
Desired survivor size 557056 bytes, new threshold 2 (max 15)
- age   1:     548672 bytes,     548672 total
- age   2:      58072 bytes,     606744 total
- age   3:      79000 bytes,     685744 total
- age   4:     168008 bytes,     853752 total
- age   5:      39584 bytes,     893336 total
 17284K->11205K(24716K), 0.0011552 secs]
39.389: [GC
Desired survivor size 557056 bytes, new threshold 2 (max 15)
- age   1:     425808 bytes,     425808 total
- age   2:     525816 bytes,     951624 total
 17726K->11769K(24716K), 0.0026002 secs]
39.396: [GC
Desired survivor size 557056 bytes, new threshold 2 (max 15)
- age   1:     393000 bytes,     393000 total
- age   2:     186320 bytes,     579320 total
 18268K->11913K(24716K), 0.0016566 secs]
39.403: [GC
Desired survivor size 557056 bytes, new threshold 15 (max 15)
- age   1:     359776 bytes,     359776 total
- age   2:     151680 bytes,     511456 total
 18441K->12036K(24716K), 0.0011112 secs]
39.411: [GC
Desired survivor size 557056 bytes, new threshold 15 (max 15)
- age   1:     139792 bytes,     139792 total
- age   2:     201840 bytes,     341632 total
- age   3:     151680 bytes,     493312 total
 18564K->12017K(24716K), 0.0011031 secs]
39.420: [GC
Desired survivor size 557056 bytes, new threshold 4 (max 15)
- age   1:     307528 bytes,     307528 total
- age   2:       4248 bytes,     311776 total
- age   3:     201840 bytes,     513616 total
- age   4:     151680 bytes,     665296 total
 18520K->12187K(24716K), 0.0010066 secs]
39.428: [GC
Desired survivor size 557056 bytes, new threshold 4 (max 15)
- age   1:     234152 bytes,     234152 total
- age   2:     134496 bytes,     368648 total
- age   3:       4248 bytes,     372896 total
- age   4:     201840 bytes,     574736 total
 18683K->12246K(24716K), 0.0012395 secs]
39.435: [GC
Desired survivor size 557056 bytes, new threshold 15 (max 15)
- age   1:     190752 bytes,     190752 total
- age   2:     133344 bytes,     324096 total
- age   3:     109944 bytes,     434040 total
- age   4:       3440 bytes,     437480 total
 18754K->12309K(24716K), 0.0010408 secs]
39.441: [GC
Desired survivor size 557056 bytes, new threshold 4 (max 15)
- age   1:     270784 bytes,     270784 total
- age   2:      82312 bytes,     353096 total
- age   3:     132904 bytes,     486000 total
- age   4:     109944 bytes,     595944 total
- age   5:       3440 bytes,     599384 total
 18767K->12467K(24716K), 0.0014418 secs]
39.449: [GC
Desired survivor size 557056 bytes, new threshold 4 (max 15)
- age   1:     239448 bytes,     239448 total
- age   2:     199168 bytes,     438616 total
- age   3:      82312 bytes,     520928 total
- age   4:     132200 bytes,     653128 total
 18986K->12636K(24716K), 0.0010435 secs]
39.457: [GC
Desired survivor size 557056 bytes, new threshold 3 (max 15)
- age   1:     268824 bytes,     268824 total
- age   2:     164160 bytes,     432984 total
- age   3:     198504 bytes,     631488 total
- age   4:       1560 bytes,     633048 total
 19158K->12747K(24716K), 0.0012165 secs]
39.462: [GC
Desired survivor size 557056 bytes, new threshold 15 (max 15)
- age   1:     107096 bytes,     107096 total
- age   2:     241800 bytes,     348896 total
- age   3:     164160 bytes,     513056 total
 19275K->12824K(24716K), 0.0012437 secs]
39.468: [GC
Desired survivor size 557056 bytes, new threshold 15 (max 15)
- age   1:     338432 bytes,     338432 total
- age   2:      80072 bytes,     418504 total
- age   3:       6736 bytes,     425240 total
- age   4:      42520 bytes,     467760 total
 19352K->12773K(24716K), 0.0011417 secs]
39.474: [GC
Desired survivor size 557056 bytes, new threshold 15 (max 15)
- age   1:      51288 bytes,      51288 total
- age   2:     296888 bytes,     348176 total
- age   3:      80072 bytes,     428248 total
- age   4:       6736 bytes,     434984 total
- age   5:      41952 bytes,     476936 total
 19301K->12784K(24716K), 0.0011031 secs]
39.479: [GC
Desired survivor size 557056 bytes, new threshold 15 (max 15)
- age   1:      79312 bytes,      79312 total
- age   2:       5384 bytes,      84696 total
- age   3:     242104 bytes,     326800 total
- age   4:      80072 bytes,     406872 total
- age   5:       6736 bytes,     413608 total
- age   6:      41952 bytes,     455560 total
 19290K->12766K(24716K), 0.0010467 secs]
39.484: [GC
Desired survivor size 557056 bytes, new threshold 15 (max 15)
- age   1:     186104 bytes,     186104 total
- age   2:      30928 bytes,     217032 total
- age   3:       5384 bytes,     222416 total
- age   4:       2528 bytes,     224944 total
- age   5:      80072 bytes,     305016 total
- age   6:       6736 bytes,     311752 total
- age   7:      41952 bytes,     353704 total
 19293K->12669K(24716K), 0.0008587 secs]
39.489: [GC
Desired survivor size 557056 bytes, new threshold 15 (max 15)
- age   1:     167776 bytes,     167776 total
- age   2:     104592 bytes,     272368 total
- age   3:      30928 bytes,     303296 total
- age   4:       5384 bytes,     308680 total
- age   5:       2528 bytes,     311208 total
- age   6:      80032 bytes,     391240 total
- age   7:       4440 bytes,     395680 total
- age   8:      41952 bytes,     437632 total
 19179K->12759K(24716K), 0.0009949 secs]
39.496: [GC
Desired survivor size 557056 bytes, new threshold 1 (max 15)
- age   1:     756664 bytes,     756664 total
- age   2:      61280 bytes,     817944 total
- age   3:     104592 bytes,     922536 total
- age   4:      30928 bytes,     953464 total
- age   5:       5384 bytes,     958848 total
- age   6:       2528 bytes,     961376 total
- age   7:      80032 bytes,    1041408 total
- age   8:       4440 bytes,    1045848 total
- age   9:      41952 bytes,    1087800 total
 19285K->13561K(24716K), 0.0014879 secs]
39.503: [GC
Desired survivor size 557056 bytes, new threshold 15 (max 15)
- age   1:     182008 bytes,     182008 total
 20020K->13514K(24716K), 0.0014616 secs]
39.508: [GC
Desired survivor size 557056 bytes, new threshold 15 (max 15)
- age   1:     360272 bytes,     360272 total
- age   2:      60920 bytes,     421192 total
 20040K->13742K(24716K), 0.0009627 secs]
39.514: [GC
Desired survivor size 557056 bytes, new threshold 3 (max 15)
- age   1:     285128 bytes,     285128 total
- age   2:     261376 bytes,     546504 total
- age   3:      60920 bytes,     607424 total
 20254K->13916K(24716K), 0.0010787 secs]
39.520: [GC
Desired survivor size 557056 bytes, new threshold 1 (max 15)
- age   1:     669744 bytes,     669744 total
- age   2:     203336 bytes,     873080 total
- age   3:     176664 bytes,    1049744 total
 20413K->14415K(24716K), 0.0013065 secs]
39.526: [GC
Desired survivor size 557056 bytes, new threshold 1 (max 15)
- age   1:     746072 bytes,     746072 total
 20915K->14859K(24716K), 0.0017185 secs]
39.534: [GC
Desired survivor size 557056 bytes, new threshold 1 (max 15)
- age   1:     758472 bytes,     758472 total
 21328K->15435K(24716K), 0.0015399 secs]
39.540: [GC
Desired survivor size 557056 bytes, new threshold 15 (max 15)
- age   1:     259096 bytes,     259096 total
 21888K->15363K(24716K), 0.0017709 secs]
39.546: [GC
Desired survivor size 557056 bytes, new threshold 1 (max 15)
- age   1:     616280 bytes,     616280 total
- age   2:     172560 bytes,     788840 total
 21868K->15882K(24716K), 0.0012160 secs]
39.552: [GC
Desired survivor size 557056 bytes, new threshold 15 (max 15)
- age   1:     370888 bytes,     370888 total
 22393K->16069K(24716K), 0.0022139 secs]
39.558: [GC
Desired survivor size 557056 bytes, new threshold 2 (max 15)
- age   1:     322856 bytes,     322856 total
- age   2:     284504 bytes,     607360 total
 22576K->16300K(24716K), 0.0010772 secs]
39.563: [GC
Desired survivor size 557056 bytes, new threshold 15 (max 15)
- age   1:     305456 bytes,     305456 total
- age   2:     169080 bytes,     474536 total
 22789K->16322K(24716K), 0.0011824 secs]
39.571: [GC
Desired survivor size 557056 bytes, new threshold 15 (max 15)
- age   1:     207568 bytes,     207568 total
- age   2:      85248 bytes,     292816 total
- age   3:     169080 bytes,     461896 total
 22832K->16310K(24716K), 0.0014165 secs]
39.578: [GC
Desired survivor size 557056 bytes, new threshold 15 (max 15)
- age   1:     104568 bytes,     104568 total
- age   2:     125216 bytes,     229784 total
- age   3:      84544 bytes,     314328 total
- age   4:     169080 bytes,     483408 total
 22838K->16331K(24716K), 0.0009796 secs]
39.583: [GC
Desired survivor size 557056 bytes, new threshold 4 (max 15)
- age   1:     349440 bytes,     349440 total
- age   2:      30064 bytes,     379504 total
- age   3:     125216 bytes,     504720 total
- age   4:      84544 bytes,     589264 total
- age   5:     169080 bytes,     758344 total
 22859K->16600K(24716K), 0.0014418 secs]
39.589: [GC
Desired survivor size 557056 bytes, new threshold 15 (max 15)
- age   1:     198192 bytes,     198192 total
- age   2:     168304 bytes,     366496 total
- age   3:      30064 bytes,     396560 total
- age   4:     125216 bytes,     521776 total
 23111K->16616K(24716K), 0.0014777 secs]
39.595: [GC
Desired survivor size 557056 bytes, new threshold 15 (max 15)
- age   1:      99832 bytes,      99832 total
- age   2:      41792 bytes,     141624 total
- age   3:     168304 bytes,     309928 total
- age   4:      30064 bytes,     339992 total
- age   5:     125216 bytes,     465208 total
 23144K->16559K(24716K), 0.0018984 secs]
39.602: [GC
Desired survivor size 557056 bytes, new threshold 4 (max 15)
- age   1:     383456 bytes,     383456 total
- age   2:      18696 bytes,     402152 total
- age   3:        320 bytes,     402472 total
- age   4:     168304 bytes,     570776 total
- age   5:      30064 bytes,     600840 total
- age   6:     125216 bytes,     726056 total
 23080K->16817K(24716K), 0.0012688 secs]
39.608: [GC
Desired survivor size 557056 bytes, new threshold 3 (max 15)
- age   1:     395872 bytes,     395872 total
- age   2:     150016 bytes,     545888 total
- age   3:      18696 bytes,     564584 total
- age   4:        320 bytes,     564904 total
 23316K->16979K(24716K), 0.0013371 secs]
39.614: [GC
Desired survivor size 557056 bytes, new threshold 3 (max 15)
- age   1:     177008 bytes,     177008 total
- age   2:     272448 bytes,     449456 total
- age   3:     149352 bytes,     598808 total
 23494K->17035K(24716K), 0.0011622 secs]
39.619: [GC
Desired survivor size 557056 bytes, new threshold 15 (max 15)
- age   1:     209136 bytes,     209136 total
- age   2:      85472 bytes,     294608 total
- age   3:     114120 bytes,     408728 total
 23530K->16907K(24716K), 0.0010731 secs]
39.624: [GC
Desired survivor size 557056 bytes, new threshold 15 (max 15)
- age   1:      98856 bytes,      98856 total
- age   2:     160672 bytes,     259528 total
- age   3:      85080 bytes,     344608 total
- age   4:     114120 bytes,     458728 total
 23428K->16956K(24716K), 0.0010258 secs]
39.629: [GC
Desired survivor size 557056 bytes, new threshold 15 (max 15)
- age   1:     177792 bytes,     177792 total
- age   2:       1824 bytes,     179616 total
- age   3:     160672 bytes,     340288 total
- age   4:      85080 bytes,     425368 total
- age   5:     114120 bytes,     539488 total
 23483K->17034K(24716K), 0.0010743 secs]
39.634: [GC
Desired survivor size 557056 bytes, new threshold 4 (max 15)
- age   1:     425184 bytes,     425184 total
- age   2:      40224 bytes,     465408 total
- age   3:       1824 bytes,     467232 total
- age   4:     160672 bytes,     627904 total
- age   5:      85080 bytes,     712984 total
- age   6:     114120 bytes,     827104 total
 23546K->17315K(24716K), 0.0016254 secs]
39.639: [GC
Desired survivor size 557056 bytes, new threshold 15 (max 15)
- age   1:     168432 bytes,     168432 total
- age   2:     180704 bytes,     349136 total
- age   3:      40224 bytes,     389360 total
- age   4:       1824 bytes,     391184 total
 23774K->17244K(24716K), 0.0015884 secs]
39.645: [GC
Desired survivor size 557056 bytes, new threshold 1 (max 15)
- age   1:     689400 bytes,     689400 total
- age   2:      57312 bytes,     746712 total
- age   3:     180704 bytes,     927416 total
- age   4:      40224 bytes,     967640 total
- age   5:       1824 bytes,     969464 total
 23709K->17808K(24716K), 0.0025310 secs]
39.651: [GC
Desired survivor size 557056 bytes, new threshold 15 (max 15)
- age   1:     144560 bytes,     144560 total
 24276K->17732K(25292K), 0.0019276 secs]
39.654: [Full GC 17732K->9063K(25292K), 0.0706030 secs]
39.729: [GC
Desired survivor size 557056 bytes, new threshold 15 (max 15)
- age   1:     385160 bytes,     385160 total
 15548K->9439K(24716K), 0.0007883 secs]
39.734: [GC
Desired survivor size 557056 bytes, new threshold 15 (max 15)
- age   1:     160904 bytes,     160904 total
- age   2:     324488 bytes,     485392 total
 15945K->9539K(24716K), 0.0009344 secs]
39.738: [GC
Desired survivor size 557056 bytes, new threshold 15 (max 15)
- age   1:     106264 bytes,     106264 total
- age   2:     128224 bytes,     234488 total
- age   3:     120248 bytes,     354736 total
 16038K->9411K(24716K), 0.0011016 secs]
39.744: [GC
Desired survivor size 557056 bytes, new threshold 2 (max 15)
- age   1:     539848 bytes,     539848 total
- age   2:      69232 bytes,     609080 total
- age   3:     128224 bytes,     737304 total
- age   4:     120248 bytes,     857552 total
 15934K->9902K(24716K), 0.0012363 secs]
39.750: [GC
Desired survivor size 557056 bytes, new threshold 15 (max 15)
- age   1:      48232 bytes,      48232 total
- age   2:     501080 bytes,     549312 total
 16356K->9926K(24716K), 0.0014470 secs]
39.760: [GC
Desired survivor size 557056 bytes, new threshold 3 (max 15)
- age   1:      56304 bytes,      56304 total
- age   2:       3720 bytes,      60024 total
- age   3:     501080 bytes,     561104 total
 16434K->9937K(24716K), 0.0012292 secs]
39.765: [GC
Desired survivor size 557056 bytes, new threshold 15 (max 15)
- age   1:     224552 bytes,     224552 total
- age   2:       8552 bytes,     233104 total
- age   3:       3720 bytes,     236824 total
 16447K->10113K(24716K), 0.0012933 secs]
39.771: [GC
Desired survivor size 557056 bytes, new threshold 2 (max 15)
- age   1:     431560 bytes,     431560 total
- age   2:     138048 bytes,     569608 total
- age   3:       8112 bytes,     577720 total
- age   4:       3720 bytes,     581440 total
 16641K->10447K(24716K), 0.0012985 secs]
39.782: [GC
Desired survivor size 557056 bytes, new threshold 2 (max 15)
- age   1:     358496 bytes,     358496 total
- age   2:     278888 bytes,     637384 total
 16975K->10648K(24716K), 0.0011577 secs]
39.789: [GC
Desired survivor size 557056 bytes, new threshold 15 (max 15)
- age   1:      88224 bytes,      88224 total
- age   2:     123608 bytes,     211832 total
 17176K->10500K(24716K), 0.0010571 secs]
39.794: [GC
Desired survivor size 557056 bytes, new threshold 15 (max 15)
- age   1:      96232 bytes,      96232 total
- age   2:       7184 bytes,     103416 total
- age   3:     123608 bytes,     227024 total
 17023K->10516K(24716K), 0.0007731 secs]
39.800: [GC
Desired survivor size 557056 bytes, new threshold 15 (max 15)
- age   1:     273120 bytes,     273120 total
- age   2:      89168 bytes,     362288 total
- age   3:       7184 bytes,     369472 total
- age   4:     123608 bytes,     493080 total
 17044K->10777K(24716K), 0.0009884 secs]
39.805: [GC
Desired survivor size 557056 bytes, new threshold 15 (max 15)
- age   1:      70056 bytes,      70056 total
- age   2:     225720 bytes,     295776 total
- age   3:      87544 bytes,     383320 total
- age   4:       7184 bytes,     390504 total
- age   5:     123608 bytes,     514112 total
 17288K->10805K(24716K), 0.0010836 secs]
39.810: [GC
Desired survivor size 557056 bytes, new threshold 1 (max 15)
- age   1:     653592 bytes,     653592 total
- age   2:      18808 bytes,     672400 total
- age   3:     201592 bytes,     873992 total
- age   4:      87544 bytes,     961536 total
- age   5:       7184 bytes,     968720 total
- age   6:     123608 bytes,    1092328 total
 17305K->11383K(24716K), 0.0013420 secs]
39.815: [GC
Desired survivor size 557056 bytes, new threshold 15 (max 15)
- age   1:     461024 bytes,     461024 total
 17862K->11790K(24716K), 0.0016733 secs]
39.822: [GC
Desired survivor size 557056 bytes, new threshold 1 (max 15)
- age   1:     621512 bytes,     621512 total
- age   2:     374640 bytes,     996152 total
 18275K->12295K(24716K), 0.0019293 secs]
39.828: [GC
Desired survivor size 557056 bytes, new threshold 15 (max 15)
- age   1:     189216 bytes,     189216 total
 18822K->12258K(24716K), 0.0013913 secs]
39.835: [GC
Desired survivor size 557056 bytes, new threshold 15 (max 15)
- age   1:     385056 bytes,     385056 total
- age   2:     145024 bytes,     530080 total
 18774K->12591K(24716K), 0.0008911 secs]
39.839: [GC
Desired survivor size 557056 bytes, new threshold 3 (max 15)
- age   1:     137904 bytes,     137904 total
- age   2:     310864 bytes,     448768 total
- age   3:     145024 bytes,     593792 total
 19111K->12653K(24716K), 0.0014523 secs]
39.845: [GC
Desired survivor size 557056 bytes, new threshold 3 (max 15)
- age   1:     284224 bytes,     284224 total
- age   2:     110976 bytes,     395200 total
- age   3:     243408 bytes,     638608 total
 19176K->12838K(24716K), 0.0011807 secs]
39.851: [GC
Desired survivor size 557056 bytes, new threshold 15 (max 15)
- age   1:     129608 bytes,     129608 total
- age   2:     224736 bytes,     354344 total
- age   3:     110976 bytes,     465320 total
 19338K->12775K(24716K), 0.0009802 secs]
39.856: [GC
Desired survivor size 557056 bytes, new threshold 3 (max 15)
- age   1:     343136 bytes,     343136 total
- age   3:     224736 bytes,     567872 total
- age   4:     110976 bytes,     678848 total
 19278K->12984K(24716K), 0.0011015 secs]
39.862: [GC
Desired survivor size 557056 bytes, new threshold 15 (max 15)
- age   1:     342416 bytes,     342416 total
- age   2:      40064 bytes,     382480 total
 19504K->12969K(24716K), 0.0009329 secs]
39.869: [GC
Desired survivor size 557056 bytes, new threshold 15 (max 15)
- age   1:     149192 bytes,     149192 total
- age   2:     314416 bytes,     463608 total
- age   3:      40064 bytes,     503672 total
 19456K->13087K(24716K), 0.0008490 secs]
39.874: [GC
Desired survivor size 557056 bytes, new threshold 15 (max 15)
- age   1:      76544 bytes,      76544 total
- age   2:      66576 bytes,     143120 total
- age   3:     314416 bytes,     457536 total
- age   4:      40064 bytes,     497600 total
 19613K->13081K(24716K), 0.0012569 secs]
39.879: [GC
Desired survivor size 557056 bytes, new threshold 4 (max 15)
- age   1:     371672 bytes,     371672 total
- age   2:      47888 bytes,     419560 total
- age   3:      66576 bytes,     486136 total
- age   4:     314416 bytes,     800552 total
- age   5:      40064 bytes,     840616 total
 19579K->13415K(24716K), 0.0011519 secs]
39.886: [GC
Desired survivor size 557056 bytes, new threshold 15 (max 15)
- age   1:     276768 bytes,     276768 total
- age   2:     151968 bytes,     428736 total
- age   3:      47888 bytes,     476624 total
- age   4:      66576 bytes,     543200 total
 19915K->13477K(24716K), 0.0014592 secs]
39.892: [GC
Desired survivor size 557056 bytes, new threshold 3 (max 15)
- age   1:     407552 bytes,     407552 total
- age   2:     141584 bytes,     549136 total
- age   3:     151968 bytes,     701104 total
- age   4:      47888 bytes,     748992 total
- age   5:      66576 bytes,     815568 total
 19992K->13744K(24716K), 0.0035522 secs]
39.901: [GC
Desired survivor size 557056 bytes, new threshold 1 (max 15)
- age   1:     564816 bytes,     564816 total
- age   2:     369384 bytes,     934200 total
- age   3:      94392 bytes,    1028592 total
 20264K->14220K(24716K), 0.0017760 secs]
39.908: [GC
Desired survivor size 557056 bytes, new threshold 15 (max 15)
- age   1:     481144 bytes,     481144 total
 20695K->14558K(24716K), 0.0015849 secs]
39.916: [GC
Desired survivor size 557056 bytes, new threshold 2 (max 15)
- age   1:     274840 bytes,     274840 total
- age   2:     350704 bytes,     625544 total
 21086K->14701K(24716K), 0.0009942 secs]
39.921: [GC
Desired survivor size 557056 bytes, new threshold 2 (max 15)
- age   1:     435896 bytes,     435896 total
- age   2:     121920 bytes,     557816 total
 21228K->14977K(24716K), 0.0011743 secs]
39.927: [GC
Desired survivor size 557056 bytes, new threshold 15 (max 15)
- age   1:     110336 bytes,     110336 total
- age   2:     222064 bytes,     332400 total
 21500K->14873K(24716K), 0.0009746 secs]
39.932: [GC
Desired survivor size 557056 bytes, new threshold 15 (max 15)
- age   1:     217408 bytes,     217408 total
- age   2:      42224 bytes,     259632 total
- age   3:      66344 bytes,     325976 total
 21374K->14865K(24716K), 0.0007997 secs]
39.938: [GC
Desired survivor size 557056 bytes, new threshold 15 (max 15)
- age   1:     234800 bytes,     234800 total
- age   2:      79072 bytes,     313872 total
- age   4:      66344 bytes,     380216 total
 21378K->14918K(24716K), 0.0007582 secs]
39.942: [GC
Desired survivor size 557056 bytes, new threshold 5 (max 15)
- age   1:     347792 bytes,     347792 total
- age   2:     145016 bytes,     492808 total
- age   5:      66344 bytes,     559152 total
 21419K->15093K(24716K), 0.0010712 secs]
39.949: [GC
Desired survivor size 557056 bytes, new threshold 3 (max 15)
- age   1:     326256 bytes,     326256 total
- age   2:     166400 bytes,     492656 total
- age   3:     145016 bytes,     637672 total
 21546K->15235K(24716K), 0.0012032 secs]
39.954: [GC
Desired survivor size 557056 bytes, new threshold 15 (max 15)
- age   1:     172008 bytes,     172008 total
- age   2:     116072 bytes,     288080 total
- age   3:     166400 bytes,     454480 total
 21731K->15197K(24716K), 0.0012565 secs]
39.959: [GC
Desired survivor size 557056 bytes, new threshold 4 (max 15)
- age   1:     200224 bytes,     200224 total
- age   2:      75288 bytes,     275512 total
- age   3:     116072 bytes,     391584 total
- age   4:     166400 bytes,     557984 total
 21721K->15298K(24716K), 0.0014316 secs]
39.964: [GC
Desired survivor size 557056 bytes, new threshold 2 (max 15)
- age   1:     486816 bytes,     486816 total
- age   2:     124840 bytes,     611656 total
- age   4:     116072 bytes,     727728 total
 21813K->15627K(24716K), 0.0013167 secs]
39.970: [GC
Desired survivor size 557056 bytes, new threshold 15 (max 15)
- age   1:     235224 bytes,     235224 total
- age   2:     100376 bytes,     335600 total
 22107K->15487K(24716K), 0.0011105 secs]
39.976: [GC
Desired survivor size 557056 bytes, new threshold 1 (max 15)
- age   1:     596408 bytes,     596408 total
- age   2:      78760 bytes,     675168 total
- age   3:      66424 bytes,     741592 total
 21988K->15883K(24716K), 0.0012698 secs]
39.982: [GC
Desired survivor size 557056 bytes, new threshold 15 (max 15)
- age   1:     291232 bytes,     291232 total
 22346K->15912K(24716K), 0.0012037 secs]
39.987: [GC
Desired survivor size 557056 bytes, new threshold 2 (max 15)
- age   1:     412960 bytes,     412960 total
- age   2:     157392 bytes,     570352 total
 22421K->16185K(24716K), 0.0009825 secs]
39.992: [GC
Desired survivor size 557056 bytes, new threshold 15 (max 15)
- age   1:     110056 bytes,     110056 total
- age   2:     148384 bytes,     258440 total
 22673K->16042K(24716K), 0.0011662 secs]
39.998: [GC
Desired survivor size 557056 bytes, new threshold 3 (max 15)
- age   1:     456960 bytes,     456960 total
- age   2:      55648 bytes,     512608 total
- age   3:     148384 bytes,     660992 total
 22536K->16435K(24716K), 0.0009103 secs]
40.003: [GC
Desired survivor size 557056 bytes, new threshold 3 (max 15)
- age   1:     220184 bytes,     220184 total
- age   2:     321880 bytes,     542064 total
- age   3:      55648 bytes,     597712 total
 22922K->16518K(24716K), 0.0011880 secs]
40.008: [GC
Desired survivor size 557056 bytes, new threshold 3 (max 15)
- age   1:     250128 bytes,     250128 total
- age   2:     162984 bytes,     413112 total
- age   3:     321880 bytes,     734992 total
 23042K->16706K(24716K), 0.0013967 secs]
40.014: [GC
Desired survivor size 557056 bytes, new threshold 15 (max 15)
- age   1:     214768 bytes,     214768 total
- age   2:     203928 bytes,     418696 total
 23205K->16712K(24716K), 0.0012382 secs]
40.019: [GC
Desired survivor size 557056 bytes, new threshold 2 (max 15)
- age   1:     432848 bytes,     432848 total
- age   2:     165280 bytes,     598128 total
- age   3:     203928 bytes,     802056 total
 23196K->17086K(24716K), 0.0011704 secs]
40.024: [GC
Desired survivor size 557056 bytes, new threshold 15 (max 15)
- age   1:     138672 bytes,     138672 total
- age   2:     328248 bytes,     466920 total
 23586K->16958K(24716K), 0.0015219 secs]
40.030: [GC
Desired survivor size 557056 bytes, new threshold 3 (max 15)
- age   1:     231976 bytes,     231976 total
- age   2:      84168 bytes,     316144 total
- age   3:     328248 bytes,     644392 total
 23447K->17131K(24716K), 0.0010351 secs]
40.035: [GC
Desired survivor size 557056 bytes, new threshold 15 (max 15)
- age   1:     231368 bytes,     231368 total
- age   2:     171984 bytes,     403352 total
 23646K->17216K(24716K), 0.0011053 secs]
40.040: [GC
Desired survivor size 557056 bytes, new threshold 15 (max 15)
- age   1:     252576 bytes,     252576 total
- age   2:      62008 bytes,     314584 total
- age   3:     171984 bytes,     486568 total
 23724K->17297K(24716K), 0.0010109 secs]
40.046: [GC
Desired survivor size 557056 bytes, new threshold 4 (max 15)
- age   1:     461376 bytes,     461376 total
- age   2:      83008 bytes,     544384 total
- age   4:      58448 bytes,     602832 total
 23776K->17411K(24716K), 0.0018263 secs]
40.051: [GC
Desired survivor size 557056 bytes, new threshold 15 (max 15)
- age   1:     145912 bytes,     145912 total
- age   2:     317344 bytes,     463256 total
- age   3:      83008 bytes,     546264 total
 23937K->17413K(24716K), 0.0020223 secs]
40.057: [GC
Desired survivor size 557056 bytes, new threshold 15 (max 15)
- age   1:     291008 bytes,     291008 total
- age   2:      86464 bytes,     377472 total
- age   3:      64944 bytes,     442416 total
- age   4:      82976 bytes,     525392 total
 23898K->17393K(24716K), 0.0009544 secs]
40.062: [GC
Desired survivor size 557056 bytes, new threshold 5 (max 15)
- age   1:     263664 bytes,     263664 total
- age   2:     169752 bytes,     433416 total
- age   3:      86464 bytes,     519880 total
- age   5:      82976 bytes,     602856 total
 23860K->17468K(24716K), 0.0010059 secs]
40.069: [GC
Desired survivor size 557056 bytes, new threshold 15 (max 15)
- age   1:     262720 bytes,     262720 total
- age   2:     196888 bytes,     459608 total
- age   4:      86464 bytes,     546072 total
 23959K->17494K(24716K), 0.0011047 secs]
40.078: [GC
Desired survivor size 557056 bytes, new threshold 1 (max 15)
- age   1:     598616 bytes,     598616 total
- age   2:     176320 bytes,     774936 total
- age   3:     133592 bytes,     908528 total
- age   5:      86464 bytes,     994992 total
 24009K->17930K(24716K), 0.0014878 secs]
40.085: [GC
Desired survivor size 557056 bytes, new threshold 15 (max 15)
- age   1:     551168 bytes,     551168 total
 24458K->18210K(25292K), 0.0017826 secs]
40.087: [Full GC 18210K->9093K(25292K), 0.0703082 secs]
40.162: [GC
Desired survivor size 557056 bytes, new threshold 15 (max 15)
- age   1:     325136 bytes,     325136 total
 15621K->9413K(24716K), 0.0010147 secs]
40.167: [GC
Desired survivor size 557056 bytes, new threshold 2 (max 15)
- age   1:     318544 bytes,     318544 total
- age   2:     319000 bytes,     637544 total
 15933K->9718K(24716K), 0.0010850 secs]
40.173: [GC
Desired survivor size 557056 bytes, new threshold 1 (max 15)
- age   1:     687352 bytes,     687352 total
- age   2:     235880 bytes,     923232 total
 16238K->10324K(24716K), 0.0014518 secs]
40.179: [GC
Desired survivor size 557056 bytes, new threshold 15 (max 15)
- age   1:     401000 bytes,     401000 total
 16850K->10551K(24716K), 0.0016990 secs]
40.185: [GC
Desired survivor size 557056 bytes, new threshold 15 (max 15)
- age   1:     158344 bytes,     158344 total
- age   2:     167872 bytes,     326216 total
 17048K->10478K(24716K), 0.0009104 secs]
40.190: [GC
Desired survivor size 557056 bytes, new threshold 2 (max 15)
- age   1:     537192 bytes,     537192 total
- age   2:      92464 bytes,     629656 total
- age   3:     167872 bytes,     797528 total
 16915K->10936K(24716K), 0.0013801 secs]
40.195: [GC
Desired survivor size 557056 bytes, new threshold 2 (max 15)
- age   1:     221624 bytes,     221624 total
- age   2:     481280 bytes,     702904 total
 17419K->11100K(24716K), 0.0013999 secs]
40.201: [GC
Desired survivor size 557056 bytes, new threshold 2 (max 15)
- age   1:     426160 bytes,     426160 total
- age   2:     164024 bytes,     590184 total
 17608K->11394K(24716K), 0.0012847 secs]
40.207: [GC
Desired survivor size 557056 bytes, new threshold 2 (max 15)
- age   1:     306240 bytes,     306240 total
- age   2:     314824 bytes,     621064 total
 17921K->11585K(24716K), 0.0010844 secs]
40.212: [GC
Desired survivor size 557056 bytes, new threshold 15 (max 15)
- age   1:     118504 bytes,     118504 total
- age   2:     139832 bytes,     258336 total
 18068K->11536K(24716K), 0.0011487 secs]
40.218: [GC
Desired survivor size 557056 bytes, new threshold 15 (max 15)
- age   1:     234712 bytes,     234712 total
- age   2:      63320 bytes,     298032 total
- age   3:     139832 bytes,     437864 total
 18044K->11712K(24716K), 0.0008733 secs]
40.227: [GC
Desired survivor size 557056 bytes, new threshold 2 (max 15)
- age   1:     378816 bytes,     378816 total
- age   2:     234144 bytes,     612960 total
- age   4:      92312 bytes,     705272 total
 18158K->11974K(24716K), 0.0011455 secs]
40.233: [GC
Desired survivor size 557056 bytes, new threshold 15 (max 15)
- age   1:     168888 bytes,     168888 total
- age   2:     298872 bytes,     467760 total
 18502K->12065K(24716K), 0.0012547 secs]
40.239: [GC
Desired survivor size 557056 bytes, new threshold 15 (max 15)
- age   1:      84368 bytes,      84368 total
- age   2:     167184 bytes,     251552 total
- age   3:     145368 bytes,     396920 total
 18586K->11996K(24716K), 0.0013824 secs]
40.244: [GC
Desired survivor size 557056 bytes, new threshold 2 (max 15)
- age   1:     556648 bytes,     556648 total
- age   2:      59752 bytes,     616400 total
- age   3:     167344 bytes,     783744 total
- age   4:     144664 bytes,     928408 total
 18514K->12514K(24716K), 0.0013900 secs]
40.250: [GC
Desired survivor size 557056 bytes, new threshold 2 (max 15)
- age   1:     281528 bytes,     281528 total
- age   2:     495392 bytes,     776920 total
 19024K->12736K(24716K), 0.0013913 secs]
40.257: [GC
Desired survivor size 557056 bytes, new threshold 1 (max 15)
- age   1:     648000 bytes,     648000 total
- age   2:     281440 bytes,     929440 total
 19257K->13238K(24716K), 0.0015136 secs]
40.263: [GC
Desired survivor size 557056 bytes, new threshold 1 (max 15)
- age   1:     675880 bytes,     675880 total
 19766K->13671K(24716K), 0.0015865 secs]
40.270: [GC
Desired survivor size 557056 bytes, new threshold 15 (max 15)
- age   1:     173928 bytes,     173928 total
 20195K->13758K(24716K), 0.0012753 secs]
40.276: [GC
Desired survivor size 557056 bytes, new threshold 15 (max 15)
- age   1:     118176 bytes,     118176 total
- age   2:     167896 bytes,     286072 total
 20281K->13868K(24716K), 0.0008879 secs]
40.281: [GC
Desired survivor size 557056 bytes, new threshold 15 (max 15)
- age   1:     269968 bytes,     269968 total
- age   2:      86440 bytes,     356408 total
- age   3:       5552 bytes,     361960 total
 20370K->13943K(24716K), 0.0011337 secs]
40.288: [GC
Desired survivor size 557056 bytes, new threshold 15 (max 15)
- age   1:     437968 bytes,     437968 total
- age   3:      86440 bytes,     524408 total
- age   4:       5552 bytes,     529960 total
 20418K->14108K(24716K), 0.0009608 secs]
40.293: [GC
Desired survivor size 557056 bytes, new threshold 1 (max 15)
- age   1:     562472 bytes,     562472 total
- age   2:     201792 bytes,     764264 total
- age   4:      86440 bytes,     850704 total
- age   5:       5552 bytes,     856256 total
 20579K->14427K(24716K), 0.0014488 secs]
40.298: [GC
Desired survivor size 557056 bytes, new threshold 15 (max 15)
- age   1:     395544 bytes,     395544 total
 20919K->14667K(24716K), 0.0021272 secs]
40.305: [GC
Desired survivor size 557056 bytes, new threshold 15 (max 15)
- age   1:     139120 bytes,     139120 total
- age   2:      41736 bytes,     180856 total
 21179K->14458K(24716K), 0.0006924 secs]
40.313: [GC
Desired survivor size 557056 bytes, new threshold 15 (max 15)
- age   1:     132448 bytes,     132448 total
- age   2:      24624 bytes,     157072 total
- age   3:      41736 bytes,     198808 total
 20982K->14474K(24716K), 0.0007242 secs]
40.318: [GC
Desired survivor size 557056 bytes, new threshold 15 (max 15)
- age   1:     155960 bytes,     155960 total
- age   2:      63136 bytes,     219096 total
- age   3:      24264 bytes,     243360 total
- age   4:      41736 bytes,     285096 total
 21002K->14558K(24716K), 0.0013935 secs]
40.324: [GC
Desired survivor size 557056 bytes, new threshold 15 (max 15)
- age   1:      98680 bytes,      98680 total
- age   2:     153744 bytes,     252424 total
- age   3:       1024 bytes,     253448 total
- age   4:      24264 bytes,     277712 total
- age   5:      41736 bytes,     319448 total
 21080K->14591K(24716K), 0.0008670 secs]
40.329: [GC
Desired survivor size 557056 bytes, new threshold 15 (max 15)
- age   1:      85360 bytes,      85360 total
- age   2:      31216 bytes,     116576 total
- age   3:     153744 bytes,     270320 total
- age   4:        920 bytes,     271240 total
- age   5:      24264 bytes,     295504 total
- age   6:      41736 bytes,     337240 total
 21108K->14610K(24716K), 0.0008723 secs]
40.335: [GC
Desired survivor size 557056 bytes, new threshold 15 (max 15)
- age   1:      98096 bytes,      98096 total
- age   2:       3640 bytes,     101736 total
- age   3:      31216 bytes,     132952 total
- age   4:     153744 bytes,     286696 total
- age   5:        808 bytes,     287504 total
- age   6:      24264 bytes,     311768 total
- age   7:      41736 bytes,     353504 total
 21132K->14629K(24716K), 0.0008341 secs]
40.343: [GC
Desired survivor size 557056 bytes, new threshold 1 (max 15)
- age   1:     570696 bytes,     570696 total
- age   2:      94464 bytes,     665160 total
- age   3:       3640 bytes,     668800 total
- age   4:      31216 bytes,     700016 total
- age   5:     153744 bytes,     853760 total
- age   6:        808 bytes,     854568 total
- age   7:      24264 bytes,     878832 total
- age   8:      41736 bytes,     920568 total
 21145K->15187K(24716K), 0.0013528 secs]
40.350: [GC
Desired survivor size 557056 bytes, new threshold 15 (max 15)
- age   1:      91848 bytes,      91848 total
 21715K->15186K(24716K), 0.0012560 secs]
40.356: [GC
Desired survivor size 557056 bytes, new threshold 15 (max 15)
- age   1:     227008 bytes,     227008 total
- age   2:       3184 bytes,     230192 total
 21697K->15310K(24716K), 0.0006618 secs]
40.360: [GC
Desired survivor size 557056 bytes, new threshold 15 (max 15)
- age   1:     289480 bytes,     289480 total
- age   2:     194240 bytes,     483720 total
- age   3:       3184 bytes,     486904 total
 21821K->15558K(24716K), 0.0009190 secs]
40.365: [GC
Desired survivor size 557056 bytes, new threshold 3 (max 15)
- age   1:     300272 bytes,     300272 total
- age   2:     252448 bytes,     552720 total
- age   3:     194240 bytes,     746960 total
- age   4:       3184 bytes,     750144 total
 22055K->15815K(24716K), 0.0014726 secs]
40.372: [GC
Desired survivor size 557056 bytes, new threshold 2 (max 15)
- age   1:     442544 bytes,     442544 total
- age   2:     214576 bytes,     657120 total
- age   3:     252448 bytes,     909568 total
 22322K->16169K(24716K), 0.0017149 secs]
40.378: [GC
Desired survivor size 557056 bytes, new threshold 2 (max 15)
- age   1:     352424 bytes,     352424 total
- age   2:     393136 bytes,     745560 total
 22678K->16390K(24716K), 0.0014913 secs]
40.384: [GC
Desired survivor size 557056 bytes, new threshold 15 (max 15)
- age   1:     239008 bytes,     239008 total
- age   2:     189056 bytes,     428064 total
 22843K->16327K(24716K), 0.0018019 secs]
40.391: [GC
Desired survivor size 557056 bytes, new threshold 2 (max 15)
- age   1:     517104 bytes,     517104 total
- age   2:     167432 bytes,     684536 total
- age   3:     189056 bytes,     873592 total
 22826K->16764K(24716K), 0.0013773 secs]
40.398: [GC
Desired survivor size 557056 bytes, new threshold 2 (max 15)
- age   1:     284232 bytes,     284232 total
- age   2:     314296 bytes,     598528 total
 23234K->16680K(24716K), 0.0012507 secs]
40.403: [GC
Desired survivor size 557056 bytes, new threshold 2 (max 15)
- age   1:     505512 bytes,     505512 total
- age   2:     199896 bytes,     705408 total
 23194K->17091K(24716K), 0.0015254 secs]
40.409: [GC
Desired survivor size 557056 bytes, new threshold 2 (max 15)
- age   1:     511808 bytes,     511808 total
- age   2:     212208 bytes,     724016 total
 23604K->17241K(24716K), 0.0014181 secs]
40.414: [GC
Desired survivor size 557056 bytes, new threshold 15 (max 15)
- age   1:     318048 bytes,     318048 total
 23762K->17052K(24716K), 0.0009614 secs]
40.420: [GC
Desired survivor size 557056 bytes, new threshold 2 (max 15)
- age   1:     272544 bytes,     272544 total
- age   2:     318048 bytes,     590592 total
 23563K->17318K(24716K), 0.0011274 secs]
40.425: [GC
Desired survivor size 557056 bytes, new threshold 15 (max 15)
- age   1:     231688 bytes,     231688 total
- age   2:     216520 bytes,     448208 total
 23815K->17488K(24716K), 0.0013051 secs]
40.430: [GC
Desired survivor size 557056 bytes, new threshold 3 (max 15)
- age   1:     357200 bytes,     357200 total
- age   2:     173992 bytes,     531192 total
- age   3:     216520 bytes,     747712 total
 24006K->17782K(24716K), 0.0011305 secs]
40.437: [GC
Desired survivor size 557056 bytes, new threshold 3 (max 15)
- age   1:     181344 bytes,     181344 total
- age   2:     236848 bytes,     418192 total
- age   3:     173992 bytes,     592184 total
 24295K->17842K(24908K), 0.0012048 secs]
40.438: [Full GC 17842K->8117K(24908K), 0.0727424 secs]
40.516: [GC
Desired survivor size 557056 bytes, new threshold 15 (max 15)
- age   1:     546104 bytes,     546104 total
 14637K->8655K(24716K), 0.0009233 secs]
40.520: [GC
Desired survivor size 557056 bytes, new threshold 15 (max 15)
- age   1:     145840 bytes,     145840 total
- age   2:     272512 bytes,     418352 total
 15141K->8530K(24716K), 0.0009740 secs]
40.526: [GC
Desired survivor size 557056 bytes, new threshold 15 (max 15)
- age   1:      84848 bytes,      84848 total
- age   2:      67968 bytes,     152816 total
- age   3:     272512 bytes,     425328 total
 15017K->8536K(24716K), 0.0009980 secs]
40.531: [GC
Desired survivor size 557056 bytes, new threshold 15 (max 15)
- age   1:     181080 bytes,     181080 total
- age   2:       3400 bytes,     184480 total
- age   3:      67968 bytes,     252448 total
- age   4:     272512 bytes,     524960 total
 15061K->8634K(24716K), 0.0010794 secs]
40.536: [GC
Desired survivor size 557056 bytes, new threshold 5 (max 15)
- age   1:     125984 bytes,     125984 total
- age   2:     170904 bytes,     296888 total
- age   3:       3400 bytes,     300288 total
- age   4:      67968 bytes,     368256 total
- age   5:     272512 bytes,     640768 total
 15154K->8747K(24716K), 0.0011809 secs]
40.542: [GC
Desired survivor size 557056 bytes, new threshold 3 (max 15)
- age   1:     450248 bytes,     450248 total
- age   2:      79144 bytes,     529392 total
- age   3:     170904 bytes,     700296 total
- age   4:       3400 bytes,     703696 total
- age   5:      67968 bytes,     771664 total
 15263K->9143K(24716K), 0.0014168 secs]
40.547: [GC
Desired survivor size 557056 bytes, new threshold 15 (max 15)
- age   1:     130800 bytes,     130800 total
- age   2:     122856 bytes,     253656 total
- age   3:      79144 bytes,     332800 total
 15667K->8963K(24716K), 0.0011426 secs]
40.553: [GC
Desired survivor size 557056 bytes, new threshold 15 (max 15)
- age   1:     131280 bytes,     131280 total
- age   2:      77968 bytes,     209248 total
- age   3:     122856 bytes,     332104 total
- age   4:      79144 bytes,     411248 total
 15454K->9039K(24716K), 0.0014411 secs]
40.558: [GC
Desired survivor size 557056 bytes, new threshold 4 (max 15)
- age   1:     301256 bytes,     301256 total
- age   2:     102608 bytes,     403864 total
- age   3:      77968 bytes,     481832 total
- age   4:     122856 bytes,     604688 total
- age   5:      79144 bytes,     683832 total
 15560K->9305K(24716K), 0.0014459 secs]
40.564: [GC
Desired survivor size 557056 bytes, new threshold 3 (max 15)
- age   1:     405160 bytes,     405160 total
- age   2:     137064 bytes,     542224 total
- age   3:     102608 bytes,     644832 total
 15777K->9464K(24716K), 0.0011888 secs]
40.569: [GC
Desired survivor size 557056 bytes, new threshold 15 (max 15)
- age   1:     264120 bytes,     264120 total
- age   3:     137064 bytes,     401184 total
 15981K->9326K(24716K), 0.0009470 secs]
40.574: [GC
Desired survivor size 557056 bytes, new threshold 15 (max 15)
- age   1:     192384 bytes,     192384 total
- age   2:      78272 bytes,     270656 total
- age   4:     137064 bytes,     407720 total
 15820K->9333K(24716K), 0.0011548 secs]
40.579: [GC
Desired survivor size 557056 bytes, new threshold 15 (max 15)
- age   1:     103152 bytes,     103152 total
- age   2:      94752 bytes,     197904 total
- age   3:      78272 bytes,     276176 total
- age   5:     137064 bytes,     413240 total
 15816K->9338K(24716K), 0.0009807 secs]
40.585: [GC
Desired survivor size 557056 bytes, new threshold 15 (max 15)
- age   1:     287040 bytes,     287040 total
- age   2:      24168 bytes,     311208 total
- age   3:      17360 bytes,     328568 total
- age   4:      78272 bytes,     406840 total
- age   6:     137064 bytes,     543904 total
 15844K->9466K(24716K), 0.0010191 secs]
40.591: [GC
Desired survivor size 557056 bytes, new threshold 5 (max 15)
- age   1:     384296 bytes,     384296 total
- age   2:     125408 bytes,     509704 total
- age   3:      24168 bytes,     533872 total
- age   4:      17360 bytes,     551232 total
- age   5:      78272 bytes,     629504 total
- age   7:     137064 bytes,     766568 total
 15929K->9683K(24716K), 0.0011364 secs]
40.596: [GC
Desired survivor size 557056 bytes, new threshold 2 (max 15)
- age   1:     256008 bytes,     256008 total
- age   2:     384256 bytes,     640264 total
- age   3:      38288 bytes,     678552 total
- age   5:      17360 bytes,     695912 total
 16158K->9824K(24716K), 0.0013153 secs]
40.602: [GC
Desired survivor size 557056 bytes, new threshold 15 (max 15)
- age   1:     127448 bytes,     127448 total
- age   2:     214840 bytes,     342288 total
 16280K->9828K(24716K), 0.0009752 secs]
40.607: [GC
Desired survivor size 557056 bytes, new threshold 15 (max 15)
- age   1:     198768 bytes,     198768 total
- age   2:      43728 bytes,     242496 total
- age   3:     136712 bytes,     379208 total
 16355K->9864K(24716K), 0.0008222 secs]
40.612: [GC
Desired survivor size 557056 bytes, new threshold 15 (max 15)
- age   1:     109432 bytes,     109432 total
- age   2:     168640 bytes,     278072 total
- age   3:      43728 bytes,     321800 total
- age   4:     136712 bytes,     458512 total
 16349K->9941K(24716K), 0.0009510 secs]
40.617: [GC
Desired survivor size 557056 bytes, new threshold 5 (max 15)
- age   1:     211752 bytes,     211752 total
- age   2:      81440 bytes,     293192 total
- age   3:     168640 bytes,     461832 total
- age   4:      43728 bytes,     505560 total
- age   5:     136712 bytes,     642272 total
 16450K->10121K(24716K), 0.0011010 secs]
40.622: [GC
Desired survivor size 557056 bytes, new threshold 15 (max 15)
- age   1:     158128 bytes,     158128 total
- age   2:      58456 bytes,     216584 total
- age   3:      81440 bytes,     298024 total
- age   4:     168640 bytes,     466664 total
- age   5:      43728 bytes,     510392 total
 16630K->10133K(24716K), 0.0010467 secs]
40.627: [GC
Desired survivor size 557056 bytes, new threshold 15 (max 15)
- age   1:     103824 bytes,     103824 total
- age   3:      58456 bytes,     162280 total
- age   4:      81440 bytes,     243720 total
- age   5:     168640 bytes,     412360 total
- age   6:      43728 bytes,     456088 total
 16646K->10080K(24716K), 0.0009493 secs]
40.632: [GC
Desired survivor size 557056 bytes, new threshold 4 (max 15)
- age   1:     453496 bytes,     453496 total
- age   2:      65048 bytes,     518544 total
- age   4:      58456 bytes,     577000 total
- age   5:      81440 bytes,     658440 total
- age   6:     168640 bytes,     827080 total
- age   7:      43728 bytes,     870808 total
 16578K->10485K(24716K), 0.0014308 secs]
40.637: [GC
Desired survivor size 557056 bytes, new threshold 2 (max 15)
- age   1:     291240 bytes,     291240 total
- age   2:     270928 bytes,     562168 total
- age   3:      65048 bytes,     627216 total
 17013K->10591K(24716K), 0.0014285 secs]
40.643: [GC
Desired survivor size 557056 bytes, new threshold 15 (max 15)
- age   1:     349264 bytes,     349264 total
- age   2:      64232 bytes,     413496 total
 17081K->10719K(24716K), 0.0011795 secs]
40.650: [GC
Desired survivor size 557056 bytes, new threshold 1 (max 15)
- age   1:     611464 bytes,     611464 total
- age   2:     129656 bytes,     741120 total
- age   3:      64232 bytes,     805352 total
 17240K->11101K(24716K), 0.0009257 secs]
40.655: [GC
Desired survivor size 557056 bytes, new threshold 15 (max 15)
- age   1:     283336 bytes,     283336 total
 17619K->11245K(24716K), 0.0013668 secs]
40.663: [GC
Desired survivor size 557056 bytes, new threshold 2 (max 15)
- age   1:     525400 bytes,     525400 total
- age   2:     214760 bytes,     740160 total
 17656K->11692K(24716K), 0.0013149 secs]
40.669: [GC
Desired survivor size 557056 bytes, new threshold 2 (max 15)
- age   1:     469256 bytes,     469256 total
- age   2:     461256 bytes,     930512 total
 18218K->12045K(24716K), 0.0014221 secs]
40.674: [GC
Desired survivor size 557056 bytes, new threshold 2 (max 15)
- age   1:     288968 bytes,     288968 total
- age   2:     403280 bytes,     692248 total
 18560K->12263K(24716K), 0.0015250 secs]
40.681: [GC
Desired survivor size 557056 bytes, new threshold 15 (max 15)
- age   1:     289344 bytes,     289344 total
- age   2:     154592 bytes,     443936 total
 18745K->12285K(24716K), 0.0010824 secs]
40.687: [GC
Desired survivor size 557056 bytes, new threshold 3 (max 15)
- age   1:     277120 bytes,     277120 total
- age   2:     152640 bytes,     429760 total
- age   3:     154592 bytes,     584352 total
 18800K->12420K(24716K), 0.0011607 secs]
40.693: [GC
Desired survivor size 557056 bytes, new threshold 1 (max 15)
- age   1:     768560 bytes,     768560 total
- age   2:     277120 bytes,    1045680 total
- age   3:      54448 bytes,    1100128 total
 18938K->13309K(24716K), 0.0018153 secs]
40.699: [GC
Desired survivor size 557056 bytes, new threshold 15 (max 15)
- age   1:     336104 bytes,     336104 total
 19824K->13525K(24716K), 0.0021621 secs]
40.706: [GC
Desired survivor size 557056 bytes, new threshold 2 (max 15)
- age   1:     458896 bytes,     458896 total
- age   2:     278344 bytes,     737240 total
 20010K->13919K(24716K), 0.0010607 secs]
40.712: [GC
Desired survivor size 557056 bytes, new threshold 15 (max 15)
- age   1:     162104 bytes,     162104 total
- age   2:     307128 bytes,     469232 total
 20408K->13926K(24716K), 0.0016404 secs]
40.719: [GC
Desired survivor size 557056 bytes, new threshold 15 (max 15)
- age   1:     306104 bytes,     306104 total
- age   2:       3328 bytes,     309432 total
- age   3:     131720 bytes,     441152 total
 20434K->13898K(24716K), 0.0009713 secs]
40.726: [GC
Desired survivor size 557056 bytes, new threshold 15 (max 15)
- age   1:     133584 bytes,     133584 total
- age   2:     244680 bytes,     378264 total
- age   3:       3328 bytes,     381592 total
- age   4:     131720 bytes,     513312 total
 20383K->13976K(24716K), 0.0011868 secs]
40.731: [GC
Desired survivor size 557056 bytes, new threshold 5 (max 15)
- age   1:     185416 bytes,     185416 total
- age   2:      64632 bytes,     250048 total
- age   3:     244680 bytes,     494728 total
- age   4:       3328 bytes,     498056 total
- age   5:     131720 bytes,     629776 total
 20461K->14092K(24716K), 0.0012412 secs]
40.737: [GC
Desired survivor size 557056 bytes, new threshold 15 (max 15)
- age   1:      56944 bytes,      56944 total
- age   2:     145928 bytes,     202872 total
- age   3:      64632 bytes,     267504 total
- age   4:      86400 bytes,     353904 total
- age   5:       3328 bytes,     357232 total
 20620K->13951K(24716K), 0.0012816 secs]
40.742: [GC
Desired survivor size 557056 bytes, new threshold 15 (max 15)
- age   1:     179520 bytes,     179520 total
- age   2:      42072 bytes,     221592 total
- age   3:     145928 bytes,     367520 total
- age   4:      64632 bytes,     432152 total
- age   5:      86400 bytes,     518552 total
- age   6:       3328 bytes,     521880 total
 20464K->14109K(24716K), 0.0010910 secs]
40.747: [GC
Desired survivor size 557056 bytes, new threshold 6 (max 15)
- age   1:     171200 bytes,     171200 total
- age   2:     137360 bytes,     308560 total
- age   3:      42072 bytes,     350632 total
- age   4:      74456 bytes,     425088 total
- age   5:      64632 bytes,     489720 total
- age   6:      86400 bytes,     576120 total
- age   7:       3328 bytes,     579448 total
 20596K->14172K(24716K), 0.0020848 secs]
40.754: [GC
Desired survivor size 557056 bytes, new threshold 1 (max 15)
- age   1:     601416 bytes,     601416 total
- age   2:     145560 bytes,     746976 total
- age   3:     137360 bytes,     884336 total
- age   4:      42072 bytes,     926408 total
- age   5:      74456 bytes,    1000864 total
- age   6:      64632 bytes,    1065496 total
 20634K->14743K(24716K), 0.0015014 secs]
40.760: [GC
Desired survivor size 557056 bytes, new threshold 15 (max 15)
- age   1:     116920 bytes,     116920 total
 21248K->14684K(24716K), 0.0015599 secs]
40.765: [GC
Desired survivor size 557056 bytes, new threshold 15 (max 15)
- age   1:     219888 bytes,     219888 total
- age   2:      31928 bytes,     251816 total
 21194K->14816K(24716K), 0.0008784 secs]
40.770: [GC
Desired survivor size 557056 bytes, new threshold 15 (max 15)
- age   1:     186744 bytes,     186744 total
- age   2:     172528 bytes,     359272 total
- age   3:      31896 bytes,     391168 total
 21295K->14952K(24716K), 0.0009020 secs]
40.775: [GC
Desired survivor size 557056 bytes, new threshold 15 (max 15)
- age   1:     191320 bytes,     191320 total
- age   2:      85136 bytes,     276456 total
- age   3:     172528 bytes,     448984 total
- age   4:      31896 bytes,     480880 total
 21406K->15039K(24716K), 0.0010611 secs]
40.780: [GC
Desired survivor size 557056 bytes, new threshold 4 (max 15)
- age   1:     211808 bytes,     211808 total
- age   2:     121416 bytes,     333224 total
- age   3:      85136 bytes,     418360 total
- age   4:     172528 bytes,     590888 total
- age   5:      31896 bytes,     622784 total
 21559K->15178K(24716K), 0.0011215 secs]
40.785: [GC
Desired survivor size 557056 bytes, new threshold 2 (max 15)
- age   1:     370824 bytes,     370824 total
- age   2:     186784 bytes,     557608 total
- age   3:     121416 bytes,     679024 total
- age   4:      85136 bytes,     764160 total
 21684K->15516K(24716K), 0.0014546 secs]
40.791: [GC
Desired survivor size 557056 bytes, new threshold 2 (max 15)
- age   1:     435656 bytes,     435656 total
- age   2:     211112 bytes,     646768 total
 22028K->15590K(24716K), 0.0014344 secs]
40.797: [GC
Desired survivor size 557056 bytes, new threshold 1 (max 15)
- age   1:     582864 bytes,     582864 total
- age   2:     162320 bytes,     745184 total
 22059K->15894K(24716K), 0.0026411 secs]
40.804: [GC
Desired survivor size 557056 bytes, new threshold 15 (max 15)
- age   1:     316592 bytes,     316592 total
 22388K->15873K(24716K), 0.0011441 secs]
40.810: [GC
Desired survivor size 557056 bytes, new threshold 2 (max 15)
- age   1:     471688 bytes,     471688 total
- age   2:     172792 bytes,     644480 total
 22392K->16195K(24716K), 0.0009510 secs]
40.815: [GC
Desired survivor size 557056 bytes, new threshold 2 (max 15)
- age   1:     369928 bytes,     369928 total
- age   2:     357096 bytes,     727024 total
 22694K->16453K(24716K), 0.0013137 secs]
40.822: [GC
Desired survivor size 557056 bytes, new threshold 1 (max 15)
- age   1:     753616 bytes,     753616 total
- age   2:     323712 bytes,    1077328 total
 22967K->17141K(24716K), 0.0023564 secs]
40.829: [GC
Desired survivor size 557056 bytes, new threshold 15 (max 15)
- age   1:     419384 bytes,     419384 total
 23638K->17266K(24716K), 0.0015531 secs]
40.838: [GC
Desired survivor size 557056 bytes, new threshold 2 (max 15)
- age   1:     490024 bytes,     490024 total
- age   2:     279568 bytes,     769592 total
 23753K->17608K(24716K), 0.0012753 secs]
40.845: [GC
Desired survivor size 557056 bytes, new threshold 1 (max 15)
- age   1:     649080 bytes,     649080 total
- age   2:     379368 bytes,    1028448 total
 24100K->18002K(24716K), 0.0013105 secs]
40.852: [GC
Desired survivor size 557056 bytes, new threshold 15 (max 15)
- age   1:     411920 bytes,     411920 total
 24462K->18283K(25676K), 0.0018526 secs]
40.854: [Full GC 18283K->9001K(25676K), 0.0719403 secs]
40.931: [GC
Desired survivor size 557056 bytes, new threshold 15 (max 15)
- age   1:     278328 bytes,     278328 total
 15407K->9277K(24716K), 0.0007911 secs]
40.938: [GC
Desired survivor size 557056 bytes, new threshold 15 (max 15)
- age   1:     255488 bytes,     255488 total
- age   2:     209336 bytes,     464824 total
 15805K->9457K(24716K), 0.0007428 secs]
40.943: [GC
Desired survivor size 557056 bytes, new threshold 15 (max 15)
- age   1:     121520 bytes,     121520 total
- age   2:      91640 bytes,     213160 total
- age   3:     209336 bytes,     422496 total
 15949K->9418K(24716K), 0.0009818 secs]
40.948: [GC
Desired survivor size 557056 bytes, new threshold 2 (max 15)
- age   1:     497832 bytes,     497832 total
- age   2:      73040 bytes,     570872 total
- age   3:      52968 bytes,     623840 total
- age   4:     209336 bytes,     833176 total
 15945K->9819K(24716K), 0.0017277 secs]
40.956: [GC
Desired survivor size 557056 bytes, new threshold 2 (max 15)
- age   1:     323536 bytes,     323536 total
- age   2:     313456 bytes,     636992 total
 16327K->9968K(24716K), 0.0023310 secs]
40.964: [GC
Desired survivor size 557056 bytes, new threshold 15 (max 15)
- age   1:     130560 bytes,     130560 total
- age   2:     280368 bytes,     410928 total
 16496K->10052K(24716K), 0.0011505 secs]
40.970: [GC
Desired survivor size 557056 bytes, new threshold 15 (max 15)
- age   1:     187384 bytes,     187384 total
- age   2:      83336 bytes,     270720 total
- age   3:     145872 bytes,     416592 total
 16548K->10058K(24716K), 0.0009447 secs]
40.975: [GC
Desired survivor size 557056 bytes, new threshold 15 (max 15)
- age   1:     268256 bytes,     268256 total
- age   2:      51168 bytes,     319424 total
- age   3:      83336 bytes,     402760 total
- age   4:     145872 bytes,     548632 total
 16563K->10187K(24716K), 0.0009703 secs]
40.981: [GC
Desired survivor size 557056 bytes, new threshold 3 (max 15)
- age   1:     515536 bytes,     515536 total
- age   3:      51168 bytes,     566704 total
- age   4:      83336 bytes,     650040 total
- age   5:     145872 bytes,     795912 total
 16664K->10428K(24716K), 0.0014513 secs]
40.987: [GC
Desired survivor size 557056 bytes, new threshold 2 (max 15)
- age   1:     362896 bytes,     362896 total
- age   2:     297304 bytes,     660200 total
 16946K->10567K(24716K), 0.0013373 secs]
40.992: [GC
Desired survivor size 557056 bytes, new threshold 15 (max 15)
- age   1:     148064 bytes,     148064 total
- age   2:     251024 bytes,     399088 total
 17077K->10603K(24716K), 0.0016841 secs]
40.999: [GC
Desired survivor size 557056 bytes, new threshold 2 (max 15)
- age   1:     495472 bytes,     495472 total
- age   2:      82752 bytes,     578224 total
- age   3:     251024 bytes,     829248 total
 17118K->11023K(24716K), 0.0012311 secs]
41.007: [GC
Desired survivor size 557056 bytes, new threshold 15 (max 15)
- age   1:     164704 bytes,     164704 total
- age   2:     269448 bytes,     434152 total
 17551K->10969K(24716K), 0.0010012 secs]
41.012: [GC
Desired survivor size 557056 bytes, new threshold 3 (max 15)
- age   1:     456536 bytes,     456536 total
- age   2:       6360 bytes,     462896 total
- age   3:     269448 bytes,     732344 total
 17495K->11261K(24716K), 0.0011257 secs]
41.017: [GC
Desired survivor size 557056 bytes, new threshold 15 (max 15)
- age   1:     157944 bytes,     157944 total
- age   2:     227616 bytes,     385560 total
- age   3:       6360 bytes,     391920 total
 17729K->11192K(24716K), 0.0011326 secs]
41.022: [GC
Desired survivor size 557056 bytes, new threshold 3 (max 15)
- age   1:     309928 bytes,     309928 total
- age   2:      77968 bytes,     387896 total
- age   3:     227616 bytes,     615512 total
- age   4:       6360 bytes,     621872 total
 17704K->11418K(24716K), 0.0010635 secs]
41.030: [GC
Desired survivor size 557056 bytes, new threshold 1 (max 15)
- age   1:     613280 bytes,     613280 total
- age   2:     232472 bytes,     845752 total
- age   3:      77968 bytes,     923720 total
 17939K->11943K(24716K), 0.0014162 secs]
41.036: [GC
Desired survivor size 557056 bytes, new threshold 15 (max 15)
- age   1:     240384 bytes,     240384 total
 18459K->12021K(24716K), 0.0013444 secs]
41.041: [GC
Desired survivor size 557056 bytes, new threshold 15 (max 15)
- age   1:     389336 bytes,     389336 total
- age   2:      79880 bytes,     469216 total
 18529K->12245K(24716K), 0.0008938 secs]
41.046: [GC
Desired survivor size 557056 bytes, new threshold 15 (max 15)
- age   1:     161392 bytes,     161392 total
- age   2:     153352 bytes,     314744 total
- age   3:      79880 bytes,     394624 total
 18748K->12172K(24716K), 0.0009538 secs]
41.052: [GC
Desired survivor size 557056 bytes, new threshold 3 (max 15)
- age   1:     384080 bytes,     384080 total
- age   2:      83120 bytes,     467200 total
- age   3:     153352 bytes,     620552 total
- age   4:      79880 bytes,     700432 total
 18699K->12470K(24716K), 0.0011790 secs]
41.057: [GC
Desired survivor size 557056 bytes, new threshold 2 (max 15)
- age   1:     542136 bytes,     542136 total
- age   2:     224368 bytes,     766504 total
- age   3:      83120 bytes,     849624 total
 18948K->12844K(24716K), 0.0013435 secs]
41.063: [GC
Desired survivor size 557056 bytes, new threshold 2 (max 15)
- age   1:     377048 bytes,     377048 total
- age   2:     437536 bytes,     814584 total
 19371K->13110K(24716K), 0.0013606 secs]
41.070: [GC
Desired survivor size 557056 bytes, new threshold 15 (max 15)
- age   1:     358672 bytes,     358672 total
- age   2:     163712 bytes,     522384 total
 19585K->13102K(24716K), 0.0012151 secs]
41.076: [GC
Desired survivor size 557056 bytes, new threshold 3 (max 15)
- age   1:     303448 bytes,     303448 total
- age   2:     110096 bytes,     413544 total
- age   3:     163712 bytes,     577256 total
 19622K->13155K(24716K), 0.0009288 secs]
41.082: [GC
Desired survivor size 557056 bytes, new threshold 15 (max 15)
- age   1:     116776 bytes,     116776 total
- age   2:      81720 bytes,     198496 total
 19619K->12945K(24716K), 0.0008484 secs]
41.087: [GC
Desired survivor size 557056 bytes, new threshold 2 (max 15)
- age   1:     518048 bytes,     518048 total
- age   2:      59640 bytes,     577688 total
 19428K->13316K(24716K), 0.0010472 secs]
41.093: [GC
Desired survivor size 557056 bytes, new threshold 1 (max 15)
- age   1:     607360 bytes,     607360 total
- age   2:     285576 bytes,     892936 total
 19817K->13690K(24716K), 0.0015179 secs]
41.099: [GC
Desired survivor size 557056 bytes, new threshold 15 (max 15)
- age   1:     125128 bytes,     125128 total
 20200K->13520K(24716K), 0.0014682 secs]
41.106: [GC
Desired survivor size 557056 bytes, new threshold 15 (max 15)
- age   1:     383944 bytes,     383944 total
- age   2:      60184 bytes,     444128 total
 20013K->13831K(24716K), 0.0008840 secs]
41.111: [GC
Desired survivor size 557056 bytes, new threshold 1 (max 15)
- age   1:     643008 bytes,     643008 total
- age   2:     165952 bytes,     808960 total
- age   3:      60184 bytes,     869144 total
 20341K->14246K(24716K), 0.0015794 secs]
41.117: [GC
Desired survivor size 557056 bytes, new threshold 15 (max 15)
- age   1:     154224 bytes,     154224 total
 20682K->14081K(24716K), 0.0012191 secs]
41.122: [GC
Desired survivor size 557056 bytes, new threshold 15 (max 15)
- age   1:     382272 bytes,     382272 total
- age   2:      69176 bytes,     451448 total
 20577K->14373K(24716K), 0.0009636 secs]
41.129: [GC
Desired survivor size 557056 bytes, new threshold 2 (max 15)
- age   1:     388776 bytes,     388776 total
- age   2:     209576 bytes,     598352 total
- age   3:      69176 bytes,     667528 total
 20890K->14581K(24716K), 0.0020780 secs]
41.136: [GC
Desired survivor size 557056 bytes, new threshold 2 (max 15)
- age   1:     276464 bytes,     276464 total
- age   2:     313576 bytes,     590040 total
 21090K->14781K(24716K), 0.0013378 secs]
41.142: [GC
Desired survivor size 557056 bytes, new threshold 15 (max 15)
- age   1:      86592 bytes,      86592 total
- age   2:     197200 bytes,     283792 total
 21180K->14786K(24716K), 0.0011918 secs]
41.150: [GC
Desired survivor size 557056 bytes, new threshold 15 (max 15)
- age   1:      88768 bytes,      88768 total
- age   2:       4000 bytes,      92768 total
- age   3:     197200 bytes,     289968 total
 21244K->14790K(24716K), 0.0008757 secs]
41.155: [GC
Desired survivor size 557056 bytes, new threshold 15 (max 15)
- age   1:     127440 bytes,     127440 total
- age   2:       2960 bytes,     130400 total
- age   3:       4000 bytes,     134400 total
- age   4:     197088 bytes,     331488 total
 21220K->14835K(24716K), 0.0010351 secs]
41.160: [GC
Desired survivor size 557056 bytes, new threshold 15 (max 15)
- age   1:     189712 bytes,     189712 total
- age   2:       2424 bytes,     192136 total
- age   3:       2960 bytes,     195096 total
- age   4:       4000 bytes,     199096 total
- age   5:     197088 bytes,     396184 total
 21346K->14898K(24716K), 0.0010645 secs]
41.164: [GC
Desired survivor size 557056 bytes, new threshold 6 (max 15)
- age   1:     270544 bytes,     270544 total
- age   2:     170072 bytes,     440616 total
- age   3:       2424 bytes,     443040 total
- age   4:       2960 bytes,     446000 total
- age   5:       4000 bytes,     450000 total
- age   6:     197088 bytes,     647088 total
 21395K->15143K(24716K), 0.0011653 secs]
41.170: [GC
Desired survivor size 557056 bytes, new threshold 15 (max 15)
- age   1:      48248 bytes,      48248 total
- age   2:     246072 bytes,     294320 total
- age   3:     170072 bytes,     464392 total
- age   4:       2424 bytes,     466816 total
- age   5:       2960 bytes,     469776 total
- age   6:       4000 bytes,     473776 total
 21653K->15174K(24716K), 0.0013655 secs]
41.175: [GC
Desired survivor size 557056 bytes, new threshold 4 (max 15)
- age   1:     132680 bytes,     132680 total
- age   2:      36224 bytes,     168904 total
- age   3:     246072 bytes,     414976 total
- age   4:     170072 bytes,     585048 total
- age   5:       2424 bytes,     587472 total
- age   6:       2960 bytes,     590432 total
- age   7:       4000 bytes,     594432 total
 21693K->15292K(24716K), 0.0011821 secs]
41.180: [GC
Desired survivor size 557056 bytes, new threshold 4 (max 15)
- age   1:     217744 bytes,     217744 total
- age   2:     114568 bytes,     332312 total
- age   3:      36224 bytes,     368536 total
- age   4:     246072 bytes,     614608 total
 21803K->15491K(24716K), 0.0012778 secs]
41.186: [GC
Desired survivor size 557056 bytes, new threshold 2 (max 15)
- age   1:     444592 bytes,     444592 total
- age   2:     194072 bytes,     638664 total
- age   3:     114568 bytes,     753232 total
- age   4:      36224 bytes,     789456 total
 22015K->15903K(24716K), 0.0014204 secs]
41.191: [GC
Desired survivor size 557056 bytes, new threshold 2 (max 15)
- age   1:     477312 bytes,     477312 total
- age   2:     165216 bytes,     642528 total
 22421K->16092K(24716K), 0.0013632 secs]
41.197: [GC
Desired survivor size 557056 bytes, new threshold 2 (max 15)
- age   1:     430400 bytes,     430400 total
- age   2:     164664 bytes,     595064 total
 22572K->16205K(24716K), 0.0018324 secs]
41.204: [GC
Desired survivor size 557056 bytes, new threshold 15 (max 15)
- age   1:     171144 bytes,     171144 total
- age   2:      31032 bytes,     202176 total
 22682K->15984K(24716K), 0.0008874 secs]
41.209: [GC
Desired survivor size 557056 bytes, new threshold 2 (max 15)
- age   1:     521336 bytes,     521336 total
- age   2:      84808 bytes,     606144 total
 22504K->16378K(24716K), 0.0011780 secs]
41.217: [GC
Desired survivor size 557056 bytes, new threshold 15 (max 15)
- age   1:     298248 bytes,     298248 total
- age   2:     253816 bytes,     552064 total
 22892K->16407K(24716K), 0.0011555 secs]
41.223: [GC
Desired survivor size 557056 bytes, new threshold 2 (max 15)
- age   1:     346464 bytes,     346464 total
- age   2:     267736 bytes,     614200 total
- age   3:     253816 bytes,     868016 total
 22932K->16715K(24716K), 0.0013041 secs]
41.231: [GC
Desired survivor size 557056 bytes, new threshold 15 (max 15)
- age   1:     177792 bytes,     177792 total
- age   2:     230248 bytes,     408040 total
 23243K->16781K(24716K), 0.0012055 secs]
41.236: [GC
Desired survivor size 557056 bytes, new threshold 2 (max 15)
- age   1:     428664 bytes,     428664 total
- age   2:     176088 bytes,     604752 total
- age   3:     168120 bytes,     772872 total
 23300K->17142K(24716K), 0.0014407 secs]
41.241: [GC
Desired survivor size 557056 bytes, new threshold 15 (max 15)
- age   1:     126904 bytes,     126904 total
- age   2:     404656 bytes,     531560 total
 23661K->17244K(24716K), 0.0014635 secs]
41.247: [GC
Desired survivor size 557056 bytes, new threshold 3 (max 15)
- age   1:     472664 bytes,     472664 total
- age   2:      71816 bytes,     544480 total
- age   3:     404656 bytes,     949136 total
 23744K->17651K(24716K), 0.0023523 secs]
41.253: [GC
Desired survivor size 557056 bytes, new threshold 3 (max 15)
- age   1:     284000 bytes,     284000 total
- age   2:     219080 bytes,     503080 total
- age   3:      71816 bytes,     574896 total
 24154K->17686K(24908K), 0.0017935 secs]
41.256: [Full GC 17686K->8884K(24908K), 0.0711668 secs]
41.332: [GC
Desired survivor size 557056 bytes, new threshold 15 (max 15)
- age   1:     378848 bytes,     378848 total
 15354K->9258K(24716K), 0.0008440 secs]
41.337: [GC
Desired survivor size 557056 bytes, new threshold 2 (max 15)
- age   1:     522968 bytes,     522968 total
- age   2:     127608 bytes,     650576 total
 15738K->9523K(24716K), 0.0010239 secs]
41.343: [GC
Desired survivor size 557056 bytes, new threshold 2 (max 15)
- age   1:     437496 bytes,     437496 total
- age   2:     181192 bytes,     618688 total
 16022K->9616K(24716K), 0.0011002 secs]
41.349: [GC
Desired survivor size 557056 bytes, new threshold 15 (max 15)
- age   1:     310984 bytes,     310984 total
- age   2:     207264 bytes,     518248 total
 16124K->9703K(24716K), 0.0009367 secs]
41.354: [GC
Desired survivor size 557056 bytes, new threshold 15 (max 15)
- age   1:     159088 bytes,     159088 total
- age   3:     207264 bytes,     366352 total
 16167K->9553K(24716K), 0.0011230 secs]
41.359: [GC
Desired survivor size 557056 bytes, new threshold 2 (max 15)
- age   1:     511896 bytes,     511896 total
- age   2:      80368 bytes,     592264 total
- age   4:     207264 bytes,     799528 total
 16066K->9978K(24716K), 0.0013439 secs]
41.365: [GC
Desired survivor size 557056 bytes, new threshold 15 (max 15)
- age   1:     148072 bytes,     148072 total
- age   2:     283160 bytes,     431232 total
 16502K->9907K(24716K), 0.0011339 secs]
41.370: [GC
Desired survivor size 557056 bytes, new threshold 3 (max 15)
- age   1:     340552 bytes,     340552 total
- age   2:      63424 bytes,     403976 total
- age   3:     283160 bytes,     687136 total
 16430K->10157K(24716K), 0.0010881 secs]
41.375: [GC
Desired survivor size 557056 bytes, new threshold 1 (max 15)
- age   1:     608624 bytes,     608624 total
- age   2:     170480 bytes,     779104 total
 16654K->10445K(24716K), 0.0015674 secs]
41.384: [GC
Desired survivor size 557056 bytes, new threshold 15 (max 15)
- age   1:     407344 bytes,     407344 total
 16899K->10435K(24716K), 0.0012390 secs]
41.389: [GC
Desired survivor size 557056 bytes, new threshold 15 (max 15)
- age   1:     229760 bytes,     229760 total
- age   2:     326376 bytes,     556136 total
 16916K->10580K(24716K), 0.0010388 secs]
41.395: [GC
Desired survivor size 557056 bytes, new threshold 3 (max 15)
- age   1:     217864 bytes,     217864 total
- age   2:      66416 bytes,     284280 total
- age   3:     325672 bytes,     609952 total
 17057K->10633K(24716K), 0.0010825 secs]
41.401: [GC
Desired survivor size 557056 bytes, new threshold 2 (max 15)
- age   1:     443000 bytes,     443000 total
- age   2:     133008 bytes,     576008 total
- age   3:      66416 bytes,     642424 total
 17119K->10982K(24716K), 0.0016175 secs]
41.409: [GC
Desired survivor size 557056 bytes, new threshold 2 (max 15)
- age   1:     325200 bytes,     325200 total
- age   2:     376432 bytes,     701632 total
 17430K->11234K(24716K), 0.0013166 secs]
41.415: [GC
Desired survivor size 557056 bytes, new threshold 2 (max 15)
- age   1:     394888 bytes,     394888 total
- age   2:     255520 bytes,     650408 total
 17746K->11310K(24716K), 0.0012519 secs]
41.420: [GC
Desired survivor size 557056 bytes, new threshold 15 (max 15)
- age   1:     154984 bytes,     154984 total
- age   2:     258184 bytes,     413168 total
 17831K->11163K(24716K), 0.0009917 secs]
41.425: [GC
Desired survivor size 557056 bytes, new threshold 15 (max 15)
- age   1:     257072 bytes,     257072 total
- age   2:      69944 bytes,     327016 total
- age   3:       4144 bytes,     331160 total
 17670K->11079K(24716K), 0.0007951 secs]
41.431: [GC
Desired survivor size 557056 bytes, new threshold 15 (max 15)
- age   1:     103904 bytes,     103904 total
- age   2:     170616 bytes,     274520 total
- age   3:      69904 bytes,     344424 total
- age   4:       3792 bytes,     348216 total
 17574K->11094K(24716K), 0.0015574 secs]
41.438: [GC
Desired survivor size 557056 bytes, new threshold 15 (max 15)
- age   1:      66072 bytes,      66072 total
- age   2:      38552 bytes,     104624 total
- age   3:     170616 bytes,     275240 total
- age   4:      69904 bytes,     345144 total
- age   5:       3792 bytes,     348936 total
 17622K->11097K(24716K), 0.0011435 secs]
41.443: [GC
Desired survivor size 557056 bytes, new threshold 4 (max 15)
- age   1:     315080 bytes,     315080 total
- age   2:      40760 bytes,     355840 total
- age   3:      38552 bytes,     394392 total
- age   4:     170616 bytes,     565008 total
- age   5:      69904 bytes,     634912 total
- age   6:       3792 bytes,     638704 total
 17601K->11380K(24716K), 0.0013220 secs]
41.449: [GC
Desired survivor size 557056 bytes, new threshold 15 (max 15)
- age   1:     194280 bytes,     194280 total
- age   2:     257096 bytes,     451376 total
- age   3:      40184 bytes,     491560 total
- age   4:      38552 bytes,     530112 total
 17904K->11518K(24716K), 0.0011036 secs]
41.455: [GC
Desired survivor size 557056 bytes, new threshold 15 (max 15)
- age   1:     116008 bytes,     116008 total
- age   2:      76192 bytes,     192200 total
- age   3:     257096 bytes,     449296 total
- age   4:      40184 bytes,     489480 total
- age   5:      38552 bytes,     528032 total
 18031K->11514K(24716K), 0.0008640 secs]
41.460: [GC
Desired survivor size 557056 bytes, new threshold 4 (max 15)
- age   1:     221176 bytes,     221176 total
- age   2:      70216 bytes,     291392 total
- age   3:      76192 bytes,     367584 total
- age   4:     257096 bytes,     624680 total
- age   5:      40184 bytes,     664864 total
- age   6:      38552 bytes,     703416 total
 18037K->11685K(24716K), 0.0011633 secs]
41.470: [GC
Desired survivor size 557056 bytes, new threshold 4 (max 15)
- age   1:     298688 bytes,     298688 total
- age   2:     134712 bytes,     433400 total
- age   3:      70216 bytes,     503616 total
- age   4:      75560 bytes,     579176 total
 18192K->11898K(24716K), 0.0014533 secs]
41.477: [GC
Desired survivor size 557056 bytes, new threshold 15 (max 15)
- age   1:     181696 bytes,     181696 total
- age   2:     112328 bytes,     294024 total
- age   3:     134712 bytes,     428736 total
- age   4:      70216 bytes,     498952 total
 18407K->11895K(24716K), 0.0016099 secs]
41.487: [GC
Desired survivor size 557056 bytes, new threshold 4 (max 15)
- age   1:     328208 bytes,     328208 total
- age   2:      40968 bytes,     369176 total
- age   3:     111152 bytes,     480328 total
- age   4:     134712 bytes,     615040 total
- age   5:      70216 bytes,     685256 total
 18423K->12075K(24716K), 0.0019314 secs]
41.493: [GC
Desired survivor size 557056 bytes, new threshold 15 (max 15)
- age   1:     122392 bytes,     122392 total
- age   2:      97808 bytes,     220200 total
- age   3:      40968 bytes,     261168 total
- age   4:     111152 bytes,     372320 total
 18549K->11978K(24716K), 0.0011469 secs]
41.499: [GC
Desired survivor size 557056 bytes, new threshold 3 (max 15)
- age   1:     505040 bytes,     505040 total
- age   3:      97808 bytes,     602848 total
- age   4:      40968 bytes,     643816 total
- age   5:     111152 bytes,     754968 total
 18494K->12347K(24716K), 0.0010441 secs]
41.505: [GC
Desired survivor size 557056 bytes, new threshold 2 (max 15)
- age   1:     507136 bytes,     507136 total
- age   2:     169328 bytes,     676464 total
 18845K->12515K(24716K), 0.0014219 secs]
41.512: [GC
Desired survivor size 557056 bytes, new threshold 1 (max 15)
- age   1:     854464 bytes,     854464 total
- age   2:     102288 bytes,     956752 total
 18971K->12951K(24716K), 0.0012570 secs]
41.517: [GC
Desired survivor size 557056 bytes, new threshold 15 (max 15)
- age   1:     255368 bytes,     255368 total
 19471K->13035K(24716K), 0.0017154 secs]
41.523: [GC
Desired survivor size 557056 bytes, new threshold 15 (max 15)
- age   1:     384952 bytes,     384952 total
- age   2:     117440 bytes,     502392 total
 19557K->13278K(24716K), 0.0009093 secs]
41.531: [GC
Desired survivor size 557056 bytes, new threshold 15 (max 15)
- age   1:     189832 bytes,     189832 total
- age   2:      45888 bytes,     235720 total
- age   3:      12856 bytes,     248576 total
 19781K->13028K(24716K), 0.0007356 secs]
41.537: [GC
Desired survivor size 557056 bytes, new threshold 15 (max 15)
- age   1:     128400 bytes,     128400 total
- age   2:      82280 bytes,     210680 total
- age   3:      45888 bytes,     256568 total
- age   4:      12856 bytes,     269424 total
 19556K->13049K(24716K), 0.0007878 secs]
41.549: [GC
Desired survivor size 557056 bytes, new threshold 3 (max 15)
- age   1:     363760 bytes,     363760 total
- age   2:     122320 bytes,     486080 total
- age   3:      82064 bytes,     568144 total
- age   4:      45888 bytes,     614032 total
- age   5:      12856 bytes,     626888 total
 19577K->13398K(24716K), 0.0013275 secs]
41.555: [GC
Desired survivor size 557056 bytes, new threshold 15 (max 15)
- age   1:      58488 bytes,      58488 total
- age   2:     278752 bytes,     337240 total
- age   3:     122320 bytes,     459560 total
 19896K->13389K(24716K), 0.0011142 secs]
41.560: [GC
Desired survivor size 557056 bytes, new threshold 3 (max 15)
- age   1:     430416 bytes,     430416 total
- age   2:      19640 bytes,     450056 total
- age   3:     278752 bytes,     728808 total
- age   4:     122320 bytes,     851128 total
 19906K->13768K(24716K), 0.0018963 secs]
41.566: [GC
Desired survivor size 557056 bytes, new threshold 15 (max 15)
- age   1:     189320 bytes,     189320 total
- age   2:     345784 bytes,     535104 total
- age   3:      19640 bytes,     554744 total
 20271K->13853K(24716K), 0.0018213 secs]
41.572: [GC
Desired survivor size 557056 bytes, new threshold 1 (max 15)
- age   1:     722544 bytes,     722544 total
- age   3:     345784 bytes,    1068328 total
- age   4:      19640 bytes,    1087968 total
 20370K->14356K(24716K), 0.0013137 secs]
41.577: [GC
Desired survivor size 557056 bytes, new threshold 15 (max 15)
- age   1:     541168 bytes,     541168 total
 20858K->14609K(24716K), 0.0015510 secs]
41.583: [GC
Desired survivor size 557056 bytes, new threshold 2 (max 15)
- age   1:     513696 bytes,     513696 total
- age   2:     541128 bytes,    1054824 total
 21082K->15110K(24716K), 0.0014816 secs]
41.589: [GC
Desired survivor size 557056 bytes, new threshold 2 (max 15)
- age   1:     222184 bytes,     222184 total
- age   2:     445712 bytes,     667896 total
 21554K->15261K(24716K), 0.0015682 secs]
41.595: [GC
Desired survivor size 557056 bytes, new threshold 15 (max 15)
- age   1:     285192 bytes,     285192 total
 21785K->15322K(24716K), 0.0024497 secs]
41.602: [GC
Desired survivor size 557056 bytes, new threshold 15 (max 15)
- age   1:     140904 bytes,     140904 total
- age   2:     213728 bytes,     354632 total
 21795K->15390K(24716K), 0.0008616 secs]
41.607: [GC
Desired survivor size 557056 bytes, new threshold 15 (max 15)
- age   1:     419040 bytes,     419040 total
- age   2:      73024 bytes,     492064 total
 21880K->15522K(24716K), 0.0014779 secs]
41.613: [GC
Desired survivor size 557056 bytes, new threshold 1 (max 15)
- age   1:     639408 bytes,     639408 total
- age   2:     373152 bytes,    1012560 total
- age   3:      73024 bytes,    1085584 total
 22032K->16104K(24716K), 0.0015291 secs]
41.622: [GC
Desired survivor size 557056 bytes, new threshold 15 (max 15)
- age   1:     163664 bytes,     163664 total
 22623K->15980K(24716K), 0.0013835 secs]
41.628: [GC
Desired survivor size 557056 bytes, new threshold 15 (max 15)
- age   1:     218904 bytes,     218904 total
- age   2:      10048 bytes,     228952 total
 22471K->16042K(24716K), 0.0008093 secs]
41.633: [GC
Desired survivor size 557056 bytes, new threshold 15 (max 15)
- age   1:     316120 bytes,     316120 total
- age   2:     164648 bytes,     480768 total
- age   3:      10048 bytes,     490816 total
 22570K->16298K(24716K), 0.0010281 secs]
41.639: [GC
Desired survivor size 557056 bytes, new threshold 15 (max 15)
- age   1:     121472 bytes,     121472 total
- age   2:     214512 bytes,     335984 total
- age   3:     133696 bytes,     469680 total
- age   4:      10048 bytes,     479728 total
 22826K->16287K(24716K), 0.0009702 secs]
41.644: [GC
Desired survivor size 557056 bytes, new threshold 4 (max 15)
- age   1:     143896 bytes,     143896 total
- age   2:      68128 bytes,     212024 total
- age   3:     214512 bytes,     426536 total
- age   4:     133696 bytes,     560232 total
- age   5:      10048 bytes,     570280 total
 22766K->16376K(24716K), 0.0009949 secs]
41.650: [GC
Desired survivor size 557056 bytes, new threshold 15 (max 15)
- age   1:     237928 bytes,     237928 total
- age   2:      39880 bytes,     277808 total
- age   3:      68128 bytes,     345936 total
- age   4:     171576 bytes,     517512 total
 22901K->16473K(24716K), 0.0010956 secs]
41.656: [GC
Desired survivor size 557056 bytes, new threshold 15 (max 15)
- age   1:      90904 bytes,      90904 total
- age   2:      46896 bytes,     137800 total
- age   3:      39880 bytes,     177680 total
- age   4:      68128 bytes,     245808 total
- age   5:     171576 bytes,     417384 total
 23001K->16372K(24716K), 0.0009651 secs]
41.661: [GC
Desired survivor size 557056 bytes, new threshold 1 (max 15)
- age   1:     615416 bytes,     615416 total
- age   2:      63800 bytes,     679216 total
- age   3:      46896 bytes,     726112 total
- age   4:      39880 bytes,     765992 total
- age   5:      68128 bytes,     834120 total
- age   6:     171576 bytes,    1005696 total
 22899K->16950K(24716K), 0.0012879 secs]
41.666: [GC
Desired survivor size 557056 bytes, new threshold 15 (max 15)
- age   1:     249904 bytes,     249904 total
 23464K->17038K(24716K), 0.0017687 secs]
41.672: [GC
Desired survivor size 557056 bytes, new threshold 15 (max 15)
- age   1:     297704 bytes,     297704 total
- age   2:     201536 bytes,     499240 total
 23502K->17278K(24716K), 0.0010801 secs]
41.677: [GC
Desired survivor size 557056 bytes, new threshold 3 (max 15)
- age   1:     172560 bytes,     172560 total
- age   2:     245608 bytes,     418168 total
- age   3:     201536 bytes,     619704 total
 23764K->17395K(24716K), 0.0013451 secs]
41.683: [GC
Desired survivor size 557056 bytes, new threshold 3 (max 15)
- age   1:     252768 bytes,     252768 total
- age   2:     139320 bytes,     392088 total
- age   3:     245608 bytes,     637696 total
 23871K->17617K(24716K), 0.0013317 secs]
41.689: [GC
Desired survivor size 557056 bytes, new threshold 15 (max 15)
- age   1:     226456 bytes,     226456 total
- age   2:     161944 bytes,     388400 total
- age   3:     139320 bytes,     527720 total
 24144K->17666K(24908K), 0.0014515 secs]
41.691: [Full GC 17666K->8431K(24908K), 0.0708051 secs]
41.766: [GC
Desired survivor size 557056 bytes, new threshold 15 (max 15)
- age   1:     181680 bytes,     181680 total
 14939K->8612K(24716K), 0.0007619 secs]
41.771: [GC
Desired survivor size 557056 bytes, new threshold 15 (max 15)
- age   1:     117984 bytes,     117984 total
- age   2:     115304 bytes,     233288 total
 15119K->8662K(24716K), 0.0008081 secs]
41.775: [GC
Desired survivor size 557056 bytes, new threshold 15 (max 15)
- age   1:     204152 bytes,     204152 total
- age   2:      50480 bytes,     254632 total
- age   3:     115304 bytes,     369936 total
 15160K->8795K(24716K), 0.0008609 secs]
41.780: [GC
Desired survivor size 557056 bytes, new threshold 3 (max 15)
- age   1:     454224 bytes,     454224 total
- age   2:      67024 bytes,     521248 total
- age   3:      50480 bytes,     571728 total
- age   4:     115304 bytes,     687032 total
 15283K->9105K(24716K), 0.0011047 secs]
41.788: [GC
Desired survivor size 557056 bytes, new threshold 2 (max 15)
- age   1:     529160 bytes,     529160 total
- age   2:     295968 bytes,     825128 total
- age   3:      67024 bytes,     892152 total
 15633K->9482K(24716K), 0.0016103 secs]
41.794: [GC
Desired survivor size 557056 bytes, new threshold 15 (max 15)
- age   1:     100576 bytes,     100576 total
- age   2:     293752 bytes,     394328 total
 15991K->9350K(24716K), 0.0010798 secs]
41.800: [GC
Desired survivor size 557056 bytes, new threshold 15 (max 15)
- age   1:     175752 bytes,     175752 total
- age   2:      86464 bytes,     262216 total
- age   3:     146448 bytes,     408664 total
 15870K->9366K(24716K), 0.0007668 secs]
41.805: [GC
Desired survivor size 557056 bytes, new threshold 15 (max 15)
- age   1:     103632 bytes,     103632 total
- age   3:      86464 bytes,     190096 total
- age   4:     146448 bytes,     336544 total
 15846K->9295K(24716K), 0.0008449 secs]
41.810: [GC
Desired survivor size 557056 bytes, new threshold 15 (max 15)
- age   1:     249712 bytes,     249712 total
- age   2:      25640 bytes,     275352 total
- age   4:      86464 bytes,     361816 total
- age   5:     146448 bytes,     508264 total
 15760K->9460K(24716K), 0.0013670 secs]
41.816: [GC
Desired survivor size 557056 bytes, new threshold 5 (max 15)
- age   1:     308424 bytes,     308424 total
- age   2:     164384 bytes,     472808 total
- age   3:      25640 bytes,     498448 total
- age   5:      86464 bytes,     584912 total
- age   6:     146448 bytes,     731360 total
 15959K->9678K(24716K), 0.0011068 secs]
41.823: [GC
Desired survivor size 557056 bytes, new threshold 2 (max 15)
- age   1:     512992 bytes,     512992 total
- age   2:     145992 bytes,     658984 total
- age   3:     164384 bytes,     823368 total
- age   4:      25640 bytes,     849008 total
 16164K->10023K(24716K), 0.0015791 secs]
41.829: [GC
Desired survivor size 557056 bytes, new threshold 2 (max 15)
- age   1:     229488 bytes,     229488 total
- age   2:     375568 bytes,     605056 total
 16542K->10115K(24716K), 0.0014836 secs]
41.836: [GC
Desired survivor size 557056 bytes, new threshold 15 (max 15)
- age   1:      82632 bytes,      82632 total
- age   2:     150512 bytes,     233144 total
 16643K->10117K(24716K), 0.0016734 secs]
41.844: [GC
Desired survivor size 557056 bytes, new threshold 15 (max 15)
- age   1:     245760 bytes,     245760 total
- age   2:      82488 bytes,     328248 total
- age   3:     150512 bytes,     478760 total
 16609K->10356K(24716K), 0.0009765 secs]
41.851: [GC
Desired survivor size 557056 bytes, new threshold 4 (max 15)
- age   1:     326680 bytes,     326680 total
- age   2:     162896 bytes,     489576 total
- age   3:        880 bytes,     490456 total
- age   4:     150512 bytes,     640968 total
 16864K->10516K(24716K), 0.0009504 secs]
41.856: [GC
Desired survivor size 557056 bytes, new threshold 3 (max 15)
- age   1:     335744 bytes,     335744 total
- age   2:      76800 bytes,     412544 total
- age   3:     162896 bytes,     575440 total
- age   4:        880 bytes,     576320 total
 16969K->10612K(24716K), 0.0010748 secs]
41.862: [GC
Desired survivor size 557056 bytes, new threshold 15 (max 15)
- age   1:     209488 bytes,     209488 total
- age   3:      75176 bytes,     284664 total
 17101K->10480K(24716K), 0.0008006 secs]
41.867: [GC
Desired survivor size 557056 bytes, new threshold 1 (max 15)
- age   1:     585816 bytes,     585816 total
- age   2:      87440 bytes,     673256 total
- age   4:      75176 bytes,     748432 total
 16958K->10931K(24716K), 0.0012819 secs]
41.873: [GC
Desired survivor size 557056 bytes, new threshold 15 (max 15)
- age   1:     271544 bytes,     271544 total
 17368K->11120K(24716K), 0.0013357 secs]
41.878: [GC
Desired survivor size 557056 bytes, new threshold 15 (max 15)
- age   1:     189248 bytes,     189248 total
- age   2:     188536 bytes,     377784 total
 17622K->11222K(24716K), 0.0008470 secs]
41.883: [GC
Desired survivor size 557056 bytes, new threshold 15 (max 15)
- age   1:     211384 bytes,     211384 total
- age   2:      20960 bytes,     232344 total
- age   3:      70208 bytes,     302552 total
 17717K->11149K(24716K), 0.0008112 secs]
41.888: [GC
Desired survivor size 557056 bytes, new threshold 3 (max 15)
- age   1:     499864 bytes,     499864 total
- age   2:      42016 bytes,     541880 total
- age   3:      20928 bytes,     562808 total
- age   4:      70208 bytes,     633016 total
 17647K->11471K(24716K), 0.0011615 secs]
41.893: [GC
Desired survivor size 557056 bytes, new threshold 2 (max 15)
- age   1:     550248 bytes,     550248 total
- age   2:     334728 bytes,     884976 total
- age   3:      42016 bytes,     926992 total
 17995K->11847K(24716K), 0.0019339 secs]
41.904: [GC
Desired survivor size 557056 bytes, new threshold 15 (max 15)
- age   1:      60184 bytes,      60184 total
- age   2:     463704 bytes,     523888 total
 18354K->11668K(24716K), 0.0011945 secs]
41.909: [GC
Desired survivor size 557056 bytes, new threshold 15 (max 15)
- age   1:     146312 bytes,     146312 total
- age   2:      29824 bytes,     176136 total
- age   3:     300560 bytes,     476696 total
 18167K->11622K(24716K), 0.0015502 secs]
41.915: [GC
Desired survivor size 557056 bytes, new threshold 2 (max 15)
- age   1:     451496 bytes,     451496 total
- age   2:     113536 bytes,     565032 total
- age   3:      29120 bytes,     594152 total
- age   4:     184632 bytes,     778784 total
 18118K->11917K(24716K), 0.0014923 secs]
41.924: [GC
Desired survivor size 557056 bytes, new threshold 15 (max 15)
- age   1:     270848 bytes,     270848 total
- age   2:     203080 bytes,     473928 total
 18438K->11947K(24716K), 0.0012117 secs]
41.930: [GC
Desired survivor size 557056 bytes, new threshold 1 (max 15)
- age   1:     609488 bytes,     609488 total
- age   2:     112424 bytes,     721912 total
- age   3:     203080 bytes,     924992 total
 18460K->12387K(24716K), 0.0013066 secs]
41.936: [GC
Desired survivor size 557056 bytes, new threshold 15 (max 15)
- age   1:     391392 bytes,     391392 total
 18892K->12457K(24716K), 0.0018349 secs]
41.942: [GC
Desired survivor size 557056 bytes, new threshold 2 (max 15)
- age   1:     497000 bytes,     497000 total
- age   2:     123696 bytes,     620696 total
 18968K->12683K(24716K), 0.0010215 secs]
41.947: [GC
Desired survivor size 557056 bytes, new threshold 2 (max 15)
- age   1:     197584 bytes,     197584 total
- age   2:     368744 bytes,     566328 total
 19208K->12630K(24716K), 0.0017590 secs]
41.952: [GC
Desired survivor size 557056 bytes, new threshold 15 (max 15)
- age   1:     154512 bytes,     154512 total
- age   2:     131112 bytes,     285624 total
 19148K->12464K(24716K), 0.0010082 secs]
41.959: [GC
Desired survivor size 557056 bytes, new threshold 15 (max 15)
- age   1:     205808 bytes,     205808 total
 18982K->12387K(24716K), 0.0009639 secs]
41.964: [GC
Desired survivor size 557056 bytes, new threshold 15 (max 15)
- age   1:     166880 bytes,     166880 total
- age   2:        952 bytes,     167832 total
 18858K->12348K(24716K), 0.0009750 secs]
41.971: [GC
Desired survivor size 557056 bytes, new threshold 15 (max 15)
- age   1:     363800 bytes,     363800 total
- age   3:        824 bytes,     364624 total
 18871K->12542K(24716K), 0.0009910 secs]
41.976: [GC
Desired survivor size 557056 bytes, new threshold 15 (max 15)
- age   1:     129784 bytes,     129784 total
- age   2:     142016 bytes,     271800 total
- age   4:        824 bytes,     272624 total
 19034K->12452K(24716K), 0.0009655 secs]
41.982: [GC
Desired survivor size 557056 bytes, new threshold 2 (max 15)
- age   1:     496272 bytes,     496272 total
- age   2:      77456 bytes,     573728 total
- age   3:     142016 bytes,     715744 total
- age   5:        120 bytes,     715864 total
 18967K->12884K(24716K), 0.0011040 secs]
41.987: [GC
Desired survivor size 557056 bytes, new threshold 15 (max 15)
- age   1:      81512 bytes,      81512 total
- age   2:     307432 bytes,     388944 total
 19394K->12779K(24716K), 0.0016509 secs]
41.994: [GC
Desired survivor size 557056 bytes, new threshold 15 (max 15)
- age   1:     223336 bytes,     223336 total
- age   2:      37136 bytes,     260472 total
- age   3:     144296 bytes,     404768 total
 19268K->12796K(24716K), 0.0009010 secs]
41.999: [GC
Desired survivor size 557056 bytes, new threshold 15 (max 15)
- age   1:      63128 bytes,      63128 total
- age   2:     174576 bytes,     237704 total
- age   3:      37136 bytes,     274840 total
- age   4:     144184 bytes,     419024 total
 19301K->12809K(24716K), 0.0008257 secs]
42.004: [GC
Desired survivor size 557056 bytes, new threshold 15 (max 15)
- age   1:     175552 bytes,     175552 total
- age   2:      14744 bytes,     190296 total
- age   3:       4280 bytes,     194576 total
- age   4:      37136 bytes,     231712 total
- age   5:     144184 bytes,     375896 total
 19304K->12774K(24716K), 0.0008986 secs]
42.009: [GC
Desired survivor size 557056 bytes, new threshold 2 (max 15)
- age   1:     438328 bytes,     438328 total
- age   2:     123232 bytes,     561560 total
- age   3:      14744 bytes,     576304 total
- age   4:       4280 bytes,     580584 total
- age   5:      37136 bytes,     617720 total
- age   6:     144184 bytes,     761904 total
 19226K->13147K(24716K), 0.0015121 secs]
42.015: [GC
Desired survivor size 557056 bytes, new threshold 1 (max 15)
- age   1:     624400 bytes,     624400 total
- age   2:     365696 bytes,     990096 total
 19615K->13695K(24716K), 0.0016506 secs]
42.021: [GC
Desired survivor size 557056 bytes, new threshold 15 (max 15)
- age   1:     510224 bytes,     510224 total
 20209K->13809K(24716K), 0.0017342 secs]
42.027: [GC
Desired survivor size 557056 bytes, new threshold 2 (max 15)
- age   1:     323408 bytes,     323408 total
- age   2:     464904 bytes,     788312 total
 20297K->14081K(24716K), 0.0011226 secs]
42.032: [GC
Desired survivor size 557056 bytes, new threshold 15 (max 15)
- age   1:     135432 bytes,     135432 total
- age   2:     245536 bytes,     380968 total
 20603K->14031K(24716K), 0.0011914 secs]
42.038: [GC
Desired survivor size 557056 bytes, new threshold 2 (max 15)
- age   1:     545032 bytes,     545032 total
- age   2:      79064 bytes,     624096 total
- age   3:     245536 bytes,     869632 total
 20555K->14508K(24716K), 0.0013621 secs]
42.043: [GC
Desired survivor size 557056 bytes, new threshold 15 (max 15)
- age   1:     233176 bytes,     233176 total
- age   2:     170600 bytes,     403776 total
 20987K->14376K(24716K), 0.0011802 secs]
42.051: [GC
Desired survivor size 557056 bytes, new threshold 3 (max 15)
- age   1:     319088 bytes,     319088 total
- age   2:     174568 bytes,     493656 total
- age   3:     170600 bytes,     664256 total
 20900K->14632K(24716K), 0.0011634 secs]
42.058: [GC
Desired survivor size 557056 bytes, new threshold 1 (max 15)
- age   1:     678216 bytes,     678216 total
- age   2:     241792 bytes,     920008 total
- age   3:     174568 bytes,    1094576 total
 21039K->15312K(24716K), 0.0018577 secs]
42.065: [GC
Desired survivor size 557056 bytes, new threshold 15 (max 15)
- age   1:     359584 bytes,     359584 total
 21793K->15243K(24716K), 0.0018081 secs]
42.071: [GC
Desired survivor size 557056 bytes, new threshold 15 (max 15)
- age   1:     211400 bytes,     211400 total
- age   2:     300136 bytes,     511536 total
 21760K->15393K(24716K), 0.0011515 secs]
42.076: [GC
Desired survivor size 557056 bytes, new threshold 3 (max 15)
- age   1:     349128 bytes,     349128 total
- age   2:     150384 bytes,     499512 total
- age   3:     299440 bytes,     798952 total
 21915K->15672K(24716K), 0.0014850 secs]
42.081: [GC
Desired survivor size 557056 bytes, new threshold 2 (max 15)
- age   1:     515864 bytes,     515864 total
- age   2:     283400 bytes,     799264 total
- age   3:     150384 bytes,     949648 total
 22178K->15885K(24716K), 0.0014420 secs]
42.087: [GC
Desired survivor size 557056 bytes, new threshold 2 (max 15)
- age   1:     244240 bytes,     244240 total
- age   2:     433608 bytes,     677848 total
 22406K->15832K(24716K), 0.0013212 secs]
42.093: [GC
Desired survivor size 557056 bytes, new threshold 15 (max 15)
- age   1:     187536 bytes,     187536 total
- age   2:     179720 bytes,     367256 total
 22351K->15950K(24716K), 0.0012873 secs]
42.101: [GC
Desired survivor size 557056 bytes, new threshold 3 (max 15)
- age   1:     346608 bytes,     346608 total
- age   2:     158640 bytes,     505248 total
- age   3:      85640 bytes,     590888 total
 22478K->16168K(24716K), 0.0012453 secs]
42.107: [GC
Desired survivor size 557056 bytes, new threshold 3 (max 15)
- age   1:     452136 bytes,     452136 total
- age   2:      12480 bytes,     464616 total
- age   3:     158400 bytes,     623016 total
 22668K->16285K(24716K), 0.0014137 secs]
42.112: [GC
Desired survivor size 557056 bytes, new threshold 2 (max 15)
- age   1:     267296 bytes,     267296 total
- age   2:     340768 bytes,     608064 total
- age   3:      12320 bytes,     620384 total
 22811K->16436K(24716K), 0.0013596 secs]
42.118: [GC
Desired survivor size 557056 bytes, new threshold 1 (max 15)
- age   1:    1035624 bytes,    1035624 total
- age   2:      63696 bytes,    1099320 total
 22955K->17568K(24716K), 0.0023279 secs]
42.124: [GC
Desired survivor size 557056 bytes, new threshold 15 (max 15)
- age   1:     419152 bytes,     419152 total
 24068K->17613K(24908K), 0.0017493 secs]
42.127: [Full GC 17613K->8490K(24908K), 0.0705527 secs]
42.202: [GC
Desired survivor size 557056 bytes, new threshold 15 (max 15)
- age   1:     450912 bytes,     450912 total
 15005K->8933K(24716K), 0.0008099 secs]
42.207: [GC
Desired survivor size 557056 bytes, new threshold 15 (max 15)
- age   1:     172032 bytes,     172032 total
- age   2:     367816 bytes,     539848 total
 15446K->9020K(24716K), 0.0010809 secs]
42.212: [GC
Desired survivor size 557056 bytes, new threshold 15 (max 15)
- age   1:     236648 bytes,     236648 total
- age   2:      88200 bytes,     324848 total
- age   3:     170264 bytes,     495112 total
 15491K->8976K(24716K), 0.0011093 secs]
42.219: [GC
Desired survivor size 557056 bytes, new threshold 2 (max 15)
- age   1:     439136 bytes,     439136 total
- age   2:     169064 bytes,     608200 total
- age   3:      88200 bytes,     696400 total
- age   4:     170264 bytes,     866664 total
 15444K->9339K(24716K), 0.0011158 secs]
42.224: [GC
Desired survivor size 557056 bytes, new threshold 2 (max 15)
- age   1:     384536 bytes,     384536 total
- age   2:     276824 bytes,     661360 total
 15861K->9564K(24716K), 0.0014552 secs]
42.231: [GC
Desired survivor size 557056 bytes, new threshold 15 (max 15)
- age   1:     108496 bytes,     108496 total
- age   2:     316952 bytes,     425448 total
 16031K->9473K(24716K), 0.0010411 secs]
42.239: [GC
Desired survivor size 557056 bytes, new threshold 3 (max 15)
- age   1:     422936 bytes,     422936 total
- age   3:     316952 bytes,     739888 total
 15978K->9780K(24716K), 0.0011081 secs]
42.245: [GC
Desired survivor size 557056 bytes, new threshold 2 (max 15)
- age   1:     453440 bytes,     453440 total
- age   2:     379632 bytes,     833072 total
 16303K->10178K(24716K), 0.0014046 secs]
42.252: [GC
Desired survivor size 557056 bytes, new threshold 2 (max 15)
- age   1:     381496 bytes,     381496 total
- age   2:     407648 bytes,     789144 total
 16632K->10506K(24716K), 0.0015313 secs]
42.258: [GC
Desired survivor size 557056 bytes, new threshold 15 (max 15)
- age   1:     250048 bytes,     250048 total
- age   2:     164704 bytes,     414752 total
 17029K->10538K(24716K), 0.0014821 secs]
42.263: [GC
Desired survivor size 557056 bytes, new threshold 3 (max 15)
- age   1:     289112 bytes,     289112 total
- age   2:     108424 bytes,     397536 total
- age   3:     164704 bytes,     562240 total
 17057K->10682K(24716K), 0.0011115 secs]
42.268: [GC
Desired survivor size 557056 bytes, new threshold 15 (max 15)
- age   1:     228536 bytes,     228536 total
- age   2:     204776 bytes,     433312 total
- age   3:     108424 bytes,     541736 total
 17187K->10823K(24716K), 0.0014736 secs]
42.275: [GC
Desired survivor size 557056 bytes, new threshold 2 (max 15)
- age   1:     467248 bytes,     467248 total
- age   2:     197808 bytes,     665056 total
- age   3:     204776 bytes,     869832 total
- age   4:     108424 bytes,     978256 total
 17329K->11383K(24716K), 0.0014904 secs]
42.280: [GC
Desired survivor size 557056 bytes, new threshold 2 (max 15)
- age   1:     384176 bytes,     384176 total
- age   2:     214216 bytes,     598392 total
 17911K->11511K(24716K), 0.0016442 secs]
42.287: [GC
Desired survivor size 557056 bytes, new threshold 15 (max 15)
- age   1:      44120 bytes,      44120 total
- age   2:     350936 bytes,     395056 total
 18039K->11529K(24716K), 0.0010706 secs]
42.292: [GC
Desired survivor size 557056 bytes, new threshold 15 (max 15)
- age   1:     104696 bytes,     104696 total
- age   2:       3440 bytes,     108136 total
- age   3:     350936 bytes,     459072 total
 18028K->11591K(24716K), 0.0012949 secs]
42.298: [GC
Desired survivor size 557056 bytes, new threshold 4 (max 15)
- age   1:     243080 bytes,     243080 total
- age   2:      43712 bytes,     286792 total
- age   3:       3440 bytes,     290232 total
- age   4:     282392 bytes,     572624 total
 18085K->11702K(24716K), 0.0015355 secs]
42.304: [GC
Desired survivor size 557056 bytes, new threshold 15 (max 15)
- age   1:      71536 bytes,      71536 total
- age   2:     181400 bytes,     252936 total
- age   3:      42624 bytes,     295560 total
- age   4:       3440 bytes,     299000 total
 18230K->11712K(24716K), 0.0013661 secs]
42.309: [GC
Desired survivor size 557056 bytes, new threshold 3 (max 15)
- age   1:     456352 bytes,     456352 total
- age   2:      71536 bytes,     527888 total
- age   3:     181400 bytes,     709288 total
- age   4:      42624 bytes,     751912 total
- age   5:       3440 bytes,     755352 total
 18240K->12157K(24716K), 0.0012678 secs]
42.315: [GC
Desired survivor size 557056 bytes, new threshold 2 (max 15)
- age   1:     423064 bytes,     423064 total
- age   2:     276848 bytes,     699912 total
- age   3:       5160 bytes,     705072 total
 18681K->12331K(24716K), 0.0013773 secs]
42.322: [GC
Desired survivor size 557056 bytes, new threshold 15 (max 15)
- age   1:     277920 bytes,     277920 total
- age   2:      66808 bytes,     344728 total
 18824K->12253K(24716K), 0.0010251 secs]
42.327: [GC
Desired survivor size 557056 bytes, new threshold 2 (max 15)
- age   1:     503504 bytes,     503504 total
- age   2:     224160 bytes,     727664 total
- age   3:      66808 bytes,     794472 total
 18763K->12692K(24716K), 0.0012007 secs]
42.332: [GC
Desired survivor size 557056 bytes, new threshold 15 (max 15)
- age   1:      99352 bytes,      99352 total
- age   2:     343136 bytes,     442488 total
 19195K->12640K(24716K), 0.0011748 secs]
42.337: [GC
Desired survivor size 557056 bytes, new threshold 15 (max 15)
- age   1:     149392 bytes,     149392 total
- age   2:      67248 bytes,     216640 total
- age   3:     180000 bytes,     396640 total
 19122K->12596K(24716K), 0.0008776 secs]
42.342: [GC
Desired survivor size 557056 bytes, new threshold 15 (max 15)
- age   1:      76288 bytes,      76288 total
- age   2:      36640 bytes,     112928 total
- age   3:      67248 bytes,     180176 total
- age   4:     180000 bytes,     360176 total
 19112K->12559K(24716K), 0.0010299 secs]
42.347: [GC
Desired survivor size 557056 bytes, new threshold 5 (max 15)
- age   1:     322992 bytes,     322992 total
- age   2:      17984 bytes,     340976 total
- age   3:      36640 bytes,     377616 total
- age   4:      67248 bytes,     444864 total
- age   5:     180000 bytes,     624864 total
 19069K->12818K(24716K), 0.0012163 secs]
42.353: [GC
Desired survivor size 557056 bytes, new threshold 2 (max 15)
- age   1:     481528 bytes,     481528 total
- age   2:     217464 bytes,     698992 total
- age   3:      17984 bytes,     716976 total
- age   4:      36640 bytes,     753616 total
- age   5:      67248 bytes,     820864 total
 19339K->13185K(24716K), 0.0017376 secs]
42.361: [GC
Desired survivor size 557056 bytes, new threshold 2 (max 15)
- age   1:     418000 bytes,     418000 total
- age   2:     250512 bytes,     668512 total
 19671K->13363K(24716K), 0.0016277 secs]
42.366: [GC
Desired survivor size 557056 bytes, new threshold 15 (max 15)
- age   1:     225240 bytes,     225240 total
- age   2:     186632 bytes,     411872 total
 19852K->13360K(24716K), 0.0012667 secs]
42.373: [GC
Desired survivor size 557056 bytes, new threshold 15 (max 15)
- age   1:     170496 bytes,     170496 total
- age   3:      84384 bytes,     254880 total
 19863K->13206K(24716K), 0.0007223 secs]
42.377: [GC
Desired survivor size 557056 bytes, new threshold 4 (max 15)
- age   1:     469152 bytes,     469152 total
- age   2:      65400 bytes,     534552 total
- age   4:      84384 bytes,     618936 total
 19728K->13562K(24716K), 0.0009283 secs]
42.382: [GC
Desired survivor size 557056 bytes, new threshold 15 (max 15)
- age   1:     314648 bytes,     314648 total
- age   2:     139384 bytes,     454032 total
- age   3:      65400 bytes,     519432 total
 20007K->13547K(24716K), 0.0010186 secs]
42.388: [GC
Desired survivor size 557056 bytes, new threshold 15 (max 15)
- age   1:     293008 bytes,     293008 total
- age   3:     139384 bytes,     432392 total
- age   4:      65400 bytes,     497792 total
 20057K->13526K(24716K), 0.0008944 secs]
42.395: [GC
Desired survivor size 557056 bytes, new threshold 5 (max 15)
- age   1:     322768 bytes,     322768 total
- age   2:      35352 bytes,     358120 total
- age   4:     139384 bytes,     497504 total
- age   5:      65400 bytes,     562904 total
 19945K->13586K(24716K), 0.0018166 secs]
42.401: [GC
Desired survivor size 557056 bytes, new threshold 2 (max 15)
- age   1:     425472 bytes,     425472 total
- age   2:     156880 bytes,     582352 total
- age   3:      14976 bytes,     597328 total
- age   5:      84880 bytes,     682208 total
 20078K->13705K(24716K), 0.0010654 secs]
42.407: [GC
Desired survivor size 557056 bytes, new threshold 2 (max 15)
- age   1:     425648 bytes,     425648 total
- age   2:     402632 bytes,     828280 total
 20226K->14105K(24716K), 0.0015492 secs]
42.413: [GC
Desired survivor size 557056 bytes, new threshold 2 (max 15)
- age   1:     280808 bytes,     280808 total
- age   2:     365584 bytes,     646392 total
 20580K->14212K(24716K), 0.0014438 secs]
42.418: [GC
Desired survivor size 557056 bytes, new threshold 15 (max 15)
- age   1:     245576 bytes,     245576 total
- age   2:     219888 bytes,     465464 total
 20701K->14392K(24716K), 0.0018248 secs]
42.424: [GC
Desired survivor size 557056 bytes, new threshold 15 (max 15)
- age   1:     282192 bytes,     282192 total
- age   2:     181256 bytes,     463448 total
- age   3:      61520 bytes,     524968 total
 20920K->14450K(24716K), 0.0011391 secs]
42.430: [GC
Desired survivor size 557056 bytes, new threshold 2 (max 15)
- age   1:     373424 bytes,     373424 total
- age   2:     264176 bytes,     637600 total
- age   3:     181256 bytes,     818856 total
- age   4:      61520 bytes,     880376 total
 20978K->14797K(24716K), 0.0012910 secs]
42.435: [GC
Desired survivor size 557056 bytes, new threshold 1 (max 15)
- age   1:     583568 bytes,     583568 total
- age   2:     351912 bytes,     935480 total
 21285K->15345K(24716K), 0.0018064 secs]
42.442: [GC
Desired survivor size 557056 bytes, new threshold 15 (max 15)
- age   1:     384392 bytes,     384392 total
 21845K->15590K(24716K), 0.0047422 secs]
42.452: [GC
Desired survivor size 557056 bytes, new threshold 2 (max 15)
- age   1:     292368 bytes,     292368 total
- age   2:     291784 bytes,     584152 total
 22100K->15785K(24716K), 0.0010385 secs]
42.458: [GC
Desired survivor size 557056 bytes, new threshold 15 (max 15)
- age   1:     202104 bytes,     202104 total
- age   2:     141344 bytes,     343448 total
 22295K->15835K(24716K), 0.0010961 secs]
42.464: [GC
Desired survivor size 557056 bytes, new threshold 15 (max 15)
- age   1:     247368 bytes,     247368 total
- age   3:     141344 bytes,     388712 total
 22292K->15879K(24716K), 0.0008167 secs]
42.468: [GC
Desired survivor size 557056 bytes, new threshold 15 (max 15)
- age   1:     314936 bytes,     314936 total
- age   2:      78120 bytes,     393056 total
- age   4:     141344 bytes,     534400 total
 22373K->16021K(24716K), 0.0010511 secs]
42.474: [GC
Desired survivor size 557056 bytes, new threshold 5 (max 15)
- age   1:     188000 bytes,     188000 total
- age   2:     239008 bytes,     427008 total
- age   3:      78120 bytes,     505128 total
- age   5:     141344 bytes,     646472 total
 22538K->16128K(24716K), 0.0011693 secs]
42.480: [GC
Desired survivor size 557056 bytes, new threshold 3 (max 15)
- age   1:     422216 bytes,     422216 total
- age   2:     132392 bytes,     554608 total
- age   3:     239008 bytes,     793616 total
- age   4:      78120 bytes,     871736 total
 22577K->16487K(24716K), 0.0012309 secs]
42.486: [GC
Desired survivor size 557056 bytes, new threshold 3 (max 15)
- age   1:      75664 bytes,      75664 total
- age   2:     363880 bytes,     439544 total
- age   3:     132392 bytes,     571936 total
 23014K->16503K(24716K), 0.0014283 secs]
42.491: [GC
Desired survivor size 557056 bytes, new threshold 15 (max 15)
- age   1:     189752 bytes,     189752 total
- age   2:      16232 bytes,     205984 total
- age   3:     162320 bytes,     368304 total
 22973K->16444K(24716K), 0.0009873 secs]
42.498: [GC
Desired survivor size 557056 bytes, new threshold 1 (max 15)
- age   1:     734952 bytes,     734952 total
- age   2:      68488 bytes,     803440 total
- age   3:      16232 bytes,     819672 total
- age   4:     162320 bytes,     981992 total
 22912K->17044K(24716K), 0.0011241 secs]
42.503: [GC
Desired survivor size 557056 bytes, new threshold 15 (max 15)
- age   1:      97848 bytes,      97848 total
 23549K->16996K(24716K), 0.0013335 secs]
42.508: [GC
Desired survivor size 557056 bytes, new threshold 15 (max 15)
- age   1:     506832 bytes,     506832 total
- age   2:      31040 bytes,     537872 total
 23515K->17420K(24716K), 0.0010596 secs]
42.513: [GC
Desired survivor size 557056 bytes, new threshold 2 (max 15)
- age   1:     274536 bytes,     274536 total
- age   2:     324464 bytes,     599000 total
 23930K->17480K(24716K), 0.0013218 secs]
42.520: [GC
Desired survivor size 557056 bytes, new threshold 1 (max 15)
- age   1:     619936 bytes,     619936 total
- age   2:      32200 bytes,     652136 total
 23996K->17717K(24716K), 0.0011858 secs]
42.526: [GC
Desired survivor size 557056 bytes, new threshold 1 (max 15)
- age   1:     646672 bytes,     646672 total
 24201K->18220K(25292K), 0.0016617 secs]
42.528: [Full GC 18220K->8450K(25292K), 0.0699374 secs]
42.602: [GC
Desired survivor size 557056 bytes, new threshold 15 (max 15)
- age   1:     289544 bytes,     289544 total
 14961K->8736K(24716K), 0.0007459 secs]
42.607: [GC
Desired survivor size 557056 bytes, new threshold 15 (max 15)
- age   1:     168848 bytes,     168848 total
- age   2:     176488 bytes,     345336 total
 15252K->8791K(24716K), 0.0007989 secs]
42.612: [GC
Desired survivor size 557056 bytes, new threshold 3 (max 15)
- age   1:     317792 bytes,     317792 total
- age   2:      88952 bytes,     406744 total
- age   3:     176488 bytes,     583232 total
 15272K->9023K(24716K), 0.0010563 secs]
42.617: [GC
Desired survivor size 557056 bytes, new threshold 2 (max 15)
- age   1:     501744 bytes,     501744 total
- age   2:     238072 bytes,     739816 total
- age   3:      88952 bytes,     828768 total
 15501K->9435K(24716K), 0.0013786 secs]
42.622: [GC
Desired survivor size 557056 bytes, new threshold 2 (max 15)
- age   1:     435288 bytes,     435288 total
- age   2:     206320 bytes,     641608 total
 15948K->9580K(24716K), 0.0015825 secs]
42.629: [GC
Desired survivor size 557056 bytes, new threshold 15 (max 15)
- age   1:     318872 bytes,     318872 total
 16099K->9466K(24716K), 0.0012160 secs]
42.635: [GC
Desired survivor size 557056 bytes, new threshold 2 (max 15)
- age   1:     531120 bytes,     531120 total
- age   2:     165248 bytes,     696368 total
 15940K->9834K(24716K), 0.0010795 secs]
42.640: [GC
Desired survivor size 557056 bytes, new threshold 2 (max 15)
- age   1:     391648 bytes,     391648 total
- age   2:     336040 bytes,     727688 total
 16275K->10026K(24716K), 0.0011431 secs]
42.645: [GC
Desired survivor size 557056 bytes, new threshold 15 (max 15)
- age   1:     218056 bytes,     218056 total
- age   2:     106600 bytes,     324656 total
 16514K->9961K(24716K), 0.0021202 secs]
42.651: [GC
Desired survivor size 557056 bytes, new threshold 15 (max 15)
- age   1:     302272 bytes,     302272 total
- age   2:     144360 bytes,     446632 total
- age   3:     106600 bytes,     553232 total
 16437K->10184K(24716K), 0.0010689 secs]
42.656: [GC
Desired survivor size 557056 bytes, new threshold 15 (max 15)
- age   1:     136856 bytes,     136856 total
- age   2:     224832 bytes,     361688 total
- age   3:      87552 bytes,     449240 total
- age   4:     106600 bytes,     555840 total
 16698K->10187K(24716K), 0.0011018 secs]
42.663: [GC
Desired survivor size 557056 bytes, new threshold 1 (max 15)
- age   1:     700640 bytes,     700640 total
- age   2:      58584 bytes,     759224 total
- age   3:     224832 bytes,     984056 total
- age   5:     106600 bytes,    1090656 total
 16710K->10709K(24716K), 0.0013599 secs]
42.668: [GC
Desired survivor size 557056 bytes, new threshold 15 (max 15)
- age   1:     217704 bytes,     217704 total
 17161K->10713K(24716K), 0.0015169 secs]
42.674: [GC
Desired survivor size 557056 bytes, new threshold 1 (max 15)
- age   1:     592160 bytes,     592160 total
- age   2:     168296 bytes,     760456 total
 17228K->11243K(24716K), 0.0012382 secs]
42.679: [GC
Desired survivor size 557056 bytes, new threshold 15 (max 15)
- age   1:     424376 bytes,     424376 total
 17757K->11324K(24716K), 0.0013593 secs]
42.684: [GC
Desired survivor size 557056 bytes, new threshold 2 (max 15)
- age   1:     233888 bytes,     233888 total
- age   2:     340560 bytes,     574448 total
 17852K->11471K(24716K), 0.0010829 secs]
42.690: [GC
Desired survivor size 557056 bytes, new threshold 1 (max 15)
- age   1:     875176 bytes,     875176 total
- age   2:     131632 bytes,    1006808 total
 17961K->12225K(24716K), 0.0015492 secs]
42.696: [GC
Desired survivor size 557056 bytes, new threshold 15 (max 15)
- age   1:     339144 bytes,     339144 total
 18752K->12247K(24716K), 0.0021525 secs]
42.702: [GC
Desired survivor size 557056 bytes, new threshold 2 (max 15)
- age   1:     429800 bytes,     429800 total
- age   2:     203768 bytes,     633568 total
 18731K->12535K(24716K), 0.0010178 secs]
42.708: [GC
Desired survivor size 557056 bytes, new threshold 15 (max 15)
- age   1:     143664 bytes,     143664 total
- age   2:     136120 bytes,     279784 total
 18963K->12328K(24716K), 0.0011698 secs]
42.713: [GC
Desired survivor size 557056 bytes, new threshold 3 (max 15)
- age   1:     514024 bytes,     514024 total
- age   3:     136120 bytes,     650144 total
 18784K->12689K(24716K), 0.0014037 secs]
42.719: [GC
Desired survivor size 557056 bytes, new threshold 2 (max 15)
- age   1:     298088 bytes,     298088 total
- age   2:     334480 bytes,     632568 total
 19138K->12807K(24716K), 0.0011815 secs]
42.725: [GC
Desired survivor size 557056 bytes, new threshold 2 (max 15)
- age   1:     431272 bytes,     431272 total
- age   2:     216888 bytes,     648160 total
 19323K->12949K(24716K), 0.0009871 secs]
42.730: [GC
Desired survivor size 557056 bytes, new threshold 2 (max 15)
- age   1:     423824 bytes,     423824 total
- age   2:     364800 bytes,     788624 total
 19443K->13189K(24716K), 0.0013106 secs]
42.737: [GC
Desired survivor size 557056 bytes, new threshold 2 (max 15)
- age   1:     527864 bytes,     527864 total
- age   2:     144624 bytes,     672488 total
 19712K->13430K(24716K), 0.0016587 secs]
42.743: [GC
Desired survivor size 557056 bytes, new threshold 2 (max 15)
- age   1:     238896 bytes,     238896 total
- age   2:     337992 bytes,     576888 total
 19923K->13479K(24716K), 0.0011249 secs]
42.750: [GC
Desired survivor size 557056 bytes, new threshold 15 (max 15)
- age   1:     301664 bytes,     301664 total
- age   2:     154472 bytes,     456136 total
 20007K->13526K(24716K), 0.0009716 secs]
42.756: [GC
Desired survivor size 557056 bytes, new threshold 15 (max 15)
- age   1:     168816 bytes,     168816 total
- age   2:     186960 bytes,     355776 total
- age   3:     154472 bytes,     510248 total
 20011K->13579K(24716K), 0.0008724 secs]
42.762: [GC
Desired survivor size 557056 bytes, new threshold 3 (max 15)
- age   1:     325328 bytes,     325328 total
- age   2:     140816 bytes,     466144 total
- age   3:     130936 bytes,     597080 total
- age   4:     154472 bytes,     751552 total
 20084K->13814K(24716K), 0.0010746 secs]
42.767: [GC
Desired survivor size 557056 bytes, new threshold 2 (max 15)
- age   1:     443256 bytes,     443256 total
- age   2:     214584 bytes,     657840 total
 20304K->14001K(24716K), 0.0013574 secs]
42.773: [GC
Desired survivor size 557056 bytes, new threshold 15 (max 15)
- age   1:     267096 bytes,     267096 total
- age   2:     186712 bytes,     453808 total
 20485K->14010K(24716K), 0.0014494 secs]
42.778: [GC
Desired survivor size 557056 bytes, new threshold 15 (max 15)
- age   1:      92904 bytes,      92904 total
- age   2:     162976 bytes,     255880 total
- age   3:      84920 bytes,     340800 total
 20517K->13902K(24716K), 0.0008932 secs]
42.785: [GC
Desired survivor size 557056 bytes, new threshold 1 (max 15)
- age   1:     891032 bytes,     891032 total
- age   2:      54240 bytes,     945272 total
- age   3:     162976 bytes,    1108248 total
 20419K->14651K(24716K), 0.0013428 secs]
42.790: [GC
Desired survivor size 557056 bytes, new threshold 15 (max 15)
- age   1:     293272 bytes,     293272 total
 21167K->14804K(24716K), 0.0016275 secs]
42.797: [GC
Desired survivor size 557056 bytes, new threshold 1 (max 15)
- age   1:     715968 bytes,     715968 total
- age   2:     172944 bytes,     888912 total
 21327K->15384K(24716K), 0.0015013 secs]
42.804: [GC
Desired survivor size 557056 bytes, new threshold 15 (max 15)
- age   1:     272624 bytes,     272624 total
 21886K->15490K(24716K), 0.0015250 secs]
42.809: [GC
Desired survivor size 557056 bytes, new threshold 15 (max 15)
- age   1:     208552 bytes,     208552 total
- age   2:      84544 bytes,     293096 total
 22008K->15509K(24716K), 0.0009233 secs]
42.814: [GC
Desired survivor size 557056 bytes, new threshold 15 (max 15)
- age   1:     244080 bytes,     244080 total
- age   2:     150712 bytes,     394792 total
- age   3:      84544 bytes,     479336 total
 22008K->15691K(24716K), 0.0009848 secs]
42.819: [GC
Desired survivor size 557056 bytes, new threshold 3 (max 15)
- age   1:     326024 bytes,     326024 total
- age   2:     200872 bytes,     526896 total
- age   3:     150712 bytes,     677608 total
- age   4:      84544 bytes,     762152 total
 22206K->15967K(24716K), 0.0012189 secs]
42.827: [GC
Desired survivor size 557056 bytes, new threshold 2 (max 15)
- age   1:     524048 bytes,     524048 total
- age   2:     234480 bytes,     758528 total
- age   3:     200872 bytes,     959400 total
 22489K->16390K(24716K), 0.0014891 secs]
42.833: [GC
Desired survivor size 557056 bytes, new threshold 2 (max 15)
- age   1:     338400 bytes,     338400 total
- age   2:     358952 bytes,     697352 total
 22863K->16559K(24716K), 0.0015459 secs]
42.841: [GC
Desired survivor size 557056 bytes, new threshold 1 (max 15)
- age   1:     755416 bytes,     755416 total
- age   2:     285568 bytes,    1040984 total
 23078K->17244K(24716K), 0.0017125 secs]
42.848: [GC
Desired survivor size 557056 bytes, new threshold 15 (max 15)
- age   1:     407664 bytes,     407664 total
 23739K->17342K(24716K), 0.0020322 secs]
42.857: [GC
Desired survivor size 557056 bytes, new threshold 15 (max 15)
- age   1:     306904 bytes,     306904 total
- age   2:     196184 bytes,     503088 total
 23803K->17434K(24716K), 0.0021973 secs]
42.866: [GC
Desired survivor size 557056 bytes, new threshold 2 (max 15)
- age   1:     461720 bytes,     461720 total
- age   2:     146824 bytes,     608544 total
- age   3:     196184 bytes,     804728 total
 23861K->17731K(24716K), 0.0011803 secs]
42.871: [GC
Desired survivor size 557056 bytes, new threshold 15 (max 15)
- age   1:     233560 bytes,     233560 total
- age   2:     235744 bytes,     469304 total
 24191K->17738K(24908K), 0.0012410 secs]
42.873: [Full GC 17738K->8815K(24908K), 0.0724922 secs]
42.950: [GC
Desired survivor size 557056 bytes, new threshold 15 (max 15)
- age   1:     361512 bytes,     361512 total
 15331K->9172K(24716K), 0.0006691 secs]
42.955: [GC
Desired survivor size 557056 bytes, new threshold 2 (max 15)
- age   1:     505152 bytes,     505152 total
- age   2:      77840 bytes,     582992 total
 15680K->9388K(24716K), 0.0011819 secs]
42.961: [GC
Desired survivor size 557056 bytes, new threshold 2 (max 15)
- age   1:     433936 bytes,     433936 total
- age   2:     396720 bytes,     830656 total
 15875K->9706K(24716K), 0.0011338 secs]
42.966: [GC
Desired survivor size 557056 bytes, new threshold 15 (max 15)
- age   1:     126448 bytes,     126448 total
- age   2:     130520 bytes,     256968 total
 16200K->9549K(24716K), 0.0014942 secs]
42.972: [GC
Desired survivor size 557056 bytes, new threshold 15 (max 15)
- age   1:     143472 bytes,     143472 total
- age   2:      68672 bytes,     212144 total
- age   3:     130520 bytes,     342664 total
 16016K->9633K(24716K), 0.0008120 secs]
42.976: [GC
Desired survivor size 557056 bytes, new threshold 3 (max 15)
- age   1:     460400 bytes,     460400 total
- age   2:      84120 bytes,     544520 total
- age   3:      68672 bytes,     613192 total
- age   4:     130520 bytes,     743712 total
 16155K->10024K(24716K), 0.0011867 secs]
42.981: [GC
Desired survivor size 557056 bytes, new threshold 2 (max 15)
- age   1:     500352 bytes,     500352 total
- age   2:     175768 bytes,     676120 total
- age   3:      84120 bytes,     760240 total
 16525K->10235K(24716K), 0.0013428 secs]
42.987: [GC
Desired survivor size 557056 bytes, new threshold 15 (max 15)
- age   1:     225128 bytes,     225128 total
- age   2:     238704 bytes,     463832 total
 16762K->10199K(24716K), 0.0012287 secs]
42.993: [GC
Desired survivor size 557056 bytes, new threshold 1 (max 15)
- age   1:     670200 bytes,     670200 total
- age   2:     160512 bytes,     830712 total
- age   3:     238704 bytes,    1069416 total
 16708K->10791K(24716K), 0.0014139 secs]
42.999: [GC
Desired survivor size 557056 bytes, new threshold 15 (max 15)
- age   1:     353376 bytes,     353376 total
 17306K->10904K(24716K), 0.0014816 secs]
43.004: [GC
Desired survivor size 557056 bytes, new threshold 15 (max 15)
- age   1:     193416 bytes,     193416 total
- age   2:     296072 bytes,     489488 total
 17393K->11038K(24716K), 0.0011312 secs]
43.010: [GC
Desired survivor size 557056 bytes, new threshold 2 (max 15)
- age   1:     531080 bytes,     531080 total
- age   2:     134920 bytes,     666000 total
- age   3:     141096 bytes,     807096 total
 17535K->11349K(24716K), 0.0012359 secs]
43.016: [GC
Desired survivor size 557056 bytes, new threshold 15 (max 15)
- age   1:     318680 bytes,     318680 total
- age   2:     116208 bytes,     434888 total
 17864K->11255K(24716K), 0.0011380 secs]
43.021: [GC
Desired survivor size 557056 bytes, new threshold 2 (max 15)
- age   1:     357432 bytes,     357432 total
- age   2:     201792 bytes,     559224 total
- age   3:      57720 bytes,     616944 total
 17773K->11432K(24716K), 0.0010673 secs]
43.027: [GC
Desired survivor size 557056 bytes, new threshold 2 (max 15)
- age   1:     417176 bytes,     417176 total
- age   2:     277152 bytes,     694328 total
 17916K->11769K(24716K), 0.0010829 secs]
43.033: [GC
Desired survivor size 557056 bytes, new threshold 15 (max 15)
- age   1:     169528 bytes,     169528 total
- age   2:     169000 bytes,     338528 total
 18261K->11690K(24716K), 0.0011560 secs]
43.040: [GC
Desired survivor size 557056 bytes, new threshold 3 (max 15)
- age   1:     521504 bytes,     521504 total
- age   3:     169000 bytes,     690504 total
 18169K->12036K(24716K), 0.0013732 secs]
43.048: [GC
Desired survivor size 557056 bytes, new threshold 15 (max 15)
- age   1:      76064 bytes,      76064 total
- age   2:     384616 bytes,     460680 total
 18500K->11974K(24716K), 0.0012680 secs]
43.053: [GC
Desired survivor size 557056 bytes, new threshold 15 (max 15)
- age   1:     157488 bytes,     157488 total
- age   2:       4360 bytes,     161848 total
- age   3:     133536 bytes,     295384 total
 18448K->11815K(24716K), 0.0011975 secs]
43.058: [GC
Desired survivor size 557056 bytes, new threshold 15 (max 15)
- age   1:     275480 bytes,     275480 total
- age   2:      84448 bytes,     359928 total
- age   3:       4168 bytes,     364096 total
- age   4:     133536 bytes,     497632 total
 18290K->12011K(24716K), 0.0012199 secs]
43.063: [GC
Desired survivor size 557056 bytes, new threshold 5 (max 15)
- age   1:     255856 bytes,     255856 total
- age   2:     212032 bytes,     467888 total
- age   3:      84448 bytes,     552336 total
- age   4:       4168 bytes,     556504 total
- age   5:     133536 bytes,     690040 total
 18485K->12200K(24716K), 0.0011692 secs]
43.069: [GC
Desired survivor size 557056 bytes, new threshold 4 (max 15)
- age   1:      74576 bytes,      74576 total
- age   2:     190384 bytes,     264960 total
- age   3:     212032 bytes,     476992 total
- age   4:      84448 bytes,     561440 total
- age   5:       3440 bytes,     564880 total
 18702K->12209K(24716K), 0.0011011 secs]
43.074: [GC
Desired survivor size 557056 bytes, new threshold 4 (max 15)
- age   1:     311192 bytes,     311192 total
- age   2:       5944 bytes,     317136 total
- age   3:     190384 bytes,     507520 total
- age   4:     212032 bytes,     719552 total
 18631K->12447K(24716K), 0.0013077 secs]
43.080: [GC
Desired survivor size 557056 bytes, new threshold 2 (max 15)
- age   1:     402424 bytes,     402424 total
- age   2:     240896 bytes,     643320 total
- age   3:       4320 bytes,     647640 total
- age   4:     190384 bytes,     838024 total
 18927K->12774K(24716K), 0.0014123 secs]
43.085: [GC
Desired survivor size 557056 bytes, new threshold 2 (max 15)
- age   1:     243904 bytes,     243904 total
- age   2:     317192 bytes,     561096 total
 19296K->12932K(24716K), 0.0014376 secs]
43.091: [GC
Desired survivor size 557056 bytes, new threshold 15 (max 15)
- age   1:     386648 bytes,     386648 total
- age   2:     137392 bytes,     524040 total
 19435K->13208K(24716K), 0.0018750 secs]
43.099: [GC
Desired survivor size 557056 bytes, new threshold 15 (max 15)
- age   1:     284112 bytes,     284112 total
- age   2:      80256 bytes,     364368 total
- age   3:     137392 bytes,     501760 total
 19724K->13185K(24716K), 0.0013386 secs]
43.105: [GC
Desired survivor size 557056 bytes, new threshold 15 (max 15)
- age   1:     108272 bytes,     108272 total
- age   2:        704 bytes,     108976 total
- age   3:      80256 bytes,     189232 total
- age   4:     137392 bytes,     326624 total
 19701K->13015K(24716K), 0.0009743 secs]
43.112: [GC
Desired survivor size 557056 bytes, new threshold 15 (max 15)
- age   1:     128192 bytes,     128192 total
- age   2:      84008 bytes,     212200 total
- age   4:      80256 bytes,     292456 total
- age   5:     137392 bytes,     429848 total
 19492K->13115K(24716K), 0.0010459 secs]
43.117: [GC
Desired survivor size 557056 bytes, new threshold 5 (max 15)
- age   1:     385544 bytes,     385544 total
- age   2:      48384 bytes,     433928 total
- age   3:      84008 bytes,     517936 total
- age   5:      80256 bytes,     598192 total
- age   6:     137392 bytes,     735584 total
 19596K->13414K(24716K), 0.0013516 secs]
43.124: [GC
Desired survivor size 557056 bytes, new threshold 15 (max 15)
- age   1:     202104 bytes,     202104 total
- age   2:     165920 bytes,     368024 total
- age   3:      48384 bytes,     416408 total
- age   4:      84008 bytes,     500416 total
 19926K->13396K(24716K), 0.0012991 secs]
43.130: [GC
Desired survivor size 557056 bytes, new threshold 1 (max 15)
- age   1:     564960 bytes,     564960 total
- age   2:      64152 bytes,     629112 total
- age   3:     165920 bytes,     795032 total
- age   4:      48384 bytes,     843416 total
- age   5:      84008 bytes,     927424 total
 19891K->13814K(24716K), 0.0014267 secs]
43.136: [GC
Desired survivor size 557056 bytes, new threshold 15 (max 15)
- age   1:     255968 bytes,     255968 total
 20324K->13727K(24716K), 0.0014883 secs]
43.145: [GC
Desired survivor size 557056 bytes, new threshold 15 (max 15)
- age   1:     556800 bytes,     556800 total
 20213K->14022K(24716K), 0.0009456 secs]
43.153: [GC
Desired survivor size 557056 bytes, new threshold 2 (max 15)
- age   1:     243000 bytes,     243000 total
- age   2:     314296 bytes,     557296 total
 20523K->14022K(24716K), 0.0011855 secs]
43.158: [GC
Desired survivor size 557056 bytes, new threshold 2 (max 15)
- age   1:     506224 bytes,     506224 total
- age   2:     205624 bytes,     711848 total
 20524K->14412K(24716K), 0.0011671 secs]
43.163: [GC
Desired survivor size 557056 bytes, new threshold 2 (max 15)
- age   1:     456736 bytes,     456736 total
- age   2:     252048 bytes,     708784 total
 20920K->14610K(24716K), 0.0015457 secs]
43.169: [GC
Desired survivor size 557056 bytes, new threshold 15 (max 15)
- age   1:     286016 bytes,     286016 total
- age   2:     178464 bytes,     464480 total
 21106K->14618K(24716K), 0.0011429 secs]
43.174: [GC
Desired survivor size 557056 bytes, new threshold 15 (max 15)
- age   1:     373520 bytes,     373520 total
- age   3:     178464 bytes,     551984 total
 21142K->14703K(24716K), 0.0009792 secs]
43.180: [GC
Desired survivor size 557056 bytes, new threshold 4 (max 15)
- age   1:     457192 bytes,     457192 total
- age   4:     136144 bytes,     593336 total
 21172K->14743K(24716K), 0.0010328 secs]
43.185: [GC
Desired survivor size 557056 bytes, new threshold 15 (max 15)
- age   1:     126160 bytes,     126160 total
- age   2:     292448 bytes,     418608 total
 21265K->14706K(24716K), 0.0009980 secs]
43.191: [GC
Desired survivor size 557056 bytes, new threshold 1 (max 15)
- age   1:     842184 bytes,     842184 total
- age   2:      80840 bytes,     923024 total
- age   3:      72496 bytes,     995520 total
 21196K->15269K(24716K), 0.0019059 secs]
43.197: [GC
Desired survivor size 557056 bytes, new threshold 1 (max 15)
- age   1:     744936 bytes,     744936 total
 21796K->15733K(24716K), 0.0024911 secs]
43.204: [GC
Desired survivor size 557056 bytes, new threshold 15 (max 15)
- age   1:     512400 bytes,     512400 total
 22242K->16159K(24716K), 0.0014945 secs]
43.209: [GC
Desired survivor size 557056 bytes, new threshold 1 (max 15)
- age   1:     698264 bytes,     698264 total
- age   2:     349520 bytes,    1047784 total
 22651K->16758K(24716K), 0.0016136 secs]
43.215: [GC
Desired survivor size 557056 bytes, new threshold 1 (max 15)
- age   1:     639864 bytes,     639864 total
 23239K->17171K(24716K), 0.0017009 secs]
43.222: [GC
Desired survivor size 557056 bytes, new threshold 1 (max 15)
- age   1:     636896 bytes,     636896 total
 23669K->17404K(24716K), 0.0014915 secs]
43.228: [GC
Desired survivor size 557056 bytes, new threshold 15 (max 15)
- age   1:     363712 bytes,     363712 total
 23918K->17676K(25100K), 0.0012847 secs]
43.230: [Full GC 17676K->8818K(25100K), 0.0705877 secs]
43.305: [GC
Desired survivor size 557056 bytes, new threshold 1 (max 15)
- age   1:     954056 bytes,     954056 total
 15284K->9753K(24716K), 0.0013096 secs]
43.310: [GC
Desired survivor size 557056 bytes, new threshold 15 (max 15)
- age   1:     368552 bytes,     368552 total
 16248K->10047K(24716K), 0.0015575 secs]
43.316: [GC
Desired survivor size 557056 bytes, new threshold 2 (max 15)
- age   1:     312848 bytes,     312848 total
- age   2:     284720 bytes,     597568 total
 16546K->10272K(24716K), 0.0008943 secs]
43.321: [GC
Desired survivor size 557056 bytes, new threshold 15 (max 15)
- age   1:     296048 bytes,     296048 total
- age   2:     234128 bytes,     530176 total
 16724K->10484K(24716K), 0.0011859 secs]
43.327: [GC
Desired survivor size 557056 bytes, new threshold 3 (max 15)
- age   1:     205568 bytes,     205568 total
- age   2:     214352 bytes,     419920 total
- age   3:     169072 bytes,     588992 total
 16998K->10542K(24716K), 0.0029556 secs]
43.336: [GC
Desired survivor size 557056 bytes, new threshold 3 (max 15)
- age   1:     307272 bytes,     307272 total
- age   2:     139672 bytes,     446944 total
- age   3:     214352 bytes,     661296 total
 17037K->10776K(24716K), 0.0014765 secs]
43.344: [GC
Desired survivor size 557056 bytes, new threshold 2 (max 15)
- age   1:     470048 bytes,     470048 total
- age   2:     238144 bytes,     708192 total
- age   3:     139672 bytes,     847864 total
 17291K->11166K(24716K), 0.0013649 secs]
43.351: [GC
Desired survivor size 557056 bytes, new threshold 15 (max 15)
- age   1:     162048 bytes,     162048 total
- age   2:      88296 bytes,     250344 total
 17617K->10951K(24716K), 0.0011258 secs]
43.357: [GC
Desired survivor size 557056 bytes, new threshold 15 (max 15)
- age   1:     315896 bytes,     315896 total
- age   2:       1560 bytes,     317456 total
- age   3:      88296 bytes,     405752 total
 17473K->11103K(24716K), 0.0008691 secs]
43.364: [GC
Desired survivor size 557056 bytes, new threshold 15 (max 15)
- age   1:     290584 bytes,     290584 total
- age   2:     163992 bytes,     454576 total
- age   3:       1560 bytes,     456136 total
- age   4:      88296 bytes,     544432 total
 17625K->11240K(24716K), 0.0032670 secs]
43.372: [GC
Desired survivor size 557056 bytes, new threshold 2 (max 15)
- age   1:     492880 bytes,     492880 total
- age   2:     140560 bytes,     633440 total
- age   3:      79440 bytes,     712880 total
- age   4:       1560 bytes,     714440 total
- age   5:      88296 bytes,     802736 total
 17768K->11497K(24716K), 0.0011927 secs]
43.379: [GC
Desired survivor size 557056 bytes, new threshold 2 (max 15)
- age   1:     468488 bytes,     468488 total
- age   2:     475464 bytes,     943952 total
 18006K->11942K(24716K), 0.0014656 secs]
43.384: [GC
Desired survivor size 557056 bytes, new threshold 2 (max 15)
- age   1:     548896 bytes,     548896 total
- age   2:     339544 bytes,     888440 total
 18455K->12347K(24716K), 0.0026465 secs]
43.392: [GC
Desired survivor size 557056 bytes, new threshold 15 (max 15)
- age   1:     228144 bytes,     228144 total
- age   2:     219720 bytes,     447864 total
 18851K->12246K(24716K), 0.0011894 secs]
43.400: [GC
Desired survivor size 557056 bytes, new threshold 2 (max 15)
- age   1:     403688 bytes,     403688 total
- age   2:     167968 bytes,     571656 total
- age   3:     219720 bytes,     791376 total
 18758K->12582K(24716K), 0.0012585 secs]
43.405: [GC
Desired survivor size 557056 bytes, new threshold 15 (max 15)
- age   1:     191472 bytes,     191472 total
- age   2:     259064 bytes,     450536 total
 19083K->12572K(24716K), 0.0012053 secs]
43.410: [GC
Desired survivor size 557056 bytes, new threshold 3 (max 15)
- age   1:     283240 bytes,     283240 total
- age   2:     114152 bytes,     397392 total
- age   3:     259064 bytes,     656456 total
 19098K->12775K(24716K), 0.0012144 secs]
43.415: [GC
Desired survivor size 557056 bytes, new threshold 15 (max 15)
- age   1:     188224 bytes,     188224 total
- age   2:     242088 bytes,     430312 total
 19298K->12722K(24716K), 0.0011360 secs]
43.421: [GC
Desired survivor size 557056 bytes, new threshold 3 (max 15)
- age   1:     372880 bytes,     372880 total
- age   2:     101784 bytes,     474664 total
- age   3:     242088 bytes,     716752 total
 19239K->13002K(24716K), 0.0012436 secs]
43.429: [GC
Desired survivor size 557056 bytes, new threshold 15 (max 15)
- age   1:      67648 bytes,      67648 total
- age   2:     226952 bytes,     294600 total
- age   3:     101784 bytes,     396384 total
 19530K->12930K(24716K), 0.0011445 secs]
43.436: [GC
Desired survivor size 557056 bytes, new threshold 4 (max 15)
- age   1:     296896 bytes,     296896 total
- age   2:       2952 bytes,     299848 total
- age   3:     226952 bytes,     526800 total
- age   4:     101784 bytes,     628584 total
 19411K->13158K(24716K), 0.0011057 secs]
43.446: [GC
Desired survivor size 557056 bytes, new threshold 4 (max 15)
- age   1:     252824 bytes,     252824 total
- age   2:     223288 bytes,     476112 total
- age   3:       2952 bytes,     479064 total
- age   4:     226952 bytes,     706016 total
 19686K->13342K(24716K), 0.0024563 secs]
43.452: [GC
Desired survivor size 557056 bytes, new threshold 3 (max 15)
- age   1:     245552 bytes,     245552 total
- age   2:     177440 bytes,     422992 total
- age   3:     223288 bytes,     646280 total
- age   4:       2248 bytes,     648528 total
 19803K->13509K(24716K), 0.0013726 secs]
43.460: [GC
Desired survivor size 557056 bytes, new threshold 2 (max 15)
- age   1:     461496 bytes,     461496 total
- age   2:     167088 bytes,     628584 total
- age   3:     177440 bytes,     806024 total
 19983K->13884K(24716K), 0.0013771 secs]
43.466: [GC
Desired survivor size 557056 bytes, new threshold 1 (max 15)
- age   1:     626448 bytes,     626448 total
- age   2:     221944 bytes,     848392 total
 20335K->14191K(24716K), 0.0016883 secs]
43.472: [GC
Desired survivor size 557056 bytes, new threshold 15 (max 15)
- age   1:      89048 bytes,      89048 total
 20697K->14117K(24716K), 0.0011860 secs]
43.477: [GC
Desired survivor size 557056 bytes, new threshold 15 (max 15)
- age   1:     410792 bytes,     410792 total
- age   2:       6584 bytes,     417376 total
 20619K->14437K(24716K), 0.0010778 secs]
43.482: [GC
Desired survivor size 557056 bytes, new threshold 15 (max 15)
- age   1:     325576 bytes,     325576 total
- age   2:     161560 bytes,     487136 total
- age   3:       5864 bytes,     493000 total
 20921K->14514K(24716K), 0.0008443 secs]
43.487: [GC
Desired survivor size 557056 bytes, new threshold 15 (max 15)
- age   1:     103112 bytes,     103112 total
- age   2:     242512 bytes,     345624 total
- age   3:     161560 bytes,     507184 total
- age   4:       4240 bytes,     511424 total
 21040K->14529K(24716K), 0.0011025 secs]
43.493: [GC
Desired survivor size 557056 bytes, new threshold 4 (max 15)
- age   1:     178376 bytes,     178376 total
- age   2:      18768 bytes,     197144 total
- age   3:     242512 bytes,     439656 total
- age   4:     161560 bytes,     601216 total
- age   5:       4240 bytes,     605456 total
 21057K->14620K(24716K), 0.0011328 secs]
43.500: [GC
Desired survivor size 557056 bytes, new threshold 4 (max 15)
- age   1:     297520 bytes,     297520 total
- age   2:     177632 bytes,     475152 total
- age   3:      18768 bytes,     493920 total
- age   4:     242512 bytes,     736432 total
 21148K->14907K(24716K), 0.0012957 secs]
43.512: [GC
Desired survivor size 557056 bytes, new threshold 15 (max 15)
- age   1:     260816 bytes,     260816 total
- age   2:     142128 bytes,     402944 total
- age   3:       5104 bytes,     408048 total
- age   4:      18768 bytes,     426816 total
 21426K->14845K(24716K), 0.0013661 secs]
43.517: [GC
Desired survivor size 557056 bytes, new threshold 15 (max 15)
- age   1:      36088 bytes,      36088 total
- age   2:     253832 bytes,     289920 total
- age   3:     142128 bytes,     432048 total
- age   4:       3480 bytes,     435528 total
- age   5:      18768 bytes,     454296 total
 21366K->14866K(24716K), 0.0010452 secs]
43.524: [GC
Desired survivor size 557056 bytes, new threshold 3 (max 15)
- age   1:     474216 bytes,     474216 total
- age   2:      17696 bytes,     491912 total
- age   3:     252872 bytes,     744784 total
- age   4:     142128 bytes,     886912 total
- age   5:       3480 bytes,     890392 total
- age   6:      18768 bytes,     909160 total
 21391K->15320K(24716K), 0.0011393 secs]
43.530: [GC
Desired survivor size 557056 bytes, new threshold 2 (max 15)
- age   1:     453368 bytes,     453368 total
- age   2:     294408 bytes,     747776 total
- age   3:      17856 bytes,     765632 total
 21802K->15609K(24716K), 0.0013972 secs]
43.537: [GC
Desired survivor size 557056 bytes, new threshold 15 (max 15)
- age   1:      50632 bytes,      50632 total
- age   2:     423328 bytes,     473960 total
 22129K->15603K(24716K), 0.0013988 secs]
43.542: [GC
Desired survivor size 557056 bytes, new threshold 15 (max 15)
- age   1:     269992 bytes,     269992 total
- age   2:       7816 bytes,     277808 total
- age   3:     245384 bytes,     523192 total
 22110K->15655K(24716K), 0.0012690 secs]
43.548: [GC
Desired survivor size 557056 bytes, new threshold 4 (max 15)
- age   1:     326080 bytes,     326080 total
- age   3:       7816 bytes,     333896 total
- age   4:     245384 bytes,     579280 total
 22171K->15702K(24716K), 0.0016701 secs]
43.554: [GC
Desired survivor size 557056 bytes, new threshold 1 (max 15)
- age   1:     645512 bytes,     645512 total
- age   2:     203200 bytes,     848712 total
- age   4:       7816 bytes,     856528 total
 22225K->16213K(24716K), 0.0014762 secs]
43.560: [GC
Desired survivor size 557056 bytes, new threshold 15 (max 15)
- age   1:     401320 bytes,     401320 total
 22733K->16313K(24716K), 0.0012385 secs]
43.566: [GC
Desired survivor size 557056 bytes, new threshold 2 (max 15)
- age   1:     511568 bytes,     511568 total
- age   2:     295048 bytes,     806616 total
 22828K->16705K(24716K), 0.0012383 secs]
43.572: [GC
Desired survivor size 557056 bytes, new threshold 1 (max 15)
- age   1:     616784 bytes,     616784 total
- age   2:     475560 bytes,    1092344 total
 23108K->17355K(24716K), 0.0016150 secs]
43.578: [GC
Desired survivor size 557056 bytes, new threshold 15 (max 15)
- age   1:     122104 bytes,     122104 total
 23813K->17257K(24908K), 0.0014677 secs]
43.580: [Full GC 17257K->8083K(24908K), 0.0761987 secs]
43.660: [GC
Desired survivor size 557056 bytes, new threshold 1 (max 15)
- age   1:     626536 bytes,     626536 total
 14574K->8698K(24716K), 0.0009792 secs]
43.667: [GC
Desired survivor size 557056 bytes, new threshold 15 (max 15)
- age   1:     378696 bytes,     378696 total
 15213K->9008K(24716K), 0.0011900 secs]
43.673: [GC
Desired survivor size 557056 bytes, new threshold 15 (max 15)
- age   1:     102120 bytes,     102120 total
- age   2:     300976 bytes,     403096 total
 15535K->9032K(24716K), 0.0007041 secs]
43.678: [GC
Desired survivor size 557056 bytes, new threshold 1 (max 15)
- age   1:     737872 bytes,     737872 total
- age   2:      20408 bytes,     758280 total
- age   3:     174400 bytes,     932680 total
 15528K->9549K(24716K), 0.0011417 secs]
43.683: [GC
Desired survivor size 557056 bytes, new threshold 15 (max 15)
- age   1:     327040 bytes,     327040 total
 16074K->9575K(24716K), 0.0012840 secs]
43.689: [GC
Desired survivor size 557056 bytes, new threshold 1 (max 15)
- age   1:     577248 bytes,     577248 total
- age   2:      22936 bytes,     600184 total
 16090K->9842K(24716K), 0.0009165 secs]
43.695: [GC
Desired survivor size 557056 bytes, new threshold 15 (max 15)
- age   1:     173192 bytes,     173192 total
 16361K->9991K(24716K), 0.0011358 secs]
43.700: [GC
Desired survivor size 557056 bytes, new threshold 1 (max 15)
- age   1:     857264 bytes,     857264 total
- age   2:      85504 bytes,     942768 total
 16502K->10742K(24716K), 0.0011368 secs]
43.706: [GC
Desired survivor size 557056 bytes, new threshold 15 (max 15)
- age   1:     276928 bytes,     276928 total
 17213K->10559K(24716K), 0.0012894 secs]
43.713: [GC
Desired survivor size 557056 bytes, new threshold 15 (max 15)
- age   1:     547552 bytes,     547552 total
 17080K->10822K(24716K), 0.0016375 secs]
43.719: [GC
Desired survivor size 557056 bytes, new threshold 2 (max 15)
- age   1:     450552 bytes,     450552 total
- age   2:     515872 bytes,     966424 total
 17286K->11231K(24716K), 0.0011846 secs]
43.726: [GC
Desired survivor size 557056 bytes, new threshold 2 (max 15)
- age   1:     307152 bytes,     307152 total
- age   2:     413912 bytes,     721064 total
 17732K->11348K(24716K), 0.0015174 secs]
43.734: [GC
Desired survivor size 557056 bytes, new threshold 15 (max 15)
- age   1:     317088 bytes,     317088 total
- age   2:     220632 bytes,     537720 total
 17863K->11523K(24716K), 0.0013731 secs]
43.740: [GC
Desired survivor size 557056 bytes, new threshold 2 (max 15)
- age   1:     531920 bytes,     531920 total
- age   2:     179008 bytes,     710928 total
- age   3:     171120 bytes,     882048 total
 18051K->11858K(24716K), 0.0013446 secs]
43.746: [GC
Desired survivor size 557056 bytes, new threshold 2 (max 15)
- age   1:     390888 bytes,     390888 total
- age   2:     447368 bytes,     838256 total
 18354K->12119K(24716K), 0.0020651 secs]
43.752: [GC
Desired survivor size 557056 bytes, new threshold 15 (max 15)
- age   1:     229856 bytes,     229856 total
- age   2:     170072 bytes,     399928 total
 18614K->12136K(24716K), 0.0012819 secs]
43.758: [GC
Desired survivor size 557056 bytes, new threshold 15 (max 15)
- age   1:      99120 bytes,      99120 total
- age   3:     170072 bytes,     269192 total
 18648K->12008K(24716K), 0.0007968 secs]
43.763: [GC
Desired survivor size 557056 bytes, new threshold 1 (max 15)
- age   1:     792008 bytes,     792008 total
- age   4:     170072 bytes,     962080 total
 18511K->12685K(24716K), 0.0011682 secs]
43.768: [GC
Desired survivor size 557056 bytes, new threshold 15 (max 15)
- age   1:     222288 bytes,     222288 total
 19211K->12696K(24716K), 0.0012642 secs]
43.774: [GC
Desired survivor size 557056 bytes, new threshold 15 (max 15)
- age   1:      83544 bytes,      83544 total
 19212K->12560K(24716K), 0.0005953 secs]
43.782: [GC
Desired survivor size 557056 bytes, new threshold 15 (max 15)
- age   1:     270240 bytes,     270240 total
- age   2:      51888 bytes,     322128 total
 19087K->12794K(24716K), 0.0018980 secs]
43.794: [GC
Desired survivor size 557056 bytes, new threshold 2 (max 15)
- age   1:     369280 bytes,     369280 total
- age   2:     242160 bytes,     611440 total
- age   3:      51888 bytes,     663328 total
 19322K->13127K(24716K), 0.0009916 secs]
43.800: [GC
Desired survivor size 557056 bytes, new threshold 15 (max 15)
- age   1:      45296 bytes,      45296 total
- age   2:     285808 bytes,     331104 total
 19652K->13093K(24716K), 0.0010834 secs]
43.806: [GC
Desired survivor size 557056 bytes, new threshold 15 (max 15)
- age   1:     276360 bytes,     276360 total
- age   2:       6904 bytes,     283264 total
- age   3:     235240 bytes,     518504 total
 19615K->13277K(24716K), 0.0010382 secs]
43.812: [GC
Desired survivor size 557056 bytes, new threshold 15 (max 15)
- age   1:      72760 bytes,      72760 total
- age   2:     118240 bytes,     191000 total
- age   3:       6904 bytes,     197904 total
- age   4:     235240 bytes,     433144 total
 19778K->13199K(24716K), 0.0010506 secs]
43.817: [GC
Desired survivor size 557056 bytes, new threshold 5 (max 15)
- age   1:     404576 bytes,     404576 total
- age   2:      34456 bytes,     439032 total
- age   3:      64440 bytes,     503472 total
- age   4:       6904 bytes,     510376 total
- age   5:     235240 bytes,     745616 total
 19700K->13505K(24716K), 0.0011654 secs]
43.824: [GC
Desired survivor size 557056 bytes, new threshold 15 (max 15)
- age   1:     104808 bytes,     104808 total
- age   2:     268848 bytes,     373656 total
- age   3:      34456 bytes,     408112 total
- age   4:      64440 bytes,     472552 total
- age   5:       6904 bytes,     479456 total
 20010K->13469K(24716K), 0.0015404 secs]
43.829: [GC
Desired survivor size 557056 bytes, new threshold 5 (max 15)
- age   1:     235064 bytes,     235064 total
- age   3:     268848 bytes,     503912 total
- age   4:      34456 bytes,     538368 total
- age   5:      64440 bytes,     602808 total
- age   6:       6904 bytes,     609712 total
 19989K->13596K(24716K), 0.0010725 secs]
43.834: [GC
Desired survivor size 557056 bytes, new threshold 4 (max 15)
- age   1:     162520 bytes,     162520 total
- age   2:     182136 bytes,     344656 total
- age   4:     268848 bytes,     613504 total
- age   5:      34456 bytes,     647960 total
 20063K->13703K(24716K), 0.0012521 secs]
43.840: [GC
Desired survivor size 557056 bytes, new threshold 3 (max 15)
- age   1:     297840 bytes,     297840 total
- age   2:     108096 bytes,     405936 total
- age   3:     182136 bytes,     588072 total
 20180K->13946K(24716K), 0.0014197 secs]
43.849: [GC
Desired survivor size 557056 bytes, new threshold 2 (max 15)
- age   1:     535840 bytes,     535840 total
- age   2:     188640 bytes,     724480 total
- age   3:     108096 bytes,     832576 total
 20474K->14364K(24716K), 0.0017467 secs]
43.856: [GC
Desired survivor size 557056 bytes, new threshold 2 (max 15)
- age   1:     395304 bytes,     395304 total
- age   2:     313768 bytes,     709072 total
 20856K->14479K(24716K), 0.0011855 secs]
43.863: [GC
Desired survivor size 557056 bytes, new threshold 2 (max 15)
- age   1:     484152 bytes,     484152 total
- age   2:     169064 bytes,     653216 total
 21001K->14729K(24716K), 0.0012605 secs]
43.870: [GC
Desired survivor size 557056 bytes, new threshold 2 (max 15)
- age   1:     166024 bytes,     166024 total
- age   2:     439224 bytes,     605248 total
 21233K->14683K(24716K), 0.0010622 secs]
43.876: [GC
Desired survivor size 557056 bytes, new threshold 15 (max 15)
- age   1:     501672 bytes,     501672 total
- age   2:       3432 bytes,     505104 total
 21191K->14684K(24716K), 0.0011506 secs]
43.882: [GC
Desired survivor size 557056 bytes, new threshold 15 (max 15)
- age   1:     126080 bytes,     126080 total
- age   2:     386232 bytes,     512312 total
- age   3:       3432 bytes,     515744 total
 21178K->14693K(24716K), 0.0009839 secs]
43.888: [GC
Desired survivor size 557056 bytes, new threshold 15 (max 15)
- age   1:     244072 bytes,     244072 total
- age   2:       5728 bytes,     249800 total
- age   3:     229800 bytes,     479600 total
- age   4:       3432 bytes,     483032 total
 21213K->14662K(24716K), 0.0009442 secs]
43.894: [GC
Desired survivor size 557056 bytes, new threshold 1 (max 15)
- age   1:     615552 bytes,     615552 total
- age   3:       5728 bytes,     621280 total
- age   4:      58576 bytes,     679856 total
- age   5:       3432 bytes,     683288 total
 21176K->14862K(24716K), 0.0010087 secs]
43.901: [GC
Desired survivor size 557056 bytes, new threshold 15 (max 15)
- age   1:     152936 bytes,     152936 total
 21385K->14887K(24716K), 0.0011588 secs]
43.907: [GC
Desired survivor size 557056 bytes, new threshold 15 (max 15)
- age   1:      77624 bytes,      77624 total
- age   2:     139624 bytes,     217248 total
 21398K->14950K(24716K), 0.0007126 secs]
43.912: [GC
Desired survivor size 557056 bytes, new threshold 15 (max 15)
- age   1:     258608 bytes,     258608 total
- age   2:      39328 bytes,     297936 total
- age   3:     139904 bytes,     437840 total
 21465K->15164K(24716K), 0.0008821 secs]
43.917: [GC
Desired survivor size 557056 bytes, new threshold 4 (max 15)
- age   1:     426024 bytes,     426024 total
- age   3:      39328 bytes,     465352 total
- age   4:     139584 bytes,     604936 total
 21658K->15326K(24716K), 0.0010567 secs]
43.923: [GC
Desired survivor size 557056 bytes, new threshold 15 (max 15)
- age   1:     158384 bytes,     158384 total
- age   2:      95824 bytes,     254208 total
- age   4:      39328 bytes,     293536 total
 21829K->15164K(24716K), 0.0008953 secs]
43.928: [GC
Desired survivor size 557056 bytes, new threshold 15 (max 15)
- age   1:     373392 bytes,     373392 total
- age   2:      41168 bytes,     414560 total
- age   3:      95824 bytes,     510384 total
- age   5:      39328 bytes,     549712 total
 21653K->15412K(24716K), 0.0009246 secs]
43.935: [GC
Desired survivor size 557056 bytes, new threshold 6 (max 15)
- age   1:     152832 bytes,     152832 total
- age   2:     252808 bytes,     405640 total
- age   3:      41168 bytes,     446808 total
- age   4:      95824 bytes,     542632 total
- age   6:      39328 bytes,     581960 total
 21923K->15442K(24716K), 0.0017100 secs]
43.941: [GC
Desired survivor size 557056 bytes, new threshold 15 (max 15)
- age   1:     297376 bytes,     297376 total
- age   2:      17920 bytes,     315296 total
- age   3:      18368 bytes,     333664 total
- age   4:      41168 bytes,     374832 total
- age   5:      95824 bytes,     470656 total
 21954K->15374K(24716K), 0.0013975 secs]
43.946: [GC
Desired survivor size 557056 bytes, new threshold 4 (max 15)
- age   1:     275344 bytes,     275344 total
- age   2:     251048 bytes,     526392 total
- age   3:      17920 bytes,     544312 total
- age   4:      18368 bytes,     562680 total
- age   5:      41168 bytes,     603848 total
- age   6:      95824 bytes,     699672 total
 21872K->15598K(24716K), 0.0021462 secs]
43.953: [GC
Desired survivor size 557056 bytes, new threshold 3 (max 15)
- age   1:     332936 bytes,     332936 total
- age   2:     164664 bytes,     497600 total
- age   3:     128224 bytes,     625824 total
- age   4:      17920 bytes,     643744 total
 22126K->15701K(24716K), 0.0015667 secs]
43.959: [GC
Desired survivor size 557056 bytes, new threshold 15 (max 15)
- age   1:     283136 bytes,     283136 total
- age   2:      55960 bytes,     339096 total
- age   3:     164664 bytes,     503760 total
 22137K->15705K(24716K), 0.0012773 secs]
43.964: [GC
Desired survivor size 557056 bytes, new threshold 15 (max 15)
- age   1:     308368 bytes,     308368 total
- age   3:      55960 bytes,     364328 total
- age   4:     164664 bytes,     528992 total
 22232K->15729K(24716K), 0.0010237 secs]
43.972: [GC
Desired survivor size 557056 bytes, new threshold 5 (max 15)
- age   1:     282184 bytes,     282184 total
- age   2:     135696 bytes,     417880 total
- age   4:      55960 bytes,     473840 total
- age   5:     164664 bytes,     638504 total
 22250K->15836K(24716K), 0.0021972 secs]
43.980: [GC
Desired survivor size 557056 bytes, new threshold 3 (max 15)
- age   1:     259808 bytes,     259808 total
- age   2:     230416 bytes,     490224 total
- age   3:     135696 bytes,     625920 total
- age   5:      55960 bytes,     681880 total
 22357K->16037K(24716K), 0.0018120 secs]
43.986: [GC
Desired survivor size 557056 bytes, new threshold 15 (max 15)
- age   1:      66248 bytes,      66248 total
- age   2:     211448 bytes,     277696 total
- age   3:     230416 bytes,     508112 total
 22555K->16066K(24716K), 0.0012461 secs]
43.992: [GC
Desired survivor size 557056 bytes, new threshold 15 (max 15)
- age   1:     150952 bytes,     150952 total
- age   2:       3600 bytes,     154552 total
- age   3:      84864 bytes,     239416 total
- age   4:     230304 bytes,     469720 total
 22589K->16026K(24716K), 0.0010468 secs]
43.998: [GC
Desired survivor size 557056 bytes, new threshold 15 (max 15)
- age   1:     144792 bytes,     144792 total
- age   2:       4664 bytes,     149456 total
- age   3:       3600 bytes,     153056 total
- age   4:      84864 bytes,     237920 total
- age   5:     230304 bytes,     468224 total
 22545K->16029K(24716K), 0.0008834 secs]
44.003: [GC
Desired survivor size 557056 bytes, new threshold 6 (max 15)
- age   1:     426624 bytes,     426624 total
- age   2:      31392 bytes,     458016 total
- age   3:       4664 bytes,     462680 total
- age   4:       3600 bytes,     466280 total
- age   5:      84864 bytes,     551144 total
- age   6:     230304 bytes,     781448 total
 22556K->16336K(24716K), 0.0013028 secs]
44.009: [GC
Desired survivor size 557056 bytes, new threshold 15 (max 15)
- age   1:     120432 bytes,     120432 total
- age   2:     305392 bytes,     425824 total
- age   4:       4664 bytes,     430488 total
- age   5:       3600 bytes,     434088 total
- age   6:      84864 bytes,     518952 total
 22856K->16313K(24716K), 0.0013803 secs]
44.015: [GC
Desired survivor size 557056 bytes, new threshold 7 (max 15)
- age   1:     204088 bytes,     204088 total
- age   2:      67224 bytes,     271312 total
- age   3:     224072 bytes,     495384 total
- age   5:       4664 bytes,     500048 total
- age   6:       3600 bytes,     503648 total
- age   7:      84864 bytes,     588512 total
 22832K->16368K(24716K), 0.0009906 secs]
44.020: [GC
Desired survivor size 557056 bytes, new threshold 15 (max 15)
- age   1:     116864 bytes,     116864 total
- age   3:      67192 bytes,     184056 total
- age   4:     173240 bytes,     357296 total
- age   6:       4664 bytes,     361960 total
- age   7:       3600 bytes,     365560 total
 22890K->16236K(24716K), 0.0009627 secs]
44.025: [GC
Desired survivor size 557056 bytes, new threshold 2 (max 15)
- age   1:     548280 bytes,     548280 total
- age   2:      83968 bytes,     632248 total
- age   4:      67192 bytes,     699440 total
- age   5:     173240 bytes,     872680 total
- age   7:       4664 bytes,     877344 total
- age   8:       3600 bytes,     880944 total
 22740K->16735K(24716K), 0.0013232 secs]
44.030: [GC
Desired survivor size 557056 bytes, new threshold 2 (max 15)
- age   1:     183848 bytes,     183848 total
- age   2:     403784 bytes,     587632 total
 23242K->16780K(24716K), 0.0014694 secs]
44.036: [GC
Desired survivor size 557056 bytes, new threshold 1 (max 15)
- age   1:     704776 bytes,     704776 total
 23294K->17089K(24716K), 0.0011854 secs]
44.042: [GC
Desired survivor size 557056 bytes, new threshold 15 (max 15)
- age   1:     157160 bytes,     157160 total
 23588K->16908K(24716K), 0.0011209 secs]
44.048: [GC
Desired survivor size 557056 bytes, new threshold 1 (max 15)
- age   1:     595648 bytes,     595648 total
- age   2:      75928 bytes,     671576 total
 23422K->17410K(24716K), 0.0009339 secs]
44.053: [GC
Desired survivor size 557056 bytes, new threshold 15 (max 15)
- age   1:     255968 bytes,     255968 total
 23928K->17563K(25100K), 0.0015773 secs]
44.055: [Full GC 17563K->8303K(25100K), 0.0699626 secs]
44.129: [GC
Desired survivor size 557056 bytes, new threshold 15 (max 15)
- age   1:     169984 bytes,     169984 total
 14818K->8473K(24716K), 0.0006467 secs]
44.135: [GC
Desired survivor size 557056 bytes, new threshold 15 (max 15)
- age   1:     204864 bytes,     204864 total
- age   2:      55040 bytes,     259904 total
 14970K->8561K(24716K), 0.0007237 secs]
44.140: [GC
Desired survivor size 557056 bytes, new threshold 15 (max 15)
- age   1:     213488 bytes,     213488 total
- age   2:      81608 bytes,     295096 total
- age   3:      55040 bytes,     350136 total
 15082K->8649K(24716K), 0.0007262 secs]
44.146: [GC
Desired survivor size 557056 bytes, new threshold 15 (max 15)
- age   1:     186584 bytes,     186584 total
- age   2:      42944 bytes,     229528 total
- age   3:      81608 bytes,     311136 total
- age   4:      55040 bytes,     366176 total
 15161K->8665K(24716K), 0.0007365 secs]
44.150: [GC
Desired survivor size 557056 bytes, new threshold 15 (max 15)
- age   1:     148840 bytes,     148840 total
- age   2:      55040 bytes,     203880 total
- age   3:      42944 bytes,     246824 total
- age   4:      81608 bytes,     328432 total
- age   5:      55040 bytes,     383472 total
 15177K->8680K(24716K), 0.0015780 secs]
44.156: [GC
Desired survivor size 557056 bytes, new threshold 6 (max 15)
- age   1:     246160 bytes,     246160 total
- age   2:     103560 bytes,     349720 total
- age   3:      55040 bytes,     404760 total
- age   4:      42944 bytes,     447704 total
- age   5:      81608 bytes,     529312 total
- age   6:      55040 bytes,     584352 total
 15203K->8876K(24716K), 0.0013835 secs]
44.163: [GC
Desired survivor size 557056 bytes, new threshold 1 (max 15)
- age   1:     607416 bytes,     607416 total
- age   2:      64928 bytes,     672344 total
- age   4:      55040 bytes,     727384 total
- age   5:      42944 bytes,     770328 total
- age   6:      81608 bytes,     851936 total
 15403K->9193K(24716K), 0.0010979 secs]
44.168: [GC
Desired survivor size 557056 bytes, new threshold 15 (max 15)
- age   1:     201904 bytes,     201904 total
 15707K->9196K(24716K), 0.0015358 secs]
44.173: [GC
Desired survivor size 557056 bytes, new threshold 15 (max 15)
- age   1:     410248 bytes,     410248 total
- age   2:     132728 bytes,     542976 total
 15716K->9531K(24716K), 0.0012948 secs]
44.179: [GC
Desired survivor size 557056 bytes, new threshold 2 (max 15)
- age   1:     366320 bytes,     366320 total
- age   2:     364928 bytes,     731248 total
- age   3:     132728 bytes,     863976 total
 16019K->9845K(24716K), 0.0011824 secs]
44.184: [GC
Desired survivor size 557056 bytes, new threshold 15 (max 15)
- age   1:     277304 bytes,     277304 total
- age   2:     205440 bytes,     482744 total
 16340K->9967K(24716K), 0.0013794 secs]
44.189: [GC
Desired survivor size 557056 bytes, new threshold 3 (max 15)
- age   1:     466936 bytes,     466936 total
- age   3:     205440 bytes,     672376 total
 16475K->10152K(24716K), 0.0011898 secs]
44.194: [GC
Desired survivor size 557056 bytes, new threshold 15 (max 15)
- age   1:     181200 bytes,     181200 total
- age   2:     230896 bytes,     412096 total
 16625K->10098K(24716K), 0.0010054 secs]
44.201: [GC
Desired survivor size 557056 bytes, new threshold 2 (max 15)
- age   1:     456768 bytes,     456768 total
- age   2:     121288 bytes,     578056 total
- age   3:     230896 bytes,     808952 total
 16577K->10485K(24716K), 0.0009918 secs]
44.206: [GC
Desired survivor size 557056 bytes, new threshold 2 (max 15)
- age   1:     269328 bytes,     269328 total
- age   2:     312752 bytes,     582080 total
 16997K->10608K(24716K), 0.0014833 secs]
44.212: [GC
Desired survivor size 557056 bytes, new threshold 15 (max 15)
- age   1:     398200 bytes,     398200 total
- age   2:     143160 bytes,     541360 total
 17085K->10873K(24716K), 0.0012301 secs]
44.217: [GC
Desired survivor size 557056 bytes, new threshold 2 (max 15)
- age   1:     513256 bytes,     513256 total
- age   2:     261504 bytes,     774760 total
- age   3:      81640 bytes,     856400 total
 17390K->11181K(24716K), 0.0012483 secs]
44.223: [GC
Desired survivor size 557056 bytes, new threshold 2 (max 15)
- age   1:     310984 bytes,     310984 total
- age   2:     444624 bytes,     755608 total
 17667K->11294K(24716K), 0.0012256 secs]
44.230: [GC
Desired survivor size 557056 bytes, new threshold 2 (max 15)
- age   1:     474856 bytes,     474856 total
- age   2:      87416 bytes,     562272 total
 17813K->11539K(24716K), 0.0010973 secs]
44.238: [GC
Desired survivor size 557056 bytes, new threshold 15 (max 15)
- age   1:     129472 bytes,     129472 total
- age   2:     306600 bytes,     436072 total
 18040K->11501K(24716K), 0.0014369 secs]
44.246: [GC
Desired survivor size 557056 bytes, new threshold 15 (max 15)
- age   1:     290880 bytes,     290880 total
- age   2:      54048 bytes,     344928 total
- age   3:     166536 bytes,     511464 total
 18019K->11574K(24716K), 0.0009239 secs]
44.251: [GC
Desired survivor size 557056 bytes, new threshold 4 (max 15)
- age   1:     195088 bytes,     195088 total
- age   2:     141400 bytes,     336488 total
- age   3:      54048 bytes,     390536 total
- age   4:     166536 bytes,     557072 total
 18037K->11618K(24716K), 0.0011463 secs]
44.258: [GC
Desired survivor size 557056 bytes, new threshold 15 (max 15)
- age   1:     201472 bytes,     201472 total
- age   2:         32 bytes,     201504 total
- age   3:     141400 bytes,     342904 total
- age   4:      53344 bytes,     396248 total
 18146K->11622K(24716K), 0.0010809 secs]
44.265: [GC
Desired survivor size 557056 bytes, new threshold 4 (max 15)
- age   1:     274312 bytes,     274312 total
- age   2:     200200 bytes,     474512 total
- age   3:         32 bytes,     474544 total
- age   4:     141400 bytes,     615944 total
 18148K->11842K(24716K), 0.0010987 secs]
44.271: [GC
Desired survivor size 557056 bytes, new threshold 1 (max 15)
- age   1:     588632 bytes,     588632 total
- age   2:     265248 bytes,     853880 total
- age   3:     200200 bytes,    1054080 total
- age   4:         32 bytes,    1054112 total
 18355K->12421K(24716K), 0.0015775 secs]
44.277: [GC
Desired survivor size 557056 bytes, new threshold 15 (max 15)
- age   1:     336696 bytes,     336696 total
 18930K->12421K(24716K), 0.0018303 secs]
44.283: [GC
Desired survivor size 557056 bytes, new threshold 1 (max 15)
- age   1:     715448 bytes,     715448 total
- age   2:     271640 bytes,     987088 total
 18945K->13054K(24716K), 0.0016868 secs]
44.290: [GC
Desired survivor size 557056 bytes, new threshold 15 (max 15)
- age   1:     283520 bytes,     283520 total
 19556K->12934K(24716K), 0.0012204 secs]
44.297: [GC
Desired survivor size 557056 bytes, new threshold 2 (max 15)
- age   1:     491904 bytes,     491904 total
- age   2:     215424 bytes,     707328 total
 19462K->13348K(24716K), 0.0017006 secs]
44.303: [GC
Desired survivor size 557056 bytes, new threshold 2 (max 15)
- age   1:     491792 bytes,     491792 total
- age   2:     384576 bytes,     876368 total
 19855K->13720K(24716K), 0.0017041 secs]
44.308: [GC
Desired survivor size 557056 bytes, new threshold 2 (max 15)
- age   1:     446760 bytes,     446760 total
- age   2:     408816 bytes,     855576 total
 20233K->14085K(24716K), 0.0018635 secs]
44.314: [GC
Desired survivor size 557056 bytes, new threshold 2 (max 15)
- age   1:     509240 bytes,     509240 total
- age   2:     334984 bytes,     844224 total
 20570K->14420K(24716K), 0.0013813 secs]
44.320: [GC
Desired survivor size 557056 bytes, new threshold 2 (max 15)
- age   1:     259232 bytes,     259232 total
- age   2:     509200 bytes,     768432 total
 20945K->14627K(24716K), 0.0015157 secs]
44.326: [GC
Desired survivor size 557056 bytes, new threshold 1 (max 15)
- age   1:     830296 bytes,     830296 total
- age   2:     155696 bytes,     985992 total
 21135K->15168K(24716K), 0.0016512 secs]
44.333: [GC
Desired survivor size 557056 bytes, new threshold 15 (max 15)
- age   1:     338272 bytes,     338272 total
 21664K->15391K(24716K), 0.0016136 secs]
44.340: [GC
Desired survivor size 557056 bytes, new threshold 2 (max 15)
- age   1:     323768 bytes,     323768 total
- age   2:     278360 bytes,     602128 total
 21859K->15646K(24716K), 0.0013920 secs]
44.345: [GC
Desired survivor size 557056 bytes, new threshold 2 (max 15)
- age   1:     348640 bytes,     348640 total
- age   2:     261664 bytes,     610304 total
 22159K->15876K(24716K), 0.0015594 secs]
44.352: [GC
Desired survivor size 557056 bytes, new threshold 15 (max 15)
- age   1:     322960 bytes,     322960 total
- age   2:     185888 bytes,     508848 total
 22289K->16030K(24716K), 0.0014392 secs]
44.358: [GC
Desired survivor size 557056 bytes, new threshold 3 (max 15)
- age   1:     386128 bytes,     386128 total
- age   2:      99632 bytes,     485760 total
- age   3:     133456 bytes,     619216 total
 22556K->16138K(24716K), 0.0011651 secs]
44.367: [GC
Desired survivor size 557056 bytes, new threshold 1 (max 15)
- age   1:     576600 bytes,     576600 total
- age   2:     159944 bytes,     736544 total
 22650K->16320K(24716K), 0.0010922 secs]
44.373: [GC
Desired survivor size 557056 bytes, new threshold 1 (max 15)
- age   1:     855320 bytes,     855320 total
 22820K->16935K(24716K), 0.0016434 secs]
44.381: [GC
Desired survivor size 557056 bytes, new threshold 1 (max 15)
- age   1:     564264 bytes,     564264 total
 23418K->17412K(24716K), 0.0014889 secs]
44.387: [GC
Desired survivor size 557056 bytes, new threshold 15 (max 15)
- age   1:     263528 bytes,     263528 total
 23923K->17618K(25100K), 0.0013028 secs]
44.389: [Full GC 17618K->8998K(25100K), 0.0704429 secs]
44.464: [GC
Desired survivor size 557056 bytes, new threshold 15 (max 15)
- age   1:     423368 bytes,     423368 total
 15513K->9415K(24716K), 0.0009962 secs]
44.469: [GC
Desired survivor size 557056 bytes, new threshold 2 (max 15)
- age   1:     430608 bytes,     430608 total
- age   2:     423288 bytes,     853896 total
 15917K->9834K(24716K), 0.0011920 secs]
44.475: [GC
Desired survivor size 557056 bytes, new threshold 15 (max 15)
- age   1:      95696 bytes,      95696 total
- age   2:     269008 bytes,     364704 total
 16334K->9786K(24716K), 0.0016311 secs]
44.481: [GC
Desired survivor size 557056 bytes, new threshold 15 (max 15)
- age   1:     226936 bytes,     226936 total
- age   2:      12592 bytes,     239528 total
- age   3:     269008 bytes,     508536 total
 16301K->9929K(24716K), 0.0009502 secs]
44.486: [GC
Desired survivor size 557056 bytes, new threshold 15 (max 15)
- age   1:     197784 bytes,     197784 total
- age   2:      58576 bytes,     256360 total
- age   3:      11496 bytes,     267856 total
- age   4:     269008 bytes,     536864 total
 16446K->9956K(24716K), 0.0010085 secs]
44.492: [GC
Desired survivor size 557056 bytes, new threshold 5 (max 15)
- age   1:     130328 bytes,     130328 total
- age   2:     142224 bytes,     272552 total
- age   3:      58576 bytes,     331128 total
- age   4:      11384 bytes,     342512 total
- age   5:     269008 bytes,     611520 total
 16481K->10031K(24716K), 0.0011048 secs]
44.497: [GC
Desired survivor size 557056 bytes, new threshold 4 (max 15)
- age   1:     290288 bytes,     290288 total
- age   2:     118408 bytes,     408696 total
- age   3:     142224 bytes,     550920 total
- age   4:      58576 bytes,     609496 total
- age   5:      11384 bytes,     620880 total
 16533K->10305K(24716K), 0.0022460 secs]
44.503: [GC
Desired survivor size 557056 bytes, new threshold 4 (max 15)
- age   1:     226592 bytes,     226592 total
- age   2:     204712 bytes,     431304 total
- age   3:     118408 bytes,     549712 total
- age   4:     142224 bytes,     691936 total
 16818K->10432K(24716K), 0.0012340 secs]
44.508: [GC
Desired survivor size 557056 bytes, new threshold 3 (max 15)
- age   1:     282856 bytes,     282856 total
- age   2:     202808 bytes,     485664 total
- age   3:     204712 bytes,     690376 total
- age   4:     118408 bytes,     808784 total
 16934K->10687K(24716K), 0.0014013 secs]
44.514: [GC
Desired survivor size 557056 bytes, new threshold 2 (max 15)
- age   1:     350568 bytes,     350568 total
- age   2:     244696 bytes,     595264 total
- age   3:     202808 bytes,     798072 total
 17187K->10998K(24716K), 0.0015064 secs]
44.520: [GC
Desired survivor size 557056 bytes, new threshold 15 (max 15)
- age   1:     158696 bytes,     158696 total
- age   2:     155488 bytes,     314184 total
 17462K->10961K(24716K), 0.0012671 secs]
44.527: [GC
Desired survivor size 557056 bytes, new threshold 1 (max 15)
- age   1:     768376 bytes,     768376 total
- age   2:      78384 bytes,     846760 total
- age   3:      77840 bytes,     924600 total
 17480K->11557K(24716K), 0.0012781 secs]
44.533: [GC
Desired survivor size 557056 bytes, new threshold 15 (max 15)
- age   1:     119856 bytes,     119856 total
 18011K->11330K(24716K), 0.0012073 secs]
44.538: [GC
Desired survivor size 557056 bytes, new threshold 15 (max 15)
- age   1:     240968 bytes,     240968 total
- age   2:      41584 bytes,     282552 total
 17823K->11487K(24716K), 0.0007236 secs]
44.543: [GC
Desired survivor size 557056 bytes, new threshold 1 (max 15)
- age   1:     557968 bytes,     557968 total
- age   2:      81792 bytes,     639760 total
- age   3:      41584 bytes,     681344 total
 17997K->11879K(24716K), 0.0011394 secs]
44.548: [GC
Desired survivor size 557056 bytes, new threshold 15 (max 15)
- age   1:     546776 bytes,     546776 total
 18393K->12150K(24716K), 0.0015923 secs]
44.554: [GC
Desired survivor size 557056 bytes, new threshold 2 (max 15)
- age   1:     432672 bytes,     432672 total
- age   2:     207008 bytes,     639680 total
 18658K->12241K(24716K), 0.0011936 secs]
44.560: [GC
Desired survivor size 557056 bytes, new threshold 2 (max 15)
- age   1:     437248 bytes,     437248 total
- age   2:     367360 bytes,     804608 total
 18726K->12606K(24716K), 0.0014489 secs]
44.568: [GC
Desired survivor size 557056 bytes, new threshold 2 (max 15)
- age   1:     397752 bytes,     397752 total
- age   2:     264408 bytes,     662160 total
 19087K->12825K(24716K), 0.0020030 secs]
44.574: [GC
Desired survivor size 557056 bytes, new threshold 15 (max 15)
- age   1:     173296 bytes,     173296 total
- age   2:     229008 bytes,     402304 total
 19322K->12837K(24716K), 0.0011477 secs]
44.634: [GC
Desired survivor size 557056 bytes, new threshold 2 (max 15)
- age   1:     507864 bytes,     507864 total
- age   2:      56368 bytes,     564232 total
- age   3:     228176 bytes,     792408 total
 19325K->13216K(24716K), 0.0043213 secs]
44.645: [GC
Desired survivor size 557056 bytes, new threshold 15 (max 15)
- age   1:      66904 bytes,      66904 total
- age   2:     446424 bytes,     513328 total
 19718K->13222K(24716K), 0.0016322 secs]
44.653: [GC
Desired survivor size 557056 bytes, new threshold 1 (max 15)
- age   1:     612104 bytes,     612104 total
- age   3:     446424 bytes,    1058528 total
 19691K->13918K(24716K), 0.0012753 secs]
44.661: [GC
Desired survivor size 557056 bytes, new threshold 15 (max 15)
- age   1:     227504 bytes,     227504 total
 20414K->13924K(24716K), 0.0013092 secs]
44.668: [GC
Desired survivor size 557056 bytes, new threshold 15 (max 15)
- age   1:      79352 bytes,      79352 total
- age   2:      87000 bytes,     166352 total
 20442K->13864K(24716K), 0.0006684 secs]
44.672: [GC
Desired survivor size 557056 bytes, new threshold 3 (max 15)
- age   1:     548632 bytes,     548632 total
- age   2:       2520 bytes,     551152 total
- age   3:      87000 bytes,     638152 total
 20360K->14327K(24716K), 0.0012863 secs]
44.678: [GC
Desired survivor size 557056 bytes, new threshold 15 (max 15)
- age   1:     188504 bytes,     188504 total
- age   2:     350392 bytes,     538896 total
- age   3:       2720 bytes,     541616 total
 20838K->14314K(24716K), 0.0011386 secs]
44.684: [GC
Desired survivor size 557056 bytes, new threshold 1 (max 15)
- age   1:     705952 bytes,     705952 total
- age   2:      48840 bytes,     754792 total
- age   3:     350272 bytes,    1105064 total
- age   4:       2520 bytes,    1107584 total
 20695K->14866K(24716K), 0.0014784 secs]
44.691: [GC
Desired survivor size 557056 bytes, new threshold 1 (max 15)
- age   1:     658640 bytes,     658640 total
 21371K->15070K(24716K), 0.0013786 secs]
44.696: [GC
Desired survivor size 557056 bytes, new threshold 15 (max 15)
- age   1:     150064 bytes,     150064 total
 21583K->15144K(24716K), 0.0014038 secs]
44.703: [GC
Desired survivor size 557056 bytes, new threshold 1 (max 15)
- age   1:    1024952 bytes,    1024952 total
- age   2:      69936 bytes,    1094888 total
 21643K->16066K(24716K), 0.0014107 secs]
44.709: [GC
Desired survivor size 557056 bytes, new threshold 15 (max 15)
- age   1:     205816 bytes,     205816 total
 22581K->15898K(24716K), 0.0013166 secs]
44.714: [GC
Desired survivor size 557056 bytes, new threshold 15 (max 15)
- age   1:     214992 bytes,     214992 total
- age   2:     121464 bytes,     336456 total
 22371K->16026K(24716K), 0.0009254 secs]
44.719: [GC
Desired survivor size 557056 bytes, new threshold 1 (max 15)
- age   1:     699768 bytes,     699768 total
- age   2:     129856 bytes,     829624 total
- age   3:     121424 bytes,     951048 total
 22511K->16626K(24716K), 0.0015916 secs]
44.725: [GC
Desired survivor size 557056 bytes, new threshold 1 (max 15)
- age   1:     722008 bytes,     722008 total
 23150K->17096K(24716K), 0.0015024 secs]
44.732: [GC
Desired survivor size 557056 bytes, new threshold 15 (max 15)
- age   1:     281128 bytes,     281128 total
 23611K->17253K(24716K), 0.0011178 secs]
44.738: [GC
Desired survivor size 557056 bytes, new threshold 2 (max 15)
- age   1:     392544 bytes,     392544 total
- age   2:     192928 bytes,     585472 total
 23767K->17550K(24716K), 0.0010662 secs]
44.749: [GC
Desired survivor size 557056 bytes, new threshold 15 (max 15)
- age   1:     310224 bytes,     310224 total
- age   2:     219696 bytes,     529920 total
 24011K->17690K(24908K), 0.0010962 secs]
44.750: [Full GC 17690K->8504K(24908K), 0.0697630 secs]
44.828: [GC
Desired survivor size 557056 bytes, new threshold 15 (max 15)
- age   1:     488208 bytes,     488208 total
 15025K->8981K(24716K), 0.0011807 secs]
44.833: [GC
Desired survivor size 557056 bytes, new threshold 2 (max 15)
- age   1:     315104 bytes,     315104 total
- age   2:     428864 bytes,     743968 total
 15502K->9232K(24716K), 0.0011907 secs]
44.838: [GC
Desired survivor size 557056 bytes, new threshold 15 (max 15)
- age   1:     150112 bytes,     150112 total
- age   2:     254152 bytes,     404264 total
 15760K->9079K(24716K), 0.0009968 secs]
44.845: [GC
Desired survivor size 557056 bytes, new threshold 1 (max 15)
- age   1:     718632 bytes,     718632 total
- age   2:      65056 bytes,     783688 total
- age   3:     254152 bytes,    1037840 total
 15594K->9693K(24716K), 0.0012253 secs]
44.851: [GC
Desired survivor size 557056 bytes, new threshold 15 (max 15)
- age   1:     199456 bytes,     199456 total
 16216K->9646K(24716K), 0.0012586 secs]
44.856: [GC
Desired survivor size 557056 bytes, new threshold 15 (max 15)
- age   1:     437072 bytes,     437072 total
 16144K->9876K(24716K), 0.0013004 secs]
44.863: [GC
Desired survivor size 557056 bytes, new threshold 1 (max 15)
- age   1:     786064 bytes,     786064 total
- age   2:     125376 bytes,     911440 total
 16400K->10341K(24716K), 0.0014318 secs]
44.877: [GC
Desired survivor size 557056 bytes, new threshold 15 (max 15)
- age   1:     109824 bytes,     109824 total
 16856K->10138K(24716K), 0.0015510 secs]
44.883: [GC
Desired survivor size 557056 bytes, new threshold 15 (max 15)
- age   1:     240672 bytes,     240672 total
- age   2:      28904 bytes,     269576 total
 16655K->10296K(24716K), 0.0008258 secs]
44.889: [GC
Desired survivor size 557056 bytes, new threshold 15 (max 15)
- age   1:     214472 bytes,     214472 total
- age   2:     158976 bytes,     373448 total
- age   3:      25648 bytes,     399096 total
 16824K->10431K(24716K), 0.0009253 secs]
44.894: [GC
Desired survivor size 557056 bytes, new threshold 2 (max 15)
- age   1:     545936 bytes,     545936 total
- age   2:     204312 bytes,     750248 total
- age   3:     158976 bytes,     909224 total
- age   4:      25648 bytes,     934872 total
 16940K->10959K(24716K), 0.0012800 secs]
44.900: [GC
Desired survivor size 557056 bytes, new threshold 2 (max 15)
- age   1:     131928 bytes,     131928 total
- age   2:     480040 bytes,     611968 total
 17456K->11002K(24716K), 0.0012671 secs]
44.907: [GC
Desired survivor size 557056 bytes, new threshold 1 (max 15)
- age   1:     710448 bytes,     710448 total
- age   2:      64440 bytes,     774888 total
 17470K->11544K(24716K), 0.0013336 secs]
44.912: [GC
Desired survivor size 557056 bytes, new threshold 15 (max 15)
- age   1:      22528 bytes,      22528 total
 18042K->11385K(24716K), 0.0012545 secs]
44.919: [GC
Desired survivor size 557056 bytes, new threshold 15 (max 15)
- age   1:     257512 bytes,     257512 total
 17892K->11616K(24716K), 0.0007253 secs]
44.923: [GC
Desired survivor size 557056 bytes, new threshold 15 (max 15)
- age   1:      86536 bytes,      86536 total
- age   2:     204760 bytes,     291296 total
 18141K->11649K(24716K), 0.0008411 secs]
44.931: [GC
Desired survivor size 557056 bytes, new threshold 15 (max 15)
- age   1:     342928 bytes,     342928 total
- age   2:         40 bytes,     342968 total
- age   3:     204760 bytes,     547728 total
 18158K->11899K(24716K), 0.0010270 secs]
44.939: [GC
Desired survivor size 557056 bytes, new threshold 15 (max 15)
- age   1:     171456 bytes,     171456 total
- age   2:     250456 bytes,     421912 total
- age   3:         40 bytes,     421952 total
- age   4:         32 bytes,     421984 total
 18422K->11776K(24716K), 0.0007071 secs]
44.947: [GC
Desired survivor size 557056 bytes, new threshold 15 (max 15)
- age   1:      77648 bytes,      77648 total
- age   2:     102528 bytes,     180176 total
- age   3:     249752 bytes,     429928 total
- age   4:         40 bytes,     429968 total
 18304K->11784K(24716K), 0.0020454 secs]
44.958: [GC
Desired survivor size 557056 bytes, new threshold 15 (max 15)
- age   1:      71632 bytes,      71632 total
- age   2:      76616 bytes,     148248 total
- age   3:     102528 bytes,     250776 total
- age   4:     249752 bytes,     500528 total
- age   5:         40 bytes,     500568 total
 18200K->11851K(24716K), 0.0008668 secs]
44.966: [GC
Desired survivor size 557056 bytes, new threshold 5 (max 15)
- age   1:     375464 bytes,     375464 total
- age   2:       4824 bytes,     380288 total
- age   3:      76616 bytes,     456904 total
- age   4:      33944 bytes,     490848 total
- age   5:     249752 bytes,     740600 total
- age   6:         40 bytes,     740640 total
 18364K->12091K(24716K), 0.0009611 secs]
44.973: [GC
Desired survivor size 557056 bytes, new threshold 2 (max 15)
- age   1:     328176 bytes,     328176 total
- age   2:     271936 bytes,     600112 total
- age   3:       2520 bytes,     602632 total
- age   4:      76616 bytes,     679248 total
- age   5:      33944 bytes,     713192 total
 18520K->12313K(24716K), 0.0013060 secs]
44.981: [GC
Desired survivor size 557056 bytes, new threshold 15 (max 15)
- age   1:     241288 bytes,     241288 total
- age   2:      85216 bytes,     326504 total
 18835K->12314K(24716K), 0.0012413 secs]
44.989: [GC
Desired survivor size 557056 bytes, new threshold 1 (max 15)
- age   1:     689488 bytes,     689488 total
- age   2:      72624 bytes,     762112 total
- age   3:      85216 bytes,     847328 total
 18787K->12821K(24716K), 0.0011246 secs]
44.996: [GC
Desired survivor size 557056 bytes, new threshold 15 (max 15)
- age   1:     321104 bytes,     321104 total
 19292K->12605K(24716K), 0.0016911 secs]
45.004: [GC
Desired survivor size 557056 bytes, new threshold 15 (max 15)
- age   1:      78808 bytes,      78808 total
- age   2:      72648 bytes,     151456 total
 19096K->12439K(24716K), 0.0011084 secs]
45.014: [GC
Desired survivor size 557056 bytes, new threshold 15 (max 15)
- age   1:     172504 bytes,     172504 total
- age   2:        704 bytes,     173208 total
- age   3:      72648 bytes,     245856 total
 18912K->12531K(24716K), 0.0011929 secs]
45.021: [GC
Desired survivor size 557056 bytes, new threshold 15 (max 15)
- age   1:     126344 bytes,     126344 total
- age   2:       1944 bytes,     128288 total
- age   4:      72648 bytes,     200936 total
 19059K->12489K(24716K), 0.0006221 secs]
45.028: [GC
Desired survivor size 557056 bytes, new threshold 15 (max 15)
- age   1:     403472 bytes,     403472 total
- age   2:      46480 bytes,     449952 total
- age   3:       1904 bytes,     451856 total
- age   5:      72648 bytes,     524504 total
 18986K->12803K(24716K), 0.0014519 secs]
45.035: [GC
Desired survivor size 557056 bytes, new threshold 2 (max 15)
- age   1:     312640 bytes,     312640 total
- age   2:     321000 bytes,     633640 total
- age   3:      46480 bytes,     680120 total
- age   4:       1904 bytes,     682024 total
- age   6:      72648 bytes,     754672 total
 19305K->13030K(24716K), 0.0011980 secs]
45.042: [GC
Desired survivor size 557056 bytes, new threshold 15 (max 15)
- age   1:     135080 bytes,     135080 total
- age   2:     263248 bytes,     398328 total
 19537K->12953K(24716K), 0.0019040 secs]
45.058: [GC
Desired survivor size 557056 bytes, new threshold 3 (max 15)
- age   1:     293056 bytes,     293056 total
- age   2:      80824 bytes,     373880 total
- age   3:     263248 bytes,     637128 total
 19480K->13182K(24716K), 0.0009102 secs]
45.065: [GC
Desired survivor size 557056 bytes, new threshold 15 (max 15)
- age   1:      47880 bytes,      47880 total
- age   2:     146984 bytes,     194864 total
- age   3:      80824 bytes,     275688 total
 19708K->13097K(24716K), 0.0014024 secs]
45.072: [GC
Desired survivor size 557056 bytes, new threshold 15 (max 15)
- age   1:      30928 bytes,      30928 total
- age   2:      47352 bytes,      78280 total
- age   3:     146984 bytes,     225264 total
- age   4:      80824 bytes,     306088 total
 19578K->13134K(24716K), 0.0014566 secs]
45.079: [GC
Desired survivor size 557056 bytes, new threshold 15 (max 15)
- age   1:     289504 bytes,     289504 total
- age   3:      23712 bytes,     313216 total
- age   4:     146984 bytes,     460200 total
- age   5:      80824 bytes,     541024 total
 19637K->13356K(24716K), 0.0046577 secs]
45.088: [GC
Desired survivor size 557056 bytes, new threshold 6 (max 15)
- age   1:     194072 bytes,     194072 total
- age   2:     145208 bytes,     339280 total
- age   4:      23712 bytes,     362992 total
- age   5:     146984 bytes,     509976 total
- age   6:      80824 bytes,     590800 total
 19856K->13404K(24716K), 0.0039930 secs]
45.097: [GC
Desired survivor size 557056 bytes, new threshold 3 (max 15)
- age   1:     283632 bytes,     283632 total
- age   2:     154832 bytes,     438464 total
- age   3:     145208 bytes,     583672 total
- age   5:      23712 bytes,     607384 total
- age   6:     146984 bytes,     754368 total
 19917K->13643K(24716K), 0.0020664 secs]
45.109: [GC
Desired survivor size 557056 bytes, new threshold 15 (max 15)
- age   1:     157112 bytes,     157112 total
- age   2:     105552 bytes,     262664 total
- age   3:     154832 bytes,     417496 total
 20153K->13623K(24716K), 0.0016099 secs]
45.117: [GC
Desired survivor size 557056 bytes, new threshold 3 (max 15)
- age   1:     414648 bytes,     414648 total
- age   2:      45328 bytes,     459976 total
- age   3:     105552 bytes,     565528 total
- age   4:     154832 bytes,     720360 total
 20115K->13915K(24716K), 0.0014926 secs]
45.124: [GC
Desired survivor size 557056 bytes, new threshold 15 (max 15)
- age   1:     132840 bytes,     132840 total
- age   2:      87624 bytes,     220464 total
- age   3:      45328 bytes,     265792 total
 20398K->13734K(24716K), 0.0037381 secs]
45.132: [GC
Desired survivor size 557056 bytes, new threshold 15 (max 15)
- age   1:     266344 bytes,     266344 total
- age   2:      60296 bytes,     326640 total
- age   3:      69864 bytes,     396504 total
- age   4:      45328 bytes,     441832 total
 20231K->13905K(24716K), 0.0014576 secs]
45.140: [GC
Desired survivor size 557056 bytes, new threshold 1 (max 15)
- age   1:     596056 bytes,     596056 total
- age   2:     122944 bytes,     719000 total
- age   3:      60296 bytes,     779296 total
- age   4:      69864 bytes,     849160 total
- age   5:      45328 bytes,     894488 total
 20411K->14349K(24716K), 0.0012708 secs]
45.147: [GC
Desired survivor size 557056 bytes, new threshold 15 (max 15)
- age   1:     265120 bytes,     265120 total
 20858K->14370K(24716K), 0.0011113 secs]
45.153: [GC
Desired survivor size 557056 bytes, new threshold 15 (max 15)
- age   1:     193192 bytes,     193192 total
- age   2:      33008 bytes,     226200 total
 20895K->14332K(24716K), 0.0007396 secs]
45.158: [GC
Desired survivor size 557056 bytes, new threshold 15 (max 15)
- age   1:     322888 bytes,     322888 total
- age   2:     101880 bytes,     424768 total
- age   3:      33008 bytes,     457776 total
 20820K->14556K(24716K), 0.0011578 secs]
45.164: [GC
Desired survivor size 557056 bytes, new threshold 2 (max 15)
- age   1:     430816 bytes,     430816 total
- age   2:     183720 bytes,     614536 total
- age   3:     101880 bytes,     716416 total
- age   4:      33008 bytes,     749424 total
 21035K->14843K(24716K), 0.0015746 secs]
45.170: [GC
Desired survivor size 557056 bytes, new threshold 15 (max 15)
- age   1:      79624 bytes,      79624 total
- age   2:     163616 bytes,     243240 total
 21366K->14660K(24716K), 0.0010667 secs]
45.175: [GC
Desired survivor size 557056 bytes, new threshold 2 (max 15)
- age   1:     536384 bytes,     536384 total
- age   2:      28656 bytes,     565040 total
- age   3:      90568 bytes,     655608 total
 21138K->15063K(24716K), 0.0010631 secs]
45.182: [GC
Desired survivor size 557056 bytes, new threshold 15 (max 15)
- age   1:     134712 bytes,     134712 total
- age   2:     152704 bytes,     287416 total
 21558K->14820K(24716K), 0.0008665 secs]
45.187: [GC
Desired survivor size 557056 bytes, new threshold 15 (max 15)
- age   1:     211768 bytes,     211768 total
- age   2:      79608 bytes,     291376 total
- age   3:      77408 bytes,     368784 total
 21339K->14899K(24716K), 0.0008800 secs]
45.192: [GC
Desired survivor size 557056 bytes, new threshold 1 (max 15)
- age   1:     566568 bytes,     566568 total
- age   2:     154864 bytes,     721432 total
- age   4:      77408 bytes,     798840 total
 21412K->15319K(24716K), 0.0011343 secs]
45.199: [GC
Desired survivor size 557056 bytes, new threshold 15 (max 15)
- age   1:     446704 bytes,     446704 total
 21835K->15594K(24716K), 0.0013742 secs]
45.204: [GC
Desired survivor size 557056 bytes, new threshold 2 (max 15)
- age   1:     147280 bytes,     147280 total
- age   2:     416328 bytes,     563608 total
 22079K->15708K(24716K), 0.0011010 secs]
45.209: [GC
Desired survivor size 557056 bytes, new threshold 15 (max 15)
- age   1:     401784 bytes,     401784 total
- age   2:     114592 bytes,     516376 total
 22213K->15744K(24716K), 0.0011167 secs]
45.215: [GC
Desired survivor size 557056 bytes, new threshold 1 (max 15)
- age   1:     723720 bytes,     723720 total
- age   3:     114592 bytes,     838312 total
 22206K->16059K(24716K), 0.0010686 secs]
45.220: [GC
Desired survivor size 557056 bytes, new threshold 15 (max 15)
- age   1:     370000 bytes,     370000 total
 22587K->16276K(24716K), 0.0014138 secs]
45.226: [GC
Desired survivor size 557056 bytes, new threshold 15 (max 15)
- age   1:     344152 bytes,     344152 total
- age   2:     136304 bytes,     480456 total
 22779K->16383K(24716K), 0.0010323 secs]
45.230: [GC
Desired survivor size 557056 bytes, new threshold 3 (max 15)
- age   1:     177616 bytes,     177616 total
- age   2:     311160 bytes,     488776 total
- age   3:     136304 bytes,     625080 total
 22904K->16525K(24716K), 0.0013440 secs]
45.236: [GC
Desired survivor size 557056 bytes, new threshold 3 (max 15)
- age   1:     146672 bytes,     146672 total
- age   2:     140232 bytes,     286904 total
- age   3:     311160 bytes,     598064 total
 23026K->16631K(24716K), 0.0011855 secs]
45.241: [GC
Desired survivor size 557056 bytes, new threshold 15 (max 15)
- age   1:     315952 bytes,     315952 total
- age   2:      67808 bytes,     383760 total
- age   3:     140232 bytes,     523992 total
 23151K->16871K(24716K), 0.0012578 secs]
45.248: [GC
Desired survivor size 557056 bytes, new threshold 15 (max 15)
- age   1:     201120 bytes,     201120 total
- age   2:     119824 bytes,     320944 total
- age   3:      67808 bytes,     388752 total
- age   4:      65736 bytes,     454488 total
 23387K->16803K(24716K), 0.0007805 secs]
45.254: [GC
Desired survivor size 557056 bytes, new threshold 15 (max 15)
- age   1:     164616 bytes,     164616 total
- age   2:      40848 bytes,     205464 total
- age   3:     119824 bytes,     325288 total
- age   4:      67808 bytes,     393096 total
- age   5:      65736 bytes,     458832 total
 23324K->16807K(24716K), 0.0008501 secs]
45.259: [GC
Desired survivor size 557056 bytes, new threshold 1 (max 15)
- age   1:     611016 bytes,     611016 total
- age   4:     119824 bytes,     730840 total
- age   5:      67808 bytes,     798648 total
- age   6:      65736 bytes,     864384 total
 23302K->17203K(24716K), 0.0015320 secs]
45.266: [GC
Desired survivor size 557056 bytes, new threshold 15 (max 15)
- age   1:     155784 bytes,     155784 total
 23691K->17009K(24716K), 0.0009329 secs]
45.272: [GC
Desired survivor size 557056 bytes, new threshold 1 (max 15)
- age   1:     838200 bytes,     838200 total
- age   2:      88168 bytes,     926368 total
 23532K->17761K(24716K), 0.0010877 secs]
45.277: [GC
Desired survivor size 557056 bytes, new threshold 15 (max 15)
- age   1:     327072 bytes,     327072 total
 24265K->17549K(24908K), 0.0013083 secs]
45.279: [Full GC 17549K->8034K(24908K), 0.0758867 secs]
45.361: [GC
Desired survivor size 557056 bytes, new threshold 1 (max 15)
- age   1:     794960 bytes,     794960 total
 14526K->8814K(24716K), 0.0013084 secs]
45.367: [GC
Desired survivor size 557056 bytes, new threshold 15 (max 15)
- age   1:     499552 bytes,     499552 total
 15292K->9149K(24716K), 0.0014533 secs]
45.374: [GC
Desired survivor size 557056 bytes, new threshold 1 (max 15)
- age   1:     613104 bytes,     613104 total
- age   2:     414208 bytes,    1027312 total
 15596K->9665K(24716K), 0.0012875 secs]
45.382: [GC
Desired survivor size 557056 bytes, new threshold 15 (max 15)
- age   1:     286672 bytes,     286672 total
 16163K->9702K(24716K), 0.0018081 secs]
45.390: [GC
Desired survivor size 557056 bytes, new threshold 15 (max 15)
- age   1:     443576 bytes,     443576 total
- age   2:      78344 bytes,     521920 total
 16198K->9931K(24716K), 0.0014229 secs]
45.396: [GC
Desired survivor size 557056 bytes, new threshold 15 (max 15)
- age   1:      51136 bytes,      51136 total
- age   2:     401256 bytes,     452392 total
- age   3:      78344 bytes,     530736 total
 16404K->9940K(24716K), 0.0011055 secs]
45.403: [GC
Desired survivor size 557056 bytes, new threshold 4 (max 15)
- age   1:     145616 bytes,     145616 total
- age   2:       3928 bytes,     149544 total
- age   3:     401256 bytes,     550800 total
- age   4:      77640 bytes,     628440 total
 16467K->10036K(24716K), 0.0010149 secs]
45.411: [GC
Desired survivor size 557056 bytes, new threshold 4 (max 15)
- age   1:     218984 bytes,     218984 total
- age   2:     104944 bytes,     323928 total
- age   3:       3160 bytes,     327088 total
- age   4:     401256 bytes,     728344 total
 16556K->10208K(24716K), 0.0020141 secs]
45.419: [GC
Desired survivor size 557056 bytes, new threshold 2 (max 15)
- age   1:     449800 bytes,     449800 total
- age   2:     174768 bytes,     624568 total
- age   3:     104944 bytes,     729512 total
- age   4:       3160 bytes,     732672 total
 16711K->10374K(24716K), 0.0012213 secs]
45.425: [GC
Desired survivor size 557056 bytes, new threshold 2 (max 15)
- age   1:     225280 bytes,     225280 total
- age   2:     403496 bytes,     628776 total
 16902K->10462K(24716K), 0.0011865 secs]
45.431: [GC
Desired survivor size 557056 bytes, new threshold 15 (max 15)
- age   1:     376744 bytes,     376744 total
- age   2:     107056 bytes,     483800 total
 16982K->10710K(24716K), 0.0015763 secs]
45.437: [GC
Desired survivor size 557056 bytes, new threshold 2 (max 15)
- age   1:     328816 bytes,     328816 total
- age   2:     291488 bytes,     620304 total
- age   3:     107056 bytes,     727360 total
 17206K->10950K(24716K), 0.0011238 secs]
45.442: [GC
Desired survivor size 557056 bytes, new threshold 15 (max 15)
- age   1:     268640 bytes,     268640 total
- age   2:     243312 bytes,     511952 total
 17463K->11134K(24716K), 0.0018490 secs]
45.449: [GC
Desired survivor size 557056 bytes, new threshold 1 (max 15)
- age   1:     673360 bytes,     673360 total
- age   2:     172888 bytes,     846248 total
- age   3:     243312 bytes,    1089560 total
 17652K->11779K(24716K), 0.0012242 secs]
45.455: [GC
Desired survivor size 557056 bytes, new threshold 15 (max 15)
- age   1:     274848 bytes,     274848 total
 18291K->11814K(24716K), 0.0015664 secs]
45.462: [GC
Desired survivor size 557056 bytes, new threshold 15 (max 15)
- age   1:     316792 bytes,     316792 total
- age   2:     176720 bytes,     493512 total
 18340K->12027K(24716K), 0.0010391 secs]
45.468: [GC
Desired survivor size 557056 bytes, new threshold 1 (max 15)
- age   1:     580120 bytes,     580120 total
- age   2:     238824 bytes,     818944 total
- age   3:     131536 bytes,     950480 total
 18495K->12473K(24716K), 0.0012406 secs]
45.473: [GC
Desired survivor size 557056 bytes, new threshold 15 (max 15)
- age   1:     179984 bytes,     179984 total
 18998K->12374K(24716K), 0.0016828 secs]
45.479: [GC
Desired survivor size 557056 bytes, new threshold 15 (max 15)
- age   1:     315136 bytes,     315136 total
- age   2:      99616 bytes,     414752 total
 18851K->12603K(24716K), 0.0008673 secs]
45.485: [GC
Desired survivor size 557056 bytes, new threshold 15 (max 15)
- age   1:     217768 bytes,     217768 total
- age   2:     185936 bytes,     403704 total
- age   3:      99616 bytes,     503320 total
 19115K->12690K(24716K), 0.0008691 secs]
45.491: [GC
Desired survivor size 557056 bytes, new threshold 1 (max 15)
- age   1:     581752 bytes,     581752 total
- age   2:     134976 bytes,     716728 total
- age   3:      90560 bytes,     807288 total
- age   4:      99616 bytes,     906904 total
 19164K->13084K(24716K), 0.0010409 secs]
45.496: [GC
Desired survivor size 557056 bytes, new threshold 1 (max 15)
- age   1:     693568 bytes,     693568 total
 19589K->13536K(24716K), 0.0023546 secs]
45.503: [GC
Desired survivor size 557056 bytes, new threshold 1 (max 15)
- age   1:     596136 bytes,     596136 total
 20010K->13953K(24716K), 0.0014250 secs]
45.510: [GC
Desired survivor size 557056 bytes, new threshold 15 (max 15)
- age   1:     412816 bytes,     412816 total
 20438K->14194K(24716K), 0.0011817 secs]
45.516: [GC
Desired survivor size 557056 bytes, new threshold 2 (max 15)
- age   1:     351944 bytes,     351944 total
- age   2:     327392 bytes,     679336 total
 20705K->14454K(24716K), 0.0010390 secs]
45.522: [GC
Desired survivor size 557056 bytes, new threshold 15 (max 15)
- age   1:     339800 bytes,     339800 total
- age   2:     125008 bytes,     464808 total
 20961K->14460K(24716K), 0.0009559 secs]
45.529: [GC
Desired survivor size 557056 bytes, new threshold 1 (max 15)
- age   1:     668504 bytes,     668504 total
- age   2:     111824 bytes,     780328 total
- age   3:     125008 bytes,     905336 total
 20956K->14890K(24716K), 0.0015887 secs]
45.535: [GC
Desired survivor size 557056 bytes, new threshold 15 (max 15)
- age   1:     169784 bytes,     169784 total
 21375K->14672K(24716K), 0.0011479 secs]
45.549: [GC
Desired survivor size 557056 bytes, new threshold 15 (max 15)
- age   1:     135000 bytes,     135000 total
- age   2:      53256 bytes,     188256 total
 21189K->14688K(24716K), 0.0008556 secs]
45.553: [GC
Desired survivor size 557056 bytes, new threshold 15 (max 15)
- age   1:     264432 bytes,     264432 total
- age   2:      88200 bytes,     352632 total
- age   3:      53256 bytes,     405888 total
 21216K->14905K(24716K), 0.0009757 secs]
45.558: [GC
Desired survivor size 557056 bytes, new threshold 4 (max 15)
- age   1:     310768 bytes,     310768 total
- age   2:     190208 bytes,     500976 total
- age   3:      29912 bytes,     530888 total
- age   4:      53256 bytes,     584144 total
 21414K->15083K(24716K), 0.0010514 secs]
45.566: [GC
Desired survivor size 557056 bytes, new threshold 1 (max 15)
- age   1:     604768 bytes,     604768 total
- age   2:     245848 bytes,     850616 total
- age   3:     190176 bytes,    1040792 total
- age   4:      29912 bytes,    1070704 total
 21575K->15849K(24716K), 0.0021437 secs]
45.574: [GC
Desired survivor size 557056 bytes, new threshold 15 (max 15)
- age   1:     323280 bytes,     323280 total
 22371K->16108K(24716K), 0.0017012 secs]
45.580: [GC
Desired survivor size 557056 bytes, new threshold 2 (max 15)
- age   1:     383848 bytes,     383848 total
- age   2:     272360 bytes,     656208 total
 22607K->16410K(24716K), 0.0010935 secs]
45.587: [GC
Desired survivor size 557056 bytes, new threshold 1 (max 15)
- age   1:     652864 bytes,     652864 total
- age   2:     279224 bytes,     932088 total
 22889K->16949K(24716K), 0.0013435 secs]
45.594: [GC
Desired survivor size 557056 bytes, new threshold 15 (max 15)
- age   1:     314432 bytes,     314432 total
 23429K->17201K(24716K), 0.0014058 secs]
45.600: [GC
Desired survivor size 557056 bytes, new threshold 15 (max 15)
- age   1:     232184 bytes,     232184 total
- age   2:     256736 bytes,     488920 total
 23720K->17372K(24716K), 0.0009180 secs]
45.610: [GC
Desired survivor size 557056 bytes, new threshold 3 (max 15)
- age   1:     420768 bytes,     420768 total
- age   2:      59344 bytes,     480112 total
- age   3:     256736 bytes,     736848 total
 23900K->17615K(24716K), 0.0012725 secs]
45.616: [GC
Desired survivor size 557056 bytes, new threshold 3 (max 15)
- age   1:     149808 bytes,     149808 total
- age   2:     360872 bytes,     510680 total
- age   3:      59344 bytes,     570024 total
 24093K->17708K(24908K), 0.0012746 secs]
45.618: [Full GC 17708K->7791K(24908K), 0.0701293 secs]
45.694: [GC
Desired survivor size 557056 bytes, new threshold 15 (max 15)
- age   1:     324832 bytes,     324832 total
 14284K->8112K(24716K), 0.0008421 secs]
45.701: [GC
Desired survivor size 557056 bytes, new threshold 15 (max 15)
- age   1:      42824 bytes,      42824 total
- age   2:     293920 bytes,     336744 total
 14597K->8122K(24716K), 0.0007258 secs]
45.705: [GC
Desired survivor size 557056 bytes, new threshold 15 (max 15)
- age   1:     105488 bytes,     105488 total
- age   2:       5552 bytes,     111040 total
- age   3:     293920 bytes,     404960 total
 14628K->8188K(24716K), 0.0010175 secs]
45.711: [GC
Desired survivor size 557056 bytes, new threshold 15 (max 15)
- age   1:     105352 bytes,     105352 total
- age   2:      65400 bytes,     170752 total
- age   3:       3280 bytes,     174032 total
- age   4:     293920 bytes,     467952 total
 14708K->8251K(24716K), 0.0012447 secs]
45.716: [GC
Desired survivor size 557056 bytes, new threshold 5 (max 15)
- age   1:     433144 bytes,     433144 total
- age   2:      18984 bytes,     452128 total
- age   3:      65400 bytes,     517528 total
- age   4:       3280 bytes,     520808 total
- age   5:     293920 bytes,     814728 total
 14765K->8588K(24716K), 0.0014170 secs]
45.723: [GC
Desired survivor size 557056 bytes, new threshold 2 (max 15)
- age   1:     365024 bytes,     365024 total
- age   2:     270824 bytes,     635848 total
- age   3:      18984 bytes,     654832 total
- age   4:      65400 bytes,     720232 total
- age   5:       3280 bytes,     723512 total
 15061K->8796K(24716K), 0.0013644 secs]
45.728: [GC
Desired survivor size 557056 bytes, new threshold 15 (max 15)
- age   1:     294520 bytes,     294520 total
- age   2:     179224 bytes,     473744 total
 15324K->8804K(24716K), 0.0011795 secs]
45.733: [GC
Desired survivor size 557056 bytes, new threshold 3 (max 15)
- age   1:     365088 bytes,     365088 total
- age   2:      68576 bytes,     433664 total
- age   3:     179224 bytes,     612888 total
 15319K->8934K(24716K), 0.0010905 secs]
45.738: [GC
Desired survivor size 557056 bytes, new threshold 15 (max 15)
- age   1:      86488 bytes,      86488 total
- age   2:     167112 bytes,     253600 total
- age   3:      68576 bytes,     322176 total
 15453K->8825K(24716K), 0.0010181 secs]
45.743: [GC
Desired survivor size 557056 bytes, new threshold 3 (max 15)
- age   1:     435448 bytes,     435448 total
- age   2:      23176 bytes,     458624 total
- age   3:     167112 bytes,     625736 total
- age   4:      68576 bytes,     694312 total
 15339K->9188K(24716K), 0.0011776 secs]
45.749: [GC
Desired survivor size 557056 bytes, new threshold 1 (max 15)
- age   1:     613592 bytes,     613592 total
- age   2:     226968 bytes,     840560 total
- age   3:      23176 bytes,     863736 total
 15716K->9592K(24716K), 0.0013096 secs]
45.756: [GC
Desired survivor size 557056 bytes, new threshold 15 (max 15)
- age   1:     415680 bytes,     415680 total
 16081K->9661K(24716K), 0.0011243 secs]
45.761: [GC
Desired survivor size 557056 bytes, new threshold 15 (max 15)
- age   1:     135912 bytes,     135912 total
- age   2:     131720 bytes,     267632 total
 16160K->9516K(24716K), 0.0007537 secs]
45.769: [GC
Desired survivor size 557056 bytes, new threshold 15 (max 15)
- age   1:     269888 bytes,     269888 total
- age   2:       2072 bytes,     271960 total
 16004K->9519K(24716K), 0.0011844 secs]
45.776: [GC
Desired survivor size 557056 bytes, new threshold 15 (max 15)
- age   1:      77664 bytes,      77664 total
- age   2:     133440 bytes,     211104 total
- age   3:       2072 bytes,     213176 total
 16037K->9462K(24716K), 0.0007948 secs]
45.782: [GC
Desired survivor size 557056 bytes, new threshold 15 (max 15)
- age   1:      84792 bytes,      84792 total
- age   2:       3080 bytes,      87872 total
- age   3:     133440 bytes,     221312 total
- age   4:       2072 bytes,     223384 total
 15922K->9472K(24716K), 0.0010480 secs]
45.787: [GC
Desired survivor size 557056 bytes, new threshold 15 (max 15)
- age   1:     175752 bytes,     175752 total
- age   2:       4640 bytes,     180392 total
- age   3:       3080 bytes,     183472 total
- age   4:     133296 bytes,     316768 total
- age   5:       2072 bytes,     318840 total
 15988K->9564K(24716K), 0.0012704 secs]
45.792: [GC
Desired survivor size 557056 bytes, new threshold 15 (max 15)
- age   1:     121656 bytes,     121656 total
- age   2:       2464 bytes,     124120 total
- age   3:       4640 bytes,     128760 total
- age   4:       3080 bytes,     131840 total
- age   5:     133296 bytes,     265136 total
- age   6:       2072 bytes,     267208 total
 16091K->9516K(24716K), 0.0008193 secs]
45.798: [GC
Desired survivor size 557056 bytes, new threshold 15 (max 15)
- age   1:     490336 bytes,     490336 total
- age   2:      40472 bytes,     530808 total
- age   3:       2424 bytes,     533232 total
- age   4:       4640 bytes,     537872 total
- age   5:       3080 bytes,     540952 total
- age   6:        608 bytes,     541560 total
- age   7:       2072 bytes,     543632 total
 16042K->9794K(24716K), 0.0016872 secs]
45.804: [GC
Desired survivor size 557056 bytes, new threshold 2 (max 15)
- age   1:     396720 bytes,     396720 total
- age   2:     230616 bytes,     627336 total
- age   4:       2424 bytes,     629760 total
- age   5:       4640 bytes,     634400 total
- age   6:       3080 bytes,     637480 total
- age   7:        608 bytes,     638088 total
- age   8:       2072 bytes,     640160 total
 16321K->9881K(24716K), 0.0011561 secs]
45.808: [GC
Desired survivor size 557056 bytes, new threshold 15 (max 15)
- age   1:     112440 bytes,     112440 total
- age   2:      96736 bytes,     209176 total
 16406K->9714K(24716K), 0.0009741 secs]
45.814: [GC
Desired survivor size 557056 bytes, new threshold 1 (max 15)
- age   1:     593704 bytes,     593704 total
- age   2:      84344 bytes,     678048 total
- age   3:      96736 bytes,     774784 total
 16210K->10260K(24716K), 0.0011260 secs]
45.820: [GC
Desired survivor size 557056 bytes, new threshold 15 (max 15)
- age   1:     287760 bytes,     287760 total
 16775K->10377K(24716K), 0.0011351 secs]
45.826: [GC
Desired survivor size 557056 bytes, new threshold 15 (max 15)
- age   1:     178864 bytes,     178864 total
- age   2:      31904 bytes,     210768 total
 16895K->10302K(24716K), 0.0007553 secs]
45.831: [GC
Desired survivor size 557056 bytes, new threshold 15 (max 15)
- age   1:     368184 bytes,     368184 total
- age   2:     106336 bytes,     474520 total
- age   3:        336 bytes,     474856 total
 16830K->10558K(24716K), 0.0009092 secs]
45.837: [GC
Desired survivor size 557056 bytes, new threshold 2 (max 15)
- age   1:     415520 bytes,     415520 total
- age   2:     244208 bytes,     659728 total
- age   3:      25640 bytes,     685368 total
- age   4:        336 bytes,     685704 total
 17077K->10764K(24716K), 0.0011693 secs]
45.843: [GC
Desired survivor size 557056 bytes, new threshold 2 (max 15)
- age   1:     479344 bytes,     479344 total
- age   2:     263248 bytes,     742592 total
 17265K->11083K(24716K), 0.0013795 secs]
45.849: [GC
Desired survivor size 557056 bytes, new threshold 15 (max 15)
- age   1:     346368 bytes,     346368 total
- age   2:     112648 bytes,     459016 total
 17575K->11061K(24716K), 0.0010234 secs]
45.854: [GC
Desired survivor size 557056 bytes, new threshold 15 (max 15)
- age   1:     220184 bytes,     220184 total
- age   3:     112648 bytes,     332832 total
 17570K->10938K(24716K), 0.0009985 secs]
45.859: [GC
Desired survivor size 557056 bytes, new threshold 15 (max 15)
- age   1:     212496 bytes,     212496 total
- age   4:     112648 bytes,     325144 total
 17450K->10932K(24716K), 0.0007686 secs]
45.864: [GC
Desired survivor size 557056 bytes, new threshold 15 (max 15)
- age   1:     331640 bytes,     331640 total
- age   2:      80448 bytes,     412088 total
- age   5:     112648 bytes,     524736 total
 17402K->11125K(24716K), 0.0010804 secs]
45.872: [GC
Desired survivor size 557056 bytes, new threshold 15 (max 15)
- age   1:      86472 bytes,      86472 total
- age   2:     201960 bytes,     288432 total
- age   3:      80448 bytes,     368880 total
- age   6:     112648 bytes,     481528 total
 17643K->11083K(24716K), 0.0016765 secs]
45.878: [GC
Desired survivor size 557056 bytes, new threshold 7 (max 15)
- age   1:     224144 bytes,     224144 total
- age   2:      78088 bytes,     302232 total
- age   3:     141056 bytes,     443288 total
- age   4:      80448 bytes,     523736 total
- age   7:     112648 bytes,     636384 total
 17611K->11237K(24716K), 0.0009970 secs]
45.883: [GC
Desired survivor size 557056 bytes, new threshold 15 (max 15)
- age   1:     154104 bytes,     154104 total
- age   2:       1352 bytes,     155456 total
- age   3:      78088 bytes,     233544 total
- age   4:     141056 bytes,     374600 total
- age   5:      80448 bytes,     455048 total
 17746K->11169K(24716K), 0.0011469 secs]
45.888: [GC
Desired survivor size 557056 bytes, new threshold 15 (max 15)
- age   1:     170520 bytes,     170520 total
- age   2:     129856 bytes,     300376 total
- age   3:       1352 bytes,     301728 total
- age   4:       8896 bytes,     310624 total
- age   5:     141056 bytes,     451680 total
- age   6:      80448 bytes,     532128 total
 17684K->11244K(24716K), 0.0011982 secs]
45.894: [GC
Desired survivor size 557056 bytes, new threshold 3 (max 15)
- age   1:     476352 bytes,     476352 total
- age   2:      27344 bytes,     503696 total
- age   3:     129856 bytes,     633552 total
- age   4:       1352 bytes,     634904 total
- age   5:       8896 bytes,     643800 total
- age   6:     141056 bytes,     784856 total
- age   7:      80448 bytes,     865304 total
 17763K->11570K(24716K), 0.0012776 secs]
45.900: [GC
Desired survivor size 557056 bytes, new threshold 2 (max 15)
- age   1:     326744 bytes,     326744 total
- age   2:     325816 bytes,     652560 total
- age   3:      27344 bytes,     679904 total
 18089K->11760K(24716K), 0.0012260 secs]
45.906: [GC
Desired survivor size 557056 bytes, new threshold 15 (max 15)
- age   1:     220088 bytes,     220088 total
- age   2:     219536 bytes,     439624 total
 18279K->11865K(24716K), 0.0012890 secs]
45.912: [GC
Desired survivor size 557056 bytes, new threshold 2 (max 15)
- age   1:     511032 bytes,     511032 total
- age   2:     155936 bytes,     666968 total
- age   3:     219536 bytes,     886504 total
 18386K->12302K(24716K), 0.0011077 secs]
45.917: [GC
Desired survivor size 557056 bytes, new threshold 2 (max 15)
- age   1:     216776 bytes,     216776 total
- age   2:     406200 bytes,     622976 total
 18806K->12411K(24716K), 0.0016519 secs]
45.923: [GC
Desired survivor size 557056 bytes, new threshold 2 (max 15)
- age   1:     458064 bytes,     458064 total
- age   2:     137888 bytes,     595952 total
 18925K->12616K(24716K), 0.0010977 secs]
45.928: [GC
Desired survivor size 557056 bytes, new threshold 15 (max 15)
- age   1:     184312 bytes,     184312 total
- age   2:      48352 bytes,     232664 total
 19132K->12395K(24716K), 0.0008397 secs]
45.933: [GC
Desired survivor size 557056 bytes, new threshold 15 (max 15)
- age   1:     274216 bytes,     274216 total
- age   2:      52912 bytes,     327128 total
- age   3:      48352 bytes,     375480 total
 18891K->12535K(24716K), 0.0009117 secs]
45.940: [GC
Desired survivor size 557056 bytes, new threshold 1 (max 15)
- age   1:     573568 bytes,     573568 total
- age   2:     116448 bytes,     690016 total
- age   3:      52912 bytes,     742928 total
- age   4:      48352 bytes,     791280 total
 18980K->12941K(24716K), 0.0011131 secs]
45.945: [GC
Desired survivor size 557056 bytes, new threshold 15 (max 15)
- age   1:     394248 bytes,     394248 total
 19446K->12974K(24716K), 0.0012000 secs]
45.951: [GC
Desired survivor size 557056 bytes, new threshold 1 (max 15)
- age   1:     752440 bytes,     752440 total
- age   2:         32 bytes,     752472 total
 19477K->13323K(24716K), 0.0009207 secs]
45.956: [GC
Desired survivor size 557056 bytes, new threshold 15 (max 15)
- age   1:     155864 bytes,     155864 total
 19799K->13174K(24716K), 0.0011125 secs]
45.961: [GC
Desired survivor size 557056 bytes, new threshold 15 (max 15)
- age   1:     258024 bytes,     258024 total
- age   2:      77992 bytes,     336016 total
 19664K->13352K(24716K), 0.0010597 secs]
45.969: [GC
Desired survivor size 557056 bytes, new threshold 15 (max 15)
- age   1:     140920 bytes,     140920 total
- age   2:     198872 bytes,     339792 total
 19867K->13355K(24716K), 0.0009756 secs]
45.974: [GC
Desired survivor size 557056 bytes, new threshold 15 (max 15)
- age   1:     289568 bytes,     289568 total
- age   3:     198872 bytes,     488440 total
 19869K->13501K(24716K), 0.0012080 secs]
45.980: [GC
Desired survivor size 557056 bytes, new threshold 4 (max 15)
- age   1:     220664 bytes,     220664 total
- age   2:     159712 bytes,     380376 total
- age   4:     198872 bytes,     579248 total
 20026K->13588K(24716K), 0.0010733 secs]
45.986: [GC
Desired survivor size 557056 bytes, new threshold 3 (max 15)
- age   1:     343192 bytes,     343192 total
- age   2:      85696 bytes,     428888 total
- age   3:     159712 bytes,     588600 total
 20061K->13798K(24716K), 0.0010395 secs]
45.992: [GC
Desired survivor size 557056 bytes, new threshold 2 (max 15)
- age   1:     365432 bytes,     365432 total
- age   2:     276160 bytes,     641592 total
- age   3:      85696 bytes,     727288 total
 20326K->14091K(24716K), 0.0012909 secs]
45.998: [GC
Desired survivor size 557056 bytes, new threshold 2 (max 15)
- age   1:     466672 bytes,     466672 total
- age   2:     220168 bytes,     686840 total
 20610K->14208K(24716K), 0.0012931 secs]
46.005: [GC
Desired survivor size 557056 bytes, new threshold 15 (max 15)
- age   1:     126944 bytes,     126944 total
- age   2:     303448 bytes,     430392 total
 20727K->14175K(24716K), 0.0010512 secs]
46.010: [GC
Desired survivor size 557056 bytes, new threshold 1 (max 15)
- age   1:     665504 bytes,     665504 total
- age   2:      54296 bytes,     719800 total
- age   3:     303448 bytes,    1023248 total
 20638K->14753K(24716K), 0.0012225 secs]
46.016: [GC
Desired survivor size 557056 bytes, new threshold 15 (max 15)
- age   1:     218608 bytes,     218608 total
 21280K->14687K(24716K), 0.0014174 secs]
46.022: [GC
Desired survivor size 557056 bytes, new threshold 15 (max 15)
- age   1:     404008 bytes,     404008 total
- age   2:     140528 bytes,     544536 total
 21175K->15005K(24716K), 0.0008600 secs]
46.028: [GC
Desired survivor size 557056 bytes, new threshold 1 (max 15)
- age   1:     683760 bytes,     683760 total
- age   2:      91504 bytes,     775264 total
- age   3:     140072 bytes,     915336 total
 21499K->15367K(24716K), 0.0011400 secs]
46.033: [GC
Desired survivor size 557056 bytes, new threshold 15 (max 15)
- age   1:     128992 bytes,     128992 total
 21895K->15212K(24716K), 0.0012237 secs]
46.038: [GC
Desired survivor size 557056 bytes, new threshold 15 (max 15)
- age   1:     375264 bytes,     375264 total
- age   2:      85080 bytes,     460344 total
 21688K->15536K(24716K), 0.0009235 secs]
46.043: [GC
Desired survivor size 557056 bytes, new threshold 15 (max 15)
- age   1:     259808 bytes,     259808 total
- age   2:     157632 bytes,     417440 total
- age   3:      85080 bytes,     502520 total
 22040K->15577K(24716K), 0.0008521 secs]
46.050: [GC
Desired survivor size 557056 bytes, new threshold 15 (max 15)
- age   1:      89600 bytes,      89600 total
- age   2:      96832 bytes,     186432 total
- age   3:     157632 bytes,     344064 total
- age   4:      83992 bytes,     428056 total
 22050K->15503K(24716K), 0.0008162 secs]
46.054: [GC
Desired survivor size 557056 bytes, new threshold 15 (max 15)
- age   1:     137384 bytes,     137384 total
- age   2:       5264 bytes,     142648 total
- age   4:     157632 bytes,     300280 total
- age   5:      83992 bytes,     384272 total
 21993K->15461K(24716K), 0.0020090 secs]
46.060: [GC
Desired survivor size 557056 bytes, new threshold 5 (max 15)
- age   1:     409448 bytes,     409448 total
- age   2:      84552 bytes,     494000 total
- age   3:       5264 bytes,     499264 total
- age   5:     157632 bytes,     656896 total
- age   6:      83992 bytes,     740888 total
 21957K->15809K(24716K), 0.0011588 secs]
46.066: [GC
Desired survivor size 557056 bytes, new threshold 1 (max 15)
- age   1:     734456 bytes,     734456 total
- age   2:     253240 bytes,     987696 total
- age   4:       5264 bytes,     992960 total
 22334K->16211K(24716K), 0.0013738 secs]
46.072: [GC
Desired survivor size 557056 bytes, new threshold 15 (max 15)
- age   1:     133488 bytes,     133488 total
 22717K->16174K(24716K), 0.0014496 secs]
46.079: [GC
Desired survivor size 557056 bytes, new threshold 15 (max 15)
- age   1:     500344 bytes,     500344 total
- age   2:      47112 bytes,     547456 total
 22646K->16580K(24716K), 0.0010256 secs]
46.084: [GC
Desired survivor size 557056 bytes, new threshold 2 (max 15)
- age   1:     305824 bytes,     305824 total
- age   2:     420072 bytes,     725896 total
- age   3:      47112 bytes,     773008 total
 23059K->16799K(24716K), 0.0012972 secs]
46.090: [GC
Desired survivor size 557056 bytes, new threshold 2 (max 15)
- age   1:     556512 bytes,     556512 total
- age   2:     224216 bytes,     780728 total
 23226K->17112K(24716K), 0.0013347 secs]
46.098: [GC
Desired survivor size 557056 bytes, new threshold 2 (max 15)
- age   1:     441232 bytes,     441232 total
- age   2:     483984 bytes,     925216 total
 23632K->17469K(24716K), 0.0024620 secs]
46.105: [GC
Desired survivor size 557056 bytes, new threshold 15 (max 15)
- age   1:     209384 bytes,     209384 total
- age   2:     197048 bytes,     406432 total
 23991K->17437K(24716K), 0.0016330 secs]
46.112: [GC
Desired survivor size 557056 bytes, new threshold 15 (max 15)
- age   1:      74984 bytes,      74984 total
- age   2:     178888 bytes,     253872 total
- age   3:     197048 bytes,     450920 total
 23954K->17479K(24716K), 0.0012098 secs]
46.117: [GC
Desired survivor size 557056 bytes, new threshold 3 (max 15)
- age   1:     365904 bytes,     365904 total
- age   2:      41632 bytes,     407536 total
- age   3:     178888 bytes,     586424 total
- age   4:     159664 bytes,     746088 total
 23994K->17768K(24716K), 0.0012161 secs]
46.123: [GC
Desired survivor size 557056 bytes, new threshold 15 (max 15)
- age   1:      84872 bytes,      84872 total
- age   2:     249760 bytes,     334632 total
- age   3:      41192 bytes,     375824 total
 24296K->17736K(25100K), 0.0011571 secs]
46.124: [Full GC 17736K->8584K(25100K), 0.0697390 secs]
46.199: [GC
Desired survivor size 557056 bytes, new threshold 15 (max 15)
- age   1:     218976 bytes,     218976 total
 15079K->8799K(24716K), 0.0006748 secs]
46.204: [GC
Desired survivor size 557056 bytes, new threshold 15 (max 15)
- age   1:     270192 bytes,     270192 total
- age   2:     155176 bytes,     425368 total
 15311K->9001K(24716K), 0.0010418 secs]
46.209: [GC
Desired survivor size 557056 bytes, new threshold 2 (max 15)
- age   1:     535104 bytes,     535104 total
- age   2:     270192 bytes,     805296 total
- age   3:     155176 bytes,     960472 total
 15502K->9525K(24716K), 0.0014275 secs]
46.216: [GC
Desired survivor size 557056 bytes, new threshold 2 (max 15)
- age   1:     223776 bytes,     223776 total
- age   2:     382000 bytes,     605776 total
 16053K->9485K(24716K), 0.0011205 secs]
46.223: [GC
Desired survivor size 557056 bytes, new threshold 15 (max 15)
- age   1:     426064 bytes,     426064 total
- age   2:      60800 bytes,     486864 total
 16000K->9742K(24716K), 0.0010940 secs]
46.229: [GC
Desired survivor size 557056 bytes, new threshold 2 (max 15)
- age   1:     408144 bytes,     408144 total
- age   2:     261360 bytes,     669504 total
- age   3:      21480 bytes,     690984 total
 16243K->9941K(24716K), 0.0009610 secs]
46.235: [GC
Desired survivor size 557056 bytes, new threshold 2 (max 15)
- age   1:     427760 bytes,     427760 total
- age   2:     137816 bytes,     565576 total
 16469K->10094K(24716K), 0.0011693 secs]
46.241: [GC
Desired survivor size 557056 bytes, new threshold 2 (max 15)
- age   1:     426648 bytes,     426648 total
- age   2:     382168 bytes,     808816 total
 16608K->10474K(24716K), 0.0013530 secs]
46.249: [GC
Desired survivor size 557056 bytes, new threshold 2 (max 15)
- age   1:     374392 bytes,     374392 total
- age   2:     303536 bytes,     677928 total
 16991K->10713K(24716K), 0.0011651 secs]
46.256: [GC
Desired survivor size 557056 bytes, new threshold 15 (max 15)
- age   1:     264560 bytes,     264560 total
- age   2:     247392 bytes,     511952 total
 17223K->10797K(24716K), 0.0010929 secs]
46.261: [GC
Desired survivor size 557056 bytes, new threshold 15 (max 15)
- age   1:     151976 bytes,     151976 total
- age   2:     114920 bytes,     266896 total
- age   3:     245872 bytes,     512768 total
 17322K->10797K(24716K), 0.0009651 secs]
46.266: [GC
Desired survivor size 557056 bytes, new threshold 4 (max 15)
- age   1:     324704 bytes,     324704 total
- age   2:      47080 bytes,     371784 total
- age   3:     114920 bytes,     486704 total
- age   4:     164360 bytes,     651064 total
 17309K->10935K(24716K), 0.0010674 secs]
46.271: [GC
Desired survivor size 557056 bytes, new threshold 4 (max 15)
- age   1:     131496 bytes,     131496 total
- age   2:     305512 bytes,     437008 total
- age   3:      47080 bytes,     484088 total
- age   4:     114920 bytes,     599008 total
 17462K->11045K(24716K), 0.0012854 secs]
46.278: [GC
Desired survivor size 557056 bytes, new threshold 3 (max 15)
- age   1:     284848 bytes,     284848 total
- age   2:      84168 bytes,     369016 total
- age   3:     222408 bytes,     591424 total
- age   4:      16600 bytes,     608024 total
 17560K->11171K(24716K), 0.0015475 secs]
46.284: [GC
Desired survivor size 557056 bytes, new threshold 15 (max 15)
- age   1:      65640 bytes,      65640 total
- age   2:     167400 bytes,     233040 total
- age   3:      84168 bytes,     317208 total
 17649K->11115K(24716K), 0.0013006 secs]
46.291: [GC
Desired survivor size 557056 bytes, new threshold 15 (max 15)
- age   1:     125640 bytes,     125640 total
- age   2:      35152 bytes,     160792 total
- age   3:     167400 bytes,     328192 total
- age   4:      84168 bytes,     412360 total
 17640K->11207K(24716K), 0.0009211 secs]
46.297: [GC
Desired survivor size 557056 bytes, new threshold 15 (max 15)
- age   1:      95376 bytes,      95376 total
- age   2:       7928 bytes,     103304 total
- age   3:      35152 bytes,     138456 total
- age   4:     167400 bytes,     305856 total
- age   5:     168304 bytes,     474160 total
 17735K->11267K(24716K), 0.0017735 secs]
46.303: [GC
Desired survivor size 557056 bytes, new threshold 6 (max 15)
- age   1:     191920 bytes,     191920 total
- age   2:      93672 bytes,     285592 total
- age   3:       7816 bytes,     293408 total
- age   4:      35152 bytes,     328560 total
- age   5:     167400 bytes,     495960 total
- age   6:      84168 bytes,     580128 total
 17783K->11373K(24716K), 0.0011208 secs]
46.309: [GC
Desired survivor size 557056 bytes, new threshold 6 (max 15)
- age   1:     230488 bytes,     230488 total
- age   2:     179064 bytes,     409552 total
- age   3:      93672 bytes,     503224 total
- age   4:       7816 bytes,     511040 total
- age   5:      35152 bytes,     546192 total
- age   6:     167400 bytes,     713592 total
 17894K->11589K(24716K), 0.0011435 secs]
46.315: [GC
Desired survivor size 557056 bytes, new threshold 4 (max 15)
- age   1:     187704 bytes,     187704 total
- age   2:     186752 bytes,     374456 total
- age   3:     179064 bytes,     553520 total
- age   4:      11392 bytes,     564912 total
- age   5:       7816 bytes,     572728 total
- age   6:      35152 bytes,     607880 total
 18063K->11653K(24716K), 0.0011594 secs]
46.321: [GC
Desired survivor size 557056 bytes, new threshold 4 (max 15)
- age   1:     132640 bytes,     132640 total
- age   2:      97472 bytes,     230112 total
- age   3:     186752 bytes,     416864 total
- age   4:     179064 bytes,     595928 total
 18181K->11697K(24716K), 0.0011848 secs]
46.326: [GC
Desired survivor size 557056 bytes, new threshold 1 (max 15)
- age   1:     755600 bytes,     755600 total
- age   2:        720 bytes,     756320 total
- age   3:      97472 bytes,     853792 total
- age   4:     186752 bytes,    1040544 total
 18201K->12305K(24716K), 0.0015081 secs]
46.333: [GC
Desired survivor size 557056 bytes, new threshold 1 (max 15)
- age   1:     583256 bytes,     583256 total
 18785K->12708K(24716K), 0.0018219 secs]
46.338: [GC
Desired survivor size 557056 bytes, new threshold 15 (max 15)
- age   1:     377264 bytes,     377264 total
 19226K->12874K(24716K), 0.0012698 secs]
46.345: [GC
Desired survivor size 557056 bytes, new threshold 1 (max 15)
- age   1:     629024 bytes,     629024 total
- age   2:     169464 bytes,     798488 total
 19353K->13286K(24716K), 0.0009638 secs]
46.351: [GC
Desired survivor size 557056 bytes, new threshold 15 (max 15)
- age   1:     301672 bytes,     301672 total
 19796K->13169K(24716K), 0.0011542 secs]
46.357: [GC
Desired survivor size 557056 bytes, new threshold 1 (max 15)
- age   1:     562552 bytes,     562552 total
 19673K->13424K(24716K), 0.0008461 secs]
46.362: [GC
Desired survivor size 557056 bytes, new threshold 15 (max 15)
- age   1:     275024 bytes,     275024 total
 19918K->13298K(24716K), 0.0008897 secs]
46.367: [GC
Desired survivor size 557056 bytes, new threshold 2 (max 15)
- age   1:     504656 bytes,     504656 total
- age   2:     113416 bytes,     618072 total
 19808K->13632K(24716K), 0.0008723 secs]
46.373: [GC
Desired survivor size 557056 bytes, new threshold 2 (max 15)
- age   1:     512088 bytes,     512088 total
- age   2:     254928 bytes,     767016 total
 20108K->13888K(24716K), 0.0011206 secs]
46.381: [GC
Desired survivor size 557056 bytes, new threshold 2 (max 15)
- age   1:     274200 bytes,     274200 total
- age   2:     338232 bytes,     612432 total
 20416K->13986K(24716K), 0.0011327 secs]
46.387: [GC
Desired survivor size 557056 bytes, new threshold 15 (max 15)
- age   1:     210352 bytes,     210352 total
- age   2:     211752 bytes,     422104 total
 20498K->13972K(24716K), 0.0009546 secs]
46.391: [GC
Desired survivor size 557056 bytes, new threshold 15 (max 15)
- age   1:     155256 bytes,     155256 total
- age   2:         88 bytes,     155344 total
- age   3:     211752 bytes,     367096 total
 20469K->13920K(24716K), 0.0011148 secs]
46.398: [GC
Desired survivor size 557056 bytes, new threshold 15 (max 15)
- age   1:     280752 bytes,     280752 total
- age   2:      22528 bytes,     303280 total
- age   3:         88 bytes,     303368 total
- age   4:     211752 bytes,     515120 total
 20435K->14064K(24716K), 0.0015595 secs]
46.403: [GC
Desired survivor size 557056 bytes, new threshold 15 (max 15)
- age   1:     190488 bytes,     190488 total
- age   3:      22528 bytes,     213016 total
- age   4:         88 bytes,     213104 total
- age   5:     211752 bytes,     424856 total
 20583K->13976K(24716K), 0.0011012 secs]
46.408: [GC
Desired survivor size 557056 bytes, new threshold 6 (max 15)
- age   1:     207728 bytes,     207728 total
- age   2:     138312 bytes,     346040 total
- age   4:      22528 bytes,     368568 total
- age   5:         88 bytes,     368656 total
- age   6:     211752 bytes,     580408 total
 20503K->14130K(24716K), 0.0012046 secs]
46.413: [GC
Desired survivor size 557056 bytes, new threshold 5 (max 15)
- age   1:     361208 bytes,     361208 total
- age   2:      56808 bytes,     418016 total
- age   3:     138312 bytes,     556328 total
- age   5:      22528 bytes,     578856 total
- age   6:         88 bytes,     578944 total
 20649K->14342K(24716K), 0.0017327 secs]
46.419: [GC
Desired survivor size 557056 bytes, new threshold 2 (max 15)
- age   1:     536864 bytes,     536864 total
- age   2:     335136 bytes,     872000 total
- age   3:      56808 bytes,     928808 total
- age   4:     138312 bytes,    1067120 total
 20713K->14910K(24716K), 0.0018461 secs]
46.425: [GC
Desired survivor size 557056 bytes, new threshold 2 (max 15)
- age   1:     352176 bytes,     352176 total
- age   2:     251952 bytes,     604128 total
 21435K->14972K(24716K), 0.0017692 secs]
46.431: [GC
Desired survivor size 557056 bytes, new threshold 2 (max 15)
- age   1:     366504 bytes,     366504 total
- age   2:     266752 bytes,     633256 total
 21453K->15247K(24716K), 0.0015874 secs]
46.437: [GC
Desired survivor size 557056 bytes, new threshold 15 (max 15)
- age   1:      90000 bytes,      90000 total
- age   2:      52800 bytes,     142800 total
 21754K->14967K(24716K), 0.0011644 secs]
46.447: [GC
Desired survivor size 557056 bytes, new threshold 15 (max 15)
- age   1:      63376 bytes,      63376 total
- age   2:      31240 bytes,      94616 total
- age   3:      52800 bytes,     147416 total
 21451K->14972K(24716K), 0.0007055 secs]
46.453: [GC
Desired survivor size 557056 bytes, new threshold 15 (max 15)
- age   1:      68768 bytes,      68768 total
- age   2:       2640 bytes,      71408 total
- age   3:      31240 bytes,     102648 total
- age   4:      52800 bytes,     155448 total
 21487K->14981K(24716K), 0.0012841 secs]
46.459: [GC
Desired survivor size 557056 bytes, new threshold 15 (max 15)
- age   1:     355320 bytes,     355320 total
- age   2:       2520 bytes,     357840 total
- age   3:       2528 bytes,     360368 total
- age   4:      31240 bytes,     391608 total
- age   5:      52800 bytes,     444408 total
 21505K->15264K(24716K), 0.0009299 secs]
46.463: [GC
Desired survivor size 557056 bytes, new threshold 15 (max 15)
- age   1:     152920 bytes,     152920 total
- age   2:     138152 bytes,     291072 total
- age   3:       2520 bytes,     293592 total
- age   4:       2528 bytes,     296120 total
- age   5:      31240 bytes,     327360 total
- age   6:      52800 bytes,     380160 total
 21726K->15201K(24716K), 0.0009547 secs]
46.469: [GC
Desired survivor size 557056 bytes, new threshold 15 (max 15)
- age   1:     304272 bytes,     304272 total
- age   3:     138104 bytes,     442376 total
- age   4:       2520 bytes,     444896 total
- age   5:       2528 bytes,     447424 total
- age   6:      31240 bytes,     478664 total
- age   7:      52800 bytes,     531464 total
 21649K->15352K(24716K), 0.0011012 secs]
46.475: [GC
Desired survivor size 557056 bytes, new threshold 15 (max 15)
- age   1:      72536 bytes,      72536 total
- age   2:      11168 bytes,      83704 total
- age   4:     138104 bytes,     221808 total
- age   5:       2520 bytes,     224328 total
- age   6:       2528 bytes,     226856 total
- age   7:      31240 bytes,     258096 total
- age   8:      52800 bytes,     310896 total
 21870K->15139K(24716K), 0.0008144 secs]
46.485: [GC
Desired survivor size 557056 bytes, new threshold 15 (max 15)
- age   1:      81192 bytes,      81192 total
- age   2:        832 bytes,      82024 total
- age   3:      10448 bytes,      92472 total
- age   5:     138104 bytes,     230576 total
- age   6:       2520 bytes,     233096 total
- age   7:       2528 bytes,     235624 total
- age   8:      31240 bytes,     266864 total
- age   9:      52800 bytes,     319664 total
 21646K->15151K(24716K), 0.0007761 secs]
46.490: [GC
Desired survivor size 557056 bytes, new threshold 10 (max 15)
- age   1:     356112 bytes,     356112 total
- age   2:       5168 bytes,     361280 total
- age   3:        832 bytes,     362112 total
- age   4:      10448 bytes,     372560 total
- age   6:     138104 bytes,     510664 total
- age   7:       2520 bytes,     513184 total
- age   8:       2528 bytes,     515712 total
- age   9:      31240 bytes,     546952 total
- age  10:      52800 bytes,     599752 total
 21632K->15421K(24716K), 0.0010638 secs]
46.497: [GC
Desired survivor size 557056 bytes, new threshold 15 (max 15)
- age   1:      83456 bytes,      83456 total
- age   2:     278032 bytes,     361488 total
- age   3:       5168 bytes,     366656 total
- age   5:      10448 bytes,     377104 total
- age   7:     138104 bytes,     515208 total
- age   8:       2520 bytes,     517728 total
- age   9:       2528 bytes,     520256 total
- age  10:      31240 bytes,     551496 total
 21864K->15432K(24716K), 0.0015267 secs]
46.506: [GC
Desired survivor size 557056 bytes, new threshold 11 (max 15)
- age   1:     111800 bytes,     111800 total
- age   2:       2640 bytes,     114440 total
- age   3:     278032 bytes,     392472 total
- age   4:       3760 bytes,     396232 total
- age   6:      10336 bytes,     406568 total
- age   8:     138104 bytes,     544672 total
- age   9:       2520 bytes,     547192 total
- age  10:       2528 bytes,     549720 total
- age  11:      31240 bytes,     580960 total
 21960K->15457K(24716K), 0.0011194 secs]
46.512: [GC
Desired survivor size 557056 bytes, new threshold 9 (max 15)
- age   1:     132984 bytes,     132984 total
- age   2:      93928 bytes,     226912 total
- age   3:       2640 bytes,     229552 total
- age   4:     278032 bytes,     507584 total
- age   5:       3760 bytes,     511344 total
- age   7:      10336 bytes,     521680 total
- age   9:     138104 bytes,     659784 total
- age  10:       2520 bytes,     662304 total
- age  11:       2528 bytes,     664832 total
 21971K->15592K(24716K), 0.0011195 secs]
46.517: [GC
Desired survivor size 557056 bytes, new threshold 5 (max 15)
- age   1:     214144 bytes,     214144 total
- age   2:     112960 bytes,     327104 total
- age   3:      93928 bytes,     421032 total
- age   4:       2640 bytes,     423672 total
- age   5:     278032 bytes,     701704 total
- age   6:       3760 bytes,     705464 total
- age   8:      10336 bytes,     715800 total
 22055K->15786K(24716K), 0.0012595 secs]
46.523: [GC
Desired survivor size 557056 bytes, new threshold 15 (max 15)
- age   1:     214144 bytes,     214144 total
- age   2:      69160 bytes,     283304 total
- age   3:     112960 bytes,     396264 total
- age   4:      93928 bytes,     490192 total
- age   5:       2640 bytes,     492832 total
 22279K->15845K(24716K), 0.0012673 secs]
46.528: [GC
Desired survivor size 557056 bytes, new threshold 5 (max 15)
- age   1:     200528 bytes,     200528 total
- age   2:     140464 bytes,     340992 total
- age   3:      69160 bytes,     410152 total
- age   4:      78152 bytes,     488304 total
- age   5:      93928 bytes,     582232 total
- age   6:       2640 bytes,     584872 total
 22363K->15926K(24716K), 0.0011173 secs]
46.533: [GC
Desired survivor size 557056 bytes, new threshold 15 (max 15)
- age   1:     122592 bytes,     122592 total
- age   2:     154872 bytes,     277464 total
- age   3:     113872 bytes,     391336 total
- age   4:      69160 bytes,     460496 total
- age   5:      78152 bytes,     538648 total
 22437K->15894K(24716K), 0.0010732 secs]
46.538: [GC
Desired survivor size 557056 bytes, new threshold 3 (max 15)
- age   1:     406232 bytes,     406232 total
- age   2:      41296 bytes,     447528 total
- age   3:     154872 bytes,     602400 total
- age   4:     113872 bytes,     716272 total
- age   5:      69160 bytes,     785432 total
- age   6:      78152 bytes,     863584 total
 22391K->16202K(24716K), 0.0012626 secs]
46.544: [GC
Desired survivor size 557056 bytes, new threshold 3 (max 15)
- age   1:     233584 bytes,     233584 total
- age   2:     321088 bytes,     554672 total
- age   3:      41256 bytes,     595928 total
 22713K->16295K(24716K), 0.0017340 secs]
46.553: [GC
Desired survivor size 557056 bytes, new threshold 2 (max 15)
- age   1:     515032 bytes,     515032 total
- age   2:      60912 bytes,     575944 total
- age   3:     321088 bytes,     897032 total
 22779K->16634K(24716K), 0.0018665 secs]
46.560: [GC
Desired survivor size 557056 bytes, new threshold 15 (max 15)
- age   1:      90736 bytes,      90736 total
- age   2:     343304 bytes,     434040 total
 23162K->16556K(24716K), 0.0012297 secs]
46.570: [GC
Desired survivor size 557056 bytes, new threshold 3 (max 15)
- age   1:     539856 bytes,     539856 total
- age   2:       2992 bytes,     542848 total
- age   3:     343304 bytes,     886152 total
 23084K->16999K(24716K), 0.0014025 secs]
46.577: [GC
Desired survivor size 557056 bytes, new threshold 2 (max 15)
- age   1:     510200 bytes,     510200 total
- age   2:     539776 bytes,    1049976 total
- age   3:       2992 bytes,    1052968 total
 23522K->17503K(24716K), 0.0019366 secs]
46.583: [GC
Desired survivor size 557056 bytes, new threshold 15 (max 15)
- age   1:     114872 bytes,     114872 total
- age   2:     423704 bytes,     538576 total
 24020K->17524K(24716K), 0.0018619 secs]
46.589: [GC
Desired survivor size 557056 bytes, new threshold 15 (max 15)
- age   1:     218544 bytes,     218544 total
- age   2:      84608 bytes,     303152 total
- age   3:     233536 bytes,     536688 total
 24031K->17522K(24716K), 0.0013720 secs]
46.595: [GC
Desired survivor size 557056 bytes, new threshold 1 (max 15)
- age   1:     637344 bytes,     637344 total
- age   2:     121048 bytes,     758392 total
- age   3:      84608 bytes,     843000 total
- age   4:     202944 bytes,    1045944 total
 24019K->18019K(24716K), 0.0012494 secs]
46.601: [GC
Desired survivor size 557056 bytes, new threshold 15 (max 15)
- age   1:     146808 bytes,     146808 total
 24530K->17848K(25484K), 0.0013758 secs]
46.603: [Full GC 17848K->8651K(25484K), 0.0716527 secs]
46.680: [GC
Desired survivor size 557056 bytes, new threshold 15 (max 15)
- age   1:     157144 bytes,     157144 total
 15179K->8807K(24716K), 0.0007955 secs]
46.686: [GC
Desired survivor size 557056 bytes, new threshold 15 (max 15)
- age   1:     432568 bytes,     432568 total
- age   2:      98560 bytes,     531128 total
 15332K->9172K(24716K), 0.0011160 secs]
46.691: [GC
Desired survivor size 557056 bytes, new threshold 2 (max 15)
- age   1:     506544 bytes,     506544 total
- age   2:     415864 bytes,     922408 total
- age   3:      98560 bytes,    1020968 total
 15697K->9650K(24716K), 0.0013393 secs]
46.698: [GC
Desired survivor size 557056 bytes, new threshold 2 (max 15)
- age   1:     247376 bytes,     247376 total
- age   2:     429376 bytes,     676752 total
 16158K->9586K(24716K), 0.0016994 secs]
46.704: [GC
Desired survivor size 557056 bytes, new threshold 15 (max 15)
- age   1:     353616 bytes,     353616 total
- age   2:     115440 bytes,     469056 total
 16105K->9805K(24716K), 0.0013389 secs]
46.710: [GC
Desired survivor size 557056 bytes, new threshold 3 (max 15)
- age   1:     367448 bytes,     367448 total
- age   2:      74712 bytes,     442160 total
- age   3:     115440 bytes,     557600 total
 16314K->9891K(24716K), 0.0013514 secs]
46.715: [GC
Desired survivor size 557056 bytes, new threshold 3 (max 15)
- age   1:     184448 bytes,     184448 total
- age   2:     334208 bytes,     518656 total
- age   3:      74712 bytes,     593368 total
 16418K->9926K(24716K), 0.0010688 secs]
46.720: [GC
Desired survivor size 557056 bytes, new threshold 2 (max 15)
- age   1:     542976 bytes,     542976 total
- age   2:     146616 bytes,     689592 total
- age   3:      61952 bytes,     751544 total
 16452K->10153K(24716K), 0.0011602 secs]
46.726: [GC
Desired survivor size 557056 bytes, new threshold 15 (max 15)
- age   1:     165648 bytes,     165648 total
- age   2:     363696 bytes,     529344 total
 16668K->10140K(24716K), 0.0012836 secs]
46.731: [GC
Desired survivor size 557056 bytes, new threshold 3 (max 15)
- age   1:     329832 bytes,     329832 total
- age   2:      26720 bytes,     356552 total
- age   3:     363696 bytes,     720248 total
 16659K->10326K(24716K), 0.0012213 secs]
46.736: [GC
Desired survivor size 557056 bytes, new threshold 15 (max 15)
- age   1:     276720 bytes,     276720 total
- age   2:      78736 bytes,     355456 total
- age   3:      26720 bytes,     382176 total
 16800K->10351K(24716K), 0.0011823 secs]
46.742: [GC
Desired survivor size 557056 bytes, new threshold 15 (max 15)
- age   1:     286224 bytes,     286224 total
- age   3:      78736 bytes,     364960 total
- age   4:      26720 bytes,     391680 total
 16878K->10360K(24716K), 0.0007859 secs]
46.747: [GC
Desired survivor size 557056 bytes, new threshold 2 (max 15)
- age   1:     480744 bytes,     480744 total
- age   2:     187848 bytes,     668592 total
- age   4:      78736 bytes,     747328 total
- age   5:      26720 bytes,     774048 total
 16885K->10733K(24716K), 0.0018994 secs]
46.754: [GC
Desired survivor size 557056 bytes, new threshold 15 (max 15)
- age   1:     123472 bytes,     123472 total
- age   2:     229752 bytes,     353224 total
 17261K->10616K(24716K), 0.0011556 secs]
46.759: [GC
Desired survivor size 557056 bytes, new threshold 15 (max 15)
- age   1:     174680 bytes,     174680 total
- age   2:     101288 bytes,     275968 total
- age   3:     155720 bytes,     431688 total
 17142K->10692K(24716K), 0.0009865 secs]
46.765: [GC
Desired survivor size 557056 bytes, new threshold 15 (max 15)
- age   1:      65896 bytes,      65896 total
- age   2:     117584 bytes,     183480 total
- age   3:      67664 bytes,     251144 total
- age   4:     155720 bytes,     406864 total
 17220K->10670K(24716K), 0.0011585 secs]
46.770: [GC
Desired survivor size 557056 bytes, new threshold 1 (max 15)
- age   1:     708488 bytes,     708488 total
- age   2:      31344 bytes,     739832 total
- age   3:     117584 bytes,     857416 total
- age   4:      67664 bytes,     925080 total
- age   5:     155720 bytes,    1080800 total
 17194K->11332K(24716K), 0.0014870 secs]
46.776: [GC
Desired survivor size 557056 bytes, new threshold 15 (max 15)
- age   1:     154624 bytes,     154624 total
 17841K->11267K(24716K), 0.0015449 secs]
46.781: [GC
Desired survivor size 557056 bytes, new threshold 15 (max 15)
- age   1:     157984 bytes,     157984 total
- age   2:      39472 bytes,     197456 total
 17736K->11305K(24716K), 0.0007513 secs]
46.787: [GC
Desired survivor size 557056 bytes, new threshold 15 (max 15)
- age   1:     272480 bytes,     272480 total
- age   2:      63504 bytes,     335984 total
- age   3:      39472 bytes,     375456 total
 17800K->11479K(24716K), 0.0012312 secs]
46.794: [GC
Desired survivor size 557056 bytes, new threshold 15 (max 15)
- age   1:      86064 bytes,      86064 total
- age   2:     233528 bytes,     319592 total
- age   3:      63504 bytes,     383096 total
- age   4:      39472 bytes,     422568 total
 18001K->11522K(24716K), 0.0022631 secs]
46.802: [GC
Desired survivor size 557056 bytes, new threshold 15 (max 15)
- age   1:      90336 bytes,      90336 total
- age   2:      85232 bytes,     175568 total
- age   3:     233528 bytes,     409096 total
- age   4:      63504 bytes,     472600 total
 17999K->11573K(24716K), 0.0009757 secs]
46.808: [GC
Desired survivor size 557056 bytes, new threshold 15 (max 15)
- age   1:     143072 bytes,     143072 total
- age   2:       3520 bytes,     146592 total
- age   3:       2112 bytes,     148704 total
- age   4:     233528 bytes,     382232 total
- age   5:      63504 bytes,     445736 total
 18101K->11547K(24716K), 0.0012145 secs]
46.813: [GC
Desired survivor size 557056 bytes, new threshold 5 (max 15)
- age   1:     439552 bytes,     439552 total
- age   2:      98152 bytes,     537704 total
- age   3:       3520 bytes,     541224 total
- age   4:       2112 bytes,     543336 total
- age   5:     233528 bytes,     776864 total
- age   6:      63504 bytes,     840368 total
 18055K->11933K(24716K), 0.0011772 secs]
46.819: [GC
Desired survivor size 557056 bytes, new threshold 3 (max 15)
- age   1:     121224 bytes,     121224 total
- age   2:     392344 bytes,     513568 total
- age   3:      98152 bytes,     611720 total
- age   4:       3520 bytes,     615240 total
- age   5:       2112 bytes,     617352 total
 18437K->12008K(24716K), 0.0014297 secs]
46.825: [GC
Desired survivor size 557056 bytes, new threshold 15 (max 15)
- age   1:      72072 bytes,      72072 total
- age   2:       5136 bytes,      77208 total
- age   3:     392344 bytes,     469552 total
 18504K->11972K(24716K), 0.0010630 secs]
46.830: [GC
Desired survivor size 557056 bytes, new threshold 4 (max 15)
- age   1:     279088 bytes,     279088 total
- age   2:      54056 bytes,     333144 total
- age   3:       5096 bytes,     338240 total
- age   4:     392344 bytes,     730584 total
 18479K->12219K(24716K), 0.0011729 secs]
46.836: [GC
Desired survivor size 557056 bytes, new threshold 2 (max 15)
- age   1:     340328 bytes,     340328 total
- age   2:     232168 bytes,     572496 total
- age   3:      54056 bytes,     626552 total
- age   4:       5096 bytes,     631648 total
 18734K->12515K(24716K), 0.0013524 secs]
46.841: [GC
Desired survivor size 557056 bytes, new threshold 2 (max 15)
- age   1:     404088 bytes,     404088 total
- age   2:     213744 bytes,     617832 total
 18994K->12781K(24716K), 0.0013189 secs]
46.847: [GC
Desired survivor size 557056 bytes, new threshold 15 (max 15)
- age   1:     272928 bytes,     272928 total
- age   2:      67872 bytes,     340800 total
 19297K->12717K(24716K), 0.0011994 secs]
46.853: [GC
Desired survivor size 557056 bytes, new threshold 15 (max 15)
- age   1:     373744 bytes,     373744 total
- age   3:      67872 bytes,     441616 total
 19231K->12818K(24716K), 0.0009433 secs]
46.858: [GC
Desired survivor size 557056 bytes, new threshold 1 (max 15)
- age   1:     580544 bytes,     580544 total
- age   2:      98736 bytes,     679280 total
- age   4:      67872 bytes,     747152 total
 19312K->13116K(24716K), 0.0010740 secs]
46.863: [GC
Desired survivor size 557056 bytes, new threshold 15 (max 15)
- age   1:     211592 bytes,     211592 total
 19608K->13119K(24716K), 0.0013915 secs]
46.869: [GC
Desired survivor size 557056 bytes, new threshold 15 (max 15)
- age   1:     129176 bytes,     129176 total
- age   2:     168664 bytes,     297840 total
 19641K->13203K(24716K), 0.0010136 secs]
46.875: [GC
Desired survivor size 557056 bytes, new threshold 2 (max 15)
- age   1:     523056 bytes,     523056 total
- age   2:      83288 bytes,     606344 total
- age   3:     168664 bytes,     775008 total
 19718K->13669K(24716K), 0.0010699 secs]
46.880: [GC
Desired survivor size 557056 bytes, new threshold 2 (max 15)
- age   1:     292576 bytes,     292576 total
- age   2:     403312 bytes,     695888 total
 20177K->13809K(24716K), 0.0012731 secs]
46.886: [GC
Desired survivor size 557056 bytes, new threshold 15 (max 15)
- age   1:     280896 bytes,     280896 total
- age   2:     169064 bytes,     449960 total
 20322K->13970K(24716K), 0.0011360 secs]
46.891: [GC
Desired survivor size 557056 bytes, new threshold 1 (max 15)
- age   1:     889432 bytes,     889432 total
- age   2:     129000 bytes,    1018432 total
 20457K->14525K(24716K), 0.0014292 secs]
46.898: [GC
Desired survivor size 557056 bytes, new threshold 15 (max 15)
- age   1:     540344 bytes,     540344 total
 21023K->14537K(24716K), 0.0012833 secs]
46.904: [GC
Desired survivor size 557056 bytes, new threshold 2 (max 15)
- age   1:     381096 bytes,     381096 total
- age   2:     237728 bytes,     618824 total
 21025K->14614K(24716K), 0.0009132 secs]
46.909: [GC
Desired survivor size 557056 bytes, new threshold 15 (max 15)
- age   1:     235640 bytes,     235640 total
- age   2:     236080 bytes,     471720 total
 21083K->14537K(24716K), 0.0014489 secs]
46.915: [GC
Desired survivor size 557056 bytes, new threshold 15 (max 15)
- age   1:     317280 bytes,     317280 total
- age   2:         56 bytes,     317336 total
 21032K->14386K(24716K), 0.0007963 secs]
46.920: [GC
Desired survivor size 557056 bytes, new threshold 15 (max 15)
- age   1:     340824 bytes,     340824 total
- age   2:     166744 bytes,     507568 total
- age   3:         56 bytes,     507624 total
 20894K->14572K(24716K), 0.0009976 secs]
46.925: [GC
Desired survivor size 557056 bytes, new threshold 3 (max 15)
- age   1:     229760 bytes,     229760 total
- age   2:     225896 bytes,     455656 total
- age   3:     166744 bytes,     622400 total
- age   4:         56 bytes,     622456 total
 21095K->14684K(24716K), 0.0013275 secs]
46.930: [GC
Desired survivor size 557056 bytes, new threshold 3 (max 15)
- age   1:     253864 bytes,     253864 total
- age   2:     179936 bytes,     433800 total
- age   3:     225896 bytes,     659696 total
 21205K->14883K(24716K), 0.0014026 secs]
46.936: [GC
Desired survivor size 557056 bytes, new threshold 2 (max 15)
- age   1:     446784 bytes,     446784 total
- age   2:     207040 bytes,     653824 total
- age   3:     179936 bytes,     833760 total
 21388K->15272K(24716K), 0.0020014 secs]
46.942: [GC
Desired survivor size 557056 bytes, new threshold 15 (max 15)
- age   1:     302360 bytes,     302360 total
- age   2:     172144 bytes,     474504 total
 21788K->15300K(24716K), 0.0013043 secs]
46.948: [GC
Desired survivor size 557056 bytes, new threshold 15 (max 15)
- age   1:     125800 bytes,     125800 total
- age   2:     182536 bytes,     308336 total
- age   3:     172144 bytes,     480480 total
 21824K->15306K(24716K), 0.0014618 secs]
46.954: [GC
Desired survivor size 557056 bytes, new threshold 15 (max 15)
- age   1:     214632 bytes,     214632 total
- age   3:      70736 bytes,     285368 total
- age   4:     172144 bytes,     457512 total
 21819K->15283K(24716K), 0.0011013 secs]
46.958: [GC
Desired survivor size 557056 bytes, new threshold 5 (max 15)
- age   1:     150512 bytes,     150512 total
- age   2:     165272 bytes,     315784 total
- age   4:      70736 bytes,     386520 total
- age   5:     172144 bytes,     558664 total
 21811K->15383K(24716K), 0.0010846 secs]
46.964: [GC
Desired survivor size 557056 bytes, new threshold 2 (max 15)
- age   1:     536968 bytes,     536968 total
- age   2:      46168 bytes,     583136 total
- age   3:      57216 bytes,     640352 total
- age   5:      70736 bytes,     711088 total
 21910K->15698K(24716K), 0.0012250 secs]
46.969: [GC
Desired survivor size 557056 bytes, new threshold 15 (max 15)
- age   1:     179192 bytes,     179192 total
- age   2:     305032 bytes,     484224 total
 22183K->15648K(24716K), 0.0012582 secs]
46.975: [GC
Desired survivor size 557056 bytes, new threshold 15 (max 15)
- age   1:     176400 bytes,     176400 total
- age   3:     152640 bytes,     329040 total
 22134K->15496K(24716K), 0.0008531 secs]
46.979: [GC
Desired survivor size 557056 bytes, new threshold 2 (max 15)
- age   1:     551328 bytes,     551328 total
- age   2:     176400 bytes,     727728 total
- age   4:     152640 bytes,     880368 total
 21999K->16034K(24716K), 0.0013901 secs]
46.985: [GC
Desired survivor size 557056 bytes, new threshold 2 (max 15)
- age   1:     253592 bytes,     253592 total
- age   2:     402448 bytes,     656040 total
 22542K->16143K(24716K), 0.0013801 secs]
46.991: [GC
Desired survivor size 557056 bytes, new threshold 15 (max 15)
- age   1:     391960 bytes,     391960 total
 22645K->16223K(24716K), 0.0013756 secs]
46.997: [GC
Desired survivor size 557056 bytes, new threshold 2 (max 15)
- age   1:     367448 bytes,     367448 total
- age   2:     234328 bytes,     601776 total
 22726K->16428K(24716K), 0.0010929 secs]
47.003: [GC
Desired survivor size 557056 bytes, new threshold 15 (max 15)
- age   1:     266080 bytes,     266080 total
- age   2:     183816 bytes,     449896 total
 22939K->16509K(24716K), 0.0012194 secs]
47.008: [GC
Desired survivor size 557056 bytes, new threshold 15 (max 15)
- age   1:     210232 bytes,     210232 total
- age   2:      45808 bytes,     256040 total
- age   3:     183816 bytes,     439856 total
 22998K->16499K(24716K), 0.0011840 secs]
47.014: [GC
Desired survivor size 557056 bytes, new threshold 4 (max 15)
- age   1:     255600 bytes,     255600 total
- age   2:      87440 bytes,     343040 total
- age   3:      45808 bytes,     388848 total
- age   4:     183816 bytes,     572664 total
 22989K->16629K(24716K), 0.0014004 secs]
47.019: [GC
Desired survivor size 557056 bytes, new threshold 15 (max 15)
- age   1:     203496 bytes,     203496 total
- age   2:     211856 bytes,     415352 total
- age   3:      87440 bytes,     502792 total
- age   4:      45808 bytes,     548600 total
 23125K->16793K(24716K), 0.0012172 secs]
47.026: [GC
Desired survivor size 557056 bytes, new threshold 3 (max 15)
- age   1:     335200 bytes,     335200 total
- age   2:     124664 bytes,     459864 total
- age   3:     211856 bytes,     671720 total
- age   4:      87440 bytes,     759160 total
- age   5:      45808 bytes,     804968 total
 23264K->17042K(24716K), 0.0011316 secs]
47.036: [GC
Desired survivor size 557056 bytes, new threshold 1 (max 15)
- age   1:     845008 bytes,     845008 total
- age   2:      80824 bytes,     925832 total
- age   3:     124664 bytes,    1050496 total
 23535K->18031K(24716K), 0.0017937 secs]
47.043: [GC
Desired survivor size 557056 bytes, new threshold 15 (max 15)
- age   1:     382584 bytes,     382584 total
 24530K->18096K(25484K), 0.0028404 secs]
47.047: [Full GC 18096K->8252K(25484K), 0.0718925 secs]
47.124: [GC
Desired survivor size 557056 bytes, new threshold 15 (max 15)
- age   1:     275376 bytes,     275376 total
 14748K->8524K(24716K), 0.0007920 secs]
47.130: [GC
Desired survivor size 557056 bytes, new threshold 15 (max 15)
- age   1:      58568 bytes,      58568 total
- age   2:     225984 bytes,     284552 total
 15052K->8531K(24716K), 0.0008152 secs]
47.135: [GC
Desired survivor size 557056 bytes, new threshold 15 (max 15)
- age   1:     193952 bytes,     193952 total
- age   2:       4232 bytes,     198184 total
- age   3:     225984 bytes,     424168 total
 14986K->8670K(24716K), 0.0008179 secs]
47.141: [GC
Desired survivor size 557056 bytes, new threshold 4 (max 15)
- age   1:     185448 bytes,     185448 total
- age   2:     146224 bytes,     331672 total
- age   3:       4232 bytes,     335904 total
- age   4:     225312 bytes,     561216 total
 15198K->8803K(24716K), 0.0009912 secs]
47.147: [GC
Desired survivor size 557056 bytes, new threshold 2 (max 15)
- age   1:     457632 bytes,     457632 total
- age   2:     118272 bytes,     575904 total
- age   3:     146224 bytes,     722128 total
- age   4:       4232 bytes,     726360 total
 15330K->9192K(24716K), 0.0012898 secs]
47.153: [GC
Desired survivor size 557056 bytes, new threshold 15 (max 15)
- age   1:     293152 bytes,     293152 total
- age   2:     135600 bytes,     428752 total
 15705K->9177K(24716K), 0.0014852 secs]
47.160: [GC
Desired survivor size 557056 bytes, new threshold 2 (max 15)
- age   1:     484536 bytes,     484536 total
- age   2:     211968 bytes,     696504 total
- age   3:     135600 bytes,     832104 total
 15684K->9568K(24716K), 0.0010922 secs]
47.166: [GC
Desired survivor size 557056 bytes, new threshold 15 (max 15)
- age   1:     126768 bytes,     126768 total
- age   2:     251200 bytes,     377968 total
 16075K->9464K(24716K), 0.0010577 secs]
47.171: [GC
Desired survivor size 557056 bytes, new threshold 1 (max 15)
- age   1:     582880 bytes,     582880 total
- age   2:      65344 bytes,     648224 total
- age   3:      86504 bytes,     734728 total
 15944K->9813K(24716K), 0.0010782 secs]
47.176: [GC
Desired survivor size 557056 bytes, new threshold 15 (max 15)
- age   1:     445152 bytes,     445152 total
 16329K->9876K(24716K), 0.0011965 secs]
47.182: [GC
Desired survivor size 557056 bytes, new threshold 2 (max 15)
- age   1:     428240 bytes,     428240 total
- age   2:     379256 bytes,     807496 total
 16390K->10230K(24716K), 0.0009729 secs]
47.187: [GC
Desired survivor size 557056 bytes, new threshold 15 (max 15)
- age   1:     238952 bytes,     238952 total
- age   2:     194400 bytes,     433352 total
 16741K->10233K(24716K), 0.0012694 secs]
47.193: [GC
Desired survivor size 557056 bytes, new threshold 3 (max 15)
- age   1:     252840 bytes,     252840 total
- age   2:     204912 bytes,     457752 total
- age   3:     194400 bytes,     652152 total
 16740K->10448K(24716K), 0.0013577 secs]
47.199: [GC
Desired survivor size 557056 bytes, new threshold 2 (max 15)
- age   1:     516280 bytes,     516280 total
- age   2:     129304 bytes,     645584 total
- age   3:      68200 bytes,     713784 total
 16885K->10698K(24716K), 0.0016092 secs]
47.205: [GC
Desired survivor size 557056 bytes, new threshold 15 (max 15)
- age   1:     107432 bytes,     107432 total
- age   2:     447672 bytes,     555104 total
 17204K->10734K(24716K), 0.0011707 secs]
47.211: [GC
Desired survivor size 557056 bytes, new threshold 3 (max 15)
- age   1:     313608 bytes,     313608 total
- age   2:      37368 bytes,     350976 total
- age   3:     309256 bytes,     660232 total
 17221K->10839K(24716K), 0.0012850 secs]
47.217: [GC
Desired survivor size 557056 bytes, new threshold 15 (max 15)
- age   1:     220904 bytes,     220904 total
- age   2:     264104 bytes,     485008 total
- age   3:      37368 bytes,     522376 total
 17320K->10951K(24716K), 0.0013064 secs]
47.223: [GC
Desired survivor size 557056 bytes, new threshold 15 (max 15)
- age   1:     168320 bytes,     168320 total
- age   3:     264104 bytes,     432424 total
- age   4:      37368 bytes,     469792 total
 17426K->10900K(24716K), 0.0009632 secs]
47.229: [GC
Desired survivor size 557056 bytes, new threshold 1 (max 15)
- age   1:     773616 bytes,     773616 total
- age   2:         56 bytes,     773672 total
- age   4:     264104 bytes,    1037776 total
- age   5:      37368 bytes,    1075144 total
 17396K->11491K(24716K), 0.0013513 secs]
47.235: [GC
Desired survivor size 557056 bytes, new threshold 15 (max 15)
- age   1:     319184 bytes,     319184 total
 17992K->11751K(24716K), 0.0017262 secs]
47.242: [GC
Desired survivor size 557056 bytes, new threshold 2 (max 15)
- age   1:     383488 bytes,     383488 total
- age   2:     254648 bytes,     638136 total
 18272K->12059K(24716K), 0.0010635 secs]
47.248: [GC
Desired survivor size 557056 bytes, new threshold 15 (max 15)
- age   1:     268992 bytes,     268992 total
- age   2:     233024 bytes,     502016 total
 18587K->12175K(24716K), 0.0017518 secs]
47.255: [GC
Desired survivor size 557056 bytes, new threshold 3 (max 15)
- age   1:     326032 bytes,     326032 total
- age   2:     211688 bytes,     537720 total
- age   3:     233024 bytes,     770744 total
 18663K->12440K(24716K), 0.0010688 secs]
47.260: [GC
Desired survivor size 557056 bytes, new threshold 15 (max 15)
- age   1:     125112 bytes,     125112 total
- age   2:     220440 bytes,     345552 total
- age   3:       6632 bytes,     352184 total
 18959K->12257K(24716K), 0.0010433 secs]
47.266: [GC
Desired survivor size 557056 bytes, new threshold 1 (max 15)
- age   1:     798744 bytes,     798744 total
- age   2:      69904 bytes,     868648 total
- age   3:     220440 bytes,    1089088 total
- age   4:       6632 bytes,    1095720 total
 18766K->13113K(24716K), 0.0014714 secs]
47.273: [GC
Desired survivor size 557056 bytes, new threshold 15 (max 15)
- age   1:     191960 bytes,     191960 total
 19603K->12996K(24716K), 0.0014404 secs]
47.279: [GC
Desired survivor size 557056 bytes, new threshold 15 (max 15)
- age   1:     233104 bytes,     233104 total
- age   2:     139632 bytes,     372736 total
 19500K->13170K(24716K), 0.0008646 secs]
47.285: [GC
Desired survivor size 557056 bytes, new threshold 3 (max 15)
- age   1:     274912 bytes,     274912 total
- age   2:     172856 bytes,     447768 total
- age   3:     139632 bytes,     587400 total
 19698K->13380K(24716K), 0.0013575 secs]
47.290: [GC
Desired survivor size 557056 bytes, new threshold 3 (max 15)
- age   1:     304824 bytes,     304824 total
- age   2:     200728 bytes,     505552 total
- age   3:      66248 bytes,     571800 total
 19908K->13508K(24716K), 0.0010846 secs]
47.296: [GC
Desired survivor size 557056 bytes, new threshold 3 (max 15)
- age   1:     388664 bytes,     388664 total
- age   2:      69584 bytes,     458248 total
- age   3:     200728 bytes,     658976 total
 19982K->13665K(24716K), 0.0022525 secs]
47.302: [GC
Desired survivor size 557056 bytes, new threshold 15 (max 15)
- age   1:     122184 bytes,     122184 total
- age   2:     191816 bytes,     314000 total
- age   3:      69584 bytes,     383584 total
 20137K->13587K(24716K), 0.0012851 secs]
47.307: [GC
Desired survivor size 557056 bytes, new threshold 15 (max 15)
- age   1:     251144 bytes,     251144 total
- age   2:      43208 bytes,     294352 total
- age   3:      81608 bytes,     375960 total
- age   4:      69584 bytes,     445544 total
 20027K->13648K(24716K), 0.0008681 secs]
47.312: [GC
Desired survivor size 557056 bytes, new threshold 15 (max 15)
- age   1:     140000 bytes,     140000 total
- age   3:      43208 bytes,     183208 total
- age   4:      81608 bytes,     264816 total
- age   5:      69584 bytes,     334400 total
 20119K->13539K(24716K), 0.0010225 secs]
47.317: [GC
Desired survivor size 557056 bytes, new threshold 15 (max 15)
- age   1:     269808 bytes,     269808 total
- age   2:      81712 bytes,     351520 total
- age   4:      43208 bytes,     394728 total
- age   5:      81608 bytes,     476336 total
- age   6:      69584 bytes,     545920 total
 20034K->13746K(24716K), 0.0014190 secs]
47.323: [GC
Desired survivor size 557056 bytes, new threshold 1 (max 15)
- age   1:     635856 bytes,     635856 total
- age   2:     198192 bytes,     834048 total
- age   3:      81712 bytes,     915760 total
- age   5:      43208 bytes,     958968 total
- age   6:      81608 bytes,    1040576 total
- age   7:      69584 bytes,    1110160 total
 20273K->14354K(24716K), 0.0014998 secs]
47.330: [GC
Desired survivor size 557056 bytes, new threshold 15 (max 15)
- age   1:     285720 bytes,     285720 total
 20864K->14370K(24716K), 0.0016589 secs]
47.336: [GC
Desired survivor size 557056 bytes, new threshold 15 (max 15)
- age   1:     114912 bytes,     114912 total
- age   2:     233304 bytes,     348216 total
 20878K->14431K(24716K), 0.0008605 secs]
47.341: [GC
Desired survivor size 557056 bytes, new threshold 15 (max 15)
- age   1:     175952 bytes,     175952 total
- age   3:     233304 bytes,     409256 total
 20952K->14491K(24716K), 0.0008724 secs]
47.347: [GC
Desired survivor size 557056 bytes, new threshold 1 (max 15)
- age   1:     739088 bytes,     739088 total
- age   2:     111808 bytes,     850896 total
- age   4:     233304 bytes,    1084200 total
 20956K->15219K(24716K), 0.0021324 secs]
47.354: [GC
Desired survivor size 557056 bytes, new threshold 1 (max 15)
- age   1:     775544 bytes,     775544 total
 21730K->15746K(24716K), 0.0020936 secs]
47.360: [GC
Desired survivor size 557056 bytes, new threshold 1 (max 15)
- age   1:     826792 bytes,     826792 total
 22271K->16477K(24716K), 0.0019150 secs]
47.366: [GC
Desired survivor size 557056 bytes, new threshold 15 (max 15)
- age   1:     501664 bytes,     501664 total
 22962K->16910K(24716K), 0.0018863 secs]
47.373: [GC
Desired survivor size 557056 bytes, new threshold 2 (max 15)
- age   1:     312888 bytes,     312888 total
- age   2:     443816 bytes,     756704 total
 23433K->17161K(24716K), 0.0010844 secs]
47.379: [GC
Desired survivor size 557056 bytes, new threshold 2 (max 15)
- age   1:     439464 bytes,     439464 total
- age   2:     253264 bytes,     692728 total
 23667K->17467K(24716K), 0.0012923 secs]
47.386: [GC
Desired survivor size 557056 bytes, new threshold 1 (max 15)
- age   1:     577568 bytes,     577568 total
- age   2:     316672 bytes,     894240 total
 23888K->17911K(24716K), 0.0013739 secs]
47.391: [GC
Desired survivor size 557056 bytes, new threshold 15 (max 15)
- age   1:     233680 bytes,     233680 total
 24405K->17915K(25484K), 0.0014652 secs]
47.393: [Full GC 17915K->8914K(25484K), 0.0718178 secs]
47.471: [GC
Desired survivor size 557056 bytes, new threshold 15 (max 15)
- age   1:     529440 bytes,     529440 total
 15442K->9435K(24716K), 0.0011430 secs]
47.476: [GC
Desired survivor size 557056 bytes, new threshold 2 (max 15)
- age   1:     360424 bytes,     360424 total
- age   2:     485696 bytes,     846120 total
 15958K->9744K(24716K), 0.0013008 secs]
47.481: [GC
Desired survivor size 557056 bytes, new threshold 2 (max 15)
- age   1:     457824 bytes,     457824 total
- age   2:     300240 bytes,     758064 total
 16241K->10009K(24716K), 0.0014379 secs]
47.487: [GC
Desired survivor size 557056 bytes, new threshold 2 (max 15)
- age   1:     213200 bytes,     213200 total
- age   2:     389432 bytes,     602632 total
 16500K->10159K(24716K), 0.0013249 secs]
47.492: [GC
Desired survivor size 557056 bytes, new threshold 15 (max 15)
- age   1:     353032 bytes,     353032 total
- age   2:     143288 bytes,     496320 total
 16624K->10375K(24716K), 0.0013126 secs]
47.498: [GC
Desired survivor size 557056 bytes, new threshold 1 (max 15)
- age   1:     878040 bytes,     878040 total
- age   2:      86456 bytes,     964496 total
- age   3:     143288 bytes,    1107784 total
 16893K->11187K(24716K), 0.0021418 secs]
47.506: [GC
Desired survivor size 557056 bytes, new threshold 15 (max 15)
- age   1:     216712 bytes,     216712 total
 17695K->10982K(24716K), 0.0013452 secs]
47.511: [GC
Desired survivor size 557056 bytes, new threshold 2 (max 15)
- age   1:     427472 bytes,     427472 total
- age   2:     136704 bytes,     564176 total
 17494K->11323K(24716K), 0.0010978 secs]
47.516: [GC
Desired survivor size 557056 bytes, new threshold 2 (max 15)
- age   1:     476632 bytes,     476632 total
- age   2:     162344 bytes,     638976 total
 17838K->11530K(24716K), 0.0015048 secs]
47.523: [GC
Desired survivor size 557056 bytes, new threshold 15 (max 15)
- age   1:     143592 bytes,     143592 total
 18053K->11201K(24716K), 0.0031368 secs]
47.532: [GC
Desired survivor size 557056 bytes, new threshold 15 (max 15)
- age   1:      49992 bytes,      49992 total
- age   2:     130760 bytes,     180752 total
 17729K->11240K(24716K), 0.0011348 secs]
47.537: [GC
Desired survivor size 557056 bytes, new threshold 15 (max 15)
- age   1:     258288 bytes,     258288 total
- age   2:       4368 bytes,     262656 total
- age   3:     130760 bytes,     393416 total
 17763K->11448K(24716K), 0.0008673 secs]
47.542: [GC
Desired survivor size 557056 bytes, new threshold 4 (max 15)
- age   1:     283536 bytes,     283536 total
- age   2:     189320 bytes,     472856 total
- age   3:       3600 bytes,     476456 total
- age   4:     130760 bytes,     607216 total
 17974K->11656K(24716K), 0.0010510 secs]
47.548: [GC
Desired survivor size 557056 bytes, new threshold 3 (max 15)
- age   1:     268720 bytes,     268720 total
- age   2:     208808 bytes,     477528 total
- age   3:     189320 bytes,     666848 total
- age   4:       3488 bytes,     670336 total
 18112K->11845K(24716K), 0.0014757 secs]
47.553: [GC
Desired survivor size 557056 bytes, new threshold 15 (max 15)
- age   1:     335544 bytes,     335544 total
- age   2:       3864 bytes,     339408 total
- age   3:     208808 bytes,     548216 total
 18365K->11921K(24716K), 0.0016248 secs]
47.558: [GC
Desired survivor size 557056 bytes, new threshold 4 (max 15)
- age   1:     228440 bytes,     228440 total
- age   2:     257560 bytes,     486000 total
- age   3:       3864 bytes,     489864 total
- age   4:     208808 bytes,     698672 total
 18384K->12064K(24716K), 0.0011963 secs]
47.564: [GC
Desired survivor size 557056 bytes, new threshold 2 (max 15)
- age   1:     411408 bytes,     411408 total
- age   2:     176352 bytes,     587760 total
- age   3:     257560 bytes,     845320 total
- age   4:       3864 bytes,     849184 total
 18574K->12422K(24716K), 0.0016558 secs]
47.570: [GC
Desired survivor size 557056 bytes, new threshold 2 (max 15)
- age   1:     434288 bytes,     434288 total
- age   2:     246608 bytes,     680896 total
 18921K->12679K(24716K), 0.0014557 secs]
47.576: [GC
Desired survivor size 557056 bytes, new threshold 2 (max 15)
- age   1:     365688 bytes,     365688 total
- age   2:     418584 bytes,     784272 total
 19200K->13021K(24716K), 0.0013423 secs]
47.581: [GC
Desired survivor size 557056 bytes, new threshold 2 (max 15)
- age   1:     293672 bytes,     293672 total
- age   2:     343488 bytes,     637160 total
 19544K->13286K(24716K), 0.0015592 secs]
47.587: [GC
Desired survivor size 557056 bytes, new threshold 1 (max 15)
- age   1:     731344 bytes,     731344 total
- age   2:     293672 bytes,    1025016 total
 19796K->13845K(24716K), 0.0016536 secs]
47.593: [GC
Desired survivor size 557056 bytes, new threshold 15 (max 15)
- age   1:     418120 bytes,     418120 total
 20314K->14019K(24716K), 0.0016678 secs]
47.598: [GC
Desired survivor size 557056 bytes, new threshold 15 (max 15)
- age   1:     285608 bytes,     285608 total
- age   2:     114528 bytes,     400136 total
 20528K->13999K(24716K), 0.0017007 secs]
47.604: [GC
Desired survivor size 557056 bytes, new threshold 15 (max 15)
- age   1:     210616 bytes,     210616 total
- age   3:     114528 bytes,     325144 total
 20467K->13928K(24716K), 0.0008216 secs]
47.609: [GC
Desired survivor size 557056 bytes, new threshold 4 (max 15)
- age   1:     386040 bytes,     386040 total
- age   2:      84024 bytes,     470064 total
- age   4:     114528 bytes,     584592 total
 20450K->14181K(24716K), 0.0013602 secs]
47.614: [GC
Desired survivor size 557056 bytes, new threshold 3 (max 15)
- age   1:     231784 bytes,     231784 total
- age   2:     320736 bytes,     552520 total
- age   3:      84024 bytes,     636544 total
 20677K->14344K(24716K), 0.0013474 secs]
47.620: [GC
Desired survivor size 557056 bytes, new threshold 3 (max 15)
- age   1:     393504 bytes,     393504 total
- age   2:      12008 bytes,     405512 total
- age   3:     320736 bytes,     726248 total
 20848K->14511K(24716K), 0.0015370 secs]
47.627: [GC
Desired survivor size 557056 bytes, new threshold 1 (max 15)
- age   1:     569680 bytes,     569680 total
- age   2:     178712 bytes,     748392 total
- age   3:      12008 bytes,     760400 total
 21011K->14866K(24716K), 0.0014670 secs]
47.632: [GC
Desired survivor size 557056 bytes, new threshold 15 (max 15)
- age   1:     351152 bytes,     351152 total
 21338K->14875K(24716K), 0.0011194 secs]
47.637: [GC
Desired survivor size 557056 bytes, new threshold 15 (max 15)
- age   1:     213128 bytes,     213128 total
 21380K->14740K(24716K), 0.0007089 secs]
47.642: [GC
Desired survivor size 557056 bytes, new threshold 15 (max 15)
- age   1:     393024 bytes,     393024 total
- age   2:     140104 bytes,     533128 total
 21202K->15055K(24716K), 0.0010319 secs]
47.648: [GC
Desired survivor size 557056 bytes, new threshold 2 (max 15)
- age   1:     469088 bytes,     469088 total
- age   2:     317096 bytes,     786184 total
- age   3:     140104 bytes,     926288 total
 21491K->15439K(24716K), 0.0010387 secs]
47.653: [GC
Desired survivor size 557056 bytes, new threshold 15 (max 15)
- age   1:     310752 bytes,     310752 total
- age   2:      95152 bytes,     405904 total
 21942K->15377K(24716K), 0.0012975 secs]
47.660: [GC
Desired survivor size 557056 bytes, new threshold 15 (max 15)
- age   1:     326448 bytes,     326448 total
- age   3:      95152 bytes,     421600 total
 21882K->15392K(24716K), 0.0009901 secs]
47.665: [GC
Desired survivor size 557056 bytes, new threshold 15 (max 15)
- age   1:     108168 bytes,     108168 total
- age   2:      80824 bytes,     188992 total
- age   4:      95152 bytes,     284144 total
 21878K->15258K(24716K), 0.0008240 secs]
47.670: [GC
Desired survivor size 557056 bytes, new threshold 3 (max 15)
- age   1:     465608 bytes,     465608 total
- age   2:      35136 bytes,     500744 total
- age   3:      80824 bytes,     581568 total
- age   5:      95152 bytes,     676720 total
 21768K->15641K(24716K), 0.0010499 secs]
47.674: [GC
Desired survivor size 557056 bytes, new threshold 2 (max 15)
- age   1:     347888 bytes,     347888 total
- age   2:     362792 bytes,     710680 total
- age   3:      35136 bytes,     745816 total
 22155K->15889K(24716K), 0.0013149 secs]
47.681: [GC
Desired survivor size 557056 bytes, new threshold 15 (max 15)
- age   1:     337704 bytes,     337704 total
- age   2:     138552 bytes,     476256 total
 22391K->15872K(24716K), 0.0011388 secs]
47.686: [GC
Desired survivor size 557056 bytes, new threshold 15 (max 15)
- age   1:     155264 bytes,     155264 total
- age   2:      37032 bytes,     192296 total
- age   3:     138552 bytes,     330848 total
 22397K->15728K(24716K), 0.0008444 secs]
47.692: [GC
Desired survivor size 557056 bytes, new threshold 1 (max 15)
- age   1:     741624 bytes,     741624 total
- age   2:      78072 bytes,     819696 total
- age   3:      37032 bytes,     856728 total
- age   4:     138552 bytes,     995280 total
 22224K->16378K(24716K), 0.0014375 secs]
47.698: [GC
Desired survivor size 557056 bytes, new threshold 15 (max 15)
- age   1:     423288 bytes,     423288 total
 22891K->16543K(24716K), 0.0019682 secs]
47.704: [GC
Desired survivor size 557056 bytes, new threshold 1 (max 15)
- age   1:     572896 bytes,     572896 total
 23036K->16691K(24716K), 0.0009052 secs]
47.709: [GC
Desired survivor size 557056 bytes, new threshold 1 (max 15)
- age   1:     570488 bytes,     570488 total
 23194K->17082K(24716K), 0.0014166 secs]
47.718: [GC
Desired survivor size 557056 bytes, new threshold 15 (max 15)
- age   1:     279512 bytes,     279512 total
 23560K->17033K(24716K), 0.0010070 secs]
47.725: [GC
Desired survivor size 557056 bytes, new threshold 15 (max 15)
- age   1:     306200 bytes,     306200 total
- age   2:     212928 bytes,     519128 total
 23561K->17266K(24716K), 0.0009567 secs]
47.731: [GC
Desired survivor size 557056 bytes, new threshold 3 (max 15)
- age   1:     367136 bytes,     367136 total
- age   2:      76064 bytes,     443200 total
- age   3:     131216 bytes,     574416 total
 23731K->17320K(24716K), 0.0010607 secs]
47.735: [GC
Desired survivor size 557056 bytes, new threshold 15 (max 15)
- age   1:     113944 bytes,     113944 total
- age   2:     231472 bytes,     345416 total
- age   3:      49040 bytes,     394456 total
 23832K->17271K(24716K), 0.0010731 secs]
47.741: [GC
Desired survivor size 557056 bytes, new threshold 3 (max 15)
- age   1:     452656 bytes,     452656 total
- age   3:     231472 bytes,     684128 total
- age   4:      49040 bytes,     733168 total
 23798K->17601K(24716K), 0.0011226 secs]
47.747: [GC
Desired survivor size 557056 bytes, new threshold 15 (max 15)
- age   1:     158120 bytes,     158120 total
- age   2:     252752 bytes,     410872 total
 24126K->17574K(24908K), 0.0021485 secs]
47.749: [Full GC 17574K->8671K(24908K), 0.0707425 secs]
47.826: [GC
Desired survivor size 557056 bytes, new threshold 1 (max 15)
- age   1:     649240 bytes,     649240 total
 15120K->9307K(24716K), 0.0012581 secs]
47.836: [GC
Desired survivor size 557056 bytes, new threshold 1 (max 15)
- age   1:     685704 bytes,     685704 total
 15694K->9797K(24716K), 0.0019877 secs]
47.844: [GC
Desired survivor size 557056 bytes, new threshold 1 (max 15)
- age   1:     931520 bytes,     931520 total
 16244K->10618K(24716K), 0.0020733 secs]
47.852: [GC
Desired survivor size 557056 bytes, new threshold 15 (max 15)
- age   1:     154184 bytes,     154184 total
 17120K->10694K(24716K), 0.0017370 secs]
47.860: [GC
Desired survivor size 557056 bytes, new threshold 15 (max 15)
- age   1:     199568 bytes,     199568 total
- age   2:      84120 bytes,     283688 total
 17213K->10821K(24716K), 0.0008680 secs]
47.867: [GC
Desired survivor size 557056 bytes, new threshold 1 (max 15)
- age   1:     658216 bytes,     658216 total
- age   2:     126936 bytes,     785152 total
- age   3:      84120 bytes,     869272 total
 17346K->11395K(24716K), 0.0030435 secs]
47.882: [GC
Desired survivor size 557056 bytes, new threshold 15 (max 15)
- age   1:      97248 bytes,      97248 total
 17921K->11320K(24716K), 0.0018933 secs]
47.888: [GC
Desired survivor size 557056 bytes, new threshold 2 (max 15)
- age   1:     496968 bytes,     496968 total
- age   2:      89104 bytes,     586072 total
 17835K->11800K(24716K), 0.0015249 secs]
47.902: [GC
Desired survivor size 557056 bytes, new threshold 15 (max 15)
- age   1:     339408 bytes,     339408 total
- age   2:     170936 bytes,     510344 total
 18300K->11817K(24716K), 0.0018486 secs]
47.911: [GC
Desired survivor size 557056 bytes, new threshold 2 (max 15)
- age   1:     484976 bytes,     484976 total
- age   2:     261432 bytes,     746408 total
- age   3:     170936 bytes,     917344 total
 18321K->12216K(24716K), 0.0015711 secs]
47.917: [GC
Desired survivor size 557056 bytes, new threshold 2 (max 15)
- age   1:     424992 bytes,     424992 total
- age   2:     328472 bytes,     753464 total
 18695K->12480K(24716K), 0.0018070 secs]
47.924: [GC
Desired survivor size 557056 bytes, new threshold 1 (max 15)
- age   1:     804472 bytes,     804472 total
- age   2:     172880 bytes,     977352 total
 18977K->13184K(24716K), 0.0017753 secs]
47.931: [GC
Desired survivor size 557056 bytes, new threshold 15 (max 15)
- age   1:     172064 bytes,     172064 total
 19683K->13193K(24716K), 0.0014443 secs]
47.939: [GC
Desired survivor size 557056 bytes, new threshold 1 (max 15)
- age   1:     671880 bytes,     671880 total
- age   2:       4672 bytes,     676552 total
 19720K->13684K(24716K), 0.0009432 secs]
47.944: [GC
Desired survivor size 557056 bytes, new threshold 15 (max 15)
- age   1:     281432 bytes,     281432 total
 20151K->13888K(24716K), 0.0012826 secs]
47.951: [GC
Desired survivor size 557056 bytes, new threshold 1 (max 15)
- age   1:     733144 bytes,     733144 total
- age   2:     211552 bytes,     944696 total
 20272K->14536K(24716K), 0.0016760 secs]
47.959: [GC
Desired survivor size 557056 bytes, new threshold 15 (max 15)
- age   1:     368912 bytes,     368912 total
 21050K->14821K(24716K), 0.0014751 secs]
47.965: [GC
Desired survivor size 557056 bytes, new threshold 15 (max 15)
- age   1:     121816 bytes,     121816 total
- age   2:     328336 bytes,     450152 total
 21289K->14901K(24716K), 0.0009951 secs]
47.970: [GC
Desired survivor size 557056 bytes, new threshold 3 (max 15)
- age   1:     406712 bytes,     406712 total
- age   3:     328336 bytes,     735048 total
 21415K->15178K(24716K), 0.0013914 secs]
47.976: [GC
Desired survivor size 557056 bytes, new threshold 2 (max 15)
- age   1:     458584 bytes,     458584 total
- age   2:     316112 bytes,     774696 total
 21706K->15532K(24716K), 0.0014751 secs]
47.982: [GC
Desired survivor size 557056 bytes, new threshold 2 (max 15)
- age   1:     325952 bytes,     325952 total
- age   2:     410216 bytes,     736168 total
 22030K->15803K(24716K), 0.0017158 secs]
47.988: [GC
Desired survivor size 557056 bytes, new threshold 15 (max 15)
- age   1:     209640 bytes,     209640 total
- age   2:     156888 bytes,     366528 total
 22287K->15848K(24716K), 0.0013049 secs]
47.993: [GC
Desired survivor size 557056 bytes, new threshold 15 (max 15)
- age   1:     260088 bytes,     260088 total
- age   2:     135960 bytes,     396048 total
- age   3:     156888 bytes,     552936 total
 22366K->16028K(24716K), 0.0013931 secs]
47.999: [GC
Desired survivor size 557056 bytes, new threshold 1 (max 15)
- age   1:     588424 bytes,     588424 total
- age   2:     195264 bytes,     783688 total
- age   3:     135960 bytes,     919648 total
- age   4:     156888 bytes,    1076536 total
 22531K->16596K(24716K), 0.0015411 secs]
48.004: [GC
Desired survivor size 557056 bytes, new threshold 15 (max 15)
- age   1:     299096 bytes,     299096 total
 23101K->16801K(24716K), 0.0020152 secs]
48.011: [GC
Desired survivor size 557056 bytes, new threshold 2 (max 15)
- age   1:     375624 bytes,     375624 total
- age   2:     215296 bytes,     590920 total
 23317K->17088K(24716K), 0.0010381 secs]
48.021: [GC
Desired survivor size 557056 bytes, new threshold 2 (max 15)
- age   1:     445240 bytes,     445240 total
- age   2:     330440 bytes,     775680 total
 23599K->17476K(24716K), 0.0014051 secs]
48.027: [GC
Desired survivor size 557056 bytes, new threshold 15 (max 15)
- age   1:     184496 bytes,     184496 total
- age   2:     314352 bytes,     498848 total
 23975K->17529K(24716K), 0.0012655 secs]
48.034: [GC
Desired survivor size 557056 bytes, new threshold 3 (max 15)
- age   1:     472304 bytes,     472304 total
- age   2:         40 bytes,     472344 total
- age   3:     313352 bytes,     785696 total
 24057K->17808K(24716K), 0.0012727 secs]
48.041: [GC
Desired survivor size 557056 bytes, new threshold 15 (max 15)
- age   1:      41584 bytes,      41584 total
- age   2:     470984 bytes,     512568 total
- age   3:         40 bytes,     512608 total
 24317K->17855K(25100K), 0.0012497 secs]
48.042: [Full GC 17855K->9084K(25100K), 0.0711778 secs]
48.118: [GC
Desired survivor size 557056 bytes, new threshold 15 (max 15)
- age   1:     124992 bytes,     124992 total
 15601K->9213K(24716K), 0.0006689 secs]
48.123: [GC
Desired survivor size 557056 bytes, new threshold 15 (max 15)
- age   1:     325272 bytes,     325272 total
- age   2:      39568 bytes,     364840 total
 15729K->9444K(24716K), 0.0008078 secs]
48.129: [GC
Desired survivor size 557056 bytes, new threshold 2 (max 15)
- age   1:     362248 bytes,     362248 total
- age   2:     238832 bytes,     601080 total
- age   3:      21696 bytes,     622776 total
 15958K->9695K(24716K), 0.0009940 secs]
48.139: [GC
Desired survivor size 557056 bytes, new threshold 15 (max 15)
- age   1:     172792 bytes,     172792 total
- age   2:     252488 bytes,     425280 total
 16171K->9655K(24716K), 0.0008969 secs]
48.145: [GC
Desired survivor size 557056 bytes, new threshold 3 (max 15)
- age   1:     458424 bytes,     458424 total
- age   2:      51296 bytes,     509720 total
- age   3:     252488 bytes,     762208 total
 16165K->9984K(24716K), 0.0010260 secs]
48.150: [GC
Desired survivor size 557056 bytes, new threshold 15 (max 15)
- age   1:      81440 bytes,      81440 total
- age   2:     406232 bytes,     487672 total
- age   3:       4008 bytes,     491680 total
 16511K->9966K(24716K), 0.0012006 secs]
48.156: [GC
Desired survivor size 557056 bytes, new threshold 15 (max 15)
- age   1:     314008 bytes,     314008 total
- age   2:      54336 bytes,     368344 total
- age   3:     164992 bytes,     533336 total
- age   4:       4008 bytes,     537344 total
 16489K->10009K(24716K), 0.0012128 secs]
48.162: [GC
Desired survivor size 557056 bytes, new threshold 15 (max 15)
- age   1:      39376 bytes,      39376 total
- age   2:     256704 bytes,     296080 total
- age   3:      54336 bytes,     350416 total
- age   4:     164912 bytes,     515328 total
- age   5:       3280 bytes,     518608 total
 16499K->9992K(24716K), 0.0009418 secs]
48.168: [GC
Desired survivor size 557056 bytes, new threshold 5 (max 15)
- age   1:     285408 bytes,     285408 total
- age   2:       5744 bytes,     291152 total
- age   3:      60480 bytes,     351632 total
- age   4:      54336 bytes,     405968 total
- age   5:     164912 bytes,     570880 total
- age   6:       3280 bytes,     574160 total
 16480K->10048K(24716K), 0.0008868 secs]
48.174: [GC
Desired survivor size 557056 bytes, new threshold 15 (max 15)
- age   1:     150136 bytes,     150136 total
- age   2:     247240 bytes,     397376 total
- age   3:       4120 bytes,     401496 total
- age   4:      60480 bytes,     461976 total
- age   5:      54336 bytes,     516312 total
 16572K->10161K(24716K), 0.0011346 secs]
48.179: [GC
Desired survivor size 557056 bytes, new threshold 3 (max 15)
- age   1:     301504 bytes,     301504 total
- age   2:     137800 bytes,     439304 total
- age   3:     163176 bytes,     602480 total
- age   4:       4120 bytes,     606600 total
- age   6:      54336 bytes,     660936 total
 16687K->10299K(24716K), 0.0013338 secs]
48.184: [GC
Desired survivor size 557056 bytes, new threshold 15 (max 15)
- age   1:     212720 bytes,     212720 total
- age   2:      32680 bytes,     245400 total
- age   3:     137800 bytes,     383200 total
 16809K->10249K(24716K), 0.0010400 secs]
48.189: [GC
Desired survivor size 557056 bytes, new threshold 15 (max 15)
- age   1:     252128 bytes,     252128 total
- age   2:      42968 bytes,     295096 total
- age   3:      32680 bytes,     327776 total
- age   4:     137800 bytes,     465576 total
 16772K->10329K(24716K), 0.0008974 secs]
48.196: [GC
Desired survivor size 557056 bytes, new threshold 15 (max 15)
- age   1:     236432 bytes,     236432 total
- age   2:      79568 bytes,     316000 total
- age   3:      42968 bytes,     358968 total
- age   4:      32680 bytes,     391648 total
- age   5:     137800 bytes,     529448 total
 16808K->10390K(24716K), 0.0024534 secs]
48.204: [GC
Desired survivor size 557056 bytes, new threshold 15 (max 15)
- age   1:      85656 bytes,      85656 total
- age   2:     155992 bytes,     241648 total
- age   3:      79568 bytes,     321216 total
- age   4:      42968 bytes,     364184 total
- age   5:      32680 bytes,     396864 total
- age   6:     137800 bytes,     534664 total
 16913K->10396K(24716K), 0.0012930 secs]
48.210: [GC
Desired survivor size 557056 bytes, new threshold 7 (max 15)
- age   1:     174704 bytes,     174704 total
- age   2:       2920 bytes,     177624 total
- age   3:     155992 bytes,     333616 total
- age   4:      79568 bytes,     413184 total
- age   5:      42968 bytes,     456152 total
- age   6:      32680 bytes,     488832 total
- age   7:     137800 bytes,     626632 total
 16898K->10488K(24716K), 0.0010883 secs]
48.215: [GC
Desired survivor size 557056 bytes, new threshold 15 (max 15)
- age   1:     101040 bytes,     101040 total
- age   2:       4440 bytes,     105480 total
- age   3:       2808 bytes,     108288 total
- age   4:     155992 bytes,     264280 total
- age   5:      79568 bytes,     343848 total
- age   6:      42968 bytes,     386816 total
- age   7:      32680 bytes,     419496 total
 16994K->10429K(24716K), 0.0009932 secs]
48.220: [GC
Desired survivor size 557056 bytes, new threshold 5 (max 15)
- age   1:     360000 bytes,     360000 total
- age   2:      88376 bytes,     448376 total
- age   3:       4440 bytes,     452816 total
- age   4:       2808 bytes,     455624 total
- age   5:     155992 bytes,     611616 total
- age   6:      79568 bytes,     691184 total
- age   7:      42968 bytes,     734152 total
- age   8:      32680 bytes,     766832 total
 16956K->10765K(24716K), 0.0011934 secs]
48.229: [GC
Desired survivor size 557056 bytes, new threshold 15 (max 15)
- age   1:     171040 bytes,     171040 total
- age   2:     191168 bytes,     362208 total
- age   3:      88376 bytes,     450584 total
- age   4:       4440 bytes,     455024 total
- age   5:       2808 bytes,     457832 total
 17243K->10768K(24716K), 0.0014654 secs]
48.235: [GC
Desired survivor size 557056 bytes, new threshold 4 (max 15)
- age   1:     308440 bytes,     308440 total
- age   2:       3080 bytes,     311520 total
- age   3:     191168 bytes,     502688 total
- age   4:      88376 bytes,     591064 total
- age   5:       4440 bytes,     595504 total
- age   6:       2808 bytes,     598312 total
 17240K->10904K(24716K), 0.0010587 secs]
48.241: [GC
Desired survivor size 557056 bytes, new threshold 1 (max 15)
- age   1:     718120 bytes,     718120 total
- age   2:     164136 bytes,     882256 total
- age   3:       3080 bytes,     885336 total
- age   4:     191128 bytes,    1076464 total
 17379K->11533K(24716K), 0.0013412 secs]
48.249: [GC
Desired survivor size 557056 bytes, new threshold 15 (max 15)
- age   1:     284744 bytes,     284744 total
 18049K->11717K(24716K), 0.0013655 secs]
48.257: [GC
Desired survivor size 557056 bytes, new threshold 2 (max 15)
- age   1:     472216 bytes,     472216 total
- age   2:     266712 bytes,     738928 total
 18211K->12161K(24716K), 0.0011331 secs]
48.263: [GC
Desired survivor size 557056 bytes, new threshold 2 (max 15)
- age   1:     229544 bytes,     229544 total
- age   2:     363728 bytes,     593272 total
 18683K->12029K(24716K), 0.0008810 secs]
48.268: [GC
Desired survivor size 557056 bytes, new threshold 15 (max 15)
- age   1:     336464 bytes,     336464 total
- age   2:     174808 bytes,     511272 total
 18544K->12133K(24716K), 0.0011147 secs]
48.274: [GC
Desired survivor size 557056 bytes, new threshold 15 (max 15)
- age   1:     283792 bytes,     283792 total
- age   2:      67440 bytes,     351232 total
- age   3:     174328 bytes,     525560 total
 18656K->12148K(24716K), 0.0009485 secs]
48.280: [GC
Desired survivor size 557056 bytes, new threshold 4 (max 15)
- age   1:     181840 bytes,     181840 total
- age   2:     197320 bytes,     379160 total
- age   3:      67440 bytes,     446600 total
- age   4:     174328 bytes,     620928 total
 18671K->12243K(24716K), 0.0016016 secs]
48.287: [GC
Desired survivor size 557056 bytes, new threshold 15 (max 15)
- age   1:      59736 bytes,      59736 total
- age   2:      70736 bytes,     130472 total
- age   3:     197320 bytes,     327792 total
- age   4:      67440 bytes,     395232 total
 18771K->12200K(24716K), 0.0011446 secs]
48.293: [GC
Desired survivor size 557056 bytes, new threshold 1 (max 15)
- age   1:     682384 bytes,     682384 total
- age   2:      26400 bytes,     708784 total
- age   3:      70736 bytes,     779520 total
- age   4:     197320 bytes,     976840 total
- age   5:      67440 bytes,    1044280 total
 18719K->12833K(24716K), 0.0012536 secs]
48.299: [GC
Desired survivor size 557056 bytes, new threshold 15 (max 15)
- age   1:     330872 bytes,     330872 total
 19350K->12916K(24716K), 0.0013427 secs]
48.306: [GC
Desired survivor size 557056 bytes, new threshold 15 (max 15)
- age   1:     314744 bytes,     314744 total
- age   2:     162880 bytes,     477624 total
 19431K->13058K(24716K), 0.0008149 secs]
48.311: [GC
Desired survivor size 557056 bytes, new threshold 1 (max 15)
- age   1:     710400 bytes,     710400 total
- age   2:     229928 bytes,     940328 total
- age   3:         40 bytes,     940368 total
 19561K->13510K(24716K), 0.0012251 secs]
48.316: [GC
Desired survivor size 557056 bytes, new threshold 15 (max 15)
- age   1:     311168 bytes,     311168 total
 19999K->13719K(24716K), 0.0014955 secs]
48.323: [GC
Desired survivor size 557056 bytes, new threshold 2 (max 15)
- age   1:     516552 bytes,     516552 total
- age   2:     252880 bytes,     769432 total
 20166K->14166K(24716K), 0.0012461 secs]
48.329: [GC
Desired survivor size 557056 bytes, new threshold 2 (max 15)
- age   1:     389040 bytes,     389040 total
- age   2:     372376 bytes,     761416 total
 20685K->14294K(24716K), 0.0012394 secs]
48.335: [GC
Desired survivor size 557056 bytes, new threshold 15 (max 15)
- age   1:     142728 bytes,     142728 total
- age   2:     333784 bytes,     476512 total
 20804K->14266K(24716K), 0.0012971 secs]
48.340: [GC
Desired survivor size 557056 bytes, new threshold 3 (max 15)
- age   1:     403960 bytes,     403960 total
- age   2:      85624 bytes,     489584 total
- age   3:     333784 bytes,     823368 total
 20739K->14605K(24716K), 0.0014770 secs]
48.347: [GC
Desired survivor size 557056 bytes, new threshold 15 (max 15)
- age   1:     124144 bytes,     124144 total
- age   2:     259128 bytes,     383272 total
- age   3:      24624 bytes,     407896 total
 21076K->14525K(24716K), 0.0010728 secs]
48.352: [GC
Desired survivor size 557056 bytes, new threshold 15 (max 15)
- age   1:     213816 bytes,     213816 total
- age   3:      86256 bytes,     300072 total
- age   4:      24624 bytes,     324696 total
 20997K->14444K(24716K), 0.0008786 secs]
48.360: [GC
Desired survivor size 557056 bytes, new threshold 15 (max 15)
- age   1:     237584 bytes,     237584 total
- age   2:      62024 bytes,     299608 total
- age   4:      86256 bytes,     385864 total
- age   5:      24624 bytes,     410488 total
 20914K->14527K(24716K), 0.0010940 secs]
48.367: [GC
Desired survivor size 557056 bytes, new threshold 15 (max 15)
- age   1:     270272 bytes,     270272 total
- age   2:     101176 bytes,     371448 total
- age   3:      62024 bytes,     433472 total
- age   5:      86256 bytes,     519728 total
- age   6:      24624 bytes,     544352 total
 21017K->14657K(24716K), 0.0009942 secs]
48.373: [GC
Desired survivor size 557056 bytes, new threshold 15 (max 15)
- age   1:      52840 bytes,      52840 total
- age   2:     226232 bytes,     279072 total
- age   3:     101176 bytes,     380248 total
- age   4:      62024 bytes,     442272 total
- age   6:      86256 bytes,     528528 total
- age   7:      24624 bytes,     553152 total
 21129K->14667K(24716K), 0.0010813 secs]
48.380: [GC
Desired survivor size 557056 bytes, new threshold 7 (max 15)
- age   1:     179008 bytes,     179008 total
- age   2:       3640 bytes,     182648 total
- age   3:     158040 bytes,     340688 total
- age   4:     101176 bytes,     441864 total
- age   5:      62024 bytes,     503888 total
- age   7:      86256 bytes,     590144 total
- age   8:      24624 bytes,     614768 total
 21190K->14726K(24716K), 0.0009809 secs]
48.386: [GC
Desired survivor size 557056 bytes, new threshold 5 (max 15)
- age   1:     327424 bytes,     327424 total
- age   2:       3080 bytes,     330504 total
- age   3:       3640 bytes,     334144 total
- age   4:     157928 bytes,     492072 total
- age   5:     101176 bytes,     593248 total
- age   6:      62024 bytes,     655272 total
 21222K->14876K(24716K), 0.0010188 secs]
48.391: [GC
Desired survivor size 557056 bytes, new threshold 15 (max 15)
- age   1:     129416 bytes,     129416 total
- age   2:       9040 bytes,     138456 total
- age   3:       3080 bytes,     141536 total
- age   4:       3640 bytes,     145176 total
- age   5:     157928 bytes,     303104 total
 21391K->14692K(24716K), 0.0010526 secs]
48.397: [GC
Desired survivor size 557056 bytes, new threshold 15 (max 15)
- age   1:     216784 bytes,     216784 total
- age   2:      56888 bytes,     273672 total
- age   3:       1824 bytes,     275496 total
- age   4:       3080 bytes,     278576 total
- age   5:       3640 bytes,     282216 total
- age   6:     157928 bytes,     440144 total
 21212K->14829K(24716K), 0.0009838 secs]
48.403: [GC
Desired survivor size 557056 bytes, new threshold 15 (max 15)
- age   1:      83984 bytes,      83984 total
- age   2:     142336 bytes,     226320 total
- age   3:      56888 bytes,     283208 total
- age   4:       1824 bytes,     285032 total
- age   5:       3080 bytes,     288112 total
- age   6:       3640 bytes,     291752 total
- age   7:     157928 bytes,     449680 total
 21357K->14837K(24716K), 0.0010243 secs]
48.410: [GC
Desired survivor size 557056 bytes, new threshold 7 (max 15)
- age   1:     393568 bytes,     393568 total
- age   2:       5904 bytes,     399472 total
- age   3:      94712 bytes,     494184 total
- age   4:      56888 bytes,     551072 total
- age   5:       1824 bytes,     552896 total
- age   6:       3080 bytes,     555976 total
- age   7:       3640 bytes,     559616 total
- age   8:     157928 bytes,     717544 total
 21358K->15106K(24716K), 0.0011358 secs]
48.415: [GC
Desired survivor size 557056 bytes, new threshold 15 (max 15)
- age   1:     111216 bytes,     111216 total
- age   2:     199728 bytes,     310944 total
- age   3:       3680 bytes,     314624 total
- age   4:      94712 bytes,     409336 total
- age   5:      56888 bytes,     466224 total
- age   6:       1824 bytes,     468048 total
- age   7:       3080 bytes,     471128 total
 21633K->15019K(24716K), 0.0011588 secs]
48.420: [GC
Desired survivor size 557056 bytes, new threshold 6 (max 15)
- age   1:     139424 bytes,     139424 total
- age   2:      87176 bytes,     226600 total
- age   3:     181704 bytes,     408304 total
- age   4:       3680 bytes,     411984 total
- age   5:      94712 bytes,     506696 total
- age   6:      56888 bytes,     563584 total
- age   7:       1824 bytes,     565408 total
- age   8:       3080 bytes,     568488 total
 21540K->15121K(24716K), 0.0010943 secs]
48.425: [GC
Desired survivor size 557056 bytes, new threshold 4 (max 15)
- age   1:     367088 bytes,     367088 total
- age   2:      97264 bytes,     464352 total
- age   3:      87176 bytes,     551528 total
- age   4:     181704 bytes,     733232 total
- age   5:       3680 bytes,     736912 total
- age   6:      94712 bytes,     831624 total
 21587K->15446K(24716K), 0.0014437 secs]
48.433: [GC
Desired survivor size 557056 bytes, new threshold 4 (max 15)
- age   1:     240096 bytes,     240096 total
- age   2:     208928 bytes,     449024 total
- age   3:      97264 bytes,     546288 total
- age   4:      87176 bytes,     633464 total
 21937K->15515K(24716K), 0.0018115 secs]
48.440: [GC
Desired survivor size 557056 bytes, new threshold 2 (max 15)
- age   1:     508864 bytes,     508864 total
- age   2:     124520 bytes,     633384 total
- age   3:     141432 bytes,     774816 total
- age   4:      82392 bytes,     857208 total
 22039K->15742K(24716K), 0.0020946 secs]
48.447: [GC
Desired survivor size 557056 bytes, new threshold 2 (max 15)
- age   1:     312240 bytes,     312240 total
- age   2:     307904 bytes,     620144 total
 22270K->15804K(24716K), 0.0017812 secs]
48.453: [GC
Desired survivor size 557056 bytes, new threshold 2 (max 15)
- age   1:     426136 bytes,     426136 total
- age   2:     148944 bytes,     575080 total
 22301K->15921K(24716K), 0.0012204 secs]
48.459: [GC
Desired survivor size 557056 bytes, new threshold 2 (max 15)
- age   1:     507224 bytes,     507224 total
- age   2:     153112 bytes,     660336 total
 22406K->16147K(24716K), 0.0011642 secs]
48.465: [GC
Desired survivor size 557056 bytes, new threshold 1 (max 15)
- age   1:     610064 bytes,     610064 total
- age   2:     228648 bytes,     838712 total
 22660K->16473K(24716K), 0.0013218 secs]
48.471: [GC
Desired survivor size 557056 bytes, new threshold 15 (max 15)
- age   1:     374552 bytes,     374552 total
 22982K->16766K(24716K), 0.0014116 secs]
48.476: [GC
Desired survivor size 557056 bytes, new threshold 2 (max 15)
- age   1:     372352 bytes,     372352 total
- age   2:     288944 bytes,     661296 total
 23272K->17046K(24716K), 0.0012043 secs]
48.482: [GC
Desired survivor size 557056 bytes, new threshold 15 (max 15)
- age   1:     139096 bytes,     139096 total
- age   2:     178056 bytes,     317152 total
 23574K->16957K(24716K), 0.0009152 secs]
48.487: [GC
Desired survivor size 557056 bytes, new threshold 3 (max 15)
- age   1:     401136 bytes,     401136 total
- age   2:      77656 bytes,     478792 total
- age   3:      94328 bytes,     573120 total
 23427K->17207K(24716K), 0.0010422 secs]
48.492: [GC
Desired survivor size 557056 bytes, new threshold 2 (max 15)
- age   1:     546256 bytes,     546256 total
- age   2:     115312 bytes,     661568 total
- age   3:      77656 bytes,     739224 total
 23725K->17469K(24716K), 0.0018594 secs]
48.500: [GC
Desired survivor size 557056 bytes, new threshold 2 (max 15)
- age   1:     425352 bytes,     425352 total
- age   2:     273512 bytes,     698864 total
 23866K->17626K(24716K), 0.0019713 secs]
48.507: [GC
Desired survivor size 557056 bytes, new threshold 15 (max 15)
- age   1:      40104 bytes,      40104 total
- age   2:     339064 bytes,     379168 total
 24143K->17544K(24908K), 0.0011607 secs]
48.508: [Full GC 17544K->7869K(24908K), 0.0716998 secs]
48.587: [GC
Desired survivor size 557056 bytes, new threshold 15 (max 15)
- age   1:     126064 bytes,     126064 total
 14357K->7995K(24716K), 0.0006428 secs]
48.592: [GC
Desired survivor size 557056 bytes, new threshold 15 (max 15)
- age   1:      88192 bytes,      88192 total
- age   2:      80864 bytes,     169056 total
 14522K->8037K(24716K), 0.0007738 secs]
48.597: [GC
Desired survivor size 557056 bytes, new threshold 15 (max 15)
- age   1:     217344 bytes,     217344 total
- age   2:      47520 bytes,     264864 total
- age   3:      80120 bytes,     344984 total
 14539K->8208K(24716K), 0.0015667 secs]
48.603: [GC
Desired survivor size 557056 bytes, new threshold 15 (max 15)
- age   1:      52104 bytes,      52104 total
- age   2:     174184 bytes,     226288 total
- age   3:      47520 bytes,     273808 total
- age   4:      80120 bytes,     353928 total
 14736K->8217K(24716K), 0.0008648 secs]
48.609: [GC
Desired survivor size 557056 bytes, new threshold 1 (max 15)
- age   1:     685624 bytes,     685624 total
- age   2:       4584 bytes,     690208 total
- age   3:     174184 bytes,     864392 total
- age   4:      47520 bytes,     911912 total
- age   5:      80120 bytes,     992032 total
 14741K->8840K(24716K), 0.0015390 secs]
48.615: [GC
Desired survivor size 557056 bytes, new threshold 15 (max 15)
- age   1:     375336 bytes,     375336 total
 15366K->9015K(24716K), 0.0014859 secs]
48.621: [GC
Desired survivor size 557056 bytes, new threshold 2 (max 15)
- age   1:     361512 bytes,     361512 total
- age   2:     224192 bytes,     585704 total
 15533K->9219K(24716K), 0.0009567 secs]
48.627: [GC
Desired survivor size 557056 bytes, new threshold 15 (max 15)
- age   1:     281816 bytes,     281816 total
- age   2:      59896 bytes,     341712 total
 15705K->9199K(24716K), 0.0009628 secs]
48.633: [GC
Desired survivor size 557056 bytes, new threshold 15 (max 15)
- age   1:     110464 bytes,     110464 total
- age   2:     119696 bytes,     230160 total
- age   3:         32 bytes,     230192 total
 15631K->9089K(24716K), 0.0006250 secs]
48.638: [GC
Desired survivor size 557056 bytes, new threshold 15 (max 15)
- age   1:     120152 bytes,     120152 total
- age   2:      53360 bytes,     173512 total
 15585K->9033K(24716K), 0.0006890 secs]
48.642: [GC
Desired survivor size 557056 bytes, new threshold 15 (max 15)
- age   1:     170656 bytes,     170656 total
- age   2:      59136 bytes,     229792 total
- age   3:      53360 bytes,     283152 total
 15492K->9142K(24716K), 0.0007896 secs]
48.647: [GC
Desired survivor size 557056 bytes, new threshold 15 (max 15)
- age   1:     256104 bytes,     256104 total
- age   2:     106136 bytes,     362240 total
- age   4:      53360 bytes,     415600 total
 15577K->9272K(24716K), 0.0008737 secs]
48.653: [GC
Desired survivor size 557056 bytes, new threshold 3 (max 15)
- age   1:     351816 bytes,     351816 total
- age   2:     196792 bytes,     548608 total
- age   3:      52064 bytes,     600672 total
- age   5:      53360 bytes,     654032 total
 15776K->9504K(24716K), 0.0016024 secs]
48.660: [GC
Desired survivor size 557056 bytes, new threshold 2 (max 15)
- age   1:     302688 bytes,     302688 total
- age   2:     296168 bytes,     598856 total
- age   3:     196792 bytes,     795648 total
 16023K->9744K(24716K), 0.0016509 secs]
48.666: [GC
Desired survivor size 557056 bytes, new threshold 15 (max 15)
- age   1:     176496 bytes,     176496 total
- age   2:     278208 bytes,     454704 total
 16268K->9784K(24716K), 0.0014497 secs]
48.672: [GC
Desired survivor size 557056 bytes, new threshold 15 (max 15)
- age   1:      88616 bytes,      88616 total
- age   2:     121856 bytes,     210472 total
- age   3:     110552 bytes,     321024 total
 16295K->9654K(24716K), 0.0008193 secs]
48.677: [GC
Desired survivor size 557056 bytes, new threshold 15 (max 15)
- age   1:     202840 bytes,     202840 total
- age   2:      30920 bytes,     233760 total
- age   3:     121816 bytes,     355576 total
- age   4:     109632 bytes,     465208 total
 16182K->9794K(24716K), 0.0009497 secs]
48.682: [GC
Desired survivor size 557056 bytes, new threshold 15 (max 15)
- age   1:     234536 bytes,     234536 total
- age   2:     163504 bytes,     398040 total
- age   4:         40 bytes,     398080 total
- age   5:     109632 bytes,     507712 total
 16320K->9839K(24716K), 0.0009508 secs]
48.687: [GC
Desired survivor size 557056 bytes, new threshold 15 (max 15)
- age   1:     163488 bytes,     163488 total
- age   2:     105544 bytes,     269032 total
- age   3:     162336 bytes,     431368 total
- age   5:         40 bytes,     431408 total
- age   6:     109632 bytes,     541040 total
 16360K->9868K(24716K), 0.0010360 secs]
48.692: [GC
Desired survivor size 557056 bytes, new threshold 15 (max 15)
- age   1:      76240 bytes,      76240 total
- age   2:     142176 bytes,     218416 total
- age   3:      40232 bytes,     258648 total
- age   4:     162336 bytes,     420984 total
- age   6:         40 bytes,     421024 total
- age   7:      84832 bytes,     505856 total
 16391K->9837K(24716K), 0.0010591 secs]
48.698: [GC
Desired survivor size 557056 bytes, new threshold 2 (max 15)
- age   1:     501368 bytes,     501368 total
- age   2:      61464 bytes,     562832 total
- age   3:     142176 bytes,     705008 total
- age   4:      40232 bytes,     745240 total
- age   5:     162336 bytes,     907576 total
- age   7:         40 bytes,     907616 total
- age   8:      84832 bytes,     992448 total
 16356K->10314K(24716K), 0.0012927 secs]
48.704: [GC
Desired survivor size 557056 bytes, new threshold 15 (max 15)
- age   1:     135880 bytes,     135880 total
- age   2:     303480 bytes,     439360 total
 16820K->10261K(24716K), 0.0013780 secs]
48.709: [GC
Desired survivor size 557056 bytes, new threshold 3 (max 15)
- age   1:     336504 bytes,     336504 total
- age   2:      67488 bytes,     403992 total
- age   3:     303480 bytes,     707472 total
 16760K->10516K(24716K), 0.0012683 secs]
48.715: [GC
Desired survivor size 557056 bytes, new threshold 1 (max 15)
- age   1:     616928 bytes,     616928 total
- age   2:     266592 bytes,     883520 total
- age   3:      67488 bytes,     951008 total
 17033K->11050K(24716K), 0.0015789 secs]
48.720: [GC
Desired survivor size 557056 bytes, new threshold 15 (max 15)
- age   1:     321600 bytes,     321600 total
 17556K->11068K(24716K), 0.0014224 secs]
48.726: [GC
Desired survivor size 557056 bytes, new threshold 15 (max 15)
- age   1:     205752 bytes,     205752 total
- age   2:     111016 bytes,     316768 total
 17590K->11063K(24716K), 0.0008236 secs]
48.732: [GC
Desired survivor size 557056 bytes, new threshold 15 (max 15)
- age   1:      55592 bytes,      55592 total
- age   2:     115144 bytes,     170736 total
- age   3:     111016 bytes,     281752 total
 17565K->11029K(24716K), 0.0007483 secs]
48.738: [GC
Desired survivor size 557056 bytes, new threshold 15 (max 15)
- age   1:     201464 bytes,     201464 total
- age   2:       3280 bytes,     204744 total
- age   3:     115144 bytes,     319888 total
- age   4:     111016 bytes,     430904 total
 17541K->11172K(24716K), 0.0012075 secs]
48.743: [GC
Desired survivor size 557056 bytes, new threshold 15 (max 15)
- age   1:      91872 bytes,      91872 total
- age   2:     127976 bytes,     219848 total
- age   3:       3280 bytes,     223128 total
- age   4:     115144 bytes,     338272 total
- age   5:     111016 bytes,     449288 total
 17693K->11193K(24716K), 0.0010785 secs]
48.749: [GC
Desired survivor size 557056 bytes, new threshold 15 (max 15)
- age   1:      83824 bytes,      83824 total
- age   2:      18832 bytes,     102656 total
- age   3:     128056 bytes,     230712 total
- age   4:       3280 bytes,     233992 total
- age   5:     115144 bytes,     349136 total
- age   6:     111016 bytes,     460152 total
 17706K->11201K(24716K), 0.0015802 secs]
48.755: [GC
Desired survivor size 557056 bytes, new threshold 15 (max 15)
- age   1:     111240 bytes,     111240 total
- age   2:       3896 bytes,     115136 total
- age   3:      18832 bytes,     133968 total
- age   4:     127976 bytes,     261944 total
- age   5:       3280 bytes,     265224 total
- age   6:     115144 bytes,     380368 total
- age   7:     111016 bytes,     491384 total
 17725K->11239K(24716K), 0.0009711 secs]
48.760: [GC
Desired survivor size 557056 bytes, new threshold 7 (max 15)
- age   1:     317552 bytes,     317552 total
- age   2:      30360 bytes,     347912 total
- age   3:       3816 bytes,     351728 total
- age   4:      18832 bytes,     370560 total
- age   5:     127976 bytes,     498536 total
- age   6:       3280 bytes,     501816 total
- age   7:     115144 bytes,     616960 total
- age   8:     111016 bytes,     727976 total
 17746K->11470K(24716K), 0.0014575 secs]
48.765: [GC
Desired survivor size 557056 bytes, new threshold 6 (max 15)
- age   1:     207552 bytes,     207552 total
- age   2:     197816 bytes,     405368 total
- age   3:      30360 bytes,     435728 total
- age   4:       3696 bytes,     439424 total
- age   5:      18832 bytes,     458256 total
- age   6:     127976 bytes,     586232 total
- age   7:       3280 bytes,     589512 total
 17935K->11573K(24716K), 0.0013115 secs]
48.770: [GC
Desired survivor size 557056 bytes, new threshold 3 (max 15)
- age   1:     251560 bytes,     251560 total
- age   2:     146112 bytes,     397672 total
- age   3:     197816 bytes,     595488 total
- age   4:      30360 bytes,     625848 total
- age   5:       3696 bytes,     629544 total
- age   6:      18832 bytes,     648376 total
 18087K->11697K(24716K), 0.0012044 secs]
48.777: [GC
Desired survivor size 557056 bytes, new threshold 3 (max 15)
- age   1:     491160 bytes,     491160 total
- age   3:      94944 bytes,     586104 total
 18223K->11806K(24716K), 0.0010098 secs]
48.781: [GC
Desired survivor size 557056 bytes, new threshold 15 (max 15)
- age   1:     283928 bytes,     283928 total
- age   2:     269696 bytes,     553624 total
 18303K->11856K(24716K), 0.0012139 secs]
48.787: [GC
Desired survivor size 557056 bytes, new threshold 3 (max 15)
- age   1:     342848 bytes,     342848 total
- age   2:     167400 bytes,     510248 total
- age   3:     185384 bytes,     695632 total
 18379K->11994K(24716K), 0.0010903 secs]
48.792: [GC
Desired survivor size 557056 bytes, new threshold 3 (max 15)
- age   1:     252632 bytes,     252632 total
- age   2:     282856 bytes,     535488 total
- age   3:     167400 bytes,     702888 total
 18508K->12190K(24716K), 0.0012822 secs]
48.798: [GC
Desired survivor size 557056 bytes, new threshold 3 (max 15)
- age   1:     397200 bytes,     397200 total
- age   2:     141464 bytes,     538664 total
- age   3:     282856 bytes,     821520 total
 18654K->12470K(24716K), 0.0012915 secs]
48.803: [GC
Desired survivor size 557056 bytes, new threshold 15 (max 15)
- age   1:     119400 bytes,     119400 total
- age   2:     204240 bytes,     323640 total
- age   3:     141464 bytes,     465104 total
 18978K->12398K(24716K), 0.0012821 secs]
48.810: [GC
Desired survivor size 557056 bytes, new threshold 1 (max 15)
- age   1:     560288 bytes,     560288 total
- age   2:      45624 bytes,     605912 total
- age   3:     204240 bytes,     810152 total
- age   4:     141464 bytes,     951616 total
 18885K->12873K(24716K), 0.0013830 secs]
48.817: [GC
Desired survivor size 557056 bytes, new threshold 15 (max 15)
- age   1:     336504 bytes,     336504 total
 19380K->12919K(24716K), 0.0011884 secs]
48.823: [GC
Desired survivor size 557056 bytes, new threshold 15 (max 15)
- age   1:     233664 bytes,     233664 total
- age   2:     160824 bytes,     394488 total
 19390K->12973K(24716K), 0.0011969 secs]
48.828: [GC
Desired survivor size 557056 bytes, new threshold 15 (max 15)
- age   1:     179272 bytes,     179272 total
- age   2:     147104 bytes,     326376 total
- age   3:     160824 bytes,     487200 total
 19480K->13066K(24716K), 0.0010024 secs]
48.833: [GC
Desired survivor size 557056 bytes, new threshold 15 (max 15)
- age   1:     103224 bytes,     103224 total
- age   2:      84064 bytes,     187288 total
- age   3:     147104 bytes,     334392 total
- age   4:     160824 bytes,     495216 total
 19580K->13074K(24716K), 0.0010300 secs]
48.840: [GC
Desired survivor size 557056 bytes, new threshold 15 (max 15)
- age   1:     257360 bytes,     257360 total
- age   2:      63136 bytes,     320496 total
- age   3:      53936 bytes,     374432 total
- age   4:     147104 bytes,     521536 total
- age   5:      21072 bytes,     542608 total
 19541K->13120K(24716K), 0.0008593 secs]
48.846: [GC
Desired survivor size 557056 bytes, new threshold 15 (max 15)
- age   1:     232912 bytes,     232912 total
- age   2:         56 bytes,     232968 total
- age   3:      63136 bytes,     296104 total
- age   4:      53936 bytes,     350040 total
- age   5:     147104 bytes,     497144 total
- age   6:      21072 bytes,     518216 total
 19636K->13096K(24716K), 0.0016495 secs]
48.851: [GC
Desired survivor size 557056 bytes, new threshold 15 (max 15)
- age   1:     113056 bytes,     113056 total
- age   2:      41944 bytes,     155000 total
- age   3:         56 bytes,     155056 total
- age   4:      63136 bytes,     218192 total
- age   5:      53936 bytes,     272128 total
- age   6:     147104 bytes,     419232 total
- age   7:      21072 bytes,     440304 total
 19573K->13020K(24716K), 0.0010174 secs]
48.856: [GC
Desired survivor size 557056 bytes, new threshold 15 (max 15)
- age   1:     124136 bytes,     124136 total
- age   2:      35152 bytes,     159288 total
- age   4:         56 bytes,     159344 total
- age   5:      63136 bytes,     222480 total
- age   6:      53936 bytes,     276416 total
- age   7:     147104 bytes,     423520 total
- age   8:      21072 bytes,     444592 total
 19528K->13024K(24716K), 0.0012178 secs]
48.862: [GC
Desired survivor size 557056 bytes, new threshold 9 (max 15)
- age   1:     159840 bytes,     159840 total
- age   2:      78720 bytes,     238560 total
- age   3:      35152 bytes,     273712 total
- age   5:         56 bytes,     273768 total
- age   6:      63136 bytes,     336904 total
- age   7:      53936 bytes,     390840 total
- age   8:     147104 bytes,     537944 total
- age   9:      21072 bytes,     559016 total
 19539K->13136K(24716K), 0.0012175 secs]
48.868: [GC
Desired survivor size 557056 bytes, new threshold 2 (max 15)
- age   1:     501176 bytes,     501176 total
- age   2:     112120 bytes,     613296 total
- age   3:      78720 bytes,     692016 total
- age   4:      35152 bytes,     727168 total
- age   6:         56 bytes,     727224 total
- age   7:      63136 bytes,     790360 total
- age   8:      53936 bytes,     844296 total
- age   9:     147104 bytes,     991400 total
 19646K->13578K(24716K), 0.0013556 secs]
48.874: [GC
Desired survivor size 557056 bytes, new threshold 2 (max 15)
- age   1:     225960 bytes,     225960 total
- age   2:     449912 bytes,     675872 total
 20081K->13664K(24716K), 0.0015515 secs]
48.881: [GC
Desired survivor size 557056 bytes, new threshold 1 (max 15)
- age   1:     557568 bytes,     557568 total
- age   2:      31792 bytes,     589360 total
 20147K->13899K(24716K), 0.0011860 secs]
48.886: [GC
Desired survivor size 557056 bytes, new threshold 15 (max 15)
- age   1:     167920 bytes,     167920 total
 20418K->13809K(24716K), 0.0010627 secs]
48.891: [GC
Desired survivor size 557056 bytes, new threshold 15 (max 15)
- age   1:     166336 bytes,     166336 total
- age   2:      81544 bytes,     247880 total
 20303K->13887K(24716K), 0.0008100 secs]
48.896: [GC
Desired survivor size 557056 bytes, new threshold 2 (max 15)
- age   1:     472912 bytes,     472912 total
- age   2:     119984 bytes,     592896 total
- age   3:      81544 bytes,     674440 total
 20386K->14304K(24716K), 0.0023851 secs]
48.904: [GC
Desired survivor size 557056 bytes, new threshold 2 (max 15)
- age   1:     428656 bytes,     428656 total
- age   2:     312544 bytes,     741200 total
 20816K->14566K(24716K), 0.0012393 secs]
48.909: [GC
Desired survivor size 557056 bytes, new threshold 15 (max 15)
- age   1:     141704 bytes,     141704 total
- age   2:     223016 bytes,     364720 total
 21093K->14436K(24716K), 0.0010925 secs]
48.914: [GC
Desired survivor size 557056 bytes, new threshold 2 (max 15)
- age   1:     520200 bytes,     520200 total
- age   2:      71736 bytes,     591936 total
- age   3:     223016 bytes,     814952 total
 20943K->14876K(24716K), 0.0012767 secs]
48.919: [GC
Desired survivor size 557056 bytes, new threshold 2 (max 15)
- age   1:     244120 bytes,     244120 total
- age   2:     427472 bytes,     671592 total
 21356K->15022K(24716K), 0.0017747 secs]
48.926: [GC
Desired survivor size 557056 bytes, new threshold 2 (max 15)
- age   1:     548136 bytes,     548136 total
- age   2:     217496 bytes,     765632 total
 21529K->15533K(24716K), 0.0016646 secs]
48.932: [GC
Desired survivor size 557056 bytes, new threshold 2 (max 15)
- age   1:     233712 bytes,     233712 total
- age   2:     463088 bytes,     696800 total
 22028K->15466K(24716K), 0.0011009 secs]
48.938: [GC
Desired survivor size 557056 bytes, new threshold 15 (max 15)
- age   1:     442032 bytes,     442032 total
 21966K->15542K(24716K), 0.0015657 secs]
48.945: [GC
Desired survivor size 557056 bytes, new threshold 15 (max 15)
- age   1:     112296 bytes,     112296 total
- age   2:     334560 bytes,     446856 total
 22069K->15549K(24716K), 0.0012090 secs]
48.953: [GC
Desired survivor size 557056 bytes, new threshold 15 (max 15)
- age   1:     120680 bytes,     120680 total
- age   2:      75568 bytes,     196248 total
- age   3:      75304 bytes,     271552 total
 22073K->15375K(24716K), 0.0011490 secs]
48.959: [GC
Desired survivor size 557056 bytes, new threshold 15 (max 15)
- age   1:     304696 bytes,     304696 total
- age   2:      40800 bytes,     345496 total
- age   3:      75568 bytes,     421064 total
- age   4:      75304 bytes,     496368 total
 21902K->15596K(24716K), 0.0011768 secs]
48.965: [GC
Desired survivor size 557056 bytes, new threshold 1 (max 15)
- age   1:     697744 bytes,     697744 total
- age   2:     141712 bytes,     839456 total
- age   3:      40800 bytes,     880256 total
- age   4:      75568 bytes,     955824 total
- age   5:      75304 bytes,    1031128 total
 22102K->16119K(24716K), 0.0012769 secs]
48.972: [GC
Desired survivor size 557056 bytes, new threshold 15 (max 15)
- age   1:     299216 bytes,     299216 total
 22617K->16271K(24716K), 0.0016305 secs]
48.978: [GC
Desired survivor size 557056 bytes, new threshold 15 (max 15)
- age   1:     308432 bytes,     308432 total
- age   2:     220776 bytes,     529208 total
 22786K->16495K(24716K), 0.0010813 secs]
48.983: [GC
Desired survivor size 557056 bytes, new threshold 3 (max 15)
- age   1:     259288 bytes,     259288 total
- age   2:     266768 bytes,     526056 total
- age   3:     220776 bytes,     746832 total
 23009K->16707K(24716K), 0.0012508 secs]
48.989: [GC
Desired survivor size 557056 bytes, new threshold 15 (max 15)
- age   1:      87512 bytes,      87512 total
- age   2:     123624 bytes,     211136 total
- age   3:     225856 bytes,     436992 total
 23230K->16628K(24716K), 0.0011564 secs]
48.997: [GC
Desired survivor size 557056 bytes, new threshold 15 (max 15)
- age   1:      63520 bytes,      63520 total
- age   2:      31048 bytes,      94568 total
- age   3:     123624 bytes,     218192 total
- age   4:     225856 bytes,     444048 total
 23049K->16633K(24716K), 0.0010703 secs]
49.001: [GC
Desired survivor size 557056 bytes, new threshold 5 (max 15)
- age   1:     385848 bytes,     385848 total
- age   2:       4368 bytes,     390216 total
- age   3:      31048 bytes,     421264 total
- age   4:     123624 bytes,     544888 total
- age   5:     185008 bytes,     729896 total
 23159K->16912K(24716K), 0.0012608 secs]
49.007: [GC
Desired survivor size 557056 bytes, new threshold 2 (max 15)
- age   1:     406832 bytes,     406832 total
- age   2:     181128 bytes,     587960 total
- age   3:       4368 bytes,     592328 total
- age   4:      31048 bytes,     623376 total
- age   5:     123624 bytes,     747000 total
 23380K->17110K(24716K), 0.0013424 secs]
49.014: [GC
Desired survivor size 557056 bytes, new threshold 2 (max 15)
- age   1:     234416 bytes,     234416 total
- age   2:     344728 bytes,     579144 total
 23638K->17284K(24716K), 0.0015793 secs]
49.020: [GC
Desired survivor size 557056 bytes, new threshold 15 (max 15)
- age   1:     332712 bytes,     332712 total
- age   2:     114248 bytes,     446960 total
 23773K->17446K(24716K), 0.0012185 secs]
49.025: [GC
Desired survivor size 557056 bytes, new threshold 2 (max 15)
- age   1:     542088 bytes,     542088 total
- age   2:     275096 bytes,     817184 total
- age   3:     114248 bytes,     931432 total
 23957K->17922K(24716K), 0.0014739 secs]
49.031: [GC
Desired survivor size 557056 bytes, new threshold 15 (max 15)
- age   1:     287256 bytes,     287256 total
- age   2:     260496 bytes,     547752 total
 24428K->17929K(25100K), 0.0015214 secs]
49.033: [Full GC 17929K->8353K(25100K), 0.0712774 secs]
49.110: [GC
Desired survivor size 557056 bytes, new threshold 15 (max 15)
- age   1:     430648 bytes,     430648 total
 14840K->8778K(24716K), 0.0008620 secs]
49.114: [GC
Desired survivor size 557056 bytes, new threshold 15 (max 15)
- age   1:     125288 bytes,     125288 total
- age   2:     264840 bytes,     390128 total
 15269K->8738K(24716K), 0.0010785 secs]
49.119: [GC
Desired survivor size 557056 bytes, new threshold 3 (max 15)
- age   1:     236728 bytes,     236728 total
- age   2:      77984 bytes,     314712 total
- age   3:     264840 bytes,     579552 total
 15238K->8923K(24716K), 0.0015694 secs]
49.125: [GC
Desired survivor size 557056 bytes, new threshold 15 (max 15)
- age   1:     132440 bytes,     132440 total
- age   2:     185888 bytes,     318328 total
 15350K->8935K(24716K), 0.0009678 secs]
49.130: [GC
Desired survivor size 557056 bytes, new threshold 3 (max 15)
- age   1:     332576 bytes,     332576 total
- age   2:      52832 bytes,     385408 total
- age   3:     185888 bytes,     571296 total
 15421K->9182K(24716K), 0.0010544 secs]
49.135: [GC
Desired survivor size 557056 bytes, new threshold 3 (max 15)
- age   1:     252920 bytes,     252920 total
- age   2:     251736 bytes,     504656 total
- age   3:      52832 bytes,     557488 total
 15687K->9357K(24716K), 0.0015112 secs]
49.140: [GC
Desired survivor size 557056 bytes, new threshold 3 (max 15)
- age   1:     408304 bytes,     408304 total
- age   2:      88248 bytes,     496552 total
- age   3:     251736 bytes,     748288 total
 15825K->9595K(24716K), 0.0011923 secs]
49.146: [GC
Desired survivor size 557056 bytes, new threshold 2 (max 15)
- age   1:     417336 bytes,     417336 total
- age   2:     341480 bytes,     758816 total
- age   3:      42816 bytes,     801632 total
 16041K->9893K(24716K), 0.0017905 secs]
49.153: [GC
Desired survivor size 557056 bytes, new threshold 15 (max 15)
- age   1:     219528 bytes,     219528 total
- age   2:     218608 bytes,     438136 total
 16390K->9914K(24716K), 0.0017099 secs]
49.159: [GC
Desired survivor size 557056 bytes, new threshold 3 (max 15)
- age   1:     327504 bytes,     327504 total
- age   2:     170040 bytes,     497544 total
- age   3:      83688 bytes,     581232 total
 16401K->10053K(24716K), 0.0012207 secs]
49.164: [GC
Desired survivor size 557056 bytes, new threshold 15 (max 15)
- age   1:     176128 bytes,     176128 total
- age   2:     105560 bytes,     281688 total
- age   3:     170040 bytes,     451728 total
 16571K->10009K(24716K), 0.0010664 secs]
49.169: [GC
Desired survivor size 557056 bytes, new threshold 4 (max 15)
- age   1:     339376 bytes,     339376 total
- age   2:     106064 bytes,     445440 total
- age   3:     105560 bytes,     551000 total
- age   4:     170040 bytes,     721040 total
 16523K->10270K(24716K), 0.0011574 secs]
49.174: [GC
Desired survivor size 557056 bytes, new threshold 2 (max 15)
- age   1:     533568 bytes,     533568 total
- age   2:      96464 bytes,     630032 total
- age   3:     106064 bytes,     736096 total
- age   4:     105560 bytes,     841656 total
 16793K->10555K(24716K), 0.0014280 secs]
49.180: [GC
Desired survivor size 557056 bytes, new threshold 2 (max 15)
- age   1:     542072 bytes,     542072 total
- age   2:     167016 bytes,     709088 total
 16952K->10725K(24716K), 0.0013052 secs]
49.185: [GC
Desired survivor size 557056 bytes, new threshold 15 (max 15)
- age   1:     304768 bytes,     304768 total
- age   2:     246584 bytes,     551352 total
 17240K->10734K(24716K), 0.0012177 secs]
49.190: [GC
Desired survivor size 557056 bytes, new threshold 3 (max 15)
- age   1:     307352 bytes,     307352 total
- age   2:     225784 bytes,     533136 total
- age   3:      60640 bytes,     593776 total
 17224K->10775K(24716K), 0.0009387 secs]
49.195: [GC
Desired survivor size 557056 bytes, new threshold 15 (max 15)
- age   1:     379632 bytes,     379632 total
 17244K->10625K(24716K), 0.0008745 secs]
49.202: [GC
Desired survivor size 557056 bytes, new threshold 2 (max 15)
- age   1:     508104 bytes,     508104 total
- age   2:     235744 bytes,     743848 total
 17109K->10981K(24716K), 0.0010017 secs]
49.207: [GC
Desired survivor size 557056 bytes, new threshold 15 (max 15)
- age   1:     117584 bytes,     117584 total
- age   2:     302616 bytes,     420200 total
 17488K->10903K(24716K), 0.0012094 secs]
49.212: [GC
Desired survivor size 557056 bytes, new threshold 3 (max 15)
- age   1:     314128 bytes,     314128 total
- age   2:      69216 bytes,     383344 total
- age   3:     302616 bytes,     685960 total
 17413K->11162K(24716K), 0.0013470 secs]
49.219: [GC
Desired survivor size 557056 bytes, new threshold 1 (max 15)
- age   1:     619616 bytes,     619616 total
- age   2:     138272 bytes,     757888 total
- age   3:         40 bytes,     757928 total
 17664K->11528K(24716K), 0.0013123 secs]
49.225: [GC
Desired survivor size 557056 bytes, new threshold 15 (max 15)
- age   1:     351464 bytes,     351464 total
 18039K->11353K(24716K), 0.0012185 secs]
49.231: [GC
Desired survivor size 557056 bytes, new threshold 15 (max 15)
- age   1:     319384 bytes,     319384 total
- age   2:     196632 bytes,     516016 total
 17806K->11516K(24716K), 0.0008844 secs]
49.237: [GC
Desired survivor size 557056 bytes, new threshold 15 (max 15)
- age   1:     303888 bytes,     303888 total
- age   2:      84168 bytes,     388056 total
- age   3:     143176 bytes,     531232 total
 18031K->11531K(24716K), 0.0009534 secs]
49.242: [GC
Desired survivor size 557056 bytes, new threshold 15 (max 15)
- age   1:     142016 bytes,     142016 total
- age   2:      79976 bytes,     221992 total
- age   4:     143176 bytes,     365168 total
 17979K->11369K(24716K), 0.0009752 secs]
49.248: [GC
Desired survivor size 557056 bytes, new threshold 5 (max 15)
- age   1:     464680 bytes,     464680 total
- age   2:      84896 bytes,     549576 total
- age   5:     143176 bytes,     692752 total
 17842K->11686K(24716K), 0.0014948 secs]
49.255: [GC
Desired survivor size 557056 bytes, new threshold 15 (max 15)
- age   1:     201928 bytes,     201928 total
- age   2:     185696 bytes,     387624 total
- age   3:      84896 bytes,     472520 total
 18170K->11613K(24716K), 0.0013409 secs]
49.260: [GC
Desired survivor size 557056 bytes, new threshold 3 (max 15)
- age   1:     330344 bytes,     330344 total
- age   2:     119240 bytes,     449584 total
- age   3:     185696 bytes,     635280 total
- age   4:      84896 bytes,     720176 total
 18078K->11855K(24716K), 0.0010970 secs]
49.265: [GC
Desired survivor size 557056 bytes, new threshold 15 (max 15)
- age   1:     248968 bytes,     248968 total
- age   3:     119240 bytes,     368208 total
 18312K->11774K(24716K), 0.0012242 secs]
49.270: [GC
Desired survivor size 557056 bytes, new threshold 2 (max 15)
- age   1:     548744 bytes,     548744 total
- age   2:     248968 bytes,     797712 total
 18245K->12195K(24716K), 0.0013472 secs]
49.275: [GC
Desired survivor size 557056 bytes, new threshold 15 (max 15)
- age   1:     245752 bytes,     245752 total
- age   2:     224360 bytes,     470112 total
 18673K->12040K(24716K), 0.0011007 secs]
49.280: [GC
Desired survivor size 557056 bytes, new threshold 1 (max 15)
- age   1:     661888 bytes,     661888 total
- age   2:      84120 bytes,     746008 total
- age   3:     224360 bytes,     970368 total
 18561K->12529K(24716K), 0.0013757 secs]
49.286: [GC
Desired survivor size 557056 bytes, new threshold 1 (max 15)
- age   1:     659056 bytes,     659056 total
 19043K->12898K(24716K), 0.0015864 secs]
49.292: [GC
Desired survivor size 557056 bytes, new threshold 15 (max 15)
- age   1:     269912 bytes,     269912 total
 19410K->12968K(24716K), 0.0011321 secs]
49.297: [GC
Desired survivor size 557056 bytes, new threshold 15 (max 15)
- age   1:     433040 bytes,     433040 total
- age   2:      65896 bytes,     498936 total
 19471K->13191K(24716K), 0.0019232 secs]
49.303: [GC
Desired survivor size 557056 bytes, new threshold 2 (max 15)
- age   1:     551296 bytes,     551296 total
- age   2:     377128 bytes,     928424 total
- age   3:      65896 bytes,     994320 total
 19719K->13675K(24716K), 0.0013651 secs]
49.310: [GC
Desired survivor size 557056 bytes, new threshold 15 (max 15)
- age   1:     127232 bytes,     127232 total
- age   2:     294912 bytes,     422144 total
 20184K->13555K(24716K), 0.0014026 secs]
49.315: [GC
Desired survivor size 557056 bytes, new threshold 3 (max 15)
- age   1:     452384 bytes,     452384 total
- age   2:      59248 bytes,     511632 total
- age   3:     294912 bytes,     806544 total
 20073K->13932K(24716K), 0.0012910 secs]
49.321: [GC
Desired survivor size 557056 bytes, new threshold 2 (max 15)
- age   1:     190152 bytes,     190152 total
- age   2:     386488 bytes,     576640 total
- age   3:      59248 bytes,     635888 total
 20414K->14053K(24716K), 0.0012983 secs]
49.327: [GC
Desired survivor size 557056 bytes, new threshold 15 (max 15)
- age   1:     310128 bytes,     310128 total
- age   2:     134952 bytes,     445080 total
 20539K->14227K(24716K), 0.0013185 secs]
49.334: [GC
Desired survivor size 557056 bytes, new threshold 1 (max 15)
- age   1:     654632 bytes,     654632 total
- age   3:     134952 bytes,     789584 total
 20740K->14565K(24716K), 0.0010805 secs]
49.339: [GC
Desired survivor size 557056 bytes, new threshold 15 (max 15)
- age   1:     184032 bytes,     184032 total
 21090K->14511K(24716K), 0.0012082 secs]
49.344: [GC
Desired survivor size 557056 bytes, new threshold 15 (max 15)
- age   1:     214920 bytes,     214920 total
- age   2:      59992 bytes,     274912 total
 21001K->14600K(24716K), 0.0008188 secs]
49.349: [GC
Desired survivor size 557056 bytes, new threshold 1 (max 15)
- age   1:     829328 bytes,     829328 total
- age   2:      85040 bytes,     914368 total
- age   3:      59992 bytes,     974360 total
 21089K->15451K(24716K), 0.0014766 secs]
49.357: [GC
Desired survivor size 557056 bytes, new threshold 15 (max 15)
- age   1:     161136 bytes,     161136 total
 21936K->15588K(24716K), 0.0014343 secs]
49.363: [GC
Desired survivor size 557056 bytes, new threshold 1 (max 15)
- age   1:     762368 bytes,     762368 total
- age   2:     135824 bytes,     898192 total
 22107K->16307K(24716K), 0.0015285 secs]
49.370: [GC
Desired survivor size 557056 bytes, new threshold 15 (max 15)
- age   1:     453096 bytes,     453096 total
 22817K->16531K(24716K), 0.0014552 secs]
49.376: [GC
Desired survivor size 557056 bytes, new threshold 2 (max 15)
- age   1:     371208 bytes,     371208 total
- age   2:     422608 bytes,     793816 total
 23007K->16863K(24716K), 0.0015554 secs]
49.381: [GC
Desired survivor size 557056 bytes, new threshold 2 (max 15)
- age   1:     237920 bytes,     237920 total
- age   2:     338312 bytes,     576232 total
 23380K->17063K(24716K), 0.0015124 secs]
49.388: [GC
Desired survivor size 557056 bytes, new threshold 2 (max 15)
- age   1:     550224 bytes,     550224 total
- age   2:     170040 bytes,     720264 total
 23546K->17288K(24716K), 0.0011370 secs]
49.393: [GC
Desired survivor size 557056 bytes, new threshold 15 (max 15)
- age   1:     292464 bytes,     292464 total
- age   2:     122760 bytes,     415224 total
 23795K->17156K(24716K), 0.0010816 secs]
49.400: [GC
Desired survivor size 557056 bytes, new threshold 1 (max 15)
- age   1:     889080 bytes,     889080 total
- age   2:      84336 bytes,     973416 total
- age   3:     122760 bytes,    1096176 total
 23680K->17987K(24716K), 0.0013705 secs]
49.405: [GC
Desired survivor size 557056 bytes, new threshold 15 (max 15)
- age   1:     125496 bytes,     125496 total
 24499K->17814K(25484K), 0.0016465 secs]
49.407: [Full GC 17814K->9569K(25484K), 0.0714915 secs]
49.485: [GC
Desired survivor size 557056 bytes, new threshold 1 (max 15)
- age   1:     718544 bytes,     718544 total
 15996K->10275K(24716K), 0.0010745 secs]
49.491: [GC
Desired survivor size 557056 bytes, new threshold 15 (max 15)
- age   1:     134632 bytes,     134632 total
 16792K->10211K(24716K), 0.0011759 secs]
49.496: [GC
Desired survivor size 557056 bytes, new threshold 15 (max 15)
- age   1:     407800 bytes,     407800 total
- age   2:      60912 bytes,     468712 total
 16714K->10537K(24716K), 0.0009196 secs]
49.502: [GC
Desired survivor size 557056 bytes, new threshold 1 (max 15)
- age   1:     719752 bytes,     719752 total
- age   2:      75288 bytes,     795040 total
- age   3:      60912 bytes,     855952 total
 16989K->10915K(24716K), 0.0011856 secs]
49.509: [GC
Desired survivor size 557056 bytes, new threshold 15 (max 15)
- age   1:     459280 bytes,     459280 total
 17348K->11027K(24716K), 0.0021177 secs]
49.517: [GC
Desired survivor size 557056 bytes, new threshold 2 (max 15)
- age   1:     529088 bytes,     529088 total
- age   2:     372856 bytes,     901944 total
 17520K->11461K(24716K), 0.0010560 secs]
49.525: [GC
Desired survivor size 557056 bytes, new threshold 2 (max 15)
- age   1:     433360 bytes,     433360 total
- age   2:     529088 bytes,     962448 total
 17976K->11882K(24716K), 0.0019564 secs]
49.536: [GC
Desired survivor size 557056 bytes, new threshold 15 (max 15)
- age   1:     189176 bytes,     189176 total
- age   2:     259776 bytes,     448952 total
 18373K->11898K(24716K), 0.0017300 secs]
49.542: [GC
Desired survivor size 557056 bytes, new threshold 15 (max 15)
- age   1:     139608 bytes,     139608 total
- age   2:     123608 bytes,     263216 total
- age   3:     259504 bytes,     522720 total
 18420K->11972K(24716K), 0.0011354 secs]
49.549: [GC
Desired survivor size 557056 bytes, new threshold 15 (max 15)
- age   1:      73296 bytes,      73296 total
- age   2:       6032 bytes,      79328 total
- age   3:     122904 bytes,     202232 total
- age   4:     259504 bytes,     461736 total
 18437K->11914K(24716K), 0.0017677 secs]
49.556: [GC
Desired survivor size 557056 bytes, new threshold 5 (max 15)
- age   1:     381056 bytes,     381056 total
- age   2:       4328 bytes,     385384 total
- age   3:       4328 bytes,     389712 total
- age   4:     122904 bytes,     512616 total
- age   5:     259392 bytes,     772008 total
 18379K->12222K(24716K), 0.0010459 secs]
49.563: [GC
Desired survivor size 557056 bytes, new threshold 2 (max 15)
- age   1:     321328 bytes,     321328 total
- age   2:     334232 bytes,     655560 total
- age   3:       4328 bytes,     659888 total
- age   4:       3560 bytes,     663448 total
- age   5:     122904 bytes,     786352 total
 18743K->12490K(24716K), 0.0013714 secs]
49.568: [GC
Desired survivor size 557056 bytes, new threshold 15 (max 15)
- age   1:     185256 bytes,     185256 total
- age   2:     229784 bytes,     415040 total
 18981K->12582K(24716K), 0.0014410 secs]
49.574: [GC
Desired survivor size 557056 bytes, new threshold 3 (max 15)
- age   1:     387928 bytes,     387928 total
- age   2:     116208 bytes,     504136 total
- age   3:     229784 bytes,     733920 total
 19102K->12883K(24716K), 0.0011779 secs]
49.580: [GC
Desired survivor size 557056 bytes, new threshold 3 (max 15)
- age   1:     150464 bytes,     150464 total
- age   2:     316560 bytes,     467024 total
- age   3:     116208 bytes,     583232 total
 19383K->12970K(24716K), 0.0012415 secs]
49.585: [GC
Desired survivor size 557056 bytes, new threshold 3 (max 15)
- age   1:     395032 bytes,     395032 total
- age   2:      75080 bytes,     470112 total
- age   3:     304528 bytes,     774640 total
 19492K->13223K(24716K), 0.0012495 secs]
49.590: [GC
Desired survivor size 557056 bytes, new threshold 15 (max 15)
- age   1:     187888 bytes,     187888 total
- age   2:     260952 bytes,     448840 total
- age   3:      75080 bytes,     523920 total
 19751K->13276K(24716K), 0.0012851 secs]
49.596: [GC
Desired survivor size 557056 bytes, new threshold 1 (max 15)
- age   1:     672240 bytes,     672240 total
- age   2:      86288 bytes,     758528 total
- age   3:     260952 bytes,    1019480 total
- age   4:      75080 bytes,    1094560 total
 19773K->13835K(24716K), 0.0022642 secs]
49.604: [GC
Desired survivor size 557056 bytes, new threshold 1 (max 15)
- age   1:     845840 bytes,     845840 total
 20331K->14369K(24716K), 0.0020986 secs]
49.610: [GC
Desired survivor size 557056 bytes, new threshold 15 (max 15)
- age   1:     200400 bytes,     200400 total
 20850K->14436K(24716K), 0.0013361 secs]
49.617: [GC
Desired survivor size 557056 bytes, new threshold 15 (max 15)
- age   1:     370896 bytes,     370896 total
- age   2:     145328 bytes,     516224 total
 20950K->14744K(24716K), 0.0008336 secs]
49.625: [GC
Desired survivor size 557056 bytes, new threshold 15 (max 15)
- age   1:     238824 bytes,     238824 total
- age   2:     214984 bytes,     453808 total
 21255K->14683K(24716K), 0.0009524 secs]
49.630: [GC
Desired survivor size 557056 bytes, new threshold 3 (max 15)
- age   1:     362216 bytes,     362216 total
- age   2:     162912 bytes,     525128 total
- age   3:     214984 bytes,     740112 total
 21170K->14962K(24716K), 0.0016978 secs]
49.639: [GC
Desired survivor size 557056 bytes, new threshold 3 (max 15)
- age   1:     275560 bytes,     275560 total
- age   2:     275744 bytes,     551304 total
- age   3:     162912 bytes,     714216 total
 21490K->15154K(24716K), 0.0015779 secs]
49.645: [GC
Desired survivor size 557056 bytes, new threshold 2 (max 15)
- age   1:     387312 bytes,     387312 total
- age   2:     196824 bytes,     584136 total
- age   3:     264000 bytes,     848136 total
 21648K->15441K(24716K), 0.0018363 secs]
49.651: [GC
Desired survivor size 557056 bytes, new threshold 15 (max 15)
- age   1:     100368 bytes,     100368 total
- age   2:     307416 bytes,     407784 total
 21952K->15452K(24716K), 0.0016541 secs]
49.659: [GC
Desired survivor size 557056 bytes, new threshold 15 (max 15)
- age   1:      53744 bytes,      53744 total
- age   2:      87560 bytes,     141304 total
- age   3:     307416 bytes,     448720 total
 21980K->15494K(24716K), 0.0009821 secs]
49.663: [GC
Desired survivor size 557056 bytes, new threshold 4 (max 15)
- age   1:     203768 bytes,     203768 total
- age   2:      53744 bytes,     257512 total
- age   3:      87560 bytes,     345072 total
- age   4:     307416 bytes,     652488 total
 22012K->15693K(24716K), 0.0011940 secs]
49.669: [GC
Desired survivor size 557056 bytes, new threshold 15 (max 15)
- age   1:     259248 bytes,     259248 total
- age   2:     118440 bytes,     377688 total
- age   3:      53744 bytes,     431432 total
- age   4:      87560 bytes,     518992 total
 22181K->15871K(24716K), 0.0013187 secs]
49.678: [GC
Desired survivor size 557056 bytes, new threshold 5 (max 15)
- age   1:     129608 bytes,     129608 total
- age   2:     172688 bytes,     302296 total
- age   3:     118440 bytes,     420736 total
- age   4:      53664 bytes,     474400 total
- age   5:      87560 bytes,     561960 total
 22371K->15914K(24716K), 0.0011878 secs]
49.684: [GC
Desired survivor size 557056 bytes, new threshold 15 (max 15)
- age   1:     105872 bytes,     105872 total
- age   2:      83840 bytes,     189712 total
- age   3:     172688 bytes,     362400 total
- age   4:     118440 bytes,     480840 total
- age   5:      53664 bytes,     534504 total
 22421K->15982K(24716K), 0.0011201 secs]
49.690: [GC
Desired survivor size 557056 bytes, new threshold 4 (max 15)
- age   1:     317320 bytes,     317320 total
- age   2:       5584 bytes,     322904 total
- age   3:      83736 bytes,     406640 total
- age   4:     172688 bytes,     579328 total
- age   5:     118440 bytes,     697768 total
- age   6:      52272 bytes,     750040 total
 22481K->16186K(24716K), 0.0011454 secs]
49.695: [GC
Desired survivor size 557056 bytes, new threshold 15 (max 15)
- age   1:     121016 bytes,     121016 total
- age   2:     238248 bytes,     359264 total
- age   3:       3880 bytes,     363144 total
- age   4:      83624 bytes,     446768 total
 22708K->16234K(24716K), 0.0016861 secs]
49.703: [GC
Desired survivor size 557056 bytes, new threshold 1 (max 15)
- age   1:     610768 bytes,     610768 total
- age   2:      39832 bytes,     650600 total
- age   3:     183800 bytes,     834400 total
- age   4:       3880 bytes,     838280 total
- age   5:      83624 bytes,     921904 total
 22747K->16704K(24716K), 0.0013139 secs]
49.708: [GC
Desired survivor size 557056 bytes, new threshold 15 (max 15)
- age   1:      99648 bytes,      99648 total
 23214K->16653K(24716K), 0.0013954 secs]
49.714: [GC
Desired survivor size 557056 bytes, new threshold 15 (max 15)
- age   1:     244400 bytes,     244400 total
- age   2:      83760 bytes,     328160 total
 23163K->16873K(24716K), 0.0008672 secs]
49.720: [GC
Desired survivor size 557056 bytes, new threshold 2 (max 15)
- age   1:     495928 bytes,     495928 total
- age   2:     130864 bytes,     626792 total
- age   3:      83760 bytes,     710552 total
 23356K->17235K(24716K), 0.0010286 secs]
49.725: [GC
Desired survivor size 557056 bytes, new threshold 15 (max 15)
- age   1:     299960 bytes,     299960 total
- age   2:     160248 bytes,     460208 total
 23704K->17208K(24716K), 0.0011324 secs]
49.733: [GC
Desired survivor size 557056 bytes, new threshold 2 (max 15)
- age   1:     446696 bytes,     446696 total
- age   2:     217296 bytes,     663992 total
- age   3:     159880 bytes,     823872 total
 23736K->17564K(24716K), 0.0010761 secs]
49.738: [GC
Desired survivor size 557056 bytes, new threshold 15 (max 15)
- age   1:     140216 bytes,     140216 total
- age   2:     367864 bytes,     508080 total
 24055K->17426K(24716K), 0.0011856 secs]
49.743: [GC
Desired survivor size 557056 bytes, new threshold 3 (max 15)
- age   1:     351072 bytes,     351072 total
- age   2:      59944 bytes,     411016 total
- age   3:     198256 bytes,     609272 total
 23947K->17523K(24716K), 0.0011983 secs]
49.749: [GC
Desired survivor size 557056 bytes, new threshold 15 (max 15)
- age   1:     447728 bytes,     447728 total
- age   2:       6448 bytes,     454176 total
- age   3:      59944 bytes,     514120 total
 24047K->17619K(24908K), 0.0012818 secs]
49.751: [Full GC 17619K->8793K(24908K), 0.0713909 secs]
49.827: [GC
Desired survivor size 557056 bytes, new threshold 15 (max 15)
- age   1:     249032 bytes,     249032 total
 15314K->9042K(24716K), 0.0006971 secs]
49.832: [GC
Desired survivor size 557056 bytes, new threshold 15 (max 15)
- age   1:     410096 bytes,     410096 total
- age   2:     127240 bytes,     537336 total
 15557K->9321K(24716K), 0.0012555 secs]
49.838: [GC
Desired survivor size 557056 bytes, new threshold 15 (max 15)
- age   1:      67512 bytes,      67512 total
- age   2:     107608 bytes,     175120 total
- age   3:     127240 bytes,     302360 total
 15833K->9091K(24716K), 0.0033378 secs]
49.847: [GC
Desired survivor size 557056 bytes, new threshold 15 (max 15)
- age   1:      73424 bytes,      73424 total
- age   3:     107608 bytes,     181032 total
- age   4:     127240 bytes,     308272 total
 15573K->9095K(24716K), 0.0014524 secs]
49.853: [GC
Desired survivor size 557056 bytes, new threshold 15 (max 15)
- age   1:     151928 bytes,     151928 total
- age   2:       3440 bytes,     155368 total
- age   4:     107608 bytes,     262976 total
- age   5:     127240 bytes,     390216 total
 15623K->9176K(24716K), 0.0009470 secs]
49.858: [GC
Desired survivor size 557056 bytes, new threshold 15 (max 15)
- age   1:     192368 bytes,     192368 total
- age   2:       6704 bytes,     199072 total
- age   3:       3440 bytes,     202512 total
- age   5:     107608 bytes,     310120 total
- age   6:      70448 bytes,     380568 total
 15680K->9171K(24716K), 0.0010388 secs]
49.864: [GC
Desired survivor size 557056 bytes, new threshold 15 (max 15)
- age   1:     226504 bytes,     226504 total
- age   2:      77192 bytes,     303696 total
- age   3:       6704 bytes,     310400 total
- age   4:       3440 bytes,     313840 total
- age   6:     107608 bytes,     421448 total
- age   7:      70448 bytes,     491896 total
 15601K->9277K(24716K), 0.0010001 secs]
49.869: [GC
Desired survivor size 557056 bytes, new threshold 15 (max 15)
- age   1:     137112 bytes,     137112 total
- age   2:     142328 bytes,     279440 total
- age   3:      77192 bytes,     356632 total
- age   4:       6704 bytes,     363336 total
- age   5:       3440 bytes,     366776 total
- age   7:      61976 bytes,     428752 total
- age   8:      70448 bytes,     499200 total
 15799K->9290K(24716K), 0.0010880 secs]
49.874: [GC
Desired survivor size 557056 bytes, new threshold 3 (max 15)
- age   1:     338464 bytes,     338464 total
- age   2:      84992 bytes,     423456 total
- age   3:     142328 bytes,     565784 total
- age   4:      77192 bytes,     642976 total
- age   5:       6704 bytes,     649680 total
- age   6:       3440 bytes,     653120 total
- age   8:      61976 bytes,     715096 total
- age   9:      70448 bytes,     785544 total
 15817K->9562K(24716K), 0.0014226 secs]
49.880: [GC
Desired survivor size 557056 bytes, new threshold 15 (max 15)
- age   1:     138208 bytes,     138208 total
- age   2:     308240 bytes,     446448 total
- age   3:      84992 bytes,     531440 total
 16032K->9688K(24716K), 0.0013831 secs]
49.887: [GC
Desired survivor size 557056 bytes, new threshold 3 (max 15)
- age   1:     432408 bytes,     432408 total
- age   2:      84152 bytes,     516560 total
- age   3:     308240 bytes,     824800 total
- age   4:      84992 bytes,     909792 total
 16182K->10052K(24716K), 0.0012963 secs]
49.892: [GC
Desired survivor size 557056 bytes, new threshold 1 (max 15)
- age   1:     559480 bytes,     559480 total
- age   2:     322296 bytes,     881776 total
- age   3:      84152 bytes,     965928 total
 16560K->10491K(24716K), 0.0015105 secs]
49.902: [GC
Desired survivor size 557056 bytes, new threshold 15 (max 15)
- age   1:     325904 bytes,     325904 total
 16989K->10508K(24716K), 0.0016025 secs]
49.908: [GC
Desired survivor size 557056 bytes, new threshold 15 (max 15)
- age   1:     300952 bytes,     300952 total
- age   2:     207688 bytes,     508640 total
 17013K->10686K(24716K), 0.0009184 secs]
49.913: [GC
Desired survivor size 557056 bytes, new threshold 1 (max 15)
- age   1:     639096 bytes,     639096 total
- age   2:     227440 bytes,     866536 total
- age   3:     207688 bytes,    1074224 total
 17199K->11456K(24716K), 0.0015896 secs]
49.918: [GC
Desired survivor size 557056 bytes, new threshold 15 (max 15)
- age   1:      75984 bytes,      75984 total
 17970K->11463K(24716K), 0.0015771 secs]
49.924: [GC
Desired survivor size 557056 bytes, new threshold 15 (max 15)
- age   1:     168936 bytes,     168936 total
- age   2:      49360 bytes,     218296 total
 17973K->11604K(24716K), 0.0007478 secs]
49.930: [GC
Desired survivor size 557056 bytes, new threshold 2 (max 15)
- age   1:     528936 bytes,     528936 total
- age   2:      90968 bytes,     619904 total
- age   3:      49360 bytes,     669264 total
 18124K->12045K(24716K), 0.0011052 secs]
49.936: [GC
Desired survivor size 557056 bytes, new threshold 2 (max 15)
- age   1:     186816 bytes,     186816 total
- age   2:     457568 bytes,     644384 total
 18542K->12155K(24716K), 0.0013467 secs]
49.944: [GC
Desired survivor size 557056 bytes, new threshold 15 (max 15)
- age   1:     113280 bytes,     113280 total
- age   2:     113792 bytes,     227072 total
 18629K->12196K(24716K), 0.0013002 secs]
49.950: [GC
Desired survivor size 557056 bytes, new threshold 15 (max 15)
- age   1:     110648 bytes,     110648 total
- age   2:      78144 bytes,     188792 total
- age   3:      53168 bytes,     241960 total
 18690K->12211K(24716K), 0.0007093 secs]
49.955: [GC
Desired survivor size 557056 bytes, new threshold 15 (max 15)
- age   1:     116344 bytes,     116344 total
- age   2:      39240 bytes,     155584 total
- age   3:      78144 bytes,     233728 total
- age   4:      53168 bytes,     286896 total
 18717K->12255K(24716K), 0.0008295 secs]
49.961: [GC
Desired survivor size 557056 bytes, new threshold 2 (max 15)
- age   1:     509616 bytes,     509616 total
- age   2:      79608 bytes,     589224 total
- age   3:      39240 bytes,     628464 total
- age   4:      76360 bytes,     704824 total
- age   5:      53168 bytes,     757992 total
 18783K->12714K(24716K), 0.0010695 secs]
49.966: [GC
Desired survivor size 557056 bytes, new threshold 2 (max 15)
- age   1:     308312 bytes,     308312 total
- age   2:     507312 bytes,     815624 total
 19235K->12873K(24716K), 0.0016512 secs]
49.972: [GC
Desired survivor size 557056 bytes, new threshold 15 (max 15)
- age   1:     167032 bytes,     167032 total
- age   2:     228432 bytes,     395464 total
 19335K->12709K(24716K), 0.0012656 secs]
49.977: [GC
Desired survivor size 557056 bytes, new threshold 15 (max 15)
- age   1:     169376 bytes,     169376 total
- age   2:      81608 bytes,     250984 total
- age   3:     228432 bytes,     479416 total
 19224K->12791K(24716K), 0.0009703 secs]
49.987: [GC
Desired survivor size 557056 bytes, new threshold 4 (max 15)
- age   1:     255976 bytes,     255976 total
- age   2:      82840 bytes,     338816 total
- age   3:      81608 bytes,     420424 total
- age   4:     153048 bytes,     573472 total
 19298K->12881K(24716K), 0.0010938 secs]
49.993: [GC
Desired survivor size 557056 bytes, new threshold 3 (max 15)
- age   1:     267936 bytes,     267936 total
- age   2:     222648 bytes,     490584 total
- age   3:      82840 bytes,     573424 total
- age   4:      81608 bytes,     655032 total
 19399K->13110K(24716K), 0.0012273 secs]
49.999: [GC
Desired survivor size 557056 bytes, new threshold 15 (max 15)
- age   1:     186160 bytes,     186160 total
- age   2:     243776 bytes,     429936 total
- age   3:      66960 bytes,     496896 total
 19625K->13116K(24716K), 0.0012098 secs]
50.005: [GC
Desired survivor size 557056 bytes, new threshold 15 (max 15)
- age   1:      86024 bytes,      86024 total
- age   2:      28768 bytes,     114792 total
- age   3:     243448 bytes,     358240 total
- age   4:      66472 bytes,     424712 total
 19596K->13046K(24716K), 0.0009195 secs]
50.010: [GC
Desired survivor size 557056 bytes, new threshold 1 (max 15)
- age   1:     681936 bytes,     681936 total
- age   2:       4840 bytes,     686776 total
- age   3:      28768 bytes,     715544 total
- age   4:     143808 bytes,     859352 total
- age   5:      66472 bytes,     925824 total
 19534K->13535K(24716K), 0.0011854 secs]
50.017: [GC
Desired survivor size 557056 bytes, new threshold 15 (max 15)
- age   1:     150840 bytes,     150840 total
 20063K->13502K(24716K), 0.0012801 secs]
50.023: [GC
Desired survivor size 557056 bytes, new threshold 15 (max 15)
- age   1:     407688 bytes,     407688 total
- age   2:      26840 bytes,     434528 total
 20008K->13775K(24716K), 0.0010168 secs]
50.029: [GC
Desired survivor size 557056 bytes, new threshold 2 (max 15)
- age   1:     513712 bytes,     513712 total
- age   2:     169736 bytes,     683448 total
- age   3:      26808 bytes,     710256 total
 20279K->14046K(24716K), 0.0011146 secs]
50.038: [GC
Desired survivor size 557056 bytes, new threshold 2 (max 15)
- age   1:     353504 bytes,     353504 total
- age   2:     314128 bytes,     667632 total
 20537K->14199K(24716K), 0.0013827 secs]
50.045: [GC
Desired survivor size 557056 bytes, new threshold 15 (max 15)
- age   1:      88616 bytes,      88616 total
- age   2:     274664 bytes,     363280 total
 20683K->14209K(24716K), 0.0011720 secs]
50.051: [GC
Desired survivor size 557056 bytes, new threshold 15 (max 15)
- age   1:     300656 bytes,     300656 total
- age   2:       5440 bytes,     306096 total
- age   3:     156912 bytes,     463008 total
 20712K->14308K(24716K), 0.0009214 secs]
50.056: [GC
Desired survivor size 557056 bytes, new threshold 15 (max 15)
- age   1:     296504 bytes,     296504 total
- age   2:      44144 bytes,     340648 total
- age   3:       5440 bytes,     346088 total
- age   4:     156912 bytes,     503000 total
 20828K->14347K(24716K), 0.0009655 secs]
50.061: [GC
Desired survivor size 557056 bytes, new threshold 15 (max 15)
- age   1:     294920 bytes,     294920 total
- age   2:       4816 bytes,     299736 total
- age   3:      44144 bytes,     343880 total
- age   4:       5440 bytes,     349320 total
- age   5:     156912 bytes,     506232 total
 20870K->14352K(24716K), 0.0011781 secs]
50.068: [GC
Desired survivor size 557056 bytes, new threshold 15 (max 15)
- age   1:     270472 bytes,     270472 total
- age   2:      24264 bytes,     294736 total
- age   3:       4816 bytes,     299552 total
- age   4:       2464 bytes,     302016 total
- age   5:       5440 bytes,     307456 total
- age   6:     156912 bytes,     464368 total
 20879K->14312K(24716K), 0.0008848 secs]
50.073: [GC
Desired survivor size 557056 bytes, new threshold 7 (max 15)
- age   1:     412424 bytes,     412424 total
- age   2:      17408 bytes,     429832 total
- age   3:      24264 bytes,     454096 total
- age   4:       4816 bytes,     458912 total
- age   5:       2464 bytes,     461376 total
- age   6:       5440 bytes,     466816 total
- age   7:     156912 bytes,     623728 total
 20824K->14468K(24716K), 0.0010354 secs]
50.078: [GC
Desired survivor size 557056 bytes, new threshold 15 (max 15)
- age   1:     220856 bytes,     220856 total
- age   2:     176904 bytes,     397760 total
- age   3:      17408 bytes,     415168 total
- age   4:      24264 bytes,     439432 total
- age   5:       4816 bytes,     444248 total
- age   6:       2464 bytes,     446712 total
- age   7:       5440 bytes,     452152 total
 20955K->14462K(24716K), 0.0011242 secs]
50.083: [GC
Desired survivor size 557056 bytes, new threshold 3 (max 15)
- age   1:     361208 bytes,     361208 total
- age   2:     135704 bytes,     496912 total
- age   3:     176904 bytes,     673816 total
- age   4:      17408 bytes,     691224 total
- age   5:      24264 bytes,     715488 total
- age   6:       4816 bytes,     720304 total
- age   7:       2464 bytes,     722768 total
- age   8:       5440 bytes,     728208 total
 20982K->14727K(24716K), 0.0013327 secs]
50.089: [GC
Desired survivor size 557056 bytes, new threshold 1 (max 15)
- age   1:     589912 bytes,     589912 total
- age   2:     261144 bytes,     851056 total
- age   3:     135704 bytes,     986760 total
 21219K->15213K(24716K), 0.0015000 secs]
50.095: [GC
Desired survivor size 557056 bytes, new threshold 15 (max 15)
- age   1:     221072 bytes,     221072 total
 21710K->15139K(24716K), 0.0016233 secs]
50.101: [GC
Desired survivor size 557056 bytes, new threshold 15 (max 15)
- age   1:     237816 bytes,     237816 total
- age   2:     188296 bytes,     426112 total
 21658K->15339K(24716K), 0.0009196 secs]
50.109: [GC
Desired survivor size 557056 bytes, new threshold 3 (max 15)
- age   1:     276152 bytes,     276152 total
- age   2:     159496 bytes,     435648 total
- age   3:     188296 bytes,     623944 total
 21841K->15532K(24716K), 0.0010618 secs]
50.114: [GC
Desired survivor size 557056 bytes, new threshold 15 (max 15)
- age   1:     148320 bytes,     148320 total
- age   2:     234704 bytes,     383024 total
- age   3:     159496 bytes,     542520 total
 22054K->15637K(24716K), 0.0014572 secs]
50.120: [GC
Desired survivor size 557056 bytes, new threshold 1 (max 15)
- age   1:     705504 bytes,     705504 total
- age   2:     104128 bytes,     809632 total
- age   3:      82664 bytes,     892296 total
- age   4:     159496 bytes,    1051792 total
 22150K->16134K(24716K), 0.0014930 secs]
50.127: [GC
Desired survivor size 557056 bytes, new threshold 15 (max 15)
- age   1:     318584 bytes,     318584 total
 22656K->16266K(24716K), 0.0016470 secs]
50.133: [GC
Desired survivor size 557056 bytes, new threshold 2 (max 15)
- age   1:     545984 bytes,     545984 total
- age   2:     147968 bytes,     693952 total
 22784K->16632K(24716K), 0.0011497 secs]
50.138: [GC
Desired survivor size 557056 bytes, new threshold 2 (max 15)
- age   1:     391880 bytes,     391880 total
- age   2:     473456 bytes,     865336 total
 23132K->16942K(24716K), 0.0014995 secs]
50.144: [GC
Desired survivor size 557056 bytes, new threshold 2 (max 15)
- age   1:     379656 bytes,     379656 total
- age   2:     316480 bytes,     696136 total
 23422K->17239K(24716K), 0.0015102 secs]
50.151: [GC
Desired survivor size 557056 bytes, new threshold 15 (max 15)
- age   1:     244376 bytes,     244376 total
- age   2:     301784 bytes,     546160 total
 23687K->17401K(24716K), 0.0011415 secs]
50.157: [GC
Desired survivor size 557056 bytes, new threshold 3 (max 15)
- age   1:     379208 bytes,     379208 total
- age   2:     165616 bytes,     544824 total
- age   3:     301784 bytes,     846608 total
 23912K->17694K(24716K), 0.0014213 secs]
50.163: [GC
Desired survivor size 557056 bytes, new threshold 3 (max 15)
- age   1:     214280 bytes,     214280 total
- age   2:     250184 bytes,     464464 total
- age   3:     109664 bytes,     574128 total
 24205K->17641K(24716K), 0.0010842 secs]
50.169: [GC
Desired survivor size 557056 bytes, new threshold 2 (max 15)
- age   1:     483736 bytes,     483736 total
- age   2:      86376 bytes,     570112 total
- age   3:     250184 bytes,     820296 total
 24120K->17988K(24908K), 0.0014236 secs]
50.171: [Full GC 17988K->8126K(24908K), 0.0704801 secs]
50.246: [GC
Desired survivor size 557056 bytes, new threshold 15 (max 15)
- age   1:     465544 bytes,     465544 total
 14636K->8584K(24716K), 0.0011646 secs]
50.252: [GC
Desired survivor size 557056 bytes, new threshold 2 (max 15)
- age   1:     281184 bytes,     281184 total
- age   2:     436784 bytes,     717968 total
 15055K->8830K(24716K), 0.0010774 secs]
50.258: [GC
Desired survivor size 557056 bytes, new threshold 15 (max 15)
- age   1:      80912 bytes,      80912 total
- age   2:     198496 bytes,     279408 total
 15318K->8703K(24716K), 0.0011902 secs]
50.264: [GC
Desired survivor size 557056 bytes, new threshold 3 (max 15)
- age   1:     480408 bytes,     480408 total
- age   2:      47672 bytes,     528080 total
- age   3:     198496 bytes,     726576 total
 15203K->9141K(24716K), 0.0011239 secs]
50.270: [GC
Desired survivor size 557056 bytes, new threshold 2 (max 15)
- age   1:     170656 bytes,     170656 total
- age   2:     437576 bytes,     608232 total
- age   3:      47632 bytes,     655864 total
 15658K->9165K(24716K), 0.0013558 secs]
50.275: [GC
Desired survivor size 557056 bytes, new threshold 15 (max 15)
- age   1:     156800 bytes,     156800 total
- age   2:     125080 bytes,     281880 total
 15681K->9173K(24716K), 0.0010748 secs]
50.281: [GC
Desired survivor size 557056 bytes, new threshold 3 (max 15)
- age   1:     365816 bytes,     365816 total
- age   2:     108368 bytes,     474184 total
- age   3:      99672 bytes,     573856 total
 15691K->9458K(24716K), 0.0010053 secs]
50.286: [GC
Desired survivor size 557056 bytes, new threshold 15 (max 15)
- age   1:     146728 bytes,     146728 total
- age   2:     163528 bytes,     310256 total
- age   3:     108336 bytes,     418592 total
 15985K->9404K(24716K), 0.0010243 secs]
50.291: [GC
Desired survivor size 557056 bytes, new threshold 3 (max 15)
- age   1:     334792 bytes,     334792 total
- age   2:      63064 bytes,     397856 total
- age   3:     163528 bytes,     561384 total
- age   4:     108128 bytes,     669512 total
 15932K->9649K(24716K), 0.0013782 secs]
50.297: [GC
Desired survivor size 557056 bytes, new threshold 15 (max 15)
- age   1:     188360 bytes,     188360 total
- age   2:     192016 bytes,     380376 total
- age   3:      63064 bytes,     443440 total
 16163K->9621K(24716K), 0.0018648 secs]
50.307: [GC
Desired survivor size 557056 bytes, new threshold 3 (max 15)
- age   1:     506256 bytes,     506256 total
- age   2:       4168 bytes,     510424 total
- age   3:     191976 bytes,     702400 total
 16116K->9871K(24716K), 0.0011068 secs]
50.315: [GC
Desired survivor size 557056 bytes, new threshold 2 (max 15)
- age   1:     548816 bytes,     548816 total
- age   2:     258136 bytes,     806952 total
- age   3:       4168 bytes,     811120 total
 16399K->10166K(24716K), 0.0015079 secs]
50.320: [GC
Desired survivor size 557056 bytes, new threshold 2 (max 15)
- age   1:      88272 bytes,      88272 total
- age   2:     471168 bytes,     559440 total
 16659K->10099K(24716K), 0.0011895 secs]
50.326: [GC
Desired survivor size 557056 bytes, new threshold 15 (max 15)
- age   1:     224864 bytes,     224864 total
- age   2:      46824 bytes,     271688 total
 16614K->10279K(24716K), 0.0013188 secs]
50.332: [GC
Desired survivor size 557056 bytes, new threshold 15 (max 15)
- age   1:     131488 bytes,     131488 total
- age   2:     169200 bytes,     300688 total
- age   3:      46824 bytes,     347512 total
 16807K->10353K(24716K), 0.0009050 secs]
50.337: [GC
Desired survivor size 557056 bytes, new threshold 3 (max 15)
- age   1:     445328 bytes,     445328 total
- age   2:      57712 bytes,     503040 total
- age   3:     126352 bytes,     629392 total
- age   4:      46824 bytes,     676216 total
 16873K->10674K(24716K), 0.0014023 secs]
50.343: [GC
Desired survivor size 557056 bytes, new threshold 2 (max 15)
- age   1:     507472 bytes,     507472 total
- age   2:     362224 bytes,     869696 total
- age   3:      57712 bytes,     927408 total
 17178K->11085K(24716K), 0.0015594 secs]
50.349: [GC
Desired survivor size 557056 bytes, new threshold 2 (max 15)
- age   1:     429240 bytes,     429240 total
- age   2:     507472 bytes,     936712 total
 17598K->11352K(24716K), 0.0015685 secs]
50.356: [GC
Desired survivor size 557056 bytes, new threshold 2 (max 15)
- age   1:     504232 bytes,     504232 total
- age   2:     273520 bytes,     777752 total
 17806K->11446K(24716K), 0.0012564 secs]
50.361: [GC
Desired survivor size 557056 bytes, new threshold 2 (max 15)
- age   1:     253968 bytes,     253968 total
- age   2:     345056 bytes,     599024 total
 17927K->11546K(24716K), 0.0015132 secs]
50.367: [GC
Desired survivor size 557056 bytes, new threshold 15 (max 15)
- age   1:     252648 bytes,     252648 total
- age   2:     172784 bytes,     425432 total
 18047K->11464K(24716K), 0.0010824 secs]
50.372: [GC
Desired survivor size 557056 bytes, new threshold 15 (max 15)
- age   1:     132472 bytes,     132472 total
- age   2:     170176 bytes,     302648 total
- age   3:     172784 bytes,     475432 total
 17961K->11515K(24716K), 0.0009645 secs]
50.378: [GC
Desired survivor size 557056 bytes, new threshold 15 (max 15)
- age   1:      93952 bytes,      93952 total
- age   2:      84008 bytes,     177960 total
- age   3:     170176 bytes,     348136 total
- age   4:     172784 bytes,     520920 total
 18043K->11560K(24716K), 0.0009509 secs]
50.384: [GC
Desired survivor size 557056 bytes, new threshold 15 (max 15)
- age   1:     141600 bytes,     141600 total
- age   2:      40896 bytes,     182496 total
- age   3:      84008 bytes,     266504 total
- age   5:      86360 bytes,     352864 total
 18004K->11396K(24716K), 0.0009721 secs]
50.391: [GC
Desired survivor size 557056 bytes, new threshold 4 (max 15)
- age   1:     385992 bytes,     385992 total
- age   2:      55080 bytes,     441072 total
- age   3:      40896 bytes,     481968 total
- age   4:      84008 bytes,     565976 total
 17819K->11602K(24716K), 0.0015254 secs]
50.399: [GC
Desired survivor size 557056 bytes, new threshold 15 (max 15)
- age   1:     174816 bytes,     174816 total
- age   2:     221512 bytes,     396328 total
- age   3:      55080 bytes,     451408 total
- age   4:      40896 bytes,     492304 total
 18118K->11619K(24716K), 0.0010152 secs]
50.405: [GC
Desired survivor size 557056 bytes, new threshold 15 (max 15)
- age   1:      62176 bytes,      62176 total
- age   2:     119744 bytes,     181920 total
- age   3:     220808 bytes,     402728 total
- age   4:      55080 bytes,     457808 total
- age   5:      40896 bytes,     498704 total
 18133K->11626K(24716K), 0.0010175 secs]
50.413: [GC
Desired survivor size 557056 bytes, new threshold 15 (max 15)
- age   1:      70784 bytes,      70784 total
- age   2:       2800 bytes,      73584 total
- age   3:     119744 bytes,     193328 total
- age   4:     220104 bytes,     413432 total
- age   5:      55080 bytes,     468512 total
- age   6:      40896 bytes,     509408 total
 18102K->11641K(24716K), 0.0012045 secs]
50.420: [GC
Desired survivor size 557056 bytes, new threshold 6 (max 15)
- age   1:     181184 bytes,     181184 total
- age   2:       9176 bytes,     190360 total
- age   3:       2800 bytes,     193160 total
- age   4:     119744 bytes,     312904 total
- age   5:     220104 bytes,     533008 total
- age   6:      55080 bytes,     588088 total
- age   7:      40896 bytes,     628984 total
 18169K->11755K(24716K), 0.0010767 secs]
50.425: [GC
Desired survivor size 557056 bytes, new threshold 6 (max 15)
- age   1:     164472 bytes,     164472 total
- age   2:     151224 bytes,     315696 total
- age   3:       9176 bytes,     324872 total
- age   4:       2800 bytes,     327672 total
- age   5:     119744 bytes,     447416 total
- age   6:     220104 bytes,     667520 total
 18260K->11898K(24716K), 0.0047266 secs]
50.435: [GC
Desired survivor size 557056 bytes, new threshold 3 (max 15)
- age   1:     340240 bytes,     340240 total
- age   2:     142976 bytes,     483216 total
- age   3:     150656 bytes,     633872 total
- age   4:       7976 bytes,     641848 total
- age   5:       2800 bytes,     644648 total
- age   6:     119744 bytes,     764392 total
 18419K->12202K(24716K), 0.0014298 secs]
50.442: [GC
Desired survivor size 557056 bytes, new threshold 2 (max 15)
- age   1:     433392 bytes,     433392 total
- age   2:     255408 bytes,     688800 total
- age   3:     142976 bytes,     831776 total
 18723K->12415K(24716K), 0.0011890 secs]
50.448: [GC
Desired survivor size 557056 bytes, new threshold 15 (max 15)
- age   1:     292264 bytes,     292264 total
- age   2:     261680 bytes,     553944 total
 18930K->12534K(24716K), 0.0038843 secs]
50.460: [GC
Desired survivor size 557056 bytes, new threshold 3 (max 15)
- age   1:     246248 bytes,     246248 total
- age   2:     240176 bytes,     486424 total
- age   3:     232856 bytes,     719280 total
 19019K->12694K(24716K), 0.0028966 secs]
50.469: [GC
Desired survivor size 557056 bytes, new threshold 3 (max 15)
- age   1:     281216 bytes,     281216 total
- age   2:     191896 bytes,     473112 total
- age   3:     240176 bytes,     713288 total
 19196K->12914K(24716K), 0.0011798 secs]
50.474: [GC
Desired survivor size 557056 bytes, new threshold 15 (max 15)
- age   1:     104528 bytes,     104528 total
- age   2:     171560 bytes,     276088 total
- age   3:     191896 bytes,     467984 total
 19436K->12909K(24716K), 0.0011967 secs]
50.480: [GC
Desired survivor size 557056 bytes, new threshold 15 (max 15)
- age   1:     118296 bytes,     118296 total
- age   2:      58240 bytes,     176536 total
- age   3:     102592 bytes,     279128 total
- age   4:     191896 bytes,     471024 total
 19434K->12910K(24716K), 0.0010043 secs]
50.494: [GC
Desired survivor size 557056 bytes, new threshold 15 (max 15)
- age   1:      95832 bytes,      95832 total
- age   2:     103968 bytes,     199800 total
- age   3:      58240 bytes,     258040 total
- age   4:     102592 bytes,     360632 total
- age   5:     191864 bytes,     552496 total
 19436K->12989K(24716K), 0.0010660 secs]
50.500: [GC
Desired survivor size 557056 bytes, new threshold 5 (max 15)
- age   1:     301992 bytes,     301992 total
- age   2:      62656 bytes,     364648 total
- age   3:     103968 bytes,     468616 total
- age   4:      58240 bytes,     526856 total
- age   5:     102592 bytes,     629448 total
- age   6:     191864 bytes,     821312 total
 19516K->13252K(24716K), 0.0011812 secs]
50.506: [GC
Desired survivor size 557056 bytes, new threshold 15 (max 15)
- age   1:     114512 bytes,     114512 total
- age   2:     256312 bytes,     370824 total
- age   4:     103968 bytes,     474792 total
- age   5:      57896 bytes,     532688 total
 19775K->13260K(24716K), 0.0012801 secs]
50.511: [GC
Desired survivor size 557056 bytes, new threshold 15 (max 15)
- age   1:     129392 bytes,     129392 total
- age   2:      60680 bytes,     190072 total
- age   3:      57280 bytes,     247352 total
- age   5:     103968 bytes,     351320 total
- age   6:      57896 bytes,     409216 total
 19776K->13136K(24716K), 0.0009522 secs]
50.516: [GC
Desired survivor size 557056 bytes, new threshold 3 (max 15)
- age   1:     465600 bytes,     465600 total
- age   2:      67976 bytes,     533576 total
- age   3:      60680 bytes,     594256 total
- age   4:      57280 bytes,     651536 total
- age   6:     103968 bytes,     755504 total
- age   7:      57896 bytes,     813400 total
 19646K->13531K(24716K), 0.0011942 secs]
50.522: [GC
Desired survivor size 557056 bytes, new threshold 15 (max 15)
- age   1:     120528 bytes,     120528 total
- age   2:     194088 bytes,     314616 total
- age   3:      67976 bytes,     382592 total
 20051K->13395K(24716K), 0.0011257 secs]
50.527: [GC
Desired survivor size 557056 bytes, new threshold 2 (max 15)
- age   1:     476368 bytes,     476368 total
- age   2:      83120 bytes,     559488 total
- age   3:     133880 bytes,     693368 total
- age   4:      67976 bytes,     761344 total
 19849K->13759K(24716K), 0.0011537 secs]
50.532: [GC
Desired survivor size 557056 bytes, new threshold 15 (max 15)
- age   1:     106976 bytes,     106976 total
- age   2:     252096 bytes,     359072 total
 20254K->13644K(24716K), 0.0013410 secs]
50.537: [GC
Desired survivor size 557056 bytes, new threshold 15 (max 15)
- age   1:     177192 bytes,     177192 total
- age   2:      65040 bytes,     242232 total
- age   3:     252096 bytes,     494328 total
 20164K->13776K(24716K), 0.0009294 secs]
50.542: [GC
Desired survivor size 557056 bytes, new threshold 15 (max 15)
- age   1:     165424 bytes,     165424 total
- age   2:     116704 bytes,     282128 total
- age   4:     252096 bytes,     534224 total
 20281K->13815K(24716K), 0.0012462 secs]
50.548: [GC
Desired survivor size 557056 bytes, new threshold 5 (max 15)
- age   1:     278832 bytes,     278832 total
- age   2:     132728 bytes,     411560 total
- age   3:     116704 bytes,     528264 total
- age   5:     167920 bytes,     696184 total
 20305K->13973K(24716K), 0.0012192 secs]
50.554: [GC
Desired survivor size 557056 bytes, new threshold 15 (max 15)
- age   1:     161800 bytes,     161800 total
- age   2:     126704 bytes,     288504 total
- age   3:     132728 bytes,     421232 total
- age   4:     116704 bytes,     537936 total
 20451K->13983K(24716K), 0.0011007 secs]
50.559: [GC
Desired survivor size 557056 bytes, new threshold 15 (max 15)
- age   1:     175896 bytes,     175896 total
- age   3:     126704 bytes,     302600 total
- age   4:     132728 bytes,     435328 total
- age   5:     116704 bytes,     552032 total
 20508K->13997K(24716K), 0.0014459 secs]
50.566: [GC
Desired survivor size 557056 bytes, new threshold 2 (max 15)
- age   1:     517576 bytes,     517576 total
- age   2:      97808 bytes,     615384 total
- age   4:     126704 bytes,     742088 total
- age   5:     132728 bytes,     874816 total
- age   6:     116704 bytes,     991520 total
 20520K->14426K(24716K), 0.0012286 secs]
50.571: [GC
Desired survivor size 557056 bytes, new threshold 2 (max 15)
- age   1:     406624 bytes,     406624 total
- age   2:     333704 bytes,     740328 total
 20932K->14659K(24716K), 0.0019944 secs]
50.578: [GC
Desired survivor size 557056 bytes, new threshold 15 (max 15)
- age   1:     109864 bytes,     109864 total
- age   2:     381200 bytes,     491064 total
 21145K->14673K(24716K), 0.0010824 secs]
50.583: [GC
Desired survivor size 557056 bytes, new threshold 1 (max 15)
- age   1:     657464 bytes,     657464 total
- age   2:      79832 bytes,     737296 total
- age   3:     349128 bytes,    1086424 total
 21195K->15285K(24716K), 0.0013744 secs]
50.589: [GC
Desired survivor size 557056 bytes, new threshold 15 (max 15)
- age   1:      65824 bytes,      65824 total
 21788K->15238K(24716K), 0.0014791 secs]
50.595: [GC
Desired survivor size 557056 bytes, new threshold 1 (max 15)
- age   1:     669688 bytes,     669688 total
- age   2:      35232 bytes,     704920 total
 21762K->15865K(24716K), 0.0009531 secs]
50.601: [GC
Desired survivor size 557056 bytes, new threshold 15 (max 15)
- age   1:     405056 bytes,     405056 total
 22359K->16260K(24716K), 0.0018761 secs]
50.609: [GC
Desired survivor size 557056 bytes, new threshold 15 (max 15)
- age   1:     168904 bytes,     168904 total
- age   2:     374312 bytes,     543216 total
 22771K->16395K(24716K), 0.0010021 secs]
50.615: [GC
Desired survivor size 557056 bytes, new threshold 3 (max 15)
- age   1:     497048 bytes,     497048 total
- age   2:      33984 bytes,     531032 total
- age   3:     289872 bytes,     820904 total
 22870K->16666K(24716K), 0.0011013 secs]
50.620: [GC
Desired survivor size 557056 bytes, new threshold 2 (max 15)
- age   1:     482064 bytes,     482064 total
- age   2:     438664 bytes,     920728 total
- age   3:      33984 bytes,     954712 total
 23190K->17029K(24716K), 0.0014879 secs]
50.627: [GC
Desired survivor size 557056 bytes, new threshold 15 (max 15)
- age   1:     131120 bytes,     131120 total
- age   2:     354080 bytes,     485200 total
 23530K->17032K(24716K), 0.0012966 secs]
50.634: [GC
Desired survivor size 557056 bytes, new threshold 15 (max 15)
- age   1:     311264 bytes,     311264 total
- age   2:     112720 bytes,     423984 total
- age   3:      31768 bytes,     455752 total
 23540K->17003K(24716K), 0.0010282 secs]
50.640: [GC
Desired survivor size 557056 bytes, new threshold 15 (max 15)
- age   1:     199560 bytes,     199560 total
- age   2:     204160 bytes,     403720 total
- age   3:     112720 bytes,     516440 total
- age   4:      31768 bytes,     548208 total
 23513K->17093K(24716K), 0.0010201 secs]
50.646: [GC
Desired survivor size 557056 bytes, new threshold 2 (max 15)
- age   1:     482256 bytes,     482256 total
- age   2:     172536 bytes,     654792 total
- age   3:     144536 bytes,     799328 total
- age   4:     112720 bytes,     912048 total
- age   5:      31768 bytes,     943816 total
 23585K->17479K(24716K), 0.0014884 secs]
50.652: [GC
Desired survivor size 557056 bytes, new threshold 1 (max 15)
- age   1:     564176 bytes,     564176 total
- age   2:     432848 bytes,     997024 total
 24006K->17990K(24716K), 0.0027399 secs]
50.659: [GC
Desired survivor size 557056 bytes, new threshold 15 (max 15)
- age   1:     220248 bytes,     220248 total
 24503K->17878K(25292K), 0.0014002 secs]
50.660: [Full GC 17878K->8635K(25292K), 0.0706267 secs]
50.736: [GC
Desired survivor size 557056 bytes, new threshold 1 (max 15)
- age   1:     916072 bytes,     916072 total
 15152K->9534K(24716K), 0.0017875 secs]
50.741: [GC
Desired survivor size 557056 bytes, new threshold 15 (max 15)
- age   1:     168896 bytes,     168896 total
 16033K->9591K(24716K), 0.0012976 secs]
50.747: [GC
Desired survivor size 557056 bytes, new threshold 15 (max 15)
- age   1:     352688 bytes,     352688 total
- age   2:      77360 bytes,     430048 total
 16085K->9844K(24716K), 0.0017697 secs]
50.753: [GC
Desired survivor size 557056 bytes, new threshold 15 (max 15)
- age   1:     146088 bytes,     146088 total
- age   2:     266400 bytes,     412488 total
- age   3:      77320 bytes,     489808 total
 16322K->9904K(24716K), 0.0010071 secs]
50.758: [GC
Desired survivor size 557056 bytes, new threshold 3 (max 15)
- age   1:     257208 bytes,     257208 total
- age   2:      86464 bytes,     343672 total
- age   3:     266400 bytes,     610072 total
- age   4:      77320 bytes,     687392 total
 16432K->10097K(24716K), 0.0012373 secs]
50.763: [GC
Desired survivor size 557056 bytes, new threshold 15 (max 15)
- age   1:     293248 bytes,     293248 total
- age   2:      67112 bytes,     360360 total
- age   3:      86464 bytes,     446824 total
 16614K->10197K(24716K), 0.0014266 secs]
50.769: [GC
Desired survivor size 557056 bytes, new threshold 15 (max 15)
- age   1:     204920 bytes,     204920 total
- age   2:      92456 bytes,     297376 total
- age   3:      67112 bytes,     364488 total
- age   4:      86464 bytes,     450952 total
 16690K->10201K(24716K), 0.0010045 secs]
50.774: [GC
Desired survivor size 557056 bytes, new threshold 15 (max 15)
- age   1:     139600 bytes,     139600 total
- age   3:      92456 bytes,     232056 total
- age   4:      67112 bytes,     299168 total
- age   5:      86464 bytes,     385632 total
 16660K->10138K(24716K), 0.0011538 secs]
50.782: [GC
Desired survivor size 557056 bytes, new threshold 15 (max 15)
- age   1:     230584 bytes,     230584 total
- age   2:      71720 bytes,     302304 total
- age   4:      92456 bytes,     394760 total
- age   5:      67112 bytes,     461872 total
 16666K->10211K(24716K), 0.0010695 secs]
50.787: [GC
Desired survivor size 557056 bytes, new threshold 5 (max 15)
- age   1:     261168 bytes,     261168 total
- age   2:     176328 bytes,     437496 total
- age   3:      71720 bytes,     509216 total
- age   5:      92456 bytes,     601672 total
- age   6:      67112 bytes,     668784 total
 16693K->10413K(24716K), 0.0011183 secs]
50.792: [GC
Desired survivor size 557056 bytes, new threshold 15 (max 15)
- age   1:     190256 bytes,     190256 total
- age   2:      48352 bytes,     238608 total
- age   3:     176328 bytes,     414936 total
- age   4:      71720 bytes,     486656 total
 16934K->10391K(24716K), 0.0011967 secs]
50.799: [GC
Desired survivor size 557056 bytes, new threshold 2 (max 15)
- age   1:     466768 bytes,     466768 total
- age   2:     132400 bytes,     599168 total
- age   3:      48352 bytes,     647520 total
- age   4:     176328 bytes,     823848 total
- age   5:      71720 bytes,     895568 total
 16916K->10790K(24716K), 0.0017190 secs]
50.805: [GC
Desired survivor size 557056 bytes, new threshold 15 (max 15)
- age   1:     279696 bytes,     279696 total
- age   2:     226048 bytes,     505744 total
 17311K->10834K(24716K), 0.0015257 secs]
50.810: [GC
Desired survivor size 557056 bytes, new threshold 15 (max 15)
- age   1:     128872 bytes,     128872 total
- age   2:     201256 bytes,     330128 total
- age   3:     226048 bytes,     556176 total
 17342K->10885K(24716K), 0.0010124 secs]
50.815: [GC
Desired survivor size 557056 bytes, new threshold 3 (max 15)
- age   1:     410128 bytes,     410128 total
- age   2:      86856 bytes,     496984 total
- age   3:     201256 bytes,     698240 total
- age   4:     226048 bytes,     924288 total
 17360K->11244K(24716K), 0.0016424 secs]
50.821: [GC
Desired survivor size 557056 bytes, new threshold 15 (max 15)
- age   1:     158536 bytes,     158536 total
- age   2:     263248 bytes,     421784 total
- age   3:      86856 bytes,     508640 total
 17738K->11255K(24716K), 0.0015440 secs]
50.828: [GC
Desired survivor size 557056 bytes, new threshold 15 (max 15)
- age   1:     176080 bytes,     176080 total
- age   2:      80128 bytes,     256208 total
- age   3:     133680 bytes,     389888 total
- age   4:      86856 bytes,     476744 total
 17767K->11224K(24716K), 0.0008906 secs]
50.834: [GC
Desired survivor size 557056 bytes, new threshold 1 (max 15)
- age   1:     569032 bytes,     569032 total
- age   2:      94984 bytes,     664016 total
- age   3:      80128 bytes,     744144 total
- age   4:     133680 bytes,     877824 total
- age   5:      86856 bytes,     964680 total
 17717K->11701K(24716K), 0.0013657 secs]
50.839: [GC
Desired survivor size 557056 bytes, new threshold 15 (max 15)
- age   1:     150296 bytes,     150296 total
 18198K->11643K(24716K), 0.0012434 secs]
50.846: [GC
Desired survivor size 557056 bytes, new threshold 15 (max 15)
- age   1:     391880 bytes,     391880 total
- age   2:      78816 bytes,     470696 total
 18153K->11957K(24716K), 0.0009436 secs]
50.853: [GC
Desired survivor size 557056 bytes, new threshold 15 (max 15)
- age   1:     105808 bytes,     105808 total
- age   2:     128880 bytes,     234688 total
- age   3:      78816 bytes,     313504 total
 18485K->11804K(24716K), 0.0009266 secs]
50.858: [GC
Desired survivor size 557056 bytes, new threshold 4 (max 15)
- age   1:     408912 bytes,     408912 total
- age   2:      47320 bytes,     456232 total
- age   3:      56336 bytes,     512568 total
- age   4:      78816 bytes,     591384 total
 18293K->12073K(24716K), 0.0012423 secs]
50.864: [GC
Desired survivor size 557056 bytes, new threshold 3 (max 15)
- age   1:     242904 bytes,     242904 total
- age   2:     275400 bytes,     518304 total
- age   3:      47320 bytes,     565624 total
- age   4:      56336 bytes,     621960 total
 18575K->12180K(24716K), 0.0015170 secs]
50.870: [GC
Desired survivor size 557056 bytes, new threshold 15 (max 15)
- age   1:     221448 bytes,     221448 total
- age   2:     165696 bytes,     387144 total
- age   3:     137064 bytes,     524208 total
 18639K->12188K(24716K), 0.0026411 secs]
50.877: [GC
Desired survivor size 557056 bytes, new threshold 4 (max 15)
- age   1:     225392 bytes,     225392 total
- age   2:     143176 bytes,     368568 total
- age   3:     165696 bytes,     534264 total
- age   4:     137064 bytes,     671328 total
 18683K->12331K(24716K), 0.0014160 secs]
50.882: [GC
Desired survivor size 557056 bytes, new threshold 3 (max 15)
- age   1:     290520 bytes,     290520 total
- age   2:     174240 bytes,     464760 total
- age   3:     143176 bytes,     607936 total
- age   4:     165696 bytes,     773632 total
 18850K->12565K(24716K), 0.0015648 secs]
50.888: [GC
Desired survivor size 557056 bytes, new threshold 3 (max 15)
- age   1:     285176 bytes,     285176 total
- age   2:     237352 bytes,     522528 total
- age   3:     174240 bytes,     696768 total
 19083K->12791K(24716K), 0.0014655 secs]
50.899: [GC
Desired survivor size 557056 bytes, new threshold 3 (max 15)
- age   1:     293272 bytes,     293272 total
- age   2:      87552 bytes,     380824 total
- age   3:     237352 bytes,     618176 total
 19298K->12883K(24716K), 0.0010108 secs]
50.905: [GC
Desired survivor size 557056 bytes, new threshold 15 (max 15)
- age   1:     104632 bytes,     104632 total
- age   2:     105096 bytes,     209728 total
- age   3:      87552 bytes,     297280 total
 19369K->12802K(24716K), 0.0009185 secs]
50.910: [GC
Desired survivor size 557056 bytes, new threshold 15 (max 15)
- age   1:     112584 bytes,     112584 total
- age   2:      46936 bytes,     159520 total
- age   3:       3472 bytes,     162992 total
- age   4:      87552 bytes,     250544 total
 19303K->12756K(24716K), 0.0008617 secs]
50.917: [GC
Desired survivor size 557056 bytes, new threshold 15 (max 15)
- age   1:     236272 bytes,     236272 total
- age   2:      53152 bytes,     289424 total
- age   4:       2456 bytes,     291880 total
- age   5:      87552 bytes,     379432 total
 19265K->12882K(24716K), 0.0007736 secs]
50.924: [GC
Desired survivor size 557056 bytes, new threshold 15 (max 15)
- age   1:      70128 bytes,      70128 total
- age   2:     123912 bytes,     194040 total
- age   3:      53152 bytes,     247192 total
- age   5:       2344 bytes,     249536 total
- age   6:      87552 bytes,     337088 total
 19402K->12843K(24716K), 0.0009872 secs]
50.928: [GC
Desired survivor size 557056 bytes, new threshold 15 (max 15)
- age   1:     117936 bytes,     117936 total
- age   2:      15976 bytes,     133912 total
- age   3:       3600 bytes,     137512 total
- age   4:      53152 bytes,     190664 total
- age   6:       2344 bytes,     193008 total
- age   7:      87552 bytes,     280560 total
 19335K->12792K(24716K), 0.0008234 secs]
50.933: [GC
Desired survivor size 557056 bytes, new threshold 8 (max 15)
- age   1:     395128 bytes,     395128 total
- age   2:      55912 bytes,     451040 total
- age   3:       4864 bytes,     455904 total
- age   4:       3600 bytes,     459504 total
- age   5:      53152 bytes,     512656 total
- age   7:       2344 bytes,     515000 total
- age   8:      87552 bytes,     602552 total
 19319K->13099K(24716K), 0.0010549 secs]
50.939: [GC
Desired survivor size 557056 bytes, new threshold 2 (max 15)
- age   1:     388200 bytes,     388200 total
- age   2:     263184 bytes,     651384 total
- age   3:      55912 bytes,     707296 total
- age   4:       4864 bytes,     712160 total
- age   5:       3600 bytes,     715760 total
- age   6:      53152 bytes,     768912 total
- age   8:       2344 bytes,     771256 total
 19625K->13357K(24716K), 0.0012412 secs]
50.946: [GC
Desired survivor size 557056 bytes, new threshold 1 (max 15)
- age   1:     810072 bytes,     810072 total
- age   2:     119280 bytes,     929352 total
 19872K->13888K(24716K), 0.0015871 secs]
50.952: [GC
Desired survivor size 557056 bytes, new threshold 15 (max 15)
- age   1:     456552 bytes,     456552 total
 20366K->13969K(24716K), 0.0014214 secs]
50.958: [GC
Desired survivor size 557056 bytes, new threshold 15 (max 15)
- age   1:     133048 bytes,     133048 total
- age   2:     199224 bytes,     332272 total
 20471K->13847K(24716K), 0.0008837 secs]
50.963: [GC
Desired survivor size 557056 bytes, new threshold 15 (max 15)
- age   1:     341528 bytes,     341528 total
- age   2:      57760 bytes,     399288 total
- age   3:        320 bytes,     399608 total
 20375K->13915K(24716K), 0.0009505 secs]
50.970: [GC
Desired survivor size 557056 bytes, new threshold 1 (max 15)
- age   1:     686112 bytes,     686112 total
- age   2:     131128 bytes,     817240 total
- age   3:      57760 bytes,     875000 total
- age   4:        320 bytes,     875320 total
 20397K->14378K(24716K), 0.0010701 secs]
50.975: [GC
Desired survivor size 557056 bytes, new threshold 15 (max 15)
- age   1:     189656 bytes,     189656 total
 20862K->14285K(24716K), 0.0013212 secs]
50.981: [GC
Desired survivor size 557056 bytes, new threshold 1 (max 15)
- age   1:     603624 bytes,     603624 total
- age   2:      78384 bytes,     682008 total
 20769K->14766K(24716K), 0.0011750 secs]
50.986: [GC
Desired survivor size 557056 bytes, new threshold 15 (max 15)
- age   1:     408824 bytes,     408824 total
 21292K->15006K(24716K), 0.0014405 secs]
50.992: [GC
Desired survivor size 557056 bytes, new threshold 1 (max 15)
- age   1:     882992 bytes,     882992 total
- age   2:     220856 bytes,    1103848 total
 21524K->16119K(24716K), 0.0018368 secs]
51.000: [GC
Desired survivor size 557056 bytes, new threshold 1 (max 15)
- age   1:     682360 bytes,     682360 total
 22647K->16321K(24716K), 0.0015566 secs]
51.007: [GC
Desired survivor size 557056 bytes, new threshold 15 (max 15)
- age   1:     290712 bytes,     290712 total
 22809K->16556K(24716K), 0.0013097 secs]
51.012: [GC
Desired survivor size 557056 bytes, new threshold 2 (max 15)
- age   1:     390512 bytes,     390512 total
- age   2:     175536 bytes,     566048 total
 23045K->16827K(24716K), 0.0010773 secs]
51.017: [GC
Desired survivor size 557056 bytes, new threshold 15 (max 15)
- age   1:     133776 bytes,     133776 total
- age   2:     331264 bytes,     465040 total
 23343K->16908K(24716K), 0.0012451 secs]
51.023: [GC
Desired survivor size 557056 bytes, new threshold 3 (max 15)
- age   1:     198752 bytes,     198752 total
- age   2:      60752 bytes,     259504 total
- age   3:     331232 bytes,     590736 total
 23419K->17030K(24716K), 0.0010904 secs]
51.028: [GC
Desired survivor size 557056 bytes, new threshold 1 (max 15)
- age   1:     668064 bytes,     668064 total
- age   2:     184312 bytes,     852376 total
- age   3:      60752 bytes,     913128 total
 23518K->17669K(24716K), 0.0017267 secs]
51.033: [GC
Desired survivor size 557056 bytes, new threshold 15 (max 15)
- age   1:     386184 bytes,     386184 total
 24185K->18025K(25292K), 0.0018198 secs]
51.036: [Full GC 18025K->8735K(25292K), 0.0719271 secs]
51.113: [GC
Desired survivor size 557056 bytes, new threshold 1 (max 15)
- age   1:     717688 bytes,     717688 total
 15189K->9438K(24716K), 0.0010927 secs]
51.120: [GC
Desired survivor size 557056 bytes, new threshold 15 (max 15)
- age   1:     411824 bytes,     411824 total
 15925K->9792K(24716K), 0.0012761 secs]
51.125: [GC
Desired survivor size 557056 bytes, new threshold 2 (max 15)
- age   1:     245984 bytes,     245984 total
- age   2:     350368 bytes,     596352 total
 16309K->9974K(24716K), 0.0011069 secs]
51.131: [GC
Desired survivor size 557056 bytes, new threshold 15 (max 15)
- age   1:     173768 bytes,     173768 total
- age   2:     129064 bytes,     302832 total
 16493K->10029K(24716K), 0.0012449 secs]
51.136: [GC
Desired survivor size 557056 bytes, new threshold 2 (max 15)
- age   1:     474624 bytes,     474624 total
- age   2:     134184 bytes,     608808 total
- age   3:         40 bytes,     608848 total
 16524K->10328K(24716K), 0.0010665 secs]
51.141: [GC
Desired survivor size 557056 bytes, new threshold 15 (max 15)
- age   1:     181240 bytes,     181240 total
- age   2:     282496 bytes,     463736 total
 16814K->10318K(24716K), 0.0010270 secs]
51.147: [GC
Desired survivor size 557056 bytes, new threshold 3 (max 15)
- age   1:     392544 bytes,     392544 total
- age   2:     137128 bytes,     529672 total
- age   3:     282496 bytes,     812168 total
 16831K->10658K(24716K), 0.0011369 secs]
51.152: [GC
Desired survivor size 557056 bytes, new threshold 3 (max 15)
- age   1:     183296 bytes,     183296 total
- age   2:     318864 bytes,     502160 total
- age   3:     137128 bytes,     639288 total
 17130K->10765K(24716K), 0.0021426 secs]
51.159: [GC
Desired survivor size 557056 bytes, new threshold 3 (max 15)
- age   1:     404808 bytes,     404808 total
- age   2:      49808 bytes,     454616 total
- age   3:     318864 bytes,     773480 total
 17233K->11030K(24716K), 0.0014866 secs]
51.166: [GC
Desired survivor size 557056 bytes, new threshold 15 (max 15)
- age   1:     237496 bytes,     237496 total
- age   2:     210704 bytes,     448200 total
- age   3:      49808 bytes,     498008 total
 17544K->11072K(24716K), 0.0011741 secs]
51.171: [GC
Desired survivor size 557056 bytes, new threshold 15 (max 15)
- age   1:     154792 bytes,     154792 total
- age   3:     210704 bytes,     365496 total
- age   4:      49808 bytes,     415304 total
 17571K->10991K(24716K), 0.0010323 secs]
51.176: [GC
Desired survivor size 557056 bytes, new threshold 2 (max 15)
- age   1:     525088 bytes,     525088 total
- age   2:     116536 bytes,     641624 total
- age   4:     210704 bytes,     852328 total
- age   5:      49808 bytes,     902136 total
 17507K->11467K(24716K), 0.0013522 secs]
51.183: [GC
Desired survivor size 557056 bytes, new threshold 1 (max 15)
- age   1:     652616 bytes,     652616 total
- age   2:     403704 bytes,    1056320 total
 17990K->12183K(24716K), 0.0016596 secs]
51.190: [GC
Desired survivor size 557056 bytes, new threshold 15 (max 15)
- age   1:     443136 bytes,     443136 total
 18705K->12553K(24716K), 0.0016347 secs]
51.196: [GC
Desired survivor size 557056 bytes, new threshold 15 (max 15)
- age   1:     231680 bytes,     231680 total
- age   2:     154640 bytes,     386320 total
 19034K->12499K(24716K), 0.0008154 secs]
51.201: [GC
Desired survivor size 557056 bytes, new threshold 15 (max 15)
- age   1:     226456 bytes,     226456 total
- age   2:     127560 bytes,     354016 total
- age   3:     154640 bytes,     508656 total
 18995K->12619K(24716K), 0.0010573 secs]
51.206: [GC
Desired survivor size 557056 bytes, new threshold 15 (max 15)
- age   1:     117400 bytes,     117400 total
- age   2:      58256 bytes,     175656 total
- age   3:     127560 bytes,     303216 total
- age   4:     154640 bytes,     457856 total
 19105K->12567K(24716K), 0.0015914 secs]
51.211: [GC
Desired survivor size 557056 bytes, new threshold 4 (max 15)
- age   1:     400800 bytes,     400800 total
- age   2:      56384 bytes,     457184 total
- age   3:      58256 bytes,     515440 total
- age   4:      66904 bytes,     582344 total
- age   5:     154640 bytes,     736984 total
 19088K->12841K(24716K), 0.0011436 secs]
51.216: [GC
Desired survivor size 557056 bytes, new threshold 15 (max 15)
- age   1:     196848 bytes,     196848 total
- age   2:     154000 bytes,     350848 total
- age   3:      56384 bytes,     407232 total
- age   4:      58256 bytes,     465488 total
 19338K->12801K(24716K), 0.0016560 secs]
51.222: [GC
Desired survivor size 557056 bytes, new threshold 15 (max 15)
- age   1:     137656 bytes,     137656 total
- age   2:     132696 bytes,     270352 total
- age   3:     154000 bytes,     424352 total
- age   5:      58256 bytes,     482608 total
 19318K->12817K(24716K), 0.0011398 secs]
51.227: [GC
Desired survivor size 557056 bytes, new threshold 1 (max 15)
- age   1:     702688 bytes,     702688 total
- age   2:      72704 bytes,     775392 total
- age   3:     132696 bytes,     908088 total
- age   4:      78120 bytes,     986208 total
- age   6:      58256 bytes,    1044464 total
 19328K->13505K(24716K), 0.0014615 secs]
51.233: [GC
Desired survivor size 557056 bytes, new threshold 15 (max 15)
- age   1:     283496 bytes,     283496 total
 20015K->13644K(24716K), 0.0017917 secs]
51.240: [GC
Desired survivor size 557056 bytes, new threshold 15 (max 15)
- age   1:     444336 bytes,     444336 total
 20142K->13801K(24716K), 0.0008834 secs]
51.245: [GC
Desired survivor size 557056 bytes, new threshold 15 (max 15)
- age   1:     290096 bytes,     290096 total
- age   2:     137128 bytes,     427224 total
 20326K->13784K(24716K), 0.0008184 secs]
51.251: [GC
Desired survivor size 557056 bytes, new threshold 3 (max 15)
- age   1:     358896 bytes,     358896 total
- age   2:      68960 bytes,     427856 total
- age   3:     137128 bytes,     564984 total
 20248K->13918K(24716K), 0.0009557 secs]
51.256: [GC
Desired survivor size 557056 bytes, new threshold 2 (max 15)
- age   1:     407368 bytes,     407368 total
- age   2:     205984 bytes,     613352 total
- age   3:      68960 bytes,     682312 total
 20405K->14167K(24716K), 0.0015567 secs]
51.261: [GC
Desired survivor size 557056 bytes, new threshold 2 (max 15)
- age   1:     469136 bytes,     469136 total
- age   2:     221736 bytes,     690872 total
 20655K->14452K(24716K), 0.0013273 secs]
51.267: [GC
Desired survivor size 557056 bytes, new threshold 1 (max 15)
- age   1:     568880 bytes,     568880 total
- age   2:     222920 bytes,     791800 total
 20927K->14767K(24716K), 0.0014806 secs]
51.274: [GC
Desired survivor size 557056 bytes, new threshold 15 (max 15)
- age   1:     338736 bytes,     338736 total
 21232K->14782K(24716K), 0.0011068 secs]
51.279: [GC
Desired survivor size 557056 bytes, new threshold 15 (max 15)
- age   1:     407264 bytes,     407264 total
- age   2:      80280 bytes,     487544 total
 21199K->14928K(24716K), 0.0011675 secs]
51.285: [GC
Desired survivor size 557056 bytes, new threshold 1 (max 15)
- age   1:     572520 bytes,     572520 total
- age   2:     203912 bytes,     776432 total
- age   3:      80280 bytes,     856712 total
 21383K->15288K(24716K), 0.0011810 secs]
51.291: [GC
Desired survivor size 557056 bytes, new threshold 1 (max 15)
- age   1:     918904 bytes,     918904 total
 21792K->15927K(24716K), 0.0017734 secs]
51.298: [GC
Desired survivor size 557056 bytes, new threshold 15 (max 15)
- age   1:     389256 bytes,     389256 total
 22422K->16113K(24716K), 0.0020889 secs]
51.304: [GC
Desired survivor size 557056 bytes, new threshold 1 (max 15)
- age   1:     686944 bytes,     686944 total
- age   2:     320864 bytes,    1007808 total
 22606K->16719K(24716K), 0.0013236 secs]
51.309: [GC
Desired survivor size 557056 bytes, new threshold 15 (max 15)
- age   1:     253992 bytes,     253992 total
 23166K->16800K(24716K), 0.0016089 secs]
51.315: [GC
Desired survivor size 557056 bytes, new threshold 1 (max 15)
- age   1:     567448 bytes,     567448 total
- age   2:     168664 bytes,     736112 total
 23315K->17272K(24716K), 0.0010862 secs]
51.320: [GC
Desired survivor size 557056 bytes, new threshold 15 (max 15)
- age   1:     554904 bytes,     554904 total
 23784K->17761K(24908K), 0.0018931 secs]
51.322: [Full GC 17761K->9597K(24908K), 0.0712030 secs]
51.398: [GC
Desired survivor size 557056 bytes, new threshold 1 (max 15)
- age   1:     793064 bytes,     793064 total
 16071K->10373K(24716K), 0.0013638 secs]
51.405: [GC
Desired survivor size 557056 bytes, new threshold 15 (max 15)
- age   1:     439888 bytes,     439888 total
 16848K->10460K(24716K), 0.0014350 secs]
51.410: [GC
Desired survivor size 557056 bytes, new threshold 15 (max 15)
- age   1:     240736 bytes,     240736 total
- age   2:     279960 bytes,     520696 total
 16973K->10539K(24716K), 0.0008933 secs]
51.416: [GC
Desired survivor size 557056 bytes, new threshold 1 (max 15)
- age   1:     628208 bytes,     628208 total
- age   2:     155688 bytes,     783896 total
- age   3:     279960 bytes,    1063856 total
 17017K->11069K(24716K), 0.0012767 secs]
51.425: [GC
Desired survivor size 557056 bytes, new threshold 15 (max 15)
- age   1:     210200 bytes,     210200 total
 17578K->11046K(24716K), 0.0016792 secs]
51.433: [GC
Desired survivor size 557056 bytes, new threshold 15 (max 15)
- age   1:     154848 bytes,     154848 total
- age   2:     137872 bytes,     292720 total
 17574K->11125K(24716K), 0.0007601 secs]
51.438: [GC
Desired survivor size 557056 bytes, new threshold 2 (max 15)
- age   1:     543296 bytes,     543296 total
- age   2:     154280 bytes,     697576 total
- age   3:     137872 bytes,     835448 total
 17625K->11655K(24716K), 0.0011415 secs]
51.444: [GC
Desired survivor size 557056 bytes, new threshold 2 (max 15)
- age   1:     408264 bytes,     408264 total
- age   2:     463520 bytes,     871784 total
 18173K->11907K(24716K), 0.0014222 secs]
51.450: [GC
Desired survivor size 557056 bytes, new threshold 15 (max 15)
- age   1:     258520 bytes,     258520 total
- age   2:     148880 bytes,     407400 total
 18422K->11898K(24716K), 0.0011973 secs]
51.456: [GC
Desired survivor size 557056 bytes, new threshold 15 (max 15)
- age   1:     104368 bytes,     104368 total
- age   3:     148880 bytes,     253248 total
 18413K->11747K(24716K), 0.0007775 secs]
51.461: [GC
Desired survivor size 557056 bytes, new threshold 15 (max 15)
- age   1:     283984 bytes,     283984 total
- age   2:      81512 bytes,     365496 total
- age   4:     148880 bytes,     514376 total
 18233K->12002K(24716K), 0.0009751 secs]
51.466: [GC
Desired survivor size 557056 bytes, new threshold 5 (max 15)
- age   1:     217472 bytes,     217472 total
- age   2:     186992 bytes,     404464 total
- age   3:      81512 bytes,     485976 total
- age   5:     148880 bytes,     634856 total
 18525K->12121K(24716K), 0.0010233 secs]
51.471: [GC
Desired survivor size 557056 bytes, new threshold 1 (max 15)
- age   1:     607720 bytes,     607720 total
- age   2:      72728 bytes,     680448 total
- age   3:     186992 bytes,     867440 total
- age   4:      81512 bytes,     948952 total
 18629K->12585K(24716K), 0.0019384 secs]
51.479: [GC
Desired survivor size 557056 bytes, new threshold 15 (max 15)
- age   1:     195680 bytes,     195680 total
 19085K->12422K(24716K), 0.0014056 secs]
51.487: [GC
Desired survivor size 557056 bytes, new threshold 15 (max 15)
- age   1:     366952 bytes,     366952 total
- age   2:      30744 bytes,     397696 total
 18941K->12620K(24716K), 0.0009667 secs]
51.493: [GC
Desired survivor size 557056 bytes, new threshold 15 (max 15)
- age   1:     399800 bytes,     399800 total
- age   2:      66344 bytes,     466144 total
- age   3:      30744 bytes,     496888 total
 19050K->12716K(24716K), 0.0010866 secs]
51.498: [GC
Desired survivor size 557056 bytes, new threshold 2 (max 15)
- age   1:     543864 bytes,     543864 total
- age   2:     154800 bytes,     698664 total
- age   3:      66344 bytes,     765008 total
- age   4:      30744 bytes,     795752 total
 19174K->13006K(24716K), 0.0018079 secs]
51.504: [GC
Desired survivor size 557056 bytes, new threshold 2 (max 15)
- age   1:     368352 bytes,     368352 total
- age   2:     323480 bytes,     691832 total
 19503K->13086K(24716K), 0.0014214 secs]
51.512: [GC
Desired survivor size 557056 bytes, new threshold 15 (max 15)
- age   1:     259136 bytes,     259136 total
- age   2:     284008 bytes,     543144 total
 19581K->13256K(24716K), 0.0016643 secs]
51.519: [GC
Desired survivor size 557056 bytes, new threshold 2 (max 15)
- age   1:     425104 bytes,     425104 total
- age   2:     172760 bytes,     597864 total
- age   3:     284008 bytes,     881872 total
 19741K->13587K(24716K), 0.0028899 secs]
51.527: [GC
Desired survivor size 557056 bytes, new threshold 15 (max 15)
- age   1:     122184 bytes,     122184 total
- age   2:     264808 bytes,     386992 total
 20115K->13548K(24716K), 0.0011816 secs]
51.534: [GC
Desired survivor size 557056 bytes, new threshold 15 (max 15)
- age   1:     286928 bytes,     286928 total
- age   2:       5656 bytes,     292584 total
- age   3:     212704 bytes,     505288 total
 20045K->13664K(24716K), 0.0009737 secs]
51.540: [GC
Desired survivor size 557056 bytes, new threshold 4 (max 15)
- age   1:     363336 bytes,     363336 total
- age   3:       5656 bytes,     368992 total
- age   4:     212704 bytes,     581696 total
 20192K->13742K(24716K), 0.0009446 secs]
51.545: [GC
Desired survivor size 557056 bytes, new threshold 1 (max 15)
- age   1:     578536 bytes,     578536 total
- age   2:     302296 bytes,     880832 total
- age   4:       5656 bytes,     886488 total
 20266K->14251K(24716K), 0.0021314 secs]
51.552: [GC
Desired survivor size 557056 bytes, new threshold 15 (max 15)
- age   1:     162280 bytes,     162280 total
 20741K->14010K(24716K), 0.0010782 secs]
51.557: [GC
Desired survivor size 557056 bytes, new threshold 15 (max 15)
- age   1:     394336 bytes,     394336 total
- age   2:      85056 bytes,     479392 total
 20505K->14316K(24716K), 0.0015513 secs]
51.566: [GC
Desired survivor size 557056 bytes, new threshold 15 (max 15)
- age   1:      85976 bytes,      85976 total
- age   2:     337528 bytes,     423504 total
- age   3:      85056 bytes,     508560 total
 20838K->14345K(24716K), 0.0011325 secs]
51.571: [GC
Desired survivor size 557056 bytes, new threshold 1 (max 15)
- age   1:     704600 bytes,     704600 total
- age   2:      13464 bytes,     718064 total
- age   3:     208544 bytes,     926608 total
- age   4:      85056 bytes,    1011664 total
 20864K->14965K(24716K), 0.0014719 secs]
51.577: [GC
Desired survivor size 557056 bytes, new threshold 15 (max 15)
- age   1:     295088 bytes,     295088 total
 21485K->14949K(24716K), 0.0014304 secs]
51.583: [GC
Desired survivor size 557056 bytes, new threshold 2 (max 15)
- age   1:     476520 bytes,     476520 total
- age   2:     223376 bytes,     699896 total
 21445K->15335K(24716K), 0.0011006 secs]
51.588: [GC
Desired survivor size 557056 bytes, new threshold 2 (max 15)
- age   1:     355208 bytes,     355208 total
- age   2:     400608 bytes,     755816 total
 21851K->15616K(24716K), 0.0013442 secs]
51.594: [GC
Desired survivor size 557056 bytes, new threshold 15 (max 15)
- age   1:     148808 bytes,     148808 total
- age   2:     282560 bytes,     431368 total
 22144K->15693K(24716K), 0.0011205 secs]
51.600: [GC
Desired survivor size 557056 bytes, new threshold 1 (max 15)
- age   1:     762616 bytes,     762616 total
- age   2:      39064 bytes,     801680 total
- age   3:     282560 bytes,    1084240 total
 22215K->16362K(24716K), 0.0012624 secs]
51.607: [GC
Desired survivor size 557056 bytes, new threshold 15 (max 15)
- age   1:     416064 bytes,     416064 total
 22883K->16661K(24716K), 0.0015267 secs]
51.612: [GC
Desired survivor size 557056 bytes, new threshold 2 (max 15)
- age   1:     407584 bytes,     407584 total
- age   2:     218800 bytes,     626384 total
 23186K->16866K(24716K), 0.0011453 secs]
51.618: [GC
Desired survivor size 557056 bytes, new threshold 15 (max 15)
- age   1:     216160 bytes,     216160 total
- age   2:     194768 bytes,     410928 total
 23385K->16870K(24716K), 0.0014474 secs]
51.624: [GC
Desired survivor size 557056 bytes, new threshold 15 (max 15)
- age   1:     109216 bytes,     109216 total
- age   2:      78272 bytes,     187488 total
- age   3:     194768 bytes,     382256 total
 23374K->16842K(24716K), 0.0010151 secs]
51.630: [GC
Desired survivor size 557056 bytes, new threshold 1 (max 15)
- age   1:     695936 bytes,     695936 total
- age   2:      71384 bytes,     767320 total
- age   3:      78272 bytes,     845592 total
- age   4:     194768 bytes,    1040360 total
 23291K->17484K(24716K), 0.0015544 secs]
51.636: [GC
Desired survivor size 557056 bytes, new threshold 15 (max 15)
- age   1:     147552 bytes,     147552 total
 23992K->17260K(24908K), 0.0012809 secs]
51.638: [Full GC 17260K->8084K(24908K), 0.0713107 secs]
51.714: [GC
Desired survivor size 557056 bytes, new threshold 1 (max 15)
- age   1:     601432 bytes,     601432 total
 14597K->8674K(24716K), 0.0009019 secs]
51.719: [GC
Desired survivor size 557056 bytes, new threshold 15 (max 15)
- age   1:     146352 bytes,     146352 total
 15199K->8764K(24716K), 0.0011155 secs]
51.728: [GC
Desired survivor size 557056 bytes, new threshold 15 (max 15)
- age   1:     196984 bytes,     196984 total
- age   2:     146352 bytes,     343336 total
 15292K->8957K(24716K), 0.0007983 secs]
51.734: [GC
Desired survivor size 557056 bytes, new threshold 1 (max 15)
- age   1:     798592 bytes,     798592 total
- age   2:     118032 bytes,     916624 total
- age   3:      67272 bytes,     983896 total
 15465K->9583K(24716K), 0.0011710 secs]
51.739: [GC
Desired survivor size 557056 bytes, new threshold 15 (max 15)
- age   1:     529072 bytes,     529072 total
 16065K->9784K(24716K), 0.0015264 secs]
51.746: [GC
Desired survivor size 557056 bytes, new threshold 1 (max 15)
- age   1:     622720 bytes,     622720 total
- age   2:     463176 bytes,    1085896 total
 16285K->10327K(24716K), 0.0013299 secs]
51.752: [GC
Desired survivor size 557056 bytes, new threshold 15 (max 15)
- age   1:     292912 bytes,     292912 total
 16730K->10479K(24716K), 0.0016111 secs]
51.760: [GC
Desired survivor size 557056 bytes, new threshold 15 (max 15)
- age   1:     310720 bytes,     310720 total
- age   2:     208736 bytes,     519456 total
 17006K->10702K(24716K), 0.0008234 secs]
51.766: [GC
Desired survivor size 557056 bytes, new threshold 3 (max 15)
- age   1:     284192 bytes,     284192 total
- age   2:     245400 bytes,     529592 total
- age   3:     208736 bytes,     738328 total
 17202K->10915K(24716K), 0.0019090 secs]
51.772: [GC
Desired survivor size 557056 bytes, new threshold 15 (max 15)
- age   1:     121968 bytes,     121968 total
- age   2:     247048 bytes,     369016 total
- age   3:      84760 bytes,     453776 total
 17432K->10854K(24716K), 0.0011844 secs]
51.779: [GC
Desired survivor size 557056 bytes, new threshold 3 (max 15)
- age   1:     357904 bytes,     357904 total
- age   2:      40440 bytes,     398344 total
- age   3:     247048 bytes,     645392 total
- age   4:      84760 bytes,     730152 total
 17370K->11123K(24716K), 0.0010871 secs]
51.785: [GC
Desired survivor size 557056 bytes, new threshold 2 (max 15)
- age   1:     248656 bytes,     248656 total
- age   2:     347824 bytes,     596480 total
- age   3:        336 bytes,     596816 total
 17638K->11315K(24716K), 0.0013468 secs]
51.791: [GC
Desired survivor size 557056 bytes, new threshold 1 (max 15)
- age   1:     812984 bytes,     812984 total
- age   2:     170272 bytes,     983256 total
 17838K->12035K(24716K), 0.0015062 secs]
51.797: [GC
Desired survivor size 557056 bytes, new threshold 1 (max 15)
- age   1:     710216 bytes,     710216 total
 18497K->12646K(24716K), 0.0027783 secs]
51.804: [GC
Desired survivor size 557056 bytes, new threshold 15 (max 15)
- age   1:     357192 bytes,     357192 total
 19152K->12923K(24716K), 0.0014021 secs]
51.809: [GC
Desired survivor size 557056 bytes, new threshold 15 (max 15)
- age   1:     171616 bytes,     171616 total
- age   2:     277216 bytes,     448832 total
 19433K->13013K(24716K), 0.0009776 secs]
51.814: [GC
Desired survivor size 557056 bytes, new threshold 1 (max 15)
- age   1:     736592 bytes,     736592 total
- age   2:      45184 bytes,     781776 total
- age   3:     277216 bytes,    1058992 total
 19537K->13608K(24716K), 0.0012493 secs]
51.819: [GC
Desired survivor size 557056 bytes, new threshold 15 (max 15)
- age   1:     158368 bytes,     158368 total
 20075K->13549K(24716K), 0.0014796 secs]
51.827: [GC
Desired survivor size 557056 bytes, new threshold 1 (max 15)
- age   1:     695968 bytes,     695968 total
- age   2:      73040 bytes,     769008 total
 20070K->14145K(24716K), 0.0009781 secs]
51.832: [GC
Desired survivor size 557056 bytes, new threshold 15 (max 15)
- age   1:     425136 bytes,     425136 total
 20660K->14489K(24716K), 0.0015558 secs]
51.838: [GC
Desired survivor size 557056 bytes, new threshold 1 (max 15)
- age   1:     704976 bytes,     704976 total
- age   2:     382912 bytes,    1087888 total
 20965K->15180K(24716K), 0.0013453 secs]
51.843: [GC
Desired survivor size 557056 bytes, new threshold 15 (max 15)
- age   1:     443896 bytes,     443896 total
 21683K->15487K(24716K), 0.0017458 secs]
51.851: [GC
Desired survivor size 557056 bytes, new threshold 1 (max 15)
- age   1:     736640 bytes,     736640 total
- age   2:     353264 bytes,    1089904 total
 22002K->16142K(24716K), 0.0012752 secs]
51.858: [GC
Desired survivor size 557056 bytes, new threshold 1 (max 15)
- age   1:     833592 bytes,     833592 total
 22662K->16909K(24716K), 0.0023908 secs]
51.866: [GC
Desired survivor size 557056 bytes, new threshold 1 (max 15)
- age   1:     786184 bytes,     786184 total
 23367K->17600K(24716K), 0.0017808 secs]
51.872: [GC
Desired survivor size 557056 bytes, new threshold 1 (max 15)
- age   1:     794312 bytes,     794312 total
 24108K->18308K(25292K), 0.0018461 secs]
51.875: [Full GC 18308K->10151K(25292K), 0.0720484 secs]
51.956: [GC
Desired survivor size 557056 bytes, new threshold 1 (max 15)
- age   1:     604960 bytes,     604960 total
 16663K->10744K(24716K), 0.0008813 secs]
51.963: [GC
Desired survivor size 557056 bytes, new threshold 15 (max 15)
- age   1:     308096 bytes,     308096 total
 17244K->10897K(24716K), 0.0009665 secs]
51.976: [GC
Desired survivor size 557056 bytes, new threshold 15 (max 15)
- age   1:     225456 bytes,     225456 total
- age   2:     223776 bytes,     449232 total
 17423K->11033K(24716K), 0.0018681 secs]
51.984: [GC
Desired survivor size 557056 bytes, new threshold 3 (max 15)
- age   1:     323672 bytes,     323672 total
- age   2:     225416 bytes,     549088 total
- age   3:     223776 bytes,     772864 total
 17533K->11359K(24716K), 0.0019681 secs]
51.992: [GC
Desired survivor size 557056 bytes, new threshold 2 (max 15)
- age   1:     368680 bytes,     368680 total
- age   2:     239488 bytes,     608168 total
- age   3:     225416 bytes,     833584 total
 17872K->11642K(24716K), 0.0016984 secs]
51.999: [GC
Desired survivor size 557056 bytes, new threshold 2 (max 15)
- age   1:     303440 bytes,     303440 total
- age   2:     300088 bytes,     603528 total
 18134K->11863K(24716K), 0.0018849 secs]
52.004: [GC
Desired survivor size 557056 bytes, new threshold 15 (max 15)
- age   1:     388216 bytes,     388216 total
- age   2:     163336 bytes,     551552 total
 18376K->12096K(24716K), 0.0012294 secs]
52.010: [GC
Desired survivor size 557056 bytes, new threshold 1 (max 15)
- age   1:     696696 bytes,     696696 total
- age   2:     242968 bytes,     939664 total
- age   3:     163336 bytes,    1103000 total
 18616K->12634K(24716K), 0.0014932 secs]
52.015: [GC
Desired survivor size 557056 bytes, new threshold 15 (max 15)
- age   1:     248712 bytes,     248712 total
 19116K->12800K(24716K), 0.0016154 secs]
52.022: [GC
Desired survivor size 557056 bytes, new threshold 2 (max 15)
- age   1:     530688 bytes,     530688 total
- age   2:      86400 bytes,     617088 total
 19307K->13162K(24716K), 0.0011879 secs]
52.028: [GC
Desired survivor size 557056 bytes, new threshold 2 (max 15)
- age   1:     442208 bytes,     442208 total
- age   2:     306328 bytes,     748536 total
 19676K->13374K(24716K), 0.0011244 secs]
52.035: [GC
Desired survivor size 557056 bytes, new threshold 15 (max 15)
- age   1:     164056 bytes,     164056 total
- age   2:     195192 bytes,     359248 total
 19865K->13291K(24716K), 0.0011028 secs]
52.041: [GC
Desired survivor size 557056 bytes, new threshold 15 (max 15)
- age   1:     242424 bytes,     242424 total
- age   2:      87152 bytes,     329576 total
- age   3:     195192 bytes,     524768 total
 19760K->13453K(24716K), 0.0009529 secs]
52.049: [GC
Desired survivor size 557056 bytes, new threshold 15 (max 15)
- age   1:     226264 bytes,     226264 total
- age   2:       3488 bytes,     229752 total
- age   3:      87152 bytes,     316904 total
- age   4:     113496 bytes,     430400 total
 19958K->13364K(24716K), 0.0015616 secs]
52.056: [GC
Desired survivor size 557056 bytes, new threshold 15 (max 15)
- age   1:     167912 bytes,     167912 total
- age   2:     150048 bytes,     317960 total
- age   3:       2400 bytes,     320360 total
- age   4:      87040 bytes,     407400 total
- age   5:     113496 bytes,     520896 total
 19891K->13449K(24716K), 0.0008709 secs]
52.061: [GC
Desired survivor size 557056 bytes, new threshold 5 (max 15)
- age   1:     343256 bytes,     343256 total
- age   2:      10488 bytes,     353744 total
- age   3:     149344 bytes,     503088 total
- age   4:       2400 bytes,     505488 total
- age   5:      87040 bytes,     592528 total
- age   6:     113496 bytes,     706024 total
 19888K->13633K(24716K), 0.0011901 secs]
52.067: [GC
Desired survivor size 557056 bytes, new threshold 15 (max 15)
- age   1:     219320 bytes,     219320 total
- age   2:      50000 bytes,     269320 total
- age   3:      10488 bytes,     279808 total
- age   4:     149344 bytes,     429152 total
- age   5:       2400 bytes,     431552 total
 20148K->13569K(24716K), 0.0010879 secs]
52.072: [GC
Desired survivor size 557056 bytes, new threshold 5 (max 15)
- age   1:     234552 bytes,     234552 total
- age   2:     164048 bytes,     398600 total
- age   3:      50000 bytes,     448600 total
- age   4:      10488 bytes,     459088 total
- age   5:     149344 bytes,     608432 total
- age   6:       2400 bytes,     610832 total
 20087K->13748K(24716K), 0.0012125 secs]
52.078: [GC
Desired survivor size 557056 bytes, new threshold 2 (max 15)
- age   1:     487384 bytes,     487384 total
- age   2:     217160 bytes,     704544 total
- age   3:        960 bytes,     705504 total
- age   4:      50000 bytes,     755504 total
- age   5:      10488 bytes,     765992 total
 20272K->14045K(24716K), 0.0011212 secs]
52.084: [GC
Desired survivor size 557056 bytes, new threshold 2 (max 15)
- age   1:     207704 bytes,     207704 total
- age   2:     463912 bytes,     671616 total
 20543K->14099K(24716K), 0.0015992 secs]
52.090: [GC
Desired survivor size 557056 bytes, new threshold 15 (max 15)
- age   1:     403216 bytes,     403216 total
- age   2:     106032 bytes,     509248 total
 20615K->14389K(24716K), 0.0014884 secs]
52.096: [GC
Desired survivor size 557056 bytes, new threshold 2 (max 15)
- age   1:     214312 bytes,     214312 total
- age   2:     376272 bytes,     590584 total
- age   3:     106032 bytes,     696616 total
 20915K->14569K(24716K), 0.0014145 secs]
52.103: [GC
Desired survivor size 557056 bytes, new threshold 15 (max 15)
- age   1:      49784 bytes,      49784 total
- age   2:     198424 bytes,     248208 total
 21058K->14557K(24716K), 0.0013888 secs]
52.110: [GC
Desired survivor size 557056 bytes, new threshold 3 (max 15)
- age   1:     342304 bytes,     342304 total
- age   2:      22840 bytes,     365144 total
- age   3:     198424 bytes,     563568 total
 21065K->14865K(24716K), 0.0009305 secs]
52.115: [GC
Desired survivor size 557056 bytes, new threshold 15 (max 15)
- age   1:     247840 bytes,     247840 total
- age   2:     185776 bytes,     433616 total
- age   3:      22840 bytes,     456456 total
 21370K->14962K(24716K), 0.0013833 secs]
52.122: [GC
Desired survivor size 557056 bytes, new threshold 1 (max 15)
- age   1:     586112 bytes,     586112 total
- age   2:      79880 bytes,     665992 total
- age   3:     185736 bytes,     851728 total
- age   4:      22840 bytes,     874568 total
 21488K->15369K(24716K), 0.0011821 secs]
52.128: [GC
Desired survivor size 557056 bytes, new threshold 1 (max 15)
- age   1:     800752 bytes,     800752 total
 21876K->16042K(24716K), 0.0016678 secs]
52.133: [GC
Desired survivor size 557056 bytes, new threshold 15 (max 15)
- age   1:     209456 bytes,     209456 total
 22549K->16175K(24716K), 0.0014374 secs]
52.139: [GC
Desired survivor size 557056 bytes, new threshold 2 (max 15)
- age   1:     481928 bytes,     481928 total
- age   2:     170224 bytes,     652152 total
 22654K->16607K(24716K), 0.0009824 secs]
52.144: [GC
Desired survivor size 557056 bytes, new threshold 2 (max 15)
- age   1:     457056 bytes,     457056 total
- age   2:     210776 bytes,     667832 total
 23135K->16788K(24716K), 0.0011272 secs]
52.151: [GC
Desired survivor size 557056 bytes, new threshold 2 (max 15)
- age   1:     524144 bytes,     524144 total
- age   2:     456968 bytes,     981112 total
 23256K->17260K(24716K), 0.0013269 secs]
52.158: [GC
Desired survivor size 557056 bytes, new threshold 2 (max 15)
- age   1:     316720 bytes,     316720 total
- age   2:     339248 bytes,     655968 total
 23761K->17388K(24716K), 0.0014380 secs]
52.164: [GC
Desired survivor size 557056 bytes, new threshold 15 (max 15)
- age   1:     214648 bytes,     214648 total
- age   2:     249568 bytes,     464216 total
 23908K->17490K(24716K), 0.0014986 secs]
52.170: [GC
Desired survivor size 557056 bytes, new threshold 15 (max 15)
- age   1:      72840 bytes,      72840 total
- age   2:     149616 bytes,     222456 total
- age   3:     249528 bytes,     471984 total
 24018K->17497K(24716K), 0.0010046 secs]
52.175: [GC
Desired survivor size 557056 bytes, new threshold 1 (max 15)
- age   1:     745256 bytes,     745256 total
- age   2:      38288 bytes,     783544 total
- age   3:     149616 bytes,     933160 total
- age   4:     168376 bytes,    1101536 total
 24020K->18112K(24716K), 0.0018837 secs]
52.181: [GC
Desired survivor size 557056 bytes, new threshold 15 (max 15)
- age   1:     377792 bytes,     377792 total
 24618K->18403K(25676K), 0.0020083 secs]
52.184: [Full GC 18403K->8749K(25676K), 0.0706587 secs]
52.259: [GC
Desired survivor size 557056 bytes, new threshold 1 (max 15)
- age   1:     795160 bytes,     795160 total
 15246K->9529K(24716K), 0.0012206 secs]
52.266: [GC
Desired survivor size 557056 bytes, new threshold 15 (max 15)
- age   1:     342704 bytes,     342704 total
 15942K->9461K(24716K), 0.0011569 secs]
52.272: [GC
Desired survivor size 557056 bytes, new threshold 15 (max 15)
- age   1:     427464 bytes,     427464 total
 15987K->9543K(24716K), 0.0017689 secs]
52.279: [GC
Desired survivor size 557056 bytes, new threshold 2 (max 15)
- age   1:     489936 bytes,     489936 total
- age   2:     116104 bytes,     606040 total
 16013K->9719K(24716K), 0.0010242 secs]
52.284: [GC
Desired survivor size 557056 bytes, new threshold 2 (max 15)
- age   1:     203272 bytes,     203272 total
- age   2:     357240 bytes,     560512 total
 16245K->9787K(24716K), 0.0013279 secs]
52.291: [GC
Desired survivor size 557056 bytes, new threshold 15 (max 15)
- age   1:     107736 bytes,     107736 total
- age   2:     157432 bytes,     265168 total
 16314K->9856K(24716K), 0.0010746 secs]
52.298: [GC
Desired survivor size 557056 bytes, new threshold 3 (max 15)
- age   1:     510304 bytes,     510304 total
- age   2:       3840 bytes,     514144 total
- age   3:     157320 bytes,     671464 total
 16382K->10253K(24716K), 0.0013455 secs]
52.306: [GC
Desired survivor size 557056 bytes, new threshold 15 (max 15)
- age   1:     315672 bytes,     315672 total
- age   2:     180720 bytes,     496392 total
- age   3:       3840 bytes,     500232 total
 16777K->10240K(24716K), 0.0015037 secs]
52.312: [GC
Desired survivor size 557056 bytes, new threshold 15 (max 15)
- age   1:     168336 bytes,     168336 total
- age   2:     122520 bytes,     290856 total
- age   3:     180720 bytes,     471576 total
- age   4:       3840 bytes,     475416 total
 16756K->10218K(24716K), 0.0011719 secs]
52.318: [GC
Desired survivor size 557056 bytes, new threshold 15 (max 15)
- age   1:     198976 bytes,     198976 total
- age   2:      42928 bytes,     241904 total
- age   3:     121816 bytes,     363720 total
- age   4:     180720 bytes,     544440 total
- age   5:       3840 bytes,     548280 total
 16722K->10294K(24716K), 0.0008539 secs]
52.324: [GC
Desired survivor size 557056 bytes, new threshold 5 (max 15)
- age   1:     118192 bytes,     118192 total
- age   2:     171968 bytes,     290160 total
- age   3:      42928 bytes,     333088 total
- age   4:     121816 bytes,     454904 total
- age   5:     180720 bytes,     635624 total
- age   6:       3840 bytes,     639464 total
 16822K->10376K(24716K), 0.0010471 secs]
52.332: [GC
Desired survivor size 557056 bytes, new threshold 15 (max 15)
- age   1:      93520 bytes,      93520 total
- age   2:      86592 bytes,     180112 total
- age   3:        744 bytes,     180856 total
- age   4:      42928 bytes,     223784 total
- age   5:     121816 bytes,     345600 total
 16870K->10268K(24716K), 0.0012166 secs]
52.339: [GC
Desired survivor size 557056 bytes, new threshold 15 (max 15)
- age   1:      46504 bytes,      46504 total
- age   2:      58672 bytes,     105176 total
- age   3:      86592 bytes,     191768 total
- age   4:        744 bytes,     192512 total
- age   5:      42928 bytes,     235440 total
- age   6:     121816 bytes,     357256 total
 16796K->10273K(24716K), 0.0009252 secs]
52.344: [GC
Desired survivor size 557056 bytes, new threshold 7 (max 15)
- age   1:     343464 bytes,     343464 total
- age   2:       5560 bytes,     349024 total
- age   3:      58672 bytes,     407696 total
- age   4:      86592 bytes,     494288 total
- age   5:        744 bytes,     495032 total
- age   6:      42928 bytes,     537960 total
- age   7:     121816 bytes,     659776 total
 16789K->10570K(24716K), 0.0009904 secs]
52.352: [GC
Desired survivor size 557056 bytes, new threshold 7 (max 15)
- age   1:     209616 bytes,     209616 total
- age   2:     170568 bytes,     380184 total
- age   3:       5560 bytes,     385744 total
- age   4:      58672 bytes,     444416 total
- age   5:      86592 bytes,     531008 total
- age   6:        744 bytes,     531752 total
- age   7:      42928 bytes,     574680 total
 17089K->10608K(24716K), 0.0011483 secs]
52.359: [GC
Desired survivor size 557056 bytes, new threshold 1 (max 15)
- age   1:     674784 bytes,     674784 total
- age   2:     102768 bytes,     777552 total
- age   3:     170568 bytes,     948120 total
- age   4:       5560 bytes,     953680 total
- age   5:      58672 bytes,    1012352 total
- age   6:      86592 bytes,    1098944 total
- age   7:        744 bytes,    1099688 total
 17132K->11159K(24716K), 0.0015605 secs]
52.368: [GC
Desired survivor size 557056 bytes, new threshold 15 (max 15)
- age   1:     230896 bytes,     230896 total
 17676K->11091K(24716K), 0.0012314 secs]
52.373: [GC
Desired survivor size 557056 bytes, new threshold 15 (max 15)
- age   1:     116152 bytes,     116152 total
- age   2:      88576 bytes,     204728 total
 17598K->11064K(24716K), 0.0007318 secs]
52.379: [GC
Desired survivor size 557056 bytes, new threshold 15 (max 15)
- age   1:     151576 bytes,     151576 total
- age   2:      80160 bytes,     231736 total
- age   3:      88576 bytes,     320312 total
 17574K->11176K(24716K), 0.0008391 secs]
52.386: [GC
Desired survivor size 557056 bytes, new threshold 15 (max 15)
- age   1:      65688 bytes,      65688 total
- age   2:      95184 bytes,     160872 total
- age   3:      80160 bytes,     241032 total
- age   4:      88576 bytes,     329608 total
 17645K->11187K(24716K), 0.0016587 secs]
52.391: [GC
Desired survivor size 557056 bytes, new threshold 5 (max 15)
- age   1:     369584 bytes,     369584 total
- age   2:       4840 bytes,     374424 total
- age   3:      95184 bytes,     469608 total
- age   4:      80160 bytes,     549768 total
- age   5:      88464 bytes,     638232 total
 17703K->11490K(24716K), 0.0010342 secs]
52.397: [GC
Desired survivor size 557056 bytes, new threshold 15 (max 15)
- age   1:     367400 bytes,     367400 total
- age   2:       1824 bytes,     369224 total
- age   3:       4840 bytes,     374064 total
- age   4:      95184 bytes,     469248 total
- age   5:      80160 bytes,     549408 total
 18009K->11497K(24716K), 0.0012950 secs]
52.402: [GC
Desired survivor size 557056 bytes, new threshold 15 (max 15)
- age   1:     145768 bytes,     145768 total
- age   2:     157392 bytes,     303160 total
- age   3:       1824 bytes,     304984 total
- age   4:       4840 bytes,     309824 total
- age   5:      95184 bytes,     405008 total
- age   6:      80160 bytes,     485168 total
 18025K->11430K(24716K), 0.0013502 secs]
52.408: [GC
Desired survivor size 557056 bytes, new threshold 15 (max 15)
- age   1:     144480 bytes,     144480 total
- age   2:     145408 bytes,     289888 total
- age   4:       1824 bytes,     291712 total
- age   5:       4840 bytes,     296552 total
- age   6:      54992 bytes,     351544 total
- age   7:      80160 bytes,     431704 total
 17917K->11383K(24716K), 0.0009966 secs]
52.414: [GC
Desired survivor size 557056 bytes, new threshold 15 (max 15)
- age   1:     270304 bytes,     270304 total
- age   2:      22720 bytes,     293024 total
- age   3:      62104 bytes,     355128 total
- age   5:       1824 bytes,     356952 total
- age   6:       4840 bytes,     361792 total
- age   7:      54992 bytes,     416784 total
- age   8:      80160 bytes,     496944 total
 17880K->11451K(24716K), 0.0010097 secs]
52.421: [GC
Desired survivor size 557056 bytes, new threshold 15 (max 15)
- age   1:      99328 bytes,      99328 total
- age   2:     163368 bytes,     262696 total
- age   3:      20440 bytes,     283136 total
- age   4:      62104 bytes,     345240 total
- age   6:       1824 bytes,     347064 total
- age   7:       4840 bytes,     351904 total
- age   8:      54992 bytes,     406896 total
- age   9:      80160 bytes,     487056 total
 17958K->11435K(24716K), 0.0009346 secs]
52.425: [GC
Desired survivor size 557056 bytes, new threshold 15 (max 15)
- age   1:     128896 bytes,     128896 total
- age   2:      54976 bytes,     183872 total
- age   3:     163368 bytes,     347240 total
- age   4:      20560 bytes,     367800 total
- age   5:         80 bytes,     367880 total
- age   7:       1824 bytes,     369704 total
- age   8:       4840 bytes,     374544 total
- age   9:      54992 bytes,     429536 total
- age  10:      80160 bytes,     509696 total
 17955K->11457K(24716K), 0.0012156 secs]
52.431: [GC
Desired survivor size 557056 bytes, new threshold 4 (max 15)
- age   1:     320720 bytes,     320720 total
- age   2:      63600 bytes,     384320 total
- age   3:      12896 bytes,     397216 total
- age   4:     163368 bytes,     560584 total
- age   5:       3080 bytes,     563664 total
- age   6:         80 bytes,     563744 total
- age   8:       1824 bytes,     565568 total
- age   9:       4840 bytes,     570408 total
- age  10:      54992 bytes,     625400 total
- age  11:      80160 bytes,     705560 total
 17971K->11652K(24716K), 0.0011630 secs]
52.437: [GC
Desired survivor size 557056 bytes, new threshold 15 (max 15)
- age   1:     206104 bytes,     206104 total
- age   2:      57872 bytes,     263976 total
- age   3:      63600 bytes,     327576 total
- age   4:      12896 bytes,     340472 total
 18098K->11600K(24716K), 0.0011390 secs]
52.442: [GC
Desired survivor size 557056 bytes, new threshold 15 (max 15)
- age   1:     239984 bytes,     239984 total
- age   2:         32 bytes,     240016 total
- age   3:      34704 bytes,     274720 total
- age   4:      63568 bytes,     338288 total
- age   5:       5696 bytes,     343984 total
 18115K->11598K(24716K), 0.0008083 secs]
52.447: [GC
Desired survivor size 557056 bytes, new threshold 15 (max 15)
- age   1:      79344 bytes,      79344 total
- age   2:     168128 bytes,     247472 total
- age   3:         32 bytes,     247504 total
- age   4:      34704 bytes,     282208 total
- age   5:      63568 bytes,     345776 total
- age   6:       5696 bytes,     351472 total
 18111K->11604K(24716K), 0.0016297 secs]
52.452: [GC
Desired survivor size 557056 bytes, new threshold 15 (max 15)
- age   1:     191464 bytes,     191464 total
- age   2:      27024 bytes,     218488 total
- age   3:      33176 bytes,     251664 total
- age   5:      34704 bytes,     286368 total
- age   6:      63568 bytes,     349936 total
- age   7:       5696 bytes,     355632 total
 18082K->11607K(24716K), 0.0010867 secs]
52.458: [GC
Desired survivor size 557056 bytes, new threshold 1 (max 15)
- age   1:     672128 bytes,     672128 total
- age   2:     137128 bytes,     809256 total
- age   3:      27024 bytes,     836280 total
- age   4:      33176 bytes,     869456 total
- age   6:      34704 bytes,     904160 total
- age   7:      63568 bytes,     967728 total
- age   8:       5696 bytes,     973424 total
 18130K->12212K(24716K), 0.0014310 secs]
52.468: [GC
Desired survivor size 557056 bytes, new threshold 15 (max 15)
- age   1:     267128 bytes,     267128 total
 18717K->12288K(24716K), 0.0014653 secs]
52.474: [GC
Desired survivor size 557056 bytes, new threshold 15 (max 15)
- age   1:      60024 bytes,      60024 total
- age   2:     164344 bytes,     224368 total
 18738K->12248K(24716K), 0.0007619 secs]
52.479: [GC
Desired survivor size 557056 bytes, new threshold 15 (max 15)
- age   1:      70872 bytes,      70872 total
- age   2:       3520 bytes,      74392 total
- age   3:     164232 bytes,     238624 total
 18776K->12262K(24716K), 0.0008077 secs]
52.485: [GC
Desired survivor size 557056 bytes, new threshold 15 (max 15)
- age   1:     251792 bytes,     251792 total
- age   2:      13128 bytes,     264920 total
- age   3:       3520 bytes,     268440 total
- age   4:     164232 bytes,     432672 total
 18754K->12451K(24716K), 0.0011042 secs]
52.491: [GC
Desired survivor size 557056 bytes, new threshold 15 (max 15)
- age   1:      80392 bytes,      80392 total
- age   2:     142704 bytes,     223096 total
- age   3:      13128 bytes,     236224 total
- age   4:       3520 bytes,     239744 total
- age   5:     164232 bytes,     403976 total
 18960K->12425K(24716K), 0.0010058 secs]
52.496: [GC
Desired survivor size 557056 bytes, new threshold 6 (max 15)
- age   1:     369744 bytes,     369744 total
- age   2:      18384 bytes,     388128 total
- age   3:     142704 bytes,     530832 total
- age   4:      13128 bytes,     543960 total
- age   5:       3520 bytes,     547480 total
- age   6:     164232 bytes,     711712 total
 18939K->12724K(24716K), 0.0015216 secs]
52.503: [GC
Desired survivor size 557056 bytes, new threshold 1 (max 15)
- age   1:     586720 bytes,     586720 total
- age   2:     305168 bytes,     891888 total
- age   3:      18384 bytes,     910272 total
- age   4:     142704 bytes,    1052976 total
- age   5:      13128 bytes,    1066104 total
- age   6:       3520 bytes,    1069624 total
 19249K->13353K(24716K), 0.0016635 secs]
52.510: [GC
Desired survivor size 557056 bytes, new threshold 15 (max 15)
- age   1:     274512 bytes,     274512 total
 19844K->13257K(24716K), 0.0015738 secs]
52.515: [GC
Desired survivor size 557056 bytes, new threshold 15 (max 15)
- age   1:     113056 bytes,     113056 total
- age   2:     134408 bytes,     247464 total
 19785K->13222K(24716K), 0.0008153 secs]
52.520: [GC
Desired survivor size 557056 bytes, new threshold 15 (max 15)
- age   1:     104480 bytes,     104480 total
- age   2:      81808 bytes,     186288 total
- age   3:     134376 bytes,     320664 total
 19747K->13290K(24716K), 0.0008524 secs]
52.527: [GC
Desired survivor size 557056 bytes, new threshold 15 (max 15)
- age   1:     143224 bytes,     143224 total
- age   2:      42944 bytes,     186168 total
- age   3:       9024 bytes,     195192 total
- age   4:     134376 bytes,     329568 total
 19780K->13297K(24716K), 0.0007757 secs]
52.531: [GC
Desired survivor size 557056 bytes, new threshold 15 (max 15)
- age   1:     144048 bytes,     144048 total
- age   2:       3512 bytes,     147560 total
- age   3:      42944 bytes,     190504 total
- age   4:       9024 bytes,     199528 total
- age   5:     134376 bytes,     333904 total
 19750K->13301K(24716K), 0.0010674 secs]
52.537: [GC
Desired survivor size 557056 bytes, new threshold 1 (max 15)
- age   1:     619496 bytes,     619496 total
- age   2:         40 bytes,     619536 total
- age   3:       3512 bytes,     623048 total
- age   4:      42944 bytes,     665992 total
- age   5:       9024 bytes,     675016 total
- age   6:     134376 bytes,     809392 total
 19710K->13766K(24716K), 0.0014549 secs]
52.543: [GC
Desired survivor size 557056 bytes, new threshold 15 (max 15)
- age   1:     180488 bytes,     180488 total
 20289K->13877K(24716K), 0.0013531 secs]
52.551: [GC
Desired survivor size 557056 bytes, new threshold 15 (max 15)
- age   1:     163928 bytes,     163928 total
- age   2:     173480 bytes,     337408 total
 20370K->14031K(24716K), 0.0009002 secs]
52.556: [GC
Desired survivor size 557056 bytes, new threshold 15 (max 15)
- age   1:     358880 bytes,     358880 total
- age   2:      28976 bytes,     387856 total
- age   3:       8376 bytes,     396232 total
 20557K->14087K(24716K), 0.0012017 secs]
52.562: [GC
Desired survivor size 557056 bytes, new threshold 15 (max 15)
- age   1:      98128 bytes,      98128 total
- age   2:     241448 bytes,     339576 total
- age   4:       8376 bytes,     347952 total
 20599K->14042K(24716K), 0.0008983 secs]
52.568: [GC
Desired survivor size 557056 bytes, new threshold 3 (max 15)
- age   1:     419520 bytes,     419520 total
- age   2:      42160 bytes,     461680 total
- age   3:     105296 bytes,     566976 total
- age   5:       8416 bytes,     575392 total
 20473K->14260K(24716K), 0.0012881 secs]
52.574: [GC
Desired survivor size 557056 bytes, new threshold 15 (max 15)
- age   1:     265592 bytes,     265592 total
 20750K->14070K(24716K), 0.0031093 secs]
52.583: [GC
Desired survivor size 557056 bytes, new threshold 1 (max 15)
- age   1:     600176 bytes,     600176 total
- age   2:      32808 bytes,     632984 total
 20595K->14429K(24716K), 0.0010177 secs]
52.589: [GC
Desired survivor size 557056 bytes, new threshold 15 (max 15)
- age   1:     374280 bytes,     374280 total
 20946K->14737K(24716K), 0.0011763 secs]
52.595: [GC
Desired survivor size 557056 bytes, new threshold 15 (max 15)
- age   1:     120200 bytes,     120200 total
- age   2:     313984 bytes,     434184 total
 21252K->14795K(24716K), 0.0008995 secs]
52.600: [GC
Desired survivor size 557056 bytes, new threshold 3 (max 15)
- age   1:     414376 bytes,     414376 total
- age   2:      55960 bytes,     470336 total
- age   3:     313984 bytes,     784320 total
 21251K->15135K(24716K), 0.0017208 secs]
52.606: [GC
Desired survivor size 557056 bytes, new threshold 15 (max 15)
- age   1:     144928 bytes,     144928 total
- age   2:     143136 bytes,     288064 total
- age   3:      55960 bytes,     344024 total
 21593K->15014K(24716K), 0.0014284 secs]
52.611: [GC
Desired survivor size 557056 bytes, new threshold 15 (max 15)
- age   1:     247880 bytes,     247880 total
- age   2:      67488 bytes,     315368 total
- age   3:     143136 bytes,     458504 total
- age   4:      55960 bytes,     514464 total
 21499K->15180K(24716K), 0.0010559 secs]
52.616: [GC
Desired survivor size 557056 bytes, new threshold 3 (max 15)
- age   1:     333872 bytes,     333872 total
- age   2:     190464 bytes,     524336 total
- age   3:      67488 bytes,     591824 total
- age   4:     143136 bytes,     734960 total
- age   5:      55960 bytes,     790920 total
 21698K->15450K(24716K), 0.0012451 secs]
52.622: [GC
Desired survivor size 557056 bytes, new threshold 2 (max 15)
- age   1:     307168 bytes,     307168 total
- age   2:     318760 bytes,     625928 total
- age   3:     190464 bytes,     816392 total
 21970K->15743K(24716K), 0.0015957 secs]
52.627: [GC
Desired survivor size 557056 bytes, new threshold 15 (max 15)
- age   1:     104264 bytes,     104264 total
- age   2:     177304 bytes,     281568 total
 22270K->15718K(24716K), 0.0012873 secs]
52.633: [GC
Desired survivor size 557056 bytes, new threshold 15 (max 15)
- age   1:     268608 bytes,     268608 total
- age   2:      71368 bytes,     339976 total
- age   3:     177304 bytes,     517280 total
 22242K->15948K(24716K), 0.0010171 secs]
52.639: [GC
Desired survivor size 557056 bytes, new threshold 2 (max 15)
- age   1:     349840 bytes,     349840 total
- age   2:     231328 bytes,     581168 total
- age   3:      71368 bytes,     652536 total
- age   4:     157664 bytes,     810200 total
 22469K->16234K(24716K), 0.0011763 secs]
52.644: [GC
Desired survivor size 557056 bytes, new threshold 15 (max 15)
- age   1:     188448 bytes,     188448 total
- age   2:     249728 bytes,     438176 total
 22758K->16311K(24716K), 0.0012656 secs]
52.651: [GC
Desired survivor size 557056 bytes, new threshold 15 (max 15)
- age   1:      51680 bytes,      51680 total
- age   2:      84392 bytes,     136072 total
- age   3:     249728 bytes,     385800 total
 22829K->16260K(24716K), 0.0009341 secs]
52.656: [GC
Desired survivor size 557056 bytes, new threshold 15 (max 15)
- age   1:      58384 bytes,      58384 total
- age   3:      84392 bytes,     142776 total
- age   4:     249728 bytes,     392504 total
 22783K->16266K(24716K), 0.0010267 secs]
52.663: [GC
Desired survivor size 557056 bytes, new threshold 5 (max 15)
- age   1:     309512 bytes,     309512 total
- age   4:      84392 bytes,     393904 total
- age   5:     249728 bytes,     643632 total
 22788K->16511K(24716K), 0.0011582 secs]
52.669: [GC
Desired survivor size 557056 bytes, new threshold 1 (max 15)
- age   1:     825392 bytes,     825392 total
- age   2:     173680 bytes,     999072 total
- age   5:      84392 bytes,    1083464 total
 22967K->17452K(24716K), 0.0017997 secs]
52.675: [GC
Desired survivor size 557056 bytes, new threshold 15 (max 15)
- age   1:     374264 bytes,     374264 total
 23950K->17376K(24716K), 0.0015147 secs]
52.681: [GC
Desired survivor size 557056 bytes, new threshold 15 (max 15)
- age   1:     115352 bytes,     115352 total
- age   2:     296296 bytes,     411648 total
 23867K->17413K(24716K), 0.0011029 secs]
52.686: [GC
Desired survivor size 557056 bytes, new threshold 3 (max 15)
- age   1:     459792 bytes,     459792 total
- age   3:     159208 bytes,     619000 total
 23920K->17615K(24716K), 0.0011166 secs]
52.692: [GC
Desired survivor size 557056 bytes, new threshold 1 (max 15)
- age   1:     659432 bytes,     659432 total
- age   2:     156640 bytes,     816072 total
 24120K->17963K(24908K), 0.0012962 secs]
52.694: [Full GC 17963K->9000K(24908K), 0.0706639 secs]
52.770: [GC
Desired survivor size 557056 bytes, new threshold 15 (max 15)
- age   1:     535720 bytes,     535720 total
 15515K->9526K(24716K), 0.0010459 secs]
52.775: [GC
Desired survivor size 557056 bytes, new threshold 2 (max 15)
- age   1:     352040 bytes,     352040 total
- age   2:     488184 bytes,     840224 total
 16039K->9823K(24716K), 0.0013958 secs]
52.781: [GC
Desired survivor size 557056 bytes, new threshold 2 (max 15)
- age   1:     449000 bytes,     449000 total
- age   2:     173064 bytes,     622064 total
 16314K->10103K(24716K), 0.0015453 secs]
52.786: [GC
Desired survivor size 557056 bytes, new threshold 2 (max 15)
- age   1:     388648 bytes,     388648 total
- age   2:     273272 bytes,     661920 total
 16627K->10309K(24716K), 0.0012254 secs]
52.793: [GC
Desired survivor size 557056 bytes, new threshold 2 (max 15)
- age   1:     398680 bytes,     398680 total
- age   2:     251536 bytes,     650216 total
 16819K->10433K(24716K), 0.0009630 secs]
52.799: [GC
Desired survivor size 557056 bytes, new threshold 15 (max 15)
- age   1:     174248 bytes,     174248 total
- age   2:     319360 bytes,     493608 total
 16936K->10525K(24716K), 0.0013504 secs]
52.805: [GC
Desired survivor size 557056 bytes, new threshold 1 (max 15)
- age   1:     559248 bytes,     559248 total
- age   2:      91712 bytes,     650960 total
- age   3:     319360 bytes,     970320 total
 17040K->10991K(24716K), 0.0015555 secs]
52.811: [GC
Desired survivor size 557056 bytes, new threshold 15 (max 15)
- age   1:     394920 bytes,     394920 total
 17502K->11234K(24716K), 0.0017936 secs]
52.816: [GC
Desired survivor size 557056 bytes, new threshold 2 (max 15)
- age   1:     381896 bytes,     381896 total
- age   2:     332896 bytes,     714792 total
 17707K->11547K(24716K), 0.0011301 secs]
52.821: [GC
Desired survivor size 557056 bytes, new threshold 15 (max 15)
- age   1:     261168 bytes,     261168 total
- age   2:     222280 bytes,     483448 total
 18045K->11644K(24716K), 0.0034105 secs]
52.829: [GC
Desired survivor size 557056 bytes, new threshold 15 (max 15)
- age   1:      85120 bytes,      85120 total
- age   2:     108072 bytes,     193192 total
- age   3:     222280 bytes,     415472 total
 18137K->11579K(24716K), 0.0009539 secs]
52.834: [GC
Desired survivor size 557056 bytes, new threshold 4 (max 15)
- age   1:     369040 bytes,     369040 total
- age   2:      39232 bytes,     408272 total
- age   3:     108072 bytes,     516344 total
- age   4:     222280 bytes,     738624 total
 18104K->11895K(24716K), 0.0013784 secs]
52.839: [GC
Desired survivor size 557056 bytes, new threshold 15 (max 15)
- age   1:     136904 bytes,     136904 total
- age   2:     189224 bytes,     326128 total
- age   3:      39232 bytes,     365360 total
- age   4:     108072 bytes,     473432 total
 18374K->11853K(24716K), 0.0011873 secs]
52.844: [GC
Desired survivor size 557056 bytes, new threshold 3 (max 15)
- age   1:     421328 bytes,     421328 total
- age   2:      51896 bytes,     473224 total
- age   3:     189224 bytes,     662448 total
- age   4:      39232 bytes,     701680 total
- age   5:     108072 bytes,     809752 total
 18358K->12181K(24716K), 0.0011975 secs]
52.850: [GC
Desired survivor size 557056 bytes, new threshold 15 (max 15)
- age   1:     171256 bytes,     171256 total
- age   2:     164664 bytes,     335920 total
- age   3:      51896 bytes,     387816 total
 18660K->12098K(24716K), 0.0010455 secs]
52.857: [GC
Desired survivor size 557056 bytes, new threshold 3 (max 15)
- age   1:     334584 bytes,     334584 total
- age   2:      86448 bytes,     421032 total
- age   3:     164664 bytes,     585696 total
 18579K->12291K(24716K), 0.0009201 secs]
52.863: [GC
Desired survivor size 557056 bytes, new threshold 15 (max 15)
- age   1:     354424 bytes,     354424 total
- age   2:     111336 bytes,     465760 total
- age   3:      86448 bytes,     552208 total
 18793K->12419K(24716K), 0.0010037 secs]
52.869: [GC
Desired survivor size 557056 bytes, new threshold 15 (max 15)
- age   1:     242024 bytes,     242024 total
- age   2:      78376 bytes,     320400 total
- age   3:     111336 bytes,     431736 total
- age   4:      86448 bytes,     518184 total
 18905K->12386K(24716K), 0.0011922 secs]
52.874: [GC
Desired survivor size 557056 bytes, new threshold 2 (max 15)
- age   1:     413136 bytes,     413136 total
- age   2:     200560 bytes,     613696 total
- age   3:      78376 bytes,     692072 total
- age   4:     111336 bytes,     803408 total
- age   5:      86448 bytes,     889856 total
 18910K->12749K(24716K), 0.0014771 secs]
52.880: [GC
Desired survivor size 557056 bytes, new threshold 2 (max 15)
- age   1:     520568 bytes,     520568 total
- age   2:     324960 bytes,     845528 total
 19239K->13187K(24716K), 0.0025102 secs]
52.886: [GC
Desired survivor size 557056 bytes, new threshold 2 (max 15)
- age   1:     303040 bytes,     303040 total
- age   2:     254744 bytes,     557784 total
 19708K->13223K(24716K), 0.0013575 secs]
52.893: [GC
Desired survivor size 557056 bytes, new threshold 15 (max 15)
- age   1:     187176 bytes,     187176 total
- age   2:     179416 bytes,     366592 total
 19723K->13285K(24716K), 0.0013746 secs]
52.898: [GC
Desired survivor size 557056 bytes, new threshold 15 (max 15)
- age   1:     356440 bytes,     356440 total
- age   2:     109056 bytes,     465496 total
- age   3:      40312 bytes,     505808 total
 19787K->13419K(24716K), 0.0012353 secs]
52.904: [GC
Desired survivor size 557056 bytes, new threshold 15 (max 15)
- age   1:     118160 bytes,     118160 total
- age   2:     257712 bytes,     375872 total
- age   3:     109056 bytes,     484928 total
- age   4:      40312 bytes,     525240 total
 19922K->13440K(24716K), 0.0013727 secs]
52.909: [GC
Desired survivor size 557056 bytes, new threshold 3 (max 15)
- age   1:     360368 bytes,     360368 total
- age   2:      83704 bytes,     444072 total
- age   3:     257712 bytes,     701784 total
- age   4:     109056 bytes,     810840 total
- age   5:      40312 bytes,     851152 total
 19913K->13758K(24716K), 0.0014036 secs]
52.915: [GC
Desired survivor size 557056 bytes, new threshold 2 (max 15)
- age   1:     384056 bytes,     384056 total
- age   2:     302768 bytes,     686824 total
- age   3:      83704 bytes,     770528 total
 20282K->14077K(24716K), 0.0020789 secs]
52.920: [GC
Desired survivor size 557056 bytes, new threshold 1 (max 15)
- age   1:     588528 bytes,     588528 total
- age   2:     220712 bytes,     809240 total
 20527K->14490K(24716K), 0.0015317 secs]
52.927: [GC
Desired survivor size 557056 bytes, new threshold 15 (max 15)
- age   1:     343120 bytes,     343120 total
 20942K->14417K(24716K), 0.0014098 secs]
52.933: [GC
Desired survivor size 557056 bytes, new threshold 15 (max 15)
- age   1:     344304 bytes,     344304 total
 20934K->14418K(24716K), 0.0007504 secs]
52.942: [GC
Desired survivor size 557056 bytes, new threshold 1 (max 15)
- age   1:     611784 bytes,     611784 total
 20825K->14678K(24716K), 0.0009033 secs]
52.947: [GC
Desired survivor size 557056 bytes, new threshold 15 (max 15)
- age   1:     484048 bytes,     484048 total
 21181K->14913K(24716K), 0.0027201 secs]
52.955: [GC
Desired survivor size 557056 bytes, new threshold 2 (max 15)
- age   1:     429240 bytes,     429240 total
- age   2:     411016 bytes,     840256 total
 21399K->15260K(24716K), 0.0012517 secs]
52.963: [GC
Desired survivor size 557056 bytes, new threshold 15 (max 15)
- age   1:     257248 bytes,     257248 total
- age   2:     210600 bytes,     467848 total
 21777K->15043K(24716K), 0.0021540 secs]
52.971: [GC
Desired survivor size 557056 bytes, new threshold 15 (max 15)
- age   1:     233408 bytes,     233408 total
- age   2:       3792 bytes,     237200 total
- age   3:     210600 bytes,     447800 total
 21554K->15024K(24716K), 0.0010594 secs]
52.977: [GC
Desired survivor size 557056 bytes, new threshold 2 (max 15)
- age   1:     442096 bytes,     442096 total
- age   2:     152584 bytes,     594680 total
- age   3:       3792 bytes,     598472 total
- age   4:     210600 bytes,     809072 total
 21545K->15376K(24716K), 0.0012372 secs]
52.984: [GC
Desired survivor size 557056 bytes, new threshold 15 (max 15)
- age   1:      90096 bytes,      90096 total
- age   2:     360288 bytes,     450384 total
 21899K->15396K(24716K), 0.0011514 secs]
52.990: [GC
Desired survivor size 557056 bytes, new threshold 3 (max 15)
- age   1:     352560 bytes,     352560 total
- age   2:       3960 bytes,     356520 total
- age   3:     360288 bytes,     716808 total
 21917K->15655K(24716K), 0.0010300 secs]
52.997: [GC
Desired survivor size 557056 bytes, new threshold 15 (max 15)
- age   1:     247160 bytes,     247160 total
- age   2:      29440 bytes,     276600 total
- age   3:       3960 bytes,     280560 total
 22160K->15579K(24716K), 0.0023380 secs]
53.004: [GC
Desired survivor size 557056 bytes, new threshold 1 (max 15)
- age   1:     670192 bytes,     670192 total
- age   2:        824 bytes,     671016 total
- age   3:      29440 bytes,     700456 total
- age   4:       3960 bytes,     704416 total
 22066K->15995K(24716K), 0.0011461 secs]
53.015: [GC
Desired survivor size 557056 bytes, new threshold 15 (max 15)
- age   1:     141960 bytes,     141960 total
 22434K->15786K(24716K), 0.0011672 secs]
53.024: [GC
Desired survivor size 557056 bytes, new threshold 15 (max 15)
- age   1:     375592 bytes,     375592 total
- age   2:        880 bytes,     376472 total
 22314K->16010K(24716K), 0.0008897 secs]
53.029: [GC
Desired survivor size 557056 bytes, new threshold 15 (max 15)
- age   1:     185432 bytes,     185432 total
- age   2:     231664 bytes,     417096 total
- age   3:        768 bytes,     417864 total
 22538K->16055K(24716K), 0.0010078 secs]
53.034: [GC
Desired survivor size 557056 bytes, new threshold 15 (max 15)
- age   1:      77912 bytes,      77912 total
- age   2:     173608 bytes,     251520 total
- age   3:     173360 bytes,     424880 total
- age   4:        768 bytes,     425648 total
 22567K->16061K(24716K), 0.0011293 secs]
53.038: [GC
Desired survivor size 557056 bytes, new threshold 4 (max 15)
- age   1:     238592 bytes,     238592 total
- age   2:      18016 bytes,     256608 total
- age   3:     173608 bytes,     430216 total
- age   4:     173360 bytes,     603576 total
- age   5:        768 bytes,     604344 total
 22544K->16237K(24716K), 0.0011469 secs]
53.044: [GC
Desired survivor size 557056 bytes, new threshold 15 (max 15)
- age   1:     177256 bytes,     177256 total
- age   2:     180096 bytes,     357352 total
- age   3:      18016 bytes,     375368 total
- age   4:     173608 bytes,     548976 total
 22737K->16363K(24716K), 0.0015867 secs]
53.050: [GC
Desired survivor size 557056 bytes, new threshold 3 (max 15)
- age   1:     242104 bytes,     242104 total
- age   2:     136424 bytes,     378528 total
- age   3:     180096 bytes,     558624 total
- age   4:      18016 bytes,     576640 total
- age   5:     173608 bytes,     750248 total
 22883K->16554K(24716K), 0.0011432 secs]
53.055: [GC
Desired survivor size 557056 bytes, new threshold 15 (max 15)
- age   1:     288216 bytes,     288216 total
- age   2:     131672 bytes,     419888 total
- age   3:     136424 bytes,     556312 total
 23079K->16728K(24716K), 0.0019294 secs]
53.067: [GC
Desired survivor size 557056 bytes, new threshold 4 (max 15)
- age   1:     196616 bytes,     196616 total
- age   2:     219008 bytes,     415624 total
- age   3:     131672 bytes,     547296 total
- age   4:     136424 bytes,     683720 total
 23219K->16855K(24716K), 0.0013222 secs]
53.073: [GC
Desired survivor size 557056 bytes, new threshold 4 (max 15)
- age   1:      83080 bytes,      83080 total
- age   2:     123728 bytes,     206808 total
- age   3:     219008 bytes,     425816 total
- age   4:     131672 bytes,     557488 total
 23355K->16865K(24716K), 0.0013177 secs]
53.078: [GC
Desired survivor size 557056 bytes, new threshold 15 (max 15)
- age   1:     154184 bytes,     154184 total
- age   2:       5040 bytes,     159224 total
- age   3:     123616 bytes,     282840 total
- age   4:     219008 bytes,     501848 total
 23388K->16940K(24716K), 0.0016181 secs]
53.084: [GC
Desired survivor size 557056 bytes, new threshold 5 (max 15)
- age   1:     210224 bytes,     210224 total
- age   2:     141752 bytes,     351976 total
- age   3:       5040 bytes,     357016 total
- age   4:     123616 bytes,     480632 total
- age   5:     219008 bytes,     699640 total
 23458K->17138K(24716K), 0.0011527 secs]
53.090: [GC
Desired survivor size 557056 bytes, new threshold 5 (max 15)
- age   1:     131000 bytes,     131000 total
- age   2:     191824 bytes,     322824 total
- age   3:     141752 bytes,     464576 total
- age   4:       5040 bytes,     469616 total
- age   5:     123616 bytes,     593232 total
 23666K->17244K(24716K), 0.0016031 secs]
53.096: [GC
Desired survivor size 557056 bytes, new threshold 3 (max 15)
- age   1:     392736 bytes,     392736 total
- age   2:      38696 bytes,     431432 total
- age   3:     191824 bytes,     623256 total
- age   4:     141752 bytes,     765008 total
- age   5:       5040 bytes,     770048 total
 23765K->17530K(24716K), 0.0019664 secs]
53.103: [GC
Desired survivor size 557056 bytes, new threshold 15 (max 15)
- age   1:     288720 bytes,     288720 total
- age   2:     162880 bytes,     451600 total
- age   3:      38696 bytes,     490296 total
 24056K->17591K(24908K), 0.0016001 secs]
53.105: [Full GC 17591K->7971K(24908K), 0.0712418 secs]
53.182: [GC
Desired survivor size 557056 bytes, new threshold 15 (max 15)
- age   1:     348480 bytes,     348480 total
 14484K->8320K(24716K), 0.0007472 secs]
53.186: [GC
Desired survivor size 557056 bytes, new threshold 15 (max 15)
- age   1:     196320 bytes,     196320 total
- age   2:     208232 bytes,     404552 total
 14786K->8370K(24716K), 0.0008574 secs]
53.194: [GC
Desired survivor size 557056 bytes, new threshold 3 (max 15)
- age   1:     404256 bytes,     404256 total
- age   2:      39472 bytes,     443728 total
- age   3:     208232 bytes,     651960 total
 14898K->8610K(24716K), 0.0011774 secs]
53.200: [GC
Desired survivor size 557056 bytes, new threshold 2 (max 15)
- age   1:     392056 bytes,     392056 total
- age   2:     347792 bytes,     739848 total
- age   3:      39472 bytes,     779320 total
 15121K->8946K(24716K), 0.0016221 secs]
53.206: [GC
Desired survivor size 557056 bytes, new threshold 15 (max 15)
- age   1:     139472 bytes,     139472 total
- age   2:     351968 bytes,     491440 total
 15473K->9038K(24716K), 0.0016046 secs]
53.211: [GC
Desired survivor size 557056 bytes, new threshold 3 (max 15)
- age   1:     233512 bytes,     233512 total
- age   2:      96640 bytes,     330152 total
- age   3:     351968 bytes,     682120 total
 15549K->9224K(24716K), 0.0011742 secs]
53.216: [GC
Desired survivor size 557056 bytes, new threshold 15 (max 15)
- age   1:      75752 bytes,      75752 total
- age   2:     163992 bytes,     239744 total
- age   3:      96640 bytes,     336384 total
 15750K->9230K(24716K), 0.0014114 secs]
53.222: [GC
Desired survivor size 557056 bytes, new threshold 4 (max 15)
- age   1:     342792 bytes,     342792 total
- age   2:      45624 bytes,     388416 total
- age   3:     163992 bytes,     552408 total
- age   4:      96640 bytes,     649048 total
 15757K->9535K(24716K), 0.0011412 secs]
53.228: [GC
Desired survivor size 557056 bytes, new threshold 1 (max 15)
- age   1:     865144 bytes,     865144 total
- age   2:      52320 bytes,     917464 total
- age   3:      45624 bytes,     963088 total
- age   4:     111912 bytes,    1075000 total
 16047K->10346K(24716K), 0.0015772 secs]
53.233: [GC
Desired survivor size 557056 bytes, new threshold 15 (max 15)
- age   1:     326032 bytes,     326032 total
 16866K->10551K(24716K), 0.0016486 secs]
53.240: [GC
Desired survivor size 557056 bytes, new threshold 2 (max 15)
- age   1:     409736 bytes,     409736 total
- age   2:     246424 bytes,     656160 total
 17077K->10874K(24716K), 0.0010734 secs]
53.246: [GC
Desired survivor size 557056 bytes, new threshold 2 (max 15)
- age   1:     444136 bytes,     444136 total
- age   2:     362216 bytes,     806352 total
 17402K->11259K(24716K), 0.0013456 secs]
53.251: [GC
Desired survivor size 557056 bytes, new threshold 2 (max 15)
- age   1:     239832 bytes,     239832 total
- age   2:     392048 bytes,     631880 total
 17735K->11442K(24716K), 0.0014679 secs]
53.257: [GC
Desired survivor size 557056 bytes, new threshold 1 (max 15)
- age   1:     573512 bytes,     573512 total
- age   2:     131744 bytes,     705256 total
 17955K->11817K(24716K), 0.0012445 secs]
53.263: [GC
Desired survivor size 557056 bytes, new threshold 15 (max 15)
- age   1:     301000 bytes,     301000 total
 18296K->11786K(24716K), 0.0012057 secs]
53.268: [GC
Desired survivor size 557056 bytes, new threshold 15 (max 15)
- age   1:     235800 bytes,     235800 total
- age   2:     216976 bytes,     452776 total
 18306K->11934K(24716K), 0.0010720 secs]
53.273: [GC
Desired survivor size 557056 bytes, new threshold 3 (max 15)
- age   1:     229728 bytes,     229728 total
- age   2:     211096 bytes,     440824 total
- age   3:     216976 bytes,     657800 total
 18444K->12134K(24716K), 0.0010967 secs]
53.279: [GC
Desired survivor size 557056 bytes, new threshold 15 (max 15)
- age   1:     259440 bytes,     259440 total
- age   2:     172424 bytes,     431864 total
- age   3:      41736 bytes,     473600 total
 18642K->12110K(24716K), 0.0010221 secs]
53.285: [GC
Desired survivor size 557056 bytes, new threshold 15 (max 15)
- age   1:     204304 bytes,     204304 total
- age   2:      31392 bytes,     235696 total
- age   3:     114120 bytes,     349816 total
- age   4:      41736 bytes,     391552 total
 18588K->12030K(24716K), 0.0008141 secs]
53.290: [GC
Desired survivor size 557056 bytes, new threshold 15 (max 15)
- age   1:     266104 bytes,     266104 total
- age   2:      59344 bytes,     325448 total
- age   4:     114120 bytes,     439568 total
- age   5:      41736 bytes,     481304 total
 18505K->12118K(24716K), 0.0009128 secs]
53.295: [GC
Desired survivor size 557056 bytes, new threshold 2 (max 15)
- age   1:     419704 bytes,     419704 total
- age   2:     204664 bytes,     624368 total
- age   3:      59344 bytes,     683712 total
- age   5:     114120 bytes,     797832 total
- age   6:      41736 bytes,     839568 total
 18643K->12468K(24716K), 0.0012227 secs]
53.301: [GC
Desired survivor size 557056 bytes, new threshold 2 (max 15)
- age   1:     351864 bytes,     351864 total
- age   2:     243344 bytes,     595208 total
 18950K->12647K(24716K), 0.0014549 secs]
53.307: [GC
Desired survivor size 557056 bytes, new threshold 15 (max 15)
- age   1:     258704 bytes,     258704 total
- age   2:     218104 bytes,     476808 total
 19147K->12766K(24716K), 0.0012304 secs]
53.313: [GC
Desired survivor size 557056 bytes, new threshold 15 (max 15)
- age   1:     132752 bytes,     132752 total
- age   2:     120776 bytes,     253528 total
- age   3:     218104 bytes,     471632 total
 19284K->12763K(24716K), 0.0009886 secs]
53.319: [GC
Desired survivor size 557056 bytes, new threshold 15 (max 15)
- age   1:     102672 bytes,     102672 total
- age   2:      61080 bytes,     163752 total
- age   3:     120776 bytes,     284528 total
- age   4:     218104 bytes,     502632 total
 19288K->12793K(24716K), 0.0011736 secs]
53.324: [GC
Desired survivor size 557056 bytes, new threshold 5 (max 15)
- age   1:     337952 bytes,     337952 total
- age   2:      28992 bytes,     366944 total
- age   3:      37896 bytes,     404840 total
- age   4:     120776 bytes,     525616 total
- age   5:     218104 bytes,     743720 total
 19310K->13030K(24716K), 0.0011701 secs]
53.329: [GC
Desired survivor size 557056 bytes, new threshold 5 (max 15)
- age   1:     313856 bytes,     313856 total
- age   2:     106488 bytes,     420344 total
- age   3:      28992 bytes,     449336 total
- age   4:      37896 bytes,     487232 total
- age   5:     120776 bytes,     608008 total
 19554K->13111K(24716K), 0.0013458 secs]
53.334: [GC
Desired survivor size 557056 bytes, new threshold 15 (max 15)
- age   1:     161704 bytes,     161704 total
- age   2:      79600 bytes,     241304 total
- age   3:     106488 bytes,     347792 total
- age   4:      28992 bytes,     376784 total
- age   5:      37896 bytes,     414680 total
 19613K->13057K(24716K), 0.0010846 secs]
53.339: [GC
Desired survivor size 557056 bytes, new threshold 4 (max 15)
- age   1:     304256 bytes,     304256 total
- age   2:      77984 bytes,     382240 total
- age   3:      79600 bytes,     461840 total
- age   4:     106488 bytes,     568328 total
- age   5:      28992 bytes,     597320 total
- age   6:      37896 bytes,     635216 total
 19554K->13268K(24716K), 0.0011390 secs]
53.345: [GC
Desired survivor size 557056 bytes, new threshold 15 (max 15)
- age   1:     256912 bytes,     256912 total
- age   2:     108016 bytes,     364928 total
- age   3:      77984 bytes,     442912 total
- age   4:      79600 bytes,     522512 total
 19795K->13323K(24716K), 0.0011145 secs]
53.350: [GC
Desired survivor size 557056 bytes, new threshold 15 (max 15)
- age   1:     232360 bytes,     232360 total
- age   3:     108016 bytes,     340376 total
- age   4:      77984 bytes,     418360 total
- age   5:      79600 bytes,     497960 total
 19829K->13295K(24716K), 0.0008784 secs]
53.355: [GC
Desired survivor size 557056 bytes, new threshold 4 (max 15)
- age   1:     447216 bytes,     447216 total
- age   2:      59720 bytes,     506936 total
- age   4:     108016 bytes,     614952 total
- age   5:      77984 bytes,     692936 total
- age   6:      25592 bytes,     718528 total
 19726K->13510K(24716K), 0.0011350 secs]
53.364: [GC
Desired survivor size 557056 bytes, new threshold 15 (max 15)
- age   1:     277912 bytes,     277912 total
- age   2:     217704 bytes,     495616 total
 19980K->13506K(24716K), 0.0011576 secs]
53.370: [GC
Desired survivor size 557056 bytes, new threshold 15 (max 15)
- age   1:     156200 bytes,     156200 total
- age   2:     157592 bytes,     313792 total
- age   3:     157576 bytes,     471368 total
 19999K->13483K(24716K), 0.0009084 secs]
53.376: [GC
Desired survivor size 557056 bytes, new threshold 15 (max 15)
- age   1:     333608 bytes,     333608 total
- age   3:        704 bytes,     334312 total
- age   4:     157576 bytes,     491888 total
 19965K->13503K(24716K), 0.0009845 secs]
53.381: [GC
Desired survivor size 557056 bytes, new threshold 15 (max 15)
- age   1:     186784 bytes,     186784 total
- age   2:      37064 bytes,     223848 total
- age   4:        704 bytes,     224552 total
- age   5:     157576 bytes,     382128 total
 20031K->13396K(24716K), 0.0011162 secs]
53.387: [GC
Desired survivor size 557056 bytes, new threshold 15 (max 15)
- age   1:      72312 bytes,      72312 total
- age   2:     120904 bytes,     193216 total
- age   3:      37064 bytes,     230280 total
- age   6:     157576 bytes,     387856 total
 19828K->13400K(24716K), 0.0011309 secs]
53.392: [GC
Desired survivor size 557056 bytes, new threshold 7 (max 15)
- age   1:     377152 bytes,     377152 total
- age   2:       3160 bytes,     380312 total
- age   3:     120904 bytes,     501216 total
- age   4:      37064 bytes,     538280 total
- age   7:     157576 bytes,     695856 total
 19876K->13701K(24716K), 0.0013555 secs]
53.400: [GC
Desired survivor size 557056 bytes, new threshold 4 (max 15)
- age   1:     175952 bytes,     175952 total
- age   2:     297192 bytes,     473144 total
- age   3:       3048 bytes,     476192 total
- age   4:     120904 bytes,     597096 total
- age   5:      37064 bytes,     634160 total
 20229K->13797K(24716K), 0.0012864 secs]
53.405: [GC
Desired survivor size 557056 bytes, new threshold 15 (max 15)
- age   1:      88312 bytes,      88312 total
- age   2:     168736 bytes,     257048 total
- age   3:     157112 bytes,     414160 total
- age   4:       3048 bytes,     417208 total
 20306K->13746K(24716K), 0.0010883 secs]
53.412: [GC
Desired survivor size 557056 bytes, new threshold 4 (max 15)
- age   1:     391392 bytes,     391392 total
- age   2:      72640 bytes,     464032 total
- age   3:       6424 bytes,     470456 total
- age   4:     157112 bytes,     627568 total
- age   5:       3048 bytes,     630616 total
 20262K->13956K(24716K), 0.0010352 secs]
53.417: [GC
Desired survivor size 557056 bytes, new threshold 15 (max 15)
- age   1:     294408 bytes,     294408 total
- age   2:     106200 bytes,     400608 total
- age   3:      72640 bytes,     473248 total
- age   4:       6424 bytes,     479672 total
 20473K->13965K(24716K), 0.0012500 secs]
53.423: [GC
Desired survivor size 557056 bytes, new threshold 15 (max 15)
- age   1:     212152 bytes,     212152 total
- age   2:      95336 bytes,     307488 total
- age   3:     106200 bytes,     413688 total
- age   4:      72640 bytes,     486328 total
- age   5:       6424 bytes,     492752 total
 20487K->13970K(24716K), 0.0010279 secs]
53.428: [GC
Desired survivor size 557056 bytes, new threshold 6 (max 15)
- age   1:     330368 bytes,     330368 total
- age   2:      46896 bytes,     377264 total
- age   4:     106200 bytes,     483464 total
- age   5:      72640 bytes,     556104 total
- age   6:       6424 bytes,     562528 total
 20497K->14043K(24716K), 0.0010088 secs]
53.433: [GC
Desired survivor size 557056 bytes, new threshold 15 (max 15)
- age   1:     123376 bytes,     123376 total
- age   2:     107216 bytes,     230592 total
- age   3:      46896 bytes,     277488 total
- age   5:     106200 bytes,     383688 total
- age   6:      72640 bytes,     456328 total
 20508K->13945K(24716K), 0.0009942 secs]
53.439: [GC
Desired survivor size 557056 bytes, new threshold 6 (max 15)
- age   1:     290200 bytes,     290200 total
- age   2:      84712 bytes,     374912 total
- age   3:      70184 bytes,     445096 total
- age   4:      46896 bytes,     491992 total
- age   6:     106200 bytes,     598192 total
- age   7:      72640 bytes,     670832 total
 20455K->14154K(24716K), 0.0010343 secs]
53.445: [GC
Desired survivor size 557056 bytes, new threshold 15 (max 15)
- age   1:      83680 bytes,      83680 total
- age   2:     172088 bytes,     255768 total
- age   3:      84712 bytes,     340480 total
- age   4:      70184 bytes,     410664 total
- age   5:      46896 bytes,     457560 total
 20667K->14121K(24716K), 0.0011199 secs]
53.451: [GC
Desired survivor size 557056 bytes, new threshold 3 (max 15)
- age   1:     402456 bytes,     402456 total
- age   2:      83680 bytes,     486136 total
- age   3:     172088 bytes,     658224 total
- age   4:      84712 bytes,     742936 total
- age   5:      70184 bytes,     813120 total
- age   6:      46896 bytes,     860016 total
 20623K->14513K(24716K), 0.0011111 secs]
53.457: [GC
Desired survivor size 557056 bytes, new threshold 1 (max 15)
- age   1:     664912 bytes,     664912 total
- age   2:     344712 bytes,    1009624 total
- age   3:      83680 bytes,    1093304 total
 21038K->15071K(24716K), 0.0014493 secs]
53.465: [GC
Desired survivor size 557056 bytes, new threshold 15 (max 15)
- age   1:     212296 bytes,     212296 total
 21582K->14946K(24716K), 0.0014288 secs]
53.473: [GC
Desired survivor size 557056 bytes, new threshold 15 (max 15)
- age   1:     240024 bytes,     240024 total
- age   2:     150856 bytes,     390880 total
 21410K->15122K(24716K), 0.0011344 secs]
53.478: [GC
Desired survivor size 557056 bytes, new threshold 3 (max 15)
- age   1:     311968 bytes,     311968 total
- age   2:     175872 bytes,     487840 total
- age   3:     150856 bytes,     638696 total
 21612K->15364K(24716K), 0.0011294 secs]
53.483: [GC
Desired survivor size 557056 bytes, new threshold 3 (max 15)
- age   1:     218552 bytes,     218552 total
- age   2:     251296 bytes,     469848 total
- age   3:     175872 bytes,     645720 total
 21888K->15444K(24716K), 0.0012299 secs]
53.490: [GC
Desired survivor size 557056 bytes, new threshold 1 (max 15)
- age   1:     763584 bytes,     763584 total
- age   2:      90328 bytes,     853912 total
- age   3:     251296 bytes,    1105208 total
 21936K->15956K(24716K), 0.0013157 secs]
53.496: [GC
Desired survivor size 557056 bytes, new threshold 1 (max 15)
- age   1:     607752 bytes,     607752 total
 22473K->16100K(24716K), 0.0017427 secs]
53.502: [GC
Desired survivor size 557056 bytes, new threshold 15 (max 15)
- age   1:     209816 bytes,     209816 total
 22604K->16108K(24716K), 0.0010083 secs]
53.507: [GC
Desired survivor size 557056 bytes, new threshold 15 (max 15)
- age   1:     114144 bytes,     114144 total
- age   2:     143008 bytes,     257152 total
 22599K->16152K(24716K), 0.0011364 secs]
53.512: [GC
Desired survivor size 557056 bytes, new threshold 15 (max 15)
- age   1:     250192 bytes,     250192 total
- age   2:      89200 bytes,     339392 total
- age   3:     143008 bytes,     482400 total
 22663K->16374K(24716K), 0.0010605 secs]
53.517: [GC
Desired survivor size 557056 bytes, new threshold 1 (max 15)
- age   1:     599200 bytes,     599200 total
- age   2:     174280 bytes,     773480 total
- age   3:      89200 bytes,     862680 total
- age   4:     143008 bytes,    1005688 total
 22847K->16884K(24716K), 0.0016016 secs]
53.523: [GC
Desired survivor size 557056 bytes, new threshold 15 (max 15)
- age   1:     448104 bytes,     448104 total
 23322K->17031K(24716K), 0.0015019 secs]
53.529: [GC
Desired survivor size 557056 bytes, new threshold 15 (max 15)
- age   1:     127072 bytes,     127072 total
- age   2:     189200 bytes,     316272 total
 23520K->16902K(24716K), 0.0008462 secs]
53.535: [GC
Desired survivor size 557056 bytes, new threshold 3 (max 15)
- age   1:     410024 bytes,     410024 total
- age   2:      68576 bytes,     478600 total
- age   3:     111208 bytes,     589808 total
 23399K->17169K(24716K), 0.0010846 secs]
53.540: [GC
Desired survivor size 557056 bytes, new threshold 15 (max 15)
- age   1:     357280 bytes,     357280 total
- age   2:     152896 bytes,     510176 total
 23669K->17200K(24716K), 0.0010590 secs]
53.545: [GC
Desired survivor size 557056 bytes, new threshold 1 (max 15)
- age   1:     582640 bytes,     582640 total
- age   2:     295760 bytes,     878400 total
- age   3:     152896 bytes,    1031296 total
 23713K->17708K(24716K), 0.0014762 secs]
53.551: [GC
Desired survivor size 557056 bytes, new threshold 15 (max 15)
- age   1:     530824 bytes,     530824 total
 24173K->17919K(25100K), 0.0017088 secs]
53.553: [Full GC 17919K->8946K(25100K), 0.0711777 secs]
53.628: [GC
Desired survivor size 557056 bytes, new threshold 15 (max 15)
- age   1:     418160 bytes,     418160 total
 15434K->9358K(24716K), 0.0009220 secs]
53.635: [GC
Desired survivor size 557056 bytes, new threshold 15 (max 15)
- age   1:     240512 bytes,     240512 total
- age   2:     302720 bytes,     543232 total
 15865K->9478K(24716K), 0.0028742 secs]
53.643: [GC
Desired survivor size 557056 bytes, new threshold 2 (max 15)
- age   1:     393936 bytes,     393936 total
- age   2:     171416 bytes,     565352 total
- age   3:     302720 bytes,     868072 total
 15967K->9797K(24716K), 0.0010830 secs]
53.649: [GC
Desired survivor size 557056 bytes, new threshold 2 (max 15)
- age   1:     471592 bytes,     471592 total
- age   2:     285240 bytes,     756832 total
 16300K->10167K(24716K), 0.0014318 secs]
53.655: [GC
Desired survivor size 557056 bytes, new threshold 15 (max 15)
- age   1:     254416 bytes,     254416 total
- age   2:     222832 bytes,     477248 total
 16685K->10173K(24716K), 0.0010217 secs]
53.660: [GC
Desired survivor size 557056 bytes, new threshold 15 (max 15)
- age   1:     193328 bytes,     193328 total
- age   2:     206784 bytes,     400112 total
- age   3:      88160 bytes,     488272 total
 16698K->10184K(24716K), 0.0011343 secs]
53.665: [GC
Desired survivor size 557056 bytes, new threshold 15 (max 15)
- age   1:     196160 bytes,     196160 total
- age   2:     141536 bytes,     337696 total
- age   4:      88160 bytes,     425856 total
 16702K->10123K(24716K), 0.0010698 secs]
53.670: [GC
Desired survivor size 557056 bytes, new threshold 15 (max 15)
- age   1:     174744 bytes,     174744 total
- age   2:      53456 bytes,     228200 total
- age   5:      88160 bytes,     316360 total
 16615K->10016K(24716K), 0.0010154 secs]
53.676: [GC
Desired survivor size 557056 bytes, new threshold 3 (max 15)
- age   1:     414856 bytes,     414856 total
- age   2:     101608 bytes,     516464 total
- age   3:      53456 bytes,     569920 total
- age   6:      88160 bytes,     658080 total
 16515K->10349K(24716K), 0.0011330 secs]
53.681: [GC
Desired survivor size 557056 bytes, new threshold 2 (max 15)
- age   1:     527824 bytes,     527824 total
- age   2:     128920 bytes,     656744 total
- age   3:     101608 bytes,     758352 total
 16853K->10585K(24716K), 0.0012174 secs]
53.686: [GC
Desired survivor size 557056 bytes, new threshold 15 (max 15)
- age   1:     204616 bytes,     204616 total
- age   2:     342520 bytes,     547136 total
 17075K->10604K(24716K), 0.0011843 secs]
53.692: [GC
Desired survivor size 557056 bytes, new threshold 3 (max 15)
- age   1:     393672 bytes,     393672 total
- age   2:     156888 bytes,     550560 total
- age   3:     143456 bytes,     694016 total
 17119K->10748K(24716K), 0.0014012 secs]
53.698: [GC
Desired survivor size 557056 bytes, new threshold 1 (max 15)
- age   1:     600904 bytes,     600904 total
- age   2:     257976 bytes,     858880 total
 17249K->11049K(24716K), 0.0017349 secs]
53.705: [GC
Desired survivor size 557056 bytes, new threshold 15 (max 15)
- age   1:     370888 bytes,     370888 total
 17547K->11007K(24716K), 0.0012622 secs]
53.712: [GC
Desired survivor size 557056 bytes, new threshold 2 (max 15)
- age   1:     492096 bytes,     492096 total
- age   2:     137824 bytes,     629920 total
 17490K->11260K(24716K), 0.0010983 secs]
53.717: [GC
Desired survivor size 557056 bytes, new threshold 15 (max 15)
- age   1:     171520 bytes,     171520 total
- age   2:     273528 bytes,     445048 total
 17781K->11214K(24716K), 0.0015231 secs]
53.723: [GC
Desired survivor size 557056 bytes, new threshold 3 (max 15)
- age   1:     441544 bytes,     441544 total
- age   2:     115152 bytes,     556696 total
- age   3:     106672 bytes,     663368 total
 17701K->11427K(24716K), 0.0011467 secs]
53.729: [GC
Desired survivor size 557056 bytes, new threshold 2 (max 15)
- age   1:     498248 bytes,     498248 total
- age   2:     155808 bytes,     654056 total
- age   3:     115152 bytes,     769208 total
 17949K->11634K(24716K), 0.0013229 secs]
53.735: [GC
Desired survivor size 557056 bytes, new threshold 2 (max 15)
- age   1:     187032 bytes,     187032 total
- age   2:     425624 bytes,     612656 total
 18152K->11746K(24716K), 0.0012168 secs]
53.740: [GC
Desired survivor size 557056 bytes, new threshold 2 (max 15)
- age   1:     528528 bytes,     528528 total
- age   2:      37288 bytes,     565816 total
 18274K->11957K(24716K), 0.0015592 secs]
53.746: [GC
Desired survivor size 557056 bytes, new threshold 1 (max 15)
- age   1:     747672 bytes,     747672 total
- age   2:     288512 bytes,    1036184 total
 18445K->12460K(24716K), 0.0013985 secs]
53.752: [GC
Desired survivor size 557056 bytes, new threshold 15 (max 15)
- age   1:     115832 bytes,     115832 total
 18968K->12296K(24716K), 0.0015719 secs]
53.758: [GC
Desired survivor size 557056 bytes, new threshold 15 (max 15)
- age   1:     404640 bytes,     404640 total
- age   2:      71616 bytes,     476256 total
 18800K->12650K(24716K), 0.0010793 secs]
53.764: [GC
Desired survivor size 557056 bytes, new threshold 1 (max 15)
- age   1:     846624 bytes,     846624 total
- age   2:     172704 bytes,    1019328 total
- age   3:      71616 bytes,    1090944 total
 19158K->13250K(24716K), 0.0013254 secs]
53.770: [GC
Desired survivor size 557056 bytes, new threshold 15 (max 15)
- age   1:     262768 bytes,     262768 total
 19765K->13132K(24716K), 0.0013531 secs]
53.777: [GC
Desired survivor size 557056 bytes, new threshold 15 (max 15)
- age   1:     176624 bytes,     176624 total
- age   2:     159208 bytes,     335832 total
 19617K->13203K(24716K), 0.0007053 secs]
53.781: [GC
Desired survivor size 557056 bytes, new threshold 15 (max 15)
- age   1:      99256 bytes,      99256 total
- age   2:         56 bytes,      99312 total
- age   3:     159208 bytes,     258520 total
 19731K->13128K(24716K), 0.0008817 secs]
53.786: [GC
Desired survivor size 557056 bytes, new threshold 15 (max 15)
- age   1:     178208 bytes,     178208 total
- age   2:      43248 bytes,     221456 total
- age   3:         56 bytes,     221512 total
- age   4:     159208 bytes,     380720 total
 19649K->13247K(24716K), 0.0011515 secs]
53.792: [GC
Desired survivor size 557056 bytes, new threshold 15 (max 15)
- age   1:     215056 bytes,     215056 total
- age   2:     117288 bytes,     332344 total
- age   3:         40 bytes,     332384 total
- age   4:         56 bytes,     332440 total
- age   5:     159208 bytes,     491648 total
 19737K->13355K(24716K), 0.0011217 secs]
53.798: [GC
Desired survivor size 557056 bytes, new threshold 15 (max 15)
- age   1:     114560 bytes,     114560 total
- age   2:     104552 bytes,     219112 total
- age   3:     117288 bytes,     336400 total
- age   4:         40 bytes,     336440 total
- age   5:         56 bytes,     336496 total
- age   6:     159208 bytes,     495704 total
 19868K->13359K(24716K), 0.0010686 secs]
53.803: [GC
Desired survivor size 557056 bytes, new threshold 7 (max 15)
- age   1:     190392 bytes,     190392 total
- age   2:      47712 bytes,     238104 total
- age   3:     104552 bytes,     342656 total
- age   4:     117288 bytes,     459944 total
- age   5:         40 bytes,     459984 total
- age   6:         56 bytes,     460040 total
- age   7:     159208 bytes,     619248 total
 19882K->13480K(24716K), 0.0011675 secs]
53.809: [GC
Desired survivor size 557056 bytes, new threshold 2 (max 15)
- age   1:     532544 bytes,     532544 total
- age   2:     136152 bytes,     668696 total
- age   3:      47712 bytes,     716408 total
- age   4:     104552 bytes,     820960 total
- age   5:     117288 bytes,     938248 total
- age   6:         40 bytes,     938288 total
- age   7:         56 bytes,     938344 total
 19963K->13947K(24716K), 0.0016984 secs]
53.815: [GC
Desired survivor size 557056 bytes, new threshold 2 (max 15)
- age   1:     510448 bytes,     510448 total
- age   2:     310760 bytes,     821208 total
 20460K->14229K(24716K), 0.0014829 secs]
53.822: [GC
Desired survivor size 557056 bytes, new threshold 2 (max 15)
- age   1:     398176 bytes,     398176 total
- age   2:     432368 bytes,     830544 total
 20751K->14433K(24716K), 0.0026405 secs]
53.829: [GC
Desired survivor size 557056 bytes, new threshold 1 (max 15)
- age   1:     579440 bytes,     579440 total
- age   2:     261464 bytes,     840904 total
 20934K->14873K(24716K), 0.0015776 secs]
53.836: [GC
Desired survivor size 557056 bytes, new threshold 1 (max 15)
- age   1:     728816 bytes,     728816 total
 21338K->15224K(24716K), 0.0012299 secs]
53.841: [GC
Desired survivor size 557056 bytes, new threshold 15 (max 15)
- age   1:     283880 bytes,     283880 total
 21727K->15428K(24716K), 0.0014747 secs]
53.847: [GC
Desired survivor size 557056 bytes, new threshold 1 (max 15)
- age   1:     888928 bytes,     888928 total
- age   2:     165248 bytes,    1054176 total
 21944K->16320K(24716K), 0.0014821 secs]
53.854: [GC
Desired survivor size 557056 bytes, new threshold 15 (max 15)
- age   1:     129480 bytes,     129480 total
 22841K->16375K(24716K), 0.0015680 secs]
53.860: [GC
Desired survivor size 557056 bytes, new threshold 1 (max 15)
- age   1:     893712 bytes,     893712 total
- age   2:         40 bytes,     893752 total
 22855K->17122K(24716K), 0.0014207 secs]
53.867: [GC
Desired survivor size 557056 bytes, new threshold 15 (max 15)
- age   1:     162784 bytes,     162784 total
 23640K->17042K(24716K), 0.0019771 secs]
53.873: [GC
Desired survivor size 557056 bytes, new threshold 15 (max 15)
- age   1:     350456 bytes,     350456 total
- age   2:      83720 bytes,     434176 total
 23560K->17309K(24716K), 0.0010960 secs]
53.878: [GC
Desired survivor size 557056 bytes, new threshold 2 (max 15)
- age   1:     336712 bytes,     336712 total
- age   2:     270576 bytes,     607288 total
- age   3:      83720 bytes,     691008 total
 23830K->17560K(24716K), 0.0012035 secs]
53.885: [GC
Desired survivor size 557056 bytes, new threshold 2 (max 15)
- age   1:     387464 bytes,     387464 total
- age   2:     278368 bytes,     665832 total
 24056K->17881K(24908K), 0.0014491 secs]
53.887: [Full GC 17881K->8905K(24908K), 0.0710131 secs]
53.963: [GC
Desired survivor size 557056 bytes, new threshold 1 (max 15)
- age   1:     661784 bytes,     661784 total
 15432K->9556K(24716K), 0.0009532 secs]
53.968: [GC
Desired survivor size 557056 bytes, new threshold 15 (max 15)
- age   1:     455392 bytes,     455392 total
 16063K->9757K(24716K), 0.0011178 secs]
53.974: [GC
Desired survivor size 557056 bytes, new threshold 2 (max 15)
- age   1:     527656 bytes,     527656 total
- age   2:     455352 bytes,     983008 total
 16260K->10272K(24716K), 0.0011454 secs]
53.980: [GC
Desired survivor size 557056 bytes, new threshold 2 (max 15)
- age   1:     402760 bytes,     402760 total
- age   2:     452368 bytes,     855128 total
 16795K->10600K(24716K), 0.0015390 secs]
53.986: [GC
Desired survivor size 557056 bytes, new threshold 1 (max 15)
- age   1:     837368 bytes,     837368 total
- age   2:     247896 bytes,    1085264 total
 17124K->11266K(24716K), 0.0017728 secs]
53.992: [GC
Desired survivor size 557056 bytes, new threshold 15 (max 15)
- age   1:     147248 bytes,     147248 total
 17793K->11143K(24716K), 0.0015292 secs]
53.999: [GC
Desired survivor size 557056 bytes, new threshold 15 (max 15)
- age   1:     260720 bytes,     260720 total
- age   2:      67368 bytes,     328088 total
 17577K->11317K(24716K), 0.0011411 secs]
54.005: [GC
Desired survivor size 557056 bytes, new threshold 15 (max 15)
- age   1:     200336 bytes,     200336 total
- age   2:     199816 bytes,     400152 total
- age   3:         56 bytes,     400208 total
 17838K->11390K(24716K), 0.0008358 secs]
54.010: [GC
Desired survivor size 557056 bytes, new threshold 3 (max 15)
- age   1:     274952 bytes,     274952 total
- age   2:     136184 bytes,     411136 total
- age   3:     199784 bytes,     610920 total
- age   4:         56 bytes,     610976 total
 17874K->11596K(24716K), 0.0009341 secs]
54.015: [GC
Desired survivor size 557056 bytes, new threshold 1 (max 15)
- age   1:     558424 bytes,     558424 total
- age   3:     136184 bytes,     694608 total
 18117K->11872K(24716K), 0.0011235 secs]
54.021: [GC
Desired survivor size 557056 bytes, new threshold 15 (max 15)
- age   1:     412416 bytes,     412416 total
 18396K->12058K(24716K), 0.0013873 secs]
54.026: [GC
Desired survivor size 557056 bytes, new threshold 1 (max 15)
- age   1:     630472 bytes,     630472 total
- age   2:     148864 bytes,     779336 total
 18554K->12417K(24716K), 0.0012265 secs]
54.032: [GC
Desired survivor size 557056 bytes, new threshold 1 (max 15)
- age   1:     695792 bytes,     695792 total
 18905K->12795K(24716K), 0.0013777 secs]
54.037: [GC
Desired survivor size 557056 bytes, new threshold 15 (max 15)
- age   1:     328536 bytes,     328536 total
 19320K->12788K(24716K), 0.0011651 secs]
54.043: [GC
Desired survivor size 557056 bytes, new threshold 15 (max 15)
- age   1:     166352 bytes,     166352 total
- age   2:     121664 bytes,     288016 total
 19306K->12749K(24716K), 0.0007637 secs]
54.048: [GC
Desired survivor size 557056 bytes, new threshold 15 (max 15)
- age   1:     109712 bytes,     109712 total
- age   2:      84704 bytes,     194416 total
- age   3:     121664 bytes,     316080 total
 19276K->12774K(24716K), 0.0015170 secs]
54.053: [GC
Desired survivor size 557056 bytes, new threshold 1 (max 15)
- age   1:     813352 bytes,     813352 total
- age   2:      43320 bytes,     856672 total
- age   3:      84704 bytes,     941376 total
- age   4:     121664 bytes,    1063040 total
 19238K->13506K(24716K), 0.0016228 secs]
54.059: [GC
Desired survivor size 557056 bytes, new threshold 15 (max 15)
- age   1:     140304 bytes,     140304 total
 20021K->13382K(24716K), 0.0014319 secs]
54.065: [GC
Desired survivor size 557056 bytes, new threshold 1 (max 15)
- age   1:     839912 bytes,     839912 total
- age   2:     140304 bytes,     980216 total
 19900K->14204K(24716K), 0.0014544 secs]
54.072: [GC
Desired survivor size 557056 bytes, new threshold 15 (max 15)
- age   1:     420456 bytes,     420456 total
 20729K->14283K(24716K), 0.0012465 secs]
54.077: [GC
Desired survivor size 557056 bytes, new threshold 1 (max 15)
- age   1:     598768 bytes,     598768 total
- age   2:     137016 bytes,     735784 total
 20779K->14589K(24716K), 0.0012648 secs]
54.082: [GC
Desired survivor size 557056 bytes, new threshold 15 (max 15)
- age   1:     201448 bytes,     201448 total
 21085K->14786K(24716K), 0.0013606 secs]
54.088: [GC
Desired survivor size 557056 bytes, new threshold 1 (max 15)
- age   1:     697496 bytes,     697496 total
- age   2:     135568 bytes,     833064 total
 21257K->15405K(24716K), 0.0011967 secs]
54.093: [GC
Desired survivor size 557056 bytes, new threshold 15 (max 15)
- age   1:     243408 bytes,     243408 total
 21871K->15562K(24716K), 0.0015608 secs]
54.099: [GC
Desired survivor size 557056 bytes, new threshold 2 (max 15)
- age   1:     454032 bytes,     454032 total
- age   2:     165968 bytes,     620000 total
 22002K->15928K(24716K), 0.0014224 secs]
54.105: [GC
Desired survivor size 557056 bytes, new threshold 1 (max 15)
- age   1:     617680 bytes,     617680 total
- age   2:     284528 bytes,     902208 total
 22436K->16367K(24716K), 0.0013720 secs]
54.111: [GC
Desired survivor size 557056 bytes, new threshold 15 (max 15)
- age   1:     134536 bytes,     134536 total
 22784K->16238K(24716K), 0.0011778 secs]
54.116: [GC
Desired survivor size 557056 bytes, new threshold 15 (max 15)
- age   1:     212392 bytes,     212392 total
 22705K->16311K(24716K), 0.0010263 secs]
54.121: [GC
Desired survivor size 557056 bytes, new threshold 1 (max 15)
- age   1:     616696 bytes,     616696 total
- age   2:      65056 bytes,     681752 total
 22812K->16772K(24716K), 0.0011069 secs]
54.126: [GC
Desired survivor size 557056 bytes, new threshold 1 (max 15)
- age   1:     721000 bytes,     721000 total
 23272K->17395K(24716K), 0.0013733 secs]
54.133: [GC
Desired survivor size 557056 bytes, new threshold 15 (max 15)
- age   1:     271568 bytes,     271568 total
 23900K->17442K(24908K), 0.0012580 secs]
54.135: [Full GC 17442K->9187K(24908K), 0.0708507 secs]
54.213: [GC
Desired survivor size 557056 bytes, new threshold 15 (max 15)
- age   1:     342280 bytes,     342280 total
 15714K->9525K(24716K), 0.0009553 secs]
54.219: [GC
Desired survivor size 557056 bytes, new threshold 2 (max 15)
- age   1:     487344 bytes,     487344 total
- age   2:     264040 bytes,     751384 total
 16053K->9924K(24716K), 0.0011209 secs]
54.224: [GC
Desired survivor size 557056 bytes, new threshold 15 (max 15)
- age   1:     148352 bytes,     148352 total
- age   2:     133008 bytes,     281360 total
 16403K->9731K(24716K), 0.0009809 secs]
54.230: [GC
Desired survivor size 557056 bytes, new threshold 15 (max 15)
- age   1:      87536 bytes,      87536 total
- age   2:      67488 bytes,     155024 total
- age   3:     132040 bytes,     287064 total
 16214K->9737K(24716K), 0.0009494 secs]
54.235: [GC
Desired survivor size 557056 bytes, new threshold 15 (max 15)
- age   1:     352968 bytes,     352968 total
- age   2:       3440 bytes,     356408 total
- age   3:      67488 bytes,     423896 total
- age   4:     131928 bytes,     555824 total
 16259K->9998K(24716K), 0.0010686 secs]
54.240: [GC
Desired survivor size 557056 bytes, new threshold 5 (max 15)
- age   1:     250264 bytes,     250264 total
- age   2:     105192 bytes,     355456 total
- age   3:       3440 bytes,     358896 total
- age   4:      67488 bytes,     426384 total
- age   5:     131928 bytes,     558312 total
 16521K->10006K(24716K), 0.0010299 secs]
54.245: [GC
Desired survivor size 557056 bytes, new threshold 1 (max 15)
- age   1:     585168 bytes,     585168 total
- age   2:      81624 bytes,     666792 total
- age   3:     105192 bytes,     771984 total
- age   4:       3440 bytes,     775424 total
- age   5:      67488 bytes,     842912 total
 16506K->10415K(24716K), 0.0013274 secs]
54.255: [GC
Desired survivor size 557056 bytes, new threshold 1 (max 15)
- age   1:     648944 bytes,     648944 total
 16843K->10718K(24716K), 0.0014961 secs]
54.262: [GC
Desired survivor size 557056 bytes, new threshold 15 (max 15)
- age   1:     504200 bytes,     504200 total
 17229K->11047K(24716K), 0.0015339 secs]
54.268: [GC
Desired survivor size 557056 bytes, new threshold 2 (max 15)
- age   1:     241144 bytes,     241144 total
- age   2:     504200 bytes,     745344 total
 17493K->11283K(24716K), 0.0039005 secs]
54.277: [GC
Desired survivor size 557056 bytes, new threshold 15 (max 15)
- age   1:      87208 bytes,      87208 total
- age   2:     159960 bytes,     247168 total
 17658K->11288K(24716K), 0.0012253 secs]
54.283: [GC
Desired survivor size 557056 bytes, new threshold 1 (max 15)
- age   1:     737320 bytes,     737320 total
- age   2:       3488 bytes,     740808 total
- age   3:     159832 bytes,     900640 total
 17759K->11926K(24716K), 0.0013782 secs]
54.288: [GC
Desired survivor size 557056 bytes, new threshold 15 (max 15)
- age   1:     442952 bytes,     442952 total
 18437K->12205K(24716K), 0.0014878 secs]
54.295: [GC
Desired survivor size 557056 bytes, new threshold 2 (max 15)
- age   1:     237808 bytes,     237808 total
- age   2:     370424 bytes,     608232 total
 18696K->12364K(24716K), 0.0008729 secs]
54.301: [GC
Desired survivor size 557056 bytes, new threshold 1 (max 15)
- age   1:     750568 bytes,     750568 total
- age   2:     237808 bytes,     988376 total
 18857K->12936K(24716K), 0.0016030 secs]
54.307: [GC
Desired survivor size 557056 bytes, new threshold 15 (max 15)
- age   1:     251352 bytes,     251352 total
 19450K->12787K(24716K), 0.0015004 secs]
54.312: [GC
Desired survivor size 557056 bytes, new threshold 15 (max 15)
- age   1:     174920 bytes,     174920 total
- age   2:     161592 bytes,     336512 total
 19315K->12870K(24716K), 0.0008717 secs]
54.317: [GC
Desired survivor size 557056 bytes, new threshold 1 (max 15)
- age   1:     750480 bytes,     750480 total
- age   2:     174920 bytes,     925400 total
- age   3:     161752 bytes,    1087152 total
 19347K->13606K(24716K), 0.0013717 secs]
54.323: [GC
Desired survivor size 557056 bytes, new threshold 15 (max 15)
- age   1:     402960 bytes,     402960 total
 20134K->13668K(24716K), 0.0014675 secs]
54.330: [GC
Desired survivor size 557056 bytes, new threshold 2 (max 15)
- age   1:     441600 bytes,     441600 total
- age   2:     327672 bytes,     769272 total
 20140K->14025K(24716K), 0.0011141 secs]
54.335: [GC
Desired survivor size 557056 bytes, new threshold 15 (max 15)
- age   1:     295664 bytes,     295664 total
- age   2:     218984 bytes,     514648 total
 20497K->14104K(24716K), 0.0012076 secs]
54.340: [GC
Desired survivor size 557056 bytes, new threshold 1 (max 15)
- age   1:     704120 bytes,     704120 total
- age   2:     139752 bytes,     843872 total
- age   3:     218984 bytes,    1062856 total
 20590K->14640K(24716K), 0.0014945 secs]
54.346: [GC
Desired survivor size 557056 bytes, new threshold 15 (max 15)
- age   1:     549880 bytes,     549880 total
 21119K->14725K(24716K), 0.0017880 secs]
54.358: [GC
Desired survivor size 557056 bytes, new threshold 15 (max 15)
- age   1:      78512 bytes,      78512 total
- age   2:     162944 bytes,     241456 total
 21202K->14425K(24716K), 0.0010241 secs]
54.363: [GC
Desired survivor size 557056 bytes, new threshold 15 (max 15)
- age   1:      83704 bytes,      83704 total
- age   2:       2280 bytes,      85984 total
- age   3:     162944 bytes,     248928 total
 20911K->14430K(24716K), 0.0007723 secs]
54.368: [GC
Desired survivor size 557056 bytes, new threshold 15 (max 15)
- age   1:     260624 bytes,     260624 total
- age   2:       4736 bytes,     265360 total
- age   3:       2280 bytes,     267640 total
- age   4:     162944 bytes,     430584 total
 20935K->14610K(24716K), 0.0008562 secs]
54.373: [GC
Desired survivor size 557056 bytes, new threshold 5 (max 15)
- age   1:     218936 bytes,     218936 total
- age   2:     169672 bytes,     388608 total
- age   3:       4736 bytes,     393344 total
- age   4:       2280 bytes,     395624 total
- age   5:     162944 bytes,     558568 total
 21138K->14733K(24716K), 0.0010571 secs]
54.379: [GC
Desired survivor size 557056 bytes, new threshold 15 (max 15)
- age   1:     174536 bytes,     174536 total
- age   2:      55592 bytes,     230128 total
- age   3:      84520 bytes,     314648 total
- age   4:       3280 bytes,     317928 total
- age   5:       2280 bytes,     320208 total
 21256K->14661K(24716K), 0.0011687 secs]
54.387: [GC
Desired survivor size 557056 bytes, new threshold 15 (max 15)
- age   1:     292088 bytes,     292088 total
- age   2:      85872 bytes,     377960 total
- age   3:      55256 bytes,     433216 total
- age   4:      84520 bytes,     517736 total
- age   5:       3280 bytes,     521016 total
- age   6:       2168 bytes,     523184 total
 21179K->14862K(24716K), 0.0011017 secs]
54.393: [GC
Desired survivor size 557056 bytes, new threshold 15 (max 15)
- age   1:     129136 bytes,     129136 total
- age   2:     192032 bytes,     321168 total
- age   3:      85824 bytes,     406992 total
- age   4:      55152 bytes,     462144 total
- age   5:      84520 bytes,     546664 total
- age   6:       3280 bytes,     549944 total
- age   7:       2168 bytes,     552112 total
 21357K->14896K(24716K), 0.0011374 secs]
54.401: [GC
Desired survivor size 557056 bytes, new threshold 3 (max 15)
- age   1:     407040 bytes,     407040 total
- age   2:       1320 bytes,     408360 total
- age   3:     192032 bytes,     600392 total
- age   4:      85824 bytes,     686216 total
- age   5:      55152 bytes,     741368 total
- age   6:      84520 bytes,     825888 total
- age   7:       3280 bytes,     829168 total
- age   8:       2168 bytes,     831336 total
 21410K->15162K(24716K), 0.0019887 secs]
54.410: [GC
Desired survivor size 557056 bytes, new threshold 15 (max 15)
- age   1:     335648 bytes,     335648 total
- age   2:     219544 bytes,     555192 total
- age   3:       1320 bytes,     556512 total
 21688K->15321K(24716K), 0.0012596 secs]
54.418: [GC
Desired survivor size 557056 bytes, new threshold 3 (max 15)
- age   1:     222440 bytes,     222440 total
- age   2:     256832 bytes,     479272 total
- age   3:     218840 bytes,     698112 total
- age   4:       1320 bytes,     699432 total
 21842K->15458K(24716K), 0.0011476 secs]
54.424: [GC
Desired survivor size 557056 bytes, new threshold 15 (max 15)
- age   1:      41240 bytes,      41240 total
- age   2:     200328 bytes,     241568 total
- age   3:     256832 bytes,     498400 total
 21964K->15477K(24716K), 0.0011981 secs]
54.431: [GC
Desired survivor size 557056 bytes, new threshold 3 (max 15)
- age   1:     533448 bytes,     533448 total
- age   2:      12240 bytes,     545688 total
- age   3:     115816 bytes,     661504 total
- age   4:     256360 bytes,     917864 total
 21970K->15887K(24716K), 0.0013886 secs]
54.437: [GC
Desired survivor size 557056 bytes, new threshold 2 (max 15)
- age   1:     179656 bytes,     179656 total
- age   2:     448400 bytes,     628056 total
- age   3:      12240 bytes,     640296 total
 22402K->15768K(24716K), 0.0014760 secs]
54.443: [GC
Desired survivor size 557056 bytes, new threshold 15 (max 15)
- age   1:     119296 bytes,     119296 total
- age   2:      17800 bytes,     137096 total
 22275K->15714K(24716K), 0.0011832 secs]
54.450: [GC
Desired survivor size 557056 bytes, new threshold 1 (max 15)
- age   1:     831720 bytes,     831720 total
- age   2:      41856 bytes,     873576 total
- age   3:      17800 bytes,     891376 total
 22173K->16451K(24716K), 0.0010497 secs]
54.457: [GC
Desired survivor size 557056 bytes, new threshold 15 (max 15)
- age   1:     200584 bytes,     200584 total
 22979K->16557K(24716K), 0.0022865 secs]
54.464: [GC
Desired survivor size 557056 bytes, new threshold 1 (max 15)
- age   1:     597016 bytes,     597016 total
- age   2:      40072 bytes,     637088 total
 23082K->16982K(24716K), 0.0011973 secs]
54.469: [GC
Desired survivor size 557056 bytes, new threshold 1 (max 15)
- age   1:     698264 bytes,     698264 total
 23477K->17597K(24716K), 0.0018880 secs]
54.477: [GC
Desired survivor size 557056 bytes, new threshold 15 (max 15)
- age   1:     112368 bytes,     112368 total
 24083K->17682K(25292K), 0.0012142 secs]
54.479: [Full GC 17682K->7792K(25292K), 0.0712599 secs]
54.556: [GC
Desired survivor size 557056 bytes, new threshold 15 (max 15)
- age   1:     195368 bytes,     195368 total
 14317K->7986K(24716K), 0.0005922 secs]
54.563: [GC
Desired survivor size 557056 bytes, new threshold 15 (max 15)
- age   1:     256832 bytes,     256832 total
- age   2:      52744 bytes,     309576 total
 14514K->8097K(24716K), 0.0006378 secs]
54.568: [GC
Desired survivor size 557056 bytes, new threshold 15 (max 15)
- age   1:     225880 bytes,     225880 total
- age   2:      93464 bytes,     319344 total
- age   3:      52744 bytes,     372088 total
 14607K->8158K(24716K), 0.0007973 secs]
54.574: [GC
Desired survivor size 557056 bytes, new threshold 3 (max 15)
- age   1:     455304 bytes,     455304 total
- age   2:      58488 bytes,     513792 total
- age   3:      93464 bytes,     607256 total
- age   4:      52744 bytes,     660000 total
 14667K->8439K(24716K), 0.0010423 secs]
54.580: [GC
Desired survivor size 557056 bytes, new threshold 2 (max 15)
- age   1:     458840 bytes,     458840 total
- age   2:     304864 bytes,     763704 total
- age   3:      58488 bytes,     822192 total
 14909K->8756K(24716K), 0.0011986 secs]
54.585: [GC
Desired survivor size 557056 bytes, new threshold 15 (max 15)
- age   1:     403408 bytes,     403408 total
- age   2:         32 bytes,     403440 total
 15269K->8645K(24716K), 0.0010243 secs]
54.591: [GC
Desired survivor size 557056 bytes, new threshold 1 (max 15)
- age   1:     814128 bytes,     814128 total
- age   2:      14984 bytes,     829112 total
 15170K->9060K(24716K), 0.0010055 secs]
54.596: [GC
Desired survivor size 557056 bytes, new threshold 15 (max 15)
- age   1:     147352 bytes,     147352 total
 15570K->8836K(24716K), 0.0010159 secs]
54.603: [GC
Desired survivor size 557056 bytes, new threshold 15 (max 15)
- age   1:     146776 bytes,     146776 total
- age   2:      86432 bytes,     233208 total
 15364K->8922K(24716K), 0.0007791 secs]
54.610: [GC
Desired survivor size 557056 bytes, new threshold 15 (max 15)
- age   1:     314456 bytes,     314456 total
- age   2:      81344 bytes,     395800 total
- age   3:      86432 bytes,     482232 total
 15382K->9163K(24716K), 0.0013318 secs]
54.616: [GC
Desired survivor size 557056 bytes, new threshold 2 (max 15)
- age   1:     521136 bytes,     521136 total
- age   2:     230432 bytes,     751568 total
- age   3:      81344 bytes,     832912 total
- age   4:      86432 bytes,     919344 total
 15691K->9591K(24716K), 0.0012947 secs]
54.622: [GC
Desired survivor size 557056 bytes, new threshold 2 (max 15)
- age   1:     309160 bytes,     309160 total
- age   2:     428240 bytes,     737400 total
 16112K->9748K(24716K), 0.0018779 secs]
54.634: [GC
Desired survivor size 557056 bytes, new threshold 15 (max 15)
- age   1:     157096 bytes,     157096 total
- age   2:      21312 bytes,     178408 total
 16259K->9612K(24716K), 0.0015359 secs]
54.640: [GC
Desired survivor size 557056 bytes, new threshold 15 (max 15)
- age   1:     254216 bytes,     254216 total
- age   2:      62992 bytes,     317208 total
 16140K->9748K(24716K), 0.0008826 secs]
54.644: [GC
Desired survivor size 557056 bytes, new threshold 15 (max 15)
- age   1:     124776 bytes,     124776 total
- age   2:     240104 bytes,     364880 total
- age   3:      62992 bytes,     427872 total
 16269K->9854K(24716K), 0.0009747 secs]
54.651: [GC
Desired survivor size 557056 bytes, new threshold 15 (max 15)
- age   1:      44696 bytes,      44696 total
- age   2:      89720 bytes,     134416 total
- age   3:     240104 bytes,     374520 total
- age   4:      62992 bytes,     437512 total
 16371K->9868K(24716K), 0.0008254 secs]
54.658: [GC
Desired survivor size 557056 bytes, new threshold 4 (max 15)
- age   1:     305792 bytes,     305792 total
- age   2:         32 bytes,     305824 total
- age   3:      89720 bytes,     395544 total
- age   4:     240104 bytes,     635648 total
- age   5:      62992 bytes,     698640 total
 16394K->10124K(24716K), 0.0022540 secs]
54.665: [GC
Desired survivor size 557056 bytes, new threshold 15 (max 15)
- age   1:     197808 bytes,     197808 total
- age   2:     172824 bytes,     370632 total
- age   3:         32 bytes,     370664 total
- age   4:      89720 bytes,     460384 total
 16648K->10191K(24716K), 0.0011949 secs]
54.671: [GC
Desired survivor size 557056 bytes, new threshold 15 (max 15)
- age   1:     122352 bytes,     122352 total
- age   2:     134144 bytes,     256496 total
- age   3:     172768 bytes,     429264 total
- age   5:      89720 bytes,     518984 total
 16702K->10249K(24716K), 0.0010777 secs]
54.677: [GC
Desired survivor size 557056 bytes, new threshold 6 (max 15)
- age   1:      89856 bytes,      89856 total
- age   2:      86040 bytes,     175896 total
- age   3:     134032 bytes,     309928 total
- age   4:     172768 bytes,     482696 total
- age   6:      89720 bytes,     572416 total
 16776K->10299K(24716K), 0.0009695 secs]
54.682: [GC
Desired survivor size 557056 bytes, new threshold 2 (max 15)
- age   1:     498456 bytes,     498456 total
- age   2:      88952 bytes,     587408 total
- age   3:      86040 bytes,     673448 total
- age   4:     134032 bytes,     807480 total
- age   5:     172768 bytes,     980248 total
 16822K->10790K(24716K), 0.0013589 secs]
54.688: [GC
Desired survivor size 557056 bytes, new threshold 15 (max 15)
- age   1:     186400 bytes,     186400 total
- age   2:     333752 bytes,     520152 total
 17289K->10745K(24716K), 0.0013806 secs]
54.694: [GC
Desired survivor size 557056 bytes, new threshold 3 (max 15)
- age   1:     366408 bytes,     366408 total
- age   2:      84104 bytes,     450512 total
- age   3:     333752 bytes,     784264 total
 17261K->10995K(24716K), 0.0010380 secs]
54.700: [GC
Desired survivor size 557056 bytes, new threshold 15 (max 15)
- age   1:     163240 bytes,     163240 total
- age   2:     256960 bytes,     420200 total
- age   3:      84104 bytes,     504304 total
 17473K->11047K(24716K), 0.0011035 secs]
54.705: [GC
Desired survivor size 557056 bytes, new threshold 3 (max 15)
- age   1:     382888 bytes,     382888 total
- age   3:     256960 bytes,     639848 total
- age   4:      84104 bytes,     723952 total
 17566K->11262K(24716K), 0.0010465 secs]
54.711: [GC
Desired survivor size 557056 bytes, new threshold 15 (max 15)
- age   1:     115744 bytes,     115744 total
- age   2:     177808 bytes,     293552 total
 17790K->11173K(24716K), 0.0011165 secs]
54.719: [GC
Desired survivor size 557056 bytes, new threshold 15 (max 15)
- age   1:     225504 bytes,     225504 total
- age   2:      49264 bytes,     274768 total
- age   3:     177808 bytes,     452576 total
 17684K->11327K(24716K), 0.0011204 secs]
54.724: [GC
Desired survivor size 557056 bytes, new threshold 15 (max 15)
- age   1:     162352 bytes,     162352 total
- age   2:     122136 bytes,     284488 total
- age   3:      49264 bytes,     333752 total
- age   4:     151760 bytes,     485512 total
 17829K->11360K(24716K), 0.0009396 secs]
54.729: [GC
Desired survivor size 557056 bytes, new threshold 15 (max 15)
- age   1:      95464 bytes,      95464 total
- age   2:      78440 bytes,     173904 total
- age   3:     104152 bytes,     278056 total
- age   4:      49264 bytes,     327320 total
- age   5:     151728 bytes,     479048 total
 17884K->11354K(24716K), 0.0009353 secs]
54.735: [GC
Desired survivor size 557056 bytes, new threshold 4 (max 15)
- age   1:     435096 bytes,     435096 total
- age   2:      60176 bytes,     495272 total
- age   4:      68176 bytes,     563448 total
- age   5:      49264 bytes,     612712 total
- age   6:     151728 bytes,     764440 total
 17865K->11633K(24716K), 0.0012310 secs]
54.740: [GC
Desired survivor size 557056 bytes, new threshold 15 (max 15)
- age   1:     143040 bytes,     143040 total
- age   2:     368264 bytes,     511304 total
 18150K->11655K(24716K), 0.0011255 secs]
54.745: [GC
Desired survivor size 557056 bytes, new threshold 3 (max 15)
- age   1:     223880 bytes,     223880 total
- age   2:      64152 bytes,     288032 total
- age   3:     368224 bytes,     656256 total
 18142K->11795K(24716K), 0.0010824 secs]
54.751: [GC
Desired survivor size 557056 bytes, new threshold 15 (max 15)
- age   1:     130936 bytes,     130936 total
- age   2:     140080 bytes,     271016 total
- age   3:      64152 bytes,     335168 total
 18296K->11758K(24716K), 0.0010897 secs]
54.758: [GC
Desired survivor size 557056 bytes, new threshold 15 (max 15)
- age   1:     272368 bytes,     272368 total
- age   2:      45888 bytes,     318256 total
- age   3:     140080 bytes,     458336 total
- age   4:      64152 bytes,     522488 total
 18263K->11940K(24716K), 0.0008340 secs]
54.766: [GC
Desired survivor size 557056 bytes, new threshold 2 (max 15)
- age   1:     543464 bytes,     543464 total
- age   2:     184144 bytes,     727608 total
- age   3:      45888 bytes,     773496 total
- age   4:     140080 bytes,     913576 total
- age   5:      64152 bytes,     977728 total
 18396K->12384K(24716K), 0.0013717 secs]
54.771: [GC
Desired survivor size 557056 bytes, new threshold 2 (max 15)
- age   1:     285336 bytes,     285336 total
- age   2:     375144 bytes,     660480 total
 18912K->12506K(24716K), 0.0017956 secs]
54.778: [GC
Desired survivor size 557056 bytes, new threshold 15 (max 15)
- age   1:     334064 bytes,     334064 total
- age   2:     115584 bytes,     449648 total
 18996K->12663K(24716K), 0.0011689 secs]
54.783: [GC
Desired survivor size 557056 bytes, new threshold 15 (max 15)
- age   1:     153096 bytes,     153096 total
- age   2:     252936 bytes,     406032 total
- age   3:     115584 bytes,     521616 total
 19182K->12733K(24716K), 0.0010002 secs]
54.792: [GC
Desired survivor size 557056 bytes, new threshold 15 (max 15)
- age   1:      57656 bytes,      57656 total
- age   2:     113056 bytes,     170712 total
- age   3:     166448 bytes,     337160 total
- age   4:     115584 bytes,     452744 total
 19261K->12665K(24716K), 0.0010345 secs]
54.797: [GC
Desired survivor size 557056 bytes, new threshold 4 (max 15)
- age   1:     376896 bytes,     376896 total
- age   2:      57352 bytes,     434248 total
- age   3:     113056 bytes,     547304 total
- age   4:     166448 bytes,     713752 total
- age   5:     115584 bytes,     829336 total
 19190K->13033K(24716K), 0.0019353 secs]
54.804: [GC
Desired survivor size 557056 bytes, new threshold 2 (max 15)
- age   1:     340288 bytes,     340288 total
- age   2:     329024 bytes,     669312 total
- age   3:      57352 bytes,     726664 total
- age   4:     113056 bytes,     839720 total
 19558K->13328K(24716K), 0.0012936 secs]
54.812: [GC
Desired survivor size 557056 bytes, new threshold 15 (max 15)
- age   1:     234640 bytes,     234640 total
- age   2:     288192 bytes,     522832 total
 19835K->13507K(24716K), 0.0012960 secs]
54.818: [GC
Desired survivor size 557056 bytes, new threshold 3 (max 15)
- age   1:     242256 bytes,     242256 total
- age   2:     199776 bytes,     442032 total
- age   3:     140112 bytes,     582144 total
 20034K->13564K(24716K), 0.0010772 secs]
54.824: [GC
Desired survivor size 557056 bytes, new threshold 2 (max 15)
- age   1:     411696 bytes,     411696 total
- age   2:     229904 bytes,     641600 total
- age   3:      36632 bytes,     678232 total
 20084K->13729K(24716K), 0.0018905 secs]
54.829: [GC
Desired survivor size 557056 bytes, new threshold 2 (max 15)
- age   1:     383752 bytes,     383752 total
- age   2:     386896 bytes,     770648 total
 20244K->13937K(24716K), 0.0013083 secs]
54.836: [GC
Desired survivor size 557056 bytes, new threshold 15 (max 15)
- age   1:     332960 bytes,     332960 total
- age   2:     203280 bytes,     536240 total
 20458K->13917K(24716K), 0.0013347 secs]
54.843: [GC
Desired survivor size 557056 bytes, new threshold 3 (max 15)
- age   1:     309784 bytes,     309784 total
- age   2:     217528 bytes,     527312 total
- age   3:     203280 bytes,     730592 total
 20445K->14106K(24716K), 0.0014360 secs]
54.848: [GC
Desired survivor size 557056 bytes, new threshold 15 (max 15)
- age   1:     153984 bytes,     153984 total
- age   2:     177952 bytes,     331936 total
- age   3:     217528 bytes,     549464 total
 20632K->14128K(24716K), 0.0016785 secs]
54.856: [GC
Desired survivor size 557056 bytes, new threshold 3 (max 15)
- age   1:     373936 bytes,     373936 total
- age   2:      64200 bytes,     438136 total
- age   3:     177952 bytes,     616088 total
- age   4:     217528 bytes,     833616 total
 20645K->14406K(24716K), 0.0010856 secs]
54.861: [GC
Desired survivor size 557056 bytes, new threshold 1 (max 15)
- age   1:     793000 bytes,     793000 total
- age   2:     191176 bytes,     984176 total
- age   3:      64200 bytes,    1048376 total
 20878K->15014K(24716K), 0.0022730 secs]
54.872: [GC
Desired survivor size 557056 bytes, new threshold 15 (max 15)
- age   1:     231784 bytes,     231784 total
 21542K->14833K(24716K), 0.0016202 secs]
54.880: [GC
Desired survivor size 557056 bytes, new threshold 15 (max 15)
- age   1:     165296 bytes,     165296 total
- age   2:     209568 bytes,     374864 total
 21359K->14972K(24716K), 0.0008351 secs]
54.886: [GC
Desired survivor size 557056 bytes, new threshold 15 (max 15)
- age   1:     103792 bytes,     103792 total
- age   2:     138152 bytes,     241944 total
- age   3:     209568 bytes,     451512 total
 21486K->15046K(24716K), 0.0009376 secs]
54.891: [GC
Desired survivor size 557056 bytes, new threshold 4 (max 15)
- age   1:     328424 bytes,     328424 total
- age   2:      66744 bytes,     395168 total
- age   3:       7984 bytes,     403152 total
- age   4:     209568 bytes,     612720 total
 21574K->15205K(24716K), 0.0009544 secs]
54.897: [GC
Desired survivor size 557056 bytes, new threshold 15 (max 15)
- age   1:     349048 bytes,     349048 total
- age   2:     117392 bytes,     466440 total
- age   3:      66744 bytes,     533184 total
- age   4:       7984 bytes,     541168 total
 21726K->15360K(24716K), 0.0016522 secs]
54.903: [GC
Desired survivor size 557056 bytes, new threshold 2 (max 15)
- age   1:     478720 bytes,     478720 total
- age   2:     267920 bytes,     746640 total
- age   3:      10752 bytes,     757392 total
- age   4:      66744 bytes,     824136 total
- age   5:       7984 bytes,     832120 total
 21864K->15639K(24716K), 0.0012554 secs]
54.909: [GC
Desired survivor size 557056 bytes, new threshold 15 (max 15)
- age   1:     440256 bytes,     440256 total
- age   2:     106736 bytes,     546992 total
 22148K->15532K(24716K), 0.0011752 secs]
54.916: [GC
Desired survivor size 557056 bytes, new threshold 2 (max 15)
- age   1:     335944 bytes,     335944 total
- age   2:     398336 bytes,     734280 total
- age   3:     106736 bytes,     841016 total
 22046K->15815K(24716K), 0.0030823 secs]
54.924: [GC
Desired survivor size 557056 bytes, new threshold 15 (max 15)
- age   1:     154784 bytes,     154784 total
- age   2:     290664 bytes,     445448 total
 22312K->15866K(24716K), 0.0016501 secs]
54.932: [GC
Desired survivor size 557056 bytes, new threshold 15 (max 15)
- age   1:     117752 bytes,     117752 total
- age   2:     107248 bytes,     225000 total
- age   3:     290664 bytes,     515664 total
 22394K->15936K(24716K), 0.0013378 secs]
54.938: [GC
Desired survivor size 557056 bytes, new threshold 4 (max 15)
- age   1:     241400 bytes,     241400 total
- age   2:      64696 bytes,     306096 total
- age   3:     107208 bytes,     413304 total
- age   4:     144536 bytes,     557840 total
 22411K->15976K(24716K), 0.0010782 secs]
54.943: [GC
Desired survivor size 557056 bytes, new threshold 15 (max 15)
- age   1:     213040 bytes,     213040 total
- age   2:     108464 bytes,     321504 total
- age   3:      64696 bytes,     386200 total
- age   4:     107208 bytes,     493408 total
 22456K->16055K(24716K), 0.0011087 secs]
54.949: [GC
Desired survivor size 557056 bytes, new threshold 4 (max 15)
- age   1:     338928 bytes,     338928 total
- age   2:      57104 bytes,     396032 total
- age   3:     108464 bytes,     504496 total
- age   4:      64696 bytes,     569192 total
- age   5:     107208 bytes,     676400 total
 22479K->16233K(24716K), 0.0011268 secs]
54.955: [GC
Desired survivor size 557056 bytes, new threshold 2 (max 15)
- age   1:     463592 bytes,     463592 total
- age   2:     144616 bytes,     608208 total
- age   3:      57104 bytes,     665312 total
- age   4:     108464 bytes,     773776 total
 22664K->16509K(24716K), 0.0011146 secs]
54.962: [GC
Desired survivor size 557056 bytes, new threshold 15 (max 15)
- age   1:     127792 bytes,     127792 total
- age   2:     196784 bytes,     324576 total
 23023K->16372K(24716K), 0.0009637 secs]
54.967: [GC
Desired survivor size 557056 bytes, new threshold 15 (max 15)
- age   1:     207128 bytes,     207128 total
- age   2:      82360 bytes,     289488 total
- age   3:     196752 bytes,     486240 total
 22867K->16528K(24716K), 0.0013107 secs]
54.972: [GC
Desired survivor size 557056 bytes, new threshold 15 (max 15)
- age   1:     245744 bytes,     245744 total
- age   3:      82360 bytes,     328104 total
- age   4:      81608 bytes,     409712 total
 23026K->16455K(24716K), 0.0008386 secs]
54.978: [GC
Desired survivor size 557056 bytes, new threshold 15 (max 15)
- age   1:     124680 bytes,     124680 total
- age   2:     170328 bytes,     295008 total
- age   4:      82360 bytes,     377368 total
- age   5:      81608 bytes,     458976 total
 22983K->16503K(24716K), 0.0009141 secs]
54.983: [GC
Desired survivor size 557056 bytes, new threshold 6 (max 15)
- age   1:     255344 bytes,     255344 total
- age   2:     107184 bytes,     362528 total
- age   3:      52080 bytes,     414608 total
- age   5:      82360 bytes,     496968 total
- age   6:      81608 bytes,     578576 total
 23019K->16620K(24716K), 0.0009601 secs]
54.990: [GC
Desired survivor size 557056 bytes, new threshold 15 (max 15)
- age   1:     312968 bytes,     312968 total
- age   2:      95128 bytes,     408096 total
- age   3:     107184 bytes,     515280 total
 23126K->16638K(24716K), 0.0010630 secs]
54.996: [GC
Desired survivor size 557056 bytes, new threshold 2 (max 15)
- age   1:     434032 bytes,     434032 total
- age   2:     230312 bytes,     664344 total
- age   3:      95096 bytes,     759440 total
- age   4:     107184 bytes,     866624 total
 23126K->16981K(24716K), 0.0020438 secs]
55.003: [GC
Desired survivor size 557056 bytes, new threshold 1 (max 15)
- age   1:     602376 bytes,     602376 total
- age   2:     376616 bytes,     978992 total
 23498K->17356K(24716K), 0.0015184 secs]
55.010: [GC
Desired survivor size 557056 bytes, new threshold 15 (max 15)
- age   1:     292368 bytes,     292368 total
 23869K->17360K(24716K), 0.0013081 secs]
55.015: [GC
Desired survivor size 557056 bytes, new threshold 15 (max 15)
- age   1:     150224 bytes,     150224 total
- age   2:     265344 bytes,     415568 total
 23886K->17482K(24716K), 0.0014807 secs]
55.022: [GC
Desired survivor size 557056 bytes, new threshold 3 (max 15)
- age   1:     495736 bytes,     495736 total
- age   2:      31016 bytes,     526752 total
- age   3:      96720 bytes,     623472 total
 23971K->17685K(24716K), 0.0010660 secs]
55.027: [GC
Desired survivor size 557056 bytes, new threshold 15 (max 15)
- age   1:     300816 bytes,     300816 total
- age   2:     119344 bytes,     420160 total
- age   3:      31016 bytes,     451176 total
 24208K->17611K(24908K), 0.0010631 secs]
55.029: [Full GC 17611K->8205K(24908K), 0.0695165 secs]
55.103: [GC
Desired survivor size 557056 bytes, new threshold 15 (max 15)
- age   1:     440416 bytes,     440416 total
 14697K->8639K(24716K), 0.0008235 secs]
55.107: [GC
Desired survivor size 557056 bytes, new threshold 2 (max 15)
- age   1:     232040 bytes,     232040 total
- age   2:     378408 bytes,     610448 total
 15130K->8803K(24716K), 0.0015599 secs]
55.113: [GC
Desired survivor size 557056 bytes, new threshold 15 (max 15)
- age   1:     339048 bytes,     339048 total
- age   2:     119328 bytes,     458376 total
 15305K->9032K(24716K), 0.0012285 secs]
55.118: [GC
Desired survivor size 557056 bytes, new threshold 15 (max 15)
- age   1:     199472 bytes,     199472 total
- age   2:     226848 bytes,     426320 total
- age   3:      54376 bytes,     480696 total
 15559K->9054K(24716K), 0.0009839 secs]
55.128: [GC
Desired survivor size 557056 bytes, new threshold 3 (max 15)
- age   1:     293096 bytes,     293096 total
- age   2:      70656 bytes,     363752 total
- age   3:     226848 bytes,     590600 total
- age   4:      54376 bytes,     644976 total
 15570K->9214K(24716K), 0.0010873 secs]
55.134: [GC
Desired survivor size 557056 bytes, new threshold 15 (max 15)
- age   1:      30544 bytes,      30544 total
- age   2:     275592 bytes,     306136 total
- age   3:      70656 bytes,     376792 total
 15742K->9234K(24716K), 0.0014185 secs]
55.139: [GC
Desired survivor size 557056 bytes, new threshold 15 (max 15)
- age   1:     159096 bytes,     159096 total
- age   2:       4376 bytes,     163472 total
- age   3:     275592 bytes,     439064 total
- age   4:      70656 bytes,     509720 total
 15760K->9363K(24716K), 0.0009589 secs]
55.144: [GC
Desired survivor size 557056 bytes, new threshold 5 (max 15)
- age   1:     133784 bytes,     133784 total
- age   2:     128936 bytes,     262720 total
- age   3:       4376 bytes,     267096 total
- age   4:     275592 bytes,     542688 total
- age   5:      70656 bytes,     613344 total
 15853K->9465K(24716K), 0.0017539 secs]
55.151: [GC
Desired survivor size 557056 bytes, new threshold 5 (max 15)
- age   1:      69288 bytes,      69288 total
- age   2:      81464 bytes,     150752 total
- age   3:     128936 bytes,     279688 total
- age   4:       4376 bytes,     284064 total
- age   5:     274888 bytes,     558952 total
 15993K->9477K(24716K), 0.0011018 secs]
55.158: [GC
Desired survivor size 557056 bytes, new threshold 1 (max 15)
- age   1:     652512 bytes,     652512 total
- age   2:      13376 bytes,     665888 total
- age   3:      81464 bytes,     747352 total
- age   4:     128936 bytes,     876288 total
- age   5:       4376 bytes,     880664 total
 15964K->10061K(24716K), 0.0013911 secs]
55.163: [GC
Desired survivor size 557056 bytes, new threshold 15 (max 15)
- age   1:     123608 bytes,     123608 total
 16547K->10013K(24716K), 0.0012876 secs]
55.169: [GC
Desired survivor size 557056 bytes, new threshold 15 (max 15)
- age   1:     192704 bytes,     192704 total
- age   2:      57616 bytes,     250320 total
 16534K->10129K(24716K), 0.0007070 secs]
55.173: [GC
Desired survivor size 557056 bytes, new threshold 15 (max 15)
- age   1:     184288 bytes,     184288 total
- age   2:     134952 bytes,     319240 total
- age   3:      57616 bytes,     376856 total
 16605K->10252K(24716K), 0.0009846 secs]
55.179: [GC
Desired survivor size 557056 bytes, new threshold 3 (max 15)
- age   1:     344712 bytes,     344712 total
- age   2:      81816 bytes,     426528 total
- age   3:     134952 bytes,     561480 total
- age   4:      57616 bytes,     619096 total
 16771K->10489K(24716K), 0.0010309 secs]
55.184: [GC
Desired survivor size 557056 bytes, new threshold 15 (max 15)
- age   1:     172744 bytes,     172744 total
- age   2:     188256 bytes,     361000 total
- age   3:      81816 bytes,     442816 total
 16999K->10513K(24716K), 0.0010869 secs]
55.189: [GC
Desired survivor size 557056 bytes, new threshold 15 (max 15)
- age   1:     139784 bytes,     139784 total
- age   2:         56 bytes,     139840 total
- age   3:     188256 bytes,     328096 total
- age   4:      81816 bytes,     409912 total
 17007K->10480K(24716K), 0.0008824 secs]
55.195: [GC
Desired survivor size 557056 bytes, new threshold 1 (max 15)
- age   1:     560424 bytes,     560424 total
- age   2:         40 bytes,     560464 total
- age   3:         56 bytes,     560520 total
- age   4:     188256 bytes,     748776 total
- age   5:      81816 bytes,     830592 total
 16995K->10891K(24716K), 0.0010995 secs]
55.202: [GC
Desired survivor size 557056 bytes, new threshold 15 (max 15)
- age   1:     132920 bytes,     132920 total
 17371K->10787K(24716K), 0.0010548 secs]
55.208: [GC
Desired survivor size 557056 bytes, new threshold 15 (max 15)
- age   1:     180264 bytes,     180264 total
- age   2:       2952 bytes,     183216 total
 17305K->10834K(24716K), 0.0006518 secs]
55.213: [GC
Desired survivor size 557056 bytes, new threshold 15 (max 15)
- age   1:      87168 bytes,      87168 total
- age   2:     107480 bytes,     194648 total
- age   3:       2952 bytes,     197600 total
 17266K->10850K(24716K), 0.0007272 secs]
55.218: [GC
Desired survivor size 557056 bytes, new threshold 15 (max 15)
- age   1:     415272 bytes,     415272 total
- age   2:       8696 bytes,     423968 total
- age   3:      62544 bytes,     486512 total
- age   4:       2952 bytes,     489464 total
 17361K->11136K(24716K), 0.0009040 secs]
55.223: [GC
Desired survivor size 557056 bytes, new threshold 4 (max 15)
- age   1:     172688 bytes,     172688 total
- age   2:     335640 bytes,     508328 total
- age   3:       8696 bytes,     517024 total
- age   4:      62544 bytes,     579568 total
- age   5:       2952 bytes,     582520 total
 17652K->11230K(24716K), 0.0011889 secs]
55.230: [GC
Desired survivor size 557056 bytes, new threshold 2 (max 15)
- age   1:     414688 bytes,     414688 total
- age   2:     157896 bytes,     572584 total
- age   3:     135456 bytes,     708040 total
- age   4:       8696 bytes,     716736 total
 17758K->11432K(24716K), 0.0010561 secs]
55.235: [GC
Desired survivor size 557056 bytes, new threshold 15 (max 15)
- age   1:     127024 bytes,     127024 total
- age   2:     304008 bytes,     431032 total
 17940K->11444K(24716K), 0.0011823 secs]
55.240: [GC
Desired survivor size 557056 bytes, new threshold 1 (max 15)
- age   1:     648008 bytes,     648008 total
- age   2:      77656 bytes,     725664 total
- age   3:     304008 bytes,    1029672 total
 17942K->12026K(24716K), 0.0013539 secs]
55.247: [GC
Desired survivor size 557056 bytes, new threshold 15 (max 15)
- age   1:     219096 bytes,     219096 total
 18540K->11965K(24716K), 0.0017054 secs]
55.253: [GC
Desired survivor size 557056 bytes, new threshold 15 (max 15)
- age   1:      94664 bytes,      94664 total
- age   2:      67312 bytes,     161976 total
 18454K->11912K(24716K), 0.0008584 secs]
55.258: [GC
Desired survivor size 557056 bytes, new threshold 15 (max 15)
- age   1:     373368 bytes,     373368 total
- age   3:      67312 bytes,     440680 total
 18436K->12184K(24716K), 0.0008157 secs]
55.263: [GC
Desired survivor size 557056 bytes, new threshold 15 (max 15)
- age   1:     287216 bytes,     287216 total
- age   2:      91528 bytes,     378744 total
- age   4:      67312 bytes,     446056 total
 18679K->12189K(24716K), 0.0008494 secs]
55.267: [GC
Desired survivor size 557056 bytes, new threshold 5 (max 15)
- age   1:     286368 bytes,     286368 total
- age   2:     143064 bytes,     429432 total
- age   3:      91528 bytes,     520960 total
- age   5:      67312 bytes,     588272 total
 18687K->12328K(24716K), 0.0012655 secs]
55.272: [GC
Desired survivor size 557056 bytes, new threshold 15 (max 15)
- age   1:     213920 bytes,     213920 total
- age   4:      91528 bytes,     305448 total
 18856K->12125K(24716K), 0.0010387 secs]
55.278: [GC
Desired survivor size 557056 bytes, new threshold 2 (max 15)
- age   1:     392912 bytes,     392912 total
- age   2:     170080 bytes,     562992 total
- age   5:      91528 bytes,     654520 total
 18646K->12466K(24716K), 0.0009779 secs]
55.285: [GC
Desired survivor size 557056 bytes, new threshold 15 (max 15)
- age   1:      78512 bytes,      78512 total
- age   2:     285752 bytes,     364264 total
 18994K->12437K(24716K), 0.0010487 secs]
55.290: [GC
Desired survivor size 557056 bytes, new threshold 15 (max 15)
- age   1:     113856 bytes,     113856 total
- age   2:      76888 bytes,     190744 total
- age   3:     145360 bytes,     336104 total
 18963K->12410K(24716K), 0.0008167 secs]
55.295: [GC
Desired survivor size 557056 bytes, new threshold 4 (max 15)
- age   1:     364832 bytes,     364832 total
- age   2:      15096 bytes,     379928 total
- age   3:      76888 bytes,     456816 total
- age   4:     145360 bytes,     602176 total
 18930K->12668K(24716K), 0.0010150 secs]
55.301: [GC
Desired survivor size 557056 bytes, new threshold 15 (max 15)
- age   1:     244464 bytes,     244464 total
- age   2:     207168 bytes,     451632 total
- age   3:      15096 bytes,     466728 total
- age   4:      76888 bytes,     543616 total
 19181K->12760K(24716K), 0.0009619 secs]
55.305: [GC
Desired survivor size 557056 bytes, new threshold 15 (max 15)
- age   1:     208912 bytes,     208912 total
- age   3:     207168 bytes,     416080 total
- age   4:      15096 bytes,     431176 total
- age   5:      76888 bytes,     508064 total
 19283K->12727K(24716K), 0.0009775 secs]
55.311: [GC
Desired survivor size 557056 bytes, new threshold 6 (max 15)
- age   1:     273208 bytes,     273208 total
- age   2:      42944 bytes,     316152 total
- age   4:     207168 bytes,     523320 total
- age   5:      15096 bytes,     538416 total
- age   6:      76888 bytes,     615304 total
 19216K->12834K(24716K), 0.0010269 secs]
55.316: [GC
Desired survivor size 557056 bytes, new threshold 5 (max 15)
- age   1:     275080 bytes,     275080 total
- age   2:     208264 bytes,     483344 total
- age   3:      42944 bytes,     526288 total
- age   5:     207168 bytes,     733456 total
- age   6:      15096 bytes,     748552 total
 19336K->13035K(24716K), 0.0016358 secs]
55.321: [GC
Desired survivor size 557056 bytes, new threshold 3 (max 15)
- age   1:     397840 bytes,     397840 total
- age   2:     102216 bytes,     500056 total
- age   3:     123928 bytes,     623984 total
- age   4:      42944 bytes,     666928 total
 19546K->13174K(24716K), 0.0012137 secs]
55.327: [GC
Desired survivor size 557056 bytes, new threshold 2 (max 15)
- age   1:     424240 bytes,     424240 total
- age   2:     198760 bytes,     623000 total
- age   3:     102216 bytes,     725216 total
 19693K->13352K(24716K), 0.0014435 secs]
55.333: [GC
Desired survivor size 557056 bytes, new threshold 15 (max 15)
- age   1:     399000 bytes,     399000 total
- age   2:      87440 bytes,     486440 total
 19811K->13413K(24716K), 0.0012073 secs]
55.338: [GC
Desired survivor size 557056 bytes, new threshold 15 (max 15)
- age   1:     278192 bytes,     278192 total
- age   2:     121896 bytes,     400088 total
- age   3:      87440 bytes,     487528 total
 19927K->13414K(24716K), 0.0013121 secs]
55.344: [GC
Desired survivor size 557056 bytes, new threshold 4 (max 15)
- age   1:     402976 bytes,     402976 total
- age   3:     121896 bytes,     524872 total
- age   4:      87440 bytes,     612312 total
 19914K->13536K(24716K), 0.0008874 secs]
55.349: [GC
Desired survivor size 557056 bytes, new threshold 2 (max 15)
- age   1:     505720 bytes,     505720 total
- age   2:     192872 bytes,     698592 total
- age   4:     121896 bytes,     820488 total
 19963K->13822K(24716K), 0.0018203 secs]
55.355: [GC
Desired survivor size 557056 bytes, new threshold 2 (max 15)
- age   1:     353064 bytes,     353064 total
- age   2:     314216 bytes,     667280 total
 20296K->13990K(24716K), 0.0016115 secs]
55.362: [GC
Desired survivor size 557056 bytes, new threshold 1 (max 15)
- age   1:     699528 bytes,     699528 total
- age   2:     300976 bytes,    1000504 total
 20506K->14753K(24716K), 0.0016501 secs]
55.369: [GC
Desired survivor size 557056 bytes, new threshold 15 (max 15)
- age   1:     133136 bytes,     133136 total
 21229K->14636K(24716K), 0.0014483 secs]
55.376: [GC
Desired survivor size 557056 bytes, new threshold 1 (max 15)
- age   1:     633808 bytes,     633808 total
- age   2:      68576 bytes,     702384 total
 21113K->15193K(24716K), 0.0010339 secs]
55.381: [GC
Desired survivor size 557056 bytes, new threshold 1 (max 15)
- age   1:     903816 bytes,     903816 total
 21664K->15777K(24716K), 0.0015218 secs]
55.387: [GC
Desired survivor size 557056 bytes, new threshold 15 (max 15)
- age   1:     411520 bytes,     411520 total
 22192K->15886K(24716K), 0.0023616 secs]
55.394: [GC
Desired survivor size 557056 bytes, new threshold 2 (max 15)
- age   1:     232944 bytes,     232944 total
- age   2:     335608 bytes,     568552 total
 22358K->16041K(24716K), 0.0010129 secs]
55.399: [GC
Desired survivor size 557056 bytes, new threshold 2 (max 15)
- age   1:     467080 bytes,     467080 total
- age   2:     155752 bytes,     622832 total
 22469K->16335K(24716K), 0.0012063 secs]
55.406: [GC
Desired survivor size 557056 bytes, new threshold 15 (max 15)
- age   1:     235248 bytes,     235248 total
- age   2:     277256 bytes,     512504 total
 22860K->16379K(24716K), 0.0010987 secs]
55.411: [GC
Desired survivor size 557056 bytes, new threshold 15 (max 15)
- age   1:      69264 bytes,      69264 total
- age   2:     195240 bytes,     264504 total
- age   3:     152960 bytes,     417464 total
 22893K->16286K(24716K), 0.0009593 secs]
55.416: [GC
Desired survivor size 557056 bytes, new threshold 15 (max 15)
- age   1:     209456 bytes,     209456 total
- age   2:      24248 bytes,     233704 total
- age   3:     137576 bytes,     371280 total
- age   4:     152960 bytes,     524240 total
 22743K->16389K(24716K), 0.0012062 secs]
55.421: [GC
Desired survivor size 557056 bytes, new threshold 5 (max 15)
- age   1:     222608 bytes,     222608 total
- age   2:     106600 bytes,     329208 total
- age   3:      24248 bytes,     353456 total
- age   4:     137576 bytes,     491032 total
- age   5:     152960 bytes,     643992 total
 22877K->16508K(24716K), 0.0010443 secs]
55.427: [GC
Desired survivor size 557056 bytes, new threshold 15 (max 15)
- age   1:     200912 bytes,     200912 total
- age   3:     106600 bytes,     307512 total
- age   4:      24248 bytes,     331760 total
- age   5:     137576 bytes,     469336 total
 23036K->16494K(24716K), 0.0010991 secs]
55.432: [GC
Desired survivor size 557056 bytes, new threshold 1 (max 15)
- age   1:     672168 bytes,     672168 total
- age   2:      44104 bytes,     716272 total
- age   4:     106600 bytes,     822872 total
- age   5:      24248 bytes,     847120 total
- age   6:     137576 bytes,     984696 total
 23004K->16998K(24716K), 0.0016196 secs]
55.439: [GC
Desired survivor size 557056 bytes, new threshold 15 (max 15)
- age   1:     200792 bytes,     200792 total
 23525K->16791K(24716K), 0.0010936 secs]
55.444: [GC
Desired survivor size 557056 bytes, new threshold 15 (max 15)
- age   1:     299176 bytes,     299176 total
- age   2:      61440 bytes,     360616 total
 23248K->16947K(24716K), 0.0009022 secs]
55.450: [GC
Desired survivor size 557056 bytes, new threshold 15 (max 15)
- age   1:     109184 bytes,     109184 total
- age   2:      86304 bytes,     195488 total
- age   3:      61440 bytes,     256928 total
 23401K->16846K(24716K), 0.0008026 secs]
55.456: [GC
Desired survivor size 557056 bytes, new threshold 2 (max 15)
- age   1:     534144 bytes,     534144 total
- age   2:      57104 bytes,     591248 total
- age   3:      86304 bytes,     677552 total
- age   4:      61440 bytes,     738992 total
 23330K->17316K(24716K), 0.0009931 secs]
55.462: [GC
Desired survivor size 557056 bytes, new threshold 2 (max 15)
- age   1:     378008 bytes,     378008 total
- age   2:     400224 bytes,     778232 total
 23791K->17561K(24716K), 0.0012839 secs]
55.469: [GC
Desired survivor size 557056 bytes, new threshold 2 (max 15)
- age   1:     483000 bytes,     483000 total
- age   2:     215688 bytes,     698688 total
 23977K->17818K(24908K), 0.0015550 secs]
55.471: [Full GC 17818K->8556K(24908K), 0.0695584 secs]
55.545: [GC
Desired survivor size 557056 bytes, new threshold 15 (max 15)
- age   1:     382904 bytes,     382904 total
 15041K->8934K(24716K), 0.0008972 secs]
55.550: [GC
Desired survivor size 557056 bytes, new threshold 15 (max 15)
- age   1:     115128 bytes,     115128 total
- age   2:     355896 bytes,     471024 total
 15442K->9020K(24716K), 0.0009935 secs]
55.556: [GC
Desired survivor size 557056 bytes, new threshold 1 (max 15)
- age   1:     569640 bytes,     569640 total
- age   2:      31408 bytes,     601048 total
- age   3:     355896 bytes,     956944 total
 15479K->9495K(24716K), 0.0011471 secs]
55.561: [GC
Desired survivor size 557056 bytes, new threshold 15 (max 15)
- age   1:     141208 bytes,     141208 total
 16016K->9460K(24716K), 0.0013060 secs]
55.566: [GC
Desired survivor size 557056 bytes, new threshold 15 (max 15)
- age   1:     471608 bytes,     471608 total
- age   2:      85144 bytes,     556752 total
 15938K->9866K(24716K), 0.0009957 secs]
55.571: [GC
Desired survivor size 557056 bytes, new threshold 2 (max 15)
- age   1:     373976 bytes,     373976 total
- age   2:     398880 bytes,     772856 total
- age   3:      85144 bytes,     858000 total
 16308K->10160K(24716K), 0.0011966 secs]
55.577: [GC
Desired survivor size 557056 bytes, new threshold 2 (max 15)
- age   1:     402088 bytes,     402088 total
- age   2:     178384 bytes,     580472 total
 16688K->10212K(24716K), 0.0012977 secs]
55.582: [GC
Desired survivor size 557056 bytes, new threshold 2 (max 15)
- age   1:     472888 bytes,     472888 total
- age   2:     315704 bytes,     788592 total
 16697K->10597K(24716K), 0.0013415 secs]
55.588: [GC
Desired survivor size 557056 bytes, new threshold 15 (max 15)
- age   1:     280240 bytes,     280240 total
- age   2:     267376 bytes,     547616 total
 17098K->10594K(24716K), 0.0010580 secs]
55.596: [GC
Desired survivor size 557056 bytes, new threshold 3 (max 15)
- age   1:     249760 bytes,     249760 total
- age   2:     115416 bytes,     365176 total
- age   3:     267376 bytes,     632552 total
 17117K->10676K(24716K), 0.0009791 secs]
55.603: [GC
Desired survivor size 557056 bytes, new threshold 1 (max 15)
- age   1:     685432 bytes,     685432 total
- age   2:     169480 bytes,     854912 total
- age   3:     115416 bytes,     970328 total
 17184K->11267K(24716K), 0.0014425 secs]
55.609: [GC
Desired survivor size 557056 bytes, new threshold 15 (max 15)
- age   1:     268480 bytes,     268480 total
 17756K->11196K(24716K), 0.0015557 secs]
55.614: [GC
Desired survivor size 557056 bytes, new threshold 15 (max 15)
- age   1:     149232 bytes,     149232 total
- age   2:     123368 bytes,     272600 total
 17708K->11200K(24716K), 0.0007374 secs]
55.619: [GC
Desired survivor size 557056 bytes, new threshold 15 (max 15)
- age   1:     262240 bytes,     262240 total
- age   2:      65048 bytes,     327288 total
- age   3:     122784 bytes,     450072 total
 17688K->11373K(24716K), 0.0014605 secs]
55.629: [GC
Desired survivor size 557056 bytes, new threshold 1 (max 15)
- age   1:     654696 bytes,     654696 total
- age   2:     177216 bytes,     831912 total
- age   3:      65048 bytes,     896960 total
- age   4:     122784 bytes,    1019744 total
 17874K->11929K(24716K), 0.0010906 secs]
55.638: [GC
Desired survivor size 557056 bytes, new threshold 15 (max 15)
- age   1:     366056 bytes,     366056 total
 18400K->11908K(24716K), 0.0010771 secs]
55.643: [GC
Desired survivor size 557056 bytes, new threshold 1 (max 15)
- age   1:     770888 bytes,     770888 total
- age   2:     114208 bytes,     885096 total
 18391K->12415K(24716K), 0.0021263 secs]
55.650: [GC
Desired survivor size 557056 bytes, new threshold 15 (max 15)
- age   1:     532696 bytes,     532696 total
 18926K->12704K(24716K), 0.0018321 secs]
55.656: [GC
Desired survivor size 557056 bytes, new threshold 1 (max 15)
- age   1:     685912 bytes,     685912 total
- age   2:     391872 bytes,    1077784 total
 19207K->13238K(24716K), 0.0015050 secs]
55.661: [GC
Desired survivor size 557056 bytes, new threshold 15 (max 15)
- age   1:     234408 bytes,     234408 total
 19694K->13165K(24716K), 0.0016888 secs]
55.668: [GC
Desired survivor size 557056 bytes, new threshold 15 (max 15)
- age   1:     430000 bytes,     430000 total
- age   2:      87072 bytes,     517072 total
 19665K->13442K(24716K), 0.0008455 secs]
55.673: [GC
Desired survivor size 557056 bytes, new threshold 2 (max 15)
- age   1:     315408 bytes,     315408 total
- age   2:     372240 bytes,     687648 total
- age   3:      87072 bytes,     774720 total
 19969K->13693K(24716K), 0.0011715 secs]
55.679: [GC
Desired survivor size 557056 bytes, new threshold 2 (max 15)
- age   1:     336248 bytes,     336248 total
- age   2:     233896 bytes,     570144 total
 20167K->13771K(24716K), 0.0015439 secs]
55.686: [GC
Desired survivor size 557056 bytes, new threshold 15 (max 15)
- age   1:     233696 bytes,     233696 total
- age   2:      82760 bytes,     316456 total
 20299K->13750K(24716K), 0.0009846 secs]
55.693: [GC
Desired survivor size 557056 bytes, new threshold 1 (max 15)
- age   1:     823584 bytes,     823584 total
- age   2:      87688 bytes,     911272 total
- age   3:      82760 bytes,     994032 total
 20268K->14411K(24716K), 0.0013200 secs]
55.699: [GC
Desired survivor size 557056 bytes, new threshold 15 (max 15)
- age   1:     131416 bytes,     131416 total
 20901K->14306K(24716K), 0.0011974 secs]
55.705: [GC
Desired survivor size 557056 bytes, new threshold 1 (max 15)
- age   1:     559760 bytes,     559760 total
- age   2:      63312 bytes,     623072 total
 20787K->14782K(24716K), 0.0011456 secs]
55.710: [GC
Desired survivor size 557056 bytes, new threshold 15 (max 15)
- age   1:     338000 bytes,     338000 total
 21260K->14916K(24716K), 0.0013808 secs]
55.717: [GC
Desired survivor size 557056 bytes, new threshold 15 (max 15)
- age   1:     158784 bytes,     158784 total
- age   2:     129872 bytes,     288656 total
 21346K->14869K(24716K), 0.0009107 secs]
55.721: [GC
Desired survivor size 557056 bytes, new threshold 15 (max 15)
- age   1:     153688 bytes,     153688 total
- age   2:      73696 bytes,     227384 total
 21372K->14809K(24716K), 0.0008047 secs]
55.731: [GC
Desired survivor size 557056 bytes, new threshold 1 (max 15)
- age   1:     572656 bytes,     572656 total
- age   2:      67216 bytes,     639872 total
- age   3:      73696 bytes,     713568 total
 21330K->15282K(24716K), 0.0010848 secs]
55.739: [GC
Desired survivor size 557056 bytes, new threshold 15 (max 15)
- age   1:     380616 bytes,     380616 total
 21769K->15575K(24716K), 0.0011557 secs]
55.745: [GC
Desired survivor size 557056 bytes, new threshold 2 (max 15)
- age   1:     239464 bytes,     239464 total
- age   2:     340040 bytes,     579504 total
 22070K->15771K(24716K), 0.0009724 secs]
55.752: [GC
Desired survivor size 557056 bytes, new threshold 15 (max 15)
- age   1:     257368 bytes,     257368 total
- age   2:        336 bytes,     257704 total
 22299K->15540K(24716K), 0.0007799 secs]
55.758: [GC
Desired survivor size 557056 bytes, new threshold 1 (max 15)
- age   1:     691456 bytes,     691456 total
- age   2:     257368 bytes,     948824 total
- age   3:        336 bytes,     949160 total
 22032K->16218K(24716K), 0.0024203 secs]
55.765: [GC
Desired survivor size 557056 bytes, new threshold 15 (max 15)
- age   1:     222952 bytes,     222952 total
 22689K->16148K(24716K), 0.0014429 secs]
55.770: [GC
Desired survivor size 557056 bytes, new threshold 15 (max 15)
- age   1:     150648 bytes,     150648 total
 22645K->16077K(24716K), 0.0007868 secs]
55.775: [GC
Desired survivor size 557056 bytes, new threshold 15 (max 15)
- age   1:     101936 bytes,     101936 total
- age   2:      70264 bytes,     172200 total
 22598K->16097K(24716K), 0.0007600 secs]
55.780: [GC
Desired survivor size 557056 bytes, new threshold 15 (max 15)
- age   1:     102216 bytes,     102216 total
- age   2:       6784 bytes,     109000 total
- age   3:      70264 bytes,     179264 total
 22610K->16106K(24716K), 0.0010450 secs]
55.786: [GC
Desired survivor size 557056 bytes, new threshold 2 (max 15)
- age   1:     479856 bytes,     479856 total
- age   2:      84096 bytes,     563952 total
- age   3:       6056 bytes,     570008 total
- age   4:      70264 bytes,     640272 total
 22626K->16555K(24716K), 0.0012718 secs]
55.792: [GC
Desired survivor size 557056 bytes, new threshold 2 (max 15)
- age   1:     465784 bytes,     465784 total
- age   2:     229024 bytes,     694808 total
 23059K->16769K(24716K), 0.0016064 secs]
55.802: [GC
Desired survivor size 557056 bytes, new threshold 2 (max 15)
- age   1:     501304 bytes,     501304 total
- age   2:     293088 bytes,     794392 total
 23257K->17084K(24716K), 0.0015741 secs]
55.809: [GC
Desired survivor size 557056 bytes, new threshold 2 (max 15)
- age   1:     150896 bytes,     150896 total
- age   2:     424872 bytes,     575768 total
 23612K->17100K(24716K), 0.0011482 secs]
55.814: [GC
Desired survivor size 557056 bytes, new threshold 15 (max 15)
- age   1:      84408 bytes,      84408 total
- age   2:      72920 bytes,     157328 total
 23628K->17108K(24716K), 0.0012070 secs]
55.820: [GC
Desired survivor size 557056 bytes, new threshold 15 (max 15)
- age   1:     244840 bytes,     244840 total
- age   2:      83240 bytes,     328080 total
- age   3:      72920 bytes,     401000 total
 23622K->17345K(24716K), 0.0009197 secs]
55.827: [GC
Desired survivor size 557056 bytes, new threshold 15 (max 15)
- age   1:     185616 bytes,     185616 total
- age   2:     236864 bytes,     422480 total
- age   3:       2992 bytes,     425472 total
- age   4:      72472 bytes,     497944 total
 23873K->17442K(24716K), 0.0008947 secs]
55.833: [GC
Desired survivor size 557056 bytes, new threshold 3 (max 15)
- age   1:     302168 bytes,     302168 total
- age   2:     162880 bytes,     465048 total
- age   3:     236864 bytes,     701912 total
- age   4:       2992 bytes,     704904 total
- age   5:       3416 bytes,     708320 total
 23960K->17648K(24716K), 0.0011293 secs]
55.838: [GC
Desired survivor size 557056 bytes, new threshold 15 (max 15)
- age   1:     316608 bytes,     316608 total
- age   2:     233784 bytes,     550392 total
- age   3:       2408 bytes,     552800 total
 24151K->17738K(24908K), 0.0019899 secs]
55.840: [Full GC 17738K->8204K(24908K), 0.0699839 secs]
55.916: [GC
Desired survivor size 557056 bytes, new threshold 15 (max 15)
- age   1:     214832 bytes,     214832 total
 14732K->8419K(24716K), 0.0007513 secs]
55.920: [GC
Desired survivor size 557056 bytes, new threshold 2 (max 15)
- age   1:     551376 bytes,     551376 total
- age   2:     162504 bytes,     713880 total
 14893K->8907K(24716K), 0.0010849 secs]
55.926: [GC
Desired survivor size 557056 bytes, new threshold 2 (max 15)
- age   1:      63832 bytes,      63832 total
- age   2:     497120 bytes,     560952 total
 15347K->8922K(24716K), 0.0012328 secs]
55.932: [GC
Desired survivor size 557056 bytes, new threshold 15 (max 15)
- age   1:     162112 bytes,     162112 total
- age   2:       3640 bytes,     165752 total
 15431K->9020K(24716K), 0.0011776 secs]
55.938: [GC
Desired survivor size 557056 bytes, new threshold 15 (max 15)
- age   1:     459920 bytes,     459920 total
- age   2:      91760 bytes,     551680 total
- age   3:       3640 bytes,     555320 total
 15542K->9404K(24716K), 0.0015980 secs]
55.944: [GC
Desired survivor size 557056 bytes, new threshold 2 (max 15)
- age   1:     364408 bytes,     364408 total
- age   2:     399008 bytes,     763416 total
- age   3:      62752 bytes,     826168 total
- age   4:       3640 bytes,     829808 total
 15918K->9671K(24716K), 0.0013946 secs]
55.950: [GC
Desired survivor size 557056 bytes, new threshold 15 (max 15)
- age   1:     370160 bytes,     370160 total
- age   2:     138296 bytes,     508456 total
 16145K->9818K(24716K), 0.0011887 secs]
55.955: [GC
Desired survivor size 557056 bytes, new threshold 15 (max 15)
- age   1:     322416 bytes,     322416 total
- age   3:     138296 bytes,     460712 total
 16295K->9764K(24716K), 0.0011495 secs]
55.961: [GC
Desired survivor size 557056 bytes, new threshold 15 (max 15)
- age   1:     315072 bytes,     315072 total
- age   4:     138296 bytes,     453368 total
 16223K->9759K(24716K), 0.0008312 secs]
55.966: [GC
Desired survivor size 557056 bytes, new threshold 15 (max 15)
- age   1:     145872 bytes,     145872 total
- age   2:      40096 bytes,     185968 total
- age   5:     138296 bytes,     324264 total
 16229K->9632K(24716K), 0.0008544 secs]
55.971: [GC
Desired survivor size 557056 bytes, new threshold 1 (max 15)
- age   1:     738008 bytes,     738008 total
- age   2:      77888 bytes,     815896 total
- age   3:      40096 bytes,     855992 total
- age   6:     138296 bytes,     994288 total
 16106K->10287K(24716K), 0.0012205 secs]
55.977: [GC
Desired survivor size 557056 bytes, new threshold 15 (max 15)
- age   1:     312440 bytes,     312440 total
 16815K->10366K(24716K), 0.0013237 secs]
55.982: [GC
Desired survivor size 557056 bytes, new threshold 1 (max 15)
- age   1:     622992 bytes,     622992 total
- age   2:       3192 bytes,     626184 total
 16893K->10673K(24716K), 0.0009141 secs]
55.987: [GC
Desired survivor size 557056 bytes, new threshold 1 (max 15)
- age   1:     564968 bytes,     564968 total
 17198K->11037K(24716K), 0.0013291 secs]
55.993: [GC
Desired survivor size 557056 bytes, new threshold 15 (max 15)
- age   1:     384344 bytes,     384344 total
 17563K->11392K(24716K), 0.0014218 secs]
56.001: [GC
Desired survivor size 557056 bytes, new threshold 2 (max 15)
- age   1:     400952 bytes,     400952 total
- age   2:     358744 bytes,     759696 total
 17917K->11759K(24716K), 0.0009583 secs]
56.006: [GC
Desired survivor size 557056 bytes, new threshold 2 (max 15)
- age   1:     327464 bytes,     327464 total
- age   2:     343008 bytes,     670472 total
 18276K->11810K(24716K), 0.0011294 secs]
56.013: [GC
Desired survivor size 557056 bytes, new threshold 15 (max 15)
- age   1:      66696 bytes,      66696 total
- age   2:     295840 bytes,     362536 total
 18332K->11849K(24716K), 0.0022372 secs]
56.020: [GC
Desired survivor size 557056 bytes, new threshold 15 (max 15)
- age   1:     183744 bytes,     183744 total
- age   2:      29928 bytes,     213672 total
- age   3:     220552 bytes,     434224 total
 18370K->11917K(24716K), 0.0011113 secs]
56.025: [GC
Desired survivor size 557056 bytes, new threshold 2 (max 15)
- age   1:     412224 bytes,     412224 total
- age   2:     171408 bytes,     583632 total
- age   3:      29224 bytes,     612856 total
- age   4:     220552 bytes,     833408 total
 18413K->12307K(24716K), 0.0013724 secs]
56.030: [GC
Desired survivor size 557056 bytes, new threshold 2 (max 15)
- age   1:     426104 bytes,     426104 total
- age   2:     156464 bytes,     582568 total
 18831K->12477K(24716K), 0.0015468 secs]
56.036: [GC
Desired survivor size 557056 bytes, new threshold 15 (max 15)
- age   1:     115960 bytes,     115960 total
- age   2:     202856 bytes,     318816 total
 19005K->12372K(24716K), 0.0009359 secs]
56.042: [GC
Desired survivor size 557056 bytes, new threshold 1 (max 15)
- age   1:     697688 bytes,     697688 total
- age   2:       2688 bytes,     700376 total
- age   3:     123880 bytes,     824256 total
 18897K->12865K(24716K), 0.0011858 secs]
56.048: [GC
Desired survivor size 557056 bytes, new threshold 15 (max 15)
- age   1:     404008 bytes,     404008 total
 19390K->12876K(24716K), 0.0010727 secs]
56.055: [GC
Desired survivor size 557056 bytes, new threshold 15 (max 15)
- age   1:     203440 bytes,     203440 total
- age   2:     306536 bytes,     509976 total
 19404K->12981K(24716K), 0.0014134 secs]
56.060: [GC
Desired survivor size 557056 bytes, new threshold 15 (max 15)
- age   1:     300104 bytes,     300104 total
- age   2:      69008 bytes,     369112 total
- age   3:      64144 bytes,     433256 total
 19483K->12907K(24716K), 0.0009095 secs]
56.066: [GC
Desired survivor size 557056 bytes, new threshold 2 (max 15)
- age   1:     493240 bytes,     493240 total
- age   2:     163368 bytes,     656608 total
- age   3:      68968 bytes,     725576 total
 19376K->13192K(24716K), 0.0009564 secs]
56.071: [GC
Desired survivor size 557056 bytes, new threshold 2 (max 15)
- age   1:     240032 bytes,     240032 total
- age   2:     423328 bytes,     663360 total
 19701K->13198K(24716K), 0.0011807 secs]
56.076: [GC
Desired survivor size 557056 bytes, new threshold 15 (max 15)
- age   1:     213648 bytes,     213648 total
- age   2:      72640 bytes,     286288 total
 19723K->13235K(24716K), 0.0012919 secs]
56.081: [GC
Desired survivor size 557056 bytes, new threshold 15 (max 15)
- age   1:     179304 bytes,     179304 total
- age   2:     168640 bytes,     347944 total
- age   3:      72640 bytes,     420584 total
 19752K->13364K(24716K), 0.0009585 secs]
56.086: [GC
Desired survivor size 557056 bytes, new threshold 3 (max 15)
- age   1:     353592 bytes,     353592 total
- age   2:     101432 bytes,     455024 total
- age   3:     168640 bytes,     623664 total
- age   4:      72640 bytes,     696304 total
 19871K->13636K(24716K), 0.0011200 secs]
56.092: [GC
Desired survivor size 557056 bytes, new threshold 2 (max 15)
- age   1:     463576 bytes,     463576 total
- age   2:     257040 bytes,     720616 total
- age   3:     101432 bytes,     822048 total
 20131K->13923K(24716K), 0.0014166 secs]
56.099: [GC
Desired survivor size 557056 bytes, new threshold 15 (max 15)
- age   1:     178224 bytes,     178224 total
- age   2:     290608 bytes,     468832 total
 20449K->13928K(24716K), 0.0010952 secs]
56.103: [GC
Desired survivor size 557056 bytes, new threshold 3 (max 15)
- age   1:     274784 bytes,     274784 total
- age   2:     146008 bytes,     420792 total
- age   3:     290608 bytes,     711400 total
 20440K->14165K(24716K), 0.0012063 secs]
56.110: [GC
Desired survivor size 557056 bytes, new threshold 15 (max 15)
- age   1:     244744 bytes,     244744 total
- age   2:     194512 bytes,     439256 total
 20687K->14183K(24716K), 0.0012061 secs]
56.115: [GC
Desired survivor size 557056 bytes, new threshold 15 (max 15)
- age   1:     274792 bytes,     274792 total
- age   2:      81280 bytes,     356072 total
- age   3:     194512 bytes,     550584 total
 20667K->14292K(24716K), 0.0009585 secs]
56.120: [GC
Desired survivor size 557056 bytes, new threshold 2 (max 15)
- age   1:     549008 bytes,     549008 total
- age   2:     198880 bytes,     747888 total
- age   3:      81280 bytes,     829168 total
- age   4:     194512 bytes,    1023680 total
 20794K->14753K(24716K), 0.0015863 secs]
56.127: [GC
Desired survivor size 557056 bytes, new threshold 2 (max 15)
- age   1:     401936 bytes,     401936 total
- age   2:     236472 bytes,     638408 total
 21281K->14841K(24716K), 0.0013098 secs]
56.133: [GC
Desired survivor size 557056 bytes, new threshold 1 (max 15)
- age   1:     605192 bytes,     605192 total
- age   2:      84352 bytes,     689544 total
 21352K->15121K(24716K), 0.0013531 secs]
56.139: [GC
Desired survivor size 557056 bytes, new threshold 15 (max 15)
- age   1:     246216 bytes,     246216 total
 21596K->15040K(24716K), 0.0009246 secs]
56.144: [GC
Desired survivor size 557056 bytes, new threshold 2 (max 15)
- age   1:     531760 bytes,     531760 total
- age   2:     162384 bytes,     694144 total
 21535K->15478K(24716K), 0.0010409 secs]
56.154: [GC
Desired survivor size 557056 bytes, new threshold 2 (max 15)
- age   1:     133112 bytes,     133112 total
- age   2:     446720 bytes,     579832 total
 21993K->15533K(24716K), 0.0014740 secs]
56.161: [GC
Desired survivor size 557056 bytes, new threshold 15 (max 15)
- age   1:     370896 bytes,     370896 total
- age   2:      90440 bytes,     461336 total
 21984K->15634K(24716K), 0.0011371 secs]
56.168: [GC
Desired survivor size 557056 bytes, new threshold 15 (max 15)
- age   1:     125880 bytes,     125880 total
- age   2:     241184 bytes,     367064 total
- age   3:      88816 bytes,     455880 total
 22159K->15628K(24716K), 0.0008437 secs]
56.172: [GC
Desired survivor size 557056 bytes, new threshold 15 (max 15)
- age   1:     189152 bytes,     189152 total
- age   2:      30496 bytes,     219648 total
- age   3:      72528 bytes,     292176 total
- age   4:      88816 bytes,     380992 total
 22114K->15556K(24716K), 0.0009182 secs]
56.178: [GC
Desired survivor size 557056 bytes, new threshold 2 (max 15)
- age   1:     503976 bytes,     503976 total
- age   2:     104112 bytes,     608088 total
- age   3:      30496 bytes,     638584 total
- age   4:      72528 bytes,     711112 total
- age   5:      88816 bytes,     799928 total
 22045K->15967K(24716K), 0.0013743 secs]
56.183: [GC
Desired survivor size 557056 bytes, new threshold 2 (max 15)
- age   1:     339080 bytes,     339080 total
- age   2:     252440 bytes,     591520 total
 22440K->16057K(24716K), 0.0013720 secs]
56.188: [GC
Desired survivor size 557056 bytes, new threshold 15 (max 15)
- age   1:     170920 bytes,     170920 total
 22456K->15889K(24716K), 0.0011223 secs]
56.194: [GC
Desired survivor size 557056 bytes, new threshold 1 (max 15)
- age   1:     676704 bytes,     676704 total
 22367K->16385K(24716K), 0.0010634 secs]
56.199: [GC
Desired survivor size 557056 bytes, new threshold 1 (max 15)
- age   1:     932000 bytes,     932000 total
 22868K->17020K(24716K), 0.0016610 secs]
56.205: [GC
Desired survivor size 557056 bytes, new threshold 15 (max 15)
- age   1:     451072 bytes,     451072 total
 23512K->17381K(24716K), 0.0016809 secs]
56.211: [GC
Desired survivor size 557056 bytes, new threshold 15 (max 15)
- age   1:     103104 bytes,     103104 total
- age   2:     412120 bytes,     515224 total
 23884K->17444K(24716K), 0.0009911 secs]
56.216: [GC
Desired survivor size 557056 bytes, new threshold 3 (max 15)
- age   1:     514280 bytes,     514280 total
- age   2:      20264 bytes,     534544 total
- age   3:     412120 bytes,     946664 total
 23943K->17865K(24716K), 0.0015345 secs]
56.221: [GC
Desired survivor size 557056 bytes, new threshold 2 (max 15)
- age   1:     349840 bytes,     349840 total
- age   2:     470536 bytes,     820376 total
- age   3:      20264 bytes,     840640 total
 24329K->18172K(25100K), 0.0016833 secs]
56.223: [Full GC 18172K->7968K(25100K), 0.0706979 secs]
56.300: [GC
Desired survivor size 557056 bytes, new threshold 15 (max 15)
- age   1:     376544 bytes,     376544 total
 14462K->8340K(24716K), 0.0008740 secs]
56.305: [GC
Desired survivor size 557056 bytes, new threshold 15 (max 15)
- age   1:     102072 bytes,     102072 total
- age   2:     329624 bytes,     431696 total
 14822K->8394K(24716K), 0.0009365 secs]
56.309: [GC
Desired survivor size 557056 bytes, new threshold 15 (max 15)
- age   1:     347952 bytes,     347952 total
- age   2:      50920 bytes,     398872 total
- age   3:     148096 bytes,     546968 total
 14897K->8506K(24716K), 0.0010550 secs]
56.318: [GC
Desired survivor size 557056 bytes, new threshold 1 (max 15)
- age   1:     796648 bytes,     796648 total
- age   2:     254816 bytes,    1051464 total
- age   3:        128 bytes,    1051592 total
- age   4:      40464 bytes,    1092056 total
 15034K->9423K(24716K), 0.0018766 secs]
56.326: [GC
Desired survivor size 557056 bytes, new threshold 15 (max 15)
- age   1:     414528 bytes,     414528 total
 15926K->9369K(24716K), 0.0012987 secs]
56.332: [GC
Desired survivor size 557056 bytes, new threshold 15 (max 15)
- age   1:      99552 bytes,      99552 total
- age   2:     161768 bytes,     261320 total
 15863K->9219K(24716K), 0.0006896 secs]
56.337: [GC
Desired survivor size 557056 bytes, new threshold 15 (max 15)
- age   1:      72432 bytes,      72432 total
- age   2:      42352 bytes,     114784 total
- age   3:     161768 bytes,     276552 total
 15655K->9234K(24716K), 0.0007751 secs]
56.344: [GC
Desired survivor size 557056 bytes, new threshold 1 (max 15)
- age   1:     842960 bytes,     842960 total
- age   2:      11920 bytes,     854880 total
- age   3:      42352 bytes,     897232 total
- age   4:     161768 bytes,    1059000 total
 15762K->10076K(24716K), 0.0012934 secs]
56.350: [GC
Desired survivor size 557056 bytes, new threshold 15 (max 15)
- age   1:     362680 bytes,     362680 total
 16561K->10171K(24716K), 0.0012424 secs]
56.357: [GC
Desired survivor size 557056 bytes, new threshold 15 (max 15)
- age   1:     422112 bytes,     422112 total
- age   2:     123928 bytes,     546040 total
 16690K->10343K(24716K), 0.0007580 secs]
56.363: [GC
Desired survivor size 557056 bytes, new threshold 2 (max 15)
- age   1:     527552 bytes,     527552 total
- age   2:     261336 bytes,     788888 total
 16787K->10580K(24716K), 0.0010127 secs]
56.372: [GC
Desired survivor size 557056 bytes, new threshold 1 (max 15)
- age   1:     557144 bytes,     557144 total
- age   2:     139208 bytes,     696352 total
 17012K->10744K(24716K), 0.0022451 secs]
56.379: [GC
Desired survivor size 557056 bytes, new threshold 15 (max 15)
- age   1:     296536 bytes,     296536 total
 17258K->10594K(24716K), 0.0009541 secs]
56.384: [GC
Desired survivor size 557056 bytes, new threshold 15 (max 15)
- age   1:     315856 bytes,     315856 total
- age   2:     194224 bytes,     510080 total
 17074K->10802K(24716K), 0.0008973 secs]
56.389: [GC
Desired survivor size 557056 bytes, new threshold 3 (max 15)
- age   1:     281848 bytes,     281848 total
- age   2:     187592 bytes,     469440 total
- age   3:     128936 bytes,     598376 total
 17325K->10888K(24716K), 0.0009262 secs]
56.395: [GC
Desired survivor size 557056 bytes, new threshold 3 (max 15)
- age   1:     340696 bytes,     340696 total
- age   2:      56464 bytes,     397160 total
- age   3:     187592 bytes,     584752 total
 17407K->10896K(24716K), 0.0010516 secs]
56.402: [GC
Desired survivor size 557056 bytes, new threshold 15 (max 15)
- age   1:     351392 bytes,     351392 total
- age   2:      29000 bytes,     380392 total
- age   3:      56464 bytes,     436856 total
 17417K->10934K(24716K), 0.0010239 secs]
56.407: [GC
Desired survivor size 557056 bytes, new threshold 15 (max 15)
- age   1:     254016 bytes,     254016 total
- age   2:      91824 bytes,     345840 total
- age   3:      29000 bytes,     374840 total
- age   4:      56464 bytes,     431304 total
 17454K->10929K(24716K), 0.0009360 secs]
56.415: [GC
Desired survivor size 557056 bytes, new threshold 15 (max 15)
- age   1:     198096 bytes,     198096 total
- age   2:     116920 bytes,     315016 total
- age   3:      91824 bytes,     406840 total
- age   4:      29000 bytes,     435840 total
- age   5:      56464 bytes,     492304 total
 17457K->10988K(24716K), 0.0009577 secs]
56.421: [GC
Desired survivor size 557056 bytes, new threshold 15 (max 15)
- age   1:     101408 bytes,     101408 total
- age   2:      29416 bytes,     130824 total
- age   3:     116920 bytes,     247744 total
- age   4:      91824 bytes,     339568 total
- age   5:      29000 bytes,     368568 total
- age   6:      56464 bytes,     425032 total
 17516K->10925K(24716K), 0.0011115 secs]
56.426: [GC
Desired survivor size 557056 bytes, new threshold 1 (max 15)
- age   1:     781592 bytes,     781592 total
- age   2:      86576 bytes,     868168 total
- age   3:      29376 bytes,     897544 total
- age   4:     116920 bytes,    1014464 total
- age   5:      45016 bytes,    1059480 total
- age   6:      29000 bytes,    1088480 total
- age   7:        128 bytes,    1088608 total
 17412K->11684K(24716K), 0.0015332 secs]
56.433: [GC
Desired survivor size 557056 bytes, new threshold 15 (max 15)
- age   1:     250264 bytes,     250264 total
 18142K->11674K(24716K), 0.0012520 secs]
56.438: [GC
Desired survivor size 557056 bytes, new threshold 2 (max 15)
- age   1:     439968 bytes,     439968 total
- age   2:     169080 bytes,     609048 total
 18199K->12015K(24716K), 0.0009688 secs]
56.443: [GC
Desired survivor size 557056 bytes, new threshold 15 (max 15)
- age   1:     174760 bytes,     174760 total
- age   2:     333296 bytes,     508056 total
 18468K->12077K(24716K), 0.0012915 secs]
56.450: [GC
Desired survivor size 557056 bytes, new threshold 15 (max 15)
- age   1:      71840 bytes,      71840 total
- age   2:     114448 bytes,     186288 total
- age   3:     333296 bytes,     519584 total
 18605K->12086K(24716K), 0.0015300 secs]
56.456: [GC
Desired survivor size 557056 bytes, new threshold 1 (max 15)
- age   1:     658488 bytes,     658488 total
- age   2:       7208 bytes,     665696 total
- age   3:     114448 bytes,     780144 total
- age   4:     250952 bytes,    1031096 total
 18598K->12667K(24716K), 0.0015947 secs]
56.462: [GC
Desired survivor size 557056 bytes, new threshold 15 (max 15)
- age   1:     443712 bytes,     443712 total
 19166K->12837K(24716K), 0.0013997 secs]
56.468: [GC
Desired survivor size 557056 bytes, new threshold 2 (max 15)
- age   1:     431640 bytes,     431640 total
- age   2:     212840 bytes,     644480 total
 19301K->13034K(24716K), 0.0013232 secs]
56.473: [GC
Desired survivor size 557056 bytes, new threshold 15 (max 15)
- age   1:     224280 bytes,     224280 total
- age   2:     114120 bytes,     338400 total
 19539K->12943K(24716K), 0.0010506 secs]
56.479: [GC
Desired survivor size 557056 bytes, new threshold 15 (max 15)
- age   1:     132864 bytes,     132864 total
- age   2:     140104 bytes,     272968 total
- age   3:     114120 bytes,     387088 total
 19335K->12988K(24716K), 0.0008513 secs]
56.484: [GC
Desired survivor size 557056 bytes, new threshold 15 (max 15)
- age   1:     120304 bytes,     120304 total
- age   2:      21456 bytes,     141760 total
- age   3:     140104 bytes,     281864 total
- age   4:     114120 bytes,     395984 total
 19516K->12996K(24716K), 0.0010061 secs]
56.499: [GC
Desired survivor size 557056 bytes, new threshold 5 (max 15)
- age   1:     299616 bytes,     299616 total
- age   2:      34000 bytes,     333616 total
- age   3:      21456 bytes,     355072 total
- age   4:     140104 bytes,     495176 total
- age   5:     114120 bytes,     609296 total
 19524K->13211K(24716K), 0.0009201 secs]
56.504: [GC
Desired survivor size 557056 bytes, new threshold 15 (max 15)
- age   1:      48216 bytes,      48216 total
- age   2:     296560 bytes,     344776 total
- age   3:      34000 bytes,     378776 total
- age   4:      21456 bytes,     400232 total
- age   5:     140104 bytes,     540336 total
 19728K->13262K(24716K), 0.0012168 secs]
56.509: [GC
Desired survivor size 557056 bytes, new threshold 15 (max 15)
- age   1:     186688 bytes,     186688 total
- age   2:       7728 bytes,     194416 total
- age   3:     127544 bytes,     321960 total
- age   4:      34000 bytes,     355960 total
- age   5:      21456 bytes,     377416 total
- age   6:     140104 bytes,     517520 total
 19775K->13246K(24716K), 0.0013597 secs]
56.514: [GC
Desired survivor size 557056 bytes, new threshold 7 (max 15)
- age   1:     174272 bytes,     174272 total
- age   2:     151152 bytes,     325424 total
- age   3:       7728 bytes,     333152 total
- age   4:     127544 bytes,     460696 total
- age   5:      34000 bytes,     494696 total
- age   6:      21496 bytes,     516192 total
- age   7:     140104 bytes,     656296 total
 19771K->13380K(24716K), 0.0014317 secs]
56.521: [GC
Desired survivor size 557056 bytes, new threshold 2 (max 15)
- age   1:     536864 bytes,     536864 total
- age   2:     151088 bytes,     687952 total
- age   3:     151152 bytes,     839104 total
- age   4:       7728 bytes,     846832 total
- age   5:     127544 bytes,     974376 total
- age   6:      34000 bytes,    1008376 total
- age   7:      21456 bytes,    1029832 total
 19891K->14151K(24716K), 0.0017227 secs]
56.527: [GC
Desired survivor size 557056 bytes, new threshold 15 (max 15)
- age   1:     343528 bytes,     343528 total
- age   2:     197720 bytes,     541248 total
 20547K->14151K(24716K), 0.0015419 secs]
56.533: [GC
Desired survivor size 557056 bytes, new threshold 2 (max 15)
- age   1:     411568 bytes,     411568 total
- age   2:     258992 bytes,     670560 total
- age   3:     197720 bytes,     868280 total
 20648K->14467K(24716K), 0.0010859 secs]
56.539: [GC
Desired survivor size 557056 bytes, new threshold 15 (max 15)
- age   1:     122160 bytes,     122160 total
- age   2:     170032 bytes,     292192 total
 20986K->14323K(24716K), 0.0009877 secs]
56.548: [GC
Desired survivor size 557056 bytes, new threshold 15 (max 15)
- age   1:     186456 bytes,     186456 total
- age   2:      42184 bytes,     228640 total
 20773K->14260K(24716K), 0.0009567 secs]
56.555: [GC
Desired survivor size 557056 bytes, new threshold 15 (max 15)
- age   1:     285552 bytes,     285552 total
- age   2:      81296 bytes,     366848 total
- age   3:      42128 bytes,     408976 total
 20770K->14436K(24716K), 0.0009914 secs]
56.562: [GC
Desired survivor size 557056 bytes, new threshold 15 (max 15)
- age   1:     141256 bytes,     141256 total
- age   2:     182856 bytes,     324112 total
- age   3:      81296 bytes,     405408 total
- age   4:      42128 bytes,     447536 total
 20900K->14473K(24716K), 0.0009971 secs]
56.567: [GC
Desired survivor size 557056 bytes, new threshold 5 (max 15)
- age   1:     223584 bytes,     223584 total
- age   2:      62016 bytes,     285600 total
- age   3:     182856 bytes,     468456 total
- age   4:      81296 bytes,     549752 total
- age   5:      42128 bytes,     591880 total
 20997K->14614K(24716K), 0.0009766 secs]
56.572: [GC
Desired survivor size 557056 bytes, new threshold 15 (max 15)
- age   1:     147088 bytes,     147088 total
- age   2:      83488 bytes,     230576 total
- age   3:       2392 bytes,     232968 total
- age   4:     182856 bytes,     415824 total
- age   5:      81296 bytes,     497120 total
 21135K->14572K(24716K), 0.0010844 secs]
56.578: [GC
Desired survivor size 557056 bytes, new threshold 6 (max 15)
- age   1:     141128 bytes,     141128 total
- age   2:     121776 bytes,     262904 total
- age   3:      83040 bytes,     345944 total
- age   4:       2392 bytes,     348336 total
- age   5:     182856 bytes,     531192 total
- age   6:      81296 bytes,     612488 total
 21097K->14684K(24716K), 0.0011071 secs]
56.583: [GC
Desired survivor size 557056 bytes, new threshold 15 (max 15)
- age   1:      50312 bytes,      50312 total
- age   2:     110104 bytes,     160416 total
- age   3:     121776 bytes,     282192 total
- age   4:      81416 bytes,     363608 total
- age   5:       2280 bytes,     365888 total
- age   6:     182856 bytes,     548744 total
 21202K->14706K(24716K), 0.0011514 secs]
56.589: [GC
Desired survivor size 557056 bytes, new threshold 1 (max 15)
- age   1:     625416 bytes,     625416 total
- age   2:      37376 bytes,     662792 total
- age   3:     110104 bytes,     772896 total
- age   5:      81416 bytes,     854312 total
- age   6:       2280 bytes,     856592 total
- age   7:     182856 bytes,    1039448 total
 21198K->15182K(24716K), 0.0018132 secs]
56.596: [GC
Desired survivor size 557056 bytes, new threshold 15 (max 15)
- age   1:     141584 bytes,     141584 total
 21685K->14963K(24716K), 0.0012583 secs]
56.602: [GC
Desired survivor size 557056 bytes, new threshold 15 (max 15)
- age   1:     349632 bytes,     349632 total
- age   2:      82104 bytes,     431736 total
 21487K->15240K(24716K), 0.0008926 secs]
56.608: [GC
Desired survivor size 557056 bytes, new threshold 1 (max 15)
- age   1:     574624 bytes,     574624 total
- age   2:     102216 bytes,     676840 total
- age   3:      15632 bytes,     692472 total
 21762K->15495K(24716K), 0.0013558 secs]
56.614: [GC
Desired survivor size 557056 bytes, new threshold 15 (max 15)
- age   1:     320720 bytes,     320720 total
 21979K->15387K(24716K), 0.0009819 secs]
56.618: [GC
Desired survivor size 557056 bytes, new threshold 15 (max 15)
- age   1:     124528 bytes,     124528 total
- age   2:     145216 bytes,     269744 total
 21889K->15337K(24716K), 0.0007437 secs]
56.623: [GC
Desired survivor size 557056 bytes, new threshold 15 (max 15)
- age   1:     324544 bytes,     324544 total
- age   2:      67328 bytes,     391872 total
- age   3:     145216 bytes,     537088 total
 21829K->15598K(24716K), 0.0010395 secs]
56.628: [GC
Desired survivor size 557056 bytes, new threshold 4 (max 15)
- age   1:     179440 bytes,     179440 total
- age   2:     174432 bytes,     353872 total
- age   3:      67328 bytes,     421200 total
- age   4:     145216 bytes,     566416 total
 22120K->15627K(24716K), 0.0009853 secs]
56.633: [GC
Desired survivor size 557056 bytes, new threshold 15 (max 15)
- age   1:      85384 bytes,      85384 total
- age   2:      67320 bytes,     152704 total
- age   3:     174432 bytes,     327136 total
- age   4:      67328 bytes,     394464 total
 22138K->15608K(24716K), 0.0012113 secs]
56.638: [GC
Desired survivor size 557056 bytes, new threshold 15 (max 15)
- age   1:     214704 bytes,     214704 total
- age   2:      23280 bytes,     237984 total
- age   3:      67320 bytes,     305304 total
- age   4:     174432 bytes,     479736 total
- age   5:      67328 bytes,     547064 total
 22104K->15757K(24716K), 0.0010038 secs]
56.643: [GC
Desired survivor size 557056 bytes, new threshold 15 (max 15)
- age   1:     124528 bytes,     124528 total
- age   2:      84856 bytes,     209384 total
- age   3:      23280 bytes,     232664 total
- age   4:      67320 bytes,     299984 total
- age   5:     174432 bytes,     474416 total
- age   6:      67328 bytes,     541744 total
 22276K->15752K(24716K), 0.0013438 secs]
56.650: [GC
Desired survivor size 557056 bytes, new threshold 1 (max 15)
- age   1:     569856 bytes,     569856 total
- age   2:      57720 bytes,     627576 total
- age   3:      84856 bytes,     712432 total
- age   4:      23280 bytes,     735712 total
- age   5:      67320 bytes,     803032 total
- age   6:     174432 bytes,     977464 total
- age   7:      67328 bytes,    1044792 total
 22236K->16242K(24716K), 0.0014427 secs]
56.659: [GC
Desired survivor size 557056 bytes, new threshold 15 (max 15)
- age   1:     179648 bytes,     179648 total
 22770K->16141K(24716K), 0.0016849 secs]
56.665: [GC
Desired survivor size 557056 bytes, new threshold 15 (max 15)
- age   1:     339704 bytes,     339704 total
- age   2:     109488 bytes,     449192 total
 22659K->16404K(24716K), 0.0009035 secs]
56.670: [GC
Desired survivor size 557056 bytes, new threshold 2 (max 15)
- age   1:     363104 bytes,     363104 total
- age   2:     239744 bytes,     602848 total
- age   3:      27112 bytes,     629960 total
 22927K->16583K(24716K), 0.0011367 secs]
56.675: [GC
Desired survivor size 557056 bytes, new threshold 15 (max 15)
- age   1:     207728 bytes,     207728 total
 23101K->16437K(24716K), 0.0009839 secs]
56.681: [GC
Desired survivor size 557056 bytes, new threshold 15 (max 15)
- age   1:     134920 bytes,     134920 total
- age   2:      84120 bytes,     219040 total
 22965K->16446K(24716K), 0.0007603 secs]
56.687: [GC
Desired survivor size 557056 bytes, new threshold 15 (max 15)
- age   1:     293448 bytes,     293448 total
- age   2:       2760 bytes,     296208 total
- age   3:      84120 bytes,     380328 total
 22974K->16604K(24716K), 0.0007970 secs]
56.692: [GC
Desired survivor size 557056 bytes, new threshold 4 (max 15)
- age   1:     391440 bytes,     391440 total
- age   2:     115336 bytes,     506776 total
- age   3:       2760 bytes,     509536 total
- age   4:      84120 bytes,     593656 total
 23112K->16817K(24716K), 0.0010128 secs]
56.697: [GC
Desired survivor size 557056 bytes, new threshold 3 (max 15)
- age   1:     300256 bytes,     300256 total
- age   2:     195496 bytes,     495752 total
- age   3:     115096 bytes,     610848 total
- age   4:       2760 bytes,     613608 total
 23340K->16912K(24716K), 0.0017143 secs]
56.703: [GC
Desired survivor size 557056 bytes, new threshold 15 (max 15)
- age   1:     228096 bytes,     228096 total
- age   2:     152280 bytes,     380376 total
- age   3:     157064 bytes,     537440 total
 23438K->16960K(24716K), 0.0011258 secs]
56.708: [GC
Desired survivor size 557056 bytes, new threshold 2 (max 15)
- age   1:     466400 bytes,     466400 total
- age   2:     159208 bytes,     625608 total
- age   3:     152280 bytes,     777888 total
- age   4:     157064 bytes,     934952 total
 23451K->17342K(24716K), 0.0012741 secs]
56.713: [GC
Desired survivor size 557056 bytes, new threshold 15 (max 15)
- age   1:     219344 bytes,     219344 total
- age   2:     282888 bytes,     502232 total
 23849K->17375K(24716K), 0.0013543 secs]
56.720: [GC
Desired survivor size 557056 bytes, new threshold 3 (max 15)
- age   1:     427304 bytes,     427304 total
- age   3:     282888 bytes,     710192 total
 23890K->17581K(24716K), 0.0010871 secs]
56.725: [GC
Desired survivor size 557056 bytes, new threshold 15 (max 15)
- age   1:     210288 bytes,     210288 total
- age   2:     153096 bytes,     363384 total
 24092K->17526K(24908K), 0.0011104 secs]
56.727: [Full GC 17526K->7962K(24908K), 0.0703994 secs]
56.803: [GC
Desired survivor size 557056 bytes, new threshold 1 (max 15)
- age   1:     582872 bytes,     582872 total
 14453K->8535K(24716K), 0.0009273 secs]
56.808: [GC
Desired survivor size 557056 bytes, new threshold 15 (max 15)
- age   1:     224296 bytes,     224296 total
 14994K->8693K(24716K), 0.0010956 secs]
56.813: [GC
Desired survivor size 557056 bytes, new threshold 1 (max 15)
- age   1:     590392 bytes,     590392 total
- age   2:      79080 bytes,     669472 total
 15199K->9128K(24716K), 0.0010089 secs]
56.819: [GC
Desired survivor size 557056 bytes, new threshold 15 (max 15)
- age   1:     156504 bytes,     156504 total
 15642K->9139K(24716K), 0.0010237 secs]
56.826: [GC
Desired survivor size 557056 bytes, new threshold 15 (max 15)
- age   1:     305680 bytes,     305680 total
- age   2:     156504 bytes,     462184 total
 15628K->9438K(24716K), 0.0009235 secs]
56.832: [GC
Desired survivor size 557056 bytes, new threshold 2 (max 15)
- age   1:     368640 bytes,     368640 total
- age   2:     202512 bytes,     571152 total
- age   3:     113536 bytes,     684688 total
 15939K->9655K(24716K), 0.0011888 secs]
56.837: [GC
Desired survivor size 557056 bytes, new threshold 15 (max 15)
- age   1:      73840 bytes,      73840 total
- age   2:     252384 bytes,     326224 total
 16152K->9613K(24716K), 0.0011631 secs]
56.842: [GC
Desired survivor size 557056 bytes, new threshold 15 (max 15)
- age   1:     196136 bytes,     196136 total
- age   2:      28656 bytes,     224792 total
- age   3:     252384 bytes,     477176 total
 16115K->9761K(24716K), 0.0010697 secs]
56.847: [GC
Desired survivor size 557056 bytes, new threshold 4 (max 15)
- age   1:     355296 bytes,     355296 total
- age   2:      72608 bytes,     427904 total
- age   4:     167952 bytes,     595856 total
 16267K->9877K(24716K), 0.0009842 secs]
56.852: [GC
Desired survivor size 557056 bytes, new threshold 3 (max 15)
- age   1:     276504 bytes,     276504 total
- age   2:     217728 bytes,     494232 total
- age   3:      72608 bytes,     566840 total
 16368K->10010K(24716K), 0.0018230 secs]
56.859: [GC
Desired survivor size 557056 bytes, new threshold 3 (max 15)
- age   1:     374792 bytes,     374792 total
- age   2:     135880 bytes,     510672 total
- age   3:     217728 bytes,     728400 total
 16519K->10241K(24716K), 0.0012414 secs]
56.867: [GC
Desired survivor size 557056 bytes, new threshold 2 (max 15)
- age   1:     402448 bytes,     402448 total
- age   2:     186544 bytes,     588992 total
- age   3:      60000 bytes,     648992 total
 16757K->10376K(24716K), 0.0011533 secs]
56.872: [GC
Desired survivor size 557056 bytes, new threshold 15 (max 15)
- age   1:     297936 bytes,     297936 total
- age   2:     233016 bytes,     530952 total
 16892K->10501K(24716K), 0.0012235 secs]
56.879: [GC
Desired survivor size 557056 bytes, new threshold 2 (max 15)
- age   1:     363536 bytes,     363536 total
- age   2:     297936 bytes,     661472 total
- age   3:     233016 bytes,     894488 total
 16999K->10856K(24716K), 0.0012129 secs]
56.885: [GC
Desired survivor size 557056 bytes, new threshold 2 (max 15)
- age   1:     487472 bytes,     487472 total
- age   2:     200872 bytes,     688344 total
 17370K->11021K(24716K), 0.0017014 secs]
56.891: [GC
Desired survivor size 557056 bytes, new threshold 2 (max 15)
- age   1:     268288 bytes,     268288 total
- age   2:     397120 bytes,     665408 total
 17503K->11194K(24716K), 0.0013159 secs]
56.898: [GC
Desired survivor size 557056 bytes, new threshold 15 (max 15)
- age   1:     291280 bytes,     291280 total
- age   2:     220480 bytes,     511760 total
 17714K->11432K(24716K), 0.0018830 secs]
56.903: [GC
Desired survivor size 557056 bytes, new threshold 3 (max 15)
- age   1:     148768 bytes,     148768 total
- age   2:     193696 bytes,     342464 total
- age   3:     220480 bytes,     562944 total
 17931K->11482K(24716K), 0.0010416 secs]
56.908: [GC
Desired survivor size 557056 bytes, new threshold 15 (max 15)
- age   1:     181992 bytes,     181992 total
- age   2:      53360 bytes,     235352 total
- age   3:      43176 bytes,     278528 total
 17998K->11344K(24716K), 0.0008503 secs]
56.913: [GC
Desired survivor size 557056 bytes, new threshold 4 (max 15)
- age   1:     398120 bytes,     398120 total
- age   2:     104120 bytes,     502240 total
- age   3:      53360 bytes,     555600 total
- age   4:      43176 bytes,     598776 total
 17819K->11659K(24716K), 0.0011101 secs]
56.919: [GC
Desired survivor size 557056 bytes, new threshold 2 (max 15)
- age   1:     303856 bytes,     303856 total
- age   2:     319304 bytes,     623160 total
- age   3:     104120 bytes,     727280 total
- age   4:      53360 bytes,     780640 total
 18181K->11878K(24716K), 0.0012165 secs]
56.924: [GC
Desired survivor size 557056 bytes, new threshold 15 (max 15)
- age   1:     252464 bytes,     252464 total
- age   2:     191096 bytes,     443560 total
 18406K->12031K(24716K), 0.0013369 secs]
56.929: [GC
Desired survivor size 557056 bytes, new threshold 2 (max 15)
- age   1:     527568 bytes,     527568 total
- age   2:     176184 bytes,     703752 total
- age   3:     191096 bytes,     894848 total
 18520K->12471K(24716K), 0.0012763 secs]
56.935: [GC
Desired survivor size 557056 bytes, new threshold 2 (max 15)
- age   1:     325744 bytes,     325744 total
- age   2:     365464 bytes,     691208 total
 18970K->12629K(24716K), 0.0016764 secs]
56.941: [GC
Desired survivor size 557056 bytes, new threshold 1 (max 15)
- age   1:     614512 bytes,     614512 total
- age   2:     108336 bytes,     722848 total
 19137K->13019K(24716K), 0.0018259 secs]
56.947: [GC
Desired survivor size 557056 bytes, new threshold 15 (max 15)
- age   1:     348544 bytes,     348544 total
 19511K->13081K(24716K), 0.0020455 secs]
56.953: [GC
Desired survivor size 557056 bytes, new threshold 15 (max 15)
- age   1:      85128 bytes,      85128 total
- age   2:     306848 bytes,     391976 total
 19600K->13121K(24716K), 0.0016003 secs]
56.959: [GC
Desired survivor size 557056 bytes, new threshold 15 (max 15)
- age   1:     167392 bytes,     167392 total
- age   2:      40928 bytes,     208320 total
- age   3:     102976 bytes,     311296 total
 19626K->13044K(24716K), 0.0009181 secs]
56.964: [GC
Desired survivor size 557056 bytes, new threshold 15 (max 15)
- age   1:     346080 bytes,     346080 total
- age   3:      40928 bytes,     387008 total
- age   4:     102976 bytes,     489984 total
 19560K->13219K(24716K), 0.0009915 secs]
56.973: [GC
Desired survivor size 557056 bytes, new threshold 15 (max 15)
- age   1:     135944 bytes,     135944 total
- age   4:      40928 bytes,     176872 total
- age   5:     102976 bytes,     279848 total
 19747K->13013K(24716K), 0.0009929 secs]
56.980: [GC
Desired survivor size 557056 bytes, new threshold 15 (max 15)
- age   1:     155112 bytes,     155112 total
- age   2:       4432 bytes,     159544 total
- age   5:      40928 bytes,     200472 total
- age   6:     102976 bytes,     303448 total
 19541K->13036K(24716K), 0.0010928 secs]
56.984: [GC
Desired survivor size 557056 bytes, new threshold 15 (max 15)
- age   1:     101328 bytes,     101328 total
- age   2:       4648 bytes,     105976 total
- age   3:       4432 bytes,     110408 total
- age   6:      40928 bytes,     151336 total
- age   7:     102976 bytes,     254312 total
 19483K->12988K(24716K), 0.0007682 secs]
56.990: [GC
Desired survivor size 557056 bytes, new threshold 15 (max 15)
- age   1:     187024 bytes,     187024 total
- age   3:       3560 bytes,     190584 total
- age   4:       4320 bytes,     194904 total
- age   7:      40928 bytes,     235832 total
- age   8:     102976 bytes,     338808 total
 19513K->13071K(24716K), 0.0008557 secs]
56.995: [GC
Desired survivor size 557056 bytes, new threshold 15 (max 15)
- age   1:     183928 bytes,     183928 total
- age   2:       5064 bytes,     188992 total
- age   4:       3560 bytes,     192552 total
- age   5:       4320 bytes,     196872 total
- age   8:      40928 bytes,     237800 total
- age   9:     102976 bytes,     340776 total
 19553K->13077K(24716K), 0.0009183 secs]
57.000: [GC
Desired survivor size 557056 bytes, new threshold 15 (max 15)
- age   1:     141864 bytes,     141864 total
- age   2:      95376 bytes,     237240 total
- age   3:       5064 bytes,     242304 total
- age   5:       3560 bytes,     245864 total
- age   6:       4320 bytes,     250184 total
- age   9:      40928 bytes,     291112 total
- age  10:     102976 bytes,     394088 total
 19592K->13133K(24716K), 0.0008928 secs]
57.005: [GC
Desired survivor size 557056 bytes, new threshold 15 (max 15)
- age   1:     247288 bytes,     247288 total
- age   4:       5064 bytes,     252352 total
- age   6:       3560 bytes,     255912 total
- age   7:       4320 bytes,     260232 total
- age  10:      40928 bytes,     301160 total
- age  11:     102976 bytes,     404136 total
 19651K->13136K(24716K), 0.0008442 secs]
57.011: [GC
Desired survivor size 557056 bytes, new threshold 15 (max 15)
- age   1:     145960 bytes,     145960 total
- age   5:       5064 bytes,     151024 total
- age   7:       3560 bytes,     154584 total
- age   8:       4320 bytes,     158904 total
- age  11:      40928 bytes,     199832 total
- age  12:     102976 bytes,     302808 total
 19622K->13037K(24716K), 0.0008108 secs]
57.017: [GC
Desired survivor size 557056 bytes, new threshold 15 (max 15)
- age   1:     324064 bytes,     324064 total
- age   2:      66248 bytes,     390312 total
- age   6:       5064 bytes,     395376 total
- age   8:       3560 bytes,     398936 total
- age   9:       4320 bytes,     403256 total
- age  12:      40928 bytes,     444184 total
- age  13:     102976 bytes,     547160 total
 19565K->13272K(24716K), 0.0009360 secs]
57.023: [GC
Desired survivor size 557056 bytes, new threshold 15 (max 15)
- age   1:      73016 bytes,      73016 total
- age   2:     160280 bytes,     233296 total
- age   3:       2840 bytes,     236136 total
- age   7:       5064 bytes,     241200 total
- age   9:       3560 bytes,     244760 total
- age  10:       4320 bytes,     249080 total
- age  13:      40928 bytes,     290008 total
- age  14:     102976 bytes,     392984 total
 19800K->13136K(24716K), 0.0008903 secs]
57.028: [GC
Desired survivor size 557056 bytes, new threshold 1 (max 15)
- age   1:     742680 bytes,     742680 total
- age   2:      16208 bytes,     758888 total
- age   3:      33704 bytes,     792592 total
- age   4:       2808 bytes,     795400 total
- age   8:       5064 bytes,     800464 total
- age  10:       3560 bytes,     804024 total
- age  11:       4320 bytes,     808344 total
- age  14:      40928 bytes,     849272 total
- age  15:     102976 bytes,     952248 total
 19646K->13688K(24716K), 0.0013114 secs]
57.035: [GC
Desired survivor size 557056 bytes, new threshold 15 (max 15)
- age   1:     177656 bytes,     177656 total
 20170K->13507K(24716K), 0.0011639 secs]
57.040: [GC
Desired survivor size 557056 bytes, new threshold 15 (max 15)
- age   1:     293624 bytes,     293624 total
- age   2:         32 bytes,     293656 total
 20018K->13609K(24716K), 0.0008025 secs]
57.045: [GC
Desired survivor size 557056 bytes, new threshold 15 (max 15)
- age   1:     128368 bytes,     128368 total
- age   2:      54312 bytes,     182680 total
- age   3:         32 bytes,     182712 total
 20137K->13501K(24716K), 0.0007477 secs]
57.051: [GC
Desired survivor size 557056 bytes, new threshold 15 (max 15)
- age   1:     204240 bytes,     204240 total
- age   2:      58304 bytes,     262544 total
- age   3:      54256 bytes,     316800 total
 20004K->13632K(24716K), 0.0007535 secs]
57.058: [GC
Desired survivor size 557056 bytes, new threshold 15 (max 15)
- age   1:     417120 bytes,     417120 total
 20156K->13730K(24716K), 0.0007879 secs]
57.063: [GC
Desired survivor size 557056 bytes, new threshold 1 (max 15)
- age   1:     721368 bytes,     721368 total
- age   2:     120312 bytes,     841680 total
 20206K->14144K(24716K), 0.0012815 secs]
57.069: [GC
Desired survivor size 557056 bytes, new threshold 15 (max 15)
- age   1:     530480 bytes,     530480 total
 20562K->14241K(24716K), 0.0011247 secs]
57.075: [GC
Desired survivor size 557056 bytes, new threshold 1 (max 15)
- age   1:     580144 bytes,     580144 total
- age   2:     473376 bytes,    1053520 total
 20722K->14830K(24716K), 0.0015043 secs]
57.081: [GC
Desired survivor size 557056 bytes, new threshold 15 (max 15)
- age   1:     429376 bytes,     429376 total
 21296K->14840K(24716K), 0.0013541 secs]
57.087: [GC
Desired survivor size 557056 bytes, new threshold 1 (max 15)
- age   1:     750032 bytes,     750032 total
- age   2:     266368 bytes,    1016400 total
 21324K->15415K(24716K), 0.0013233 secs]
57.093: [GC
Desired survivor size 557056 bytes, new threshold 15 (max 15)
- age   1:     512680 bytes,     512680 total
 21925K->15465K(24716K), 0.0013903 secs]
57.099: [GC
Desired survivor size 557056 bytes, new threshold 1 (max 15)
- age   1:     572576 bytes,     572576 total
- age   2:     428576 bytes,    1001152 total
 21954K->15942K(24716K), 0.0013392 secs]
57.105: [GC
Desired survivor size 557056 bytes, new threshold 15 (max 15)
- age   1:     441160 bytes,     441160 total
 22469K->16297K(24716K), 0.0017466 secs]
57.112: [GC
Desired survivor size 557056 bytes, new threshold 1 (max 15)
- age   1:     617584 bytes,     617584 total
- age   2:     400568 bytes,    1018152 total
 22817K->17184K(24716K), 0.0016648 secs]
57.118: [GC
Desired survivor size 557056 bytes, new threshold 15 (max 15)
- age   1:     293320 bytes,     293320 total
 23686K->17345K(24716K), 0.0019669 secs]
57.125: [GC
Desired survivor size 557056 bytes, new threshold 15 (max 15)
- age   1:     432400 bytes,     432400 total
- age   2:     116528 bytes,     548928 total
 23827K->17595K(24716K), 0.0010161 secs]
57.130: [GC
Desired survivor size 557056 bytes, new threshold 2 (max 15)
- age   1:     339408 bytes,     339408 total
- age   2:     348232 bytes,     687640 total
- age   3:     116528 bytes,     804168 total
 24046K->17844K(24716K), 0.0014953 secs]
57.137: [GC
Desired survivor size 557056 bytes, new threshold 15 (max 15)
- age   1:     237088 bytes,     237088 total
- age   2:     254696 bytes,     491784 total
 24371K->17993K(25292K), 0.0015036 secs]
57.139: [Full GC 17993K->8724K(25292K), 0.0715392 secs]
57.215: [GC
Desired survivor size 557056 bytes, new threshold 1 (max 15)
- age   1:     709528 bytes,     709528 total
 15206K->9421K(24716K), 0.0009422 secs]
57.220: [GC
Desired survivor size 557056 bytes, new threshold 15 (max 15)
- age   1:     267856 bytes,     267856 total
 15911K->9595K(24716K), 0.0012957 secs]
57.225: [GC
Desired survivor size 557056 bytes, new threshold 15 (max 15)
- age   1:     313624 bytes,     313624 total
- age   2:     212680 bytes,     526304 total
 16102K->9847K(24716K), 0.0010128 secs]
57.235: [GC
Desired survivor size 557056 bytes, new threshold 1 (max 15)
- age   1:     594656 bytes,     594656 total
- age   2:     227152 bytes,     821808 total
- age   3:     212680 bytes,    1034488 total
 16315K->10343K(24716K), 0.0015388 secs]
57.241: [GC
Desired survivor size 557056 bytes, new threshold 15 (max 15)
- age   1:     220224 bytes,     220224 total
 16864K->10384K(24716K), 0.0016463 secs]
57.249: [GC
Desired survivor size 557056 bytes, new threshold 15 (max 15)
- age   1:     345216 bytes,     345216 total
- age   2:     204224 bytes,     549440 total
 16877K->10704K(24716K), 0.0008538 secs]
57.254: [GC
Desired survivor size 557056 bytes, new threshold 3 (max 15)
- age   1:     189312 bytes,     189312 total
- age   2:     304048 bytes,     493360 total
- age   3:     204224 bytes,     697584 total
 17226K->10849K(24716K), 0.0013383 secs]
57.265: [GC
Desired survivor size 557056 bytes, new threshold 3 (max 15)
- age   1:     409360 bytes,     409360 total
- age   2:      94336 bytes,     503696 total
- age   3:     304048 bytes,     807744 total
 17367K->11161K(24716K), 0.0013035 secs]
57.270: [GC
Desired survivor size 557056 bytes, new threshold 2 (max 15)
- age   1:     416648 bytes,     416648 total
- age   2:     356544 bytes,     773192 total
- age   3:      94336 bytes,     867528 total
 17651K->11460K(24716K), 0.0015044 secs]
57.276: [GC
Desired survivor size 557056 bytes, new threshold 15 (max 15)
- age   1:      92400 bytes,      92400 total
- age   2:     391704 bytes,     484104 total
 17987K->11532K(24716K), 0.0016119 secs]
57.284: [GC
Desired survivor size 557056 bytes, new threshold 3 (max 15)
- age   1:     363288 bytes,     363288 total
- age   2:      34456 bytes,     397744 total
- age   3:     391704 bytes,     789448 total
 18055K->11828K(24716K), 0.0014350 secs]
57.290: [GC
Desired survivor size 557056 bytes, new threshold 15 (max 15)
- age   1:      53968 bytes,      53968 total
- age   2:     330592 bytes,     384560 total
- age   3:      34456 bytes,     419016 total
 18348K->11848K(24716K), 0.0012713 secs]
57.296: [GC
Desired survivor size 557056 bytes, new threshold 15 (max 15)
- age   1:     127776 bytes,     127776 total
- age   2:      47728 bytes,     175504 total
- age   3:     330592 bytes,     506096 total
- age   4:      34456 bytes,     540552 total
 18362K->11967K(24716K), 0.0010379 secs]
57.303: [GC
Desired survivor size 557056 bytes, new threshold 15 (max 15)
- age   1:      66440 bytes,      66440 total
- age   2:      16000 bytes,      82440 total
- age   3:      47728 bytes,     130168 total
- age   4:     330592 bytes,     460760 total
- age   5:      34456 bytes,     495216 total
 18420K->11921K(24716K), 0.0009621 secs]
57.309: [GC
Desired survivor size 557056 bytes, new threshold 1 (max 15)
- age   1:     597312 bytes,     597312 total
- age   2:       7952 bytes,     605264 total
- age   3:      16000 bytes,     621264 total
- age   4:      47728 bytes,     668992 total
- age   5:     330592 bytes,     999584 total
- age   6:      34456 bytes,    1034040 total
 18443K->12453K(24716K), 0.0014705 secs]
57.315: [GC
Desired survivor size 557056 bytes, new threshold 15 (max 15)
- age   1:     244024 bytes,     244024 total
 18952K->12589K(24716K), 0.0017370 secs]
57.322: [GC
Desired survivor size 557056 bytes, new threshold 1 (max 15)
- age   1:     679696 bytes,     679696 total
- age   2:     143904 bytes,     823600 total
 19107K->13144K(24716K), 0.0011486 secs]
57.329: [GC
Desired survivor size 557056 bytes, new threshold 1 (max 15)
- age   1:     682368 bytes,     682368 total
 19645K->13663K(24716K), 0.0015828 secs]
57.334: [GC
Desired survivor size 557056 bytes, new threshold 15 (max 15)
- age   1:     359616 bytes,     359616 total
 20155K->13957K(24716K), 0.0014168 secs]
57.341: [GC
Desired survivor size 557056 bytes, new threshold 15 (max 15)
- age   1:     223168 bytes,     223168 total
- age   2:     322976 bytes,     546144 total
 20485K->14140K(24716K), 0.0009885 secs]
57.346: [GC
Desired survivor size 557056 bytes, new threshold 2 (max 15)
- age   1:     489288 bytes,     489288 total
- age   2:     138424 bytes,     627712 total
- age   3:     127200 bytes,     754912 total
 20663K->14344K(24716K), 0.0010461 secs]
57.352: [GC
Desired survivor size 557056 bytes, new threshold 2 (max 15)
- age   1:     261936 bytes,     261936 total
- age   2:     353136 bytes,     615072 total
 20804K->14471K(24716K), 0.0012497 secs]
57.359: [GC
Desired survivor size 557056 bytes, new threshold 15 (max 15)
- age   1:     215048 bytes,     215048 total
- age   2:     131128 bytes,     346176 total
 20978K->14559K(24716K), 0.0011564 secs]
57.364: [GC
Desired survivor size 557056 bytes, new threshold 3 (max 15)
- age   1:     290592 bytes,     290592 total
- age   2:     150816 bytes,     441408 total
- age   3:     131128 bytes,     572536 total
 21070K->14780K(24716K), 0.0012464 secs]
57.369: [GC
Desired survivor size 557056 bytes, new threshold 15 (max 15)
- age   1:     229808 bytes,     229808 total
- age   2:     158872 bytes,     388680 total
- age   3:     150816 bytes,     539496 total
 21245K->14876K(24716K), 0.0014150 secs]
57.376: [GC
Desired survivor size 557056 bytes, new threshold 4 (max 15)
- age   1:     207120 bytes,     207120 total
- age   2:     162320 bytes,     369440 total
- age   3:     158872 bytes,     528312 total
- age   4:     150816 bytes,     679128 total
 21334K->15012K(24716K), 0.0010997 secs]
57.382: [GC
Desired survivor size 557056 bytes, new threshold 15 (max 15)
- age   1:      79224 bytes,      79224 total
- age   2:      46216 bytes,     125440 total
- age   3:     162320 bytes,     287760 total
- age   4:     158872 bytes,     446632 total
 21513K->14931K(24716K), 0.0010580 secs]
57.388: [GC
Desired survivor size 557056 bytes, new threshold 4 (max 15)
- age   1:     406816 bytes,     406816 total
- age   2:       4408 bytes,     411224 total
- age   3:      46216 bytes,     457440 total
- age   4:     162320 bytes,     619760 total
- age   5:     158872 bytes,     778632 total
 21450K->15255K(24716K), 0.0011240 secs]
57.394: [GC
Desired survivor size 557056 bytes, new threshold 15 (max 15)
- age   1:     112888 bytes,     112888 total
- age   2:     239256 bytes,     352144 total
- age   3:       4408 bytes,     356552 total
- age   4:      46216 bytes,     402768 total
 21783K->15203K(24716K), 0.0014680 secs]
57.401: [GC
Desired survivor size 557056 bytes, new threshold 3 (max 15)
- age   1:     387584 bytes,     387584 total
- age   2:      78072 bytes,     465656 total
- age   3:     122464 bytes,     588120 total
- age   4:       4408 bytes,     592528 total
- age   5:      46216 bytes,     638744 total
 21692K->15435K(24716K), 0.0009392 secs]
57.406: [GC
Desired survivor size 557056 bytes, new threshold 15 (max 15)
- age   1:      89128 bytes,      89128 total
- age   2:     203984 bytes,     293112 total
- age   3:      78072 bytes,     371184 total
 21948K->15344K(24716K), 0.0011399 secs]
57.411: [GC
Desired survivor size 557056 bytes, new threshold 15 (max 15)
- age   1:     265392 bytes,     265392 total
- age   2:      63408 bytes,     328800 total
- age   3:     181456 bytes,     510256 total
 21827K->15477K(24716K), 0.0009294 secs]
57.416: [GC
Desired survivor size 557056 bytes, new threshold 15 (max 15)
- age   1:      89424 bytes,      89424 total
- age   2:     156528 bytes,     245952 total
- age   3:      63408 bytes,     309360 total
- age   4:     181456 bytes,     490816 total
 21994K->15457K(24716K), 0.0009711 secs]
57.421: [GC
Desired survivor size 557056 bytes, new threshold 2 (max 15)
- age   1:     548160 bytes,     548160 total
- age   2:      57936 bytes,     606096 total
- age   3:     156528 bytes,     762624 total
- age   4:      63408 bytes,     826032 total
- age   5:     181456 bytes,    1007488 total
 21956K->15962K(24716K), 0.0014986 secs]
57.426: [GC
Desired survivor size 557056 bytes, new threshold 2 (max 15)
- age   1:     494720 bytes,     494720 total
- age   2:     514120 bytes,    1008840 total
 22490K->16358K(24716K), 0.0017575 secs]
57.433: [GC
Desired survivor size 557056 bytes, new threshold 1 (max 15)
- age   1:     686256 bytes,     686256 total
- age   2:     264200 bytes,     950456 total
 22881K->16562K(24716K), 0.0015893 secs]
57.440: [GC
Desired survivor size 557056 bytes, new threshold 15 (max 15)
- age   1:     195432 bytes,     195432 total
 23076K->16450K(24716K), 0.0012369 secs]
57.448: [GC
Desired survivor size 557056 bytes, new threshold 15 (max 15)
- age   1:     412224 bytes,     412224 total
- age   2:     133584 bytes,     545808 total
 22962K->16793K(24716K), 0.0018453 secs]
57.455: [GC
Desired survivor size 557056 bytes, new threshold 3 (max 15)
- age   1:     160360 bytes,     160360 total
- age   2:     336976 bytes,     497336 total
- age   3:     133472 bytes,     630808 total
 23316K->16875K(24716K), 0.0015019 secs]
57.460: [GC
Desired survivor size 557056 bytes, new threshold 15 (max 15)
- age   1:     101872 bytes,     101872 total
- age   2:     149392 bytes,     251264 total
- age   3:     210392 bytes,     461656 total
 23393K->16721K(24716K), 0.0009454 secs]
57.465: [GC
Desired survivor size 557056 bytes, new threshold 1 (max 15)
- age   1:     574312 bytes,     574312 total
- age   2:      17576 bytes,     591888 total
- age   3:     149392 bytes,     741280 total
- age   4:     210392 bytes,     951672 total
 23211K->17200K(24716K), 0.0015149 secs]
57.471: [GC
Desired survivor size 557056 bytes, new threshold 1 (max 15)
- age   1:     589776 bytes,     589776 total
 23720K->17396K(24716K), 0.0021250 secs]
57.479: [GC
Desired survivor size 557056 bytes, new threshold 15 (max 15)
- age   1:     527160 bytes,     527160 total
 23883K->17421K(24716K), 0.0010071 secs]
57.485: [GC
Desired survivor size 557056 bytes, new threshold 2 (max 15)
- age   1:     339184 bytes,     339184 total
- age   2:     305952 bytes,     645136 total
 23945K->17536K(24716K), 0.0011143 secs]
57.493: [GC
Desired survivor size 557056 bytes, new threshold 2 (max 15)
- age   1:     439560 bytes,     439560 total
- age   2:     217160 bytes,     656720 total
 24058K->17713K(24716K), 0.0021254 secs]
57.500: [GC
Desired survivor size 557056 bytes, new threshold 1 (max 15)
- age   1:     642400 bytes,     642400 total
- age   2:     358864 bytes,    1001264 total
 24236K->18062K(24716K), 0.0012722 secs]
57.505: [GC
Desired survivor size 557056 bytes, new threshold 15 (max 15)
- age   1:      95680 bytes,      95680 total
 24581K->17919K(25484K), 0.0014113 secs]
57.507: [Full GC 17919K->8580K(25484K), 0.0704064 secs]
57.582: [GC
Desired survivor size 557056 bytes, new threshold 15 (max 15)
- age   1:     511888 bytes,     511888 total
 15098K->9081K(24716K), 0.0010958 secs]
57.587: [GC
Desired survivor size 557056 bytes, new threshold 2 (max 15)
- age   1:     467928 bytes,     467928 total
- age   2:     432824 bytes,     900752 total
 15586K->9463K(24716K), 0.0012984 secs]
57.593: [GC
Desired survivor size 557056 bytes, new threshold 15 (max 15)
- age   1:     192056 bytes,     192056 total
- age   2:     247872 bytes,     439928 total
 15955K->9444K(24716K), 0.0012324 secs]
57.599: [GC
Desired survivor size 557056 bytes, new threshold 15 (max 15)
- age   1:     186472 bytes,     186472 total
- age   2:     102264 bytes,     288736 total
- age   3:     247872 bytes,     536608 total
 15949K->9538K(24716K), 0.0008198 secs]
57.603: [GC
Desired survivor size 557056 bytes, new threshold 4 (max 15)
- age   1:     210960 bytes,     210960 total
- age   2:     139232 bytes,     350192 total
- age   3:     102264 bytes,     452456 total
- age   4:     247872 bytes,     700328 total
 16055K->9698K(24716K), 0.0011360 secs]
57.609: [GC
Desired survivor size 557056 bytes, new threshold 4 (max 15)
- age   1:     244256 bytes,     244256 total
- age   2:     159712 bytes,     403968 total
- age   3:     139232 bytes,     543200 total
- age   4:     102264 bytes,     645464 total
 16167K->9895K(24716K), 0.0011988 secs]
57.614: [GC
Desired survivor size 557056 bytes, new threshold 15 (max 15)
- age   1:     186896 bytes,     186896 total
- age   2:      46168 bytes,     233064 total
- age   4:     139232 bytes,     372296 total
 16401K->9728K(24716K), 0.0009178 secs]
57.619: [GC
Desired survivor size 557056 bytes, new threshold 15 (max 15)
- age   1:      88808 bytes,      88808 total
- age   2:     134800 bytes,     223608 total
- age   3:      46168 bytes,     269776 total
- age   5:     107656 bytes,     377432 total
 16239K->9732K(24716K), 0.0009160 secs]
57.624: [GC
Desired survivor size 557056 bytes, new threshold 15 (max 15)
- age   1:     213592 bytes,     213592 total
- age   2:      34568 bytes,     248160 total
- age   3:     134800 bytes,     382960 total
- age   4:      46168 bytes,     429128 total
- age   6:     107656 bytes,     536784 total
 16238K->9888K(24716K), 0.0012235 secs]
57.630: [GC
Desired survivor size 557056 bytes, new threshold 5 (max 15)
- age   1:     273144 bytes,     273144 total
- age   2:     107504 bytes,     380648 total
- age   3:      34568 bytes,     415216 total
- age   4:     134800 bytes,     550016 total
- age   5:      46168 bytes,     596184 total
- age   7:     107656 bytes,     703840 total
 16404K->10051K(24716K), 0.0014030 secs]
57.635: [GC
Desired survivor size 557056 bytes, new threshold 15 (max 15)
- age   1:     140416 bytes,     140416 total
- age   2:      80256 bytes,     220672 total
- age   3:     107504 bytes,     328176 total
- age   4:      34568 bytes,     362744 total
- age   5:     134800 bytes,     497544 total
 16500K->10000K(24716K), 0.0011393 secs]
57.640: [GC
Desired survivor size 557056 bytes, new threshold 6 (max 15)
- age   1:     226960 bytes,     226960 total
- age   2:      57312 bytes,     284272 total
- age   3:      80256 bytes,     364528 total
- age   4:     107504 bytes,     472032 total
- age   5:      34568 bytes,     506600 total
- age   6:     134800 bytes,     641400 total
 16498K->10140K(24716K), 0.0010924 secs]
57.645: [GC
Desired survivor size 557056 bytes, new threshold 5 (max 15)
- age   1:     248800 bytes,     248800 total
- age   2:     154320 bytes,     403120 total
- age   3:      57312 bytes,     460432 total
- age   4:      80256 bytes,     540688 total
- age   5:      51136 bytes,     591824 total
- age   6:      34568 bytes,     626392 total
 16609K->10257K(24716K), 0.0020089 secs]
57.652: [GC
Desired survivor size 557056 bytes, new threshold 3 (max 15)
- age   1:     433192 bytes,     433192 total
- age   3:     154320 bytes,     587512 total
- age   4:      57312 bytes,     644824 total
- age   5:      80256 bytes,     725080 total
 16761K->10437K(24716K), 0.0013690 secs]
57.657: [GC
Desired survivor size 557056 bytes, new threshold 2 (max 15)
- age   1:     444528 bytes,     444528 total
- age   2:     345472 bytes,     790000 total
 16951K->10786K(24716K), 0.0013596 secs]
57.663: [GC
Desired survivor size 557056 bytes, new threshold 15 (max 15)
- age   1:     263976 bytes,     263976 total
- age   2:     184920 bytes,     448896 total
 17261K->10790K(24716K), 0.0012303 secs]
57.668: [GC
Desired survivor size 557056 bytes, new threshold 2 (max 15)
- age   1:     450000 bytes,     450000 total
- age   2:     134952 bytes,     584952 total
- age   3:     184920 bytes,     769872 total
 17314K->11103K(24716K), 0.0013365 secs]
57.674: [GC
Desired survivor size 557056 bytes, new threshold 15 (max 15)
- age   1:      93320 bytes,      93320 total
- age   2:     232704 bytes,     326024 total
 17610K->10980K(24716K), 0.0013629 secs]
57.679: [GC
Desired survivor size 557056 bytes, new threshold 15 (max 15)
- age   1:     285136 bytes,     285136 total
- age   2:      26400 bytes,     311536 total
- age   3:     232704 bytes,     544240 total
 17463K->11195K(24716K), 0.0010224 secs]
57.684: [GC
Desired survivor size 557056 bytes, new threshold 2 (max 15)
- age   1:     463856 bytes,     463856 total
- age   2:     148976 bytes,     612832 total
- age   3:      26400 bytes,     639232 total
- age   4:     232704 bytes,     871936 total
 17704K->11515K(24716K), 0.0013757 secs]
57.693: [GC
Desired survivor size 557056 bytes, new threshold 15 (max 15)
- age   1:     284600 bytes,     284600 total
- age   2:     170008 bytes,     454608 total
 18002K->11437K(24716K), 0.0011535 secs]
57.699: [GC
Desired survivor size 557056 bytes, new threshold 15 (max 15)
- age   1:     273552 bytes,     273552 total
- age   2:      54504 bytes,     328056 total
- age   3:     170008 bytes,     498064 total
 17916K->11479K(24716K), 0.0009685 secs]
57.704: [GC
Desired survivor size 557056 bytes, new threshold 15 (max 15)
- age   1:      87632 bytes,      87632 total
- age   2:     219032 bytes,     306664 total
- age   3:        704 bytes,     307368 total
- age   4:     170008 bytes,     477376 total
 18005K->11459K(24716K), 0.0009924 secs]
57.709: [GC
Desired survivor size 557056 bytes, new threshold 15 (max 15)
- age   1:     193952 bytes,     193952 total
- age   2:      30824 bytes,     224776 total
- age   5:     170008 bytes,     394784 total
 17985K->11378K(24716K), 0.0009405 secs]
57.715: [GC
Desired survivor size 557056 bytes, new threshold 15 (max 15)
- age   1:      66936 bytes,      66936 total
- age   2:      76672 bytes,     143608 total
- age   3:      30824 bytes,     174432 total
- age   6:     170008 bytes,     344440 total
 17906K->11328K(24716K), 0.0009224 secs]
57.720: [GC
Desired survivor size 557056 bytes, new threshold 15 (max 15)
- age   1:     191848 bytes,     191848 total
- age   2:       4928 bytes,     196776 total
- age   3:      76672 bytes,     273448 total
- age   4:      30824 bytes,     304272 total
- age   7:     170008 bytes,     474280 total
 17836K->11456K(24716K), 0.0008881 secs]
57.727: [GC
Desired survivor size 557056 bytes, new threshold 1 (max 15)
- age   1:     563280 bytes,     563280 total
- age   2:     160344 bytes,     723624 total
- age   3:       4928 bytes,     728552 total
- age   4:        760 bytes,     729312 total
- age   5:      30824 bytes,     760136 total
- age   8:     170008 bytes,     930144 total
 17980K->11900K(24716K), 0.0011977 secs]
57.732: [GC
Desired survivor size 557056 bytes, new threshold 15 (max 15)
- age   1:     147784 bytes,     147784 total
 18422K->11700K(24716K), 0.0012007 secs]
57.738: [GC
Desired survivor size 557056 bytes, new threshold 15 (max 15)
- age   1:     435120 bytes,     435120 total
- age   2:      78720 bytes,     513840 total
 18169K->12056K(24716K), 0.0008113 secs]
57.743: [GC
Desired survivor size 557056 bytes, new threshold 3 (max 15)
- age   1:     223616 bytes,     223616 total
- age   2:     288488 bytes,     512104 total
- age   3:      78720 bytes,     590824 total
 18536K->12131K(24716K), 0.0010976 secs]
57.748: [GC
Desired survivor size 557056 bytes, new threshold 1 (max 15)
- age   1:     679456 bytes,     679456 total
- age   2:     145344 bytes,     824800 total
- age   3:     220136 bytes,    1044936 total
 18642K->12718K(24716K), 0.0019551 secs]
57.756: [GC
Desired survivor size 557056 bytes, new threshold 15 (max 15)
- age   1:     204488 bytes,     204488 total
 19218K->12778K(24716K), 0.0013625 secs]
57.761: [GC
Desired survivor size 557056 bytes, new threshold 15 (max 15)
- age   1:     101328 bytes,     101328 total
- age   2:      84720 bytes,     186048 total
 19248K->12760K(24716K), 0.0006951 secs]
57.766: [GC
Desired survivor size 557056 bytes, new threshold 15 (max 15)
- age   1:     248440 bytes,     248440 total
- age   2:      62104 bytes,     310544 total
- age   3:      84720 bytes,     395264 total
 19277K->12964K(24716K), 0.0009555 secs]
57.771: [GC
Desired survivor size 557056 bytes, new threshold 1 (max 15)
- age   1:     568808 bytes,     568808 total
- age   2:     108760 bytes,     677568 total
- age   3:      62104 bytes,     739672 total
 19492K->13300K(24716K), 0.0013202 secs]
57.777: [GC
Desired survivor size 557056 bytes, new threshold 15 (max 15)
- age   1:     293920 bytes,     293920 total
 19807K->13255K(24716K), 0.0012909 secs]
57.783: [GC
Desired survivor size 557056 bytes, new threshold 1 (max 15)
- age   1:     597632 bytes,     597632 total
- age   2:     229400 bytes,     827032 total
 19659K->13777K(24716K), 0.0011535 secs]
57.789: [GC
Desired survivor size 557056 bytes, new threshold 1 (max 15)
- age   1:     618784 bytes,     618784 total
 20252K->14096K(24716K), 0.0014822 secs]
57.796: [GC
Desired survivor size 557056 bytes, new threshold 1 (max 15)
- age   1:     635096 bytes,     635096 total
 20617K->14423K(24716K), 0.0013979 secs]
57.802: [GC
Desired survivor size 557056 bytes, new threshold 15 (max 15)
- age   1:     161704 bytes,     161704 total
 20921K->14442K(24716K), 0.0010580 secs]
57.808: [GC
Desired survivor size 557056 bytes, new threshold 15 (max 15)
- age   1:     241904 bytes,     241904 total
- age   2:      77984 bytes,     319888 total
 20935K->14598K(24716K), 0.0008177 secs]
57.813: [GC
Desired survivor size 557056 bytes, new threshold 3 (max 15)
- age   1:     534872 bytes,     534872 total
- age   2:         40 bytes,     534912 total
- age   3:      77984 bytes,     612896 total
 21007K->14884K(24716K), 0.0009889 secs]
57.820: [GC
Desired survivor size 557056 bytes, new threshold 1 (max 15)
- age   1:     567880 bytes,     567880 total
- age   2:     201016 bytes,     768896 total
- age   3:         40 bytes,     768936 total
 21377K->15113K(24716K), 0.0011648 secs]
57.826: [GC
Desired survivor size 557056 bytes, new threshold 15 (max 15)
- age   1:      82360 bytes,      82360 total
 21582K->14947K(24716K), 0.0010918 secs]
57.831: [GC
Desired survivor size 557056 bytes, new threshold 15 (max 15)
- age   1:     163848 bytes,     163848 total
- age   2:        832 bytes,     164680 total
 21473K->15027K(24716K), 0.0006593 secs]
57.838: [GC
Desired survivor size 557056 bytes, new threshold 15 (max 15)
- age   1:     195208 bytes,     195208 total
- age   2:      83024 bytes,     278232 total
- age   3:        832 bytes,     279064 total
 21520K->15139K(24716K), 0.0009518 secs]
57.844: [GC
Desired survivor size 557056 bytes, new threshold 3 (max 15)
- age   1:     432280 bytes,     432280 total
- age   2:     112752 bytes,     545032 total
- age   3:      83024 bytes,     628056 total
 21667K->15480K(24716K), 0.0009702 secs]
57.851: [GC
Desired survivor size 557056 bytes, new threshold 2 (max 15)
- age   1:     142408 bytes,     142408 total
- age   2:     431872 bytes,     574280 total
- age   3:     112752 bytes,     687032 total
 22008K->15617K(24716K), 0.0012624 secs]
57.856: [GC
Desired survivor size 557056 bytes, new threshold 15 (max 15)
- age   1:     325944 bytes,     325944 total
- age   2:      69200 bytes,     395144 total
 22143K->15572K(24716K), 0.0011234 secs]
57.862: [GC
Desired survivor size 557056 bytes, new threshold 15 (max 15)
- age   1:     350512 bytes,     350512 total
- age   2:      84008 bytes,     434520 total
- age   3:      69200 bytes,     503720 total
 22012K->15680K(24716K), 0.0011003 secs]
57.868: [GC
Desired survivor size 557056 bytes, new threshold 15 (max 15)
- age   1:     264928 bytes,     264928 total
- age   2:      38856 bytes,     303784 total
- age   3:      84008 bytes,     387792 total
- age   4:      69200 bytes,     456992 total
 22191K->15629K(24716K), 0.0016774 secs]
57.874: [GC
Desired survivor size 557056 bytes, new threshold 4 (max 15)
- age   1:     320560 bytes,     320560 total
- age   2:     127864 bytes,     448424 total
- age   3:      38824 bytes,     487248 total
- age   4:      84008 bytes,     571256 total
- age   5:      69200 bytes,     640456 total
 22152K->15808K(24716K), 0.0013656 secs]
57.880: [GC
Desired survivor size 557056 bytes, new threshold 1 (max 15)
- age   1:     579704 bytes,     579704 total
- age   2:     165952 bytes,     745656 total
- age   3:     127864 bytes,     873520 total
- age   4:      38824 bytes,     912344 total
 22271K->16237K(24716K), 0.0013221 secs]
57.887: [GC
Desired survivor size 557056 bytes, new threshold 15 (max 15)
- age   1:     323616 bytes,     323616 total
 22708K->16319K(24716K), 0.0014767 secs]
57.892: [GC
Desired survivor size 557056 bytes, new threshold 15 (max 15)
- age   1:     312488 bytes,     312488 total
 22784K->16308K(24716K), 0.0008105 secs]
57.897: [GC
Desired survivor size 557056 bytes, new threshold 1 (max 15)
- age   1:     816352 bytes,     816352 total
- age   2:     172712 bytes,     989064 total
 22812K->16967K(24716K), 0.0020269 secs]
57.904: [GC
Desired survivor size 557056 bytes, new threshold 15 (max 15)
- age   1:     459176 bytes,     459176 total
 23475K->17197K(24716K), 0.0014147 secs]
57.910: [GC
Desired survivor size 557056 bytes, new threshold 15 (max 15)
- age   1:     230640 bytes,     230640 total
- age   2:     289296 bytes,     519936 total
 23712K->17259K(24716K), 0.0009264 secs]
57.915: [GC
Desired survivor size 557056 bytes, new threshold 3 (max 15)
- age   1:     354000 bytes,     354000 total
- age   3:     246072 bytes,     600072 total
 23735K->17337K(24716K), 0.0010335 secs]
57.921: [GC
Desired survivor size 557056 bytes, new threshold 15 (max 15)
- age   1:     369280 bytes,     369280 total
- age   2:      45240 bytes,     414520 total
 23811K->17396K(24716K), 0.0010783 secs]
57.926: [GC
Desired survivor size 557056 bytes, new threshold 15 (max 15)
- age   1:     232424 bytes,     232424 total
- age   2:     220576 bytes,     453000 total
- age   3:      45240 bytes,     498240 total
 23876K->17478K(24716K), 0.0010864 secs]
57.936: [GC
Desired survivor size 557056 bytes, new threshold 3 (max 15)
- age   1:     387904 bytes,     387904 total
- age   2:     163368 bytes,     551272 total
- age   3:     220576 bytes,     771848 total
- age   4:         56 bytes,     771904 total
 23973K->17744K(24716K), 0.0011096 secs]
57.943: [GC
Desired survivor size 557056 bytes, new threshold 15 (max 15)
- age   1:      55776 bytes,      55776 total
- age   2:     296376 bytes,     352152 total
- age   3:     163368 bytes,     515520 total
 24272K->17709K(24908K), 0.0015888 secs]
57.945: [Full GC 17709K->7802K(24908K), 0.0762265 secs]
58.025: [GC
Desired survivor size 557056 bytes, new threshold 15 (max 15)
- age   1:     303144 bytes,     303144 total
 14300K->8100K(24716K), 0.0013643 secs]
58.033: [GC
Desired survivor size 557056 bytes, new threshold 15 (max 15)
- age   1:     214344 bytes,     214344 total
- age   2:     175992 bytes,     390336 total
 14608K->8187K(24716K), 0.0007972 secs]
58.039: [GC
Desired survivor size 557056 bytes, new threshold 15 (max 15)
- age   1:     253216 bytes,     253216 total
- age   2:       3440 bytes,     256656 total
- age   3:     175992 bytes,     432648 total
 14715K->8227K(24716K), 0.0008192 secs]
58.045: [GC
Desired survivor size 557056 bytes, new threshold 15 (max 15)
- age   1:      96448 bytes,      96448 total
- age   2:     116480 bytes,     212928 total
- age   3:       3328 bytes,     216256 total
- age   4:     175992 bytes,     392248 total
 14748K->8186K(24716K), 0.0007708 secs]
58.050: [GC
Desired survivor size 557056 bytes, new threshold 15 (max 15)
- age   1:     150984 bytes,     150984 total
- age   2:      84408 bytes,     235392 total
- age   3:       3800 bytes,     239192 total
- age   4:       3328 bytes,     242520 total
- age   5:     175992 bytes,     418512 total
 14701K->8219K(24716K), 0.0008478 secs]
58.054: [GC
Desired survivor size 557056 bytes, new threshold 15 (max 15)
- age   1:     148704 bytes,     148704 total
- age   2:      35512 bytes,     184216 total
- age   3:      84408 bytes,     268624 total
- age   4:       3800 bytes,     272424 total
- age   5:       3328 bytes,     275752 total
- age   6:     175992 bytes,     451744 total
 14716K->8248K(24716K), 0.0015962 secs]
58.060: [GC
Desired survivor size 557056 bytes, new threshold 7 (max 15)
- age   1:     178024 bytes,     178024 total
- age   2:     102912 bytes,     280936 total
- age   3:      35512 bytes,     316448 total
- age   4:      84408 bytes,     400856 total
- age   5:       3800 bytes,     404656 total
- age   6:       3328 bytes,     407984 total
- age   7:     175992 bytes,     583976 total
 14760K->8381K(24716K), 0.0010172 secs]
58.065: [GC
Desired survivor size 557056 bytes, new threshold 3 (max 15)
- age   1:     356696 bytes,     356696 total
- age   2:     129560 bytes,     486256 total
- age   3:     102912 bytes,     589168 total
- age   4:      35512 bytes,     624680 total
- age   5:      84408 bytes,     709088 total
- age   6:       3800 bytes,     712888 total
- age   7:       3328 bytes,     716216 total
 14903K->8679K(24716K), 0.0013017 secs]
58.072: [GC
Desired survivor size 557056 bytes, new threshold 1 (max 15)
- age   1:     633152 bytes,     633152 total
- age   2:     272048 bytes,     905200 total
- age   3:     129560 bytes,    1034760 total
 15200K->9225K(24716K), 0.0014374 secs]
58.078: [GC
Desired survivor size 557056 bytes, new threshold 15 (max 15)
- age   1:     251472 bytes,     251472 total
 15734K->8848K(24716K), 0.0014018 secs]
58.084: [GC
Desired survivor size 557056 bytes, new threshold 15 (max 15)
- age   1:     269936 bytes,     269936 total
- age   2:     167736 bytes,     437672 total
 15373K->9022K(24716K), 0.0008531 secs]
58.089: [GC
Desired survivor size 557056 bytes, new threshold 3 (max 15)
- age   1:     313448 bytes,     313448 total
- age   2:     185296 bytes,     498744 total
- age   3:     167736 bytes,     666480 total
 15496K->9245K(24716K), 0.0009375 secs]
58.094: [GC
Desired survivor size 557056 bytes, new threshold 1 (max 15)
- age   1:     646328 bytes,     646328 total
- age   2:     150520 bytes,     796848 total
- age   3:     185296 bytes,     982144 total
 15720K->9717K(24716K), 0.0016731 secs]
58.105: [GC
Desired survivor size 557056 bytes, new threshold 15 (max 15)
- age   1:     291408 bytes,     291408 total
 16151K->9545K(24716K), 0.0011035 secs]
58.111: [GC
Desired survivor size 557056 bytes, new threshold 15 (max 15)
- age   1:     216984 bytes,     216984 total
- age   2:     142664 bytes,     359648 total
 16073K->9610K(24716K), 0.0007274 secs]
58.117: [GC
Desired survivor size 557056 bytes, new threshold 2 (max 15)
- age   1:     504984 bytes,     504984 total
- age   2:     162976 bytes,     667960 total
- age   3:     142664 bytes,     810624 total
 16120K->10053K(24716K), 0.0017531 secs]
58.123: [GC
Desired survivor size 557056 bytes, new threshold 2 (max 15)
- age   1:     341744 bytes,     341744 total
- age   2:     229760 bytes,     571504 total
 16573K->10124K(24716K), 0.0012900 secs]
58.128: [GC
Desired survivor size 557056 bytes, new threshold 1 (max 15)
- age   1:     786840 bytes,     786840 total
- age   2:     145016 bytes,     931856 total
 16635K->10709K(24716K), 0.0017326 secs]
58.134: [GC
Desired survivor size 557056 bytes, new threshold 15 (max 15)
- age   1:     100056 bytes,     100056 total
 17228K->10723K(24716K), 0.0013175 secs]
58.140: [GC
Desired survivor size 557056 bytes, new threshold 15 (max 15)
- age   1:     267696 bytes,     267696 total
- age   2:      92856 bytes,     360552 total
 17249K->10977K(24716K), 0.0008453 secs]
58.145: [GC
Desired survivor size 557056 bytes, new threshold 15 (max 15)
- age   1:     106744 bytes,     106744 total
- age   3:      92896 bytes,     199640 total
 17490K->10822K(24716K), 0.0007577 secs]
58.150: [GC
Desired survivor size 557056 bytes, new threshold 1 (max 15)
- age   1:     993288 bytes,     993288 total
- age   2:      22112 bytes,    1015400 total
- age   4:      92856 bytes,    1108256 total
 17296K->11709K(24716K), 0.0013364 secs]
58.156: [GC
Desired survivor size 557056 bytes, new threshold 15 (max 15)
- age   1:     398680 bytes,     398680 total
 18220K->11551K(24716K), 0.0011626 secs]
58.161: [GC
Desired survivor size 557056 bytes, new threshold 15 (max 15)
- age   1:     379488 bytes,     379488 total
- age   2:         88 bytes,     379576 total
 18053K->11533K(24716K), 0.0007855 secs]
58.170: [GC
Desired survivor size 557056 bytes, new threshold 15 (max 15)
- age   1:     206784 bytes,     206784 total
- age   2:     146000 bytes,     352784 total
- age   3:         88 bytes,     352872 total
 18050K->11504K(24716K), 0.0009934 secs]
58.176: [GC
Desired survivor size 557056 bytes, new threshold 2 (max 15)
- age   1:     397328 bytes,     397328 total
- age   2:     194864 bytes,     592192 total
- age   3:     146000 bytes,     738192 total
- age   4:         88 bytes,     738280 total
 18029K->11882K(24716K), 0.0013383 secs]
58.181: [GC
Desired survivor size 557056 bytes, new threshold 15 (max 15)
- age   1:     164248 bytes,     164248 total
- age   2:     377064 bytes,     541312 total
 18384K->11707K(24716K), 0.0014505 secs]
58.186: [GC
Desired survivor size 557056 bytes, new threshold 15 (max 15)
- age   1:      82352 bytes,      82352 total
- age   2:     139544 bytes,     221896 total
- age   3:     325280 bytes,     547176 total
 18212K->11714K(24716K), 0.0012918 secs]
58.193: [GC
Desired survivor size 557056 bytes, new threshold 4 (max 15)
- age   1:     391648 bytes,     391648 total
- age   2:      28912 bytes,     420560 total
- age   3:      75304 bytes,     495864 total
- age   4:     325280 bytes,     821144 total
 18238K->11981K(24716K), 0.0010563 secs]
58.199: [GC
Desired survivor size 557056 bytes, new threshold 15 (max 15)
- age   1:     195944 bytes,     195944 total
- age   2:     226424 bytes,     422368 total
- age   3:      28912 bytes,     451280 total
- age   4:      75304 bytes,     526584 total
 18491K->12019K(24716K), 0.0010665 secs]
58.205: [GC
Desired survivor size 557056 bytes, new threshold 3 (max 15)
- age   1:     378416 bytes,     378416 total
- age   2:     114248 bytes,     492664 total
- age   3:     226424 bytes,     719088 total
- age   4:      28912 bytes,     748000 total
- age   5:      75304 bytes,     823304 total
 18489K->12307K(24716K), 0.0011834 secs]
58.211: [GC
Desired survivor size 557056 bytes, new threshold 1 (max 15)
- age   1:     596472 bytes,     596472 total
- age   2:     230600 bytes,     827072 total
- age   3:     114248 bytes,     941320 total
 18826K->12746K(24716K), 0.0013849 secs]
58.217: [GC
Desired survivor size 557056 bytes, new threshold 15 (max 15)
- age   1:     243256 bytes,     243256 total
 19208K->12609K(24716K), 0.0016618 secs]
58.228: [GC
Desired survivor size 557056 bytes, new threshold 15 (max 15)
- age   1:     356624 bytes,     356624 total
- age   2:      79376 bytes,     436000 total
 19105K->12795K(24716K), 0.0008590 secs]
58.235: [GC
Desired survivor size 557056 bytes, new threshold 15 (max 15)
- age   1:     110208 bytes,     110208 total
- age   2:     278496 bytes,     388704 total
 19280K->12750K(24716K), 0.0008698 secs]
58.241: [GC
Desired survivor size 557056 bytes, new threshold 1 (max 15)
- age   1:     695056 bytes,     695056 total
- age   2:      29824 bytes,     724880 total
- age   3:     244568 bytes,     969448 total
 19252K->13318K(24716K), 0.0012695 secs]
58.252: [GC
Desired survivor size 557056 bytes, new threshold 15 (max 15)
- age   1:     266760 bytes,     266760 total
 19846K->13315K(24716K), 0.0015436 secs]
58.258: [GC
Desired survivor size 557056 bytes, new threshold 15 (max 15)
- age   1:     165944 bytes,     165944 total
- age   2:     216640 bytes,     382584 total
 19843K->13434K(24716K), 0.0009799 secs]
58.264: [GC
Desired survivor size 557056 bytes, new threshold 2 (max 15)
- age   1:     528616 bytes,     528616 total
- age   2:     146784 bytes,     675400 total
- age   3:      51280 bytes,     726680 total
 19924K->13769K(24716K), 0.0012334 secs]
58.270: [GC
Desired survivor size 557056 bytes, new threshold 2 (max 15)
- age   1:     419648 bytes,     419648 total
- age   2:     251992 bytes,     671640 total
 20282K->13915K(24716K), 0.0014343 secs]
58.276: [GC
Desired survivor size 557056 bytes, new threshold 15 (max 15)
- age   1:     148320 bytes,     148320 total
- age   2:     220808 bytes,     369128 total
 20441K->13853K(24716K), 0.0012370 secs]
58.283: [GC
Desired survivor size 557056 bytes, new threshold 15 (max 15)
- age   1:     143200 bytes,     143200 total
- age   2:      84800 bytes,     228000 total
- age   3:     219768 bytes,     447768 total
 20368K->13929K(24716K), 0.0007777 secs]
58.288: [GC
Desired survivor size 557056 bytes, new threshold 15 (max 15)
- age   1:      77936 bytes,      77936 total
- age   2:       2728 bytes,      80664 total
- age   3:      84800 bytes,     165464 total
- age   4:     219768 bytes,     385232 total
 20435K->13870K(24716K), 0.0009015 secs]
58.294: [GC
Desired survivor size 557056 bytes, new threshold 5 (max 15)
- age   1:     276328 bytes,     276328 total
- age   2:      36720 bytes,     313048 total
- age   3:       1640 bytes,     314688 total
- age   4:      84800 bytes,     399488 total
- age   5:     219768 bytes,     619256 total
 20322K->14096K(24716K), 0.0011211 secs]
58.300: [GC
Desired survivor size 557056 bytes, new threshold 2 (max 15)
- age   1:     468024 bytes,     468024 total
- age   2:     196992 bytes,     665016 total
- age   3:      36720 bytes,     701736 total
- age   4:       1640 bytes,     703376 total
- age   5:      84800 bytes,     788176 total
 20589K->14484K(24716K), 0.0013287 secs]
58.305: [GC
Desired survivor size 557056 bytes, new threshold 15 (max 15)
- age   1:     125584 bytes,     125584 total
- age   2:     383112 bytes,     508696 total
 20971K->14485K(24716K), 0.0012362 secs]
58.311: [GC
Desired survivor size 557056 bytes, new threshold 3 (max 15)
- age   1:     353640 bytes,     353640 total
- age   2:      39224 bytes,     392864 total
- age   3:     359272 bytes,     752136 total
 21005K->14724K(24716K), 0.0011129 secs]
58.316: [GC
Desired survivor size 557056 bytes, new threshold 15 (max 15)
- age   1:      66824 bytes,      66824 total
- age   2:      44704 bytes,     111528 total
- age   3:      39224 bytes,     150752 total
 21248K->14484K(24716K), 0.0010763 secs]
58.327: [GC
Desired survivor size 557056 bytes, new threshold 15 (max 15)
- age   1:      70920 bytes,      70920 total
- age   2:      40232 bytes,     111152 total
- age   3:      29920 bytes,     141072 total
- age   4:      39224 bytes,     180296 total
 20998K->14513K(24716K), 0.0006839 secs]
58.332: [GC
Desired survivor size 557056 bytes, new threshold 15 (max 15)
- age   1:      41496 bytes,      41496 total
- age   2:      39416 bytes,      80912 total
- age   3:      40232 bytes,     121144 total
- age   4:      29920 bytes,     151064 total
- age   5:      39224 bytes,     190288 total
 21041K->14522K(24716K), 0.0007988 secs]
58.338: [GC
Desired survivor size 557056 bytes, new threshold 15 (max 15)
- age   1:     378344 bytes,     378344 total
- age   2:       6344 bytes,     384688 total
- age   3:       3440 bytes,     388128 total
- age   4:      40232 bytes,     428360 total
- age   5:      29920 bytes,     458280 total
 21030K->14786K(24716K), 0.0011173 secs]
58.343: [GC
Desired survivor size 557056 bytes, new threshold 2 (max 15)
- age   1:     347304 bytes,     347304 total
- age   2:     324904 bytes,     672208 total
- age   3:       6344 bytes,     678552 total
- age   4:       3440 bytes,     681992 total
- age   5:      40232 bytes,     722224 total
- age   6:      29920 bytes,     752144 total
 21288K->15077K(24716K), 0.0013254 secs]
58.348: [GC
Desired survivor size 557056 bytes, new threshold 15 (max 15)
- age   1:     286256 bytes,     286256 total
- age   2:     267696 bytes,     553952 total
 21553K->15165K(24716K), 0.0017663 secs]
58.354: [GC
Desired survivor size 557056 bytes, new threshold 3 (max 15)
- age   1:     429488 bytes,     429488 total
- age   3:     267696 bytes,     697184 total
 21659K->15305K(24716K), 0.0012226 secs]
58.360: [GC
Desired survivor size 557056 bytes, new threshold 1 (max 15)
- age   1:     778696 bytes,     778696 total
- age   2:     266120 bytes,    1044816 total
 21820K->15906K(24716K), 0.0016360 secs]
58.366: [GC
Desired survivor size 557056 bytes, new threshold 15 (max 15)
- age   1:     102096 bytes,     102096 total
 22420K->15789K(24716K), 0.0014707 secs]
58.373: [GC
Desired survivor size 557056 bytes, new threshold 15 (max 15)
- age   1:     443272 bytes,     443272 total
- age   2:         40 bytes,     443312 total
 22278K->16122K(24716K), 0.0008216 secs]
58.378: [GC
Desired survivor size 557056 bytes, new threshold 15 (max 15)
- age   1:     339920 bytes,     339920 total
- age   2:     206240 bytes,     546160 total
- age   3:         40 bytes,     546200 total
 22627K->16222K(24716K), 0.0010109 secs]
58.383: [GC
Desired survivor size 557056 bytes, new threshold 3 (max 15)
- age   1:     271232 bytes,     271232 total
- age   2:     158264 bytes,     429496 total
- age   3:     206240 bytes,     635736 total
- age   4:         40 bytes,     635776 total
 22747K->16309K(24716K), 0.0014957 secs]
58.389: [GC
Desired survivor size 557056 bytes, new threshold 15 (max 15)
- age   1:     268016 bytes,     268016 total
- age   2:     117520 bytes,     385536 total
- age   3:     158264 bytes,     543800 total
 22829K->16418K(24716K), 0.0016122 secs]
58.395: [GC
Desired survivor size 557056 bytes, new threshold 15 (max 15)
- age   1:     230592 bytes,     230592 total
- age   3:     116864 bytes,     347456 total
- age   4:     158264 bytes,     505720 total
 22934K->16382K(24716K), 0.0012670 secs]
58.401: [GC
Desired survivor size 557056 bytes, new threshold 15 (max 15)
- age   1:     200456 bytes,     200456 total
- age   2:       5696 bytes,     206152 total
- age   4:     116864 bytes,     323016 total
- age   5:     158264 bytes,     481280 total
 22888K->16358K(24716K), 0.0008537 secs]
58.406: [GC
Desired survivor size 557056 bytes, new threshold 15 (max 15)
- age   1:     250456 bytes,     250456 total
- age   2:      77888 bytes,     328344 total
- age   3:       5696 bytes,     334040 total
- age   5:     116864 bytes,     450904 total
- age   6:      74000 bytes,     524904 total
 22879K->16401K(24716K), 0.0010045 secs]
58.412: [GC
Desired survivor size 557056 bytes, new threshold 1 (max 15)
- age   1:     842272 bytes,     842272 total
- age   2:      29664 bytes,     871936 total
- age   3:      77888 bytes,     949824 total
- age   4:       5696 bytes,     955520 total
- age   6:      59296 bytes,    1014816 total
- age   7:      74000 bytes,    1088816 total
 22926K->17296K(24716K), 0.0016069 secs]
58.418: [GC
Desired survivor size 557056 bytes, new threshold 15 (max 15)
- age   1:     339920 bytes,     339920 total
 23793K->17309K(24716K), 0.0021539 secs]
58.425: [GC
Desired survivor size 557056 bytes, new threshold 15 (max 15)
- age   1:     300848 bytes,     300848 total
 23764K->17270K(24716K), 0.0008010 secs]
58.431: [GC
Desired survivor size 557056 bytes, new threshold 15 (max 15)
- age   1:     223696 bytes,     223696 total
- age   2:      84992 bytes,     308688 total
 23755K->17278K(24716K), 0.0009871 secs]
58.437: [GC
Desired survivor size 557056 bytes, new threshold 3 (max 15)
- age   1:     409704 bytes,     409704 total
- age   2:     129424 bytes,     539128 total
- age   3:      84992 bytes,     624120 total
 23796K->17586K(24716K), 0.0009622 secs]
58.442: [GC
Desired survivor size 557056 bytes, new threshold 15 (max 15)
- age   1:     144400 bytes,     144400 total
- age   2:     296992 bytes,     441392 total
- age   3:      44080 bytes,     485472 total
 24067K->17541K(24716K), 0.0014200 secs]
58.447: [GC
Desired survivor size 557056 bytes, new threshold 3 (max 15)
- age   1:     186312 bytes,     186312 total
- age   2:      86544 bytes,     272856 total
- age   3:     296992 bytes,     569848 total
- age   4:      44080 bytes,     613928 total
 24028K->17667K(24716K), 0.0012224 secs]
58.452: [GC
Desired survivor size 557056 bytes, new threshold 15 (max 15)
- age   1:     122280 bytes,     122280 total
- age   2:      46848 bytes,     169128 total
- age   3:      86544 bytes,     255672 total
 24177K->17650K(25100K), 0.0011587 secs]
58.454: [Full GC 17650K->8468K(25100K), 0.0724149 secs]
58.533: [GC
Desired survivor size 557056 bytes, new threshold 15 (max 15)
- age   1:     233808 bytes,     233808 total
 14996K->8699K(24716K), 0.0006912 secs]
58.538: [GC
Desired survivor size 557056 bytes, new threshold 15 (max 15)
- age   1:      92576 bytes,      92576 total
- age   2:     184112 bytes,     276688 total
 15224K->8741K(24716K), 0.0007886 secs]
58.543: [GC
Desired survivor size 557056 bytes, new threshold 3 (max 15)
- age   1:     463904 bytes,     463904 total
- age   2:      68904 bytes,     532808 total
- age   3:     184112 bytes,     716920 total
 15225K->9170K(24716K), 0.0011923 secs]
58.549: [GC
Desired survivor size 557056 bytes, new threshold 3 (max 15)
- age   1:     234288 bytes,     234288 total
- age   2:     307784 bytes,     542072 total
- age   3:      68856 bytes,     610928 total
 15698K->9259K(24716K), 0.0009230 secs]
58.555: [GC
Desired survivor size 557056 bytes, new threshold 15 (max 15)
- age   1:      73824 bytes,      73824 total
- age   2:     101448 bytes,     175272 total
- age   3:     307784 bytes,     483056 total
 15691K->9202K(24716K), 0.0014093 secs]
58.563: [GC
Desired survivor size 557056 bytes, new threshold 2 (max 15)
- age   1:     551840 bytes,     551840 total
- age   2:       5248 bytes,     557088 total
- age   3:       9320 bytes,     566408 total
- age   4:     307784 bytes,     874192 total
 15710K->9584K(24716K), 0.0015406 secs]
58.570: [GC
Desired survivor size 557056 bytes, new threshold 2 (max 15)
- age   1:     252848 bytes,     252848 total
- age   2:     429136 bytes,     681984 total
 16072K->9705K(24716K), 0.0016490 secs]
58.577: [GC
Desired survivor size 557056 bytes, new threshold 15 (max 15)
- age   1:      62344 bytes,      62344 total
- age   2:     197776 bytes,     260120 total
 16134K->9718K(24716K), 0.0011618 secs]
58.583: [GC
Desired survivor size 557056 bytes, new threshold 3 (max 15)
- age   1:     382784 bytes,     382784 total
- age   2:       3400 bytes,     386184 total
- age   3:     197776 bytes,     583960 total
 16204K->10036K(24716K), 0.0009224 secs]
58.591: [GC
Desired survivor size 557056 bytes, new threshold 2 (max 15)
- age   1:     372232 bytes,     372232 total
- age   2:     293720 bytes,     665952 total
- age   3:       3288 bytes,     669240 total
 16564K->10319K(24716K), 0.0013369 secs]
58.597: [GC
Desired survivor size 557056 bytes, new threshold 1 (max 15)
- age   1:     604320 bytes,     604320 total
- age   2:     372232 bytes,     976552 total
 16825K->10914K(24716K), 0.0020214 secs]
58.603: [GC
Desired survivor size 557056 bytes, new threshold 15 (max 15)
- age   1:     114016 bytes,     114016 total
 17377K->10911K(24716K), 0.0015001 secs]
58.609: [GC
Desired survivor size 557056 bytes, new threshold 15 (max 15)
- age   1:     299944 bytes,     299944 total
- age   2:      53344 bytes,     353288 total
 17379K->11143K(24716K), 0.0008870 secs]
58.615: [GC
Desired survivor size 557056 bytes, new threshold 2 (max 15)
- age   1:     345728 bytes,     345728 total
- age   2:     213520 bytes,     559248 total
- age   3:      53344 bytes,     612592 total
 17632K->11393K(24716K), 0.0014842 secs]
58.633: [GC
Desired survivor size 557056 bytes, new threshold 15 (max 15)
- age   1:      56336 bytes,      56336 total
- age   2:     172144 bytes,     228480 total
 17921K->11281K(24716K), 0.0009222 secs]
58.638: [GC
Desired survivor size 557056 bytes, new threshold 15 (max 15)
- age   1:      89952 bytes,      89952 total
- age   2:      56336 bytes,     146288 total
- age   3:     172144 bytes,     318432 total
 17807K->11376K(24716K), 0.0009732 secs]
58.642: [GC
Desired survivor size 557056 bytes, new threshold 15 (max 15)
- age   1:     251656 bytes,     251656 total
- age   2:      75176 bytes,     326832 total
- age   3:      56336 bytes,     383168 total
- age   4:     172144 bytes,     555312 total
 17903K->11619K(24716K), 0.0019397 secs]
58.649: [GC
Desired survivor size 557056 bytes, new threshold 3 (max 15)
- age   1:     310392 bytes,     310392 total
- age   2:     230728 bytes,     541120 total
- age   3:      75176 bytes,     616296 total
- age   4:      56336 bytes,     672632 total
- age   5:     172144 bytes,     844776 total
 18124K->11902K(24716K), 0.0013448 secs]
58.654: [GC
Desired survivor size 557056 bytes, new threshold 15 (max 15)
- age   1:     103728 bytes,     103728 total
- age   2:      69880 bytes,     173608 total
- age   3:     230728 bytes,     404336 total
 18418K->11764K(24716K), 0.0016333 secs]
58.660: [GC
Desired survivor size 557056 bytes, new threshold 4 (max 15)
- age   1:     217504 bytes,     217504 total
- age   2:      73696 bytes,     291200 total
- age   3:      69880 bytes,     361080 total
- age   4:     230728 bytes,     591808 total
 18288K->11966K(24716K), 0.0011025 secs]
58.665: [GC
Desired survivor size 557056 bytes, new threshold 15 (max 15)
- age   1:     105416 bytes,     105416 total
- age   2:     153960 bytes,     259376 total
- age   3:      73696 bytes,     333072 total
- age   4:      69880 bytes,     402952 total
 18486K->11991K(24716K), 0.0011917 secs]
58.672: [GC
Desired survivor size 557056 bytes, new threshold 15 (max 15)
- age   1:      45376 bytes,      45376 total
- age   2:      68792 bytes,     114168 total
- age   3:     153960 bytes,     268128 total
- age   4:      73696 bytes,     341824 total
- age   5:      69880 bytes,     411704 total
 18458K->11985K(24716K), 0.0009175 secs]
58.678: [GC
Desired survivor size 557056 bytes, new threshold 15 (max 15)
- age   1:     117104 bytes,     117104 total
- age   2:       3024 bytes,     120128 total
- age   3:      68792 bytes,     188920 total
- age   4:     153960 bytes,     342880 total
- age   5:      73696 bytes,     416576 total
- age   6:      69880 bytes,     486456 total
 18513K->12056K(24716K), 0.0009660 secs]
58.683: [GC
Desired survivor size 557056 bytes, new threshold 7 (max 15)
- age   1:     110784 bytes,     110784 total
- age   2:     114800 bytes,     225584 total
- age   3:       3024 bytes,     228608 total
- age   4:      68792 bytes,     297400 total
- age   5:     153960 bytes,     451360 total
- age   6:      73696 bytes,     525056 total
- age   7:      69880 bytes,     594936 total
 18576K->12165K(24716K), 0.0011321 secs]
58.688: [GC
Desired survivor size 557056 bytes, new threshold 7 (max 15)
- age   1:      72392 bytes,      72392 total
- age   2:      95672 bytes,     168064 total
- age   3:     114800 bytes,     282864 total
- age   4:       3024 bytes,     285888 total
- age   5:      68792 bytes,     354680 total
- age   6:     153960 bytes,     508640 total
- age   7:      73696 bytes,     582336 total
 18692K->12219K(24716K), 0.0015334 secs]
58.695: [GC
Desired survivor size 557056 bytes, new threshold 7 (max 15)
- age   1:     141568 bytes,     141568 total
- age   2:      50784 bytes,     192352 total
- age   3:      95672 bytes,     288024 total
- age   4:     114800 bytes,     402824 total
- age   5:       3024 bytes,     405848 total
- age   6:      68792 bytes,     474640 total
- age   7:     153960 bytes,     628600 total
 18743K->12336K(24716K), 0.0016162 secs]
58.701: [GC
Desired survivor size 557056 bytes, new threshold 15 (max 15)
- age   1:     101424 bytes,     101424 total
- age   3:      50784 bytes,     152208 total
- age   4:      95672 bytes,     247880 total
- age   5:     114800 bytes,     362680 total
- age   6:       3024 bytes,     365704 total
- age   7:      68792 bytes,     434496 total
 18856K->12302K(24716K), 0.0013078 secs]
58.706: [GC
Desired survivor size 557056 bytes, new threshold 8 (max 15)
- age   1:     212856 bytes,     212856 total
- age   2:      60176 bytes,     273032 total
- age   4:      50784 bytes,     323816 total
- age   5:      95672 bytes,     419488 total
- age   6:     115080 bytes,     534568 total
- age   7:       3024 bytes,     537592 total
- age   8:      68792 bytes,     606384 total
 18821K->12469K(24716K), 0.0012105 secs]
58.713: [GC
Desired survivor size 557056 bytes, new threshold 7 (max 15)
- age   1:     271096 bytes,     271096 total
- age   2:     126456 bytes,     397552 total
- age   5:      36248 bytes,     433800 total
- age   6:      95672 bytes,     529472 total
- age   7:     114800 bytes,     644272 total
- age   8:       3024 bytes,     647296 total
 18994K->12585K(24716K), 0.0011130 secs]
58.718: [GC
Desired survivor size 557056 bytes, new threshold 3 (max 15)
- age   1:     255432 bytes,     255432 total
- age   2:     184584 bytes,     440016 total
- age   3:     126456 bytes,     566472 total
- age   6:      36248 bytes,     602720 total
- age   7:      46216 bytes,     648936 total
 19073K->12712K(24716K), 0.0010807 secs]
58.725: [GC
Desired survivor size 557056 bytes, new threshold 15 (max 15)
- age   1:     186528 bytes,     186528 total
- age   2:      49360 bytes,     235888 total
- age   3:     140840 bytes,     376728 total
 19171K->12639K(24716K), 0.0010161 secs]
58.730: [GC
Desired survivor size 557056 bytes, new threshold 15 (max 15)
- age   1:     253168 bytes,     253168 total
- age   2:      38864 bytes,     292032 total
- age   3:      49360 bytes,     341392 total
- age   4:     140840 bytes,     482232 total
 19137K->12742K(24716K), 0.0008815 secs]
58.735: [GC
Desired survivor size 557056 bytes, new threshold 15 (max 15)
- age   1:     250928 bytes,     250928 total
- age   2:      16712 bytes,     267640 total
- age   3:      38864 bytes,     306504 total
- age   4:      49360 bytes,     355864 total
- age   5:     140840 bytes,     496704 total
 19257K->12756K(24716K), 0.0009668 secs]
58.740: [GC
Desired survivor size 557056 bytes, new threshold 15 (max 15)
- age   1:     175240 bytes,     175240 total
- age   2:      22856 bytes,     198096 total
- age   3:      16712 bytes,     214808 total
- age   4:      38864 bytes,     253672 total
- age   5:      49360 bytes,     303032 total
- age   6:     140840 bytes,     443872 total
 19262K->12705K(24716K), 0.0009392 secs]
58.745: [GC
Desired survivor size 557056 bytes, new threshold 15 (max 15)
- age   1:     172000 bytes,     172000 total
- age   2:      52416 bytes,     224416 total
- age   3:      22856 bytes,     247272 total
- age   4:      16712 bytes,     263984 total
- age   5:      38864 bytes,     302848 total
- age   6:      49360 bytes,     352208 total
- age   7:     140840 bytes,     493048 total
 19177K->12753K(24716K), 0.0009458 secs]
58.752: [GC
Desired survivor size 557056 bytes, new threshold 8 (max 15)
- age   1:     238920 bytes,     238920 total
- age   2:     117928 bytes,     356848 total
- age   3:      52416 bytes,     409264 total
- age   4:      22856 bytes,     432120 total
- age   5:      16712 bytes,     448832 total
- age   6:      38864 bytes,     487696 total
- age   7:      49360 bytes,     537056 total
- age   8:     140840 bytes,     677896 total
 19281K->12932K(24716K), 0.0010703 secs]
58.758: [GC
Desired survivor size 557056 bytes, new threshold 6 (max 15)
- age   1:     175376 bytes,     175376 total
- age   2:     181720 bytes,     357096 total
- age   3:     117928 bytes,     475024 total
- age   4:      52416 bytes,     527440 total
- age   5:      22856 bytes,     550296 total
- age   6:      16712 bytes,     567008 total
- age   7:      38864 bytes,     605872 total
- age   8:      49360 bytes,     655232 total
 19424K->13049K(24716K), 0.0013764 secs]
58.763: [GC
Desired survivor size 557056 bytes, new threshold 5 (max 15)
- age   1:      93728 bytes,      93728 total
- age   2:     114296 bytes,     208024 total
- age   3:     181720 bytes,     389744 total
- age   4:     117928 bytes,     507672 total
- age   5:      52416 bytes,     560088 total
- age   6:      22856 bytes,     582944 total
 19565K->13079K(24716K), 0.0012455 secs]
58.769: [GC
Desired survivor size 557056 bytes, new threshold 4 (max 15)
- age   1:     288880 bytes,     288880 total
- age   2:      32328 bytes,     321208 total
- age   3:     114096 bytes,     435304 total
- age   4:     181720 bytes,     617024 total
- age   5:     117928 bytes,     734952 total
 19575K->13303K(24716K), 0.0013509 secs]
58.774: [GC
Desired survivor size 557056 bytes, new threshold 4 (max 15)
- age   1:     287960 bytes,     287960 total
- age   2:     147296 bytes,     435256 total
- age   3:      32328 bytes,     467584 total
- age   4:     114096 bytes,     581680 total
 19778K->13453K(24716K), 0.0012756 secs]
58.780: [GC
Desired survivor size 557056 bytes, new threshold 15 (max 15)
- age   1:     225040 bytes,     225040 total
- age   2:     130560 bytes,     355600 total
- age   3:     147296 bytes,     502896 total
- age   4:      32328 bytes,     535224 total
 19974K->13524K(24716K), 0.0011174 secs]
58.785: [GC
Desired survivor size 557056 bytes, new threshold 4 (max 15)
- age   1:     153000 bytes,     153000 total
- age   2:     200472 bytes,     353472 total
- age   3:     130560 bytes,     484032 total
- age   4:     147296 bytes,     631328 total
- age   5:      32328 bytes,     663656 total
 20043K->13648K(24716K), 0.0011703 secs]
58.790: [GC
Desired survivor size 557056 bytes, new threshold 3 (max 15)
- age   1:     356528 bytes,     356528 total
- age   2:      88864 bytes,     445392 total
- age   3:     200472 bytes,     645864 total
- age   4:     130560 bytes,     776424 total
 20164K->13929K(24716K), 0.0017369 secs]
58.797: [GC
Desired survivor size 557056 bytes, new threshold 2 (max 15)
- age   1:     278296 bytes,     278296 total
- age   2:     318256 bytes,     596552 total
- age   3:      88864 bytes,     685416 total
 20444K->14162K(24716K), 0.0013120 secs]
58.803: [GC
Desired survivor size 557056 bytes, new threshold 15 (max 15)
- age   1:      63472 bytes,      63472 total
- age   2:     195488 bytes,     258960 total
 20687K->14145K(24716K), 0.0011372 secs]
58.808: [GC
Desired survivor size 557056 bytes, new threshold 15 (max 15)
- age   1:     253776 bytes,     253776 total
- age   2:      52600 bytes,     306376 total
- age   3:     195488 bytes,     501864 total
 20667K->14380K(24716K), 0.0010614 secs]
58.813: [GC
Desired survivor size 557056 bytes, new threshold 4 (max 15)
- age   1:     209936 bytes,     209936 total
- age   2:     173896 bytes,     383832 total
- age   3:       7416 bytes,     391248 total
- age   4:     195488 bytes,     586736 total
 20895K->14464K(24716K), 0.0010667 secs]
58.818: [GC
Desired survivor size 557056 bytes, new threshold 15 (max 15)
- age   1:     185032 bytes,     185032 total
- age   3:     173896 bytes,     358928 total
- age   4:       7416 bytes,     366344 total
 20969K->14445K(24716K), 0.0011338 secs]
58.824: [GC
Desired survivor size 557056 bytes, new threshold 4 (max 15)
- age   1:     451736 bytes,     451736 total
- age   2:     102288 bytes,     554024 total
- age   4:     173896 bytes,     727920 total
- age   5:       7416 bytes,     735336 total
 20943K->14809K(24716K), 0.0012686 secs]
58.829: [GC
Desired survivor size 557056 bytes, new threshold 2 (max 15)
- age   1:     540560 bytes,     540560 total
- age   2:     121160 bytes,     661720 total
- age   3:     102288 bytes,     764008 total
 21332K->15016K(24716K), 0.0017008 secs]
58.835: [GC
Desired survivor size 557056 bytes, new threshold 2 (max 15)
- age   1:     414312 bytes,     414312 total
- age   2:     309736 bytes,     724048 total
 21540K->15195K(24716K), 0.0013203 secs]
58.841: [GC
Desired survivor size 557056 bytes, new threshold 15 (max 15)
- age   1:     223072 bytes,     223072 total
- age   2:     310824 bytes,     533896 total
 21708K->15070K(24716K), 0.0013524 secs]
58.846: [GC
Desired survivor size 557056 bytes, new threshold 15 (max 15)
- age   1:     123936 bytes,     123936 total
- age   2:      33464 bytes,     157400 total
- age   3:     310824 bytes,     468224 total
 21553K->15006K(24716K), 0.0010193 secs]
58.852: [GC
Desired survivor size 557056 bytes, new threshold 4 (max 15)
- age   1:     179880 bytes,     179880 total
- age   2:      39232 bytes,     219112 total
- age   3:      33464 bytes,     252576 total
- age   4:     310824 bytes,     563400 total
 21516K->15099K(24716K), 0.0011850 secs]
58.857: [GC
Desired survivor size 557056 bytes, new threshold 15 (max 15)
- age   1:     370528 bytes,     370528 total
- age   2:      94536 bytes,     465064 total
- age   3:      39232 bytes,     504296 total
- age   4:      33464 bytes,     537760 total
 21594K->15377K(24716K), 0.0013164 secs]
58.863: [GC
Desired survivor size 557056 bytes, new threshold 2 (max 15)
- age   1:     281216 bytes,     281216 total
- age   2:     303296 bytes,     584512 total
- age   3:      94536 bytes,     679048 total
- age   4:      39232 bytes,     718280 total
- age   5:      33464 bytes,     751744 total
 21894K->15586K(24716K), 0.0012843 secs]
58.868: [GC
Desired survivor size 557056 bytes, new threshold 15 (max 15)
- age   1:     340328 bytes,     340328 total
- age   2:     212640 bytes,     552968 total
 22093K->15859K(24716K), 0.0015580 secs]
58.875: [GC
Desired survivor size 557056 bytes, new threshold 3 (max 15)
- age   1:     285664 bytes,     285664 total
- age   2:     205920 bytes,     491584 total
- age   3:     212640 bytes,     704224 total
 22352K->16005K(24716K), 0.0015694 secs]
58.882: [GC
Desired survivor size 557056 bytes, new threshold 15 (max 15)
- age   1:     231320 bytes,     231320 total
- age   2:      96648 bytes,     327968 total
- age   3:     205920 bytes,     533888 total
 22486K->16048K(24716K), 0.0011005 secs]
58.888: [GC
Desired survivor size 557056 bytes, new threshold 4 (max 15)
- age   1:     341816 bytes,     341816 total
- age   3:      96648 bytes,     438464 total
- age   4:     205920 bytes,     644384 total
 22562K->16156K(24716K), 0.0011082 secs]
58.894: [GC
Desired survivor size 557056 bytes, new threshold 4 (max 15)
- age   1:     392240 bytes,     392240 total
- age   2:      71336 bytes,     463576 total
- age   4:      96648 bytes,     560224 total
 22619K->16273K(24716K), 0.0013191 secs]
58.900: [GC
Desired survivor size 557056 bytes, new threshold 15 (max 15)
- age   1:     308784 bytes,     308784 total
- age   2:     150784 bytes,     459568 total
- age   3:      71336 bytes,     530904 total
 22798K->16339K(24716K), 0.0016223 secs]
58.905: [GC
Desired survivor size 557056 bytes, new threshold 4 (max 15)
- age   1:      84112 bytes,      84112 total
- age   2:     267616 bytes,     351728 total
- age   3:     150784 bytes,     502512 total
- age   4:      71336 bytes,     573848 total
 22849K->16382K(24716K), 0.0010800 secs]
58.911: [GC
Desired survivor size 557056 bytes, new threshold 3 (max 15)
- age   1:     471192 bytes,     471192 total
- age   2:      17120 bytes,     488312 total
- age   3:     267616 bytes,     755928 total
- age   4:     150784 bytes,     906712 total
 22901K->16777K(24716K), 0.0015242 secs]
58.916: [GC
Desired survivor size 557056 bytes, new threshold 2 (max 15)
- age   1:     335192 bytes,     335192 total
- age   2:     313152 bytes,     648344 total
- age   3:      17120 bytes,     665464 total
 23274K->16877K(24716K), 0.0014479 secs]
58.924: [GC
Desired survivor size 557056 bytes, new threshold 15 (max 15)
- age   1:     170888 bytes,     170888 total
- age   2:     219288 bytes,     390176 total
 23361K->16730K(24716K), 0.0009261 secs]
58.928: [GC
Desired survivor size 557056 bytes, new threshold 15 (max 15)
- age   1:     120992 bytes,     120992 total
- age   2:      74168 bytes,     195160 total
- age   3:     151768 bytes,     346928 total
 23233K->16688K(24716K), 0.0008936 secs]
58.933: [GC
Desired survivor size 557056 bytes, new threshold 1 (max 15)
- age   1:     608320 bytes,     608320 total
- age   2:      52416 bytes,     660736 total
- age   3:      74168 bytes,     734904 total
- age   4:     151768 bytes,     886672 total
 23154K->17215K(24716K), 0.0018230 secs]
58.940: [GC
Desired survivor size 557056 bytes, new threshold 15 (max 15)
- age   1:     498912 bytes,     498912 total
 23727K->17241K(24716K), 0.0012691 secs]
58.946: [GC
Desired survivor size 557056 bytes, new threshold 15 (max 15)
- age   1:     129720 bytes,     129720 total
- age   2:     366624 bytes,     496344 total
 23765K->17238K(24716K), 0.0010897 secs]
58.952: [GC
Desired survivor size 557056 bytes, new threshold 15 (max 15)
- age   1:     203712 bytes,     203712 total
- age   2:      75384 bytes,     279096 total
- age   3:     223312 bytes,     502408 total
 23733K->17244K(24716K), 0.0009866 secs]
58.957: [GC
Desired survivor size 557056 bytes, new threshold 4 (max 15)
- age   1:     197776 bytes,     197776 total
- age   2:     147344 bytes,     345120 total
- age   3:      75384 bytes,     420504 total
- age   4:     223280 bytes,     643784 total
 23760K->17382K(24716K), 0.0011074 secs]
58.962: [GC
Desired survivor size 557056 bytes, new threshold 3 (max 15)
- age   1:     316304 bytes,     316304 total
- age   2:     111024 bytes,     427328 total
- age   3:     147344 bytes,     574672 total
- age   4:      75384 bytes,     650056 total
 23897K->17488K(24716K), 0.0016154 secs]
58.968: [GC
Desired survivor size 557056 bytes, new threshold 15 (max 15)
- age   1:     174520 bytes,     174520 total
- age   2:      85808 bytes,     260328 total
- age   3:     111024 bytes,     371352 total
 23987K->17435K(24716K), 0.0011901 secs]
58.973: [GC
Desired survivor size 557056 bytes, new threshold 15 (max 15)
- age   1:     325360 bytes,     325360 total
- age   2:         56 bytes,     325416 total
- age   3:      85808 bytes,     411224 total
- age   4:     111024 bytes,     522248 total
 23909K->17582K(24716K), 0.0011007 secs]
58.980: [GC
Desired survivor size 557056 bytes, new threshold 1 (max 15)
- age   1:     566648 bytes,     566648 total
- age   2:     226272 bytes,     792920 total
- age   3:         56 bytes,     792976 total
- age   4:      85808 bytes,     878784 total
- age   5:     111024 bytes,     989808 total
 24105K->18038K(24716K), 0.0014870 secs]
58.989: [GC
Desired survivor size 557056 bytes, new threshold 15 (max 15)
- age   1:     152744 bytes,     152744 total
 24552K->18091K(25676K), 0.0014188 secs]
58.991: [Full GC 18091K->8982K(25676K), 0.0713765 secs]
59.067: [GC
Desired survivor size 557056 bytes, new threshold 15 (max 15)
- age   1:     507344 bytes,     507344 total
 15497K->9481K(24716K), 0.0012122 secs]
59.072: [GC
Desired survivor size 557056 bytes, new threshold 2 (max 15)
- age   1:     242160 bytes,     242160 total
- age   2:     375624 bytes,     617784 total
 16009K->9589K(24716K), 0.0012298 secs]
59.077: [GC
Desired survivor size 557056 bytes, new threshold 15 (max 15)
- age   1:     167440 bytes,     167440 total
- age   2:     158424 bytes,     325864 total
 16098K->9654K(24716K), 0.0014876 secs]
59.083: [GC
Desired survivor size 557056 bytes, new threshold 15 (max 15)
- age   1:     336832 bytes,     336832 total
- age   2:      57912 bytes,     394744 total
- age   3:      51752 bytes,     446496 total
 16143K->9772K(24716K), 0.0008620 secs]
59.088: [GC
Desired survivor size 557056 bytes, new threshold 15 (max 15)
- age   1:     145272 bytes,     145272 total
- age   2:     169736 bytes,     315008 total
- age   3:      57912 bytes,     372920 total
- age   4:      51752 bytes,     424672 total
 16300K->9750K(24716K), 0.0009904 secs]
59.093: [GC
Desired survivor size 557056 bytes, new threshold 4 (max 15)
- age   1:     301672 bytes,     301672 total
- age   2:      31736 bytes,     333408 total
- age   3:     169736 bytes,     503144 total
- age   4:      57912 bytes,     561056 total
- age   5:      51752 bytes,     612808 total
 16253K->9934K(24716K), 0.0011204 secs]
59.100: [GC
Desired survivor size 557056 bytes, new threshold 4 (max 15)
- age   1:     275768 bytes,     275768 total
- age   2:     168552 bytes,     444320 total
- age   3:        824 bytes,     445144 total
- age   4:     169736 bytes,     614880 total
 16459K->10043K(24716K), 0.0010707 secs]
59.105: [GC
Desired survivor size 557056 bytes, new threshold 15 (max 15)
- age   1:      74904 bytes,      74904 total
- age   2:     143216 bytes,     218120 total
- age   3:     168552 bytes,     386672 total
- age   4:        824 bytes,     387496 total
 16565K->9987K(24716K), 0.0010174 secs]
59.110: [GC
Desired survivor size 557056 bytes, new threshold 1 (max 15)
- age   1:     585272 bytes,     585272 total
- age   2:      33960 bytes,     619232 total
- age   3:     143216 bytes,     762448 total
- age   4:     168552 bytes,     931000 total
- age   5:        824 bytes,     931824 total
 16505K->10518K(24716K), 0.0013626 secs]
59.116: [GC
Desired survivor size 557056 bytes, new threshold 15 (max 15)
- age   1:     109960 bytes,     109960 total
 17045K->10371K(24716K), 0.0015208 secs]
59.122: [GC
Desired survivor size 557056 bytes, new threshold 1 (max 15)
- age   1:     698512 bytes,     698512 total
- age   2:      64152 bytes,     762664 total
 16880K->11008K(24716K), 0.0010350 secs]
59.127: [GC
Desired survivor size 557056 bytes, new threshold 15 (max 15)
- age   1:     271424 bytes,     271424 total
 17526K->10985K(24716K), 0.0014426 secs]
59.132: [GC
Desired survivor size 557056 bytes, new threshold 15 (max 15)
- age   1:     184712 bytes,     184712 total
- age   2:      33352 bytes,     218064 total
 17484K->10933K(24716K), 0.0007140 secs]
59.137: [GC
Desired survivor size 557056 bytes, new threshold 15 (max 15)
- age   1:     481216 bytes,     481216 total
- age   3:      33352 bytes,     514568 total
 17415K->11223K(24716K), 0.0009508 secs]
59.142: [GC
Desired survivor size 557056 bytes, new threshold 2 (max 15)
- age   1:     512456 bytes,     512456 total
- age   2:     227704 bytes,     740160 total
- age   4:      33352 bytes,     773512 total
 17707K->11475K(24716K), 0.0010886 secs]
59.148: [GC
Desired survivor size 557056 bytes, new threshold 2 (max 15)
- age   1:     439520 bytes,     439520 total
- age   2:     397304 bytes,     836824 total
 17991K->11790K(24716K), 0.0017108 secs]
59.154: [GC
Desired survivor size 557056 bytes, new threshold 2 (max 15)
- age   1:     344056 bytes,     344056 total
- age   2:     266800 bytes,     610856 total
 18314K->11805K(24716K), 0.0011210 secs]
59.161: [GC
Desired survivor size 557056 bytes, new threshold 15 (max 15)
- age   1:     127184 bytes,     127184 total
- age   2:     105608 bytes,     232792 total
 18311K->11696K(24716K), 0.0010121 secs]
59.166: [GC
Desired survivor size 557056 bytes, new threshold 15 (max 15)
- age   1:     134088 bytes,     134088 total
- age   2:      53168 bytes,     187256 total
 18210K->11651K(24716K), 0.0007047 secs]
59.171: [GC
Desired survivor size 557056 bytes, new threshold 15 (max 15)
- age   1:     273248 bytes,     273248 total
- age   3:      53168 bytes,     326416 total
 18163K->11787K(24716K), 0.0007880 secs]
59.176: [GC
Desired survivor size 557056 bytes, new threshold 15 (max 15)
- age   1:     330016 bytes,     330016 total
- age   2:     189448 bytes,     519464 total
 18179K->11976K(24716K), 0.0010056 secs]
59.181: [GC
Desired survivor size 557056 bytes, new threshold 15 (max 15)
- age   1:     270136 bytes,     270136 total
- age   3:     189448 bytes,     459584 total
 18492K->11918K(24716K), 0.0009654 secs]
59.186: [GC
Desired survivor size 557056 bytes, new threshold 4 (max 15)
- age   1:     350944 bytes,     350944 total
- age   2:      78272 bytes,     429216 total
- age   4:     189448 bytes,     618664 total
 18433K->12073K(24716K), 0.0009506 secs]
59.192: [GC
Desired survivor size 557056 bytes, new threshold 2 (max 15)
- age   1:     403432 bytes,     403432 total
- age   2:     303424 bytes,     706856 total
- age   3:      78272 bytes,     785128 total
 18574K->12428K(24716K), 0.0013717 secs]
59.198: [GC
Desired survivor size 557056 bytes, new threshold 2 (max 15)
- age   1:     344176 bytes,     344176 total
- age   2:     222000 bytes,     566176 total
 18943K->12585K(24716K), 0.0022501 secs]
59.204: [GC
Desired survivor size 557056 bytes, new threshold 15 (max 15)
- age   1:     271784 bytes,     271784 total
 19101K->12515K(24716K), 0.0009939 secs]
59.209: [GC
Desired survivor size 557056 bytes, new threshold 15 (max 15)
- age   1:     388344 bytes,     388344 total
- age   2:     160536 bytes,     548880 total
 19033K->12787K(24716K), 0.0010740 secs]
59.214: [GC
Desired survivor size 557056 bytes, new threshold 2 (max 15)
- age   1:     475360 bytes,     475360 total
- age   2:     207696 bytes,     683056 total
- age   3:     160536 bytes,     843592 total
 19303K->13075K(24716K), 0.0012923 secs]
59.220: [GC
Desired survivor size 557056 bytes, new threshold 2 (max 15)
- age   1:     368328 bytes,     368328 total
- age   2:     224432 bytes,     592760 total
 19572K->13195K(24716K), 0.0015393 secs]
59.225: [GC
Desired survivor size 557056 bytes, new threshold 15 (max 15)
- age   1:     292864 bytes,     292864 total
- age   2:     114392 bytes,     407256 total
 19674K->13235K(24716K), 0.0010341 secs]
59.230: [GC
Desired survivor size 557056 bytes, new threshold 1 (max 15)
- age   1:     590488 bytes,     590488 total
- age   2:      75288 bytes,     665776 total
- age   3:     114392 bytes,     780168 total
 19729K->13599K(24716K), 0.0011589 secs]
59.237: [GC
Desired survivor size 557056 bytes, new threshold 15 (max 15)
- age   1:     425152 bytes,     425152 total
 20103K->13916K(24716K), 0.0014201 secs]
59.242: [GC
Desired survivor size 557056 bytes, new threshold 1 (max 15)
- age   1:     697848 bytes,     697848 total
- age   2:     336976 bytes,    1034824 total
 20420K->14511K(24716K), 0.0018177 secs]
59.249: [GC
Desired survivor size 557056 bytes, new threshold 15 (max 15)
- age   1:     253456 bytes,     253456 total
 21002K->14509K(24716K), 0.0012228 secs]
59.254: [GC
Desired survivor size 557056 bytes, new threshold 2 (max 15)
- age   1:     488152 bytes,     488152 total
- age   2:     133712 bytes,     621864 total
 20986K->14871K(24716K), 0.0017567 secs]
59.261: [GC
Desired survivor size 557056 bytes, new threshold 2 (max 15)
- age   1:     389896 bytes,     389896 total
- age   2:     336352 bytes,     726248 total
 21399K->14972K(24716K), 0.0010753 secs]
59.266: [GC
Desired survivor size 557056 bytes, new threshold 2 (max 15)
- age   1:     263424 bytes,     263424 total
- age   2:     364264 bytes,     627688 total
 21498K->15083K(24716K), 0.0015413 secs]
59.272: [GC
Desired survivor size 557056 bytes, new threshold 15 (max 15)
- age   1:     247608 bytes,     247608 total
- age   2:     199192 bytes,     446800 total
 21610K->15268K(24716K), 0.0012722 secs]
59.277: [GC
Desired survivor size 557056 bytes, new threshold 1 (max 15)
- age   1:     723992 bytes,     723992 total
- age   2:     168712 bytes,     892704 total
- age   3:     199192 bytes,    1091896 total
 21784K->15898K(24716K), 0.0014108 secs]
59.284: [GC
Desired survivor size 557056 bytes, new threshold 15 (max 15)
- age   1:     499352 bytes,     499352 total
 22406K->16073K(24716K), 0.0014992 secs]
59.289: [GC
Desired survivor size 557056 bytes, new threshold 15 (max 15)
- age   1:     250992 bytes,     250992 total
- age   2:     172408 bytes,     423400 total
 22590K->15999K(24716K), 0.0010946 secs]
59.294: [GC
Desired survivor size 557056 bytes, new threshold 2 (max 15)
- age   1:     498920 bytes,     498920 total
- age   2:     170072 bytes,     668992 total
- age   3:     172408 bytes,     841400 total
 22498K->16409K(24716K), 0.0012479 secs]
59.300: [GC
Desired survivor size 557056 bytes, new threshold 15 (max 15)
- age   1:     222440 bytes,     222440 total
- age   2:     255072 bytes,     477512 total
 22902K->16388K(24716K), 0.0015834 secs]
59.306: [GC
Desired survivor size 557056 bytes, new threshold 15 (max 15)
- age   1:     277608 bytes,     277608 total
- age   3:     255072 bytes,     532680 total
 22901K->16442K(24716K), 0.0010425 secs]
59.311: [GC
Desired survivor size 557056 bytes, new threshold 1 (max 15)
- age   1:     587904 bytes,     587904 total
- age   2:     196080 bytes,     783984 total
- age   4:     255072 bytes,    1039056 total
 22965K->16936K(24716K), 0.0016225 secs]
59.317: [GC
Desired survivor size 557056 bytes, new threshold 15 (max 15)
- age   1:     473752 bytes,     473752 total
 23428K->17078K(24716K), 0.0014892 secs]
59.324: [GC
Desired survivor size 557056 bytes, new threshold 2 (max 15)
- age   1:     517336 bytes,     517336 total
- age   2:     224864 bytes,     742200 total
 23563K->17340K(24716K), 0.0011720 secs]
59.330: [GC
Desired survivor size 557056 bytes, new threshold 15 (max 15)
- age   1:     255840 bytes,     255840 total
- age   2:     147568 bytes,     403408 total
 23842K->17228K(24716K), 0.0012193 secs]
59.335: [GC
Desired survivor size 557056 bytes, new threshold 15 (max 15)
- age   1:     284192 bytes,     284192 total
- age   2:      47304 bytes,     331496 total
- age   3:     147568 bytes,     479064 total
 23713K->17302K(24716K), 0.0009484 secs]
59.340: [GC
Desired survivor size 557056 bytes, new threshold 1 (max 15)
- age   1:     610976 bytes,     610976 total
- age   2:     145032 bytes,     756008 total
- age   3:      47304 bytes,     803312 total
- age   4:     147568 bytes,     950880 total
 23824K->17763K(24716K), 0.0013901 secs]
59.346: [GC
Desired survivor size 557056 bytes, new threshold 15 (max 15)
- age   1:     462352 bytes,     462352 total
 24193K->17799K(25100K), 0.0016003 secs]
59.348: [Full GC 17799K->9492K(25100K), 0.0710865 secs]
59.423: [GC
Desired survivor size 557056 bytes, new threshold 15 (max 15)
- age   1:     485552 bytes,     485552 total
 16005K->9970K(24716K), 0.0009027 secs]
59.428: [GC
Desired survivor size 557056 bytes, new threshold 2 (max 15)
- age   1:     466800 bytes,     466800 total
- age   2:     168280 bytes,     635080 total
 16435K->10116K(24716K), 0.0009262 secs]
59.433: [GC
Desired survivor size 557056 bytes, new threshold 15 (max 15)
- age   1:     133304 bytes,     133304 total
- age   2:     258784 bytes,     392088 total
 16608K->10041K(24716K), 0.0014305 secs]
59.439: [GC
Desired survivor size 557056 bytes, new threshold 15 (max 15)
- age   1:     386824 bytes,     386824 total
 16564K->10038K(24716K), 0.0007581 secs]
59.444: [GC
Desired survivor size 557056 bytes, new threshold 2 (max 15)
- age   1:     514312 bytes,     514312 total
- age   2:     332384 bytes,     846696 total
 16541K->10487K(24716K), 0.0013087 secs]
59.449: [GC
Desired survivor size 557056 bytes, new threshold 2 (max 15)
- age   1:     307376 bytes,     307376 total
- age   2:     399432 bytes,     706808 total
 16986K->10526K(24716K), 0.0011315 secs]
59.456: [GC
Desired survivor size 557056 bytes, new threshold 1 (max 15)
- age   1:    1043216 bytes,    1043216 total
- age   2:      42056 bytes,    1085272 total
 16934K->11510K(24716K), 0.0016107 secs]
59.463: [GC
Desired survivor size 557056 bytes, new threshold 15 (max 15)
- age   1:     285296 bytes,     285296 total
 18023K->11106K(24716K), 0.0011414 secs]
59.469: [GC
Desired survivor size 557056 bytes, new threshold 2 (max 15)
- age   1:     333944 bytes,     333944 total
- age   2:     223520 bytes,     557464 total
 17626K->11372K(24716K), 0.0012599 secs]
59.474: [GC
Desired survivor size 557056 bytes, new threshold 2 (max 15)
- age   1:     470344 bytes,     470344 total
- age   2:     199024 bytes,     669368 total
 17857K->11707K(24716K), 0.0012083 secs]
59.480: [GC
Desired survivor size 557056 bytes, new threshold 2 (max 15)
- age   1:     395544 bytes,     395544 total
- age   2:     419408 bytes,     814952 total
 18200K->12042K(24716K), 0.0014350 secs]
59.486: [GC
Desired survivor size 557056 bytes, new threshold 15 (max 15)
- age   1:     220968 bytes,     220968 total
- age   2:     156608 bytes,     377576 total
 18561K->12023K(24716K), 0.0011625 secs]
59.492: [GC
Desired survivor size 557056 bytes, new threshold 3 (max 15)
- age   1:     412288 bytes,     412288 total
- age   2:       4760 bytes,     417048 total
- age   3:     156608 bytes,     573656 total
 18535K->12217K(24716K), 0.0010327 secs]
59.497: [GC
Desired survivor size 557056 bytes, new threshold 2 (max 15)
- age   1:     520192 bytes,     520192 total
- age   2:     343112 bytes,     863304 total
- age   3:       4760 bytes,     868064 total
 18729K->12655K(24716K), 0.0013497 secs]
59.503: [GC
Desired survivor size 557056 bytes, new threshold 1 (max 15)
- age   1:     692784 bytes,     692784 total
- age   2:     371936 bytes,    1064720 total
 19148K->13192K(24716K), 0.0019334 secs]
59.509: [GC
Desired survivor size 557056 bytes, new threshold 15 (max 15)
- age   1:     218752 bytes,     218752 total
 19700K->13363K(24716K), 0.0018994 secs]
59.515: [GC
Desired survivor size 557056 bytes, new threshold 15 (max 15)
- age   1:     197432 bytes,     197432 total
- age   2:     138624 bytes,     336056 total
 19861K->13479K(24716K), 0.0008472 secs]
59.520: [GC
Desired survivor size 557056 bytes, new threshold 15 (max 15)
- age   1:     149552 bytes,     149552 total
- age   2:      55616 bytes,     205168 total
- age   3:     138624 bytes,     343792 total
 19973K->13487K(24716K), 0.0008486 secs]
59.526: [GC
Desired survivor size 557056 bytes, new threshold 4 (max 15)
- age   1:     396368 bytes,     396368 total
- age   2:      90320 bytes,     486688 total
- age   3:      55616 bytes,     542304 total
- age   4:     138624 bytes,     680928 total
 19984K->13813K(24716K), 0.0021289 secs]
59.534: [GC
Desired survivor size 557056 bytes, new threshold 15 (max 15)
- age   1:     115256 bytes,     115256 total
- age   2:     170784 bytes,     286040 total
- age   3:      90320 bytes,     376360 total
- age   4:      55616 bytes,     431976 total
 20341K->13714K(24716K), 0.0010451 secs]
59.539: [GC
Desired survivor size 557056 bytes, new threshold 3 (max 15)
- age   1:     441568 bytes,     441568 total
- age   2:      64432 bytes,     506000 total
- age   3:     170784 bytes,     676784 total
- age   4:      90320 bytes,     767104 total
- age   5:      55616 bytes,     822720 total
 20211K->14097K(24716K), 0.0015880 secs]
59.545: [GC
Desired survivor size 557056 bytes, new threshold 2 (max 15)
- age   1:     349216 bytes,     349216 total
- age   2:     368560 bytes,     717776 total
- age   3:      64432 bytes,     782208 total
 20565K->14368K(24716K), 0.0020422 secs]
59.552: [GC
Desired survivor size 557056 bytes, new threshold 15 (max 15)
- age   1:     225600 bytes,     225600 total
- age   2:      68248 bytes,     293848 total
 20833K->14306K(24716K), 0.0034195 secs]
59.560: [GC
Desired survivor size 557056 bytes, new threshold 1 (max 15)
- age   1:     859248 bytes,     859248 total
- age   3:      68248 bytes,     927496 total
 20815K->14927K(24716K), 0.0012188 secs]
59.566: [GC
Desired survivor size 557056 bytes, new threshold 15 (max 15)
- age   1:     120576 bytes,     120576 total
 21455K->14938K(24716K), 0.0014448 secs]
59.571: [GC
Desired survivor size 557056 bytes, new threshold 1 (max 15)
- age   1:     675200 bytes,     675200 total
- age   2:       6392 bytes,     681592 total
 21435K->15485K(24716K), 0.0010332 secs]
59.576: [GC
Desired survivor size 557056 bytes, new threshold 15 (max 15)
- age   1:     472232 bytes,     472232 total
 21955K->15699K(24716K), 0.0012670 secs]
59.582: [GC
Desired survivor size 557056 bytes, new threshold 2 (max 15)
- age   1:     486880 bytes,     486880 total
- age   2:     211072 bytes,     697952 total
 22159K->15919K(24716K), 0.0010314 secs]
59.588: [GC
Desired survivor size 557056 bytes, new threshold 15 (max 15)
- age   1:     319160 bytes,     319160 total
- age   2:     133568 bytes,     452728 total
 22401K->15883K(24716K), 0.0010655 secs]
59.594: [GC
Desired survivor size 557056 bytes, new threshold 2 (max 15)
- age   1:     474200 bytes,     474200 total
- age   2:     250096 bytes,     724296 total
 22389K->16151K(24716K), 0.0009637 secs]
59.600: [GC
Desired survivor size 557056 bytes, new threshold 15 (max 15)
- age   1:     272816 bytes,     272816 total
- age   2:     123960 bytes,     396776 total
 22631K->16075K(24716K), 0.0010189 secs]
59.607: [GC
Desired survivor size 557056 bytes, new threshold 15 (max 15)
- age   1:     224760 bytes,     224760 total
- age   2:     141104 bytes,     365864 total
- age   3:     123960 bytes,     489824 total
 22603K->16162K(24716K), 0.0030568 secs]
59.615: [GC
Desired survivor size 557056 bytes, new threshold 2 (max 15)
- age   1:     518936 bytes,     518936 total
- age   2:      88056 bytes,     606992 total
- age   3:     141104 bytes,     748096 total
- age   4:     123960 bytes,     872056 total
 22663K->16537K(24716K), 0.0014250 secs]
59.620: [GC
Desired survivor size 557056 bytes, new threshold 15 (max 15)
- age   1:     148816 bytes,     148816 total
- age   2:     234600 bytes,     383416 total
 22999K->16413K(24716K), 0.0011489 secs]
59.626: [GC
Desired survivor size 557056 bytes, new threshold 15 (max 15)
- age   1:     114856 bytes,     114856 total
- age   2:      77192 bytes,     192048 total
- age   3:     234600 bytes,     426648 total
 22918K->16455K(24716K), 0.0009270 secs]
59.631: [GC
Desired survivor size 557056 bytes, new threshold 4 (max 15)
- age   1:     373848 bytes,     373848 total
- age   2:      97080 bytes,     470928 total
- age   3:      77192 bytes,     548120 total
- age   4:     234600 bytes,     782720 total
 22970K->16803K(24716K), 0.0012230 secs]
59.636: [GC
Desired survivor size 557056 bytes, new threshold 4 (max 15)
- age   1:     322824 bytes,     322824 total
- age   2:     208592 bytes,     531416 total
- age   3:      23288 bytes,     554704 total
- age   4:      77192 bytes,     631896 total
 23263K->16885K(24716K), 0.0013308 secs]
59.642: [GC
Desired survivor size 557056 bytes, new threshold 3 (max 15)
- age   1:     354360 bytes,     354360 total
- age   2:     154832 bytes,     509192 total
- age   3:     208592 bytes,     717784 total
- age   4:      23288 bytes,     741072 total
 23401K->16988K(24716K), 0.0011442 secs]
59.649: [GC
Desired survivor size 557056 bytes, new threshold 2 (max 15)
- age   1:     549512 bytes,     549512 total
- age   2:     267888 bytes,     817400 total
- age   3:     154832 bytes,     972232 total
 23516K->17444K(24716K), 0.0016937 secs]
59.655: [GC
Desired survivor size 557056 bytes, new threshold 15 (max 15)
- age   1:      19560 bytes,      19560 total
- age   2:     283048 bytes,     302608 total
 23958K->17203K(24716K), 0.0016248 secs]
59.664: [GC
Desired survivor size 557056 bytes, new threshold 1 (max 15)
- age   1:     577568 bytes,     577568 total
- age   3:     283048 bytes,     860616 total
 23720K->17753K(24716K), 0.0013678 secs]
59.670: [GC
Desired survivor size 557056 bytes, new threshold 15 (max 15)
- age   1:      35784 bytes,      35784 total
 24277K->17767K(25484K), 0.0013986 secs]
59.671: [Full GC 17767K->8423K(25484K), 0.0709223 secs]
59.747: [GC
Desired survivor size 557056 bytes, new threshold 15 (max 15)
- age   1:     494624 bytes,     494624 total
 14930K->8907K(24716K), 0.0016648 secs]
59.753: [GC
Desired survivor size 557056 bytes, new threshold 2 (max 15)
- age   1:     393208 bytes,     393208 total
- age   2:     352936 bytes,     746144 total
 15435K->9154K(24716K), 0.0009344 secs]
59.760: [GC
Desired survivor size 557056 bytes, new threshold 1 (max 15)
- age   1:     673184 bytes,     673184 total
- age   2:     317952 bytes,     991136 total
 15671K->9746K(24716K), 0.0017744 secs]
59.767: [GC
Desired survivor size 557056 bytes, new threshold 15 (max 15)
- age   1:     338000 bytes,     338000 total
 16274K->9879K(24716K), 0.0013182 secs]
59.772: [GC
Desired survivor size 557056 bytes, new threshold 1 (max 15)
- age   1:     734464 bytes,     734464 total
- age   2:     337920 bytes,    1072384 total
 16342K->10595K(24716K), 0.0013968 secs]
59.779: [GC
Desired survivor size 557056 bytes, new threshold 1 (max 15)
- age   1:     629160 bytes,     629160 total
 17087K->11045K(24716K), 0.0016713 secs]
59.785: [GC
Desired survivor size 557056 bytes, new threshold 15 (max 15)
- age   1:     274944 bytes,     274944 total
 17495K->11231K(24716K), 0.0012342 secs]
59.790: [GC
Desired survivor size 557056 bytes, new threshold 2 (max 15)
- age   1:     388688 bytes,     388688 total
- age   2:     189888 bytes,     578576 total
 17710K->11527K(24716K), 0.0010299 secs]
59.798: [GC
Desired survivor size 557056 bytes, new threshold 15 (max 15)
- age   1:     222904 bytes,     222904 total
- age   2:     302168 bytes,     525072 total
 17984K->11475K(24716K), 0.0014355 secs]
59.805: [GC
Desired survivor size 557056 bytes, new threshold 3 (max 15)
- age   1:     348984 bytes,     348984 total
- age   2:     156528 bytes,     505512 total
- age   3:     302168 bytes,     807680 total
 17991K->11749K(24716K), 0.0013298 secs]
59.812: [GC
Desired survivor size 557056 bytes, new threshold 2 (max 15)
- age   1:     292552 bytes,     292552 total
- age   2:     282512 bytes,     575064 total
- age   3:     156528 bytes,     731592 total
 18257K->11979K(24716K), 0.0014310 secs]
59.818: [GC
Desired survivor size 557056 bytes, new threshold 15 (max 15)
- age   1:      81824 bytes,      81824 total
- age   2:     195864 bytes,     277688 total
 18500K->11967K(24716K), 0.0012123 secs]
59.825: [GC
Desired survivor size 557056 bytes, new threshold 15 (max 15)
- age   1:     294760 bytes,     294760 total
- age   2:      54344 bytes,     349104 total
- age   3:     195864 bytes,     544968 total
 18493K->12229K(24716K), 0.0012381 secs]
59.830: [GC
Desired survivor size 557056 bytes, new threshold 4 (max 15)
- age   1:     241656 bytes,     241656 total
- age   2:     215688 bytes,     457344 total
- age   3:      54344 bytes,     511688 total
- age   4:     195864 bytes,     707552 total
 18748K->12387K(24716K), 0.0010003 secs]
59.836: [GC
Desired survivor size 557056 bytes, new threshold 15 (max 15)
- age   1:     101432 bytes,     101432 total
- age   2:      79768 bytes,     181200 total
- age   3:     215688 bytes,     396888 total
- age   4:      54344 bytes,     451232 total
 18899K->12327K(24716K), 0.0012517 secs]
59.841: [GC
Desired survivor size 557056 bytes, new threshold 15 (max 15)
- age   1:      43792 bytes,      43792 total
- age   2:      88776 bytes,     132568 total
- age   3:      79768 bytes,     212336 total
- age   4:     155680 bytes,     368016 total
- age   5:      54344 bytes,     422360 total
 18842K->12299K(24716K), 0.0010014 secs]
59.847: [GC
Desired survivor size 557056 bytes, new threshold 6 (max 15)
- age   1:     263512 bytes,     263512 total
- age   2:      19312 bytes,     282824 total
- age   3:       6408 bytes,     289232 total
- age   4:      79768 bytes,     369000 total
- age   5:     155680 bytes,     524680 total
- age   6:      54312 bytes,     578992 total
 18778K->12452K(24716K), 0.0022793 secs]
59.855: [GC
Desired survivor size 557056 bytes, new threshold 6 (max 15)
- age   1:     335680 bytes,     335680 total
- age   2:      27992 bytes,     363672 total
- age   3:      19312 bytes,     382984 total
- age   4:       6448 bytes,     389432 total
- age   5:      79768 bytes,     469200 total
- age   6:     155680 bytes,     624880 total
 18925K->12549K(24716K), 0.0009597 secs]
59.861: [GC
Desired survivor size 557056 bytes, new threshold 1 (max 15)
- age   1:     654000 bytes,     654000 total
- age   2:     257808 bytes,     911808 total
- age   3:      27992 bytes,     939800 total
- age   4:      19312 bytes,     959112 total
- age   5:       6376 bytes,     965488 total
- age   6:      39168 bytes,    1004656 total
 19053K->13072K(24716K), 0.0015052 secs]
59.867: [GC
Desired survivor size 557056 bytes, new threshold 15 (max 15)
- age   1:     202688 bytes,     202688 total
 19600K->12848K(24716K), 0.0011779 secs]
59.873: [GC
Desired survivor size 557056 bytes, new threshold 15 (max 15)
- age   1:     404992 bytes,     404992 total
- age   2:      45696 bytes,     450688 total
 19365K->13084K(24716K), 0.0014988 secs]
59.880: [GC
Desired survivor size 557056 bytes, new threshold 15 (max 15)
- age   1:     149616 bytes,     149616 total
- age   2:     245280 bytes,     394896 total
- age   3:      45696 bytes,     440592 total
 19531K->13076K(24716K), 0.0008402 secs]
59.887: [GC
Desired survivor size 557056 bytes, new threshold 15 (max 15)
- age   1:      89232 bytes,      89232 total
- age   2:      81728 bytes,     170960 total
- age   3:     245280 bytes,     416240 total
- age   4:      45696 bytes,     461936 total
 19603K->13094K(24716K), 0.0010589 secs]
59.892: [GC
Desired survivor size 557056 bytes, new threshold 5 (max 15)
- age   1:     119784 bytes,     119784 total
- age   2:      78384 bytes,     198168 total
- age   3:      81728 bytes,     279896 total
- age   4:     245280 bytes,     525176 total
- age   5:      45696 bytes,     570872 total
 19614K->13203K(24716K), 0.0014822 secs]
59.898: [GC
Desired survivor size 557056 bytes, new threshold 5 (max 15)
- age   1:     289888 bytes,     289888 total
- age   2:      85040 bytes,     374928 total
- age   3:      78384 bytes,     453312 total
- age   4:      81696 bytes,     535008 total
- age   5:     245280 bytes,     780288 total
 19728K->13457K(24716K), 0.0018288 secs]
59.905: [GC
Desired survivor size 557056 bytes, new threshold 15 (max 15)
- age   1:     202608 bytes,     202608 total
- age   2:     100544 bytes,     303152 total
- age   3:      85040 bytes,     388192 total
- age   4:      78384 bytes,     466576 total
- age   5:      81696 bytes,     548272 total
 19912K->13472K(24716K), 0.0013840 secs]
59.911: [GC
Desired survivor size 557056 bytes, new threshold 3 (max 15)
- age   1:     421272 bytes,     421272 total
- age   2:      49952 bytes,     471224 total
- age   3:     100544 bytes,     571768 total
- age   5:      78384 bytes,     650152 total
- age   6:      81696 bytes,     731848 total
 19972K->13652K(24716K), 0.0014532 secs]
59.916: [GC
Desired survivor size 557056 bytes, new threshold 15 (max 15)
- age   1:      90232 bytes,      90232 total
- age   2:     390784 bytes,     481016 total
 20177K->13658K(24716K), 0.0016161 secs]
59.923: [GC
Desired survivor size 557056 bytes, new threshold 15 (max 15)
- age   1:     140680 bytes,     140680 total
- age   2:      32928 bytes,     173608 total
- age   3:     169832 bytes,     343440 total
 20184K->13519K(24716K), 0.0008314 secs]
59.928: [GC
Desired survivor size 557056 bytes, new threshold 1 (max 15)
- age   1:     776776 bytes,     776776 total
- age   2:      63568 bytes,     840344 total
- age   3:         32 bytes,     840376 total
- age   4:     169832 bytes,    1010208 total
 20043K->14170K(24716K), 0.0016592 secs]
59.935: [GC
Desired survivor size 557056 bytes, new threshold 15 (max 15)
- age   1:     125640 bytes,     125640 total
 20673K->14234K(24716K), 0.0025448 secs]
59.942: [GC
Desired survivor size 557056 bytes, new threshold 15 (max 15)
- age   1:     308976 bytes,     308976 total
- age   2:      40200 bytes,     349176 total
 20724K->14454K(24716K), 0.0008360 secs]
59.951: [GC
Desired survivor size 557056 bytes, new threshold 2 (max 15)
- age   1:     391984 bytes,     391984 total
- age   2:     222432 bytes,     614416 total
- age   3:      40200 bytes,     654616 total
 20982K->14752K(24716K), 0.0012601 secs]
59.958: [GC
Desired survivor size 557056 bytes, new threshold 15 (max 15)
- age   1:      91568 bytes,      91568 total
- age   2:     391576 bytes,     483144 total
 21280K->14679K(24716K), 0.0010260 secs]
59.963: [GC
Desired survivor size 557056 bytes, new threshold 3 (max 15)
- age   1:     472080 bytes,     472080 total
- age   2:       6864 bytes,     478944 total
- age   3:     235888 bytes,     714832 total
 21177K->14907K(24716K), 0.0015940 secs]
59.970: [GC
Desired survivor size 557056 bytes, new threshold 1 (max 15)
- age   1:     599304 bytes,     599304 total
- age   2:      90312 bytes,     689616 total
- age   3:       6864 bytes,     696480 total
 21430K->15114K(24716K), 0.0015571 secs]
59.980: [GC
Desired survivor size 557056 bytes, new threshold 15 (max 15)
- age   1:     447904 bytes,     447904 total
 21617K->15294K(24716K), 0.0013154 secs]
59.985: [GC
Desired survivor size 557056 bytes, new threshold 15 (max 15)
- age   1:     187152 bytes,     187152 total
- age   2:     264960 bytes,     452112 total
 21780K->15299K(24716K), 0.0009339 secs]
59.991: [GC
Desired survivor size 557056 bytes, new threshold 3 (max 15)
- age   1:     492240 bytes,     492240 total
- age   2:      52336 bytes,     544576 total
- age   3:     264928 bytes,     809504 total
 21799K->15648K(24716K), 0.0010979 secs]
59.996: [GC
Desired survivor size 557056 bytes, new threshold 2 (max 15)
- age   1:     397712 bytes,     397712 total
- age   2:     189032 bytes,     586744 total
 22062K->15697K(24716K), 0.0011944 secs]
60.002: [GC
Desired survivor size 557056 bytes, new threshold 15 (max 15)
- age   1:     157520 bytes,     157520 total
- age   2:     159080 bytes,     316600 total
 22206K->15618K(24716K), 0.0009739 secs]
60.006: [GC
Desired survivor size 557056 bytes, new threshold 15 (max 15)
- age   1:     404704 bytes,     404704 total
- age   2:      72624 bytes,     477328 total
 22027K->15775K(24716K), 0.0009388 secs]
60.013: [GC
Desired survivor size 557056 bytes, new threshold 2 (max 15)
- age   1:     519624 bytes,     519624 total
- age   2:     326832 bytes,     846456 total
 22271K->16132K(24716K), 0.0014712 secs]
60.018: [GC
Desired survivor size 557056 bytes, new threshold 2 (max 15)
- age   1:     408576 bytes,     408576 total
- age   2:     253152 bytes,     661728 total
 22630K->16113K(24716K), 0.0014317 secs]
60.026: [GC
Desired survivor size 557056 bytes, new threshold 15 (max 15)
- age   1:     134976 bytes,     134976 total
- age   2:     214784 bytes,     349760 total
 22604K->15921K(24716K), 0.0009935 secs]
60.031: [GC
Desired survivor size 557056 bytes, new threshold 15 (max 15)
- age   1:     240920 bytes,     240920 total
- age   2:      60544 bytes,     301464 total
- age   3:      54256 bytes,     355720 total
 22449K->15927K(24716K), 0.0010866 secs]
60.038: [GC
Desired survivor size 557056 bytes, new threshold 1 (max 15)
- age   1:     726688 bytes,     726688 total
- age   2:     163424 bytes,     890112 total
- age   3:      60056 bytes,     950168 total
- age   4:      54256 bytes,    1004424 total
 22455K->16713K(24716K), 0.0014458 secs]
60.043: [GC
Desired survivor size 557056 bytes, new threshold 15 (max 15)
- age   1:     189768 bytes,     189768 total
 23233K->16793K(24716K), 0.0017169 secs]
60.050: [GC
Desired survivor size 557056 bytes, new threshold 15 (max 15)
- age   1:     267608 bytes,     267608 total
- age   2:     162312 bytes,     429920 total
 23291K->17029K(24716K), 0.0008398 secs]
60.054: [GC
Desired survivor size 557056 bytes, new threshold 15 (max 15)
- age   1:     101288 bytes,     101288 total
- age   2:     236120 bytes,     337408 total
- age   3:     162312 bytes,     499720 total
 23541K->17097K(24716K), 0.0012722 secs]
60.060: [GC
Desired survivor size 557056 bytes, new threshold 15 (max 15)
- age   1:     166088 bytes,     166088 total
- age   2:      68280 bytes,     234368 total
- age   4:     162312 bytes,     396680 total
 23624K->16994K(24716K), 0.0013003 secs]
60.067: [GC
Desired survivor size 557056 bytes, new threshold 3 (max 15)
- age   1:     462920 bytes,     462920 total
- age   2:      85760 bytes,     548680 total
- age   3:      68000 bytes,     616680 total
- age   5:     162312 bytes,     778992 total
 23426K->17368K(24716K), 0.0013920 secs]
60.073: [GC
Desired survivor size 557056 bytes, new threshold 2 (max 15)
- age   1:     373344 bytes,     373344 total
- age   2:     392840 bytes,     766184 total
- age   3:      85760 bytes,     851944 total
 23845K->17675K(24716K), 0.0015623 secs]
60.080: [GC
Desired survivor size 557056 bytes, new threshold 15 (max 15)
- age   1:     234440 bytes,     234440 total
- age   2:     228120 bytes,     462560 total
 24166K->17680K(24908K), 0.0013812 secs]
60.081: [Full GC 17680K->8967K(24908K), 0.0704796 secs]
60.158: [GC
Desired survivor size 557056 bytes, new threshold 1 (max 15)
- age   1:     730224 bytes,     730224 total
 15487K->9685K(24716K), 0.0009731 secs]
60.163: [GC
Desired survivor size 557056 bytes, new threshold 15 (max 15)
- age   1:     194456 bytes,     194456 total
 16206K->9506K(24716K), 0.0009545 secs]
60.168: [GC
Desired survivor size 557056 bytes, new threshold 15 (max 15)
- age   1:     265224 bytes,     265224 total
- age   2:     112712 bytes,     377936 total
 16027K->9685K(24716K), 0.0008361 secs]
60.172: [GC
Desired survivor size 557056 bytes, new threshold 15 (max 15)
- age   1:     161376 bytes,     161376 total
- age   2:     167392 bytes,     328768 total
- age   3:      33632 bytes,     362400 total
 16182K->9670K(24716K), 0.0010698 secs]
60.178: [GC
Desired survivor size 557056 bytes, new threshold 3 (max 15)
- age   1:     389160 bytes,     389160 total
- age   2:      39232 bytes,     428392 total
- age   3:     167392 bytes,     595784 total
- age   4:      33632 bytes,     629416 total
 16103K->9931K(24716K), 0.0010252 secs]
60.184: [GC
Desired survivor size 557056 bytes, new threshold 2 (max 15)
- age   1:     431864 bytes,     431864 total
- age   2:     255336 bytes,     687200 total
- age   3:      39232 bytes,     726432 total
 16445K->10066K(24716K), 0.0013257 secs]
60.189: [GC
Desired survivor size 557056 bytes, new threshold 2 (max 15)
- age   1:     442672 bytes,     442672 total
- age   2:     162648 bytes,     605320 total
 16589K->10198K(24716K), 0.0012330 secs]
60.196: [GC
Desired survivor size 557056 bytes, new threshold 1 (max 15)
- age   1:     635176 bytes,     635176 total
- age   2:     275840 bytes,     911016 total
 16707K->10654K(24716K), 0.0011735 secs]
60.202: [GC
Desired survivor size 557056 bytes, new threshold 15 (max 15)
- age   1:     105280 bytes,     105280 total
 17182K->10582K(24716K), 0.0012840 secs]
60.207: [GC
Desired survivor size 557056 bytes, new threshold 15 (max 15)
- age   1:     262584 bytes,     262584 total
- age   2:      84160 bytes,     346744 total
 17072K->10818K(24716K), 0.0011193 secs]
60.212: [GC
Desired survivor size 557056 bytes, new threshold 2 (max 15)
- age   1:     514984 bytes,     514984 total
- age   2:     182688 bytes,     697672 total
- age   3:      84160 bytes,     781832 total
 17330K->11243K(24716K), 0.0012869 secs]
60.218: [GC
Desired survivor size 557056 bytes, new threshold 15 (max 15)
- age   1:     251080 bytes,     251080 total
- age   2:     191880 bytes,     442960 total
 17744K->11171K(24716K), 0.0012984 secs]
60.224: [GC
Desired survivor size 557056 bytes, new threshold 1 (max 15)
- age   1:     694360 bytes,     694360 total
- age   2:      85808 bytes,     780168 total
- age   3:     115576 bytes,     895744 total
 17628K->11614K(24716K), 0.0012605 secs]
60.231: [GC
Desired survivor size 557056 bytes, new threshold 15 (max 15)
- age   1:      91208 bytes,      91208 total
 18141K->11544K(24716K), 0.0011618 secs]
60.236: [GC
Desired survivor size 557056 bytes, new threshold 15 (max 15)
- age   1:     212144 bytes,     212144 total
- age   2:       5784 bytes,     217928 total
 18027K->11669K(24716K), 0.0007283 secs]
60.241: [GC
Desired survivor size 557056 bytes, new threshold 1 (max 15)
- age   1:     593272 bytes,     593272 total
- age   2:     125720 bytes,     718992 total
- age   3:       5784 bytes,     724776 total
 18149K->12166K(24716K), 0.0011520 secs]
60.246: [GC
Desired survivor size 557056 bytes, new threshold 15 (max 15)
- age   1:     453880 bytes,     453880 total
 18689K->12297K(24716K), 0.0020510 secs]
60.252: [GC
Desired survivor size 557056 bytes, new threshold 15 (max 15)
- age   1:     284896 bytes,     284896 total
- age   2:      88168 bytes,     373064 total
 18822K->12218K(24716K), 0.0008323 secs]
60.258: [GC
Desired survivor size 557056 bytes, new threshold 2 (max 15)
- age   1:     514240 bytes,     514240 total
- age   2:      58488 bytes,     572728 total
- age   3:      88168 bytes,     660896 total
 18744K->12499K(24716K), 0.0010335 secs]
60.264: [GC
Desired survivor size 557056 bytes, new threshold 2 (max 15)
- age   1:     148224 bytes,     148224 total
- age   2:     429904 bytes,     578128 total
 19024K->12473K(24716K), 0.0013118 secs]
60.269: [GC
Desired survivor size 557056 bytes, new threshold 15 (max 15)
- age   1:     187312 bytes,     187312 total
- age   2:      16168 bytes,     203480 total
 18954K->12527K(24716K), 0.0011783 secs]
60.276: [GC
Desired survivor size 557056 bytes, new threshold 1 (max 15)
- age   1:     717976 bytes,     717976 total
- age   2:      85048 bytes,     803024 total
- age   3:      16168 bytes,     819192 total
 19035K->13128K(24716K), 0.0013795 secs]
60.281: [GC
Desired survivor size 557056 bytes, new threshold 15 (max 15)
- age   1:     180088 bytes,     180088 total
 19627K->13242K(24716K), 0.0014375 secs]
60.286: [GC
Desired survivor size 557056 bytes, new threshold 2 (max 15)
- age   1:     458768 bytes,     458768 total
- age   2:     147920 bytes,     606688 total
 19754K->13660K(24716K), 0.0011091 secs]
60.291: [GC
Desired survivor size 557056 bytes, new threshold 15 (max 15)
- age   1:     105408 bytes,     105408 total
- age   2:     275512 bytes,     380920 total
 20152K->13582K(24716K), 0.0011491 secs]
60.298: [GC
Desired survivor size 557056 bytes, new threshold 1 (max 15)
- age   1:     775048 bytes,     775048 total
- age   2:      43304 bytes,     818352 total
- age   3:     275512 bytes,    1093864 total
 20073K->14327K(24716K), 0.0016600 secs]
60.304: [GC
Desired survivor size 557056 bytes, new threshold 15 (max 15)
- age   1:     328416 bytes,     328416 total
 20844K->14373K(24716K), 0.0015004 secs]
60.309: [GC
Desired survivor size 557056 bytes, new threshold 15 (max 15)
- age   1:     123856 bytes,     123856 total
- age   2:     242384 bytes,     366240 total
 20896K->14410K(24716K), 0.0009632 secs]
60.315: [GC
Desired survivor size 557056 bytes, new threshold 1 (max 15)
- age   1:     695816 bytes,     695816 total
- age   2:      38952 bytes,     734768 total
- age   3:     242384 bytes,     977152 total
 20875K->15006K(24716K), 0.0015409 secs]
60.320: [GC
Desired survivor size 557056 bytes, new threshold 15 (max 15)
- age   1:     380512 bytes,     380512 total
 21509K->15079K(24716K), 0.0015736 secs]
60.326: [GC
Desired survivor size 557056 bytes, new threshold 15 (max 15)
- age   1:     345360 bytes,     345360 total
- age   2:     125456 bytes,     470816 total
 21562K->15167K(24716K), 0.0012093 secs]
60.339: [GC
Desired survivor size 557056 bytes, new threshold 3 (max 15)
- age   1:     364840 bytes,     364840 total
- age   2:     172496 bytes,     537336 total
- age   3:     125456 bytes,     662792 total
 21595K->15353K(24716K), 0.0009545 secs]
60.345: [GC
Desired survivor size 557056 bytes, new threshold 1 (max 15)
- age   1:     651368 bytes,     651368 total
- age   2:     226520 bytes,     877888 total
- age   3:     172496 bytes,    1050384 total
 21877K->15858K(24716K), 0.0027131 secs]
60.352: [GC
Desired survivor size 557056 bytes, new threshold 15 (max 15)
- age   1:     272464 bytes,     272464 total
 22386K->16026K(24716K), 0.0018324 secs]
60.360: [GC
Desired survivor size 557056 bytes, new threshold 15 (max 15)
- age   1:      32080 bytes,      32080 total
- age   2:     256024 bytes,     288104 total
 22554K->16037K(24716K), 0.0011556 secs]
60.366: [GC
Desired survivor size 557056 bytes, new threshold 3 (max 15)
- age   1:     514832 bytes,     514832 total
- age   2:      12920 bytes,     527752 total
- age   3:     256024 bytes,     783776 total
 22552K->16523K(24716K), 0.0011626 secs]
60.371: [GC
Desired survivor size 557056 bytes, new threshold 2 (max 15)
- age   1:     407560 bytes,     407560 total
- age   2:     283096 bytes,     690656 total
- age   3:      12920 bytes,     703576 total
 23046K->16704K(24716K), 0.0013568 secs]
60.378: [GC
Desired survivor size 557056 bytes, new threshold 15 (max 15)
- age   1:     134656 bytes,     134656 total
- age   2:      86424 bytes,     221080 total
 23184K->16514K(24716K), 0.0018281 secs]
60.385: [GC
Desired survivor size 557056 bytes, new threshold 1 (max 15)
- age   1:     732376 bytes,     732376 total
- age   2:       2944 bytes,     735320 total
 22996K->17013K(24716K), 0.0010157 secs]
60.395: [GC
Desired survivor size 557056 bytes, new threshold 15 (max 15)
- age   1:     261000 bytes,     261000 total
 23535K->16973K(24716K), 0.0009651 secs]
60.400: [GC
Desired survivor size 557056 bytes, new threshold 15 (max 15)
- age   1:     199080 bytes,     199080 total
- age   2:     236280 bytes,     435360 total
 23479K->17145K(24716K), 0.0011879 secs]
60.405: [GC
Desired survivor size 557056 bytes, new threshold 15 (max 15)
- age   1:     346984 bytes,     346984 total
- age   2:      84928 bytes,     431912 total
- age   3:      24840 bytes,     456752 total
 23624K->17166K(24716K), 0.0009104 secs]
60.413: [GC
Desired survivor size 557056 bytes, new threshold 15 (max 15)
- age   1:     286088 bytes,     286088 total
- age   2:     176936 bytes,     463024 total
- age   3:      31688 bytes,     494712 total
- age   4:      24136 bytes,     518848 total
 23694K->17226K(24716K), 0.0011360 secs]
60.418: [GC
Desired survivor size 557056 bytes, new threshold 15 (max 15)
- age   1:     178072 bytes,     178072 total
- age   2:     262616 bytes,     440688 total
- age   3:      31576 bytes,     472264 total
- age   4:      31688 bytes,     503952 total
- age   5:      24136 bytes,     528088 total
 23753K->17235K(24716K), 0.0013412 secs]
60.426: [GC
Desired survivor size 557056 bytes, new threshold 15 (max 15)
- age   1:      79104 bytes,      79104 total
- age   2:     102048 bytes,     181152 total
- age   3:       3632 bytes,     184784 total
- age   4:      31576 bytes,     216360 total
- age   5:      31688 bytes,     248048 total
- age   6:      24136 bytes,     272184 total
 23701K->16986K(24716K), 0.0020592 secs]
60.433: [GC
Desired survivor size 557056 bytes, new threshold 15 (max 15)
- age   1:     270120 bytes,     270120 total
- age   3:      26200 bytes,     296320 total
- age   4:       3632 bytes,     299952 total
- age   5:      31576 bytes,     331528 total
- age   6:      31688 bytes,     363216 total
- age   7:      24136 bytes,     387352 total
 23514K->17097K(24716K), 0.0008656 secs]
60.438: [GC
Desired survivor size 557056 bytes, new threshold 15 (max 15)
- age   1:     112968 bytes,     112968 total
- age   2:       3488 bytes,     116456 total
- age   4:      26200 bytes,     142656 total
- age   5:       3632 bytes,     146288 total
- age   6:      31576 bytes,     177864 total
- age   7:      31688 bytes,     209552 total
- age   8:      24136 bytes,     233688 total
 23589K->16950K(24716K), 0.0011374 secs]
60.443: [GC
Desired survivor size 557056 bytes, new threshold 1 (max 15)
- age   1:     792424 bytes,     792424 total
- age   2:      32688 bytes,     825112 total
- age   3:       3488 bytes,     828600 total
- age   5:      26200 bytes,     854800 total
- age   6:       3632 bytes,     858432 total
- age   7:      31576 bytes,     890008 total
- age   8:      31688 bytes,     921696 total
- age   9:      24136 bytes,     945832 total
 23443K->17649K(24716K), 0.0012750 secs]
60.454: [GC
Desired survivor size 557056 bytes, new threshold 15 (max 15)
- age   1:     370640 bytes,     370640 total
 24163K->17725K(25100K), 0.0014150 secs]
60.456: [Full GC 17725K->8442K(25100K), 0.0700995 secs]
60.532: [GC
Desired survivor size 557056 bytes, new threshold 15 (max 15)
- age   1:     492224 bytes,     492224 total
 14967K->8928K(24716K), 0.0010035 secs]
60.537: [GC
Desired survivor size 557056 bytes, new threshold 15 (max 15)
- age   1:      95160 bytes,      95160 total
- age   2:     450752 bytes,     545912 total
 15456K->8979K(24716K), 0.0010601 secs]
60.543: [GC
Desired survivor size 557056 bytes, new threshold 3 (max 15)
- age   1:     133104 bytes,     133104 total
- age   2:      94192 bytes,     227296 total
- age   3:     342704 bytes,     570000 total
 15506K->8999K(24716K), 0.0011757 secs]
60.548: [GC
Desired survivor size 557056 bytes, new threshold 3 (max 15)
- age   1:     352224 bytes,     352224 total
- age   2:     120960 bytes,     473184 total
- age   3:      93992 bytes,     567176 total
 15512K->9343K(24716K), 0.0019767 secs]
60.554: [GC
Desired survivor size 557056 bytes, new threshold 15 (max 15)
- age   1:     124504 bytes,     124504 total
- age   2:     207496 bytes,     332000 total
- age   3:     120960 bytes,     452960 total
 15855K->9329K(24716K), 0.0016893 secs]
60.559: [GC
Desired survivor size 557056 bytes, new threshold 4 (max 15)
- age   1:     138840 bytes,     138840 total
- age   2:     102288 bytes,     241128 total
- age   3:     207496 bytes,     448624 total
- age   4:     120960 bytes,     569584 total
 15831K->9442K(24716K), 0.0012593 secs]
60.565: [GC
Desired survivor size 557056 bytes, new threshold 3 (max 15)
- age   1:     459536 bytes,     459536 total
- age   2:      52712 bytes,     512248 total
- age   3:     102288 bytes,     614536 total
- age   4:     207496 bytes,     822032 total
 15966K->9808K(24716K), 0.0013790 secs]
60.574: [GC
Desired survivor size 557056 bytes, new threshold 2 (max 15)
- age   1:     139592 bytes,     139592 total
- age   2:     428880 bytes,     568472 total
- age   3:      52712 bytes,     621184 total
 16333K->9874K(24716K), 0.0013630 secs]
60.580: [GC
Desired survivor size 557056 bytes, new threshold 15 (max 15)
- age   1:      53944 bytes,      53944 total
- age   2:      95984 bytes,     149928 total
 16397K->9885K(24716K), 0.0010546 secs]
60.585: [GC
Desired survivor size 557056 bytes, new threshold 15 (max 15)
- age   1:      85832 bytes,      85832 total
- age   2:       6328 bytes,      92160 total
- age   3:       2960 bytes,      95120 total
 16402K->9835K(24716K), 0.0006736 secs]
60.590: [GC
Desired survivor size 557056 bytes, new threshold 15 (max 15)
- age   1:     185424 bytes,     185424 total
- age   2:      33952 bytes,     219376 total
- age   3:       4440 bytes,     223816 total
- age   4:       2848 bytes,     226664 total
 16324K->9964K(24716K), 0.0009195 secs]
60.595: [GC
Desired survivor size 557056 bytes, new threshold 15 (max 15)
- age   1:     148688 bytes,     148688 total
- age   2:     106960 bytes,     255648 total
- age   3:      33952 bytes,     289600 total
- age   4:       4440 bytes,     294040 total
- age   5:       2848 bytes,     296888 total
 16485K->10035K(24716K), 0.0008835 secs]
60.600: [GC
Desired survivor size 557056 bytes, new threshold 15 (max 15)
- age   1:     140288 bytes,     140288 total
- age   2:        392 bytes,     140680 total
- age   3:     106960 bytes,     247640 total
- age   4:      33952 bytes,     281592 total
- age   5:       4440 bytes,     286032 total
- age   6:       2848 bytes,     288880 total
 16560K->10024K(24716K), 0.0007164 secs]
60.606: [GC
Desired survivor size 557056 bytes, new threshold 15 (max 15)
- age   1:     201760 bytes,     201760 total
- age   2:     116528 bytes,     318288 total
- age   3:        288 bytes,     318576 total
- age   4:     106960 bytes,     425536 total
- age   5:      33952 bytes,     459488 total
- age   6:       4440 bytes,     463928 total
- age   7:       2848 bytes,     466776 total
 16543K->10199K(24716K), 0.0010639 secs]
60.613: [GC
Desired survivor size 557056 bytes, new threshold 5 (max 15)
- age   1:     195000 bytes,     195000 total
- age   2:     173584 bytes,     368584 total
- age   3:     116528 bytes,     485112 total
- age   4:        288 bytes,     485400 total
- age   5:     106960 bytes,     592360 total
- age   6:      33952 bytes,     626312 total
- age   7:       4440 bytes,     630752 total
- age   8:       2848 bytes,     633600 total
 16694K->10359K(24716K), 0.0012332 secs]
60.618: [GC
Desired survivor size 557056 bytes, new threshold 15 (max 15)
- age   1:      86024 bytes,      86024 total
- age   2:      50864 bytes,     136888 total
- age   3:     173584 bytes,     310472 total
- age   4:     116528 bytes,     427000 total
- age   5:        288 bytes,     427288 total
 16862K->10320K(24716K), 0.0012864 secs]
60.624: [GC
Desired survivor size 557056 bytes, new threshold 5 (max 15)
- age   1:     244784 bytes,     244784 total
- age   2:      48368 bytes,     293152 total
- age   3:      50864 bytes,     344016 total
- age   4:     173584 bytes,     517600 total
- age   5:     116528 bytes,     634128 total
- age   6:        288 bytes,     634416 total
 16800K->10515K(24716K), 0.0011880 secs]
60.629: [GC
Desired survivor size 557056 bytes, new threshold 5 (max 15)
- age   1:     293600 bytes,     293600 total
- age   2:     108240 bytes,     401840 total
- age   3:      48368 bytes,     450208 total
- age   4:      49240 bytes,     499448 total
- age   5:     173584 bytes,     673032 total
 17025K->10670K(24716K), 0.0013195 secs]
60.635: [GC
Desired survivor size 557056 bytes, new threshold 15 (max 15)
- age   1:      87384 bytes,      87384 total
- age   2:     148952 bytes,     236336 total
- age   3:     108240 bytes,     344576 total
- age   4:      48368 bytes,     392944 total
- age   5:      49240 bytes,     442184 total
 17177K->10616K(24716K), 0.0011427 secs]
60.640: [GC
Desired survivor size 557056 bytes, new threshold 5 (max 15)
- age   1:     237272 bytes,     237272 total
- age   2:      15904 bytes,     253176 total
- age   3:     148952 bytes,     402128 total
- age   4:     108240 bytes,     510368 total
- age   5:      48368 bytes,     558736 total
- age   6:      49240 bytes,     607976 total
 17084K->10772K(24716K), 0.0011374 secs]
60.645: [GC
Desired survivor size 557056 bytes, new threshold 4 (max 15)
- age   1:     291808 bytes,     291808 total
- age   2:     164240 bytes,     456048 total
- age   3:      15904 bytes,     471952 total
- age   4:     148952 bytes,     620904 total
- age   5:     108240 bytes,     729144 total
 17300K->10983K(24716K), 0.0011832 secs]
60.654: [GC
Desired survivor size 557056 bytes, new threshold 15 (max 15)
- age   1:      69896 bytes,      69896 total
- age   2:     290136 bytes,     360032 total
- age   3:     164240 bytes,     524272 total
- age   4:      15904 bytes,     540176 total
 17511K->11055K(24716K), 0.0012171 secs]
60.660: [GC
Desired survivor size 557056 bytes, new threshold 4 (max 15)
- age   1:     168864 bytes,     168864 total
- age   2:      25384 bytes,     194248 total
- age   3:     290136 bytes,     484384 total
- age   4:     164240 bytes,     648624 total
- age   5:      15904 bytes,     664528 total
 17583K->11174K(24716K), 0.0012287 secs]
60.666: [GC
Desired survivor size 557056 bytes, new threshold 4 (max 15)
- age   1:     336600 bytes,     336600 total
- age   2:     103520 bytes,     440120 total
- age   3:      25144 bytes,     465264 total
- age   4:     290136 bytes,     755400 total
 17692K->11449K(24716K), 0.0013786 secs]
60.671: [GC
Desired survivor size 557056 bytes, new threshold 3 (max 15)
- age   1:     313672 bytes,     313672 total
- age   2:     232224 bytes,     545896 total
- age   3:     103520 bytes,     649416 total
- age   4:      25144 bytes,     674560 total
 17973K->11656K(24716K), 0.0017028 secs]
60.678: [GC
Desired survivor size 557056 bytes, new threshold 15 (max 15)
- age   1:     112880 bytes,     112880 total
- age   2:     146248 bytes,     259128 total
- age   3:     232224 bytes,     491352 total
 18158K->11604K(24716K), 0.0010965 secs]
60.683: [GC
Desired survivor size 557056 bytes, new threshold 4 (max 15)
- age   1:     371648 bytes,     371648 total
- age   3:     146248 bytes,     517896 total
- age   4:     232224 bytes,     750120 total
 18129K->11843K(24716K), 0.0013462 secs]
60.688: [GC
Desired survivor size 557056 bytes, new threshold 4 (max 15)
- age   1:     113448 bytes,     113448 total
- age   2:     319672 bytes,     433120 total
- age   4:     146248 bytes,     579368 total
 18364K->11911K(24716K), 0.0014445 secs]
60.695: [GC
Desired survivor size 557056 bytes, new threshold 3 (max 15)
- age   1:     308256 bytes,     308256 total
- age   2:      59992 bytes,     368248 total
- age   3:     238992 bytes,     607240 total
 18439K->12081K(24716K), 0.0017841 secs]
60.700: [GC
Desired survivor size 557056 bytes, new threshold 1 (max 15)
- age   1:     620648 bytes,     620648 total
- age   2:     249120 bytes,     869768 total
 18562K->12571K(24716K), 0.0015327 secs]
60.706: [GC
Desired survivor size 557056 bytes, new threshold 15 (max 15)
- age   1:     380760 bytes,     380760 total
 19091K->12666K(24716K), 0.0016021 secs]
60.713: [GC
Desired survivor size 557056 bytes, new threshold 15 (max 15)
- age   1:     356432 bytes,     356432 total
- age   2:     141520 bytes,     497952 total
 19129K->12783K(24716K), 0.0009664 secs]
60.719: [GC
Desired survivor size 557056 bytes, new threshold 3 (max 15)
- age   1:     318704 bytes,     318704 total
- age   2:     154592 bytes,     473296 total
- age   3:     141520 bytes,     614816 total
 19309K->12897K(24716K), 0.0011175 secs]
60.726: [GC
Desired survivor size 557056 bytes, new threshold 15 (max 15)
- age   1:      73608 bytes,      73608 total
- age   2:      85976 bytes,     159584 total
- age   3:     154592 bytes,     314176 total
 19414K->12741K(24716K), 0.0009569 secs]
60.731: [GC
Desired survivor size 557056 bytes, new threshold 15 (max 15)
- age   1:     116872 bytes,     116872 total
- age   2:      47208 bytes,     164080 total
- age   3:      31720 bytes,     195800 total
- age   4:     154592 bytes,     350392 total
 19240K->12777K(24716K), 0.0008275 secs]
60.736: [GC
Desired survivor size 557056 bytes, new threshold 5 (max 15)
- age   1:     391600 bytes,     391600 total
- age   2:      60488 bytes,     452088 total
- age   3:      47208 bytes,     499296 total
- age   4:      31720 bytes,     531016 total
- age   5:     154592 bytes,     685608 total
 19284K->13104K(24716K), 0.0011953 secs]
60.742: [GC
Desired survivor size 557056 bytes, new threshold 2 (max 15)
- age   1:     397976 bytes,     397976 total
- age   2:     333200 bytes,     731176 total
- age   3:      60488 bytes,     791664 total
- age   4:      47208 bytes,     838872 total
- age   5:      31720 bytes,     870592 total
 19632K->13436K(24716K), 0.0014146 secs]
60.748: [GC
Desired survivor size 557056 bytes, new threshold 2 (max 15)
- age   1:     474720 bytes,     474720 total
- age   2:     397976 bytes,     872696 total
 19956K->13741K(24716K), 0.0019619 secs]
60.755: [GC
Desired survivor size 557056 bytes, new threshold 15 (max 15)
- age   1:      52704 bytes,      52704 total
- age   2:     436880 bytes,     489584 total
 20266K->13758K(24716K), 0.0013396 secs]
60.760: [GC
Desired survivor size 557056 bytes, new threshold 3 (max 15)
- age   1:     120272 bytes,     120272 total
- age   2:       8736 bytes,     129008 total
- age   3:     436880 bytes,     565888 total
 20271K->13832K(24716K), 0.0011126 secs]
60.766: [GC
Desired survivor size 557056 bytes, new threshold 15 (max 15)
- age   1:     172744 bytes,     172744 total
- age   2:      90320 bytes,     263064 total
- age   3:       8736 bytes,     271800 total
 20345K->13973K(24716K), 0.0011566 secs]
60.773: [GC
Desired survivor size 557056 bytes, new threshold 15 (max 15)
- age   1:     221000 bytes,     221000 total
- age   2:     155352 bytes,     376352 total
- age   3:      90320 bytes,     466672 total
- age   4:       8736 bytes,     475408 total
 20501K->14170K(24716K), 0.0009035 secs]
60.778: [GC
Desired survivor size 557056 bytes, new threshold 4 (max 15)
- age   1:     138944 bytes,     138944 total
- age   2:     195624 bytes,     334568 total
- age   3:     155352 bytes,     489920 total
- age   4:      90320 bytes,     580240 total
- age   5:       8736 bytes,     588976 total
 20686K->14282K(24716K), 0.0011028 secs]
60.783: [GC
Desired survivor size 557056 bytes, new threshold 4 (max 15)
- age   1:     258848 bytes,     258848 total
- age   2:      76520 bytes,     335368 total
- age   3:     195624 bytes,     530992 total
- age   4:     155352 bytes,     686344 total
 20777K->14486K(24716K), 0.0011199 secs]
60.788: [GC
Desired survivor size 557056 bytes, new threshold 15 (max 15)
- age   1:      56152 bytes,      56152 total
- age   2:     156992 bytes,     213144 total
- age   3:      76520 bytes,     289664 total
- age   4:     195624 bytes,     485288 total
 21013K->14436K(24716K), 0.0011247 secs]
60.793: [GC
Desired survivor size 557056 bytes, new threshold 5 (max 15)
- age   1:     158256 bytes,     158256 total
- age   2:      25424 bytes,     183680 total
- age   3:     156992 bytes,     340672 total
- age   4:      76520 bytes,     417192 total
- age   5:     195624 bytes,     612816 total
 20945K->14562K(24716K), 0.0012638 secs]
60.798: [GC
Desired survivor size 557056 bytes, new threshold 15 (max 15)
- age   1:      66736 bytes,      66736 total
- age   2:     125016 bytes,     191752 total
- age   4:     156992 bytes,     348744 total
- age   5:      76520 bytes,     425264 total
 21075K->14570K(24716K), 0.0017356 secs]
60.804: [GC
Desired survivor size 557056 bytes, new threshold 15 (max 15)
- age   1:     135856 bytes,     135856 total
- age   2:      29008 bytes,     164864 total
- age   3:     125016 bytes,     289880 total
- age   5:     104560 bytes,     394440 total
- age   6:      76520 bytes,     470960 total
 21085K->14616K(24716K), 0.0009897 secs]
60.809: [GC
Desired survivor size 557056 bytes, new threshold 7 (max 15)
- age   1:     209904 bytes,     209904 total
- age   2:      81616 bytes,     291520 total
- age   3:      29008 bytes,     320528 total
- age   4:     125016 bytes,     445544 total
- age   6:     104560 bytes,     550104 total
- age   7:      50360 bytes,     600464 total
 21143K->14742K(24716K), 0.0012399 secs]
60.814: [GC
Desired survivor size 557056 bytes, new threshold 3 (max 15)
- age   1:     406328 bytes,     406328 total
- age   2:     104752 bytes,     511080 total
- age   3:      81616 bytes,     592696 total
- age   4:      29008 bytes,     621704 total
- age   5:     125016 bytes,     746720 total
- age   7:     104560 bytes,     851280 total
 21267K->15032K(24716K), 0.0012867 secs]
60.819: [GC
Desired survivor size 557056 bytes, new threshold 15 (max 15)
- age   1:      97912 bytes,      97912 total
- age   2:     206704 bytes,     304616 total
- age   3:     104720 bytes,     409336 total
 21496K->14932K(24716K), 0.0014793 secs]
60.827: [GC
Desired survivor size 557056 bytes, new threshold 3 (max 15)
- age   1:     463496 bytes,     463496 total
- age   2:      42832 bytes,     506328 total
- age   3:     206704 bytes,     713032 total
- age   4:     104720 bytes,     817752 total
 21420K->15331K(24716K), 0.0011903 secs]
60.833: [GC
Desired survivor size 557056 bytes, new threshold 1 (max 15)
- age   1:     661256 bytes,     661256 total
- age   2:     294872 bytes,     956128 total
- age   3:      42832 bytes,     998960 total
 21814K->15929K(24716K), 0.0019940 secs]
60.840: [GC
Desired survivor size 557056 bytes, new threshold 15 (max 15)
- age   1:     132320 bytes,     132320 total
 22455K->15675K(24716K), 0.0011487 secs]
60.845: [GC
Desired survivor size 557056 bytes, new threshold 2 (max 15)
- age   1:     502152 bytes,     502152 total
- age   2:      83824 bytes,     585976 total
 22158K->16120K(24716K), 0.0012558 secs]
60.851: [GC
Desired survivor size 557056 bytes, new threshold 2 (max 15)
- age   1:     385864 bytes,     385864 total
- age   2:     385232 bytes,     771096 total
 22623K->16383K(24716K), 0.0012682 secs]
60.857: [GC
Desired survivor size 557056 bytes, new threshold 2 (max 15)
- age   1:     402056 bytes,     402056 total
- age   2:     317192 bytes,     719248 total
 22872K->16577K(24716K), 0.0015512 secs]
60.863: [GC
Desired survivor size 557056 bytes, new threshold 15 (max 15)
- age   1:     193504 bytes,     193504 total
- age   2:     332144 bytes,     525648 total
 23060K->16698K(24716K), 0.0015913 secs]
60.869: [GC
Desired survivor size 557056 bytes, new threshold 15 (max 15)
- age   1:     158640 bytes,     158640 total
- age   2:     145040 bytes,     303680 total
- age   3:     176856 bytes,     480536 total
 23199K->16654K(24716K), 0.0012890 secs]
60.875: [GC
Desired survivor size 557056 bytes, new threshold 1 (max 15)
- age   1:     580744 bytes,     580744 total
- age   2:     105584 bytes,     686328 total
- age   3:     145040 bytes,     831368 total
- age   4:     176856 bytes,    1008224 total
 23165K->17279K(24716K), 0.0015373 secs]
60.881: [GC
Desired survivor size 557056 bytes, new threshold 15 (max 15)
- age   1:     264072 bytes,     264072 total
 23765K->17175K(24716K), 0.0013378 secs]
60.887: [GC
Desired survivor size 557056 bytes, new threshold 15 (max 15)
- age   1:     223104 bytes,     223104 total
 23676K->17135K(24716K), 0.0007137 secs]
60.891: [GC
Desired survivor size 557056 bytes, new threshold 15 (max 15)
- age   1:     183728 bytes,     183728 total
- age   2:     172280 bytes,     356008 total
 23660K->17265K(24716K), 0.0008749 secs]
60.896: [GC
Desired survivor size 557056 bytes, new threshold 15 (max 15)
- age   1:     224544 bytes,     224544 total
- age   2:     138400 bytes,     362944 total
- age   3:     172280 bytes,     535224 total
 23771K->17440K(24716K), 0.0019106 secs]
60.902: [GC
Desired survivor size 557056 bytes, new threshold 4 (max 15)
- age   1:     212688 bytes,     212688 total
- age   2:     146448 bytes,     359136 total
- age   3:     138400 bytes,     497536 total
- age   4:     172280 bytes,     669816 total
 23965K->17571K(24716K), 0.0012384 secs]
60.907: [GC
Desired survivor size 557056 bytes, new threshold 3 (max 15)
- age   1:     324800 bytes,     324800 total
- age   2:      99064 bytes,     423864 total
- age   3:     146448 bytes,     570312 total
- age   4:     138400 bytes,     708712 total
 24088K->17777K(24716K), 0.0015822 secs]
60.913: [GC
Desired survivor size 557056 bytes, new threshold 2 (max 15)
- age   1:     333448 bytes,     333448 total
- age   2:     286968 bytes,     620416 total
- age   3:      99064 bytes,     719480 total
 24267K->18066K(25100K), 0.0015579 secs]
60.915: [Full GC 18066K->9084K(25100K), 0.0712536 secs]
60.991: [GC
Desired survivor size 557056 bytes, new threshold 1 (max 15)
- age   1:     671160 bytes,     671160 total
 15574K->9744K(24716K), 0.0010411 secs]
60.996: [GC
Desired survivor size 557056 bytes, new threshold 15 (max 15)
- age   1:     237288 bytes,     237288 total
 16254K->9851K(24716K), 0.0014861 secs]
61.002: [GC
Desired survivor size 557056 bytes, new threshold 15 (max 15)
- age   1:     198640 bytes,     198640 total
- age   2:     114544 bytes,     313184 total
 16364K->9925K(24716K), 0.0007660 secs]
61.006: [GC
Desired survivor size 557056 bytes, new threshold 15 (max 15)
- age   1:     134464 bytes,     134464 total
- age   2:      73216 bytes,     207680 total
- age   3:     114544 bytes,     322224 total
 16444K->9934K(24716K), 0.0008611 secs]
61.012: [GC
Desired survivor size 557056 bytes, new threshold 4 (max 15)
- age   1:     346936 bytes,     346936 total
- age   2:      44112 bytes,     391048 total
- age   3:      73216 bytes,     464264 total
- age   4:     114544 bytes,     578808 total
 16458K->10185K(24716K), 0.0010633 secs]
61.019: [GC
Desired survivor size 557056 bytes, new threshold 2 (max 15)
- age   1:     391480 bytes,     391480 total
- age   2:     176304 bytes,     567784 total
- age   3:      44112 bytes,     611896 total
- age   4:      73216 bytes,     685112 total
 16696K->10400K(24716K), 0.0012243 secs]
61.024: [GC
Desired survivor size 557056 bytes, new threshold 15 (max 15)
- age   1:     141080 bytes,     141080 total
- age   2:     214008 bytes,     355088 total
 16904K->10365K(24716K), 0.0014116 secs]
61.030: [GC
Desired survivor size 557056 bytes, new threshold 15 (max 15)
- age   1:     158344 bytes,     158344 total
- age   2:     101608 bytes,     259952 total
- age   3:     214008 bytes,     473960 total
 16853K->10481K(24716K), 0.0009209 secs]
61.035: [GC
Desired survivor size 557056 bytes, new threshold 4 (max 15)
- age   1:     219400 bytes,     219400 total
- age   2:     116424 bytes,     335824 total
- age   3:     101608 bytes,     437432 total
- age   4:     214008 bytes,     651440 total
 16946K->10654K(24716K), 0.0010559 secs]
61.040: [GC
Desired survivor size 557056 bytes, new threshold 2 (max 15)
- age   1:     456096 bytes,     456096 total
- age   2:     115136 bytes,     571232 total
- age   3:     116424 bytes,     687656 total
- age   4:     101608 bytes,     789264 total
 17179K->10997K(24716K), 0.0013401 secs]
61.046: [GC
Desired survivor size 557056 bytes, new threshold 15 (max 15)
- age   1:     164368 bytes,     164368 total
- age   2:     241288 bytes,     405656 total
 17478K->10948K(24716K), 0.0011911 secs]
61.051: [GC
Desired survivor size 557056 bytes, new threshold 3 (max 15)
- age   1:     317752 bytes,     317752 total
- age   2:     102264 bytes,     420016 total
- age   3:     241288 bytes,     661304 total
 17473K->11198K(24716K), 0.0010588 secs]
61.057: [GC
Desired survivor size 557056 bytes, new threshold 1 (max 15)
- age   1:     696296 bytes,     696296 total
- age   2:     263416 bytes,     959712 total
- age   3:     102264 bytes,    1061976 total
 17681K->11825K(24716K), 0.0015348 secs]
61.064: [GC
Desired survivor size 557056 bytes, new threshold 1 (max 15)
- age   1:     621768 bytes,     621768 total
 18352K->12311K(24716K), 0.0017321 secs]
61.070: [GC
Desired survivor size 557056 bytes, new threshold 15 (max 15)
- age   1:     261608 bytes,     261608 total
 18782K->12258K(24716K), 0.0009977 secs]
61.076: [GC
Desired survivor size 557056 bytes, new threshold 15 (max 15)
- age   1:     433560 bytes,     433560 total
 18785K->12426K(24716K), 0.0009965 secs]
61.081: [GC
Desired survivor size 557056 bytes, new threshold 15 (max 15)
- age   1:     377920 bytes,     377920 total
- age   2:     166312 bytes,     544232 total
 18833K->12534K(24716K), 0.0010094 secs]
61.086: [GC
Desired survivor size 557056 bytes, new threshold 1 (max 15)
- age   1:     608544 bytes,     608544 total
- age   2:     172792 bytes,     781336 total
- age   3:     166312 bytes,     947648 total
 19044K->12928K(24716K), 0.0012631 secs]
61.092: [GC
Desired survivor size 557056 bytes, new threshold 15 (max 15)
- age   1:     210680 bytes,     210680 total
 19408K->12883K(24716K), 0.0013710 secs]
61.097: [GC
Desired survivor size 557056 bytes, new threshold 15 (max 15)
- age   1:     290496 bytes,     290496 total
- age   2:      67984 bytes,     358480 total
 19373K->13029K(24716K), 0.0008215 secs]
61.103: [GC
Desired survivor size 557056 bytes, new threshold 15 (max 15)
- age   1:     225840 bytes,     225840 total
- age   2:      72608 bytes,     298448 total
- age   3:      67984 bytes,     366432 total
 19496K->13035K(24716K), 0.0008468 secs]
61.107: [GC
Desired survivor size 557056 bytes, new threshold 1 (max 15)
- age   1:     575112 bytes,     575112 total
- age   2:     150536 bytes,     725648 total
- age   3:      72608 bytes,     798256 total
- age   4:      67984 bytes,     866240 total
 19510K->13525K(24716K), 0.0013210 secs]
61.113: [GC
Desired survivor size 557056 bytes, new threshold 15 (max 15)
- age   1:     447616 bytes,     447616 total
 20040K->13686K(24716K), 0.0013616 secs]
61.118: [GC
Desired survivor size 557056 bytes, new threshold 15 (max 15)
- age   1:     117808 bytes,     117808 total
- age   2:     273880 bytes,     391688 total
 20170K->13633K(24716K), 0.0009355 secs]
61.125: [GC
Desired survivor size 557056 bytes, new threshold 3 (max 15)
- age   1:     450360 bytes,     450360 total
- age   2:      56792 bytes,     507152 total
- age   3:     273880 bytes,     781032 total
 20132K->14012K(24716K), 0.0012898 secs]
61.132: [GC
Desired survivor size 557056 bytes, new threshold 15 (max 15)
- age   1:     223264 bytes,     223264 total
- age   2:     209632 bytes,     432896 total
- age   3:      56792 bytes,     489688 total
 20518K->13997K(24716K), 0.0010636 secs]
61.138: [GC
Desired survivor size 557056 bytes, new threshold 15 (max 15)
- age   1:     175288 bytes,     175288 total
- age   2:     158272 bytes,     333560 total
- age   3:     105016 bytes,     438576 total
- age   4:      56792 bytes,     495368 total
 20484K->14002K(24716K), 0.0008306 secs]
61.143: [GC
Desired survivor size 557056 bytes, new threshold 5 (max 15)
- age   1:     227952 bytes,     227952 total
- age   2:      66824 bytes,     294776 total
- age   3:     101160 bytes,     395936 total
- age   4:     105016 bytes,     500952 total
- age   5:      56792 bytes,     557744 total
 20524K->14063K(24716K), 0.0011382 secs]
61.149: [GC
Desired survivor size 557056 bytes, new threshold 3 (max 15)
- age   1:     518696 bytes,     518696 total
- age   3:      66824 bytes,     585520 total
- age   4:     101160 bytes,     686680 total
- age   5:     105016 bytes,     791696 total
 20558K->14347K(24716K), 0.0011617 secs]
61.154: [GC
Desired survivor size 557056 bytes, new threshold 15 (max 15)
- age   1:     163584 bytes,     163584 total
- age   2:     262688 bytes,     426272 total
 20839K->14257K(24716K), 0.0016513 secs]
61.159: [GC
Desired survivor size 557056 bytes, new threshold 15 (max 15)
- age   1:     171280 bytes,     171280 total
- age   2:     118664 bytes,     289944 total
- age   3:      83048 bytes,     372992 total
 20767K->14205K(24716K), 0.0013653 secs]
61.165: [GC
Desired survivor size 557056 bytes, new threshold 15 (max 15)
- age   1:     185504 bytes,     185504 total
- age   2:     123976 bytes,     309480 total
- age   3:     118664 bytes,     428144 total
- age   4:      83048 bytes,     511192 total
 20707K->14340K(24716K), 0.0010856 secs]
61.170: [GC
Desired survivor size 557056 bytes, new threshold 4 (max 15)
- age   1:     222520 bytes,     222520 total
- age   2:     139288 bytes,     361808 total
- age   3:     123976 bytes,     485784 total
- age   4:     118664 bytes,     604448 total
- age   5:      83048 bytes,     687496 total
 20865K->14512K(24716K), 0.0011875 secs]
61.175: [GC
Desired survivor size 557056 bytes, new threshold 4 (max 15)
- age   1:     196280 bytes,     196280 total
- age   2:     163928 bytes,     360208 total
- age   3:     139288 bytes,     499496 total
- age   4:     123976 bytes,     623472 total
 21025K->14646K(24716K), 0.0012480 secs]
61.180: [GC
Desired survivor size 557056 bytes, new threshold 3 (max 15)
- age   1:     447592 bytes,     447592 total
- age   2:      36608 bytes,     484200 total
- age   3:     163928 bytes,     648128 total
- age   4:     139288 bytes,     787416 total
 21119K->14935K(24716K), 0.0012952 secs]
61.186: [GC
Desired survivor size 557056 bytes, new threshold 15 (max 15)
- age   1:     154360 bytes,     154360 total
- age   2:     192432 bytes,     346792 total
- age   3:      36608 bytes,     383400 total
 21439K->14845K(24716K), 0.0011823 secs]
61.191: [GC
Desired survivor size 557056 bytes, new threshold 3 (max 15)
- age   1:     289496 bytes,     289496 total
- age   2:      86376 bytes,     375872 total
- age   3:     192432 bytes,     568304 total
- age   4:      36608 bytes,     604912 total
 21369K->15061K(24716K), 0.0010967 secs]
61.196: [GC
Desired survivor size 557056 bytes, new threshold 1 (max 15)
- age   1:     737344 bytes,     737344 total
- age   2:     151632 bytes,     888976 total
- age   3:      86376 bytes,     975352 total
 21566K->15646K(24716K), 0.0021304 secs]
61.203: [GC
Desired survivor size 557056 bytes, new threshold 15 (max 15)
- age   1:     376800 bytes,     376800 total
 22149K->15657K(24716K), 0.0012691 secs]
61.209: [GC
Desired survivor size 557056 bytes, new threshold 15 (max 15)
- age   1:     132896 bytes,     132896 total
- age   2:     124016 bytes,     256912 total
 22167K->15540K(24716K), 0.0007883 secs]
61.213: [GC
Desired survivor size 557056 bytes, new threshold 1 (max 15)
- age   1:     611960 bytes,     611960 total
- age   2:      77248 bytes,     689208 total
- age   3:     124016 bytes,     813224 total
 22040K->16083K(24716K), 0.0012659 secs]
61.219: [GC
Desired survivor size 557056 bytes, new threshold 1 (max 15)
- age   1:     869624 bytes,     869624 total
 22567K->16771K(24716K), 0.0016939 secs]
61.225: [GC
Desired survivor size 557056 bytes, new threshold 15 (max 15)
- age   1:     474936 bytes,     474936 total
 23232K->16974K(24716K), 0.0017070 secs]
61.235: [GC
Desired survivor size 557056 bytes, new threshold 1 (max 15)
- age   1:     810808 bytes,     810808 total
- age   2:     270656 bytes,    1081464 total
 23502K->17568K(24716K), 0.0012506 secs]
61.242: [GC
Desired survivor size 557056 bytes, new threshold 15 (max 15)
- age   1:     340208 bytes,     340208 total
 24019K->17765K(25100K), 0.0014985 secs]
61.244: [Full GC 17765K->8426K(25100K), 0.0706703 secs]
61.320: [GC
Desired survivor size 557056 bytes, new threshold 15 (max 15)
- age   1:     278656 bytes,     278656 total
 14946K->8701K(24716K), 0.0007637 secs]
61.325: [GC
Desired survivor size 557056 bytes, new threshold 15 (max 15)
- age   1:     111192 bytes,     111192 total
- age   2:     209736 bytes,     320928 total
 15203K->8743K(24716K), 0.0009968 secs]
61.330: [GC
Desired survivor size 557056 bytes, new threshold 15 (max 15)
- age   1:     333640 bytes,     333640 total
- age   2:       5896 bytes,     339536 total
- age   3:     137088 bytes,     476624 total
 15193K->8892K(24716K), 0.0009147 secs]
61.336: [GC
Desired survivor size 557056 bytes, new threshold 15 (max 15)
- age   1:     101336 bytes,     101336 total
- age   2:     137088 bytes,     238424 total
- age   3:       5896 bytes,     244320 total
- age   4:     137328 bytes,     381648 total
 15403K->8802K(24716K), 0.0008065 secs]
61.341: [GC
Desired survivor size 557056 bytes, new threshold 15 (max 15)
- age   1:     296272 bytes,     296272 total
- age   4:       5896 bytes,     302168 total
- age   5:     137088 bytes,     439256 total
 15316K->8856K(24716K), 0.0011818 secs]
61.346: [GC
Desired survivor size 557056 bytes, new threshold 15 (max 15)
- age   1:     189280 bytes,     189280 total
- age   2:     140072 bytes,     329352 total
- age   5:       5896 bytes,     335248 total
- age   6:     137088 bytes,     472336 total
 15360K->8890K(24716K), 0.0009798 secs]
61.352: [GC
Desired survivor size 557056 bytes, new threshold 7 (max 15)
- age   1:     299328 bytes,     299328 total
- age   2:     159168 bytes,     458496 total
- age   6:       5896 bytes,     464392 total
- age   7:     137088 bytes,     601480 total
 15417K->9019K(24716K), 0.0009948 secs]
61.357: [GC
Desired survivor size 557056 bytes, new threshold 15 (max 15)
- age   1:     144176 bytes,     144176 total
- age   2:     131368 bytes,     275544 total
- age   3:     159168 bytes,     434712 total
- age   7:       5896 bytes,     440608 total
 15546K->8998K(24716K), 0.0010049 secs]
61.362: [GC
Desired survivor size 557056 bytes, new threshold 4 (max 15)
- age   1:     406768 bytes,     406768 total
- age   2:      68888 bytes,     475656 total
- age   3:      43192 bytes,     518848 total
- age   4:     159168 bytes,     678016 total
- age   8:       5896 bytes,     683912 total
 15500K->9234K(24716K), 0.0011779 secs]
61.367: [GC
Desired survivor size 557056 bytes, new threshold 2 (max 15)
- age   1:     355440 bytes,     355440 total
- age   2:     313160 bytes,     668600 total
- age   3:      68888 bytes,     737488 total
- age   4:      43192 bytes,     780680 total
 15749K->9493K(24716K), 0.0016866 secs]
61.373: [GC
Desired survivor size 557056 bytes, new threshold 2 (max 15)
- age   1:     331800 bytes,     331800 total
- age   2:     253840 bytes,     585640 total
 16002K->9658K(24716K), 0.0013683 secs]
61.379: [GC
Desired survivor size 557056 bytes, new threshold 1 (max 15)
- age   1:     620768 bytes,     620768 total
- age   2:     106712 bytes,     727480 total
 16147K->9918K(24716K), 0.0011478 secs]
61.384: [GC
Desired survivor size 557056 bytes, new threshold 15 (max 15)
- age   1:     355704 bytes,     355704 total
 16428K->10095K(24716K), 0.0013646 secs]
61.389: [GC
Desired survivor size 557056 bytes, new threshold 15 (max 15)
- age   1:     288176 bytes,     288176 total
- age   2:     199792 bytes,     487968 total
 16559K->10223K(24716K), 0.0020230 secs]
61.396: [GC
Desired survivor size 557056 bytes, new threshold 1 (max 15)
- age   1:     626408 bytes,     626408 total
- age   2:     216800 bytes,     843208 total
- age   3:     199792 bytes,    1043000 total
 16729K->10766K(24716K), 0.0012984 secs]
61.404: [GC
Desired survivor size 557056 bytes, new threshold 15 (max 15)
- age   1:     132120 bytes,     132120 total
 17290K->10641K(24716K), 0.0011911 secs]
61.409: [GC
Desired survivor size 557056 bytes, new threshold 15 (max 15)
- age   1:     320264 bytes,     320264 total
- age   2:      56792 bytes,     377056 total
 17144K->10880K(24716K), 0.0008247 secs]
61.413: [GC
Desired survivor size 557056 bytes, new threshold 15 (max 15)
- age   1:     239112 bytes,     239112 total
- age   3:      56792 bytes,     295904 total
 17349K->10801K(24716K), 0.0008472 secs]
61.418: [GC
Desired survivor size 557056 bytes, new threshold 15 (max 15)
- age   1:     303904 bytes,     303904 total
- age   2:      81712 bytes,     385616 total
- age   4:      56792 bytes,     442408 total
 17289K->10944K(24716K), 0.0008960 secs]
61.423: [GC
Desired survivor size 557056 bytes, new threshold 2 (max 15)
- age   1:     447184 bytes,     447184 total
- age   2:     223632 bytes,     670816 total
- age   3:      81712 bytes,     752528 total
- age   5:      56792 bytes,     809320 total
 17447K->11302K(24716K), 0.0012029 secs]
61.429: [GC
Desired survivor size 557056 bytes, new threshold 15 (max 15)
- age   1:     235856 bytes,     235856 total
- age   2:     134344 bytes,     370200 total
 17801K->11235K(24716K), 0.0013657 secs]
61.434: [GC
Desired survivor size 557056 bytes, new threshold 15 (max 15)
- age   1:     324032 bytes,     324032 total
- age   2:      69896 bytes,     393928 total
- age   3:     134344 bytes,     528272 total
 17734K->11387K(24716K), 0.0010982 secs]
61.439: [GC
Desired survivor size 557056 bytes, new threshold 1 (max 15)
- age   1:     698704 bytes,     698704 total
- age   2:      77424 bytes,     776128 total
- age   3:      69896 bytes,     846024 total
- age   4:     134344 bytes,     980368 total
 17910K->11829K(24716K), 0.0015983 secs]
61.445: [GC
Desired survivor size 557056 bytes, new threshold 15 (max 15)
- age   1:     151992 bytes,     151992 total
 18284K->11832K(24716K), 0.0015841 secs]
61.452: [GC
Desired survivor size 557056 bytes, new threshold 1 (max 15)
- age   1:     726472 bytes,     726472 total
- age   2:      71624 bytes,     798096 total
 18294K->12465K(24716K), 0.0011855 secs]
61.458: [GC
Desired survivor size 557056 bytes, new threshold 15 (max 15)
- age   1:     529496 bytes,     529496 total
 18963K->12906K(24716K), 0.0015956 secs]
61.465: [GC
Desired survivor size 557056 bytes, new threshold 2 (max 15)
- age   1:     488128 bytes,     488128 total
- age   2:     244144 bytes,     732272 total
 19420K->13104K(24716K), 0.0010855 secs]
61.470: [GC
Desired survivor size 557056 bytes, new threshold 2 (max 15)
- age   1:     475392 bytes,     475392 total
- age   2:     559536 bytes,    1034928 total
 19629K->13568K(24716K), 0.0018280 secs]
61.478: [GC
Desired survivor size 557056 bytes, new threshold 1 (max 15)
- age   1:     562112 bytes,     562112 total
- age   2:     390672 bytes,     952784 total
 20059K->13882K(24716K), 0.0020593 secs]
61.487: [GC
Desired survivor size 557056 bytes, new threshold 15 (max 15)
- age   1:     511928 bytes,     511928 total
 20406K->14255K(24716K), 0.0020365 secs]
61.494: [GC
Desired survivor size 557056 bytes, new threshold 1 (max 15)
- age   1:     649488 bytes,     649488 total
- age   2:     376232 bytes,    1025720 total
 20730K->14923K(24716K), 0.0015624 secs]
61.500: [GC
Desired survivor size 557056 bytes, new threshold 15 (max 15)
- age   1:     392736 bytes,     392736 total
 21422K->15238K(24716K), 0.0017213 secs]
61.506: [GC
Desired survivor size 557056 bytes, new threshold 2 (max 15)
- age   1:     309864 bytes,     309864 total
- age   2:     321272 bytes,     631136 total
 21756K->15473K(24716K), 0.0009637 secs]
61.511: [GC
Desired survivor size 557056 bytes, new threshold 15 (max 15)
- age   1:     120928 bytes,     120928 total
- age   2:     236840 bytes,     357768 total
 21964K->15519K(24716K), 0.0012489 secs]
61.517: [GC
Desired survivor size 557056 bytes, new threshold 15 (max 15)
- age   1:     320280 bytes,     320280 total
- age   2:      43736 bytes,     364016 total
 22000K->15526K(24716K), 0.0008575 secs]
61.521: [GC
Desired survivor size 557056 bytes, new threshold 15 (max 15)
- age   1:     247040 bytes,     247040 total
- age   2:     242392 bytes,     489432 total
- age   3:      43736 bytes,     533168 total
 21997K->15691K(24716K), 0.0011385 secs]
61.526: [GC
Desired survivor size 557056 bytes, new threshold 3 (max 15)
- age   1:     488256 bytes,     488256 total
- age   3:     242392 bytes,     730648 total
- age   4:      43736 bytes,     774384 total
 22207K->15926K(24716K), 0.0012056 secs]
61.532: [GC
Desired survivor size 557056 bytes, new threshold 2 (max 15)
- age   1:     426456 bytes,     426456 total
- age   2:     403992 bytes,     830448 total
 22434K->16268K(24716K), 0.0017226 secs]
61.538: [GC
Desired survivor size 557056 bytes, new threshold 1 (max 15)
- age   1:     818896 bytes,     818896 total
- age   2:     254040 bytes,    1072936 total
 22759K->17011K(24716K), 0.0019226 secs]
61.544: [GC
Desired survivor size 557056 bytes, new threshold 15 (max 15)
- age   1:     411224 bytes,     411224 total
 23488K->17045K(24716K), 0.0018841 secs]
61.551: [GC
Desired survivor size 557056 bytes, new threshold 1 (max 15)
- age   1:     779472 bytes,     779472 total
- age   2:     290904 bytes,    1070376 total
 23533K->17688K(24716K), 0.0012346 secs]
61.557: [GC
Desired survivor size 557056 bytes, new threshold 15 (max 15)
- age   1:     430824 bytes,     430824 total
 24170K->17873K(25100K), 0.0014897 secs]
61.559: [Full GC 17873K->9083K(25100K), 0.0708951 secs]
61.636: [GC
Desired survivor size 557056 bytes, new threshold 1 (max 15)
- age   1:     586616 bytes,     586616 total
 15552K->9660K(24716K), 0.0007746 secs]
61.641: [GC
Desired survivor size 557056 bytes, new threshold 15 (max 15)
- age   1:     248800 bytes,     248800 total
 16136K->9854K(24716K), 0.0016100 secs]
61.647: [GC
Desired survivor size 557056 bytes, new threshold 2 (max 15)
- age   1:     397624 bytes,     397624 total
- age   2:     180696 bytes,     578320 total
 16335K->10175K(24716K), 0.0016493 secs]
61.653: [GC
Desired survivor size 557056 bytes, new threshold 15 (max 15)
- age   1:     308520 bytes,     308520 total
- age   2:      86504 bytes,     395024 total
 16694K->10173K(24716K), 0.0010411 secs]
61.660: [GC
Desired survivor size 557056 bytes, new threshold 2 (max 15)
- age   1:     465424 bytes,     465424 total
- age   2:     143264 bytes,     608688 total
- age   3:      86472 bytes,     695160 total
 16697K->10466K(24716K), 0.0011795 secs]
61.666: [GC
Desired survivor size 557056 bytes, new threshold 1 (max 15)
- age   1:     714816 bytes,     714816 total
- age   2:     383728 bytes,    1098544 total
 16950K->11084K(24716K), 0.0015767 secs]
61.675: [GC
Desired survivor size 557056 bytes, new threshold 15 (max 15)
- age   1:     530864 bytes,     530864 total
 17582K->11342K(24716K), 0.0016642 secs]
61.682: [GC
Desired survivor size 557056 bytes, new threshold 2 (max 15)
- age   1:     360416 bytes,     360416 total
- age   2:     472376 bytes,     832792 total
 17867K->11639K(24716K), 0.0012361 secs]
61.688: [GC
Desired survivor size 557056 bytes, new threshold 15 (max 15)
- age   1:     169040 bytes,     169040 total
- age   2:     276600 bytes,     445640 total
 18137K->11722K(24716K), 0.0013044 secs]
61.694: [GC
Desired survivor size 557056 bytes, new threshold 3 (max 15)
- age   1:     264992 bytes,     264992 total
- age   2:      84336 bytes,     349328 total
- age   3:     276568 bytes,     625896 total
 18224K->11898K(24716K), 0.0010629 secs]
61.701: [GC
Desired survivor size 557056 bytes, new threshold 15 (max 15)
- age   1:     321688 bytes,     321688 total
- age   2:      94376 bytes,     416064 total
- age   3:      84336 bytes,     500400 total
 18414K->12052K(24716K), 0.0010587 secs]
61.707: [GC
Desired survivor size 557056 bytes, new threshold 2 (max 15)
- age   1:     381744 bytes,     381744 total
- age   2:     260168 bytes,     641912 total
- age   3:      94376 bytes,     736288 total
- age   4:      84336 bytes,     820624 total
 18578K->12365K(24716K), 0.0012650 secs]
61.716: [GC
Desired survivor size 557056 bytes, new threshold 15 (max 15)
- age   1:      85736 bytes,      85736 total
- age   2:     221968 bytes,     307704 total
 18834K->12038K(24716K), 0.0012861 secs]
61.722: [GC
Desired survivor size 557056 bytes, new threshold 15 (max 15)
- age   1:      88544 bytes,      88544 total
- age   2:       2544 bytes,      91088 total
- age   3:     221968 bytes,     313056 total
 18566K->12042K(24716K), 0.0008596 secs]
61.727: [GC
Desired survivor size 557056 bytes, new threshold 4 (max 15)
- age   1:     338360 bytes,     338360 total
- age   2:       4208 bytes,     342568 total
- age   3:       2544 bytes,     345112 total
- age   4:     221968 bytes,     567080 total
 18550K->12293K(24716K), 0.0009661 secs]
61.736: [GC
Desired survivor size 557056 bytes, new threshold 15 (max 15)
- age   1:     164552 bytes,     164552 total
- age   2:     280960 bytes,     445512 total
- age   3:       3040 bytes,     448552 total
- age   4:       2400 bytes,     450952 total
 18821K->12395K(24716K), 0.0014169 secs]
61.741: [GC
Desired survivor size 557056 bytes, new threshold 3 (max 15)
- age   1:     359224 bytes,     359224 total
- age   2:      15240 bytes,     374464 total
- age   3:     280960 bytes,     655424 total
- age   4:       3040 bytes,     658464 total
- age   5:       2400 bytes,     660864 total
 18911K->12602K(24716K), 0.0011243 secs]
61.747: [GC
Desired survivor size 557056 bytes, new threshold 15 (max 15)
- age   1:     159624 bytes,     159624 total
- age   2:     188192 bytes,     347816 total
- age   3:      15240 bytes,     363056 total
 19129K->12603K(24716K), 0.0013431 secs]
61.752: [GC
Desired survivor size 557056 bytes, new threshold 15 (max 15)
- age   1:     351720 bytes,     351720 total
- age   3:     128960 bytes,     480680 total
- age   4:      15240 bytes,     495920 total
 19108K->12719K(24716K), 0.0016070 secs]
61.758: [GC
Desired survivor size 557056 bytes, new threshold 4 (max 15)
- age   1:     336144 bytes,     336144 total
- age   2:     205872 bytes,     542016 total
- age   4:     128960 bytes,     670976 total
- age   5:      15240 bytes,     686216 total
 19245K->12910K(24716K), 0.0012401 secs]
61.763: [GC
Desired survivor size 557056 bytes, new threshold 15 (max 15)
- age   1:     192216 bytes,     192216 total
- age   2:     166000 bytes,     358216 total
- age   3:        784 bytes,     359000 total
 19430K->12745K(24716K), 0.0011605 secs]
61.770: [GC
Desired survivor size 557056 bytes, new threshold 15 (max 15)
- age   1:     235608 bytes,     235608 total
- age   2:      52432 bytes,     288040 total
- age   3:      47192 bytes,     335232 total
- age   4:        784 bytes,     336016 total
 19245K->12711K(24716K), 0.0008174 secs]
61.775: [GC
Desired survivor size 557056 bytes, new threshold 15 (max 15)
- age   1:     269760 bytes,     269760 total
- age   3:      52432 bytes,     322192 total
- age   4:      47192 bytes,     369384 total
- age   5:        784 bytes,     370168 total
 19215K->12745K(24716K), 0.0007803 secs]
61.781: [GC
Desired survivor size 557056 bytes, new threshold 1 (max 15)
- age   1:     946488 bytes,     946488 total
- age   2:      67840 bytes,    1014328 total
- age   4:        128 bytes,    1014456 total
- age   5:      47192 bytes,    1061648 total
- age   6:        784 bytes,    1062432 total
 19243K->13537K(24716K), 0.0016140 secs]
61.788: [GC
Desired survivor size 557056 bytes, new threshold 15 (max 15)
- age   1:     271288 bytes,     271288 total
 19999K->13602K(24716K), 0.0014547 secs]
61.795: [GC
Desired survivor size 557056 bytes, new threshold 2 (max 15)
- age   1:     374512 bytes,     374512 total
- age   2:     185944 bytes,     560456 total
 20051K->13884K(24716K), 0.0009932 secs]
61.803: [GC
Desired survivor size 557056 bytes, new threshold 2 (max 15)
- age   1:     375584 bytes,     375584 total
- age   2:     201664 bytes,     577248 total
 20377K->14081K(24716K), 0.0012679 secs]
61.809: [GC
Desired survivor size 557056 bytes, new threshold 15 (max 15)
- age   1:     199408 bytes,     199408 total
- age   2:     302840 bytes,     502248 total
 20609K->14213K(24716K), 0.0013582 secs]
61.819: [GC
Desired survivor size 557056 bytes, new threshold 3 (max 15)
- age   1:     244160 bytes,     244160 total
- age   2:     137400 bytes,     381560 total
- age   3:     302136 bytes,     683696 total
 20722K->14389K(24716K), 0.0011108 secs]
61.827: [GC
Desired survivor size 557056 bytes, new threshold 3 (max 15)
- age   1:     268824 bytes,     268824 total
- age   2:     243544 bytes,     512368 total
- age   3:     137400 bytes,     649768 total
 20916K->14651K(24716K), 0.0011680 secs]
61.834: [GC
Desired survivor size 557056 bytes, new threshold 2 (max 15)
- age   1:     466696 bytes,     466696 total
- age   2:     135256 bytes,     601952 total
- age   3:     242392 bytes,     844344 total
 21136K->14977K(24716K), 0.0012443 secs]
61.841: [GC
Desired survivor size 557056 bytes, new threshold 1 (max 15)
- age   1:     646872 bytes,     646872 total
- age   2:     405256 bytes,    1052128 total
 21457K->15640K(24716K), 0.0019303 secs]
61.848: [GC
Desired survivor size 557056 bytes, new threshold 15 (max 15)
- age   1:     395664 bytes,     395664 total
 22162K->15819K(24716K), 0.0023894 secs]
61.855: [GC
Desired survivor size 557056 bytes, new threshold 2 (max 15)
- age   1:     276232 bytes,     276232 total
- age   2:     328856 bytes,     605088 total
 22302K->16023K(24716K), 0.0016904 secs]
61.861: [GC
Desired survivor size 557056 bytes, new threshold 1 (max 15)
- age   1:     580136 bytes,     580136 total
- age   2:     140080 bytes,     720216 total
 22508K->16376K(24716K), 0.0017576 secs]
61.867: [GC
Desired survivor size 557056 bytes, new threshold 15 (max 15)
- age   1:     549520 bytes,     549520 total
 22904K->16777K(24716K), 0.0033333 secs]
61.876: [GC
Desired survivor size 557056 bytes, new threshold 2 (max 15)
- age   1:     248328 bytes,     248328 total
- age   2:     465624 bytes,     713952 total
 23244K->16933K(24716K), 0.0012750 secs]
61.883: [GC
Desired survivor size 557056 bytes, new threshold 2 (max 15)
- age   1:     367816 bytes,     367816 total
- age   2:     221152 bytes,     588968 total
 23405K->17128K(24716K), 0.0012615 secs]
61.888: [GC
Desired survivor size 557056 bytes, new threshold 15 (max 15)
- age   1:     185976 bytes,     185976 total
- age   2:     283648 bytes,     469624 total
 23633K->17207K(24716K), 0.0011284 secs]
61.894: [GC
Desired survivor size 557056 bytes, new threshold 3 (max 15)
- age   1:     239712 bytes,     239712 total
- age   2:     169360 bytes,     409072 total
- age   3:     283616 bytes,     692688 total
 23729K->17416K(24716K), 0.0011222 secs]
61.902: [GC
Desired survivor size 557056 bytes, new threshold 15 (max 15)
- age   1:      92824 bytes,      92824 total
- age   2:      18400 bytes,     111224 total
- age   3:     169360 bytes,     280584 total
 23944K->17298K(24716K), 0.0016399 secs]
61.909: [GC
Desired survivor size 557056 bytes, new threshold 4 (max 15)
- age   1:     518792 bytes,     518792 total
- age   2:        824 bytes,     519616 total
- age   3:      18400 bytes,     538016 total
- age   4:     169360 bytes,     707376 total
 23801K->17714K(24716K), 0.0012383 secs]
61.915: [GC
Desired survivor size 557056 bytes, new threshold 2 (max 15)
- age   1:     374456 bytes,     374456 total
- age   2:     233032 bytes,     607488 total
- age   3:        824 bytes,     608312 total
- age   4:      18400 bytes,     626712 total
 24204K->17801K(24908K), 0.0013804 secs]
61.917: [Full GC 17801K->8649K(24908K), 0.0717686 secs]
61.993: [GC
Desired survivor size 557056 bytes, new threshold 15 (max 15)
- age   1:     191400 bytes,     191400 total
 15175K->8838K(24716K), 0.0008593 secs]
61.998: [GC
Desired survivor size 557056 bytes, new threshold 1 (max 15)
- age   1:     663208 bytes,     663208 total
- age   2:      79848 bytes,     743056 total
 15364K->9379K(24716K), 0.0010064 secs]
62.004: [GC
Desired survivor size 557056 bytes, new threshold 15 (max 15)
- age   1:     110168 bytes,     110168 total
 15858K->9389K(24716K), 0.0011278 secs]
62.009: [GC
Desired survivor size 557056 bytes, new threshold 15 (max 15)
- age   1:     236288 bytes,     236288 total
- age   2:      73136 bytes,     309424 total
 15893K->9586K(24716K), 0.0008612 secs]
62.014: [GC
Desired survivor size 557056 bytes, new threshold 15 (max 15)
- age   1:     125656 bytes,     125656 total
- age   2:     157392 bytes,     283048 total
- age   3:      73136 bytes,     356184 total
 16104K->9631K(24716K), 0.0008704 secs]
62.021: [GC
Desired survivor size 557056 bytes, new threshold 3 (max 15)
- age   1:     363704 bytes,     363704 total
- age   2:      41936 bytes,     405640 total
- age   3:     157392 bytes,     563032 total
- age   4:      73136 bytes,     636168 total
 16094K->9905K(24716K), 0.0010747 secs]
62.026: [GC
Desired survivor size 557056 bytes, new threshold 2 (max 15)
- age   1:     507632 bytes,     507632 total
- age   2:     140616 bytes,     648248 total
- age   3:      41936 bytes,     690184 total
 16415K->10180K(24716K), 0.0014605 secs]
62.033: [GC
Desired survivor size 557056 bytes, new threshold 15 (max 15)
- age   1:      20216 bytes,      20216 total
- age   2:     421248 bytes,     441464 total
 16688K->10114K(24716K), 0.0009868 secs]
62.038: [GC
Desired survivor size 557056 bytes, new threshold 15 (max 15)
- age   1:     156544 bytes,     156544 total
- age   2:       6248 bytes,     162792 total
- age   3:      84880 bytes,     247672 total
 16636K->9925K(24716K), 0.0007591 secs]
62.046: [GC
Desired survivor size 557056 bytes, new threshold 4 (max 15)
- age   1:     385408 bytes,     385408 total
- age   2:     142688 bytes,     528096 total
- age   3:       6160 bytes,     534256 total
- age   4:      84880 bytes,     619136 total
 16442K->10288K(24716K), 0.0012961 secs]
62.051: [GC
Desired survivor size 557056 bytes, new threshold 3 (max 15)
- age   1:     230280 bytes,     230280 total
- age   2:     311728 bytes,     542008 total
- age   3:     142656 bytes,     684664 total
- age   4:       6120 bytes,     690784 total
 16801K->10440K(24716K), 0.0012060 secs]
62.059: [GC
Desired survivor size 557056 bytes, new threshold 3 (max 15)
- age   1:     317528 bytes,     317528 total
- age   2:      75416 bytes,     392944 total
- age   3:     311728 bytes,     704672 total
 16958K->10602K(24716K), 0.0010396 secs]
62.065: [GC
Desired survivor size 557056 bytes, new threshold 15 (max 15)
- age   1:      87608 bytes,      87608 total
- age   2:     237032 bytes,     324640 total
- age   3:      75416 bytes,     400056 total
 17086K->10609K(24716K), 0.0014004 secs]
62.072: [GC
Desired survivor size 557056 bytes, new threshold 4 (max 15)
- age   1:     253200 bytes,     253200 total
- age   2:       4752 bytes,     257952 total
- age   3:     237032 bytes,     494984 total
- age   4:      75416 bytes,     570400 total
 17137K->10776K(24716K), 0.0009082 secs]
62.079: [GC
Desired survivor size 557056 bytes, new threshold 1 (max 15)
- age   1:     767216 bytes,     767216 total
- age   2:      84648 bytes,     851864 total
- age   3:       4752 bytes,     856616 total
- age   4:     237032 bytes,    1093648 total
 17295K->11290K(24716K), 0.0012960 secs]
62.085: [GC
Desired survivor size 557056 bytes, new threshold 15 (max 15)
- age   1:     230472 bytes,     230472 total
 17811K->11353K(24716K), 0.0015657 secs]
62.090: [GC
Desired survivor size 557056 bytes, new threshold 1 (max 15)
- age   1:     644944 bytes,     644944 total
- age   2:     207960 bytes,     852904 total
 17838K->11955K(24716K), 0.0012028 secs]
62.096: [GC
Desired survivor size 557056 bytes, new threshold 15 (max 15)
- age   1:     357912 bytes,     357912 total
 18477K->12177K(24716K), 0.0024128 secs]
62.102: [GC
Desired survivor size 557056 bytes, new threshold 1 (max 15)
- age   1:     731712 bytes,     731712 total
- age   2:     288912 bytes,    1020624 total
 18700K->12823K(24716K), 0.0013770 secs]
62.108: [GC
Desired survivor size 557056 bytes, new threshold 15 (max 15)
- age   1:     253896 bytes,     253896 total
 19342K->12791K(24716K), 0.0024877 secs]
62.115: [GC
Desired survivor size 557056 bytes, new threshold 2 (max 15)
- age   1:     501024 bytes,     501024 total
- age   2:      85608 bytes,     586632 total
 19304K->13116K(24716K), 0.0010431 secs]
62.121: [GC
Desired survivor size 557056 bytes, new threshold 1 (max 15)
- age   1:     818920 bytes,     818920 total
- age   2:     246536 bytes,    1065456 total
 19587K->13750K(24716K), 0.0015553 secs]
62.127: [GC
Desired survivor size 557056 bytes, new threshold 15 (max 15)
- age   1:     156440 bytes,     156440 total
 20222K->13525K(24716K), 0.0013500 secs]
62.132: [GC
Desired survivor size 557056 bytes, new threshold 15 (max 15)
- age   1:     396912 bytes,     396912 total
- age   2:      86528 bytes,     483440 total
 20003K->13847K(24716K), 0.0009195 secs]
62.137: [GC
Desired survivor size 557056 bytes, new threshold 2 (max 15)
- age   1:     441056 bytes,     441056 total
- age   2:     312576 bytes,     753632 total
- age   3:      86528 bytes,     840160 total
 20356K->14195K(24716K), 0.0012614 secs]
62.143: [GC
Desired survivor size 557056 bytes, new threshold 15 (max 15)
- age   1:     184304 bytes,     184304 total
- age   2:     347352 bytes,     531656 total
 20723K->14290K(24716K), 0.0013430 secs]
62.149: [GC
Desired survivor size 557056 bytes, new threshold 3 (max 15)
- age   1:     114520 bytes,     114520 total
- age   2:     159488 bytes,     274008 total
- age   3:     347352 bytes,     621360 total
 20768K->14378K(24716K), 0.0012525 secs]
62.154: [GC
Desired survivor size 557056 bytes, new threshold 15 (max 15)
- age   1:     109856 bytes,     109856 total
- age   2:      86520 bytes,     196376 total
- age   3:       5344 bytes,     201720 total
 20883K->14307K(24716K), 0.0013627 secs]
62.160: [GC
Desired survivor size 557056 bytes, new threshold 15 (max 15)
- age   1:     289128 bytes,     289128 total
- age   2:      78368 bytes,     367496 total
- age   3:      86520 bytes,     454016 total
- age   4:       5344 bytes,     459360 total
 20833K->14559K(24716K), 0.0009397 secs]
62.166: [GC
Desired survivor size 557056 bytes, new threshold 15 (max 15)
- age   1:     190376 bytes,     190376 total
- age   2:     135488 bytes,     325864 total
- age   3:      78368 bytes,     404232 total
- age   4:      86520 bytes,     490752 total
- age   5:       5344 bytes,     496096 total
 21077K->14595K(24716K), 0.0008972 secs]
62.171: [GC
Desired survivor size 557056 bytes, new threshold 15 (max 15)
- age   1:     195536 bytes,     195536 total
- age   3:     135488 bytes,     331024 total
- age   4:      78368 bytes,     409392 total
- age   5:      86520 bytes,     495912 total
- age   6:       5344 bytes,     501256 total
 21117K->14600K(24716K), 0.0009530 secs]
62.177: [GC
Desired survivor size 557056 bytes, new threshold 2 (max 15)
- age   1:     403440 bytes,     403440 total
- age   2:     163336 bytes,     566776 total
- age   4:     135488 bytes,     702264 total
- age   5:      78368 bytes,     780632 total
- age   6:      86520 bytes,     867152 total
- age   7:       5344 bytes,     872496 total
 21084K->14963K(24716K), 0.0012916 secs]
62.183: [GC
Desired survivor size 557056 bytes, new threshold 2 (max 15)
- age   1:     374592 bytes,     374592 total
- age   2:     319984 bytes,     694576 total
 21443K->15061K(24716K), 0.0014047 secs]
62.189: [GC
Desired survivor size 557056 bytes, new threshold 1 (max 15)
- age   1:     823760 bytes,     823760 total
- age   2:     197480 bytes,    1021240 total
 21521K->15690K(24716K), 0.0018323 secs]
62.195: [GC
Desired survivor size 557056 bytes, new threshold 15 (max 15)
- age   1:     423496 bytes,     423496 total
 22180K->15744K(24716K), 0.0014858 secs]
62.201: [GC
Desired survivor size 557056 bytes, new threshold 2 (max 15)
- age   1:     242760 bytes,     242760 total
- age   2:     339152 bytes,     581912 total
 22222K->15900K(24716K), 0.0009504 secs]
62.208: [GC
Desired survivor size 557056 bytes, new threshold 15 (max 15)
- age   1:     321472 bytes,     321472 total
- age   2:     157336 bytes,     478808 total
 22426K->16131K(24716K), 0.0011671 secs]
62.213: [GC
Desired survivor size 557056 bytes, new threshold 1 (max 15)
- age   1:     559560 bytes,     559560 total
- age   2:     245464 bytes,     805024 total
- age   3:      78256 bytes,     883280 total
 22645K->16526K(24716K), 0.0012944 secs]
62.222: [GC
Desired survivor size 557056 bytes, new threshold 15 (max 15)
- age   1:     505608 bytes,     505608 total
 23029K->16699K(24716K), 0.0013675 secs]
62.229: [GC
Desired survivor size 557056 bytes, new threshold 15 (max 15)
- age   1:     330496 bytes,     330496 total
- age   2:     173472 bytes,     503968 total
 23081K->16696K(24716K), 0.0014091 secs]
62.243: [GC
Desired survivor size 557056 bytes, new threshold 15 (max 15)
- age   1:      81608 bytes,      81608 total
- age   2:     251776 bytes,     333384 total
- age   3:     173472 bytes,     506856 total
 23193K->16701K(24716K), 0.0009793 secs]
62.250: [GC
Desired survivor size 557056 bytes, new threshold 3 (max 15)
- age   1:     426400 bytes,     426400 total
- age   3:     251776 bytes,     678176 total
- age   4:     173472 bytes,     851648 total
 23167K->17038K(24716K), 0.0014043 secs]
62.256: [GC
Desired survivor size 557056 bytes, new threshold 2 (max 15)
- age   1:     336880 bytes,     336880 total
- age   2:     343392 bytes,     680272 total
 23517K->17046K(24716K), 0.0013102 secs]
62.264: [GC
Desired survivor size 557056 bytes, new threshold 15 (max 15)
- age   1:     286304 bytes,     286304 total
- age   2:     252432 bytes,     538736 total
 23569K->17243K(24716K), 0.0016801 secs]
62.271: [GC
Desired survivor size 557056 bytes, new threshold 15 (max 15)
- age   1:      22424 bytes,      22424 total
- age   2:     262696 bytes,     285120 total
- age   3:     252432 bytes,     537552 total
 23764K->17243K(24716K), 0.0012703 secs]
62.276: [GC
Desired survivor size 557056 bytes, new threshold 15 (max 15)
- age   1:     112192 bytes,     112192 total
- age   2:        832 bytes,     113024 total
- age   3:       6800 bytes,     119824 total
- age   4:     252432 bytes,     372256 total
 23767K->17080K(24716K), 0.0009431 secs]
62.281: [GC
Desired survivor size 557056 bytes, new threshold 15 (max 15)
- age   1:     476912 bytes,     476912 total
- age   2:      25720 bytes,     502632 total
- age   3:        832 bytes,     503464 total
- age   4:       6376 bytes,     509840 total
 23608K->17214K(24716K), 0.0008780 secs]
62.290: [GC
Desired survivor size 557056 bytes, new threshold 2 (max 15)
- age   1:     464512 bytes,     464512 total
- age   2:     245728 bytes,     710240 total
- age   3:      25720 bytes,     735960 total
- age   4:        704 bytes,     736664 total
- age   5:       6376 bytes,     743040 total
 23678K->17445K(24716K), 0.0012851 secs]
62.300: [GC
Desired survivor size 557056 bytes, new threshold 2 (max 15)
- age   1:     474608 bytes,     474608 total
- age   2:     282704 bytes,     757312 total
 23917K->17737K(24716K), 0.0030838 secs]
62.307: [GC
Desired survivor size 557056 bytes, new threshold 15 (max 15)
- age   1:     128568 bytes,     128568 total
- age   2:     243960 bytes,     372528 total
 24245K->17637K(24908K), 0.0012111 secs]
62.309: [Full GC 17637K->8671K(24908K), 0.0722287 secs]
62.385: [GC
Desired survivor size 557056 bytes, new threshold 15 (max 15)
- age   1:     325440 bytes,     325440 total
 15180K->8991K(24716K), 0.0007368 secs]
62.391: [GC
Desired survivor size 557056 bytes, new threshold 15 (max 15)
- age   1:      60912 bytes,      60912 total
- age   2:     272512 bytes,     333424 total
 15432K->8999K(24716K), 0.0010274 secs]
62.397: [GC
Desired survivor size 557056 bytes, new threshold 15 (max 15)
- age   1:      63248 bytes,      63248 total
- age   2:       4528 bytes,      67776 total
- age   3:     185696 bytes,     253472 total
 15491K->8920K(24716K), 0.0012781 secs]
62.403: [GC
Desired survivor size 557056 bytes, new threshold 15 (max 15)
- age   1:      67088 bytes,      67088 total
- age   2:       2872 bytes,      69960 total
- age   3:       4528 bytes,      74488 total
- age   4:      99248 bytes,     173736 total
 15375K->8847K(24716K), 0.0008480 secs]
62.409: [GC
Desired survivor size 557056 bytes, new threshold 15 (max 15)
- age   1:      71992 bytes,      71992 total
- age   2:       5064 bytes,      77056 total
- age   3:       2872 bytes,      79928 total
- age   4:       3664 bytes,      83592 total
- age   5:      99248 bytes,     182840 total
 15335K->8855K(24716K), 0.0007750 secs]
62.414: [GC
Desired survivor size 557056 bytes, new threshold 6 (max 15)
- age   1:     444768 bytes,     444768 total
- age   2:       5088 bytes,     449856 total
- age   3:       4784 bytes,     454640 total
- age   4:       2872 bytes,     457512 total
- age   5:       3664 bytes,     461176 total
- age   6:      99248 bytes,     560424 total
 15284K->9230K(24716K), 0.0009550 secs]
62.422: [GC
Desired survivor size 557056 bytes, new threshold 15 (max 15)
- age   1:     329848 bytes,     329848 total
- age   2:     158856 bytes,     488704 total
- age   3:       5088 bytes,     493792 total
- age   4:       3160 bytes,     496952 total
- age   5:       2760 bytes,     499712 total
- age   6:       3664 bytes,     503376 total
 15701K->9291K(24716K), 0.0010445 secs]
62.428: [GC
Desired survivor size 557056 bytes, new threshold 15 (max 15)
- age   1:      77664 bytes,      77664 total
- age   2:     192752 bytes,     270416 total
- age   3:     158856 bytes,     429272 total
- age   4:       4440 bytes,     433712 total
- age   5:       3160 bytes,     436872 total
- age   6:       2760 bytes,     439632 total
- age   7:       3560 bytes,     443192 total
 15797K->9222K(24716K), 0.0010456 secs]
62.434: [GC
Desired survivor size 557056 bytes, new threshold 4 (max 15)
- age   1:     371856 bytes,     371856 total
- age   2:       3520 bytes,     375376 total
- age   3:     179560 bytes,     554936 total
- age   4:     158856 bytes,     713792 total
- age   5:       3000 bytes,     716792 total
- age   6:       3160 bytes,     719952 total
- age   7:       2760 bytes,     722712 total
- age   8:       3448 bytes,     726160 total
 15748K->9503K(24716K), 0.0011736 secs]
62.440: [GC
Desired survivor size 557056 bytes, new threshold 4 (max 15)
- age   1:     182840 bytes,     182840 total
- age   2:     369920 bytes,     552760 total
- age   3:       3520 bytes,     556280 total
- age   4:      16392 bytes,     572672 total
 16015K->9519K(24716K), 0.0011315 secs]
62.446: [GC
Desired survivor size 557056 bytes, new threshold 2 (max 15)
- age   1:     446744 bytes,     446744 total
- age   2:     182840 bytes,     629584 total
- age   3:     223632 bytes,     853216 total
- age   4:       3520 bytes,     856736 total
 16047K->9796K(24716K), 0.0011387 secs]
62.456: [GC
Desired survivor size 557056 bytes, new threshold 1 (max 15)
- age   1:     644688 bytes,     644688 total
- age   2:     446744 bytes,    1091432 total
 16297K->10264K(24716K), 0.0016866 secs]
62.464: [GC
Desired survivor size 557056 bytes, new threshold 15 (max 15)
- age   1:     266168 bytes,     266168 total
 16772K->10484K(24716K), 0.0022655 secs]
62.471: [GC
Desired survivor size 557056 bytes, new threshold 15 (max 15)
- age   1:     274352 bytes,     274352 total
- age   2:     224248 bytes,     498600 total
 17007K->10712K(24716K), 0.0014421 secs]
62.477: [GC
Desired survivor size 557056 bytes, new threshold 3 (max 15)
- age   1:     267432 bytes,     267432 total
- age   2:     170808 bytes,     438240 total
- age   3:     224248 bytes,     662488 total
 17240K->10873K(24716K), 0.0015513 secs]
62.484: [GC
Desired survivor size 557056 bytes, new threshold 2 (max 15)
- age   1:     334024 bytes,     334024 total
- age   2:     250808 bytes,     584832 total
- age   3:     170808 bytes,     755640 total
 17384K->11134K(24716K), 0.0011534 secs]
62.490: [GC
Desired survivor size 557056 bytes, new threshold 15 (max 15)
- age   1:      58456 bytes,      58456 total
- age   2:     235296 bytes,     293752 total
 17625K->11092K(24716K), 0.0012857 secs]
62.497: [GC
Desired survivor size 557056 bytes, new threshold 15 (max 15)
- age   1:      63320 bytes,      63320 total
- age   2:       4384 bytes,      67704 total
- age   3:     200840 bytes,     268544 total
 17620K->11073K(24716K), 0.0017797 secs]
62.502: [GC
Desired survivor size 557056 bytes, new threshold 15 (max 15)
- age   1:     160032 bytes,     160032 total
- age   2:       5904 bytes,     165936 total
- age   3:       4384 bytes,     170320 total
- age   4:     184088 bytes,     354408 total
 17601K->11155K(24716K), 0.0008477 secs]
62.508: [GC
Desired survivor size 557056 bytes, new threshold 15 (max 15)
- age   1:     156328 bytes,     156328 total
- age   2:      59448 bytes,     215776 total
- age   3:       5904 bytes,     221680 total
- age   4:       4384 bytes,     226064 total
- age   5:     184088 bytes,     410152 total
 17664K->11212K(24716K), 0.0008848 secs]
62.513: [GC
Desired survivor size 557056 bytes, new threshold 15 (max 15)
- age   1:      87832 bytes,      87832 total
- age   2:       5000 bytes,      92832 total
- age   3:      59448 bytes,     152280 total
- age   4:       5904 bytes,     158184 total
- age   5:       4384 bytes,     162568 total
- age   6:     184088 bytes,     346656 total
 17730K->11148K(24716K), 0.0009387 secs]
62.521: [GC
Desired survivor size 557056 bytes, new threshold 1 (max 15)
- age   1:     629752 bytes,     629752 total
- age   2:      60808 bytes,     690560 total
- age   3:       5000 bytes,     695560 total
- age   4:      59448 bytes,     755008 total
- age   5:       5904 bytes,     760912 total
- age   6:       4384 bytes,     765296 total
- age   7:     184088 bytes,     949384 total
 17667K->11735K(24716K), 0.0015428 secs]
62.527: [GC
Desired survivor size 557056 bytes, new threshold 15 (max 15)
- age   1:     116656 bytes,     116656 total
 18191K->11784K(24716K), 0.0014099 secs]
62.533: [GC
Desired survivor size 557056 bytes, new threshold 15 (max 15)
- age   1:     434792 bytes,     434792 total
- age   2:     116656 bytes,     551448 total
 18298K->12210K(24716K), 0.0009249 secs]
62.537: [GC
Desired survivor size 557056 bytes, new threshold 2 (max 15)
- age   1:     503240 bytes,     503240 total
- age   2:     357256 bytes,     860496 total
- age   3:      37688 bytes,     898184 total
 18719K->12539K(24716K), 0.0012651 secs]
62.543: [GC
Desired survivor size 557056 bytes, new threshold 15 (max 15)
- age   1:      99016 bytes,      99016 total
- age   2:     423536 bytes,     522552 total
 19054K->12542K(24716K), 0.0013986 secs]
62.548: [GC
Desired survivor size 557056 bytes, new threshold 3 (max 15)
- age   1:     199376 bytes,     199376 total
- age   2:      17160 bytes,     216536 total
- age   3:     423536 bytes,     640072 total
 19053K->12654K(24716K), 0.0021175 secs]
62.555: [GC
Desired survivor size 557056 bytes, new threshold 15 (max 15)
- age   1:     139576 bytes,     139576 total
- age   2:      92240 bytes,     231816 total
- age   3:      17160 bytes,     248976 total
 19078K->12684K(24716K), 0.0013154 secs]
62.560: [GC
Desired survivor size 557056 bytes, new threshold 3 (max 15)
- age   1:     452184 bytes,     452184 total
- age   2:      55432 bytes,     507616 total
- age   3:      92208 bytes,     599824 total
- age   4:        440 bytes,     600264 total
 19210K->13027K(24716K), 0.0009755 secs]
62.567: [GC
Desired survivor size 557056 bytes, new threshold 2 (max 15)
- age   1:     340208 bytes,     340208 total
- age   2:     342056 bytes,     682264 total
- age   3:        680 bytes,     682944 total
 19547K->13198K(24716K), 0.0010321 secs]
62.572: [GC
Desired survivor size 557056 bytes, new threshold 15 (max 15)
- age   1:     226112 bytes,     226112 total
- age   2:     108720 bytes,     334832 total
 19716K->13118K(24716K), 0.0010266 secs]
62.578: [GC
Desired survivor size 557056 bytes, new threshold 15 (max 15)
- age   1:     304760 bytes,     304760 total
- age   2:      86304 bytes,     391064 total
- age   3:     108720 bytes,     499784 total
 19605K->13277K(24716K), 0.0013756 secs]
62.583: [GC
Desired survivor size 557056 bytes, new threshold 15 (max 15)
- age   1:     143824 bytes,     143824 total
- age   2:     122376 bytes,     266200 total
- age   3:      86304 bytes,     352504 total
- age   4:     108720 bytes,     461224 total
 19799K->13241K(24716K), 0.0010561 secs]
62.588: [GC
Desired survivor size 557056 bytes, new threshold 4 (max 15)
- age   1:     339624 bytes,     339624 total
- age   2:      78112 bytes,     417736 total
- age   3:     122376 bytes,     540112 total
- age   4:      86304 bytes,     626416 total
- age   5:     108720 bytes,     735136 total
 19767K->13507K(24716K), 0.0015211 secs]
62.594: [GC
Desired survivor size 557056 bytes, new threshold 2 (max 15)
- age   1:     393592 bytes,     393592 total
- age   2:     303000 bytes,     696592 total
- age   3:      78112 bytes,     774704 total
- age   4:     122376 bytes,     897080 total
 20022K->13865K(24716K), 0.0015055 secs]
62.600: [GC
Desired survivor size 557056 bytes, new threshold 2 (max 15)
- age   1:     384144 bytes,     384144 total
- age   2:     354912 bytes,     739056 total
 20369K->14202K(24716K), 0.0014631 secs]
62.605: [GC
Desired survivor size 557056 bytes, new threshold 15 (max 15)
- age   1:     109576 bytes,     109576 total
- age   2:     199912 bytes,     309488 total
 20709K->14129K(24716K), 0.0011045 secs]
62.612: [GC
Desired survivor size 557056 bytes, new threshold 15 (max 15)
- age   1:     297088 bytes,     297088 total
- age   2:      87416 bytes,     384504 total
- age   3:     111744 bytes,     496248 total
 20657K->14309K(24716K), 0.0012117 secs]
62.618: [GC
Desired survivor size 557056 bytes, new threshold 15 (max 15)
- age   1:     211216 bytes,     211216 total
- age   2:     118648 bytes,     329864 total
- age   3:      87416 bytes,     417280 total
- age   4:     111744 bytes,     529024 total
 20837K->14343K(24716K), 0.0012781 secs]
62.626: [GC
Desired survivor size 557056 bytes, new threshold 3 (max 15)
- age   1:     404472 bytes,     404472 total
- age   2:     102352 bytes,     506824 total
- age   3:     118568 bytes,     625392 total
- age   5:     111744 bytes,     737136 total
 20871K->14544K(24716K), 0.0014019 secs]
62.631: [GC
Desired survivor size 557056 bytes, new threshold 15 (max 15)
- age   1:     155344 bytes,     155344 total
- age   2:     264352 bytes,     419696 total
- age   3:     102352 bytes,     522048 total
 21072K->14559K(24716K), 0.0013421 secs]
62.637: [GC
Desired survivor size 557056 bytes, new threshold 15 (max 15)
- age   1:      75976 bytes,      75976 total
- age   2:     144664 bytes,     220640 total
- age   3:     150104 bytes,     370744 total
- age   4:     102352 bytes,     473096 total
 21078K->14511K(24716K), 0.0011930 secs]
62.642: [GC
Desired survivor size 557056 bytes, new threshold 15 (max 15)
- age   1:     153760 bytes,     153760 total
- age   2:      46464 bytes,     200224 total
- age   3:     144664 bytes,     344888 total
- age   4:      98944 bytes,     443832 total
- age   5:        760 bytes,     444592 total
 21039K->14484K(24716K), 0.0009403 secs]
62.647: [GC
Desired survivor size 557056 bytes, new threshold 4 (max 15)
- age   1:     388240 bytes,     388240 total
- age   2:      22120 bytes,     410360 total
- age   3:      33624 bytes,     443984 total
- age   4:     144664 bytes,     588648 total
- age   5:      98944 bytes,     687592 total
- age   6:        760 bytes,     688352 total
 20996K->14727K(24716K), 0.0010566 secs]
62.652: [GC
Desired survivor size 557056 bytes, new threshold 2 (max 15)
- age   1:     345320 bytes,     345320 total
- age   2:     262896 bytes,     608216 total
- age   3:      22120 bytes,     630336 total
- age   4:      33624 bytes,     663960 total
 21244K->14945K(24716K), 0.0023644 secs]
62.659: [GC
Desired survivor size 557056 bytes, new threshold 15 (max 15)
- age   1:     292784 bytes,     292784 total
- age   2:     242528 bytes,     535312 total
 21447K->14958K(24716K), 0.0017475 secs]
62.665: [GC
Desired survivor size 557056 bytes, new threshold 3 (max 15)
- age   1:     223040 bytes,     223040 total
- age   2:     269096 bytes,     492136 total
- age   3:      79848 bytes,     571984 total
 21463K->14996K(24716K), 0.0011427 secs]
62.671: [GC
Desired survivor size 557056 bytes, new threshold 15 (max 15)
- age   1:     242920 bytes,     242920 total
- age   2:     112704 bytes,     355624 total
- age   3:     106464 bytes,     462088 total
 21496K->14966K(24716K), 0.0010677 secs]
62.676: [GC
Desired survivor size 557056 bytes, new threshold 15 (max 15)
- age   1:     188920 bytes,     188920 total
- age   2:      96744 bytes,     285664 total
- age   4:     106464 bytes,     392128 total
 21465K->14898K(24716K), 0.0010155 secs]
62.681: [GC
Desired survivor size 557056 bytes, new threshold 15 (max 15)
- age   1:     233080 bytes,     233080 total
- age   3:      96744 bytes,     329824 total
- age   5:     106464 bytes,     436288 total
 21424K->14939K(24716K), 0.0011464 secs]
62.687: [GC
Desired survivor size 557056 bytes, new threshold 4 (max 15)
- age   1:     456000 bytes,     456000 total
- age   2:      58288 bytes,     514288 total
- age   4:      96744 bytes,     611032 total
- age   6:     106464 bytes,     717496 total
 21437K->15214K(24716K), 0.0014566 secs]
62.694: [GC
Desired survivor size 557056 bytes, new threshold 2 (max 15)
- age   1:     390696 bytes,     390696 total
- age   2:     396360 bytes,     787056 total
- age   3:      58288 bytes,     845344 total
 21700K->15538K(24716K), 0.0032543 secs]
62.702: [GC
Desired survivor size 557056 bytes, new threshold 15 (max 15)
- age   1:     181552 bytes,     181552 total
- age   2:     328568 bytes,     510120 total
 22063K->15654K(24716K), 0.0016359 secs]
62.709: [GC
Desired survivor size 557056 bytes, new threshold 15 (max 15)
- age   1:      99944 bytes,      99944 total
- age   2:     121064 bytes,     221008 total
- age   3:     250512 bytes,     471520 total
 22158K->15617K(24716K), 0.0011065 secs]
62.716: [GC
Desired survivor size 557056 bytes, new threshold 15 (max 15)
- age   1:      35840 bytes,      35840 total
- age   2:      74904 bytes,     110744 total
- age   3:     120576 bytes,     231320 total
- age   4:     250512 bytes,     481832 total
 22139K->15627K(24716K), 0.0010300 secs]
62.724: [GC
Desired survivor size 557056 bytes, new threshold 15 (max 15)
- age   1:      43800 bytes,      43800 total
- age   2:       3480 bytes,      47280 total
- age   3:      74904 bytes,     122184 total
- age   4:     120576 bytes,     242760 total
- age   5:     250512 bytes,     493272 total
 22123K->15638K(24716K), 0.0008965 secs]
62.729: [GC
Desired survivor size 557056 bytes, new threshold 15 (max 15)
- age   1:      56888 bytes,      56888 total
- age   2:       3480 bytes,      60368 total
- age   3:       3480 bytes,      63848 total
- age   4:      74904 bytes,     138752 total
- age   5:     120464 bytes,     259216 total
- age   6:     250512 bytes,     509728 total
 22144K->15658K(24716K), 0.0011393 secs]
62.733: [GC
Desired survivor size 557056 bytes, new threshold 6 (max 15)
- age   1:     358104 bytes,     358104 total
- age   2:      44032 bytes,     402136 total
- age   3:       3480 bytes,     405616 total
- age   4:       3480 bytes,     409096 total
- age   5:      74904 bytes,     484000 total
- age   6:     120464 bytes,     604464 total
- age   7:     250512 bytes,     854976 total
 22184K->15998K(24716K), 0.0013020 secs]
62.739: [GC
Desired survivor size 557056 bytes, new threshold 15 (max 15)
- age   1:     261576 bytes,     261576 total
- age   2:     168600 bytes,     430176 total
- age   3:      44032 bytes,     474208 total
- age   4:       3480 bytes,     477688 total
- age   5:       3480 bytes,     481168 total
- age   6:      74904 bytes,     556072 total
 22511K->16065K(24716K), 0.0012567 secs]
62.746: [GC
Desired survivor size 557056 bytes, new threshold 7 (max 15)
- age   1:     351232 bytes,     351232 total
- age   2:      20864 bytes,     372096 total
- age   3:     168600 bytes,     540696 total
- age   4:       3184 bytes,     543880 total
- age   5:       3480 bytes,     547360 total
- age   6:       3480 bytes,     550840 total
- age   7:      74904 bytes,     625744 total
 22587K->16134K(24716K), 0.0010516 secs]
62.751: [GC
Desired survivor size 557056 bytes, new threshold 2 (max 15)
- age   1:     529160 bytes,     529160 total
- age   2:     264776 bytes,     793936 total
- age   3:      20864 bytes,     814800 total
- age   4:     168600 bytes,     983400 total
- age   5:       3184 bytes,     986584 total
- age   6:       3480 bytes,     990064 total
- age   7:       3480 bytes,     993544 total
 22646K->16532K(24716K), 0.0013095 secs]
62.757: [GC
Desired survivor size 557056 bytes, new threshold 2 (max 15)
- age   1:     503216 bytes,     503216 total
- age   2:     488312 bytes,     991528 total
 22964K->16996K(24716K), 0.0017448 secs]
62.763: [GC
Desired survivor size 557056 bytes, new threshold 15 (max 15)
- age   1:     228248 bytes,     228248 total
- age   2:     310016 bytes,     538264 total
 23497K->17025K(24716K), 0.0017584 secs]
62.769: [GC
Desired survivor size 557056 bytes, new threshold 3 (max 15)
- age   1:     188592 bytes,     188592 total
- age   2:     140080 bytes,     328672 total
- age   3:     310016 bytes,     638688 total
 23552K->17121K(24716K), 0.0016033 secs]
62.775: [GC
Desired survivor size 557056 bytes, new threshold 15 (max 15)
- age   1:     237296 bytes,     237296 total
- age   2:      94976 bytes,     332272 total
- age   3:     140080 bytes,     472352 total
 23612K->17263K(24716K), 0.0012074 secs]
62.780: [GC
Desired survivor size 557056 bytes, new threshold 15 (max 15)
- age   1:     146944 bytes,     146944 total
- age   2:      49784 bytes,     196728 total
- age   3:      94976 bytes,     291704 total
- age   4:     140080 bytes,     431784 total
 23728K->17223K(24716K), 0.0009188 secs]
62.785: [GC
Desired survivor size 557056 bytes, new threshold 15 (max 15)
- age   1:     157464 bytes,     157464 total
- age   3:      49784 bytes,     207248 total
- age   4:      94976 bytes,     302224 total
- age   5:     140080 bytes,     442304 total
 23733K->17234K(24716K), 0.0012014 secs]
62.790: [GC
Desired survivor size 557056 bytes, new threshold 15 (max 15)
- age   1:     190864 bytes,     190864 total
- age   4:      49784 bytes,     240648 total
- age   5:      94976 bytes,     335624 total
- age   6:     140080 bytes,     475704 total
 23737K->17266K(24716K), 0.0009859 secs]
62.795: [GC
Desired survivor size 557056 bytes, new threshold 2 (max 15)
- age   1:     524040 bytes,     524040 total
- age   2:     113568 bytes,     637608 total
- age   5:      49784 bytes,     687392 total
- age   6:      94976 bytes,     782368 total
- age   7:     140080 bytes,     922448 total
 23770K->17703K(24716K), 0.0012753 secs]
62.800: [GC
Desired survivor size 557056 bytes, new threshold 2 (max 15)
- age   1:     259192 bytes,     259192 total
- age   2:     360704 bytes,     619896 total
 24215K->17804K(24908K), 0.0014952 secs]
62.802: [Full GC 17804K->8260K(24908K), 0.0725851 secs]
62.879: [GC
Desired survivor size 557056 bytes, new threshold 15 (max 15)
- age   1:     207208 bytes,     207208 total
 14724K->8466K(24716K), 0.0007509 secs]
62.884: [GC
Desired survivor size 557056 bytes, new threshold 15 (max 15)
- age   1:     160888 bytes,     160888 total
- age   2:     169464 bytes,     330352 total
 14965K->8586K(24716K), 0.0009809 secs]
62.888: [GC
Desired survivor size 557056 bytes, new threshold 3 (max 15)
- age   1:     300216 bytes,     300216 total
- age   2:     119960 bytes,     420176 total
- age   3:     169464 bytes,     589640 total
 15086K->8840K(24716K), 0.0013082 secs]
62.893: [GC
Desired survivor size 557056 bytes, new threshold 15 (max 15)
- age   1:     172504 bytes,     172504 total
- age   2:     257008 bytes,     429512 total
- age   3:      59304 bytes,     488816 total
 15363K->8914K(24716K), 0.0011205 secs]
62.900: [GC
Desired survivor size 557056 bytes, new threshold 15 (max 15)
- age   1:     179336 bytes,     179336 total
- age   2:      45888 bytes,     225224 total
- age   3:     257008 bytes,     482232 total
- age   4:      59304 bytes,     541536 total
 15418K->8966K(24716K), 0.0008663 secs]
62.905: [GC
Desired survivor size 557056 bytes, new threshold 4 (max 15)
- age   1:     327280 bytes,     327280 total
- age   2:      73976 bytes,     401256 total
- age   3:      45888 bytes,     447144 total
- age   4:     257008 bytes,     704152 total
- age   5:      59304 bytes,     763456 total
 15471K->9183K(24716K), 0.0012838 secs]
62.911: [GC
Desired survivor size 557056 bytes, new threshold 2 (max 15)
- age   1:     549248 bytes,     549248 total
- age   2:      82992 bytes,     632240 total
- age   3:      73976 bytes,     706216 total
- age   4:      45888 bytes,     752104 total
 15672K->9480K(24716K), 0.0012897 secs]
62.916: [GC
Desired survivor size 557056 bytes, new threshold 2 (max 15)
- age   1:     269704 bytes,     269704 total
- age   2:     494912 bytes,     764616 total
 15987K->9699K(24716K), 0.0014229 secs]
62.922: [GC
Desired survivor size 557056 bytes, new threshold 15 (max 15)
- age   1:     161384 bytes,     161384 total
- age   2:      82240 bytes,     243624 total
 16189K->9671K(24716K), 0.0013736 secs]
62.927: [GC
Desired survivor size 557056 bytes, new threshold 15 (max 15)
- age   1:     242040 bytes,     242040 total
- age   2:     115176 bytes,     357216 total
- age   3:      82240 bytes,     439456 total
 16176K->9864K(24716K), 0.0008268 secs]
62.932: [GC
Desired survivor size 557056 bytes, new threshold 2 (max 15)
- age   1:     510224 bytes,     510224 total
- age   2:     140440 bytes,     650664 total
- age   3:     115176 bytes,     765840 total
- age   4:      82240 bytes,     848080 total
 16366K->10263K(24716K), 0.0012858 secs]
62.938: [GC
Desired survivor size 557056 bytes, new threshold 15 (max 15)
- age   1:     209664 bytes,     209664 total
- age   2:     179936 bytes,     389600 total
 16747K->10146K(24716K), 0.0010928 secs]
62.944: [GC
Desired survivor size 557056 bytes, new threshold 3 (max 15)
- age   1:     359352 bytes,     359352 total
- age   2:     150528 bytes,     509880 total
- age   3:     179936 bytes,     689816 total
 16627K->10439K(24716K), 0.0010839 secs]
62.950: [GC
Desired survivor size 557056 bytes, new threshold 15 (max 15)
- age   1:     190240 bytes,     190240 total
- age   2:     118208 bytes,     308448 total
- age   3:     150528 bytes,     458976 total
 16876K->10389K(24716K), 0.0009004 secs]
62.956: [GC
Desired survivor size 557056 bytes, new threshold 4 (max 15)
- age   1:     328088 bytes,     328088 total
- age   3:     118208 bytes,     446296 total
- age   4:     150528 bytes,     596824 total
 16886K->10524K(24716K), 0.0008451 secs]
62.960: [GC
Desired survivor size 557056 bytes, new threshold 15 (max 15)
- age   1:     134704 bytes,     134704 total
- age   4:     118208 bytes,     252912 total
 16959K->10335K(24716K), 0.0008678 secs]
62.965: [GC
Desired survivor size 557056 bytes, new threshold 15 (max 15)
- age   1:     331672 bytes,     331672 total
- age   2:      67488 bytes,     399160 total
- age   5:     118208 bytes,     517368 total
 16842K->10591K(24716K), 0.0011428 secs]
62.971: [GC
Desired survivor size 557056 bytes, new threshold 2 (max 15)
- age   1:     374952 bytes,     374952 total
- age   2:     194960 bytes,     569912 total
- age   3:      67488 bytes,     637400 total
- age   6:     118208 bytes,     755608 total
 17111K->10826K(24716K), 0.0010855 secs]
62.977: [GC
Desired survivor size 557056 bytes, new threshold 15 (max 15)
- age   1:     253112 bytes,     253112 total
- age   2:     149024 bytes,     402136 total
 17309K->10786K(24716K), 0.0010594 secs]
62.982: [GC
Desired survivor size 557056 bytes, new threshold 15 (max 15)
- age   1:     192784 bytes,     192784 total
- age   3:     149024 bytes,     341808 total
 17262K->10727K(24716K), 0.0010714 secs]
62.987: [GC
Desired survivor size 557056 bytes, new threshold 4 (max 15)
- age   1:     373320 bytes,     373320 total
- age   2:      52224 bytes,     425544 total
- age   4:     149024 bytes,     574568 total
 17218K->10954K(24716K), 0.0011247 secs]
62.993: [GC
Desired survivor size 557056 bytes, new threshold 15 (max 15)
- age   1:     276944 bytes,     276944 total
- age   2:     229424 bytes,     506368 total
 17408K->11041K(24716K), 0.0013691 secs]
62.999: [GC
Desired survivor size 557056 bytes, new threshold 1 (max 15)
- age   1:     572864 bytes,     572864 total
- age   3:     229424 bytes,     802288 total
 17563K->11330K(24716K), 0.0009957 secs]
63.004: [GC
Desired survivor size 557056 bytes, new threshold 15 (max 15)
- age   1:     178792 bytes,     178792 total
 17834K->11313K(24716K), 0.0011486 secs]
63.010: [GC
Desired survivor size 557056 bytes, new threshold 15 (max 15)
- age   1:     293120 bytes,     293120 total
- age   2:     141536 bytes,     434656 total
 17828K->11563K(24716K), 0.0009691 secs]
63.015: [GC
Desired survivor size 557056 bytes, new threshold 1 (max 15)
- age   1:     607696 bytes,     607696 total
- age   2:     223928 bytes,     831624 total
- age   3:     141536 bytes,     973160 total
 18068K->12089K(24716K), 0.0012774 secs]
63.020: [GC
Desired survivor size 557056 bytes, new threshold 15 (max 15)
- age   1:     175680 bytes,     175680 total
 18588K->11930K(24716K), 0.0011695 secs]
63.025: [GC
Desired survivor size 557056 bytes, new threshold 15 (max 15)
- age   1:     164544 bytes,     164544 total
- age   2:      90352 bytes,     254896 total
 18420K->12007K(24716K), 0.0007854 secs]
63.041: [GC
Desired survivor size 557056 bytes, new threshold 3 (max 15)
- age   1:     438384 bytes,     438384 total
- age   2:      49352 bytes,     487736 total
- age   3:      90352 bytes,     578088 total
 18535K->12323K(24716K), 0.0009464 secs]
63.046: [GC
Desired survivor size 557056 bytes, new threshold 2 (max 15)
- age   1:     250624 bytes,     250624 total
- age   2:     314832 bytes,     565456 total
- age   3:      49352 bytes,     614808 total
 18846K->12362K(24716K), 0.0010698 secs]
63.051: [GC
Desired survivor size 557056 bytes, new threshold 15 (max 15)
- age   1:      72944 bytes,      72944 total
- age   2:      93608 bytes,     166552 total
 18849K->12287K(24716K), 0.0012606 secs]
63.058: [GC
Desired survivor size 557056 bytes, new threshold 15 (max 15)
- age   1:     271888 bytes,     271888 total
- age   2:      50840 bytes,     322728 total
- age   3:      93608 bytes,     416336 total
 18799K->12517K(24716K), 0.0008670 secs]
63.063: [GC
Desired survivor size 557056 bytes, new threshold 2 (max 15)
- age   1:     458192 bytes,     458192 total
- age   2:     221312 bytes,     679504 total
- age   3:      50840 bytes,     730344 total
- age   4:      93608 bytes,     823952 total
 19017K->12914K(24716K), 0.0015343 secs]
63.068: [GC
Desired survivor size 557056 bytes, new threshold 15 (max 15)
- age   1:     233232 bytes,     233232 total
- age   2:     162568 bytes,     395800 total
 19376K->12859K(24716K), 0.0016747 secs]
63.076: [GC
Desired survivor size 557056 bytes, new threshold 3 (max 15)
- age   1:     411608 bytes,     411608 total
- age   2:      75304 bytes,     486912 total
- age   3:     162568 bytes,     649480 total
 19377K->13109K(24716K), 0.0009702 secs]
63.080: [GC
Desired survivor size 557056 bytes, new threshold 3 (max 15)
- age   1:     358672 bytes,     358672 total
- age   2:     195704 bytes,     554376 total
- age   3:      75304 bytes,     629680 total
 19625K->13248K(24716K), 0.0012505 secs]
63.086: [GC
Desired survivor size 557056 bytes, new threshold 3 (max 15)
- age   1:     211160 bytes,     211160 total
- age   2:     263688 bytes,     474848 total
- age   3:      85576 bytes,     560424 total
 19765K->13254K(24716K), 0.0014650 secs]
63.091: [GC
Desired survivor size 557056 bytes, new threshold 15 (max 15)
- age   1:     223568 bytes,     223568 total
- age   3:     263688 bytes,     487256 total
 19762K->13266K(24716K), 0.0011853 secs]
63.096: [GC
Desired survivor size 557056 bytes, new threshold 4 (max 15)
- age   1:     210392 bytes,     210392 total
- age   2:     116928 bytes,     327320 total
- age   4:     263688 bytes,     591008 total
 19765K->13368K(24716K), 0.0012798 secs]
63.101: [GC
Desired survivor size 557056 bytes, new threshold 15 (max 15)
- age   1:     206504 bytes,     206504 total
- age   2:     154744 bytes,     361248 total
- age   3:     116928 bytes,     478176 total
 19874K->13523K(24716K), 0.0013558 secs]
63.107: [GC
Desired survivor size 557056 bytes, new threshold 15 (max 15)
- age   1:     136400 bytes,     136400 total
- age   2:      91360 bytes,     227760 total
- age   3:     154744 bytes,     382504 total
- age   4:     116928 bytes,     499432 total
 20043K->13543K(24716K), 0.0015529 secs]
63.113: [GC
Desired survivor size 557056 bytes, new threshold 15 (max 15)
- age   1:      52448 bytes,      52448 total
- age   2:     124376 bytes,     176824 total
- age   3:      59968 bytes,     236792 total
- age   4:     154744 bytes,     391536 total
- age   5:     116928 bytes,     508464 total
 20059K->13551K(24716K), 0.0013313 secs]
63.118: [GC
Desired survivor size 557056 bytes, new threshold 15 (max 15)
- age   1:      93744 bytes,      93744 total
- age   2:      18488 bytes,     112232 total
- age   3:     124376 bytes,     236608 total
- age   4:      59968 bytes,     296576 total
- age   5:     101592 bytes,     398168 total
- age   6:     116928 bytes,     515096 total
 20064K->13558K(24716K), 0.0010522 secs]
63.124: [GC
Desired survivor size 557056 bytes, new threshold 15 (max 15)
- age   1:     215928 bytes,     215928 total
- age   3:      18488 bytes,     234416 total
- age   4:     124376 bytes,     358792 total
- age   5:      59968 bytes,     418760 total
- age   6:     101592 bytes,     520352 total
 20080K->13563K(24716K), 0.0013800 secs]
63.129: [GC
Desired survivor size 557056 bytes, new threshold 15 (max 15)
- age   1:     146264 bytes,     146264 total
- age   2:      57104 bytes,     203368 total
- age   4:      18488 bytes,     221856 total
- age   5:     124376 bytes,     346232 total
- age   6:      59968 bytes,     406200 total
- age   7:     101592 bytes,     507792 total
 20051K->13551K(24716K), 0.0010597 secs]
63.136: [GC
Desired survivor size 557056 bytes, new threshold 3 (max 15)
- age   1:     461640 bytes,     461640 total
- age   2:      85608 bytes,     547248 total
- age   3:      57104 bytes,     604352 total
- age   5:      18488 bytes,     622840 total
- age   6:     124376 bytes,     747216 total
- age   7:      59968 bytes,     807184 total
- age   8:     101592 bytes,     908776 total
 20072K->13941K(24716K), 0.0012176 secs]
63.141: [GC
Desired survivor size 557056 bytes, new threshold 2 (max 15)
- age   1:     356496 bytes,     356496 total
- age   2:     232016 bytes,     588512 total
- age   3:      85608 bytes,     674120 total
 20438K->14064K(24716K), 0.0014751 secs]
63.147: [GC
Desired survivor size 557056 bytes, new threshold 15 (max 15)
- age   1:     457448 bytes,     457448 total
- age   2:      84264 bytes,     541712 total
 20564K->14243K(24716K), 0.0020489 secs]
63.153: [GC
Desired survivor size 557056 bytes, new threshold 2 (max 15)
- age   1:     419432 bytes,     419432 total
- age   2:     323072 bytes,     742504 total
 20727K->14441K(24716K), 0.0016601 secs]
63.160: [GC
Desired survivor size 557056 bytes, new threshold 15 (max 15)
- age   1:     365448 bytes,     365448 total
- age   2:     127512 bytes,     492960 total
 20947K->14294K(24716K), 0.0011108 secs]
63.165: [GC
Desired survivor size 557056 bytes, new threshold 2 (max 15)
- age   1:     488672 bytes,     488672 total
- age   2:      78736 bytes,     567408 total
- age   3:     127512 bytes,     694920 total
 20770K->14491K(24716K), 0.0010265 secs]
63.171: [GC
Desired survivor size 557056 bytes, new threshold 15 (max 15)
- age   1:     348264 bytes,     348264 total
- age   2:     183160 bytes,     531424 total
 20984K->14455K(24716K), 0.0013576 secs]
63.176: [GC
Desired survivor size 557056 bytes, new threshold 15 (max 15)
- age   1:     199168 bytes,     199168 total
- age   2:      52176 bytes,     251344 total
- age   3:     183160 bytes,     434504 total
 20973K->14359K(24716K), 0.0010677 secs]
63.181: [GC
Desired survivor size 557056 bytes, new threshold 4 (max 15)
- age   1:     264472 bytes,     264472 total
- age   2:     118248 bytes,     382720 total
- age   3:      52176 bytes,     434896 total
- age   4:     183160 bytes,     618056 total
 20852K->14540K(24716K), 0.0012218 secs]
63.187: [GC
Desired survivor size 557056 bytes, new threshold 15 (max 15)
- age   1:     197568 bytes,     197568 total
- age   2:     141672 bytes,     339240 total
- age   3:     118248 bytes,     457488 total
- age   4:      52176 bytes,     509664 total
 21034K->14613K(24716K), 0.0011821 secs]
63.192: [GC
Desired survivor size 557056 bytes, new threshold 3 (max 15)
- age   1:     500624 bytes,     500624 total
- age   2:      42192 bytes,     542816 total
- age   3:     141672 bytes,     684488 total
- age   4:     118248 bytes,     802736 total
- age   5:      52176 bytes,     854912 total
 21085K->14950K(24716K), 0.0013710 secs]
63.197: [GC
Desired survivor size 557056 bytes, new threshold 2 (max 15)
- age   1:     320840 bytes,     320840 total
- age   2:     432600 bytes,     753440 total
- age   3:      42192 bytes,     795632 total
 21424K->15204K(24716K), 0.0019395 secs]
63.204: [GC
Desired survivor size 557056 bytes, new threshold 2 (max 15)
- age   1:     463472 bytes,     463472 total
- age   2:     251872 bytes,     715344 total
 21682K->15543K(24716K), 0.0014525 secs]
63.209: [GC
Desired survivor size 557056 bytes, new threshold 2 (max 15)
- age   1:     533056 bytes,     533056 total
- age   2:     301864 bytes,     834920 total
 22064K->15867K(24716K), 0.0013943 secs]
63.215: [GC
Desired survivor size 557056 bytes, new threshold 2 (max 15)
- age   1:     424024 bytes,     424024 total
- age   2:     318208 bytes,     742232 total
 22357K->16071K(24716K), 0.0014146 secs]
63.220: [GC
Desired survivor size 557056 bytes, new threshold 2 (max 15)
- age   1:     484832 bytes,     484832 total
- age   2:     207976 bytes,     692808 total
 22589K->16334K(24716K), 0.0013790 secs]
63.226: [GC
Desired survivor size 557056 bytes, new threshold 2 (max 15)
- age   1:     207920 bytes,     207920 total
- age   2:     451784 bytes,     659704 total
 22837K->16505K(24716K), 0.0017736 secs]
63.231: [GC
Desired survivor size 557056 bytes, new threshold 1 (max 15)
- age   1:     576120 bytes,     576120 total
 23020K->16796K(24716K), 0.0012817 secs]
63.237: [GC
Desired survivor size 557056 bytes, new threshold 1 (max 15)
- age   1:     620888 bytes,     620888 total
 23314K->17118K(24716K), 0.0014897 secs]
63.244: [GC
Desired survivor size 557056 bytes, new threshold 1 (max 15)
- age   1:     565672 bytes,     565672 total
 23639K->17573K(24716K), 0.0014021 secs]
63.249: [GC
Desired survivor size 557056 bytes, new threshold 15 (max 15)
- age   1:     413984 bytes,     413984 total
 24099K->17942K(25292K), 0.0012508 secs]
63.251: [Full GC 17942K->8870K(25292K), 0.0706361 secs]
63.327: [GC
Desired survivor size 557056 bytes, new threshold 1 (max 15)
- age   1:     811616 bytes,     811616 total
 15349K->9667K(24716K), 0.0011102 secs]
63.336: [GC
Desired survivor size 557056 bytes, new threshold 1 (max 15)
- age   1:     573208 bytes,     573208 total
 16164K->10077K(24716K), 0.0014663 secs]
63.343: [GC
Desired survivor size 557056 bytes, new threshold 15 (max 15)
- age   1:     530200 bytes,     530200 total
 16588K->10500K(24716K), 0.0013461 secs]
63.348: [GC
Desired survivor size 557056 bytes, new threshold 2 (max 15)
- age   1:     347048 bytes,     347048 total
- age   2:     400048 bytes,     747096 total
 17003K->10712K(24716K), 0.0020780 secs]
63.355: [GC
Desired survivor size 557056 bytes, new threshold 15 (max 15)
- age   1:     209104 bytes,     209104 total
- age   2:     299840 bytes,     508944 total
 17239K->10799K(24716K), 0.0012987 secs]
63.360: [GC
Desired survivor size 557056 bytes, new threshold 2 (max 15)
- age   1:     450968 bytes,     450968 total
- age   2:     209104 bytes,     660072 total
- age   3:     299840 bytes,     959912 total
 17265K->11239K(24716K), 0.0013023 secs]
63.366: [GC
Desired survivor size 557056 bytes, new threshold 15 (max 15)
- age   1:     283840 bytes,     283840 total
- age   2:     173504 bytes,     457344 total
 17731K->11245K(24716K), 0.0013139 secs]
63.372: [GC
Desired survivor size 557056 bytes, new threshold 2 (max 15)
- age   1:     440000 bytes,     440000 total
- age   2:     205120 bytes,     645120 total
- age   3:     173504 bytes,     818624 total
 17764K->11597K(24716K), 0.0012026 secs]
63.378: [GC
Desired survivor size 557056 bytes, new threshold 2 (max 15)
- age   1:     358720 bytes,     358720 total
- age   2:     284088 bytes,     642808 total
 18116K->11793K(24716K), 0.0017380 secs]
63.385: [GC
Desired survivor size 557056 bytes, new threshold 15 (max 15)
- age   1:     223432 bytes,     223432 total
- age   2:     279016 bytes,     502448 total
 18321K->11934K(24716K), 0.0011164 secs]
63.392: [GC
Desired survivor size 557056 bytes, new threshold 3 (max 15)
- age   1:     485856 bytes,     485856 total
- age   2:       3968 bytes,     489824 total
- age   3:     108728 bytes,     598552 total
 18401K->12025K(24716K), 0.0013384 secs]
63.397: [GC
Desired survivor size 557056 bytes, new threshold 15 (max 15)
- age   1:     213040 bytes,     213040 total
- age   3:       3968 bytes,     217008 total
 18521K->11761K(24716K), 0.0015956 secs]
63.403: [GC
Desired survivor size 557056 bytes, new threshold 1 (max 15)
- age   1:     976536 bytes,     976536 total
- age   2:      73776 bytes,    1050312 total
- age   4:       3968 bytes,    1054280 total
 18276K->12578K(24716K), 0.0013906 secs]
63.409: [GC
Desired survivor size 557056 bytes, new threshold 15 (max 15)
- age   1:     161104 bytes,     161104 total
 19007K->12513K(24716K), 0.0013838 secs]
63.415: [GC
Desired survivor size 557056 bytes, new threshold 15 (max 15)
- age   1:     412264 bytes,     412264 total
- age   2:      84008 bytes,     496272 total
 19026K->12842K(24716K), 0.0009179 secs]
63.420: [GC
Desired survivor size 557056 bytes, new threshold 2 (max 15)
- age   1:     337904 bytes,     337904 total
- age   2:     334760 bytes,     672664 total
 19364K->13012K(24716K), 0.0010815 secs]
63.425: [GC
Desired survivor size 557056 bytes, new threshold 2 (max 15)
- age   1:     379048 bytes,     379048 total
- age   2:     252744 bytes,     631792 total
 19485K->13124K(24716K), 0.0012564 secs]
63.430: [GC
Desired survivor size 557056 bytes, new threshold 15 (max 15)
- age   1:     202816 bytes,     202816 total
- age   2:     335320 bytes,     538136 total
 19647K->13200K(24716K), 0.0011753 secs]
63.436: [GC
Desired survivor size 557056 bytes, new threshold 15 (max 15)
- age   1:     332144 bytes,     332144 total
- age   2:      46312 bytes,     378456 total
- age   3:     164600 bytes,     543056 total
 19659K->13205K(24716K), 0.0008052 secs]
63.443: [GC
Desired survivor size 557056 bytes, new threshold 1 (max 15)
- age   1:     962560 bytes,     962560 total
- age   3:        128 bytes,     962688 total
- age   4:     121800 bytes,    1084488 total
 19619K->13898K(24716K), 0.0015172 secs]
63.452: [GC
Desired survivor size 557056 bytes, new threshold 15 (max 15)
- age   1:     416504 bytes,     416504 total
 20409K->13872K(24716K), 0.0011285 secs]
63.457: [GC
Desired survivor size 557056 bytes, new threshold 2 (max 15)
- age   1:     420592 bytes,     420592 total
- age   2:     331856 bytes,     752448 total
 20393K->14199K(24716K), 0.0014670 secs]
63.464: [GC
Desired survivor size 557056 bytes, new threshold 1 (max 15)
- age   1:     684760 bytes,     684760 total
- age   2:     108808 bytes,     793568 total
 20672K->14563K(24716K), 0.0013042 secs]
63.474: [GC
Desired survivor size 557056 bytes, new threshold 15 (max 15)
- age   1:     351312 bytes,     351312 total
 21025K->14868K(24716K), 0.0016658 secs]
63.480: [GC
Desired survivor size 557056 bytes, new threshold 2 (max 15)
- age   1:     378056 bytes,     378056 total
- age   2:     255432 bytes,     633488 total
 21373K->15143K(24716K), 0.0013751 secs]
63.486: [GC
Desired survivor size 557056 bytes, new threshold 15 (max 15)
- age   1:     179656 bytes,     179656 total
- age   2:     292088 bytes,     471744 total
 21664K->15235K(24716K), 0.0012213 secs]
63.491: [GC
Desired survivor size 557056 bytes, new threshold 3 (max 15)
- age   1:     223728 bytes,     223728 total
- age   2:     116560 bytes,     340288 total
- age   3:     292088 bytes,     632376 total
 21744K->15392K(24716K), 0.0016875 secs]
63.497: [GC
Desired survivor size 557056 bytes, new threshold 3 (max 15)
- age   1:     398736 bytes,     398736 total
- age   2:     154864 bytes,     553600 total
- age   3:     116560 bytes,     670160 total
 21896K->15714K(24716K), 0.0019429 secs]
63.503: [GC
Desired survivor size 557056 bytes, new threshold 2 (max 15)
- age   1:     405624 bytes,     405624 total
- age   2:     360056 bytes,     765680 total
 22216K->15920K(24716K), 0.0012513 secs]
63.509: [GC
Desired survivor size 557056 bytes, new threshold 2 (max 15)
- age   1:     295744 bytes,     295744 total
- age   2:     321800 bytes,     617544 total
 22439K->16047K(24716K), 0.0014758 secs]
63.515: [GC
Desired survivor size 557056 bytes, new threshold 15 (max 15)
- age   1:     220336 bytes,     220336 total
- age   2:     122864 bytes,     343200 total
 22575K->16099K(24716K), 0.0011566 secs]
63.520: [GC
Desired survivor size 557056 bytes, new threshold 2 (max 15)
- age   1:     458480 bytes,     458480 total
- age   2:     220256 bytes,     678736 total
- age   3:     122864 bytes,     801600 total
 22588K->16546K(24716K), 0.0012015 secs]
63.526: [GC
Desired survivor size 557056 bytes, new threshold 2 (max 15)
- age   1:     269720 bytes,     269720 total
- age   2:     414688 bytes,     684408 total
 23019K->16611K(24716K), 0.0016416 secs]
63.533: [GC
Desired survivor size 557056 bytes, new threshold 15 (max 15)
- age   1:     303096 bytes,     303096 total
- age   2:     141752 bytes,     444848 total
 23135K->16533K(24716K), 0.0010141 secs]
63.538: [GC
Desired survivor size 557056 bytes, new threshold 3 (max 15)
- age   1:     204464 bytes,     204464 total
- age   2:     217792 bytes,     422256 total
- age   3:     141752 bytes,     564008 total
 23054K->16651K(24716K), 0.0010243 secs]
63.543: [GC
Desired survivor size 557056 bytes, new threshold 15 (max 15)
- age   1:     105264 bytes,     105264 total
- age   2:      21976 bytes,     127240 total
- age   3:     217752 bytes,     344992 total
 23169K->16576K(24716K), 0.0011696 secs]
63.549: [GC
Desired survivor size 557056 bytes, new threshold 1 (max 15)
- age   1:     649664 bytes,     649664 total
- age   2:     105264 bytes,     754928 total
- age   3:      21976 bytes,     776904 total
- age   4:     217672 bytes,     994576 total
 23099K->17211K(24716K), 0.0011913 secs]
63.555: [GC
Desired survivor size 557056 bytes, new threshold 15 (max 15)
- age   1:     295832 bytes,     295832 total
 23717K->16987K(24716K), 0.0011096 secs]
63.560: [GC
Desired survivor size 557056 bytes, new threshold 15 (max 15)
- age   1:     153752 bytes,     153752 total
- age   2:      79976 bytes,     233728 total
 23512K->16925K(24716K), 0.0007967 secs]
63.568: [GC
Desired survivor size 557056 bytes, new threshold 15 (max 15)
- age   1:     297000 bytes,     297000 total
- age   2:      67216 bytes,     364216 total
- age   3:      79976 bytes,     444192 total
 23449K->17130K(24716K), 0.0009070 secs]
63.574: [GC
Desired survivor size 557056 bytes, new threshold 2 (max 15)
- age   1:     376680 bytes,     376680 total
- age   2:     246928 bytes,     623608 total
- age   3:      67216 bytes,     690824 total
- age   4:      79976 bytes,     770800 total
 23658K->17448K(24716K), 0.0015531 secs]
63.579: [GC
Desired survivor size 557056 bytes, new threshold 2 (max 15)
- age   1:     459184 bytes,     459184 total
- age   2:     315264 bytes,     774448 total
 23958K->17836K(24716K), 0.0015090 secs]
63.585: [GC
Desired survivor size 557056 bytes, new threshold 15 (max 15)
- age   1:     102832 bytes,     102832 total
- age   2:     218336 bytes,     321168 total
 24351K->17700K(25100K), 0.0014527 secs]
63.587: [Full GC 17700K->8915K(25100K), 0.0707205 secs]
63.663: [GC
Desired survivor size 557056 bytes, new threshold 1 (max 15)
- age   1:     564896 bytes,     564896 total
 15431K->9469K(24716K), 0.0009092 secs]
63.668: [GC
Desired survivor size 557056 bytes, new threshold 15 (max 15)
- age   1:     204720 bytes,     204720 total
 15990K->9624K(24716K), 0.0011016 secs]
63.674: [GC
Desired survivor size 557056 bytes, new threshold 2 (max 15)
- age   1:     472888 bytes,     472888 total
- age   2:      88280 bytes,     561168 total
 16108K->9974K(24716K), 0.0008808 secs]
63.679: [GC
Desired survivor size 557056 bytes, new threshold 15 (max 15)
- age   1:     180672 bytes,     180672 total
- age   2:      58480 bytes,     239152 total
 16391K->9747K(24716K), 0.0008159 secs]
63.684: [GC
Desired survivor size 557056 bytes, new threshold 2 (max 15)
- age   1:     504184 bytes,     504184 total
- age   2:     122208 bytes,     626392 total
- age   3:      58448 bytes,     684840 total
 16264K->10182K(24716K), 0.0011230 secs]
63.689: [GC
Desired survivor size 557056 bytes, new threshold 2 (max 15)
- age   1:     416312 bytes,     416312 total
- age   2:     435808 bytes,     852120 total
 16696K->10522K(24716K), 0.0015450 secs]
63.695: [GC
Desired survivor size 557056 bytes, new threshold 15 (max 15)
- age   1:     253336 bytes,     253336 total
- age   2:     187920 bytes,     441256 total
 17027K->10545K(24716K), 0.0011796 secs]
63.703: [GC
Desired survivor size 557056 bytes, new threshold 15 (max 15)
- age   1:      58104 bytes,      58104 total
- age   2:     143200 bytes,     201304 total
- age   3:     187920 bytes,     389224 total
 17039K->10495K(24716K), 0.0012785 secs]
63.709: [GC
Desired survivor size 557056 bytes, new threshold 15 (max 15)
- age   1:      64344 bytes,      64344 total
- age   3:     143200 bytes,     207544 total
- age   4:     187920 bytes,     395464 total
 16962K->10501K(24716K), 0.0010407 secs]
63.715: [GC
Desired survivor size 557056 bytes, new threshold 15 (max 15)
- age   1:     201520 bytes,     201520 total
- age   2:       3440 bytes,     204960 total
- age   5:     187920 bytes,     392880 total
 16980K->10499K(24716K), 0.0008345 secs]
63.720: [GC
Desired survivor size 557056 bytes, new threshold 6 (max 15)
- age   1:     473600 bytes,     473600 total
- age   2:       4928 bytes,     478528 total
- age   3:       3440 bytes,     481968 total
- age   6:     187920 bytes,     669888 total
 16964K->10768K(24716K), 0.0011415 secs]
63.725: [GC
Desired survivor size 557056 bytes, new threshold 15 (max 15)
- age   1:     218104 bytes,     218104 total
- age   2:     182352 bytes,     400456 total
- age   3:       4584 bytes,     405040 total
- age   4:       3440 bytes,     408480 total
 17296K->10701K(24716K), 0.0012485 secs]
63.731: [GC
Desired survivor size 557056 bytes, new threshold 1 (max 15)
- age   1:     860784 bytes,     860784 total
- age   2:      61600 bytes,     922384 total
- age   3:     182352 bytes,    1104736 total
- age   4:       4584 bytes,    1109320 total
- age   5:       3440 bytes,    1112760 total
 17219K->11472K(24716K), 0.0014470 secs]
63.738: [GC
Desired survivor size 557056 bytes, new threshold 15 (max 15)
- age   1:     433952 bytes,     433952 total
 17991K->11628K(24716K), 0.0014411 secs]
63.744: [GC
Desired survivor size 557056 bytes, new threshold 2 (max 15)
- age   1:     355288 bytes,     355288 total
- age   2:     353632 bytes,     708920 total
 18122K->11893K(24716K), 0.0012009 secs]
63.751: [GC
Desired survivor size 557056 bytes, new threshold 15 (max 15)
- age   1:     311816 bytes,     311816 total
- age   2:     145352 bytes,     457168 total
 18339K->11991K(24716K), 0.0010262 secs]
63.756: [GC
Desired survivor size 557056 bytes, new threshold 15 (max 15)
- age   1:     317048 bytes,     317048 total
- age   3:     145352 bytes,     462400 total
 18386K->11998K(24716K), 0.0008580 secs]
63.762: [GC
Desired survivor size 557056 bytes, new threshold 4 (max 15)
- age   1:     525256 bytes,     525256 total
- age   4:     145352 bytes,     670608 total
 18464K->12201K(24716K), 0.0010054 secs]
63.767: [GC
Desired survivor size 557056 bytes, new threshold 15 (max 15)
- age   1:     196320 bytes,     196320 total
- age   2:     266976 bytes,     463296 total
 18702K->12140K(24716K), 0.0011675 secs]
63.773: [GC
Desired survivor size 557056 bytes, new threshold 1 (max 15)
- age   1:     621040 bytes,     621040 total
- age   2:     143168 bytes,     764208 total
- age   3:     266976 bytes,    1031184 total
 18642K->12695K(24716K), 0.0012022 secs]
63.778: [GC
Desired survivor size 557056 bytes, new threshold 15 (max 15)
- age   1:     383832 bytes,     383832 total
 19206K->13075K(24716K), 0.0018572 secs]
63.786: [GC
Desired survivor size 557056 bytes, new threshold 15 (max 15)
- age   1:      21024 bytes,      21024 total
- age   2:     297376 bytes,     318400 total
 19581K->13013K(24716K), 0.0009233 secs]
63.793: [GC
Desired survivor size 557056 bytes, new threshold 3 (max 15)
- age   1:     460272 bytes,     460272 total
- age   2:       9200 bytes,     469472 total
- age   3:     217104 bytes,     686576 total
 19527K->13373K(24716K), 0.0010909 secs]
63.801: [GC
Desired survivor size 557056 bytes, new threshold 2 (max 15)
- age   1:     394560 bytes,     394560 total
- age   2:     163208 bytes,     557768 total
- age   3:       8496 bytes,     566264 total
 19882K->13465K(24716K), 0.0010452 secs]
63.808: [GC
Desired survivor size 557056 bytes, new threshold 15 (max 15)
- age   1:     174168 bytes,     174168 total
- age   2:     310696 bytes,     484864 total
 19978K->13561K(24716K), 0.0009907 secs]
63.813: [GC
Desired survivor size 557056 bytes, new threshold 3 (max 15)
- age   1:     310432 bytes,     310432 total
- age   2:       4808 bytes,     315240 total
- age   3:     242120 bytes,     557360 total
 20061K->13626K(24716K), 0.0009102 secs]
63.821: [GC
Desired survivor size 557056 bytes, new threshold 15 (max 15)
- age   1:     111968 bytes,     111968 total
- age   2:     139752 bytes,     251720 total
- age   3:       3480 bytes,     255200 total
 20146K->13572K(24716K), 0.0022379 secs]
63.829: [GC
Desired survivor size 557056 bytes, new threshold 15 (max 15)
- age   1:     231000 bytes,     231000 total
- age   2:      36560 bytes,     267560 total
- age   3:     139752 bytes,     407312 total
- age   4:       3480 bytes,     410792 total
 20084K->13727K(24716K), 0.0010938 secs]
63.834: [GC
Desired survivor size 557056 bytes, new threshold 15 (max 15)
- age   1:      46136 bytes,      46136 total
- age   2:     167904 bytes,     214040 total
- age   3:      36560 bytes,     250600 total
- age   4:     139752 bytes,     390352 total
- age   5:       3480 bytes,     393832 total
 20242K->13713K(24716K), 0.0009406 secs]
63.839: [GC
Desired survivor size 557056 bytes, new threshold 15 (max 15)
- age   1:     136984 bytes,     136984 total
- age   2:      26400 bytes,     163384 total
- age   3:     167904 bytes,     331288 total
- age   4:      36560 bytes,     367848 total
- age   5:     139752 bytes,     507600 total
- age   6:       3480 bytes,     511080 total
 20238K->13824K(24716K), 0.0011264 secs]
63.845: [GC
Desired survivor size 557056 bytes, new threshold 4 (max 15)
- age   1:     293592 bytes,     293592 total
- age   2:      97752 bytes,     391344 total
- age   3:      26400 bytes,     417744 total
- age   4:     167904 bytes,     585648 total
- age   5:      36560 bytes,     622208 total
- age   6:     139752 bytes,     761960 total
- age   7:       3480 bytes,     765440 total
 20351K->14075K(24716K), 0.0011346 secs]
63.851: [GC
Desired survivor size 557056 bytes, new threshold 1 (max 15)
- age   1:     557720 bytes,     557720 total
- age   2:      83688 bytes,     641408 total
- age   3:      97752 bytes,     739160 total
- age   4:      26400 bytes,     765560 total
 20588K->14411K(24716K), 0.0013874 secs]
63.857: [GC
Desired survivor size 557056 bytes, new threshold 15 (max 15)
- age   1:     175952 bytes,     175952 total
 20928K->14250K(24716K), 0.0010225 secs]
63.862: [GC
Desired survivor size 557056 bytes, new threshold 15 (max 15)
- age   1:     255312 bytes,     255312 total
- age   2:      90608 bytes,     345920 total
 20764K->14415K(24716K), 0.0008406 secs]
63.869: [GC
Desired survivor size 557056 bytes, new threshold 3 (max 15)
- age   1:     348008 bytes,     348008 total
- age   2:     170608 bytes,     518616 total
- age   3:      90608 bytes,     609224 total
 20928K->14670K(24716K), 0.0016057 secs]
63.874: [GC
Desired survivor size 557056 bytes, new threshold 3 (max 15)
- age   1:     214664 bytes,     214664 total
- age   2:     201760 bytes,     416424 total
- age   3:     170608 bytes,     587032 total
 21144K->14739K(24716K), 0.0013996 secs]
63.880: [GC
Desired survivor size 557056 bytes, new threshold 15 (max 15)
- age   1:     114272 bytes,     114272 total
- age   2:      86432 bytes,     200704 total
- age   3:     201760 bytes,     402464 total
 21263K->14733K(24716K), 0.0011557 secs]
63.885: [GC
Desired survivor size 557056 bytes, new threshold 3 (max 15)
- age   1:     383720 bytes,     383720 total
- age   2:      94616 bytes,     478336 total
- age   3:      86432 bytes,     564768 total
- age   4:     201760 bytes,     766528 total
 21260K->15089K(24716K), 0.0011385 secs]
63.891: [GC
Desired survivor size 557056 bytes, new threshold 15 (max 15)
- age   1:     130352 bytes,     130352 total
- age   2:     222960 bytes,     353312 total
- age   3:      94616 bytes,     447928 total
 21611K->15058K(24716K), 0.0012687 secs]
63.896: [GC
Desired survivor size 557056 bytes, new threshold 3 (max 15)
- age   1:     294168 bytes,     294168 total
- age   2:      60888 bytes,     355056 total
- age   3:     222960 bytes,     578016 total
- age   4:      94616 bytes,     672632 total
 21530K->15278K(24716K), 0.0020049 secs]
63.902: [GC
Desired survivor size 557056 bytes, new threshold 3 (max 15)
- age   1:     362808 bytes,     362808 total
- age   2:     186680 bytes,     549488 total
- age   3:      60888 bytes,     610376 total
 21804K->15527K(24716K), 0.0014392 secs]
63.908: [GC
Desired survivor size 557056 bytes, new threshold 3 (max 15)
- age   1:     202392 bytes,     202392 total
- age   2:     289776 bytes,     492168 total
- age   3:     124656 bytes,     616824 total
 22033K->15532K(24716K), 0.0010992 secs]
63.914: [GC
Desired survivor size 557056 bytes, new threshold 3 (max 15)
- age   1:     403256 bytes,     403256 total
- age   2:      61808 bytes,     465064 total
- age   3:     289776 bytes,     754840 total
 22059K->15798K(24716K), 0.0013204 secs]
63.919: [GC
Desired survivor size 557056 bytes, new threshold 2 (max 15)
- age   1:     488920 bytes,     488920 total
- age   2:     117944 bytes,     606864 total
- age   3:      61776 bytes,     668640 total
 22286K->16005K(24716K), 0.0013445 secs]
63.927: [GC
Desired survivor size 557056 bytes, new threshold 1 (max 15)
- age   1:     595240 bytes,     595240 total
- age   2:     199056 bytes,     794296 total
 22526K->16303K(24716K), 0.0018763 secs]
63.933: [GC
Desired survivor size 557056 bytes, new threshold 15 (max 15)
- age   1:     218952 bytes,     218952 total
 22804K->16173K(24716K), 0.0019903 secs]
63.940: [GC
Desired survivor size 557056 bytes, new threshold 15 (max 15)
- age   1:     351488 bytes,     351488 total
- age   2:      79624 bytes,     431112 total
 22701K->16381K(24716K), 0.0012878 secs]
63.951: [GC
Desired survivor size 557056 bytes, new threshold 1 (max 15)
- age   1:     735968 bytes,     735968 total
- age   2:     289952 bytes,    1025920 total
- age   3:      79624 bytes,    1105544 total
 22905K->17039K(24716K), 0.0012407 secs]
63.957: [GC
Desired survivor size 557056 bytes, new threshold 15 (max 15)
- age   1:     238272 bytes,     238272 total
 23550K->16975K(24716K), 0.0015651 secs]
63.964: [GC
Desired survivor size 557056 bytes, new threshold 15 (max 15)
- age   1:     114272 bytes,     114272 total
- age   2:     207864 bytes,     322136 total
 23500K->17056K(24716K), 0.0026723 secs]
63.973: [GC
Desired survivor size 557056 bytes, new threshold 2 (max 15)
- age   1:     551776 bytes,     551776 total
- age   2:      48528 bytes,     600304 total
- age   3:     207864 bytes,     808168 total
 23571K->17529K(24716K), 0.0015002 secs]
63.979: [GC
Desired survivor size 557056 bytes, new threshold 2 (max 15)
- age   1:     359688 bytes,     359688 total
- age   2:     389432 bytes,     749120 total
 23989K->17521K(24716K), 0.0014087 secs]
63.985: [GC
Desired survivor size 557056 bytes, new threshold 2 (max 15)
- age   1:     315976 bytes,     315976 total
- age   2:     277032 bytes,     593008 total
 24029K->17697K(24908K), 0.0015939 secs]
63.987: [Full GC 17697K->8671K(24908K), 0.0704684 secs]
64.063: [GC
Desired survivor size 557056 bytes, new threshold 15 (max 15)
- age   1:     500776 bytes,     500776 total
 15179K->9164K(24716K), 0.0008641 secs]
64.068: [GC
Desired survivor size 557056 bytes, new threshold 2 (max 15)
- age   1:      94496 bytes,      94496 total
- age   2:     477936 bytes,     572432 total
 15645K->9233K(24716K), 0.0011642 secs]
64.073: [GC
Desired survivor size 557056 bytes, new threshold 15 (max 15)
- age   1:     337664 bytes,     337664 total
- age   2:      94496 bytes,     432160 total
 15705K->9569K(24716K), 0.0015394 secs]
64.079: [GC
Desired survivor size 557056 bytes, new threshold 2 (max 15)
- age   1:     506216 bytes,     506216 total
- age   2:     144256 bytes,     650472 total
- age   3:      26624 bytes,     677096 total
 16070K->9808K(24716K), 0.0009686 secs]
64.086: [GC
Desired survivor size 557056 bytes, new threshold 2 (max 15)
- age   1:     324032 bytes,     324032 total
- age   2:     377232 bytes,     701264 total
 16336K->10007K(24716K), 0.0009966 secs]
64.091: [GC
Desired survivor size 557056 bytes, new threshold 2 (max 15)
- age   1:     374416 bytes,     374416 total
- age   2:     201208 bytes,     575624 total
 16504K->10186K(24716K), 0.0012950 secs]
64.098: [GC
Desired survivor size 557056 bytes, new threshold 1 (max 15)
- age   1:     658248 bytes,     658248 total
- age   2:     133632 bytes,     791880 total
 16714K->10594K(24716K), 0.0019342 secs]
64.105: [GC
Desired survivor size 557056 bytes, new threshold 15 (max 15)
- age   1:     528600 bytes,     528600 total
 17072K->10877K(24716K), 0.0014889 secs]
64.112: [GC
Desired survivor size 557056 bytes, new threshold 2 (max 15)
- age   1:     212104 bytes,     212104 total
- age   2:     459552 bytes,     671656 total
 17278K->11015K(24716K), 0.0009985 secs]
64.118: [GC
Desired survivor size 557056 bytes, new threshold 15 (max 15)
- age   1:     142480 bytes,     142480 total
- age   2:     140496 bytes,     282976 total
 17515K->11050K(24716K), 0.0012331 secs]
64.124: [GC
Desired survivor size 557056 bytes, new threshold 15 (max 15)
- age   1:     306376 bytes,     306376 total
- age   2:         32 bytes,     306408 total
- age   3:     140136 bytes,     446544 total
 17578K->11210K(24716K), 0.0009811 secs]
64.131: [GC
Desired survivor size 557056 bytes, new threshold 1 (max 15)
- age   1:     719360 bytes,     719360 total
- age   2:     306296 bytes,    1025656 total
- age   3:         32 bytes,    1025688 total
- age   4:      70392 bytes,    1096080 total
 17717K->11845K(24716K), 0.0017562 secs]
64.137: [GC
Desired survivor size 557056 bytes, new threshold 15 (max 15)
- age   1:      97664 bytes,      97664 total
 18355K->11791K(24716K), 0.0015026 secs]
64.144: [GC
Desired survivor size 557056 bytes, new threshold 15 (max 15)
- age   1:     247424 bytes,     247424 total
- age   2:      18696 bytes,     266120 total
 18276K->11957K(24716K), 0.0006944 secs]
64.149: [GC
Desired survivor size 557056 bytes, new threshold 15 (max 15)
- age   1:     262648 bytes,     262648 total
- age   2:     134560 bytes,     397208 total
- age   3:      18696 bytes,     415904 total
 18477K->12099K(24716K), 0.0010792 secs]
64.154: [GC
Desired survivor size 557056 bytes, new threshold 15 (max 15)
- age   1:     101520 bytes,     101520 total
- age   2:     134000 bytes,     235520 total
- age   3:     134560 bytes,     370080 total
- age   4:      18696 bytes,     388776 total
 18602K->12075K(24716K), 0.0016874 secs]
64.159: [GC
Desired survivor size 557056 bytes, new threshold 5 (max 15)
- age   1:     234168 bytes,     234168 total
- age   2:      40576 bytes,     274744 total
- age   3:     134000 bytes,     408744 total
- age   4:     134560 bytes,     543304 total
- age   5:      18696 bytes,     562000 total
 18565K->12244K(24716K), 0.0011562 secs]
64.165: [GC
Desired survivor size 557056 bytes, new threshold 5 (max 15)
- age   1:     144728 bytes,     144728 total
- age   2:     201272 bytes,     346000 total
- age   3:      40576 bytes,     386576 total
- age   4:     134000 bytes,     520576 total
- age   5:     134560 bytes,     655136 total
 18748K->12355K(24716K), 0.0012128 secs]
64.170: [GC
Desired survivor size 557056 bytes, new threshold 3 (max 15)
- age   1:     414872 bytes,     414872 total
- age   2:     105872 bytes,     520744 total
- age   3:     201272 bytes,     722016 total
- age   5:     134000 bytes,     856016 total
 18842K->12683K(24716K), 0.0013755 secs]
64.175: [GC
Desired survivor size 557056 bytes, new threshold 15 (max 15)
- age   1:     169536 bytes,     169536 total
- age   2:     126624 bytes,     296160 total
- age   3:     105872 bytes,     402032 total
 19179K->12567K(24716K), 0.0012113 secs]
64.183: [GC
Desired survivor size 557056 bytes, new threshold 4 (max 15)
- age   1:     411536 bytes,     411536 total
- age   3:      84688 bytes,     496224 total
- age   4:     105872 bytes,     602096 total
 19014K->12762K(24716K), 0.0011692 secs]
64.189: [GC
Desired survivor size 557056 bytes, new threshold 15 (max 15)
- age   1:     129400 bytes,     129400 total
- age   2:     197872 bytes,     327272 total
- age   4:      84688 bytes,     411960 total
 19289K->12679K(24716K), 0.0015765 secs]
64.196: [GC
Desired survivor size 557056 bytes, new threshold 15 (max 15)
- age   1:      87272 bytes,      87272 total
- age   2:      49184 bytes,     136456 total
- age   3:     197872 bytes,     334328 total
- age   5:      84688 bytes,     419016 total
 19124K->12687K(24716K), 0.0011605 secs]
64.201: [GC
Desired survivor size 557056 bytes, new threshold 6 (max 15)
- age   1:     283816 bytes,     283816 total
- age   2:       3760 bytes,     287576 total
- age   3:      49184 bytes,     336760 total
- age   4:     197872 bytes,     534632 total
- age   6:      84688 bytes,     619320 total
 19147K->12882K(24716K), 0.0010747 secs]
64.207: [GC
Desired survivor size 557056 bytes, new threshold 5 (max 15)
- age   1:      99128 bytes,      99128 total
- age   2:     243800 bytes,     342928 total
- age   3:       3760 bytes,     346688 total
- age   4:      49072 bytes,     395760 total
- age   5:     197872 bytes,     593632 total
 19404K->12942K(24716K), 0.0012046 secs]
64.212: [GC
Desired survivor size 557056 bytes, new threshold 3 (max 15)
- age   1:     312000 bytes,     312000 total
- age   2:      16872 bytes,     328872 total
- age   3:     243800 bytes,     572672 total
- age   4:       3760 bytes,     576432 total
- age   5:      49072 bytes,     625504 total
 19463K->13178K(24716K), 0.0016461 secs]
64.217: [GC
Desired survivor size 557056 bytes, new threshold 1 (max 15)
- age   1:     562080 bytes,     562080 total
- age   2:     311960 bytes,     874040 total
- age   3:      16872 bytes,     890912 total
 19658K->13716K(24716K), 0.0015232 secs]
64.223: [GC
Desired survivor size 557056 bytes, new threshold 15 (max 15)
- age   1:     249856 bytes,     249856 total
 20232K->13762K(24716K), 0.0015194 secs]
64.229: [GC
Desired survivor size 557056 bytes, new threshold 15 (max 15)
- age   1:     488736 bytes,     488736 total
- age   2:      40992 bytes,     529728 total
 20278K->14035K(24716K), 0.0010400 secs]
64.234: [GC
Desired survivor size 557056 bytes, new threshold 2 (max 15)
- age   1:     361928 bytes,     361928 total
- age   2:     215752 bytes,     577680 total
- age   3:      40992 bytes,     618672 total
 20536K->14122K(24716K), 0.0010847 secs]
64.239: [GC
Desired survivor size 557056 bytes, new threshold 1 (max 15)
- age   1:     590248 bytes,     590248 total
- age   2:      68488 bytes,     658736 total
 20621K->14420K(24716K), 0.0013281 secs]
64.244: [GC
Desired survivor size 557056 bytes, new threshold 15 (max 15)
- age   1:     321776 bytes,     321776 total
 20945K->14665K(24716K), 0.0013199 secs]
64.250: [GC
Desired survivor size 557056 bytes, new threshold 15 (max 15)
- age   1:     250608 bytes,     250608 total
- age   2:     156992 bytes,     407600 total
 21193K->14751K(24716K), 0.0008424 secs]
64.255: [GC
Desired survivor size 557056 bytes, new threshold 3 (max 15)
- age   1:     313216 bytes,     313216 total
- age   2:     100072 bytes,     413288 total
- age   3:     156992 bytes,     570280 total
 21274K->14910K(24716K), 0.0010353 secs]
64.260: [GC
Desired survivor size 557056 bytes, new threshold 1 (max 15)
- age   1:     657352 bytes,     657352 total
- age   2:     155312 bytes,     812664 total
- age   3:     100072 bytes,     912736 total
 21436K->15397K(24716K), 0.0014015 secs]
64.266: [GC
Desired survivor size 557056 bytes, new threshold 15 (max 15)
- age   1:     312184 bytes,     312184 total
 21867K->15345K(24716K), 0.0012911 secs]
64.272: [GC
Desired survivor size 557056 bytes, new threshold 15 (max 15)
- age   1:     293248 bytes,     293248 total
- age   2:      78816 bytes,     372064 total
 21840K->15403K(24716K), 0.0007627 secs]
64.276: [GC
Desired survivor size 557056 bytes, new threshold 15 (max 15)
- age   1:     404496 bytes,     404496 total
- age   2:      57216 bytes,     461712 total
- age   3:      78816 bytes,     540528 total
 21915K->15568K(24716K), 0.0010492 secs]
64.282: [GC
Desired survivor size 557056 bytes, new threshold 2 (max 15)
- age   1:     443344 bytes,     443344 total
- age   2:     247648 bytes,     690992 total
- age   3:      57216 bytes,     748208 total
- age   4:      78816 bytes,     827024 total
 22091K->15848K(24716K), 0.0012982 secs]
64.288: [GC
Desired survivor size 557056 bytes, new threshold 2 (max 15)
- age   1:     420472 bytes,     420472 total
- age   2:     171816 bytes,     592288 total
 22364K->16001K(24716K), 0.0015811 secs]
64.294: [GC
Desired survivor size 557056 bytes, new threshold 2 (max 15)
- age   1:     430432 bytes,     430432 total
- age   2:     325880 bytes,     756312 total
 22519K->16329K(24716K), 0.0013257 secs]
64.300: [GC
Desired survivor size 557056 bytes, new threshold 15 (max 15)
- age   1:      73160 bytes,      73160 total
- age   2:     408824 bytes,     481984 total
 22825K->16245K(24716K), 0.0018347 secs]
64.305: [GC
Desired survivor size 557056 bytes, new threshold 15 (max 15)
- age   1:     145224 bytes,     145224 total
- age   2:      47520 bytes,     192744 total
- age   3:     239656 bytes,     432400 total
 22767K->16198K(24716K), 0.0013398 secs]
64.310: [GC
Desired survivor size 557056 bytes, new threshold 3 (max 15)
- age   1:     455632 bytes,     455632 total
- age   2:      60080 bytes,     515712 total
- age   3:      47520 bytes,     563232 total
- age   4:     239656 bytes,     802888 total
 22704K->16560K(24716K), 0.0012054 secs]
64.316: [GC
Desired survivor size 557056 bytes, new threshold 2 (max 15)
- age   1:     493776 bytes,     493776 total
- age   2:      94360 bytes,     588136 total
- age   3:      60080 bytes,     648216 total
 23087K->16690K(24716K), 0.0014056 secs]
64.321: [GC
Desired survivor size 557056 bytes, new threshold 15 (max 15)
- age   1:     321752 bytes,     321752 total
- age   2:      84360 bytes,     406112 total
 23191K->16604K(24716K), 0.0009606 secs]
64.330: [GC
Desired survivor size 557056 bytes, new threshold 15 (max 15)
- age   1:     262992 bytes,     262992 total
- age   2:      54424 bytes,     317416 total
- age   3:      84360 bytes,     401776 total
 23096K->16599K(24716K), 0.0008931 secs]
64.335: [GC
Desired survivor size 557056 bytes, new threshold 15 (max 15)
- age   1:     223176 bytes,     223176 total
- age   2:     184144 bytes,     407320 total
- age   3:      54424 bytes,     461744 total
- age   4:      84360 bytes,     546104 total
 23087K->16739K(24716K), 0.0010407 secs]
64.341: [GC
Desired survivor size 557056 bytes, new threshold 1 (max 15)
- age   1:     661984 bytes,     661984 total
- age   2:      61904 bytes,     723888 total
- age   3:     184144 bytes,     908032 total
- age   4:      54424 bytes,     962456 total
- age   5:      84360 bytes,    1046816 total
 23267K->17229K(24716K), 0.0014862 secs]
64.349: [GC
Desired survivor size 557056 bytes, new threshold 15 (max 15)
- age   1:     300312 bytes,     300312 total
 23740K->17153K(24716K), 0.0010899 secs]
64.354: [GC
Desired survivor size 557056 bytes, new threshold 15 (max 15)
- age   1:     207880 bytes,     207880 total
- age   2:       1160 bytes,     209040 total
 23677K->17061K(24716K), 0.0006565 secs]
64.359: [GC
Desired survivor size 557056 bytes, new threshold 15 (max 15)
- age   1:     425344 bytes,     425344 total
- age   2:      96200 bytes,     521544 total
- age   3:       1160 bytes,     522704 total
 23486K->17369K(24716K), 0.0009956 secs]
64.364: [GC
Desired survivor size 557056 bytes, new threshold 2 (max 15)
- age   1:     336640 bytes,     336640 total
- age   2:     225920 bytes,     562560 total
- age   3:      96200 bytes,     658760 total
- age   4:       1160 bytes,     659920 total
 23821K->17501K(24716K), 0.0013427 secs]
64.369: [GC
Desired survivor size 557056 bytes, new threshold 15 (max 15)
- age   1:     228528 bytes,     228528 total
- age   2:     252328 bytes,     480856 total
 23950K->17584K(24908K), 0.0013751 secs]
64.371: [Full GC 17584K->7864K(24908K), 0.0707994 secs]
64.446: [GC
Desired survivor size 557056 bytes, new threshold 1 (max 15)
- age   1:     885464 bytes,     885464 total
 14377K->8733K(24716K), 0.0011155 secs]
64.452: [GC
Desired survivor size 557056 bytes, new threshold 1 (max 15)
- age   1:     672216 bytes,     672216 total
 15210K->9106K(24716K), 0.0015219 secs]
64.458: [GC
Desired survivor size 557056 bytes, new threshold 15 (max 15)
- age   1:     285944 bytes,     285944 total
 15628K->9102K(24716K), 0.0010813 secs]
64.463: [GC
Desired survivor size 557056 bytes, new threshold 15 (max 15)
- age   1:     226264 bytes,     226264 total
- age   2:     145008 bytes,     371272 total
 15596K->9186K(24716K), 0.0008452 secs]
64.469: [GC
Desired survivor size 557056 bytes, new threshold 2 (max 15)
- age   1:     463040 bytes,     463040 total
- age   2:     165968 bytes,     629008 total
- age   3:     145008 bytes,     774016 total
 15683K->9579K(24716K), 0.0010547 secs]
64.474: [GC
Desired survivor size 557056 bytes, new threshold 15 (max 15)
- age   1:     103016 bytes,     103016 total
- age   2:     211280 bytes,     314296 total
 16093K->9442K(24716K), 0.0012634 secs]
64.479: [GC
Desired survivor size 557056 bytes, new threshold 3 (max 15)
- age   1:     385688 bytes,     385688 total
- age   2:      37728 bytes,     423416 total
- age   3:     211280 bytes,     634696 total
 15956K->9755K(24716K), 0.0012607 secs]
64.484: [GC
Desired survivor size 557056 bytes, new threshold 15 (max 15)
- age   1:     216264 bytes,     216264 total
- age   2:     251312 bytes,     467576 total
- age   3:      37728 bytes,     505304 total
 16280K->9834K(24716K), 0.0011971 secs]
64.489: [GC
Desired survivor size 557056 bytes, new threshold 3 (max 15)
- age   1:     314520 bytes,     314520 total
- age   2:     140880 bytes,     455400 total
- age   3:     251312 bytes,     706712 total
- age   4:      37728 bytes,     744440 total
 16337K->10066K(24716K), 0.0013599 secs]
64.495: [GC
Desired survivor size 557056 bytes, new threshold 3 (max 15)
- age   1:     422816 bytes,     422816 total
- age   2:      52048 bytes,     474864 total
- age   3:     140880 bytes,     615744 total
 16567K->10225K(24716K), 0.0013152 secs]
64.502: [GC
Desired survivor size 557056 bytes, new threshold 15 (max 15)
- age   1:     153984 bytes,     153984 total
- age   2:     155936 bytes,     309920 total
- age   3:      52048 bytes,     361968 total
 16742K->10114K(24716K), 0.0010400 secs]
64.506: [GC
Desired survivor size 557056 bytes, new threshold 15 (max 15)
- age   1:     252336 bytes,     252336 total
- age   2:      74008 bytes,     326344 total
- age   3:     155936 bytes,     482280 total
- age   4:      52048 bytes,     534328 total
 16501K->10283K(24716K), 0.0010341 secs]
64.512: [GC
Desired survivor size 557056 bytes, new threshold 3 (max 15)
- age   1:     421240 bytes,     421240 total
- age   2:      84864 bytes,     506104 total
- age   3:      74008 bytes,     580112 total
- age   4:     155936 bytes,     736048 total
- age   5:      52048 bytes,     788096 total
 16766K->10530K(24716K), 0.0015672 secs]
64.517: [GC
Desired survivor size 557056 bytes, new threshold 2 (max 15)
- age   1:     252400 bytes,     252400 total
- age   2:     338768 bytes,     591168 total
- age   3:      84864 bytes,     676032 total
 17053K->10696K(24716K), 0.0014014 secs]
64.524: [GC
Desired survivor size 557056 bytes, new threshold 1 (max 15)
- age   1:     739304 bytes,     739304 total
- age   2:     168296 bytes,     907600 total
 17192K->11336K(24716K), 0.0015229 secs]
64.529: [GC
Desired survivor size 557056 bytes, new threshold 15 (max 15)
- age   1:     169016 bytes,     169016 total
 17816K->11096K(24716K), 0.0011439 secs]
64.535: [GC
Desired survivor size 557056 bytes, new threshold 15 (max 15)
- age   1:     169248 bytes,     169248 total
- age   2:      85184 bytes,     254432 total
 17524K->11180K(24716K), 0.0007682 secs]
64.540: [GC
Desired survivor size 557056 bytes, new threshold 2 (max 15)
- age   1:     522064 bytes,     522064 total
- age   2:      84896 bytes,     606960 total
- age   3:      85152 bytes,     692112 total
 17686K->11607K(24716K), 0.0011867 secs]
64.546: [GC
Desired survivor size 557056 bytes, new threshold 2 (max 15)
- age   1:     367144 bytes,     367144 total
- age   2:     210672 bytes,     577816 total
 18129K->11661K(24716K), 0.0011397 secs]
64.551: [GC
Desired survivor size 557056 bytes, new threshold 2 (max 15)
- age   1:     453536 bytes,     453536 total
- age   2:     166192 bytes,     619728 total
 18189K->11908K(24716K), 0.0012821 secs]
64.557: [GC
Desired survivor size 557056 bytes, new threshold 15 (max 15)
- age   1:     149520 bytes,     149520 total
- age   2:     224208 bytes,     373728 total
 18391K->11837K(24716K), 0.0010084 secs]
64.566: [GC
Desired survivor size 557056 bytes, new threshold 3 (max 15)
- age   1:     365824 bytes,     365824 total
- age   2:     116536 bytes,     482360 total
- age   3:     224208 bytes,     706568 total
 18365K->12162K(24716K), 0.0010829 secs]
64.572: [GC
Desired survivor size 557056 bytes, new threshold 15 (max 15)
- age   1:      80056 bytes,      80056 total
- age   2:     334200 bytes,     414256 total
- age   3:     116536 bytes,     530792 total
 18690K->12209K(24716K), 0.0016887 secs]
64.578: [GC
Desired survivor size 557056 bytes, new threshold 4 (max 15)
- age   1:     340528 bytes,     340528 total
- age   2:       4608 bytes,     345136 total
- age   3:     205752 bytes,     550888 total
- age   4:     116536 bytes,     667424 total
 18703K->12343K(24716K), 0.0010444 secs]
64.583: [GC
Desired survivor size 557056 bytes, new threshold 1 (max 15)
- age   1:     659432 bytes,     659432 total
- age   2:     255616 bytes,     915048 total
- age   3:       4608 bytes,     919656 total
- age   4:     149384 bytes,    1069040 total
 18848K->13101K(24716K), 0.0016930 secs]
64.594: [GC
Desired survivor size 557056 bytes, new threshold 15 (max 15)
- age   1:     462152 bytes,     462152 total
 19585K->13251K(24716K), 0.0016548 secs]
64.603: [GC
Desired survivor size 557056 bytes, new threshold 15 (max 15)
- age   1:     207432 bytes,     207432 total
- age   2:     171280 bytes,     378712 total
 19724K->13168K(24716K), 0.0011520 secs]
64.611: [GC
Desired survivor size 557056 bytes, new threshold 1 (max 15)
- age   1:     567560 bytes,     567560 total
- age   2:        736 bytes,     568296 total
- age   3:     170576 bytes,     738872 total
 19674K->13520K(24716K), 0.0010500 secs]
64.617: [GC
Desired survivor size 557056 bytes, new threshold 15 (max 15)
- age   1:     153528 bytes,     153528 total
 20027K->13352K(24716K), 0.0022241 secs]
64.628: [GC
Desired survivor size 557056 bytes, new threshold 2 (max 15)
- age   1:     523592 bytes,     523592 total
- age   2:      67080 bytes,     590672 total
 19859K->13778K(24716K), 0.0012240 secs]
64.633: [GC
Desired survivor size 557056 bytes, new threshold 2 (max 15)
- age   1:     127832 bytes,     127832 total
- age   2:     442488 bytes,     570320 total
 20291K->13825K(24716K), 0.0011027 secs]
64.638: [GC
Desired survivor size 557056 bytes, new threshold 1 (max 15)
- age   1:     608976 bytes,     608976 total
- age   2:      42928 bytes,     651904 total
 20325K->14336K(24716K), 0.0012552 secs]
64.645: [GC
Desired survivor size 557056 bytes, new threshold 15 (max 15)
- age   1:     412160 bytes,     412160 total
 20843K->14572K(24716K), 0.0011793 secs]
64.651: [GC
Desired survivor size 557056 bytes, new threshold 2 (max 15)
- age   1:     426280 bytes,     426280 total
- age   2:     230336 bytes,     656616 total
 21093K->14811K(24716K), 0.0010578 secs]
64.657: [GC
Desired survivor size 557056 bytes, new threshold 15 (max 15)
- age   1:      72592 bytes,      72592 total
- age   2:     382176 bytes,     454768 total
 21336K->14843K(24716K), 0.0013360 secs]
64.662: [GC
Desired survivor size 557056 bytes, new threshold 3 (max 15)
- age   1:     225872 bytes,     225872 total
- age   2:      25616 bytes,     251488 total
- age   3:     322864 bytes,     574352 total
 21342K->14960K(24716K), 0.0010241 secs]
64.667: [GC
Desired survivor size 557056 bytes, new threshold 15 (max 15)
- age   1:     153288 bytes,     153288 total
- age   2:     166056 bytes,     319344 total
- age   3:      25616 bytes,     344960 total
 21484K->15051K(24716K), 0.0015530 secs]
64.673: [GC
Desired survivor size 557056 bytes, new threshold 3 (max 15)
- age   1:     300520 bytes,     300520 total
- age   2:     127072 bytes,     427592 total
- age   3:     166056 bytes,     593648 total
- age   4:       8384 bytes,     602032 total
 21569K->15302K(24716K), 0.0010289 secs]
64.681: [GC
Desired survivor size 557056 bytes, new threshold 15 (max 15)
- age   1:      28208 bytes,      28208 total
- age   2:     192992 bytes,     221200 total
- age   3:     127072 bytes,     348272 total
 21817K->15232K(24716K), 0.0010011 secs]
64.686: [GC
Desired survivor size 557056 bytes, new threshold 4 (max 15)
- age   1:     238136 bytes,     238136 total
- age   2:       1168 bytes,     239304 total
- age   3:     192992 bytes,     432296 total
- age   4:     127072 bytes,     559368 total
 21703K->15437K(24716K), 0.0011380 secs]
64.692: [GC
Desired survivor size 557056 bytes, new threshold 2 (max 15)
- age   1:     464216 bytes,     464216 total
- age   2:     207224 bytes,     671440 total
- age   3:       1168 bytes,     672608 total
- age   4:     192992 bytes,     865600 total
 21947K->15857K(24716K), 0.0017214 secs]
64.697: [GC
Desired survivor size 557056 bytes, new threshold 1 (max 15)
- age   1:     593848 bytes,     593848 total
- age   2:     382600 bytes,     976448 total
 22375K->16355K(24716K), 0.0023796 secs]
64.704: [GC
Desired survivor size 557056 bytes, new threshold 1 (max 15)
- age   1:     627600 bytes,     627600 total
 22843K->16815K(24716K), 0.0016219 secs]
64.710: [GC
Desired survivor size 557056 bytes, new threshold 15 (max 15)
- age   1:     102208 bytes,     102208 total
 23343K->16797K(24716K), 0.0011153 secs]
64.716: [GC
Desired survivor size 557056 bytes, new threshold 15 (max 15)
- age   1:     113672 bytes,     113672 total
- age   2:      37168 bytes,     150840 total
 23308K->16843K(24716K), 0.0006843 secs]
64.721: [GC
Desired survivor size 557056 bytes, new threshold 15 (max 15)
- age   1:     280784 bytes,     280784 total
- age   2:      46864 bytes,     327648 total
- age   3:      37168 bytes,     364816 total
 23346K->17053K(24716K), 0.0009738 secs]
64.727: [GC
Desired survivor size 557056 bytes, new threshold 15 (max 15)
- age   1:     121152 bytes,     121152 total
- age   2:     212672 bytes,     333824 total
- age   3:      46824 bytes,     380648 total
- age   4:      37128 bytes,     417776 total
 23533K->17104K(24716K), 0.0008779 secs]
64.732: [GC
Desired survivor size 557056 bytes, new threshold 15 (max 15)
- age   1:      91336 bytes,      91336 total
- age   2:      49776 bytes,     141112 total
- age   3:     212672 bytes,     353784 total
- age   4:      46824 bytes,     400608 total
- age   5:      37128 bytes,     437736 total
 23632K->17122K(24716K), 0.0010161 secs]
64.739: [GC
Desired survivor size 557056 bytes, new threshold 15 (max 15)
- age   1:     109304 bytes,     109304 total
- age   2:      90768 bytes,     200072 total
- age   3:       3568 bytes,     203640 total
- age   4:     212672 bytes,     416312 total
- age   5:      46824 bytes,     463136 total
- age   6:      37128 bytes,     500264 total
 23650K->17187K(24716K), 0.0009975 secs]
64.744: [GC
Desired survivor size 557056 bytes, new threshold 5 (max 15)
- age   1:     442080 bytes,     442080 total
- age   2:       5184 bytes,     447264 total
- age   3:      90768 bytes,     538032 total
- age   4:       3568 bytes,     541600 total
- age   5:     212672 bytes,     754272 total
- age   6:      46824 bytes,     801096 total
- age   7:      37128 bytes,     838224 total
 23684K->17524K(24716K), 0.0014109 secs]
64.750: [GC
Desired survivor size 557056 bytes, new threshold 15 (max 15)
- age   1:     176712 bytes,     176712 total
- age   2:     271176 bytes,     447888 total
- age   3:       5184 bytes,     453072 total
- age   4:      90768 bytes,     543840 total
- age   5:       3568 bytes,     547408 total
 24042K->17545K(24716K), 0.0012495 secs]
64.755: [GC
Desired survivor size 557056 bytes, new threshold 5 (max 15)
- age   1:     238736 bytes,     238736 total
- age   3:     271176 bytes,     509912 total
- age   4:       5184 bytes,     515096 total
- age   5:      90768 bytes,     605864 total
- age   6:       3568 bytes,     609432 total
 24046K->17592K(24716K), 0.0010612 secs]
64.762: [GC
Desired survivor size 557056 bytes, new threshold 4 (max 15)
- age   1:     331872 bytes,     331872 total
- age   4:     271176 bytes,     603048 total
- age   5:       5104 bytes,     608152 total
 24089K->17610K(24716K), 0.0010687 secs]
64.768: [GC
Desired survivor size 557056 bytes, new threshold 15 (max 15)
- age   1:     161760 bytes,     161760 total
- age   2:     136128 bytes,     297888 total
 24121K->17574K(24908K), 0.0010026 secs]
64.770: [Full GC 17574K->8418K(24908K), 0.0706024 secs]
64.845: [GC
Desired survivor size 557056 bytes, new threshold 15 (max 15)
- age   1:     284264 bytes,     284264 total
 14946K->8698K(24716K), 0.0007346 secs]
64.852: [GC
Desired survivor size 557056 bytes, new threshold 15 (max 15)
- age   1:     298632 bytes,     298632 total
- age   2:     144984 bytes,     443616 total
 15215K->8854K(24716K), 0.0007456 secs]
64.856: [GC
Desired survivor size 557056 bytes, new threshold 3 (max 15)
- age   1:     200928 bytes,     200928 total
- age   2:     213696 bytes,     414624 total
- age   3:     144984 bytes,     559608 total
 15378K->8965K(24716K), 0.0009720 secs]
64.863: [GC
Desired survivor size 557056 bytes, new threshold 3 (max 15)
- age   1:     399840 bytes,     399840 total
- age   2:     138824 bytes,     538664 total
- age   3:     213696 bytes,     752360 total
 15458K->9307K(24716K), 0.0018186 secs]
64.870: [GC
Desired survivor size 557056 bytes, new threshold 15 (max 15)
- age   1:     325752 bytes,     325752 total
- age   2:      82624 bytes,     408376 total
- age   3:     111800 bytes,     520176 total
 15813K->9291K(24716K), 0.0009547 secs]
64.875: [GC
Desired survivor size 557056 bytes, new threshold 2 (max 15)
- age   1:     534032 bytes,     534032 total
- age   2:     127384 bytes,     661416 total
- age   3:      82624 bytes,     744040 total
- age   4:     111800 bytes,     855840 total
 15753K->9619K(24716K), 0.0010652 secs]
64.881: [GC
Desired survivor size 557056 bytes, new threshold 2 (max 15)
- age   1:     344104 bytes,     344104 total
- age   2:     486280 bytes,     830384 total
 16102K->9850K(24716K), 0.0013673 secs]
64.886: [GC
Desired survivor size 557056 bytes, new threshold 15 (max 15)
- age   1:     132408 bytes,     132408 total
- age   2:     311408 bytes,     443816 total
 16359K->9815K(24716K), 0.0011544 secs]
64.891: [GC
Desired survivor size 557056 bytes, new threshold 3 (max 15)
- age   1:     294800 bytes,     294800 total
- age   2:      95376 bytes,     390176 total
- age   3:     311408 bytes,     701584 total
 16286K->10066K(24716K), 0.0011402 secs]
64.898: [GC
Desired survivor size 557056 bytes, new threshold 2 (max 15)
- age   1:     358296 bytes,     358296 total
- age   2:     255328 bytes,     613624 total
- age   3:      95376 bytes,     709000 total
 16559K->10376K(24716K), 0.0014911 secs]
64.904: [GC
Desired survivor size 557056 bytes, new threshold 15 (max 15)
- age   1:     226312 bytes,     226312 total
- age   2:     248960 bytes,     475272 total
 16875K->10492K(24716K), 0.0014405 secs]
64.911: [GC
Desired survivor size 557056 bytes, new threshold 2 (max 15)
- age   1:     516576 bytes,     516576 total
- age   2:      88448 bytes,     605024 total
- age   3:     248960 bytes,     853984 total
 17007K->10861K(24716K), 0.0009986 secs]
64.916: [GC
Desired survivor size 557056 bytes, new threshold 2 (max 15)
- age   1:     177992 bytes,     177992 total
- age   2:     438600 bytes,     616592 total
 17384K->10966K(24716K), 0.0013477 secs]
64.921: [GC
Desired survivor size 557056 bytes, new threshold 15 (max 15)
- age   1:     377080 bytes,     377080 total
- age   2:      18832 bytes,     395912 total
 17489K->11044K(24716K), 0.0012690 secs]
64.926: [GC
Desired survivor size 557056 bytes, new threshold 15 (max 15)
- age   1:     156152 bytes,     156152 total
- age   3:      18792 bytes,     174944 total
 17519K->10828K(24716K), 0.0008785 secs]
64.932: [GC
Desired survivor size 557056 bytes, new threshold 15 (max 15)
- age   1:     297152 bytes,     297152 total
- age   2:      82472 bytes,     379624 total
- age   4:      18792 bytes,     398416 total
 17323K->11044K(24716K), 0.0013700 secs]
64.939: [GC
Desired survivor size 557056 bytes, new threshold 15 (max 15)
- age   1:     335048 bytes,     335048 total
- age   2:      40432 bytes,     375480 total
- age   5:      18792 bytes,     394272 total
 17557K->11042K(24716K), 0.0007842 secs]
64.945: [GC
Desired survivor size 557056 bytes, new threshold 15 (max 15)
- age   1:     345528 bytes,     345528 total
- age   2:     131512 bytes,     477040 total
- age   3:      40432 bytes,     517472 total
- age   6:      18792 bytes,     536264 total
 17565K->11181K(24716K), 0.0008997 secs]
64.951: [GC
Desired survivor size 557056 bytes, new threshold 15 (max 15)
- age   1:     133456 bytes,     133456 total
- age   2:      57280 bytes,     190736 total
- age   3:     131512 bytes,     322248 total
- age   4:      40432 bytes,     362680 total
- age   7:      18792 bytes,     381472 total
 17678K->11030K(24716K), 0.0008817 secs]
64.956: [GC
Desired survivor size 557056 bytes, new threshold 5 (max 15)
- age   1:     279824 bytes,     279824 total
- age   2:      80384 bytes,     360208 total
- age   3:      57280 bytes,     417488 total
- age   4:     131512 bytes,     549000 total
- age   5:      40432 bytes,     589432 total
- age   8:      18832 bytes,     608264 total
 17481K->11251K(24716K), 0.0013833 secs]
64.961: [GC
Desired survivor size 557056 bytes, new threshold 5 (max 15)
- age   1:     169824 bytes,     169824 total
- age   2:     202384 bytes,     372208 total
- age   3:      80384 bytes,     452592 total
- age   4:      57280 bytes,     509872 total
- age   5:     131512 bytes,     641384 total
 17768K->11345K(24716K), 0.0012737 secs]
64.966: [GC
Desired survivor size 557056 bytes, new threshold 4 (max 15)
- age   1:     199864 bytes,     199864 total
- age   2:      91008 bytes,     290872 total
- age   3:     202384 bytes,     493256 total
- age   4:      80384 bytes,     573640 total
- age   5:      57280 bytes,     630920 total
 17860K->11463K(24716K), 0.0012984 secs]
64.971: [GC
Desired survivor size 557056 bytes, new threshold 4 (max 15)
- age   1:     340304 bytes,     340304 total
- age   2:     119984 bytes,     460288 total
- age   3:      91008 bytes,     551296 total
- age   4:     202384 bytes,     753680 total
 17991K->11717K(24716K), 0.0013137 secs]
64.977: [GC
Desired survivor size 557056 bytes, new threshold 3 (max 15)
- age   1:     290896 bytes,     290896 total
- age   2:     259104 bytes,     550000 total
- age   3:     119984 bytes,     669984 total
- age   4:      91008 bytes,     760992 total
 18237K->11922K(24716K), 0.0012516 secs]
64.983: [GC
Desired survivor size 557056 bytes, new threshold 1 (max 15)
- age   1:     630568 bytes,     630568 total
- age   2:     208152 bytes,     838720 total
- age   3:     259104 bytes,    1097824 total
 18424K->12465K(24716K), 0.0016489 secs]
64.989: [GC
Desired survivor size 557056 bytes, new threshold 15 (max 15)
- age   1:     389568 bytes,     389568 total
 18956K->12582K(24716K), 0.0022414 secs]
64.995: [GC
Desired survivor size 557056 bytes, new threshold 1 (max 15)
- age   1:     926304 bytes,     926304 total
 19106K->13106K(24716K), 0.0011255 secs]
65.001: [GC
Desired survivor size 557056 bytes, new threshold 15 (max 15)
- age   1:     350448 bytes,     350448 total
 19620K->13131K(24716K), 0.0019696 secs]
65.007: [GC
Desired survivor size 557056 bytes, new threshold 15 (max 15)
- age   1:     121544 bytes,     121544 total
- age   2:     332672 bytes,     454216 total
 19639K->13234K(24716K), 0.0011219 secs]
65.012: [GC
Desired survivor size 557056 bytes, new threshold 3 (max 15)
- age   1:     478568 bytes,     478568 total
- age   2:      45632 bytes,     524200 total
- age   3:      99144 bytes,     623344 total
 19619K->13399K(24716K), 0.0010142 secs]
65.017: [GC
Desired survivor size 557056 bytes, new threshold 15 (max 15)
- age   1:     158072 bytes,     158072 total
- age   2:      55920 bytes,     213992 total
- age   3:      45632 bytes,     259624 total
 19910K->13141K(24716K), 0.0008402 secs]
65.022: [GC
Desired survivor size 557056 bytes, new threshold 2 (max 15)
- age   1:     517232 bytes,     517232 total
- age   2:      79072 bytes,     596304 total
- age   4:      45632 bytes,     641936 total
 19617K->13514K(24716K), 0.0009372 secs]
65.027: [GC
Desired survivor size 557056 bytes, new threshold 15 (max 15)
- age   1:     271616 bytes,     271616 total
- age   2:     109624 bytes,     381240 total
 20024K->13387K(24716K), 0.0008805 secs]
65.032: [GC
Desired survivor size 557056 bytes, new threshold 15 (max 15)
- age   1:     201376 bytes,     201376 total
- age   2:     108576 bytes,     309952 total
- age   3:      52296 bytes,     362248 total
 19911K->13369K(24716K), 0.0008018 secs]
65.037: [GC
Desired survivor size 557056 bytes, new threshold 15 (max 15)
- age   1:     196864 bytes,     196864 total
- age   2:      59152 bytes,     256016 total
- age   4:      52296 bytes,     308312 total
 19888K->13318K(24716K), 0.0010152 secs]
65.042: [GC
Desired survivor size 557056 bytes, new threshold 15 (max 15)
- age   1:     266776 bytes,     266776 total
- age   2:     112680 bytes,     379456 total
- age   5:      52296 bytes,     431752 total
 19838K->13439K(24716K), 0.0008842 secs]
65.052: [GC
Desired survivor size 557056 bytes, new threshold 6 (max 15)
- age   1:     443288 bytes,     443288 total
- age   3:     112680 bytes,     555968 total
- age   6:      52296 bytes,     608264 total
 19920K->13610K(24716K), 0.0009451 secs]
65.059: [GC
Desired survivor size 557056 bytes, new threshold 15 (max 15)
- age   1:      68408 bytes,      68408 total
- age   2:      87352 bytes,     155760 total
- age   4:     112680 bytes,     268440 total
 20133K->13328K(24716K), 0.0024175 secs]
65.066: [GC
Desired survivor size 557056 bytes, new threshold 15 (max 15)
- age   1:     263664 bytes,     263664 total
- age   2:       2824 bytes,     266488 total
- age   3:      87352 bytes,     353840 total
 19807K->13412K(24716K), 0.0008516 secs]
65.071: [GC
Desired survivor size 557056 bytes, new threshold 15 (max 15)
- age   1:     135200 bytes,     135200 total
- age   2:     137040 bytes,     272240 total
- age   3:       2824 bytes,     275064 total
- age   4:      87240 bytes,     362304 total
 19940K->13423K(24716K), 0.0010305 secs]
65.076: [GC
Desired survivor size 557056 bytes, new threshold 15 (max 15)
- age   1:     145304 bytes,     145304 total
- age   2:     124232 bytes,     269536 total
- age   3:     137040 bytes,     406576 total
- age   4:       2824 bytes,     409400 total
- age   5:      87240 bytes,     496640 total
 19938K->13558K(24716K), 0.0015658 secs]
65.082: [GC
Desired survivor size 557056 bytes, new threshold 15 (max 15)
- age   1:     182936 bytes,     182936 total
- age   2:     101192 bytes,     284128 total
- age   3:     124192 bytes,     408320 total
- age   4:       3480 bytes,     411800 total
- age   5:       2824 bytes,     414624 total
- age   6:      87240 bytes,     501864 total
 20025K->13560K(24716K), 0.0009361 secs]
65.087: [GC
Desired survivor size 557056 bytes, new threshold 5 (max 15)
- age   1:     194120 bytes,     194120 total
- age   2:     135728 bytes,     329848 total
- age   3:     101192 bytes,     431040 total
- age   4:     124192 bytes,     555232 total
- age   5:       3480 bytes,     558712 total
- age   6:       2824 bytes,     561536 total
- age   7:      87240 bytes,     648776 total
 20029K->13707K(24716K), 0.0012088 secs]
65.092: [GC
Desired survivor size 557056 bytes, new threshold 2 (max 15)
- age   1:     541608 bytes,     541608 total
- age   2:     144728 bytes,     686336 total
- age   3:     135728 bytes,     822064 total
- age   4:     101192 bytes,     923256 total
- age   5:     124192 bytes,    1047448 total
 20169K->14193K(24716K), 0.0018142 secs]
65.100: [GC
Desired survivor size 557056 bytes, new threshold 2 (max 15)
- age   1:     280480 bytes,     280480 total
- age   2:     432904 bytes,     713384 total
 20715K->14355K(24716K), 0.0015018 secs]
65.107: [GC
Desired survivor size 557056 bytes, new threshold 15 (max 15)
- age   1:     487312 bytes,     487312 total
- age   2:      28640 bytes,     515952 total
 20795K->14584K(24716K), 0.0016086 secs]
65.112: [GC
Desired survivor size 557056 bytes, new threshold 15 (max 15)
- age   1:     122560 bytes,     122560 total
- age   2:     336584 bytes,     459144 total
- age   3:      28640 bytes,     487784 total
 21076K->14557K(24716K), 0.0010951 secs]
65.117: [GC
Desired survivor size 557056 bytes, new threshold 3 (max 15)
- age   1:     376816 bytes,     376816 total
- age   2:      84816 bytes,     461632 total
- age   3:     221416 bytes,     683048 total
- age   4:      28640 bytes,     711688 total
 21012K->14776K(24716K), 0.0013639 secs]
65.124: [GC
Desired survivor size 557056 bytes, new threshold 1 (max 15)
- age   1:     784208 bytes,     784208 total
- age   2:     121256 bytes,     905464 total
- age   3:      84816 bytes,     990280 total
 21270K->15292K(24716K), 0.0014435 secs]
65.129: [GC
Desired survivor size 557056 bytes, new threshold 15 (max 15)
- age   1:     370584 bytes,     370584 total
 21812K->15196K(24716K), 0.0015673 secs]
65.135: [GC
Desired survivor size 557056 bytes, new threshold 15 (max 15)
- age   1:     251616 bytes,     251616 total
- age   2:     232256 bytes,     483872 total
 21651K->15306K(24716K), 0.0010061 secs]
65.140: [GC
Desired survivor size 557056 bytes, new threshold 3 (max 15)
- age   1:     503752 bytes,     503752 total
- age   3:      56864 bytes,     560616 total
 21814K->15381K(24716K), 0.0009633 secs]
65.145: [GC
Desired survivor size 557056 bytes, new threshold 15 (max 15)
- age   1:     151808 bytes,     151808 total
- age   2:     233560 bytes,     385368 total
 21906K->15265K(24716K), 0.0009057 secs]
65.152: [GC
Desired survivor size 557056 bytes, new threshold 1 (max 15)
- age   1:     588320 bytes,     588320 total
- age   2:      65392 bytes,     653712 total
- age   3:     116616 bytes,     770328 total
 21778K->15641K(24716K), 0.0029399 secs]
65.162: [GC
Desired survivor size 557056 bytes, new threshold 1 (max 15)
- age   1:     591456 bytes,     591456 total
 22158K->15789K(24716K), 0.0012742 secs]
65.167: [GC
Desired survivor size 557056 bytes, new threshold 15 (max 15)
- age   1:     184144 bytes,     184144 total
 22306K->15720K(24716K), 0.0009667 secs]
65.172: [GC
Desired survivor size 557056 bytes, new threshold 15 (max 15)
- age   1:     376568 bytes,     376568 total
- age   2:     116560 bytes,     493128 total
 22247K->16021K(24716K), 0.0009449 secs]
65.178: [GC
Desired survivor size 557056 bytes, new threshold 2 (max 15)
- age   1:     533680 bytes,     533680 total
- age   2:     307896 bytes,     841576 total
- age   3:     116560 bytes,     958136 total
 22472K->16475K(24716K), 0.0010614 secs]
65.184: [GC
Desired survivor size 557056 bytes, new threshold 2 (max 15)
- age   1:     372192 bytes,     372192 total
- age   2:     448256 bytes,     820448 total
 22988K->16754K(24716K), 0.0015133 secs]
65.190: [GC
Desired survivor size 557056 bytes, new threshold 1 (max 15)
- age   1:     791488 bytes,     791488 total
- age   2:     285752 bytes,    1077240 total
 23271K->17491K(24716K), 0.0018959 secs]
65.196: [GC
Desired survivor size 557056 bytes, new threshold 15 (max 15)
- age   1:     528152 bytes,     528152 total
 24017K->17960K(25100K), 0.0020318 secs]
65.199: [Full GC 17960K->8881K(25100K), 0.0706323 secs]
65.275: [GC
Desired survivor size 557056 bytes, new threshold 15 (max 15)
- age   1:     340472 bytes,     340472 total
 15397K->9218K(24716K), 0.0008245 secs]
65.281: [GC
Desired survivor size 557056 bytes, new threshold 2 (max 15)
- age   1:     360552 bytes,     360552 total
- age   2:     254096 bytes,     614648 total
 15696K->9485K(24716K), 0.0009538 secs]
65.286: [GC
Desired survivor size 557056 bytes, new threshold 15 (max 15)
- age   1:     124408 bytes,     124408 total
- age   2:     314744 bytes,     439152 total
 16013K->9569K(24716K), 0.0012103 secs]
65.292: [GC
Desired survivor size 557056 bytes, new threshold 15 (max 15)
- age   1:     324904 bytes,     324904 total
- age   2:       3352 bytes,     328256 total
- age   3:     192944 bytes,     521200 total
 16097K->9648K(24716K), 0.0010654 secs]
65.301: [GC
Desired survivor size 557056 bytes, new threshold 4 (max 15)
- age   1:     116880 bytes,     116880 total
- age   2:     271488 bytes,     388368 total
- age   3:       3352 bytes,     391720 total
- age   4:     192944 bytes,     584664 total
 16176K->9711K(24716K), 0.0012404 secs]
65.307: [GC
Desired survivor size 557056 bytes, new threshold 3 (max 15)
- age   1:     438128 bytes,     438128 total
- age   2:       3664 bytes,     441792 total
- age   3:     271488 bytes,     713280 total
- age   4:       3352 bytes,     716632 total
 16239K->10029K(24716K), 0.0014227 secs]
65.315: [GC
Desired survivor size 557056 bytes, new threshold 15 (max 15)
- age   1:     122968 bytes,     122968 total
- age   2:     145592 bytes,     268560 total
- age   3:       3664 bytes,     272224 total
 16543K->9868K(24716K), 0.0009221 secs]
65.320: [GC
Desired survivor size 557056 bytes, new threshold 15 (max 15)
- age   1:     283920 bytes,     283920 total
- age   2:      60856 bytes,     344776 total
- age   3:     145592 bytes,     490368 total
- age   4:       3664 bytes,     494032 total
 16348K->10087K(24716K), 0.0010991 secs]
65.326: [GC
Desired survivor size 557056 bytes, new threshold 4 (max 15)
- age   1:     173928 bytes,     173928 total
- age   2:     209720 bytes,     383648 total
- age   3:      60856 bytes,     444504 total
- age   4:     145592 bytes,     590096 total
- age   5:       3664 bytes,     593760 total
 16595K->10183K(24716K), 0.0011501 secs]
65.331: [GC
Desired survivor size 557056 bytes, new threshold 3 (max 15)
- age   1:     393672 bytes,     393672 total
- age   2:      72024 bytes,     465696 total
- age   3:     209880 bytes,     675576 total
- age   4:      60856 bytes,     736432 total
 16695K->10470K(24716K), 0.0013606 secs]
65.336: [GC
Desired survivor size 557056 bytes, new threshold 15 (max 15)
- age   1:     236176 bytes,     236176 total
- age   2:     243176 bytes,     479352 total
- age   3:      72024 bytes,     551376 total
 16993K->10550K(24716K), 0.0012357 secs]
65.342: [GC
Desired survivor size 557056 bytes, new threshold 1 (max 15)
- age   1:     797688 bytes,     797688 total
- age   2:      81200 bytes,     878888 total
- age   3:      88352 bytes,     967240 total
- age   4:      72024 bytes,    1039264 total
 17066K->11098K(24716K), 0.0015029 secs]
65.348: [GC
Desired survivor size 557056 bytes, new threshold 15 (max 15)
- age   1:     261032 bytes,     261032 total
 17624K->11144K(24716K), 0.0018587 secs]
65.354: [GC
Desired survivor size 557056 bytes, new threshold 15 (max 15)
- age   1:     230088 bytes,     230088 total
- age   2:     201136 bytes,     431224 total
 17668K->11308K(24716K), 0.0014894 secs]
65.360: [GC
Desired survivor size 557056 bytes, new threshold 3 (max 15)
- age   1:     208080 bytes,     208080 total
- age   2:     168552 bytes,     376632 total
- age   3:     201136 bytes,     577768 total
 17827K->11454K(24716K), 0.0011136 secs]
65.365: [GC
Desired survivor size 557056 bytes, new threshold 2 (max 15)
- age   1:     479528 bytes,     479528 total
- age   2:     162456 bytes,     641984 total
- age   3:     168552 bytes,     810536 total
 17969K->11877K(24716K), 0.0013067 secs]
65.370: [GC
Desired survivor size 557056 bytes, new threshold 2 (max 15)
- age   1:     356968 bytes,     356968 total
- age   2:     453032 bytes,     810000 total
 18381K->12208K(24716K), 0.0015064 secs]
65.377: [GC
Desired survivor size 557056 bytes, new threshold 15 (max 15)
- age   1:     220200 bytes,     220200 total
- age   2:     147288 bytes,     367488 total
 18736K->12216K(24716K), 0.0011277 secs]
65.382: [GC
Desired survivor size 557056 bytes, new threshold 15 (max 15)
- age   1:     300320 bytes,     300320 total
- age   2:      65000 bytes,     365320 total
- age   3:     147240 bytes,     512560 total
 18731K->12358K(24716K), 0.0010339 secs]
65.387: [GC
Desired survivor size 557056 bytes, new threshold 2 (max 15)
- age   1:     431720 bytes,     431720 total
- age   2:     130808 bytes,     562528 total
- age   3:      65000 bytes,     627528 total
- age   4:     147240 bytes,     774768 total
 18826K->12614K(24716K), 0.0012166 secs]
65.393: [GC
Desired survivor size 557056 bytes, new threshold 15 (max 15)
- age   1:     292800 bytes,     292800 total
- age   2:     170920 bytes,     463720 total
 19130K->12612K(24716K), 0.0012198 secs]
65.400: [GC
Desired survivor size 557056 bytes, new threshold 1 (max 15)
- age   1:     817776 bytes,     817776 total
- age   2:      68912 bytes,     886688 total
- age   3:     170920 bytes,    1057608 total
 19091K->13190K(24716K), 0.0012114 secs]
65.406: [GC
Desired survivor size 557056 bytes, new threshold 1 (max 15)
- age   1:     677896 bytes,     677896 total
 19705K->13424K(24716K), 0.0015934 secs]
65.412: [GC
Desired survivor size 557056 bytes, new threshold 1 (max 15)
- age   1:     738696 bytes,     738696 total
 19891K->14071K(24716K), 0.0015900 secs]
65.418: [GC
Desired survivor size 557056 bytes, new threshold 1 (max 15)
- age   1:     680112 bytes,     680112 total
 20569K->14585K(24716K), 0.0015907 secs]
65.424: [GC
Desired survivor size 557056 bytes, new threshold 15 (max 15)
- age   1:     147488 bytes,     147488 total
 21099K->14648K(24716K), 0.0011575 secs]
65.429: [GC
Desired survivor size 557056 bytes, new threshold 15 (max 15)
- age   1:     293288 bytes,     293288 total
- age   2:      81736 bytes,     375024 total
 21135K->14872K(24716K), 0.0009942 secs]
65.436: [GC
Desired survivor size 557056 bytes, new threshold 3 (max 15)
- age   1:     243600 bytes,     243600 total
- age   2:     256016 bytes,     499616 total
- age   3:      81736 bytes,     581352 total
 21393K->15074K(24716K), 0.0010186 secs]
65.445: [GC
Desired survivor size 557056 bytes, new threshold 15 (max 15)
- age   1:      91832 bytes,      91832 total
- age   2:     203504 bytes,     295336 total
- age   3:     256016 bytes,     551352 total
 21599K->15121K(24716K), 0.0010387 secs]
65.451: [GC
Desired survivor size 557056 bytes, new threshold 4 (max 15)
- age   1:     231832 bytes,     231832 total
- age   2:       7696 bytes,     239528 total
- age   3:     203504 bytes,     443032 total
- age   4:     256016 bytes,     699048 total
 21625K->15266K(24716K), 0.0010813 secs]
65.456: [GC
Desired survivor size 557056 bytes, new threshold 15 (max 15)
- age   1:     241048 bytes,     241048 total
- age   2:      17536 bytes,     258584 total
- age   3:       7696 bytes,     266280 total
- age   4:     203504 bytes,     469784 total
 21764K->15302K(24716K), 0.0011133 secs]
65.462: [GC
Desired survivor size 557056 bytes, new threshold 1 (max 15)
- age   1:     672168 bytes,     672168 total
- age   2:     159752 bytes,     831920 total
- age   3:      17536 bytes,     849456 total
- age   4:       7696 bytes,     857152 total
- age   5:     203504 bytes,    1060656 total
 21798K->16095K(24716K), 0.0014578 secs]
65.469: [GC
Desired survivor size 557056 bytes, new threshold 15 (max 15)
- age   1:     534016 bytes,     534016 total
 22500K->16207K(24716K), 0.0013157 secs]
65.474: [GC
Desired survivor size 557056 bytes, new threshold 2 (max 15)
- age   1:     403888 bytes,     403888 total
- age   2:     466136 bytes,     870024 total
 22674K->16530K(24716K), 0.0013323 secs]
65.480: [GC
Desired survivor size 557056 bytes, new threshold 2 (max 15)
- age   1:     435136 bytes,     435136 total
- age   2:     267312 bytes,     702448 total
 23058K->16456K(24716K), 0.0011350 secs]
65.485: [GC
Desired survivor size 557056 bytes, new threshold 15 (max 15)
- age   1:     319792 bytes,     319792 total
- age   2:       5832 bytes,     325624 total
 22950K->16349K(24716K), 0.0010645 secs]
65.490: [GC
Desired survivor size 557056 bytes, new threshold 15 (max 15)
- age   1:     440008 bytes,     440008 total
- age   2:      84744 bytes,     524752 total
- age   3:       5832 bytes,     530584 total
 22845K->16549K(24716K), 0.0011995 secs]
65.495: [GC
Desired survivor size 557056 bytes, new threshold 3 (max 15)
- age   1:     298328 bytes,     298328 total
- age   2:     208312 bytes,     506640 total
- age   3:      84704 bytes,     591344 total
- age   4:       5832 bytes,     597176 total
 23044K->16614K(24716K), 0.0009617 secs]
65.501: [GC
Desired survivor size 557056 bytes, new threshold 3 (max 15)
- age   1:     281176 bytes,     281176 total
- age   2:     105592 bytes,     386768 total
- age   3:     208312 bytes,     595080 total
 23122K->16712K(24716K), 0.0013734 secs]
65.507: [GC
Desired survivor size 557056 bytes, new threshold 2 (max 15)
- age   1:     549368 bytes,     549368 total
- age   2:     178488 bytes,     727856 total
- age   3:     105592 bytes,     833448 total
 23225K->17148K(24716K), 0.0011603 secs]
65.514: [GC
Desired survivor size 557056 bytes, new threshold 1 (max 15)
- age   1:     682256 bytes,     682256 total
- age   2:     309608 bytes,     991864 total
 23619K->17580K(24716K), 0.0014815 secs]
65.523: [GC
Desired survivor size 557056 bytes, new threshold 15 (max 15)
- age   1:     404304 bytes,     404304 total
 24071K->17833K(25100K), 0.0016344 secs]
65.525: [Full GC 17833K->8706K(25100K), 0.0697747 secs]
65.601: [GC
Desired survivor size 557056 bytes, new threshold 15 (max 15)
- age   1:     353744 bytes,     353744 total
 15180K->9054K(24716K), 0.0006875 secs]
65.606: [GC
Desired survivor size 557056 bytes, new threshold 15 (max 15)
- age   1:     195544 bytes,     195544 total
- age   2:     316456 bytes,     512000 total
 15558K->9209K(24716K), 0.0011644 secs]
65.611: [GC
Desired survivor size 557056 bytes, new threshold 15 (max 15)
- age   1:     199376 bytes,     199376 total
- age   2:         40 bytes,     199416 total
- age   3:     316456 bytes,     515872 total
 15699K->9212K(24716K), 0.0010574 secs]
65.617: [GC
Desired survivor size 557056 bytes, new threshold 4 (max 15)
- age   1:     342264 bytes,     342264 total
- age   2:     156544 bytes,     498808 total
- age   4:     316456 bytes,     815264 total
 15724K->9505K(24716K), 0.0012779 secs]
65.624: [GC
Desired survivor size 557056 bytes, new threshold 3 (max 15)
- age   1:     146152 bytes,     146152 total
- age   2:     274376 bytes,     420528 total
- age   3:     156544 bytes,     577072 total
 15988K->9595K(24716K), 0.0013957 secs]
65.630: [GC
Desired survivor size 557056 bytes, new threshold 3 (max 15)
- age   1:     518040 bytes,     518040 total
- age   2:       5064 bytes,     523104 total
- age   3:     188616 bytes,     711720 total
 16094K->9879K(24716K), 0.0014846 secs]
65.636: [GC
Desired survivor size 557056 bytes, new threshold 2 (max 15)
- age   1:     511952 bytes,     511952 total
- age   2:     434320 bytes,     946272 total
- age   3:       5064 bytes,     951336 total
 16390K->10295K(24716K), 0.0013582 secs]
65.641: [GC
Desired survivor size 557056 bytes, new threshold 15 (max 15)
- age   1:      85152 bytes,      85152 total
- age   2:     461128 bytes,     546280 total
 16821K->10193K(24716K), 0.0012647 secs]
65.647: [GC
Desired survivor size 557056 bytes, new threshold 3 (max 15)
- age   1:     225336 bytes,     225336 total
- age   2:      58904 bytes,     284240 total
- age   3:     461128 bytes,     745368 total
 16717K->10387K(24716K), 0.0011860 secs]
65.653: [GC
Desired survivor size 557056 bytes, new threshold 1 (max 15)
- age   1:     717600 bytes,     717600 total
- age   2:     152312 bytes,     869912 total
- age   3:      58904 bytes,     928816 total
 16906K->10768K(24716K), 0.0017378 secs]
65.659: [GC
Desired survivor size 557056 bytes, new threshold 15 (max 15)
- age   1:     367304 bytes,     367304 total
 17294K->10876K(24716K), 0.0014607 secs]
65.666: [GC
Desired survivor size 557056 bytes, new threshold 15 (max 15)
- age   1:     240344 bytes,     240344 total
- age   2:     224600 bytes,     464944 total
 17371K->10972K(24716K), 0.0007873 secs]
65.672: [GC
Desired survivor size 557056 bytes, new threshold 1 (max 15)
- age   1:     583296 bytes,     583296 total
- age   2:     110096 bytes,     693392 total
- age   3:     177768 bytes,     871160 total
 17479K->11368K(24716K), 0.0010599 secs]
65.678: [GC
Desired survivor size 557056 bytes, new threshold 1 (max 15)
- age   1:     641744 bytes,     641744 total
 17807K->11649K(24716K), 0.0011755 secs]
65.683: [GC
Desired survivor size 557056 bytes, new threshold 15 (max 15)
- age   1:     130752 bytes,     130752 total
 18124K->11653K(24716K), 0.0011398 secs]
65.689: [GC
Desired survivor size 557056 bytes, new threshold 15 (max 15)
- age   1:     128816 bytes,     128816 total
- age   2:      78424 bytes,     207240 total
 18173K->11728K(24716K), 0.0006367 secs]
65.695: [GC
Desired survivor size 557056 bytes, new threshold 1 (max 15)
- age   1:     560432 bytes,     560432 total
- age   2:     108440 bytes,     668872 total
- age   3:      78368 bytes,     747240 total
 18251K->12255K(24716K), 0.0009992 secs]
65.702: [GC
Desired survivor size 557056 bytes, new threshold 15 (max 15)
- age   1:     116552 bytes,     116552 total
 18748K->12322K(24716K), 0.0013721 secs]
65.708: [GC
Desired survivor size 557056 bytes, new threshold 15 (max 15)
- age   1:     203384 bytes,     203384 total
- age   2:      59352 bytes,     262736 total
 18850K->12467K(24716K), 0.0007039 secs]
65.714: [GC
Desired survivor size 557056 bytes, new threshold 1 (max 15)
- age   1:     689040 bytes,     689040 total
- age   2:      86464 bytes,     775504 total
- age   3:      59352 bytes,     834856 total
 18986K->13025K(24716K), 0.0011045 secs]
65.720: [GC
Desired survivor size 557056 bytes, new threshold 15 (max 15)
- age   1:     242504 bytes,     242504 total
 19513K->12970K(24716K), 0.0011084 secs]
65.726: [GC
Desired survivor size 557056 bytes, new threshold 15 (max 15)
- age   1:     326600 bytes,     326600 total
- age   2:       1192 bytes,     327792 total
 19364K->13052K(24716K), 0.0008117 secs]
65.734: [GC
Desired survivor size 557056 bytes, new threshold 15 (max 15)
- age   1:     263384 bytes,     263384 total
- age   2:     163448 bytes,     426832 total
- age   3:       1064 bytes,     427896 total
 19534K->13152K(24716K), 0.0011244 secs]
65.740: [GC
Desired survivor size 557056 bytes, new threshold 15 (max 15)
- age   1:      96304 bytes,      96304 total
- age   2:     179280 bytes,     275584 total
- age   3:     163408 bytes,     438992 total
- age   4:       1064 bytes,     440056 total
 19536K->13163K(24716K), 0.0009286 secs]
65.747: [GC
Desired survivor size 557056 bytes, new threshold 15 (max 15)
- age   1:     337688 bytes,     337688 total
- age   2:      11264 bytes,     348952 total
- age   3:     179280 bytes,     528232 total
- age   4:       1816 bytes,     530048 total
- age   5:        360 bytes,     530408 total
 19685K->13253K(24716K), 0.0013786 secs]
65.752: [GC
Desired survivor size 557056 bytes, new threshold 2 (max 15)
- age   1:     399520 bytes,     399520 total
- age   2:     174320 bytes,     573840 total
- age   3:      11264 bytes,     585104 total
- age   4:     179280 bytes,     764384 total
- age   5:       1816 bytes,     766200 total
- age   6:        360 bytes,     766560 total
 19758K->13483K(24716K), 0.0012087 secs]
65.758: [GC
Desired survivor size 557056 bytes, new threshold 15 (max 15)
- age   1:     217720 bytes,     217720 total
- age   2:     246344 bytes,     464064 total
 20003K->13498K(24716K), 0.0013193 secs]
65.765: [GC
Desired survivor size 557056 bytes, new threshold 3 (max 15)
- age   1:     211032 bytes,     211032 total
- age   2:     133168 bytes,     344200 total
- age   3:     246344 bytes,     590544 total
 19973K->13616K(24716K), 0.0009296 secs]
65.772: [GC
Desired survivor size 557056 bytes, new threshold 15 (max 15)
- age   1:      62936 bytes,      62936 total
- age   2:     151136 bytes,     214072 total
- age   3:     133168 bytes,     347240 total
 20143K->13620K(24716K), 0.0011108 secs]
65.778: [GC
Desired survivor size 557056 bytes, new threshold 15 (max 15)
- age   1:      74248 bytes,      74248 total
- age   2:        832 bytes,      75080 total
- age   3:     149744 bytes,     224824 total
- age   4:     133168 bytes,     357992 total
 20119K->13630K(24716K), 0.0008894 secs]
65.786: [GC
Desired survivor size 557056 bytes, new threshold 5 (max 15)
- age   1:     355120 bytes,     355120 total
- age   2:       7344 bytes,     362464 total
- age   3:        832 bytes,     363296 total
- age   4:      63384 bytes,     426680 total
- age   5:     133168 bytes,     559848 total
 20138K->13833K(24716K), 0.0010559 secs]
65.791: [GC
Desired survivor size 557056 bytes, new threshold 15 (max 15)
- age   1:     104632 bytes,     104632 total
- age   2:     207816 bytes,     312448 total
- age   3:       7344 bytes,     319792 total
- age   4:        832 bytes,     320624 total
- age   5:      63384 bytes,     384008 total
 20320K->13719K(24716K), 0.0012583 secs]
65.797: [GC
Desired survivor size 557056 bytes, new threshold 2 (max 15)
- age   1:     545352 bytes,     545352 total
- age   2:      27096 bytes,     572448 total
- age   3:     207672 bytes,     780120 total
- age   4:       7344 bytes,     787464 total
- age   5:        832 bytes,     788296 total
- age   6:      63384 bytes,     851680 total
 20247K->14175K(24716K), 0.0012223 secs]
65.803: [GC
Desired survivor size 557056 bytes, new threshold 2 (max 15)
- age   1:      74584 bytes,      74584 total
- age   2:     545168 bytes,     619752 total
 20703K->14124K(24716K), 0.0014866 secs]
65.810: [GC
Desired survivor size 557056 bytes, new threshold 15 (max 15)
- age   1:     303608 bytes,     303608 total
- age   2:      73416 bytes,     377024 total
 20652K->14414K(24716K), 0.0014802 secs]
65.819: [GC
Desired survivor size 557056 bytes, new threshold 15 (max 15)
- age   1:     152536 bytes,     152536 total
- age   2:     218560 bytes,     371096 total
- age   3:      73416 bytes,     444512 total
 20913K->14482K(24716K), 0.0010338 secs]
65.828: [GC
Desired survivor size 557056 bytes, new threshold 15 (max 15)
- age   1:      97040 bytes,      97040 total
- age   2:      41472 bytes,     138512 total
- age   3:     183056 bytes,     321568 total
- age   4:      73416 bytes,     394984 total
 20996K->14435K(24716K), 0.0012371 secs]
65.833: [GC
Desired survivor size 557056 bytes, new threshold 5 (max 15)
- age   1:     217856 bytes,     217856 total
- age   2:      71632 bytes,     289488 total
- age   3:      41472 bytes,     330960 total
- age   4:     183056 bytes,     514016 total
- age   5:      73416 bytes,     587432 total
 20935K->14629K(24716K), 0.0010087 secs]
65.839: [GC
Desired survivor size 557056 bytes, new threshold 5 (max 15)
- age   1:     160456 bytes,     160456 total
- age   2:     157848 bytes,     318304 total
- age   3:      47992 bytes,     366296 total
- age   4:      41472 bytes,     407768 total
- age   5:     183056 bytes,     590824 total
 21131K->14694K(24716K), 0.0010282 secs]
65.846: [GC
Desired survivor size 557056 bytes, new threshold 5 (max 15)
- age   1:     190040 bytes,     190040 total
- age   2:     127544 bytes,     317584 total
- age   3:     157848 bytes,     475432 total
- age   4:      47992 bytes,     523424 total
- age   5:      40360 bytes,     563784 total
 21202K->14849K(24716K), 0.0020851 secs]
65.852: [GC
Desired survivor size 557056 bytes, new threshold 15 (max 15)
- age   1:      62400 bytes,      62400 total
- age   2:     128040 bytes,     190440 total
- age   3:     127088 bytes,     317528 total
- age   4:     157848 bytes,     475376 total
- age   5:        704 bytes,     476080 total
 21377K->14798K(24716K), 0.0015586 secs]
65.862: [GC
Desired survivor size 557056 bytes, new threshold 1 (max 15)
- age   1:     670264 bytes,     670264 total
- age   2:        448 bytes,     670712 total
- age   3:     127952 bytes,     798664 total
- age   4:     126000 bytes,     924664 total
- age   5:     157848 bytes,    1082512 total
- age   6:        704 bytes,    1083216 total
 21322K->15424K(24716K), 0.0014814 secs]
65.870: [GC
Desired survivor size 557056 bytes, new threshold 15 (max 15)
- age   1:     248816 bytes,     248816 total
 21949K->15624K(24716K), 0.0018580 secs]
65.876: [GC
Desired survivor size 557056 bytes, new threshold 1 (max 15)
- age   1:     642024 bytes,     642024 total
- age   2:     234368 bytes,     876392 total
 22133K->16233K(24716K), 0.0012292 secs]
65.882: [GC
Desired survivor size 557056 bytes, new threshold 15 (max 15)
- age   1:     166640 bytes,     166640 total
 22748K->16177K(24716K), 0.0012165 secs]
65.889: [GC
Desired survivor size 557056 bytes, new threshold 15 (max 15)
- age   1:      92568 bytes,      92568 total
- age   2:     100264 bytes,     192832 total
 22703K->16203K(24716K), 0.0006752 secs]
65.893: [GC
Desired survivor size 557056 bytes, new threshold 15 (max 15)
- age   1:     144352 bytes,     144352 total
- age   2:      24584 bytes,     168936 total
- age   3:     100264 bytes,     269200 total
 22694K->16277K(24716K), 0.0007781 secs]
65.899: [GC
Desired survivor size 557056 bytes, new threshold 1 (max 15)
- age   1:     948880 bytes,     948880 total
- age   3:      24584 bytes,     973464 total
- age   4:     100264 bytes,    1073728 total
 22703K->17063K(24716K), 0.0013103 secs]
65.905: [GC
Desired survivor size 557056 bytes, new threshold 15 (max 15)
- age   1:     104760 bytes,     104760 total
 23576K->16904K(24716K), 0.0013567 secs]
65.911: [GC
Desired survivor size 557056 bytes, new threshold 2 (max 15)
- age   1:     541440 bytes,     541440 total
- age   2:      72560 bytes,     614000 total
 23394K->17401K(24716K), 0.0013382 secs]
65.916: [GC
Desired survivor size 557056 bytes, new threshold 2 (max 15)
- age   1:     381784 bytes,     381784 total
- age   2:     481240 bytes,     863024 total
 23903K->17717K(24716K), 0.0012922 secs]
65.923: [GC
Desired survivor size 557056 bytes, new threshold 2 (max 15)
- age   1:     493616 bytes,     493616 total
- age   2:     318360 bytes,     811976 total
 24220K->18041K(24908K), 0.0013118 secs]
65.925: [Full GC 18041K->7513K(24908K), 0.0708175 secs]
66.000: [GC
Desired survivor size 557056 bytes, new threshold 1 (max 15)
- age   1:     691464 bytes,     691464 total
 14020K->8192K(24716K), 0.0011634 secs]
66.005: [GC
Desired survivor size 557056 bytes, new threshold 15 (max 15)
- age   1:     138904 bytes,     138904 total
 14715K->8165K(24716K), 0.0010459 secs]
66.010: [GC
Desired survivor size 557056 bytes, new threshold 1 (max 15)
- age   1:     600184 bytes,     600184 total
- age   2:      61464 bytes,     661648 total
 14646K->8675K(24716K), 0.0011040 secs]
66.016: [GC
Desired survivor size 557056 bytes, new threshold 15 (max 15)
- age   1:     243488 bytes,     243488 total
 15158K->8684K(24716K), 0.0010878 secs]
66.021: [GC
Desired survivor size 557056 bytes, new threshold 15 (max 15)
- age   1:     203952 bytes,     203952 total
- age   2:      83776 bytes,     287728 total
 15185K->8727K(24716K), 0.0007319 secs]
66.027: [GC
Desired survivor size 557056 bytes, new threshold 2 (max 15)
- age   1:     477576 bytes,     477576 total
- age   2:     122440 bytes,     600016 total
- age   3:      83776 bytes,     683792 total
 15249K->9113K(24716K), 0.0010117 secs]
66.033: [GC
Desired survivor size 557056 bytes, new threshold 2 (max 15)
- age   1:     395016 bytes,     395016 total
- age   2:     362088 bytes,     757104 total
 15586K->9386K(24716K), 0.0011611 secs]
66.038: [GC
Desired survivor size 557056 bytes, new threshold 2 (max 15)
- age   1:     372176 bytes,     372176 total
- age   2:     229736 bytes,     601912 total
 15877K->9313K(24716K), 0.0010539 secs]
66.043: [GC
Desired survivor size 557056 bytes, new threshold 15 (max 15)
- age   1:     253832 bytes,     253832 total
- age   2:      37032 bytes,     290864 total
 15820K->9234K(24716K), 0.0010486 secs]
66.050: [GC
Desired survivor size 557056 bytes, new threshold 15 (max 15)
- age   1:     450408 bytes,     450408 total
- age   3:      37032 bytes,     487440 total
 15753K->9426K(24716K), 0.0007439 secs]
66.055: [GC
Desired survivor size 557056 bytes, new threshold 1 (max 15)
- age   1:     849480 bytes,     849480 total
- age   2:      25288 bytes,     874768 total
- age   4:      37032 bytes,     911800 total
 15872K->9840K(24716K), 0.0011624 secs]
66.064: [GC
Desired survivor size 557056 bytes, new threshold 15 (max 15)
- age   1:     198456 bytes,     198456 total
 16292K->9594K(24716K), 0.0012708 secs]
66.070: [GC
Desired survivor size 557056 bytes, new threshold 15 (max 15)
- age   1:     271504 bytes,     271504 total
- age   2:     113808 bytes,     385312 total
 16047K->9777K(24716K), 0.0010149 secs]
66.077: [GC
Desired survivor size 557056 bytes, new threshold 15 (max 15)
- age   1:      53768 bytes,      53768 total
- age   2:     226584 bytes,     280352 total
- age   3:     113808 bytes,     394160 total
 16290K->9785K(24716K), 0.0007702 secs]
66.083: [GC
Desired survivor size 557056 bytes, new threshold 3 (max 15)
- age   1:     456472 bytes,     456472 total
- age   2:       4360 bytes,     460832 total
- age   3:     226584 bytes,     687416 total
- age   4:        704 bytes,     688120 total
 16292K->10070K(24716K), 0.0010624 secs]
66.089: [GC
Desired survivor size 557056 bytes, new threshold 2 (max 15)
- age   1:     142552 bytes,     142552 total
- age   2:     415800 bytes,     558352 total
- age   3:       3320 bytes,     561672 total
 16598K->10171K(24716K), 0.0012086 secs]
66.098: [GC
Desired survivor size 557056 bytes, new threshold 15 (max 15)
- age   1:     129360 bytes,     129360 total
- age   2:      35824 bytes,     165184 total
 16684K->10197K(24716K), 0.0009346 secs]
66.103: [GC
Desired survivor size 557056 bytes, new threshold 15 (max 15)
- age   1:     376824 bytes,     376824 total
- age   2:      98336 bytes,     475160 total
- age   3:      35824 bytes,     510984 total
 16700K->10535K(24716K), 0.0009404 secs]
66.110: [GC
Desired survivor size 557056 bytes, new threshold 3 (max 15)
- age   1:     201712 bytes,     201712 total
- age   2:     308984 bytes,     510696 total
- age   3:      98336 bytes,     609032 total
- age   4:      33776 bytes,     642808 total
 17042K->10660K(24716K), 0.0017289 secs]
66.115: [GC
Desired survivor size 557056 bytes, new threshold 15 (max 15)
- age   1:     132360 bytes,     132360 total
- age   2:     104584 bytes,     236944 total
- age   3:     230152 bytes,     467096 total
 17099K->10638K(24716K), 0.0010757 secs]
66.122: [GC
Desired survivor size 557056 bytes, new threshold 4 (max 15)
- age   1:     274352 bytes,     274352 total
- age   2:      80272 bytes,     354624 total
- age   3:      92248 bytes,     446872 total
- age   4:     230152 bytes,     677024 total
 17051K->10836K(24716K), 0.0012653 secs]
66.133: [GC
Desired survivor size 557056 bytes, new threshold 2 (max 15)
- age   1:     458424 bytes,     458424 total
- age   2:     274352 bytes,     732776 total
- age   3:      80272 bytes,     813048 total
- age   4:      92248 bytes,     905296 total
 17364K->11282K(24716K), 0.0014228 secs]
66.139: [GC
Desired survivor size 557056 bytes, new threshold 15 (max 15)
- age   1:      56000 bytes,      56000 total
- age   2:     457760 bytes,     513760 total
 17810K->11299K(24716K), 0.0015907 secs]
66.146: [GC
Desired survivor size 557056 bytes, new threshold 3 (max 15)
- age   1:     185112 bytes,     185112 total
- age   2:       4768 bytes,     189880 total
- age   3:     457760 bytes,     647640 total
 17801K->11436K(24716K), 0.0012304 secs]
66.152: [GC
Desired survivor size 557056 bytes, new threshold 15 (max 15)
- age   1:     252432 bytes,     252432 total
- age   2:     130704 bytes,     383136 total
- age   3:       4768 bytes,     387904 total
 17914K->11634K(24716K), 0.0018427 secs]
66.157: [GC
Desired survivor size 557056 bytes, new threshold 2 (max 15)
- age   1:     475384 bytes,     475384 total
- age   2:     112680 bytes,     588064 total
- age   3:     130704 bytes,     718768 total
- age   4:       4768 bytes,     723536 total
 18128K->11957K(24716K), 0.0010653 secs]
66.164: [GC
Desired survivor size 557056 bytes, new threshold 1 (max 15)
- age   1:     559952 bytes,     559952 total
- age   2:     347328 bytes,     907280 total
 18463K->12335K(24716K), 0.0013567 secs]
66.169: [GC
Desired survivor size 557056 bytes, new threshold 15 (max 15)
- age   1:      96760 bytes,      96760 total
 18832K->12248K(24716K), 0.0012048 secs]
66.174: [GC
Desired survivor size 557056 bytes, new threshold 15 (max 15)
- age   1:     163848 bytes,     163848 total
- age   2:      43304 bytes,     207152 total
 18766K->12356K(24716K), 0.0008928 secs]
66.179: [GC
Desired survivor size 557056 bytes, new threshold 15 (max 15)
- age   1:     213728 bytes,     213728 total
- age   2:      55760 bytes,     269488 total
- age   3:      43304 bytes,     312792 total
 18846K->12459K(24716K), 0.0008102 secs]
66.185: [GC
Desired survivor size 557056 bytes, new threshold 15 (max 15)
- age   1:     291048 bytes,     291048 total
- age   2:     157360 bytes,     448408 total
- age   4:      43304 bytes,     491712 total
 18987K->12633K(24716K), 0.0009113 secs]
66.191: [GC
Desired survivor size 557056 bytes, new threshold 3 (max 15)
- age   1:     360896 bytes,     360896 total
- age   2:     119056 bytes,     479952 total
- age   3:     157360 bytes,     637312 total
 19157K->12773K(24716K), 0.0011092 secs]
66.196: [GC
Desired survivor size 557056 bytes, new threshold 3 (max 15)
- age   1:     335656 bytes,     335656 total
- age   2:     190432 bytes,     526088 total
- age   3:     119056 bytes,     645144 total
 19281K->12935K(24716K), 0.0012563 secs]
66.202: [GC
Desired survivor size 557056 bytes, new threshold 15 (max 15)
- age   1:     113992 bytes,     113992 total
- age   2:     227744 bytes,     341736 total
- age   3:     190432 bytes,     532168 total
 19391K->12948K(24716K), 0.0011402 secs]
66.207: [GC
Desired survivor size 557056 bytes, new threshold 4 (max 15)
- age   1:     203824 bytes,     203824 total
- age   3:     227744 bytes,     431568 total
- age   4:     190432 bytes,     622000 total
 19466K->13036K(24716K), 0.0011154 secs]
66.212: [GC
Desired survivor size 557056 bytes, new threshold 4 (max 15)
- age   1:     198792 bytes,     198792 total
- age   2:     156496 bytes,     355288 total
- age   4:     227744 bytes,     583032 total
 19539K->13179K(24716K), 0.0013994 secs]
66.219: [GC
Desired survivor size 557056 bytes, new threshold 15 (max 15)
- age   1:     270016 bytes,     270016 total
- age   2:      83352 bytes,     353368 total
- age   3:     156496 bytes,     509864 total
 19706K->13330K(24716K), 0.0010315 secs]
66.224: [GC
Desired survivor size 557056 bytes, new threshold 15 (max 15)
- age   1:     150984 bytes,     150984 total
- age   2:      57240 bytes,     208224 total
- age   3:      83352 bytes,     291576 total
- age   4:     156496 bytes,     448072 total
 19851K->13269K(24716K), 0.0009248 secs]
66.229: [GC
Desired survivor size 557056 bytes, new threshold 5 (max 15)
- age   1:     257072 bytes,     257072 total
- age   2:      57840 bytes,     314912 total
- age   3:      57240 bytes,     372152 total
- age   4:      56336 bytes,     428488 total
- age   5:     156496 bytes,     584984 total
 19788K->13401K(24716K), 0.0016304 secs]
66.237: [GC
Desired survivor size 557056 bytes, new threshold 4 (max 15)
- age   1:     241936 bytes,     241936 total
- age   2:     226528 bytes,     468464 total
- age   3:      56216 bytes,     524680 total
- age   4:      57240 bytes,     581920 total
- age   5:      56336 bytes,     638256 total
 19929K->13453K(24716K), 0.0009655 secs]
66.242: [GC
Desired survivor size 557056 bytes, new threshold 15 (max 15)
- age   1:      56064 bytes,      56064 total
- age   2:     163160 bytes,     219224 total
- age   3:     194424 bytes,     413648 total
- age   4:      56216 bytes,     469864 total
 19963K->13400K(24716K), 0.0011535 secs]
66.247: [GC
Desired survivor size 557056 bytes, new threshold 4 (max 15)
- age   1:     253688 bytes,     253688 total
- age   2:      21592 bytes,     275280 total
- age   3:     163160 bytes,     438440 total
- age   4:     194424 bytes,     632864 total
- age   5:      56216 bytes,     689080 total
 19898K->13615K(24716K), 0.0019088 secs]
66.253: [GC
Desired survivor size 557056 bytes, new threshold 1 (max 15)
- age   1:     682136 bytes,     682136 total
- age   2:     193792 bytes,     875928 total
- age   3:      21592 bytes,     897520 total
- age   4:     163160 bytes,    1060680 total
 20116K->14230K(24716K), 0.0015977 secs]
66.259: [GC
Desired survivor size 557056 bytes, new threshold 15 (max 15)
- age   1:     352728 bytes,     352728 total
 20739K->14039K(24716K), 0.0015444 secs]
66.265: [GC
Desired survivor size 557056 bytes, new threshold 15 (max 15)
- age   1:     373128 bytes,     373128 total
- age   2:      86464 bytes,     459592 total
 20542K->14144K(24716K), 0.0008332 secs]
66.271: [GC
Desired survivor size 557056 bytes, new threshold 3 (max 15)
- age   1:     444064 bytes,     444064 total
- age   2:      99936 bytes,     544000 total
- age   3:      86464 bytes,     630464 total
 20670K->14310K(24716K), 0.0011159 secs]
66.277: [GC
Desired survivor size 557056 bytes, new threshold 15 (max 15)
- age   1:      37208 bytes,      37208 total
- age   2:     418552 bytes,     455760 total
- age   3:      99936 bytes,     555696 total
 20819K->14327K(24716K), 0.0010941 secs]
66.283: [GC
Desired survivor size 557056 bytes, new threshold 3 (max 15)
- age   1:     459560 bytes,     459560 total
- age   2:       4480 bytes,     464040 total
- age   3:     175048 bytes,     639088 total
- age   4:      99936 bytes,     739024 total
 20846K->14508K(24716K), 0.0012002 secs]
66.288: [GC
Desired survivor size 557056 bytes, new threshold 15 (max 15)
- age   1:     119792 bytes,     119792 total
- age   2:     202616 bytes,     322408 total
- age   3:       4480 bytes,     326888 total
 21030K->14372K(24716K), 0.0010855 secs]
66.294: [GC
Desired survivor size 557056 bytes, new threshold 1 (max 15)
- age   1:     610552 bytes,     610552 total
- age   2:      83024 bytes,     693576 total
- age   3:     202416 bytes,     895992 total
- age   4:       4480 bytes,     900472 total
 20873K->14935K(24716K), 0.0012429 secs]
66.300: [GC
Desired survivor size 557056 bytes, new threshold 15 (max 15)
- age   1:     525592 bytes,     525592 total
 21459K->15213K(24716K), 0.0014016 secs]
66.305: [GC
Desired survivor size 557056 bytes, new threshold 2 (max 15)
- age   1:     436392 bytes,     436392 total
- age   2:     500280 bytes,     936672 total
 21733K->15612K(24716K), 0.0014080 secs]
66.311: [GC
Desired survivor size 557056 bytes, new threshold 2 (max 15)
- age   1:     228744 bytes,     228744 total
- age   2:     407288 bytes,     636032 total
 22130K->15360K(24716K), 0.0014588 secs]
66.317: [GC
Desired survivor size 557056 bytes, new threshold 1 (max 15)
- age   1:     636080 bytes,     636080 total
- age   2:     143840 bytes,     779920 total
 21851K->15871K(24716K), 0.0015917 secs]
66.322: [GC
Desired survivor size 557056 bytes, new threshold 15 (max 15)
- age   1:     137176 bytes,     137176 total
 22380K->15806K(24716K), 0.0012208 secs]
66.328: [GC
Desired survivor size 557056 bytes, new threshold 15 (max 15)
- age   1:     322048 bytes,     322048 total
- age   2:      68208 bytes,     390256 total
 22294K->16055K(24716K), 0.0008997 secs]
66.333: [GC
Desired survivor size 557056 bytes, new threshold 15 (max 15)
- age   1:     110712 bytes,     110712 total
- age   2:     149912 bytes,     260624 total
- age   3:      68208 bytes,     328832 total
 22561K->15995K(24716K), 0.0009376 secs]
66.338: [GC
Desired survivor size 557056 bytes, new threshold 15 (max 15)
- age   1:     228144 bytes,     228144 total
- age   2:      73680 bytes,     301824 total
- age   3:     149912 bytes,     451736 total
- age   4:      68208 bytes,     519944 total
 22498K->16181K(24716K), 0.0010221 secs]
66.343: [GC
Desired survivor size 557056 bytes, new threshold 4 (max 15)
- age   1:     234680 bytes,     234680 total
- age   2:     122808 bytes,     357488 total
- age   3:      73680 bytes,     431168 total
- age   4:     149912 bytes,     581080 total
- age   5:      68208 bytes,     649288 total
 22687K->16308K(24716K), 0.0013637 secs]
66.348: [GC
Desired survivor size 557056 bytes, new threshold 4 (max 15)
- age   1:     250032 bytes,     250032 total
- age   2:     159112 bytes,     409144 total
- age   3:     122808 bytes,     531952 total
- age   4:      73680 bytes,     605632 total
 22835K->16478K(24716K), 0.0021169 secs]
66.355: [GC
Desired survivor size 557056 bytes, new threshold 1 (max 15)
- age   1:     577248 bytes,     577248 total
- age   2:     135680 bytes,     712928 total
- age   3:     122472 bytes,     835400 total
- age   4:     122808 bytes,     958208 total
 22975K->16822K(24716K), 0.0012199 secs]
66.360: [GC
Desired survivor size 557056 bytes, new threshold 15 (max 15)
- age   1:     316352 bytes,     316352 total
 23322K->17059K(24716K), 0.0017938 secs]
66.366: [GC
Desired survivor size 557056 bytes, new threshold 1 (max 15)
- age   1:     727144 bytes,     727144 total
- age   2:     230232 bytes,     957376 total
 23587K->17685K(24716K), 0.0012113 secs]
66.371: [GC
Desired survivor size 557056 bytes, new threshold 15 (max 15)
- age   1:     382928 bytes,     382928 total
 24198K->17904K(25292K), 0.0018440 secs]
66.373: [Full GC 17904K->8647K(25292K), 0.0705652 secs]
66.448: [GC
Desired survivor size 557056 bytes, new threshold 15 (max 15)
- age   1:     284560 bytes,     284560 total
 15142K->8929K(24716K), 0.0016584 secs]
66.453: [GC
Desired survivor size 557056 bytes, new threshold 15 (max 15)
- age   1:     337712 bytes,     337712 total
- age   2:     204664 bytes,     542376 total
 15423K->9180K(24716K), 0.0012859 secs]
66.459: [GC
Desired survivor size 557056 bytes, new threshold 2 (max 15)
- age   1:     478864 bytes,     478864 total
- age   2:      84424 bytes,     563288 total
- age   3:     157360 bytes,     720648 total
 15670K->9354K(24716K), 0.0010226 secs]
66.464: [GC
Desired survivor size 557056 bytes, new threshold 2 (max 15)
- age   1:     238968 bytes,     238968 total
- age   2:     429376 bytes,     668344 total
 15851K->9547K(24716K), 0.0013159 secs]
66.469: [GC
Desired survivor size 557056 bytes, new threshold 15 (max 15)
- age   1:     176768 bytes,     176768 total
- age   2:     121272 bytes,     298040 total
 16060K->9520K(24716K), 0.0013650 secs]
66.474: [GC
Desired survivor size 557056 bytes, new threshold 1 (max 15)
- age   1:     700496 bytes,     700496 total
- age   3:     121272 bytes,     821768 total
 16020K->10031K(24716K), 0.0011939 secs]
66.481: [GC
Desired survivor size 557056 bytes, new threshold 15 (max 15)
- age   1:     127080 bytes,     127080 total
 16518K->9896K(24716K), 0.0011467 secs]
66.486: [GC
Desired survivor size 557056 bytes, new threshold 15 (max 15)
- age   1:     109352 bytes,     109352 total
- age   2:      75912 bytes,     185264 total
 16382K->9953K(24716K), 0.0006839 secs]
66.491: [GC
Desired survivor size 557056 bytes, new threshold 15 (max 15)
- age   1:     193112 bytes,     193112 total
- age   2:      53344 bytes,     246456 total
- age   3:      75912 bytes,     322368 total
 16452K->10087K(24716K), 0.0007773 secs]
66.496: [GC
Desired survivor size 557056 bytes, new threshold 4 (max 15)
- age   1:     460320 bytes,     460320 total
- age   2:      78544 bytes,     538864 total
- age   4:      75912 bytes,     614776 total
 16597K->10373K(24716K), 0.0010094 secs]
66.502: [GC
Desired survivor size 557056 bytes, new threshold 2 (max 15)
- age   1:     332600 bytes,     332600 total
- age   2:     236440 bytes,     569040 total
- age   3:      78544 bytes,     647584 total
 16883K->10479K(24716K), 0.0011194 secs]
66.508: [GC
Desired survivor size 557056 bytes, new threshold 15 (max 15)
- age   1:     252896 bytes,     252896 total
- age   2:     226544 bytes,     479440 total
 16972K->10568K(24716K), 0.0011961 secs]
66.515: [GC
Desired survivor size 557056 bytes, new threshold 1 (max 15)
- age   1:     747064 bytes,     747064 total
- age   2:     166472 bytes,     913536 total
- age   3:     184352 bytes,    1097888 total
 17051K->11332K(24716K), 0.0014410 secs]
66.521: [GC
Desired survivor size 557056 bytes, new threshold 15 (max 15)
- age   1:     144392 bytes,     144392 total
 17823K->11192K(24716K), 0.0013965 secs]
66.526: [GC
Desired survivor size 557056 bytes, new threshold 2 (max 15)
- age   1:     544824 bytes,     544824 total
- age   2:      66464 bytes,     611288 total
 17704K->11650K(24716K), 0.0011351 secs]
66.531: [GC
Desired survivor size 557056 bytes, new threshold 15 (max 15)
- age   1:     139240 bytes,     139240 total
- age   2:     253176 bytes,     392416 total
 18106K->11499K(24716K), 0.0012594 secs]
66.536: [GC
Desired survivor size 557056 bytes, new threshold 1 (max 15)
- age   1:     777064 bytes,     777064 total
- age   2:      79608 bytes,     856672 total
- age   3:     253176 bytes,    1109848 total
 17985K->12202K(24716K), 0.0017970 secs]
66.542: [GC
Desired survivor size 557056 bytes, new threshold 15 (max 15)
- age   1:     310744 bytes,     310744 total
 18676K->12085K(24716K), 0.0017503 secs]
66.548: [GC
Desired survivor size 557056 bytes, new threshold 2 (max 15)
- age   1:     553152 bytes,     553152 total
- age   2:      80384 bytes,     633536 total
 18589K->12403K(24716K), 0.0016010 secs]
66.554: [GC
Desired survivor size 557056 bytes, new threshold 15 (max 15)
- age   1:     218952 bytes,     218952 total
- age   2:     254656 bytes,     473608 total
 18910K->12325K(24716K), 0.0012215 secs]
66.559: [GC
Desired survivor size 557056 bytes, new threshold 15 (max 15)
- age   1:     171880 bytes,     171880 total
- age   2:     134408 bytes,     306288 total
- age   3:      84512 bytes,     390800 total
 18817K->12244K(24716K), 0.0008270 secs]
66.565: [GC
Desired survivor size 557056 bytes, new threshold 2 (max 15)
- age   1:     446224 bytes,     446224 total
- age   2:     171880 bytes,     618104 total
- age   3:     134408 bytes,     752512 total
- age   4:      84512 bytes,     837024 total
 18717K->12680K(24716K), 0.0010618 secs]
66.573: [GC
Desired survivor size 557056 bytes, new threshold 2 (max 15)
- age   1:     467768 bytes,     467768 total
- age   2:     302592 bytes,     770360 total
 19192K->12918K(24716K), 0.0014438 secs]
66.579: [GC
Desired survivor size 557056 bytes, new threshold 15 (max 15)
- age   1:     157160 bytes,     157160 total
- age   2:     382472 bytes,     539632 total
 19432K->12990K(24716K), 0.0012754 secs]
66.585: [GC
Desired survivor size 557056 bytes, new threshold 3 (max 15)
- age   1:     274552 bytes,     274552 total
- age   2:      66776 bytes,     341328 total
- age   3:     323336 bytes,     664664 total
 19500K->13112K(24716K), 0.0010464 secs]
66.591: [GC
Desired survivor size 557056 bytes, new threshold 15 (max 15)
- age   1:     293808 bytes,     293808 total
- age   2:         32 bytes,     293840 total
- age   3:      66776 bytes,     360616 total
 19580K->13131K(24716K), 0.0013879 secs]
66.596: [GC
Desired survivor size 557056 bytes, new threshold 1 (max 15)
- age   1:     564176 bytes,     564176 total
- age   2:     172792 bytes,     736968 total
- age   4:      66776 bytes,     803744 total
 19609K->13564K(24716K), 0.0011679 secs]
66.602: [GC
Desired survivor size 557056 bytes, new threshold 15 (max 15)
- age   1:     194464 bytes,     194464 total
 20031K->13462K(24716K), 0.0010844 secs]
66.609: [GC
Desired survivor size 557056 bytes, new threshold 15 (max 15)
- age   1:     502952 bytes,     502952 total
 19934K->13763K(24716K), 0.0024200 secs]
66.616: [GC
Desired survivor size 557056 bytes, new threshold 15 (max 15)
- age   1:     135408 bytes,     135408 total
- age   2:     173360 bytes,     308768 total
 20236K->13571K(24716K), 0.0012096 secs]
66.622: [GC
Desired survivor size 557056 bytes, new threshold 1 (max 15)
- age   1:     596296 bytes,     596296 total
- age   3:     173360 bytes,     769656 total
 20056K->14023K(24716K), 0.0010678 secs]
66.629: [GC
Desired survivor size 557056 bytes, new threshold 1 (max 15)
- age   1:     619760 bytes,     619760 total
 20504K->14282K(24716K), 0.0010915 secs]
66.634: [GC
Desired survivor size 557056 bytes, new threshold 15 (max 15)
- age   1:     405720 bytes,     405720 total
 20776K->14207K(24716K), 0.0008524 secs]
66.640: [GC
Desired survivor size 557056 bytes, new threshold 15 (max 15)
- age   1:     285360 bytes,     285360 total
- age   2:     172304 bytes,     457664 total
 20713K->14258K(24716K), 0.0008531 secs]
66.646: [GC
Desired survivor size 557056 bytes, new threshold 15 (max 15)
- age   1:     334368 bytes,     334368 total
- age   2:     140120 bytes,     474488 total
 20754K->14274K(24716K), 0.0008995 secs]
66.651: [GC
Desired survivor size 557056 bytes, new threshold 15 (max 15)
- age   1:     232176 bytes,     232176 total
- age   2:     165968 bytes,     398144 total
- age   3:     140080 bytes,     538224 total
 20797K->14336K(24716K), 0.0009567 secs]
66.656: [GC
Desired survivor size 557056 bytes, new threshold 15 (max 15)
- age   1:     132208 bytes,     132208 total
- age   3:     165968 bytes,     298176 total
- age   4:     140080 bytes,     438256 total
 20818K->14239K(24716K), 0.0010202 secs]
66.661: [GC
Desired survivor size 557056 bytes, new threshold 15 (max 15)
- age   1:     350976 bytes,     350976 total
- age   4:     165968 bytes,     516944 total
 20736K->14316K(24716K), 0.0009261 secs]
66.666: [GC
Desired survivor size 557056 bytes, new threshold 15 (max 15)
- age   1:     155568 bytes,     155568 total
- age   2:      54408 bytes,     209976 total
- age   5:     165968 bytes,     375944 total
 20803K->14178K(24716K), 0.0008612 secs]
66.671: [GC
Desired survivor size 557056 bytes, new threshold 15 (max 15)
- age   1:     329176 bytes,     329176 total
- age   2:      75288 bytes,     404464 total
- age   3:      54408 bytes,     458872 total
 20688K->14259K(24716K), 0.0007699 secs]
66.676: [GC
Desired survivor size 557056 bytes, new threshold 15 (max 15)
- age   1:     167840 bytes,     167840 total
- age   3:      75288 bytes,     243128 total
- age   4:      54408 bytes,     297536 total
 20786K->14101K(24716K), 0.0008468 secs]
66.682: [GC
Desired survivor size 557056 bytes, new threshold 15 (max 15)
- age   1:     369960 bytes,     369960 total
- age   2:      83120 bytes,     453080 total
 20576K->14253K(24716K), 0.0008961 secs]
66.687: [GC
Desired survivor size 557056 bytes, new threshold 1 (max 15)
- age   1:     722576 bytes,     722576 total
- age   2:         32 bytes,     722608 total
 20740K->14517K(24716K), 0.0017106 secs]
66.693: [GC
Desired survivor size 557056 bytes, new threshold 15 (max 15)
- age   1:     473088 bytes,     473088 total
 20965K->14596K(24716K), 0.0011132 secs]
66.703: [GC
Desired survivor size 557056 bytes, new threshold 1 (max 15)
- age   1:     711336 bytes,     711336 total
- age   2:     326208 bytes,    1037544 total
 21123K->15225K(24716K), 0.0013341 secs]
66.710: [GC
Desired survivor size 557056 bytes, new threshold 15 (max 15)
- age   1:     555504 bytes,     555504 total
 21738K->15710K(24716K), 0.0018153 secs]
66.716: [GC
Desired survivor size 557056 bytes, new threshold 2 (max 15)
- age   1:     323472 bytes,     323472 total
- age   2:     459840 bytes,     783312 total
 22214K->15933K(24716K), 0.0013744 secs]
66.721: [GC
Desired survivor size 557056 bytes, new threshold 15 (max 15)
- age   1:     261408 bytes,     261408 total
- age   2:     208032 bytes,     469440 total
 22405K->15873K(24716K), 0.0010037 secs]
66.727: [GC
Desired survivor size 557056 bytes, new threshold 3 (max 15)
- age   1:     363104 bytes,     363104 total
- age   2:         40 bytes,     363144 total
- age   3:     208032 bytes,     571176 total
 22360K->15973K(24716K), 0.0009349 secs]
66.731: [GC
Desired survivor size 557056 bytes, new threshold 2 (max 15)
- age   1:     321264 bytes,     321264 total
- age   2:     270752 bytes,     592016 total
- age   3:         40 bytes,     592056 total
 22493K->16196K(24716K), 0.0014375 secs]
66.738: [GC
Desired survivor size 557056 bytes, new threshold 15 (max 15)
- age   1:      58712 bytes,      58712 total
- age   2:     203864 bytes,     262576 total
 22724K->16136K(24716K), 0.0009685 secs]
66.743: [GC
Desired survivor size 557056 bytes, new threshold 3 (max 15)
- age   1:     529568 bytes,     529568 total
- age   2:       4560 bytes,     534128 total
- age   3:     203864 bytes,     737992 total
 22651K->16602K(24716K), 0.0017124 secs]
66.750: [GC
Desired survivor size 557056 bytes, new threshold 1 (max 15)
- age   1:     694168 bytes,     694168 total
- age   2:     401592 bytes,    1095760 total
- age   3:       4560 bytes,    1100320 total
 23118K->17086K(24716K), 0.0019474 secs]
66.757: [GC
Desired survivor size 557056 bytes, new threshold 1 (max 15)
- age   1:     607272 bytes,     607272 total
 23569K->17125K(24716K), 0.0012924 secs]
66.764: [GC
Desired survivor size 557056 bytes, new threshold 15 (max 15)
- age   1:     296144 bytes,     296144 total
 23651K->17249K(24716K), 0.0011103 secs]
66.770: [GC
Desired survivor size 557056 bytes, new threshold 1 (max 15)
- age   1:     860056 bytes,     860056 total
- age   2:     220760 bytes,    1080816 total
 23760K->18012K(24716K), 0.0014636 secs]
66.777: [GC
Desired survivor size 557056 bytes, new threshold 15 (max 15)
- age   1:     246312 bytes,     246312 total
 24510K->18100K(25484K), 0.0026886 secs]
66.780: [Full GC 18100K->8491K(25484K), 0.0700778 secs]
66.855: [GC
Desired survivor size 557056 bytes, new threshold 1 (max 15)
- age   1:     693456 bytes,     693456 total
 14991K->9170K(24716K), 0.0008856 secs]
66.862: [GC
Desired survivor size 557056 bytes, new threshold 15 (max 15)
- age   1:     147784 bytes,     147784 total
 15633K->9262K(24716K), 0.0011107 secs]
66.868: [GC
Desired survivor size 557056 bytes, new threshold 15 (max 15)
- age   1:     443632 bytes,     443632 total
 15762K->9552K(24716K), 0.0013432 secs]
66.876: [GC
Desired survivor size 557056 bytes, new threshold 2 (max 15)
- age   1:     462176 bytes,     462176 total
- age   2:     303152 bytes,     765328 total
 16080K->9866K(24716K), 0.0017457 secs]
66.881: [GC
Desired survivor size 557056 bytes, new threshold 2 (max 15)
- age   1:     288608 bytes,     288608 total
- age   2:     397688 bytes,     686296 total
 16391K->9942K(24716K), 0.0016175 secs]
66.891: [GC
Desired survivor size 557056 bytes, new threshold 15 (max 15)
- age   1:     373320 bytes,     373320 total
- age   2:     132696 bytes,     506016 total
 16401K->10152K(24716K), 0.0010783 secs]
66.896: [GC
Desired survivor size 557056 bytes, new threshold 1 (max 15)
- age   1:     678672 bytes,     678672 total
- age   2:     292952 bytes,     971624 total
- age   3:     132696 bytes,    1104320 total
 16634K->11102K(24716K), 0.0023974 secs]
66.903: [GC
Desired survivor size 557056 bytes, new threshold 15 (max 15)
- age   1:     115640 bytes,     115640 total
 17598K->11152K(24716K), 0.0015746 secs]
66.910: [GC
Desired survivor size 557056 bytes, new threshold 15 (max 15)
- age   1:     129592 bytes,     129592 total
- age   2:      47064 bytes,     176656 total
 17628K->11211K(24716K), 0.0012807 secs]
66.915: [GC
Desired survivor size 557056 bytes, new threshold 15 (max 15)
- age   1:     351744 bytes,     351744 total
- age   2:      59432 bytes,     411176 total
- age   3:      47064 bytes,     458240 total
 17739K->11487K(24716K), 0.0008837 secs]
66.920: [GC
Desired survivor size 557056 bytes, new threshold 2 (max 15)
- age   1:     304464 bytes,     304464 total
- age   2:     279112 bytes,     583576 total
- age   3:      59432 bytes,     643008 total
- age   4:       4776 bytes,     647784 total
 17962K->11672K(24716K), 0.0012990 secs]
66.926: [GC
Desired survivor size 557056 bytes, new threshold 15 (max 15)
- age   1:     291856 bytes,     291856 total
- age   2:     161744 bytes,     453600 total
 18135K->11821K(24716K), 0.0012326 secs]
66.932: [GC
Desired survivor size 557056 bytes, new threshold 3 (max 15)
- age   1:     388920 bytes,     388920 total
- age   2:     155696 bytes,     544616 total
- age   3:      66344 bytes,     610960 total
 18341K->11975K(24716K), 0.0009880 secs]
66.938: [GC
Desired survivor size 557056 bytes, new threshold 2 (max 15)
- age   1:     482480 bytes,     482480 total
- age   2:     319744 bytes,     802224 total
- age   3:     155696 bytes,     957920 total
 18434K->12379K(24716K), 0.0011664 secs]
66.944: [GC
Desired survivor size 557056 bytes, new threshold 2 (max 15)
- age   1:     485256 bytes,     485256 total
- age   2:     409936 bytes,     895192 total
 18886K->12781K(24716K), 0.0016441 secs]
66.950: [GC
Desired survivor size 557056 bytes, new threshold 1 (max 15)
- age   1:     594056 bytes,     594056 total
- age   2:     404432 bytes,     998488 total
 19267K->13040K(24716K), 0.0025735 secs]
66.957: [GC
Desired survivor size 557056 bytes, new threshold 15 (max 15)
- age   1:     388760 bytes,     388760 total
 19556K->13266K(24716K), 0.0014819 secs]
66.964: [GC
Desired survivor size 557056 bytes, new threshold 15 (max 15)
- age   1:     139560 bytes,     139560 total
- age   2:     315064 bytes,     454624 total
 19742K->13330K(24716K), 0.0009886 secs]
66.969: [GC
Desired survivor size 557056 bytes, new threshold 3 (max 15)
- age   1:     311304 bytes,     311304 total
- age   2:      77552 bytes,     388856 total
- age   3:     315064 bytes,     703920 total
 19849K->13571K(24716K), 0.0012766 secs]
66.975: [GC
Desired survivor size 557056 bytes, new threshold 15 (max 15)
- age   1:     245368 bytes,     245368 total
- age   2:     311304 bytes,     556672 total
 20059K->13495K(24716K), 0.0012583 secs]
66.980: [GC
Desired survivor size 557056 bytes, new threshold 1 (max 15)
- age   1:     647952 bytes,     647952 total
- age   2:      83024 bytes,     730976 total
- age   3:     311304 bytes,    1042280 total
 19974K->13969K(24716K), 0.0014326 secs]
66.986: [GC
Desired survivor size 557056 bytes, new threshold 1 (max 15)
- age   1:     720368 bytes,     720368 total
 20445K->14282K(24716K), 0.0015269 secs]
66.992: [GC
Desired survivor size 557056 bytes, new threshold 1 (max 15)
- age   1:     618752 bytes,     618752 total
 20764K->14636K(24716K), 0.0012759 secs]
66.998: [GC
Desired survivor size 557056 bytes, new threshold 15 (max 15)
- age   1:     443736 bytes,     443736 total
 21151K->14908K(24716K), 0.0025848 secs]
67.006: [GC
Desired survivor size 557056 bytes, new threshold 15 (max 15)
- age   1:     145296 bytes,     145296 total
- age   2:     334584 bytes,     479880 total
 21424K->14944K(24716K), 0.0008835 secs]
67.012: [GC
Desired survivor size 557056 bytes, new threshold 1 (max 15)
- age   1:     613808 bytes,     613808 total
- age   2:     145256 bytes,     759064 total
- age   3:     168632 bytes,     927696 total
 21460K->15381K(24716K), 0.0010623 secs]
67.018: [GC
Desired survivor size 557056 bytes, new threshold 15 (max 15)
- age   1:     300272 bytes,     300272 total
 21872K->15321K(24716K), 0.0011580 secs]
67.024: [GC
Desired survivor size 557056 bytes, new threshold 15 (max 15)
- age   1:     351896 bytes,     351896 total
- age   2:     169744 bytes,     521640 total
 21833K->15539K(24716K), 0.0011416 secs]
67.030: [GC
Desired survivor size 557056 bytes, new threshold 2 (max 15)
- age   1:     339280 bytes,     339280 total
- age   2:     335904 bytes,     675184 total
- age   3:     169744 bytes,     844928 total
 22046K->15855K(24716K), 0.0012526 secs]
67.037: [GC
Desired survivor size 557056 bytes, new threshold 15 (max 15)
- age   1:     107256 bytes,     107256 total
- age   2:      79440 bytes,     186696 total
 22346K->15704K(24716K), 0.0011201 secs]
67.042: [GC
Desired survivor size 557056 bytes, new threshold 15 (max 15)
- age   1:     168776 bytes,     168776 total
- age   2:      80272 bytes,     249048 total
- age   3:      79112 bytes,     328160 total
 22212K->15842K(24716K), 0.0009769 secs]
67.048: [GC
Desired survivor size 557056 bytes, new threshold 4 (max 15)
- age   1:     290128 bytes,     290128 total
- age   2:     138096 bytes,     428224 total
- age   3:      80272 bytes,     508496 total
- age   4:      79112 bytes,     587608 total
 22314K->16097K(24716K), 0.0017319 secs]
67.060: [GC
Desired survivor size 557056 bytes, new threshold 15 (max 15)
- age   1:      38920 bytes,      38920 total
- age   2:     171440 bytes,     210360 total
- age   3:     137368 bytes,     347728 total
- age   4:      80272 bytes,     428000 total
 22606K->16015K(24716K), 0.0017957 secs]
67.068: [GC
Desired survivor size 557056 bytes, new threshold 3 (max 15)
- age   1:     425016 bytes,     425016 total
- age   2:       4024 bytes,     429040 total
- age   3:     171440 bytes,     600480 total
- age   4:     137368 bytes,     737848 total
- age   5:      80272 bytes,     818120 total
 22539K->16396K(24716K), 0.0013829 secs]
67.074: [GC
Desired survivor size 557056 bytes, new threshold 15 (max 15)
- age   1:     242088 bytes,     242088 total
- age   2:     193680 bytes,     435768 total
- age   3:       4104 bytes,     439872 total
 22924K->16425K(24716K), 0.0011409 secs]
67.080: [GC
Desired survivor size 557056 bytes, new threshold 15 (max 15)
- age   1:      78312 bytes,      78312 total
- age   2:     239576 bytes,     317888 total
- age   3:     193680 bytes,     511568 total
- age   4:       3912 bytes,     515480 total
 22946K->16501K(24716K), 0.0015295 secs]
67.085: [GC
Desired survivor size 557056 bytes, new threshold 3 (max 15)
- age   1:     421160 bytes,     421160 total
- age   2:      45072 bytes,     466232 total
- age   3:     239576 bytes,     705808 total
- age   4:     193680 bytes,     899488 total
- age   5:       3912 bytes,     903400 total
 23027K->16886K(24716K), 0.0012484 secs]
67.091: [GC
Desired survivor size 557056 bytes, new threshold 15 (max 15)
- age   1:     233288 bytes,     233288 total
- age   2:     277016 bytes,     510304 total
- age   3:      45072 bytes,     555376 total
 23404K->16974K(24716K), 0.0014551 secs]
67.097: [GC
Desired survivor size 557056 bytes, new threshold 3 (max 15)
- age   1:     425608 bytes,     425608 total
- age   3:     277016 bytes,     702624 total
- age   4:      32216 bytes,     734840 total
 23495K->17135K(24716K), 0.0010688 secs]
67.102: [GC
Desired survivor size 557056 bytes, new threshold 15 (max 15)
- age   1:      85744 bytes,      85744 total
 23650K->16801K(24716K), 0.0010139 secs]
67.108: [GC
Desired survivor size 557056 bytes, new threshold 15 (max 15)
- age   1:     447456 bytes,     447456 total
- age   2:      20360 bytes,     467816 total
 23329K->17173K(24716K), 0.0008685 secs]
67.117: [GC
Desired survivor size 557056 bytes, new threshold 2 (max 15)
- age   1:     435648 bytes,     435648 total
- age   2:     313048 bytes,     748696 total
- age   3:      20360 bytes,     769056 total
 23611K->17468K(24716K), 0.0012379 secs]
67.122: [GC
Desired survivor size 557056 bytes, new threshold 1 (max 15)
- age   1:     637928 bytes,     637928 total
- age   2:     161048 bytes,     798976 total
 23959K->17723K(24716K), 0.0016837 secs]
67.128: [GC
Desired survivor size 557056 bytes, new threshold 15 (max 15)
- age   1:     250728 bytes,     250728 total
 24231K->17592K(25100K), 0.0010318 secs]
67.129: [Full GC 17592K->7362K(25100K), 0.0698455 secs]
67.204: [GC
Desired survivor size 557056 bytes, new threshold 1 (max 15)
- age   1:    1039400 bytes,    1039400 total
 13862K->8381K(24716K), 0.0011751 secs]
67.210: [GC
Desired survivor size 557056 bytes, new threshold 15 (max 15)
- age   1:     337184 bytes,     337184 total
 14879K->8310K(24716K), 0.0013060 secs]
67.216: [GC
Desired survivor size 557056 bytes, new threshold 15 (max 15)
- age   1:     512592 bytes,     512592 total
 14830K->8481K(24716K), 0.0008620 secs]
67.222: [GC
Desired survivor size 557056 bytes, new threshold 15 (max 15)
- age   1:     130296 bytes,     130296 total
- age   2:     426160 bytes,     556456 total
 15003K->8524K(24716K), 0.0012541 secs]
67.227: [GC
Desired survivor size 557056 bytes, new threshold 3 (max 15)
- age   1:      91080 bytes,      91080 total
- age   2:     108784 bytes,     199864 total
- age   3:     405928 bytes,     605792 total
 15048K->8572K(24716K), 0.0010654 secs]
67.233: [GC
Desired survivor size 557056 bytes, new threshold 15 (max 15)
- age   1:     228376 bytes,     228376 total
- age   2:      66600 bytes,     294976 total
- age   3:     108784 bytes,     403760 total
 15080K->8610K(24716K), 0.0009949 secs]
67.238: [GC
Desired survivor size 557056 bytes, new threshold 4 (max 15)
- age   1:     345112 bytes,     345112 total
- age   2:     102632 bytes,     447744 total
- age   3:      66600 bytes,     514344 total
- age   4:     108784 bytes,     623128 total
 15101K->8824K(24716K), 0.0012111 secs]
67.246: [GC
Desired survivor size 557056 bytes, new threshold 15 (max 15)
- age   1:      75360 bytes,      75360 total
- age   2:     217376 bytes,     292736 total
- age   3:      73968 bytes,     366704 total
- age   4:      66600 bytes,     433304 total
 15307K->8744K(24716K), 0.0011479 secs]
67.252: [GC
Desired survivor size 557056 bytes, new threshold 4 (max 15)
- age   1:     292168 bytes,     292168 total
- age   2:      43952 bytes,     336120 total
- age   3:     217376 bytes,     553496 total
- age   4:      73968 bytes,     627464 total
- age   5:      66600 bytes,     694064 total
 15272K->8997K(24716K), 0.0014478 secs]
67.259: [GC
Desired survivor size 557056 bytes, new threshold 1 (max 15)
- age   1:     566760 bytes,     566760 total
- age   2:     256920 bytes,     823680 total
- age   3:      43952 bytes,     867632 total
- age   4:     217376 bytes,    1085008 total
 15523K->9492K(24716K), 0.0014742 secs]
67.265: [GC
Desired survivor size 557056 bytes, new threshold 15 (max 15)
- age   1:     166456 bytes,     166456 total
 16008K->9381K(24716K), 0.0016275 secs]
67.272: [GC
Desired survivor size 557056 bytes, new threshold 1 (max 15)
- age   1:     631488 bytes,     631488 total
- age   2:      86752 bytes,     718240 total
 15845K->9921K(24716K), 0.0010077 secs]
67.279: [GC
Desired survivor size 557056 bytes, new threshold 15 (max 15)
- age   1:     133920 bytes,     133920 total
 16412K->9973K(24716K), 0.0019397 secs]
67.286: [GC
Desired survivor size 557056 bytes, new threshold 15 (max 15)
- age   1:     323048 bytes,     323048 total
- age   2:     133920 bytes,     456968 total
 16487K->10288K(24716K), 0.0007943 secs]
67.293: [GC
Desired survivor size 557056 bytes, new threshold 2 (max 15)
- age   1:     306224 bytes,     306224 total
- age   2:     292768 bytes,     598992 total
- age   3:     133088 bytes,     732080 total
 16799K->10556K(24716K), 0.0010192 secs]
67.299: [GC
Desired survivor size 557056 bytes, new threshold 15 (max 15)
- age   1:     120880 bytes,     120880 total
- age   2:     189400 bytes,     310280 total
 17062K->10568K(24716K), 0.0009719 secs]
67.304: [GC
Desired survivor size 557056 bytes, new threshold 15 (max 15)
- age   1:     234656 bytes,     234656 total
- age   2:      43224 bytes,     277880 total
- age   3:     189400 bytes,     467280 total
 17062K->10721K(24716K), 0.0008977 secs]
67.310: [GC
Desired survivor size 557056 bytes, new threshold 4 (max 15)
- age   1:     255696 bytes,     255696 total
- age   2:     151808 bytes,     407504 total
- age   3:      43224 bytes,     450728 total
- age   4:     189400 bytes,     640128 total
 17213K->10890K(24716K), 0.0010185 secs]
67.315: [GC
Desired survivor size 557056 bytes, new threshold 1 (max 15)
- age   1:     679808 bytes,     679808 total
- age   2:      88272 bytes,     768080 total
- age   3:         40 bytes,     768120 total
- age   4:      43224 bytes,     811344 total
 17403K->11240K(24716K), 0.0012993 secs]
67.320: [GC
Desired survivor size 557056 bytes, new threshold 15 (max 15)
- age   1:     377632 bytes,     377632 total
 17726K->11405K(24716K), 0.0012667 secs]
67.327: [GC
Desired survivor size 557056 bytes, new threshold 15 (max 15)
- age   1:     213944 bytes,     213944 total
- age   2:     175080 bytes,     389024 total
 17933K->11418K(24716K), 0.0007455 secs]
67.333: [GC
Desired survivor size 557056 bytes, new threshold 15 (max 15)
- age   1:     151104 bytes,     151104 total
- age   2:     166848 bytes,     317952 total
- age   3:      92712 bytes,     410664 total
 17946K->11438K(24716K), 0.0008771 secs]
67.338: [GC
Desired survivor size 557056 bytes, new threshold 3 (max 15)
- age   1:     387160 bytes,     387160 total
- age   2:     102280 bytes,     489440 total
- age   3:      87200 bytes,     576640 total
- age   4:      92712 bytes,     669352 total
 17966K->11692K(24716K), 0.0010272 secs]
67.345: [GC
Desired survivor size 557056 bytes, new threshold 3 (max 15)
- age   1:     419400 bytes,     419400 total
- age   2:      52944 bytes,     472344 total
- age   3:     102280 bytes,     574624 total
 18220K->11781K(24716K), 0.0011384 secs]
67.351: [GC
Desired survivor size 557056 bytes, new threshold 15 (max 15)
- age   1:     142096 bytes,     142096 total
- age   2:     257056 bytes,     399152 total
- age   3:      52944 bytes,     452096 total
 18288K->11763K(24716K), 0.0011681 secs]
67.358: [GC
Desired survivor size 557056 bytes, new threshold 15 (max 15)
- age   1:      91520 bytes,      91520 total
- age   2:      58992 bytes,     150512 total
- age   3:     255968 bytes,     406480 total
- age   4:      52944 bytes,     459424 total
 18259K->11770K(24716K), 0.0008687 secs]
67.363: [GC
Desired survivor size 557056 bytes, new threshold 1 (max 15)
- age   1:     636072 bytes,     636072 total
- age   2:       6712 bytes,     642784 total
- age   3:      58992 bytes,     701776 total
- age   4:       1320 bytes,     703096 total
- age   5:      52944 bytes,     756040 total
 18219K->12061K(24716K), 0.0011561 secs]
67.369: [GC
Desired survivor size 557056 bytes, new threshold 15 (max 15)
- age   1:     352328 bytes,     352328 total
 18561K->12277K(24716K), 0.0012262 secs]
67.375: [GC
Desired survivor size 557056 bytes, new threshold 2 (max 15)
- age   1:     269168 bytes,     269168 total
- age   2:     337552 bytes,     606720 total
 18802K->12525K(24716K), 0.0011035 secs]
67.380: [GC
Desired survivor size 557056 bytes, new threshold 15 (max 15)
- age   1:      64256 bytes,      64256 total
- age   2:     256504 bytes,     320760 total
 19041K->12459K(24716K), 0.0010408 secs]
67.387: [GC
Desired survivor size 557056 bytes, new threshold 15 (max 15)
- age   1:     173848 bytes,     173848 total
- age   2:         40 bytes,     173888 total
- age   3:      83560 bytes,     257448 total
 18981K->12394K(24716K), 0.0043155 secs]
67.395: [GC
Desired survivor size 557056 bytes, new threshold 15 (max 15)
- age   1:     207632 bytes,     207632 total
- age   2:     151728 bytes,     359360 total
- age   4:      23288 bytes,     382648 total
 18915K->12518K(24716K), 0.0008273 secs]
67.400: [GC
Desired survivor size 557056 bytes, new threshold 15 (max 15)
- age   1:     185032 bytes,     185032 total
- age   3:     151728 bytes,     336760 total
- age   5:      23288 bytes,     360048 total
 19020K->12496K(24716K), 0.0008172 secs]
67.405: [GC
Desired survivor size 557056 bytes, new threshold 15 (max 15)
- age   1:     116424 bytes,     116424 total
- age   4:     151728 bytes,     268152 total
- age   6:      23288 bytes,     291440 total
 19024K->12429K(24716K), 0.0010047 secs]
67.412: [GC
Desired survivor size 557056 bytes, new threshold 5 (max 15)
- age   1:     432928 bytes,     432928 total
- age   2:      53232 bytes,     486160 total
- age   5:     151728 bytes,     637888 total
- age   7:      23288 bytes,     661176 total
 18928K->12788K(24716K), 0.0022869 secs]
67.419: [GC
Desired survivor size 557056 bytes, new threshold 2 (max 15)
- age   1:     328384 bytes,     328384 total
- age   2:     254472 bytes,     582856 total
 19280K->12833K(24716K), 0.0010051 secs]
67.424: [GC
Desired survivor size 557056 bytes, new threshold 15 (max 15)
- age   1:     189488 bytes,     189488 total
- age   2:     143424 bytes,     332912 total
 19361K->12837K(24716K), 0.0009555 secs]
67.430: [GC
Desired survivor size 557056 bytes, new threshold 15 (max 15)
- age   1:     316552 bytes,     316552 total
- age   2:      30208 bytes,     346760 total
- age   3:     143424 bytes,     490184 total
 19355K->12989K(24716K), 0.0011044 secs]
67.435: [GC
Desired survivor size 557056 bytes, new threshold 4 (max 15)
- age   1:     368040 bytes,     368040 total
- age   2:     101256 bytes,     469296 total
- age   3:         32 bytes,     469328 total
- age   4:     143424 bytes,     612752 total
 19484K->13111K(24716K), 0.0009110 secs]
67.441: [GC
Desired survivor size 557056 bytes, new threshold 3 (max 15)
- age   1:     297472 bytes,     297472 total
- age   2:     163184 bytes,     460656 total
- age   3:     101256 bytes,     561912 total
 19626K->13163K(24716K), 0.0009166 secs]
67.447: [GC
Desired survivor size 557056 bytes, new threshold 15 (max 15)
- age   1:     447456 bytes,     447456 total
- age   2:      92800 bytes,     540256 total
 19681K->13241K(24716K), 0.0014647 secs]
67.452: [GC
Desired survivor size 557056 bytes, new threshold 15 (max 15)
- age   1:      98840 bytes,      98840 total
- age   2:     358680 bytes,     457520 total
- age   3:      53328 bytes,     510848 total
 19728K->13212K(24716K), 0.0010030 secs]
67.457: [GC
Desired survivor size 557056 bytes, new threshold 4 (max 15)
- age   1:     328640 bytes,     328640 total
- age   2:         40 bytes,     328680 total
- age   3:     179080 bytes,     507760 total
- age   4:      53328 bytes,     561088 total
 19701K->13261K(24716K), 0.0009968 secs]
67.462: [GC
Desired survivor size 557056 bytes, new threshold 2 (max 15)
- age   1:     391208 bytes,     391208 total
- age   2:     270792 bytes,     662000 total
- age   3:         40 bytes,     662040 total
- age   4:      67192 bytes,     729232 total
 19752K->13477K(24716K), 0.0014860 secs]
67.468: [GC
Desired survivor size 557056 bytes, new threshold 15 (max 15)
- age   1:     264912 bytes,     264912 total
- age   2:     212952 bytes,     477864 total
 19995K->13328K(24716K), 0.0011975 secs]
67.473: [GC
Desired survivor size 557056 bytes, new threshold 15 (max 15)
- age   1:     147024 bytes,     147024 total
- age   2:     160352 bytes,     307376 total
- age   3:     160624 bytes,     468000 total
 19837K->13318K(24716K), 0.0010377 secs]
67.478: [GC
Desired survivor size 557056 bytes, new threshold 4 (max 15)
- age   1:     317840 bytes,     317840 total
- age   2:      92784 bytes,     410624 total
- age   3:      59912 bytes,     470536 total
- age   4:     160624 bytes,     631160 total
 19814K->13478K(24716K), 0.0009956 secs]
67.483: [GC
Desired survivor size 557056 bytes, new threshold 15 (max 15)
- age   1:      98384 bytes,      98384 total
- age   2:     130528 bytes,     228912 total
- age   3:      92784 bytes,     321696 total
- age   4:      59912 bytes,     381608 total
 20004K->13391K(24716K), 0.0010492 secs]
67.488: [GC
Desired survivor size 557056 bytes, new threshold 15 (max 15)
- age   1:     121256 bytes,     121256 total
- age   2:      40688 bytes,     161944 total
- age   3:     130528 bytes,     292472 total
- age   4:      92784 bytes,     385256 total
 19909K->13394K(24716K), 0.0007848 secs]
67.494: [GC
Desired survivor size 557056 bytes, new threshold 4 (max 15)
- age   1:     475984 bytes,     475984 total
- age   3:      40688 bytes,     516672 total
- age   4:     130528 bytes,     647200 total
- age   5:      92784 bytes,     739984 total
 19873K->13741K(24716K), 0.0011949 secs]
67.500: [GC
Desired survivor size 557056 bytes, new threshold 4 (max 15)
- age   1:     306832 bytes,     306832 total
- age   2:     243968 bytes,     550800 total
- age   4:      40688 bytes,     591488 total
 20225K->13812K(24716K), 0.0010434 secs]
67.504: [GC
Desired survivor size 557056 bytes, new threshold 15 (max 15)
- age   1:     126160 bytes,     126160 total
- age   3:     243968 bytes,     370128 total
 20290K->13645K(24716K), 0.0008374 secs]
67.509: [GC
Desired survivor size 557056 bytes, new threshold 2 (max 15)
- age   1:     499496 bytes,     499496 total
- age   2:      60280 bytes,     559776 total
- age   4:     243968 bytes,     803744 total
 20163K->14069K(24716K), 0.0014647 secs]
67.515: [GC
Desired survivor size 557056 bytes, new threshold 15 (max 15)
- age   1:     344056 bytes,     344056 total
- age   2:     212328 bytes,     556384 total
 20534K->14124K(24716K), 0.0011762 secs]
67.520: [GC
Desired survivor size 557056 bytes, new threshold 3 (max 15)
- age   1:     274496 bytes,     274496 total
- age   2:     163360 bytes,     437856 total
- age   3:     146352 bytes,     584208 total
 20651K->14151K(24716K), 0.0009610 secs]
67.525: [GC
Desired survivor size 557056 bytes, new threshold 1 (max 15)
- age   1:     633208 bytes,     633208 total
- age   3:     163360 bytes,     796568 total
 20647K->14501K(24716K), 0.0013788 secs]
67.531: [GC
Desired survivor size 557056 bytes, new threshold 15 (max 15)
- age   1:     348256 bytes,     348256 total
 20975K->14528K(24716K), 0.0016218 secs]
67.536: [GC
Desired survivor size 557056 bytes, new threshold 2 (max 15)
- age   1:     482816 bytes,     482816 total
- age   2:     144016 bytes,     626832 total
 21014K->14800K(24716K), 0.0009869 secs]
67.541: [GC
Desired survivor size 557056 bytes, new threshold 15 (max 15)
- age   1:     257160 bytes,     257160 total
- age   2:     204576 bytes,     461736 total
 21318K->14693K(24716K), 0.0009911 secs]
67.547: [GC
Desired survivor size 557056 bytes, new threshold 1 (max 15)
- age   1:     596776 bytes,     596776 total
- age   2:     187000 bytes,     783776 total
- age   3:     204576 bytes,     988352 total
 21199K->15207K(24716K), 0.0012833 secs]
67.553: [GC
Desired survivor size 557056 bytes, new threshold 15 (max 15)
- age   1:     214264 bytes,     214264 total
 21685K->15159K(24716K), 0.0013270 secs]
67.558: [GC
Desired survivor size 557056 bytes, new threshold 15 (max 15)
- age   1:     278264 bytes,     278264 total
 21642K->15223K(24716K), 0.0006941 secs]
67.563: [GC
Desired survivor size 557056 bytes, new threshold 2 (max 15)
- age   1:     534520 bytes,     534520 total
- age   2:     200280 bytes,     734800 total
 21704K->15669K(24716K), 0.0011340 secs]
67.568: [GC
Desired survivor size 557056 bytes, new threshold 2 (max 15)
- age   1:     257240 bytes,     257240 total
- age   2:     321536 bytes,     578776 total
 22171K->15656K(24716K), 0.0013413 secs]
67.573: [GC
Desired survivor size 557056 bytes, new threshold 15 (max 15)
- age   1:     137200 bytes,     137200 total
- age   2:      49392 bytes,     186592 total
 22150K->15587K(24716K), 0.0011014 secs]
67.578: [GC
Desired survivor size 557056 bytes, new threshold 3 (max 15)
- age   1:     470816 bytes,     470816 total
- age   2:      59232 bytes,     530048 total
- age   3:      49392 bytes,     579440 total
 22098K->15971K(24716K), 0.0009381 secs]
67.583: [GC
Desired survivor size 557056 bytes, new threshold 2 (max 15)
- age   1:     272616 bytes,     272616 total
- age   2:     319456 bytes,     592072 total
 22446K->16031K(24716K), 0.0010685 secs]
67.589: [GC
Desired survivor size 557056 bytes, new threshold 1 (max 15)
- age   1:     626176 bytes,     626176 total
- age   2:     119216 bytes,     745392 total
 22539K->16501K(24716K), 0.0013063 secs]
67.595: [GC
Desired survivor size 557056 bytes, new threshold 15 (max 15)
- age   1:     457536 bytes,     457536 total
 23003K->16628K(24716K), 0.0011728 secs]
67.600: [GC
Desired survivor size 557056 bytes, new threshold 15 (max 15)
- age   1:     146072 bytes,     146072 total
- age   2:     236752 bytes,     382824 total
 23127K->16555K(24716K), 0.0008844 secs]
67.606: [GC
Desired survivor size 557056 bytes, new threshold 15 (max 15)
- age   1:     344360 bytes,     344360 total
- age   2:         40 bytes,     344400 total
- age   3:     116440 bytes,     460840 total
 23029K->16631K(24716K), 0.0007833 secs]
67.611: [GC
Desired survivor size 557056 bytes, new threshold 4 (max 15)
- age   1:     380192 bytes,     380192 total
- age   2:      60920 bytes,     441112 total
- age   4:     116440 bytes,     557552 total
 23118K->16726K(24716K), 0.0010691 secs]
67.616: [GC
Desired survivor size 557056 bytes, new threshold 1 (max 15)
- age   1:     667048 bytes,     667048 total
- age   2:     244040 bytes,     911088 total
 23240K->17184K(24716K), 0.0013131 secs]
67.623: [GC
Desired survivor size 557056 bytes, new threshold 15 (max 15)
- age   1:     316736 bytes,     316736 total
 23659K->17042K(24716K), 0.0010229 secs]
67.628: [GC
Desired survivor size 557056 bytes, new threshold 2 (max 15)
- age   1:     357040 bytes,     357040 total
- age   2:     245024 bytes,     602064 total
 23512K->17321K(24716K), 0.0009706 secs]
67.635: [GC
Desired survivor size 557056 bytes, new threshold 2 (max 15)
- age   1:     453072 bytes,     453072 total
- age   2:     209696 bytes,     662768 total
 23804K->17460K(24716K), 0.0010059 secs]
67.640: [GC
Desired survivor size 557056 bytes, new threshold 1 (max 15)
- age   1:     702632 bytes,     702632 total
- age   2:      77536 bytes,     780168 total
 23947K->17779K(24716K), 0.0012510 secs]
67.645: [GC
Desired survivor size 557056 bytes, new threshold 15 (max 15)
- age   1:     477976 bytes,     477976 total
 24255K->18043K(25292K), 0.0013111 secs]
67.647: [Full GC 18043K->7256K(25292K), 0.0786977 secs]
67.730: [GC
Desired survivor size 557056 bytes, new threshold 1 (max 15)
- age   1:     692112 bytes,     692112 total
 13774K->7934K(24716K), 0.0011112 secs]
67.735: [GC
Desired survivor size 557056 bytes, new threshold 15 (max 15)
- age   1:     227176 bytes,     227176 total
 14452K->7828K(24716K), 0.0011753 secs]
67.740: [GC
Desired survivor size 557056 bytes, new threshold 1 (max 15)
- age   1:     713464 bytes,     713464 total
 14338K->8305K(24716K), 0.0009546 secs]
67.746: [GC
Desired survivor size 557056 bytes, new threshold 1 (max 15)
- age   1:     589176 bytes,     589176 total
 14816K->8508K(24716K), 0.0011632 secs]
67.751: [GC
Desired survivor size 557056 bytes, new threshold 15 (max 15)
- age   1:     224896 bytes,     224896 total
 15014K->8418K(24716K), 0.0013842 secs]
67.758: [GC
Desired survivor size 557056 bytes, new threshold 2 (max 15)
- age   1:     553528 bytes,     553528 total
- age   2:      84816 bytes,     638344 total
 14892K->8824K(24716K), 0.0008023 secs]
67.763: [GC
Desired survivor size 557056 bytes, new threshold 15 (max 15)
- age   1:     244672 bytes,     244672 total
- age   2:     308728 bytes,     553400 total
 15337K->8824K(24716K), 0.0009635 secs]
67.770: [GC
Desired survivor size 557056 bytes, new threshold 1 (max 15)
- age   1:     690072 bytes,     690072 total
- age   2:     244672 bytes,     934744 total
- age   3:     153048 bytes,    1087792 total
 15317K->9498K(24716K), 0.0015996 secs]
67.775: [GC
Desired survivor size 557056 bytes, new threshold 15 (max 15)
- age   1:     489920 bytes,     489920 total
 15946K->9510K(24716K), 0.0014102 secs]
67.781: [GC
Desired survivor size 557056 bytes, new threshold 15 (max 15)
- age   1:     171824 bytes,     171824 total
- age   2:     149976 bytes,     321800 total
 16036K->9346K(24716K), 0.0006723 secs]
67.787: [GC
Desired survivor size 557056 bytes, new threshold 2 (max 15)
- age   1:     533192 bytes,     533192 total
- age   2:      86496 bytes,     619688 total
- age   3:     149976 bytes,     769664 total
 15836K->9784K(24716K), 0.0010982 secs]
67.794: [GC
Desired survivor size 557056 bytes, new threshold 15 (max 15)
- age   1:     314680 bytes,     314680 total
- age   2:     142688 bytes,     457368 total
 16196K->9709K(24716K), 0.0011991 secs]
67.804: [GC
Desired survivor size 557056 bytes, new threshold 15 (max 15)
- age   1:     164696 bytes,     164696 total
- age   2:     152496 bytes,     317192 total
- age   3:     142688 bytes,     459880 total
 16200K->9711K(24716K), 0.0007717 secs]
67.810: [GC
Desired survivor size 557056 bytes, new threshold 15 (max 15)
- age   1:      88592 bytes,      88592 total
- age   2:      82392 bytes,     170984 total
- age   3:     152496 bytes,     323480 total
- age   4:     142688 bytes,     466168 total
 16237K->9717K(24716K), 0.0009588 secs]
67.816: [GC
Desired survivor size 557056 bytes, new threshold 3 (max 15)
- age   1:     491904 bytes,     491904 total
- age   2:       4488 bytes,     496392 total
- age   3:      82392 bytes,     578784 total
- age   4:        704 bytes,     579488 total
- age   5:     142688 bytes,     722176 total
 16102K->9965K(24716K), 0.0020393 secs]
67.824: [GC
Desired survivor size 557056 bytes, new threshold 2 (max 15)
- age   1:     369920 bytes,     369920 total
- age   2:     407200 bytes,     777120 total
- age   3:       4488 bytes,     781608 total
 16493K->10243K(24716K), 0.0021744 secs]
67.831: [GC
Desired survivor size 557056 bytes, new threshold 15 (max 15)
- age   1:      73864 bytes,      73864 total
- age   2:     302688 bytes,     376552 total
 16771K->10254K(24716K), 0.0011464 secs]
67.838: [GC
Desired survivor size 557056 bytes, new threshold 15 (max 15)
- age   1:     226664 bytes,     226664 total
- age   2:       3968 bytes,     230632 total
- age   3:     302688 bytes,     533320 total
 16766K->10406K(24716K), 0.0008683 secs]
67.843: [GC
Desired survivor size 557056 bytes, new threshold 4 (max 15)
- age   1:     337384 bytes,     337384 total
- age   2:     146960 bytes,     484344 total
- age   3:       3968 bytes,     488312 total
- age   4:     131680 bytes,     619992 total
 16888K->10490K(24716K), 0.0009572 secs]
67.850: [GC
Desired survivor size 557056 bytes, new threshold 2 (max 15)
- age   1:     437696 bytes,     437696 total
- age   2:     166776 bytes,     604472 total
- age   3:       1600 bytes,     606072 total
- age   4:       3160 bytes,     609232 total
 17018K->10622K(24716K), 0.0012168 secs]
67.856: [GC
Desired survivor size 557056 bytes, new threshold 15 (max 15)
- age   1:      53336 bytes,      53336 total
- age   2:     412432 bytes,     465768 total
 17150K->10640K(24716K), 0.0010475 secs]
67.862: [GC
Desired survivor size 557056 bytes, new threshold 1 (max 15)
- age   1:     637432 bytes,     637432 total
- age   2:       7032 bytes,     644464 total
- age   3:     153216 bytes,     797680 total
 17161K->10971K(24716K), 0.0018075 secs]
67.872: [GC
Desired survivor size 557056 bytes, new threshold 15 (max 15)
- age   1:     274672 bytes,     274672 total
 17499K->10636K(24716K), 0.0008780 secs]
67.878: [GC
Desired survivor size 557056 bytes, new threshold 15 (max 15)
- age   1:      51584 bytes,      51584 total
- age   2:     243144 bytes,     294728 total
 17164K->10649K(24716K), 0.0008755 secs]
67.883: [GC
Desired survivor size 557056 bytes, new threshold 15 (max 15)
- age   1:     223248 bytes,     223248 total
- age   2:      18688 bytes,     241936 total
- age   3:     168800 bytes,     410736 total
 17142K->10766K(24716K), 0.0010481 secs]
67.888: [GC
Desired survivor size 557056 bytes, new threshold 15 (max 15)
- age   1:     177176 bytes,     177176 total
- age   2:     150080 bytes,     327256 total
- age   3:      18688 bytes,     345944 total
- age   4:       3520 bytes,     349464 total
 17290K->10703K(24716K), 0.0007700 secs]
67.893: [GC
Desired survivor size 557056 bytes, new threshold 15 (max 15)
- age   1:     107840 bytes,     107840 total
- age   2:      40928 bytes,     148768 total
- age   3:     150120 bytes,     298888 total
- age   4:      18688 bytes,     317576 total
- age   5:       3680 bytes,     321256 total
 17220K->10677K(24716K), 0.0011947 secs]
67.899: [GC
Desired survivor size 557056 bytes, new threshold 15 (max 15)
- age   1:     205696 bytes,     205696 total
- age   2:      84272 bytes,     289968 total
- age   3:      40928 bytes,     330896 total
- age   4:       4856 bytes,     335752 total
- age   5:      18280 bytes,     354032 total
- age   6:       3520 bytes,     357552 total
 17205K->10712K(24716K), 0.0006783 secs]
67.903: [GC
Desired survivor size 557056 bytes, new threshold 15 (max 15)
- age   1:     294232 bytes,     294232 total
- age   2:       3568 bytes,     297800 total
- age   3:      84272 bytes,     382072 total
- age   4:      40928 bytes,     423000 total
- age   5:       4856 bytes,     427856 total
- age   6:      18280 bytes,     446136 total
- age   7:       3680 bytes,     449816 total
 17226K->10804K(24716K), 0.0008883 secs]
67.908: [GC
Desired survivor size 557056 bytes, new threshold 15 (max 15)
- age   1:     130304 bytes,     130304 total
- age   3:       3568 bytes,     133872 total
- age   4:      84272 bytes,     218144 total
- age   5:      40928 bytes,     259072 total
- age   6:       4856 bytes,     263928 total
- age   7:       3824 bytes,     267752 total
- age   8:       3520 bytes,     271272 total
 17312K->10624K(24716K), 0.0008579 secs]
67.914: [GC
Desired survivor size 557056 bytes, new threshold 15 (max 15)
- age   1:      60856 bytes,      60856 total
- age   2:     109944 bytes,     170800 total
- age   4:       2400 bytes,     173200 total
- age   5:      84272 bytes,     257472 total
- age   6:      40928 bytes,     298400 total
- age   7:       4856 bytes,     303256 total
- age   8:       3712 bytes,     306968 total
- age   9:       3520 bytes,     310488 total
 17152K->10664K(24716K), 0.0008406 secs]
67.920: [GC
Desired survivor size 557056 bytes, new threshold 3 (max 15)
- age   1:     542648 bytes,     542648 total
- age   2:       6848 bytes,     549496 total
- age   3:      31672 bytes,     581168 total
- age   5:       2400 bytes,     583568 total
- age   8:       4856 bytes,     588424 total
- age   9:       3712 bytes,     592136 total
- age  10:       3520 bytes,     595656 total
 17177K->10947K(24716K), 0.0009689 secs]
67.925: [GC
Desired survivor size 557056 bytes, new threshold 15 (max 15)
- age   1:     137720 bytes,     137720 total
- age   2:     335504 bytes,     473224 total
- age   3:       6504 bytes,     479728 total
 17471K->10897K(24716K), 0.0010441 secs]
67.930: [GC
Desired survivor size 557056 bytes, new threshold 15 (max 15)
- age   1:     180496 bytes,     180496 total
- age   2:      92288 bytes,     272784 total
- age   3:      54640 bytes,     327424 total
- age   4:       6504 bytes,     333928 total
 17396K->10745K(24716K), 0.0007841 secs]
67.935: [GC
Desired survivor size 557056 bytes, new threshold 15 (max 15)
- age   1:     327184 bytes,     327184 total
- age   2:      95448 bytes,     422632 total
- age   3:      13208 bytes,     435840 total
- age   4:      54640 bytes,     490480 total
- age   5:       6504 bytes,     496984 total
 17268K->10900K(24716K), 0.0014211 secs]
67.942: [GC
Desired survivor size 557056 bytes, new threshold 2 (max 15)
- age   1:     369776 bytes,     369776 total
- age   2:     240752 bytes,     610528 total
- age   6:       6504 bytes,     617032 total
 17425K->11024K(24716K), 0.0013188 secs]
67.948: [GC
Desired survivor size 557056 bytes, new threshold 2 (max 15)
- age   1:     419928 bytes,     419928 total
- age   2:     188184 bytes,     608112 total
 17531K->11020K(24716K), 0.0011705 secs]
67.955: [GC
Desired survivor size 557056 bytes, new threshold 15 (max 15)
- age   1:      89000 bytes,      89000 total
- age   2:     397824 bytes,     486824 total
 17516K->11021K(24716K), 0.0010273 secs]
67.962: [GC
Desired survivor size 557056 bytes, new threshold 15 (max 15)
- age   1:     315784 bytes,     315784 total
- age   2:        984 bytes,     316768 total
 17521K->10855K(24716K), 0.0012509 secs]
67.967: [GC
Desired survivor size 557056 bytes, new threshold 15 (max 15)
- age   1:     124296 bytes,     124296 total
- age   2:     169776 bytes,     294072 total
- age   3:        984 bytes,     295056 total
 17334K->10834K(24716K), 0.0008473 secs]
67.972: [GC
Desired survivor size 557056 bytes, new threshold 15 (max 15)
- age   1:     169288 bytes,     169288 total
- age   2:      40576 bytes,     209864 total
- age   3:      91008 bytes,     300872 total
- age   4:        880 bytes,     301752 total
 17330K->10841K(24716K), 0.0007968 secs]
67.978: [GC
Desired survivor size 557056 bytes, new threshold 15 (max 15)
- age   1:     150352 bytes,     150352 total
- age   2:      54176 bytes,     204528 total
- age   3:      40576 bytes,     245104 total
- age   4:      60000 bytes,     305104 total
- age   5:        880 bytes,     305984 total
 17359K->10844K(24716K), 0.0009403 secs]
67.985: [GC
Desired survivor size 557056 bytes, new threshold 15 (max 15)
- age   1:     144736 bytes,     144736 total
- age   2:      65352 bytes,     210088 total
- age   3:        720 bytes,     210808 total
- age   4:      40576 bytes,     251384 total
- age   5:      60000 bytes,     311384 total
- age   6:        880 bytes,     312264 total
 17372K->10849K(24716K), 0.0007198 secs]
67.990: [GC
Desired survivor size 557056 bytes, new threshold 15 (max 15)
- age   1:     189080 bytes,     189080 total
- age   2:      57768 bytes,     246848 total
- age   3:      65352 bytes,     312200 total
- age   4:        720 bytes,     312920 total
- age   5:      40576 bytes,     353496 total
- age   6:      60000 bytes,     413496 total
- age   7:        768 bytes,     414264 total
 17359K->10949K(24716K), 0.0008716 secs]
67.995: [GC
Desired survivor size 557056 bytes, new threshold 15 (max 15)
- age   1:      51720 bytes,      51720 total
- age   2:     177384 bytes,     229104 total
- age   3:      57768 bytes,     286872 total
- age   4:      34232 bytes,     321104 total
- age   5:        720 bytes,     321824 total
- age   6:      40576 bytes,     362400 total
- age   7:      60000 bytes,     422400 total
- age   8:        768 bytes,     423168 total
 17446K->10960K(24716K), 0.0009356 secs]
68.001: [GC
Desired survivor size 557056 bytes, new threshold 15 (max 15)
- age   1:     131160 bytes,     131160 total
- age   3:     177384 bytes,     308544 total
- age   4:      57768 bytes,     366312 total
- age   5:       1320 bytes,     367632 total
- age   6:        720 bytes,     368352 total
- age   7:      40576 bytes,     408928 total
- age   8:      60000 bytes,     468928 total
- age   9:        768 bytes,     469696 total
 17478K->11007K(24716K), 0.0008575 secs]
68.006: [GC
Desired survivor size 557056 bytes, new threshold 15 (max 15)
- age   1:      63880 bytes,      63880 total
- age   2:      38160 bytes,     102040 total
- age   4:     177384 bytes,     279424 total
- age   5:      57768 bytes,     337192 total
- age   6:       1320 bytes,     338512 total
- age   7:        720 bytes,     339232 total
- age   8:      40576 bytes,     379808 total
- age   9:      60000 bytes,     439808 total
- age  10:        768 bytes,     440576 total
 17516K->10979K(24716K), 0.0009411 secs]
68.011: [GC
Desired survivor size 557056 bytes, new threshold 15 (max 15)
- age   1:     205760 bytes,     205760 total
- age   2:      23688 bytes,     229448 total
- age   5:     177384 bytes,     406832 total
- age   6:      57768 bytes,     464600 total
- age   7:       1320 bytes,     465920 total
- age   8:        720 bytes,     466640 total
- age   9:         32 bytes,     466672 total
- age  10:      60000 bytes,     526672 total
- age  11:        768 bytes,     527440 total
 17470K->11064K(24716K), 0.0008999 secs]
68.016: [GC
Desired survivor size 557056 bytes, new threshold 15 (max 15)
- age   1:     171280 bytes,     171280 total
- age   3:      23688 bytes,     194968 total
- age   6:     177384 bytes,     372352 total
- age   7:      57768 bytes,     430120 total
- age   8:       1320 bytes,     431440 total
- age   9:        720 bytes,     432160 total
- age  11:      60000 bytes,     492160 total
- age  12:        768 bytes,     492928 total
 17550K->11030K(24716K), 0.0009082 secs]
68.022: [GC
Desired survivor size 557056 bytes, new threshold 12 (max 15)
- age   1:     278448 bytes,     278448 total
- age   2:      41168 bytes,     319616 total
- age   7:     177384 bytes,     497000 total
- age   8:      57768 bytes,     554768 total
- age   9:       1320 bytes,     556088 total
- age  10:        720 bytes,     556808 total
- age  12:      60000 bytes,     616808 total
- age  13:        768 bytes,     617576 total
 17549K->11152K(24716K), 0.0009779 secs]
68.028: [GC
Desired survivor size 557056 bytes, new threshold 15 (max 15)
- age   1:     294184 bytes,     294184 total
- age   2:      49368 bytes,     343552 total
- age   3:      41168 bytes,     384720 total
- age   8:       4544 bytes,     389264 total
- age   9:       3360 bytes,     392624 total
- age  10:       1320 bytes,     393944 total
- age  11:        720 bytes,     394664 total
 17631K->11006K(24716K), 0.0007809 secs]
68.035: [GC
Desired survivor size 557056 bytes, new threshold 15 (max 15)
- age   1:     206576 bytes,     206576 total
- age   2:        824 bytes,     207400 total
- age   3:      49368 bytes,     256768 total
- age   4:      41168 bytes,     297936 total
- age   9:       4544 bytes,     302480 total
- age  10:       3360 bytes,     305840 total
- age  11:       1320 bytes,     307160 total
- age  12:        720 bytes,     307880 total
 17523K->10913K(24716K), 0.0008851 secs]
68.040: [GC
Desired survivor size 557056 bytes, new threshold 15 (max 15)
- age   1:     111344 bytes,     111344 total
- age   2:      98736 bytes,     210080 total
- age   3:        824 bytes,     210904 total
- age   4:      49368 bytes,     260272 total
- age   5:      41168 bytes,     301440 total
- age  10:       4544 bytes,     305984 total
- age  11:       3360 bytes,     309344 total
- age  12:       1320 bytes,     310664 total
- age  13:        720 bytes,     311384 total
 17399K->10918K(24716K), 0.0008065 secs]
68.047: [GC
Desired survivor size 557056 bytes, new threshold 15 (max 15)
- age   1:     300624 bytes,     300624 total
- age   2:      53056 bytes,     353680 total
- age   3:      98736 bytes,     452416 total
- age   4:        120 bytes,     452536 total
- age  11:       4544 bytes,     457080 total
- age  12:       3360 bytes,     460440 total
- age  13:       1320 bytes,     461760 total
- age  14:        720 bytes,     462480 total
 17410K->11068K(24716K), 0.0007452 secs]
68.053: [GC
Desired survivor size 557056 bytes, new threshold 15 (max 15)
- age   1:      73192 bytes,      73192 total
- age   2:     179688 bytes,     252880 total
- age   3:      53056 bytes,     305936 total
- age   4:      98736 bytes,     404672 total
- age   5:        120 bytes,     404792 total
- age  12:       4544 bytes,     409336 total
- age  13:       3360 bytes,     412696 total
- age  14:       1320 bytes,     414016 total
- age  15:        720 bytes,     414736 total
 17553K->11020K(24716K), 0.0013028 secs]
68.058: [GC
Desired survivor size 557056 bytes, new threshold 15 (max 15)
- age   1:      94832 bytes,      94832 total
- age   2:       8576 bytes,     103408 total
- age   3:      45312 bytes,     148720 total
- age   4:      53056 bytes,     201776 total
- age   5:      98736 bytes,     300512 total
- age   6:        120 bytes,     300632 total
- age  13:       4544 bytes,     305176 total
- age  14:       3360 bytes,     308536 total
- age  15:       1320 bytes,     309856 total
 17531K->10921K(24716K), 0.0007874 secs]
68.063: [GC
Desired survivor size 557056 bytes, new threshold 15 (max 15)
- age   1:      92904 bytes,      92904 total
- age   2:      66840 bytes,     159744 total
- age   3:       5760 bytes,     165504 total
- age   4:      45200 bytes,     210704 total
- age   5:      53056 bytes,     263760 total
- age   6:      98736 bytes,     362496 total
- age   7:        120 bytes,     362616 total
- age  14:       4544 bytes,     367160 total
- age  15:       3360 bytes,     370520 total
 17443K->10984K(24716K), 0.0010727 secs]
68.068: [GC
Desired survivor size 557056 bytes, new threshold 15 (max 15)
- age   1:     297848 bytes,     297848 total
- age   2:      30880 bytes,     328728 total
- age   3:      66840 bytes,     395568 total
- age   4:       5760 bytes,     401328 total
- age   5:      45200 bytes,     446528 total
- age   8:        120 bytes,     446648 total
- age  15:       4544 bytes,     451192 total
 17479K->11062K(24716K), 0.0008352 secs]
68.073: [GC
Desired survivor size 557056 bytes, new threshold 15 (max 15)
- age   1:     190456 bytes,     190456 total
- age   2:      98760 bytes,     289216 total
- age   3:      30880 bytes,     320096 total
- age   4:      66840 bytes,     386936 total
- age   5:       5760 bytes,     392696 total
- age   6:      45200 bytes,     437896 total
- age   9:        120 bytes,     438016 total
 17558K->11067K(24716K), 0.0009243 secs]
68.078: [GC
Desired survivor size 557056 bytes, new threshold 15 (max 15)
- age   1:     126928 bytes,     126928 total
- age   2:     114152 bytes,     241080 total
- age   3:      98760 bytes,     339840 total
- age   4:      30824 bytes,     370664 total
- age   5:      66808 bytes,     437472 total
- age   6:       5760 bytes,     443232 total
- age   7:       2968 bytes,     446200 total
- age  10:        120 bytes,     446320 total
 17565K->11063K(24716K), 0.0009350 secs]
68.083: [GC
Desired survivor size 557056 bytes, new threshold 15 (max 15)
- age   1:     107568 bytes,     107568 total
- age   2:      45280 bytes,     152848 total
- age   3:     114152 bytes,     267000 total
- age   4:      98760 bytes,     365760 total
- age   5:       1984 bytes,     367744 total
- age   6:      66808 bytes,     434552 total
- age   7:       5760 bytes,     440312 total
- age   8:       2968 bytes,     443280 total
- age  11:        120 bytes,     443400 total
 17583K->11063K(24716K), 0.0011309 secs]
68.088: [GC
Desired survivor size 557056 bytes, new threshold 15 (max 15)
- age   1:      93720 bytes,      93720 total
- age   2:      86368 bytes,     180088 total
- age   3:      45280 bytes,     225368 total
- age   4:     114152 bytes,     339520 total
- age   5:      98760 bytes,     438280 total
- age   6:       1984 bytes,     440264 total
- age   8:       5760 bytes,     446024 total
- age   9:       2968 bytes,     448992 total
- age  12:        120 bytes,     449112 total
 17559K->11070K(24716K), 0.0009473 secs]
68.093: [GC
Desired survivor size 557056 bytes, new threshold 15 (max 15)
- age   1:     185936 bytes,     185936 total
- age   2:      25624 bytes,     211560 total
- age   3:      86368 bytes,     297928 total
- age   5:     114152 bytes,     412080 total
- age   6:      98760 bytes,     510840 total
- age   7:       1984 bytes,     512824 total
- age   9:       5760 bytes,     518584 total
- age  10:       2968 bytes,     521552 total
- age  13:        120 bytes,     521672 total
 17586K->11141K(24716K), 0.0010114 secs]
68.098: [GC
Desired survivor size 557056 bytes, new threshold 7 (max 15)
- age   1:     266088 bytes,     266088 total
- age   3:      25624 bytes,     291712 total
- age   4:      86368 bytes,     378080 total
- age   6:     114152 bytes,     492232 total
- age   7:      98760 bytes,     590992 total
- age   8:       1984 bytes,     592976 total
- age  10:       5760 bytes,     598736 total
- age  11:       2968 bytes,     601704 total
- age  14:        120 bytes,     601824 total
 17647K->11219K(24716K), 0.0017600 secs]
68.104: [GC
Desired survivor size 557056 bytes, new threshold 15 (max 15)
- age   1:     309944 bytes,     309944 total
- age   4:      25624 bytes,     335568 total
- age   5:      86368 bytes,     421936 total
 17718K->11163K(24716K), 0.0009357 secs]
68.110: [GC
Desired survivor size 557056 bytes, new threshold 2 (max 15)
- age   1:     355832 bytes,     355832 total
- age   2:     203304 bytes,     559136 total
- age   5:      25624 bytes,     584760 total
 17673K->11315K(24716K), 0.0010817 secs]
68.115: [GC
Desired survivor size 557056 bytes, new threshold 15 (max 15)
- age   1:     410544 bytes,     410544 total
- age   2:     103128 bytes,     513672 total
 17819K->11326K(24716K), 0.0009743 secs]
68.120: [GC
Desired survivor size 557056 bytes, new threshold 3 (max 15)
- age   1:     413536 bytes,     413536 total
- age   2:      96696 bytes,     510232 total
- age   3:     103128 bytes,     613360 total
 17841K->11424K(24716K), 0.0009698 secs]
68.125: [GC
Desired survivor size 557056 bytes, new threshold 15 (max 15)
- age   1:     172584 bytes,     172584 total
- age   2:     192592 bytes,     365176 total
- age   3:      96696 bytes,     461872 total
 17908K->11376K(24716K), 0.0013316 secs]
68.130: [GC
Desired survivor size 557056 bytes, new threshold 4 (max 15)
- age   1:     344496 bytes,     344496 total
- age   2:      59896 bytes,     404392 total
- age   3:     114520 bytes,     518912 total
- age   4:      96696 bytes,     615608 total
 17855K->11526K(24716K), 0.0010041 secs]
68.135: [GC
Desired survivor size 557056 bytes, new threshold 4 (max 15)
- age   1:     238968 bytes,     238968 total
- age   2:     208584 bytes,     447552 total
- age   3:      59896 bytes,     507448 total
- age   4:     114520 bytes,     621968 total
 18026K->11627K(24716K), 0.0010773 secs]
68.140: [GC
Desired survivor size 557056 bytes, new threshold 15 (max 15)
- age   1:     274600 bytes,     274600 total
- age   3:     208584 bytes,     483184 total
 18123K->11603K(24716K), 0.0009757 secs]
68.145: [GC
Desired survivor size 557056 bytes, new threshold 4 (max 15)
- age   1:     329168 bytes,     329168 total
- age   2:      61424 bytes,     390592 total
- age   4:     208584 bytes,     599176 total
 18064K->11717K(24716K), 0.0009691 secs]
68.150: [GC
Desired survivor size 557056 bytes, new threshold 15 (max 15)
- age   1:     168384 bytes,     168384 total
- age   2:     200744 bytes,     369128 total
- age   3:      61424 bytes,     430552 total
 18213K->11754K(24716K), 0.0017134 secs]
68.157: [GC
Desired survivor size 557056 bytes, new threshold 15 (max 15)
- age   1:     345656 bytes,     345656 total
- age   2:      36640 bytes,     382296 total
- age   3:      48352 bytes,     430648 total
- age   4:      61424 bytes,     492072 total
 18256K->11816K(24716K), 0.0008122 secs]
68.162: [GC
Desired survivor size 557056 bytes, new threshold 15 (max 15)
- age   1:     145768 bytes,     145768 total
- age   2:     240280 bytes,     386048 total
- age   4:      48352 bytes,     434400 total
- age   5:      61424 bytes,     495824 total
 18327K->11819K(24716K), 0.0008911 secs]
68.167: [GC
Desired survivor size 557056 bytes, new threshold 15 (max 15)
- age   1:     169592 bytes,     169592 total
- age   2:      37288 bytes,     206880 total
- age   3:     240280 bytes,     447160 total
- age   5:      48352 bytes,     495512 total
- age   6:      61424 bytes,     556936 total
 18308K->11879K(24716K), 0.0010675 secs]
68.172: [GC
Desired survivor size 557056 bytes, new threshold 4 (max 15)
- age   1:     353688 bytes,     353688 total
- age   3:      37288 bytes,     390976 total
- age   4:     240280 bytes,     631256 total
- age   6:      48352 bytes,     679608 total
 18386K->11999K(24716K), 0.0012075 secs]
68.178: [GC
Desired survivor size 557056 bytes, new threshold 1 (max 15)
- age   1:     563248 bytes,     563248 total
- age   2:      57744 bytes,     620992 total
- age   4:      37288 bytes,     658280 total
 18446K->12268K(24716K), 0.0012106 secs]
68.185: [GC
Desired survivor size 557056 bytes, new threshold 15 (max 15)
- age   1:     142568 bytes,     142568 total
 18746K->12062K(24716K), 0.0007443 secs]
68.190: [GC
Desired survivor size 557056 bytes, new threshold 1 (max 15)
- age   1:     751264 bytes,     751264 total
- age   2:      61016 bytes,     812280 total
 18570K->12716K(24716K), 0.0011164 secs]
68.195: [GC
Desired survivor size 557056 bytes, new threshold 15 (max 15)
- age   1:     124264 bytes,     124264 total
 19203K->12409K(24716K), 0.0010770 secs]
68.202: [GC
Desired survivor size 557056 bytes, new threshold 15 (max 15)
- age   1:     499176 bytes,     499176 total
- age   2:         88 bytes,     499264 total
 18929K->12776K(24716K), 0.0008530 secs]
68.206: [GC
Desired survivor size 557056 bytes, new threshold 2 (max 15)
- age   1:     356520 bytes,     356520 total
- age   2:     205736 bytes,     562256 total
 19276K->12837K(24716K), 0.0012211 secs]
68.211: [GC
Desired survivor size 557056 bytes, new threshold 15 (max 15)
- age   1:     400552 bytes,     400552 total
- age   2:      44216 bytes,     444768 total
 19324K->12923K(24716K), 0.0010246 secs]
68.216: [GC
Desired survivor size 557056 bytes, new threshold 15 (max 15)
- age   1:     254496 bytes,     254496 total
- age   2:     214944 bytes,     469440 total
- age   3:      44216 bytes,     513656 total
 19433K->12990K(24716K), 0.0008892 secs]
68.222: [GC
Desired survivor size 557056 bytes, new threshold 3 (max 15)
- age   1:     452904 bytes,     452904 total
- age   3:     214944 bytes,     667848 total
- age   4:      44216 bytes,     712064 total
 19503K->13184K(24716K), 0.0010640 secs]
68.228: [GC
Desired survivor size 557056 bytes, new threshold 2 (max 15)
- age   1:     417176 bytes,     417176 total
- age   2:     183296 bytes,     600472 total
 19689K->13202K(24716K), 0.0011571 secs]
68.233: [GC
Desired survivor size 557056 bytes, new threshold 15 (max 15)
- age   1:     333904 bytes,     333904 total
- age   2:      68960 bytes,     402864 total
 19724K->13188K(24716K), 0.0010365 secs]
68.241: [GC
Desired survivor size 557056 bytes, new threshold 15 (max 15)
- age   1:     305640 bytes,     305640 total
- age   3:      68960 bytes,     374600 total
 19711K->13160K(24716K), 0.0014023 secs]
68.247: [GC
Desired survivor size 557056 bytes, new threshold 15 (max 15)
- age   1:     126456 bytes,     126456 total
- age   2:     133536 bytes,     259992 total
- age   4:      68960 bytes,     328952 total
 19647K->13114K(24716K), 0.0007342 secs]
68.253: [GC
Desired survivor size 557056 bytes, new threshold 15 (max 15)
- age   1:     252808 bytes,     252808 total
- age   2:       2920 bytes,     255728 total
- age   5:      68960 bytes,     324688 total
 19589K->13111K(24716K), 0.0006592 secs]
68.260: [GC
Desired survivor size 557056 bytes, new threshold 15 (max 15)
- age   1:     127784 bytes,     127784 total
- age   2:     136216 bytes,     264000 total
- age   3:       2920 bytes,     266920 total
- age   6:      68960 bytes,     335880 total
 19615K->13121K(24716K), 0.0007010 secs]
68.265: [GC
Desired survivor size 557056 bytes, new threshold 15 (max 15)
- age   1:      80792 bytes,      80792 total
- age   2:       4080 bytes,      84872 total
- age   3:     136216 bytes,     221088 total
- age   4:       2808 bytes,     223896 total
- age   7:      68960 bytes,     292856 total
 19635K->13079K(24716K), 0.0012687 secs]
68.270: [GC
Desired survivor size 557056 bytes, new threshold 15 (max 15)
- age   1:     270696 bytes,     270696 total
- age   2:      16160 bytes,     286856 total
- age   3:       4080 bytes,     290936 total
- age   4:        520 bytes,     291456 total
- age   5:       2808 bytes,     294264 total
- age   8:      68960 bytes,     363224 total
 19543K->13149K(24716K), 0.0008865 secs]
68.275: [GC
Desired survivor size 557056 bytes, new threshold 15 (max 15)
- age   1:     208280 bytes,     208280 total
- age   3:      16160 bytes,     224440 total
- age   4:       4080 bytes,     228520 total
- age   5:        520 bytes,     229040 total
- age   6:       2808 bytes,     231848 total
- age   9:      68960 bytes,     300808 total
 19634K->13089K(24716K), 0.0007140 secs]
68.280: [GC
Desired survivor size 557056 bytes, new threshold 15 (max 15)
- age   1:     141920 bytes,     141920 total
- age   4:      16160 bytes,     158080 total
- age   5:       4080 bytes,     162160 total
- age   6:        520 bytes,     162680 total
- age   7:       2808 bytes,     165488 total
- age  10:      68960 bytes,     234448 total
 19550K->13025K(24716K), 0.0007632 secs]
68.286: [GC
Desired survivor size 557056 bytes, new threshold 1 (max 15)
- age   1:     584632 bytes,     584632 total
- age   5:       3304 bytes,     587936 total
- age   6:       4080 bytes,     592016 total
- age   7:        520 bytes,     592536 total
- age   8:       2808 bytes,     595344 total
- age  11:      68960 bytes,     664304 total
 19550K->13445K(24716K), 0.0009574 secs]
68.292: [GC
Desired survivor size 557056 bytes, new threshold 1 (max 15)
- age   1:     633848 bytes,     633848 total
 19929K->13653K(24716K), 0.0010353 secs]
68.297: [GC
Desired survivor size 557056 bytes, new threshold 15 (max 15)
- age   1:     429576 bytes,     429576 total
 20136K->13743K(24716K), 0.0010266 secs]
68.304: [GC
Desired survivor size 557056 bytes, new threshold 2 (max 15)
- age   1:     420688 bytes,     420688 total
- age   2:     227640 bytes,     648328 total
 20238K->13956K(24716K), 0.0009873 secs]
68.309: [GC
Desired survivor size 557056 bytes, new threshold 1 (max 15)
- age   1:     672504 bytes,     672504 total
- age   2:     280176 bytes,     952680 total
 20453K->14476K(24716K), 0.0019635 secs]
68.316: [GC
Desired survivor size 557056 bytes, new threshold 15 (max 15)
- age   1:     514096 bytes,     514096 total
 20993K->14404K(24716K), 0.0009780 secs]
68.321: [GC
Desired survivor size 557056 bytes, new threshold 2 (max 15)
- age   1:     441256 bytes,     441256 total
- age   2:     220192 bytes,     661448 total
 20919K->14548K(24716K), 0.0009779 secs]
68.328: [GC
Desired survivor size 557056 bytes, new threshold 2 (max 15)
- age   1:     337496 bytes,     337496 total
- age   2:     369544 bytes,     707040 total
 21065K->14593K(24716K), 0.0010688 secs]
68.333: [GC
Desired survivor size 557056 bytes, new threshold 15 (max 15)
- age   1:     299856 bytes,     299856 total
- age   2:      73680 bytes,     373536 total
 21115K->14626K(24716K), 0.0016003 secs]
68.338: [GC
Desired survivor size 557056 bytes, new threshold 2 (max 15)
- age   1:     458256 bytes,     458256 total
- age   2:     156496 bytes,     614752 total
- age   3:      73680 bytes,     688432 total
 21133K->14935K(24716K), 0.0012304 secs]
68.344: [GC
Desired survivor size 557056 bytes, new threshold 2 (max 15)
- age   1:     488384 bytes,     488384 total
- age   2:     310040 bytes,     798424 total
 21454K->15115K(24716K), 0.0011094 secs]
68.350: [GC
Desired survivor size 557056 bytes, new threshold 2 (max 15)
- age   1:     457704 bytes,     457704 total
- age   2:     336464 bytes,     794168 total
 21633K->15259K(24716K), 0.0015606 secs]
68.355: [GC
Desired survivor size 557056 bytes, new threshold 2 (max 15)
- age   1:     548648 bytes,     548648 total
- age   2:     226000 bytes,     774648 total
 21748K->15347K(24716K), 0.0014727 secs]
68.361: [GC
Desired survivor size 557056 bytes, new threshold 1 (max 15)
- age   1:     661528 bytes,     661528 total
- age   2:     233520 bytes,     895048 total
 21872K->15610K(24716K), 0.0014140 secs]
68.368: [GC
Desired survivor size 557056 bytes, new threshold 1 (max 15)
- age   1:     882984 bytes,     882984 total
 22111K->15879K(24716K), 0.0017032 secs]
68.375: [GC
Desired survivor size 557056 bytes, new threshold 15 (max 15)
- age   1:     325408 bytes,     325408 total
 22402K->16118K(24716K), 0.0014663 secs]
68.380: [GC
Desired survivor size 557056 bytes, new threshold 15 (max 15)
- age   1:     193080 bytes,     193080 total
- age   2:     245040 bytes,     438120 total
 22617K->16230K(24716K), 0.0012032 secs]
68.387: [GC
Desired survivor size 557056 bytes, new threshold 3 (max 15)
- age   1:     259368 bytes,     259368 total
- age   2:      80840 bytes,     340208 total
- age   3:     245040 bytes,     585248 total
 22729K->16371K(24716K), 0.0012935 secs]
68.393: [GC
Desired survivor size 557056 bytes, new threshold 2 (max 15)
- age   1:     411488 bytes,     411488 total
- age   2:     178088 bytes,     589576 total
 22839K->16377K(24716K), 0.0011155 secs]
68.398: [GC
Desired survivor size 557056 bytes, new threshold 2 (max 15)
- age   1:     500680 bytes,     500680 total
- age   2:      81792 bytes,     582472 total
 22811K->16450K(24716K), 0.0019237 secs]
68.405: [GC
Desired survivor size 557056 bytes, new threshold 15 (max 15)
- age   1:     158576 bytes,     158576 total
- age   2:     240048 bytes,     398624 total
 22957K->16359K(24716K), 0.0008461 secs]
68.410: [GC
Desired survivor size 557056 bytes, new threshold 2 (max 15)
- age   1:     526072 bytes,     526072 total
- age   2:      84536 bytes,     610608 total
- age   3:      82664 bytes,     693272 total
 22860K->16646K(24716K), 0.0010513 secs]
68.416: [GC
Desired survivor size 557056 bytes, new threshold 2 (max 15)
- age   1:     168936 bytes,     168936 total
- age   2:     407560 bytes,     576496 total
 23155K->16613K(24716K), 0.0009218 secs]
68.421: [GC
Desired survivor size 557056 bytes, new threshold 15 (max 15)
- age   1:     250328 bytes,     250328 total
- age   2:      85144 bytes,     335472 total
 23103K->16698K(24716K), 0.0010661 secs]
68.428: [GC
Desired survivor size 557056 bytes, new threshold 1 (max 15)
- age   1:     909184 bytes,     909184 total
- age   2:      89792 bytes,     998976 total
 23146K->17346K(24716K), 0.0010233 secs]
68.433: [GC
Desired survivor size 557056 bytes, new threshold 15 (max 15)
- age   1:     425312 bytes,     425312 total
 23872K->17512K(24716K), 0.0016673 secs]
68.435: [Full GC 17512K->7707K(24716K), 0.0689032 secs]
68.509: [GC
Desired survivor size 557056 bytes, new threshold 1 (max 15)
- age   1:    1101712 bytes,    1101712 total
 14202K->8787K(24716K), 0.0013479 secs]
68.515: [GC
Desired survivor size 557056 bytes, new threshold 15 (max 15)
- age   1:     339304 bytes,     339304 total
 15292K->8724K(24716K), 0.0013739 secs]
68.522: [GC
Desired survivor size 557056 bytes, new threshold 1 (max 15)
- age   1:     805672 bytes,     805672 total
- age   2:      85384 bytes,     891056 total
 15236K->9263K(24716K), 0.0013561 secs]
68.534: [GC
Desired survivor size 557056 bytes, new threshold 15 (max 15)
- age   1:     346760 bytes,     346760 total
 15791K->9516K(24716K), 0.0011910 secs]
68.541: [GC
Desired survivor size 557056 bytes, new threshold 15 (max 15)
- age   1:     186968 bytes,     186968 total
- age   2:      91400 bytes,     278368 total
 16039K->9449K(24716K), 0.0007904 secs]
68.546: [GC
Desired survivor size 557056 bytes, new threshold 15 (max 15)
- age   1:     122728 bytes,     122728 total
- age   2:      88624 bytes,     211352 total
- age   3:      91496 bytes,     302848 total
 15964K->9474K(24716K), 0.0007516 secs]
68.557: [GC
Desired survivor size 557056 bytes, new threshold 4 (max 15)
- age   1:     389088 bytes,     389088 total
- age   2:       2008 bytes,     391096 total
- age   3:      88624 bytes,     479720 total
- age   4:      91576 bytes,     571296 total
 15926K->9743K(24716K), 0.0010923 secs]
68.563: [GC
Desired survivor size 557056 bytes, new threshold 15 (max 15)
- age   1:      80600 bytes,      80600 total
- age   2:     267808 bytes,     348408 total
- age   3:       1928 bytes,     350336 total
- age   4:      88624 bytes,     438960 total
 16271K->9699K(24716K), 0.0008673 secs]
68.569: [GC
Desired survivor size 557056 bytes, new threshold 2 (max 15)
- age   1:     556456 bytes,     556456 total
- age   2:      29776 bytes,     586232 total
- age   3:     267104 bytes,     853336 total
- age   4:       1928 bytes,     855264 total
- age   5:       6176 bytes,     861440 total
 16223K->10112K(24716K), 0.0010448 secs]
68.582: [GC
Desired survivor size 557056 bytes, new threshold 15 (max 15)
- age   1:     153640 bytes,     153640 total
- age   2:     168368 bytes,     322008 total
 16640K->9871K(24716K), 0.0009834 secs]
68.587: [GC
Desired survivor size 557056 bytes, new threshold 15 (max 15)
- age   1:     135552 bytes,     135552 total
- age   2:     130432 bytes,     265984 total
- age   3:      83824 bytes,     349808 total
 16399K->9911K(24716K), 0.0008313 secs]
68.592: [GC
Desired survivor size 557056 bytes, new threshold 15 (max 15)
- age   1:     311824 bytes,     311824 total
- age   2:      15104 bytes,     326928 total
- age   3:     130432 bytes,     457360 total
- age   4:      83824 bytes,     541184 total
 16388K->10095K(24716K), 0.0011037 secs]
68.597: [GC
Desired survivor size 557056 bytes, new threshold 15 (max 15)
- age   1:     170728 bytes,     170728 total
- age   2:     230456 bytes,     401184 total
- age   4:     130432 bytes,     531616 total
- age   5:        808 bytes,     532424 total
 16606K->10086K(24716K), 0.0018017 secs]
68.603: [GC
Desired survivor size 557056 bytes, new threshold 15 (max 15)
- age   1:     139120 bytes,     139120 total
- age   2:     151552 bytes,     290672 total
- age   3:     230456 bytes,     521128 total
- age   5:      21320 bytes,     542448 total
- age   6:        808 bytes,     543256 total
 16607K->10092K(24716K), 0.0009722 secs]
68.608: [GC
Desired survivor size 557056 bytes, new threshold 15 (max 15)
- age   1:      36224 bytes,      36224 total
- age   2:     111976 bytes,     148200 total
- age   3:     151552 bytes,     299752 total
- age   4:     230456 bytes,     530208 total
- age   6:      21320 bytes,     551528 total
- age   7:        808 bytes,     552336 total
 16620K->10114K(24716K), 0.0009931 secs]
68.615: [GC
Desired survivor size 557056 bytes, new threshold 5 (max 15)
- age   1:     417032 bytes,     417032 total
- age   2:       4648 bytes,     421680 total
- age   3:     111976 bytes,     533656 total
- age   5:     230456 bytes,     764112 total
- age   7:      21320 bytes,     785432 total
- age   8:        808 bytes,     786240 total
 16633K->10330K(24716K), 0.0011029 secs]
68.620: [GC
Desired survivor size 557056 bytes, new threshold 15 (max 15)
- age   1:     135208 bytes,     135208 total
- age   2:     251080 bytes,     386288 total
- age   3:       4648 bytes,     390936 total
- age   4:     111976 bytes,     502912 total
 16857K->10321K(24716K), 0.0012429 secs]
68.625: [GC
Desired survivor size 557056 bytes, new threshold 15 (max 15)
- age   1:     182256 bytes,     182256 total
- age   2:      33728 bytes,     215984 total
- age   4:       4648 bytes,     220632 total
- age   5:     111976 bytes,     332608 total
 16827K->10142K(24716K), 0.0007625 secs]
68.630: [GC
Desired survivor size 557056 bytes, new threshold 15 (max 15)
- age   1:     127992 bytes,     127992 total
- age   2:     144520 bytes,     272512 total
- age   3:      33728 bytes,     306240 total
- age   5:       4648 bytes,     310888 total
- age   6:     111976 bytes,     422864 total
 16617K->10229K(24716K), 0.0009493 secs]
68.637: [GC
Desired survivor size 557056 bytes, new threshold 15 (max 15)
- age   1:     144232 bytes,     144232 total
- age   2:      87032 bytes,     231264 total
- age   3:     144520 bytes,     375784 total
- age   4:      33728 bytes,     409512 total
- age   6:       4648 bytes,     414160 total
- age   7:       1840 bytes,     416000 total
 16736K->10221K(24716K), 0.0008368 secs]
68.643: [GC
Desired survivor size 557056 bytes, new threshold 15 (max 15)
- age   1:      63568 bytes,      63568 total
- age   2:      87440 bytes,     151008 total
- age   3:      86328 bytes,     237336 total
- age   4:     144520 bytes,     381856 total
- age   5:      33728 bytes,     415584 total
- age   7:       4648 bytes,     420232 total
- age   8:       1840 bytes,     422072 total
 16708K->10228K(24716K), 0.0008991 secs]
68.651: [GC
Desired survivor size 557056 bytes, new threshold 4 (max 15)
- age   1:     458528 bytes,     458528 total
- age   2:       3080 bytes,     461608 total
- age   3:      87440 bytes,     549048 total
- age   4:      86328 bytes,     635376 total
- age   8:       4648 bytes,     640024 total
- age   9:       1840 bytes,     641864 total
 16732K->10448K(24716K), 0.0009251 secs]
68.656: [GC
Desired survivor size 557056 bytes, new threshold 4 (max 15)
- age   1:     355200 bytes,     355200 total
- age   2:     188848 bytes,     544048 total
- age   3:       3080 bytes,     547128 total
- age   4:      87440 bytes,     634568 total
 16953K->10536K(24716K), 0.0013387 secs]
68.662: [GC
Desired survivor size 557056 bytes, new threshold 15 (max 15)
- age   1:     199792 bytes,     199792 total
- age   2:     255040 bytes,     454832 total
- age   3:       6200 bytes,     461032 total
- age   4:       3080 bytes,     464112 total
 17063K->10448K(24716K), 0.0013106 secs]
68.667: [GC
Desired survivor size 557056 bytes, new threshold 15 (max 15)
- age   1:     282280 bytes,     282280 total
- age   2:     136472 bytes,     418752 total
- age   4:       6200 bytes,     424952 total
- age   5:       3080 bytes,     428032 total
 16955K->10416K(24716K), 0.0009240 secs]
68.675: [GC
Desired survivor size 557056 bytes, new threshold 15 (max 15)
- age   1:     176984 bytes,     176984 total
- age   2:     195824 bytes,     372808 total
- age   5:       4080 bytes,     376888 total
- age   6:       2968 bytes,     379856 total
 16901K->10364K(24716K), 0.0009405 secs]
68.680: [GC
Desired survivor size 557056 bytes, new threshold 15 (max 15)
- age   1:     179696 bytes,     179696 total
- age   2:     135064 bytes,     314760 total
- age   6:       4080 bytes,     318840 total
- age   7:       2968 bytes,     321808 total
 16888K->10313K(24716K), 0.0007281 secs]
68.685: [GC
Desired survivor size 557056 bytes, new threshold 15 (max 15)
- age   1:     187848 bytes,     187848 total
- age   2:     134376 bytes,     322224 total
- age   3:     134360 bytes,     456584 total
- age   7:       4080 bytes,     460664 total
- age   8:       2968 bytes,     463632 total
 16802K->10444K(24716K), 0.0011473 secs]
68.691: [GC
Desired survivor size 557056 bytes, new threshold 15 (max 15)
- age   1:     302240 bytes,     302240 total
- age   2:      91152 bytes,     393392 total
- age   3:     134376 bytes,     527768 total
- age   4:       3664 bytes,     531432 total
- age   8:       4080 bytes,     535512 total
- age   9:       2968 bytes,     538480 total
 16971K->10523K(24716K), 0.0010960 secs]
68.698: [GC
Desired survivor size 557056 bytes, new threshold 15 (max 15)
- age   1:      83792 bytes,      83792 total
- age   2:     195128 bytes,     278920 total
- age   3:      44952 bytes,     323872 total
- age   4:     134376 bytes,     458248 total
- age   5:       3664 bytes,     461912 total
- age   9:       4080 bytes,     465992 total
- age  10:       2968 bytes,     468960 total
 17047K->10453K(24716K), 0.0017369 secs]
68.704: [GC
Desired survivor size 557056 bytes, new threshold 15 (max 15)
- age   1:     179552 bytes,     179552 total
- age   2:      36296 bytes,     215848 total
- age   3:       7296 bytes,     223144 total
- age   4:      44952 bytes,     268096 total
- age   5:     134376 bytes,     402472 total
- age   6:       3664 bytes,     406136 total
- age  10:       4080 bytes,     410216 total
- age  11:       2968 bytes,     413184 total
 16981K->10410K(24716K), 0.0009102 secs]
68.710: [GC
Desired survivor size 557056 bytes, new threshold 15 (max 15)
- age   1:     183704 bytes,     183704 total
- age   2:      75872 bytes,     259576 total
- age   3:      14800 bytes,     274376 total
- age   4:       7296 bytes,     281672 total
- age   5:      44952 bytes,     326624 total
- age   6:     134376 bytes,     461000 total
- age   7:       3664 bytes,     464664 total
- age  11:       4080 bytes,     468744 total
- age  12:       2968 bytes,     471712 total
 16920K->10459K(24716K), 0.0010281 secs]
68.716: [GC
Desired survivor size 557056 bytes, new threshold 15 (max 15)
- age   1:     352872 bytes,     352872 total
- age   2:      24248 bytes,     377120 total
- age   3:      75872 bytes,     452992 total
- age   4:      14800 bytes,     467792 total
- age   5:       7296 bytes,     475088 total
- age   6:      44952 bytes,     520040 total
- age   8:       3664 bytes,     523704 total
- age  12:       4080 bytes,     527784 total
- age  13:       2968 bytes,     530752 total
 16945K->10520K(24716K), 0.0009403 secs]
68.721: [GC
Desired survivor size 557056 bytes, new threshold 15 (max 15)
- age   1:     230544 bytes,     230544 total
- age   2:     111248 bytes,     341792 total
- age   3:      24248 bytes,     366040 total
- age   4:      75872 bytes,     441912 total
- age   5:       1040 bytes,     442952 total
- age   6:       7296 bytes,     450248 total
- age   7:      44952 bytes,     495200 total
- age   9:       3664 bytes,     498864 total
- age  13:       4080 bytes,     502944 total
- age  14:       2968 bytes,     505912 total
 17002K->10504K(24716K), 0.0009013 secs]
68.726: [GC
Desired survivor size 557056 bytes, new threshold 15 (max 15)
- age   1:     202600 bytes,     202600 total
- age   3:     111248 bytes,     313848 total
- age   4:      24248 bytes,     338096 total
- age   5:      75872 bytes,     413968 total
- age   6:       1040 bytes,     415008 total
- age   7:       7296 bytes,     422304 total
- age   8:      44952 bytes,     467256 total
- age  10:       3664 bytes,     470920 total
- age  14:       4080 bytes,     475000 total
- age  15:       2968 bytes,     477968 total
 17025K->10463K(24716K), 0.0010747 secs]
68.731: [GC
Desired survivor size 557056 bytes, new threshold 15 (max 15)
- age   1:     264360 bytes,     264360 total
- age   4:     111248 bytes,     375608 total
- age   5:      24248 bytes,     399856 total
- age   6:      75872 bytes,     475728 total
- age   7:       1040 bytes,     476768 total
- age   8:       7296 bytes,     484064 total
- age   9:      44952 bytes,     529016 total
- age  11:       3664 bytes,     532680 total
- age  15:       4080 bytes,     536760 total
 16974K->10531K(24716K), 0.0009985 secs]
68.736: [GC
Desired survivor size 557056 bytes, new threshold 15 (max 15)
- age   1:     196888 bytes,     196888 total
- age   2:      73136 bytes,     270024 total
- age   6:      24248 bytes,     294272 total
- age   7:      75872 bytes,     370144 total
- age   8:       1040 bytes,     371184 total
- age   9:       7296 bytes,     378480 total
- age  10:      44952 bytes,     423432 total
- age  12:       3664 bytes,     427096 total
 17036K->10419K(24716K), 0.0009019 secs]
68.742: [GC
Desired survivor size 557056 bytes, new threshold 15 (max 15)
- age   1:     203888 bytes,     203888 total
- age   2:     140000 bytes,     343888 total
- age   3:      73136 bytes,     417024 total
- age   8:      74736 bytes,     491760 total
- age   9:       1040 bytes,     492800 total
- age  10:       7296 bytes,     500096 total
- age  11:      44952 bytes,     545048 total
- age  13:       3664 bytes,     548712 total
 16902K->10544K(24716K), 0.0008575 secs]
68.747: [GC
Desired survivor size 557056 bytes, new threshold 15 (max 15)
- age   1:     181656 bytes,     181656 total
- age   2:       2504 bytes,     184160 total
- age   3:     140000 bytes,     324160 total
- age   4:      73136 bytes,     397296 total
- age   9:      74736 bytes,     472032 total
- age  10:       1040 bytes,     473072 total
- age  11:       7296 bytes,     480368 total
- age  12:      44952 bytes,     525320 total
- age  14:       3664 bytes,     528984 total
 17046K->10522K(24716K), 0.0008715 secs]
68.753: [GC
Desired survivor size 557056 bytes, new threshold 15 (max 15)
- age   1:     174320 bytes,     174320 total
- age   2:       1120 bytes,     175440 total
- age   3:       1416 bytes,     176856 total
- age   4:     140000 bytes,     316856 total
- age   5:      73136 bytes,     389992 total
- age  10:       1520 bytes,     391512 total
- age  11:       1040 bytes,     392552 total
- age  12:       7296 bytes,     399848 total
- age  13:      44952 bytes,     444800 total
- age  15:       3664 bytes,     448464 total
 17044K->10438K(24716K), 0.0008686 secs]
68.758: [GC
Desired survivor size 557056 bytes, new threshold 15 (max 15)
- age   1:     168320 bytes,     168320 total
- age   2:      63488 bytes,     231808 total
- age   3:       1120 bytes,     232928 total
- age   4:       1416 bytes,     234344 total
- age   5:     140000 bytes,     374344 total
- age   6:      73136 bytes,     447480 total
- age  11:       1520 bytes,     449000 total
- age  12:       1040 bytes,     450040 total
- age  13:       7296 bytes,     457336 total
- age  14:      44840 bytes,     502176 total
 16959K->10509K(24716K), 0.0012631 secs]
68.764: [GC
Desired survivor size 557056 bytes, new threshold 6 (max 15)
- age   1:     525248 bytes,     525248 total
- age   2:      15128 bytes,     540376 total
- age   3:       2752 bytes,     543128 total
- age   4:       1120 bytes,     544248 total
- age   5:       1416 bytes,     545664 total
- age   6:     114592 bytes,     660256 total
- age   7:      73136 bytes,     733392 total
- age  12:       1520 bytes,     734912 total
- age  13:       1040 bytes,     735952 total
- age  14:       7296 bytes,     743248 total
- age  15:      44840 bytes,     788088 total
 17008K->10783K(24716K), 0.0010550 secs]
68.770: [GC
Desired survivor size 557056 bytes, new threshold 15 (max 15)
- age   1:     163952 bytes,     163952 total
- age   2:     327712 bytes,     491664 total
- age   3:      15128 bytes,     506792 total
- age   4:       2752 bytes,     509544 total
- age   5:       1120 bytes,     510664 total
- age   6:       1416 bytes,     512080 total
 17280K->10573K(24716K), 0.0010143 secs]
68.775: [GC
Desired survivor size 557056 bytes, new threshold 15 (max 15)
- age   1:      51856 bytes,      51856 total
- age   2:     133680 bytes,     185536 total
- age   3:     302480 bytes,     488016 total
- age   4:       2464 bytes,     490480 total
- age   5:       2752 bytes,     493232 total
- age   6:       1120 bytes,     494352 total
- age   7:       1416 bytes,     495768 total
 17095K->10555K(24716K), 0.0012181 secs]
68.780: [GC
Desired survivor size 557056 bytes, new threshold 15 (max 15)
- age   1:     188688 bytes,     188688 total
- age   2:      32680 bytes,     221368 total
- age   3:     133680 bytes,     355048 total
- age   4:      81088 bytes,     436136 total
- age   5:       2464 bytes,     438600 total
- age   6:       2720 bytes,     441320 total
- age   7:       1120 bytes,     442440 total
- age   8:       1416 bytes,     443856 total
 17066K->10502K(24716K), 0.0009061 secs]
68.785: [GC
Desired survivor size 557056 bytes, new threshold 15 (max 15)
- age   1:     219920 bytes,     219920 total
- age   2:      82280 bytes,     302200 total
- age   4:     133640 bytes,     435840 total
- age   6:       2464 bytes,     438304 total
- age   7:       2720 bytes,     441024 total
- age   8:       1120 bytes,     442144 total
- age   9:       1416 bytes,     443560 total
 17027K->10504K(24716K), 0.0008761 secs]
68.790: [GC
Desired survivor size 557056 bytes, new threshold 15 (max 15)
- age   1:     105984 bytes,     105984 total
- age   2:      86656 bytes,     192640 total
- age   3:      82280 bytes,     274920 total
- age   5:     133640 bytes,     408560 total
- age   7:       2464 bytes,     411024 total
- age   8:       2720 bytes,     413744 total
- age   9:       1120 bytes,     414864 total
- age  10:       1416 bytes,     416280 total
 17012K->10475K(24716K), 0.0010233 secs]
68.795: [GC
Desired survivor size 557056 bytes, new threshold 15 (max 15)
- age   1:     295600 bytes,     295600 total
- age   2:      38768 bytes,     334368 total
- age   3:      86656 bytes,     421024 total
- age   6:      75928 bytes,     496952 total
- age   8:       2464 bytes,     499416 total
- age   9:       2720 bytes,     502136 total
- age  10:       1120 bytes,     503256 total
- age  11:       1416 bytes,     504672 total
 16969K->10562K(24716K), 0.0009119 secs]
68.800: [GC
Desired survivor size 557056 bytes, new threshold 2 (max 15)
- age   1:     500832 bytes,     500832 total
- age   2:     116528 bytes,     617360 total
- age   3:      38768 bytes,     656128 total
- age   4:      86656 bytes,     742784 total
- age   9:       2464 bytes,     745248 total
- age  10:       2720 bytes,     747968 total
- age  11:       1120 bytes,     749088 total
- age  12:       1416 bytes,     750504 total
 17089K->10801K(24716K), 0.0009983 secs]
68.805: [GC
Desired survivor size 557056 bytes, new threshold 15 (max 15)
- age   1:     419688 bytes,     419688 total
- age   2:      42840 bytes,     462528 total
 17281K->10740K(24716K), 0.0010191 secs]
68.810: [GC
Desired survivor size 557056 bytes, new threshold 15 (max 15)
- age   1:     272872 bytes,     272872 total
- age   2:     274432 bytes,     547304 total
 17260K->10819K(24716K), 0.0010782 secs]
68.816: [GC
Desired survivor size 557056 bytes, new threshold 15 (max 15)
- age   1:     289232 bytes,     289232 total
- age   2:      75936 bytes,     365168 total
- age   3:      40576 bytes,     405744 total
 17336K->10681K(24716K), 0.0007788 secs]
68.821: [GC
Desired survivor size 557056 bytes, new threshold 2 (max 15)
- age   1:     314680 bytes,     314680 total
- age   2:     254880 bytes,     569560 total
- age   4:      40576 bytes,     610136 total
 17141K->10880K(24716K), 0.0033968 secs]
68.828: [GC
Desired survivor size 557056 bytes, new threshold 1 (max 15)
- age   1:     717624 bytes,     717624 total
 17385K->11047K(24716K), 0.0011150 secs]
68.833: [GC
Desired survivor size 557056 bytes, new threshold 15 (max 15)
- age   1:      81856 bytes,      81856 total
 17551K->10935K(24716K), 0.0012983 secs]
68.838: [GC
Desired survivor size 557056 bytes, new threshold 15 (max 15)
- age   1:     348256 bytes,     348256 total
- age   2:      50936 bytes,     399192 total
 17409K->11246K(24716K), 0.0008577 secs]
68.844: [GC
Desired survivor size 557056 bytes, new threshold 15 (max 15)
- age   1:     345736 bytes,     345736 total
- age   2:     137320 bytes,     483056 total
- age   3:      50936 bytes,     533992 total
 17742K->11378K(24716K), 0.0010685 secs]
68.849: [GC
Desired survivor size 557056 bytes, new threshold 4 (max 15)
- age   1:     284880 bytes,     284880 total
- age   2:     201408 bytes,     486288 total
- age   3:      58256 bytes,     544544 total
- age   4:      50936 bytes,     595480 total
 17891K->11436K(24716K), 0.0013568 secs]
68.854: [GC
Desired survivor size 557056 bytes, new threshold 3 (max 15)
- age   1:     135408 bytes,     135408 total
- age   2:     246104 bytes,     381512 total
- age   3:     201408 bytes,     582920 total
- age   4:      58256 bytes,     641176 total
 17927K->11483K(24716K), 0.0011153 secs]
68.859: [GC
Desired survivor size 557056 bytes, new threshold 3 (max 15)
- age   1:     399080 bytes,     399080 total
- age   2:      82256 bytes,     481336 total
- age   3:     246104 bytes,     727440 total
 18000K->11820K(24716K), 0.0025265 secs]
68.867: [GC
Desired survivor size 557056 bytes, new threshold 2 (max 15)
- age   1:     399888 bytes,     399888 total
- age   2:     210296 bytes,     610184 total
 18321K->11860K(24716K), 0.0010133 secs]
68.874: [GC
Desired survivor size 557056 bytes, new threshold 15 (max 15)
- age   1:     130592 bytes,     130592 total
- age   2:     143448 bytes,     274040 total
 18348K->11745K(24716K), 0.0008768 secs]
68.880: [GC
Desired survivor size 557056 bytes, new threshold 1 (max 15)
- age   1:     726616 bytes,     726616 total
- age   2:      84648 bytes,     811264 total
- age   3:      53128 bytes,     864392 total
 18227K->12321K(24716K), 0.0013184 secs]
68.885: [GC
Desired survivor size 557056 bytes, new threshold 15 (max 15)
- age   1:     243488 bytes,     243488 total
 18751K->12354K(24716K), 0.0012628 secs]
68.891: [GC
Desired survivor size 557056 bytes, new threshold 15 (max 15)
- age   1:     360408 bytes,     360408 total
- age   2:     192336 bytes,     552744 total
 18831K->12658K(24716K), 0.0011630 secs]
68.897: [GC
Desired survivor size 557056 bytes, new threshold 2 (max 15)
- age   1:     540704 bytes,     540704 total
- age   2:     275080 bytes,     815784 total
- age   3:     192336 bytes,    1008120 total
 19123K->13102K(24716K), 0.0011150 secs]
68.902: [GC
Desired survivor size 557056 bytes, new threshold 2 (max 15)
- age   1:     294248 bytes,     294248 total
- age   2:     454168 bytes,     748416 total
 19585K->13117K(24716K), 0.0016245 secs]
68.908: [GC
Desired survivor size 557056 bytes, new threshold 15 (max 15)
- age   1:     347928 bytes,     347928 total
- age   2:      90576 bytes,     438504 total
 19632K->12996K(24716K), 0.0009537 secs]
68.916: [GC
Desired survivor size 557056 bytes, new threshold 15 (max 15)
- age   1:     313848 bytes,     313848 total
- age   2:     135696 bytes,     449544 total
- age   3:      89744 bytes,     539288 total
 19486K->13094K(24716K), 0.0009648 secs]
68.921: [GC
Desired survivor size 557056 bytes, new threshold 15 (max 15)
- age   1:     135584 bytes,     135584 total
- age   2:     261440 bytes,     397024 total
- age   3:      55744 bytes,     452768 total
- age   4:      89744 bytes,     542512 total
 19622K->13097K(24716K), 0.0010352 secs]
68.926: [GC
Desired survivor size 557056 bytes, new threshold 15 (max 15)
- age   1:     152656 bytes,     152656 total
- age   2:      54072 bytes,     206728 total
- age   3:      56400 bytes,     263128 total
- age   4:      55744 bytes,     318872 total
- age   5:      89744 bytes,     408616 total
 19603K->12966K(24716K), 0.0012956 secs]
68.932: [GC
Desired survivor size 557056 bytes, new threshold 1 (max 15)
- age   1:     607344 bytes,     607344 total
- age   2:      70000 bytes,     677344 total
- age   3:      54072 bytes,     731416 total
- age   4:      56400 bytes,     787816 total
- age   5:      55744 bytes,     843560 total
- age   6:      89744 bytes,     933304 total
 19477K->13479K(24716K), 0.0012467 secs]
68.938: [GC
Desired survivor size 557056 bytes, new threshold 15 (max 15)
- age   1:     396936 bytes,     396936 total
 19980K->13545K(24716K), 0.0016334 secs]
68.945: [GC
Desired survivor size 557056 bytes, new threshold 15 (max 15)
- age   1:     168248 bytes,     168248 total
- age   2:     288848 bytes,     457096 total
 20055K->13603K(24716K), 0.0008361 secs]
68.951: [GC
Desired survivor size 557056 bytes, new threshold 15 (max 15)
- age   1:     132744 bytes,     132744 total
- age   2:     111440 bytes,     244184 total
- age   3:     218688 bytes,     462872 total
 20131K->13607K(24716K), 0.0008394 secs]
68.956: [GC
Desired survivor size 557056 bytes, new threshold 15 (max 15)
- age   1:     243096 bytes,     243096 total
- age   2:      60120 bytes,     303216 total
- age   3:     111440 bytes,     414656 total
- age   4:      56024 bytes,     470680 total
 20089K->13615K(24716K), 0.0007810 secs]
68.963: [GC
Desired survivor size 557056 bytes, new threshold 15 (max 15)
- age   1:     139520 bytes,     139520 total
- age   2:     111800 bytes,     251320 total
- age   3:      59752 bytes,     311072 total
- age   4:      55072 bytes,     366144 total
- age   5:      56024 bytes,     422168 total
 20143K->13568K(24716K), 0.0008073 secs]
68.968: [GC
Desired survivor size 557056 bytes, new threshold 15 (max 15)
- age   1:     231312 bytes,     231312 total
- age   2:      82200 bytes,     313512 total
- age   4:      59752 bytes,     373264 total
- age   5:      55072 bytes,     428336 total
- age   6:      56024 bytes,     484360 total
 20054K->13630K(24716K), 0.0010529 secs]
68.974: [GC
Desired survivor size 557056 bytes, new threshold 15 (max 15)
- age   1:     355944 bytes,     355944 total
- age   3:      82200 bytes,     438144 total
- age   5:      59752 bytes,     497896 total
- age   6:      55072 bytes,     552968 total
 20133K->13699K(24716K), 0.0008666 secs]
68.980: [GC
Desired survivor size 557056 bytes, new threshold 15 (max 15)
- age   1:     205040 bytes,     205040 total
- age   2:     116880 bytes,     321920 total
- age   4:      82200 bytes,     404120 total
- age   6:      59696 bytes,     463816 total
- age   7:      55040 bytes,     518856 total
 20185K->13662K(24716K), 0.0009521 secs]
68.986: [GC
Desired survivor size 557056 bytes, new threshold 1 (max 15)
- age   1:     616104 bytes,     616104 total
- age   2:         40 bytes,     616144 total
- age   3:     116880 bytes,     733024 total
- age   5:      82200 bytes,     815224 total
- age   7:       1120 bytes,     816344 total
- age   8:      55040 bytes,     871384 total
 20111K->14009K(24716K), 0.0010794 secs]
68.992: [GC
Desired survivor size 557056 bytes, new threshold 15 (max 15)
- age   1:     426600 bytes,     426600 total
 20496K->14067K(24716K), 0.0012772 secs]
68.999: [GC
Desired survivor size 557056 bytes, new threshold 2 (max 15)
- age   1:     270272 bytes,     270272 total
- age   2:     300248 bytes,     570520 total
 20590K->14207K(24716K), 0.0013003 secs]
69.004: [GC
Desired survivor size 557056 bytes, new threshold 15 (max 15)
- age   1:     312736 bytes,     312736 total
- age   2:     202168 bytes,     514904 total
 20623K->14155K(24716K), 0.0010724 secs]
69.009: [GC
Desired survivor size 557056 bytes, new threshold 15 (max 15)
- age   1:     199872 bytes,     199872 total
- age   2:      60912 bytes,     260784 total
- age   3:     202168 bytes,     462952 total
 20639K->14104K(24716K), 0.0010990 secs]
69.014: [GC
Desired survivor size 557056 bytes, new threshold 2 (max 15)
- age   1:     460384 bytes,     460384 total
- age   2:     128256 bytes,     588640 total
- age   3:      60912 bytes,     649552 total
- age   4:     202168 bytes,     851720 total
 20584K->14484K(24716K), 0.0012720 secs]
69.019: [GC
Desired survivor size 557056 bytes, new threshold 15 (max 15)
- age   1:      93752 bytes,      93752 total
- age   2:     313080 bytes,     406832 total
 21004K->14438K(24716K), 0.0015462 secs]
69.025: [GC
Desired survivor size 557056 bytes, new threshold 3 (max 15)
- age   1:     525224 bytes,     525224 total
- age   2:      15776 bytes,     541000 total
- age   3:     155656 bytes,     696656 total
 20961K->14721K(24716K), 0.0011260 secs]
69.030: [GC
Desired survivor size 557056 bytes, new threshold 2 (max 15)
- age   1:     412536 bytes,     412536 total
- age   2:     222392 bytes,     634928 total
- age   3:      15776 bytes,     650704 total
 21183K->14829K(24716K), 0.0016574 secs]
69.035: [GC
Desired survivor size 557056 bytes, new threshold 1 (max 15)
- age   1:     612280 bytes,     612280 total
- age   2:     189224 bytes,     801504 total
 21329K->15207K(24716K), 0.0014719 secs]
69.042: [GC
Desired survivor size 557056 bytes, new threshold 1 (max 15)
- age   1:     645344 bytes,     645344 total
 21679K->15479K(24716K), 0.0015076 secs]
69.047: [GC
Desired survivor size 557056 bytes, new threshold 15 (max 15)
- age   1:     288408 bytes,     288408 total
 21972K->15458K(24716K), 0.0010707 secs]
69.054: [GC
Desired survivor size 557056 bytes, new threshold 1 (max 15)
- age   1:     737808 bytes,     737808 total
 21913K->15897K(24716K), 0.0020680 secs]
69.060: [GC
Desired survivor size 557056 bytes, new threshold 15 (max 15)
- age   1:     510080 bytes,     510080 total
 22420K->16142K(24716K), 0.0013735 secs]
69.065: [GC
Desired survivor size 557056 bytes, new threshold 2 (max 15)
- age   1:     268152 bytes,     268152 total
- age   2:     301472 bytes,     569624 total
 22661K->16198K(24716K), 0.0015753 secs]
69.071: [GC
Desired survivor size 557056 bytes, new threshold 15 (max 15)
- age   1:     157000 bytes,     157000 total
- age   2:     100024 bytes,     257024 total
 22719K->16127K(24716K), 0.0010310 secs]
69.077: [GC
Desired survivor size 557056 bytes, new threshold 1 (max 15)
- age   1:    1065896 bytes,    1065896 total
- age   3:      15000 bytes,    1080896 total
 22652K->17308K(24716K), 0.0014189 secs]
69.084: [GC
Desired survivor size 557056 bytes, new threshold 15 (max 15)
- age   1:      94488 bytes,      94488 total
 23811K->17080K(24716K), 0.0014137 secs]
69.090: [GC
Desired survivor size 557056 bytes, new threshold 15 (max 15)
- age   1:     280848 bytes,     280848 total
- age   2:      25424 bytes,     306272 total
 23509K->17289K(24716K), 0.0007042 secs]
69.095: [GC
Desired survivor size 557056 bytes, new threshold 15 (max 15)
- age   1:     356416 bytes,     356416 total
- age   3:      25424 bytes,     381840 total
 23768K->17363K(24716K), 0.0008855 secs]
69.100: [GC
Desired survivor size 557056 bytes, new threshold 15 (max 15)
- age   1:     228608 bytes,     228608 total
- age   2:      68416 bytes,     297024 total
- age   4:      25424 bytes,     322448 total
 23888K->17303K(24716K), 0.0014643 secs]
69.105: [GC
Desired survivor size 557056 bytes, new threshold 1 (max 15)
- age   1:     633864 bytes,     633864 total
- age   3:         40 bytes,     633904 total
- age   5:      25424 bytes,     659328 total
 23761K->17634K(24716K), 0.0009371 secs]
69.110: [GC
Desired survivor size 557056 bytes, new threshold 15 (max 15)
- age   1:     241808 bytes,     241808 total
 24149K->17716K(25100K), 0.0012937 secs]
69.111: [Full GC 17716K->7499K(25100K), 0.0695760 secs]
69.185: [GC
Desired survivor size 557056 bytes, new threshold 1 (max 15)
- age   1:     643048 bytes,     643048 total
 14020K->8130K(24716K), 0.0010323 secs]
69.190: [GC
Desired survivor size 557056 bytes, new threshold 15 (max 15)
- age   1:     449416 bytes,     449416 total
 14641K->8389K(24716K), 0.0012343 secs]
69.196: [GC
Desired survivor size 557056 bytes, new threshold 1 (max 15)
- age   1:     681016 bytes,     681016 total
- age   2:     116184 bytes,     797200 total
 14906K->8729K(24716K), 0.0011102 secs]
69.206: [GC
Desired survivor size 557056 bytes, new threshold 15 (max 15)
- age   1:     507232 bytes,     507232 total
 15256K->8894K(24716K), 0.0024307 secs]
69.213: [GC
Desired survivor size 557056 bytes, new threshold 1 (max 15)
- age   1:     626928 bytes,     626928 total
- age   2:     214952 bytes,     841880 total
 15422K->9219K(24716K), 0.0010390 secs]
69.220: [GC
Desired survivor size 557056 bytes, new threshold 1 (max 15)
- age   1:     601560 bytes,     601560 total
 15718K->9581K(24716K), 0.0013384 secs]
69.226: [GC
Desired survivor size 557056 bytes, new threshold 15 (max 15)
- age   1:     157296 bytes,     157296 total
 16075K->9667K(24716K), 0.0014027 secs]
69.238: [GC
Desired survivor size 557056 bytes, new threshold 15 (max 15)
- age   1:     447952 bytes,     447952 total
- age   2:      77320 bytes,     525272 total
 16191K->10025K(24716K), 0.0008761 secs]
69.244: [GC
Desired survivor size 557056 bytes, new threshold 15 (max 15)
- age   1:     103496 bytes,     103496 total
- age   2:     106664 bytes,     210160 total
- age   3:      77320 bytes,     287480 total
 16547K->9795K(24716K), 0.0007573 secs]
69.249: [GC
Desired survivor size 557056 bytes, new threshold 15 (max 15)
- age   1:     414088 bytes,     414088 total
- age   2:      19160 bytes,     433248 total
- age   3:      26768 bytes,     460016 total
 16291K->9975K(24716K), 0.0013185 secs]
69.255: [GC
Desired survivor size 557056 bytes, new threshold 15 (max 15)
- age   1:     206912 bytes,     206912 total
- age   2:     169384 bytes,     376296 total
- age   3:      19160 bytes,     395456 total
- age   4:      26768 bytes,     422224 total
 16463K->9931K(24716K), 0.0011875 secs]
69.260: [GC
Desired survivor size 557056 bytes, new threshold 1 (max 15)
- age   1:     641384 bytes,     641384 total
- age   2:      41664 bytes,     683048 total
- age   4:      19160 bytes,     702208 total
- age   5:      26768 bytes,     728976 total
 16417K->10234K(24716K), 0.0009542 secs]
69.266: [GC
Desired survivor size 557056 bytes, new threshold 15 (max 15)
- age   1:     332480 bytes,     332480 total
 16750K->10140K(24716K), 0.0011175 secs]
69.272: [GC
Desired survivor size 557056 bytes, new threshold 15 (max 15)
- age   1:     246408 bytes,     246408 total
- age   2:     257096 bytes,     503504 total
 16613K->10287K(24716K), 0.0010019 secs]
69.277: [GC
Desired survivor size 557056 bytes, new threshold 1 (max 15)
- age   1:     670488 bytes,     670488 total
- age   2:     168536 bytes,     839024 total
- age   3:     257096 bytes,    1096120 total
 16808K->10863K(24716K), 0.0012929 secs]
69.283: [GC
Desired survivor size 557056 bytes, new threshold 15 (max 15)
- age   1:     289400 bytes,     289400 total
 17375K->10891K(24716K), 0.0014368 secs]
69.288: [GC
Desired survivor size 557056 bytes, new threshold 2 (max 15)
- age   1:     532072 bytes,     532072 total
- age   2:     159672 bytes,     691744 total
 17400K->11284K(24716K), 0.0008866 secs]
69.294: [GC
Desired survivor size 557056 bytes, new threshold 15 (max 15)
- age   1:     342256 bytes,     342256 total
- age   2:     169040 bytes,     511296 total
 17755K->11264K(24716K), 0.0010620 secs]
69.301: [GC
Desired survivor size 557056 bytes, new threshold 1 (max 15)
- age   1:     907368 bytes,     907368 total
- age   2:         32 bytes,     907400 total
- age   3:     169000 bytes,    1076400 total
 17765K->12019K(24716K), 0.0012439 secs]
69.307: [GC
Desired survivor size 557056 bytes, new threshold 15 (max 15)
- age   1:     153008 bytes,     153008 total
 18547K->12105K(24716K), 0.0013955 secs]
69.313: [GC
Desired survivor size 557056 bytes, new threshold 15 (max 15)
- age   1:     280368 bytes,     280368 total
- age   2:     119560 bytes,     399928 total
 18602K->12346K(24716K), 0.0007895 secs]
69.320: [GC
Desired survivor size 557056 bytes, new threshold 3 (max 15)
- age   1:     257808 bytes,     257808 total
- age   2:     198576 bytes,     456384 total
- age   3:     119560 bytes,     575944 total
 18857K->12517K(24716K), 0.0013102 secs]
69.325: [GC
Desired survivor size 557056 bytes, new threshold 15 (max 15)
- age   1:     171152 bytes,     171152 total
- age   2:     173640 bytes,     344792 total
- age   3:     198576 bytes,     543368 total
 18929K->12608K(24716K), 0.0010825 secs]
69.332: [GC
Desired survivor size 557056 bytes, new threshold 4 (max 15)
- age   1:     288960 bytes,     288960 total
- age   2:      86432 bytes,     375392 total
- age   3:     172808 bytes,     548200 total
- age   4:     131120 bytes,     679320 total
 19135K->12739K(24716K), 0.0012633 secs]
69.337: [GC
Desired survivor size 557056 bytes, new threshold 4 (max 15)
- age   1:     100928 bytes,     100928 total
- age   2:     260968 bytes,     361896 total
- age   3:      86432 bytes,     448328 total
- age   4:     172808 bytes,     621136 total
 19255K->12810K(24716K), 0.0012886 secs]
69.344: [GC
Desired survivor size 557056 bytes, new threshold 15 (max 15)
- age   1:     128064 bytes,     128064 total
- age   2:      62064 bytes,     190128 total
- age   3:       6352 bytes,     196480 total
- age   4:      86432 bytes,     282912 total
 19333K->12650K(24716K), 0.0011709 secs]
69.351: [GC
Desired survivor size 557056 bytes, new threshold 15 (max 15)
- age   1:      49624 bytes,      49624 total
- age   2:      86400 bytes,     136024 total
- age   3:      62064 bytes,     198088 total
- age   4:       6352 bytes,     204440 total
- age   5:      86432 bytes,     290872 total
 19108K->12658K(24716K), 0.0007395 secs]
69.356: [GC
Desired survivor size 557056 bytes, new threshold 15 (max 15)
- age   1:     132512 bytes,     132512 total
- age   2:       3416 bytes,     135928 total
- age   3:      86400 bytes,     222328 total
- age   4:         40 bytes,     222368 total
- age   5:       6352 bytes,     228720 total
- age   6:      86432 bytes,     315152 total
 19176K->12683K(24716K), 0.0010216 secs]
69.362: [GC
Desired survivor size 557056 bytes, new threshold 2 (max 15)
- age   1:     478880 bytes,     478880 total
- age   2:     132512 bytes,     611392 total
- age   3:       3416 bytes,     614808 total
- age   6:       4256 bytes,     619064 total
- age   7:      86432 bytes,     705496 total
 19203K->13066K(24716K), 0.0010493 secs]
69.368: [GC
Desired survivor size 557056 bytes, new threshold 2 (max 15)
- age   1:     332856 bytes,     332856 total
- age   2:     376512 bytes,     709368 total
 19588K->13207K(24716K), 0.0012719 secs]
69.373: [GC
Desired survivor size 557056 bytes, new threshold 15 (max 15)
- age   1:      86480 bytes,      86480 total
- age   2:     287520 bytes,     374000 total
 19713K->13250K(24716K), 0.0012874 secs]
69.382: [GC
Desired survivor size 557056 bytes, new threshold 3 (max 15)
- age   1:     418864 bytes,     418864 total
- age   2:         32 bytes,     418896 total
- age   3:     287520 bytes,     706416 total
 19732K->13572K(24716K), 0.0012238 secs]
69.388: [GC
Desired survivor size 557056 bytes, new threshold 15 (max 15)
- age   1:     143480 bytes,     143480 total
- age   2:     194760 bytes,     338240 total
- age   3:         32 bytes,     338272 total
 20100K->13492K(24716K), 0.0010377 secs]
69.393: [GC
Desired survivor size 557056 bytes, new threshold 15 (max 15)
- age   1:     159416 bytes,     159416 total
- age   2:       1248 bytes,     160664 total
- age   3:     194760 bytes,     355424 total
- age   4:         32 bytes,     355456 total
 20006K->13509K(24716K), 0.0020301 secs]
69.400: [GC
Desired survivor size 557056 bytes, new threshold 15 (max 15)
- age   1:      78840 bytes,      78840 total
- age   2:     136144 bytes,     214984 total
- age   3:       1208 bytes,     216192 total
- age   4:      99424 bytes,     315616 total
 20037K->13469K(24716K), 0.0013645 secs]
69.407: [GC
Desired survivor size 557056 bytes, new threshold 15 (max 15)
- age   1:      38096 bytes,      38096 total
- age   2:      52080 bytes,      90176 total
- age   3:     136144 bytes,     226320 total
- age   4:        480 bytes,     226800 total
- age   5:      99424 bytes,     326224 total
 19997K->13481K(24716K), 0.0009995 secs]
69.412: [GC
Desired survivor size 557056 bytes, new threshold 3 (max 15)
- age   1:     547424 bytes,     547424 total
- age   2:       5728 bytes,     553152 total
- age   3:      52080 bytes,     605232 total
- age   4:      80400 bytes,     685632 total
- age   5:        480 bytes,     686112 total
- age   6:      99424 bytes,     785536 total
 20009K->13930K(24716K), 0.0010667 secs]
69.418: [GC
Desired survivor size 557056 bytes, new threshold 15 (max 15)
- age   1:     164000 bytes,     164000 total
- age   2:     338720 bytes,     502720 total
- age   3:       4560 bytes,     507280 total
 20458K->13893K(24716K), 0.0010649 secs]
69.424: [GC
Desired survivor size 557056 bytes, new threshold 3 (max 15)
- age   1:     353888 bytes,     353888 total
- age   2:     161760 bytes,     515648 total
- age   3:     338720 bytes,     854368 total
- age   4:       4560 bytes,     858928 total
 20417K->14240K(24716K), 0.0012452 secs]
69.429: [GC
Desired survivor size 557056 bytes, new threshold 2 (max 15)
- age   1:     321528 bytes,     321528 total
- age   2:     247000 bytes,     568528 total
- age   3:     161720 bytes,     730248 total
 20733K->14286K(24716K), 0.0013182 secs]
69.434: [GC
Desired survivor size 557056 bytes, new threshold 15 (max 15)
- age   1:     435432 bytes,     435432 total
- age   2:      47720 bytes,     483152 total
 20795K->14288K(24716K), 0.0011614 secs]
69.439: [GC
Desired survivor size 557056 bytes, new threshold 15 (max 15)
- age   1:     181440 bytes,     181440 total
- age   2:     115472 bytes,     296912 total
- age   3:      47720 bytes,     344632 total
 20799K->14147K(24716K), 0.0008892 secs]
69.446: [GC
Desired survivor size 557056 bytes, new threshold 3 (max 15)
- age   1:     443472 bytes,     443472 total
- age   2:      51680 bytes,     495152 total
- age   3:     115472 bytes,     610624 total
 20645K->14408K(24716K), 0.0008701 secs]
69.451: [GC
Desired survivor size 557056 bytes, new threshold 15 (max 15)
- age   1:     213200 bytes,     213200 total
- age   2:     240680 bytes,     453880 total
- age   3:      51680 bytes,     505560 total
 20936K->14427K(24716K), 0.0009530 secs]
69.457: [GC
Desired survivor size 557056 bytes, new threshold 15 (max 15)
- age   1:     125904 bytes,     125904 total
- age   2:      57888 bytes,     183792 total
- age   3:     239056 bytes,     422848 total
- age   4:      51680 bytes,     474528 total
 20952K->14397K(24716K), 0.0009494 secs]
69.462: [GC
Desired survivor size 557056 bytes, new threshold 4 (max 15)
- age   1:     418320 bytes,     418320 total
- age   2:      19232 bytes,     437552 total
- age   3:       1080 bytes,     438632 total
- age   4:     193872 bytes,     632504 total
- age   5:        480 bytes,     632984 total
 20901K->14553K(24716K), 0.0009348 secs]
69.468: [GC
Desired survivor size 557056 bytes, new threshold 15 (max 15)
- age   1:     219672 bytes,     219672 total
- age   2:      28656 bytes,     248328 total
- age   3:      19232 bytes,     267560 total
- age   4:       1080 bytes,     268640 total
 21054K->14383K(24716K), 0.0007953 secs]
69.473: [GC
Desired survivor size 557056 bytes, new threshold 15 (max 15)
- age   1:     160760 bytes,     160760 total
- age   2:     115144 bytes,     275904 total
- age   3:      28656 bytes,     304560 total
- age   4:      19232 bytes,     323792 total
- age   5:       1080 bytes,     324872 total
 20902K->14438K(24716K), 0.0011078 secs]
69.478: [GC
Desired survivor size 557056 bytes, new threshold 15 (max 15)
- age   1:     257696 bytes,     257696 total
- age   5:      19272 bytes,     276968 total
- age   6:       1320 bytes,     278288 total
 20958K->14390K(24716K), 0.0006871 secs]
69.483: [GC
Desired survivor size 557056 bytes, new threshold 15 (max 15)
- age   1:     468368 bytes,     468368 total
- age   6:      19272 bytes,     487640 total
- age   7:       1080 bytes,     488720 total
 20908K->14595K(24716K), 0.0011258 secs]
69.488: [GC
Desired survivor size 557056 bytes, new threshold 15 (max 15)
- age   1:     305904 bytes,     305904 total
- age   2:     118224 bytes,     424128 total
- age   7:      19232 bytes,     443360 total
- age   8:       1080 bytes,     444440 total
 21112K->14553K(24716K), 0.0009194 secs]
69.493: [GC
Desired survivor size 557056 bytes, new threshold 15 (max 15)
- age   1:     298944 bytes,     298944 total
- age   2:      68888 bytes,     367832 total
- age   8:      19232 bytes,     387064 total
- age   9:       1120 bytes,     388184 total
 21065K->14497K(24716K), 0.0008264 secs]
69.499: [GC
Desired survivor size 557056 bytes, new threshold 15 (max 15)
- age   1:     324824 bytes,     324824 total
- age   2:      64240 bytes,     389064 total
- age   9:       5096 bytes,     394160 total
- age  10:       1080 bytes,     395240 total
 21017K->14505K(24716K), 0.0009670 secs]
69.504: [GC
Desired survivor size 557056 bytes, new threshold 2 (max 15)
- age   1:     551848 bytes,     551848 total
- age   2:     146248 bytes,     698096 total
- age   3:      64240 bytes,     762336 total
- age  10:       5016 bytes,     767352 total
- age  11:       1080 bytes,     768432 total
 20974K->14869K(24716K), 0.0011716 secs]
69.510: [GC
Desired survivor size 557056 bytes, new threshold 2 (max 15)
- age   1:     257248 bytes,     257248 total
- age   2:     493560 bytes,     750808 total
 21377K->15008K(24716K), 0.0013134 secs]
69.516: [GC
Desired survivor size 557056 bytes, new threshold 2 (max 15)
- age   1:     397576 bytes,     397576 total
- age   2:     197640 bytes,     595216 total
 21495K->15084K(24716K), 0.0010987 secs]
69.521: [GC
Desired survivor size 557056 bytes, new threshold 2 (max 15)
- age   1:     452904 bytes,     452904 total
- age   2:     331584 bytes,     784488 total
 21501K->15345K(24716K), 0.0015019 secs]
69.527: [GC
Desired survivor size 557056 bytes, new threshold 2 (max 15)
- age   1:     298176 bytes,     298176 total
- age   2:     392248 bytes,     690424 total
 21853K->15463K(24716K), 0.0013153 secs]
69.532: [GC
Desired survivor size 557056 bytes, new threshold 2 (max 15)
- age   1:     360504 bytes,     360504 total
- age   2:     278536 bytes,     639040 total
 21970K->15536K(24716K), 0.0011506 secs]
69.538: [GC
Desired survivor size 557056 bytes, new threshold 15 (max 15)
- age   1:     278096 bytes,     278096 total
- age   2:     132696 bytes,     410792 total
 22055K->15411K(24716K), 0.0010133 secs]
69.544: [GC
Desired survivor size 557056 bytes, new threshold 1 (max 15)
- age   1:     654456 bytes,     654456 total
- age   3:     132696 bytes,     787152 total
 21899K->15778K(24716K), 0.0009893 secs]
69.551: [GC
Desired survivor size 557056 bytes, new threshold 15 (max 15)
- age   1:     304576 bytes,     304576 total
 22301K->15601K(24716K), 0.0008872 secs]
69.557: [GC
Desired survivor size 557056 bytes, new threshold 15 (max 15)
- age   1:     102440 bytes,     102440 total
- age   2:     140072 bytes,     242512 total
 22083K->15539K(24716K), 0.0006883 secs]
69.564: [GC
Desired survivor size 557056 bytes, new threshold 1 (max 15)
- age   1:     637208 bytes,     637208 total
- age   2:        792 bytes,     638000 total
- age   3:     140072 bytes,     778072 total
 22053K->16060K(24716K), 0.0017241 secs]
69.572: [GC
Desired survivor size 557056 bytes, new threshold 15 (max 15)
- age   1:     215480 bytes,     215480 total
 22555K->15909K(24716K), 0.0010353 secs]
69.578: [GC
Desired survivor size 557056 bytes, new threshold 15 (max 15)
- age   1:     213448 bytes,     213448 total
- age   2:     135352 bytes,     348800 total
 22437K->16037K(24716K), 0.0008944 secs]
69.583: [GC
Desired survivor size 557056 bytes, new threshold 15 (max 15)
- age   1:     263376 bytes,     263376 total
- age   2:     171968 bytes,     435344 total
- age   3:      66824 bytes,     502168 total
 22565K->16187K(24716K), 0.0007987 secs]
69.588: [GC
Desired survivor size 557056 bytes, new threshold 15 (max 15)
- age   1:     248104 bytes,     248104 total
- age   2:      67832 bytes,     315936 total
- age   3:      42400 bytes,     358336 total
- age   4:      66824 bytes,     425160 total
 22673K->16114K(24716K), 0.0008234 secs]
69.593: [GC
Desired survivor size 557056 bytes, new threshold 5 (max 15)
- age   1:     354704 bytes,     354704 total
- age   2:      86400 bytes,     441104 total
- age   3:      67832 bytes,     508936 total
- age   4:      42400 bytes,     551336 total
- age   5:      66824 bytes,     618160 total
 22576K->16300K(24716K), 0.0009709 secs]
69.599: [GC
Desired survivor size 557056 bytes, new threshold 15 (max 15)
- age   1:     172056 bytes,     172056 total
- age   2:     140096 bytes,     312152 total
- age   3:      86400 bytes,     398552 total
- age   4:      67832 bytes,     466384 total
- age   5:      42400 bytes,     508784 total
 22803K->16261K(24716K), 0.0008782 secs]
69.604: [GC
Desired survivor size 557056 bytes, new threshold 6 (max 15)
- age   1:     288424 bytes,     288424 total
- age   2:      50824 bytes,     339248 total
- age   3:     140096 bytes,     479344 total
- age   5:      66664 bytes,     546008 total
- age   6:      42288 bytes,     588296 total
 22789K->16337K(24716K), 0.0011786 secs]
69.609: [GC
Desired survivor size 557056 bytes, new threshold 15 (max 15)
- age   1:     260064 bytes,     260064 total
- age   2:       8472 bytes,     268536 total
- age   3:      50824 bytes,     319360 total
- age   4:     140096 bytes,     459456 total
- age   6:      66664 bytes,     526120 total
 22826K->16326K(24716K), 0.0013981 secs]
69.616: [GC
Desired survivor size 557056 bytes, new threshold 1 (max 15)
- age   1:     705992 bytes,     705992 total
- age   3:       6344 bytes,     712336 total
- age   5:     140096 bytes,     852432 total
- age   7:       1280 bytes,     853712 total
 22847K->16646K(24716K), 0.0011717 secs]
69.621: [GC
Desired survivor size 557056 bytes, new threshold 15 (max 15)
- age   1:     377440 bytes,     377440 total
 23164K->16631K(24716K), 0.0012136 secs]
69.627: [GC
Desired survivor size 557056 bytes, new threshold 15 (max 15)
- age   1:     233736 bytes,     233736 total
- age   2:     172584 bytes,     406320 total
 23136K->16658K(24716K), 0.0007428 secs]
69.632: [GC
Desired survivor size 557056 bytes, new threshold 15 (max 15)
- age   1:     380688 bytes,     380688 total
- age   2:         40 bytes,     380728 total
- age   3:     172584 bytes,     553312 total
 23184K->16802K(24716K), 0.0013991 secs]
69.637: [GC
Desired survivor size 557056 bytes, new threshold 15 (max 15)
- age   1:     128768 bytes,     128768 total
- age   2:     310512 bytes,     439280 total
- age   4:      65976 bytes,     505256 total
 23329K->16755K(24716K), 0.0010899 secs]
69.642: [GC
Desired survivor size 557056 bytes, new threshold 15 (max 15)
- age   1:     143416 bytes,     143416 total
- age   2:      55648 bytes,     199064 total
- age   3:     310512 bytes,     509576 total
 23225K->16759K(24716K), 0.0010297 secs]
69.647: [GC
Desired survivor size 557056 bytes, new threshold 3 (max 15)
- age   1:     460960 bytes,     460960 total
- age   2:      75928 bytes,     536888 total
- age   3:      55648 bytes,     592536 total
- age   4:     310512 bytes,     903048 total
 23240K->17143K(24716K), 0.0013600 secs]
69.653: [GC
Desired survivor size 557056 bytes, new threshold 15 (max 15)
- age   1:     135568 bytes,     135568 total
- age   2:     277048 bytes,     412616 total
- age   3:      75928 bytes,     488544 total
 23588K->17096K(24716K), 0.0013613 secs]
69.659: [GC
Desired survivor size 557056 bytes, new threshold 1 (max 15)
- age   1:     674328 bytes,     674328 total
- age   2:      81512 bytes,     755840 total
- age   3:     277048 bytes,    1032888 total
 23612K->17627K(24716K), 0.0013981 secs]
69.664: [GC
Desired survivor size 557056 bytes, new threshold 15 (max 15)
- age   1:     135208 bytes,     135208 total
 24120K->17573K(25100K), 0.0013837 secs]
69.666: [Full GC 17573K->7342K(25100K), 0.0687637 secs]
69.738: [GC
Desired survivor size 557056 bytes, new threshold 15 (max 15)
- age   1:     543680 bytes,     543680 total
 13812K->7877K(24716K), 0.0012108 secs]
69.744: [GC
Desired survivor size 557056 bytes, new threshold 1 (max 15)
- age   1:     838848 bytes,     838848 total
- age   2:     154824 bytes,     993672 total
 14351K->8467K(24716K), 0.0013577 secs]
69.750: [GC
Desired survivor size 557056 bytes, new threshold 15 (max 15)
- age   1:     543584 bytes,     543584 total
 14949K->8777K(24716K), 0.0016203 secs]
69.756: [GC
Desired survivor size 557056 bytes, new threshold 2 (max 15)
- age   1:     362504 bytes,     362504 total
- age   2:     488528 bytes,     851032 total
 15269K->9077K(24716K), 0.0010099 secs]
69.762: [GC
Desired survivor size 557056 bytes, new threshold 1 (max 15)
- age   1:     617352 bytes,     617352 total
- age   2:     110096 bytes,     727448 total
 15574K->9278K(24716K), 0.0014382 secs]
69.768: [GC
Desired survivor size 557056 bytes, new threshold 15 (max 15)
- age   1:     347736 bytes,     347736 total
 15793K->9560K(24716K), 0.0013678 secs]
69.774: [GC
Desired survivor size 557056 bytes, new threshold 1 (max 15)
- age   1:     810600 bytes,     810600 total
- age   2:     179104 bytes,     989704 total
 16068K->10187K(24716K), 0.0013419 secs]
69.779: [GC
Desired survivor size 557056 bytes, new threshold 15 (max 15)
- age   1:     143144 bytes,     143144 total
 16658K->10071K(24716K), 0.0014511 secs]
69.784: [GC
Desired survivor size 557056 bytes, new threshold 1 (max 15)
- age   1:     650448 bytes,     650448 total
- age   2:      81608 bytes,     732056 total
 16502K->10649K(24716K), 0.0011772 secs]
69.791: [GC
Desired survivor size 557056 bytes, new threshold 15 (max 15)
- age   1:     536184 bytes,     536184 total
 17161K->11109K(24716K), 0.0014302 secs]
69.798: [GC
Desired survivor size 557056 bytes, new threshold 15 (max 15)
- age   1:     154280 bytes,     154280 total
- age   2:     396808 bytes,     551088 total
 17626K->11121K(24716K), 0.0013277 secs]
69.804: [GC
Desired survivor size 557056 bytes, new threshold 3 (max 15)
- age   1:     413112 bytes,     413112 total
- age   2:      67976 bytes,     481088 total
- age   3:     396808 bytes,     877896 total
 17583K->11442K(24716K), 0.0027263 secs]
69.813: [GC
Desired survivor size 557056 bytes, new threshold 1 (max 15)
- age   1:     775544 bytes,     775544 total
- age   2:     163680 bytes,     939224 total
 17955K->11693K(24716K), 0.0011690 secs]
69.820: [GC
Desired survivor size 557056 bytes, new threshold 15 (max 15)
- age   1:     115488 bytes,     115488 total
 18206K->11632K(24716K), 0.0014945 secs]
69.826: [GC
Desired survivor size 557056 bytes, new threshold 15 (max 15)
- age   1:     107888 bytes,     107888 total
- age   2:      82792 bytes,     190680 total
 18140K->11706K(24716K), 0.0012588 secs]
69.831: [GC
Desired survivor size 557056 bytes, new threshold 15 (max 15)
- age   1:     220240 bytes,     220240 total
- age   2:      38824 bytes,     259064 total
- age   3:      82760 bytes,     341824 total
 18190K->11853K(24716K), 0.0008123 secs]
69.837: [GC
Desired survivor size 557056 bytes, new threshold 1 (max 15)
- age   1:     690760 bytes,     690760 total
- age   2:     142704 bytes,     833464 total
- age   3:      38768 bytes,     872232 total
- age   4:      82760 bytes,     954992 total
 18343K->12452K(24716K), 0.0012266 secs]
69.844: [GC
Desired survivor size 557056 bytes, new threshold 15 (max 15)
- age   1:     456552 bytes,     456552 total
 18931K->12500K(24716K), 0.0011777 secs]
69.851: [GC
Desired survivor size 557056 bytes, new threshold 15 (max 15)
- age   1:     272624 bytes,     272624 total
- age   2:     195136 bytes,     467760 total
 18926K->12511K(24716K), 0.0007972 secs]
69.857: [GC
Desired survivor size 557056 bytes, new threshold 1 (max 15)
- age   1:     765176 bytes,     765176 total
- age   2:     272624 bytes,    1037800 total
- age   3:      71352 bytes,    1109152 total
 19004K->13137K(24716K), 0.0011910 secs]
69.863: [GC
Desired survivor size 557056 bytes, new threshold 15 (max 15)
- age   1:     305888 bytes,     305888 total
 19631K->13049K(24716K), 0.0015605 secs]
69.869: [GC
Desired survivor size 557056 bytes, new threshold 2 (max 15)
- age   1:     423240 bytes,     423240 total
- age   2:     176640 bytes,     599880 total
 19577K->13338K(24716K), 0.0012105 secs]
69.876: [GC
Desired survivor size 557056 bytes, new threshold 2 (max 15)
- age   1:     306368 bytes,     306368 total
- age   2:     253488 bytes,     559856 total
 19861K->13343K(24716K), 0.0008036 secs]
69.880: [GC
Desired survivor size 557056 bytes, new threshold 15 (max 15)
- age   1:     286808 bytes,     286808 total
- age   2:     170640 bytes,     457448 total
 19859K->13490K(24716K), 0.0012921 secs]
69.886: [GC
Desired survivor size 557056 bytes, new threshold 3 (max 15)
- age   1:     185152 bytes,     185152 total
- age   2:     239504 bytes,     424656 total
- age   3:     170640 bytes,     595296 total
 20012K->13623K(24716K), 0.0013349 secs]
69.892: [GC
Desired survivor size 557056 bytes, new threshold 3 (max 15)
- age   1:     547488 bytes,     547488 total
- age   2:         32 bytes,     547520 total
- age   3:     239504 bytes,     787024 total
 20142K->13978K(24716K), 0.0011663 secs]
69.899: [GC
Desired survivor size 557056 bytes, new threshold 1 (max 15)
- age   1:     677272 bytes,     677272 total
- age   2:     323432 bytes,    1000704 total
- age   3:         32 bytes,    1000736 total
 20474K->14419K(24716K), 0.0018989 secs]
69.906: [GC
Desired survivor size 557056 bytes, new threshold 15 (max 15)
- age   1:     302816 bytes,     302816 total
 20871K->14275K(24716K), 0.0011193 secs]
69.912: [GC
Desired survivor size 557056 bytes, new threshold 2 (max 15)
- age   1:     350272 bytes,     350272 total
- age   2:     245504 bytes,     595776 total
 20687K->14561K(24716K), 0.0008225 secs]
69.918: [GC
Desired survivor size 557056 bytes, new threshold 2 (max 15)
- age   1:     494528 bytes,     494528 total
- age   2:      86448 bytes,     580976 total
 21045K->14794K(24716K), 0.0010849 secs]
69.933: [GC
Desired survivor size 557056 bytes, new threshold 2 (max 15)
- age   1:     284160 bytes,     284160 total
- age   2:     494528 bytes,     778688 total
 21320K->15070K(24716K), 0.0046112 secs]
69.942: [GC
Desired survivor size 557056 bytes, new threshold 15 (max 15)
- age   1:     155928 bytes,     155928 total
- age   2:     273064 bytes,     428992 total
 21591K->15018K(24716K), 0.0016769 secs]
69.948: [GC
Desired survivor size 557056 bytes, new threshold 15 (max 15)
- age   1:      96768 bytes,      96768 total
- age   2:     133776 bytes,     230544 total
- age   3:     273064 bytes,     503608 total
 21520K->15102K(24716K), 0.0015909 secs]
69.953: [GC
Desired survivor size 557056 bytes, new threshold 15 (max 15)
- age   1:      41072 bytes,      41072 total
- age   2:      78368 bytes,     119440 total
- age   3:     133776 bytes,     253216 total
- age   4:     262176 bytes,     515392 total
 21604K->15101K(24716K), 0.0011009 secs]
69.958: [GC
Desired survivor size 557056 bytes, new threshold 15 (max 15)
- age   1:     197160 bytes,     197160 total
- age   2:      17400 bytes,     214560 total
- age   3:      78368 bytes,     292928 total
- age   4:      73120 bytes,     366048 total
- age   5:      98832 bytes,     464880 total
 21612K->15055K(24716K), 0.0008747 secs]
69.963: [GC
Desired survivor size 557056 bytes, new threshold 15 (max 15)
- age   1:     199536 bytes,     199536 total
- age   2:     143928 bytes,     343464 total
- age   4:      78368 bytes,     421832 total
- age   6:      98832 bytes,     520664 total
 21579K->15122K(24716K), 0.0010085 secs]
69.968: [GC
Desired survivor size 557056 bytes, new threshold 15 (max 15)
- age   1:     108936 bytes,     108936 total
- age   2:      22952 bytes,     131888 total
- age   3:     143928 bytes,     275816 total
- age   5:      78368 bytes,     354184 total
- age   7:      98832 bytes,     453016 total
 21638K->15041K(24716K), 0.0009316 secs]
69.973: [GC
Desired survivor size 557056 bytes, new threshold 4 (max 15)
- age   1:     468848 bytes,     468848 total
- age   4:     143928 bytes,     612776 total
- age   8:      98832 bytes,     711608 total
 21563K->15306K(24716K), 0.0010750 secs]
69.980: [GC
Desired survivor size 557056 bytes, new threshold 2 (max 15)
- age   1:     383048 bytes,     383048 total
- age   2:     250344 bytes,     633392 total
 21800K->15472K(24716K), 0.0010997 secs]
69.985: [GC
Desired survivor size 557056 bytes, new threshold 15 (max 15)
- age   1:     192456 bytes,     192456 total
- age   2:      39480 bytes,     231936 total
 21970K->15314K(24716K), 0.0012541 secs]
69.992: [GC
Desired survivor size 557056 bytes, new threshold 15 (max 15)
- age   1:     286896 bytes,     286896 total
- age   2:      30112 bytes,     317008 total
 21766K->15396K(24716K), 0.0012933 secs]
69.999: [GC
Desired survivor size 557056 bytes, new threshold 3 (max 15)
- age   1:     542216 bytes,     542216 total
- age   2:        704 bytes,     542920 total
- age   3:      30112 bytes,     573032 total
 21909K->15648K(24716K), 0.0008700 secs]
70.004: [GC
Desired survivor size 557056 bytes, new threshold 2 (max 15)
- age   1:     482032 bytes,     482032 total
- age   2:     248952 bytes,     730984 total
- age   3:        704 bytes,     731688 total
 22156K->15833K(24716K), 0.0011302 secs]
70.009: [GC
Desired survivor size 557056 bytes, new threshold 15 (max 15)
- age   1:     305928 bytes,     305928 total
- age   2:     183200 bytes,     489128 total
 22221K->15759K(24716K), 0.0013857 secs]
70.015: [GC
Desired survivor size 557056 bytes, new threshold 15 (max 15)
- age   1:     134008 bytes,     134008 total
- age   2:      84168 bytes,     218176 total
- age   3:     183200 bytes,     401376 total
 22220K->15673K(24716K), 0.0009450 secs]
70.024: [GC
Desired survivor size 557056 bytes, new threshold 15 (max 15)
- age   1:     148424 bytes,     148424 total
- age   3:      84168 bytes,     232592 total
- age   4:     183200 bytes,     415792 total
 22179K->15686K(24716K), 0.0009516 secs]
70.031: [GC
Desired survivor size 557056 bytes, new threshold 5 (max 15)
- age   1:     345136 bytes,     345136 total
- age   2:     115568 bytes,     460704 total
- age   4:      84168 bytes,     544872 total
- age   5:     183200 bytes,     728072 total
 22198K->15989K(24716K), 0.0010551 secs]
70.037: [GC
Desired survivor size 557056 bytes, new threshold 2 (max 15)
- age   1:     354440 bytes,     354440 total
- age   2:     229912 bytes,     584352 total
- age   3:      63664 bytes,     648016 total
- age   5:      84168 bytes,     732184 total
 22513K->16178K(24716K), 0.0011220 secs]
70.043: [GC
Desired survivor size 557056 bytes, new threshold 15 (max 15)
- age   1:     134896 bytes,     134896 total
- age   2:      40344 bytes,     175240 total
 22676K->16003K(24716K), 0.0010656 secs]
70.048: [GC
Desired survivor size 557056 bytes, new threshold 15 (max 15)
- age   1:     181776 bytes,     181776 total
- age   2:      54072 bytes,     235848 total
- age   3:       2464 bytes,     238312 total
 22520K->16060K(24716K), 0.0011209 secs]
70.053: [GC
Desired survivor size 557056 bytes, new threshold 15 (max 15)
- age   1:     276632 bytes,     276632 total
- age   2:     163368 bytes,     440000 total
- age   3:      54072 bytes,     494072 total
- age   4:       2464 bytes,     496536 total
 22551K->16313K(24716K), 0.0014544 secs]
70.058: [GC
Desired survivor size 557056 bytes, new threshold 3 (max 15)
- age   1:     359488 bytes,     359488 total
- age   2:     191920 bytes,     551408 total
- age   3:     163368 bytes,     714776 total
- age   4:      54072 bytes,     768848 total
- age   5:       2464 bytes,     771312 total
 22779K->16581K(24716K), 0.0011961 secs]
70.065: [GC
Desired survivor size 557056 bytes, new threshold 3 (max 15)
- age   1:     374952 bytes,     374952 total
- age   2:     122784 bytes,     497736 total
- age   3:     168248 bytes,     665984 total
 23088K->16709K(24716K), 0.0012635 secs]
70.070: [GC
Desired survivor size 557056 bytes, new threshold 15 (max 15)
- age   1:     383576 bytes,     383576 total
- age   3:     122784 bytes,     506360 total
 23234K->16717K(24716K), 0.0010594 secs]
70.075: [GC
Desired survivor size 557056 bytes, new threshold 4 (max 15)
- age   1:     268280 bytes,     268280 total
- age   2:     196184 bytes,     464464 total
- age   4:     122784 bytes,     587248 total
 23127K->16796K(24716K), 0.0012582 secs]
70.081: [GC
Desired survivor size 557056 bytes, new threshold 1 (max 15)
- age   1:     700056 bytes,     700056 total
- age   2:     116456 bytes,     816512 total
- age   3:     118920 bytes,     935432 total
 23308K->17256K(24716K), 0.0013312 secs]
70.089: [GC
Desired survivor size 557056 bytes, new threshold 1 (max 15)
- age   1:     616360 bytes,     616360 total
 23777K->17242K(24716K), 0.0016552 secs]
70.096: [GC
Desired survivor size 557056 bytes, new threshold 15 (max 15)
- age   1:     502928 bytes,     502928 total
 23728K->17132K(24716K), 0.0010448 secs]
70.103: [GC
Desired survivor size 557056 bytes, new threshold 15 (max 15)
- age   1:     234856 bytes,     234856 total
- age   2:     191928 bytes,     426784 total
 23647K->17055K(24716K), 0.0009602 secs]
70.109: [GC
Desired survivor size 557056 bytes, new threshold 2 (max 15)
- age   1:     380784 bytes,     380784 total
- age   2:     233608 bytes,     614392 total
 23583K->17240K(24716K), 0.0010953 secs]
70.114: [GC
Desired survivor size 557056 bytes, new threshold 15 (max 15)
- age   1:     245600 bytes,     245600 total
- age   2:     241008 bytes,     486608 total
 23715K->17172K(24716K), 0.0010326 secs]
70.123: [GC
Desired survivor size 557056 bytes, new threshold 15 (max 15)
- age   1:     401312 bytes,     401312 total
- age   3:     121544 bytes,     522856 total
 23689K->17207K(24716K), 0.0009250 secs]
70.130: [GC
Desired survivor size 557056 bytes, new threshold 15 (max 15)
- age   1:     295776 bytes,     295776 total
- age   2:      83952 bytes,     379728 total
- age   4:     119920 bytes,     499648 total
 23689K->17183K(24716K), 0.0009012 secs]
70.136: [GC
Desired survivor size 557056 bytes, new threshold 5 (max 15)
- age   1:     463184 bytes,     463184 total
- age   2:       3200 bytes,     466384 total
- age   3:       3024 bytes,     469408 total
- age   5:     119888 bytes,     589296 total
 23617K->17273K(24716K), 0.0008820 secs]
70.141: [GC
Desired survivor size 557056 bytes, new threshold 15 (max 15)
- age   1:      97384 bytes,      97384 total
- age   2:     262992 bytes,     360376 total
- age   3:       2872 bytes,     363248 total
- age   4:       3024 bytes,     366272 total
 23776K->17179K(24716K), 0.0015620 secs]
70.148: [GC
Desired survivor size 557056 bytes, new threshold 15 (max 15)
- age   1:     171840 bytes,     171840 total
- age   2:       2016 bytes,     173856 total
- age   3:     205728 bytes,     379584 total
- age   4:       2872 bytes,     382456 total
- age   5:       3024 bytes,     385480 total
 23684K->17196K(24716K), 0.0012015 secs]
70.153: [GC
Desired survivor size 557056 bytes, new threshold 15 (max 15)
- age   1:     218528 bytes,     218528 total
- age   2:      50080 bytes,     268608 total
- age   3:       2016 bytes,     270624 total
- age   4:      60664 bytes,     331288 total
- age   5:       2872 bytes,     334160 total
- age   6:       3024 bytes,     337184 total
 23707K->17146K(24716K), 0.0007863 secs]
70.159: [GC
Desired survivor size 557056 bytes, new threshold 15 (max 15)
- age   1:     369320 bytes,     369320 total
- age   2:         88 bytes,     369408 total
- age   3:      50080 bytes,     419488 total
- age   4:       1984 bytes,     421472 total
- age   6:       2872 bytes,     424344 total
- age   7:       3024 bytes,     427368 total
 23647K->17234K(24716K), 0.0008622 secs]
70.164: [GC
Desired survivor size 557056 bytes, new threshold 15 (max 15)
- age   1:     309640 bytes,     309640 total
- age   3:         88 bytes,     309728 total
- age   4:      50080 bytes,     359808 total
- age   5:       1984 bytes,     361792 total
- age   7:       2872 bytes,     364664 total
- age   8:       3064 bytes,     367728 total
 23723K->17178K(24716K), 0.0008268 secs]
70.169: [GC
Desired survivor size 557056 bytes, new threshold 15 (max 15)
- age   1:     140800 bytes,     140800 total
- age   2:      65976 bytes,     206776 total
- age   4:         88 bytes,     206864 total
- age   5:      50080 bytes,     256944 total
- age   6:       1984 bytes,     258928 total
- age   8:       2872 bytes,     261800 total
- age   9:       3024 bytes,     264824 total
 23699K->17076K(24716K), 0.0009956 secs]
70.174: [GC
Desired survivor size 557056 bytes, new threshold 15 (max 15)
- age   1:     125008 bytes,     125008 total
- age   2:      85152 bytes,     210160 total
- age   5:         88 bytes,     210248 total
- age   6:      50080 bytes,     260328 total
- age   7:       1984 bytes,     262312 total
- age   9:       2872 bytes,     265184 total
- age  10:       3024 bytes,     268208 total
 23599K->17079K(24716K), 0.0008097 secs]
70.179: [GC
Desired survivor size 557056 bytes, new threshold 15 (max 15)
- age   1:     113544 bytes,     113544 total
- age   2:      67312 bytes,     180856 total
- age   3:      85152 bytes,     266008 total
- age   8:       1984 bytes,     267992 total
- age  10:       2872 bytes,     270864 total
- age  11:       3024 bytes,     273888 total
 23592K->17085K(24716K), 0.0007710 secs]
70.185: [GC
Desired survivor size 557056 bytes, new threshold 15 (max 15)
- age   1:     401248 bytes,     401248 total
- age   2:      59248 bytes,     460496 total
- age   9:       1984 bytes,     462480 total
- age  11:       2872 bytes,     465352 total
- age  12:       3024 bytes,     468376 total
 23541K->17275K(24716K), 0.0007846 secs]
70.194: [GC
Desired survivor size 557056 bytes, new threshold 15 (max 15)
- age   1:     233056 bytes,     233056 total
- age   2:     203576 bytes,     436632 total
- age  10:       1984 bytes,     438616 total
- age  12:       2872 bytes,     441488 total
- age  13:       3024 bytes,     444512 total
 23773K->17251K(24716K), 0.0014087 secs]
70.199: [GC
Desired survivor size 557056 bytes, new threshold 15 (max 15)
- age   1:     178824 bytes,     178824 total
- age   2:        704 bytes,     179528 total
- age   3:     135688 bytes,     315216 total
- age  11:       1984 bytes,     317200 total
- age  13:       2872 bytes,     320072 total
- age  14:       3024 bytes,     323096 total
 23738K->17131K(24716K), 0.0014069 secs]
70.206: [GC
Desired survivor size 557056 bytes, new threshold 15 (max 15)
- age   1:     472336 bytes,     472336 total
- age   3:        704 bytes,     473040 total
- age  12:       1984 bytes,     475024 total
- age  14:       2912 bytes,     477936 total
- age  15:       3064 bytes,     481000 total
 23639K->17287K(24716K), 0.0008478 secs]
70.211: [GC
Desired survivor size 557056 bytes, new threshold 15 (max 15)
- age   1:     367552 bytes,     367552 total
- age   2:      30920 bytes,     398472 total
- age   4:        704 bytes,     399176 total
- age  13:       1984 bytes,     401160 total
- age  15:       2872 bytes,     404032 total
 23794K->17229K(24716K), 0.0011319 secs]
70.216: [GC
Desired survivor size 557056 bytes, new threshold 15 (max 15)
- age   1:     236496 bytes,     236496 total
- age   2:      40576 bytes,     277072 total
- age   5:        704 bytes,     277776 total
- age  14:       1984 bytes,     279760 total
 23751K->17107K(24716K), 0.0006875 secs]
70.221: [GC
Desired survivor size 557056 bytes, new threshold 15 (max 15)
- age   1:     141736 bytes,     141736 total
- age   2:     140080 bytes,     281816 total
- age   6:        704 bytes,     282520 total
- age  15:       1984 bytes,     284504 total
 23591K->17110K(24716K), 0.0008939 secs]
70.225: [GC
Desired survivor size 557056 bytes, new threshold 15 (max 15)
- age   1:     320944 bytes,     320944 total
- age   2:      33944 bytes,     354888 total
- age   7:        704 bytes,     355592 total
 23633K->17181K(24716K), 0.0009870 secs]
70.231: [GC
Desired survivor size 557056 bytes, new threshold 15 (max 15)
- age   1:     263936 bytes,     263936 total
- age   8:        704 bytes,     264640 total
 23673K->17093K(24716K), 0.0006923 secs]
70.236: [GC
Desired survivor size 557056 bytes, new threshold 15 (max 15)
- age   1:     259912 bytes,     259912 total
- age   2:      38176 bytes,     298088 total
- age   9:        704 bytes,     298792 total
