0.392: [GC 0.392: [ParNew: 1984K->320K(2304K), 0.0075019 secs] 1984K->524K(7616K), 0.0075748 secs] [Times: user=0.01 sys=0.00, real=0.01 secs] 
0.590: [GC 0.590: [ParNew: 2304K->320K(2304K), 0.0082063 secs] 2508K->1041K(7616K), 0.0082708 secs] [Times: user=0.01 sys=0.00, real=0.01 secs] 
0.684: [GC 0.684: [ParNew: 2304K->215K(2304K), 0.0032742 secs] 3025K->1154K(7616K), 0.0033315 secs] [Times: user=0.01 sys=0.00, real=0.00 secs] 
0.776: [GC 0.776: [ParNew: 2199K->319K(2304K), 0.0021014 secs] 3138K->1307K(7616K), 0.0021572 secs] [Times: user=0.01 sys=0.00, real=0.01 secs] 
0.861: [GC 0.861: [ParNew: 2303K->320K(2304K), 0.0040681 secs] 3291K->1625K(7616K), 0.0041181 secs] [Times: user=0.01 sys=0.00, real=0.00 secs] 
0.905: [GC 0.905: [ParNew: 2304K->312K(2304K), 0.0026147 secs] 3609K->1856K(7616K), 0.0026682 secs] [Times: user=0.00 sys=0.00, real=0.01 secs] 
0.984: [GC 0.984: [ParNew: 2296K->128K(2304K), 0.0018527 secs] 3840K->1778K(7616K), 0.0018959 secs] [Times: user=0.00 sys=0.00, real=0.00 secs] 
1.064: [GC 1.064: [ParNew: 2112K->258K(2304K), 0.0022034 secs] 3762K->1909K(7616K), 0.0022478 secs] [Times: user=0.00 sys=0.00, real=0.00 secs] 
1.131: [GC 1.131: [ParNew: 2242K->183K(2304K), 0.0020510 secs] 3893K->2011K(7616K), 0.0020989 secs] [Times: user=0.00 sys=0.00, real=0.00 secs] 
1.147: [Full GC (System) 1.147: [Tenured: 1827K->1889K(5312K), 0.0478658 secs] 2441K->1889K(7616K), [Perm : 10118K->10118K(21248K)], 0.0479395 secs] [Times: user=0.04 sys=0.01, real=0.04 secs] 
1.196: [Full GC (System) 1.196: [Tenured: 1889K->1889K(5312K), 0.0499849 secs] 1910K->1889K(7680K), [Perm : 10118K->10118K(21248K)], 0.0500446 secs] [Times: user=0.05 sys=0.00, real=0.05 secs] 
7.950: [GC 7.950: [ParNew: 2048K->319K(2368K), 0.0051144 secs] 3937K->2399K(7680K), 0.0051778 secs] [Times: user=0.00 sys=0.00, real=0.00 secs] 
8.024: [GC 8.024: [ParNew: 2367K->320K(2368K), 0.0043999 secs] 4447K->3057K(7680K), 0.0044642 secs] [Times: user=0.00 sys=0.00, real=0.01 secs] 
8.090: [GC 8.090: [ParNew: 2368K->320K(2368K), 0.0065137 secs] 5105K->3620K(7680K), 0.0065761 secs] [Times: user=0.00 sys=0.00, real=0.00 secs] 
8.186: [GC 8.186: [ParNew: 2368K->320K(2368K), 0.0077615 secs] 5668K->4200K(7680K), 0.0083881 secs] [Times: user=0.01 sys=0.00, real=0.01 secs] 
8.267: [GC 8.267: [ParNew: 2368K->320K(2368K), 0.0057603 secs] 6248K->4776K(7680K), 0.0058293 secs] [Times: user=0.00 sys=0.00, real=0.01 secs] 
8.351: [GC 8.351: [ParNew: 2368K->319K(2368K), 0.0105738 secs] 6824K->5297K(7680K), 0.0106481 secs] [Times: user=0.01 sys=0.00, real=0.01 secs] 
8.416: [GC 8.416: [ParNew: 2367K->320K(2368K), 0.0065961 secs]8.423: [Tenured: 5435K->5186K(5504K), 0.0805951 secs] 7345K->5186K(7872K), [Perm : 10606K->10606K(21248K)], 0.0873531 secs] [Times: user=0.14 sys=0.01, real=0.09 secs] 
8.544: [GC 8.544: [ParNew: 3392K->512K(3904K), 0.0107393 secs] 8578K->6533K(12552K), 0.0108058 secs] [Times: user=0.01 sys=0.01, real=0.01 secs] 
11.134: [GC 11.134: [ParNew: 3903K->462K(3904K), 0.0061881 secs] 9925K->6998K(12552K), 0.0062518 secs] [Times: user=0.01 sys=0.00, real=0.01 secs] 
11.143: [GC 11.143: [ParNew: 3845K->127K(3904K), 0.0005665 secs] 10381K->6663K(12552K), 0.0006037 secs] [Times: user=0.00 sys=0.00, real=0.00 secs] 
11.145: [GC 11.146: [ParNew: 3509K->149K(3904K), 0.0009167 secs] 10045K->6685K(12552K), 0.0009673 secs] [Times: user=0.00 sys=0.00, real=0.00 secs] 
11.149: [GC 11.149: [ParNew: 3530K->165K(3904K), 0.0005130 secs] 10066K->6702K(12552K), 0.0005577 secs] [Times: user=0.00 sys=0.00, real=0.00 secs] 
11.151: [GC 11.151: [ParNew: 3532K->192K(3904K), 0.0006451 secs] 10068K->6728K(12552K), 0.0006967 secs] [Times: user=0.00 sys=0.00, real=0.00 secs] 
11.154: [GC 11.154: [ParNew: 3562K->112K(3904K), 0.0004439 secs] 10098K->6648K(12552K), 0.0004782 secs] [Times: user=0.00 sys=0.00, real=0.00 secs] 
11.156: [GC 11.156: [ParNew: 3478K->160K(3904K), 0.0004699 secs] 10014K->6696K(12552K), 0.0005059 secs] [Times: user=0.00 sys=0.00, real=0.00 secs] 
11.159: [GC 11.159: [ParNew: 3527K->205K(3904K), 0.0007855 secs] 10063K->6741K(12552K), 0.0008287 secs] [Times: user=0.00 sys=0.00, real=0.00 secs] 
11.161: [GC 11.161: [ParNew: 3569K->212K(3904K), 0.0006124 secs] 10105K->6748K(12552K), 0.0006525 secs] [Times: user=0.00 sys=0.00, real=0.00 secs] 
11.164: [GC 11.164: [ParNew: 3527K->178K(3904K), 0.0004959 secs] 10063K->6714K(12552K), 0.0005344 secs] [Times: user=0.00 sys=0.00, real=0.00 secs] 
11.166: [GC 11.166: [ParNew: 3564K->136K(3904K), 0.0004376 secs] 10100K->6672K(12552K), 0.0004744 secs] [Times: user=0.00 sys=0.00, real=0.00 secs] 
11.168: [GC 11.168: [ParNew: 3464K->191K(3904K), 0.0004520 secs] 10000K->6727K(12552K), 0.0004864 secs] [Times: user=0.00 sys=0.00, real=0.00 secs] 
11.171: [GC 11.171: [ParNew: 3579K->246K(3904K), 0.0006782 secs] 10115K->6782K(12552K), 0.0007253 secs] [Times: user=0.00 sys=0.00, real=0.00 secs] 
11.173: [GC 11.173: [ParNew: 3552K->198K(3904K), 0.0005153 secs] 10088K->6734K(12552K), 0.0005497 secs] [Times: user=0.00 sys=0.00, real=0.00 secs] 
11.175: [GC 11.175: [ParNew: 3519K->202K(3904K), 0.0004564 secs] 10055K->6738K(12552K), 0.0004902 secs] [Times: user=0.00 sys=0.00, real=0.00 secs] 
11.177: [GC 11.178: [ParNew: 3555K->87K(3904K), 0.0005712 secs] 10091K->6696K(12552K), 0.0006055 secs] [Times: user=0.00 sys=0.00, real=0.01 secs] 
11.180: [GC 11.180: [ParNew: 3419K->125K(3904K), 0.0004777 secs] 10028K->6734K(12552K), 0.0005150 secs] [Times: user=0.00 sys=0.00, real=0.00 secs] 
11.184: [GC 11.184: [ParNew: 3511K->127K(3904K), 0.0004855 secs] 10119K->6735K(12552K), 0.0005401 secs] [Times: user=0.01 sys=0.00, real=0.00 secs] 
11.186: [GC 11.186: [ParNew: 3424K->130K(3904K), 0.0007645 secs] 10032K->6738K(12552K), 0.0008224 secs] [Times: user=0.00 sys=0.00, real=0.00 secs] 
11.189: [GC 11.189: [ParNew: 3460K->67K(3904K), 0.0003507 secs] 10068K->6676K(12552K), 0.0003842 secs] [Times: user=0.00 sys=0.00, real=0.00 secs] 
11.191: [GC 11.191: [ParNew: 3332K->135K(3904K), 0.0003392 secs] 9940K->6744K(12552K), 0.0003744 secs] [Times: user=0.00 sys=0.00, real=0.00 secs] 
11.193: [GC 11.193: [ParNew: 3394K->138K(3904K), 0.0003573 secs] 10002K->6747K(12552K), 0.0003907 secs] [Times: user=0.00 sys=0.00, real=0.00 secs] 
11.195: [GC 11.195: [ParNew: 3512K->143K(3904K), 0.0004075 secs] 10121K->6752K(12552K), 0.0004443 secs] [Times: user=0.00 sys=0.00, real=0.00 secs] 
11.198: [GC 11.198: [ParNew: 3482K->224K(3904K), 0.0004676 secs] 10091K->6832K(12552K), 0.0005141 secs] [Times: user=0.00 sys=0.00, real=0.00 secs] 
11.200: [GC 11.200: [ParNew: 3551K->230K(3904K), 0.0004660 secs] 10159K->6838K(12552K), 0.0005018 secs] [Times: user=0.00 sys=0.00, real=0.00 secs] 
11.202: [GC 11.202: [ParNew: 3607K->233K(3904K), 0.0004484 secs] 10215K->6841K(12552K), 0.0004834 secs] [Times: user=0.00 sys=0.00, real=0.00 secs] 
11.206: [GC 11.206: [ParNew: 3519K->159K(3904K), 0.0005253 secs] 10127K->6768K(12552K), 0.0005793 secs] [Times: user=0.00 sys=0.00, real=0.00 secs] 
11.208: [GC 11.208: [ParNew: 3500K->241K(3904K), 0.0004232 secs] 10108K->6849K(12552K), 0.0004583 secs] [Times: user=0.00 sys=0.00, real=0.00 secs] 
11.212: [GC 11.212: [ParNew: 3559K->83K(3904K), 0.0005441 secs] 10167K->6692K(12552K), 0.0005943 secs] [Times: user=0.00 sys=0.01, real=0.00 secs] 
11.214: [GC 11.214: [ParNew: 3453K->166K(3904K), 0.0005576 secs] 10061K->6775K(12552K), 0.0006037 secs] [Times: user=0.00 sys=0.00, real=0.00 secs] 
11.216: [GC 11.216: [ParNew: 3478K->168K(3904K), 0.0004838 secs] 10086K->6776K(12552K), 0.0005240 secs] [Times: user=0.01 sys=0.00, real=0.00 secs] 
11.219: [GC 11.219: [ParNew: 3518K->170K(3904K), 0.0003966 secs] 10126K->6778K(12552K), 0.0004356 secs] [Times: user=0.00 sys=0.00, real=0.00 secs] 
11.258: [GC 11.258: [ParNew: 3562K->8K(3904K), 0.0006643 secs] 10170K->6616K(12552K), 0.0007027 secs] [Times: user=0.00 sys=0.00, real=0.00 secs] 
11.263: [GC 11.264: [ParNew: 3388K->42K(3904K), 0.0004393 secs] 9996K->6650K(12552K), 0.0004843 secs] [Times: user=0.01 sys=0.00, real=0.00 secs] 
11.269: [GC 11.269: [ParNew: 3422K->53K(3904K), 0.0009855 secs] 10030K->6661K(12552K), 0.0010357 secs] [Times: user=0.00 sys=0.00, real=0.00 secs] 
11.272: [GC 11.272: [ParNew: 3439K->43K(3904K), 0.0003739 secs] 10047K->6651K(12552K), 0.0004696 secs] [Times: user=0.00 sys=0.00, real=0.00 secs] 
11.275: [GC 11.275: [ParNew: 3413K->76K(3904K), 0.0004090 secs] 10021K->6685K(12552K), 0.0004539 secs] [Times: user=0.00 sys=0.00, real=0.00 secs] 
11.278: [GC 11.278: [ParNew: 3419K->82K(3904K), 0.0003751 secs] 10027K->6690K(12552K), 0.0004079 secs] [Times: user=0.00 sys=0.00, real=0.00 secs] 
11.280: [GC 11.280: [ParNew: 3440K->89K(3904K), 0.0007825 secs] 10049K->6697K(12552K), 0.0008224 secs] [Times: user=0.00 sys=0.00, real=0.00 secs] 
11.284: [GC 11.284: [ParNew: 3457K->96K(3904K), 0.0004228 secs] 10065K->6704K(12552K), 0.0004585 secs] [Times: user=0.00 sys=0.00, real=0.00 secs] 
11.288: [GC 11.288: [ParNew: 3408K->101K(3904K), 0.0004654 secs] 10017K->6709K(12552K), 0.0005129 secs] [Times: user=0.00 sys=0.00, real=0.01 secs] 
11.290: [GC 11.290: [ParNew: 3438K->106K(3904K), 0.0003953 secs] 10046K->6715K(12552K), 0.0004296 secs] [Times: user=0.00 sys=0.00, real=0.00 secs] 
11.292: [GC 11.292: [ParNew: 3489K->112K(3904K), 0.0003791 secs] 10097K->6720K(12552K), 0.0004123 secs] [Times: user=0.01 sys=0.00, real=0.00 secs] 
11.294: [GC 11.294: [ParNew: 3466K->70K(3904K), 0.0003336 secs] 10075K->6678K(12552K), 0.0003672 secs] [Times: user=0.00 sys=0.00, real=0.00 secs] 
11.297: [GC 11.297: [ParNew: 3373K->124K(3904K), 0.0004242 secs] 9981K->6732K(12552K), 0.0004640 secs] [Times: user=0.00 sys=0.00, real=0.00 secs] 
11.300: [GC 11.300: [ParNew: 3498K->128K(3904K), 0.0004272 secs] 10107K->6736K(12552K), 0.0004648 secs] [Times: user=0.00 sys=0.00, real=0.00 secs] 
11.303: [GC 11.303: [ParNew: 3420K->132K(3904K), 0.0004287 secs] 10029K->6740K(12552K), 0.0004638 secs] [Times: user=0.01 sys=0.00, real=0.00 secs] 
11.305: [GC 11.305: [ParNew: 3517K->127K(3904K), 0.0004243 secs] 10126K->6752K(12552K), 0.0004589 secs] [Times: user=0.00 sys=0.00, real=0.00 secs] 
11.307: [GC 11.307: [ParNew: 3496K->179K(3904K), 0.0004416 secs] 10121K->6814K(12552K), 0.0004793 secs] [Times: user=0.00 sys=0.00, real=0.01 secs] 
11.309: [GC 11.309: [ParNew: 3522K->183K(3904K), 0.0004203 secs] 10157K->6818K(12552K), 0.0004534 secs] [Times: user=0.00 sys=0.00, real=0.00 secs] 
11.312: [GC 11.312: [ParNew: 3515K->65K(3904K), 0.0003460 secs] 10150K->6700K(12552K), 0.0003836 secs] [Times: user=0.00 sys=0.00, real=0.00 secs] 
11.314: [GC 11.314: [ParNew: 3437K->67K(3904K), 0.0003691 secs] 10072K->6702K(12552K), 0.0004105 secs] [Times: user=0.00 sys=0.00, real=0.00 secs] 
11.318: [GC 11.318: [ParNew: 3452K->202K(3904K), 0.0004069 secs] 10087K->6836K(12552K), 0.0004455 secs] [Times: user=0.00 sys=0.00, real=0.00 secs] 
11.320: [GC 11.321: [ParNew: 3583K->138K(3904K), 0.0003845 secs] 10217K->6773K(12552K), 0.0004198 secs] [Times: user=0.00 sys=0.00, real=0.00 secs] 
11.323: [GC 11.323: [ParNew: 3492K->143K(3904K), 0.0008843 secs] 10127K->6778K(12552K), 0.0009353 secs] [Times: user=0.00 sys=0.00, real=0.00 secs] 
11.326: [GC 11.326: [ParNew: 3531K->76K(3904K), 0.0003969 secs] 10165K->6710K(12552K), 0.0004322 secs] [Times: user=0.00 sys=0.00, real=0.00 secs] 
11.328: [GC 11.328: [ParNew: 3465K->154K(3904K), 0.0005220 secs] 10100K->6788K(12552K), 0.0005591 secs] [Times: user=0.00 sys=0.00, real=0.00 secs] 
11.331: [GC 11.331: [ParNew: 3525K->156K(3904K), 0.0004725 secs] 10159K->6790K(12552K), 0.0005074 secs] [Times: user=0.00 sys=0.00, real=0.00 secs] 
11.333: [GC 11.333: [ParNew: 3510K->80K(3904K), 0.0003470 secs] 10144K->6715K(12552K), 0.0003814 secs] [Times: user=0.00 sys=0.00, real=0.00 secs] 
11.335: [GC 11.335: [ParNew: 3337K->161K(3904K), 0.0003570 secs] 9971K->6796K(12552K), 0.0003899 secs] [Times: user=0.00 sys=0.00, real=0.00 secs] 
11.338: [GC 11.338: [ParNew: 3549K->245K(3904K), 0.0005215 secs] 10184K->6879K(12552K), 0.0005616 secs] [Times: user=0.00 sys=0.00, real=0.00 secs] 
11.341: [GC 11.341: [ParNew: 3611K->84K(3904K), 0.0003521 secs] 10246K->6719K(12552K), 0.0003845 secs] [Times: user=0.00 sys=0.00, real=0.00 secs] 
11.343: [GC 11.343: [ParNew: 3476K->167K(3904K), 0.0004082 secs] 10110K->6802K(12552K), 0.0004512 secs] [Times: user=0.00 sys=0.00, real=0.00 secs] 
11.346: [GC 11.346: [ParNew: 3512K->170K(3904K), 0.0004354 secs] 10147K->6805K(12552K), 0.0004725 secs] [Times: user=0.00 sys=0.00, real=0.00 secs] 
11.355: [GC 11.355: [ParNew: 3562K->8K(3904K), 0.0003955 secs] 10197K->6642K(12552K), 0.0004292 secs] [Times: user=0.00 sys=0.00, real=0.00 secs] 
11.363: [GC 11.363: [ParNew: 3398K->40K(3904K), 0.0004453 secs] 10032K->6675K(12552K), 0.0004886 secs] [Times: user=0.00 sys=0.00, real=0.00 secs] 
11.367: [GC 11.367: [ParNew: 3425K->60K(3904K), 0.0004472 secs] 10060K->6694K(12552K), 0.0004900 secs] [Times: user=0.00 sys=0.00, real=0.01 secs] 
11.370: [GC 11.370: [ParNew: 3416K->66K(3904K), 0.0004453 secs] 10051K->6700K(12552K), 0.0004897 secs] [Times: user=0.00 sys=0.00, real=0.00 secs] 
11.373: [GC 11.373: [ParNew: 3450K->47K(3904K), 0.0004483 secs] 10085K->6681K(12552K), 0.0004897 secs] [Times: user=0.01 sys=0.00, real=0.00 secs] 
11.377: [GC 11.377: [ParNew: 3395K->80K(3904K), 0.0005084 secs] 10030K->6715K(12552K), 0.0005622 secs] [Times: user=0.00 sys=0.00, real=0.01 secs] 
11.381: [GC 11.381: [ParNew: 3415K->86K(3904K), 0.0004691 secs] 10050K->6721K(12552K), 0.0005131 secs] [Times: user=0.00 sys=0.00, real=0.00 secs] 
11.383: [GC 11.384: [ParNew: 3421K->95K(3904K), 0.0004746 secs] 10056K->6730K(12552K), 0.0005164 secs] [Times: user=0.00 sys=0.00, real=0.00 secs] 
11.388: [GC 11.388: [ParNew: 3468K->140K(3904K), 0.0008963 secs] 10102K->6775K(12552K), 0.0009538 secs] [Times: user=0.00 sys=0.00, real=0.00 secs] 
11.391: [GC 11.391: [ParNew: 3505K->62K(3904K), 0.0007100 secs] 10139K->6697K(12552K), 0.0007605 secs] [Times: user=0.00 sys=0.00, real=0.00 secs] 
11.394: [GC 11.394: [ParNew: 3431K->65K(3904K), 0.0004210 secs] 10066K->6700K(12552K), 0.0004611 secs] [Times: user=0.00 sys=0.00, real=0.00 secs] 
11.398: [GC 11.398: [ParNew: 3450K->69K(3904K), 0.0004265 secs] 10084K->6703K(12552K), 0.0004714 secs] [Times: user=0.00 sys=0.00, real=0.00 secs] 
11.401: [GC 11.401: [ParNew: 3364K->116K(3904K), 0.0009013 secs] 9998K->6750K(12552K), 0.0009516 secs] [Times: user=0.00 sys=0.00, real=0.00 secs] 
11.405: [GC 11.405: [ParNew: 3482K->133K(3904K), 0.0020133 secs] 10117K->6768K(12552K), 0.0020818 secs] [Times: user=0.00 sys=0.00, real=0.00 secs] 
11.413: [GC 11.413: [ParNew: 3499K->127K(3904K), 0.0009624 secs] 10134K->6762K(12552K), 0.0010228 secs] [Times: user=0.01 sys=0.00, real=0.00 secs] 
11.417: [GC 11.417: [ParNew: 3508K->132K(3904K), 0.0004679 secs] 10142K->6783K(12552K), 0.0005117 secs] [Times: user=0.00 sys=0.00, real=0.00 secs] 
11.420: [GC 11.420: [ParNew: 3495K->182K(3904K), 0.0007860 secs] 10145K->6843K(12552K), 0.0008361 secs] [Times: user=0.00 sys=0.00, real=0.00 secs] 
11.423: [GC 11.423: [ParNew: 3518K->183K(3904K), 0.0006776 secs] 10179K->6844K(12552K), 0.0007215 secs] [Times: user=0.00 sys=0.00, real=0.00 secs] 
11.426: [GC 11.426: [ParNew: 3566K->131K(3904K), 0.0004069 secs] 10227K->6792K(12552K), 0.0004515 secs] [Times: user=0.00 sys=0.00, real=0.00 secs] 
11.431: [GC 11.431: [ParNew: 3498K->133K(3904K), 0.0004979 secs] 10159K->6794K(12552K), 0.0005395 secs] [Times: user=0.00 sys=0.00, real=0.00 secs] 
11.434: [GC 11.434: [ParNew: 3514K->68K(3904K), 0.0010448 secs] 10175K->6729K(12552K), 0.0011033 secs] [Times: user=0.00 sys=0.00, real=0.00 secs] 
11.439: [GC 11.439: [ParNew: 3376K->140K(3904K), 0.0003911 secs] 10037K->6801K(12552K), 0.0004281 secs] [Times: user=0.00 sys=0.00, real=0.00 secs] 
11.443: [GC 11.443: [ParNew: 3484K->145K(3904K), 0.0005216 secs] 10145K->6806K(12552K), 0.0005819 secs] [Times: user=0.00 sys=0.00, real=0.00 secs] 
11.445: [GC 11.445: [ParNew: 3521K->75K(3904K), 0.0003873 secs] 10182K->6736K(12552K), 0.0004275 secs] [Times: user=0.00 sys=0.00, real=0.00 secs] 
11.447: [GC 11.447: [ParNew: 3455K->156K(3904K), 0.0003600 secs] 10116K->6817K(12552K), 0.0003940 secs] [Times: user=0.00 sys=0.00, real=0.01 secs] 
11.451: [GC 11.451: [ParNew: 3522K->158K(3904K), 0.0004118 secs] 10183K->6819K(12552K), 0.0004808 secs] [Times: user=0.00 sys=0.00, real=0.00 secs] 
11.453: [GC 11.453: [ParNew: 3506K->82K(3904K), 0.0003526 secs] 10167K->6743K(12552K), 0.0003874 secs] [Times: user=0.01 sys=0.00, real=0.00 secs] 
11.457: [GC 11.457: [ParNew: 3333K->161K(3904K), 0.0004185 secs] 9994K->6822K(12552K), 0.0004698 secs] [Times: user=0.00 sys=0.00, real=0.00 secs] 
11.459: [GC 11.459: [ParNew: 3544K->247K(3904K), 0.0004345 secs] 10205K->6908K(12552K), 0.0005111 secs] [Times: user=0.00 sys=0.00, real=0.00 secs] 
11.463: [GC 11.463: [ParNew: 3608K->84K(3904K), 0.0005469 secs] 10269K->6753K(12552K), 0.0005959 secs] [Times: user=0.00 sys=0.00, real=0.00 secs] 
11.466: [GC 11.466: [ParNew: 3473K->167K(3904K), 0.0004274 secs] 10142K->6836K(12552K), 0.0004761 secs] [Times: user=0.00 sys=0.00, real=0.00 secs] 
11.469: [GC 11.469: [ParNew: 3507K->170K(3904K), 0.0004130 secs] 10176K->6839K(12552K), 0.0004516 secs] [Times: user=0.00 sys=0.00, real=0.00 secs] 
11.477: [GC 11.477: [ParNew: 3562K->6K(3904K), 0.0003443 secs] 10231K->6675K(12552K), 0.0003805 secs] [Times: user=0.00 sys=0.00, real=0.01 secs] 
11.486: [GC 11.486: [ParNew: 3378K->39K(3904K), 0.0004505 secs] 10047K->6708K(12552K), 0.0004869 secs] [Times: user=0.00 sys=0.00, real=0.00 secs] 
11.489: [GC 11.489: [ParNew: 3395K->54K(3904K), 0.0004125 secs] 10064K->6723K(12552K), 0.0004493 secs] [Times: user=0.00 sys=0.01, real=0.00 secs] 
11.493: [GC 11.493: [ParNew: 3415K->62K(3904K), 0.0004202 secs] 10084K->6731K(12552K), 0.0004706 secs] [Times: user=0.00 sys=0.00, real=0.00 secs] 
11.495: [GC 11.495: [ParNew: 3418K->70K(3904K), 0.0004542 secs] 10087K->6739K(12552K), 0.0004961 secs] [Times: user=0.00 sys=0.00, real=0.00 secs] 
11.497: [GC 11.497: [ParNew: 3435K->46K(3904K), 0.0003505 secs] 10104K->6715K(12552K), 0.0003833 secs] [Times: user=0.00 sys=0.00, real=0.01 secs] 
11.500: [GC 11.500: [ParNew: 3377K->82K(3904K), 0.0003895 secs] 10046K->6751K(12552K), 0.0004229 secs] [Times: user=0.00 sys=0.00, real=0.00 secs] 
11.503: [GC 11.503: [ParNew: 3439K->129K(3904K), 0.0005004 secs] 10109K->6798K(12552K), 0.0005425 secs] [Times: user=0.01 sys=0.00, real=0.00 secs] 
11.506: [GC 11.506: [ParNew: 3476K->96K(3904K), 0.0003900 secs] 10146K->6765K(12552K), 0.0004318 secs] [Times: user=0.00 sys=0.00, real=0.00 secs] 
11.511: [GC 11.511: [ParNew: 3476K->100K(3904K), 0.0005333 secs] 10145K->6769K(12552K), 0.0005863 secs] [Times: user=0.01 sys=0.00, real=0.00 secs] 
11.513: [GC 11.513: [ParNew: 3420K->108K(3904K), 0.0006785 secs] 10089K->6777K(12552K), 0.0007241 secs] [Times: user=0.00 sys=0.00, real=0.00 secs] 
11.517: [GC 11.517: [ParNew: 3500K->122K(3904K), 0.0004700 secs] 10169K->6791K(12552K), 0.0005197 secs] [Times: user=0.00 sys=0.00, real=0.01 secs] 
11.521: [GC 11.522: [ParNew: 3514K->177K(3904K), 0.0006795 secs] 10183K->6846K(12552K), 0.0007785 secs] [Times: user=0.00 sys=0.00, real=0.00 secs] 
11.524: [GC 11.524: [ParNew: 3568K->110K(3904K), 0.0004371 secs] 10237K->6779K(12552K), 0.0004738 secs] [Times: user=0.00 sys=0.00, real=0.00 secs] 
11.526: [GC 11.526: [ParNew: 3497K->167K(3904K), 0.0004469 secs] 10166K->6836K(12552K), 0.0004842 secs] [Times: user=0.00 sys=0.00, real=0.00 secs] 
11.528: [GC 11.528: [ParNew: 3543K->200K(3904K), 0.0004940 secs] 10212K->6885K(12552K), 0.0005306 secs] [Times: user=0.00 sys=0.00, real=0.01 secs] 
11.529: [GC 11.529: [ParNew: 3585K->211K(3904K), 0.0004658 secs] 10270K->6904K(12552K), 0.0005036 secs] [Times: user=0.00 sys=0.00, real=0.00 secs] 
11.532: [GC 11.532: [ParNew: 3600K->229K(3904K), 0.0005863 secs] 10294K->6922K(12552K), 0.0006317 secs] [Times: user=0.00 sys=0.00, real=0.00 secs] 
11.534: [GC 11.534: [ParNew: 3600K->232K(3904K), 0.0004760 secs] 10293K->6925K(12552K), 0.0005129 secs] [Times: user=0.00 sys=0.00, real=0.00 secs] 
11.536: [GC 11.536: [ParNew: 3598K->214K(3904K), 0.0004368 secs] 10291K->6908K(12552K), 0.0004742 secs] [Times: user=0.00 sys=0.00, real=0.00 secs] 
11.538: [GC 11.538: [ParNew: 3564K->297K(3904K), 0.0006635 secs] 10257K->6990K(12552K), 0.0007095 secs] [Times: user=0.00 sys=0.00, real=0.00 secs] 
11.540: [GC 11.540: [ParNew: 3686K->188K(3904K), 0.0004978 secs] 10379K->6897K(12552K), 0.0005406 secs] [Times: user=0.01 sys=0.00, real=0.00 secs] 
11.542: [GC 11.542: [ParNew: 3534K->185K(3904K), 0.0006523 secs] 10243K->6894K(12552K), 0.0006942 secs] [Times: user=0.00 sys=0.00, real=0.00 secs] 
11.544: [GC 11.544: [ParNew: 3575K->222K(3904K), 0.0004192 secs] 10284K->6931K(12552K), 0.0004533 secs] [Times: user=0.00 sys=0.00, real=0.00 secs] 
11.546: [GC 11.546: [ParNew: 3592K->258K(3904K), 0.0005596 secs] 10301K->6967K(12552K), 0.0005986 secs] [Times: user=0.00 sys=0.00, real=0.00 secs] 
11.550: [GC 11.551: [ParNew: 3645K->304K(3904K), 0.0004877 secs] 10354K->7013K(12552K), 0.0005718 secs] [Times: user=0.00 sys=0.00, real=0.00 secs] 
11.553: [GC 11.553: [ParNew: 3685K->209K(3904K), 0.0004582 secs] 10394K->6918K(12552K), 0.0004974 secs] [Times: user=0.00 sys=0.00, real=0.00 secs] 
11.558: [GC 11.558: [ParNew: 3601K->278K(3904K), 0.0006962 secs] 10310K->6987K(12552K), 0.0007456 secs] [Times: user=0.00 sys=0.00, real=0.00 secs] 
11.561: [GC 11.561: [ParNew: 3668K->109K(3904K), 0.0004183 secs] 10377K->6818K(12552K), 0.0004578 secs] [Times: user=0.00 sys=0.00, real=0.00 secs] 
11.563: [GC 11.563: [ParNew: 3481K->355K(3904K), 0.0005208 secs] 10190K->7064K(12552K), 0.0005638 secs] [Times: user=0.00 sys=0.00, real=0.00 secs] 
11.566: [GC 11.566: [ParNew: 3685K->292K(3904K), 0.0006139 secs] 10394K->7081K(12552K), 0.0006600 secs] [Times: user=0.00 sys=0.00, real=0.00 secs] 
11.569: [GC 11.569: [ParNew: 3613K->188K(3904K), 0.0005263 secs] 10402K->7058K(12552K), 0.0005637 secs] [Times: user=0.00 sys=0.00, real=0.00 secs] 
11.574: [GC 11.574: [ParNew: 3518K->377K(3904K), 0.0006245 secs] 10388K->7246K(12552K), 0.0006651 secs] [Times: user=0.00 sys=0.00, real=0.00 secs] 
11.578: [GC 11.578: [ParNew: 3726K->236K(3904K), 0.0006165 secs] 10596K->7177K(12552K), 0.0006737 secs] [Times: user=0.00 sys=0.00, real=0.00 secs] 
11.581: [GC 11.581: [ParNew: 3587K->416K(3904K), 0.0008417 secs] 10529K->7358K(12552K), 0.0008928 secs] [Times: user=0.00 sys=0.00, real=0.00 secs] 
11.585: [GC 11.585: [ParNew: 3760K->52K(3904K), 0.0012514 secs] 10701K->7368K(12552K), 0.0013194 secs] [Times: user=0.00 sys=0.00, real=0.00 secs] 
11.591: [GC 11.591: [ParNew: 3311K->435K(3904K), 0.0008838 secs] 10627K->7751K(12552K), 0.0009451 secs] [Times: user=0.00 sys=0.00, real=0.00 secs] 
11.595: [GC 11.595: [ParNew: 3793K->360K(3904K), 0.0008017 secs] 11109K->7750K(12552K), 0.0008625 secs] [Times: user=0.00 sys=0.00, real=0.00 secs] 
11.597: [GC 11.597: [ParNew: 3722K->264K(3904K), 0.0005187 secs] 11111K->7654K(12552K), 0.0005636 secs] [Times: user=0.00 sys=0.00, real=0.00 secs] 
11.600: [GC 11.600: [ParNew: 3584K->79K(3904K), 0.0009435 secs] 10974K->7577K(12552K), 0.0009937 secs] [Times: user=0.00 sys=0.00, real=0.00 secs] 
11.604: [GC 11.605: [ParNew: 3462K->239K(3904K), 0.0032504 secs] 10960K->7737K(12552K), 0.0033101 secs] [Times: user=0.00 sys=0.00, real=0.01 secs] 
11.610: [GC 11.610: [ParNew: 3613K->324K(3904K), 0.0009434 secs] 11110K->7821K(12552K), 0.0010049 secs] [Times: user=0.00 sys=0.00, real=0.00 secs] 
11.615: [GC 11.615: [ParNew: 3692K->330K(3904K), 0.0014884 secs] 11189K->7935K(12552K), 0.0015519 secs] [Times: user=0.00 sys=0.00, real=0.00 secs] 
11.619: [GC 11.619: [ParNew: 3700K->277K(3904K), 0.0008545 secs] 11305K->7882K(12552K), 0.0009127 secs] [Times: user=0.00 sys=0.00, real=0.00 secs] 
11.626: [GC 11.626: [ParNew: 3616K->222K(3904K), 0.0011093 secs] 11221K->8070K(12552K), 0.0011662 secs] [Times: user=0.01 sys=0.00, real=0.00 secs] 
11.630: [GC 11.630: [ParNew: 3564K->421K(3904K), 0.0015896 secs] 11412K->8269K(12552K), 0.0016605 secs] [Times: user=0.00 sys=0.00, real=0.00 secs] 
11.635: [GC 11.635: [ParNew: 3757K->183K(3904K), 0.0027515 secs] 11605K->8275K(12552K), 0.0028176 secs] [Times: user=0.00 sys=0.00, real=0.01 secs] 
11.640: [GC 11.640: [ParNew: 3548K->497K(3904K), 0.0007193 secs] 11640K->8652K(12552K), 0.0007919 secs] [Times: user=0.00 sys=0.00, real=0.00 secs] 
11.648: [GC 11.648: [ParNew: 3889K->264K(3904K), 0.0017881 secs] 12044K->8831K(12552K), 0.0018550 secs] [Times: user=0.01 sys=0.00, real=0.00 secs] 
11.655: [GC 11.655: [ParNew: 3653K->275K(3904K), 0.0014223 secs] 12219K->8857K(12552K), 0.0014766 secs] [Times: user=0.00 sys=0.00, real=0.00 secs] 
11.659: [GC 11.659: [ParNew: 3665K->281K(3904K), 0.0006065 secs] 12247K->8871K(12552K), 0.0006562 secs] [Times: user=0.00 sys=0.00, real=0.00 secs] 
11.662: [GC 11.662: [ParNew: 3654K->93K(3904K), 0.0006753 secs] 12244K->8683K(12552K), 0.0007188 secs] [Times: user=0.00 sys=0.00, real=0.00 secs] 
11.665: [GC 11.665: [ParNew: 3445K->167K(3904K), 0.0006307 secs] 12036K->8757K(12552K), 0.0006846 secs] [Times: user=0.00 sys=0.00, real=0.00 secs] 
11.668: [GC 11.668: [ParNew: 3491K->97K(3904K), 0.0006280 secs] 12081K->8687K(12552K), 0.0006784 secs] [Times: user=0.00 sys=0.00, real=0.00 secs] 
11.672: [GC 11.672: [ParNew: 3428K->406K(3904K), 0.0007451 secs] 12019K->8997K(12552K), 0.0007966 secs] [Times: user=0.00 sys=0.00, real=0.00 secs] 
11.675: [GC 11.675: [ParNew: 3782K->402K(3904K), 0.0012156 secs]11.676: [Tenured: 8673K->6751K(8840K), 0.1268332 secs] 12373K->6751K(12744K), [Perm : 10729K->10675K(21248K)], 0.1281985 secs] [Times: user=0.17 sys=0.02, real=0.13 secs] 
11.810: [GC 11.810: [ParNew: 4186K->279K(4992K), 0.0039424 secs] 10937K->7030K(16248K), 0.0040022 secs] [Times: user=0.00 sys=0.00, real=0.00 secs] 
11.817: [GC 11.817: [ParNew: 4558K->591K(4992K), 0.0024774 secs] 11309K->7343K(16248K), 0.0025472 secs] [Times: user=0.00 sys=0.00, real=0.01 secs] 
11.826: [GC 11.826: [ParNew: 4865K->166K(4992K), 0.0012242 secs] 11617K->7451K(16248K), 0.0013037 secs] [Times: user=0.00 sys=0.00, real=0.00 secs] 
11.830: [GC 11.830: [ParNew: 4446K->119K(4992K), 0.0005256 secs] 11732K->7404K(16248K), 0.0005749 secs] [Times: user=0.00 sys=0.00, real=0.00 secs] 
11.836: [GC 11.836: [ParNew: 4407K->291K(4992K), 0.0008406 secs] 11692K->7576K(16248K), 0.0008936 secs] [Times: user=0.00 sys=0.00, real=0.00 secs] 
11.840: [GC 11.840: [ParNew: 4575K->300K(4992K), 0.0006289 secs] 11860K->7585K(16248K), 0.0006697 secs] [Times: user=0.00 sys=0.00, real=0.00 secs] 
11.845: [GC 11.845: [ParNew: 4588K->615K(4992K), 0.0018709 secs] 11873K->7900K(16248K), 0.0019486 secs] [Times: user=0.01 sys=0.00, real=0.00 secs] 
11.854: [GC 11.854: [ParNew: 4903K->530K(4992K), 0.0013156 secs] 12188K->7998K(16248K), 0.0013739 secs] [Times: user=0.01 sys=0.00, real=0.00 secs] 
11.865: [GC 11.865: [ParNew: 4818K->218K(4992K), 0.0023068 secs] 12286K->8206K(16248K), 0.0023744 secs] [Times: user=0.01 sys=0.00, real=0.00 secs] 
11.876: [GC 11.876: [ParNew: 4504K->405K(4992K), 0.0007165 secs] 12492K->8393K(16248K), 0.0007761 secs] [Times: user=0.00 sys=0.00, real=0.00 secs] 
11.881: [GC 11.881: [ParNew: 4693K->233K(4992K), 0.0007587 secs] 12681K->8414K(16248K), 0.0008042 secs] [Times: user=0.00 sys=0.00, real=0.00 secs] 
11.885: [GC 11.885: [ParNew: 4499K->558K(4992K), 0.0021516 secs] 12680K->8739K(16248K), 0.0022068 secs] [Times: user=0.00 sys=0.00, real=0.00 secs] 
11.891: [GC 11.891: [ParNew: 4846K->457K(4992K), 0.0009843 secs] 13027K->8815K(16248K), 0.0010444 secs] [Times: user=0.00 sys=0.00, real=0.00 secs] 
11.895: [GC 11.895: [ParNew: 4741K->243K(4992K), 0.0010415 secs] 13098K->8908K(16248K), 0.0011140 secs] [Times: user=0.00 sys=0.00, real=0.00 secs] 
11.899: [GC 11.899: [ParNew: 4530K->272K(4992K), 0.0007185 secs] 13196K->8937K(16248K), 0.0007615 secs] [Times: user=0.00 sys=0.00, real=0.00 secs] 
11.905: [GC 11.905: [ParNew: 4540K->381K(4992K), 0.0006708 secs] 13205K->9047K(16248K), 0.0007188 secs] [Times: user=0.00 sys=0.00, real=0.00 secs] 
11.908: [GC 11.909: [ParNew: 4641K->367K(4992K), 0.0010856 secs] 13306K->9132K(16248K), 0.0011312 secs] [Times: user=0.00 sys=0.00, real=0.00 secs] 
11.912: [GC 11.912: [ParNew: 4647K->374K(4992K), 0.0012310 secs] 13412K->9216K(16248K), 0.0013070 secs] [Times: user=0.00 sys=0.00, real=0.00 secs] 
11.916: [GC 11.916: [ParNew: 4649K->519K(4992K), 0.0012332 secs] 13491K->9443K(16248K), 0.0012870 secs] [Times: user=0.00 sys=0.00, real=0.00 secs] 
11.919: [GC 11.919: [ParNew: 4791K->314K(4992K), 0.0008529 secs] 13715K->9390K(16248K), 0.0008994 secs] [Times: user=0.00 sys=0.01, real=0.00 secs] 
11.923: [GC 11.923: [ParNew: 4596K->318K(4992K), 0.0006933 secs] 13672K->9394K(16248K), 0.0007531 secs] [Times: user=0.00 sys=0.00, real=0.00 secs] 
11.926: [GC 11.926: [ParNew: 4590K->406K(4992K), 0.0007807 secs] 13667K->9483K(16248K), 0.0008342 secs] [Times: user=0.00 sys=0.00, real=0.00 secs] 
11.929: [GC 11.930: [ParNew: 4681K->445K(4992K), 0.0012780 secs] 13757K->9765K(16248K), 0.0013500 secs] [Times: user=0.00 sys=0.00, real=0.00 secs] 
11.933: [GC 11.933: [ParNew: 4707K->87K(4992K), 0.0011129 secs] 14026K->9721K(16248K), 0.0011732 secs] [Times: user=0.00 sys=0.00, real=0.00 secs] 
11.937: [GC 11.937: [ParNew: 4366K->234K(4992K), 0.0013570 secs] 14000K->9868K(16248K), 0.0014242 secs] [Times: user=0.00 sys=0.00, real=0.01 secs] 
11.940: [GC 11.940: [ParNew: 4494K->369K(4992K), 0.0006688 secs] 14128K->10003K(16248K), 0.0007135 secs] [Times: user=0.00 sys=0.00, real=0.00 secs] 
11.943: [GC 11.943: [ParNew: 4644K->337K(4992K), 0.0008199 secs] 14278K->10008K(16248K), 0.0008629 secs] [Times: user=0.00 sys=0.00, real=0.00 secs] 
11.947: [GC 11.947: [ParNew: 4607K->364K(4992K), 0.0006645 secs] 14278K->10035K(16248K), 0.0007683 secs] [Times: user=0.01 sys=0.00, real=0.01 secs] 
11.950: [GC 11.950: [ParNew: 4642K->183K(4992K), 0.0008346 secs] 14313K->9984K(16248K), 0.0008760 secs] [Times: user=0.00 sys=0.00, real=0.00 secs] 
11.953: [GC 11.953: [ParNew: 4459K->312K(4992K), 0.0005886 secs] 14260K->10113K(16248K), 0.0006311 secs] [Times: user=0.01 sys=0.00, real=0.00 secs] 
11.956: [GC 11.956: [ParNew: 4580K->433K(4992K), 0.0009773 secs] 14381K->10234K(16248K), 0.0010269 secs] [Times: user=0.00 sys=0.00, real=0.00 secs] 
11.961: [GC 11.961: [ParNew: 4721K->487K(4992K), 0.0010135 secs] 14522K->10295K(16248K), 0.0011074 secs] [Times: user=0.00 sys=0.00, real=0.00 secs] 
11.965: [GC 11.965: [ParNew: 4740K->458K(4992K), 0.0009880 secs] 14549K->10422K(16248K), 0.0010639 secs] [Times: user=0.00 sys=0.00, real=0.00 secs] 
11.969: [GC 11.969: [ParNew: 4742K->91K(4992K), 0.0007914 secs] 14706K->10255K(16248K), 0.0008387 secs] [Times: user=0.00 sys=0.00, real=0.00 secs] 
11.972: [GC 11.972: [ParNew: 4347K->250K(4992K), 0.0022128 secs] 14511K->10414K(16248K), 0.0022807 secs] [Times: user=0.00 sys=0.00, real=0.00 secs] 
11.978: [GC 11.978: [ParNew: 4500K->593K(4992K), 0.0018341 secs] 14664K->10756K(16248K), 0.0018986 secs] [Times: user=0.00 sys=0.00, real=0.00 secs] 
11.982: [GC 11.982: [ParNew: 4851K->329K(4992K), 0.0016232 secs] 15015K->10926K(16248K), 0.0016849 secs] [Times: user=0.00 sys=0.01, real=0.00 secs] 
11.986: [GC 11.987: [ParNew: 4609K->503K(4992K), 0.0016649 secs] 15206K->11099K(16248K), 0.0017229 secs] [Times: user=0.00 sys=0.00, real=0.01 secs] 
11.992: [GC 11.992: [ParNew: 4791K->539K(4992K), 0.0009064 secs] 15387K->11136K(16248K), 0.0009804 secs] [Times: user=0.00 sys=0.00, real=0.00 secs] 
11.996: [GC 11.996: [ParNew: 4813K->628K(4992K), 0.0015467 secs] 15410K->11570K(16248K), 0.0016124 secs] [Times: user=0.00 sys=0.00, real=0.01 secs] 
12.002: [GC 12.002: [ParNew: 4882K->196K(4992K), 0.0009219 secs] 15824K->11376K(16248K), 0.0009673 secs] [Times: user=0.00 sys=0.00, real=0.00 secs] 
12.005: [GC 12.005: [ParNew: 4470K->403K(4992K), 0.0006897 secs] 15650K->11583K(16248K), 0.0007370 secs] [Times: user=0.00 sys=0.00, real=0.00 secs] 
12.008: [GC 12.008: [ParNew: 4680K->224K(4992K), 0.0009052 secs]12.009: [Tenured: 11421K->7456K(11448K), 0.0679043 secs] 15860K->7456K(16440K), [Perm : 10677K->10677K(21248K)], 0.0689327 secs] [Times: user=0.07 sys=0.00, real=0.07 secs] 
12.081: [GC 12.081: [ParNew: 4754K->486K(5568K), 0.0014207 secs] 12210K->7942K(17996K), 0.0014880 secs] [Times: user=0.00 sys=0.00, real=0.00 secs] 
12.087: [GC 12.087: [ParNew: 5259K->449K(5568K), 0.0012816 secs] 12715K->8134K(17996K), 0.0014806 secs] [Times: user=0.00 sys=0.00, real=0.01 secs] 
12.091: [GC 12.091: [ParNew: 5236K->189K(5568K), 0.0008917 secs] 12920K->8210K(17996K), 0.0009454 secs] [Times: user=0.00 sys=0.00, real=0.00 secs] 
12.094: [GC 12.095: [ParNew: 4951K->623K(5568K), 0.0010917 secs] 12972K->8644K(17996K), 0.0011547 secs] [Times: user=0.01 sys=0.00, real=0.00 secs] 
12.098: [GC 12.098: [ParNew: 5399K->210K(5568K), 0.0011979 secs] 13420K->8751K(17996K), 0.0013309 secs] [Times: user=0.00 sys=0.00, real=0.00 secs] 
12.103: [GC 12.104: [ParNew: 4955K->319K(5568K), 0.0006627 secs] 13496K->8860K(17996K), 0.0007235 secs] [Times: user=0.00 sys=0.00, real=0.00 secs] 
12.108: [GC 12.108: [ParNew: 5103K->410K(5568K), 0.0008938 secs] 13644K->8951K(17996K), 0.0009592 secs] [Times: user=0.00 sys=0.00, real=0.00 secs] 
12.113: [GC 12.114: [ParNew: 5210K->482K(5568K), 0.0019312 secs] 13751K->9223K(17996K), 0.0020141 secs] [Times: user=0.00 sys=0.00, real=0.00 secs] 
12.120: [GC 12.120: [ParNew: 5255K->316K(5568K), 0.0010443 secs] 13996K->9413K(17996K), 0.0011025 secs] [Times: user=0.00 sys=0.00, real=0.00 secs] 
12.124: [GC 12.124: [ParNew: 5114K->445K(5568K), 0.0007352 secs] 14211K->9542K(17996K), 0.0007817 secs] [Times: user=0.00 sys=0.00, real=0.00 secs] 
12.129: [GC 12.129: [ParNew: 5214K->316K(5568K), 0.0007529 secs] 14311K->9489K(17996K), 0.0008307 secs] [Times: user=0.00 sys=0.00, real=0.00 secs] 
12.133: [GC 12.133: [ParNew: 5116K->577K(5568K), 0.0012469 secs] 14289K->9750K(17996K), 0.0013137 secs] [Times: user=0.00 sys=0.00, real=0.00 secs] 
12.139: [GC 12.139: [ParNew: 5377K->267K(5568K), 0.0009750 secs] 14550K->9639K(17996K), 0.0010289 secs] [Times: user=0.01 sys=0.00, real=0.00 secs] 
12.148: [GC 12.148: [ParNew: 5031K->684K(5568K), 0.0009216 secs] 14403K->10056K(17996K), 0.0009754 secs] [Times: user=0.00 sys=0.00, real=0.00 secs] 
12.152: [GC 12.152: [ParNew: 5484K->275K(5568K), 0.0015499 secs] 14856K->10287K(17996K), 0.0016166 secs] [Times: user=0.00 sys=0.00, real=0.00 secs] 
12.158: [GC 12.159: [ParNew: 4975K->242K(5568K), 0.0006070 secs] 14987K->10253K(17996K), 0.0006792 secs] [Times: user=0.00 sys=0.00, real=0.00 secs] 
12.164: [GC 12.164: [ParNew: 5042K->424K(5568K), 0.0007180 secs] 15053K->10436K(17996K), 0.0007644 secs] [Times: user=0.00 sys=0.00, real=0.00 secs] 
12.167: [GC 12.167: [ParNew: 5211K->380K(5568K), 0.0007449 secs] 15222K->10469K(17996K), 0.0007975 secs] [Times: user=0.00 sys=0.00, real=0.01 secs] 
12.170: [GC 12.170: [ParNew: 5161K->375K(5568K), 0.0008872 secs] 15250K->10464K(17996K), 0.0009393 secs] [Times: user=0.00 sys=0.00, real=0.00 secs] 
12.173: [GC 12.173: [ParNew: 5094K->459K(5568K), 0.0008221 secs] 15183K->10548K(17996K), 0.0008756 secs] [Times: user=0.00 sys=0.00, real=0.00 secs] 
12.177: [GC 12.177: [ParNew: 5248K->759K(5568K), 0.0016262 secs] 15337K->11291K(17996K), 0.0017113 secs] [Times: user=0.00 sys=0.00, real=0.01 secs] 
12.183: [GC 12.183: [ParNew: 5558K->461K(5568K), 0.0011357 secs] 16090K->11516K(17996K), 0.0012149 secs] [Times: user=0.00 sys=0.00, real=0.00 secs] 
12.188: [GC 12.188: [ParNew: 5239K->194K(5568K), 0.0008900 secs] 16294K->11468K(17996K), 0.0009487 secs] [Times: user=0.00 sys=0.00, real=0.00 secs] 
12.192: [GC 12.192: [ParNew: 4975K->531K(5568K), 0.0010889 secs] 16249K->11805K(17996K), 0.0011447 secs] [Times: user=0.00 sys=0.00, real=0.00 secs] 
12.195: [GC 12.195: [ParNew: 5262K->367K(5568K), 0.0013799 secs] 16536K->12016K(17996K), 0.0014472 secs] [Times: user=0.00 sys=0.00, real=0.00 secs] 
12.199: [GC 12.199: [ParNew: 5121K->754K(5568K), 0.0016197 secs] 16770K->12673K(17996K), 0.0016867 secs] [Times: user=0.00 sys=0.00, real=0.00 secs] 
12.204: [GC 12.205: [ParNew: 5537K->476K(5568K), 0.0015212 secs] 17456K->12811K(17996K), 0.0016027 secs] [Times: user=0.01 sys=0.00, real=0.00 secs] 
12.210: [GC 12.210: [ParNew: 5261K->538K(5568K), 0.0008637 secs] 17596K->12873K(17996K), 0.0009710 secs] [Times: user=0.00 sys=0.00, real=0.00 secs] 
12.213: [GC 12.213: [ParNew: 5303K->207K(5568K), 0.0009432 secs]12.214: [Tenured: 12529K->7770K(12620K), 0.0702746 secs] 17638K->7770K(18188K), [Perm : 10677K->10677K(21248K)], 0.0713291 secs] [Times: user=0.06 sys=0.00, real=0.07 secs] 
12.291: [GC 12.292: [ParNew: 4964K->491K(5824K), 0.0008083 secs] 12734K->8262K(18776K), 0.0008926 secs] [Times: user=0.00 sys=0.00, real=0.00 secs] 
12.295: [GC 12.295: [ParNew: 5463K->301K(5824K), 0.0009086 secs] 13234K->8293K(18776K), 0.0009708 secs] [Times: user=0.00 sys=0.00, real=0.00 secs] 
12.300: [GC 12.300: [ParNew: 5357K->700K(5824K), 0.0011739 secs] 13349K->8693K(18776K), 0.0012278 secs] [Times: user=0.00 sys=0.00, real=0.00 secs] 
12.304: [GC 12.304: [ParNew: 5738K->110K(5824K), 0.0011255 secs] 13730K->8582K(18776K), 0.0011881 secs] [Times: user=0.00 sys=0.00, real=0.00 secs] 
12.310: [GC 12.310: [ParNew: 5165K->200K(5824K), 0.0011733 secs] 13637K->8673K(18776K), 0.0012358 secs] [Times: user=0.00 sys=0.00, real=0.00 secs] 
12.314: [GC 12.314: [ParNew: 5255K->520K(5824K), 0.0011731 secs] 13727K->8993K(18776K), 0.0012271 secs] [Times: user=0.00 sys=0.00, real=0.00 secs] 
12.321: [GC 12.321: [ParNew: 5576K->375K(5824K), 0.0008566 secs] 14049K->9041K(18776K), 0.0009081 secs] [Times: user=0.00 sys=0.00, real=0.00 secs] 
12.325: [GC 12.325: [ParNew: 5405K->658K(5824K), 0.0010048 secs] 14071K->9324K(18776K), 0.0010631 secs] [Times: user=0.00 sys=0.00, real=0.00 secs] 
12.333: [GC 12.333: [ParNew: 5695K->603K(5824K), 0.0018026 secs] 14361K->9646K(18776K), 0.0018724 secs] [Times: user=0.00 sys=0.00, real=0.00 secs] 
12.340: [GC 12.340: [ParNew: 5657K->479K(5824K), 0.0014445 secs] 14700K->10122K(18776K), 0.0015184 secs] [Times: user=0.00 sys=0.00, real=0.00 secs] 
12.344: [GC 12.344: [ParNew: 5535K->153K(5824K), 0.0015050 secs] 15178K->10222K(18776K), 0.0015615 secs] [Times: user=0.00 sys=0.00, real=0.00 secs] 
12.349: [GC 12.349: [ParNew: 5207K->233K(5824K), 0.0006451 secs] 15276K->10302K(18776K), 0.0006912 secs] [Times: user=0.00 sys=0.00, real=0.00 secs] 
12.353: [GC 12.353: [ParNew: 5229K->317K(5824K), 0.0006580 secs] 15298K->10386K(18776K), 0.0007052 secs] [Times: user=0.01 sys=0.00, real=0.00 secs] 
12.358: [GC 12.358: [ParNew: 5313K->328K(5824K), 0.0007043 secs] 15382K->10397K(18776K), 0.0007500 secs] [Times: user=0.00 sys=0.00, real=0.00 secs] 
12.361: [GC 12.361: [ParNew: 5378K->208K(5824K), 0.0007260 secs] 15447K->10277K(18776K), 0.0008830 secs] [Times: user=0.00 sys=0.00, real=0.00 secs] 
12.365: [GC 12.365: [ParNew: 5260K->753K(5824K), 0.0010272 secs] 15329K->10904K(18776K), 0.0010877 secs] [Times: user=0.01 sys=0.00, real=0.00 secs] 
12.369: [GC 12.369: [ParNew: 5805K->282K(5824K), 0.0011604 secs] 15955K->10874K(18776K), 0.0012206 secs] [Times: user=0.00 sys=0.00, real=0.00 secs] 
12.373: [GC 12.373: [ParNew: 5325K->588K(5824K), 0.0009636 secs] 15916K->11179K(18776K), 0.0010176 secs] [Times: user=0.00 sys=0.00, real=0.00 secs] 
12.377: [GC 12.377: [ParNew: 5634K->313K(5824K), 0.0010070 secs] 16225K->11136K(18776K), 0.0010623 secs] [Times: user=0.01 sys=0.01, real=0.01 secs] 
12.380: [GC 12.381: [ParNew: 5351K->364K(5824K), 0.0009782 secs] 16173K->11186K(18776K), 0.0010287 secs] [Times: user=0.00 sys=0.00, real=0.00 secs] 
12.385: [GC 12.385: [ParNew: 5386K->767K(5824K), 0.0015653 secs] 16208K->11883K(18776K), 0.0016501 secs] [Times: user=0.00 sys=0.00, real=0.00 secs] 
12.390: [GC 12.391: [ParNew: 5804K->159K(5824K), 0.0010167 secs] 16920K->11808K(18776K), 0.0010748 secs] [Times: user=0.00 sys=0.00, real=0.00 secs] 
12.395: [GC 12.396: [ParNew: 5199K->595K(5824K), 0.0021462 secs] 16848K->12244K(18776K), 0.0022208 secs] [Times: user=0.00 sys=0.00, real=0.01 secs] 
12.403: [GC 12.403: [ParNew: 5631K->428K(5824K), 0.0012066 secs] 17280K->12506K(18776K), 0.0012698 secs] [Times: user=0.00 sys=0.00, real=0.00 secs] 
12.406: [GC 12.406: [ParNew: 5424K->395K(5824K), 0.0011167 secs] 17502K->12752K(18776K), 0.0011804 secs] [Times: user=0.00 sys=0.00, real=0.01 secs] 
12.410: [GC 12.411: [ParNew: 5435K->729K(5824K), 0.0013346 secs] 17793K->13323K(18776K), 0.0014380 secs] [Times: user=0.00 sys=0.00, real=0.00 secs] 
12.417: [GC 12.417: [ParNew: 5785K->338K(5824K), 0.0024120 secs]12.420: [Tenured: 13236K->7880K(13336K), 0.0696284 secs] 18379K->7880K(19160K), [Perm : 10678K->10678K(21248K)], 0.0722492 secs] [Times: user=0.07 sys=0.00, real=0.08 secs] 
12.493: [GC 12.493: [ParNew: 4956K->571K(5824K), 0.0010594 secs] 12836K->8451K(18960K), 0.0011150 secs] [Times: user=0.00 sys=0.00, real=0.00 secs] 
12.498: [GC 12.498: [ParNew: 5519K->246K(5824K), 0.0013123 secs] 13399K->8647K(18960K), 0.0013749 secs] [Times: user=0.00 sys=0.00, real=0.00 secs] 
12.502: [GC 12.502: [ParNew: 5215K->335K(5824K), 0.0010154 secs] 13617K->8737K(18960K), 0.0010854 secs] [Times: user=0.00 sys=0.00, real=0.00 secs] 
12.506: [GC 12.506: [ParNew: 5311K->399K(5824K), 0.0007903 secs] 13712K->8801K(18960K), 0.0008431 secs] [Times: user=0.00 sys=0.00, real=0.00 secs] 
12.510: [GC 12.510: [ParNew: 5391K->529K(5824K), 0.0010425 secs] 13793K->8930K(18960K), 0.0010923 secs] [Times: user=0.00 sys=0.00, real=0.00 secs] 
12.513: [GC 12.513: [ParNew: 5504K->446K(5824K), 0.0008851 secs] 13905K->8912K(18960K), 0.0009362 secs] [Times: user=0.01 sys=0.00, real=0.00 secs] 
12.517: [GC 12.517: [ParNew: 5412K->799K(5824K), 0.0016558 secs] 13878K->9355K(18960K), 0.0017433 secs] [Times: user=0.00 sys=0.00, real=0.01 secs] 
12.521: [GC 12.521: [ParNew: 5764K->497K(5824K), 0.0015180 secs] 14320K->9779K(18960K), 0.0015914 secs] [Times: user=0.00 sys=0.00, real=0.00 secs] 
12.526: [GC 12.526: [ParNew: 5460K->173K(5824K), 0.0010662 secs] 14743K->9875K(18960K), 0.0011240 secs] [Times: user=0.01 sys=0.00, real=0.00 secs] 
12.530: [GC 12.530: [ParNew: 5154K->266K(5824K), 0.0006268 secs] 14856K->9968K(18960K), 0.0006729 secs] [Times: user=0.00 sys=0.00, real=0.00 secs] 
12.534: [GC 12.534: [ParNew: 5255K->807K(5824K), 0.0045155 secs] 14957K->10658K(18960K), 0.0046166 secs] [Times: user=0.00 sys=0.00, real=0.01 secs] 
12.542: [GC 12.542: [ParNew: 5756K->404K(5824K), 0.0016136 secs] 15607K->10873K(18960K), 0.0016882 secs] [Times: user=0.00 sys=0.00, real=0.00 secs] 
12.547: [GC 12.547: [ParNew: 5390K->793K(5824K), 0.0011452 secs] 15859K->11262K(18960K), 0.0012414 secs] [Times: user=0.00 sys=0.00, real=0.01 secs] 
12.554: [GC 12.554: [ParNew: 5757K->348K(5824K), 0.0015368 secs] 16226K->11599K(18960K), 0.0016181 secs] [Times: user=0.00 sys=0.00, real=0.00 secs] 
12.559: [GC 12.559: [ParNew: 5337K->421K(5824K), 0.0011391 secs] 16588K->11672K(18960K), 0.0011975 secs] [Times: user=0.00 sys=0.00, real=0.00 secs] 
12.562: [GC 12.563: [ParNew: 5405K->280K(5824K), 0.0013670 secs] 16655K->11743K(18960K), 0.0014386 secs] [Times: user=0.00 sys=0.00, real=0.00 secs] 
12.566: [GC 12.566: [ParNew: 5246K->681K(5824K), 0.0009688 secs] 16709K->12143K(18960K), 0.0010291 secs] [Times: user=0.00 sys=0.00, real=0.00 secs] 
12.572: [GC 12.572: [ParNew: 5604K->509K(5824K), 0.0014246 secs] 17067K->12529K(18960K), 0.0014952 secs] [Times: user=0.00 sys=0.00, real=0.00 secs] 
12.580: [GC 12.580: [ParNew: 5484K->259K(5824K), 0.0010515 secs] 17505K->12699K(18960K), 0.0011260 secs] [Times: user=0.00 sys=0.00, real=0.00 secs] 
12.584: [GC 12.584: [ParNew: 5251K->176K(5824K), 0.0007780 secs] 17691K->12616K(18960K), 0.0008423 secs] [Times: user=0.00 sys=0.00, real=0.00 secs] 
12.589: [GC 12.590: [ParNew: 5109K->706K(5824K), 0.0009478 secs] 17549K->13145K(18960K), 0.0010216 secs] [Times: user=0.00 sys=0.00, real=0.00 secs] 
12.593: [GC 12.593: [ParNew: 5665K->517K(5824K), 0.0013588 secs] 18105K->13535K(18960K), 0.0014373 secs] [Times: user=0.00 sys=0.00, real=0.00 secs] 
12.609: [GC 12.610: [ParNew: 5509K->323K(5824K), 0.0013009 secs]12.611: [Tenured: 13333K->7819K(13520K), 0.0771580 secs] 18527K->7819K(19344K), [Perm : 10678K->10678K(21248K)], 0.0787208 secs] [Times: user=0.08 sys=0.00, real=0.08 secs] 
12.694: [GC 12.695: [ParNew: 5054K->64K(5888K), 0.0006269 secs] 12873K->7883K(19024K), 0.0006689 secs] [Times: user=0.00 sys=0.00, real=0.00 secs] 
12.702: [GC 12.702: [ParNew: 5120K->361K(5888K), 0.0012392 secs] 12939K->8180K(19024K), 0.0013028 secs] [Times: user=0.00 sys=0.00, real=0.00 secs] 
12.709: [GC 12.709: [ParNew: 5385K->376K(5888K), 0.0019921 secs] 13204K->8195K(19024K), 0.0020595 secs] [Times: user=0.00 sys=0.00, real=0.00 secs] 
12.718: [GC 12.718: [ParNew: 5428K->349K(5888K), 0.0035152 secs] 13248K->8169K(19024K), 0.0035827 secs] [Times: user=0.01 sys=0.00, real=0.00 secs] 
12.732: [GC 12.732: [ParNew: 5346K->632K(5888K), 0.0011334 secs] 13165K->8451K(19024K), 0.0011992 secs] [Times: user=0.00 sys=0.00, real=0.00 secs] 
12.737: [GC 12.737: [ParNew: 5688K->518K(5888K), 0.0024865 secs] 13507K->8656K(19024K), 0.0025637 secs] [Times: user=0.00 sys=0.00, real=0.01 secs] 
12.747: [GC 12.747: [ParNew: 5532K->424K(5888K), 0.0035017 secs] 13671K->8762K(19024K), 0.0035700 secs] [Times: user=0.00 sys=0.00, real=0.01 secs] 
12.758: [GC 12.758: [ParNew: 5467K->571K(5888K), 0.0028407 secs] 13805K->8909K(19024K), 0.0029150 secs] [Times: user=0.00 sys=0.01, real=0.00 secs] 
12.768: [GC 12.768: [ParNew: 5604K->550K(5888K), 0.0045166 secs] 13942K->9171K(19024K), 0.0045923 secs] [Times: user=0.01 sys=0.00, real=0.00 secs] 
12.782: [GC 12.784: [ParNew: 5606K->319K(5888K), 0.0027341 secs] 14227K->9153K(19024K), 0.0028201 secs] [Times: user=0.00 sys=0.00, real=0.00 secs] 
12.793: [GC 12.793: [ParNew: 5369K->578K(5888K), 0.0030016 secs] 14202K->9412K(19024K), 0.0030702 secs] [Times: user=0.00 sys=0.00, real=0.00 secs] 
12.800: [GC 12.801: [ParNew: 5626K->696K(5888K), 0.0035619 secs] 14459K->9698K(19024K), 0.0036323 secs] [Times: user=0.00 sys=0.00, real=0.00 secs] 
12.810: [GC 12.810: [ParNew: 5750K->614K(5888K), 0.0109779 secs] 14752K->9945K(19024K), 0.0110523 secs] [Times: user=0.00 sys=0.00, real=0.01 secs] 
12.826: [GC 12.826: [ParNew: 5667K->188K(5888K), 0.0025855 secs] 14997K->9846K(19024K), 0.0026522 secs] [Times: user=0.00 sys=0.00, real=0.01 secs] 
12.832: [GC 12.832: [ParNew: 5239K->434K(5888K), 0.0013386 secs] 14897K->10092K(19024K), 0.0014119 secs] [Times: user=0.00 sys=0.00, real=0.00 secs] 
12.837: [GC 12.837: [ParNew: 5454K->596K(5888K), 0.0014823 secs] 15112K->10386K(19024K), 0.0015698 secs] [Times: user=0.00 sys=0.00, real=0.01 secs] 
12.844: [GC 12.844: [ParNew: 5556K->293K(5888K), 0.0022381 secs] 15346K->10337K(19024K), 0.0023095 secs] [Times: user=0.00 sys=0.00, real=0.00 secs] 
12.851: [GC 12.851: [ParNew: 5311K->364K(5888K), 0.0043681 secs] 15355K->10408K(19024K), 0.0044423 secs] [Times: user=0.00 sys=0.00, real=0.00 secs] 
12.859: [GC 12.859: [ParNew: 5420K->157K(5888K), 0.0010442 secs] 15464K->10201K(19024K), 0.0010974 secs] [Times: user=0.00 sys=0.00, real=0.00 secs] 
12.864: [GC 12.864: [ParNew: 5166K->420K(5888K), 0.0015965 secs] 15210K->10464K(19024K), 0.0016685 secs] [Times: user=0.00 sys=0.00, real=0.00 secs] 
12.869: [GC 12.869: [ParNew: 5468K->500K(5888K), 0.0027081 secs] 15512K->10602K(19024K), 0.0027835 secs] [Times: user=0.00 sys=0.00, real=0.00 secs] 
12.876: [GC 12.876: [ParNew: 5535K->404K(5888K), 0.0010108 secs] 15637K->10790K(19024K), 0.0010653 secs] [Times: user=0.00 sys=0.00, real=0.00 secs] 
12.882: [GC 12.883: [ParNew: 5435K->630K(5888K), 0.0010219 secs] 15822K->11017K(19024K), 0.0010824 secs] [Times: user=0.01 sys=0.00, real=0.00 secs] 
12.890: [GC 12.890: [ParNew: 5686K->471K(5888K), 0.0023296 secs] 16073K->11126K(19024K), 0.0023981 secs] [Times: user=0.00 sys=0.00, real=0.00 secs] 
12.898: [GC 12.898: [ParNew: 5527K->621K(5888K), 0.0011595 secs] 16182K->11306K(19024K), 0.0012154 secs] [Times: user=0.00 sys=0.00, real=0.00 secs] 
12.907: [GC 12.907: [ParNew: 5677K->305K(5888K), 0.0011636 secs] 16362K->11253K(19024K), 0.0012214 secs] [Times: user=0.00 sys=0.00, real=0.01 secs] 
12.911: [GC 12.911: [ParNew: 5361K->452K(5888K), 0.0013009 secs] 16309K->11400K(19024K), 0.0013610 secs] [Times: user=0.00 sys=0.00, real=0.00 secs] 
12.917: [GC 12.917: [ParNew: 5407K->695K(5888K), 0.0011202 secs] 16355K->11703K(19024K), 0.0011849 secs] [Times: user=0.00 sys=0.00, real=0.01 secs] 
12.920: [GC 12.920: [ParNew: 5708K->439K(5888K), 0.0014088 secs] 16715K->11833K(19024K), 0.0014797 secs] [Times: user=0.00 sys=0.00, real=0.00 secs] 
12.925: [GC 12.925: [ParNew: 5470K->621K(5888K), 0.0013112 secs] 16864K->12157K(19024K), 0.0013895 secs] [Times: user=0.00 sys=0.00, real=0.00 secs] 
12.930: [GC 12.930: [ParNew: 5662K->81K(5888K), 0.0010866 secs] 17198K->12090K(19024K), 0.0011434 secs] [Times: user=0.00 sys=0.00, real=0.00 secs] 
12.935: [GC 12.935: [ParNew: 5111K->100K(5888K), 0.0008513 secs] 17120K->12110K(19024K), 0.0009010 secs] [Times: user=0.00 sys=0.00, real=0.00 secs] 
12.939: [GC 12.939: [ParNew: 5136K->468K(5888K), 0.0011565 secs] 17145K->12478K(19024K), 0.0012324 secs] [Times: user=0.01 sys=0.00, real=0.00 secs] 
12.943: [GC 12.944: [ParNew: 5523K->572K(5888K), 0.0010693 secs] 17532K->12634K(19024K), 0.0011706 secs] [Times: user=0.00 sys=0.00, real=0.00 secs] 
12.948: [GC 12.948: [ParNew: 5605K->352K(5888K), 0.0012108 secs] 17666K->12591K(19024K), 0.0012690 secs] [Times: user=0.00 sys=0.00, real=0.00 secs] 
12.953: [GC 12.953: [ParNew: 5384K->369K(5888K), 0.0010560 secs] 17623K->12608K(19024K), 0.0011183 secs] [Times: user=0.00 sys=0.00, real=0.00 secs] 
12.958: [GC 12.958: [ParNew: 5403K->820K(5888K), 0.0046618 secs] 17642K->13170K(19024K), 0.0047272 secs] [Times: user=0.00 sys=0.00, real=0.00 secs] 
12.970: [GC 12.970: [ParNew: 5876K->165K(5888K), 0.0012295 secs] 18226K->13262K(19024K), 0.0012912 secs] [Times: user=0.00 sys=0.00, real=0.00 secs] 
12.976: [GC 12.976: [ParNew: 5125K->294K(5888K), 0.0011198 secs] 18222K->13391K(19024K), 0.0011794 secs] [Times: user=0.00 sys=0.00, real=0.00 secs] 
12.981: [GC 12.982: [ParNew: 5309K->696K(5888K), 0.0012886 secs] 18406K->13793K(19024K), 0.0014167 secs] [Times: user=0.00 sys=0.00, real=0.00 secs] 
12.987: [GC 12.987: [ParNew: 5731K->704K(5888K), 0.0019465 secs]12.989: [Tenured: 13716K->8914K(13904K), 0.0717802 secs] 18828K->8914K(19792K), [Perm : 10678K->10678K(21248K)], 0.0738796 secs] [Times: user=0.07 sys=0.00, real=0.08 secs] 
13.067: [GC 13.068: [ParNew: 5760K->286K(6656K), 0.0014974 secs] 14674K->9201K(21516K), 0.0015608 secs] [Times: user=0.01 sys=0.00, real=0.01 secs] 
13.073: [GC 13.073: [ParNew: 6045K->238K(6656K), 0.0007710 secs] 14959K->9152K(21516K), 0.0008203 secs] [Times: user=0.00 sys=0.00, real=0.00 secs] 
13.079: [GC 13.079: [ParNew: 5979K->854K(6656K), 0.0022757 secs] 14893K->9769K(21516K), 0.0023624 secs] [Times: user=0.00 sys=0.01, real=0.00 secs] 
13.086: [GC 13.086: [ParNew: 6613K->312K(6656K), 0.0022304 secs] 15528K->9591K(21516K), 0.0023080 secs] [Times: user=0.00 sys=0.00, real=0.01 secs] 
13.092: [GC 13.092: [ParNew: 6044K->690K(6656K), 0.0012195 secs] 15323K->9970K(21516K), 0.0012913 secs] [Times: user=0.00 sys=0.00, real=0.00 secs] 
13.099: [GC 13.099: [ParNew: 6437K->261K(6656K), 0.0022275 secs] 15717K->10168K(21516K), 0.0023054 secs] [Times: user=0.00 sys=0.00, real=0.00 secs] 
13.107: [GC 13.107: [ParNew: 6006K->855K(6656K), 0.0027662 secs] 15914K->10816K(21516K), 0.0028644 secs] [Times: user=0.00 sys=0.00, real=0.01 secs] 
13.114: [GC 13.114: [ParNew: 6603K->555K(6656K), 0.0019041 secs] 16564K->11183K(21516K), 0.0019934 secs] [Times: user=0.00 sys=0.00, real=0.00 secs] 
13.120: [GC 13.120: [ParNew: 6315K->340K(6656K), 0.0016982 secs] 16942K->11459K(21516K), 0.0017840 secs] [Times: user=0.00 sys=0.00, real=0.00 secs] 
13.126: [GC 13.126: [ParNew: 6082K->656K(6656K), 0.0022391 secs] 17202K->11776K(21516K), 0.0023248 secs] [Times: user=0.00 sys=0.00, real=0.01 secs] 
13.133: [GC 13.133: [ParNew: 6416K->616K(6656K), 0.0046418 secs] 17536K->11962K(21516K), 0.0047228 secs] [Times: user=0.00 sys=0.00, real=0.01 secs] 
13.142: [GC 13.142: [ParNew: 6371K->524K(6656K), 0.0026931 secs] 17717K->12233K(21516K), 0.0027748 secs] [Times: user=0.00 sys=0.00, real=0.00 secs] 
13.150: [GC 13.150: [ParNew: 6238K->683K(6656K), 0.0012137 secs] 17947K->12424K(21516K), 0.0012806 secs] [Times: user=0.00 sys=0.00, real=0.00 secs] 
13.158: [GC 13.159: [ParNew: 6443K->772K(6656K), 0.0011380 secs] 18184K->12617K(21516K), 0.0012195 secs] [Times: user=0.01 sys=0.00, real=0.00 secs] 
13.163: [GC 13.163: [ParNew: 6517K->241K(6656K), 0.0010653 secs] 18362K->12514K(21516K), 0.0011274 secs] [Times: user=0.00 sys=0.00, real=0.00 secs] 
13.171: [GC 13.171: [ParNew: 5995K->363K(6656K), 0.0007911 secs] 18268K->12636K(21516K), 0.0008501 secs] [Times: user=0.00 sys=0.00, real=0.00 secs] 
13.176: [GC 13.176: [ParNew: 6123K->388K(6656K), 0.0021272 secs] 18396K->12661K(21516K), 0.0022036 secs] [Times: user=0.01 sys=0.00, real=0.01 secs] 
13.183: [GC 13.183: [ParNew: 6111K->892K(6656K), 0.0027169 secs] 18383K->13255K(21516K), 0.0028041 secs] [Times: user=0.01 sys=0.00, real=0.00 secs] 
13.191: [GC 13.191: [ParNew: 6629K->245K(6656K), 0.0014703 secs] 18992K->13475K(21516K), 0.0015610 secs] [Times: user=0.01 sys=0.00, real=0.00 secs] 
13.197: [GC 13.197: [ParNew: 5987K->292K(6656K), 0.0012968 secs] 19218K->13522K(21516K), 0.0013724 secs] [Times: user=0.00 sys=0.00, real=0.01 secs] 
13.202: [GC 13.202: [ParNew: 6028K->217K(6656K), 0.0010776 secs] 19259K->13447K(21516K), 0.0011497 secs] [Times: user=0.00 sys=0.00, real=0.00 secs] 
13.208: [GC 13.208: [ParNew: 5949K->280K(6656K), 0.0016113 secs] 19180K->13511K(21516K), 0.0016928 secs] [Times: user=0.00 sys=0.00, real=0.00 secs] 
13.214: [GC 13.214: [ParNew: 5957K->647K(6656K), 0.0044894 secs] 19188K->13878K(21516K), 0.0045710 secs] [Times: user=0.00 sys=0.00, real=0.01 secs] 
13.226: [GC 13.226: [ParNew: 6370K->892K(6656K), 0.0020780 secs] 19601K->14524K(21516K), 0.0021757 secs] [Times: user=0.01 sys=0.00, real=0.01 secs] 
13.235: [GC 13.235: [ParNew: 6652K->258K(6656K), 0.0020158 secs] 20284K->14368K(21516K), 0.0020861 secs] [Times: user=0.01 sys=0.00, real=0.00 secs] 
13.247: [GC 13.247: [ParNew: 5982K->561K(6656K), 0.0010796 secs] 20092K->14671K(21516K), 0.0011431 secs] [Times: user=0.00 sys=0.00, real=0.01 secs] 
13.252: [GC 13.252: [ParNew: 6307K->349K(6656K), 0.0019368 secs] 20417K->14704K(21516K), 0.0020159 secs] [Times: user=0.00 sys=0.00, real=0.00 secs] 
13.259: [GC 13.259: [ParNew: 6102K->498K(6656K), 0.0020764 secs] 20457K->14853K(21516K), 0.0021566 secs] [Times: user=0.00 sys=0.00, real=0.00 secs] 
13.278: [GC 13.278: [ParNew: 6258K->505K(6656K), 0.0023930 secs] 20613K->15043K(21516K), 0.0024709 secs] [Times: user=0.00 sys=0.00, real=0.00 secs] 
13.294: [GC 13.294: [ParNew: 6254K->539K(6656K), 0.0055027 secs] 20792K->15150K(21516K), 0.0056022 secs] [Times: user=0.01 sys=0.00, real=0.01 secs] 
13.307: [GC 13.307: [ParNew: 6299K->346K(6656K), 0.0026883 secs] 20910K->15138K(21516K), 0.0027541 secs] [Times: user=0.00 sys=0.00, real=0.01 secs] 
13.315: [GC 13.315: [ParNew: 6048K->282K(6656K), 0.0011103 secs] 20841K->15074K(21516K), 0.0011771 secs] [Times: user=0.00 sys=0.00, real=0.00 secs] 
13.320: [GC 13.321: [ParNew: 5992K->474K(6656K), 0.0040460 secs] 20784K->15266K(21516K), 0.0041278 secs] [Times: user=0.00 sys=0.00, real=0.00 secs] 
13.330: [GC 13.330: [ParNew: 6186K->631K(6656K), 0.0020445 secs]13.333: [Tenured: 14907K->8652K(15052K), 0.0816486 secs] 20978K->8652K(21708K), [Perm : 10684K->10684K(21248K)], 0.0838709 secs] [Times: user=0.12 sys=0.01, real=0.08 secs] 
13.420: [GC 13.420: [ParNew: 5760K->168K(6656K), 0.0009057 secs] 14412K->8820K(21516K), 0.0009707 secs] [Times: user=0.00 sys=0.00, real=0.00 secs] 
13.426: [GC 13.426: [ParNew: 5884K->355K(6656K), 0.0008125 secs] 14536K->9007K(21516K), 0.0008711 secs] [Times: user=0.00 sys=0.00, real=0.00 secs] 
13.430: [GC 13.430: [ParNew: 6097K->760K(6656K), 0.0012044 secs] 14749K->9412K(21516K), 0.0012693 secs] [Times: user=0.00 sys=0.00, real=0.00 secs] 
13.435: [GC 13.435: [ParNew: 6499K->163K(6656K), 0.0018838 secs] 15151K->9343K(21516K), 0.0019670 secs] [Times: user=0.01 sys=0.00, real=0.00 secs] 
13.441: [GC 13.441: [ParNew: 5896K->391K(6656K), 0.0008051 secs] 15076K->9571K(21516K), 0.0008565 secs] [Times: user=0.00 sys=0.00, real=0.00 secs] 
13.449: [GC 13.449: [ParNew: 6150K->408K(6656K), 0.0009964 secs] 15330K->9588K(21516K), 0.0010524 secs] [Times: user=0.00 sys=0.00, real=0.00 secs] 
13.455: [GC 13.455: [ParNew: 6167K->438K(6656K), 0.0009533 secs] 15346K->9618K(21516K), 0.0010223 secs] [Times: user=0.00 sys=0.00, real=0.00 secs] 
13.461: [GC 13.461: [ParNew: 6178K->706K(6656K), 0.0011106 secs] 15358K->9886K(21516K), 0.0011827 secs] [Times: user=0.00 sys=0.00, real=0.00 secs] 
13.466: [GC 13.466: [ParNew: 6464K->245K(6656K), 0.0012305 secs] 15644K->9903K(21516K), 0.0013025 secs] [Times: user=0.01 sys=0.00, real=0.00 secs] 
13.472: [GC 13.472: [ParNew: 5997K->480K(6656K), 0.0009550 secs] 15655K->10138K(21516K), 0.0010251 secs] [Times: user=0.00 sys=0.00, real=0.00 secs] 
13.477: [GC 13.477: [ParNew: 6239K->296K(6656K), 0.0010887 secs] 15897K->10106K(21516K), 0.0011448 secs] [Times: user=0.00 sys=0.00, real=0.01 secs] 
13.482: [GC 13.482: [ParNew: 6053K->720K(6656K), 0.0010880 secs] 15863K->10530K(21516K), 0.0011574 secs] [Times: user=0.00 sys=0.00, real=0.00 secs] 
13.487: [GC 13.487: [ParNew: 6462K->507K(6656K), 0.0016752 secs] 16272K->10654K(21516K), 0.0017756 secs] [Times: user=0.00 sys=0.01, real=0.01 secs] 
13.493: [GC 13.493: [ParNew: 6152K->318K(6656K), 0.0008405 secs] 16298K->10696K(21516K), 0.0008953 secs] [Times: user=0.00 sys=0.00, real=0.00 secs] 
13.498: [GC 13.498: [ParNew: 6051K->403K(6656K), 0.0009486 secs] 16429K->10781K(21516K), 0.0010510 secs] [Times: user=0.00 sys=0.00, real=0.00 secs] 
13.503: [GC 13.503: [ParNew: 6150K->418K(6656K), 0.0009103 secs] 16528K->10796K(21516K), 0.0009644 secs] [Times: user=0.00 sys=0.00, real=0.00 secs] 
13.507: [GC 13.508: [ParNew: 6175K->468K(6656K), 0.0009549 secs] 16553K->10846K(21516K), 0.0010095 secs] [Times: user=0.00 sys=0.00, real=0.01 secs] 
13.512: [GC 13.512: [ParNew: 6223K->855K(6656K), 0.0012233 secs] 16601K->11383K(21516K), 0.0012932 secs] [Times: user=0.01 sys=0.00, real=0.00 secs] 
13.517: [GC 13.518: [ParNew: 6604K->319K(6656K), 0.0011884 secs] 17132K->11396K(21516K), 0.0012661 secs] [Times: user=0.00 sys=0.00, real=0.01 secs] 
13.523: [GC 13.523: [ParNew: 6020K->338K(6656K), 0.0024713 secs] 17096K->11415K(21516K), 0.0025973 secs] [Times: user=0.00 sys=0.00, real=0.00 secs] 
13.529: [GC 13.530: [ParNew: 6078K->351K(6656K), 0.0007473 secs] 17155K->11428K(21516K), 0.0008032 secs] [Times: user=0.00 sys=0.00, real=0.00 secs] 
13.534: [GC 13.534: [ParNew: 6103K->511K(6656K), 0.0010044 secs] 17180K->11587K(21516K), 0.0010611 secs] [Times: user=0.01 sys=0.00, real=0.00 secs] 
13.538: [GC 13.539: [ParNew: 6260K->401K(6656K), 0.0021105 secs] 17337K->11636K(21516K), 0.0021930 secs] [Times: user=0.00 sys=0.00, real=0.00 secs] 
13.544: [GC 13.544: [ParNew: 6111K->562K(6656K), 0.0010798 secs] 17346K->11797K(21516K), 0.0011384 secs] [Times: user=0.00 sys=0.00, real=0.00 secs] 
13.548: [GC 13.548: [ParNew: 6295K->841K(6656K), 0.0013298 secs] 17530K->12185K(21516K), 0.0013972 secs] [Times: user=0.00 sys=0.00, real=0.00 secs] 
13.553: [GC 13.553: [ParNew: 6568K->96K(6656K), 0.0012405 secs] 17912K->12042K(21516K), 0.0013083 secs] [Times: user=0.01 sys=0.00, real=0.00 secs] 
13.558: [GC 13.558: [ParNew: 5824K->389K(6656K), 0.0009112 secs] 17770K->12335K(21516K), 0.0009741 secs] [Times: user=0.00 sys=0.00, real=0.00 secs] 
13.563: [GC 13.564: [ParNew: 6091K->458K(6656K), 0.0014242 secs] 18037K->12404K(21516K), 0.0015023 secs] [Times: user=0.00 sys=0.00, real=0.00 secs] 
13.569: [GC 13.569: [ParNew: 6173K->246K(6656K), 0.0008875 secs] 18119K->12350K(21516K), 0.0009395 secs] [Times: user=0.00 sys=0.00, real=0.00 secs] 
13.574: [GC 13.574: [ParNew: 5918K->254K(6656K), 0.0007311 secs] 18021K->12358K(21516K), 0.0007778 secs] [Times: user=0.00 sys=0.00, real=0.00 secs] 
13.578: [GC 13.578: [ParNew: 6006K->372K(6656K), 0.0010109 secs] 18110K->12476K(21516K), 0.0010720 secs] [Times: user=0.00 sys=0.00, real=0.00 secs] 
13.582: [GC 13.583: [ParNew: 6110K->640K(6656K), 0.0011488 secs] 18214K->12743K(21516K), 0.0012222 secs] [Times: user=0.00 sys=0.00, real=0.00 secs] 
13.588: [GC 13.588: [ParNew: 6353K->431K(6656K), 0.0009158 secs] 18456K->12771K(21516K), 0.0009786 secs] [Times: user=0.00 sys=0.00, real=0.00 secs] 
13.593: [GC 13.593: [ParNew: 6180K->894K(6656K), 0.0012851 secs] 18521K->13234K(21516K), 0.0013531 secs] [Times: user=0.01 sys=0.01, real=0.00 secs] 
13.598: [GC 13.598: [ParNew: 6645K->369K(6656K), 0.0012248 secs] 18985K->13252K(21516K), 0.0012917 secs] [Times: user=0.00 sys=0.00, real=0.01 secs] 
13.602: [GC 13.602: [ParNew: 6110K->357K(6656K), 0.0008936 secs] 18993K->13240K(21516K), 0.0009446 secs] [Times: user=0.00 sys=0.00, real=0.00 secs] 
13.607: [GC 13.607: [ParNew: 6098K->425K(6656K), 0.0008913 secs] 18981K->13308K(21516K), 0.0009456 secs] [Times: user=0.00 sys=0.00, real=0.01 secs] 
13.611: [GC 13.611: [ParNew: 6178K->513K(6656K), 0.0012331 secs] 19060K->13395K(21516K), 0.0013010 secs] [Times: user=0.01 sys=0.00, real=0.00 secs] 
13.617: [GC 13.617: [ParNew: 6234K->486K(6656K), 0.0009957 secs] 19117K->13521K(21516K), 0.0011196 secs] [Times: user=0.00 sys=0.00, real=0.01 secs] 
13.622: [GC 13.622: [ParNew: 6246K->654K(6656K), 0.0010681 secs] 19281K->13789K(21516K), 0.0011302 secs] [Times: user=0.00 sys=0.00, real=0.00 secs] 
13.627: [GC 13.627: [ParNew: 6399K->615K(6656K), 0.0013463 secs] 19534K->14020K(21516K), 0.0014165 secs] [Times: user=0.00 sys=0.00, real=0.01 secs] 
13.633: [GC 13.633: [ParNew: 6326K->724K(6656K), 0.0013772 secs] 19731K->14461K(21516K), 0.0014476 secs] [Times: user=0.00 sys=0.00, real=0.00 secs] 
13.640: [GC 13.640: [ParNew: 6438K->350K(6656K), 0.0009334 secs] 20175K->14414K(21516K), 0.0009891 secs] [Times: user=0.01 sys=0.00, real=0.00 secs] 
13.645: [GC 13.645: [ParNew: 6066K->749K(6656K), 0.0011957 secs] 20129K->14813K(21516K), 0.0012972 secs] [Times: user=0.00 sys=0.00, real=0.00 secs] 
13.651: [GC 13.651: [ParNew: 6484K->881K(6656K), 0.0015079 secs] 20547K->15300K(21516K), 0.0016095 secs] [Times: user=0.00 sys=0.00, real=0.00 secs] 
13.656: [GC 13.656: [ParNew: 6591K->584K(6656K), 0.0020937 secs]13.659: [Tenured: 15005K->9692K(15052K), 0.0728737 secs] 21011K->9692K(21708K), [Perm : 10684K->10684K(21248K)], 0.0751162 secs] [Times: user=0.07 sys=0.00, real=0.08 secs] 
13.737: [GC 13.737: [ParNew: 6151K->545K(7232K), 0.0017742 secs] 15844K->10237K(23388K), 0.0018436 secs] [Times: user=0.00 sys=0.01, real=0.01 secs] 
13.744: [GC 13.744: [ParNew: 6672K->686K(7232K), 0.0011743 secs] 16364K->10709K(23388K), 0.0012555 secs] [Times: user=0.01 sys=0.00, real=0.00 secs] 
13.749: [GC 13.749: [ParNew: 6818K->357K(7232K), 0.0011497 secs] 16841K->10742K(23388K), 0.0012178 secs] [Times: user=0.00 sys=0.00, real=0.00 secs] 
13.754: [GC 13.754: [ParNew: 6547K->648K(7232K), 0.0009893 secs] 16931K->11032K(23388K), 0.0010521 secs] [Times: user=0.00 sys=0.00, real=0.00 secs] 
13.759: [GC 13.759: [ParNew: 6855K->293K(7232K), 0.0012870 secs] 17239K->10968K(23388K), 0.0013773 secs] [Times: user=0.00 sys=0.00, real=0.00 secs] 
13.765: [GC 13.765: [ParNew: 6480K->564K(7232K), 0.0011023 secs] 17154K->11238K(23388K), 0.0011807 secs] [Times: user=0.00 sys=0.00, real=0.00 secs] 
13.770: [GC 13.770: [ParNew: 6737K->488K(7232K), 0.0014136 secs] 17412K->11226K(23388K), 0.0014841 secs] [Times: user=0.01 sys=0.00, real=0.00 secs] 
13.775: [GC 13.775: [ParNew: 6644K->1007K(7232K), 0.0013368 secs] 17381K->11745K(23388K), 0.0014063 secs] [Times: user=0.00 sys=0.00, real=0.00 secs] 
13.780: [GC 13.780: [ParNew: 7211K->304K(7232K), 0.0016057 secs] 17949K->11986K(23388K), 0.0016802 secs] [Times: user=0.00 sys=0.00, real=0.00 secs] 
13.786: [GC 13.786: [ParNew: 6508K->778K(7232K), 0.0020115 secs] 18190K->12460K(23388K), 0.0020818 secs] [Times: user=0.00 sys=0.00, real=0.01 secs] 
13.792: [GC 13.792: [ParNew: 6925K->402K(7232K), 0.0015576 secs] 18608K->12595K(23388K), 0.0016972 secs] [Times: user=0.00 sys=0.00, real=0.00 secs] 
13.797: [GC 13.798: [ParNew: 6545K->537K(7232K), 0.0009917 secs] 18737K->12729K(23388K), 0.0010491 secs] [Times: user=0.00 sys=0.00, real=0.01 secs] 
13.802: [GC 13.802: [ParNew: 6696K->540K(7232K), 0.0027044 secs] 18889K->12733K(23388K), 0.0027818 secs] [Times: user=0.01 sys=0.00, real=0.00 secs] 
13.808: [GC 13.809: [ParNew: 6747K->365K(7232K), 0.0012888 secs] 18940K->12759K(23388K), 0.0013671 secs] [Times: user=0.00 sys=0.00, real=0.00 secs] 
13.814: [GC 13.814: [ParNew: 6572K->825K(7232K), 0.0016732 secs] 18966K->13219K(23388K), 0.0017474 secs] [Times: user=0.00 sys=0.00, real=0.00 secs] 
13.820: [GC 13.820: [ParNew: 7031K->263K(7232K), 0.0011146 secs] 19425K->13096K(23388K), 0.0011784 secs] [Times: user=0.00 sys=0.00, real=0.00 secs] 
13.825: [GC 13.825: [ParNew: 6441K->488K(7232K), 0.0009263 secs] 19274K->13320K(23388K), 0.0009849 secs] [Times: user=0.00 sys=0.00, real=0.00 secs] 
13.831: [GC 13.831: [ParNew: 6687K->880K(7232K), 0.0010883 secs] 19519K->13712K(23388K), 0.0011682 secs] [Times: user=0.01 sys=0.00, real=0.00 secs] 
13.836: [GC 13.836: [ParNew: 7049K->180K(7232K), 0.0012239 secs] 19881K->13614K(23388K), 0.0012908 secs] [Times: user=0.00 sys=0.00, real=0.00 secs] 
13.843: [GC 13.843: [ParNew: 6324K->698K(7232K), 0.0012504 secs] 19758K->14132K(23388K), 0.0013429 secs] [Times: user=0.00 sys=0.00, real=0.00 secs] 
13.850: [GC 13.850: [ParNew: 6819K->412K(7232K), 0.0019893 secs] 20253K->14183K(23388K), 0.0020685 secs] [Times: user=0.00 sys=0.00, real=0.00 secs] 
13.857: [GC 13.857: [ParNew: 6611K->533K(7232K), 0.0009908 secs] 20382K->14305K(23388K), 0.0010593 secs] [Times: user=0.01 sys=0.00, real=0.01 secs] 
13.862: [GC 13.862: [ParNew: 6697K->619K(7232K), 0.0012657 secs] 20468K->14517K(23388K), 0.0013446 secs] [Times: user=0.00 sys=0.00, real=0.00 secs] 
13.868: [GC 13.868: [ParNew: 6786K->544K(7232K), 0.0010515 secs] 20684K->14686K(23388K), 0.0011170 secs] [Times: user=0.00 sys=0.00, real=0.00 secs] 
13.873: [GC 13.873: [ParNew: 6723K->699K(7232K), 0.0010519 secs] 20866K->14891K(23388K), 0.0011203 secs] [Times: user=0.00 sys=0.00, real=0.00 secs] 
13.879: [GC 13.879: [ParNew: 6860K->348K(7232K), 0.0013191 secs] 21052K->15119K(23388K), 0.0014002 secs] [Times: user=0.00 sys=0.00, real=0.00 secs] 
13.884: [GC 13.884: [ParNew: 6514K->482K(7232K), 0.0025810 secs] 21285K->15253K(23388K), 0.0026539 secs] [Times: user=0.01 sys=0.00, real=0.00 secs] 
13.892: [GC 13.892: [ParNew: 6559K->756K(7232K), 0.0014933 secs] 21330K->15528K(23388K), 0.0015613 secs] [Times: user=0.00 sys=0.00, real=0.00 secs] 
13.900: [GC 13.900: [ParNew: 6956K->536K(7232K), 0.0012675 secs] 21727K->15650K(23388K), 0.0013421 secs] [Times: user=0.00 sys=0.00, real=0.00 secs] 
13.906: [GC 13.906: [ParNew: 6693K->554K(7232K), 0.0013175 secs] 21807K->15696K(23388K), 0.0013859 secs] [Times: user=0.00 sys=0.00, real=0.00 secs] 
13.913: [GC 13.913: [ParNew: 6715K->644K(7232K), 0.0017431 secs] 21857K->16046K(23388K), 0.0018259 secs] [Times: user=0.00 sys=0.00, real=0.00 secs] 
13.920: [GC 13.920: [ParNew: 6795K->383K(7232K), 0.0016379 secs] 22197K->16291K(23388K), 0.0017070 secs] [Times: user=0.01 sys=0.01, real=0.00 secs] 
13.926: [GC 13.926: [ParNew: 6566K->437K(7232K), 0.0009040 secs] 22475K->16345K(23388K), 0.0009569 secs] [Times: user=0.00 sys=0.00, real=0.00 secs] 
13.931: [GC 13.931: [ParNew: 6602K->522K(7232K), 0.0012448 secs] 22510K->16430K(23388K), 0.0013037 secs] [Times: user=0.00 sys=0.00, real=0.00 secs] 
13.936: [GC 13.936: [ParNew: 6730K->637K(7232K), 0.0019859 secs] 22638K->16784K(23388K), 0.0020606 secs] [Times: user=0.00 sys=0.00, real=0.01 secs] 
13.944: [GC 13.944: [ParNew: 6806K->865K(7232K), 0.0039115 secs]13.948: [Tenured: 16374K->9222K(16540K), 0.0727854 secs] 22952K->9222K(23772K), [Perm : 10684K->10684K(21248K)], 0.0770010 secs] [Times: user=0.07 sys=0.00, real=0.08 secs] 
14.026: [GC 14.027: [ParNew: 6182K->156K(7232K), 0.0010285 secs] 15404K->9379K(23388K), 0.0011000 secs] [Times: user=0.00 sys=0.00, real=0.01 secs] 
14.031: [GC 14.031: [ParNew: 6355K->381K(7232K), 0.0008282 secs] 15578K->9603K(23388K), 0.0008792 secs] [Times: user=0.00 sys=0.00, real=0.00 secs] 
14.037: [GC 14.037: [ParNew: 6585K->1020K(7232K), 0.0020988 secs] 15808K->10401K(23388K), 0.0021963 secs] [Times: user=0.01 sys=0.00, real=0.01 secs] 
14.043: [GC 14.044: [ParNew: 7228K->354K(7232K), 0.0014441 secs] 16609K->10425K(23388K), 0.0015162 secs] [Times: user=0.00 sys=0.00, real=0.00 secs] 
14.049: [GC 14.049: [ParNew: 6561K->827K(7232K), 0.0015407 secs] 16631K->10898K(23388K), 0.0016171 secs] [Times: user=0.00 sys=0.00, real=0.00 secs] 
14.055: [GC 14.056: [ParNew: 6976K->504K(7232K), 0.0011759 secs] 17046K->10574K(23388K), 0.0012584 secs] [Times: user=0.00 sys=0.00, real=0.00 secs] 
14.062: [GC 14.062: [ParNew: 6706K->994K(7232K), 0.0014504 secs] 16776K->11220K(23388K), 0.0015674 secs] [Times: user=0.00 sys=0.00, real=0.00 secs] 
14.068: [GC 14.069: [ParNew: 7184K->165K(7232K), 0.0011826 secs] 17410K->10906K(23388K), 0.0012631 secs] [Times: user=0.00 sys=0.00, real=0.00 secs] 
14.074: [GC 14.074: [ParNew: 6371K->699K(7232K), 0.0009461 secs] 17112K->11440K(23388K), 0.0010049 secs] [Times: user=0.01 sys=0.00, real=0.00 secs] 
14.079: [GC 14.079: [ParNew: 6906K->474K(7232K), 0.0020339 secs] 17646K->11910K(23388K), 0.0021245 secs] [Times: user=0.00 sys=0.00, real=0.00 secs] 
14.087: [GC 14.087: [ParNew: 6605K->732K(7232K), 0.0014948 secs] 18041K->12168K(23388K), 0.0016046 secs] [Times: user=0.00 sys=0.00, real=0.01 secs] 
14.092: [GC 14.092: [ParNew: 6918K->961K(7232K), 0.0015348 secs] 18354K->12747K(23388K), 0.0016061 secs] [Times: user=0.00 sys=0.00, real=0.00 secs] 
14.099: [GC 14.099: [ParNew: 7164K->653K(7232K), 0.0016341 secs] 18950K->13066K(23388K), 0.0017133 secs] [Times: user=0.00 sys=0.00, real=0.00 secs] 
14.104: [GC 14.104: [ParNew: 6837K->227K(7232K), 0.0012782 secs] 19250K->13258K(23388K), 0.0013475 secs] [Times: user=0.00 sys=0.00, real=0.00 secs] 
14.110: [GC 14.110: [ParNew: 6374K->311K(7232K), 0.0007849 secs] 19405K->13342K(23388K), 0.0008320 secs] [Times: user=0.00 sys=0.00, real=0.00 secs] 
14.114: [GC 14.114: [ParNew: 6466K->957K(7232K), 0.0013585 secs] 19497K->13988K(23388K), 0.0014284 secs] [Times: user=0.01 sys=0.00, real=0.00 secs] 
14.120: [GC 14.120: [ParNew: 7141K->653K(7232K), 0.0013738 secs] 20172K->14179K(23388K), 0.0014422 secs] [Times: user=0.00 sys=0.00, real=0.00 secs] 
14.125: [GC 14.126: [ParNew: 6859K->512K(7232K), 0.0017532 secs] 20385K->14553K(23388K), 0.0018356 secs] [Times: user=0.00 sys=0.00, real=0.00 secs] 
14.133: [GC 14.133: [ParNew: 6680K->542K(7232K), 0.0009872 secs] 20720K->14582K(23388K), 0.0010450 secs] [Times: user=0.00 sys=0.00, real=0.00 secs] 
14.141: [GC 14.141: [ParNew: 6748K->740K(7232K), 0.0027011 secs] 20789K->14984K(23388K), 0.0027755 secs] [Times: user=0.00 sys=0.00, real=0.00 secs] 
14.150: [GC 14.150: [ParNew: 6925K->581K(7232K), 0.0015403 secs] 21169K->15488K(23388K), 0.0016158 secs] [Times: user=0.00 sys=0.00, real=0.00 secs] 
14.156: [GC 14.156: [ParNew: 6789K->606K(7232K), 0.0011297 secs] 21696K->15859K(23388K), 0.0011948 secs] [Times: user=0.00 sys=0.00, real=0.00 secs] 
14.164: [GC 14.164: [ParNew: 6796K->94K(7232K), 0.0010295 secs] 22048K->15870K(23388K), 0.0011073 secs] [Times: user=0.00 sys=0.00, real=0.00 secs] 
14.172: [GC 14.172: [ParNew: 6297K->528K(7232K), 0.0008531 secs] 22073K->16303K(23388K), 0.0009272 secs] [Times: user=0.00 sys=0.00, real=0.00 secs] 
14.178: [GC 14.179: [ParNew: 6710K->454K(7232K), 0.0010547 secs] 22485K->16398K(23388K), 0.0011322 secs] [Times: user=0.00 sys=0.00, real=0.00 secs] 
14.183: [GC 14.183: [ParNew: 6644K->606K(7232K), 0.0011392 secs] 22589K->16550K(23388K), 0.0012056 secs] [Times: user=0.00 sys=0.00, real=0.00 secs] 
14.190: [GC 14.190: [ParNew: 6759K->826K(7232K), 0.0010811 secs] 22704K->16770K(23388K), 0.0011428 secs] [Times: user=0.00 sys=0.00, real=0.00 secs] 
14.196: [GC 14.196: [ParNew: 6995K->800K(7232K), 0.0016204 secs]14.198: [Tenured: 16264K->9327K(16348K), 0.0753980 secs] 22940K->9327K(23580K), [Perm : 10684K->10684K(21248K)], 0.0772870 secs] [Times: user=0.07 sys=0.00, real=0.08 secs] 
14.280: [GC 14.280: [ParNew: 6151K->834K(7232K), 0.0010358 secs] 15479K->10162K(23388K), 0.0010988 secs] [Times: user=0.00 sys=0.00, real=0.00 secs] 
14.285: [GC 14.285: [ParNew: 7031K->355K(7232K), 0.0013751 secs] 16359K->10462K(23388K), 0.0016059 secs] [Times: user=0.01 sys=0.00, real=0.00 secs] 
14.292: [GC 14.292: [ParNew: 6562K->780K(7232K), 0.0010069 secs] 16669K->10887K(23388K), 0.0010754 secs] [Times: user=0.00 sys=0.00, real=0.00 secs] 
14.300: [GC 14.300: [ParNew: 6980K->941K(7232K), 0.0016410 secs] 17087K->11296K(23388K), 0.0017245 secs] [Times: user=0.01 sys=0.00, real=0.00 secs] 
14.306: [GC 14.306: [ParNew: 7122K->845K(7232K), 0.0013887 secs] 17477K->11355K(23388K), 0.0014837 secs] [Times: user=0.00 sys=0.01, real=0.01 secs] 
14.313: [GC 14.313: [ParNew: 7041K->668K(7232K), 0.0013618 secs] 17552K->11575K(23388K), 0.0014514 secs] [Times: user=0.00 sys=0.00, real=0.00 secs] 
14.318: [GC 14.318: [ParNew: 6863K->470K(7232K), 0.0010636 secs] 17769K->11494K(23388K), 0.0011265 secs] [Times: user=0.00 sys=0.00, real=0.00 secs] 
14.324: [GC 14.324: [ParNew: 6635K->607K(7232K), 0.0012104 secs] 17659K->11631K(23388K), 0.0012834 secs] [Times: user=0.00 sys=0.00, real=0.00 secs] 
14.329: [GC 14.330: [ParNew: 6771K->447K(7232K), 0.0010035 secs] 17795K->11684K(23388K), 0.0010623 secs] [Times: user=0.00 sys=0.00, real=0.00 secs] 
14.337: [GC 14.338: [ParNew: 6588K->528K(7232K), 0.0010852 secs] 17824K->11765K(23388K), 0.0011530 secs] [Times: user=0.00 sys=0.00, real=0.01 secs] 
14.342: [GC 14.342: [ParNew: 6735K->744K(7232K), 0.0012321 secs] 17971K->12133K(23388K), 0.0013015 secs] [Times: user=0.01 sys=0.00, real=0.00 secs] 
14.348: [GC 14.348: [ParNew: 6952K->234K(7232K), 0.0013163 secs] 18341K->12255K(23388K), 0.0013967 secs] [Times: user=0.01 sys=0.00, real=0.00 secs] 
14.358: [GC 14.358: [ParNew: 6442K->247K(7232K), 0.0012450 secs] 18463K->12268K(23388K), 0.0013087 secs] [Times: user=0.00 sys=0.00, real=0.01 secs] 
14.365: [GC 14.365: [ParNew: 6439K->612K(7232K), 0.0049291 secs] 18459K->12633K(23388K), 0.0050159 secs] [Times: user=0.01 sys=0.00, real=0.01 secs] 
14.377: [GC 14.377: [ParNew: 6778K->715K(7232K), 0.0021069 secs] 18798K->12971K(23388K), 0.0021813 secs] [Times: user=0.01 sys=0.00, real=0.01 secs] 
14.392: [GC 14.392: [ParNew: 6923K->382K(7232K), 0.0015781 secs] 19179K->12654K(23388K), 0.0016659 secs] [Times: user=0.00 sys=0.00, real=0.00 secs] 
14.400: [GC 14.400: [ParNew: 6546K->389K(7232K), 0.0008667 secs] 18818K->12662K(23388K), 0.0009409 secs] [Times: user=0.00 sys=0.00, real=0.00 secs] 
14.406: [GC 14.406: [ParNew: 6597K->317K(7232K), 0.0011911 secs] 18870K->12589K(23388K), 0.0012504 secs] [Times: user=0.00 sys=0.00, real=0.00 secs] 
14.413: [GC 14.413: [ParNew: 6496K->647K(7232K), 0.0015412 secs] 18768K->12919K(23388K), 0.0016240 secs] [Times: user=0.00 sys=0.00, real=0.00 secs] 
14.420: [GC 14.420: [ParNew: 6831K->791K(7232K), 0.0018627 secs] 19103K->13219K(23388K), 0.0019433 secs] [Times: user=0.01 sys=0.00, real=0.00 secs] 
14.432: [GC 14.432: [ParNew: 6967K->113K(7232K), 0.0019677 secs] 19395K->12870K(23388K), 0.0020383 secs] [Times: user=0.00 sys=0.00, real=0.00 secs] 
14.440: [GC 14.440: [ParNew: 6321K->122K(7232K), 0.0008531 secs] 19078K->12880K(23388K), 0.0009200 secs] [Times: user=0.00 sys=0.00, real=0.00 secs] 
14.446: [GC 14.446: [ParNew: 6264K->578K(7232K), 0.0015894 secs] 19021K->13335K(23388K), 0.0016732 secs] [Times: user=0.00 sys=0.00, real=0.00 secs] 
14.452: [GC 14.453: [ParNew: 6770K->425K(7232K), 0.0014947 secs] 19527K->13390K(23388K), 0.0015811 secs] [Times: user=0.00 sys=0.00, real=0.00 secs] 
14.461: [GC 14.461: [ParNew: 6610K->585K(7232K), 0.0013193 secs] 19575K->13550K(23388K), 0.0013933 secs] [Times: user=0.00 sys=0.00, real=0.00 secs] 
14.468: [GC 14.468: [ParNew: 6793K->504K(7232K), 0.0021031 secs] 19758K->13625K(23388K), 0.0021673 secs] [Times: user=0.01 sys=0.00, real=0.00 secs] 
14.474: [GC 14.475: [ParNew: 6705K->1022K(7232K), 0.0035039 secs] 19826K->14340K(23388K), 0.0035900 secs] [Times: user=0.01 sys=0.00, real=0.01 secs] 
14.483: [GC 14.483: [ParNew: 7212K->827K(7232K), 0.0040879 secs] 20530K->15105K(23388K), 0.0041722 secs] [Times: user=0.00 sys=0.00, real=0.01 secs] 
14.492: [GC 14.492: [ParNew: 7017K->479K(7232K), 0.0029602 secs] 21294K->15504K(23388K), 0.0030394 secs] [Times: user=0.01 sys=0.00, real=0.00 secs] 
14.504: [GC 14.504: [ParNew: 6687K->504K(7232K), 0.0009685 secs] 21712K->15529K(23388K), 0.0010346 secs] [Times: user=0.00 sys=0.00, real=0.00 secs] 
14.511: [GC 14.511: [ParNew: 6712K->727K(7232K), 0.0011237 secs] 21737K->15751K(23388K), 0.0011953 secs] [Times: user=0.00 sys=0.00, real=0.00 secs] 
14.519: [GC 14.519: [ParNew: 6847K->653K(7232K), 0.0013196 secs] 21871K->15988K(23388K), 0.0014013 secs] [Times: user=0.00 sys=0.00, real=0.00 secs] 
14.525: [GC 14.525: [ParNew: 6851K->919K(7232K), 0.0017451 secs] 22186K->16435K(23388K), 0.0018307 secs] [Times: user=0.00 sys=0.00, real=0.00 secs] 
14.531: [GC 14.532: [ParNew: 7124K->347K(7232K), 0.0012359 secs] 22641K->16235K(23388K), 0.0013107 secs] [Times: user=0.00 sys=0.00, real=0.00 secs] 
14.539: [GC 14.539: [ParNew: 6541K->734K(7232K), 0.0025930 secs] 22429K->16622K(23388K), 0.0027544 secs] [Times: user=0.00 sys=0.00, real=0.00 secs] 
14.547: [GC 14.547: [ParNew: 6940K->337K(7232K), 0.0019104 secs]14.549: [Tenured: 16213K->9279K(16348K), 0.0817704 secs] 22828K->9279K(23580K), [Perm : 10685K->10685K(21248K)], 0.0839898 secs] [Times: user=0.13 sys=0.01, real=0.09 secs] 
14.637: [GC 14.637: [ParNew: 6160K->200K(7232K), 0.0020380 secs] 15440K->9480K(23388K), 0.0021211 secs] [Times: user=0.00 sys=0.00, real=0.01 secs] 
14.648: [GC 14.648: [ParNew: 6403K->1023K(7232K), 0.0034718 secs] 15682K->10548K(23388K), 0.0035635 secs] [Times: user=0.00 sys=0.00, real=0.00 secs] 
14.656: [GC 14.656: [ParNew: 7216K->126K(7232K), 0.0016283 secs] 16741K->10584K(23388K), 0.0017005 secs] [Times: user=0.00 sys=0.00, real=0.00 secs] 
14.661: [GC 14.661: [ParNew: 6315K->325K(7232K), 0.0010895 secs] 16773K->10783K(23388K), 0.0011592 secs] [Times: user=0.00 sys=0.00, real=0.00 secs] 
14.667: [GC 14.667: [ParNew: 6459K->664K(7232K), 0.0012535 secs] 16917K->11122K(23388K), 0.0013158 secs] [Times: user=0.00 sys=0.00, real=0.01 secs] 
14.674: [GC 14.674: [ParNew: 6833K->789K(7232K), 0.0015028 secs] 17291K->11826K(23388K), 0.0015935 secs] [Times: user=0.00 sys=0.00, real=0.00 secs] 
14.680: [GC 14.680: [ParNew: 6958K->298K(7232K), 0.0014683 secs] 17994K->11800K(23388K), 0.0015689 secs] [Times: user=0.01 sys=0.00, real=0.00 secs] 
14.685: [GC 14.685: [ParNew: 6471K->482K(7232K), 0.0009990 secs] 17973K->11984K(23388K), 0.0010715 secs] [Times: user=0.00 sys=0.00, real=0.00 secs] 
14.690: [GC 14.690: [ParNew: 6653K->643K(7232K), 0.0010945 secs] 18155K->12145K(23388K), 0.0011560 secs] [Times: user=0.00 sys=0.00, real=0.00 secs] 
14.695: [GC 14.695: [ParNew: 6845K->727K(7232K), 0.0014457 secs] 18347K->12536K(23388K), 0.0015191 secs] [Times: user=0.00 sys=0.00, real=0.00 secs] 
14.701: [GC 14.702: [ParNew: 6935K->465K(7232K), 0.0012419 secs] 18744K->12622K(23388K), 0.0013088 secs] [Times: user=0.00 sys=0.00, real=0.00 secs] 
14.707: [GC 14.707: [ParNew: 6601K->839K(7232K), 0.0012426 secs] 18759K->12997K(23388K), 0.0013089 secs] [Times: user=0.00 sys=0.00, real=0.01 secs] 
14.713: [GC 14.713: [ParNew: 7045K->479K(7232K), 0.0012855 secs] 19203K->13092K(23388K), 0.0013490 secs] [Times: user=0.00 sys=0.00, real=0.00 secs] 
14.718: [GC 14.718: [ParNew: 6684K->527K(7232K), 0.0011588 secs] 19298K->13140K(23388K), 0.0012206 secs] [Times: user=0.00 sys=0.00, real=0.00 secs] 
14.724: [GC 14.724: [ParNew: 6727K->280K(7232K), 0.0010314 secs] 19341K->13151K(23388K), 0.0011007 secs] [Times: user=0.00 sys=0.00, real=0.00 secs] 
14.728: [GC 14.728: [ParNew: 6469K->525K(7232K), 0.0010544 secs] 19341K->13397K(23388K), 0.0011143 secs] [Times: user=0.00 sys=0.00, real=0.00 secs] 
14.733: [GC 14.733: [ParNew: 6711K->981K(7232K), 0.0014167 secs] 19583K->14048K(23388K), 0.0016403 secs] [Times: user=0.00 sys=0.00, real=0.00 secs] 
14.739: [GC 14.739: [ParNew: 7183K->788K(7232K), 0.0014798 secs] 20250K->14494K(23388K), 0.0015826 secs] [Times: user=0.00 sys=0.00, real=0.00 secs] 
14.746: [GC 14.746: [ParNew: 6936K->976K(7232K), 0.0020242 secs] 20643K->15288K(23388K), 0.0021159 secs] [Times: user=0.00 sys=0.00, real=0.01 secs] 
14.752: [GC 14.752: [ParNew: 7178K->627K(7232K), 0.0016727 secs] 21490K->15736K(23388K), 0.0017470 secs] [Times: user=0.00 sys=0.00, real=0.00 secs] 
14.759: [GC 14.759: [ParNew: 6799K->1002K(7232K), 0.0016436 secs] 21908K->16501K(23388K), 0.0017576 secs] [Times: user=0.00 sys=0.00, real=0.00 secs] 
14.765: [GC 14.765: [ParNew: 7157K->594K(7232K), 0.0018895 secs]14.767: [Tenured: 16345K->9845K(16348K), 0.0737527 secs] 22655K->9845K(23580K), [Perm : 10685K->10685K(21248K)], 0.0757953 secs] [Times: user=0.07 sys=0.01, real=0.08 secs] 
14.850: [GC 14.850: [ParNew: 6259K->271K(7296K), 0.0010275 secs] 16105K->10116K(23644K), 0.0011119 secs] [Times: user=0.00 sys=0.00, real=0.00 secs] 
14.855: [GC 14.855: [ParNew: 6508K->461K(7296K), 0.0008944 secs] 16353K->10306K(23644K), 0.0009522 secs] [Times: user=0.01 sys=0.00, real=0.00 secs] 
14.862: [GC 14.862: [ParNew: 6724K->783K(7296K), 0.0016753 secs] 16570K->10629K(23644K), 0.0017641 secs] [Times: user=0.01 sys=0.00, real=0.00 secs] 
14.869: [GC 14.869: [ParNew: 7051K->659K(7296K), 0.0017342 secs] 16896K->10830K(23644K), 0.0018065 secs] [Times: user=0.00 sys=0.00, real=0.00 secs] 
14.876: [GC 14.876: [ParNew: 6931K->453K(7296K), 0.0009135 secs] 17102K->10846K(23644K), 0.0009874 secs] [Times: user=0.00 sys=0.00, real=0.00 secs] 
14.881: [GC 14.882: [ParNew: 6704K->500K(7296K), 0.0010690 secs] 17098K->10894K(23644K), 0.0011300 secs] [Times: user=0.00 sys=0.00, real=0.00 secs] 
14.887: [GC 14.887: [ParNew: 6760K->986K(7296K), 0.0019610 secs] 17154K->11380K(23644K), 0.0020363 secs] [Times: user=0.00 sys=0.00, real=0.01 secs] 
14.895: [GC 14.895: [ParNew: 7208K->590K(7296K), 0.0022881 secs] 17602K->11794K(23644K), 0.0023637 secs] [Times: user=0.01 sys=0.00, real=0.00 secs] 
14.901: [GC 14.901: [ParNew: 6808K->397K(7296K), 0.0012000 secs] 18013K->11970K(23644K), 0.0012849 secs] [Times: user=0.00 sys=0.00, real=0.00 secs] 
14.907: [GC 14.907: [ParNew: 6661K->536K(7296K), 0.0017457 secs] 18235K->12110K(23644K), 0.0018495 secs] [Times: user=0.00 sys=0.00, real=0.01 secs] 
14.912: [GC 14.912: [ParNew: 6797K->537K(7296K), 0.0011763 secs] 18371K->12336K(23644K), 0.0012416 secs] [Times: user=0.00 sys=0.00, real=0.00 secs] 
14.918: [GC 14.918: [ParNew: 6786K->775K(7296K), 0.0012959 secs] 18584K->12742K(23644K), 0.0013670 secs] [Times: user=0.00 sys=0.00, real=0.01 secs] 
14.923: [GC 14.923: [ParNew: 7004K->613K(7296K), 0.0014049 secs] 18971K->12971K(23644K), 0.0014830 secs] [Times: user=0.01 sys=0.00, real=0.00 secs] 
14.928: [GC 14.928: [ParNew: 6868K->268K(7296K), 0.0011569 secs] 19227K->12930K(23644K), 0.0012202 secs] [Times: user=0.01 sys=0.00, real=0.00 secs] 
14.933: [GC 14.933: [ParNew: 6499K->657K(7296K), 0.0010464 secs] 19161K->13318K(23644K), 0.0011080 secs] [Times: user=0.00 sys=0.00, real=0.00 secs] 
14.940: [GC 14.940: [ParNew: 6926K->885K(7296K), 0.0011853 secs] 19587K->13706K(23644K), 0.0012702 secs] [Times: user=0.00 sys=0.00, real=0.00 secs] 
14.946: [GC 14.946: [ParNew: 7130K->330K(7296K), 0.0011065 secs] 19950K->13609K(23644K), 0.0011835 secs] [Times: user=0.00 sys=0.00, real=0.00 secs] 
14.951: [GC 14.951: [ParNew: 6592K->443K(7296K), 0.0008929 secs] 19871K->13722K(23644K), 0.0009431 secs] [Times: user=0.00 sys=0.00, real=0.00 secs] 
14.956: [GC 14.956: [ParNew: 6714K->682K(7296K), 0.0010146 secs] 19993K->13962K(23644K), 0.0010737 secs] [Times: user=0.00 sys=0.00, real=0.00 secs] 
14.962: [GC 14.962: [ParNew: 6944K->358K(7296K), 0.0026418 secs] 20223K->14071K(23644K), 0.0027142 secs] [Times: user=0.00 sys=0.00, real=0.00 secs] 
14.968: [GC 14.969: [ParNew: 6630K->445K(7296K), 0.0012362 secs] 20343K->14158K(23644K), 0.0013070 secs] [Times: user=0.00 sys=0.00, real=0.00 secs] 
14.973: [GC 14.974: [ParNew: 6671K->725K(7296K), 0.0011997 secs] 20384K->14438K(23644K), 0.0012855 secs] [Times: user=0.00 sys=0.00, real=0.00 secs] 
14.980: [GC 14.980: [ParNew: 6997K->309K(7296K), 0.0010855 secs] 20710K->14280K(23644K), 0.0011519 secs] [Times: user=0.00 sys=0.00, real=0.00 secs] 
14.985: [GC 14.986: [ParNew: 6581K->394K(7296K), 0.0014514 secs] 20552K->14364K(23644K), 0.0015435 secs] [Times: user=0.00 sys=0.00, real=0.00 secs] 
14.992: [GC 14.992: [ParNew: 6651K->1017K(7296K), 0.0013506 secs] 20621K->14987K(23644K), 0.0014389 secs] [Times: user=0.01 sys=0.00, real=0.00 secs] 
14.999: [GC 14.999: [ParNew: 7275K->517K(7296K), 0.0013590 secs] 21245K->15150K(23644K), 0.0014681 secs] [Times: user=0.01 sys=0.00, real=0.00 secs] 
15.004: [GC 15.005: [ParNew: 6789K->707K(7296K), 0.0010962 secs] 21421K->15340K(23644K), 0.0011575 secs] [Times: user=0.00 sys=0.00, real=0.00 secs] 
15.009: [GC 15.009: [ParNew: 6959K->396K(7296K), 0.0014550 secs] 21591K->15527K(23644K), 0.0015246 secs] [Times: user=0.00 sys=0.00, real=0.00 secs] 
15.015: [GC 15.015: [ParNew: 6663K->464K(7296K), 0.0009775 secs] 21794K->15595K(23644K), 0.0010323 secs] [Times: user=0.00 sys=0.00, real=0.00 secs] 
15.021: [GC 15.021: [ParNew: 6710K->906K(7296K), 0.0012297 secs] 21841K->16037K(23644K), 0.0012970 secs] [Times: user=0.00 sys=0.00, real=0.00 secs] 
15.029: [GC 15.029: [ParNew: 7161K->387K(7296K), 0.0021178 secs] 22292K->16029K(23644K), 0.0022470 secs] [Times: user=0.00 sys=0.00, real=0.00 secs] 
15.036: [GC 15.036: [ParNew: 6635K->317K(7296K), 0.0017707 secs] 22276K->15959K(23644K), 0.0018344 secs] [Times: user=0.00 sys=0.01, real=0.01 secs] 
15.042: [GC 15.042: [ParNew: 6587K->263K(7296K), 0.0012447 secs] 22229K->15904K(23644K), 0.0013205 secs] [Times: user=0.00 sys=0.00, real=0.00 secs] 
15.048: [GC 15.048: [ParNew: 6521K->267K(7296K), 0.0009207 secs] 22163K->15909K(23644K), 0.0009832 secs] [Times: user=0.00 sys=0.00, real=0.00 secs] 
15.054: [GC 15.054: [ParNew: 6521K->1024K(7296K), 0.0018228 secs] 22163K->16849K(23644K), 0.0018928 secs] [Times: user=0.00 sys=0.00, real=0.00 secs] 
15.062: [GC 15.062: [ParNew: 7275K->560K(7296K), 0.0030781 secs]15.065: [Tenured: 16536K->8919K(16540K), 0.0720566 secs] 23100K->8919K(23836K), [Perm : 10685K->10685K(21248K)], 0.0754500 secs] [Times: user=0.07 sys=0.00, real=0.07 secs] 
15.141: [GC 15.141: [ParNew: 6225K->353K(7296K), 0.0011102 secs] 15145K->9273K(23644K), 0.0011692 secs] [Times: user=0.01 sys=0.00, real=0.00 secs] 
15.148: [GC 15.148: [ParNew: 6625K->594K(7296K), 0.0010718 secs] 15545K->9514K(23644K), 0.0011333 secs] [Times: user=0.01 sys=0.00, real=0.00 secs] 
15.153: [GC 15.153: [ParNew: 6866K->557K(7296K), 0.0010994 secs] 15786K->9708K(23644K), 0.0011605 secs] [Times: user=0.00 sys=0.00, real=0.00 secs] 
15.158: [GC 15.158: [ParNew: 6791K->452K(7296K), 0.0009649 secs] 15942K->9703K(23644K), 0.0010358 secs] [Times: user=0.00 sys=0.00, real=0.00 secs] 
15.165: [GC 15.165: [ParNew: 6692K->638K(7296K), 0.0015889 secs] 15944K->9889K(23644K), 0.0016593 secs] [Times: user=0.00 sys=0.01, real=0.00 secs] 
15.171: [GC 15.171: [ParNew: 6878K->552K(7296K), 0.0009675 secs] 16129K->10051K(23644K), 0.0010279 secs] [Times: user=0.00 sys=0.00, real=0.00 secs] 
15.176: [GC 15.176: [ParNew: 6805K->200K(7296K), 0.0008509 secs] 16304K->9917K(23644K), 0.0009015 secs] [Times: user=0.01 sys=0.00, real=0.00 secs] 
15.182: [GC 15.182: [ParNew: 6469K->685K(7296K), 0.0008880 secs] 16186K->10402K(23644K), 0.0009473 secs] [Times: user=0.00 sys=0.00, real=0.00 secs] 
15.188: [GC 15.188: [ParNew: 6949K->289K(7296K), 0.0013575 secs] 16667K->10533K(23644K), 0.0014291 secs] [Times: user=0.00 sys=0.00, real=0.00 secs] 
15.193: [GC 15.193: [ParNew: 6525K->662K(7296K), 0.0011251 secs] 16769K->10905K(23644K), 0.0011898 secs] [Times: user=0.00 sys=0.00, real=0.00 secs] 
15.198: [GC 15.199: [ParNew: 6927K->420K(7296K), 0.0014937 secs] 17170K->11120K(23644K), 0.0015864 secs] [Times: user=0.00 sys=0.00, real=0.00 secs] 
15.205: [GC 15.205: [ParNew: 6681K->408K(7296K), 0.0008180 secs] 17380K->11108K(23644K), 0.0009313 secs] [Times: user=0.00 sys=0.00, real=0.00 secs] 
15.210: [GC 15.210: [ParNew: 6646K->591K(7296K), 0.0012393 secs] 17345K->11290K(23644K), 0.0013023 secs] [Times: user=0.01 sys=0.00, real=0.00 secs] 
15.215: [GC 15.215: [ParNew: 6844K->964K(7296K), 0.0014456 secs] 17543K->11772K(23644K), 0.0015197 secs] [Times: user=0.01 sys=0.00, real=0.00 secs] 
15.221: [GC 15.221: [ParNew: 7184K->526K(7296K), 0.0015177 secs] 17992K->12029K(23644K), 0.0015923 secs] [Times: user=0.00 sys=0.00, real=0.00 secs] 
15.226: [GC 15.226: [ParNew: 6738K->301K(7296K), 0.0012338 secs] 18242K->12261K(23644K), 0.0012990 secs] [Times: user=0.00 sys=0.00, real=0.00 secs] 
15.233: [GC 15.233: [ParNew: 6564K->1015K(7296K), 0.0035365 secs] 18524K->13228K(23644K), 0.0036393 secs] [Times: user=0.00 sys=0.00, real=0.00 secs] 
15.241: [GC 15.241: [ParNew: 7249K->319K(7296K), 0.0015781 secs] 19461K->13274K(23644K), 0.0016484 secs] [Times: user=0.00 sys=0.00, real=0.00 secs] 
15.247: [GC 15.247: [ParNew: 6589K->311K(7296K), 0.0007495 secs] 19544K->13266K(23644K), 0.0007956 secs] [Times: user=0.00 sys=0.00, real=0.00 secs] 
15.251: [GC 15.251: [ParNew: 6505K->860K(7296K), 0.0011187 secs] 19460K->13815K(23644K), 0.0011846 secs] [Times: user=0.00 sys=0.00, real=0.00 secs] 
15.258: [GC 15.258: [ParNew: 6989K->161K(7296K), 0.0014481 secs] 19944K->13822K(23644K), 0.0015343 secs] [Times: user=0.00 sys=0.00, real=0.00 secs] 
15.264: [GC 15.264: [ParNew: 6422K->170K(7296K), 0.0007175 secs] 20082K->13831K(23644K), 0.0007654 secs] [Times: user=0.00 sys=0.00, real=0.00 secs] 
15.270: [GC 15.270: [ParNew: 6440K->185K(7296K), 0.0007230 secs] 20100K->13845K(23644K), 0.0007688 secs] [Times: user=0.00 sys=0.00, real=0.00 secs] 
15.274: [GC 15.274: [ParNew: 6454K->326K(7296K), 0.0010000 secs] 20115K->13986K(23644K), 0.0010735 secs] [Times: user=0.00 sys=0.00, real=0.00 secs] 
15.280: [GC 15.280: [ParNew: 6585K->741K(7296K), 0.0013373 secs] 20246K->14401K(23644K), 0.0014806 secs] [Times: user=0.00 sys=0.00, real=0.00 secs] 
15.285: [GC 15.285: [ParNew: 7012K->451K(7296K), 0.0015831 secs] 20673K->14399K(23644K), 0.0016704 secs] [Times: user=0.00 sys=0.00, real=0.00 secs] 
15.290: [GC 15.290: [ParNew: 6722K->550K(7296K), 0.0017675 secs] 20670K->14498K(23644K), 0.0018532 secs] [Times: user=0.00 sys=0.00, real=0.00 secs] 
15.297: [GC 15.297: [ParNew: 6798K->515K(7296K), 0.0010767 secs] 20746K->14750K(23644K), 0.0011663 secs] [Times: user=0.01 sys=0.00, real=0.01 secs] 
15.304: [GC 15.304: [ParNew: 6748K->1018K(7296K), 0.0014161 secs] 20984K->15562K(23644K), 0.0014911 secs] [Times: user=0.00 sys=0.00, real=0.00 secs] 
15.310: [GC 15.310: [ParNew: 7246K->441K(7296K), 0.0019778 secs] 21790K->15806K(23644K), 0.0020617 secs] [Times: user=0.00 sys=0.00, real=0.00 secs] 
15.316: [GC 15.316: [ParNew: 6702K->519K(7296K), 0.0009811 secs] 22067K->15884K(23644K), 0.0010425 secs] [Times: user=0.00 sys=0.00, real=0.00 secs] 
15.321: [GC 15.321: [ParNew: 6786K->561K(7296K), 0.0012327 secs] 22151K->16053K(23644K), 0.0013124 secs] [Times: user=0.00 sys=0.00, real=0.00 secs] 
15.327: [GC 15.327: [ParNew: 6826K->548K(7296K), 0.0011634 secs] 22318K->16181K(23644K), 0.0012371 secs] [Times: user=0.00 sys=0.00, real=0.01 secs] 
15.333: [GC 15.333: [ParNew: 6796K->860K(7296K), 0.0024776 secs] 22429K->16704K(23644K), 0.0025528 secs] [Times: user=0.00 sys=0.00, real=0.00 secs] 
15.341: [GC 15.341: [ParNew: 7112K->894K(7296K), 0.0018604 secs]15.343: [Tenured: 16617K->9940K(16732K), 0.0722013 secs] 22956K->9940K(24028K), [Perm : 10685K->10685K(21248K)], 0.0742185 secs] [Times: user=0.08 sys=0.00, real=0.07 secs] 
15.419: [GC 15.420: [ParNew: 6462K->369K(7488K), 0.0010559 secs] 16403K->10310K(24220K), 0.0011139 secs] [Times: user=0.01 sys=0.00, real=0.00 secs] 
15.427: [GC 15.427: [ParNew: 6833K->501K(7488K), 0.0012724 secs] 16774K->10442K(24220K), 0.0014436 secs] [Times: user=0.01 sys=0.00, real=0.01 secs] 
15.434: [GC 15.434: [ParNew: 6936K->973K(7488K), 0.0016374 secs] 16876K->11129K(24220K), 0.0017175 secs] [Times: user=0.00 sys=0.00, real=0.00 secs] 
15.440: [GC 15.440: [ParNew: 7401K->642K(7488K), 0.0016806 secs] 17557K->11625K(24220K), 0.0017550 secs] [Times: user=0.00 sys=0.00, real=0.00 secs] 
15.446: [GC 15.446: [ParNew: 7084K->235K(7488K), 0.0010236 secs] 18067K->11471K(24220K), 0.0010933 secs] [Times: user=0.00 sys=0.00, real=0.00 secs] 
15.451: [GC 15.451: [ParNew: 6647K->407K(7488K), 0.0009474 secs] 17883K->11643K(24220K), 0.0010040 secs] [Times: user=0.00 sys=0.00, real=0.00 secs] 
15.457: [GC 15.457: [ParNew: 6871K->986K(7488K), 0.0015162 secs] 18107K->12298K(24220K), 0.0015856 secs] [Times: user=0.00 sys=0.00, real=0.01 secs] 
15.462: [GC 15.462: [ParNew: 7406K->568K(7488K), 0.0013689 secs] 18718K->12376K(24220K), 0.0014392 secs] [Times: user=0.00 sys=0.00, real=0.00 secs] 
15.468: [GC 15.468: [ParNew: 6998K->797K(7488K), 0.0013541 secs] 18806K->12858K(24220K), 0.0014344 secs] [Times: user=0.00 sys=0.00, real=0.00 secs] 
15.474: [GC 15.474: [ParNew: 7257K->489K(7488K), 0.0019283 secs] 19317K->13148K(24220K), 0.0020235 secs] [Times: user=0.00 sys=0.00, real=0.00 secs] 
15.480: [GC 15.480: [ParNew: 6927K->672K(7488K), 0.0011012 secs] 19586K->13330K(24220K), 0.0011618 secs] [Times: user=0.01 sys=0.00, real=0.00 secs] 
15.485: [GC 15.485: [ParNew: 7090K->357K(7488K), 0.0009811 secs] 19749K->13220K(24220K), 0.0010539 secs] [Times: user=0.01 sys=0.00, real=0.00 secs] 
15.491: [GC 15.491: [ParNew: 6814K->618K(7488K), 0.0012894 secs] 19677K->13481K(24220K), 0.0013806 secs] [Times: user=0.00 sys=0.01, real=0.00 secs] 
15.496: [GC 15.496: [ParNew: 7045K->864K(7488K), 0.0014693 secs] 19908K->13849K(24220K), 0.0015448 secs] [Times: user=0.00 sys=0.00, real=0.01 secs] 
15.502: [GC 15.502: [ParNew: 7296K->501K(7488K), 0.0013757 secs] 20281K->13879K(24220K), 0.0014918 secs] [Times: user=0.00 sys=0.00, real=0.00 secs] 
15.512: [GC 15.512: [ParNew: 6965K->476K(7488K), 0.0012835 secs] 20343K->13854K(24220K), 0.0013847 secs] [Times: user=0.00 sys=0.00, real=0.00 secs] 
15.517: [GC 15.517: [ParNew: 6928K->562K(7488K), 0.0010826 secs] 20306K->13940K(24220K), 0.0011664 secs] [Times: user=0.00 sys=0.00, real=0.01 secs] 
15.522: [GC 15.522: [ParNew: 7011K->273K(7488K), 0.0011967 secs] 20389K->13931K(24220K), 0.0012585 secs] [Times: user=0.00 sys=0.00, real=0.00 secs] 
15.529: [GC 15.530: [ParNew: 6729K->599K(7488K), 0.0010471 secs] 20386K->14257K(24220K), 0.0011263 secs] [Times: user=0.00 sys=0.00, real=0.00 secs] 
15.535: [GC 15.535: [ParNew: 7043K->406K(7488K), 0.0013346 secs] 20701K->14246K(24220K), 0.0013971 secs] [Times: user=0.00 sys=0.00, real=0.00 secs] 
15.541: [GC 15.541: [ParNew: 6831K->1022K(7488K), 0.0014967 secs] 20672K->14873K(24220K), 0.0015645 secs] [Times: user=0.01 sys=0.00, real=0.00 secs] 
15.547: [GC 15.547: [ParNew: 7436K->343K(7488K), 0.0013631 secs] 21288K->14960K(24220K), 0.0014450 secs] [Times: user=0.01 sys=0.00, real=0.01 secs] 
15.553: [GC 15.553: [ParNew: 6776K->235K(7488K), 0.0007867 secs] 21393K->14852K(24220K), 0.0008381 secs] [Times: user=0.00 sys=0.00, real=0.00 secs] 
15.558: [GC 15.558: [ParNew: 6675K->536K(7488K), 0.0010290 secs] 21292K->15153K(24220K), 0.0010863 secs] [Times: user=0.00 sys=0.00, real=0.01 secs] 
15.564: [GC 15.564: [ParNew: 6987K->1001K(7488K), 0.0013400 secs] 21604K->15803K(24220K), 0.0014467 secs] [Times: user=0.00 sys=0.00, real=0.00 secs] 
15.570: [GC 15.570: [ParNew: 7389K->506K(7488K), 0.0017439 secs] 22190K->15966K(24220K), 0.0018223 secs] [Times: user=0.00 sys=0.00, real=0.00 secs] 
15.576: [GC 15.576: [ParNew: 6926K->388K(7488K), 0.0011735 secs] 22386K->15848K(24220K), 0.0012377 secs] [Times: user=0.00 sys=0.00, real=0.00 secs] 
15.583: [GC 15.583: [ParNew: 6843K->404K(7488K), 0.0008574 secs] 22302K->15864K(24220K), 0.0009136 secs] [Times: user=0.00 sys=0.00, real=0.00 secs] 
15.591: [GC 15.591: [ParNew: 6849K->660K(7488K), 0.0013322 secs] 22308K->16120K(24220K), 0.0014205 secs] [Times: user=0.00 sys=0.00, real=0.00 secs] 
15.597: [GC 15.597: [ParNew: 7103K->1019K(7488K), 0.0015270 secs] 22563K->16692K(24220K), 0.0016066 secs] [Times: user=0.00 sys=0.00, real=0.01 secs] 
15.604: [GC 15.604: [ParNew: 7464K->206K(7488K), 0.0017566 secs] 23138K->16772K(24220K), 0.0018277 secs] [Times: user=0.00 sys=0.00, real=0.00 secs] 
15.609: [GC 15.609: [ParNew: 6639K->223K(7488K), 0.0007938 secs] 23206K->16789K(24220K), 0.0008437 secs] [Times: user=0.00 sys=0.00, real=0.00 secs] 
15.616: [GC 15.616: [ParNew: 6686K->235K(7488K), 0.0009104 secs] 23253K->16802K(24220K), 0.0009852 secs] [Times: user=0.00 sys=0.00, real=0.00 secs] 
15.623: [GC 15.623: [ParNew: 6640K->649K(7488K), 0.0010681 secs] 23207K->17216K(24220K), 0.0011533 secs] [Times: user=0.01 sys=0.00, real=0.00 secs] 
15.628: [GC 15.628: [ParNew: 7074K->189K(7488K), 0.0016847 secs]15.630: [Tenured: 16832K->9133K(16924K), 0.0717091 secs] 23641K->9133K(24412K), [Perm : 10685K->10685K(21248K)], 0.0736086 secs] [Times: user=0.07 sys=0.00, real=0.07 secs] 
15.706: [GC 15.706: [ParNew: 6437K->416K(7488K), 0.0009294 secs] 15571K->9549K(24220K), 0.0009847 secs] [Times: user=0.00 sys=0.00, real=0.00 secs] 
15.715: [GC 15.715: [ParNew: 6880K->717K(7488K), 0.0015100 secs] 16013K->9850K(24220K), 0.0015949 secs] [Times: user=0.00 sys=0.00, real=0.00 secs] 
15.721: [GC 15.721: [ParNew: 7175K->716K(7488K), 0.0015963 secs] 16308K->10337K(24220K), 0.0016669 secs] [Times: user=0.00 sys=0.00, real=0.00 secs] 
15.726: [GC 15.726: [ParNew: 7167K->491K(7488K), 0.0016263 secs] 16787K->10624K(24220K), 0.0017149 secs] [Times: user=0.00 sys=0.00, real=0.01 secs] 
15.732: [GC 15.732: [ParNew: 6927K->317K(7488K), 0.0008577 secs] 17061K->10450K(24220K), 0.0009138 secs] [Times: user=0.00 sys=0.00, real=0.00 secs] 
15.737: [GC 15.737: [ParNew: 6778K->553K(7488K), 0.0016515 secs] 16911K->10686K(24220K), 0.0017299 secs] [Times: user=0.01 sys=0.00, real=0.01 secs] 
15.743: [GC 15.743: [ParNew: 7001K->551K(7488K), 0.0010846 secs] 17134K->10863K(24220K), 0.0011463 secs] [Times: user=0.00 sys=0.00, real=0.00 secs] 
15.750: [GC 15.750: [ParNew: 7012K->552K(7488K), 0.0009154 secs] 17324K->10935K(24220K), 0.0009854 secs] [Times: user=0.00 sys=0.00, real=0.00 secs] 
15.755: [GC 15.755: [ParNew: 7000K->410K(7488K), 0.0009817 secs] 17383K->10868K(24220K), 0.0010682 secs] [Times: user=0.00 sys=0.00, real=0.00 secs] 
15.760: [GC 15.760: [ParNew: 6870K->455K(7488K), 0.0008980 secs] 17329K->10913K(24220K), 0.0009519 secs] [Times: user=0.00 sys=0.00, real=0.00 secs] 
15.765: [GC 15.765: [ParNew: 6897K->351K(7488K), 0.0011640 secs] 17356K->10810K(24220K), 0.0012221 secs] [Times: user=0.00 sys=0.00, real=0.00 secs] 
15.770: [GC 15.770: [ParNew: 6782K->1023K(7488K), 0.0016132 secs] 17241K->11821K(24220K), 0.0016883 secs] [Times: user=0.01 sys=0.00, real=0.00 secs] 
15.776: [GC 15.776: [ParNew: 7452K->511K(7488K), 0.0018622 secs] 18251K->12165K(24220K), 0.0019628 secs] [Times: user=0.01 sys=0.00, real=0.01 secs] 
15.783: [GC 15.783: [ParNew: 6967K->664K(7488K), 0.0012563 secs] 18621K->12318K(24220K), 0.0013301 secs] [Times: user=0.01 sys=0.00, real=0.00 secs] 
15.790: [GC 15.790: [ParNew: 7128K->568K(7488K), 0.0013107 secs] 18782K->12679K(24220K), 0.0013806 secs] [Times: user=0.00 sys=0.00, real=0.00 secs] 
15.796: [GC 15.796: [ParNew: 7031K->972K(7488K), 0.0016097 secs] 19143K->13309K(24220K), 0.0016996 secs] [Times: user=0.00 sys=0.00, real=0.00 secs] 
15.803: [GC 15.803: [ParNew: 7416K->647K(7488K), 0.0018982 secs] 19754K->13798K(24220K), 0.0019888 secs] [Times: user=0.00 sys=0.00, real=0.00 secs] 
15.809: [GC 15.809: [ParNew: 7091K->576K(7488K), 0.0012975 secs] 20241K->14136K(24220K), 0.0013699 secs] [Times: user=0.00 sys=0.00, real=0.00 secs] 
15.815: [GC 15.815: [ParNew: 7040K->203K(7488K), 0.0011486 secs] 20600K->14314K(24220K), 0.0012112 secs] [Times: user=0.00 sys=0.00, real=0.00 secs] 
15.820: [GC 15.820: [ParNew: 6644K->426K(7488K), 0.0010060 secs] 20755K->14538K(24220K), 0.0010984 secs] [Times: user=0.00 sys=0.00, real=0.00 secs] 
15.825: [GC 15.825: [ParNew: 6879K->427K(7488K), 0.0017744 secs] 20990K->14538K(24220K), 0.0018425 secs] [Times: user=0.00 sys=0.00, real=0.00 secs] 
15.831: [GC 15.831: [ParNew: 6864K->1020K(7488K), 0.0017624 secs] 20975K->15719K(24220K), 0.0018391 secs] [Times: user=0.00 sys=0.00, real=0.00 secs] 
15.837: [GC 15.838: [ParNew: 7477K->416K(7488K), 0.0017801 secs] 22177K->16063K(24220K), 0.0018613 secs] [Times: user=0.00 sys=0.01, real=0.01 secs] 
15.843: [GC 15.844: [ParNew: 6863K->642K(7488K), 0.0010848 secs] 22510K->16289K(24220K), 0.0011456 secs] [Times: user=0.00 sys=0.00, real=0.00 secs] 
15.849: [GC 15.849: [ParNew: 7103K->645K(7488K), 0.0024270 secs] 22750K->16552K(24220K), 0.0025015 secs] [Times: user=0.01 sys=0.00, real=0.00 secs] 
15.856: [GC 15.856: [ParNew: 7091K->775K(7488K), 0.0014989 secs] 22998K->16937K(24220K), 0.0015879 secs] [Times: user=0.00 sys=0.00, real=0.01 secs] 
15.863: [GC 15.863: [ParNew: 7225K->320K(7488K), 0.0012201 secs]15.864: [Tenured: 16736K->9635K(16924K), 0.0733274 secs] 23387K->9635K(24412K), [Perm : 10685K->10685K(21248K)], 0.0747594 secs] [Times: user=0.07 sys=0.00, real=0.07 secs] 
15.942: [GC 15.942: [ParNew: 6449K->455K(7488K), 0.0013071 secs] 16084K->10091K(24220K), 0.0013729 secs] [Times: user=0.00 sys=0.00, real=0.00 secs] 
15.947: [GC 15.947: [ParNew: 6908K->627K(7488K), 0.0010825 secs] 16543K->10262K(24220K), 0.0011605 secs] [Times: user=0.00 sys=0.00, real=0.01 secs] 
15.952: [GC 15.952: [ParNew: 7017K->577K(7488K), 0.0012942 secs] 16653K->10554K(24220K), 0.0013699 secs] [Times: user=0.00 sys=0.00, real=0.00 secs] 
15.957: [GC 15.957: [ParNew: 6981K->743K(7488K), 0.0018139 secs] 16958K->10897K(24220K), 0.0018927 secs] [Times: user=0.01 sys=0.00, real=0.01 secs] 
15.965: [GC 15.965: [ParNew: 7138K->1023K(7488K), 0.0022016 secs] 17291K->11620K(24220K), 0.0022913 secs] [Times: user=0.01 sys=0.00, real=0.00 secs] 
15.972: [GC 15.972: [ParNew: 7447K->806K(7488K), 0.0018034 secs] 18043K->12154K(24220K), 0.0018793 secs] [Times: user=0.01 sys=0.00, real=0.00 secs] 
15.978: [GC 15.978: [ParNew: 7268K->233K(7488K), 0.0014483 secs] 18616K->12223K(24220K), 0.0015605 secs] [Times: user=0.01 sys=0.00, real=0.00 secs] 
15.984: [GC 15.984: [ParNew: 6676K->435K(7488K), 0.0008798 secs] 18666K->12424K(24220K), 0.0009340 secs] [Times: user=0.00 sys=0.00, real=0.00 secs] 
15.990: [GC 15.990: [ParNew: 6837K->742K(7488K), 0.0012383 secs] 18827K->12732K(24220K), 0.0013078 secs] [Times: user=0.00 sys=0.00, real=0.00 secs] 
15.995: [GC 15.995: [ParNew: 7199K->974K(7488K), 0.0018323 secs] 19189K->13243K(24220K), 0.0019507 secs] [Times: user=0.00 sys=0.01, real=0.00 secs] 
16.002: [GC 16.002: [ParNew: 7438K->594K(7488K), 0.0016186 secs] 19707K->13632K(24220K), 0.0016944 secs] [Times: user=0.00 sys=0.00, real=0.00 secs] 
16.008: [GC 16.008: [ParNew: 7038K->372K(7488K), 0.0011878 secs] 20076K->13910K(24220K), 0.0012558 secs] [Times: user=0.00 sys=0.00, real=0.00 secs] 
16.013: [GC 16.013: [ParNew: 6808K->482K(7488K), 0.0010353 secs] 20346K->14021K(24220K), 0.0010896 secs] [Times: user=0.00 sys=0.00, real=0.00 secs] 
16.018: [GC 16.018: [ParNew: 6925K->492K(7488K), 0.0011531 secs] 20464K->14030K(24220K), 0.0012131 secs] [Times: user=0.01 sys=0.00, real=0.00 secs] 
16.023: [GC 16.023: [ParNew: 6935K->420K(7488K), 0.0013511 secs] 20474K->13959K(24220K), 0.0014191 secs] [Times: user=0.00 sys=0.00, real=0.00 secs] 
16.028: [GC 16.028: [ParNew: 6864K->525K(7488K), 0.0011294 secs] 20403K->14064K(24220K), 0.0011900 secs] [Times: user=0.00 sys=0.00, real=0.00 secs] 
16.033: [GC 16.033: [ParNew: 6947K->452K(7488K), 0.0012203 secs] 20486K->14171K(24220K), 0.0013229 secs] [Times: user=0.00 sys=0.00, real=0.00 secs] 
16.039: [GC 16.039: [ParNew: 6889K->719K(7488K), 0.0009887 secs] 20607K->14437K(24220K), 0.0010478 secs] [Times: user=0.00 sys=0.00, real=0.00 secs] 
16.046: [GC 16.047: [ParNew: 7173K->506K(7488K), 0.0018823 secs] 20892K->14533K(24220K), 0.0019540 secs] [Times: user=0.00 sys=0.00, real=0.01 secs] 
16.054: [GC 16.054: [ParNew: 6970K->949K(7488K), 0.0013945 secs] 20997K->14976K(24220K), 0.0014821 secs] [Times: user=0.00 sys=0.00, real=0.00 secs] 
16.061: [GC 16.061: [ParNew: 7408K->448K(7488K), 0.0015967 secs] 21435K->15281K(24220K), 0.0016733 secs] [Times: user=0.00 sys=0.00, real=0.00 secs] 
16.067: [GC 16.067: [ParNew: 6908K->1010K(7488K), 0.0013500 secs] 21740K->15842K(24220K), 0.0014183 secs] [Times: user=0.00 sys=0.00, real=0.01 secs] 
16.072: [GC 16.072: [ParNew: 7456K->317K(7488K), 0.0016444 secs] 22288K->16133K(24220K), 0.0017195 secs] [Times: user=0.00 sys=0.00, real=0.00 secs] 
16.078: [GC 16.078: [ParNew: 6779K->459K(7488K), 0.0011396 secs] 22595K->16275K(24220K), 0.0012140 secs] [Times: user=0.00 sys=0.00, real=0.00 secs] 
16.084: [GC 16.084: [ParNew: 6916K->735K(7488K), 0.0021065 secs] 22733K->16552K(24220K), 0.0021848 secs] [Times: user=0.00 sys=0.00, real=0.00 secs] 
16.090: [GC 16.090: [ParNew: 7168K->845K(7488K), 0.0015072 secs] 22984K->16955K(24220K), 0.0015883 secs] [Times: user=0.01 sys=0.00, real=0.00 secs] 
16.096: [GC 16.096: [ParNew: 7279K->780K(7488K), 0.0017258 secs] 23389K->17256K(24220K), 0.0018144 secs] [Times: user=0.00 sys=0.00, real=0.01 secs] 
16.102: [GC 16.102: [ParNew: 7241K->912K(7488K), 0.0012824 secs] 23717K->17467K(24220K), 0.0013669 secs] [Times: user=0.00 sys=0.01, real=0.00 secs] 
16.109: [GC 16.109: [ParNew: 7355K->331K(7488K), 0.0011694 secs]16.110: [Tenured: 16934K->8813K(17116K), 0.0723305 secs] 23909K->8813K(24604K), [Perm : 10685K->10685K(21248K)], 0.0737777 secs] [Times: user=0.07 sys=0.00, real=0.07 secs] 
16.187: [GC 16.188: [ParNew: 6459K->612K(7488K), 0.0013421 secs] 15272K->9425K(24220K), 0.0014170 secs] [Times: user=0.00 sys=0.00, real=0.01 secs] 
16.193: [GC 16.193: [ParNew: 7075K->413K(7488K), 0.0013388 secs] 15888K->9603K(24220K), 0.0014181 secs] [Times: user=0.00 sys=0.00, real=0.00 secs] 
16.200: [GC 16.200: [ParNew: 6846K->858K(7488K), 0.0011046 secs] 16036K->10048K(24220K), 0.0011914 secs] [Times: user=0.01 sys=0.00, real=0.00 secs] 
16.205: [GC 16.205: [ParNew: 7305K->290K(7488K), 0.0014566 secs] 16495K->10095K(24220K), 0.0015950 secs] [Times: user=0.01 sys=0.00, real=0.00 secs] 
16.211: [GC 16.211: [ParNew: 6722K->836K(7488K), 0.0013984 secs] 16526K->10640K(24220K), 0.0014671 secs] [Times: user=0.00 sys=0.00, real=0.00 secs] 
16.220: [GC 16.220: [ParNew: 7173K->375K(7488K), 0.0013104 secs] 16977K->10776K(24220K), 0.0013931 secs] [Times: user=0.00 sys=0.00, real=0.00 secs] 
16.225: [GC 16.225: [ParNew: 6780K->383K(7488K), 0.0008624 secs] 17181K->10784K(24220K), 0.0009153 secs] [Times: user=0.00 sys=0.00, real=0.00 secs] 
16.231: [GC 16.231: [ParNew: 6808K->618K(7488K), 0.0011580 secs] 17209K->11019K(24220K), 0.0012329 secs] [Times: user=0.00 sys=0.00, real=0.00 secs] 
16.239: [GC 16.239: [ParNew: 7045K->898K(7488K), 0.0012421 secs] 17446K->11535K(24220K), 0.0013250 secs] [Times: user=0.00 sys=0.00, real=0.00 secs] 
16.246: [GC 16.246: [ParNew: 7316K->456K(7488K), 0.0011302 secs] 17953K->11532K(24220K), 0.0012102 secs] [Times: user=0.00 sys=0.00, real=0.00 secs] 
16.253: [GC 16.253: [ParNew: 6874K->716K(7488K), 0.0009893 secs] 17950K->11792K(24220K), 0.0010638 secs] [Times: user=0.00 sys=0.00, real=0.00 secs] 
16.258: [GC 16.258: [ParNew: 7180K->684K(7488K), 0.0010677 secs] 18256K->11761K(24220K), 0.0011303 secs] [Times: user=0.01 sys=0.00, real=0.00 secs] 
16.263: [GC 16.263: [ParNew: 7105K->216K(7488K), 0.0010933 secs] 18182K->11657K(24220K), 0.0011527 secs] [Times: user=0.00 sys=0.00, real=0.00 secs] 
16.270: [GC 16.270: [ParNew: 6631K->583K(7488K), 0.0009230 secs] 18072K->12024K(24220K), 0.0009960 secs] [Times: user=0.00 sys=0.00, real=0.00 secs] 
16.275: [GC 16.275: [ParNew: 7030K->362K(7488K), 0.0010897 secs] 18471K->12059K(24220K), 0.0011489 secs] [Times: user=0.00 sys=0.00, real=0.00 secs] 
16.280: [GC 16.280: [ParNew: 6747K->390K(7488K), 0.0009005 secs] 18444K->12087K(24220K), 0.0009505 secs] [Times: user=0.00 sys=0.00, real=0.00 secs] 
16.286: [GC 16.286: [ParNew: 6832K->896K(7488K), 0.0016658 secs] 18529K->12593K(24220K), 0.0017649 secs] [Times: user=0.00 sys=0.00, real=0.01 secs] 
16.293: [GC 16.293: [ParNew: 7282K->271K(7488K), 0.0011946 secs] 18979K->12463K(24220K), 0.0013639 secs] [Times: user=0.01 sys=0.00, real=0.00 secs] 
16.299: [GC 16.299: [ParNew: 6713K->310K(7488K), 0.0010299 secs] 18905K->12503K(24220K), 0.0011043 secs] [Times: user=0.00 sys=0.00, real=0.00 secs] 
16.304: [GC 16.304: [ParNew: 6695K->479K(7488K), 0.0011506 secs] 18887K->12672K(24220K), 0.0012217 secs] [Times: user=0.00 sys=0.00, real=0.00 secs] 
16.311: [GC 16.311: [ParNew: 6943K->793K(7488K), 0.0015465 secs] 19136K->12985K(24220K), 0.0016362 secs] [Times: user=0.00 sys=0.00, real=0.00 secs] 
16.321: [GC 16.321: [ParNew: 7180K->984K(7488K), 0.0016301 secs] 19372K->13486K(24220K), 0.0017058 secs] [Times: user=0.00 sys=0.00, real=0.00 secs] 
16.328: [GC 16.328: [ParNew: 7448K->508K(7488K), 0.0015324 secs] 19950K->13719K(24220K), 0.0016035 secs] [Times: user=0.00 sys=0.00, real=0.00 secs] 
16.334: [GC 16.334: [ParNew: 6967K->316K(7488K), 0.0008908 secs] 20178K->13527K(24220K), 0.0009414 secs] [Times: user=0.00 sys=0.00, real=0.00 secs] 
16.339: [GC 16.340: [ParNew: 6757K->663K(7488K), 0.0008479 secs] 19968K->13874K(24220K), 0.0009037 secs] [Times: user=0.00 sys=0.00, real=0.00 secs] 
16.344: [GC 16.344: [ParNew: 7079K->503K(7488K), 0.0013674 secs] 20290K->14165K(24220K), 0.0014386 secs] [Times: user=0.00 sys=0.00, real=0.00 secs] 
16.352: [GC 16.352: [ParNew: 6949K->953K(7488K), 0.0020139 secs] 20611K->14615K(24220K), 0.0020933 secs] [Times: user=0.00 sys=0.00, real=0.00 secs] 
16.358: [GC 16.359: [ParNew: 7408K->520K(7488K), 0.0014381 secs] 21070K->14842K(24220K), 0.0015103 secs] [Times: user=0.00 sys=0.01, real=0.00 secs] 
16.365: [GC 16.365: [ParNew: 6983K->499K(7488K), 0.0014806 secs] 21305K->15267K(24220K), 0.0015696 secs] [Times: user=0.00 sys=0.00, real=0.00 secs] 
16.372: [GC 16.373: [ParNew: 6955K->733K(7488K), 0.0011187 secs] 21722K->15501K(24220K), 0.0011965 secs] [Times: user=0.00 sys=0.00, real=0.00 secs] 
16.378: [GC 16.378: [ParNew: 7197K->849K(7488K), 0.0018133 secs] 21965K->16035K(24220K), 0.0018858 secs] [Times: user=0.00 sys=0.00, real=0.01 secs] 
16.384: [GC 16.385: [ParNew: 7306K->606K(7488K), 0.0013721 secs] 22492K->16243K(24220K), 0.0014628 secs] [Times: user=0.00 sys=0.00, real=0.00 secs] 
16.391: [GC 16.391: [ParNew: 7061K->574K(7488K), 0.0012647 secs] 22698K->16294K(24220K), 0.0013386 secs] [Times: user=0.01 sys=0.00, real=0.00 secs] 
16.398: [GC 16.398: [ParNew: 7037K->922K(7488K), 0.0013395 secs] 22757K->16898K(24220K), 0.0014069 secs] [Times: user=0.00 sys=0.00, real=0.00 secs] 
16.403: [GC 16.403: [ParNew: 7369K->294K(7488K), 0.0015250 secs] 23346K->16951K(24220K), 0.0016038 secs] [Times: user=0.00 sys=0.00, real=0.00 secs] 
16.409: [GC 16.409: [ParNew: 6736K->449K(7488K), 0.0011798 secs] 23393K->17106K(24220K), 0.0012529 secs] [Times: user=0.00 sys=0.00, real=0.00 secs] 
16.415: [GC 16.416: [ParNew: 6904K->1015K(7488K), 0.0013264 secs] 23561K->17672K(24220K), 0.0013975 secs] [Times: user=0.00 sys=0.00, real=0.00 secs] 
16.422: [GC 16.422: [ParNew: 7474K->647K(7488K), 0.0016792 secs]16.424: [Tenured: 17125K->9201K(17308K), 0.0705837 secs] 24131K->9201K(24796K), [Perm : 10685K->10685K(21248K)], 0.0726411 secs] [Times: user=0.07 sys=0.00, real=0.07 secs] 
16.500: [GC 16.500: [ParNew: 6451K->365K(7488K), 0.0007924 secs] 15653K->9566K(24220K), 0.0008536 secs] [Times: user=0.00 sys=0.00, real=0.00 secs] 
16.505: [GC 16.505: [ParNew: 6792K->918K(7488K), 0.0012184 secs] 15994K->10119K(24220K), 0.0012915 secs] [Times: user=0.01 sys=0.00, real=0.00 secs] 
16.511: [GC 16.511: [ParNew: 7347K->629K(7488K), 0.0013430 secs] 16549K->10405K(24220K), 0.0014156 secs] [Times: user=0.00 sys=0.00, real=0.00 secs] 
16.517: [GC 16.517: [ParNew: 7090K->304K(7488K), 0.0011016 secs] 16866K->10331K(24220K), 0.0011742 secs] [Times: user=0.00 sys=0.00, real=0.01 secs] 
16.522: [GC 16.522: [ParNew: 6722K->524K(7488K), 0.0012874 secs] 16750K->10552K(24220K), 0.0013526 secs] [Times: user=0.00 sys=0.00, real=0.00 secs] 
16.527: [GC 16.527: [ParNew: 6918K->538K(7488K), 0.0010590 secs] 16946K->10713K(24220K), 0.0011321 secs] [Times: user=0.00 sys=0.00, real=0.01 secs] 
16.532: [GC 16.532: [ParNew: 6903K->733K(7488K), 0.0013886 secs] 17078K->11094K(24220K), 0.0014604 secs] [Times: user=0.00 sys=0.00, real=0.00 secs] 
16.538: [GC 16.538: [ParNew: 7174K->325K(7488K), 0.0011240 secs] 17535K->10929K(24220K), 0.0011945 secs] [Times: user=0.01 sys=0.00, real=0.00 secs] 
16.544: [GC 16.544: [ParNew: 6742K->499K(7488K), 0.0009773 secs] 17346K->11103K(24220K), 0.0010589 secs] [Times: user=0.00 sys=0.00, real=0.00 secs] 
16.551: [GC 16.551: [ParNew: 6919K->836K(7488K), 0.0017461 secs] 17524K->11441K(24220K), 0.0018509 secs] [Times: user=0.00 sys=0.00, real=0.00 secs] 
16.557: [GC 16.557: [ParNew: 7298K->569K(7488K), 0.0016744 secs] 17902K->11613K(24220K), 0.0017627 secs] [Times: user=0.00 sys=0.00, real=0.01 secs] 
16.563: [GC 16.563: [ParNew: 7029K->464K(7488K), 0.0008643 secs] 18073K->11615K(24220K), 0.0009204 secs] [Times: user=0.00 sys=0.00, real=0.00 secs] 
16.569: [GC 16.569: [ParNew: 6913K->684K(7488K), 0.0011048 secs] 18063K->11834K(24220K), 0.0011676 secs] [Times: user=0.00 sys=0.00, real=0.00 secs] 
16.575: [GC 16.575: [ParNew: 7099K->800K(7488K), 0.0012429 secs] 18249K->11985K(24220K), 0.0013170 secs] [Times: user=0.00 sys=0.00, real=0.00 secs] 
16.580: [GC 16.580: [ParNew: 7260K->735K(7488K), 0.0015281 secs] 18445K->12054K(24220K), 0.0015964 secs] [Times: user=0.00 sys=0.00, real=0.00 secs] 
16.587: [GC 16.588: [ParNew: 7196K->855K(7488K), 0.0017250 secs] 18515K->12174K(24220K), 0.0018045 secs] [Times: user=0.00 sys=0.00, real=0.01 secs] 
16.595: [GC 16.595: [ParNew: 7315K->760K(7488K), 0.0012467 secs] 18634K->12284K(24220K), 0.0013310 secs] [Times: user=0.00 sys=0.00, real=0.00 secs] 
16.600: [GC 16.600: [ParNew: 7224K->698K(7488K), 0.0010620 secs] 18748K->12232K(24220K), 0.0011261 secs] [Times: user=0.01 sys=0.00, real=0.00 secs] 
16.606: [GC 16.606: [ParNew: 7150K->930K(7488K), 0.0012311 secs] 18683K->12464K(24220K), 0.0013046 secs] [Times: user=0.01 sys=0.00, real=0.00 secs] 
16.611: [GC 16.611: [ParNew: 7347K->423K(7488K), 0.0015007 secs] 18881K->12467K(24220K), 0.0016285 secs] [Times: user=0.00 sys=0.00, real=0.00 secs] 
16.617: [GC 16.617: [ParNew: 6842K->625K(7488K), 0.0009257 secs] 18886K->12670K(24220K), 0.0009820 secs] [Times: user=0.00 sys=0.00, real=0.01 secs] 
16.622: [GC 16.622: [ParNew: 7067K->854K(7488K), 0.0014212 secs] 19112K->13088K(24220K), 0.0014937 secs] [Times: user=0.00 sys=0.00, real=0.00 secs] 
16.628: [GC 16.628: [ParNew: 7305K->174K(7488K), 0.0011984 secs] 19539K->12915K(24220K), 0.0012638 secs] [Times: user=0.00 sys=0.00, real=0.01 secs] 
16.633: [GC 16.633: [ParNew: 6612K->537K(7488K), 0.0009878 secs] 19353K->13278K(24220K), 0.0010496 secs] [Times: user=0.00 sys=0.00, real=0.00 secs] 
16.639: [GC 16.639: [ParNew: 6965K->897K(7488K), 0.0011843 secs] 19707K->13720K(24220K), 0.0012556 secs] [Times: user=0.00 sys=0.00, real=0.00 secs] 
16.645: [GC 16.645: [ParNew: 7321K->386K(7488K), 0.0012967 secs] 20144K->13593K(24220K), 0.0013972 secs] [Times: user=0.01 sys=0.00, real=0.00 secs] 
16.651: [GC 16.651: [ParNew: 6850K->653K(7488K), 0.0010073 secs] 20057K->13860K(24220K), 0.0010645 secs] [Times: user=0.00 sys=0.00, real=0.00 secs] 
16.656: [GC 16.656: [ParNew: 7080K->909K(7488K), 0.0016183 secs] 20287K->14420K(24220K), 0.0016927 secs] [Times: user=0.01 sys=0.00, real=0.01 secs] 
16.664: [GC 16.664: [ParNew: 7347K->295K(7488K), 0.0012399 secs] 20858K->14357K(24220K), 0.0013173 secs] [Times: user=0.01 sys=0.00, real=0.00 secs] 
16.671: [GC 16.671: [ParNew: 6744K->705K(7488K), 0.0009710 secs] 20806K->14767K(24220K), 0.0010486 secs] [Times: user=0.00 sys=0.00, real=0.00 secs] 
16.677: [GC 16.677: [ParNew: 7162K->509K(7488K), 0.0012760 secs] 21224K->14843K(24220K), 0.0013582 secs] [Times: user=0.00 sys=0.00, real=0.01 secs] 
16.682: [GC 16.683: [ParNew: 6966K->624K(7488K), 0.0011534 secs] 21300K->14958K(24220K), 0.0012173 secs] [Times: user=0.00 sys=0.00, real=0.00 secs] 
16.689: [GC 16.689: [ParNew: 7018K->398K(7488K), 0.0008846 secs] 21352K->14887K(24220K), 0.0009348 secs] [Times: user=0.00 sys=0.00, real=0.00 secs] 
16.696: [GC 16.696: [ParNew: 6840K->561K(7488K), 0.0014399 secs] 21328K->15050K(24220K), 0.0015452 secs] [Times: user=0.00 sys=0.00, real=0.00 secs] 
16.703: [GC 16.703: [ParNew: 7017K->945K(7488K), 0.0011248 secs] 21506K->15434K(24220K), 0.0011884 secs] [Times: user=0.00 sys=0.00, real=0.00 secs] 
16.712: [GC 16.712: [ParNew: 7409K->352K(7488K), 0.0017549 secs] 21898K->15463K(24220K), 0.0018314 secs] [Times: user=0.00 sys=0.00, real=0.00 secs] 
16.720: [GC 16.720: [ParNew: 6782K->1009K(7488K), 0.0022953 secs] 21892K->16415K(24220K), 0.0023739 secs] [Times: user=0.00 sys=0.00, real=0.00 secs] 
16.726: [GC 16.726: [ParNew: 7465K->525K(7488K), 0.0022985 secs] 22871K->16939K(24220K), 0.0023863 secs] [Times: user=0.01 sys=0.00, real=0.01 secs] 
16.735: [GC 16.735: [ParNew: 6967K->166K(7488K), 0.0012319 secs]16.736: [Tenured: 16935K->9587K(17116K), 0.0705676 secs] 23381K->9587K(24604K), [Perm : 10685K->10685K(21248K)], 0.0721429 secs] [Times: user=0.07 sys=0.00, real=0.07 secs] 
16.811: [GC 16.811: [ParNew: 6411K->663K(7488K), 0.0017250 secs] 15998K->10250K(24220K), 0.0017982 secs] [Times: user=0.00 sys=0.00, real=0.00 secs] 
16.819: [GC 16.819: [ParNew: 7114K->499K(7488K), 0.0012044 secs] 16701K->10533K(24220K), 0.0012851 secs] [Times: user=0.01 sys=0.00, real=0.00 secs] 
16.823: [GC 16.824: [ParNew: 6910K->475K(7488K), 0.0013765 secs] 16943K->10509K(24220K), 0.0014418 secs] [Times: user=0.01 sys=0.00, real=0.00 secs] 
16.830: [GC 16.830: [ParNew: 6807K->430K(7488K), 0.0007761 secs] 16841K->10464K(24220K), 0.0008271 secs] [Times: user=0.00 sys=0.00, real=0.00 secs] 
16.835: [GC 16.835: [ParNew: 6894K->458K(7488K), 0.0011850 secs] 16927K->10492K(24220K), 0.0012482 secs] [Times: user=0.00 sys=0.00, real=0.00 secs] 
16.840: [GC 16.840: [ParNew: 6922K->820K(7488K), 0.0012143 secs] 16956K->10853K(24220K), 0.0012810 secs] [Times: user=0.00 sys=0.00, real=0.00 secs] 
16.849: [GC 16.850: [ParNew: 7265K->731K(7488K), 0.0010576 secs] 17298K->10880K(24220K), 0.0011360 secs] [Times: user=0.00 sys=0.00, real=0.00 secs] 
16.855: [GC 16.855: [ParNew: 7179K->919K(7488K), 0.0015588 secs] 17328K->11289K(24220K), 0.0017121 secs] [Times: user=0.00 sys=0.01, real=0.00 secs] 
16.861: [GC 16.861: [ParNew: 7351K->496K(7488K), 0.0014188 secs] 17721K->11326K(24220K), 0.0014899 secs] [Times: user=0.00 sys=0.00, real=0.00 secs] 
16.867: [GC 16.867: [ParNew: 6960K->979K(7488K), 0.0013333 secs] 17790K->11809K(24220K), 0.0014003 secs] [Times: user=0.00 sys=0.00, real=0.01 secs] 
16.873: [GC 16.873: [ParNew: 7436K->92K(7488K), 0.0011248 secs] 18265K->11561K(24220K), 0.0011857 secs] [Times: user=0.00 sys=0.00, real=0.00 secs] 
16.881: [GC 16.881: [ParNew: 6492K->372K(7488K), 0.0008501 secs] 17961K->11841K(24220K), 0.0009154 secs] [Times: user=0.00 sys=0.00, real=0.00 secs] 
16.887: [GC 16.887: [ParNew: 6834K->341K(7488K), 0.0009482 secs] 18304K->11810K(24220K), 0.0010266 secs] [Times: user=0.01 sys=0.00, real=0.01 secs] 
16.894: [GC 16.894: [ParNew: 6797K->381K(7488K), 0.0021217 secs] 18267K->11850K(24220K), 0.0021986 secs] [Times: user=0.00 sys=0.00, real=0.00 secs] 
16.901: [GC 16.901: [ParNew: 6840K->706K(7488K), 0.0011339 secs] 18310K->12175K(24220K), 0.0012179 secs] [Times: user=0.00 sys=0.00, real=0.00 secs] 
16.908: [GC 16.908: [ParNew: 7120K->862K(7488K), 0.0015127 secs] 18590K->12658K(24220K), 0.0016284 secs] [Times: user=0.00 sys=0.00, real=0.00 secs] 
16.917: [GC 16.918: [ParNew: 7283K->282K(7488K), 0.0017984 secs] 19078K->12615K(24220K), 0.0023425 secs] [Times: user=0.00 sys=0.00, real=0.01 secs] 
16.924: [GC 16.924: [ParNew: 6720K->365K(7488K), 0.0008061 secs] 19054K->12698K(24220K), 0.0008571 secs] [Times: user=0.00 sys=0.00, real=0.00 secs] 
16.930: [GC 16.930: [ParNew: 6814K->316K(7488K), 0.0008280 secs] 19147K->12649K(24220K), 0.0008757 secs] [Times: user=0.00 sys=0.00, real=0.00 secs] 
16.935: [GC 16.935: [ParNew: 6773K->483K(7488K), 0.0010687 secs] 19106K->12816K(24220K), 0.0011270 secs] [Times: user=0.00 sys=0.00, real=0.00 secs] 
16.940: [GC 16.940: [ParNew: 6935K->469K(7488K), 0.0012876 secs] 19269K->12803K(24220K), 0.0013522 secs] [Times: user=0.00 sys=0.00, real=0.00 secs] 
16.949: [GC 16.949: [ParNew: 6924K->784K(7488K), 0.0011973 secs] 19258K->13118K(24220K), 0.0012928 secs] [Times: user=0.00 sys=0.00, real=0.00 secs] 
16.955: [GC 16.955: [ParNew: 7248K->509K(7488K), 0.0012392 secs] 19582K->13136K(24220K), 0.0013057 secs] [Times: user=0.00 sys=0.00, real=0.00 secs] 
16.961: [GC 16.961: [ParNew: 6946K->680K(7488K), 0.0043159 secs] 19572K->13306K(24220K), 0.0044216 secs] [Times: user=0.00 sys=0.01, real=0.00 secs] 
16.972: [GC 16.972: [ParNew: 7135K->663K(7488K), 0.0014090 secs] 19761K->13676K(24220K), 0.0014980 secs] [Times: user=0.00 sys=0.00, real=0.00 secs] 
16.978: [GC 16.978: [ParNew: 7117K->773K(7488K), 0.0015105 secs] 20130K->13955K(24220K), 0.0015772 secs] [Times: user=0.00 sys=0.00, real=0.00 secs] 
16.983: [GC 16.983: [ParNew: 7147K->581K(7488K), 0.0011804 secs] 20329K->13964K(24220K), 0.0012480 secs] [Times: user=0.01 sys=0.00, real=0.00 secs] 
16.991: [GC 16.991: [ParNew: 7045K->905K(7488K), 0.0013727 secs] 20428K->14492K(24220K), 0.0014419 secs] [Times: user=0.00 sys=0.00, real=0.00 secs] 
16.998: [GC 16.998: [ParNew: 7353K->280K(7488K), 0.0015343 secs] 20940K->14772K(24220K), 0.0016124 secs] [Times: user=0.00 sys=0.00, real=0.01 secs] 
17.004: [GC 17.005: [ParNew: 6725K->530K(7488K), 0.0008733 secs] 21217K->15022K(24220K), 0.0009282 secs] [Times: user=0.01 sys=0.00, real=0.00 secs] 
17.009: [GC 17.009: [ParNew: 6992K->422K(7488K), 0.0013457 secs] 21484K->15061K(24220K), 0.0014597 secs] [Times: user=0.00 sys=0.00, real=0.00 secs] 
17.014: [GC 17.015: [ParNew: 6886K->526K(7488K), 0.0011445 secs] 21525K->15165K(24220K), 0.0012057 secs] [Times: user=0.00 sys=0.00, real=0.00 secs] 
17.020: [GC 17.020: [ParNew: 6962K->975K(7488K), 0.0015271 secs] 21601K->15896K(24220K), 0.0016228 secs] [Times: user=0.00 sys=0.00, real=0.00 secs] 
17.025: [GC 17.026: [ParNew: 7426K->116K(7488K), 0.0013774 secs] 22347K->15802K(24220K), 0.0015189 secs] [Times: user=0.00 sys=0.00, real=0.00 secs] 
17.031: [GC 17.031: [ParNew: 6561K->239K(7488K), 0.0007695 secs] 22247K->15925K(24220K), 0.0008190 secs] [Times: user=0.00 sys=0.00, real=0.00 secs] 
17.036: [GC 17.036: [ParNew: 6663K->520K(7488K), 0.0009360 secs] 22350K->16207K(24220K), 0.0010266 secs] [Times: user=0.00 sys=0.00, real=0.00 secs] 
17.042: [GC 17.042: [ParNew: 6959K->456K(7488K), 0.0010117 secs] 22645K->16188K(24220K), 0.0010881 secs] [Times: user=0.01 sys=0.00, real=0.00 secs] 
17.049: [GC 17.049: [ParNew: 6887K->776K(7488K), 0.0011585 secs] 22620K->16508K(24220K), 0.0012500 secs] [Times: user=0.00 sys=0.00, real=0.00 secs] 
17.054: [GC 17.054: [ParNew: 7239K->247K(7488K), 0.0012529 secs] 22972K->16429K(24220K), 0.0013230 secs] [Times: user=0.00 sys=0.00, real=0.00 secs] 
17.060: [GC 17.060: [ParNew: 6703K->578K(7488K), 0.0009348 secs] 22886K->16760K(24220K), 0.0009943 secs] [Times: user=0.00 sys=0.00, real=0.00 secs] 
17.064: [GC 17.064: [ParNew: 7023K->547K(7488K), 0.0009664 secs] 23205K->16730K(24220K), 0.0010283 secs] [Times: user=0.00 sys=0.00, real=0.00 secs] 
17.070: [GC 17.070: [ParNew: 6956K->134K(7488K), 0.0010576 secs] 23138K->16453K(24220K), 0.0011256 secs] [Times: user=0.00 sys=0.00, real=0.00 secs] 
17.074: [GC 17.075: [ParNew: 6579K->242K(7488K), 0.0008983 secs] 22898K->16561K(24220K), 0.0009482 secs] [Times: user=0.01 sys=0.00, real=0.00 secs] 
17.081: [GC 17.081: [ParNew: 6695K->497K(7488K), 0.0008863 secs] 23014K->16816K(24220K), 0.0009516 secs] [Times: user=0.00 sys=0.00, real=0.00 secs] 
17.086: [GC 17.086: [ParNew: 6944K->941K(7488K), 0.0031840 secs] 23263K->17259K(24220K), 0.0032579 secs] [Times: user=0.00 sys=0.00, real=0.01 secs] 
17.093: [GC 17.093: [ParNew: 7383K->1015K(7488K), 0.0020000 secs]17.095: [Tenured: 16799K->9516K(16924K), 0.0716485 secs] 23702K->9516K(24412K), [Perm : 10685K->10685K(21248K)], 0.0739699 secs] [Times: user=0.07 sys=0.00, real=0.07 secs] 
17.172: [GC 17.172: [ParNew: 6440K->461K(7488K), 0.0008356 secs] 15956K->9977K(24220K), 0.0008899 secs] [Times: user=0.00 sys=0.00, real=0.00 secs] 
17.177: [GC 17.177: [ParNew: 6907K->985K(7488K), 0.0014468 secs] 16424K->10597K(24220K), 0.0015216 secs] [Times: user=0.00 sys=0.00, real=0.01 secs] 
17.182: [GC 17.182: [ParNew: 7447K->280K(7488K), 0.0011990 secs] 17058K->10404K(24220K), 0.0012616 secs] [Times: user=0.00 sys=0.00, real=0.00 secs] 
17.188: [GC 17.188: [ParNew: 6698K->779K(7488K), 0.0010188 secs] 16821K->10903K(24220K), 0.0010810 secs] [Times: user=0.00 sys=0.00, real=0.00 secs] 
17.193: [GC 17.193: [ParNew: 7214K->451K(7488K), 0.0010192 secs] 17337K->10712K(24220K), 0.0010822 secs] [Times: user=0.01 sys=0.00, real=0.00 secs] 
17.199: [GC 17.199: [ParNew: 6904K->1018K(7488K), 0.0017404 secs] 17164K->11595K(24220K), 0.0018134 secs] [Times: user=0.00 sys=0.00, real=0.00 secs] 
17.205: [GC 17.205: [ParNew: 7478K->474K(7488K), 0.0015194 secs] 18055K->11779K(24220K), 0.0016052 secs] [Times: user=0.00 sys=0.00, real=0.00 secs] 
17.211: [GC 17.211: [ParNew: 6932K->504K(7488K), 0.0011665 secs] 18237K->11809K(24220K), 0.0012415 secs] [Times: user=0.00 sys=0.00, real=0.00 secs] 
17.216: [GC 17.216: [ParNew: 6966K->487K(7488K), 0.0011044 secs] 18270K->11792K(24220K), 0.0011639 secs] [Times: user=0.00 sys=0.00, real=0.00 secs] 
17.222: [GC 17.222: [ParNew: 6949K->721K(7488K), 0.0011358 secs] 18254K->12025K(24220K), 0.0012201 secs] [Times: user=0.00 sys=0.00, real=0.00 secs] 
17.230: [GC 17.230: [ParNew: 7163K->775K(7488K), 0.0022256 secs] 18467K->12504K(24220K), 0.0022989 secs] [Times: user=0.00 sys=0.00, real=0.00 secs] 
17.236: [GC 17.236: [ParNew: 7221K->522K(7488K), 0.0021064 secs] 18950K->12423K(24220K), 0.0021872 secs] [Times: user=0.00 sys=0.00, real=0.01 secs] 
17.243: [GC 17.243: [ParNew: 6950K->266K(7488K), 0.0010370 secs] 18851K->12579K(24220K), 0.0010952 secs] [Times: user=0.00 sys=0.00, real=0.00 secs] 
17.248: [GC 17.249: [ParNew: 6713K->234K(7488K), 0.0008015 secs] 19026K->12547K(24220K), 0.0008596 secs] [Times: user=0.01 sys=0.00, real=0.00 secs] 
17.254: [GC 17.254: [ParNew: 6674K->576K(7488K), 0.0012355 secs] 18987K->12889K(24220K), 0.0012983 secs] [Times: user=0.01 sys=0.00, real=0.00 secs] 
17.260: [GC 17.260: [ParNew: 7037K->645K(7488K), 0.0011733 secs] 19350K->13031K(24220K), 0.0012945 secs] [Times: user=0.00 sys=0.00, real=0.00 secs] 
17.265: [GC 17.265: [ParNew: 7096K->230K(7488K), 0.0013506 secs] 19482K->12997K(24220K), 0.0014216 secs] [Times: user=0.00 sys=0.00, real=0.00 secs] 
17.270: [GC 17.270: [ParNew: 6688K->885K(7488K), 0.0012579 secs] 19455K->13652K(24220K), 0.0013248 secs] [Times: user=0.00 sys=0.00, real=0.00 secs] 
17.277: [GC 17.277: [ParNew: 7346K->566K(7488K), 0.0016750 secs] 20113K->14021K(24220K), 0.0017463 secs] [Times: user=0.00 sys=0.00, real=0.01 secs] 
17.282: [GC 17.282: [ParNew: 6951K->341K(7488K), 0.0013309 secs] 20407K->14134K(24220K), 0.0013974 secs] [Times: user=0.00 sys=0.00, real=0.00 secs] 
17.288: [GC 17.288: [ParNew: 6793K->641K(7488K), 0.0013462 secs] 20587K->14434K(24220K), 0.0014565 secs] [Times: user=0.00 sys=0.00, real=0.00 secs] 
17.295: [GC 17.295: [ParNew: 7084K->369K(7488K), 0.0012269 secs] 20877K->14286K(24220K), 0.0013035 secs] [Times: user=0.01 sys=0.00, real=0.00 secs] 
17.300: [GC 17.300: [ParNew: 6827K->446K(7488K), 0.0014938 secs] 20744K->14363K(24220K), 0.0016036 secs] [Times: user=0.00 sys=0.00, real=0.00 secs] 
17.306: [GC 17.306: [ParNew: 6869K->926K(7488K), 0.0011588 secs] 20786K->14843K(24220K), 0.0012310 secs] [Times: user=0.00 sys=0.00, real=0.00 secs] 
17.311: [GC 17.311: [ParNew: 7380K->404K(7488K), 0.0019114 secs] 21297K->14873K(24220K), 0.0019932 secs] [Times: user=0.00 sys=0.00, real=0.00 secs] 
17.317: [GC 17.317: [ParNew: 6823K->710K(7488K), 0.0011388 secs] 21292K->15178K(24220K), 0.0012000 secs] [Times: user=0.00 sys=0.00, real=0.01 secs] 
17.323: [GC 17.323: [ParNew: 7172K->557K(7488K), 0.0014367 secs] 21641K->15333K(24220K), 0.0016513 secs] [Times: user=0.00 sys=0.00, real=0.00 secs] 
17.328: [GC 17.329: [ParNew: 6984K->610K(7488K), 0.0011219 secs] 21759K->15386K(24220K), 0.0011835 secs] [Times: user=0.00 sys=0.00, real=0.00 secs] 
17.334: [GC 17.334: [ParNew: 7035K->770K(7488K), 0.0014430 secs] 21810K->15778K(24220K), 0.0015519 secs] [Times: user=0.01 sys=0.00, real=0.00 secs] 
17.341: [GC 17.341: [ParNew: 7220K->928K(7488K), 0.0018159 secs] 22228K->16703K(24220K), 0.0019062 secs] [Times: user=0.01 sys=0.00, real=0.00 secs] 
17.348: [GC 17.348: [ParNew: 7338K->587K(7488K), 0.0017111 secs] 23112K->17226K(24220K), 0.0018023 secs] [Times: user=0.01 sys=0.00, real=0.00 secs] 
17.354: [GC 17.354: [ParNew: 7038K->200K(7488K), 0.0017126 secs]17.355: [Tenured: 17159K->8973K(17308K), 0.0723342 secs] 23677K->8973K(24796K), [Perm : 10686K->10686K(21248K)], 0.0744208 secs] [Times: user=0.08 sys=0.00, real=0.08 secs] 
17.432: [GC 17.432: [ParNew: 6464K->685K(7488K), 0.0011253 secs] 15437K->9659K(24220K), 0.0011883 secs] [Times: user=0.01 sys=0.00, real=0.00 secs] 
17.442: [GC 17.442: [ParNew: 7105K->173K(7488K), 0.0011531 secs] 16079K->9753K(24220K), 0.0012147 secs] [Times: user=0.00 sys=0.00, real=0.00 secs] 
17.448: [GC 17.448: [ParNew: 6577K->249K(7488K), 0.0009226 secs] 16157K->9829K(24220K), 0.0009908 secs] [Times: user=0.00 sys=0.00, real=0.01 secs] 
17.453: [GC 17.453: [ParNew: 6713K->316K(7488K), 0.0011232 secs] 16293K->9896K(24220K), 0.0011750 secs] [Times: user=0.00 sys=0.00, real=0.00 secs] 
17.458: [GC 17.459: [ParNew: 6723K->793K(7488K), 0.0012410 secs] 16303K->10373K(24220K), 0.0013095 secs] [Times: user=0.00 sys=0.00, real=0.00 secs] 
17.464: [GC 17.464: [ParNew: 7248K->740K(7488K), 0.0013316 secs] 16828K->10697K(24220K), 0.0014028 secs] [Times: user=0.00 sys=0.01, real=0.00 secs] 
17.469: [GC 17.470: [ParNew: 7184K->613K(7488K), 0.0013794 secs] 17141K->11014K(24220K), 0.0014484 secs] [Times: user=0.00 sys=0.00, real=0.00 secs] 
17.476: [GC 17.476: [ParNew: 7042K->501K(7488K), 0.0012670 secs] 17443K->11231K(24220K), 0.0013415 secs] [Times: user=0.00 sys=0.00, real=0.00 secs] 
17.481: [GC 17.481: [ParNew: 6965K->904K(7488K), 0.0011520 secs] 17695K->11634K(24220K), 0.0012155 secs] [Times: user=0.00 sys=0.00, real=0.00 secs] 
17.488: [GC 17.488: [ParNew: 7354K->208K(7488K), 0.0013187 secs] 18085K->11760K(24220K), 0.0014010 secs] [Times: user=0.01 sys=0.00, real=0.00 secs] 
17.494: [GC 17.494: [ParNew: 6650K->1021K(7488K), 0.0015613 secs] 18202K->12633K(24220K), 0.0016505 secs] [Times: user=0.01 sys=0.00, real=0.00 secs] 
17.500: [GC 17.500: [ParNew: 7455K->320K(7488K), 0.0023579 secs] 19067K->12750K(24220K), 0.0025432 secs] [Times: user=0.00 sys=0.00, real=0.00 secs] 
17.508: [GC 17.508: [ParNew: 6773K->926K(7488K), 0.0019375 secs] 19203K->13357K(24220K), 0.0020041 secs] [Times: user=0.00 sys=0.00, real=0.00 secs] 
17.515: [GC 17.515: [ParNew: 7332K->551K(7488K), 0.0032888 secs] 19762K->13437K(24220K), 0.0033606 secs] [Times: user=0.00 sys=0.00, real=0.01 secs] 
17.523: [GC 17.523: [ParNew: 6964K->232K(7488K), 0.0014542 secs] 19849K->13368K(24220K), 0.0015248 secs] [Times: user=0.00 sys=0.00, real=0.00 secs] 
17.528: [GC 17.528: [ParNew: 6659K->560K(7488K), 0.0014562 secs] 19794K->13696K(24220K), 0.0015348 secs] [Times: user=0.01 sys=0.00, real=0.00 secs] 
17.534: [GC 17.534: [ParNew: 7013K->720K(7488K), 0.0011558 secs] 20148K->14008K(24220K), 0.0012221 secs] [Times: user=0.00 sys=0.00, real=0.00 secs] 
17.540: [GC 17.540: [ParNew: 7161K->690K(7488K), 0.0013210 secs] 20449K->14351K(24220K), 0.0014004 secs] [Times: user=0.00 sys=0.00, real=0.00 secs] 
17.545: [GC 17.545: [ParNew: 7116K->485K(7488K), 0.0014852 secs] 20778K->14699K(24220K), 0.0015579 secs] [Times: user=0.00 sys=0.00, real=0.00 secs] 
17.552: [GC 17.552: [ParNew: 6935K->771K(7488K), 0.0011427 secs] 21149K->14985K(24220K), 0.0012283 secs] [Times: user=0.00 sys=0.00, real=0.00 secs] 
17.558: [GC 17.559: [ParNew: 7215K->320K(7488K), 0.0011358 secs] 21429K->14806K(24220K), 0.0012207 secs] [Times: user=0.00 sys=0.00, real=0.00 secs] 
17.565: [GC 17.565: [ParNew: 6776K->812K(7488K), 0.0012402 secs] 21262K->15298K(24220K), 0.0013223 secs] [Times: user=0.00 sys=0.00, real=0.00 secs] 
17.570: [GC 17.570: [ParNew: 7265K->546K(7488K), 0.0015540 secs] 21751K->15648K(24220K), 0.0016287 secs] [Times: user=0.01 sys=0.00, real=0.00 secs] 
17.576: [GC 17.576: [ParNew: 6982K->123K(7488K), 0.0008632 secs] 22083K->15376K(24220K), 0.0009137 secs] [Times: user=0.01 sys=0.00, real=0.00 secs] 
17.581: [GC 17.581: [ParNew: 6562K->655K(7488K), 0.0010800 secs] 21815K->15908K(24220K), 0.0011404 secs] [Times: user=0.00 sys=0.00, real=0.00 secs] 
17.586: [GC 17.587: [ParNew: 7112K->752K(7488K), 0.0018702 secs] 22365K->16471K(24220K), 0.0019566 secs] [Times: user=0.00 sys=0.00, real=0.01 secs] 
17.595: [GC 17.595: [ParNew: 7135K->220K(7488K), 0.0009407 secs] 22854K->16145K(24220K), 0.0010316 secs] [Times: user=0.00 sys=0.00, real=0.00 secs] 
17.601: [GC 17.601: [ParNew: 6682K->188K(7488K), 0.0013863 secs] 22607K->16113K(24220K), 0.0014543 secs] [Times: user=0.00 sys=0.00, real=0.00 secs] 
17.607: [GC 17.607: [ParNew: 6652K->273K(7488K), 0.0008155 secs] 22577K->16198K(24220K), 0.0008652 secs] [Times: user=0.00 sys=0.00, real=0.01 secs] 
17.613: [GC 17.613: [ParNew: 6677K->249K(7488K), 0.0009553 secs] 22602K->16174K(24220K), 0.0010125 secs] [Times: user=0.00 sys=0.00, real=0.00 secs] 
17.618: [GC 17.618: [ParNew: 6700K->404K(7488K), 0.0009950 secs] 22625K->16329K(24220K), 0.0010500 secs] [Times: user=0.01 sys=0.00, real=0.00 secs] 
17.622: [GC 17.623: [ParNew: 6860K->654K(7488K), 0.0012587 secs] 22785K->16579K(24220K), 0.0013377 secs] [Times: user=0.01 sys=0.00, real=0.00 secs] 
17.628: [GC 17.628: [ParNew: 7111K->822K(7488K), 0.0016040 secs] 23036K->16919K(24220K), 0.0017117 secs] [Times: user=0.00 sys=0.00, real=0.00 secs] 
17.634: [GC 17.634: [ParNew: 7266K->835K(7488K), 0.0017468 secs] 23363K->17265K(24220K), 0.0018211 secs] [Times: user=0.00 sys=0.00, real=0.00 secs] 
17.640: [GC 17.640: [ParNew: 7296K->896K(7488K), 0.0014416 secs]17.642: [Tenured: 16752K->9867K(16924K), 0.0721734 secs] 23726K->9867K(24412K), [Perm : 10687K->10687K(21248K)], 0.0738680 secs] [Times: user=0.07 sys=0.00, real=0.07 secs] 
17.719: [GC 17.719: [ParNew: 6437K->691K(7488K), 0.0013179 secs] 16305K->10559K(24220K), 0.0013844 secs] [Times: user=0.00 sys=0.00, real=0.00 secs] 
17.724: [GC 17.724: [ParNew: 7107K->184K(7488K), 0.0012295 secs] 16975K->10393K(24220K), 0.0012890 secs] [Times: user=0.00 sys=0.00, real=0.00 secs] 
17.731: [GC 17.731: [ParNew: 6636K->550K(7488K), 0.0009013 secs] 16845K->10759K(24220K), 0.0009576 secs] [Times: user=0.00 sys=0.00, real=0.00 secs] 
17.735: [GC 17.735: [ParNew: 6987K->470K(7488K), 0.0010639 secs] 17196K->10744K(24220K), 0.0011221 secs] [Times: user=0.01 sys=0.00, real=0.00 secs] 
17.742: [GC 17.742: [ParNew: 6881K->1012K(7488K), 0.0012724 secs] 17155K->11349K(24220K), 0.0013504 secs] [Times: user=0.00 sys=0.00, real=0.00 secs] 
17.750: [GC 17.751: [ParNew: 7448K->81K(7488K), 0.0013598 secs] 17786K->11026K(24220K), 0.0014624 secs] [Times: user=0.00 sys=0.00, real=0.00 secs] 
17.758: [GC 17.758: [ParNew: 6488K->286K(7488K), 0.0007730 secs] 17433K->11231K(24220K), 0.0008390 secs] [Times: user=0.00 sys=0.00, real=0.00 secs] 
17.764: [GC 17.764: [ParNew: 6750K->297K(7488K), 0.0007991 secs] 17695K->11242K(24220K), 0.0008496 secs] [Times: user=0.00 sys=0.00, real=0.00 secs] 
17.770: [GC 17.770: [ParNew: 6761K->228K(7488K), 0.0007505 secs] 17706K->11173K(24220K), 0.0008138 secs] [Times: user=0.00 sys=0.00, real=0.00 secs] 
17.776: [GC 17.776: [ParNew: 6688K->219K(7488K), 0.0010857 secs] 17633K->11164K(24220K), 0.0011438 secs] [Times: user=0.00 sys=0.00, real=0.00 secs] 
17.783: [GC 17.783: [ParNew: 6683K->360K(7488K), 0.0009731 secs] 17628K->11305K(24220K), 0.0010273 secs] [Times: user=0.00 sys=0.00, real=0.00 secs] 
17.790: [GC 17.790: [ParNew: 6727K->680K(7488K), 0.0012742 secs] 17672K->11625K(24220K), 0.0013356 secs] [Times: user=0.00 sys=0.00, real=0.00 secs] 
17.795: [GC 17.796: [ParNew: 7086K->477K(7488K), 0.0011596 secs] 18031K->11608K(24220K), 0.0012298 secs] [Times: user=0.00 sys=0.00, real=0.00 secs] 
17.804: [GC 17.804: [ParNew: 6914K->470K(7488K), 0.0011353 secs] 18045K->11601K(24220K), 0.0012153 secs] [Times: user=0.00 sys=0.00, real=0.00 secs] 
17.809: [GC 17.809: [ParNew: 6883K->1021K(7488K), 0.0015152 secs] 18014K->12423K(24220K), 0.0015859 secs] [Times: user=0.01 sys=0.00, real=0.00 secs] 
17.818: [GC 17.818: [ParNew: 7479K->291K(7488K), 0.0050656 secs] 18881K->12546K(24220K), 0.0051431 secs] [Times: user=0.00 sys=0.01, real=0.00 secs] 
17.830: [GC 17.830: [ParNew: 6684K->296K(7488K), 0.0014625 secs] 18939K->12551K(24220K), 0.0015243 secs] [Times: user=0.00 sys=0.00, real=0.00 secs] 
17.838: [GC 17.838: [ParNew: 6756K->423K(7488K), 0.0010712 secs] 19011K->12678K(24220K), 0.0011339 secs] [Times: user=0.00 sys=0.00, real=0.00 secs] 
17.846: [GC 17.847: [ParNew: 6807K->971K(7488K), 0.0029656 secs] 19062K->13226K(24220K), 0.0030354 secs] [Times: user=0.01 sys=0.00, real=0.01 secs] 
17.855: [GC 17.855: [ParNew: 7319K->138K(7488K), 0.0018710 secs] 19574K->13249K(24220K), 0.0019549 secs] [Times: user=0.00 sys=0.00, real=0.00 secs] 
17.862: [GC 17.862: [ParNew: 6582K->493K(7488K), 0.0014557 secs] 19693K->13604K(24220K), 0.0015301 secs] [Times: user=0.01 sys=0.00, real=0.00 secs] 
17.873: [GC 17.873: [ParNew: 6957K->958K(7488K), 0.0019339 secs] 20068K->14069K(24220K), 0.0020111 secs] [Times: user=0.00 sys=0.00, real=0.00 secs] 
17.881: [GC 17.881: [ParNew: 7420K->195K(7488K), 0.0046471 secs] 20531K->14168K(24220K), 0.0047501 secs] [Times: user=0.01 sys=0.00, real=0.00 secs] 
17.892: [GC 17.892: [ParNew: 6624K->646K(7488K), 0.0016401 secs] 20597K->14619K(24220K), 0.0017268 secs] [Times: user=0.00 sys=0.00, real=0.00 secs] 
17.897: [GC 17.897: [ParNew: 7073K->209K(7488K), 0.0022302 secs] 21046K->14751K(24220K), 0.0023023 secs] [Times: user=0.00 sys=0.00, real=0.01 secs] 
17.905: [GC 17.905: [ParNew: 6648K->904K(7488K), 0.0013824 secs] 21190K->15446K(24220K), 0.0014758 secs] [Times: user=0.00 sys=0.00, real=0.00 secs] 
17.911: [GC 17.911: [ParNew: 7349K->563K(7488K), 0.0015370 secs] 21891K->15607K(24220K), 0.0016136 secs] [Times: user=0.00 sys=0.00, real=0.00 secs] 
17.917: [GC 17.917: [ParNew: 6999K->295K(7488K), 0.0016358 secs] 22043K->15856K(24220K), 0.0017167 secs] [Times: user=0.00 sys=0.00, real=0.01 secs] 
17.925: [GC 17.925: [ParNew: 6751K->799K(7488K), 0.0027083 secs] 22312K->16360K(24220K), 0.0028674 secs] [Times: user=0.00 sys=0.00, real=0.01 secs] 
17.933: [GC 17.933: [ParNew: 7235K->249K(7488K), 0.0017120 secs] 22796K->16509K(24220K), 0.0018025 secs] [Times: user=0.00 sys=0.00, real=0.00 secs] 
17.941: [GC 17.941: [ParNew: 6701K->795K(7488K), 0.0045217 secs] 22961K->17055K(24220K), 0.0045958 secs] [Times: user=0.01 sys=0.00, real=0.00 secs] 
17.952: [GC 17.953: [ParNew: 7236K->592K(7488K), 0.0047963 secs]17.957: [Tenured: 16944K->10182K(17116K), 0.0761999 secs] 23496K->10182K(24604K), [Perm : 10687K->10687K(21248K)], 0.0811417 secs] [Times: user=0.10 sys=0.01, real=0.08 secs] 
18.038: [GC 18.038: [ParNew: 6498K->575K(7616K), 0.0015412 secs] 16680K->10757K(24732K), 0.0016186 secs] [Times: user=0.01 sys=0.00, real=0.00 secs] 
18.045: [GC 18.046: [ParNew: 7056K->350K(7616K), 0.0009848 secs] 17239K->10842K(24732K), 0.0010451 secs] [Times: user=0.00 sys=0.00, real=0.00 secs] 
18.053: [GC 18.053: [ParNew: 6839K->619K(7616K), 0.0014041 secs] 17332K->11112K(24732K), 0.0014722 secs] [Times: user=0.00 sys=0.00, real=0.00 secs] 
18.059: [GC 18.059: [ParNew: 7050K->731K(7616K), 0.0012682 secs] 17543K->11427K(24732K), 0.0013377 secs] [Times: user=0.00 sys=0.00, real=0.00 secs] 
18.065: [GC 18.065: [ParNew: 7213K->318K(7616K), 0.0010146 secs] 17910K->11284K(24732K), 0.0010753 secs] [Times: user=0.00 sys=0.00, real=0.00 secs] 
18.071: [GC 18.071: [ParNew: 6836K->539K(7616K), 0.0009704 secs] 17802K->11504K(24732K), 0.0010394 secs] [Times: user=0.01 sys=0.00, real=0.00 secs] 
18.076: [GC 18.076: [ParNew: 6956K->951K(7616K), 0.0013677 secs] 17921K->11917K(24732K), 0.0014318 secs] [Times: user=0.01 sys=0.00, real=0.01 secs] 
18.083: [GC 18.083: [ParNew: 7463K->633K(7616K), 0.0015114 secs] 18429K->12065K(24732K), 0.0015798 secs] [Times: user=0.01 sys=0.00, real=0.00 secs] 
18.090: [GC 18.090: [ParNew: 7158K->881K(7616K), 0.0015795 secs] 18590K->12388K(24732K), 0.0016723 secs] [Times: user=0.00 sys=0.00, real=0.00 secs] 
18.096: [GC 18.096: [ParNew: 7396K->838K(7616K), 0.0016300 secs] 18903K->12774K(24732K), 0.0017011 secs] [Times: user=0.00 sys=0.00, real=0.00 secs] 
18.102: [GC 18.102: [ParNew: 7363K->964K(7616K), 0.0016303 secs] 19299K->13250K(24732K), 0.0018529 secs] [Times: user=0.00 sys=0.00, real=0.00 secs] 
18.108: [GC 18.108: [ParNew: 7464K->495K(7616K), 0.0015237 secs] 19750K->13408K(24732K), 0.0016036 secs] [Times: user=0.00 sys=0.00, real=0.00 secs] 
18.115: [GC 18.115: [ParNew: 6971K->592K(7616K), 0.0010794 secs] 19885K->13506K(24732K), 0.0011829 secs] [Times: user=0.00 sys=0.00, real=0.00 secs] 
18.120: [GC 18.120: [ParNew: 7095K->339K(7616K), 0.0011471 secs] 20009K->13511K(24732K), 0.0012215 secs] [Times: user=0.00 sys=0.00, real=0.00 secs] 
18.126: [GC 18.126: [ParNew: 6859K->961K(7616K), 0.0016704 secs] 20031K->14133K(24732K), 0.0017380 secs] [Times: user=0.00 sys=0.00, real=0.00 secs] 
18.133: [GC 18.133: [ParNew: 7488K->502K(7616K), 0.0014610 secs] 20660K->14278K(24732K), 0.0015535 secs] [Times: user=0.00 sys=0.00, real=0.00 secs] 
18.140: [GC 18.140: [ParNew: 7025K->867K(7616K), 0.0011351 secs] 20802K->14643K(24732K), 0.0012152 secs] [Times: user=0.01 sys=0.00, real=0.00 secs] 
18.147: [GC 18.147: [ParNew: 7348K->448K(7616K), 0.0013263 secs] 21124K->14564K(24732K), 0.0014047 secs] [Times: user=0.01 sys=0.00, real=0.01 secs] 
18.152: [GC 18.152: [ParNew: 6949K->688K(7616K), 0.0011680 secs] 21065K->14804K(24732K), 0.0012322 secs] [Times: user=0.00 sys=0.00, real=0.00 secs] 
18.157: [GC 18.157: [ParNew: 7211K->468K(7616K), 0.0014206 secs] 21327K->14896K(24732K), 0.0014876 secs] [Times: user=0.00 sys=0.00, real=0.01 secs] 
18.163: [GC 18.163: [ParNew: 6992K->382K(7616K), 0.0009636 secs] 21419K->14809K(24732K), 0.0010147 secs] [Times: user=0.00 sys=0.00, real=0.00 secs] 
18.169: [GC 18.169: [ParNew: 6901K->1079K(7616K), 0.0014546 secs] 21328K->15507K(24732K), 0.0015423 secs] [Times: user=0.00 sys=0.00, real=0.00 secs] 
18.176: [GC 18.176: [ParNew: 7590K->360K(7616K), 0.0013166 secs] 22018K->15371K(24732K), 0.0013986 secs] [Times: user=0.00 sys=0.00, real=0.00 secs] 
18.181: [GC 18.181: [ParNew: 6764K->715K(7616K), 0.0011058 secs] 21775K->15726K(24732K), 0.0011683 secs] [Times: user=0.00 sys=0.00, real=0.00 secs] 
18.188: [GC 18.189: [ParNew: 7241K->422K(7616K), 0.0010646 secs] 22251K->15706K(24732K), 0.0014161 secs] [Times: user=0.00 sys=0.00, real=0.00 secs] 
18.197: [GC 18.197: [ParNew: 6874K->500K(7616K), 0.0010211 secs] 22159K->15784K(24732K), 0.0010846 secs] [Times: user=0.01 sys=0.00, real=0.01 secs] 
18.202: [GC 18.202: [ParNew: 7006K->512K(7616K), 0.0009629 secs] 22291K->15797K(24732K), 0.0010212 secs] [Times: user=0.00 sys=0.00, real=0.00 secs] 
18.208: [GC 18.208: [ParNew: 7040K->619K(7616K), 0.0013084 secs] 22325K->15904K(24732K), 0.0013879 secs] [Times: user=0.01 sys=0.00, real=0.00 secs] 
18.216: [GC 18.216: [ParNew: 7080K->709K(7616K), 0.0011495 secs] 22364K->16155K(24732K), 0.0012302 secs] [Times: user=0.01 sys=0.00, real=0.00 secs] 
18.221: [GC 18.221: [ParNew: 7194K->479K(7616K), 0.0013158 secs] 22640K->16111K(24732K), 0.0013863 secs] [Times: user=0.00 sys=0.00, real=0.00 secs] 
18.228: [GC 18.228: [ParNew: 7002K->553K(7616K), 0.0009755 secs] 22634K->16186K(24732K), 0.0010508 secs] [Times: user=0.00 sys=0.00, real=0.00 secs] 
18.233: [GC 18.233: [ParNew: 7052K->492K(7616K), 0.0012746 secs] 22685K->16206K(24732K), 0.0013560 secs] [Times: user=0.00 sys=0.00, real=0.00 secs] 
18.239: [GC 18.239: [ParNew: 6950K->498K(7616K), 0.0010878 secs] 22664K->16212K(24732K), 0.0011462 secs] [Times: user=0.00 sys=0.00, real=0.00 secs] 
18.244: [GC 18.244: [ParNew: 7014K->1087K(7616K), 0.0018227 secs] 22728K->17178K(24732K), 0.0019402 secs] [Times: user=0.00 sys=0.00, real=0.00 secs] 
18.252: [GC 18.252: [ParNew: 7584K->223K(7616K), 0.0015979 secs] 23675K->17246K(24732K), 0.0016837 secs] [Times: user=0.00 sys=0.00, real=0.00 secs] 
18.259: [GC 18.259: [ParNew: 6621K->461K(7616K), 0.0009938 secs] 23644K->17483K(24732K), 0.0010644 secs] [Times: user=0.01 sys=0.00, real=0.00 secs] 
18.268: [GC 18.268: [ParNew: 6907K->747K(7616K), 0.0012533 secs] 23930K->17770K(24732K), 0.0013416 secs] [Times: user=0.01 sys=0.00, real=0.00 secs] 
18.273: [GC 18.273: [ParNew: 7214K->760K(7616K), 0.0016998 secs]18.275: [Tenured: 17311K->9450K(17500K), 0.0724311 secs] 24236K->9450K(25116K), [Perm : 10687K->10687K(21248K)], 0.0744107 secs] [Times: user=0.07 sys=0.00, real=0.08 secs] 
18.352: [GC 18.352: [ParNew: 6523K->485K(7616K), 0.0008354 secs] 15973K->9935K(24732K), 0.0008916 secs] [Times: user=0.00 sys=0.01, real=0.00 secs] 
18.357: [GC 18.357: [ParNew: 7004K->685K(7616K), 0.0010374 secs] 16454K->10135K(24732K), 0.0011061 secs] [Times: user=0.00 sys=0.00, real=0.01 secs] 
18.363: [GC 18.364: [ParNew: 7161K->152K(7616K), 0.0010762 secs] 16611K->10194K(24732K), 0.0011408 secs] [Times: user=0.00 sys=0.00, real=0.00 secs] 
18.368: [GC 18.369: [ParNew: 6642K->411K(7616K), 0.0011319 secs] 16684K->10453K(24732K), 0.0011920 secs] [Times: user=0.00 sys=0.00, real=0.00 secs] 
18.374: [GC 18.374: [ParNew: 6923K->375K(7616K), 0.0008508 secs] 16965K->10417K(24732K), 0.0009018 secs] [Times: user=0.01 sys=0.00, real=0.00 secs] 
18.378: [GC 18.378: [ParNew: 6824K->532K(7616K), 0.0017552 secs] 16866K->10574K(24732K), 0.0018355 secs] [Times: user=0.00 sys=0.00, real=0.00 secs] 
18.388: [GC 18.388: [ParNew: 7044K->817K(7616K), 0.0009430 secs] 17086K->10859K(24732K), 0.0009994 secs] [Times: user=0.00 sys=0.00, real=0.01 secs] 
18.393: [GC 18.393: [ParNew: 7315K->1040K(7616K), 0.0016214 secs] 17357K->11492K(24732K), 0.0016987 secs] [Times: user=0.00 sys=0.00, real=0.00 secs] 
18.400: [GC 18.400: [ParNew: 7539K->679K(7616K), 0.0020895 secs] 17991K->11988K(24732K), 0.0021824 secs] [Times: user=0.00 sys=0.00, real=0.00 secs] 
18.406: [GC 18.407: [ParNew: 7206K->696K(7616K), 0.0014101 secs] 18515K->12259K(24732K), 0.0014826 secs] [Times: user=0.00 sys=0.00, real=0.01 secs] 
18.412: [GC 18.412: [ParNew: 7222K->510K(7616K), 0.0014364 secs] 18785K->12295K(24732K), 0.0015133 secs] [Times: user=0.00 sys=0.00, real=0.00 secs] 
18.418: [GC 18.418: [ParNew: 7023K->831K(7616K), 0.0019824 secs] 18808K->12616K(24732K), 0.0020609 secs] [Times: user=0.00 sys=0.00, real=0.00 secs] 
18.425: [GC 18.425: [ParNew: 7273K->840K(7616K), 0.0016047 secs] 19058K->13026K(24732K), 0.0017376 secs] [Times: user=0.01 sys=0.00, real=0.00 secs] 
18.431: [GC 18.431: [ParNew: 7346K->621K(7616K), 0.0014532 secs] 19532K->13174K(24732K), 0.0015264 secs] [Times: user=0.01 sys=0.00, real=0.00 secs] 
18.437: [GC 18.438: [ParNew: 7102K->1001K(7616K), 0.0017896 secs] 19655K->13833K(24732K), 0.0018741 secs] [Times: user=0.00 sys=0.00, real=0.01 secs] 
18.444: [GC 18.444: [ParNew: 7481K->374K(7616K), 0.0012979 secs] 20312K->13713K(24732K), 0.0013671 secs] [Times: user=0.00 sys=0.00, real=0.00 secs] 
18.450: [GC 18.450: [ParNew: 6858K->594K(7616K), 0.0009801 secs] 20196K->13933K(24732K), 0.0010395 secs] [Times: user=0.00 sys=0.00, real=0.00 secs] 
18.455: [GC 18.455: [ParNew: 7101K->537K(7616K), 0.0011725 secs] 20440K->14104K(24732K), 0.0012481 secs] [Times: user=0.00 sys=0.00, real=0.00 secs] 
18.461: [GC 18.461: [ParNew: 7015K->622K(7616K), 0.0012386 secs] 20582K->14190K(24732K), 0.0013036 secs] [Times: user=0.00 sys=0.00, real=0.00 secs] 
18.479: [GC 18.480: [ParNew: 7145K->1064K(7616K), 0.0017196 secs] 20712K->15039K(24732K), 0.0020154 secs] [Times: user=0.00 sys=0.00, real=0.00 secs] 
18.486: [GC 18.486: [ParNew: 7588K->621K(7616K), 0.0021195 secs] 21563K->15429K(24732K), 0.0021948 secs] [Times: user=0.00 sys=0.00, real=0.01 secs] 
18.493: [GC 18.493: [ParNew: 7120K->617K(7616K), 0.0015234 secs] 21928K->15888K(24732K), 0.0016349 secs] [Times: user=0.00 sys=0.00, real=0.00 secs] 
18.501: [GC 18.502: [ParNew: 7131K->564K(7616K), 0.0013296 secs] 22402K->16122K(24732K), 0.0014146 secs] [Times: user=0.00 sys=0.00, real=0.00 secs] 
18.507: [GC 18.507: [ParNew: 7058K->313K(7616K), 0.0012091 secs] 22616K->16100K(24732K), 0.0012668 secs] [Times: user=0.00 sys=0.00, real=0.01 secs] 
18.514: [GC 18.514: [ParNew: 6835K->677K(7616K), 0.0012184 secs] 22623K->16464K(24732K), 0.0012921 secs] [Times: user=0.01 sys=0.00, real=0.00 secs] 
18.519: [GC 18.520: [ParNew: 7107K->581K(7616K), 0.0013798 secs] 22894K->16544K(24732K), 0.0014792 secs] [Times: user=0.00 sys=0.00, real=0.00 secs] 
18.525: [GC 18.525: [ParNew: 7106K->930K(7616K), 0.0013624 secs] 23069K->17059K(24732K), 0.0014416 secs] [Times: user=0.00 sys=0.00, real=0.00 secs] 
18.531: [GC 18.531: [ParNew: 7445K->279K(7616K), 0.0016454 secs] 23574K->17080K(24732K), 0.0017160 secs] [Times: user=0.00 sys=0.00, real=0.00 secs] 
18.537: [GC 18.537: [ParNew: 6785K->865K(7616K), 0.0014245 secs] 23585K->17665K(24732K), 0.0015020 secs] [Times: user=0.00 sys=0.00, real=0.01 secs] 
18.545: [GC 18.545: [ParNew: 7323K->524K(7616K), 0.0015588 secs]18.546: [Tenured: 17330K->9249K(17500K), 0.0720512 secs] 24123K->9249K(25116K), [Perm : 10687K->10687K(21248K)], 0.0738826 secs] [Times: user=0.07 sys=0.00, real=0.08 secs] 
18.623: [GC 18.623: [ParNew: 6495K->486K(7616K), 0.0008529 secs] 15745K->9736K(24732K), 0.0009080 secs] [Times: user=0.00 sys=0.00, real=0.00 secs] 
18.629: [GC 18.629: [ParNew: 6978K->848K(7616K), 0.0011951 secs] 16228K->10098K(24732K), 0.0012646 secs] [Times: user=0.01 sys=0.00, real=0.00 secs] 
18.634: [GC 18.634: [ParNew: 7340K->502K(7616K), 0.0013450 secs] 16590K->10069K(24732K), 0.0014204 secs] [Times: user=0.00 sys=0.00, real=0.00 secs] 
18.640: [GC 18.640: [ParNew: 6986K->952K(7616K), 0.0013335 secs] 16553K->10519K(24732K), 0.0014038 secs] [Times: user=0.00 sys=0.00, real=0.00 secs] 
18.646: [GC 18.646: [ParNew: 7421K->763K(7616K), 0.0019099 secs] 16988K->10755K(24732K), 0.0019950 secs] [Times: user=0.00 sys=0.00, real=0.01 secs] 
18.652: [GC 18.652: [ParNew: 7275K->761K(7616K), 0.0017110 secs] 17267K->11113K(24732K), 0.0017851 secs] [Times: user=0.00 sys=0.00, real=0.00 secs] 
18.659: [GC 18.659: [ParNew: 7285K->859K(7616K), 0.0013035 secs] 17638K->11501K(24732K), 0.0013794 secs] [Times: user=0.00 sys=0.00, real=0.00 secs] 
18.665: [GC 18.665: [ParNew: 7386K->396K(7616K), 0.0012512 secs] 18028K->11447K(24732K), 0.0013183 secs] [Times: user=0.00 sys=0.00, real=0.00 secs] 
18.671: [GC 18.671: [ParNew: 6891K->942K(7616K), 0.0012321 secs] 17942K->11993K(24732K), 0.0012991 secs] [Times: user=0.00 sys=0.00, real=0.00 secs] 
18.679: [GC 18.679: [ParNew: 7449K->159K(7616K), 0.0012551 secs] 18500K->11832K(24732K), 0.0013237 secs] [Times: user=0.00 sys=0.00, real=0.00 secs] 
18.687: [GC 18.687: [ParNew: 6675K->350K(7616K), 0.0016635 secs] 18347K->12023K(24732K), 0.0017326 secs] [Times: user=0.01 sys=0.00, real=0.01 secs] 
18.692: [GC 18.692: [ParNew: 6854K->323K(7616K), 0.0008087 secs] 18527K->11996K(24732K), 0.0008579 secs] [Times: user=0.00 sys=0.00, real=0.00 secs] 
18.697: [GC 18.698: [ParNew: 6844K->448K(7616K), 0.0010270 secs] 18516K->12121K(24732K), 0.0010839 secs] [Times: user=0.00 sys=0.00, real=0.01 secs] 
18.703: [GC 18.703: [ParNew: 6963K->583K(7616K), 0.0015045 secs] 18636K->12256K(24732K), 0.0015737 secs] [Times: user=0.00 sys=0.00, real=0.00 secs] 
18.710: [GC 18.710: [ParNew: 7078K->959K(7616K), 0.0014491 secs] 18750K->12752K(24732K), 0.0015508 secs] [Times: user=0.00 sys=0.00, real=0.00 secs] 
18.716: [GC 18.716: [ParNew: 7461K->444K(7616K), 0.0018844 secs] 19255K->12784K(24732K), 0.0019650 secs] [Times: user=0.00 sys=0.00, real=0.01 secs] 
18.722: [GC 18.722: [ParNew: 6955K->320K(7616K), 0.0008664 secs] 19295K->12659K(24732K), 0.0009168 secs] [Times: user=0.00 sys=0.00, real=0.00 secs] 
18.727: [GC 18.727: [ParNew: 6820K->728K(7616K), 0.0013493 secs] 19159K->13068K(24732K), 0.0014308 secs] [Times: user=0.00 sys=0.00, real=0.01 secs] 
18.734: [GC 18.734: [ParNew: 7252K->1053K(7616K), 0.0017324 secs] 19592K->13940K(24732K), 0.0018233 secs] [Times: user=0.00 sys=0.00, real=0.00 secs] 
18.740: [GC 18.740: [ParNew: 7562K->275K(7616K), 0.0022662 secs] 20449K->13920K(24732K), 0.0023798 secs] [Times: user=0.00 sys=0.00, real=0.00 secs] 
18.748: [GC 18.748: [ParNew: 6789K->571K(7616K), 0.0009135 secs] 20434K->14216K(24732K), 0.0009861 secs] [Times: user=0.01 sys=0.00, real=0.01 secs] 
18.753: [GC 18.753: [ParNew: 7050K->578K(7616K), 0.0010140 secs] 20694K->14250K(24732K), 0.0010713 secs] [Times: user=0.00 sys=0.00, real=0.00 secs] 
18.757: [GC 18.758: [ParNew: 7071K->596K(7616K), 0.0013039 secs] 20743K->14513K(24732K), 0.0013698 secs] [Times: user=0.00 sys=0.00, real=0.01 secs] 
18.764: [GC 18.764: [ParNew: 7093K->1030K(7616K), 0.0015726 secs] 21010K->15174K(24732K), 0.0016642 secs] [Times: user=0.00 sys=0.00, real=0.00 secs] 
18.771: [GC 18.771: [ParNew: 7553K->598K(7616K), 0.0017222 secs] 21697K->15437K(24732K), 0.0017907 secs] [Times: user=0.00 sys=0.00, real=0.00 secs] 
18.777: [GC 18.777: [ParNew: 7094K->292K(7616K), 0.0013462 secs] 21933K->15728K(24732K), 0.0014155 secs] [Times: user=0.00 sys=0.00, real=0.01 secs] 
18.782: [GC 18.783: [ParNew: 6815K->408K(7616K), 0.0010161 secs] 22251K->15844K(24732K), 0.0010721 secs] [Times: user=0.00 sys=0.00, real=0.00 secs] 
18.788: [GC 18.788: [ParNew: 6932K->905K(7616K), 0.0014272 secs] 22368K->16341K(24732K), 0.0015011 secs] [Times: user=0.00 sys=0.00, real=0.00 secs] 
18.794: [GC 18.794: [ParNew: 7414K->186K(7616K), 0.0014799 secs] 22850K->16308K(24732K), 0.0015481 secs] [Times: user=0.00 sys=0.00, real=0.00 secs] 
18.800: [GC 18.800: [ParNew: 6714K->1065K(7616K), 0.0016569 secs] 22836K->17539K(24732K), 0.0017333 secs] [Times: user=0.01 sys=0.00, real=0.00 secs] 
18.806: [GC 18.807: [ParNew: 7567K->803K(7616K), 0.0017822 secs]18.808: [Tenured: 17260K->10114K(17308K), 0.0727983 secs] 24042K->10114K(24924K), [Perm : 10687K->10687K(21248K)], 0.0748367 secs] [Times: user=0.08 sys=0.01, real=0.08 secs] 
18.886: [GC 18.886: [ParNew: 6414K->859K(7616K), 0.0022361 secs] 16529K->10974K(24732K), 0.0023160 secs] [Times: user=0.01 sys=0.00, real=0.01 secs] 
18.893: [GC 18.893: [ParNew: 7362K->332K(7616K), 0.0033593 secs] 17477K->11153K(24732K), 0.0034270 secs] [Times: user=0.01 sys=0.00, real=0.00 secs] 
18.902: [GC 18.902: [ParNew: 6859K->515K(7616K), 0.0024386 secs] 17680K->11335K(24732K), 0.0026550 secs] [Times: user=0.00 sys=0.00, real=0.00 secs] 
18.909: [GC 18.909: [ParNew: 7019K->1045K(7616K), 0.0020065 secs] 17840K->11918K(24732K), 0.0020904 secs] [Times: user=0.00 sys=0.00, real=0.00 secs] 
18.916: [GC 18.916: [ParNew: 7567K->426K(7616K), 0.0016195 secs] 18440K->12245K(24732K), 0.0017120 secs] [Times: user=0.00 sys=0.00, real=0.00 secs] 
18.923: [GC 18.923: [ParNew: 6923K->674K(7616K), 0.0010067 secs] 18742K->12493K(24732K), 0.0010729 secs] [Times: user=0.00 sys=0.00, real=0.00 secs] 
18.928: [GC 18.928: [ParNew: 7132K->601K(7616K), 0.0013320 secs] 18951K->12658K(24732K), 0.0014149 secs] [Times: user=0.00 sys=0.00, real=0.00 secs] 
18.934: [GC 18.934: [ParNew: 7124K->1065K(7616K), 0.0017824 secs] 19180K->13451K(24732K), 0.0018575 secs] [Times: user=0.00 sys=0.00, real=0.00 secs] 
18.945: [GC 18.945: [ParNew: 7593K->469K(7616K), 0.0014861 secs] 19979K->13760K(24732K), 0.0015643 secs] [Times: user=0.00 sys=0.00, real=0.00 secs] 
18.951: [GC 18.951: [ParNew: 6992K->855K(7616K), 0.0014654 secs] 20283K->14146K(24732K), 0.0015577 secs] [Times: user=0.00 sys=0.00, real=0.00 secs] 
18.957: [GC 18.957: [ParNew: 7342K->715K(7616K), 0.0015732 secs] 20632K->14397K(24732K), 0.0016610 secs] [Times: user=0.00 sys=0.00, real=0.01 secs] 
18.965: [GC 18.965: [ParNew: 7154K->1049K(7616K), 0.0016684 secs] 20836K->15278K(24732K), 0.0017449 secs] [Times: user=0.01 sys=0.00, real=0.00 secs] 
18.971: [GC 18.971: [ParNew: 7577K->628K(7616K), 0.0016579 secs] 21806K->15454K(24732K), 0.0018716 secs] [Times: user=0.01 sys=0.00, real=0.00 secs] 
18.977: [GC 18.977: [ParNew: 7134K->304K(7616K), 0.0014247 secs] 21961K->15389K(24732K), 0.0015532 secs] [Times: user=0.01 sys=0.00, real=0.01 secs] 
18.984: [GC 18.984: [ParNew: 6809K->339K(7616K), 0.0010156 secs] 21894K->15424K(24732K), 0.0011563 secs] [Times: user=0.00 sys=0.00, real=0.00 secs] 
18.990: [GC 18.990: [ParNew: 6866K->1031K(7616K), 0.0014127 secs] 21951K->16116K(24732K), 0.0014888 secs] [Times: user=0.00 sys=0.00, real=0.00 secs] 
18.996: [GC 18.996: [ParNew: 7550K->541K(7616K), 0.0016865 secs] 22635K->16570K(24732K), 0.0017596 secs] [Times: user=0.00 sys=0.00, real=0.01 secs] 
19.002: [GC 19.002: [ParNew: 6987K->943K(7616K), 0.0015530 secs] 23016K->17137K(24732K), 0.0016264 secs] [Times: user=0.00 sys=0.00, real=0.00 secs] 
19.008: [GC 19.008: [ParNew: 7471K->318K(7616K), 0.0012547 secs] 23665K->16870K(24732K), 0.0013179 secs] [Times: user=0.00 sys=0.00, real=0.00 secs] 
19.014: [GC 19.015: [ParNew: 6827K->470K(7616K), 0.0009800 secs] 23379K->17022K(24732K), 0.0010819 secs] [Times: user=0.00 sys=0.00, real=0.00 secs] 
19.021: [GC 19.021: [ParNew: 6998K->650K(7616K), 0.0009692 secs] 23550K->17202K(24732K), 0.0010403 secs] [Times: user=0.00 sys=0.00, real=0.00 secs] 
19.026: [GC 19.026: [ParNew: 7159K->541K(7616K), 0.0011760 secs] 23711K->17208K(24732K), 0.0012485 secs] [Times: user=0.01 sys=0.00, real=0.00 secs] 
19.032: [GC 19.032: [ParNew: 7044K->1078K(7616K), 0.0015482 secs] 23712K->17879K(24732K), 0.0016389 secs] [Times: user=0.01 sys=0.00, real=0.00 secs] 
19.039: [GC 19.039: [ParNew: 7592K->1076K(7616K), 0.0016811 secs]19.041: [Tenured: 17338K->10145K(17500K), 0.0714669 secs] 24393K->10145K(25116K), [Perm : 10687K->10687K(21248K)], 0.0734101 secs] [Times: user=0.07 sys=0.00, real=0.07 secs] 
19.117: [GC 19.117: [ParNew: 6525K->656K(7616K), 0.0009893 secs] 16670K->10801K(24732K), 0.0010511 secs] [Times: user=0.00 sys=0.00, real=0.01 secs] 
19.122: [GC 19.123: [ParNew: 7184K->124K(7616K), 0.0016974 secs] 17329K->10906K(24732K), 0.0017714 secs] [Times: user=0.00 sys=0.00, real=0.00 secs] 
19.129: [GC 19.129: [ParNew: 6651K->294K(7616K), 0.0007681 secs] 17433K->11075K(24732K), 0.0008168 secs] [Times: user=0.00 sys=0.00, real=0.00 secs] 
19.136: [GC 19.136: [ParNew: 6820K->764K(7616K), 0.0027982 secs] 17602K->11546K(24732K), 0.0029066 secs] [Times: user=0.00 sys=0.00, real=0.01 secs] 
19.145: [GC 19.145: [ParNew: 7287K->284K(7616K), 0.0013726 secs] 18069K->11572K(24732K), 0.0014719 secs] [Times: user=0.00 sys=0.00, real=0.00 secs] 
19.152: [GC 19.152: [ParNew: 6803K->248K(7616K), 0.0023701 secs] 18090K->11535K(24732K), 0.0024464 secs] [Times: user=0.00 sys=0.00, real=0.00 secs] 
19.161: [GC 19.161: [ParNew: 6736K->501K(7616K), 0.0008578 secs] 18023K->11788K(24732K), 0.0009236 secs] [Times: user=0.01 sys=0.00, real=0.00 secs] 
19.166: [GC 19.166: [ParNew: 6897K->902K(7616K), 0.0012476 secs] 18184K->12189K(24732K), 0.0013703 secs] [Times: user=0.01 sys=0.00, real=0.01 secs] 
19.172: [GC 19.172: [ParNew: 7346K->862K(7616K), 0.0014878 secs] 18633K->12650K(24732K), 0.0015596 secs] [Times: user=0.01 sys=0.00, real=0.00 secs] 
19.180: [GC 19.180: [ParNew: 7346K->76K(7616K), 0.0015057 secs] 19134K->12595K(24732K), 0.0015765 secs] [Times: user=0.00 sys=0.00, real=0.00 secs] 
19.186: [GC 19.186: [ParNew: 6574K->532K(7616K), 0.0010811 secs] 19094K->13051K(24732K), 0.0011561 secs] [Times: user=0.00 sys=0.00, real=0.00 secs] 
19.196: [GC 19.196: [ParNew: 7060K->476K(7616K), 0.0009063 secs] 19579K->12995K(24732K), 0.0010181 secs] [Times: user=0.00 sys=0.00, real=0.00 secs] 
19.202: [GC 19.202: [ParNew: 6998K->568K(7616K), 0.0011182 secs] 19518K->13088K(24732K), 0.0011803 secs] [Times: user=0.00 sys=0.00, real=0.00 secs] 
19.211: [GC 19.211: [ParNew: 7090K->334K(7616K), 0.0012153 secs] 19610K->13175K(24732K), 0.0013925 secs] [Times: user=0.00 sys=0.00, real=0.00 secs] 
19.219: [GC 19.219: [ParNew: 6862K->560K(7616K), 0.0009548 secs] 19703K->13401K(24732K), 0.0010097 secs] [Times: user=0.00 sys=0.00, real=0.00 secs] 
19.224: [GC 19.225: [ParNew: 7083K->731K(7616K), 0.0015617 secs] 19924K->13887K(24732K), 0.0016371 secs] [Times: user=0.00 sys=0.00, real=0.00 secs] 
19.232: [GC 19.232: [ParNew: 7233K->1044K(7616K), 0.0015595 secs] 20390K->14601K(24732K), 0.0016302 secs] [Times: user=0.00 sys=0.00, real=0.00 secs] 
19.238: [GC 19.238: [ParNew: 7564K->425K(7616K), 0.0022545 secs] 21121K->14911K(24732K), 0.0023400 secs] [Times: user=0.00 sys=0.00, real=0.00 secs] 
19.244: [GC 19.245: [ParNew: 6935K->1034K(7616K), 0.0019604 secs] 21421K->15839K(24732K), 0.0020517 secs] [Times: user=0.00 sys=0.00, real=0.00 secs] 
19.253: [GC 19.253: [ParNew: 7553K->455K(7616K), 0.0015814 secs] 22358K->16283K(24732K), 0.0016545 secs] [Times: user=0.00 sys=0.00, real=0.00 secs] 
19.259: [GC 19.259: [ParNew: 6926K->851K(7616K), 0.0012068 secs] 22754K->16678K(24732K), 0.0012728 secs] [Times: user=0.00 sys=0.00, real=0.00 secs] 
19.266: [GC 19.266: [ParNew: 7346K->1049K(7616K), 0.0016148 secs] 23173K->17248K(24732K), 0.0016853 secs] [Times: user=0.00 sys=0.00, real=0.00 secs] 
19.273: [GC 19.273: [ParNew: 7577K->551K(7616K), 0.0022441 secs] 23776K->17656K(24732K), 0.0023355 secs] [Times: user=0.00 sys=0.00, real=0.00 secs] 
19.284: [GC 19.284: [ParNew: 7077K->248K(7616K), 0.0013821 secs]19.285: [Tenured: 17485K->8827K(17500K), 0.0720152 secs] 24181K->8827K(25116K), [Perm : 10688K->10688K(21248K)], 0.0737241 secs] [Times: user=0.07 sys=0.00, real=0.08 secs] 
19.364: [GC 19.364: [ParNew: 6528K->210K(7616K), 0.0007433 secs] 15355K->9037K(24732K), 0.0008074 secs] [Times: user=0.00 sys=0.00, real=0.00 secs] 
19.369: [GC 19.369: [ParNew: 6732K->298K(7616K), 0.0008155 secs] 15559K->9125K(24732K), 0.0008658 secs] [Times: user=0.00 sys=0.00, real=0.00 secs] 
19.373: [GC 19.373: [ParNew: 6798K->809K(7616K), 0.0013071 secs] 15625K->9636K(24732K), 0.0013766 secs] [Times: user=0.01 sys=0.00, real=0.00 secs] 
19.381: [GC 19.381: [ParNew: 7328K->123K(7616K), 0.0012406 secs] 16155K->9749K(24732K), 0.0013059 secs] [Times: user=0.01 sys=0.00, real=0.00 secs] 
19.391: [GC 19.391: [ParNew: 6603K->131K(7616K), 0.0006869 secs] 16229K->9757K(24732K), 0.0007721 secs] [Times: user=0.00 sys=0.00, real=0.00 secs] 
19.396: [GC 19.396: [ParNew: 6617K->293K(7616K), 0.0007777 secs] 16243K->9920K(24732K), 0.0008241 secs] [Times: user=0.00 sys=0.00, real=0.00 secs] 
19.403: [GC 19.403: [ParNew: 6805K->369K(7616K), 0.0012255 secs] 16431K->9995K(24732K), 0.0012821 secs] [Times: user=0.00 sys=0.00, real=0.00 secs] 
19.408: [GC 19.408: [ParNew: 6897K->416K(7616K), 0.0010739 secs] 16523K->10043K(24732K), 0.0011303 secs] [Times: user=0.00 sys=0.00, real=0.00 secs] 
19.413: [GC 19.413: [ParNew: 6944K->744K(7616K), 0.0014217 secs] 16571K->10370K(24732K), 0.0014898 secs] [Times: user=0.00 sys=0.00, real=0.00 secs] 
19.420: [GC 19.420: [ParNew: 7270K->426K(7616K), 0.0013501 secs] 16896K->10302K(24732K), 0.0014162 secs] [Times: user=0.00 sys=0.00, real=0.00 secs] 
19.425: [GC 19.425: [ParNew: 6936K->499K(7616K), 0.0016920 secs] 16812K->10376K(24732K), 0.0018412 secs] [Times: user=0.00 sys=0.00, real=0.00 secs] 
19.434: [GC 19.434: [ParNew: 7018K->539K(7616K), 0.0010951 secs] 16895K->10416K(24732K), 0.0012253 secs] [Times: user=0.00 sys=0.00, real=0.00 secs] 
19.442: [GC 19.442: [ParNew: 7055K->733K(7616K), 0.0009945 secs] 16931K->10609K(24732K), 0.0010544 secs] [Times: user=0.00 sys=0.00, real=0.00 secs] 
19.449: [GC 19.449: [ParNew: 7258K->702K(7616K), 0.0012090 secs] 17134K->10830K(24732K), 0.0012745 secs] [Times: user=0.00 sys=0.00, real=0.00 secs] 
19.455: [GC 19.455: [ParNew: 7220K->696K(7616K), 0.0014567 secs] 17349K->11027K(24732K), 0.0015341 secs] [Times: user=0.00 sys=0.00, real=0.00 secs] 
19.461: [GC 19.461: [ParNew: 7158K->579K(7616K), 0.0010653 secs] 17490K->10991K(24732K), 0.0011935 secs] [Times: user=0.00 sys=0.00, real=0.00 secs] 
19.467: [GC 19.467: [ParNew: 7102K->555K(7616K), 0.0011850 secs] 17514K->11045K(24732K), 0.0012465 secs] [Times: user=0.00 sys=0.00, real=0.01 secs] 
19.472: [GC 19.472: [ParNew: 7078K->667K(7616K), 0.0013795 secs] 17569K->11191K(24732K), 0.0014479 secs] [Times: user=0.01 sys=0.00, real=0.00 secs] 
19.479: [GC 19.479: [ParNew: 7195K->907K(7616K), 0.0012913 secs] 17719K->11551K(24732K), 0.0013881 secs] [Times: user=0.01 sys=0.00, real=0.00 secs] 
19.485: [GC 19.486: [ParNew: 7416K->669K(7616K), 0.0012713 secs] 18060K->11442K(24732K), 0.0013453 secs] [Times: user=0.00 sys=0.00, real=0.00 secs] 
19.491: [GC 19.491: [ParNew: 7159K->805K(7616K), 0.0014974 secs] 17932K->11821K(24732K), 0.0015836 secs] [Times: user=0.00 sys=0.00, real=0.00 secs] 
19.497: [GC 19.497: [ParNew: 7321K->689K(7616K), 0.0012429 secs] 18338K->11786K(24732K), 0.0013118 secs] [Times: user=0.00 sys=0.00, real=0.01 secs] 
19.502: [GC 19.502: [ParNew: 7209K->364K(7616K), 0.0012647 secs] 18307K->11773K(24732K), 0.0013312 secs] [Times: user=0.00 sys=0.00, real=0.00 secs] 
19.509: [GC 19.509: [ParNew: 6888K->944K(7616K), 0.0011249 secs] 18297K->12353K(24732K), 0.0011894 secs] [Times: user=0.00 sys=0.00, real=0.00 secs] 
19.514: [GC 19.514: [ParNew: 7469K->391K(7616K), 0.0016563 secs] 18877K->12623K(24732K), 0.0017301 secs] [Times: user=0.00 sys=0.00, real=0.00 secs] 
19.520: [GC 19.520: [ParNew: 6904K->1056K(7616K), 0.0014821 secs] 19137K->13590K(24732K), 0.0015565 secs] [Times: user=0.00 sys=0.00, real=0.00 secs] 
19.527: [GC 19.527: [ParNew: 7579K->336K(7616K), 0.0015310 secs] 20112K->13552K(24732K), 0.0016142 secs] [Times: user=0.00 sys=0.00, real=0.01 secs] 
19.533: [GC 19.533: [ParNew: 6861K->642K(7616K), 0.0012542 secs] 20077K->13859K(24732K), 0.0013177 secs] [Times: user=0.01 sys=0.00, real=0.00 secs] 
19.538: [GC 19.538: [ParNew: 7091K->392K(7616K), 0.0013959 secs] 20307K->13849K(24732K), 0.0014721 secs] [Times: user=0.00 sys=0.00, real=0.00 secs] 
19.545: [GC 19.545: [ParNew: 6852K->553K(7616K), 0.0010763 secs] 20309K->14010K(24732K), 0.0011655 secs] [Times: user=0.00 sys=0.00, real=0.00 secs] 
19.551: [GC 19.551: [ParNew: 7025K->1079K(7616K), 0.0016124 secs] 20483K->14713K(24732K), 0.0016959 secs] [Times: user=0.00 sys=0.00, real=0.00 secs] 
19.557: [GC 19.557: [ParNew: 7555K->265K(7616K), 0.0015296 secs] 21188K->14735K(24732K), 0.0016125 secs] [Times: user=0.00 sys=0.00, real=0.01 secs] 
19.563: [GC 19.563: [ParNew: 6742K->651K(7616K), 0.0011316 secs] 21212K->15121K(24732K), 0.0012006 secs] [Times: user=0.00 sys=0.00, real=0.00 secs] 
19.568: [GC 19.568: [ParNew: 7149K->416K(7616K), 0.0010860 secs] 21619K->15002K(24732K), 0.0011423 secs] [Times: user=0.00 sys=0.00, real=0.00 secs] 
19.573: [GC 19.573: [ParNew: 6943K->1016K(7616K), 0.0013819 secs] 21529K->15603K(24732K), 0.0014523 secs] [Times: user=0.00 sys=0.00, real=0.00 secs] 
19.580: [GC 19.580: [ParNew: 7477K->203K(7616K), 0.0013746 secs] 22064K->15484K(24732K), 0.0014605 secs] [Times: user=0.01 sys=0.00, real=0.00 secs] 
19.585: [GC 19.585: [ParNew: 6691K->875K(7616K), 0.0016926 secs] 21973K->16157K(24732K), 0.0017740 secs] [Times: user=0.01 sys=0.00, real=0.00 secs] 
19.591: [GC 19.591: [ParNew: 7403K->530K(7616K), 0.0014249 secs] 22685K->16358K(24732K), 0.0015116 secs] [Times: user=0.01 sys=0.00, real=0.00 secs] 
19.597: [GC 19.597: [ParNew: 7053K->683K(7616K), 0.0011113 secs] 22881K->16511K(24732K), 0.0011855 secs] [Times: user=0.00 sys=0.00, real=0.01 secs] 
19.603: [GC 19.603: [ParNew: 7200K->577K(7616K), 0.0012175 secs] 23027K->16685K(24732K), 0.0012875 secs] [Times: user=0.00 sys=0.00, real=0.00 secs] 
19.610: [GC 19.610: [ParNew: 7097K->513K(7616K), 0.0012160 secs] 23205K->16787K(24732K), 0.0014941 secs] [Times: user=0.00 sys=0.00, real=0.00 secs] 
19.616: [GC 19.616: [ParNew: 7037K->1027K(7616K), 0.0014241 secs] 23311K->17301K(24732K), 0.0015110 secs] [Times: user=0.00 sys=0.00, real=0.01 secs] 
19.623: [GC 19.623: [ParNew: 7554K->756K(7616K), 0.0015072 secs] 23828K->17512K(24732K), 0.0015874 secs] [Times: user=0.00 sys=0.00, real=0.00 secs] 
19.629: [GC 19.629: [ParNew: 7273K->1014K(7616K), 0.0018818 secs]19.631: [Tenured: 17152K->8780K(17308K), 0.0718066 secs] 24028K->8780K(24924K), [Perm : 10688K->10688K(21248K)], 0.0739626 secs] [Times: user=0.07 sys=0.00, real=0.07 secs] 
19.707: [GC 19.707: [ParNew: 6520K->926K(7616K), 0.0012605 secs] 15301K->9707K(24732K), 0.0013973 secs] [Times: user=0.00 sys=0.00, real=0.01 secs] 
19.715: [GC 19.715: [ParNew: 7454K->548K(7616K), 0.0025330 secs] 16235K->9857K(24732K), 0.0026436 secs] [Times: user=0.00 sys=0.00, real=0.00 secs] 
19.723: [GC 19.723: [ParNew: 7032K->776K(7616K), 0.0014445 secs] 16342K->10563K(24732K), 0.0015276 secs] [Times: user=0.00 sys=0.00, real=0.00 secs] 
19.729: [GC 19.729: [ParNew: 7283K->279K(7616K), 0.0014488 secs] 17070K->10732K(24732K), 0.0015261 secs] [Times: user=0.00 sys=0.00, real=0.00 secs] 
19.735: [GC 19.735: [ParNew: 6807K->368K(7616K), 0.0014951 secs] 17260K->10821K(24732K), 0.0017380 secs] [Times: user=0.00 sys=0.01, real=0.00 secs] 
19.742: [GC 19.742: [ParNew: 6869K->619K(7616K), 0.0010408 secs] 17322K->11072K(24732K), 0.0010970 secs] [Times: user=0.00 sys=0.00, real=0.00 secs] 
19.747: [GC 19.748: [ParNew: 7126K->960K(7616K), 0.0016070 secs] 17579K->11579K(24732K), 0.0016883 secs] [Times: user=0.00 sys=0.00, real=0.01 secs] 
19.754: [GC 19.754: [ParNew: 7462K->651K(7616K), 0.0016084 secs] 18080K->11862K(24732K), 0.0016929 secs] [Times: user=0.00 sys=0.00, real=0.00 secs] 
19.761: [GC 19.761: [ParNew: 7154K->632K(7616K), 0.0015835 secs] 18365K->12255K(24732K), 0.0016713 secs] [Times: user=0.01 sys=0.00, real=0.00 secs] 
19.767: [GC 19.767: [ParNew: 7148K->394K(7616K), 0.0011770 secs] 18772K->12342K(24732K), 0.0012416 secs] [Times: user=0.01 sys=0.00, real=0.01 secs] 
19.772: [GC 19.772: [ParNew: 6921K->632K(7616K), 0.0010368 secs] 18869K->12580K(24732K), 0.0010926 secs] [Times: user=0.00 sys=0.00, real=0.00 secs] 
19.777: [GC 19.777: [ParNew: 7131K->786K(7616K), 0.0012735 secs] 19079K->12847K(24732K), 0.0013450 secs] [Times: user=0.00 sys=0.00, real=0.01 secs] 
19.784: [GC 19.784: [ParNew: 7300K->492K(7616K), 0.0020728 secs] 19360K->12938K(24732K), 0.0021691 secs] [Times: user=0.00 sys=0.00, real=0.00 secs] 
19.790: [GC 19.790: [ParNew: 7002K->468K(7616K), 0.0009229 secs] 19448K->12913K(24732K), 0.0009789 secs] [Times: user=0.00 sys=0.00, real=0.00 secs] 
19.795: [GC 19.796: [ParNew: 6986K->526K(7616K), 0.0010844 secs] 19432K->12972K(24732K), 0.0011469 secs] [Times: user=0.00 sys=0.00, real=0.00 secs] 
19.801: [GC 19.801: [ParNew: 7022K->826K(7616K), 0.0012356 secs] 19467K->13271K(24732K), 0.0013086 secs] [Times: user=0.00 sys=0.00, real=0.00 secs] 
19.806: [GC 19.806: [ParNew: 7328K->642K(7616K), 0.0015385 secs] 19774K->13449K(24732K), 0.0016127 secs] [Times: user=0.01 sys=0.00, real=0.00 secs] 
19.812: [GC 19.812: [ParNew: 7154K->565K(7616K), 0.0017072 secs] 19960K->13502K(24732K), 0.0017829 secs] [Times: user=0.01 sys=0.00, real=0.00 secs] 
19.817: [GC 19.817: [ParNew: 7069K->530K(7616K), 0.0012249 secs] 20006K->13672K(24732K), 0.0012977 secs] [Times: user=0.00 sys=0.00, real=0.01 secs] 
19.822: [GC 19.822: [ParNew: 7056K->897K(7616K), 0.0015554 secs] 20198K->14039K(24732K), 0.0016449 secs] [Times: user=0.00 sys=0.00, real=0.00 secs] 
19.828: [GC 19.828: [ParNew: 7416K->1065K(7616K), 0.0019007 secs] 20558K->14847K(24732K), 0.0020398 secs] [Times: user=0.00 sys=0.01, real=0.00 secs] 
19.836: [GC 19.836: [ParNew: 7591K->513K(7616K), 0.0026615 secs] 21373K->15050K(24732K), 0.0027682 secs] [Times: user=0.00 sys=0.00, real=0.01 secs] 
19.844: [GC 19.844: [ParNew: 6969K->902K(7616K), 0.0019033 secs] 21506K->15439K(24732K), 0.0020031 secs] [Times: user=0.00 sys=0.00, real=0.00 secs] 
19.852: [GC 19.852: [ParNew: 7320K->472K(7616K), 0.0012610 secs] 21858K->15372K(24732K), 0.0013336 secs] [Times: user=0.00 sys=0.00, real=0.00 secs] 
19.858: [GC 19.858: [ParNew: 6953K->676K(7616K), 0.0013450 secs] 21853K->15576K(24732K), 0.0014232 secs] [Times: user=0.00 sys=0.00, real=0.00 secs] 
19.864: [GC 19.864: [ParNew: 7177K->370K(7616K), 0.0012119 secs] 22077K->15424K(24732K), 0.0012906 secs] [Times: user=0.00 sys=0.00, real=0.00 secs] 
19.870: [GC 19.870: [ParNew: 6898K->536K(7616K), 0.0009216 secs] 21952K->15590K(24732K), 0.0009782 secs] [Times: user=0.00 sys=0.00, real=0.00 secs] 
19.875: [GC 19.875: [ParNew: 6995K->461K(7616K), 0.0010224 secs] 22049K->15515K(24732K), 0.0010817 secs] [Times: user=0.01 sys=0.00, real=0.00 secs] 
19.881: [GC 19.881: [ParNew: 6956K->769K(7616K), 0.0011386 secs] 22010K->15823K(24732K), 0.0012272 secs] [Times: user=0.00 sys=0.00, real=0.00 secs] 
19.888: [GC 19.888: [ParNew: 7275K->602K(7616K), 0.0022857 secs] 22329K->16044K(24732K), 0.0023589 secs] [Times: user=0.00 sys=0.00, real=0.00 secs] 
19.895: [GC 19.895: [ParNew: 7125K->328K(7616K), 0.0010870 secs] 22567K->16027K(24732K), 0.0011482 secs] [Times: user=0.00 sys=0.00, real=0.00 secs] 
19.900: [GC 19.900: [ParNew: 6845K->300K(7616K), 0.0008428 secs] 22544K->15999K(24732K), 0.0008911 secs] [Times: user=0.00 sys=0.00, real=0.00 secs] 
19.905: [GC 19.905: [ParNew: 6824K->571K(7616K), 0.0009917 secs] 22523K->16271K(24732K), 0.0010472 secs] [Times: user=0.00 sys=0.00, real=0.00 secs] 
19.910: [GC 19.910: [ParNew: 7063K->597K(7616K), 0.0012456 secs] 22762K->16422K(24732K), 0.0013102 secs] [Times: user=0.01 sys=0.00, real=0.00 secs] 
19.918: [GC 19.918: [ParNew: 7064K->556K(7616K), 0.0017017 secs] 22889K->16487K(24732K), 0.0017737 secs] [Times: user=0.00 sys=0.00, real=0.00 secs] 
19.925: [GC 19.925: [ParNew: 7079K->401K(7616K), 0.0010331 secs] 23010K->16494K(24732K), 0.0010932 secs] [Times: user=0.01 sys=0.00, real=0.00 secs] 
19.931: [GC 19.931: [ParNew: 6899K->508K(7616K), 0.0010217 secs] 22992K->16601K(24732K), 0.0010845 secs] [Times: user=0.01 sys=0.01, real=0.00 secs] 
19.937: [GC 19.937: [ParNew: 6989K->548K(7616K), 0.0019219 secs] 23082K->16642K(24732K), 0.0019975 secs] [Times: user=0.00 sys=0.00, real=0.01 secs] 
19.943: [GC 19.943: [ParNew: 7076K->294K(7616K), 0.0008758 secs] 23170K->16544K(24732K), 0.0009253 secs] [Times: user=0.00 sys=0.00, real=0.00 secs] 
19.948: [GC 19.948: [ParNew: 6812K->374K(7616K), 0.0009180 secs] 23061K->16624K(24732K), 0.0009720 secs] [Times: user=0.00 sys=0.00, real=0.00 secs] 
19.953: [GC 19.953: [ParNew: 6898K->597K(7616K), 0.0011283 secs] 23147K->16847K(24732K), 0.0012002 secs] [Times: user=0.00 sys=0.00, real=0.00 secs] 
19.958: [GC 19.959: [ParNew: 7122K->610K(7616K), 0.0027911 secs] 23372K->16945K(24732K), 0.0028652 secs] [Times: user=0.00 sys=0.00, real=0.00 secs] 
19.966: [GC 19.966: [ParNew: 7107K->861K(7616K), 0.0013375 secs] 23441K->17287K(24732K), 0.0014351 secs] [Times: user=0.01 sys=0.00, real=0.01 secs] 
19.972: [GC 19.972: [ParNew: 7384K->375K(7616K), 0.0011760 secs] 23809K->17125K(24732K), 0.0012363 secs] [Times: user=0.00 sys=0.00, real=0.00 secs] 
19.979: [GC 19.979: [ParNew: 6900K->532K(7616K), 0.0009749 secs] 23651K->17282K(24732K), 0.0010387 secs] [Times: user=0.00 sys=0.00, real=0.00 secs] 
19.984: [GC 19.984: [ParNew: 7020K->774K(7616K), 0.0022890 secs] 23770K->17525K(24732K), 0.0023601 secs] [Times: user=0.00 sys=0.00, real=0.00 secs] 
19.990: [GC 19.990: [ParNew: 7277K->473K(7616K), 0.0012773 secs] 24028K->17462K(24732K), 0.0013442 secs] [Times: user=0.00 sys=0.00, real=0.00 secs] 
19.997: [GC 19.997: [ParNew: 6981K->1080K(7616K), 0.0017385 secs]19.999: [Tenured: 17171K->8503K(17308K), 0.0717255 secs] 23970K->8503K(24924K), [Perm : 10688K->10688K(21248K)], 0.0737620 secs] [Times: user=0.07 sys=0.00, real=0.08 secs] 
20.074: [GC 20.075: [ParNew: 6491K->415K(7616K), 0.0011893 secs] 14995K->8919K(24732K), 0.0012501 secs] [Times: user=0.00 sys=0.00, real=0.00 secs] 
20.080: [GC 20.080: [ParNew: 6939K->821K(7616K), 0.0012245 secs] 15443K->9325K(24732K), 0.0013014 secs] [Times: user=0.00 sys=0.00, real=0.00 secs] 
20.086: [GC 20.086: [ParNew: 7340K->744K(7616K), 0.0018984 secs] 15844K->9591K(24732K), 0.0019707 secs] [Times: user=0.01 sys=0.00, real=0.01 secs] 
20.092: [GC 20.092: [ParNew: 7249K->421K(7616K), 0.0012426 secs] 16095K->9679K(24732K), 0.0013117 secs] [Times: user=0.00 sys=0.00, real=0.00 secs] 
20.098: [GC 20.098: [ParNew: 6912K->758K(7616K), 0.0014475 secs] 16170K->10017K(24732K), 0.0015217 secs] [Times: user=0.00 sys=0.00, real=0.01 secs] 
20.105: [GC 20.105: [ParNew: 7286K->573K(7616K), 0.0014057 secs] 16545K->10204K(24732K), 0.0015041 secs] [Times: user=0.00 sys=0.00, real=0.00 secs] 
20.112: [GC 20.112: [ParNew: 7066K->218K(7616K), 0.0009982 secs] 16697K->10185K(24732K), 0.0010600 secs] [Times: user=0.00 sys=0.00, real=0.00 secs] 
20.117: [GC 20.117: [ParNew: 6736K->269K(7616K), 0.0007552 secs] 16703K->10236K(24732K), 0.0008017 secs] [Times: user=0.00 sys=0.00, real=0.01 secs] 
20.122: [GC 20.122: [ParNew: 6793K->742K(7616K), 0.0010851 secs] 16760K->10709K(24732K), 0.0015417 secs] [Times: user=0.00 sys=0.00, real=0.00 secs] 
20.127: [GC 20.127: [ParNew: 7250K->112K(7616K), 0.0012990 secs] 17216K->10770K(24732K), 0.0013707 secs] [Times: user=0.00 sys=0.00, real=0.01 secs] 
20.132: [GC 20.132: [ParNew: 6597K->383K(7616K), 0.0008543 secs] 17256K->11041K(24732K), 0.0009105 secs] [Times: user=0.00 sys=0.00, real=0.00 secs] 
20.138: [GC 20.138: [ParNew: 6888K->748K(7616K), 0.0015256 secs] 17546K->11407K(24732K), 0.0017410 secs] [Times: user=0.00 sys=0.00, real=0.00 secs] 
20.148: [GC 20.148: [ParNew: 7144K->154K(7616K), 0.0009188 secs] 17803K->11072K(24732K), 0.0009772 secs] [Times: user=0.00 sys=0.00, real=0.01 secs] 
20.154: [GC 20.154: [ParNew: 6659K->161K(7616K), 0.0006933 secs] 17577K->11079K(24732K), 0.0007409 secs] [Times: user=0.00 sys=0.00, real=0.00 secs] 
20.160: [GC 20.160: [ParNew: 6665K->415K(7616K), 0.0009880 secs] 17583K->11333K(24732K), 0.0010544 secs] [Times: user=0.00 sys=0.00, real=0.00 secs] 
20.165: [GC 20.165: [ParNew: 6929K->639K(7616K), 0.0015301 secs] 17847K->11556K(24732K), 0.0016066 secs] [Times: user=0.00 sys=0.00, real=0.00 secs] 
20.170: [GC 20.170: [ParNew: 7152K->377K(7616K), 0.0019059 secs] 18070K->11643K(24732K), 0.0019865 secs] [Times: user=0.00 sys=0.01, real=0.00 secs] 
20.177: [GC 20.177: [ParNew: 6893K->619K(7616K), 0.0010068 secs] 18159K->11885K(24732K), 0.0010663 secs] [Times: user=0.00 sys=0.00, real=0.01 secs] 
20.183: [GC 20.183: [ParNew: 7135K->899K(7616K), 0.0014757 secs] 18401K->12447K(24732K), 0.0015496 secs] [Times: user=0.01 sys=0.00, real=0.00 secs] 
20.193: [GC 20.193: [ParNew: 7427K->397K(7616K), 0.0015905 secs] 18975K->12800K(24732K), 0.0016633 secs] [Times: user=0.01 sys=0.00, real=0.00 secs] 
20.200: [GC 20.200: [ParNew: 6914K->632K(7616K), 0.0010926 secs] 19317K->13035K(24732K), 0.0011716 secs] [Times: user=0.01 sys=0.00, real=0.00 secs] 
20.205: [GC 20.205: [ParNew: 7112K->473K(7616K), 0.0010697 secs] 19516K->13090K(24732K), 0.0011299 secs] [Times: user=0.01 sys=0.00, real=0.00 secs] 
20.210: [GC 20.210: [ParNew: 6973K->396K(7616K), 0.0008949 secs] 19589K->13012K(24732K), 0.0009736 secs] [Times: user=0.00 sys=0.00, real=0.00 secs] 
20.216: [GC 20.216: [ParNew: 6909K->771K(7616K), 0.0011340 secs] 19526K->13388K(24732K), 0.0012219 secs] [Times: user=0.00 sys=0.00, real=0.00 secs] 
20.223: [GC 20.223: [ParNew: 7257K->503K(7616K), 0.0012762 secs] 19873K->13396K(24732K), 0.0013629 secs] [Times: user=0.00 sys=0.00, real=0.00 secs] 
20.229: [GC 20.229: [ParNew: 6995K->650K(7616K), 0.0010312 secs] 19888K->13542K(24732K), 0.0011110 secs] [Times: user=0.00 sys=0.00, real=0.00 secs] 
20.234: [GC 20.234: [ParNew: 7156K->364K(7616K), 0.0012849 secs] 20048K->13495K(24732K), 0.0014032 secs] [Times: user=0.00 sys=0.00, real=0.00 secs] 
20.240: [GC 20.240: [ParNew: 6836K->528K(7616K), 0.0013129 secs] 19967K->13659K(24732K), 0.0013831 secs] [Times: user=0.01 sys=0.00, real=0.00 secs] 
20.246: [GC 20.246: [ParNew: 7011K->420K(7616K), 0.0008428 secs] 20142K->13551K(24732K), 0.0008943 secs] [Times: user=0.00 sys=0.00, real=0.00 secs] 
20.251: [GC 20.251: [ParNew: 6943K->402K(7616K), 0.0008636 secs] 20074K->13532K(24732K), 0.0009175 secs] [Times: user=0.00 sys=0.00, real=0.00 secs] 
20.256: [GC 20.256: [ParNew: 6916K->409K(7616K), 0.0010016 secs] 20047K->13540K(24732K), 0.0011389 secs] [Times: user=0.00 sys=0.00, real=0.00 secs] 
20.261: [GC 20.261: [ParNew: 6900K->541K(7616K), 0.0013931 secs] 20031K->13672K(24732K), 0.0014683 secs] [Times: user=0.00 sys=0.00, real=0.00 secs] 
20.267: [GC 20.267: [ParNew: 7014K->613K(7616K), 0.0010205 secs] 20145K->13744K(24732K), 0.0010894 secs] [Times: user=0.00 sys=0.01, real=0.01 secs] 
20.274: [GC 20.274: [ParNew: 7134K->760K(7616K), 0.0011532 secs] 20265K->13981K(24732K), 0.0012171 secs] [Times: user=0.01 sys=0.00, real=0.00 secs] 
20.280: [GC 20.280: [ParNew: 7267K->393K(7616K), 0.0012212 secs] 20488K->13998K(24732K), 0.0012841 secs] [Times: user=0.01 sys=0.00, real=0.00 secs] 
20.286: [GC 20.286: [ParNew: 6913K->350K(7616K), 0.0013297 secs] 20518K->13955K(24732K), 0.0013998 secs] [Times: user=0.01 sys=0.00, real=0.00 secs] 
20.291: [GC 20.291: [ParNew: 6860K->357K(7616K), 0.0009646 secs] 20465K->13962K(24732K), 0.0010294 secs] [Times: user=0.00 sys=0.00, real=0.00 secs] 
20.295: [GC 20.296: [ParNew: 6874K->405K(7616K), 0.0012832 secs] 20479K->14010K(24732K), 0.0013473 secs] [Times: user=0.00 sys=0.00, real=0.00 secs] 
20.301: [GC 20.301: [ParNew: 6891K->1043K(7616K), 0.0015395 secs] 20495K->14648K(24732K), 0.0016153 secs] [Times: user=0.00 sys=0.00, real=0.00 secs] 
20.306: [GC 20.306: [ParNew: 7527K->127K(7616K), 0.0015647 secs] 21132K->14432K(24732K), 0.0017614 secs] [Times: user=0.00 sys=0.00, real=0.01 secs] 
20.315: [GC 20.316: [ParNew: 6632K->862K(7616K), 0.0013937 secs] 20938K->15168K(24732K), 0.0014908 secs] [Times: user=0.00 sys=0.00, real=0.00 secs] 
20.322: [GC 20.322: [ParNew: 7368K->259K(7616K), 0.0013521 secs] 21673K->15257K(24732K), 0.0014210 secs] [Times: user=0.00 sys=0.00, real=0.00 secs] 
20.330: [GC 20.330: [ParNew: 6771K->306K(7616K), 0.0011567 secs] 21770K->15305K(24732K), 0.0012149 secs] [Times: user=0.00 sys=0.00, real=0.00 secs] 
20.336: [GC 20.336: [ParNew: 6834K->631K(7616K), 0.0013613 secs] 21833K->15630K(24732K), 0.0014325 secs] [Times: user=0.00 sys=0.00, real=0.01 secs] 
20.344: [GC 20.344: [ParNew: 7071K->345K(7616K), 0.0015598 secs] 22070K->15587K(24732K), 0.0016365 secs] [Times: user=0.00 sys=0.00, real=0.00 secs] 
20.350: [GC 20.350: [ParNew: 6866K->632K(7616K), 0.0010570 secs] 22108K->15873K(24732K), 0.0011169 secs] [Times: user=0.00 sys=0.00, real=0.00 secs] 
20.356: [GC 20.356: [ParNew: 7157K->560K(7616K), 0.0012692 secs] 22398K->15914K(24732K), 0.0013393 secs] [Times: user=0.00 sys=0.00, real=0.00 secs] 
20.363: [GC 20.363: [ParNew: 7030K->351K(7616K), 0.0009071 secs] 22383K->15712K(24732K), 0.0009748 secs] [Times: user=0.00 sys=0.00, real=0.00 secs] 
20.368: [GC 20.368: [ParNew: 6852K->343K(7616K), 0.0010868 secs] 22213K->15704K(24732K), 0.0011589 secs] [Times: user=0.01 sys=0.00, real=0.01 secs] 
20.374: [GC 20.374: [ParNew: 6870K->472K(7616K), 0.0008859 secs] 22231K->15833K(24732K), 0.0009733 secs] [Times: user=0.00 sys=0.00, real=0.00 secs] 
20.380: [GC 20.380: [ParNew: 6971K->664K(7616K), 0.0009797 secs] 22332K->16025K(24732K), 0.0010559 secs] [Times: user=0.00 sys=0.00, real=0.00 secs] 
20.385: [GC 20.385: [ParNew: 7178K->885K(7616K), 0.0015199 secs] 22539K->16398K(24732K), 0.0017175 secs] [Times: user=0.00 sys=0.00, real=0.00 secs] 
20.393: [GC 20.393: [ParNew: 7390K->431K(7616K), 0.0012832 secs] 22903K->16379K(24732K), 0.0013781 secs] [Times: user=0.00 sys=0.00, real=0.00 secs] 
20.398: [GC 20.398: [ParNew: 6932K->452K(7616K), 0.0011158 secs] 22881K->16400K(24732K), 0.0011812 secs] [Times: user=0.00 sys=0.00, real=0.00 secs] 
20.403: [GC 20.403: [ParNew: 6966K->459K(7616K), 0.0011503 secs] 22914K->16407K(24732K), 0.0012136 secs] [Times: user=0.01 sys=0.00, real=0.00 secs] 
20.408: [GC 20.408: [ParNew: 6934K->465K(7616K), 0.0010732 secs] 22882K->16414K(24732K), 0.0011332 secs] [Times: user=0.00 sys=0.00, real=0.00 secs] 
20.415: [GC 20.415: [ParNew: 6948K->1087K(7616K), 0.0016517 secs] 22896K->17497K(24732K), 0.0017247 secs] [Times: user=0.00 sys=0.00, real=0.00 secs] 
20.421: [GC 20.421: [ParNew: 7533K->381K(7616K), 0.0016920 secs]20.422: [Tenured: 17298K->8716K(17308K), 0.0722400 secs] 23943K->8716K(24924K), [Perm : 10689K->10689K(21248K)], 0.0741686 secs] [Times: user=0.07 sys=0.00, real=0.07 secs] 
20.499: [GC 20.499: [ParNew: 6507K->443K(7616K), 0.0013844 secs] 15224K->9159K(24732K), 0.0014499 secs] [Times: user=0.00 sys=0.00, real=0.00 secs] 
20.504: [GC 20.504: [ParNew: 6885K->620K(7616K), 0.0015044 secs] 15601K->9337K(24732K), 0.0015739 secs] [Times: user=0.00 sys=0.00, real=0.00 secs] 
20.511: [GC 20.511: [ParNew: 7148K->762K(7616K), 0.0014937 secs] 15864K->9838K(24732K), 0.0015789 secs] [Times: user=0.00 sys=0.00, real=0.00 secs] 
20.516: [GC 20.516: [ParNew: 7251K->189K(7616K), 0.0012360 secs] 16328K->9603K(24732K), 0.0013005 secs] [Times: user=0.00 sys=0.00, real=0.00 secs] 
20.521: [GC 20.522: [ParNew: 6704K->439K(7616K), 0.0009090 secs] 16119K->9853K(24732K), 0.0009614 secs] [Times: user=0.00 sys=0.00, real=0.00 secs] 
20.527: [GC 20.527: [ParNew: 6939K->510K(7616K), 0.0009890 secs] 16353K->9925K(24732K), 0.0010541 secs] [Times: user=0.01 sys=0.00, real=0.01 secs] 
20.532: [GC 20.532: [ParNew: 7030K->991K(7616K), 0.0014105 secs] 16444K->10405K(24732K), 0.0015694 secs] [Times: user=0.00 sys=0.00, real=0.00 secs] 
20.538: [GC 20.539: [ParNew: 7515K->655K(7616K), 0.0016802 secs] 16929K->10624K(24732K), 0.0017620 secs] [Times: user=0.00 sys=0.00, real=0.00 secs] 
20.545: [GC 20.545: [ParNew: 7066K->316K(7616K), 0.0014405 secs] 17035K->10930K(24732K), 0.0015199 secs] [Times: user=0.00 sys=0.00, real=0.00 secs] 
20.550: [GC 20.550: [ParNew: 6823K->775K(7616K), 0.0013943 secs] 17437K->11389K(24732K), 0.0014629 secs] [Times: user=0.00 sys=0.00, real=0.00 secs] 
20.556: [GC 20.556: [ParNew: 7289K->994K(7616K), 0.0015817 secs] 17903K->11748K(24732K), 0.0016764 secs] [Times: user=0.00 sys=0.00, real=0.00 secs] 
20.562: [GC 20.562: [ParNew: 7506K->356K(7616K), 0.0017445 secs] 18260K->11836K(24732K), 0.0018219 secs] [Times: user=0.00 sys=0.00, real=0.00 secs] 
20.567: [GC 20.568: [ParNew: 6823K->413K(7616K), 0.0011988 secs] 18303K->11893K(24732K), 0.0012819 secs] [Times: user=0.00 sys=0.00, real=0.01 secs] 
20.572: [GC 20.573: [ParNew: 6929K->328K(7616K), 0.0011291 secs] 18409K->11808K(24732K), 0.0012471 secs] [Times: user=0.01 sys=0.00, real=0.00 secs] 
20.578: [GC 20.578: [ParNew: 6840K->269K(7616K), 0.0008369 secs] 18320K->11749K(24732K), 0.0008949 secs] [Times: user=0.00 sys=0.00, real=0.00 secs] 
20.583: [GC 20.583: [ParNew: 6793K->515K(7616K), 0.0013348 secs] 18273K->11994K(24732K), 0.0013904 secs] [Times: user=0.00 sys=0.00, real=0.00 secs] 
20.589: [GC 20.589: [ParNew: 7038K->966K(7616K), 0.0012575 secs] 18518K->12446K(24732K), 0.0013277 secs] [Times: user=0.00 sys=0.00, real=0.00 secs] 
20.595: [GC 20.595: [ParNew: 7486K->638K(7616K), 0.0016822 secs] 18966K->12572K(24732K), 0.0017569 secs] [Times: user=0.00 sys=0.00, real=0.00 secs] 
20.601: [GC 20.601: [ParNew: 7145K->570K(7616K), 0.0013549 secs] 19079K->12811K(24732K), 0.0014268 secs] [Times: user=0.00 sys=0.00, real=0.00 secs] 
20.607: [GC 20.607: [ParNew: 7065K->333K(7616K), 0.0010737 secs] 19305K->12819K(24732K), 0.0011356 secs] [Times: user=0.01 sys=0.00, real=0.01 secs] 
20.612: [GC 20.612: [ParNew: 6802K->546K(7616K), 0.0009296 secs] 19288K->13032K(24732K), 0.0009847 secs] [Times: user=0.01 sys=0.00, real=0.00 secs] 
20.620: [GC 20.620: [ParNew: 7072K->537K(7616K), 0.0017911 secs] 19557K->13186K(24732K), 0.0018881 secs] [Times: user=0.00 sys=0.00, real=0.00 secs] 
20.626: [GC 20.627: [ParNew: 7056K->622K(7616K), 0.0011086 secs] 19705K->13270K(24732K), 0.0012219 secs] [Times: user=0.00 sys=0.00, real=0.01 secs] 
20.632: [GC 20.632: [ParNew: 7117K->683K(7616K), 0.0014384 secs] 19766K->13459K(24732K), 0.0015082 secs] [Times: user=0.00 sys=0.00, real=0.00 secs] 
20.638: [GC 20.639: [ParNew: 7203K->545K(7616K), 0.0010279 secs] 19979K->13463K(24732K), 0.0011030 secs] [Times: user=0.00 sys=0.00, real=0.00 secs] 
20.645: [GC 20.645: [ParNew: 7015K->854K(7616K), 0.0017520 secs] 19933K->13772K(24732K), 0.0018223 secs] [Times: user=0.00 sys=0.00, real=0.00 secs] 
20.652: [GC 20.652: [ParNew: 7326K->705K(7616K), 0.0011845 secs] 20244K->13820K(24732K), 0.0012648 secs] [Times: user=0.00 sys=0.00, real=0.00 secs] 
20.657: [GC 20.657: [ParNew: 7203K->962K(7616K), 0.0013832 secs] 20318K->14157K(24732K), 0.0014553 secs] [Times: user=0.00 sys=0.00, real=0.01 secs] 
20.663: [GC 20.663: [ParNew: 7490K->207K(7616K), 0.0012890 secs] 20685K->14178K(24732K), 0.0013666 secs] [Times: user=0.00 sys=0.00, real=0.00 secs] 
20.673: [GC 20.673: [ParNew: 6710K->332K(7616K), 0.0012212 secs] 20680K->14303K(24732K), 0.0012909 secs] [Times: user=0.00 sys=0.00, real=0.00 secs] 
20.678: [GC 20.679: [ParNew: 6797K->339K(7616K), 0.0011574 secs] 20767K->14309K(24732K), 0.0012147 secs] [Times: user=0.00 sys=0.00, real=0.00 secs] 
20.684: [GC 20.684: [ParNew: 6861K->457K(7616K), 0.0009168 secs] 20831K->14427K(24732K), 0.0009717 secs] [Times: user=0.01 sys=0.00, real=0.00 secs] 
20.691: [GC 20.691: [ParNew: 6957K->476K(7616K), 0.0010006 secs] 20927K->14446K(24732K), 0.0010892 secs] [Times: user=0.01 sys=0.00, real=0.00 secs] 
20.696: [GC 20.696: [ParNew: 6991K->461K(7616K), 0.0010919 secs] 20962K->14431K(24732K), 0.0011606 secs] [Times: user=0.00 sys=0.00, real=0.00 secs] 
20.701: [GC 20.701: [ParNew: 6971K->740K(7616K), 0.0012314 secs] 20941K->14710K(24732K), 0.0012963 secs] [Times: user=0.00 sys=0.00, real=0.00 secs] 
20.707: [GC 20.707: [ParNew: 7267K->409K(7616K), 0.0012295 secs] 21238K->14598K(24732K), 0.0012920 secs] [Times: user=0.00 sys=0.00, real=0.01 secs] 
20.712: [GC 20.712: [ParNew: 6912K->414K(7616K), 0.0011191 secs] 21102K->14604K(24732K), 0.0011781 secs] [Times: user=0.00 sys=0.01, real=0.00 secs] 
20.717: [GC 20.717: [ParNew: 6935K->1034K(7616K), 0.0015091 secs] 21125K->15223K(24732K), 0.0015794 secs] [Times: user=0.00 sys=0.00, real=0.01 secs] 
20.723: [GC 20.724: [ParNew: 7561K->115K(7616K), 0.0013270 secs] 21750K->15032K(24732K), 0.0014091 secs] [Times: user=0.00 sys=0.00, real=0.00 secs] 
20.729: [GC 20.729: [ParNew: 6598K->452K(7616K), 0.0009346 secs] 21515K->15369K(24732K), 0.0009890 secs] [Times: user=0.00 sys=0.00, real=0.00 secs] 
20.735: [GC 20.735: [ParNew: 6972K->599K(7616K), 0.0019642 secs] 21889K->15516K(24732K), 0.0020495 secs] [Times: user=0.00 sys=0.00, real=0.00 secs] 
20.743: [GC 20.743: [ParNew: 7121K->621K(7616K), 0.0014278 secs] 22038K->15926K(24732K), 0.0015672 secs] [Times: user=0.01 sys=0.00, real=0.00 secs] 
20.749: [GC 20.749: [ParNew: 7098K->563K(7616K), 0.0011939 secs] 22403K->16015K(24732K), 0.0012688 secs] [Times: user=0.00 sys=0.00, real=0.00 secs] 
20.754: [GC 20.754: [ParNew: 7072K->651K(7616K), 0.0013690 secs] 22523K->16254K(24732K), 0.0014349 secs] [Times: user=0.00 sys=0.00, real=0.00 secs] 
20.760: [GC 20.760: [ParNew: 7176K->269K(7616K), 0.0012558 secs] 22779K->16179K(24732K), 0.0013232 secs] [Times: user=0.00 sys=0.00, real=0.00 secs] 
20.765: [GC 20.765: [ParNew: 6738K->691K(7616K), 0.0011826 secs] 22648K->16601K(24732K), 0.0012589 secs] [Times: user=0.00 sys=0.00, real=0.00 secs] 
20.770: [GC 20.771: [ParNew: 7217K->349K(7616K), 0.0019382 secs] 23127K->16858K(24732K), 0.0020272 secs] [Times: user=0.00 sys=0.00, real=0.00 secs] 
20.778: [GC 20.778: [ParNew: 6839K->397K(7616K), 0.0010112 secs] 23349K->16907K(24732K), 0.0010717 secs] [Times: user=0.00 sys=0.00, real=0.01 secs] 
20.783: [GC 20.783: [ParNew: 6919K->534K(7616K), 0.0013814 secs] 23428K->17043K(24732K), 0.0014470 secs] [Times: user=0.01 sys=0.00, real=0.00 secs] 
20.790: [GC 20.790: [ParNew: 7056K->807K(7616K), 0.0010109 secs] 23566K->17316K(24732K), 0.0010851 secs] [Times: user=0.00 sys=0.00, real=0.00 secs] 
20.797: [GC 20.797: [ParNew: 7225K->314K(7616K), 0.0011014 secs] 23735K->17258K(24732K), 0.0011799 secs] [Times: user=0.00 sys=0.01, real=0.01 secs] 
20.803: [GC 20.803: [ParNew: 6792K->454K(7616K), 0.0008897 secs] 23736K->17398K(24732K), 0.0009449 secs] [Times: user=0.00 sys=0.00, real=0.00 secs] 
20.808: [GC 20.809: [ParNew: 6919K->702K(7616K), 0.0011057 secs] 23864K->17647K(24732K), 0.0011707 secs] [Times: user=0.00 sys=0.00, real=0.00 secs] 
20.814: [GC 20.814: [ParNew: 7226K->544K(7616K), 0.0013200 secs]20.815: [Tenured: 17110K->8873K(17116K), 0.0722951 secs] 24170K->8873K(24732K), [Perm : 10689K->10689K(21248K)], 0.0737527 secs] [Times: user=0.07 sys=0.00, real=0.07 secs] 
20.894: [GC 20.894: [ParNew: 6513K->714K(7616K), 0.0010952 secs] 15387K->9588K(24732K), 0.0011751 secs] [Times: user=0.01 sys=0.00, real=0.00 secs] 
20.899: [GC 20.899: [ParNew: 7232K->277K(7616K), 0.0014968 secs] 16105K->9712K(24732K), 0.0015698 secs] [Times: user=0.00 sys=0.00, real=0.00 secs] 
20.904: [GC 20.904: [ParNew: 6768K->437K(7616K), 0.0010783 secs] 16203K->9872K(24732K), 0.0011360 secs] [Times: user=0.00 sys=0.00, real=0.00 secs] 
20.912: [GC 20.912: [ParNew: 6899K->760K(7616K), 0.0010615 secs] 16333K->10194K(24732K), 0.0011291 secs] [Times: user=0.00 sys=0.00, real=0.00 secs] 
20.917: [GC 20.917: [ParNew: 7267K->454K(7616K), 0.0012828 secs] 16701K->10207K(24732K), 0.0013493 secs] [Times: user=0.00 sys=0.00, real=0.01 secs] 
20.922: [GC 20.922: [ParNew: 6941K->514K(7616K), 0.0013906 secs] 16694K->10267K(24732K), 0.0014581 secs] [Times: user=0.00 sys=0.00, real=0.00 secs] 
20.927: [GC 20.927: [ParNew: 7039K->640K(7616K), 0.0010824 secs] 16792K->10393K(24732K), 0.0011425 secs] [Times: user=0.00 sys=0.00, real=0.01 secs] 
20.932: [GC 20.932: [ParNew: 7051K->509K(7616K), 0.0010777 secs] 16804K->10391K(24732K), 0.0011379 secs] [Times: user=0.01 sys=0.00, real=0.00 secs] 
20.938: [GC 20.938: [ParNew: 6961K->895K(7616K), 0.0011595 secs] 16842K->10777K(24732K), 0.0012305 secs] [Times: user=0.00 sys=0.00, real=0.00 secs] 
20.945: [GC 20.945: [ParNew: 7399K->226K(7616K), 0.0012984 secs] 17281K->10622K(24732K), 0.0013636 secs] [Times: user=0.00 sys=0.00, real=0.00 secs] 
20.951: [GC 20.951: [ParNew: 6726K->548K(7616K), 0.0012122 secs] 17122K->10944K(24732K), 0.0012746 secs] [Times: user=0.00 sys=0.00, real=0.00 secs] 
20.962: [GC 20.962: [ParNew: 6984K->331K(7616K), 0.0010286 secs] 17381K->10782K(24732K), 0.0010870 secs] [Times: user=0.00 sys=0.00, real=0.00 secs] 
20.968: [GC 20.968: [ParNew: 6856K->727K(7616K), 0.0010854 secs] 17307K->11177K(24732K), 0.0012052 secs] [Times: user=0.00 sys=0.00, real=0.00 secs] 
20.974: [GC 20.974: [ParNew: 7238K->1021K(7616K), 0.0013349 secs] 17688K->11596K(24732K), 0.0014048 secs] [Times: user=0.00 sys=0.00, real=0.00 secs] 
20.980: [GC 20.980: [ParNew: 7510K->38K(7616K), 0.0017117 secs] 18086K->11609K(24732K), 0.0017821 secs] [Times: user=0.00 sys=0.00, real=0.00 secs] 
20.986: [GC 20.986: [ParNew: 6510K->191K(7616K), 0.0016298 secs] 18081K->11762K(24732K), 0.0016954 secs] [Times: user=0.00 sys=0.00, real=0.01 secs] 
20.993: [GC 20.993: [ParNew: 6718K->244K(7616K), 0.0008545 secs] 18289K->11815K(24732K), 0.0009164 secs] [Times: user=0.00 sys=0.00, real=0.00 secs] 
20.998: [GC 20.998: [ParNew: 6767K->289K(7616K), 0.0008747 secs] 18338K->11860K(24732K), 0.0009242 secs] [Times: user=0.00 sys=0.00, real=0.00 secs] 
21.003: [GC 21.003: [ParNew: 6809K->317K(7616K), 0.0009883 secs] 18380K->11888K(24732K), 0.0010399 secs] [Times: user=0.00 sys=0.00, real=0.00 secs] 
21.009: [GC 21.009: [ParNew: 6833K->1069K(7616K), 0.0015009 secs] 18404K->12958K(24732K), 0.0015721 secs] [Times: user=0.00 sys=0.00, real=0.00 secs] 
21.016: [GC 21.016: [ParNew: 7528K->126K(7616K), 0.0014947 secs] 19418K->12695K(24732K), 0.0015772 secs] [Times: user=0.00 sys=0.00, real=0.00 secs] 
21.023: [GC 21.023: [ParNew: 6595K->653K(7616K), 0.0011959 secs] 19164K->13222K(24732K), 0.0012660 secs] [Times: user=0.00 sys=0.00, real=0.00 secs] 
21.029: [GC 21.029: [ParNew: 7179K->646K(7616K), 0.0018572 secs] 19748K->13786K(24732K), 0.0020142 secs] [Times: user=0.00 sys=0.00, real=0.00 secs] 
21.036: [GC 21.036: [ParNew: 7174K->400K(7616K), 0.0016626 secs] 20313K->14105K(24732K), 0.0017375 secs] [Times: user=0.00 sys=0.00, real=0.01 secs] 
21.042: [GC 21.042: [ParNew: 6913K->561K(7616K), 0.0012333 secs] 20617K->14265K(24732K), 0.0012958 secs] [Times: user=0.01 sys=0.00, real=0.00 secs] 
21.048: [GC 21.048: [ParNew: 7050K->474K(7616K), 0.0013915 secs] 20755K->14502K(24732K), 0.0014602 secs] [Times: user=0.00 sys=0.00, real=0.01 secs] 
21.053: [GC 21.053: [ParNew: 6979K->961K(7616K), 0.0016517 secs] 21007K->15120K(24732K), 0.0017304 secs] [Times: user=0.00 sys=0.00, real=0.00 secs] 
21.059: [GC 21.059: [ParNew: 7489K->419K(7616K), 0.0017113 secs] 21648K->15264K(24732K), 0.0017867 secs] [Times: user=0.00 sys=0.00, real=0.00 secs] 
21.065: [GC 21.065: [ParNew: 6937K->453K(7616K), 0.0011170 secs] 21782K->15298K(24732K), 0.0011740 secs] [Times: user=0.00 sys=0.00, real=0.00 secs] 
21.072: [GC 21.072: [ParNew: 6960K->837K(7616K), 0.0011115 secs] 21805K->15682K(24732K), 0.0011979 secs] [Times: user=0.00 sys=0.00, real=0.00 secs] 
21.077: [GC 21.077: [ParNew: 7349K->667K(7616K), 0.0014813 secs] 22194K->15706K(24732K), 0.0015552 secs] [Times: user=0.00 sys=0.00, real=0.01 secs] 
21.084: [GC 21.084: [ParNew: 7168K->377K(7616K), 0.0010788 secs] 22208K->15720K(24732K), 0.0011596 secs] [Times: user=0.01 sys=0.00, real=0.00 secs] 
21.091: [GC 21.091: [ParNew: 6891K->816K(7616K), 0.0010521 secs] 22234K->16159K(24732K), 0.0011251 secs] [Times: user=0.00 sys=0.00, real=0.00 secs] 
21.097: [GC 21.097: [ParNew: 7322K->404K(7616K), 0.0014829 secs] 22664K->16190K(24732K), 0.0015507 secs] [Times: user=0.00 sys=0.00, real=0.01 secs] 
21.103: [GC 21.103: [ParNew: 6888K->815K(7616K), 0.0011639 secs] 22674K->16601K(24732K), 0.0012471 secs] [Times: user=0.00 sys=0.00, real=0.00 secs] 
21.109: [GC 21.109: [ParNew: 7316K->714K(7616K), 0.0010332 secs] 23102K->16547K(24732K), 0.0011039 secs] [Times: user=0.00 sys=0.00, real=0.00 secs] 
21.115: [GC 21.115: [ParNew: 7221K->604K(7616K), 0.0015042 secs] 23055K->16813K(24732K), 0.0015869 secs] [Times: user=0.00 sys=0.00, real=0.00 secs] 
21.121: [GC 21.121: [ParNew: 7102K->412K(7616K), 0.0013962 secs] 23311K->16820K(24732K), 0.0014569 secs] [Times: user=0.00 sys=0.00, real=0.00 secs] 
21.128: [GC 21.128: [ParNew: 6918K->425K(7616K), 0.0010911 secs] 23327K->16833K(24732K), 0.0011616 secs] [Times: user=0.00 sys=0.00, real=0.01 secs] 
21.133: [GC 21.133: [ParNew: 6947K->594K(7616K), 0.0009756 secs] 23355K->17002K(24732K), 0.0010341 secs] [Times: user=0.01 sys=0.00, real=0.00 secs] 
21.139: [GC 21.139: [ParNew: 7106K->497K(7616K), 0.0009902 secs] 23514K->16988K(24732K), 0.0010467 secs] [Times: user=0.00 sys=0.00, real=0.00 secs] 
21.144: [GC 21.144: [ParNew: 6987K->1055K(7616K), 0.0017233 secs] 23477K->17714K(24732K), 0.0018553 secs] [Times: user=0.00 sys=0.00, real=0.00 secs] 
21.151: [GC 21.152: [ParNew: 7559K->471K(7616K), 0.0013970 secs]21.153: [Tenured: 17252K->8223K(17308K), 0.0710625 secs] 24219K->8223K(24924K), [Perm : 10689K->10689K(21248K)], 0.0727362 secs] [Times: user=0.07 sys=0.01, real=0.07 secs] 
21.231: [GC 21.231: [ParNew: 6500K->269K(7616K), 0.0008970 secs] 14724K->8492K(24732K), 0.0009775 secs] [Times: user=0.00 sys=0.00, real=0.00 secs] 
21.236: [GC 21.236: [ParNew: 6775K->429K(7616K), 0.0022344 secs] 14998K->8653K(24732K), 0.0023045 secs] [Times: user=0.01 sys=0.00, real=0.01 secs] 
21.243: [GC 21.243: [ParNew: 6913K->724K(7616K), 0.0011050 secs] 15137K->8947K(24732K), 0.0011677 secs] [Times: user=0.01 sys=0.00, real=0.00 secs] 
21.248: [GC 21.248: [ParNew: 7173K->376K(7616K), 0.0012770 secs] 15397K->8790K(24732K), 0.0013403 secs] [Times: user=0.00 sys=0.00, real=0.01 secs] 
21.254: [GC 21.254: [ParNew: 6761K->880K(7616K), 0.0016460 secs] 15174K->9294K(24732K), 0.0017168 secs] [Times: user=0.00 sys=0.00, real=0.00 secs] 
21.260: [GC 21.260: [ParNew: 7392K->251K(7616K), 0.0010773 secs] 15805K->9173K(24732K), 0.0011415 secs] [Times: user=0.00 sys=0.00, real=0.00 secs] 
21.269: [GC 21.269: [ParNew: 6770K->418K(7616K), 0.0010799 secs] 15693K->9340K(24732K), 0.0011486 secs] [Times: user=0.00 sys=0.00, real=0.00 secs] 
21.276: [GC 21.277: [ParNew: 6943K->522K(7616K), 0.0008693 secs] 15866K->9444K(24732K), 0.0009409 secs] [Times: user=0.00 sys=0.00, real=0.00 secs] 
21.282: [GC 21.282: [ParNew: 7050K->623K(7616K), 0.0013836 secs] 15972K->9545K(24732K), 0.0014741 secs] [Times: user=0.00 sys=0.00, real=0.00 secs] 
21.289: [GC 21.289: [ParNew: 7119K->894K(7616K), 0.0011699 secs] 16041K->9981K(24732K), 0.0012385 secs] [Times: user=0.00 sys=0.00, real=0.00 secs] 
21.294: [GC 21.294: [ParNew: 7414K->480K(7616K), 0.0017114 secs] 16501K->10006K(24732K), 0.0017842 secs] [Times: user=0.00 sys=0.00, real=0.00 secs] 
21.300: [GC 21.300: [ParNew: 7004K->771K(7616K), 0.0011041 secs] 16531K->10297K(24732K), 0.0011746 secs] [Times: user=0.00 sys=0.00, real=0.00 secs] 
21.305: [GC 21.305: [ParNew: 7276K->503K(7616K), 0.0016060 secs] 16802K->10263K(24732K), 0.0016780 secs] [Times: user=0.01 sys=0.00, real=0.00 secs] 
21.312: [GC 21.312: [ParNew: 7024K->439K(7616K), 0.0008160 secs] 16784K->10199K(24732K), 0.0008696 secs] [Times: user=0.00 sys=0.00, real=0.00 secs] 
21.318: [GC 21.318: [ParNew: 6898K->318K(7616K), 0.0007505 secs] 16657K->10077K(24732K), 0.0007983 secs] [Times: user=0.00 sys=0.00, real=0.00 secs] 
21.323: [GC 21.323: [ParNew: 6806K->653K(7616K), 0.0011273 secs] 16565K->10412K(24732K), 0.0011899 secs] [Times: user=0.00 sys=0.00, real=0.00 secs] 
21.327: [GC 21.328: [ParNew: 7150K->426K(7616K), 0.0011624 secs] 16910K->10335K(24732K), 0.0012357 secs] [Times: user=0.00 sys=0.00, real=0.01 secs] 
21.333: [GC 21.333: [ParNew: 6897K->954K(7616K), 0.0013811 secs] 16806K->10863K(24732K), 0.0014520 secs] [Times: user=0.00 sys=0.00, real=0.00 secs] 
21.340: [GC 21.340: [ParNew: 7476K->337K(7616K), 0.0013378 secs] 17385K->10878K(24732K), 0.0014195 secs] [Times: user=0.01 sys=0.00, real=0.00 secs] 
21.347: [GC 21.347: [ParNew: 6858K->992K(7616K), 0.0013671 secs] 17398K->11533K(24732K), 0.0014383 secs] [Times: user=0.01 sys=0.00, real=0.01 secs] 
21.354: [GC 21.354: [ParNew: 7502K->343K(7616K), 0.0012013 secs] 18042K->11348K(24732K), 0.0012961 secs] [Times: user=0.00 sys=0.00, real=0.00 secs] 
21.359: [GC 21.359: [ParNew: 6818K->297K(7616K), 0.0007980 secs] 17823K->11302K(24732K), 0.0008476 secs] [Times: user=0.00 sys=0.00, real=0.00 secs] 
21.365: [GC 21.365: [ParNew: 6787K->691K(7616K), 0.0010755 secs] 17791K->11696K(24732K), 0.0011561 secs] [Times: user=0.00 sys=0.00, real=0.00 secs] 
21.371: [GC 21.371: [ParNew: 7195K->960K(7616K), 0.0015332 secs] 18200K->12320K(24732K), 0.0016194 secs] [Times: user=0.00 sys=0.00, real=0.00 secs] 
21.378: [GC 21.378: [ParNew: 7467K->277K(7616K), 0.0009612 secs] 18828K->11932K(24732K), 0.0010362 secs] [Times: user=0.00 sys=0.00, real=0.00 secs] 
21.384: [GC 21.384: [ParNew: 6792K->718K(7616K), 0.0013606 secs] 18447K->12373K(24732K), 0.0014319 secs] [Times: user=0.00 sys=0.00, real=0.00 secs] 
21.390: [GC 21.390: [ParNew: 7241K->356K(7616K), 0.0012792 secs] 18896K->12425K(24732K), 0.0013440 secs] [Times: user=0.00 sys=0.00, real=0.00 secs] 
21.395: [GC 21.396: [ParNew: 6822K->1030K(7616K), 0.0014749 secs] 18891K->13233K(24732K), 0.0015441 secs] [Times: user=0.00 sys=0.00, real=0.00 secs] 
21.401: [GC 21.401: [ParNew: 7557K->291K(7616K), 0.0012209 secs] 19759K->13065K(24732K), 0.0012889 secs] [Times: user=0.00 sys=0.00, real=0.00 secs] 
21.407: [GC 21.407: [ParNew: 6746K->889K(7616K), 0.0012619 secs] 19519K->13662K(24732K), 0.0013339 secs] [Times: user=0.00 sys=0.00, real=0.01 secs] 
21.414: [GC 21.414: [ParNew: 7389K->467K(7616K), 0.0013371 secs] 20162K->13794K(24732K), 0.0014277 secs] [Times: user=0.00 sys=0.00, real=0.00 secs] 
21.419: [GC 21.419: [ParNew: 6979K->693K(7616K), 0.0012339 secs] 20306K->14020K(24732K), 0.0013038 secs] [Times: user=0.00 sys=0.00, real=0.00 secs] 
21.428: [GC 21.428: [ParNew: 7161K->380K(7616K), 0.0013541 secs] 20488K->13949K(24732K), 0.0014222 secs] [Times: user=0.00 sys=0.00, real=0.00 secs] 
21.434: [GC 21.434: [ParNew: 6881K->446K(7616K), 0.0009544 secs] 20450K->14015K(24732K), 0.0010641 secs] [Times: user=0.00 sys=0.00, real=0.00 secs] 
21.441: [GC 21.441: [ParNew: 6902K->690K(7616K), 0.0009734 secs] 20471K->14259K(24732K), 0.0010361 secs] [Times: user=0.00 sys=0.00, real=0.00 secs] 
21.446: [GC 21.447: [ParNew: 7211K->464K(7616K), 0.0012288 secs] 20780K->14274K(24732K), 0.0012893 secs] [Times: user=0.00 sys=0.00, real=0.01 secs] 
21.452: [GC 21.452: [ParNew: 6983K->418K(7616K), 0.0009233 secs] 20793K->14228K(24732K), 0.0009801 secs] [Times: user=0.00 sys=0.00, real=0.00 secs] 
21.458: [GC 21.458: [ParNew: 6885K->873K(7616K), 0.0011446 secs] 20695K->14683K(24732K), 0.0012271 secs] [Times: user=0.01 sys=0.00, real=0.00 secs] 
21.467: [GC 21.467: [ParNew: 7353K->338K(7616K), 0.0012094 secs] 21163K->14651K(24732K), 0.0012869 secs] [Times: user=0.01 sys=0.00, real=0.01 secs] 
21.472: [GC 21.472: [ParNew: 6853K->367K(7616K), 0.0009400 secs] 21166K->14680K(24732K), 0.0009925 secs] [Times: user=0.00 sys=0.00, real=0.00 secs] 
21.481: [GC 21.481: [ParNew: 6874K->519K(7616K), 0.0008914 secs] 21187K->14832K(24732K), 0.0009648 secs] [Times: user=0.00 sys=0.00, real=0.00 secs] 
21.485: [GC 21.485: [ParNew: 7027K->526K(7616K), 0.0017418 secs] 21340K->14839K(24732K), 0.0018355 secs] [Times: user=0.00 sys=0.00, real=0.00 secs] 
21.493: [GC 21.493: [ParNew: 7016K->536K(7616K), 0.0010152 secs] 21329K->14849K(24732K), 0.0010731 secs] [Times: user=0.00 sys=0.00, real=0.00 secs] 
21.499: [GC 21.499: [ParNew: 7064K->961K(7616K), 0.0016186 secs] 21377K->15432K(24732K), 0.0016903 secs] [Times: user=0.00 sys=0.00, real=0.00 secs] 
21.506: [GC 21.506: [ParNew: 7484K->105K(7616K), 0.0014170 secs] 21955K->15388K(24732K), 0.0015036 secs] [Times: user=0.00 sys=0.00, real=0.00 secs] 
21.511: [GC 21.511: [ParNew: 6623K->143K(7616K), 0.0011957 secs] 21906K->15426K(24732K), 0.0012497 secs] [Times: user=0.00 sys=0.00, real=0.00 secs] 
21.516: [GC 21.516: [ParNew: 6558K->555K(7616K), 0.0010593 secs] 21841K->15838K(24732K), 0.0011193 secs] [Times: user=0.01 sys=0.00, real=0.00 secs] 
21.521: [GC 21.521: [ParNew: 7082K->763K(7616K), 0.0011637 secs] 22365K->16070K(24732K), 0.0012325 secs] [Times: user=0.01 sys=0.00, real=0.00 secs] 
21.528: [GC 21.528: [ParNew: 7271K->782K(7616K), 0.0014123 secs] 22577K->16330K(24732K), 0.0015017 secs] [Times: user=0.00 sys=0.00, real=0.01 secs] 
21.533: [GC 21.533: [ParNew: 7244K->133K(7616K), 0.0013852 secs] 22791K->16216K(24732K), 0.0014544 secs] [Times: user=0.00 sys=0.00, real=0.00 secs] 
21.541: [GC 21.541: [ParNew: 6615K->563K(7616K), 0.0009483 secs] 22698K->16645K(24732K), 0.0010242 secs] [Times: user=0.00 sys=0.00, real=0.00 secs] 
21.546: [GC 21.546: [ParNew: 7023K->784K(7616K), 0.0012020 secs] 23106K->16930K(24732K), 0.0012814 secs] [Times: user=0.00 sys=0.00, real=0.00 secs] 
21.554: [GC 21.554: [ParNew: 7298K->298K(7616K), 0.0011937 secs] 23443K->16877K(24732K), 0.0012612 secs] [Times: user=0.00 sys=0.00, real=0.00 secs] 
21.561: [GC 21.561: [ParNew: 6787K->306K(7616K), 0.0007517 secs] 23366K->16885K(24732K), 0.0008184 secs] [Times: user=0.01 sys=0.00, real=0.00 secs] 
21.565: [GC 21.566: [ParNew: 6828K->235K(7616K), 0.0011500 secs] 23407K->16814K(24732K), 0.0012164 secs] [Times: user=0.00 sys=0.00, real=0.00 secs] 
21.570: [GC 21.570: [ParNew: 6723K->645K(7616K), 0.0011404 secs] 23302K->17224K(24732K), 0.0012041 secs] [Times: user=0.00 sys=0.00, real=0.00 secs] 
21.577: [GC 21.577: [ParNew: 7056K->430K(7616K), 0.0011400 secs] 23635K->17170K(24732K), 0.0012042 secs] [Times: user=0.00 sys=0.00, real=0.01 secs] 
21.583: [GC 21.583: [ParNew: 6870K->274K(7616K), 0.0010142 secs] 23610K->17014K(24732K), 0.0010774 secs] [Times: user=0.00 sys=0.00, real=0.00 secs] 
21.589: [GC 21.589: [ParNew: 6777K->652K(7616K), 0.0019444 secs] 23518K->17393K(24732K), 0.0020246 secs] [Times: user=0.00 sys=0.00, real=0.00 secs] 
21.595: [GC 21.595: [ParNew: 7173K->563K(7616K), 0.0013834 secs] 23914K->17415K(24732K), 0.0014513 secs] [Times: user=0.00 sys=0.00, real=0.00 secs] 
21.603: [GC 21.603: [ParNew: 7086K->839K(7616K), 0.0014327 secs] 23938K->17768K(24732K), 0.0015327 secs] [Times: user=0.00 sys=0.01, real=0.00 secs] 
21.609: [GC 21.609: [ParNew: 7365K->851K(7616K), 0.0015502 secs]21.611: [Tenured: 17227K->8213K(17308K), 0.0713213 secs] 24294K->8213K(24924K), [Perm : 10689K->10689K(21248K)], 0.0731591 secs] [Times: user=0.07 sys=0.00, real=0.07 secs] 
21.688: [GC 21.688: [ParNew: 6509K->796K(7616K), 0.0010817 secs] 14723K->9010K(24732K), 0.0011541 secs] [Times: user=0.00 sys=0.00, real=0.00 secs] 
21.694: [GC 21.694: [ParNew: 7324K->163K(7616K), 0.0014838 secs] 15538K->9012K(24732K), 0.0015717 secs] [Times: user=0.00 sys=0.00, real=0.00 secs] 
21.701: [GC 21.701: [ParNew: 6621K->647K(7616K), 0.0012111 secs] 15470K->9496K(24732K), 0.0013252 secs] [Times: user=0.01 sys=0.00, real=0.00 secs] 
21.709: [GC 21.709: [ParNew: 7175K->345K(7616K), 0.0012311 secs] 16024K->9757K(24732K), 0.0013313 secs] [Times: user=0.01 sys=0.00, real=0.00 secs] 
21.717: [GC 21.717: [ParNew: 6873K->803K(7616K), 0.0010445 secs] 16285K->10215K(24732K), 0.0011236 secs] [Times: user=0.01 sys=0.00, real=0.01 secs] 
21.722: [GC 21.722: [ParNew: 7295K->388K(7616K), 0.0011735 secs] 16707K->10012K(24732K), 0.0012488 secs] [Times: user=0.01 sys=0.00, real=0.00 secs] 
21.727: [GC 21.727: [ParNew: 6846K->992K(7616K), 0.0016923 secs] 16469K->10615K(24732K), 0.0017664 secs] [Times: user=0.00 sys=0.00, real=0.01 secs] 
21.734: [GC 21.734: [ParNew: 7481K->172K(7616K), 0.0012666 secs] 17105K->10442K(24732K), 0.0013480 secs] [Times: user=0.00 sys=0.00, real=0.00 secs] 
21.740: [GC 21.740: [ParNew: 6695K->265K(7616K), 0.0008149 secs] 16965K->10535K(24732K), 0.0008641 secs] [Times: user=0.00 sys=0.00, real=0.00 secs] 
21.745: [GC 21.745: [ParNew: 6745K->476K(7616K), 0.0009399 secs] 17015K->10746K(24732K), 0.0010055 secs] [Times: user=0.00 sys=0.00, real=0.00 secs] 
21.751: [GC 21.751: [ParNew: 6986K->509K(7616K), 0.0010003 secs] 17256K->10779K(24732K), 0.0010589 secs] [Times: user=0.00 sys=0.00, real=0.00 secs] 
21.756: [GC 21.756: [ParNew: 7022K->447K(7616K), 0.0010838 secs] 17292K->10717K(24732K), 0.0011443 secs] [Times: user=0.00 sys=0.00, real=0.00 secs] 
21.761: [GC 21.761: [ParNew: 6962K->772K(7616K), 0.0015287 secs] 17232K->11042K(24732K), 0.0016134 secs] [Times: user=0.01 sys=0.01, real=0.00 secs] 
21.769: [GC 21.769: [ParNew: 7296K->1068K(7616K), 0.0031237 secs] 17566K->11866K(24732K), 0.0032051 secs] [Times: user=0.01 sys=0.00, real=0.00 secs] 
21.776: [GC 21.776: [ParNew: 7571K->186K(7616K), 0.0015081 secs] 18369K->11963K(24732K), 0.0015802 secs] [Times: user=0.01 sys=0.00, real=0.01 secs] 
21.786: [GC 21.786: [ParNew: 6714K->326K(7616K), 0.0015656 secs] 18491K->12103K(24732K), 0.0016746 secs] [Times: user=0.00 sys=0.00, real=0.00 secs] 
21.792: [GC 21.792: [ParNew: 6847K->365K(7616K), 0.0012985 secs] 18624K->12143K(24732K), 0.0013615 secs] [Times: user=0.00 sys=0.00, real=0.00 secs] 
21.799: [GC 21.799: [ParNew: 6876K->1050K(7616K), 0.0014417 secs] 18653K->12933K(24732K), 0.0015347 secs] [Times: user=0.00 sys=0.00, real=0.00 secs] 
21.805: [GC 21.805: [ParNew: 7571K->234K(7616K), 0.0019015 secs] 19454K->13032K(24732K), 0.0019837 secs] [Times: user=0.00 sys=0.00, real=0.00 secs] 
21.811: [GC 21.811: [ParNew: 6748K->535K(7616K), 0.0010674 secs] 19545K->13332K(24732K), 0.0011257 secs] [Times: user=0.00 sys=0.00, real=0.00 secs] 
21.817: [GC 21.817: [ParNew: 7021K->737K(7616K), 0.0011473 secs] 19818K->13534K(24732K), 0.0012121 secs] [Times: user=0.00 sys=0.00, real=0.01 secs] 
21.823: [GC 21.823: [ParNew: 7265K->293K(7616K), 0.0012215 secs] 20062K->13541K(24732K), 0.0012851 secs] [Times: user=0.00 sys=0.00, real=0.00 secs] 
21.828: [GC 21.828: [ParNew: 6813K->600K(7616K), 0.0013534 secs] 20061K->13848K(24732K), 0.0014175 secs] [Times: user=0.00 sys=0.00, real=0.00 secs] 
21.833: [GC 21.834: [ParNew: 7126K->222K(7616K), 0.0010001 secs] 20375K->13669K(24732K), 0.0010569 secs] [Times: user=0.00 sys=0.00, real=0.00 secs] 
21.839: [GC 21.839: [ParNew: 6741K->438K(7616K), 0.0010237 secs] 20188K->13885K(24732K), 0.0010807 secs] [Times: user=0.00 sys=0.00, real=0.00 secs] 
21.845: [GC 21.845: [ParNew: 6890K->480K(7616K), 0.0009632 secs] 20337K->13927K(24732K), 0.0011014 secs] [Times: user=0.01 sys=0.00, real=0.00 secs] 
21.850: [GC 21.850: [ParNew: 6984K->534K(7616K), 0.0015430 secs] 20431K->13981K(24732K), 0.0016385 secs] [Times: user=0.00 sys=0.00, real=0.00 secs] 
21.855: [GC 21.855: [ParNew: 7040K->770K(7616K), 0.0012741 secs] 20487K->14217K(24732K), 0.0013448 secs] [Times: user=0.00 sys=0.00, real=0.00 secs] 
21.861: [GC 21.861: [ParNew: 7241K->534K(7616K), 0.0015281 secs] 20688K->14307K(24732K), 0.0016158 secs] [Times: user=0.00 sys=0.01, real=0.00 secs] 
21.867: [GC 21.867: [ParNew: 7040K->507K(7616K), 0.0012331 secs] 20814K->14280K(24732K), 0.0013100 secs] [Times: user=0.00 sys=0.00, real=0.01 secs] 
21.872: [GC 21.872: [ParNew: 7006K->678K(7616K), 0.0014608 secs] 20779K->14452K(24732K), 0.0015298 secs] [Times: user=0.00 sys=0.00, real=0.00 secs] 
21.878: [GC 21.878: [ParNew: 7049K->768K(7616K), 0.0015140 secs] 20822K->14737K(24732K), 0.0015881 secs] [Times: user=0.01 sys=0.00, real=0.01 secs] 
21.883: [GC 21.883: [ParNew: 7242K->439K(7616K), 0.0014797 secs] 21210K->14743K(24732K), 0.0015785 secs] [Times: user=0.01 sys=0.00, real=0.00 secs] 
21.897: [GC 21.897: [ParNew: 6967K->460K(7616K), 0.0013225 secs] 21270K->14763K(24732K), 0.0014010 secs] [Times: user=0.00 sys=0.00, real=0.01 secs] 
21.903: [GC 21.903: [ParNew: 6980K->471K(7616K), 0.0010972 secs] 21283K->14774K(24732K), 0.0011553 secs] [Times: user=0.01 sys=0.00, real=0.00 secs] 
21.910: [GC 21.910: [ParNew: 6985K->711K(7616K), 0.0011938 secs] 21289K->15014K(24732K), 0.0012618 secs] [Times: user=0.01 sys=0.00, real=0.00 secs] 
21.915: [GC 21.915: [ParNew: 7236K->850K(7616K), 0.0014717 secs] 21540K->15322K(24732K), 0.0015451 secs] [Times: user=0.01 sys=0.00, real=0.00 secs] 
21.922: [GC 21.922: [ParNew: 7378K->372K(7616K), 0.0011380 secs] 21850K->15272K(24732K), 0.0012046 secs] [Times: user=0.01 sys=0.00, real=0.00 secs] 
21.927: [GC 21.927: [ParNew: 6885K->453K(7616K), 0.0009793 secs] 21785K->15352K(24732K), 0.0010355 secs] [Times: user=0.00 sys=0.00, real=0.01 secs] 
21.933: [GC 21.933: [ParNew: 6922K->705K(7616K), 0.0009946 secs] 21821K->15604K(24732K), 0.0010814 secs] [Times: user=0.00 sys=0.00, real=0.00 secs] 
21.939: [GC 21.939: [ParNew: 7215K->285K(7616K), 0.0010484 secs] 22115K->15444K(24732K), 0.0011055 secs] [Times: user=0.00 sys=0.00, real=0.00 secs] 
21.944: [GC 21.944: [ParNew: 6803K->398K(7616K), 0.0012511 secs] 21962K->15557K(24732K), 0.0013185 secs] [Times: user=0.00 sys=0.00, real=0.00 secs] 
21.949: [GC 21.949: [ParNew: 6898K->825K(7616K), 0.0013127 secs] 22057K->15984K(24732K), 0.0013800 secs] [Times: user=0.00 sys=0.00, real=0.00 secs] 
21.956: [GC 21.956: [ParNew: 7304K->973K(7616K), 0.0017542 secs] 22464K->16470K(24732K), 0.0018773 secs] [Times: user=0.01 sys=0.00, real=0.00 secs] 
21.964: [GC 21.964: [ParNew: 7454K->346K(7616K), 0.0017147 secs] 22952K->16677K(24732K), 0.0017926 secs] [Times: user=0.00 sys=0.01, real=0.00 secs] 
21.970: [GC 21.970: [ParNew: 6844K->738K(7616K), 0.0011434 secs] 23175K->17069K(24732K), 0.0012110 secs] [Times: user=0.00 sys=0.00, real=0.00 secs] 
21.975: [GC 21.975: [ParNew: 7230K->542K(7616K), 0.0016257 secs] 23561K->17151K(24732K), 0.0016942 secs] [Times: user=0.00 sys=0.00, real=0.00 secs] 
21.981: [GC 21.981: [ParNew: 7065K->773K(7616K), 0.0012066 secs] 23674K->17383K(24732K), 0.0012704 secs] [Times: user=0.00 sys=0.00, real=0.00 secs] 
21.987: [GC 21.987: [ParNew: 7232K->904K(7616K), 0.0013780 secs] 23842K->17764K(24732K), 0.0014512 secs] [Times: user=0.00 sys=0.00, real=0.01 secs] 
21.993: [GC 21.993: [ParNew: 7407K->302K(7616K), 0.0010847 secs]21.994: [Tenured: 17173K->8269K(17308K), 0.0706996 secs] 24267K->8269K(24924K), [Perm : 10691K->10691K(21248K)], 0.0720376 secs] [Times: user=0.07 sys=0.00, real=0.07 secs] 
22.069: [GC 22.069: [ParNew: 6514K->279K(7616K), 0.0010530 secs] 14784K->8548K(24732K), 0.0011130 secs] [Times: user=0.01 sys=0.00, real=0.00 secs] 
22.075: [GC 22.075: [ParNew: 6786K->468K(7616K), 0.0008203 secs] 15055K->8738K(24732K), 0.0008730 secs] [Times: user=0.00 sys=0.00, real=0.00 secs] 
22.081: [GC 22.081: [ParNew: 6993K->714K(7616K), 0.0009905 secs] 15262K->8983K(24732K), 0.0011008 secs] [Times: user=0.00 sys=0.00, real=0.00 secs] 
22.087: [GC 22.087: [ParNew: 7210K->504K(7616K), 0.0012133 secs] 15480K->8982K(24732K), 0.0012853 secs] [Times: user=0.00 sys=0.00, real=0.01 secs] 
22.092: [GC 22.092: [ParNew: 7005K->384K(7616K), 0.0009198 secs] 15484K->8863K(24732K), 0.0009737 secs] [Times: user=0.00 sys=0.00, real=0.00 secs] 
22.098: [GC 22.098: [ParNew: 6877K->693K(7616K), 0.0012722 secs] 15356K->9171K(24732K), 0.0013488 secs] [Times: user=0.01 sys=0.00, real=0.00 secs] 
22.103: [GC 22.103: [ParNew: 7183K->544K(7616K), 0.0011475 secs] 15662K->9219K(24732K), 0.0012127 secs] [Times: user=0.00 sys=0.00, real=0.00 secs] 
22.109: [GC 22.109: [ParNew: 7072K->515K(7616K), 0.0009933 secs] 15747K->9190K(24732K), 0.0010534 secs] [Times: user=0.01 sys=0.00, real=0.00 secs] 
22.115: [GC 22.115: [ParNew: 7017K->782K(7616K), 0.0013267 secs] 15692K->9457K(24732K), 0.0014080 secs] [Times: user=0.00 sys=0.00, real=0.00 secs] 
22.121: [GC 22.121: [ParNew: 7302K->477K(7616K), 0.0012584 secs] 15977K->9536K(24732K), 0.0013230 secs] [Times: user=0.00 sys=0.00, real=0.00 secs] 
22.127: [GC 22.127: [ParNew: 6975K->491K(7616K), 0.0009849 secs] 16035K->9551K(24732K), 0.0010455 secs] [Times: user=0.00 sys=0.00, real=0.00 secs] 
22.132: [GC 22.132: [ParNew: 7006K->662K(7616K), 0.0011288 secs] 16065K->9722K(24732K), 0.0011903 secs] [Times: user=0.00 sys=0.00, real=0.00 secs] 
22.139: [GC 22.139: [ParNew: 7160K->695K(7616K), 0.0012138 secs] 16220K->10005K(24732K), 0.0013189 secs] [Times: user=0.00 sys=0.00, real=0.00 secs] 
22.145: [GC 22.145: [ParNew: 7219K->510K(7616K), 0.0011736 secs] 16529K->10016K(24732K), 0.0012347 secs] [Times: user=0.00 sys=0.00, real=0.00 secs] 
22.150: [GC 22.150: [ParNew: 7017K->556K(7616K), 0.0009761 secs] 16523K->10062K(24732K), 0.0010314 secs] [Times: user=0.00 sys=0.00, real=0.00 secs] 
22.155: [GC 22.155: [ParNew: 7078K->538K(7616K), 0.0013424 secs] 16584K->10210K(24732K), 0.0014135 secs] [Times: user=0.00 sys=0.00, real=0.00 secs] 
22.161: [GC 22.161: [ParNew: 7039K->533K(7616K), 0.0010292 secs] 16710K->10204K(24732K), 0.0011020 secs] [Times: user=0.00 sys=0.00, real=0.00 secs] 
22.166: [GC 22.166: [ParNew: 7041K->666K(7616K), 0.0014026 secs] 16713K->10338K(24732K), 0.0014850 secs] [Times: user=0.01 sys=0.00, real=0.00 secs] 
22.171: [GC 22.172: [ParNew: 7191K->498K(7616K), 0.0010237 secs] 16863K->10342K(24732K), 0.0010932 secs] [Times: user=0.00 sys=0.00, real=0.00 secs] 
22.176: [GC 22.176: [ParNew: 7010K->654K(7616K), 0.0015404 secs] 16854K->10497K(24732K), 0.0016196 secs] [Times: user=0.00 sys=0.00, real=0.01 secs] 
22.182: [GC 22.182: [ParNew: 7135K->657K(7616K), 0.0013207 secs] 16979K->10713K(24732K), 0.0013909 secs] [Times: user=0.00 sys=0.00, real=0.00 secs] 
22.188: [GC 22.188: [ParNew: 7130K->881K(7616K), 0.0011083 secs] 17187K->11049K(24732K), 0.0014173 secs] [Times: user=0.00 sys=0.00, real=0.00 secs] 
22.194: [GC 22.194: [ParNew: 7390K->211K(7616K), 0.0011672 secs] 17557K->10913K(24732K), 0.0012311 secs] [Times: user=0.00 sys=0.00, real=0.00 secs] 
22.199: [GC 22.199: [ParNew: 6726K->687K(7616K), 0.0014471 secs] 17428K->11389K(24732K), 0.0015731 secs] [Times: user=0.00 sys=0.00, real=0.00 secs] 
22.205: [GC 22.205: [ParNew: 7181K->103K(7616K), 0.0010915 secs] 17883K->11275K(24732K), 0.0011517 secs] [Times: user=0.01 sys=0.00, real=0.00 secs] 
22.210: [GC 22.210: [ParNew: 6602K->171K(7616K), 0.0007229 secs] 17775K->11343K(24732K), 0.0007719 secs] [Times: user=0.00 sys=0.00, real=0.00 secs] 
22.215: [GC 22.215: [ParNew: 6665K->749K(7616K), 0.0010560 secs] 17838K->11922K(24732K), 0.0011183 secs] [Times: user=0.00 sys=0.00, real=0.00 secs] 
22.220: [GC 22.220: [ParNew: 7228K->405K(7616K), 0.0013927 secs] 18401K->12127K(24732K), 0.0014624 secs] [Times: user=0.00 sys=0.00, real=0.00 secs] 
22.225: [GC 22.226: [ParNew: 6932K->635K(7616K), 0.0013454 secs] 18653K->12357K(24732K), 0.0014071 secs] [Times: user=0.00 sys=0.00, real=0.00 secs] 
22.231: [GC 22.231: [ParNew: 7148K->389K(7616K), 0.0012703 secs] 18870K->12483K(24732K), 0.0013749 secs] [Times: user=0.00 sys=0.00, real=0.00 secs] 
22.236: [GC 22.236: [ParNew: 6877K->347K(7616K), 0.0008806 secs] 18971K->12441K(24732K), 0.0009278 secs] [Times: user=0.01 sys=0.00, real=0.00 secs] 
22.241: [GC 22.241: [ParNew: 6845K->441K(7616K), 0.0011921 secs] 18939K->12535K(24732K), 0.0012552 secs] [Times: user=0.00 sys=0.00, real=0.00 secs] 
22.246: [GC 22.247: [ParNew: 6964K->498K(7616K), 0.0010258 secs] 19058K->12592K(24732K), 0.0010919 secs] [Times: user=0.00 sys=0.00, real=0.01 secs] 
22.251: [GC 22.251: [ParNew: 6956K->595K(7616K), 0.0011301 secs] 19050K->12689K(24732K), 0.0012118 secs] [Times: user=0.00 sys=0.00, real=0.00 secs] 
22.256: [GC 22.256: [ParNew: 7111K->545K(7616K), 0.0012047 secs] 19204K->12720K(24732K), 0.0012722 secs] [Times: user=0.00 sys=0.00, real=0.00 secs] 
22.262: [GC 22.262: [ParNew: 7072K->592K(7616K), 0.0010636 secs] 19247K->12767K(24732K), 0.0011302 secs] [Times: user=0.00 sys=0.00, real=0.00 secs] 
22.267: [GC 22.267: [ParNew: 7092K->506K(7616K), 0.0012518 secs] 19267K->12774K(24732K), 0.0013283 secs] [Times: user=0.01 sys=0.00, real=0.01 secs] 
22.273: [GC 22.273: [ParNew: 7004K->537K(7616K), 0.0012069 secs] 19271K->12805K(24732K), 0.0012870 secs] [Times: user=0.00 sys=0.00, real=0.00 secs] 
22.278: [GC 22.278: [ParNew: 7054K->1016K(7616K), 0.0015400 secs] 19321K->13283K(24732K), 0.0016201 secs] [Times: user=0.00 sys=0.00, real=0.01 secs] 
22.284: [GC 22.284: [ParNew: 7541K->537K(7616K), 0.0013430 secs] 19808K->13305K(24732K), 0.0014161 secs] [Times: user=0.00 sys=0.00, real=0.00 secs] 
22.290: [GC 22.290: [ParNew: 7033K->521K(7616K), 0.0011091 secs] 19802K->13290K(24732K), 0.0011784 secs] [Times: user=0.00 sys=0.00, real=0.00 secs] 
22.296: [GC 22.296: [ParNew: 7045K->807K(7616K), 0.0012600 secs] 19814K->13576K(24732K), 0.0013292 secs] [Times: user=0.00 sys=0.00, real=0.00 secs] 
22.302: [GC 22.302: [ParNew: 7283K->1038K(7616K), 0.0018196 secs] 20052K->14700K(24732K), 0.0019155 secs] [Times: user=0.00 sys=0.00, real=0.00 secs] 
22.312: [GC 22.312: [ParNew: 7566K->83K(7616K), 0.0011015 secs] 21228K->14234K(24732K), 0.0011943 secs] [Times: user=0.00 sys=0.00, real=0.00 secs] 
22.317: [GC 22.318: [ParNew: 6611K->401K(7616K), 0.0010169 secs] 20761K->14552K(24732K), 0.0010749 secs] [Times: user=0.00 sys=0.01, real=0.01 secs] 
22.324: [GC 22.324: [ParNew: 6909K->1070K(7616K), 0.0015040 secs] 21060K->15296K(24732K), 0.0015909 secs] [Times: user=0.01 sys=0.00, real=0.00 secs] 
22.330: [GC 22.330: [ParNew: 7598K->363K(7616K), 0.0013306 secs] 21824K->15214K(24732K), 0.0014008 secs] [Times: user=0.01 sys=0.00, real=0.00 secs] 
22.336: [GC 22.336: [ParNew: 6835K->612K(7616K), 0.0019015 secs] 21687K->15464K(24732K), 0.0019829 secs] [Times: user=0.01 sys=0.00, real=0.01 secs] 
22.342: [GC 22.342: [ParNew: 7082K->1010K(7616K), 0.0015023 secs] 21933K->16020K(24732K), 0.0015774 secs] [Times: user=0.00 sys=0.00, real=0.00 secs] 
22.348: [GC 22.348: [ParNew: 7518K->201K(7616K), 0.0015033 secs] 22528K->16064K(24732K), 0.0015748 secs] [Times: user=0.00 sys=0.00, real=0.01 secs] 
22.355: [GC 22.355: [ParNew: 6716K->351K(7616K), 0.0007837 secs] 22579K->16215K(24732K), 0.0008349 secs] [Times: user=0.00 sys=0.00, real=0.00 secs] 
22.361: [GC 22.361: [ParNew: 6830K->355K(7616K), 0.0008563 secs] 22694K->16218K(24732K), 0.0009509 secs] [Times: user=0.00 sys=0.00, real=0.00 secs] 
22.366: [GC 22.366: [ParNew: 6805K->857K(7616K), 0.0015940 secs] 22669K->16721K(24732K), 0.0016839 secs] [Times: user=0.00 sys=0.00, real=0.00 secs] 
22.372: [GC 22.372: [ParNew: 7380K->258K(7616K), 0.0037984 secs] 23244K->16641K(24732K), 0.0039153 secs] [Times: user=0.00 sys=0.00, real=0.00 secs] 
22.383: [GC 22.383: [ParNew: 6786K->331K(7616K), 0.0008412 secs] 23169K->16714K(24732K), 0.0008896 secs] [Times: user=0.00 sys=0.00, real=0.00 secs] 
22.390: [GC 22.390: [ParNew: 6837K->446K(7616K), 0.0011012 secs] 23220K->16830K(24732K), 0.0011681 secs] [Times: user=0.00 sys=0.00, real=0.00 secs] 
22.397: [GC 22.397: [ParNew: 6930K->455K(7616K), 0.0011868 secs] 23314K->16838K(24732K), 0.0012524 secs] [Times: user=0.00 sys=0.00, real=0.01 secs] 
22.402: [GC 22.403: [ParNew: 6981K->410K(7616K), 0.0010977 secs] 23364K->16793K(24732K), 0.0011747 secs] [Times: user=0.01 sys=0.00, real=0.00 secs] 
22.408: [GC 22.408: [ParNew: 6937K->416K(7616K), 0.0012919 secs] 23320K->16800K(24732K), 0.0013624 secs] [Times: user=0.01 sys=0.00, real=0.00 secs] 
22.414: [GC 22.414: [ParNew: 6911K->1087K(7616K), 0.0013542 secs] 23295K->17470K(24732K), 0.0014242 secs] [Times: user=0.00 sys=0.00, real=0.00 secs] 
22.419: [GC 22.419: [ParNew: 7593K->155K(7616K), 0.0019457 secs]22.421: [Tenured: 17275K->8435K(17308K), 0.0705551 secs] 23976K->8435K(24924K), [Perm : 10693K->10693K(21248K)], 0.0727347 secs] [Times: user=0.07 sys=0.00, real=0.07 secs] 
22.496: [GC 22.496: [ParNew: 6520K->317K(7616K), 0.0008453 secs] 14956K->8753K(24732K), 0.0008934 secs] [Times: user=0.00 sys=0.00, real=0.00 secs] 
22.501: [GC 22.501: [ParNew: 6843K->612K(7616K), 0.0014852 secs] 15279K->9048K(24732K), 0.0015611 secs] [Times: user=0.00 sys=0.00, real=0.00 secs] 
22.507: [GC 22.507: [ParNew: 7080K->513K(7616K), 0.0011667 secs] 15516K->9244K(24732K), 0.0012484 secs] [Times: user=0.00 sys=0.00, real=0.01 secs] 
22.514: [GC 22.514: [ParNew: 7026K->435K(7616K), 0.0007859 secs] 15757K->9166K(24732K), 0.0008387 secs] [Times: user=0.01 sys=0.00, real=0.00 secs] 
22.518: [GC 22.518: [ParNew: 6933K->441K(7616K), 0.0011795 secs] 15664K->9172K(24732K), 0.0012430 secs] [Times: user=0.00 sys=0.00, real=0.00 secs] 
22.523: [GC 22.523: [ParNew: 6938K->734K(7616K), 0.0013299 secs] 15669K->9465K(24732K), 0.0014095 secs] [Times: user=0.00 sys=0.00, real=0.00 secs] 
22.536: [GC 22.536: [ParNew: 7249K->284K(7616K), 0.0011562 secs] 15980K->9365K(24732K), 0.0012734 secs] [Times: user=0.00 sys=0.00, real=0.00 secs] 
22.542: [GC 22.542: [ParNew: 6812K->322K(7616K), 0.0008729 secs] 15893K->9402K(24732K), 0.0009246 secs] [Times: user=0.00 sys=0.00, real=0.00 secs] 
22.547: [GC 22.547: [ParNew: 6833K->685K(7616K), 0.0011653 secs] 15914K->9766K(24732K), 0.0012453 secs] [Times: user=0.01 sys=0.00, real=0.01 secs] 
22.554: [GC 22.554: [ParNew: 7189K->634K(7616K), 0.0014066 secs] 16270K->9937K(24732K), 0.0015042 secs] [Times: user=0.00 sys=0.00, real=0.00 secs] 
22.559: [GC 22.559: [ParNew: 7128K->357K(7616K), 0.0014453 secs] 16431K->10076K(24732K), 0.0015142 secs] [Times: user=0.00 sys=0.00, real=0.00 secs] 
22.565: [GC 22.565: [ParNew: 6875K->625K(7616K), 0.0010423 secs] 16593K->10344K(24732K), 0.0011106 secs] [Times: user=0.00 sys=0.00, real=0.00 secs] 
22.569: [GC 22.570: [ParNew: 7107K->571K(7616K), 0.0016806 secs] 16826K->10372K(24732K), 0.0018050 secs] [Times: user=0.00 sys=0.00, real=0.00 secs] 
22.576: [GC 22.576: [ParNew: 7080K->572K(7616K), 0.0011327 secs] 16881K->10599K(24732K), 0.0012046 secs] [Times: user=0.00 sys=0.00, real=0.00 secs] 
22.581: [GC 22.581: [ParNew: 7075K->612K(7616K), 0.0012462 secs] 17102K->10805K(24732K), 0.0013150 secs] [Times: user=0.00 sys=0.00, real=0.00 secs] 
22.587: [GC 22.587: [ParNew: 7120K->1026K(7616K), 0.0018014 secs] 17313K->11373K(24732K), 0.0018833 secs] [Times: user=0.00 sys=0.00, real=0.01 secs] 
22.593: [GC 22.593: [ParNew: 7536K->340K(7616K), 0.0018184 secs] 17883K->11542K(24732K), 0.0020083 secs] [Times: user=0.01 sys=0.00, real=0.00 secs] 
22.599: [GC 22.599: [ParNew: 6819K->282K(7616K), 0.0007105 secs] 18021K->11484K(24732K), 0.0007577 secs] [Times: user=0.00 sys=0.00, real=0.00 secs] 
22.605: [GC 22.605: [ParNew: 6808K->423K(7616K), 0.0008038 secs] 18010K->11626K(24732K), 0.0008708 secs] [Times: user=0.00 sys=0.00, real=0.00 secs] 
22.610: [GC 22.610: [ParNew: 6929K->388K(7616K), 0.0010039 secs] 18131K->11590K(24732K), 0.0010783 secs] [Times: user=0.00 sys=0.00, real=0.00 secs] 
22.615: [GC 22.615: [ParNew: 6882K->633K(7616K), 0.0011280 secs] 18084K->11835K(24732K), 0.0011906 secs] [Times: user=0.00 sys=0.00, real=0.00 secs] 
22.621: [GC 22.621: [ParNew: 7160K->807K(7616K), 0.0013099 secs] 18362K->12164K(24732K), 0.0014028 secs] [Times: user=0.00 sys=0.00, real=0.00 secs] 
22.628: [GC 22.628: [ParNew: 7295K->609K(7616K), 0.0013754 secs] 18652K->12213K(24732K), 0.0014623 secs] [Times: user=0.00 sys=0.00, real=0.00 secs] 
22.634: [GC 22.634: [ParNew: 7076K->533K(7616K), 0.0018017 secs] 18681K->12470K(24732K), 0.0018726 secs] [Times: user=0.00 sys=0.00, real=0.00 secs] 
22.641: [GC 22.641: [ParNew: 7027K->607K(7616K), 0.0013065 secs] 18964K->12543K(24732K), 0.0013943 secs] [Times: user=0.01 sys=0.00, real=0.00 secs] 
22.648: [GC 22.648: [ParNew: 7133K->791K(7616K), 0.0012842 secs] 19070K->12775K(24732K), 0.0013520 secs] [Times: user=0.01 sys=0.00, real=0.00 secs] 
22.655: [GC 22.656: [ParNew: 7310K->502K(7616K), 0.0012344 secs] 19294K->12654K(24732K), 0.0013091 secs] [Times: user=0.00 sys=0.00, real=0.00 secs] 
22.661: [GC 22.661: [ParNew: 7013K->576K(7616K), 0.0011706 secs] 19165K->12729K(24732K), 0.0012325 secs] [Times: user=0.00 sys=0.00, real=0.00 secs] 
22.669: [GC 22.669: [ParNew: 7101K->453K(7616K), 0.0009794 secs] 19253K->12671K(24732K), 0.0010365 secs] [Times: user=0.00 sys=0.00, real=0.00 secs] 
22.675: [GC 22.675: [ParNew: 6965K->828K(7616K), 0.0015723 secs] 19183K->13046K(24732K), 0.0016650 secs] [Times: user=0.00 sys=0.00, real=0.00 secs] 
22.681: [GC 22.681: [ParNew: 7288K->841K(7616K), 0.0018647 secs] 19505K->13603K(24732K), 0.0019499 secs] [Times: user=0.00 sys=0.00, real=0.00 secs] 
22.687: [GC 22.687: [ParNew: 7365K->211K(7616K), 0.0021348 secs] 20128K->13651K(24732K), 0.0022043 secs] [Times: user=0.00 sys=0.00, real=0.01 secs] 
22.694: [GC 22.694: [ParNew: 6719K->553K(7616K), 0.0008901 secs] 20159K->13992K(24732K), 0.0009572 secs] [Times: user=0.00 sys=0.00, real=0.00 secs] 
22.699: [GC 22.699: [ParNew: 7063K->503K(7616K), 0.0013541 secs] 20503K->14071K(24732K), 0.0014203 secs] [Times: user=0.01 sys=0.00, real=0.00 secs] 
22.704: [GC 22.705: [ParNew: 7026K->575K(7616K), 0.0010338 secs] 20594K->14143K(24732K), 0.0011059 secs] [Times: user=0.00 sys=0.00, real=0.00 secs] 
22.711: [GC 22.711: [ParNew: 7084K->342K(7616K), 0.0012567 secs] 20652K->14085K(24732K), 0.0013253 secs] [Times: user=0.00 sys=0.00, real=0.00 secs] 
22.717: [GC 22.717: [ParNew: 6833K->396K(7616K), 0.0008862 secs] 20576K->14139K(24732K), 0.0009714 secs] [Times: user=0.00 sys=0.00, real=0.01 secs] 
22.722: [GC 22.722: [ParNew: 6901K->557K(7616K), 0.0014601 secs] 20644K->14300K(24732K), 0.0015237 secs] [Times: user=0.00 sys=0.00, real=0.00 secs] 
22.728: [GC 22.728: [ParNew: 7083K->695K(7616K), 0.0012740 secs] 20827K->14514K(24732K), 0.0013642 secs] [Times: user=0.00 sys=0.00, real=0.00 secs] 
22.733: [GC 22.733: [ParNew: 7196K->426K(7616K), 0.0013686 secs] 21015K->14413K(24732K), 0.0014367 secs] [Times: user=0.00 sys=0.00, real=0.00 secs] 
22.739: [GC 22.739: [ParNew: 6944K->607K(7616K), 0.0011222 secs] 20931K->14594K(24732K), 0.0011868 secs] [Times: user=0.00 sys=0.00, real=0.00 secs] 
22.745: [GC 22.746: [ParNew: 7115K->971K(7616K), 0.0018550 secs] 21103K->15150K(24732K), 0.0019408 secs] [Times: user=0.00 sys=0.00, real=0.00 secs] 
22.751: [GC 22.751: [ParNew: 7479K->651K(7616K), 0.0016961 secs] 21658K->15506K(24732K), 0.0017745 secs] [Times: user=0.00 sys=0.00, real=0.00 secs] 
22.759: [GC 22.759: [ParNew: 7069K->280K(7616K), 0.0011355 secs] 21924K->15626K(24732K), 0.0012248 secs] [Times: user=0.00 sys=0.00, real=0.00 secs] 
22.764: [GC 22.764: [ParNew: 6793K->287K(7616K), 0.0007631 secs] 22139K->15633K(24732K), 0.0008104 secs] [Times: user=0.00 sys=0.00, real=0.00 secs] 
22.769: [GC 22.769: [ParNew: 6812K->446K(7616K), 0.0013235 secs] 22158K->15792K(24732K), 0.0013860 secs] [Times: user=0.00 sys=0.00, real=0.00 secs] 
22.774: [GC 22.774: [ParNew: 6971K->700K(7616K), 0.0016858 secs] 22317K->16046K(24732K), 0.0018544 secs] [Times: user=0.00 sys=0.00, real=0.00 secs] 
22.782: [GC 22.782: [ParNew: 7208K->915K(7616K), 0.0022769 secs] 22554K->16446K(24732K), 0.0023574 secs] [Times: user=0.01 sys=0.00, real=0.00 secs] 
22.790: [GC 22.790: [ParNew: 7443K->440K(7616K), 0.0015653 secs] 22974K->16737K(24732K), 0.0016837 secs] [Times: user=0.01 sys=0.00, real=0.00 secs] 
22.797: [GC 22.797: [ParNew: 6927K->352K(7616K), 0.0008050 secs] 23224K->16649K(24732K), 0.0008720 secs] [Times: user=0.01 sys=0.00, real=0.01 secs] 
22.802: [GC 22.802: [ParNew: 6878K->437K(7616K), 0.0010791 secs] 23175K->16734K(24732K), 0.0011355 secs] [Times: user=0.00 sys=0.00, real=0.00 secs] 
22.807: [GC 22.807: [ParNew: 6945K->440K(7616K), 0.0011815 secs] 23242K->16737K(24732K), 0.0012456 secs] [Times: user=0.00 sys=0.00, real=0.01 secs] 
22.813: [GC 22.813: [ParNew: 6919K->871K(7616K), 0.0012340 secs] 23216K->17169K(24732K), 0.0013093 secs] [Times: user=0.00 sys=0.00, real=0.00 secs] 
22.818: [GC 22.818: [ParNew: 7355K->741K(7616K), 0.0015750 secs] 23652K->17426K(24732K), 0.0016479 secs] [Times: user=0.00 sys=0.00, real=0.00 secs] 
22.824: [GC 22.824: [ParNew: 7249K->746K(7616K), 0.0013463 secs] 23934K->17642K(24732K), 0.0014199 secs] [Times: user=0.00 sys=0.00, real=0.00 secs] 
22.829: [GC 22.829: [ParNew: 7267K->1021K(7616K), 0.0015936 secs]22.831: [Tenured: 17123K->8162K(17308K), 0.0746058 secs] 24163K->8162K(24924K), [Perm : 10694K->10694K(21248K)], 0.0764345 secs] [Times: user=0.07 sys=0.00, real=0.07 secs] 
22.911: [GC 22.911: [ParNew: 6491K->579K(7616K), 0.0009869 secs] 14653K->8741K(24732K), 0.0010634 secs] [Times: user=0.01 sys=0.00, real=0.00 secs] 
22.917: [GC 22.917: [ParNew: 7073K->258K(7616K), 0.0010445 secs] 15235K->8964K(24732K), 0.0011089 secs] [Times: user=0.01 sys=0.00, real=0.01 secs] 
22.924: [GC 22.924: [ParNew: 6737K->623K(7616K), 0.0009976 secs] 15443K->9329K(24732K), 0.0010734 secs] [Times: user=0.00 sys=0.01, real=0.00 secs] 
22.930: [GC 22.930: [ParNew: 7123K->531K(7616K), 0.0010979 secs] 15829K->9423K(24732K), 0.0011776 secs] [Times: user=0.00 sys=0.00, real=0.00 secs] 
22.935: [GC 22.935: [ParNew: 7052K->632K(7616K), 0.0012275 secs] 15944K->9524K(24732K), 0.0014329 secs] [Times: user=0.00 sys=0.00, real=0.00 secs] 
22.941: [GC 22.941: [ParNew: 7146K->559K(7616K), 0.0010810 secs] 16038K->9560K(24732K), 0.0011443 secs] [Times: user=0.00 sys=0.00, real=0.00 secs] 
22.947: [GC 22.948: [ParNew: 7042K->768K(7616K), 0.0012597 secs] 16043K->9917K(24732K), 0.0013457 secs] [Times: user=0.00 sys=0.00, real=0.01 secs] 
22.953: [GC 22.953: [ParNew: 7255K->651K(7616K), 0.0023876 secs] 16404K->10079K(24732K), 0.0024832 secs] [Times: user=0.01 sys=0.00, real=0.00 secs] 
22.960: [GC 22.960: [ParNew: 7100K->512K(7616K), 0.0017554 secs] 16528K->10360K(24732K), 0.0018985 secs] [Times: user=0.01 sys=0.00, real=0.00 secs] 
22.967: [GC 22.967: [ParNew: 7011K->897K(7616K), 0.0012572 secs] 16858K->10744K(24732K), 0.0013295 secs] [Times: user=0.00 sys=0.00, real=0.01 secs] 
22.972: [GC 22.972: [ParNew: 7410K->503K(7616K), 0.0013629 secs] 17257K->10635K(24732K), 0.0014309 secs] [Times: user=0.00 sys=0.00, real=0.00 secs] 
22.979: [GC 22.979: [ParNew: 7013K->1065K(7616K), 0.0016420 secs] 17145K->11423K(24732K), 0.0017433 secs] [Times: user=0.00 sys=0.00, real=0.00 secs] 
22.984: [GC 22.984: [ParNew: 7568K->203K(7616K), 0.0019032 secs] 17926K->11504K(24732K), 0.0019808 secs] [Times: user=0.00 sys=0.00, real=0.00 secs] 
22.990: [GC 22.991: [ParNew: 6710K->270K(7616K), 0.0010806 secs] 18011K->11571K(24732K), 0.0011445 secs] [Times: user=0.00 sys=0.00, real=0.00 secs] 
22.996: [GC 22.996: [ParNew: 6784K->431K(7616K), 0.0012193 secs] 18085K->11732K(24732K), 0.0012828 secs] [Times: user=0.00 sys=0.00, real=0.00 secs] 
23.001: [GC 23.002: [ParNew: 6949K->704K(7616K), 0.0010397 secs] 18250K->12005K(24732K), 0.0011027 secs] [Times: user=0.01 sys=0.00, real=0.00 secs] 
23.007: [GC 23.007: [ParNew: 7197K->442K(7616K), 0.0010447 secs] 18498K->11920K(24732K), 0.0011046 secs] [Times: user=0.01 sys=0.00, real=0.01 secs] 
23.014: [GC 23.014: [ParNew: 6917K->633K(7616K), 0.0016093 secs] 18394K->12111K(24732K), 0.0016861 secs] [Times: user=0.00 sys=0.00, real=0.00 secs] 
23.022: [GC 23.022: [ParNew: 7116K->706K(7616K), 0.0011168 secs] 18593K->12329K(24732K), 0.0011830 secs] [Times: user=0.00 sys=0.01, real=0.00 secs] 
23.027: [GC 23.027: [ParNew: 7217K->703K(7616K), 0.0013747 secs] 18840K->12521K(24732K), 0.0014450 secs] [Times: user=0.00 sys=0.00, real=0.01 secs] 
23.032: [GC 23.032: [ParNew: 7223K->396K(7616K), 0.0012644 secs] 19041K->12488K(24732K), 0.0013294 secs] [Times: user=0.00 sys=0.00, real=0.00 secs] 
23.040: [GC 23.040: [ParNew: 6831K->493K(7616K), 0.0007750 secs] 18922K->12585K(24732K), 0.0008267 secs] [Times: user=0.00 sys=0.00, real=0.00 secs] 
23.047: [GC 23.047: [ParNew: 7003K->503K(7616K), 0.0013044 secs] 19094K->12595K(24732K), 0.0013753 secs] [Times: user=0.00 sys=0.00, real=0.01 secs] 
23.053: [GC 23.053: [ParNew: 7022K->479K(7616K), 0.0009721 secs] 19114K->12571K(24732K), 0.0010289 secs] [Times: user=0.00 sys=0.00, real=0.00 secs] 
23.059: [GC 23.059: [ParNew: 6974K->1065K(7616K), 0.0014960 secs] 19065K->13157K(24732K), 0.0017134 secs] [Times: user=0.00 sys=0.00, real=0.00 secs] 
23.065: [GC 23.065: [ParNew: 7583K->195K(7616K), 0.0014504 secs] 19675K->13149K(24732K), 0.0015229 secs] [Times: user=0.00 sys=0.00, real=0.00 secs] 
23.071: [GC 23.071: [ParNew: 6687K->236K(7616K), 0.0009851 secs] 19641K->13190K(24732K), 0.0010366 secs] [Times: user=0.01 sys=0.00, real=0.00 secs] 
23.075: [GC 23.075: [ParNew: 6752K->408K(7616K), 0.0011788 secs] 19706K->13362K(24732K), 0.0012420 secs] [Times: user=0.00 sys=0.00, real=0.00 secs] 
23.082: [GC 23.082: [ParNew: 6927K->761K(7616K), 0.0011645 secs] 19881K->13715K(24732K), 0.0012297 secs] [Times: user=0.00 sys=0.00, real=0.00 secs] 
23.087: [GC 23.087: [ParNew: 7175K->477K(7616K), 0.0012157 secs] 20129K->13999K(24732K), 0.0012838 secs] [Times: user=0.00 sys=0.00, real=0.01 secs] 
23.093: [GC 23.094: [ParNew: 7005K->704K(7616K), 0.0014203 secs] 20527K->14227K(24732K), 0.0014999 secs] [Times: user=0.00 sys=0.00, real=0.00 secs] 
23.099: [GC 23.099: [ParNew: 7227K->519K(7616K), 0.0014632 secs] 20750K->14435K(24732K), 0.0015494 secs] [Times: user=0.00 sys=0.00, real=0.00 secs] 
23.106: [GC 23.106: [ParNew: 7032K->673K(7616K), 0.0011058 secs] 20947K->14588K(24732K), 0.0011696 secs] [Times: user=0.00 sys=0.00, real=0.00 secs] 
23.111: [GC 23.111: [ParNew: 7194K->732K(7616K), 0.0016056 secs] 21110K->14842K(24732K), 0.0016970 secs] [Times: user=0.01 sys=0.00, real=0.00 secs] 
23.117: [GC 23.117: [ParNew: 7240K->990K(7616K), 0.0016805 secs] 21349K->15234K(24732K), 0.0018113 secs] [Times: user=0.01 sys=0.01, real=0.01 secs] 
23.124: [GC 23.124: [ParNew: 7506K->490K(7616K), 0.0014281 secs] 21750K->15510K(24732K), 0.0015148 secs] [Times: user=0.01 sys=0.00, real=0.00 secs] 
23.130: [GC 23.130: [ParNew: 6995K->981K(7616K), 0.0011881 secs] 22015K->16001K(24732K), 0.0012537 secs] [Times: user=0.00 sys=0.00, real=0.00 secs] 
23.136: [GC 23.136: [ParNew: 7501K->438K(7616K), 0.0019421 secs] 22522K->16072K(24732K), 0.0020271 secs] [Times: user=0.00 sys=0.00, real=0.01 secs] 
23.143: [GC 23.143: [ParNew: 6926K->592K(7616K), 0.0010189 secs] 22560K->16226K(24732K), 0.0010794 secs] [Times: user=0.00 sys=0.00, real=0.00 secs] 
23.148: [GC 23.148: [ParNew: 7107K->509K(7616K), 0.0013799 secs] 22740K->16427K(24732K), 0.0014461 secs] [Times: user=0.00 sys=0.00, real=0.01 secs] 
23.153: [GC 23.153: [ParNew: 7035K->594K(7616K), 0.0011201 secs] 22953K->16512K(24732K), 0.0011840 secs] [Times: user=0.00 sys=0.00, real=0.00 secs] 
23.158: [GC 23.159: [ParNew: 7113K->1000K(7616K), 0.0016990 secs] 23031K->17095K(24732K), 0.0017785 secs] [Times: user=0.00 sys=0.00, real=0.00 secs] 
23.165: [GC 23.165: [ParNew: 7486K->382K(7616K), 0.0012020 secs] 23580K->16963K(24732K), 0.0012689 secs] [Times: user=0.00 sys=0.00, real=0.00 secs] 
23.170: [GC 23.170: [ParNew: 6886K->802K(7616K), 0.0012679 secs] 23468K->17383K(24732K), 0.0013357 secs] [Times: user=0.01 sys=0.00, real=0.00 secs] 
23.175: [GC 23.175: [ParNew: 7272K->474K(7616K), 0.0015475 secs] 23853K->17557K(24732K), 0.0016173 secs] [Times: user=0.01 sys=0.00, real=0.00 secs] 
23.182: [GC 23.182: [ParNew: 6966K->943K(7616K), 0.0014239 secs] 24049K->18026K(24732K), 0.0014983 secs] [Times: user=0.00 sys=0.00, real=0.00 secs] 
23.188: [GC 23.188: [ParNew: 7337K->1035K(7616K), 0.0020198 secs]23.190: [Tenured: 17711K->8705K(17884K), 0.0706886 secs] 24420K->8705K(25500K), [Perm : 10695K->10695K(21248K)], 0.0731468 secs] [Times: user=0.07 sys=0.00, real=0.07 secs] 
23.268: [GC 23.268: [ParNew: 6487K->302K(7616K), 0.0011951 secs] 15192K->9008K(24732K), 0.0013123 secs] [Times: user=0.00 sys=0.01, real=0.00 secs] 
23.275: [GC 23.275: [ParNew: 6811K->741K(7616K), 0.0010091 secs] 15516K->9446K(24732K), 0.0010972 secs] [Times: user=0.00 sys=0.00, real=0.00 secs] 
23.280: [GC 23.280: [ParNew: 7249K->778K(7616K), 0.0013029 secs] 15954K->9717K(24732K), 0.0013711 secs] [Times: user=0.00 sys=0.00, real=0.00 secs] 
23.286: [GC 23.286: [ParNew: 7276K->772K(7616K), 0.0015770 secs] 16215K->10040K(24732K), 0.0016665 secs] [Times: user=0.00 sys=0.00, real=0.00 secs] 
23.294: [GC 23.294: [ParNew: 7300K->851K(7616K), 0.0014710 secs] 16568K->10372K(24732K), 0.0015612 secs] [Times: user=0.00 sys=0.00, real=0.00 secs] 
23.302: [GC 23.302: [ParNew: 7372K->800K(7616K), 0.0023440 secs] 16893K->10650K(24732K), 0.0024508 secs] [Times: user=0.00 sys=0.00, real=0.00 secs] 
23.309: [GC 23.309: [ParNew: 7262K->286K(7616K), 0.0011955 secs] 17112K->10607K(24732K), 0.0012636 secs] [Times: user=0.00 sys=0.00, real=0.00 secs] 
23.316: [GC 23.316: [ParNew: 6788K->750K(7616K), 0.0012668 secs] 17109K->11071K(24732K), 0.0013371 secs] [Times: user=0.01 sys=0.00, real=0.00 secs] 
23.321: [GC 23.322: [ParNew: 7253K->282K(7616K), 0.0016542 secs] 17574K->11303K(24732K), 0.0017394 secs] [Times: user=0.01 sys=0.00, real=0.00 secs] 
23.329: [GC 23.329: [ParNew: 6775K->520K(7616K), 0.0012617 secs] 17796K->11541K(24732K), 0.0013668 secs] [Times: user=0.00 sys=0.00, real=0.00 secs] 
23.336: [GC 23.336: [ParNew: 7030K->633K(7616K), 0.0013838 secs] 18051K->11654K(24732K), 0.0014634 secs] [Times: user=0.00 sys=0.00, real=0.00 secs] 
23.341: [GC 23.341: [ParNew: 7126K->615K(7616K), 0.0013446 secs] 18147K->11787K(24732K), 0.0014267 secs] [Times: user=0.00 sys=0.00, real=0.00 secs] 
23.347: [GC 23.347: [ParNew: 7127K->458K(7616K), 0.0011377 secs] 18299K->11794K(24732K), 0.0012027 secs] [Times: user=0.00 sys=0.00, real=0.01 secs] 
23.353: [GC 23.353: [ParNew: 6968K->936K(7616K), 0.0012910 secs] 18305K->12272K(24732K), 0.0013625 secs] [Times: user=0.00 sys=0.00, real=0.00 secs] 
23.358: [GC 23.358: [ParNew: 7463K->476K(7616K), 0.0014799 secs] 18800K->12201K(24732K), 0.0015532 secs] [Times: user=0.00 sys=0.00, real=0.00 secs] 
23.364: [GC 23.364: [ParNew: 7004K->792K(7616K), 0.0012773 secs] 18729K->12517K(24732K), 0.0013448 secs] [Times: user=0.00 sys=0.00, real=0.00 secs] 
23.370: [GC 23.370: [ParNew: 7259K->718K(7616K), 0.0012373 secs] 18984K->12607K(24732K), 0.0013070 secs] [Times: user=0.00 sys=0.01, real=0.00 secs] 
23.375: [GC 23.375: [ParNew: 7226K->300K(7616K), 0.0010760 secs] 19115K->12454K(24732K), 0.0011352 secs] [Times: user=0.01 sys=0.00, real=0.00 secs] 
23.382: [GC 23.382: [ParNew: 6800K->1013K(7616K), 0.0014227 secs] 18954K->13167K(24732K), 0.0015085 secs] [Times: user=0.00 sys=0.00, real=0.00 secs] 
23.388: [GC 23.389: [ParNew: 7512K->306K(7616K), 0.0013268 secs] 19666K->13113K(24732K), 0.0013944 secs] [Times: user=0.00 sys=0.00, real=0.00 secs] 
23.394: [GC 23.394: [ParNew: 6786K->202K(7616K), 0.0009338 secs] 19592K->13009K(24732K), 0.0009849 secs] [Times: user=0.00 sys=0.00, real=0.00 secs] 
23.399: [GC 23.399: [ParNew: 6674K->394K(7616K), 0.0010896 secs] 19480K->13200K(24732K), 0.0011713 secs] [Times: user=0.00 sys=0.00, real=0.00 secs] 
23.408: [GC 23.408: [ParNew: 6861K->682K(7616K), 0.0011026 secs] 19667K->13489K(24732K), 0.0011726 secs] [Times: user=0.00 sys=0.00, real=0.00 secs] 
23.414: [GC 23.414: [ParNew: 7170K->662K(7616K), 0.0016309 secs] 19977K->13793K(24732K), 0.0017088 secs] [Times: user=0.01 sys=0.00, real=0.00 secs] 
23.421: [GC 23.421: [ParNew: 7135K->804K(7616K), 0.0014789 secs] 20266K->14150K(24732K), 0.0015774 secs] [Times: user=0.00 sys=0.00, real=0.00 secs] 
23.428: [GC 23.428: [ParNew: 7286K->208K(7616K), 0.0016658 secs] 20632K->14152K(24732K), 0.0017562 secs] [Times: user=0.00 sys=0.00, real=0.00 secs] 
23.434: [GC 23.434: [ParNew: 6721K->518K(7616K), 0.0010040 secs] 20665K->14462K(24732K), 0.0010587 secs] [Times: user=0.00 sys=0.00, real=0.00 secs] 
23.439: [GC 23.440: [ParNew: 7026K->603K(7616K), 0.0010566 secs] 20969K->14547K(24732K), 0.0011220 secs] [Times: user=0.00 sys=0.00, real=0.00 secs] 
23.445: [GC 23.445: [ParNew: 7118K->585K(7616K), 0.0013360 secs] 21062K->14663K(24732K), 0.0014014 secs] [Times: user=0.00 sys=0.00, real=0.00 secs] 
23.450: [GC 23.450: [ParNew: 7037K->959K(7616K), 0.0015109 secs] 21115K->15192K(24732K), 0.0015855 secs] [Times: user=0.00 sys=0.00, real=0.00 secs] 
23.456: [GC 23.456: [ParNew: 7386K->323K(7616K), 0.0014162 secs] 21620K->15351K(24732K), 0.0015357 secs] [Times: user=0.00 sys=0.00, real=0.00 secs] 
23.461: [GC 23.461: [ParNew: 6784K->729K(7616K), 0.0012398 secs] 21812K->15758K(24732K), 0.0013070 secs] [Times: user=0.01 sys=0.00, real=0.00 secs] 
23.467: [GC 23.467: [ParNew: 7225K->537K(7616K), 0.0011000 secs] 22254K->15814K(24732K), 0.0011639 secs] [Times: user=0.01 sys=0.00, real=0.01 secs] 
23.472: [GC 23.472: [ParNew: 7047K->729K(7616K), 0.0011585 secs] 22324K->16006K(24732K), 0.0012340 secs] [Times: user=0.00 sys=0.01, real=0.00 secs] 
23.477: [GC 23.477: [ParNew: 7214K->610K(7616K), 0.0011568 secs] 22491K->16119K(24732K), 0.0012406 secs] [Times: user=0.00 sys=0.00, real=0.01 secs] 
23.483: [GC 23.483: [ParNew: 7138K->280K(7616K), 0.0010697 secs] 22646K->16095K(24732K), 0.0011595 secs] [Times: user=0.00 sys=0.00, real=0.00 secs] 
23.491: [GC 23.491: [ParNew: 6801K->425K(7616K), 0.0018150 secs] 22617K->16241K(24732K), 0.0019046 secs] [Times: user=0.00 sys=0.00, real=0.00 secs] 
23.498: [GC 23.498: [ParNew: 6883K->842K(7616K), 0.0017420 secs] 22699K->16658K(24732K), 0.0018674 secs] [Times: user=0.00 sys=0.00, real=0.00 secs] 
23.507: [GC 23.507: [ParNew: 7213K->86K(7616K), 0.0010436 secs] 23028K->16416K(24732K), 0.0011063 secs] [Times: user=0.00 sys=0.00, real=0.01 secs] 
23.512: [GC 23.512: [ParNew: 6606K->159K(7616K), 0.0012545 secs] 22937K->16489K(24732K), 0.0016975 secs] [Times: user=0.01 sys=0.00, real=0.00 secs] 
23.519: [GC 23.519: [ParNew: 6687K->480K(7616K), 0.0022382 secs] 23017K->16810K(24732K), 0.0023202 secs] [Times: user=0.00 sys=0.00, real=0.00 secs] 
23.526: [GC 23.527: [ParNew: 7007K->934K(7616K), 0.0012147 secs] 23337K->17264K(24732K), 0.0012920 secs] [Times: user=0.00 sys=0.00, real=0.01 secs] 
23.533: [GC 23.533: [ParNew: 7422K->555K(7616K), 0.0014339 secs] 23753K->17295K(24732K), 0.0015045 secs] [Times: user=0.00 sys=0.00, real=0.00 secs] 
23.539: [GC 23.539: [ParNew: 7034K->881K(7616K), 0.0012979 secs] 23775K->17887K(24732K), 0.0013697 secs] [Times: user=0.00 sys=0.00, real=0.00 secs] 
23.546: [GC 23.546: [ParNew: 7394K->245K(7616K), 0.0015703 secs]23.547: [Tenured: 17688K->8417K(17692K), 0.0705723 secs] 24401K->8417K(25308K), [Perm : 10696K->10696K(21248K)], 0.0726086 secs] [Times: user=0.07 sys=0.00, real=0.08 secs] 
23.624: [GC 23.624: [ParNew: 6486K->886K(7616K), 0.0011799 secs] 14903K->9304K(24732K), 0.0012456 secs] [Times: user=0.00 sys=0.00, real=0.00 secs] 
23.630: [GC 23.631: [ParNew: 7414K->168K(7616K), 0.0013152 secs] 15832K->9410K(24732K), 0.0014004 secs] [Times: user=0.00 sys=0.00, real=0.00 secs] 
23.638: [GC 23.638: [ParNew: 6662K->656K(7616K), 0.0014309 secs] 15904K->9898K(24732K), 0.0014982 secs] [Times: user=0.00 sys=0.00, real=0.01 secs] 
23.646: [GC 23.646: [ParNew: 7175K->577K(7616K), 0.0017371 secs] 16417K->9979K(24732K), 0.0018123 secs] [Times: user=0.00 sys=0.00, real=0.00 secs] 
23.654: [GC 23.654: [ParNew: 7086K->601K(7616K), 0.0010702 secs] 16489K->10277K(24732K), 0.0011486 secs] [Times: user=0.00 sys=0.00, real=0.00 secs] 
23.660: [GC 23.660: [ParNew: 7117K->433K(7616K), 0.0009686 secs] 16793K->10223K(24732K), 0.0010263 secs] [Times: user=0.00 sys=0.00, real=0.00 secs] 
23.667: [GC 23.667: [ParNew: 6917K->254K(7616K), 0.0006533 secs] 16706K->10044K(24732K), 0.0007072 secs] [Times: user=0.00 sys=0.00, real=0.00 secs] 
23.671: [GC 23.671: [ParNew: 6739K->257K(7616K), 0.0006957 secs] 16529K->10047K(24732K), 0.0007429 secs] [Times: user=0.00 sys=0.00, real=0.00 secs] 
23.676: [GC 23.676: [ParNew: 6775K->828K(7616K), 0.0011332 secs] 16565K->10618K(24732K), 0.0011984 secs] [Times: user=0.01 sys=0.00, real=0.00 secs] 
23.682: [GC 23.682: [ParNew: 7279K->526K(7616K), 0.0015291 secs] 17068K->11040K(24732K), 0.0016478 secs] [Times: user=0.01 sys=0.00, real=0.00 secs] 
23.692: [GC 23.692: [ParNew: 7054K->534K(7616K), 0.0008941 secs] 17568K->11048K(24732K), 0.0009594 secs] [Times: user=0.01 sys=0.00, real=0.00 secs] 
23.698: [GC 23.698: [ParNew: 7021K->595K(7616K), 0.0009150 secs] 17535K->11109K(24732K), 0.0009792 secs] [Times: user=0.00 sys=0.00, real=0.00 secs] 
23.704: [GC 23.704: [ParNew: 7110K->493K(7616K), 0.0012482 secs] 17624K->11252K(24732K), 0.0013326 secs] [Times: user=0.00 sys=0.00, real=0.00 secs] 
23.717: [GC 23.717: [ParNew: 6982K->509K(7616K), 0.0011241 secs] 17741K->11267K(24732K), 0.0012067 secs] [Times: user=0.00 sys=0.00, real=0.01 secs] 
23.724: [GC 23.724: [ParNew: 7032K->560K(7616K), 0.0009253 secs] 17790K->11318K(24732K), 0.0009844 secs] [Times: user=0.00 sys=0.00, real=0.00 secs] 
23.730: [GC 23.730: [ParNew: 7062K->510K(7616K), 0.0012758 secs] 17821K->11395K(24732K), 0.0013499 secs] [Times: user=0.00 sys=0.01, real=0.00 secs] 
23.735: [GC 23.735: [ParNew: 7018K->515K(7616K), 0.0010964 secs] 17903K->11400K(24732K), 0.0011641 secs] [Times: user=0.00 sys=0.00, real=0.00 secs] 
23.741: [GC 23.741: [ParNew: 7018K->547K(7616K), 0.0012461 secs] 17903K->11432K(24732K), 0.0013117 secs] [Times: user=0.00 sys=0.00, real=0.00 secs] 
23.747: [GC 23.747: [ParNew: 7069K->885K(7616K), 0.0014599 secs] 17955K->11770K(24732K), 0.0015271 secs] [Times: user=0.00 sys=0.00, real=0.01 secs] 
23.752: [GC 23.752: [ParNew: 7410K->585K(7616K), 0.0013866 secs] 18295K->11838K(24732K), 0.0014642 secs] [Times: user=0.00 sys=0.00, real=0.00 secs] 
23.758: [GC 23.758: [ParNew: 7110K->405K(7616K), 0.0009994 secs] 18363K->11791K(24732K), 0.0010550 secs] [Times: user=0.00 sys=0.00, real=0.00 secs] 
23.765: [GC 23.765: [ParNew: 6848K->714K(7616K), 0.0010687 secs] 18234K->12100K(24732K), 0.0011338 secs] [Times: user=0.01 sys=0.00, real=0.00 secs] 
23.770: [GC 23.770: [ParNew: 7179K->744K(7616K), 0.0013396 secs] 18565K->12298K(24732K), 0.0014086 secs] [Times: user=0.01 sys=0.00, real=0.00 secs] 
23.777: [GC 23.777: [ParNew: 7229K->1030K(7616K), 0.0017218 secs] 18783K->12935K(24732K), 0.0018166 secs] [Times: user=0.00 sys=0.00, real=0.01 secs] 
23.784: [GC 23.784: [ParNew: 7538K->361K(7616K), 0.0021346 secs] 19443K->13218K(24732K), 0.0022271 secs] [Times: user=0.00 sys=0.00, real=0.00 secs] 
23.790: [GC 23.790: [ParNew: 6870K->355K(7616K), 0.0010864 secs] 19727K->13212K(24732K), 0.0011424 secs] [Times: user=0.00 sys=0.00, real=0.00 secs] 
23.796: [GC 23.796: [ParNew: 6842K->603K(7616K), 0.0011292 secs] 19699K->13460K(24732K), 0.0011933 secs] [Times: user=0.00 sys=0.00, real=0.00 secs] 
23.801: [GC 23.801: [ParNew: 7080K->896K(7616K), 0.0018559 secs] 19937K->13951K(24732K), 0.0019487 secs] [Times: user=0.00 sys=0.00, real=0.00 secs] 
23.807: [GC 23.807: [ParNew: 7378K->470K(7616K), 0.0015492 secs] 20432K->14150K(24732K), 0.0016306 secs] [Times: user=0.00 sys=0.00, real=0.01 secs] 
23.814: [GC 23.814: [ParNew: 6976K->759K(7616K), 0.0030921 secs] 20657K->14440K(24732K), 0.0031669 secs] [Times: user=0.00 sys=0.00, real=0.00 secs] 
23.822: [GC 23.822: [ParNew: 7266K->594K(7616K), 0.0013855 secs] 20946K->14576K(24732K), 0.0014616 secs] [Times: user=0.00 sys=0.00, real=0.00 secs] 
23.829: [GC 23.829: [ParNew: 7078K->567K(7616K), 0.0013606 secs] 21060K->14762K(24732K), 0.0014381 secs] [Times: user=0.01 sys=0.00, real=0.00 secs] 
23.835: [GC 23.836: [ParNew: 7085K->478K(7616K), 0.0016469 secs] 21279K->14996K(24732K), 0.0017295 secs] [Times: user=0.01 sys=0.00, real=0.00 secs] 
23.841: [GC 23.841: [ParNew: 6975K->729K(7616K), 0.0011941 secs] 21493K->15247K(24732K), 0.0012619 secs] [Times: user=0.00 sys=0.00, real=0.00 secs] 
23.848: [GC 23.848: [ParNew: 7125K->371K(7616K), 0.0017108 secs] 21643K->15287K(24732K), 0.0017806 secs] [Times: user=0.00 sys=0.00, real=0.01 secs] 
23.853: [GC 23.853: [ParNew: 6867K->657K(7616K), 0.0010953 secs] 21783K->15572K(24732K), 0.0011873 secs] [Times: user=0.00 sys=0.00, real=0.00 secs] 
23.858: [GC 23.858: [ParNew: 7184K->546K(7616K), 0.0014318 secs] 22099K->15709K(24732K), 0.0015025 secs] [Times: user=0.00 sys=0.00, real=0.00 secs] 
23.867: [GC 23.867: [ParNew: 7057K->907K(7616K), 0.0013202 secs] 22220K->16070K(24732K), 0.0014317 secs] [Times: user=0.00 sys=0.00, real=0.01 secs] 
23.872: [GC 23.872: [ParNew: 7384K->436K(7616K), 0.0011680 secs] 22547K->15962K(24732K), 0.0012341 secs] [Times: user=0.00 sys=0.00, real=0.00 secs] 
23.882: [GC 23.882: [ParNew: 6919K->436K(7616K), 0.0018662 secs] 22445K->15962K(24732K), 0.0019406 secs] [Times: user=0.00 sys=0.00, real=0.00 secs] 
23.892: [GC 23.892: [ParNew: 6957K->498K(7616K), 0.0010077 secs] 22483K->16024K(24732K), 0.0010777 secs] [Times: user=0.00 sys=0.00, real=0.00 secs] 
23.901: [GC 23.901: [ParNew: 7018K->838K(7616K), 0.0017997 secs] 22544K->16365K(24732K), 0.0018644 secs] [Times: user=0.00 sys=0.00, real=0.00 secs] 
23.910: [GC 23.910: [ParNew: 7310K->387K(7616K), 0.0010452 secs] 22836K->16228K(24732K), 0.0011115 secs] [Times: user=0.00 sys=0.00, real=0.00 secs] 
23.915: [GC 23.916: [ParNew: 6915K->787K(7616K), 0.0012294 secs] 22755K->16628K(24732K), 0.0012939 secs] [Times: user=0.00 sys=0.00, real=0.00 secs] 
23.922: [GC 23.922: [ParNew: 7283K->899K(7616K), 0.0016307 secs] 23124K->17040K(24732K), 0.0017165 secs] [Times: user=0.00 sys=0.00, real=0.00 secs] 
23.927: [GC 23.927: [ParNew: 7404K->1007K(7616K), 0.0018434 secs] 23546K->17487K(24732K), 0.0019172 secs] [Times: user=0.00 sys=0.00, real=0.01 secs] 
23.936: [GC 23.936: [ParNew: 7519K->552K(7616K), 0.0023146 secs] 23999K->17498K(24732K), 0.0023861 secs] [Times: user=0.00 sys=0.00, real=0.01 secs] 
23.944: [GC 23.944: [ParNew: 7080K->110K(7616K), 0.0011118 secs]23.945: [Tenured: 17401K->7969K(17500K), 0.0703295 secs] 24026K->7969K(25116K), [Perm : 10697K->10697K(21248K)], 0.0717657 secs] [Times: user=0.07 sys=0.00, real=0.07 secs] 
24.024: [GC 24.024: [ParNew: 6528K->400K(7616K), 0.0006812 secs] 14497K->8369K(24732K), 0.0007292 secs] [Times: user=0.00 sys=0.00, real=0.00 secs] 
24.030: [GC 24.030: [ParNew: 6928K->474K(7616K), 0.0008848 secs] 14897K->8443K(24732K), 0.0009409 secs] [Times: user=0.00 sys=0.00, real=0.00 secs] 
24.035: [GC 24.035: [ParNew: 6991K->659K(7616K), 0.0011748 secs] 14961K->8628K(24732K), 0.0012559 secs] [Times: user=0.00 sys=0.00, real=0.00 secs] 
24.040: [GC 24.040: [ParNew: 7161K->500K(7616K), 0.0014652 secs] 15131K->8737K(24732K), 0.0015734 secs] [Times: user=0.01 sys=0.00, real=0.00 secs] 
24.049: [GC 24.049: [ParNew: 7004K->269K(7616K), 0.0011072 secs] 15241K->8506K(24732K), 0.0011571 secs] [Times: user=0.01 sys=0.00, real=0.00 secs] 
24.066: [GC 24.066: [ParNew: 6797K->381K(7616K), 0.0009543 secs] 15034K->8618K(24732K), 0.0010223 secs] [Times: user=0.00 sys=0.01, real=0.00 secs] 
24.071: [GC 24.071: [ParNew: 6909K->350K(7616K), 0.0008659 secs] 15146K->8587K(24732K), 0.0009201 secs] [Times: user=0.01 sys=0.00, real=0.00 secs] 
24.078: [GC 24.078: [ParNew: 6876K->567K(7616K), 0.0015954 secs] 15113K->8804K(24732K), 0.0016697 secs] [Times: user=0.00 sys=0.00, real=0.00 secs] 
24.084: [GC 24.084: [ParNew: 7090K->1046K(7616K), 0.0026674 secs] 15327K->9414K(24732K), 0.0027770 secs] [Times: user=0.00 sys=0.00, real=0.00 secs] 
24.091: [GC 24.091: [ParNew: 7540K->173K(7616K), 0.0015780 secs] 15907K->9483K(24732K), 0.0017726 secs] [Times: user=0.00 sys=0.00, real=0.00 secs] 
24.097: [GC 24.097: [ParNew: 6673K->201K(7616K), 0.0006027 secs] 15983K->9511K(24732K), 0.0006490 secs] [Times: user=0.00 sys=0.00, real=0.00 secs] 
24.101: [GC 24.101: [ParNew: 6723K->259K(7616K), 0.0007948 secs] 16033K->9569K(24732K), 0.0008463 secs] [Times: user=0.00 sys=0.00, real=0.00 secs] 
24.106: [GC 24.106: [ParNew: 6781K->550K(7616K), 0.0012304 secs] 16090K->9859K(24732K), 0.0012994 secs] [Times: user=0.00 sys=0.00, real=0.00 secs] 
24.116: [GC 24.116: [ParNew: 7078K->531K(7616K), 0.0018832 secs] 16387K->9907K(24732K), 0.0019756 secs] [Times: user=0.00 sys=0.00, real=0.01 secs] 
24.123: [GC 24.123: [ParNew: 6996K->680K(7616K), 0.0013253 secs] 16372K->10056K(24732K), 0.0013910 secs] [Times: user=0.00 sys=0.00, real=0.00 secs] 
24.130: [GC 24.130: [ParNew: 7201K->407K(7616K), 0.0008886 secs] 16578K->9958K(24732K), 0.0009647 secs] [Times: user=0.00 sys=0.00, real=0.00 secs] 
24.136: [GC 24.136: [ParNew: 6911K->430K(7616K), 0.0010872 secs] 16462K->9981K(24732K), 0.0011597 secs] [Times: user=0.00 sys=0.00, real=0.00 secs] 
24.146: [GC 24.146: [ParNew: 6958K->542K(7616K), 0.0009243 secs] 16509K->10093K(24732K), 0.0009805 secs] [Times: user=0.00 sys=0.00, real=0.00 secs] 
24.152: [GC 24.152: [ParNew: 7067K->1069K(7616K), 0.0014911 secs] 16618K->10620K(24732K), 0.0015587 secs] [Times: user=0.00 sys=0.00, real=0.00 secs] 
24.157: [GC 24.157: [ParNew: 7574K->233K(7616K), 0.0016068 secs] 17125K->10601K(24732K), 0.0016797 secs] [Times: user=0.00 sys=0.00, real=0.01 secs] 
24.163: [GC 24.163: [ParNew: 6730K->796K(7616K), 0.0009785 secs] 17098K->11164K(24732K), 0.0010442 secs] [Times: user=0.00 sys=0.00, real=0.00 secs] 
24.172: [GC 24.172: [ParNew: 7249K->237K(7616K), 0.0011492 secs] 17617K->11082K(24732K), 0.0012323 secs] [Times: user=0.00 sys=0.00, real=0.00 secs] 
24.177: [GC 24.177: [ParNew: 6706K->276K(7616K), 0.0008194 secs] 17551K->11122K(24732K), 0.0008687 secs] [Times: user=0.00 sys=0.00, real=0.01 secs] 
24.182: [GC 24.182: [ParNew: 6774K->317K(7616K), 0.0007861 secs] 17619K->11162K(24732K), 0.0008434 secs] [Times: user=0.00 sys=0.00, real=0.00 secs] 
24.191: [GC 24.191: [ParNew: 6716K->554K(7616K), 0.0009958 secs] 17562K->11400K(24732K), 0.0011062 secs] [Times: user=0.00 sys=0.00, real=0.00 secs] 
24.196: [GC 24.197: [ParNew: 7082K->512K(7616K), 0.0014100 secs] 17927K->11358K(24732K), 0.0014760 secs] [Times: user=0.00 sys=0.00, real=0.01 secs] 
24.202: [GC 24.202: [ParNew: 7015K->510K(7616K), 0.0009630 secs] 17860K->11355K(24732K), 0.0010256 secs] [Times: user=0.00 sys=0.00, real=0.00 secs] 
24.208: [GC 24.208: [ParNew: 7027K->740K(7616K), 0.0011559 secs] 17873K->11586K(24732K), 0.0012342 secs] [Times: user=0.00 sys=0.00, real=0.00 secs] 
24.213: [GC 24.213: [ParNew: 7237K->600K(7616K), 0.0013670 secs] 18082K->11678K(24732K), 0.0014522 secs] [Times: user=0.00 sys=0.00, real=0.00 secs] 
24.219: [GC 24.219: [ParNew: 7056K->372K(7616K), 0.0009048 secs] 18134K->11529K(24732K), 0.0009579 secs] [Times: user=0.00 sys=0.00, real=0.00 secs] 
24.228: [GC 24.228: [ParNew: 6899K->379K(7616K), 0.0011376 secs] 18057K->11536K(24732K), 0.0012048 secs] [Times: user=0.01 sys=0.00, real=0.01 secs] 
24.236: [GC 24.236: [ParNew: 6905K->595K(7616K), 0.0012757 secs] 18063K->11752K(24732K), 0.0013518 secs] [Times: user=0.00 sys=0.00, real=0.00 secs] 
24.243: [GC 24.243: [ParNew: 7114K->514K(7616K), 0.0012701 secs] 18271K->11773K(24732K), 0.0013456 secs] [Times: user=0.00 sys=0.00, real=0.00 secs] 
24.249: [GC 24.249: [ParNew: 7042K->595K(7616K), 0.0010314 secs] 18301K->11854K(24732K), 0.0011304 secs] [Times: user=0.00 sys=0.00, real=0.00 secs] 
24.254: [GC 24.254: [ParNew: 7113K->458K(7616K), 0.0013380 secs] 18372K->11793K(24732K), 0.0013991 secs] [Times: user=0.01 sys=0.00, real=0.00 secs] 
24.259: [GC 24.259: [ParNew: 6931K->608K(7616K), 0.0010404 secs] 18265K->11943K(24732K), 0.0011034 secs] [Times: user=0.01 sys=0.01, real=0.00 secs] 
24.264: [GC 24.264: [ParNew: 7123K->862K(7616K), 0.0012984 secs] 18458K->12197K(24732K), 0.0013696 secs] [Times: user=0.00 sys=0.00, real=0.00 secs] 
24.270: [GC 24.270: [ParNew: 7332K->109K(7616K), 0.0013400 secs] 18667K->12131K(24732K), 0.0014133 secs] [Times: user=0.00 sys=0.00, real=0.00 secs] 
24.276: [GC 24.276: [ParNew: 6614K->413K(7616K), 0.0009658 secs] 18637K->12435K(24732K), 0.0010356 secs] [Times: user=0.00 sys=0.00, real=0.00 secs] 
24.281: [GC 24.281: [ParNew: 6935K->860K(7616K), 0.0013568 secs] 18957K->12882K(24732K), 0.0014264 secs] [Times: user=0.00 sys=0.00, real=0.00 secs] 
24.287: [GC 24.288: [ParNew: 7359K->852K(7616K), 0.0014859 secs] 19381K->13217K(24732K), 0.0015667 secs] [Times: user=0.00 sys=0.00, real=0.01 secs] 
24.293: [GC 24.293: [ParNew: 7298K->609K(7616K), 0.0011763 secs] 19662K->13139K(24732K), 0.0012448 secs] [Times: user=0.00 sys=0.00, real=0.00 secs] 
24.298: [GC 24.298: [ParNew: 7096K->691K(7616K), 0.0013193 secs] 19626K->13382K(24732K), 0.0014105 secs] [Times: user=0.00 sys=0.00, real=0.00 secs] 
24.305: [GC 24.305: [ParNew: 7219K->745K(7616K), 0.0014384 secs] 19910K->13603K(24732K), 0.0015092 secs] [Times: user=0.01 sys=0.00, real=0.00 secs] 
24.312: [GC 24.312: [ParNew: 7253K->379K(7616K), 0.0013534 secs] 20110K->13485K(24732K), 0.0014488 secs] [Times: user=0.00 sys=0.00, real=0.00 secs] 
24.319: [GC 24.319: [ParNew: 6907K->467K(7616K), 0.0007968 secs] 20013K->13573K(24732K), 0.0008691 secs] [Times: user=0.00 sys=0.00, real=0.00 secs] 
24.324: [GC 24.324: [ParNew: 6993K->417K(7616K), 0.0011671 secs] 20099K->13523K(24732K), 0.0012326 secs] [Times: user=0.00 sys=0.00, real=0.00 secs] 
24.329: [GC 24.329: [ParNew: 6918K->619K(7616K), 0.0012372 secs] 20024K->13725K(24732K), 0.0013132 secs] [Times: user=0.00 sys=0.00, real=0.00 secs] 
24.334: [GC 24.334: [ParNew: 7119K->485K(7616K), 0.0010352 secs] 20225K->13753K(24732K), 0.0010976 secs] [Times: user=0.00 sys=0.00, real=0.00 secs] 
24.340: [GC 24.340: [ParNew: 6959K->739K(7616K), 0.0011948 secs] 20227K->14008K(24732K), 0.0012709 secs] [Times: user=0.00 sys=0.00, real=0.00 secs] 
24.346: [GC 24.346: [ParNew: 7255K->969K(7616K), 0.0014488 secs] 20524K->14506K(24732K), 0.0015305 secs] [Times: user=0.01 sys=0.00, real=0.01 secs] 
24.353: [GC 24.353: [ParNew: 7459K->444K(7616K), 0.0014282 secs] 20997K->14406K(24732K), 0.0015140 secs] [Times: user=0.01 sys=0.00, real=0.00 secs] 
24.359: [GC 24.359: [ParNew: 6952K->366K(7616K), 0.0010289 secs] 20914K->14328K(24732K), 0.0010867 secs] [Times: user=0.00 sys=0.00, real=0.00 secs] 
24.364: [GC 24.364: [ParNew: 6790K->394K(7616K), 0.0008055 secs] 20752K->14356K(24732K), 0.0008583 secs] [Times: user=0.00 sys=0.00, real=0.00 secs] 
24.373: [GC 24.373: [ParNew: 6886K->495K(7616K), 0.0008595 secs] 20848K->14456K(24732K), 0.0009147 secs] [Times: user=0.00 sys=0.00, real=0.00 secs] 
24.379: [GC 24.379: [ParNew: 7023K->780K(7616K), 0.0009702 secs] 20984K->14742K(24732K), 0.0010330 secs] [Times: user=0.00 sys=0.00, real=0.00 secs] 
24.384: [GC 24.384: [ParNew: 7302K->210K(7616K), 0.0014024 secs] 21264K->14885K(24732K), 0.0014683 secs] [Times: user=0.00 sys=0.00, real=0.00 secs] 
24.391: [GC 24.391: [ParNew: 6716K->598K(7616K), 0.0013096 secs] 21391K->15273K(24732K), 0.0013751 secs] [Times: user=0.00 sys=0.00, real=0.00 secs] 
24.397: [GC 24.397: [ParNew: 7104K->398K(7616K), 0.0011283 secs] 21779K->15252K(24732K), 0.0011883 secs] [Times: user=0.00 sys=0.00, real=0.01 secs] 
24.403: [GC 24.403: [ParNew: 6919K->298K(7616K), 0.0008490 secs] 21773K->15152K(24732K), 0.0009029 secs] [Times: user=0.00 sys=0.00, real=0.00 secs] 
24.408: [GC 24.408: [ParNew: 6823K->309K(7616K), 0.0010501 secs] 21677K->15163K(24732K), 0.0011068 secs] [Times: user=0.01 sys=0.00, real=0.00 secs] 
24.422: [GC 24.422: [ParNew: 6835K->647K(7616K), 0.0011048 secs] 21689K->15501K(24732K), 0.0011662 secs] [Times: user=0.01 sys=0.00, real=0.00 secs] 
24.427: [GC 24.427: [ParNew: 7156K->760K(7616K), 0.0013599 secs] 22010K->15707K(24732K), 0.0014320 secs] [Times: user=0.00 sys=0.00, real=0.01 secs] 
24.434: [GC 24.434: [ParNew: 7270K->733K(7616K), 0.0013559 secs] 22216K->16066K(24732K), 0.0014265 secs] [Times: user=0.00 sys=0.00, real=0.00 secs] 
24.440: [GC 24.440: [ParNew: 7211K->256K(7616K), 0.0015995 secs] 22544K->16215K(24732K), 0.0016733 secs] [Times: user=0.00 sys=0.00, real=0.00 secs] 
24.445: [GC 24.445: [ParNew: 6770K->208K(7616K), 0.0013285 secs] 22729K->16167K(24732K), 0.0014335 secs] [Times: user=0.00 sys=0.00, real=0.00 secs] 
24.451: [GC 24.451: [ParNew: 6712K->378K(7616K), 0.0008103 secs] 22670K->16337K(24732K), 0.0008591 secs] [Times: user=0.00 sys=0.00, real=0.00 secs] 
24.456: [GC 24.456: [ParNew: 6888K->567K(7616K), 0.0011621 secs] 22847K->16526K(24732K), 0.0012254 secs] [Times: user=0.00 sys=0.00, real=0.00 secs] 
24.465: [GC 24.465: [ParNew: 7095K->639K(7616K), 0.0017612 secs] 23054K->16723K(24732K), 0.0018256 secs] [Times: user=0.00 sys=0.00, real=0.00 secs] 
24.471: [GC 24.471: [ParNew: 7143K->736K(7616K), 0.0012406 secs] 23226K->16857K(24732K), 0.0013062 secs] [Times: user=0.01 sys=0.00, real=0.00 secs] 
24.476: [GC 24.476: [ParNew: 7218K->694K(7616K), 0.0015412 secs] 23339K->17248K(24732K), 0.0017191 secs] [Times: user=0.01 sys=0.00, real=0.01 secs] 
24.482: [GC 24.482: [ParNew: 7213K->500K(7616K), 0.0010876 secs] 23766K->17184K(24732K), 0.0011544 secs] [Times: user=0.01 sys=0.00, real=0.00 secs] 
24.488: [GC 24.488: [ParNew: 6975K->511K(7616K), 0.0012529 secs] 23659K->17195K(24732K), 0.0013204 secs] [Times: user=0.00 sys=0.00, real=0.01 secs] 
24.494: [GC 24.494: [ParNew: 6989K->390K(7616K), 0.0008752 secs] 23673K->17074K(24732K), 0.0009439 secs] [Times: user=0.00 sys=0.00, real=0.00 secs] 
24.500: [GC 24.500: [ParNew: 6900K->467K(7616K), 0.0008814 secs] 23583K->17151K(24732K), 0.0009598 secs] [Times: user=0.00 sys=0.00, real=0.00 secs] 
24.505: [GC 24.505: [ParNew: 6974K->731K(7616K), 0.0012782 secs] 23658K->17414K(24732K), 0.0013463 secs] [Times: user=0.00 sys=0.00, real=0.00 secs] 
24.510: [GC 24.510: [ParNew: 7226K->490K(7616K), 0.0014318 secs] 23909K->17398K(24732K), 0.0014990 secs] [Times: user=0.00 sys=0.00, real=0.00 secs] 
24.516: [GC 24.516: [ParNew: 6999K->599K(7616K), 0.0015259 secs] 23908K->17508K(24732K), 0.0016256 secs] [Times: user=0.01 sys=0.00, real=0.01 secs] 
24.522: [GC 24.522: [ParNew: 7099K->608K(7616K), 0.0011837 secs] 24007K->17591K(24732K), 0.0012652 secs] [Times: user=0.01 sys=0.00, real=0.00 secs] 
24.527: [GC 24.527: [ParNew: 7100K->422K(7616K), 0.0010191 secs] 24084K->17478K(24732K), 0.0010814 secs] [Times: user=0.00 sys=0.00, real=0.01 secs] 
24.535: [GC 24.535: [ParNew: 6919K->570K(7616K), 0.0009811 secs] 23974K->17626K(24732K), 0.0010576 secs] [Times: user=0.00 sys=0.00, real=0.00 secs] 
24.541: [GC 24.542: [ParNew: 7089K->613K(7616K), 0.0016158 secs]24.543: [Tenured: 17199K->7593K(17308K), 0.0761413 secs] 24144K->7593K(24924K), [Perm : 10697K->10697K(21248K)], 0.0780926 secs] [Times: user=0.08 sys=0.01, real=0.08 secs] 
24.625: [GC 24.625: [ParNew: 6491K->686K(7616K), 0.0011332 secs] 14084K->8279K(24732K), 0.0012079 secs] [Times: user=0.01 sys=0.00, real=0.00 secs] 
24.632: [GC 24.632: [ParNew: 7214K->737K(7616K), 0.0017063 secs] 14807K->8966K(24732K), 0.0017809 secs] [Times: user=0.01 sys=0.00, real=0.00 secs] 
24.639: [GC 24.639: [ParNew: 7253K->357K(7616K), 0.0013531 secs] 15482K->9293K(24732K), 0.0014245 secs] [Times: user=0.01 sys=0.00, real=0.00 secs] 
24.645: [GC 24.645: [ParNew: 6857K->567K(7616K), 0.0008593 secs] 15793K->9503K(24732K), 0.0009215 secs] [Times: user=0.01 sys=0.00, real=0.00 secs] 
24.651: [GC 24.652: [ParNew: 6980K->646K(7616K), 0.0011090 secs] 15916K->9786K(24732K), 0.0011924 secs] [Times: user=0.00 sys=0.00, real=0.00 secs] 
24.657: [GC 24.657: [ParNew: 7168K->439K(7616K), 0.0010963 secs] 16308K->9829K(24732K), 0.0011619 secs] [Times: user=0.00 sys=0.00, real=0.01 secs] 
24.664: [GC 24.664: [ParNew: 6964K->738K(7616K), 0.0011190 secs] 16354K->10129K(24732K), 0.0011980 secs] [Times: user=0.00 sys=0.00, real=0.00 secs] 
24.668: [GC 24.669: [ParNew: 7224K->451K(7616K), 0.0012158 secs] 16615K->10134K(24732K), 0.0012858 secs] [Times: user=0.00 sys=0.00, real=0.00 secs] 
24.674: [GC 24.674: [ParNew: 6979K->726K(7616K), 0.0010604 secs] 16661K->10409K(24732K), 0.0011217 secs] [Times: user=0.00 sys=0.00, real=0.00 secs] 
24.680: [GC 24.680: [ParNew: 7244K->567K(7616K), 0.0013577 secs] 16927K->10596K(24732K), 0.0014376 secs] [Times: user=0.00 sys=0.00, real=0.00 secs] 
24.686: [GC 24.686: [ParNew: 7055K->686K(7616K), 0.0013206 secs] 17084K->10715K(24732K), 0.0013892 secs] [Times: user=0.01 sys=0.00, real=0.00 secs] 
24.691: [GC 24.691: [ParNew: 7190K->618K(7616K), 0.0012257 secs] 17219K->10864K(24732K), 0.0012978 secs] [Times: user=0.01 sys=0.00, real=0.00 secs] 
24.697: [GC 24.697: [ParNew: 7116K->628K(7616K), 0.0011362 secs] 17362K->11114K(24732K), 0.0012086 secs] [Times: user=0.00 sys=0.00, real=0.01 secs] 
24.702: [GC 24.702: [ParNew: 7085K->951K(7616K), 0.0017328 secs] 17571K->11541K(24732K), 0.0018046 secs] [Times: user=0.00 sys=0.00, real=0.00 secs] 
24.709: [GC 24.709: [ParNew: 7463K->534K(7616K), 0.0011966 secs] 18053K->11482K(24732K), 0.0012825 secs] [Times: user=0.00 sys=0.00, real=0.00 secs] 
24.715: [GC 24.715: [ParNew: 7053K->799K(7616K), 0.0011145 secs] 18001K->11747K(24732K), 0.0011778 secs] [Times: user=0.00 sys=0.00, real=0.00 secs] 
24.721: [GC 24.721: [ParNew: 7298K->553K(7616K), 0.0015474 secs] 18246K->11876K(24732K), 0.0016269 secs] [Times: user=0.00 sys=0.00, real=0.00 secs] 
24.728: [GC 24.728: [ParNew: 7060K->578K(7616K), 0.0010695 secs] 18384K->12007K(24732K), 0.0011475 secs] [Times: user=0.00 sys=0.00, real=0.01 secs] 
24.733: [GC 24.733: [ParNew: 7089K->1043K(7616K), 0.0014270 secs] 18518K->12577K(24732K), 0.0014994 secs] [Times: user=0.00 sys=0.00, real=0.00 secs] 
24.742: [GC 24.742: [ParNew: 7511K->464K(7616K), 0.0020038 secs] 19046K->12794K(24732K), 0.0020800 secs] [Times: user=0.01 sys=0.00, real=0.00 secs] 
24.749: [GC 24.749: [ParNew: 6946K->773K(7616K), 0.0009743 secs] 19276K->13102K(24732K), 0.0010563 secs] [Times: user=0.00 sys=0.00, real=0.00 secs] 
24.755: [GC 24.755: [ParNew: 7289K->480K(7616K), 0.0012402 secs] 19618K->12843K(24732K), 0.0013222 secs] [Times: user=0.00 sys=0.00, real=0.00 secs] 
24.760: [GC 24.760: [ParNew: 6905K->482K(7616K), 0.0009840 secs] 19268K->12845K(24732K), 0.0010398 secs] [Times: user=0.00 sys=0.00, real=0.00 secs] 
24.768: [GC 24.768: [ParNew: 7010K->592K(7616K), 0.0013644 secs] 19373K->12956K(24732K), 0.0014536 secs] [Times: user=0.00 sys=0.00, real=0.01 secs] 
24.774: [GC 24.774: [ParNew: 7120K->416K(7616K), 0.0010739 secs] 19484K->12976K(24732K), 0.0011412 secs] [Times: user=0.00 sys=0.00, real=0.00 secs] 
24.780: [GC 24.781: [ParNew: 6939K->713K(7616K), 0.0009928 secs] 19498K->13272K(24732K), 0.0010512 secs] [Times: user=0.00 sys=0.00, real=0.00 secs] 
24.786: [GC 24.786: [ParNew: 7195K->945K(7616K), 0.0014665 secs] 19754K->13807K(24732K), 0.0015453 secs] [Times: user=0.00 sys=0.00, real=0.00 secs] 
24.792: [GC 24.792: [ParNew: 7469K->498K(7616K), 0.0019454 secs] 20330K->13911K(24732K), 0.0020195 secs] [Times: user=0.00 sys=0.00, real=0.00 secs] 
24.799: [GC 24.799: [ParNew: 7025K->631K(7616K), 0.0010492 secs] 20439K->14045K(24732K), 0.0011291 secs] [Times: user=0.00 sys=0.00, real=0.00 secs] 
24.804: [GC 24.804: [ParNew: 7156K->310K(7616K), 0.0012185 secs] 20569K->14156K(24732K), 0.0012864 secs] [Times: user=0.00 sys=0.00, real=0.00 secs] 
24.811: [GC 24.811: [ParNew: 6834K->562K(7616K), 0.0008789 secs] 20680K->14408K(24732K), 0.0009330 secs] [Times: user=0.00 sys=0.00, real=0.00 secs] 
24.816: [GC 24.816: [ParNew: 7090K->378K(7616K), 0.0009515 secs] 20936K->14338K(24732K), 0.0010131 secs] [Times: user=0.01 sys=0.00, real=0.00 secs] 
24.827: [GC 24.827: [ParNew: 6906K->438K(7616K), 0.0008005 secs] 20866K->14398K(24732K), 0.0008573 secs] [Times: user=0.00 sys=0.00, real=0.00 secs] 
24.833: [GC 24.833: [ParNew: 6966K->525K(7616K), 0.0009350 secs] 20926K->14485K(24732K), 0.0009890 secs] [Times: user=0.00 sys=0.00, real=0.00 secs] 
24.840: [GC 24.840: [ParNew: 7053K->890K(7616K), 0.0013142 secs] 21013K->14850K(24732K), 0.0013918 secs] [Times: user=0.00 sys=0.00, real=0.00 secs] 
24.845: [GC 24.845: [ParNew: 7415K->733K(7616K), 0.0042005 secs] 21375K->15140K(24732K), 0.0042884 secs] [Times: user=0.01 sys=0.00, real=0.01 secs] 
24.853: [GC 24.853: [ParNew: 7256K->613K(7616K), 0.0014792 secs] 21663K->15401K(24732K), 0.0015572 secs] [Times: user=0.01 sys=0.00, real=0.00 secs] 
24.859: [GC 24.859: [ParNew: 7116K->323K(7616K), 0.0011472 secs] 21905K->15326K(24732K), 0.0013799 secs] [Times: user=0.00 sys=0.00, real=0.00 secs] 
24.865: [GC 24.865: [ParNew: 6841K->667K(7616K), 0.0011483 secs] 21844K->15670K(24732K), 0.0012419 secs] [Times: user=0.00 sys=0.00, real=0.00 secs] 
24.874: [GC 24.874: [ParNew: 7183K->528K(7616K), 0.0011206 secs] 22185K->15686K(24732K), 0.0011888 secs] [Times: user=0.00 sys=0.00, real=0.00 secs] 
24.881: [GC 24.881: [ParNew: 7056K->1028K(7616K), 0.0016164 secs] 22214K->16186K(24732K), 0.0017027 secs] [Times: user=0.00 sys=0.00, real=0.00 secs] 
24.887: [GC 24.887: [ParNew: 7546K->189K(7616K), 0.0018448 secs] 22705K->16123K(24732K), 0.0019121 secs] [Times: user=0.00 sys=0.00, real=0.01 secs] 
24.896: [GC 24.896: [ParNew: 6676K->706K(7616K), 0.0008974 secs] 22611K->16641K(24732K), 0.0010071 secs] [Times: user=0.00 sys=0.01, real=0.00 secs] 
24.901: [GC 24.901: [ParNew: 7208K->330K(7616K), 0.0009163 secs] 23143K->16430K(24732K), 0.0009735 secs] [Times: user=0.00 sys=0.00, real=0.00 secs] 
24.906: [GC 24.907: [ParNew: 6823K->388K(7616K), 0.0009027 secs] 22923K->16489K(24732K), 0.0009660 secs] [Times: user=0.01 sys=0.00, real=0.00 secs] 
24.911: [GC 24.911: [ParNew: 6914K->561K(7616K), 0.0010957 secs] 23014K->16661K(24732K), 0.0011571 secs] [Times: user=0.00 sys=0.00, real=0.00 secs] 
24.917: [GC 24.917: [ParNew: 7036K->327K(7616K), 0.0010349 secs] 23137K->16615K(24732K), 0.0011054 secs] [Times: user=0.00 sys=0.00, real=0.01 secs] 
24.922: [GC 24.922: [ParNew: 6802K->611K(7616K), 0.0009702 secs] 23090K->16899K(24732K), 0.0010320 secs] [Times: user=0.00 sys=0.00, real=0.00 secs] 
24.927: [GC 24.927: [ParNew: 7108K->650K(7616K), 0.0017836 secs] 23396K->16995K(24732K), 0.0018681 secs] [Times: user=0.00 sys=0.00, real=0.01 secs] 
24.933: [GC 24.933: [ParNew: 7175K->912K(7616K), 0.0015077 secs] 23520K->17493K(24732K), 0.0015961 secs] [Times: user=0.00 sys=0.00, real=0.00 secs] 
24.941: [GC 24.941: [ParNew: 7440K->366K(7616K), 0.0014405 secs]24.943: [Tenured: 17284K->8635K(17308K), 0.0706112 secs] 24021K->8635K(24924K), [Perm : 10697K->10697K(21248K)], 0.0723051 secs] [Times: user=0.07 sys=0.00, real=0.07 secs] 
25.019: [GC 25.019: [ParNew: 6505K->102K(7616K), 0.0007625 secs] 15140K->8738K(24732K), 0.0008370 secs] [Times: user=0.00 sys=0.00, real=0.00 secs] 
25.024: [GC 25.024: [ParNew: 6627K->524K(7616K), 0.0009390 secs] 15263K->9160K(24732K), 0.0010056 secs] [Times: user=0.00 sys=0.00, real=0.00 secs] 
25.029: [GC 25.029: [ParNew: 7047K->529K(7616K), 0.0011957 secs] 15682K->9165K(24732K), 0.0012654 secs] [Times: user=0.00 sys=0.00, real=0.00 secs] 
25.034: [GC 25.034: [ParNew: 7026K->506K(7616K), 0.0010215 secs] 15661K->9142K(24732K), 0.0010896 secs] [Times: user=0.00 sys=0.00, real=0.00 secs] 
25.040: [GC 25.040: [ParNew: 7012K->633K(7616K), 0.0009737 secs] 15648K->9268K(24732K), 0.0010354 secs] [Times: user=0.00 sys=0.00, real=0.00 secs] 
25.046: [GC 25.046: [ParNew: 7142K->408K(7616K), 0.0009909 secs] 15778K->9244K(24732K), 0.0010720 secs] [Times: user=0.00 sys=0.00, real=0.00 secs] 
25.051: [GC 25.051: [ParNew: 6930K->402K(7616K), 0.0007891 secs] 15766K->9238K(24732K), 0.0008513 secs] [Times: user=0.00 sys=0.00, real=0.00 secs] 
25.056: [GC 25.057: [ParNew: 6924K->632K(7616K), 0.0009966 secs] 15760K->9468K(24732K), 0.0010686 secs] [Times: user=0.00 sys=0.01, real=0.00 secs] 
25.061: [GC 25.061: [ParNew: 7129K->817K(7616K), 0.0014432 secs] 15966K->9767K(24732K), 0.0015219 secs] [Times: user=0.00 sys=0.00, real=0.00 secs] 
25.067: [GC 25.067: [ParNew: 7322K->763K(7616K), 0.0017288 secs] 16272K->10159K(24732K), 0.0018045 secs] [Times: user=0.00 sys=0.00, real=0.01 secs] 
25.074: [GC 25.074: [ParNew: 7288K->786K(7616K), 0.0014366 secs] 16685K->10520K(24732K), 0.0015218 secs] [Times: user=0.00 sys=0.00, real=0.00 secs] 
25.080: [GC 25.080: [ParNew: 7306K->737K(7616K), 0.0012697 secs] 17040K->10829K(24732K), 0.0013387 secs] [Times: user=0.00 sys=0.00, real=0.00 secs] 
25.088: [GC 25.088: [ParNew: 7239K->574K(7616K), 0.0010780 secs] 17331K->10899K(24732K), 0.0011586 secs] [Times: user=0.00 sys=0.00, real=0.01 secs] 
25.093: [GC 25.093: [ParNew: 7049K->626K(7616K), 0.0011683 secs] 17374K->11198K(24732K), 0.0012362 secs] [Times: user=0.00 sys=0.00, real=0.00 secs] 
25.100: [GC 25.100: [ParNew: 7148K->417K(7616K), 0.0016995 secs] 17720K->11200K(24732K), 0.0017873 secs] [Times: user=0.01 sys=0.00, real=0.00 secs] 
25.107: [GC 25.107: [ParNew: 6940K->483K(7616K), 0.0009544 secs] 17724K->11266K(24732K), 0.0010139 secs] [Times: user=0.00 sys=0.00, real=0.00 secs] 
25.111: [GC 25.111: [ParNew: 6942K->633K(7616K), 0.0011263 secs] 17725K->11416K(24732K), 0.0011920 secs] [Times: user=0.00 sys=0.00, real=0.00 secs] 
25.119: [GC 25.119: [ParNew: 7146K->653K(7616K), 0.0012392 secs] 17929K->11583K(24732K), 0.0014119 secs] [Times: user=0.00 sys=0.00, real=0.00 secs] 
25.124: [GC 25.124: [ParNew: 7180K->432K(7616K), 0.0010780 secs] 18110K->11518K(24732K), 0.0011380 secs] [Times: user=0.00 sys=0.00, real=0.00 secs] 
25.130: [GC 25.130: [ParNew: 6948K->932K(7616K), 0.0017698 secs] 18034K->12018K(24732K), 0.0018478 secs] [Times: user=0.00 sys=0.00, real=0.00 secs] 
25.136: [GC 25.136: [ParNew: 7405K->298K(7616K), 0.0012571 secs] 18491K->11974K(24732K), 0.0013267 secs] [Times: user=0.00 sys=0.00, real=0.00 secs] 
25.141: [GC 25.141: [ParNew: 6781K->324K(7616K), 0.0007710 secs] 18457K->12000K(24732K), 0.0008210 secs] [Times: user=0.01 sys=0.00, real=0.00 secs] 
25.146: [GC 25.146: [ParNew: 6842K->327K(7616K), 0.0010671 secs] 18518K->12003K(24732K), 0.0011334 secs] [Times: user=0.00 sys=0.00, real=0.00 secs] 
25.152: [GC 25.152: [ParNew: 6824K->588K(7616K), 0.0010699 secs] 18500K->12264K(24732K), 0.0011370 secs] [Times: user=0.00 sys=0.00, real=0.00 secs] 
25.160: [GC 25.160: [ParNew: 7066K->478K(7616K), 0.0014152 secs] 18742K->12154K(24732K), 0.0015960 secs] [Times: user=0.00 sys=0.00, real=0.00 secs] 
25.166: [GC 25.166: [ParNew: 6990K->774K(7616K), 0.0012149 secs] 18666K->12450K(24732K), 0.0012835 secs] [Times: user=0.00 sys=0.00, real=0.00 secs] 
25.172: [GC 25.172: [ParNew: 7290K->535K(7616K), 0.0013177 secs] 18966K->12374K(24732K), 0.0013886 secs] [Times: user=0.01 sys=0.00, real=0.00 secs] 
25.181: [GC 25.181: [ParNew: 7062K->556K(7616K), 0.0011133 secs] 18902K->12395K(24732K), 0.0011748 secs] [Times: user=0.00 sys=0.00, real=0.00 secs] 
25.187: [GC 25.187: [ParNew: 7079K->355K(7616K), 0.0017206 secs] 18918K->12516K(24732K), 0.0017962 secs] [Times: user=0.01 sys=0.00, real=0.01 secs] 
25.194: [GC 25.194: [ParNew: 6846K->552K(7616K), 0.0010295 secs] 19007K->12712K(24732K), 0.0011068 secs] [Times: user=0.01 sys=0.00, real=0.00 secs] 
25.200: [GC 25.200: [ParNew: 7076K->459K(7616K), 0.0009192 secs] 19237K->12653K(24732K), 0.0009755 secs] [Times: user=0.00 sys=0.00, real=0.00 secs] 
25.205: [GC 25.205: [ParNew: 6940K->406K(7616K), 0.0009201 secs] 19134K->12600K(24732K), 0.0009742 secs] [Times: user=0.00 sys=0.00, real=0.00 secs] 
25.210: [GC 25.210: [ParNew: 6928K->527K(7616K), 0.0010854 secs] 19122K->12721K(24732K), 0.0011479 secs] [Times: user=0.00 sys=0.00, real=0.00 secs] 
25.216: [GC 25.216: [ParNew: 7053K->941K(7616K), 0.0013699 secs] 19247K->13135K(24732K), 0.0014434 secs] [Times: user=0.00 sys=0.00, real=0.00 secs] 
25.223: [GC 25.223: [ParNew: 7461K->792K(7616K), 0.0017585 secs] 19655K->13412K(24732K), 0.0018539 secs] [Times: user=0.00 sys=0.00, real=0.00 secs] 
25.229: [GC 25.229: [ParNew: 7319K->780K(7616K), 0.0016307 secs] 19939K->13652K(24732K), 0.0017243 secs] [Times: user=0.00 sys=0.00, real=0.00 secs] 
25.236: [GC 25.236: [ParNew: 7299K->527K(7616K), 0.0015150 secs] 20171K->13725K(24732K), 0.0015873 secs] [Times: user=0.00 sys=0.00, real=0.00 secs] 
25.241: [GC 25.241: [ParNew: 7024K->615K(7616K), 0.0015002 secs] 20222K->13814K(24732K), 0.0015709 secs] [Times: user=0.00 sys=0.00, real=0.00 secs] 
25.248: [GC 25.248: [ParNew: 7125K->1084K(7616K), 0.0015000 secs] 20324K->14622K(24732K), 0.0015847 secs] [Times: user=0.00 sys=0.00, real=0.00 secs] 
25.255: [GC 25.255: [ParNew: 7606K->215K(7616K), 0.0014272 secs] 21143K->14555K(24732K), 0.0015092 secs] [Times: user=0.01 sys=0.00, real=0.00 secs] 
25.261: [GC 25.261: [ParNew: 6732K->293K(7616K), 0.0008765 secs] 21072K->14633K(24732K), 0.0009270 secs] [Times: user=0.01 sys=0.00, real=0.00 secs] 
25.267: [GC 25.267: [ParNew: 6793K->975K(7616K), 0.0012742 secs] 21132K->15315K(24732K), 0.0013422 secs] [Times: user=0.00 sys=0.00, real=0.01 secs] 
25.273: [GC 25.273: [ParNew: 7468K->806K(7616K), 0.0021347 secs] 21808K->16023K(24732K), 0.0022171 secs] [Times: user=0.00 sys=0.00, real=0.00 secs] 
25.280: [GC 25.280: [ParNew: 7319K->467K(7616K), 0.0014292 secs] 22536K->16370K(24732K), 0.0015008 secs] [Times: user=0.00 sys=0.00, real=0.00 secs] 
25.288: [GC 25.288: [ParNew: 6968K->752K(7616K), 0.0013394 secs] 22871K->16655K(24732K), 0.0014015 secs] [Times: user=0.00 sys=0.00, real=0.01 secs] 
25.294: [GC 25.294: [ParNew: 7267K->944K(7616K), 0.0017466 secs] 23170K->17193K(24732K), 0.0018933 secs] [Times: user=0.00 sys=0.00, real=0.00 secs] 
25.302: [GC 25.302: [ParNew: 7445K->266K(7616K), 0.0011844 secs] 23695K->17157K(24732K), 0.0012565 secs] [Times: user=0.00 sys=0.00, real=0.00 secs] 
25.312: [GC 25.312: [ParNew: 6735K->273K(7616K), 0.0014376 secs] 23625K->17164K(24732K), 0.0015059 secs] [Times: user=0.00 sys=0.00, real=0.00 secs] 
25.320: [GC 25.320: [ParNew: 6801K->441K(7616K), 0.0009686 secs] 23692K->17331K(24732K), 0.0010418 secs] [Times: user=0.00 sys=0.00, real=0.00 secs] 
25.325: [GC 25.325: [ParNew: 6909K->616K(7616K), 0.0010991 secs] 23799K->17507K(24732K), 0.0011635 secs] [Times: user=0.00 sys=0.00, real=0.00 secs] 
25.330: [GC 25.331: [ParNew: 7065K->563K(7616K), 0.0012964 secs]25.332: [Tenured: 17257K->8366K(17308K), 0.0707677 secs] 23956K->8366K(24924K), [Perm : 10697K->10697K(21248K)], 0.0722926 secs] [Times: user=0.07 sys=0.01, real=0.07 secs] 
25.407: [GC 25.407: [ParNew: 6489K->324K(7616K), 0.0008197 secs] 14855K->8690K(24732K), 0.0008734 secs] [Times: user=0.00 sys=0.00, real=0.01 secs] 
25.413: [GC 25.413: [ParNew: 6831K->430K(7616K), 0.0007466 secs] 15198K->8796K(24732K), 0.0008147 secs] [Times: user=0.00 sys=0.00, real=0.00 secs] 
25.419: [GC 25.420: [ParNew: 6876K->386K(7616K), 0.0008257 secs] 15243K->8753K(24732K), 0.0008741 secs] [Times: user=0.01 sys=0.00, real=0.00 secs] 
25.426: [GC 25.426: [ParNew: 6868K->447K(7616K), 0.0013300 secs] 15235K->8814K(24732K), 0.0013838 secs] [Times: user=0.00 sys=0.00, real=0.00 secs] 
25.433: [GC 25.433: [ParNew: 6975K->336K(7616K), 0.0008049 secs] 15342K->8702K(24732K), 0.0008538 secs] [Times: user=0.00 sys=0.00, real=0.00 secs] 
25.438: [GC 25.438: [ParNew: 6837K->399K(7616K), 0.0008961 secs] 15204K->8766K(24732K), 0.0009651 secs] [Times: user=0.00 sys=0.00, real=0.00 secs] 
25.446: [GC 25.446: [ParNew: 6918K->875K(7616K), 0.0016682 secs] 15285K->9242K(24732K), 0.0017627 secs] [Times: user=0.00 sys=0.00, real=0.00 secs] 
25.453: [GC 25.454: [ParNew: 7379K->1063K(7616K), 0.0017491 secs] 15746K->9970K(24732K), 0.0018354 secs] [Times: user=0.00 sys=0.00, real=0.00 secs] 
25.461: [GC 25.461: [ParNew: 7591K->301K(7616K), 0.0014516 secs] 16498K->9984K(24732K), 0.0015161 secs] [Times: user=0.00 sys=0.00, real=0.00 secs] 
25.468: [GC 25.468: [ParNew: 6671K->304K(7616K), 0.0008658 secs] 16355K->9987K(24732K), 0.0009256 secs] [Times: user=0.00 sys=0.00, real=0.00 secs] 
25.473: [GC 25.473: [ParNew: 6809K->490K(7616K), 0.0012788 secs] 16492K->10173K(24732K), 0.0013516 secs] [Times: user=0.00 sys=0.00, real=0.00 secs] 
25.480: [GC 25.480: [ParNew: 6887K->774K(7616K), 0.0012013 secs] 16571K->10457K(24732K), 0.0012876 secs] [Times: user=0.00 sys=0.00, real=0.00 secs] 
25.487: [GC 25.487: [ParNew: 7279K->341K(7616K), 0.0010766 secs] 16962K->10436K(24732K), 0.0011455 secs] [Times: user=0.00 sys=0.00, real=0.01 secs] 
25.506: [GC 25.506: [ParNew: 6862K->196K(7616K), 0.0012699 secs] 16957K->10292K(24732K), 0.0013335 secs] [Times: user=0.01 sys=0.00, real=0.00 secs] 
25.519: [GC 25.519: [ParNew: 6721K->215K(7616K), 0.0015017 secs] 16816K->10310K(24732K), 0.0015683 secs] [Times: user=0.00 sys=0.00, real=0.00 secs] 
25.527: [GC 25.527: [ParNew: 6720K->334K(7616K), 0.0014557 secs] 16815K->10430K(24732K), 0.0015408 secs] [Times: user=0.00 sys=0.00, real=0.01 secs] 
25.536: [GC 25.536: [ParNew: 6862K->362K(7616K), 0.0035944 secs] 16958K->10457K(24732K), 0.0036651 secs] [Times: user=0.01 sys=0.00, real=0.01 secs] 
25.548: [GC 25.548: [ParNew: 6878K->418K(7616K), 0.0010047 secs] 16973K->10513K(24732K), 0.0010618 secs] [Times: user=0.00 sys=0.00, real=0.01 secs] 
25.556: [GC 25.556: [ParNew: 6883K->391K(7616K), 0.0024162 secs] 16979K->10486K(24732K), 0.0024829 secs] [Times: user=0.00 sys=0.00, real=0.01 secs] 
25.565: [GC 25.565: [ParNew: 6853K->551K(7616K), 0.0010948 secs] 16948K->10646K(24732K), 0.0011714 secs] [Times: user=0.00 sys=0.00, real=0.00 secs] 
25.571: [GC 25.571: [ParNew: 7061K->532K(7616K), 0.0018319 secs] 17156K->10746K(24732K), 0.0019190 secs] [Times: user=0.00 sys=0.00, real=0.00 secs] 
25.579: [GC 25.579: [ParNew: 6974K->452K(7616K), 0.0043725 secs] 17187K->10665K(24732K), 0.0046085 secs] [Times: user=0.01 sys=0.01, real=0.00 secs] 
25.592: [GC 25.592: [ParNew: 6965K->712K(7616K), 0.0010163 secs] 17179K->10925K(24732K), 0.0010756 secs] [Times: user=0.00 sys=0.00, real=0.00 secs] 
25.598: [GC 25.598: [ParNew: 7211K->498K(7616K), 0.0011215 secs] 17424K->10909K(24732K), 0.0012193 secs] [Times: user=0.00 sys=0.00, real=0.01 secs] 
25.604: [GC 25.604: [ParNew: 7025K->499K(7616K), 0.0015487 secs] 17436K->10909K(24732K), 0.0016301 secs] [Times: user=0.00 sys=0.00, real=0.00 secs] 
25.615: [GC 25.615: [ParNew: 7027K->970K(7616K), 0.0014290 secs] 17437K->11381K(24732K), 0.0014947 secs] [Times: user=0.00 sys=0.00, real=0.00 secs] 
25.623: [GC 25.623: [ParNew: 7433K->508K(7616K), 0.0012926 secs] 17844K->11345K(24732K), 0.0013874 secs] [Times: user=0.01 sys=0.00, real=0.00 secs] 
25.630: [GC 25.630: [ParNew: 7014K->810K(7616K), 0.0017188 secs] 17851K->11648K(24732K), 0.0017966 secs] [Times: user=0.00 sys=0.00, real=0.00 secs] 
25.639: [GC 25.639: [ParNew: 7252K->566K(7616K), 0.0017775 secs] 18090K->11844K(24732K), 0.0018486 secs] [Times: user=0.00 sys=0.00, real=0.00 secs] 
25.651: [GC 25.652: [ParNew: 7054K->523K(7616K), 0.0014524 secs] 18332K->11928K(24732K), 0.0015180 secs] [Times: user=0.00 sys=0.00, real=0.00 secs] 
25.657: [GC 25.657: [ParNew: 7051K->473K(7616K), 0.0022591 secs] 18456K->11878K(24732K), 0.0023321 secs] [Times: user=0.00 sys=0.00, real=0.01 secs] 
25.665: [GC 25.665: [ParNew: 6981K->690K(7616K), 0.0015913 secs] 18386K->12094K(24732K), 0.0016717 secs] [Times: user=0.00 sys=0.00, real=0.00 secs] 
25.671: [GC 25.671: [ParNew: 7197K->475K(7616K), 0.0020466 secs] 18602K->12082K(24732K), 0.0021235 secs] [Times: user=0.01 sys=0.00, real=0.00 secs] 
25.678: [GC 25.678: [ParNew: 6992K->823K(7616K), 0.0013684 secs] 18598K->12429K(24732K), 0.0014434 secs] [Times: user=0.01 sys=0.00, real=0.00 secs] 
25.684: [GC 25.684: [ParNew: 7320K->547K(7616K), 0.0016240 secs] 18927K->12531K(24732K), 0.0016963 secs] [Times: user=0.00 sys=0.00, real=0.00 secs] 
25.690: [GC 25.690: [ParNew: 7059K->579K(7616K), 0.0021115 secs] 19043K->12638K(24732K), 0.0021876 secs] [Times: user=0.01 sys=0.00, real=0.00 secs] 
25.698: [GC 25.698: [ParNew: 7067K->472K(7616K), 0.0016756 secs] 19127K->12763K(24732K), 0.0017490 secs] [Times: user=0.00 sys=0.00, real=0.00 secs] 
25.704: [GC 25.704: [ParNew: 6997K->717K(7616K), 0.0011967 secs] 19289K->13008K(24732K), 0.0012788 secs] [Times: user=0.00 sys=0.00, real=0.00 secs] 
25.709: [GC 25.710: [ParNew: 7179K->811K(7616K), 0.0026188 secs] 19470K->13269K(24732K), 0.0026970 secs] [Times: user=0.00 sys=0.00, real=0.00 secs] 
25.716: [GC 25.716: [ParNew: 7330K->763K(7616K), 0.0030799 secs] 19788K->13591K(24732K), 0.0031550 secs] [Times: user=0.00 sys=0.00, real=0.01 secs] 
25.725: [GC 25.725: [ParNew: 7291K->385K(7616K), 0.0014703 secs] 20119K->13444K(24732K), 0.0015413 secs] [Times: user=0.00 sys=0.00, real=0.00 secs] 
25.732: [GC 25.732: [ParNew: 6893K->494K(7616K), 0.0016024 secs] 19953K->13554K(24732K), 0.0016932 secs] [Times: user=0.00 sys=0.00, real=0.00 secs] 
25.739: [GC 25.739: [ParNew: 7008K->742K(7616K), 0.0013884 secs] 20067K->13802K(24732K), 0.0014655 secs] [Times: user=0.01 sys=0.00, real=0.00 secs] 
25.745: [GC 25.745: [ParNew: 7232K->521K(7616K), 0.0019246 secs] 20292K->13858K(24732K), 0.0020152 secs] [Times: user=0.01 sys=0.00, real=0.00 secs] 
25.752: [GC 25.753: [ParNew: 7007K->663K(7616K), 0.0016935 secs] 20344K->14001K(24732K), 0.0017738 secs] [Times: user=0.01 sys=0.00, real=0.00 secs] 
25.759: [GC 25.759: [ParNew: 7150K->423K(7616K), 0.0011476 secs] 20487K->14016K(24732K), 0.0012334 secs] [Times: user=0.00 sys=0.00, real=0.00 secs] 
25.766: [GC 25.766: [ParNew: 6951K->1055K(7616K), 0.0013019 secs] 20544K->14648K(24732K), 0.0013822 secs] [Times: user=0.00 sys=0.00, real=0.00 secs] 
25.772: [GC 25.772: [ParNew: 7560K->209K(7616K), 0.0043111 secs] 21153K->14495K(24732K), 0.0044969 secs] [Times: user=0.00 sys=0.00, real=0.00 secs] 
25.782: [GC 25.782: [ParNew: 6692K->381K(7616K), 0.0016010 secs] 20978K->14667K(24732K), 0.0017321 secs] [Times: user=0.01 sys=0.00, real=0.00 secs] 
25.789: [GC 25.789: [ParNew: 6871K->465K(7616K), 0.0013360 secs] 21157K->14751K(24732K), 0.0014078 secs] [Times: user=0.01 sys=0.00, real=0.00 secs] 
25.796: [GC 25.796: [ParNew: 6868K->550K(7616K), 0.0016014 secs] 21154K->14836K(24732K), 0.0016942 secs] [Times: user=0.01 sys=0.00, real=0.01 secs] 
25.802: [GC 25.803: [ParNew: 7071K->320K(7616K), 0.0015950 secs] 21357K->14756K(24732K), 0.0016889 secs] [Times: user=0.01 sys=0.00, real=0.00 secs] 
25.809: [GC 25.809: [ParNew: 6814K->984K(7616K), 0.0017293 secs] 21250K->15420K(24732K), 0.0018092 secs] [Times: user=0.01 sys=0.00, real=0.00 secs] 
25.819: [GC 25.819: [ParNew: 7465K->186K(7616K), 0.0019452 secs] 21902K->15122K(24732K), 0.0020424 secs] [Times: user=0.00 sys=0.00, real=0.00 secs] 
25.827: [GC 25.827: [ParNew: 6697K->135K(7616K), 0.0007065 secs] 21633K->15070K(24732K), 0.0007685 secs] [Times: user=0.00 sys=0.00, real=0.01 secs] 
25.833: [GC 25.833: [ParNew: 6556K->138K(7616K), 0.0010774 secs] 21492K->15074K(24732K), 0.0011618 secs] [Times: user=0.00 sys=0.00, real=0.00 secs] 
25.841: [GC 25.841: [ParNew: 6666K->224K(7616K), 0.0006827 secs] 21602K->15160K(24732K), 0.0007406 secs] [Times: user=0.00 sys=0.00, real=0.00 secs] 
25.847: [GC 25.848: [ParNew: 6733K->241K(7616K), 0.0010975 secs] 21669K->15177K(24732K), 0.0011557 secs] [Times: user=0.00 sys=0.00, real=0.01 secs] 
25.854: [GC 25.854: [ParNew: 6768K->621K(7616K), 0.0009925 secs] 21704K->15557K(24732K), 0.0010702 secs] [Times: user=0.00 sys=0.00, real=0.00 secs] 
25.859: [GC 25.859: [ParNew: 7129K->417K(7616K), 0.0010314 secs] 22065K->15369K(24732K), 0.0011091 secs] [Times: user=0.00 sys=0.00, real=0.00 secs] 
25.866: [GC 25.866: [ParNew: 6932K->606K(7616K), 0.0010831 secs] 21884K->15558K(24732K), 0.0011662 secs] [Times: user=0.01 sys=0.00, real=0.00 secs] 
25.872: [GC 25.872: [ParNew: 7085K->357K(7616K), 0.0012111 secs] 22037K->15433K(24732K), 0.0012910 secs] [Times: user=0.00 sys=0.00, real=0.00 secs] 
25.878: [GC 25.878: [ParNew: 6872K->599K(7616K), 0.0011525 secs] 21947K->15675K(24732K), 0.0012174 secs] [Times: user=0.00 sys=0.00, real=0.00 secs] 
25.885: [GC 25.885: [ParNew: 7112K->670K(7616K), 0.0017360 secs] 22188K->15872K(24732K), 0.0018114 secs] [Times: user=0.00 sys=0.00, real=0.00 secs] 
25.891: [GC 25.891: [ParNew: 7189K->515K(7616K), 0.0020208 secs] 22391K->15912K(24732K), 0.0020971 secs] [Times: user=0.00 sys=0.00, real=0.00 secs] 
25.898: [GC 25.898: [ParNew: 6986K->714K(7616K), 0.0010747 secs] 22383K->16111K(24732K), 0.0011384 secs] [Times: user=0.00 sys=0.00, real=0.00 secs] 
25.904: [GC 25.904: [ParNew: 7169K->679K(7616K), 0.0011309 secs] 22566K->16298K(24732K), 0.0012096 secs] [Times: user=0.00 sys=0.00, real=0.00 secs] 
25.909: [GC 25.909: [ParNew: 7185K->478K(7616K), 0.0011044 secs] 22804K->16335K(24732K), 0.0011691 secs] [Times: user=0.01 sys=0.00, real=0.00 secs] 
25.914: [GC 25.914: [ParNew: 6998K->448K(7616K), 0.0012029 secs] 22855K->16305K(24732K), 0.0012619 secs] [Times: user=0.00 sys=0.00, real=0.00 secs] 
25.919: [GC 25.920: [ParNew: 6948K->1075K(7616K), 0.0014990 secs] 22805K->16932K(24732K), 0.0015704 secs] [Times: user=0.00 sys=0.00, real=0.00 secs] 
25.925: [GC 25.925: [ParNew: 7595K->197K(7616K), 0.0015686 secs] 23452K->16743K(24732K), 0.0016408 secs] [Times: user=0.00 sys=0.00, real=0.00 secs] 
25.931: [GC 25.931: [ParNew: 6696K->583K(7616K), 0.0012411 secs] 23242K->17129K(24732K), 0.0013158 secs] [Times: user=0.00 sys=0.00, real=0.00 secs] 
25.939: [GC 25.940: [ParNew: 7109K->224K(7616K), 0.0007909 secs] 23655K->16988K(24732K), 0.0008596 secs] [Times: user=0.00 sys=0.00, real=0.00 secs] 
25.945: [GC 25.945: [ParNew: 6632K->232K(7616K), 0.0009334 secs] 23397K->16996K(24732K), 0.0009875 secs] [Times: user=0.00 sys=0.00, real=0.00 secs] 
25.950: [GC 25.950: [ParNew: 6753K->372K(7616K), 0.0012364 secs] 23517K->17136K(24732K), 0.0012988 secs] [Times: user=0.00 sys=0.00, real=0.00 secs] 
25.955: [GC 25.955: [ParNew: 6882K->288K(7616K), 0.0010629 secs] 23646K->17052K(24732K), 0.0011284 secs] [Times: user=0.00 sys=0.00, real=0.00 secs] 
25.963: [GC 25.963: [ParNew: 6808K->753K(7616K), 0.0016443 secs] 23572K->17518K(24732K), 0.0017128 secs] [Times: user=0.01 sys=0.00, real=0.00 secs] 
25.971: [GC 25.971: [ParNew: 7199K->338K(7616K), 0.0015272 secs]25.972: [Tenured: 17485K->8872K(17500K), 0.0709297 secs] 23963K->8872K(25116K), [Perm : 10697K->10697K(21248K)], 0.0727866 secs] [Times: user=0.07 sys=0.00, real=0.07 secs] 
26.048: [GC 26.048: [ParNew: 6480K->515K(7616K), 0.0010278 secs] 15352K->9388K(24732K), 0.0010866 secs] [Times: user=0.00 sys=0.00, real=0.01 secs] 
26.054: [GC 26.054: [ParNew: 7043K->577K(7616K), 0.0012647 secs] 15916K->9450K(24732K), 0.0013397 secs] [Times: user=0.00 sys=0.00, real=0.00 secs] 
26.060: [GC 26.060: [ParNew: 7078K->739K(7616K), 0.0013574 secs] 15951K->9851K(24732K), 0.0014384 secs] [Times: user=0.00 sys=0.00, real=0.00 secs] 
26.067: [GC 26.067: [ParNew: 7267K->426K(7616K), 0.0011887 secs] 16379K->10067K(24732K), 0.0012698 secs] [Times: user=0.00 sys=0.00, real=0.01 secs] 
26.072: [GC 26.073: [ParNew: 6947K->745K(7616K), 0.0011633 secs] 16589K->10386K(24732K), 0.0012297 secs] [Times: user=0.00 sys=0.00, real=0.00 secs] 
26.078: [GC 26.078: [ParNew: 7260K->333K(7616K), 0.0011102 secs] 16901K->10271K(24732K), 0.0011833 secs] [Times: user=0.00 sys=0.00, real=0.00 secs] 
26.084: [GC 26.084: [ParNew: 6824K->406K(7616K), 0.0008739 secs] 16761K->10343K(24732K), 0.0009310 secs] [Times: user=0.00 sys=0.00, real=0.00 secs] 
26.091: [GC 26.091: [ParNew: 6914K->1040K(7616K), 0.0013408 secs] 16852K->11143K(24732K), 0.0014249 secs] [Times: user=0.01 sys=0.00, real=0.00 secs] 
26.098: [GC 26.098: [ParNew: 7556K->196K(7616K), 0.0014255 secs] 17660K->11122K(24732K), 0.0015175 secs] [Times: user=0.01 sys=0.00, real=0.01 secs] 
26.106: [GC 26.106: [ParNew: 6653K->829K(7616K), 0.0013076 secs] 17579K->11755K(24732K), 0.0013795 secs] [Times: user=0.01 sys=0.00, real=0.00 secs] 
26.116: [GC 26.116: [ParNew: 7342K->576K(7616K), 0.0015910 secs] 18268K->12249K(24732K), 0.0016623 secs] [Times: user=0.01 sys=0.00, real=0.01 secs] 
26.122: [GC 26.122: [ParNew: 7085K->76K(7616K), 0.0011646 secs] 18759K->12291K(24732K), 0.0012247 secs] [Times: user=0.01 sys=0.00, real=0.00 secs] 
26.128: [GC 26.128: [ParNew: 6594K->201K(7616K), 0.0013175 secs] 18808K->12415K(24732K), 0.0013823 secs] [Times: user=0.00 sys=0.00, real=0.00 secs] 
26.139: [GC 26.139: [ParNew: 6713K->406K(7616K), 0.0008464 secs] 18927K->12620K(24732K), 0.0008977 secs] [Times: user=0.00 sys=0.00, real=0.00 secs] 
26.144: [GC 26.144: [ParNew: 6913K->650K(7616K), 0.0009944 secs] 19127K->12864K(24732K), 0.0010525 secs] [Times: user=0.00 sys=0.00, real=0.00 secs] 
26.150: [GC 26.150: [ParNew: 7177K->521K(7616K), 0.0010697 secs] 19392K->12854K(24732K), 0.0011290 secs] [Times: user=0.00 sys=0.00, real=0.00 secs] 
26.159: [GC 26.159: [ParNew: 7045K->698K(7616K), 0.0015083 secs] 19378K->13031K(24732K), 0.0015950 secs] [Times: user=0.00 sys=0.00, real=0.00 secs] 
26.166: [GC 26.166: [ParNew: 7219K->601K(7616K), 0.0015139 secs] 19552K->13261K(24732K), 0.0015942 secs] [Times: user=0.00 sys=0.00, real=0.00 secs] 
26.172: [GC 26.172: [ParNew: 7074K->477K(7616K), 0.0011923 secs] 19734K->13232K(24732K), 0.0012617 secs] [Times: user=0.00 sys=0.00, real=0.00 secs] 
26.181: [GC 26.181: [ParNew: 6985K->628K(7616K), 0.0013452 secs] 19739K->13382K(24732K), 0.0014138 secs] [Times: user=0.00 sys=0.00, real=0.00 secs] 
26.188: [GC 26.188: [ParNew: 7147K->520K(7616K), 0.0009905 secs] 19902K->13359K(24732K), 0.0010558 secs] [Times: user=0.00 sys=0.00, real=0.00 secs] 
26.193: [GC 26.193: [ParNew: 7022K->575K(7616K), 0.0018514 secs] 19861K->13414K(24732K), 0.0019223 secs] [Times: user=0.00 sys=0.00, real=0.00 secs] 
26.199: [GC 26.199: [ParNew: 7091K->1014K(7616K), 0.0015840 secs] 19930K->14085K(24732K), 0.0016651 secs] [Times: user=0.00 sys=0.00, real=0.00 secs] 
26.205: [GC 26.205: [ParNew: 7542K->113K(7616K), 0.0017951 secs] 20613K->14030K(24732K), 0.0018641 secs] [Times: user=0.00 sys=0.01, real=0.00 secs] 
26.211: [GC 26.211: [ParNew: 6641K->146K(7616K), 0.0007417 secs] 20558K->14063K(24732K), 0.0008540 secs] [Times: user=0.00 sys=0.00, real=0.00 secs] 
26.216: [GC 26.216: [ParNew: 6539K->980K(7616K), 0.0014894 secs] 20456K->14897K(24732K), 0.0015620 secs] [Times: user=0.00 sys=0.00, real=0.00 secs] 
26.222: [GC 26.222: [ParNew: 7462K->421K(7616K), 0.0016832 secs] 21379K->15078K(24732K), 0.0017579 secs] [Times: user=0.00 sys=0.00, real=0.00 secs] 
26.227: [GC 26.227: [ParNew: 6926K->452K(7616K), 0.0011687 secs] 21583K->15110K(24732K), 0.0012372 secs] [Times: user=0.00 sys=0.00, real=0.01 secs] 
26.233: [GC 26.233: [ParNew: 6965K->626K(7616K), 0.0011135 secs] 21622K->15284K(24732K), 0.0011758 secs] [Times: user=0.00 sys=0.00, real=0.00 secs] 
26.238: [GC 26.238: [ParNew: 7088K->441K(7616K), 0.0012294 secs] 21745K->15322K(24732K), 0.0013042 secs] [Times: user=0.01 sys=0.00, real=0.00 secs] 
26.245: [GC 26.246: [ParNew: 6969K->747K(7616K), 0.0010603 secs] 21850K->15628K(24732K), 0.0011275 secs] [Times: user=0.01 sys=0.00, real=0.00 secs] 
26.250: [GC 26.251: [ParNew: 7273K->390K(7616K), 0.0012051 secs] 22154K->15537K(24732K), 0.0012697 secs] [Times: user=0.00 sys=0.00, real=0.00 secs] 
26.257: [GC 26.257: [ParNew: 6860K->739K(7616K), 0.0011240 secs] 22008K->15887K(24732K), 0.0012364 secs] [Times: user=0.00 sys=0.00, real=0.01 secs] 
26.264: [GC 26.264: [ParNew: 7267K->605K(7616K), 0.0011125 secs] 22415K->16000K(24732K), 0.0011757 secs] [Times: user=0.00 sys=0.00, real=0.00 secs] 
26.270: [GC 26.270: [ParNew: 7112K->486K(7616K), 0.0012328 secs] 22507K->15992K(24732K), 0.0013366 secs] [Times: user=0.00 sys=0.00, real=0.00 secs] 
26.277: [GC 26.277: [ParNew: 7000K->527K(7616K), 0.0010216 secs] 22506K->16033K(24732K), 0.0010776 secs] [Times: user=0.00 sys=0.00, real=0.01 secs] 
26.282: [GC 26.282: [ParNew: 7054K->552K(7616K), 0.0010829 secs] 22560K->16058K(24732K), 0.0011461 secs] [Times: user=0.00 sys=0.00, real=0.00 secs] 
26.288: [GC 26.288: [ParNew: 6995K->517K(7616K), 0.0011577 secs] 22501K->16206K(24732K), 0.0012260 secs] [Times: user=0.00 sys=0.00, real=0.00 secs] 
26.293: [GC 26.293: [ParNew: 7036K->458K(7616K), 0.0010150 secs] 22725K->16148K(24732K), 0.0010731 secs] [Times: user=0.00 sys=0.00, real=0.00 secs] 
26.298: [GC 26.298: [ParNew: 6985K->581K(7616K), 0.0019120 secs] 22675K->16270K(24732K), 0.0019825 secs] [Times: user=0.01 sys=0.00, real=0.00 secs] 
26.304: [GC 26.304: [ParNew: 7098K->495K(7616K), 0.0012307 secs] 22787K->16408K(24732K), 0.0012930 secs] [Times: user=0.01 sys=0.00, real=0.00 secs] 
26.310: [GC 26.310: [ParNew: 7010K->611K(7616K), 0.0010153 secs] 22922K->16523K(24732K), 0.0010879 secs] [Times: user=0.00 sys=0.00, real=0.00 secs] 
26.315: [GC 26.315: [ParNew: 7128K->566K(7616K), 0.0014830 secs] 23040K->16559K(24732K), 0.0015588 secs] [Times: user=0.00 sys=0.00, real=0.00 secs] 
26.321: [GC 26.321: [ParNew: 7075K->619K(7616K), 0.0014499 secs] 23068K->16664K(24732K), 0.0015249 secs] [Times: user=0.00 sys=0.00, real=0.00 secs] 
26.326: [GC 26.326: [ParNew: 7119K->487K(7616K), 0.0010794 secs] 23164K->16621K(24732K), 0.0011385 secs] [Times: user=0.00 sys=0.00, real=0.00 secs] 
26.331: [GC 26.331: [ParNew: 7001K->443K(7616K), 0.0010051 secs] 23136K->16577K(24732K), 0.0010616 secs] [Times: user=0.00 sys=0.00, real=0.00 secs] 
26.336: [GC 26.336: [ParNew: 6954K->567K(7616K), 0.0017059 secs] 23088K->16701K(24732K), 0.0017842 secs] [Times: user=0.00 sys=0.00, real=0.01 secs] 
26.342: [GC 26.342: [ParNew: 7076K->633K(7616K), 0.0011588 secs] 23210K->16839K(24732K), 0.0012339 secs] [Times: user=0.01 sys=0.00, real=0.00 secs] 
26.347: [GC 26.347: [ParNew: 7148K->557K(7616K), 0.0011975 secs] 23354K->16988K(24732K), 0.0012665 secs] [Times: user=0.00 sys=0.00, real=0.01 secs] 
26.354: [GC 26.354: [ParNew: 7071K->680K(7616K), 0.0013886 secs] 23501K->17130K(24732K), 0.0014752 secs] [Times: user=0.00 sys=0.00, real=0.00 secs] 
26.359: [GC 26.359: [ParNew: 7176K->621K(7616K), 0.0011763 secs] 23625K->17230K(24732K), 0.0012448 secs] [Times: user=0.00 sys=0.00, real=0.00 secs] 
26.366: [GC 26.366: [ParNew: 7046K->482K(7616K), 0.0011483 secs] 23656K->17329K(24732K), 0.0012252 secs] [Times: user=0.00 sys=0.00, real=0.00 secs] 
26.372: [GC 26.372: [ParNew: 6982K->599K(7616K), 0.0009885 secs] 23829K->17447K(24732K), 0.0010702 secs] [Times: user=0.00 sys=0.00, real=0.00 secs] 
26.377: [GC 26.377: [ParNew: 7127K->343K(7616K), 0.0010656 secs] 23975K->17304K(24732K), 0.0011321 secs] [Times: user=0.00 sys=0.00, real=0.01 secs] 
26.384: [GC 26.384: [ParNew: 6853K->863K(7616K), 0.0011068 secs] 23814K->17825K(24732K), 0.0011877 secs] [Times: user=0.00 sys=0.00, real=0.00 secs] 
26.389: [GC 26.389: [ParNew: 7386K->396K(7616K), 0.0016523 secs]26.391: [Tenured: 17672K->7909K(17692K), 0.0760308 secs] 24347K->7909K(25308K), [Perm : 10698K->10698K(21248K)], 0.0781505 secs] [Times: user=0.08 sys=0.01, real=0.07 secs] 
26.472: [GC 26.472: [ParNew: 6519K->335K(7616K), 0.0012788 secs] 14429K->8244K(24732K), 0.0013549 secs] [Times: user=0.00 sys=0.00, real=0.00 secs] 
26.477: [GC 26.477: [ParNew: 6825K->428K(7616K), 0.0010966 secs] 14734K->8337K(24732K), 0.0011705 secs] [Times: user=0.01 sys=0.00, real=0.01 secs] 
26.482: [GC 26.482: [ParNew: 6844K->879K(7616K), 0.0012850 secs] 14753K->8789K(24732K), 0.0013610 secs] [Times: user=0.00 sys=0.00, real=0.00 secs] 
26.488: [GC 26.488: [ParNew: 7400K->680K(7616K), 0.0015649 secs] 15310K->8966K(24732K), 0.0016460 secs] [Times: user=0.00 sys=0.00, real=0.00 secs] 
26.494: [GC 26.494: [ParNew: 7166K->269K(7616K), 0.0010353 secs] 15452K->8869K(24732K), 0.0010969 secs] [Times: user=0.00 sys=0.00, real=0.00 secs] 
26.499: [GC 26.499: [ParNew: 6797K->479K(7616K), 0.0009009 secs] 15397K->9079K(24732K), 0.0009555 secs] [Times: user=0.00 sys=0.00, real=0.00 secs] 
26.505: [GC 26.505: [ParNew: 7005K->366K(7616K), 0.0008988 secs] 15606K->8967K(24732K), 0.0009676 secs] [Times: user=0.00 sys=0.00, real=0.00 secs] 
26.511: [GC 26.511: [ParNew: 6869K->484K(7616K), 0.0009050 secs] 15469K->9085K(24732K), 0.0009632 secs] [Times: user=0.00 sys=0.00, real=0.00 secs] 
26.516: [GC 26.516: [ParNew: 6975K->398K(7616K), 0.0008936 secs] 15575K->8999K(24732K), 0.0009458 secs] [Times: user=0.01 sys=0.00, real=0.00 secs] 
26.522: [GC 26.523: [ParNew: 6843K->668K(7616K), 0.0010263 secs] 15443K->9269K(24732K), 0.0010904 secs] [Times: user=0.00 sys=0.00, real=0.00 secs] 
26.528: [GC 26.528: [ParNew: 7181K->799K(7616K), 0.0013399 secs] 15781K->9606K(24732K), 0.0014131 secs] [Times: user=0.00 sys=0.00, real=0.01 secs] 
26.533: [GC 26.534: [ParNew: 7319K->104K(7616K), 0.0009773 secs] 16126K->9359K(24732K), 0.0010402 secs] [Times: user=0.00 sys=0.00, real=0.00 secs] 
26.539: [GC 26.539: [ParNew: 6589K->717K(7616K), 0.0009199 secs] 15844K->9972K(24732K), 0.0009798 secs] [Times: user=0.00 sys=0.00, real=0.00 secs] 
26.545: [GC 26.545: [ParNew: 7223K->290K(7616K), 0.0012755 secs] 16478K->10063K(24732K), 0.0013684 secs] [Times: user=0.00 sys=0.00, real=0.00 secs] 
26.551: [GC 26.551: [ParNew: 6771K->488K(7616K), 0.0009499 secs] 16544K->10260K(24732K), 0.0010046 secs] [Times: user=0.01 sys=0.00, real=0.00 secs] 
26.558: [GC 26.558: [ParNew: 6987K->852K(7616K), 0.0014211 secs] 16760K->10625K(24732K), 0.0014962 secs] [Times: user=0.01 sys=0.00, real=0.00 secs] 
26.566: [GC 26.566: [ParNew: 7371K->241K(7616K), 0.0011978 secs] 17144K->10636K(24732K), 0.0012641 secs] [Times: user=0.00 sys=0.00, real=0.00 secs] 
26.573: [GC 26.573: [ParNew: 6754K->736K(7616K), 0.0011851 secs] 17149K->11131K(24732K), 0.0012630 secs] [Times: user=0.01 sys=0.00, real=0.00 secs] 
26.580: [GC 26.580: [ParNew: 7264K->405K(7616K), 0.0009419 secs] 17659K->10980K(24732K), 0.0010019 secs] [Times: user=0.01 sys=0.00, real=0.00 secs] 
26.585: [GC 26.585: [ParNew: 6909K->696K(7616K), 0.0012243 secs] 17483K->11271K(24732K), 0.0012880 secs] [Times: user=0.00 sys=0.00, real=0.00 secs] 
26.592: [GC 26.592: [ParNew: 7168K->847K(7616K), 0.0013808 secs] 17742K->11658K(24732K), 0.0014533 secs] [Times: user=0.00 sys=0.00, real=0.00 secs] 
26.598: [GC 26.598: [ParNew: 7353K->586K(7616K), 0.0013152 secs] 18165K->11698K(24732K), 0.0013842 secs] [Times: user=0.00 sys=0.00, real=0.00 secs] 
26.604: [GC 26.604: [ParNew: 7105K->353K(7616K), 0.0010327 secs] 18217K->11611K(24732K), 0.0010905 secs] [Times: user=0.00 sys=0.00, real=0.00 secs] 
26.609: [GC 26.609: [ParNew: 6854K->358K(7616K), 0.0008769 secs] 18111K->11615K(24732K), 0.0009282 secs] [Times: user=0.00 sys=0.00, real=0.00 secs] 
26.615: [GC 26.615: [ParNew: 6866K->452K(7616K), 0.0007951 secs] 18123K->11709K(24732K), 0.0008713 secs] [Times: user=0.00 sys=0.00, real=0.00 secs] 
26.621: [GC 26.621: [ParNew: 6935K->569K(7616K), 0.0010005 secs] 18193K->11826K(24732K), 0.0010871 secs] [Times: user=0.01 sys=0.00, real=0.00 secs] 
26.626: [GC 26.626: [ParNew: 7060K->795K(7616K), 0.0012645 secs] 18317K->12094K(24732K), 0.0013313 secs] [Times: user=0.00 sys=0.00, real=0.00 secs] 
26.632: [GC 26.632: [ParNew: 7298K->403K(7616K), 0.0011513 secs] 18597K->12098K(24732K), 0.0012354 secs] [Times: user=0.00 sys=0.00, real=0.00 secs] 
26.638: [GC 26.638: [ParNew: 6929K->408K(7616K), 0.0011727 secs] 18624K->12103K(24732K), 0.0012419 secs] [Times: user=0.00 sys=0.00, real=0.00 secs] 
26.643: [GC 26.643: [ParNew: 6935K->862K(7616K), 0.0014462 secs] 18630K->12558K(24732K), 0.0015218 secs] [Times: user=0.00 sys=0.00, real=0.00 secs] 
26.648: [GC 26.649: [ParNew: 7357K->555K(7616K), 0.0018336 secs] 19052K->13044K(24732K), 0.0019610 secs] [Times: user=0.00 sys=0.00, real=0.00 secs] 
26.654: [GC 26.655: [ParNew: 7080K->600K(7616K), 0.0014614 secs] 19569K->13562K(24732K), 0.0015332 secs] [Times: user=0.00 sys=0.00, real=0.00 secs] 
26.661: [GC 26.661: [ParNew: 7127K->446K(7616K), 0.0018042 secs] 20088K->13761K(24732K), 0.0018895 secs] [Times: user=0.00 sys=0.01, real=0.00 secs] 
26.668: [GC 26.668: [ParNew: 6915K->448K(7616K), 0.0013116 secs] 20230K->13763K(24732K), 0.0013782 secs] [Times: user=0.01 sys=0.00, real=0.01 secs] 
26.677: [GC 26.677: [ParNew: 6954K->707K(7616K), 0.0011390 secs] 20270K->14023K(24732K), 0.0012207 secs] [Times: user=0.01 sys=0.00, real=0.01 secs] 
26.685: [GC 26.685: [ParNew: 7194K->748K(7616K), 0.0012159 secs] 20509K->14255K(24732K), 0.0013076 secs] [Times: user=0.00 sys=0.00, real=0.00 secs] 
26.691: [GC 26.692: [ParNew: 7238K->418K(7616K), 0.0011579 secs] 20746K->14211K(24732K), 0.0012457 secs] [Times: user=0.01 sys=0.00, real=0.00 secs] 
26.697: [GC 26.697: [ParNew: 6941K->905K(7616K), 0.0013143 secs] 20734K->14698K(24732K), 0.0013821 secs] [Times: user=0.01 sys=0.00, real=0.01 secs] 
26.702: [GC 26.702: [ParNew: 7420K->66K(7616K), 0.0014567 secs] 21214K->14709K(24732K), 0.0015273 secs] [Times: user=0.01 sys=0.00, real=0.00 secs] 
26.708: [GC 26.709: [ParNew: 6592K->256K(7616K), 0.0007993 secs] 21234K->14898K(24732K), 0.0008455 secs] [Times: user=0.00 sys=0.00, real=0.00 secs] 
26.713: [GC 26.713: [ParNew: 6756K->511K(7616K), 0.0016019 secs] 21398K->15154K(24732K), 0.0016694 secs] [Times: user=0.00 sys=0.00, real=0.00 secs] 
26.719: [GC 26.719: [ParNew: 7034K->841K(7616K), 0.0012445 secs] 21676K->15484K(24732K), 0.0013091 secs] [Times: user=0.00 sys=0.00, real=0.00 secs] 
26.724: [GC 26.724: [ParNew: 7362K->348K(7616K), 0.0014327 secs] 22005K->15400K(24732K), 0.0015003 secs] [Times: user=0.00 sys=0.00, real=0.00 secs] 
26.730: [GC 26.730: [ParNew: 6851K->587K(7616K), 0.0010064 secs] 21903K->15639K(24732K), 0.0010655 secs] [Times: user=0.00 sys=0.00, real=0.00 secs] 
26.735: [GC 26.735: [ParNew: 7097K->574K(7616K), 0.0010538 secs] 22150K->15705K(24732K), 0.0011167 secs] [Times: user=0.01 sys=0.00, real=0.00 secs] 
26.741: [GC 26.741: [ParNew: 7079K->310K(7616K), 0.0010171 secs] 22210K->15520K(24732K), 0.0010721 secs] [Times: user=0.00 sys=0.00, real=0.00 secs] 
26.745: [GC 26.746: [ParNew: 6799K->260K(7616K), 0.0008337 secs] 22009K->15469K(24732K), 0.0009196 secs] [Times: user=0.00 sys=0.00, real=0.00 secs] 
26.752: [GC 26.752: [ParNew: 6775K->718K(7616K), 0.0011003 secs] 21985K->15928K(24732K), 0.0011679 secs] [Times: user=0.00 sys=0.00, real=0.00 secs] 
26.758: [GC 26.758: [ParNew: 7220K->765K(7616K), 0.0011289 secs] 22429K->16185K(24732K), 0.0011922 secs] [Times: user=0.00 sys=0.00, real=0.00 secs] 
26.764: [GC 26.764: [ParNew: 7292K->483K(7616K), 0.0010094 secs] 22712K->16063K(24732K), 0.0010681 secs] [Times: user=0.00 sys=0.00, real=0.00 secs] 
26.769: [GC 26.769: [ParNew: 6978K->487K(7616K), 0.0010463 secs] 22558K->16066K(24732K), 0.0011409 secs] [Times: user=0.00 sys=0.01, real=0.00 secs] 
26.774: [GC 26.774: [ParNew: 6997K->652K(7616K), 0.0012865 secs] 22576K->16231K(24732K), 0.0013965 secs] [Times: user=0.01 sys=0.00, real=0.00 secs] 
26.780: [GC 26.780: [ParNew: 7174K->536K(7616K), 0.0014350 secs] 22753K->16330K(24732K), 0.0015143 secs] [Times: user=0.00 sys=0.00, real=0.00 secs] 
26.787: [GC 26.787: [ParNew: 7030K->1064K(7616K), 0.0013129 secs] 22825K->16859K(24732K), 0.0013868 secs] [Times: user=0.00 sys=0.00, real=0.01 secs] 
26.792: [GC 26.792: [ParNew: 7580K->612K(7616K), 0.0018560 secs] 23374K->17346K(24732K), 0.0019343 secs] [Times: user=0.00 sys=0.00, real=0.00 secs] 
26.799: [GC 26.799: [ParNew: 7137K->534K(7616K), 0.0012836 secs]26.800: [Tenured: 17145K->8774K(17308K), 0.0721128 secs] 23871K->8774K(24924K), [Perm : 10698K->10698K(21248K)], 0.0736365 secs] [Times: user=0.07 sys=0.00, real=0.07 secs] 
26.877: [GC 26.877: [ParNew: 6461K->416K(7616K), 0.0013909 secs] 15236K->9191K(24732K), 0.0014741 secs] [Times: user=0.00 sys=0.00, real=0.01 secs] 
26.885: [GC 26.885: [ParNew: 6944K->963K(7616K), 0.0030600 secs] 15719K->9904K(24732K), 0.0031477 secs] [Times: user=0.00 sys=0.00, real=0.01 secs] 
26.893: [GC 26.894: [ParNew: 7491K->53K(7616K), 0.0011583 secs] 16432K->9565K(24732K), 0.0012260 secs] [Times: user=0.00 sys=0.00, real=0.00 secs] 
26.900: [GC 26.900: [ParNew: 6581K->349K(7616K), 0.0008450 secs] 16093K->9860K(24732K), 0.0008958 secs] [Times: user=0.00 sys=0.00, real=0.00 secs] 
26.906: [GC 26.906: [ParNew: 6873K->615K(7616K), 0.0009525 secs] 16384K->10127K(24732K), 0.0010137 secs] [Times: user=0.00 sys=0.00, real=0.00 secs] 
26.912: [GC 26.912: [ParNew: 7100K->336K(7616K), 0.0011931 secs] 16612K->10070K(24732K), 0.0012544 secs] [Times: user=0.00 sys=0.00, real=0.00 secs] 
26.918: [GC 26.918: [ParNew: 6862K->365K(7616K), 0.0008086 secs] 16596K->10099K(24732K), 0.0008588 secs] [Times: user=0.00 sys=0.00, real=0.01 secs] 
26.923: [GC 26.923: [ParNew: 6889K->380K(7616K), 0.0009110 secs] 16623K->10114K(24732K), 0.0009674 secs] [Times: user=0.00 sys=0.00, real=0.00 secs] 
26.928: [GC 26.928: [ParNew: 6887K->504K(7616K), 0.0010740 secs] 16621K->10238K(24732K), 0.0011471 secs] [Times: user=0.00 sys=0.00, real=0.01 secs] 
26.933: [GC 26.933: [ParNew: 7005K->607K(7616K), 0.0011365 secs] 16739K->10341K(24732K), 0.0012004 secs] [Times: user=0.00 sys=0.00, real=0.00 secs] 
26.940: [GC 26.940: [ParNew: 7128K->1014K(7616K), 0.0014654 secs] 16862K->10901K(24732K), 0.0015379 secs] [Times: user=0.00 sys=0.00, real=0.00 secs] 
26.947: [GC 26.947: [ParNew: 7484K->536K(7616K), 0.0014380 secs] 17370K->11155K(24732K), 0.0015136 secs] [Times: user=0.01 sys=0.00, real=0.01 secs] 
26.952: [GC 26.952: [ParNew: 7052K->639K(7616K), 0.0011741 secs] 17670K->11258K(24732K), 0.0012362 secs] [Times: user=0.01 sys=0.00, real=0.00 secs] 
26.957: [GC 26.957: [ParNew: 7055K->179K(7616K), 0.0010189 secs] 17674K->11125K(24732K), 0.0010795 secs] [Times: user=0.00 sys=0.00, real=0.01 secs] 
26.963: [GC 26.963: [ParNew: 6678K->698K(7616K), 0.0010477 secs] 17624K->11644K(24732K), 0.0011095 secs] [Times: user=0.00 sys=0.00, real=0.00 secs] 
26.969: [GC 26.969: [ParNew: 7181K->128K(7616K), 0.0013698 secs] 18127K->11587K(24732K), 0.0014542 secs] [Times: user=0.00 sys=0.00, real=0.00 secs] 
26.975: [GC 26.975: [ParNew: 6637K->359K(7616K), 0.0008808 secs] 18096K->11818K(24732K), 0.0009354 secs] [Times: user=0.00 sys=0.00, real=0.00 secs] 
26.980: [GC 26.980: [ParNew: 6867K->700K(7616K), 0.0012606 secs] 18326K->12159K(24732K), 0.0013268 secs] [Times: user=0.00 sys=0.00, real=0.00 secs] 
26.985: [GC 26.986: [ParNew: 7192K->508K(7616K), 0.0014477 secs] 18651K->12175K(24732K), 0.0016306 secs] [Times: user=0.01 sys=0.00, real=0.00 secs] 
26.991: [GC 26.991: [ParNew: 7004K->500K(7616K), 0.0010432 secs] 18672K->12168K(24732K), 0.0011155 secs] [Times: user=0.00 sys=0.00, real=0.00 secs] 
26.998: [GC 26.998: [ParNew: 6985K->1010K(7616K), 0.0013015 secs] 18652K->12677K(24732K), 0.0013770 secs] [Times: user=0.00 sys=0.00, real=0.01 secs] 
27.003: [GC 27.003: [ParNew: 7537K->144K(7616K), 0.0013929 secs] 19204K->12603K(24732K), 0.0014639 secs] [Times: user=0.00 sys=0.00, real=0.00 secs] 
27.009: [GC 27.009: [ParNew: 6636K->454K(7616K), 0.0008894 secs] 19094K->12912K(24732K), 0.0009451 secs] [Times: user=0.00 sys=0.00, real=0.00 secs] 
27.015: [GC 27.015: [ParNew: 6960K->835K(7616K), 0.0011791 secs] 19419K->13294K(24732K), 0.0012466 secs] [Times: user=0.00 sys=0.00, real=0.00 secs] 
27.020: [GC 27.020: [ParNew: 7351K->729K(7616K), 0.0016010 secs] 19810K->13512K(24732K), 0.0016685 secs] [Times: user=0.00 sys=0.00, real=0.00 secs] 
27.026: [GC 27.026: [ParNew: 7243K->793K(7616K), 0.0014435 secs] 20026K->13824K(24732K), 0.0015139 secs] [Times: user=0.00 sys=0.00, real=0.00 secs] 
27.033: [GC 27.034: [ParNew: 7298K->1081K(7616K), 0.0013176 secs] 20329K->14266K(24732K), 0.0014058 secs] [Times: user=0.00 sys=0.00, real=0.00 secs] 
27.039: [GC 27.039: [ParNew: 7605K->197K(7616K), 0.0014745 secs] 20790K->14222K(24732K), 0.0015433 secs] [Times: user=0.01 sys=0.00, real=0.00 secs] 
27.045: [GC 27.045: [ParNew: 6725K->227K(7616K), 0.0009748 secs] 20750K->14252K(24732K), 0.0010314 secs] [Times: user=0.00 sys=0.00, real=0.00 secs] 
27.050: [GC 27.050: [ParNew: 6741K->675K(7616K), 0.0011302 secs] 20766K->14700K(24732K), 0.0011961 secs] [Times: user=0.00 sys=0.00, real=0.00 secs] 
27.061: [GC 27.061: [ParNew: 7186K->564K(7616K), 0.0010232 secs] 21211K->14757K(24732K), 0.0010981 secs] [Times: user=0.01 sys=0.00, real=0.00 secs] 
27.066: [GC 27.066: [ParNew: 7046K->748K(7616K), 0.0014153 secs] 21239K->15304K(24732K), 0.0014884 secs] [Times: user=0.00 sys=0.00, real=0.00 secs] 
27.072: [GC 27.072: [ParNew: 7199K->593K(7616K), 0.0012699 secs] 21755K->15631K(24732K), 0.0013459 secs] [Times: user=0.00 sys=0.00, real=0.00 secs] 
27.079: [GC 27.079: [ParNew: 7093K->266K(7616K), 0.0015798 secs] 22131K->15809K(24732K), 0.0016609 secs] [Times: user=0.00 sys=0.00, real=0.00 secs] 
27.085: [GC 27.085: [ParNew: 6724K->586K(7616K), 0.0012464 secs] 22266K->16129K(24732K), 0.0013259 secs] [Times: user=0.00 sys=0.00, real=0.00 secs] 
27.091: [GC 27.092: [ParNew: 7049K->734K(7616K), 0.0012409 secs] 22592K->16466K(24732K), 0.0013164 secs] [Times: user=0.00 sys=0.00, real=0.00 secs] 
27.098: [GC 27.098: [ParNew: 7253K->937K(7616K), 0.0017127 secs] 22985K->16990K(24732K), 0.0017859 secs] [Times: user=0.00 sys=0.00, real=0.00 secs] 
27.104: [GC 27.104: [ParNew: 7459K->579K(7616K), 0.0018272 secs] 23512K->17479K(24732K), 0.0019003 secs] [Times: user=0.00 sys=0.00, real=0.00 secs] 
27.111: [GC 27.111: [ParNew: 7102K->146K(7616K), 0.0011202 secs]27.112: [Tenured: 17454K->9340K(17500K), 0.0718240 secs] 24002K->9340K(25116K), [Perm : 10698K->10698K(21248K)], 0.0734604 secs] [Times: user=0.07 sys=0.01, real=0.07 secs] 
27.189: [GC 27.189: [ParNew: 6510K->155K(7616K), 0.0012366 secs] 15851K->9496K(24732K), 0.0013078 secs] [Times: user=0.00 sys=0.00, real=0.00 secs] 
27.195: [GC 27.195: [ParNew: 6678K->371K(7616K), 0.0009405 secs] 16019K->9712K(24732K), 0.0009941 secs] [Times: user=0.01 sys=0.00, real=0.00 secs] 
27.203: [GC 27.203: [ParNew: 6888K->416K(7616K), 0.0013863 secs] 16229K->9757K(24732K), 0.0014476 secs] [Times: user=0.01 sys=0.00, real=0.00 secs] 
27.209: [GC 27.209: [ParNew: 6942K->428K(7616K), 0.0009175 secs] 16283K->9769K(24732K), 0.0009736 secs] [Times: user=0.01 sys=0.00, real=0.00 secs] 
27.216: [GC 27.216: [ParNew: 6911K->982K(7616K), 0.0012290 secs] 16252K->10323K(24732K), 0.0012992 secs] [Times: user=0.01 sys=0.00, real=0.00 secs] 
27.221: [GC 27.221: [ParNew: 7508K->159K(7616K), 0.0012706 secs] 16849K->10313K(24732K), 0.0013371 secs] [Times: user=0.01 sys=0.00, real=0.00 secs] 
27.227: [GC 27.227: [ParNew: 6677K->307K(7616K), 0.0010814 secs] 16831K->10462K(24732K), 0.0011398 secs] [Times: user=0.00 sys=0.00, real=0.00 secs] 
27.232: [GC 27.232: [ParNew: 6815K->570K(7616K), 0.0009851 secs] 16970K->10724K(24732K), 0.0010442 secs] [Times: user=0.00 sys=0.00, real=0.00 secs] 
27.237: [GC 27.237: [ParNew: 7072K->499K(7616K), 0.0016045 secs] 17226K->10761K(24732K), 0.0017713 secs] [Times: user=0.00 sys=0.00, real=0.01 secs] 
27.244: [GC 27.244: [ParNew: 6998K->657K(7616K), 0.0011738 secs] 17260K->10919K(24732K), 0.0012610 secs] [Times: user=0.00 sys=0.00, real=0.00 secs] 
27.249: [GC 27.249: [ParNew: 7150K->354K(7616K), 0.0011609 secs] 17411K->10862K(24732K), 0.0012221 secs] [Times: user=0.00 sys=0.00, real=0.00 secs] 
27.254: [GC 27.254: [ParNew: 6852K->515K(7616K), 0.0009968 secs] 17360K->11022K(24732K), 0.0010542 secs] [Times: user=0.01 sys=0.00, real=0.00 secs] 
27.259: [GC 27.259: [ParNew: 7003K->481K(7616K), 0.0009981 secs] 17510K->10989K(24732K), 0.0010521 secs] [Times: user=0.00 sys=0.00, real=0.00 secs] 
27.264: [GC 27.264: [ParNew: 6992K->674K(7616K), 0.0012197 secs] 17500K->11182K(24732K), 0.0012870 secs] [Times: user=0.00 sys=0.00, real=0.00 secs] 
27.271: [GC 27.271: [ParNew: 7196K->1085K(7616K), 0.0015523 secs] 17703K->11810K(24732K), 0.0016380 secs] [Times: user=0.00 sys=0.00, real=0.00 secs] 
27.277: [GC 27.277: [ParNew: 7609K->304K(7616K), 0.0023609 secs] 18334K->12119K(24732K), 0.0024355 secs] [Times: user=0.00 sys=0.00, real=0.01 secs] 
27.283: [GC 27.283: [ParNew: 6803K->818K(7616K), 0.0012840 secs] 18618K->12633K(24732K), 0.0013555 secs] [Times: user=0.00 sys=0.00, real=0.00 secs] 
27.291: [GC 27.291: [ParNew: 7246K->392K(7616K), 0.0012978 secs] 19061K->12966K(24732K), 0.0013802 secs] [Times: user=0.00 sys=0.00, real=0.00 secs] 
27.297: [GC 27.297: [ParNew: 6830K->405K(7616K), 0.0012169 secs] 19404K->12979K(24732K), 0.0012847 secs] [Times: user=0.00 sys=0.00, real=0.01 secs] 
27.303: [GC 27.304: [ParNew: 6846K->639K(7616K), 0.0009772 secs] 19420K->13213K(24732K), 0.0010482 secs] [Times: user=0.01 sys=0.00, real=0.00 secs] 
27.309: [GC 27.309: [ParNew: 7130K->745K(7616K), 0.0011914 secs] 19704K->13450K(24732K), 0.0012650 secs] [Times: user=0.00 sys=0.00, real=0.00 secs] 
27.314: [GC 27.314: [ParNew: 7265K->709K(7616K), 0.0014019 secs] 19970K->13732K(24732K), 0.0014750 secs] [Times: user=0.00 sys=0.00, real=0.00 secs] 
27.320: [GC 27.320: [ParNew: 7219K->452K(7616K), 0.0014547 secs] 20242K->13762K(24732K), 0.0015237 secs] [Times: user=0.00 sys=0.00, real=0.00 secs] 
27.326: [GC 27.326: [ParNew: 6959K->768K(7616K), 0.0012660 secs] 20269K->14079K(24732K), 0.0013622 secs] [Times: user=0.00 sys=0.00, real=0.00 secs] 
27.332: [GC 27.332: [ParNew: 7285K->320K(7616K), 0.0010372 secs] 20595K->13913K(24732K), 0.0011044 secs] [Times: user=0.00 sys=0.00, real=0.00 secs] 
27.340: [GC 27.340: [ParNew: 6839K->715K(7616K), 0.0021035 secs] 20433K->14309K(24732K), 0.0021776 secs] [Times: user=0.00 sys=0.00, real=0.00 secs] 
27.346: [GC 27.346: [ParNew: 7133K->230K(7616K), 0.0011144 secs] 20727K->14260K(24732K), 0.0011763 secs] [Times: user=0.00 sys=0.00, real=0.00 secs] 
27.353: [GC 27.353: [ParNew: 6731K->904K(7616K), 0.0014177 secs] 20762K->14935K(24732K), 0.0014876 secs] [Times: user=0.01 sys=0.00, real=0.00 secs] 
27.358: [GC 27.358: [ParNew: 7429K->311K(7616K), 0.0015556 secs] 21460K->15117K(24732K), 0.0016292 secs] [Times: user=0.01 sys=0.00, real=0.00 secs] 
27.364: [GC 27.364: [ParNew: 6834K->565K(7616K), 0.0011583 secs] 21640K->15371K(24732K), 0.0012208 secs] [Times: user=0.01 sys=0.00, real=0.00 secs] 
27.369: [GC 27.369: [ParNew: 7052K->937K(7616K), 0.0018891 secs] 21858K->15913K(24732K), 0.0019783 secs] [Times: user=0.00 sys=0.01, real=0.00 secs] 
27.375: [GC 27.375: [ParNew: 7432K->348K(7616K), 0.0017090 secs] 22408K->16220K(24732K), 0.0017964 secs] [Times: user=0.00 sys=0.00, real=0.00 secs] 
27.383: [GC 27.383: [ParNew: 6837K->1017K(7616K), 0.0013037 secs] 22709K->16964K(24732K), 0.0013733 secs] [Times: user=0.00 sys=0.00, real=0.00 secs] 
27.391: [GC 27.391: [ParNew: 7535K->917K(7616K), 0.0019999 secs] 23482K->17878K(24732K), 0.0021104 secs] [Times: user=0.00 sys=0.00, real=0.00 secs] 
27.399: [GC 27.399: [ParNew: 7407K->617K(7616K), 0.0013703 secs]27.400: [Tenured: 17539K->9492K(17692K), 0.0715009 secs] 24367K->9492K(25308K), [Perm : 10698K->10698K(21248K)], 0.0733106 secs] [Times: user=0.07 sys=0.00, real=0.07 secs] 
27.476: [GC 27.476: [ParNew: 6512K->403K(7616K), 0.0008880 secs] 16004K->9895K(24732K), 0.0009534 secs] [Times: user=0.00 sys=0.00, real=0.00 secs] 
27.481: [GC 27.481: [ParNew: 6915K->631K(7616K), 0.0010901 secs] 16407K->10123K(24732K), 0.0011505 secs] [Times: user=0.00 sys=0.00, real=0.00 secs] 
27.487: [GC 27.487: [ParNew: 7147K->456K(7616K), 0.0015334 secs] 16639K->10303K(24732K), 0.0016274 secs] [Times: user=0.00 sys=0.00, real=0.01 secs] 
27.493: [GC 27.493: [ParNew: 6980K->686K(7616K), 0.0013373 secs] 16827K->10533K(24732K), 0.0015242 secs] [Times: user=0.01 sys=0.00, real=0.00 secs] 
27.500: [GC 27.501: [ParNew: 7209K->993K(7616K), 0.0015828 secs] 17056K->11010K(24732K), 0.0016535 secs] [Times: user=0.00 sys=0.00, real=0.00 secs] 
27.508: [GC 27.508: [ParNew: 7465K->920K(7616K), 0.0019519 secs] 17482K->11394K(24732K), 0.0020256 secs] [Times: user=0.00 sys=0.01, real=0.00 secs] 
27.515: [GC 27.515: [ParNew: 7448K->748K(7616K), 0.0018458 secs] 17922K->11698K(24732K), 0.0019235 secs] [Times: user=0.00 sys=0.00, real=0.00 secs] 
27.521: [GC 27.521: [ParNew: 7275K->668K(7616K), 0.0013929 secs] 18225K->11828K(24732K), 0.0014632 secs] [Times: user=0.00 sys=0.00, real=0.00 secs] 
27.528: [GC 27.528: [ParNew: 7154K->773K(7616K), 0.0015943 secs] 18314K->12187K(24732K), 0.0016806 secs] [Times: user=0.00 sys=0.00, real=0.00 secs] 
27.534: [GC 27.534: [ParNew: 7281K->587K(7616K), 0.0011229 secs] 18694K->12103K(24732K), 0.0011852 secs] [Times: user=0.00 sys=0.00, real=0.00 secs] 
27.539: [GC 27.539: [ParNew: 7109K->643K(7616K), 0.0012963 secs] 18624K->12509K(24732K), 0.0014488 secs] [Times: user=0.01 sys=0.00, real=0.00 secs] 
27.545: [GC 27.545: [ParNew: 7124K->284K(7616K), 0.0011786 secs] 18989K->12411K(24732K), 0.0012425 secs] [Times: user=0.01 sys=0.00, real=0.00 secs] 
27.550: [GC 27.550: [ParNew: 6803K->325K(7616K), 0.0009101 secs] 18930K->12453K(24732K), 0.0009592 secs] [Times: user=0.00 sys=0.00, real=0.00 secs] 
27.556: [GC 27.557: [ParNew: 6793K->850K(7616K), 0.0012400 secs] 18920K->12977K(24732K), 0.0018527 secs] [Times: user=0.00 sys=0.00, real=0.00 secs] 
27.564: [GC 27.564: [ParNew: 7374K->320K(7616K), 0.0013619 secs] 19501K->13074K(24732K), 0.0014453 secs] [Times: user=0.00 sys=0.00, real=0.00 secs] 
27.570: [GC 27.571: [ParNew: 6819K->262K(7616K), 0.0009751 secs] 19573K->13016K(24732K), 0.0010480 secs] [Times: user=0.00 sys=0.00, real=0.00 secs] 
27.576: [GC 27.576: [ParNew: 6726K->518K(7616K), 0.0011647 secs] 19480K->13272K(24732K), 0.0012306 secs] [Times: user=0.01 sys=0.00, real=0.00 secs] 
27.581: [GC 27.582: [ParNew: 6980K->478K(7616K), 0.0009853 secs] 19734K->13232K(24732K), 0.0010410 secs] [Times: user=0.00 sys=0.00, real=0.00 secs] 
27.586: [GC 27.587: [ParNew: 6970K->841K(7616K), 0.0021694 secs] 19724K->13595K(24732K), 0.0022541 secs] [Times: user=0.00 sys=0.00, real=0.01 secs] 
27.594: [GC 27.594: [ParNew: 7356K->375K(7616K), 0.0010631 secs] 20110K->13486K(24732K), 0.0011452 secs] [Times: user=0.00 sys=0.00, real=0.00 secs] 
27.599: [GC 27.599: [ParNew: 6849K->1043K(7616K), 0.0017150 secs] 19959K->14518K(24732K), 0.0018090 secs] [Times: user=0.00 sys=0.00, real=0.00 secs] 
27.605: [GC 27.605: [ParNew: 7548K->149K(7616K), 0.0013149 secs] 21023K->14367K(24732K), 0.0013951 secs] [Times: user=0.00 sys=0.00, real=0.00 secs] 
27.611: [GC 27.611: [ParNew: 6533K->229K(7616K), 0.0007336 secs] 20751K->14447K(24732K), 0.0007859 secs] [Times: user=0.00 sys=0.00, real=0.00 secs] 
27.615: [GC 27.615: [ParNew: 6732K->407K(7616K), 0.0009027 secs] 20950K->14625K(24732K), 0.0009656 secs] [Times: user=0.00 sys=0.00, real=0.00 secs] 
27.620: [GC 27.621: [ParNew: 6844K->910K(7616K), 0.0017168 secs] 21062K->15128K(24732K), 0.0017892 secs] [Times: user=0.01 sys=0.00, real=0.00 secs] 
27.626: [GC 27.626: [ParNew: 7399K->566K(7616K), 0.0016711 secs] 21617K->15471K(24732K), 0.0017424 secs] [Times: user=0.01 sys=0.00, real=0.01 secs] 
27.633: [GC 27.633: [ParNew: 7065K->309K(7616K), 0.0012386 secs] 21970K->15536K(24732K), 0.0013130 secs] [Times: user=0.00 sys=0.00, real=0.00 secs] 
27.639: [GC 27.639: [ParNew: 6795K->616K(7616K), 0.0009701 secs] 22022K->15842K(24732K), 0.0010763 secs] [Times: user=0.00 sys=0.00, real=0.00 secs] 
27.645: [GC 27.645: [ParNew: 7088K->355K(7616K), 0.0011944 secs] 22314K->15709K(24732K), 0.0012929 secs] [Times: user=0.00 sys=0.00, real=0.00 secs] 
27.650: [GC 27.650: [ParNew: 6876K->1005K(7616K), 0.0014811 secs] 22230K->16359K(24732K), 0.0015508 secs] [Times: user=0.00 sys=0.00, real=0.00 secs] 
27.656: [GC 27.657: [ParNew: 7505K->299K(7616K), 0.0016557 secs] 22859K->16245K(24732K), 0.0017232 secs] [Times: user=0.00 sys=0.00, real=0.01 secs] 
27.663: [GC 27.663: [ParNew: 6827K->309K(7616K), 0.0008775 secs] 22773K->16255K(24732K), 0.0009265 secs] [Times: user=0.00 sys=0.00, real=0.00 secs] 
27.668: [GC 27.668: [ParNew: 6829K->489K(7616K), 0.0013338 secs] 22775K->16435K(24732K), 0.0014019 secs] [Times: user=0.00 sys=0.00, real=0.00 secs] 
27.673: [GC 27.674: [ParNew: 7004K->809K(7616K), 0.0012825 secs] 22950K->16756K(24732K), 0.0013540 secs] [Times: user=0.00 sys=0.00, real=0.00 secs] 
27.680: [GC 27.680: [ParNew: 7318K->381K(7616K), 0.0010053 secs] 23264K->16600K(24732K), 0.0010669 secs] [Times: user=0.00 sys=0.00, real=0.00 secs] 
27.685: [GC 27.685: [ParNew: 6841K->545K(7616K), 0.0014724 secs] 23060K->16764K(24732K), 0.0015421 secs] [Times: user=0.01 sys=0.00, real=0.00 secs] 
27.691: [GC 27.691: [ParNew: 7042K->1041K(7616K), 0.0016643 secs] 23261K->17260K(24732K), 0.0017362 secs] [Times: user=0.01 sys=0.00, real=0.00 secs] 
27.697: [GC 27.697: [ParNew: 7554K->268K(7616K), 0.0014359 secs] 23773K->17121K(24732K), 0.0015186 secs] [Times: user=0.00 sys=0.00, real=0.01 secs] 
27.707: [GC 27.707: [ParNew: 6723K->275K(7616K), 0.0007603 secs] 23576K->17128K(24732K), 0.0008298 secs] [Times: user=0.00 sys=0.00, real=0.01 secs] 
27.712: [GC 27.713: [ParNew: 6766K->282K(7616K), 0.0008329 secs] 23619K->17135K(24732K), 0.0008847 secs] [Times: user=0.00 sys=0.00, real=0.00 secs] 
27.719: [GC 27.719: [ParNew: 6783K->472K(7616K), 0.0009329 secs] 23636K->17325K(24732K), 0.0009879 secs] [Times: user=0.00 sys=0.00, real=0.00 secs] 
27.726: [GC 27.726: [ParNew: 6965K->669K(7616K), 0.0012365 secs] 23818K->17522K(24732K), 0.0012999 secs] [Times: user=0.00 sys=0.00, real=0.00 secs] 
27.733: [GC 27.733: [ParNew: 7132K->478K(7616K), 0.0012459 secs] 23985K->17525K(24732K), 0.0013145 secs] [Times: user=0.00 sys=0.00, real=0.00 secs] 
27.739: [GC 27.739: [ParNew: 7003K->504K(7616K), 0.0012947 secs] 24049K->17550K(24732K), 0.0013747 secs] [Times: user=0.00 sys=0.00, real=0.00 secs] 
27.745: [GC 27.746: [ParNew: 6914K->701K(7616K), 0.0012019 secs] 23961K->17747K(24732K), 0.0013320 secs] [Times: user=0.00 sys=0.00, real=0.00 secs] 
27.752: [GC 27.753: [ParNew: 7218K->686K(7616K), 0.0013451 secs]27.754: [Tenured: 17241K->8136K(17308K), 0.0718672 secs] 24264K->8136K(24924K), [Perm : 10699K->10699K(21248K)], 0.0734764 secs] [Times: user=0.07 sys=0.00, real=0.07 secs] 
27.831: [GC 27.831: [ParNew: 6512K->426K(7616K), 0.0010675 secs] 14649K->8563K(24732K), 0.0011323 secs] [Times: user=0.00 sys=0.00, real=0.00 secs] 
27.836: [GC 27.836: [ParNew: 6946K->502K(7616K), 0.0010223 secs] 15083K->8639K(24732K), 0.0010840 secs] [Times: user=0.01 sys=0.00, real=0.00 secs] 
27.842: [GC 27.842: [ParNew: 7017K->856K(7616K), 0.0014386 secs] 15153K->8993K(24732K), 0.0015092 secs] [Times: user=0.00 sys=0.00, real=0.00 secs] 
27.848: [GC 27.848: [ParNew: 7276K->896K(7616K), 0.0018017 secs] 15413K->9409K(24732K), 0.0018779 secs] [Times: user=0.00 sys=0.00, real=0.01 secs] 
27.854: [GC 27.854: [ParNew: 7361K->410K(7616K), 0.0015114 secs] 15874K->9365K(24732K), 0.0015781 secs] [Times: user=0.00 sys=0.00, real=0.00 secs] 
27.860: [GC 27.860: [ParNew: 6924K->916K(7616K), 0.0012438 secs] 15880K->9872K(24732K), 0.0013311 secs] [Times: user=0.00 sys=0.00, real=0.00 secs] 
27.865: [GC 27.865: [ParNew: 7397K->347K(7616K), 0.0017945 secs] 16352K->9947K(24732K), 0.0018671 secs] [Times: user=0.00 sys=0.00, real=0.00 secs] 
27.871: [GC 27.871: [ParNew: 6838K->482K(7616K), 0.0010410 secs] 16439K->10082K(24732K), 0.0010995 secs] [Times: user=0.00 sys=0.00, real=0.00 secs] 
27.877: [GC 27.877: [ParNew: 7002K->271K(7616K), 0.0008590 secs] 16602K->9872K(24732K), 0.0009284 secs] [Times: user=0.01 sys=0.00, real=0.01 secs] 
27.882: [GC 27.882: [ParNew: 6765K->305K(7616K), 0.0007254 secs] 16365K->9905K(24732K), 0.0007867 secs] [Times: user=0.00 sys=0.00, real=0.00 secs] 
27.889: [GC 27.889: [ParNew: 6788K->962K(7616K), 0.0022448 secs] 16389K->10562K(24732K), 0.0023564 secs] [Times: user=0.00 sys=0.00, real=0.00 secs] 
27.898: [GC 27.898: [ParNew: 7483K->273K(7616K), 0.0013271 secs] 17083K->10537K(24732K), 0.0014082 secs] [Times: user=0.00 sys=0.00, real=0.00 secs] 
27.905: [GC 27.905: [ParNew: 6761K->483K(7616K), 0.0010722 secs] 17026K->10748K(24732K), 0.0011582 secs] [Times: user=0.00 sys=0.00, real=0.00 secs] 
27.914: [GC 27.914: [ParNew: 7011K->392K(7616K), 0.0008362 secs] 17276K->10657K(24732K), 0.0009003 secs] [Times: user=0.00 sys=0.00, real=0.00 secs] 
27.920: [GC 27.920: [ParNew: 6915K->487K(7616K), 0.0010655 secs] 17180K->10752K(24732K), 0.0011458 secs] [Times: user=0.00 sys=0.00, real=0.00 secs] 
27.926: [GC 27.926: [ParNew: 6999K->836K(7616K), 0.0012279 secs] 17264K->11101K(24732K), 0.0013195 secs] [Times: user=0.00 sys=0.00, real=0.00 secs] 
27.932: [GC 27.932: [ParNew: 7359K->490K(7616K), 0.0012758 secs] 17624K->11225K(24732K), 0.0013465 secs] [Times: user=0.00 sys=0.00, real=0.00 secs] 
27.939: [GC 27.939: [ParNew: 7004K->516K(7616K), 0.0008216 secs] 17739K->11251K(24732K), 0.0008874 secs] [Times: user=0.01 sys=0.00, real=0.00 secs] 
27.945: [GC 27.945: [ParNew: 7033K->424K(7616K), 0.0008669 secs] 17768K->11159K(24732K), 0.0009370 secs] [Times: user=0.00 sys=0.00, real=0.00 secs] 
27.951: [GC 27.951: [ParNew: 6928K->759K(7616K), 0.0012361 secs] 17663K->11494K(24732K), 0.0012984 secs] [Times: user=0.00 sys=0.00, real=0.00 secs] 
27.956: [GC 27.956: [ParNew: 7247K->520K(7616K), 0.0012169 secs] 17982K->11497K(24732K), 0.0012835 secs] [Times: user=0.00 sys=0.00, real=0.00 secs] 
27.962: [GC 27.962: [ParNew: 6965K->716K(7616K), 0.0010789 secs] 17942K->11693K(24732K), 0.0011525 secs] [Times: user=0.00 sys=0.00, real=0.00 secs] 
27.967: [GC 27.967: [ParNew: 7203K->519K(7616K), 0.0013435 secs] 18180K->11823K(24732K), 0.0014276 secs] [Times: user=0.00 sys=0.00, real=0.01 secs] 
27.973: [GC 27.973: [ParNew: 7038K->769K(7616K), 0.0011595 secs] 18343K->12073K(24732K), 0.0012272 secs] [Times: user=0.01 sys=0.00, real=0.00 secs] 
27.979: [GC 27.979: [ParNew: 7248K->653K(7616K), 0.0013779 secs] 18552K->12206K(24732K), 0.0014593 secs] [Times: user=0.01 sys=0.00, real=0.00 secs] 
27.984: [GC 27.985: [ParNew: 7176K->903K(7616K), 0.0017210 secs] 18728K->12568K(24732K), 0.0018010 secs] [Times: user=0.00 sys=0.00, real=0.00 secs] 
27.991: [GC 27.991: [ParNew: 7396K->375K(7616K), 0.0013125 secs] 19061K->12457K(24732K), 0.0013858 secs] [Times: user=0.00 sys=0.00, real=0.00 secs] 
27.996: [GC 27.997: [ParNew: 6893K->912K(7616K), 0.0014519 secs] 18975K->12993K(24732K), 0.0015355 secs] [Times: user=0.00 sys=0.00, real=0.01 secs] 
28.003: [GC 28.003: [ParNew: 7410K->180K(7616K), 0.0012301 secs] 19492K->12924K(24732K), 0.0013170 secs] [Times: user=0.00 sys=0.00, real=0.00 secs] 
28.009: [GC 28.009: [ParNew: 6691K->713K(7616K), 0.0012329 secs] 19434K->13457K(24732K), 0.0013138 secs] [Times: user=0.00 sys=0.00, real=0.00 secs] 
28.017: [GC 28.017: [ParNew: 7232K->367K(7616K), 0.0012049 secs] 19976K->13519K(24732K), 0.0012754 secs] [Times: user=0.01 sys=0.00, real=0.01 secs] 
28.024: [GC 28.024: [ParNew: 6895K->378K(7616K), 0.0008354 secs] 20047K->13530K(24732K), 0.0009097 secs] [Times: user=0.00 sys=0.00, real=0.00 secs] 
28.029: [GC 28.029: [ParNew: 6886K->674K(7616K), 0.0010319 secs] 20039K->13826K(24732K), 0.0011117 secs] [Times: user=0.01 sys=0.00, real=0.00 secs] 
28.034: [GC 28.035: [ParNew: 7180K->643K(7616K), 0.0013125 secs] 20332K->14040K(24732K), 0.0013938 secs] [Times: user=0.00 sys=0.00, real=0.00 secs] 
28.041: [GC 28.041: [ParNew: 7161K->362K(7616K), 0.0013921 secs] 20558K->14117K(24732K), 0.0014543 secs] [Times: user=0.00 sys=0.00, real=0.00 secs] 
28.046: [GC 28.046: [ParNew: 6856K->676K(7616K), 0.0011301 secs] 20611K->14431K(24732K), 0.0012505 secs] [Times: user=0.00 sys=0.00, real=0.00 secs] 
28.053: [GC 28.053: [ParNew: 7150K->325K(7616K), 0.0011144 secs] 20905K->14378K(24732K), 0.0011992 secs] [Times: user=0.00 sys=0.00, real=0.00 secs] 
28.058: [GC 28.058: [ParNew: 6834K->797K(7616K), 0.0011668 secs] 20886K->14850K(24732K), 0.0012325 secs] [Times: user=0.00 sys=0.01, real=0.01 secs] 
28.063: [GC 28.063: [ParNew: 7320K->798K(7616K), 0.0015743 secs] 21373K->15384K(24732K), 0.0016488 secs] [Times: user=0.00 sys=0.00, real=0.00 secs] 
28.070: [GC 28.070: [ParNew: 7316K->231K(7616K), 0.0013220 secs] 21901K->15592K(24732K), 0.0013974 secs] [Times: user=0.00 sys=0.00, real=0.00 secs] 
28.077: [GC 28.077: [ParNew: 6748K->459K(7616K), 0.0010265 secs] 22108K->15820K(24732K), 0.0010986 secs] [Times: user=0.01 sys=0.00, real=0.01 secs] 
28.082: [GC 28.082: [ParNew: 6970K->978K(7616K), 0.0014746 secs] 22331K->16338K(24732K), 0.0015610 secs] [Times: user=0.00 sys=0.00, real=0.00 secs] 
28.088: [GC 28.088: [ParNew: 7362K->335K(7616K), 0.0019198 secs] 22722K->16401K(24732K), 0.0020025 secs] [Times: user=0.00 sys=0.00, real=0.00 secs] 
28.095: [GC 28.095: [ParNew: 6840K->418K(7616K), 0.0011029 secs] 22906K->16485K(24732K), 0.0011800 secs] [Times: user=0.00 sys=0.00, real=0.00 secs] 
28.100: [GC 28.101: [ParNew: 6935K->599K(7616K), 0.0010292 secs] 23002K->16665K(24732K), 0.0011032 secs] [Times: user=0.00 sys=0.00, real=0.00 secs] 
28.105: [GC 28.105: [ParNew: 7045K->824K(7616K), 0.0014292 secs] 23112K->17045K(24732K), 0.0014993 secs] [Times: user=0.00 sys=0.00, real=0.00 secs] 
28.113: [GC 28.113: [ParNew: 7297K->809K(7616K), 0.0013756 secs] 23518K->17478K(24732K), 0.0014628 secs] [Times: user=0.00 sys=0.00, real=0.00 secs] 
28.122: [GC 28.122: [ParNew: 7337K->257K(7616K), 0.0010746 secs] 24006K->17226K(24732K), 0.0011355 secs] [Times: user=0.00 sys=0.00, real=0.00 secs] 
28.128: [GC 28.128: [ParNew: 6709K->529K(7616K), 0.0010575 secs] 23678K->17498K(24732K), 0.0011183 secs] [Times: user=0.00 sys=0.00, real=0.00 secs] 
28.135: [GC 28.135: [ParNew: 7038K->858K(7616K), 0.0011250 secs] 24007K->17827K(24732K), 0.0011902 secs] [Times: user=0.00 sys=0.00, real=0.00 secs] 
28.141: [GC 28.141: [ParNew: 7386K->291K(7616K), 0.0015738 secs]28.143: [Tenured: 17770K->9175K(17884K), 0.0719377 secs] 24355K->9175K(25500K), [Perm : 10699K->10699K(21248K)], 0.0739657 secs] [Times: user=0.07 sys=0.01, real=0.07 secs] 
28.223: [GC 28.223: [ParNew: 6506K->133K(7616K), 0.0008140 secs] 15682K->9309K(24732K), 0.0008880 secs] [Times: user=0.00 sys=0.00, real=0.00 secs] 
28.229: [GC 28.229: [ParNew: 6661K->493K(7616K), 0.0008372 secs] 15837K->9668K(24732K), 0.0008964 secs] [Times: user=0.00 sys=0.00, real=0.00 secs] 
28.236: [GC 28.236: [ParNew: 7002K->421K(7616K), 0.0018679 secs] 16178K->9597K(24732K), 0.0019444 secs] [Times: user=0.00 sys=0.00, real=0.00 secs] 
28.244: [GC 28.244: [ParNew: 6943K->465K(7616K), 0.0009053 secs] 16119K->9641K(24732K), 0.0009595 secs] [Times: user=0.00 sys=0.00, real=0.00 secs] 
28.251: [GC 28.251: [ParNew: 6993K->533K(7616K), 0.0012537 secs] 16169K->9709K(24732K), 0.0013151 secs] [Times: user=0.00 sys=0.00, real=0.00 secs] 
28.256: [GC 28.256: [ParNew: 7058K->492K(7616K), 0.0010231 secs] 16233K->9668K(24732K), 0.0010801 secs] [Times: user=0.01 sys=0.00, real=0.00 secs] 
28.264: [GC 28.264: [ParNew: 7010K->459K(7616K), 0.0010665 secs] 16185K->9635K(24732K), 0.0011228 secs] [Times: user=0.00 sys=0.00, real=0.00 secs] 
28.269: [GC 28.269: [ParNew: 6983K->513K(7616K), 0.0013448 secs] 16159K->9689K(24732K), 0.0014222 secs] [Times: user=0.00 sys=0.00, real=0.00 secs] 
28.274: [GC 28.274: [ParNew: 7041K->808K(7616K), 0.0012127 secs] 16217K->9984K(24732K), 0.0012768 secs] [Times: user=0.01 sys=0.00, real=0.00 secs] 
28.279: [GC 28.279: [ParNew: 7277K->978K(7616K), 0.0015473 secs] 16452K->10445K(24732K), 0.0016182 secs] [Times: user=0.01 sys=0.00, real=0.00 secs] 
28.290: [GC 28.290: [ParNew: 7480K->353K(7616K), 0.0015200 secs] 16947K->10299K(24732K), 0.0015943 secs] [Times: user=0.01 sys=0.00, real=0.00 secs] 
28.297: [GC 28.297: [ParNew: 6856K->361K(7616K), 0.0008557 secs] 16802K->10307K(24732K), 0.0009546 secs] [Times: user=0.01 sys=0.00, real=0.00 secs] 
28.301: [GC 28.302: [ParNew: 6837K->367K(7616K), 0.0009823 secs] 16783K->10313K(24732K), 0.0011238 secs] [Times: user=0.00 sys=0.00, real=0.00 secs] 
28.307: [GC 28.308: [ParNew: 6895K->485K(7616K), 0.0008743 secs] 16841K->10431K(24732K), 0.0009277 secs] [Times: user=0.00 sys=0.00, real=0.01 secs] 
28.317: [GC 28.317: [ParNew: 6969K->1053K(7616K), 0.0016966 secs] 16915K->11282K(24732K), 0.0018106 secs] [Times: user=0.00 sys=0.00, real=0.01 secs] 
28.324: [GC 28.324: [ParNew: 7556K->664K(7616K), 0.0015071 secs] 17785K->11537K(24732K), 0.0015847 secs] [Times: user=0.00 sys=0.00, real=0.00 secs] 
28.329: [GC 28.329: [ParNew: 7171K->101K(7616K), 0.0014284 secs] 18043K->11565K(24732K), 0.0014967 secs] [Times: user=0.00 sys=0.00, real=0.00 secs] 
28.335: [GC 28.335: [ParNew: 6558K->108K(7616K), 0.0006329 secs] 18023K->11572K(24732K), 0.0006760 secs] [Times: user=0.00 sys=0.00, real=0.00 secs] 
28.341: [GC 28.341: [ParNew: 6600K->700K(7616K), 0.0011766 secs] 18065K->12165K(24732K), 0.0012544 secs] [Times: user=0.00 sys=0.00, real=0.00 secs] 
28.347: [GC 28.347: [ParNew: 7222K->298K(7616K), 0.0012461 secs] 18687K->12258K(24732K), 0.0013125 secs] [Times: user=0.01 sys=0.00, real=0.01 secs] 
28.352: [GC 28.352: [ParNew: 6815K->557K(7616K), 0.0010670 secs] 18775K->12517K(24732K), 0.0011248 secs] [Times: user=0.01 sys=0.00, real=0.00 secs] 
28.358: [GC 28.358: [ParNew: 7085K->301K(7616K), 0.0010620 secs] 19045K->12478K(24732K), 0.0011271 secs] [Times: user=0.01 sys=0.00, real=0.00 secs] 
28.365: [GC 28.365: [ParNew: 6798K->643K(7616K), 0.0012467 secs] 18976K->12820K(24732K), 0.0013130 secs] [Times: user=0.00 sys=0.00, real=0.00 secs] 
28.370: [GC 28.370: [ParNew: 7153K->547K(7616K), 0.0012684 secs] 19330K->12957K(24732K), 0.0013422 secs] [Times: user=0.00 sys=0.00, real=0.00 secs] 
28.375: [GC 28.375: [ParNew: 7069K->516K(7616K), 0.0011339 secs] 19478K->13003K(24732K), 0.0012081 secs] [Times: user=0.00 sys=0.00, real=0.00 secs] 
28.380: [GC 28.381: [ParNew: 7014K->782K(7616K), 0.0017935 secs] 19500K->13269K(24732K), 0.0018800 secs] [Times: user=0.00 sys=0.00, real=0.00 secs] 
28.389: [GC 28.389: [ParNew: 7296K->522K(7616K), 0.0011627 secs] 19782K->13313K(24732K), 0.0012300 secs] [Times: user=0.00 sys=0.00, real=0.00 secs] 
28.395: [GC 28.395: [ParNew: 7043K->784K(7616K), 0.0014061 secs] 19833K->13574K(24732K), 0.0014701 secs] [Times: user=0.01 sys=0.00, real=0.00 secs] 
28.401: [GC 28.401: [ParNew: 7306K->855K(7616K), 0.0013329 secs] 20097K->13889K(24732K), 0.0014050 secs] [Times: user=0.01 sys=0.00, real=0.00 secs] 
28.407: [GC 28.407: [ParNew: 7367K->377K(7616K), 0.0014661 secs] 20402K->14167K(24732K), 0.0015364 secs] [Times: user=0.00 sys=0.00, real=0.01 secs] 
28.413: [GC 28.413: [ParNew: 6900K->406K(7616K), 0.0009343 secs] 20690K->14195K(24732K), 0.0009854 secs] [Times: user=0.00 sys=0.00, real=0.00 secs] 
28.419: [GC 28.419: [ParNew: 6919K->438K(7616K), 0.0011376 secs] 20709K->14228K(24732K), 0.0012050 secs] [Times: user=0.00 sys=0.00, real=0.00 secs] 
28.425: [GC 28.425: [ParNew: 6890K->795K(7616K), 0.0012549 secs] 20680K->14585K(24732K), 0.0013278 secs] [Times: user=0.00 sys=0.00, real=0.00 secs] 
28.430: [GC 28.430: [ParNew: 7310K->1042K(7616K), 0.0016956 secs] 21099K->15211K(24732K), 0.0017677 secs] [Times: user=0.00 sys=0.00, real=0.00 secs] 
28.437: [GC 28.437: [ParNew: 7554K->193K(7616K), 0.0015355 secs] 21723K->15084K(24732K), 0.0016078 secs] [Times: user=0.00 sys=0.00, real=0.01 secs] 
28.444: [GC 28.444: [ParNew: 6696K->310K(7616K), 0.0013738 secs] 21586K->15201K(24732K), 0.0014375 secs] [Times: user=0.00 sys=0.00, real=0.00 secs] 
28.449: [GC 28.449: [ParNew: 6822K->421K(7616K), 0.0011368 secs] 21713K->15312K(24732K), 0.0011901 secs] [Times: user=0.00 sys=0.00, real=0.00 secs] 
28.455: [GC 28.456: [ParNew: 6835K->433K(7616K), 0.0009337 secs] 21726K->15324K(24732K), 0.0010139 secs] [Times: user=0.00 sys=0.00, real=0.00 secs] 
28.460: [GC 28.460: [ParNew: 6925K->380K(7616K), 0.0009296 secs] 21816K->15271K(24732K), 0.0010413 secs] [Times: user=0.00 sys=0.00, real=0.00 secs] 
28.468: [GC 28.468: [ParNew: 6864K->821K(7616K), 0.0011718 secs] 21755K->15712K(24732K), 0.0012357 secs] [Times: user=0.00 sys=0.00, real=0.01 secs] 
28.473: [GC 28.473: [ParNew: 7329K->550K(7616K), 0.0013364 secs] 22219K->15759K(24732K), 0.0014056 secs] [Times: user=0.00 sys=0.00, real=0.00 secs] 
28.479: [GC 28.479: [ParNew: 7062K->267K(7616K), 0.0011336 secs] 22271K->15700K(24732K), 0.0011974 secs] [Times: user=0.00 sys=0.00, real=0.00 secs] 
28.484: [GC 28.484: [ParNew: 6730K->713K(7616K), 0.0015672 secs] 22163K->16146K(24732K), 0.0016356 secs] [Times: user=0.00 sys=0.00, real=0.00 secs] 
28.490: [GC 28.490: [ParNew: 7230K->463K(7616K), 0.0016457 secs] 22663K->16289K(24732K), 0.0017245 secs] [Times: user=0.00 sys=0.00, real=0.00 secs] 
28.497: [GC 28.497: [ParNew: 6988K->705K(7616K), 0.0011341 secs] 22813K->16531K(24732K), 0.0012109 secs] [Times: user=0.01 sys=0.00, real=0.01 secs] 
28.503: [GC 28.503: [ParNew: 7233K->438K(7616K), 0.0014489 secs] 23059K->16649K(24732K), 0.0015159 secs] [Times: user=0.01 sys=0.00, real=0.00 secs] 
28.509: [GC 28.509: [ParNew: 6922K->791K(7616K), 0.0012592 secs] 23133K->17002K(24732K), 0.0013432 secs] [Times: user=0.00 sys=0.00, real=0.00 secs] 
28.514: [GC 28.514: [ParNew: 7300K->599K(7616K), 0.0012272 secs] 23510K->16924K(24732K), 0.0012938 secs] [Times: user=0.00 sys=0.00, real=0.00 secs] 
28.520: [GC 28.520: [ParNew: 7118K->498K(7616K), 0.0010907 secs] 23443K->16911K(24732K), 0.0011547 secs] [Times: user=0.00 sys=0.00, real=0.00 secs] 
28.525: [GC 28.525: [ParNew: 7011K->930K(7616K), 0.0013688 secs] 23424K->17343K(24732K), 0.0014651 secs] [Times: user=0.00 sys=0.00, real=0.00 secs] 
28.532: [GC 28.532: [ParNew: 7435K->975K(7616K), 0.0022670 secs] 23847K->17956K(24732K), 0.0023589 secs] [Times: user=0.00 sys=0.00, real=0.00 secs] 
28.539: [GC 28.539: [ParNew: 7503K->393K(7616K), 0.0010902 secs]28.540: [Tenured: 17469K->8866K(17500K), 0.0723742 secs] 24484K->8866K(25116K), [Perm : 10699K->10699K(21248K)], 0.0737792 secs] [Times: user=0.07 sys=0.00, real=0.07 secs] 
28.617: [GC 28.617: [ParNew: 6526K->373K(7616K), 0.0008239 secs] 15392K->9239K(24732K), 0.0008747 secs] [Times: user=0.00 sys=0.00, real=0.01 secs] 
28.622: [GC 28.622: [ParNew: 6883K->535K(7616K), 0.0009760 secs] 15749K->9401K(24732K), 0.0010454 secs] [Times: user=0.00 sys=0.00, real=0.00 secs] 
28.629: [GC 28.629: [ParNew: 7033K->995K(7616K), 0.0014047 secs] 15899K->9861K(24732K), 0.0014745 secs] [Times: user=0.00 sys=0.00, real=0.00 secs] 
28.636: [GC 28.636: [ParNew: 7498K->652K(7616K), 0.0015288 secs] 16364K->9982K(24732K), 0.0016202 secs] [Times: user=0.00 sys=0.00, real=0.00 secs] 
28.643: [GC 28.643: [ParNew: 7164K->333K(7616K), 0.0022216 secs] 16494K->9857K(24732K), 0.0023306 secs] [Times: user=0.00 sys=0.00, real=0.00 secs] 
28.658: [GC 28.658: [ParNew: 6861K->356K(7616K), 0.0008653 secs] 16385K->9880K(24732K), 0.0009170 secs] [Times: user=0.00 sys=0.00, real=0.00 secs] 
28.663: [GC 28.663: [ParNew: 6828K->341K(7616K), 0.0008574 secs] 16352K->9866K(24732K), 0.0009174 secs] [Times: user=0.00 sys=0.00, real=0.00 secs] 
28.668: [GC 28.668: [ParNew: 6852K->301K(7616K), 0.0010060 secs] 16376K->9825K(24732K), 0.0010609 secs] [Times: user=0.00 sys=0.00, real=0.00 secs] 
28.673: [GC 28.673: [ParNew: 6822K->598K(7616K), 0.0013593 secs] 16346K->10122K(24732K), 0.0014244 secs] [Times: user=0.01 sys=0.00, real=0.00 secs] 
28.678: [GC 28.679: [ParNew: 7104K->445K(7616K), 0.0010277 secs] 16629K->10073K(24732K), 0.0010922 secs] [Times: user=0.00 sys=0.00, real=0.00 secs] 
28.684: [GC 28.684: [ParNew: 6958K->422K(7616K), 0.0009268 secs] 16585K->10049K(24732K), 0.0009786 secs] [Times: user=0.00 sys=0.00, real=0.00 secs] 
28.689: [GC 28.689: [ParNew: 6932K->567K(7616K), 0.0019135 secs] 16560K->10194K(24732K), 0.0019902 secs] [Times: user=0.00 sys=0.00, real=0.00 secs] 
28.695: [GC 28.695: [ParNew: 7066K->741K(7616K), 0.0012924 secs] 16693K->10428K(24732K), 0.0013714 secs] [Times: user=0.00 sys=0.00, real=0.00 secs] 
28.702: [GC 28.702: [ParNew: 7243K->854K(7616K), 0.0013193 secs] 16930K->10786K(24732K), 0.0014381 secs] [Times: user=0.00 sys=0.00, real=0.00 secs] 
28.709: [GC 28.709: [ParNew: 7379K->597K(7616K), 0.0015055 secs] 17311K->10920K(24732K), 0.0015841 secs] [Times: user=0.00 sys=0.00, real=0.00 secs] 
28.715: [GC 28.715: [ParNew: 7095K->834K(7616K), 0.0014076 secs] 17418K->11482K(24732K), 0.0014888 secs] [Times: user=0.01 sys=0.00, real=0.00 secs] 
28.720: [GC 28.720: [ParNew: 7341K->376K(7616K), 0.0014202 secs] 17989K->11665K(24732K), 0.0014882 secs] [Times: user=0.01 sys=0.00, real=0.00 secs] 
28.726: [GC 28.726: [ParNew: 6868K->1007K(7616K), 0.0014335 secs] 18156K->12296K(24732K), 0.0015144 secs] [Times: user=0.01 sys=0.00, real=0.00 secs] 
28.732: [GC 28.732: [ParNew: 7475K->503K(7616K), 0.0014638 secs] 18764K->12485K(24732K), 0.0015427 secs] [Times: user=0.00 sys=0.00, real=0.00 secs] 
28.738: [GC 28.738: [ParNew: 6962K->749K(7616K), 0.0010034 secs] 18944K->12731K(24732K), 0.0010714 secs] [Times: user=0.00 sys=0.00, real=0.00 secs] 
28.743: [GC 28.743: [ParNew: 7253K->442K(7616K), 0.0011928 secs] 19235K->12728K(24732K), 0.0012576 secs] [Times: user=0.00 sys=0.00, real=0.00 secs] 
28.750: [GC 28.750: [ParNew: 6842K->602K(7616K), 0.0009521 secs] 19129K->12888K(24732K), 0.0010078 secs] [Times: user=0.00 sys=0.00, real=0.00 secs] 
28.755: [GC 28.755: [ParNew: 7118K->312K(7616K), 0.0008571 secs] 19404K->12662K(24732K), 0.0009081 secs] [Times: user=0.00 sys=0.00, real=0.00 secs] 
28.759: [GC 28.759: [ParNew: 6751K->404K(7616K), 0.0011667 secs] 19101K->12753K(24732K), 0.0012301 secs] [Times: user=0.00 sys=0.00, real=0.00 secs] 
28.768: [GC 28.768: [ParNew: 6929K->400K(7616K), 0.0009297 secs] 19278K->12750K(24732K), 0.0009868 secs] [Times: user=0.01 sys=0.00, real=0.01 secs] 
28.775: [GC 28.775: [ParNew: 6867K->296K(7616K), 0.0007813 secs] 19217K->12645K(24732K), 0.0008469 secs] [Times: user=0.01 sys=0.00, real=0.00 secs] 
28.784: [GC 28.784: [ParNew: 6822K->346K(7616K), 0.0009680 secs] 19171K->12696K(24732K), 0.0010339 secs] [Times: user=0.01 sys=0.00, real=0.00 secs] 
28.790: [GC 28.790: [ParNew: 6869K->612K(7616K), 0.0012837 secs] 19219K->12962K(24732K), 0.0013687 secs] [Times: user=0.00 sys=0.00, real=0.00 secs] 
28.797: [GC 28.797: [ParNew: 7096K->710K(7616K), 0.0018122 secs] 19446K->13125K(24732K), 0.0018766 secs] [Times: user=0.00 sys=0.00, real=0.01 secs] 
28.805: [GC 28.805: [ParNew: 7238K->503K(7616K), 0.0014855 secs] 19653K->13100K(24732K), 0.0015683 secs] [Times: user=0.00 sys=0.00, real=0.00 secs] 
28.811: [GC 28.811: [ParNew: 6980K->532K(7616K), 0.0009832 secs] 19576K->13128K(24732K), 0.0010512 secs] [Times: user=0.00 sys=0.00, real=0.00 secs] 
28.816: [GC 28.816: [ParNew: 7040K->804K(7616K), 0.0016960 secs] 19636K->13401K(24732K), 0.0017764 secs] [Times: user=0.00 sys=0.00, real=0.00 secs] 
28.822: [GC 28.822: [ParNew: 7320K->707K(7616K), 0.0015535 secs] 19916K->13629K(24732K), 0.0016239 secs] [Times: user=0.00 sys=0.00, real=0.00 secs] 
28.827: [GC 28.828: [ParNew: 7192K->1001K(7616K), 0.0016309 secs] 20114K->14212K(24732K), 0.0017465 secs] [Times: user=0.00 sys=0.00, real=0.01 secs] 
28.834: [GC 28.834: [ParNew: 7519K->245K(7616K), 0.0013546 secs] 20730K->14240K(24732K), 0.0014303 secs] [Times: user=0.00 sys=0.00, real=0.00 secs] 
28.840: [GC 28.840: [ParNew: 6742K->421K(7616K), 0.0008465 secs] 20737K->14416K(24732K), 0.0008991 secs] [Times: user=0.00 sys=0.00, real=0.00 secs] 
28.845: [GC 28.845: [ParNew: 6945K->384K(7616K), 0.0036162 secs] 20940K->14379K(24732K), 0.0037120 secs] [Times: user=0.01 sys=0.00, real=0.01 secs] 
28.853: [GC 28.853: [ParNew: 6911K->372K(7616K), 0.0009235 secs] 20906K->14367K(24732K), 0.0009771 secs] [Times: user=0.00 sys=0.00, real=0.00 secs] 
28.859: [GC 28.859: [ParNew: 6890K->406K(7616K), 0.0014035 secs] 20885K->14400K(24732K), 0.0014987 secs] [Times: user=0.00 sys=0.00, real=0.00 secs] 
28.865: [GC 28.865: [ParNew: 6923K->394K(7616K), 0.0009312 secs] 20917K->14388K(24732K), 0.0009948 secs] [Times: user=0.00 sys=0.00, real=0.00 secs] 
28.870: [GC 28.870: [ParNew: 6889K->1025K(7616K), 0.0015197 secs] 20884K->15154K(24732K), 0.0016002 secs] [Times: user=0.00 sys=0.01, real=0.00 secs] 
28.876: [GC 28.876: [ParNew: 7516K->199K(7616K), 0.0014802 secs] 21645K->14882K(24732K), 0.0015481 secs] [Times: user=0.00 sys=0.00, real=0.00 secs] 
28.881: [GC 28.881: [ParNew: 6722K->542K(7616K), 0.0010478 secs] 21405K->15225K(24732K), 0.0011051 secs] [Times: user=0.00 sys=0.00, real=0.00 secs] 
28.887: [GC 28.887: [ParNew: 6913K->775K(7616K), 0.0017385 secs] 21596K->15458K(24732K), 0.0018065 secs] [Times: user=0.01 sys=0.00, real=0.01 secs] 
28.896: [GC 28.896: [ParNew: 7295K->705K(7616K), 0.0015356 secs] 21978K->15785K(24732K), 0.0017618 secs] [Times: user=0.00 sys=0.00, real=0.00 secs] 
28.905: [GC 28.905: [ParNew: 7230K->854K(7616K), 0.0009919 secs] 22310K->15933K(24732K), 0.0010531 secs] [Times: user=0.00 sys=0.00, real=0.00 secs] 
28.910: [GC 28.911: [ParNew: 7278K->389K(7616K), 0.0017426 secs] 22357K->16027K(24732K), 0.0027127 secs] [Times: user=0.00 sys=0.00, real=0.00 secs] 
28.917: [GC 28.917: [ParNew: 6877K->669K(7616K), 0.0012160 secs] 22515K->16307K(24732K), 0.0012924 secs] [Times: user=0.00 sys=0.00, real=0.01 secs] 
28.923: [GC 28.923: [ParNew: 7197K->764K(7616K), 0.0014184 secs] 22835K->16718K(24732K), 0.0014956 secs] [Times: user=0.00 sys=0.00, real=0.00 secs] 
28.931: [GC 28.932: [ParNew: 7292K->479K(7616K), 0.0010969 secs] 23246K->16723K(24732K), 0.0011806 secs] [Times: user=0.00 sys=0.00, real=0.00 secs] 
28.938: [GC 28.938: [ParNew: 6973K->934K(7616K), 0.0017741 secs] 23218K->17179K(24732K), 0.0018602 secs] [Times: user=0.00 sys=0.00, real=0.01 secs] 
28.943: [GC 28.944: [ParNew: 7396K->363K(7616K), 0.0017073 secs] 23641K->17456K(24732K), 0.0017860 secs] [Times: user=0.00 sys=0.00, real=0.00 secs] 
28.951: [GC 28.951: [ParNew: 6891K->560K(7616K), 0.0009824 secs] 23984K->17653K(24732K), 0.0010397 secs] [Times: user=0.00 sys=0.00, real=0.00 secs] 
28.958: [GC 28.958: [ParNew: 7063K->422K(7616K), 0.0037411 secs]28.962: [Tenured: 17226K->8620K(17308K), 0.0714995 secs] 24156K->8620K(24924K), [Perm : 10699K->10699K(21248K)], 0.0754738 secs] [Times: user=0.08 sys=0.01, real=0.07 secs] 
29.039: [GC 29.039: [ParNew: 6497K->547K(7616K), 0.0008074 secs] 15117K->9168K(24732K), 0.0008680 secs] [Times: user=0.00 sys=0.00, real=0.00 secs] 
29.045: [GC 29.045: [ParNew: 7060K->740K(7616K), 0.0012289 secs] 15680K->9360K(24732K), 0.0013127 secs] [Times: user=0.00 sys=0.00, real=0.00 secs] 
29.051: [GC 29.051: [ParNew: 7242K->384K(7616K), 0.0014774 secs] 15862K->9494K(24732K), 0.0015472 secs] [Times: user=0.00 sys=0.00, real=0.00 secs] 
29.057: [GC 29.057: [ParNew: 6834K->590K(7616K), 0.0011112 secs] 15944K->9700K(24732K), 0.0011830 secs] [Times: user=0.00 sys=0.00, real=0.00 secs] 
29.062: [GC 29.062: [ParNew: 7095K->465K(7616K), 0.0011898 secs] 16205K->9767K(24732K), 0.0012703 secs] [Times: user=0.00 sys=0.00, real=0.00 secs] 
29.067: [GC 29.067: [ParNew: 6966K->285K(7616K), 0.0007288 secs] 16269K->9588K(24732K), 0.0007773 secs] [Times: user=0.00 sys=0.00, real=0.00 secs] 
29.072: [GC 29.072: [ParNew: 6779K->327K(7616K), 0.0007940 secs] 16081K->9629K(24732K), 0.0008431 secs] [Times: user=0.01 sys=0.00, real=0.00 secs] 
29.076: [GC 29.076: [ParNew: 6819K->524K(7616K), 0.0010539 secs] 16122K->9827K(24732K), 0.0011158 secs] [Times: user=0.00 sys=0.00, real=0.00 secs] 
29.082: [GC 29.082: [ParNew: 7036K->506K(7616K), 0.0013578 secs] 16338K->9808K(24732K), 0.0014263 secs] [Times: user=0.00 sys=0.00, real=0.00 secs] 
29.087: [GC 29.087: [ParNew: 7004K->685K(7616K), 0.0017072 secs] 16306K->9988K(24732K), 0.0017735 secs] [Times: user=0.00 sys=0.00, real=0.01 secs] 
29.093: [GC 29.093: [ParNew: 7193K->605K(7616K), 0.0012090 secs] 16495K->10065K(24732K), 0.0012754 secs] [Times: user=0.00 sys=0.00, real=0.00 secs] 
29.099: [GC 29.099: [ParNew: 7124K->559K(7616K), 0.0014009 secs] 16584K->10236K(24732K), 0.0014963 secs] [Times: user=0.01 sys=0.00, real=0.00 secs] 
29.107: [GC 29.107: [ParNew: 7013K->616K(7616K), 0.0013072 secs] 16690K->10493K(24732K), 0.0013995 secs] [Times: user=0.00 sys=0.00, real=0.01 secs] 
29.113: [GC 29.113: [ParNew: 7121K->497K(7616K), 0.0010493 secs] 16998K->10448K(24732K), 0.0011624 secs] [Times: user=0.00 sys=0.00, real=0.00 secs] 
29.119: [GC 29.119: [ParNew: 7010K->507K(7616K), 0.0011760 secs] 16961K->10458K(24732K), 0.0012369 secs] [Times: user=0.00 sys=0.00, real=0.00 secs] 
29.125: [GC 29.125: [ParNew: 7021K->518K(7616K), 0.0012585 secs] 16972K->10469K(24732K), 0.0013273 secs] [Times: user=0.00 sys=0.00, real=0.00 secs] 
29.132: [GC 29.132: [ParNew: 7044K->501K(7616K), 0.0011954 secs] 16995K->10451K(24732K), 0.0012632 secs] [Times: user=0.01 sys=0.00, real=0.00 secs] 
29.139: [GC 29.139: [ParNew: 7025K->514K(7616K), 0.0008140 secs] 16976K->10465K(24732K), 0.0008665 secs] [Times: user=0.00 sys=0.00, real=0.00 secs] 
29.144: [GC 29.144: [ParNew: 7041K->523K(7616K), 0.0010823 secs] 16992K->10474K(24732K), 0.0011431 secs] [Times: user=0.00 sys=0.00, real=0.00 secs] 
29.149: [GC 29.149: [ParNew: 7051K->830K(7616K), 0.0013984 secs] 17002K->10780K(24732K), 0.0014948 secs] [Times: user=0.00 sys=0.00, real=0.00 secs] 
29.155: [GC 29.155: [ParNew: 7328K->599K(7616K), 0.0011899 secs] 17279K->10874K(24732K), 0.0012555 secs] [Times: user=0.00 sys=0.00, real=0.00 secs] 
29.160: [GC 29.160: [ParNew: 7102K->778K(7616K), 0.0013804 secs] 17376K->11135K(24732K), 0.0014556 secs] [Times: user=0.00 sys=0.00, real=0.00 secs] 
29.166: [GC 29.166: [ParNew: 7293K->435K(7616K), 0.0012008 secs] 17651K->11166K(24732K), 0.0013078 secs] [Times: user=0.01 sys=0.00, real=0.00 secs] 
29.173: [GC 29.173: [ParNew: 6938K->753K(7616K), 0.0010548 secs] 17669K->11484K(24732K), 0.0011341 secs] [Times: user=0.00 sys=0.00, real=0.00 secs] 
29.178: [GC 29.178: [ParNew: 7241K->270K(7616K), 0.0011426 secs] 17972K->11326K(24732K), 0.0012135 secs] [Times: user=0.00 sys=0.00, real=0.01 secs] 
29.183: [GC 29.183: [ParNew: 6778K->531K(7616K), 0.0009067 secs] 17835K->11587K(24732K), 0.0010001 secs] [Times: user=0.00 sys=0.00, real=0.00 secs] 
29.189: [GC 29.189: [ParNew: 7058K->590K(7616K), 0.0010436 secs] 18114K->11646K(24732K), 0.0011061 secs] [Times: user=0.00 sys=0.00, real=0.00 secs] 
29.194: [GC 29.194: [ParNew: 7101K->719K(7616K), 0.0013256 secs] 18157K->11880K(24732K), 0.0014127 secs] [Times: user=0.00 sys=0.00, real=0.00 secs] 
29.202: [GC 29.202: [ParNew: 7233K->541K(7616K), 0.0028130 secs] 18394K->12005K(24732K), 0.0028931 secs] [Times: user=0.00 sys=0.00, real=0.00 secs] 
29.211: [GC 29.211: [ParNew: 7017K->780K(7616K), 0.0010032 secs] 18481K->12244K(24732K), 0.0010640 secs] [Times: user=0.00 sys=0.00, real=0.00 secs] 
29.217: [GC 29.217: [ParNew: 7294K->1077K(7616K), 0.0016809 secs] 18757K->12946K(24732K), 0.0017544 secs] [Times: user=0.01 sys=0.00, real=0.01 secs] 
29.223: [GC 29.223: [ParNew: 7597K->601K(7616K), 0.0020063 secs] 19466K->13320K(24732K), 0.0020821 secs] [Times: user=0.01 sys=0.00, real=0.00 secs] 
29.229: [GC 29.229: [ParNew: 7095K->187K(7616K), 0.0013096 secs] 19815K->13474K(24732K), 0.0013771 secs] [Times: user=0.01 sys=0.00, real=0.00 secs] 
29.235: [GC 29.235: [ParNew: 6706K->441K(7616K), 0.0018070 secs] 19993K->13728K(24732K), 0.0018815 secs] [Times: user=0.00 sys=0.00, real=0.00 secs] 
29.240: [GC 29.241: [ParNew: 6956K->699K(7616K), 0.0014592 secs] 20243K->13986K(24732K), 0.0015365 secs] [Times: user=0.00 sys=0.00, real=0.00 secs] 
29.246: [GC 29.246: [ParNew: 7145K->857K(7616K), 0.0017363 secs] 20432K->14297K(24732K), 0.0018083 secs] [Times: user=0.00 sys=0.00, real=0.01 secs] 
29.253: [GC 29.254: [ParNew: 7345K->456K(7616K), 0.0012686 secs] 20786K->14400K(24732K), 0.0013574 secs] [Times: user=0.00 sys=0.00, real=0.00 secs] 
29.259: [GC 29.259: [ParNew: 6944K->363K(7616K), 0.0011512 secs] 20888K->14307K(24732K), 0.0012122 secs] [Times: user=0.00 sys=0.00, real=0.00 secs] 
29.264: [GC 29.264: [ParNew: 6881K->771K(7616K), 0.0011608 secs] 20824K->14714K(24732K), 0.0012371 secs] [Times: user=0.00 sys=0.00, real=0.00 secs] 
29.269: [GC 29.269: [ParNew: 7267K->585K(7616K), 0.0015559 secs] 21211K->14785K(24732K), 0.0016260 secs] [Times: user=0.00 sys=0.00, real=0.00 secs] 
29.277: [GC 29.277: [ParNew: 7061K->1032K(7616K), 0.0013920 secs] 21262K->15287K(24732K), 0.0014784 secs] [Times: user=0.00 sys=0.00, real=0.01 secs] 
29.283: [GC 29.283: [ParNew: 7494K->543K(7616K), 0.0016736 secs] 21749K->15547K(24732K), 0.0017463 secs] [Times: user=0.00 sys=0.00, real=0.00 secs] 
29.291: [GC 29.291: [ParNew: 7018K->397K(7616K), 0.0008252 secs] 22022K->15401K(24732K), 0.0008867 secs] [Times: user=0.00 sys=0.00, real=0.00 secs] 
29.299: [GC 29.299: [ParNew: 6925K->529K(7616K), 0.0010438 secs] 21929K->15533K(24732K), 0.0011303 secs] [Times: user=0.00 sys=0.00, real=0.00 secs] 
29.304: [GC 29.304: [ParNew: 7043K->337K(7616K), 0.0012321 secs] 22048K->15341K(24732K), 0.0013061 secs] [Times: user=0.01 sys=0.00, real=0.00 secs] 
29.310: [GC 29.310: [ParNew: 6865K->686K(7616K), 0.0013463 secs] 21869K->15690K(24732K), 0.0014191 secs] [Times: user=0.00 sys=0.00, real=0.00 secs] 
29.315: [GC 29.315: [ParNew: 7184K->551K(7616K), 0.0019960 secs] 22188K->15699K(24732K), 0.0020846 secs] [Times: user=0.00 sys=0.00, real=0.00 secs] 
29.321: [GC 29.321: [ParNew: 7056K->514K(7616K), 0.0013188 secs] 22204K->15758K(24732K), 0.0013846 secs] [Times: user=0.00 sys=0.00, real=0.00 secs] 
29.326: [GC 29.326: [ParNew: 7038K->613K(7616K), 0.0011408 secs] 22282K->15856K(24732K), 0.0012063 secs] [Times: user=0.00 sys=0.00, real=0.00 secs] 
29.331: [GC 29.332: [ParNew: 7120K->728K(7616K), 0.0014445 secs] 22364K->16139K(24732K), 0.0015180 secs] [Times: user=0.00 sys=0.00, real=0.00 secs] 
29.337: [GC 29.337: [ParNew: 7219K->572K(7616K), 0.0019179 secs] 22630K->16270K(24732K), 0.0020029 secs] [Times: user=0.00 sys=0.00, real=0.01 secs] 
29.343: [GC 29.343: [ParNew: 7088K->709K(7616K), 0.0011547 secs] 22786K->16542K(24732K), 0.0012294 secs] [Times: user=0.01 sys=0.00, real=0.00 secs] 
29.349: [GC 29.349: [ParNew: 7192K->749K(7616K), 0.0015546 secs] 23024K->16893K(24732K), 0.0016298 secs] [Times: user=0.01 sys=0.00, real=0.00 secs] 
29.354: [GC 29.354: [ParNew: 7216K->340K(7616K), 0.0018628 secs] 23360K->16852K(24732K), 0.0019369 secs] [Times: user=0.00 sys=0.00, real=0.00 secs] 
29.361: [GC 29.361: [ParNew: 6850K->861K(7616K), 0.0012280 secs] 23362K->17373K(24732K), 0.0012954 secs] [Times: user=0.00 sys=0.00, real=0.00 secs] 
29.366: [GC 29.366: [ParNew: 7380K->140K(7616K), 0.0012166 secs] 23892K->17227K(24732K), 0.0012853 secs] [Times: user=0.00 sys=0.00, real=0.00 secs] 
29.372: [GC 29.372: [ParNew: 6636K->338K(7616K), 0.0007900 secs] 23723K->17426K(24732K), 0.0008391 secs] [Times: user=0.00 sys=0.00, real=0.00 secs] 
29.377: [GC 29.377: [ParNew: 6865K->516K(7616K), 0.0010624 secs] 23952K->17604K(24732K), 0.0011222 secs] [Times: user=0.00 sys=0.00, real=0.00 secs] 
29.382: [GC 29.382: [ParNew: 6914K->531K(7616K), 0.0009634 secs] 24002K->17619K(24732K), 0.0010189 secs] [Times: user=0.01 sys=0.00, real=0.00 secs] 
29.387: [GC 29.387: [ParNew: 7027K->739K(7616K), 0.0016540 secs] 24114K->17826K(24732K), 0.0017291 secs] [Times: user=0.00 sys=0.00, real=0.01 secs] 
29.394: [GC 29.394: [ParNew: 7224K->376K(7616K), 0.0011987 secs]29.395: [Tenured: 17354K->8267K(17500K), 0.0764581 secs] 24311K->8267K(25116K), [Perm : 10699K->10699K(21248K)], 0.0780238 secs] [Times: user=0.08 sys=0.00, real=0.08 secs] 
29.478: [GC 29.478: [ParNew: 6517K->156K(7616K), 0.0010011 secs] 14784K->8424K(24732K), 0.0010583 secs] [Times: user=0.00 sys=0.00, real=0.00 secs] 
29.485: [GC 29.485: [ParNew: 6655K->635K(7616K), 0.0019281 secs] 14922K->8903K(24732K), 0.0020039 secs] [Times: user=0.00 sys=0.00, real=0.00 secs] 
29.493: [GC 29.493: [ParNew: 7133K->759K(7616K), 0.0045760 secs] 15401K->9190K(24732K), 0.0046568 secs] [Times: user=0.00 sys=0.01, real=0.01 secs] 
29.504: [GC 29.504: [ParNew: 7260K->359K(7616K), 0.0023438 secs] 15690K->9139K(24732K), 0.0024099 secs] [Times: user=0.00 sys=0.00, real=0.00 secs] 
29.511: [GC 29.512: [ParNew: 6833K->701K(7616K), 0.0010737 secs] 15613K->9481K(24732K), 0.0011509 secs] [Times: user=0.00 sys=0.00, real=0.00 secs] 
29.517: [GC 29.517: [ParNew: 7192K->702K(7616K), 0.0017143 secs] 15972K->9782K(24732K), 0.0017962 secs] [Times: user=0.00 sys=0.00, real=0.01 secs] 
29.526: [GC 29.526: [ParNew: 7207K->507K(7616K), 0.0011270 secs] 16287K->9721K(24732K), 0.0603570 secs] [Times: user=0.00 sys=0.00, real=0.06 secs] 
29.591: [GC 29.591: [ParNew: 7035K->878K(7616K), 0.0012859 secs] 16249K->10092K(24732K), 0.0013545 secs] [Times: user=0.00 sys=0.00, real=0.00 secs] 
29.597: [GC 29.597: [ParNew: 7366K->648K(7616K), 0.0012749 secs] 16580K->10109K(24732K), 0.0013403 secs] [Times: user=0.00 sys=0.00, real=0.01 secs] 
29.602: [GC 29.602: [ParNew: 7141K->379K(7616K), 0.0013084 secs] 16602K->10115K(24732K), 0.0013691 secs] [Times: user=0.00 sys=0.00, real=0.00 secs] 
29.609: [GC 29.609: [ParNew: 6890K->316K(7616K), 0.0006864 secs] 16626K->10052K(24732K), 0.0007343 secs] [Times: user=0.01 sys=0.00, real=0.00 secs] 
29.614: [GC 29.614: [ParNew: 6837K->326K(7616K), 0.0008342 secs] 16573K->10063K(24732K), 0.0008860 secs] [Times: user=0.01 sys=0.00, real=0.00 secs] 
29.620: [GC 29.620: [ParNew: 6836K->508K(7616K), 0.0008078 secs] 16572K->10244K(24732K), 0.0008686 secs] [Times: user=0.00 sys=0.00, real=0.00 secs] 
29.625: [GC 29.625: [ParNew: 7013K->748K(7616K), 0.0010679 secs] 16749K->10485K(24732K), 0.0011338 secs] [Times: user=0.00 sys=0.00, real=0.00 secs] 
29.630: [GC 29.630: [ParNew: 7261K->525K(7616K), 0.0011529 secs] 16997K->10478K(24732K), 0.0013538 secs] [Times: user=0.00 sys=0.00, real=0.00 secs] 
29.636: [GC 29.636: [ParNew: 7036K->589K(7616K), 0.0012834 secs] 16988K->10541K(24732K), 0.0013581 secs] [Times: user=0.00 sys=0.00, real=0.00 secs] 
29.642: [GC 29.642: [ParNew: 7081K->298K(7616K), 0.0014733 secs] 17034K->10532K(24732K), 0.0015389 secs] [Times: user=0.00 sys=0.00, real=0.00 secs] 
29.647: [GC 29.647: [ParNew: 6778K->765K(7616K), 0.0013029 secs] 17011K->10999K(24732K), 0.0013742 secs] [Times: user=0.00 sys=0.00, real=0.01 secs] 
29.652: [GC 29.653: [ParNew: 7293K->119K(7616K), 0.0016266 secs] 17527K->10846K(24732K), 0.0017075 secs] [Times: user=0.01 sys=0.00, real=0.00 secs] 
29.659: [GC 29.659: [ParNew: 6627K->278K(7616K), 0.0006882 secs] 17354K->11005K(24732K), 0.0007496 secs] [Times: user=0.01 sys=0.00, real=0.00 secs] 
29.665: [GC 29.665: [ParNew: 6769K->873K(7616K), 0.0015172 secs] 17496K->11600K(24732K), 0.0015940 secs] [Times: user=0.00 sys=0.00, real=0.00 secs] 
29.670: [GC 29.670: [ParNew: 7397K->158K(7616K), 0.0013309 secs] 18124K->11450K(24732K), 0.0013940 secs] [Times: user=0.00 sys=0.00, real=0.00 secs] 
29.676: [GC 29.677: [ParNew: 6677K->897K(7616K), 0.0014524 secs] 17970K->12189K(24732K), 0.0015254 secs] [Times: user=0.00 sys=0.00, real=0.01 secs] 
29.682: [GC 29.682: [ParNew: 7379K->272K(7616K), 0.0014441 secs] 18671K->12344K(24732K), 0.0015186 secs] [Times: user=0.00 sys=0.00, real=0.00 secs] 
29.688: [GC 29.688: [ParNew: 6787K->347K(7616K), 0.0014223 secs] 18859K->12419K(24732K), 0.0014956 secs] [Times: user=0.00 sys=0.00, real=0.00 secs] 
29.694: [GC 29.694: [ParNew: 6846K->668K(7616K), 0.0012426 secs] 18918K->12740K(24732K), 0.0013195 secs] [Times: user=0.00 sys=0.00, real=0.00 secs] 
29.700: [GC 29.700: [ParNew: 7153K->400K(7616K), 0.0013240 secs] 19225K->12639K(24732K), 0.0013866 secs] [Times: user=0.00 sys=0.00, real=0.00 secs] 
29.705: [GC 29.705: [ParNew: 6903K->951K(7616K), 0.0013731 secs] 19141K->13190K(24732K), 0.0014489 secs] [Times: user=0.01 sys=0.00, real=0.00 secs] 
29.715: [GC 29.715: [ParNew: 7459K->325K(7616K), 0.0011779 secs] 19698K->13057K(24732K), 0.0012399 secs] [Times: user=0.01 sys=0.00, real=0.00 secs] 
29.720: [GC 29.720: [ParNew: 6807K->617K(7616K), 0.0013621 secs] 19539K->13349K(24732K), 0.0014355 secs] [Times: user=0.01 sys=0.00, real=0.00 secs] 
29.726: [GC 29.726: [ParNew: 7135K->480K(7616K), 0.0011604 secs] 19867K->13419K(24732K), 0.0012260 secs] [Times: user=0.00 sys=0.00, real=0.00 secs] 
29.731: [GC 29.731: [ParNew: 7008K->469K(7616K), 0.0009533 secs] 19947K->13408K(24732K), 0.0010083 secs] [Times: user=0.00 sys=0.00, real=0.00 secs] 
29.737: [GC 29.737: [ParNew: 6997K->560K(7616K), 0.0010419 secs] 19936K->13499K(24732K), 0.0011089 secs] [Times: user=0.00 sys=0.00, real=0.01 secs] 
29.742: [GC 29.742: [ParNew: 7088K->355K(7616K), 0.0010251 secs] 20027K->13462K(24732K), 0.0010863 secs] [Times: user=0.00 sys=0.00, real=0.03 secs] 
29.778: [GC 29.779: [ParNew: 6815K->1076K(7616K), 0.0014767 secs] 19922K->14183K(24732K), 0.0015624 secs] [Times: user=0.01 sys=0.00, real=0.00 secs] 
29.785: [GC 29.785: [ParNew: 7566K->288K(7616K), 0.0018009 secs] 20673K->14241K(24732K), 0.0018888 secs] [Times: user=0.01 sys=0.00, real=0.00 secs] 
29.791: [GC 29.791: [ParNew: 6796K->692K(7616K), 0.0011665 secs] 20750K->14646K(24732K), 0.0012529 secs] [Times: user=0.00 sys=0.00, real=0.00 secs] 
29.797: [GC 29.797: [ParNew: 7219K->595K(7616K), 0.0013016 secs] 21173K->14768K(24732K), 0.0013693 secs] [Times: user=0.00 sys=0.00, real=0.01 secs] 
29.803: [GC 29.803: [ParNew: 7085K->672K(7616K), 0.0012214 secs] 21259K->15021K(24732K), 0.0012911 secs] [Times: user=0.00 sys=0.00, real=0.00 secs] 
29.808: [GC 29.809: [ParNew: 7153K->441K(7616K), 0.0011443 secs] 21502K->15026K(24732K), 0.0012095 secs] [Times: user=0.00 sys=0.00, real=0.00 secs] 
29.814: [GC 29.814: [ParNew: 6918K->924K(7616K), 0.0011656 secs] 21502K->15509K(24732K), 0.0012566 secs] [Times: user=0.00 sys=0.00, real=0.00 secs] 
29.820: [GC 29.820: [ParNew: 7445K->125K(7616K), 0.0014718 secs] 22030K->15492K(24732K), 0.0015579 secs] [Times: user=0.00 sys=0.00, real=0.00 secs] 
29.825: [GC 29.825: [ParNew: 6637K->323K(7616K), 0.0007887 secs] 22004K->15690K(24732K), 0.0008390 secs] [Times: user=0.00 sys=0.00, real=0.00 secs] 
29.830: [GC 29.830: [ParNew: 6796K->299K(7616K), 0.0007951 secs] 22163K->15666K(24732K), 0.0008452 secs] [Times: user=0.00 sys=0.00, real=0.00 secs] 
29.835: [GC 29.835: [ParNew: 6812K->402K(7616K), 0.0010108 secs] 22178K->15768K(24732K), 0.0010741 secs] [Times: user=0.00 sys=0.00, real=0.00 secs] 
29.841: [GC 29.841: [ParNew: 6928K->873K(7616K), 0.0010097 secs] 22295K->16240K(24732K), 0.0010767 secs] [Times: user=0.00 sys=0.00, real=0.00 secs] 
29.847: [GC 29.847: [ParNew: 7335K->453K(7616K), 0.0021232 secs] 22702K->16330K(24732K), 0.0021949 secs] [Times: user=0.00 sys=0.00, real=0.01 secs] 
29.854: [GC 29.854: [ParNew: 6973K->881K(7616K), 0.0012798 secs] 22850K->16758K(24732K), 0.0013559 secs] [Times: user=0.00 sys=0.00, real=0.00 secs] 
29.859: [GC 29.859: [ParNew: 7380K->653K(7616K), 0.0014544 secs] 23258K->16930K(24732K), 0.0015293 secs] [Times: user=0.00 sys=0.00, real=0.00 secs] 
29.865: [GC 29.865: [ParNew: 7136K->1020K(7616K), 0.0017836 secs] 23414K->17729K(24732K), 0.0018959 secs] [Times: user=0.01 sys=0.01, real=0.00 secs] 
29.872: [GC 29.872: [ParNew: 7543K->554K(7616K), 0.0021190 secs]29.875: [Tenured: 17657K->8833K(17692K), 0.0725729 secs] 24252K->8833K(25308K), [Perm : 10699K->10699K(21248K)], 0.0751399 secs] [Times: user=0.08 sys=0.00, real=0.07 secs] 
29.952: [GC 29.952: [ParNew: 6470K->556K(7616K), 0.0009883 secs] 15303K->9389K(24732K), 0.0010456 secs] [Times: user=0.00 sys=0.00, real=0.00 secs] 
29.958: [GC 29.958: [ParNew: 7084K->428K(7616K), 0.0043787 secs] 15917K->9663K(24732K), 0.0044460 secs] [Times: user=0.00 sys=0.00, real=0.00 secs] 
29.967: [GC 29.967: [ParNew: 6890K->618K(7616K), 0.0013022 secs] 16125K->9853K(24732K), 0.0013708 secs] [Times: user=0.01 sys=0.00, real=0.01 secs] 
29.972: [GC 29.972: [ParNew: 7092K->666K(7616K), 0.0014359 secs] 16327K->10196K(24732K), 0.0015084 secs] [Times: user=0.00 sys=0.00, real=0.00 secs] 
29.978: [GC 29.979: [ParNew: 7163K->418K(7616K), 0.0010826 secs] 16693K->10076K(24732K), 0.0016420 secs] [Times: user=0.00 sys=0.00, real=0.00 secs] 
29.984: [GC 29.984: [ParNew: 6922K->257K(7616K), 0.0007740 secs] 16580K->9915K(24732K), 0.0008240 secs] [Times: user=0.00 sys=0.00, real=0.00 secs] 
29.993: [GC 29.993: [ParNew: 6783K->469K(7616K), 0.0008679 secs] 16441K->10127K(24732K), 0.0009209 secs] [Times: user=0.00 sys=0.00, real=0.00 secs] 
29.999: [GC 29.999: [ParNew: 6947K->427K(7616K), 0.0009001 secs] 16606K->10085K(24732K), 0.0009528 secs] [Times: user=0.00 sys=0.00, real=0.00 secs] 
30.005: [GC 30.005: [ParNew: 6927K->429K(7616K), 0.0011864 secs] 16585K->10087K(24732K), 0.0012512 secs] [Times: user=0.00 sys=0.00, real=0.00 secs] 
30.011: [GC 30.011: [ParNew: 6957K->506K(7616K), 0.0011324 secs] 16615K->10164K(24732K), 0.0012607 secs] [Times: user=0.00 sys=0.00, real=0.00 secs] 
30.017: [GC 30.017: [ParNew: 7034K->785K(7616K), 0.0014260 secs] 16692K->10443K(24732K), 0.0014930 secs] [Times: user=0.00 sys=0.00, real=0.01 secs] 
30.022: [GC 30.022: [ParNew: 7301K->405K(7616K), 0.0015133 secs] 16959K->10434K(24732K), 0.0015906 secs] [Times: user=0.01 sys=0.00, real=0.00 secs] 
30.029: [GC 30.029: [ParNew: 6931K->956K(7616K), 0.0012550 secs] 16960K->10986K(24732K), 0.0013357 secs] [Times: user=0.01 sys=0.00, real=0.00 secs] 
30.036: [GC 30.036: [ParNew: 7390K->492K(7616K), 0.0016147 secs] 17420K->11091K(24732K), 0.0017263 secs] [Times: user=0.01 sys=0.00, real=0.00 secs] 
30.042: [GC 30.042: [ParNew: 7005K->429K(7616K), 0.0009018 secs] 17603K->11027K(24732K), 0.0009656 secs] [Times: user=0.00 sys=0.00, real=0.00 secs] 
30.047: [GC 30.047: [ParNew: 6925K->840K(7616K), 0.0012479 secs] 17523K->11438K(24732K), 0.0013319 secs] [Times: user=0.00 sys=0.00, real=0.01 secs] 
30.052: [GC 30.053: [ParNew: 7343K->217K(7616K), 0.0012870 secs] 17941K->11482K(24732K), 0.0013570 secs] [Times: user=0.00 sys=0.00, real=0.00 secs] 
30.063: [GC 30.063: [ParNew: 6705K->194K(7616K), 0.0007327 secs] 17971K->11459K(24732K), 0.0008201 secs] [Times: user=0.00 sys=0.00, real=0.00 secs] 
30.067: [GC 30.067: [ParNew: 6672K->378K(7616K), 0.0009057 secs] 17938K->11644K(24732K), 0.0009609 secs] [Times: user=0.00 sys=0.00, real=0.01 secs] 
30.074: [GC 30.074: [ParNew: 6878K->615K(7616K), 0.0009165 secs] 18144K->11881K(24732K), 0.0009759 secs] [Times: user=0.00 sys=0.00, real=0.00 secs] 
30.079: [GC 30.079: [ParNew: 7109K->713K(7616K), 0.0017214 secs] 18374K->12064K(24732K), 0.0017958 secs] [Times: user=0.01 sys=0.00, real=0.00 secs] 
30.085: [GC 30.085: [ParNew: 7130K->586K(7616K), 0.0014530 secs] 18480K->12178K(24732K), 0.0015224 secs] [Times: user=0.00 sys=0.00, real=0.00 secs] 
30.091: [GC 30.091: [ParNew: 7091K->777K(7616K), 0.0012974 secs] 18683K->12484K(24732K), 0.0013680 secs] [Times: user=0.00 sys=0.00, real=0.00 secs] 
30.097: [GC 30.098: [ParNew: 7246K->157K(7616K), 0.0010599 secs] 18954K->12284K(24732K), 0.0011368 secs] [Times: user=0.00 sys=0.00, real=0.01 secs] 
30.102: [GC 30.102: [ParNew: 6670K->161K(7616K), 0.0007237 secs] 18797K->12288K(24732K), 0.0007845 secs] [Times: user=0.00 sys=0.00, real=0.00 secs] 
30.109: [GC 30.109: [ParNew: 6686K->476K(7616K), 0.0008378 secs] 18813K->12603K(24732K), 0.0008942 secs] [Times: user=0.00 sys=0.00, real=0.00 secs] 
30.114: [GC 30.114: [ParNew: 7001K->492K(7616K), 0.0010829 secs] 19128K->12619K(24732K), 0.0011434 secs] [Times: user=0.00 sys=0.00, real=0.00 secs] 
30.120: [GC 30.120: [ParNew: 7011K->1087K(7616K), 0.0016066 secs] 19138K->13214K(24732K), 0.0016893 secs] [Times: user=0.01 sys=0.00, real=0.00 secs] 
30.127: [GC 30.127: [ParNew: 7579K->149K(7616K), 0.0011986 secs] 19706K->13083K(24732K), 0.0012653 secs] [Times: user=0.01 sys=0.00, real=0.00 secs] 
30.132: [GC 30.132: [ParNew: 6664K->522K(7616K), 0.0009531 secs] 19597K->13455K(24732K), 0.0010117 secs] [Times: user=0.00 sys=0.00, real=0.00 secs] 
30.137: [GC 30.137: [ParNew: 6988K->984K(7616K), 0.0019140 secs] 19922K->13918K(24732K), 0.0019859 secs] [Times: user=0.00 sys=0.00, real=0.01 secs] 
30.143: [GC 30.143: [ParNew: 7464K->210K(7616K), 0.0014530 secs] 20397K->13854K(24732K), 0.0015383 secs] [Times: user=0.00 sys=0.00, real=0.00 secs] 
30.151: [GC 30.151: [ParNew: 6732K->815K(7616K), 0.0017323 secs] 20375K->14458K(24732K), 0.0018050 secs] [Times: user=0.00 sys=0.00, real=0.00 secs] 
30.158: [GC 30.158: [ParNew: 7343K->119K(7616K), 0.0012754 secs] 20986K->14297K(24732K), 0.0013501 secs] [Times: user=0.00 sys=0.00, real=0.01 secs] 
30.164: [GC 30.164: [ParNew: 6647K->215K(7616K), 0.0007599 secs] 20825K->14393K(24732K), 0.0008861 secs] [Times: user=0.00 sys=0.00, real=0.00 secs] 
30.169: [GC 30.169: [ParNew: 6743K->323K(7616K), 0.0009037 secs] 20921K->14501K(24732K), 0.0009508 secs] [Times: user=0.00 sys=0.00, real=0.00 secs] 
30.173: [GC 30.174: [ParNew: 6808K->210K(7616K), 0.0007452 secs] 20987K->14389K(24732K), 0.0007925 secs] [Times: user=0.01 sys=0.00, real=0.00 secs] 
30.178: [GC 30.178: [ParNew: 6730K->346K(7616K), 0.0009911 secs] 20908K->14524K(24732K), 0.0010493 secs] [Times: user=0.00 sys=0.00, real=0.00 secs] 
30.183: [GC 30.183: [ParNew: 6872K->422K(7616K), 0.0008963 secs] 21050K->14601K(24732K), 0.0009530 secs] [Times: user=0.00 sys=0.00, real=0.00 secs] 
30.190: [GC 30.191: [ParNew: 6884K->609K(7616K), 0.0009990 secs] 21062K->14788K(24732K), 0.0010647 secs] [Times: user=0.00 sys=0.00, real=0.00 secs] 
30.195: [GC 30.195: [ParNew: 7100K->455K(7616K), 0.0010974 secs] 21278K->14719K(24732K), 0.0012394 secs] [Times: user=0.00 sys=0.00, real=0.00 secs] 
30.201: [GC 30.201: [ParNew: 6951K->445K(7616K), 0.0008993 secs] 21216K->14709K(24732K), 0.0009523 secs] [Times: user=0.01 sys=0.00, real=0.00 secs] 
30.205: [GC 30.206: [ParNew: 6884K->427K(7616K), 0.0011715 secs] 21148K->14691K(24732K), 0.0012389 secs] [Times: user=0.00 sys=0.00, real=0.00 secs] 
30.211: [GC 30.211: [ParNew: 6938K->618K(7616K), 0.0013768 secs] 21202K->14882K(24732K), 0.0014464 secs] [Times: user=0.00 sys=0.00, real=0.00 secs] 
30.216: [GC 30.216: [ParNew: 7107K->433K(7616K), 0.0011269 secs] 21371K->14781K(24732K), 0.0012165 secs] [Times: user=0.00 sys=0.00, real=0.00 secs] 
30.221: [GC 30.221: [ParNew: 6940K->438K(7616K), 0.0010222 secs] 21288K->14785K(24732K), 0.0011030 secs] [Times: user=0.00 sys=0.00, real=0.00 secs] 
30.228: [GC 30.228: [ParNew: 6959K->558K(7616K), 0.0010315 secs] 21307K->14905K(24732K), 0.0011145 secs] [Times: user=0.00 sys=0.00, real=0.01 secs] 
30.233: [GC 30.233: [ParNew: 7057K->715K(7616K), 0.0013236 secs] 21405K->15141K(24732K), 0.0013927 secs] [Times: user=0.01 sys=0.00, real=0.00 secs] 
30.240: [GC 30.240: [ParNew: 7231K->1028K(7616K), 0.0015822 secs] 21657K->15681K(24732K), 0.0016588 secs] [Times: user=0.01 sys=0.00, real=0.00 secs] 
30.247: [GC 30.247: [ParNew: 7556K->28K(7616K), 0.0015443 secs] 22209K->15692K(24732K), 0.0016607 secs] [Times: user=0.01 sys=0.00, real=0.01 secs] 
30.254: [GC 30.254: [ParNew: 6547K->383K(7616K), 0.0009481 secs] 22211K->16047K(24732K), 0.0010228 secs] [Times: user=0.01 sys=0.00, real=0.00 secs] 
30.259: [GC 30.259: [ParNew: 6910K->797K(7616K), 0.0011443 secs] 22574K->16461K(24732K), 0.0012157 secs] [Times: user=0.00 sys=0.00, real=0.00 secs] 
30.266: [GC 30.266: [ParNew: 7283K->737K(7616K), 0.0012086 secs] 22946K->16709K(24732K), 0.0012979 secs] [Times: user=0.00 sys=0.00, real=0.00 secs] 
30.272: [GC 30.272: [ParNew: 7159K->311K(7616K), 0.0009879 secs] 23130K->16485K(24732K), 0.0010597 secs] [Times: user=0.00 sys=0.00, real=0.00 secs] 
30.278: [GC 30.278: [ParNew: 6776K->467K(7616K), 0.0011196 secs] 22950K->16641K(24732K), 0.0011921 secs] [Times: user=0.00 sys=0.00, real=0.01 secs] 
30.283: [GC 30.283: [ParNew: 6980K->543K(7616K), 0.0010226 secs] 23155K->16717K(24732K), 0.0010857 secs] [Times: user=0.00 sys=0.00, real=0.00 secs] 
30.289: [GC 30.289: [ParNew: 7037K->476K(7616K), 0.0009760 secs] 23211K->16650K(24732K), 0.0010393 secs] [Times: user=0.01 sys=0.00, real=0.00 secs] 
30.294: [GC 30.294: [ParNew: 6923K->631K(7616K), 0.0010267 secs] 23097K->16805K(24732K), 0.0010870 secs] [Times: user=0.00 sys=0.00, real=0.00 secs] 
30.299: [GC 30.299: [ParNew: 7097K->386K(7616K), 0.0011583 secs] 23271K->16725K(24732K), 0.0012325 secs] [Times: user=0.00 sys=0.00, real=0.00 secs] 
30.306: [GC 30.306: [ParNew: 6895K->541K(7616K), 0.0009815 secs] 23234K->16880K(24732K), 0.0010549 secs] [Times: user=0.00 sys=0.00, real=0.00 secs] 
30.312: [GC 30.312: [ParNew: 7063K->1065K(7616K), 0.0014776 secs] 23402K->17682K(24732K), 0.0015605 secs] [Times: user=0.00 sys=0.00, real=0.00 secs] 
30.318: [GC 30.318: [ParNew: 7537K->543K(7616K), 0.0014338 secs]30.320: [Tenured: 17212K->8559K(17308K), 0.0717937 secs] 24155K->8559K(24924K), [Perm : 10699K->10699K(21248K)], 0.0734591 secs] [Times: user=0.07 sys=0.00, real=0.07 secs] 
30.396: [GC 30.396: [ParNew: 6483K->523K(7616K), 0.0010916 secs] 15043K->9083K(24732K), 0.0011573 secs] [Times: user=0.00 sys=0.00, real=0.00 secs] 
30.401: [GC 30.401: [ParNew: 7007K->557K(7616K), 0.0010459 secs] 15567K->9117K(24732K), 0.0012023 secs] [Times: user=0.01 sys=0.00, real=0.00 secs] 
30.406: [GC 30.406: [ParNew: 7082K->318K(7616K), 0.0010513 secs] 15642K->9154K(24732K), 0.0011086 secs] [Times: user=0.00 sys=0.00, real=0.00 secs] 
30.411: [GC 30.411: [ParNew: 6794K->1058K(7616K), 0.0014627 secs] 15630K->9894K(24732K), 0.0015377 secs] [Times: user=0.00 sys=0.00, real=0.00 secs] 
30.417: [GC 30.417: [ParNew: 7582K->207K(7616K), 0.0013155 secs] 16418K->9696K(24732K), 0.0013848 secs] [Times: user=0.00 sys=0.00, real=0.01 secs] 
30.423: [GC 30.423: [ParNew: 6720K->552K(7616K), 0.0012187 secs] 16209K->10040K(24732K), 0.0012981 secs] [Times: user=0.00 sys=0.00, real=0.00 secs] 
30.429: [GC 30.429: [ParNew: 7021K->644K(7616K), 0.0009597 secs] 16510K->10133K(24732K), 0.0010340 secs] [Times: user=0.00 sys=0.00, real=0.00 secs] 
30.434: [GC 30.434: [ParNew: 7154K->638K(7616K), 0.0012931 secs] 16643K->10386K(24732K), 0.0013611 secs] [Times: user=0.00 sys=0.00, real=0.00 secs] 
30.440: [GC 30.440: [ParNew: 7128K->575K(7616K), 0.0011476 secs] 16876K->10487K(24732K), 0.0012127 secs] [Times: user=0.01 sys=0.00, real=0.00 secs] 
30.447: [GC 30.447: [ParNew: 7040K->736K(7616K), 0.0012962 secs] 16953K->10898K(24732K), 0.0013774 secs] [Times: user=0.01 sys=0.00, real=0.01 secs] 
30.452: [GC 30.453: [ParNew: 7259K->764K(7616K), 0.0014377 secs] 17421K->11136K(24732K), 0.0015101 secs] [Times: user=0.00 sys=0.00, real=0.00 secs] 
30.463: [GC 30.463: [ParNew: 7292K->383K(7616K), 0.0009842 secs] 17664K->11039K(24732K), 0.0010848 secs] [Times: user=0.00 sys=0.00, real=0.00 secs] 
30.469: [GC 30.470: [ParNew: 6909K->853K(7616K), 0.0011308 secs] 17565K->11509K(24732K), 0.0011967 secs] [Times: user=0.01 sys=0.00, real=0.00 secs] 
30.475: [GC 30.475: [ParNew: 7374K->550K(7616K), 0.0013020 secs] 18030K->11451K(24732K), 0.0013669 secs] [Times: user=0.01 sys=0.00, real=0.00 secs] 
30.481: [GC 30.481: [ParNew: 7078K->348K(7616K), 0.0010246 secs] 17979K->11520K(24732K), 0.0010847 secs] [Times: user=0.01 sys=0.00, real=0.00 secs] 
30.486: [GC 30.486: [ParNew: 6867K->731K(7616K), 0.0016604 secs] 18038K->11903K(24732K), 0.0017311 secs] [Times: user=0.00 sys=0.00, real=0.00 secs] 
30.492: [GC 30.492: [ParNew: 7250K->847K(7616K), 0.0014624 secs] 18422K->12274K(24732K), 0.0015328 secs] [Times: user=0.00 sys=0.00, real=0.00 secs] 
30.497: [GC 30.498: [ParNew: 7372K->571K(7616K), 0.0012553 secs] 18799K->12205K(24732K), 0.0013226 secs] [Times: user=0.00 sys=0.00, real=0.01 secs] 
30.504: [GC 30.504: [ParNew: 7085K->1054K(7616K), 0.0014361 secs] 18719K->12920K(24732K), 0.0015091 secs] [Times: user=0.00 sys=0.00, real=0.00 secs] 
30.511: [GC 30.511: [ParNew: 7575K->219K(7616K), 0.0015312 secs] 19440K->12916K(24732K), 0.0016151 secs] [Times: user=0.00 sys=0.00, real=0.00 secs] 
30.517: [GC 30.517: [ParNew: 6735K->1036K(7616K), 0.0015138 secs] 19433K->13922K(24732K), 0.0015894 secs] [Times: user=0.00 sys=0.00, real=0.01 secs] 
30.522: [GC 30.522: [ParNew: 7561K->802K(7616K), 0.0023215 secs] 20447K->14668K(24732K), 0.0023983 secs] [Times: user=0.00 sys=0.00, real=0.00 secs] 
30.529: [GC 30.529: [ParNew: 7312K->160K(7616K), 0.0015687 secs] 21179K->14750K(24732K), 0.0016896 secs] [Times: user=0.00 sys=0.00, real=0.00 secs] 
30.535: [GC 30.535: [ParNew: 6676K->330K(7616K), 0.0008247 secs] 21267K->14921K(24732K), 0.0008774 secs] [Times: user=0.00 sys=0.00, real=0.00 secs] 
30.540: [GC 30.540: [ParNew: 6783K->960K(7616K), 0.0012462 secs] 21373K->15551K(24732K), 0.0013151 secs] [Times: user=0.00 sys=0.01, real=0.00 secs] 
30.546: [GC 30.546: [ParNew: 7480K->625K(7616K), 0.0012872 secs] 22071K->15664K(24732K), 0.0013700 secs] [Times: user=0.00 sys=0.00, real=0.00 secs] 
30.551: [GC 30.551: [ParNew: 7101K->497K(7616K), 0.0015301 secs] 22139K->16130K(24732K), 0.0016107 secs] [Times: user=0.01 sys=0.00, real=0.00 secs] 
30.557: [GC 30.557: [ParNew: 6992K->614K(7616K), 0.0011806 secs] 22625K->16247K(24732K), 0.0012563 secs] [Times: user=0.01 sys=0.00, real=0.01 secs] 
30.562: [GC 30.563: [ParNew: 7134K->221K(7616K), 0.0011366 secs] 22767K->16327K(24732K), 0.0011999 secs] [Times: user=0.00 sys=0.00, real=0.00 secs] 
30.569: [GC 30.569: [ParNew: 6744K->489K(7616K), 0.0008954 secs] 22849K->16594K(24732K), 0.0009505 secs] [Times: user=0.00 sys=0.00, real=0.00 secs] 
30.574: [GC 30.574: [ParNew: 6945K->313K(7616K), 0.0008659 secs] 23050K->16419K(24732K), 0.0009164 secs] [Times: user=0.00 sys=0.00, real=0.00 secs] 
30.584: [GC 30.584: [ParNew: 6836K->284K(7616K), 0.0008103 secs] 22942K->16390K(24732K), 0.0008596 secs] [Times: user=0.00 sys=0.00, real=0.00 secs] 
30.592: [GC 30.592: [ParNew: 6808K->290K(7616K), 0.0009247 secs] 22913K->16396K(24732K), 0.0009778 secs] [Times: user=0.01 sys=0.00, real=0.00 secs] 
30.598: [GC 30.598: [ParNew: 6789K->817K(7616K), 0.0011668 secs] 22895K->16923K(24732K), 0.0012306 secs] [Times: user=0.00 sys=0.00, real=0.01 secs] 
30.603: [GC 30.603: [ParNew: 7295K->407K(7616K), 0.0012400 secs] 23401K->16793K(24732K), 0.0013081 secs] [Times: user=0.00 sys=0.00, real=0.00 secs] 
30.608: [GC 30.608: [ParNew: 6934K->757K(7616K), 0.0017969 secs] 23321K->17144K(24732K), 0.0018661 secs] [Times: user=0.00 sys=0.00, real=0.00 secs] 
30.614: [GC 30.614: [ParNew: 7245K->585K(7616K), 0.0014123 secs] 23631K->17254K(24732K), 0.0014852 secs] [Times: user=0.00 sys=0.00, real=0.00 secs] 
30.620: [GC 30.620: [ParNew: 7061K->690K(7616K), 0.0013089 secs] 23729K->17592K(24732K), 0.0013782 secs] [Times: user=0.00 sys=0.00, real=0.00 secs] 
30.625: [GC 30.625: [ParNew: 7194K->157K(7616K), 0.0011542 secs]30.626: [Tenured: 17392K->9259K(17500K), 0.0725209 secs] 24096K->9259K(25116K), [Perm : 10699K->10699K(21248K)], 0.0740043 secs] [Times: user=0.07 sys=0.01, real=0.08 secs] 
30.703: [GC 30.703: [ParNew: 6492K->359K(7616K), 0.0008522 secs] 15752K->9619K(24732K), 0.0009042 secs] [Times: user=0.00 sys=0.00, real=0.00 secs] 
30.708: [GC 30.708: [ParNew: 6885K->250K(7616K), 0.0008163 secs] 16145K->9510K(24732K), 0.0008735 secs] [Times: user=0.01 sys=0.00, real=0.01 secs] 
30.713: [GC 30.713: [ParNew: 6774K->933K(7616K), 0.0012138 secs] 16034K->10193K(24732K), 0.0012798 secs] [Times: user=0.00 sys=0.00, real=0.00 secs] 
30.718: [GC 30.718: [ParNew: 7445K->551K(7616K), 0.0015564 secs] 16705K->10514K(24732K), 0.0016396 secs] [Times: user=0.00 sys=0.00, real=0.00 secs] 
30.727: [GC 30.728: [ParNew: 7079K->338K(7616K), 0.0012154 secs] 17042K->10623K(24732K), 0.0012789 secs] [Times: user=0.00 sys=0.00, real=0.01 secs] 
30.733: [GC 30.733: [ParNew: 6842K->284K(7616K), 0.0014265 secs] 17127K->10569K(24732K), 0.0015081 secs] [Times: user=0.00 sys=0.00, real=0.00 secs] 
30.739: [GC 30.739: [ParNew: 6811K->666K(7616K), 0.0009774 secs] 17096K->10951K(24732K), 0.0010358 secs] [Times: user=0.00 sys=0.00, real=0.00 secs] 
30.744: [GC 30.744: [ParNew: 7176K->996K(7616K), 0.0017741 secs] 17461K->11504K(24732K), 0.0018485 secs] [Times: user=0.00 sys=0.00, real=0.00 secs] 
30.750: [GC 30.750: [ParNew: 7514K->544K(7616K), 0.0015976 secs] 18022K->11834K(24732K), 0.0016696 secs] [Times: user=0.00 sys=0.00, real=0.00 secs] 
30.755: [GC 30.756: [ParNew: 7008K->487K(7616K), 0.0013494 secs] 18298K->11777K(24732K), 0.0014268 secs] [Times: user=0.01 sys=0.00, real=0.00 secs] 
30.761: [GC 30.761: [ParNew: 7006K->862K(7616K), 0.0012346 secs] 18296K->12152K(24732K), 0.0013073 secs] [Times: user=0.01 sys=0.00, real=0.00 secs] 
30.766: [GC 30.766: [ParNew: 7381K->1066K(7616K), 0.0016615 secs] 18671K->12688K(24732K), 0.0017325 secs] [Times: user=0.01 sys=0.00, real=0.00 secs] 
30.772: [GC 30.772: [ParNew: 7578K->316K(7616K), 0.0014557 secs] 19199K->12522K(24732K), 0.0015471 secs] [Times: user=0.00 sys=0.00, real=0.00 secs] 
30.781: [GC 30.781: [ParNew: 6792K->304K(7616K), 0.0008306 secs] 18998K->12511K(24732K), 0.0008788 secs] [Times: user=0.00 sys=0.00, real=0.00 secs] 
30.793: [GC 30.793: [ParNew: 6825K->499K(7616K), 0.0009276 secs] 19032K->12705K(24732K), 0.0009825 secs] [Times: user=0.00 sys=0.00, real=0.00 secs] 
30.798: [GC 30.798: [ParNew: 7010K->445K(7616K), 0.0009504 secs] 19216K->12651K(24732K), 0.0010125 secs] [Times: user=0.00 sys=0.00, real=0.01 secs] 
30.803: [GC 30.803: [ParNew: 6972K->556K(7616K), 0.0013512 secs] 19178K->12762K(24732K), 0.0014178 secs] [Times: user=0.00 sys=0.00, real=0.00 secs] 
30.808: [GC 30.808: [ParNew: 7080K->567K(7616K), 0.0011618 secs] 19286K->12838K(24732K), 0.0012277 secs] [Times: user=0.00 sys=0.00, real=0.01 secs] 
30.815: [GC 30.815: [ParNew: 7086K->1078K(7616K), 0.0015778 secs] 19357K->13587K(24732K), 0.0016919 secs] [Times: user=0.01 sys=0.00, real=0.00 secs] 
30.821: [GC 30.821: [ParNew: 7598K->349K(7616K), 0.0014201 secs] 20108K->13628K(24732K), 0.0014906 secs] [Times: user=0.01 sys=0.00, real=0.00 secs] 
30.827: [GC 30.827: [ParNew: 6859K->720K(7616K), 0.0010074 secs] 20139K->13999K(24732K), 0.0010691 secs] [Times: user=0.01 sys=0.00, real=0.00 secs] 
30.832: [GC 30.832: [ParNew: 7237K->457K(7616K), 0.0014639 secs] 20516K->14223K(24732K), 0.0015473 secs] [Times: user=0.00 sys=0.00, real=0.00 secs] 
30.841: [GC 30.841: [ParNew: 6980K->886K(7616K), 0.0013583 secs] 20746K->14652K(24732K), 0.0014545 secs] [Times: user=0.00 sys=0.00, real=0.00 secs] 
30.850: [GC 30.850: [ParNew: 7382K->545K(7616K), 0.0017845 secs] 21148K->14745K(24732K), 0.0018756 secs] [Times: user=0.01 sys=0.00, real=0.00 secs] 
30.856: [GC 30.856: [ParNew: 7069K->563K(7616K), 0.0011726 secs] 21269K->14763K(24732K), 0.0012474 secs] [Times: user=0.01 sys=0.00, real=0.00 secs] 
30.862: [GC 30.862: [ParNew: 7081K->272K(7616K), 0.0011446 secs] 21281K->14805K(24732K), 0.0012079 secs] [Times: user=0.00 sys=0.00, real=0.00 secs] 
30.867: [GC 30.867: [ParNew: 6799K->994K(7616K), 0.0012144 secs] 21332K->15527K(24732K), 0.0012827 secs] [Times: user=0.00 sys=0.00, real=0.01 secs] 
30.873: [GC 30.873: [ParNew: 7481K->729K(7616K), 0.0015632 secs] 22013K->15999K(24732K), 0.0016428 secs] [Times: user=0.00 sys=0.00, real=0.00 secs] 
30.879: [GC 30.879: [ParNew: 7242K->432K(7616K), 0.0013184 secs] 22512K->16192K(24732K), 0.0013878 secs] [Times: user=0.00 sys=0.00, real=0.00 secs] 
30.886: [GC 30.886: [ParNew: 6957K->254K(7616K), 0.0010223 secs] 22718K->16014K(24732K), 0.0010811 secs] [Times: user=0.00 sys=0.00, real=0.00 secs] 
30.891: [GC 30.891: [ParNew: 6710K->642K(7616K), 0.0011496 secs] 22471K->16403K(24732K), 0.0013904 secs] [Times: user=0.00 sys=0.00, real=0.00 secs] 
30.897: [GC 30.898: [ParNew: 7144K->282K(7616K), 0.0010945 secs] 22904K->16325K(24732K), 0.0011663 secs] [Times: user=0.01 sys=0.00, real=0.01 secs] 
30.904: [GC 30.904: [ParNew: 6770K->362K(7616K), 0.0008072 secs] 22813K->16406K(24732K), 0.0008585 secs] [Times: user=0.00 sys=0.00, real=0.00 secs] 
30.909: [GC 30.909: [ParNew: 6850K->284K(7616K), 0.0010166 secs] 22893K->16328K(24732K), 0.0010688 secs] [Times: user=0.00 sys=0.00, real=0.00 secs] 
30.916: [GC 30.917: [ParNew: 6807K->614K(7616K), 0.0012526 secs] 22851K->16658K(24732K), 0.0013157 secs] [Times: user=0.00 sys=0.00, real=0.00 secs] 
30.923: [GC 30.923: [ParNew: 7111K->844K(7616K), 0.0015339 secs] 23154K->17059K(24732K), 0.0016037 secs] [Times: user=0.00 sys=0.00, real=0.00 secs] 
30.930: [GC 30.931: [ParNew: 7346K->502K(7616K), 0.0016092 secs] 23560K->17082K(24732K), 0.0016920 secs] [Times: user=0.00 sys=0.00, real=0.00 secs] 
30.937: [GC 30.937: [ParNew: 7030K->727K(7616K), 0.0018483 secs] 23610K->17307K(24732K), 0.0019237 secs] [Times: user=0.00 sys=0.00, real=0.01 secs] 
30.944: [GC 30.944: [ParNew: 7254K->684K(7616K), 0.0014065 secs] 23833K->17643K(24732K), 0.0014929 secs] [Times: user=0.00 sys=0.00, real=0.00 secs] 
30.949: [GC 30.950: [ParNew: 7204K->577K(7616K), 0.0012943 secs]30.951: [Tenured: 17183K->8207K(17308K), 0.0788871 secs] 24163K->8207K(24924K), [Perm : 10699K->10699K(21248K)], 0.0804294 secs] [Times: user=0.08 sys=0.00, real=0.08 secs] 
31.034: [GC 31.034: [ParNew: 6435K->310K(7616K), 0.0008268 secs] 14643K->8518K(24732K), 0.0008805 secs] [Times: user=0.00 sys=0.00, real=0.00 secs] 
31.040: [GC 31.040: [ParNew: 6778K->477K(7616K), 0.0014336 secs] 14986K->8685K(24732K), 0.0015117 secs] [Times: user=0.00 sys=0.00, real=0.00 secs] 
31.045: [GC 31.045: [ParNew: 6965K->731K(7616K), 0.0014303 secs] 15173K->8939K(24732K), 0.0015164 secs] [Times: user=0.00 sys=0.00, real=0.00 secs] 
31.050: [GC 31.051: [ParNew: 7248K->587K(7616K), 0.0011743 secs] 15456K->9031K(24732K), 0.0013704 secs] [Times: user=0.00 sys=0.00, real=0.00 secs] 
31.056: [GC 31.056: [ParNew: 7107K->354K(7616K), 0.0011501 secs] 15552K->9006K(24732K), 0.0012135 secs] [Times: user=0.00 sys=0.00, real=0.00 secs] 
31.062: [GC 31.062: [ParNew: 6856K->302K(7616K), 0.0006823 secs] 15508K->8954K(24732K), 0.0007292 secs] [Times: user=0.00 sys=0.00, real=0.00 secs] 
31.068: [GC 31.068: [ParNew: 6829K->683K(7616K), 0.0010123 secs] 15480K->9335K(24732K), 0.0010916 secs] [Times: user=0.00 sys=0.00, real=0.01 secs] 
31.073: [GC 31.073: [ParNew: 7151K->130K(7616K), 0.0013365 secs] 15803K->9255K(24732K), 0.0014120 secs] [Times: user=0.00 sys=0.00, real=0.00 secs] 
31.078: [GC 31.078: [ParNew: 6641K->249K(7616K), 0.0010740 secs] 15767K->9375K(24732K), 0.0011568 secs] [Times: user=0.00 sys=0.00, real=0.00 secs] 
31.083: [GC 31.084: [ParNew: 6686K->340K(7616K), 0.0008424 secs] 15812K->9466K(24732K), 0.0008950 secs] [Times: user=0.00 sys=0.00, real=0.00 secs] 
31.090: [GC 31.090: [ParNew: 6862K->933K(7616K), 0.0013938 secs] 15987K->10058K(24732K), 0.0014761 secs] [Times: user=0.01 sys=0.00, real=0.00 secs] 
31.096: [GC 31.096: [ParNew: 7432K->252K(7616K), 0.0015746 secs] 16557K->10276K(24732K), 0.0016460 secs] [Times: user=0.00 sys=0.00, real=0.00 secs] 
31.102: [GC 31.102: [ParNew: 6763K->543K(7616K), 0.0009788 secs] 16787K->10567K(24732K), 0.0010357 secs] [Times: user=0.00 sys=0.00, real=0.00 secs] 
31.107: [GC 31.107: [ParNew: 7047K->468K(7616K), 0.0009017 secs] 17071K->10492K(24732K), 0.0009546 secs] [Times: user=0.00 sys=0.00, real=0.00 secs] 
31.112: [GC 31.112: [ParNew: 6994K->440K(7616K), 0.0010560 secs] 17017K->10463K(24732K), 0.0011168 secs] [Times: user=0.00 sys=0.00, real=0.00 secs] 
31.120: [GC 31.120: [ParNew: 6968K->276K(7616K), 0.0009749 secs] 16991K->10299K(24732K), 0.0010313 secs] [Times: user=0.00 sys=0.00, real=0.00 secs] 
31.125: [GC 31.125: [ParNew: 6802K->708K(7616K), 0.0011042 secs] 16826K->10731K(24732K), 0.0011677 secs] [Times: user=0.00 sys=0.00, real=0.00 secs] 
31.130: [GC 31.130: [ParNew: 7194K->922K(7616K), 0.0017327 secs] 17217K->11131K(24732K), 0.0018108 secs] [Times: user=0.01 sys=0.00, real=0.00 secs] 
31.137: [GC 31.137: [ParNew: 7418K->407K(7616K), 0.0017384 secs] 17627K->11456K(24732K), 0.0018203 secs] [Times: user=0.01 sys=0.00, real=0.01 secs] 
31.144: [GC 31.144: [ParNew: 6930K->594K(7616K), 0.0010953 secs] 17979K->11643K(24732K), 0.0011697 secs] [Times: user=0.01 sys=0.00, real=0.00 secs] 
31.149: [GC 31.149: [ParNew: 7104K->581K(7616K), 0.0013451 secs] 18152K->11924K(24732K), 0.0014135 secs] [Times: user=0.00 sys=0.00, real=0.00 secs] 
31.156: [GC 31.156: [ParNew: 7048K->522K(7616K), 0.0009979 secs] 18391K->11935K(24732K), 0.0010725 secs] [Times: user=0.00 sys=0.00, real=0.00 secs] 
31.163: [GC 31.164: [ParNew: 7041K->650K(7616K), 0.0009047 secs] 18454K->12062K(24732K), 0.0009637 secs] [Times: user=0.00 sys=0.00, real=0.00 secs] 
31.168: [GC 31.168: [ParNew: 7176K->419K(7616K), 0.0012213 secs] 18589K->12072K(24732K), 0.0012857 secs] [Times: user=0.00 sys=0.00, real=0.00 secs] 
31.176: [GC 31.176: [ParNew: 6909K->635K(7616K), 0.0011303 secs] 18562K->12288K(24732K), 0.0012085 secs] [Times: user=0.00 sys=0.00, real=0.00 secs] 
31.182: [GC 31.182: [ParNew: 7148K->478K(7616K), 0.0016956 secs] 18801K->12417K(24732K), 0.0017629 secs] [Times: user=0.00 sys=0.00, real=0.00 secs] 
31.189: [GC 31.189: [ParNew: 6989K->485K(7616K), 0.0009157 secs] 18929K->12425K(24732K), 0.0009674 secs] [Times: user=0.00 sys=0.00, real=0.00 secs] 
31.195: [GC 31.195: [ParNew: 7013K->496K(7616K), 0.0011002 secs] 18953K->12435K(24732K), 0.0011592 secs] [Times: user=0.00 sys=0.00, real=0.00 secs] 
31.200: [GC 31.200: [ParNew: 6992K->1066K(7616K), 0.0017589 secs] 18932K->13045K(24732K), 0.0018285 secs] [Times: user=0.00 sys=0.00, real=0.00 secs] 
31.207: [GC 31.207: [ParNew: 7587K->284K(7616K), 0.0013953 secs] 19566K->13061K(24732K), 0.0014800 secs] [Times: user=0.00 sys=0.00, real=0.01 secs] 
31.213: [GC 31.213: [ParNew: 6768K->518K(7616K), 0.0009555 secs] 19545K->13296K(24732K), 0.0010138 secs] [Times: user=0.01 sys=0.00, real=0.00 secs] 
31.219: [GC 31.219: [ParNew: 7021K->733K(7616K), 0.0010618 secs] 19799K->13510K(24732K), 0.0011412 secs] [Times: user=0.01 sys=0.00, real=0.00 secs] 
31.224: [GC 31.224: [ParNew: 7220K->993K(7616K), 0.0014653 secs] 19997K->13852K(24732K), 0.0015374 secs] [Times: user=0.00 sys=0.00, real=0.00 secs] 
31.230: [GC 31.230: [ParNew: 7503K->478K(7616K), 0.0017024 secs] 20362K->14089K(24732K), 0.0017730 secs] [Times: user=0.00 sys=0.00, real=0.00 secs] 
31.236: [GC 31.236: [ParNew: 6941K->748K(7616K), 0.0013690 secs] 20552K->14360K(24732K), 0.0014598 secs] [Times: user=0.00 sys=0.00, real=0.00 secs] 
31.243: [GC 31.243: [ParNew: 7274K->404K(7616K), 0.0017790 secs] 20885K->14358K(24732K), 0.0018784 secs] [Times: user=0.00 sys=0.00, real=0.00 secs] 
31.249: [GC 31.249: [ParNew: 6908K->825K(7616K), 0.0015024 secs] 20862K->14780K(24732K), 0.0015834 secs] [Times: user=0.00 sys=0.00, real=0.00 secs] 
31.255: [GC 31.256: [ParNew: 7263K->538K(7616K), 0.0016234 secs] 21217K->15036K(24732K), 0.0017200 secs] [Times: user=0.00 sys=0.00, real=0.00 secs] 
31.261: [GC 31.261: [ParNew: 7039K->450K(7616K), 0.0010577 secs] 21537K->14948K(24732K), 0.0011208 secs] [Times: user=0.00 sys=0.00, real=0.00 secs] 
31.267: [GC 31.267: [ParNew: 6963K->503K(7616K), 0.0011239 secs] 21461K->15001K(24732K), 0.0011903 secs] [Times: user=0.00 sys=0.00, real=0.00 secs] 
31.273: [GC 31.273: [ParNew: 7004K->566K(7616K), 0.0010259 secs] 21502K->15065K(24732K), 0.0010952 secs] [Times: user=0.00 sys=0.00, real=0.00 secs] 
31.279: [GC 31.279: [ParNew: 7094K->307K(7616K), 0.0009277 secs] 21593K->15085K(24732K), 0.0009856 secs] [Times: user=0.01 sys=0.00, real=0.00 secs] 
31.284: [GC 31.284: [ParNew: 6825K->268K(7616K), 0.0008809 secs] 21603K->15046K(24732K), 0.0009264 secs] [Times: user=0.00 sys=0.00, real=0.00 secs] 
31.290: [GC 31.290: [ParNew: 6770K->221K(7616K), 0.0009847 secs] 21548K->15000K(24732K), 0.0010390 secs] [Times: user=0.00 sys=0.00, real=0.00 secs] 
31.295: [GC 31.295: [ParNew: 6730K->334K(7616K), 0.0010646 secs] 21508K->15113K(24732K), 0.0011215 secs] [Times: user=0.00 sys=0.00, real=0.00 secs] 
31.301: [GC 31.301: [ParNew: 6851K->966K(7616K), 0.0015979 secs] 21630K->15744K(24732K), 0.0016848 secs] [Times: user=0.00 sys=0.00, real=0.00 secs] 
31.308: [GC 31.308: [ParNew: 7457K->600K(7616K), 0.0012347 secs] 22236K->15909K(24732K), 0.0013006 secs] [Times: user=0.00 sys=0.00, real=0.00 secs] 
31.314: [GC 31.314: [ParNew: 7117K->382K(7616K), 0.0009059 secs] 22427K->15842K(24732K), 0.0009697 secs] [Times: user=0.00 sys=0.00, real=0.00 secs] 
31.319: [GC 31.319: [ParNew: 6894K->551K(7616K), 0.0010554 secs] 22354K->16011K(24732K), 0.0011181 secs] [Times: user=0.01 sys=0.00, real=0.00 secs] 
31.324: [GC 31.324: [ParNew: 7048K->286K(7616K), 0.0009708 secs] 22508K->15911K(24732K), 0.0010300 secs] [Times: user=0.01 sys=0.00, real=0.00 secs] 
31.329: [GC 31.329: [ParNew: 6778K->687K(7616K), 0.0010955 secs] 22404K->16313K(24732K), 0.0011571 secs] [Times: user=0.00 sys=0.00, real=0.00 secs] 
31.335: [GC 31.335: [ParNew: 7185K->434K(7616K), 0.0011051 secs] 22811K->16199K(24732K), 0.0011650 secs] [Times: user=0.00 sys=0.00, real=0.00 secs] 
31.340: [GC 31.341: [ParNew: 6952K->804K(7616K), 0.0012191 secs] 22717K->16569K(24732K), 0.0012819 secs] [Times: user=0.00 sys=0.00, real=0.00 secs] 
31.347: [GC 31.347: [ParNew: 7321K->433K(7616K), 0.0010704 secs] 23086K->16532K(24732K), 0.0011503 secs] [Times: user=0.00 sys=0.00, real=0.01 secs] 
31.356: [GC 31.356: [ParNew: 6958K->934K(7616K), 0.0014490 secs] 23057K->17033K(24732K), 0.0015576 secs] [Times: user=0.00 sys=0.00, real=0.00 secs] 
31.362: [GC 31.362: [ParNew: 7439K->439K(7616K), 0.0016820 secs] 23537K->17307K(24732K), 0.0017539 secs] [Times: user=0.01 sys=0.00, real=0.00 secs] 
31.369: [GC 31.369: [ParNew: 6947K->598K(7616K), 0.0010019 secs] 23814K->17465K(24732K), 0.0010689 secs] [Times: user=0.00 sys=0.00, real=0.00 secs] 
31.375: [GC 31.375: [ParNew: 7105K->456K(7616K), 0.0008692 secs] 23972K->17423K(24732K), 0.0009297 secs] [Times: user=0.01 sys=0.00, real=0.00 secs] 
31.381: [GC 31.381: [ParNew: 6962K->531K(7616K), 0.0010443 secs] 23929K->17498K(24732K), 0.0011142 secs] [Times: user=0.01 sys=0.00, real=0.00 secs] 
31.388: [GC 31.388: [ParNew: 7026K->513K(7616K), 0.0009759 secs] 23993K->17480K(24732K), 0.0010429 secs] [Times: user=0.00 sys=0.00, real=0.01 secs] 
31.394: [GC 31.394: [ParNew: 7036K->1004K(7616K), 0.0017092 secs] 24004K->17972K(24732K), 0.0017943 secs] [Times: user=0.00 sys=0.00, real=0.00 secs] 
31.400: [GC 31.400: [ParNew: 7532K->172K(7616K), 0.0016272 secs]31.402: [Tenured: 17828K->9161K(17884K), 0.0711772 secs] 24500K->9161K(25500K), [Perm : 10706K->10706K(21248K)], 0.0732834 secs] [Times: user=0.07 sys=0.00, real=0.07 secs] 
31.479: [GC 31.479: [ParNew: 6527K->347K(7616K), 0.0008541 secs] 15689K->9508K(24732K), 0.0009218 secs] [Times: user=0.00 sys=0.00, real=0.00 secs] 
31.484: [GC 31.484: [ParNew: 6859K->541K(7616K), 0.0010958 secs] 16020K->9702K(24732K), 0.0011662 secs] [Times: user=0.00 sys=0.00, real=0.00 secs] 
31.491: [GC 31.491: [ParNew: 7021K->518K(7616K), 0.0013858 secs] 16182K->9679K(24732K), 0.0014663 secs] [Times: user=0.00 sys=0.00, real=0.00 secs] 
31.496: [GC 31.496: [ParNew: 7023K->831K(7616K), 0.0012704 secs] 16185K->9992K(24732K), 0.0013372 secs] [Times: user=0.01 sys=0.00, real=0.00 secs] 
31.501: [GC 31.501: [ParNew: 7312K->879K(7616K), 0.0016815 secs] 16474K->10538K(24732K), 0.0017600 secs] [Times: user=0.01 sys=0.00, real=0.00 secs] 
31.510: [GC 31.510: [ParNew: 7368K->289K(7616K), 0.0016132 secs] 17027K->10631K(24732K), 0.0016863 secs] [Times: user=0.01 sys=0.00, real=0.00 secs] 
31.517: [GC 31.517: [ParNew: 6790K->321K(7616K), 0.0007858 secs] 17132K->10663K(24732K), 0.0008379 secs] [Times: user=0.01 sys=0.00, real=0.00 secs] 
31.522: [GC 31.523: [ParNew: 6848K->380K(7616K), 0.0011313 secs] 17190K->10722K(24732K), 0.0012198 secs] [Times: user=0.01 sys=0.00, real=0.00 secs] 
31.528: [GC 31.528: [ParNew: 6907K->214K(7616K), 0.0007966 secs] 17249K->10556K(24732K), 0.0008451 secs] [Times: user=0.00 sys=0.00, real=0.01 secs] 
31.532: [GC 31.532: [ParNew: 6681K->487K(7616K), 0.0011117 secs] 17023K->10829K(24732K), 0.0011834 secs] [Times: user=0.00 sys=0.00, real=0.00 secs] 
31.537: [GC 31.537: [ParNew: 7004K->433K(7616K), 0.0019360 secs] 17346K->10775K(24732K), 0.0020087 secs] [Times: user=0.00 sys=0.00, real=0.01 secs] 
31.543: [GC 31.543: [ParNew: 6946K->511K(7616K), 0.0009984 secs] 17288K->10854K(24732K), 0.0010731 secs] [Times: user=0.00 sys=0.00, real=0.00 secs] 
31.548: [GC 31.548: [ParNew: 6986K->760K(7616K), 0.0014167 secs] 17328K->11102K(24732K), 0.0014981 secs] [Times: user=0.01 sys=0.00, real=0.00 secs] 
31.555: [GC 31.555: [ParNew: 7169K->755K(7616K), 0.0013470 secs] 17511K->11322K(24732K), 0.0014353 secs] [Times: user=0.01 sys=0.00, real=0.00 secs] 
31.560: [GC 31.561: [ParNew: 7282K->286K(7616K), 0.0013001 secs] 17849K->11208K(24732K), 0.0013642 secs] [Times: user=0.00 sys=0.00, real=0.00 secs] 
31.566: [GC 31.566: [ParNew: 6745K->513K(7616K), 0.0010099 secs] 17668K->11435K(24732K), 0.0010680 secs] [Times: user=0.00 sys=0.00, real=0.00 secs] 
31.571: [GC 31.571: [ParNew: 6993K->908K(7616K), 0.0014565 secs] 17916K->11830K(24732K), 0.0015292 secs] [Times: user=0.00 sys=0.00, real=0.00 secs] 
31.578: [GC 31.578: [ParNew: 7425K->633K(7616K), 0.0014325 secs] 18348K->11997K(24732K), 0.0015219 secs] [Times: user=0.00 sys=0.00, real=0.01 secs] 
31.584: [GC 31.584: [ParNew: 7136K->236K(7616K), 0.0011155 secs] 18500K->12152K(24732K), 0.0011884 secs] [Times: user=0.00 sys=0.00, real=0.00 secs] 
31.589: [GC 31.589: [ParNew: 6740K->830K(7616K), 0.0012272 secs] 18656K->12746K(24732K), 0.0012942 secs] [Times: user=0.00 sys=0.00, real=0.00 secs] 
31.595: [GC 31.595: [ParNew: 7294K->154K(7616K), 0.0013882 secs] 19210K->12602K(24732K), 0.0014566 secs] [Times: user=0.01 sys=0.00, real=0.00 secs] 
31.600: [GC 31.600: [ParNew: 6638K->364K(7616K), 0.0008811 secs] 19087K->12812K(24732K), 0.0009361 secs] [Times: user=0.00 sys=0.00, real=0.00 secs] 
31.605: [GC 31.605: [ParNew: 6805K->382K(7616K), 0.0008389 secs] 19254K->12830K(24732K), 0.0008923 secs] [Times: user=0.00 sys=0.00, real=0.00 secs] 
31.610: [GC 31.610: [ParNew: 6908K->431K(7616K), 0.0009841 secs] 19356K->12880K(24732K), 0.0010404 secs] [Times: user=0.00 sys=0.00, real=0.00 secs] 
31.614: [GC 31.615: [ParNew: 6956K->707K(7616K), 0.0017115 secs] 19404K->13155K(24732K), 0.0017866 secs] [Times: user=0.00 sys=0.00, real=0.00 secs] 
31.620: [GC 31.620: [ParNew: 7215K->494K(7616K), 0.0012859 secs] 19663K->13167K(24732K), 0.0013556 secs] [Times: user=0.00 sys=0.00, real=0.00 secs] 
31.627: [GC 31.627: [ParNew: 7008K->657K(7616K), 0.0011337 secs] 19681K->13330K(24732K), 0.0012083 secs] [Times: user=0.00 sys=0.00, real=0.01 secs] 
31.632: [GC 31.632: [ParNew: 7164K->385K(7616K), 0.0011690 secs] 19837K->13324K(24732K), 0.0012344 secs] [Times: user=0.01 sys=0.00, real=0.00 secs] 
31.638: [GC 31.638: [ParNew: 6910K->719K(7616K), 0.0015939 secs] 19849K->13658K(24732K), 0.0016660 secs] [Times: user=0.00 sys=0.00, real=0.00 secs] 
31.644: [GC 31.644: [ParNew: 7211K->417K(7616K), 0.0013761 secs] 20149K->13662K(24732K), 0.0014662 secs] [Times: user=0.00 sys=0.00, real=0.00 secs] 
31.652: [GC 31.652: [ParNew: 6940K->372K(7616K), 0.0018379 secs] 20185K->13617K(24732K), 0.0019403 secs] [Times: user=0.00 sys=0.00, real=0.00 secs] 
31.659: [GC 31.659: [ParNew: 6900K->592K(7616K), 0.0010040 secs] 20145K->13837K(24732K), 0.0010632 secs] [Times: user=0.00 sys=0.00, real=0.00 secs] 
31.665: [GC 31.665: [ParNew: 7114K->453K(7616K), 0.0010044 secs] 20358K->13750K(24732K), 0.0010795 secs] [Times: user=0.00 sys=0.00, real=0.00 secs] 
31.671: [GC 31.672: [ParNew: 6954K->986K(7616K), 0.0014532 secs] 20251K->14559K(24732K), 0.0015397 secs] [Times: user=0.00 sys=0.00, real=0.00 secs] 
31.677: [GC 31.677: [ParNew: 7481K->202K(7616K), 0.0016053 secs] 21054K->14448K(24732K), 0.0016773 secs] [Times: user=0.00 sys=0.00, real=0.01 secs] 
31.683: [GC 31.683: [ParNew: 6699K->528K(7616K), 0.0010903 secs] 20945K->14774K(24732K), 0.0011679 secs] [Times: user=0.00 sys=0.00, real=0.00 secs] 
31.690: [GC 31.690: [ParNew: 7053K->919K(7616K), 0.0012239 secs] 21299K->15165K(24732K), 0.0013056 secs] [Times: user=0.01 sys=0.00, real=0.00 secs] 
31.696: [GC 31.696: [ParNew: 7411K->205K(7616K), 0.0040000 secs] 21657K->15076K(24732K), 0.0040916 secs] [Times: user=0.00 sys=0.00, real=0.01 secs] 
31.705: [GC 31.705: [ParNew: 6727K->479K(7616K), 0.0010765 secs] 21597K->15350K(24732K), 0.0011344 secs] [Times: user=0.00 sys=0.01, real=0.00 secs] 
31.711: [GC 31.711: [ParNew: 6982K->539K(7616K), 0.0009876 secs] 21852K->15409K(24732K), 0.0010469 secs] [Times: user=0.00 sys=0.00, real=0.00 secs] 
31.716: [GC 31.716: [ParNew: 7064K->560K(7616K), 0.0011933 secs] 21935K->15430K(24732K), 0.0012563 secs] [Times: user=0.00 sys=0.00, real=0.00 secs] 
31.721: [GC 31.721: [ParNew: 7055K->593K(7616K), 0.0011276 secs] 21925K->15632K(24732K), 0.0011891 secs] [Times: user=0.00 sys=0.00, real=0.00 secs] 
31.728: [GC 31.728: [ParNew: 7110K->272K(7616K), 0.0011713 secs] 22150K->15580K(24732K), 0.0012608 secs] [Times: user=0.00 sys=0.00, real=0.01 secs] 
31.735: [GC 31.735: [ParNew: 6798K->585K(7616K), 0.0008690 secs] 22106K->15892K(24732K), 0.0009532 secs] [Times: user=0.00 sys=0.00, real=0.00 secs] 
31.741: [GC 31.741: [ParNew: 7094K->485K(7616K), 0.0012230 secs] 22401K->15846K(24732K), 0.0013005 secs] [Times: user=0.00 sys=0.00, real=0.00 secs] 
31.747: [GC 31.747: [ParNew: 6982K->700K(7616K), 0.0011322 secs] 22343K->16061K(24732K), 0.0011975 secs] [Times: user=0.00 sys=0.00, real=0.00 secs] 
31.752: [GC 31.752: [ParNew: 7128K->640K(7616K), 0.0017832 secs] 22489K->16374K(24732K), 0.0018898 secs] [Times: user=0.01 sys=0.00, real=0.00 secs] 
31.758: [GC 31.758: [ParNew: 7135K->453K(7616K), 0.0011867 secs] 22869K->16388K(24732K), 0.0012592 secs] [Times: user=0.00 sys=0.00, real=0.01 secs] 
31.764: [GC 31.764: [ParNew: 6954K->1039K(7616K), 0.0011876 secs] 22889K->16974K(24732K), 0.0012560 secs] [Times: user=0.00 sys=0.00, real=0.00 secs] 
31.770: [GC 31.770: [ParNew: 7536K->251K(7616K), 0.0015040 secs] 23471K->16897K(24732K), 0.0015905 secs] [Times: user=0.00 sys=0.00, real=0.00 secs] 
31.775: [GC 31.776: [ParNew: 6701K->394K(7616K), 0.0008549 secs] 23347K->17040K(24732K), 0.0009092 secs] [Times: user=0.00 sys=0.00, real=0.00 secs] 
31.781: [GC 31.781: [ParNew: 6913K->607K(7616K), 0.0010475 secs] 23559K->17253K(24732K), 0.0011083 secs] [Times: user=0.00 sys=0.00, real=0.00 secs] 
31.787: [GC 31.787: [ParNew: 7135K->809K(7616K), 0.0018462 secs] 23781K->17590K(24732K), 0.0019250 secs] [Times: user=0.00 sys=0.00, real=0.01 secs] 
31.793: [GC 31.793: [ParNew: 7337K->365K(7616K), 0.0011960 secs]31.795: [Tenured: 17179K->8852K(17308K), 0.0721282 secs] 24118K->8852K(24924K), [Perm : 10706K->10706K(21248K)], 0.0735533 secs] [Times: user=0.08 sys=0.01, real=0.07 secs] 
31.871: [GC 31.871: [ParNew: 6508K->378K(7616K), 0.0014677 secs] 15360K->9230K(24732K), 0.0015404 secs] [Times: user=0.00 sys=0.00, real=0.00 secs] 
31.876: [GC 31.876: [ParNew: 6888K->719K(7616K), 0.0012211 secs] 15740K->9572K(24732K), 0.0012924 secs] [Times: user=0.00 sys=0.00, real=0.00 secs] 
31.885: [GC 31.885: [ParNew: 7184K->626K(7616K), 0.0022507 secs] 16036K->9799K(24732K), 0.0023576 secs] [Times: user=0.00 sys=0.00, real=0.00 secs] 
31.893: [GC 31.893: [ParNew: 7123K->449K(7616K), 0.0019289 secs] 16297K->9791K(24732K), 0.0020020 secs] [Times: user=0.00 sys=0.00, real=0.00 secs] 
31.900: [GC 31.900: [ParNew: 6977K->542K(7616K), 0.0014886 secs] 16319K->9884K(24732K), 0.0015649 secs] [Times: user=0.00 sys=0.00, real=0.00 secs] 
31.907: [GC 31.907: [ParNew: 7020K->385K(7616K), 0.0008894 secs] 16362K->9726K(24732K), 0.0009537 secs] [Times: user=0.00 sys=0.00, real=0.00 secs] 
31.912: [GC 31.912: [ParNew: 6897K->402K(7616K), 0.0010263 secs] 16238K->9744K(24732K), 0.0010815 secs] [Times: user=0.00 sys=0.00, real=0.00 secs] 
31.918: [GC 31.919: [ParNew: 6916K->477K(7616K), 0.0019512 secs] 16257K->9819K(24732K), 0.0020273 secs] [Times: user=0.00 sys=0.00, real=0.00 secs] 
31.926: [GC 31.926: [ParNew: 6970K->489K(7616K), 0.0009471 secs] 16311K->9830K(24732K), 0.0010023 secs] [Times: user=0.00 sys=0.00, real=0.00 secs] 
31.931: [GC 31.931: [ParNew: 7017K->826K(7616K), 0.0011944 secs] 16358K->10168K(24732K), 0.0012600 secs] [Times: user=0.00 sys=0.00, real=0.00 secs] 
31.938: [GC 31.938: [ParNew: 7295K->729K(7616K), 0.0010770 secs] 16637K->10233K(24732K), 0.0011430 secs] [Times: user=0.00 sys=0.00, real=0.00 secs] 
31.944: [GC 31.944: [ParNew: 7231K->762K(7616K), 0.0014266 secs] 16734K->10594K(24732K), 0.0015646 secs] [Times: user=0.01 sys=0.00, real=0.00 secs] 
31.950: [GC 31.950: [ParNew: 7280K->46K(7616K), 0.0010576 secs] 17112K->10419K(24732K), 0.0011232 secs] [Times: user=0.01 sys=0.00, real=0.00 secs] 
31.958: [GC 31.958: [ParNew: 6562K->120K(7616K), 0.0019210 secs] 16935K->10493K(24732K), 0.0019857 secs] [Times: user=0.00 sys=0.01, real=0.00 secs] 
31.965: [GC 31.965: [ParNew: 6648K->309K(7616K), 0.0009020 secs] 17021K->10682K(24732K), 0.0009514 secs] [Times: user=0.00 sys=0.00, real=0.00 secs] 
31.970: [GC 31.970: [ParNew: 6826K->779K(7616K), 0.0011283 secs] 17199K->11152K(24732K), 0.0012081 secs] [Times: user=0.00 sys=0.00, real=0.00 secs] 
31.976: [GC 31.976: [ParNew: 7299K->195K(7616K), 0.0012686 secs] 17672K->11126K(24732K), 0.0013463 secs] [Times: user=0.00 sys=0.00, real=0.00 secs] 
31.981: [GC 31.981: [ParNew: 6694K->204K(7616K), 0.0007555 secs] 17624K->11135K(24732K), 0.0008054 secs] [Times: user=0.00 sys=0.00, real=0.00 secs] 
31.986: [GC 31.986: [ParNew: 6726K->448K(7616K), 0.0015347 secs] 17657K->11378K(24732K), 0.0016106 secs] [Times: user=0.00 sys=0.00, real=0.01 secs] 
31.992: [GC 31.992: [ParNew: 6969K->986K(7616K), 0.0014568 secs] 17900K->12076K(24732K), 0.0015270 secs] [Times: user=0.00 sys=0.00, real=0.00 secs] 
31.998: [GC 31.998: [ParNew: 7452K->171K(7616K), 0.0017077 secs] 18543K->12156K(24732K), 0.0017802 secs] [Times: user=0.00 sys=0.00, real=0.00 secs] 
32.004: [GC 32.004: [ParNew: 6681K->420K(7616K), 0.0009876 secs] 18666K->12405K(24732K), 0.0010433 secs] [Times: user=0.00 sys=0.00, real=0.00 secs] 
32.009: [GC 32.009: [ParNew: 6924K->572K(7616K), 0.0010337 secs] 18910K->12557K(24732K), 0.0010906 secs] [Times: user=0.00 sys=0.00, real=0.00 secs] 
32.014: [GC 32.014: [ParNew: 7082K->615K(7616K), 0.0011752 secs] 19068K->12667K(24732K), 0.0012437 secs] [Times: user=0.00 sys=0.00, real=0.00 secs] 
32.020: [GC 32.020: [ParNew: 7142K->741K(7616K), 0.0012177 secs] 19194K->12955K(24732K), 0.0012867 secs] [Times: user=0.00 sys=0.00, real=0.00 secs] 
32.025: [GC 32.025: [ParNew: 7261K->392K(7616K), 0.0010945 secs] 19475K->12882K(24732K), 0.0011593 secs] [Times: user=0.01 sys=0.00, real=0.00 secs] 
32.030: [GC 32.031: [ParNew: 6896K->622K(7616K), 0.0009740 secs] 19386K->13112K(24732K), 0.0010335 secs] [Times: user=0.01 sys=0.00, real=0.00 secs] 
32.040: [GC 32.040: [ParNew: 7091K->865K(7616K), 0.0014368 secs] 19581K->13483K(24732K), 0.0015241 secs] [Times: user=0.00 sys=0.00, real=0.00 secs] 
32.048: [GC 32.048: [ParNew: 7351K->466K(7616K), 0.0012936 secs] 19968K->13497K(24732K), 0.0013785 secs] [Times: user=0.01 sys=0.00, real=0.00 secs] 
32.053: [GC 32.053: [ParNew: 6898K->595K(7616K), 0.0011701 secs] 19930K->13627K(24732K), 0.0012334 secs] [Times: user=0.00 sys=0.00, real=0.00 secs] 
32.060: [GC 32.060: [ParNew: 7085K->317K(7616K), 0.0012375 secs] 20116K->13685K(24732K), 0.0013131 secs] [Times: user=0.00 sys=0.00, real=0.00 secs] 
32.066: [GC 32.066: [ParNew: 6799K->326K(7616K), 0.0008883 secs] 20168K->13695K(24732K), 0.0009376 secs] [Times: user=0.00 sys=0.00, real=0.00 secs] 
32.073: [GC 32.073: [ParNew: 6850K->430K(7616K), 0.0009430 secs] 20219K->13799K(24732K), 0.0010116 secs] [Times: user=0.00 sys=0.00, real=0.00 secs] 
32.078: [GC 32.078: [ParNew: 6951K->422K(7616K), 0.0011720 secs] 20320K->13791K(24732K), 0.0012475 secs] [Times: user=0.00 sys=0.00, real=0.00 secs] 
32.084: [GC 32.085: [ParNew: 6939K->423K(7616K), 0.0013960 secs] 20308K->13791K(24732K), 0.0014748 secs] [Times: user=0.00 sys=0.00, real=0.00 secs] 
32.091: [GC 32.091: [ParNew: 6951K->612K(7616K), 0.0012791 secs] 20319K->13981K(24732K), 0.0013457 secs] [Times: user=0.00 sys=0.00, real=0.00 secs] 
32.096: [GC 32.096: [ParNew: 7127K->492K(7616K), 0.0011377 secs] 20496K->14054K(24732K), 0.0012091 secs] [Times: user=0.00 sys=0.00, real=0.00 secs] 
32.102: [GC 32.102: [ParNew: 6982K->745K(7616K), 0.0013893 secs] 20544K->14307K(24732K), 0.0014583 secs] [Times: user=0.00 sys=0.00, real=0.00 secs] 
32.109: [GC 32.109: [ParNew: 7233K->659K(7616K), 0.0013131 secs] 20795K->14450K(24732K), 0.0014037 secs] [Times: user=0.00 sys=0.00, real=0.00 secs] 
32.114: [GC 32.114: [ParNew: 7154K->408K(7616K), 0.0013363 secs] 20944K->14418K(24732K), 0.0014012 secs] [Times: user=0.01 sys=0.00, real=0.00 secs] 
32.121: [GC 32.121: [ParNew: 6928K->434K(7616K), 0.0009218 secs] 20938K->14444K(24732K), 0.0009904 secs] [Times: user=0.01 sys=0.00, real=0.00 secs] 
32.126: [GC 32.126: [ParNew: 6937K->452K(7616K), 0.0012667 secs] 20947K->14463K(24732K), 0.0013319 secs] [Times: user=0.00 sys=0.00, real=0.00 secs] 
32.131: [GC 32.131: [ParNew: 6958K->895K(7616K), 0.0012576 secs] 20968K->14905K(24732K), 0.0013258 secs] [Times: user=0.00 sys=0.00, real=0.00 secs] 
32.137: [GC 32.137: [ParNew: 7386K->247K(7616K), 0.0021916 secs] 21396K->15045K(24732K), 0.0022612 secs] [Times: user=0.00 sys=0.00, real=0.01 secs] 
32.143: [GC 32.143: [ParNew: 6720K->273K(7616K), 0.0007365 secs] 21518K->15071K(24732K), 0.0007863 secs] [Times: user=0.00 sys=0.00, real=0.00 secs] 
32.148: [GC 32.148: [ParNew: 6699K->461K(7616K), 0.0009656 secs] 21497K->15258K(24732K), 0.0010210 secs] [Times: user=0.00 sys=0.00, real=0.01 secs] 
32.154: [GC 32.154: [ParNew: 6956K->602K(7616K), 0.0010370 secs] 21753K->15399K(24732K), 0.0010974 secs] [Times: user=0.00 sys=0.00, real=0.00 secs] 
32.160: [GC 32.160: [ParNew: 7119K->687K(7616K), 0.0016096 secs] 21916K->15698K(24732K), 0.0016928 secs] [Times: user=0.01 sys=0.01, real=0.00 secs] 
32.166: [GC 32.166: [ParNew: 7193K->667K(7616K), 0.0012996 secs] 22203K->15868K(24732K), 0.0013663 secs] [Times: user=0.01 sys=0.00, real=0.00 secs] 
32.174: [GC 32.174: [ParNew: 7104K->997K(7616K), 0.0015555 secs] 22305K->16485K(24732K), 0.0016279 secs] [Times: user=0.00 sys=0.00, real=0.00 secs] 
32.181: [GC 32.181: [ParNew: 7525K->277K(7616K), 0.0013054 secs] 23013K->16538K(24732K), 0.0013737 secs] [Times: user=0.00 sys=0.00, real=0.00 secs] 
32.187: [GC 32.187: [ParNew: 6785K->585K(7616K), 0.0015597 secs] 23046K->16846K(24732K), 0.0016334 secs] [Times: user=0.00 sys=0.00, real=0.01 secs] 
32.193: [GC 32.193: [ParNew: 7110K->372K(7616K), 0.0012205 secs] 23372K->16907K(24732K), 0.0012848 secs] [Times: user=0.01 sys=0.00, real=0.00 secs] 
32.200: [GC 32.200: [ParNew: 6887K->368K(7616K), 0.0008641 secs] 23422K->16902K(24732K), 0.0009167 secs] [Times: user=0.00 sys=0.00, real=0.00 secs] 
32.205: [GC 32.205: [ParNew: 6892K->407K(7616K), 0.0010294 secs] 23427K->16941K(24732K), 0.0010883 secs] [Times: user=0.00 sys=0.00, real=0.00 secs] 
32.210: [GC 32.210: [ParNew: 6882K->489K(7616K), 0.0010324 secs] 23416K->17023K(24732K), 0.0010894 secs] [Times: user=0.00 sys=0.00, real=0.00 secs] 
32.216: [GC 32.216: [ParNew: 6998K->1072K(7616K), 0.0015095 secs] 23533K->17755K(24732K), 0.0015894 secs] [Times: user=0.00 sys=0.00, real=0.00 secs] 
32.223: [GC 32.223: [ParNew: 7578K->303K(7616K), 0.0014612 secs]32.225: [Tenured: 17350K->8766K(17500K), 0.0720503 secs] 24261K->8766K(25116K), [Perm : 10706K->10706K(21248K)], 0.0738462 secs] [Times: user=0.07 sys=0.00, real=0.07 secs] 
32.304: [GC 32.304: [ParNew: 6517K->730K(7616K), 0.0013777 secs] 15284K->9497K(24732K), 0.0014490 secs] [Times: user=0.00 sys=0.00, real=0.00 secs] 
32.310: [GC 32.310: [ParNew: 7251K->333K(7616K), 0.0012356 secs] 16017K->9707K(24732K), 0.0013060 secs] [Times: user=0.00 sys=0.00, real=0.00 secs] 
32.316: [GC 32.316: [ParNew: 6861K->469K(7616K), 0.0014744 secs] 16235K->9842K(24732K), 0.0015411 secs] [Times: user=0.00 sys=0.01, real=0.00 secs] 
32.321: [GC 32.321: [ParNew: 6974K->503K(7616K), 0.0010631 secs] 16348K->9877K(24732K), 0.0011230 secs] [Times: user=0.01 sys=0.00, real=0.00 secs] 
32.326: [GC 32.326: [ParNew: 6983K->704K(7616K), 0.0015435 secs] 16357K->10078K(24732K), 0.0016149 secs] [Times: user=0.00 sys=0.00, real=0.01 secs] 
32.332: [GC 32.332: [ParNew: 7214K->572K(7616K), 0.0013406 secs] 16587K->10217K(24732K), 0.0014152 secs] [Times: user=0.00 sys=0.00, real=0.00 secs] 
32.338: [GC 32.338: [ParNew: 7097K->1077K(7616K), 0.0015457 secs] 16743K->10788K(24732K), 0.0016163 secs] [Times: user=0.00 sys=0.00, real=0.01 secs] 
32.343: [GC 32.343: [ParNew: 7604K->254K(7616K), 0.0013618 secs] 17315K->10672K(24732K), 0.0014319 secs] [Times: user=0.00 sys=0.00, real=0.00 secs] 
32.349: [GC 32.349: [ParNew: 6777K->272K(7616K), 0.0007569 secs] 17195K->10690K(24732K), 0.0008059 secs] [Times: user=0.00 sys=0.00, real=0.00 secs] 
32.354: [GC 32.354: [ParNew: 6771K->670K(7616K), 0.0011000 secs] 17188K->11088K(24732K), 0.0011630 secs] [Times: user=0.00 sys=0.00, real=0.00 secs] 
32.361: [GC 32.361: [ParNew: 7140K->486K(7616K), 0.0013287 secs] 17558K->11096K(24732K), 0.0014639 secs] [Times: user=0.00 sys=0.00, real=0.00 secs] 
32.367: [GC 32.367: [ParNew: 7013K->493K(7616K), 0.0009250 secs] 17623K->11103K(24732K), 0.0010498 secs] [Times: user=0.00 sys=0.00, real=0.01 secs] 
32.372: [GC 32.372: [ParNew: 6999K->840K(7616K), 0.0012228 secs] 17609K->11450K(24732K), 0.0012897 secs] [Times: user=0.01 sys=0.00, real=0.00 secs] 
32.378: [GC 32.378: [ParNew: 7365K->699K(7616K), 0.0014337 secs] 17975K->11712K(24732K), 0.0015053 secs] [Times: user=0.01 sys=0.00, real=0.01 secs] 
32.383: [GC 32.383: [ParNew: 7179K->549K(7616K), 0.0013297 secs] 18192K->11837K(24732K), 0.0014038 secs] [Times: user=0.00 sys=0.00, real=0.00 secs] 
32.392: [GC 32.392: [ParNew: 7064K->408K(7616K), 0.0009747 secs] 18351K->11760K(24732K), 0.0010331 secs] [Times: user=0.00 sys=0.00, real=0.00 secs] 
32.398: [GC 32.398: [ParNew: 6919K->532K(7616K), 0.0009556 secs] 18271K->11884K(24732K), 0.0010111 secs] [Times: user=0.00 sys=0.00, real=0.01 secs] 
32.404: [GC 32.404: [ParNew: 7059K->579K(7616K), 0.0010062 secs] 18411K->11931K(24732K), 0.0010663 secs] [Times: user=0.00 sys=0.00, real=0.00 secs] 
32.410: [GC 32.410: [ParNew: 7107K->328K(7616K), 0.0009805 secs] 18459K->11805K(24732K), 0.0010599 secs] [Times: user=0.00 sys=0.00, real=0.00 secs] 
32.415: [GC 32.415: [ParNew: 6849K->349K(7616K), 0.0009117 secs] 18326K->11825K(24732K), 0.0009681 secs] [Times: user=0.00 sys=0.01, real=0.00 secs] 
32.421: [GC 32.421: [ParNew: 6864K->697K(7616K), 0.0012274 secs] 18341K->12174K(24732K), 0.0013003 secs] [Times: user=0.00 sys=0.00, real=0.00 secs] 
32.426: [GC 32.427: [ParNew: 7217K->962K(7616K), 0.0015131 secs] 18694K->12605K(24732K), 0.0015956 secs] [Times: user=0.00 sys=0.00, real=0.01 secs] 
32.432: [GC 32.432: [ParNew: 7467K->629K(7616K), 0.0015135 secs] 19110K->12772K(24732K), 0.0015854 secs] [Times: user=0.00 sys=0.00, real=0.00 secs] 
32.440: [GC 32.440: [ParNew: 7149K->639K(7616K), 0.0012348 secs] 19291K->12939K(24732K), 0.0013145 secs] [Times: user=0.01 sys=0.00, real=0.00 secs] 
32.446: [GC 32.446: [ParNew: 7157K->908K(7616K), 0.0014425 secs] 19457K->13465K(24732K), 0.0015337 secs] [Times: user=0.01 sys=0.00, real=0.00 secs] 
32.452: [GC 32.452: [ParNew: 7429K->296K(7616K), 0.0012966 secs] 19986K->13483K(24732K), 0.0013682 secs] [Times: user=0.01 sys=0.00, real=0.00 secs] 
32.457: [GC 32.458: [ParNew: 6790K->271K(7616K), 0.0007550 secs] 19977K->13457K(24732K), 0.0008019 secs] [Times: user=0.00 sys=0.00, real=0.01 secs] 
32.464: [GC 32.464: [ParNew: 6762K->728K(7616K), 0.0009026 secs] 19948K->13914K(24732K), 0.0009690 secs] [Times: user=0.00 sys=0.00, real=0.00 secs] 
32.469: [GC 32.469: [ParNew: 7245K->567K(7616K), 0.0013856 secs] 20431K->13936K(24732K), 0.0014614 secs] [Times: user=0.00 sys=0.00, real=0.00 secs] 
32.474: [GC 32.474: [ParNew: 7092K->554K(7616K), 0.0013814 secs] 20461K->13956K(24732K), 0.0014503 secs] [Times: user=0.00 sys=0.00, real=0.00 secs] 
32.480: [GC 32.480: [ParNew: 7006K->545K(7616K), 0.0012400 secs] 20408K->14291K(24732K), 0.0013064 secs] [Times: user=0.00 sys=0.00, real=0.00 secs] 
32.485: [GC 32.485: [ParNew: 7070K->933K(7616K), 0.0024657 secs] 20817K->14679K(24732K), 0.0025457 secs] [Times: user=0.00 sys=0.00, real=0.00 secs] 
32.492: [GC 32.492: [ParNew: 7460K->647K(7616K), 0.0012814 secs] 21207K->14756K(24732K), 0.0013573 secs] [Times: user=0.01 sys=0.00, real=0.00 secs] 
32.497: [GC 32.497: [ParNew: 7153K->166K(7616K), 0.0014390 secs] 21263K->14737K(24732K), 0.0015083 secs] [Times: user=0.01 sys=0.00, real=0.01 secs] 
32.503: [GC 32.503: [ParNew: 6652K->334K(7616K), 0.0008141 secs] 21223K->14905K(24732K), 0.0008629 secs] [Times: user=0.00 sys=0.00, real=0.00 secs] 
32.508: [GC 32.508: [ParNew: 6822K->761K(7616K), 0.0011355 secs] 21394K->15332K(24732K), 0.0012024 secs] [Times: user=0.00 sys=0.00, real=0.01 secs] 
32.513: [GC 32.513: [ParNew: 7284K->365K(7616K), 0.0011442 secs] 21856K->15274K(24732K), 0.0012063 secs] [Times: user=0.00 sys=0.00, real=0.00 secs] 
32.518: [GC 32.518: [ParNew: 6805K->371K(7616K), 0.0010789 secs] 21714K->15281K(24732K), 0.0011370 secs] [Times: user=0.00 sys=0.00, real=0.01 secs] 
32.523: [GC 32.523: [ParNew: 6877K->630K(7616K), 0.0011349 secs] 21787K->15539K(24732K), 0.0011976 secs] [Times: user=0.00 sys=0.00, real=0.00 secs] 
32.528: [GC 32.528: [ParNew: 7124K->400K(7616K), 0.0011908 secs] 22034K->15557K(24732K), 0.0012570 secs] [Times: user=0.01 sys=0.00, real=0.00 secs] 
32.534: [GC 32.534: [ParNew: 6885K->495K(7616K), 0.0008803 secs] 22042K->15651K(24732K), 0.0009373 secs] [Times: user=0.00 sys=0.00, real=0.00 secs] 
32.539: [GC 32.539: [ParNew: 7011K->962K(7616K), 0.0012167 secs] 22168K->16119K(24732K), 0.0012907 secs] [Times: user=0.00 sys=0.00, real=0.00 secs] 
32.546: [GC 32.546: [ParNew: 7474K->312K(7616K), 0.0012895 secs] 22631K->16154K(24732K), 0.0013750 secs] [Times: user=0.00 sys=0.00, real=0.00 secs] 
32.551: [GC 32.551: [ParNew: 6826K->395K(7616K), 0.0009506 secs] 22667K->16237K(24732K), 0.0010018 secs] [Times: user=0.00 sys=0.00, real=0.00 secs] 
32.557: [GC 32.557: [ParNew: 6908K->437K(7616K), 0.0012325 secs] 22750K->16278K(24732K), 0.0013018 secs] [Times: user=0.00 sys=0.00, real=0.01 secs] 
32.562: [GC 32.562: [ParNew: 6961K->1007K(7616K), 0.0018459 secs] 22802K->16848K(24732K), 0.0019348 secs] [Times: user=0.01 sys=0.00, real=0.00 secs] 
32.570: [GC 32.570: [ParNew: 7487K->375K(7616K), 0.0013178 secs] 23329K->16983K(24732K), 0.0013897 secs] [Times: user=0.01 sys=0.00, real=0.00 secs] 
32.575: [GC 32.575: [ParNew: 6902K->362K(7616K), 0.0009562 secs] 23510K->16970K(24732K), 0.0010057 secs] [Times: user=0.00 sys=0.00, real=0.00 secs] 
32.580: [GC 32.580: [ParNew: 6866K->877K(7616K), 0.0011188 secs] 23475K->17485K(24732K), 0.0011824 secs] [Times: user=0.00 sys=0.00, real=0.00 secs] 
32.587: [GC 32.587: [ParNew: 7405K->546K(7616K), 0.0021840 secs]32.589: [Tenured: 17369K->8305K(17500K), 0.0714422 secs] 24013K->8305K(25116K), [Perm : 10706K->10706K(21248K)], 0.0739845 secs] [Times: user=0.07 sys=0.00, real=0.08 secs] 
32.665: [GC 32.665: [ParNew: 6524K->376K(7616K), 0.0010640 secs] 14829K->8682K(24732K), 0.0011378 secs] [Times: user=0.00 sys=0.00, real=0.00 secs] 
32.671: [GC 32.671: [ParNew: 6880K->423K(7616K), 0.0009311 secs] 15186K->8729K(24732K), 0.0010106 secs] [Times: user=0.00 sys=0.00, real=0.00 secs] 
32.675: [GC 32.676: [ParNew: 6894K->426K(7616K), 0.0009406 secs] 15200K->8731K(24732K), 0.0009984 secs] [Times: user=0.01 sys=0.00, real=0.00 secs] 
32.681: [GC 32.681: [ParNew: 6939K->792K(7616K), 0.0012578 secs] 15245K->9097K(24732K), 0.0013240 secs] [Times: user=0.00 sys=0.00, real=0.00 secs] 
32.687: [GC 32.687: [ParNew: 7282K->813K(7616K), 0.0013881 secs] 15588K->9423K(24732K), 0.0014596 secs] [Times: user=0.00 sys=0.00, real=0.01 secs] 
32.693: [GC 32.693: [ParNew: 7312K->494K(7616K), 0.0014703 secs] 15922K->9433K(24732K), 0.0015551 secs] [Times: user=0.00 sys=0.00, real=0.00 secs] 
32.698: [GC 32.699: [ParNew: 7018K->793K(7616K), 0.0011822 secs] 15957K->9732K(24732K), 0.0012466 secs] [Times: user=0.00 sys=0.00, real=0.00 secs] 
32.704: [GC 32.704: [ParNew: 7282K->699K(7616K), 0.0013848 secs] 16221K->9995K(24732K), 0.0014978 secs] [Times: user=0.00 sys=0.00, real=0.00 secs] 
32.710: [GC 32.710: [ParNew: 7142K->500K(7616K), 0.0011666 secs] 16438K->10045K(24732K), 0.0012432 secs] [Times: user=0.00 sys=0.00, real=0.00 secs] 
32.715: [GC 32.715: [ParNew: 6984K->933K(7616K), 0.0014243 secs] 16530K->10478K(24732K), 0.0014928 secs] [Times: user=0.00 sys=0.00, real=0.00 secs] 
32.720: [GC 32.721: [ParNew: 7439K->908K(7616K), 0.0016524 secs] 16984K->10881K(24732K), 0.0017251 secs] [Times: user=0.01 sys=0.00, real=0.00 secs] 
32.726: [GC 32.726: [ParNew: 7426K->436K(7616K), 0.0013012 secs] 17400K->10833K(24732K), 0.0013714 secs] [Times: user=0.00 sys=0.00, real=0.00 secs] 
32.732: [GC 32.732: [ParNew: 6942K->1066K(7616K), 0.0013701 secs] 17338K->11462K(24732K), 0.0014392 secs] [Times: user=0.01 sys=0.00, real=0.00 secs] 
32.737: [GC 32.737: [ParNew: 7586K->162K(7616K), 0.0022396 secs] 17983K->11576K(24732K), 0.0023169 secs] [Times: user=0.01 sys=0.00, real=0.01 secs] 
32.745: [GC 32.745: [ParNew: 6661K->878K(7616K), 0.0012155 secs] 18075K->12292K(24732K), 0.0012951 secs] [Times: user=0.00 sys=0.00, real=0.00 secs] 
32.751: [GC 32.751: [ParNew: 7387K->338K(7616K), 0.0010876 secs] 18801K->12212K(24732K), 0.0011645 secs] [Times: user=0.00 sys=0.00, real=0.00 secs] 
32.759: [GC 32.760: [ParNew: 6735K->86K(7616K), 0.0010794 secs] 18610K->11960K(24732K), 0.0011689 secs] [Times: user=0.00 sys=0.00, real=0.00 secs] 
32.768: [GC 32.768: [ParNew: 6614K->202K(7616K), 0.0010428 secs] 18488K->12077K(24732K), 0.0011363 secs] [Times: user=0.00 sys=0.00, real=0.01 secs] 
32.774: [GC 32.774: [ParNew: 6705K->789K(7616K), 0.0011338 secs] 18579K->12664K(24732K), 0.0012161 secs] [Times: user=0.00 sys=0.01, real=0.00 secs] 
32.781: [GC 32.781: [ParNew: 7273K->284K(7616K), 0.0011634 secs] 19147K->12564K(24732K), 0.0012451 secs] [Times: user=0.01 sys=0.00, real=0.00 secs] 
32.787: [GC 32.787: [ParNew: 6805K->376K(7616K), 0.0015424 secs] 19085K->12656K(24732K), 0.0016187 secs] [Times: user=0.00 sys=0.00, real=0.01 secs] 
32.792: [GC 32.793: [ParNew: 6878K->757K(7616K), 0.0013515 secs] 19158K->13037K(24732K), 0.0014217 secs] [Times: user=0.00 sys=0.00, real=0.00 secs] 
32.798: [GC 32.798: [ParNew: 7242K->732K(7616K), 0.0013887 secs] 19522K->13338K(24732K), 0.0014799 secs] [Times: user=0.00 sys=0.00, real=0.00 secs] 
32.804: [GC 32.804: [ParNew: 7220K->714K(7616K), 0.0017260 secs] 19826K->13489K(24732K), 0.0018018 secs] [Times: user=0.00 sys=0.00, real=0.00 secs] 
32.810: [GC 32.810: [ParNew: 7195K->616K(7616K), 0.0016175 secs] 19969K->13740K(24732K), 0.0017072 secs] [Times: user=0.00 sys=0.00, real=0.00 secs] 
32.816: [GC 32.816: [ParNew: 7122K->642K(7616K), 0.0011569 secs] 20246K->13816K(24732K), 0.0012414 secs] [Times: user=0.00 sys=0.00, real=0.00 secs] 
32.822: [GC 32.822: [ParNew: 7135K->318K(7616K), 0.0016173 secs] 20309K->13683K(24732K), 0.0016750 secs] [Times: user=0.00 sys=0.00, real=0.00 secs] 
32.830: [GC 32.830: [ParNew: 6846K->1080K(7616K), 0.0014627 secs] 20211K->14445K(24732K), 0.0015409 secs] [Times: user=0.01 sys=0.00, real=0.00 secs] 
32.836: [GC 32.836: [ParNew: 7573K->213K(7616K), 0.0025223 secs] 20938K->14528K(24732K), 0.0026258 secs] [Times: user=0.01 sys=0.00, real=0.01 secs] 
32.843: [GC 32.843: [ParNew: 6695K->142K(7616K), 0.0008702 secs] 21010K->14457K(24732K), 0.0009212 secs] [Times: user=0.01 sys=0.00, real=0.00 secs] 
32.851: [GC 32.851: [ParNew: 6668K->751K(7616K), 0.0009770 secs] 20982K->15065K(24732K), 0.0010363 secs] [Times: user=0.00 sys=0.00, real=0.00 secs] 
32.858: [GC 32.858: [ParNew: 7262K->360K(7616K), 0.0015140 secs] 21576K->14913K(24732K), 0.0016130 secs] [Times: user=0.00 sys=0.00, real=0.01 secs] 
32.863: [GC 32.863: [ParNew: 6839K->522K(7616K), 0.0010626 secs] 21391K->15075K(24732K), 0.0011215 secs] [Times: user=0.00 sys=0.00, real=0.00 secs] 
32.869: [GC 32.869: [ParNew: 6997K->938K(7616K), 0.0017549 secs] 21549K->15490K(24732K), 0.0018441 secs] [Times: user=0.00 sys=0.00, real=0.00 secs] 
32.875: [GC 32.875: [ParNew: 7390K->396K(7616K), 0.0017320 secs] 21942K->15656K(24732K), 0.0018132 secs] [Times: user=0.00 sys=0.00, real=0.00 secs] 
32.882: [GC 32.882: [ParNew: 6884K->662K(7616K), 0.0010487 secs] 22144K->15921K(24732K), 0.0011266 secs] [Times: user=0.00 sys=0.00, real=0.00 secs] 
32.890: [GC 32.890: [ParNew: 7186K->489K(7616K), 0.0043821 secs] 22446K->15810K(24732K), 0.0044626 secs] [Times: user=0.01 sys=0.00, real=0.00 secs] 
32.899: [GC 32.899: [ParNew: 6936K->486K(7616K), 0.0009084 secs] 22258K->15808K(24732K), 0.0009695 secs] [Times: user=0.00 sys=0.00, real=0.00 secs] 
32.905: [GC 32.905: [ParNew: 6993K->660K(7616K), 0.0014747 secs] 22314K->15981K(24732K), 0.0015496 secs] [Times: user=0.00 sys=0.00, real=0.00 secs] 
32.912: [GC 32.912: [ParNew: 7084K->570K(7616K), 0.0010322 secs] 22406K->16026K(24732K), 0.0010960 secs] [Times: user=0.00 sys=0.00, real=0.00 secs] 
32.919: [GC 32.919: [ParNew: 7082K->544K(7616K), 0.0009548 secs] 22538K->16000K(24732K), 0.0010303 secs] [Times: user=0.00 sys=0.00, real=0.00 secs] 
32.924: [GC 32.925: [ParNew: 7003K->513K(7616K), 0.0010470 secs] 22459K->15969K(24732K), 0.0011021 secs] [Times: user=0.00 sys=0.00, real=0.00 secs] 
32.930: [GC 32.930: [ParNew: 7041K->669K(7616K), 0.0010800 secs] 22497K->16125K(24732K), 0.0011410 secs] [Times: user=0.00 sys=0.00, real=0.00 secs] 
32.935: [GC 32.936: [ParNew: 7190K->468K(7616K), 0.0013761 secs] 22646K->16145K(24732K), 0.0014392 secs] [Times: user=0.00 sys=0.00, real=0.00 secs] 
32.945: [GC 32.945: [ParNew: 6994K->1033K(7616K), 0.0014035 secs] 22672K->16711K(24732K), 0.0014967 secs] [Times: user=0.00 sys=0.00, real=0.00 secs] 
32.951: [GC 32.951: [ParNew: 7556K->240K(7616K), 0.0018483 secs] 23234K->16706K(24732K), 0.0019157 secs] [Times: user=0.00 sys=0.00, real=0.00 secs] 
32.958: [GC 32.958: [ParNew: 6737K->461K(7616K), 0.0018242 secs] 23203K->16927K(24732K), 0.0018991 secs] [Times: user=0.01 sys=0.00, real=0.01 secs] 
32.964: [GC 32.964: [ParNew: 6974K->456K(7616K), 0.0010439 secs] 23440K->16922K(24732K), 0.0011002 secs] [Times: user=0.00 sys=0.00, real=0.00 secs] 
32.971: [GC 32.971: [ParNew: 6928K->1018K(7616K), 0.0013435 secs] 23394K->17484K(24732K), 0.0014161 secs] [Times: user=0.00 sys=0.01, real=0.00 secs] 
32.976: [GC 32.976: [ParNew: 7509K->506K(7616K), 0.0018740 secs]32.978: [Tenured: 17190K->8230K(17308K), 0.0714783 secs] 23976K->8230K(24924K), [Perm : 10706K->10706K(21248K)], 0.0736085 secs] [Times: user=0.07 sys=0.00, real=0.08 secs] 
33.054: [GC 33.054: [ParNew: 6528K->327K(7616K), 0.0008022 secs] 14758K->8558K(24732K), 0.0008527 secs] [Times: user=0.00 sys=0.00, real=0.00 secs] 
33.059: [GC 33.059: [ParNew: 6839K->358K(7616K), 0.0014647 secs] 15070K->8589K(24732K), 0.0015250 secs] [Times: user=0.00 sys=0.00, real=0.00 secs] 
33.065: [GC 33.065: [ParNew: 6886K->643K(7616K), 0.0011941 secs] 15117K->8874K(24732K), 0.0012645 secs] [Times: user=0.01 sys=0.00, real=0.00 secs] 
33.070: [GC 33.070: [ParNew: 7149K->543K(7616K), 0.0013576 secs] 15380K->8958K(24732K), 0.0014355 secs] [Times: user=0.01 sys=0.00, real=0.00 secs] 
33.076: [GC 33.076: [ParNew: 7069K->1034K(7616K), 0.0015479 secs] 15484K->9450K(24732K), 0.0016313 secs] [Times: user=0.00 sys=0.00, real=0.00 secs] 
33.083: [GC 33.083: [ParNew: 7561K->507K(7616K), 0.0015650 secs] 15977K->9783K(24732K), 0.0016588 secs] [Times: user=0.00 sys=0.00, real=0.00 secs] 
33.092: [GC 33.092: [ParNew: 7031K->801K(7616K), 0.0019841 secs] 16307K->10077K(24732K), 0.0020901 secs] [Times: user=0.00 sys=0.00, real=0.00 secs] 
33.098: [GC 33.099: [ParNew: 7328K->300K(7616K), 0.0014254 secs] 16605K->9997K(24732K), 0.0015067 secs] [Times: user=0.00 sys=0.00, real=0.00 secs] 
33.106: [GC 33.106: [ParNew: 6828K->465K(7616K), 0.0010300 secs] 16525K->10162K(24732K), 0.0010878 secs] [Times: user=0.00 sys=0.00, real=0.00 secs] 
33.112: [GC 33.112: [ParNew: 6983K->768K(7616K), 0.0011296 secs] 16680K->10465K(24732K), 0.0011918 secs] [Times: user=0.00 sys=0.00, real=0.00 secs] 
33.117: [GC 33.117: [ParNew: 7281K->522K(7616K), 0.0012753 secs] 16978K->10455K(24732K), 0.0013407 secs] [Times: user=0.00 sys=0.00, real=0.01 secs] 
33.123: [GC 33.123: [ParNew: 7033K->682K(7616K), 0.0011043 secs] 16966K->10615K(24732K), 0.0011660 secs] [Times: user=0.00 sys=0.00, real=0.00 secs] 
33.128: [GC 33.128: [ParNew: 7173K->508K(7616K), 0.0012650 secs] 17106K->10616K(24732K), 0.0013302 secs] [Times: user=0.00 sys=0.01, real=0.01 secs] 
33.133: [GC 33.133: [ParNew: 6971K->763K(7616K), 0.0012248 secs] 17079K->10871K(24732K), 0.0012926 secs] [Times: user=0.00 sys=0.00, real=0.00 secs] 
33.141: [GC 33.141: [ParNew: 7235K->370K(7616K), 0.0010425 secs] 17343K->10818K(24732K), 0.0011203 secs] [Times: user=0.00 sys=0.00, real=0.00 secs] 
33.146: [GC 33.146: [ParNew: 6887K->385K(7616K), 0.0009057 secs] 17334K->10833K(24732K), 0.0009580 secs] [Times: user=0.01 sys=0.00, real=0.00 secs] 
33.154: [GC 33.154: [ParNew: 6897K->877K(7616K), 0.0013055 secs] 17345K->11324K(24732K), 0.0013806 secs] [Times: user=0.00 sys=0.00, real=0.00 secs] 
33.161: [GC 33.161: [ParNew: 7393K->561K(7616K), 0.0015513 secs] 17841K->11379K(24732K), 0.0016172 secs] [Times: user=0.01 sys=0.00, real=0.00 secs] 
33.167: [GC 33.167: [ParNew: 7077K->129K(7616K), 0.0010416 secs] 17895K->11400K(24732K), 0.0011018 secs] [Times: user=0.01 sys=0.00, real=0.01 secs] 
33.173: [GC 33.173: [ParNew: 6614K->480K(7616K), 0.0012657 secs] 17884K->11751K(24732K), 0.0013369 secs] [Times: user=0.00 sys=0.00, real=0.00 secs] 
33.178: [GC 33.178: [ParNew: 6996K->512K(7616K), 0.0010848 secs] 18267K->11782K(24732K), 0.0011497 secs] [Times: user=0.00 sys=0.00, real=0.00 secs] 
33.183: [GC 33.184: [ParNew: 7022K->846K(7616K), 0.0012253 secs] 18293K->12117K(24732K), 0.0013560 secs] [Times: user=0.00 sys=0.00, real=0.00 secs] 
33.190: [GC 33.190: [ParNew: 7360K->932K(7616K), 0.0017069 secs] 18631K->12618K(24732K), 0.0018030 secs] [Times: user=0.00 sys=0.00, real=0.00 secs] 
33.196: [GC 33.196: [ParNew: 7447K->271K(7616K), 0.0013127 secs] 19133K->12620K(24732K), 0.0013929 secs] [Times: user=0.00 sys=0.00, real=0.00 secs] 
33.201: [GC 33.202: [ParNew: 6742K->468K(7616K), 0.0009084 secs] 19090K->12817K(24732K), 0.0009762 secs] [Times: user=0.00 sys=0.00, real=0.00 secs] 
33.207: [GC 33.207: [ParNew: 6981K->689K(7616K), 0.0010325 secs] 19329K->13038K(24732K), 0.0010975 secs] [Times: user=0.01 sys=0.00, real=0.00 secs] 
33.212: [GC 33.212: [ParNew: 7207K->679K(7616K), 0.0015253 secs] 19556K->13424K(24732K), 0.0016075 secs] [Times: user=0.00 sys=0.00, real=0.00 secs] 
33.217: [GC 33.218: [ParNew: 7166K->519K(7616K), 0.0013594 secs] 19911K->13412K(24732K), 0.0014598 secs] [Times: user=0.00 sys=0.00, real=0.01 secs] 
33.223: [GC 33.223: [ParNew: 7020K->813K(7616K), 0.0012603 secs] 19912K->13706K(24732K), 0.0013324 secs] [Times: user=0.00 sys=0.00, real=0.00 secs] 
33.229: [GC 33.229: [ParNew: 7306K->986K(7616K), 0.0018028 secs] 20199K->14193K(24732K), 0.0019090 secs] [Times: user=0.00 sys=0.00, real=0.00 secs] 
33.235: [GC 33.235: [ParNew: 7498K->424K(7616K), 0.0042053 secs] 20705K->14540K(24732K), 0.0043249 secs] [Times: user=0.00 sys=0.01, real=0.01 secs] 
33.244: [GC 33.244: [ParNew: 6911K->265K(7616K), 0.0007863 secs] 21026K->14380K(24732K), 0.0008349 secs] [Times: user=0.00 sys=0.00, real=0.00 secs] 
33.250: [GC 33.250: [ParNew: 6718K->270K(7616K), 0.0008196 secs] 20833K->14386K(24732K), 0.0008683 secs] [Times: user=0.00 sys=0.00, real=0.00 secs] 
33.255: [GC 33.255: [ParNew: 6798K->616K(7616K), 0.0011409 secs] 20914K->14732K(24732K), 0.0011991 secs] [Times: user=0.00 sys=0.00, real=0.00 secs] 
33.261: [GC 33.261: [ParNew: 7144K->621K(7616K), 0.0012172 secs] 21260K->14872K(24732K), 0.0012958 secs] [Times: user=0.00 sys=0.00, real=0.00 secs] 
33.267: [GC 33.267: [ParNew: 7142K->1005K(7616K), 0.0014860 secs] 21393K->15347K(24732K), 0.0015605 secs] [Times: user=0.00 sys=0.00, real=0.01 secs] 
33.272: [GC 33.272: [ParNew: 7519K->91K(7616K), 0.0015992 secs] 21861K->15303K(24732K), 0.0017017 secs] [Times: user=0.00 sys=0.00, real=0.00 secs] 
33.279: [GC 33.279: [ParNew: 6574K->683K(7616K), 0.0010835 secs] 21787K->15895K(24732K), 0.0011500 secs] [Times: user=0.00 sys=0.00, real=0.00 secs] 
33.284: [GC 33.285: [ParNew: 7193K->377K(7616K), 0.0011107 secs] 22405K->15996K(24732K), 0.0011763 secs] [Times: user=0.01 sys=0.00, real=0.00 secs] 
33.291: [GC 33.291: [ParNew: 6900K->320K(7616K), 0.0007312 secs] 22519K->15939K(24732K), 0.0007802 secs] [Times: user=0.00 sys=0.00, real=0.00 secs] 
33.295: [GC 33.295: [ParNew: 6826K->1031K(7616K), 0.0018296 secs] 22446K->16944K(24732K), 0.0019358 secs] [Times: user=0.00 sys=0.00, real=0.00 secs] 
33.302: [GC 33.303: [ParNew: 7514K->201K(7616K), 0.0014324 secs] 23426K->16881K(24732K), 0.0015296 secs] [Times: user=0.00 sys=0.00, real=0.00 secs] 
33.309: [GC 33.309: [ParNew: 6708K->364K(7616K), 0.0014348 secs] 23389K->17045K(24732K), 0.0015313 secs] [Times: user=0.00 sys=0.00, real=0.00 secs] 
33.315: [GC 33.315: [ParNew: 6886K->499K(7616K), 0.0010280 secs] 23566K->17179K(24732K), 0.0010893 secs] [Times: user=0.00 sys=0.00, real=0.00 secs] 
33.320: [GC 33.320: [ParNew: 7015K->1080K(7616K), 0.0013629 secs] 23696K->17829K(24732K), 0.0014330 secs] [Times: user=0.01 sys=0.00, real=0.00 secs] 
33.327: [GC 33.327: [ParNew: 7583K->476K(7616K), 0.0018546 secs]33.329: [Tenured: 17614K->8828K(17692K), 0.0718822 secs] 24332K->8828K(25308K), [Perm : 10706K->10706K(21248K)], 0.0741904 secs] [Times: user=0.08 sys=0.01, real=0.08 secs] 
33.407: [GC 33.407: [ParNew: 6516K->359K(7616K), 0.0007452 secs] 15344K->9188K(24732K), 0.0008116 secs] [Times: user=0.01 sys=0.00, real=0.00 secs] 
33.413: [GC 33.413: [ParNew: 6858K->967K(7616K), 0.0010787 secs] 15687K->9796K(24732K), 0.0011493 secs] [Times: user=0.00 sys=0.00, real=0.00 secs] 
33.418: [GC 33.418: [ParNew: 7488K->66K(7616K), 0.0014260 secs] 16317K->9667K(24732K), 0.0015140 secs] [Times: user=0.00 sys=0.00, real=0.00 secs] 
33.425: [GC 33.425: [ParNew: 6583K->699K(7616K), 0.0010536 secs] 16183K->10299K(24732K), 0.0011285 secs] [Times: user=0.00 sys=0.00, real=0.00 secs] 
33.431: [GC 33.431: [ParNew: 7212K->197K(7616K), 0.0010391 secs] 16812K->10330K(24732K), 0.0011010 secs] [Times: user=0.00 sys=0.00, real=0.00 secs] 
33.441: [GC 33.441: [ParNew: 6701K->472K(7616K), 0.0008295 secs] 16835K->10606K(24732K), 0.0008823 secs] [Times: user=0.00 sys=0.00, real=0.00 secs] 
33.446: [GC 33.446: [ParNew: 6981K->458K(7616K), 0.0012435 secs] 17114K->10591K(24732K), 0.0012997 secs] [Times: user=0.00 sys=0.00, real=0.00 secs] 
33.452: [GC 33.452: [ParNew: 6978K->457K(7616K), 0.0009398 secs] 17111K->10590K(24732K), 0.0010366 secs] [Times: user=0.00 sys=0.00, real=0.00 secs] 
33.458: [GC 33.459: [ParNew: 6935K->360K(7616K), 0.0010706 secs] 17068K->10493K(24732K), 0.0011198 secs] [Times: user=0.01 sys=0.00, real=0.00 secs] 
33.465: [GC 33.465: [ParNew: 6866K->642K(7616K), 0.0011185 secs] 16999K->10776K(24732K), 0.0011822 secs] [Times: user=0.00 sys=0.00, real=0.00 secs] 
33.471: [GC 33.471: [ParNew: 7160K->793K(7616K), 0.0013340 secs] 17294K->11052K(24732K), 0.0014031 secs] [Times: user=0.00 sys=0.00, real=0.00 secs] 
33.478: [GC 33.478: [ParNew: 7313K->1061K(7616K), 0.0015152 secs] 17571K->11677K(24732K), 0.0015896 secs] [Times: user=0.00 sys=0.00, real=0.01 secs] 
33.483: [GC 33.484: [ParNew: 7576K->389K(7616K), 0.0020856 secs] 18192K->11981K(24732K), 0.0021876 secs] [Times: user=0.00 sys=0.00, real=0.00 secs] 
33.490: [GC 33.490: [ParNew: 6894K->867K(7616K), 0.0012261 secs] 18485K->12459K(24732K), 0.0013017 secs] [Times: user=0.00 sys=0.00, real=0.00 secs] 
33.496: [GC 33.496: [ParNew: 7335K->297K(7616K), 0.0016606 secs] 18926K->12684K(24732K), 0.0017302 secs] [Times: user=0.00 sys=0.01, real=0.00 secs] 
33.503: [GC 33.503: [ParNew: 6822K->498K(7616K), 0.0008586 secs] 19209K->12885K(24732K), 0.0009312 secs] [Times: user=0.00 sys=0.00, real=0.00 secs] 
33.509: [GC 33.509: [ParNew: 7022K->648K(7616K), 0.0009689 secs] 19409K->13035K(24732K), 0.0010282 secs] [Times: user=0.00 sys=0.00, real=0.00 secs] 
33.514: [GC 33.514: [ParNew: 7152K->387K(7616K), 0.0013079 secs] 19540K->13203K(24732K), 0.0013900 secs] [Times: user=0.01 sys=0.00, real=0.00 secs] 
33.519: [GC 33.519: [ParNew: 6895K->376K(7616K), 0.0012011 secs] 19711K->13192K(24732K), 0.0012677 secs] [Times: user=0.01 sys=0.00, real=0.00 secs] 
33.524: [GC 33.524: [ParNew: 6882K->463K(7616K), 0.0009721 secs] 19698K->13278K(24732K), 0.0010279 secs] [Times: user=0.00 sys=0.00, real=0.00 secs] 
33.529: [GC 33.529: [ParNew: 6955K->934K(7616K), 0.0012984 secs] 19771K->13750K(24732K), 0.0013692 secs] [Times: user=0.00 sys=0.00, real=0.00 secs] 
33.535: [GC 33.535: [ParNew: 7431K->615K(7616K), 0.0021209 secs] 20247K->13869K(24732K), 0.0021925 secs] [Times: user=0.00 sys=0.00, real=0.00 secs] 
33.542: [GC 33.542: [ParNew: 7119K->671K(7616K), 0.0013538 secs] 20373K->14127K(24732K), 0.0014577 secs] [Times: user=0.00 sys=0.00, real=0.00 secs] 
33.547: [GC 33.547: [ParNew: 7137K->680K(7616K), 0.0011622 secs] 20593K->14136K(24732K), 0.0012251 secs] [Times: user=0.00 sys=0.00, real=0.01 secs] 
33.552: [GC 33.552: [ParNew: 7169K->239K(7616K), 0.0011447 secs] 20624K->14067K(24732K), 0.0012109 secs] [Times: user=0.00 sys=0.00, real=0.00 secs] 
33.559: [GC 33.559: [ParNew: 6749K->524K(7616K), 0.0008565 secs] 20577K->14352K(24732K), 0.0009108 secs] [Times: user=0.00 sys=0.00, real=0.00 secs] 
33.565: [GC 33.565: [ParNew: 7020K->727K(7616K), 0.0012042 secs] 20848K->14555K(24732K), 0.0012846 secs] [Times: user=0.01 sys=0.00, real=0.00 secs] 
33.570: [GC 33.570: [ParNew: 7207K->792K(7616K), 0.0014287 secs] 21035K->14916K(24732K), 0.0015157 secs] [Times: user=0.00 sys=0.00, real=0.00 secs] 
33.575: [GC 33.575: [ParNew: 7278K->188K(7616K), 0.0020039 secs] 21402K->15049K(24732K), 0.0020880 secs] [Times: user=0.00 sys=0.00, real=0.00 secs] 
33.581: [GC 33.581: [ParNew: 6716K->225K(7616K), 0.0011242 secs] 21577K->15087K(24732K), 0.0011842 secs] [Times: user=0.00 sys=0.00, real=0.00 secs] 
33.587: [GC 33.587: [ParNew: 6738K->299K(7616K), 0.0018108 secs] 21599K->15160K(24732K), 0.0018902 secs] [Times: user=0.00 sys=0.00, real=0.01 secs] 
33.593: [GC 33.593: [ParNew: 6761K->1026K(7616K), 0.0013327 secs] 21622K->15888K(24732K), 0.0014037 secs] [Times: user=0.00 sys=0.00, real=0.00 secs] 
33.598: [GC 33.598: [ParNew: 7517K->409K(7616K), 0.0016697 secs] 22378K->16067K(24732K), 0.0017434 secs] [Times: user=0.00 sys=0.01, real=0.00 secs] 
33.604: [GC 33.605: [ParNew: 6915K->625K(7616K), 0.0010969 secs] 22573K->16283K(24732K), 0.0011668 secs] [Times: user=0.00 sys=0.00, real=0.00 secs] 
33.610: [GC 33.610: [ParNew: 7143K->671K(7616K), 0.0010946 secs] 22802K->16444K(24732K), 0.0011678 secs] [Times: user=0.01 sys=0.00, real=0.00 secs] 
33.615: [GC 33.615: [ParNew: 7171K->212K(7616K), 0.0009971 secs] 22944K->16282K(24732K), 0.0010528 secs] [Times: user=0.00 sys=0.00, real=0.00 secs] 
33.622: [GC 33.623: [ParNew: 6660K->493K(7616K), 0.0015566 secs] 22731K->16564K(24732K), 0.0016629 secs] [Times: user=0.00 sys=0.00, real=0.00 secs] 
33.630: [GC 33.630: [ParNew: 6981K->651K(7616K), 0.0010026 secs] 23051K->16721K(24732K), 0.0010639 secs] [Times: user=0.00 sys=0.00, real=0.00 secs] 
33.635: [GC 33.635: [ParNew: 7155K->856K(7616K), 0.0027764 secs] 23225K->17059K(24732K), 0.0028527 secs] [Times: user=0.00 sys=0.00, real=0.00 secs] 
33.641: [GC 33.641: [ParNew: 7371K->765K(7616K), 0.0012547 secs] 23573K->17139K(24732K), 0.0013222 secs] [Times: user=0.00 sys=0.00, real=0.00 secs] 
33.650: [GC 33.651: [ParNew: 7272K->149K(7616K), 0.0012742 secs] 23647K->17208K(24732K), 0.0013493 secs] [Times: user=0.00 sys=0.00, real=0.00 secs] 
33.656: [GC 33.656: [ParNew: 6664K->228K(7616K), 0.0007733 secs] 23723K->17287K(24732K), 0.0008226 secs] [Times: user=0.00 sys=0.00, real=0.00 secs] 
33.661: [GC 33.661: [ParNew: 6735K->472K(7616K), 0.0009797 secs] 23794K->17531K(24732K), 0.0010469 secs] [Times: user=0.00 sys=0.00, real=0.00 secs] 
33.667: [GC 33.667: [ParNew: 6963K->371K(7616K), 0.0008865 secs] 24022K->17430K(24732K), 0.0009388 secs] [Times: user=0.01 sys=0.00, real=0.00 secs] 
33.672: [GC 33.673: [ParNew: 6874K->378K(7616K), 0.0008812 secs] 23933K->17437K(24732K), 0.0009356 secs] [Times: user=0.01 sys=0.00, real=0.00 secs] 
33.678: [GC 33.678: [ParNew: 6892K->446K(7616K), 0.0013189 secs] 23952K->17505K(24732K), 0.0013863 secs] [Times: user=0.01 sys=0.00, real=0.00 secs] 
33.684: [GC 33.684: [ParNew: 6974K->476K(7616K), 0.0009571 secs] 24033K->17536K(24732K), 0.0010119 secs] [Times: user=0.01 sys=0.01, real=0.00 secs] 
33.689: [GC 33.689: [ParNew: 7004K->488K(7616K), 0.0017091 secs] 24064K->17548K(24732K), 0.0017822 secs] [Times: user=0.00 sys=0.00, real=0.00 secs] 
33.695: [GC 33.695: [ParNew: 7010K->478K(7616K), 0.0011301 secs] 24070K->17537K(24732K), 0.0011898 secs] [Times: user=0.00 sys=0.00, real=0.00 secs] 
33.700: [GC 33.700: [ParNew: 6982K->557K(7616K), 0.0013365 secs] 24041K->17616K(24732K), 0.0014022 secs] [Times: user=0.00 sys=0.00, real=0.00 secs] 
33.706: [GC 33.706: [ParNew: 7070K->942K(7616K), 0.0012184 secs]33.707: [Tenured: 17153K->8878K(17308K), 0.0709513 secs] 24129K->8878K(24924K), [Perm : 10706K->10706K(21248K)], 0.0724178 secs] [Times: user=0.07 sys=0.00, real=0.08 secs] 
33.782: [GC 33.782: [ParNew: 6504K->580K(7616K), 0.0010325 secs] 15383K->9459K(24732K), 0.0010932 secs] [Times: user=0.00 sys=0.00, real=0.00 secs] 
33.788: [GC 33.788: [ParNew: 7044K->305K(7616K), 0.0009153 secs] 15923K->9538K(24732K), 0.0009743 secs] [Times: user=0.00 sys=0.00, real=0.00 secs] 
33.795: [GC 33.795: [ParNew: 6728K->289K(7616K), 0.0020656 secs] 15961K->9522K(24732K), 0.0021373 secs] [Times: user=0.00 sys=0.00, real=0.00 secs] 
33.804: [GC 33.804: [ParNew: 6800K->604K(7616K), 0.0009628 secs] 16034K->9838K(24732K), 0.0010321 secs] [Times: user=0.00 sys=0.00, real=0.00 secs] 
33.809: [GC 33.809: [ParNew: 7112K->270K(7616K), 0.0013424 secs] 16345K->9621K(24732K), 0.0014166 secs] [Times: user=0.00 sys=0.00, real=0.00 secs] 
33.814: [GC 33.814: [ParNew: 6776K->600K(7616K), 0.0010602 secs] 16127K->9951K(24732K), 0.0011199 secs] [Times: user=0.00 sys=0.00, real=0.00 secs] 
33.819: [GC 33.819: [ParNew: 7041K->1038K(7616K), 0.0015357 secs] 16392K->10550K(24732K), 0.0016137 secs] [Times: user=0.01 sys=0.00, real=0.00 secs] 
33.825: [GC 33.825: [ParNew: 7563K->396K(7616K), 0.0016587 secs] 17074K->10664K(24732K), 0.0017329 secs] [Times: user=0.01 sys=0.00, real=0.00 secs] 
33.832: [GC 33.832: [ParNew: 6882K->379K(7616K), 0.0009860 secs] 17150K->10647K(24732K), 0.0010410 secs] [Times: user=0.00 sys=0.00, real=0.00 secs] 
33.837: [GC 33.837: [ParNew: 6866K->425K(7616K), 0.0014390 secs] 17134K->10694K(24732K), 0.0015477 secs] [Times: user=0.00 sys=0.01, real=0.01 secs] 
33.842: [GC 33.842: [ParNew: 6900K->619K(7616K), 0.0010894 secs] 17169K->10887K(24732K), 0.0011526 secs] [Times: user=0.00 sys=0.00, real=0.00 secs] 
33.849: [GC 33.849: [ParNew: 7137K->1053K(7616K), 0.0012720 secs] 17405K->11467K(24732K), 0.0013567 secs] [Times: user=0.00 sys=0.00, real=0.00 secs] 
33.856: [GC 33.856: [ParNew: 7581K->310K(7616K), 0.0018494 secs] 17994K->11556K(24732K), 0.0019206 secs] [Times: user=0.00 sys=0.00, real=0.00 secs] 
33.863: [GC 33.863: [ParNew: 6835K->488K(7616K), 0.0008908 secs] 18081K->11735K(24732K), 0.0009606 secs] [Times: user=0.00 sys=0.00, real=0.00 secs] 
33.869: [GC 33.869: [ParNew: 6960K->940K(7616K), 0.0012003 secs] 18207K->12186K(24732K), 0.0012856 secs] [Times: user=0.01 sys=0.00, real=0.00 secs] 
33.874: [GC 33.874: [ParNew: 7391K->316K(7616K), 0.0015935 secs] 18637K->12440K(24732K), 0.0016656 secs] [Times: user=0.01 sys=0.00, real=0.00 secs] 
33.882: [GC 33.882: [ParNew: 6844K->591K(7616K), 0.0008355 secs] 18968K->12715K(24732K), 0.0009184 secs] [Times: user=0.00 sys=0.00, real=0.00 secs] 
33.890: [GC 33.890: [ParNew: 7119K->473K(7616K), 0.0020438 secs] 19243K->12840K(24732K), 0.0021135 secs] [Times: user=0.00 sys=0.00, real=0.00 secs] 
33.896: [GC 33.896: [ParNew: 6998K->684K(7616K), 0.0013539 secs] 19365K->13051K(24732K), 0.0014306 secs] [Times: user=0.00 sys=0.00, real=0.00 secs] 
33.901: [GC 33.901: [ParNew: 7210K->643K(7616K), 0.0013002 secs] 19577K->13228K(24732K), 0.0013978 secs] [Times: user=0.00 sys=0.00, real=0.00 secs] 
33.907: [GC 33.907: [ParNew: 7145K->748K(7616K), 0.0014945 secs] 19730K->13452K(24732K), 0.0015750 secs] [Times: user=0.00 sys=0.00, real=0.01 secs] 
33.913: [GC 33.913: [ParNew: 7272K->1062K(7616K), 0.0017430 secs] 19976K->14055K(24732K), 0.0018211 secs] [Times: user=0.00 sys=0.00, real=0.00 secs] 
33.919: [GC 33.919: [ParNew: 7549K->325K(7616K), 0.0014932 secs] 20542K->13987K(24732K), 0.0015639 secs] [Times: user=0.00 sys=0.00, real=0.00 secs] 
33.924: [GC 33.925: [ParNew: 6752K->328K(7616K), 0.0007731 secs] 20414K->13990K(24732K), 0.0008249 secs] [Times: user=0.00 sys=0.00, real=0.00 secs] 
33.929: [GC 33.929: [ParNew: 6819K->167K(7616K), 0.0007714 secs] 20481K->13829K(24732K), 0.0008366 secs] [Times: user=0.01 sys=0.00, real=0.00 secs] 
33.934: [GC 33.934: [ParNew: 6666K->480K(7616K), 0.0008897 secs] 20328K->14143K(24732K), 0.0009503 secs] [Times: user=0.00 sys=0.00, real=0.00 secs] 
33.942: [GC 33.942: [ParNew: 6985K->663K(7616K), 0.0019257 secs] 20647K->14325K(24732K), 0.0021552 secs] [Times: user=0.00 sys=0.00, real=0.00 secs] 
33.950: [GC 33.950: [ParNew: 7161K->792K(7616K), 0.0013633 secs] 20823K->14655K(24732K), 0.0014660 secs] [Times: user=0.00 sys=0.00, real=0.00 secs] 
33.956: [GC 33.956: [ParNew: 7166K->82K(7616K), 0.0009076 secs] 21030K->14419K(24732K), 0.0009656 secs] [Times: user=0.00 sys=0.00, real=0.00 secs] 
33.963: [GC 33.963: [ParNew: 6563K->413K(7616K), 0.0008315 secs] 20900K->14749K(24732K), 0.0008969 secs] [Times: user=0.00 sys=0.00, real=0.00 secs] 
33.969: [GC 33.969: [ParNew: 6934K->497K(7616K), 0.0010445 secs] 21271K->14834K(24732K), 0.0011049 secs] [Times: user=0.00 sys=0.00, real=0.00 secs] 
33.976: [GC 33.976: [ParNew: 6868K->755K(7616K), 0.0014095 secs] 21205K->15092K(24732K), 0.0014835 secs] [Times: user=0.01 sys=0.00, real=0.00 secs] 
33.982: [GC 33.983: [ParNew: 7255K->494K(7616K), 0.0015287 secs] 21592K->15251K(24732K), 0.0016205 secs] [Times: user=0.01 sys=0.00, real=0.00 secs] 
33.990: [GC 33.990: [ParNew: 7022K->913K(7616K), 0.0012502 secs] 21779K->15670K(24732K), 0.0013312 secs] [Times: user=0.00 sys=0.00, real=0.00 secs] 
33.998: [GC 33.998: [ParNew: 7441K->576K(7616K), 0.0014157 secs] 22198K->16077K(24732K), 0.0014844 secs] [Times: user=0.00 sys=0.00, real=0.00 secs] 
34.003: [GC 34.004: [ParNew: 7088K->215K(7616K), 0.0012786 secs] 22589K->16180K(24732K), 0.0013620 secs] [Times: user=0.00 sys=0.00, real=0.00 secs] 
34.010: [GC 34.010: [ParNew: 6707K->453K(7616K), 0.0008791 secs] 22673K->16418K(24732K), 0.0009479 secs] [Times: user=0.00 sys=0.00, real=0.00 secs] 
34.017: [GC 34.017: [ParNew: 6969K->678K(7616K), 0.0009985 secs] 22935K->16643K(24732K), 0.0010730 secs] [Times: user=0.00 sys=0.00, real=0.00 secs] 
34.022: [GC 34.022: [ParNew: 7172K->512K(7616K), 0.0012275 secs] 23137K->16753K(24732K), 0.0013186 secs] [Times: user=0.00 sys=0.00, real=0.00 secs] 
34.027: [GC 34.027: [ParNew: 6964K->542K(7616K), 0.0011225 secs] 23205K->16783K(24732K), 0.0011803 secs] [Times: user=0.00 sys=0.00, real=0.01 secs] 
34.034: [GC 34.034: [ParNew: 6978K->408K(7616K), 0.0043339 secs] 23219K->16649K(24732K), 0.0044489 secs] [Times: user=0.00 sys=0.00, real=0.01 secs] 
34.043: [GC 34.043: [ParNew: 6920K->460K(7616K), 0.0009108 secs] 23161K->16701K(24732K), 0.0009655 secs] [Times: user=0.01 sys=0.00, real=0.00 secs] 
34.048: [GC 34.048: [ParNew: 6967K->354K(7616K), 0.0009072 secs] 23208K->16595K(24732K), 0.0009606 secs] [Times: user=0.00 sys=0.00, real=0.01 secs] 
34.054: [GC 34.054: [ParNew: 6826K->363K(7616K), 0.0011783 secs] 23067K->16604K(24732K), 0.0012384 secs] [Times: user=0.00 sys=0.00, real=0.00 secs] 
34.059: [GC 34.059: [ParNew: 6889K->566K(7616K), 0.0012919 secs] 23130K->16807K(24732K), 0.0013534 secs] [Times: user=0.00 sys=0.00, real=0.00 secs] 
34.064: [GC 34.065: [ParNew: 7094K->321K(7616K), 0.0013255 secs] 23335K->16785K(24732K), 0.0013906 secs] [Times: user=0.00 sys=0.00, real=0.00 secs] 
34.070: [GC 34.070: [ParNew: 6845K->530K(7616K), 0.0010004 secs] 23309K->16994K(24732K), 0.0010575 secs] [Times: user=0.00 sys=0.00, real=0.00 secs] 
34.075: [GC 34.075: [ParNew: 6996K->743K(7616K), 0.0012466 secs] 23460K->17207K(24732K), 0.0013154 secs] [Times: user=0.00 sys=0.00, real=0.00 secs] 
34.082: [GC 34.082: [ParNew: 7261K->838K(7616K), 0.0015176 secs] 23725K->17566K(24732K), 0.0016182 secs] [Times: user=0.00 sys=0.00, real=0.00 secs] 
34.090: [GC 34.090: [ParNew: 7354K->855K(7616K), 0.0013642 secs] 24081K->17882K(24732K), 0.0014737 secs] [Times: user=0.00 sys=0.00, real=0.00 secs] 
34.095: [GC 34.095: [ParNew: 7358K->319K(7616K), 0.0014065 secs]34.097: [Tenured: 17624K->8192K(17692K), 0.0715445 secs] 24384K->8192K(25308K), [Perm : 10706K->10706K(21248K)], 0.0734009 secs] [Times: user=0.08 sys=0.00, real=0.08 secs] 
34.173: [GC 34.173: [ParNew: 6528K->353K(7616K), 0.0008229 secs] 14720K->8546K(24732K), 0.0008730 secs] [Times: user=0.00 sys=0.00, real=0.00 secs] 
34.177: [GC 34.177: [ParNew: 6816K->316K(7616K), 0.0007943 secs] 15008K->8509K(24732K), 0.0008435 secs] [Times: user=0.00 sys=0.00, real=0.01 secs] 
34.183: [GC 34.183: [ParNew: 6828K->720K(7616K), 0.0009984 secs] 15021K->8913K(24732K), 0.0010612 secs] [Times: user=0.00 sys=0.00, real=0.00 secs] 
34.188: [GC 34.188: [ParNew: 7243K->1066K(7616K), 0.0023311 secs] 15436K->9548K(24732K), 0.0024173 secs] [Times: user=0.00 sys=0.00, real=0.01 secs] 
34.194: [GC 34.194: [ParNew: 7560K->341K(7616K), 0.0017412 secs] 16042K->9834K(24732K), 0.0018477 secs] [Times: user=0.00 sys=0.00, real=0.00 secs] 
34.201: [GC 34.201: [ParNew: 6864K->694K(7616K), 0.0012800 secs] 16357K->10187K(24732K), 0.0014182 secs] [Times: user=0.00 sys=0.01, real=0.00 secs] 
34.206: [GC 34.206: [ParNew: 7187K->778K(7616K), 0.0013667 secs] 16680K->10552K(24732K), 0.0014401 secs] [Times: user=0.00 sys=0.00, real=0.00 secs] 
34.212: [GC 34.212: [ParNew: 7271K->974K(7616K), 0.0017074 secs] 17046K->11076K(24732K), 0.0017940 secs] [Times: user=0.00 sys=0.00, real=0.00 secs] 
34.218: [GC 34.218: [ParNew: 7474K->657K(7616K), 0.0016463 secs] 17577K->11505K(24732K), 0.0017253 secs] [Times: user=0.01 sys=0.00, real=0.01 secs] 
34.224: [GC 34.224: [ParNew: 7157K->152K(7616K), 0.0012015 secs] 18005K->11631K(24732K), 0.0012672 secs] [Times: user=0.01 sys=0.00, real=0.00 secs] 
34.230: [GC 34.230: [ParNew: 6659K->883K(7616K), 0.0011152 secs] 18138K->12362K(24732K), 0.0011812 secs] [Times: user=0.01 sys=0.00, real=0.00 secs] 
34.236: [GC 34.236: [ParNew: 7378K->315K(7616K), 0.0021896 secs] 18857K->12287K(24732K), 0.0022864 secs] [Times: user=0.00 sys=0.00, real=0.01 secs] 
34.246: [GC 34.246: [ParNew: 6822K->280K(7616K), 0.0007392 secs] 18794K->12252K(24732K), 0.0007880 secs] [Times: user=0.00 sys=0.00, real=0.00 secs] 
34.251: [GC 34.251: [ParNew: 6752K->286K(7616K), 0.0010770 secs] 18724K->12258K(24732K), 0.0011300 secs] [Times: user=0.00 sys=0.00, real=0.00 secs] 
34.257: [GC 34.257: [ParNew: 6801K->515K(7616K), 0.0009665 secs] 18773K->12487K(24732K), 0.0010238 secs] [Times: user=0.00 sys=0.00, real=0.00 secs] 
34.262: [GC 34.262: [ParNew: 7040K->763K(7616K), 0.0013695 secs] 19012K->12735K(24732K), 0.0014428 secs] [Times: user=0.00 sys=0.00, real=0.00 secs] 
34.268: [GC 34.268: [ParNew: 7283K->695K(7616K), 0.0014548 secs] 19255K->12914K(24732K), 0.0015261 secs] [Times: user=0.00 sys=0.00, real=0.01 secs] 
34.275: [GC 34.275: [ParNew: 7171K->863K(7616K), 0.0021218 secs] 19390K->13297K(24732K), 0.0022317 secs] [Times: user=0.00 sys=0.00, real=0.00 secs] 
34.282: [GC 34.282: [ParNew: 7363K->460K(7616K), 0.0011611 secs] 19796K->13268K(24732K), 0.0012255 secs] [Times: user=0.00 sys=0.00, real=0.00 secs] 
34.289: [GC 34.289: [ParNew: 6953K->579K(7616K), 0.0012842 secs] 19761K->13387K(24732K), 0.0013565 secs] [Times: user=0.00 sys=0.00, real=0.00 secs] 
34.294: [GC 34.294: [ParNew: 7101K->331K(7616K), 0.0031060 secs] 19909K->13338K(24732K), 0.0031929 secs] [Times: user=0.01 sys=0.01, real=0.00 secs] 
34.302: [GC 34.302: [ParNew: 6856K->528K(7616K), 0.0010230 secs] 19863K->13535K(24732K), 0.0010941 secs] [Times: user=0.00 sys=0.00, real=0.00 secs] 
34.307: [GC 34.307: [ParNew: 7053K->473K(7616K), 0.0009118 secs] 20060K->13479K(24732K), 0.0009679 secs] [Times: user=0.00 sys=0.00, real=0.01 secs] 
34.312: [GC 34.312: [ParNew: 6956K->612K(7616K), 0.0010174 secs] 19963K->13619K(24732K), 0.0010910 secs] [Times: user=0.00 sys=0.00, real=0.00 secs] 
34.317: [GC 34.317: [ParNew: 7131K->325K(7616K), 0.0014793 secs] 20138K->13425K(24732K), 0.0015624 secs] [Times: user=0.00 sys=0.00, real=0.01 secs] 
34.323: [GC 34.323: [ParNew: 6836K->792K(7616K), 0.0011313 secs] 19936K->13892K(24732K), 0.0011952 secs] [Times: user=0.00 sys=0.00, real=0.00 secs] 
34.328: [GC 34.328: [ParNew: 7320K->116K(7616K), 0.0013400 secs] 20420K->13875K(24732K), 0.0014064 secs] [Times: user=0.01 sys=0.00, real=0.00 secs] 
34.333: [GC 34.334: [ParNew: 6597K->378K(7616K), 0.0008910 secs] 20356K->14137K(24732K), 0.0009450 secs] [Times: user=0.01 sys=0.00, real=0.00 secs] 
34.338: [GC 34.338: [ParNew: 6849K->519K(7616K), 0.0013782 secs] 20608K->14278K(24732K), 0.0014561 secs] [Times: user=0.00 sys=0.00, real=0.00 secs] 
34.344: [GC 34.344: [ParNew: 7030K->1055K(7616K), 0.0018013 secs] 20789K->14957K(24732K), 0.0018762 secs] [Times: user=0.00 sys=0.00, real=0.00 secs] 
34.351: [GC 34.351: [ParNew: 7575K->369K(7616K), 0.0014275 secs] 21477K->14973K(24732K), 0.0015174 secs] [Times: user=0.00 sys=0.00, real=0.00 secs] 
34.358: [GC 34.358: [ParNew: 6895K->408K(7616K), 0.0007326 secs] 21500K->15012K(24732K), 0.0007830 secs] [Times: user=0.00 sys=0.00, real=0.01 secs] 
34.362: [GC 34.362: [ParNew: 6935K->537K(7616K), 0.0009549 secs] 21540K->15142K(24732K), 0.0010224 secs] [Times: user=0.00 sys=0.00, real=0.00 secs] 
34.368: [GC 34.368: [ParNew: 7050K->694K(7616K), 0.0009727 secs] 21654K->15298K(24732K), 0.0010456 secs] [Times: user=0.00 sys=0.00, real=0.00 secs] 
34.374: [GC 34.375: [ParNew: 7184K->641K(7616K), 0.0010048 secs] 21789K->15245K(24732K), 0.0010651 secs] [Times: user=0.01 sys=0.00, real=0.00 secs] 
34.380: [GC 34.380: [ParNew: 7160K->460K(7616K), 0.0009674 secs] 21765K->15206K(24732K), 0.0010227 secs] [Times: user=0.00 sys=0.00, real=0.00 secs] 
34.386: [GC 34.386: [ParNew: 6939K->491K(7616K), 0.0017548 secs] 21685K->15237K(24732K), 0.0018182 secs] [Times: user=0.00 sys=0.01, real=0.00 secs] 
34.395: [GC 34.395: [ParNew: 6995K->542K(7616K), 0.0010554 secs] 21741K->15288K(24732K), 0.0011156 secs] [Times: user=0.00 sys=0.00, real=0.00 secs] 
34.402: [GC 34.402: [ParNew: 7068K->490K(7616K), 0.0013450 secs] 21815K->15237K(24732K), 0.0014181 secs] [Times: user=0.00 sys=0.00, real=0.00 secs] 
34.408: [GC 34.408: [ParNew: 6993K->975K(7616K), 0.0014332 secs] 21739K->15721K(24732K), 0.0015211 secs] [Times: user=0.00 sys=0.00, real=0.00 secs] 
34.415: [GC 34.416: [ParNew: 7490K->841K(7616K), 0.0018146 secs] 22237K->16332K(24732K), 0.0018870 secs] [Times: user=0.01 sys=0.00, real=0.00 secs] 
34.423: [GC 34.423: [ParNew: 7342K->488K(7616K), 0.0014886 secs] 22833K->16674K(24732K), 0.0015604 secs] [Times: user=0.01 sys=0.00, real=0.00 secs] 
34.430: [GC 34.430: [ParNew: 7010K->729K(7616K), 0.0010846 secs] 23196K->16915K(24732K), 0.0011492 secs] [Times: user=0.01 sys=0.00, real=0.00 secs] 
34.435: [GC 34.435: [ParNew: 7231K->504K(7616K), 0.0014704 secs] 23417K->17100K(24732K), 0.0015410 secs] [Times: user=0.00 sys=0.00, real=0.00 secs] 
34.441: [GC 34.441: [ParNew: 7004K->1002K(7616K), 0.0014260 secs] 23601K->17599K(24732K), 0.0014973 secs] [Times: user=0.00 sys=0.00, real=0.00 secs] 
34.448: [GC 34.448: [ParNew: 7482K->361K(7616K), 0.0018441 secs]34.450: [Tenured: 17407K->8694K(17500K), 0.0705522 secs] 24079K->8694K(25116K), [Perm : 10706K->10706K(21248K)], 0.0727941 secs] [Times: user=0.07 sys=0.00, real=0.08 secs] 
34.525: [GC 34.525: [ParNew: 6476K->766K(7616K), 0.0011162 secs] 15171K->9461K(24732K), 0.0011849 secs] [Times: user=0.00 sys=0.00, real=0.00 secs] 
34.531: [GC 34.531: [ParNew: 7242K->169K(7616K), 0.0010794 secs] 15937K->9505K(24732K), 0.0011616 secs] [Times: user=0.00 sys=0.00, real=0.00 secs] 
34.538: [GC 34.538: [ParNew: 6689K->387K(7616K), 0.0012806 secs] 16026K->9723K(24732K), 0.0013578 secs] [Times: user=0.00 sys=0.00, real=0.01 secs] 
34.543: [GC 34.543: [ParNew: 6886K->633K(7616K), 0.0015721 secs] 16223K->9970K(24732K), 0.0016425 secs] [Times: user=0.01 sys=0.00, real=0.00 secs] 
34.550: [GC 34.550: [ParNew: 7123K->450K(7616K), 0.0012856 secs] 16459K->9891K(24732K), 0.0013480 secs] [Times: user=0.00 sys=0.00, real=0.00 secs] 
34.556: [GC 34.556: [ParNew: 6978K->675K(7616K), 0.0010155 secs] 16419K->10116K(24732K), 0.0010885 secs] [Times: user=0.00 sys=0.00, real=0.00 secs] 
34.561: [GC 34.561: [ParNew: 7140K->430K(7616K), 0.0011812 secs] 16581K->10015K(24732K), 0.0012469 secs] [Times: user=0.00 sys=0.00, real=0.00 secs] 
34.567: [GC 34.567: [ParNew: 6914K->898K(7616K), 0.0012132 secs] 16498K->10483K(24732K), 0.0012792 secs] [Times: user=0.00 sys=0.00, real=0.00 secs] 
34.572: [GC 34.572: [ParNew: 7422K->374K(7616K), 0.0011935 secs] 17007K->10404K(24732K), 0.0012634 secs] [Times: user=0.01 sys=0.00, real=0.00 secs] 
34.577: [GC 34.577: [ParNew: 6902K->456K(7616K), 0.0011812 secs] 16932K->10486K(24732K), 0.0012542 secs] [Times: user=0.01 sys=0.00, real=0.01 secs] 
34.584: [GC 34.584: [ParNew: 6960K->317K(7616K), 0.0007328 secs] 16990K->10346K(24732K), 0.0007963 secs] [Times: user=0.00 sys=0.00, real=0.00 secs] 
34.590: [GC 34.590: [ParNew: 6807K->671K(7616K), 0.0008573 secs] 16836K->10701K(24732K), 0.0009369 secs] [Times: user=0.00 sys=0.00, real=0.00 secs] 
34.596: [GC 34.596: [ParNew: 7152K->272K(7616K), 0.0014112 secs] 17182K->10664K(24732K), 0.0014878 secs] [Times: user=0.00 sys=0.00, real=0.00 secs] 
34.605: [GC 34.605: [ParNew: 6767K->319K(7616K), 0.0007654 secs] 17160K->10712K(24732K), 0.0008256 secs] [Times: user=0.00 sys=0.00, real=0.00 secs] 
34.611: [GC 34.612: [ParNew: 6802K->845K(7616K), 0.0011201 secs] 17194K->11237K(24732K), 0.0011891 secs] [Times: user=0.01 sys=0.00, real=0.00 secs] 
34.618: [GC 34.619: [ParNew: 7372K->317K(7616K), 0.0013649 secs] 17764K->11280K(24732K), 0.0014603 secs] [Times: user=0.00 sys=0.00, real=0.00 secs] 
34.625: [GC 34.625: [ParNew: 6845K->298K(7616K), 0.0006845 secs] 17807K->11261K(24732K), 0.0007368 secs] [Times: user=0.00 sys=0.01, real=0.00 secs] 
34.631: [GC 34.631: [ParNew: 6736K->691K(7616K), 0.0010606 secs] 17699K->11654K(24732K), 0.0011405 secs] [Times: user=0.00 sys=0.00, real=0.00 secs] 
34.638: [GC 34.638: [ParNew: 7177K->698K(7616K), 0.0016271 secs] 18140K->11888K(24732K), 0.0017031 secs] [Times: user=0.00 sys=0.00, real=0.01 secs] 
34.643: [GC 34.643: [ParNew: 7203K->350K(7616K), 0.0011603 secs] 18393K->11894K(24732K), 0.0012387 secs] [Times: user=0.00 sys=0.00, real=0.00 secs] 
34.649: [GC 34.649: [ParNew: 6853K->750K(7616K), 0.0009893 secs] 18396K->12294K(24732K), 0.0010983 secs] [Times: user=0.01 sys=0.00, real=0.00 secs] 
34.654: [GC 34.654: [ParNew: 7268K->300K(7616K), 0.0012435 secs] 18812K->12352K(24732K), 0.0013074 secs] [Times: user=0.01 sys=0.00, real=0.00 secs] 
34.659: [GC 34.659: [ParNew: 6813K->171K(7616K), 0.0006673 secs] 18865K->12223K(24732K), 0.0007124 secs] [Times: user=0.00 sys=0.00, real=0.00 secs] 
34.664: [GC 34.664: [ParNew: 6657K->372K(7616K), 0.0008751 secs] 18709K->12424K(24732K), 0.0009265 secs] [Times: user=0.00 sys=0.00, real=0.00 secs] 
34.670: [GC 34.670: [ParNew: 6830K->725K(7616K), 0.0010323 secs] 18882K->12778K(24732K), 0.0011155 secs] [Times: user=0.00 sys=0.00, real=0.00 secs] 
34.675: [GC 34.675: [ParNew: 7218K->283K(7616K), 0.0011539 secs] 19270K->12630K(24732K), 0.0012180 secs] [Times: user=0.00 sys=0.00, real=0.00 secs] 
34.681: [GC 34.681: [ParNew: 6787K->1003K(7616K), 0.0012946 secs] 19134K->13350K(24732K), 0.0013660 secs] [Times: user=0.00 sys=0.00, real=0.00 secs] 
34.687: [GC 34.687: [ParNew: 7471K->159K(7616K), 0.0016485 secs] 19818K->13198K(24732K), 0.0017223 secs] [Times: user=0.01 sys=0.00, real=0.01 secs] 
34.693: [GC 34.693: [ParNew: 6656K->824K(7616K), 0.0010472 secs] 19695K->13863K(24732K), 0.0011119 secs] [Times: user=0.00 sys=0.00, real=0.00 secs] 
34.701: [GC 34.701: [ParNew: 7332K->280K(7616K), 0.0012648 secs] 20371K->13572K(24732K), 0.0013533 secs] [Times: user=0.00 sys=0.00, real=0.00 secs] 
34.707: [GC 34.707: [ParNew: 6783K->355K(7616K), 0.0010557 secs] 20075K->13647K(24732K), 0.0011271 secs] [Times: user=0.00 sys=0.00, real=0.01 secs] 
34.712: [GC 34.713: [ParNew: 6863K->979K(7616K), 0.0012959 secs] 20156K->14271K(24732K), 0.0013663 secs] [Times: user=0.00 sys=0.00, real=0.00 secs] 
34.719: [GC 34.719: [ParNew: 7410K->454K(7616K), 0.0016307 secs] 20702K->14644K(24732K), 0.0017053 secs] [Times: user=0.00 sys=0.00, real=0.00 secs] 
34.724: [GC 34.724: [ParNew: 6949K->843K(7616K), 0.0013263 secs] 21139K->15032K(24732K), 0.0014084 secs] [Times: user=0.00 sys=0.00, real=0.00 secs] 
34.735: [GC 34.735: [ParNew: 7350K->545K(7616K), 0.0015365 secs] 21540K->15014K(24732K), 0.0016095 secs] [Times: user=0.00 sys=0.00, real=0.00 secs] 
34.742: [GC 34.742: [ParNew: 6967K->714K(7616K), 0.0011446 secs] 21436K->15184K(24732K), 0.0012127 secs] [Times: user=0.01 sys=0.00, real=0.00 secs] 
34.751: [GC 34.751: [ParNew: 7223K->556K(7616K), 0.0012736 secs] 21692K->15334K(24732K), 0.0013579 secs] [Times: user=0.01 sys=0.00, real=0.00 secs] 
34.757: [GC 34.758: [ParNew: 7030K->393K(7616K), 0.0009455 secs] 21808K->15352K(24732K), 0.0010068 secs] [Times: user=0.00 sys=0.00, real=0.01 secs] 
34.764: [GC 34.764: [ParNew: 6912K->340K(7616K), 0.0008105 secs] 21872K->15300K(24732K), 0.0008586 secs] [Times: user=0.00 sys=0.00, real=0.00 secs] 
34.768: [GC 34.768: [ParNew: 6843K->362K(7616K), 0.0009725 secs] 21803K->15322K(24732K), 0.0010354 secs] [Times: user=0.01 sys=0.00, real=0.00 secs] 
34.775: [GC 34.775: [ParNew: 6887K->941K(7616K), 0.0012740 secs] 21847K->15901K(24732K), 0.0013380 secs] [Times: user=0.01 sys=0.00, real=0.00 secs] 
34.782: [GC 34.782: [ParNew: 7433K->167K(7616K), 0.0016860 secs] 22393K->15848K(24732K), 0.0017823 secs] [Times: user=0.00 sys=0.00, real=0.00 secs] 
34.789: [GC 34.789: [ParNew: 6687K->554K(7616K), 0.0008243 secs] 22368K->16235K(24732K), 0.0008768 secs] [Times: user=0.00 sys=0.00, real=0.00 secs] 
34.795: [GC 34.795: [ParNew: 7071K->741K(7616K), 0.0012566 secs] 22752K->16505K(24732K), 0.0013197 secs] [Times: user=0.00 sys=0.00, real=0.00 secs] 
34.801: [GC 34.801: [ParNew: 7122K->785K(7616K), 0.0015208 secs] 22885K->16722K(24732K), 0.0016246 secs] [Times: user=0.00 sys=0.00, real=0.00 secs] 
34.807: [GC 34.807: [ParNew: 7311K->316K(7616K), 0.0018082 secs] 23248K->16811K(24732K), 0.0018934 secs] [Times: user=0.00 sys=0.00, real=0.01 secs] 
34.813: [GC 34.813: [ParNew: 6829K->457K(7616K), 0.0009885 secs] 23324K->16952K(24732K), 0.0010485 secs] [Times: user=0.00 sys=0.00, real=0.00 secs] 
34.818: [GC 34.818: [ParNew: 6955K->645K(7616K), 0.0015051 secs] 23450K->17140K(24732K), 0.0015841 secs] [Times: user=0.01 sys=0.01, real=0.01 secs] 
34.824: [GC 34.824: [ParNew: 7169K->822K(7616K), 0.0014691 secs] 23664K->17391K(24732K), 0.0015569 secs] [Times: user=0.00 sys=0.00, real=0.00 secs] 
34.829: [GC 34.829: [ParNew: 7299K->616K(7616K), 0.0012982 secs] 23869K->17476K(24732K), 0.0013727 secs] [Times: user=0.00 sys=0.00, real=0.00 secs] 
34.834: [GC 34.835: [ParNew: 7141K->1056K(7616K), 0.0018572 secs]34.836: [Tenured: 17265K->8897K(17308K), 0.0718045 secs] 24001K->8897K(24924K), [Perm : 10706K->10706K(21248K)], 0.0739619 secs] [Times: user=0.07 sys=0.00, real=0.08 secs] 
34.915: [GC 34.915: [ParNew: 6490K->653K(7616K), 0.0008331 secs] 15387K->9550K(24732K), 0.0009061 secs] [Times: user=0.00 sys=0.00, real=0.00 secs] 
34.923: [GC 34.924: [ParNew: 7181K->439K(7616K), 0.0019987 secs] 16078K->9906K(24732K), 0.0021022 secs] [Times: user=0.00 sys=0.00, real=0.00 secs] 
34.930: [GC 34.930: [ParNew: 6934K->703K(7616K), 0.0012297 secs] 16400K->10169K(24732K), 0.0013088 secs] [Times: user=0.00 sys=0.00, real=0.00 secs] 
34.936: [GC 34.937: [ParNew: 7228K->700K(7616K), 0.0018948 secs] 16695K->10569K(24732K), 0.0019668 secs] [Times: user=0.00 sys=0.00, real=0.01 secs] 
34.943: [GC 34.943: [ParNew: 7156K->385K(7616K), 0.0011439 secs] 17025K->10725K(24732K), 0.0012126 secs] [Times: user=0.00 sys=0.00, real=0.00 secs] 
34.952: [GC 34.952: [ParNew: 6913K->794K(7616K), 0.0009985 secs] 17252K->11134K(24732K), 0.0010551 secs] [Times: user=0.00 sys=0.00, real=0.00 secs] 
34.957: [GC 34.957: [ParNew: 7322K->425K(7616K), 0.0011811 secs] 17662K->11077K(24732K), 0.0012446 secs] [Times: user=0.00 sys=0.00, real=0.01 secs] 
34.964: [GC 34.964: [ParNew: 6933K->1022K(7616K), 0.0027934 secs] 17585K->11758K(24732K), 0.0028774 secs] [Times: user=0.00 sys=0.00, real=0.00 secs] 
34.971: [GC 34.971: [ParNew: 7537K->552K(7616K), 0.0017601 secs] 18274K->11989K(24732K), 0.0018373 secs] [Times: user=0.00 sys=0.00, real=0.00 secs] 
34.977: [GC 34.977: [ParNew: 7057K->154K(7616K), 0.0008577 secs] 18494K->11770K(24732K), 0.0009437 secs] [Times: user=0.00 sys=0.01, real=0.01 secs] 
34.988: [GC 34.988: [ParNew: 6588K->481K(7616K), 0.0008806 secs] 18204K->12097K(24732K), 0.0009547 secs] [Times: user=0.00 sys=0.00, real=0.01 secs] 
34.993: [GC 34.993: [ParNew: 7009K->428K(7616K), 0.0008771 secs] 18625K->12044K(24732K), 0.0009607 secs] [Times: user=0.00 sys=0.00, real=0.00 secs] 
35.002: [GC 35.002: [ParNew: 6956K->689K(7616K), 0.0018888 secs] 18572K->12305K(24732K), 0.0020293 secs] [Times: user=0.00 sys=0.00, real=0.00 secs] 
35.010: [GC 35.010: [ParNew: 7166K->597K(7616K), 0.0012895 secs] 18782K->12559K(24732K), 0.0013889 secs] [Times: user=0.00 sys=0.00, real=0.00 secs] 
35.015: [GC 35.015: [ParNew: 7122K->412K(7616K), 0.0012855 secs] 19084K->12498K(24732K), 0.0013629 secs] [Times: user=0.00 sys=0.00, real=0.00 secs] 
35.021: [GC 35.021: [ParNew: 6884K->337K(7616K), 0.0010989 secs] 18971K->12423K(24732K), 0.0011647 secs] [Times: user=0.01 sys=0.00, real=0.00 secs] 
35.028: [GC 35.028: [ParNew: 6855K->345K(7616K), 0.0013458 secs] 18941K->12431K(24732K), 0.0014109 secs] [Times: user=0.01 sys=0.00, real=0.01 secs] 
35.034: [GC 35.034: [ParNew: 6870K->727K(7616K), 0.0010691 secs] 18956K->12813K(24732K), 0.0011405 secs] [Times: user=0.01 sys=0.00, real=0.00 secs] 
35.040: [GC 35.040: [ParNew: 7255K->509K(7616K), 0.0013236 secs] 19341K->12792K(24732K), 0.0013864 secs] [Times: user=0.01 sys=0.00, real=0.00 secs] 
35.047: [GC 35.047: [ParNew: 7005K->524K(7616K), 0.0010044 secs] 19287K->12806K(24732K), 0.0010618 secs] [Times: user=0.01 sys=0.00, real=0.00 secs] 
35.052: [GC 35.052: [ParNew: 7012K->675K(7616K), 0.0013872 secs] 19294K->12957K(24732K), 0.0014558 secs] [Times: user=0.00 sys=0.00, real=0.00 secs] 
35.057: [GC 35.057: [ParNew: 7173K->378K(7616K), 0.0012047 secs] 19455K->13003K(24732K), 0.0012645 secs] [Times: user=0.00 sys=0.00, real=0.01 secs] 
35.062: [GC 35.062: [ParNew: 6816K->389K(7616K), 0.0008921 secs] 19441K->13014K(24732K), 0.0009458 secs] [Times: user=0.00 sys=0.00, real=0.00 secs] 
35.069: [GC 35.069: [ParNew: 6877K->508K(7616K), 0.0010048 secs] 19502K->13133K(24732K), 0.0010871 secs] [Times: user=0.00 sys=0.00, real=0.00 secs] 
35.075: [GC 35.075: [ParNew: 6974K->1041K(7616K), 0.0015361 secs] 19599K->13666K(24732K), 0.0016083 secs] [Times: user=0.00 sys=0.01, real=0.00 secs] 
35.081: [GC 35.081: [ParNew: 7568K->196K(7616K), 0.0016401 secs] 20193K->13587K(24732K), 0.0017238 secs] [Times: user=0.00 sys=0.00, real=0.00 secs] 
35.088: [GC 35.088: [ParNew: 6719K->372K(7616K), 0.0008692 secs] 20111K->13763K(24732K), 0.0009292 secs] [Times: user=0.00 sys=0.00, real=0.01 secs] 
35.093: [GC 35.093: [ParNew: 6883K->512K(7616K), 0.0009007 secs] 20274K->13903K(24732K), 0.0009543 secs] [Times: user=0.00 sys=0.00, real=0.00 secs] 
35.099: [GC 35.099: [ParNew: 6988K->578K(7616K), 0.0009805 secs] 20379K->13969K(24732K), 0.0010408 secs] [Times: user=0.01 sys=0.00, real=0.00 secs] 
35.105: [GC 35.105: [ParNew: 7099K->275K(7616K), 0.0013359 secs] 20490K->13938K(24732K), 0.0014106 secs] [Times: user=0.01 sys=0.00, real=0.00 secs] 
35.110: [GC 35.110: [ParNew: 6781K->354K(7616K), 0.0011659 secs] 20444K->14017K(24732K), 0.0012283 secs] [Times: user=0.00 sys=0.00, real=0.00 secs] 
35.115: [GC 35.115: [ParNew: 6877K->639K(7616K), 0.0013054 secs] 20541K->14302K(24732K), 0.0014482 secs] [Times: user=0.00 sys=0.00, real=0.00 secs] 
35.121: [GC 35.121: [ParNew: 7157K->652K(7616K), 0.0016242 secs] 20820K->14323K(24732K), 0.0017085 secs] [Times: user=0.00 sys=0.00, real=0.00 secs] 
35.126: [GC 35.126: [ParNew: 7173K->406K(7616K), 0.0011381 secs] 20844K->14200K(24732K), 0.0012024 secs] [Times: user=0.00 sys=0.00, real=0.00 secs] 
35.131: [GC 35.131: [ParNew: 6894K->591K(7616K), 0.0010950 secs] 20688K->14384K(24732K), 0.0011670 secs] [Times: user=0.00 sys=0.00, real=0.00 secs] 
35.137: [GC 35.137: [ParNew: 7090K->363K(7616K), 0.0011217 secs] 20883K->14239K(24732K), 0.0011875 secs] [Times: user=0.01 sys=0.00, real=0.01 secs] 
35.142: [GC 35.142: [ParNew: 6874K->591K(7616K), 0.0010707 secs] 20750K->14466K(24732K), 0.0011352 secs] [Times: user=0.00 sys=0.00, real=0.00 secs] 
35.148: [GC 35.148: [ParNew: 7118K->303K(7616K), 0.0011323 secs] 20994K->14432K(24732K), 0.0012219 secs] [Times: user=0.00 sys=0.00, real=0.01 secs] 
35.156: [GC 35.156: [ParNew: 6807K->445K(7616K), 0.0026258 secs] 20937K->14574K(24732K), 0.0027253 secs] [Times: user=0.00 sys=0.00, real=0.01 secs] 
35.163: [GC 35.163: [ParNew: 6954K->744K(7616K), 0.0010982 secs] 21083K->14874K(24732K), 0.0011635 secs] [Times: user=0.00 sys=0.00, real=0.00 secs] 
35.169: [GC 35.169: [ParNew: 7246K->599K(7616K), 0.0011365 secs] 21375K->14954K(24732K), 0.0012104 secs] [Times: user=0.00 sys=0.01, real=0.00 secs] 
35.178: [GC 35.178: [ParNew: 7055K->429K(7616K), 0.0009843 secs] 21410K->14845K(24732K), 0.0010788 secs] [Times: user=0.01 sys=0.00, real=0.01 secs] 
35.183: [GC 35.184: [ParNew: 6949K->283K(7616K), 0.0007688 secs] 21366K->14699K(24732K), 0.0008189 secs] [Times: user=0.00 sys=0.00, real=0.00 secs] 
35.189: [GC 35.189: [ParNew: 6776K->419K(7616K), 0.0009788 secs] 21193K->14836K(24732K), 0.0011224 secs] [Times: user=0.00 sys=0.00, real=0.00 secs] 
35.194: [GC 35.194: [ParNew: 6922K->292K(7616K), 0.0008174 secs] 21339K->14708K(24732K), 0.0008684 secs] [Times: user=0.00 sys=0.00, real=0.00 secs] 
35.199: [GC 35.199: [ParNew: 6792K->600K(7616K), 0.0010083 secs] 21209K->15016K(24732K), 0.0010812 secs] [Times: user=0.00 sys=0.00, real=0.00 secs] 
35.206: [GC 35.206: [ParNew: 7128K->347K(7616K), 0.0014596 secs] 21544K->14889K(24732K), 0.0015323 secs] [Times: user=0.00 sys=0.00, real=0.00 secs] 
35.212: [GC 35.212: [ParNew: 6825K->788K(7616K), 0.0012617 secs] 21367K->15330K(24732K), 0.0013299 secs] [Times: user=0.01 sys=0.00, real=0.00 secs] 
35.217: [GC 35.217: [ParNew: 7213K->582K(7616K), 0.0014450 secs] 21755K->15385K(24732K), 0.0015231 secs] [Times: user=0.00 sys=0.00, real=0.01 secs] 
35.222: [GC 35.223: [ParNew: 7100K->237K(7616K), 0.0013971 secs] 21903K->15407K(24732K), 0.0014775 secs] [Times: user=0.00 sys=0.00, real=0.00 secs] 
35.228: [GC 35.228: [ParNew: 6753K->409K(7616K), 0.0009769 secs] 21923K->15580K(24732K), 0.0010300 secs] [Times: user=0.00 sys=0.00, real=0.01 secs] 
35.234: [GC 35.234: [ParNew: 6909K->668K(7616K), 0.0011416 secs] 22080K->15838K(24732K), 0.0012221 secs] [Times: user=0.00 sys=0.00, real=0.00 secs] 
35.240: [GC 35.241: [ParNew: 7149K->582K(7616K), 0.0012128 secs] 22320K->15898K(24732K), 0.0012748 secs] [Times: user=0.00 sys=0.00, real=0.00 secs] 
35.247: [GC 35.247: [ParNew: 7075K->446K(7616K), 0.0009453 secs] 22391K->15874K(24732K), 0.0010019 secs] [Times: user=0.00 sys=0.00, real=0.00 secs] 
35.252: [GC 35.252: [ParNew: 6951K->753K(7616K), 0.0011191 secs] 22378K->16181K(24732K), 0.0011805 secs] [Times: user=0.00 sys=0.00, real=0.00 secs] 
35.259: [GC 35.259: [ParNew: 7280K->504K(7616K), 0.0012023 secs] 22708K->16158K(24732K), 0.0012873 secs] [Times: user=0.00 sys=0.00, real=0.00 secs] 
35.266: [GC 35.266: [ParNew: 7010K->461K(7616K), 0.0009750 secs] 22663K->16114K(24732K), 0.0010466 secs] [Times: user=0.01 sys=0.00, real=0.00 secs] 
35.271: [GC 35.271: [ParNew: 6973K->757K(7616K), 0.0012699 secs] 22626K->16410K(24732K), 0.0013643 secs] [Times: user=0.00 sys=0.00, real=0.00 secs] 
35.276: [GC 35.276: [ParNew: 7260K->726K(7616K), 0.0013261 secs] 22913K->16591K(24732K), 0.0014003 secs] [Times: user=0.00 sys=0.00, real=0.00 secs] 
35.282: [GC 35.282: [ParNew: 7217K->540K(7616K), 0.0012438 secs] 23082K->16659K(24732K), 0.0013125 secs] [Times: user=0.00 sys=0.00, real=0.00 secs] 
35.288: [GC 35.288: [ParNew: 7037K->861K(7616K), 0.0011036 secs] 23155K->16980K(24732K), 0.0011699 secs] [Times: user=0.00 sys=0.00, real=0.00 secs] 
35.293: [GC 35.293: [ParNew: 7379K->661K(7616K), 0.0014516 secs] 23498K->17026K(24732K), 0.0015312 secs] [Times: user=0.00 sys=0.00, real=0.00 secs] 
35.299: [GC 35.299: [ParNew: 7184K->735K(7616K), 0.0012698 secs] 23549K->17233K(24732K), 0.0013368 secs] [Times: user=0.00 sys=0.00, real=0.00 secs] 
35.304: [GC 35.304: [ParNew: 7226K->847K(7616K), 0.0013827 secs] 23724K->17477K(24732K), 0.0014637 secs] [Times: user=0.00 sys=0.00, real=0.00 secs] 
35.310: [GC 35.310: [ParNew: 7352K->346K(7616K), 0.0014471 secs] 23982K->17368K(24732K), 0.0015302 secs] [Times: user=0.00 sys=0.00, real=0.00 secs] 
35.315: [GC 35.315: [ParNew: 6858K->828K(7616K), 0.0013733 secs] 23879K->17849K(24732K), 0.0014630 secs] [Times: user=0.01 sys=0.00, real=0.00 secs] 
35.321: [GC 35.321: [ParNew: 7330K->678K(7616K), 0.0015975 secs]35.323: [Tenured: 17320K->8583K(17500K), 0.0704583 secs] 24351K->8583K(25116K), [Perm : 10706K->10706K(21248K)], 0.0724122 secs] [Times: user=0.07 sys=0.00, real=0.07 secs] 
35.399: [GC 35.399: [ParNew: 6512K->607K(7616K), 0.0009015 secs] 15095K->9190K(24732K), 0.0009761 secs] [Times: user=0.00 sys=0.00, real=0.00 secs] 
35.404: [GC 35.404: [ParNew: 7131K->275K(7616K), 0.0009099 secs] 15714K->9141K(24732K), 0.0009658 secs] [Times: user=0.00 sys=0.00, real=0.00 secs] 
35.409: [GC 35.409: [ParNew: 6778K->564K(7616K), 0.0009982 secs] 15644K->9430K(24732K), 0.0010563 secs] [Times: user=0.00 sys=0.00, real=0.00 secs] 
35.415: [GC 35.415: [ParNew: 7040K->736K(7616K), 0.0015992 secs] 15906K->9832K(24732K), 0.0016983 secs] [Times: user=0.01 sys=0.00, real=0.00 secs] 
35.422: [GC 35.422: [ParNew: 7262K->790K(7616K), 0.0013686 secs] 16358K->10146K(24732K), 0.0014519 secs] [Times: user=0.01 sys=0.00, real=0.00 secs] 
35.427: [GC 35.427: [ParNew: 7311K->565K(7616K), 0.0012420 secs] 16666K->10101K(24732K), 0.0013055 secs] [Times: user=0.00 sys=0.00, real=0.01 secs] 
35.432: [GC 35.433: [ParNew: 7076K->383K(7616K), 0.0013053 secs] 16612K->10231K(24732K), 0.0013872 secs] [Times: user=0.00 sys=0.00, real=0.00 secs] 
35.440: [GC 35.440: [ParNew: 6807K->683K(7616K), 0.0011848 secs] 16656K->10532K(24732K), 0.0012414 secs] [Times: user=0.00 sys=0.00, real=0.00 secs] 
35.445: [GC 35.445: [ParNew: 7200K->528K(7616K), 0.0011970 secs] 17048K->10505K(24732K), 0.0012634 secs] [Times: user=0.00 sys=0.00, real=0.00 secs] 
35.450: [GC 35.450: [ParNew: 6989K->613K(7616K), 0.0010389 secs] 16966K->10590K(24732K), 0.0011219 secs] [Times: user=0.00 sys=0.00, real=0.00 secs] 
35.458: [GC 35.458: [ParNew: 7105K->178K(7616K), 0.0013765 secs] 17082K->10317K(24732K), 0.0014399 secs] [Times: user=0.00 sys=0.00, real=0.01 secs] 
35.465: [GC 35.465: [ParNew: 6706K->183K(7616K), 0.0006551 secs] 16845K->10322K(24732K), 0.0007013 secs] [Times: user=0.00 sys=0.00, real=0.00 secs] 
35.469: [GC 35.469: [ParNew: 6693K->658K(7616K), 0.0014737 secs] 16831K->10796K(24732K), 0.0015395 secs] [Times: user=0.01 sys=0.00, real=0.00 secs] 
35.474: [GC 35.475: [ParNew: 7186K->167K(7616K), 0.0009675 secs] 17324K->10716K(24732K), 0.0010278 secs] [Times: user=0.00 sys=0.00, real=0.00 secs] 
35.481: [GC 35.481: [ParNew: 6695K->219K(7616K), 0.0007286 secs] 17244K->10768K(24732K), 0.0007795 secs] [Times: user=0.00 sys=0.00, real=0.00 secs] 
35.485: [GC 35.485: [ParNew: 6699K->579K(7616K), 0.0011671 secs] 17248K->11128K(24732K), 0.0012426 secs] [Times: user=0.00 sys=0.00, real=0.00 secs] 
35.491: [GC 35.491: [ParNew: 7066K->418K(7616K), 0.0014794 secs] 17615K->11101K(24732K), 0.0015452 secs] [Times: user=0.00 sys=0.00, real=0.00 secs] 
35.499: [GC 35.499: [ParNew: 6938K->378K(7616K), 0.0018391 secs] 17621K->11061K(24732K), 0.0019099 secs] [Times: user=0.00 sys=0.00, real=0.00 secs] 
35.507: [GC 35.507: [ParNew: 6885K->541K(7616K), 0.0009746 secs] 17568K->11225K(24732K), 0.0010323 secs] [Times: user=0.00 sys=0.00, real=0.00 secs] 
35.512: [GC 35.512: [ParNew: 7069K->759K(7616K), 0.0012188 secs] 17753K->11443K(24732K), 0.0012881 secs] [Times: user=0.01 sys=0.00, real=0.00 secs] 
35.519: [GC 35.519: [ParNew: 7287K->957K(7616K), 0.0015483 secs] 17971K->11875K(24732K), 0.0016224 secs] [Times: user=0.00 sys=0.00, real=0.00 secs] 
35.525: [GC 35.525: [ParNew: 7442K->1059K(7616K), 0.0021216 secs] 18360K->12719K(24732K), 0.0022080 secs] [Times: user=0.00 sys=0.00, real=0.00 secs] 
35.533: [GC 35.534: [ParNew: 7539K->367K(7616K), 0.0015212 secs] 19200K->12810K(24732K), 0.0016424 secs] [Times: user=0.00 sys=0.00, real=0.00 secs] 
35.541: [GC 35.541: [ParNew: 6845K->445K(7616K), 0.0007729 secs] 19288K->12888K(24732K), 0.0008265 secs] [Times: user=0.00 sys=0.00, real=0.00 secs] 
35.546: [GC 35.546: [ParNew: 6903K->638K(7616K), 0.0010574 secs] 19346K->13080K(24732K), 0.0011280 secs] [Times: user=0.01 sys=0.00, real=0.00 secs] 
35.551: [GC 35.551: [ParNew: 7142K->549K(7616K), 0.0016604 secs] 19584K->13229K(24732K), 0.0017466 secs] [Times: user=0.00 sys=0.00, real=0.00 secs] 
35.556: [GC 35.557: [ParNew: 7075K->465K(7616K), 0.0033577 secs] 19755K->13305K(24732K), 0.0034823 secs] [Times: user=0.00 sys=0.00, real=0.01 secs] 
35.565: [GC 35.565: [ParNew: 6980K->587K(7616K), 0.0011305 secs] 19819K->13426K(24732K), 0.0011958 secs] [Times: user=0.00 sys=0.00, real=0.00 secs] 
35.572: [GC 35.572: [ParNew: 7111K->432K(7616K), 0.0011240 secs] 19950K->13443K(24732K), 0.0011893 secs] [Times: user=0.00 sys=0.00, real=0.00 secs] 
35.579: [GC 35.579: [ParNew: 6956K->624K(7616K), 0.0014867 secs] 19967K->13635K(24732K), 0.0016726 secs] [Times: user=0.00 sys=0.00, real=0.00 secs] 
35.585: [GC 35.585: [ParNew: 7138K->819K(7616K), 0.0019517 secs] 20149K->13997K(24732K), 0.0020195 secs] [Times: user=0.00 sys=0.00, real=0.00 secs] 
35.591: [GC 35.591: [ParNew: 7343K->134K(7616K), 0.0012516 secs] 20522K->13933K(24732K), 0.0013146 secs] [Times: user=0.00 sys=0.00, real=0.00 secs] 
35.597: [GC 35.597: [ParNew: 6648K->390K(7616K), 0.0008661 secs] 20447K->14189K(24732K), 0.0009139 secs] [Times: user=0.00 sys=0.00, real=0.00 secs] 
35.603: [GC 35.603: [ParNew: 6797K->898K(7616K), 0.0012791 secs] 20596K->14697K(24732K), 0.0013442 secs] [Times: user=0.01 sys=0.00, real=0.00 secs] 
35.610: [GC 35.610: [ParNew: 7426K->257K(7616K), 0.0011531 secs] 21225K->14707K(24732K), 0.0012181 secs] [Times: user=0.00 sys=0.00, real=0.00 secs] 
35.615: [GC 35.615: [ParNew: 6772K->407K(7616K), 0.0009388 secs] 21222K->14857K(24732K), 0.0009941 secs] [Times: user=0.01 sys=0.00, real=0.00 secs] 
35.620: [GC 35.620: [ParNew: 6926K->570K(7616K), 0.0015307 secs] 21376K->15020K(24732K), 0.0016076 secs] [Times: user=0.00 sys=0.00, real=0.00 secs] 
35.626: [GC 35.626: [ParNew: 7085K->613K(7616K), 0.0015451 secs] 21535K->15269K(24732K), 0.0016238 secs] [Times: user=0.00 sys=0.00, real=0.00 secs] 
35.633: [GC 35.634: [ParNew: 7104K->1071K(7616K), 0.0017256 secs] 21761K->15890K(24732K), 0.0018419 secs] [Times: user=0.00 sys=0.00, real=0.00 secs] 
35.641: [GC 35.642: [ParNew: 7597K->141K(7616K), 0.0016582 secs] 22417K->15905K(24732K), 0.0017372 secs] [Times: user=0.00 sys=0.00, real=0.00 secs] 
35.649: [GC 35.649: [ParNew: 6630K->768K(7616K), 0.0012734 secs] 22394K->16533K(24732K), 0.0013584 secs] [Times: user=0.00 sys=0.00, real=0.00 secs] 
35.654: [GC 35.654: [ParNew: 7290K->80K(7616K), 0.0013713 secs] 23055K->16522K(24732K), 0.0014468 secs] [Times: user=0.00 sys=0.00, real=0.00 secs] 
35.659: [GC 35.659: [ParNew: 6568K->444K(7616K), 0.0008578 secs] 23010K->16887K(24732K), 0.0009109 secs] [Times: user=0.00 sys=0.00, real=0.00 secs] 
35.665: [GC 35.665: [ParNew: 6943K->645K(7616K), 0.0010894 secs] 23386K->17087K(24732K), 0.0011508 secs] [Times: user=0.00 sys=0.00, real=0.00 secs] 
35.671: [GC 35.671: [ParNew: 7154K->298K(7616K), 0.0012042 secs] 23597K->17104K(24732K), 0.0012680 secs] [Times: user=0.01 sys=0.00, real=0.00 secs] 
35.676: [GC 35.676: [ParNew: 6806K->420K(7616K), 0.0009421 secs] 23612K->17226K(24732K), 0.0009974 secs] [Times: user=0.01 sys=0.00, real=0.00 secs] 
35.681: [GC 35.681: [ParNew: 6947K->642K(7616K), 0.0011938 secs] 23753K->17448K(24732K), 0.0012606 secs] [Times: user=0.00 sys=0.00, real=0.00 secs] 
35.686: [GC 35.686: [ParNew: 7145K->546K(7616K), 0.0016666 secs] 23951K->17509K(24732K), 0.0017314 secs] [Times: user=0.00 sys=0.00, real=0.00 secs] 
35.693: [GC 35.693: [ParNew: 7063K->727K(7616K), 0.0011344 secs] 24026K->17691K(24732K), 0.0012129 secs] [Times: user=0.00 sys=0.00, real=0.00 secs] 
35.699: [GC 35.699: [ParNew: 7215K->575K(7616K), 0.0012483 secs]35.701: [Tenured: 17205K->7578K(17308K), 0.0763077 secs] 24178K->7578K(24924K), [Perm : 10706K->10706K(21248K)], 0.0778154 secs] [Times: user=0.07 sys=0.01, real=0.07 secs] 
35.782: [GC 35.782: [ParNew: 6495K->939K(7616K), 0.0012428 secs] 14073K->8517K(24732K), 0.0013132 secs] [Times: user=0.00 sys=0.00, real=0.00 secs] 
35.789: [GC 35.789: [ParNew: 7406K->638K(7616K), 0.0014628 secs] 14984K->9068K(24732K), 0.0015591 secs] [Times: user=0.00 sys=0.00, real=0.00 secs] 
35.796: [GC 35.796: [ParNew: 7153K->300K(7616K), 0.0011716 secs] 15583K->9296K(24732K), 0.0012361 secs] [Times: user=0.00 sys=0.00, real=0.00 secs] 
35.802: [GC 35.802: [ParNew: 6760K->470K(7616K), 0.0009325 secs] 15756K->9466K(24732K), 0.0009985 secs] [Times: user=0.00 sys=0.00, real=0.00 secs] 
35.808: [GC 35.808: [ParNew: 6969K->530K(7616K), 0.0008443 secs] 15965K->9526K(24732K), 0.0009025 secs] [Times: user=0.00 sys=0.00, real=0.01 secs] 
35.814: [GC 35.814: [ParNew: 7036K->944K(7616K), 0.0014111 secs] 16032K->9940K(24732K), 0.0014953 secs] [Times: user=0.01 sys=0.00, real=0.00 secs] 
35.820: [GC 35.820: [ParNew: 7452K->468K(7616K), 0.0011875 secs] 16448K->9831K(24732K), 0.0012530 secs] [Times: user=0.01 sys=0.00, real=0.00 secs] 
35.826: [GC 35.826: [ParNew: 6991K->394K(7616K), 0.0012657 secs] 16354K->9758K(24732K), 0.0013332 secs] [Times: user=0.00 sys=0.00, real=0.00 secs] 
35.834: [GC 35.834: [ParNew: 6922K->469K(7616K), 0.0008363 secs] 16286K->9832K(24732K), 0.0009059 secs] [Times: user=0.00 sys=0.00, real=0.00 secs] 
35.839: [GC 35.839: [ParNew: 6994K->1023K(7616K), 0.0016129 secs] 16357K->10387K(24732K), 0.0017872 secs] [Times: user=0.00 sys=0.00, real=0.00 secs] 
35.845: [GC 35.845: [ParNew: 7507K->616K(7616K), 0.0031158 secs] 16870K->10740K(24732K), 0.0031948 secs] [Times: user=0.00 sys=0.01, real=0.01 secs] 
35.854: [GC 35.854: [ParNew: 7009K->705K(7616K), 0.0012454 secs] 17134K->11169K(24732K), 0.0013325 secs] [Times: user=0.00 sys=0.00, real=0.00 secs] 
35.861: [GC 35.861: [ParNew: 7161K->437K(7616K), 0.0014001 secs] 17625K->11308K(24732K), 0.0014762 secs] [Times: user=0.00 sys=0.00, real=0.00 secs] 
35.867: [GC 35.867: [ParNew: 6961K->1077K(7616K), 0.0014428 secs] 17832K->12116K(24732K), 0.0015752 secs] [Times: user=0.00 sys=0.00, real=0.01 secs] 
35.874: [GC 35.874: [ParNew: 7605K->441K(7616K), 0.0014860 secs] 18644K->12327K(24732K), 0.0015763 secs] [Times: user=0.00 sys=0.00, real=0.00 secs] 
35.880: [GC 35.880: [ParNew: 6950K->476K(7616K), 0.0009775 secs] 18836K->12362K(24732K), 0.0010338 secs] [Times: user=0.00 sys=0.00, real=0.00 secs] 
35.886: [GC 35.886: [ParNew: 6909K->594K(7616K), 0.0012831 secs] 18794K->12480K(24732K), 0.0013497 secs] [Times: user=0.00 sys=0.00, real=0.00 secs] 
35.893: [GC 35.893: [ParNew: 7059K->519K(7616K), 0.0014120 secs] 18945K->12516K(24732K), 0.0014832 secs] [Times: user=0.01 sys=0.00, real=0.00 secs] 
35.898: [GC 35.898: [ParNew: 7012K->490K(7616K), 0.0010387 secs] 19010K->12488K(24732K), 0.0010955 secs] [Times: user=0.00 sys=0.00, real=0.00 secs] 
35.907: [GC 35.907: [ParNew: 6986K->710K(7616K), 0.0013104 secs] 18983K->12707K(24732K), 0.0013722 secs] [Times: user=0.01 sys=0.00, real=0.01 secs] 
35.913: [GC 35.914: [ParNew: 7215K->655K(7616K), 0.0012810 secs] 19213K->12748K(24732K), 0.0013467 secs] [Times: user=0.00 sys=0.00, real=0.00 secs] 
35.919: [GC 35.919: [ParNew: 7178K->772K(7616K), 0.0015497 secs] 19271K->13159K(24732K), 0.0016277 secs] [Times: user=0.00 sys=0.00, real=0.00 secs] 
35.926: [GC 35.926: [ParNew: 7300K->327K(7616K), 0.0016847 secs] 19687K->13414K(24732K), 0.0017736 secs] [Times: user=0.00 sys=0.00, real=0.00 secs] 
35.931: [GC 35.931: [ParNew: 6851K->401K(7616K), 0.0010956 secs] 19938K->13488K(24732K), 0.0011716 secs] [Times: user=0.00 sys=0.00, real=0.00 secs] 
35.937: [GC 35.937: [ParNew: 6864K->310K(7616K), 0.0009806 secs] 19951K->13397K(24732K), 0.0010449 secs] [Times: user=0.00 sys=0.00, real=0.01 secs] 
35.942: [GC 35.942: [ParNew: 6827K->371K(7616K), 0.0007945 secs] 19914K->13458K(24732K), 0.0008603 secs] [Times: user=0.00 sys=0.00, real=0.00 secs] 
35.947: [GC 35.947: [ParNew: 6887K->782K(7616K), 0.0011259 secs] 19974K->13869K(24732K), 0.0011931 secs] [Times: user=0.01 sys=0.00, real=0.01 secs] 
35.952: [GC 35.952: [ParNew: 7300K->381K(7616K), 0.0012021 secs] 20387K->13784K(24732K), 0.0012789 secs] [Times: user=0.01 sys=0.00, real=0.00 secs] 
35.957: [GC 35.957: [ParNew: 6858K->539K(7616K), 0.0013048 secs] 20261K->13942K(24732K), 0.0013720 secs] [Times: user=0.00 sys=0.00, real=0.01 secs] 
35.963: [GC 35.963: [ParNew: 6996K->973K(7616K), 0.0011925 secs] 20399K->14376K(24732K), 0.0012626 secs] [Times: user=0.00 sys=0.00, real=0.00 secs] 
35.971: [GC 35.971: [ParNew: 7473K->685K(7616K), 0.0014218 secs] 20876K->14392K(24732K), 0.0014964 secs] [Times: user=0.00 sys=0.00, real=0.00 secs] 
35.977: [GC 35.977: [ParNew: 7116K->453K(7616K), 0.0016449 secs] 20823K->14326K(24732K), 0.0017155 secs] [Times: user=0.00 sys=0.00, real=0.01 secs] 
35.984: [GC 35.984: [ParNew: 6981K->245K(7616K), 0.0008715 secs] 20854K->14118K(24732K), 0.0009343 secs] [Times: user=0.00 sys=0.00, real=0.00 secs] 
35.990: [GC 35.990: [ParNew: 6718K->612K(7616K), 0.0009609 secs] 20591K->14485K(24732K), 0.0010196 secs] [Times: user=0.00 sys=0.00, real=0.00 secs] 
35.995: [GC 35.995: [ParNew: 7123K->1058K(7616K), 0.0017171 secs] 20996K->15316K(24732K), 0.0017916 secs] [Times: user=0.01 sys=0.00, real=0.00 secs] 
36.001: [GC 36.001: [ParNew: 7565K->149K(7616K), 0.0015679 secs] 21823K->15207K(24732K), 0.0016930 secs] [Times: user=0.01 sys=0.00, real=0.00 secs] 
36.006: [GC 36.006: [ParNew: 6671K->296K(7616K), 0.0007948 secs] 21729K->15354K(24732K), 0.0008457 secs] [Times: user=0.00 sys=0.00, real=0.00 secs] 
36.012: [GC 36.012: [ParNew: 6821K->806K(7616K), 0.0012262 secs] 21879K->15864K(24732K), 0.0013071 secs] [Times: user=0.00 sys=0.00, real=0.00 secs] 
36.019: [GC 36.019: [ParNew: 7313K->95K(7616K), 0.0010787 secs] 22372K->15662K(24732K), 0.0011595 secs] [Times: user=0.00 sys=0.00, real=0.00 secs] 
36.024: [GC 36.024: [ParNew: 6595K->552K(7616K), 0.0009551 secs] 22162K->16119K(24732K), 0.0010125 secs] [Times: user=0.00 sys=0.00, real=0.00 secs] 
36.029: [GC 36.029: [ParNew: 7069K->329K(7616K), 0.0014254 secs] 22636K->16203K(24732K), 0.0014958 secs] [Times: user=0.00 sys=0.00, real=0.00 secs] 
36.035: [GC 36.035: [ParNew: 6850K->476K(7616K), 0.0012322 secs] 22724K->16350K(24732K), 0.0013099 secs] [Times: user=0.00 sys=0.00, real=0.00 secs] 
36.041: [GC 36.041: [ParNew: 6967K->863K(7616K), 0.0017073 secs] 22840K->16736K(24732K), 0.0017855 secs] [Times: user=0.01 sys=0.00, real=0.00 secs] 
36.047: [GC 36.047: [ParNew: 7380K->552K(7616K), 0.0014880 secs] 23253K->16873K(24732K), 0.0016146 secs] [Times: user=0.00 sys=0.00, real=0.01 secs] 
36.055: [GC 36.055: [ParNew: 7056K->448K(7616K), 0.0012653 secs] 23376K->17160K(24732K), 0.0013456 secs] [Times: user=0.00 sys=0.00, real=0.00 secs] 
36.061: [GC 36.061: [ParNew: 6972K->812K(7616K), 0.0016413 secs] 23684K->17524K(24732K), 0.0017292 secs] [Times: user=0.00 sys=0.00, real=0.00 secs] 
36.067: [GC 36.067: [ParNew: 7338K->1035K(7616K), 0.0016608 secs] 24049K->18018K(24732K), 0.0017449 secs] [Times: user=0.00 sys=0.00, real=0.01 secs] 
36.077: [GC 36.077: [ParNew: 7533K->156K(7616K), 0.0014112 secs]36.078: [Tenured: 17764K->8979K(17884K), 0.0720237 secs] 24516K->8979K(25500K), [Perm : 10706K->10706K(21248K)], 0.0739331 secs] [Times: user=0.07 sys=0.00, real=0.08 secs] 
36.155: [GC 36.155: [ParNew: 6517K->201K(7616K), 0.0009599 secs] 15496K->9181K(24732K), 0.0010112 secs] [Times: user=0.00 sys=0.00, real=0.00 secs] 
36.161: [GC 36.161: [ParNew: 6713K->276K(7616K), 0.0007363 secs] 15693K->9256K(24732K), 0.0007985 secs] [Times: user=0.00 sys=0.00, real=0.00 secs] 
36.167: [GC 36.167: [ParNew: 6756K->482K(7616K), 0.0011731 secs] 15735K->9462K(24732K), 0.0012652 secs] [Times: user=0.00 sys=0.00, real=0.00 secs] 
36.173: [GC 36.173: [ParNew: 7010K->739K(7616K), 0.0011248 secs] 15990K->9718K(24732K), 0.0012238 secs] [Times: user=0.00 sys=0.00, real=0.00 secs] 
36.179: [GC 36.179: [ParNew: 7212K->802K(7616K), 0.0015753 secs] 16192K->9990K(24732K), 0.0016511 secs] [Times: user=0.00 sys=0.00, real=0.00 secs] 
36.185: [GC 36.185: [ParNew: 7314K->351K(7616K), 0.0037693 secs] 16502K->9841K(24732K), 0.0038607 secs] [Times: user=0.00 sys=0.00, real=0.01 secs] 
36.195: [GC 36.195: [ParNew: 6824K->436K(7616K), 0.0014203 secs] 16313K->9925K(24732K), 0.0014942 secs] [Times: user=0.00 sys=0.00, real=0.00 secs] 
36.202: [GC 36.202: [ParNew: 6963K->575K(7616K), 0.0018413 secs] 16452K->10064K(24732K), 0.0019076 secs] [Times: user=0.01 sys=0.00, real=0.00 secs] 
36.210: [GC 36.210: [ParNew: 7031K->768K(7616K), 0.0022350 secs] 16520K->10451K(24732K), 0.0023010 secs] [Times: user=0.00 sys=0.00, real=0.00 secs] 
36.217: [GC 36.217: [ParNew: 7274K->623K(7616K), 0.0012119 secs] 16957K->10621K(24732K), 0.0012814 secs] [Times: user=0.00 sys=0.00, real=0.01 secs] 
36.223: [GC 36.223: [ParNew: 7079K->711K(7616K), 0.0013192 secs] 17078K->11015K(24732K), 0.0013888 secs] [Times: user=0.00 sys=0.00, real=0.00 secs] 
36.229: [GC 36.229: [ParNew: 7174K->321K(7616K), 0.0012553 secs] 17477K->11017K(24732K), 0.0015116 secs] [Times: user=0.00 sys=0.00, real=0.00 secs] 
36.236: [GC 36.236: [ParNew: 6787K->565K(7616K), 0.0011002 secs] 17483K->11261K(24732K), 0.0011659 secs] [Times: user=0.01 sys=0.00, real=0.00 secs] 
36.242: [GC 36.243: [ParNew: 7068K->780K(7616K), 0.0012166 secs] 17764K->11641K(24732K), 0.0014220 secs] [Times: user=0.00 sys=0.00, real=0.00 secs] 
36.248: [GC 36.249: [ParNew: 7292K->169K(7616K), 0.0010564 secs] 18153K->11476K(24732K), 0.0011273 secs] [Times: user=0.00 sys=0.00, real=0.00 secs] 
36.256: [GC 36.256: [ParNew: 6688K->377K(7616K), 0.0010239 secs] 17995K->11684K(24732K), 0.0011135 secs] [Times: user=0.00 sys=0.00, real=0.00 secs] 
36.263: [GC 36.263: [ParNew: 6900K->454K(7616K), 0.0008297 secs] 18207K->11761K(24732K), 0.0008859 secs] [Times: user=0.00 sys=0.00, real=0.00 secs] 
36.268: [GC 36.268: [ParNew: 6966K->470K(7616K), 0.0010304 secs] 18273K->11777K(24732K), 0.0010895 secs] [Times: user=0.00 sys=0.00, real=0.00 secs] 
36.274: [GC 36.274: [ParNew: 6978K->367K(7616K), 0.0009895 secs] 18285K->11674K(24732K), 0.0010461 secs] [Times: user=0.00 sys=0.00, real=0.00 secs] 
36.280: [GC 36.280: [ParNew: 6893K->411K(7616K), 0.0007742 secs] 18200K->11718K(24732K), 0.0008227 secs] [Times: user=0.00 sys=0.00, real=0.00 secs] 
36.285: [GC 36.285: [ParNew: 6937K->449K(7616K), 0.0009556 secs] 18244K->11756K(24732K), 0.0010436 secs] [Times: user=0.01 sys=0.00, real=0.00 secs] 
36.292: [GC 36.292: [ParNew: 6976K->551K(7616K), 0.0019155 secs] 18283K->11858K(24732K), 0.0020051 secs] [Times: user=0.00 sys=0.00, real=0.00 secs] 
36.299: [GC 36.300: [ParNew: 7042K->669K(7616K), 0.0012825 secs] 18349K->11976K(24732K), 0.0013545 secs] [Times: user=0.00 sys=0.00, real=0.00 secs] 
36.305: [GC 36.305: [ParNew: 7168K->467K(7616K), 0.0013643 secs] 18476K->11959K(24732K), 0.0014315 secs] [Times: user=0.00 sys=0.00, real=0.00 secs] 
36.310: [GC 36.310: [ParNew: 6981K->686K(7616K), 0.0012187 secs] 18473K->12178K(24732K), 0.0012873 secs] [Times: user=0.00 sys=0.00, real=0.00 secs] 
36.316: [GC 36.316: [ParNew: 7182K->561K(7616K), 0.0012515 secs] 18674K->12207K(24732K), 0.0013204 secs] [Times: user=0.00 sys=0.00, real=0.00 secs] 
36.321: [GC 36.321: [ParNew: 7070K->529K(7616K), 0.0009763 secs] 18716K->12289K(24732K), 0.0010403 secs] [Times: user=0.01 sys=0.00, real=0.00 secs] 
36.326: [GC 36.326: [ParNew: 7040K->566K(7616K), 0.0010405 secs] 18801K->12327K(24732K), 0.0011030 secs] [Times: user=0.00 sys=0.00, real=0.00 secs] 
36.332: [GC 36.332: [ParNew: 7081K->482K(7616K), 0.0012266 secs] 18841K->12321K(24732K), 0.0013253 secs] [Times: user=0.00 sys=0.00, real=0.00 secs] 
36.338: [GC 36.338: [ParNew: 6984K->962K(7616K), 0.0014314 secs] 18824K->12801K(24732K), 0.0015259 secs] [Times: user=0.00 sys=0.00, real=0.01 secs] 
36.344: [GC 36.344: [ParNew: 7474K->951K(7616K), 0.0020029 secs] 19314K->13234K(24732K), 0.0020793 secs] [Times: user=0.00 sys=0.00, real=0.00 secs] 
36.351: [GC 36.351: [ParNew: 7457K->362K(7616K), 0.0014863 secs] 19741K->13435K(24732K), 0.0015581 secs] [Times: user=0.00 sys=0.00, real=0.00 secs] 
36.357: [GC 36.358: [ParNew: 6812K->691K(7616K), 0.0010303 secs] 19884K->13764K(24732K), 0.0011046 secs] [Times: user=0.00 sys=0.00, real=0.01 secs] 
36.363: [GC 36.363: [ParNew: 7170K->553K(7616K), 0.0012381 secs] 20242K->13985K(24732K), 0.0013530 secs] [Times: user=0.00 sys=0.00, real=0.00 secs] 
36.368: [GC 36.368: [ParNew: 7081K->401K(7616K), 0.0012238 secs] 20513K->14148K(24732K), 0.0012882 secs] [Times: user=0.01 sys=0.00, real=0.00 secs] 
36.374: [GC 36.374: [ParNew: 6904K->297K(7616K), 0.0008271 secs] 20651K->14043K(24732K), 0.0009096 secs] [Times: user=0.00 sys=0.00, real=0.00 secs] 
36.380: [GC 36.380: [ParNew: 6793K->685K(7616K), 0.0010138 secs] 20540K->14432K(24732K), 0.0010878 secs] [Times: user=0.00 sys=0.00, real=0.00 secs] 
36.391: [GC 36.391: [ParNew: 7145K->374K(7616K), 0.0009940 secs] 20892K->14336K(24732K), 0.0010791 secs] [Times: user=0.00 sys=0.00, real=0.00 secs] 
36.397: [GC 36.397: [ParNew: 6881K->437K(7616K), 0.0009202 secs] 20842K->14399K(24732K), 0.0009765 secs] [Times: user=0.00 sys=0.00, real=0.00 secs] 
36.402: [GC 36.402: [ParNew: 6965K->385K(7616K), 0.0010502 secs] 20927K->14347K(24732K), 0.0011123 secs] [Times: user=0.00 sys=0.00, real=0.00 secs] 
36.413: [GC 36.413: [ParNew: 6897K->829K(7616K), 0.0011948 secs] 20858K->14791K(24732K), 0.0012733 secs] [Times: user=0.00 sys=0.00, real=0.00 secs] 
36.419: [GC 36.419: [ParNew: 7337K->627K(7616K), 0.0012923 secs] 21298K->14896K(24732K), 0.0013624 secs] [Times: user=0.00 sys=0.00, real=0.00 secs] 
36.424: [GC 36.424: [ParNew: 7125K->302K(7616K), 0.0010379 secs] 21395K->14839K(24732K), 0.0010974 secs] [Times: user=0.00 sys=0.01, real=0.00 secs] 
36.430: [GC 36.430: [ParNew: 6830K->392K(7616K), 0.0009289 secs] 21367K->14929K(24732K), 0.0010699 secs] [Times: user=0.00 sys=0.00, real=0.00 secs] 
36.435: [GC 36.436: [ParNew: 6903K->424K(7616K), 0.0016821 secs] 21441K->14962K(24732K), 0.0017591 secs] [Times: user=0.00 sys=0.00, real=0.00 secs] 
36.442: [GC 36.442: [ParNew: 6950K->566K(7616K), 0.0009684 secs] 21488K->15104K(24732K), 0.0010408 secs] [Times: user=0.00 sys=0.00, real=0.00 secs] 
36.449: [GC 36.449: [ParNew: 7088K->496K(7616K), 0.0009993 secs] 21626K->15150K(24732K), 0.0010565 secs] [Times: user=0.01 sys=0.00, real=0.00 secs] 
36.454: [GC 36.454: [ParNew: 7018K->436K(7616K), 0.0009493 secs] 21672K->15090K(24732K), 0.0010196 secs] [Times: user=0.00 sys=0.00, real=0.00 secs] 
36.460: [GC 36.460: [ParNew: 6942K->524K(7616K), 0.0008598 secs] 21595K->15178K(24732K), 0.0009347 secs] [Times: user=0.00 sys=0.00, real=0.00 secs] 
36.465: [GC 36.465: [ParNew: 6993K->507K(7616K), 0.0011045 secs] 21647K->15160K(24732K), 0.0012335 secs] [Times: user=0.00 sys=0.00, real=0.00 secs] 
36.470: [GC 36.470: [ParNew: 7015K->646K(7616K), 0.0011289 secs] 21669K->15300K(24732K), 0.0011895 secs] [Times: user=0.00 sys=0.00, real=0.00 secs] 
36.476: [GC 36.476: [ParNew: 7147K->569K(7616K), 0.0011994 secs] 21800K->15400K(24732K), 0.0012637 secs] [Times: user=0.00 sys=0.00, real=0.00 secs] 
36.482: [GC 36.482: [ParNew: 7095K->945K(7616K), 0.0012619 secs] 21925K->15806K(24732K), 0.0013475 secs] [Times: user=0.00 sys=0.00, real=0.00 secs] 
36.489: [GC 36.489: [ParNew: 7425K->799K(7616K), 0.0014804 secs] 22285K->16065K(24732K), 0.0015507 secs] [Times: user=0.01 sys=0.00, real=0.00 secs] 
36.495: [GC 36.495: [ParNew: 7280K->699K(7616K), 0.0012779 secs] 22547K->16167K(24732K), 0.0013494 secs] [Times: user=0.01 sys=0.00, real=0.00 secs] 
36.501: [GC 36.501: [ParNew: 7163K->678K(7616K), 0.0014634 secs] 22631K->16399K(24732K), 0.0015317 secs] [Times: user=0.00 sys=0.00, real=0.00 secs] 
36.506: [GC 36.506: [ParNew: 7149K->504K(7616K), 0.0012713 secs] 22869K->16520K(24732K), 0.0013574 secs] [Times: user=0.00 sys=0.00, real=0.00 secs] 
36.512: [GC 36.512: [ParNew: 7004K->490K(7616K), 0.0009234 secs] 23020K->16507K(24732K), 0.0009865 secs] [Times: user=0.00 sys=0.00, real=0.00 secs] 
36.518: [GC 36.518: [ParNew: 7002K->751K(7616K), 0.0011514 secs] 23019K->16767K(24732K), 0.0012160 secs] [Times: user=0.00 sys=0.00, real=0.00 secs] 
36.528: [GC 36.528: [ParNew: 7249K->530K(7616K), 0.0013037 secs] 23266K->16900K(24732K), 0.0013874 secs] [Times: user=0.00 sys=0.00, real=0.01 secs] 
36.534: [GC 36.534: [ParNew: 7042K->655K(7616K), 0.0012408 secs] 23412K->17025K(24732K), 0.0013148 secs] [Times: user=0.00 sys=0.00, real=0.00 secs] 
36.539: [GC 36.539: [ParNew: 7177K->737K(7616K), 0.0019107 secs] 23547K->17348K(24732K), 0.0020130 secs] [Times: user=0.00 sys=0.00, real=0.00 secs] 
36.546: [GC 36.546: [ParNew: 7265K->452K(7616K), 0.0013845 secs] 23876K->17355K(24732K), 0.0014626 secs] [Times: user=0.00 sys=0.00, real=0.00 secs] 
36.553: [GC 36.553: [ParNew: 6957K->524K(7616K), 0.0009901 secs] 23859K->17426K(24732K), 0.0010626 secs] [Times: user=0.00 sys=0.00, real=0.00 secs] 
36.558: [GC 36.558: [ParNew: 7023K->769K(7616K), 0.0012463 secs] 23925K->17671K(24732K), 0.0013222 secs] [Times: user=0.01 sys=0.00, real=0.00 secs] 
36.565: [GC 36.565: [ParNew: 7289K->598K(7616K), 0.0011700 secs] 24191K->17616K(24732K), 0.0012323 secs] [Times: user=0.00 sys=0.00, real=0.00 secs] 
36.570: [GC 36.570: [ParNew: 7103K->540K(7616K), 0.0011776 secs] 24121K->17628K(24732K), 0.0012440 secs] [Times: user=0.00 sys=0.00, real=0.00 secs] 
36.576: [GC 36.576: [ParNew: 7004K->483K(7616K), 0.0009529 secs] 24092K->17571K(24732K), 0.0010115 secs] [Times: user=0.00 sys=0.00, real=0.00 secs] 
36.580: [GC 36.581: [ParNew: 7000K->639K(7616K), 0.0010920 secs] 24088K->17727K(24732K), 0.0011586 secs] [Times: user=0.00 sys=0.00, real=0.00 secs] 
36.586: [GC 36.586: [ParNew: 7132K->726K(7616K), 0.0014780 secs]36.588: [Tenured: 17207K->8148K(17308K), 0.0711041 secs] 24220K->8148K(24924K), [Perm : 10706K->10706K(21248K)], 0.0728126 secs] [Times: user=0.07 sys=0.00, real=0.08 secs] 
36.663: [GC 36.663: [ParNew: 6525K->150K(7616K), 0.0007056 secs] 14673K->8298K(24732K), 0.0007576 secs] [Times: user=0.00 sys=0.00, real=0.00 secs] 
36.668: [GC 36.668: [ParNew: 6677K->762K(7616K), 0.0010848 secs] 14826K->8911K(24732K), 0.0011796 secs] [Times: user=0.00 sys=0.00, real=0.01 secs] 
36.674: [GC 36.674: [ParNew: 7288K->230K(7616K), 0.0013312 secs] 15436K->9032K(24732K), 0.0014044 secs] [Times: user=0.00 sys=0.00, real=0.00 secs] 
36.679: [GC 36.679: [ParNew: 6750K->437K(7616K), 0.0007430 secs] 15552K->9239K(24732K), 0.0007940 secs] [Times: user=0.00 sys=0.00, real=0.00 secs] 
36.684: [GC 36.684: [ParNew: 6930K->393K(7616K), 0.0009702 secs] 15732K->9195K(24732K), 0.0010292 secs] [Times: user=0.00 sys=0.00, real=0.00 secs] 
36.690: [GC 36.690: [ParNew: 6881K->647K(7616K), 0.0010298 secs] 15683K->9449K(24732K), 0.0010903 secs] [Times: user=0.00 sys=0.00, real=0.00 secs] 
36.698: [GC 36.698: [ParNew: 7147K->685K(7616K), 0.0012796 secs] 15949K->9743K(24732K), 0.0013531 secs] [Times: user=0.01 sys=0.00, real=0.00 secs] 
36.705: [GC 36.705: [ParNew: 7163K->442K(7616K), 0.0010716 secs] 16220K->9745K(24732K), 0.0011356 secs] [Times: user=0.00 sys=0.00, real=0.00 secs] 
36.715: [GC 36.715: [ParNew: 6965K->694K(7616K), 0.0010497 secs] 16268K->9997K(24732K), 0.0011037 secs] [Times: user=0.00 sys=0.00, real=0.00 secs] 
36.721: [GC 36.721: [ParNew: 7193K->625K(7616K), 0.0012447 secs] 16497K->10169K(24732K), 0.0013094 secs] [Times: user=0.00 sys=0.00, real=0.00 secs] 
36.728: [GC 36.728: [ParNew: 7058K->515K(7616K), 0.0011276 secs] 16602K->10180K(24732K), 0.0011966 secs] [Times: user=0.00 sys=0.00, real=0.00 secs] 
36.734: [GC 36.735: [ParNew: 7037K->454K(7616K), 0.0008984 secs] 16703K->10120K(24732K), 0.0009765 secs] [Times: user=0.00 sys=0.00, real=0.00 secs] 
36.740: [GC 36.741: [ParNew: 6980K->475K(7616K), 0.0013230 secs] 16646K->10141K(24732K), 0.0014129 secs] [Times: user=0.00 sys=0.00, real=0.00 secs] 
36.746: [GC 36.746: [ParNew: 6981K->934K(7616K), 0.0018617 secs] 16646K->10599K(24732K), 0.0019538 secs] [Times: user=0.00 sys=0.00, real=0.00 secs] 
36.752: [GC 36.752: [ParNew: 7441K->414K(7616K), 0.0012693 secs] 17106K->10535K(24732K), 0.0013454 secs] [Times: user=0.00 sys=0.00, real=0.00 secs] 
36.758: [GC 36.758: [ParNew: 6934K->678K(7616K), 0.0013824 secs] 17055K->10800K(24732K), 0.0014609 secs] [Times: user=0.00 sys=0.00, real=0.01 secs] 
36.764: [GC 36.764: [ParNew: 7180K->708K(7616K), 0.0012844 secs] 17301K->11044K(24732K), 0.0013513 secs] [Times: user=0.01 sys=0.00, real=0.00 secs] 
36.769: [GC 36.769: [ParNew: 7194K->524K(7616K), 0.0012027 secs] 17529K->11138K(24732K), 0.0012799 secs] [Times: user=0.00 sys=0.00, real=0.00 secs] 
36.774: [GC 36.774: [ParNew: 7026K->533K(7616K), 0.0010802 secs] 17640K->11147K(24732K), 0.0011380 secs] [Times: user=0.00 sys=0.00, real=0.00 secs] 
36.779: [GC 36.779: [ParNew: 7031K->666K(7616K), 0.0010950 secs] 17645K->11280K(24732K), 0.0011769 secs] [Times: user=0.00 sys=0.00, real=0.00 secs] 
36.785: [GC 36.786: [ParNew: 7154K->786K(7616K), 0.0016554 secs] 17768K->11677K(24732K), 0.0017237 secs] [Times: user=0.00 sys=0.00, real=0.00 secs] 
36.791: [GC 36.791: [ParNew: 7203K->147K(7616K), 0.0011306 secs] 18094K->11538K(24732K), 0.0011980 secs] [Times: user=0.00 sys=0.00, real=0.00 secs] 
36.801: [GC 36.802: [ParNew: 6675K->290K(7616K), 0.0007439 secs] 18066K->11681K(24732K), 0.0007897 secs] [Times: user=0.01 sys=0.00, real=0.00 secs] 
36.808: [GC 36.808: [ParNew: 6807K->464K(7616K), 0.0012931 secs] 18198K->11855K(24732K), 0.0013723 secs] [Times: user=0.00 sys=0.00, real=0.01 secs] 
36.813: [GC 36.813: [ParNew: 6975K->320K(7616K), 0.0008376 secs] 18366K->11712K(24732K), 0.0008877 secs] [Times: user=0.00 sys=0.00, real=0.00 secs] 
36.820: [GC 36.820: [ParNew: 6842K->407K(7616K), 0.0007929 secs] 18234K->11799K(24732K), 0.0008510 secs] [Times: user=0.00 sys=0.00, real=0.00 secs] 
36.825: [GC 36.825: [ParNew: 6884K->357K(7616K), 0.0010627 secs] 18276K->11748K(24732K), 0.0011178 secs] [Times: user=0.00 sys=0.00, real=0.00 secs] 
36.830: [GC 36.830: [ParNew: 6864K->275K(7616K), 0.0007774 secs] 18255K->11666K(24732K), 0.0008270 secs] [Times: user=0.00 sys=0.00, real=0.00 secs] 
36.837: [GC 36.837: [ParNew: 6803K->431K(7616K), 0.0012617 secs] 18194K->11822K(24732K), 0.0013305 secs] [Times: user=0.01 sys=0.00, real=0.00 secs] 
36.844: [GC 36.844: [ParNew: 6901K->707K(7616K), 0.0010959 secs] 18292K->12098K(24732K), 0.0011622 secs] [Times: user=0.01 sys=0.00, real=0.00 secs] 
36.851: [GC 36.851: [ParNew: 7235K->707K(7616K), 0.0017072 secs] 18626K->12268K(24732K), 0.0018519 secs] [Times: user=0.01 sys=0.00, real=0.00 secs] 
36.860: [GC 36.860: [ParNew: 7211K->272K(7616K), 0.0013638 secs] 18772K->11992K(24732K), 0.0014220 secs] [Times: user=0.01 sys=0.00, real=0.00 secs] 
36.867: [GC 36.867: [ParNew: 6794K->339K(7616K), 0.0013388 secs] 18514K->12059K(24732K), 0.0014282 secs] [Times: user=0.00 sys=0.00, real=0.01 secs] 
36.872: [GC 36.872: [ParNew: 6824K->804K(7616K), 0.0012691 secs] 18543K->12524K(24732K), 0.0013884 secs] [Times: user=0.00 sys=0.00, real=0.00 secs] 
36.878: [GC 36.878: [ParNew: 7325K->673K(7616K), 0.0014368 secs] 19045K->12692K(24732K), 0.0015069 secs] [Times: user=0.00 sys=0.00, real=0.01 secs] 
36.883: [GC 36.884: [ParNew: 7201K->414K(7616K), 0.0013147 secs] 19220K->12719K(24732K), 0.0014422 secs] [Times: user=0.00 sys=0.01, real=0.00 secs] 
36.890: [GC 36.890: [ParNew: 6926K->606K(7616K), 0.0010746 secs] 19230K->12910K(24732K), 0.0011435 secs] [Times: user=0.00 sys=0.00, real=0.00 secs] 
36.896: [GC 36.896: [ParNew: 7123K->478K(7616K), 0.0020265 secs] 19427K->12886K(24732K), 0.0021016 secs] [Times: user=0.00 sys=0.00, real=0.00 secs] 
36.903: [GC 36.903: [ParNew: 7006K->442K(7616K), 0.0008585 secs] 19413K->12849K(24732K), 0.0009114 secs] [Times: user=0.01 sys=0.00, real=0.00 secs] 
36.907: [GC 36.908: [ParNew: 6953K->600K(7616K), 0.0012791 secs] 19361K->13007K(24732K), 0.0013544 secs] [Times: user=0.00 sys=0.00, real=0.01 secs] 
36.914: [GC 36.914: [ParNew: 7103K->901K(7616K), 0.0013960 secs] 19510K->13485K(24732K), 0.0014739 secs] [Times: user=0.00 sys=0.00, real=0.00 secs] 
36.920: [GC 36.920: [ParNew: 7350K->235K(7616K), 0.0015467 secs] 19934K->13491K(24732K), 0.0017406 secs] [Times: user=0.00 sys=0.00, real=0.00 secs] 
36.926: [GC 36.926: [ParNew: 6752K->540K(7616K), 0.0009477 secs] 20007K->13796K(24732K), 0.0010060 secs] [Times: user=0.00 sys=0.00, real=0.00 secs] 
36.931: [GC 36.931: [ParNew: 7049K->594K(7616K), 0.0010218 secs] 20304K->13849K(24732K), 0.0010820 secs] [Times: user=0.00 sys=0.00, real=0.00 secs] 
36.938: [GC 36.938: [ParNew: 7109K->326K(7616K), 0.0009257 secs] 20364K->13898K(24732K), 0.0009985 secs] [Times: user=0.00 sys=0.00, real=0.01 secs] 
36.943: [GC 36.943: [ParNew: 6779K->246K(7616K), 0.0010647 secs] 20351K->13818K(24732K), 0.0011312 secs] [Times: user=0.01 sys=0.00, real=0.00 secs] 
36.953: [GC 36.953: [ParNew: 6739K->437K(7616K), 0.0012538 secs] 20311K->14009K(24732K), 0.0013087 secs] [Times: user=0.00 sys=0.00, real=0.00 secs] 
36.960: [GC 36.961: [ParNew: 6965K->686K(7616K), 0.0016115 secs] 20537K->14258K(24732K), 0.0016731 secs] [Times: user=0.00 sys=0.00, real=0.00 secs] 
36.966: [GC 36.966: [ParNew: 7206K->690K(7616K), 0.0017656 secs] 20778K->14502K(24732K), 0.0018394 secs] [Times: user=0.01 sys=0.00, real=0.01 secs] 
36.972: [GC 36.972: [ParNew: 7210K->374K(7616K), 0.0013012 secs] 21021K->14620K(24732K), 0.0013686 secs] [Times: user=0.00 sys=0.00, real=0.00 secs] 
36.977: [GC 36.977: [ParNew: 6886K->369K(7616K), 0.0009179 secs] 21133K->14616K(24732K), 0.0009706 secs] [Times: user=0.00 sys=0.00, real=0.01 secs] 
36.982: [GC 36.982: [ParNew: 6876K->917K(7616K), 0.0013206 secs] 21123K->15164K(24732K), 0.0013896 secs] [Times: user=0.00 sys=0.00, real=0.00 secs] 
36.989: [GC 36.989: [ParNew: 7394K->327K(7616K), 0.0014406 secs] 21640K->15438K(24732K), 0.0015107 secs] [Times: user=0.00 sys=0.00, real=0.00 secs] 
36.994: [GC 36.994: [ParNew: 6831K->850K(7616K), 0.0012921 secs] 21942K->15961K(24732K), 0.0013660 secs] [Times: user=0.00 sys=0.00, real=0.00 secs] 
37.001: [GC 37.001: [ParNew: 7372K->323K(7616K), 0.0011624 secs] 22483K->16121K(24732K), 0.0012428 secs] [Times: user=0.00 sys=0.00, real=0.00 secs] 
37.007: [GC 37.007: [ParNew: 6851K->343K(7616K), 0.0009985 secs] 22649K->16141K(24732K), 0.0010633 secs] [Times: user=0.00 sys=0.00, real=0.01 secs] 
37.013: [GC 37.013: [ParNew: 6829K->655K(7616K), 0.0010655 secs] 22627K->16453K(24732K), 0.0011503 secs] [Times: user=0.01 sys=0.00, real=0.00 secs] 
37.019: [GC 37.019: [ParNew: 7183K->542K(7616K), 0.0012638 secs] 22981K->16540K(24732K), 0.0013371 secs] [Times: user=0.01 sys=0.00, real=0.00 secs] 
37.025: [GC 37.026: [ParNew: 7023K->622K(7616K), 0.0011341 secs] 23021K->16620K(24732K), 0.0012000 secs] [Times: user=0.00 sys=0.00, real=0.00 secs] 
37.031: [GC 37.031: [ParNew: 7150K->531K(7616K), 0.0011409 secs] 23148K->16694K(24732K), 0.0012010 secs] [Times: user=0.00 sys=0.00, real=0.00 secs] 
37.037: [GC 37.037: [ParNew: 7049K->790K(7616K), 0.0015635 secs] 23212K->16954K(24732K), 0.0016450 secs] [Times: user=0.00 sys=0.00, real=0.01 secs] 
37.043: [GC 37.043: [ParNew: 7278K->594K(7616K), 0.0015792 secs] 23441K->17190K(24732K), 0.0016723 secs] [Times: user=0.00 sys=0.00, real=0.00 secs] 
37.049: [GC 37.049: [ParNew: 7122K->447K(7616K), 0.0013853 secs] 23718K->17271K(24732K), 0.0014785 secs] [Times: user=0.00 sys=0.00, real=0.00 secs] 
37.054: [GC 37.054: [ParNew: 6952K->644K(7616K), 0.0013021 secs] 23776K->17469K(24732K), 0.0013738 secs] [Times: user=0.01 sys=0.00, real=0.00 secs] 
37.060: [GC 37.060: [ParNew: 7169K->637K(7616K), 0.0014144 secs] 23993K->17627K(24732K), 0.0015195 secs] [Times: user=0.00 sys=0.00, real=0.00 secs] 
37.066: [GC 37.066: [ParNew: 7161K->740K(7616K), 0.0015708 secs]37.067: [Tenured: 17164K->8697K(17308K), 0.0708832 secs] 24151K->8697K(24924K), [Perm : 10706K->10706K(21248K)], 0.0727167 secs] [Times: user=0.07 sys=0.00, real=0.08 secs] 
37.142: [GC 37.142: [ParNew: 6504K->302K(7616K), 0.0007944 secs] 15202K->8999K(24732K), 0.0008534 secs] [Times: user=0.00 sys=0.00, real=0.00 secs] 
37.147: [GC 37.147: [ParNew: 6804K->444K(7616K), 0.0011301 secs] 15501K->9142K(24732K), 0.0012143 secs] [Times: user=0.00 sys=0.00, real=0.01 secs] 
37.153: [GC 37.153: [ParNew: 6943K->755K(7616K), 0.0012391 secs] 15640K->9453K(24732K), 0.0013116 secs] [Times: user=0.00 sys=0.01, real=0.00 secs] 
37.158: [GC 37.158: [ParNew: 7195K->329K(7616K), 0.0014669 secs] 15892K->9337K(24732K), 0.0015479 secs] [Times: user=0.01 sys=0.00, real=0.01 secs] 
37.163: [GC 37.164: [ParNew: 6841K->618K(7616K), 0.0010883 secs] 15849K->9626K(24732K), 0.0011473 secs] [Times: user=0.00 sys=0.00, real=0.00 secs] 
37.169: [GC 37.169: [ParNew: 7122K->613K(7616K), 0.0012751 secs] 16130K->9821K(24732K), 0.0013564 secs] [Times: user=0.00 sys=0.00, real=0.00 secs] 
37.174: [GC 37.174: [ParNew: 7140K->1021K(7616K), 0.0014683 secs] 16349K->10313K(24732K), 0.0015503 secs] [Times: user=0.00 sys=0.00, real=0.00 secs] 
37.180: [GC 37.180: [ParNew: 7517K->175K(7616K), 0.0015316 secs] 16809K->10332K(24732K), 0.0016045 secs] [Times: user=0.00 sys=0.00, real=0.00 secs] 
37.186: [GC 37.186: [ParNew: 6700K->833K(7616K), 0.0022163 secs] 16858K->10991K(24732K), 0.0022839 secs] [Times: user=0.00 sys=0.00, real=0.00 secs] 
37.192: [GC 37.192: [ParNew: 7358K->176K(7616K), 0.0016476 secs] 17516K->11117K(24732K), 0.0017186 secs] [Times: user=0.00 sys=0.00, real=0.00 secs] 
37.199: [GC 37.199: [ParNew: 6692K->348K(7616K), 0.0008434 secs] 17634K->11289K(24732K), 0.0009091 secs] [Times: user=0.00 sys=0.00, real=0.00 secs] 
37.204: [GC 37.204: [ParNew: 6834K->321K(7616K), 0.0009543 secs] 17776K->11262K(24732K), 0.0010063 secs] [Times: user=0.01 sys=0.00, real=0.00 secs] 
37.209: [GC 37.209: [ParNew: 6828K->379K(7616K), 0.0012868 secs] 17770K->11320K(24732K), 0.0013446 secs] [Times: user=0.01 sys=0.00, real=0.00 secs] 
37.217: [GC 37.217: [ParNew: 6895K->590K(7616K), 0.0011092 secs] 17836K->11531K(24732K), 0.0011700 secs] [Times: user=0.00 sys=0.00, real=0.01 secs] 
37.222: [GC 37.223: [ParNew: 7113K->868K(7616K), 0.0015873 secs] 18054K->11928K(24732K), 0.0016591 secs] [Times: user=0.00 sys=0.00, real=0.00 secs] 
37.228: [GC 37.228: [ParNew: 7387K->437K(7616K), 0.0014303 secs] 18447K->11936K(24732K), 0.0014986 secs] [Times: user=0.00 sys=0.00, real=0.01 secs] 
37.236: [GC 37.236: [ParNew: 6965K->975K(7616K), 0.0020970 secs] 18464K->12474K(24732K), 0.0021654 secs] [Times: user=0.00 sys=0.00, real=0.01 secs] 
37.242: [GC 37.242: [ParNew: 7493K->127K(7616K), 0.0013975 secs] 18992K->12542K(24732K), 0.0014696 secs] [Times: user=0.00 sys=0.00, real=0.00 secs] 
37.248: [GC 37.248: [ParNew: 6633K->209K(7616K), 0.0010312 secs] 19047K->12624K(24732K), 0.0010914 secs] [Times: user=0.00 sys=0.00, real=0.01 secs] 
37.253: [GC 37.253: [ParNew: 6725K->427K(7616K), 0.0009954 secs] 19140K->12842K(24732K), 0.0010512 secs] [Times: user=0.00 sys=0.00, real=0.00 secs] 
37.258: [GC 37.258: [ParNew: 6932K->571K(7616K), 0.0015131 secs] 19347K->12986K(24732K), 0.0015864 secs] [Times: user=0.00 sys=0.00, real=0.01 secs] 
37.264: [GC 37.264: [ParNew: 7094K->683K(7616K), 0.0012831 secs] 19509K->13274K(24732K), 0.0014015 secs] [Times: user=0.00 sys=0.00, real=0.00 secs] 
37.270: [GC 37.270: [ParNew: 7195K->756K(7616K), 0.0011813 secs] 19786K->13530K(24732K), 0.0012479 secs] [Times: user=0.00 sys=0.00, real=0.00 secs] 
37.276: [GC 37.276: [ParNew: 7257K->219K(7616K), 0.0010151 secs] 20031K->13370K(24732K), 0.0010794 secs] [Times: user=0.00 sys=0.00, real=0.00 secs] 
37.282: [GC 37.282: [ParNew: 6743K->619K(7616K), 0.0009027 secs] 19894K->13771K(24732K), 0.0009622 secs] [Times: user=0.00 sys=0.00, real=0.00 secs] 
37.287: [GC 37.287: [ParNew: 7129K->511K(7616K), 0.0021437 secs] 20280K->13725K(24732K), 0.0022219 secs] [Times: user=0.01 sys=0.00, real=0.01 secs] 
37.293: [GC 37.293: [ParNew: 6977K->700K(7616K), 0.0012920 secs] 20192K->13914K(24732K), 0.0015097 secs] [Times: user=0.00 sys=0.00, real=0.00 secs] 
37.298: [GC 37.298: [ParNew: 7202K->793K(7616K), 0.0014351 secs] 20416K->14289K(24732K), 0.0015082 secs] [Times: user=0.00 sys=0.00, real=0.00 secs] 
37.304: [GC 37.304: [ParNew: 7307K->315K(7616K), 0.0013775 secs] 20803K->14158K(24732K), 0.0014450 secs] [Times: user=0.00 sys=0.00, real=0.00 secs] 
37.309: [GC 37.309: [ParNew: 6818K->720K(7616K), 0.0015431 secs] 20661K->14564K(24732K), 0.0016143 secs] [Times: user=0.00 sys=0.00, real=0.00 secs] 
37.315: [GC 37.316: [ParNew: 7223K->564K(7616K), 0.0012431 secs] 21066K->14603K(24732K), 0.0013058 secs] [Times: user=0.00 sys=0.00, real=0.00 secs] 
37.321: [GC 37.321: [ParNew: 7089K->479K(7616K), 0.0012469 secs] 21129K->14590K(24732K), 0.0013055 secs] [Times: user=0.00 sys=0.00, real=0.00 secs] 
37.326: [GC 37.326: [ParNew: 6975K->676K(7616K), 0.0009996 secs] 21086K->14786K(24732K), 0.0010609 secs] [Times: user=0.01 sys=0.00, real=0.00 secs] 
37.331: [GC 37.332: [ParNew: 7195K->1072K(7616K), 0.0016628 secs] 21306K->15396K(24732K), 0.0017620 secs] [Times: user=0.00 sys=0.00, real=0.00 secs] 
37.341: [GC 37.341: [ParNew: 7596K->230K(7616K), 0.0013672 secs] 21920K->15234K(24732K), 0.0014687 secs] [Times: user=0.00 sys=0.00, real=0.00 secs] 
37.347: [GC 37.347: [ParNew: 6750K->193K(7616K), 0.0006798 secs] 21754K->15197K(24732K), 0.0007258 secs] [Times: user=0.00 sys=0.00, real=0.00 secs] 
37.353: [GC 37.353: [ParNew: 6687K->202K(7616K), 0.0010668 secs] 21691K->15206K(24732K), 0.0011310 secs] [Times: user=0.00 sys=0.00, real=0.00 secs] 
37.359: [GC 37.359: [ParNew: 6730K->248K(7616K), 0.0009882 secs] 21733K->15251K(24732K), 0.0010519 secs] [Times: user=0.00 sys=0.00, real=0.00 secs] 
37.364: [GC 37.364: [ParNew: 6769K->998K(7616K), 0.0013216 secs] 21773K->16002K(24732K), 0.0013878 secs] [Times: user=0.00 sys=0.00, real=0.00 secs] 
37.369: [GC 37.369: [ParNew: 7520K->339K(7616K), 0.0016426 secs] 22524K->16153K(24732K), 0.0017136 secs] [Times: user=0.00 sys=0.00, real=0.00 secs] 
37.376: [GC 37.377: [ParNew: 6861K->752K(7616K), 0.0010415 secs] 22675K->16567K(24732K), 0.0011174 secs] [Times: user=0.00 sys=0.00, real=0.00 secs] 
37.382: [GC 37.382: [ParNew: 7280K->622K(7616K), 0.0011194 secs] 23095K->16566K(24732K), 0.0011850 secs] [Times: user=0.00 sys=0.00, real=0.00 secs] 
37.388: [GC 37.388: [ParNew: 7069K->258K(7616K), 0.0011367 secs] 23013K->16515K(24732K), 0.0012050 secs] [Times: user=0.01 sys=0.00, real=0.01 secs] 
37.393: [GC 37.393: [ParNew: 6746K->311K(7616K), 0.0008923 secs] 23003K->16568K(24732K), 0.0009578 secs] [Times: user=0.00 sys=0.00, real=0.00 secs] 
37.404: [GC 37.404: [ParNew: 6839K->349K(7616K), 0.0009173 secs] 23096K->16605K(24732K), 0.0009668 secs] [Times: user=0.00 sys=0.00, real=0.00 secs] 
37.409: [GC 37.409: [ParNew: 6875K->645K(7616K), 0.0011523 secs] 23132K->16902K(24732K), 0.0012200 secs] [Times: user=0.00 sys=0.00, real=0.00 secs] 
37.416: [GC 37.416: [ParNew: 7166K->976K(7616K), 0.0015711 secs] 23423K->17364K(24732K), 0.0016515 secs] [Times: user=0.00 sys=0.00, real=0.00 secs] 
37.422: [GC 37.422: [ParNew: 7491K->224K(7616K), 0.0015939 secs] 23880K->17327K(24732K), 0.0016634 secs] [Times: user=0.00 sys=0.00, real=0.00 secs] 
37.429: [GC 37.429: [ParNew: 6739K->291K(7616K), 0.0008150 secs] 23843K->17394K(24732K), 0.0008946 secs] [Times: user=0.00 sys=0.00, real=0.00 secs] 
37.434: [GC 37.434: [ParNew: 6792K->519K(7616K), 0.0009778 secs] 23895K->17622K(24732K), 0.0010452 secs] [Times: user=0.00 sys=0.00, real=0.00 secs] 
37.439: [GC 37.439: [ParNew: 7046K->598K(7616K), 0.0010990 secs] 24149K->17701K(24732K), 0.0011583 secs] [Times: user=0.01 sys=0.00, real=0.00 secs] 
37.444: [GC 37.444: [ParNew: 7091K->844K(7616K), 0.0013178 secs]37.446: [Tenured: 17159K->8053K(17308K), 0.0779482 secs] 24194K->8053K(24924K), [Perm : 10706K->10706K(21248K)], 0.0795331 secs] [Times: user=0.08 sys=0.01, real=0.08 secs] 
37.528: [GC 37.529: [ParNew: 6508K->229K(7616K), 0.0008435 secs] 14562K->8283K(24732K), 0.0008957 secs] [Times: user=0.00 sys=0.00, real=0.00 secs] 
37.533: [GC 37.533: [ParNew: 6724K->397K(7616K), 0.0010011 secs] 14778K->8450K(24732K), 0.0010587 secs] [Times: user=0.01 sys=0.00, real=0.00 secs] 
37.538: [GC 37.538: [ParNew: 6924K->680K(7616K), 0.0014950 secs] 14977K->8733K(24732K), 0.0015682 secs] [Times: user=0.00 sys=0.00, real=0.00 secs] 
37.545: [GC 37.545: [ParNew: 7173K->733K(7616K), 0.0014328 secs] 15227K->8951K(24732K), 0.0015157 secs] [Times: user=0.00 sys=0.00, real=0.00 secs] 
37.552: [GC 37.552: [ParNew: 7259K->958K(7616K), 0.0014773 secs] 15477K->9375K(24732K), 0.0015728 secs] [Times: user=0.00 sys=0.00, real=0.00 secs] 
37.558: [GC 37.558: [ParNew: 7468K->710K(7616K), 0.0030045 secs] 15885K->9952K(24732K), 0.0030918 secs] [Times: user=0.00 sys=0.00, real=0.01 secs] 
37.565: [GC 37.565: [ParNew: 7237K->191K(7616K), 0.0012943 secs] 16480K->10050K(24732K), 0.0013641 secs] [Times: user=0.00 sys=0.00, real=0.00 secs] 
37.572: [GC 37.572: [ParNew: 6655K->106K(7616K), 0.0008356 secs] 16514K->9965K(24732K), 0.0009025 secs] [Times: user=0.00 sys=0.00, real=0.00 secs] 
37.576: [GC 37.576: [ParNew: 6517K->395K(7616K), 0.0007924 secs] 16376K->10254K(24732K), 0.0008471 secs] [Times: user=0.00 sys=0.00, real=0.00 secs] 
37.581: [GC 37.581: [ParNew: 6901K->412K(7616K), 0.0009267 secs] 16760K->10271K(24732K), 0.0009875 secs] [Times: user=0.01 sys=0.00, real=0.00 secs] 
37.586: [GC 37.586: [ParNew: 6908K->558K(7616K), 0.0019209 secs] 16767K->10417K(24732K), 0.0019920 secs] [Times: user=0.00 sys=0.00, real=0.01 secs] 
37.592: [GC 37.592: [ParNew: 7071K->1081K(7616K), 0.0014155 secs] 16930K->10988K(24732K), 0.0014882 secs] [Times: user=0.00 sys=0.00, real=0.00 secs] 
37.598: [GC 37.598: [ParNew: 7585K->597K(7616K), 0.0016260 secs] 17493K->11323K(24732K), 0.0016978 secs] [Times: user=0.00 sys=0.00, real=0.01 secs] 
37.605: [GC 37.605: [ParNew: 7118K->116K(7616K), 0.0009560 secs] 17844K->11116K(24732K), 0.0010360 secs] [Times: user=0.00 sys=0.00, real=0.00 secs] 
37.611: [GC 37.611: [ParNew: 6551K->410K(7616K), 0.0008348 secs] 17552K->11410K(24732K), 0.0009333 secs] [Times: user=0.00 sys=0.00, real=0.00 secs] 
37.616: [GC 37.616: [ParNew: 6862K->654K(7616K), 0.0011734 secs] 17862K->11654K(24732K), 0.0012391 secs] [Times: user=0.00 sys=0.00, real=0.00 secs] 
37.621: [GC 37.621: [ParNew: 7138K->387K(7616K), 0.0011934 secs] 18138K->11717K(24732K), 0.0012582 secs] [Times: user=0.01 sys=0.00, real=0.00 secs] 
37.626: [GC 37.626: [ParNew: 6881K->284K(7616K), 0.0008273 secs] 18211K->11614K(24732K), 0.0008760 secs] [Times: user=0.00 sys=0.00, real=0.00 secs] 
37.632: [GC 37.632: [ParNew: 6758K->383K(7616K), 0.0008085 secs] 18088K->11713K(24732K), 0.0008811 secs] [Times: user=0.00 sys=0.00, real=0.00 secs] 
37.637: [GC 37.637: [ParNew: 6872K->309K(7616K), 0.0017879 secs] 18202K->11639K(24732K), 0.0018616 secs] [Times: user=0.00 sys=0.00, real=0.01 secs] 
37.643: [GC 37.643: [ParNew: 6816K->397K(7616K), 0.0008723 secs] 18146K->11727K(24732K), 0.0009736 secs] [Times: user=0.00 sys=0.00, real=0.00 secs] 
37.649: [GC 37.649: [ParNew: 6925K->714K(7616K), 0.0011539 secs] 18255K->12044K(24732K), 0.0012176 secs] [Times: user=0.00 sys=0.00, real=0.00 secs] 
37.656: [GC 37.656: [ParNew: 7234K->67K(7616K), 0.0010231 secs] 18564K->12007K(24732K), 0.0010812 secs] [Times: user=0.00 sys=0.00, real=0.00 secs] 
37.661: [GC 37.661: [ParNew: 6589K->87K(7616K), 0.0012049 secs] 18529K->12027K(24732K), 0.0013290 secs] [Times: user=0.00 sys=0.00, real=0.00 secs] 
37.666: [GC 37.666: [ParNew: 6608K->444K(7616K), 0.0012294 secs] 18548K->12384K(24732K), 0.0012914 secs] [Times: user=0.01 sys=0.00, real=0.00 secs] 
37.671: [GC 37.671: [ParNew: 6962K->510K(7616K), 0.0009093 secs] 18902K->12450K(24732K), 0.0009632 secs] [Times: user=0.00 sys=0.00, real=0.00 secs] 
37.678: [GC 37.678: [ParNew: 7029K->726K(7616K), 0.0012299 secs] 18969K->12666K(24732K), 0.0013337 secs] [Times: user=0.00 sys=0.00, real=0.01 secs] 
37.683: [GC 37.683: [ParNew: 7249K->737K(7616K), 0.0012830 secs] 19189K->12889K(24732K), 0.0013847 secs] [Times: user=0.00 sys=0.00, real=0.00 secs] 
37.691: [GC 37.691: [ParNew: 7248K->745K(7616K), 0.0013242 secs] 19400K->13204K(24732K), 0.0014089 secs] [Times: user=0.00 sys=0.00, real=0.00 secs] 
37.696: [GC 37.696: [ParNew: 7273K->643K(7616K), 0.0012138 secs] 19732K->13315K(24732K), 0.0012857 secs] [Times: user=0.00 sys=0.00, real=0.00 secs] 
37.701: [GC 37.702: [ParNew: 7169K->475K(7616K), 0.0012483 secs] 19841K->13346K(24732K), 0.0013159 secs] [Times: user=0.00 sys=0.00, real=0.00 secs] 
37.708: [GC 37.708: [ParNew: 6994K->406K(7616K), 0.0008050 secs] 19865K->13277K(24732K), 0.0008755 secs] [Times: user=0.01 sys=0.00, real=0.01 secs] 
37.716: [GC 37.716: [ParNew: 6911K->390K(7616K), 0.0008134 secs] 19782K->13261K(24732K), 0.0008763 secs] [Times: user=0.00 sys=0.00, real=0.00 secs] 
37.722: [GC 37.722: [ParNew: 6895K->728K(7616K), 0.0012977 secs] 19766K->13599K(24732K), 0.0013814 secs] [Times: user=0.00 sys=0.01, real=0.00 secs] 
37.729: [GC 37.729: [ParNew: 7254K->721K(7616K), 0.0011013 secs] 20125K->13688K(24732K), 0.0011739 secs] [Times: user=0.00 sys=0.00, real=0.00 secs] 
37.735: [GC 37.735: [ParNew: 7201K->176K(7616K), 0.0012610 secs] 20169K->13493K(24732K), 0.0013265 secs] [Times: user=0.00 sys=0.00, real=0.00 secs] 
37.740: [GC 37.740: [ParNew: 6659K->368K(7616K), 0.0008924 secs] 19976K->13685K(24732K), 0.0009513 secs] [Times: user=0.00 sys=0.00, real=0.00 secs] 
37.745: [GC 37.745: [ParNew: 6893K->824K(7616K), 0.0020153 secs] 20209K->14141K(24732K), 0.0020967 secs] [Times: user=0.00 sys=0.00, real=0.00 secs] 
37.752: [GC 37.752: [ParNew: 7343K->613K(7616K), 0.0016419 secs] 20660K->14525K(24732K), 0.0017154 secs] [Times: user=0.01 sys=0.00, real=0.00 secs] 
37.759: [GC 37.759: [ParNew: 7141K->88K(7616K), 0.0008815 secs] 21053K->14334K(24732K), 0.0009320 secs] [Times: user=0.00 sys=0.00, real=0.00 secs] 
37.766: [GC 37.766: [ParNew: 6616K->102K(7616K), 0.0012665 secs] 20862K->14348K(24732K), 0.0013392 secs] [Times: user=0.00 sys=0.00, real=0.00 secs] 
37.771: [GC 37.771: [ParNew: 6595K->559K(7616K), 0.0010578 secs] 20841K->14805K(24732K), 0.0011194 secs] [Times: user=0.01 sys=0.00, real=0.00 secs] 
37.777: [GC 37.777: [ParNew: 7080K->549K(7616K), 0.0010487 secs] 21326K->14820K(24732K), 0.0011234 secs] [Times: user=0.01 sys=0.00, real=0.01 secs] 
37.784: [GC 37.784: [ParNew: 7013K->628K(7616K), 0.0019612 secs] 21284K->14899K(24732K), 0.0020370 secs] [Times: user=0.00 sys=0.00, real=0.00 secs] 
37.791: [GC 37.791: [ParNew: 7127K->559K(7616K), 0.0011771 secs] 21398K->15044K(24732K), 0.0012454 secs] [Times: user=0.00 sys=0.00, real=0.00 secs] 
37.800: [GC 37.800: [ParNew: 7066K->328K(7616K), 0.0011653 secs] 21551K->14874K(24732K), 0.0012204 secs] [Times: user=0.00 sys=0.00, real=0.00 secs] 
37.807: [GC 37.807: [ParNew: 6832K->339K(7616K), 0.0007848 secs] 21379K->14886K(24732K), 0.0008572 secs] [Times: user=0.00 sys=0.00, real=0.00 secs] 
37.813: [GC 37.813: [ParNew: 6867K->315K(7616K), 0.0008220 secs] 21413K->14861K(24732K), 0.0008707 secs] [Times: user=0.00 sys=0.00, real=0.00 secs] 
37.818: [GC 37.819: [ParNew: 6830K->966K(7616K), 0.0014867 secs] 21377K->15513K(24732K), 0.0015753 secs] [Times: user=0.00 sys=0.00, real=0.00 secs] 
37.826: [GC 37.826: [ParNew: 7479K->320K(7616K), 0.0016873 secs] 22026K->15510K(24732K), 0.0017605 secs] [Times: user=0.00 sys=0.00, real=0.01 secs] 
37.834: [GC 37.834: [ParNew: 6817K->415K(7616K), 0.0010855 secs] 22007K->15604K(24732K), 0.0011404 secs] [Times: user=0.00 sys=0.00, real=0.00 secs] 
37.840: [GC 37.840: [ParNew: 6867K->421K(7616K), 0.0009623 secs] 22056K->15611K(24732K), 0.0010166 secs] [Times: user=0.00 sys=0.00, real=0.00 secs] 
37.846: [GC 37.846: [ParNew: 6910K->653K(7616K), 0.0016568 secs] 22100K->15842K(24732K), 0.0017471 secs] [Times: user=0.01 sys=0.00, real=0.00 secs] 
37.853: [GC 37.853: [ParNew: 7168K->659K(7616K), 0.0011653 secs] 22358K->15934K(24732K), 0.0012310 secs] [Times: user=0.00 sys=0.00, real=0.00 secs] 
37.859: [GC 37.859: [ParNew: 7119K->202K(7616K), 0.0029747 secs] 22394K->15691K(24732K), 0.0034561 secs] [Times: user=0.00 sys=0.00, real=0.00 secs] 
37.868: [GC 37.868: [ParNew: 6730K->475K(7616K), 0.0012291 secs] 22219K->15964K(24732K), 0.0013072 secs] [Times: user=0.00 sys=0.00, real=0.01 secs] 
37.875: [GC 37.875: [ParNew: 7003K->851K(7616K), 0.0011616 secs] 22492K->16339K(24732K), 0.0012395 secs] [Times: user=0.00 sys=0.00, real=0.00 secs] 
37.881: [GC 37.881: [ParNew: 7373K->411K(7616K), 0.0014356 secs] 22862K->16384K(24732K), 0.0015078 secs] [Times: user=0.00 sys=0.00, real=0.00 secs] 
37.889: [GC 37.889: [ParNew: 6915K->750K(7616K), 0.0019022 secs] 22887K->16723K(24732K), 0.0019698 secs] [Times: user=0.00 sys=0.00, real=0.00 secs] 
37.896: [GC 37.896: [ParNew: 7261K->235K(7616K), 0.0013836 secs] 23233K->16557K(24732K), 0.0014493 secs] [Times: user=0.00 sys=0.00, real=0.00 secs] 
37.902: [GC 37.902: [ParNew: 6763K->291K(7616K), 0.0008273 secs] 23085K->16613K(24732K), 0.0008753 secs] [Times: user=0.00 sys=0.00, real=0.00 secs] 
37.907: [GC 37.907: [ParNew: 6808K->321K(7616K), 0.0009317 secs] 23130K->16643K(24732K), 0.0009943 secs] [Times: user=0.00 sys=0.00, real=0.00 secs] 
37.912: [GC 37.913: [ParNew: 6849K->658K(7616K), 0.0010639 secs] 23171K->16980K(24732K), 0.0011235 secs] [Times: user=0.00 sys=0.00, real=0.00 secs] 
37.919: [GC 37.919: [ParNew: 7172K->1046K(7616K), 0.0018796 secs] 23494K->17687K(24732K), 0.0019676 secs] [Times: user=0.01 sys=0.00, real=0.00 secs] 
37.925: [GC 37.925: [ParNew: 7555K->214K(7616K), 0.0014738 secs]37.927: [Tenured: 17391K->8620K(17500K), 0.0723331 secs] 24196K->8620K(25116K), [Perm : 10706K->10706K(21248K)], 0.0741350 secs] [Times: user=0.08 sys=0.00, real=0.08 secs] 
38.003: [GC 38.003: [ParNew: 6524K->533K(7616K), 0.0009689 secs] 15144K->9153K(24732K), 0.0010294 secs] [Times: user=0.00 sys=0.00, real=0.00 secs] 
38.008: [GC 38.008: [ParNew: 7051K->406K(7616K), 0.0009415 secs] 15671K->9026K(24732K), 0.0009979 secs] [Times: user=0.00 sys=0.00, real=0.01 secs] 
38.014: [GC 38.014: [ParNew: 6857K->797K(7616K), 0.0011694 secs] 15477K->9417K(24732K), 0.0012395 secs] [Times: user=0.00 sys=0.00, real=0.00 secs] 
38.019: [GC 38.019: [ParNew: 7280K->683K(7616K), 0.0013589 secs] 15900K->9646K(24732K), 0.0014335 secs] [Times: user=0.00 sys=0.00, real=0.00 secs] 
38.025: [GC 38.025: [ParNew: 7185K->467K(7616K), 0.0010746 secs] 16148K->9752K(24732K), 0.0011384 secs] [Times: user=0.00 sys=0.00, real=0.00 secs] 
38.030: [GC 38.030: [ParNew: 6963K->643K(7616K), 0.0010891 secs] 16248K->9929K(24732K), 0.0011949 secs] [Times: user=0.00 sys=0.00, real=0.00 secs] 
38.035: [GC 38.035: [ParNew: 7085K->618K(7616K), 0.0014425 secs] 16371K->10077K(24732K), 0.0015102 secs] [Times: user=0.01 sys=0.00, real=0.00 secs] 
38.041: [GC 38.041: [ParNew: 7067K->233K(7616K), 0.0009382 secs] 16526K->9917K(24732K), 0.0009960 secs] [Times: user=0.00 sys=0.00, real=0.00 secs] 
38.046: [GC 38.046: [ParNew: 6742K->548K(7616K), 0.0009567 secs] 16425K->10231K(24732K), 0.0010170 secs] [Times: user=0.00 sys=0.00, real=0.00 secs] 
38.051: [GC 38.051: [ParNew: 7037K->376K(7616K), 0.0010253 secs] 16720K->10161K(24732K), 0.0011232 secs] [Times: user=0.00 sys=0.00, real=0.00 secs] 
38.057: [GC 38.057: [ParNew: 6903K->400K(7616K), 0.0010857 secs] 16687K->10184K(24732K), 0.0011431 secs] [Times: user=0.00 sys=0.00, real=0.00 secs] 
38.062: [GC 38.062: [ParNew: 6907K->470K(7616K), 0.0011809 secs] 16691K->10255K(24732K), 0.0012414 secs] [Times: user=0.00 sys=0.00, real=0.00 secs] 
38.067: [GC 38.067: [ParNew: 6975K->694K(7616K), 0.0012503 secs] 16759K->10478K(24732K), 0.0013280 secs] [Times: user=0.00 sys=0.00, real=0.00 secs] 
38.072: [GC 38.072: [ParNew: 7199K->1077K(7616K), 0.0018750 secs] 16983K->11065K(24732K), 0.0019698 secs] [Times: user=0.01 sys=0.00, real=0.00 secs] 
38.078: [GC 38.078: [ParNew: 7573K->95K(7616K), 0.0020841 secs] 17561K->10950K(24732K), 0.0021669 secs] [Times: user=0.01 sys=0.00, real=0.00 secs] 
38.087: [GC 38.087: [ParNew: 6623K->692K(7616K), 0.0012713 secs] 17478K->11546K(24732K), 0.0013407 secs] [Times: user=0.01 sys=0.00, real=0.01 secs] 
38.093: [GC 38.093: [ParNew: 7216K->742K(7616K), 0.0015637 secs] 18071K->12060K(24732K), 0.0016307 secs] [Times: user=0.00 sys=0.00, real=0.00 secs] 
38.099: [GC 38.099: [ParNew: 7266K->188K(7616K), 0.0013125 secs] 18583K->12137K(24732K), 0.0013851 secs] [Times: user=0.00 sys=0.00, real=0.00 secs] 
38.104: [GC 38.104: [ParNew: 6673K->537K(7616K), 0.0010312 secs] 18622K->12486K(24732K), 0.0010905 secs] [Times: user=0.00 sys=0.00, real=0.00 secs] 
38.109: [GC 38.109: [ParNew: 7061K->584K(7616K), 0.0011050 secs] 19010K->12533K(24732K), 0.0011816 secs] [Times: user=0.00 sys=0.00, real=0.00 secs] 
38.116: [GC 38.116: [ParNew: 7090K->431K(7616K), 0.0009841 secs] 19039K->12388K(24732K), 0.0010569 secs] [Times: user=0.00 sys=0.00, real=0.00 secs] 
38.123: [GC 38.123: [ParNew: 6898K->375K(7616K), 0.0009551 secs] 18855K->12332K(24732K), 0.0010109 secs] [Times: user=0.00 sys=0.00, real=0.00 secs] 
38.128: [GC 38.129: [ParNew: 6898K->325K(7616K), 0.0011908 secs] 18855K->12282K(24732K), 0.0012504 secs] [Times: user=0.01 sys=0.00, real=0.00 secs] 
38.134: [GC 38.135: [ParNew: 6820K->332K(7616K), 0.0008733 secs] 18777K->12289K(24732K), 0.0009231 secs] [Times: user=0.01 sys=0.00, real=0.00 secs] 
38.140: [GC 38.140: [ParNew: 6821K->398K(7616K), 0.0011607 secs] 18778K->12355K(24732K), 0.0012226 secs] [Times: user=0.01 sys=0.00, real=0.00 secs] 
38.147: [GC 38.147: [ParNew: 6926K->630K(7616K), 0.0010143 secs] 18883K->12587K(24732K), 0.0010812 secs] [Times: user=0.00 sys=0.00, real=0.00 secs] 
38.153: [GC 38.153: [ParNew: 7154K->284K(7616K), 0.0009624 secs] 19111K->12389K(24732K), 0.0010215 secs] [Times: user=0.00 sys=0.00, real=0.00 secs] 
38.158: [GC 38.158: [ParNew: 6792K->598K(7616K), 0.0011692 secs] 18897K->12704K(24732K), 0.0012315 secs] [Times: user=0.00 sys=0.00, real=0.01 secs] 
38.163: [GC 38.163: [ParNew: 7114K->488K(7616K), 0.0012653 secs] 19220K->12645K(24732K), 0.0013297 secs] [Times: user=0.00 sys=0.00, real=0.00 secs] 
38.168: [GC 38.168: [ParNew: 6991K->599K(7616K), 0.0012384 secs] 19149K->12757K(24732K), 0.0013044 secs] [Times: user=0.00 sys=0.00, real=0.01 secs] 
38.174: [GC 38.174: [ParNew: 7074K->382K(7616K), 0.0009880 secs] 19232K->12683K(24732K), 0.0010720 secs] [Times: user=0.00 sys=0.00, real=0.00 secs] 
38.179: [GC 38.180: [ParNew: 6895K->390K(7616K), 0.0009083 secs] 19196K->12690K(24732K), 0.0009710 secs] [Times: user=0.00 sys=0.00, real=0.00 secs] 
38.186: [GC 38.186: [ParNew: 6917K->725K(7616K), 0.0010677 secs] 19217K->13026K(24732K), 0.0011384 secs] [Times: user=0.00 sys=0.01, real=0.00 secs] 
38.192: [GC 38.192: [ParNew: 7249K->483K(7616K), 0.0011990 secs] 19550K->13046K(24732K), 0.0012637 secs] [Times: user=0.00 sys=0.00, real=0.00 secs] 
38.198: [GC 38.198: [ParNew: 7000K->599K(7616K), 0.0012930 secs] 19563K->13162K(24732K), 0.0013583 secs] [Times: user=0.00 sys=0.00, real=0.01 secs] 
38.203: [GC 38.203: [ParNew: 7104K->498K(7616K), 0.0012300 secs] 19667K->13213K(24732K), 0.0012937 secs] [Times: user=0.00 sys=0.00, real=0.00 secs] 
38.208: [GC 38.208: [ParNew: 6987K->530K(7616K), 0.0010392 secs] 19703K->13245K(24732K), 0.0010966 secs] [Times: user=0.00 sys=0.00, real=0.01 secs] 
38.213: [GC 38.213: [ParNew: 7047K->733K(7616K), 0.0012417 secs] 19762K->13449K(24732K), 0.0013237 secs] [Times: user=0.01 sys=0.00, real=0.00 secs] 
38.218: [GC 38.218: [ParNew: 7234K->332K(7616K), 0.0011908 secs] 19950K->13393K(24732K), 0.0012535 secs] [Times: user=0.01 sys=0.00, real=0.00 secs] 
38.225: [GC 38.225: [ParNew: 6838K->621K(7616K), 0.0009245 secs] 19899K->13681K(24732K), 0.0009999 secs] [Times: user=0.00 sys=0.00, real=0.00 secs] 
38.230: [GC 38.230: [ParNew: 7134K->1039K(7616K), 0.0014533 secs] 20195K->14168K(24732K), 0.0015248 secs] [Times: user=0.00 sys=0.00, real=0.00 secs] 
38.238: [GC 38.238: [ParNew: 7509K->313K(7616K), 0.0010797 secs] 20638K->13914K(24732K), 0.0011577 secs] [Times: user=0.00 sys=0.00, real=0.01 secs] 
38.243: [GC 38.243: [ParNew: 6826K->458K(7616K), 0.0009706 secs] 20427K->14059K(24732K), 0.0010260 secs] [Times: user=0.00 sys=0.00, real=0.00 secs] 
38.248: [GC 38.248: [ParNew: 6915K->576K(7616K), 0.0011403 secs] 20516K->14177K(24732K), 0.0012059 secs] [Times: user=0.00 sys=0.00, real=0.00 secs] 
38.253: [GC 38.253: [ParNew: 7104K->879K(7616K), 0.0013853 secs] 20705K->14480K(24732K), 0.0014900 secs] [Times: user=0.00 sys=0.00, real=0.00 secs] 
38.259: [GC 38.259: [ParNew: 7393K->744K(7616K), 0.0012314 secs] 20994K->14514K(24732K), 0.0013053 secs] [Times: user=0.01 sys=0.00, real=0.00 secs] 
38.265: [GC 38.265: [ParNew: 7252K->671K(7616K), 0.0011012 secs] 21022K->14501K(24732K), 0.0011647 secs] [Times: user=0.01 sys=0.00, real=0.00 secs] 
38.271: [GC 38.271: [ParNew: 7154K->662K(7616K), 0.0012476 secs] 20984K->14600K(24732K), 0.0013548 secs] [Times: user=0.00 sys=0.00, real=0.00 secs] 
38.277: [GC 38.277: [ParNew: 7186K->384K(7616K), 0.0014129 secs] 21124K->14697K(24732K), 0.0015022 secs] [Times: user=0.00 sys=0.01, real=0.01 secs] 
38.282: [GC 38.283: [ParNew: 6894K->652K(7616K), 0.0014568 secs] 21207K->14966K(24732K), 0.0015380 secs] [Times: user=0.00 sys=0.00, real=0.00 secs] 
38.289: [GC 38.289: [ParNew: 7149K->821K(7616K), 0.0011889 secs] 21462K->15260K(24732K), 0.0012505 secs] [Times: user=0.00 sys=0.00, real=0.00 secs] 
38.296: [GC 38.296: [ParNew: 7334K->534K(7616K), 0.0012557 secs] 21772K->15316K(24732K), 0.0013414 secs] [Times: user=0.00 sys=0.00, real=0.00 secs] 
38.301: [GC 38.301: [ParNew: 7058K->1048K(7616K), 0.0013336 secs] 21840K->15830K(24732K), 0.0014010 secs] [Times: user=0.00 sys=0.00, real=0.00 secs] 
38.307: [GC 38.307: [ParNew: 7562K->327K(7616K), 0.0016349 secs] 22344K->16054K(24732K), 0.0017075 secs] [Times: user=0.01 sys=0.00, real=0.01 secs] 
38.313: [GC 38.313: [ParNew: 6827K->965K(7616K), 0.0014082 secs] 22554K->16851K(24732K), 0.0014859 secs] [Times: user=0.01 sys=0.00, real=0.00 secs] 
38.319: [GC 38.319: [ParNew: 7461K->420K(7616K), 0.0014936 secs] 23347K->16919K(24732K), 0.0016284 secs] [Times: user=0.01 sys=0.00, real=0.00 secs] 
38.325: [GC 38.325: [ParNew: 6887K->380K(7616K), 0.0009840 secs] 23386K->16878K(24732K), 0.0010342 secs] [Times: user=0.00 sys=0.00, real=0.00 secs] 
38.330: [GC 38.330: [ParNew: 6869K->340K(7616K), 0.0007925 secs] 23368K->16838K(24732K), 0.0008409 secs] [Times: user=0.00 sys=0.00, real=0.00 secs] 
38.336: [GC 38.336: [ParNew: 6817K->546K(7616K), 0.0018317 secs] 23316K->17044K(24732K), 0.0019003 secs] [Times: user=0.00 sys=0.00, real=0.00 secs] 
38.342: [GC 38.342: [ParNew: 7007K->996K(7616K), 0.0014470 secs] 23505K->17650K(24732K), 0.0015221 secs] [Times: user=0.00 sys=0.00, real=0.00 secs] 
38.348: [GC 38.349: [ParNew: 7479K->552K(7616K), 0.0016586 secs]38.350: [Tenured: 17138K->9470K(17308K), 0.0731895 secs] 24134K->9470K(24924K), [Perm : 10706K->10706K(21248K)], 0.0751028 secs] [Times: user=0.07 sys=0.00, real=0.07 secs] 
38.428: [GC 38.428: [ParNew: 6527K->168K(7616K), 0.0007228 secs] 15997K->9639K(24732K), 0.0007939 secs] [Times: user=0.00 sys=0.00, real=0.01 secs] 
38.433: [GC 38.433: [ParNew: 6574K->332K(7616K), 0.0007475 secs] 16045K->9802K(24732K), 0.0007957 secs] [Times: user=0.00 sys=0.00, real=0.00 secs] 
38.438: [GC 38.438: [ParNew: 6840K->539K(7616K), 0.0016034 secs] 16311K->10009K(24732K), 0.0016734 secs] [Times: user=0.01 sys=0.00, real=0.01 secs] 
38.444: [GC 38.444: [ParNew: 7061K->618K(7616K), 0.0011729 secs] 16531K->10089K(24732K), 0.0012507 secs] [Times: user=0.00 sys=0.00, real=0.00 secs] 
38.449: [GC 38.449: [ParNew: 7111K->614K(7616K), 0.0013666 secs] 16581K->10304K(24732K), 0.0014362 secs] [Times: user=0.00 sys=0.00, real=0.00 secs] 
38.456: [GC 38.456: [ParNew: 7113K->453K(7616K), 0.0009943 secs] 16804K->10305K(24732K), 0.0010527 secs] [Times: user=0.00 sys=0.00, real=0.00 secs] 
38.463: [GC 38.463: [ParNew: 6958K->955K(7616K), 0.0012088 secs] 16810K->10807K(24732K), 0.0012976 secs] [Times: user=0.00 sys=0.00, real=0.00 secs] 
38.469: [GC 38.469: [ParNew: 7448K->207K(7616K), 0.0011027 secs] 17299K->10704K(24732K), 0.0011824 secs] [Times: user=0.00 sys=0.00, real=0.00 secs] 
38.475: [GC 38.475: [ParNew: 6722K->432K(7616K), 0.0008675 secs] 17219K->10929K(24732K), 0.0009189 secs] [Times: user=0.00 sys=0.00, real=0.00 secs] 
38.481: [GC 38.481: [ParNew: 6935K->976K(7616K), 0.0015292 secs] 17431K->11472K(24732K), 0.0016238 secs] [Times: user=0.01 sys=0.00, real=0.00 secs] 
38.487: [GC 38.487: [ParNew: 7498K->214K(7616K), 0.0020449 secs] 17994K->11379K(24732K), 0.0021270 secs] [Times: user=0.00 sys=0.00, real=0.01 secs] 
38.493: [GC 38.493: [ParNew: 6728K->691K(7616K), 0.0010322 secs] 17894K->11857K(24732K), 0.0010930 secs] [Times: user=0.00 sys=0.00, real=0.00 secs] 
38.499: [GC 38.499: [ParNew: 7128K->334K(7616K), 0.0009076 secs] 18293K->11692K(24732K), 0.0009636 secs] [Times: user=0.00 sys=0.00, real=0.00 secs] 
38.507: [GC 38.507: [ParNew: 6793K->498K(7616K), 0.0010556 secs] 18151K->11855K(24732K), 0.0011192 secs] [Times: user=0.00 sys=0.00, real=0.00 secs] 
38.515: [GC 38.515: [ParNew: 7026K->331K(7616K), 0.0012721 secs] 18383K->11688K(24732K), 0.0014823 secs] [Times: user=0.00 sys=0.00, real=0.00 secs] 
38.523: [GC 38.523: [ParNew: 6857K->474K(7616K), 0.0012964 secs] 18215K->11831K(24732K), 0.0013887 secs] [Times: user=0.01 sys=0.00, real=0.00 secs] 
38.530: [GC 38.530: [ParNew: 6901K->971K(7616K), 0.0011870 secs] 18259K->12329K(24732K), 0.0012558 secs] [Times: user=0.00 sys=0.00, real=0.00 secs] 
38.537: [GC 38.537: [ParNew: 7499K->325K(7616K), 0.0020947 secs] 18857K->12586K(24732K), 0.0021635 secs] [Times: user=0.00 sys=0.00, real=0.01 secs] 
38.547: [GC 38.547: [ParNew: 6849K->362K(7616K), 0.0008737 secs] 19110K->12623K(24732K), 0.0009282 secs] [Times: user=0.00 sys=0.00, real=0.01 secs] 
38.553: [GC 38.553: [ParNew: 6853K->585K(7616K), 0.0011659 secs] 19114K->12846K(24732K), 0.0012338 secs] [Times: user=0.00 sys=0.00, real=0.00 secs] 
38.558: [GC 38.558: [ParNew: 7110K->716K(7616K), 0.0016024 secs] 19371K->13257K(24732K), 0.0016713 secs] [Times: user=0.00 sys=0.00, real=0.01 secs] 
38.569: [GC 38.569: [ParNew: 7244K->204K(7616K), 0.0015086 secs] 19785K->13366K(24732K), 0.0015775 secs] [Times: user=0.00 sys=0.00, real=0.00 secs] 
38.574: [GC 38.574: [ParNew: 6718K->364K(7616K), 0.0010926 secs] 19880K->13526K(24732K), 0.0011655 secs] [Times: user=0.00 sys=0.00, real=0.00 secs] 
38.579: [GC 38.580: [ParNew: 6841K->534K(7616K), 0.0010434 secs] 20003K->13696K(24732K), 0.0011062 secs] [Times: user=0.00 sys=0.00, real=0.00 secs] 
38.585: [GC 38.585: [ParNew: 7036K->592K(7616K), 0.0012686 secs] 20198K->13754K(24732K), 0.0013454 secs] [Times: user=0.01 sys=0.00, real=0.00 secs] 
38.590: [GC 38.590: [ParNew: 7075K->658K(7616K), 0.0018697 secs] 20237K->13995K(24732K), 0.0019623 secs] [Times: user=0.01 sys=0.00, real=0.00 secs] 
38.596: [GC 38.596: [ParNew: 7164K->958K(7616K), 0.0014719 secs] 20501K->14424K(24732K), 0.0015439 secs] [Times: user=0.00 sys=0.00, real=0.00 secs] 
38.603: [GC 38.603: [ParNew: 7473K->957K(7616K), 0.0020004 secs] 20939K->14891K(24732K), 0.0021026 secs] [Times: user=0.00 sys=0.00, real=0.00 secs] 
38.610: [GC 38.611: [ParNew: 7437K->150K(7616K), 0.0017694 secs] 21371K->14922K(24732K), 0.0018673 secs] [Times: user=0.00 sys=0.00, real=0.00 secs] 
38.616: [GC 38.616: [ParNew: 6647K->229K(7616K), 0.0011480 secs] 21418K->15000K(24732K), 0.0012163 secs] [Times: user=0.00 sys=0.00, real=0.00 secs] 
38.621: [GC 38.621: [ParNew: 6755K->259K(7616K), 0.0008561 secs] 21526K->15030K(24732K), 0.0009062 secs] [Times: user=0.00 sys=0.00, real=0.00 secs] 
38.627: [GC 38.627: [ParNew: 6744K->630K(7616K), 0.0012490 secs] 21515K->15401K(24732K), 0.0013399 secs] [Times: user=0.00 sys=0.00, real=0.01 secs] 
38.636: [GC 38.636: [ParNew: 7149K->536K(7616K), 0.0012056 secs] 21920K->15420K(24732K), 0.0012987 secs] [Times: user=0.01 sys=0.01, real=0.00 secs] 
38.642: [GC 38.642: [ParNew: 7054K->907K(7616K), 0.0012339 secs] 21938K->15791K(24732K), 0.0013025 secs] [Times: user=0.01 sys=0.00, real=0.00 secs] 
38.648: [GC 38.648: [ParNew: 7398K->524K(7616K), 0.0014345 secs] 22282K->15807K(24732K), 0.0015074 secs] [Times: user=0.01 sys=0.00, real=0.00 secs] 
38.656: [GC 38.656: [ParNew: 7034K->644K(7616K), 0.0010763 secs] 22317K->15927K(24732K), 0.0011502 secs] [Times: user=0.01 sys=0.00, real=0.00 secs] 
38.662: [GC 38.662: [ParNew: 7114K->388K(7616K), 0.0015405 secs] 22397K->15918K(24732K), 0.0016051 secs] [Times: user=0.00 sys=0.00, real=0.00 secs] 
38.668: [GC 38.668: [ParNew: 6904K->815K(7616K), 0.0012563 secs] 22435K->16345K(24732K), 0.0013219 secs] [Times: user=0.01 sys=0.00, real=0.01 secs] 
38.673: [GC 38.673: [ParNew: 7331K->521K(7616K), 0.0014322 secs] 22861K->16365K(24732K), 0.0015121 secs] [Times: user=0.01 sys=0.00, real=0.00 secs] 
38.679: [GC 38.679: [ParNew: 7047K->585K(7616K), 0.0014074 secs] 22892K->16430K(24732K), 0.0014675 secs] [Times: user=0.00 sys=0.00, real=0.00 secs] 
38.684: [GC 38.684: [ParNew: 7088K->604K(7616K), 0.0016016 secs] 22933K->16679K(24732K), 0.0016924 secs] [Times: user=0.00 sys=0.00, real=0.00 secs] 
38.690: [GC 38.690: [ParNew: 7103K->439K(7616K), 0.0018261 secs] 23178K->16719K(24732K), 0.0019129 secs] [Times: user=0.00 sys=0.00, real=0.00 secs] 
38.696: [GC 38.696: [ParNew: 6941K->425K(7616K), 0.0010538 secs] 23221K->16704K(24732K), 0.0011237 secs] [Times: user=0.00 sys=0.00, real=0.00 secs] 
38.701: [GC 38.701: [ParNew: 6945K->559K(7616K), 0.0010928 secs] 23224K->16839K(24732K), 0.0011543 secs] [Times: user=0.00 sys=0.00, real=0.00 secs] 
38.706: [GC 38.706: [ParNew: 7010K->655K(7616K), 0.0012975 secs] 23290K->17033K(24732K), 0.0013630 secs] [Times: user=0.01 sys=0.00, real=0.00 secs] 
38.711: [GC 38.712: [ParNew: 7176K->683K(7616K), 0.0014216 secs] 23554K->17306K(24732K), 0.0014893 secs] [Times: user=0.01 sys=0.00, real=0.00 secs] 
38.717: [GC 38.717: [ParNew: 7210K->450K(7616K), 0.0011224 secs] 23833K->17228K(24732K), 0.0012223 secs] [Times: user=0.00 sys=0.00, real=0.01 secs] 
38.722: [GC 38.723: [ParNew: 6958K->1058K(7616K), 0.0016078 secs] 23736K->17987K(24732K), 0.0016810 secs] [Times: user=0.00 sys=0.00, real=0.00 secs] 
38.728: [GC 38.728: [ParNew: 7554K->90K(7616K), 0.0021253 secs]38.730: [Tenured: 17926K->9140K(18076K), 0.0710559 secs] 24482K->9140K(25692K), [Perm : 10706K->10706K(21248K)], 0.0739073 secs] [Times: user=0.07 sys=0.01, real=0.08 secs] 
38.811: [GC 38.811: [ParNew: 6528K->296K(7616K), 0.0010699 secs] 15668K->9436K(24732K), 0.0011431 secs] [Times: user=0.00 sys=0.00, real=0.00 secs] 
38.816: [GC 38.816: [ParNew: 6809K->243K(7616K), 0.0008041 secs] 15949K->9383K(24732K), 0.0008559 secs] [Times: user=0.00 sys=0.00, real=0.00 secs] 
38.821: [GC 38.822: [ParNew: 6765K->422K(7616K), 0.0008798 secs] 15906K->9562K(24732K), 0.0009327 secs] [Times: user=0.00 sys=0.00, real=0.00 secs] 
38.827: [GC 38.827: [ParNew: 6941K->792K(7616K), 0.0011160 secs] 16081K->9933K(24732K), 0.0011821 secs] [Times: user=0.00 sys=0.00, real=0.00 secs] 
38.832: [GC 38.832: [ParNew: 7273K->951K(7616K), 0.0016492 secs] 16414K->10403K(24732K), 0.0017431 secs] [Times: user=0.00 sys=0.00, real=0.00 secs] 
38.839: [GC 38.839: [ParNew: 7455K->515K(7616K), 0.0010723 secs] 16907K->10285K(24732K), 0.0011515 secs] [Times: user=0.00 sys=0.00, real=0.00 secs] 
38.845: [GC 38.845: [ParNew: 7042K->933K(7616K), 0.0019758 secs] 16813K->10704K(24732K), 0.0020671 secs] [Times: user=0.01 sys=0.00, real=0.00 secs] 
38.852: [GC 38.852: [ParNew: 7417K->610K(7616K), 0.0014964 secs] 17188K->10787K(24732K), 0.0015803 secs] [Times: user=0.01 sys=0.00, real=0.00 secs] 
38.857: [GC 38.857: [ParNew: 7094K->179K(7616K), 0.0010996 secs] 17271K->10734K(24732K), 0.0011619 secs] [Times: user=0.00 sys=0.00, real=0.01 secs] 
38.863: [GC 38.863: [ParNew: 6686K->574K(7616K), 0.0009848 secs] 17240K->11128K(24732K), 0.0010447 secs] [Times: user=0.00 sys=0.00, real=0.00 secs] 
38.868: [GC 38.868: [ParNew: 7095K->525K(7616K), 0.0010287 secs] 17649K->11207K(24732K), 0.0010929 secs] [Times: user=0.00 sys=0.00, real=0.00 secs] 
38.875: [GC 38.875: [ParNew: 7027K->1067K(7616K), 0.0013435 secs] 17709K->11749K(24732K), 0.0014435 secs] [Times: user=0.00 sys=0.00, real=0.00 secs] 
38.882: [GC 38.882: [ParNew: 7595K->228K(7616K), 0.0013354 secs] 18277K->11599K(24732K), 0.0014329 secs] [Times: user=0.00 sys=0.00, real=0.00 secs] 
38.891: [GC 38.891: [ParNew: 6741K->450K(7616K), 0.0011488 secs] 18112K->11821K(24732K), 0.0012284 secs] [Times: user=0.00 sys=0.00, real=0.00 secs] 
38.897: [GC 38.897: [ParNew: 6895K->822K(7616K), 0.0010864 secs] 18266K->12192K(24732K), 0.0011506 secs] [Times: user=0.01 sys=0.00, real=0.00 secs] 
38.902: [GC 38.902: [ParNew: 7307K->621K(7616K), 0.0017793 secs] 18678K->12232K(24732K), 0.0018580 secs] [Times: user=0.01 sys=0.00, real=0.00 secs] 
38.908: [GC 38.908: [ParNew: 7139K->412K(7616K), 0.0010698 secs] 18750K->12171K(24732K), 0.0011323 secs] [Times: user=0.00 sys=0.00, real=0.01 secs] 
38.913: [GC 38.913: [ParNew: 6922K->289K(7616K), 0.0007587 secs] 18680K->12048K(24732K), 0.0008136 secs] [Times: user=0.00 sys=0.00, real=0.00 secs] 
38.917: [GC 38.917: [ParNew: 6810K->356K(7616K), 0.0010700 secs] 18568K->12114K(24732K), 0.0011263 secs] [Times: user=0.00 sys=0.00, real=0.01 secs] 
38.923: [GC 38.923: [ParNew: 6881K->646K(7616K), 0.0012505 secs] 18639K->12405K(24732K), 0.0013160 secs] [Times: user=0.00 sys=0.00, real=0.00 secs] 
38.928: [GC 38.928: [ParNew: 7158K->541K(7616K), 0.0014102 secs] 18917K->12464K(24732K), 0.0014803 secs] [Times: user=0.01 sys=0.00, real=0.01 secs] 
38.935: [GC 38.935: [ParNew: 7020K->830K(7616K), 0.0013730 secs] 18942K->12753K(24732K), 0.0014752 secs] [Times: user=0.01 sys=0.00, real=0.00 secs] 
38.940: [GC 38.940: [ParNew: 7319K->345K(7616K), 0.0010739 secs] 19242K->12645K(24732K), 0.0011464 secs] [Times: user=0.00 sys=0.00, real=0.00 secs] 
38.947: [GC 38.947: [ParNew: 6854K->529K(7616K), 0.0009502 secs] 19154K->12829K(24732K), 0.0010307 secs] [Times: user=0.00 sys=0.00, real=0.00 secs] 
38.952: [GC 38.952: [ParNew: 6989K->987K(7616K), 0.0017929 secs] 19288K->13438K(24732K), 0.0018632 secs] [Times: user=0.00 sys=0.00, real=0.00 secs] 
38.961: [GC 38.961: [ParNew: 7502K->495K(7616K), 0.0015162 secs] 19953K->13448K(24732K), 0.0015824 secs] [Times: user=0.00 sys=0.00, real=0.00 secs] 
38.968: [GC 38.969: [ParNew: 7023K->504K(7616K), 0.0016038 secs] 19976K->13457K(24732K), 0.0017260 secs] [Times: user=0.00 sys=0.00, real=0.00 secs] 
38.975: [GC 38.975: [ParNew: 7032K->556K(7616K), 0.0017685 secs] 19985K->13508K(24732K), 0.0018445 secs] [Times: user=0.00 sys=0.00, real=0.00 secs] 
38.981: [GC 38.981: [ParNew: 7082K->628K(7616K), 0.0012966 secs] 20034K->13825K(24732K), 0.0013646 secs] [Times: user=0.00 sys=0.00, real=0.00 secs] 
38.986: [GC 38.986: [ParNew: 7138K->759K(7616K), 0.0015192 secs] 20336K->14179K(24732K), 0.0016124 secs] [Times: user=0.00 sys=0.00, real=0.00 secs] 
38.992: [GC 38.993: [ParNew: 7247K->437K(7616K), 0.0016456 secs] 20667K->14251K(24732K), 0.0017262 secs] [Times: user=0.00 sys=0.00, real=0.00 secs] 
38.998: [GC 38.998: [ParNew: 6945K->471K(7616K), 0.0009963 secs] 20760K->14285K(24732K), 0.0010574 secs] [Times: user=0.01 sys=0.01, real=0.01 secs] 
39.004: [GC 39.004: [ParNew: 6995K->1073K(7616K), 0.0015865 secs] 20809K->15155K(24732K), 0.0016765 secs] [Times: user=0.01 sys=0.00, real=0.00 secs] 
39.011: [GC 39.011: [ParNew: 7456K->208K(7616K), 0.0017523 secs] 21538K->15094K(24732K), 0.0018401 secs] [Times: user=0.00 sys=0.00, real=0.00 secs] 
39.020: [GC 39.020: [ParNew: 6712K->558K(7616K), 0.0012111 secs] 21598K->15444K(24732K), 0.0012690 secs] [Times: user=0.00 sys=0.00, real=0.00 secs] 
39.026: [GC 39.026: [ParNew: 7082K->785K(7616K), 0.0013054 secs] 21967K->15803K(24732K), 0.0013762 secs] [Times: user=0.00 sys=0.00, real=0.00 secs] 
39.034: [GC 39.034: [ParNew: 7305K->931K(7616K), 0.0020163 secs] 22324K->16319K(24732K), 0.0020904 secs] [Times: user=0.00 sys=0.00, real=0.00 secs] 
39.040: [GC 39.040: [ParNew: 7453K->154K(7616K), 0.0012741 secs] 22841K->16294K(24732K), 0.0013431 secs] [Times: user=0.00 sys=0.00, real=0.00 secs] 
39.045: [GC 39.045: [ParNew: 6618K->397K(7616K), 0.0012821 secs] 22759K->16537K(24732K), 0.0013582 secs] [Times: user=0.00 sys=0.00, real=0.00 secs] 
39.050: [GC 39.051: [ParNew: 6920K->608K(7616K), 0.0012021 secs] 23060K->16748K(24732K), 0.0012641 secs] [Times: user=0.00 sys=0.00, real=0.00 secs] 
39.057: [GC 39.057: [ParNew: 7128K->1022K(7616K), 0.0016279 secs] 23268K->17279K(24732K), 0.0017016 secs] [Times: user=0.01 sys=0.00, real=0.01 secs] 
39.065: [GC 39.065: [ParNew: 7545K->380K(7616K), 0.0014547 secs]39.066: [Tenured: 17117K->8452K(17308K), 0.0723616 secs] 23801K->8452K(24924K), [Perm : 10706K->10706K(21248K)], 0.0741540 secs] [Times: user=0.07 sys=0.00, real=0.08 secs] 
39.143: [GC 39.143: [ParNew: 6507K->251K(7616K), 0.0007761 secs] 14959K->8704K(24732K), 0.0008343 secs] [Times: user=0.00 sys=0.00, real=0.00 secs] 
39.148: [GC 39.148: [ParNew: 6745K->327K(7616K), 0.0008943 secs] 15197K->8779K(24732K), 0.0009535 secs] [Times: user=0.00 sys=0.00, real=0.01 secs] 
39.153: [GC 39.153: [ParNew: 6831K->414K(7616K), 0.0008881 secs] 15283K->8867K(24732K), 0.0009511 secs] [Times: user=0.00 sys=0.00, real=0.00 secs] 
39.158: [GC 39.158: [ParNew: 6942K->520K(7616K), 0.0011152 secs] 15395K->8972K(24732K), 0.0011761 secs] [Times: user=0.00 sys=0.00, real=0.01 secs] 
39.164: [GC 39.164: [ParNew: 7023K->660K(7616K), 0.0009627 secs] 15476K->9113K(24732K), 0.0010169 secs] [Times: user=0.00 sys=0.00, real=0.00 secs] 
39.169: [GC 39.169: [ParNew: 7163K->444K(7616K), 0.0010870 secs] 15615K->9065K(24732K), 0.0011459 secs] [Times: user=0.00 sys=0.00, real=0.00 secs] 
39.175: [GC 39.175: [ParNew: 6965K->475K(7616K), 0.0010056 secs] 15586K->9096K(24732K), 0.0010632 secs] [Times: user=0.00 sys=0.00, real=0.00 secs] 
39.180: [GC 39.180: [ParNew: 6959K->1005K(7616K), 0.0012186 secs] 15580K->9625K(24732K), 0.0012890 secs] [Times: user=0.00 sys=0.00, real=0.00 secs] 
39.185: [GC 39.185: [ParNew: 7493K->324K(7616K), 0.0021667 secs] 16114K->9827K(24732K), 0.0022404 secs] [Times: user=0.01 sys=0.00, real=0.00 secs] 
39.192: [GC 39.192: [ParNew: 6845K->377K(7616K), 0.0012758 secs] 16348K->9880K(24732K), 0.0013480 secs] [Times: user=0.01 sys=0.00, real=0.00 secs] 
39.197: [GC 39.197: [ParNew: 6887K->433K(7616K), 0.0009278 secs] 16390K->9937K(24732K), 0.0011267 secs] [Times: user=0.00 sys=0.00, real=0.01 secs] 
39.203: [GC 39.203: [ParNew: 6910K->789K(7616K), 0.0010392 secs] 16413K->10292K(24732K), 0.0011722 secs] [Times: user=0.00 sys=0.00, real=0.00 secs] 
39.209: [GC 39.209: [ParNew: 7307K->315K(7616K), 0.0010150 secs] 16810K->10140K(24732K), 0.0010773 secs] [Times: user=0.00 sys=0.00, real=0.00 secs] 
39.214: [GC 39.214: [ParNew: 6836K->588K(7616K), 0.0011038 secs] 16660K->10413K(24732K), 0.0011742 secs] [Times: user=0.00 sys=0.00, real=0.00 secs] 
39.219: [GC 39.219: [ParNew: 7101K->501K(7616K), 0.0009552 secs] 16926K->10391K(24732K), 0.0010198 secs] [Times: user=0.00 sys=0.00, real=0.00 secs] 
39.224: [GC 39.224: [ParNew: 7011K->437K(7616K), 0.0009078 secs] 16901K->10327K(24732K), 0.0009667 secs] [Times: user=0.01 sys=0.00, real=0.00 secs] 
39.229: [GC 39.229: [ParNew: 6945K->545K(7616K), 0.0009718 secs] 16836K->10435K(24732K), 0.0010295 secs] [Times: user=0.00 sys=0.00, real=0.00 secs] 
39.234: [GC 39.234: [ParNew: 7006K->787K(7616K), 0.0012189 secs] 16897K->10677K(24732K), 0.0012903 secs] [Times: user=0.00 sys=0.00, real=0.00 secs] 
39.240: [GC 39.240: [ParNew: 7281K->685K(7616K), 0.0013126 secs] 17171K->10781K(24732K), 0.0013825 secs] [Times: user=0.00 sys=0.00, real=0.00 secs] 
39.246: [GC 39.246: [ParNew: 7197K->806K(7616K), 0.0013083 secs] 17292K->11044K(24732K), 0.0013935 secs] [Times: user=0.00 sys=0.00, real=0.00 secs] 
39.252: [GC 39.252: [ParNew: 7324K->542K(7616K), 0.0013543 secs] 17562K->11134K(24732K), 0.0014243 secs] [Times: user=0.00 sys=0.00, real=0.00 secs] 
39.257: [GC 39.257: [ParNew: 7064K->620K(7616K), 0.0009981 secs] 17655K->11212K(24732K), 0.0010587 secs] [Times: user=0.00 sys=0.00, real=0.01 secs] 
39.262: [GC 39.262: [ParNew: 7142K->618K(7616K), 0.0010978 secs] 17734K->11309K(24732K), 0.0011668 secs] [Times: user=0.01 sys=0.00, real=0.00 secs] 
39.269: [GC 39.269: [ParNew: 7090K->534K(7616K), 0.0010713 secs] 17781K->11378K(24732K), 0.0011418 secs] [Times: user=0.01 sys=0.00, real=0.00 secs] 
39.274: [GC 39.274: [ParNew: 7048K->548K(7616K), 0.0010019 secs] 17891K->11392K(24732K), 0.0010597 secs] [Times: user=0.00 sys=0.00, real=0.00 secs] 
39.280: [GC 39.280: [ParNew: 7069K->630K(7616K), 0.0015534 secs] 17912K->11562K(24732K), 0.0016268 secs] [Times: user=0.00 sys=0.00, real=0.00 secs] 
39.285: [GC 39.285: [ParNew: 7156K->516K(7616K), 0.0015420 secs] 18088K->11570K(24732K), 0.0016081 secs] [Times: user=0.00 sys=0.00, real=0.00 secs] 
39.291: [GC 39.291: [ParNew: 7018K->865K(7616K), 0.0020239 secs] 18071K->11918K(24732K), 0.0021205 secs] [Times: user=0.00 sys=0.00, real=0.00 secs] 
39.297: [GC 39.298: [ParNew: 7348K->560K(7616K), 0.0015162 secs] 18401K->12221K(24732K), 0.0015963 secs] [Times: user=0.01 sys=0.00, real=0.01 secs] 
39.303: [GC 39.303: [ParNew: 7074K->393K(7616K), 0.0020287 secs] 18734K->12529K(24732K), 0.0021158 secs] [Times: user=0.01 sys=0.00, real=0.00 secs] 
39.309: [GC 39.309: [ParNew: 6888K->883K(7616K), 0.0012251 secs] 19024K->13019K(24732K), 0.0012926 secs] [Times: user=0.00 sys=0.00, real=0.00 secs] 
39.316: [GC 39.316: [ParNew: 7401K->421K(7616K), 0.0014958 secs] 19537K->13310K(24732K), 0.0015930 secs] [Times: user=0.00 sys=0.00, real=0.00 secs] 
39.322: [GC 39.322: [ParNew: 6904K->482K(7616K), 0.0009734 secs] 19794K->13371K(24732K), 0.0010394 secs] [Times: user=0.00 sys=0.00, real=0.00 secs] 
39.327: [GC 39.327: [ParNew: 7006K->673K(7616K), 0.0011243 secs] 19895K->13562K(24732K), 0.0011872 secs] [Times: user=0.00 sys=0.00, real=0.01 secs] 
39.333: [GC 39.333: [ParNew: 7181K->440K(7616K), 0.0013170 secs] 20071K->13676K(24732K), 0.0014076 secs] [Times: user=0.00 sys=0.00, real=0.00 secs] 
39.339: [GC 39.339: [ParNew: 6917K->494K(7616K), 0.0009030 secs] 20152K->13730K(24732K), 0.0009643 secs] [Times: user=0.00 sys=0.00, real=0.00 secs] 
39.344: [GC 39.344: [ParNew: 6984K->445K(7616K), 0.0010347 secs] 20220K->13680K(24732K), 0.0011085 secs] [Times: user=0.01 sys=0.00, real=0.00 secs] 
39.350: [GC 39.351: [ParNew: 6944K->590K(7616K), 0.0013533 secs] 20179K->13826K(24732K), 0.0014405 secs] [Times: user=0.01 sys=0.00, real=0.00 secs] 
39.356: [GC 39.356: [ParNew: 7064K->409K(7616K), 0.0011588 secs] 20299K->13775K(24732K), 0.0012235 secs] [Times: user=0.00 sys=0.00, real=0.00 secs] 
39.361: [GC 39.361: [ParNew: 6926K->949K(7616K), 0.0014673 secs] 20293K->14476K(24732K), 0.0015372 secs] [Times: user=0.00 sys=0.00, real=0.00 secs] 
39.366: [GC 39.366: [ParNew: 7463K->245K(7616K), 0.0015408 secs] 20990K->14681K(24732K), 0.0016311 secs] [Times: user=0.00 sys=0.00, real=0.00 secs] 
39.373: [GC 39.374: [ParNew: 6726K->957K(7616K), 0.0012346 secs] 21162K->15393K(24732K), 0.0013239 secs] [Times: user=0.00 sys=0.00, real=0.00 secs] 
39.380: [GC 39.380: [ParNew: 7435K->298K(7616K), 0.0015654 secs] 21871K->15624K(24732K), 0.0016419 secs] [Times: user=0.00 sys=0.00, real=0.00 secs] 
39.386: [GC 39.386: [ParNew: 6752K->624K(7616K), 0.0011858 secs] 22077K->15950K(24732K), 0.0012590 secs] [Times: user=0.00 sys=0.00, real=0.00 secs] 
39.393: [GC 39.393: [ParNew: 7121K->648K(7616K), 0.0014353 secs] 22447K->16203K(24732K), 0.0015335 secs] [Times: user=0.00 sys=0.00, real=0.00 secs] 
39.398: [GC 39.399: [ParNew: 7160K->252K(7616K), 0.0014147 secs] 22715K->16369K(24732K), 0.0014950 secs] [Times: user=0.01 sys=0.00, real=0.00 secs] 
39.404: [GC 39.404: [ParNew: 6767K->362K(7616K), 0.0008960 secs] 22884K->16479K(24732K), 0.0009479 secs] [Times: user=0.00 sys=0.00, real=0.00 secs] 
39.409: [GC 39.409: [ParNew: 6860K->1075K(7616K), 0.0016415 secs] 22977K->17303K(24732K), 0.0017170 secs] [Times: user=0.00 sys=0.00, real=0.00 secs] 
39.416: [GC 39.416: [ParNew: 7594K->209K(7616K), 0.0014444 secs] 23822K->17287K(24732K), 0.0015203 secs] [Times: user=0.00 sys=0.00, real=0.00 secs] 
39.422: [GC 39.422: [ParNew: 6673K->369K(7616K), 0.0008477 secs] 23751K->17446K(24732K), 0.0009327 secs] [Times: user=0.00 sys=0.00, real=0.00 secs] 
39.428: [GC 39.428: [ParNew: 6780K->822K(7616K), 0.0015184 secs] 23858K->17900K(24732K), 0.0015869 secs] [Times: user=0.00 sys=0.00, real=0.01 secs] 
39.435: [GC 39.435: [ParNew: 7344K->900K(7616K), 0.0023558 secs]39.437: [Tenured: 17118K->9083K(17308K), 0.0713115 secs] 24422K->9083K(24924K), [Perm : 10706K->10706K(21248K)], 0.0739320 secs] [Times: user=0.07 sys=0.01, real=0.08 secs] 
39.514: [GC 39.514: [ParNew: 6479K->680K(7616K), 0.0010275 secs] 15563K->9763K(24732K), 0.0010922 secs] [Times: user=0.00 sys=0.00, real=0.00 secs] 
39.520: [GC 39.520: [ParNew: 7147K->312K(7616K), 0.0012860 secs] 16231K->10014K(24732K), 0.0013538 secs] [Times: user=0.01 sys=0.00, real=0.00 secs] 
39.525: [GC 39.525: [ParNew: 6744K->739K(7616K), 0.0011370 secs] 16447K->10442K(24732K), 0.0011999 secs] [Times: user=0.01 sys=0.00, real=0.00 secs] 
39.531: [GC 39.531: [ParNew: 7210K->797K(7616K), 0.0012557 secs] 16912K->10751K(24732K), 0.0013234 secs] [Times: user=0.01 sys=0.00, real=0.00 secs] 
39.540: [GC 39.540: [ParNew: 7317K->812K(7616K), 0.0013336 secs] 17271K->11053K(24732K), 0.0014029 secs] [Times: user=0.00 sys=0.00, real=0.00 secs] 
39.547: [GC 39.547: [ParNew: 7290K->597K(7616K), 0.0030253 secs] 17531K->11276K(24732K), 0.0031161 secs] [Times: user=0.00 sys=0.00, real=0.01 secs] 
39.557: [GC 39.557: [ParNew: 7060K->643K(7616K), 0.0014116 secs] 17739K->11615K(24732K), 0.0014806 secs] [Times: user=0.00 sys=0.00, real=0.00 secs] 
39.562: [GC 39.562: [ParNew: 7081K->502K(7616K), 0.0010926 secs] 18053K->11618K(24732K), 0.0011745 secs] [Times: user=0.00 sys=0.00, real=0.00 secs] 
39.568: [GC 39.568: [ParNew: 7030K->510K(7616K), 0.0012816 secs] 18146K->11627K(24732K), 0.0013444 secs] [Times: user=0.00 sys=0.00, real=0.01 secs] 
39.573: [GC 39.573: [ParNew: 7028K->350K(7616K), 0.0008888 secs] 18144K->11466K(24732K), 0.0009413 secs] [Times: user=0.00 sys=0.00, real=0.00 secs] 
39.580: [GC 39.580: [ParNew: 6828K->499K(7616K), 0.0021632 secs] 17944K->11615K(24732K), 0.0022784 secs] [Times: user=0.00 sys=0.00, real=0.00 secs] 
39.589: [GC 39.589: [ParNew: 7021K->551K(7616K), 0.0008934 secs] 18138K->11667K(24732K), 0.0009694 secs] [Times: user=0.00 sys=0.00, real=0.00 secs] 
39.594: [GC 39.594: [ParNew: 7061K->524K(7616K), 0.0013212 secs] 18177K->11640K(24732K), 0.0014006 secs] [Times: user=0.01 sys=0.00, real=0.00 secs] 
39.600: [GC 39.600: [ParNew: 7021K->1039K(7616K), 0.0013856 secs] 18138K->12155K(24732K), 0.0014786 secs] [Times: user=0.00 sys=0.01, real=0.00 secs] 
39.606: [GC 39.606: [ParNew: 7520K->302K(7616K), 0.0015381 secs] 18636K->12243K(24732K), 0.0016230 secs] [Times: user=0.00 sys=0.00, real=0.00 secs] 
39.613: [GC 39.613: [ParNew: 6759K->693K(7616K), 0.0010576 secs] 18701K->12635K(24732K), 0.0011381 secs] [Times: user=0.00 sys=0.00, real=0.00 secs] 
39.618: [GC 39.618: [ParNew: 7140K->652K(7616K), 0.0012963 secs] 19082K->12814K(24732K), 0.0013724 secs] [Times: user=0.00 sys=0.00, real=0.01 secs] 
39.624: [GC 39.624: [ParNew: 7164K->462K(7616K), 0.0012497 secs] 19326K->13031K(24732K), 0.0013152 secs] [Times: user=0.00 sys=0.00, real=0.00 secs] 
39.631: [GC 39.631: [ParNew: 6962K->1007K(7616K), 0.0013693 secs] 19532K->13576K(24732K), 0.0014427 secs] [Times: user=0.00 sys=0.00, real=0.00 secs] 
39.636: [GC 39.636: [ParNew: 7525K->236K(7616K), 0.0023752 secs] 20095K->13753K(24732K), 0.0024550 secs] [Times: user=0.00 sys=0.00, real=0.01 secs] 
39.642: [GC 39.643: [ParNew: 6721K->290K(7616K), 0.0008581 secs] 20238K->13806K(24732K), 0.0009090 secs] [Times: user=0.00 sys=0.00, real=0.00 secs] 
39.647: [GC 39.647: [ParNew: 6792K->749K(7616K), 0.0013025 secs] 20309K->14266K(24732K), 0.0013808 secs] [Times: user=0.00 sys=0.00, real=0.01 secs] 
39.654: [GC 39.654: [ParNew: 7244K->548K(7616K), 0.0010905 secs] 20761K->14284K(24732K), 0.0011529 secs] [Times: user=0.01 sys=0.00, real=0.00 secs] 
39.659: [GC 39.659: [ParNew: 7062K->315K(7616K), 0.0012437 secs] 20797K->14495K(24732K), 0.0013080 secs] [Times: user=0.01 sys=0.00, real=0.00 secs] 
39.671: [GC 39.671: [ParNew: 6820K->537K(7616K), 0.0010419 secs] 21000K->14717K(24732K), 0.0011039 secs] [Times: user=0.01 sys=0.00, real=0.00 secs] 
39.678: [GC 39.678: [ParNew: 7033K->944K(7616K), 0.0013834 secs] 21213K->15123K(24732K), 0.0014546 secs] [Times: user=0.00 sys=0.00, real=0.01 secs] 
39.685: [GC 39.685: [ParNew: 7422K->580K(7616K), 0.0016083 secs] 21602K->15091K(24732K), 0.0016830 secs] [Times: user=0.00 sys=0.00, real=0.00 secs] 
39.691: [GC 39.691: [ParNew: 7107K->375K(7616K), 0.0009801 secs] 21619K->15090K(24732K), 0.0010407 secs] [Times: user=0.00 sys=0.00, real=0.00 secs] 
39.698: [GC 39.698: [ParNew: 6891K->1023K(7616K), 0.0014624 secs] 21606K->15738K(24732K), 0.0015781 secs] [Times: user=0.00 sys=0.00, real=0.00 secs] 
39.705: [GC 39.705: [ParNew: 7545K->238K(7616K), 0.0012596 secs] 22260K->15644K(24732K), 0.0013404 secs] [Times: user=0.00 sys=0.00, real=0.00 secs] 
39.712: [GC 39.712: [ParNew: 6766K->191K(7616K), 0.0008883 secs] 22172K->15597K(24732K), 0.0009451 secs] [Times: user=0.00 sys=0.00, real=0.00 secs] 
39.716: [GC 39.716: [ParNew: 6713K->621K(7616K), 0.0010928 secs] 22119K->16027K(24732K), 0.0011660 secs] [Times: user=0.00 sys=0.00, real=0.00 secs] 
39.723: [GC 39.724: [ParNew: 7090K->762K(7616K), 0.0012085 secs] 22495K->16305K(24732K), 0.0013144 secs] [Times: user=0.00 sys=0.00, real=0.00 secs] 
39.730: [GC 39.730: [ParNew: 7281K->659K(7616K), 0.0016275 secs] 22824K->16554K(24732K), 0.0017020 secs] [Times: user=0.00 sys=0.00, real=0.00 secs] 
39.740: [GC 39.740: [ParNew: 7180K->584K(7616K), 0.0011110 secs] 23075K->16648K(24732K), 0.0011936 secs] [Times: user=0.00 sys=0.00, real=0.00 secs] 
39.747: [GC 39.747: [ParNew: 7110K->248K(7616K), 0.0010727 secs] 23174K->16695K(24732K), 0.0011484 secs] [Times: user=0.00 sys=0.00, real=0.01 secs] 
39.753: [GC 39.753: [ParNew: 6776K->339K(7616K), 0.0007959 secs] 23223K->16785K(24732K), 0.0008560 secs] [Times: user=0.00 sys=0.00, real=0.00 secs] 
39.760: [GC 39.760: [ParNew: 6831K->634K(7616K), 0.0016243 secs] 23277K->17080K(24732K), 0.0017130 secs] [Times: user=0.01 sys=0.00, real=0.00 secs] 
39.767: [GC 39.767: [ParNew: 7152K->599K(7616K), 0.0010478 secs] 23598K->17162K(24732K), 0.0011134 secs] [Times: user=0.00 sys=0.00, real=0.00 secs] 
39.773: [GC 39.773: [ParNew: 7127K->426K(7616K), 0.0011221 secs] 23690K->17103K(24732K), 0.0011892 secs] [Times: user=0.00 sys=0.00, real=0.00 secs] 
39.779: [GC 39.779: [ParNew: 6939K->821K(7616K), 0.0011838 secs] 23616K->17498K(24732K), 0.0012584 secs] [Times: user=0.01 sys=0.00, real=0.00 secs] 
39.785: [GC 39.785: [ParNew: 7345K->550K(7616K), 0.0014337 secs] 24022K->17503K(24732K), 0.0015072 secs] [Times: user=0.00 sys=0.00, real=0.00 secs] 
39.791: [GC 39.791: [ParNew: 7074K->522K(7616K), 0.0010977 secs] 24027K->17552K(24732K), 0.0011556 secs] [Times: user=0.00 sys=0.00, real=0.00 secs] 
39.796: [GC 39.796: [ParNew: 6915K->759K(7616K), 0.0012442 secs] 23945K->17790K(24732K), 0.0013175 secs] [Times: user=0.00 sys=0.01, real=0.00 secs] 
39.802: [GC 39.803: [ParNew: 7185K->789K(7616K), 0.0015070 secs]39.804: [Tenured: 17305K->8502K(17308K), 0.0718786 secs] 24216K->8502K(24924K), [Perm : 10706K->10706K(21248K)], 0.0736641 secs] [Times: user=0.07 sys=0.00, real=0.07 secs] 
39.880: [GC 39.880: [ParNew: 6509K->429K(7616K), 0.0009930 secs] 15011K->8931K(24732K), 0.0010532 secs] [Times: user=0.00 sys=0.00, real=0.00 secs] 
39.888: [GC 39.888: [ParNew: 6938K->589K(7616K), 0.0011888 secs] 15440K->9091K(24732K), 0.0013192 secs] [Times: user=0.00 sys=0.00, real=0.00 secs] 
39.895: [GC 39.895: [ParNew: 7112K->336K(7616K), 0.0010830 secs] 15614K->9132K(24732K), 0.0011463 secs] [Times: user=0.00 sys=0.00, real=0.00 secs] 
39.899: [GC 39.900: [ParNew: 6834K->354K(7616K), 0.0012969 secs] 15629K->9149K(24732K), 0.0013918 secs] [Times: user=0.01 sys=0.00, real=0.00 secs] 
39.906: [GC 39.906: [ParNew: 6880K->995K(7616K), 0.0013092 secs] 15676K->9790K(24732K), 0.0014242 secs] [Times: user=0.01 sys=0.00, real=0.00 secs] 
39.913: [GC 39.913: [ParNew: 7523K->241K(7616K), 0.0012140 secs] 16318K->9720K(24732K), 0.0012988 secs] [Times: user=0.01 sys=0.00, real=0.00 secs] 
39.918: [GC 39.918: [ParNew: 6755K->361K(7616K), 0.0009200 secs] 16234K->9841K(24732K), 0.0010240 secs] [Times: user=0.00 sys=0.00, real=0.01 secs] 
39.923: [GC 39.923: [ParNew: 6886K->675K(7616K), 0.0010292 secs] 16365K->10154K(24732K), 0.0010908 secs] [Times: user=0.00 sys=0.00, real=0.00 secs] 
39.929: [GC 39.929: [ParNew: 7165K->905K(7616K), 0.0011938 secs] 16645K->10413K(24732K), 0.0012778 secs] [Times: user=0.00 sys=0.00, real=0.00 secs] 
39.935: [GC 39.936: [ParNew: 7417K->621K(7616K), 0.0023533 secs] 16925K->10447K(24732K), 0.0024387 secs] [Times: user=0.00 sys=0.00, real=0.00 secs] 
39.942: [GC 39.942: [ParNew: 7141K->515K(7616K), 0.0011681 secs] 16968K->10508K(24732K), 0.0012694 secs] [Times: user=0.00 sys=0.00, real=0.00 secs] 
39.947: [GC 39.947: [ParNew: 7023K->783K(7616K), 0.0012758 secs] 17016K->10776K(24732K), 0.0013407 secs] [Times: user=0.00 sys=0.00, real=0.01 secs] 
39.952: [GC 39.953: [ParNew: 7293K->576K(7616K), 0.0013192 secs] 17286K->10892K(24732K), 0.0013868 secs] [Times: user=0.01 sys=0.00, real=0.00 secs] 
39.958: [GC 39.958: [ParNew: 7101K->546K(7616K), 0.0029371 secs] 17417K->11210K(24732K), 0.0030112 secs] [Times: user=0.01 sys=0.00, real=0.01 secs] 
39.967: [GC 39.967: [ParNew: 7009K->826K(7616K), 0.0011205 secs] 17673K->11549K(24732K), 0.0011832 secs] [Times: user=0.01 sys=0.00, real=0.00 secs] 
39.973: [GC 39.974: [ParNew: 7305K->352K(7616K), 0.0013328 secs] 18029K->11825K(24732K), 0.0016612 secs] [Times: user=0.01 sys=0.00, real=0.00 secs] 
39.980: [GC 39.981: [ParNew: 6834K->718K(7616K), 0.0011073 secs] 18306K->12190K(24732K), 0.0011731 secs] [Times: user=0.00 sys=0.00, real=0.00 secs] 
39.992: [GC 39.992: [ParNew: 7227K->766K(7616K), 0.0012760 secs] 18699K->12503K(24732K), 0.0013421 secs] [Times: user=0.01 sys=0.00, real=0.00 secs] 
39.997: [GC 39.997: [ParNew: 7274K->440K(7616K), 0.0016154 secs] 19012K->12508K(24732K), 0.0016835 secs] [Times: user=0.00 sys=0.00, real=0.01 secs] 
40.002: [GC 40.002: [ParNew: 6968K->717K(7616K), 0.0012445 secs] 19036K->12784K(24732K), 0.0013099 secs] [Times: user=0.00 sys=0.00, real=0.00 secs] 
40.009: [GC 40.009: [ParNew: 7208K->1058K(7616K), 0.0020094 secs] 19275K->13453K(24732K), 0.0020943 secs] [Times: user=0.00 sys=0.00, real=0.00 secs] 
40.015: [GC 40.015: [ParNew: 7561K->342K(7616K), 0.0017357 secs] 19956K->13651K(24732K), 0.0018105 secs] [Times: user=0.00 sys=0.00, real=0.00 secs] 
40.022: [GC 40.022: [ParNew: 6858K->465K(7616K), 0.0009860 secs] 20167K->13774K(24732K), 0.0010531 secs] [Times: user=0.00 sys=0.00, real=0.00 secs] 
40.027: [GC 40.027: [ParNew: 6977K->796K(7616K), 0.0011903 secs] 20286K->14105K(24732K), 0.0012541 secs] [Times: user=0.00 sys=0.00, real=0.00 secs] 
40.034: [GC 40.034: [ParNew: 7322K->453K(7616K), 0.0012193 secs] 20631K->14151K(24732K), 0.0013003 secs] [Times: user=0.00 sys=0.00, real=0.00 secs] 
40.039: [GC 40.040: [ParNew: 6953K->704K(7616K), 0.0014637 secs] 20651K->14402K(24732K), 0.0015750 secs] [Times: user=0.00 sys=0.01, real=0.00 secs] 
40.050: [GC 40.050: [ParNew: 7232K->575K(7616K), 0.0012946 secs] 20930K->14609K(24732K), 0.0013642 secs] [Times: user=0.00 sys=0.00, real=0.00 secs] 
40.055: [GC 40.055: [ParNew: 7084K->769K(7616K), 0.0016036 secs] 21119K->14837K(24732K), 0.0016748 secs] [Times: user=0.00 sys=0.00, real=0.00 secs] 
40.061: [GC 40.061: [ParNew: 7293K->226K(7616K), 0.0029969 secs] 21361K->14734K(24732K), 0.0030943 secs] [Times: user=0.00 sys=0.00, real=0.00 secs] 
40.071: [GC 40.071: [ParNew: 6709K->494K(7616K), 0.0009517 secs] 21216K->15002K(24732K), 0.0010250 secs] [Times: user=0.00 sys=0.00, real=0.00 secs] 
40.076: [GC 40.076: [ParNew: 7021K->500K(7616K), 0.0011244 secs] 21528K->15008K(24732K), 0.0011818 secs] [Times: user=0.00 sys=0.00, real=0.00 secs] 
40.083: [GC 40.083: [ParNew: 7028K->648K(7616K), 0.0008945 secs] 21536K->15155K(24732K), 0.0009792 secs] [Times: user=0.00 sys=0.00, real=0.00 secs] 
40.091: [GC 40.091: [ParNew: 7159K->1040K(7616K), 0.0015830 secs] 21666K->15683K(24732K), 0.0016827 secs] [Times: user=0.01 sys=0.00, real=0.00 secs] 
40.096: [GC 40.096: [ParNew: 7551K->370K(7616K), 0.0016101 secs] 22193K->15941K(24732K), 0.0016835 secs] [Times: user=0.01 sys=0.00, real=0.00 secs] 
40.102: [GC 40.102: [ParNew: 6857K->543K(7616K), 0.0013282 secs] 22428K->16114K(24732K), 0.0013961 secs] [Times: user=0.01 sys=0.00, real=0.00 secs] 
40.107: [GC 40.107: [ParNew: 7071K->541K(7616K), 0.0013175 secs] 22642K->16112K(24732K), 0.0013957 secs] [Times: user=0.00 sys=0.00, real=0.01 secs] 
40.114: [GC 40.115: [ParNew: 7038K->896K(7616K), 0.0011082 secs] 22609K->16467K(24732K), 0.0011923 secs] [Times: user=0.00 sys=0.00, real=0.00 secs] 
40.120: [GC 40.120: [ParNew: 7422K->608K(7616K), 0.0012212 secs] 22993K->16424K(24732K), 0.0012906 secs] [Times: user=0.00 sys=0.00, real=0.00 secs] 
40.125: [GC 40.125: [ParNew: 7091K->373K(7616K), 0.0012044 secs] 22907K->16273K(24732K), 0.0012633 secs] [Times: user=0.00 sys=0.00, real=0.00 secs] 
40.131: [GC 40.131: [ParNew: 6850K->433K(7616K), 0.0009497 secs] 22750K->16333K(24732K), 0.0010039 secs] [Times: user=0.00 sys=0.00, real=0.00 secs] 
40.136: [GC 40.136: [ParNew: 6957K->470K(7616K), 0.0009925 secs] 22857K->16371K(24732K), 0.0010568 secs] [Times: user=0.00 sys=0.00, real=0.00 secs] 
40.142: [GC 40.142: [ParNew: 6935K->673K(7616K), 0.0011472 secs] 22836K->16574K(24732K), 0.0012102 secs] [Times: user=0.00 sys=0.00, real=0.00 secs] 
40.147: [GC 40.147: [ParNew: 7176K->656K(7616K), 0.0012428 secs] 23076K->16685K(24732K), 0.0013089 secs] [Times: user=0.01 sys=0.00, real=0.01 secs] 
40.155: [GC 40.156: [ParNew: 7160K->733K(7616K), 0.0013017 secs] 23189K->16878K(24732K), 0.0013712 secs] [Times: user=0.01 sys=0.00, real=0.00 secs] 
40.161: [GC 40.161: [ParNew: 7261K->451K(7616K), 0.0012887 secs] 23406K->16939K(24732K), 0.0013527 secs] [Times: user=0.01 sys=0.00, real=0.00 secs] 
40.167: [GC 40.167: [ParNew: 6961K->570K(7616K), 0.0010698 secs] 23449K->17058K(24732K), 0.0011283 secs] [Times: user=0.00 sys=0.00, real=0.00 secs] 
40.173: [GC 40.173: [ParNew: 7051K->660K(7616K), 0.0011661 secs] 23539K->17192K(24732K), 0.0012599 secs] [Times: user=0.00 sys=0.00, real=0.00 secs] 
40.180: [GC 40.180: [ParNew: 7188K->465K(7616K), 0.0012193 secs] 23720K->17202K(24732K), 0.0012800 secs] [Times: user=0.00 sys=0.00, real=0.00 secs] 
40.185: [GC 40.185: [ParNew: 6959K->376K(7616K), 0.0014196 secs] 23697K->17113K(24732K), 0.0014787 secs] [Times: user=0.00 sys=0.00, real=0.00 secs] 
40.191: [GC 40.191: [ParNew: 6878K->558K(7616K), 0.0011160 secs] 23615K->17296K(24732K), 0.0011912 secs] [Times: user=0.00 sys=0.00, real=0.00 secs] 
40.196: [GC 40.196: [ParNew: 7079K->625K(7616K), 0.0010068 secs] 23817K->17398K(24732K), 0.0010630 secs] [Times: user=0.00 sys=0.00, real=0.00 secs] 
40.202: [GC 40.202: [ParNew: 7117K->522K(7616K), 0.0011784 secs] 23890K->17453K(24732K), 0.0012426 secs] [Times: user=0.00 sys=0.00, real=0.00 secs] 
40.208: [GC 40.208: [ParNew: 6968K->1026K(7616K), 0.0017048 secs] 23898K->18032K(24732K), 0.0017957 secs] [Times: user=0.00 sys=0.00, real=0.01 secs] 
40.214: [GC 40.214: [ParNew: 7553K->420K(7616K), 0.0016206 secs]40.216: [Tenured: 17714K->8604K(17884K), 0.0719264 secs] 24560K->8604K(25500K), [Perm : 10706K->10706K(21248K)], 0.0741629 secs] [Times: user=0.07 sys=0.01, real=0.08 secs] 
40.292: [GC 40.292: [ParNew: 6508K->540K(7616K), 0.0009736 secs] 15113K->9145K(24732K), 0.0010332 secs] [Times: user=0.01 sys=0.00, real=0.00 secs] 
40.300: [GC 40.300: [ParNew: 7063K->875K(7616K), 0.0017437 secs] 15667K->9480K(24732K), 0.0018496 secs] [Times: user=0.00 sys=0.00, real=0.00 secs] 
40.306: [GC 40.307: [ParNew: 7403K->643K(7616K), 0.0015925 secs] 16008K->9680K(24732K), 0.0016787 secs] [Times: user=0.00 sys=0.00, real=0.01 secs] 
40.313: [GC 40.313: [ParNew: 7166K->585K(7616K), 0.0014147 secs] 16203K->9834K(24732K), 0.0014990 secs] [Times: user=0.00 sys=0.00, real=0.00 secs] 
40.319: [GC 40.319: [ParNew: 7097K->703K(7616K), 0.0017596 secs] 16346K->10189K(24732K), 0.0018429 secs] [Times: user=0.00 sys=0.00, real=0.00 secs] 
40.325: [GC 40.325: [ParNew: 7223K->463K(7616K), 0.0011454 secs] 16709K->10241K(24732K), 0.0012118 secs] [Times: user=0.00 sys=0.00, real=0.00 secs] 
40.330: [GC 40.330: [ParNew: 6976K->770K(7616K), 0.0012294 secs] 16754K->10548K(24732K), 0.0013235 secs] [Times: user=0.00 sys=0.00, real=0.00 secs] 
40.336: [GC 40.336: [ParNew: 7280K->936K(7616K), 0.0015067 secs] 17058K->10979K(24732K), 0.0015830 secs] [Times: user=0.00 sys=0.00, real=0.00 secs] 
40.342: [GC 40.342: [ParNew: 7450K->515K(7616K), 0.0013667 secs] 17494K->10985K(24732K), 0.0014358 secs] [Times: user=0.01 sys=0.00, real=0.00 secs] 
40.348: [GC 40.348: [ParNew: 7031K->771K(7616K), 0.0010344 secs] 17501K->11242K(24732K), 0.0010971 secs] [Times: user=0.01 sys=0.00, real=0.01 secs] 
40.354: [GC 40.354: [ParNew: 7299K->610K(7616K), 0.0012264 secs] 17770K->11337K(24732K), 0.0012933 secs] [Times: user=0.01 sys=0.00, real=0.00 secs] 
40.360: [GC 40.360: [ParNew: 7128K->328K(7616K), 0.0013562 secs] 17855K->11374K(24732K), 0.0014308 secs] [Times: user=0.01 sys=0.00, real=0.00 secs] 
40.367: [GC 40.367: [ParNew: 6851K->596K(7616K), 0.0010066 secs] 17897K->11642K(24732K), 0.0010703 secs] [Times: user=0.00 sys=0.00, real=0.00 secs] 
40.372: [GC 40.372: [ParNew: 7123K->773K(7616K), 0.0014292 secs] 18169K->12052K(24732K), 0.0015006 secs] [Times: user=0.00 sys=0.00, real=0.00 secs] 
40.378: [GC 40.378: [ParNew: 7299K->477K(7616K), 0.0012998 secs] 18578K->12048K(24732K), 0.0013644 secs] [Times: user=0.00 sys=0.00, real=0.01 secs] 
40.383: [GC 40.383: [ParNew: 6962K->947K(7616K), 0.0012608 secs] 18533K->12519K(24732K), 0.0013271 secs] [Times: user=0.00 sys=0.00, real=0.00 secs] 
40.389: [GC 40.389: [ParNew: 7471K->588K(7616K), 0.0012376 secs] 19042K->12612K(24732K), 0.0013020 secs] [Times: user=0.00 sys=0.00, real=0.00 secs] 
40.395: [GC 40.395: [ParNew: 7080K->602K(7616K), 0.0011857 secs] 19104K->12980K(24732K), 0.0012528 secs] [Times: user=0.00 sys=0.00, real=0.00 secs] 
40.400: [GC 40.400: [ParNew: 7117K->317K(7616K), 0.0011045 secs] 19496K->13011K(24732K), 0.0011824 secs] [Times: user=0.01 sys=0.00, real=0.00 secs] 
40.409: [GC 40.409: [ParNew: 6845K->304K(7616K), 0.0008236 secs] 19539K->12998K(24732K), 0.0008709 secs] [Times: user=0.01 sys=0.00, real=0.00 secs] 
40.415: [GC 40.415: [ParNew: 6832K->450K(7616K), 0.0016827 secs] 19526K->13144K(24732K), 0.0017535 secs] [Times: user=0.01 sys=0.00, real=0.00 secs] 
40.422: [GC 40.422: [ParNew: 6935K->876K(7616K), 0.0011686 secs] 19629K->13570K(24732K), 0.0012599 secs] [Times: user=0.00 sys=0.00, real=0.00 secs] 
40.427: [GC 40.427: [ParNew: 7401K->348K(7616K), 0.0014941 secs] 20095K->13418K(24732K), 0.0015635 secs] [Times: user=0.00 sys=0.00, real=0.01 secs] 
40.433: [GC 40.433: [ParNew: 6870K->471K(7616K), 0.0009641 secs] 19939K->13541K(24732K), 0.0010524 secs] [Times: user=0.00 sys=0.00, real=0.00 secs] 
40.438: [GC 40.438: [ParNew: 6945K->871K(7616K), 0.0016172 secs] 20015K->13940K(24732K), 0.0017002 secs] [Times: user=0.00 sys=0.00, real=0.00 secs] 
40.444: [GC 40.444: [ParNew: 7378K->554K(7616K), 0.0013206 secs] 20447K->14036K(24732K), 0.0014945 secs] [Times: user=0.00 sys=0.00, real=0.00 secs] 
40.449: [GC 40.449: [ParNew: 7042K->429K(7616K), 0.0010515 secs] 20524K->14052K(24732K), 0.0011204 secs] [Times: user=0.00 sys=0.00, real=0.00 secs] 
40.454: [GC 40.454: [ParNew: 6943K->489K(7616K), 0.0010088 secs] 20566K->14112K(24732K), 0.0010659 secs] [Times: user=0.01 sys=0.00, real=0.00 secs] 
40.459: [GC 40.459: [ParNew: 6954K->750K(7616K), 0.0011082 secs] 20577K->14373K(24732K), 0.0011811 secs] [Times: user=0.01 sys=0.00, real=0.00 secs] 
40.466: [GC 40.466: [ParNew: 7260K->659K(7616K), 0.0013001 secs] 20883K->14581K(24732K), 0.0013692 secs] [Times: user=0.00 sys=0.00, real=0.00 secs] 
40.472: [GC 40.472: [ParNew: 7112K->780K(7616K), 0.0013675 secs] 21034K->14874K(24732K), 0.0014393 secs] [Times: user=0.00 sys=0.00, real=0.00 secs] 
40.477: [GC 40.477: [ParNew: 7306K->529K(7616K), 0.0012186 secs] 21400K->14792K(24732K), 0.0012964 secs] [Times: user=0.00 sys=0.01, real=0.01 secs] 
40.485: [GC 40.485: [ParNew: 7032K->505K(7616K), 0.0008554 secs] 21295K->14768K(24732K), 0.0009255 secs] [Times: user=0.00 sys=0.00, real=0.00 secs] 
40.495: [GC 40.495: [ParNew: 7022K->619K(7616K), 0.0010877 secs] 21285K->14882K(24732K), 0.0011726 secs] [Times: user=0.00 sys=0.00, real=0.00 secs] 
40.501: [GC 40.501: [ParNew: 7147K->441K(7616K), 0.0012347 secs] 21410K->14906K(24732K), 0.0012981 secs] [Times: user=0.00 sys=0.00, real=0.00 secs] 
40.506: [GC 40.506: [ParNew: 6967K->535K(7616K), 0.0011186 secs] 21432K->15000K(24732K), 0.0011895 secs] [Times: user=0.00 sys=0.00, real=0.00 secs] 
40.512: [GC 40.512: [ParNew: 7041K->731K(7616K), 0.0010597 secs] 21506K->15196K(24732K), 0.0011296 secs] [Times: user=0.00 sys=0.00, real=0.00 secs] 
40.517: [GC 40.517: [ParNew: 7244K->451K(7616K), 0.0012848 secs] 21709K->15134K(24732K), 0.0013704 secs] [Times: user=0.00 sys=0.00, real=0.01 secs] 
40.524: [GC 40.524: [ParNew: 6955K->823K(7616K), 0.0012042 secs] 21638K->15506K(24732K), 0.0012861 secs] [Times: user=0.01 sys=0.00, real=0.00 secs] 
40.529: [GC 40.529: [ParNew: 7274K->704K(7616K), 0.0013805 secs] 21957K->15711K(24732K), 0.0014549 secs] [Times: user=0.01 sys=0.00, real=0.00 secs] 
40.535: [GC 40.535: [ParNew: 7207K->563K(7616K), 0.0017334 secs] 22214K->15862K(24732K), 0.0018120 secs] [Times: user=0.00 sys=0.00, real=0.00 secs] 
40.541: [GC 40.541: [ParNew: 7030K->296K(7616K), 0.0009633 secs] 22329K->15769K(24732K), 0.0010209 secs] [Times: user=0.00 sys=0.00, real=0.00 secs] 
40.546: [GC 40.546: [ParNew: 6818K->576K(7616K), 0.0009410 secs] 22291K->16049K(24732K), 0.0010004 secs] [Times: user=0.00 sys=0.00, real=0.00 secs] 
40.551: [GC 40.551: [ParNew: 7101K->413K(7616K), 0.0009450 secs] 22573K->15999K(24732K), 0.0010029 secs] [Times: user=0.00 sys=0.00, real=0.00 secs] 
40.557: [GC 40.558: [ParNew: 6905K->638K(7616K), 0.0009942 secs] 22491K->16224K(24732K), 0.0010520 secs] [Times: user=0.00 sys=0.00, real=0.01 secs] 
40.563: [GC 40.563: [ParNew: 7106K->494K(7616K), 0.0011410 secs] 22692K->16311K(24732K), 0.0012054 secs] [Times: user=0.01 sys=0.00, real=0.00 secs] 
40.570: [GC 40.570: [ParNew: 6991K->681K(7616K), 0.0010815 secs] 22808K->16498K(24732K), 0.0011570 secs] [Times: user=0.01 sys=0.00, real=0.00 secs] 
40.576: [GC 40.576: [ParNew: 7122K->393K(7616K), 0.0010252 secs] 22939K->16476K(24732K), 0.0011026 secs] [Times: user=0.00 sys=0.01, real=0.00 secs] 
40.583: [GC 40.584: [ParNew: 6921K->611K(7616K), 0.0015526 secs] 23004K->16694K(24732K), 0.0016179 secs] [Times: user=0.00 sys=0.00, real=0.00 secs] 
40.589: [GC 40.589: [ParNew: 7130K->526K(7616K), 0.0013088 secs] 23213K->16739K(24732K), 0.0013744 secs] [Times: user=0.00 sys=0.00, real=0.00 secs] 
40.595: [GC 40.595: [ParNew: 6975K->899K(7616K), 0.0013241 secs] 23188K->17112K(24732K), 0.0013932 secs] [Times: user=0.00 sys=0.00, real=0.00 secs] 
40.602: [GC 40.602: [ParNew: 7411K->549K(7616K), 0.0015677 secs] 23625K->17132K(24732K), 0.0017283 secs] [Times: user=0.00 sys=0.00, real=0.00 secs] 
40.609: [GC 40.609: [ParNew: 7073K->956K(7616K), 0.0017484 secs] 23656K->17539K(24732K), 0.0018289 secs] [Times: user=0.00 sys=0.00, real=0.00 secs] 
40.615: [GC 40.615: [ParNew: 7473K->534K(7616K), 0.0017513 secs] 24056K->17635K(24732K), 0.0018273 secs] [Times: user=0.00 sys=0.00, real=0.00 secs] 
40.624: [GC 40.625: [ParNew: 7048K->465K(7616K), 0.0014636 secs] 24149K->17567K(24732K), 0.0015370 secs] [Times: user=0.00 sys=0.00, real=0.00 secs] 
40.632: [GC 40.632: [ParNew: 6993K->632K(7616K), 0.0010565 secs] 24095K->17734K(24732K), 0.0011205 secs] [Times: user=0.00 sys=0.00, real=0.00 secs] 
40.640: [GC 40.640: [ParNew: 7132K->575K(7616K), 0.0012245 secs]40.641: [Tenured: 17369K->7889K(17500K), 0.0714907 secs] 24233K->7889K(25116K), [Perm : 10706K->10706K(21248K)], 0.0730401 secs] [Times: user=0.07 sys=0.00, real=0.07 secs] 
40.719: [GC 40.719: [ParNew: 6519K->369K(7616K), 0.0008296 secs] 14409K->8258K(24732K), 0.0008975 secs] [Times: user=0.00 sys=0.00, real=0.00 secs] 
40.723: [GC 40.723: [ParNew: 6890K->460K(7616K), 0.0009576 secs] 14779K->8349K(24732K), 0.0010101 secs] [Times: user=0.00 sys=0.00, real=0.00 secs] 
40.728: [GC 40.728: [ParNew: 6953K->586K(7616K), 0.0015166 secs] 14842K->8475K(24732K), 0.0016098 secs] [Times: user=0.01 sys=0.00, real=0.00 secs] 
40.734: [GC 40.734: [ParNew: 7110K->511K(7616K), 0.0013764 secs] 15000K->8763K(24732K), 0.0014469 secs] [Times: user=0.00 sys=0.01, real=0.00 secs] 
40.741: [GC 40.741: [ParNew: 7016K->722K(7616K), 0.0012094 secs] 15268K->8974K(24732K), 0.0012705 secs] [Times: user=0.00 sys=0.00, real=0.00 secs] 
40.746: [GC 40.746: [ParNew: 7223K->486K(7616K), 0.0012025 secs] 15475K->9004K(24732K), 0.0013043 secs] [Times: user=0.00 sys=0.00, real=0.00 secs] 
40.755: [GC 40.755: [ParNew: 6991K->520K(7616K), 0.0009275 secs] 15510K->9038K(24732K), 0.0010213 secs] [Times: user=0.00 sys=0.00, real=0.00 secs] 
40.761: [GC 40.761: [ParNew: 7039K->577K(7616K), 0.0009888 secs] 15558K->9096K(24732K), 0.0010449 secs] [Times: user=0.00 sys=0.00, real=0.00 secs] 
40.767: [GC 40.767: [ParNew: 7087K->830K(7616K), 0.0015280 secs] 15606K->9565K(24732K), 0.0016332 secs] [Times: user=0.01 sys=0.00, real=0.01 secs] 
40.774: [GC 40.774: [ParNew: 7358K->605K(7616K), 0.0012969 secs] 16093K->9627K(24732K), 0.0013742 secs] [Times: user=0.01 sys=0.00, real=0.00 secs] 
40.780: [GC 40.780: [ParNew: 7084K->347K(7616K), 0.0012867 secs] 16107K->9873K(24732K), 0.0013556 secs] [Times: user=0.00 sys=0.00, real=0.00 secs] 
40.786: [GC 40.786: [ParNew: 6856K->428K(7616K), 0.0024268 secs] 16382K->9954K(24732K), 0.0024959 secs] [Times: user=0.01 sys=0.00, real=0.01 secs] 
40.792: [GC 40.792: [ParNew: 6943K->560K(7616K), 0.0012048 secs] 16469K->10086K(24732K), 0.0012662 secs] [Times: user=0.00 sys=0.00, real=0.00 secs] 
40.797: [GC 40.797: [ParNew: 7044K->529K(7616K), 0.0010548 secs] 16570K->10079K(24732K), 0.0011157 secs] [Times: user=0.00 sys=0.00, real=0.01 secs] 
40.802: [GC 40.803: [ParNew: 7025K->796K(7616K), 0.0012218 secs] 16575K->10346K(24732K), 0.0012920 secs] [Times: user=0.00 sys=0.00, real=0.00 secs] 
40.809: [GC 40.809: [ParNew: 7324K->667K(7616K), 0.0012399 secs] 16874K->10375K(24732K), 0.0013071 secs] [Times: user=0.00 sys=0.00, real=0.00 secs] 
40.816: [GC 40.816: [ParNew: 7177K->583K(7616K), 0.0011938 secs] 16885K->10475K(24732K), 0.0012835 secs] [Times: user=0.00 sys=0.00, real=0.00 secs] 
40.822: [GC 40.822: [ParNew: 7111K->730K(7616K), 0.0016893 secs] 17003K->10811K(24732K), 0.0017676 secs] [Times: user=0.00 sys=0.00, real=0.00 secs] 
40.828: [GC 40.828: [ParNew: 7252K->730K(7616K), 0.0014948 secs] 17333K->11028K(24732K), 0.0015890 secs] [Times: user=0.00 sys=0.01, real=0.01 secs] 
40.834: [GC 40.835: [ParNew: 7258K->761K(7616K), 0.0013268 secs] 17556K->11453K(24732K), 0.0014024 secs] [Times: user=0.00 sys=0.00, real=0.00 secs] 
40.841: [GC 40.841: [ParNew: 7278K->688K(7616K), 0.0015553 secs] 17970K->12030K(24732K), 0.0016306 secs] [Times: user=0.00 sys=0.00, real=0.00 secs] 
40.846: [GC 40.847: [ParNew: 7156K->318K(7616K), 0.0021283 secs] 18498K->12043K(24732K), 0.0021962 secs] [Times: user=0.00 sys=0.00, real=0.01 secs] 
40.852: [GC 40.852: [ParNew: 6807K->163K(7616K), 0.0007235 secs] 18531K->11888K(24732K), 0.0007683 secs] [Times: user=0.00 sys=0.00, real=0.00 secs] 
40.858: [GC 40.858: [ParNew: 6687K->827K(7616K), 0.0012497 secs] 18411K->12552K(24732K), 0.0013280 secs] [Times: user=0.00 sys=0.00, real=0.01 secs] 
40.864: [GC 40.864: [ParNew: 7310K->410K(7616K), 0.0012511 secs] 19034K->12667K(24732K), 0.0013236 secs] [Times: user=0.00 sys=0.00, real=0.00 secs] 
40.870: [GC 40.870: [ParNew: 6892K->465K(7616K), 0.0009735 secs] 19150K->12722K(24732K), 0.0010394 secs] [Times: user=0.00 sys=0.00, real=0.00 secs] 
40.875: [GC 40.875: [ParNew: 6912K->468K(7616K), 0.0010295 secs] 19169K->12725K(24732K), 0.0011028 secs] [Times: user=0.00 sys=0.00, real=0.00 secs] 
40.880: [GC 40.880: [ParNew: 6990K->721K(7616K), 0.0012714 secs] 19247K->12978K(24732K), 0.0013394 secs] [Times: user=0.01 sys=0.00, real=0.00 secs] 
40.887: [GC 40.887: [ParNew: 7210K->203K(7616K), 0.0008067 secs] 19467K->12647K(24732K), 0.0008959 secs] [Times: user=0.00 sys=0.00, real=0.00 secs] 
40.895: [GC 40.896: [ParNew: 6720K->319K(7616K), 0.0020545 secs] 19164K->12763K(24732K), 0.0021214 secs] [Times: user=0.00 sys=0.00, real=0.00 secs] 
40.904: [GC 40.904: [ParNew: 6840K->279K(7616K), 0.0007226 secs] 19284K->12723K(24732K), 0.0007696 secs] [Times: user=0.00 sys=0.00, real=0.00 secs] 
40.910: [GC 40.910: [ParNew: 6790K->330K(7616K), 0.0008301 secs] 19234K->12774K(24732K), 0.0008801 secs] [Times: user=0.00 sys=0.00, real=0.00 secs] 
40.918: [GC 40.918: [ParNew: 6766K->794K(7616K), 0.0013132 secs] 19210K->13238K(24732K), 0.0013899 secs] [Times: user=0.00 sys=0.00, real=0.01 secs] 
40.925: [GC 40.925: [ParNew: 7309K->179K(7616K), 0.0011523 secs] 19753K->13209K(24732K), 0.0012386 secs] [Times: user=0.00 sys=0.00, real=0.00 secs] 
40.931: [GC 40.931: [ParNew: 6649K->765K(7616K), 0.0015568 secs] 19680K->13796K(24732K), 0.0016346 secs] [Times: user=0.00 sys=0.00, real=0.00 secs] 
40.937: [GC 40.937: [ParNew: 7284K->212K(7616K), 0.0019228 secs] 20314K->13755K(24732K), 0.0020063 secs] [Times: user=0.01 sys=0.00, real=0.01 secs] 
40.944: [GC 40.944: [ParNew: 6586K->827K(7616K), 0.0011764 secs] 20130K->14370K(24732K), 0.0012542 secs] [Times: user=0.00 sys=0.00, real=0.00 secs] 
40.950: [GC 40.950: [ParNew: 7338K->246K(7616K), 0.0015166 secs] 20881K->14454K(24732K), 0.0015885 secs] [Times: user=0.00 sys=0.00, real=0.00 secs] 
40.957: [GC 40.957: [ParNew: 6725K->299K(7616K), 0.0008815 secs] 20933K->14506K(24732K), 0.0009456 secs] [Times: user=0.00 sys=0.00, real=0.00 secs] 
40.963: [GC 40.963: [ParNew: 6819K->850K(7616K), 0.0009917 secs] 21027K->15057K(24732K), 0.0010613 secs] [Times: user=0.00 sys=0.00, real=0.00 secs] 
40.968: [GC 40.968: [ParNew: 7350K->108K(7616K), 0.0014819 secs] 21558K->15105K(24732K), 0.0015501 secs] [Times: user=0.00 sys=0.00, real=0.00 secs] 
40.975: [GC 40.975: [ParNew: 6635K->587K(7616K), 0.0010230 secs] 21632K->15584K(24732K), 0.0010902 secs] [Times: user=0.00 sys=0.00, real=0.00 secs] 
40.982: [GC 40.982: [ParNew: 7115K->475K(7616K), 0.0010819 secs] 22112K->15544K(24732K), 0.0011414 secs] [Times: user=0.00 sys=0.00, real=0.00 secs] 
40.987: [GC 40.988: [ParNew: 6991K->950K(7616K), 0.0013059 secs] 22059K->16019K(24732K), 0.0015391 secs] [Times: user=0.00 sys=0.00, real=0.01 secs] 
40.993: [GC 40.993: [ParNew: 7475K->746K(7616K), 0.0015445 secs] 22544K->16289K(24732K), 0.0016180 secs] [Times: user=0.01 sys=0.00, real=0.00 secs] 
40.999: [GC 40.999: [ParNew: 7244K->479K(7616K), 0.0013955 secs] 22787K->16444K(24732K), 0.0014655 secs] [Times: user=0.01 sys=0.00, real=0.00 secs] 
41.004: [GC 41.005: [ParNew: 6998K->701K(7616K), 0.0011575 secs] 22963K->16667K(24732K), 0.0012256 secs] [Times: user=0.01 sys=0.00, real=0.00 secs] 
41.010: [GC 41.010: [ParNew: 7212K->428K(7616K), 0.0011157 secs] 23178K->16564K(24732K), 0.0011757 secs] [Times: user=0.00 sys=0.00, real=0.00 secs] 
41.016: [GC 41.017: [ParNew: 6933K->486K(7616K), 0.0009486 secs] 23069K->16622K(24732K), 0.0010162 secs] [Times: user=0.00 sys=0.00, real=0.00 secs] 
41.026: [GC 41.026: [ParNew: 7005K->929K(7616K), 0.0013486 secs] 23141K->17065K(24732K), 0.0014155 secs] [Times: user=0.00 sys=0.00, real=0.00 secs] 
41.032: [GC 41.032: [ParNew: 7407K->857K(7616K), 0.0017386 secs] 23543K->17345K(24732K), 0.0018210 secs] [Times: user=0.00 sys=0.00, real=0.00 secs] 
41.038: [GC 41.039: [ParNew: 7378K->734K(7616K), 0.0017655 secs] 23866K->17603K(24732K), 0.0018418 secs] [Times: user=0.00 sys=0.00, real=0.00 secs] 
41.045: [GC 41.045: [ParNew: 7252K->606K(7616K), 0.0013244 secs] 24122K->17617K(24732K), 0.0013940 secs] [Times: user=0.00 sys=0.00, real=0.00 secs] 
41.050: [GC 41.050: [ParNew: 7092K->425K(7616K), 0.0012689 secs]41.051: [Tenured: 17303K->8609K(17308K), 0.0709189 secs] 24104K->8609K(24924K), [Perm : 10706K->10706K(21248K)], 0.0724207 secs] [Times: user=0.07 sys=0.00, real=0.07 secs] 
41.128: [GC 41.128: [ParNew: 6521K->418K(7616K), 0.0011508 secs] 15131K->9028K(24732K), 0.0012212 secs] [Times: user=0.00 sys=0.00, real=0.01 secs] 
41.133: [GC 41.133: [ParNew: 6946K->660K(7616K), 0.0011403 secs] 15556K->9270K(24732K), 0.0012077 secs] [Times: user=0.01 sys=0.00, real=0.00 secs] 
41.140: [GC 41.140: [ParNew: 7154K->452K(7616K), 0.0010493 secs] 15763K->9408K(24732K), 0.0011090 secs] [Times: user=0.00 sys=0.00, real=0.00 secs] 
41.146: [GC 41.147: [ParNew: 6968K->871K(7616K), 0.0013786 secs] 15923K->9827K(24732K), 0.0014466 secs] [Times: user=0.00 sys=0.00, real=0.00 secs] 
41.152: [GC 41.152: [ParNew: 7360K->945K(7616K), 0.0016726 secs] 16316K->10269K(24732K), 0.0017481 secs] [Times: user=0.00 sys=0.00, real=0.00 secs] 
41.158: [GC 41.158: [ParNew: 7449K->672K(7616K), 0.0018601 secs] 16773K->10448K(24732K), 0.0019325 secs] [Times: user=0.00 sys=0.00, real=0.01 secs] 
41.164: [GC 41.164: [ParNew: 7176K->477K(7616K), 0.0012432 secs] 16951K->10684K(24732K), 0.0013469 secs] [Times: user=0.00 sys=0.00, real=0.00 secs] 
41.169: [GC 41.169: [ParNew: 6979K->534K(7616K), 0.0010895 secs] 17186K->10741K(24732K), 0.0011508 secs] [Times: user=0.00 sys=0.00, real=0.00 secs] 
41.176: [GC 41.176: [ParNew: 7042K->597K(7616K), 0.0011485 secs] 17249K->10804K(24732K), 0.0012312 secs] [Times: user=0.00 sys=0.00, real=0.00 secs] 
41.181: [GC 41.181: [ParNew: 7117K->546K(7616K), 0.0015754 secs] 17324K->10928K(24732K), 0.0016423 secs] [Times: user=0.00 sys=0.00, real=0.00 secs] 
41.187: [GC 41.187: [ParNew: 7052K->566K(7616K), 0.0019157 secs] 17435K->10949K(24732K), 0.0019980 secs] [Times: user=0.00 sys=0.00, real=0.01 secs] 
41.192: [GC 41.192: [ParNew: 7078K->370K(7616K), 0.0011865 secs] 17460K->10972K(24732K), 0.0012481 secs] [Times: user=0.01 sys=0.00, real=0.00 secs] 
41.198: [GC 41.198: [ParNew: 6898K->472K(7616K), 0.0009896 secs] 17500K->11075K(24732K), 0.0010500 secs] [Times: user=0.01 sys=0.00, real=0.01 secs] 
41.203: [GC 41.203: [ParNew: 6997K->921K(7616K), 0.0013717 secs] 17599K->11523K(24732K), 0.0014828 secs] [Times: user=0.00 sys=0.00, real=0.00 secs] 
41.208: [GC 41.209: [ParNew: 7449K->649K(7616K), 0.0015167 secs] 18051K->11704K(24732K), 0.0016072 secs] [Times: user=0.00 sys=0.00, real=0.00 secs] 
41.215: [GC 41.215: [ParNew: 7140K->715K(7616K), 0.0012078 secs] 18195K->12107K(24732K), 0.0012760 secs] [Times: user=0.00 sys=0.00, real=0.00 secs] 
41.220: [GC 41.220: [ParNew: 7242K->252K(7616K), 0.0009765 secs] 18634K->11891K(24732K), 0.0010342 secs] [Times: user=0.00 sys=0.00, real=0.00 secs] 
41.225: [GC 41.225: [ParNew: 6711K->317K(7616K), 0.0008186 secs] 18349K->11956K(24732K), 0.0008662 secs] [Times: user=0.00 sys=0.00, real=0.00 secs] 
41.231: [GC 41.231: [ParNew: 6834K->363K(7616K), 0.0007225 secs] 18472K->12001K(24732K), 0.0007880 secs] [Times: user=0.00 sys=0.00, real=0.00 secs] 
41.237: [GC 41.237: [ParNew: 6860K->543K(7616K), 0.0012902 secs] 18499K->12182K(24732K), 0.0013661 secs] [Times: user=0.01 sys=0.00, real=0.00 secs] 
41.243: [GC 41.243: [ParNew: 7064K->483K(7616K), 0.0008444 secs] 18702K->12121K(24732K), 0.0009064 secs] [Times: user=0.00 sys=0.00, real=0.00 secs] 
41.247: [GC 41.248: [ParNew: 6916K->423K(7616K), 0.0008667 secs] 18555K->12062K(24732K), 0.0009215 secs] [Times: user=0.00 sys=0.00, real=0.01 secs] 
41.253: [GC 41.253: [ParNew: 6930K->593K(7616K), 0.0010015 secs] 18568K->12232K(24732K), 0.0010600 secs] [Times: user=0.00 sys=0.00, real=0.00 secs] 
41.258: [GC 41.258: [ParNew: 7097K->491K(7616K), 0.0011672 secs] 18735K->12252K(24732K), 0.0012327 secs] [Times: user=0.00 sys=0.00, real=0.01 secs] 
41.263: [GC 41.263: [ParNew: 7013K->788K(7616K), 0.0013819 secs] 18773K->12549K(24732K), 0.0014505 secs] [Times: user=0.00 sys=0.00, real=0.00 secs] 
41.268: [GC 41.269: [ParNew: 7293K->1087K(7616K), 0.0018317 secs] 19054K->13251K(24732K), 0.0019089 secs] [Times: user=0.00 sys=0.00, real=0.00 secs] 
41.275: [GC 41.275: [ParNew: 7615K->276K(7616K), 0.0017277 secs] 19779K->13113K(24732K), 0.0017934 secs] [Times: user=0.00 sys=0.00, real=0.00 secs] 
41.281: [GC 41.281: [ParNew: 6782K->507K(7616K), 0.0009024 secs] 19619K->13345K(24732K), 0.0009630 secs] [Times: user=0.01 sys=0.00, real=0.00 secs] 
41.286: [GC 41.286: [ParNew: 7003K->709K(7616K), 0.0017522 secs] 19840K->13546K(24732K), 0.0018279 secs] [Times: user=0.01 sys=0.00, real=0.00 secs] 
41.292: [GC 41.292: [ParNew: 7236K->435K(7616K), 0.0012333 secs] 20074K->13584K(24732K), 0.0013006 secs] [Times: user=0.00 sys=0.00, real=0.00 secs] 
41.297: [GC 41.297: [ParNew: 6919K->648K(7616K), 0.0011368 secs] 20068K->13796K(24732K), 0.0012021 secs] [Times: user=0.00 sys=0.00, real=0.00 secs] 
41.303: [GC 41.303: [ParNew: 7172K->509K(7616K), 0.0010127 secs] 20321K->13830K(24732K), 0.0010844 secs] [Times: user=0.00 sys=0.00, real=0.00 secs] 
41.308: [GC 41.308: [ParNew: 7017K->720K(7616K), 0.0012070 secs] 20339K->14041K(24732K), 0.0012717 secs] [Times: user=0.00 sys=0.00, real=0.00 secs] 
41.314: [GC 41.314: [ParNew: 7223K->946K(7616K), 0.0016578 secs] 20544K->14536K(24732K), 0.0017321 secs] [Times: user=0.00 sys=0.00, real=0.00 secs] 
41.320: [GC 41.320: [ParNew: 7420K->283K(7616K), 0.0012615 secs] 21009K->14539K(24732K), 0.0013403 secs] [Times: user=0.00 sys=0.00, real=0.00 secs] 
41.326: [GC 41.327: [ParNew: 6809K->547K(7616K), 0.0009661 secs] 21065K->14803K(24732K), 0.0010419 secs] [Times: user=0.00 sys=0.00, real=0.00 secs] 
41.332: [GC 41.332: [ParNew: 7014K->487K(7616K), 0.0012961 secs] 21270K->14742K(24732K), 0.0013633 secs] [Times: user=0.01 sys=0.00, real=0.00 secs] 
41.338: [GC 41.338: [ParNew: 6992K->833K(7616K), 0.0012305 secs] 21248K->15089K(24732K), 0.0013082 secs] [Times: user=0.00 sys=0.00, real=0.01 secs] 
41.343: [GC 41.344: [ParNew: 7345K->489K(7616K), 0.0012866 secs] 21601K->15024K(24732K), 0.0013747 secs] [Times: user=0.00 sys=0.00, real=0.00 secs] 
41.349: [GC 41.349: [ParNew: 6974K->646K(7616K), 0.0011154 secs] 21508K->15180K(24732K), 0.0011785 secs] [Times: user=0.00 sys=0.00, real=0.00 secs] 
41.354: [GC 41.354: [ParNew: 7137K->505K(7616K), 0.0011942 secs] 21671K->15334K(24732K), 0.0012583 secs] [Times: user=0.00 sys=0.00, real=0.00 secs] 
41.359: [GC 41.360: [ParNew: 7030K->738K(7616K), 0.0012351 secs] 21859K->15567K(24732K), 0.0013034 secs] [Times: user=0.00 sys=0.00, real=0.00 secs] 
41.365: [GC 41.365: [ParNew: 7229K->1087K(7616K), 0.0019103 secs] 22058K->16262K(24732K), 0.0019888 secs] [Times: user=0.01 sys=0.00, real=0.00 secs] 
41.371: [GC 41.371: [ParNew: 7557K->583K(7616K), 0.0016895 secs] 22732K->16449K(24732K), 0.0017665 secs] [Times: user=0.01 sys=0.00, real=0.00 secs] 
41.380: [GC 41.380: [ParNew: 7108K->576K(7616K), 0.0011928 secs] 22974K->16706K(24732K), 0.0012632 secs] [Times: user=0.01 sys=0.00, real=0.00 secs] 
41.387: [GC 41.387: [ParNew: 7083K->382K(7616K), 0.0011555 secs] 23213K->16856K(24732K), 0.0012196 secs] [Times: user=0.01 sys=0.00, real=0.01 secs] 
41.393: [GC 41.393: [ParNew: 6910K->390K(7616K), 0.0010301 secs] 23383K->16864K(24732K), 0.0011242 secs] [Times: user=0.01 sys=0.00, real=0.00 secs] 
41.398: [GC 41.398: [ParNew: 6897K->317K(7616K), 0.0008756 secs] 23371K->16791K(24732K), 0.0009310 secs] [Times: user=0.00 sys=0.00, real=0.00 secs] 
41.404: [GC 41.404: [ParNew: 6845K->339K(7616K), 0.0008744 secs] 23319K->16813K(24732K), 0.0009205 secs] [Times: user=0.00 sys=0.00, real=0.00 secs] 
41.409: [GC 41.409: [ParNew: 6862K->675K(7616K), 0.0011374 secs] 23336K->17149K(24732K), 0.0011971 secs] [Times: user=0.00 sys=0.00, real=0.00 secs] 
41.416: [GC 41.416: [ParNew: 7193K->644K(7616K), 0.0010265 secs] 23667K->17246K(24732K), 0.0010883 secs] [Times: user=0.00 sys=0.00, real=0.00 secs] 
41.422: [GC 41.422: [ParNew: 7149K->534K(7616K), 0.0011827 secs] 23750K->17275K(24732K), 0.0012648 secs] [Times: user=0.00 sys=0.00, real=0.00 secs] 
41.427: [GC 41.427: [ParNew: 7006K->586K(7616K), 0.0010675 secs] 23747K->17327K(24732K), 0.0011296 secs] [Times: user=0.00 sys=0.00, real=0.01 secs] 
41.432: [GC 41.432: [ParNew: 7097K->764K(7616K), 0.0017293 secs] 23838K->17590K(24732K), 0.0018146 secs] [Times: user=0.00 sys=0.00, real=0.00 secs] 
41.439: [GC 41.439: [ParNew: 7231K->908K(7616K), 0.0014994 secs]41.440: [Tenured: 17150K->9135K(17308K), 0.0708449 secs] 24057K->9135K(24924K), [Perm : 10706K->10706K(21248K)], 0.0725975 secs] [Times: user=0.08 sys=0.00, real=0.07 secs] 
41.516: [GC 41.516: [ParNew: 6464K->576K(7616K), 0.0009225 secs] 15599K->9711K(24732K), 0.0009832 secs] [Times: user=0.00 sys=0.00, real=0.00 secs] 
41.521: [GC 41.521: [ParNew: 7054K->239K(7616K), 0.0011132 secs] 16189K->9795K(24732K), 0.0011747 secs] [Times: user=0.00 sys=0.00, real=0.00 secs] 
41.526: [GC 41.526: [ParNew: 6744K->348K(7616K), 0.0008372 secs] 16299K->9903K(24732K), 0.0008895 secs] [Times: user=0.00 sys=0.00, real=0.00 secs] 
41.531: [GC 41.531: [ParNew: 6867K->556K(7616K), 0.0009602 secs] 16422K->10111K(24732K), 0.0010210 secs] [Times: user=0.00 sys=0.00, real=0.00 secs] 
41.536: [GC 41.536: [ParNew: 7005K->769K(7616K), 0.0018326 secs] 16560K->10324K(24732K), 0.0019148 secs] [Times: user=0.00 sys=0.00, real=0.00 secs] 
41.542: [GC 41.542: [ParNew: 7231K->384K(7616K), 0.0012981 secs] 16786K->10316K(24732K), 0.0013939 secs] [Times: user=0.01 sys=0.00, real=0.00 secs] 
41.550: [GC 41.550: [ParNew: 6903K->856K(7616K), 0.0009889 secs] 16835K->10788K(24732K), 0.0010538 secs] [Times: user=0.00 sys=0.00, real=0.00 secs] 
41.555: [GC 41.555: [ParNew: 7349K->484K(7616K), 0.0012236 secs] 17281K->10744K(24732K), 0.0012879 secs] [Times: user=0.00 sys=0.00, real=0.00 secs] 
41.560: [GC 41.560: [ParNew: 7009K->379K(7616K), 0.0008652 secs] 17269K->10639K(24732K), 0.0009190 secs] [Times: user=0.00 sys=0.00, real=0.00 secs] 
41.565: [GC 41.565: [ParNew: 6898K->475K(7616K), 0.0011750 secs] 17158K->10735K(24732K), 0.0012381 secs] [Times: user=0.00 sys=0.00, real=0.00 secs] 
41.570: [GC 41.570: [ParNew: 7003K->538K(7616K), 0.0010463 secs] 17263K->10798K(24732K), 0.0011285 secs] [Times: user=0.00 sys=0.00, real=0.00 secs] 
41.575: [GC 41.575: [ParNew: 7053K->484K(7616K), 0.0010615 secs] 17312K->10744K(24732K), 0.0011216 secs] [Times: user=0.01 sys=0.00, real=0.00 secs] 
41.580: [GC 41.580: [ParNew: 6925K->814K(7616K), 0.0012814 secs] 17185K->11074K(24732K), 0.0013637 secs] [Times: user=0.00 sys=0.00, real=0.00 secs] 
41.586: [GC 41.586: [ParNew: 7184K->494K(7616K), 0.0017560 secs] 17444K->11084K(24732K), 0.0018251 secs] [Times: user=0.00 sys=0.00, real=0.00 secs] 
41.591: [GC 41.592: [ParNew: 6974K->665K(7616K), 0.0010968 secs] 17564K->11255K(24732K), 0.0011714 secs] [Times: user=0.00 sys=0.00, real=0.00 secs] 
41.600: [GC 41.600: [ParNew: 7193K->483K(7616K), 0.0010824 secs] 17783K->11213K(24732K), 0.0011505 secs] [Times: user=0.00 sys=0.00, real=0.00 secs] 
41.606: [GC 41.606: [ParNew: 6988K->930K(7616K), 0.0013005 secs] 17718K->11660K(24732K), 0.0013692 secs] [Times: user=0.00 sys=0.00, real=0.00 secs] 
41.612: [GC 41.612: [ParNew: 7458K->543K(7616K), 0.0012752 secs] 18188K->11672K(24732K), 0.0013580 secs] [Times: user=0.00 sys=0.00, real=0.00 secs] 
41.618: [GC 41.618: [ParNew: 7063K->560K(7616K), 0.0011459 secs] 18193K->11690K(24732K), 0.0012082 secs] [Times: user=0.00 sys=0.00, real=0.01 secs] 
41.623: [GC 41.623: [ParNew: 7067K->400K(7616K), 0.0014971 secs] 18196K->11991K(24732K), 0.0015682 secs] [Times: user=0.00 sys=0.00, real=0.00 secs] 
41.629: [GC 41.629: [ParNew: 6914K->595K(7616K), 0.0011265 secs] 18505K->12186K(24732K), 0.0012023 secs] [Times: user=0.00 sys=0.00, real=0.00 secs] 
41.634: [GC 41.634: [ParNew: 7093K->668K(7616K), 0.0017097 secs] 18684K->12350K(24732K), 0.0017950 secs] [Times: user=0.00 sys=0.00, real=0.00 secs] 
41.641: [GC 41.641: [ParNew: 7187K->645K(7616K), 0.0012286 secs] 18869K->12613K(24732K), 0.0013290 secs] [Times: user=0.01 sys=0.00, real=0.00 secs] 
41.648: [GC 41.648: [ParNew: 7168K->532K(7616K), 0.0011426 secs] 19136K->12625K(24732K), 0.0012179 secs] [Times: user=0.01 sys=0.01, real=0.01 secs] 
41.653: [GC 41.653: [ParNew: 7058K->593K(7616K), 0.0014698 secs] 19152K->12687K(24732K), 0.0015384 secs] [Times: user=0.00 sys=0.00, real=0.00 secs] 
41.658: [GC 41.658: [ParNew: 7113K->445K(7616K), 0.0014084 secs] 19207K->12692K(24732K), 0.0014785 secs] [Times: user=0.00 sys=0.00, real=0.01 secs] 
41.664: [GC 41.664: [ParNew: 6964K->1080K(7616K), 0.0013810 secs] 19212K->13374K(24732K), 0.0014523 secs] [Times: user=0.00 sys=0.00, real=0.00 secs] 
41.669: [GC 41.669: [ParNew: 7551K->277K(7616K), 0.0018414 secs] 19845K->13386K(24732K), 0.0019173 secs] [Times: user=0.00 sys=0.00, real=0.00 secs] 
41.675: [GC 41.675: [ParNew: 6792K->232K(7616K), 0.0007393 secs] 19901K->13342K(24732K), 0.0007969 secs] [Times: user=0.00 sys=0.00, real=0.00 secs] 
41.680: [GC 41.680: [ParNew: 6732K->609K(7616K), 0.0013738 secs] 19841K->13719K(24732K), 0.0014462 secs] [Times: user=0.00 sys=0.00, real=0.00 secs] 
41.686: [GC 41.686: [ParNew: 7087K->717K(7616K), 0.0016013 secs] 20196K->13922K(24732K), 0.0016705 secs] [Times: user=0.01 sys=0.00, real=0.00 secs] 
41.692: [GC 41.692: [ParNew: 7223K->507K(7616K), 0.0011762 secs] 20428K->13950K(24732K), 0.0012436 secs] [Times: user=0.00 sys=0.00, real=0.00 secs] 
41.697: [GC 41.697: [ParNew: 6995K->844K(7616K), 0.0012401 secs] 20438K->14287K(24732K), 0.0013138 secs] [Times: user=0.00 sys=0.00, real=0.01 secs] 
41.703: [GC 41.703: [ParNew: 7345K->276K(7616K), 0.0011312 secs] 20788K->14072K(24732K), 0.0012094 secs] [Times: user=0.00 sys=0.00, real=0.00 secs] 
41.709: [GC 41.709: [ParNew: 6783K->444K(7616K), 0.0009595 secs] 20579K->14240K(24732K), 0.0010336 secs] [Times: user=0.00 sys=0.00, real=0.00 secs] 
41.714: [GC 41.714: [ParNew: 6946K->690K(7616K), 0.0010445 secs] 20742K->14487K(24732K), 0.0011049 secs] [Times: user=0.00 sys=0.00, real=0.00 secs] 
41.720: [GC 41.720: [ParNew: 7165K->560K(7616K), 0.0011880 secs] 20961K->14510K(24732K), 0.0012699 secs] [Times: user=0.00 sys=0.00, real=0.00 secs] 
41.725: [GC 41.726: [ParNew: 7082K->946K(7616K), 0.0013745 secs] 21032K->15178K(24732K), 0.0014434 secs] [Times: user=0.01 sys=0.00, real=0.00 secs] 
41.732: [GC 41.733: [ParNew: 7458K->295K(7616K), 0.0013046 secs] 21689K->15120K(24732K), 0.0013875 secs] [Times: user=0.01 sys=0.00, real=0.00 secs] 
41.739: [GC 41.739: [ParNew: 6799K->515K(7616K), 0.0012814 secs] 21624K->15340K(24732K), 0.0013500 secs] [Times: user=0.01 sys=0.01, real=0.00 secs] 
41.744: [GC 41.745: [ParNew: 7043K->513K(7616K), 0.0010830 secs] 21868K->15338K(24732K), 0.0011529 secs] [Times: user=0.00 sys=0.00, real=0.00 secs] 
41.750: [GC 41.750: [ParNew: 7040K->445K(7616K), 0.0013062 secs] 21866K->15270K(24732K), 0.0013814 secs] [Times: user=0.00 sys=0.00, real=0.00 secs] 
41.755: [GC 41.755: [ParNew: 6909K->959K(7616K), 0.0013179 secs] 21734K->15784K(24732K), 0.0014089 secs] [Times: user=0.00 sys=0.00, real=0.00 secs] 
41.760: [GC 41.760: [ParNew: 7426K->317K(7616K), 0.0013413 secs] 22251K->15815K(24732K), 0.0014132 secs] [Times: user=0.00 sys=0.00, real=0.00 secs] 
41.766: [GC 41.766: [ParNew: 6804K->556K(7616K), 0.0010789 secs] 22302K->16054K(24732K), 0.0011388 secs] [Times: user=0.00 sys=0.00, real=0.00 secs] 
41.771: [GC 41.771: [ParNew: 7069K->393K(7616K), 0.0010279 secs] 22567K->16065K(24732K), 0.0010876 secs] [Times: user=0.01 sys=0.00, real=0.00 secs] 
41.776: [GC 41.776: [ParNew: 6864K->815K(7616K), 0.0012921 secs] 22536K->16487K(24732K), 0.0013594 secs] [Times: user=0.01 sys=0.00, real=0.00 secs] 
41.783: [GC 41.783: [ParNew: 7310K->936K(7616K), 0.0017300 secs] 22982K->16919K(24732K), 0.0018564 secs] [Times: user=0.01 sys=0.00, real=0.00 secs] 
41.789: [GC 41.790: [ParNew: 7447K->501K(7616K), 0.0012958 secs] 23430K->16933K(24732K), 0.0013637 secs] [Times: user=0.00 sys=0.00, real=0.00 secs] 
41.795: [GC 41.795: [ParNew: 7001K->628K(7616K), 0.0013132 secs] 23433K->17059K(24732K), 0.0013866 secs] [Times: user=0.00 sys=0.00, real=0.00 secs] 
41.800: [GC 41.801: [ParNew: 7107K->799K(7616K), 0.0015262 secs] 23538K->17551K(24732K), 0.0015967 secs] [Times: user=0.00 sys=0.00, real=0.00 secs] 
41.806: [GC 41.806: [ParNew: 7318K->634K(7616K), 0.0013370 secs] 24070K->17638K(24732K), 0.0014035 secs] [Times: user=0.00 sys=0.00, real=0.00 secs] 
41.813: [GC 41.813: [ParNew: 7142K->729K(7616K), 0.0013661 secs]41.814: [Tenured: 17279K->9391K(17308K), 0.0721902 secs] 24146K->9391K(24924K), [Perm : 10706K->10706K(21248K)], 0.0738282 secs] [Times: user=0.07 sys=0.00, real=0.07 secs] 
41.894: [GC 41.894: [ParNew: 6519K->123K(7616K), 0.0005966 secs] 15910K->9514K(24732K), 0.0006656 secs] [Times: user=0.00 sys=0.00, real=0.00 secs] 
41.900: [GC 41.900: [ParNew: 6618K->750K(7616K), 0.0010164 secs] 16010K->10141K(24732K), 0.0010759 secs] [Times: user=0.01 sys=0.00, real=0.00 secs] 
41.905: [GC 41.905: [ParNew: 7275K->115K(7616K), 0.0012472 secs] 16667K->10023K(24732K), 0.0013171 secs] [Times: user=0.00 sys=0.00, real=0.00 secs] 
41.910: [GC 41.910: [ParNew: 6617K->464K(7616K), 0.0008932 secs] 16525K->10372K(24732K), 0.0009487 secs] [Times: user=0.00 sys=0.00, real=0.00 secs] 
41.915: [GC 41.915: [ParNew: 6959K->638K(7616K), 0.0011121 secs] 16867K->10546K(24732K), 0.0011714 secs] [Times: user=0.00 sys=0.00, real=0.00 secs] 
41.920: [GC 41.920: [ParNew: 7157K->335K(7616K), 0.0011948 secs] 17065K->10550K(24732K), 0.0012589 secs] [Times: user=0.00 sys=0.00, real=0.00 secs] 
41.925: [GC 41.925: [ParNew: 6834K->484K(7616K), 0.0012266 secs] 17049K->10698K(24732K), 0.0012949 secs] [Times: user=0.00 sys=0.00, real=0.00 secs] 
41.930: [GC 41.930: [ParNew: 6975K->490K(7616K), 0.0009208 secs] 17190K->10705K(24732K), 0.0009775 secs] [Times: user=0.01 sys=0.00, real=0.00 secs] 
41.935: [GC 41.935: [ParNew: 6999K->753K(7616K), 0.0010788 secs] 17213K->10968K(24732K), 0.0011475 secs] [Times: user=0.01 sys=0.00, real=0.00 secs] 
41.942: [GC 41.942: [ParNew: 7246K->750K(7616K), 0.0012809 secs] 17460K->11180K(24732K), 0.0013793 secs] [Times: user=0.00 sys=0.00, real=0.00 secs] 
41.949: [GC 41.949: [ParNew: 7244K->1080K(7616K), 0.0019235 secs] 17674K->12160K(24732K), 0.0020364 secs] [Times: user=0.00 sys=0.00, real=0.00 secs] 
41.955: [GC 41.955: [ParNew: 7574K->110K(7616K), 0.0016314 secs] 18653K->12110K(24732K), 0.0017203 secs] [Times: user=0.00 sys=0.00, real=0.00 secs] 
41.963: [GC 41.963: [ParNew: 6577K->278K(7616K), 0.0007935 secs] 18577K->12278K(24732K), 0.0008573 secs] [Times: user=0.00 sys=0.00, real=0.00 secs] 
41.969: [GC 41.969: [ParNew: 6782K->336K(7616K), 0.0007849 secs] 18783K->12337K(24732K), 0.0008331 secs] [Times: user=0.00 sys=0.00, real=0.00 secs] 
41.974: [GC 41.974: [ParNew: 6773K->445K(7616K), 0.0008957 secs] 18774K->12445K(24732K), 0.0009536 secs] [Times: user=0.01 sys=0.00, real=0.00 secs] 
41.980: [GC 41.980: [ParNew: 6970K->644K(7616K), 0.0013434 secs] 18970K->12644K(24732K), 0.0014106 secs] [Times: user=0.01 sys=0.00, real=0.00 secs] 
41.987: [GC 41.987: [ParNew: 7076K->666K(7616K), 0.0015682 secs] 19076K->12778K(24732K), 0.0016490 secs] [Times: user=0.00 sys=0.00, real=0.01 secs] 
41.993: [GC 41.993: [ParNew: 7115K->402K(7616K), 0.0012126 secs] 19227K->12801K(24732K), 0.0012747 secs] [Times: user=0.00 sys=0.00, real=0.00 secs] 
41.999: [GC 41.999: [ParNew: 6929K->576K(7616K), 0.0010278 secs] 19328K->12975K(24732K), 0.0010868 secs] [Times: user=0.00 sys=0.00, real=0.00 secs] 
42.005: [GC 42.005: [ParNew: 7099K->688K(7616K), 0.0012414 secs] 19498K->13216K(24732K), 0.0013038 secs] [Times: user=0.00 sys=0.00, real=0.00 secs] 
42.010: [GC 42.010: [ParNew: 7208K->960K(7616K), 0.0015887 secs] 19736K->13686K(24732K), 0.0016621 secs] [Times: user=0.00 sys=0.00, real=0.00 secs] 
42.016: [GC 42.016: [ParNew: 7437K->239K(7616K), 0.0012853 secs] 20164K->13547K(24732K), 0.0013543 secs] [Times: user=0.00 sys=0.00, real=0.00 secs] 
42.021: [GC 42.021: [ParNew: 6729K->281K(7616K), 0.0008137 secs] 20037K->13589K(24732K), 0.0009016 secs] [Times: user=0.00 sys=0.00, real=0.00 secs] 
42.026: [GC 42.026: [ParNew: 6805K->817K(7616K), 0.0012902 secs] 20114K->14125K(24732K), 0.0013593 secs] [Times: user=0.00 sys=0.00, real=0.00 secs] 
42.032: [GC 42.032: [ParNew: 7286K->354K(7616K), 0.0014129 secs] 20594K->14201K(24732K), 0.0014967 secs] [Times: user=0.00 sys=0.00, real=0.00 secs] 
42.040: [GC 42.040: [ParNew: 6847K->392K(7616K), 0.0007533 secs] 20694K->14239K(24732K), 0.0008194 secs] [Times: user=0.01 sys=0.00, real=0.00 secs] 
42.047: [GC 42.047: [ParNew: 6827K->494K(7616K), 0.0011477 secs] 20674K->14341K(24732K), 0.0012336 secs] [Times: user=0.00 sys=0.00, real=0.00 secs] 
42.052: [GC 42.052: [ParNew: 6998K->360K(7616K), 0.0012288 secs] 20845K->14207K(24732K), 0.0013052 secs] [Times: user=0.00 sys=0.00, real=0.00 secs] 
42.059: [GC 42.059: [ParNew: 6888K->445K(7616K), 0.0010106 secs] 20735K->14292K(24732K), 0.0010758 secs] [Times: user=0.00 sys=0.00, real=0.00 secs] 
42.064: [GC 42.064: [ParNew: 6910K->741K(7616K), 0.0014424 secs] 20757K->14588K(24732K), 0.0015100 secs] [Times: user=0.00 sys=0.00, real=0.00 secs] 
42.069: [GC 42.069: [ParNew: 7260K->666K(7616K), 0.0017646 secs] 21107K->14731K(24732K), 0.0018373 secs] [Times: user=0.00 sys=0.00, real=0.00 secs] 
42.075: [GC 42.075: [ParNew: 7148K->529K(7616K), 0.0015404 secs] 21212K->14964K(24732K), 0.0016089 secs] [Times: user=0.00 sys=0.00, real=0.00 secs] 
42.081: [GC 42.081: [ParNew: 6999K->653K(7616K), 0.0012754 secs] 21434K->15088K(24732K), 0.0013376 secs] [Times: user=0.01 sys=0.00, real=0.00 secs] 
42.087: [GC 42.087: [ParNew: 7123K->564K(7616K), 0.0018844 secs] 21558K->15275K(24732K), 0.0019835 secs] [Times: user=0.00 sys=0.00, real=0.01 secs] 
42.094: [GC 42.094: [ParNew: 7065K->1040K(7616K), 0.0018036 secs] 21775K->16208K(24732K), 0.0018943 secs] [Times: user=0.00 sys=0.00, real=0.00 secs] 
42.100: [GC 42.100: [ParNew: 7534K->199K(7616K), 0.0016384 secs] 22702K->16103K(24732K), 0.0017072 secs] [Times: user=0.00 sys=0.00, real=0.00 secs] 
42.106: [GC 42.106: [ParNew: 6718K->357K(7616K), 0.0008293 secs] 22622K->16260K(24732K), 0.0008780 secs] [Times: user=0.00 sys=0.00, real=0.00 secs] 
42.112: [GC 42.112: [ParNew: 6848K->563K(7616K), 0.0010513 secs] 22751K->16466K(24732K), 0.0011110 secs] [Times: user=0.00 sys=0.00, real=0.00 secs] 
42.116: [GC 42.117: [ParNew: 7017K->509K(7616K), 0.0010741 secs] 22920K->16577K(24732K), 0.0011496 secs] [Times: user=0.00 sys=0.00, real=0.00 secs] 
42.122: [GC 42.122: [ParNew: 6981K->610K(7616K), 0.0016350 secs] 23048K->16677K(24732K), 0.0017038 secs] [Times: user=0.00 sys=0.00, real=0.00 secs] 
42.128: [GC 42.128: [ParNew: 7106K->450K(7616K), 0.0010615 secs] 23174K->16597K(24732K), 0.0011210 secs] [Times: user=0.01 sys=0.00, real=0.00 secs] 
42.133: [GC 42.133: [ParNew: 6950K->420K(7616K), 0.0009326 secs] 23098K->16567K(24732K), 0.0010298 secs] [Times: user=0.00 sys=0.00, real=0.00 secs] 
42.139: [GC 42.139: [ParNew: 6864K->467K(7616K), 0.0012286 secs] 23012K->16614K(24732K), 0.0012855 secs] [Times: user=0.00 sys=0.00, real=0.00 secs] 
42.144: [GC 42.144: [ParNew: 6990K->777K(7616K), 0.0011866 secs] 23137K->16924K(24732K), 0.0012640 secs] [Times: user=0.00 sys=0.00, real=0.00 secs] 
42.150: [GC 42.150: [ParNew: 7266K->600K(7616K), 0.0016446 secs] 23413K->17014K(24732K), 0.0017164 secs] [Times: user=0.00 sys=0.00, real=0.00 secs] 
42.155: [GC 42.156: [ParNew: 7127K->608K(7616K), 0.0013593 secs] 23542K->17099K(24732K), 0.0014385 secs] [Times: user=0.00 sys=0.00, real=0.00 secs] 
42.161: [GC 42.161: [ParNew: 7110K->617K(7616K), 0.0014423 secs] 23602K->17336K(24732K), 0.0015225 secs] [Times: user=0.01 sys=0.00, real=0.00 secs] 
42.166: [GC 42.166: [ParNew: 7134K->615K(7616K), 0.0012230 secs] 23853K->17415K(24732K), 0.0012877 secs] [Times: user=0.01 sys=0.00, real=0.00 secs] 
42.172: [GC 42.172: [ParNew: 7108K->659K(7616K), 0.0013105 secs] 23908K->17753K(24732K), 0.0014011 secs] [Times: user=0.00 sys=0.00, real=0.00 secs] 
42.177: [GC 42.177: [ParNew: 7152K->400K(7616K), 0.0013430 secs]42.179: [Tenured: 17584K->8461K(17692K), 0.0709589 secs] 24246K->8461K(25308K), [Perm : 10706K->10706K(21248K)], 0.0727274 secs] [Times: user=0.07 sys=0.00, real=0.08 secs] 
42.254: [GC 42.254: [ParNew: 6469K->439K(7616K), 0.0013141 secs] 14931K->8901K(24732K), 0.0013988 secs] [Times: user=0.00 sys=0.00, real=0.00 secs] 
42.260: [GC 42.260: [ParNew: 6963K->443K(7616K), 0.0011958 secs] 15425K->8905K(24732K), 0.0012658 secs] [Times: user=0.00 sys=0.01, real=0.00 secs] 
42.265: [GC 42.265: [ParNew: 6936K->1018K(7616K), 0.0013388 secs] 15398K->9480K(24732K), 0.0014143 secs] [Times: user=0.00 sys=0.00, real=0.00 secs] 
42.270: [GC 42.270: [ParNew: 7535K->112K(7616K), 0.0015503 secs] 15997K->9537K(24732K), 0.0016223 secs] [Times: user=0.01 sys=0.00, real=0.00 secs] 
42.276: [GC 42.276: [ParNew: 6589K->342K(7616K), 0.0008317 secs] 16014K->9767K(24732K), 0.0008837 secs] [Times: user=0.01 sys=0.00, real=0.00 secs] 
42.283: [GC 42.283: [ParNew: 6744K->345K(7616K), 0.0010963 secs] 16168K->9769K(24732K), 0.0011500 secs] [Times: user=0.00 sys=0.00, real=0.00 secs] 
42.290: [GC 42.290: [ParNew: 6793K->777K(7616K), 0.0010003 secs] 16217K->10201K(24732K), 0.0010598 secs] [Times: user=0.00 sys=0.00, real=0.00 secs] 
42.295: [GC 42.295: [ParNew: 7251K->616K(7616K), 0.0014193 secs] 16675K->10303K(24732K), 0.0014892 secs] [Times: user=0.00 sys=0.00, real=0.00 secs] 
42.304: [GC 42.304: [ParNew: 7144K->340K(7616K), 0.0021520 secs] 16831K->10384K(24732K), 0.0022265 secs] [Times: user=0.00 sys=0.00, real=0.00 secs] 
42.311: [GC 42.311: [ParNew: 6868K->354K(7616K), 0.0010309 secs] 16912K->10398K(24732K), 0.0011008 secs] [Times: user=0.00 sys=0.00, real=0.00 secs] 
42.317: [GC 42.317: [ParNew: 6878K->376K(7616K), 0.0008921 secs] 16922K->10420K(24732K), 0.0009408 secs] [Times: user=0.00 sys=0.00, real=0.00 secs] 
42.322: [GC 42.322: [ParNew: 6882K->842K(7616K), 0.0012076 secs] 16926K->10886K(24732K), 0.0012735 secs] [Times: user=0.00 sys=0.00, real=0.00 secs] 
42.327: [GC 42.327: [ParNew: 7365K->595K(7616K), 0.0015186 secs] 17409K->10967K(24732K), 0.0015907 secs] [Times: user=0.00 sys=0.00, real=0.01 secs] 
42.333: [GC 42.333: [ParNew: 7072K->181K(7616K), 0.0011104 secs] 17444K->10903K(24732K), 0.0011684 secs] [Times: user=0.00 sys=0.00, real=0.00 secs] 
42.340: [GC 42.341: [ParNew: 6662K->812K(7616K), 0.0019537 secs] 17385K->11534K(24732K), 0.0020250 secs] [Times: user=0.00 sys=0.00, real=0.00 secs] 
42.349: [GC 42.349: [ParNew: 7340K->512K(7616K), 0.0014608 secs] 18062K->11820K(24732K), 0.0015304 secs] [Times: user=0.00 sys=0.00, real=0.00 secs] 
42.356: [GC 42.356: [ParNew: 6986K->620K(7616K), 0.0009472 secs] 18293K->11927K(24732K), 0.0010082 secs] [Times: user=0.00 sys=0.00, real=0.00 secs] 
42.361: [GC 42.361: [ParNew: 7073K->575K(7616K), 0.0012128 secs] 18380K->12061K(24732K), 0.0012851 secs] [Times: user=0.01 sys=0.00, real=0.00 secs] 
42.367: [GC 42.367: [ParNew: 7075K->1060K(7616K), 0.0013612 secs] 18561K->12599K(24732K), 0.0014394 secs] [Times: user=0.00 sys=0.00, real=0.01 secs] 
42.373: [GC 42.373: [ParNew: 7523K->303K(7616K), 0.0015328 secs] 19062K->12765K(24732K), 0.0016234 secs] [Times: user=0.00 sys=0.00, real=0.00 secs] 
42.380: [GC 42.380: [ParNew: 6786K->717K(7616K), 0.0010452 secs] 19248K->13179K(24732K), 0.0011705 secs] [Times: user=0.00 sys=0.00, real=0.00 secs] 
42.387: [GC 42.387: [ParNew: 7194K->674K(7616K), 0.0021928 secs] 19656K->13798K(24732K), 0.0023397 secs] [Times: user=0.00 sys=0.00, real=0.01 secs] 
42.393: [GC 42.393: [ParNew: 7183K->169K(7616K), 0.0012772 secs] 20307K->13860K(24732K), 0.0013421 secs] [Times: user=0.00 sys=0.00, real=0.00 secs] 
42.400: [GC 42.400: [ParNew: 6673K->481K(7616K), 0.0008362 secs] 20364K->14172K(24732K), 0.0008904 secs] [Times: user=0.00 sys=0.00, real=0.00 secs] 
42.406: [GC 42.406: [ParNew: 6895K->172K(7616K), 0.0021895 secs] 20585K->13862K(24732K), 0.0022589 secs] [Times: user=0.00 sys=0.00, real=0.00 secs] 
42.412: [GC 42.413: [ParNew: 6631K->642K(7616K), 0.0012335 secs] 20322K->14333K(24732K), 0.0013004 secs] [Times: user=0.01 sys=0.00, real=0.00 secs] 
42.418: [GC 42.418: [ParNew: 7105K->1028K(7616K), 0.0015385 secs] 20796K->14838K(24732K), 0.0016097 secs] [Times: user=0.01 sys=0.00, real=0.01 secs] 
42.424: [GC 42.424: [ParNew: 7498K->668K(7616K), 0.0016819 secs] 21308K->15196K(24732K), 0.0017804 secs] [Times: user=0.01 sys=0.00, real=0.00 secs] 
42.432: [GC 42.432: [ParNew: 7190K->471K(7616K), 0.0014122 secs] 21718K->15428K(24732K), 0.0014968 secs] [Times: user=0.01 sys=0.00, real=0.00 secs] 
42.439: [GC 42.439: [ParNew: 6931K->775K(7616K), 0.0012036 secs] 21888K->15732K(24732K), 0.0012796 secs] [Times: user=0.01 sys=0.00, real=0.00 secs] 
42.445: [GC 42.446: [ParNew: 7209K->549K(7616K), 0.0016499 secs] 22166K->15822K(24732K), 0.0017157 secs] [Times: user=0.00 sys=0.00, real=0.00 secs] 
42.452: [GC 42.452: [ParNew: 7050K->501K(7616K), 0.0015016 secs] 22323K->16073K(24732K), 0.0015690 secs] [Times: user=0.00 sys=0.00, real=0.00 secs] 
42.460: [GC 42.460: [ParNew: 6913K->500K(7616K), 0.0014210 secs] 22485K->16072K(24732K), 0.0014999 secs] [Times: user=0.00 sys=0.00, real=0.00 secs] 
42.466: [GC 42.466: [ParNew: 7014K->1080K(7616K), 0.0016335 secs] 22586K->16895K(24732K), 0.0017276 secs] [Times: user=0.00 sys=0.00, real=0.00 secs] 
42.474: [GC 42.474: [ParNew: 7588K->234K(7616K), 0.0014380 secs] 23403K->16773K(24732K), 0.0015267 secs] [Times: user=0.00 sys=0.00, real=0.00 secs] 
42.479: [GC 42.479: [ParNew: 6743K->277K(7616K), 0.0008631 secs] 23281K->16815K(24732K), 0.0009136 secs] [Times: user=0.00 sys=0.00, real=0.00 secs] 
42.485: [GC 42.485: [ParNew: 6765K->868K(7616K), 0.0015896 secs] 23303K->17406K(24732K), 0.0016621 secs] [Times: user=0.00 sys=0.00, real=0.00 secs] 
42.491: [GC 42.491: [ParNew: 7391K->103K(7616K), 0.0016775 secs]42.492: [Tenured: 17364K->8594K(17500K), 0.0715380 secs] 23930K->8594K(25116K), [Perm : 10707K->10707K(21248K)], 0.0735477 secs] [Times: user=0.07 sys=0.00, real=0.07 secs] 
42.569: [GC 42.569: [ParNew: 6528K->925K(7616K), 0.0014407 secs] 15122K->9519K(24732K), 0.0015142 secs] [Times: user=0.00 sys=0.00, real=0.00 secs] 
42.574: [GC 42.574: [ParNew: 7453K->323K(7616K), 0.0017466 secs] 16047K->9773K(24732K), 0.0018200 secs] [Times: user=0.01 sys=0.00, real=0.00 secs] 
42.580: [GC 42.580: [ParNew: 6835K->577K(7616K), 0.0010221 secs] 16285K->10027K(24732K), 0.0010837 secs] [Times: user=0.01 sys=0.00, real=0.00 secs] 
42.586: [GC 42.586: [ParNew: 7005K->361K(7616K), 0.0016899 secs] 16455K->9973K(24732K), 0.0017652 secs] [Times: user=0.01 sys=0.00, real=0.01 secs] 
42.593: [GC 42.593: [ParNew: 6889K->367K(7616K), 0.0008638 secs] 16501K->9979K(24732K), 0.0009185 secs] [Times: user=0.01 sys=0.00, real=0.00 secs] 
42.600: [GC 42.600: [ParNew: 6744K->1066K(7616K), 0.0019457 secs] 16356K->10678K(24732K), 0.0020495 secs] [Times: user=0.01 sys=0.00, real=0.00 secs] 
42.606: [GC 42.606: [ParNew: 7589K->185K(7616K), 0.0014377 secs] 17201K->10744K(24732K), 0.0015073 secs] [Times: user=0.00 sys=0.01, real=0.00 secs] 
42.612: [GC 42.612: [ParNew: 6692K->258K(7616K), 0.0007634 secs] 17250K->10816K(24732K), 0.0008108 secs] [Times: user=0.00 sys=0.00, real=0.00 secs] 
42.619: [GC 42.619: [ParNew: 6786K->264K(7616K), 0.0008299 secs] 17344K->10822K(24732K), 0.0008890 secs] [Times: user=0.00 sys=0.00, real=0.00 secs] 
42.624: [GC 42.624: [ParNew: 6791K->653K(7616K), 0.0010596 secs] 17350K->11212K(24732K), 0.0011266 secs] [Times: user=0.00 sys=0.00, real=0.00 secs] 
42.633: [GC 42.633: [ParNew: 7177K->565K(7616K), 0.0015173 secs] 17736K->11301K(24732K), 0.0015925 secs] [Times: user=0.00 sys=0.00, real=0.00 secs] 
42.639: [GC 42.639: [ParNew: 7075K->444K(7616K), 0.0009912 secs] 17812K->11267K(24732K), 0.0010474 secs] [Times: user=0.00 sys=0.00, real=0.00 secs] 
42.645: [GC 42.645: [ParNew: 6966K->709K(7616K), 0.0015241 secs] 17789K->11531K(24732K), 0.0015989 secs] [Times: user=0.00 sys=0.00, real=0.00 secs] 
42.651: [GC 42.651: [ParNew: 7224K->636K(7616K), 0.0011547 secs] 18047K->11633K(24732K), 0.0012219 secs] [Times: user=0.00 sys=0.00, real=0.00 secs] 
42.657: [GC 42.657: [ParNew: 7164K->339K(7616K), 0.0013129 secs] 18161K->11584K(24732K), 0.0013761 secs] [Times: user=0.00 sys=0.00, real=0.00 secs] 
42.663: [GC 42.663: [ParNew: 6863K->195K(7616K), 0.0006293 secs] 18108K->11440K(24732K), 0.0006788 secs] [Times: user=0.00 sys=0.00, real=0.00 secs] 
42.672: [GC 42.672: [ParNew: 6632K->112K(7616K), 0.0006643 secs] 17877K->11357K(24732K), 0.0007265 secs] [Times: user=0.00 sys=0.00, real=0.00 secs] 
42.677: [GC 42.677: [ParNew: 6573K->120K(7616K), 0.0007153 secs] 17818K->11365K(24732K), 0.0007608 secs] [Times: user=0.00 sys=0.00, real=0.00 secs] 
42.683: [GC 42.683: [ParNew: 6641K->133K(7616K), 0.0006883 secs] 17885K->11378K(24732K), 0.0007342 secs] [Times: user=0.00 sys=0.00, real=0.00 secs] 
42.689: [GC 42.689: [ParNew: 6606K->506K(7616K), 0.0008112 secs] 17850K->11751K(24732K), 0.0008658 secs] [Times: user=0.00 sys=0.00, real=0.00 secs] 
42.694: [GC 42.694: [ParNew: 6986K->738K(7616K), 0.0011301 secs] 18231K->11983K(24732K), 0.0011974 secs] [Times: user=0.00 sys=0.00, real=0.00 secs] 
42.701: [GC 42.701: [ParNew: 7266K->668K(7616K), 0.0016270 secs] 18511K->12186K(24732K), 0.0017340 secs] [Times: user=0.00 sys=0.00, real=0.00 secs] 
42.708: [GC 42.708: [ParNew: 7181K->757K(7616K), 0.0017832 secs] 18700K->12582K(24732K), 0.0018662 secs] [Times: user=0.00 sys=0.00, real=0.01 secs] 
42.714: [GC 42.714: [ParNew: 7250K->608K(7616K), 0.0014836 secs] 19076K->12702K(24732K), 0.0015497 secs] [Times: user=0.00 sys=0.00, real=0.00 secs] 
42.720: [GC 42.720: [ParNew: 7126K->355K(7616K), 0.0010101 secs] 19220K->12723K(24732K), 0.0010660 secs] [Times: user=0.00 sys=0.00, real=0.00 secs] 
42.731: [GC 42.731: [ParNew: 6883K->415K(7616K), 0.0022641 secs] 19251K->12783K(24732K), 0.0023497 secs] [Times: user=0.00 sys=0.00, real=0.00 secs] 
42.737: [GC 42.737: [ParNew: 6928K->862K(7616K), 0.0022911 secs] 19297K->13230K(24732K), 0.0023637 secs] [Times: user=0.00 sys=0.00, real=0.01 secs] 
42.744: [GC 42.744: [ParNew: 7356K->664K(7616K), 0.0012955 secs] 19724K->13294K(24732K), 0.0013641 secs] [Times: user=0.00 sys=0.00, real=0.00 secs] 
42.752: [GC 42.752: [ParNew: 7192K->215K(7616K), 0.0008704 secs] 19822K->13105K(24732K), 0.0009368 secs] [Times: user=0.00 sys=0.00, real=0.00 secs] 
42.758: [GC 42.758: [ParNew: 6743K->229K(7616K), 0.0007461 secs] 19633K->13119K(24732K), 0.0007919 secs] [Times: user=0.00 sys=0.00, real=0.01 secs] 
42.763: [GC 42.763: [ParNew: 6739K->598K(7616K), 0.0014805 secs] 19629K->13489K(24732K), 0.0015509 secs] [Times: user=0.00 sys=0.00, real=0.00 secs] 
42.768: [GC 42.768: [ParNew: 7126K->429K(7616K), 0.0012263 secs] 20016K->13437K(24732K), 0.0012873 secs] [Times: user=0.00 sys=0.00, real=0.01 secs] 
42.775: [GC 42.775: [ParNew: 6946K->843K(7616K), 0.0010316 secs] 19953K->13851K(24732K), 0.0011049 secs] [Times: user=0.00 sys=0.00, real=0.00 secs] 
42.781: [GC 42.782: [ParNew: 7364K->547K(7616K), 0.0013748 secs] 20371K->13856K(24732K), 0.0014576 secs] [Times: user=0.01 sys=0.00, real=0.00 secs] 
42.788: [GC 42.788: [ParNew: 7074K->566K(7616K), 0.0009209 secs] 20384K->13876K(24732K), 0.0009902 secs] [Times: user=0.00 sys=0.00, real=0.01 secs] 
42.793: [GC 42.793: [ParNew: 7080K->485K(7616K), 0.0011013 secs] 20389K->13833K(24732K), 0.0011572 secs] [Times: user=0.00 sys=0.00, real=0.00 secs] 
42.798: [GC 42.798: [ParNew: 7004K->1059K(7616K), 0.0015680 secs] 20352K->14489K(24732K), 0.0016381 secs] [Times: user=0.00 sys=0.01, real=0.01 secs] 
42.804: [GC 42.804: [ParNew: 7585K->337K(7616K), 0.0016097 secs] 21014K->14550K(24732K), 0.0016829 secs] [Times: user=0.00 sys=0.00, real=0.00 secs] 
42.811: [GC 42.811: [ParNew: 6777K->914K(7616K), 0.0023380 secs] 20990K->15127K(24732K), 0.0024124 secs] [Times: user=0.00 sys=0.00, real=0.00 secs] 
42.820: [GC 42.820: [ParNew: 7435K->460K(7616K), 0.0017478 secs] 21648K->15115K(24732K), 0.0018237 secs] [Times: user=0.00 sys=0.00, real=0.00 secs] 
42.827: [GC 42.827: [ParNew: 6956K->623K(7616K), 0.0011391 secs] 21611K->15278K(24732K), 0.0012001 secs] [Times: user=0.01 sys=0.00, real=0.00 secs] 
42.832: [GC 42.832: [ParNew: 7111K->298K(7616K), 0.0014260 secs] 21766K->15348K(24732K), 0.0014875 secs] [Times: user=0.00 sys=0.00, real=0.00 secs] 
42.841: [GC 42.841: [ParNew: 6824K->1049K(7616K), 0.0014702 secs] 21874K->16099K(24732K), 0.0015333 secs] [Times: user=0.00 sys=0.00, real=0.00 secs] 
42.851: [GC 42.851: [ParNew: 7568K->440K(7616K), 0.0020428 secs] 22618K->16051K(24732K), 0.0021225 secs] [Times: user=0.00 sys=0.00, real=0.00 secs] 
42.858: [GC 42.858: [ParNew: 6919K->521K(7616K), 0.0013034 secs] 22529K->16132K(24732K), 0.0013612 secs] [Times: user=0.00 sys=0.00, real=0.01 secs] 
42.865: [GC 42.865: [ParNew: 7019K->1079K(7616K), 0.0024494 secs] 22630K->16831K(24732K), 0.0025358 secs] [Times: user=0.01 sys=0.00, real=0.00 secs] 
42.880: [GC 42.880: [ParNew: 7607K->295K(7616K), 0.0013017 secs] 23359K->17022K(24732K), 0.0013766 secs] [Times: user=0.00 sys=0.00, real=0.00 secs] 
42.889: [GC 42.889: [ParNew: 6798K->650K(7616K), 0.0013052 secs] 23525K->17376K(24732K), 0.0013966 secs] [Times: user=0.00 sys=0.00, real=0.00 secs] 
42.894: [GC 42.894: [ParNew: 7168K->477K(7616K), 0.0011663 secs] 23895K->17387K(24732K), 0.0012450 secs] [Times: user=0.00 sys=0.00, real=0.00 secs] 
42.900: [GC 42.900: [ParNew: 7005K->687K(7616K), 0.0013618 secs] 23915K->17597K(24732K), 0.0014270 secs] [Times: user=0.00 sys=0.00, real=0.00 secs] 
42.907: [GC 42.907: [ParNew: 7203K->1001K(7616K), 0.0016958 secs]42.909: [Tenured: 17263K->8785K(17308K), 0.0721540 secs] 24113K->8785K(24924K), [Perm : 10707K->10707K(21248K)], 0.0741036 secs] [Times: user=0.07 sys=0.00, real=0.08 secs] 
42.990: [GC 42.990: [ParNew: 6500K->562K(7616K), 0.0009956 secs] 15286K->9348K(24732K), 0.0010836 secs] [Times: user=0.00 sys=0.00, real=0.00 secs] 
42.996: [GC 42.996: [ParNew: 7069K->407K(7616K), 0.0011800 secs] 15855K->9602K(24732K), 0.0012433 secs] [Times: user=0.00 sys=0.00, real=0.00 secs] 
43.003: [GC 43.003: [ParNew: 6934K->1022K(7616K), 0.0015319 secs] 16129K->10464K(24732K), 0.0016031 secs] [Times: user=0.01 sys=0.00, real=0.00 secs] 
43.017: [GC 43.017: [ParNew: 7484K->137K(7616K), 0.0013844 secs] 16926K->10512K(24732K), 0.0015317 secs] [Times: user=0.00 sys=0.01, real=0.00 secs] 
43.022: [GC 43.022: [ParNew: 6616K->150K(7616K), 0.0007048 secs] 16992K->10525K(24732K), 0.0007492 secs] [Times: user=0.00 sys=0.00, real=0.00 secs] 
43.027: [GC 43.027: [ParNew: 6628K->233K(7616K), 0.0007660 secs] 17004K->10609K(24732K), 0.0008148 secs] [Times: user=0.00 sys=0.00, real=0.00 secs] 
43.032: [GC 43.032: [ParNew: 6730K->399K(7616K), 0.0008344 secs] 17106K->10775K(24732K), 0.0009033 secs] [Times: user=0.01 sys=0.00, real=0.00 secs] 
43.037: [GC 43.037: [ParNew: 6881K->406K(7616K), 0.0017054 secs] 17257K->10781K(24732K), 0.0017735 secs] [Times: user=0.01 sys=0.00, real=0.01 secs] 
43.057: [GC 43.057: [ParNew: 6934K->409K(7616K), 0.0051463 secs] 17309K->10785K(24732K), 0.0053046 secs] [Times: user=0.01 sys=0.00, real=0.01 secs] 
43.078: [GC 43.078: [ParNew: 6937K->509K(7616K), 0.0053001 secs] 17313K->10884K(24732K), 0.0053696 secs] [Times: user=0.01 sys=0.00, real=0.01 secs] 
43.091: [GC 43.091: [ParNew: 7027K->575K(7616K), 0.0020537 secs] 17403K->10951K(24732K), 0.0021614 secs] [Times: user=0.01 sys=0.00, real=0.00 secs] 
43.098: [GC 43.098: [ParNew: 7079K->640K(7616K), 0.0011316 secs] 17455K->11134K(24732K), 0.0011969 secs] [Times: user=0.01 sys=0.00, real=0.01 secs] 
43.103: [GC 43.103: [ParNew: 7159K->627K(7616K), 0.0013026 secs] 17653K->11263K(24732K), 0.0013709 secs] [Times: user=0.01 sys=0.00, real=0.00 secs] 
43.109: [GC 43.109: [ParNew: 7147K->924K(7616K), 0.0016151 secs] 17783K->11714K(24732K), 0.0016864 secs] [Times: user=0.00 sys=0.00, real=0.00 secs] 
43.117: [GC 43.117: [ParNew: 7389K->132K(7616K), 0.0019907 secs] 18179K->11594K(24732K), 0.0020705 secs] [Times: user=0.00 sys=0.00, real=0.01 secs] 
43.124: [GC 43.124: [ParNew: 6660K->137K(7616K), 0.0009671 secs] 18122K->11598K(24732K), 0.0010114 secs] [Times: user=0.00 sys=0.00, real=0.00 secs] 
43.130: [GC 43.130: [ParNew: 6665K->476K(7616K), 0.0009640 secs] 18126K->11938K(24732K), 0.0010233 secs] [Times: user=0.00 sys=0.00, real=0.00 secs] 
43.135: [GC 43.135: [ParNew: 7003K->930K(7616K), 0.0013620 secs] 18465K->12392K(24732K), 0.0014315 secs] [Times: user=0.00 sys=0.00, real=0.00 secs] 
43.141: [GC 43.141: [ParNew: 7412K->593K(7616K), 0.0013454 secs] 18874K->12477K(24732K), 0.0014183 secs] [Times: user=0.00 sys=0.00, real=0.00 secs] 
43.146: [GC 43.146: [ParNew: 7092K->226K(7616K), 0.0009628 secs] 18976K->12425K(24732K), 0.0010208 secs] [Times: user=0.00 sys=0.00, real=0.00 secs] 
43.153: [GC 43.153: [ParNew: 6754K->210K(7616K), 0.0012093 secs] 18953K->12408K(24732K), 0.0012722 secs] [Times: user=0.00 sys=0.00, real=0.00 secs] 
43.161: [GC 43.161: [ParNew: 6709K->274K(7616K), 0.0011718 secs] 18907K->12473K(24732K), 0.0012317 secs] [Times: user=0.00 sys=0.00, real=0.00 secs] 
43.167: [GC 43.167: [ParNew: 6794K->266K(7616K), 0.0011189 secs] 18993K->12464K(24732K), 0.0011728 secs] [Times: user=0.00 sys=0.00, real=0.00 secs] 
43.173: [GC 43.173: [ParNew: 6790K->394K(7616K), 0.0021597 secs] 18988K->12593K(24732K), 0.0029247 secs] [Times: user=0.01 sys=0.00, real=0.00 secs] 
43.182: [GC 43.182: [ParNew: 6922K->464K(7616K), 0.0013525 secs] 19121K->12662K(24732K), 0.0014192 secs] [Times: user=0.00 sys=0.00, real=0.00 secs] 
43.188: [GC 43.188: [ParNew: 6977K->696K(7616K), 0.0011901 secs] 19176K->12895K(24732K), 0.0012523 secs] [Times: user=0.01 sys=0.00, real=0.00 secs] 
43.194: [GC 43.194: [ParNew: 7210K->559K(7616K), 0.0016696 secs] 19408K->12947K(24732K), 0.0017444 secs] [Times: user=0.00 sys=0.00, real=0.00 secs] 
43.199: [GC 43.199: [ParNew: 7085K->496K(7616K), 0.0011120 secs] 19473K->12965K(24732K), 0.0011766 secs] [Times: user=0.00 sys=0.00, real=0.00 secs] 
43.205: [GC 43.205: [ParNew: 7004K->693K(7616K), 0.0012923 secs] 19473K->13163K(24732K), 0.0013630 secs] [Times: user=0.00 sys=0.00, real=0.00 secs] 
43.210: [GC 43.210: [ParNew: 7212K->597K(7616K), 0.0014439 secs] 19682K->13235K(24732K), 0.0015216 secs] [Times: user=0.00 sys=0.00, real=0.00 secs] 
43.216: [GC 43.216: [ParNew: 7118K->685K(7616K), 0.0012520 secs] 19757K->13423K(24732K), 0.0013173 secs] [Times: user=0.00 sys=0.00, real=0.00 secs] 
43.222: [GC 43.222: [ParNew: 7191K->717K(7616K), 0.0013594 secs] 19928K->13636K(24732K), 0.0014279 secs] [Times: user=0.00 sys=0.00, real=0.00 secs] 
43.228: [GC 43.228: [ParNew: 7244K->510K(7616K), 0.0012880 secs] 20163K->13615K(24732K), 0.0013559 secs] [Times: user=0.00 sys=0.00, real=0.01 secs] 
43.233: [GC 43.233: [ParNew: 7029K->539K(7616K), 0.0011360 secs] 20134K->13644K(24732K), 0.0011960 secs] [Times: user=0.00 sys=0.00, real=0.00 secs] 
43.240: [GC 43.240: [ParNew: 7053K->961K(7616K), 0.0011443 secs] 20157K->14065K(24732K), 0.0012101 secs] [Times: user=0.00 sys=0.00, real=0.00 secs] 
43.245: [GC 43.245: [ParNew: 7486K->451K(7616K), 0.0014612 secs] 20590K->14025K(24732K), 0.0015497 secs] [Times: user=0.01 sys=0.00, real=0.00 secs] 
43.252: [GC 43.252: [ParNew: 6966K->532K(7616K), 0.0008867 secs] 20540K->14106K(24732K), 0.0009581 secs] [Times: user=0.00 sys=0.00, real=0.00 secs] 
43.257: [GC 43.257: [ParNew: 7058K->621K(7616K), 0.0009632 secs] 20632K->14195K(24732K), 0.0010275 secs] [Times: user=0.00 sys=0.00, real=0.01 secs] 
43.264: [GC 43.264: [ParNew: 7139K->482K(7616K), 0.0014467 secs] 20713K->14374K(24732K), 0.0015282 secs] [Times: user=0.00 sys=0.00, real=0.00 secs] 
43.269: [GC 43.269: [ParNew: 6981K->528K(7616K), 0.0010769 secs] 20874K->14420K(24732K), 0.0011525 secs] [Times: user=0.00 sys=0.00, real=0.00 secs] 
43.275: [GC 43.275: [ParNew: 7014K->514K(7616K), 0.0011556 secs] 20906K->14406K(24732K), 0.0012264 secs] [Times: user=0.00 sys=0.00, real=0.00 secs] 
43.281: [GC 43.281: [ParNew: 7031K->364K(7616K), 0.0011589 secs] 20923K->14256K(24732K), 0.0012296 secs] [Times: user=0.00 sys=0.00, real=0.00 secs] 
43.286: [GC 43.286: [ParNew: 6855K->332K(7616K), 0.0013679 secs] 20747K->14225K(24732K), 0.0014305 secs] [Times: user=0.00 sys=0.00, real=0.00 secs] 
43.293: [GC 43.293: [ParNew: 6855K->396K(7616K), 0.0009093 secs] 20747K->14288K(24732K), 0.0009607 secs] [Times: user=0.00 sys=0.00, real=0.00 secs] 
43.298: [GC 43.298: [ParNew: 6899K->430K(7616K), 0.0009651 secs] 20792K->14322K(24732K), 0.0010204 secs] [Times: user=0.00 sys=0.00, real=0.01 secs] 
43.304: [GC 43.304: [ParNew: 6914K->559K(7616K), 0.0009911 secs] 20806K->14451K(24732K), 0.0010473 secs] [Times: user=0.00 sys=0.00, real=0.00 secs] 
43.309: [GC 43.309: [ParNew: 7084K->669K(7616K), 0.0012087 secs] 20976K->14625K(24732K), 0.0012735 secs] [Times: user=0.00 sys=0.00, real=0.00 secs] 
43.316: [GC 43.316: [ParNew: 7189K->529K(7616K), 0.0010923 secs] 21145K->14645K(24732K), 0.0011542 secs] [Times: user=0.00 sys=0.00, real=0.00 secs] 
43.322: [GC 43.322: [ParNew: 7022K->616K(7616K), 0.0011420 secs] 21137K->14731K(24732K), 0.0012119 secs] [Times: user=0.00 sys=0.00, real=0.00 secs] 
43.328: [GC 43.328: [ParNew: 7132K->624K(7616K), 0.0010604 secs] 21247K->14809K(24732K), 0.0011600 secs] [Times: user=0.00 sys=0.00, real=0.00 secs] 
43.334: [GC 43.334: [ParNew: 7146K->466K(7616K), 0.0011037 secs] 21331K->14813K(24732K), 0.0011636 secs] [Times: user=0.00 sys=0.00, real=0.00 secs] 
43.340: [GC 43.340: [ParNew: 6988K->653K(7616K), 0.0014273 secs] 21335K->15000K(24732K), 0.0014871 secs] [Times: user=0.00 sys=0.00, real=0.00 secs] 
43.346: [GC 43.346: [ParNew: 7181K->432K(7616K), 0.0010352 secs] 21528K->15009K(24732K), 0.0010953 secs] [Times: user=0.01 sys=0.00, real=0.00 secs] 
43.352: [GC 43.352: [ParNew: 6955K->400K(7616K), 0.0011747 secs] 21532K->14978K(24732K), 0.0012410 secs] [Times: user=0.00 sys=0.00, real=0.00 secs] 
43.357: [GC 43.357: [ParNew: 6926K->623K(7616K), 0.0010882 secs] 21504K->15200K(24732K), 0.0011502 secs] [Times: user=0.00 sys=0.00, real=0.01 secs] 
43.362: [GC 43.362: [ParNew: 7146K->409K(7616K), 0.0010693 secs] 21723K->15166K(24732K), 0.0011340 secs] [Times: user=0.00 sys=0.00, real=0.00 secs] 
43.368: [GC 43.368: [ParNew: 6906K->592K(7616K), 0.0011496 secs] 21663K->15350K(24732K), 0.0012082 secs] [Times: user=0.00 sys=0.00, real=0.01 secs] 
43.373: [GC 43.373: [ParNew: 7101K->768K(7616K), 0.0013594 secs] 21859K->15592K(24732K), 0.0014239 secs] [Times: user=0.00 sys=0.00, real=0.00 secs] 
43.379: [GC 43.379: [ParNew: 7284K->821K(7616K), 0.0013894 secs] 22108K->15933K(24732K), 0.0014664 secs] [Times: user=0.01 sys=0.00, real=0.00 secs] 
43.386: [GC 43.386: [ParNew: 7338K->723K(7616K), 0.0020043 secs] 22450K->16271K(24732K), 0.0021004 secs] [Times: user=0.01 sys=0.00, real=0.00 secs] 
43.393: [GC 43.393: [ParNew: 7218K->739K(7616K), 0.0013778 secs] 22767K->16404K(24732K), 0.0014494 secs] [Times: user=0.00 sys=0.01, real=0.00 secs] 
43.399: [GC 43.399: [ParNew: 7247K->519K(7616K), 0.0013562 secs] 22911K->16353K(24732K), 0.0014304 secs] [Times: user=0.00 sys=0.00, real=0.00 secs] 
43.404: [GC 43.404: [ParNew: 7014K->734K(7616K), 0.0013609 secs] 22848K->16568K(24732K), 0.0014320 secs] [Times: user=0.00 sys=0.00, real=0.00 secs] 
43.409: [GC 43.409: [ParNew: 7226K->594K(7616K), 0.0011607 secs] 23060K->16652K(24732K), 0.0012333 secs] [Times: user=0.00 sys=0.00, real=0.00 secs] 
43.416: [GC 43.416: [ParNew: 7087K->853K(7616K), 0.0014281 secs] 23146K->17057K(24732K), 0.0014998 secs] [Times: user=0.00 sys=0.00, real=0.00 secs] 
43.423: [GC 43.423: [ParNew: 7380K->619K(7616K), 0.0014514 secs] 23584K->17158K(24732K), 0.0015210 secs] [Times: user=0.00 sys=0.00, real=0.00 secs] 
43.430: [GC 43.430: [ParNew: 7147K->660K(7616K), 0.0012447 secs] 23686K->17404K(24732K), 0.0013147 secs] [Times: user=0.00 sys=0.00, real=0.00 secs] 
43.435: [GC 43.436: [ParNew: 7184K->439K(7616K), 0.0010455 secs] 23927K->17414K(24732K), 0.0011068 secs] [Times: user=0.00 sys=0.00, real=0.00 secs] 
43.441: [GC 43.441: [ParNew: 6967K->605K(7616K), 0.0010983 secs] 23942K->17580K(24732K), 0.0011734 secs] [Times: user=0.01 sys=0.00, real=0.00 secs] 
43.446: [GC 43.446: [ParNew: 7129K->267K(7616K), 0.0013064 secs]43.447: [Tenured: 17237K->8579K(17308K), 0.0713308 secs] 24104K->8579K(24924K), [Perm : 10707K->10707K(21248K)], 0.0729156 secs] [Times: user=0.07 sys=0.00, real=0.08 secs] 
43.523: [GC 43.523: [ParNew: 6522K->124K(7616K), 0.0007486 secs] 15101K->8703K(24732K), 0.0007973 secs] [Times: user=0.00 sys=0.00, real=0.00 secs] 
43.527: [GC 43.527: [ParNew: 6634K->290K(7616K), 0.0010021 secs] 15213K->8869K(24732K), 0.0010923 secs] [Times: user=0.00 sys=0.00, real=0.01 secs] 
43.532: [GC 43.532: [ParNew: 6809K->511K(7616K), 0.0011016 secs] 15388K->9091K(24732K), 0.0011622 secs] [Times: user=0.01 sys=0.00, real=0.00 secs] 
43.538: [GC 43.538: [ParNew: 7015K->496K(7616K), 0.0008682 secs] 15595K->9076K(24732K), 0.0009239 secs] [Times: user=0.00 sys=0.00, real=0.01 secs] 
43.543: [GC 43.543: [ParNew: 6994K->475K(7616K), 0.0010713 secs] 15573K->9054K(24732K), 0.0011358 secs] [Times: user=0.00 sys=0.01, real=0.00 secs] 
43.548: [GC 43.548: [ParNew: 6981K->491K(7616K), 0.0010032 secs] 15560K->9071K(24732K), 0.0010618 secs] [Times: user=0.00 sys=0.00, real=0.01 secs] 
43.553: [GC 43.553: [ParNew: 7012K->497K(7616K), 0.0010029 secs] 15591K->9077K(24732K), 0.0010590 secs] [Times: user=0.00 sys=0.00, real=0.00 secs] 
43.558: [GC 43.558: [ParNew: 7004K->774K(7616K), 0.0012294 secs] 15584K->9354K(24732K), 0.0012936 secs] [Times: user=0.00 sys=0.00, real=0.01 secs] 
43.564: [GC 43.564: [ParNew: 7233K->613K(7616K), 0.0012240 secs] 15813K->9497K(24732K), 0.0013084 secs] [Times: user=0.01 sys=0.00, real=0.00 secs] 
43.570: [GC 43.570: [ParNew: 7094K->406K(7616K), 0.0010377 secs] 15978K->9427K(24732K), 0.0010932 secs] [Times: user=0.01 sys=0.00, real=0.00 secs] 
43.575: [GC 43.575: [ParNew: 6932K->685K(7616K), 0.0011027 secs] 15953K->9706K(24732K), 0.0011661 secs] [Times: user=0.00 sys=0.00, real=0.00 secs] 
43.580: [GC 43.580: [ParNew: 7186K->712K(7616K), 0.0014460 secs] 16207K->9939K(24732K), 0.0015280 secs] [Times: user=0.00 sys=0.00, real=0.00 secs] 
43.586: [GC 43.586: [ParNew: 7214K->667K(7616K), 0.0027119 secs] 16441K->10294K(24732K), 0.0027905 secs] [Times: user=0.00 sys=0.00, real=0.01 secs] 
43.593: [GC 43.593: [ParNew: 7175K->366K(7616K), 0.0010649 secs] 16801K->10250K(24732K), 0.0011440 secs] [Times: user=0.00 sys=0.00, real=0.00 secs] 
43.598: [GC 43.598: [ParNew: 6882K->362K(7616K), 0.0008321 secs] 16766K->10246K(24732K), 0.0008853 secs] [Times: user=0.00 sys=0.00, real=0.01 secs] 
43.603: [GC 43.603: [ParNew: 6886K->515K(7616K), 0.0009937 secs] 16770K->10399K(24732K), 0.0010566 secs] [Times: user=0.00 sys=0.00, real=0.00 secs] 
43.608: [GC 43.608: [ParNew: 7032K->600K(7616K), 0.0012006 secs] 16917K->10485K(24732K), 0.0012710 secs] [Times: user=0.01 sys=0.00, real=0.01 secs] 
43.613: [GC 43.613: [ParNew: 7122K->692K(7616K), 0.0012998 secs] 17007K->10769K(24732K), 0.0014054 secs] [Times: user=0.00 sys=0.00, real=0.00 secs] 
43.619: [GC 43.619: [ParNew: 7220K->1043K(7616K), 0.0015217 secs] 17297K->11278K(24732K), 0.0016419 secs] [Times: user=0.00 sys=0.00, real=0.00 secs] 
43.626: [GC 43.626: [ParNew: 7555K->414K(7616K), 0.0015255 secs] 17790K->11408K(24732K), 0.0016187 secs] [Times: user=0.00 sys=0.00, real=0.00 secs] 
43.632: [GC 43.633: [ParNew: 6913K->602K(7616K), 0.0009154 secs] 17908K->11597K(24732K), 0.0009803 secs] [Times: user=0.00 sys=0.00, real=0.00 secs] 
43.638: [GC 43.638: [ParNew: 7080K->633K(7616K), 0.0021996 secs] 18075K->11885K(24732K), 0.0022733 secs] [Times: user=0.00 sys=0.00, real=0.01 secs] 
43.643: [GC 43.644: [ParNew: 7159K->348K(7616K), 0.0014560 secs] 18410K->11888K(24732K), 0.0015264 secs] [Times: user=0.00 sys=0.00, real=0.00 secs] 
43.649: [GC 43.649: [ParNew: 6860K->495K(7616K), 0.0009926 secs] 18400K->12035K(24732K), 0.0010487 secs] [Times: user=0.00 sys=0.00, real=0.00 secs] 
43.654: [GC 43.654: [ParNew: 6998K->1015K(7616K), 0.0016452 secs] 18538K->12555K(24732K), 0.0017197 secs] [Times: user=0.00 sys=0.00, real=0.00 secs] 
43.661: [GC 43.661: [ParNew: 7521K->367K(7616K), 0.0017169 secs] 19061K->12707K(24732K), 0.0018097 secs] [Times: user=0.01 sys=0.00, real=0.00 secs] 
43.667: [GC 43.667: [ParNew: 6889K->375K(7616K), 0.0007978 secs] 19228K->12715K(24732K), 0.0008688 secs] [Times: user=0.01 sys=0.00, real=0.00 secs] 
43.672: [GC 43.672: [ParNew: 6888K->513K(7616K), 0.0009495 secs] 19227K->12852K(24732K), 0.0010051 secs] [Times: user=0.00 sys=0.00, real=0.00 secs] 
43.677: [GC 43.677: [ParNew: 7015K->872K(7616K), 0.0015857 secs] 19355K->13211K(24732K), 0.0018735 secs] [Times: user=0.00 sys=0.00, real=0.01 secs] 
43.683: [GC 43.683: [ParNew: 7378K->492K(7616K), 0.0015881 secs] 19717K->13217K(24732K), 0.0016654 secs] [Times: user=0.00 sys=0.00, real=0.00 secs] 
43.689: [GC 43.689: [ParNew: 7016K->801K(7616K), 0.0021767 secs] 19741K->13526K(24732K), 0.0022631 secs] [Times: user=0.00 sys=0.00, real=0.00 secs] 
43.695: [GC 43.695: [ParNew: 7318K->696K(7616K), 0.0015272 secs] 20043K->13761K(24732K), 0.0016037 secs] [Times: user=0.00 sys=0.00, real=0.00 secs] 
43.700: [GC 43.700: [ParNew: 7218K->320K(7616K), 0.0011936 secs] 20283K->13693K(24732K), 0.0012720 secs] [Times: user=0.00 sys=0.00, real=0.00 secs] 
43.706: [GC 43.706: [ParNew: 6845K->665K(7616K), 0.0011148 secs] 20218K->14039K(24732K), 0.0011789 secs] [Times: user=0.01 sys=0.00, real=0.00 secs] 
43.711: [GC 43.711: [ParNew: 7177K->677K(7616K), 0.0015324 secs] 20550K->14283K(24732K), 0.0016398 secs] [Times: user=0.01 sys=0.00, real=0.00 secs] 
43.716: [GC 43.716: [ParNew: 7138K->228K(7616K), 0.0012628 secs] 20743K->14170K(24732K), 0.0013276 secs] [Times: user=0.00 sys=0.00, real=0.00 secs] 
43.722: [GC 43.722: [ParNew: 6671K->993K(7616K), 0.0014561 secs] 20614K->14936K(24732K), 0.0015255 secs] [Times: user=0.00 sys=0.00, real=0.00 secs] 
43.728: [GC 43.728: [ParNew: 7483K->259K(7616K), 0.0013686 secs] 21425K->14890K(24732K), 0.0014643 secs] [Times: user=0.00 sys=0.00, real=0.00 secs] 
43.734: [GC 43.734: [ParNew: 6759K->330K(7616K), 0.0007986 secs] 21390K->14960K(24732K), 0.0009090 secs] [Times: user=0.00 sys=0.00, real=0.00 secs] 
43.739: [GC 43.739: [ParNew: 6803K->578K(7616K), 0.0009384 secs] 21433K->15209K(24732K), 0.0009927 secs] [Times: user=0.00 sys=0.00, real=0.00 secs] 
43.745: [GC 43.746: [ParNew: 7049K->799K(7616K), 0.0015890 secs] 21679K->15575K(24732K), 0.0017472 secs] [Times: user=0.00 sys=0.00, real=0.00 secs] 
43.751: [GC 43.751: [ParNew: 7288K->366K(7616K), 0.0013595 secs] 22063K->15665K(24732K), 0.0014287 secs] [Times: user=0.01 sys=0.00, real=0.00 secs] 
43.757: [GC 43.757: [ParNew: 6846K->758K(7616K), 0.0011673 secs] 22145K->16056K(24732K), 0.0012378 secs] [Times: user=0.01 sys=0.00, real=0.00 secs] 
43.762: [GC 43.762: [ParNew: 7232K->488K(7616K), 0.0009803 secs] 22531K->15849K(24732K), 0.0010439 secs] [Times: user=0.00 sys=0.00, real=0.00 secs] 
43.767: [GC 43.767: [ParNew: 7010K->412K(7616K), 0.0009991 secs] 22371K->15773K(24732K), 0.0010554 secs] [Times: user=0.00 sys=0.00, real=0.00 secs] 
43.772: [GC 43.772: [ParNew: 6922K->515K(7616K), 0.0009749 secs] 22283K->15876K(24732K), 0.0010334 secs] [Times: user=0.00 sys=0.00, real=0.00 secs] 
43.777: [GC 43.777: [ParNew: 7021K->872K(7616K), 0.0013490 secs] 22382K->16233K(24732K), 0.0014210 secs] [Times: user=0.00 sys=0.00, real=0.01 secs] 
43.783: [GC 43.783: [ParNew: 7384K->1048K(7616K), 0.0017366 secs] 22745K->16822K(24732K), 0.0023455 secs] [Times: user=0.00 sys=0.00, real=0.00 secs] 
43.791: [GC 43.791: [ParNew: 7576K->268K(7616K), 0.0011690 secs] 23350K->16604K(24732K), 0.0012460 secs] [Times: user=0.00 sys=0.00, real=0.00 secs] 
43.796: [GC 43.797: [ParNew: 6793K->421K(7616K), 0.0008241 secs] 23129K->16757K(24732K), 0.0008782 secs] [Times: user=0.01 sys=0.00, real=0.00 secs] 
43.801: [GC 43.801: [ParNew: 6903K->371K(7616K), 0.0010013 secs] 23239K->16706K(24732K), 0.0010611 secs] [Times: user=0.00 sys=0.00, real=0.00 secs] 
43.807: [GC 43.807: [ParNew: 6895K->482K(7616K), 0.0009885 secs] 23231K->16817K(24732K), 0.0010462 secs] [Times: user=0.00 sys=0.00, real=0.00 secs] 
43.812: [GC 43.812: [ParNew: 6979K->890K(7616K), 0.0014813 secs] 23315K->17226K(24732K), 0.0015564 secs] [Times: user=0.00 sys=0.00, real=0.00 secs] 
43.817: [GC 43.817: [ParNew: 7363K->718K(7616K), 0.0016359 secs] 23699K->17473K(24732K), 0.0017055 secs] [Times: user=0.00 sys=0.00, real=0.01 secs] 
43.824: [GC 43.824: [ParNew: 7165K->1083K(7616K), 0.0018610 secs] 23921K->18092K(24732K), 0.0019391 secs] [Times: user=0.00 sys=0.00, real=0.00 secs] 
43.832: [GC 43.832: [ParNew: 7581K->284K(7616K), 0.0015960 secs]43.833: [Tenured: 17977K->8397K(18076K), 0.0731925 secs] 24590K->8397K(25692K), [Perm : 10707K->10707K(21248K)], 0.0753614 secs] [Times: user=0.07 sys=0.01, real=0.07 secs] 
43.911: [GC 43.911: [ParNew: 6483K->512K(7616K), 0.0010146 secs] 14880K->8909K(24732K), 0.0010756 secs] [Times: user=0.00 sys=0.00, real=0.00 secs] 
43.917: [GC 43.917: [ParNew: 7003K->600K(7616K), 0.0010439 secs] 15401K->8998K(24732K), 0.0011219 secs] [Times: user=0.00 sys=0.00, real=0.01 secs] 
43.924: [GC 43.924: [ParNew: 7078K->255K(7616K), 0.0009546 secs] 15476K->8906K(24732K), 0.0010298 secs] [Times: user=0.01 sys=0.00, real=0.00 secs] 
43.929: [GC 43.929: [ParNew: 6775K->374K(7616K), 0.0008570 secs] 15426K->9025K(24732K), 0.0009182 secs] [Times: user=0.00 sys=0.00, real=0.00 secs] 
43.933: [GC 43.934: [ParNew: 6882K->541K(7616K), 0.0012465 secs] 15533K->9192K(24732K), 0.0013268 secs] [Times: user=0.00 sys=0.00, real=0.00 secs] 
43.939: [GC 43.939: [ParNew: 6962K->896K(7616K), 0.0013194 secs] 15613K->9546K(24732K), 0.0014035 secs] [Times: user=0.00 sys=0.00, real=0.00 secs] 
43.948: [GC 43.948: [ParNew: 7410K->258K(7616K), 0.0010506 secs] 16060K->9371K(24732K), 0.0011095 secs] [Times: user=0.00 sys=0.00, real=0.01 secs] 
43.954: [GC 43.954: [ParNew: 6700K->197K(7616K), 0.0007638 secs] 15813K->9310K(24732K), 0.0008142 secs] [Times: user=0.00 sys=0.00, real=0.00 secs] 
43.961: [GC 43.961: [ParNew: 6620K->208K(7616K), 0.0008985 secs] 15733K->9321K(24732K), 0.0009718 secs] [Times: user=0.00 sys=0.00, real=0.00 secs] 
43.966: [GC 43.966: [ParNew: 6716K->515K(7616K), 0.0008124 secs] 15829K->9628K(24732K), 0.0008678 secs] [Times: user=0.00 sys=0.00, real=0.00 secs] 
43.972: [GC 43.972: [ParNew: 7029K->583K(7616K), 0.0009901 secs] 16142K->9696K(24732K), 0.0010705 secs] [Times: user=0.01 sys=0.00, real=0.00 secs] 
43.977: [GC 43.977: [ParNew: 7107K->384K(7616K), 0.0010764 secs] 16220K->9619K(24732K), 0.0011381 secs] [Times: user=0.01 sys=0.00, real=0.01 secs] 
43.982: [GC 43.982: [ParNew: 6876K->833K(7616K), 0.0016889 secs] 16110K->10068K(24732K), 0.0017735 secs] [Times: user=0.00 sys=0.00, real=0.00 secs] 
43.989: [GC 43.989: [ParNew: 7315K->605K(7616K), 0.0013213 secs] 16549K->10137K(24732K), 0.0014089 secs] [Times: user=0.00 sys=0.00, real=0.00 secs] 
43.995: [GC 43.995: [ParNew: 7091K->449K(7616K), 0.0011703 secs] 16623K->10255K(24732K), 0.0012591 secs] [Times: user=0.00 sys=0.00, real=0.00 secs] 
44.001: [GC 44.001: [ParNew: 6952K->385K(7616K), 0.0007990 secs] 16758K->10191K(24732K), 0.0008492 secs] [Times: user=0.00 sys=0.00, real=0.00 secs] 
44.006: [GC 44.006: [ParNew: 6857K->583K(7616K), 0.0010451 secs] 16663K->10390K(24732K), 0.0011082 secs] [Times: user=0.00 sys=0.00, real=0.00 secs] 
44.013: [GC 44.013: [ParNew: 7081K->592K(7616K), 0.0009002 secs] 16888K->10479K(24732K), 0.0009591 secs] [Times: user=0.00 sys=0.00, real=0.00 secs] 
44.018: [GC 44.018: [ParNew: 7054K->463K(7616K), 0.0010952 secs] 16941K->10416K(24732K), 0.0011554 secs] [Times: user=0.00 sys=0.00, real=0.01 secs] 
44.023: [GC 44.023: [ParNew: 6928K->584K(7616K), 0.0011920 secs] 16881K->10536K(24732K), 0.0012595 secs] [Times: user=0.00 sys=0.00, real=0.00 secs] 
44.029: [GC 44.029: [ParNew: 6974K->993K(7616K), 0.0014760 secs] 16927K->11081K(24732K), 0.0015517 secs] [Times: user=0.00 sys=0.00, real=0.00 secs] 
44.034: [GC 44.034: [ParNew: 7484K->297K(7616K), 0.0013730 secs] 17571K->11162K(24732K), 0.0014895 secs] [Times: user=0.01 sys=0.00, real=0.00 secs] 
44.040: [GC 44.041: [ParNew: 6815K->220K(7616K), 0.0006321 secs] 17681K->11085K(24732K), 0.0006757 secs] [Times: user=0.00 sys=0.00, real=0.00 secs] 
44.045: [GC 44.045: [ParNew: 6713K->662K(7616K), 0.0012637 secs] 17578K->11528K(24732K), 0.0013390 secs] [Times: user=0.00 sys=0.00, real=0.00 secs] 
44.052: [GC 44.052: [ParNew: 7175K->575K(7616K), 0.0009536 secs] 18041K->11441K(24732K), 0.0010430 secs] [Times: user=0.00 sys=0.00, real=0.00 secs] 
44.058: [GC 44.058: [ParNew: 7010K->118K(7616K), 0.0009012 secs] 17875K->11308K(24732K), 0.0009531 secs] [Times: user=0.00 sys=0.00, real=0.01 secs] 
44.066: [GC 44.066: [ParNew: 6594K->179K(7616K), 0.0007746 secs] 17784K->11369K(24732K), 0.0008337 secs] [Times: user=0.00 sys=0.00, real=0.00 secs] 
44.072: [GC 44.072: [ParNew: 6681K->252K(7616K), 0.0009075 secs] 17871K->11442K(24732K), 0.0009662 secs] [Times: user=0.00 sys=0.00, real=0.00 secs] 
44.077: [GC 44.077: [ParNew: 6744K->335K(7616K), 0.0008438 secs] 17934K->11525K(24732K), 0.0008927 secs] [Times: user=0.00 sys=0.00, real=0.01 secs] 
44.083: [GC 44.083: [ParNew: 6857K->419K(7616K), 0.0009362 secs] 18047K->11609K(24732K), 0.0009915 secs] [Times: user=0.01 sys=0.00, real=0.00 secs] 
44.088: [GC 44.088: [ParNew: 6921K->425K(7616K), 0.0018305 secs] 18110K->11615K(24732K), 0.0019075 secs] [Times: user=0.00 sys=0.00, real=0.01 secs] 
44.094: [GC 44.094: [ParNew: 6891K->646K(7616K), 0.0019139 secs] 18081K->11835K(24732K), 0.0019887 secs] [Times: user=0.00 sys=0.00, real=0.00 secs] 
44.101: [GC 44.101: [ParNew: 7158K->1057K(7616K), 0.0014202 secs] 18348K->12377K(24732K), 0.0015087 secs] [Times: user=0.00 sys=0.00, real=0.00 secs] 
44.107: [GC 44.108: [ParNew: 7554K->135K(7616K), 0.0014803 secs] 18874K->12228K(24732K), 0.0015535 secs] [Times: user=0.00 sys=0.00, real=0.01 secs] 
44.114: [GC 44.114: [ParNew: 6661K->231K(7616K), 0.0006674 secs] 18754K->12325K(24732K), 0.0007141 secs] [Times: user=0.00 sys=0.00, real=0.00 secs] 
44.118: [GC 44.118: [ParNew: 6723K->1076K(7616K), 0.0017503 secs] 18817K->13442K(24732K), 0.0018610 secs] [Times: user=0.01 sys=0.00, real=0.00 secs] 
44.124: [GC 44.124: [ParNew: 7597K->428K(7616K), 0.0019121 secs] 19962K->13733K(24732K), 0.0020949 secs] [Times: user=0.01 sys=0.00, real=0.00 secs] 
44.131: [GC 44.131: [ParNew: 6924K->1052K(7616K), 0.0019313 secs] 20228K->14431K(24732K), 0.0020104 secs] [Times: user=0.01 sys=0.00, real=0.00 secs] 
44.137: [GC 44.137: [ParNew: 7564K->631K(7616K), 0.0021259 secs] 20943K->14838K(24732K), 0.0022114 secs] [Times: user=0.01 sys=0.00, real=0.01 secs] 
44.144: [GC 44.144: [ParNew: 7156K->467K(7616K), 0.0015437 secs] 21363K->15165K(24732K), 0.0016140 secs] [Times: user=0.01 sys=0.00, real=0.00 secs] 
44.150: [GC 44.150: [ParNew: 6927K->879K(7616K), 0.0011650 secs] 21625K->15576K(24732K), 0.0012303 secs] [Times: user=0.01 sys=0.00, real=0.00 secs] 
44.156: [GC 44.156: [ParNew: 7400K->915K(7616K), 0.0017346 secs] 22097K->16280K(24732K), 0.0018098 secs] [Times: user=0.01 sys=0.00, real=0.00 secs] 
44.163: [GC 44.163: [ParNew: 7403K->615K(7616K), 0.0015486 secs] 22768K->16521K(24732K), 0.0016304 secs] [Times: user=0.00 sys=0.00, real=0.00 secs] 
44.170: [GC 44.170: [ParNew: 7133K->322K(7616K), 0.0013773 secs] 23039K->16709K(24732K), 0.0014673 secs] [Times: user=0.00 sys=0.00, real=0.00 secs] 
44.175: [GC 44.175: [ParNew: 6800K->886K(7616K), 0.0013839 secs] 23187K->17273K(24732K), 0.0014842 secs] [Times: user=0.00 sys=0.00, real=0.00 secs] 
44.181: [GC 44.181: [ParNew: 7372K->579K(7616K), 0.0015617 secs] 23759K->17551K(24732K), 0.0016358 secs] [Times: user=0.00 sys=0.00, real=0.00 secs] 
44.188: [GC 44.188: [ParNew: 7101K->547K(7616K), 0.0019579 secs]44.190: [Tenured: 17267K->8416K(17308K), 0.0716214 secs] 24073K->8416K(24924K), [Perm : 10707K->10707K(21248K)], 0.0738215 secs] [Times: user=0.07 sys=0.01, real=0.08 secs] 
44.267: [GC 44.267: [ParNew: 6486K->292K(7616K), 0.0007921 secs] 14902K->8709K(24732K), 0.0008658 secs] [Times: user=0.00 sys=0.00, real=0.00 secs] 
44.273: [GC 44.273: [ParNew: 6789K->848K(7616K), 0.0011954 secs] 15206K->9264K(24732K), 0.0012655 secs] [Times: user=0.01 sys=0.00, real=0.00 secs] 
44.280: [GC 44.280: [ParNew: 7324K->216K(7616K), 0.0012832 secs] 15741K->9359K(24732K), 0.0013749 secs] [Times: user=0.01 sys=0.00, real=0.00 secs] 
44.285: [GC 44.285: [ParNew: 6721K->556K(7616K), 0.0008805 secs] 15864K->9699K(24732K), 0.0009392 secs] [Times: user=0.00 sys=0.00, real=0.00 secs] 
44.292: [GC 44.292: [ParNew: 7072K->688K(7616K), 0.0011266 secs] 16216K->9981K(24732K), 0.0012416 secs] [Times: user=0.00 sys=0.00, real=0.00 secs] 
44.302: [GC 44.302: [ParNew: 7196K->992K(7616K), 0.0012287 secs] 16489K->10368K(24732K), 0.0013909 secs] [Times: user=0.00 sys=0.00, real=0.00 secs] 
44.308: [GC 44.308: [ParNew: 7465K->384K(7616K), 0.0014477 secs] 16842K->10682K(24732K), 0.0015163 secs] [Times: user=0.00 sys=0.00, real=0.00 secs] 
44.316: [GC 44.316: [ParNew: 6867K->685K(7616K), 0.0009717 secs] 17165K->10983K(24732K), 0.0010341 secs] [Times: user=0.00 sys=0.00, real=0.00 secs] 
44.322: [GC 44.322: [ParNew: 7102K->466K(7616K), 0.0009989 secs] 17400K->11023K(24732K), 0.0010621 secs] [Times: user=0.01 sys=0.00, real=0.00 secs] 
44.327: [GC 44.327: [ParNew: 6951K->553K(7616K), 0.0010067 secs] 17509K->11110K(24732K), 0.0010652 secs] [Times: user=0.01 sys=0.00, real=0.01 secs] 
44.335: [GC 44.335: [ParNew: 7030K->452K(7616K), 0.0014036 secs] 17587K->11044K(24732K), 0.0014697 secs] [Times: user=0.00 sys=0.00, real=0.00 secs] 
44.340: [GC 44.340: [ParNew: 6959K->609K(7616K), 0.0012408 secs] 17550K->11201K(24732K), 0.0013123 secs] [Times: user=0.00 sys=0.00, real=0.00 secs] 
44.345: [GC 44.345: [ParNew: 7074K->463K(7616K), 0.0010627 secs] 17666K->11137K(24732K), 0.0011387 secs] [Times: user=0.00 sys=0.00, real=0.00 secs] 
44.350: [GC 44.350: [ParNew: 6951K->779K(7616K), 0.0012268 secs] 17626K->11453K(24732K), 0.0012944 secs] [Times: user=0.00 sys=0.00, real=0.00 secs] 
44.357: [GC 44.357: [ParNew: 7279K->1080K(7616K), 0.0018785 secs] 17953K->12414K(24732K), 0.0019532 secs] [Times: user=0.00 sys=0.00, real=0.01 secs] 
44.364: [GC 44.364: [ParNew: 7594K->381K(7616K), 0.0011034 secs] 18929K->12192K(24732K), 0.0011712 secs] [Times: user=0.00 sys=0.00, real=0.00 secs] 
44.370: [GC 44.370: [ParNew: 6908K->1085K(7616K), 0.0017081 secs] 18719K->13313K(24732K), 0.0017898 secs] [Times: user=0.00 sys=0.00, real=0.00 secs] 
44.377: [GC 44.377: [ParNew: 7610K->424K(7616K), 0.0016158 secs] 19838K->13493K(24732K), 0.0016882 secs] [Times: user=0.00 sys=0.00, real=0.01 secs] 
44.387: [GC 44.387: [ParNew: 6952K->780K(7616K), 0.0013513 secs] 20021K->13850K(24732K), 0.0014215 secs] [Times: user=0.00 sys=0.00, real=0.01 secs] 
44.393: [GC 44.394: [ParNew: 7308K->605K(7616K), 0.0016067 secs] 20377K->14018K(24732K), 0.0016790 secs] [Times: user=0.00 sys=0.00, real=0.00 secs] 
44.400: [GC 44.400: [ParNew: 7082K->475K(7616K), 0.0012571 secs] 20495K->13964K(24732K), 0.0013227 secs] [Times: user=0.00 sys=0.00, real=0.00 secs] 
44.407: [GC 44.407: [ParNew: 7000K->276K(7616K), 0.0007840 secs] 20489K->13764K(24732K), 0.0008309 secs] [Times: user=0.00 sys=0.00, real=0.00 secs] 
44.412: [GC 44.413: [ParNew: 6800K->357K(7616K), 0.0008240 secs] 20289K->13845K(24732K), 0.0008764 secs] [Times: user=0.00 sys=0.00, real=0.00 secs] 
44.417: [GC 44.417: [ParNew: 6874K->661K(7616K), 0.0013455 secs] 20363K->14149K(24732K), 0.0014146 secs] [Times: user=0.00 sys=0.00, real=0.01 secs] 
44.424: [GC 44.424: [ParNew: 7161K->687K(7616K), 0.0012126 secs] 20650K->14262K(24732K), 0.0012977 secs] [Times: user=0.00 sys=0.00, real=0.00 secs] 
44.429: [GC 44.429: [ParNew: 7194K->376K(7616K), 0.0009528 secs] 20770K->14093K(24732K), 0.0010092 secs] [Times: user=0.00 sys=0.00, real=0.00 secs] 
44.436: [GC 44.436: [ParNew: 6892K->815K(7616K), 0.0029709 secs] 20609K->14532K(24732K), 0.0030924 secs] [Times: user=0.00 sys=0.00, real=0.01 secs] 
44.444: [GC 44.444: [ParNew: 7281K->622K(7616K), 0.0023518 secs] 20998K->15133K(24732K), 0.0024237 secs] [Times: user=0.00 sys=0.01, real=0.00 secs] 
44.451: [GC 44.451: [ParNew: 7145K->525K(7616K), 0.0013703 secs] 21656K->15505K(24732K), 0.0014516 secs] [Times: user=0.00 sys=0.00, real=0.00 secs] 
44.458: [GC 44.458: [ParNew: 7017K->684K(7616K), 0.0011642 secs] 21997K->15664K(24732K), 0.0012686 secs] [Times: user=0.00 sys=0.00, real=0.01 secs] 
44.464: [GC 44.464: [ParNew: 7184K->670K(7616K), 0.0014478 secs] 22164K->16022K(24732K), 0.0015721 secs] [Times: user=0.00 sys=0.00, real=0.00 secs] 
44.470: [GC 44.470: [ParNew: 7190K->721K(7616K), 0.0014041 secs] 22542K->16267K(24732K), 0.0014752 secs] [Times: user=0.01 sys=0.00, real=0.00 secs] 
44.475: [GC 44.475: [ParNew: 7246K->834K(7616K), 0.0017427 secs] 22793K->16785K(24732K), 0.0018162 secs] [Times: user=0.01 sys=0.00, real=0.00 secs] 
44.481: [GC 44.481: [ParNew: 7355K->349K(7616K), 0.0014354 secs] 23306K->16950K(24732K), 0.0015241 secs] [Times: user=0.01 sys=0.00, real=0.00 secs] 
44.488: [GC 44.489: [ParNew: 6850K->472K(7616K), 0.0012435 secs] 23450K->17072K(24732K), 0.0013127 secs] [Times: user=0.01 sys=0.00, real=0.00 secs] 
44.495: [GC 44.495: [ParNew: 6951K->690K(7616K), 0.0010513 secs] 23551K->17290K(24732K), 0.0011530 secs] [Times: user=0.00 sys=0.00, real=0.00 secs] 
44.501: [GC 44.501: [ParNew: 7205K->705K(7616K), 0.0015133 secs] 23805K->17618K(24732K), 0.0016314 secs] [Times: user=0.00 sys=0.00, real=0.00 secs] 
44.507: [GC 44.507: [ParNew: 7221K->385K(7616K), 0.0013174 secs]44.508: [Tenured: 17245K->8402K(17308K), 0.0722723 secs] 24133K->8402K(24924K), [Perm : 10707K->10707K(21248K)], 0.0738239 secs] [Times: user=0.07 sys=0.00, real=0.08 secs] 
44.585: [GC 44.585: [ParNew: 6520K->466K(7616K), 0.0013010 secs] 14923K->8869K(24732K), 0.0013643 secs] [Times: user=0.00 sys=0.00, real=0.00 secs] 
44.590: [GC 44.590: [ParNew: 6974K->926K(7616K), 0.0013149 secs] 15376K->9329K(24732K), 0.0013866 secs] [Times: user=0.00 sys=0.00, real=0.00 secs] 
44.603: [GC 44.603: [ParNew: 7454K->644K(7616K), 0.0011401 secs] 15857K->9443K(24732K), 0.0012116 secs] [Times: user=0.00 sys=0.00, real=0.00 secs] 
44.615: [GC 44.615: [ParNew: 7159K->562K(7616K), 0.0013920 secs] 15957K->9666K(24732K), 0.0014586 secs] [Times: user=0.01 sys=0.00, real=0.00 secs] 
44.621: [GC 44.621: [ParNew: 7060K->554K(7616K), 0.0011878 secs] 16164K->9827K(24732K), 0.0012506 secs] [Times: user=0.01 sys=0.00, real=0.00 secs] 
44.626: [GC 44.626: [ParNew: 7066K->353K(7616K), 0.0010707 secs] 16340K->9837K(24732K), 0.0011371 secs] [Times: user=0.00 sys=0.00, real=0.00 secs] 
44.633: [GC 44.633: [ParNew: 6881K->528K(7616K), 0.0010768 secs] 16365K->10011K(24732K), 0.0011459 secs] [Times: user=0.00 sys=0.00, real=0.00 secs] 
44.639: [GC 44.639: [ParNew: 6960K->790K(7616K), 0.0009679 secs] 16443K->10274K(24732K), 0.0010485 secs] [Times: user=0.00 sys=0.00, real=0.00 secs] 
44.645: [GC 44.645: [ParNew: 7226K->434K(7616K), 0.0011683 secs] 16710K->10271K(24732K), 0.0012345 secs] [Times: user=0.00 sys=0.00, real=0.00 secs] 
44.650: [GC 44.650: [ParNew: 6952K->435K(7616K), 0.0008687 secs] 16789K->10272K(24732K), 0.0009230 secs] [Times: user=0.00 sys=0.00, real=0.00 secs] 
44.655: [GC 44.655: [ParNew: 6928K->365K(7616K), 0.0007452 secs] 16764K->10201K(24732K), 0.0008033 secs] [Times: user=0.00 sys=0.00, real=0.00 secs] 
44.660: [GC 44.660: [ParNew: 6842K->758K(7616K), 0.0010234 secs] 16679K->10595K(24732K), 0.0010891 secs] [Times: user=0.01 sys=0.00, real=0.00 secs] 
44.669: [GC 44.669: [ParNew: 7286K->554K(7616K), 0.0012263 secs] 17123K->10809K(24732K), 0.0013293 secs] [Times: user=0.01 sys=0.00, real=0.00 secs] 
44.674: [GC 44.675: [ParNew: 7067K->259K(7616K), 0.0010365 secs] 17323K->10881K(24732K), 0.0010966 secs] [Times: user=0.00 sys=0.00, real=0.00 secs] 
44.680: [GC 44.680: [ParNew: 6765K->904K(7616K), 0.0012312 secs] 17387K->11527K(24732K), 0.0013000 secs] [Times: user=0.00 sys=0.00, real=0.00 secs] 
44.685: [GC 44.685: [ParNew: 7422K->112K(7616K), 0.0017500 secs] 18044K->11397K(24732K), 0.0018369 secs] [Times: user=0.00 sys=0.00, real=0.00 secs] 
44.691: [GC 44.691: [ParNew: 6602K->549K(7616K), 0.0008995 secs] 17887K->11834K(24732K), 0.0009627 secs] [Times: user=0.00 sys=0.00, real=0.00 secs] 
44.696: [GC 44.696: [ParNew: 7063K->372K(7616K), 0.0011153 secs] 18348K->12042K(24732K), 0.0011803 secs] [Times: user=0.00 sys=0.00, real=0.00 secs] 
44.702: [GC 44.702: [ParNew: 6893K->795K(7616K), 0.0011474 secs] 18563K->12465K(24732K), 0.0012109 secs] [Times: user=0.01 sys=0.00, real=0.00 secs] 
44.707: [GC 44.707: [ParNew: 7262K->369K(7616K), 0.0013218 secs] 18932K->12351K(24732K), 0.0014146 secs] [Times: user=0.01 sys=0.00, real=0.01 secs] 
44.713: [GC 44.713: [ParNew: 6745K->500K(7616K), 0.0009621 secs] 18726K->12481K(24732K), 0.0010272 secs] [Times: user=0.00 sys=0.00, real=0.00 secs] 
44.718: [GC 44.718: [ParNew: 7026K->813K(7616K), 0.0011966 secs] 19007K->12795K(24732K), 0.0012616 secs] [Times: user=0.00 sys=0.00, real=0.01 secs] 
44.724: [GC 44.724: [ParNew: 7314K->394K(7616K), 0.0012578 secs] 19295K->12871K(24732K), 0.0013329 secs] [Times: user=0.00 sys=0.00, real=0.00 secs] 
44.731: [GC 44.731: [ParNew: 6830K->392K(7616K), 0.0007782 secs] 19308K->12869K(24732K), 0.0008440 secs] [Times: user=0.00 sys=0.00, real=0.00 secs] 
44.735: [GC 44.735: [ParNew: 6886K->609K(7616K), 0.0017988 secs] 19363K->13086K(24732K), 0.0018699 secs] [Times: user=0.00 sys=0.00, real=0.00 secs] 
44.741: [GC 44.741: [ParNew: 7111K->447K(7616K), 0.0011345 secs] 19588K->12925K(24732K), 0.0011997 secs] [Times: user=0.01 sys=0.00, real=0.00 secs] 
44.746: [GC 44.746: [ParNew: 6907K->569K(7616K), 0.0014289 secs] 19384K->13046K(24732K), 0.0014904 secs] [Times: user=0.00 sys=0.00, real=0.00 secs] 
44.751: [GC 44.751: [ParNew: 7057K->476K(7616K), 0.0010504 secs] 19534K->13126K(24732K), 0.0011106 secs] [Times: user=0.00 sys=0.00, real=0.00 secs] 
44.756: [GC 44.756: [ParNew: 6994K->478K(7616K), 0.0009961 secs] 19645K->13129K(24732K), 0.0010880 secs] [Times: user=0.00 sys=0.00, real=0.00 secs] 
44.762: [GC 44.762: [ParNew: 6940K->948K(7616K), 0.0014118 secs] 19590K->13598K(24732K), 0.0014900 secs] [Times: user=0.00 sys=0.00, real=0.00 secs] 
44.768: [GC 44.768: [ParNew: 7461K->954K(7616K), 0.0017093 secs] 20111K->14016K(24732K), 0.0017939 secs] [Times: user=0.00 sys=0.00, real=0.01 secs] 
44.775: [GC 44.775: [ParNew: 7417K->498K(7616K), 0.0014463 secs] 20480K->14021K(24732K), 0.0015318 secs] [Times: user=0.00 sys=0.00, real=0.00 secs] 
44.782: [GC 44.782: [ParNew: 7023K->600K(7616K), 0.0010518 secs] 20547K->14124K(24732K), 0.0011150 secs] [Times: user=0.00 sys=0.00, real=0.00 secs] 
44.791: [GC 44.791: [ParNew: 7037K->610K(7616K), 0.0012579 secs] 20560K->14381K(24732K), 0.0013195 secs] [Times: user=0.00 sys=0.00, real=0.00 secs] 
44.798: [GC 44.798: [ParNew: 7137K->475K(7616K), 0.0014133 secs] 20908K->14766K(24732K), 0.0015145 secs] [Times: user=0.00 sys=0.00, real=0.01 secs] 
44.803: [GC 44.804: [ParNew: 6939K->804K(7616K), 0.0015845 secs] 21229K->15094K(24732K), 0.0016532 secs] [Times: user=0.01 sys=0.00, real=0.00 secs] 
44.809: [GC 44.809: [ParNew: 7197K->879K(7616K), 0.0018667 secs] 21487K->15565K(24732K), 0.0019499 secs] [Times: user=0.01 sys=0.00, real=0.00 secs] 
44.816: [GC 44.816: [ParNew: 7382K->553K(7616K), 0.0015680 secs] 22069K->16041K(24732K), 0.0017069 secs] [Times: user=0.01 sys=0.00, real=0.00 secs] 
44.823: [GC 44.823: [ParNew: 7066K->105K(7616K), 0.0009953 secs] 22554K->16005K(24732K), 0.0010686 secs] [Times: user=0.00 sys=0.00, real=0.00 secs] 
44.828: [GC 44.828: [ParNew: 6631K->161K(7616K), 0.0008312 secs] 22530K->16061K(24732K), 0.0008900 secs] [Times: user=0.00 sys=0.00, real=0.00 secs] 
44.833: [GC 44.833: [ParNew: 6673K->328K(7616K), 0.0009075 secs] 22572K->16228K(24732K), 0.0009585 secs] [Times: user=0.00 sys=0.00, real=0.00 secs] 
44.842: [GC 44.842: [ParNew: 6856K->642K(7616K), 0.0009911 secs] 22756K->16541K(24732K), 0.0010641 secs] [Times: user=0.00 sys=0.00, real=0.00 secs] 
44.849: [GC 44.849: [ParNew: 7137K->611K(7616K), 0.0011551 secs] 23036K->16626K(24732K), 0.0012318 secs] [Times: user=0.00 sys=0.00, real=0.00 secs] 
44.856: [GC 44.856: [ParNew: 7131K->368K(7616K), 0.0011183 secs] 23147K->16731K(24732K), 0.0011780 secs] [Times: user=0.00 sys=0.00, real=0.00 secs] 
44.861: [GC 44.861: [ParNew: 6887K->541K(7616K), 0.0014142 secs] 23250K->16905K(24732K), 0.0014809 secs] [Times: user=0.00 sys=0.00, real=0.00 secs] 
44.867: [GC 44.867: [ParNew: 7069K->604K(7616K), 0.0012457 secs] 23433K->16967K(24732K), 0.0013174 secs] [Times: user=0.00 sys=0.00, real=0.01 secs] 
44.872: [GC 44.872: [ParNew: 7110K->487K(7616K), 0.0010379 secs] 23474K->16927K(24732K), 0.0010950 secs] [Times: user=0.00 sys=0.00, real=0.00 secs] 
44.880: [GC 44.880: [ParNew: 6975K->503K(7616K), 0.0014041 secs] 23415K->16943K(24732K), 0.0014705 secs] [Times: user=0.01 sys=0.01, real=0.00 secs] 
44.887: [GC 44.887: [ParNew: 7023K->522K(7616K), 0.0017699 secs] 23463K->16961K(24732K), 0.0018400 secs] [Times: user=0.01 sys=0.00, real=0.01 secs] 
44.894: [GC 44.894: [ParNew: 7049K->717K(7616K), 0.0011504 secs] 23488K->17156K(24732K), 0.0012277 secs] [Times: user=0.00 sys=0.00, real=0.00 secs] 
44.901: [GC 44.901: [ParNew: 7245K->576K(7616K), 0.0016411 secs] 23684K->17210K(24732K), 0.0017124 secs] [Times: user=0.00 sys=0.00, real=0.00 secs] 
44.906: [GC 44.906: [ParNew: 7089K->1034K(7616K), 0.0016726 secs] 23722K->17915K(24732K), 0.0017479 secs] [Times: user=0.00 sys=0.00, real=0.00 secs] 
44.913: [GC 44.913: [ParNew: 7534K->297K(7616K), 0.0016857 secs]44.915: [Tenured: 17551K->8502K(17692K), 0.0718954 secs] 24415K->8502K(25308K), [Perm : 10707K->10707K(21248K)], 0.0740431 secs] [Times: user=0.07 sys=0.00, real=0.07 secs] 
44.993: [GC 44.993: [ParNew: 6481K->487K(7616K), 0.0018637 secs] 14984K->8990K(24732K), 0.0019401 secs] [Times: user=0.00 sys=0.00, real=0.00 secs] 
45.009: [GC 45.009: [ParNew: 6988K->857K(7616K), 0.0011368 secs] 15491K->9360K(24732K), 0.0012045 secs] [Times: user=0.01 sys=0.00, real=0.00 secs] 
45.017: [GC 45.017: [ParNew: 7385K->543K(7616K), 0.0011846 secs] 15888K->9422K(24732K), 0.0012514 secs] [Times: user=0.00 sys=0.00, real=0.01 secs] 
45.022: [GC 45.022: [ParNew: 7060K->397K(7616K), 0.0012989 secs] 15939K->9276K(24732K), 0.0013531 secs] [Times: user=0.01 sys=0.00, real=0.00 secs] 
45.028: [GC 45.028: [ParNew: 6904K->811K(7616K), 0.0012729 secs] 15783K->9691K(24732K), 0.0013508 secs] [Times: user=0.00 sys=0.00, real=0.01 secs] 
45.034: [GC 45.034: [ParNew: 7337K->418K(7616K), 0.0012417 secs] 16217K->9597K(24732K), 0.0013253 secs] [Times: user=0.00 sys=0.00, real=0.00 secs] 
45.040: [GC 45.040: [ParNew: 6944K->665K(7616K), 0.0010002 secs] 16123K->9844K(24732K), 0.0010626 secs] [Times: user=0.00 sys=0.00, real=0.00 secs] 
45.049: [GC 45.049: [ParNew: 7170K->313K(7616K), 0.0009783 secs] 16349K->9694K(24732K), 0.0010320 secs] [Times: user=0.00 sys=0.00, real=0.00 secs] 
45.056: [GC 45.056: [ParNew: 6823K->287K(7616K), 0.0009127 secs] 16204K->9669K(24732K), 0.0009970 secs] [Times: user=0.00 sys=0.00, real=0.00 secs] 
45.062: [GC 45.062: [ParNew: 6790K->637K(7616K), 0.0009454 secs] 16172K->10018K(24732K), 0.0010051 secs] [Times: user=0.00 sys=0.00, real=0.00 secs] 
45.067: [GC 45.067: [ParNew: 7121K->466K(7616K), 0.0011988 secs] 16503K->10085K(24732K), 0.0012689 secs] [Times: user=0.01 sys=0.00, real=0.01 secs] 
45.074: [GC 45.074: [ParNew: 6969K->253K(7616K), 0.0009974 secs] 16589K->9872K(24732K), 0.0010416 secs] [Times: user=0.00 sys=0.00, real=0.00 secs] 
45.080: [GC 45.080: [ParNew: 6774K->344K(7616K), 0.0007847 secs] 16393K->9964K(24732K), 0.0008371 secs] [Times: user=0.00 sys=0.00, real=0.00 secs] 
45.085: [GC 45.085: [ParNew: 6861K->304K(7616K), 0.0013445 secs] 16480K->9924K(24732K), 0.0014062 secs] [Times: user=0.00 sys=0.00, real=0.00 secs] 
45.092: [GC 45.092: [ParNew: 6759K->446K(7616K), 0.0008512 secs] 16378K->10066K(24732K), 0.0009074 secs] [Times: user=0.00 sys=0.00, real=0.00 secs] 
45.099: [GC 45.099: [ParNew: 6962K->788K(7616K), 0.0012876 secs] 16582K->10407K(24732K), 0.0013654 secs] [Times: user=0.00 sys=0.00, real=0.00 secs] 
45.105: [GC 45.105: [ParNew: 7271K->677K(7616K), 0.0014245 secs] 16891K->10532K(24732K), 0.0014968 secs] [Times: user=0.01 sys=0.00, real=0.00 secs] 
45.111: [GC 45.111: [ParNew: 7162K->307K(7616K), 0.0011560 secs] 17017K->10458K(24732K), 0.0012196 secs] [Times: user=0.01 sys=0.00, real=0.00 secs] 
45.117: [GC 45.117: [ParNew: 6835K->476K(7616K), 0.0013116 secs] 16986K->10627K(24732K), 0.0013797 secs] [Times: user=0.00 sys=0.00, real=0.01 secs] 
45.122: [GC 45.122: [ParNew: 6956K->483K(7616K), 0.0009499 secs] 17107K->10634K(24732K), 0.0010054 secs] [Times: user=0.00 sys=0.00, real=0.00 secs] 
45.127: [GC 45.127: [ParNew: 7002K->524K(7616K), 0.0010455 secs] 17152K->10675K(24732K), 0.0011058 secs] [Times: user=0.00 sys=0.00, real=0.00 secs] 
45.132: [GC 45.132: [ParNew: 7052K->743K(7616K), 0.0011828 secs] 17203K->10894K(24732K), 0.0012480 secs] [Times: user=0.00 sys=0.00, real=0.00 secs] 
45.137: [GC 45.138: [ParNew: 7251K->683K(7616K), 0.0024046 secs] 17402K->11098K(24732K), 0.0024803 secs] [Times: user=0.00 sys=0.01, real=0.01 secs] 
45.144: [GC 45.144: [ParNew: 7185K->978K(7616K), 0.0016490 secs] 17600K->11738K(24732K), 0.0017316 secs] [Times: user=0.01 sys=0.00, real=0.00 secs] 
45.150: [GC 45.150: [ParNew: 7486K->294K(7616K), 0.0013699 secs] 18245K->11808K(24732K), 0.0014423 secs] [Times: user=0.01 sys=0.00, real=0.00 secs] 
45.155: [GC 45.156: [ParNew: 6804K->313K(7616K), 0.0008349 secs] 18318K->11827K(24732K), 0.0008841 secs] [Times: user=0.00 sys=0.00, real=0.00 secs] 
45.160: [GC 45.160: [ParNew: 6794K->668K(7616K), 0.0010486 secs] 18308K->12182K(24732K), 0.0011125 secs] [Times: user=0.00 sys=0.00, real=0.00 secs] 
45.166: [GC 45.166: [ParNew: 7192K->478K(7616K), 0.0010612 secs] 18706K->12155K(24732K), 0.0011212 secs] [Times: user=0.00 sys=0.00, real=0.00 secs] 
45.171: [GC 45.171: [ParNew: 7005K->663K(7616K), 0.0012313 secs] 18682K->12340K(24732K), 0.0012970 secs] [Times: user=0.00 sys=0.00, real=0.00 secs] 
45.176: [GC 45.176: [ParNew: 7160K->863K(7616K), 0.0017509 secs] 18838K->12789K(24732K), 0.0018262 secs] [Times: user=0.00 sys=0.00, real=0.00 secs] 
45.182: [GC 45.182: [ParNew: 7384K->651K(7616K), 0.0013428 secs] 19310K->12958K(24732K), 0.0014362 secs] [Times: user=0.00 sys=0.00, real=0.00 secs] 
45.189: [GC 45.189: [ParNew: 7175K->525K(7616K), 0.0011132 secs] 19482K->13171K(24732K), 0.0011756 secs] [Times: user=0.00 sys=0.00, real=0.00 secs] 
45.194: [GC 45.194: [ParNew: 6962K->659K(7616K), 0.0010750 secs] 19609K->13305K(24732K), 0.0011411 secs] [Times: user=0.01 sys=0.00, real=0.00 secs] 
45.199: [GC 45.199: [ParNew: 7172K->266K(7616K), 0.0012523 secs] 19818K->13181K(24732K), 0.0013799 secs] [Times: user=0.01 sys=0.00, real=0.00 secs] 
45.204: [GC 45.204: [ParNew: 6766K->644K(7616K), 0.0010733 secs] 19681K->13559K(24732K), 0.0011359 secs] [Times: user=0.00 sys=0.00, real=0.00 secs] 
45.209: [GC 45.209: [ParNew: 7102K->452K(7616K), 0.0020711 secs] 20016K->13504K(24732K), 0.0021466 secs] [Times: user=0.00 sys=0.00, real=0.00 secs] 
45.217: [GC 45.217: [ParNew: 6977K->1059K(7616K), 0.0016220 secs] 20030K->14383K(24732K), 0.0017340 secs] [Times: user=0.00 sys=0.00, real=0.01 secs] 
45.223: [GC 45.223: [ParNew: 7456K->153K(7616K), 0.0014952 secs] 20779K->14237K(24732K), 0.0015734 secs] [Times: user=0.00 sys=0.00, real=0.00 secs] 
45.229: [GC 45.229: [ParNew: 6644K->302K(7616K), 0.0008690 secs] 20728K->14386K(24732K), 0.0009342 secs] [Times: user=0.00 sys=0.00, real=0.00 secs] 
45.233: [GC 45.233: [ParNew: 6771K->290K(7616K), 0.0007818 secs] 20855K->14374K(24732K), 0.0009526 secs] [Times: user=0.00 sys=0.00, real=0.00 secs] 
45.239: [GC 45.239: [ParNew: 6779K->602K(7616K), 0.0008168 secs] 20863K->14686K(24732K), 0.0008721 secs] [Times: user=0.01 sys=0.00, real=0.00 secs] 
45.244: [GC 45.244: [ParNew: 7102K->539K(7616K), 0.0010765 secs] 21186K->14691K(24732K), 0.0011379 secs] [Times: user=0.00 sys=0.00, real=0.00 secs] 
45.250: [GC 45.250: [ParNew: 7061K->1000K(7616K), 0.0012456 secs] 21212K->15152K(24732K), 0.0013315 secs] [Times: user=0.00 sys=0.00, real=0.00 secs] 
45.256: [GC 45.256: [ParNew: 7525K->389K(7616K), 0.0016024 secs] 21676K->15317K(24732K), 0.0016874 secs] [Times: user=0.00 sys=0.00, real=0.00 secs] 
45.262: [GC 45.262: [ParNew: 6863K->249K(7616K), 0.0008569 secs] 21791K->15177K(24732K), 0.0009071 secs] [Times: user=0.00 sys=0.00, real=0.00 secs] 
45.271: [GC 45.271: [ParNew: 6740K->320K(7616K), 0.0007522 secs] 21668K->15248K(24732K), 0.0007997 secs] [Times: user=0.00 sys=0.00, real=0.00 secs] 
45.276: [GC 45.276: [ParNew: 6810K->264K(7616K), 0.0007901 secs] 21738K->15192K(24732K), 0.0008395 secs] [Times: user=0.00 sys=0.00, real=0.00 secs] 
45.282: [GC 45.282: [ParNew: 6759K->298K(7616K), 0.0007826 secs] 21687K->15226K(24732K), 0.0008278 secs] [Times: user=0.00 sys=0.00, real=0.00 secs] 
45.287: [GC 45.287: [ParNew: 6812K->787K(7616K), 0.0017400 secs] 21740K->15715K(24732K), 0.0018073 secs] [Times: user=0.00 sys=0.00, real=0.01 secs] 
45.293: [GC 45.293: [ParNew: 7233K->314K(7616K), 0.0011804 secs] 22161K->15717K(24732K), 0.0012462 secs] [Times: user=0.01 sys=0.00, real=0.00 secs] 
45.298: [GC 45.298: [ParNew: 6798K->164K(7616K), 0.0006737 secs] 22202K->15568K(24732K), 0.0007221 secs] [Times: user=0.00 sys=0.00, real=0.01 secs] 
45.302: [GC 45.303: [ParNew: 6689K->686K(7616K), 0.0015681 secs] 22093K->16090K(24732K), 0.0016419 secs] [Times: user=0.00 sys=0.00, real=0.00 secs] 
45.310: [GC 45.310: [ParNew: 7191K->268K(7616K), 0.0009814 secs] 22595K->15944K(24732K), 0.0010543 secs] [Times: user=0.00 sys=0.00, real=0.00 secs] 
45.316: [GC 45.316: [ParNew: 6776K->628K(7616K), 0.0009592 secs] 22452K->16304K(24732K), 0.0010193 secs] [Times: user=0.00 sys=0.00, real=0.00 secs] 
45.321: [GC 45.322: [ParNew: 7096K->505K(7616K), 0.0015565 secs] 22772K->16628K(24732K), 0.0017138 secs] [Times: user=0.00 sys=0.00, real=0.00 secs] 
45.329: [GC 45.329: [ParNew: 6985K->716K(7616K), 0.0020444 secs] 23108K->16838K(24732K), 0.0021279 secs] [Times: user=0.01 sys=0.00, real=0.00 secs] 
45.336: [GC 45.336: [ParNew: 7235K->747K(7616K), 0.0019090 secs] 23358K->17103K(24732K), 0.0019823 secs] [Times: user=0.01 sys=0.00, real=0.00 secs] 
45.343: [GC 45.343: [ParNew: 7273K->1062K(7616K), 0.0022293 secs] 23629K->17976K(24732K), 0.0023195 secs] [Times: user=0.01 sys=0.00, real=0.00 secs] 
45.353: [GC 45.353: [ParNew: 7569K->288K(7616K), 0.0016233 secs]45.354: [Tenured: 17806K->8015K(17884K), 0.0714212 secs] 24483K->8015K(25500K), [Perm : 10707K->10707K(21248K)], 0.0735969 secs] [Times: user=0.07 sys=0.00, real=0.07 secs] 
45.432: [GC 45.432: [ParNew: 6510K->454K(7616K), 0.0024980 secs] 14525K->8469K(24732K), 0.0025723 secs] [Times: user=0.00 sys=0.00, real=0.00 secs] 
45.440: [GC 45.440: [ParNew: 6982K->573K(7616K), 0.0011639 secs] 14997K->8588K(24732K), 0.0012179 secs] [Times: user=0.00 sys=0.00, real=0.00 secs] 
45.446: [GC 45.446: [ParNew: 7101K->500K(7616K), 0.0010253 secs] 15116K->8729K(24732K), 0.0010858 secs] [Times: user=0.00 sys=0.00, real=0.00 secs] 
45.452: [GC 45.452: [ParNew: 6984K->454K(7616K), 0.0008848 secs] 15213K->8683K(24732K), 0.0009408 secs] [Times: user=0.00 sys=0.00, real=0.00 secs] 
45.458: [GC 45.458: [ParNew: 6969K->567K(7616K), 0.0010742 secs] 15198K->8797K(24732K), 0.0011333 secs] [Times: user=0.00 sys=0.01, real=0.01 secs] 
45.463: [GC 45.463: [ParNew: 7040K->632K(7616K), 0.0011642 secs] 15269K->8993K(24732K), 0.0012260 secs] [Times: user=0.00 sys=0.00, real=0.00 secs] 
45.469: [GC 45.469: [ParNew: 7155K->551K(7616K), 0.0013759 secs] 15516K->9115K(24732K), 0.0014453 secs] [Times: user=0.00 sys=0.00, real=0.00 secs] 
45.474: [GC 45.474: [ParNew: 7016K->674K(7616K), 0.0012608 secs] 15581K->9297K(24732K), 0.0013252 secs] [Times: user=0.00 sys=0.00, real=0.00 secs] 
45.480: [GC 45.480: [ParNew: 7161K->694K(7616K), 0.0013113 secs] 15785K->9640K(24732K), 0.0013808 secs] [Times: user=0.00 sys=0.00, real=0.00 secs] 
45.485: [GC 45.485: [ParNew: 7220K->382K(7616K), 0.0014912 secs] 16165K->9610K(24732K), 0.0015536 secs] [Times: user=0.01 sys=0.00, real=0.00 secs] 
45.491: [GC 45.491: [ParNew: 6855K->877K(7616K), 0.0012090 secs] 16083K->10105K(24732K), 0.0012843 secs] [Times: user=0.00 sys=0.00, real=0.00 secs] 
45.498: [GC 45.498: [ParNew: 7377K->197K(7616K), 0.0012043 secs] 16605K->10051K(24732K), 0.0012874 secs] [Times: user=0.00 sys=0.00, real=0.01 secs] 
45.503: [GC 45.503: [ParNew: 6694K->621K(7616K), 0.0012961 secs] 16547K->10474K(24732K), 0.0013571 secs] [Times: user=0.00 sys=0.00, real=0.00 secs] 
45.509: [GC 45.509: [ParNew: 7140K->517K(7616K), 0.0010031 secs] 16993K->10458K(24732K), 0.0010690 secs] [Times: user=0.00 sys=0.00, real=0.00 secs] 
45.514: [GC 45.514: [ParNew: 7021K->802K(7616K), 0.0010700 secs] 16962K->10743K(24732K), 0.0011360 secs] [Times: user=0.00 sys=0.00, real=0.00 secs] 
45.519: [GC 45.519: [ParNew: 7294K->677K(7616K), 0.0013069 secs] 17235K->10986K(24732K), 0.0013753 secs] [Times: user=0.00 sys=0.00, real=0.00 secs] 
45.525: [GC 45.525: [ParNew: 7201K->289K(7616K), 0.0013056 secs] 17510K->10829K(24732K), 0.0013718 secs] [Times: user=0.01 sys=0.00, real=0.00 secs] 
45.530: [GC 45.530: [ParNew: 6749K->297K(7616K), 0.0008436 secs] 17288K->10837K(24732K), 0.0009394 secs] [Times: user=0.00 sys=0.00, real=0.00 secs] 
45.535: [GC 45.535: [ParNew: 6818K->426K(7616K), 0.0008532 secs] 17357K->10966K(24732K), 0.0009072 secs] [Times: user=0.00 sys=0.00, real=0.00 secs] 
45.541: [GC 45.541: [ParNew: 6922K->674K(7616K), 0.0010139 secs] 17462K->11213K(24732K), 0.0010746 secs] [Times: user=0.00 sys=0.00, real=0.00 secs] 
45.546: [GC 45.546: [ParNew: 7190K->456K(7616K), 0.0010578 secs] 17730K->11172K(24732K), 0.0011276 secs] [Times: user=0.00 sys=0.00, real=0.00 secs] 
45.552: [GC 45.552: [ParNew: 6958K->465K(7616K), 0.0009395 secs] 17673K->11180K(24732K), 0.0009963 secs] [Times: user=0.00 sys=0.00, real=0.00 secs] 
45.557: [GC 45.557: [ParNew: 6977K->517K(7616K), 0.0008542 secs] 17692K->11232K(24732K), 0.0009131 secs] [Times: user=0.00 sys=0.00, real=0.00 secs] 
45.563: [GC 45.563: [ParNew: 7044K->419K(7616K), 0.0008953 secs] 17759K->11134K(24732K), 0.0009458 secs] [Times: user=0.00 sys=0.00, real=0.00 secs] 
45.569: [GC 45.569: [ParNew: 6919K->663K(7616K), 0.0009653 secs] 17635K->11378K(24732K), 0.0010260 secs] [Times: user=0.01 sys=0.00, real=0.00 secs] 
45.574: [GC 45.574: [ParNew: 7156K->748K(7616K), 0.0012247 secs] 17871K->11638K(24732K), 0.0012934 secs] [Times: user=0.01 sys=0.00, real=0.00 secs] 
45.579: [GC 45.579: [ParNew: 7247K->650K(7616K), 0.0012482 secs] 18138K->11706K(24732K), 0.0013323 secs] [Times: user=0.00 sys=0.00, real=0.00 secs] 
45.585: [GC 45.585: [ParNew: 7153K->1009K(7616K), 0.0027782 secs] 18210K->12439K(24732K), 0.0028517 secs] [Times: user=0.00 sys=0.00, real=0.00 secs] 
45.593: [GC 45.593: [ParNew: 7524K->361K(7616K), 0.0012114 secs] 18953K->12261K(24732K), 0.0013537 secs] [Times: user=0.00 sys=0.00, real=0.00 secs] 
45.598: [GC 45.598: [ParNew: 6855K->238K(7616K), 0.0007679 secs] 18755K->12137K(24732K), 0.0008166 secs] [Times: user=0.00 sys=0.00, real=0.01 secs] 
45.603: [GC 45.603: [ParNew: 6763K->634K(7616K), 0.0010523 secs] 18662K->12533K(24732K), 0.0011139 secs] [Times: user=0.00 sys=0.00, real=0.00 secs] 
45.609: [GC 45.610: [ParNew: 7052K->551K(7616K), 0.0009960 secs] 18951K->12535K(24732K), 0.0010694 secs] [Times: user=0.00 sys=0.00, real=0.00 secs] 
45.618: [GC 45.618: [ParNew: 7079K->456K(7616K), 0.0012160 secs] 19063K->12830K(24732K), 0.0012811 secs] [Times: user=0.00 sys=0.00, real=0.01 secs] 
45.625: [GC 45.625: [ParNew: 6964K->705K(7616K), 0.0010229 secs] 19338K->13078K(24732K), 0.0010962 secs] [Times: user=0.00 sys=0.00, real=0.00 secs] 
45.630: [GC 45.630: [ParNew: 7165K->652K(7616K), 0.0012207 secs] 19539K->13323K(24732K), 0.0012879 secs] [Times: user=0.01 sys=0.00, real=0.00 secs] 
45.637: [GC 45.637: [ParNew: 7172K->653K(7616K), 0.0017075 secs] 19843K->13536K(24732K), 0.0018070 secs] [Times: user=0.01 sys=0.00, real=0.01 secs] 
45.644: [GC 45.644: [ParNew: 7177K->453K(7616K), 0.0011465 secs] 20059K->13534K(24732K), 0.0012231 secs] [Times: user=0.00 sys=0.00, real=0.00 secs] 
45.650: [GC 45.650: [ParNew: 6969K->624K(7616K), 0.0010611 secs] 20050K->13705K(24732K), 0.0011395 secs] [Times: user=0.00 sys=0.00, real=0.00 secs] 
45.656: [GC 45.656: [ParNew: 7106K->544K(7616K), 0.0010812 secs] 20186K->13706K(24732K), 0.0011617 secs] [Times: user=0.00 sys=0.00, real=0.00 secs] 
45.662: [GC 45.662: [ParNew: 7063K->546K(7616K), 0.0010700 secs] 20225K->13709K(24732K), 0.0011327 secs] [Times: user=0.00 sys=0.00, real=0.00 secs] 
45.671: [GC 45.671: [ParNew: 7051K->711K(7616K), 0.0012970 secs] 20213K->13873K(24732K), 0.0013643 secs] [Times: user=0.00 sys=0.00, real=0.00 secs] 
45.676: [GC 45.676: [ParNew: 7211K->657K(7616K), 0.0011939 secs] 20373K->13988K(24732K), 0.0012607 secs] [Times: user=0.01 sys=0.00, real=0.00 secs] 
45.681: [GC 45.681: [ParNew: 7175K->615K(7616K), 0.0012082 secs] 20506K->14073K(24732K), 0.0012786 secs] [Times: user=0.01 sys=0.00, real=0.00 secs] 
45.688: [GC 45.688: [ParNew: 7143K->347K(7616K), 0.0014153 secs] 20601K->14050K(24732K), 0.0014849 secs] [Times: user=0.01 sys=0.00, real=0.01 secs] 
45.693: [GC 45.694: [ParNew: 6857K->563K(7616K), 0.0009826 secs] 20561K->14266K(24732K), 0.0010401 secs] [Times: user=0.00 sys=0.00, real=0.00 secs] 
45.698: [GC 45.699: [ParNew: 7068K->452K(7616K), 0.0015269 secs] 20771K->14315K(24732K), 0.0016319 secs] [Times: user=0.00 sys=0.00, real=0.00 secs] 
45.706: [GC 45.706: [ParNew: 6980K->492K(7616K), 0.0009389 secs] 20843K->14355K(24732K), 0.0009949 secs] [Times: user=0.00 sys=0.00, real=0.00 secs] 
45.710: [GC 45.711: [ParNew: 6986K->538K(7616K), 0.0010122 secs] 20849K->14401K(24732K), 0.0011091 secs] [Times: user=0.00 sys=0.00, real=0.00 secs] 
45.716: [GC 45.716: [ParNew: 7010K->842K(7616K), 0.0013479 secs] 20873K->14705K(24732K), 0.0014312 secs] [Times: user=0.00 sys=0.00, real=0.00 secs] 
45.721: [GC 45.721: [ParNew: 7328K->752K(7616K), 0.0016554 secs] 21191K->14925K(24732K), 0.0017270 secs] [Times: user=0.00 sys=0.00, real=0.00 secs] 
45.728: [GC 45.728: [ParNew: 7274K->467K(7616K), 0.0011276 secs] 21447K->14978K(24732K), 0.0011946 secs] [Times: user=0.00 sys=0.00, real=0.01 secs] 
45.735: [GC 45.735: [ParNew: 6959K->366K(7616K), 0.0016630 secs] 21470K->14877K(24732K), 0.0017814 secs] [Times: user=0.01 sys=0.00, real=0.00 secs] 
45.743: [GC 45.743: [ParNew: 6873K->778K(7616K), 0.0010377 secs] 21384K->15289K(24732K), 0.0011013 secs] [Times: user=0.00 sys=0.00, real=0.00 secs] 
45.749: [GC 45.749: [ParNew: 7285K->475K(7616K), 0.0010119 secs] 21796K->15173K(24732K), 0.0010739 secs] [Times: user=0.00 sys=0.00, real=0.00 secs] 
45.755: [GC 45.755: [ParNew: 7000K->720K(7616K), 0.0011220 secs] 21697K->15417K(24732K), 0.0011856 secs] [Times: user=0.01 sys=0.00, real=0.00 secs] 
45.761: [GC 45.762: [ParNew: 7237K->575K(7616K), 0.0013640 secs] 21934K->15580K(24732K), 0.0014491 secs] [Times: user=0.00 sys=0.00, real=0.00 secs] 
45.769: [GC 45.769: [ParNew: 7103K->412K(7616K), 0.0011666 secs] 22108K->15536K(24732K), 0.0012307 secs] [Times: user=0.00 sys=0.00, real=0.00 secs] 
45.774: [GC 45.774: [ParNew: 6908K->427K(7616K), 0.0010812 secs] 22031K->15551K(24732K), 0.0011380 secs] [Times: user=0.00 sys=0.00, real=0.00 secs] 
45.779: [GC 45.779: [ParNew: 6920K->628K(7616K), 0.0015145 secs] 22044K->15752K(24732K), 0.0015759 secs] [Times: user=0.00 sys=0.00, real=0.00 secs] 
45.784: [GC 45.784: [ParNew: 7151K->464K(7616K), 0.0012137 secs] 22274K->15763K(24732K), 0.0012900 secs] [Times: user=0.00 sys=0.00, real=0.00 secs] 
45.791: [GC 45.791: [ParNew: 6963K->468K(7616K), 0.0011419 secs] 22262K->15767K(24732K), 0.0012035 secs] [Times: user=0.00 sys=0.00, real=0.00 secs] 
45.797: [GC 45.797: [ParNew: 6960K->512K(7616K), 0.0009651 secs] 22259K->15811K(24732K), 0.0010216 secs] [Times: user=0.00 sys=0.00, real=0.00 secs] 
45.802: [GC 45.802: [ParNew: 7031K->509K(7616K), 0.0010671 secs] 22330K->15808K(24732K), 0.0012516 secs] [Times: user=0.00 sys=0.00, real=0.00 secs] 
45.807: [GC 45.808: [ParNew: 7032K->725K(7616K), 0.0011667 secs] 22331K->16023K(24732K), 0.0012314 secs] [Times: user=0.01 sys=0.00, real=0.01 secs] 
45.813: [GC 45.813: [ParNew: 7245K->443K(7616K), 0.0011752 secs] 22544K->15992K(24732K), 0.0012483 secs] [Times: user=0.00 sys=0.00, real=0.00 secs] 
45.818: [GC 45.818: [ParNew: 6958K->783K(7616K), 0.0014183 secs] 22508K->16333K(24732K), 0.0014846 secs] [Times: user=0.00 sys=0.00, real=0.01 secs] 
45.825: [GC 45.825: [ParNew: 7271K->636K(7616K), 0.0010310 secs] 22821K->16285K(24732K), 0.0011042 secs] [Times: user=0.00 sys=0.00, real=0.00 secs] 
45.831: [GC 45.831: [ParNew: 7139K->892K(7616K), 0.0013013 secs] 22788K->16726K(24732K), 0.0013749 secs] [Times: user=0.00 sys=0.00, real=0.00 secs] 
45.836: [GC 45.837: [ParNew: 7384K->264K(7616K), 0.0016280 secs] 23218K->16791K(24732K), 0.0017415 secs] [Times: user=0.00 sys=0.00, real=0.00 secs] 
45.843: [GC 45.843: [ParNew: 6749K->503K(7616K), 0.0009114 secs] 23276K->17030K(24732K), 0.0009714 secs] [Times: user=0.00 sys=0.00, real=0.00 secs] 
45.848: [GC 45.849: [ParNew: 7019K->420K(7616K), 0.0013157 secs] 23546K->16947K(24732K), 0.0013803 secs] [Times: user=0.01 sys=0.00, real=0.00 secs] 
45.854: [GC 45.854: [ParNew: 6928K->628K(7616K), 0.0010607 secs] 23455K->17155K(24732K), 0.0011296 secs] [Times: user=0.00 sys=0.00, real=0.00 secs] 
45.859: [GC 45.859: [ParNew: 7135K->762K(7616K), 0.0014174 secs] 23662K->17438K(24732K), 0.0014989 secs] [Times: user=0.00 sys=0.00, real=0.00 secs] 
45.864: [GC 45.864: [ParNew: 7247K->509K(7616K), 0.0012001 secs] 23923K->17427K(24732K), 0.0012889 secs] [Times: user=0.00 sys=0.01, real=0.00 secs] 
45.870: [GC 45.870: [ParNew: 6990K->624K(7616K), 0.0011371 secs] 23907K->17542K(24732K), 0.0011994 secs] [Times: user=0.00 sys=0.00, real=0.00 secs] 
45.876: [GC 45.876: [ParNew: 7136K->741K(7616K), 0.0013075 secs]45.877: [Tenured: 17116K->7812K(17308K), 0.0721280 secs] 24053K->7812K(24924K), [Perm : 10707K->10707K(21248K)], 0.0737267 secs] [Times: user=0.07 sys=0.00, real=0.08 secs] 
45.954: [GC 45.954: [ParNew: 6499K->657K(7616K), 0.0012457 secs] 14311K->8470K(24732K), 0.0013128 secs] [Times: user=0.01 sys=0.00, real=0.00 secs] 
45.963: [GC 45.963: [ParNew: 7135K->470K(7616K), 0.0012722 secs] 14948K->8834K(24732K), 0.0013324 secs] [Times: user=0.01 sys=0.00, real=0.00 secs] 
45.969: [GC 45.969: [ParNew: 6947K->885K(7616K), 0.0016348 secs] 15311K->9249K(24732K), 0.0017321 secs] [Times: user=0.01 sys=0.00, real=0.00 secs] 
45.975: [GC 45.975: [ParNew: 7377K->892K(7616K), 0.0012553 secs] 15741K->9265K(24732K), 0.0013251 secs] [Times: user=0.00 sys=0.00, real=0.00 secs] 
45.981: [GC 45.981: [ParNew: 7389K->1076K(7616K), 0.0016118 secs] 15761K->9669K(24732K), 0.0016864 secs] [Times: user=0.00 sys=0.00, real=0.00 secs] 
45.988: [GC 45.988: [ParNew: 7566K->227K(7616K), 0.0016274 secs] 16160K->9674K(24732K), 0.0017003 secs] [Times: user=0.00 sys=0.00, real=0.01 secs] 
45.994: [GC 45.994: [ParNew: 6729K->191K(7616K), 0.0007171 secs] 16176K->9638K(24732K), 0.0008498 secs] [Times: user=0.00 sys=0.00, real=0.00 secs] 
46.000: [GC 46.000: [ParNew: 6719K->326K(7616K), 0.0010610 secs] 16166K->9773K(24732K), 0.0011245 secs] [Times: user=0.00 sys=0.00, real=0.00 secs] 
46.005: [GC 46.005: [ParNew: 6844K->592K(7616K), 0.0010302 secs] 16291K->10040K(24732K), 0.0010943 secs] [Times: user=0.00 sys=0.00, real=0.00 secs] 
46.010: [GC 46.010: [ParNew: 7094K->495K(7616K), 0.0014481 secs] 16541K->10079K(24732K), 0.0015315 secs] [Times: user=0.00 sys=0.00, real=0.00 secs] 
46.015: [GC 46.015: [ParNew: 6986K->391K(7616K), 0.0009376 secs] 16569K->9974K(24732K), 0.0009885 secs] [Times: user=0.01 sys=0.00, real=0.00 secs] 
46.020: [GC 46.020: [ParNew: 6908K->704K(7616K), 0.0011407 secs] 16492K->10287K(24732K), 0.0012030 secs] [Times: user=0.00 sys=0.00, real=0.00 secs] 
46.026: [GC 46.026: [ParNew: 7223K->976K(7616K), 0.0017395 secs] 16806K->10806K(24732K), 0.0018106 secs] [Times: user=0.00 sys=0.01, real=0.00 secs] 
46.032: [GC 46.032: [ParNew: 7450K->389K(7616K), 0.0016015 secs] 17280K->10653K(24732K), 0.0016836 secs] [Times: user=0.00 sys=0.00, real=0.00 secs] 
46.038: [GC 46.038: [ParNew: 6901K->568K(7616K), 0.0018045 secs] 17165K->10832K(24732K), 0.0018873 secs] [Times: user=0.00 sys=0.00, real=0.01 secs] 
46.043: [GC 46.043: [ParNew: 7076K->879K(7616K), 0.0013846 secs] 17341K->11214K(24732K), 0.0014519 secs] [Times: user=0.00 sys=0.00, real=0.00 secs] 
46.049: [GC 46.050: [ParNew: 7385K->532K(7616K), 0.0013140 secs] 17721K->11342K(24732K), 0.0013856 secs] [Times: user=0.00 sys=0.00, real=0.00 secs] 
46.055: [GC 46.055: [ParNew: 7020K->457K(7616K), 0.0009186 secs] 17829K->11266K(24732K), 0.0009721 secs] [Times: user=0.01 sys=0.00, real=0.00 secs] 
46.061: [GC 46.061: [ParNew: 6981K->579K(7616K), 0.0009820 secs] 17790K->11388K(24732K), 0.0010667 secs] [Times: user=0.00 sys=0.00, real=0.00 secs] 
46.066: [GC 46.066: [ParNew: 7106K->571K(7616K), 0.0012041 secs] 17915K->11538K(24732K), 0.0012673 secs] [Times: user=0.00 sys=0.00, real=0.00 secs] 
46.073: [GC 46.073: [ParNew: 7045K->845K(7616K), 0.0012657 secs] 18012K->11909K(24732K), 0.0013425 secs] [Times: user=0.00 sys=0.00, real=0.00 secs] 
46.079: [GC 46.080: [ParNew: 7360K->708K(7616K), 0.0016179 secs] 18424K->12373K(24732K), 0.0017059 secs] [Times: user=0.00 sys=0.00, real=0.00 secs] 
46.087: [GC 46.087: [ParNew: 7226K->415K(7616K), 0.0017314 secs] 18891K->12526K(24732K), 0.0018107 secs] [Times: user=0.00 sys=0.00, real=0.01 secs] 
46.092: [GC 46.092: [ParNew: 6938K->430K(7616K), 0.0008611 secs] 19049K->12541K(24732K), 0.0009186 secs] [Times: user=0.00 sys=0.00, real=0.00 secs] 
46.097: [GC 46.097: [ParNew: 6930K->299K(7616K), 0.0008253 secs] 19042K->12410K(24732K), 0.0008791 secs] [Times: user=0.00 sys=0.00, real=0.00 secs] 
46.102: [GC 46.102: [ParNew: 6808K->347K(7616K), 0.0010675 secs] 18920K->12458K(24732K), 0.0011151 secs] [Times: user=0.00 sys=0.00, real=0.00 secs] 
46.107: [GC 46.107: [ParNew: 6841K->589K(7616K), 0.0012994 secs] 18953K->12700K(24732K), 0.0013946 secs] [Times: user=0.00 sys=0.00, real=0.01 secs] 
46.116: [GC 46.116: [ParNew: 7107K->763K(7616K), 0.0015863 secs] 19218K->12933K(24732K), 0.0016596 secs] [Times: user=0.00 sys=0.00, real=0.00 secs] 
46.121: [GC 46.121: [ParNew: 7287K->190K(7616K), 0.0015633 secs] 19457K->12883K(24732K), 0.0016261 secs] [Times: user=0.00 sys=0.00, real=0.00 secs] 
46.129: [GC 46.129: [ParNew: 6657K->501K(7616K), 0.0009242 secs] 19351K->13194K(24732K), 0.0009849 secs] [Times: user=0.00 sys=0.01, real=0.00 secs] 
46.134: [GC 46.134: [ParNew: 7011K->573K(7616K), 0.0012054 secs] 19704K->13266K(24732K), 0.0012720 secs] [Times: user=0.00 sys=0.00, real=0.00 secs] 
46.141: [GC 46.141: [ParNew: 7064K->584K(7616K), 0.0010544 secs] 19757K->13434K(24732K), 0.0011151 secs] [Times: user=0.00 sys=0.00, real=0.00 secs] 
46.146: [GC 46.146: [ParNew: 7106K->416K(7616K), 0.0010542 secs] 19956K->13417K(24732K), 0.0011116 secs] [Times: user=0.01 sys=0.00, real=0.00 secs] 
46.151: [GC 46.151: [ParNew: 6930K->648K(7616K), 0.0014257 secs] 19931K->13648K(24732K), 0.0014916 secs] [Times: user=0.01 sys=0.00, real=0.00 secs] 
46.157: [GC 46.157: [ParNew: 7164K->526K(7616K), 0.0013185 secs] 20165K->13677K(24732K), 0.0013840 secs] [Times: user=0.00 sys=0.00, real=0.00 secs] 
46.162: [GC 46.162: [ParNew: 7026K->690K(7616K), 0.0014357 secs] 20178K->13841K(24732K), 0.0015075 secs] [Times: user=0.00 sys=0.00, real=0.00 secs] 
46.167: [GC 46.167: [ParNew: 7182K->1035K(7616K), 0.0015822 secs] 20333K->14389K(24732K), 0.0016605 secs] [Times: user=0.00 sys=0.00, real=0.01 secs] 
46.173: [GC 46.173: [ParNew: 7550K->319K(7616K), 0.0017968 secs] 20904K->14605K(24732K), 0.0018763 secs] [Times: user=0.00 sys=0.00, real=0.00 secs] 
46.180: [GC 46.180: [ParNew: 6828K->517K(7616K), 0.0011503 secs] 21114K->14802K(24732K), 0.0012395 secs] [Times: user=0.00 sys=0.00, real=0.00 secs] 
46.185: [GC 46.185: [ParNew: 7045K->470K(7616K), 0.0015616 secs] 21330K->14756K(24732K), 0.0016536 secs] [Times: user=0.00 sys=0.00, real=0.00 secs] 
46.192: [GC 46.192: [ParNew: 6969K->866K(7616K), 0.0015854 secs] 21254K->15151K(24732K), 0.0016715 secs] [Times: user=0.00 sys=0.00, real=0.00 secs] 
46.199: [GC 46.199: [ParNew: 7386K->456K(7616K), 0.0016234 secs] 21671K->15259K(24732K), 0.0016880 secs] [Times: user=0.01 sys=0.00, real=0.00 secs] 
46.205: [GC 46.205: [ParNew: 6978K->912K(7616K), 0.0012554 secs] 21781K->15715K(24732K), 0.0013259 secs] [Times: user=0.01 sys=0.00, real=0.00 secs] 
46.210: [GC 46.211: [ParNew: 7427K->539K(7616K), 0.0012239 secs] 22230K->15704K(24732K), 0.0013120 secs] [Times: user=0.00 sys=0.00, real=0.00 secs] 
46.217: [GC 46.217: [ParNew: 7061K->862K(7616K), 0.0011864 secs] 22227K->16028K(24732K), 0.0012694 secs] [Times: user=0.00 sys=0.00, real=0.01 secs] 
46.223: [GC 46.223: [ParNew: 7356K->398K(7616K), 0.0014919 secs] 22522K->16103K(24732K), 0.0015595 secs] [Times: user=0.00 sys=0.00, real=0.00 secs] 
46.228: [GC 46.228: [ParNew: 6862K->691K(7616K), 0.0011916 secs] 22567K->16396K(24732K), 0.0012565 secs] [Times: user=0.00 sys=0.00, real=0.00 secs] 
46.235: [GC 46.235: [ParNew: 7170K->477K(7616K), 0.0009696 secs] 22876K->16384K(24732K), 0.0010281 secs] [Times: user=0.00 sys=0.00, real=0.00 secs] 
46.244: [GC 46.244: [ParNew: 7001K->624K(7616K), 0.0011439 secs] 22908K->16531K(24732K), 0.0012154 secs] [Times: user=0.00 sys=0.00, real=0.00 secs] 
46.250: [GC 46.250: [ParNew: 7142K->624K(7616K), 0.0013112 secs] 23049K->16689K(24732K), 0.0013834 secs] [Times: user=0.01 sys=0.00, real=0.00 secs] 
46.255: [GC 46.255: [ParNew: 7134K->775K(7616K), 0.0018995 secs] 23198K->17009K(24732K), 0.0019713 secs] [Times: user=0.01 sys=0.00, real=0.00 secs] 
46.261: [GC 46.261: [ParNew: 7286K->751K(7616K), 0.0018620 secs] 23520K->17236K(24732K), 0.0019579 secs] [Times: user=0.01 sys=0.00, real=0.00 secs] 
46.267: [GC 46.267: [ParNew: 7229K->683K(7616K), 0.0018880 secs] 23713K->17529K(24732K), 0.0019765 secs] [Times: user=0.00 sys=0.00, real=0.01 secs] 
46.272: [GC 46.273: [ParNew: 7178K->739K(7616K), 0.0017040 secs]46.274: [Tenured: 17175K->8131K(17308K), 0.0712374 secs] 24025K->8131K(24924K), [Perm : 10707K->10707K(21248K)], 0.0732324 secs] [Times: user=0.07 sys=0.00, real=0.07 secs] 
46.350: [GC 46.350: [ParNew: 6508K->406K(7616K), 0.0008484 secs] 14640K->8538K(24732K), 0.0009114 secs] [Times: user=0.00 sys=0.00, real=0.00 secs] 
46.356: [GC 46.356: [ParNew: 6906K->493K(7616K), 0.0009794 secs] 15038K->8624K(24732K), 0.0010542 secs] [Times: user=0.00 sys=0.00, real=0.00 secs] 
46.361: [GC 46.361: [ParNew: 6996K->623K(7616K), 0.0011060 secs] 15127K->8754K(24732K), 0.0011710 secs] [Times: user=0.00 sys=0.00, real=0.00 secs] 
46.366: [GC 46.366: [ParNew: 7144K->339K(7616K), 0.0012644 secs] 15275K->8862K(24732K), 0.0013292 secs] [Times: user=0.00 sys=0.00, real=0.00 secs] 
46.371: [GC 46.371: [ParNew: 6847K->487K(7616K), 0.0010504 secs] 15369K->9010K(24732K), 0.0011217 secs] [Times: user=0.01 sys=0.00, real=0.00 secs] 
46.377: [GC 46.378: [ParNew: 6995K->423K(7616K), 0.0008401 secs] 15517K->8945K(24732K), 0.0009094 secs] [Times: user=0.00 sys=0.01, real=0.01 secs] 
46.382: [GC 46.382: [ParNew: 6943K->861K(7616K), 0.0011999 secs] 15466K->9384K(24732K), 0.0013286 secs] [Times: user=0.00 sys=0.00, real=0.00 secs] 
46.389: [GC 46.389: [ParNew: 7335K->374K(7616K), 0.0013528 secs] 15858K->9428K(24732K), 0.0014282 secs] [Times: user=0.00 sys=0.00, real=0.00 secs] 
46.394: [GC 46.394: [ParNew: 6897K->622K(7616K), 0.0013604 secs] 15951K->9676K(24732K), 0.0014263 secs] [Times: user=0.00 sys=0.00, real=0.00 secs] 
46.400: [GC 46.400: [ParNew: 7146K->545K(7616K), 0.0009553 secs] 16200K->9600K(24732K), 0.0010139 secs] [Times: user=0.00 sys=0.00, real=0.00 secs] 
46.405: [GC 46.405: [ParNew: 7036K->779K(7616K), 0.0010927 secs] 16090K->9833K(24732K), 0.0011579 secs] [Times: user=0.00 sys=0.00, real=0.00 secs] 
46.411: [GC 46.411: [ParNew: 7253K->469K(7616K), 0.0011835 secs] 16307K->9812K(24732K), 0.0012561 secs] [Times: user=0.01 sys=0.00, real=0.00 secs] 
46.416: [GC 46.416: [ParNew: 6956K->332K(7616K), 0.0010070 secs] 16298K->9675K(24732K), 0.0010637 secs] [Times: user=0.00 sys=0.00, real=0.00 secs] 
46.421: [GC 46.421: [ParNew: 6780K->580K(7616K), 0.0009623 secs] 16123K->9923K(24732K), 0.0010200 secs] [Times: user=0.00 sys=0.00, real=0.00 secs] 
46.426: [GC 46.426: [ParNew: 7033K->368K(7616K), 0.0010219 secs] 16375K->9853K(24732K), 0.0010783 secs] [Times: user=0.00 sys=0.00, real=0.00 secs] 
46.431: [GC 46.431: [ParNew: 6848K->850K(7616K), 0.0011618 secs] 16334K->10336K(24732K), 0.0012286 secs] [Times: user=0.00 sys=0.00, real=0.00 secs] 
46.438: [GC 46.438: [ParNew: 7305K->362K(7616K), 0.0014548 secs] 16790K->10404K(24732K), 0.0015276 secs] [Times: user=0.00 sys=0.00, real=0.01 secs] 
46.447: [GC 46.447: [ParNew: 6843K->498K(7616K), 0.0010257 secs] 16886K->10540K(24732K), 0.0011136 secs] [Times: user=0.01 sys=0.00, real=0.01 secs] 
46.454: [GC 46.454: [ParNew: 7018K->578K(7616K), 0.0009800 secs] 17060K->10620K(24732K), 0.0010439 secs] [Times: user=0.00 sys=0.00, real=0.00 secs] 
46.461: [GC 46.461: [ParNew: 7106K->346K(7616K), 0.0010238 secs] 17148K->10680K(24732K), 0.0010844 secs] [Times: user=0.00 sys=0.00, real=0.00 secs] 
46.467: [GC 46.467: [ParNew: 6859K->931K(7616K), 0.0011521 secs] 17193K->11265K(24732K), 0.0012194 secs] [Times: user=0.00 sys=0.00, real=0.01 secs] 
46.472: [GC 46.473: [ParNew: 7430K->152K(7616K), 0.0013689 secs] 17764K->11203K(24732K), 0.0014385 secs] [Times: user=0.00 sys=0.01, real=0.00 secs] 
46.478: [GC 46.478: [ParNew: 6660K->880K(7616K), 0.0012864 secs] 17710K->11930K(24732K), 0.0013517 secs] [Times: user=0.00 sys=0.00, real=0.01 secs] 
46.485: [GC 46.485: [ParNew: 7375K->393K(7616K), 0.0019424 secs] 18426K->12198K(24732K), 0.0020501 secs] [Times: user=0.00 sys=0.00, real=0.00 secs] 
46.495: [GC 46.495: [ParNew: 6890K->973K(7616K), 0.0015228 secs] 18695K->12778K(24732K), 0.0016111 secs] [Times: user=0.00 sys=0.00, real=0.00 secs] 
46.502: [GC 46.502: [ParNew: 7462K->361K(7616K), 0.0012953 secs] 19267K->12920K(24732K), 0.0013619 secs] [Times: user=0.00 sys=0.00, real=0.00 secs] 
46.508: [GC 46.508: [ParNew: 6858K->735K(7616K), 0.0013689 secs] 19417K->13294K(24732K), 0.0014483 secs] [Times: user=0.00 sys=0.00, real=0.00 secs] 
46.515: [GC 46.515: [ParNew: 7249K->771K(7616K), 0.0013513 secs] 19808K->13521K(24732K), 0.0014318 secs] [Times: user=0.01 sys=0.00, real=0.00 secs] 
46.521: [GC 46.521: [ParNew: 7164K->421K(7616K), 0.0009476 secs] 19914K->13380K(24732K), 0.0010059 secs] [Times: user=0.01 sys=0.00, real=0.00 secs] 
46.527: [GC 46.527: [ParNew: 6873K->569K(7616K), 0.0010447 secs] 19832K->13528K(24732K), 0.0011078 secs] [Times: user=0.01 sys=0.00, real=0.00 secs] 
46.532: [GC 46.532: [ParNew: 7017K->639K(7616K), 0.0016098 secs] 19977K->13877K(24732K), 0.0016810 secs] [Times: user=0.00 sys=0.00, real=0.00 secs] 
46.538: [GC 46.538: [ParNew: 7122K->556K(7616K), 0.0022845 secs] 20360K->14368K(24732K), 0.0023713 secs] [Times: user=0.00 sys=0.00, real=0.01 secs] 
46.545: [GC 46.545: [ParNew: 7068K->732K(7616K), 0.0019041 secs] 20880K->15042K(24732K), 0.0019765 secs] [Times: user=0.00 sys=0.00, real=0.00 secs] 
46.555: [GC 46.555: [ParNew: 7260K->478K(7616K), 0.0013903 secs] 21570K->15328K(24732K), 0.0014550 secs] [Times: user=0.00 sys=0.00, real=0.00 secs] 
46.561: [GC 46.561: [ParNew: 6980K->1078K(7616K), 0.0018361 secs] 21831K->16342K(24732K), 0.0019120 secs] [Times: user=0.00 sys=0.01, real=0.00 secs] 
46.569: [GC 46.569: [ParNew: 7606K->217K(7616K), 0.0027750 secs] 22870K->16145K(24732K), 0.0028597 secs] [Times: user=0.00 sys=0.00, real=0.00 secs] 
46.576: [GC 46.576: [ParNew: 6742K->271K(7616K), 0.0006940 secs] 22670K->16199K(24732K), 0.0007386 secs] [Times: user=0.00 sys=0.00, real=0.00 secs] 
46.581: [GC 46.581: [ParNew: 6798K->1035K(7616K), 0.0013812 secs] 22726K->16963K(24732K), 0.0014499 secs] [Times: user=0.00 sys=0.00, real=0.00 secs] 
46.589: [GC 46.589: [ParNew: 7563K->84K(7616K), 0.0010276 secs] 23491K->16749K(24732K), 0.0011026 secs] [Times: user=0.00 sys=0.00, real=0.00 secs] 
46.594: [GC 46.594: [ParNew: 6599K->249K(7616K), 0.0007726 secs] 23264K->16914K(24732K), 0.0008205 secs] [Times: user=0.00 sys=0.00, real=0.00 secs] 
46.600: [GC 46.600: [ParNew: 6757K->272K(7616K), 0.0007726 secs] 23422K->16937K(24732K), 0.0008381 secs] [Times: user=0.01 sys=0.00, real=0.00 secs] 
46.605: [GC 46.605: [ParNew: 6792K->678K(7616K), 0.0010365 secs] 23457K->17343K(24732K), 0.0010988 secs] [Times: user=0.00 sys=0.00, real=0.00 secs] 
46.611: [GC 46.611: [ParNew: 7149K->488K(7616K), 0.0011190 secs] 23814K->17430K(24732K), 0.0012063 secs] [Times: user=0.00 sys=0.00, real=0.00 secs] 
46.616: [GC 46.616: [ParNew: 6935K->570K(7616K), 0.0010359 secs] 23876K->17512K(24732K), 0.0011152 secs] [Times: user=0.00 sys=0.00, real=0.00 secs] 
46.623: [GC 46.623: [ParNew: 7098K->539K(7616K), 0.0010163 secs]46.624: [Tenured: 17180K->7829K(17308K), 0.0704033 secs] 24040K->7829K(24924K), [Perm : 10707K->10707K(21248K)], 0.0716632 secs] [Times: user=0.07 sys=0.00, real=0.07 secs] 
46.701: [GC 46.701: [ParNew: 6528K->659K(7616K), 0.0013405 secs] 14357K->8489K(24732K), 0.0014035 secs] [Times: user=0.00 sys=0.00, real=0.00 secs] 
46.707: [GC 46.707: [ParNew: 7153K->690K(7616K), 0.0018282 secs] 14983K->9136K(24732K), 0.0019258 secs] [Times: user=0.01 sys=0.00, real=0.01 secs] 
46.715: [GC 46.715: [ParNew: 7190K->612K(7616K), 0.0012465 secs] 15635K->9388K(24732K), 0.0013343 secs] [Times: user=0.01 sys=0.00, real=0.00 secs] 
46.721: [GC 46.721: [ParNew: 7121K->619K(7616K), 0.0010518 secs] 15896K->9675K(24732K), 0.0011101 secs] [Times: user=0.01 sys=0.00, real=0.00 secs] 
46.726: [GC 46.726: [ParNew: 7147K->415K(7616K), 0.0010262 secs] 16203K->9713K(24732K), 0.0010883 secs] [Times: user=0.01 sys=0.00, real=0.00 secs] 
46.733: [GC 46.733: [ParNew: 6926K->422K(7616K), 0.0008327 secs] 16223K->9720K(24732K), 0.0009005 secs] [Times: user=0.01 sys=0.00, real=0.00 secs] 
46.739: [GC 46.739: [ParNew: 6949K->435K(7616K), 0.0009320 secs] 16246K->9733K(24732K), 0.0010015 secs] [Times: user=0.00 sys=0.00, real=0.00 secs] 
46.745: [GC 46.745: [ParNew: 6952K->754K(7616K), 0.0011945 secs] 16249K->10051K(24732K), 0.0012573 secs] [Times: user=0.00 sys=0.00, real=0.00 secs] 
46.751: [GC 46.752: [ParNew: 7271K->420K(7616K), 0.0011185 secs] 16568K->10063K(24732K), 0.0011949 secs] [Times: user=0.00 sys=0.00, real=0.00 secs] 
46.758: [GC 46.758: [ParNew: 6934K->497K(7616K), 0.0008789 secs] 16577K->10140K(24732K), 0.0009336 secs] [Times: user=0.00 sys=0.00, real=0.01 secs] 
46.763: [GC 46.763: [ParNew: 7015K->751K(7616K), 0.0011097 secs] 16658K->10394K(24732K), 0.0011719 secs] [Times: user=0.00 sys=0.00, real=0.00 secs] 
46.768: [GC 46.768: [ParNew: 7227K->672K(7616K), 0.0013016 secs] 16869K->10468K(24732K), 0.0013677 secs] [Times: user=0.00 sys=0.00, real=0.01 secs] 
46.773: [GC 46.773: [ParNew: 7154K->544K(7616K), 0.0014220 secs] 16950K->10712K(24732K), 0.0014973 secs] [Times: user=0.00 sys=0.00, real=0.00 secs] 
46.779: [GC 46.779: [ParNew: 7027K->776K(7616K), 0.0012640 secs] 17195K->10944K(24732K), 0.0013642 secs] [Times: user=0.00 sys=0.00, real=0.00 secs] 
46.786: [GC 46.786: [ParNew: 7301K->749K(7616K), 0.0014720 secs] 17470K->11393K(24732K), 0.0018424 secs] [Times: user=0.01 sys=0.00, real=0.00 secs] 
46.792: [GC 46.792: [ParNew: 7239K->447K(7616K), 0.0011992 secs] 17884K->11328K(24732K), 0.0012620 secs] [Times: user=0.00 sys=0.00, real=0.00 secs] 
46.797: [GC 46.798: [ParNew: 6948K->615K(7616K), 0.0010706 secs] 17829K->11496K(24732K), 0.0011336 secs] [Times: user=0.00 sys=0.00, real=0.01 secs] 
46.803: [GC 46.803: [ParNew: 7114K->1057K(7616K), 0.0016101 secs] 17996K->12278K(24732K), 0.0016865 secs] [Times: user=0.00 sys=0.00, real=0.00 secs] 
46.809: [GC 46.809: [ParNew: 7581K->747K(7616K), 0.0019811 secs] 18802K->12965K(24732K), 0.0020595 secs] [Times: user=0.00 sys=0.00, real=0.00 secs] 
46.815: [GC 46.815: [ParNew: 7246K->293K(7616K), 0.0011271 secs] 19464K->12989K(24732K), 0.0011909 secs] [Times: user=0.00 sys=0.00, real=0.00 secs] 
46.820: [GC 46.820: [ParNew: 6807K->451K(7616K), 0.0007832 secs] 19503K->13148K(24732K), 0.0008442 secs] [Times: user=0.00 sys=0.00, real=0.00 secs] 
46.825: [GC 46.826: [ParNew: 6972K->898K(7616K), 0.0013082 secs] 19669K->13594K(24732K), 0.0013772 secs] [Times: user=0.00 sys=0.00, real=0.00 secs] 
46.831: [GC 46.831: [ParNew: 7408K->412K(7616K), 0.0013592 secs] 20105K->13536K(24732K), 0.0014287 secs] [Times: user=0.00 sys=0.00, real=0.00 secs] 
46.836: [GC 46.836: [ParNew: 6921K->613K(7616K), 0.0019929 secs] 20045K->13737K(24732K), 0.0020595 secs] [Times: user=0.01 sys=0.00, real=0.00 secs] 
46.842: [GC 46.842: [ParNew: 7124K->497K(7616K), 0.0016937 secs] 20248K->13807K(24732K), 0.0018829 secs] [Times: user=0.00 sys=0.00, real=0.00 secs] 
46.852: [GC 46.852: [ParNew: 6990K->766K(7616K), 0.0011449 secs] 20300K->14075K(24732K), 0.0012271 secs] [Times: user=0.01 sys=0.00, real=0.00 secs] 
46.858: [GC 46.858: [ParNew: 7294K->377K(7616K), 0.0011180 secs] 20603K->14024K(24732K), 0.0011793 secs] [Times: user=0.01 sys=0.00, real=0.01 secs] 
46.864: [GC 46.864: [ParNew: 6904K->867K(7616K), 0.0010658 secs] 20551K->14513K(24732K), 0.0011309 secs] [Times: user=0.00 sys=0.00, real=0.00 secs] 
46.872: [GC 46.872: [ParNew: 7384K->287K(7616K), 0.0016831 secs] 21031K->14271K(24732K), 0.0017541 secs] [Times: user=0.00 sys=0.00, real=0.00 secs] 
46.878: [GC 46.878: [ParNew: 6794K->256K(7616K), 0.0007994 secs] 20778K->14240K(24732K), 0.0008505 secs] [Times: user=0.00 sys=0.00, real=0.01 secs] 
46.883: [GC 46.883: [ParNew: 6772K->339K(7616K), 0.0008304 secs] 20755K->14322K(24732K), 0.0010910 secs] [Times: user=0.00 sys=0.00, real=0.00 secs] 
46.894: [GC 46.894: [ParNew: 6849K->641K(7616K), 0.0015518 secs] 20833K->14625K(24732K), 0.0016172 secs] [Times: user=0.00 sys=0.00, real=0.00 secs] 
46.900: [GC 46.900: [ParNew: 7169K->825K(7616K), 0.0012324 secs] 21152K->14903K(24732K), 0.0013004 secs] [Times: user=0.01 sys=0.00, real=0.00 secs] 
46.905: [GC 46.905: [ParNew: 7252K->539K(7616K), 0.0019405 secs] 21330K->14978K(24732K), 0.0020625 secs] [Times: user=0.01 sys=0.00, real=0.00 secs] 
46.913: [GC 46.913: [ParNew: 7049K->1072K(7616K), 0.0013283 secs] 21488K->15511K(24732K), 0.0013978 secs] [Times: user=0.01 sys=0.00, real=0.00 secs] 
46.919: [GC 46.919: [ParNew: 7576K->128K(7616K), 0.0012442 secs] 22015K->15331K(24732K), 0.0013114 secs] [Times: user=0.00 sys=0.00, real=0.00 secs] 
46.937: [GC 46.938: [ParNew: 6651K->390K(7616K), 0.0021480 secs] 21855K->15594K(24732K), 0.0022131 secs] [Times: user=0.01 sys=0.00, real=0.01 secs] 
46.947: [GC 46.947: [ParNew: 6872K->959K(7616K), 0.0043134 secs] 22076K->16163K(24732K), 0.0043852 secs] [Times: user=0.01 sys=0.00, real=0.01 secs] 
46.957: [GC 46.957: [ParNew: 7400K->80K(7616K), 0.0037314 secs] 22603K->16177K(24732K), 0.0038066 secs] [Times: user=0.00 sys=0.00, real=0.01 secs] 
46.966: [GC 46.966: [ParNew: 6483K->378K(7616K), 0.0029383 secs] 22580K->16474K(24732K), 0.0030229 secs] [Times: user=0.00 sys=0.00, real=0.01 secs] 
46.979: [GC 46.980: [ParNew: 6870K->766K(7616K), 0.0019096 secs] 22966K->16863K(24732K), 0.0019955 secs] [Times: user=0.01 sys=0.01, real=0.00 secs] 
46.988: [GC 46.988: [ParNew: 7280K->723K(7616K), 0.0018212 secs] 23376K->16904K(24732K), 0.0018947 secs] [Times: user=0.01 sys=0.00, real=0.01 secs] 
46.995: [GC 46.995: [ParNew: 7237K->468K(7616K), 0.0022386 secs] 23418K->16917K(24732K), 0.0023163 secs] [Times: user=0.01 sys=0.00, real=0.00 secs] 
47.002: [GC 47.002: [ParNew: 6986K->810K(7616K), 0.0013069 secs] 23435K->17259K(24732K), 0.0014168 secs] [Times: user=0.00 sys=0.00, real=0.00 secs] 
47.009: [GC 47.009: [ParNew: 7335K->563K(7616K), 0.0028092 secs] 23784K->17175K(24732K), 0.0028858 secs] [Times: user=0.00 sys=0.00, real=0.00 secs] 
47.018: [GC 47.018: [ParNew: 7017K->721K(7616K), 0.0014758 secs] 23630K->17415K(24732K), 0.0015606 secs] [Times: user=0.00 sys=0.00, real=0.01 secs] 
47.032: [GC 47.032: [ParNew: 7249K->413K(7616K), 0.0017402 secs] 23942K->17329K(24732K), 0.0018071 secs] [Times: user=0.01 sys=0.00, real=0.00 secs] 
47.044: [GC 47.044: [ParNew: 6941K->465K(7616K), 0.0016091 secs] 23857K->17381K(24732K), 0.0017113 secs] [Times: user=0.00 sys=0.00, real=0.00 secs] 
47.051: [GC 47.051: [ParNew: 6993K->469K(7616K), 0.0017017 secs] 23909K->17384K(24732K), 0.0017721 secs] [Times: user=0.00 sys=0.00, real=0.00 secs] 
47.061: [GC 47.061: [ParNew: 6990K->973K(7616K), 0.0016888 secs] 23906K->17888K(24732K), 0.0017554 secs] [Times: user=0.01 sys=0.00, real=0.00 secs] 
47.066: [GC 47.066: [ParNew: 7486K->561K(7616K), 0.0025916 secs]47.069: [Tenured: 17362K->7687K(17500K), 0.0746363 secs] 24402K->7687K(25116K), [Perm : 10707K->10707K(21248K)], 0.0775698 secs] [Times: user=0.10 sys=0.00, real=0.08 secs] 
47.148: [GC 47.148: [ParNew: 6522K->289K(7616K), 0.0009660 secs] 14210K->7977K(24732K), 0.0010166 secs] [Times: user=0.00 sys=0.00, real=0.01 secs] 
47.155: [GC 47.155: [ParNew: 6801K->304K(7616K), 0.0011510 secs] 14489K->7992K(24732K), 0.0012160 secs] [Times: user=0.00 sys=0.00, real=0.00 secs] 
47.161: [GC 47.161: [ParNew: 6804K->1003K(7616K), 0.0014185 secs] 14492K->8691K(24732K), 0.0014998 secs] [Times: user=0.00 sys=0.01, real=0.00 secs] 
47.168: [GC 47.168: [ParNew: 7521K->170K(7616K), 0.0014089 secs] 15209K->8693K(24732K), 0.0014922 secs] [Times: user=0.00 sys=0.00, real=0.01 secs] 
47.175: [GC 47.175: [ParNew: 6646K->445K(7616K), 0.0007200 secs] 15170K->8969K(24732K), 0.0007725 secs] [Times: user=0.00 sys=0.00, real=0.00 secs] 
47.181: [GC 47.181: [ParNew: 6950K->1012K(7616K), 0.0013355 secs] 15474K->9675K(24732K), 0.0014204 secs] [Times: user=0.00 sys=0.00, real=0.00 secs] 
47.188: [GC 47.188: [ParNew: 7538K->163K(7616K), 0.0010522 secs] 16201K->9561K(24732K), 0.0011239 secs] [Times: user=0.00 sys=0.00, real=0.01 secs] 
47.193: [GC 47.193: [ParNew: 6677K->691K(7616K), 0.0010643 secs] 16074K->10088K(24732K), 0.0011260 secs] [Times: user=0.01 sys=0.00, real=0.00 secs] 
47.198: [GC 47.198: [ParNew: 7203K->210K(7616K), 0.0012724 secs] 16600K->10266K(24732K), 0.0013394 secs] [Times: user=0.01 sys=0.00, real=0.01 secs] 
47.205: [GC 47.205: [ParNew: 6720K->435K(7616K), 0.0009139 secs] 16776K->10490K(24732K), 0.0009716 secs] [Times: user=0.00 sys=0.00, real=0.00 secs] 
47.210: [GC 47.210: [ParNew: 6915K->508K(7616K), 0.0009741 secs] 16970K->10563K(24732K), 0.0010303 secs] [Times: user=0.00 sys=0.00, real=0.00 secs] 
47.215: [GC 47.215: [ParNew: 7030K->1001K(7616K), 0.0013209 secs] 17085K->11057K(24732K), 0.0014016 secs] [Times: user=0.00 sys=0.00, real=0.00 secs] 
47.221: [GC 47.221: [ParNew: 7526K->166K(7616K), 0.0021673 secs] 17582K->11012K(24732K), 0.0022871 secs] [Times: user=0.00 sys=0.00, real=0.00 secs] 
47.227: [GC 47.227: [ParNew: 6646K->223K(7616K), 0.0029993 secs] 17492K->11069K(24732K), 0.0031055 secs] [Times: user=0.00 sys=0.00, real=0.01 secs] 
47.238: [GC 47.238: [ParNew: 6723K->386K(7616K), 0.0012481 secs] 17568K->11232K(24732K), 0.0013124 secs] [Times: user=0.00 sys=0.01, real=0.01 secs] 
47.245: [GC 47.245: [ParNew: 6892K->826K(7616K), 0.0043969 secs] 17738K->11671K(24732K), 0.0044839 secs] [Times: user=0.01 sys=0.00, real=0.01 secs] 
47.253: [GC 47.253: [ParNew: 7354K->595K(7616K), 0.0016865 secs] 18199K->11684K(24732K), 0.0017739 secs] [Times: user=0.01 sys=0.00, real=0.00 secs] 
47.260: [GC 47.260: [ParNew: 7030K->305K(7616K), 0.0010933 secs] 18119K->11655K(24732K), 0.0011632 secs] [Times: user=0.00 sys=0.00, real=0.00 secs] 
47.266: [GC 47.266: [ParNew: 6761K->582K(7616K), 0.0012493 secs] 18111K->11933K(24732K), 0.0013204 secs] [Times: user=0.00 sys=0.00, real=0.00 secs] 
47.272: [GC 47.272: [ParNew: 7063K->552K(7616K), 0.0008741 secs] 18414K->11903K(24732K), 0.0009447 secs] [Times: user=0.00 sys=0.00, real=0.00 secs] 
47.278: [GC 47.278: [ParNew: 7021K->377K(7616K), 0.0030440 secs] 18372K->11987K(24732K), 0.0031307 secs] [Times: user=0.00 sys=0.00, real=0.01 secs] 
47.286: [GC 47.286: [ParNew: 6875K->390K(7616K), 0.0007365 secs] 18486K->12000K(24732K), 0.0007862 secs] [Times: user=0.00 sys=0.00, real=0.00 secs] 
47.293: [GC 47.293: [ParNew: 6914K->644K(7616K), 0.0010098 secs] 18524K->12254K(24732K), 0.0011295 secs] [Times: user=0.01 sys=0.00, real=0.00 secs] 
47.298: [GC 47.298: [ParNew: 7170K->834K(7616K), 0.0014603 secs] 18780K->12597K(24732K), 0.0015320 secs] [Times: user=0.00 sys=0.00, real=0.01 secs] 
47.303: [GC 47.303: [ParNew: 7359K->499K(7616K), 0.0013757 secs] 19122K->12635K(24732K), 0.0014604 secs] [Times: user=0.00 sys=0.00, real=0.00 secs] 
47.309: [GC 47.309: [ParNew: 7002K->697K(7616K), 0.0011175 secs] 19138K->12833K(24732K), 0.0011838 secs] [Times: user=0.00 sys=0.00, real=0.00 secs] 
47.314: [GC 47.315: [ParNew: 7223K->398K(7616K), 0.0012399 secs] 19359K->12780K(24732K), 0.0012999 secs] [Times: user=0.00 sys=0.01, real=0.00 secs] 
47.320: [GC 47.320: [ParNew: 6919K->382K(7616K), 0.0009198 secs] 19301K->12764K(24732K), 0.0009743 secs] [Times: user=0.00 sys=0.00, real=0.00 secs] 
47.325: [GC 47.325: [ParNew: 6908K->738K(7616K), 0.0011695 secs] 19290K->13120K(24732K), 0.0012347 secs] [Times: user=0.01 sys=0.00, real=0.00 secs] 
47.331: [GC 47.331: [ParNew: 7264K->487K(7616K), 0.0011699 secs] 19645K->13099K(24732K), 0.0012526 secs] [Times: user=0.01 sys=0.00, real=0.00 secs] 
47.336: [GC 47.337: [ParNew: 7005K->495K(7616K), 0.0009729 secs] 19618K->13107K(24732K), 0.0010280 secs] [Times: user=0.00 sys=0.00, real=0.00 secs] 
47.342: [GC 47.342: [ParNew: 6995K->693K(7616K), 0.0012175 secs] 19607K->13305K(24732K), 0.0012827 secs] [Times: user=0.00 sys=0.00, real=0.00 secs] 
47.348: [GC 47.348: [ParNew: 7192K->748K(7616K), 0.0013221 secs] 19804K->13596K(24732K), 0.0014127 secs] [Times: user=0.00 sys=0.00, real=0.00 secs] 
47.354: [GC 47.354: [ParNew: 7272K->546K(7616K), 0.0013624 secs] 20120K->13605K(24732K), 0.0014307 secs] [Times: user=0.00 sys=0.00, real=0.00 secs] 
47.360: [GC 47.360: [ParNew: 7057K->777K(7616K), 0.0013530 secs] 20116K->13861K(24732K), 0.0014341 secs] [Times: user=0.00 sys=0.00, real=0.00 secs] 
47.365: [GC 47.365: [ParNew: 7305K->286K(7616K), 0.0016288 secs] 20389K->13763K(24732K), 0.0017078 secs] [Times: user=0.00 sys=0.00, real=0.00 secs] 
47.374: [GC 47.374: [ParNew: 6759K->383K(7616K), 0.0012139 secs] 20237K->13860K(24732K), 0.0012646 secs] [Times: user=0.00 sys=0.00, real=0.00 secs] 
47.378: [GC 47.379: [ParNew: 6784K->386K(7616K), 0.0009963 secs] 20261K->13863K(24732K), 0.0010541 secs] [Times: user=0.01 sys=0.00, real=0.00 secs] 
47.384: [GC 47.384: [ParNew: 6905K->407K(7616K), 0.0020441 secs] 20383K->13884K(24732K), 0.0021136 secs] [Times: user=0.00 sys=0.00, real=0.00 secs] 
47.390: [GC 47.390: [ParNew: 6914K->411K(7616K), 0.0009092 secs] 20391K->13888K(24732K), 0.0009610 secs] [Times: user=0.00 sys=0.00, real=0.00 secs] 
47.395: [GC 47.395: [ParNew: 6919K->615K(7616K), 0.0011581 secs] 20397K->14092K(24732K), 0.0012197 secs] [Times: user=0.00 sys=0.00, real=0.00 secs] 
47.402: [GC 47.402: [ParNew: 7136K->795K(7616K), 0.0012007 secs] 20613K->14357K(24732K), 0.0012700 secs] [Times: user=0.00 sys=0.00, real=0.00 secs] 
47.408: [GC 47.409: [ParNew: 7257K->841K(7616K), 0.0018040 secs] 20819K->14707K(24732K), 0.0018858 secs] [Times: user=0.00 sys=0.00, real=0.00 secs] 
47.416: [GC 47.416: [ParNew: 7354K->823K(7616K), 0.0017745 secs] 21220K->15145K(24732K), 0.0018657 secs] [Times: user=0.00 sys=0.00, real=0.00 secs] 
47.422: [GC 47.422: [ParNew: 7339K->538K(7616K), 0.0012017 secs] 21661K->15164K(24732K), 0.0012682 secs] [Times: user=0.00 sys=0.00, real=0.00 secs] 
47.429: [GC 47.429: [ParNew: 7009K->590K(7616K), 0.0009361 secs] 21635K->15216K(24732K), 0.0009951 secs] [Times: user=0.00 sys=0.00, real=0.00 secs] 
47.434: [GC 47.434: [ParNew: 7111K->347K(7616K), 0.0014116 secs] 21738K->15209K(24732K), 0.0014725 secs] [Times: user=0.00 sys=0.00, real=0.00 secs] 
47.440: [GC 47.440: [ParNew: 6852K->520K(7616K), 0.0012538 secs] 21714K->15382K(24732K), 0.0013163 secs] [Times: user=0.01 sys=0.00, real=0.00 secs] 
47.445: [GC 47.445: [ParNew: 7040K->783K(7616K), 0.0013776 secs] 21902K->15645K(24732K), 0.0014435 secs] [Times: user=0.00 sys=0.00, real=0.00 secs] 
47.450: [GC 47.450: [ParNew: 7296K->447K(7616K), 0.0015860 secs] 22157K->15580K(24732K), 0.0016534 secs] [Times: user=0.00 sys=0.00, real=0.00 secs] 
47.456: [GC 47.456: [ParNew: 6971K->705K(7616K), 0.0011940 secs] 22103K->15838K(24732K), 0.0012599 secs] [Times: user=0.00 sys=0.00, real=0.00 secs] 
47.462: [GC 47.462: [ParNew: 7204K->925K(7616K), 0.0016742 secs] 22336K->16245K(24732K), 0.0017521 secs] [Times: user=0.00 sys=0.00, real=0.00 secs] 
47.468: [GC 47.468: [ParNew: 7433K->679K(7616K), 0.0016842 secs] 22753K->16492K(24732K), 0.0017738 secs] [Times: user=0.00 sys=0.00, real=0.01 secs] 
47.474: [GC 47.474: [ParNew: 7186K->700K(7616K), 0.0015754 secs] 22998K->16787K(24732K), 0.0016512 secs] [Times: user=0.00 sys=0.00, real=0.00 secs] 
47.483: [GC 47.483: [ParNew: 7154K->774K(7616K), 0.0012280 secs] 23242K->17067K(24732K), 0.0013249 secs] [Times: user=0.00 sys=0.00, real=0.00 secs] 
47.491: [GC 47.491: [ParNew: 7280K->453K(7616K), 0.0013953 secs] 23572K->17207K(24732K), 0.0014847 secs] [Times: user=0.00 sys=0.00, real=0.00 secs] 
47.496: [GC 47.497: [ParNew: 6966K->667K(7616K), 0.0019633 secs] 23720K->17421K(24732K), 0.0020363 secs] [Times: user=0.01 sys=0.00, real=0.01 secs] 
47.507: [GC 47.507: [ParNew: 7178K->461K(7616K), 0.0014331 secs] 23932K->17426K(24732K), 0.0015164 secs] [Times: user=0.00 sys=0.00, real=0.01 secs] 
47.514: [GC 47.514: [ParNew: 6950K->674K(7616K), 0.0012579 secs] 23915K->17639K(24732K), 0.0013243 secs] [Times: user=0.00 sys=0.00, real=0.00 secs] 
47.520: [GC 47.520: [ParNew: 7174K->610K(7616K), 0.0013173 secs] 24139K->17708K(24732K), 0.0013814 secs] [Times: user=0.00 sys=0.00, real=0.00 secs] 
47.526: [GC 47.526: [ParNew: 7051K->425K(7616K), 0.0009010 secs]47.527: [Tenured: 17181K->7954K(17308K), 0.0709826 secs] 24148K->7954K(24924K), [Perm : 10707K->10707K(21248K)], 0.0721064 secs] [Times: user=0.06 sys=0.00, real=0.07 secs] 
47.602: [GC 47.602: [ParNew: 6470K->700K(7616K), 0.0016094 secs] 14425K->8654K(24732K), 0.0016780 secs] [Times: user=0.00 sys=0.00, real=0.00 secs] 
47.608: [GC 47.608: [ParNew: 7209K->277K(7616K), 0.0012557 secs] 15163K->8822K(24732K), 0.0013272 secs] [Times: user=0.00 sys=0.00, real=0.01 secs] 
47.615: [GC 47.615: [ParNew: 6793K->861K(7616K), 0.0012087 secs] 15338K->9405K(24732K), 0.0013072 secs] [Times: user=0.00 sys=0.00, real=0.00 secs] 
47.621: [GC 47.621: [ParNew: 7376K->314K(7616K), 0.0013669 secs] 15921K->9666K(24732K), 0.0014398 secs] [Times: user=0.00 sys=0.00, real=0.00 secs] 
47.627: [GC 47.627: [ParNew: 6818K->474K(7616K), 0.0008557 secs] 16170K->9826K(24732K), 0.0009089 secs] [Times: user=0.00 sys=0.00, real=0.00 secs] 
47.631: [GC 47.631: [ParNew: 6927K->399K(7616K), 0.0008659 secs] 16279K->9752K(24732K), 0.0009204 secs] [Times: user=0.00 sys=0.00, real=0.00 secs] 
47.639: [GC 47.639: [ParNew: 6927K->426K(7616K), 0.0009424 secs] 16280K->9778K(24732K), 0.0009988 secs] [Times: user=0.00 sys=0.00, real=0.00 secs] 
47.643: [GC 47.644: [ParNew: 6946K->728K(7616K), 0.0013310 secs] 16299K->10080K(24732K), 0.0014010 secs] [Times: user=0.00 sys=0.00, real=0.00 secs] 
47.650: [GC 47.650: [ParNew: 7206K->1049K(7616K), 0.0015858 secs] 16558K->10790K(24732K), 0.0016740 secs] [Times: user=0.01 sys=0.00, real=0.00 secs] 
47.656: [GC 47.656: [ParNew: 7539K->264K(7616K), 0.0014422 secs] 17280K->10731K(24732K), 0.0015903 secs] [Times: user=0.01 sys=0.00, real=0.00 secs] 
47.663: [GC 47.663: [ParNew: 6739K->628K(7616K), 0.0011799 secs] 17206K->11095K(24732K), 0.0012646 secs] [Times: user=0.01 sys=0.00, real=0.00 secs] 
47.668: [GC 47.668: [ParNew: 7142K->727K(7616K), 0.0012475 secs] 17609K->11274K(24732K), 0.0013277 secs] [Times: user=0.00 sys=0.00, real=0.00 secs] 
47.677: [GC 47.677: [ParNew: 7231K->426K(7616K), 0.0011411 secs] 17779K->11082K(24732K), 0.0012441 secs] [Times: user=0.00 sys=0.00, real=0.00 secs] 
47.684: [GC 47.684: [ParNew: 6945K->617K(7616K), 0.0012221 secs] 17601K->11273K(24732K), 0.0013623 secs] [Times: user=0.00 sys=0.00, real=0.00 secs] 
47.691: [GC 47.691: [ParNew: 7118K->606K(7616K), 0.0011568 secs] 17774K->11480K(24732K), 0.0012363 secs] [Times: user=0.00 sys=0.00, real=0.00 secs] 
47.698: [GC 47.698: [ParNew: 7108K->370K(7616K), 0.0010787 secs] 17982K->11485K(24732K), 0.0011711 secs] [Times: user=0.00 sys=0.00, real=0.01 secs] 
47.704: [GC 47.704: [ParNew: 6857K->381K(7616K), 0.0009165 secs] 17973K->11496K(24732K), 0.0009682 secs] [Times: user=0.00 sys=0.00, real=0.00 secs] 
47.709: [GC 47.709: [ParNew: 6876K->412K(7616K), 0.0009387 secs] 17992K->11527K(24732K), 0.0009929 secs] [Times: user=0.00 sys=0.00, real=0.00 secs] 
47.713: [GC 47.714: [ParNew: 6935K->493K(7616K), 0.0009844 secs] 18050K->11609K(24732K), 0.0010383 secs] [Times: user=0.01 sys=0.00, real=0.00 secs] 
47.720: [GC 47.720: [ParNew: 7021K->898K(7616K), 0.0010840 secs] 18137K->12013K(24732K), 0.0011444 secs] [Times: user=0.00 sys=0.00, real=0.00 secs] 
47.725: [GC 47.725: [ParNew: 7410K->370K(7616K), 0.0014358 secs] 18525K->12172K(24732K), 0.0015095 secs] [Times: user=0.00 sys=0.00, real=0.00 secs] 
47.730: [GC 47.730: [ParNew: 6885K->321K(7616K), 0.0012856 secs] 18687K->12123K(24732K), 0.0013445 secs] [Times: user=0.00 sys=0.01, real=0.00 secs] 
47.737: [GC 47.737: [ParNew: 6849K->476K(7616K), 0.0010166 secs] 18651K->12278K(24732K), 0.0010815 secs] [Times: user=0.00 sys=0.00, real=0.00 secs] 
47.743: [GC 47.743: [ParNew: 6979K->859K(7616K), 0.0011669 secs] 18781K->12661K(24732K), 0.0012305 secs] [Times: user=0.00 sys=0.00, real=0.00 secs] 
47.748: [GC 47.748: [ParNew: 7342K->536K(7616K), 0.0015166 secs] 19144K->12822K(24732K), 0.0015882 secs] [Times: user=0.00 sys=0.00, real=0.01 secs] 
47.754: [GC 47.754: [ParNew: 7023K->688K(7616K), 0.0010468 secs] 19310K->12974K(24732K), 0.0011428 secs] [Times: user=0.00 sys=0.00, real=0.00 secs] 
47.759: [GC 47.759: [ParNew: 7193K->490K(7616K), 0.0011995 secs] 19479K->12978K(24732K), 0.0012676 secs] [Times: user=0.01 sys=0.00, real=0.00 secs] 
47.765: [GC 47.766: [ParNew: 6978K->821K(7616K), 0.0012142 secs] 19466K->13309K(24732K), 0.0012816 secs] [Times: user=0.01 sys=0.00, real=0.00 secs] 
47.772: [GC 47.772: [ParNew: 7346K->591K(7616K), 0.0012296 secs] 19834K->13394K(24732K), 0.0013133 secs] [Times: user=0.01 sys=0.00, real=0.00 secs] 
47.778: [GC 47.778: [ParNew: 7108K->489K(7616K), 0.0011387 secs] 19911K->13374K(24732K), 0.0011987 secs] [Times: user=0.00 sys=0.00, real=0.01 secs] 
47.783: [GC 47.783: [ParNew: 7017K->471K(7616K), 0.0010605 secs] 19902K->13357K(24732K), 0.0011205 secs] [Times: user=0.00 sys=0.00, real=0.00 secs] 
47.790: [GC 47.790: [ParNew: 6971K->852K(7616K), 0.0011337 secs] 19856K->13738K(24732K), 0.0012123 secs] [Times: user=0.00 sys=0.00, real=0.00 secs] 
47.795: [GC 47.795: [ParNew: 7369K->328K(7616K), 0.0012649 secs] 20255K->13554K(24732K), 0.0013807 secs] [Times: user=0.00 sys=0.00, real=0.00 secs] 
47.802: [GC 47.802: [ParNew: 6855K->334K(7616K), 0.0007878 secs] 20080K->13559K(24732K), 0.0008549 secs] [Times: user=0.00 sys=0.00, real=0.00 secs] 
47.808: [GC 47.808: [ParNew: 6821K->642K(7616K), 0.0010055 secs] 20046K->13868K(24732K), 0.0010919 secs] [Times: user=0.01 sys=0.00, real=0.01 secs] 
47.815: [GC 47.815: [ParNew: 7165K->673K(7616K), 0.0011938 secs] 20390K->14051K(24732K), 0.0012760 secs] [Times: user=0.00 sys=0.00, real=0.00 secs] 
47.821: [GC 47.821: [ParNew: 7137K->489K(7616K), 0.0010219 secs] 20515K->13998K(24732K), 0.0011566 secs] [Times: user=0.00 sys=0.00, real=0.00 secs] 
47.827: [GC 47.827: [ParNew: 7003K->728K(7616K), 0.0010750 secs] 20511K->14236K(24732K), 0.0011405 secs] [Times: user=0.00 sys=0.00, real=0.00 secs] 
47.832: [GC 47.832: [ParNew: 7228K->362K(7616K), 0.0011611 secs] 20737K->14099K(24732K), 0.0012210 secs] [Times: user=0.00 sys=0.00, real=0.00 secs] 
47.837: [GC 47.838: [ParNew: 6887K->618K(7616K), 0.0017844 secs] 20624K->14355K(24732K), 0.0018989 secs] [Times: user=0.00 sys=0.00, real=0.01 secs] 
47.844: [GC 47.844: [ParNew: 7096K->475K(7616K), 0.0009472 secs] 20833K->14303K(24732K), 0.0010277 secs] [Times: user=0.00 sys=0.00, real=0.00 secs] 
47.851: [GC 47.851: [ParNew: 7003K->548K(7616K), 0.0010010 secs] 20831K->14377K(24732K), 0.0010573 secs] [Times: user=0.01 sys=0.00, real=0.00 secs] 
47.857: [GC 47.857: [ParNew: 7031K->497K(7616K), 0.0009346 secs] 20860K->14401K(24732K), 0.0010051 secs] [Times: user=0.00 sys=0.00, real=0.00 secs] 
47.862: [GC 47.862: [ParNew: 6938K->650K(7616K), 0.0012220 secs] 20843K->14555K(24732K), 0.0012880 secs] [Times: user=0.00 sys=0.00, real=0.00 secs] 
47.867: [GC 47.868: [ParNew: 7150K->528K(7616K), 0.0013370 secs] 21054K->14560K(24732K), 0.0014233 secs] [Times: user=0.00 sys=0.00, real=0.01 secs] 
47.873: [GC 47.873: [ParNew: 7030K->709K(7616K), 0.0013739 secs] 21062K->14741K(24732K), 0.0014508 secs] [Times: user=0.00 sys=0.00, real=0.00 secs] 
47.878: [GC 47.879: [ParNew: 7230K->904K(7616K), 0.0015612 secs] 21262K->15150K(24732K), 0.0016334 secs] [Times: user=0.00 sys=0.00, real=0.00 secs] 
47.885: [GC 47.886: [ParNew: 7410K->778K(7616K), 0.0024382 secs] 21656K->15463K(24732K), 0.0025118 secs] [Times: user=0.00 sys=0.00, real=0.00 secs] 
47.892: [GC 47.892: [ParNew: 7282K->147K(7616K), 0.0029152 secs] 21967K->15321K(24732K), 0.0029987 secs] [Times: user=0.01 sys=0.00, real=0.00 secs] 
47.899: [GC 47.899: [ParNew: 6674K->408K(7616K), 0.0008384 secs] 21848K->15582K(24732K), 0.0008892 secs] [Times: user=0.00 sys=0.00, real=0.00 secs] 
47.904: [GC 47.904: [ParNew: 6911K->413K(7616K), 0.0011063 secs] 22085K->15587K(24732K), 0.0011711 secs] [Times: user=0.00 sys=0.00, real=0.00 secs] 
47.909: [GC 47.909: [ParNew: 6917K->606K(7616K), 0.0009504 secs] 22091K->15780K(24732K), 0.0010098 secs] [Times: user=0.00 sys=0.00, real=0.00 secs] 
47.916: [GC 47.916: [ParNew: 7129K->948K(7616K), 0.0013798 secs] 22303K->16209K(24732K), 0.0014700 secs] [Times: user=0.00 sys=0.00, real=0.00 secs] 
47.923: [GC 47.923: [ParNew: 7473K->517K(7616K), 0.0013362 secs] 22734K->16233K(24732K), 0.0014267 secs] [Times: user=0.00 sys=0.00, real=0.00 secs] 
47.930: [GC 47.930: [ParNew: 7029K->464K(7616K), 0.0008116 secs] 22745K->16180K(24732K), 0.0008633 secs] [Times: user=0.00 sys=0.00, real=0.00 secs] 
47.935: [GC 47.935: [ParNew: 6956K->908K(7616K), 0.0012493 secs] 22672K->16625K(24732K), 0.0013259 secs] [Times: user=0.00 sys=0.00, real=0.00 secs] 
47.941: [GC 47.941: [ParNew: 7412K->107K(7616K), 0.0015582 secs] 23128K->16732K(24732K), 0.0016285 secs] [Times: user=0.01 sys=0.00, real=0.00 secs] 
47.946: [GC 47.946: [ParNew: 6632K->338K(7616K), 0.0007749 secs] 23258K->16963K(24732K), 0.0008231 secs] [Times: user=0.01 sys=0.00, real=0.00 secs] 
47.951: [GC 47.951: [ParNew: 6860K->328K(7616K), 0.0008731 secs] 23485K->16953K(24732K), 0.0009317 secs] [Times: user=0.00 sys=0.00, real=0.00 secs] 
47.956: [GC 47.956: [ParNew: 6776K->744K(7616K), 0.0011645 secs] 23401K->17369K(24732K), 0.0012325 secs] [Times: user=0.00 sys=0.00, real=0.00 secs] 
47.967: [GC 47.967: [ParNew: 7272K->258K(7616K), 0.0008477 secs] 23897K->17057K(24732K), 0.0009138 secs] [Times: user=0.00 sys=0.00, real=0.00 secs] 
47.973: [GC 47.973: [ParNew: 6712K->416K(7616K), 0.0008570 secs] 23512K->17215K(24732K), 0.0009167 secs] [Times: user=0.00 sys=0.00, real=0.00 secs] 
47.980: [GC 47.980: [ParNew: 6920K->1055K(7616K), 0.0012445 secs] 23719K->17854K(24732K), 0.0013426 secs] [Times: user=0.00 sys=0.00, real=0.00 secs] 
47.986: [GC 47.986: [ParNew: 7537K->114K(7616K), 0.0017057 secs]47.988: [Tenured: 17555K->8590K(17692K), 0.0702150 secs] 24336K->8590K(25308K), [Perm : 10707K->10707K(21248K)], 0.0723411 secs] [Times: user=0.07 sys=0.00, real=0.08 secs] 
48.069: [GC 48.069: [ParNew: 6528K->111K(7616K), 0.0006543 secs] 15118K->8702K(24732K), 0.0007240 secs] [Times: user=0.00 sys=0.00, real=0.00 secs] 
48.074: [GC 48.074: [ParNew: 6564K->661K(7616K), 0.0015669 secs] 15154K->9252K(24732K), 0.0016400 secs] [Times: user=0.00 sys=0.00, real=0.00 secs] 
48.084: [GC 48.084: [ParNew: 7125K->185K(7616K), 0.0011506 secs] 15716K->9288K(24732K), 0.0012113 secs] [Times: user=0.00 sys=0.00, real=0.00 secs] 
48.090: [GC 48.090: [ParNew: 6661K->753K(7616K), 0.0013752 secs] 15765K->9856K(24732K), 0.0014444 secs] [Times: user=0.00 sys=0.00, real=0.00 secs] 
48.096: [GC 48.096: [ParNew: 7260K->47K(7616K), 0.0012029 secs] 16364K->9872K(24732K), 0.0012687 secs] [Times: user=0.00 sys=0.00, real=0.00 secs] 
48.102: [GC 48.102: [ParNew: 6575K->258K(7616K), 0.0009375 secs] 16400K->10084K(24732K), 0.0009888 secs] [Times: user=0.00 sys=0.00, real=0.00 secs] 
48.107: [GC 48.107: [ParNew: 6782K->197K(7616K), 0.0006951 secs] 16608K->10022K(24732K), 0.0007447 secs] [Times: user=0.00 sys=0.00, real=0.00 secs] 
48.111: [GC 48.111: [ParNew: 6723K->206K(7616K), 0.0007424 secs] 16549K->10032K(24732K), 0.0008118 secs] [Times: user=0.00 sys=0.00, real=0.00 secs] 
48.120: [GC 48.120: [ParNew: 6733K->651K(7616K), 0.0010482 secs] 16559K->10477K(24732K), 0.0011078 secs] [Times: user=0.00 sys=0.00, real=0.00 secs] 
48.126: [GC 48.126: [ParNew: 7170K->426K(7616K), 0.0011064 secs] 16995K->10365K(24732K), 0.0011693 secs] [Times: user=0.01 sys=0.00, real=0.00 secs] 
48.131: [GC 48.131: [ParNew: 6906K->786K(7616K), 0.0011768 secs] 16846K->10726K(24732K), 0.0012431 secs] [Times: user=0.01 sys=0.00, real=0.00 secs] 
48.136: [GC 48.136: [ParNew: 7302K->608K(7616K), 0.0024362 secs] 17241K->10905K(24732K), 0.0025095 secs] [Times: user=0.00 sys=0.00, real=0.01 secs] 
48.143: [GC 48.143: [ParNew: 7075K->272K(7616K), 0.0011971 secs] 17372K->10904K(24732K), 0.0012772 secs] [Times: user=0.01 sys=0.00, real=0.00 secs] 
48.150: [GC 48.150: [ParNew: 6779K->693K(7616K), 0.0009891 secs] 17411K->11325K(24732K), 0.0010488 secs] [Times: user=0.01 sys=0.00, real=0.00 secs] 
48.156: [GC 48.157: [ParNew: 7221K->614K(7616K), 0.0011647 secs] 17853K->11430K(24732K), 0.0012309 secs] [Times: user=0.01 sys=0.00, real=0.00 secs] 
48.162: [GC 48.162: [ParNew: 7136K->753K(7616K), 0.0013154 secs] 17952K->11743K(24732K), 0.0013985 secs] [Times: user=0.00 sys=0.00, real=0.00 secs] 
48.169: [GC 48.169: [ParNew: 7247K->1082K(7616K), 0.0015680 secs] 18236K->12231K(24732K), 0.0016663 secs] [Times: user=0.00 sys=0.00, real=0.00 secs] 
48.175: [GC 48.176: [ParNew: 7583K->547K(7616K), 0.0015166 secs] 18732K->12335K(24732K), 0.0015875 secs] [Times: user=0.00 sys=0.00, real=0.00 secs] 
48.181: [GC 48.181: [ParNew: 7070K->467K(7616K), 0.0014237 secs] 18857K->12657K(24732K), 0.0014927 secs] [Times: user=0.00 sys=0.00, real=0.00 secs] 
48.187: [GC 48.187: [ParNew: 6960K->649K(7616K), 0.0010466 secs] 19149K->12838K(24732K), 0.0011166 secs] [Times: user=0.00 sys=0.00, real=0.00 secs] 
48.193: [GC 48.193: [ParNew: 7170K->352K(7616K), 0.0012258 secs] 19359K->12930K(24732K), 0.0012986 secs] [Times: user=0.00 sys=0.00, real=0.00 secs] 
48.200: [GC 48.200: [ParNew: 6880K->390K(7616K), 0.0009075 secs] 19458K->12968K(24732K), 0.0009750 secs] [Times: user=0.00 sys=0.00, real=0.00 secs] 
48.207: [GC 48.207: [ParNew: 6916K->543K(7616K), 0.0009742 secs] 19494K->13121K(24732K), 0.0010454 secs] [Times: user=0.00 sys=0.00, real=0.00 secs] 
48.212: [GC 48.212: [ParNew: 7070K->606K(7616K), 0.0010367 secs] 19648K->13184K(24732K), 0.0011352 secs] [Times: user=0.00 sys=0.00, real=0.00 secs] 
48.220: [GC 48.220: [ParNew: 7120K->373K(7616K), 0.0015406 secs] 19698K->13147K(24732K), 0.0016198 secs] [Times: user=0.00 sys=0.00, real=0.00 secs] 
48.227: [GC 48.227: [ParNew: 6891K->366K(7616K), 0.0008838 secs] 19665K->13140K(24732K), 0.0009389 secs] [Times: user=0.00 sys=0.00, real=0.00 secs] 
48.232: [GC 48.232: [ParNew: 6869K->508K(7616K), 0.0012023 secs] 19643K->13282K(24732K), 0.0012666 secs] [Times: user=0.00 sys=0.00, real=0.00 secs] 
48.237: [GC 48.238: [ParNew: 7017K->652K(7616K), 0.0016254 secs] 19791K->13426K(24732K), 0.0017082 secs] [Times: user=0.01 sys=0.00, real=0.01 secs] 
48.244: [GC 48.244: [ParNew: 7177K->553K(7616K), 0.0011677 secs] 19951K->13492K(24732K), 0.0012323 secs] [Times: user=0.01 sys=0.00, real=0.00 secs] 
48.249: [GC 48.249: [ParNew: 7072K->551K(7616K), 0.0011206 secs] 20011K->13529K(24732K), 0.0011828 secs] [Times: user=0.00 sys=0.00, real=0.00 secs] 
48.254: [GC 48.254: [ParNew: 7066K->547K(7616K), 0.0009831 secs] 20044K->13525K(24732K), 0.0010383 secs] [Times: user=0.00 sys=0.00, real=0.00 secs] 
48.259: [GC 48.259: [ParNew: 7049K->430K(7616K), 0.0009834 secs] 20028K->13408K(24732K), 0.0010487 secs] [Times: user=0.00 sys=0.00, real=0.00 secs] 
48.265: [GC 48.265: [ParNew: 6922K->540K(7616K), 0.0010807 secs] 19900K->13519K(24732K), 0.0011577 secs] [Times: user=0.00 sys=0.00, real=0.00 secs] 
48.272: [GC 48.272: [ParNew: 7043K->880K(7616K), 0.0012971 secs] 20021K->13858K(24732K), 0.0013921 secs] [Times: user=0.00 sys=0.00, real=0.00 secs] 
48.277: [GC 48.277: [ParNew: 7306K->344K(7616K), 0.0017242 secs] 20284K->13672K(24732K), 0.0017913 secs] [Times: user=0.01 sys=0.00, real=0.01 secs] 
48.287: [GC 48.287: [ParNew: 6795K->488K(7616K), 0.0011123 secs] 20123K->13816K(24732K), 0.0011757 secs] [Times: user=0.00 sys=0.01, real=0.00 secs] 
48.292: [GC 48.292: [ParNew: 6967K->549K(7616K), 0.0009827 secs] 20296K->13878K(24732K), 0.0010418 secs] [Times: user=0.00 sys=0.00, real=0.00 secs] 
48.298: [GC 48.298: [ParNew: 6936K->358K(7616K), 0.0012224 secs] 20264K->13882K(24732K), 0.0012835 secs] [Times: user=0.00 sys=0.00, real=0.00 secs] 
48.304: [GC 48.304: [ParNew: 6886K->306K(7616K), 0.0008412 secs] 20410K->13830K(24732K), 0.0008903 secs] [Times: user=0.00 sys=0.00, real=0.00 secs] 
48.309: [GC 48.309: [ParNew: 6811K->455K(7616K), 0.0009139 secs] 20334K->13979K(24732K), 0.0009675 secs] [Times: user=0.00 sys=0.00, real=0.00 secs] 
48.314: [GC 48.314: [ParNew: 6958K->464K(7616K), 0.0011578 secs] 20482K->13988K(24732K), 0.0012322 secs] [Times: user=0.00 sys=0.00, real=0.00 secs] 
48.320: [GC 48.320: [ParNew: 6945K->535K(7616K), 0.0010602 secs] 20469K->14059K(24732K), 0.0011181 secs] [Times: user=0.01 sys=0.00, real=0.00 secs] 
48.325: [GC 48.325: [ParNew: 7033K->607K(7616K), 0.0010931 secs] 20557K->14131K(24732K), 0.0011666 secs] [Times: user=0.00 sys=0.00, real=0.00 secs] 
48.330: [GC 48.330: [ParNew: 7078K->686K(7616K), 0.0013281 secs] 20602K->14373K(24732K), 0.0013954 secs] [Times: user=0.00 sys=0.00, real=0.00 secs] 
48.336: [GC 48.336: [ParNew: 7139K->672K(7616K), 0.0013293 secs] 20826K->14535K(24732K), 0.0014343 secs] [Times: user=0.00 sys=0.00, real=0.00 secs] 
48.342: [GC 48.342: [ParNew: 7194K->773K(7616K), 0.0013184 secs] 21057K->14777K(24732K), 0.0013908 secs] [Times: user=0.00 sys=0.00, real=0.00 secs] 
48.348: [GC 48.348: [ParNew: 7269K->557K(7616K), 0.0012050 secs] 21273K->14839K(24732K), 0.0012805 secs] [Times: user=0.00 sys=0.00, real=0.01 secs] 
48.355: [GC 48.356: [ParNew: 7083K->500K(7616K), 0.0010539 secs] 21365K->14853K(24732K), 0.0011148 secs] [Times: user=0.00 sys=0.00, real=0.00 secs] 
48.361: [GC 48.361: [ParNew: 7020K->617K(7616K), 0.0010372 secs] 21374K->14970K(24732K), 0.0010963 secs] [Times: user=0.00 sys=0.00, real=0.00 secs] 
48.367: [GC 48.367: [ParNew: 7128K->922K(7616K), 0.0013480 secs] 21481K->15356K(24732K), 0.0014193 secs] [Times: user=0.00 sys=0.00, real=0.00 secs] 
48.374: [GC 48.374: [ParNew: 7420K->285K(7616K), 0.0012750 secs] 21854K->15425K(24732K), 0.0013580 secs] [Times: user=0.00 sys=0.00, real=0.00 secs] 
48.381: [GC 48.381: [ParNew: 6805K->450K(7616K), 0.0014418 secs] 21945K->15590K(24732K), 0.0015077 secs] [Times: user=0.00 sys=0.01, real=0.00 secs] 
48.388: [GC 48.388: [ParNew: 6931K->357K(7616K), 0.0008130 secs] 22071K->15497K(24732K), 0.0008658 secs] [Times: user=0.00 sys=0.00, real=0.01 secs] 
48.393: [GC 48.393: [ParNew: 6863K->853K(7616K), 0.0013524 secs] 22003K->15993K(24732K), 0.0014317 secs] [Times: user=0.00 sys=0.00, real=0.00 secs] 
48.402: [GC 48.402: [ParNew: 7367K->652K(7616K), 0.0014764 secs] 22508K->16114K(24732K), 0.0015745 secs] [Times: user=0.00 sys=0.00, real=0.00 secs] 
48.409: [GC 48.409: [ParNew: 7152K->517K(7616K), 0.0010735 secs] 22613K->16182K(24732K), 0.0011422 secs] [Times: user=0.00 sys=0.00, real=0.00 secs] 
48.414: [GC 48.414: [ParNew: 7021K->484K(7616K), 0.0010415 secs] 22686K->16149K(24732K), 0.0011555 secs] [Times: user=0.00 sys=0.00, real=0.00 secs] 
48.421: [GC 48.421: [ParNew: 7003K->608K(7616K), 0.0009574 secs] 22669K->16273K(24732K), 0.0010165 secs] [Times: user=0.01 sys=0.00, real=0.00 secs] 
48.426: [GC 48.426: [ParNew: 7079K->310K(7616K), 0.0011395 secs] 22745K->16284K(24732K), 0.0013365 secs] [Times: user=0.00 sys=0.00, real=0.00 secs] 
48.432: [GC 48.432: [ParNew: 6760K->350K(7616K), 0.0008088 secs] 22734K->16324K(24732K), 0.0008604 secs] [Times: user=0.00 sys=0.00, real=0.00 secs] 
48.439: [GC 48.439: [ParNew: 6878K->342K(7616K), 0.0011826 secs] 22852K->16316K(24732K), 0.0012507 secs] [Times: user=0.00 sys=0.00, real=0.00 secs] 
48.444: [GC 48.444: [ParNew: 6870K->376K(7616K), 0.0009800 secs] 22844K->16350K(24732K), 0.0010452 secs] [Times: user=0.00 sys=0.00, real=0.00 secs] 
48.449: [GC 48.449: [ParNew: 6885K->563K(7616K), 0.0010644 secs] 22859K->16537K(24732K), 0.0011254 secs] [Times: user=0.00 sys=0.00, real=0.00 secs] 
48.456: [GC 48.456: [ParNew: 6987K->500K(7616K), 0.0012190 secs] 22961K->16546K(24732K), 0.0012818 secs] [Times: user=0.00 sys=0.00, real=0.00 secs] 
48.462: [GC 48.462: [ParNew: 7027K->600K(7616K), 0.0010458 secs] 23073K->16646K(24732K), 0.0011060 secs] [Times: user=0.00 sys=0.00, real=0.00 secs] 
48.467: [GC 48.467: [ParNew: 7116K->479K(7616K), 0.0011066 secs] 23162K->16594K(24732K), 0.0011684 secs] [Times: user=0.01 sys=0.00, real=0.01 secs] 
48.473: [GC 48.473: [ParNew: 6993K->579K(7616K), 0.0013462 secs] 23108K->16694K(24732K), 0.0014103 secs] [Times: user=0.01 sys=0.00, real=0.00 secs] 
48.478: [GC 48.478: [ParNew: 7107K->377K(7616K), 0.0011686 secs] 23222K->16608K(24732K), 0.0012277 secs] [Times: user=0.00 sys=0.00, real=0.01 secs] 
48.483: [GC 48.483: [ParNew: 6887K->460K(7616K), 0.0015305 secs] 23119K->16692K(24732K), 0.0017982 secs] [Times: user=0.00 sys=0.00, real=0.00 secs] 
48.489: [GC 48.489: [ParNew: 6988K->1059K(7616K), 0.0015120 secs] 23220K->17321K(24732K), 0.0016056 secs] [Times: user=0.00 sys=0.00, real=0.00 secs] 
48.496: [GC 48.496: [ParNew: 7562K->106K(7616K), 0.0015291 secs]48.498: [Tenured: 17151K->8646K(17308K), 0.0711628 secs] 23824K->8646K(24924K), [Perm : 10707K->10707K(21248K)], 0.0729506 secs] [Times: user=0.07 sys=0.00, real=0.08 secs] 
48.574: [GC 48.574: [ParNew: 6502K->72K(7616K), 0.0006949 secs] 15148K->8718K(24732K), 0.0007419 secs] [Times: user=0.00 sys=0.00, real=0.00 secs] 
48.579: [GC 48.579: [ParNew: 6600K->230K(7616K), 0.0006927 secs] 15246K->8876K(24732K), 0.0007377 secs] [Times: user=0.00 sys=0.00, real=0.00 secs] 
48.585: [GC 48.585: [ParNew: 6758K->664K(7616K), 0.0011129 secs] 15404K->9311K(24732K), 0.0011938 secs] [Times: user=0.01 sys=0.00, real=0.00 secs] 
48.591: [GC 48.592: [ParNew: 7192K->860K(7616K), 0.0012217 secs] 15839K->9562K(24732K), 0.0012913 secs] [Times: user=0.01 sys=0.00, real=0.00 secs] 
48.598: [GC 48.598: [ParNew: 7374K->561K(7616K), 0.0012627 secs] 16076K->9589K(24732K), 0.0013415 secs] [Times: user=0.00 sys=0.00, real=0.01 secs] 
48.606: [GC 48.606: [ParNew: 7089K->362K(7616K), 0.0009401 secs] 16117K->9618K(24732K), 0.0009950 secs] [Times: user=0.00 sys=0.00, real=0.00 secs] 
48.613: [GC 48.613: [ParNew: 6876K->259K(7616K), 0.0009157 secs] 16132K->9516K(24732K), 0.0010456 secs] [Times: user=0.00 sys=0.00, real=0.00 secs] 
48.618: [GC 48.618: [ParNew: 6782K->274K(7616K), 0.0010227 secs] 16039K->9530K(24732K), 0.0010907 secs] [Times: user=0.00 sys=0.00, real=0.01 secs] 
48.623: [GC 48.623: [ParNew: 6769K->245K(7616K), 0.0007956 secs] 16025K->9502K(24732K), 0.0008784 secs] [Times: user=0.00 sys=0.00, real=0.00 secs] 
48.628: [GC 48.628: [ParNew: 6741K->396K(7616K), 0.0009980 secs] 15997K->9652K(24732K), 0.0010576 secs] [Times: user=0.00 sys=0.00, real=0.01 secs] 
48.632: [GC 48.633: [ParNew: 6911K->408K(7616K), 0.0009104 secs] 16168K->9664K(24732K), 0.0009655 secs] [Times: user=0.00 sys=0.00, real=0.00 secs] 
48.638: [GC 48.638: [ParNew: 6909K->855K(7616K), 0.0019343 secs] 16166K->10112K(24732K), 0.0020017 secs] [Times: user=0.00 sys=0.00, real=0.01 secs] 
48.643: [GC 48.644: [ParNew: 7376K->731K(7616K), 0.0014953 secs] 16632K->10317K(24732K), 0.0015841 secs] [Times: user=0.00 sys=0.01, real=0.00 secs] 
48.649: [GC 48.649: [ParNew: 7242K->615K(7616K), 0.0011730 secs] 16828K->10448K(24732K), 0.0012394 secs] [Times: user=0.00 sys=0.00, real=0.00 secs] 
48.656: [GC 48.656: [ParNew: 7136K->490K(7616K), 0.0010763 secs] 16968K->10431K(24732K), 0.0011544 secs] [Times: user=0.00 sys=0.00, real=0.00 secs] 
48.661: [GC 48.661: [ParNew: 6995K->452K(7616K), 0.0012585 secs] 16936K->10393K(24732K), 0.0013159 secs] [Times: user=0.01 sys=0.00, real=0.00 secs] 
48.666: [GC 48.666: [ParNew: 6968K->677K(7616K), 0.0010725 secs] 16910K->10619K(24732K), 0.0011339 secs] [Times: user=0.00 sys=0.00, real=0.00 secs] 
48.672: [GC 48.672: [ParNew: 7152K->431K(7616K), 0.0011696 secs] 17094K->10780K(24732K), 0.0012371 secs] [Times: user=0.00 sys=0.00, real=0.00 secs] 
48.677: [GC 48.677: [ParNew: 6919K->674K(7616K), 0.0011354 secs] 17268K->11023K(24732K), 0.0011989 secs] [Times: user=0.00 sys=0.00, real=0.00 secs] 
48.684: [GC 48.684: [ParNew: 7177K->601K(7616K), 0.0013086 secs] 17526K->11105K(24732K), 0.0014124 secs] [Times: user=0.00 sys=0.00, real=0.00 secs] 
48.690: [GC 48.690: [ParNew: 7126K->629K(7616K), 0.0017180 secs] 17629K->11352K(24732K), 0.0018077 secs] [Times: user=0.00 sys=0.00, real=0.00 secs] 
48.696: [GC 48.696: [ParNew: 7150K->348K(7616K), 0.0012488 secs] 17874K->11328K(24732K), 0.0013181 secs] [Times: user=0.00 sys=0.00, real=0.00 secs] 
48.704: [GC 48.704: [ParNew: 6876K->686K(7616K), 0.0009072 secs] 17856K->11666K(24732K), 0.0009803 secs] [Times: user=0.00 sys=0.00, real=0.00 secs] 
48.709: [GC 48.709: [ParNew: 7197K->590K(7616K), 0.0012569 secs] 18177K->11856K(24732K), 0.0013261 secs] [Times: user=0.00 sys=0.00, real=0.00 secs] 
48.716: [GC 48.716: [ParNew: 7084K->887K(7616K), 0.0018472 secs] 18350K->12256K(24732K), 0.0019327 secs] [Times: user=0.00 sys=0.00, real=0.00 secs] 
48.722: [GC 48.722: [ParNew: 7387K->258K(7616K), 0.0015338 secs] 18756K->12357K(24732K), 0.0016063 secs] [Times: user=0.01 sys=0.00, real=0.00 secs] 
48.727: [GC 48.727: [ParNew: 6706K->397K(7616K), 0.0008177 secs] 18806K->12496K(24732K), 0.0008718 secs] [Times: user=0.01 sys=0.00, real=0.00 secs] 
48.732: [GC 48.732: [ParNew: 6894K->294K(7616K), 0.0008440 secs] 18993K->12393K(24732K), 0.0008953 secs] [Times: user=0.00 sys=0.00, real=0.00 secs] 
48.738: [GC 48.738: [ParNew: 6793K->406K(7616K), 0.0008612 secs] 18892K->12506K(24732K), 0.0009119 secs] [Times: user=0.00 sys=0.00, real=0.01 secs] 
48.743: [GC 48.743: [ParNew: 6889K->437K(7616K), 0.0009855 secs] 18989K->12536K(24732K), 0.0010422 secs] [Times: user=0.00 sys=0.00, real=0.00 secs] 
48.750: [GC 48.750: [ParNew: 6954K->693K(7616K), 0.0011193 secs] 19054K->12793K(24732K), 0.0011814 secs] [Times: user=0.00 sys=0.01, real=0.00 secs] 
48.756: [GC 48.756: [ParNew: 7221K->450K(7616K), 0.0011093 secs] 19321K->12744K(24732K), 0.0011703 secs] [Times: user=0.00 sys=0.00, real=0.00 secs] 
48.761: [GC 48.761: [ParNew: 6976K->448K(7616K), 0.0009818 secs] 19270K->12742K(24732K), 0.0010501 secs] [Times: user=0.00 sys=0.00, real=0.00 secs] 
48.766: [GC 48.766: [ParNew: 6972K->745K(7616K), 0.0015811 secs] 19266K->13039K(24732K), 0.0016652 secs] [Times: user=0.00 sys=0.00, real=0.00 secs] 
48.772: [GC 48.772: [ParNew: 7248K->470K(7616K), 0.0012755 secs] 19542K->13061K(24732K), 0.0013413 secs] [Times: user=0.00 sys=0.00, real=0.00 secs] 
48.777: [GC 48.777: [ParNew: 6992K->404K(7616K), 0.0010218 secs] 19582K->12995K(24732K), 0.0010881 secs] [Times: user=0.01 sys=0.00, real=0.00 secs] 
48.783: [GC 48.783: [ParNew: 6914K->875K(7616K), 0.0013493 secs] 19504K->13466K(24732K), 0.0014195 secs] [Times: user=0.01 sys=0.00, real=0.00 secs] 
48.789: [GC 48.789: [ParNew: 7347K->343K(7616K), 0.0019314 secs] 19937K->13414K(24732K), 0.0020203 secs] [Times: user=0.00 sys=0.00, real=0.00 secs] 
48.797: [GC 48.797: [ParNew: 6829K->569K(7616K), 0.0019528 secs] 19900K->13640K(24732K), 0.0020304 secs] [Times: user=0.00 sys=0.00, real=0.01 secs] 
48.803: [GC 48.804: [ParNew: 7047K->320K(7616K), 0.0010775 secs] 20118K->13680K(24732K), 0.0011865 secs] [Times: user=0.00 sys=0.00, real=0.00 secs] 
48.809: [GC 48.809: [ParNew: 6838K->510K(7616K), 0.0011516 secs] 20198K->13870K(24732K), 0.0012142 secs] [Times: user=0.00 sys=0.00, real=0.00 secs] 
48.815: [GC 48.815: [ParNew: 7030K->891K(7616K), 0.0015689 secs] 20390K->14251K(24732K), 0.0016544 secs] [Times: user=0.00 sys=0.00, real=0.00 secs] 
48.821: [GC 48.821: [ParNew: 7400K->763K(7616K), 0.0020474 secs] 20760K->14588K(24732K), 0.0021299 secs] [Times: user=0.01 sys=0.00, real=0.00 secs] 
48.828: [GC 48.828: [ParNew: 7285K->455K(7616K), 0.0014759 secs] 21110K->14531K(24732K), 0.0015431 secs] [Times: user=0.00 sys=0.00, real=0.01 secs] 
48.834: [GC 48.834: [ParNew: 6953K->565K(7616K), 0.0014621 secs] 21029K->14641K(24732K), 0.0015335 secs] [Times: user=0.01 sys=0.00, real=0.00 secs] 
48.841: [GC 48.841: [ParNew: 7072K->757K(7616K), 0.0012283 secs] 21148K->14989K(24732K), 0.0012958 secs] [Times: user=0.01 sys=0.00, real=0.00 secs] 
48.847: [GC 48.847: [ParNew: 7233K->792K(7616K), 0.0019865 secs] 21465K->15643K(24732K), 0.0020588 secs] [Times: user=0.00 sys=0.00, real=0.01 secs] 
48.855: [GC 48.855: [ParNew: 7262K->293K(7616K), 0.0014065 secs] 22112K->15806K(24732K), 0.0014930 secs] [Times: user=0.00 sys=0.00, real=0.00 secs] 
48.863: [GC 48.863: [ParNew: 6821K->972K(7616K), 0.0011063 secs] 22334K->16484K(24732K), 0.0011683 secs] [Times: user=0.01 sys=0.00, real=0.00 secs] 
48.869: [GC 48.869: [ParNew: 7437K->537K(7616K), 0.0017378 secs] 22950K->16935K(24732K), 0.0018142 secs] [Times: user=0.01 sys=0.00, real=0.00 secs] 
48.878: [GC 48.878: [ParNew: 7058K->754K(7616K), 0.0014335 secs] 23457K->17152K(24732K), 0.0015005 secs] [Times: user=0.00 sys=0.00, real=0.01 secs] 
48.884: [GC 48.884: [ParNew: 7275K->708K(7616K), 0.0015004 secs] 23673K->17278K(24732K), 0.0015773 secs] [Times: user=0.00 sys=0.00, real=0.00 secs] 
48.892: [GC 48.892: [ParNew: 7230K->413K(7616K), 0.0014175 secs] 23801K->17382K(24732K), 0.0014839 secs] [Times: user=0.00 sys=0.00, real=0.00 secs] 
48.899: [GC 48.899: [ParNew: 6941K->452K(7616K), 0.0012776 secs] 23910K->17421K(24732K), 0.0013479 secs] [Times: user=0.00 sys=0.00, real=0.00 secs] 
48.905: [GC 48.905: [ParNew: 6978K->629K(7616K), 0.0012825 secs] 23946K->17597K(24732K), 0.0013464 secs] [Times: user=0.00 sys=0.00, real=0.00 secs] 
48.911: [GC 48.911: [ParNew: 7151K->485K(7616K), 0.0012434 secs]48.912: [Tenured: 17131K->7801K(17308K), 0.0758995 secs] 24119K->7801K(24924K), [Perm : 10707K->10707K(21248K)], 0.0773861 secs] [Times: user=0.07 sys=0.00, real=0.07 secs] 
48.994: [GC 48.994: [ParNew: 6527K->416K(7616K), 0.0008629 secs] 14329K->8218K(24732K), 0.0009316 secs] [Times: user=0.00 sys=0.00, real=0.00 secs] 
48.999: [GC 48.999: [ParNew: 6894K->532K(7616K), 0.0010488 secs] 14696K->8334K(24732K), 0.0011300 secs] [Times: user=0.00 sys=0.00, real=0.00 secs] 
49.005: [GC 49.005: [ParNew: 7038K->590K(7616K), 0.0010439 secs] 14839K->8392K(24732K), 0.0011291 secs] [Times: user=0.00 sys=0.00, real=0.00 secs] 
49.012: [GC 49.012: [ParNew: 7111K->406K(7616K), 0.0011079 secs] 14913K->8436K(24732K), 0.0011865 secs] [Times: user=0.00 sys=0.00, real=0.00 secs] 
49.018: [GC 49.018: [ParNew: 6914K->316K(7616K), 0.0010678 secs] 14945K->8347K(24732K), 0.0011369 secs] [Times: user=0.01 sys=0.01, real=0.01 secs] 
49.023: [GC 49.023: [ParNew: 6811K->321K(7616K), 0.0009479 secs] 14841K->8352K(24732K), 0.0010126 secs] [Times: user=0.00 sys=0.00, real=0.00 secs] 
49.029: [GC 49.029: [ParNew: 6819K->775K(7616K), 0.0011450 secs] 14849K->8805K(24732K), 0.0012153 secs] [Times: user=0.00 sys=0.00, real=0.00 secs] 
49.036: [GC 49.036: [ParNew: 7300K->806K(7616K), 0.0014089 secs] 15330K->9079K(24732K), 0.0015086 secs] [Times: user=0.00 sys=0.00, real=0.00 secs] 
49.041: [GC 49.041: [ParNew: 7315K->618K(7616K), 0.0016964 secs] 15588K->9313K(24732K), 0.0017720 secs] [Times: user=0.00 sys=0.00, real=0.00 secs] 
49.047: [GC 49.048: [ParNew: 7138K->618K(7616K), 0.0013494 secs] 15833K->9662K(24732K), 0.0014342 secs] [Times: user=0.00 sys=0.00, real=0.01 secs] 
49.053: [GC 49.053: [ParNew: 7072K->642K(7616K), 0.0015516 secs] 16115K->9915K(24732K), 0.0016828 secs] [Times: user=0.00 sys=0.00, real=0.00 secs] 
49.059: [GC 49.059: [ParNew: 7170K->343K(7616K), 0.0011666 secs] 16443K->9933K(24732K), 0.0012317 secs] [Times: user=0.00 sys=0.00, real=0.00 secs] 
49.065: [GC 49.065: [ParNew: 6871K->662K(7616K), 0.0013287 secs] 16461K->10252K(24732K), 0.0013947 secs] [Times: user=0.00 sys=0.00, real=0.00 secs] 
49.070: [GC 49.070: [ParNew: 7178K->459K(7616K), 0.0012439 secs] 16768K->10338K(24732K), 0.0013221 secs] [Times: user=0.01 sys=0.00, real=0.00 secs] 
49.075: [GC 49.075: [ParNew: 6953K->547K(7616K), 0.0011635 secs] 16833K->10427K(24732K), 0.0012267 secs] [Times: user=0.01 sys=0.00, real=0.00 secs] 
49.081: [GC 49.081: [ParNew: 7059K->798K(7616K), 0.0012695 secs] 16939K->10677K(24732K), 0.0013374 secs] [Times: user=0.00 sys=0.00, real=0.00 secs] 
49.086: [GC 49.086: [ParNew: 7310K->553K(7616K), 0.0019018 secs] 17189K->10759K(24732K), 0.0019725 secs] [Times: user=0.00 sys=0.00, real=0.00 secs] 
49.092: [GC 49.092: [ParNew: 7031K->1047K(7616K), 0.0014819 secs] 17238K->11285K(24732K), 0.0015619 secs] [Times: user=0.00 sys=0.00, real=0.00 secs] 
49.098: [GC 49.098: [ParNew: 7574K->351K(7616K), 0.0019799 secs] 17811K->11317K(24732K), 0.0020743 secs] [Times: user=0.00 sys=0.00, real=0.01 secs] 
49.107: [GC 49.107: [ParNew: 6879K->241K(7616K), 0.0008440 secs] 17845K->11207K(24732K), 0.0008988 secs] [Times: user=0.00 sys=0.00, real=0.00 secs] 
49.113: [GC 49.113: [ParNew: 6724K->113K(7616K), 0.0009246 secs] 17689K->11079K(24732K), 0.0009751 secs] [Times: user=0.00 sys=0.00, real=0.00 secs] 
49.119: [GC 49.119: [ParNew: 6583K->124K(7616K), 0.0007630 secs] 17549K->11090K(24732K), 0.0008070 secs] [Times: user=0.00 sys=0.00, real=0.00 secs] 
49.123: [GC 49.123: [ParNew: 6641K->215K(7616K), 0.0010828 secs] 17607K->11181K(24732K), 0.0011401 secs] [Times: user=0.00 sys=0.00, real=0.00 secs] 
49.129: [GC 49.130: [ParNew: 6737K->427K(7616K), 0.0020992 secs] 17703K->11392K(24732K), 0.0021848 secs] [Times: user=0.00 sys=0.00, real=0.00 secs] 
49.138: [GC 49.138: [ParNew: 6946K->604K(7616K), 0.0009928 secs] 17912K->11570K(24732K), 0.0010514 secs] [Times: user=0.01 sys=0.00, real=0.01 secs] 
49.145: [GC 49.145: [ParNew: 7102K->511K(7616K), 0.0010298 secs] 18067K->11538K(24732K), 0.0011145 secs] [Times: user=0.01 sys=0.00, real=0.00 secs] 
49.150: [GC 49.150: [ParNew: 7037K->575K(7616K), 0.0010900 secs] 18063K->11601K(24732K), 0.0011497 secs] [Times: user=0.00 sys=0.00, real=0.00 secs] 
49.155: [GC 49.155: [ParNew: 7072K->526K(7616K), 0.0012070 secs] 18099K->11838K(24732K), 0.0012743 secs] [Times: user=0.00 sys=0.00, real=0.00 secs] 
49.161: [GC 49.161: [ParNew: 7010K->538K(7616K), 0.0010299 secs] 18322K->11850K(24732K), 0.0010872 secs] [Times: user=0.00 sys=0.00, real=0.00 secs] 
49.167: [GC 49.167: [ParNew: 7056K->743K(7616K), 0.0012151 secs] 18367K->12055K(24732K), 0.0013008 secs] [Times: user=0.00 sys=0.00, real=0.00 secs] 
49.172: [GC 49.172: [ParNew: 7253K->439K(7616K), 0.0012374 secs] 18565K->12087K(24732K), 0.0013056 secs] [Times: user=0.00 sys=0.00, real=0.00 secs] 
49.177: [GC 49.178: [ParNew: 6943K->441K(7616K), 0.0013310 secs] 18591K->12088K(24732K), 0.0014434 secs] [Times: user=0.00 sys=0.00, real=0.01 secs] 
49.184: [GC 49.184: [ParNew: 6938K->678K(7616K), 0.0013266 secs] 18586K->12326K(24732K), 0.0014124 secs] [Times: user=0.01 sys=0.00, real=0.00 secs] 
49.190: [GC 49.190: [ParNew: 7161K->372K(7616K), 0.0010300 secs] 18809K->12235K(24732K), 0.0010899 secs] [Times: user=0.00 sys=0.00, real=0.00 secs] 
49.196: [GC 49.196: [ParNew: 6881K->545K(7616K), 0.0009480 secs] 18744K->12408K(24732K), 0.0010225 secs] [Times: user=0.00 sys=0.00, real=0.00 secs] 
49.201: [GC 49.201: [ParNew: 7037K->416K(7616K), 0.0010504 secs] 18900K->12279K(24732K), 0.0011371 secs] [Times: user=0.00 sys=0.00, real=0.00 secs] 
49.207: [GC 49.207: [ParNew: 6916K->735K(7616K), 0.0011952 secs] 18779K->12597K(24732K), 0.0012627 secs] [Times: user=0.00 sys=0.00, real=0.00 secs] 
49.213: [GC 49.213: [ParNew: 7168K->953K(7616K), 0.0014746 secs] 19031K->13054K(24732K), 0.0015845 secs] [Times: user=0.00 sys=0.01, real=0.00 secs] 
49.220: [GC 49.220: [ParNew: 7456K->570K(7616K), 0.0012530 secs] 19557K->13104K(24732K), 0.0013267 secs] [Times: user=0.00 sys=0.00, real=0.00 secs] 
49.225: [GC 49.225: [ParNew: 7095K->537K(7616K), 0.0013196 secs] 19630K->13334K(24732K), 0.0013890 secs] [Times: user=0.01 sys=0.00, real=0.00 secs] 
49.231: [GC 49.231: [ParNew: 7054K->499K(7616K), 0.0010025 secs] 19852K->13297K(24732K), 0.0010629 secs] [Times: user=0.01 sys=0.00, real=0.00 secs] 
49.235: [GC 49.236: [ParNew: 7002K->484K(7616K), 0.0010698 secs] 19800K->13282K(24732K), 0.0011312 secs] [Times: user=0.00 sys=0.00, real=0.00 secs] 
49.241: [GC 49.241: [ParNew: 6990K->597K(7616K), 0.0012162 secs] 19788K->13395K(24732K), 0.0012793 secs] [Times: user=0.00 sys=0.00, real=0.00 secs] 
49.246: [GC 49.247: [ParNew: 7101K->1031K(7616K), 0.0014638 secs] 19898K->13936K(24732K), 0.0015373 secs] [Times: user=0.00 sys=0.00, real=0.00 secs] 
49.252: [GC 49.253: [ParNew: 7542K->349K(7616K), 0.0015502 secs] 20447K->14146K(24732K), 0.0016209 secs] [Times: user=0.00 sys=0.00, real=0.00 secs] 
49.258: [GC 49.258: [ParNew: 6860K->516K(7616K), 0.0010399 secs] 20658K->14314K(24732K), 0.0011025 secs] [Times: user=0.00 sys=0.00, real=0.01 secs] 
49.263: [GC 49.264: [ParNew: 7033K->808K(7616K), 0.0011795 secs] 20831K->14606K(24732K), 0.0012437 secs] [Times: user=0.00 sys=0.00, real=0.00 secs] 
49.269: [GC 49.269: [ParNew: 7334K->457K(7616K), 0.0013542 secs] 21132K->14713K(24732K), 0.0014248 secs] [Times: user=0.01 sys=0.00, real=0.00 secs] 
49.274: [GC 49.274: [ParNew: 6976K->331K(7616K), 0.0011833 secs] 21232K->14587K(24732K), 0.0012469 secs] [Times: user=0.01 sys=0.00, real=0.00 secs] 
49.280: [GC 49.280: [ParNew: 6811K->281K(7616K), 0.0008441 secs] 21067K->14537K(24732K), 0.0009417 secs] [Times: user=0.01 sys=0.00, real=0.00 secs] 
49.285: [GC 49.285: [ParNew: 6805K->299K(7616K), 0.0012696 secs] 21060K->14555K(24732K), 0.0013531 secs] [Times: user=0.00 sys=0.00, real=0.00 secs] 
49.290: [GC 49.291: [ParNew: 6803K->492K(7616K), 0.0009814 secs] 21059K->14748K(24732K), 0.0010388 secs] [Times: user=0.00 sys=0.00, real=0.00 secs] 
49.295: [GC 49.295: [ParNew: 6971K->580K(7616K), 0.0011721 secs] 21227K->14835K(24732K), 0.0012525 secs] [Times: user=0.00 sys=0.00, real=0.00 secs] 
49.301: [GC 49.301: [ParNew: 7099K->585K(7616K), 0.0015088 secs] 21355K->14942K(24732K), 0.0015914 secs] [Times: user=0.00 sys=0.00, real=0.00 secs] 
49.306: [GC 49.306: [ParNew: 7101K->484K(7616K), 0.0015446 secs] 21458K->14890K(24732K), 0.0016267 secs] [Times: user=0.00 sys=0.00, real=0.00 secs] 
49.312: [GC 49.312: [ParNew: 6994K->845K(7616K), 0.0013456 secs] 21401K->15252K(24732K), 0.0014137 secs] [Times: user=0.01 sys=0.00, real=0.00 secs] 
49.317: [GC 49.317: [ParNew: 7299K->309K(7616K), 0.0012178 secs] 21706K->15152K(24732K), 0.0012826 secs] [Times: user=0.01 sys=0.01, real=0.00 secs] 
49.324: [GC 49.324: [ParNew: 6821K->339K(7616K), 0.0007763 secs] 21664K->15182K(24732K), 0.0008284 secs] [Times: user=0.00 sys=0.00, real=0.00 secs] 
49.329: [GC 49.329: [ParNew: 6848K->401K(7616K), 0.0009799 secs] 21691K->15244K(24732K), 0.0010523 secs] [Times: user=0.00 sys=0.00, real=0.00 secs] 
49.334: [GC 49.334: [ParNew: 6900K->765K(7616K), 0.0015443 secs] 21743K->15608K(24732K), 0.0016336 secs] [Times: user=0.00 sys=0.00, real=0.00 secs] 
49.340: [GC 49.340: [ParNew: 7259K->774K(7616K), 0.0013989 secs] 22102K->15877K(24732K), 0.0014721 secs] [Times: user=0.00 sys=0.00, real=0.00 secs] 
49.347: [GC 49.347: [ParNew: 7287K->1029K(7616K), 0.0014461 secs] 22389K->16363K(24732K), 0.0015182 secs] [Times: user=0.00 sys=0.00, real=0.01 secs] 
49.353: [GC 49.353: [ParNew: 7511K->145K(7616K), 0.0012518 secs] 22845K->16096K(24732K), 0.0013179 secs] [Times: user=0.00 sys=0.00, real=0.00 secs] 
49.359: [GC 49.360: [ParNew: 6639K->670K(7616K), 0.0010593 secs] 22589K->16621K(24732K), 0.0011232 secs] [Times: user=0.01 sys=0.00, real=0.00 secs] 
49.365: [GC 49.365: [ParNew: 7177K->345K(7616K), 0.0011139 secs] 23127K->16571K(24732K), 0.0011809 secs] [Times: user=0.00 sys=0.00, real=0.00 secs] 
49.370: [GC 49.370: [ParNew: 6859K->192K(7616K), 0.0007791 secs] 23085K->16418K(24732K), 0.0008266 secs] [Times: user=0.00 sys=0.00, real=0.00 secs] 
49.375: [GC 49.375: [ParNew: 6718K->451K(7616K), 0.0010221 secs] 22945K->16677K(24732K), 0.0010771 secs] [Times: user=0.00 sys=0.00, real=0.00 secs] 
49.380: [GC 49.380: [ParNew: 6973K->805K(7616K), 0.0012131 secs] 23199K->17031K(24732K), 0.0012797 secs] [Times: user=0.00 sys=0.00, real=0.00 secs] 
49.385: [GC 49.385: [ParNew: 7308K->501K(7616K), 0.0020210 secs] 23534K->17102K(24732K), 0.0020916 secs] [Times: user=0.00 sys=0.00, real=0.00 secs] 
49.393: [GC 49.393: [ParNew: 7011K->457K(7616K), 0.0008193 secs] 23611K->17057K(24732K), 0.0008751 secs] [Times: user=0.00 sys=0.00, real=0.00 secs] 
49.397: [GC 49.397: [ParNew: 6974K->337K(7616K), 0.0010014 secs] 23574K->16937K(24732K), 0.0010561 secs] [Times: user=0.01 sys=0.00, real=0.01 secs] 
49.403: [GC 49.403: [ParNew: 6836K->995K(7616K), 0.0017149 secs] 23437K->17596K(24732K), 0.0018036 secs] [Times: user=0.00 sys=0.00, real=0.00 secs] 
49.410: [GC 49.410: [ParNew: 7520K->316K(7616K), 0.0013194 secs]49.411: [Tenured: 17373K->8966K(17500K), 0.0711393 secs] 24121K->8966K(25116K), [Perm : 10707K->10707K(21248K)], 0.0727885 secs] [Times: user=0.07 sys=0.01, real=0.07 secs] 
49.487: [GC 49.487: [ParNew: 6461K->640K(7616K), 0.0013753 secs] 15427K->9606K(24732K), 0.0014513 secs] [Times: user=0.00 sys=0.00, real=0.01 secs] 
49.493: [GC 49.493: [ParNew: 7061K->84K(7616K), 0.0010839 secs] 16027K->9366K(24732K), 0.0011613 secs] [Times: user=0.00 sys=0.00, real=0.00 secs] 
49.499: [GC 49.499: [ParNew: 6543K->245K(7616K), 0.0007066 secs] 15825K->9527K(24732K), 0.0007546 secs] [Times: user=0.01 sys=0.00, real=0.00 secs] 
49.503: [GC 49.503: [ParNew: 6761K->211K(7616K), 0.0010785 secs] 16043K->9493K(24732K), 0.0011473 secs] [Times: user=0.00 sys=0.00, real=0.00 secs] 
49.512: [GC 49.512: [ParNew: 6701K->459K(7616K), 0.0009882 secs] 15983K->9740K(24732K), 0.0010627 secs] [Times: user=0.00 sys=0.00, real=0.00 secs] 
49.518: [GC 49.518: [ParNew: 6917K->469K(7616K), 0.0012898 secs] 16199K->9751K(24732K), 0.0013547 secs] [Times: user=0.00 sys=0.00, real=0.01 secs] 
49.523: [GC 49.523: [ParNew: 6947K->483K(7616K), 0.0010992 secs] 16229K->9765K(24732K), 0.0011613 secs] [Times: user=0.00 sys=0.00, real=0.00 secs] 
49.529: [GC 49.529: [ParNew: 7007K->549K(7616K), 0.0014091 secs] 16289K->9831K(24732K), 0.0014680 secs] [Times: user=0.00 sys=0.00, real=0.00 secs] 
49.535: [GC 49.535: [ParNew: 7055K->472K(7616K), 0.0011639 secs] 16337K->9800K(24732K), 0.0012219 secs] [Times: user=0.00 sys=0.00, real=0.00 secs] 
49.540: [GC 49.540: [ParNew: 6995K->548K(7616K), 0.0009969 secs] 16323K->9875K(24732K), 0.0010614 secs] [Times: user=0.00 sys=0.00, real=0.00 secs] 
49.546: [GC 49.546: [ParNew: 7069K->617K(7616K), 0.0018199 secs] 16397K->9945K(24732K), 0.0018956 secs] [Times: user=0.01 sys=0.00, real=0.00 secs] 
49.551: [GC 49.551: [ParNew: 7121K->654K(7616K), 0.0041912 secs] 16449K->10067K(24732K), 0.0042758 secs] [Times: user=0.01 sys=0.00, real=0.00 secs] 
49.560: [GC 49.560: [ParNew: 7128K->771K(7616K), 0.0012886 secs] 16541K->10348K(24732K), 0.0013587 secs] [Times: user=0.00 sys=0.00, real=0.00 secs] 
49.566: [GC 49.566: [ParNew: 7297K->572K(7616K), 0.0012400 secs] 16874K->10417K(24732K), 0.0013092 secs] [Times: user=0.00 sys=0.01, real=0.00 secs] 
49.571: [GC 49.571: [ParNew: 7088K->748K(7616K), 0.0012349 secs] 16933K->10662K(24732K), 0.0013027 secs] [Times: user=0.00 sys=0.00, real=0.00 secs] 
49.577: [GC 49.577: [ParNew: 7270K->416K(7616K), 0.0010886 secs] 17183K->10615K(24732K), 0.0011567 secs] [Times: user=0.00 sys=0.00, real=0.00 secs] 
49.582: [GC 49.582: [ParNew: 6904K->426K(7616K), 0.0008929 secs] 17103K->10625K(24732K), 0.0009495 secs] [Times: user=0.00 sys=0.00, real=0.00 secs] 
49.588: [GC 49.588: [ParNew: 6938K->696K(7616K), 0.0010146 secs] 17137K->10895K(24732K), 0.0010760 secs] [Times: user=0.00 sys=0.00, real=0.01 secs] 
49.594: [GC 49.594: [ParNew: 7220K->555K(7616K), 0.0011661 secs] 17419K->10930K(24732K), 0.0012292 secs] [Times: user=0.01 sys=0.00, real=0.00 secs] 
49.601: [GC 49.601: [ParNew: 7028K->681K(7616K), 0.0010469 secs] 17404K->11205K(24732K), 0.0011113 secs] [Times: user=0.01 sys=0.00, real=0.00 secs] 
49.607: [GC 49.607: [ParNew: 7209K->548K(7616K), 0.0013550 secs] 17733K->11212K(24732K), 0.0014385 secs] [Times: user=0.01 sys=0.00, real=0.00 secs] 
49.613: [GC 49.613: [ParNew: 7069K->661K(7616K), 0.0012160 secs] 17732K->11520K(24732K), 0.0013077 secs] [Times: user=0.00 sys=0.00, real=0.00 secs] 
49.618: [GC 49.618: [ParNew: 7152K->600K(7616K), 0.0012843 secs] 18011K->11677K(24732K), 0.0013698 secs] [Times: user=0.00 sys=0.00, real=0.01 secs] 
49.625: [GC 49.625: [ParNew: 7054K->392K(7616K), 0.0011272 secs] 18132K->11763K(24732K), 0.0012051 secs] [Times: user=0.00 sys=0.00, real=0.00 secs] 
49.630: [GC 49.630: [ParNew: 6891K->937K(7616K), 0.0013622 secs] 18262K->12309K(24732K), 0.0014353 secs] [Times: user=0.00 sys=0.00, real=0.00 secs] 
49.636: [GC 49.636: [ParNew: 7383K->399K(7616K), 0.0020629 secs] 18755K->12328K(24732K), 0.0021356 secs] [Times: user=0.00 sys=0.00, real=0.01 secs] 
49.643: [GC 49.643: [ParNew: 6904K->456K(7616K), 0.0009735 secs] 18833K->12384K(24732K), 0.0010478 secs] [Times: user=0.00 sys=0.00, real=0.00 secs] 
49.649: [GC 49.649: [ParNew: 6963K->712K(7616K), 0.0010785 secs] 18892K->12641K(24732K), 0.0011447 secs] [Times: user=0.00 sys=0.00, real=0.00 secs] 
49.654: [GC 49.654: [ParNew: 7211K->334K(7616K), 0.0010592 secs] 19140K->12514K(24732K), 0.0011214 secs] [Times: user=0.01 sys=0.00, real=0.00 secs] 
49.659: [GC 49.659: [ParNew: 6809K->542K(7616K), 0.0010457 secs] 18988K->12722K(24732K), 0.0011033 secs] [Times: user=0.00 sys=0.00, real=0.00 secs] 
49.664: [GC 49.664: [ParNew: 7048K->874K(7616K), 0.0012592 secs] 19227K->13053K(24732K), 0.0013272 secs] [Times: user=0.00 sys=0.00, real=0.00 secs] 
49.669: [GC 49.670: [ParNew: 7402K->550K(7616K), 0.0017071 secs] 19581K->13207K(24732K), 0.0017841 secs] [Times: user=0.00 sys=0.01, real=0.00 secs] 
49.675: [GC 49.675: [ParNew: 6974K->541K(7616K), 0.0013005 secs] 19631K->13456K(24732K), 0.0013667 secs] [Times: user=0.00 sys=0.00, real=0.00 secs] 
49.680: [GC 49.680: [ParNew: 7056K->754K(7616K), 0.0015086 secs] 19972K->13669K(24732K), 0.0015787 secs] [Times: user=0.00 sys=0.00, real=0.00 secs] 
49.686: [GC 49.686: [ParNew: 7237K->467K(7616K), 0.0016222 secs] 20153K->13595K(24732K), 0.0017401 secs] [Times: user=0.00 sys=0.00, real=0.00 secs] 
49.691: [GC 49.691: [ParNew: 6989K->632K(7616K), 0.0014401 secs] 20117K->13760K(24732K), 0.0015578 secs] [Times: user=0.01 sys=0.00, real=0.00 secs] 
49.698: [GC 49.698: [ParNew: 7160K->593K(7616K), 0.0011600 secs] 20288K->13886K(24732K), 0.0012426 secs] [Times: user=0.01 sys=0.00, real=0.01 secs] 
49.703: [GC 49.703: [ParNew: 7085K->426K(7616K), 0.0012804 secs] 20378K->13855K(24732K), 0.0013491 secs] [Times: user=0.00 sys=0.00, real=0.00 secs] 
49.709: [GC 49.709: [ParNew: 6946K->618K(7616K), 0.0013634 secs] 20375K->14047K(24732K), 0.0014489 secs] [Times: user=0.00 sys=0.00, real=0.00 secs] 
49.715: [GC 49.715: [ParNew: 7062K->827K(7616K), 0.0013350 secs] 20490K->14340K(24732K), 0.0014006 secs] [Times: user=0.00 sys=0.00, real=0.00 secs] 
49.721: [GC 49.721: [ParNew: 7341K->418K(7616K), 0.0013668 secs] 20854K->14312K(24732K), 0.0014341 secs] [Times: user=0.00 sys=0.00, real=0.00 secs] 
49.726: [GC 49.726: [ParNew: 6918K->474K(7616K), 0.0009962 secs] 20812K->14368K(24732K), 0.0010591 secs] [Times: user=0.00 sys=0.00, real=0.00 secs] 
49.731: [GC 49.731: [ParNew: 6883K->1033K(7616K), 0.0015170 secs] 20777K->14926K(24732K), 0.0015920 secs] [Times: user=0.00 sys=0.00, real=0.00 secs] 
49.738: [GC 49.738: [ParNew: 7528K->408K(7616K), 0.0018566 secs] 21421K->14895K(24732K), 0.0019454 secs] [Times: user=0.01 sys=0.00, real=0.01 secs] 
49.744: [GC 49.744: [ParNew: 6936K->354K(7616K), 0.0008359 secs] 21423K->14841K(24732K), 0.0008887 secs] [Times: user=0.01 sys=0.00, real=0.00 secs] 
49.749: [GC 49.749: [ParNew: 6854K->303K(7616K), 0.0008188 secs] 21341K->14790K(24732K), 0.0008690 secs] [Times: user=0.00 sys=0.00, real=0.00 secs] 
49.754: [GC 49.754: [ParNew: 6819K->823K(7616K), 0.0014502 secs] 21306K->15310K(24732K), 0.0015214 secs] [Times: user=0.00 sys=0.00, real=0.00 secs] 
49.760: [GC 49.760: [ParNew: 7346K->548K(7616K), 0.0014863 secs] 21833K->15342K(24732K), 0.0015569 secs] [Times: user=0.00 sys=0.00, real=0.00 secs] 
49.765: [GC 49.765: [ParNew: 6939K->835K(7616K), 0.0017615 secs] 21733K->16022K(24732K), 0.0018363 secs] [Times: user=0.00 sys=0.01, real=0.00 secs] 
49.772: [GC 49.772: [ParNew: 7363K->196K(7616K), 0.0012900 secs] 22550K->16134K(24732K), 0.0016181 secs] [Times: user=0.00 sys=0.00, real=0.00 secs] 
49.778: [GC 49.778: [ParNew: 6719K->496K(7616K), 0.0010306 secs] 22656K->16434K(24732K), 0.0010887 secs] [Times: user=0.00 sys=0.00, real=0.01 secs] 
49.783: [GC 49.783: [ParNew: 6987K->349K(7616K), 0.0010257 secs] 22924K->16286K(24732K), 0.0010821 secs] [Times: user=0.00 sys=0.00, real=0.00 secs] 
49.788: [GC 49.788: [ParNew: 6815K->350K(7616K), 0.0013337 secs] 22752K->16288K(24732K), 0.0014042 secs] [Times: user=0.01 sys=0.00, real=0.01 secs] 
49.794: [GC 49.794: [ParNew: 6868K->541K(7616K), 0.0009907 secs] 22806K->16479K(24732K), 0.0010501 secs] [Times: user=0.00 sys=0.00, real=0.00 secs] 
49.800: [GC 49.800: [ParNew: 7065K->995K(7616K), 0.0013416 secs] 23002K->16932K(24732K), 0.0014303 secs] [Times: user=0.00 sys=0.00, real=0.00 secs] 
49.805: [GC 49.805: [ParNew: 7505K->710K(7616K), 0.0017502 secs] 23443K->17109K(24732K), 0.0018255 secs] [Times: user=0.00 sys=0.00, real=0.00 secs] 
49.811: [GC 49.812: [ParNew: 7219K->243K(7616K), 0.0014989 secs] 23618K->17032K(24732K), 0.0015768 secs] [Times: user=0.00 sys=0.00, real=0.00 secs] 
49.817: [GC 49.817: [ParNew: 6762K->248K(7616K), 0.0011941 secs] 23550K->17036K(24732K), 0.0012681 secs] [Times: user=0.00 sys=0.00, real=0.01 secs] 
49.822: [GC 49.822: [ParNew: 6746K->711K(7616K), 0.0014878 secs] 23534K->17500K(24732K), 0.0015602 secs] [Times: user=0.00 sys=0.00, real=0.00 secs] 
49.828: [GC 49.828: [ParNew: 7210K->414K(7616K), 0.0012094 secs] 23999K->17397K(24732K), 0.0012756 secs] [Times: user=0.01 sys=0.00, real=0.01 secs] 
49.833: [GC 49.833: [ParNew: 6924K->803K(7616K), 0.0011839 secs] 23907K->17786K(24732K), 0.0012494 secs] [Times: user=0.01 sys=0.00, real=0.00 secs] 
49.840: [GC 49.840: [ParNew: 7245K->1036K(7616K), 0.0014058 secs]49.842: [Tenured: 17315K->9264K(17500K), 0.0738555 secs] 24228K->9264K(25116K), [Perm : 10707K->10707K(21248K)], 0.0755905 secs] [Times: user=0.08 sys=0.00, real=0.07 secs] 
49.920: [GC 49.921: [ParNew: 6514K->507K(7616K), 0.0010516 secs] 15778K->9771K(24732K), 0.0011341 secs] [Times: user=0.00 sys=0.00, real=0.00 secs] 
49.930: [GC 49.930: [ParNew: 7014K->409K(7616K), 0.0008949 secs] 16278K->9674K(24732K), 0.0009684 secs] [Times: user=0.00 sys=0.00, real=0.00 secs] 
49.935: [GC 49.935: [ParNew: 6925K->472K(7616K), 0.0021954 secs] 16190K->9736K(24732K), 0.0022653 secs] [Times: user=0.00 sys=0.00, real=0.00 secs] 
49.942: [GC 49.942: [ParNew: 6993K->425K(7616K), 0.0009457 secs] 16257K->9689K(24732K), 0.0010024 secs] [Times: user=0.00 sys=0.00, real=0.00 secs] 
49.947: [GC 49.947: [ParNew: 6945K->706K(7616K), 0.0013313 secs] 16210K->9971K(24732K), 0.0014021 secs] [Times: user=0.00 sys=0.00, real=0.00 secs] 
49.952: [GC 49.952: [ParNew: 7215K->575K(7616K), 0.0013391 secs] 16479K->10113K(24732K), 0.0014123 secs] [Times: user=0.00 sys=0.00, real=0.00 secs] 
49.958: [GC 49.958: [ParNew: 7091K->804K(7616K), 0.0016391 secs] 16628K->10432K(24732K), 0.0019088 secs] [Times: user=0.00 sys=0.00, real=0.01 secs] 
49.965: [GC 49.965: [ParNew: 7293K->955K(7616K), 0.0016601 secs] 16922K->10952K(24732K), 0.0017333 secs] [Times: user=0.01 sys=0.00, real=0.00 secs] 
49.971: [GC 49.972: [ParNew: 7474K->304K(7616K), 0.0011853 secs] 17472K->10871K(24732K), 0.0012532 secs] [Times: user=0.01 sys=0.00, real=0.00 secs] 
49.977: [GC 49.977: [ParNew: 6828K->330K(7616K), 0.0008834 secs] 17396K->10898K(24732K), 0.0009492 secs] [Times: user=0.01 sys=0.00, real=0.00 secs] 
49.982: [GC 49.982: [ParNew: 6858K->1068K(7616K), 0.0018738 secs] 17426K->12105K(24732K), 0.0019482 secs] [Times: user=0.00 sys=0.00, real=0.00 secs] 
49.989: [GC 49.989: [ParNew: 7550K->279K(7616K), 0.0014748 secs] 18588K->12226K(24732K), 0.0015417 secs] [Times: user=0.00 sys=0.00, real=0.00 secs] 
49.995: [GC 49.995: [ParNew: 6761K->378K(7616K), 0.0009606 secs] 18709K->12326K(24732K), 0.0010263 secs] [Times: user=0.00 sys=0.00, real=0.00 secs] 
49.999: [GC 50.000: [ParNew: 6895K->302K(7616K), 0.0008230 secs] 18842K->12250K(24732K), 0.0008741 secs] [Times: user=0.00 sys=0.00, real=0.00 secs] 
50.005: [GC 50.005: [ParNew: 6795K->703K(7616K), 0.0012899 secs] 18742K->12650K(24732K), 0.0013703 secs] [Times: user=0.00 sys=0.00, real=0.00 secs] 
50.011: [GC 50.011: [ParNew: 7202K->789K(7616K), 0.0014852 secs] 19149K->12955K(24732K), 0.0015618 secs] [Times: user=0.00 sys=0.00, real=0.00 secs] 
50.016: [GC 50.016: [ParNew: 7228K->626K(7616K), 0.0016872 secs] 19394K->13111K(24732K), 0.0017559 secs] [Times: user=0.01 sys=0.00, real=0.00 secs] 
50.023: [GC 50.023: [ParNew: 7103K->727K(7616K), 0.0013326 secs] 19588K->13522K(24732K), 0.0014162 secs] [Times: user=0.01 sys=0.00, real=0.00 secs] 
50.030: [GC 50.030: [ParNew: 7153K->451K(7616K), 0.0011735 secs] 19948K->13738K(24732K), 0.0012705 secs] [Times: user=0.00 sys=0.00, real=0.00 secs] 
50.035: [GC 50.035: [ParNew: 6966K->539K(7616K), 0.0010034 secs] 20253K->13826K(24732K), 0.0010704 secs] [Times: user=0.00 sys=0.00, real=0.00 secs] 
50.041: [GC 50.041: [ParNew: 7056K->493K(7616K), 0.0010238 secs] 20343K->13780K(24732K), 0.0010887 secs] [Times: user=0.00 sys=0.00, real=0.00 secs] 
50.046: [GC 50.046: [ParNew: 7012K->492K(7616K), 0.0008990 secs] 20299K->13779K(24732K), 0.0009575 secs] [Times: user=0.00 sys=0.00, real=0.00 secs] 
50.051: [GC 50.051: [ParNew: 6988K->990K(7616K), 0.0012578 secs] 20275K->14277K(24732K), 0.0013282 secs] [Times: user=0.00 sys=0.00, real=0.00 secs] 
50.058: [GC 50.058: [ParNew: 7514K->199K(7616K), 0.0013945 secs] 20801K->14345K(24732K), 0.0014711 secs] [Times: user=0.01 sys=0.00, real=0.01 secs] 
50.063: [GC 50.063: [ParNew: 6726K->457K(7616K), 0.0011139 secs] 20872K->14603K(24732K), 0.0011741 secs] [Times: user=0.01 sys=0.00, real=0.00 secs] 
50.068: [GC 50.068: [ParNew: 6952K->419K(7616K), 0.0009615 secs] 21099K->14565K(24732K), 0.0010216 secs] [Times: user=0.00 sys=0.00, real=0.01 secs] 
50.073: [GC 50.073: [ParNew: 6882K->619K(7616K), 0.0010965 secs] 21028K->14765K(24732K), 0.0011762 secs] [Times: user=0.00 sys=0.00, real=0.00 secs] 
50.078: [GC 50.078: [ParNew: 7112K->1026K(7616K), 0.0023355 secs] 21258K->15720K(24732K), 0.0024120 secs] [Times: user=0.00 sys=0.00, real=0.01 secs] 
50.086: [GC 50.086: [ParNew: 7550K->424K(7616K), 0.0020309 secs] 22245K->15558K(24732K), 0.0021496 secs] [Times: user=0.00 sys=0.00, real=0.00 secs] 
50.093: [GC 50.093: [ParNew: 6905K->956K(7616K), 0.0013295 secs] 22039K->16090K(24732K), 0.0013983 secs] [Times: user=0.00 sys=0.00, real=0.00 secs] 
50.099: [GC 50.100: [ParNew: 7470K->311K(7616K), 0.0015374 secs] 22604K->16083K(24732K), 0.0016279 secs] [Times: user=0.00 sys=0.00, real=0.00 secs] 
50.105: [GC 50.105: [ParNew: 6796K->398K(7616K), 0.0010090 secs] 22568K->16170K(24732K), 0.0010623 secs] [Times: user=0.00 sys=0.00, real=0.00 secs] 
50.110: [GC 50.110: [ParNew: 6869K->338K(7616K), 0.0014454 secs] 22641K->16110K(24732K), 0.0015380 secs] [Times: user=0.01 sys=0.00, real=0.00 secs] 
50.115: [GC 50.115: [ParNew: 6811K->507K(7616K), 0.0010685 secs] 22583K->16279K(24732K), 0.0011259 secs] [Times: user=0.00 sys=0.00, real=0.00 secs] 
50.120: [GC 50.120: [ParNew: 7021K->1031K(7616K), 0.0016562 secs] 22793K->16888K(24732K), 0.0019542 secs] [Times: user=0.00 sys=0.00, real=0.00 secs] 
50.126: [GC 50.126: [ParNew: 7503K->763K(7616K), 0.0018858 secs] 23360K->17464K(24732K), 0.0019755 secs] [Times: user=0.00 sys=0.00, real=0.01 secs] 
50.138: [GC 50.138: [ParNew: 7291K->863K(7616K), 0.0018396 secs] 23991K->17798K(24732K), 0.0019090 secs] [Times: user=0.01 sys=0.00, real=0.01 secs] 
50.144: [GC 50.145: [ParNew: 7356K->171K(7616K), 0.0014528 secs]50.146: [Tenured: 17479K->9062K(17500K), 0.0716009 secs] 24290K->9062K(25116K), [Perm : 10707K->10707K(21248K)], 0.0733892 secs] [Times: user=0.08 sys=0.00, real=0.07 secs] 
50.224: [GC 50.224: [ParNew: 6527K->635K(7616K), 0.0010177 secs] 15590K->9697K(24732K), 0.0010789 secs] [Times: user=0.00 sys=0.00, real=0.00 secs] 
50.229: [GC 50.229: [ParNew: 7132K->200K(7616K), 0.0010918 secs] 16195K->9485K(24732K), 0.0011573 secs] [Times: user=0.00 sys=0.00, real=0.00 secs] 
50.235: [GC 50.235: [ParNew: 6712K->219K(7616K), 0.0007903 secs] 15998K->9505K(24732K), 0.0008391 secs] [Times: user=0.00 sys=0.00, real=0.00 secs] 
50.241: [GC 50.241: [ParNew: 6745K->678K(7616K), 0.0010010 secs] 16030K->9964K(24732K), 0.0010637 secs] [Times: user=0.00 sys=0.00, real=0.00 secs] 
50.246: [GC 50.246: [ParNew: 7193K->410K(7616K), 0.0012981 secs] 16479K->9814K(24732K), 0.0013679 secs] [Times: user=0.00 sys=0.00, real=0.00 secs] 
50.251: [GC 50.251: [ParNew: 6903K->793K(7616K), 0.0013995 secs] 16307K->10197K(24732K), 0.0014649 secs] [Times: user=0.01 sys=0.01, real=0.00 secs] 
50.257: [GC 50.257: [ParNew: 7298K->419K(7616K), 0.0012120 secs] 16702K->10164K(24732K), 0.0012818 secs] [Times: user=0.00 sys=0.00, real=0.01 secs] 
50.267: [GC 50.267: [ParNew: 6936K->1058K(7616K), 0.0016182 secs] 16681K->11184K(24732K), 0.0017086 secs] [Times: user=0.01 sys=0.00, real=0.01 secs] 
50.274: [GC 50.274: [ParNew: 7580K->409K(7616K), 0.0016198 secs] 17706K->11526K(24732K), 0.0016962 secs] [Times: user=0.01 sys=0.00, real=0.00 secs] 
50.280: [GC 50.280: [ParNew: 6934K->412K(7616K), 0.0009395 secs] 18051K->11530K(24732K), 0.0009937 secs] [Times: user=0.01 sys=0.00, real=0.00 secs] 
50.286: [GC 50.286: [ParNew: 6940K->671K(7616K), 0.0015181 secs] 18058K->11789K(24732K), 0.0018202 secs] [Times: user=0.01 sys=0.00, real=0.00 secs] 
50.291: [GC 50.291: [ParNew: 7085K->402K(7616K), 0.0012361 secs] 18203K->11851K(24732K), 0.0013033 secs] [Times: user=0.00 sys=0.00, real=0.00 secs] 
50.299: [GC 50.299: [ParNew: 6916K->766K(7616K), 0.0015685 secs] 18365K->12215K(24732K), 0.0016404 secs] [Times: user=0.00 sys=0.00, real=0.00 secs] 
50.308: [GC 50.308: [ParNew: 7294K->500K(7616K), 0.0010426 secs] 18743K->12213K(24732K), 0.0011063 secs] [Times: user=0.00 sys=0.00, real=0.01 secs] 
50.314: [GC 50.314: [ParNew: 7011K->799K(7616K), 0.0010518 secs] 18724K->12512K(24732K), 0.0011324 secs] [Times: user=0.00 sys=0.00, real=0.00 secs] 
50.319: [GC 50.320: [ParNew: 7302K->548K(7616K), 0.0013614 secs] 19015K->12608K(24732K), 0.0014683 secs] [Times: user=0.00 sys=0.00, real=0.00 secs] 
50.328: [GC 50.328: [ParNew: 7073K->581K(7616K), 0.0017920 secs] 19133K->12911K(24732K), 0.0018824 secs] [Times: user=0.00 sys=0.00, real=0.01 secs] 
50.336: [GC 50.336: [ParNew: 7077K->461K(7616K), 0.0010112 secs] 19406K->12881K(24732K), 0.0010844 secs] [Times: user=0.00 sys=0.00, real=0.00 secs] 
50.343: [GC 50.343: [ParNew: 6974K->494K(7616K), 0.0009072 secs] 19394K->12914K(24732K), 0.0009645 secs] [Times: user=0.00 sys=0.00, real=0.00 secs] 
50.348: [GC 50.348: [ParNew: 7010K->563K(7616K), 0.0011450 secs] 19429K->12983K(24732K), 0.0012125 secs] [Times: user=0.00 sys=0.00, real=0.00 secs] 
50.355: [GC 50.355: [ParNew: 7071K->256K(7616K), 0.0009497 secs] 19490K->12946K(24732K), 0.0010110 secs] [Times: user=0.01 sys=0.00, real=0.00 secs] 
50.359: [GC 50.359: [ParNew: 6764K->255K(7616K), 0.0009378 secs] 19454K->12944K(24732K), 0.0009960 secs] [Times: user=0.00 sys=0.00, real=0.00 secs] 
50.368: [GC 50.368: [ParNew: 6783K->786K(7616K), 0.0011248 secs] 19472K->13476K(24732K), 0.0011888 secs] [Times: user=0.00 sys=0.00, real=0.01 secs] 
50.376: [GC 50.376: [ParNew: 7310K->41K(7616K), 0.0017209 secs] 19999K->13515K(24732K), 0.0017939 secs] [Times: user=0.00 sys=0.00, real=0.00 secs] 
50.382: [GC 50.382: [ParNew: 6561K->211K(7616K), 0.0007583 secs] 20035K->13685K(24732K), 0.0008082 secs] [Times: user=0.00 sys=0.00, real=0.00 secs] 
50.389: [GC 50.389: [ParNew: 6729K->646K(7616K), 0.0013823 secs] 20203K->14120K(24732K), 0.0014496 secs] [Times: user=0.00 sys=0.00, real=0.00 secs] 
50.395: [GC 50.395: [ParNew: 7099K->214K(7616K), 0.0012053 secs] 20574K->14183K(24732K), 0.0012709 secs] [Times: user=0.00 sys=0.00, real=0.00 secs] 
50.404: [GC 50.404: [ParNew: 6729K->455K(7616K), 0.0008611 secs] 20699K->14424K(24732K), 0.0009310 secs] [Times: user=0.00 sys=0.00, real=0.00 secs] 
50.417: [GC 50.417: [ParNew: 6983K->595K(7616K), 0.0010385 secs] 20952K->14564K(24732K), 0.0010964 secs] [Times: user=0.01 sys=0.00, real=0.01 secs] 
50.423: [GC 50.423: [ParNew: 7117K->594K(7616K), 0.0011095 secs] 21087K->14643K(24732K), 0.0011949 secs] [Times: user=0.01 sys=0.00, real=0.00 secs] 
50.428: [GC 50.428: [ParNew: 7084K->907K(7616K), 0.0022207 secs] 21133K->15115K(24732K), 0.0023328 secs] [Times: user=0.01 sys=0.00, real=0.01 secs] 
50.435: [GC 50.435: [ParNew: 7427K->812K(7616K), 0.0019652 secs] 21635K->15441K(24732K), 0.0020584 secs] [Times: user=0.00 sys=0.00, real=0.00 secs] 
50.441: [GC 50.441: [ParNew: 7284K->647K(7616K), 0.0014326 secs] 21914K->15433K(24732K), 0.0015202 secs] [Times: user=0.00 sys=0.00, real=0.00 secs] 
50.448: [GC 50.448: [ParNew: 7144K->478K(7616K), 0.0012216 secs] 21930K->15662K(24732K), 0.0013029 secs] [Times: user=0.00 sys=0.00, real=0.01 secs] 
50.453: [GC 50.453: [ParNew: 6964K->592K(7616K), 0.0010362 secs] 22147K->15776K(24732K), 0.0011006 secs] [Times: user=0.00 sys=0.00, real=0.00 secs] 
50.458: [GC 50.458: [ParNew: 7048K->671K(7616K), 0.0013987 secs] 22232K->15855K(24732K), 0.0014759 secs] [Times: user=0.00 sys=0.00, real=0.01 secs] 
50.463: [GC 50.464: [ParNew: 7194K->407K(7616K), 0.0011222 secs] 22377K->15838K(24732K), 0.0011828 secs] [Times: user=0.00 sys=0.01, real=0.00 secs] 
50.469: [GC 50.469: [ParNew: 6903K->687K(7616K), 0.0011522 secs] 22334K->16117K(24732K), 0.0012179 secs] [Times: user=0.01 sys=0.00, real=0.00 secs] 
50.474: [GC 50.474: [ParNew: 7168K->516K(7616K), 0.0013012 secs] 22598K->16095K(24732K), 0.0014277 secs] [Times: user=0.01 sys=0.00, real=0.00 secs] 
50.479: [GC 50.479: [ParNew: 6995K->825K(7616K), 0.0011978 secs] 22574K->16404K(24732K), 0.0012659 secs] [Times: user=0.00 sys=0.00, real=0.00 secs] 
50.485: [GC 50.485: [ParNew: 7350K->432K(7616K), 0.0012595 secs] 22929K->16352K(24732K), 0.0013278 secs] [Times: user=0.00 sys=0.00, real=0.00 secs] 
50.491: [GC 50.491: [ParNew: 6951K->479K(7616K), 0.0012401 secs] 22870K->16399K(24732K), 0.0013048 secs] [Times: user=0.00 sys=0.00, real=0.00 secs] 
50.496: [GC 50.496: [ParNew: 7000K->840K(7616K), 0.0012756 secs] 22920K->16760K(24732K), 0.0013459 secs] [Times: user=0.00 sys=0.00, real=0.00 secs] 
50.502: [GC 50.502: [ParNew: 7349K->436K(7616K), 0.0012877 secs] 23269K->16688K(24732K), 0.0013581 secs] [Times: user=0.00 sys=0.00, real=0.00 secs] 
50.507: [GC 50.507: [ParNew: 6944K->451K(7616K), 0.0010128 secs] 23195K->16702K(24732K), 0.0010780 secs] [Times: user=0.00 sys=0.00, real=0.00 secs] 
50.512: [GC 50.512: [ParNew: 6934K->654K(7616K), 0.0011357 secs] 23185K->16906K(24732K), 0.0012009 secs] [Times: user=0.00 sys=0.00, real=0.00 secs] 
50.518: [GC 50.518: [ParNew: 7178K->603K(7616K), 0.0014478 secs] 23429K->16987K(24732K), 0.0015282 secs] [Times: user=0.01 sys=0.00, real=0.01 secs] 
50.523: [GC 50.523: [ParNew: 7119K->373K(7616K), 0.0012032 secs] 23503K->16930K(24732K), 0.0012681 secs] [Times: user=0.00 sys=0.00, real=0.00 secs] 
50.528: [GC 50.528: [ParNew: 6894K->588K(7616K), 0.0016782 secs] 23451K->17145K(24732K), 0.0017621 secs] [Times: user=0.00 sys=0.00, real=0.01 secs] 
50.535: [GC 50.535: [ParNew: 7100K->863K(7616K), 0.0013228 secs] 23657K->17498K(24732K), 0.0014043 secs] [Times: user=0.00 sys=0.00, real=0.00 secs] 
50.542: [GC 50.542: [ParNew: 7348K->534K(7616K), 0.0014033 secs] 23982K->17531K(24732K), 0.0015096 secs] [Times: user=0.00 sys=0.00, real=0.00 secs] 
50.548: [GC 50.548: [ParNew: 7020K->718K(7616K), 0.0012223 secs] 24017K->17715K(24732K), 0.0012974 secs] [Times: user=0.00 sys=0.00, real=0.01 secs] 
50.554: [GC 50.554: [ParNew: 7221K->687K(7616K), 0.0014048 secs]50.556: [Tenured: 17196K->7937K(17308K), 0.0713561 secs] 24219K->7937K(24924K), [Perm : 10707K->10707K(21248K)], 0.0730200 secs] [Times: user=0.08 sys=0.01, real=0.07 secs] 
50.632: [GC 50.632: [ParNew: 6520K->449K(7616K), 0.0008383 secs] 14457K->8386K(24732K), 0.0009512 secs] [Times: user=0.01 sys=0.00, real=0.00 secs] 
50.638: [GC 50.638: [ParNew: 6968K->388K(7616K), 0.0011952 secs] 14906K->8326K(24732K), 0.0013274 secs] [Times: user=0.00 sys=0.00, real=0.01 secs] 
50.644: [GC 50.644: [ParNew: 6895K->778K(7616K), 0.0015158 secs] 14832K->8716K(24732K), 0.0016146 secs] [Times: user=0.00 sys=0.00, real=0.00 secs] 
50.651: [GC 50.651: [ParNew: 7262K->416K(7616K), 0.0010675 secs] 15200K->8603K(24732K), 0.0011513 secs] [Times: user=0.00 sys=0.00, real=0.00 secs] 
50.656: [GC 50.656: [ParNew: 6871K->963K(7616K), 0.0016385 secs] 15057K->9150K(24732K), 0.0017104 secs] [Times: user=0.00 sys=0.00, real=0.00 secs] 
50.661: [GC 50.662: [ParNew: 7471K->236K(7616K), 0.0014541 secs] 15658K->9113K(24732K), 0.0015237 secs] [Times: user=0.00 sys=0.00, real=0.00 secs] 
50.667: [GC 50.667: [ParNew: 6753K->199K(7616K), 0.0007885 secs] 15630K->9077K(24732K), 0.0008484 secs] [Times: user=0.01 sys=0.00, real=0.00 secs] 
50.672: [GC 50.672: [ParNew: 6681K->590K(7616K), 0.0010776 secs] 15558K->9468K(24732K), 0.0011376 secs] [Times: user=0.00 sys=0.00, real=0.00 secs] 
50.677: [GC 50.677: [ParNew: 7018K->930K(7616K), 0.0013634 secs] 15896K->9890K(24732K), 0.0014332 secs] [Times: user=0.00 sys=0.00, real=0.00 secs] 
50.684: [GC 50.684: [ParNew: 7436K->778K(7616K), 0.0014251 secs] 16396K->10164K(24732K), 0.0015016 secs] [Times: user=0.00 sys=0.00, real=0.00 secs] 
50.690: [GC 50.690: [ParNew: 7304K->535K(7616K), 0.0014450 secs] 16691K->10393K(24732K), 0.0015138 secs] [Times: user=0.00 sys=0.00, real=0.00 secs] 
50.695: [GC 50.696: [ParNew: 7050K->664K(7616K), 0.0010408 secs] 16909K->10523K(24732K), 0.0011033 secs] [Times: user=0.00 sys=0.00, real=0.00 secs] 
50.702: [GC 50.702: [ParNew: 7175K->614K(7616K), 0.0013214 secs] 17034K->10619K(24732K), 0.0014040 secs] [Times: user=0.00 sys=0.00, real=0.00 secs] 
50.707: [GC 50.707: [ParNew: 7115K->277K(7616K), 0.0009673 secs] 17121K->10516K(24732K), 0.0010243 secs] [Times: user=0.00 sys=0.00, real=0.00 secs] 
50.712: [GC 50.712: [ParNew: 6774K->532K(7616K), 0.0009210 secs] 17013K->10772K(24732K), 0.0009911 secs] [Times: user=0.01 sys=0.00, real=0.00 secs] 
50.717: [GC 50.717: [ParNew: 7060K->602K(7616K), 0.0010840 secs] 17299K->10841K(24732K), 0.0011459 secs] [Times: user=0.00 sys=0.00, real=0.00 secs] 
50.722: [GC 50.722: [ParNew: 7097K->747K(7616K), 0.0013592 secs] 17336K->10986K(24732K), 0.0014359 secs] [Times: user=0.00 sys=0.00, real=0.00 secs] 
50.728: [GC 50.728: [ParNew: 7241K->344K(7616K), 0.0010338 secs] 17480K->10792K(24732K), 0.0010916 secs] [Times: user=0.00 sys=0.00, real=0.01 secs] 
50.733: [GC 50.733: [ParNew: 6865K->586K(7616K), 0.0011706 secs] 17312K->11033K(24732K), 0.0012434 secs] [Times: user=0.00 sys=0.00, real=0.00 secs] 
50.739: [GC 50.739: [ParNew: 7030K->833K(7616K), 0.0015796 secs] 17478K->11327K(24732K), 0.0016576 secs] [Times: user=0.00 sys=0.00, real=0.00 secs] 
50.745: [GC 50.745: [ParNew: 7301K->673K(7616K), 0.0017834 secs] 17795K->11750K(24732K), 0.0018693 secs] [Times: user=0.01 sys=0.00, real=0.00 secs] 
50.754: [GC 50.754: [ParNew: 7192K->507K(7616K), 0.0013680 secs] 18270K->12040K(24732K), 0.0014527 secs] [Times: user=0.01 sys=0.00, real=0.00 secs] 
50.760: [GC 50.760: [ParNew: 7002K->673K(7616K), 0.0013839 secs] 18535K->12206K(24732K), 0.0014477 secs] [Times: user=0.01 sys=0.00, real=0.00 secs] 
50.766: [GC 50.766: [ParNew: 7180K->377K(7616K), 0.0013297 secs] 18712K->12385K(24732K), 0.0014251 secs] [Times: user=0.00 sys=0.00, real=0.00 secs] 
50.772: [GC 50.772: [ParNew: 6889K->413K(7616K), 0.0011586 secs] 18897K->12421K(24732K), 0.0012204 secs] [Times: user=0.00 sys=0.00, real=0.00 secs] 
50.778: [GC 50.778: [ParNew: 6924K->569K(7616K), 0.0012549 secs] 18932K->12577K(24732K), 0.0013392 secs] [Times: user=0.00 sys=0.00, real=0.01 secs] 
50.784: [GC 50.784: [ParNew: 7027K->913K(7616K), 0.0013972 secs] 19035K->13084K(24732K), 0.0015338 secs] [Times: user=0.00 sys=0.00, real=0.00 secs] 
50.790: [GC 50.790: [ParNew: 7409K->115K(7616K), 0.0012697 secs] 19581K->13058K(24732K), 0.0013350 secs] [Times: user=0.00 sys=0.00, real=0.00 secs] 
50.797: [GC 50.797: [ParNew: 6631K->364K(7616K), 0.0007454 secs] 19574K->13307K(24732K), 0.0007945 secs] [Times: user=0.00 sys=0.00, real=0.00 secs] 
50.801: [GC 50.801: [ParNew: 6851K->332K(7616K), 0.0008877 secs] 19794K->13275K(24732K), 0.0009406 secs] [Times: user=0.00 sys=0.00, real=0.00 secs] 
50.806: [GC 50.806: [ParNew: 6843K->336K(7616K), 0.0012697 secs] 19785K->13279K(24732K), 0.0013329 secs] [Times: user=0.00 sys=0.01, real=0.00 secs] 
50.813: [GC 50.813: [ParNew: 6855K->733K(7616K), 0.0011482 secs] 19798K->13676K(24732K), 0.0012323 secs] [Times: user=0.00 sys=0.00, real=0.00 secs] 
50.819: [GC 50.819: [ParNew: 7253K->404K(7616K), 0.0010440 secs] 20196K->13564K(24732K), 0.0011067 secs] [Times: user=0.00 sys=0.00, real=0.00 secs] 
50.825: [GC 50.826: [ParNew: 6908K->414K(7616K), 0.0010685 secs] 20068K->13573K(24732K), 0.0011353 secs] [Times: user=0.00 sys=0.00, real=0.00 secs] 
50.831: [GC 50.831: [ParNew: 6933K->759K(7616K), 0.0012189 secs] 20093K->13918K(24732K), 0.0012860 secs] [Times: user=0.00 sys=0.00, real=0.00 secs] 
50.837: [GC 50.837: [ParNew: 7279K->423K(7616K), 0.0016344 secs] 20439K->13836K(24732K), 0.0017178 secs] [Times: user=0.00 sys=0.00, real=0.01 secs] 
50.843: [GC 50.843: [ParNew: 6951K->818K(7616K), 0.0011036 secs] 20364K->14231K(24732K), 0.0011681 secs] [Times: user=0.00 sys=0.00, real=0.00 secs] 
50.849: [GC 50.849: [ParNew: 7323K->575K(7616K), 0.0013767 secs] 20736K->14275K(24732K), 0.0014609 secs] [Times: user=0.01 sys=0.00, real=0.00 secs] 
50.856: [GC 50.856: [ParNew: 7033K->974K(7616K), 0.0014451 secs] 20732K->14740K(24732K), 0.0015435 secs] [Times: user=0.01 sys=0.00, real=0.00 secs] 
50.861: [GC 50.862: [ParNew: 7475K->561K(7616K), 0.0018473 secs] 21242K->14720K(24732K), 0.0019212 secs] [Times: user=0.00 sys=0.00, real=0.00 secs] 
50.868: [GC 50.868: [ParNew: 7077K->225K(7616K), 0.0009439 secs] 21236K->14683K(24732K), 0.0010025 secs] [Times: user=0.00 sys=0.00, real=0.01 secs] 
50.873: [GC 50.873: [ParNew: 6713K->898K(7616K), 0.0013747 secs] 21171K->15356K(24732K), 0.0014496 secs] [Times: user=0.00 sys=0.00, real=0.00 secs] 
50.879: [GC 50.880: [ParNew: 7402K->490K(7616K), 0.0012809 secs] 21859K->15525K(24732K), 0.0013686 secs] [Times: user=0.00 sys=0.00, real=0.00 secs] 
50.885: [GC 50.885: [ParNew: 6997K->619K(7616K), 0.0012647 secs] 22031K->15653K(24732K), 0.0013406 secs] [Times: user=0.00 sys=0.00, real=0.00 secs] 
50.891: [GC 50.891: [ParNew: 7129K->541K(7616K), 0.0014142 secs] 22163K->15895K(24732K), 0.0014968 secs] [Times: user=0.00 sys=0.00, real=0.00 secs] 
50.897: [GC 50.897: [ParNew: 6967K->778K(7616K), 0.0022018 secs] 22321K->16132K(24732K), 0.0022741 secs] [Times: user=0.01 sys=0.00, real=0.01 secs] 
50.904: [GC 50.904: [ParNew: 7275K->722K(7616K), 0.0014078 secs] 22629K->16270K(24732K), 0.0014811 secs] [Times: user=0.01 sys=0.00, real=0.00 secs] 
50.911: [GC 50.911: [ParNew: 7219K->1058K(7616K), 0.0018549 secs] 22768K->16988K(24732K), 0.0019276 secs] [Times: user=0.00 sys=0.00, real=0.00 secs] 
50.917: [GC 50.917: [ParNew: 7568K->409K(7616K), 0.0013815 secs] 23498K->17075K(24732K), 0.0014609 secs] [Times: user=0.00 sys=0.00, real=0.01 secs] 
50.924: [GC 50.924: [ParNew: 6852K->708K(7616K), 0.0010536 secs] 23517K->17373K(24732K), 0.0011161 secs] [Times: user=0.00 sys=0.00, real=0.00 secs] 
50.930: [GC 50.930: [ParNew: 7222K->674K(7616K), 0.0011779 secs] 23887K->17616K(24732K), 0.0012570 secs] [Times: user=0.00 sys=0.00, real=0.00 secs] 
50.936: [GC 50.936: [ParNew: 7200K->485K(7616K), 0.0013909 secs] 24141K->17563K(24732K), 0.0014640 secs] [Times: user=0.00 sys=0.00, real=0.00 secs] 
50.942: [GC 50.942: [ParNew: 6995K->590K(7616K), 0.0012726 secs] 24073K->17668K(24732K), 0.0013503 secs] [Times: user=0.00 sys=0.00, real=0.00 secs] 
50.948: [GC 50.948: [ParNew: 7097K->524K(7616K), 0.0011118 secs]50.949: [Tenured: 17196K->9029K(17308K), 0.0716916 secs] 24174K->9029K(24924K), [Perm : 10707K->10707K(21248K)], 0.0730335 secs] [Times: user=0.08 sys=0.00, real=0.08 secs] 
51.026: [GC 51.026: [ParNew: 6478K->748K(7616K), 0.0010337 secs] 15507K->9778K(24732K), 0.0011506 secs] [Times: user=0.01 sys=0.00, real=0.00 secs] 
51.033: [GC 51.033: [ParNew: 7273K->553K(7616K), 0.0012351 secs] 16303K->9980K(24732K), 0.0013203 secs] [Times: user=0.00 sys=0.00, real=0.00 secs] 
51.038: [GC 51.038: [ParNew: 7002K->252K(7616K), 0.0015219 secs] 16429K->9825K(24732K), 0.0015912 secs] [Times: user=0.00 sys=0.00, real=0.01 secs] 
51.044: [GC 51.044: [ParNew: 6776K->377K(7616K), 0.0010365 secs] 16349K->9951K(24732K), 0.0011038 secs] [Times: user=0.00 sys=0.00, real=0.00 secs] 
51.052: [GC 51.052: [ParNew: 6877K->675K(7616K), 0.0013584 secs] 16450K->10249K(24732K), 0.0014579 secs] [Times: user=0.00 sys=0.00, real=0.00 secs] 
51.057: [GC 51.057: [ParNew: 7104K->403K(7616K), 0.0010984 secs] 16677K->10141K(24732K), 0.0011586 secs] [Times: user=0.00 sys=0.00, real=0.01 secs] 
51.063: [GC 51.063: [ParNew: 6870K->491K(7616K), 0.0009086 secs] 16609K->10230K(24732K), 0.0009629 secs] [Times: user=0.00 sys=0.01, real=0.00 secs] 
51.071: [GC 51.071: [ParNew: 6966K->493K(7616K), 0.0013545 secs] 16704K->10232K(24732K), 0.0014468 secs] [Times: user=0.01 sys=0.00, real=0.00 secs] 
51.078: [GC 51.078: [ParNew: 7005K->504K(7616K), 0.0011177 secs] 16743K->10243K(24732K), 0.0011786 secs] [Times: user=0.01 sys=0.00, real=0.01 secs] 
51.083: [GC 51.083: [ParNew: 7025K->500K(7616K), 0.0010853 secs] 16764K->10239K(24732K), 0.0011454 secs] [Times: user=0.01 sys=0.00, real=0.00 secs] 
51.089: [GC 51.089: [ParNew: 7026K->939K(7616K), 0.0014773 secs] 16765K->10677K(24732K), 0.0015441 secs] [Times: user=0.00 sys=0.00, real=0.00 secs] 
51.097: [GC 51.097: [ParNew: 7463K->702K(7616K), 0.0016079 secs] 17201K->10858K(24732K), 0.0016824 secs] [Times: user=0.01 sys=0.00, real=0.01 secs] 
51.104: [GC 51.104: [ParNew: 7211K->580K(7616K), 0.0012031 secs] 17367K->11002K(24732K), 0.0012697 secs] [Times: user=0.00 sys=0.00, real=0.00 secs] 
51.109: [GC 51.109: [ParNew: 7091K->710K(7616K), 0.0011619 secs] 17514K->11257K(24732K), 0.0012262 secs] [Times: user=0.00 sys=0.00, real=0.00 secs] 
51.115: [GC 51.115: [ParNew: 7237K->429K(7616K), 0.0013158 secs] 17784K->11340K(24732K), 0.0013848 secs] [Times: user=0.00 sys=0.00, real=0.00 secs] 
51.122: [GC 51.122: [ParNew: 6912K->705K(7616K), 0.0011458 secs] 17823K->11616K(24732K), 0.0012334 secs] [Times: user=0.00 sys=0.00, real=0.00 secs] 
51.127: [GC 51.127: [ParNew: 7196K->87K(7616K), 0.0012649 secs] 18107K->11601K(24732K), 0.0013338 secs] [Times: user=0.00 sys=0.00, real=0.00 secs] 
51.133: [GC 51.133: [ParNew: 6597K->431K(7616K), 0.0012532 secs] 18111K->11945K(24732K), 0.0013198 secs] [Times: user=0.00 sys=0.00, real=0.00 secs] 
51.138: [GC 51.138: [ParNew: 6957K->577K(7616K), 0.0015880 secs] 18471K->12091K(24732K), 0.0016581 secs] [Times: user=0.00 sys=0.00, real=0.01 secs] 
51.148: [GC 51.148: [ParNew: 7101K->405K(7616K), 0.0013881 secs] 18615K->12276K(24732K), 0.0014996 secs] [Times: user=0.01 sys=0.00, real=0.01 secs] 
51.156: [GC 51.156: [ParNew: 6933K->415K(7616K), 0.0008479 secs] 18804K->12285K(24732K), 0.0009025 secs] [Times: user=0.01 sys=0.00, real=0.00 secs] 
51.162: [GC 51.162: [ParNew: 6914K->1065K(7616K), 0.0015312 secs] 18784K->13140K(24732K), 0.0016024 secs] [Times: user=0.01 sys=0.00, real=0.00 secs] 
51.167: [GC 51.168: [ParNew: 7517K->449K(7616K), 0.0016897 secs] 19591K->13462K(24732K), 0.0017866 secs] [Times: user=0.01 sys=0.01, real=0.01 secs] 
51.173: [GC 51.173: [ParNew: 6959K->817K(7616K), 0.0013911 secs] 19972K->13830K(24732K), 0.0014608 secs] [Times: user=0.00 sys=0.00, real=0.00 secs] 
51.180: [GC 51.181: [ParNew: 7334K->449K(7616K), 0.0012248 secs] 20347K->13868K(24732K), 0.0013030 secs] [Times: user=0.00 sys=0.00, real=0.00 secs] 
51.187: [GC 51.187: [ParNew: 6948K->539K(7616K), 0.0014600 secs] 20368K->13958K(24732K), 0.0015429 secs] [Times: user=0.00 sys=0.00, real=0.01 secs] 
51.193: [GC 51.193: [ParNew: 7066K->796K(7616K), 0.0012575 secs] 20485K->14215K(24732K), 0.0013213 secs] [Times: user=0.00 sys=0.00, real=0.00 secs] 
51.199: [GC 51.199: [ParNew: 7324K->791K(7616K), 0.0013266 secs] 20743K->14341K(24732K), 0.0013964 secs] [Times: user=0.00 sys=0.00, real=0.00 secs] 
51.206: [GC 51.206: [ParNew: 7291K->810K(7616K), 0.0013849 secs] 20841K->14563K(24732K), 0.0014566 secs] [Times: user=0.00 sys=0.00, real=0.00 secs] 
51.211: [GC 51.212: [ParNew: 7335K->736K(7616K), 0.0021527 secs] 21088K->14990K(24732K), 0.0022274 secs] [Times: user=0.00 sys=0.00, real=0.00 secs] 
51.218: [GC 51.218: [ParNew: 7259K->515K(7616K), 0.0012538 secs] 21513K->14989K(24732K), 0.0013205 secs] [Times: user=0.00 sys=0.00, real=0.01 secs] 
51.223: [GC 51.223: [ParNew: 7007K->427K(7616K), 0.0009318 secs] 21482K->14902K(24732K), 0.0009863 secs] [Times: user=0.00 sys=0.00, real=0.00 secs] 
51.228: [GC 51.228: [ParNew: 6932K->523K(7616K), 0.0011366 secs] 21406K->14997K(24732K), 0.0011962 secs] [Times: user=0.00 sys=0.00, real=0.01 secs] 
51.233: [GC 51.233: [ParNew: 7029K->510K(7616K), 0.0011871 secs] 21503K->14985K(24732K), 0.0012678 secs] [Times: user=0.01 sys=0.00, real=0.00 secs] 
51.239: [GC 51.239: [ParNew: 7034K->865K(7616K), 0.0011596 secs] 21508K->15339K(24732K), 0.0012578 secs] [Times: user=0.00 sys=0.00, real=0.00 secs] 
51.248: [GC 51.248: [ParNew: 7364K->751K(7616K), 0.0014771 secs] 21838K->15434K(24732K), 0.0015503 secs] [Times: user=0.01 sys=0.00, real=0.01 secs] 
51.254: [GC 51.254: [ParNew: 7229K->486K(7616K), 0.0017497 secs] 21911K->15506K(24732K), 0.0018301 secs] [Times: user=0.00 sys=0.00, real=0.00 secs] 
51.263: [GC 51.263: [ParNew: 6991K->286K(7616K), 0.0008860 secs] 22011K->15306K(24732K), 0.0009509 secs] [Times: user=0.00 sys=0.00, real=0.00 secs] 
51.268: [GC 51.268: [ParNew: 6812K->310K(7616K), 0.0009381 secs] 21833K->15331K(24732K), 0.0009941 secs] [Times: user=0.00 sys=0.00, real=0.01 secs] 
51.276: [GC 51.276: [ParNew: 6834K->285K(7616K), 0.0010152 secs] 21854K->15305K(24732K), 0.0010831 secs] [Times: user=0.00 sys=0.00, real=0.00 secs] 
51.282: [GC 51.282: [ParNew: 6813K->301K(7616K), 0.0012733 secs] 21833K->15321K(24732K), 0.0013281 secs] [Times: user=0.00 sys=0.00, real=0.00 secs] 
51.288: [GC 51.288: [ParNew: 6814K->665K(7616K), 0.0016534 secs] 21835K->15685K(24732K), 0.0017313 secs] [Times: user=0.00 sys=0.00, real=0.01 secs] 
51.294: [GC 51.294: [ParNew: 7191K->530K(7616K), 0.0016335 secs] 22211K->15686K(24732K), 0.0017303 secs] [Times: user=0.00 sys=0.00, real=0.00 secs] 
51.300: [GC 51.300: [ParNew: 7044K->715K(7616K), 0.0012721 secs] 22199K->15871K(24732K), 0.0013330 secs] [Times: user=0.00 sys=0.00, real=0.00 secs] 
51.305: [GC 51.305: [ParNew: 7242K->384K(7616K), 0.0014873 secs] 22398K->15840K(24732K), 0.0015587 secs] [Times: user=0.00 sys=0.00, real=0.00 secs] 
51.311: [GC 51.311: [ParNew: 6877K->646K(7616K), 0.0011562 secs] 22334K->16103K(24732K), 0.0012325 secs] [Times: user=0.00 sys=0.00, real=0.00 secs] 
51.316: [GC 51.316: [ParNew: 7171K->404K(7616K), 0.0011062 secs] 22627K->16045K(24732K), 0.0011696 secs] [Times: user=0.00 sys=0.00, real=0.00 secs] 
51.321: [GC 51.321: [ParNew: 6920K->649K(7616K), 0.0010738 secs] 22561K->16290K(24732K), 0.0011358 secs] [Times: user=0.01 sys=0.00, real=0.00 secs] 
51.326: [GC 51.326: [ParNew: 7174K->679K(7616K), 0.0011896 secs] 22815K->16505K(24732K), 0.0012649 secs] [Times: user=0.00 sys=0.00, real=0.00 secs] 
51.332: [GC 51.332: [ParNew: 7184K->413K(7616K), 0.0011293 secs] 23011K->16416K(24732K), 0.0011890 secs] [Times: user=0.00 sys=0.00, real=0.00 secs] 
51.337: [GC 51.337: [ParNew: 6938K->393K(7616K), 0.0021384 secs] 22941K->16396K(24732K), 0.0022277 secs] [Times: user=0.00 sys=0.00, real=0.01 secs] 
51.343: [GC 51.343: [ParNew: 6904K->397K(7616K), 0.0009424 secs] 22907K->16400K(24732K), 0.0009977 secs] [Times: user=0.00 sys=0.00, real=0.00 secs] 
51.348: [GC 51.348: [ParNew: 6859K->1003K(7616K), 0.0015036 secs] 22861K->17006K(24732K), 0.0015926 secs] [Times: user=0.00 sys=0.00, real=0.01 secs] 
51.355: [GC 51.355: [ParNew: 7529K->178K(7616K), 0.0014298 secs] 23531K->16903K(24732K), 0.0015298 secs] [Times: user=0.01 sys=0.00, real=0.00 secs] 
51.362: [GC 51.362: [ParNew: 6693K->434K(7616K), 0.0008355 secs] 23419K->17159K(24732K), 0.0008929 secs] [Times: user=0.01 sys=0.00, real=0.00 secs] 
51.368: [GC 51.369: [ParNew: 6935K->704K(7616K), 0.0010868 secs] 23660K->17430K(24732K), 0.0011493 secs] [Times: user=0.00 sys=0.00, real=0.00 secs] 
51.374: [GC 51.374: [ParNew: 7215K->462K(7616K), 0.0012621 secs] 23940K->17439K(24732K), 0.0013268 secs] [Times: user=0.00 sys=0.00, real=0.00 secs] 
51.380: [GC 51.380: [ParNew: 6981K->617K(7616K), 0.0010086 secs] 23958K->17594K(24732K), 0.0010714 secs] [Times: user=0.00 sys=0.00, real=0.00 secs] 
51.385: [GC 51.385: [ParNew: 7115K->612K(7616K), 0.0018231 secs] 24092K->17711K(24732K), 0.0018956 secs] [Times: user=0.00 sys=0.00, real=0.00 secs] 
51.392: [GC 51.392: [ParNew: 7115K->568K(7616K), 0.0013562 secs]51.393: [Tenured: 17267K->8914K(17308K), 0.0717906 secs] 24214K->8914K(24924K), [Perm : 10707K->10707K(21248K)], 0.0733846 secs] [Times: user=0.07 sys=0.00, real=0.07 secs] 
51.469: [GC 51.469: [ParNew: 6514K->377K(7616K), 0.0008671 secs] 15429K->9292K(24732K), 0.0009270 secs] [Times: user=0.00 sys=0.00, real=0.00 secs] 
51.474: [GC 51.474: [ParNew: 6887K->800K(7616K), 0.0011926 secs] 15801K->9715K(24732K), 0.0012667 secs] [Times: user=0.01 sys=0.00, real=0.00 secs] 
51.479: [GC 51.479: [ParNew: 7324K->798K(7616K), 0.0017803 secs] 16239K->10031K(24732K), 0.0018548 secs] [Times: user=0.01 sys=0.00, real=0.00 secs] 
51.485: [GC 51.485: [ParNew: 7309K->606K(7616K), 0.0019869 secs] 16543K->10278K(24732K), 0.0020657 secs] [Times: user=0.01 sys=0.00, real=0.00 secs] 
51.491: [GC 51.491: [ParNew: 7134K->717K(7616K), 0.0015359 secs] 16805K->10538K(24732K), 0.0016035 secs] [Times: user=0.00 sys=0.00, real=0.00 secs] 
51.497: [GC 51.497: [ParNew: 7236K->695K(7616K), 0.0013266 secs] 17057K->10739K(24732K), 0.0013962 secs] [Times: user=0.00 sys=0.00, real=0.00 secs] 
51.503: [GC 51.503: [ParNew: 7210K->377K(7616K), 0.0013283 secs] 17254K->10716K(24732K), 0.0013948 secs] [Times: user=0.00 sys=0.00, real=0.00 secs] 
51.508: [GC 51.508: [ParNew: 6805K->460K(7616K), 0.0009396 secs] 17144K->10798K(24732K), 0.0009934 secs] [Times: user=0.00 sys=0.00, real=0.01 secs] 
51.513: [GC 51.513: [ParNew: 6951K->448K(7616K), 0.0008497 secs] 17289K->10786K(24732K), 0.0009048 secs] [Times: user=0.00 sys=0.00, real=0.00 secs] 
51.518: [GC 51.518: [ParNew: 6924K->334K(7616K), 0.0008387 secs] 17263K->10672K(24732K), 0.0008898 secs] [Times: user=0.01 sys=0.01, real=0.01 secs] 
51.523: [GC 51.523: [ParNew: 6853K->670K(7616K), 0.0009833 secs] 17191K->11009K(24732K), 0.0010621 secs] [Times: user=0.00 sys=0.00, real=0.00 secs] 
51.528: [GC 51.528: [ParNew: 7186K->482K(7616K), 0.0011217 secs] 17524K->11013K(24732K), 0.0011854 secs] [Times: user=0.00 sys=0.00, real=0.01 secs] 
51.534: [GC 51.534: [ParNew: 6980K->656K(7616K), 0.0010662 secs] 17511K->11188K(24732K), 0.0011304 secs] [Times: user=0.00 sys=0.00, real=0.00 secs] 
51.540: [GC 51.540: [ParNew: 7175K->885K(7616K), 0.0013273 secs] 17706K->11607K(24732K), 0.0013970 secs] [Times: user=0.00 sys=0.00, real=0.00 secs] 
51.546: [GC 51.546: [ParNew: 7383K->545K(7616K), 0.0011760 secs] 18105K->11533K(24732K), 0.0012398 secs] [Times: user=0.00 sys=0.00, real=0.00 secs] 
51.551: [GC 51.551: [ParNew: 7032K->751K(7616K), 0.0012942 secs] 18020K->11739K(24732K), 0.0013731 secs] [Times: user=0.01 sys=0.00, real=0.00 secs] 
51.557: [GC 51.557: [ParNew: 7260K->791K(7616K), 0.0014826 secs] 18249K->12037K(24732K), 0.0015653 secs] [Times: user=0.01 sys=0.00, real=0.01 secs] 
51.563: [GC 51.563: [ParNew: 7289K->377K(7616K), 0.0014433 secs] 18535K->11905K(24732K), 0.0015087 secs] [Times: user=0.00 sys=0.00, real=0.00 secs] 
51.568: [GC 51.568: [ParNew: 6897K->384K(7616K), 0.0009233 secs] 18425K->11913K(24732K), 0.0009816 secs] [Times: user=0.00 sys=0.00, real=0.01 secs] 
51.574: [GC 51.574: [ParNew: 6911K->585K(7616K), 0.0010044 secs] 18440K->12113K(24732K), 0.0010669 secs] [Times: user=0.00 sys=0.00, real=0.00 secs] 
51.579: [GC 51.579: [ParNew: 7061K->408K(7616K), 0.0011099 secs] 18590K->12064K(24732K), 0.0012121 secs] [Times: user=0.00 sys=0.00, real=0.00 secs] 
51.584: [GC 51.584: [ParNew: 6864K->660K(7616K), 0.0014648 secs] 18519K->12316K(24732K), 0.0015350 secs] [Times: user=0.00 sys=0.00, real=0.00 secs] 
51.591: [GC 51.591: [ParNew: 7157K->780K(7616K), 0.0012499 secs] 18812K->12643K(24732K), 0.0013178 secs] [Times: user=0.01 sys=0.00, real=0.00 secs] 
51.597: [GC 51.597: [ParNew: 7292K->496K(7616K), 0.0035264 secs] 19154K->12691K(24732K), 0.0036163 secs] [Times: user=0.01 sys=0.00, real=0.01 secs] 
51.605: [GC 51.605: [ParNew: 7014K->638K(7616K), 0.0010648 secs] 19209K->12833K(24732K), 0.0011230 secs] [Times: user=0.01 sys=0.00, real=0.00 secs] 
51.611: [GC 51.612: [ParNew: 7114K->523K(7616K), 0.0012157 secs] 19309K->12850K(24732K), 0.0012806 secs] [Times: user=0.01 sys=0.01, real=0.00 secs] 
51.618: [GC 51.618: [ParNew: 7051K->535K(7616K), 0.0011270 secs] 19378K->12862K(24732K), 0.0011820 secs] [Times: user=0.01 sys=0.00, real=0.01 secs] 
51.626: [GC 51.626: [ParNew: 7044K->1086K(7616K), 0.0015295 secs] 19372K->13618K(24732K), 0.0016021 secs] [Times: user=0.01 sys=0.00, real=0.00 secs] 
51.632: [GC 51.632: [ParNew: 7564K->466K(7616K), 0.0014747 secs] 20096K->13734K(24732K), 0.0015460 secs] [Times: user=0.01 sys=0.00, real=0.00 secs] 
51.639: [GC 51.639: [ParNew: 6956K->945K(7616K), 0.0016426 secs] 20224K->14213K(24732K), 0.0017183 secs] [Times: user=0.00 sys=0.00, real=0.00 secs] 
51.645: [GC 51.645: [ParNew: 7462K->798K(7616K), 0.0016346 secs] 20731K->14464K(24732K), 0.0017065 secs] [Times: user=0.00 sys=0.00, real=0.00 secs] 
51.652: [GC 51.652: [ParNew: 7326K->421K(7616K), 0.0013040 secs] 20992K->14505K(24732K), 0.0013852 secs] [Times: user=0.00 sys=0.00, real=0.00 secs] 
51.659: [GC 51.659: [ParNew: 6863K->653K(7616K), 0.0011555 secs] 20948K->14737K(24732K), 0.0012325 secs] [Times: user=0.00 sys=0.00, real=0.00 secs] 
51.665: [GC 51.665: [ParNew: 7137K->669K(7616K), 0.0014423 secs] 21221K->14861K(24732K), 0.0015120 secs] [Times: user=0.00 sys=0.00, real=0.00 secs] 
51.670: [GC 51.671: [ParNew: 7194K->767K(7616K), 0.0014178 secs] 21385K->15078K(24732K), 0.0014853 secs] [Times: user=0.00 sys=0.00, real=0.00 secs] 
51.676: [GC 51.676: [ParNew: 7258K->397K(7616K), 0.0011249 secs] 21569K->14937K(24732K), 0.0011975 secs] [Times: user=0.00 sys=0.00, real=0.00 secs] 
51.681: [GC 51.681: [ParNew: 6818K->800K(7616K), 0.0013565 secs] 21358K->15340K(24732K), 0.0014236 secs] [Times: user=0.00 sys=0.00, real=0.00 secs] 
51.689: [GC 51.689: [ParNew: 7274K->753K(7616K), 0.0014151 secs] 21814K->15626K(24732K), 0.0014831 secs] [Times: user=0.00 sys=0.00, real=0.00 secs] 
51.695: [GC 51.695: [ParNew: 7278K->276K(7616K), 0.0011249 secs] 22152K->15493K(24732K), 0.0011943 secs] [Times: user=0.01 sys=0.00, real=0.00 secs] 
51.700: [GC 51.700: [ParNew: 6759K->545K(7616K), 0.0012617 secs] 21977K->15763K(24732K), 0.0013245 secs] [Times: user=0.01 sys=0.00, real=0.00 secs] 
51.706: [GC 51.706: [ParNew: 7060K->823K(7616K), 0.0012585 secs] 22278K->16106K(24732K), 0.0013294 secs] [Times: user=0.00 sys=0.00, real=0.00 secs] 
51.712: [GC 51.712: [ParNew: 7328K->546K(7616K), 0.0012686 secs] 22612K->16116K(24732K), 0.0013485 secs] [Times: user=0.00 sys=0.00, real=0.00 secs] 
51.719: [GC 51.719: [ParNew: 6998K->347K(7616K), 0.0008395 secs] 22567K->15916K(24732K), 0.0009075 secs] [Times: user=0.00 sys=0.00, real=0.00 secs] 
51.723: [GC 51.724: [ParNew: 6857K->287K(7616K), 0.0011195 secs] 22426K->15857K(24732K), 0.0011774 secs] [Times: user=0.00 sys=0.00, real=0.00 secs] 
51.728: [GC 51.728: [ParNew: 6742K->689K(7616K), 0.0012015 secs] 22311K->16259K(24732K), 0.0012678 secs] [Times: user=0.00 sys=0.00, real=0.01 secs] 
51.733: [GC 51.733: [ParNew: 7196K->587K(7616K), 0.0013051 secs] 22766K->16364K(24732K), 0.0013746 secs] [Times: user=0.01 sys=0.00, real=0.00 secs] 
51.740: [GC 51.741: [ParNew: 7031K->272K(7616K), 0.0011626 secs] 22808K->16364K(24732K), 0.0012373 secs] [Times: user=0.00 sys=0.00, real=0.00 secs] 
51.746: [GC 51.746: [ParNew: 6789K->651K(7616K), 0.0010115 secs] 22881K->16743K(24732K), 0.0011393 secs] [Times: user=0.00 sys=0.00, real=0.00 secs] 
51.751: [GC 51.751: [ParNew: 7119K->548K(7616K), 0.0015741 secs] 23211K->16725K(24732K), 0.0016523 secs] [Times: user=0.00 sys=0.00, real=0.00 secs] 
51.757: [GC 51.757: [ParNew: 7064K->336K(7616K), 0.0011775 secs] 23241K->16827K(24732K), 0.0012568 secs] [Times: user=0.00 sys=0.00, real=0.00 secs] 
51.766: [GC 51.766: [ParNew: 6860K->876K(7616K), 0.0018090 secs] 23351K->17367K(24732K), 0.0019048 secs] [Times: user=0.00 sys=0.00, real=0.00 secs] 
51.772: [GC 51.772: [ParNew: 7404K->279K(7616K), 0.0013300 secs]51.774: [Tenured: 17165K->8658K(17308K), 0.0711542 secs] 23895K->8658K(24924K), [Perm : 10707K->10707K(21248K)], 0.0727697 secs] [Times: user=0.08 sys=0.00, real=0.07 secs] 
51.850: [GC 51.850: [ParNew: 6504K->700K(7616K), 0.0009968 secs] 15163K->9358K(24732K), 0.0010627 secs] [Times: user=0.00 sys=0.00, real=0.00 secs] 
51.857: [GC 51.857: [ParNew: 7213K->399K(7616K), 0.0014173 secs] 15872K->9695K(24732K), 0.0015058 secs] [Times: user=0.00 sys=0.00, real=0.00 secs] 
51.862: [GC 51.862: [ParNew: 6911K->524K(7616K), 0.0009337 secs] 16206K->9819K(24732K), 0.0009902 secs] [Times: user=0.00 sys=0.00, real=0.00 secs] 
51.868: [GC 51.868: [ParNew: 7014K->499K(7616K), 0.0013615 secs] 16309K->9794K(24732K), 0.0014350 secs] [Times: user=0.00 sys=0.00, real=0.01 secs] 
51.874: [GC 51.874: [ParNew: 7027K->835K(7616K), 0.0014185 secs] 16322K->10130K(24732K), 0.0014859 secs] [Times: user=0.00 sys=0.00, real=0.00 secs] 
51.881: [GC 51.881: [ParNew: 7284K->740K(7616K), 0.0012238 secs] 16579K->10399K(24732K), 0.0012950 secs] [Times: user=0.00 sys=0.00, real=0.00 secs] 
51.886: [GC 51.886: [ParNew: 7208K->165K(7616K), 0.0024290 secs] 16868K->10427K(24732K), 0.0025137 secs] [Times: user=0.00 sys=0.00, real=0.01 secs] 
51.894: [GC 51.894: [ParNew: 6621K->489K(7616K), 0.0011700 secs] 16883K->10751K(24732K), 0.0012392 secs] [Times: user=0.01 sys=0.00, real=0.00 secs] 
51.899: [GC 51.899: [ParNew: 6963K->573K(7616K), 0.0009755 secs] 17224K->10834K(24732K), 0.0010340 secs] [Times: user=0.00 sys=0.00, real=0.00 secs] 
51.904: [GC 51.904: [ParNew: 7056K->1057K(7616K), 0.0013764 secs] 17318K->11400K(24732K), 0.0014443 secs] [Times: user=0.00 sys=0.00, real=0.00 secs] 
51.910: [GC 51.910: [ParNew: 7565K->198K(7616K), 0.0015982 secs] 17909K->11301K(24732K), 0.0017323 secs] [Times: user=0.00 sys=0.00, real=0.00 secs] 
51.916: [GC 51.916: [ParNew: 6694K->606K(7616K), 0.0011453 secs] 17797K->11709K(24732K), 0.0012185 secs] [Times: user=0.00 sys=0.00, real=0.00 secs] 
51.921: [GC 51.921: [ParNew: 7116K->766K(7616K), 0.0014539 secs] 18219K->11949K(24732K), 0.0015201 secs] [Times: user=0.00 sys=0.00, real=0.00 secs] 
51.929: [GC 51.929: [ParNew: 7248K->522K(7616K), 0.0012924 secs] 18432K->12109K(24732K), 0.0013994 secs] [Times: user=0.00 sys=0.00, real=0.00 secs] 
51.936: [GC 51.936: [ParNew: 7050K->605K(7616K), 0.0020323 secs] 18637K->12193K(24732K), 0.0021033 secs] [Times: user=0.00 sys=0.00, real=0.00 secs] 
51.942: [GC 51.942: [ParNew: 7104K->644K(7616K), 0.0015736 secs] 18692K->12466K(24732K), 0.0016835 secs] [Times: user=0.00 sys=0.00, real=0.00 secs] 
51.949: [GC 51.949: [ParNew: 7128K->853K(7616K), 0.0014738 secs] 18950K->13024K(24732K), 0.0015660 secs] [Times: user=0.01 sys=0.01, real=0.00 secs] 
51.954: [GC 51.954: [ParNew: 7364K->110K(7616K), 0.0013948 secs] 19535K->12997K(24732K), 0.0014709 secs] [Times: user=0.01 sys=0.00, real=0.00 secs] 
51.962: [GC 51.962: [ParNew: 6602K->323K(7616K), 0.0007564 secs] 19489K->13211K(24732K), 0.0008247 secs] [Times: user=0.00 sys=0.00, real=0.00 secs] 
51.968: [GC 51.968: [ParNew: 6851K->408K(7616K), 0.0014931 secs] 19739K->13296K(24732K), 0.0015794 secs] [Times: user=0.00 sys=0.00, real=0.01 secs] 
51.975: [GC 51.975: [ParNew: 6925K->618K(7616K), 0.0014764 secs] 19812K->13506K(24732K), 0.0015691 secs] [Times: user=0.00 sys=0.00, real=0.00 secs] 
51.980: [GC 51.980: [ParNew: 7086K->809K(7616K), 0.0012148 secs] 19974K->13773K(24732K), 0.0012802 secs] [Times: user=0.00 sys=0.00, real=0.00 secs] 
51.987: [GC 51.987: [ParNew: 7336K->471K(7616K), 0.0019604 secs] 20300K->13788K(24732K), 0.0020463 secs] [Times: user=0.00 sys=0.00, real=0.01 secs] 
51.993: [GC 51.993: [ParNew: 6971K->577K(7616K), 0.0011258 secs] 20288K->13895K(24732K), 0.0011933 secs] [Times: user=0.00 sys=0.00, real=0.00 secs] 
51.998: [GC 51.998: [ParNew: 7037K->126K(7616K), 0.0010279 secs] 20354K->13734K(24732K), 0.0010911 secs] [Times: user=0.01 sys=0.00, real=0.01 secs] 
52.004: [GC 52.004: [ParNew: 6646K->699K(7616K), 0.0009850 secs] 20255K->14308K(24732K), 0.0010463 secs] [Times: user=0.00 sys=0.00, real=0.00 secs] 
52.009: [GC 52.009: [ParNew: 7226K->168K(7616K), 0.0011468 secs] 20835K->14312K(24732K), 0.0012123 secs] [Times: user=0.00 sys=0.00, real=0.00 secs] 
52.016: [GC 52.016: [ParNew: 6657K->465K(7616K), 0.0008580 secs] 20801K->14609K(24732K), 0.0009073 secs] [Times: user=0.00 sys=0.00, real=0.00 secs] 
52.021: [GC 52.021: [ParNew: 6984K->483K(7616K), 0.0010465 secs] 21128K->14627K(24732K), 0.0011007 secs] [Times: user=0.00 sys=0.00, real=0.00 secs] 
52.026: [GC 52.026: [ParNew: 6997K->735K(7616K), 0.0013197 secs] 21141K->14879K(24732K), 0.0013866 secs] [Times: user=0.00 sys=0.00, real=0.00 secs] 
52.032: [GC 52.032: [ParNew: 7241K->760K(7616K), 0.0015405 secs] 21385K->15302K(24732K), 0.0016271 secs] [Times: user=0.00 sys=0.00, real=0.00 secs] 
52.039: [GC 52.040: [ParNew: 7287K->887K(7616K), 0.0012216 secs] 21829K->15662K(24732K), 0.0013064 secs] [Times: user=0.00 sys=0.00, real=0.00 secs] 
52.046: [GC 52.046: [ParNew: 7411K->199K(7616K), 0.0011746 secs] 22187K->15757K(24732K), 0.0012421 secs] [Times: user=0.00 sys=0.00, real=0.00 secs] 
52.051: [GC 52.051: [ParNew: 6719K->546K(7616K), 0.0013712 secs] 22277K->16104K(24732K), 0.0014277 secs] [Times: user=0.00 sys=0.00, real=0.00 secs] 
52.057: [GC 52.057: [ParNew: 7019K->764K(7616K), 0.0018198 secs] 22577K->16471K(24732K), 0.0018927 secs] [Times: user=0.01 sys=0.01, real=0.01 secs] 
52.063: [GC 52.063: [ParNew: 7240K->621K(7616K), 0.0017615 secs] 22947K->16926K(24732K), 0.0018406 secs] [Times: user=0.00 sys=0.00, real=0.00 secs] 
52.069: [GC 52.069: [ParNew: 7083K->471K(7616K), 0.0015079 secs] 23388K->17349K(24732K), 0.0015826 secs] [Times: user=0.00 sys=0.00, real=0.00 secs] 
52.080: [GC 52.080: [ParNew: 6999K->720K(7616K), 0.0011736 secs] 23877K->17598K(24732K), 0.0012510 secs] [Times: user=0.00 sys=0.00, real=0.00 secs] 
52.086: [GC 52.086: [ParNew: 7212K->380K(7616K), 0.0009827 secs]52.088: [Tenured: 17125K->8321K(17308K), 0.0719678 secs] 24090K->8321K(24924K), [Perm : 10707K->10707K(21248K)], 0.0731881 secs] [Times: user=0.07 sys=0.00, real=0.08 secs] 
52.165: [GC 52.165: [ParNew: 6496K->754K(7616K), 0.0014657 secs] 14818K->9076K(24732K), 0.0015494 secs] [Times: user=0.00 sys=0.00, real=0.00 secs] 
52.171: [GC 52.172: [ParNew: 7241K->486K(7616K), 0.0013413 secs] 15563K->9490K(24732K), 0.0014281 secs] [Times: user=0.00 sys=0.00, real=0.00 secs] 
52.180: [GC 52.181: [ParNew: 6991K->813K(7616K), 0.0012559 secs] 15995K->9818K(24732K), 0.0013221 secs] [Times: user=0.00 sys=0.00, real=0.00 secs] 
52.186: [GC 52.186: [ParNew: 7326K->491K(7616K), 0.0014207 secs] 16330K->9953K(24732K), 0.0014985 secs] [Times: user=0.00 sys=0.00, real=0.00 secs] 
52.193: [GC 52.193: [ParNew: 7019K->503K(7616K), 0.0010720 secs] 16481K->9965K(24732K), 0.0011355 secs] [Times: user=0.00 sys=0.00, real=0.00 secs] 
52.199: [GC 52.199: [ParNew: 6948K->453K(7616K), 0.0009450 secs] 16410K->9915K(24732K), 0.0010087 secs] [Times: user=0.00 sys=0.00, real=0.00 secs] 
52.204: [GC 52.205: [ParNew: 6981K->559K(7616K), 0.0010224 secs] 16443K->10021K(24732K), 0.0010830 secs] [Times: user=0.01 sys=0.00, real=0.00 secs] 
52.210: [GC 52.210: [ParNew: 7051K->540K(7616K), 0.0012923 secs] 16513K->10243K(24732K), 0.0013592 secs] [Times: user=0.01 sys=0.00, real=0.00 secs] 
52.215: [GC 52.216: [ParNew: 7049K->559K(7616K), 0.0016698 secs] 16752K->10262K(24732K), 0.0017603 secs] [Times: user=0.01 sys=0.00, real=0.00 secs] 
52.221: [GC 52.221: [ParNew: 7064K->500K(7616K), 0.0011928 secs] 16768K->10346K(24732K), 0.0012635 secs] [Times: user=0.00 sys=0.01, real=0.00 secs] 
52.227: [GC 52.227: [ParNew: 7019K->805K(7616K), 0.0012176 secs] 16865K->10650K(24732K), 0.0012846 secs] [Times: user=0.00 sys=0.00, real=0.00 secs] 
52.232: [GC 52.232: [ParNew: 7275K->686K(7616K), 0.0012864 secs] 17121K->10747K(24732K), 0.0013603 secs] [Times: user=0.00 sys=0.00, real=0.00 secs] 
52.239: [GC 52.239: [ParNew: 7212K->472K(7616K), 0.0015539 secs] 17272K->10703K(24732K), 0.0016276 secs] [Times: user=0.00 sys=0.00, real=0.00 secs] 
52.244: [GC 52.244: [ParNew: 6969K->612K(7616K), 0.0010190 secs] 17200K->10843K(24732K), 0.0010819 secs] [Times: user=0.00 sys=0.00, real=0.00 secs] 
52.254: [GC 52.254: [ParNew: 7114K->624K(7616K), 0.0011517 secs] 17345K->11091K(24732K), 0.0012304 secs] [Times: user=0.00 sys=0.00, real=0.00 secs] 
52.259: [GC 52.260: [ParNew: 7141K->870K(7616K), 0.0013359 secs] 17609K->11428K(24732K), 0.0015031 secs] [Times: user=0.00 sys=0.00, real=0.00 secs] 
52.265: [GC 52.266: [ParNew: 7398K->475K(7616K), 0.0014002 secs] 17956K->11287K(24732K), 0.0014744 secs] [Times: user=0.01 sys=0.00, real=0.00 secs] 
52.273: [GC 52.273: [ParNew: 7003K->956K(7616K), 0.0013240 secs] 17815K->11929K(24732K), 0.0014082 secs] [Times: user=0.00 sys=0.00, real=0.00 secs] 
52.279: [GC 52.279: [ParNew: 7484K->145K(7616K), 0.0013488 secs] 18457K->12041K(24732K), 0.0014200 secs] [Times: user=0.01 sys=0.00, real=0.00 secs] 
52.285: [GC 52.285: [ParNew: 6658K->708K(7616K), 0.0011397 secs] 18554K->12605K(24732K), 0.0012053 secs] [Times: user=0.01 sys=0.00, real=0.00 secs] 
52.291: [GC 52.291: [ParNew: 7211K->155K(7616K), 0.0011640 secs] 19108K->12643K(24732K), 0.0012320 secs] [Times: user=0.01 sys=0.00, real=0.00 secs] 
52.298: [GC 52.298: [ParNew: 6618K->809K(7616K), 0.0010313 secs] 19106K->13297K(24732K), 0.0011073 secs] [Times: user=0.00 sys=0.00, real=0.01 secs] 
52.303: [GC 52.303: [ParNew: 7313K->201K(7616K), 0.0014698 secs] 19801K->13491K(24732K), 0.0015431 secs] [Times: user=0.00 sys=0.00, real=0.00 secs] 
52.309: [GC 52.309: [ParNew: 6704K->618K(7616K), 0.0010530 secs] 19994K->13908K(24732K), 0.0011128 secs] [Times: user=0.00 sys=0.00, real=0.00 secs] 
52.314: [GC 52.314: [ParNew: 7117K->851K(7616K), 0.0013854 secs] 20407K->14307K(24732K), 0.0014548 secs] [Times: user=0.00 sys=0.00, real=0.00 secs] 
52.324: [GC 52.324: [ParNew: 7331K->1022K(7616K), 0.0020659 secs] 20787K->14996K(24732K), 0.0021425 secs] [Times: user=0.00 sys=0.01, real=0.00 secs] 
52.331: [GC 52.331: [ParNew: 7525K->369K(7616K), 0.0015697 secs] 21499K->15120K(24732K), 0.0016626 secs] [Times: user=0.00 sys=0.00, real=0.00 secs] 
52.340: [GC 52.340: [ParNew: 6889K->755K(7616K), 0.0017944 secs] 21640K->15506K(24732K), 0.0018658 secs] [Times: user=0.00 sys=0.00, real=0.00 secs] 
52.347: [GC 52.347: [ParNew: 7246K->948K(7616K), 0.0017775 secs] 21997K->15988K(24732K), 0.0018594 secs] [Times: user=0.00 sys=0.00, real=0.01 secs] 
52.355: [GC 52.355: [ParNew: 7453K->887K(7616K), 0.0014948 secs] 22493K->16329K(24732K), 0.0015802 secs] [Times: user=0.00 sys=0.00, real=0.00 secs] 
52.360: [GC 52.361: [ParNew: 7399K->594K(7616K), 0.0015714 secs] 22841K->16338K(24732K), 0.0016488 secs] [Times: user=0.00 sys=0.00, real=0.00 secs] 
52.367: [GC 52.368: [ParNew: 7077K->758K(7616K), 0.0014615 secs] 22822K->16840K(24732K), 0.0015392 secs] [Times: user=0.01 sys=0.00, real=0.01 secs] 
52.376: [GC 52.376: [ParNew: 7279K->628K(7616K), 0.0022047 secs] 23361K->17380K(24732K), 0.0022883 secs] [Times: user=0.01 sys=0.00, real=0.00 secs] 
52.383: [GC 52.383: [ParNew: 7155K->29K(7616K), 0.0011034 secs]52.384: [Tenured: 17362K->9129K(17500K), 0.0719067 secs] 23907K->9129K(25116K), [Perm : 10707K->10707K(21248K)], 0.0733270 secs] [Times: user=0.07 sys=0.00, real=0.07 secs] 
52.461: [GC 52.461: [ParNew: 6528K->171K(7616K), 0.0006794 secs] 15657K->9301K(24732K), 0.0007309 secs] [Times: user=0.01 sys=0.00, real=0.00 secs] 
52.469: [GC 52.469: [ParNew: 6699K->324K(7616K), 0.0006973 secs] 15829K->9454K(24732K), 0.0007477 secs] [Times: user=0.01 sys=0.00, real=0.00 secs] 
52.473: [GC 52.473: [ParNew: 6846K->352K(7616K), 0.0008484 secs] 15976K->9482K(24732K), 0.0009007 secs] [Times: user=0.00 sys=0.00, real=0.00 secs] 
52.479: [GC 52.479: [ParNew: 6880K->475K(7616K), 0.0009751 secs] 16010K->9605K(24732K), 0.0010419 secs] [Times: user=0.00 sys=0.00, real=0.00 secs] 
52.488: [GC 52.488: [ParNew: 7003K->479K(7616K), 0.0009562 secs] 16133K->9609K(24732K), 0.0010877 secs] [Times: user=0.00 sys=0.00, real=0.01 secs] 
52.495: [GC 52.495: [ParNew: 6962K->573K(7616K), 0.0011021 secs] 16092K->9703K(24732K), 0.0011655 secs] [Times: user=0.00 sys=0.00, real=0.00 secs] 
52.502: [GC 52.502: [ParNew: 7086K->549K(7616K), 0.0023889 secs] 16216K->9778K(24732K), 0.0025077 secs] [Times: user=0.00 sys=0.00, real=0.00 secs] 
52.509: [GC 52.509: [ParNew: 7058K->554K(7616K), 0.0011661 secs] 16288K->9784K(24732K), 0.0012270 secs] [Times: user=0.00 sys=0.00, real=0.00 secs] 
52.520: [GC 52.520: [ParNew: 7074K->538K(7616K), 0.0010742 secs] 16303K->9834K(24732K), 0.0011293 secs] [Times: user=0.00 sys=0.00, real=0.00 secs] 
52.526: [GC 52.526: [ParNew: 7057K->550K(7616K), 0.0011287 secs] 16354K->9847K(24732K), 0.0012038 secs] [Times: user=0.01 sys=0.00, real=0.00 secs] 
52.532: [GC 52.532: [ParNew: 7068K->580K(7616K), 0.0011778 secs] 16364K->9877K(24732K), 0.0012882 secs] [Times: user=0.01 sys=0.00, real=0.00 secs] 
52.539: [GC 52.539: [ParNew: 7085K->565K(7616K), 0.0010562 secs] 16381K->9948K(24732K), 0.0011172 secs] [Times: user=0.01 sys=0.00, real=0.00 secs] 
52.544: [GC 52.544: [ParNew: 7056K->712K(7616K), 0.0014285 secs] 16439K->10177K(24732K), 0.0014964 secs] [Times: user=0.01 sys=0.00, real=0.00 secs] 
52.550: [GC 52.550: [ParNew: 7228K->551K(7616K), 0.0012688 secs] 16694K->10246K(24732K), 0.0013350 secs] [Times: user=0.00 sys=0.00, real=0.00 secs] 
52.555: [GC 52.555: [ParNew: 7076K->422K(7616K), 0.0010416 secs] 16772K->10118K(24732K), 0.0012315 secs] [Times: user=0.00 sys=0.00, real=0.00 secs] 
52.561: [GC 52.561: [ParNew: 6944K->451K(7616K), 0.0010801 secs] 16640K->10146K(24732K), 0.0011569 secs] [Times: user=0.00 sys=0.00, real=0.00 secs] 
52.569: [GC 52.569: [ParNew: 6966K->434K(7616K), 0.0008573 secs] 16661K->10130K(24732K), 0.0009244 secs] [Times: user=0.00 sys=0.00, real=0.00 secs] 
52.574: [GC 52.574: [ParNew: 6958K->500K(7616K), 0.0010379 secs] 16653K->10196K(24732K), 0.0010935 secs] [Times: user=0.00 sys=0.00, real=0.00 secs] 
52.579: [GC 52.579: [ParNew: 7028K->605K(7616K), 0.0013047 secs] 16724K->10301K(24732K), 0.0013728 secs] [Times: user=0.00 sys=0.00, real=0.00 secs] 
52.586: [GC 52.586: [ParNew: 7129K->983K(7616K), 0.0017314 secs] 16825K->10758K(24732K), 0.0017999 secs] [Times: user=0.00 sys=0.00, real=0.00 secs] 
52.592: [GC 52.592: [ParNew: 7500K->607K(7616K), 0.0015680 secs] 17275K->10867K(24732K), 0.0016399 secs] [Times: user=0.01 sys=0.00, real=0.00 secs] 
52.598: [GC 52.598: [ParNew: 7074K->664K(7616K), 0.0012889 secs] 17333K->11133K(24732K), 0.0013689 secs] [Times: user=0.01 sys=0.00, real=0.01 secs] 
52.603: [GC 52.603: [ParNew: 7170K->522K(7616K), 0.0011049 secs] 17638K->11103K(24732K), 0.0011653 secs] [Times: user=0.01 sys=0.00, real=0.00 secs] 
52.608: [GC 52.608: [ParNew: 7045K->725K(7616K), 0.0012041 secs] 17625K->11306K(24732K), 0.0012696 secs] [Times: user=0.00 sys=0.00, real=0.01 secs] 
52.613: [GC 52.613: [ParNew: 7229K->451K(7616K), 0.0012391 secs] 17810K->11278K(24732K), 0.0013037 secs] [Times: user=0.00 sys=0.00, real=0.00 secs] 
52.619: [GC 52.619: [ParNew: 6975K->531K(7616K), 0.0010039 secs] 17802K->11358K(24732K), 0.0010598 secs] [Times: user=0.00 sys=0.00, real=0.00 secs] 
52.624: [GC 52.624: [ParNew: 7057K->558K(7616K), 0.0011010 secs] 17884K->11386K(24732K), 0.0011624 secs] [Times: user=0.00 sys=0.00, real=0.00 secs] 
52.629: [GC 52.629: [ParNew: 7052K->908K(7616K), 0.0018836 secs] 17879K->11958K(24732K), 0.0019560 secs] [Times: user=0.00 sys=0.00, real=0.00 secs] 
52.635: [GC 52.635: [ParNew: 7424K->293K(7616K), 0.0014462 secs] 18474K->11969K(24732K), 0.0015164 secs] [Times: user=0.00 sys=0.00, real=0.00 secs] 
52.641: [GC 52.641: [ParNew: 6815K->432K(7616K), 0.0012473 secs] 18490K->12107K(24732K), 0.0013087 secs] [Times: user=0.01 sys=0.00, real=0.00 secs] 
52.647: [GC 52.647: [ParNew: 6938K->450K(7616K), 0.0010771 secs] 18613K->12126K(24732K), 0.0011331 secs] [Times: user=0.00 sys=0.00, real=0.00 secs] 
52.652: [GC 52.652: [ParNew: 6947K->425K(7616K), 0.0009729 secs] 18622K->12100K(24732K), 0.0010311 secs] [Times: user=0.00 sys=0.00, real=0.00 secs] 
52.657: [GC 52.657: [ParNew: 6939K->384K(7616K), 0.0011040 secs] 18614K->12059K(24732K), 0.0011773 secs] [Times: user=0.00 sys=0.00, real=0.00 secs] 
52.662: [GC 52.662: [ParNew: 6896K->660K(7616K), 0.0011202 secs] 18571K->12335K(24732K), 0.0011991 secs] [Times: user=0.00 sys=0.00, real=0.00 secs] 
52.668: [GC 52.668: [ParNew: 7169K->619K(7616K), 0.0014616 secs] 18845K->12539K(24732K), 0.0015509 secs] [Times: user=0.00 sys=0.00, real=0.01 secs] 
52.673: [GC 52.673: [ParNew: 7147K->359K(7616K), 0.0011711 secs] 19067K->12618K(24732K), 0.0012347 secs] [Times: user=0.01 sys=0.00, real=0.00 secs] 
52.679: [GC 52.679: [ParNew: 6887K->435K(7616K), 0.0010979 secs] 19146K->12694K(24732K), 0.0011846 secs] [Times: user=0.00 sys=0.00, real=0.00 secs] 
52.684: [GC 52.684: [ParNew: 6959K->374K(7616K), 0.0012490 secs] 19218K->12633K(24732K), 0.0012997 secs] [Times: user=0.00 sys=0.00, real=0.00 secs] 
52.691: [GC 52.691: [ParNew: 6867K->664K(7616K), 0.0010424 secs] 19126K->12923K(24732K), 0.0011067 secs] [Times: user=0.00 sys=0.01, real=0.00 secs] 
52.696: [GC 52.696: [ParNew: 7191K->729K(7616K), 0.0012863 secs] 19450K->13157K(24732K), 0.0013493 secs] [Times: user=0.00 sys=0.00, real=0.00 secs] 
52.702: [GC 52.703: [ParNew: 7257K->252K(7616K), 0.0011782 secs] 19685K->13056K(24732K), 0.0012575 secs] [Times: user=0.00 sys=0.00, real=0.00 secs] 
52.708: [GC 52.708: [ParNew: 6734K->666K(7616K), 0.0010587 secs] 19538K->13470K(24732K), 0.0011212 secs] [Times: user=0.00 sys=0.00, real=0.01 secs] 
52.714: [GC 52.715: [ParNew: 7187K->530K(7616K), 0.0010876 secs] 19991K->13489K(24732K), 0.0011723 secs] [Times: user=0.00 sys=0.00, real=0.00 secs] 
52.720: [GC 52.720: [ParNew: 7040K->805K(7616K), 0.0011680 secs] 19999K->13764K(24732K), 0.0012269 secs] [Times: user=0.00 sys=0.00, real=0.00 secs] 
52.725: [GC 52.725: [ParNew: 7324K->514K(7616K), 0.0011728 secs] 20283K->13687K(24732K), 0.0012337 secs] [Times: user=0.01 sys=0.00, real=0.00 secs] 
52.732: [GC 52.732: [ParNew: 7003K->680K(7616K), 0.0010528 secs] 20175K->13852K(24732K), 0.0011262 secs] [Times: user=0.01 sys=0.00, real=0.00 secs] 
52.737: [GC 52.737: [ParNew: 7205K->307K(7616K), 0.0010990 secs] 20378K->13699K(24732K), 0.0011728 secs] [Times: user=0.00 sys=0.00, real=0.00 secs] 
52.744: [GC 52.744: [ParNew: 6822K->862K(7616K), 0.0011727 secs] 20213K->14253K(24732K), 0.0012483 secs] [Times: user=0.00 sys=0.00, real=0.00 secs] 
52.749: [GC 52.750: [ParNew: 7345K->551K(7616K), 0.0019455 secs] 20736K->14682K(24732K), 0.0020217 secs] [Times: user=0.00 sys=0.00, real=0.00 secs] 
52.757: [GC 52.757: [ParNew: 7064K->471K(7616K), 0.0019462 secs] 21195K->15099K(24732K), 0.0020489 secs] [Times: user=0.00 sys=0.00, real=0.01 secs] 
52.763: [GC 52.763: [ParNew: 6997K->566K(7616K), 0.0009740 secs] 21626K->15194K(24732K), 0.0010458 secs] [Times: user=0.00 sys=0.00, real=0.00 secs] 
52.769: [GC 52.769: [ParNew: 7066K->770K(7616K), 0.0013926 secs] 21695K->15620K(24732K), 0.0014629 secs] [Times: user=0.00 sys=0.00, real=0.00 secs] 
52.775: [GC 52.775: [ParNew: 7254K->847K(7616K), 0.0014549 secs] 22105K->15948K(24732K), 0.0015256 secs] [Times: user=0.00 sys=0.00, real=0.00 secs] 
52.781: [GC 52.781: [ParNew: 7369K->989K(7616K), 0.0015704 secs] 22470K->16406K(24732K), 0.0016424 secs] [Times: user=0.00 sys=0.00, real=0.00 secs] 
52.787: [GC 52.787: [ParNew: 7512K->538K(7616K), 0.0021026 secs] 22929K->16687K(24732K), 0.0021751 secs] [Times: user=0.00 sys=0.01, real=0.01 secs] 
52.798: [GC 52.798: [ParNew: 7066K->692K(7616K), 0.0012759 secs] 23215K->16841K(24732K), 0.0013838 secs] [Times: user=0.00 sys=0.00, real=0.01 secs] 
52.804: [GC 52.804: [ParNew: 7220K->298K(7616K), 0.0012368 secs] 23369K->16897K(24732K), 0.0013108 secs] [Times: user=0.00 sys=0.00, real=0.00 secs] 
52.809: [GC 52.810: [ParNew: 6800K->772K(7616K), 0.0012305 secs] 23399K->17370K(24732K), 0.0012972 secs] [Times: user=0.00 sys=0.00, real=0.00 secs] 
52.815: [GC 52.815: [ParNew: 7299K->468K(7616K), 0.0014649 secs] 23897K->17305K(24732K), 0.0015331 secs] [Times: user=0.01 sys=0.00, real=0.00 secs] 
52.820: [GC 52.820: [ParNew: 6995K->497K(7616K), 0.0010269 secs] 23832K->17334K(24732K), 0.0010877 secs] [Times: user=0.01 sys=0.00, real=0.00 secs] 
52.826: [GC 52.826: [ParNew: 6985K->566K(7616K), 0.0010118 secs] 23822K->17403K(24732K), 0.0010733 secs] [Times: user=0.00 sys=0.00, real=0.00 secs] 
52.832: [GC 52.832: [ParNew: 7064K->557K(7616K), 0.0012126 secs] 23901K->17661K(24732K), 0.0012805 secs] [Times: user=0.00 sys=0.00, real=0.00 secs] 
52.837: [GC 52.837: [ParNew: 7076K->514K(7616K), 0.0022005 secs]52.840: [Tenured: 17191K->8828K(17308K), 0.0726562 secs] 24180K->8828K(24924K), [Perm : 10708K->10708K(21248K)], 0.0750914 secs] [Times: user=0.07 sys=0.00, real=0.08 secs] 
52.917: [GC 52.917: [ParNew: 6465K->163K(7616K), 0.0007238 secs] 15293K->8991K(24732K), 0.0007771 secs] [Times: user=0.00 sys=0.00, real=0.00 secs] 
52.922: [GC 52.922: [ParNew: 6676K->590K(7616K), 0.0008914 secs] 15505K->9418K(24732K), 0.0009474 secs] [Times: user=0.00 sys=0.00, real=0.00 secs] 
52.927: [GC 52.927: [ParNew: 7109K->883K(7616K), 0.0013717 secs] 15938K->9757K(24732K), 0.0014447 secs] [Times: user=0.01 sys=0.00, real=0.00 secs] 
52.932: [GC 52.932: [ParNew: 7398K->498K(7616K), 0.0013780 secs] 16272K->9779K(24732K), 0.0014448 secs] [Times: user=0.01 sys=0.00, real=0.00 secs] 
52.938: [GC 52.938: [ParNew: 7023K->573K(7616K), 0.0016604 secs] 16304K->9854K(24732K), 0.0017357 secs] [Times: user=0.00 sys=0.00, real=0.01 secs] 
52.944: [GC 52.944: [ParNew: 7072K->301K(7616K), 0.0009709 secs] 16354K->9767K(24732K), 0.0010333 secs] [Times: user=0.00 sys=0.00, real=0.00 secs] 
52.949: [GC 52.949: [ParNew: 6794K->1031K(7616K), 0.0013528 secs] 16260K->10498K(24732K), 0.0014200 secs] [Times: user=0.00 sys=0.00, real=0.00 secs] 
52.956: [GC 52.956: [ParNew: 7551K->227K(7616K), 0.0013470 secs] 17018K->10420K(24732K), 0.0014349 secs] [Times: user=0.00 sys=0.00, real=0.00 secs] 
52.963: [GC 52.963: [ParNew: 6723K->345K(7616K), 0.0007728 secs] 16915K->10537K(24732K), 0.0008447 secs] [Times: user=0.00 sys=0.00, real=0.00 secs] 
52.970: [GC 52.970: [ParNew: 6859K->504K(7616K), 0.0018331 secs] 17051K->10696K(24732K), 0.0019735 secs] [Times: user=0.01 sys=0.00, real=0.00 secs] 
52.977: [GC 52.977: [ParNew: 7015K->671K(7616K), 0.0010293 secs] 17208K->10864K(24732K), 0.0010947 secs] [Times: user=0.00 sys=0.00, real=0.00 secs] 
52.982: [GC 52.982: [ParNew: 7144K->550K(7616K), 0.0013747 secs] 17336K->10961K(24732K), 0.0014596 secs] [Times: user=0.00 sys=0.00, real=0.00 secs] 
52.989: [GC 52.989: [ParNew: 7040K->510K(7616K), 0.0015258 secs] 17451K->11068K(24732K), 0.0015944 secs] [Times: user=0.00 sys=0.00, real=0.00 secs] 
52.995: [GC 52.995: [ParNew: 7038K->472K(7616K), 0.0010564 secs] 17596K->11030K(24732K), 0.0011428 secs] [Times: user=0.00 sys=0.00, real=0.00 secs] 
53.000: [GC 53.000: [ParNew: 7000K->838K(7616K), 0.0015061 secs] 17558K->11396K(24732K), 0.0015747 secs] [Times: user=0.00 sys=0.00, real=0.00 secs] 
53.006: [GC 53.006: [ParNew: 7334K->714K(7616K), 0.0014140 secs] 17892K->11571K(24732K), 0.0014863 secs] [Times: user=0.00 sys=0.00, real=0.00 secs] 
53.012: [GC 53.012: [ParNew: 7210K->556K(7616K), 0.0014292 secs] 18067K->11588K(24732K), 0.0014975 secs] [Times: user=0.00 sys=0.00, real=0.00 secs] 
53.017: [GC 53.017: [ParNew: 7077K->357K(7616K), 0.0009927 secs] 18109K->11587K(24732K), 0.0010511 secs] [Times: user=0.00 sys=0.00, real=0.00 secs] 
53.022: [GC 53.022: [ParNew: 6716K->401K(7616K), 0.0009130 secs] 17947K->11631K(24732K), 0.0009649 secs] [Times: user=0.00 sys=0.00, real=0.00 secs] 
53.028: [GC 53.028: [ParNew: 6888K->286K(7616K), 0.0007358 secs] 18119K->11517K(24732K), 0.0007840 secs] [Times: user=0.01 sys=0.00, real=0.01 secs] 
53.036: [GC 53.036: [ParNew: 6777K->682K(7616K), 0.0018049 secs] 18007K->11913K(24732K), 0.0018749 secs] [Times: user=0.01 sys=0.00, real=0.00 secs] 
53.043: [GC 53.043: [ParNew: 7195K->621K(7616K), 0.0011886 secs] 18426K->12016K(24732K), 0.0012546 secs] [Times: user=0.01 sys=0.00, real=0.00 secs] 
53.049: [GC 53.050: [ParNew: 7116K->331K(7616K), 0.0010674 secs] 18511K->12015K(24732K), 0.0011285 secs] [Times: user=0.01 sys=0.00, real=0.00 secs] 
53.055: [GC 53.056: [ParNew: 6836K->295K(7616K), 0.0008046 secs] 18520K->11978K(24732K), 0.0008747 secs] [Times: user=0.00 sys=0.00, real=0.00 secs] 
53.060: [GC 53.061: [ParNew: 6799K->472K(7616K), 0.0009369 secs] 18483K->12156K(24732K), 0.0009895 secs] [Times: user=0.00 sys=0.00, real=0.00 secs] 
53.066: [GC 53.066: [ParNew: 6941K->853K(7616K), 0.0010350 secs] 18625K->12537K(24732K), 0.0011033 secs] [Times: user=0.00 sys=0.00, real=0.00 secs] 
53.072: [GC 53.072: [ParNew: 7380K->791K(7616K), 0.0016327 secs] 19064K->12871K(24732K), 0.0017094 secs] [Times: user=0.00 sys=0.00, real=0.00 secs] 
53.078: [GC 53.078: [ParNew: 7304K->412K(7616K), 0.0013080 secs] 19383K->12810K(24732K), 0.0013868 secs] [Times: user=0.00 sys=0.00, real=0.01 secs] 
53.083: [GC 53.084: [ParNew: 6889K->571K(7616K), 0.0010764 secs] 19287K->12969K(24732K), 0.0011450 secs] [Times: user=0.01 sys=0.00, real=0.00 secs] 
53.089: [GC 53.089: [ParNew: 7088K->379K(7616K), 0.0013004 secs] 19486K->13065K(24732K), 0.0013794 secs] [Times: user=0.00 sys=0.00, real=0.00 secs] 
53.095: [GC 53.095: [ParNew: 6901K->572K(7616K), 0.0010289 secs] 19586K->13258K(24732K), 0.0010892 secs] [Times: user=0.00 sys=0.00, real=0.00 secs] 
53.100: [GC 53.100: [ParNew: 7081K->622K(7616K), 0.0013191 secs] 19766K->13380K(24732K), 0.0013979 secs] [Times: user=0.00 sys=0.00, real=0.00 secs] 
53.106: [GC 53.106: [ParNew: 7132K->493K(7616K), 0.0011991 secs] 19889K->13295K(24732K), 0.0012620 secs] [Times: user=0.00 sys=0.00, real=0.00 secs] 
53.111: [GC 53.112: [ParNew: 6977K->651K(7616K), 0.0011186 secs] 19779K->13454K(24732K), 0.0011820 secs] [Times: user=0.00 sys=0.00, real=0.00 secs] 
53.116: [GC 53.116: [ParNew: 7122K->355K(7616K), 0.0013476 secs] 19924K->13351K(24732K), 0.0014308 secs] [Times: user=0.00 sys=0.00, real=0.00 secs] 
53.123: [GC 53.123: [ParNew: 6836K->463K(7616K), 0.0008976 secs] 19832K->13460K(24732K), 0.0009658 secs] [Times: user=0.01 sys=0.00, real=0.00 secs] 
53.128: [GC 53.128: [ParNew: 6971K->474K(7616K), 0.0010751 secs] 19967K->13471K(24732K), 0.0011374 secs] [Times: user=0.00 sys=0.00, real=0.01 secs] 
53.133: [GC 53.133: [ParNew: 6971K->425K(7616K), 0.0009663 secs] 19967K->13422K(24732K), 0.0010228 secs] [Times: user=0.00 sys=0.00, real=0.00 secs] 
53.137: [GC 53.138: [ParNew: 6919K->848K(7616K), 0.0019910 secs] 19915K->13845K(24732K), 0.0020622 secs] [Times: user=0.00 sys=0.00, real=0.01 secs] 
53.144: [GC 53.144: [ParNew: 7359K->629K(7616K), 0.0016043 secs] 20356K->14007K(24732K), 0.0016915 secs] [Times: user=0.00 sys=0.01, real=0.00 secs] 
53.149: [GC 53.149: [ParNew: 7122K->447K(7616K), 0.0011824 secs] 20500K->14149K(24732K), 0.0012493 secs] [Times: user=0.00 sys=0.00, real=0.00 secs] 
53.155: [GC 53.155: [ParNew: 6972K->1025K(7616K), 0.0013806 secs] 20674K->14727K(24732K), 0.0014532 secs] [Times: user=0.00 sys=0.00, real=0.00 secs] 
53.160: [GC 53.160: [ParNew: 7498K->526K(7616K), 0.0017957 secs] 21200K->14897K(24732K), 0.0018708 secs] [Times: user=0.01 sys=0.00, real=0.00 secs] 
53.167: [GC 53.167: [ParNew: 7038K->688K(7616K), 0.0011308 secs] 21410K->15059K(24732K), 0.0012198 secs] [Times: user=0.01 sys=0.00, real=0.00 secs] 
53.173: [GC 53.173: [ParNew: 7169K->735K(7616K), 0.0012065 secs] 21541K->15389K(24732K), 0.0012731 secs] [Times: user=0.00 sys=0.00, real=0.00 secs] 
53.179: [GC 53.179: [ParNew: 7262K->590K(7616K), 0.0015465 secs] 21917K->15582K(24732K), 0.0016321 secs] [Times: user=0.00 sys=0.00, real=0.00 secs] 
53.185: [GC 53.185: [ParNew: 7111K->447K(7616K), 0.0018517 secs] 22103K->15701K(24732K), 0.0019702 secs] [Times: user=0.00 sys=0.00, real=0.00 secs] 
53.192: [GC 53.192: [ParNew: 6911K->654K(7616K), 0.0010499 secs] 22165K->15908K(24732K), 0.0011131 secs] [Times: user=0.00 sys=0.00, real=0.00 secs] 
53.197: [GC 53.197: [ParNew: 7164K->410K(7616K), 0.0010001 secs] 22418K->15801K(24732K), 0.0010596 secs] [Times: user=0.00 sys=0.00, real=0.00 secs] 
53.202: [GC 53.202: [ParNew: 6930K->657K(7616K), 0.0011946 secs] 22322K->16048K(24732K), 0.0012604 secs] [Times: user=0.00 sys=0.00, real=0.00 secs] 
53.207: [GC 53.207: [ParNew: 7185K->696K(7616K), 0.0013668 secs] 22576K->16364K(24732K), 0.0014362 secs] [Times: user=0.00 sys=0.00, real=0.01 secs] 
53.214: [GC 53.214: [ParNew: 7212K->642K(7616K), 0.0011190 secs] 22880K->16452K(24732K), 0.0011993 secs] [Times: user=0.01 sys=0.00, real=0.00 secs] 
53.219: [GC 53.219: [ParNew: 7143K->215K(7616K), 0.0011402 secs] 22953K->16403K(24732K), 0.0012027 secs] [Times: user=0.01 sys=0.00, real=0.00 secs] 
53.224: [GC 53.224: [ParNew: 6730K->201K(7616K), 0.0007270 secs] 22918K->16389K(24732K), 0.0007718 secs] [Times: user=0.00 sys=0.00, real=0.00 secs] 
53.229: [GC 53.229: [ParNew: 6688K->264K(7616K), 0.0008008 secs] 22877K->16452K(24732K), 0.0008511 secs] [Times: user=0.00 sys=0.00, real=0.00 secs] 
53.233: [GC 53.233: [ParNew: 6752K->237K(7616K), 0.0010700 secs] 22941K->16425K(24732K), 0.0011251 secs] [Times: user=0.00 sys=0.00, real=0.00 secs] 
53.239: [GC 53.239: [ParNew: 6688K->586K(7616K), 0.0009624 secs] 22876K->16774K(24732K), 0.0010254 secs] [Times: user=0.00 sys=0.00, real=0.00 secs] 
53.244: [GC 53.244: [ParNew: 7062K->991K(7616K), 0.0016937 secs] 23251K->17307K(24732K), 0.0017668 secs] [Times: user=0.01 sys=0.00, real=0.00 secs] 
53.250: [GC 53.251: [ParNew: 7456K->490K(7616K), 0.0014978 secs]53.252: [Tenured: 17157K->9294K(17308K), 0.0716055 secs] 23772K->9294K(24924K), [Perm : 10708K->10708K(21248K)], 0.0733441 secs] [Times: user=0.08 sys=0.00, real=0.07 secs] 
53.328: [GC 53.328: [ParNew: 6408K->448K(7616K), 0.0010404 secs] 15703K->9743K(24732K), 0.0011005 secs] [Times: user=0.00 sys=0.00, real=0.01 secs] 
53.336: [GC 53.336: [ParNew: 6976K->971K(7616K), 0.0012392 secs] 16271K->10266K(24732K), 0.0013145 secs] [Times: user=0.00 sys=0.00, real=0.00 secs] 
53.342: [GC 53.342: [ParNew: 7488K->257K(7616K), 0.0014223 secs] 16783K->10264K(24732K), 0.0014907 secs] [Times: user=0.00 sys=0.00, real=0.00 secs] 
53.349: [GC 53.349: [ParNew: 6741K->395K(7616K), 0.0011373 secs] 16748K->10402K(24732K), 0.0011976 secs] [Times: user=0.00 sys=0.00, real=0.00 secs] 
53.355: [GC 53.355: [ParNew: 6913K->623K(7616K), 0.0009666 secs] 16920K->10630K(24732K), 0.0010281 secs] [Times: user=0.00 sys=0.00, real=0.00 secs] 
53.360: [GC 53.360: [ParNew: 7110K->504K(7616K), 0.0010710 secs] 17117K->10572K(24732K), 0.0011340 secs] [Times: user=0.00 sys=0.00, real=0.00 secs] 
53.365: [GC 53.365: [ParNew: 6995K->497K(7616K), 0.0010494 secs] 17063K->10564K(24732K), 0.0011087 secs] [Times: user=0.01 sys=0.00, real=0.00 secs] 
53.370: [GC 53.370: [ParNew: 7016K->613K(7616K), 0.0015428 secs] 17083K->10680K(24732K), 0.0016296 secs] [Times: user=0.00 sys=0.00, real=0.00 secs] 
53.377: [GC 53.377: [ParNew: 7097K->777K(7616K), 0.0012341 secs] 17164K->10995K(24732K), 0.0013260 secs] [Times: user=0.00 sys=0.00, real=0.00 secs] 
53.382: [GC 53.382: [ParNew: 7261K->262K(7616K), 0.0011686 secs] 17479K->10881K(24732K), 0.0012328 secs] [Times: user=0.00 sys=0.00, real=0.00 secs] 
53.389: [GC 53.389: [ParNew: 6788K->832K(7616K), 0.0010235 secs] 17408K->11451K(24732K), 0.0011228 secs] [Times: user=0.00 sys=0.00, real=0.00 secs] 
53.395: [GC 53.395: [ParNew: 7327K->134K(7616K), 0.0013153 secs] 17946K->11280K(24732K), 0.0013800 secs] [Times: user=0.00 sys=0.00, real=0.00 secs] 
53.401: [GC 53.402: [ParNew: 6611K->417K(7616K), 0.0008547 secs] 17757K->11563K(24732K), 0.0009322 secs] [Times: user=0.00 sys=0.00, real=0.00 secs] 
53.406: [GC 53.406: [ParNew: 6905K->672K(7616K), 0.0011303 secs] 18051K->11819K(24732K), 0.0011988 secs] [Times: user=0.01 sys=0.00, real=0.00 secs] 
53.412: [GC 53.412: [ParNew: 7141K->902K(7616K), 0.0014073 secs] 18288K->12260K(24732K), 0.0014941 secs] [Times: user=0.01 sys=0.00, real=0.00 secs] 
53.417: [GC 53.417: [ParNew: 7377K->204K(7616K), 0.0014105 secs] 18735K->12262K(24732K), 0.0014799 secs] [Times: user=0.00 sys=0.00, real=0.01 secs] 
53.423: [GC 53.423: [ParNew: 6689K->450K(7616K), 0.0010039 secs] 18747K->12508K(24732K), 0.0010596 secs] [Times: user=0.00 sys=0.00, real=0.00 secs] 
53.428: [GC 53.428: [ParNew: 6914K->696K(7616K), 0.0018166 secs] 18972K->12754K(24732K), 0.0018899 secs] [Times: user=0.00 sys=0.00, real=0.01 secs] 
53.434: [GC 53.434: [ParNew: 7196K->736K(7616K), 0.0013434 secs] 19254K->13033K(24732K), 0.0014193 secs] [Times: user=0.00 sys=0.00, real=0.00 secs] 
53.440: [GC 53.440: [ParNew: 7255K->463K(7616K), 0.0009669 secs] 19552K->13042K(24732K), 0.0010630 secs] [Times: user=0.00 sys=0.00, real=0.00 secs] 
53.445: [GC 53.445: [ParNew: 6947K->335K(7616K), 0.0009887 secs] 19526K->12914K(24732K), 0.0010521 secs] [Times: user=0.00 sys=0.00, real=0.00 secs] 
53.450: [GC 53.450: [ParNew: 6828K->604K(7616K), 0.0010329 secs] 19407K->13183K(24732K), 0.0010952 secs] [Times: user=0.01 sys=0.00, real=0.00 secs] 
53.455: [GC 53.455: [ParNew: 7109K->405K(7616K), 0.0009810 secs] 19688K->13186K(24732K), 0.0010688 secs] [Times: user=0.00 sys=0.00, real=0.00 secs] 
53.462: [GC 53.462: [ParNew: 6928K->716K(7616K), 0.0011605 secs] 19709K->13497K(24732K), 0.0012462 secs] [Times: user=0.00 sys=0.00, real=0.00 secs] 
53.468: [GC 53.468: [ParNew: 7213K->588K(7616K), 0.0011764 secs] 19994K->13635K(24732K), 0.0012419 secs] [Times: user=0.00 sys=0.00, real=0.01 secs] 
53.477: [GC 53.477: [ParNew: 7007K->664K(7616K), 0.0012772 secs] 20054K->13776K(24732K), 0.0013451 secs] [Times: user=0.01 sys=0.00, real=0.00 secs] 
53.483: [GC 53.483: [ParNew: 7179K->661K(7616K), 0.0011980 secs] 20291K->13887K(24732K), 0.0012783 secs] [Times: user=0.01 sys=0.01, real=0.00 secs] 
53.490: [GC 53.490: [ParNew: 7176K->478K(7616K), 0.0012735 secs] 20402K->13900K(24732K), 0.0013619 secs] [Times: user=0.00 sys=0.00, real=0.00 secs] 
53.497: [GC 53.497: [ParNew: 6998K->1046K(7616K), 0.0014265 secs] 20420K->14468K(24732K), 0.0015128 secs] [Times: user=0.00 sys=0.00, real=0.00 secs] 
53.502: [GC 53.502: [ParNew: 7544K->72K(7616K), 0.0015487 secs] 20966K->14512K(24732K), 0.0016222 secs] [Times: user=0.00 sys=0.00, real=0.00 secs] 
53.509: [GC 53.509: [ParNew: 6590K->519K(7616K), 0.0009014 secs] 21030K->14959K(24732K), 0.0009572 secs] [Times: user=0.00 sys=0.00, real=0.00 secs] 
53.514: [GC 53.514: [ParNew: 7047K->696K(7616K), 0.0011819 secs] 21487K->15136K(24732K), 0.0012455 secs] [Times: user=0.00 sys=0.00, real=0.00 secs] 
53.519: [GC 53.519: [ParNew: 7190K->354K(7616K), 0.0011496 secs] 21630K->15207K(24732K), 0.0012157 secs] [Times: user=0.00 sys=0.00, real=0.00 secs] 
53.525: [GC 53.525: [ParNew: 6879K->636K(7616K), 0.0010076 secs] 21732K->15489K(24732K), 0.0010774 secs] [Times: user=0.00 sys=0.00, real=0.00 secs] 
53.530: [GC 53.530: [ParNew: 7081K->1085K(7616K), 0.0017138 secs] 21934K->16091K(24732K), 0.0017982 secs] [Times: user=0.00 sys=0.00, real=0.00 secs] 
53.536: [GC 53.536: [ParNew: 7553K->572K(7616K), 0.0023141 secs] 22559K->16353K(24732K), 0.0023962 secs] [Times: user=0.01 sys=0.00, real=0.00 secs] 
53.542: [GC 53.542: [ParNew: 7094K->191K(7616K), 0.0009849 secs] 22876K->16355K(24732K), 0.0010480 secs] [Times: user=0.01 sys=0.00, real=0.00 secs] 
53.548: [GC 53.548: [ParNew: 6669K->130K(7616K), 0.0024651 secs] 22833K->16294K(24732K), 0.0026266 secs] [Times: user=0.00 sys=0.00, real=0.01 secs] 
53.556: [GC 53.557: [ParNew: 6634K->612K(7616K), 0.0009196 secs] 22798K->16776K(24732K), 0.0010948 secs] [Times: user=0.00 sys=0.00, real=0.00 secs] 
53.562: [GC 53.562: [ParNew: 7105K->890K(7616K), 0.0012685 secs] 23269K->17054K(24732K), 0.0013366 secs] [Times: user=0.00 sys=0.00, real=0.00 secs] 
53.567: [GC 53.567: [ParNew: 7391K->178K(7616K), 0.0015017 secs] 23556K->17205K(24732K), 0.0015711 secs] [Times: user=0.00 sys=0.00, real=0.01 secs] 
53.573: [GC 53.573: [ParNew: 6690K->285K(7616K), 0.0008333 secs] 23717K->17311K(24732K), 0.0008827 secs] [Times: user=0.00 sys=0.00, real=0.00 secs] 
53.578: [GC 53.578: [ParNew: 6798K->628K(7616K), 0.0012783 secs] 23825K->17655K(24732K), 0.0013639 secs] [Times: user=0.00 sys=0.00, real=0.01 secs] 
53.583: [GC 53.583: [ParNew: 7151K->819K(7616K), 0.0013618 secs]53.585: [Tenured: 17160K->8514K(17308K), 0.0717576 secs] 24177K->8514K(24924K), [Perm : 10708K->10708K(21248K)], 0.0733592 secs] [Times: user=0.08 sys=0.00, real=0.07 secs] 
53.662: [GC 53.662: [ParNew: 6504K->127K(7616K), 0.0007584 secs] 15018K->8641K(24732K), 0.0008091 secs] [Times: user=0.00 sys=0.00, real=0.00 secs] 
53.666: [GC 53.666: [ParNew: 6609K->262K(7616K), 0.0010633 secs] 15123K->8776K(24732K), 0.0011314 secs] [Times: user=0.00 sys=0.00, real=0.00 secs] 
53.672: [GC 53.672: [ParNew: 6724K->610K(7616K), 0.0010518 secs] 15238K->9124K(24732K), 0.0011117 secs] [Times: user=0.00 sys=0.00, real=0.00 secs] 
53.678: [GC 53.678: [ParNew: 7078K->630K(7616K), 0.0012005 secs] 15592K->9352K(24732K), 0.0012742 secs] [Times: user=0.00 sys=0.00, real=0.01 secs] 
53.684: [GC 53.684: [ParNew: 7114K->926K(7616K), 0.0013908 secs] 15837K->9857K(24732K), 0.0014695 secs] [Times: user=0.00 sys=0.00, real=0.00 secs] 
53.690: [GC 53.690: [ParNew: 7406K->261K(7616K), 0.0017281 secs] 16337K->9747K(24732K), 0.0018049 secs] [Times: user=0.00 sys=0.00, real=0.00 secs] 
53.696: [GC 53.696: [ParNew: 6788K->317K(7616K), 0.0008013 secs] 16275K->9803K(24732K), 0.0008525 secs] [Times: user=0.00 sys=0.00, real=0.00 secs] 
53.701: [GC 53.701: [ParNew: 6833K->688K(7616K), 0.0010535 secs] 16319K->10174K(24732K), 0.0011186 secs] [Times: user=0.00 sys=0.00, real=0.00 secs] 
53.706: [GC 53.706: [ParNew: 7191K->511K(7616K), 0.0012972 secs] 16678K->10476K(24732K), 0.0013691 secs] [Times: user=0.01 sys=0.00, real=0.00 secs] 
53.714: [GC 53.715: [ParNew: 6943K->1030K(7616K), 0.0014984 secs] 16909K->11235K(24732K), 0.0015991 secs] [Times: user=0.01 sys=0.00, real=0.00 secs] 
53.720: [GC 53.720: [ParNew: 7543K->311K(7616K), 0.0017884 secs] 17748K->11404K(24732K), 0.0019058 secs] [Times: user=0.01 sys=0.00, real=0.00 secs] 
53.728: [GC 53.728: [ParNew: 6839K->249K(7616K), 0.0009136 secs] 17932K->11341K(24732K), 0.0009795 secs] [Times: user=0.01 sys=0.00, real=0.01 secs] 
53.733: [GC 53.733: [ParNew: 6739K->399K(7616K), 0.0009181 secs] 17832K->11491K(24732K), 0.0009726 secs] [Times: user=0.00 sys=0.00, real=0.00 secs] 
53.738: [GC 53.738: [ParNew: 6907K->434K(7616K), 0.0016940 secs] 17999K->11526K(24732K), 0.0017683 secs] [Times: user=0.00 sys=0.00, real=0.01 secs] 
53.744: [GC 53.744: [ParNew: 6953K->466K(7616K), 0.0011463 secs] 18046K->11559K(24732K), 0.0012060 secs] [Times: user=0.00 sys=0.00, real=0.00 secs] 
53.749: [GC 53.749: [ParNew: 6978K->693K(7616K), 0.0010799 secs] 18070K->11786K(24732K), 0.0011432 secs] [Times: user=0.00 sys=0.00, real=0.00 secs] 
53.754: [GC 53.754: [ParNew: 7198K->769K(7616K), 0.0013818 secs] 18291K->12041K(24732K), 0.0014480 secs] [Times: user=0.00 sys=0.00, real=0.00 secs] 
53.761: [GC 53.761: [ParNew: 7296K->456K(7616K), 0.0013830 secs] 18568K->12283K(24732K), 0.0014674 secs] [Times: user=0.01 sys=0.00, real=0.00 secs] 
53.766: [GC 53.767: [ParNew: 6954K->458K(7616K), 0.0009400 secs] 18781K->12285K(24732K), 0.0010118 secs] [Times: user=0.01 sys=0.00, real=0.00 secs] 
53.773: [GC 53.773: [ParNew: 6896K->668K(7616K), 0.0013818 secs] 18723K->12495K(24732K), 0.0014550 secs] [Times: user=0.00 sys=0.00, real=0.00 secs] 
53.778: [GC 53.778: [ParNew: 7176K->642K(7616K), 0.0017027 secs] 19003K->12683K(24732K), 0.0017879 secs] [Times: user=0.00 sys=0.00, real=0.01 secs] 
53.784: [GC 53.784: [ParNew: 7143K->479K(7616K), 0.0012290 secs] 19183K->12662K(24732K), 0.0013032 secs] [Times: user=0.00 sys=0.00, real=0.00 secs] 
53.791: [GC 53.791: [ParNew: 6965K->912K(7616K), 0.0010947 secs] 19148K->13096K(24732K), 0.0011581 secs] [Times: user=0.00 sys=0.00, real=0.00 secs] 
53.798: [GC 53.798: [ParNew: 7397K->115K(7616K), 0.0011096 secs] 19580K->12990K(24732K), 0.0012038 secs] [Times: user=0.00 sys=0.00, real=0.01 secs] 
53.803: [GC 53.804: [ParNew: 6643K->261K(7616K), 0.0007106 secs] 19518K->13135K(24732K), 0.0007567 secs] [Times: user=0.00 sys=0.00, real=0.00 secs] 
53.808: [GC 53.808: [ParNew: 6784K->545K(7616K), 0.0013070 secs] 19658K->13420K(24732K), 0.0013699 secs] [Times: user=0.01 sys=0.00, real=0.01 secs] 
53.813: [GC 53.813: [ParNew: 7035K->448K(7616K), 0.0011550 secs] 19909K->13323K(24732K), 0.0012388 secs] [Times: user=0.00 sys=0.00, real=0.00 secs] 
53.818: [GC 53.818: [ParNew: 6915K->452K(7616K), 0.0010283 secs] 19790K->13327K(24732K), 0.0010895 secs] [Times: user=0.00 sys=0.00, real=0.01 secs] 
53.824: [GC 53.825: [ParNew: 6927K->1051K(7616K), 0.0016535 secs] 19802K->14003K(24732K), 0.0017361 secs] [Times: user=0.00 sys=0.00, real=0.00 secs] 
53.830: [GC 53.830: [ParNew: 7575K->195K(7616K), 0.0013766 secs] 20527K->13882K(24732K), 0.0014501 secs] [Times: user=0.00 sys=0.00, real=0.00 secs] 
53.836: [GC 53.836: [ParNew: 6624K->425K(7616K), 0.0008669 secs] 20310K->14111K(24732K), 0.0009241 secs] [Times: user=0.00 sys=0.00, real=0.00 secs] 
53.842: [GC 53.842: [ParNew: 6928K->1066K(7616K), 0.0018073 secs] 20614K->15433K(24732K), 0.0019025 secs] [Times: user=0.01 sys=0.00, real=0.00 secs] 
53.851: [GC 53.851: [ParNew: 7542K->369K(7616K), 0.0014007 secs] 21909K->15445K(24732K), 0.0014983 secs] [Times: user=0.01 sys=0.00, real=0.00 secs] 
53.856: [GC 53.856: [ParNew: 6853K->371K(7616K), 0.0012602 secs] 21929K->15447K(24732K), 0.0013362 secs] [Times: user=0.01 sys=0.00, real=0.00 secs] 
53.861: [GC 53.862: [ParNew: 6841K->685K(7616K), 0.0013305 secs] 21918K->15761K(24732K), 0.0014420 secs] [Times: user=0.00 sys=0.00, real=0.00 secs] 
53.868: [GC 53.868: [ParNew: 7127K->561K(7616K), 0.0011968 secs] 22203K->15847K(24732K), 0.0012643 secs] [Times: user=0.00 sys=0.00, real=0.01 secs] 
53.873: [GC 53.874: [ParNew: 7068K->671K(7616K), 0.0010831 secs] 22354K->16035K(24732K), 0.0011466 secs] [Times: user=0.00 sys=0.00, real=0.00 secs] 
53.878: [GC 53.878: [ParNew: 7185K->359K(7616K), 0.0015463 secs] 22549K->16039K(24732K), 0.0016350 secs] [Times: user=0.00 sys=0.00, real=0.01 secs] 
53.885: [GC 53.885: [ParNew: 6877K->714K(7616K), 0.0019546 secs] 22556K->16393K(24732K), 0.0020225 secs] [Times: user=0.00 sys=0.00, real=0.00 secs] 
53.894: [GC 53.894: [ParNew: 7225K->715K(7616K), 0.0014352 secs] 22904K->16668K(24732K), 0.0014986 secs] [Times: user=0.00 sys=0.00, real=0.00 secs] 
53.900: [GC 53.900: [ParNew: 7237K->63K(7616K), 0.0012189 secs] 23189K->16684K(24732K), 0.0012827 secs] [Times: user=0.00 sys=0.00, real=0.00 secs] 
53.906: [GC 53.906: [ParNew: 6570K->884K(7616K), 0.0022623 secs] 23191K->17505K(24732K), 0.0023508 secs] [Times: user=0.01 sys=0.00, real=0.00 secs] 
53.912: [GC 53.912: [ParNew: 7389K->257K(7616K), 0.0015897 secs]53.913: [Tenured: 17392K->8770K(17500K), 0.0717263 secs] 24010K->8770K(25116K), [Perm : 10708K->10708K(21248K)], 0.0736523 secs] [Times: user=0.08 sys=0.00, real=0.07 secs] 
53.990: [GC 53.990: [ParNew: 6516K->446K(7616K), 0.0019732 secs] 15287K->9217K(24732K), 0.0020527 secs] [Times: user=0.00 sys=0.01, real=0.00 secs] 
53.997: [GC 53.997: [ParNew: 6953K->353K(7616K), 0.0007802 secs] 15724K->9124K(24732K), 0.0008578 secs] [Times: user=0.00 sys=0.00, real=0.00 secs] 
54.002: [GC 54.002: [ParNew: 6881K->390K(7616K), 0.0009143 secs] 15651K->9161K(24732K), 0.0009656 secs] [Times: user=0.00 sys=0.00, real=0.00 secs] 
54.007: [GC 54.007: [ParNew: 6906K->667K(7616K), 0.0010605 secs] 15677K->9438K(24732K), 0.0011256 secs] [Times: user=0.00 sys=0.00, real=0.00 secs] 
54.013: [GC 54.013: [ParNew: 7138K->1035K(7616K), 0.0012834 secs] 15908K->9997K(24732K), 0.0013616 secs] [Times: user=0.00 sys=0.00, real=0.00 secs] 
54.018: [GC 54.018: [ParNew: 7563K->108K(7616K), 0.0018269 secs] 16525K->9939K(24732K), 0.0019017 secs] [Times: user=0.01 sys=0.00, real=0.01 secs] 
54.026: [GC 54.026: [ParNew: 6567K->859K(7616K), 0.0010940 secs] 16399K->10691K(24732K), 0.0011571 secs] [Times: user=0.01 sys=0.00, real=0.00 secs] 
54.032: [GC 54.032: [ParNew: 7365K->274K(7616K), 0.0017290 secs] 17196K->10810K(24732K), 0.0018054 secs] [Times: user=0.01 sys=0.00, real=0.00 secs] 
54.038: [GC 54.038: [ParNew: 6780K->669K(7616K), 0.0011881 secs] 17316K->11206K(24732K), 0.0012581 secs] [Times: user=0.00 sys=0.00, real=0.01 secs] 
54.043: [GC 54.043: [ParNew: 7129K->807K(7616K), 0.0014301 secs] 17666K->11534K(24732K), 0.0015011 secs] [Times: user=0.00 sys=0.00, real=0.00 secs] 
54.049: [GC 54.049: [ParNew: 7300K->639K(7616K), 0.0012635 secs] 18027K->11522K(24732K), 0.0013319 secs] [Times: user=0.00 sys=0.00, real=0.00 secs] 
54.054: [GC 54.054: [ParNew: 7144K->398K(7616K), 0.0011982 secs] 18027K->11523K(24732K), 0.0012621 secs] [Times: user=0.00 sys=0.00, real=0.00 secs] 
54.059: [GC 54.060: [ParNew: 6850K->633K(7616K), 0.0011607 secs] 17976K->11758K(24732K), 0.0012214 secs] [Times: user=0.00 sys=0.00, real=0.00 secs] 
54.065: [GC 54.065: [ParNew: 7141K->916K(7616K), 0.0015869 secs] 18267K->12193K(24732K), 0.0016641 secs] [Times: user=0.00 sys=0.00, real=0.00 secs] 
54.072: [GC 54.072: [ParNew: 7403K->433K(7616K), 0.0013209 secs] 18681K->12403K(24732K), 0.0014031 secs] [Times: user=0.00 sys=0.00, real=0.00 secs] 
54.078: [GC 54.078: [ParNew: 6941K->434K(7616K), 0.0038322 secs] 18912K->12405K(24732K), 0.0039333 secs] [Times: user=0.00 sys=0.00, real=0.01 secs] 
54.086: [GC 54.086: [ParNew: 6911K->895K(7616K), 0.0023090 secs] 18882K->12865K(24732K), 0.0023927 secs] [Times: user=0.01 sys=0.00, real=0.00 secs] 
54.092: [GC 54.092: [ParNew: 7423K->484K(7616K), 0.0015367 secs] 19393K->12983K(24732K), 0.0016338 secs] [Times: user=0.01 sys=0.00, real=0.00 secs] 
54.099: [GC 54.099: [ParNew: 7011K->949K(7616K), 0.0013747 secs] 19509K->13448K(24732K), 0.0014505 secs] [Times: user=0.01 sys=0.00, real=0.00 secs] 
54.104: [GC 54.104: [ParNew: 7477K->597K(7616K), 0.0020340 secs] 19976K->14003K(24732K), 0.0021086 secs] [Times: user=0.01 sys=0.00, real=0.00 secs] 
54.110: [GC 54.110: [ParNew: 7121K->317K(7616K), 0.0013196 secs] 20527K->14161K(24732K), 0.0013880 secs] [Times: user=0.00 sys=0.00, real=0.00 secs] 
54.117: [GC 54.117: [ParNew: 6844K->850K(7616K), 0.0011735 secs] 20688K->14694K(24732K), 0.0012596 secs] [Times: user=0.00 sys=0.00, real=0.00 secs] 
54.122: [GC 54.122: [ParNew: 7295K->350K(7616K), 0.0014884 secs] 21139K->14844K(24732K), 0.0015643 secs] [Times: user=0.00 sys=0.00, real=0.00 secs] 
54.129: [GC 54.129: [ParNew: 6811K->597K(7616K), 0.0017713 secs] 21305K->15091K(24732K), 0.0018751 secs] [Times: user=0.00 sys=0.00, real=0.00 secs] 
54.137: [GC 54.137: [ParNew: 7099K->404K(7616K), 0.0009878 secs] 21593K->14981K(24732K), 0.0010515 secs] [Times: user=0.00 sys=0.00, real=0.00 secs] 
54.148: [GC 54.148: [ParNew: 6932K->411K(7616K), 0.0007986 secs] 21509K->14988K(24732K), 0.0008450 secs] [Times: user=0.01 sys=0.00, real=0.00 secs] 
54.155: [GC 54.155: [ParNew: 6932K->709K(7616K), 0.0011229 secs] 21509K->15286K(24732K), 0.0011871 secs] [Times: user=0.00 sys=0.00, real=0.00 secs] 
54.162: [GC 54.162: [ParNew: 7214K->439K(7616K), 0.0017075 secs] 21791K->15178K(24732K), 0.0017892 secs] [Times: user=0.01 sys=0.00, real=0.00 secs] 
54.169: [GC 54.169: [ParNew: 6943K->894K(7616K), 0.0013306 secs] 21681K->15632K(24732K), 0.0014145 secs] [Times: user=0.01 sys=0.00, real=0.00 secs] 
54.174: [GC 54.175: [ParNew: 7419K->448K(7616K), 0.0015344 secs] 22158K->15819K(24732K), 0.0016066 secs] [Times: user=0.00 sys=0.00, real=0.00 secs] 
54.180: [GC 54.180: [ParNew: 6960K->404K(7616K), 0.0013964 secs] 22332K->15775K(24732K), 0.0014703 secs] [Times: user=0.00 sys=0.00, real=0.00 secs] 
54.187: [GC 54.187: [ParNew: 6821K->352K(7616K), 0.0007418 secs] 22192K->15724K(24732K), 0.0007896 secs] [Times: user=0.00 sys=0.00, real=0.00 secs] 
54.192: [GC 54.192: [ParNew: 6870K->544K(7616K), 0.0011915 secs] 22242K->15915K(24732K), 0.0012615 secs] [Times: user=0.00 sys=0.00, real=0.00 secs] 
54.198: [GC 54.198: [ParNew: 7059K->422K(7616K), 0.0011600 secs] 22430K->15794K(24732K), 0.0012437 secs] [Times: user=0.00 sys=0.00, real=0.01 secs] 
54.206: [GC 54.206: [ParNew: 6925K->313K(7616K), 0.0008776 secs] 22296K->15685K(24732K), 0.0009275 secs] [Times: user=0.00 sys=0.00, real=0.00 secs] 
54.214: [GC 54.214: [ParNew: 6809K->404K(7616K), 0.0008619 secs] 22180K->15776K(24732K), 0.0009110 secs] [Times: user=0.00 sys=0.00, real=0.00 secs] 
54.218: [GC 54.218: [ParNew: 6910K->454K(7616K), 0.0010410 secs] 22281K->15825K(24732K), 0.0011044 secs] [Times: user=0.01 sys=0.00, real=0.01 secs] 
54.223: [GC 54.224: [ParNew: 6980K->776K(7616K), 0.0013221 secs] 22351K->16147K(24732K), 0.0013914 secs] [Times: user=0.01 sys=0.00, real=0.00 secs] 
54.229: [GC 54.230: [ParNew: 7271K->593K(7616K), 0.0014597 secs] 22643K->16279K(24732K), 0.0015362 secs] [Times: user=0.00 sys=0.00, real=0.00 secs] 
54.236: [GC 54.237: [ParNew: 7117K->287K(7616K), 0.0020900 secs] 22802K->16284K(24732K), 0.0021653 secs] [Times: user=0.00 sys=0.00, real=0.01 secs] 
54.243: [GC 54.243: [ParNew: 6748K->1032K(7616K), 0.0015038 secs] 22745K->17030K(24732K), 0.0015711 secs] [Times: user=0.00 sys=0.00, real=0.00 secs] 
54.248: [GC 54.248: [ParNew: 7540K->617K(7616K), 0.0018841 secs] 23538K->17560K(24732K), 0.0019644 secs] [Times: user=0.00 sys=0.00, real=0.01 secs] 
54.254: [GC 54.254: [ParNew: 7089K->189K(7616K), 0.0013879 secs]54.256: [Tenured: 17352K->9114K(17500K), 0.0721412 secs] 24032K->9114K(25116K), [Perm : 10709K->10709K(21248K)], 0.0738597 secs] [Times: user=0.07 sys=0.00, real=0.07 secs] 
54.333: [GC 54.333: [ParNew: 6496K->728K(7616K), 0.0010417 secs] 15610K->9843K(24732K), 0.0011056 secs] [Times: user=0.00 sys=0.00, real=0.00 secs] 
54.339: [GC 54.340: [ParNew: 7256K->625K(7616K), 0.0012944 secs] 16371K->10416K(24732K), 0.0013856 secs] [Times: user=0.00 sys=0.00, real=0.00 secs] 
54.345: [GC 54.345: [ParNew: 7148K->309K(7616K), 0.0013865 secs] 16939K->10670K(24732K), 0.0014593 secs] [Times: user=0.00 sys=0.00, real=0.00 secs] 
54.351: [GC 54.351: [ParNew: 6833K->724K(7616K), 0.0011675 secs] 17194K->11085K(24732K), 0.0012314 secs] [Times: user=0.00 sys=0.00, real=0.00 secs] 
54.356: [GC 54.356: [ParNew: 7220K->954K(7616K), 0.0014522 secs] 17581K->11554K(24732K), 0.0015235 secs] [Times: user=0.00 sys=0.00, real=0.00 secs] 
54.366: [GC 54.366: [ParNew: 7426K->90K(7616K), 0.0013408 secs] 18027K->11479K(24732K), 0.0014257 secs] [Times: user=0.00 sys=0.00, real=0.00 secs] 
54.373: [GC 54.373: [ParNew: 6595K->173K(7616K), 0.0007410 secs] 17984K->11562K(24732K), 0.0007838 secs] [Times: user=0.00 sys=0.00, real=0.00 secs] 
54.381: [GC 54.381: [ParNew: 6688K->163K(7616K), 0.0007667 secs] 18077K->11552K(24732K), 0.0008176 secs] [Times: user=0.00 sys=0.00, real=0.00 secs] 
54.387: [GC 54.387: [ParNew: 6691K->433K(7616K), 0.0018513 secs] 18080K->11822K(24732K), 0.0019203 secs] [Times: user=0.00 sys=0.00, real=0.01 secs] 
54.397: [GC 54.398: [ParNew: 6949K->1015K(7616K), 0.0015502 secs] 18338K->12404K(24732K), 0.0016280 secs] [Times: user=0.00 sys=0.00, real=0.01 secs] 
54.403: [GC 54.403: [ParNew: 7543K->653K(7616K), 0.0018429 secs] 18932K->12923K(24732K), 0.0019322 secs] [Times: user=0.00 sys=0.00, real=0.00 secs] 
54.409: [GC 54.409: [ParNew: 7181K->535K(7616K), 0.0014858 secs] 19451K->13374K(24732K), 0.0015651 secs] [Times: user=0.00 sys=0.00, real=0.00 secs] 
54.416: [GC 54.416: [ParNew: 7063K->824K(7616K), 0.0013963 secs] 19902K->13663K(24732K), 0.0014716 secs] [Times: user=0.00 sys=0.00, real=0.00 secs] 
54.423: [GC 54.424: [ParNew: 7315K->775K(7616K), 0.0021322 secs] 20154K->14085K(24732K), 0.0022469 secs] [Times: user=0.00 sys=0.00, real=0.00 secs] 
54.432: [GC 54.433: [ParNew: 7266K->494K(7616K), 0.0016052 secs] 20575K->14091K(24732K), 0.0016745 secs] [Times: user=0.00 sys=0.01, real=0.00 secs] 
54.440: [GC 54.440: [ParNew: 7022K->593K(7616K), 0.0010476 secs] 20619K->14189K(24732K), 0.0012045 secs] [Times: user=0.00 sys=0.00, real=0.00 secs] 
54.446: [GC 54.446: [ParNew: 7121K->399K(7616K), 0.0012653 secs] 20717K->14408K(24732K), 0.0013370 secs] [Times: user=0.00 sys=0.00, real=0.00 secs] 
54.452: [GC 54.452: [ParNew: 6911K->1067K(7616K), 0.0016400 secs] 20920K->15119K(24732K), 0.0017210 secs] [Times: user=0.00 sys=0.00, real=0.00 secs] 
54.459: [GC 54.459: [ParNew: 7593K->508K(7616K), 0.0016685 secs] 21646K->15483K(24732K), 0.0017568 secs] [Times: user=0.00 sys=0.00, real=0.00 secs] 
54.465: [GC 54.465: [ParNew: 7023K->582K(7616K), 0.0010334 secs] 21997K->15556K(24732K), 0.0010984 secs] [Times: user=0.00 sys=0.00, real=0.00 secs] 
54.470: [GC 54.470: [ParNew: 7107K->298K(7616K), 0.0014784 secs] 22081K->15540K(24732K), 0.0015470 secs] [Times: user=0.00 sys=0.00, real=0.00 secs] 
54.475: [GC 54.475: [ParNew: 6817K->497K(7616K), 0.0012593 secs] 22059K->15739K(24732K), 0.0013185 secs] [Times: user=0.01 sys=0.00, real=0.00 secs] 
54.481: [GC 54.481: [ParNew: 7017K->499K(7616K), 0.0010007 secs] 22259K->15741K(24732K), 0.0010565 secs] [Times: user=0.01 sys=0.00, real=0.00 secs] 
54.487: [GC 54.487: [ParNew: 6985K->647K(7616K), 0.0013773 secs] 22227K->15889K(24732K), 0.0014738 secs] [Times: user=0.00 sys=0.00, real=0.01 secs] 
54.492: [GC 54.493: [ParNew: 7070K->454K(7616K), 0.0015248 secs] 22312K->15935K(24732K), 0.0016045 secs] [Times: user=0.00 sys=0.00, real=0.00 secs] 
54.498: [GC 54.498: [ParNew: 6982K->1020K(7616K), 0.0016384 secs] 22463K->16501K(24732K), 0.0017583 secs] [Times: user=0.00 sys=0.00, real=0.01 secs] 
54.505: [GC 54.505: [ParNew: 7530K->90K(7616K), 0.0013507 secs] 23011K->16411K(24732K), 0.0014329 secs] [Times: user=0.00 sys=0.00, real=0.00 secs] 
54.511: [GC 54.511: [ParNew: 6565K->623K(7616K), 0.0010740 secs] 22886K->16944K(24732K), 0.0011363 secs] [Times: user=0.00 sys=0.00, real=0.00 secs] 
54.518: [GC 54.518: [ParNew: 7136K->102K(7616K), 0.0012062 secs] 23457K->16976K(24732K), 0.0012694 secs] [Times: user=0.00 sys=0.00, real=0.01 secs] 
54.523: [GC 54.523: [ParNew: 6616K->226K(7616K), 0.0008791 secs] 23490K->17100K(24732K), 0.0009288 secs] [Times: user=0.00 sys=0.00, real=0.00 secs] 
54.528: [GC 54.528: [ParNew: 6753K->201K(7616K), 0.0009658 secs] 23627K->17075K(24732K), 0.0010297 secs] [Times: user=0.01 sys=0.00, real=0.01 secs] 
54.532: [GC 54.532: [ParNew: 6728K->795K(7616K), 0.0016210 secs] 23602K->17669K(24732K), 0.0016934 secs] [Times: user=0.00 sys=0.01, real=0.00 secs] 
54.539: [GC 54.539: [ParNew: 7307K->336K(7616K), 0.0012723 secs]54.540: [Tenured: 17498K->8983K(17500K), 0.0727346 secs] 24181K->8983K(25116K), [Perm : 10709K->10709K(21248K)], 0.0743315 secs] [Times: user=0.07 sys=0.00, real=0.07 secs] 
54.617: [GC 54.617: [ParNew: 6501K->196K(7616K), 0.0006956 secs] 15484K->9179K(24732K), 0.0007429 secs] [Times: user=0.00 sys=0.00, real=0.00 secs] 
54.622: [GC 54.622: [ParNew: 6701K->220K(7616K), 0.0007735 secs] 15684K->9203K(24732K), 0.0008217 secs] [Times: user=0.00 sys=0.00, real=0.00 secs] 
54.626: [GC 54.626: [ParNew: 6708K->678K(7616K), 0.0013345 secs] 15691K->9661K(24732K), 0.0013997 secs] [Times: user=0.01 sys=0.00, real=0.00 secs] 
54.633: [GC 54.633: [ParNew: 7178K->695K(7616K), 0.0012593 secs] 16161K->9888K(24732K), 0.0013392 secs] [Times: user=0.00 sys=0.00, real=0.00 secs] 
54.640: [GC 54.640: [ParNew: 7102K->654K(7616K), 0.0010361 secs] 16296K->10081K(24732K), 0.0011139 secs] [Times: user=0.00 sys=0.00, real=0.00 secs] 
54.645: [GC 54.645: [ParNew: 7075K->527K(7616K), 0.0011437 secs] 16502K->10091K(24732K), 0.0012223 secs] [Times: user=0.00 sys=0.00, real=0.00 secs] 
54.652: [GC 54.652: [ParNew: 7051K->507K(7616K), 0.0008272 secs] 16614K->10071K(24732K), 0.0008793 secs] [Times: user=0.00 sys=0.00, real=0.00 secs] 
54.657: [GC 54.657: [ParNew: 6933K->482K(7616K), 0.0008992 secs] 16496K->10046K(24732K), 0.0009545 secs] [Times: user=0.00 sys=0.00, real=0.00 secs] 
54.662: [GC 54.662: [ParNew: 6974K->851K(7616K), 0.0012419 secs] 16538K->10414K(24732K), 0.0013286 secs] [Times: user=0.01 sys=0.00, real=0.00 secs] 
54.667: [GC 54.667: [ParNew: 7369K->155K(7616K), 0.0011427 secs] 16933K->10257K(24732K), 0.0012081 secs] [Times: user=0.01 sys=0.00, real=0.00 secs] 
54.672: [GC 54.672: [ParNew: 6676K->721K(7616K), 0.0012647 secs] 16779K->10824K(24732K), 0.0013275 secs] [Times: user=0.00 sys=0.00, real=0.00 secs] 
54.678: [GC 54.678: [ParNew: 7241K->232K(7616K), 0.0013604 secs] 17343K->10956K(24732K), 0.0014286 secs] [Times: user=0.00 sys=0.00, real=0.01 secs] 
54.684: [GC 54.684: [ParNew: 6746K->994K(7616K), 0.0014491 secs] 17470K->11719K(24732K), 0.0015323 secs] [Times: user=0.00 sys=0.00, real=0.00 secs] 
54.690: [GC 54.690: [ParNew: 7521K->336K(7616K), 0.0015920 secs] 18245K->11877K(24732K), 0.0016641 secs] [Times: user=0.00 sys=0.01, real=0.00 secs] 
54.696: [GC 54.697: [ParNew: 6853K->658K(7616K), 0.0012522 secs] 18393K->12198K(24732K), 0.0013302 secs] [Times: user=0.00 sys=0.00, real=0.00 secs] 
54.702: [GC 54.702: [ParNew: 7180K->562K(7616K), 0.0012984 secs] 18720K->12230K(24732K), 0.0013749 secs] [Times: user=0.00 sys=0.00, real=0.00 secs] 
54.707: [GC 54.707: [ParNew: 7060K->575K(7616K), 0.0019549 secs] 18728K->12485K(24732K), 0.0020723 secs] [Times: user=0.01 sys=0.00, real=0.01 secs] 
54.714: [GC 54.715: [ParNew: 7044K->780K(7616K), 0.0011640 secs] 18954K->12883K(24732K), 0.0012424 secs] [Times: user=0.01 sys=0.00, real=0.00 secs] 
54.721: [GC 54.721: [ParNew: 7273K->365K(7616K), 0.0011246 secs] 19375K->12889K(24732K), 0.0012028 secs] [Times: user=0.00 sys=0.00, real=0.00 secs] 
54.728: [GC 54.728: [ParNew: 6861K->406K(7616K), 0.0007893 secs] 19385K->12930K(24732K), 0.0008417 secs] [Times: user=0.00 sys=0.00, real=0.01 secs] 
54.733: [GC 54.733: [ParNew: 6923K->653K(7616K), 0.0010567 secs] 19446K->13177K(24732K), 0.0011158 secs] [Times: user=0.00 sys=0.00, real=0.00 secs] 
54.737: [GC 54.738: [ParNew: 7180K->826K(7616K), 0.0021574 secs] 19703K->13513K(24732K), 0.0022275 secs] [Times: user=0.00 sys=0.00, real=0.01 secs] 
54.744: [GC 54.744: [ParNew: 7342K->625K(7616K), 0.0015875 secs] 20029K->13747K(24732K), 0.0016566 secs] [Times: user=0.00 sys=0.00, real=0.00 secs] 
54.749: [GC 54.749: [ParNew: 7072K->533K(7616K), 0.0013339 secs] 20194K->13989K(24732K), 0.0014020 secs] [Times: user=0.00 sys=0.00, real=0.00 secs] 
54.755: [GC 54.755: [ParNew: 7031K->536K(7616K), 0.0009734 secs] 20486K->13991K(24732K), 0.0010330 secs] [Times: user=0.00 sys=0.00, real=0.00 secs] 
54.760: [GC 54.760: [ParNew: 7017K->720K(7616K), 0.0010598 secs] 20472K->14175K(24732K), 0.0011477 secs] [Times: user=0.01 sys=0.00, real=0.00 secs] 
54.765: [GC 54.765: [ParNew: 7236K->156K(7616K), 0.0012698 secs] 20692K->13936K(24732K), 0.0013315 secs] [Times: user=0.00 sys=0.00, real=0.00 secs] 
54.771: [GC 54.771: [ParNew: 6648K->400K(7616K), 0.0008799 secs] 20428K->14180K(24732K), 0.0009301 secs] [Times: user=0.00 sys=0.00, real=0.00 secs] 
54.778: [GC 54.778: [ParNew: 6918K->396K(7616K), 0.0011844 secs] 20698K->14176K(24732K), 0.0012506 secs] [Times: user=0.00 sys=0.00, real=0.01 secs] 
54.786: [GC 54.786: [ParNew: 6923K->1047K(7616K), 0.0016827 secs] 20703K->14827K(24732K), 0.0017512 secs] [Times: user=0.00 sys=0.00, real=0.00 secs] 
54.796: [GC 54.796: [ParNew: 7545K->590K(7616K), 0.0019749 secs] 21325K->15244K(24732K), 0.0020818 secs] [Times: user=0.00 sys=0.00, real=0.01 secs] 
54.805: [GC 54.805: [ParNew: 7068K->326K(7616K), 0.0011446 secs] 21723K->15493K(24732K), 0.0012216 secs] [Times: user=0.00 sys=0.00, real=0.00 secs] 
54.812: [GC 54.812: [ParNew: 6854K->496K(7616K), 0.0012490 secs] 22021K->15662K(24732K), 0.0013229 secs] [Times: user=0.00 sys=0.00, real=0.00 secs] 
54.817: [GC 54.817: [ParNew: 6971K->338K(7616K), 0.0008190 secs] 22137K->15505K(24732K), 0.0008669 secs] [Times: user=0.00 sys=0.00, real=0.00 secs] 
54.824: [GC 54.824: [ParNew: 6840K->1007K(7616K), 0.0017093 secs] 22006K->16174K(24732K), 0.0018024 secs] [Times: user=0.00 sys=0.00, real=0.00 secs] 
54.831: [GC 54.831: [ParNew: 7526K->470K(7616K), 0.0014024 secs] 22692K->16298K(24732K), 0.0014760 secs] [Times: user=0.00 sys=0.00, real=0.00 secs] 
54.839: [GC 54.839: [ParNew: 6962K->639K(7616K), 0.0014545 secs] 22790K->16467K(24732K), 0.0015204 secs] [Times: user=0.00 sys=0.00, real=0.00 secs] 
54.846: [GC 54.846: [ParNew: 7143K->286K(7616K), 0.0017451 secs] 22971K->16296K(24732K), 0.0018353 secs] [Times: user=0.00 sys=0.00, real=0.00 secs] 
54.852: [GC 54.852: [ParNew: 6809K->557K(7616K), 0.0010370 secs] 22818K->16566K(24732K), 0.0010990 secs] [Times: user=0.01 sys=0.00, real=0.00 secs] 
54.857: [GC 54.857: [ParNew: 7027K->389K(7616K), 0.0013819 secs] 23036K->16568K(24732K), 0.0014460 secs] [Times: user=0.00 sys=0.00, real=0.00 secs] 
54.863: [GC 54.863: [ParNew: 6881K->396K(7616K), 0.0008372 secs] 23059K->16574K(24732K), 0.0008906 secs] [Times: user=0.00 sys=0.00, real=0.00 secs] 
54.875: [GC 54.875: [ParNew: 6924K->357K(7616K), 0.0008232 secs] 23102K->16535K(24732K), 0.0008896 secs] [Times: user=0.01 sys=0.00, real=0.00 secs] 
54.885: [GC 54.885: [ParNew: 6885K->404K(7616K), 0.0016633 secs] 23063K->16582K(24732K), 0.0017347 secs] [Times: user=0.00 sys=0.00, real=0.00 secs] 
54.892: [GC 54.892: [ParNew: 6915K->373K(7616K), 0.0015977 secs] 23094K->16551K(24732K), 0.0016834 secs] [Times: user=0.00 sys=0.00, real=0.00 secs] 
54.898: [GC 54.898: [ParNew: 6898K->385K(7616K), 0.0014936 secs] 23077K->16563K(24732K), 0.0015742 secs] [Times: user=0.00 sys=0.01, real=0.01 secs] 
54.905: [GC 54.905: [ParNew: 6849K->539K(7616K), 0.0012368 secs] 23028K->16717K(24732K), 0.0012988 secs] [Times: user=0.01 sys=0.00, real=0.00 secs] 
54.910: [GC 54.910: [ParNew: 6971K->693K(7616K), 0.0011231 secs] 23149K->16871K(24732K), 0.0011905 secs] [Times: user=0.00 sys=0.00, real=0.00 secs] 
54.916: [GC 54.916: [ParNew: 7195K->629K(7616K), 0.0015373 secs] 23374K->16973K(24732K), 0.0016080 secs] [Times: user=0.01 sys=0.00, real=0.00 secs] 
54.922: [GC 54.922: [ParNew: 7143K->365K(7616K), 0.0012066 secs] 23487K->16800K(24732K), 0.0012626 secs] [Times: user=0.01 sys=0.00, real=0.00 secs] 
54.928: [GC 54.928: [ParNew: 6878K->389K(7616K), 0.0017699 secs] 23313K->16824K(24732K), 0.0018349 secs] [Times: user=0.00 sys=0.00, real=0.01 secs] 
54.933: [GC 54.933: [ParNew: 6904K->489K(7616K), 0.0011466 secs] 23339K->16924K(24732K), 0.0012080 secs] [Times: user=0.00 sys=0.00, real=0.00 secs] 
54.939: [GC 54.939: [ParNew: 6962K->858K(7616K), 0.0011296 secs] 23397K->17294K(24732K), 0.0012123 secs] [Times: user=0.00 sys=0.00, real=0.00 secs] 
54.944: [GC 54.944: [ParNew: 7377K->644K(7616K), 0.0017433 secs] 23813K->17394K(24732K), 0.0018207 secs] [Times: user=0.00 sys=0.00, real=0.00 secs] 
54.951: [GC 54.951: [ParNew: 7162K->491K(7616K), 0.0013588 secs] 23912K->17349K(24732K), 0.0014375 secs] [Times: user=0.00 sys=0.00, real=0.00 secs] 
54.956: [GC 54.956: [ParNew: 6978K->448K(7616K), 0.0010190 secs] 23837K->17307K(24732K), 0.0010773 secs] [Times: user=0.00 sys=0.00, real=0.00 secs] 
54.962: [GC 54.962: [ParNew: 6945K->817K(7616K), 0.0011595 secs] 23803K->17675K(24732K), 0.0012243 secs] [Times: user=0.01 sys=0.00, real=0.00 secs] 
54.967: [GC 54.967: [ParNew: 7304K->252K(7616K), 0.0012794 secs]54.969: [Tenured: 17356K->7704K(17500K), 0.0707670 secs] 24163K->7704K(25116K), [Perm : 10710K->10710K(21248K)], 0.0723641 secs] [Times: user=0.07 sys=0.00, real=0.08 secs] 
55.045: [GC 55.045: [ParNew: 6520K->406K(7616K), 0.0010160 secs] 14224K->8110K(24732K), 0.0010768 secs] [Times: user=0.00 sys=0.00, real=0.00 secs] 
55.050: [GC 55.050: [ParNew: 6928K->596K(7616K), 0.0010852 secs] 14632K->8301K(24732K), 0.0011450 secs] [Times: user=0.00 sys=0.00, real=0.00 secs] 
55.055: [GC 55.055: [ParNew: 7120K->487K(7616K), 0.0014920 secs] 14825K->8514K(24732K), 0.0015673 secs] [Times: user=0.00 sys=0.00, real=0.00 secs] 
55.061: [GC 55.061: [ParNew: 7010K->534K(7616K), 0.0010588 secs] 15037K->8561K(24732K), 0.0011174 secs] [Times: user=0.00 sys=0.00, real=0.00 secs] 
55.066: [GC 55.066: [ParNew: 7041K->540K(7616K), 0.0010312 secs] 15067K->8567K(24732K), 0.0010934 secs] [Times: user=0.01 sys=0.00, real=0.00 secs] 
55.071: [GC 55.071: [ParNew: 7052K->619K(7616K), 0.0011184 secs] 15079K->8646K(24732K), 0.0011780 secs] [Times: user=0.00 sys=0.00, real=0.00 secs] 
55.081: [GC 55.081: [ParNew: 7130K->574K(7616K), 0.0011508 secs] 15157K->8829K(24732K), 0.0012101 secs] [Times: user=0.01 sys=0.00, real=0.00 secs] 
55.089: [GC 55.089: [ParNew: 7102K->485K(7616K), 0.0009745 secs] 15357K->8840K(24732K), 0.0010398 secs] [Times: user=0.00 sys=0.00, real=0.00 secs] 
55.094: [GC 55.094: [ParNew: 7013K->965K(7616K), 0.0013655 secs] 15368K->9320K(24732K), 0.0014365 secs] [Times: user=0.01 sys=0.00, real=0.00 secs] 
55.100: [GC 55.100: [ParNew: 7475K->594K(7616K), 0.0020659 secs] 15830K->9648K(24732K), 0.0021495 secs] [Times: user=0.01 sys=0.00, real=0.00 secs] 
55.106: [GC 55.106: [ParNew: 7107K->464K(7616K), 0.0014265 secs] 16161K->10078K(24732K), 0.0015186 secs] [Times: user=0.01 sys=0.00, real=0.00 secs] 
55.112: [GC 55.113: [ParNew: 6989K->879K(7616K), 0.0011687 secs] 16604K->10493K(24732K), 0.0012373 secs] [Times: user=0.00 sys=0.00, real=0.00 secs] 
55.120: [GC 55.120: [ParNew: 7407K->623K(7616K), 0.0013856 secs] 17021K->10646K(24732K), 0.0014714 secs] [Times: user=0.01 sys=0.00, real=0.00 secs] 
55.125: [GC 55.125: [ParNew: 7150K->226K(7616K), 0.0013744 secs] 17172K->10684K(24732K), 0.0014892 secs] [Times: user=0.00 sys=0.00, real=0.00 secs] 
55.130: [GC 55.130: [ParNew: 6749K->541K(7616K), 0.0010098 secs] 17206K->10998K(24732K), 0.0011286 secs] [Times: user=0.00 sys=0.00, real=0.00 secs] 
55.135: [GC 55.135: [ParNew: 7068K->491K(7616K), 0.0010143 secs] 17525K->10949K(24732K), 0.0010706 secs] [Times: user=0.00 sys=0.00, real=0.00 secs] 
55.142: [GC 55.142: [ParNew: 7019K->1084K(7616K), 0.0014465 secs] 17477K->11541K(24732K), 0.0015468 secs] [Times: user=0.00 sys=0.00, real=0.00 secs] 
55.147: [GC 55.148: [ParNew: 7601K->155K(7616K), 0.0017475 secs] 18059K->11469K(24732K), 0.0018265 secs] [Times: user=0.00 sys=0.00, real=0.01 secs] 
55.153: [GC 55.153: [ParNew: 6647K->481K(7616K), 0.0009467 secs] 17961K->11795K(24732K), 0.0010024 secs] [Times: user=0.00 sys=0.00, real=0.00 secs] 
55.158: [GC 55.158: [ParNew: 6964K->392K(7616K), 0.0010191 secs] 18278K->11705K(24732K), 0.0010908 secs] [Times: user=0.01 sys=0.00, real=0.01 secs] 
55.163: [GC 55.163: [ParNew: 6898K->490K(7616K), 0.0009806 secs] 18212K->11803K(24732K), 0.0010381 secs] [Times: user=0.00 sys=0.00, real=0.00 secs] 
55.168: [GC 55.168: [ParNew: 7004K->595K(7616K), 0.0011691 secs] 18317K->11909K(24732K), 0.0012294 secs] [Times: user=0.00 sys=0.00, real=0.01 secs] 
55.174: [GC 55.174: [ParNew: 7108K->871K(7616K), 0.0013303 secs] 18421K->12259K(24732K), 0.0014008 secs] [Times: user=0.00 sys=0.00, real=0.00 secs] 
55.180: [GC 55.180: [ParNew: 7386K->543K(7616K), 0.0013496 secs] 18773K->12301K(24732K), 0.0014180 secs] [Times: user=0.00 sys=0.00, real=0.00 secs] 
55.185: [GC 55.185: [ParNew: 7069K->821K(7616K), 0.0011122 secs] 18827K->12579K(24732K), 0.0011746 secs] [Times: user=0.00 sys=0.00, real=0.00 secs] 
55.191: [GC 55.191: [ParNew: 7335K->1062K(7616K), 0.0019093 secs] 19093K->13251K(24732K), 0.0020223 secs] [Times: user=0.00 sys=0.00, real=0.00 secs] 
55.199: [GC 55.199: [ParNew: 7586K->55K(7616K), 0.0030856 secs] 19775K->13224K(24732K), 0.0031729 secs] [Times: user=0.00 sys=0.00, real=0.00 secs] 
55.208: [GC 55.208: [ParNew: 6573K->382K(7616K), 0.0008609 secs] 19743K->13552K(24732K), 0.0009211 secs] [Times: user=0.00 sys=0.00, real=0.01 secs] 
55.213: [GC 55.213: [ParNew: 6862K->686K(7616K), 0.0011868 secs] 20032K->13855K(24732K), 0.0012513 secs] [Times: user=0.01 sys=0.00, real=0.00 secs] 
55.218: [GC 55.218: [ParNew: 7178K->430K(7616K), 0.0015569 secs] 20347K->13934K(24732K), 0.0016317 secs] [Times: user=0.01 sys=0.00, real=0.01 secs] 
55.223: [GC 55.224: [ParNew: 6950K->309K(7616K), 0.0008981 secs] 20454K->13812K(24732K), 0.0009646 secs] [Times: user=0.00 sys=0.00, real=0.00 secs] 
55.228: [GC 55.228: [ParNew: 6797K->367K(7616K), 0.0014753 secs] 20301K->13871K(24732K), 0.0015501 secs] [Times: user=0.00 sys=0.00, real=0.01 secs] 
55.233: [GC 55.233: [ParNew: 6827K->647K(7616K), 0.0011995 secs] 20331K->14151K(24732K), 0.0012659 secs] [Times: user=0.00 sys=0.00, real=0.00 secs] 
55.239: [GC 55.239: [ParNew: 7068K->551K(7616K), 0.0009470 secs] 20572K->14162K(24732K), 0.0010199 secs] [Times: user=0.00 sys=0.00, real=0.00 secs] 
55.245: [GC 55.246: [ParNew: 7060K->524K(7616K), 0.0009915 secs] 20671K->14220K(24732K), 0.0010517 secs] [Times: user=0.00 sys=0.00, real=0.00 secs] 
55.250: [GC 55.251: [ParNew: 7049K->381K(7616K), 0.0008395 secs] 20745K->14077K(24732K), 0.0008904 secs] [Times: user=0.01 sys=0.00, real=0.00 secs] 
55.257: [GC 55.257: [ParNew: 6884K->984K(7616K), 0.0012451 secs] 20580K->14680K(24732K), 0.0013154 secs] [Times: user=0.00 sys=0.00, real=0.00 secs] 
55.262: [GC 55.262: [ParNew: 7481K->215K(7616K), 0.0014306 secs] 21177K->14756K(24732K), 0.0015131 secs] [Times: user=0.00 sys=0.00, real=0.00 secs] 
55.268: [GC 55.268: [ParNew: 6712K->408K(7616K), 0.0009645 secs] 21252K->14949K(24732K), 0.0010229 secs] [Times: user=0.00 sys=0.00, real=0.01 secs] 
55.273: [GC 55.273: [ParNew: 6927K->444K(7616K), 0.0009988 secs] 21467K->14985K(24732K), 0.0010722 secs] [Times: user=0.00 sys=0.00, real=0.00 secs] 
55.278: [GC 55.278: [ParNew: 6948K->632K(7616K), 0.0010625 secs] 21488K->15173K(24732K), 0.0011328 secs] [Times: user=0.00 sys=0.00, real=0.01 secs] 
55.284: [GC 55.285: [ParNew: 7131K->290K(7616K), 0.0012065 secs] 21671K->14965K(24732K), 0.0012668 secs] [Times: user=0.00 sys=0.00, real=0.00 secs] 
55.291: [GC 55.291: [ParNew: 6789K->842K(7616K), 0.0011282 secs] 21463K->15516K(24732K), 0.0011960 secs] [Times: user=0.01 sys=0.00, real=0.00 secs] 
55.298: [GC 55.298: [ParNew: 7351K->640K(7616K), 0.0012305 secs] 22026K->15750K(24732K), 0.0012953 secs] [Times: user=0.01 sys=0.00, real=0.01 secs] 
55.308: [GC 55.308: [ParNew: 7077K->237K(7616K), 0.0010078 secs] 22187K->15681K(24732K), 0.0010994 secs] [Times: user=0.00 sys=0.00, real=0.01 secs] 
55.313: [GC 55.313: [ParNew: 6739K->362K(7616K), 0.0009330 secs] 22183K->15806K(24732K), 0.0009995 secs] [Times: user=0.00 sys=0.00, real=0.00 secs] 
55.319: [GC 55.319: [ParNew: 6890K->325K(7616K), 0.0008494 secs] 22334K->15769K(24732K), 0.0009014 secs] [Times: user=0.00 sys=0.00, real=0.00 secs] 
55.324: [GC 55.324: [ParNew: 6841K->504K(7616K), 0.0012578 secs] 22285K->15948K(24732K), 0.0013359 secs] [Times: user=0.00 sys=0.00, real=0.00 secs] 
55.329: [GC 55.329: [ParNew: 7020K->704K(7616K), 0.0011603 secs] 22464K->16148K(24732K), 0.0012351 secs] [Times: user=0.00 sys=0.00, real=0.00 secs] 
55.334: [GC 55.334: [ParNew: 7225K->700K(7616K), 0.0014899 secs] 22669K->16347K(24732K), 0.0015752 secs] [Times: user=0.00 sys=0.00, real=0.00 secs] 
55.340: [GC 55.340: [ParNew: 7223K->581K(7616K), 0.0011877 secs] 22870K->16594K(24732K), 0.0012523 secs] [Times: user=0.00 sys=0.00, real=0.00 secs] 
55.346: [GC 55.346: [ParNew: 7077K->655K(7616K), 0.0015531 secs] 23090K->16900K(24732K), 0.0016342 secs] [Times: user=0.01 sys=0.00, real=0.00 secs] 
55.352: [GC 55.352: [ParNew: 7160K->528K(7616K), 0.0010760 secs] 23404K->16921K(24732K), 0.0011452 secs] [Times: user=0.01 sys=0.00, real=0.00 secs] 
55.358: [GC 55.358: [ParNew: 7010K->490K(7616K), 0.0012663 secs] 23403K->16883K(24732K), 0.0013446 secs] [Times: user=0.00 sys=0.00, real=0.01 secs] 
55.363: [GC 55.363: [ParNew: 6990K->789K(7616K), 0.0011844 secs] 23383K->17182K(24732K), 0.0012522 secs] [Times: user=0.00 sys=0.01, real=0.00 secs] 
55.369: [GC 55.369: [ParNew: 7286K->386K(7616K), 0.0013198 secs] 23679K->17075K(24732K), 0.0013953 secs] [Times: user=0.00 sys=0.00, real=0.00 secs] 
55.375: [GC 55.375: [ParNew: 6913K->602K(7616K), 0.0010685 secs] 23601K->17290K(24732K), 0.0011428 secs] [Times: user=0.00 sys=0.00, real=0.00 secs] 
55.380: [GC 55.380: [ParNew: 7117K->738K(7616K), 0.0015571 secs] 23805K->17615K(24732K), 0.0016450 secs] [Times: user=0.00 sys=0.00, real=0.00 secs] 
55.386: [GC 55.386: [ParNew: 7240K->741K(7616K), 0.0027355 secs]55.389: [Tenured: 17168K->8386K(17308K), 0.0711399 secs] 24116K->8386K(24924K), [Perm : 10710K->10710K(21248K)], 0.0741275 secs] [Times: user=0.07 sys=0.00, real=0.08 secs] 
55.464: [GC 55.464: [ParNew: 6488K->502K(7616K), 0.0009894 secs] 14875K->8889K(24732K), 0.0010457 secs] [Times: user=0.01 sys=0.00, real=0.00 secs] 
55.469: [GC 55.469: [ParNew: 7011K->541K(7616K), 0.0009915 secs] 15398K->8927K(24732K), 0.0010507 secs] [Times: user=0.00 sys=0.00, real=0.00 secs] 
55.474: [GC 55.474: [ParNew: 7066K->444K(7616K), 0.0012057 secs] 15453K->8830K(24732K), 0.0012690 secs] [Times: user=0.00 sys=0.00, real=0.00 secs] 
55.479: [GC 55.479: [ParNew: 6953K->814K(7616K), 0.0013195 secs] 15340K->9200K(24732K), 0.0013958 secs] [Times: user=0.00 sys=0.00, real=0.00 secs] 
55.484: [GC 55.484: [ParNew: 7320K->459K(7616K), 0.0012061 secs] 15707K->9169K(24732K), 0.0012780 secs] [Times: user=0.00 sys=0.00, real=0.00 secs] 
55.490: [GC 55.490: [ParNew: 6969K->563K(7616K), 0.0008869 secs] 15679K->9273K(24732K), 0.0009454 secs] [Times: user=0.00 sys=0.00, real=0.00 secs] 
55.495: [GC 55.495: [ParNew: 7058K->471K(7616K), 0.0011151 secs] 15769K->9237K(24732K), 0.0011761 secs] [Times: user=0.00 sys=0.00, real=0.00 secs] 
55.502: [GC 55.502: [ParNew: 6963K->853K(7616K), 0.0012811 secs] 15729K->9619K(24732K), 0.0013641 secs] [Times: user=0.01 sys=0.00, real=0.00 secs] 
55.509: [GC 55.509: [ParNew: 7349K->496K(7616K), 0.0012799 secs] 16115K->9568K(24732K), 0.0013489 secs] [Times: user=0.01 sys=0.00, real=0.00 secs] 
55.514: [GC 55.515: [ParNew: 7024K->715K(7616K), 0.0010878 secs] 16096K->9787K(24732K), 0.0011638 secs] [Times: user=0.00 sys=0.00, real=0.00 secs] 
55.520: [GC 55.520: [ParNew: 7232K->733K(7616K), 0.0015926 secs] 16304K->10034K(24732K), 0.0016682 secs] [Times: user=0.00 sys=0.00, real=0.00 secs] 
55.525: [GC 55.525: [ParNew: 7238K->253K(7616K), 0.0011208 secs] 16539K->10000K(24732K), 0.0011842 secs] [Times: user=0.00 sys=0.00, real=0.00 secs] 
55.530: [GC 55.530: [ParNew: 6739K->915K(7616K), 0.0012107 secs] 16486K->10661K(24732K), 0.0012804 secs] [Times: user=0.00 sys=0.00, real=0.00 secs] 
55.535: [GC 55.536: [ParNew: 7422K->418K(7616K), 0.0024059 secs] 17169K->10805K(24732K), 0.0024843 secs] [Times: user=0.00 sys=0.00, real=0.00 secs] 
55.542: [GC 55.542: [ParNew: 6926K->861K(7616K), 0.0012078 secs] 17313K->11249K(24732K), 0.0012776 secs] [Times: user=0.00 sys=0.00, real=0.00 secs] 
55.547: [GC 55.547: [ParNew: 7342K->478K(7616K), 0.0012666 secs] 17729K->11204K(24732K), 0.0013371 secs] [Times: user=0.00 sys=0.00, real=0.01 secs] 
55.553: [GC 55.553: [ParNew: 6994K->830K(7616K), 0.0012403 secs] 17721K->11557K(24732K), 0.0013076 secs] [Times: user=0.00 sys=0.00, real=0.00 secs] 
55.558: [GC 55.558: [ParNew: 7354K->718K(7616K), 0.0017513 secs] 18081K->11732K(24732K), 0.0018230 secs] [Times: user=0.01 sys=0.00, real=0.01 secs] 
55.564: [GC 55.564: [ParNew: 7229K->437K(7616K), 0.0012698 secs] 18242K->11858K(24732K), 0.0013389 secs] [Times: user=0.01 sys=0.00, real=0.00 secs] 
55.569: [GC 55.569: [ParNew: 6884K->364K(7616K), 0.0008726 secs] 18304K->11785K(24732K), 0.0009235 secs] [Times: user=0.00 sys=0.00, real=0.00 secs] 
55.574: [GC 55.574: [ParNew: 6835K->368K(7616K), 0.0008505 secs] 18256K->11789K(24732K), 0.0009031 secs] [Times: user=0.00 sys=0.00, real=0.00 secs] 
55.579: [GC 55.579: [ParNew: 6879K->488K(7616K), 0.0009315 secs] 18300K->11909K(24732K), 0.0009907 secs] [Times: user=0.00 sys=0.00, real=0.00 secs] 
55.584: [GC 55.584: [ParNew: 6982K->739K(7616K), 0.0011497 secs] 18403K->12160K(24732K), 0.0012163 secs] [Times: user=0.00 sys=0.00, real=0.00 secs] 
55.590: [GC 55.590: [ParNew: 7264K->1061K(7616K), 0.0017590 secs] 18685K->12797K(24732K), 0.0018424 secs] [Times: user=0.00 sys=0.00, real=0.00 secs] 
55.597: [GC 55.597: [ParNew: 7540K->563K(7616K), 0.0018369 secs] 19276K->13270K(24732K), 0.0019270 secs] [Times: user=0.01 sys=0.00, real=0.01 secs] 
55.604: [GC 55.604: [ParNew: 7084K->817K(7616K), 0.0015688 secs] 19791K->14021K(24732K), 0.0016453 secs] [Times: user=0.01 sys=0.00, real=0.00 secs] 
55.611: [GC 55.611: [ParNew: 7321K->285K(7616K), 0.0012090 secs] 20525K->14203K(24732K), 0.0012843 secs] [Times: user=0.00 sys=0.00, real=0.00 secs] 
55.617: [GC 55.617: [ParNew: 6781K->750K(7616K), 0.0010936 secs] 20699K->14668K(24732K), 0.0011595 secs] [Times: user=0.01 sys=0.00, real=0.00 secs] 
55.622: [GC 55.622: [ParNew: 7272K->480K(7616K), 0.0012871 secs] 21190K->14888K(24732K), 0.0013596 secs] [Times: user=0.01 sys=0.00, real=0.00 secs] 
55.632: [GC 55.632: [ParNew: 6977K->792K(7616K), 0.0011311 secs] 21384K->15199K(24732K), 0.0012086 secs] [Times: user=0.00 sys=0.00, real=0.00 secs] 
55.637: [GC 55.637: [ParNew: 7268K->222K(7616K), 0.0017361 secs] 21675K->15066K(24732K), 0.0018116 secs] [Times: user=0.00 sys=0.00, real=0.01 secs] 
55.644: [GC 55.644: [ParNew: 6748K->725K(7616K), 0.0011381 secs] 21592K->15569K(24732K), 0.0012174 secs] [Times: user=0.00 sys=0.00, real=0.00 secs] 
55.651: [GC 55.651: [ParNew: 7222K->781K(7616K), 0.0014644 secs] 22066K->16220K(24732K), 0.0015364 secs] [Times: user=0.00 sys=0.00, real=0.00 secs] 
55.657: [GC 55.658: [ParNew: 7309K->76K(7616K), 0.0010873 secs] 22748K->15994K(24732K), 0.0011475 secs] [Times: user=0.00 sys=0.00, real=0.01 secs] 
55.664: [GC 55.664: [ParNew: 6604K->231K(7616K), 0.0008122 secs] 22522K->16149K(24732K), 0.0008601 secs] [Times: user=0.00 sys=0.00, real=0.00 secs] 
55.668: [GC 55.668: [ParNew: 6750K->453K(7616K), 0.0010229 secs] 22668K->16371K(24732K), 0.0010812 secs] [Times: user=0.00 sys=0.00, real=0.01 secs] 
55.675: [GC 55.675: [ParNew: 6981K->1033K(7616K), 0.0014281 secs] 22899K->17173K(24732K), 0.0015164 secs] [Times: user=0.00 sys=0.00, real=0.00 secs] 
55.682: [GC 55.682: [ParNew: 7526K->121K(7616K), 0.0015212 secs] 23666K->17088K(24732K), 0.0016209 secs] [Times: user=0.00 sys=0.00, real=0.00 secs] 
55.688: [GC 55.688: [ParNew: 6524K->800K(7616K), 0.0010640 secs] 23490K->17766K(24732K), 0.0011330 secs] [Times: user=0.01 sys=0.00, real=0.01 secs] 
55.693: [GC 55.693: [ParNew: 7309K->211K(7616K), 0.0013062 secs]55.694: [Tenured: 17494K->8781K(17500K), 0.0714916 secs] 24275K->8781K(25116K), [Perm : 10710K->10710K(21248K)], 0.0731393 secs] [Times: user=0.07 sys=0.01, real=0.07 secs] 
55.770: [GC 55.770: [ParNew: 6475K->328K(7616K), 0.0008239 secs] 15256K->9109K(24732K), 0.0008750 secs] [Times: user=0.00 sys=0.00, real=0.00 secs] 
55.775: [GC 55.775: [ParNew: 6855K->866K(7616K), 0.0013956 secs] 15636K->9648K(24732K), 0.0014654 secs] [Times: user=0.00 sys=0.00, real=0.00 secs] 
55.781: [GC 55.781: [ParNew: 7379K->154K(7616K), 0.0010545 secs] 16161K->9375K(24732K), 0.0011216 secs] [Times: user=0.00 sys=0.00, real=0.00 secs] 
55.787: [GC 55.787: [ParNew: 6682K->716K(7616K), 0.0019944 secs] 15903K->9938K(24732K), 0.0020619 secs] [Times: user=0.00 sys=0.00, real=0.01 secs] 
55.793: [GC 55.793: [ParNew: 7233K->65K(7616K), 0.0010288 secs] 16455K->9796K(24732K), 0.0010881 secs] [Times: user=0.00 sys=0.00, real=0.00 secs] 
55.798: [GC 55.798: [ParNew: 6588K->306K(7616K), 0.0007824 secs] 16319K->10037K(24732K), 0.0008343 secs] [Times: user=0.01 sys=0.00, real=0.01 secs] 
55.804: [GC 55.804: [ParNew: 6785K->765K(7616K), 0.0010352 secs] 16516K->10495K(24732K), 0.0011048 secs] [Times: user=0.00 sys=0.00, real=0.00 secs] 
55.809: [GC 55.809: [ParNew: 7279K->940K(7616K), 0.0014667 secs] 17010K->10805K(24732K), 0.0015641 secs] [Times: user=0.00 sys=0.00, real=0.00 secs] 
55.816: [GC 55.816: [ParNew: 7458K->78K(7616K), 0.0012131 secs] 17323K->10785K(24732K), 0.0012852 secs] [Times: user=0.00 sys=0.00, real=0.00 secs] 
55.823: [GC 55.823: [ParNew: 6555K->341K(7616K), 0.0007696 secs] 17263K->11049K(24732K), 0.0008236 secs] [Times: user=0.00 sys=0.00, real=0.00 secs] 
55.828: [GC 55.828: [ParNew: 6858K->601K(7616K), 0.0014664 secs] 17565K->11309K(24732K), 0.0015298 secs] [Times: user=0.00 sys=0.00, real=0.01 secs] 
55.833: [GC 55.833: [ParNew: 7105K->400K(7616K), 0.0014077 secs] 17813K->11375K(24732K), 0.0014746 secs] [Times: user=0.01 sys=0.00, real=0.00 secs] 
55.839: [GC 55.839: [ParNew: 6880K->1066K(7616K), 0.0012137 secs] 17855K->12112K(24732K), 0.0013051 secs] [Times: user=0.01 sys=0.00, real=0.00 secs] 
55.845: [GC 55.845: [ParNew: 7591K->917K(7616K), 0.0032043 secs] 18637K->12823K(24732K), 0.0032802 secs] [Times: user=0.01 sys=0.00, real=0.00 secs] 
55.852: [GC 55.852: [ParNew: 7398K->271K(7616K), 0.0015750 secs] 19305K->13047K(24732K), 0.0016588 secs] [Times: user=0.01 sys=0.01, real=0.00 secs] 
55.859: [GC 55.859: [ParNew: 6791K->519K(7616K), 0.0009610 secs] 19566K->13295K(24732K), 0.0010340 secs] [Times: user=0.00 sys=0.00, real=0.00 secs] 
55.864: [GC 55.864: [ParNew: 6989K->731K(7616K), 0.0011377 secs] 19765K->13506K(24732K), 0.0012009 secs] [Times: user=0.00 sys=0.00, real=0.00 secs] 
55.871: [GC 55.871: [ParNew: 7241K->898K(7616K), 0.0013474 secs] 20016K->13821K(24732K), 0.0014330 secs] [Times: user=0.00 sys=0.00, real=0.00 secs] 
55.878: [GC 55.878: [ParNew: 7411K->622K(7616K), 0.0021842 secs] 20333K->14388K(24732K), 0.0022703 secs] [Times: user=0.00 sys=0.00, real=0.01 secs] 
55.886: [GC 55.886: [ParNew: 7105K->259K(7616K), 0.0019200 secs] 20871K->14588K(24732K), 0.0020270 secs] [Times: user=0.00 sys=0.00, real=0.00 secs] 
55.892: [GC 55.893: [ParNew: 6748K->317K(7616K), 0.0017328 secs] 21076K->14646K(24732K), 0.0018036 secs] [Times: user=0.00 sys=0.00, real=0.00 secs] 
55.898: [GC 55.898: [ParNew: 6836K->468K(7616K), 0.0010469 secs] 21164K->14796K(24732K), 0.0011065 secs] [Times: user=0.01 sys=0.00, real=0.01 secs] 
55.903: [GC 55.903: [ParNew: 6948K->618K(7616K), 0.0014783 secs] 21277K->14947K(24732K), 0.0015579 secs] [Times: user=0.01 sys=0.00, real=0.00 secs] 
55.909: [GC 55.909: [ParNew: 7135K->617K(7616K), 0.0010911 secs] 21464K->15136K(24732K), 0.0011574 secs] [Times: user=0.00 sys=0.00, real=0.00 secs] 
55.914: [GC 55.914: [ParNew: 7121K->436K(7616K), 0.0012708 secs] 21640K->15098K(24732K), 0.0013646 secs] [Times: user=0.00 sys=0.00, real=0.00 secs] 
55.920: [GC 55.920: [ParNew: 6954K->598K(7616K), 0.0014542 secs] 21616K->15260K(24732K), 0.0015702 secs] [Times: user=0.00 sys=0.00, real=0.00 secs] 
55.925: [GC 55.925: [ParNew: 7124K->429K(7616K), 0.0011536 secs] 21786K->15303K(24732K), 0.0012158 secs] [Times: user=0.00 sys=0.00, real=0.00 secs] 
55.932: [GC 55.932: [ParNew: 6900K->930K(7616K), 0.0013970 secs] 21775K->15805K(24732K), 0.0014838 secs] [Times: user=0.01 sys=0.00, real=0.00 secs] 
55.938: [GC 55.938: [ParNew: 7422K->395K(7616K), 0.0015101 secs] 22296K->15919K(24732K), 0.0015885 secs] [Times: user=0.01 sys=0.00, real=0.01 secs] 
55.944: [GC 55.944: [ParNew: 6870K->650K(7616K), 0.0012063 secs] 22394K->16174K(24732K), 0.0012980 secs] [Times: user=0.00 sys=0.00, real=0.00 secs] 
55.949: [GC 55.949: [ParNew: 7131K->110K(7616K), 0.0013399 secs] 22654K->16047K(24732K), 0.0014023 secs] [Times: user=0.00 sys=0.00, real=0.00 secs] 
55.955: [GC 55.955: [ParNew: 6582K->626K(7616K), 0.0010219 secs] 22519K->16564K(24732K), 0.0010815 secs] [Times: user=0.00 sys=0.01, real=0.00 secs] 
55.960: [GC 55.960: [ParNew: 7136K->103K(7616K), 0.0021745 secs] 23073K->16631K(24732K), 0.0022600 secs] [Times: user=0.00 sys=0.00, real=0.00 secs] 
55.966: [GC 55.966: [ParNew: 6601K->205K(7616K), 0.0007639 secs] 23128K->16733K(24732K), 0.0008170 secs] [Times: user=0.00 sys=0.00, real=0.00 secs] 
55.972: [GC 55.972: [ParNew: 6711K->1039K(7616K), 0.0018024 secs] 23239K->17745K(24732K), 0.0018943 secs] [Times: user=0.00 sys=0.00, real=0.00 secs] 
55.978: [GC 55.978: [ParNew: 7539K->244K(7616K), 0.0017320 secs]55.980: [Tenured: 17618K->9005K(17692K), 0.0715372 secs] 24244K->9005K(25308K), [Perm : 10710K->10710K(21248K)], 0.0736992 secs] [Times: user=0.08 sys=0.00, real=0.08 secs] 
56.057: [GC 56.057: [ParNew: 6483K->455K(7616K), 0.0008899 secs] 15489K->9460K(24732K), 0.0009456 secs] [Times: user=0.00 sys=0.00, real=0.00 secs] 
56.061: [GC 56.061: [ParNew: 6978K->534K(7616K), 0.0010507 secs] 15983K->9539K(24732K), 0.0011113 secs] [Times: user=0.00 sys=0.00, real=0.00 secs] 
56.066: [GC 56.067: [ParNew: 7026K->653K(7616K), 0.0010568 secs] 16032K->9658K(24732K), 0.0011660 secs] [Times: user=0.00 sys=0.00, real=0.00 secs] 
56.072: [GC 56.072: [ParNew: 7122K->554K(7616K), 0.0011555 secs] 16127K->9811K(24732K), 0.0012198 secs] [Times: user=0.00 sys=0.00, real=0.00 secs] 
56.077: [GC 56.077: [ParNew: 7068K->584K(7616K), 0.0017649 secs] 16325K->9967K(24732K), 0.0020304 secs] [Times: user=0.00 sys=0.00, real=0.01 secs] 
56.083: [GC 56.083: [ParNew: 7053K->646K(7616K), 0.0011405 secs] 16436K->10101K(24732K), 0.0012068 secs] [Times: user=0.00 sys=0.00, real=0.00 secs] 
56.089: [GC 56.089: [ParNew: 7142K->756K(7616K), 0.0014774 secs] 16596K->10419K(24732K), 0.0015926 secs] [Times: user=0.01 sys=0.00, real=0.00 secs] 
56.094: [GC 56.094: [ParNew: 7221K->566K(7616K), 0.0016492 secs] 16884K->10786K(24732K), 0.0017242 secs] [Times: user=0.01 sys=0.00, real=0.00 secs] 
56.100: [GC 56.100: [ParNew: 7001K->128K(7616K), 0.0010365 secs] 17221K->10648K(24732K), 0.0010959 secs] [Times: user=0.00 sys=0.00, real=0.00 secs] 
56.106: [GC 56.106: [ParNew: 6598K->1084K(7616K), 0.0015891 secs] 17119K->11905K(24732K), 0.0016673 secs] [Times: user=0.00 sys=0.00, real=0.00 secs] 
56.112: [GC 56.112: [ParNew: 7590K->457K(7616K), 0.0017665 secs] 18412K->11984K(24732K), 0.0018704 secs] [Times: user=0.00 sys=0.00, real=0.00 secs] 
56.118: [GC 56.118: [ParNew: 6970K->1070K(7616K), 0.0016825 secs] 18497K->12872K(24732K), 0.0017632 secs] [Times: user=0.00 sys=0.00, real=0.01 secs] 
56.125: [GC 56.125: [ParNew: 7533K->751K(7616K), 0.0016288 secs] 19334K->13375K(24732K), 0.0017064 secs] [Times: user=0.00 sys=0.00, real=0.00 secs] 
56.132: [GC 56.132: [ParNew: 7259K->586K(7616K), 0.0015427 secs] 19882K->13877K(24732K), 0.0016641 secs] [Times: user=0.00 sys=0.00, real=0.00 secs] 
56.138: [GC 56.138: [ParNew: 7101K->714K(7616K), 0.0013617 secs] 20392K->14549K(24732K), 0.0014327 secs] [Times: user=0.00 sys=0.00, real=0.01 secs] 
56.145: [GC 56.145: [ParNew: 7206K->197K(7616K), 0.0012157 secs] 21041K->14578K(24732K), 0.0012975 secs] [Times: user=0.00 sys=0.00, real=0.00 secs] 
56.150: [GC 56.151: [ParNew: 6690K->321K(7616K), 0.0007808 secs] 21070K->14701K(24732K), 0.0008330 secs] [Times: user=0.00 sys=0.00, real=0.00 secs] 
56.155: [GC 56.155: [ParNew: 6820K->440K(7616K), 0.0008906 secs] 21201K->14820K(24732K), 0.0009459 secs] [Times: user=0.00 sys=0.00, real=0.00 secs] 
56.161: [GC 56.161: [ParNew: 6947K->1054K(7616K), 0.0013699 secs] 21327K->15434K(24732K), 0.0014579 secs] [Times: user=0.01 sys=0.00, real=0.00 secs] 
56.166: [GC 56.166: [ParNew: 7560K->435K(7616K), 0.0017636 secs] 21940K->15754K(24732K), 0.0018404 secs] [Times: user=0.01 sys=0.00, real=0.00 secs] 
56.172: [GC 56.172: [ParNew: 6955K->651K(7616K), 0.0011481 secs] 22275K->15971K(24732K), 0.0012085 secs] [Times: user=0.00 sys=0.00, real=0.00 secs] 
56.177: [GC 56.177: [ParNew: 7159K->621K(7616K), 0.0016077 secs] 22479K->16098K(24732K), 0.0016768 secs] [Times: user=0.00 sys=0.00, real=0.01 secs] 
56.183: [GC 56.183: [ParNew: 7091K->295K(7616K), 0.0009058 secs] 22568K->16052K(24732K), 0.0009649 secs] [Times: user=0.00 sys=0.00, real=0.00 secs] 
56.189: [GC 56.189: [ParNew: 6790K->1059K(7616K), 0.0012594 secs] 22547K->16816K(24732K), 0.0013261 secs] [Times: user=0.00 sys=0.00, real=0.00 secs] 
56.196: [GC 56.196: [ParNew: 7541K->460K(7616K), 0.0014961 secs] 23299K->17026K(24732K), 0.0015702 secs] [Times: user=0.00 sys=0.00, real=0.00 secs] 
56.201: [GC 56.201: [ParNew: 6955K->1072K(7616K), 0.0014543 secs] 23521K->17704K(24732K), 0.0015263 secs] [Times: user=0.00 sys=0.00, real=0.00 secs] 
56.208: [GC 56.208: [ParNew: 7546K->595K(7616K), 0.0014989 secs]56.210: [Tenured: 17257K->8552K(17308K), 0.0719421 secs] 24178K->8552K(24924K), [Perm : 10710K->10710K(21248K)], 0.0737120 secs] [Times: user=0.07 sys=0.01, real=0.08 secs] 
56.287: [GC 56.287: [ParNew: 6461K->654K(7616K), 0.0016943 secs] 15014K->9207K(24732K), 0.0017738 secs] [Times: user=0.00 sys=0.00, real=0.01 secs] 
56.294: [GC 56.294: [ParNew: 7106K->325K(7616K), 0.0011206 secs] 15659K->9374K(24732K), 0.0011871 secs] [Times: user=0.01 sys=0.00, real=0.00 secs] 
56.299: [GC 56.299: [ParNew: 6793K->808K(7616K), 0.0011676 secs] 15842K->9858K(24732K), 0.0012536 secs] [Times: user=0.00 sys=0.00, real=0.00 secs] 
56.306: [GC 56.306: [ParNew: 7330K->757K(7616K), 0.0016689 secs] 16380K->10458K(24732K), 0.0017564 secs] [Times: user=0.00 sys=0.00, real=0.00 secs] 
56.312: [GC 56.312: [ParNew: 7254K->358K(7616K), 0.0012652 secs] 16956K->10483K(24732K), 0.0013539 secs] [Times: user=0.00 sys=0.00, real=0.00 secs] 
56.318: [GC 56.318: [ParNew: 6874K->358K(7616K), 0.0010848 secs] 16999K->10483K(24732K), 0.0011605 secs] [Times: user=0.00 sys=0.00, real=0.01 secs] 
56.328: [GC 56.328: [ParNew: 6861K->627K(7616K), 0.0011443 secs] 16986K->10752K(24732K), 0.0012378 secs] [Times: user=0.00 sys=0.00, real=0.01 secs] 
56.336: [GC 56.336: [ParNew: 7029K->720K(7616K), 0.0010854 secs] 17154K->10895K(24732K), 0.0011689 secs] [Times: user=0.00 sys=0.00, real=0.00 secs] 
56.342: [GC 56.342: [ParNew: 7173K->741K(7616K), 0.0015295 secs] 17349K->11339K(24732K), 0.0016318 secs] [Times: user=0.00 sys=0.00, real=0.00 secs] 
56.350: [GC 56.350: [ParNew: 7237K->865K(7616K), 0.0025896 secs] 17835K->11676K(24732K), 0.0026667 secs] [Times: user=0.00 sys=0.00, real=0.00 secs] 
56.358: [GC 56.358: [ParNew: 7324K->1037K(7616K), 0.0019265 secs] 18134K->12700K(24732K), 0.0020059 secs] [Times: user=0.00 sys=0.00, real=0.01 secs] 
56.365: [GC 56.365: [ParNew: 7497K->558K(7616K), 0.0017375 secs] 19160K->12941K(24732K), 0.0018301 secs] [Times: user=0.00 sys=0.00, real=0.00 secs] 
56.372: [GC 56.372: [ParNew: 7018K->81K(7616K), 0.0011014 secs] 19401K->12887K(24732K), 0.0011587 secs] [Times: user=0.00 sys=0.00, real=0.00 secs] 
56.378: [GC 56.379: [ParNew: 6587K->395K(7616K), 0.0009863 secs] 19393K->13201K(24732K), 0.0010667 secs] [Times: user=0.00 sys=0.00, real=0.01 secs] 
56.384: [GC 56.384: [ParNew: 6899K->916K(7616K), 0.0013539 secs] 19705K->13722K(24732K), 0.0014271 secs] [Times: user=0.00 sys=0.00, real=0.00 secs] 
56.390: [GC 56.390: [ParNew: 7431K->382K(7616K), 0.0017926 secs] 20237K->14037K(24732K), 0.0018659 secs] [Times: user=0.01 sys=0.00, real=0.00 secs] 
56.396: [GC 56.396: [ParNew: 6908K->920K(7616K), 0.0011841 secs] 20562K->14574K(24732K), 0.0012539 secs] [Times: user=0.01 sys=0.00, real=0.00 secs] 
56.401: [GC 56.402: [ParNew: 7399K->145K(7616K), 0.0014273 secs] 21053K->14609K(24732K), 0.0016245 secs] [Times: user=0.01 sys=0.00, real=0.00 secs] 
56.413: [GC 56.413: [ParNew: 6556K->464K(7616K), 0.0009748 secs] 21020K->14929K(24732K), 0.0010468 secs] [Times: user=0.00 sys=0.00, real=0.00 secs] 
56.419: [GC 56.419: [ParNew: 6992K->576K(7616K), 0.0013213 secs] 21457K->15040K(24732K), 0.0014130 secs] [Times: user=0.00 sys=0.00, real=0.00 secs] 
56.425: [GC 56.425: [ParNew: 7068K->932K(7616K), 0.0017249 secs] 21533K->15455K(24732K), 0.0018028 secs] [Times: user=0.01 sys=0.00, real=0.00 secs] 
56.431: [GC 56.431: [ParNew: 7442K->885K(7616K), 0.0015598 secs] 21965K->15795K(24732K), 0.0016605 secs] [Times: user=0.01 sys=0.00, real=0.00 secs] 
56.438: [GC 56.438: [ParNew: 7408K->981K(7616K), 0.0017487 secs] 22318K->16302K(24732K), 0.0018256 secs] [Times: user=0.01 sys=0.00, real=0.01 secs] 
56.445: [GC 56.445: [ParNew: 7496K->493K(7616K), 0.0015454 secs] 22817K->16471K(24732K), 0.0016429 secs] [Times: user=0.01 sys=0.00, real=0.00 secs] 
56.455: [GC 56.455: [ParNew: 6986K->799K(7616K), 0.0019727 secs] 22964K->16777K(24732K), 0.0020848 secs] [Times: user=0.01 sys=0.00, real=0.00 secs] 
56.462: [GC 56.462: [ParNew: 7305K->1073K(7616K), 0.0015860 secs] 23283K->17366K(24732K), 0.0016697 secs] [Times: user=0.01 sys=0.00, real=0.00 secs] 
56.468: [GC 56.468: [ParNew: 7533K->422K(7616K), 0.0016787 secs]56.470: [Tenured: 17301K->8725K(17308K), 0.0718611 secs] 23826K->8725K(24924K), [Perm : 10710K->10710K(21248K)], 0.0738002 secs] [Times: user=0.07 sys=0.00, real=0.08 secs] 
56.546: [GC 56.546: [ParNew: 6513K->340K(7616K), 0.0007594 secs] 15239K->9066K(24732K), 0.0008121 secs] [Times: user=0.00 sys=0.00, real=0.00 secs] 
56.553: [GC 56.553: [ParNew: 6820K->666K(7616K), 0.0009923 secs] 15546K->9392K(24732K), 0.0010757 secs] [Times: user=0.00 sys=0.00, real=0.00 secs] 
56.560: [GC 56.560: [ParNew: 7170K->660K(7616K), 0.0018517 secs] 15895K->9522K(24732K), 0.0019299 secs] [Times: user=0.00 sys=0.00, real=0.00 secs] 
56.566: [GC 56.566: [ParNew: 7168K->551K(7616K), 0.0011746 secs] 16030K->9751K(24732K), 0.0012399 secs] [Times: user=0.00 sys=0.00, real=0.00 secs] 
56.573: [GC 56.573: [ParNew: 6974K->374K(7616K), 0.0009376 secs] 16174K->9759K(24732K), 0.0009921 secs] [Times: user=0.00 sys=0.00, real=0.00 secs] 
56.578: [GC 56.578: [ParNew: 6846K->458K(7616K), 0.0010181 secs] 16232K->9843K(24732K), 0.0010776 secs] [Times: user=0.00 sys=0.00, real=0.01 secs] 
56.583: [GC 56.583: [ParNew: 6966K->615K(7616K), 0.0011833 secs] 16351K->10001K(24732K), 0.0012586 secs] [Times: user=0.00 sys=0.00, real=0.00 secs] 
56.591: [GC 56.591: [ParNew: 7143K->696K(7616K), 0.0012799 secs] 16529K->10367K(24732K), 0.0014270 secs] [Times: user=0.00 sys=0.00, real=0.00 secs] 
56.596: [GC 56.596: [ParNew: 7212K->741K(7616K), 0.0013246 secs] 16883K->10660K(24732K), 0.0014132 secs] [Times: user=0.00 sys=0.00, real=0.00 secs] 
56.603: [GC 56.603: [ParNew: 7265K->367K(7616K), 0.0012073 secs] 17184K->10698K(24732K), 0.0012725 secs] [Times: user=0.00 sys=0.00, real=0.00 secs] 
56.609: [GC 56.609: [ParNew: 6895K->434K(7616K), 0.0009201 secs] 17226K->10765K(24732K), 0.0009836 secs] [Times: user=0.00 sys=0.00, real=0.00 secs] 
56.614: [GC 56.614: [ParNew: 6958K->989K(7616K), 0.0012911 secs] 17289K->11319K(24732K), 0.0013585 secs] [Times: user=0.00 sys=0.00, real=0.00 secs] 
56.624: [GC 56.624: [ParNew: 7406K->81K(7616K), 0.0011374 secs] 17737K->11007K(24732K), 0.0012296 secs] [Times: user=0.00 sys=0.00, real=0.00 secs] 
56.630: [GC 56.630: [ParNew: 6606K->433K(7616K), 0.0009216 secs] 17532K->11359K(24732K), 0.0009885 secs] [Times: user=0.00 sys=0.00, real=0.00 secs] 
56.637: [GC 56.637: [ParNew: 6961K->690K(7616K), 0.0016221 secs] 17887K->11616K(24732K), 0.0016912 secs] [Times: user=0.00 sys=0.00, real=0.01 secs] 
56.645: [GC 56.645: [ParNew: 7090K->394K(7616K), 0.0020653 secs] 18016K->11738K(24732K), 0.0022306 secs] [Times: user=0.00 sys=0.00, real=0.00 secs] 
56.653: [GC 56.653: [ParNew: 6919K->650K(7616K), 0.0010648 secs] 18262K->11993K(24732K), 0.0011340 secs] [Times: user=0.00 sys=0.00, real=0.00 secs] 
56.661: [GC 56.661: [ParNew: 7171K->484K(7616K), 0.0011660 secs] 18515K->12010K(24732K), 0.0012253 secs] [Times: user=0.00 sys=0.00, real=0.00 secs] 
56.666: [GC 56.666: [ParNew: 7006K->381K(7616K), 0.0008999 secs] 18533K->11908K(24732K), 0.0009548 secs] [Times: user=0.00 sys=0.00, real=0.00 secs] 
56.671: [GC 56.672: [ParNew: 6892K->689K(7616K), 0.0009814 secs] 18418K->12216K(24732K), 0.0010416 secs] [Times: user=0.01 sys=0.00, real=0.00 secs] 
56.678: [GC 56.678: [ParNew: 7217K->1012K(7616K), 0.0023620 secs] 18744K->12908K(24732K), 0.0024390 secs] [Times: user=0.01 sys=0.00, real=0.01 secs] 
56.687: [GC 56.688: [ParNew: 7538K->181K(7616K), 0.0020404 secs] 19435K->12989K(24732K), 0.0021280 secs] [Times: user=0.01 sys=0.00, real=0.01 secs] 
56.695: [GC 56.695: [ParNew: 6696K->311K(7616K), 0.0009488 secs] 19504K->13118K(24732K), 0.0010221 secs] [Times: user=0.00 sys=0.00, real=0.00 secs] 
56.701: [GC 56.701: [ParNew: 6811K->374K(7616K), 0.0008355 secs] 19619K->13182K(24732K), 0.0008891 secs] [Times: user=0.00 sys=0.00, real=0.00 secs] 
56.708: [GC 56.708: [ParNew: 6899K->749K(7616K), 0.0011252 secs] 19707K->13557K(24732K), 0.0011884 secs] [Times: user=0.00 sys=0.00, real=0.01 secs] 
56.715: [GC 56.715: [ParNew: 7277K->786K(7616K), 0.0012581 secs] 20085K->13824K(24732K), 0.0013248 secs] [Times: user=0.00 sys=0.00, real=0.00 secs] 
56.722: [GC 56.722: [ParNew: 7297K->854K(7616K), 0.0014926 secs] 20335K->14173K(24732K), 0.0016001 secs] [Times: user=0.00 sys=0.00, real=0.00 secs] 
56.728: [GC 56.728: [ParNew: 7371K->928K(7616K), 0.0015396 secs] 20690K->14745K(24732K), 0.0016131 secs] [Times: user=0.00 sys=0.00, real=0.01 secs] 
56.734: [GC 56.734: [ParNew: 7412K->407K(7616K), 0.0016879 secs] 21229K->15020K(24732K), 0.0017727 secs] [Times: user=0.00 sys=0.00, real=0.00 secs] 
56.741: [GC 56.741: [ParNew: 6886K->608K(7616K), 0.0011314 secs] 21499K->15221K(24732K), 0.0012018 secs] [Times: user=0.00 sys=0.00, real=0.00 secs] 
56.749: [GC 56.749: [ParNew: 7120K->425K(7616K), 0.0021315 secs] 21734K->15375K(24732K), 0.0022050 secs] [Times: user=0.00 sys=0.00, real=0.00 secs] 
56.756: [GC 56.756: [ParNew: 6913K->1015K(7616K), 0.0013028 secs] 21863K->15966K(24732K), 0.0013784 secs] [Times: user=0.00 sys=0.00, real=0.00 secs] 
56.761: [GC 56.761: [ParNew: 7511K->400K(7616K), 0.0016584 secs] 22462K->16248K(24732K), 0.0017302 secs] [Times: user=0.00 sys=0.00, real=0.00 secs] 
56.767: [GC 56.767: [ParNew: 6917K->685K(7616K), 0.0015121 secs] 22765K->16534K(24732K), 0.0015873 secs] [Times: user=0.00 sys=0.00, real=0.00 secs] 
56.773: [GC 56.773: [ParNew: 7133K->325K(7616K), 0.0015379 secs] 22982K->16548K(24732K), 0.0016290 secs] [Times: user=0.01 sys=0.00, real=0.00 secs] 
56.781: [GC 56.782: [ParNew: 6853K->560K(7616K), 0.0009311 secs] 23076K->16783K(24732K), 0.0010021 secs] [Times: user=0.01 sys=0.00, real=0.00 secs] 
56.789: [GC 56.789: [ParNew: 7077K->665K(7616K), 0.0010285 secs] 23300K->16997K(24732K), 0.0010888 secs] [Times: user=0.01 sys=0.00, real=0.00 secs] 
56.796: [GC 56.796: [ParNew: 7184K->611K(7616K), 0.0009253 secs] 23516K->16942K(24732K), 0.0009907 secs] [Times: user=0.00 sys=0.00, real=0.00 secs] 
56.802: [GC 56.802: [ParNew: 7139K->612K(7616K), 0.0010525 secs] 23470K->16996K(24732K), 0.0011122 secs] [Times: user=0.00 sys=0.00, real=0.00 secs] 
56.808: [GC 56.808: [ParNew: 7131K->516K(7616K), 0.0012168 secs] 23515K->17092K(24732K), 0.0012891 secs] [Times: user=0.00 sys=0.01, real=0.01 secs] 
56.813: [GC 56.813: [ParNew: 7038K->526K(7616K), 0.0010603 secs] 23614K->17102K(24732K), 0.0011165 secs] [Times: user=0.00 sys=0.00, real=0.00 secs] 
56.818: [GC 56.818: [ParNew: 7015K->609K(7616K), 0.0014254 secs] 23591K->17185K(24732K), 0.0014833 secs] [Times: user=0.00 sys=0.00, real=0.01 secs] 
56.828: [GC 56.828: [ParNew: 7123K->357K(7616K), 0.0011529 secs] 23698K->17126K(24732K), 0.0012182 secs] [Times: user=0.00 sys=0.00, real=0.01 secs] 
56.834: [GC 56.834: [ParNew: 6853K->485K(7616K), 0.0009934 secs] 23623K->17254K(24732K), 0.0010568 secs] [Times: user=0.00 sys=0.00, real=0.00 secs] 
56.840: [GC 56.840: [ParNew: 7013K->589K(7616K), 0.0011134 secs] 23782K->17359K(24732K), 0.0011933 secs] [Times: user=0.00 sys=0.00, real=0.00 secs] 
56.847: [GC 56.847: [ParNew: 7100K->696K(7616K), 0.0017728 secs] 23870K->17558K(24732K), 0.0018452 secs] [Times: user=0.00 sys=0.00, real=0.01 secs] 
56.854: [GC 56.854: [ParNew: 7211K->416K(7616K), 0.0010379 secs] 24073K->17511K(24732K), 0.0010993 secs] [Times: user=0.00 sys=0.00, real=0.00 secs] 
56.859: [GC 56.859: [ParNew: 6920K->464K(7616K), 0.0010520 secs] 24015K->17559K(24732K), 0.0011374 secs] [Times: user=0.01 sys=0.00, real=0.00 secs] 
56.864: [GC 56.864: [ParNew: 6978K->458K(7616K), 0.0014565 secs] 24073K->17553K(24732K), 0.0015338 secs] [Times: user=0.00 sys=0.00, real=0.00 secs] 
56.870: [GC 56.870: [ParNew: 6982K->625K(7616K), 0.0011040 secs] 24077K->17720K(24732K), 0.0011746 secs] [Times: user=0.00 sys=0.00, real=0.00 secs] 
56.875: [GC 56.876: [ParNew: 7146K->785K(7616K), 0.0018803 secs]56.877: [Tenured: 17330K->8010K(17500K), 0.0726541 secs] 24241K->8010K(25116K), [Perm : 10710K->10710K(21248K)], 0.0748709 secs] [Times: user=0.07 sys=0.00, real=0.08 secs] 
56.954: [GC 56.954: [ParNew: 6513K->404K(7616K), 0.0011034 secs] 14523K->8414K(24732K), 0.0011594 secs] [Times: user=0.00 sys=0.00, real=0.00 secs] 
56.960: [GC 56.960: [ParNew: 6914K->1058K(7616K), 0.0024435 secs] 14925K->9307K(24732K), 0.0025156 secs] [Times: user=0.00 sys=0.00, real=0.00 secs] 
56.968: [GC 56.968: [ParNew: 7558K->420K(7616K), 0.0012325 secs] 15808K->9311K(24732K), 0.0013003 secs] [Times: user=0.00 sys=0.00, real=0.01 secs] 
56.973: [GC 56.973: [ParNew: 6910K->458K(7616K), 0.0009007 secs] 15801K->9350K(24732K), 0.0009532 secs] [Times: user=0.00 sys=0.00, real=0.00 secs] 
56.979: [GC 56.979: [ParNew: 6951K->575K(7616K), 0.0009461 secs] 15842K->9467K(24732K), 0.0010197 secs] [Times: user=0.01 sys=0.00, real=0.00 secs] 
56.984: [GC 56.984: [ParNew: 7076K->515K(7616K), 0.0010711 secs] 15968K->9553K(24732K), 0.0011324 secs] [Times: user=0.00 sys=0.00, real=0.00 secs] 
56.990: [GC 56.990: [ParNew: 7017K->895K(7616K), 0.0011685 secs] 16056K->9933K(24732K), 0.0012373 secs] [Times: user=0.00 sys=0.00, real=0.00 secs] 
56.997: [GC 56.997: [ParNew: 7388K->91K(7616K), 0.0009629 secs] 16427K->9769K(24732K), 0.0010388 secs] [Times: user=0.00 sys=0.00, real=0.00 secs] 
57.003: [GC 57.003: [ParNew: 6567K->344K(7616K), 0.0007899 secs] 16246K->10022K(24732K), 0.0008439 secs] [Times: user=0.00 sys=0.00, real=0.00 secs] 
57.009: [GC 57.009: [ParNew: 6849K->512K(7616K), 0.0008985 secs] 16528K->10190K(24732K), 0.0009520 secs] [Times: user=0.00 sys=0.00, real=0.00 secs] 
57.014: [GC 57.014: [ParNew: 7020K->508K(7616K), 0.0009747 secs] 16699K->10186K(24732K), 0.0010302 secs] [Times: user=0.01 sys=0.00, real=0.00 secs] 
57.022: [GC 57.022: [ParNew: 7036K->753K(7616K), 0.0014041 secs] 16714K->10432K(24732K), 0.0014845 secs] [Times: user=0.01 sys=0.00, real=0.00 secs] 
57.030: [GC 57.030: [ParNew: 7271K->544K(7616K), 0.0010037 secs] 16950K->10438K(24732K), 0.0010849 secs] [Times: user=0.00 sys=0.00, real=0.00 secs] 
57.036: [GC 57.036: [ParNew: 7070K->649K(7616K), 0.0011162 secs] 16963K->10542K(24732K), 0.0012219 secs] [Times: user=0.01 sys=0.00, real=0.00 secs] 
57.042: [GC 57.042: [ParNew: 7144K->539K(7616K), 0.0009843 secs] 17038K->10598K(24732K), 0.0010541 secs] [Times: user=0.00 sys=0.00, real=0.00 secs] 
57.049: [GC 57.049: [ParNew: 7064K->780K(7616K), 0.0033868 secs] 17123K->10840K(24732K), 0.0035032 secs] [Times: user=0.00 sys=0.00, real=0.00 secs] 
57.057: [GC 57.057: [ParNew: 7299K->544K(7616K), 0.0010730 secs] 17359K->10861K(24732K), 0.0011348 secs] [Times: user=0.00 sys=0.00, real=0.00 secs] 
57.062: [GC 57.062: [ParNew: 7063K->644K(7616K), 0.0012070 secs] 17380K->10961K(24732K), 0.0012718 secs] [Times: user=0.00 sys=0.00, real=0.00 secs] 
57.067: [GC 57.067: [ParNew: 7143K->494K(7616K), 0.0010707 secs] 17460K->10926K(24732K), 0.0011293 secs] [Times: user=0.00 sys=0.00, real=0.00 secs] 
57.072: [GC 57.072: [ParNew: 7012K->496K(7616K), 0.0010717 secs] 17444K->10928K(24732K), 0.0011334 secs] [Times: user=0.01 sys=0.00, real=0.00 secs] 
57.077: [GC 57.077: [ParNew: 7021K->520K(7616K), 0.0009565 secs] 17453K->10952K(24732K), 0.0010121 secs] [Times: user=0.00 sys=0.00, real=0.00 secs] 
57.086: [GC 57.086: [ParNew: 7023K->779K(7616K), 0.0016971 secs] 17455K->11211K(24732K), 0.0017716 secs] [Times: user=0.00 sys=0.00, real=0.00 secs] 
57.093: [GC 57.093: [ParNew: 7291K->595K(7616K), 0.0011692 secs] 17723K->11264K(24732K), 0.0012565 secs] [Times: user=0.00 sys=0.00, real=0.00 secs] 
57.098: [GC 57.098: [ParNew: 7088K->814K(7616K), 0.0016831 secs] 17758K->11607K(24732K), 0.0017561 secs] [Times: user=0.00 sys=0.00, real=0.01 secs] 
57.104: [GC 57.104: [ParNew: 7337K->1016K(7616K), 0.0017654 secs] 18130K->12144K(24732K), 0.0018437 secs] [Times: user=0.00 sys=0.00, real=0.00 secs] 
57.109: [GC 57.110: [ParNew: 7530K->94K(7616K), 0.0015484 secs] 18657K->11975K(24732K), 0.0016186 secs] [Times: user=0.00 sys=0.00, real=0.00 secs] 
57.116: [GC 57.116: [ParNew: 6620K->606K(7616K), 0.0010202 secs] 18500K->12487K(24732K), 0.0010931 secs] [Times: user=0.00 sys=0.00, real=0.00 secs] 
57.120: [GC 57.120: [ParNew: 7112K->415K(7616K), 0.0011949 secs] 18992K->12653K(24732K), 0.0012637 secs] [Times: user=0.01 sys=0.00, real=0.00 secs] 
57.126: [GC 57.126: [ParNew: 6934K->1015K(7616K), 0.0013976 secs] 19172K->13407K(24732K), 0.0014822 secs] [Times: user=0.01 sys=0.00, real=0.00 secs] 
57.132: [GC 57.132: [ParNew: 7498K->219K(7616K), 0.0014233 secs] 19889K->13254K(24732K), 0.0015016 secs] [Times: user=0.00 sys=0.00, real=0.00 secs] 
57.137: [GC 57.137: [ParNew: 6667K->241K(7616K), 0.0014066 secs] 19702K->13276K(24732K), 0.0014828 secs] [Times: user=0.00 sys=0.00, real=0.01 secs] 
57.145: [GC 57.145: [ParNew: 6753K->205K(7616K), 0.0025672 secs] 19788K->13240K(24732K), 0.0026739 secs] [Times: user=0.00 sys=0.00, real=0.00 secs] 
57.152: [GC 57.152: [ParNew: 6733K->292K(7616K), 0.0008115 secs] 19768K->13327K(24732K), 0.0008727 secs] [Times: user=0.00 sys=0.00, real=0.00 secs] 
57.157: [GC 57.157: [ParNew: 6819K->413K(7616K), 0.0010787 secs] 19854K->13448K(24732K), 0.0011437 secs] [Times: user=0.00 sys=0.01, real=0.00 secs] 
57.163: [GC 57.163: [ParNew: 6937K->512K(7616K), 0.0009137 secs] 19972K->13547K(24732K), 0.0009857 secs] [Times: user=0.01 sys=0.00, real=0.00 secs] 
57.170: [GC 57.170: [ParNew: 7018K->529K(7616K), 0.0009527 secs] 20053K->13564K(24732K), 0.0010253 secs] [Times: user=0.01 sys=0.00, real=0.00 secs] 
57.176: [GC 57.176: [ParNew: 7020K->619K(7616K), 0.0010609 secs] 20055K->13654K(24732K), 0.0011235 secs] [Times: user=0.01 sys=0.00, real=0.00 secs] 
57.182: [GC 57.182: [ParNew: 7147K->951K(7616K), 0.0011435 secs] 20182K->14035K(24732K), 0.0012098 secs] [Times: user=0.01 sys=0.00, real=0.00 secs] 
57.187: [GC 57.187: [ParNew: 7474K->114K(7616K), 0.0019281 secs] 20557K->13902K(24732K), 0.0020203 secs] [Times: user=0.01 sys=0.00, real=0.01 secs] 
57.194: [GC 57.194: [ParNew: 6627K->450K(7616K), 0.0008826 secs] 20415K->14238K(24732K), 0.0009397 secs] [Times: user=0.00 sys=0.00, real=0.00 secs] 
57.198: [GC 57.198: [ParNew: 6936K->969K(7616K), 0.0013494 secs] 20724K->14757K(24732K), 0.0014218 secs] [Times: user=0.00 sys=0.00, real=0.01 secs] 
57.204: [GC 57.204: [ParNew: 7468K->113K(7616K), 0.0013791 secs] 21257K->14492K(24732K), 0.0014484 secs] [Times: user=0.00 sys=0.00, real=0.00 secs] 
57.209: [GC 57.209: [ParNew: 6632K->555K(7616K), 0.0010236 secs] 21010K->14934K(24732K), 0.0011631 secs] [Times: user=0.00 sys=0.00, real=0.00 secs] 
57.216: [GC 57.216: [ParNew: 7009K->1084K(7616K), 0.0012559 secs] 21388K->15463K(24732K), 0.0015563 secs] [Times: user=0.00 sys=0.00, real=0.00 secs] 
57.221: [GC 57.221: [ParNew: 7602K->257K(7616K), 0.0014231 secs] 21981K->15390K(24732K), 0.0014968 secs] [Times: user=0.00 sys=0.00, real=0.00 secs] 
57.228: [GC 57.228: [ParNew: 6780K->575K(7616K), 0.0010745 secs] 21913K->15708K(24732K), 0.0011497 secs] [Times: user=0.00 sys=0.00, real=0.01 secs] 
57.233: [GC 57.234: [ParNew: 7066K->321K(7616K), 0.0011008 secs] 22200K->15653K(24732K), 0.0011792 secs] [Times: user=0.01 sys=0.00, real=0.00 secs] 
57.239: [GC 57.239: [ParNew: 6849K->660K(7616K), 0.0016536 secs] 22181K->15992K(24732K), 0.0018341 secs] [Times: user=0.01 sys=0.00, real=0.00 secs] 
57.246: [GC 57.246: [ParNew: 7188K->522K(7616K), 0.0011175 secs] 22520K->16061K(24732K), 0.0011889 secs] [Times: user=0.00 sys=0.00, real=0.00 secs] 
57.253: [GC 57.253: [ParNew: 7036K->632K(7616K), 0.0009225 secs] 22575K->16171K(24732K), 0.0009944 secs] [Times: user=0.00 sys=0.00, real=0.00 secs] 
57.258: [GC 57.258: [ParNew: 7151K->400K(7616K), 0.0010815 secs] 22690K->16139K(24732K), 0.0011398 secs] [Times: user=0.00 sys=0.00, real=0.01 secs] 
57.263: [GC 57.263: [ParNew: 6898K->1081K(7616K), 0.0013788 secs] 22636K->16820K(24732K), 0.0014490 secs] [Times: user=0.00 sys=0.00, real=0.00 secs] 
57.272: [GC 57.273: [ParNew: 7609K->148K(7616K), 0.0017817 secs] 23348K->16663K(24732K), 0.0018706 secs] [Times: user=0.00 sys=0.00, real=0.00 secs] 
57.278: [GC 57.278: [ParNew: 6666K->418K(7616K), 0.0009384 secs] 23182K->16933K(24732K), 0.0009967 secs] [Times: user=0.00 sys=0.00, real=0.01 secs] 
57.283: [GC 57.283: [ParNew: 6915K->490K(7616K), 0.0011723 secs] 23430K->17006K(24732K), 0.0012357 secs] [Times: user=0.00 sys=0.00, real=0.00 secs] 
57.290: [GC 57.290: [ParNew: 6971K->499K(7616K), 0.0010739 secs] 23486K->17015K(24732K), 0.0011291 secs] [Times: user=0.00 sys=0.00, real=0.00 secs] 
57.295: [GC 57.295: [ParNew: 7013K->1080K(7616K), 0.0019162 secs] 23528K->17886K(24732K), 0.0021180 secs] [Times: user=0.01 sys=0.00, real=0.00 secs] 
57.303: [GC 57.303: [ParNew: 7598K->396K(7616K), 0.0025594 secs]57.306: [Tenured: 17478K->8577K(17500K), 0.0709026 secs] 24404K->8577K(25116K), [Perm : 10710K->10710K(21248K)], 0.0738134 secs] [Times: user=0.07 sys=0.00, real=0.07 secs] 
57.382: [GC 57.382: [ParNew: 6516K->523K(7616K), 0.0011669 secs] 15094K->9101K(24732K), 0.0012206 secs] [Times: user=0.00 sys=0.00, real=0.00 secs] 
57.387: [GC 57.387: [ParNew: 7048K->745K(7616K), 0.0017031 secs] 15626K->9323K(24732K), 0.0017812 secs] [Times: user=0.00 sys=0.00, real=0.01 secs] 
57.394: [GC 57.394: [ParNew: 7237K->526K(7616K), 0.0013888 secs] 15815K->9568K(24732K), 0.0014658 secs] [Times: user=0.00 sys=0.00, real=0.00 secs] 
57.400: [GC 57.400: [ParNew: 7047K->705K(7616K), 0.0010410 secs] 16089K->9747K(24732K), 0.0011026 secs] [Times: user=0.00 sys=0.00, real=0.00 secs] 
57.406: [GC 57.406: [ParNew: 7192K->221K(7616K), 0.0011280 secs] 16234K->9650K(24732K), 0.0012057 secs] [Times: user=0.01 sys=0.00, real=0.00 secs] 
57.411: [GC 57.412: [ParNew: 6738K->275K(7616K), 0.0008476 secs] 16167K->9703K(24732K), 0.0008977 secs] [Times: user=0.00 sys=0.00, real=0.00 secs] 
57.418: [GC 57.418: [ParNew: 6775K->436K(7616K), 0.0008546 secs] 16203K->9865K(24732K), 0.0009276 secs] [Times: user=0.00 sys=0.00, real=0.01 secs] 
57.423: [GC 57.423: [ParNew: 6962K->466K(7616K), 0.0009846 secs] 16391K->9895K(24732K), 0.0010390 secs] [Times: user=0.00 sys=0.00, real=0.00 secs] 
57.428: [GC 57.428: [ParNew: 6992K->633K(7616K), 0.0012357 secs] 16420K->10062K(24732K), 0.0013010 secs] [Times: user=0.00 sys=0.00, real=0.01 secs] 
57.434: [GC 57.434: [ParNew: 7149K->586K(7616K), 0.0013531 secs] 16577K->10130K(24732K), 0.0014513 secs] [Times: user=0.00 sys=0.00, real=0.00 secs] 
57.442: [GC 57.442: [ParNew: 7114K->530K(7616K), 0.0010570 secs] 16658K->10138K(24732K), 0.0011235 secs] [Times: user=0.00 sys=0.00, real=0.00 secs] 
57.448: [GC 57.448: [ParNew: 7045K->625K(7616K), 0.0010586 secs] 16653K->10232K(24732K), 0.0014977 secs] [Times: user=0.01 sys=0.00, real=0.01 secs] 
57.453: [GC 57.454: [ParNew: 7124K->646K(7616K), 0.0012048 secs] 16732K->10396K(24732K), 0.0012844 secs] [Times: user=0.01 sys=0.00, real=0.00 secs] 
57.459: [GC 57.459: [ParNew: 7118K->646K(7616K), 0.0014098 secs] 16868K->10514K(24732K), 0.0014806 secs] [Times: user=0.00 sys=0.00, real=0.00 secs] 
57.465: [GC 57.465: [ParNew: 7172K->564K(7616K), 0.0012270 secs] 17040K->10629K(24732K), 0.0013138 secs] [Times: user=0.00 sys=0.00, real=0.00 secs] 
57.470: [GC 57.470: [ParNew: 7035K->555K(7616K), 0.0013436 secs] 17100K->10797K(24732K), 0.0014085 secs] [Times: user=0.00 sys=0.00, real=0.00 secs] 
57.477: [GC 57.477: [ParNew: 7061K->812K(7616K), 0.0012207 secs] 17304K->11185K(24732K), 0.0013058 secs] [Times: user=0.00 sys=0.00, real=0.00 secs] 
57.483: [GC 57.484: [ParNew: 7339K->495K(7616K), 0.0012297 secs] 17713K->11234K(24732K), 0.0013769 secs] [Times: user=0.00 sys=0.00, real=0.00 secs] 
57.490: [GC 57.490: [ParNew: 6969K->384K(7616K), 0.0007992 secs] 17708K->11123K(24732K), 0.0008490 secs] [Times: user=0.00 sys=0.00, real=0.00 secs] 
57.494: [GC 57.494: [ParNew: 6893K->667K(7616K), 0.0016401 secs] 17632K->11405K(24732K), 0.0017118 secs] [Times: user=0.01 sys=0.00, real=0.00 secs] 
57.501: [GC 57.501: [ParNew: 7182K->634K(7616K), 0.0012807 secs] 17920K->11547K(24732K), 0.0013530 secs] [Times: user=0.00 sys=0.00, real=0.00 secs] 
57.509: [GC 57.509: [ParNew: 7149K->506K(7616K), 0.0013739 secs] 18062K->11548K(24732K), 0.0014330 secs] [Times: user=0.00 sys=0.00, real=0.00 secs] 
57.516: [GC 57.516: [ParNew: 6981K->910K(7616K), 0.0020033 secs] 18023K->11952K(24732K), 0.0020747 secs] [Times: user=0.00 sys=0.00, real=0.00 secs] 
57.523: [GC 57.523: [ParNew: 7433K->860K(7616K), 0.0018367 secs] 18475K->12284K(24732K), 0.0019086 secs] [Times: user=0.00 sys=0.00, real=0.00 secs] 
57.528: [GC 57.529: [ParNew: 7387K->409K(7616K), 0.0016274 secs] 18811K->12289K(24732K), 0.0017046 secs] [Times: user=0.01 sys=0.00, real=0.01 secs] 
57.535: [GC 57.535: [ParNew: 6919K->635K(7616K), 0.0009607 secs] 18799K->12515K(24732K), 0.0010208 secs] [Times: user=0.01 sys=0.00, real=0.00 secs] 
57.540: [GC 57.540: [ParNew: 7143K->742K(7616K), 0.0021040 secs] 19023K->12851K(24732K), 0.0021859 secs] [Times: user=0.00 sys=0.00, real=0.00 secs] 
57.547: [GC 57.547: [ParNew: 7261K->524K(7616K), 0.0012936 secs] 19370K->12872K(24732K), 0.0014044 secs] [Times: user=0.00 sys=0.00, real=0.00 secs] 
57.552: [GC 57.552: [ParNew: 7044K->393K(7616K), 0.0014325 secs] 19392K->12741K(24732K), 0.0015081 secs] [Times: user=0.00 sys=0.00, real=0.00 secs] 
57.558: [GC 57.558: [ParNew: 6895K->664K(7616K), 0.0011245 secs] 19243K->13013K(24732K), 0.0011979 secs] [Times: user=0.00 sys=0.00, real=0.01 secs] 
57.563: [GC 57.563: [ParNew: 7181K->551K(7616K), 0.0015188 secs] 19530K->13173K(24732K), 0.0016008 secs] [Times: user=0.00 sys=0.00, real=0.00 secs] 
57.568: [GC 57.568: [ParNew: 7056K->543K(7616K), 0.0010256 secs] 19679K->13181K(24732K), 0.0010873 secs] [Times: user=0.00 sys=0.00, real=0.01 secs] 
57.573: [GC 57.573: [ParNew: 7032K->549K(7616K), 0.0011011 secs] 19669K->13187K(24732K), 0.0011645 secs] [Times: user=0.01 sys=0.00, real=0.00 secs] 
57.578: [GC 57.579: [ParNew: 7072K->894K(7616K), 0.0013503 secs] 19709K->13599K(24732K), 0.0014602 secs] [Times: user=0.01 sys=0.00, real=0.01 secs] 
57.584: [GC 57.584: [ParNew: 7411K->540K(7616K), 0.0015320 secs] 20116K->13628K(24732K), 0.0016199 secs] [Times: user=0.00 sys=0.00, real=0.00 secs] 
57.590: [GC 57.590: [ParNew: 7067K->981K(7616K), 0.0015650 secs] 20155K->14068K(24732K), 0.0016421 secs] [Times: user=0.00 sys=0.00, real=0.00 secs] 
57.597: [GC 57.597: [ParNew: 7414K->471K(7616K), 0.0014158 secs] 20501K->14169K(24732K), 0.0014950 secs] [Times: user=0.00 sys=0.00, real=0.01 secs] 
57.603: [GC 57.603: [ParNew: 6935K->555K(7616K), 0.0013139 secs] 20632K->14252K(24732K), 0.0013689 secs] [Times: user=0.00 sys=0.00, real=0.00 secs] 
57.608: [GC 57.608: [ParNew: 7075K->492K(7616K), 0.0013342 secs] 20772K->14230K(24732K), 0.0013891 secs] [Times: user=0.00 sys=0.00, real=0.01 secs] 
57.613: [GC 57.613: [ParNew: 6978K->620K(7616K), 0.0010930 secs] 20716K->14358K(24732K), 0.0012083 secs] [Times: user=0.01 sys=0.00, real=0.00 secs] 
57.620: [GC 57.620: [ParNew: 7121K->634K(7616K), 0.0014575 secs] 20859K->14592K(24732K), 0.0015214 secs] [Times: user=0.00 sys=0.00, real=0.00 secs] 
57.626: [GC 57.626: [ParNew: 7110K->695K(7616K), 0.0012259 secs] 21067K->14918K(24732K), 0.0013097 secs] [Times: user=0.00 sys=0.00, real=0.00 secs] 
57.633: [GC 57.633: [ParNew: 7221K->455K(7616K), 0.0014566 secs] 21445K->14953K(24732K), 0.0015405 secs] [Times: user=0.00 sys=0.00, real=0.00 secs] 
57.639: [GC 57.639: [ParNew: 6935K->776K(7616K), 0.0011216 secs] 21433K->15274K(24732K), 0.0011963 secs] [Times: user=0.00 sys=0.00, real=0.00 secs] 
57.645: [GC 57.645: [ParNew: 7268K->901K(7616K), 0.0017973 secs] 21766K->15491K(24732K), 0.0018852 secs] [Times: user=0.00 sys=0.00, real=0.00 secs] 
57.651: [GC 57.651: [ParNew: 7400K->927K(7616K), 0.0016862 secs] 21990K->15785K(24732K), 0.0017762 secs] [Times: user=0.00 sys=0.00, real=0.00 secs] 
57.657: [GC 57.658: [ParNew: 7438K->699K(7616K), 0.0013861 secs] 22296K->15691K(24732K), 0.0014513 secs] [Times: user=0.00 sys=0.00, real=0.01 secs] 
57.663: [GC 57.663: [ParNew: 7193K->510K(7616K), 0.0017619 secs] 22185K->15963K(24732K), 0.0018251 secs] [Times: user=0.01 sys=0.00, real=0.00 secs] 
57.669: [GC 57.669: [ParNew: 7014K->534K(7616K), 0.0013397 secs] 22468K->15987K(24732K), 0.0013971 secs] [Times: user=0.00 sys=0.00, real=0.00 secs] 
57.674: [GC 57.674: [ParNew: 7038K->581K(7616K), 0.0010589 secs] 22492K->16034K(24732K), 0.0011199 secs] [Times: user=0.00 sys=0.00, real=0.00 secs] 
57.681: [GC 57.681: [ParNew: 7081K->983K(7616K), 0.0015390 secs] 22535K->16777K(24732K), 0.0016098 secs] [Times: user=0.00 sys=0.00, real=0.00 secs] 
57.686: [GC 57.686: [ParNew: 7486K->147K(7616K), 0.0015324 secs] 23279K->16469K(24732K), 0.0015990 secs] [Times: user=0.00 sys=0.00, real=0.00 secs] 
57.692: [GC 57.692: [ParNew: 6605K->892K(7616K), 0.0012075 secs] 22927K->17213K(24732K), 0.0012794 secs] [Times: user=0.00 sys=0.00, real=0.00 secs] 
57.697: [GC 57.697: [ParNew: 7372K->240K(7616K), 0.0013691 secs] 23694K->17132K(24732K), 0.0014397 secs] [Times: user=0.00 sys=0.00, real=0.01 secs] 
57.706: [GC 57.706: [ParNew: 6728K->607K(7616K), 0.0010070 secs] 23620K->17499K(24732K), 0.0010699 secs] [Times: user=0.00 sys=0.00, real=0.00 secs] 
57.712: [GC 57.712: [ParNew: 7092K->333K(7616K), 0.0013188 secs]57.713: [Tenured: 17339K->7892K(17500K), 0.0711190 secs] 23984K->7892K(25116K), [Perm : 10710K->10710K(21248K)], 0.0729168 secs] [Times: user=0.07 sys=0.00, real=0.07 secs] 
57.791: [GC 57.791: [ParNew: 6524K->618K(7616K), 0.0009307 secs] 14417K->8510K(24732K), 0.0010048 secs] [Times: user=0.00 sys=0.00, real=0.00 secs] 
57.795: [GC 57.795: [ParNew: 7103K->370K(7616K), 0.0014108 secs] 14995K->8685K(24732K), 0.0014934 secs] [Times: user=0.00 sys=0.00, real=0.00 secs] 
57.802: [GC 57.803: [ParNew: 6874K->756K(7616K), 0.0009382 secs] 15190K->9071K(24732K), 0.0010053 secs] [Times: user=0.00 sys=0.00, real=0.00 secs] 
57.808: [GC 57.808: [ParNew: 7222K->675K(7616K), 0.0015244 secs] 15537K->9283K(24732K), 0.0015930 secs] [Times: user=0.00 sys=0.00, real=0.01 secs] 
57.814: [GC 57.814: [ParNew: 7203K->436K(7616K), 0.0012046 secs] 15811K->9427K(24732K), 0.0012809 secs] [Times: user=0.00 sys=0.00, real=0.00 secs] 
57.820: [GC 57.820: [ParNew: 6918K->597K(7616K), 0.0011983 secs] 15909K->9588K(24732K), 0.0012672 secs] [Times: user=0.00 sys=0.00, real=0.00 secs] 
57.825: [GC 57.825: [ParNew: 7105K->389K(7616K), 0.0011566 secs] 16096K->9535K(24732K), 0.0012190 secs] [Times: user=0.00 sys=0.00, real=0.00 secs] 
57.830: [GC 57.830: [ParNew: 6858K->389K(7616K), 0.0008237 secs] 16005K->9535K(24732K), 0.0008775 secs] [Times: user=0.01 sys=0.00, real=0.00 secs] 
57.835: [GC 57.835: [ParNew: 6884K->616K(7616K), 0.0011255 secs] 16031K->9763K(24732K), 0.0011867 secs] [Times: user=0.00 sys=0.00, real=0.00 secs] 
57.841: [GC 57.841: [ParNew: 7136K->895K(7616K), 0.0015244 secs] 16283K->10119K(24732K), 0.0016017 secs] [Times: user=0.00 sys=0.00, real=0.00 secs] 
57.849: [GC 57.849: [ParNew: 7407K->602K(7616K), 0.0011695 secs] 16631K->10284K(24732K), 0.0012387 secs] [Times: user=0.00 sys=0.00, real=0.00 secs] 
57.854: [GC 57.855: [ParNew: 7103K->545K(7616K), 0.0010122 secs] 16784K->10252K(24732K), 0.0014871 secs] [Times: user=0.00 sys=0.00, real=0.00 secs] 
57.860: [GC 57.860: [ParNew: 7055K->900K(7616K), 0.0012644 secs] 16763K->10607K(24732K), 0.0013471 secs] [Times: user=0.00 sys=0.00, real=0.00 secs] 
57.866: [GC 57.866: [ParNew: 7408K->745K(7616K), 0.0012436 secs] 17116K->10723K(24732K), 0.0013140 secs] [Times: user=0.01 sys=0.00, real=0.00 secs] 
57.872: [GC 57.872: [ParNew: 7205K->556K(7616K), 0.0010928 secs] 17182K->10835K(24732K), 0.0011586 secs] [Times: user=0.01 sys=0.00, real=0.00 secs] 
57.877: [GC 57.877: [ParNew: 7022K->401K(7616K), 0.0013115 secs] 17301K->10844K(24732K), 0.0013768 secs] [Times: user=0.00 sys=0.00, real=0.00 secs] 
57.884: [GC 57.884: [ParNew: 6929K->825K(7616K), 0.0010603 secs] 17372K->11268K(24732K), 0.0011971 secs] [Times: user=0.00 sys=0.00, real=0.00 secs] 
57.892: [GC 57.892: [ParNew: 7317K->401K(7616K), 0.0013891 secs] 17761K->11515K(24732K), 0.0014591 secs] [Times: user=0.00 sys=0.00, real=0.00 secs] 
57.897: [GC 57.897: [ParNew: 6892K->520K(7616K), 0.0010384 secs] 18007K->11635K(24732K), 0.0010994 secs] [Times: user=0.00 sys=0.00, real=0.00 secs] 
57.902: [GC 57.902: [ParNew: 7036K->827K(7616K), 0.0012026 secs] 18151K->11941K(24732K), 0.0012863 secs] [Times: user=0.00 sys=0.00, real=0.00 secs] 
57.908: [GC 57.908: [ParNew: 7353K->680K(7616K), 0.0014674 secs] 18467K->12070K(24732K), 0.0015383 secs] [Times: user=0.00 sys=0.00, real=0.01 secs] 
57.913: [GC 57.914: [ParNew: 7169K->422K(7616K), 0.0011907 secs] 18560K->12156K(24732K), 0.0012600 secs] [Times: user=0.01 sys=0.00, real=0.00 secs] 
57.919: [GC 57.919: [ParNew: 6919K->697K(7616K), 0.0010016 secs] 18653K->12431K(24732K), 0.0010626 secs] [Times: user=0.01 sys=0.00, real=0.00 secs] 
57.924: [GC 57.924: [ParNew: 7161K->749K(7616K), 0.0016922 secs] 18895K->12844K(24732K), 0.0017655 secs] [Times: user=0.00 sys=0.00, real=0.00 secs] 
57.932: [GC 57.932: [ParNew: 7116K->86K(7616K), 0.0019886 secs] 19211K->12592K(24732K), 0.0020922 secs] [Times: user=0.00 sys=0.00, real=0.00 secs] 
57.940: [GC 57.940: [ParNew: 6596K->339K(7616K), 0.0008666 secs] 19102K->12845K(24732K), 0.0009234 secs] [Times: user=0.00 sys=0.00, real=0.00 secs] 
57.946: [GC 57.946: [ParNew: 6859K->695K(7616K), 0.0012876 secs] 19365K->13201K(24732K), 0.0013787 secs] [Times: user=0.00 sys=0.00, real=0.00 secs] 
57.951: [GC 57.951: [ParNew: 7097K->620K(7616K), 0.0010838 secs] 19603K->13134K(24732K), 0.0011679 secs] [Times: user=0.00 sys=0.00, real=0.00 secs] 
57.958: [GC 57.958: [ParNew: 7142K->697K(7616K), 0.0028410 secs] 19656K->13646K(24732K), 0.0029467 secs] [Times: user=0.00 sys=0.00, real=0.01 secs] 
57.966: [GC 57.966: [ParNew: 7152K->582K(7616K), 0.0022039 secs] 20101K->14151K(24732K), 0.0023021 secs] [Times: user=0.00 sys=0.00, real=0.00 secs] 
57.974: [GC 57.974: [ParNew: 7097K->734K(7616K), 0.0015038 secs] 20666K->14736K(24732K), 0.0015747 secs] [Times: user=0.00 sys=0.00, real=0.00 secs] 
57.981: [GC 57.981: [ParNew: 7217K->497K(7616K), 0.0017000 secs] 21220K->15125K(24732K), 0.0017864 secs] [Times: user=0.00 sys=0.00, real=0.00 secs] 
57.988: [GC 57.988: [ParNew: 7023K->660K(7616K), 0.0010839 secs] 21651K->15287K(24732K), 0.0011551 secs] [Times: user=0.00 sys=0.00, real=0.01 secs] 
57.994: [GC 57.994: [ParNew: 7177K->672K(7616K), 0.0010376 secs] 21805K->15461K(24732K), 0.0010986 secs] [Times: user=0.01 sys=0.00, real=0.00 secs] 
57.999: [GC 57.999: [ParNew: 7200K->607K(7616K), 0.0012231 secs] 21989K->15583K(24732K), 0.0012892 secs] [Times: user=0.01 sys=0.00, real=0.00 secs] 
58.004: [GC 58.004: [ParNew: 7096K->530K(7616K), 0.0015022 secs] 22072K->15875K(24732K), 0.0015762 secs] [Times: user=0.01 sys=0.00, real=0.00 secs] 
58.010: [GC 58.010: [ParNew: 6989K->457K(7616K), 0.0010685 secs] 22335K->15803K(24732K), 0.0011353 secs] [Times: user=0.00 sys=0.00, real=0.00 secs] 
58.016: [GC 58.016: [ParNew: 6892K->681K(7616K), 0.0012267 secs] 22237K->16026K(24732K), 0.0013558 secs] [Times: user=0.00 sys=0.00, real=0.00 secs] 
58.022: [GC 58.022: [ParNew: 7193K->406K(7616K), 0.0012078 secs] 22539K->16081K(24732K), 0.0012710 secs] [Times: user=0.00 sys=0.00, real=0.00 secs] 
58.027: [GC 58.027: [ParNew: 6889K->628K(7616K), 0.0043326 secs] 22564K->16303K(24732K), 0.0044143 secs] [Times: user=0.00 sys=0.01, real=0.01 secs] 
58.037: [GC 58.037: [ParNew: 7136K->399K(7616K), 0.0014538 secs] 22811K->16236K(24732K), 0.0015235 secs] [Times: user=0.00 sys=0.00, real=0.01 secs] 
58.043: [GC 58.043: [ParNew: 6921K->618K(7616K), 0.0010572 secs] 22759K->16455K(24732K), 0.0011203 secs] [Times: user=0.00 sys=0.00, real=0.00 secs] 
58.051: [GC 58.051: [ParNew: 7128K->817K(7616K), 0.0034262 secs] 22966K->16718K(24732K), 0.0035643 secs] [Times: user=0.00 sys=0.00, real=0.00 secs] 
58.059: [GC 58.059: [ParNew: 7324K->112K(7616K), 0.0013309 secs] 23225K->16684K(24732K), 0.0014045 secs] [Times: user=0.01 sys=0.00, real=0.00 secs] 
58.065: [GC 58.065: [ParNew: 6563K->532K(7616K), 0.0009264 secs] 23135K->17104K(24732K), 0.0009872 secs] [Times: user=0.00 sys=0.00, real=0.00 secs] 
58.071: [GC 58.071: [ParNew: 7028K->960K(7616K), 0.0013699 secs] 23600K->17532K(24732K), 0.0014487 secs] [Times: user=0.00 sys=0.00, real=0.00 secs] 
58.078: [GC 58.078: [ParNew: 7443K->696K(7616K), 0.0029677 secs]58.081: [Tenured: 17454K->7783K(17500K), 0.0698717 secs] 24015K->7783K(25116K), [Perm : 10710K->10710K(21248K)], 0.0732061 secs] [Times: user=0.07 sys=0.00, real=0.08 secs] 
58.157: [GC 58.157: [ParNew: 6472K->501K(7616K), 0.0008815 secs] 14256K->8284K(24732K), 0.0009558 secs] [Times: user=0.00 sys=0.00, real=0.00 secs] 
58.163: [GC 58.163: [ParNew: 7017K->607K(7616K), 0.0009735 secs] 14800K->8390K(24732K), 0.0010487 secs] [Times: user=0.00 sys=0.00, real=0.00 secs] 
58.170: [GC 58.170: [ParNew: 7135K->332K(7616K), 0.0020093 secs] 14918K->8491K(24732K), 0.0020825 secs] [Times: user=0.00 sys=0.00, real=0.00 secs] 
58.178: [GC 58.178: [ParNew: 6848K->626K(7616K), 0.0009909 secs] 15007K->8784K(24732K), 0.0010743 secs] [Times: user=0.01 sys=0.00, real=0.01 secs] 
58.183: [GC 58.183: [ParNew: 7146K->574K(7616K), 0.0012669 secs] 15305K->8885K(24732K), 0.0013340 secs] [Times: user=0.00 sys=0.00, real=0.00 secs] 
58.190: [GC 58.190: [ParNew: 7085K->461K(7616K), 0.0011564 secs] 15396K->8826K(24732K), 0.0012154 secs] [Times: user=0.00 sys=0.00, real=0.00 secs] 
58.198: [GC 58.198: [ParNew: 6961K->752K(7616K), 0.0009716 secs] 15325K->9116K(24732K), 0.0010426 secs] [Times: user=0.00 sys=0.00, real=0.01 secs] 
58.204: [GC 58.204: [ParNew: 7246K->536K(7616K), 0.0012302 secs] 15610K->9204K(24732K), 0.0013115 secs] [Times: user=0.00 sys=0.00, real=0.00 secs] 
58.210: [GC 58.210: [ParNew: 7037K->792K(7616K), 0.0011535 secs] 15704K->9460K(24732K), 0.0012192 secs] [Times: user=0.00 sys=0.00, real=0.00 secs] 
58.223: [GC 58.223: [ParNew: 7320K->424K(7616K), 0.0010636 secs] 15988K->9440K(24732K), 0.0011221 secs] [Times: user=0.01 sys=0.00, real=0.00 secs] 
58.228: [GC 58.228: [ParNew: 6945K->818K(7616K), 0.0013595 secs] 15961K->9834K(24732K), 0.0014270 secs] [Times: user=0.00 sys=0.00, real=0.01 secs] 
58.233: [GC 58.233: [ParNew: 7322K->538K(7616K), 0.0013995 secs] 16338K->9930K(24732K), 0.0014853 secs] [Times: user=0.00 sys=0.00, real=0.00 secs] 
58.241: [GC 58.241: [ParNew: 7059K->1085K(7616K), 0.0013382 secs] 16452K->10500K(24732K), 0.0014047 secs] [Times: user=0.00 sys=0.00, real=0.00 secs] 
58.247: [GC 58.247: [ParNew: 7600K->201K(7616K), 0.0012155 secs] 17015K->10290K(24732K), 0.0012805 secs] [Times: user=0.00 sys=0.00, real=0.00 secs] 
58.253: [GC 58.253: [ParNew: 6716K->954K(7616K), 0.0012272 secs] 16806K->11207K(24732K), 0.0013131 secs] [Times: user=0.00 sys=0.00, real=0.00 secs] 
58.259: [GC 58.259: [ParNew: 7429K->368K(7616K), 0.0012285 secs] 17682K->11312K(24732K), 0.0013093 secs] [Times: user=0.00 sys=0.00, real=0.00 secs] 
58.268: [GC 58.268: [ParNew: 6741K->742K(7616K), 0.0013429 secs] 17685K->11686K(24732K), 0.0014417 secs] [Times: user=0.00 sys=0.00, real=0.01 secs] 
58.275: [GC 58.275: [ParNew: 7270K->294K(7616K), 0.0008973 secs] 18214K->11490K(24732K), 0.0010053 secs] [Times: user=0.00 sys=0.00, real=0.00 secs] 
58.281: [GC 58.281: [ParNew: 6822K->388K(7616K), 0.0007436 secs] 18018K->11585K(24732K), 0.0007916 secs] [Times: user=0.00 sys=0.00, real=0.00 secs] 
58.287: [GC 58.287: [ParNew: 6909K->741K(7616K), 0.0010200 secs] 18105K->11938K(24732K), 0.0010781 secs] [Times: user=0.01 sys=0.00, real=0.00 secs] 
58.292: [GC 58.292: [ParNew: 7263K->575K(7616K), 0.0014435 secs] 18460K->12157K(24732K), 0.0015147 secs] [Times: user=0.01 sys=0.00, real=0.00 secs] 
58.297: [GC 58.298: [ParNew: 7084K->481K(7616K), 0.0012270 secs] 18666K->12383K(24732K), 0.0012941 secs] [Times: user=0.00 sys=0.00, real=0.01 secs] 
58.303: [GC 58.303: [ParNew: 7006K->609K(7616K), 0.0010271 secs] 18907K->12511K(24732K), 0.0010855 secs] [Times: user=0.00 sys=0.00, real=0.00 secs] 
58.308: [GC 58.308: [ParNew: 7121K->566K(7616K), 0.0011164 secs] 19023K->12608K(24732K), 0.0011805 secs] [Times: user=0.00 sys=0.00, real=0.01 secs] 
58.314: [GC 58.314: [ParNew: 7083K->737K(7616K), 0.0017267 secs] 19125K->13015K(24732K), 0.0018260 secs] [Times: user=0.00 sys=0.00, real=0.00 secs] 
58.320: [GC 58.320: [ParNew: 7251K->812K(7616K), 0.0013770 secs] 19529K->13359K(24732K), 0.0014481 secs] [Times: user=0.00 sys=0.00, real=0.00 secs] 
58.326: [GC 58.326: [ParNew: 7325K->193K(7616K), 0.0011588 secs] 19872K->13444K(24732K), 0.0012232 secs] [Times: user=0.00 sys=0.00, real=0.00 secs] 
58.332: [GC 58.332: [ParNew: 6721K->365K(7616K), 0.0008240 secs] 19972K->13616K(24732K), 0.0008713 secs] [Times: user=0.00 sys=0.00, real=0.00 secs] 
58.337: [GC 58.337: [ParNew: 6825K->837K(7616K), 0.0020294 secs] 20077K->14089K(24732K), 0.0021016 secs] [Times: user=0.01 sys=0.00, real=0.01 secs] 
58.344: [GC 58.345: [ParNew: 7330K->411K(7616K), 0.0015258 secs] 20582K->14358K(24732K), 0.0016053 secs] [Times: user=0.00 sys=0.00, real=0.00 secs] 
58.350: [GC 58.350: [ParNew: 6892K->496K(7616K), 0.0009342 secs] 20838K->14442K(24732K), 0.0009882 secs] [Times: user=0.00 sys=0.00, real=0.00 secs] 
58.358: [GC 58.358: [ParNew: 6933K->640K(7616K), 0.0011591 secs] 20880K->14587K(24732K), 0.0012206 secs] [Times: user=0.00 sys=0.00, real=0.01 secs] 
58.368: [GC 58.368: [ParNew: 7168K->864K(7616K), 0.0013819 secs] 21115K->14976K(24732K), 0.0014637 secs] [Times: user=0.00 sys=0.00, real=0.01 secs] 
58.375: [GC 58.376: [ParNew: 7392K->194K(7616K), 0.0013576 secs] 21504K->15089K(24732K), 0.0014264 secs] [Times: user=0.00 sys=0.00, real=0.00 secs] 
58.383: [GC 58.383: [ParNew: 6702K->276K(7616K), 0.0019745 secs] 21597K->15171K(24732K), 0.0020411 secs] [Times: user=0.00 sys=0.00, real=0.00 secs] 
58.390: [GC 58.390: [ParNew: 6802K->593K(7616K), 0.0009125 secs] 21697K->15488K(24732K), 0.0009713 secs] [Times: user=0.00 sys=0.00, real=0.00 secs] 
58.397: [GC 58.397: [ParNew: 7121K->439K(7616K), 0.0010680 secs] 22016K->15498K(24732K), 0.0011241 secs] [Times: user=0.00 sys=0.00, real=0.00 secs] 
58.402: [GC 58.402: [ParNew: 6954K->760K(7616K), 0.0011753 secs] 22013K->15819K(24732K), 0.0012717 secs] [Times: user=0.00 sys=0.00, real=0.00 secs] 
58.408: [GC 58.409: [ParNew: 7242K->239K(7616K), 0.0009888 secs] 22301K->15568K(24732K), 0.0010493 secs] [Times: user=0.00 sys=0.00, real=0.01 secs] 
58.414: [GC 58.414: [ParNew: 6747K->404K(7616K), 0.0009809 secs] 22076K->15732K(24732K), 0.0010380 secs] [Times: user=0.00 sys=0.00, real=0.00 secs] 
58.419: [GC 58.419: [ParNew: 6907K->502K(7616K), 0.0011706 secs] 22235K->15830K(24732K), 0.0012315 secs] [Times: user=0.00 sys=0.00, real=0.01 secs] 
58.424: [GC 58.424: [ParNew: 7029K->540K(7616K), 0.0009810 secs] 22358K->15868K(24732K), 0.0010360 secs] [Times: user=0.00 sys=0.00, real=0.00 secs] 
58.429: [GC 58.429: [ParNew: 7045K->472K(7616K), 0.0008589 secs] 22374K->15801K(24732K), 0.0009147 secs] [Times: user=0.00 sys=0.00, real=0.00 secs] 
58.435: [GC 58.435: [ParNew: 6986K->514K(7616K), 0.0009350 secs] 22315K->15842K(24732K), 0.0009929 secs] [Times: user=0.00 sys=0.00, real=0.00 secs] 
58.441: [GC 58.441: [ParNew: 7035K->483K(7616K), 0.0035819 secs] 22364K->15811K(24732K), 0.0037495 secs] [Times: user=0.00 sys=0.00, real=0.00 secs] 
58.449: [GC 58.449: [ParNew: 6991K->415K(7616K), 0.0009253 secs] 22320K->15744K(24732K), 0.0009805 secs] [Times: user=0.01 sys=0.00, real=0.00 secs] 
58.455: [GC 58.455: [ParNew: 6940K->714K(7616K), 0.0011024 secs] 22269K->16042K(24732K), 0.0011848 secs] [Times: user=0.00 sys=0.00, real=0.00 secs] 
58.461: [GC 58.462: [ParNew: 7225K->482K(7616K), 0.0018867 secs] 22554K->16033K(24732K), 0.0019790 secs] [Times: user=0.00 sys=0.00, real=0.00 secs] 
58.469: [GC 58.469: [ParNew: 6978K->673K(7616K), 0.0021528 secs] 22528K->16223K(24732K), 0.0022288 secs] [Times: user=0.00 sys=0.00, real=0.00 secs] 
58.477: [GC 58.477: [ParNew: 7166K->863K(7616K), 0.0013700 secs] 22716K->16558K(24732K), 0.0014526 secs] [Times: user=0.00 sys=0.00, real=0.00 secs] 
58.483: [GC 58.483: [ParNew: 7382K->164K(7616K), 0.0011789 secs] 23076K->16435K(24732K), 0.0012439 secs] [Times: user=0.00 sys=0.00, real=0.00 secs] 
58.489: [GC 58.489: [ParNew: 6692K->617K(7616K), 0.0010253 secs] 22963K->16888K(24732K), 0.0010985 secs] [Times: user=0.00 sys=0.00, real=0.00 secs] 
58.494: [GC 58.494: [ParNew: 7144K->789K(7616K), 0.0018840 secs] 23415K->17069K(24732K), 0.0019573 secs] [Times: user=0.00 sys=0.00, real=0.00 secs] 
58.502: [GC 58.502: [ParNew: 7317K->210K(7616K), 0.0011049 secs] 23596K->17033K(24732K), 0.0012167 secs] [Times: user=0.00 sys=0.00, real=0.00 secs] 
58.507: [GC 58.507: [ParNew: 6706K->397K(7616K), 0.0009727 secs] 23529K->17220K(24732K), 0.0010614 secs] [Times: user=0.00 sys=0.00, real=0.00 secs] 
58.514: [GC 58.514: [ParNew: 6904K->424K(7616K), 0.0009258 secs] 23727K->17247K(24732K), 0.0009937 secs] [Times: user=0.01 sys=0.00, real=0.00 secs] 
58.518: [GC 58.519: [ParNew: 6931K->437K(7616K), 0.0010562 secs] 23754K->17259K(24732K), 0.0011130 secs] [Times: user=0.00 sys=0.00, real=0.01 secs] 
58.525: [GC 58.525: [ParNew: 6950K->477K(7616K), 0.0009309 secs] 23772K->17300K(24732K), 0.0010020 secs] [Times: user=0.00 sys=0.00, real=0.00 secs] 
58.530: [GC 58.530: [ParNew: 6998K->452K(7616K), 0.0010958 secs] 23821K->17275K(24732K), 0.0011602 secs] [Times: user=0.00 sys=0.00, real=0.00 secs] 
58.536: [GC 58.536: [ParNew: 6944K->464K(7616K), 0.0010648 secs] 23767K->17286K(24732K), 0.0011348 secs] [Times: user=0.00 sys=0.00, real=0.00 secs] 
58.542: [GC 58.542: [ParNew: 6946K->473K(7616K), 0.0009924 secs] 23768K->17296K(24732K), 0.0010475 secs] [Times: user=0.00 sys=0.00, real=0.00 secs] 
58.548: [GC 58.548: [ParNew: 6992K->487K(7616K), 0.0010460 secs] 23815K->17310K(24732K), 0.0011037 secs] [Times: user=0.00 sys=0.00, real=0.01 secs] 
58.554: [GC 58.555: [ParNew: 7005K->756K(7616K), 0.0012228 secs] 23828K->17579K(24732K), 0.0013039 secs] [Times: user=0.00 sys=0.00, real=0.00 secs] 
58.560: [GC 58.560: [ParNew: 7280K->517K(7616K), 0.0012749 secs] 24103K->17589K(24732K), 0.0013404 secs] [Times: user=0.00 sys=0.00, real=0.00 secs] 
58.566: [GC 58.566: [ParNew: 7041K->611K(7616K), 0.0011415 secs] 24114K->17683K(24732K), 0.0012107 secs] [Times: user=0.00 sys=0.00, real=0.00 secs] 
58.571: [GC 58.571: [ParNew: 7082K->899K(7616K), 0.0020792 secs]58.573: [Tenured: 17200K->7751K(17308K), 0.0708784 secs] 24154K->7751K(24924K), [Perm : 10710K->10710K(21248K)], 0.0732332 secs] [Times: user=0.07 sys=0.01, real=0.07 secs] 
58.648: [GC 58.648: [ParNew: 6502K->416K(7616K), 0.0009243 secs] 14253K->8168K(24732K), 0.0009892 secs] [Times: user=0.00 sys=0.00, real=0.01 secs] 
58.653: [GC 58.653: [ParNew: 6940K->392K(7616K), 0.0009202 secs] 14691K->8144K(24732K), 0.0009995 secs] [Times: user=0.00 sys=0.00, real=0.00 secs] 
58.658: [GC 58.658: [ParNew: 6862K->814K(7616K), 0.0012224 secs] 14613K->8566K(24732K), 0.0012891 secs] [Times: user=0.00 sys=0.00, real=0.01 secs] 
58.663: [GC 58.664: [ParNew: 7334K->482K(7616K), 0.0013726 secs] 15086K->8501K(24732K), 0.0014453 secs] [Times: user=0.00 sys=0.00, real=0.00 secs] 
58.670: [GC 58.670: [ParNew: 6952K->795K(7616K), 0.0012304 secs] 14971K->8814K(24732K), 0.0013148 secs] [Times: user=0.01 sys=0.00, real=0.00 secs] 
58.676: [GC 58.676: [ParNew: 7295K->673K(7616K), 0.0013175 secs] 15314K->9043K(24732K), 0.0015021 secs] [Times: user=0.01 sys=0.00, real=0.00 secs] 
58.681: [GC 58.681: [ParNew: 7182K->485K(7616K), 0.0012023 secs] 15552K->9161K(24732K), 0.0012697 secs] [Times: user=0.00 sys=0.00, real=0.00 secs] 
58.687: [GC 58.687: [ParNew: 7001K->701K(7616K), 0.0016636 secs] 15677K->9377K(24732K), 0.0017375 secs] [Times: user=0.00 sys=0.00, real=0.01 secs] 
58.692: [GC 58.693: [ParNew: 7194K->372K(7616K), 0.0011130 secs] 15870K->9294K(24732K), 0.0011752 secs] [Times: user=0.00 sys=0.00, real=0.00 secs] 
58.698: [GC 58.698: [ParNew: 6870K->320K(7616K), 0.0008864 secs] 15792K->9243K(24732K), 0.0009380 secs] [Times: user=0.00 sys=0.00, real=0.01 secs] 
58.703: [GC 58.703: [ParNew: 6792K->747K(7616K), 0.0010109 secs] 15714K->9670K(24732K), 0.0010748 secs] [Times: user=0.00 sys=0.00, real=0.00 secs] 
58.708: [GC 58.708: [ParNew: 7239K->870K(7616K), 0.0014755 secs] 16161K->9996K(24732K), 0.0015480 secs] [Times: user=0.01 sys=0.00, real=0.01 secs] 
58.715: [GC 58.715: [ParNew: 7327K->1072K(7616K), 0.0017444 secs] 16453K->10683K(24732K), 0.0018240 secs] [Times: user=0.01 sys=0.00, real=0.00 secs] 
58.722: [GC 58.722: [ParNew: 7598K->301K(7616K), 0.0032392 secs] 17209K->10897K(24732K), 0.0035296 secs] [Times: user=0.01 sys=0.00, real=0.00 secs] 
58.730: [GC 58.730: [ParNew: 6824K->552K(7616K), 0.0012402 secs] 17419K->11148K(24732K), 0.0012958 secs] [Times: user=0.01 sys=0.00, real=0.00 secs] 
58.735: [GC 58.735: [ParNew: 7054K->559K(7616K), 0.0011921 secs] 17649K->11411K(24732K), 0.0012769 secs] [Times: user=0.00 sys=0.00, real=0.00 secs] 
58.742: [GC 58.742: [ParNew: 7040K->487K(7616K), 0.0013381 secs] 17892K->11580K(24732K), 0.0014184 secs] [Times: user=0.00 sys=0.00, real=0.00 secs] 
58.749: [GC 58.749: [ParNew: 7009K->656K(7616K), 0.0010447 secs] 18102K->11749K(24732K), 0.0011258 secs] [Times: user=0.00 sys=0.00, real=0.00 secs] 
58.756: [GC 58.756: [ParNew: 7184K->252K(7616K), 0.0009105 secs] 18277K->11726K(24732K), 0.0009655 secs] [Times: user=0.00 sys=0.00, real=0.00 secs] 
58.762: [GC 58.762: [ParNew: 6676K->537K(7616K), 0.0008294 secs] 18150K->12011K(24732K), 0.0008840 secs] [Times: user=0.00 sys=0.00, real=0.00 secs] 
58.767: [GC 58.767: [ParNew: 6997K->606K(7616K), 0.0013759 secs] 18470K->12079K(24732K), 0.0014488 secs] [Times: user=0.00 sys=0.00, real=0.01 secs] 
58.774: [GC 58.774: [ParNew: 7034K->497K(7616K), 0.0014001 secs] 18507K->12050K(24732K), 0.0014860 secs] [Times: user=0.00 sys=0.00, real=0.00 secs] 
58.781: [GC 58.781: [ParNew: 7025K->666K(7616K), 0.0012833 secs] 18578K->12219K(24732K), 0.0013512 secs] [Times: user=0.00 sys=0.00, real=0.00 secs] 
58.787: [GC 58.787: [ParNew: 7164K->416K(7616K), 0.0015063 secs] 18717K->12239K(24732K), 0.0015742 secs] [Times: user=0.01 sys=0.00, real=0.01 secs] 
58.799: [GC 58.799: [ParNew: 6885K->128K(7616K), 0.0007951 secs] 18707K->11950K(24732K), 0.0008632 secs] [Times: user=0.00 sys=0.00, real=0.00 secs] 
58.803: [GC 58.803: [ParNew: 6648K->183K(7616K), 0.0007121 secs] 18470K->12005K(24732K), 0.0007622 secs] [Times: user=0.00 sys=0.00, real=0.00 secs] 
58.812: [GC 58.812: [ParNew: 6702K->551K(7616K), 0.0008905 secs] 18524K->12373K(24732K), 0.0009489 secs] [Times: user=0.00 sys=0.00, real=0.00 secs] 
58.817: [GC 58.817: [ParNew: 7074K->688K(7616K), 0.0014924 secs] 18896K->12519K(24732K), 0.0015654 secs] [Times: user=0.00 sys=0.00, real=0.01 secs] 
58.823: [GC 58.823: [ParNew: 7211K->394K(7616K), 0.0016602 secs] 19041K->12612K(24732K), 0.0017240 secs] [Times: user=0.00 sys=0.00, real=0.00 secs] 
58.828: [GC 58.829: [ParNew: 6905K->386K(7616K), 0.0017323 secs] 19123K->12604K(24732K), 0.0018047 secs] [Times: user=0.00 sys=0.00, real=0.01 secs] 
58.835: [GC 58.835: [ParNew: 6906K->634K(7616K), 0.0010453 secs] 19124K->12852K(24732K), 0.0011063 secs] [Times: user=0.01 sys=0.00, real=0.00 secs] 
58.842: [GC 58.842: [ParNew: 7125K->734K(7616K), 0.0012388 secs] 19343K->13232K(24732K), 0.0013331 secs] [Times: user=0.01 sys=0.00, real=0.00 secs] 
58.849: [GC 58.849: [ParNew: 7254K->604K(7616K), 0.0011926 secs] 19753K->13321K(24732K), 0.0012565 secs] [Times: user=0.00 sys=0.00, real=0.00 secs] 
58.856: [GC 58.856: [ParNew: 7127K->515K(7616K), 0.0012425 secs] 19844K->13459K(24732K), 0.0013252 secs] [Times: user=0.01 sys=0.00, real=0.00 secs] 
58.863: [GC 58.863: [ParNew: 7029K->721K(7616K), 0.0012506 secs] 19973K->13665K(24732K), 0.0013278 secs] [Times: user=0.00 sys=0.00, real=0.00 secs] 
58.868: [GC 58.868: [ParNew: 7249K->369K(7616K), 0.0014284 secs] 20193K->13620K(24732K), 0.0015035 secs] [Times: user=0.00 sys=0.00, real=0.01 secs] 
58.875: [GC 58.875: [ParNew: 6884K->447K(7616K), 0.0009610 secs] 20135K->13698K(24732K), 0.0010716 secs] [Times: user=0.00 sys=0.00, real=0.00 secs] 
58.880: [GC 58.880: [ParNew: 6922K->553K(7616K), 0.0014027 secs] 20173K->13804K(24732K), 0.0014803 secs] [Times: user=0.00 sys=0.00, real=0.00 secs] 
58.885: [GC 58.885: [ParNew: 7036K->512K(7616K), 0.0017177 secs] 20287K->13866K(24732K), 0.0017946 secs] [Times: user=0.00 sys=0.00, real=0.00 secs] 
58.893: [GC 58.893: [ParNew: 7030K->524K(7616K), 0.0009275 secs] 20385K->13879K(24732K), 0.0009891 secs] [Times: user=0.00 sys=0.00, real=0.00 secs] 
58.899: [GC 58.899: [ParNew: 7043K->791K(7616K), 0.0012773 secs] 20398K->14145K(24732K), 0.0013591 secs] [Times: user=0.00 sys=0.00, real=0.00 secs] 
58.905: [GC 58.905: [ParNew: 7240K->808K(7616K), 0.0012508 secs] 20594K->14483K(24732K), 0.0013202 secs] [Times: user=0.00 sys=0.00, real=0.00 secs] 
58.911: [GC 58.912: [ParNew: 7323K->675K(7616K), 0.0013192 secs] 20998K->14551K(24732K), 0.0014042 secs] [Times: user=0.00 sys=0.00, real=0.00 secs] 
58.917: [GC 58.917: [ParNew: 7164K->574K(7616K), 0.0011949 secs] 21040K->14683K(24732K), 0.0012955 secs] [Times: user=0.00 sys=0.00, real=0.00 secs] 
58.924: [GC 58.924: [ParNew: 7095K->554K(7616K), 0.0010759 secs] 21203K->14829K(24732K), 0.0011634 secs] [Times: user=0.00 sys=0.00, real=0.00 secs] 
58.930: [GC 58.930: [ParNew: 7057K->877K(7616K), 0.0013621 secs] 21333K->15371K(24732K), 0.0014334 secs] [Times: user=0.01 sys=0.00, real=0.00 secs] 
58.936: [GC 58.936: [ParNew: 7389K->239K(7616K), 0.0018819 secs] 21882K->15369K(24732K), 0.0019641 secs] [Times: user=0.01 sys=0.00, real=0.00 secs] 
58.942: [GC 58.942: [ParNew: 6725K->377K(7616K), 0.0009443 secs] 21855K->15507K(24732K), 0.0010000 secs] [Times: user=0.00 sys=0.00, real=0.00 secs] 
58.947: [GC 58.947: [ParNew: 6881K->669K(7616K), 0.0010991 secs] 22011K->15799K(24732K), 0.0011613 secs] [Times: user=0.00 sys=0.00, real=0.00 secs] 
58.952: [GC 58.952: [ParNew: 7189K->631K(7616K), 0.0012244 secs] 22318K->15937K(24732K), 0.0012979 secs] [Times: user=0.00 sys=0.00, real=0.00 secs] 
58.957: [GC 58.958: [ParNew: 7145K->788K(7616K), 0.0017135 secs] 22450K->16181K(24732K), 0.0017943 secs] [Times: user=0.00 sys=0.00, real=0.01 secs] 
58.964: [GC 58.964: [ParNew: 7279K->720K(7616K), 0.0012973 secs] 22673K->16375K(24732K), 0.0013653 secs] [Times: user=0.00 sys=0.00, real=0.00 secs] 
58.970: [GC 58.970: [ParNew: 7179K->469K(7616K), 0.0016844 secs] 22833K->16308K(24732K), 0.0017643 secs] [Times: user=0.00 sys=0.00, real=0.00 secs] 
58.975: [GC 58.975: [ParNew: 6951K->626K(7616K), 0.0012949 secs] 22790K->16465K(24732K), 0.0013750 secs] [Times: user=0.01 sys=0.00, real=0.00 secs] 
58.981: [GC 58.981: [ParNew: 7109K->429K(7616K), 0.0012081 secs] 22949K->16516K(24732K), 0.0012958 secs] [Times: user=0.00 sys=0.00, real=0.00 secs] 
58.986: [GC 58.986: [ParNew: 6927K->612K(7616K), 0.0014537 secs] 23013K->16699K(24732K), 0.0015213 secs] [Times: user=0.00 sys=0.00, real=0.00 secs] 
58.993: [GC 58.993: [ParNew: 7111K->1016K(7616K), 0.0014045 secs] 23197K->17294K(24732K), 0.0014785 secs] [Times: user=0.00 sys=0.00, real=0.00 secs] 
58.998: [GC 58.998: [ParNew: 7526K->118K(7616K), 0.0014062 secs] 23804K->17139K(24732K), 0.0014800 secs] [Times: user=0.00 sys=0.00, real=0.01 secs] 
59.003: [GC 59.004: [ParNew: 6606K->535K(7616K), 0.0011958 secs] 23627K->17556K(24732K), 0.0012940 secs] [Times: user=0.00 sys=0.00, real=0.00 secs] 
59.009: [GC 59.009: [ParNew: 6976K->433K(7616K), 0.0009631 secs] 23997K->17454K(24732K), 0.0010200 secs] [Times: user=0.00 sys=0.01, real=0.01 secs] 
59.014: [GC 59.015: [ParNew: 6926K->639K(7616K), 0.0011289 secs] 23947K->17660K(24732K), 0.0011932 secs] [Times: user=0.01 sys=0.00, real=0.00 secs] 
59.020: [GC 59.020: [ParNew: 7133K->585K(7616K), 0.0011939 secs]59.021: [Tenured: 17150K->8310K(17308K), 0.0710621 secs] 24153K->8310K(24924K), [Perm : 10711K->10711K(21248K)], 0.0725224 secs] [Times: user=0.07 sys=0.00, real=0.07 secs] 
59.096: [GC 59.096: [ParNew: 6490K->510K(7616K), 0.0010819 secs] 14800K->8821K(24732K), 0.0011411 secs] [Times: user=0.00 sys=0.00, real=0.00 secs] 
59.101: [GC 59.101: [ParNew: 7010K->857K(7616K), 0.0011970 secs] 15320K->9167K(24732K), 0.0012644 secs] [Times: user=0.00 sys=0.00, real=0.00 secs] 
59.106: [GC 59.107: [ParNew: 7356K->227K(7616K), 0.0010302 secs] 15667K->8988K(24732K), 0.0011220 secs] [Times: user=0.00 sys=0.00, real=0.00 secs] 
59.112: [GC 59.112: [ParNew: 6753K->758K(7616K), 0.0012209 secs] 15514K->9519K(24732K), 0.0012881 secs] [Times: user=0.00 sys=0.00, real=0.00 secs] 
59.117: [GC 59.117: [ParNew: 7285K->211K(7616K), 0.0011831 secs] 16047K->9467K(24732K), 0.0012459 secs] [Times: user=0.01 sys=0.00, real=0.00 secs] 
59.122: [GC 59.122: [ParNew: 6728K->310K(7616K), 0.0008146 secs] 15984K->9566K(24732K), 0.0008667 secs] [Times: user=0.00 sys=0.00, real=0.00 secs] 
59.128: [GC 59.128: [ParNew: 6805K->809K(7616K), 0.0011544 secs] 16061K->10065K(24732K), 0.0012189 secs] [Times: user=0.00 sys=0.00, real=0.01 secs] 
59.133: [GC 59.134: [ParNew: 7330K->365K(7616K), 0.0011114 secs] 16586K->10034K(24732K), 0.0011885 secs] [Times: user=0.00 sys=0.00, real=0.00 secs] 
59.140: [GC 59.140: [ParNew: 6846K->320K(7616K), 0.0006246 secs] 16515K->9988K(24732K), 0.0006703 secs] [Times: user=0.00 sys=0.00, real=0.00 secs] 
59.144: [GC 59.145: [ParNew: 6818K->705K(7616K), 0.0010350 secs] 16487K->10373K(24732K), 0.0010966 secs] [Times: user=0.00 sys=0.00, real=0.00 secs] 
59.151: [GC 59.151: [ParNew: 7227K->294K(7616K), 0.0008971 secs] 16896K->10230K(24732K), 0.0009719 secs] [Times: user=0.01 sys=0.00, real=0.00 secs] 
59.156: [GC 59.156: [ParNew: 6751K->320K(7616K), 0.0007777 secs] 16688K->10256K(24732K), 0.0008260 secs] [Times: user=0.00 sys=0.00, real=0.00 secs] 
59.161: [GC 59.161: [ParNew: 6830K->554K(7616K), 0.0010078 secs] 16767K->10491K(24732K), 0.0010646 secs] [Times: user=0.00 sys=0.00, real=0.00 secs] 
59.165: [GC 59.166: [ParNew: 7072K->539K(7616K), 0.0013551 secs] 17008K->10476K(24732K), 0.0014217 secs] [Times: user=0.00 sys=0.01, real=0.00 secs] 
59.171: [GC 59.171: [ParNew: 7059K->605K(7616K), 0.0010598 secs] 16996K->10542K(24732K), 0.0011451 secs] [Times: user=0.00 sys=0.00, real=0.00 secs] 
59.177: [GC 59.177: [ParNew: 7110K->617K(7616K), 0.0012877 secs] 17047K->10794K(24732K), 0.0013596 secs] [Times: user=0.00 sys=0.00, real=0.00 secs] 
59.183: [GC 59.183: [ParNew: 7100K->566K(7616K), 0.0010914 secs] 17277K->10849K(24732K), 0.0011661 secs] [Times: user=0.01 sys=0.00, real=0.00 secs] 
59.189: [GC 59.189: [ParNew: 7088K->913K(7616K), 0.0014472 secs] 17371K->11390K(24732K), 0.0015136 secs] [Times: user=0.00 sys=0.00, real=0.00 secs] 
59.195: [GC 59.196: [ParNew: 7380K->274K(7616K), 0.0016490 secs] 17857K->11606K(24732K), 0.0017452 secs] [Times: user=0.00 sys=0.00, real=0.00 secs] 
59.201: [GC 59.201: [ParNew: 6761K->322K(7616K), 0.0007816 secs] 18094K->11654K(24732K), 0.0008453 secs] [Times: user=0.00 sys=0.00, real=0.00 secs] 
59.206: [GC 59.206: [ParNew: 6845K->665K(7616K), 0.0010226 secs] 18178K->11998K(24732K), 0.0010871 secs] [Times: user=0.00 sys=0.00, real=0.00 secs] 
59.211: [GC 59.211: [ParNew: 7142K->604K(7616K), 0.0010932 secs] 18475K->11936K(24732K), 0.0011673 secs] [Times: user=0.00 sys=0.00, real=0.00 secs] 
59.216: [GC 59.216: [ParNew: 7093K->1002K(7616K), 0.0013423 secs] 18426K->12389K(24732K), 0.0014137 secs] [Times: user=0.01 sys=0.00, real=0.00 secs] 
59.222: [GC 59.222: [ParNew: 7496K->227K(7616K), 0.0013308 secs] 18883K->12323K(24732K), 0.0013997 secs] [Times: user=0.01 sys=0.00, real=0.00 secs] 
59.227: [GC 59.227: [ParNew: 6621K->906K(7616K), 0.0012154 secs] 18716K->13001K(24732K), 0.0012869 secs] [Times: user=0.01 sys=0.00, real=0.00 secs] 
59.234: [GC 59.234: [ParNew: 7420K->230K(7616K), 0.0013144 secs] 19515K->13152K(24732K), 0.0014027 secs] [Times: user=0.00 sys=0.00, real=0.00 secs] 
59.239: [GC 59.239: [ParNew: 6706K->602K(7616K), 0.0010619 secs] 19628K->13524K(24732K), 0.0011299 secs] [Times: user=0.00 sys=0.00, real=0.00 secs] 
59.246: [GC 59.246: [ParNew: 7065K->748K(7616K), 0.0012645 secs] 19987K->13822K(24732K), 0.0013509 secs] [Times: user=0.00 sys=0.00, real=0.00 secs] 
59.252: [GC 59.252: [ParNew: 7271K->480K(7616K), 0.0010721 secs] 20346K->13831K(24732K), 0.0011421 secs] [Times: user=0.00 sys=0.00, real=0.00 secs] 
59.256: [GC 59.256: [ParNew: 6911K->731K(7616K), 0.0012378 secs] 20263K->14082K(24732K), 0.0013018 secs] [Times: user=0.00 sys=0.00, real=0.00 secs] 
59.262: [GC 59.262: [ParNew: 7234K->717K(7616K), 0.0014799 secs] 20585K->14427K(24732K), 0.0015544 secs] [Times: user=0.00 sys=0.01, real=0.00 secs] 
59.267: [GC 59.267: [ParNew: 7222K->409K(7616K), 0.0011570 secs] 20932K->14368K(24732K), 0.0012209 secs] [Times: user=0.00 sys=0.00, real=0.00 secs] 
59.274: [GC 59.274: [ParNew: 6923K->1079K(7616K), 0.0014119 secs] 20882K->15298K(24732K), 0.0014989 secs] [Times: user=0.01 sys=0.00, real=0.00 secs] 
59.280: [GC 59.280: [ParNew: 7583K->429K(7616K), 0.0014943 secs] 21802K->15335K(24732K), 0.0015842 secs] [Times: user=0.01 sys=0.00, real=0.00 secs] 
59.286: [GC 59.286: [ParNew: 6903K->351K(7616K), 0.0018800 secs] 21809K->15257K(24732K), 0.0019593 secs] [Times: user=0.00 sys=0.00, real=0.00 secs] 
59.292: [GC 59.292: [ParNew: 6856K->774K(7616K), 0.0012853 secs] 21762K->15680K(24732K), 0.0013536 secs] [Times: user=0.00 sys=0.00, real=0.00 secs] 
59.297: [GC 59.297: [ParNew: 7291K->723K(7616K), 0.0016141 secs] 22197K->16241K(24732K), 0.0016892 secs] [Times: user=0.00 sys=0.00, real=0.01 secs] 
59.304: [GC 59.304: [ParNew: 7223K->148K(7616K), 0.0009277 secs] 22741K->16138K(24732K), 0.0009844 secs] [Times: user=0.00 sys=0.00, real=0.00 secs] 
59.309: [GC 59.309: [ParNew: 6644K->519K(7616K), 0.0009447 secs] 22634K->16509K(24732K), 0.0010182 secs] [Times: user=0.00 sys=0.00, real=0.00 secs] 
59.317: [GC 59.317: [ParNew: 7047K->196K(7616K), 0.0006847 secs] 23037K->16187K(24732K), 0.0008459 secs] [Times: user=0.00 sys=0.00, real=0.00 secs] 
59.322: [GC 59.322: [ParNew: 6647K->201K(7616K), 0.0007401 secs] 22637K->16192K(24732K), 0.0007875 secs] [Times: user=0.01 sys=0.00, real=0.00 secs] 
59.328: [GC 59.328: [ParNew: 6698K->215K(7616K), 0.0008108 secs] 22688K->16205K(24732K), 0.0008632 secs] [Times: user=0.01 sys=0.00, real=0.01 secs] 
59.333: [GC 59.334: [ParNew: 6713K->226K(7616K), 0.0008901 secs] 22703K->16216K(24732K), 0.0009427 secs] [Times: user=0.01 sys=0.00, real=0.00 secs] 
59.339: [GC 59.339: [ParNew: 6754K->534K(7616K), 0.0011875 secs] 22744K->16524K(24732K), 0.0012487 secs] [Times: user=0.00 sys=0.00, real=0.00 secs] 
59.346: [GC 59.346: [ParNew: 7047K->964K(7616K), 0.0017720 secs] 23038K->16954K(24732K), 0.0018601 secs] [Times: user=0.00 sys=0.00, real=0.00 secs] 
59.351: [GC 59.351: [ParNew: 7488K->468K(7616K), 0.0016747 secs] 23478K->16977K(24732K), 0.0017476 secs] [Times: user=0.00 sys=0.00, real=0.00 secs] 
59.357: [GC 59.357: [ParNew: 6982K->859K(7616K), 0.0014883 secs] 23490K->17367K(24732K), 0.0015564 secs] [Times: user=0.00 sys=0.00, real=0.01 secs] 
59.363: [GC 59.363: [ParNew: 7376K->654K(7616K), 0.0018863 secs] 23884K->17473K(24732K), 0.0019567 secs] [Times: user=0.00 sys=0.00, real=0.00 secs] 
59.369: [GC 59.369: [ParNew: 7125K->863K(7616K), 0.0016292 secs] 23945K->17851K(24732K), 0.0017010 secs] [Times: user=0.00 sys=0.00, real=0.00 secs] 
59.377: [GC 59.377: [ParNew: 7268K->381K(7616K), 0.0030104 secs]59.380: [Tenured: 17540K->7664K(17692K), 0.0710668 secs] 24256K->7664K(25308K), [Perm : 10711K->10711K(21248K)], 0.0745331 secs] [Times: user=0.07 sys=0.00, real=0.08 secs] 
59.457: [GC 59.457: [ParNew: 6518K->647K(7616K), 0.0013394 secs] 14183K->8312K(24732K), 0.0014015 secs] [Times: user=0.00 sys=0.00, real=0.00 secs] 
59.463: [GC 59.463: [ParNew: 7149K->396K(7616K), 0.0011685 secs] 14814K->8400K(24732K), 0.0012848 secs] [Times: user=0.00 sys=0.00, real=0.00 secs] 
59.468: [GC 59.468: [ParNew: 6901K->609K(7616K), 0.0011640 secs] 14904K->8613K(24732K), 0.0012583 secs] [Times: user=0.00 sys=0.00, real=0.01 secs] 
59.474: [GC 59.474: [ParNew: 7006K->305K(7616K), 0.0012629 secs] 15010K->8621K(24732K), 0.0013238 secs] [Times: user=0.00 sys=0.00, real=0.00 secs] 
59.481: [GC 59.481: [ParNew: 6825K->315K(7616K), 0.0011492 secs] 15141K->8631K(24732K), 0.0012130 secs] [Times: user=0.00 sys=0.00, real=0.00 secs] 
59.486: [GC 59.486: [ParNew: 6839K->411K(7616K), 0.0014598 secs] 15155K->8727K(24732K), 0.0015338 secs] [Times: user=0.01 sys=0.00, real=0.00 secs] 
59.493: [GC 59.493: [ParNew: 6935K->405K(7616K), 0.0008125 secs] 15252K->8721K(24732K), 0.0008786 secs] [Times: user=0.00 sys=0.00, real=0.00 secs] 
59.499: [GC 59.499: [ParNew: 6886K->911K(7616K), 0.0010873 secs] 15202K->9227K(24732K), 0.0011584 secs] [Times: user=0.00 sys=0.00, real=0.00 secs] 
59.506: [GC 59.506: [ParNew: 7414K->791K(7616K), 0.0016063 secs] 15731K->9863K(24732K), 0.0017131 secs] [Times: user=0.00 sys=0.00, real=0.00 secs] 
59.511: [GC 59.511: [ParNew: 7203K->492K(7616K), 0.0016556 secs] 16275K->10103K(24732K), 0.0017292 secs] [Times: user=0.00 sys=0.00, real=0.00 secs] 
59.517: [GC 59.517: [ParNew: 7020K->637K(7616K), 0.0009803 secs] 16631K->10249K(24732K), 0.0010402 secs] [Times: user=0.00 sys=0.00, real=0.00 secs] 
59.522: [GC 59.522: [ParNew: 7160K->374K(7616K), 0.0012106 secs] 16772K->10312K(24732K), 0.0012775 secs] [Times: user=0.00 sys=0.00, real=0.00 secs] 
59.528: [GC 59.528: [ParNew: 6889K->465K(7616K), 0.0008479 secs] 16827K->10403K(24732K), 0.0009004 secs] [Times: user=0.00 sys=0.00, real=0.01 secs] 
59.532: [GC 59.532: [ParNew: 6985K->531K(7616K), 0.0012343 secs] 16922K->10469K(24732K), 0.0012971 secs] [Times: user=0.01 sys=0.00, real=0.00 secs] 
59.538: [GC 59.538: [ParNew: 7036K->953K(7616K), 0.0015065 secs] 16974K->11043K(24732K), 0.0015820 secs] [Times: user=0.00 sys=0.00, real=0.01 secs] 
59.544: [GC 59.544: [ParNew: 7477K->761K(7616K), 0.0016484 secs] 17567K->11347K(24732K), 0.0017319 secs] [Times: user=0.00 sys=0.00, real=0.00 secs] 
59.551: [GC 59.551: [ParNew: 7284K->766K(7616K), 0.0012960 secs] 17871K->11536K(24732K), 0.0014136 secs] [Times: user=0.00 sys=0.00, real=0.00 secs] 
59.559: [GC 59.560: [ParNew: 7293K->348K(7616K), 0.0011490 secs] 18063K->11455K(24732K), 0.0012136 secs] [Times: user=0.00 sys=0.00, real=0.00 secs] 
59.574: [GC 59.574: [ParNew: 6872K->705K(7616K), 0.0011573 secs] 17979K->11813K(24732K), 0.0012194 secs] [Times: user=0.01 sys=0.00, real=0.00 secs] 
59.581: [GC 59.582: [ParNew: 7219K->601K(7616K), 0.0016578 secs] 18326K->11995K(24732K), 0.0017531 secs] [Times: user=0.01 sys=0.00, real=0.00 secs] 
59.589: [GC 59.589: [ParNew: 7113K->279K(7616K), 0.0012002 secs] 18507K->12013K(24732K), 0.0012907 secs] [Times: user=0.00 sys=0.00, real=0.00 secs] 
59.604: [GC 59.604: [ParNew: 6807K->321K(7616K), 0.0008086 secs] 18540K->12055K(24732K), 0.0008549 secs] [Times: user=0.01 sys=0.00, real=0.00 secs] 
59.611: [GC 59.611: [ParNew: 6849K->727K(7616K), 0.0011099 secs] 18583K->12460K(24732K), 0.0011874 secs] [Times: user=0.01 sys=0.00, real=0.00 secs] 
59.616: [GC 59.616: [ParNew: 7185K->374K(7616K), 0.0012709 secs] 18919K->12427K(24732K), 0.0013365 secs] [Times: user=0.00 sys=0.00, real=0.00 secs] 
59.622: [GC 59.622: [ParNew: 6902K->913K(7616K), 0.0015705 secs] 18955K->12966K(24732K), 0.0016729 secs] [Times: user=0.00 sys=0.00, real=0.00 secs] 
59.627: [GC 59.627: [ParNew: 7440K->248K(7616K), 0.0015184 secs] 19492K->13051K(24732K), 0.0015969 secs] [Times: user=0.00 sys=0.00, real=0.01 secs] 
59.636: [GC 59.636: [ParNew: 6758K->525K(7616K), 0.0013335 secs] 19561K->13328K(24732K), 0.0014052 secs] [Times: user=0.00 sys=0.00, real=0.00 secs] 
59.643: [GC 59.643: [ParNew: 7040K->719K(7616K), 0.0009893 secs] 19843K->13522K(24732K), 0.0010555 secs] [Times: user=0.00 sys=0.00, real=0.00 secs] 
59.647: [GC 59.648: [ParNew: 7242K->678K(7616K), 0.0012967 secs] 20045K->13622K(24732K), 0.0013633 secs] [Times: user=0.00 sys=0.00, real=0.01 secs] 
59.653: [GC 59.653: [ParNew: 7142K->621K(7616K), 0.0013721 secs] 20086K->13624K(24732K), 0.0014400 secs] [Times: user=0.00 sys=0.00, real=0.00 secs] 
59.658: [GC 59.658: [ParNew: 7023K->380K(7616K), 0.0011540 secs] 20027K->13590K(24732K), 0.0012171 secs] [Times: user=0.00 sys=0.00, real=0.01 secs] 
59.663: [GC 59.663: [ParNew: 6908K->545K(7616K), 0.0009036 secs] 20118K->13755K(24732K), 0.0009604 secs] [Times: user=0.01 sys=0.00, real=0.00 secs] 
59.668: [GC 59.668: [ParNew: 7067K->426K(7616K), 0.0009613 secs] 20278K->13637K(24732K), 0.0010287 secs] [Times: user=0.00 sys=0.00, real=0.01 secs] 
59.673: [GC 59.673: [ParNew: 6923K->523K(7616K), 0.0009155 secs] 20134K->13734K(24732K), 0.0009721 secs] [Times: user=0.00 sys=0.00, real=0.00 secs] 
59.679: [GC 59.679: [ParNew: 7018K->968K(7616K), 0.0011869 secs] 20228K->14179K(24732K), 0.0012515 secs] [Times: user=0.00 sys=0.00, real=0.00 secs] 
59.684: [GC 59.684: [ParNew: 7407K->141K(7616K), 0.0015108 secs] 20618K->14110K(24732K), 0.0015987 secs] [Times: user=0.00 sys=0.00, real=0.00 secs] 
59.690: [GC 59.690: [ParNew: 6634K->624K(7616K), 0.0016619 secs] 20603K->14593K(24732K), 0.0017379 secs] [Times: user=0.00 sys=0.00, real=0.00 secs] 
59.696: [GC 59.696: [ParNew: 7123K->636K(7616K), 0.0011508 secs] 21092K->14686K(24732K), 0.0012158 secs] [Times: user=0.01 sys=0.00, real=0.00 secs] 
59.702: [GC 59.702: [ParNew: 7141K->317K(7616K), 0.0011057 secs] 21191K->14801K(24732K), 0.0011875 secs] [Times: user=0.01 sys=0.00, real=0.00 secs] 
59.707: [GC 59.708: [ParNew: 6826K->335K(7616K), 0.0009241 secs] 21310K->14819K(24732K), 0.0009743 secs] [Times: user=0.00 sys=0.00, real=0.00 secs] 
59.714: [GC 59.714: [ParNew: 6863K->514K(7616K), 0.0009007 secs] 21346K->14998K(24732K), 0.0009686 secs] [Times: user=0.00 sys=0.01, real=0.00 secs] 
59.719: [GC 59.719: [ParNew: 7011K->489K(7616K), 0.0016376 secs] 21495K->14973K(24732K), 0.0017020 secs] [Times: user=0.00 sys=0.00, real=0.00 secs] 
59.724: [GC 59.724: [ParNew: 6990K->867K(7616K), 0.0012520 secs] 21474K->15351K(24732K), 0.0013275 secs] [Times: user=0.00 sys=0.00, real=0.00 secs] 
59.730: [GC 59.730: [ParNew: 7383K->389K(7616K), 0.0012830 secs] 21867K->15303K(24732K), 0.0013490 secs] [Times: user=0.00 sys=0.00, real=0.00 secs] 
59.735: [GC 59.735: [ParNew: 6909K->943K(7616K), 0.0018626 secs] 21823K->15856K(24732K), 0.0020445 secs] [Times: user=0.00 sys=0.00, real=0.00 secs] 
59.742: [GC 59.742: [ParNew: 7454K->247K(7616K), 0.0013078 secs] 22368K->15843K(24732K), 0.0014007 secs] [Times: user=0.01 sys=0.00, real=0.00 secs] 
59.748: [GC 59.748: [ParNew: 6771K->141K(7616K), 0.0006687 secs] 22366K->15736K(24732K), 0.0007143 secs] [Times: user=0.00 sys=0.00, real=0.01 secs] 
59.752: [GC 59.752: [ParNew: 6664K->143K(7616K), 0.0006830 secs] 22259K->15739K(24732K), 0.0007324 secs] [Times: user=0.00 sys=0.00, real=0.00 secs] 
59.757: [GC 59.757: [ParNew: 6668K->329K(7616K), 0.0011092 secs] 22263K->15925K(24732K), 0.0011851 secs] [Times: user=0.00 sys=0.00, real=0.00 secs] 
59.764: [GC 59.764: [ParNew: 6826K->1004K(7616K), 0.0011167 secs] 22421K->16599K(24732K), 0.0011980 secs] [Times: user=0.00 sys=0.00, real=0.00 secs] 
59.769: [GC 59.769: [ParNew: 7528K->313K(7616K), 0.0017855 secs] 23123K->16465K(24732K), 0.0018560 secs] [Times: user=0.00 sys=0.00, real=0.00 secs] 
59.776: [GC 59.780: [ParNew: 6769K->475K(7616K), 0.0013925 secs] 22920K->16626K(24732K), 0.0014904 secs] [Times: user=0.00 sys=0.00, real=0.01 secs] 
59.788: [GC 59.788: [ParNew: 6943K->406K(7616K), 0.0022454 secs] 23095K->16557K(24732K), 0.0023170 secs] [Times: user=0.00 sys=0.00, real=0.01 secs] 
59.797: [GC 59.797: [ParNew: 6905K->541K(7616K), 0.0011870 secs] 23056K->16692K(24732K), 0.0013463 secs] [Times: user=0.00 sys=0.00, real=0.00 secs] 
59.802: [GC 59.803: [ParNew: 7046K->339K(7616K), 0.0023110 secs] 23198K->16490K(24732K), 0.0023877 secs] [Times: user=0.00 sys=0.00, real=0.00 secs] 
59.812: [GC 59.813: [ParNew: 6857K->421K(7616K), 0.0057314 secs] 23009K->16572K(24732K), 0.0058159 secs] [Times: user=0.00 sys=0.01, real=0.00 secs] 
59.826: [GC 59.826: [ParNew: 6889K->434K(7616K), 0.0018016 secs] 23040K->16585K(24732K), 0.0018691 secs] [Times: user=0.00 sys=0.00, real=0.00 secs] 
59.835: [GC 59.835: [ParNew: 6962K->622K(7616K), 0.0017194 secs] 23113K->16773K(24732K), 0.0017977 secs] [Times: user=0.00 sys=0.00, real=0.00 secs] 
59.842: [GC 59.842: [ParNew: 7148K->993K(7616K), 0.0026434 secs] 23300K->17534K(24732K), 0.0027267 secs] [Times: user=0.00 sys=0.00, real=0.00 secs] 
59.850: [GC 59.850: [ParNew: 7521K->100K(7616K), 0.0021975 secs]59.852: [Tenured: 17356K->8140K(17500K), 0.0765745 secs] 24062K->8140K(25116K), [Perm : 10711K->10711K(21248K)], 0.0791537 secs] [Times: user=0.08 sys=0.00, real=0.08 secs] 
59.933: [GC 59.933: [ParNew: 6525K->349K(7616K), 0.0010990 secs] 14665K->8489K(24732K), 0.0011475 secs] [Times: user=0.01 sys=0.00, real=0.00 secs] 
59.943: [GC 59.943: [ParNew: 6877K->769K(7616K), 0.0015798 secs] 15017K->8910K(24732K), 0.0016606 secs] [Times: user=0.00 sys=0.00, real=0.00 secs] 
59.950: [GC 59.950: [ParNew: 7275K->863K(7616K), 0.0014636 secs] 15415K->9314K(24732K), 0.0015338 secs] [Times: user=0.00 sys=0.00, real=0.00 secs] 
59.955: [GC 59.955: [ParNew: 7385K->417K(7616K), 0.0014475 secs] 15836K->9256K(24732K), 0.0015164 secs] [Times: user=0.00 sys=0.00, real=0.00 secs] 
59.965: [GC 59.965: [ParNew: 6935K->766K(7616K), 0.0015076 secs] 15774K->9605K(24732K), 0.0016044 secs] [Times: user=0.00 sys=0.00, real=0.00 secs] 
59.972: [GC 59.972: [ParNew: 7282K->867K(7616K), 0.0017635 secs] 16122K->9939K(24732K), 0.0018612 secs] [Times: user=0.00 sys=0.00, real=0.00 secs] 
59.982: [GC 59.982: [ParNew: 7395K->491K(7616K), 0.0010404 secs] 16467K->9858K(24732K), 0.0011056 secs] [Times: user=0.00 sys=0.00, real=0.00 secs] 
59.993: [GC 59.994: [ParNew: 7019K->540K(7616K), 0.0015090 secs] 16386K->9907K(24732K), 0.0015715 secs] [Times: user=0.00 sys=0.00, real=0.00 secs] 
60.000: [GC 60.000: [ParNew: 7027K->741K(7616K), 0.0011110 secs] 16394K->10108K(24732K), 0.0011762 secs] [Times: user=0.00 sys=0.00, real=0.00 secs] 
60.006: [GC 60.006: [ParNew: 7261K->491K(7616K), 0.0012990 secs] 16628K->10173K(24732K), 0.0013714 secs] [Times: user=0.00 sys=0.00, real=0.00 secs] 
60.011: [GC 60.011: [ParNew: 7008K->716K(7616K), 0.0012932 secs] 16690K->10397K(24732K), 0.0013602 secs] [Times: user=0.00 sys=0.00, real=0.00 secs] 
60.017: [GC 60.017: [ParNew: 7231K->617K(7616K), 0.0017004 secs] 16913K->10689K(24732K), 0.0018705 secs] [Times: user=0.00 sys=0.00, real=0.01 secs] 
60.023: [GC 60.023: [ParNew: 7136K->547K(7616K), 0.0013982 secs] 17208K->10711K(24732K), 0.0014631 secs] [Times: user=0.00 sys=0.00, real=0.00 secs] 
60.028: [GC 60.028: [ParNew: 7037K->613K(7616K), 0.0011484 secs] 17201K->10777K(24732K), 0.0012115 secs] [Times: user=0.00 sys=0.00, real=0.01 secs] 
60.033: [GC 60.033: [ParNew: 7111K->429K(7616K), 0.0010627 secs] 17275K->10724K(24732K), 0.0011360 secs] [Times: user=0.00 sys=0.00, real=0.00 secs] 
60.039: [GC 60.039: [ParNew: 6951K->449K(7616K), 0.0009268 secs] 17246K->10744K(24732K), 0.0009830 secs] [Times: user=0.01 sys=0.00, real=0.00 secs] 
60.045: [GC 60.045: [ParNew: 6976K->899K(7616K), 0.0012682 secs] 17271K->11194K(24732K), 0.0013350 secs] [Times: user=0.00 sys=0.00, real=0.00 secs] 
60.050: [GC 60.050: [ParNew: 7421K->438K(7616K), 0.0011902 secs] 17716K->11089K(24732K), 0.0012523 secs] [Times: user=0.00 sys=0.00, real=0.00 secs] 
60.056: [GC 60.056: [ParNew: 6959K->458K(7616K), 0.0010256 secs] 17610K->11109K(24732K), 0.0010806 secs] [Times: user=0.00 sys=0.00, real=0.00 secs] 
60.063: [GC 60.063: [ParNew: 6896K->499K(7616K), 0.0009593 secs] 17547K->11150K(24732K), 0.0010312 secs] [Times: user=0.00 sys=0.00, real=0.00 secs] 
60.068: [GC 60.068: [ParNew: 7014K->486K(7616K), 0.0012373 secs] 17665K->11137K(24732K), 0.0013064 secs] [Times: user=0.00 sys=0.00, real=0.01 secs] 
60.074: [GC 60.074: [ParNew: 6994K->498K(7616K), 0.0009897 secs] 17645K->11149K(24732K), 0.0010449 secs] [Times: user=0.00 sys=0.00, real=0.00 secs] 
60.080: [GC 60.080: [ParNew: 7018K->732K(7616K), 0.0012868 secs] 17669K->11383K(24732K), 0.0013543 secs] [Times: user=0.00 sys=0.00, real=0.00 secs] 
60.085: [GC 60.203: [ParNew: 7258K->713K(7616K), 0.0012285 secs] 17909K->11566K(24732K), 0.0013518 secs] [Times: user=0.00 sys=0.00, real=0.12 secs] 
60.209: [GC 60.209: [ParNew: 7238K->563K(7616K), 0.0013775 secs] 18091K->11570K(24732K), 0.0014857 secs] [Times: user=0.00 sys=0.00, real=0.00 secs] 
60.215: [GC 60.215: [ParNew: 7071K->551K(7616K), 0.0012232 secs] 18078K->11565K(24732K), 0.0013537 secs] [Times: user=0.00 sys=0.00, real=0.00 secs] 
60.221: [GC 60.221: [ParNew: 7053K->1084K(7616K), 0.0014297 secs] 18068K->12098K(24732K), 0.0015075 secs] [Times: user=0.00 sys=0.00, real=0.00 secs] 
60.228: [GC 60.228: [ParNew: 7599K->315K(7616K), 0.0015692 secs] 18614K->12176K(24732K), 0.0016563 secs] [Times: user=0.01 sys=0.00, real=0.01 secs] 
60.233: [GC 60.233: [ParNew: 6770K->550K(7616K), 0.0009966 secs] 18631K->12411K(24732K), 0.0010561 secs] [Times: user=0.01 sys=0.00, real=0.00 secs] 
60.239: [GC 60.239: [ParNew: 7057K->688K(7616K), 0.0015585 secs] 18919K->12711K(24732K), 0.0016424 secs] [Times: user=0.00 sys=0.00, real=0.00 secs] 
60.245: [GC 60.245: [ParNew: 7203K->541K(7616K), 0.0019283 secs] 19226K->12879K(24732K), 0.0019965 secs] [Times: user=0.00 sys=0.00, real=0.00 secs] 
60.251: [GC 60.251: [ParNew: 6999K->760K(7616K), 0.0012661 secs] 19337K->13098K(24732K), 0.0013469 secs] [Times: user=0.00 sys=0.00, real=0.00 secs] 
60.256: [GC 60.256: [ParNew: 7237K->422K(7616K), 0.0011657 secs] 19574K->13058K(24732K), 0.0012266 secs] [Times: user=0.00 sys=0.00, real=0.00 secs] 
60.261: [GC 60.261: [ParNew: 6933K->486K(7616K), 0.0010920 secs] 19569K->13123K(24732K), 0.0011482 secs] [Times: user=0.00 sys=0.00, real=0.00 secs] 
60.266: [GC 60.266: [ParNew: 7014K->606K(7616K), 0.0011591 secs] 19651K->13242K(24732K), 0.0012366 secs] [Times: user=0.00 sys=0.00, real=0.00 secs] 
60.272: [GC 60.272: [ParNew: 7110K->780K(7616K), 0.0012758 secs] 19747K->13576K(24732K), 0.0013438 secs] [Times: user=0.01 sys=0.00, real=0.00 secs] 
60.277: [GC 60.277: [ParNew: 7302K->548K(7616K), 0.0012642 secs] 20098K->13611K(24732K), 0.0013353 secs] [Times: user=0.01 sys=0.00, real=0.00 secs] 
60.283: [GC 60.283: [ParNew: 7013K->396K(7616K), 0.0011295 secs] 20075K->13576K(24732K), 0.0011903 secs] [Times: user=0.00 sys=0.00, real=0.00 secs] 
60.289: [GC 60.289: [ParNew: 6902K->507K(7616K), 0.0008615 secs] 20082K->13687K(24732K), 0.0009156 secs] [Times: user=0.00 sys=0.00, real=0.00 secs] 
60.294: [GC 60.294: [ParNew: 6999K->635K(7616K), 0.0012817 secs] 20180K->13816K(24732K), 0.0013632 secs] [Times: user=0.00 sys=0.00, real=0.00 secs] 
60.299: [GC 60.299: [ParNew: 7147K->426K(7616K), 0.0014201 secs] 20327K->13821K(24732K), 0.0014947 secs] [Times: user=0.00 sys=0.00, real=0.00 secs] 
60.305: [GC 60.305: [ParNew: 6945K->474K(7616K), 0.0009335 secs] 20340K->13869K(24732K), 0.0009899 secs] [Times: user=0.01 sys=0.00, real=0.00 secs] 
60.310: [GC 60.310: [ParNew: 6969K->439K(7616K), 0.0009490 secs] 20364K->13834K(24732K), 0.0010058 secs] [Times: user=0.00 sys=0.01, real=0.00 secs] 
60.315: [GC 60.315: [ParNew: 6963K->446K(7616K), 0.0012421 secs] 20358K->13840K(24732K), 0.0013058 secs] [Times: user=0.00 sys=0.00, real=0.00 secs] 
60.321: [GC 60.321: [ParNew: 6942K->927K(7616K), 0.0011675 secs] 20336K->14321K(24732K), 0.0012349 secs] [Times: user=0.00 sys=0.00, real=0.00 secs] 
60.327: [GC 60.328: [ParNew: 7332K->504K(7616K), 0.0012361 secs] 20727K->14312K(24732K), 0.0013100 secs] [Times: user=0.00 sys=0.00, real=0.01 secs] 
60.334: [GC 60.334: [ParNew: 7025K->470K(7616K), 0.0009679 secs] 20832K->14278K(24732K), 0.0010572 secs] [Times: user=0.00 sys=0.00, real=0.00 secs] 
60.341: [GC 60.341: [ParNew: 6983K->619K(7616K), 0.0009530 secs] 20791K->14427K(24732K), 0.0010092 secs] [Times: user=0.01 sys=0.00, real=0.00 secs] 
60.346: [GC 60.346: [ParNew: 7142K->371K(7616K), 0.0010309 secs] 20949K->14381K(24732K), 0.0010940 secs] [Times: user=0.00 sys=0.00, real=0.00 secs] 
60.351: [GC 60.351: [ParNew: 6880K->1067K(7616K), 0.0013753 secs] 20889K->15293K(24732K), 0.0014480 secs] [Times: user=0.00 sys=0.00, real=0.00 secs] 
60.357: [GC 60.357: [ParNew: 7580K->73K(7616K), 0.0012322 secs] 21807K->15093K(24732K), 0.0012977 secs] [Times: user=0.00 sys=0.00, real=0.00 secs] 
60.363: [GC 60.363: [ParNew: 6562K->338K(7616K), 0.0007535 secs] 21583K->15359K(24732K), 0.0008036 secs] [Times: user=0.00 sys=0.00, real=0.00 secs] 
60.367: [GC 60.368: [ParNew: 6837K->923K(7616K), 0.0014454 secs] 21858K->15944K(24732K), 0.0015180 secs] [Times: user=0.00 sys=0.00, real=0.01 secs] 
60.373: [GC 60.373: [ParNew: 7421K->188K(7616K), 0.0016827 secs] 22441K->16007K(24732K), 0.0017584 secs] [Times: user=0.00 sys=0.00, real=0.00 secs] 
60.378: [GC 60.379: [ParNew: 6696K->244K(7616K), 0.0008660 secs] 22515K->16063K(24732K), 0.0009179 secs] [Times: user=0.00 sys=0.00, real=0.01 secs] 
60.383: [GC 60.383: [ParNew: 6764K->535K(7616K), 0.0010676 secs] 22583K->16354K(24732K), 0.0011313 secs] [Times: user=0.01 sys=0.00, real=0.00 secs] 
60.389: [GC 60.389: [ParNew: 7028K->816K(7616K), 0.0012498 secs] 22847K->16636K(24732K), 0.0013149 secs] [Times: user=0.00 sys=0.00, real=0.00 secs] 
60.395: [GC 60.395: [ParNew: 7327K->764K(7616K), 0.0013851 secs] 23146K->16949K(24732K), 0.0014804 secs] [Times: user=0.00 sys=0.00, real=0.00 secs] 
60.401: [GC 60.401: [ParNew: 7202K->444K(7616K), 0.0017463 secs] 23387K->17328K(24732K), 0.0018420 secs] [Times: user=0.00 sys=0.00, real=0.00 secs] 
60.407: [GC 60.407: [ParNew: 6964K->674K(7616K), 0.0015753 secs] 23848K->17558K(24732K), 0.0016594 secs] [Times: user=0.00 sys=0.00, real=0.01 secs] 
60.413: [GC 60.413: [ParNew: 7171K->999K(7616K), 0.0016328 secs]60.415: [Tenured: 17283K->8942K(17308K), 0.0711647 secs] 24056K->8942K(24924K), [Perm : 10711K->10711K(21248K)], 0.0730644 secs] [Times: user=0.07 sys=0.00, real=0.07 secs] 
60.491: [GC 60.491: [ParNew: 6519K->155K(7616K), 0.0008232 secs] 15462K->9097K(24732K), 0.0008751 secs] [Times: user=0.00 sys=0.00, real=0.00 secs] 
60.496: [GC 60.496: [ParNew: 6673K->230K(7616K), 0.0009532 secs] 15615K->9173K(24732K), 0.0010366 secs] [Times: user=0.00 sys=0.00, real=0.00 secs] 
60.502: [GC 60.502: [ParNew: 6701K->490K(7616K), 0.0011259 secs] 15643K->9432K(24732K), 0.0012088 secs] [Times: user=0.00 sys=0.00, real=0.00 secs] 
60.508: [GC 60.508: [ParNew: 7018K->829K(7616K), 0.0011236 secs] 15960K->9771K(24732K), 0.0012229 secs] [Times: user=0.00 sys=0.00, real=0.01 secs] 
60.513: [GC 60.513: [ParNew: 7318K->505K(7616K), 0.0012942 secs] 16260K->9791K(24732K), 0.0014016 secs] [Times: user=0.00 sys=0.00, real=0.00 secs] 
60.522: [GC 60.522: [ParNew: 7019K->822K(7616K), 0.0014243 secs] 16306K->10108K(24732K), 0.0015048 secs] [Times: user=0.00 sys=0.00, real=0.00 secs] 
60.529: [GC 60.529: [ParNew: 7310K->273K(7616K), 0.0009562 secs] 16596K->9978K(24732K), 0.0010189 secs] [Times: user=0.00 sys=0.00, real=0.00 secs] 
60.535: [GC 60.535: [ParNew: 6797K->647K(7616K), 0.0012988 secs] 16502K->10352K(24732K), 0.0013798 secs] [Times: user=0.01 sys=0.00, real=0.00 secs] 
60.542: [GC 60.542: [ParNew: 7175K->481K(7616K), 0.0010612 secs] 16880K->10358K(24732K), 0.0011213 secs] [Times: user=0.01 sys=0.00, real=0.00 secs] 
60.548: [GC 60.548: [ParNew: 7009K->755K(7616K), 0.0010925 secs] 16886K->10632K(24732K), 0.0011557 secs] [Times: user=0.01 sys=0.00, real=0.01 secs] 
60.553: [GC 60.553: [ParNew: 7273K->856K(7616K), 0.0014830 secs] 17150K->10968K(24732K), 0.0015548 secs] [Times: user=0.01 sys=0.01, real=0.00 secs] 
60.559: [GC 60.559: [ParNew: 7348K->790K(7616K), 0.0018891 secs] 17460K->11341K(24732K), 0.0019654 secs] [Times: user=0.01 sys=0.00, real=0.00 secs] 
60.565: [GC 60.565: [ParNew: 7277K->61K(7616K), 0.0009545 secs] 17828K->11031K(24732K), 0.0010088 secs] [Times: user=0.00 sys=0.00, real=0.00 secs] 
60.572: [GC 60.572: [ParNew: 6521K->201K(7616K), 0.0010609 secs] 17491K->11171K(24732K), 0.0011262 secs] [Times: user=0.00 sys=0.00, real=0.00 secs] 
60.578: [GC 60.578: [ParNew: 6684K->301K(7616K), 0.0007880 secs] 17654K->11272K(24732K), 0.0008446 secs] [Times: user=0.00 sys=0.00, real=0.01 secs] 
60.584: [GC 60.584: [ParNew: 6810K->350K(7616K), 0.0007917 secs] 17780K->11320K(24732K), 0.0008378 secs] [Times: user=0.00 sys=0.00, real=0.00 secs] 
60.590: [GC 60.590: [ParNew: 6878K->733K(7616K), 0.0009436 secs] 17848K->11703K(24732K), 0.0010227 secs] [Times: user=0.00 sys=0.00, real=0.00 secs] 
60.596: [GC 60.596: [ParNew: 7219K->396K(7616K), 0.0009808 secs] 18189K->11586K(24732K), 0.0010774 secs] [Times: user=0.00 sys=0.00, real=0.00 secs] 
60.602: [GC 60.602: [ParNew: 6910K->465K(7616K), 0.0014633 secs] 18100K->11654K(24732K), 0.0015871 secs] [Times: user=0.00 sys=0.00, real=0.00 secs] 
60.608: [GC 60.608: [ParNew: 6992K->594K(7616K), 0.0010697 secs] 18182K->11784K(24732K), 0.0011465 secs] [Times: user=0.01 sys=0.00, real=0.01 secs] 
60.613: [GC 60.613: [ParNew: 7106K->837K(7616K), 0.0012524 secs] 18296K->12169K(24732K), 0.0013221 secs] [Times: user=0.01 sys=0.00, real=0.00 secs] 
60.619: [GC 60.619: [ParNew: 7365K->591K(7616K), 0.0013080 secs] 18697K->12313K(24732K), 0.0013782 secs] [Times: user=0.00 sys=0.00, real=0.00 secs] 
60.625: [GC 60.625: [ParNew: 7115K->355K(7616K), 0.0010179 secs] 18837K->12345K(24732K), 0.0010803 secs] [Times: user=0.00 sys=0.00, real=0.00 secs] 
60.630: [GC 60.630: [ParNew: 6832K->309K(7616K), 0.0007137 secs] 18822K->12299K(24732K), 0.0007616 secs] [Times: user=0.00 sys=0.00, real=0.00 secs] 
60.634: [GC 60.635: [ParNew: 6786K->412K(7616K), 0.0008887 secs] 18776K->12402K(24732K), 0.0009429 secs] [Times: user=0.00 sys=0.00, real=0.00 secs] 
60.641: [GC 60.641: [ParNew: 6917K->996K(7616K), 0.0012649 secs] 18907K->12986K(24732K), 0.0013356 secs] [Times: user=0.00 sys=0.00, real=0.00 secs] 
60.647: [GC 60.647: [ParNew: 7445K->187K(7616K), 0.0012723 secs] 19435K->12940K(24732K), 0.0013539 secs] [Times: user=0.00 sys=0.00, real=0.00 secs] 
60.653: [GC 60.653: [ParNew: 6655K->540K(7616K), 0.0009809 secs] 19408K->13293K(24732K), 0.0010537 secs] [Times: user=0.01 sys=0.01, real=0.00 secs] 
60.659: [GC 60.659: [ParNew: 7021K->563K(7616K), 0.0009191 secs] 19774K->13316K(24732K), 0.0009898 secs] [Times: user=0.00 sys=0.00, real=0.00 secs] 
60.665: [GC 60.665: [ParNew: 7054K->888K(7616K), 0.0016883 secs] 19807K->13892K(24732K), 0.0017639 secs] [Times: user=0.00 sys=0.00, real=0.00 secs] 
60.671: [GC 60.671: [ParNew: 7412K->180K(7616K), 0.0011839 secs] 20416K->13790K(24732K), 0.0012521 secs] [Times: user=0.00 sys=0.00, real=0.00 secs] 
60.676: [GC 60.676: [ParNew: 6707K->614K(7616K), 0.0009378 secs] 20317K->14224K(24732K), 0.0009943 secs] [Times: user=0.00 sys=0.00, real=0.00 secs] 
60.682: [GC 60.682: [ParNew: 7113K->896K(7616K), 0.0013435 secs] 20723K->14623K(24732K), 0.0014161 secs] [Times: user=0.00 sys=0.00, real=0.00 secs] 
60.687: [GC 60.687: [ParNew: 7422K->434K(7616K), 0.0026343 secs] 21150K->14582K(24732K), 0.0027058 secs] [Times: user=0.00 sys=0.00, real=0.01 secs] 
60.693: [GC 60.693: [ParNew: 6943K->554K(7616K), 0.0010558 secs] 21091K->14702K(24732K), 0.0011201 secs] [Times: user=0.00 sys=0.00, real=0.00 secs] 
60.699: [GC 60.700: [ParNew: 7024K->301K(7616K), 0.0011629 secs] 21172K->14778K(24732K), 0.0012315 secs] [Times: user=0.01 sys=0.00, real=0.00 secs] 
60.705: [GC 60.705: [ParNew: 6804K->759K(7616K), 0.0014861 secs] 21281K->15236K(24732K), 0.0015650 secs] [Times: user=0.00 sys=0.00, real=0.00 secs] 
60.711: [GC 60.711: [ParNew: 7264K->169K(7616K), 0.0010004 secs] 21741K->15069K(24732K), 0.0010732 secs] [Times: user=0.00 sys=0.00, real=0.00 secs] 
60.716: [GC 60.716: [ParNew: 6696K->470K(7616K), 0.0009653 secs] 21597K->15370K(24732K), 0.0010217 secs] [Times: user=0.00 sys=0.00, real=0.00 secs] 
60.721: [GC 60.721: [ParNew: 6983K->936K(7616K), 0.0016114 secs] 21883K->15836K(24732K), 0.0016781 secs] [Times: user=0.00 sys=0.00, real=0.00 secs] 
60.726: [GC 60.727: [ParNew: 7443K->380K(7616K), 0.0014227 secs] 22343K->15993K(24732K), 0.0015050 secs] [Times: user=0.00 sys=0.00, real=0.00 secs] 
60.732: [GC 60.732: [ParNew: 6893K->541K(7616K), 0.0011222 secs] 22507K->16154K(24732K), 0.0011874 secs] [Times: user=0.00 sys=0.00, real=0.00 secs] 
60.739: [GC 60.739: [ParNew: 7047K->595K(7616K), 0.0014485 secs] 22660K->16208K(24732K), 0.0015217 secs] [Times: user=0.01 sys=0.00, real=0.01 secs] 
60.746: [GC 60.746: [ParNew: 7116K->536K(7616K), 0.0009944 secs] 22730K->16274K(24732K), 0.0011107 secs] [Times: user=0.00 sys=0.00, real=0.00 secs] 
60.751: [GC 60.751: [ParNew: 6997K->1056K(7616K), 0.0014272 secs] 22735K->16794K(24732K), 0.0015023 secs] [Times: user=0.00 sys=0.00, real=0.00 secs] 
60.756: [GC 60.756: [ParNew: 7582K->501K(7616K), 0.0019481 secs] 23319K->17120K(24732K), 0.0020243 secs] [Times: user=0.00 sys=0.00, real=0.00 secs] 
60.762: [GC 60.762: [ParNew: 7008K->681K(7616K), 0.0010905 secs] 23628K->17301K(24732K), 0.0011593 secs] [Times: user=0.00 sys=0.00, real=0.00 secs] 
60.769: [GC 60.769: [ParNew: 7168K->242K(7616K), 0.0010596 secs] 23787K->17194K(24732K), 0.0011290 secs] [Times: user=0.00 sys=0.00, real=0.00 secs] 
60.774: [GC 60.774: [ParNew: 6722K->182K(7616K), 0.0008168 secs] 23674K->17134K(24732K), 0.0008659 secs] [Times: user=0.00 sys=0.00, real=0.00 secs] 
60.778: [GC 60.778: [ParNew: 6648K->716K(7616K), 0.0012437 secs] 23600K->17668K(24732K), 0.0013075 secs] [Times: user=0.00 sys=0.00, real=0.01 secs] 
60.784: [GC 60.784: [ParNew: 7180K->372K(7616K), 0.0012656 secs]60.785: [Tenured: 17367K->8560K(17500K), 0.0719768 secs] 24133K->8560K(25116K), [Perm : 10711K->10711K(21248K)], 0.0735897 secs] [Times: user=0.07 sys=0.00, real=0.07 secs] 
60.862: [GC 60.862: [ParNew: 6523K->739K(7616K), 0.0009672 secs] 15084K->9300K(24732K), 0.0010347 secs] [Times: user=0.00 sys=0.00, real=0.00 secs] 
60.868: [GC 60.869: [ParNew: 7242K->265K(7616K), 0.0010042 secs] 15802K->9323K(24732K), 0.0010664 secs] [Times: user=0.00 sys=0.00, real=0.01 secs] 
60.874: [GC 60.874: [ParNew: 6790K->118K(7616K), 0.0006203 secs] 15848K->9176K(24732K), 0.0006625 secs] [Times: user=0.00 sys=0.00, real=0.00 secs] 
60.879: [GC 60.879: [ParNew: 6597K->735K(7616K), 0.0010564 secs] 15655K->9793K(24732K), 0.0011273 secs] [Times: user=0.00 sys=0.00, real=0.00 secs] 
60.885: [GC 60.885: [ParNew: 7257K->433K(7616K), 0.0028172 secs] 16315K->9924K(24732K), 0.0029288 secs] [Times: user=0.00 sys=0.00, real=0.00 secs] 
60.894: [GC 60.894: [ParNew: 6961K->760K(7616K), 0.0016842 secs] 16452K->10252K(24732K), 0.0017523 secs] [Times: user=0.00 sys=0.00, real=0.00 secs] 
60.900: [GC 60.900: [ParNew: 7252K->515K(7616K), 0.0012062 secs] 16744K->10261K(24732K), 0.0012735 secs] [Times: user=0.00 sys=0.00, real=0.00 secs] 
60.906: [GC 60.906: [ParNew: 6924K->518K(7616K), 0.0009567 secs] 16669K->10263K(24732K), 0.0011606 secs] [Times: user=0.01 sys=0.00, real=0.00 secs] 
60.914: [GC 60.914: [ParNew: 6942K->425K(7616K), 0.0007857 secs] 16687K->10171K(24732K), 0.0008543 secs] [Times: user=0.00 sys=0.00, real=0.00 secs] 
60.919: [GC 60.919: [ParNew: 6921K->451K(7616K), 0.0012833 secs] 16666K->10197K(24732K), 0.0013481 secs] [Times: user=0.00 sys=0.00, real=0.01 secs] 
60.924: [GC 60.924: [ParNew: 6964K->508K(7616K), 0.0009440 secs] 16710K->10254K(24732K), 0.0010022 secs] [Times: user=0.00 sys=0.00, real=0.00 secs] 
60.930: [GC 60.930: [ParNew: 7034K->605K(7616K), 0.0010826 secs] 16779K->10350K(24732K), 0.0011418 secs] [Times: user=0.00 sys=0.00, real=0.00 secs] 
60.935: [GC 60.935: [ParNew: 7105K->825K(7616K), 0.0013697 secs] 16851K->10695K(24732K), 0.0014384 secs] [Times: user=0.00 sys=0.00, real=0.00 secs] 
60.942: [GC 60.942: [ParNew: 7348K->604K(7616K), 0.0014095 secs] 17218K->10836K(24732K), 0.0014735 secs] [Times: user=0.00 sys=0.00, real=0.00 secs] 
60.949: [GC 60.949: [ParNew: 7119K->733K(7616K), 0.0011158 secs] 17352K->11162K(24732K), 0.0011815 secs] [Times: user=0.01 sys=0.00, real=0.00 secs] 
60.955: [GC 60.955: [ParNew: 7185K->307K(7616K), 0.0008843 secs] 17614K->10858K(24732K), 0.0009517 secs] [Times: user=0.01 sys=0.00, real=0.00 secs] 
60.962: [GC 60.962: [ParNew: 6776K->697K(7616K), 0.0009354 secs] 17327K->11247K(24732K), 0.0010071 secs] [Times: user=0.00 sys=0.00, real=0.00 secs] 
60.970: [GC 60.970: [ParNew: 7176K->459K(7616K), 0.0008983 secs] 17727K->11166K(24732K), 0.0009522 secs] [Times: user=0.00 sys=0.00, real=0.00 secs] 
60.976: [GC 60.976: [ParNew: 6925K->529K(7616K), 0.0009686 secs] 17632K->11236K(24732K), 0.0010316 secs] [Times: user=0.00 sys=0.00, real=0.00 secs] 
60.983: [GC 60.983: [ParNew: 7057K->714K(7616K), 0.0010253 secs] 17764K->11421K(24732K), 0.0011015 secs] [Times: user=0.00 sys=0.00, real=0.00 secs] 
60.990: [GC 60.990: [ParNew: 7219K->488K(7616K), 0.0011023 secs] 17925K->11428K(24732K), 0.0011630 secs] [Times: user=0.00 sys=0.00, real=0.00 secs] 
60.995: [GC 60.995: [ParNew: 6998K->334K(7616K), 0.0009342 secs] 17938K->11274K(24732K), 0.0009938 secs] [Times: user=0.00 sys=0.00, real=0.00 secs] 
61.000: [GC 61.000: [ParNew: 6764K->606K(7616K), 0.0012322 secs] 17704K->11546K(24732K), 0.0012944 secs] [Times: user=0.00 sys=0.00, real=0.00 secs] 
61.007: [GC 61.007: [ParNew: 7076K->499K(7616K), 0.0014524 secs] 18016K->11573K(24732K), 0.0015430 secs] [Times: user=0.00 sys=0.01, real=0.00 secs] 
61.013: [GC 61.013: [ParNew: 7020K->809K(7616K), 0.0012186 secs] 18094K->11883K(24732K), 0.0012963 secs] [Times: user=0.01 sys=0.00, real=0.00 secs] 
61.018: [GC 61.018: [ParNew: 7333K->258K(7616K), 0.0012570 secs] 18407K->11740K(24732K), 0.0013303 secs] [Times: user=0.00 sys=0.00, real=0.01 secs] 
61.024: [GC 61.024: [ParNew: 6764K->546K(7616K), 0.0013281 secs] 18246K->12027K(24732K), 0.0013923 secs] [Times: user=0.00 sys=0.00, real=0.00 secs] 
61.030: [GC 61.030: [ParNew: 7047K->395K(7616K), 0.0008364 secs] 18528K->11876K(24732K), 0.0008883 secs] [Times: user=0.00 sys=0.00, real=0.00 secs] 
61.036: [GC 61.036: [ParNew: 6885K->500K(7616K), 0.0008966 secs] 18367K->11981K(24732K), 0.0009602 secs] [Times: user=0.00 sys=0.00, real=0.00 secs] 
61.041: [GC 61.041: [ParNew: 7017K->492K(7616K), 0.0009460 secs] 18499K->11973K(24732K), 0.0010023 secs] [Times: user=0.01 sys=0.00, real=0.00 secs] 
61.046: [GC 61.046: [ParNew: 6977K->1082K(7616K), 0.0016104 secs] 18459K->12750K(24732K), 0.0016816 secs] [Times: user=0.01 sys=0.00, real=0.00 secs] 
61.052: [GC 61.052: [ParNew: 7606K->183K(7616K), 0.0018651 secs] 19274K->12925K(24732K), 0.0019520 secs] [Times: user=0.01 sys=0.00, real=0.00 secs] 
61.059: [GC 61.059: [ParNew: 6696K->248K(7616K), 0.0007420 secs] 19438K->12990K(24732K), 0.0007895 secs] [Times: user=0.00 sys=0.00, real=0.00 secs] 
61.064: [GC 61.064: [ParNew: 6773K->372K(7616K), 0.0009315 secs] 19515K->13114K(24732K), 0.0009854 secs] [Times: user=0.00 sys=0.00, real=0.00 secs] 
61.069: [GC 61.070: [ParNew: 6894K->797K(7616K), 0.0014598 secs] 19635K->13539K(24732K), 0.0015536 secs] [Times: user=0.00 sys=0.00, real=0.00 secs] 
61.075: [GC 61.075: [ParNew: 7297K->625K(7616K), 0.0013295 secs] 20038K->13700K(24732K), 0.0014154 secs] [Times: user=0.00 sys=0.00, real=0.00 secs] 
61.081: [GC 61.081: [ParNew: 7148K->612K(7616K), 0.0013797 secs] 20223K->13992K(24732K), 0.0014464 secs] [Times: user=0.00 sys=0.00, real=0.00 secs] 
61.087: [GC 61.087: [ParNew: 7100K->167K(7616K), 0.0010176 secs] 20480K->13919K(24732K), 0.0010851 secs] [Times: user=0.00 sys=0.00, real=0.00 secs] 
61.092: [GC 61.092: [ParNew: 6639K->439K(7616K), 0.0009773 secs] 20391K->14191K(24732K), 0.0010333 secs] [Times: user=0.01 sys=0.00, real=0.00 secs] 
61.097: [GC 61.097: [ParNew: 6925K->702K(7616K), 0.0011634 secs] 20677K->14454K(24732K), 0.0012626 secs] [Times: user=0.00 sys=0.00, real=0.00 secs] 
61.102: [GC 61.102: [ParNew: 7179K->358K(7616K), 0.0012387 secs] 20931K->14448K(24732K), 0.0013047 secs] [Times: user=0.00 sys=0.00, real=0.00 secs] 
61.108: [GC 61.108: [ParNew: 6877K->516K(7616K), 0.0011041 secs] 20967K->14605K(24732K), 0.0011883 secs] [Times: user=0.00 sys=0.00, real=0.01 secs] 
61.113: [GC 61.113: [ParNew: 6952K->759K(7616K), 0.0013070 secs] 21042K->14848K(24732K), 0.0013901 secs] [Times: user=0.00 sys=0.00, real=0.00 secs] 
61.119: [GC 61.119: [ParNew: 7244K->915K(7616K), 0.0014979 secs] 21334K->15401K(24732K), 0.0016249 secs] [Times: user=0.00 sys=0.00, real=0.00 secs] 
61.124: [GC 61.124: [ParNew: 7389K->158K(7616K), 0.0015332 secs] 21875K->15231K(24732K), 0.0015983 secs] [Times: user=0.01 sys=0.00, real=0.00 secs] 
61.130: [GC 61.130: [ParNew: 6683K->619K(7616K), 0.0010422 secs] 21756K->15692K(24732K), 0.0011001 secs] [Times: user=0.01 sys=0.00, real=0.00 secs] 
61.136: [GC 61.136: [ParNew: 7142K->529K(7616K), 0.0011128 secs] 22215K->15683K(24732K), 0.0012809 secs] [Times: user=0.00 sys=0.00, real=0.00 secs] 
61.142: [GC 61.142: [ParNew: 7049K->487K(7616K), 0.0009370 secs] 22204K->15642K(24732K), 0.0009928 secs] [Times: user=0.00 sys=0.00, real=0.00 secs] 
61.147: [GC 61.147: [ParNew: 6997K->1037K(7616K), 0.0014494 secs] 22151K->16274K(24732K), 0.0015292 secs] [Times: user=0.00 sys=0.00, real=0.01 secs] 
61.153: [GC 61.153: [ParNew: 7551K->399K(7616K), 0.0017218 secs] 22787K->16466K(24732K), 0.0017907 secs] [Times: user=0.00 sys=0.00, real=0.00 secs] 
61.159: [GC 61.159: [ParNew: 6897K->999K(7616K), 0.0011509 secs] 22965K->17067K(24732K), 0.0012174 secs] [Times: user=0.00 sys=0.00, real=0.00 secs] 
61.164: [GC 61.164: [ParNew: 7497K->193K(7616K), 0.0013543 secs] 23565K->16919K(24732K), 0.0014215 secs] [Times: user=0.00 sys=0.00, real=0.00 secs] 
61.171: [GC 61.171: [ParNew: 6663K->433K(7616K), 0.0008582 secs] 23388K->17159K(24732K), 0.0009159 secs] [Times: user=0.00 sys=0.00, real=0.00 secs] 
61.176: [GC 61.176: [ParNew: 6902K->571K(7616K), 0.0010684 secs] 23628K->17297K(24732K), 0.0011269 secs] [Times: user=0.01 sys=0.00, real=0.00 secs] 
61.181: [GC 61.181: [ParNew: 7082K->949K(7616K), 0.0017141 secs] 23808K->17928K(24732K), 0.0017870 secs] [Times: user=0.01 sys=0.00, real=0.00 secs] 
61.187: [GC 61.187: [ParNew: 7327K->351K(7616K), 0.0023711 secs]61.189: [Tenured: 17811K->8314K(17884K), 0.0720919 secs] 24306K->8314K(25500K), [Perm : 10711K->10711K(21248K)], 0.0749726 secs] [Times: user=0.07 sys=0.00, real=0.08 secs] 
61.267: [GC 61.267: [ParNew: 6519K->286K(7616K), 0.0008907 secs] 14834K->8600K(24732K), 0.0009590 secs] [Times: user=0.00 sys=0.00, real=0.00 secs] 
61.273: [GC 61.273: [ParNew: 6767K->1070K(7616K), 0.0013521 secs] 15081K->9385K(24732K), 0.0014395 secs] [Times: user=0.00 sys=0.00, real=0.00 secs] 
61.278: [GC 61.278: [ParNew: 7570K->146K(7616K), 0.0016904 secs] 15885K->9277K(24732K), 0.0017759 secs] [Times: user=0.00 sys=0.00, real=0.01 secs] 
61.284: [GC 61.284: [ParNew: 6671K->508K(7616K), 0.0009032 secs] 15802K->9640K(24732K), 0.0009628 secs] [Times: user=0.00 sys=0.00, real=0.00 secs] 
61.290: [GC 61.290: [ParNew: 7013K->807K(7616K), 0.0013456 secs] 16145K->9938K(24732K), 0.0014108 secs] [Times: user=0.00 sys=0.00, real=0.00 secs] 
61.295: [GC 61.295: [ParNew: 7207K->151K(7616K), 0.0012355 secs] 16339K->9705K(24732K), 0.0012985 secs] [Times: user=0.01 sys=0.00, real=0.00 secs] 
61.304: [GC 61.304: [ParNew: 6633K->450K(7616K), 0.0009739 secs] 16187K->10004K(24732K), 0.0010378 secs] [Times: user=0.01 sys=0.00, real=0.00 secs] 
61.310: [GC 61.310: [ParNew: 6899K->649K(7616K), 0.0012536 secs] 16452K->10202K(24732K), 0.0014524 secs] [Times: user=0.01 sys=0.00, real=0.00 secs] 
61.316: [GC 61.316: [ParNew: 7157K->319K(7616K), 0.0010689 secs] 16711K->10142K(24732K), 0.0011402 secs] [Times: user=0.00 sys=0.00, real=0.00 secs] 
61.322: [GC 61.322: [ParNew: 6846K->382K(7616K), 0.0009142 secs] 16669K->10206K(24732K), 0.0010101 secs] [Times: user=0.00 sys=0.00, real=0.00 secs] 
61.327: [GC 61.327: [ParNew: 6907K->985K(7616K), 0.0011818 secs] 16730K->10809K(24732K), 0.0012499 secs] [Times: user=0.00 sys=0.00, real=0.00 secs] 
61.334: [GC 61.334: [ParNew: 7507K->436K(7616K), 0.0016123 secs] 17330K->11133K(24732K), 0.0017006 secs] [Times: user=0.00 sys=0.00, real=0.00 secs] 
61.341: [GC 61.341: [ParNew: 6937K->787K(7616K), 0.0010666 secs] 17635K->11484K(24732K), 0.0011547 secs] [Times: user=0.00 sys=0.00, real=0.00 secs] 
61.347: [GC 61.347: [ParNew: 7313K->360K(7616K), 0.0013330 secs] 18010K->11603K(24732K), 0.0014034 secs] [Times: user=0.00 sys=0.00, real=0.00 secs] 
61.353: [GC 61.353: [ParNew: 6872K->1061K(7616K), 0.0013620 secs] 18115K->12303K(24732K), 0.0014494 secs] [Times: user=0.00 sys=0.00, real=0.00 secs] 
61.361: [GC 61.361: [ParNew: 7514K->528K(7616K), 0.0018314 secs] 18757K->12687K(24732K), 0.0019365 secs] [Times: user=0.00 sys=0.00, real=0.00 secs] 
61.368: [GC 61.368: [ParNew: 7037K->741K(7616K), 0.0010984 secs] 19195K->12899K(24732K), 0.0011729 secs] [Times: user=0.00 sys=0.00, real=0.01 secs] 
61.374: [GC 61.374: [ParNew: 7269K->618K(7616K), 0.0011415 secs] 19427K->13004K(24732K), 0.0012062 secs] [Times: user=0.01 sys=0.00, real=0.00 secs] 
61.380: [GC 61.380: [ParNew: 7119K->794K(7616K), 0.0012009 secs] 19505K->13286K(24732K), 0.0012668 secs] [Times: user=0.01 sys=0.00, real=0.00 secs] 
61.386: [GC 61.387: [ParNew: 7269K->566K(7616K), 0.0014646 secs] 19761K->13125K(24732K), 0.0015618 secs] [Times: user=0.00 sys=0.00, real=0.00 secs] 
61.392: [GC 61.392: [ParNew: 7094K->451K(7616K), 0.0013002 secs] 19652K->13389K(24732K), 0.0013663 secs] [Times: user=0.00 sys=0.00, real=0.00 secs] 
61.398: [GC 61.398: [ParNew: 6913K->856K(7616K), 0.0011948 secs] 19850K->13793K(24732K), 0.0012768 secs] [Times: user=0.00 sys=0.00, real=0.01 secs] 
61.411: [GC 61.411: [ParNew: 7250K->696K(7616K), 0.0018318 secs] 20188K->13874K(24732K), 0.0019008 secs] [Times: user=0.00 sys=0.00, real=0.00 secs] 
61.419: [GC 61.419: [ParNew: 7208K->950K(7616K), 0.0012440 secs] 20386K->14293K(24732K), 0.0013186 secs] [Times: user=0.00 sys=0.00, real=0.00 secs] 
61.425: [GC 61.425: [ParNew: 7477K->451K(7616K), 0.0013836 secs] 20821K->14466K(24732K), 0.0014632 secs] [Times: user=0.00 sys=0.00, real=0.00 secs] 
61.431: [GC 61.431: [ParNew: 6974K->941K(7616K), 0.0027108 secs] 20989K->14956K(24732K), 0.0028403 secs] [Times: user=0.00 sys=0.00, real=0.00 secs] 
61.442: [GC 61.442: [ParNew: 7410K->1049K(7616K), 0.0019472 secs] 21425K->15389K(24732K), 0.0020375 secs] [Times: user=0.00 sys=0.00, real=0.00 secs] 
61.454: [GC 61.454: [ParNew: 7545K->571K(7616K), 0.0015635 secs] 21885K->15520K(24732K), 0.0016453 secs] [Times: user=0.00 sys=0.00, real=0.00 secs] 
61.461: [GC 61.461: [ParNew: 7080K->580K(7616K), 0.0018475 secs] 22029K->15985K(24732K), 0.0019206 secs] [Times: user=0.01 sys=0.00, real=0.00 secs] 
61.468: [GC 61.468: [ParNew: 7099K->166K(7616K), 0.0019131 secs] 22504K->16134K(24732K), 0.0019819 secs] [Times: user=0.00 sys=0.00, real=0.01 secs] 
61.476: [GC 61.476: [ParNew: 6645K->323K(7616K), 0.0014642 secs] 22613K->16292K(24732K), 0.0015440 secs] [Times: user=0.00 sys=0.01, real=0.00 secs] 
61.483: [GC 61.483: [ParNew: 6829K->520K(7616K), 0.0015425 secs] 22797K->16488K(24732K), 0.0016090 secs] [Times: user=0.00 sys=0.00, real=0.00 secs] 
61.491: [GC 61.491: [ParNew: 7030K->1082K(7616K), 0.0028389 secs] 22998K->17518K(24732K), 0.0029137 secs] [Times: user=0.00 sys=0.00, real=0.00 secs] 
61.499: [GC 61.499: [ParNew: 7568K->518K(7616K), 0.0027836 secs]61.502: [Tenured: 17390K->8530K(17500K), 0.0764023 secs] 24003K->8530K(25116K), [Perm : 10711K->10711K(21248K)], 0.0795267 secs] [Times: user=0.08 sys=0.00, real=0.07 secs] 
61.583: [GC 61.583: [ParNew: 6466K->843K(7616K), 0.0011273 secs] 14997K->9373K(24732K), 0.0011915 secs] [Times: user=0.01 sys=0.00, real=0.00 secs] 
61.596: [GC 61.596: [ParNew: 7371K->577K(7616K), 0.0014594 secs] 15901K->9827K(24732K), 0.0015247 secs] [Times: user=0.00 sys=0.00, real=0.00 secs] 
61.603: [GC 61.603: [ParNew: 7105K->325K(7616K), 0.0011937 secs] 16355K->10055K(24732K), 0.0013200 secs] [Times: user=0.00 sys=0.00, real=0.00 secs] 
61.608: [GC 61.608: [ParNew: 6826K->508K(7616K), 0.0009528 secs] 16556K->10238K(24732K), 0.0010107 secs] [Times: user=0.00 sys=0.00, real=0.01 secs] 
61.615: [GC 61.615: [ParNew: 7006K->1041K(7616K), 0.0019070 secs] 16735K->11095K(24732K), 0.0019959 secs] [Times: user=0.01 sys=0.00, real=0.00 secs] 
61.622: [GC 61.622: [ParNew: 7557K->276K(7616K), 0.0013561 secs] 17610K->11158K(24732K), 0.0014467 secs] [Times: user=0.01 sys=0.00, real=0.00 secs] 
61.628: [GC 61.628: [ParNew: 6774K->217K(7616K), 0.0007812 secs] 17656K->11099K(24732K), 0.0008501 secs] [Times: user=0.00 sys=0.00, real=0.01 secs] 
61.632: [GC 61.633: [ParNew: 6716K->583K(7616K), 0.0013344 secs] 17599K->11466K(24732K), 0.0013953 secs] [Times: user=0.00 sys=0.00, real=0.00 secs] 
61.641: [GC 61.641: [ParNew: 7106K->591K(7616K), 0.0011757 secs] 17988K->11556K(24732K), 0.0012412 secs] [Times: user=0.00 sys=0.00, real=0.00 secs] 
61.648: [GC 61.648: [ParNew: 7119K->1052K(7616K), 0.0021301 secs] 18084K->12366K(24732K), 0.0022041 secs] [Times: user=0.00 sys=0.01, real=0.01 secs] 
61.654: [GC 61.655: [ParNew: 7505K->162K(7616K), 0.0014562 secs] 18819K->12300K(24732K), 0.0015314 secs] [Times: user=0.00 sys=0.00, real=0.00 secs] 
61.660: [GC 61.660: [ParNew: 6671K->375K(7616K), 0.0009041 secs] 18809K->12512K(24732K), 0.0009575 secs] [Times: user=0.00 sys=0.00, real=0.00 secs] 
61.665: [GC 61.665: [ParNew: 6896K->604K(7616K), 0.0010655 secs] 19034K->12741K(24732K), 0.0011278 secs] [Times: user=0.01 sys=0.00, real=0.00 secs] 
61.671: [GC 61.672: [ParNew: 7080K->528K(7616K), 0.0017914 secs] 19218K->12741K(24732K), 0.0018734 secs] [Times: user=0.00 sys=0.00, real=0.00 secs] 
61.679: [GC 61.680: [ParNew: 7056K->613K(7616K), 0.0009275 secs] 19269K->12826K(24732K), 0.0009839 secs] [Times: user=0.01 sys=0.00, real=0.00 secs] 
61.689: [GC 61.689: [ParNew: 7141K->1045K(7616K), 0.0013079 secs] 19354K->13328K(24732K), 0.0013778 secs] [Times: user=0.01 sys=0.00, real=0.00 secs] 
61.695: [GC 61.695: [ParNew: 7571K->279K(7616K), 0.0024703 secs] 19853K->13572K(24732K), 0.0025481 secs] [Times: user=0.00 sys=0.00, real=0.00 secs] 
61.702: [GC 61.702: [ParNew: 6807K->309K(7616K), 0.0008188 secs] 20100K->13602K(24732K), 0.0008707 secs] [Times: user=0.00 sys=0.00, real=0.00 secs] 
61.707: [GC 61.707: [ParNew: 6831K->319K(7616K), 0.0008464 secs] 20124K->13613K(24732K), 0.0008991 secs] [Times: user=0.00 sys=0.00, real=0.00 secs] 
61.714: [GC 61.714: [ParNew: 6793K->405K(7616K), 0.0010221 secs] 20086K->13698K(24732K), 0.0011028 secs] [Times: user=0.01 sys=0.00, real=0.00 secs] 
61.719: [GC 61.719: [ParNew: 6921K->457K(7616K), 0.0013793 secs] 20214K->13751K(24732K), 0.0014660 secs] [Times: user=0.00 sys=0.00, real=0.00 secs] 
61.724: [GC 61.724: [ParNew: 6981K->736K(7616K), 0.0012575 secs] 20274K->14029K(24732K), 0.0013285 secs] [Times: user=0.00 sys=0.00, real=0.00 secs] 
61.730: [GC 61.730: [ParNew: 7227K->894K(7616K), 0.0015037 secs] 20520K->14479K(24732K), 0.0015819 secs] [Times: user=0.00 sys=0.00, real=0.00 secs] 
61.735: [GC 61.735: [ParNew: 7394K->145K(7616K), 0.0014119 secs] 20978K->14525K(24732K), 0.0014807 secs] [Times: user=0.00 sys=0.00, real=0.00 secs] 
61.741: [GC 61.742: [ParNew: 6656K->346K(7616K), 0.0008490 secs] 21036K->14726K(24732K), 0.0009287 secs] [Times: user=0.00 sys=0.00, real=0.00 secs] 
61.748: [GC 61.748: [ParNew: 6838K->360K(7616K), 0.0008471 secs] 21218K->14740K(24732K), 0.0008970 secs] [Times: user=0.00 sys=0.00, real=0.01 secs] 
61.753: [GC 61.753: [ParNew: 6883K->273K(7616K), 0.0008460 secs] 21263K->14653K(24732K), 0.0008976 secs] [Times: user=0.01 sys=0.00, real=0.00 secs] 
61.760: [GC 61.760: [ParNew: 6779K->518K(7616K), 0.0010815 secs] 21159K->14898K(24732K), 0.0011445 secs] [Times: user=0.00 sys=0.00, real=0.00 secs] 
61.767: [GC 61.767: [ParNew: 6955K->670K(7616K), 0.0011456 secs] 21336K->15050K(24732K), 0.0012189 secs] [Times: user=0.00 sys=0.00, real=0.00 secs] 
61.773: [GC 61.773: [ParNew: 7198K->533K(7616K), 0.0011655 secs] 21578K->15116K(24732K), 0.0012477 secs] [Times: user=0.00 sys=0.00, real=0.00 secs] 
61.778: [GC 61.778: [ParNew: 7019K->866K(7616K), 0.0015516 secs] 21602K->15448K(24732K), 0.0016240 secs] [Times: user=0.00 sys=0.00, real=0.01 secs] 
61.784: [GC 61.784: [ParNew: 7366K->519K(7616K), 0.0013855 secs] 21949K->15497K(24732K), 0.0014562 secs] [Times: user=0.00 sys=0.00, real=0.00 secs] 
61.791: [GC 61.791: [ParNew: 7045K->530K(7616K), 0.0009559 secs] 22023K->15508K(24732K), 0.0010131 secs] [Times: user=0.00 sys=0.00, real=0.00 secs] 
61.797: [GC 61.797: [ParNew: 7049K->453K(7616K), 0.0009879 secs] 22026K->15430K(24732K), 0.0010592 secs] [Times: user=0.00 sys=0.00, real=0.00 secs] 
61.804: [GC 61.804: [ParNew: 6968K->515K(7616K), 0.0009700 secs] 21945K->15492K(24732K), 0.0010394 secs] [Times: user=0.00 sys=0.00, real=0.00 secs] 
61.809: [GC 61.809: [ParNew: 7037K->484K(7616K), 0.0011296 secs] 22014K->15461K(24732K), 0.0011874 secs] [Times: user=0.01 sys=0.00, real=0.00 secs] 
61.815: [GC 61.815: [ParNew: 7008K->656K(7616K), 0.0012642 secs] 21986K->15633K(24732K), 0.0013353 secs] [Times: user=0.00 sys=0.00, real=0.00 secs] 
61.820: [GC 61.820: [ParNew: 7172K->713K(7616K), 0.0015242 secs] 22149K->15854K(24732K), 0.0016021 secs] [Times: user=0.00 sys=0.00, real=0.00 secs] 
61.826: [GC 61.826: [ParNew: 7239K->973K(7616K), 0.0017387 secs] 22381K->16359K(24732K), 0.0018303 secs] [Times: user=0.00 sys=0.00, real=0.00 secs] 
61.832: [GC 61.832: [ParNew: 7493K->510K(7616K), 0.0014315 secs] 22879K->16333K(24732K), 0.0015104 secs] [Times: user=0.00 sys=0.00, real=0.00 secs] 
61.839: [GC 61.839: [ParNew: 6954K->756K(7616K), 0.0009982 secs] 22777K->16579K(24732K), 0.0010589 secs] [Times: user=0.00 sys=0.00, real=0.00 secs] 
61.846: [GC 61.846: [ParNew: 7226K->444K(7616K), 0.0024039 secs] 23049K->16593K(24732K), 0.0024776 secs] [Times: user=0.00 sys=0.00, real=0.01 secs] 
61.852: [GC 61.853: [ParNew: 6961K->596K(7616K), 0.0011142 secs] 23110K->16745K(24732K), 0.0011768 secs] [Times: user=0.00 sys=0.00, real=0.00 secs] 
61.858: [GC 61.858: [ParNew: 7116K->577K(7616K), 0.0011587 secs] 23265K->16889K(24732K), 0.0012209 secs] [Times: user=0.00 sys=0.00, real=0.01 secs] 
61.864: [GC 61.864: [ParNew: 7105K->528K(7616K), 0.0010100 secs] 23417K->16942K(24732K), 0.0010680 secs] [Times: user=0.00 sys=0.00, real=0.00 secs] 
61.872: [GC 61.872: [ParNew: 7037K->454K(7616K), 0.0010390 secs] 23451K->16868K(24732K), 0.0011266 secs] [Times: user=0.01 sys=0.00, real=0.00 secs] 
61.878: [GC 61.878: [ParNew: 6939K->625K(7616K), 0.0011552 secs] 23353K->17039K(24732K), 0.0012187 secs] [Times: user=0.01 sys=0.00, real=0.01 secs] 
61.885: [GC 61.885: [ParNew: 7126K->628K(7616K), 0.0017976 secs] 23540K->17119K(24732K), 0.0018789 secs] [Times: user=0.01 sys=0.00, real=0.00 secs] 
61.892: [GC 61.892: [ParNew: 7151K->502K(7616K), 0.0012879 secs] 23642K->17187K(24732K), 0.0013677 secs] [Times: user=0.01 sys=0.00, real=0.00 secs] 
61.898: [GC 61.898: [ParNew: 6977K->393K(7616K), 0.0009930 secs] 23661K->17077K(24732K), 0.0010776 secs] [Times: user=0.00 sys=0.00, real=0.01 secs] 
61.903: [GC 61.903: [ParNew: 6896K->674K(7616K), 0.0012513 secs] 23581K->17359K(24732K), 0.0013357 secs] [Times: user=0.00 sys=0.00, real=0.00 secs] 
61.908: [GC 61.908: [ParNew: 7167K->690K(7616K), 0.0013031 secs] 23852K->17541K(24732K), 0.0013782 secs] [Times: user=0.00 sys=0.00, real=0.01 secs] 
61.914: [GC 61.914: [ParNew: 7217K->947K(7616K), 0.0020594 secs] 24068K->17935K(24732K), 0.0021471 secs] [Times: user=0.00 sys=0.00, real=0.00 secs] 
61.920: [GC 61.920: [ParNew: 7442K->288K(7616K), 0.0014857 secs]61.922: [Tenured: 17485K->7968K(17500K), 0.0714343 secs] 24430K->7968K(25116K), [Perm : 10712K->10712K(21248K)], 0.0732648 secs] [Times: user=0.07 sys=0.00, real=0.07 secs] 
61.999: [GC 61.999: [ParNew: 6515K->539K(7616K), 0.0015308 secs] 14483K->8507K(24732K), 0.0015959 secs] [Times: user=0.01 sys=0.00, real=0.00 secs] 
62.004: [GC 62.004: [ParNew: 7047K->602K(7616K), 0.0010940 secs] 15015K->8570K(24732K), 0.0012214 secs] [Times: user=0.00 sys=0.00, real=0.00 secs] 
62.011: [GC 62.011: [ParNew: 7119K->458K(7616K), 0.0014167 secs] 15087K->8864K(24732K), 0.0016592 secs] [Times: user=0.00 sys=0.00, real=0.00 secs] 
62.018: [GC 62.018: [ParNew: 6905K->632K(7616K), 0.0024244 secs] 15311K->9038K(24732K), 0.0025046 secs] [Times: user=0.00 sys=0.00, real=0.01 secs] 
62.025: [GC 62.025: [ParNew: 7160K->683K(7616K), 0.0011396 secs] 15566K->9097K(24732K), 0.0013207 secs] [Times: user=0.00 sys=0.00, real=0.00 secs] 
62.031: [GC 62.031: [ParNew: 7201K->437K(7616K), 0.0013477 secs] 15615K->9087K(24732K), 0.0014256 secs] [Times: user=0.00 sys=0.00, real=0.00 secs] 
62.036: [GC 62.036: [ParNew: 6933K->576K(7616K), 0.0010118 secs] 15582K->9226K(24732K), 0.0010720 secs] [Times: user=0.01 sys=0.00, real=0.00 secs] 
62.042: [GC 62.042: [ParNew: 7066K->409K(7616K), 0.0010734 secs] 15716K->9227K(24732K), 0.0011308 secs] [Times: user=0.00 sys=0.00, real=0.00 secs] 
62.047: [GC 62.047: [ParNew: 6928K->712K(7616K), 0.0010072 secs] 15746K->9530K(24732K), 0.0010694 secs] [Times: user=0.00 sys=0.00, real=0.00 secs] 
62.052: [GC 62.052: [ParNew: 7238K->453K(7616K), 0.0012911 secs] 16057K->9520K(24732K), 0.0013540 secs] [Times: user=0.00 sys=0.00, real=0.00 secs] 
62.058: [GC 62.058: [ParNew: 6980K->547K(7616K), 0.0009656 secs] 16047K->9614K(24732K), 0.0010248 secs] [Times: user=0.00 sys=0.00, real=0.01 secs] 
62.062: [GC 62.062: [ParNew: 7062K->586K(7616K), 0.0010744 secs] 16129K->9653K(24732K), 0.0011381 secs] [Times: user=0.00 sys=0.00, real=0.00 secs] 
62.067: [GC 62.068: [ParNew: 7097K->714K(7616K), 0.0016935 secs] 16164K->9836K(24732K), 0.0017620 secs] [Times: user=0.00 sys=0.00, real=0.01 secs] 
62.074: [GC 62.074: [ParNew: 7240K->489K(7616K), 0.0011784 secs] 16361K->9889K(24732K), 0.0012598 secs] [Times: user=0.01 sys=0.00, real=0.00 secs] 
62.081: [GC 62.081: [ParNew: 6926K->795K(7616K), 0.0009751 secs] 16327K->10196K(24732K), 0.0010611 secs] [Times: user=0.01 sys=0.00, real=0.00 secs] 
62.086: [GC 62.086: [ParNew: 7319K->556K(7616K), 0.0016462 secs] 16720K->10209K(24732K), 0.0017182 secs] [Times: user=0.00 sys=0.00, real=0.00 secs] 
62.092: [GC 62.092: [ParNew: 7073K->449K(7616K), 0.0013075 secs] 16725K->10308K(24732K), 0.0013742 secs] [Times: user=0.00 sys=0.00, real=0.00 secs] 
62.097: [GC 62.097: [ParNew: 6958K->538K(7616K), 0.0010816 secs] 16817K->10396K(24732K), 0.0011428 secs] [Times: user=0.00 sys=0.00, real=0.00 secs] 
62.103: [GC 62.103: [ParNew: 7049K->578K(7616K), 0.0010960 secs] 16908K->10437K(24732K), 0.0011726 secs] [Times: user=0.00 sys=0.00, real=0.00 secs] 
62.108: [GC 62.108: [ParNew: 7058K->173K(7616K), 0.0009658 secs] 16917K->10311K(24732K), 0.0010249 secs] [Times: user=0.00 sys=0.00, real=0.01 secs] 
62.113: [GC 62.113: [ParNew: 6687K->467K(7616K), 0.0009724 secs] 16825K->10605K(24732K), 0.0010279 secs] [Times: user=0.01 sys=0.00, real=0.00 secs] 
62.118: [GC 62.118: [ParNew: 6986K->806K(7616K), 0.0014428 secs] 17123K->10944K(24732K), 0.0015241 secs] [Times: user=0.00 sys=0.00, real=0.01 secs] 
62.125: [GC 62.125: [ParNew: 7237K->556K(7616K), 0.0011623 secs] 17375K->11003K(24732K), 0.0012450 secs] [Times: user=0.00 sys=0.00, real=0.00 secs] 
62.131: [GC 62.132: [ParNew: 7019K->264K(7616K), 0.0009644 secs] 17466K->10962K(24732K), 0.0010502 secs] [Times: user=0.00 sys=0.00, real=0.00 secs] 
62.141: [GC 62.141: [ParNew: 6752K->464K(7616K), 0.0009047 secs] 17449K->11162K(24732K), 0.0010098 secs] [Times: user=0.00 sys=0.00, real=0.00 secs] 
62.147: [GC 62.147: [ParNew: 6976K->604K(7616K), 0.0013772 secs] 17674K->11302K(24732K), 0.0014887 secs] [Times: user=0.00 sys=0.00, real=0.00 secs] 
62.154: [GC 62.154: [ParNew: 7125K->527K(7616K), 0.0011913 secs] 17823K->11309K(24732K), 0.0012550 secs] [Times: user=0.00 sys=0.00, real=0.00 secs] 
62.160: [GC 62.160: [ParNew: 7021K->449K(7616K), 0.0009336 secs] 17802K->11231K(24732K), 0.0010066 secs] [Times: user=0.01 sys=0.00, real=0.00 secs] 
62.169: [GC 62.169: [ParNew: 6977K->476K(7616K), 0.0009400 secs] 17759K->11257K(24732K), 0.0009944 secs] [Times: user=0.00 sys=0.00, real=0.00 secs] 
62.177: [GC 62.177: [ParNew: 6996K->658K(7616K), 0.0011908 secs] 17777K->11439K(24732K), 0.0012557 secs] [Times: user=0.00 sys=0.00, real=0.00 secs] 
62.182: [GC 62.182: [ParNew: 7131K->426K(7616K), 0.0011292 secs] 17912K->11454K(24732K), 0.0011936 secs] [Times: user=0.00 sys=0.00, real=0.00 secs] 
62.190: [GC 62.190: [ParNew: 6954K->541K(7616K), 0.0009700 secs] 17981K->11569K(24732K), 0.0010425 secs] [Times: user=0.00 sys=0.00, real=0.00 secs] 
62.196: [GC 62.196: [ParNew: 7057K->558K(7616K), 0.0011702 secs] 18084K->11585K(24732K), 0.0012299 secs] [Times: user=0.00 sys=0.00, real=0.00 secs] 
62.201: [GC 62.201: [ParNew: 7080K->356K(7616K), 0.0009505 secs] 18108K->11435K(24732K), 0.0010050 secs] [Times: user=0.00 sys=0.00, real=0.00 secs] 
62.207: [GC 62.207: [ParNew: 6829K->481K(7616K), 0.0008611 secs] 17908K->11559K(24732K), 0.0009177 secs] [Times: user=0.00 sys=0.00, real=0.00 secs] 
62.215: [GC 62.215: [ParNew: 7002K->765K(7616K), 0.0014398 secs] 18081K->11844K(24732K), 0.0015022 secs] [Times: user=0.00 sys=0.00, real=0.00 secs] 
62.223: [GC 62.223: [ParNew: 7293K->423K(7616K), 0.0011255 secs] 18372K->11763K(24732K), 0.0012068 secs] [Times: user=0.00 sys=0.00, real=0.00 secs] 
62.228: [GC 62.229: [ParNew: 6916K->241K(7616K), 0.0009120 secs] 18255K->11580K(24732K), 0.0009775 secs] [Times: user=0.00 sys=0.00, real=0.01 secs] 
62.235: [GC 62.235: [ParNew: 6744K->490K(7616K), 0.0008638 secs] 18083K->11830K(24732K), 0.0009438 secs] [Times: user=0.00 sys=0.00, real=0.00 secs] 
62.241: [GC 62.241: [ParNew: 7000K->639K(7616K), 0.0011308 secs] 18339K->11978K(24732K), 0.0012126 secs] [Times: user=0.00 sys=0.00, real=0.00 secs] 
62.246: [GC 62.246: [ParNew: 7161K->674K(7616K), 0.0015388 secs] 18500K->12123K(24732K), 0.0016094 secs] [Times: user=0.00 sys=0.00, real=0.00 secs] 
62.252: [GC 62.252: [ParNew: 7133K->631K(7616K), 0.0012018 secs] 18581K->12235K(24732K), 0.0012692 secs] [Times: user=0.00 sys=0.00, real=0.00 secs] 
62.257: [GC 62.257: [ParNew: 7143K->574K(7616K), 0.0012970 secs] 18747K->12410K(24732K), 0.0013637 secs] [Times: user=0.00 sys=0.00, real=0.01 secs] 
62.264: [GC 62.264: [ParNew: 7080K->621K(7616K), 0.0010142 secs] 18916K->12537K(24732K), 0.0010898 secs] [Times: user=0.00 sys=0.00, real=0.00 secs] 
62.269: [GC 62.269: [ParNew: 7112K->487K(7616K), 0.0011034 secs] 19028K->12618K(24732K), 0.0011676 secs] [Times: user=0.01 sys=0.00, real=0.00 secs] 
62.276: [GC 62.276: [ParNew: 7014K->499K(7616K), 0.0009303 secs] 19145K->12631K(24732K), 0.0009950 secs] [Times: user=0.01 sys=0.00, real=0.00 secs] 
62.282: [GC 62.282: [ParNew: 7006K->419K(7616K), 0.0008358 secs] 19137K->12550K(24732K), 0.0008893 secs] [Times: user=0.00 sys=0.00, real=0.00 secs] 
62.288: [GC 62.288: [ParNew: 6924K->516K(7616K), 0.0012054 secs] 19055K->12647K(24732K), 0.0013275 secs] [Times: user=0.00 sys=0.00, real=0.01 secs] 
62.294: [GC 62.294: [ParNew: 7039K->587K(7616K), 0.0011421 secs] 19170K->12718K(24732K), 0.0012252 secs] [Times: user=0.00 sys=0.00, real=0.00 secs] 
62.299: [GC 62.299: [ParNew: 7075K->746K(7616K), 0.0014550 secs] 19206K->13065K(24732K), 0.0015677 secs] [Times: user=0.00 sys=0.01, real=0.00 secs] 
62.305: [GC 62.305: [ParNew: 7263K->474K(7616K), 0.0011545 secs] 19582K->13028K(24732K), 0.0012211 secs] [Times: user=0.00 sys=0.00, real=0.00 secs] 
62.311: [GC 62.311: [ParNew: 6979K->949K(7616K), 0.0012214 secs] 19533K->13502K(24732K), 0.0015731 secs] [Times: user=0.01 sys=0.00, real=0.00 secs] 
62.318: [GC 62.318: [ParNew: 7463K->177K(7616K), 0.0011575 secs] 20017K->13364K(24732K), 0.0012752 secs] [Times: user=0.01 sys=0.00, real=0.01 secs] 
62.323: [GC 62.323: [ParNew: 6693K->721K(7616K), 0.0015503 secs] 19880K->13908K(24732K), 0.0016368 secs] [Times: user=0.00 sys=0.00, real=0.00 secs] 
62.331: [GC 62.331: [ParNew: 7240K->278K(7616K), 0.0009984 secs] 20427K->13937K(24732K), 0.0010699 secs] [Times: user=0.00 sys=0.00, real=0.00 secs] 
62.336: [GC 62.336: [ParNew: 6750K->356K(7616K), 0.0008466 secs] 20409K->14014K(24732K), 0.0009127 secs] [Times: user=0.00 sys=0.00, real=0.00 secs] 
62.341: [GC 62.341: [ParNew: 6878K->611K(7616K), 0.0010114 secs] 20537K->14269K(24732K), 0.0010714 secs] [Times: user=0.00 sys=0.00, real=0.00 secs] 
62.346: [GC 62.346: [ParNew: 7115K->526K(7616K), 0.0017779 secs] 20773K->14278K(24732K), 0.0018438 secs] [Times: user=0.00 sys=0.00, real=0.00 secs] 
62.353: [GC 62.353: [ParNew: 7053K->677K(7616K), 0.0010438 secs] 20805K->14429K(24732K), 0.0011226 secs] [Times: user=0.01 sys=0.00, real=0.00 secs] 
62.358: [GC 62.358: [ParNew: 7127K->442K(7616K), 0.0012590 secs] 20879K->14455K(24732K), 0.0013249 secs] [Times: user=0.00 sys=0.00, real=0.01 secs] 
62.364: [GC 62.364: [ParNew: 6960K->448K(7616K), 0.0009649 secs] 20973K->14460K(24732K), 0.0010229 secs] [Times: user=0.00 sys=0.00, real=0.00 secs] 
62.369: [GC 62.369: [ParNew: 6944K->1085K(7616K), 0.0015043 secs] 20957K->15098K(24732K), 0.0015997 secs] [Times: user=0.00 sys=0.00, real=0.00 secs] 
62.375: [GC 62.375: [ParNew: 7603K->146K(7616K), 0.0017830 secs] 21615K->15170K(24732K), 0.0018572 secs] [Times: user=0.00 sys=0.00, real=0.00 secs] 
62.381: [GC 62.381: [ParNew: 6634K->521K(7616K), 0.0009542 secs] 21658K->15545K(24732K), 0.0010118 secs] [Times: user=0.00 sys=0.00, real=0.00 secs] 
62.386: [GC 62.386: [ParNew: 7048K->537K(7616K), 0.0015859 secs] 22072K->15561K(24732K), 0.0017391 secs] [Times: user=0.00 sys=0.00, real=0.00 secs] 
62.392: [GC 62.392: [ParNew: 7040K->456K(7616K), 0.0013402 secs] 22064K->15480K(24732K), 0.0013959 secs] [Times: user=0.00 sys=0.00, real=0.00 secs] 
62.402: [GC 62.402: [ParNew: 6984K->793K(7616K), 0.0011779 secs] 22008K->15817K(24732K), 0.0012713 secs] [Times: user=0.01 sys=0.00, real=0.00 secs] 
62.408: [GC 62.408: [ParNew: 7302K->365K(7616K), 0.0013555 secs] 22326K->15863K(24732K), 0.0014211 secs] [Times: user=0.01 sys=0.00, real=0.01 secs] 
62.414: [GC 62.414: [ParNew: 6893K->427K(7616K), 0.0008895 secs] 22391K->15925K(24732K), 0.0009425 secs] [Times: user=0.01 sys=0.00, real=0.00 secs] 
62.419: [GC 62.419: [ParNew: 6906K->796K(7616K), 0.0013019 secs] 22404K->16295K(24732K), 0.0013909 secs] [Times: user=0.00 sys=0.00, real=0.00 secs] 
62.425: [GC 62.425: [ParNew: 7313K->877K(7616K), 0.0017898 secs] 22811K->16701K(24732K), 0.0018824 secs] [Times: user=0.00 sys=0.00, real=0.00 secs] 
62.431: [GC 62.431: [ParNew: 7403K->580K(7616K), 0.0013690 secs] 23227K->16637K(24732K), 0.0014523 secs] [Times: user=0.00 sys=0.00, real=0.00 secs] 
62.437: [GC 62.437: [ParNew: 7099K->287K(7616K), 0.0011514 secs] 23156K->16573K(24732K), 0.0012215 secs] [Times: user=0.00 sys=0.00, real=0.00 secs] 
62.444: [GC 62.444: [ParNew: 6809K->772K(7616K), 0.0012471 secs] 23095K->17058K(24732K), 0.0013300 secs] [Times: user=0.00 sys=0.00, real=0.00 secs] 
62.449: [GC 62.449: [ParNew: 7300K->760K(7616K), 0.0012434 secs] 23586K->17086K(24732K), 0.0013103 secs] [Times: user=0.00 sys=0.00, real=0.00 secs] 
62.456: [GC 62.456: [ParNew: 7288K->918K(7616K), 0.0015666 secs] 23614K->17469K(24732K), 0.0016525 secs] [Times: user=0.01 sys=0.00, real=0.00 secs] 
62.462: [GC 62.462: [ParNew: 7403K->399K(7616K), 0.0014294 secs] 23954K->17361K(24732K), 0.0015095 secs] [Times: user=0.01 sys=0.00, real=0.00 secs] 
62.467: [GC 62.467: [ParNew: 6900K->644K(7616K), 0.0010386 secs] 23862K->17606K(24732K), 0.0011022 secs] [Times: user=0.00 sys=0.00, real=0.00 secs] 
62.473: [GC 62.473: [ParNew: 7138K->269K(7616K), 0.0010642 secs]62.475: [Tenured: 17125K->8548K(17308K), 0.0707217 secs] 24100K->8548K(24924K), [Perm : 10712K->10712K(21248K)], 0.0720469 secs] [Times: user=0.07 sys=0.00, real=0.07 secs] 
62.549: [GC 62.549: [ParNew: 6517K->336K(7616K), 0.0008702 secs] 15065K->8885K(24732K), 0.0009239 secs] [Times: user=0.00 sys=0.01, real=0.00 secs] 
62.556: [GC 62.556: [ParNew: 6774K->699K(7616K), 0.0017056 secs] 15323K->9248K(24732K), 0.0017741 secs] [Times: user=0.00 sys=0.00, real=0.00 secs] 
62.562: [GC 62.562: [ParNew: 7169K->504K(7616K), 0.0012928 secs] 15718K->9401K(24732K), 0.0013620 secs] [Times: user=0.00 sys=0.00, real=0.00 secs] 
62.569: [GC 62.569: [ParNew: 6883K->812K(7616K), 0.0010320 secs] 15780K->9710K(24732K), 0.0011053 secs] [Times: user=0.00 sys=0.00, real=0.00 secs] 
62.575: [GC 62.575: [ParNew: 7318K->524K(7616K), 0.0011910 secs] 16215K->9715K(24732K), 0.0012707 secs] [Times: user=0.00 sys=0.00, real=0.00 secs] 
62.581: [GC 62.581: [ParNew: 7045K->674K(7616K), 0.0010074 secs] 16236K->9865K(24732K), 0.0010651 secs] [Times: user=0.01 sys=0.00, real=0.00 secs] 
62.586: [GC 62.586: [ParNew: 7183K->549K(7616K), 0.0015126 secs] 16373K->9873K(24732K), 0.0016068 secs] [Times: user=0.00 sys=0.00, real=0.00 secs] 
62.593: [GC 62.593: [ParNew: 7077K->795K(7616K), 0.0013407 secs] 16400K->10271K(24732K), 0.0014297 secs] [Times: user=0.00 sys=0.00, real=0.00 secs] 
62.599: [GC 62.599: [ParNew: 7304K->661K(7616K), 0.0012162 secs] 16780K->10353K(24732K), 0.0012936 secs] [Times: user=0.00 sys=0.00, real=0.00 secs] 
62.606: [GC 62.606: [ParNew: 7180K->689K(7616K), 0.0011960 secs] 16872K->10648K(24732K), 0.0012890 secs] [Times: user=0.00 sys=0.00, real=0.00 secs] 
62.611: [GC 62.611: [ParNew: 7190K->507K(7616K), 0.0011976 secs] 17148K->10603K(24732K), 0.0012801 secs] [Times: user=0.00 sys=0.00, real=0.00 secs] 
62.616: [GC 62.617: [ParNew: 6989K->458K(7616K), 0.0008501 secs] 17085K->10554K(24732K), 0.0009269 secs] [Times: user=0.00 sys=0.00, real=0.00 secs] 
62.621: [GC 62.622: [ParNew: 6965K->450K(7616K), 0.0009284 secs] 17061K->10546K(24732K), 0.0009820 secs] [Times: user=0.01 sys=0.00, real=0.00 secs] 
62.627: [GC 62.627: [ParNew: 6952K->730K(7616K), 0.0012793 secs] 17048K->10826K(24732K), 0.0013595 secs] [Times: user=0.00 sys=0.00, real=0.00 secs] 
62.633: [GC 62.633: [ParNew: 7230K->987K(7616K), 0.0015050 secs] 17326K->11302K(24732K), 0.0015834 secs] [Times: user=0.00 sys=0.00, real=0.00 secs] 
62.639: [GC 62.639: [ParNew: 7461K->784K(7616K), 0.0019187 secs] 17775K->11543K(24732K), 0.0019965 secs] [Times: user=0.00 sys=0.00, real=0.00 secs] 
62.645: [GC 62.645: [ParNew: 7295K->240K(7616K), 0.0013507 secs] 18055K->11603K(24732K), 0.0014197 secs] [Times: user=0.00 sys=0.00, real=0.00 secs] 
62.652: [GC 62.652: [ParNew: 6731K->721K(7616K), 0.0010341 secs] 18095K->12085K(24732K), 0.0011255 secs] [Times: user=0.00 sys=0.00, real=0.00 secs] 
62.657: [GC 62.657: [ParNew: 7215K->275K(7616K), 0.0011619 secs] 18579K->12090K(24732K), 0.0012312 secs] [Times: user=0.00 sys=0.00, real=0.00 secs] 
62.663: [GC 62.663: [ParNew: 6790K->495K(7616K), 0.0007987 secs] 18604K->12309K(24732K), 0.0008509 secs] [Times: user=0.00 sys=0.00, real=0.00 secs] 
62.668: [GC 62.668: [ParNew: 6992K->817K(7616K), 0.0013087 secs] 18806K->12632K(24732K), 0.0013764 secs] [Times: user=0.01 sys=0.00, real=0.01 secs] 
62.673: [GC 62.673: [ParNew: 7299K->371K(7616K), 0.0011738 secs] 19114K->12585K(24732K), 0.0012354 secs] [Times: user=0.00 sys=0.00, real=0.00 secs] 
62.678: [GC 62.679: [ParNew: 6863K->451K(7616K), 0.0010100 secs] 19077K->12665K(24732K), 0.0010650 secs] [Times: user=0.00 sys=0.00, real=0.01 secs] 
62.684: [GC 62.685: [ParNew: 6947K->1038K(7616K), 0.0013419 secs] 19161K->13253K(24732K), 0.0014123 secs] [Times: user=0.00 sys=0.00, real=0.00 secs] 
62.691: [GC 62.691: [ParNew: 7540K->144K(7616K), 0.0013678 secs] 19754K->13189K(24732K), 0.0014810 secs] [Times: user=0.00 sys=0.00, real=0.00 secs] 
62.696: [GC 62.696: [ParNew: 6668K->239K(7616K), 0.0006947 secs] 19714K->13284K(24732K), 0.0007406 secs] [Times: user=0.00 sys=0.00, real=0.00 secs] 
62.701: [GC 62.701: [ParNew: 6761K->467K(7616K), 0.0009938 secs] 19807K->13513K(24732K), 0.0010500 secs] [Times: user=0.00 sys=0.00, real=0.00 secs] 
62.706: [GC 62.706: [ParNew: 6991K->475K(7616K), 0.0010504 secs] 20037K->13521K(24732K), 0.0011088 secs] [Times: user=0.01 sys=0.00, real=0.00 secs] 
62.711: [GC 62.711: [ParNew: 7002K->669K(7616K), 0.0012976 secs] 20048K->13714K(24732K), 0.0013764 secs] [Times: user=0.00 sys=0.00, real=0.00 secs] 
62.716: [GC 62.716: [ParNew: 7162K->669K(7616K), 0.0013339 secs] 20208K->13914K(24732K), 0.0013998 secs] [Times: user=0.00 sys=0.00, real=0.00 secs] 
62.721: [GC 62.722: [ParNew: 7187K->520K(7616K), 0.0013146 secs] 20432K->13936K(24732K), 0.0013889 secs] [Times: user=0.00 sys=0.00, real=0.00 secs] 
62.727: [GC 62.727: [ParNew: 7019K->728K(7616K), 0.0014137 secs] 20435K->14144K(24732K), 0.0014977 secs] [Times: user=0.00 sys=0.00, real=0.00 secs] 
62.734: [GC 62.734: [ParNew: 7255K->761K(7616K), 0.0012903 secs] 20671K->14477K(24732K), 0.0013704 secs] [Times: user=0.00 sys=0.00, real=0.00 secs] 
62.739: [GC 62.740: [ParNew: 7272K->961K(7616K), 0.0018066 secs] 20988K->15001K(24732K), 0.0019014 secs] [Times: user=0.00 sys=0.00, real=0.00 secs] 
62.745: [GC 62.746: [ParNew: 7451K->214K(7616K), 0.0014044 secs] 21492K->15019K(24732K), 0.0014761 secs] [Times: user=0.00 sys=0.00, real=0.00 secs] 
62.752: [GC 62.752: [ParNew: 6738K->386K(7616K), 0.0008615 secs] 21543K->15190K(24732K), 0.0009134 secs] [Times: user=0.00 sys=0.00, real=0.00 secs] 
62.758: [GC 62.758: [ParNew: 6897K->370K(7616K), 0.0009855 secs] 21701K->15175K(24732K), 0.0010412 secs] [Times: user=0.01 sys=0.00, real=0.01 secs] 
62.763: [GC 62.763: [ParNew: 6861K->799K(7616K), 0.0010913 secs] 21665K->15604K(24732K), 0.0011550 secs] [Times: user=0.00 sys=0.00, real=0.00 secs] 
62.769: [GC 62.769: [ParNew: 7320K->513K(7616K), 0.0011669 secs] 22124K->15610K(24732K), 0.0012298 secs] [Times: user=0.00 sys=0.00, real=0.00 secs] 
62.775: [GC 62.775: [ParNew: 7023K->900K(7616K), 0.0011870 secs] 22120K->15997K(24732K), 0.0013032 secs] [Times: user=0.00 sys=0.00, real=0.00 secs] 
62.780: [GC 62.780: [ParNew: 7395K->186K(7616K), 0.0013704 secs] 22492K->15966K(24732K), 0.0014476 secs] [Times: user=0.00 sys=0.00, real=0.00 secs] 
62.785: [GC 62.785: [ParNew: 6713K->644K(7616K), 0.0014744 secs] 22493K->16424K(24732K), 0.0015514 secs] [Times: user=0.00 sys=0.00, real=0.00 secs] 
62.791: [GC 62.791: [ParNew: 7129K->658K(7616K), 0.0013358 secs] 22910K->16569K(24732K), 0.0014018 secs] [Times: user=0.00 sys=0.00, real=0.00 secs] 
62.797: [GC 62.797: [ParNew: 7175K->365K(7616K), 0.0012751 secs] 23086K->16740K(24732K), 0.0013465 secs] [Times: user=0.00 sys=0.00, real=0.00 secs] 
62.802: [GC 62.802: [ParNew: 6883K->537K(7616K), 0.0010230 secs] 23258K->16912K(24732K), 0.0010824 secs] [Times: user=0.01 sys=0.00, real=0.00 secs] 
62.807: [GC 62.807: [ParNew: 7047K->601K(7616K), 0.0013427 secs] 23422K->16976K(24732K), 0.0014076 secs] [Times: user=0.00 sys=0.00, real=0.01 secs] 
62.813: [GC 62.813: [ParNew: 7038K->477K(7616K), 0.0010007 secs] 23413K->16922K(24732K), 0.0010609 secs] [Times: user=0.00 sys=0.00, real=0.00 secs] 
62.818: [GC 62.818: [ParNew: 6967K->859K(7616K), 0.0013799 secs] 23412K->17303K(24732K), 0.0014481 secs] [Times: user=0.00 sys=0.00, real=0.01 secs] 
62.824: [GC 62.825: [ParNew: 7340K->556K(7616K), 0.0012558 secs] 23784K->17356K(24732K), 0.0013434 secs] [Times: user=0.00 sys=0.00, real=0.00 secs] 
62.831: [GC 62.831: [ParNew: 7069K->1050K(7616K), 0.0016144 secs] 23869K->18128K(24732K), 0.0017131 secs] [Times: user=0.00 sys=0.00, real=0.00 secs] 
62.837: [GC 62.837: [ParNew: 7531K->531K(7616K), 0.0024618 secs]62.840: [Tenured: 17859K->8305K(17884K), 0.0735069 secs] 24609K->8305K(25500K), [Perm : 10712K->10712K(21248K)], 0.0765166 secs] [Times: user=0.07 sys=0.01, real=0.08 secs] 
62.918: [GC 62.918: [ParNew: 6508K->768K(7616K), 0.0012566 secs] 14814K->9073K(24732K), 0.0013273 secs] [Times: user=0.00 sys=0.00, real=0.01 secs] 
62.923: [GC 62.924: [ParNew: 7242K->299K(7616K), 0.0013236 secs] 15547K->9248K(24732K), 0.0013966 secs] [Times: user=0.01 sys=0.00, real=0.00 secs] 
62.930: [GC 62.930: [ParNew: 6821K->536K(7616K), 0.0011522 secs] 15770K->9485K(24732K), 0.0012263 secs] [Times: user=0.01 sys=0.00, real=0.00 secs] 
62.937: [GC 62.937: [ParNew: 6911K->456K(7616K), 0.0008971 secs] 15860K->9405K(24732K), 0.0009677 secs] [Times: user=0.00 sys=0.00, real=0.00 secs] 
62.942: [GC 62.943: [ParNew: 6960K->871K(7616K), 0.0013757 secs] 15909K->9820K(24732K), 0.0014514 secs] [Times: user=0.00 sys=0.00, real=0.00 secs] 
62.948: [GC 62.948: [ParNew: 7380K->140K(7616K), 0.0011577 secs] 16329K->9604K(24732K), 0.0012187 secs] [Times: user=0.00 sys=0.00, real=0.01 secs] 
62.958: [GC 62.958: [ParNew: 6644K->190K(7616K), 0.0007947 secs] 16108K->9654K(24732K), 0.0008664 secs] [Times: user=0.00 sys=0.00, real=0.00 secs] 
62.964: [GC 62.964: [ParNew: 6679K->437K(7616K), 0.0008010 secs] 16143K->9901K(24732K), 0.0008503 secs] [Times: user=0.00 sys=0.00, real=0.00 secs] 
62.970: [GC 62.970: [ParNew: 6965K->699K(7616K), 0.0010096 secs] 16429K->10163K(24732K), 0.0010963 secs] [Times: user=0.01 sys=0.00, real=0.00 secs] 
62.975: [GC 62.975: [ParNew: 7170K->471K(7616K), 0.0011308 secs] 16634K->10222K(24732K), 0.0011996 secs] [Times: user=0.00 sys=0.00, real=0.00 secs] 
62.981: [GC 62.981: [ParNew: 6966K->801K(7616K), 0.0010396 secs] 16717K->10552K(24732K), 0.0011011 secs] [Times: user=0.00 sys=0.00, real=0.00 secs] 
62.987: [GC 62.987: [ParNew: 7320K->522K(7616K), 0.0026044 secs] 17071K->11013K(24732K), 0.0027046 secs] [Times: user=0.00 sys=0.00, real=0.01 secs] 
62.993: [GC 62.994: [ParNew: 7006K->512K(7616K), 0.0009358 secs] 17497K->11003K(24732K), 0.0009953 secs] [Times: user=0.00 sys=0.00, real=0.00 secs] 
62.999: [GC 62.999: [ParNew: 7013K->517K(7616K), 0.0009705 secs] 17504K->11008K(24732K), 0.0010278 secs] [Times: user=0.00 sys=0.00, real=0.01 secs] 
63.005: [GC 63.005: [ParNew: 7032K->706K(7616K), 0.0010345 secs] 17523K->11197K(24732K), 0.0011198 secs] [Times: user=0.00 sys=0.00, real=0.00 secs] 
63.011: [GC 63.011: [ParNew: 7219K->575K(7616K), 0.0012097 secs] 17710K->11292K(24732K), 0.0013602 secs] [Times: user=0.01 sys=0.00, real=0.00 secs] 
63.017: [GC 63.017: [ParNew: 7079K->687K(7616K), 0.0012219 secs] 17796K->11464K(24732K), 0.0012952 secs] [Times: user=0.01 sys=0.00, real=0.00 secs] 
63.024: [GC 63.024: [ParNew: 7195K->405K(7616K), 0.0011183 secs] 17971K->11473K(24732K), 0.0011865 secs] [Times: user=0.00 sys=0.00, real=0.00 secs] 
63.031: [GC 63.031: [ParNew: 6920K->651K(7616K), 0.0024055 secs] 17988K->11719K(24732K), 0.0025141 secs] [Times: user=0.00 sys=0.00, real=0.00 secs] 
63.040: [GC 63.040: [ParNew: 7179K->562K(7616K), 0.0018192 secs] 18247K->11791K(24732K), 0.0019041 secs] [Times: user=0.00 sys=0.00, real=0.00 secs] 
63.047: [GC 63.047: [ParNew: 7057K->322K(7616K), 0.0012972 secs] 18287K->11787K(24732K), 0.0013630 secs] [Times: user=0.00 sys=0.00, real=0.00 secs] 
63.058: [GC 63.059: [ParNew: 6850K->861K(7616K), 0.0012253 secs] 18315K->12326K(24732K), 0.0012893 secs] [Times: user=0.00 sys=0.00, real=0.01 secs] 
63.065: [GC 63.065: [ParNew: 7381K->585K(7616K), 0.0012494 secs] 18846K->12375K(24732K), 0.0013364 secs] [Times: user=0.00 sys=0.00, real=0.00 secs] 
63.072: [GC 63.072: [ParNew: 7064K->385K(7616K), 0.0011267 secs] 18853K->12450K(24732K), 0.0012039 secs] [Times: user=0.01 sys=0.00, real=0.00 secs] 
63.077: [GC 63.077: [ParNew: 6898K->852K(7616K), 0.0012179 secs] 18963K->12916K(24732K), 0.0012918 secs] [Times: user=0.01 sys=0.00, real=0.00 secs] 
63.084: [GC 63.084: [ParNew: 7365K->465K(7616K), 0.0019929 secs] 19430K->13220K(24732K), 0.0021044 secs] [Times: user=0.00 sys=0.00, real=0.00 secs] 
63.091: [GC 63.091: [ParNew: 6947K->537K(7616K), 0.0009937 secs] 19702K->13292K(24732K), 0.0010500 secs] [Times: user=0.00 sys=0.00, real=0.00 secs] 
63.097: [GC 63.097: [ParNew: 7059K->562K(7616K), 0.0015121 secs] 19814K->13317K(24732K), 0.0015670 secs] [Times: user=0.00 sys=0.00, real=0.00 secs] 
63.103: [GC 63.103: [ParNew: 7072K->795K(7616K), 0.0017878 secs] 19827K->13900K(24732K), 0.0018516 secs] [Times: user=0.00 sys=0.01, real=0.00 secs] 
63.109: [GC 63.109: [ParNew: 7310K->198K(7616K), 0.0011464 secs] 20415K->13781K(24732K), 0.0012095 secs] [Times: user=0.00 sys=0.00, real=0.01 secs] 
63.115: [GC 63.115: [ParNew: 6709K->408K(7616K), 0.0011878 secs] 20292K->13991K(24732K), 0.0013214 secs] [Times: user=0.00 sys=0.00, real=0.00 secs] 
63.124: [GC 63.124: [ParNew: 6936K->86K(7616K), 0.0007329 secs] 20519K->13669K(24732K), 0.0007802 secs] [Times: user=0.00 sys=0.00, real=0.00 secs] 
63.129: [GC 63.129: [ParNew: 6583K->544K(7616K), 0.0011713 secs] 20165K->14127K(24732K), 0.0012443 secs] [Times: user=0.00 sys=0.00, real=0.00 secs] 
63.135: [GC 63.135: [ParNew: 6985K->1078K(7616K), 0.0024605 secs] 20568K->14661K(24732K), 0.0025505 secs] [Times: user=0.01 sys=0.00, real=0.00 secs] 
63.143: [GC 63.143: [ParNew: 7593K->478K(7616K), 0.0015800 secs] 21175K->14914K(24732K), 0.0017197 secs] [Times: user=0.01 sys=0.00, real=0.00 secs] 
63.149: [GC 63.149: [ParNew: 6981K->789K(7616K), 0.0012100 secs] 21417K->15225K(24732K), 0.0012994 secs] [Times: user=0.01 sys=0.00, real=0.00 secs] 
63.154: [GC 63.154: [ParNew: 7266K->469K(7616K), 0.0014723 secs] 21702K->15514K(24732K), 0.0015619 secs] [Times: user=0.00 sys=0.00, real=0.00 secs] 
63.160: [GC 63.160: [ParNew: 6985K->647K(7616K), 0.0013409 secs] 22030K->15692K(24732K), 0.0014087 secs] [Times: user=0.00 sys=0.00, real=0.00 secs] 
63.165: [GC 63.165: [ParNew: 7134K->515K(7616K), 0.0012329 secs] 22178K->15793K(24732K), 0.0013016 secs] [Times: user=0.00 sys=0.00, real=0.00 secs] 
63.170: [GC 63.170: [ParNew: 7009K->520K(7616K), 0.0012650 secs] 22287K->15798K(24732K), 0.0013359 secs] [Times: user=0.00 sys=0.00, real=0.00 secs] 
63.176: [GC 63.176: [ParNew: 7048K->674K(7616K), 0.0011422 secs] 22326K->15952K(24732K), 0.0012110 secs] [Times: user=0.00 sys=0.00, real=0.00 secs] 
63.182: [GC 63.182: [ParNew: 7178K->647K(7616K), 0.0014657 secs] 22456K->16094K(24732K), 0.0015419 secs] [Times: user=0.00 sys=0.00, real=0.00 secs] 
63.189: [GC 63.189: [ParNew: 7163K->129K(7616K), 0.0007567 secs] 22610K->15876K(24732K), 0.0008044 secs] [Times: user=0.00 sys=0.00, real=0.01 secs] 
63.193: [GC 63.193: [ParNew: 6640K->470K(7616K), 0.0008912 secs] 22387K->16218K(24732K), 0.0009497 secs] [Times: user=0.00 sys=0.00, real=0.00 secs] 
63.198: [GC 63.198: [ParNew: 6995K->582K(7616K), 0.0011473 secs] 22742K->16330K(24732K), 0.0012142 secs] [Times: user=0.01 sys=0.01, real=0.01 secs] 
63.203: [GC 63.203: [ParNew: 7058K->298K(7616K), 0.0014816 secs] 22805K->16281K(24732K), 0.0015500 secs] [Times: user=0.00 sys=0.00, real=0.00 secs] 
63.209: [GC 63.209: [ParNew: 6814K->507K(7616K), 0.0011328 secs] 22796K->16489K(24732K), 0.0011893 secs] [Times: user=0.00 sys=0.00, real=0.00 secs] 
63.214: [GC 63.214: [ParNew: 7021K->823K(7616K), 0.0012360 secs] 23003K->16805K(24732K), 0.0013021 secs] [Times: user=0.00 sys=0.00, real=0.00 secs] 
63.220: [GC 63.220: [ParNew: 7324K->628K(7616K), 0.0013843 secs] 23307K->16941K(24732K), 0.0014550 secs] [Times: user=0.00 sys=0.00, real=0.00 secs] 
63.225: [GC 63.225: [ParNew: 7113K->338K(7616K), 0.0011445 secs] 23426K->16963K(24732K), 0.0012042 secs] [Times: user=0.00 sys=0.00, real=0.00 secs] 
63.230: [GC 63.231: [ParNew: 6849K->816K(7616K), 0.0014758 secs] 23475K->17442K(24732K), 0.0015527 secs] [Times: user=0.00 sys=0.00, real=0.00 secs] 
63.237: [GC 63.237: [ParNew: 7337K->97K(7616K), 0.0018068 secs] 23963K->17096K(24732K), 0.0019050 secs] [Times: user=0.01 sys=0.00, real=0.00 secs] 
63.247: [GC 63.247: [ParNew: 6567K->103K(7616K), 0.0007550 secs] 23567K->17103K(24732K), 0.0008073 secs] [Times: user=0.00 sys=0.00, real=0.00 secs] 
63.252: [GC 63.252: [ParNew: 6563K->110K(7616K), 0.0012178 secs] 23563K->17109K(24732K), 0.0012786 secs] [Times: user=0.00 sys=0.00, real=0.00 secs] 
63.257: [GC 63.258: [ParNew: 6635K->471K(7616K), 0.0010492 secs] 23634K->17470K(24732K), 0.0011236 secs] [Times: user=0.00 sys=0.00, real=0.01 secs] 
63.262: [GC 63.262: [ParNew: 6982K->311K(7616K), 0.0013034 secs] 23981K->17311K(24732K), 0.0013556 secs] [Times: user=0.00 sys=0.00, real=0.00 secs] 
63.268: [GC 63.268: [ParNew: 6785K->579K(7616K), 0.0015492 secs] 23785K->17579K(24732K), 0.0016100 secs] [Times: user=0.00 sys=0.00, real=0.01 secs] 
63.273: [GC 63.273: [ParNew: 7059K->429K(7616K), 0.0012164 secs]63.275: [Tenured: 17217K->8167K(17308K), 0.0717931 secs] 24058K->8167K(24924K), [Perm : 10712K->10712K(21248K)], 0.0732470 secs] [Times: user=0.07 sys=0.00, real=0.07 secs] 
63.351: [GC 63.351: [ParNew: 6528K->301K(7616K), 0.0007447 secs] 14695K->8469K(24732K), 0.0007957 secs] [Times: user=0.00 sys=0.00, real=0.00 secs] 
63.361: [GC 63.361: [ParNew: 6829K->467K(7616K), 0.0007623 secs] 14997K->8635K(24732K), 0.0008403 secs] [Times: user=0.00 sys=0.00, real=0.00 secs] 
63.366: [GC 63.367: [ParNew: 6868K->322K(7616K), 0.0007934 secs] 15036K->8490K(24732K), 0.0008836 secs] [Times: user=0.00 sys=0.00, real=0.00 secs] 
63.372: [GC 63.372: [ParNew: 6850K->408K(7616K), 0.0008692 secs] 15018K->8576K(24732K), 0.0009216 secs] [Times: user=0.01 sys=0.00, real=0.00 secs] 
63.382: [GC 63.382: [ParNew: 6936K->452K(7616K), 0.0009814 secs] 15104K->8620K(24732K), 0.0010407 secs] [Times: user=0.00 sys=0.00, real=0.00 secs] 
63.389: [GC 63.389: [ParNew: 6956K->488K(7616K), 0.0009424 secs] 15124K->8656K(24732K), 0.0010134 secs] [Times: user=0.00 sys=0.00, real=0.00 secs] 
63.394: [GC 63.394: [ParNew: 6978K->435K(7616K), 0.0013368 secs] 15146K->8603K(24732K), 0.0014073 secs] [Times: user=0.00 sys=0.00, real=0.00 secs] 
63.399: [GC 63.399: [ParNew: 6951K->431K(7616K), 0.0009993 secs] 15119K->8599K(24732K), 0.0010643 secs] [Times: user=0.00 sys=0.00, real=0.00 secs] 
63.406: [GC 63.406: [ParNew: 6959K->497K(7616K), 0.0008787 secs] 15127K->8665K(24732K), 0.0009317 secs] [Times: user=0.00 sys=0.00, real=0.00 secs] 
63.411: [GC 63.411: [ParNew: 7014K->692K(7616K), 0.0013295 secs] 15182K->8860K(24732K), 0.0013944 secs] [Times: user=0.01 sys=0.00, real=0.00 secs] 
63.417: [GC 63.417: [ParNew: 7206K->652K(7616K), 0.0012297 secs] 15374K->9007K(24732K), 0.0012919 secs] [Times: user=0.01 sys=0.00, real=0.00 secs] 
63.422: [GC 63.422: [ParNew: 7148K->473K(7616K), 0.0010724 secs] 15503K->8953K(24732K), 0.0012067 secs] [Times: user=0.00 sys=0.00, real=0.00 secs] 
63.427: [GC 63.427: [ParNew: 6997K->371K(7616K), 0.0008550 secs] 15476K->8850K(24732K), 0.0009163 secs] [Times: user=0.00 sys=0.00, real=0.00 secs] 
63.432: [GC 63.432: [ParNew: 6891K->646K(7616K), 0.0010827 secs] 15370K->9126K(24732K), 0.0011460 secs] [Times: user=0.00 sys=0.00, real=0.00 secs] 
63.437: [GC 63.438: [ParNew: 7158K->1050K(7616K), 0.0022268 secs] 15637K->9638K(24732K), 0.0023024 secs] [Times: user=0.00 sys=0.00, real=0.01 secs] 
63.444: [GC 63.444: [ParNew: 7545K->272K(7616K), 0.0018762 secs] 16133K->9774K(24732K), 0.0019651 secs] [Times: user=0.00 sys=0.00, real=0.00 secs] 
63.450: [GC 63.450: [ParNew: 6744K->705K(7616K), 0.0012297 secs] 16247K->10207K(24732K), 0.0012947 secs] [Times: user=0.00 sys=0.00, real=0.00 secs] 
63.455: [GC 63.455: [ParNew: 7158K->465K(7616K), 0.0014618 secs] 16660K->10530K(24732K), 0.0015293 secs] [Times: user=0.01 sys=0.00, real=0.00 secs] 
63.461: [GC 63.461: [ParNew: 6893K->734K(7616K), 0.0015612 secs] 16958K->10799K(24732K), 0.0016842 secs] [Times: user=0.01 sys=0.01, real=0.00 secs] 
63.468: [GC 63.468: [ParNew: 7232K->625K(7616K), 0.0013194 secs] 17298K->11017K(24732K), 0.0014117 secs] [Times: user=0.00 sys=0.00, real=0.01 secs] 
63.473: [GC 63.473: [ParNew: 7139K->495K(7616K), 0.0012960 secs] 17531K->10955K(24732K), 0.0013641 secs] [Times: user=0.00 sys=0.00, real=0.00 secs] 
63.478: [GC 63.478: [ParNew: 6990K->1009K(7616K), 0.0016955 secs] 17450K->11613K(24732K), 0.0017674 secs] [Times: user=0.00 sys=0.00, real=0.01 secs] 
63.484: [GC 63.484: [ParNew: 7495K->521K(7616K), 0.0020772 secs] 18099K->11597K(24732K), 0.0021481 secs] [Times: user=0.00 sys=0.00, real=0.00 secs] 
63.490: [GC 63.490: [ParNew: 7036K->719K(7616K), 0.0013002 secs] 18112K->11796K(24732K), 0.0013704 secs] [Times: user=0.00 sys=0.00, real=0.00 secs] 
63.496: [GC 63.496: [ParNew: 7219K->512K(7616K), 0.0015570 secs] 18295K->11887K(24732K), 0.0016274 secs] [Times: user=0.00 sys=0.00, real=0.00 secs] 
63.503: [GC 63.503: [ParNew: 7032K->714K(7616K), 0.0010758 secs] 18407K->12089K(24732K), 0.0011508 secs] [Times: user=0.00 sys=0.00, real=0.00 secs] 
63.508: [GC 63.508: [ParNew: 7210K->821K(7616K), 0.0016251 secs] 18584K->12427K(24732K), 0.0016967 secs] [Times: user=0.01 sys=0.00, real=0.01 secs] 
63.514: [GC 63.514: [ParNew: 7298K->586K(7616K), 0.0014753 secs] 18904K->12285K(24732K), 0.0015419 secs] [Times: user=0.00 sys=0.00, real=0.00 secs] 
63.519: [GC 63.519: [ParNew: 7104K->198K(7616K), 0.0011198 secs] 18804K->12122K(24732K), 0.0011787 secs] [Times: user=0.00 sys=0.00, real=0.00 secs] 
63.524: [GC 63.524: [ParNew: 6684K->234K(7616K), 0.0007485 secs] 18607K->12158K(24732K), 0.0008129 secs] [Times: user=0.00 sys=0.00, real=0.00 secs] 
63.529: [GC 63.529: [ParNew: 6754K->516K(7616K), 0.0009539 secs] 18677K->12439K(24732K), 0.0010088 secs] [Times: user=0.00 sys=0.00, real=0.00 secs] 
63.535: [GC 63.535: [ParNew: 7018K->478K(7616K), 0.0008391 secs] 18941K->12401K(24732K), 0.0009081 secs] [Times: user=0.00 sys=0.00, real=0.00 secs] 
63.540: [GC 63.540: [ParNew: 6990K->600K(7616K), 0.0017586 secs] 18913K->12523K(24732K), 0.0018315 secs] [Times: user=0.01 sys=0.00, real=0.00 secs] 
63.547: [GC 63.547: [ParNew: 7123K->571K(7616K), 0.0010398 secs] 19046K->12561K(24732K), 0.0011083 secs] [Times: user=0.00 sys=0.00, real=0.00 secs] 
63.552: [GC 63.552: [ParNew: 7095K->458K(7616K), 0.0010434 secs] 19085K->12530K(24732K), 0.0011018 secs] [Times: user=0.00 sys=0.00, real=0.00 secs] 
63.558: [GC 63.558: [ParNew: 6966K->471K(7616K), 0.0008732 secs] 19038K->12544K(24732K), 0.0009288 secs] [Times: user=0.00 sys=0.01, real=0.01 secs] 
63.563: [GC 63.563: [ParNew: 6996K->721K(7616K), 0.0011049 secs] 19069K->12794K(24732K), 0.0011840 secs] [Times: user=0.00 sys=0.00, real=0.00 secs] 
63.571: [GC 63.571: [ParNew: 7236K->534K(7616K), 0.0011997 secs] 19309K->12824K(24732K), 0.0012723 secs] [Times: user=0.00 sys=0.00, real=0.00 secs] 
63.578: [GC 63.578: [ParNew: 7062K->541K(7616K), 0.0014895 secs] 19352K->12830K(24732K), 0.0015613 secs] [Times: user=0.00 sys=0.00, real=0.01 secs] 
63.583: [GC 63.583: [ParNew: 7061K->615K(7616K), 0.0011650 secs] 19350K->12904K(24732K), 0.0012335 secs] [Times: user=0.00 sys=0.00, real=0.00 secs] 
63.589: [GC 63.589: [ParNew: 7141K->515K(7616K), 0.0013410 secs] 19430K->12860K(24732K), 0.0014032 secs] [Times: user=0.00 sys=0.00, real=0.00 secs] 
63.594: [GC 63.594: [ParNew: 7026K->573K(7616K), 0.0012196 secs] 19371K->12918K(24732K), 0.0012846 secs] [Times: user=0.01 sys=0.00, real=0.00 secs] 
63.601: [GC 63.601: [ParNew: 7098K->796K(7616K), 0.0014055 secs] 19443K->13417K(24732K), 0.0014769 secs] [Times: user=0.01 sys=0.00, real=0.00 secs] 
63.607: [GC 63.607: [ParNew: 7321K->114K(7616K), 0.0013049 secs] 19941K->13441K(24732K), 0.0013665 secs] [Times: user=0.00 sys=0.00, real=0.00 secs] 
63.612: [GC 63.612: [ParNew: 6618K->193K(7616K), 0.0010013 secs] 19946K->13520K(24732K), 0.0010560 secs] [Times: user=0.00 sys=0.00, real=0.00 secs] 
63.617: [GC 63.617: [ParNew: 6692K->921K(7616K), 0.0012399 secs] 20019K->14249K(24732K), 0.0013175 secs] [Times: user=0.00 sys=0.00, real=0.01 secs] 
63.624: [GC 63.624: [ParNew: 7392K->873K(7616K), 0.0022216 secs] 20719K->15043K(24732K), 0.0022964 secs] [Times: user=0.00 sys=0.00, real=0.00 secs] 
63.631: [GC 63.631: [ParNew: 7366K->448K(7616K), 0.0014275 secs] 21536K->15379K(24732K), 0.0015132 secs] [Times: user=0.00 sys=0.00, real=0.00 secs] 
63.637: [GC 63.637: [ParNew: 6924K->772K(7616K), 0.0015519 secs] 21856K->15703K(24732K), 0.0016345 secs] [Times: user=0.00 sys=0.00, real=0.00 secs] 
63.644: [GC 63.644: [ParNew: 7270K->447K(7616K), 0.0012135 secs] 22202K->15627K(24732K), 0.0013003 secs] [Times: user=0.00 sys=0.00, real=0.00 secs] 
63.650: [GC 63.650: [ParNew: 6974K->644K(7616K), 0.0012297 secs] 22154K->15824K(24732K), 0.0013010 secs] [Times: user=0.01 sys=0.00, real=0.00 secs] 
63.656: [GC 63.656: [ParNew: 7120K->690K(7616K), 0.0012544 secs] 22300K->16138K(24732K), 0.0013268 secs] [Times: user=0.01 sys=0.00, real=0.00 secs] 
63.661: [GC 63.661: [ParNew: 7211K->462K(7616K), 0.0012101 secs] 22659K->16140K(24732K), 0.0012739 secs] [Times: user=0.00 sys=0.00, real=0.00 secs] 
63.668: [GC 63.668: [ParNew: 6983K->836K(7616K), 0.0012089 secs] 22661K->16514K(24732K), 0.0012879 secs] [Times: user=0.00 sys=0.00, real=0.01 secs] 
63.673: [GC 63.673: [ParNew: 7357K->870K(7616K), 0.0015869 secs] 23034K->16852K(24732K), 0.0016580 secs] [Times: user=0.00 sys=0.00, real=0.00 secs] 
63.679: [GC 63.679: [ParNew: 7365K->655K(7616K), 0.0013059 secs] 23347K->16932K(24732K), 0.0013784 secs] [Times: user=0.00 sys=0.00, real=0.00 secs] 
63.686: [GC 63.686: [ParNew: 7150K->482K(7616K), 0.0012168 secs] 23427K->16924K(24732K), 0.0013057 secs] [Times: user=0.00 sys=0.00, real=0.00 secs] 
63.691: [GC 63.691: [ParNew: 7008K->613K(7616K), 0.0011871 secs] 23450K->17056K(24732K), 0.0012473 secs] [Times: user=0.00 sys=0.00, real=0.00 secs] 
63.697: [GC 63.697: [ParNew: 7118K->696K(7616K), 0.0012652 secs] 23560K->17206K(24732K), 0.0013310 secs] [Times: user=0.00 sys=0.00, real=0.00 secs] 
63.702: [GC 63.702: [ParNew: 7194K->591K(7616K), 0.0014092 secs] 23704K->17400K(24732K), 0.0014881 secs] [Times: user=0.01 sys=0.00, real=0.00 secs] 
63.709: [GC 63.709: [ParNew: 7107K->357K(7616K), 0.0009837 secs] 23916K->17263K(24732K), 0.0010566 secs] [Times: user=0.00 sys=0.00, real=0.00 secs] 
63.714: [GC 63.714: [ParNew: 6873K->834K(7616K), 0.0012173 secs] 23779K->17740K(24732K), 0.0012798 secs] [Times: user=0.00 sys=0.00, real=0.00 secs] 
63.720: [GC 63.721: [ParNew: 7313K->262K(7616K), 0.0011758 secs]63.722: [Tenured: 17380K->9007K(17500K), 0.0725208 secs] 24219K->9007K(25116K), [Perm : 10712K->10712K(21248K)], 0.0740436 secs] [Times: user=0.07 sys=0.00, real=0.07 secs] 
63.800: [GC 63.800: [ParNew: 6474K->359K(7616K), 0.0007785 secs] 15481K->9366K(24732K), 0.0008914 secs] [Times: user=0.00 sys=0.00, real=0.00 secs] 
63.805: [GC 63.805: [ParNew: 6845K->421K(7616K), 0.0013856 secs] 15852K->9428K(24732K), 0.0014682 secs] [Times: user=0.00 sys=0.00, real=0.00 secs] 
63.811: [GC 63.811: [ParNew: 6922K->565K(7616K), 0.0010922 secs] 15929K->9572K(24732K), 0.0012236 secs] [Times: user=0.01 sys=0.00, real=0.00 secs] 
63.817: [GC 63.818: [ParNew: 7071K->454K(7616K), 0.0009077 secs] 16078K->9622K(24732K), 0.0009658 secs] [Times: user=0.00 sys=0.00, real=0.00 secs] 
63.823: [GC 63.823: [ParNew: 6936K->1032K(7616K), 0.0013485 secs] 16104K->10265K(24732K), 0.0014216 secs] [Times: user=0.00 sys=0.00, real=0.00 secs] 
63.828: [GC 63.829: [ParNew: 7555K->369K(7616K), 0.0015197 secs] 16789K->10397K(24732K), 0.0015991 secs] [Times: user=0.00 sys=0.00, real=0.01 secs] 
63.834: [GC 63.835: [ParNew: 6842K->676K(7616K), 0.0009458 secs] 16870K->10704K(24732K), 0.0010040 secs] [Times: user=0.00 sys=0.00, real=0.00 secs] 
63.840: [GC 63.840: [ParNew: 7168K->908K(7616K), 0.0013464 secs] 17195K->11139K(24732K), 0.0014143 secs] [Times: user=0.00 sys=0.00, real=0.00 secs] 
63.847: [GC 63.847: [ParNew: 7384K->678K(7616K), 0.0022593 secs] 17615K->11336K(24732K), 0.0023409 secs] [Times: user=0.00 sys=0.00, real=0.01 secs] 
63.853: [GC 63.853: [ParNew: 7145K->958K(7616K), 0.0016916 secs] 17803K->12042K(24732K), 0.0017705 secs] [Times: user=0.00 sys=0.00, real=0.00 secs] 
63.861: [GC 63.861: [ParNew: 7465K->470K(7616K), 0.0013504 secs] 18550K->12051K(24732K), 0.0014451 secs] [Times: user=0.00 sys=0.00, real=0.00 secs] 
63.870: [GC 63.870: [ParNew: 6959K->550K(7616K), 0.0011906 secs] 18540K->12131K(24732K), 0.0012551 secs] [Times: user=0.00 sys=0.00, real=0.00 secs] 
63.876: [GC 63.876: [ParNew: 7015K->467K(7616K), 0.0010357 secs] 18596K->12136K(24732K), 0.0010985 secs] [Times: user=0.00 sys=0.00, real=0.00 secs] 
63.884: [GC 63.884: [ParNew: 6995K->394K(7616K), 0.0013294 secs] 18664K->12064K(24732K), 0.0013981 secs] [Times: user=0.00 sys=0.00, real=0.00 secs] 
63.893: [GC 63.893: [ParNew: 6922K->452K(7616K), 0.0011039 secs] 18592K->12122K(24732K), 0.0011673 secs] [Times: user=0.01 sys=0.00, real=0.00 secs] 
63.899: [GC 63.900: [ParNew: 6973K->1061K(7616K), 0.0014931 secs] 18643K->12731K(24732K), 0.0015799 secs] [Times: user=0.01 sys=0.00, real=0.00 secs] 
63.907: [GC 63.907: [ParNew: 7589K->110K(7616K), 0.0013758 secs] 19258K->12606K(24732K), 0.0015002 secs] [Times: user=0.01 sys=0.00, real=0.00 secs] 
63.912: [GC 63.912: [ParNew: 6598K->259K(7616K), 0.0007554 secs] 19093K->12754K(24732K), 0.0008019 secs] [Times: user=0.01 sys=0.00, real=0.00 secs] 
63.918: [GC 63.918: [ParNew: 6784K->442K(7616K), 0.0009255 secs] 19280K->12937K(24732K), 0.0009903 secs] [Times: user=0.00 sys=0.00, real=0.00 secs] 
63.926: [GC 63.926: [ParNew: 6970K->791K(7616K), 0.0016524 secs] 19465K->13286K(24732K), 0.0017286 secs] [Times: user=0.00 sys=0.00, real=0.00 secs] 
63.932: [GC 63.932: [ParNew: 7301K->328K(7616K), 0.0015025 secs] 19796K->13552K(24732K), 0.0015755 secs] [Times: user=0.00 sys=0.00, real=0.00 secs] 
63.937: [GC 63.937: [ParNew: 6842K->517K(7616K), 0.0017200 secs] 20066K->13740K(24732K), 0.0017966 secs] [Times: user=0.00 sys=0.00, real=0.01 secs] 
63.943: [GC 63.943: [ParNew: 7018K->454K(7616K), 0.0009884 secs] 20241K->13678K(24732K), 0.0010503 secs] [Times: user=0.00 sys=0.00, real=0.00 secs] 
63.948: [GC 63.948: [ParNew: 6973K->1029K(7616K), 0.0019406 secs] 20197K->14252K(24732K), 0.0020454 secs] [Times: user=0.00 sys=0.00, real=0.01 secs] 
63.954: [GC 63.954: [ParNew: 7553K->311K(7616K), 0.0016667 secs] 20777K->14375K(24732K), 0.0017528 secs] [Times: user=0.00 sys=0.00, real=0.00 secs] 
63.961: [GC 63.961: [ParNew: 6818K->538K(7616K), 0.0013489 secs] 20882K->14602K(24732K), 0.0014135 secs] [Times: user=0.01 sys=0.00, real=0.00 secs] 
63.966: [GC 63.966: [ParNew: 7019K->540K(7616K), 0.0010557 secs] 21084K->14605K(24732K), 0.0011273 secs] [Times: user=0.00 sys=0.00, real=0.00 secs] 
63.976: [GC 63.977: [ParNew: 7068K->539K(7616K), 0.0009489 secs] 21133K->14604K(24732K), 0.0010035 secs] [Times: user=0.00 sys=0.00, real=0.00 secs] 
63.981: [GC 63.981: [ParNew: 7059K->547K(7616K), 0.0010606 secs] 21123K->14612K(24732K), 0.0011189 secs] [Times: user=0.00 sys=0.00, real=0.00 secs] 
63.987: [GC 63.987: [ParNew: 7075K->887K(7616K), 0.0013028 secs] 21140K->15090K(24732K), 0.0013724 secs] [Times: user=0.00 sys=0.00, real=0.01 secs] 
63.993: [GC 63.993: [ParNew: 7407K->629K(7616K), 0.0013626 secs] 21610K->15117K(24732K), 0.0014365 secs] [Times: user=0.00 sys=0.00, real=0.00 secs] 
64.000: [GC 64.000: [ParNew: 7147K->318K(7616K), 0.0009865 secs] 21635K->15159K(24732K), 0.0010484 secs] [Times: user=0.00 sys=0.00, real=0.00 secs] 
64.005: [GC 64.006: [ParNew: 6826K->310K(7616K), 0.0010390 secs] 21668K->15151K(24732K), 0.0011071 secs] [Times: user=0.00 sys=0.00, real=0.00 secs] 
64.010: [GC 64.010: [ParNew: 6762K->250K(7616K), 0.0007725 secs] 21603K->15091K(24732K), 0.0008215 secs] [Times: user=0.01 sys=0.00, real=0.00 secs] 
64.015: [GC 64.015: [ParNew: 6696K->334K(7616K), 0.0008558 secs] 21537K->15175K(24732K), 0.0009092 secs] [Times: user=0.00 sys=0.00, real=0.00 secs] 
64.020: [GC 64.020: [ParNew: 6846K->722K(7616K), 0.0011534 secs] 21687K->15563K(24732K), 0.0012157 secs] [Times: user=0.00 sys=0.01, real=0.00 secs] 
64.026: [GC 64.026: [ParNew: 7241K->370K(7616K), 0.0013522 secs] 22082K->15691K(24732K), 0.0014294 secs] [Times: user=0.00 sys=0.00, real=0.00 secs] 
64.032: [GC 64.032: [ParNew: 6898K->666K(7616K), 0.0013347 secs] 22219K->15987K(24732K), 0.0014009 secs] [Times: user=0.00 sys=0.00, real=0.00 secs] 
64.037: [GC 64.037: [ParNew: 7180K->379K(7616K), 0.0018722 secs] 22501K->16011K(24732K), 0.0019556 secs] [Times: user=0.00 sys=0.00, real=0.01 secs] 
64.043: [GC 64.043: [ParNew: 6862K->822K(7616K), 0.0012637 secs] 22495K->16454K(24732K), 0.0013313 secs] [Times: user=0.00 sys=0.00, real=0.00 secs] 
64.049: [GC 64.049: [ParNew: 7336K->777K(7616K), 0.0016033 secs] 22968K->16727K(24732K), 0.0016986 secs] [Times: user=0.00 sys=0.00, real=0.00 secs] 
64.057: [GC 64.057: [ParNew: 7241K->718K(7616K), 0.0012764 secs] 23191K->17062K(24732K), 0.0013600 secs] [Times: user=0.01 sys=0.00, real=0.00 secs] 
64.063: [GC 64.063: [ParNew: 7229K->780K(7616K), 0.0012920 secs] 23573K->17316K(24732K), 0.0013628 secs] [Times: user=0.01 sys=0.00, real=0.00 secs] 
64.069: [GC 64.069: [ParNew: 7300K->424K(7616K), 0.0011784 secs] 23836K->17385K(24732K), 0.0012426 secs] [Times: user=0.01 sys=0.00, real=0.01 secs] 
64.075: [GC 64.075: [ParNew: 6842K->430K(7616K), 0.0011849 secs] 23803K->17392K(24732K), 0.0012540 secs] [Times: user=0.01 sys=0.00, real=0.00 secs] 
64.083: [GC 64.083: [ParNew: 6950K->1062K(7616K), 0.0023032 secs]64.086: [Tenured: 17278K->8899K(17308K), 0.0720217 secs] 23912K->8899K(24924K), [Perm : 10712K->10712K(21248K)], 0.0745848 secs] [Times: user=0.08 sys=0.00, real=0.07 secs] 
64.162: [GC 64.162: [ParNew: 6522K->392K(7616K), 0.0011574 secs] 15421K->9291K(24732K), 0.0012101 secs] [Times: user=0.00 sys=0.00, real=0.00 secs] 
64.169: [GC 64.169: [ParNew: 6856K->465K(7616K), 0.0008286 secs] 15755K->9364K(24732K), 0.0008845 secs] [Times: user=0.00 sys=0.00, real=0.00 secs] 
64.174: [GC 64.174: [ParNew: 6924K->700K(7616K), 0.0011111 secs] 15823K->9599K(24732K), 0.0011761 secs] [Times: user=0.00 sys=0.01, real=0.00 secs] 
64.183: [GC 64.183: [ParNew: 7228K->448K(7616K), 0.0013270 secs] 16127K->9539K(24732K), 0.0013959 secs] [Times: user=0.00 sys=0.00, real=0.00 secs] 
64.189: [GC 64.189: [ParNew: 6887K->454K(7616K), 0.0007883 secs] 15979K->9545K(24732K), 0.0008410 secs] [Times: user=0.00 sys=0.00, real=0.00 secs] 
64.195: [GC 64.195: [ParNew: 6869K->460K(7616K), 0.0010107 secs] 15961K->9552K(24732K), 0.0011016 secs] [Times: user=0.00 sys=0.00, real=0.00 secs] 
64.201: [GC 64.201: [ParNew: 6956K->391K(7616K), 0.0007723 secs] 16047K->9483K(24732K), 0.0008290 secs] [Times: user=0.00 sys=0.00, real=0.00 secs] 
64.207: [GC 64.207: [ParNew: 6903K->469K(7616K), 0.0008518 secs] 15994K->9560K(24732K), 0.0009053 secs] [Times: user=0.00 sys=0.00, real=0.00 secs] 
64.212: [GC 64.212: [ParNew: 6997K->481K(7616K), 0.0009110 secs] 16088K->9572K(24732K), 0.0009706 secs] [Times: user=0.01 sys=0.00, real=0.00 secs] 
64.218: [GC 64.218: [ParNew: 7000K->750K(7616K), 0.0010477 secs] 16092K->9842K(24732K), 0.0011073 secs] [Times: user=0.00 sys=0.00, real=0.01 secs] 
64.223: [GC 64.223: [ParNew: 7276K->796K(7616K), 0.0015495 secs] 16368K->10128K(24732K), 0.0016735 secs] [Times: user=0.00 sys=0.00, real=0.00 secs] 
64.229: [GC 64.229: [ParNew: 7324K->873K(7616K), 0.0013545 secs] 16656K->10475K(24732K), 0.0014241 secs] [Times: user=0.00 sys=0.00, real=0.00 secs] 
64.235: [GC 64.235: [ParNew: 7397K->46K(7616K), 0.0014803 secs] 17000K->10494K(24732K), 0.0015628 secs] [Times: user=0.00 sys=0.00, real=0.00 secs] 
64.242: [GC 64.242: [ParNew: 6550K->446K(7616K), 0.0009115 secs] 16998K->10894K(24732K), 0.0009645 secs] [Times: user=0.00 sys=0.00, real=0.00 secs] 
64.247: [GC 64.247: [ParNew: 6973K->691K(7616K), 0.0014406 secs] 17421K->11139K(24732K), 0.0015219 secs] [Times: user=0.00 sys=0.00, real=0.01 secs] 
64.253: [GC 64.253: [ParNew: 7173K->467K(7616K), 0.0010064 secs] 17621K->11016K(24732K), 0.0010765 secs] [Times: user=0.00 sys=0.00, real=0.00 secs] 
64.260: [GC 64.260: [ParNew: 6992K->421K(7616K), 0.0008773 secs] 17541K->10970K(24732K), 0.0009475 secs] [Times: user=0.00 sys=0.00, real=0.00 secs] 
64.266: [GC 64.266: [ParNew: 6947K->412K(7616K), 0.0010030 secs] 17495K->10961K(24732K), 0.0010909 secs] [Times: user=0.01 sys=0.00, real=0.00 secs] 
64.272: [GC 64.272: [ParNew: 6815K->673K(7616K), 0.0011111 secs] 17364K->11222K(24732K), 0.0011708 secs] [Times: user=0.00 sys=0.00, real=0.00 secs] 
64.278: [GC 64.278: [ParNew: 7176K->841K(7616K), 0.0014071 secs] 17725K->11523K(24732K), 0.0014772 secs] [Times: user=0.00 sys=0.00, real=0.01 secs] 
64.284: [GC 64.284: [ParNew: 7300K->1025K(7616K), 0.0016729 secs] 17982K->12158K(24732K), 0.0017714 secs] [Times: user=0.00 sys=0.00, real=0.00 secs] 
64.290: [GC 64.290: [ParNew: 7515K->101K(7616K), 0.0015909 secs] 18648K->12121K(24732K), 0.0016652 secs] [Times: user=0.00 sys=0.00, real=0.00 secs] 
64.296: [GC 64.296: [ParNew: 6568K->249K(7616K), 0.0007123 secs] 18588K->12269K(24732K), 0.0007605 secs] [Times: user=0.00 sys=0.00, real=0.00 secs] 
64.302: [GC 64.302: [ParNew: 6773K->550K(7616K), 0.0010722 secs] 18792K->12570K(24732K), 0.0011393 secs] [Times: user=0.00 sys=0.00, real=0.00 secs] 
64.308: [GC 64.309: [ParNew: 7062K->790K(7616K), 0.0014125 secs] 19082K->12834K(24732K), 0.0014930 secs] [Times: user=0.00 sys=0.00, real=0.01 secs] 
64.314: [GC 64.314: [ParNew: 7183K->363K(7616K), 0.0011342 secs] 19227K->12606K(24732K), 0.0012535 secs] [Times: user=0.01 sys=0.00, real=0.00 secs] 
64.319: [GC 64.319: [ParNew: 6863K->434K(7616K), 0.0009456 secs] 19105K->12677K(24732K), 0.0010074 secs] [Times: user=0.00 sys=0.00, real=0.00 secs] 
64.325: [GC 64.325: [ParNew: 6940K->605K(7616K), 0.0008602 secs] 19182K->12847K(24732K), 0.0009409 secs] [Times: user=0.00 sys=0.00, real=0.00 secs] 
64.330: [GC 64.331: [ParNew: 7127K->359K(7616K), 0.0009540 secs] 19369K->12717K(24732K), 0.0010112 secs] [Times: user=0.00 sys=0.00, real=0.00 secs] 
64.338: [GC 64.338: [ParNew: 6873K->522K(7616K), 0.0018876 secs] 19231K->12880K(24732K), 0.0019619 secs] [Times: user=0.00 sys=0.00, real=0.01 secs] 
64.344: [GC 64.345: [ParNew: 6996K->646K(7616K), 0.0011728 secs] 19354K->13004K(24732K), 0.0012431 secs] [Times: user=0.00 sys=0.00, real=0.00 secs] 
64.352: [GC 64.352: [ParNew: 7131K->760K(7616K), 0.0011502 secs] 19489K->13240K(24732K), 0.0012145 secs] [Times: user=0.00 sys=0.00, real=0.00 secs] 
64.358: [GC 64.358: [ParNew: 7288K->446K(7616K), 0.0014185 secs] 19768K->13276K(24732K), 0.0014973 secs] [Times: user=0.00 sys=0.00, real=0.01 secs] 
64.363: [GC 64.363: [ParNew: 6958K->258K(7616K), 0.0007947 secs] 19788K->13087K(24732K), 0.0008417 secs] [Times: user=0.00 sys=0.00, real=0.00 secs] 
64.368: [GC 64.369: [ParNew: 6737K->681K(7616K), 0.0010343 secs] 19567K->13511K(24732K), 0.0010950 secs] [Times: user=0.01 sys=0.00, real=0.01 secs] 
64.375: [GC 64.375: [ParNew: 7157K->381K(7616K), 0.0011758 secs] 19986K->13382K(24732K), 0.0013158 secs] [Times: user=0.00 sys=0.01, real=0.00 secs] 
64.381: [GC 64.381: [ParNew: 6875K->1022K(7616K), 0.0013259 secs] 19877K->14175K(24732K), 0.0014098 secs] [Times: user=0.00 sys=0.00, real=0.00 secs] 
64.387: [GC 64.387: [ParNew: 7544K->124K(7616K), 0.0015960 secs] 20697K->14177K(24732K), 0.0016954 secs] [Times: user=0.00 sys=0.00, real=0.01 secs] 
64.393: [GC 64.393: [ParNew: 6638K->458K(7616K), 0.0010686 secs] 20691K->14511K(24732K), 0.0011299 secs] [Times: user=0.00 sys=0.00, real=0.00 secs] 
64.399: [GC 64.399: [ParNew: 6974K->440K(7616K), 0.0009378 secs] 21027K->14493K(24732K), 0.0010143 secs] [Times: user=0.00 sys=0.00, real=0.00 secs] 
64.405: [GC 64.405: [ParNew: 6958K->773K(7616K), 0.0013856 secs] 21011K->14826K(24732K), 0.0014511 secs] [Times: user=0.00 sys=0.00, real=0.00 secs] 
64.410: [GC 64.410: [ParNew: 7293K->532K(7616K), 0.0011219 secs] 21346K->14838K(24732K), 0.0012018 secs] [Times: user=0.01 sys=0.00, real=0.00 secs] 
64.417: [GC 64.417: [ParNew: 7025K->1009K(7616K), 0.0012702 secs] 21331K->15315K(24732K), 0.0013391 secs] [Times: user=0.01 sys=0.00, real=0.00 secs] 
64.422: [GC 64.422: [ParNew: 7535K->389K(7616K), 0.0016866 secs] 21840K->15521K(24732K), 0.0017609 secs] [Times: user=0.01 sys=0.00, real=0.00 secs] 
64.428: [GC 64.428: [ParNew: 6907K->857K(7616K), 0.0015227 secs] 22040K->15990K(24732K), 0.0015917 secs] [Times: user=0.00 sys=0.00, real=0.01 secs] 
64.435: [GC 64.435: [ParNew: 7379K->436K(7616K), 0.0015320 secs] 22511K->16289K(24732K), 0.0016244 secs] [Times: user=0.00 sys=0.00, real=0.00 secs] 
64.441: [GC 64.441: [ParNew: 6915K->769K(7616K), 0.0011547 secs] 22769K->16622K(24732K), 0.0012211 secs] [Times: user=0.00 sys=0.00, real=0.00 secs] 
64.448: [GC 64.448: [ParNew: 7271K->646K(7616K), 0.0014352 secs] 23124K->16850K(24732K), 0.0015240 secs] [Times: user=0.00 sys=0.00, real=0.01 secs] 
64.458: [GC 64.458: [ParNew: 7169K->503K(7616K), 0.0013362 secs] 23373K->16995K(24732K), 0.0014252 secs] [Times: user=0.00 sys=0.00, real=0.01 secs] 
64.464: [GC 64.464: [ParNew: 6944K->852K(7616K), 0.0012694 secs] 23436K->17343K(24732K), 0.0013382 secs] [Times: user=0.00 sys=0.00, real=0.00 secs] 
64.469: [GC 64.469: [ParNew: 7370K->351K(7616K), 0.0013033 secs] 23862K->17287K(24732K), 0.0013691 secs] [Times: user=0.00 sys=0.01, real=0.00 secs] 
64.475: [GC 64.475: [ParNew: 6873K->358K(7616K), 0.0009304 secs] 23809K->17293K(24732K), 0.0009856 secs] [Times: user=0.00 sys=0.00, real=0.00 secs] 
64.480: [GC 64.480: [ParNew: 6885K->600K(7616K), 0.0011371 secs] 23821K->17535K(24732K), 0.0011979 secs] [Times: user=0.00 sys=0.00, real=0.00 secs] 
64.486: [GC 64.486: [ParNew: 7116K->437K(7616K), 0.0011231 secs] 24051K->17523K(24732K), 0.0011827 secs] [Times: user=0.00 sys=0.00, real=0.00 secs] 
64.491: [GC 64.491: [ParNew: 6951K->505K(7616K), 0.0016229 secs] 24037K->17591K(24732K), 0.0017142 secs] [Times: user=0.01 sys=0.00, real=0.00 secs] 
64.497: [GC 64.497: [ParNew: 6972K->767K(7616K), 0.0012685 secs] 24058K->17853K(24732K), 0.0013344 secs] [Times: user=0.01 sys=0.00, real=0.00 secs] 
64.506: [GC 64.506: [ParNew: 7295K->434K(7616K), 0.0015904 secs]64.508: [Tenured: 17359K->7835K(17500K), 0.0720740 secs] 24381K->7835K(25116K), [Perm : 10712K->10712K(21248K)], 0.0739982 secs] [Times: user=0.08 sys=0.00, real=0.08 secs] 
64.586: [GC 64.586: [ParNew: 6513K->380K(7616K), 0.0007889 secs] 14349K->8216K(24732K), 0.0008500 secs] [Times: user=0.00 sys=0.00, real=0.00 secs] 
64.593: [GC 64.593: [ParNew: 6856K->666K(7616K), 0.0009457 secs] 14692K->8502K(24732K), 0.0010217 secs] [Times: user=0.00 sys=0.00, real=0.00 secs] 
64.599: [GC 64.599: [ParNew: 7194K->625K(7616K), 0.0014285 secs] 15030K->8687K(24732K), 0.0014984 secs] [Times: user=0.00 sys=0.00, real=0.01 secs] 
64.604: [GC 64.604: [ParNew: 7145K->384K(7616K), 0.0011445 secs] 15207K->8677K(24732K), 0.0012058 secs] [Times: user=0.00 sys=0.00, real=0.00 secs] 
64.609: [GC 64.609: [ParNew: 6903K->334K(7616K), 0.0009045 secs] 15196K->8627K(24732K), 0.0009626 secs] [Times: user=0.00 sys=0.00, real=0.00 secs] 
64.615: [GC 64.615: [ParNew: 6859K->508K(7616K), 0.0009603 secs] 15152K->8801K(24732K), 0.0010206 secs] [Times: user=0.00 sys=0.00, real=0.00 secs] 
64.620: [GC 64.620: [ParNew: 7012K->665K(7616K), 0.0010556 secs] 15305K->8958K(24732K), 0.0011145 secs] [Times: user=0.00 sys=0.00, real=0.00 secs] 
64.625: [GC 64.625: [ParNew: 7179K->1004K(7616K), 0.0015133 secs] 15472K->9494K(24732K), 0.0015845 secs] [Times: user=0.00 sys=0.00, real=0.00 secs] 
64.632: [GC 64.632: [ParNew: 7486K->287K(7616K), 0.0013557 secs] 15976K->9476K(24732K), 0.0014251 secs] [Times: user=0.01 sys=0.01, real=0.00 secs] 
64.637: [GC 64.637: [ParNew: 6805K->289K(7616K), 0.0019448 secs] 15994K->9478K(24732K), 0.0020091 secs] [Times: user=0.01 sys=0.00, real=0.01 secs] 
64.643: [GC 64.643: [ParNew: 6779K->334K(7616K), 0.0011775 secs] 15968K->9523K(24732K), 0.0012430 secs] [Times: user=0.00 sys=0.00, real=0.00 secs] 
64.648: [GC 64.648: [ParNew: 6844K->859K(7616K), 0.0013238 secs] 16033K->10048K(24732K), 0.0014309 secs] [Times: user=0.00 sys=0.00, real=0.01 secs] 
64.653: [GC 64.654: [ParNew: 7352K->212K(7616K), 0.0011103 secs] 16541K->9886K(24732K), 0.0011747 secs] [Times: user=0.00 sys=0.00, real=0.00 secs] 
64.659: [GC 64.659: [ParNew: 6661K->461K(7616K), 0.0010619 secs] 16334K->10134K(24732K), 0.0011445 secs] [Times: user=0.00 sys=0.00, real=0.00 secs] 
64.664: [GC 64.664: [ParNew: 6979K->640K(7616K), 0.0011015 secs] 16652K->10314K(24732K), 0.0011627 secs] [Times: user=0.00 sys=0.00, real=0.00 secs] 
64.669: [GC 64.669: [ParNew: 7158K->777K(7616K), 0.0015799 secs] 16831K->10577K(24732K), 0.0016714 secs] [Times: user=0.01 sys=0.00, real=0.00 secs] 
64.675: [GC 64.675: [ParNew: 7276K->504K(7616K), 0.0012936 secs] 17076K->10552K(24732K), 0.0013634 secs] [Times: user=0.01 sys=0.00, real=0.00 secs] 
64.681: [GC 64.681: [ParNew: 7024K->731K(7616K), 0.0010035 secs] 17071K->10778K(24732K), 0.0010689 secs] [Times: user=0.00 sys=0.00, real=0.00 secs] 
64.689: [GC 64.689: [ParNew: 7214K->597K(7616K), 0.0027382 secs] 17262K->10999K(24732K), 0.0028237 secs] [Times: user=0.00 sys=0.00, real=0.01 secs] 
64.698: [GC 64.698: [ParNew: 7093K->494K(7616K), 0.0010828 secs] 17495K->11127K(24732K), 0.0011620 secs] [Times: user=0.00 sys=0.00, real=0.01 secs] 
64.703: [GC 64.703: [ParNew: 7017K->584K(7616K), 0.0011156 secs] 17650K->11216K(24732K), 0.0013044 secs] [Times: user=0.00 sys=0.00, real=0.00 secs] 
64.709: [GC 64.709: [ParNew: 7105K->390K(7616K), 0.0009687 secs] 17738K->11188K(24732K), 0.0010275 secs] [Times: user=0.00 sys=0.00, real=0.00 secs] 
64.715: [GC 64.715: [ParNew: 6857K->868K(7616K), 0.0015665 secs] 17656K->11666K(24732K), 0.0016321 secs] [Times: user=0.00 sys=0.00, real=0.00 secs] 
64.721: [GC 64.721: [ParNew: 7388K->113K(7616K), 0.0013084 secs] 18186K->11644K(24732K), 0.0013727 secs] [Times: user=0.00 sys=0.00, real=0.00 secs] 
64.728: [GC 64.728: [ParNew: 6587K->582K(7616K), 0.0010063 secs] 18117K->12113K(24732K), 0.0010756 secs] [Times: user=0.00 sys=0.00, real=0.01 secs] 
64.733: [GC 64.733: [ParNew: 7104K->252K(7616K), 0.0010338 secs] 18634K->12113K(24732K), 0.0010919 secs] [Times: user=0.00 sys=0.00, real=0.00 secs] 
64.740: [GC 64.740: [ParNew: 6746K->404K(7616K), 0.0008240 secs] 18607K->12264K(24732K), 0.0008927 secs] [Times: user=0.00 sys=0.00, real=0.00 secs] 
64.744: [GC 64.745: [ParNew: 6909K->559K(7616K), 0.0010638 secs] 18770K->12420K(24732K), 0.0011236 secs] [Times: user=0.00 sys=0.00, real=0.00 secs] 
64.749: [GC 64.749: [ParNew: 7081K->462K(7616K), 0.0011168 secs] 18942K->12415K(24732K), 0.0011897 secs] [Times: user=0.00 sys=0.00, real=0.00 secs] 
64.755: [GC 64.755: [ParNew: 6969K->757K(7616K), 0.0012231 secs] 18922K->12710K(24732K), 0.0012889 secs] [Times: user=0.00 sys=0.00, real=0.00 secs] 
64.760: [GC 64.760: [ParNew: 7280K->781K(7616K), 0.0015359 secs] 19232K->13056K(24732K), 0.0016292 secs] [Times: user=0.00 sys=0.00, real=0.00 secs] 
64.766: [GC 64.766: [ParNew: 7297K->486K(7616K), 0.0012896 secs] 19572K->13038K(24732K), 0.0013748 secs] [Times: user=0.00 sys=0.00, real=0.00 secs] 
64.772: [GC 64.772: [ParNew: 6991K->622K(7616K), 0.0011028 secs] 19544K->13175K(24732K), 0.0011675 secs] [Times: user=0.00 sys=0.00, real=0.00 secs] 
64.777: [GC 64.777: [ParNew: 7127K->355K(7616K), 0.0011724 secs] 19680K->13191K(24732K), 0.0012473 secs] [Times: user=0.00 sys=0.00, real=0.00 secs] 
64.782: [GC 64.783: [ParNew: 6863K->389K(7616K), 0.0010431 secs] 19699K->13225K(24732K), 0.0010978 secs] [Times: user=0.01 sys=0.00, real=0.00 secs] 
64.788: [GC 64.788: [ParNew: 6853K->415K(7616K), 0.0008723 secs] 19690K->13252K(24732K), 0.0009347 secs] [Times: user=0.00 sys=0.00, real=0.01 secs] 
64.793: [GC 64.793: [ParNew: 6934K->443K(7616K), 0.0014520 secs] 19771K->13279K(24732K), 0.0015186 secs] [Times: user=0.00 sys=0.00, real=0.00 secs] 
64.799: [GC 64.799: [ParNew: 6966K->643K(7616K), 0.0014365 secs] 19802K->13480K(24732K), 0.0015132 secs] [Times: user=0.00 sys=0.00, real=0.00 secs] 
64.804: [GC 64.804: [ParNew: 7150K->481K(7616K), 0.0010094 secs] 19987K->13488K(24732K), 0.0010742 secs] [Times: user=0.00 sys=0.00, real=0.00 secs] 
64.809: [GC 64.809: [ParNew: 6978K->650K(7616K), 0.0010091 secs] 19986K->13658K(24732K), 0.0010700 secs] [Times: user=0.01 sys=0.00, real=0.00 secs] 
64.814: [GC 64.815: [ParNew: 7143K->1014K(7616K), 0.0015223 secs] 20151K->14285K(24732K), 0.0018004 secs] [Times: user=0.01 sys=0.00, real=0.00 secs] 
64.822: [GC 64.822: [ParNew: 7512K->286K(7616K), 0.0012032 secs] 20782K->14164K(24732K), 0.0012818 secs] [Times: user=0.01 sys=0.00, real=0.00 secs] 
64.831: [GC 64.831: [ParNew: 6749K->753K(7616K), 0.0019806 secs] 20627K->14631K(24732K), 0.0020556 secs] [Times: user=0.01 sys=0.00, real=0.00 secs] 
64.841: [GC 64.841: [ParNew: 7249K->128K(7616K), 0.0013372 secs] 21127K->14382K(24732K), 0.0013917 secs] [Times: user=0.00 sys=0.00, real=0.00 secs] 
64.846: [GC 64.846: [ParNew: 6512K->160K(7616K), 0.0012005 secs] 20765K->14413K(24732K), 0.0012601 secs] [Times: user=0.00 sys=0.00, real=0.00 secs] 
64.853: [GC 64.853: [ParNew: 6651K->936K(7616K), 0.0015126 secs] 20905K->15190K(24732K), 0.0015789 secs] [Times: user=0.00 sys=0.00, real=0.00 secs] 
64.859: [GC 64.859: [ParNew: 7462K->322K(7616K), 0.0017463 secs] 21716K->15395K(24732K), 0.0018448 secs] [Times: user=0.00 sys=0.00, real=0.00 secs] 
64.866: [GC 64.866: [ParNew: 6832K->360K(7616K), 0.0010197 secs] 21905K->15433K(24732K), 0.0012779 secs] [Times: user=0.00 sys=0.00, real=0.00 secs] 
64.872: [GC 64.872: [ParNew: 6882K->368K(7616K), 0.0008941 secs] 21955K->15441K(24732K), 0.0009430 secs] [Times: user=0.00 sys=0.00, real=0.00 secs] 
64.880: [GC 64.880: [ParNew: 6896K->400K(7616K), 0.0010712 secs] 21969K->15473K(24732K), 0.0011570 secs] [Times: user=0.00 sys=0.00, real=0.00 secs] 
64.885: [GC 64.885: [ParNew: 6916K->475K(7616K), 0.0017705 secs] 21989K->15548K(24732K), 0.0019016 secs] [Times: user=0.01 sys=0.00, real=0.00 secs] 
64.893: [GC 64.893: [ParNew: 7003K->463K(7616K), 0.0009126 secs] 22076K->15536K(24732K), 0.0009686 secs] [Times: user=0.00 sys=0.00, real=0.00 secs] 
64.898: [GC 64.898: [ParNew: 6991K->675K(7616K), 0.0013867 secs] 22064K->15748K(24732K), 0.0014714 secs] [Times: user=0.00 sys=0.00, real=0.01 secs] 
64.905: [GC 64.905: [ParNew: 7173K->975K(7616K), 0.0014485 secs] 22246K->16193K(24732K), 0.0015164 secs] [Times: user=0.00 sys=0.00, real=0.00 secs] 
64.912: [GC 64.912: [ParNew: 7490K->753K(7616K), 0.0017227 secs] 22708K->16451K(24732K), 0.0017998 secs] [Times: user=0.00 sys=0.00, real=0.00 secs] 
64.919: [GC 64.919: [ParNew: 7280K->685K(7616K), 0.0013345 secs] 22978K->16547K(24732K), 0.0014050 secs] [Times: user=0.00 sys=0.00, real=0.00 secs] 
64.925: [GC 64.925: [ParNew: 7194K->503K(7616K), 0.0014607 secs] 23055K->16720K(24732K), 0.0015391 secs] [Times: user=0.00 sys=0.01, real=0.00 secs] 
64.930: [GC 64.930: [ParNew: 6982K->792K(7616K), 0.0014469 secs] 23200K->17010K(24732K), 0.0015118 secs] [Times: user=0.01 sys=0.00, real=0.00 secs] 
64.936: [GC 64.936: [ParNew: 7302K->590K(7616K), 0.0018485 secs] 23519K->16945K(24732K), 0.0019143 secs] [Times: user=0.01 sys=0.00, real=0.00 secs] 
64.942: [GC 64.942: [ParNew: 7083K->824K(7616K), 0.0014753 secs] 23438K->17344K(24732K), 0.0015453 secs] [Times: user=0.00 sys=0.00, real=0.00 secs] 
64.947: [GC 64.948: [ParNew: 7350K->390K(7616K), 0.0013981 secs] 23871K->17196K(24732K), 0.0014637 secs] [Times: user=0.00 sys=0.00, real=0.01 secs] 
64.954: [GC 64.954: [ParNew: 6877K->722K(7616K), 0.0011309 secs] 23683K->17528K(24732K), 0.0011941 secs] [Times: user=0.00 sys=0.00, real=0.00 secs] 
64.962: [GC 64.962: [ParNew: 7207K->439K(7616K), 0.0011380 secs] 24014K->17492K(24732K), 0.0012079 secs] [Times: user=0.00 sys=0.00, real=0.00 secs] 
64.967: [GC 64.967: [ParNew: 6957K->501K(7616K), 0.0010444 secs] 24010K->17555K(24732K), 0.0011071 secs] [Times: user=0.00 sys=0.00, real=0.00 secs] 
64.973: [GC 64.973: [ParNew: 7029K->512K(7616K), 0.0010556 secs] 24083K->17566K(24732K), 0.0011149 secs] [Times: user=0.00 sys=0.00, real=0.00 secs] 
64.978: [GC 64.978: [ParNew: 7001K->764K(7616K), 0.0014166 secs] 24054K->17817K(24732K), 0.0015230 secs] [Times: user=0.00 sys=0.00, real=0.01 secs] 
64.984: [GC 64.984: [ParNew: 7273K->624K(7616K), 0.0014249 secs]64.985: [Tenured: 17349K->8514K(17500K), 0.0713876 secs] 24327K->8514K(25116K), [Perm : 10712K->10712K(21248K)], 0.0731502 secs] [Times: user=0.07 sys=0.00, real=0.07 secs] 
65.061: [GC 65.061: [ParNew: 6526K->252K(7616K), 0.0011807 secs] 15041K->8766K(24732K), 0.0012914 secs] [Times: user=0.00 sys=0.00, real=0.00 secs] 
65.066: [GC 65.066: [ParNew: 6731K->821K(7616K), 0.0012961 secs] 15246K->9335K(24732K), 0.0013813 secs] [Times: user=0.00 sys=0.00, real=0.00 secs] 
65.072: [GC 65.072: [ParNew: 7316K->115K(7616K), 0.0013702 secs] 15831K->9328K(24732K), 0.0014409 secs] [Times: user=0.01 sys=0.00, real=0.00 secs] 
65.077: [GC 65.077: [ParNew: 6590K->277K(7616K), 0.0010464 secs] 15803K->9490K(24732K), 0.0011024 secs] [Times: user=0.01 sys=0.00, real=0.00 secs] 
65.082: [GC 65.083: [ParNew: 6803K->216K(7616K), 0.0009381 secs] 16016K->9430K(24732K), 0.0009900 secs] [Times: user=0.00 sys=0.00, real=0.00 secs] 
65.088: [GC 65.088: [ParNew: 6649K->378K(7616K), 0.0010896 secs] 15863K->9591K(24732K), 0.0011599 secs] [Times: user=0.00 sys=0.00, real=0.01 secs] 
65.093: [GC 65.093: [ParNew: 6888K->317K(7616K), 0.0009776 secs] 16101K->9530K(24732K), 0.0010326 secs] [Times: user=0.00 sys=0.00, real=0.00 secs] 
65.099: [GC 65.099: [ParNew: 6842K->883K(7616K), 0.0015159 secs] 16055K->10096K(24732K), 0.0016442 secs] [Times: user=0.00 sys=0.00, real=0.01 secs] 
65.104: [GC 65.104: [ParNew: 7393K->331K(7616K), 0.0014915 secs] 16606K->10204K(24732K), 0.0015730 secs] [Times: user=0.01 sys=0.00, real=0.00 secs] 
65.113: [GC 65.113: [ParNew: 6796K->387K(7616K), 0.0008512 secs] 16669K->10260K(24732K), 0.0009368 secs] [Times: user=0.00 sys=0.00, real=0.00 secs] 
65.119: [GC 65.119: [ParNew: 6915K->543K(7616K), 0.0009731 secs] 16788K->10416K(24732K), 0.0010287 secs] [Times: user=0.01 sys=0.00, real=0.00 secs] 
65.126: [GC 65.126: [ParNew: 7065K->565K(7616K), 0.0010158 secs] 16938K->10438K(24732K), 0.0010739 secs] [Times: user=0.01 sys=0.00, real=0.00 secs] 
65.132: [GC 65.132: [ParNew: 7087K->283K(7616K), 0.0009769 secs] 16959K->10400K(24732K), 0.0010491 secs] [Times: user=0.00 sys=0.00, real=0.00 secs] 
65.138: [GC 65.138: [ParNew: 6762K->314K(7616K), 0.0010667 secs] 16879K->10430K(24732K), 0.0011693 secs] [Times: user=0.00 sys=0.00, real=0.01 secs] 
65.143: [GC 65.143: [ParNew: 6810K->313K(7616K), 0.0010038 secs] 16926K->10429K(24732K), 0.0010729 secs] [Times: user=0.00 sys=0.00, real=0.00 secs] 
65.148: [GC 65.148: [ParNew: 6837K->375K(7616K), 0.0013357 secs] 16953K->10491K(24732K), 0.0014006 secs] [Times: user=0.00 sys=0.00, real=0.01 secs] 
65.153: [GC 65.153: [ParNew: 6862K->526K(7616K), 0.0010196 secs] 16978K->10643K(24732K), 0.0010775 secs] [Times: user=0.00 sys=0.00, real=0.00 secs] 
65.158: [GC 65.158: [ParNew: 7030K->687K(7616K), 0.0012000 secs] 17146K->10803K(24732K), 0.0012637 secs] [Times: user=0.01 sys=0.00, real=0.01 secs] 
65.164: [GC 65.164: [ParNew: 7213K->776K(7616K), 0.0016179 secs] 17329K->11036K(24732K), 0.0016998 secs] [Times: user=0.01 sys=0.00, real=0.00 secs] 
65.170: [GC 65.170: [ParNew: 7288K->783K(7616K), 0.0014954 secs] 17548K->11410K(24732K), 0.0015743 secs] [Times: user=0.01 sys=0.00, real=0.00 secs] 
65.175: [GC 65.175: [ParNew: 7277K->433K(7616K), 0.0012861 secs] 17904K->11350K(24732K), 0.0013544 secs] [Times: user=0.00 sys=0.00, real=0.00 secs] 
65.180: [GC 65.180: [ParNew: 6893K->758K(7616K), 0.0012232 secs] 17810K->11676K(24732K), 0.0012966 secs] [Times: user=0.00 sys=0.00, real=0.00 secs] 
65.186: [GC 65.186: [ParNew: 7274K->653K(7616K), 0.0021120 secs] 18191K->11792K(24732K), 0.0021976 secs] [Times: user=0.00 sys=0.01, real=0.00 secs] 
65.194: [GC 65.194: [ParNew: 7181K->289K(7616K), 0.0023650 secs] 18320K->11794K(24732K), 0.0024526 secs] [Times: user=0.00 sys=0.00, real=0.00 secs] 
65.201: [GC 65.201: [ParNew: 6807K->470K(7616K), 0.0011398 secs] 18313K->11976K(24732K), 0.0012120 secs] [Times: user=0.00 sys=0.00, real=0.00 secs] 
65.207: [GC 65.207: [ParNew: 6981K->507K(7616K), 0.0010153 secs] 18487K->12012K(24732K), 0.0010826 secs] [Times: user=0.00 sys=0.00, real=0.00 secs] 
65.211: [GC 65.211: [ParNew: 6991K->549K(7616K), 0.0011740 secs] 18497K->12055K(24732K), 0.0012359 secs] [Times: user=0.01 sys=0.00, real=0.00 secs] 
65.217: [GC 65.217: [ParNew: 7065K->703K(7616K), 0.0012200 secs] 18570K->12341K(24732K), 0.0012853 secs] [Times: user=0.01 sys=0.00, real=0.00 secs] 
65.222: [GC 65.222: [ParNew: 7227K->732K(7616K), 0.0014066 secs] 18865K->12563K(24732K), 0.0014789 secs] [Times: user=0.00 sys=0.00, real=0.00 secs] 
65.228: [GC 65.228: [ParNew: 7225K->774K(7616K), 0.0014525 secs] 19056K->12799K(24732K), 0.0015228 secs] [Times: user=0.00 sys=0.00, real=0.01 secs] 
65.233: [GC 65.233: [ParNew: 7287K->680K(7616K), 0.0016071 secs] 19312K->13087K(24732K), 0.0016815 secs] [Times: user=0.00 sys=0.00, real=0.00 secs] 
65.240: [GC 65.240: [ParNew: 7184K->460K(7616K), 0.0009479 secs] 19591K->13005K(24732K), 0.0010083 secs] [Times: user=0.00 sys=0.00, real=0.00 secs] 
65.245: [GC 65.245: [ParNew: 6906K->383K(7616K), 0.0010264 secs] 19451K->12928K(24732K), 0.0010807 secs] [Times: user=0.00 sys=0.00, real=0.00 secs] 
65.251: [GC 65.251: [ParNew: 6863K->886K(7616K), 0.0012785 secs] 19408K->13431K(24732K), 0.0013652 secs] [Times: user=0.00 sys=0.00, real=0.00 secs] 
65.256: [GC 65.256: [ParNew: 7403K->538K(7616K), 0.0013828 secs] 19948K->13420K(24732K), 0.0014550 secs] [Times: user=0.01 sys=0.00, real=0.00 secs] 
65.261: [GC 65.261: [ParNew: 7062K->592K(7616K), 0.0013036 secs] 19944K->13474K(24732K), 0.0014141 secs] [Times: user=0.01 sys=0.00, real=0.00 secs] 
65.267: [GC 65.267: [ParNew: 7106K->289K(7616K), 0.0014298 secs] 19988K->13529K(24732K), 0.0015077 secs] [Times: user=0.00 sys=0.00, real=0.00 secs] 
65.272: [GC 65.272: [ParNew: 6810K->690K(7616K), 0.0013927 secs] 20050K->13930K(24732K), 0.0014719 secs] [Times: user=0.00 sys=0.00, real=0.00 secs] 
65.278: [GC 65.278: [ParNew: 7218K->617K(7616K), 0.0013012 secs] 20458K->14038K(24732K), 0.0013772 secs] [Times: user=0.00 sys=0.00, real=0.01 secs] 
65.283: [GC 65.283: [ParNew: 7142K->412K(7616K), 0.0014283 secs] 20563K->14118K(24732K), 0.0015491 secs] [Times: user=0.00 sys=0.00, real=0.00 secs] 
65.289: [GC 65.289: [ParNew: 6909K->702K(7616K), 0.0011329 secs] 20614K->14407K(24732K), 0.0012040 secs] [Times: user=0.00 sys=0.00, real=0.00 secs] 
65.294: [GC 65.295: [ParNew: 7199K->506K(7616K), 0.0014277 secs] 20905K->14484K(24732K), 0.0014972 secs] [Times: user=0.01 sys=0.00, real=0.00 secs] 
65.300: [GC 65.300: [ParNew: 6982K->459K(7616K), 0.0010371 secs] 20959K->14436K(24732K), 0.0010927 secs] [Times: user=0.01 sys=0.00, real=0.00 secs] 
65.305: [GC 65.305: [ParNew: 6880K->708K(7616K), 0.0017843 secs] 20857K->14685K(24732K), 0.0018764 secs] [Times: user=0.00 sys=0.00, real=0.00 secs] 
65.311: [GC 65.311: [ParNew: 7195K->815K(7616K), 0.0015087 secs] 21173K->15095K(24732K), 0.0015830 secs] [Times: user=0.00 sys=0.00, real=0.00 secs] 
65.317: [GC 65.317: [ParNew: 7295K->781K(7616K), 0.0014197 secs] 21574K->15309K(24732K), 0.0014886 secs] [Times: user=0.00 sys=0.00, real=0.00 secs] 
65.323: [GC 65.323: [ParNew: 7242K->641K(7616K), 0.0014291 secs] 21770K->15483K(24732K), 0.0015002 secs] [Times: user=0.00 sys=0.00, real=0.00 secs] 
65.329: [GC 65.329: [ParNew: 7159K->353K(7616K), 0.0010932 secs] 22001K->15493K(24732K), 0.0011610 secs] [Times: user=0.00 sys=0.00, real=0.01 secs] 
65.334: [GC 65.334: [ParNew: 6851K->625K(7616K), 0.0010620 secs] 21992K->15766K(24732K), 0.0011590 secs] [Times: user=0.00 sys=0.00, real=0.00 secs] 
65.340: [GC 65.340: [ParNew: 7134K->892K(7616K), 0.0014286 secs] 22275K->16201K(24732K), 0.0015566 secs] [Times: user=0.00 sys=0.00, real=0.00 secs] 
65.346: [GC 65.346: [ParNew: 7420K->321K(7616K), 0.0014360 secs] 22729K->16387K(24732K), 0.0015037 secs] [Times: user=0.00 sys=0.00, real=0.00 secs] 
65.352: [GC 65.352: [ParNew: 6809K->899K(7616K), 0.0012427 secs] 22875K->16965K(24732K), 0.0013112 secs] [Times: user=0.00 sys=0.00, real=0.00 secs] 
65.357: [GC 65.357: [ParNew: 7425K->358K(7616K), 0.0017659 secs] 23491K->17035K(24732K), 0.0018375 secs] [Times: user=0.00 sys=0.00, real=0.01 secs] 
65.365: [GC 65.365: [ParNew: 6865K->613K(7616K), 0.0009644 secs] 23541K->17290K(24732K), 0.0010431 secs] [Times: user=0.00 sys=0.01, real=0.00 secs] 
65.370: [GC 65.370: [ParNew: 7092K->554K(7616K), 0.0017755 secs] 23768K->17534K(24732K), 0.0018620 secs] [Times: user=0.01 sys=0.00, real=0.00 secs] 
65.376: [GC 65.376: [ParNew: 7037K->509K(7616K), 0.0012540 secs]65.377: [Tenured: 17238K->9111K(17308K), 0.0723632 secs] 24017K->9111K(24924K), [Perm : 10712K->10712K(21248K)], 0.0738515 secs] [Times: user=0.07 sys=0.00, real=0.08 secs] 
65.454: [GC 65.454: [ParNew: 6528K->956K(7616K), 0.0010928 secs] 15639K->10068K(24732K), 0.0011598 secs] [Times: user=0.00 sys=0.00, real=0.00 secs] 
65.459: [GC 65.459: [ParNew: 7469K->291K(7616K), 0.0013633 secs] 16580K->10166K(24732K), 0.0014458 secs] [Times: user=0.00 sys=0.00, real=0.00 secs] 
65.465: [GC 65.465: [ParNew: 6764K->692K(7616K), 0.0009959 secs] 16639K->10566K(24732K), 0.0010554 secs] [Times: user=0.00 sys=0.00, real=0.00 secs] 
65.469: [GC 65.470: [ParNew: 7174K->301K(7616K), 0.0018366 secs] 17049K->10747K(24732K), 0.0019584 secs] [Times: user=0.00 sys=0.00, real=0.00 secs] 
65.476: [GC 65.476: [ParNew: 6789K->622K(7616K), 0.0011139 secs] 17235K->11067K(24732K), 0.0011923 secs] [Times: user=0.00 sys=0.00, real=0.00 secs] 
65.481: [GC 65.481: [ParNew: 7145K->748K(7616K), 0.0012042 secs] 17591K->11309K(24732K), 0.0012885 secs] [Times: user=0.00 sys=0.00, real=0.00 secs] 
65.486: [GC 65.486: [ParNew: 7244K->183K(7616K), 0.0017002 secs] 17806K->11425K(24732K), 0.0017702 secs] [Times: user=0.00 sys=0.00, real=0.00 secs] 
65.492: [GC 65.492: [ParNew: 6676K->700K(7616K), 0.0010172 secs] 17919K->11942K(24732K), 0.0011058 secs] [Times: user=0.01 sys=0.00, real=0.00 secs] 
65.497: [GC 65.498: [ParNew: 7212K->314K(7616K), 0.0017111 secs] 18454K->12208K(24732K), 0.0017833 secs] [Times: user=0.00 sys=0.00, real=0.01 secs] 
65.503: [GC 65.503: [ParNew: 6827K->402K(7616K), 0.0009132 secs] 18722K->12296K(24732K), 0.0009670 secs] [Times: user=0.00 sys=0.00, real=0.00 secs] 
65.509: [GC 65.509: [ParNew: 6916K->462K(7616K), 0.0010034 secs] 18811K->12357K(24732K), 0.0010661 secs] [Times: user=0.00 sys=0.00, real=0.01 secs] 
65.514: [GC 65.514: [ParNew: 6963K->921K(7616K), 0.0012633 secs] 18858K->12815K(24732K), 0.0013456 secs] [Times: user=0.00 sys=0.00, real=0.00 secs] 
65.520: [GC 65.520: [ParNew: 7415K->959K(7616K), 0.0015404 secs] 19309K->13235K(24732K), 0.0016295 secs] [Times: user=0.00 sys=0.00, real=0.00 secs] 
65.526: [GC 65.526: [ParNew: 7486K->335K(7616K), 0.0013515 secs] 19762K->13254K(24732K), 0.0014252 secs] [Times: user=0.00 sys=0.00, real=0.00 secs] 
65.532: [GC 65.532: [ParNew: 6854K->697K(7616K), 0.0011499 secs] 19773K->13616K(24732K), 0.0012164 secs] [Times: user=0.00 sys=0.00, real=0.00 secs] 
65.537: [GC 65.537: [ParNew: 7208K->976K(7616K), 0.0023604 secs] 20127K->14174K(24732K), 0.0024345 secs] [Times: user=0.01 sys=0.00, real=0.01 secs] 
65.543: [GC 65.543: [ParNew: 7472K->445K(7616K), 0.0017192 secs] 20670K->14571K(24732K), 0.0018181 secs] [Times: user=0.01 sys=0.00, real=0.00 secs] 
65.550: [GC 65.550: [ParNew: 6954K->846K(7616K), 0.0014933 secs] 21080K->14972K(24732K), 0.0015859 secs] [Times: user=0.01 sys=0.00, real=0.00 secs] 
65.556: [GC 65.556: [ParNew: 7313K->641K(7616K), 0.0013457 secs] 21438K->15008K(24732K), 0.0014184 secs] [Times: user=0.01 sys=0.00, real=0.00 secs] 
65.561: [GC 65.561: [ParNew: 7121K->436K(7616K), 0.0013268 secs] 21488K->15079K(24732K), 0.0013981 secs] [Times: user=0.00 sys=0.00, real=0.00 secs] 
65.567: [GC 65.567: [ParNew: 6955K->998K(7616K), 0.0013511 secs] 21598K->15641K(24732K), 0.0014227 secs] [Times: user=0.00 sys=0.00, real=0.00 secs] 
65.574: [GC 65.574: [ParNew: 7490K->202K(7616K), 0.0009885 secs] 22133K->15387K(24732K), 0.0010679 secs] [Times: user=0.00 sys=0.00, real=0.00 secs] 
65.579: [GC 65.579: [ParNew: 6701K->466K(7616K), 0.0007764 secs] 21886K->15651K(24732K), 0.0008341 secs] [Times: user=0.00 sys=0.00, real=0.00 secs] 
65.584: [GC 65.584: [ParNew: 6976K->1075K(7616K), 0.0013779 secs] 22161K->16403K(24732K), 0.0014493 secs] [Times: user=0.00 sys=0.00, real=0.00 secs] 
65.590: [GC 65.590: [ParNew: 7572K->465K(7616K), 0.0016504 secs] 22901K->16742K(24732K), 0.0017231 secs] [Times: user=0.00 sys=0.00, real=0.00 secs] 
65.598: [GC 65.598: [ParNew: 6901K->699K(7616K), 0.0012220 secs] 23178K->16975K(24732K), 0.0012847 secs] [Times: user=0.00 sys=0.00, real=0.01 secs] 
65.605: [GC 65.605: [ParNew: 7190K->775K(7616K), 0.0023165 secs] 23466K->17258K(24732K), 0.0023930 secs] [Times: user=0.00 sys=0.00, real=0.00 secs] 
65.613: [GC 65.613: [ParNew: 7291K->519K(7616K), 0.0011300 secs] 23774K->17248K(24732K), 0.0012085 secs] [Times: user=0.01 sys=0.00, real=0.00 secs] 
65.620: [GC 65.620: [ParNew: 7047K->853K(7616K), 0.0011976 secs] 23776K->17583K(24732K), 0.0012806 secs] [Times: user=0.01 sys=0.00, real=0.00 secs] 
65.626: [GC 65.626: [ParNew: 7381K->650K(7616K), 0.0013439 secs] 24111K->17718K(24732K), 0.0014130 secs] [Times: user=0.01 sys=0.00, real=0.00 secs] 
65.632: [GC 65.632: [ParNew: 7174K->356K(7616K), 0.0011862 secs]65.633: [Tenured: 17432K->9202K(17500K), 0.0721147 secs] 24242K->9202K(25116K), [Perm : 10712K->10712K(21248K)], 0.0736186 secs] [Times: user=0.08 sys=0.00, real=0.07 secs] 
65.709: [GC 65.710: [ParNew: 6524K->645K(7616K), 0.0011175 secs] 15726K->9848K(24732K), 0.0011902 secs] [Times: user=0.00 sys=0.00, real=0.00 secs] 
65.715: [GC 65.715: [ParNew: 7134K->546K(7616K), 0.0013149 secs] 16337K->10069K(24732K), 0.0014019 secs] [Times: user=0.00 sys=0.00, real=0.00 secs] 
65.720: [GC 65.720: [ParNew: 7017K->550K(7616K), 0.0010259 secs] 16540K->10072K(24732K), 0.0010858 secs] [Times: user=0.00 sys=0.00, real=0.00 secs] 
65.725: [GC 65.725: [ParNew: 7008K->365K(7616K), 0.0015105 secs] 16531K->10315K(24732K), 0.0015789 secs] [Times: user=0.00 sys=0.00, real=0.00 secs] 
65.731: [GC 65.731: [ParNew: 6827K->573K(7616K), 0.0010685 secs] 16778K->10524K(24732K), 0.0011295 secs] [Times: user=0.00 sys=0.00, real=0.00 secs] 
65.737: [GC 65.737: [ParNew: 7084K->753K(7616K), 0.0016248 secs] 17035K->10703K(24732K), 0.0017381 secs] [Times: user=0.00 sys=0.00, real=0.00 secs] 
65.742: [GC 65.742: [ParNew: 7229K->614K(7616K), 0.0013946 secs] 17180K->10790K(24732K), 0.0014602 secs] [Times: user=0.01 sys=0.00, real=0.00 secs] 
65.748: [GC 65.748: [ParNew: 7088K->518K(7616K), 0.0013356 secs] 17263K->10901K(24732K), 0.0014056 secs] [Times: user=0.00 sys=0.00, real=0.01 secs] 
65.753: [GC 65.753: [ParNew: 7043K->904K(7616K), 0.0014069 secs] 17426K->11287K(24732K), 0.0014778 secs] [Times: user=0.00 sys=0.00, real=0.00 secs] 
65.758: [GC 65.758: [ParNew: 7389K->380K(7616K), 0.0014462 secs] 17771K->11212K(24732K), 0.0015207 secs] [Times: user=0.00 sys=0.00, real=0.01 secs] 
65.764: [GC 65.764: [ParNew: 6880K->1080K(7616K), 0.0015594 secs] 17713K->12039K(24732K), 0.0016348 secs] [Times: user=0.00 sys=0.00, real=0.00 secs] 
65.770: [GC 65.770: [ParNew: 7599K->440K(7616K), 0.0017285 secs] 18557K->12093K(24732K), 0.0018182 secs] [Times: user=0.00 sys=0.00, real=0.00 secs] 
65.777: [GC 65.777: [ParNew: 6928K->735K(7616K), 0.0013516 secs] 18580K->12388K(24732K), 0.0016263 secs] [Times: user=0.00 sys=0.01, real=0.01 secs] 
65.783: [GC 65.783: [ParNew: 7242K->514K(7616K), 0.0016650 secs] 18895K->12390K(24732K), 0.0017600 secs] [Times: user=0.00 sys=0.00, real=0.00 secs] 
65.790: [GC 65.790: [ParNew: 6981K->788K(7616K), 0.0009993 secs] 18857K->12665K(24732K), 0.0010769 secs] [Times: user=0.01 sys=0.00, real=0.00 secs] 
65.796: [GC 65.796: [ParNew: 7233K->146K(7616K), 0.0010423 secs] 19110K->12518K(24732K), 0.0011205 secs] [Times: user=0.01 sys=0.00, real=0.00 secs] 
65.802: [GC 65.802: [ParNew: 6629K->495K(7616K), 0.0008705 secs] 19001K->12867K(24732K), 0.0009250 secs] [Times: user=0.00 sys=0.00, real=0.00 secs] 
65.807: [GC 65.808: [ParNew: 7002K->946K(7616K), 0.0011999 secs] 19374K->13318K(24732K), 0.0012734 secs] [Times: user=0.00 sys=0.00, real=0.01 secs] 
65.813: [GC 65.813: [ParNew: 7411K->664K(7616K), 0.0014726 secs] 19783K->13458K(24732K), 0.0015522 secs] [Times: user=0.00 sys=0.00, real=0.00 secs] 
65.819: [GC 65.819: [ParNew: 7158K->408K(7616K), 0.0015712 secs] 19952K->13417K(24732K), 0.0016825 secs] [Times: user=0.00 sys=0.00, real=0.01 secs] 
65.825: [GC 65.825: [ParNew: 6936K->364K(7616K), 0.0008564 secs] 19945K->13373K(24732K), 0.0009456 secs] [Times: user=0.00 sys=0.00, real=0.00 secs] 
65.830: [GC 65.830: [ParNew: 6883K->823K(7616K), 0.0014195 secs] 19893K->13832K(24732K), 0.0014895 secs] [Times: user=0.00 sys=0.00, real=0.00 secs] 
65.836: [GC 65.836: [ParNew: 7331K->902K(7616K), 0.0017197 secs] 20340K->14206K(24732K), 0.0017903 secs] [Times: user=0.01 sys=0.00, real=0.00 secs] 
65.843: [GC 65.844: [ParNew: 7427K->642K(7616K), 0.0012704 secs] 20730K->14389K(24732K), 0.0013394 secs] [Times: user=0.01 sys=0.00, real=0.00 secs] 
65.851: [GC 65.851: [ParNew: 7161K->551K(7616K), 0.0009355 secs] 20908K->14422K(24732K), 0.0010128 secs] [Times: user=0.00 sys=0.00, real=0.00 secs] 
65.860: [GC 65.860: [ParNew: 7075K->441K(7616K), 0.0011252 secs] 20945K->14571K(24732K), 0.0011875 secs] [Times: user=0.00 sys=0.00, real=0.00 secs] 
65.867: [GC 65.867: [ParNew: 6935K->614K(7616K), 0.0010632 secs] 21065K->14744K(24732K), 0.0011386 secs] [Times: user=0.00 sys=0.00, real=0.00 secs] 
65.873: [GC 65.873: [ParNew: 7123K->538K(7616K), 0.0012734 secs] 21253K->14762K(24732K), 0.0013482 secs] [Times: user=0.00 sys=0.00, real=0.00 secs] 
65.881: [GC 65.881: [ParNew: 7028K->719K(7616K), 0.0009656 secs] 21252K->14944K(24732K), 0.0010237 secs] [Times: user=0.00 sys=0.00, real=0.00 secs] 
65.887: [GC 65.887: [ParNew: 7247K->443K(7616K), 0.0018835 secs] 21472K->14957K(24732K), 0.0019562 secs] [Times: user=0.00 sys=0.00, real=0.01 secs] 
65.893: [GC 65.893: [ParNew: 6964K->581K(7616K), 0.0013338 secs] 21479K->15095K(24732K), 0.0014814 secs] [Times: user=0.00 sys=0.00, real=0.00 secs] 
65.899: [GC 65.899: [ParNew: 7095K->913K(7616K), 0.0015273 secs] 21610K->15569K(24732K), 0.0015962 secs] [Times: user=0.01 sys=0.00, real=0.00 secs] 
65.905: [GC 65.905: [ParNew: 7438K->879K(7616K), 0.0022224 secs] 22094K->15933K(24732K), 0.0022963 secs] [Times: user=0.01 sys=0.00, real=0.00 secs] 
65.911: [GC 65.911: [ParNew: 7397K->465K(7616K), 0.0017265 secs] 22451K->16001K(24732K), 0.0017990 secs] [Times: user=0.00 sys=0.00, real=0.00 secs] 
65.917: [GC 65.917: [ParNew: 6933K->540K(7616K), 0.0015548 secs] 22469K->16075K(24732K), 0.0016456 secs] [Times: user=0.00 sys=0.00, real=0.01 secs] 
65.923: [GC 65.923: [ParNew: 7057K->1034K(7616K), 0.0018529 secs] 22592K->16569K(24732K), 0.0019533 secs] [Times: user=0.00 sys=0.00, real=0.00 secs] 
65.929: [GC 65.929: [ParNew: 7523K->274K(7616K), 0.0016150 secs] 23058K->16682K(24732K), 0.0017297 secs] [Times: user=0.00 sys=0.00, real=0.01 secs] 
65.935: [GC 65.935: [ParNew: 6778K->561K(7616K), 0.0010614 secs] 23186K->16969K(24732K), 0.0011270 secs] [Times: user=0.00 sys=0.00, real=0.00 secs] 
65.941: [GC 65.941: [ParNew: 7084K->731K(7616K), 0.0013419 secs] 23492K->17346K(24732K), 0.0014119 secs] [Times: user=0.00 sys=0.00, real=0.00 secs] 
65.948: [GC 65.948: [ParNew: 7244K->546K(7616K), 0.0011635 secs] 23859K->17400K(24732K), 0.0012448 secs] [Times: user=0.00 sys=0.00, real=0.01 secs] 
65.953: [GC 65.953: [ParNew: 7031K->447K(7616K), 0.0009464 secs] 23885K->17301K(24732K), 0.0010014 secs] [Times: user=0.01 sys=0.00, real=0.00 secs] 
65.957: [GC 65.957: [ParNew: 6965K->689K(7616K), 0.0018563 secs] 23819K->17543K(24732K), 0.0019311 secs] [Times: user=0.01 sys=0.00, real=0.01 secs] 
65.964: [GC 65.964: [ParNew: 7211K->553K(7616K), 0.0011414 secs] 24066K->17573K(24732K), 0.0012073 secs] [Times: user=0.00 sys=0.00, real=0.00 secs] 
65.969: [GC 65.969: [ParNew: 7007K->456K(7616K), 0.0013108 secs] 24027K->17559K(24732K), 0.0013756 secs] [Times: user=0.00 sys=0.00, real=0.00 secs] 
65.975: [GC 65.975: [ParNew: 6954K->833K(7616K), 0.0014785 secs] 24057K->17937K(24732K), 0.0015550 secs] [Times: user=0.00 sys=0.00, real=0.00 secs] 
65.980: [GC 65.980: [ParNew: 7328K->697K(7616K), 0.0015608 secs]65.982: [Tenured: 17472K->8661K(17500K), 0.0721179 secs] 24431K->8661K(25116K), [Perm : 10712K->10712K(21248K)], 0.0740111 secs] [Times: user=0.07 sys=0.01, real=0.07 secs] 
66.061: [GC 66.061: [ParNew: 6528K->407K(7616K), 0.0009519 secs] 15189K->9068K(24732K), 0.0010202 secs] [Times: user=0.00 sys=0.00, real=0.00 secs] 
66.067: [GC 66.067: [ParNew: 6935K->634K(7616K), 0.0009973 secs] 15596K->9296K(24732K), 0.0010562 secs] [Times: user=0.00 sys=0.00, real=0.00 secs] 
66.073: [GC 66.073: [ParNew: 7152K->685K(7616K), 0.0013416 secs] 15814K->9766K(24732K), 0.0015463 secs] [Times: user=0.00 sys=0.00, real=0.00 secs] 
66.079: [GC 66.079: [ParNew: 7213K->554K(7616K), 0.0019915 secs] 16294K->9858K(24732K), 0.0020769 secs] [Times: user=0.00 sys=0.00, real=0.00 secs] 
66.085: [GC 66.085: [ParNew: 7077K->516K(7616K), 0.0018623 secs] 16381K->10195K(24732K), 0.0019387 secs] [Times: user=0.01 sys=0.00, real=0.00 secs] 
66.091: [GC 66.091: [ParNew: 7027K->1050K(7616K), 0.0015341 secs] 16706K->10730K(24732K), 0.0016086 secs] [Times: user=0.01 sys=0.00, real=0.00 secs] 
66.097: [GC 66.097: [ParNew: 7562K->150K(7616K), 0.0015684 secs] 17241K->10566K(24732K), 0.0016355 secs] [Times: user=0.00 sys=0.00, real=0.00 secs] 
66.102: [GC 66.102: [ParNew: 6672K->668K(7616K), 0.0011384 secs] 17088K->11084K(24732K), 0.0012059 secs] [Times: user=0.00 sys=0.00, real=0.00 secs] 
66.109: [GC 66.109: [ParNew: 7191K->464K(7616K), 0.0012849 secs] 17606K->11176K(24732K), 0.0013783 secs] [Times: user=0.00 sys=0.00, real=0.00 secs] 
66.115: [GC 66.115: [ParNew: 6977K->711K(7616K), 0.0011771 secs] 17689K->11423K(24732K), 0.0012676 secs] [Times: user=0.00 sys=0.00, real=0.00 secs] 
66.122: [GC 66.122: [ParNew: 7176K->290K(7616K), 0.0008371 secs] 17888K->11090K(24732K), 0.0008942 secs] [Times: user=0.00 sys=0.00, real=0.00 secs] 
66.130: [GC 66.130: [ParNew: 6818K->295K(7616K), 0.0007492 secs] 17618K->11095K(24732K), 0.0008032 secs] [Times: user=0.00 sys=0.00, real=0.00 secs] 
66.137: [GC 66.137: [ParNew: 6808K->571K(7616K), 0.0009530 secs] 17608K->11371K(24732K), 0.0010865 secs] [Times: user=0.00 sys=0.00, real=0.00 secs] 
66.143: [GC 66.143: [ParNew: 7098K->457K(7616K), 0.0012941 secs] 17898K->11316K(24732K), 0.0013576 secs] [Times: user=0.00 sys=0.00, real=0.00 secs] 
66.148: [GC 66.148: [ParNew: 6942K->520K(7616K), 0.0012001 secs] 17801K->11379K(24732K), 0.0012785 secs] [Times: user=0.00 sys=0.00, real=0.01 secs] 
66.153: [GC 66.153: [ParNew: 7042K->593K(7616K), 0.0010957 secs] 17901K->11452K(24732K), 0.0011769 secs] [Times: user=0.01 sys=0.00, real=0.00 secs] 
66.158: [GC 66.159: [ParNew: 7113K->663K(7616K), 0.0011888 secs] 17972K->11669K(24732K), 0.0012612 secs] [Times: user=0.00 sys=0.00, real=0.01 secs] 
66.164: [GC 66.164: [ParNew: 7175K->735K(7616K), 0.0016734 secs] 18180K->12020K(24732K), 0.0017451 secs] [Times: user=0.00 sys=0.00, real=0.00 secs] 
66.171: [GC 66.171: [ParNew: 7179K->136K(7616K), 0.0009931 secs] 18463K->11765K(24732K), 0.0010697 secs] [Times: user=0.00 sys=0.00, real=0.00 secs] 
66.175: [GC 66.175: [ParNew: 6601K->497K(7616K), 0.0009565 secs] 18231K->12127K(24732K), 0.0010172 secs] [Times: user=0.00 sys=0.00, real=0.00 secs] 
66.181: [GC 66.181: [ParNew: 6990K->965K(7616K), 0.0015720 secs] 18620K->12594K(24732K), 0.0016599 secs] [Times: user=0.00 sys=0.00, real=0.00 secs] 
66.187: [GC 66.187: [ParNew: 7470K->374K(7616K), 0.0024458 secs] 19100K->12891K(24732K), 0.0025415 secs] [Times: user=0.00 sys=0.00, real=0.01 secs] 
66.194: [GC 66.194: [ParNew: 6844K->548K(7616K), 0.0010544 secs] 19361K->13065K(24732K), 0.0011142 secs] [Times: user=0.01 sys=0.00, real=0.00 secs] 
66.199: [GC 66.199: [ParNew: 7042K->601K(7616K), 0.0010969 secs] 19559K->13255K(24732K), 0.0011988 secs] [Times: user=0.01 sys=0.00, real=0.00 secs] 
66.204: [GC 66.204: [ParNew: 7029K->274K(7616K), 0.0009072 secs] 19682K->13134K(24732K), 0.0009623 secs] [Times: user=0.00 sys=0.00, real=0.00 secs] 
66.210: [GC 66.210: [ParNew: 6788K->271K(7616K), 0.0028031 secs] 19648K->13131K(24732K), 0.0029166 secs] [Times: user=0.00 sys=0.00, real=0.00 secs] 
66.218: [GC 66.218: [ParNew: 6795K->885K(7616K), 0.0014149 secs] 19655K->13745K(24732K), 0.0014790 secs] [Times: user=0.00 sys=0.00, real=0.01 secs] 
66.226: [GC 66.226: [ParNew: 7413K->373K(7616K), 0.0013664 secs] 20273K->13641K(24732K), 0.0014332 secs] [Times: user=0.00 sys=0.00, real=0.00 secs] 
66.234: [GC 66.234: [ParNew: 6844K->550K(7616K), 0.0009578 secs] 20112K->13818K(24732K), 0.0010326 secs] [Times: user=0.00 sys=0.00, real=0.00 secs] 
66.240: [GC 66.240: [ParNew: 7076K->918K(7616K), 0.0017682 secs] 20345K->14323K(24732K), 0.0018353 secs] [Times: user=0.00 sys=0.00, real=0.00 secs] 
66.247: [GC 66.247: [ParNew: 7422K->561K(7616K), 0.0016676 secs] 20827K->14560K(24732K), 0.0017672 secs] [Times: user=0.00 sys=0.01, real=0.00 secs] 
66.253: [GC 66.253: [ParNew: 7079K->250K(7616K), 0.0012828 secs] 21078K->14724K(24732K), 0.0013518 secs] [Times: user=0.00 sys=0.00, real=0.00 secs] 
66.262: [GC 66.262: [ParNew: 6680K->634K(7616K), 0.0012048 secs] 21154K->15107K(24732K), 0.0012819 secs] [Times: user=0.00 sys=0.00, real=0.00 secs] 
66.267: [GC 66.267: [ParNew: 7132K->330K(7616K), 0.0010498 secs] 21605K->15120K(24732K), 0.0011138 secs] [Times: user=0.01 sys=0.00, real=0.00 secs] 
66.272: [GC 66.272: [ParNew: 6855K->455K(7616K), 0.0013031 secs] 21645K->15245K(24732K), 0.0013738 secs] [Times: user=0.00 sys=0.00, real=0.00 secs] 
66.278: [GC 66.278: [ParNew: 6983K->443K(7616K), 0.0011252 secs] 21773K->15233K(24732K), 0.0011931 secs] [Times: user=0.00 sys=0.00, real=0.01 secs] 
66.288: [GC 66.288: [ParNew: 6945K->386K(7616K), 0.0010947 secs] 21735K->15176K(24732K), 0.0011753 secs] [Times: user=0.00 sys=0.00, real=0.01 secs] 
66.293: [GC 66.293: [ParNew: 6896K->320K(7616K), 0.0009144 secs] 21686K->15110K(24732K), 0.0009666 secs] [Times: user=0.00 sys=0.00, real=0.00 secs] 
66.299: [GC 66.299: [ParNew: 6791K->1052K(7616K), 0.0014978 secs] 21582K->15972K(24732K), 0.0015680 secs] [Times: user=0.00 sys=0.00, real=0.00 secs] 
66.306: [GC 66.306: [ParNew: 7544K->85K(7616K), 0.0023249 secs] 22464K->15978K(24732K), 0.0023956 secs] [Times: user=0.00 sys=0.00, real=0.00 secs] 
66.312: [GC 66.312: [ParNew: 6613K->234K(7616K), 0.0007237 secs] 22506K->16127K(24732K), 0.0007784 secs] [Times: user=0.00 sys=0.00, real=0.00 secs] 
66.317: [GC 66.317: [ParNew: 6755K->504K(7616K), 0.0010228 secs] 22648K->16396K(24732K), 0.0010910 secs] [Times: user=0.00 sys=0.00, real=0.00 secs] 
66.322: [GC 66.322: [ParNew: 7031K->621K(7616K), 0.0013562 secs] 22923K->16513K(24732K), 0.0014206 secs] [Times: user=0.00 sys=0.00, real=0.00 secs] 
66.327: [GC 66.327: [ParNew: 7132K->462K(7616K), 0.0018375 secs] 23025K->16587K(24732K), 0.0019194 secs] [Times: user=0.01 sys=0.00, real=0.01 secs] 
66.333: [GC 66.333: [ParNew: 6931K->823K(7616K), 0.0013372 secs] 23055K->16947K(24732K), 0.0014029 secs] [Times: user=0.01 sys=0.00, real=0.00 secs] 
66.339: [GC 66.339: [ParNew: 7337K->829K(7616K), 0.0015874 secs] 23462K->17310K(24732K), 0.0016968 secs] [Times: user=0.00 sys=0.00, real=0.00 secs] 
66.345: [GC 66.345: [ParNew: 7320K->690K(7616K), 0.0014957 secs] 23801K->17509K(24732K), 0.0015660 secs] [Times: user=0.00 sys=0.00, real=0.00 secs] 
66.352: [GC 66.352: [ParNew: 7197K->580K(7616K), 0.0022040 secs] 24016K->17533K(24732K), 0.0023091 secs] [Times: user=0.00 sys=0.00, real=0.00 secs] 
66.359: [GC 66.359: [ParNew: 7093K->207K(7616K), 0.0009263 secs]66.360: [Tenured: 17131K->8558K(17308K), 0.0715911 secs] 24046K->8558K(24924K), [Perm : 10712K->10712K(21248K)], 0.0727335 secs] [Times: user=0.07 sys=0.00, real=0.07 secs] 
66.436: [GC 66.436: [ParNew: 6520K->387K(7616K), 0.0010685 secs] 15078K->8946K(24732K), 0.0011246 secs] [Times: user=0.00 sys=0.00, real=0.00 secs] 
66.442: [GC 66.442: [ParNew: 6898K->493K(7616K), 0.0012293 secs] 15457K->9052K(24732K), 0.0013406 secs] [Times: user=0.00 sys=0.00, real=0.00 secs] 
66.448: [GC 66.448: [ParNew: 7021K->477K(7616K), 0.0009881 secs] 15580K->9036K(24732K), 0.0010466 secs] [Times: user=0.00 sys=0.00, real=0.01 secs] 
66.453: [GC 66.453: [ParNew: 6941K->797K(7616K), 0.0013797 secs] 15500K->9356K(24732K), 0.0014493 secs] [Times: user=0.01 sys=0.00, real=0.00 secs] 
66.458: [GC 66.458: [ParNew: 7249K->537K(7616K), 0.0013261 secs] 15808K->9468K(24732K), 0.0013937 secs] [Times: user=0.01 sys=0.00, real=0.01 secs] 
66.464: [GC 66.464: [ParNew: 7042K->981K(7616K), 0.0012729 secs] 15974K->9912K(24732K), 0.0013441 secs] [Times: user=0.00 sys=0.00, real=0.00 secs] 
66.469: [GC 66.469: [ParNew: 7494K->112K(7616K), 0.0014336 secs] 16425K->9971K(24732K), 0.0015045 secs] [Times: user=0.00 sys=0.00, real=0.00 secs] 
66.475: [GC 66.475: [ParNew: 6634K->429K(7616K), 0.0008924 secs] 16492K->10288K(24732K), 0.0009483 secs] [Times: user=0.00 sys=0.00, real=0.00 secs] 
66.480: [GC 66.480: [ParNew: 6956K->789K(7616K), 0.0013344 secs] 16814K->10648K(24732K), 0.0014716 secs] [Times: user=0.00 sys=0.00, real=0.00 secs] 
66.485: [GC 66.485: [ParNew: 7203K->367K(7616K), 0.0014539 secs] 17061K->10547K(24732K), 0.0015349 secs] [Times: user=0.00 sys=0.00, real=0.00 secs] 
66.491: [GC 66.491: [ParNew: 6858K->487K(7616K), 0.0019082 secs] 17039K->10667K(24732K), 0.0019843 secs] [Times: user=0.00 sys=0.00, real=0.00 secs] 
66.497: [GC 66.497: [ParNew: 7015K->495K(7616K), 0.0009586 secs] 17195K->10675K(24732K), 0.0010167 secs] [Times: user=0.01 sys=0.00, real=0.00 secs] 
66.503: [GC 66.503: [ParNew: 7010K->504K(7616K), 0.0012042 secs] 17191K->10684K(24732K), 0.0012672 secs] [Times: user=0.00 sys=0.01, real=0.00 secs] 
66.508: [GC 66.508: [ParNew: 7005K->604K(7616K), 0.0011104 secs] 17185K->10785K(24732K), 0.0011722 secs] [Times: user=0.01 sys=0.00, real=0.01 secs] 
66.513: [GC 66.513: [ParNew: 7106K->995K(7616K), 0.0013279 secs] 17286K->11253K(24732K), 0.0013944 secs] [Times: user=0.00 sys=0.00, real=0.00 secs] 
66.518: [GC 66.519: [ParNew: 7507K->308K(7616K), 0.0013185 secs] 17766K->11198K(24732K), 0.0013893 secs] [Times: user=0.00 sys=0.00, real=0.01 secs] 
66.524: [GC 66.524: [ParNew: 6750K->215K(7616K), 0.0009030 secs] 17640K->11105K(24732K), 0.0009551 secs] [Times: user=0.00 sys=0.00, real=0.00 secs] 
66.529: [GC 66.529: [ParNew: 6700K->450K(7616K), 0.0009661 secs] 17589K->11339K(24732K), 0.0010379 secs] [Times: user=0.00 sys=0.00, real=0.00 secs] 
66.534: [GC 66.534: [ParNew: 6976K->712K(7616K), 0.0011559 secs] 17865K->11601K(24732K), 0.0012316 secs] [Times: user=0.00 sys=0.00, real=0.00 secs] 
66.540: [GC 66.540: [ParNew: 7229K->378K(7616K), 0.0011890 secs] 18118K->11551K(24732K), 0.0012776 secs] [Times: user=0.00 sys=0.00, real=0.00 secs] 
66.545: [GC 66.545: [ParNew: 6892K->499K(7616K), 0.0010244 secs] 18066K->11673K(24732K), 0.0010830 secs] [Times: user=0.01 sys=0.00, real=0.00 secs] 
66.550: [GC 66.550: [ParNew: 7019K->801K(7616K), 0.0017542 secs] 18193K->11975K(24732K), 0.0018252 secs] [Times: user=0.00 sys=0.00, real=0.00 secs] 
66.556: [GC 66.556: [ParNew: 7259K->720K(7616K), 0.0012891 secs] 18433K->12193K(24732K), 0.0013632 secs] [Times: user=0.00 sys=0.00, real=0.00 secs] 
66.562: [GC 66.562: [ParNew: 7221K->599K(7616K), 0.0010480 secs] 18694K->12344K(24732K), 0.0011119 secs] [Times: user=0.00 sys=0.00, real=0.00 secs] 
66.568: [GC 66.568: [ParNew: 7126K->565K(7616K), 0.0013741 secs] 18871K->12554K(24732K), 0.0014427 secs] [Times: user=0.00 sys=0.00, real=0.01 secs] 
66.573: [GC 66.573: [ParNew: 7073K->523K(7616K), 0.0015295 secs] 19062K->12871K(24732K), 0.0016022 secs] [Times: user=0.00 sys=0.00, real=0.00 secs] 
66.578: [GC 66.578: [ParNew: 7049K->770K(7616K), 0.0013702 secs] 19398K->13118K(24732K), 0.0014448 secs] [Times: user=0.00 sys=0.00, real=0.01 secs] 
66.584: [GC 66.584: [ParNew: 7275K->353K(7616K), 0.0022110 secs] 19624K->13223K(24732K), 0.0022823 secs] [Times: user=0.00 sys=0.00, real=0.00 secs] 
66.590: [GC 66.590: [ParNew: 6838K->1058K(7616K), 0.0018523 secs] 19707K->13927K(24732K), 0.0019500 secs] [Times: user=0.00 sys=0.00, real=0.00 secs] 
66.596: [GC 66.596: [ParNew: 7569K->283K(7616K), 0.0015386 secs] 20438K->13788K(24732K), 0.0016080 secs] [Times: user=0.01 sys=0.00, real=0.00 secs] 
66.602: [GC 66.602: [ParNew: 6771K->425K(7616K), 0.0008653 secs] 20275K->13929K(24732K), 0.0009236 secs] [Times: user=0.01 sys=0.00, real=0.00 secs] 
66.606: [GC 66.606: [ParNew: 6935K->467K(7616K), 0.0009950 secs] 20439K->13972K(24732K), 0.0010514 secs] [Times: user=0.00 sys=0.00, real=0.00 secs] 
66.611: [GC 66.611: [ParNew: 6936K->879K(7616K), 0.0013681 secs] 20441K->14383K(24732K), 0.0014407 secs] [Times: user=0.00 sys=0.00, real=0.00 secs] 
66.617: [GC 66.617: [ParNew: 7394K->322K(7616K), 0.0014210 secs] 20898K->14413K(24732K), 0.0014881 secs] [Times: user=0.00 sys=0.00, real=0.00 secs] 
66.623: [GC 66.623: [ParNew: 6838K->1042K(7616K), 0.0014489 secs] 20930K->15287K(24732K), 0.0015205 secs] [Times: user=0.00 sys=0.00, real=0.00 secs] 
66.628: [GC 66.629: [ParNew: 7524K->335K(7616K), 0.0018956 secs] 21769K->15473K(24732K), 0.0019768 secs] [Times: user=0.00 sys=0.00, real=0.01 secs] 
66.636: [GC 66.636: [ParNew: 6821K->957K(7616K), 0.0019240 secs] 21959K->16096K(24732K), 0.0019995 secs] [Times: user=0.00 sys=0.00, real=0.00 secs] 
66.643: [GC 66.643: [ParNew: 7408K->730K(7616K), 0.0017624 secs] 22546K->16645K(24732K), 0.0019467 secs] [Times: user=0.00 sys=0.00, real=0.00 secs] 
66.649: [GC 66.649: [ParNew: 7256K->458K(7616K), 0.0014972 secs] 23170K->17047K(24732K), 0.0015729 secs] [Times: user=0.00 sys=0.00, real=0.00 secs] 
66.655: [GC 66.655: [ParNew: 6974K->611K(7616K), 0.0010049 secs] 23563K->17200K(24732K), 0.0010643 secs] [Times: user=0.01 sys=0.00, real=0.00 secs] 
66.661: [GC 66.661: [ParNew: 7119K->673K(7616K), 0.0017545 secs] 23709K->17662K(24732K), 0.0018317 secs] [Times: user=0.01 sys=0.00, real=0.00 secs] 
66.668: [GC 66.668: [ParNew: 7147K->764K(7616K), 0.0010994 secs] 24136K->17753K(24732K), 0.0011617 secs] [Times: user=0.01 sys=0.00, real=0.01 secs] 
66.674: [GC 66.675: [ParNew: 7251K->920K(7616K), 0.0016264 secs]66.676: [Tenured: 17391K->8951K(17500K), 0.0719355 secs] 24240K->8951K(25116K), [Perm : 10713K->10713K(21248K)], 0.0739090 secs] [Times: user=0.08 sys=0.00, real=0.07 secs] 
66.752: [GC 66.752: [ParNew: 6522K->333K(7616K), 0.0007866 secs] 15473K->9284K(24732K), 0.0008403 secs] [Times: user=0.00 sys=0.00, real=0.00 secs] 
66.760: [GC 66.760: [ParNew: 6855K->554K(7616K), 0.0014931 secs] 15806K->9506K(24732K), 0.0015697 secs] [Times: user=0.00 sys=0.00, real=0.00 secs] 
66.765: [GC 66.765: [ParNew: 7062K->514K(7616K), 0.0010863 secs] 16014K->9689K(24732K), 0.0011502 secs] [Times: user=0.00 sys=0.00, real=0.00 secs] 
66.770: [GC 66.770: [ParNew: 7040K->595K(7616K), 0.0012848 secs] 16215K->9770K(24732K), 0.0013511 secs] [Times: user=0.00 sys=0.00, real=0.00 secs] 
66.778: [GC 66.778: [ParNew: 7113K->394K(7616K), 0.0016170 secs] 16288K->9829K(24732K), 0.0017178 secs] [Times: user=0.00 sys=0.00, real=0.01 secs] 
66.784: [GC 66.784: [ParNew: 6873K->560K(7616K), 0.0010009 secs] 16308K->9995K(24732K), 0.0010541 secs] [Times: user=0.00 sys=0.00, real=0.00 secs] 
66.791: [GC 66.791: [ParNew: 7069K->397K(7616K), 0.0013809 secs] 16504K->9999K(24732K), 0.0014571 secs] [Times: user=0.01 sys=0.00, real=0.00 secs] 
66.797: [GC 66.797: [ParNew: 6919K->532K(7616K), 0.0009937 secs] 16521K->10134K(24732K), 0.0010511 secs] [Times: user=0.01 sys=0.00, real=0.00 secs] 
66.804: [GC 66.804: [ParNew: 7060K->793K(7616K), 0.0011577 secs] 16662K->10395K(24732K), 0.0012418 secs] [Times: user=0.01 sys=0.00, real=0.00 secs] 
66.809: [GC 66.809: [ParNew: 7313K->399K(7616K), 0.0012961 secs] 16915K->10332K(24732K), 0.0013614 secs] [Times: user=0.01 sys=0.00, real=0.00 secs] 
66.815: [GC 66.815: [ParNew: 6895K->451K(7616K), 0.0010843 secs] 16829K->10385K(24732K), 0.0011556 secs] [Times: user=0.00 sys=0.00, real=0.00 secs] 
66.821: [GC 66.821: [ParNew: 6923K->696K(7616K), 0.0011301 secs] 16857K->10630K(24732K), 0.0011940 secs] [Times: user=0.00 sys=0.00, real=0.00 secs] 
66.827: [GC 66.827: [ParNew: 7221K->625K(7616K), 0.0012512 secs] 17155K->10770K(24732K), 0.0013320 secs] [Times: user=0.00 sys=0.00, real=0.00 secs] 
66.833: [GC 66.833: [ParNew: 7142K->619K(7616K), 0.0013462 secs] 17288K->10885K(24732K), 0.0014182 secs] [Times: user=0.00 sys=0.00, real=0.00 secs] 
66.843: [GC 66.843: [ParNew: 7042K->815K(7616K), 0.0019995 secs] 17307K->11385K(24732K), 0.0020815 secs] [Times: user=0.00 sys=0.00, real=0.00 secs] 
66.850: [GC 66.850: [ParNew: 7329K->310K(7616K), 0.0014514 secs] 17899K->11488K(24732K), 0.0015185 secs] [Times: user=0.00 sys=0.00, real=0.00 secs] 
66.857: [GC 66.857: [ParNew: 6828K->1053K(7616K), 0.0013067 secs] 18006K->12231K(24732K), 0.0013785 secs] [Times: user=0.00 sys=0.00, real=0.00 secs] 
66.863: [GC 66.863: [ParNew: 7576K->134K(7616K), 0.0014965 secs] 18754K->12208K(24732K), 0.0015828 secs] [Times: user=0.00 sys=0.00, real=0.00 secs] 
66.871: [GC 66.871: [ParNew: 6592K->144K(7616K), 0.0006672 secs] 18666K->12218K(24732K), 0.0007211 secs] [Times: user=0.00 sys=0.00, real=0.00 secs] 
66.877: [GC 66.877: [ParNew: 6672K->943K(7616K), 0.0011414 secs] 18746K->13017K(24732K), 0.0012088 secs] [Times: user=0.00 sys=0.00, real=0.00 secs] 
66.883: [GC 66.883: [ParNew: 7421K->115K(7616K), 0.0011465 secs] 19495K->12929K(24732K), 0.0012133 secs] [Times: user=0.00 sys=0.00, real=0.00 secs] 
66.891: [GC 66.891: [ParNew: 6623K->312K(7616K), 0.0015393 secs] 19437K->13126K(24732K), 0.0016016 secs] [Times: user=0.00 sys=0.00, real=0.00 secs] 
66.896: [GC 66.896: [ParNew: 6817K->381K(7616K), 0.0007381 secs] 19631K->13195K(24732K), 0.0007893 secs] [Times: user=0.00 sys=0.00, real=0.00 secs] 
66.904: [GC 66.904: [ParNew: 6753K->791K(7616K), 0.0013268 secs] 19567K->13605K(24732K), 0.0013966 secs] [Times: user=0.00 sys=0.00, real=0.00 secs] 
66.911: [GC 66.911: [ParNew: 7275K->836K(7616K), 0.0019623 secs] 20089K->14118K(24732K), 0.0020578 secs] [Times: user=0.00 sys=0.00, real=0.00 secs] 
66.918: [GC 66.918: [ParNew: 7345K->474K(7616K), 0.0011365 secs] 20626K->14102K(24732K), 0.0012211 secs] [Times: user=0.00 sys=0.00, real=0.01 secs] 
66.926: [GC 66.926: [ParNew: 6929K->308K(7616K), 0.0017021 secs] 20557K->13936K(24732K), 0.0017772 secs] [Times: user=0.00 sys=0.00, real=0.00 secs] 
66.934: [GC 66.934: [ParNew: 6833K->331K(7616K), 0.0008765 secs] 20461K->13959K(24732K), 0.0009366 secs] [Times: user=0.00 sys=0.00, real=0.00 secs] 
66.939: [GC 66.939: [ParNew: 6848K->265K(7616K), 0.0007374 secs] 20476K->13894K(24732K), 0.0007878 secs] [Times: user=0.00 sys=0.00, real=0.00 secs] 
66.944: [GC 66.944: [ParNew: 6769K->473K(7616K), 0.0009313 secs] 20397K->14101K(24732K), 0.0009992 secs] [Times: user=0.00 sys=0.00, real=0.00 secs] 
66.949: [GC 66.949: [ParNew: 6951K->984K(7616K), 0.0013005 secs] 20579K->14613K(24732K), 0.0013727 secs] [Times: user=0.00 sys=0.00, real=0.00 secs] 
66.954: [GC 66.954: [ParNew: 7487K->275K(7616K), 0.0015285 secs] 21115K->14765K(24732K), 0.0015996 secs] [Times: user=0.00 sys=0.00, real=0.00 secs] 
66.961: [GC 66.961: [ParNew: 6800K->445K(7616K), 0.0013715 secs] 21290K->14935K(24732K), 0.0014435 secs] [Times: user=0.00 sys=0.00, real=0.00 secs] 
66.966: [GC 66.966: [ParNew: 6936K->516K(7616K), 0.0009002 secs] 21426K->15006K(24732K), 0.0009556 secs] [Times: user=0.00 sys=0.00, real=0.00 secs] 
66.971: [GC 66.971: [ParNew: 7036K->724K(7616K), 0.0011840 secs] 21526K->15214K(24732K), 0.0012591 secs] [Times: user=0.01 sys=0.00, real=0.00 secs] 
66.977: [GC 66.977: [ParNew: 7219K->619K(7616K), 0.0012770 secs] 21709K->15325K(24732K), 0.0013463 secs] [Times: user=0.00 sys=0.00, real=0.00 secs] 
66.982: [GC 66.983: [ParNew: 7139K->772K(7616K), 0.0013104 secs] 21845K->15571K(24732K), 0.0013804 secs] [Times: user=0.00 sys=0.00, real=0.00 secs] 
66.988: [GC 66.988: [ParNew: 7298K->687K(7616K), 0.0016503 secs] 22097K->15578K(24732K), 0.0017183 secs] [Times: user=0.00 sys=0.00, real=0.01 secs] 
66.995: [GC 66.995: [ParNew: 7186K->648K(7616K), 0.0010781 secs] 22077K->15649K(24732K), 0.0011422 secs] [Times: user=0.00 sys=0.00, real=0.00 secs] 
67.000: [GC 67.000: [ParNew: 7174K->509K(7616K), 0.0011638 secs] 22175K->15622K(24732K), 0.0012251 secs] [Times: user=0.00 sys=0.00, real=0.00 secs] 
67.006: [GC 67.006: [ParNew: 6988K->663K(7616K), 0.0010183 secs] 22101K->15776K(24732K), 0.0010801 secs] [Times: user=0.00 sys=0.00, real=0.00 secs] 
67.012: [GC 67.012: [ParNew: 7183K->312K(7616K), 0.0009574 secs] 22296K->15710K(24732K), 0.0010156 secs] [Times: user=0.01 sys=0.00, real=0.00 secs] 
67.017: [GC 67.017: [ParNew: 6823K->424K(7616K), 0.0009233 secs] 22221K->15822K(24732K), 0.0009775 secs] [Times: user=0.00 sys=0.00, real=0.00 secs] 
67.022: [GC 67.022: [ParNew: 6930K->788K(7616K), 0.0011416 secs] 22328K->16186K(24732K), 0.0012060 secs] [Times: user=0.00 sys=0.00, real=0.00 secs] 
67.028: [GC 67.028: [ParNew: 7295K->518K(7616K), 0.0016345 secs] 22693K->16661K(24732K), 0.0017072 secs] [Times: user=0.00 sys=0.00, real=0.01 secs] 
67.038: [GC 67.038: [ParNew: 7040K->1047K(7616K), 0.0014798 secs] 23183K->17190K(24732K), 0.0015520 secs] [Times: user=0.00 sys=0.00, real=0.01 secs] 
67.045: [GC 67.045: [ParNew: 7540K->307K(7616K), 0.0014433 secs] 23683K->17132K(24732K), 0.0015122 secs] [Times: user=0.00 sys=0.00, real=0.00 secs] 
67.057: [GC 67.057: [ParNew: 6799K->387K(7616K), 0.0010530 secs] 23624K->17212K(24732K), 0.0011146 secs] [Times: user=0.00 sys=0.00, real=0.00 secs] 
67.062: [GC 67.062: [ParNew: 6915K->539K(7616K), 0.0009620 secs] 23740K->17364K(24732K), 0.0010184 secs] [Times: user=0.00 sys=0.00, real=0.00 secs] 
67.067: [GC 67.067: [ParNew: 7058K->564K(7616K), 0.0011087 secs] 23883K->17389K(24732K), 0.0011688 secs] [Times: user=0.00 sys=0.00, real=0.00 secs] 
67.073: [GC 67.073: [ParNew: 7051K->735K(7616K), 0.0010670 secs] 23876K->17560K(24732K), 0.0011296 secs] [Times: user=0.00 sys=0.00, real=0.00 secs] 
67.080: [GC 67.080: [ParNew: 7256K->512K(7616K), 0.0016659 secs]67.082: [Tenured: 17128K->8543K(17308K), 0.0705741 secs] 24081K->8543K(24924K), [Perm : 10713K->10713K(21248K)], 0.0724815 secs] [Times: user=0.07 sys=0.00, real=0.07 secs] 
67.158: [GC 67.158: [ParNew: 6512K->114K(7616K), 0.0007232 secs] 15055K->8658K(24732K), 0.0007843 secs] [Times: user=0.00 sys=0.00, real=0.01 secs] 
67.164: [GC 67.164: [ParNew: 6637K->313K(7616K), 0.0007457 secs] 15180K->8856K(24732K), 0.0008140 secs] [Times: user=0.01 sys=0.00, real=0.00 secs] 
67.168: [GC 67.168: [ParNew: 6817K->189K(7616K), 0.0007321 secs] 15360K->8732K(24732K), 0.0007818 secs] [Times: user=0.00 sys=0.00, real=0.01 secs] 
67.173: [GC 67.173: [ParNew: 6717K->507K(7616K), 0.0010722 secs] 15260K->9050K(24732K), 0.0011329 secs] [Times: user=0.00 sys=0.00, real=0.00 secs] 
67.179: [GC 67.179: [ParNew: 7035K->811K(7616K), 0.0010406 secs] 15578K->9354K(24732K), 0.0011183 secs] [Times: user=0.00 sys=0.00, real=0.00 secs] 
67.186: [GC 67.186: [ParNew: 7330K->724K(7616K), 0.0019680 secs] 15873K->9689K(24732K), 0.0020468 secs] [Times: user=0.00 sys=0.00, real=0.00 secs] 
67.192: [GC 67.192: [ParNew: 7234K->521K(7616K), 0.0012099 secs] 16199K->9720K(24732K), 0.0012752 secs] [Times: user=0.00 sys=0.00, real=0.00 secs] 
67.198: [GC 67.198: [ParNew: 6961K->848K(7616K), 0.0014676 secs] 16160K->10047K(24732K), 0.0015549 secs] [Times: user=0.00 sys=0.00, real=0.01 secs] 
67.203: [GC 67.203: [ParNew: 7330K->553K(7616K), 0.0012423 secs] 16529K->9959K(24732K), 0.0013104 secs] [Times: user=0.01 sys=0.00, real=0.00 secs] 
67.208: [GC 67.209: [ParNew: 7070K->438K(7616K), 0.0010317 secs] 16475K->9973K(24732K), 0.0010997 secs] [Times: user=0.00 sys=0.00, real=0.01 secs] 
67.214: [GC 67.214: [ParNew: 6922K->840K(7616K), 0.0011743 secs] 16457K->10375K(24732K), 0.0012385 secs] [Times: user=0.00 sys=0.01, real=0.00 secs] 
67.219: [GC 67.219: [ParNew: 7344K->604K(7616K), 0.0015128 secs] 16879K->10442K(24732K), 0.0015872 secs] [Times: user=0.00 sys=0.00, real=0.00 secs] 
67.226: [GC 67.226: [ParNew: 7086K->478K(7616K), 0.0010979 secs] 16924K->10422K(24732K), 0.0011743 secs] [Times: user=0.00 sys=0.00, real=0.00 secs] 
67.231: [GC 67.231: [ParNew: 7001K->512K(7616K), 0.0009799 secs] 16946K->10456K(24732K), 0.0010402 secs] [Times: user=0.00 sys=0.00, real=0.00 secs] 
67.237: [GC 67.237: [ParNew: 7034K->535K(7616K), 0.0016856 secs] 16978K->10479K(24732K), 0.0017817 secs] [Times: user=0.00 sys=0.00, real=0.01 secs] 
67.243: [GC 67.243: [ParNew: 6994K->755K(7616K), 0.0011652 secs] 16938K->10699K(24732K), 0.0012313 secs] [Times: user=0.01 sys=0.00, real=0.00 secs] 
67.249: [GC 67.249: [ParNew: 7272K->1045K(7616K), 0.0018872 secs] 17216K->11188K(24732K), 0.0019665 secs] [Times: user=0.00 sys=0.00, real=0.00 secs] 
67.257: [GC 67.257: [ParNew: 7562K->394K(7616K), 0.0009883 secs] 17704K->10892K(24732K), 0.0010481 secs] [Times: user=0.00 sys=0.00, real=0.00 secs] 
67.264: [GC 67.264: [ParNew: 6892K->791K(7616K), 0.0009854 secs] 17390K->11289K(24732K), 0.0010756 secs] [Times: user=0.00 sys=0.00, real=0.00 secs] 
67.269: [GC 67.270: [ParNew: 7313K->631K(7616K), 0.0015184 secs] 17811K->11358K(24732K), 0.0015856 secs] [Times: user=0.00 sys=0.00, real=0.00 secs] 
67.276: [GC 67.276: [ParNew: 7157K->499K(7616K), 0.0013055 secs] 17883K->11693K(24732K), 0.0013756 secs] [Times: user=0.00 sys=0.00, real=0.00 secs] 
67.283: [GC 67.283: [ParNew: 7024K->958K(7616K), 0.0012280 secs] 18218K->12152K(24732K), 0.0013072 secs] [Times: user=0.00 sys=0.00, real=0.00 secs] 
67.289: [GC 67.289: [ParNew: 7458K->366K(7616K), 0.0012094 secs] 18652K->12028K(24732K), 0.0012791 secs] [Times: user=0.00 sys=0.00, real=0.00 secs] 
67.295: [GC 67.295: [ParNew: 6892K->554K(7616K), 0.0010930 secs] 18554K->12216K(24732K), 0.0011571 secs] [Times: user=0.00 sys=0.00, real=0.00 secs] 
67.300: [GC 67.300: [ParNew: 7067K->634K(7616K), 0.0019037 secs] 18729K->12506K(24732K), 0.0019822 secs] [Times: user=0.01 sys=0.00, real=0.00 secs] 
67.306: [GC 67.306: [ParNew: 7140K->333K(7616K), 0.0014074 secs] 19012K->12434K(24732K), 0.0014715 secs] [Times: user=0.00 sys=0.00, real=0.00 secs] 
67.311: [GC 67.311: [ParNew: 6827K->262K(7616K), 0.0009372 secs] 18929K->12363K(24732K), 0.0009889 secs] [Times: user=0.00 sys=0.00, real=0.00 secs] 
67.316: [GC 67.316: [ParNew: 6787K->763K(7616K), 0.0016810 secs] 18889K->12864K(24732K), 0.0017526 secs] [Times: user=0.00 sys=0.00, real=0.00 secs] 
67.322: [GC 67.322: [ParNew: 7246K->433K(7616K), 0.0013472 secs] 19347K->13043K(24732K), 0.0014229 secs] [Times: user=0.00 sys=0.00, real=0.00 secs] 
67.329: [GC 67.329: [ParNew: 6923K->780K(7616K), 0.0012424 secs] 19532K->13390K(24732K), 0.0013202 secs] [Times: user=0.00 sys=0.00, real=0.01 secs] 
67.338: [GC 67.338: [ParNew: 7273K->363K(7616K), 0.0014213 secs] 19883K->13488K(24732K), 0.0014943 secs] [Times: user=0.00 sys=0.00, real=0.01 secs] 
67.345: [GC 67.345: [ParNew: 6885K->398K(7616K), 0.0010663 secs] 20010K->13523K(24732K), 0.0011333 secs] [Times: user=0.00 sys=0.00, real=0.00 secs] 
67.350: [GC 67.350: [ParNew: 6917K->468K(7616K), 0.0010683 secs] 20042K->13592K(24732K), 0.0011337 secs] [Times: user=0.01 sys=0.00, real=0.00 secs] 
67.356: [GC 67.356: [ParNew: 6892K->552K(7616K), 0.0010327 secs] 20017K->13677K(24732K), 0.0010904 secs] [Times: user=0.01 sys=0.00, real=0.00 secs] 
67.361: [GC 67.361: [ParNew: 7080K->442K(7616K), 0.0011870 secs] 20205K->13714K(24732K), 0.0012518 secs] [Times: user=0.00 sys=0.00, real=0.00 secs] 
67.366: [GC 67.366: [ParNew: 6898K->645K(7616K), 0.0015019 secs] 20170K->13918K(24732K), 0.0015816 secs] [Times: user=0.00 sys=0.00, real=0.00 secs] 
67.372: [GC 67.372: [ParNew: 7153K->637K(7616K), 0.0014526 secs] 20426K->14136K(24732K), 0.0015222 secs] [Times: user=0.00 sys=0.00, real=0.00 secs] 
67.377: [GC 67.377: [ParNew: 7121K->466K(7616K), 0.0013500 secs] 20620K->14173K(24732K), 0.0014176 secs] [Times: user=0.00 sys=0.00, real=0.01 secs] 
67.383: [GC 67.383: [ParNew: 6946K->367K(7616K), 0.0009165 secs] 20653K->14074K(24732K), 0.0009709 secs] [Times: user=0.00 sys=0.00, real=0.00 secs] 
67.388: [GC 67.388: [ParNew: 6851K->634K(7616K), 0.0015948 secs] 20558K->14341K(24732K), 0.0016625 secs] [Times: user=0.00 sys=0.00, real=0.01 secs] 
67.394: [GC 67.394: [ParNew: 7142K->548K(7616K), 0.0011420 secs] 20849K->14352K(24732K), 0.0012067 secs] [Times: user=0.01 sys=0.00, real=0.00 secs] 
67.399: [GC 67.399: [ParNew: 7042K->582K(7616K), 0.0009599 secs] 20847K->14386K(24732K), 0.0010198 secs] [Times: user=0.00 sys=0.00, real=0.00 secs] 
67.404: [GC 67.404: [ParNew: 7094K->343K(7616K), 0.0013753 secs] 20898K->14357K(24732K), 0.0014639 secs] [Times: user=0.00 sys=0.00, real=0.00 secs] 
67.410: [GC 67.410: [ParNew: 6864K->385K(7616K), 0.0009417 secs] 20879K->14400K(24732K), 0.0009956 secs] [Times: user=0.00 sys=0.00, real=0.00 secs] 
67.415: [GC 67.415: [ParNew: 6904K->640K(7616K), 0.0014920 secs] 20918K->14655K(24732K), 0.0015551 secs] [Times: user=0.00 sys=0.00, real=0.00 secs] 
67.420: [GC 67.420: [ParNew: 7131K->702K(7616K), 0.0015986 secs] 21146K->14840K(24732K), 0.0016661 secs] [Times: user=0.01 sys=0.00, real=0.00 secs] 
67.425: [GC 67.426: [ParNew: 7152K->678K(7616K), 0.0014843 secs] 21290K->14981K(24732K), 0.0015539 secs] [Times: user=0.01 sys=0.00, real=0.00 secs] 
67.431: [GC 67.431: [ParNew: 7154K->739K(7616K), 0.0013804 secs] 21458K->15271K(24732K), 0.0014482 secs] [Times: user=0.00 sys=0.00, real=0.00 secs] 
67.436: [GC 67.436: [ParNew: 7228K->742K(7616K), 0.0021847 secs] 21760K->15471K(24732K), 0.0022671 secs] [Times: user=0.00 sys=0.00, real=0.00 secs] 
67.442: [GC 67.443: [ParNew: 7214K->414K(7616K), 0.0012647 secs] 21942K->15428K(24732K), 0.0013681 secs] [Times: user=0.00 sys=0.00, real=0.00 secs] 
67.448: [GC 67.448: [ParNew: 6916K->598K(7616K), 0.0012346 secs] 21930K->15612K(24732K), 0.0013879 secs] [Times: user=0.00 sys=0.00, real=0.01 secs] 
67.454: [GC 67.454: [ParNew: 7049K->348K(7616K), 0.0010286 secs] 22063K->15539K(24732K), 0.0010860 secs] [Times: user=0.00 sys=0.00, real=0.00 secs] 
67.459: [GC 67.459: [ParNew: 6862K->422K(7616K), 0.0009102 secs] 22053K->15613K(24732K), 0.0009813 secs] [Times: user=0.00 sys=0.00, real=0.00 secs] 
67.464: [GC 67.464: [ParNew: 6948K->488K(7616K), 0.0010063 secs] 22139K->15678K(24732K), 0.0010641 secs] [Times: user=0.01 sys=0.00, real=0.00 secs] 
67.469: [GC 67.469: [ParNew: 6946K->617K(7616K), 0.0010485 secs] 22137K->15807K(24732K), 0.0011109 secs] [Times: user=0.00 sys=0.00, real=0.00 secs] 
67.474: [GC 67.474: [ParNew: 7115K->514K(7616K), 0.0011119 secs] 22306K->15811K(24732K), 0.0011761 secs] [Times: user=0.00 sys=0.00, real=0.00 secs] 
67.480: [GC 67.480: [ParNew: 6991K->859K(7616K), 0.0012684 secs] 22288K->16155K(24732K), 0.0013354 secs] [Times: user=0.00 sys=0.00, real=0.00 secs] 
67.485: [GC 67.485: [ParNew: 7351K->821K(7616K), 0.0015479 secs] 22648K->16437K(24732K), 0.0016193 secs] [Times: user=0.00 sys=0.00, real=0.00 secs] 
67.491: [GC 67.492: [ParNew: 7290K->620K(7616K), 0.0012024 secs] 22906K->16534K(24732K), 0.0012745 secs] [Times: user=0.00 sys=0.00, real=0.00 secs] 
67.497: [GC 67.497: [ParNew: 7111K->538K(7616K), 0.0015805 secs] 23025K->16632K(24732K), 0.0016458 secs] [Times: user=0.01 sys=0.00, real=0.00 secs] 
67.503: [GC 67.503: [ParNew: 7062K->693K(7616K), 0.0021135 secs] 23156K->16788K(24732K), 0.0021811 secs] [Times: user=0.00 sys=0.00, real=0.00 secs] 
67.511: [GC 67.511: [ParNew: 7221K->158K(7616K), 0.0012944 secs] 23315K->16558K(24732K), 0.0013525 secs] [Times: user=0.00 sys=0.00, real=0.00 secs] 
67.518: [GC 67.518: [ParNew: 6631K->852K(7616K), 0.0010757 secs] 23031K->17252K(24732K), 0.0011397 secs] [Times: user=0.00 sys=0.00, real=0.01 secs] 
67.523: [GC 67.523: [ParNew: 7355K->228K(7616K), 0.0011644 secs] 23755K->17011K(24732K), 0.0012374 secs] [Times: user=0.01 sys=0.00, real=0.00 secs] 
67.528: [GC 67.528: [ParNew: 6735K->812K(7616K), 0.0014148 secs] 23518K->17595K(24732K), 0.0014801 secs] [Times: user=0.01 sys=0.00, real=0.01 secs] 
67.535: [GC 67.535: [ParNew: 7324K->245K(7616K), 0.0012414 secs]67.536: [Tenured: 17207K->7937K(17308K), 0.0735813 secs] 24107K->7937K(24924K), [Perm : 10713K->10713K(21248K)], 0.0750669 secs] [Times: user=0.07 sys=0.00, real=0.08 secs] 
67.614: [GC 67.614: [ParNew: 6527K->605K(7616K), 0.0009501 secs] 14465K->8542K(24732K), 0.0010126 secs] [Times: user=0.00 sys=0.00, real=0.00 secs] 
67.619: [GC 67.619: [ParNew: 7129K->309K(7616K), 0.0010712 secs] 15066K->8700K(24732K), 0.0011467 secs] [Times: user=0.00 sys=0.00, real=0.00 secs] 
67.624: [GC 67.624: [ParNew: 6787K->495K(7616K), 0.0009103 secs] 15178K->8886K(24732K), 0.0009677 secs] [Times: user=0.00 sys=0.00, real=0.00 secs] 
67.630: [GC 67.630: [ParNew: 6963K->813K(7616K), 0.0011376 secs] 15355K->9205K(24732K), 0.0012048 secs] [Times: user=0.00 sys=0.00, real=0.00 secs] 
67.640: [GC 67.640: [ParNew: 7339K->441K(7616K), 0.0013921 secs] 15730K->9197K(24732K), 0.0014624 secs] [Times: user=0.00 sys=0.00, real=0.00 secs] 
67.648: [GC 67.648: [ParNew: 6969K->1043K(7616K), 0.0015693 secs] 15725K->9999K(24732K), 0.0016779 secs] [Times: user=0.00 sys=0.00, real=0.01 secs] 
67.654: [GC 67.654: [ParNew: 7550K->324K(7616K), 0.0013554 secs] 16505K->9999K(24732K), 0.0014262 secs] [Times: user=0.00 sys=0.00, real=0.00 secs] 
67.660: [GC 67.660: [ParNew: 6823K->619K(7616K), 0.0008954 secs] 16498K->10293K(24732K), 0.0009549 secs] [Times: user=0.00 sys=0.00, real=0.00 secs] 
67.665: [GC 67.665: [ParNew: 7088K->545K(7616K), 0.0011343 secs] 16762K->10458K(24732K), 0.0012205 secs] [Times: user=0.00 sys=0.00, real=0.00 secs] 
67.671: [GC 67.671: [ParNew: 7070K->530K(7616K), 0.0010215 secs] 16983K->10443K(24732K), 0.0010822 secs] [Times: user=0.01 sys=0.00, real=0.00 secs] 
67.677: [GC 67.677: [ParNew: 7033K->769K(7616K), 0.0010254 secs] 16946K->10682K(24732K), 0.0010916 secs] [Times: user=0.00 sys=0.00, real=0.00 secs] 
67.682: [GC 67.682: [ParNew: 7253K->873K(7616K), 0.0013813 secs] 17166K->11016K(24732K), 0.0014562 secs] [Times: user=0.00 sys=0.00, real=0.00 secs] 
67.688: [GC 67.689: [ParNew: 7376K->132K(7616K), 0.0014418 secs] 17518K->10743K(24732K), 0.0015131 secs] [Times: user=0.00 sys=0.00, real=0.01 secs] 
67.694: [GC 67.694: [ParNew: 6638K->232K(7616K), 0.0009077 secs] 17249K->10843K(24732K), 0.0009870 secs] [Times: user=0.00 sys=0.00, real=0.00 secs] 
67.700: [GC 67.700: [ParNew: 6760K->438K(7616K), 0.0007406 secs] 17371K->11049K(24732K), 0.0007927 secs] [Times: user=0.00 sys=0.00, real=0.00 secs] 
67.704: [GC 67.704: [ParNew: 6943K->414K(7616K), 0.0014703 secs] 17554K->11025K(24732K), 0.0015428 secs] [Times: user=0.01 sys=0.00, real=0.00 secs] 
67.710: [GC 67.710: [ParNew: 6802K->844K(7616K), 0.0012762 secs] 17414K->11455K(24732K), 0.0013481 secs] [Times: user=0.00 sys=0.00, real=0.00 secs] 
67.715: [GC 67.716: [ParNew: 7317K->479K(7616K), 0.0015013 secs] 17928K->11453K(24732K), 0.0015683 secs] [Times: user=0.00 sys=0.00, real=0.00 secs] 
67.722: [GC 67.722: [ParNew: 6893K->845K(7616K), 0.0027045 secs] 17867K->11819K(24732K), 0.0027915 secs] [Times: user=0.00 sys=0.00, real=0.00 secs] 
67.730: [GC 67.730: [ParNew: 7360K->582K(7616K), 0.0012277 secs] 18334K->11823K(24732K), 0.0012932 secs] [Times: user=0.00 sys=0.00, real=0.00 secs] 
67.739: [GC 67.739: [ParNew: 6967K->564K(7616K), 0.0023525 secs] 18208K->11970K(24732K), 0.0024320 secs] [Times: user=0.00 sys=0.00, real=0.00 secs] 
67.746: [GC 67.746: [ParNew: 7089K->625K(7616K), 0.0013976 secs] 18495K->12087K(24732K), 0.0014715 secs] [Times: user=0.00 sys=0.00, real=0.00 secs] 
67.753: [GC 67.753: [ParNew: 7149K->813K(7616K), 0.0011759 secs] 18612K->12529K(24732K), 0.0012612 secs] [Times: user=0.00 sys=0.01, real=0.00 secs] 
67.760: [GC 67.760: [ParNew: 7328K->238K(7616K), 0.0012021 secs] 19044K->12533K(24732K), 0.0013020 secs] [Times: user=0.01 sys=0.00, real=0.00 secs] 
67.765: [GC 67.765: [ParNew: 6754K->693K(7616K), 0.0011215 secs] 19049K->12988K(24732K), 0.0011866 secs] [Times: user=0.00 sys=0.00, real=0.00 secs] 
67.774: [GC 67.775: [ParNew: 7197K->643K(7616K), 0.0029746 secs] 19491K->13572K(24732K), 0.0030485 secs] [Times: user=0.00 sys=0.00, real=0.00 secs] 
67.782: [GC 67.782: [ParNew: 7159K->806K(7616K), 0.0016705 secs] 20087K->14317K(24732K), 0.0017418 secs] [Times: user=0.00 sys=0.00, real=0.00 secs] 
67.790: [GC 67.790: [ParNew: 7307K->603K(7616K), 0.0013824 secs] 20818K->14849K(24732K), 0.0014685 secs] [Times: user=0.00 sys=0.00, real=0.00 secs] 
67.796: [GC 67.796: [ParNew: 7121K->365K(7616K), 0.0011789 secs] 21367K->15071K(24732K), 0.0012505 secs] [Times: user=0.00 sys=0.00, real=0.00 secs] 
67.802: [GC 67.802: [ParNew: 6861K->336K(7616K), 0.0007834 secs] 21567K->15041K(24732K), 0.0008352 secs] [Times: user=0.00 sys=0.00, real=0.00 secs] 
67.807: [GC 67.807: [ParNew: 6852K->837K(7616K), 0.0012096 secs] 21558K->15543K(24732K), 0.0012941 secs] [Times: user=0.00 sys=0.00, real=0.00 secs] 
67.813: [GC 67.813: [ParNew: 7322K->917K(7616K), 0.0017543 secs] 22028K->16235K(24732K), 0.0018302 secs] [Times: user=0.00 sys=0.00, real=0.00 secs] 
67.819: [GC 67.819: [ParNew: 7409K->179K(7616K), 0.0012736 secs] 22727K->16125K(24732K), 0.0013384 secs] [Times: user=0.00 sys=0.00, real=0.00 secs] 
67.829: [GC 67.829: [ParNew: 6693K->744K(7616K), 0.0011051 secs] 22639K->16691K(24732K), 0.0011697 secs] [Times: user=0.01 sys=0.00, real=0.00 secs] 
67.834: [GC 67.835: [ParNew: 7271K->107K(7616K), 0.0012920 secs] 23217K->16728K(24732K), 0.0013576 secs] [Times: user=0.01 sys=0.00, real=0.00 secs] 
67.841: [GC 67.841: [ParNew: 6606K->262K(7616K), 0.0008807 secs] 23227K->16884K(24732K), 0.0009350 secs] [Times: user=0.00 sys=0.01, real=0.00 secs] 
67.848: [GC 67.848: [ParNew: 6772K->499K(7616K), 0.0010938 secs] 23394K->17121K(24732K), 0.0011552 secs] [Times: user=0.00 sys=0.00, real=0.01 secs] 
67.853: [GC 67.853: [ParNew: 7001K->557K(7616K), 0.0009177 secs] 23623K->17179K(24732K), 0.0009781 secs] [Times: user=0.00 sys=0.00, real=0.00 secs] 
67.861: [GC 67.861: [ParNew: 7006K->509K(7616K), 0.0010613 secs] 23628K->17197K(24732K), 0.0011741 secs] [Times: user=0.00 sys=0.00, real=0.00 secs] 
67.866: [GC 67.866: [ParNew: 6994K->425K(7616K), 0.0010193 secs] 23683K->17114K(24732K), 0.0010812 secs] [Times: user=0.00 sys=0.00, real=0.00 secs] 
67.872: [GC 67.872: [ParNew: 6931K->438K(7616K), 0.0009286 secs] 23620K->17127K(24732K), 0.0009947 secs] [Times: user=0.00 sys=0.00, real=0.00 secs] 
67.880: [GC 67.880: [ParNew: 6948K->477K(7616K), 0.0012089 secs] 23637K->17165K(24732K), 0.0012712 secs] [Times: user=0.00 sys=0.00, real=0.00 secs] 
67.886: [GC 67.886: [ParNew: 6956K->911K(7616K), 0.0015656 secs] 23645K->17599K(24732K), 0.0016314 secs] [Times: user=0.00 sys=0.00, real=0.00 secs] 
67.894: [GC 67.894: [ParNew: 7418K->665K(7616K), 0.0014304 secs] 24107K->17759K(24732K), 0.0014970 secs] [Times: user=0.00 sys=0.00, real=0.00 secs] 
67.899: [GC 67.900: [ParNew: 7188K->320K(7616K), 0.0011782 secs]67.901: [Tenured: 17437K->7700K(17500K), 0.0721737 secs] 24282K->7700K(25116K), [Perm : 10713K->10713K(21248K)], 0.0737039 secs] [Times: user=0.07 sys=0.00, real=0.07 secs] 
67.979: [GC 67.979: [ParNew: 6513K->296K(7616K), 0.0007283 secs] 14213K->7996K(24732K), 0.0007938 secs] [Times: user=0.00 sys=0.00, real=0.01 secs] 
67.983: [GC 67.983: [ParNew: 6807K->609K(7616K), 0.0009665 secs] 14508K->8309K(24732K), 0.0010397 secs] [Times: user=0.00 sys=0.00, real=0.00 secs] 
67.989: [GC 67.989: [ParNew: 7113K->470K(7616K), 0.0009963 secs] 14814K->8233K(24732K), 0.0010532 secs] [Times: user=0.00 sys=0.00, real=0.00 secs] 
67.994: [GC 67.994: [ParNew: 6959K->509K(7616K), 0.0010332 secs] 14722K->8272K(24732K), 0.0011086 secs] [Times: user=0.00 sys=0.00, real=0.00 secs] 
67.999: [GC 67.999: [ParNew: 7003K->521K(7616K), 0.0009883 secs] 14766K->8284K(24732K), 0.0010451 secs] [Times: user=0.00 sys=0.00, real=0.00 secs] 
68.005: [GC 68.005: [ParNew: 7046K->638K(7616K), 0.0010376 secs] 14809K->8402K(24732K), 0.0010986 secs] [Times: user=0.00 sys=0.00, real=0.00 secs] 
68.011: [GC 68.011: [ParNew: 7064K->769K(7616K), 0.0010841 secs] 14827K->8682K(24732K), 0.0011616 secs] [Times: user=0.01 sys=0.00, real=0.00 secs] 
68.017: [GC 68.017: [ParNew: 7249K->533K(7616K), 0.0012108 secs] 15162K->8727K(24732K), 0.0012922 secs] [Times: user=0.00 sys=0.00, real=0.00 secs] 
68.023: [GC 68.023: [ParNew: 7038K->538K(7616K), 0.0010014 secs] 15232K->8732K(24732K), 0.0010615 secs] [Times: user=0.00 sys=0.00, real=0.00 secs] 
68.029: [GC 68.029: [ParNew: 7016K->1033K(7616K), 0.0013817 secs] 15210K->9360K(24732K), 0.0014520 secs] [Times: user=0.00 sys=0.00, real=0.00 secs] 
68.036: [GC 68.036: [ParNew: 7546K->138K(7616K), 0.0013411 secs] 15873K->9165K(24732K), 0.0014246 secs] [Times: user=0.00 sys=0.00, real=0.00 secs] 
68.042: [GC 68.042: [ParNew: 6631K->460K(7616K), 0.0008534 secs] 15659K->9488K(24732K), 0.0009157 secs] [Times: user=0.00 sys=0.00, real=0.00 secs] 
68.047: [GC 68.047: [ParNew: 6971K->632K(7616K), 0.0013653 secs] 15999K->9660K(24732K), 0.0015239 secs] [Times: user=0.01 sys=0.00, real=0.00 secs] 
68.052: [GC 68.052: [ParNew: 7140K->711K(7616K), 0.0022419 secs] 16168K->10072K(24732K), 0.0023169 secs] [Times: user=0.01 sys=0.00, real=0.00 secs] 
68.058: [GC 68.058: [ParNew: 7222K->367K(7616K), 0.0012444 secs] 16583K->9965K(24732K), 0.0014359 secs] [Times: user=0.00 sys=0.00, real=0.01 secs] 
68.064: [GC 68.064: [ParNew: 6876K->574K(7616K), 0.0010308 secs] 16474K->10171K(24732K), 0.0010940 secs] [Times: user=0.00 sys=0.00, real=0.00 secs] 
68.069: [GC 68.069: [ParNew: 7075K->1025K(7616K), 0.0020080 secs] 16673K->10877K(24732K), 0.0020821 secs] [Times: user=0.00 sys=0.00, real=0.01 secs] 
68.076: [GC 68.076: [ParNew: 7539K->330K(7616K), 0.0014587 secs] 17390K->10996K(24732K), 0.0015534 secs] [Times: user=0.00 sys=0.00, real=0.00 secs] 
68.082: [GC 68.082: [ParNew: 6847K->557K(7616K), 0.0015924 secs] 17513K->11223K(24732K), 0.0016693 secs] [Times: user=0.00 sys=0.00, real=0.00 secs] 
68.088: [GC 68.088: [ParNew: 6980K->359K(7616K), 0.0012976 secs] 17646K->11233K(24732K), 0.0013904 secs] [Times: user=0.00 sys=0.00, real=0.01 secs] 
68.093: [GC 68.093: [ParNew: 6873K->659K(7616K), 0.0009217 secs] 17748K->11533K(24732K), 0.0009834 secs] [Times: user=0.01 sys=0.00, real=0.00 secs] 
68.098: [GC 68.098: [ParNew: 7181K->356K(7616K), 0.0013557 secs] 18055K->11809K(24732K), 0.0014279 secs] [Times: user=0.01 sys=0.00, real=0.01 secs] 
68.103: [GC 68.103: [ParNew: 6879K->439K(7616K), 0.0011850 secs] 18332K->11892K(24732K), 0.0012964 secs] [Times: user=0.00 sys=0.00, real=0.00 secs] 
68.110: [GC 68.110: [ParNew: 6900K->654K(7616K), 0.0011093 secs] 18353K->12106K(24732K), 0.0012041 secs] [Times: user=0.00 sys=0.00, real=0.00 secs] 
68.115: [GC 68.115: [ParNew: 7180K->460K(7616K), 0.0012706 secs] 18633K->12118K(24732K), 0.0013516 secs] [Times: user=0.00 sys=0.00, real=0.00 secs] 
68.120: [GC 68.120: [ParNew: 6988K->649K(7616K), 0.0014701 secs] 18646K->12306K(24732K), 0.0015353 secs] [Times: user=0.00 sys=0.00, real=0.00 secs] 
68.126: [GC 68.126: [ParNew: 7110K->598K(7616K), 0.0011283 secs] 18767K->12386K(24732K), 0.0011936 secs] [Times: user=0.00 sys=0.00, real=0.00 secs] 
68.131: [GC 68.131: [ParNew: 7080K->391K(7616K), 0.0010316 secs] 18869K->12447K(24732K), 0.0010925 secs] [Times: user=0.01 sys=0.00, real=0.00 secs] 
68.136: [GC 68.136: [ParNew: 6908K->312K(7616K), 0.0008269 secs] 18964K->12368K(24732K), 0.0008788 secs] [Times: user=0.00 sys=0.00, real=0.00 secs] 
68.142: [GC 68.142: [ParNew: 6822K->693K(7616K), 0.0010552 secs] 18878K->12749K(24732K), 0.0011216 secs] [Times: user=0.00 sys=0.00, real=0.00 secs] 
68.147: [GC 68.147: [ParNew: 7212K->1045K(7616K), 0.0017802 secs] 19268K->13336K(24732K), 0.0018671 secs] [Times: user=0.00 sys=0.00, real=0.00 secs] 
68.153: [GC 68.153: [ParNew: 7573K->215K(7616K), 0.0015630 secs] 19864K->13196K(24732K), 0.0016418 secs] [Times: user=0.00 sys=0.00, real=0.00 secs] 
68.159: [GC 68.159: [ParNew: 6741K->520K(7616K), 0.0010389 secs] 19722K->13501K(24732K), 0.0010930 secs] [Times: user=0.00 sys=0.00, real=0.00 secs] 
68.168: [GC 68.168: [ParNew: 7048K->680K(7616K), 0.0025801 secs] 20029K->13660K(24732K), 0.0026548 secs] [Times: user=0.00 sys=0.00, real=0.01 secs] 
68.176: [GC 68.177: [ParNew: 7206K->797K(7616K), 0.0012872 secs] 20187K->14081K(24732K), 0.0013723 secs] [Times: user=0.00 sys=0.00, real=0.00 secs] 
68.182: [GC 68.182: [ParNew: 7275K->530K(7616K), 0.0013688 secs] 20558K->14496K(24732K), 0.0014382 secs] [Times: user=0.00 sys=0.00, real=0.00 secs] 
68.188: [GC 68.188: [ParNew: 7033K->1023K(7616K), 0.0018531 secs] 20999K->15319K(24732K), 0.0019274 secs] [Times: user=0.00 sys=0.00, real=0.01 secs] 
68.197: [GC 68.198: [ParNew: 7551K->323K(7616K), 0.0010261 secs] 21847K->14927K(24732K), 0.0011046 secs] [Times: user=0.00 sys=0.00, real=0.00 secs] 
68.208: [GC 68.208: [ParNew: 6851K->425K(7616K), 0.0016818 secs] 21455K->15029K(24732K), 0.0017610 secs] [Times: user=0.00 sys=0.00, real=0.01 secs] 
68.216: [GC 68.216: [ParNew: 6953K->984K(7616K), 0.0015594 secs] 21557K->15705K(24732K), 0.0016322 secs] [Times: user=0.00 sys=0.00, real=0.00 secs] 
68.222: [GC 68.222: [ParNew: 7489K->699K(7616K), 0.0019757 secs] 22210K->16146K(24732K), 0.0020493 secs] [Times: user=0.01 sys=0.00, real=0.00 secs] 
68.228: [GC 68.229: [ParNew: 7221K->174K(7616K), 0.0018159 secs] 22668K->16264K(24732K), 0.0018859 secs] [Times: user=0.00 sys=0.00, real=0.01 secs] 
68.236: [GC 68.236: [ParNew: 6691K->308K(7616K), 0.0007764 secs] 22780K->16398K(24732K), 0.0008418 secs] [Times: user=0.01 sys=0.00, real=0.00 secs] 
68.242: [GC 68.242: [ParNew: 6769K->249K(7616K), 0.0007202 secs] 22859K->16339K(24732K), 0.0007733 secs] [Times: user=0.00 sys=0.00, real=0.00 secs] 
68.247: [GC 68.247: [ParNew: 6697K->534K(7616K), 0.0009456 secs] 22787K->16624K(24732K), 0.0010089 secs] [Times: user=0.00 sys=0.00, real=0.00 secs] 
68.253: [GC 68.253: [ParNew: 7030K->696K(7616K), 0.0010047 secs] 23120K->16786K(24732K), 0.0010846 secs] [Times: user=0.00 sys=0.00, real=0.00 secs] 
68.260: [GC 68.260: [ParNew: 7224K->511K(7616K), 0.0010193 secs] 23314K->16781K(24732K), 0.0010987 secs] [Times: user=0.00 sys=0.00, real=0.00 secs] 
68.265: [GC 68.265: [ParNew: 7039K->530K(7616K), 0.0010887 secs] 23309K->16800K(24732K), 0.0011482 secs] [Times: user=0.00 sys=0.00, real=0.00 secs] 
68.270: [GC 68.270: [ParNew: 7044K->534K(7616K), 0.0010166 secs] 23314K->16804K(24732K), 0.0010727 secs] [Times: user=0.00 sys=0.00, real=0.00 secs] 
68.276: [GC 68.276: [ParNew: 7062K->858K(7616K), 0.0012093 secs] 23332K->17128K(24732K), 0.0012807 secs] [Times: user=0.00 sys=0.00, real=0.00 secs] 
68.282: [GC 68.282: [ParNew: 7383K->728K(7616K), 0.0015176 secs] 23654K->17323K(24732K), 0.0015908 secs] [Times: user=0.00 sys=0.00, real=0.00 secs] 
68.292: [GC 68.292: [ParNew: 7242K->285K(7616K), 0.0011290 secs] 23837K->17103K(24732K), 0.0011998 secs] [Times: user=0.00 sys=0.00, real=0.00 secs] 
68.298: [GC 68.298: [ParNew: 6784K->129K(7616K), 0.0006943 secs] 23601K->16947K(24732K), 0.0007387 secs] [Times: user=0.01 sys=0.00, real=0.00 secs] 
68.303: [GC 68.303: [ParNew: 6622K->178K(7616K), 0.0007298 secs] 23440K->16996K(24732K), 0.0008086 secs] [Times: user=0.01 sys=0.00, real=0.00 secs] 
68.309: [GC 68.309: [ParNew: 6706K->173K(7616K), 0.0007702 secs] 23524K->16990K(24732K), 0.0008152 secs] [Times: user=0.01 sys=0.00, real=0.01 secs] 
68.313: [GC 68.313: [ParNew: 6689K->490K(7616K), 0.0015407 secs] 23506K->17308K(24732K), 0.0016986 secs] [Times: user=0.00 sys=0.00, real=0.00 secs] 
68.319: [GC 68.319: [ParNew: 7008K->977K(7616K), 0.0017832 secs] 23826K->17795K(24732K), 0.0018608 secs] [Times: user=0.00 sys=0.00, real=0.00 secs] 
68.327: [GC 68.327: [ParNew: 7491K->776K(7616K), 0.0017871 secs]68.329: [Tenured: 17558K->8553K(17692K), 0.0716061 secs] 24308K->8553K(25308K), [Perm : 10713K->10713K(21248K)], 0.0738440 secs] [Times: user=0.07 sys=0.00, real=0.08 secs] 
68.406: [GC 68.406: [ParNew: 6461K->351K(7616K), 0.0008198 secs] 15014K->8904K(24732K), 0.0008861 secs] [Times: user=0.00 sys=0.00, real=0.00 secs] 
68.411: [GC 68.411: [ParNew: 6859K->771K(7616K), 0.0012279 secs] 15412K->9325K(24732K), 0.0012964 secs] [Times: user=0.00 sys=0.00, real=0.00 secs] 
68.416: [GC 68.416: [ParNew: 7268K->632K(7616K), 0.0014342 secs] 15822K->9396K(24732K), 0.0015519 secs] [Times: user=0.01 sys=0.00, real=0.00 secs] 
68.422: [GC 68.422: [ParNew: 7155K->807K(7616K), 0.0016998 secs] 15919K->9961K(24732K), 0.0017789 secs] [Times: user=0.01 sys=0.00, real=0.00 secs] 
68.429: [GC 68.429: [ParNew: 7299K->301K(7616K), 0.0010323 secs] 16454K->9932K(24732K), 0.0011089 secs] [Times: user=0.00 sys=0.00, real=0.00 secs] 
68.435: [GC 68.435: [ParNew: 6808K->570K(7616K), 0.0010243 secs] 16439K->10201K(24732K), 0.0011007 secs] [Times: user=0.00 sys=0.00, real=0.00 secs] 
68.442: [GC 68.442: [ParNew: 7073K->123K(7616K), 0.0014723 secs] 16704K->10284K(24732K), 0.0015698 secs] [Times: user=0.00 sys=0.00, real=0.00 secs] 
68.449: [GC 68.449: [ParNew: 6649K->237K(7616K), 0.0006686 secs] 16810K->10398K(24732K), 0.0007399 secs] [Times: user=0.00 sys=0.00, real=0.01 secs] 
68.453: [GC 68.453: [ParNew: 6762K->378K(7616K), 0.0011935 secs] 16922K->10538K(24732K), 0.0013212 secs] [Times: user=0.00 sys=0.00, real=0.00 secs] 
68.459: [GC 68.459: [ParNew: 6880K->789K(7616K), 0.0011822 secs] 17041K->10950K(24732K), 0.0012527 secs] [Times: user=0.00 sys=0.00, real=0.00 secs] 
68.464: [GC 68.464: [ParNew: 7308K->413K(7616K), 0.0012818 secs] 17469K->10928K(24732K), 0.0013461 secs] [Times: user=0.00 sys=0.00, real=0.00 secs] 
68.469: [GC 68.469: [ParNew: 6912K->441K(7616K), 0.0008985 secs] 17427K->10955K(24732K), 0.0009523 secs] [Times: user=0.00 sys=0.00, real=0.00 secs] 
68.474: [GC 68.474: [ParNew: 6957K->725K(7616K), 0.0012456 secs] 17471K->11239K(24732K), 0.0013114 secs] [Times: user=0.00 sys=0.00, real=0.00 secs] 
68.480: [GC 68.480: [ParNew: 7224K->1020K(7616K), 0.0016917 secs] 17739K->11839K(24732K), 0.0018129 secs] [Times: user=0.00 sys=0.00, real=0.00 secs] 
68.490: [GC 68.490: [ParNew: 7507K->48K(7616K), 0.0014690 secs] 18325K->11843K(24732K), 0.0015367 secs] [Times: user=0.00 sys=0.00, real=0.00 secs] 
68.497: [GC 68.497: [ParNew: 6529K->231K(7616K), 0.0006540 secs] 18324K->12026K(24732K), 0.0007154 secs] [Times: user=0.00 sys=0.00, real=0.00 secs] 
68.503: [GC 68.503: [ParNew: 6748K->359K(7616K), 0.0006727 secs] 18543K->12154K(24732K), 0.0007377 secs] [Times: user=0.00 sys=0.00, real=0.00 secs] 
68.509: [GC 68.510: [ParNew: 6887K->233K(7616K), 0.0006745 secs] 18682K->12027K(24732K), 0.0007351 secs] [Times: user=0.00 sys=0.00, real=0.00 secs] 
68.514: [GC 68.514: [ParNew: 6760K->568K(7616K), 0.0009701 secs] 18555K->12362K(24732K), 0.0010255 secs] [Times: user=0.00 sys=0.00, real=0.00 secs] 
68.521: [GC 68.521: [ParNew: 7083K->259K(7616K), 0.0009476 secs] 18878K->12406K(24732K), 0.0010192 secs] [Times: user=0.00 sys=0.00, real=0.00 secs] 
68.526: [GC 68.526: [ParNew: 6758K->265K(7616K), 0.0006833 secs] 18905K->12412K(24732K), 0.0007308 secs] [Times: user=0.00 sys=0.00, real=0.00 secs] 
68.531: [GC 68.531: [ParNew: 6755K->688K(7616K), 0.0011329 secs] 18902K->12835K(24732K), 0.0011992 secs] [Times: user=0.00 sys=0.00, real=0.00 secs] 
68.536: [GC 68.536: [ParNew: 7182K->550K(7616K), 0.0009930 secs] 19329K->12784K(24732K), 0.0010516 secs] [Times: user=0.00 sys=0.00, real=0.00 secs] 
68.545: [GC 68.545: [ParNew: 7050K->345K(7616K), 0.0011530 secs] 19284K->12917K(24732K), 0.0012597 secs] [Times: user=0.01 sys=0.00, real=0.00 secs] 
68.550: [GC 68.551: [ParNew: 6855K->352K(7616K), 0.0008566 secs] 19427K->12924K(24732K), 0.0009093 secs] [Times: user=0.00 sys=0.00, real=0.00 secs] 
68.558: [GC 68.558: [ParNew: 6803K->584K(7616K), 0.0010780 secs] 19375K->13156K(24732K), 0.0011678 secs] [Times: user=0.00 sys=0.00, real=0.01 secs] 
68.564: [GC 68.564: [ParNew: 7057K->665K(7616K), 0.0013078 secs] 19629K->13394K(24732K), 0.0014019 secs] [Times: user=0.00 sys=0.00, real=0.00 secs] 
68.569: [GC 68.569: [ParNew: 7169K->400K(7616K), 0.0012028 secs] 19897K->13266K(24732K), 0.0012664 secs] [Times: user=0.00 sys=0.01, real=0.00 secs] 
68.576: [GC 68.576: [ParNew: 6914K->646K(7616K), 0.0012526 secs] 19779K->13512K(24732K), 0.0013408 secs] [Times: user=0.00 sys=0.00, real=0.00 secs] 
68.581: [GC 68.581: [ParNew: 7118K->371K(7616K), 0.0013045 secs] 19984K->13351K(24732K), 0.0013824 secs] [Times: user=0.00 sys=0.00, real=0.00 secs] 
68.587: [GC 68.587: [ParNew: 6883K->848K(7616K), 0.0015490 secs] 19863K->13827K(24732K), 0.0016201 secs] [Times: user=0.01 sys=0.00, real=0.00 secs] 
68.592: [GC 68.592: [ParNew: 7350K->146K(7616K), 0.0011398 secs] 20329K->13628K(24732K), 0.0012147 secs] [Times: user=0.00 sys=0.00, real=0.00 secs] 
68.598: [GC 68.598: [ParNew: 6671K->305K(7616K), 0.0008347 secs] 20153K->13787K(24732K), 0.0008889 secs] [Times: user=0.00 sys=0.00, real=0.00 secs] 
68.603: [GC 68.604: [ParNew: 6824K->604K(7616K), 0.0010416 secs] 20306K->14086K(24732K), 0.0011196 secs] [Times: user=0.00 sys=0.00, real=0.00 secs] 
68.610: [GC 68.610: [ParNew: 7122K->777K(7616K), 0.0012327 secs] 20604K->14369K(24732K), 0.0013168 secs] [Times: user=0.00 sys=0.00, real=0.00 secs] 
68.615: [GC 68.615: [ParNew: 7285K->493K(7616K), 0.0018842 secs] 20877K->14473K(24732K), 0.0019528 secs] [Times: user=0.00 sys=0.00, real=0.00 secs] 
68.621: [GC 68.621: [ParNew: 7020K->510K(7616K), 0.0009335 secs] 21000K->14490K(24732K), 0.0009915 secs] [Times: user=0.00 sys=0.00, real=0.00 secs] 
68.626: [GC 68.626: [ParNew: 7024K->889K(7616K), 0.0015377 secs] 21004K->14869K(24732K), 0.0016182 secs] [Times: user=0.01 sys=0.00, real=0.00 secs] 
68.632: [GC 68.632: [ParNew: 7411K->324K(7616K), 0.0013395 secs] 21391K->14939K(24732K), 0.0014126 secs] [Times: user=0.00 sys=0.00, real=0.00 secs] 
68.638: [GC 68.638: [ParNew: 6835K->276K(7616K), 0.0007340 secs] 21450K->14891K(24732K), 0.0007803 secs] [Times: user=0.00 sys=0.00, real=0.01 secs] 
68.643: [GC 68.643: [ParNew: 6767K->732K(7616K), 0.0012332 secs] 21382K->15347K(24732K), 0.0012943 secs] [Times: user=0.00 sys=0.00, real=0.00 secs] 
68.648: [GC 68.648: [ParNew: 7232K->924K(7616K), 0.0016717 secs] 21847K->15776K(24732K), 0.0017655 secs] [Times: user=0.00 sys=0.00, real=0.01 secs] 
68.654: [GC 68.654: [ParNew: 7433K->736K(7616K), 0.0014727 secs] 22285K->15812K(24732K), 0.0015432 secs] [Times: user=0.00 sys=0.00, real=0.00 secs] 
68.660: [GC 68.660: [ParNew: 7263K->543K(7616K), 0.0012200 secs] 22339K->15941K(24732K), 0.0012997 secs] [Times: user=0.00 sys=0.00, real=0.00 secs] 
68.667: [GC 68.667: [ParNew: 7062K->557K(7616K), 0.0012700 secs] 22459K->15954K(24732K), 0.0013300 secs] [Times: user=0.01 sys=0.00, real=0.00 secs] 
68.672: [GC 68.672: [ParNew: 7075K->537K(7616K), 0.0013309 secs] 22472K->15975K(24732K), 0.0013879 secs] [Times: user=0.00 sys=0.00, real=0.00 secs] 
68.678: [GC 68.678: [ParNew: 7050K->617K(7616K), 0.0012464 secs] 22488K->16055K(24732K), 0.0013088 secs] [Times: user=0.00 sys=0.00, real=0.01 secs] 
68.683: [GC 68.683: [ParNew: 7132K->427K(7616K), 0.0010149 secs] 22570K->16013K(24732K), 0.0010728 secs] [Times: user=0.00 sys=0.00, real=0.00 secs] 
68.689: [GC 68.689: [ParNew: 6953K->1013K(7616K), 0.0012271 secs] 22540K->16599K(24732K), 0.0013013 secs] [Times: user=0.00 sys=0.00, real=0.00 secs] 
68.695: [GC 68.695: [ParNew: 7481K->250K(7616K), 0.0012723 secs] 23067K->16456K(24732K), 0.0013515 secs] [Times: user=0.00 sys=0.00, real=0.00 secs] 
68.700: [GC 68.700: [ParNew: 6725K->470K(7616K), 0.0009797 secs] 22931K->16676K(24732K), 0.0010357 secs] [Times: user=0.01 sys=0.00, real=0.00 secs] 
68.705: [GC 68.705: [ParNew: 6982K->915K(7616K), 0.0014139 secs] 23187K->17121K(24732K), 0.0014895 secs] [Times: user=0.01 sys=0.00, real=0.00 secs] 
68.712: [GC 68.712: [ParNew: 7434K->739K(7616K), 0.0014545 secs] 23640K->17392K(24732K), 0.0015248 secs] [Times: user=0.00 sys=0.00, real=0.00 secs] 
68.721: [GC 68.721: [ParNew: 7267K->252K(7616K), 0.0013176 secs] 23920K->17316K(24732K), 0.0013792 secs] [Times: user=0.00 sys=0.00, real=0.00 secs] 
68.727: [GC 68.728: [ParNew: 6722K->425K(7616K), 0.0013609 secs] 23786K->17489K(24732K), 0.0014281 secs] [Times: user=0.01 sys=0.00, real=0.01 secs] 
68.734: [GC 68.734: [ParNew: 6945K->473K(7616K), 0.0008527 secs] 24009K->17538K(24732K), 0.0009048 secs] [Times: user=0.01 sys=0.00, real=0.00 secs] 
68.740: [GC 68.740: [ParNew: 6981K->568K(7616K), 0.0009772 secs] 24045K->17633K(24732K), 0.0010301 secs] [Times: user=0.00 sys=0.00, real=0.00 secs] 
68.745: [GC 68.745: [ParNew: 7086K->952K(7616K), 0.0015492 secs]68.747: [Tenured: 17181K->8549K(17308K), 0.0701065 secs] 24150K->8549K(24924K), [Perm : 10713K->10713K(21248K)], 0.0718922 secs] [Times: user=0.07 sys=0.00, real=0.07 secs] 
68.827: [GC 68.827: [ParNew: 6514K->215K(7616K), 0.0006829 secs] 15064K->8765K(24732K), 0.0007373 secs] [Times: user=0.00 sys=0.00, real=0.00 secs] 
68.832: [GC 68.832: [ParNew: 6743K->460K(7616K), 0.0012082 secs] 15293K->9010K(24732K), 0.0012751 secs] [Times: user=0.00 sys=0.00, real=0.00 secs] 
68.838: [GC 68.838: [ParNew: 6937K->359K(7616K), 0.0016047 secs] 15486K->8909K(24732K), 0.0016751 secs] [Times: user=0.00 sys=0.00, real=0.01 secs] 
68.843: [GC 68.843: [ParNew: 6867K->775K(7616K), 0.0012002 secs] 15417K->9325K(24732K), 0.0012698 secs] [Times: user=0.01 sys=0.00, real=0.00 secs] 
68.850: [GC 68.850: [ParNew: 7300K->511K(7616K), 0.0009545 secs] 15850K->9325K(24732K), 0.0010249 secs] [Times: user=0.00 sys=0.00, real=0.00 secs] 
68.855: [GC 68.855: [ParNew: 6966K->424K(7616K), 0.0009640 secs] 15780K->9238K(24732K), 0.0010237 secs] [Times: user=0.00 sys=0.00, real=0.00 secs] 
68.860: [GC 68.860: [ParNew: 6934K->655K(7616K), 0.0015923 secs] 15749K->9470K(24732K), 0.0016793 secs] [Times: user=0.00 sys=0.00, real=0.00 secs] 
68.866: [GC 68.866: [ParNew: 7157K->398K(7616K), 0.0015520 secs] 15971K->9475K(24732K), 0.0016249 secs] [Times: user=0.00 sys=0.00, real=0.00 secs] 
68.871: [GC 68.872: [ParNew: 6904K->481K(7616K), 0.0012933 secs] 15980K->9557K(24732K), 0.0013634 secs] [Times: user=0.00 sys=0.00, real=0.00 secs] 
68.877: [GC 68.877: [ParNew: 6980K->644K(7616K), 0.0009957 secs] 16056K->9720K(24732K), 0.0010529 secs] [Times: user=0.01 sys=0.00, real=0.00 secs] 
68.883: [GC 68.883: [ParNew: 7144K->313K(7616K), 0.0010746 secs] 16221K->9667K(24732K), 0.0012504 secs] [Times: user=0.01 sys=0.00, real=0.00 secs] 
68.891: [GC 68.891: [ParNew: 6806K->356K(7616K), 0.0012868 secs] 16161K->9711K(24732K), 0.0013467 secs] [Times: user=0.00 sys=0.00, real=0.00 secs] 
68.897: [GC 68.897: [ParNew: 6875K->338K(7616K), 0.0010619 secs] 16230K->9693K(24732K), 0.0011089 secs] [Times: user=0.00 sys=0.00, real=0.00 secs] 
68.902: [GC 68.902: [ParNew: 6805K->607K(7616K), 0.0013707 secs] 16160K->9962K(24732K), 0.0014305 secs] [Times: user=0.00 sys=0.00, real=0.00 secs] 
68.907: [GC 68.907: [ParNew: 7106K->841K(7616K), 0.0012992 secs] 16460K->10267K(24732K), 0.0013742 secs] [Times: user=0.00 sys=0.00, real=0.00 secs] 
68.913: [GC 68.913: [ParNew: 7368K->842K(7616K), 0.0014128 secs] 16794K->10643K(24732K), 0.0014870 secs] [Times: user=0.01 sys=0.00, real=0.00 secs] 
68.918: [GC 68.918: [ParNew: 7244K->151K(7616K), 0.0011508 secs] 17045K->10313K(24732K), 0.0012462 secs] [Times: user=0.01 sys=0.00, real=0.01 secs] 
68.925: [GC 68.925: [ParNew: 6605K->587K(7616K), 0.0009718 secs] 16766K->10748K(24732K), 0.0010456 secs] [Times: user=0.00 sys=0.01, real=0.00 secs] 
68.930: [GC 68.930: [ParNew: 7104K->327K(7616K), 0.0010113 secs] 17265K->10560K(24732K), 0.0010862 secs] [Times: user=0.00 sys=0.00, real=0.00 secs] 
68.935: [GC 68.935: [ParNew: 6845K->552K(7616K), 0.0012350 secs] 17077K->10784K(24732K), 0.0013154 secs] [Times: user=0.00 sys=0.00, real=0.00 secs] 
68.941: [GC 68.941: [ParNew: 7078K->426K(7616K), 0.0009403 secs] 17310K->10725K(24732K), 0.0010128 secs] [Times: user=0.00 sys=0.00, real=0.00 secs] 
68.946: [GC 68.946: [ParNew: 6948K->557K(7616K), 0.0010111 secs] 17247K->10856K(24732K), 0.0010705 secs] [Times: user=0.00 sys=0.00, real=0.00 secs] 
68.952: [GC 68.953: [ParNew: 7079K->723K(7616K), 0.0012924 secs] 17378K->11102K(24732K), 0.0013741 secs] [Times: user=0.00 sys=0.00, real=0.00 secs] 
68.958: [GC 68.958: [ParNew: 7224K->361K(7616K), 0.0016672 secs] 17602K->11059K(24732K), 0.0017372 secs] [Times: user=0.00 sys=0.00, real=0.01 secs] 
68.964: [GC 68.964: [ParNew: 6874K->601K(7616K), 0.0013881 secs] 17572K->11299K(24732K), 0.0014758 secs] [Times: user=0.00 sys=0.00, real=0.00 secs] 
68.971: [GC 68.971: [ParNew: 7101K->787K(7616K), 0.0010973 secs] 17799K->11549K(24732K), 0.0011803 secs] [Times: user=0.00 sys=0.00, real=0.00 secs] 
68.976: [GC 68.976: [ParNew: 7267K->495K(7616K), 0.0014753 secs] 18029K->11649K(24732K), 0.0015629 secs] [Times: user=0.00 sys=0.00, real=0.00 secs] 
68.982: [GC 68.982: [ParNew: 7016K->427K(7616K), 0.0009115 secs] 18170K->11581K(24732K), 0.0009686 secs] [Times: user=0.01 sys=0.00, real=0.00 secs] 
68.988: [GC 68.988: [ParNew: 6935K->878K(7616K), 0.0014142 secs] 18089K->12033K(24732K), 0.0014872 secs] [Times: user=0.00 sys=0.00, real=0.01 secs] 
68.994: [GC 68.994: [ParNew: 7405K->466K(7616K), 0.0012122 secs] 18560K->12013K(24732K), 0.0012791 secs] [Times: user=0.00 sys=0.00, real=0.00 secs] 
68.999: [GC 68.999: [ParNew: 6987K->808K(7616K), 0.0013845 secs] 18534K->12355K(24732K), 0.0014536 secs] [Times: user=0.00 sys=0.00, real=0.00 secs] 
69.004: [GC 69.004: [ParNew: 7329K->420K(7616K), 0.0012678 secs] 18875K->12362K(24732K), 0.0014396 secs] [Times: user=0.00 sys=0.00, real=0.00 secs] 
69.010: [GC 69.010: [ParNew: 6943K->939K(7616K), 0.0013406 secs] 18886K->12881K(24732K), 0.0014140 secs] [Times: user=0.00 sys=0.00, real=0.00 secs] 
69.016: [GC 69.016: [ParNew: 7458K->357K(7616K), 0.0010504 secs] 19400K->12773K(24732K), 0.0011184 secs] [Times: user=0.00 sys=0.00, real=0.00 secs] 
69.022: [GC 69.022: [ParNew: 6853K->615K(7616K), 0.0009989 secs] 19269K->13030K(24732K), 0.0010564 secs] [Times: user=0.01 sys=0.01, real=0.00 secs] 
69.027: [GC 69.027: [ParNew: 7130K->730K(7616K), 0.0010571 secs] 19546K->13146K(24732K), 0.0011186 secs] [Times: user=0.01 sys=0.00, real=0.00 secs] 
69.033: [GC 69.034: [ParNew: 7237K->701K(7616K), 0.0015256 secs] 19652K->13431K(24732K), 0.0016111 secs] [Times: user=0.00 sys=0.00, real=0.00 secs] 
69.039: [GC 69.039: [ParNew: 7228K->588K(7616K), 0.0015922 secs] 19958K->13566K(24732K), 0.0016671 secs] [Times: user=0.00 sys=0.00, real=0.00 secs] 
69.046: [GC 69.046: [ParNew: 7099K->440K(7616K), 0.0010857 secs] 20076K->13489K(24732K), 0.0011646 secs] [Times: user=0.00 sys=0.00, real=0.00 secs] 
69.052: [GC 69.052: [ParNew: 6938K->601K(7616K), 0.0008978 secs] 19986K->13650K(24732K), 0.0009634 secs] [Times: user=0.00 sys=0.00, real=0.00 secs] 
69.057: [GC 69.057: [ParNew: 7129K->670K(7616K), 0.0012592 secs] 20178K->13773K(24732K), 0.0013238 secs] [Times: user=0.00 sys=0.00, real=0.00 secs] 
69.065: [GC 69.065: [ParNew: 7184K->1062K(7616K), 0.0017333 secs] 20287K->14440K(24732K), 0.0018370 secs] [Times: user=0.01 sys=0.00, real=0.00 secs] 
69.071: [GC 69.071: [ParNew: 7579K->138K(7616K), 0.0012353 secs] 20957K->14181K(24732K), 0.0013077 secs] [Times: user=0.01 sys=0.00, real=0.00 secs] 
69.078: [GC 69.078: [ParNew: 6666K->396K(7616K), 0.0008928 secs] 20709K->14439K(24732K), 0.0009455 secs] [Times: user=0.00 sys=0.00, real=0.01 secs] 
69.083: [GC 69.083: [ParNew: 6876K->204K(7616K), 0.0007102 secs] 20919K->14246K(24732K), 0.0007573 secs] [Times: user=0.00 sys=0.00, real=0.00 secs] 
69.088: [GC 69.088: [ParNew: 6716K->667K(7616K), 0.0016319 secs] 20759K->14710K(24732K), 0.0017013 secs] [Times: user=0.00 sys=0.00, real=0.01 secs] 
69.094: [GC 69.094: [ParNew: 7169K->1010K(7616K), 0.0017408 secs] 21212K->15279K(24732K), 0.0018142 secs] [Times: user=0.00 sys=0.00, real=0.00 secs] 
69.099: [GC 69.099: [ParNew: 7529K->658K(7616K), 0.0014792 secs] 21797K->15448K(24732K), 0.0015531 secs] [Times: user=0.00 sys=0.00, real=0.00 secs] 
69.106: [GC 69.106: [ParNew: 7156K->671K(7616K), 0.0011716 secs] 21946K->15772K(24732K), 0.0012374 secs] [Times: user=0.00 sys=0.00, real=0.00 secs] 
69.111: [GC 69.112: [ParNew: 7173K->404K(7616K), 0.0013983 secs] 22274K->16090K(24732K), 0.0014718 secs] [Times: user=0.00 sys=0.00, real=0.00 secs] 
69.118: [GC 69.118: [ParNew: 6795K->444K(7616K), 0.0028261 secs] 22481K->16129K(24732K), 0.0029293 secs] [Times: user=0.00 sys=0.01, real=0.01 secs] 
69.127: [GC 69.127: [ParNew: 6966K->400K(7616K), 0.0010793 secs] 22651K->16085K(24732K), 0.0011552 secs] [Times: user=0.00 sys=0.00, real=0.00 secs] 
69.132: [GC 69.132: [ParNew: 6886K->378K(7616K), 0.0008922 secs] 22572K->16064K(24732K), 0.0009448 secs] [Times: user=0.00 sys=0.00, real=0.00 secs] 
69.137: [GC 69.137: [ParNew: 6889K->457K(7616K), 0.0011576 secs] 22575K->16143K(24732K), 0.0012243 secs] [Times: user=0.00 sys=0.00, real=0.00 secs] 
69.142: [GC 69.143: [ParNew: 6920K->826K(7616K), 0.0013797 secs] 22606K->16511K(24732K), 0.0014695 secs] [Times: user=0.00 sys=0.00, real=0.00 secs] 
69.148: [GC 69.148: [ParNew: 7346K->707K(7616K), 0.0015994 secs] 23031K->16827K(24732K), 0.0016742 secs] [Times: user=0.00 sys=0.00, real=0.01 secs] 
69.155: [GC 69.155: [ParNew: 7234K->797K(7616K), 0.0016203 secs] 23354K->17154K(24732K), 0.0017000 secs] [Times: user=0.00 sys=0.00, real=0.00 secs] 
69.162: [GC 69.162: [ParNew: 7324K->392K(7616K), 0.0013909 secs] 23681K->17186K(24732K), 0.0014634 secs] [Times: user=0.00 sys=0.00, real=0.00 secs] 
69.168: [GC 69.168: [ParNew: 6896K->552K(7616K), 0.0011649 secs] 23690K->17346K(24732K), 0.0012370 secs] [Times: user=0.00 sys=0.00, real=0.01 secs] 
69.173: [GC 69.173: [ParNew: 7035K->846K(7616K), 0.0014682 secs] 23829K->17640K(24732K), 0.0015445 secs] [Times: user=0.00 sys=0.00, real=0.00 secs] 
69.182: [GC 69.182: [ParNew: 7374K->478K(7616K), 0.0011742 secs] 24168K->17524K(24732K), 0.0012390 secs] [Times: user=0.00 sys=0.00, real=0.00 secs] 
69.188: [GC 69.188: [ParNew: 6936K->680K(7616K), 0.0016942 secs] 23982K->17726K(24732K), 0.0017599 secs] [Times: user=0.01 sys=0.00, real=0.01 secs] 
69.193: [GC 69.193: [ParNew: 7203K->609K(7616K), 0.0014686 secs]69.195: [Tenured: 17380K->7403K(17500K), 0.0707398 secs] 24248K->7403K(25116K), [Perm : 10713K->10713K(21248K)], 0.0725367 secs] [Times: user=0.07 sys=0.00, real=0.07 secs] 
69.270: [GC 69.270: [ParNew: 6509K->598K(7616K), 0.0010829 secs] 13912K->8002K(24732K), 0.0011526 secs] [Times: user=0.00 sys=0.00, real=0.00 secs] 
69.275: [GC 69.275: [ParNew: 7103K->547K(7616K), 0.0013590 secs] 14506K->8440K(24732K), 0.0014380 secs] [Times: user=0.00 sys=0.00, real=0.00 secs] 
69.281: [GC 69.281: [ParNew: 7072K->915K(7616K), 0.0014839 secs] 14965K->8809K(24732K), 0.0015635 secs] [Times: user=0.00 sys=0.00, real=0.00 secs] 
69.286: [GC 69.287: [ParNew: 7378K->231K(7616K), 0.0024335 secs] 15272K->8778K(24732K), 0.0025099 secs] [Times: user=0.00 sys=0.00, real=0.01 secs] 
69.304: [GC 69.304: [ParNew: 6755K->124K(7616K), 0.0006860 secs] 15303K->8672K(24732K), 0.0007317 secs] [Times: user=0.00 sys=0.00, real=0.00 secs] 
69.310: [GC 69.310: [ParNew: 6648K->158K(7616K), 0.0007572 secs] 15196K->8705K(24732K), 0.0008039 secs] [Times: user=0.00 sys=0.00, real=0.00 secs] 
69.315: [GC 69.315: [ParNew: 6681K->450K(7616K), 0.0008776 secs] 15229K->8998K(24732K), 0.0009343 secs] [Times: user=0.00 sys=0.00, real=0.00 secs] 
69.319: [GC 69.320: [ParNew: 6966K->635K(7616K), 0.0011516 secs] 15513K->9182K(24732K), 0.0012129 secs] [Times: user=0.00 sys=0.00, real=0.00 secs] 
69.326: [GC 69.326: [ParNew: 7144K->833K(7616K), 0.0011922 secs] 15692K->9489K(24732K), 0.0013363 secs] [Times: user=0.00 sys=0.00, real=0.00 secs] 
69.331: [GC 69.332: [ParNew: 7358K->508K(7616K), 0.0011241 secs] 16013K->9449K(24732K), 0.0011937 secs] [Times: user=0.01 sys=0.00, real=0.00 secs] 
69.336: [GC 69.337: [ParNew: 7028K->391K(7616K), 0.0011534 secs] 15969K->9332K(24732K), 0.0012521 secs] [Times: user=0.00 sys=0.00, real=0.00 secs] 
69.342: [GC 69.342: [ParNew: 6865K->640K(7616K), 0.0011191 secs] 15806K->9581K(24732K), 0.0012069 secs] [Times: user=0.00 sys=0.00, real=0.00 secs] 
69.349: [GC 69.349: [ParNew: 7128K->742K(7616K), 0.0012648 secs] 16070K->9899K(24732K), 0.0013388 secs] [Times: user=0.00 sys=0.00, real=0.01 secs] 
69.354: [GC 69.354: [ParNew: 7213K->386K(7616K), 0.0013093 secs] 16371K->9845K(24732K), 0.0013912 secs] [Times: user=0.00 sys=0.00, real=0.00 secs] 
69.360: [GC 69.360: [ParNew: 6913K->771K(7616K), 0.0009611 secs] 16372K->10230K(24732K), 0.0010251 secs] [Times: user=0.00 sys=0.00, real=0.00 secs] 
69.366: [GC 69.367: [ParNew: 7299K->687K(7616K), 0.0012451 secs] 16758K->10471K(24732K), 0.0013335 secs] [Times: user=0.00 sys=0.00, real=0.00 secs] 
69.372: [GC 69.372: [ParNew: 7156K->579K(7616K), 0.0010945 secs] 16939K->10536K(24732K), 0.0011740 secs] [Times: user=0.01 sys=0.00, real=0.00 secs] 
69.377: [GC 69.378: [ParNew: 7061K->356K(7616K), 0.0010331 secs] 17018K->10475K(24732K), 0.0011093 secs] [Times: user=0.00 sys=0.00, real=0.00 secs] 
69.383: [GC 69.384: [ParNew: 6841K->680K(7616K), 0.0009931 secs] 16960K->10799K(24732K), 0.0010553 secs] [Times: user=0.00 sys=0.00, real=0.00 secs] 
69.389: [GC 69.389: [ParNew: 7151K->441K(7616K), 0.0010620 secs] 17270K->10773K(24732K), 0.0011323 secs] [Times: user=0.00 sys=0.00, real=0.00 secs] 
69.394: [GC 69.394: [ParNew: 6954K->403K(7616K), 0.0011906 secs] 17285K->10734K(24732K), 0.0012722 secs] [Times: user=0.00 sys=0.00, real=0.00 secs] 
69.399: [GC 69.399: [ParNew: 6921K->768K(7616K), 0.0011213 secs] 17253K->11099K(24732K), 0.0011864 secs] [Times: user=0.00 sys=0.00, real=0.00 secs] 
69.405: [GC 69.405: [ParNew: 7248K->805K(7616K), 0.0016653 secs] 17580K->11439K(24732K), 0.0018019 secs] [Times: user=0.01 sys=0.00, real=0.00 secs] 
69.412: [GC 69.412: [ParNew: 7186K->454K(7616K), 0.0010506 secs] 17820K->11412K(24732K), 0.0011131 secs] [Times: user=0.01 sys=0.00, real=0.00 secs] 
69.418: [GC 69.418: [ParNew: 6914K->446K(7616K), 0.0008103 secs] 17872K->11404K(24732K), 0.0008651 secs] [Times: user=0.00 sys=0.00, real=0.01 secs] 
69.424: [GC 69.424: [ParNew: 6934K->986K(7616K), 0.0014730 secs] 17893K->12111K(24732K), 0.0015460 secs] [Times: user=0.00 sys=0.00, real=0.00 secs] 
69.430: [GC 69.430: [ParNew: 7491K->405K(7616K), 0.0012987 secs] 18615K->12081K(24732K), 0.0013680 secs] [Times: user=0.00 sys=0.00, real=0.00 secs] 
69.436: [GC 69.436: [ParNew: 6861K->942K(7616K), 0.0012967 secs] 18537K->12618K(24732K), 0.0013724 secs] [Times: user=0.00 sys=0.00, real=0.00 secs] 
69.445: [GC 69.445: [ParNew: 7450K->201K(7616K), 0.0015021 secs] 19125K->12254K(24732K), 0.0016079 secs] [Times: user=0.00 sys=0.00, real=0.00 secs] 
69.450: [GC 69.451: [ParNew: 6682K->204K(7616K), 0.0006792 secs] 18735K->12257K(24732K), 0.0007251 secs] [Times: user=0.00 sys=0.00, real=0.00 secs] 
69.456: [GC 69.456: [ParNew: 6698K->403K(7616K), 0.0008716 secs] 18751K->12456K(24732K), 0.0009349 secs] [Times: user=0.00 sys=0.00, real=0.00 secs] 
69.461: [GC 69.461: [ParNew: 6930K->682K(7616K), 0.0018969 secs] 18982K->12735K(24732K), 0.0019822 secs] [Times: user=0.00 sys=0.00, real=0.00 secs] 
69.467: [GC 69.467: [ParNew: 7203K->360K(7616K), 0.0011721 secs] 19256K->12808K(24732K), 0.0012467 secs] [Times: user=0.00 sys=0.00, real=0.00 secs] 
69.474: [GC 69.474: [ParNew: 6794K->902K(7616K), 0.0010718 secs] 19242K->13350K(24732K), 0.0011533 secs] [Times: user=0.00 sys=0.00, real=0.00 secs] 
69.480: [GC 69.481: [ParNew: 7426K->556K(7616K), 0.0009204 secs] 19873K->13048K(24732K), 0.0009994 secs] [Times: user=0.00 sys=0.00, real=0.00 secs] 
69.490: [GC 69.490: [ParNew: 6964K->507K(7616K), 0.0010715 secs] 19456K->13212K(24732K), 0.0011355 secs] [Times: user=0.00 sys=0.00, real=0.00 secs] 
69.495: [GC 69.495: [ParNew: 7019K->489K(7616K), 0.0010575 secs] 19724K->13195K(24732K), 0.0011196 secs] [Times: user=0.01 sys=0.00, real=0.00 secs] 
69.502: [GC 69.502: [ParNew: 7017K->480K(7616K), 0.0009895 secs] 19723K->13185K(24732K), 0.0010624 secs] [Times: user=0.01 sys=0.00, real=0.00 secs] 
69.507: [GC 69.507: [ParNew: 6995K->580K(7616K), 0.0009603 secs] 19700K->13285K(24732K), 0.0010196 secs] [Times: user=0.00 sys=0.00, real=0.00 secs] 
69.512: [GC 69.513: [ParNew: 7077K->301K(7616K), 0.0008524 secs] 19782K->13082K(24732K), 0.0009021 secs] [Times: user=0.00 sys=0.00, real=0.00 secs] 
69.517: [GC 69.517: [ParNew: 6820K->383K(7616K), 0.0008697 secs] 19600K->13163K(24732K), 0.0009248 secs] [Times: user=0.00 sys=0.00, real=0.00 secs] 
69.524: [GC 69.524: [ParNew: 6891K->915K(7616K), 0.0011109 secs] 19672K->13696K(24732K), 0.0011729 secs] [Times: user=0.00 sys=0.00, real=0.00 secs] 
69.529: [GC 69.529: [ParNew: 7397K->201K(7616K), 0.0012191 secs] 20177K->13628K(24732K), 0.0012859 secs] [Times: user=0.00 sys=0.00, real=0.00 secs] 
69.535: [GC 69.535: [ParNew: 6684K->663K(7616K), 0.0009664 secs] 20112K->14090K(24732K), 0.0010315 secs] [Times: user=0.00 sys=0.00, real=0.00 secs] 
69.541: [GC 69.541: [ParNew: 7093K->549K(7616K), 0.0011452 secs] 20520K->14096K(24732K), 0.0012069 secs] [Times: user=0.00 sys=0.00, real=0.00 secs] 
69.547: [GC 69.547: [ParNew: 7010K->258K(7616K), 0.0013964 secs] 20556K->14264K(24732K), 0.0014610 secs] [Times: user=0.01 sys=0.00, real=0.00 secs] 
69.553: [GC 69.554: [ParNew: 6786K->689K(7616K), 0.0010442 secs] 20792K->14695K(24732K), 0.0011026 secs] [Times: user=0.00 sys=0.00, real=0.00 secs] 
69.559: [GC 69.559: [ParNew: 7170K->988K(7616K), 0.0015035 secs] 21176K->15168K(24732K), 0.0015884 secs] [Times: user=0.00 sys=0.00, real=0.00 secs] 
69.568: [GC 69.568: [ParNew: 7462K->589K(7616K), 0.0014141 secs] 21642K->15114K(24732K), 0.0016493 secs] [Times: user=0.00 sys=0.00, real=0.01 secs] 
69.574: [GC 69.574: [ParNew: 7104K->473K(7616K), 0.0012452 secs] 21630K->15141K(24732K), 0.0013186 secs] [Times: user=0.00 sys=0.00, real=0.00 secs] 
69.579: [GC 69.579: [ParNew: 6968K->603K(7616K), 0.0014608 secs] 21635K->15271K(24732K), 0.0015397 secs] [Times: user=0.00 sys=0.00, real=0.00 secs] 
69.585: [GC 69.585: [ParNew: 7130K->783K(7616K), 0.0018747 secs] 21798K->15711K(24732K), 0.0019751 secs] [Times: user=0.00 sys=0.01, real=0.00 secs] 
69.591: [GC 69.591: [ParNew: 7302K->838K(7616K), 0.0017464 secs] 22231K->16072K(24732K), 0.0018161 secs] [Times: user=0.00 sys=0.00, real=0.00 secs] 
69.599: [GC 69.599: [ParNew: 7358K->761K(7616K), 0.0014193 secs] 22592K->16481K(24732K), 0.0015082 secs] [Times: user=0.00 sys=0.00, real=0.01 secs] 
69.606: [GC 69.606: [ParNew: 7273K->260K(7616K), 0.0009563 secs] 22994K->16453K(24732K), 0.0010145 secs] [Times: user=0.01 sys=0.00, real=0.00 secs] 
69.611: [GC 69.611: [ParNew: 6787K->324K(7616K), 0.0008064 secs] 22979K->16516K(24732K), 0.0008569 secs] [Times: user=0.00 sys=0.00, real=0.00 secs] 
69.616: [GC 69.616: [ParNew: 6832K->874K(7616K), 0.0014857 secs] 23025K->17066K(24732K), 0.0015535 secs] [Times: user=0.00 sys=0.00, real=0.00 secs] 
69.621: [GC 69.621: [ParNew: 7393K->255K(7616K), 0.0012428 secs] 23586K->16988K(24732K), 0.0013452 secs] [Times: user=0.00 sys=0.00, real=0.00 secs] 
69.627: [GC 69.627: [ParNew: 6769K->259K(7616K), 0.0007352 secs] 23502K->16992K(24732K), 0.0007841 secs] [Times: user=0.00 sys=0.00, real=0.00 secs] 
69.633: [GC 69.633: [ParNew: 6717K->1054K(7616K), 0.0014169 secs] 23450K->17840K(24732K), 0.0014929 secs] [Times: user=0.00 sys=0.00, real=0.00 secs] 
69.639: [GC 69.639: [ParNew: 7582K->236K(7616K), 0.0018032 secs]69.641: [Tenured: 17534K->8370K(17692K), 0.0698965 secs] 24367K->8370K(25308K), [Perm : 10713K->10713K(21248K)], 0.0721172 secs] [Times: user=0.07 sys=0.00, real=0.08 secs] 
69.717: [GC 69.717: [ParNew: 6527K->366K(7616K), 0.0018531 secs] 14897K->8737K(24732K), 0.0019223 secs] [Times: user=0.00 sys=0.00, real=0.01 secs] 
69.724: [GC 69.724: [ParNew: 6893K->492K(7616K), 0.0008272 secs] 15263K->8863K(24732K), 0.0008796 secs] [Times: user=0.00 sys=0.00, real=0.00 secs] 
69.728: [GC 69.728: [ParNew: 7002K->351K(7616K), 0.0009398 secs] 15373K->8721K(24732K), 0.0009945 secs] [Times: user=0.00 sys=0.00, real=0.01 secs] 
69.733: [GC 69.733: [ParNew: 6871K->926K(7616K), 0.0012925 secs] 15241K->9297K(24732K), 0.0013614 secs] [Times: user=0.00 sys=0.00, real=0.00 secs] 
69.739: [GC 69.739: [ParNew: 7448K->640K(7616K), 0.0016092 secs] 15819K->9784K(24732K), 0.0017371 secs] [Times: user=0.00 sys=0.00, real=0.00 secs] 
69.746: [GC 69.747: [ParNew: 7141K->439K(7616K), 0.0009198 secs] 16285K->9895K(24732K), 0.0009963 secs] [Times: user=0.00 sys=0.00, real=0.00 secs] 
69.753: [GC 69.753: [ParNew: 6938K->675K(7616K), 0.0008688 secs] 16395K->10132K(24732K), 0.0009461 secs] [Times: user=0.01 sys=0.00, real=0.00 secs] 
69.758: [GC 69.758: [ParNew: 7180K->316K(7616K), 0.0011088 secs] 16636K->10053K(24732K), 0.0011702 secs] [Times: user=0.00 sys=0.00, real=0.01 secs] 
69.763: [GC 69.763: [ParNew: 6840K->627K(7616K), 0.0010527 secs] 16577K->10364K(24732K), 0.0011228 secs] [Times: user=0.00 sys=0.00, real=0.00 secs] 
69.768: [GC 69.768: [ParNew: 7101K->604K(7616K), 0.0012337 secs] 16838K->10459K(24732K), 0.0013020 secs] [Times: user=0.00 sys=0.00, real=0.01 secs] 
69.773: [GC 69.773: [ParNew: 7032K->726K(7616K), 0.0016435 secs] 16888K->10696K(24732K), 0.0017207 secs] [Times: user=0.00 sys=0.00, real=0.00 secs] 
69.779: [GC 69.779: [ParNew: 7237K->461K(7616K), 0.0010786 secs] 17208K->10707K(24732K), 0.0011408 secs] [Times: user=0.00 sys=0.00, real=0.00 secs] 
69.784: [GC 69.784: [ParNew: 6948K->467K(7616K), 0.0011004 secs] 17194K->10713K(24732K), 0.0011665 secs] [Times: user=0.00 sys=0.00, real=0.00 secs] 
69.790: [GC 69.790: [ParNew: 6958K->707K(7616K), 0.0009851 secs] 17205K->10953K(24732K), 0.0010467 secs] [Times: user=0.00 sys=0.00, real=0.00 secs] 
69.795: [GC 69.795: [ParNew: 7223K->537K(7616K), 0.0011085 secs] 17470K->10961K(24732K), 0.0011708 secs] [Times: user=0.00 sys=0.00, real=0.00 secs] 
69.800: [GC 69.801: [ParNew: 7060K->612K(7616K), 0.0013286 secs] 17484K->11036K(24732K), 0.0014536 secs] [Times: user=0.00 sys=0.00, real=0.00 secs] 
69.806: [GC 69.806: [ParNew: 7135K->790K(7616K), 0.0016552 secs] 17559K->11293K(24732K), 0.0017291 secs] [Times: user=0.00 sys=0.00, real=0.00 secs] 
69.813: [GC 69.813: [ParNew: 7279K->881K(7616K), 0.0014873 secs] 17782K->11742K(24732K), 0.0015794 secs] [Times: user=0.00 sys=0.00, real=0.00 secs] 
69.818: [GC 69.818: [ParNew: 7405K->389K(7616K), 0.0012629 secs] 18266K->11615K(24732K), 0.0013311 secs] [Times: user=0.00 sys=0.00, real=0.01 secs] 
69.824: [GC 69.824: [ParNew: 6830K->803K(7616K), 0.0013692 secs] 18056K->12028K(24732K), 0.0014389 secs] [Times: user=0.00 sys=0.00, real=0.00 secs] 
69.829: [GC 69.829: [ParNew: 7315K->613K(7616K), 0.0012134 secs] 18541K->12126K(24732K), 0.0012978 secs] [Times: user=0.00 sys=0.00, real=0.00 secs] 
69.834: [GC 69.834: [ParNew: 7123K->410K(7616K), 0.0011631 secs] 18636K->12085K(24732K), 0.0012499 secs] [Times: user=0.01 sys=0.01, real=0.00 secs] 
69.841: [GC 69.841: [ParNew: 6921K->808K(7616K), 0.0010569 secs] 18596K->12483K(24732K), 0.0011248 secs] [Times: user=0.00 sys=0.00, real=0.00 secs] 
69.847: [GC 69.847: [ParNew: 7263K->744K(7616K), 0.0020932 secs] 18938K->13001K(24732K), 0.0021702 secs] [Times: user=0.00 sys=0.00, real=0.01 secs] 
69.855: [GC 69.855: [ParNew: 7238K->566K(7616K), 0.0015403 secs] 19496K->13386K(24732K), 0.0016099 secs] [Times: user=0.00 sys=0.00, real=0.00 secs] 
69.860: [GC 69.860: [ParNew: 7047K->319K(7616K), 0.0011219 secs] 19867K->13644K(24732K), 0.0011903 secs] [Times: user=0.00 sys=0.00, real=0.00 secs] 
69.866: [GC 69.866: [ParNew: 6823K->408K(7616K), 0.0011906 secs] 20148K->13733K(24732K), 0.0012540 secs] [Times: user=0.00 sys=0.00, real=0.00 secs] 
69.874: [GC 69.874: [ParNew: 6936K->618K(7616K), 0.0014751 secs] 20261K->13944K(24732K), 0.0015440 secs] [Times: user=0.00 sys=0.00, real=0.00 secs] 
69.880: [GC 69.880: [ParNew: 7117K->608K(7616K), 0.0012046 secs] 20442K->13933K(24732K), 0.0012775 secs] [Times: user=0.01 sys=0.00, real=0.00 secs] 
69.889: [GC 69.889: [ParNew: 7021K->561K(7616K), 0.0024309 secs] 20347K->14026K(24732K), 0.0025104 secs] [Times: user=0.00 sys=0.00, real=0.00 secs] 
69.899: [GC 69.899: [ParNew: 7057K->413K(7616K), 0.0009647 secs] 20522K->13982K(24732K), 0.0010210 secs] [Times: user=0.00 sys=0.00, real=0.00 secs] 
69.904: [GC 69.904: [ParNew: 6921K->364K(7616K), 0.0008028 secs] 20490K->13933K(24732K), 0.0008714 secs] [Times: user=0.00 sys=0.00, real=0.00 secs] 
69.910: [GC 69.910: [ParNew: 6892K->870K(7616K), 0.0011721 secs] 20461K->14439K(24732K), 0.0012363 secs] [Times: user=0.00 sys=0.00, real=0.00 secs] 
69.918: [GC 69.918: [ParNew: 7398K->384K(7616K), 0.0012579 secs] 20967K->14553K(24732K), 0.0013263 secs] [Times: user=0.00 sys=0.00, real=0.01 secs] 
69.923: [GC 69.923: [ParNew: 6891K->308K(7616K), 0.0014460 secs] 21060K->14477K(24732K), 0.0015769 secs] [Times: user=0.00 sys=0.00, real=0.00 secs] 
69.930: [GC 69.930: [ParNew: 6836K->320K(7616K), 0.0007444 secs] 21005K->14489K(24732K), 0.0007904 secs] [Times: user=0.00 sys=0.00, real=0.00 secs] 
69.935: [GC 69.935: [ParNew: 6840K->501K(7616K), 0.0008859 secs] 21009K->14669K(24732K), 0.0009480 secs] [Times: user=0.00 sys=0.00, real=0.00 secs] 
69.941: [GC 69.941: [ParNew: 7016K->579K(7616K), 0.0009698 secs] 21185K->14748K(24732K), 0.0010300 secs] [Times: user=0.00 sys=0.00, real=0.00 secs] 
69.947: [GC 69.947: [ParNew: 7080K->822K(7616K), 0.0012884 secs] 21248K->15103K(24732K), 0.0013569 secs] [Times: user=0.00 sys=0.00, real=0.00 secs] 
69.952: [GC 69.952: [ParNew: 7325K->627K(7616K), 0.0015140 secs] 21606K->15209K(24732K), 0.0016253 secs] [Times: user=0.00 sys=0.00, real=0.00 secs] 
69.959: [GC 69.959: [ParNew: 7120K->459K(7616K), 0.0009179 secs] 21702K->15164K(24732K), 0.0010003 secs] [Times: user=0.00 sys=0.00, real=0.01 secs] 
69.966: [GC 69.966: [ParNew: 6952K->640K(7616K), 0.0010633 secs] 21657K->15345K(24732K), 0.0011352 secs] [Times: user=0.00 sys=0.00, real=0.00 secs] 
69.971: [GC 69.971: [ParNew: 7153K->320K(7616K), 0.0012082 secs] 21859K->15363K(24732K), 0.0012738 secs] [Times: user=0.00 sys=0.00, real=0.00 secs] 
69.977: [GC 69.977: [ParNew: 6819K->549K(7616K), 0.0011237 secs] 21862K->15591K(24732K), 0.0011861 secs] [Times: user=0.01 sys=0.00, real=0.00 secs] 
69.983: [GC 69.983: [ParNew: 7068K->802K(7616K), 0.0010627 secs] 22111K->15873K(24732K), 0.0011268 secs] [Times: user=0.01 sys=0.00, real=0.00 secs] 
69.988: [GC 69.988: [ParNew: 7322K->594K(7616K), 0.0016013 secs] 22394K->15952K(24732K), 0.0016783 secs] [Times: user=0.00 sys=0.00, real=0.01 secs] 
69.995: [GC 69.995: [ParNew: 7110K->325K(7616K), 0.0010479 secs] 22467K->15901K(24732K), 0.0011171 secs] [Times: user=0.00 sys=0.00, real=0.00 secs] 
70.000: [GC 70.000: [ParNew: 6846K->590K(7616K), 0.0009649 secs] 22423K->16167K(24732K), 0.0010238 secs] [Times: user=0.00 sys=0.00, real=0.00 secs] 
70.005: [GC 70.005: [ParNew: 7082K->493K(7616K), 0.0011506 secs] 22658K->16184K(24732K), 0.0012141 secs] [Times: user=0.00 sys=0.00, real=0.00 secs] 
70.012: [GC 70.012: [ParNew: 7001K->726K(7616K), 0.0010908 secs] 22691K->16417K(24732K), 0.0011666 secs] [Times: user=0.00 sys=0.00, real=0.00 secs] 
70.018: [GC 70.018: [ParNew: 7219K->539K(7616K), 0.0013798 secs] 22909K->16503K(24732K), 0.0014728 secs] [Times: user=0.01 sys=0.00, real=0.01 secs] 
70.023: [GC 70.023: [ParNew: 7061K->383K(7616K), 0.0009440 secs] 23025K->16347K(24732K), 0.0010024 secs] [Times: user=0.00 sys=0.00, real=0.00 secs] 
70.028: [GC 70.028: [ParNew: 6904K->562K(7616K), 0.0011418 secs] 22868K->16526K(24732K), 0.0012065 secs] [Times: user=0.00 sys=0.00, real=0.01 secs] 
70.033: [GC 70.033: [ParNew: 7054K->589K(7616K), 0.0014537 secs] 23018K->16616K(24732K), 0.0015271 secs] [Times: user=0.00 sys=0.00, real=0.00 secs] 
70.039: [GC 70.039: [ParNew: 7114K->725K(7616K), 0.0012053 secs] 23142K->16924K(24732K), 0.0012737 secs] [Times: user=0.00 sys=0.00, real=0.00 secs] 
70.044: [GC 70.044: [ParNew: 7215K->429K(7616K), 0.0015147 secs] 23414K->16899K(24732K), 0.0015967 secs] [Times: user=0.00 sys=0.00, real=0.00 secs] 
70.051: [GC 70.051: [ParNew: 6952K->769K(7616K), 0.0010065 secs] 23423K->17239K(24732K), 0.0010696 secs] [Times: user=0.00 sys=0.00, real=0.00 secs] 
70.057: [GC 70.057: [ParNew: 7276K->435K(7616K), 0.0010569 secs] 23747K->17113K(24732K), 0.0011399 secs] [Times: user=0.01 sys=0.00, real=0.00 secs] 
70.064: [GC 70.064: [ParNew: 6959K->701K(7616K), 0.0009988 secs] 23637K->17378K(24732K), 0.0010611 secs] [Times: user=0.00 sys=0.00, real=0.00 secs] 
70.069: [GC 70.069: [ParNew: 7196K->695K(7616K), 0.0013020 secs] 23874K->17584K(24732K), 0.0014148 secs] [Times: user=0.00 sys=0.00, real=0.00 secs] 
70.074: [GC 70.075: [ParNew: 7186K->488K(7616K), 0.0011239 secs] 24075K->17563K(24732K), 0.0011977 secs] [Times: user=0.00 sys=0.00, real=0.00 secs] 
70.080: [GC 70.080: [ParNew: 7003K->751K(7616K), 0.0014023 secs] 24078K->17826K(24732K), 0.0015103 secs] [Times: user=0.00 sys=0.00, real=0.00 secs] 
70.085: [GC 70.086: [ParNew: 7242K->388K(7616K), 0.0012251 secs]70.087: [Tenured: 17406K->8224K(17500K), 0.0691410 secs] 24317K->8224K(25116K), [Perm : 10713K->10713K(21248K)], 0.0706912 secs] [Times: user=0.07 sys=0.00, real=0.07 secs] 
70.161: [GC 70.161: [ParNew: 6500K->363K(7616K), 0.0007412 secs] 14724K->8588K(24732K), 0.0007952 secs] [Times: user=0.00 sys=0.00, real=0.00 secs] 
70.166: [GC 70.166: [ParNew: 6881K->599K(7616K), 0.0010381 secs] 15106K->8823K(24732K), 0.0011042 secs] [Times: user=0.00 sys=0.00, real=0.00 secs] 
70.171: [GC 70.171: [ParNew: 7058K->593K(7616K), 0.0012032 secs] 15282K->9127K(24732K), 0.0012848 secs] [Times: user=0.00 sys=0.00, real=0.00 secs] 
70.177: [GC 70.177: [ParNew: 7115K->336K(7616K), 0.0010759 secs] 15649K->9063K(24732K), 0.0011369 secs] [Times: user=0.00 sys=0.00, real=0.00 secs] 
70.182: [GC 70.182: [ParNew: 6808K->597K(7616K), 0.0011576 secs] 15535K->9324K(24732K), 0.0012312 secs] [Times: user=0.00 sys=0.00, real=0.00 secs] 
70.187: [GC 70.187: [ParNew: 7058K->450K(7616K), 0.0009293 secs] 15786K->9404K(24732K), 0.0009937 secs] [Times: user=0.00 sys=0.00, real=0.00 secs] 
70.193: [GC 70.193: [ParNew: 6964K->366K(7616K), 0.0008273 secs] 15918K->9319K(24732K), 0.0009373 secs] [Times: user=0.00 sys=0.00, real=0.00 secs] 
70.199: [GC 70.199: [ParNew: 6875K->762K(7616K), 0.0010252 secs] 15828K->9715K(24732K), 0.0011039 secs] [Times: user=0.00 sys=0.00, real=0.01 secs] 
70.204: [GC 70.204: [ParNew: 7282K->386K(7616K), 0.0011516 secs] 16236K->9633K(24732K), 0.0012152 secs] [Times: user=0.00 sys=0.00, real=0.00 secs] 
70.209: [GC 70.209: [ParNew: 6879K->483K(7616K), 0.0008943 secs] 16126K->9730K(24732K), 0.0009471 secs] [Times: user=0.00 sys=0.01, real=0.00 secs] 
70.214: [GC 70.214: [ParNew: 6872K->1029K(7616K), 0.0013318 secs] 16119K->10277K(24732K), 0.0014044 secs] [Times: user=0.01 sys=0.00, real=0.00 secs] 
70.220: [GC 70.220: [ParNew: 7548K->342K(7616K), 0.0013308 secs] 16795K->10392K(24732K), 0.0014022 secs] [Times: user=0.01 sys=0.00, real=0.00 secs] 
70.225: [GC 70.225: [ParNew: 6833K->767K(7616K), 0.0010784 secs] 16883K->10817K(24732K), 0.0011448 secs] [Times: user=0.01 sys=0.00, real=0.00 secs] 
70.231: [GC 70.232: [ParNew: 7273K->293K(7616K), 0.0012094 secs] 17323K->11001K(24732K), 0.0012976 secs] [Times: user=0.00 sys=0.00, real=0.00 secs] 
70.238: [GC 70.238: [ParNew: 6788K->396K(7616K), 0.0019000 secs] 17497K->11104K(24732K), 0.0019843 secs] [Times: user=0.00 sys=0.00, real=0.01 secs] 
70.244: [GC 70.244: [ParNew: 6876K->974K(7616K), 0.0014637 secs] 17585K->11835K(24732K), 0.0015351 secs] [Times: user=0.00 sys=0.00, real=0.00 secs] 
70.250: [GC 70.250: [ParNew: 7480K->390K(7616K), 0.0012661 secs] 18341K->11803K(24732K), 0.0013346 secs] [Times: user=0.00 sys=0.00, real=0.00 secs] 
70.255: [GC 70.255: [ParNew: 6876K->720K(7616K), 0.0009547 secs] 18289K->12133K(24732K), 0.0010223 secs] [Times: user=0.00 sys=0.00, real=0.00 secs] 
70.260: [GC 70.260: [ParNew: 7235K->446K(7616K), 0.0013579 secs] 18649K->12289K(24732K), 0.0014411 secs] [Times: user=0.00 sys=0.00, real=0.00 secs] 
70.266: [GC 70.266: [ParNew: 6966K->803K(7616K), 0.0009735 secs] 18809K->12646K(24732K), 0.0010426 secs] [Times: user=0.00 sys=0.00, real=0.00 secs] 
70.272: [GC 70.272: [ParNew: 7255K->394K(7616K), 0.0012462 secs] 19099K->12804K(24732K), 0.0013265 secs] [Times: user=0.01 sys=0.00, real=0.00 secs] 
70.277: [GC 70.277: [ParNew: 6895K->951K(7616K), 0.0013297 secs] 19305K->13361K(24732K), 0.0014256 secs] [Times: user=0.00 sys=0.00, real=0.01 secs] 
70.283: [GC 70.283: [ParNew: 7413K->987K(7616K), 0.0018086 secs] 19823K->13897K(24732K), 0.0019092 secs] [Times: user=0.00 sys=0.00, real=0.00 secs] 
70.290: [GC 70.290: [ParNew: 7458K->593K(7616K), 0.0012033 secs] 20368K->13997K(24732K), 0.0012736 secs] [Times: user=0.00 sys=0.00, real=0.00 secs] 
70.299: [GC 70.299: [ParNew: 7121K->135K(7616K), 0.0011234 secs] 20525K->14069K(24732K), 0.0011833 secs] [Times: user=0.00 sys=0.00, real=0.01 secs] 
70.304: [GC 70.304: [ParNew: 6597K->216K(7616K), 0.0007073 secs] 20532K->14150K(24732K), 0.0007548 secs] [Times: user=0.00 sys=0.00, real=0.00 secs] 
70.310: [GC 70.310: [ParNew: 6725K->383K(7616K), 0.0007747 secs] 20659K->14317K(24732K), 0.0008446 secs] [Times: user=0.00 sys=0.00, real=0.00 secs] 
70.315: [GC 70.315: [ParNew: 6849K->517K(7616K), 0.0009639 secs] 20783K->14451K(24732K), 0.0010206 secs] [Times: user=0.00 sys=0.00, real=0.00 secs] 
70.324: [GC 70.324: [ParNew: 7045K->577K(7616K), 0.0009283 secs] 20979K->14512K(24732K), 0.0010167 secs] [Times: user=0.00 sys=0.00, real=0.00 secs] 
70.330: [GC 70.330: [ParNew: 7105K->387K(7616K), 0.0010002 secs] 21040K->14458K(24732K), 0.0010579 secs] [Times: user=0.00 sys=0.00, real=0.00 secs] 
70.337: [GC 70.337: [ParNew: 6914K->690K(7616K), 0.0019159 secs] 20985K->14760K(24732K), 0.0019835 secs] [Times: user=0.00 sys=0.00, real=0.00 secs] 
70.342: [GC 70.342: [ParNew: 7214K->620K(7616K), 0.0012646 secs] 21285K->14862K(24732K), 0.0013339 secs] [Times: user=0.00 sys=0.00, real=0.00 secs] 
70.348: [GC 70.348: [ParNew: 7140K->705K(7616K), 0.0010554 secs] 21382K->14947K(24732K), 0.0011204 secs] [Times: user=0.01 sys=0.00, real=0.01 secs] 
70.353: [GC 70.353: [ParNew: 7185K->539K(7616K), 0.0011248 secs] 21427K->14941K(24732K), 0.0011881 secs] [Times: user=0.01 sys=0.00, real=0.00 secs] 
70.359: [GC 70.359: [ParNew: 7020K->482K(7616K), 0.0007629 secs] 21422K->14885K(24732K), 0.0008147 secs] [Times: user=0.01 sys=0.00, real=0.00 secs] 
70.364: [GC 70.364: [ParNew: 6953K->572K(7616K), 0.0011892 secs] 21355K->14974K(24732K), 0.0012647 secs] [Times: user=0.00 sys=0.00, real=0.00 secs] 
70.370: [GC 70.370: [ParNew: 7028K->338K(7616K), 0.0012552 secs] 21430K->14892K(24732K), 0.0013302 secs] [Times: user=0.00 sys=0.00, real=0.00 secs] 
70.375: [GC 70.375: [ParNew: 6823K->382K(7616K), 0.0008901 secs] 21378K->14936K(24732K), 0.0009460 secs] [Times: user=0.00 sys=0.00, real=0.00 secs] 
70.380: [GC 70.380: [ParNew: 6861K->717K(7616K), 0.0010210 secs] 21415K->15272K(24732K), 0.0010829 secs] [Times: user=0.00 sys=0.00, real=0.00 secs] 
70.388: [GC 70.388: [ParNew: 7087K->304K(7616K), 0.0011594 secs] 21642K->15115K(24732K), 0.0012546 secs] [Times: user=0.00 sys=0.00, real=0.01 secs] 
70.395: [GC 70.395: [ParNew: 6739K->585K(7616K), 0.0010326 secs] 21550K->15395K(24732K), 0.0010942 secs] [Times: user=0.01 sys=0.00, real=0.00 secs] 
70.400: [GC 70.400: [ParNew: 7097K->884K(7616K), 0.0013983 secs] 21908K->15853K(24732K), 0.0014712 secs] [Times: user=0.01 sys=0.01, real=0.00 secs] 
70.406: [GC 70.406: [ParNew: 7399K->251K(7616K), 0.0013260 secs] 22368K->15859K(24732K), 0.0014089 secs] [Times: user=0.01 sys=0.00, real=0.00 secs] 
70.418: [GC 70.418: [ParNew: 6779K->523K(7616K), 0.0008260 secs] 22387K->16131K(24732K), 0.0008742 secs] [Times: user=0.00 sys=0.00, real=0.00 secs] 
70.424: [GC 70.424: [ParNew: 7047K->561K(7616K), 0.0009474 secs] 22654K->16169K(24732K), 0.0010025 secs] [Times: user=0.00 sys=0.00, real=0.00 secs] 
70.430: [GC 70.430: [ParNew: 7089K->253K(7616K), 0.0008737 secs] 22697K->16026K(24732K), 0.0009238 secs] [Times: user=0.00 sys=0.00, real=0.00 secs] 
70.435: [GC 70.435: [ParNew: 6779K->449K(7616K), 0.0008598 secs] 22552K->16222K(24732K), 0.0009239 secs] [Times: user=0.00 sys=0.00, real=0.00 secs] 
70.440: [GC 70.440: [ParNew: 6953K->432K(7616K), 0.0008024 secs] 22726K->16206K(24732K), 0.0008576 secs] [Times: user=0.01 sys=0.00, real=0.00 secs] 
70.445: [GC 70.445: [ParNew: 6933K->363K(7616K), 0.0009563 secs] 22706K->16136K(24732K), 0.0010155 secs] [Times: user=0.00 sys=0.00, real=0.00 secs] 
70.450: [GC 70.450: [ParNew: 6863K->325K(7616K), 0.0008793 secs] 22636K->16098K(24732K), 0.0009305 secs] [Times: user=0.00 sys=0.00, real=0.00 secs] 
70.455: [GC 70.455: [ParNew: 6820K->688K(7616K), 0.0011108 secs] 22593K->16462K(24732K), 0.0011760 secs] [Times: user=0.00 sys=0.00, real=0.00 secs] 
70.460: [GC 70.460: [ParNew: 7215K->672K(7616K), 0.0012946 secs] 22988K->16603K(24732K), 0.0013625 secs] [Times: user=0.00 sys=0.00, real=0.00 secs] 
70.465: [GC 70.465: [ParNew: 7056K->711K(7616K), 0.0012920 secs] 22987K->16709K(24732K), 0.0013626 secs] [Times: user=0.00 sys=0.00, real=0.00 secs] 
70.471: [GC 70.471: [ParNew: 7236K->540K(7616K), 0.0011551 secs] 23233K->16765K(24732K), 0.0012433 secs] [Times: user=0.01 sys=0.00, real=0.00 secs] 
70.476: [GC 70.477: [ParNew: 7051K->829K(7616K), 0.0012270 secs] 23276K->17054K(24732K), 0.0012954 secs] [Times: user=0.00 sys=0.00, real=0.00 secs] 
70.482: [GC 70.482: [ParNew: 7357K->496K(7616K), 0.0013635 secs] 23582K->17099K(24732K), 0.0014371 secs] [Times: user=0.00 sys=0.00, real=0.00 secs] 
70.487: [GC 70.487: [ParNew: 6992K->580K(7616K), 0.0020969 secs] 23596K->17183K(24732K), 0.0021725 secs] [Times: user=0.00 sys=0.00, real=0.01 secs] 
70.493: [GC 70.493: [ParNew: 7107K->482K(7616K), 0.0016170 secs] 23710K->17359K(24732K), 0.0016877 secs] [Times: user=0.00 sys=0.00, real=0.00 secs] 
70.499: [GC 70.499: [ParNew: 6952K->543K(7616K), 0.0010508 secs] 23829K->17420K(24732K), 0.0011089 secs] [Times: user=0.00 sys=0.00, real=0.00 secs] 
70.504: [GC 70.504: [ParNew: 7002K->483K(7616K), 0.0009602 secs] 23879K->17360K(24732K), 0.0010191 secs] [Times: user=0.00 sys=0.01, real=0.00 secs] 
70.512: [GC 70.512: [ParNew: 7010K->684K(7616K), 0.0012184 secs] 23887K->17560K(24732K), 0.0012820 secs] [Times: user=0.01 sys=0.00, real=0.00 secs] 
70.518: [GC 70.518: [ParNew: 7211K->685K(7616K), 0.0013192 secs] 24088K->17710K(24732K), 0.0013856 secs] [Times: user=0.00 sys=0.00, real=0.01 secs] 
70.526: [GC 70.527: [ParNew: 7202K->476K(7616K), 0.0011451 secs]70.528: [Tenured: 17243K->7697K(17308K), 0.0704515 secs] 24227K->7697K(24924K), [Perm : 10713K->10713K(21248K)], 0.0718247 secs] [Times: user=0.07 sys=0.00, real=0.07 secs] 
70.602: [GC 70.602: [ParNew: 6520K->325K(7616K), 0.0007192 secs] 14217K->8023K(24732K), 0.0007731 secs] [Times: user=0.00 sys=0.00, real=0.00 secs] 
70.608: [GC 70.608: [ParNew: 6819K->334K(7616K), 0.0007620 secs] 14516K->8031K(24732K), 0.0008116 secs] [Times: user=0.00 sys=0.00, real=0.00 secs] 
70.613: [GC 70.613: [ParNew: 6852K->368K(7616K), 0.0008071 secs] 14549K->8066K(24732K), 0.0008669 secs] [Times: user=0.00 sys=0.00, real=0.00 secs] 
70.618: [GC 70.618: [ParNew: 6896K->673K(7616K), 0.0009430 secs] 14594K->8371K(24732K), 0.0010052 secs] [Times: user=0.00 sys=0.00, real=0.01 secs] 
70.623: [GC 70.623: [ParNew: 7176K->706K(7616K), 0.0013199 secs] 14874K->8690K(24732K), 0.0013892 secs] [Times: user=0.00 sys=0.00, real=0.00 secs] 
70.629: [GC 70.629: [ParNew: 7181K->829K(7616K), 0.0011258 secs] 15164K->8967K(24732K), 0.0011917 secs] [Times: user=0.00 sys=0.00, real=0.00 secs] 
70.635: [GC 70.635: [ParNew: 7307K->425K(7616K), 0.0011375 secs] 15444K->8844K(24732K), 0.0012257 secs] [Times: user=0.00 sys=0.00, real=0.00 secs] 
70.641: [GC 70.641: [ParNew: 6953K->477K(7616K), 0.0009179 secs] 15372K->8895K(24732K), 0.0009725 secs] [Times: user=0.00 sys=0.00, real=0.00 secs] 
70.647: [GC 70.647: [ParNew: 6999K->716K(7616K), 0.0011403 secs] 15417K->9134K(24732K), 0.0012037 secs] [Times: user=0.01 sys=0.00, real=0.00 secs] 
70.652: [GC 70.652: [ParNew: 7229K->450K(7616K), 0.0010899 secs] 15647K->9118K(24732K), 0.0011486 secs] [Times: user=0.01 sys=0.00, real=0.00 secs] 
70.657: [GC 70.658: [ParNew: 6974K->532K(7616K), 0.0010887 secs] 15642K->9200K(24732K), 0.0011506 secs] [Times: user=0.00 sys=0.00, real=0.00 secs] 
70.663: [GC 70.663: [ParNew: 7041K->502K(7616K), 0.0008957 secs] 15709K->9169K(24732K), 0.0009539 secs] [Times: user=0.00 sys=0.00, real=0.00 secs] 
70.669: [GC 70.669: [ParNew: 6978K->602K(7616K), 0.0008193 secs] 15646K->9270K(24732K), 0.0008914 secs] [Times: user=0.00 sys=0.00, real=0.01 secs] 
70.674: [GC 70.674: [ParNew: 7102K->488K(7616K), 0.0011217 secs] 15770K->9275K(24732K), 0.0011933 secs] [Times: user=0.00 sys=0.00, real=0.00 secs] 
70.679: [GC 70.679: [ParNew: 6973K->940K(7616K), 0.0011318 secs] 15759K->9727K(24732K), 0.0012010 secs] [Times: user=0.01 sys=0.00, real=0.00 secs] 
70.685: [GC 70.685: [ParNew: 7429K->720K(7616K), 0.0012558 secs] 16215K->9739K(24732K), 0.0013352 secs] [Times: user=0.01 sys=0.00, real=0.00 secs] 
70.691: [GC 70.691: [ParNew: 7210K->717K(7616K), 0.0011589 secs] 16230K->9902K(24732K), 0.0012330 secs] [Times: user=0.00 sys=0.00, real=0.00 secs] 
70.697: [GC 70.697: [ParNew: 7227K->728K(7616K), 0.0012677 secs] 16412K->10065K(24732K), 0.0013558 secs] [Times: user=0.00 sys=0.00, real=0.00 secs] 
70.703: [GC 70.704: [ParNew: 7244K->259K(7616K), 0.0010519 secs] 16581K->10050K(24732K), 0.0011313 secs] [Times: user=0.00 sys=0.00, real=0.00 secs] 
70.709: [GC 70.709: [ParNew: 6784K->581K(7616K), 0.0009269 secs] 16575K->10372K(24732K), 0.0009863 secs] [Times: user=0.00 sys=0.00, real=0.01 secs] 
70.715: [GC 70.715: [ParNew: 7104K->684K(7616K), 0.0010909 secs] 16894K->10662K(24732K), 0.0011526 secs] [Times: user=0.00 sys=0.00, real=0.00 secs] 
70.720: [GC 70.720: [ParNew: 7194K->461K(7616K), 0.0010952 secs] 17172K->10552K(24732K), 0.0011578 secs] [Times: user=0.01 sys=0.00, real=0.00 secs] 
70.725: [GC 70.725: [ParNew: 6989K->492K(7616K), 0.0008921 secs] 17079K->10583K(24732K), 0.0009474 secs] [Times: user=0.00 sys=0.00, real=0.00 secs] 
70.731: [GC 70.731: [ParNew: 6985K->857K(7616K), 0.0010523 secs] 17075K->10947K(24732K), 0.0011281 secs] [Times: user=0.00 sys=0.00, real=0.00 secs] 
70.737: [GC 70.737: [ParNew: 7384K->162K(7616K), 0.0011524 secs] 17474K->10951K(24732K), 0.0012363 secs] [Times: user=0.00 sys=0.00, real=0.00 secs] 
70.744: [GC 70.744: [ParNew: 6685K->536K(7616K), 0.0008095 secs] 17474K->11324K(24732K), 0.0008641 secs] [Times: user=0.00 sys=0.00, real=0.00 secs] 
70.753: [GC 70.753: [ParNew: 7057K->832K(7616K), 0.0015622 secs] 17845K->11620K(24732K), 0.0016310 secs] [Times: user=0.00 sys=0.00, real=0.00 secs] 
70.760: [GC 70.761: [ParNew: 7360K->892K(7616K), 0.0014081 secs] 18148K->11969K(24732K), 0.0014998 secs] [Times: user=0.00 sys=0.01, real=0.00 secs] 
70.766: [GC 70.766: [ParNew: 7400K->92K(7616K), 0.0018240 secs] 18477K->11959K(24732K), 0.0018973 secs] [Times: user=0.00 sys=0.00, real=0.00 secs] 
70.772: [GC 70.772: [ParNew: 6620K->202K(7616K), 0.0009292 secs] 18486K->12068K(24732K), 0.0010084 secs] [Times: user=0.00 sys=0.00, real=0.00 secs] 
70.777: [GC 70.777: [ParNew: 6705K->483K(7616K), 0.0010507 secs] 18572K->12349K(24732K), 0.0011182 secs] [Times: user=0.01 sys=0.00, real=0.00 secs] 
70.782: [GC 70.782: [ParNew: 6988K->721K(7616K), 0.0011117 secs] 18855K->12587K(24732K), 0.0011800 secs] [Times: user=0.00 sys=0.00, real=0.00 secs] 
70.787: [GC 70.787: [ParNew: 7230K->596K(7616K), 0.0020040 secs] 19096K->12510K(24732K), 0.0020737 secs] [Times: user=0.00 sys=0.00, real=0.01 secs] 
70.793: [GC 70.793: [ParNew: 7124K->919K(7616K), 0.0015748 secs] 19038K->12998K(24732K), 0.0016517 secs] [Times: user=0.00 sys=0.00, real=0.00 secs] 
70.800: [GC 70.800: [ParNew: 7411K->135K(7616K), 0.0010890 secs] 19489K->12837K(24732K), 0.0011710 secs] [Times: user=0.00 sys=0.00, real=0.00 secs] 
70.805: [GC 70.805: [ParNew: 6586K->306K(7616K), 0.0007185 secs] 19288K->13008K(24732K), 0.0007697 secs] [Times: user=0.00 sys=0.00, real=0.00 secs] 
70.810: [GC 70.810: [ParNew: 6827K->770K(7616K), 0.0012842 secs] 19529K->13472K(24732K), 0.0013508 secs] [Times: user=0.00 sys=0.00, real=0.00 secs] 
70.816: [GC 70.816: [ParNew: 7280K->644K(7616K), 0.0011822 secs] 19982K->13705K(24732K), 0.0012489 secs] [Times: user=0.01 sys=0.00, real=0.00 secs] 
70.822: [GC 70.822: [ParNew: 7172K->230K(7616K), 0.0011702 secs] 20233K->13546K(24732K), 0.0012322 secs] [Times: user=0.01 sys=0.00, real=0.00 secs] 
70.827: [GC 70.827: [ParNew: 6751K->224K(7616K), 0.0042505 secs] 20068K->13540K(24732K), 0.0043394 secs] [Times: user=0.01 sys=0.00, real=0.01 secs] 
70.836: [GC 70.836: [ParNew: 6725K->460K(7616K), 0.0021765 secs] 20041K->13777K(24732K), 0.0022448 secs] [Times: user=0.00 sys=0.00, real=0.00 secs] 
70.842: [GC 70.842: [ParNew: 6986K->458K(7616K), 0.0009640 secs] 20302K->13775K(24732K), 0.0010284 secs] [Times: user=0.00 sys=0.00, real=0.00 secs] 
70.848: [GC 70.848: [ParNew: 6966K->510K(7616K), 0.0016406 secs] 20283K->13826K(24732K), 0.0017446 secs] [Times: user=0.00 sys=0.00, real=0.01 secs] 
70.854: [GC 70.855: [ParNew: 7026K->449K(7616K), 0.0008768 secs] 20342K->13765K(24732K), 0.0009534 secs] [Times: user=0.00 sys=0.00, real=0.00 secs] 
70.863: [GC 70.863: [ParNew: 6970K->588K(7616K), 0.0010303 secs] 20287K->13904K(24732K), 0.0011086 secs] [Times: user=0.01 sys=0.00, real=0.00 secs] 
70.868: [GC 70.868: [ParNew: 7106K->367K(7616K), 0.0012336 secs] 20423K->13870K(24732K), 0.0013012 secs] [Times: user=0.00 sys=0.00, real=0.01 secs] 
70.874: [GC 70.874: [ParNew: 6882K->452K(7616K), 0.0011139 secs] 20385K->13955K(24732K), 0.0011828 secs] [Times: user=0.00 sys=0.00, real=0.00 secs] 
70.879: [GC 70.880: [ParNew: 6941K->540K(7616K), 0.0012223 secs] 20445K->14044K(24732K), 0.0013014 secs] [Times: user=0.00 sys=0.00, real=0.00 secs] 
70.885: [GC 70.885: [ParNew: 7055K->719K(7616K), 0.0026814 secs] 20558K->14222K(24732K), 0.0027481 secs] [Times: user=0.00 sys=0.00, real=0.00 secs] 
70.893: [GC 70.893: [ParNew: 7242K->332K(7616K), 0.0010615 secs] 20746K->14098K(24732K), 0.0011336 secs] [Times: user=0.01 sys=0.00, real=0.00 secs] 
70.898: [GC 70.898: [ParNew: 6851K->605K(7616K), 0.0010716 secs] 20616K->14371K(24732K), 0.0011829 secs] [Times: user=0.01 sys=0.00, real=0.01 secs] 
70.906: [GC 70.906: [ParNew: 7071K->693K(7616K), 0.0009580 secs] 20836K->14459K(24732K), 0.0010343 secs] [Times: user=0.01 sys=0.00, real=0.00 secs] 
70.912: [GC 70.912: [ParNew: 7215K->431K(7616K), 0.0012311 secs] 20981K->14529K(24732K), 0.0013603 secs] [Times: user=0.01 sys=0.00, real=0.00 secs] 
70.918: [GC 70.918: [ParNew: 6947K->438K(7616K), 0.0009309 secs] 21045K->14536K(24732K), 0.0009880 secs] [Times: user=0.00 sys=0.00, real=0.00 secs] 
70.924: [GC 70.924: [ParNew: 6957K->644K(7616K), 0.0009968 secs] 21055K->14742K(24732K), 0.0010602 secs] [Times: user=0.00 sys=0.00, real=0.00 secs] 
70.929: [GC 70.929: [ParNew: 7164K->474K(7616K), 0.0011159 secs] 21262K->14685K(24732K), 0.0011785 secs] [Times: user=0.00 sys=0.00, real=0.00 secs] 
70.934: [GC 70.934: [ParNew: 7002K->693K(7616K), 0.0011327 secs] 21213K->14903K(24732K), 0.0011997 secs] [Times: user=0.00 sys=0.00, real=0.00 secs] 
70.940: [GC 70.940: [ParNew: 7202K->528K(7616K), 0.0013380 secs] 21412K->15057K(24732K), 0.0014082 secs] [Times: user=0.00 sys=0.00, real=0.00 secs] 
70.945: [GC 70.946: [ParNew: 7045K->778K(7616K), 0.0011432 secs] 21574K->15307K(24732K), 0.0012119 secs] [Times: user=0.01 sys=0.00, real=0.00 secs] 
70.951: [GC 70.951: [ParNew: 7287K->404K(7616K), 0.0010819 secs] 21817K->15257K(24732K), 0.0011492 secs] [Times: user=0.01 sys=0.01, real=0.00 secs] 
70.956: [GC 70.956: [ParNew: 6916K->578K(7616K), 0.0010165 secs] 21768K->15430K(24732K), 0.0010754 secs] [Times: user=0.00 sys=0.00, real=0.00 secs] 
70.962: [GC 70.962: [ParNew: 7091K->799K(7616K), 0.0016177 secs] 21943K->15883K(24732K), 0.0016903 secs] [Times: user=0.00 sys=0.00, real=0.00 secs] 
70.967: [GC 70.967: [ParNew: 7305K->488K(7616K), 0.0014987 secs] 22389K->15866K(24732K), 0.0015697 secs] [Times: user=0.00 sys=0.00, real=0.00 secs] 
70.972: [GC 70.972: [ParNew: 7013K->406K(7616K), 0.0009618 secs] 22392K->15785K(24732K), 0.0010219 secs] [Times: user=0.00 sys=0.00, real=0.00 secs] 
70.978: [GC 70.978: [ParNew: 6920K->585K(7616K), 0.0015480 secs] 22299K->15964K(24732K), 0.0016368 secs] [Times: user=0.00 sys=0.00, real=0.01 secs] 
70.983: [GC 70.983: [ParNew: 7087K->643K(7616K), 0.0013544 secs] 22466K->16266K(24732K), 0.0014304 secs] [Times: user=0.01 sys=0.00, real=0.00 secs] 
70.989: [GC 70.990: [ParNew: 7154K->1048K(7616K), 0.0012392 secs] 22777K->16788K(24732K), 0.0013106 secs] [Times: user=0.00 sys=0.00, real=0.00 secs] 
70.996: [GC 70.996: [ParNew: 7574K->383K(7616K), 0.0012946 secs] 23314K->16657K(24732K), 0.0013770 secs] [Times: user=0.00 sys=0.00, real=0.00 secs] 
71.003: [GC 71.003: [ParNew: 6888K->780K(7616K), 0.0010603 secs] 23162K->17054K(24732K), 0.0011373 secs] [Times: user=0.00 sys=0.00, real=0.00 secs] 
71.009: [GC 71.009: [ParNew: 7307K->654K(7616K), 0.0011282 secs] 23581K->17053K(24732K), 0.0011945 secs] [Times: user=0.00 sys=0.00, real=0.01 secs] 
71.014: [GC 71.014: [ParNew: 7109K->545K(7616K), 0.0012035 secs] 23508K->17100K(24732K), 0.0012702 secs] [Times: user=0.00 sys=0.00, real=0.00 secs] 
71.019: [GC 71.019: [ParNew: 6985K->612K(7616K), 0.0013832 secs] 23540K->17167K(24732K), 0.0014592 secs] [Times: user=0.00 sys=0.00, real=0.01 secs] 
71.024: [GC 71.024: [ParNew: 7106K->438K(7616K), 0.0010715 secs] 23661K->17186K(24732K), 0.0012063 secs] [Times: user=0.00 sys=0.00, real=0.00 secs] 
71.029: [GC 71.030: [ParNew: 6963K->715K(7616K), 0.0009843 secs] 23711K->17463K(24732K), 0.0010443 secs] [Times: user=0.01 sys=0.00, real=0.00 secs] 
71.036: [GC 71.036: [ParNew: 7230K->297K(7616K), 0.0009837 secs] 23978K->17332K(24732K), 0.0010417 secs] [Times: user=0.00 sys=0.00, real=0.00 secs] 
71.041: [GC 71.041: [ParNew: 6802K->233K(7616K), 0.0006790 secs] 23837K->17268K(24732K), 0.0007254 secs] [Times: user=0.00 sys=0.00, real=0.00 secs] 
71.047: [GC 71.047: [ParNew: 6716K->865K(7616K), 0.0009521 secs] 23750K->17900K(24732K), 0.0010147 secs] [Times: user=0.00 sys=0.00, real=0.00 secs] 
71.052: [GC 71.053: [ParNew: 7362K->532K(7616K), 0.0015642 secs]71.054: [Tenured: 17779K->7438K(17884K), 0.0706878 secs] 24397K->7438K(25500K), [Perm : 10713K->10713K(21248K)], 0.0728059 secs] [Times: user=0.07 sys=0.01, real=0.07 secs] 
71.129: [GC 71.129: [ParNew: 6527K->738K(7616K), 0.0009777 secs] 13965K->8176K(24732K), 0.0010436 secs] [Times: user=0.01 sys=0.00, real=0.00 secs] 
71.134: [GC 71.134: [ParNew: 7244K->141K(7616K), 0.0012655 secs] 14682K->8330K(24732K), 0.0013386 secs] [Times: user=0.01 sys=0.00, real=0.00 secs] 
71.140: [GC 71.140: [ParNew: 6648K->1059K(7616K), 0.0013621 secs] 14837K->9336K(24732K), 0.0014375 secs] [Times: user=0.00 sys=0.00, real=0.00 secs] 
71.148: [GC 71.148: [ParNew: 7547K->469K(7616K), 0.0018100 secs] 15825K->9172K(24732K), 0.0019038 secs] [Times: user=0.00 sys=0.00, real=0.01 secs] 
71.155: [GC 71.155: [ParNew: 6966K->406K(7616K), 0.0008104 secs] 15669K->9109K(24732K), 0.0008595 secs] [Times: user=0.00 sys=0.00, real=0.00 secs] 
71.160: [GC 71.160: [ParNew: 6907K->553K(7616K), 0.0008596 secs] 15610K->9256K(24732K), 0.0009142 secs] [Times: user=0.00 sys=0.00, real=0.00 secs] 
71.167: [GC 71.167: [ParNew: 7012K->289K(7616K), 0.0008503 secs] 15715K->9058K(24732K), 0.0009018 secs] [Times: user=0.00 sys=0.00, real=0.00 secs] 
71.173: [GC 71.173: [ParNew: 6772K->410K(7616K), 0.0006918 secs] 15541K->9179K(24732K), 0.0007606 secs] [Times: user=0.00 sys=0.00, real=0.00 secs] 
71.178: [GC 71.178: [ParNew: 6937K->298K(7616K), 0.0007434 secs] 15706K->9067K(24732K), 0.0007925 secs] [Times: user=0.01 sys=0.00, real=0.00 secs] 
71.183: [GC 71.184: [ParNew: 6826K->435K(7616K), 0.0010652 secs] 15595K->9204K(24732K), 0.0011357 secs] [Times: user=0.01 sys=0.00, real=0.00 secs] 
71.189: [GC 71.190: [ParNew: 6910K->674K(7616K), 0.0008751 secs] 15679K->9443K(24732K), 0.0009320 secs] [Times: user=0.00 sys=0.00, real=0.00 secs] 
71.194: [GC 71.194: [ParNew: 7172K->956K(7616K), 0.0015580 secs] 15941K->9873K(24732K), 0.0016534 secs] [Times: user=0.00 sys=0.00, real=0.00 secs] 
71.200: [GC 71.200: [ParNew: 7454K->158K(7616K), 0.0013030 secs] 16370K->9718K(24732K), 0.0013832 secs] [Times: user=0.00 sys=0.00, real=0.00 secs] 
71.206: [GC 71.206: [ParNew: 6672K->297K(7616K), 0.0007798 secs] 16233K->9857K(24732K), 0.0008336 secs] [Times: user=0.00 sys=0.00, real=0.00 secs] 
71.211: [GC 71.211: [ParNew: 6761K->461K(7616K), 0.0009649 secs] 16322K->10022K(24732K), 0.0011114 secs] [Times: user=0.00 sys=0.01, real=0.00 secs] 
71.216: [GC 71.216: [ParNew: 6980K->554K(7616K), 0.0012744 secs] 16541K->10115K(24732K), 0.0013454 secs] [Times: user=0.01 sys=0.00, real=0.00 secs] 
71.222: [GC 71.222: [ParNew: 7074K->1019K(7616K), 0.0014071 secs] 16635K->10670K(24732K), 0.0014846 secs] [Times: user=0.00 sys=0.00, real=0.00 secs] 
71.227: [GC 71.227: [ParNew: 7521K->60K(7616K), 0.0013527 secs] 17172K->10533K(24732K), 0.0014271 secs] [Times: user=0.00 sys=0.00, real=0.01 secs] 
71.233: [GC 71.233: [ParNew: 6428K->559K(7616K), 0.0008888 secs] 16902K->11032K(24732K), 0.0009465 secs] [Times: user=0.00 sys=0.00, real=0.00 secs] 
71.239: [GC 71.239: [ParNew: 7040K->384K(7616K), 0.0008369 secs] 17513K->10876K(24732K), 0.0009346 secs] [Times: user=0.00 sys=0.00, real=0.00 secs] 
71.244: [GC 71.244: [ParNew: 6904K->812K(7616K), 0.0011938 secs] 17396K->11304K(24732K), 0.0012619 secs] [Times: user=0.00 sys=0.00, real=0.00 secs] 
71.249: [GC 71.249: [ParNew: 7317K->485K(7616K), 0.0013234 secs] 17809K->11518K(24732K), 0.0014334 secs] [Times: user=0.00 sys=0.00, real=0.00 secs] 
71.255: [GC 71.255: [ParNew: 7006K->575K(7616K), 0.0009562 secs] 18040K->11608K(24732K), 0.0010155 secs] [Times: user=0.00 sys=0.00, real=0.00 secs] 
71.261: [GC 71.261: [ParNew: 7068K->697K(7616K), 0.0012161 secs] 18101K->11941K(24732K), 0.0012964 secs] [Times: user=0.01 sys=0.00, real=0.00 secs] 
71.268: [GC 71.268: [ParNew: 7184K->1084K(7616K), 0.0015695 secs] 18427K->12737K(24732K), 0.0016437 secs] [Times: user=0.00 sys=0.00, real=0.01 secs] 
71.274: [GC 71.274: [ParNew: 7574K->433K(7616K), 0.0016870 secs] 19227K->12767K(24732K), 0.0017646 secs] [Times: user=0.00 sys=0.00, real=0.00 secs] 
71.280: [GC 71.280: [ParNew: 6926K->546K(7616K), 0.0008727 secs] 19261K->12881K(24732K), 0.0009271 secs] [Times: user=0.00 sys=0.00, real=0.00 secs] 
71.286: [GC 71.286: [ParNew: 7020K->624K(7616K), 0.0017634 secs] 19355K->12959K(24732K), 0.0018554 secs] [Times: user=0.00 sys=0.00, real=0.00 secs] 
71.292: [GC 71.292: [ParNew: 7118K->346K(7616K), 0.0011298 secs] 19453K->13100K(24732K), 0.0012433 secs] [Times: user=0.00 sys=0.00, real=0.00 secs] 
71.298: [GC 71.298: [ParNew: 6874K->748K(7616K), 0.0012229 secs] 19628K->13502K(24732K), 0.0012917 secs] [Times: user=0.00 sys=0.00, real=0.01 secs] 
71.303: [GC 71.303: [ParNew: 7227K->281K(7616K), 0.0012555 secs] 19981K->13553K(24732K), 0.0013343 secs] [Times: user=0.01 sys=0.00, real=0.00 secs] 
71.309: [GC 71.309: [ParNew: 6764K->625K(7616K), 0.0010134 secs] 20037K->13898K(24732K), 0.0010736 secs] [Times: user=0.01 sys=0.00, real=0.01 secs] 
71.314: [GC 71.314: [ParNew: 7141K->639K(7616K), 0.0013915 secs] 20414K->14065K(24732K), 0.0014775 secs] [Times: user=0.00 sys=0.00, real=0.00 secs] 
71.320: [GC 71.320: [ParNew: 7137K->863K(7616K), 0.0016765 secs] 20563K->14426K(24732K), 0.0017890 secs] [Times: user=0.00 sys=0.00, real=0.00 secs] 
71.326: [GC 71.326: [ParNew: 7346K->697K(7616K), 0.0016046 secs] 20909K->14369K(24732K), 0.0016896 secs] [Times: user=0.00 sys=0.00, real=0.00 secs] 
71.333: [GC 71.333: [ParNew: 7225K->384K(7616K), 0.0012954 secs] 20897K->14386K(24732K), 0.0013606 secs] [Times: user=0.00 sys=0.00, real=0.00 secs] 
71.341: [GC 71.341: [ParNew: 6906K->660K(7616K), 0.0007987 secs] 20908K->14662K(24732K), 0.0008649 secs] [Times: user=0.00 sys=0.00, real=0.00 secs] 
71.346: [GC 71.346: [ParNew: 7174K->253K(7616K), 0.0011566 secs] 21175K->14831K(24732K), 0.0012182 secs] [Times: user=0.00 sys=0.00, real=0.00 secs] 
71.353: [GC 71.353: [ParNew: 6775K->566K(7616K), 0.0008464 secs] 21353K->15144K(24732K), 0.0009526 secs] [Times: user=0.00 sys=0.00, real=0.00 secs] 
71.358: [GC 71.358: [ParNew: 7088K->346K(7616K), 0.0009580 secs] 21665K->15087K(24732K), 0.0010350 secs] [Times: user=0.00 sys=0.00, real=0.01 secs] 
71.364: [GC 71.364: [ParNew: 6864K->787K(7616K), 0.0012104 secs] 21605K->15528K(24732K), 0.0012817 secs] [Times: user=0.00 sys=0.00, real=0.00 secs] 
71.370: [GC 71.370: [ParNew: 7293K->521K(7616K), 0.0012244 secs] 22034K->15541K(24732K), 0.0012903 secs] [Times: user=0.01 sys=0.00, real=0.00 secs] 
71.379: [GC 71.379: [ParNew: 7018K->363K(7616K), 0.0011365 secs] 22038K->15383K(24732K), 0.0012218 secs] [Times: user=0.01 sys=0.00, real=0.00 secs] 
71.386: [GC 71.386: [ParNew: 6856K->633K(7616K), 0.0013299 secs] 21876K->15652K(24732K), 0.0014051 secs] [Times: user=0.01 sys=0.00, real=0.00 secs] 
71.392: [GC 71.392: [ParNew: 7161K->633K(7616K), 0.0013694 secs] 22180K->15819K(24732K), 0.0014340 secs] [Times: user=0.00 sys=0.00, real=0.00 secs] 
71.398: [GC 71.398: [ParNew: 7139K->606K(7616K), 0.0012309 secs] 22325K->15792K(24732K), 0.0013092 secs] [Times: user=0.00 sys=0.00, real=0.01 secs] 
71.404: [GC 71.404: [ParNew: 7126K->641K(7616K), 0.0011348 secs] 22313K->15958K(24732K), 0.0012243 secs] [Times: user=0.00 sys=0.00, real=0.00 secs] 
71.409: [GC 71.409: [ParNew: 7169K->851K(7616K), 0.0014905 secs] 22485K->16450K(24732K), 0.0015617 secs] [Times: user=0.00 sys=0.00, real=0.00 secs] 
71.415: [GC 71.415: [ParNew: 7310K->282K(7616K), 0.0013484 secs] 22909K->16463K(24732K), 0.0014434 secs] [Times: user=0.00 sys=0.00, real=0.00 secs] 
71.424: [GC 71.424: [ParNew: 6768K->532K(7616K), 0.0010063 secs] 22949K->16713K(24732K), 0.0010708 secs] [Times: user=0.00 sys=0.00, real=0.00 secs] 
71.432: [GC 71.432: [ParNew: 7060K->496K(7616K), 0.0008104 secs] 23241K->16677K(24732K), 0.0008784 secs] [Times: user=0.00 sys=0.00, real=0.00 secs] 
71.437: [GC 71.437: [ParNew: 7023K->1039K(7616K), 0.0022496 secs] 23204K->17463K(24732K), 0.0023276 secs] [Times: user=0.00 sys=0.00, real=0.01 secs] 
71.444: [GC 71.444: [ParNew: 7532K->409K(7616K), 0.0017515 secs]71.446: [Tenured: 17212K->8365K(17308K), 0.0699816 secs] 23956K->8365K(24924K), [Perm : 10713K->10713K(21248K)], 0.0720996 secs] [Times: user=0.07 sys=0.00, real=0.07 secs] 
71.521: [GC 71.521: [ParNew: 6527K->185K(7616K), 0.0010321 secs] 14893K->8550K(24732K), 0.0011076 secs] [Times: user=0.00 sys=0.00, real=0.00 secs] 
71.526: [GC 71.526: [ParNew: 6710K->209K(7616K), 0.0007090 secs] 15075K->8575K(24732K), 0.0007594 secs] [Times: user=0.00 sys=0.00, real=0.00 secs] 
71.531: [GC 71.531: [ParNew: 6721K->304K(7616K), 0.0006973 secs] 15086K->8669K(24732K), 0.0007477 secs] [Times: user=0.00 sys=0.00, real=0.00 secs] 
71.536: [GC 71.536: [ParNew: 6791K->252K(7616K), 0.0007324 secs] 15157K->8618K(24732K), 0.0007815 secs] [Times: user=0.00 sys=0.00, real=0.00 secs] 
71.542: [GC 71.542: [ParNew: 6779K->378K(7616K), 0.0009931 secs] 15144K->8743K(24732K), 0.0010481 secs] [Times: user=0.00 sys=0.00, real=0.00 secs] 
71.548: [GC 71.548: [ParNew: 6871K->923K(7616K), 0.0010845 secs] 15236K->9288K(24732K), 0.0011527 secs] [Times: user=0.01 sys=0.00, real=0.01 secs] 
71.553: [GC 71.553: [ParNew: 7410K->172K(7616K), 0.0013170 secs] 15775K->9111K(24732K), 0.0013840 secs] [Times: user=0.00 sys=0.00, real=0.00 secs] 
71.558: [GC 71.558: [ParNew: 6658K->406K(7616K), 0.0008019 secs] 15596K->9344K(24732K), 0.0008569 secs] [Times: user=0.00 sys=0.00, real=0.01 secs] 
71.567: [GC 71.567: [ParNew: 6924K->407K(7616K), 0.0008734 secs] 15862K->9345K(24732K), 0.0009343 secs] [Times: user=0.00 sys=0.00, real=0.00 secs] 
71.572: [GC 71.572: [ParNew: 6930K->279K(7616K), 0.0011577 secs] 15868K->9217K(24732K), 0.0012183 secs] [Times: user=0.00 sys=0.00, real=0.00 secs] 
71.578: [GC 71.578: [ParNew: 6803K->696K(7616K), 0.0009582 secs] 15741K->9634K(24732K), 0.0010279 secs] [Times: user=0.00 sys=0.00, real=0.01 secs] 
71.585: [GC 71.585: [ParNew: 7223K->748K(7616K), 0.0012422 secs] 16161K->9848K(24732K), 0.0013429 secs] [Times: user=0.00 sys=0.00, real=0.00 secs] 
71.592: [GC 71.592: [ParNew: 7221K->618K(7616K), 0.0011128 secs] 16320K->9889K(24732K), 0.0011813 secs] [Times: user=0.00 sys=0.00, real=0.00 secs] 
71.597: [GC 71.597: [ParNew: 7016K->155K(7616K), 0.0009201 secs] 16287K->9731K(24732K), 0.0009778 secs] [Times: user=0.01 sys=0.00, real=0.00 secs] 
71.606: [GC 71.606: [ParNew: 6621K->550K(7616K), 0.0011993 secs] 16196K->10126K(24732K), 0.0012829 secs] [Times: user=0.00 sys=0.00, real=0.00 secs] 
71.611: [GC 71.611: [ParNew: 7078K->519K(7616K), 0.0012902 secs] 16654K->10162K(24732K), 0.0013533 secs] [Times: user=0.00 sys=0.00, real=0.00 secs] 
71.617: [GC 71.618: [ParNew: 7019K->677K(7616K), 0.0030052 secs] 16661K->10320K(24732K), 0.0030985 secs] [Times: user=0.00 sys=0.00, real=0.01 secs] 
71.625: [GC 71.625: [ParNew: 7198K->357K(7616K), 0.0010216 secs] 16841K->10264K(24732K), 0.0010822 secs] [Times: user=0.00 sys=0.00, real=0.00 secs] 
71.631: [GC 71.631: [ParNew: 6875K->346K(7616K), 0.0007981 secs] 16782K->10253K(24732K), 0.0008488 secs] [Times: user=0.00 sys=0.00, real=0.00 secs] 
71.636: [GC 71.636: [ParNew: 6874K->453K(7616K), 0.0009086 secs] 16781K->10360K(24732K), 0.0009760 secs] [Times: user=0.00 sys=0.00, real=0.00 secs] 
71.641: [GC 71.641: [ParNew: 6975K->409K(7616K), 0.0009009 secs] 16883K->10317K(24732K), 0.0009572 secs] [Times: user=0.00 sys=0.00, real=0.00 secs] 
71.648: [GC 71.648: [ParNew: 6929K->694K(7616K), 0.0010769 secs] 16836K->10602K(24732K), 0.0011553 secs] [Times: user=0.00 sys=0.00, real=0.01 secs] 
71.653: [GC 71.653: [ParNew: 7220K->468K(7616K), 0.0010752 secs] 17128K->10548K(24732K), 0.0011355 secs] [Times: user=0.01 sys=0.00, real=0.00 secs] 
71.658: [GC 71.658: [ParNew: 6985K->481K(7616K), 0.0013113 secs] 17064K->10561K(24732K), 0.0013759 secs] [Times: user=0.00 sys=0.00, real=0.01 secs] 
71.666: [GC 71.666: [ParNew: 7002K->796K(7616K), 0.0010943 secs] 17082K->10875K(24732K), 0.0011578 secs] [Times: user=0.00 sys=0.00, real=0.00 secs] 
71.674: [GC 71.674: [ParNew: 7318K->358K(7616K), 0.0015673 secs] 17398K->10731K(24732K), 0.0016576 secs] [Times: user=0.00 sys=0.01, real=0.00 secs] 
71.681: [GC 71.681: [ParNew: 6886K->479K(7616K), 0.0012369 secs] 17259K->10853K(24732K), 0.0012989 secs] [Times: user=0.00 sys=0.00, real=0.00 secs] 
71.686: [GC 71.686: [ParNew: 6915K->1032K(7616K), 0.0011109 secs] 17289K->11405K(24732K), 0.0011927 secs] [Times: user=0.00 sys=0.00, real=0.00 secs] 
71.692: [GC 71.692: [ParNew: 7552K->243K(7616K), 0.0019709 secs] 17925K->11496K(24732K), 0.0020654 secs] [Times: user=0.00 sys=0.00, real=0.00 secs] 
71.700: [GC 71.700: [ParNew: 6768K->395K(7616K), 0.0007144 secs] 18021K->11648K(24732K), 0.0008266 secs] [Times: user=0.00 sys=0.00, real=0.00 secs] 
71.706: [GC 71.706: [ParNew: 6918K->566K(7616K), 0.0009564 secs] 18170K->11819K(24732K), 0.0010267 secs] [Times: user=0.01 sys=0.00, real=0.00 secs] 
71.710: [GC 71.710: [ParNew: 7057K->393K(7616K), 0.0009799 secs] 18309K->11766K(24732K), 0.0010343 secs] [Times: user=0.00 sys=0.00, real=0.00 secs] 
71.717: [GC 71.717: [ParNew: 6855K->397K(7616K), 0.0010717 secs] 18227K->11769K(24732K), 0.0011222 secs] [Times: user=0.00 sys=0.00, real=0.00 secs] 
71.723: [GC 71.723: [ParNew: 6925K->405K(7616K), 0.0008159 secs] 18297K->11778K(24732K), 0.0008714 secs] [Times: user=0.00 sys=0.00, real=0.00 secs] 
71.728: [GC 71.728: [ParNew: 6926K->452K(7616K), 0.0013517 secs] 18298K->11824K(24732K), 0.0014160 secs] [Times: user=0.00 sys=0.00, real=0.01 secs] 
71.733: [GC 71.733: [ParNew: 6966K->451K(7616K), 0.0012889 secs] 18338K->11823K(24732K), 0.0013460 secs] [Times: user=0.00 sys=0.00, real=0.00 secs] 
71.738: [GC 71.738: [ParNew: 6926K->567K(7616K), 0.0020664 secs] 18298K->11939K(24732K), 0.0021405 secs] [Times: user=0.00 sys=0.00, real=0.01 secs] 
71.745: [GC 71.745: [ParNew: 7077K->588K(7616K), 0.0011950 secs] 18449K->12011K(24732K), 0.0013141 secs] [Times: user=0.00 sys=0.00, real=0.00 secs] 
71.750: [GC 71.750: [ParNew: 7102K->593K(7616K), 0.0013588 secs] 18525K->12114K(24732K), 0.0014207 secs] [Times: user=0.01 sys=0.00, real=0.00 secs] 
71.756: [GC 71.756: [ParNew: 7120K->564K(7616K), 0.0011194 secs] 18642K->12246K(24732K), 0.0011799 secs] [Times: user=0.00 sys=0.00, real=0.00 secs] 
71.762: [GC 71.762: [ParNew: 7092K->473K(7616K), 0.0009955 secs] 18774K->12210K(24732K), 0.0010529 secs] [Times: user=0.01 sys=0.00, real=0.00 secs] 
71.768: [GC 71.768: [ParNew: 7001K->837K(7616K), 0.0018944 secs] 18738K->12574K(24732K), 0.0019647 secs] [Times: user=0.00 sys=0.00, real=0.01 secs] 
71.773: [GC 71.773: [ParNew: 7342K->680K(7616K), 0.0015887 secs] 19080K->12741K(24732K), 0.0016588 secs] [Times: user=0.00 sys=0.00, real=0.00 secs] 
71.779: [GC 71.779: [ParNew: 7193K->353K(7616K), 0.0011875 secs] 19254K->12611K(24732K), 0.0012649 secs] [Times: user=0.00 sys=0.00, real=0.00 secs] 
71.786: [GC 71.786: [ParNew: 6881K->310K(7616K), 0.0010618 secs] 19139K->12568K(24732K), 0.0011346 secs] [Times: user=0.00 sys=0.00, real=0.00 secs] 
71.792: [GC 71.792: [ParNew: 6826K->352K(7616K), 0.0010230 secs] 19084K->12610K(24732K), 0.0010766 secs] [Times: user=0.00 sys=0.00, real=0.00 secs] 
71.798: [GC 71.798: [ParNew: 6838K->396K(7616K), 0.0006950 secs] 19096K->12654K(24732K), 0.0007472 secs] [Times: user=0.00 sys=0.00, real=0.01 secs] 
71.804: [GC 71.804: [ParNew: 6920K->710K(7616K), 0.0009822 secs] 19178K->12968K(24732K), 0.0010616 secs] [Times: user=0.00 sys=0.00, real=0.00 secs] 
71.810: [GC 71.810: [ParNew: 7237K->330K(7616K), 0.0009055 secs] 19496K->12879K(24732K), 0.0009823 secs] [Times: user=0.00 sys=0.00, real=0.00 secs] 
71.815: [GC 71.815: [ParNew: 6852K->902K(7616K), 0.0016403 secs] 19402K->13452K(24732K), 0.0017149 secs] [Times: user=0.00 sys=0.00, real=0.00 secs] 
71.821: [GC 71.821: [ParNew: 7424K->302K(7616K), 0.0014479 secs] 19974K->13418K(24732K), 0.0015395 secs] [Times: user=0.00 sys=0.00, real=0.00 secs] 
71.827: [GC 71.827: [ParNew: 6816K->340K(7616K), 0.0006860 secs] 19932K->13456K(24732K), 0.0007537 secs] [Times: user=0.00 sys=0.00, real=0.00 secs] 
71.832: [GC 71.832: [ParNew: 6839K->258K(7616K), 0.0009085 secs] 19955K->13374K(24732K), 0.0009655 secs] [Times: user=0.00 sys=0.00, real=0.00 secs] 
71.837: [GC 71.837: [ParNew: 6774K->393K(7616K), 0.0016418 secs] 19890K->13509K(24732K), 0.0017175 secs] [Times: user=0.00 sys=0.00, real=0.01 secs] 
71.845: [GC 71.845: [ParNew: 6902K->348K(7616K), 0.0013842 secs] 20018K->13464K(24732K), 0.0014690 secs] [Times: user=0.00 sys=0.00, real=0.00 secs] 
71.851: [GC 71.851: [ParNew: 6847K->505K(7616K), 0.0012006 secs] 19962K->13621K(24732K), 0.0012640 secs] [Times: user=0.00 sys=0.00, real=0.00 secs] 
71.857: [GC 71.857: [ParNew: 7016K->971K(7616K), 0.0012541 secs] 20132K->14087K(24732K), 0.0013211 secs] [Times: user=0.01 sys=0.00, real=0.00 secs] 
71.863: [GC 71.863: [ParNew: 7396K->545K(7616K), 0.0014335 secs] 20512K->14322K(24732K), 0.0015026 secs] [Times: user=0.01 sys=0.00, real=0.00 secs] 
71.869: [GC 71.869: [ParNew: 7056K->928K(7616K), 0.0013717 secs] 20833K->14704K(24732K), 0.0014385 secs] [Times: user=0.00 sys=0.01, real=0.00 secs] 
71.874: [GC 71.874: [ParNew: 7456K->594K(7616K), 0.0017892 secs] 21232K->14785K(24732K), 0.0018562 secs] [Times: user=0.00 sys=0.00, real=0.00 secs] 
71.881: [GC 71.881: [ParNew: 7066K->777K(7616K), 0.0012438 secs] 21257K->15073K(24732K), 0.0013089 secs] [Times: user=0.00 sys=0.00, real=0.00 secs] 
71.889: [GC 71.889: [ParNew: 7280K->697K(7616K), 0.0015347 secs] 21576K->15255K(24732K), 0.0016144 secs] [Times: user=0.00 sys=0.00, real=0.01 secs] 
71.895: [GC 71.895: [ParNew: 7196K->598K(7616K), 0.0010290 secs] 21755K->15157K(24732K), 0.0010919 secs] [Times: user=0.00 sys=0.00, real=0.00 secs] 
71.901: [GC 71.901: [ParNew: 7106K->559K(7616K), 0.0018083 secs] 21664K->15409K(24732K), 0.0018816 secs] [Times: user=0.00 sys=0.00, real=0.00 secs] 
71.907: [GC 71.907: [ParNew: 7062K->573K(7616K), 0.0012844 secs] 21912K->15501K(24732K), 0.0013662 secs] [Times: user=0.01 sys=0.00, real=0.00 secs] 
71.914: [GC 71.914: [ParNew: 7093K->808K(7616K), 0.0012612 secs] 22021K->16075K(24732K), 0.0013365 secs] [Times: user=0.00 sys=0.00, real=0.00 secs] 
71.920: [GC 71.920: [ParNew: 7316K->439K(7616K), 0.0017470 secs] 22583K->16466K(24732K), 0.0018185 secs] [Times: user=0.00 sys=0.00, real=0.00 secs] 
71.926: [GC 71.926: [ParNew: 6885K->675K(7616K), 0.0010507 secs] 22912K->16702K(24732K), 0.0011158 secs] [Times: user=0.00 sys=0.00, real=0.00 secs] 
71.932: [GC 71.932: [ParNew: 7179K->736K(7616K), 0.0013297 secs] 23207K->17007K(24732K), 0.0013999 secs] [Times: user=0.00 sys=0.00, real=0.00 secs] 
71.939: [GC 71.939: [ParNew: 7243K->808K(7616K), 0.0012775 secs] 23514K->17183K(24732K), 0.0013578 secs] [Times: user=0.00 sys=0.00, real=0.00 secs] 
71.946: [GC 71.946: [ParNew: 7322K->645K(7616K), 0.0019333 secs] 23698K->17288K(24732K), 0.0020099 secs] [Times: user=0.00 sys=0.00, real=0.00 secs] 
71.953: [GC 71.953: [ParNew: 7097K->225K(7616K), 0.0010049 secs] 23740K->17179K(24732K), 0.0010662 secs] [Times: user=0.00 sys=0.00, real=0.00 secs] 
71.959: [GC 71.959: [ParNew: 6696K->445K(7616K), 0.0025021 secs] 23650K->17400K(24732K), 0.0025727 secs] [Times: user=0.00 sys=0.00, real=0.00 secs] 
71.966: [GC 71.966: [ParNew: 6935K->695K(7616K), 0.0015531 secs] 23889K->17649K(24732K), 0.0016271 secs] [Times: user=0.01 sys=0.00, real=0.00 secs] 
71.974: [GC 71.974: [ParNew: 7210K->964K(7616K), 0.0012927 secs]71.975: [Tenured: 17172K->7685K(17308K), 0.0737732 secs] 24164K->7685K(24924K), [Perm : 10713K->10713K(21248K)], 0.0753168 secs] [Times: user=0.07 sys=0.00, real=0.08 secs] 
72.053: [GC 72.053: [ParNew: 6444K->207K(7616K), 0.0009416 secs] 14130K->7892K(24732K), 0.0010003 secs] [Times: user=0.00 sys=0.00, real=0.00 secs] 
72.058: [GC 72.058: [ParNew: 6700K->669K(7616K), 0.0010516 secs] 14386K->8355K(24732K), 0.0011141 secs] [Times: user=0.00 sys=0.00, real=0.01 secs] 
72.065: [GC 72.065: [ParNew: 7159K->838K(7616K), 0.0010217 secs] 14845K->8603K(24732K), 0.0010909 secs] [Times: user=0.00 sys=0.00, real=0.00 secs] 
72.070: [GC 72.070: [ParNew: 7318K->690K(7616K), 0.0013954 secs] 15082K->8864K(24732K), 0.0014705 secs] [Times: user=0.01 sys=0.00, real=0.00 secs] 
72.076: [GC 72.076: [ParNew: 7218K->508K(7616K), 0.0012809 secs] 15392K->8822K(24732K), 0.0013446 secs] [Times: user=0.01 sys=0.00, real=0.00 secs] 
72.082: [GC 72.082: [ParNew: 6997K->589K(7616K), 0.0008970 secs] 15311K->8903K(24732K), 0.0009914 secs] [Times: user=0.00 sys=0.00, real=0.00 secs] 
72.088: [GC 72.088: [ParNew: 7113K->573K(7616K), 0.0015235 secs] 15427K->9234K(24732K), 0.0015991 secs] [Times: user=0.00 sys=0.00, real=0.01 secs] 
72.094: [GC 72.094: [ParNew: 7055K->681K(7616K), 0.0012146 secs] 15716K->9451K(24732K), 0.0013472 secs] [Times: user=0.00 sys=0.00, real=0.00 secs] 
72.099: [GC 72.099: [ParNew: 7182K->496K(7616K), 0.0019301 secs] 15952K->9659K(24732K), 0.0020025 secs] [Times: user=0.00 sys=0.00, real=0.00 secs] 
72.105: [GC 72.105: [ParNew: 6953K->560K(7616K), 0.0012738 secs] 16116K->9723K(24732K), 0.0013472 secs] [Times: user=0.00 sys=0.00, real=0.00 secs] 
72.111: [GC 72.111: [ParNew: 7073K->712K(7616K), 0.0016911 secs] 16236K->9937K(24732K), 0.0017818 secs] [Times: user=0.00 sys=0.00, real=0.00 secs] 
72.117: [GC 72.117: [ParNew: 7239K->842K(7616K), 0.0012149 secs] 16464K->10314K(24732K), 0.0012832 secs] [Times: user=0.01 sys=0.00, real=0.00 secs] 
72.123: [GC 72.123: [ParNew: 7353K->517K(7616K), 0.0011740 secs] 16824K->10600K(24732K), 0.0012454 secs] [Times: user=0.01 sys=0.00, real=0.00 secs] 
72.129: [GC 72.129: [ParNew: 7029K->456K(7616K), 0.0010592 secs] 17112K->10540K(24732K), 0.0011473 secs] [Times: user=0.00 sys=0.01, real=0.01 secs] 
72.135: [GC 72.135: [ParNew: 6962K->577K(7616K), 0.0008677 secs] 17045K->10661K(24732K), 0.0009306 secs] [Times: user=0.00 sys=0.00, real=0.00 secs] 
72.140: [GC 72.140: [ParNew: 7054K->592K(7616K), 0.0010245 secs] 17137K->10792K(24732K), 0.0010859 secs] [Times: user=0.00 sys=0.00, real=0.00 secs] 
72.145: [GC 72.145: [ParNew: 7077K->272K(7616K), 0.0010966 secs] 17278K->10689K(24732K), 0.0011728 secs] [Times: user=0.00 sys=0.00, real=0.00 secs] 
72.150: [GC 72.150: [ParNew: 6742K->580K(7616K), 0.0012423 secs] 17158K->10997K(24732K), 0.0012987 secs] [Times: user=0.00 sys=0.00, real=0.00 secs] 
72.156: [GC 72.156: [ParNew: 7061K->813K(7616K), 0.0014889 secs] 17478K->11370K(24732K), 0.0015708 secs] [Times: user=0.01 sys=0.00, real=0.00 secs] 
72.161: [GC 72.162: [ParNew: 7324K->399K(7616K), 0.0010974 secs] 17881K->11273K(24732K), 0.0011617 secs] [Times: user=0.01 sys=0.00, real=0.00 secs] 
72.166: [GC 72.167: [ParNew: 6920K->391K(7616K), 0.0008738 secs] 17793K->11264K(24732K), 0.0009353 secs] [Times: user=0.00 sys=0.00, real=0.00 secs] 
72.172: [GC 72.172: [ParNew: 6907K->887K(7616K), 0.0011480 secs] 17780K->11760K(24732K), 0.0012181 secs] [Times: user=0.00 sys=0.00, real=0.00 secs] 
72.177: [GC 72.177: [ParNew: 7355K->248K(7616K), 0.0015511 secs] 18229K->11848K(24732K), 0.0016385 secs] [Times: user=0.00 sys=0.00, real=0.00 secs] 
72.183: [GC 72.183: [ParNew: 6745K->543K(7616K), 0.0009688 secs] 18345K->12144K(24732K), 0.0010255 secs] [Times: user=0.00 sys=0.00, real=0.00 secs] 
72.189: [GC 72.189: [ParNew: 7008K->866K(7616K), 0.0011299 secs] 18608K->12466K(24732K), 0.0012054 secs] [Times: user=0.00 sys=0.00, real=0.00 secs] 
72.195: [GC 72.195: [ParNew: 7363K->395K(7616K), 0.0014200 secs] 18963K->12588K(24732K), 0.0014904 secs] [Times: user=0.01 sys=0.00, real=0.00 secs] 
72.201: [GC 72.201: [ParNew: 6916K->1020K(7616K), 0.0012962 secs] 19109K->13213K(24732K), 0.0013687 secs] [Times: user=0.01 sys=0.00, real=0.00 secs] 
72.211: [GC 72.211: [ParNew: 7497K->316K(7616K), 0.0015153 secs] 19690K->13009K(24732K), 0.0016113 secs] [Times: user=0.00 sys=0.00, real=0.00 secs] 
72.218: [GC 72.218: [ParNew: 6751K->223K(7616K), 0.0006526 secs] 19444K->12916K(24732K), 0.0007008 secs] [Times: user=0.00 sys=0.00, real=0.00 secs] 
72.223: [GC 72.223: [ParNew: 6650K->230K(7616K), 0.0009055 secs] 19343K->12923K(24732K), 0.0009591 secs] [Times: user=0.00 sys=0.00, real=0.00 secs] 
72.231: [GC 72.231: [ParNew: 6751K->93K(7616K), 0.0006357 secs] 19444K->12786K(24732K), 0.0007586 secs] [Times: user=0.00 sys=0.00, real=0.00 secs] 
72.236: [GC 72.237: [ParNew: 6621K->309K(7616K), 0.0007281 secs] 19314K->13001K(24732K), 0.0007751 secs] [Times: user=0.00 sys=0.00, real=0.00 secs] 
72.243: [GC 72.243: [ParNew: 6823K->504K(7616K), 0.0009564 secs] 19516K->13197K(24732K), 0.0010299 secs] [Times: user=0.01 sys=0.00, real=0.00 secs] 
72.249: [GC 72.249: [ParNew: 7007K->643K(7616K), 0.0010749 secs] 19700K->13336K(24732K), 0.0011360 secs] [Times: user=0.00 sys=0.00, real=0.01 secs] 
72.254: [GC 72.254: [ParNew: 7171K->492K(7616K), 0.0010891 secs] 19864K->13430K(24732K), 0.0011519 secs] [Times: user=0.00 sys=0.00, real=0.00 secs] 
72.260: [GC 72.260: [ParNew: 6999K->763K(7616K), 0.0011355 secs] 19938K->13701K(24732K), 0.0011970 secs] [Times: user=0.00 sys=0.00, real=0.00 secs] 
72.267: [GC 72.267: [ParNew: 7272K->478K(7616K), 0.0011997 secs] 20210K->13639K(24732K), 0.0012653 secs] [Times: user=0.00 sys=0.00, real=0.00 secs] 
72.272: [GC 72.272: [ParNew: 6967K->899K(7616K), 0.0013987 secs] 20128K->14060K(24732K), 0.0017193 secs] [Times: user=0.00 sys=0.00, real=0.00 secs] 
72.278: [GC 72.278: [ParNew: 7426K->302K(7616K), 0.0033769 secs] 20588K->14078K(24732K), 0.0034500 secs] [Times: user=0.00 sys=0.00, real=0.01 secs] 
72.286: [GC 72.287: [ParNew: 6794K->966K(7616K), 0.0017986 secs] 20570K->14742K(24732K), 0.0018970 secs] [Times: user=0.00 sys=0.00, real=0.00 secs] 
72.292: [GC 72.292: [ParNew: 7487K->126K(7616K), 0.0013305 secs] 21263K->14680K(24732K), 0.0014459 secs] [Times: user=0.01 sys=0.00, real=0.00 secs] 
72.299: [GC 72.299: [ParNew: 6568K->296K(7616K), 0.0007295 secs] 21122K->14850K(24732K), 0.0007784 secs] [Times: user=0.00 sys=0.00, real=0.00 secs] 
72.304: [GC 72.304: [ParNew: 6803K->374K(7616K), 0.0008724 secs] 21357K->14928K(24732K), 0.0009216 secs] [Times: user=0.00 sys=0.00, real=0.00 secs] 
72.310: [GC 72.310: [ParNew: 6902K->438K(7616K), 0.0011737 secs] 21456K->14992K(24732K), 0.0012408 secs] [Times: user=0.00 sys=0.00, real=0.00 secs] 
72.315: [GC 72.315: [ParNew: 6958K->475K(7616K), 0.0009244 secs] 21512K->15028K(24732K), 0.0010073 secs] [Times: user=0.00 sys=0.00, real=0.00 secs] 
72.321: [GC 72.321: [ParNew: 6967K->680K(7616K), 0.0012365 secs] 21520K->15234K(24732K), 0.0013045 secs] [Times: user=0.01 sys=0.00, real=0.00 secs] 
72.326: [GC 72.326: [ParNew: 7163K->663K(7616K), 0.0012942 secs] 21717K->15406K(24732K), 0.0013645 secs] [Times: user=0.00 sys=0.00, real=0.00 secs] 
72.333: [GC 72.333: [ParNew: 7159K->1065K(7616K), 0.0015024 secs] 21902K->16269K(24732K), 0.0015746 secs] [Times: user=0.00 sys=0.00, real=0.00 secs] 
72.340: [GC 72.340: [ParNew: 7546K->230K(7616K), 0.0013991 secs] 22750K->16206K(24732K), 0.0014746 secs] [Times: user=0.00 sys=0.00, real=0.00 secs] 
72.345: [GC 72.345: [ParNew: 6756K->440K(7616K), 0.0017203 secs] 22732K->16416K(24732K), 0.0017931 secs] [Times: user=0.00 sys=0.00, real=0.00 secs] 
72.351: [GC 72.351: [ParNew: 6909K->527K(7616K), 0.0009685 secs] 22885K->16503K(24732K), 0.0010270 secs] [Times: user=0.00 sys=0.00, real=0.00 secs] 
72.356: [GC 72.356: [ParNew: 7046K->604K(7616K), 0.0009092 secs] 23022K->16580K(24732K), 0.0009675 secs] [Times: user=0.00 sys=0.00, real=0.00 secs] 
72.361: [GC 72.361: [ParNew: 7130K->528K(7616K), 0.0012073 secs] 23106K->16582K(24732K), 0.0012855 secs] [Times: user=0.01 sys=0.00, real=0.00 secs] 
72.367: [GC 72.367: [ParNew: 7036K->845K(7616K), 0.0012459 secs] 23090K->16899K(24732K), 0.0014768 secs] [Times: user=0.00 sys=0.00, real=0.00 secs] 
72.376: [GC 72.376: [ParNew: 7373K->404K(7616K), 0.0011963 secs] 23427K->16826K(24732K), 0.0013091 secs] [Times: user=0.00 sys=0.00, real=0.00 secs] 
72.388: [GC 72.388: [ParNew: 6932K->694K(7616K), 0.0010711 secs] 23354K->17116K(24732K), 0.0011335 secs] [Times: user=0.00 sys=0.00, real=0.01 secs] 
72.393: [GC 72.393: [ParNew: 7205K->407K(7616K), 0.0011918 secs] 23628K->17068K(24732K), 0.0012587 secs] [Times: user=0.00 sys=0.00, real=0.00 secs] 
72.399: [GC 72.399: [ParNew: 6924K->1048K(7616K), 0.0014326 secs] 23585K->17852K(24732K), 0.0015069 secs] [Times: user=0.01 sys=0.00, real=0.00 secs] 
72.405: [GC 72.405: [ParNew: 7539K->472K(7616K), 0.0012155 secs]72.406: [Tenured: 17238K->7898K(17308K), 0.0716606 secs] 24343K->7898K(24924K), [Perm : 10713K->10713K(21248K)], 0.0731214 secs] [Times: user=0.07 sys=0.00, real=0.07 secs] 
72.483: [GC 72.483: [ParNew: 6404K->1039K(7616K), 0.0011634 secs] 14303K->8937K(24732K), 0.0012319 secs] [Times: user=0.00 sys=0.00, real=0.00 secs] 
72.489: [GC 72.490: [ParNew: 7424K->490K(7616K), 0.0016349 secs] 15323K->9349K(24732K), 0.0017115 secs] [Times: user=0.00 sys=0.00, real=0.00 secs] 
72.497: [GC 72.497: [ParNew: 6984K->892K(7616K), 0.0017661 secs] 15844K->9751K(24732K), 0.0018377 secs] [Times: user=0.00 sys=0.00, real=0.00 secs] 
72.504: [GC 72.504: [ParNew: 7400K->635K(7616K), 0.0014460 secs] 16259K->9742K(24732K), 0.0015624 secs] [Times: user=0.00 sys=0.00, real=0.00 secs] 
72.510: [GC 72.510: [ParNew: 7144K->592K(7616K), 0.0012120 secs] 16251K->9864K(24732K), 0.0013332 secs] [Times: user=0.00 sys=0.00, real=0.00 secs] 
72.516: [GC 72.516: [ParNew: 7104K->803K(7616K), 0.0011995 secs] 16376K->10076K(24732K), 0.0014554 secs] [Times: user=0.01 sys=0.00, real=0.00 secs] 
72.522: [GC 72.522: [ParNew: 7311K->699K(7616K), 0.0011910 secs] 16584K->10111K(24732K), 0.0012548 secs] [Times: user=0.00 sys=0.00, real=0.00 secs] 
72.528: [GC 72.528: [ParNew: 7220K->675K(7616K), 0.0017353 secs] 16632K->10485K(24732K), 0.0018230 secs] [Times: user=0.00 sys=0.00, real=0.01 secs] 
72.535: [GC 72.535: [ParNew: 7198K->792K(7616K), 0.0012322 secs] 17008K->10768K(24732K), 0.0013200 secs] [Times: user=0.00 sys=0.00, real=0.00 secs] 
72.545: [GC 72.546: [ParNew: 7312K->495K(7616K), 0.0011347 secs] 17288K->10627K(24732K), 0.0012012 secs] [Times: user=0.00 sys=0.00, real=0.00 secs] 
72.554: [GC 72.554: [ParNew: 6979K->836K(7616K), 0.0011808 secs] 17111K->10968K(24732K), 0.0012521 secs] [Times: user=0.00 sys=0.00, real=0.00 secs] 
72.560: [GC 72.560: [ParNew: 7364K->427K(7616K), 0.0012778 secs] 17496K->10972K(24732K), 0.0013526 secs] [Times: user=0.00 sys=0.00, real=0.00 secs] 
72.566: [GC 72.566: [ParNew: 6893K->627K(7616K), 0.0011491 secs] 17439K->11172K(24732K), 0.0012099 secs] [Times: user=0.00 sys=0.00, real=0.00 secs] 
72.575: [GC 72.575: [ParNew: 7155K->447K(7616K), 0.0017499 secs] 17700K->11327K(24732K), 0.0018146 secs] [Times: user=0.01 sys=0.00, real=0.00 secs] 
72.582: [GC 72.582: [ParNew: 6925K->402K(7616K), 0.0007480 secs] 17806K->11283K(24732K), 0.0008050 secs] [Times: user=0.00 sys=0.00, real=0.00 secs] 
72.587: [GC 72.587: [ParNew: 6924K->371K(7616K), 0.0022484 secs] 17804K->11251K(24732K), 0.0023524 secs] [Times: user=0.00 sys=0.01, real=0.01 secs] 
72.598: [GC 72.598: [ParNew: 6866K->671K(7616K), 0.0012808 secs] 17747K->11552K(24732K), 0.0013627 secs] [Times: user=0.00 sys=0.00, real=0.01 secs] 
72.605: [GC 72.605: [ParNew: 7126K->564K(7616K), 0.0010001 secs] 18007K->11574K(24732K), 0.0010781 secs] [Times: user=0.00 sys=0.00, real=0.00 secs] 
72.610: [GC 72.610: [ParNew: 7061K->359K(7616K), 0.0014451 secs] 18071K->11537K(24732K), 0.0015248 secs] [Times: user=0.00 sys=0.00, real=0.00 secs] 
72.621: [GC 72.621: [ParNew: 6887K->466K(7616K), 0.0011266 secs] 18065K->11645K(24732K), 0.0012064 secs] [Times: user=0.00 sys=0.00, real=0.00 secs] 
72.626: [GC 72.626: [ParNew: 6989K->534K(7616K), 0.0010125 secs] 18168K->11713K(24732K), 0.0010708 secs] [Times: user=0.00 sys=0.00, real=0.00 secs] 
72.631: [GC 72.631: [ParNew: 7041K->547K(7616K), 0.0011225 secs] 18220K->11726K(24732K), 0.0011942 secs] [Times: user=0.00 sys=0.00, real=0.00 secs] 
72.637: [GC 72.637: [ParNew: 7075K->485K(7616K), 0.0009201 secs] 18254K->11664K(24732K), 0.0009763 secs] [Times: user=0.00 sys=0.00, real=0.00 secs] 
72.642: [GC 72.642: [ParNew: 6984K->500K(7616K), 0.0010136 secs] 18163K->11679K(24732K), 0.0010700 secs] [Times: user=0.00 sys=0.00, real=0.00 secs] 
72.647: [GC 72.648: [ParNew: 7017K->500K(7616K), 0.0009751 secs] 18196K->11679K(24732K), 0.0010337 secs] [Times: user=0.00 sys=0.00, real=0.00 secs] 
72.653: [GC 72.653: [ParNew: 7021K->590K(7616K), 0.0009978 secs] 18200K->11769K(24732K), 0.0010564 secs] [Times: user=0.01 sys=0.00, real=0.00 secs] 
72.658: [GC 72.659: [ParNew: 6987K->439K(7616K), 0.0010918 secs] 18166K->11816K(24732K), 0.0011578 secs] [Times: user=0.00 sys=0.00, real=0.01 secs] 
72.663: [GC 72.663: [ParNew: 6932K->338K(7616K), 0.0008525 secs] 18309K->11714K(24732K), 0.0009059 secs] [Times: user=0.00 sys=0.00, real=0.00 secs] 
72.668: [GC 72.668: [ParNew: 6855K->371K(7616K), 0.0010696 secs] 18232K->11748K(24732K), 0.0011421 secs] [Times: user=0.00 sys=0.00, real=0.01 secs] 
72.673: [GC 72.673: [ParNew: 6890K->380K(7616K), 0.0009061 secs] 18267K->11757K(24732K), 0.0009730 secs] [Times: user=0.00 sys=0.00, real=0.00 secs] 
72.678: [GC 72.678: [ParNew: 6877K->384K(7616K), 0.0010300 secs] 18254K->11761K(24732K), 0.0010863 secs] [Times: user=0.00 sys=0.00, real=0.01 secs] 
72.684: [GC 72.684: [ParNew: 6908K->359K(7616K), 0.0007964 secs] 18284K->11736K(24732K), 0.0008486 secs] [Times: user=0.01 sys=0.00, real=0.00 secs] 
72.690: [GC 72.690: [ParNew: 6878K->478K(7616K), 0.0008393 secs] 18255K->11855K(24732K), 0.0008917 secs] [Times: user=0.00 sys=0.00, real=0.00 secs] 
72.695: [GC 72.696: [ParNew: 6973K->733K(7616K), 0.0011134 secs] 18350K->12110K(24732K), 0.0011844 secs] [Times: user=0.00 sys=0.00, real=0.00 secs] 
72.701: [GC 72.701: [ParNew: 7229K->699K(7616K), 0.0012843 secs] 18606K->12299K(24732K), 0.0013662 secs] [Times: user=0.00 sys=0.00, real=0.00 secs] 
72.706: [GC 72.706: [ParNew: 7206K->480K(7616K), 0.0010567 secs] 18807K->12217K(24732K), 0.0011183 secs] [Times: user=0.00 sys=0.00, real=0.00 secs] 
72.711: [GC 72.712: [ParNew: 6995K->595K(7616K), 0.0013659 secs] 18732K->12332K(24732K), 0.0014553 secs] [Times: user=0.00 sys=0.00, real=0.00 secs] 
72.717: [GC 72.717: [ParNew: 7095K->365K(7616K), 0.0012420 secs] 18832K->12290K(24732K), 0.0013135 secs] [Times: user=0.01 sys=0.00, real=0.00 secs] 
72.723: [GC 72.724: [ParNew: 6868K->513K(7616K), 0.0008807 secs] 18792K->12438K(24732K), 0.0009543 secs] [Times: user=0.00 sys=0.00, real=0.00 secs] 
72.729: [GC 72.729: [ParNew: 7037K->433K(7616K), 0.0008713 secs] 18962K->12358K(24732K), 0.0009270 secs] [Times: user=0.00 sys=0.00, real=0.01 secs] 
72.735: [GC 72.735: [ParNew: 6934K->485K(7616K), 0.0009553 secs] 18859K->12410K(24732K), 0.0010805 secs] [Times: user=0.00 sys=0.00, real=0.00 secs] 
72.742: [GC 72.742: [ParNew: 6998K->397K(7616K), 0.0008974 secs] 18923K->12322K(24732K), 0.0009677 secs] [Times: user=0.00 sys=0.00, real=0.00 secs] 
72.747: [GC 72.747: [ParNew: 6897K->478K(7616K), 0.0015787 secs] 18822K->12403K(24732K), 0.0016496 secs] [Times: user=0.00 sys=0.00, real=0.01 secs] 
72.753: [GC 72.753: [ParNew: 6973K->534K(7616K), 0.0009738 secs] 18898K->12458K(24732K), 0.0010378 secs] [Times: user=0.00 sys=0.00, real=0.00 secs] 
72.758: [GC 72.758: [ParNew: 6974K->547K(7616K), 0.0009488 secs] 18899K->12472K(24732K), 0.0010048 secs] [Times: user=0.00 sys=0.00, real=0.01 secs] 
72.763: [GC 72.763: [ParNew: 7071K->553K(7616K), 0.0019558 secs] 18995K->12478K(24732K), 0.0020234 secs] [Times: user=0.00 sys=0.00, real=0.00 secs] 
72.769: [GC 72.769: [ParNew: 7068K->425K(7616K), 0.0011199 secs] 18993K->12380K(24732K), 0.0011833 secs] [Times: user=0.00 sys=0.00, real=0.01 secs] 
72.774: [GC 72.774: [ParNew: 6919K->432K(7616K), 0.0008529 secs] 18874K->12387K(24732K), 0.0009135 secs] [Times: user=0.01 sys=0.00, real=0.00 secs] 
72.779: [GC 72.779: [ParNew: 6957K->877K(7616K), 0.0011289 secs] 18912K->12832K(24732K), 0.0012054 secs] [Times: user=0.00 sys=0.00, real=0.00 secs] 
72.786: [GC 72.786: [ParNew: 7385K->527K(7616K), 0.0012232 secs] 19340K->12827K(24732K), 0.0013027 secs] [Times: user=0.00 sys=0.00, real=0.00 secs] 
72.791: [GC 72.791: [ParNew: 7028K->398K(7616K), 0.0008184 secs] 19329K->12699K(24732K), 0.0008712 secs] [Times: user=0.00 sys=0.00, real=0.00 secs] 
72.797: [GC 72.797: [ParNew: 6892K->567K(7616K), 0.0017919 secs] 19192K->12867K(24732K), 0.0018723 secs] [Times: user=0.00 sys=0.00, real=0.00 secs] 
72.803: [GC 72.803: [ParNew: 7065K->352K(7616K), 0.0008826 secs] 19365K->12808K(24732K), 0.0009467 secs] [Times: user=0.01 sys=0.00, real=0.00 secs] 
72.809: [GC 72.809: [ParNew: 6864K->484K(7616K), 0.0009303 secs] 19320K->12940K(24732K), 0.0010046 secs] [Times: user=0.00 sys=0.00, real=0.01 secs] 
72.814: [GC 72.814: [ParNew: 7004K->547K(7616K), 0.0020043 secs] 19460K->13003K(24732K), 0.0020811 secs] [Times: user=0.00 sys=0.00, real=0.00 secs] 
72.821: [GC 72.821: [ParNew: 7064K->786K(7616K), 0.0012497 secs] 19520K->13250K(24732K), 0.0013501 secs] [Times: user=0.00 sys=0.00, real=0.00 secs] 
72.827: [GC 72.827: [ParNew: 7310K->438K(7616K), 0.0010029 secs] 19774K->13062K(24732K), 0.0010717 secs] [Times: user=0.00 sys=0.00, real=0.00 secs] 
72.834: [GC 72.834: [ParNew: 6946K->652K(7616K), 0.0008256 secs] 19570K->13276K(24732K), 0.0008935 secs] [Times: user=0.00 sys=0.00, real=0.00 secs] 
72.841: [GC 72.841: [ParNew: 7134K->578K(7616K), 0.0010608 secs] 19758K->13604K(24732K), 0.0011828 secs] [Times: user=0.01 sys=0.00, real=0.00 secs] 
72.848: [GC 72.848: [ParNew: 7003K->530K(7616K), 0.0013754 secs] 20029K->14101K(24732K), 0.0014435 secs] [Times: user=0.00 sys=0.00, real=0.01 secs] 
72.854: [GC 72.854: [ParNew: 7058K->682K(7616K), 0.0018435 secs] 20629K->14253K(24732K), 0.0019173 secs] [Times: user=0.00 sys=0.00, real=0.00 secs] 
72.861: [GC 72.861: [ParNew: 7144K->474K(7616K), 0.0012177 secs] 20716K->14259K(24732K), 0.0012983 secs] [Times: user=0.00 sys=0.00, real=0.00 secs] 
72.867: [GC 72.867: [ParNew: 6961K->746K(7616K), 0.0018525 secs] 20746K->14531K(24732K), 0.0019168 secs] [Times: user=0.00 sys=0.00, real=0.01 secs] 
72.874: [GC 72.874: [ParNew: 7212K->974K(7616K), 0.0017326 secs] 20997K->15006K(24732K), 0.0018052 secs] [Times: user=0.00 sys=0.00, real=0.00 secs] 
72.882: [GC 72.882: [ParNew: 7484K->549K(7616K), 0.0012683 secs] 21516K->15155K(24732K), 0.0013365 secs] [Times: user=0.01 sys=0.00, real=0.00 secs] 
72.892: [GC 72.892: [ParNew: 7070K->114K(7616K), 0.0018420 secs] 21676K->15206K(24732K), 0.0019269 secs] [Times: user=0.00 sys=0.00, real=0.00 secs] 
72.904: [GC 72.904: [ParNew: 6586K->288K(7616K), 0.0011811 secs] 21678K->15380K(24732K), 0.0012334 secs] [Times: user=0.00 sys=0.00, real=0.00 secs] 
72.913: [GC 72.913: [ParNew: 6777K->559K(7616K), 0.0007763 secs] 21869K->15652K(24732K), 0.0008373 secs] [Times: user=0.00 sys=0.00, real=0.00 secs] 
72.922: [GC 72.922: [ParNew: 7015K->591K(7616K), 0.0031104 secs] 22107K->15757K(24732K), 0.0031797 secs] [Times: user=0.01 sys=0.00, real=0.00 secs] 
72.930: [GC 72.930: [ParNew: 7099K->295K(7616K), 0.0028486 secs] 22265K->15797K(24732K), 0.0029160 secs] [Times: user=0.00 sys=0.00, real=0.00 secs] 
72.944: [GC 72.944: [ParNew: 6823K->675K(7616K), 0.0013718 secs] 22325K->16177K(24732K), 0.0014397 secs] [Times: user=0.00 sys=0.00, real=0.00 secs] 
72.951: [GC 72.951: [ParNew: 7203K->833K(7616K), 0.0011706 secs] 22705K->16343K(24732K), 0.0012335 secs] [Times: user=0.00 sys=0.00, real=0.00 secs] 
72.959: [GC 72.959: [ParNew: 7361K->546K(7616K), 0.0012471 secs] 22871K->16433K(24732K), 0.0013295 secs] [Times: user=0.00 sys=0.00, real=0.01 secs] 
72.965: [GC 72.965: [ParNew: 7017K->798K(7616K), 0.0015646 secs] 22905K->16686K(24732K), 0.0016449 secs] [Times: user=0.00 sys=0.00, real=0.00 secs] 
72.973: [GC 72.973: [ParNew: 7321K->606K(7616K), 0.0014662 secs] 23208K->17032K(24732K), 0.0015603 secs] [Times: user=0.00 sys=0.00, real=0.00 secs] 
72.979: [GC 72.979: [ParNew: 7117K->495K(7616K), 0.0010409 secs] 23543K->17131K(24732K), 0.0011186 secs] [Times: user=0.00 sys=0.00, real=0.00 secs] 
72.984: [GC 72.984: [ParNew: 6980K->637K(7616K), 0.0012573 secs] 23616K->17273K(24732K), 0.0013263 secs] [Times: user=0.01 sys=0.00, real=0.00 secs] 
72.990: [GC 72.990: [ParNew: 7135K->1017K(7616K), 0.0016145 secs] 23771K->17825K(24732K), 0.0016849 secs] [Times: user=0.00 sys=0.00, real=0.00 secs] 
72.997: [GC 72.997: [ParNew: 7541K->436K(7616K), 0.0014099 secs]72.999: [Tenured: 17258K->7511K(17308K), 0.0702721 secs] 24349K->7511K(24924K), [Perm : 10713K->10713K(21248K)], 0.0719343 secs] [Times: user=0.07 sys=0.00, real=0.08 secs] 
73.073: [GC 73.073: [ParNew: 6491K->217K(7616K), 0.0006299 secs] 14003K->7729K(24732K), 0.0006752 secs] [Times: user=0.00 sys=0.00, real=0.00 secs] 
73.078: [GC 73.079: [ParNew: 6697K->657K(7616K), 0.0014944 secs] 14209K->8169K(24732K), 0.0015552 secs] [Times: user=0.00 sys=0.00, real=0.01 secs] 
73.086: [GC 73.086: [ParNew: 7177K->1031K(7616K), 0.0053602 secs] 14689K->9064K(24732K), 0.0054446 secs] [Times: user=0.01 sys=0.00, real=0.01 secs] 
73.096: [GC 73.096: [ParNew: 7513K->294K(7616K), 0.0015541 secs] 15546K->9107K(24732K), 0.0016549 secs] [Times: user=0.00 sys=0.00, real=0.00 secs] 
73.105: [GC 73.105: [ParNew: 6822K->724K(7616K), 0.0010738 secs] 15635K->9537K(24732K), 0.0011498 secs] [Times: user=0.00 sys=0.00, real=0.00 secs] 
73.113: [GC 73.113: [ParNew: 7230K->313K(7616K), 0.0015545 secs] 16043K->9586K(24732K), 0.0016520 secs] [Times: user=0.00 sys=0.00, real=0.00 secs] 
73.121: [GC 73.121: [ParNew: 6818K->654K(7616K), 0.0032659 secs] 16092K->9928K(24732K), 0.0034592 secs] [Times: user=0.00 sys=0.00, real=0.00 secs] 
73.131: [GC 73.131: [ParNew: 7156K->294K(7616K), 0.0046550 secs] 16430K->9819K(24732K), 0.0047337 secs] [Times: user=0.00 sys=0.01, real=0.00 secs] 
73.142: [GC 73.142: [ParNew: 6759K->306K(7616K), 0.0006793 secs] 16283K->9831K(24732K), 0.0007314 secs] [Times: user=0.01 sys=0.00, real=0.00 secs] 
73.147: [GC 73.147: [ParNew: 6787K->895K(7616K), 0.0012169 secs] 16312K->10419K(24732K), 0.0012901 secs] [Times: user=0.00 sys=0.00, real=0.00 secs] 
73.154: [GC 73.155: [ParNew: 7368K->518K(7616K), 0.0013916 secs] 16892K->10526K(24732K), 0.0015004 secs] [Times: user=0.00 sys=0.00, real=0.00 secs] 
73.162: [GC 73.162: [ParNew: 7046K->755K(7616K), 0.0011207 secs] 17054K->10762K(24732K), 0.0011873 secs] [Times: user=0.00 sys=0.00, real=0.00 secs] 
73.167: [GC 73.167: [ParNew: 7251K->633K(7616K), 0.0050536 secs] 17259K->10872K(24732K), 0.0051305 secs] [Times: user=0.00 sys=0.00, real=0.01 secs] 
73.179: [GC 73.179: [ParNew: 7161K->334K(7616K), 0.0010709 secs] 17400K->10680K(24732K), 0.0011290 secs] [Times: user=0.00 sys=0.00, real=0.00 secs] 
73.185: [GC 73.186: [ParNew: 6854K->564K(7616K), 0.0011537 secs] 17200K->10911K(24732K), 0.0012382 secs] [Times: user=0.00 sys=0.00, real=0.00 secs] 
73.192: [GC 73.192: [ParNew: 7088K->444K(7616K), 0.0021838 secs] 17434K->10974K(24732K), 0.0022638 secs] [Times: user=0.01 sys=0.00, real=0.00 secs] 
73.200: [GC 73.200: [ParNew: 6967K->456K(7616K), 0.0009867 secs] 17497K->10986K(24732K), 0.0010472 secs] [Times: user=0.01 sys=0.00, real=0.00 secs] 
73.206: [GC 73.206: [ParNew: 6970K->472K(7616K), 0.0010473 secs] 17499K->11002K(24732K), 0.0011027 secs] [Times: user=0.01 sys=0.00, real=0.00 secs] 
73.211: [GC 73.211: [ParNew: 6982K->603K(7616K), 0.0011364 secs] 17511K->11133K(24732K), 0.0012014 secs] [Times: user=0.00 sys=0.00, real=0.00 secs] 
73.216: [GC 73.216: [ParNew: 7116K->912K(7616K), 0.0019162 secs] 17645K->11702K(24732K), 0.0020221 secs] [Times: user=0.00 sys=0.00, real=0.00 secs] 
73.224: [GC 73.224: [ParNew: 7434K->285K(7616K), 0.0013909 secs] 18224K->11791K(24732K), 0.0014671 secs] [Times: user=0.00 sys=0.00, real=0.00 secs] 
73.230: [GC 73.230: [ParNew: 6788K->496K(7616K), 0.0010677 secs] 18294K->12003K(24732K), 0.0011370 secs] [Times: user=0.00 sys=0.00, real=0.00 secs] 
73.235: [GC 73.235: [ParNew: 6994K->805K(7616K), 0.0012201 secs] 18500K->12311K(24732K), 0.0012928 secs] [Times: user=0.00 sys=0.00, real=0.00 secs] 
73.240: [GC 73.241: [ParNew: 7310K->475K(7616K), 0.0013381 secs] 18817K->12389K(24732K), 0.0014096 secs] [Times: user=0.01 sys=0.00, real=0.00 secs] 
73.246: [GC 73.246: [ParNew: 6964K->398K(7616K), 0.0008133 secs] 18878K->12312K(24732K), 0.0008605 secs] [Times: user=0.00 sys=0.00, real=0.00 secs] 
73.251: [GC 73.251: [ParNew: 6883K->649K(7616K), 0.0010665 secs] 18797K->12563K(24732K), 0.0011274 secs] [Times: user=0.00 sys=0.00, real=0.00 secs] 
73.256: [GC 73.256: [ParNew: 7160K->624K(7616K), 0.0013313 secs] 19074K->12765K(24732K), 0.0013983 secs] [Times: user=0.00 sys=0.00, real=0.00 secs] 
73.261: [GC 73.261: [ParNew: 7141K->963K(7616K), 0.0013461 secs] 19283K->13235K(24732K), 0.0014176 secs] [Times: user=0.00 sys=0.00, real=0.00 secs] 
73.267: [GC 73.267: [ParNew: 7463K->408K(7616K), 0.0013396 secs] 19735K->13129K(24732K), 0.0014112 secs] [Times: user=0.00 sys=0.00, real=0.00 secs] 
73.272: [GC 73.272: [ParNew: 6901K->949K(7616K), 0.0014987 secs] 19622K->13669K(24732K), 0.0015707 secs] [Times: user=0.00 sys=0.00, real=0.00 secs] 
73.278: [GC 73.278: [ParNew: 7354K->707K(7616K), 0.0017126 secs] 20074K->14055K(24732K), 0.0017873 secs] [Times: user=0.00 sys=0.00, real=0.01 secs] 
73.290: [GC 73.290: [ParNew: 7147K->597K(7616K), 0.0010783 secs] 20494K->14323K(24732K), 0.0011567 secs] [Times: user=0.00 sys=0.00, real=0.00 secs] 
73.296: [GC 73.296: [ParNew: 7125K->251K(7616K), 0.0009707 secs] 20851K->14426K(24732K), 0.0010314 secs] [Times: user=0.00 sys=0.00, real=0.00 secs] 
73.301: [GC 73.301: [ParNew: 6769K->550K(7616K), 0.0010792 secs] 20943K->14725K(24732K), 0.0012071 secs] [Times: user=0.00 sys=0.00, real=0.00 secs] 
73.306: [GC 73.306: [ParNew: 7047K->273K(7616K), 0.0011332 secs] 21222K->14593K(24732K), 0.0012016 secs] [Times: user=0.00 sys=0.00, real=0.00 secs] 
73.315: [GC 73.315: [ParNew: 6801K->540K(7616K), 0.0009639 secs] 21121K->14860K(24732K), 0.0010240 secs] [Times: user=0.00 sys=0.00, real=0.00 secs] 
73.320: [GC 73.320: [ParNew: 7057K->486K(7616K), 0.0011323 secs] 21378K->14807K(24732K), 0.0011911 secs] [Times: user=0.00 sys=0.00, real=0.00 secs] 
73.326: [GC 73.326: [ParNew: 7011K->982K(7616K), 0.0015474 secs] 21332K->15303K(24732K), 0.0016232 secs] [Times: user=0.00 sys=0.00, real=0.00 secs] 
73.332: [GC 73.332: [ParNew: 7506K->592K(7616K), 0.0013280 secs] 21826K->15379K(24732K), 0.0014240 secs] [Times: user=0.00 sys=0.00, real=0.00 secs] 
73.338: [GC 73.338: [ParNew: 7115K->530K(7616K), 0.0020456 secs] 21903K->15531K(24732K), 0.0021274 secs] [Times: user=0.00 sys=0.00, real=0.01 secs] 
73.344: [GC 73.344: [ParNew: 6995K->739K(7616K), 0.0011896 secs] 21997K->15740K(24732K), 0.0012525 secs] [Times: user=0.00 sys=0.00, real=0.00 secs] 
73.350: [GC 73.351: [ParNew: 7194K->936K(7616K), 0.0016492 secs] 22196K->16266K(24732K), 0.0017423 secs] [Times: user=0.00 sys=0.00, real=0.00 secs] 
73.358: [GC 73.358: [ParNew: 7455K->272K(7616K), 0.0013556 secs] 22784K->16336K(24732K), 0.0014790 secs] [Times: user=0.00 sys=0.00, real=0.01 secs] 
73.363: [GC 73.363: [ParNew: 6787K->374K(7616K), 0.0008800 secs] 22852K->16438K(24732K), 0.0009345 secs] [Times: user=0.01 sys=0.00, real=0.00 secs] 
73.369: [GC 73.369: [ParNew: 6885K->543K(7616K), 0.0010668 secs] 22950K->16607K(24732K), 0.0011426 secs] [Times: user=0.00 sys=0.00, real=0.00 secs] 
73.374: [GC 73.374: [ParNew: 7005K->836K(7616K), 0.0012438 secs] 23069K->16900K(24732K), 0.0013128 secs] [Times: user=0.00 sys=0.00, real=0.00 secs] 
73.381: [GC 73.381: [ParNew: 7312K->753K(7616K), 0.0014997 secs] 23376K->17232K(24732K), 0.0015729 secs] [Times: user=0.00 sys=0.00, real=0.00 secs] 
73.388: [GC 73.388: [ParNew: 7189K->324K(7616K), 0.0018069 secs] 23669K->17365K(24732K), 0.0019316 secs] [Times: user=0.00 sys=0.00, real=0.01 secs] 
73.394: [GC 73.394: [ParNew: 6831K->603K(7616K), 0.0008834 secs] 23872K->17644K(24732K), 0.0009403 secs] [Times: user=0.00 sys=0.00, real=0.00 secs] 
73.400: [GC 73.400: [ParNew: 7074K->787K(7616K), 0.0011303 secs] 24115K->17877K(24732K), 0.0011969 secs] [Times: user=0.00 sys=0.00, real=0.00 secs] 
73.406: [GC 73.406: [ParNew: 7303K->441K(7616K), 0.0011746 secs]73.407: [Tenured: 17362K->7772K(17500K), 0.0713727 secs] 24392K->7772K(25116K), [Perm : 10713K->10713K(21248K)], 0.0728856 secs] [Times: user=0.07 sys=0.01, real=0.07 secs] 
73.484: [GC 73.484: [ParNew: 6494K->654K(7616K), 0.0008627 secs] 14267K->8426K(24732K), 0.0009376 secs] [Times: user=0.01 sys=0.00, real=0.00 secs] 
73.490: [GC 73.490: [ParNew: 7090K->150K(7616K), 0.0010251 secs] 14863K->8444K(24732K), 0.0010877 secs] [Times: user=0.00 sys=0.00, real=0.00 secs] 
73.495: [GC 73.495: [ParNew: 6640K->153K(7616K), 0.0006986 secs] 14934K->8448K(24732K), 0.0007440 secs] [Times: user=0.00 sys=0.00, real=0.00 secs] 
73.501: [GC 73.501: [ParNew: 6679K->505K(7616K), 0.0007017 secs] 14974K->8800K(24732K), 0.0007554 secs] [Times: user=0.00 sys=0.00, real=0.00 secs] 
73.507: [GC 73.507: [ParNew: 7021K->459K(7616K), 0.0007995 secs] 15316K->8753K(24732K), 0.0008671 secs] [Times: user=0.01 sys=0.00, real=0.00 secs] 
73.512: [GC 73.512: [ParNew: 6980K->465K(7616K), 0.0010867 secs] 15274K->8760K(24732K), 0.0011454 secs] [Times: user=0.00 sys=0.00, real=0.00 secs] 
73.519: [GC 73.519: [ParNew: 6962K->968K(7616K), 0.0011891 secs] 15257K->9420K(24732K), 0.0012562 secs] [Times: user=0.00 sys=0.00, real=0.01 secs] 
73.525: [GC 73.525: [ParNew: 7422K->126K(7616K), 0.0016995 secs] 15874K->9445K(24732K), 0.0017803 secs] [Times: user=0.00 sys=0.00, real=0.00 secs] 
73.531: [GC 73.531: [ParNew: 6597K->535K(7616K), 0.0010555 secs] 15916K->9854K(24732K), 0.0011647 secs] [Times: user=0.00 sys=0.00, real=0.00 secs] 
73.537: [GC 73.538: [ParNew: 7038K->628K(7616K), 0.0009566 secs] 16357K->9947K(24732K), 0.0010608 secs] [Times: user=0.00 sys=0.00, real=0.00 secs] 
73.543: [GC 73.543: [ParNew: 7127K->534K(7616K), 0.0015671 secs] 16447K->10221K(24732K), 0.0016446 secs] [Times: user=0.01 sys=0.00, real=0.00 secs] 
73.550: [GC 73.550: [ParNew: 7039K->1078K(7616K), 0.0020949 secs] 16726K->11077K(24732K), 0.0021796 secs] [Times: user=0.01 sys=0.00, real=0.00 secs] 
73.556: [GC 73.556: [ParNew: 7600K->436K(7616K), 0.0016963 secs] 17599K->11243K(24732K), 0.0017714 secs] [Times: user=0.01 sys=0.00, real=0.00 secs] 
73.562: [GC 73.562: [ParNew: 6892K->683K(7616K), 0.0017479 secs] 17699K->11490K(24732K), 0.0018176 secs] [Times: user=0.00 sys=0.01, real=0.00 secs] 
73.568: [GC 73.568: [ParNew: 7154K->696K(7616K), 0.0012931 secs] 17961K->11857K(24732K), 0.0013627 secs] [Times: user=0.00 sys=0.00, real=0.01 secs] 
73.575: [GC 73.575: [ParNew: 7152K->452K(7616K), 0.0009558 secs] 18313K->11781K(24732K), 0.0010195 secs] [Times: user=0.00 sys=0.00, real=0.00 secs] 
73.580: [GC 73.580: [ParNew: 6952K->461K(7616K), 0.0008385 secs] 18282K->11790K(24732K), 0.0009043 secs] [Times: user=0.00 sys=0.00, real=0.00 secs] 
73.591: [GC 73.591: [ParNew: 6929K->563K(7616K), 0.0008003 secs] 18259K->11893K(24732K), 0.0008691 secs] [Times: user=0.00 sys=0.00, real=0.00 secs] 
73.596: [GC 73.596: [ParNew: 7083K->447K(7616K), 0.0009981 secs] 18413K->11979K(24732K), 0.0010585 secs] [Times: user=0.01 sys=0.00, real=0.00 secs] 
73.602: [GC 73.602: [ParNew: 6936K->287K(7616K), 0.0006397 secs] 18468K->11819K(24732K), 0.0006859 secs] [Times: user=0.00 sys=0.00, real=0.00 secs] 
73.606: [GC 73.606: [ParNew: 6759K->954K(7616K), 0.0012850 secs] 18291K->12486K(24732K), 0.0013563 secs] [Times: user=0.00 sys=0.00, real=0.00 secs] 
73.613: [GC 73.613: [ParNew: 7441K->251K(7616K), 0.0011391 secs] 18973K->12447K(24732K), 0.0012192 secs] [Times: user=0.00 sys=0.00, real=0.00 secs] 
73.619: [GC 73.620: [ParNew: 6773K->795K(7616K), 0.0010203 secs] 18970K->12991K(24732K), 0.0010949 secs] [Times: user=0.00 sys=0.00, real=0.00 secs] 
73.625: [GC 73.625: [ParNew: 7295K->269K(7616K), 0.0010319 secs] 19491K->12884K(24732K), 0.0010951 secs] [Times: user=0.00 sys=0.00, real=0.00 secs] 
73.631: [GC 73.632: [ParNew: 6759K->806K(7616K), 0.0013709 secs] 19374K->13421K(24732K), 0.0014627 secs] [Times: user=0.00 sys=0.00, real=0.00 secs] 
73.637: [GC 73.637: [ParNew: 7305K->253K(7616K), 0.0013730 secs] 19920K->13508K(24732K), 0.0014617 secs] [Times: user=0.01 sys=0.00, real=0.00 secs] 
73.643: [GC 73.643: [ParNew: 6765K->261K(7616K), 0.0007830 secs] 20020K->13515K(24732K), 0.0008484 secs] [Times: user=0.00 sys=0.00, real=0.00 secs] 
73.650: [GC 73.650: [ParNew: 6739K->456K(7616K), 0.0021067 secs] 19993K->13710K(24732K), 0.0023965 secs] [Times: user=0.00 sys=0.00, real=0.00 secs] 
73.657: [GC 73.657: [ParNew: 6919K->303K(7616K), 0.0006837 secs] 20173K->13557K(24732K), 0.0007357 secs] [Times: user=0.00 sys=0.00, real=0.00 secs] 
73.664: [GC 73.664: [ParNew: 6778K->806K(7616K), 0.0012088 secs] 20032K->14060K(24732K), 0.0012993 secs] [Times: user=0.00 sys=0.00, real=0.00 secs] 
73.671: [GC 73.671: [ParNew: 7274K->412K(7616K), 0.0012427 secs] 20528K->14142K(24732K), 0.0013533 secs] [Times: user=0.01 sys=0.00, real=0.00 secs] 
73.676: [GC 73.676: [ParNew: 6924K->659K(7616K), 0.0011097 secs] 20654K->14389K(24732K), 0.0011748 secs] [Times: user=0.01 sys=0.00, real=0.00 secs] 
73.684: [GC 73.684: [ParNew: 7167K->328K(7616K), 0.0013374 secs] 20897K->14307K(24732K), 0.0015922 secs] [Times: user=0.00 sys=0.00, real=0.00 secs] 
73.692: [GC 73.692: [ParNew: 6856K->913K(7616K), 0.0012856 secs] 20835K->14891K(24732K), 0.0013528 secs] [Times: user=0.00 sys=0.00, real=0.00 secs] 
73.700: [GC 73.700: [ParNew: 7441K->223K(7616K), 0.0017646 secs] 21419K->14677K(24732K), 0.0018388 secs] [Times: user=0.00 sys=0.00, real=0.00 secs] 
73.709: [GC 73.709: [ParNew: 6751K->151K(7616K), 0.0006181 secs] 21205K->14605K(24732K), 0.0006636 secs] [Times: user=0.00 sys=0.00, real=0.00 secs] 
73.716: [GC 73.716: [ParNew: 6679K->345K(7616K), 0.0007432 secs] 21133K->14798K(24732K), 0.0008583 secs] [Times: user=0.00 sys=0.00, real=0.00 secs] 
73.721: [GC 73.721: [ParNew: 6852K->367K(7616K), 0.0008893 secs] 21306K->14820K(24732K), 0.0009386 secs] [Times: user=0.00 sys=0.00, real=0.00 secs] 
73.726: [GC 73.726: [ParNew: 6895K->319K(7616K), 0.0007513 secs] 21348K->14773K(24732K), 0.0007978 secs] [Times: user=0.00 sys=0.00, real=0.00 secs] 
73.736: [GC 73.736: [ParNew: 6847K->314K(7616K), 0.0017512 secs] 21301K->14768K(24732K), 0.0018328 secs] [Times: user=0.00 sys=0.00, real=0.00 secs] 
73.743: [GC 73.743: [ParNew: 6842K->327K(7616K), 0.0009335 secs] 21296K->14781K(24732K), 0.0010022 secs] [Times: user=0.00 sys=0.00, real=0.00 secs] 
73.748: [GC 73.748: [ParNew: 6852K->270K(7616K), 0.0007845 secs] 21306K->14724K(24732K), 0.0008666 secs] [Times: user=0.00 sys=0.00, real=0.01 secs] 
73.753: [GC 73.753: [ParNew: 6792K->529K(7616K), 0.0009776 secs] 21246K->14982K(24732K), 0.0010338 secs] [Times: user=0.00 sys=0.00, real=0.00 secs] 
73.758: [GC 73.758: [ParNew: 7007K->369K(7616K), 0.0010405 secs] 21460K->14823K(24732K), 0.0010983 secs] [Times: user=0.00 sys=0.01, real=0.01 secs] 
73.763: [GC 73.763: [ParNew: 6893K->448K(7616K), 0.0009868 secs] 21346K->14902K(24732K), 0.0010433 secs] [Times: user=0.00 sys=0.00, real=0.00 secs] 
73.768: [GC 73.768: [ParNew: 6955K->599K(7616K), 0.0011829 secs] 21409K->15052K(24732K), 0.0012584 secs] [Times: user=0.01 sys=0.00, real=0.01 secs] 
73.773: [GC 73.773: [ParNew: 7097K->312K(7616K), 0.0015456 secs] 21551K->14974K(24732K), 0.0016115 secs] [Times: user=0.00 sys=0.00, real=0.00 secs] 
73.779: [GC 73.780: [ParNew: 6827K->821K(7616K), 0.0009466 secs] 21489K->15484K(24732K), 0.0010035 secs] [Times: user=0.00 sys=0.00, real=0.00 secs] 
73.786: [GC 73.786: [ParNew: 7344K->216K(7616K), 0.0009524 secs] 22006K->15267K(24732K), 0.0010369 secs] [Times: user=0.00 sys=0.00, real=0.00 secs] 
73.793: [GC 73.793: [ParNew: 6718K->259K(7616K), 0.0007094 secs] 21770K->15311K(24732K), 0.0007623 secs] [Times: user=0.00 sys=0.00, real=0.00 secs] 
73.798: [GC 73.798: [ParNew: 6735K->363K(7616K), 0.0007719 secs] 21786K->15415K(24732K), 0.0008243 secs] [Times: user=0.00 sys=0.00, real=0.00 secs] 
73.802: [GC 73.802: [ParNew: 6885K->317K(7616K), 0.0007551 secs] 21937K->15368K(24732K), 0.0008055 secs] [Times: user=0.00 sys=0.00, real=0.00 secs] 
73.807: [GC 73.807: [ParNew: 6797K->322K(7616K), 0.0007476 secs] 21849K->15374K(24732K), 0.0007969 secs] [Times: user=0.00 sys=0.00, real=0.00 secs] 
73.815: [GC 73.815: [ParNew: 6847K->469K(7616K), 0.0014208 secs] 21898K->15521K(24732K), 0.0014826 secs] [Times: user=0.00 sys=0.00, real=0.00 secs] 
73.820: [GC 73.820: [ParNew: 6917K->374K(7616K), 0.0008601 secs] 21969K->15426K(24732K), 0.0009118 secs] [Times: user=0.00 sys=0.00, real=0.00 secs] 
73.826: [GC 73.826: [ParNew: 6863K->559K(7616K), 0.0009313 secs] 21915K->15611K(24732K), 0.0009917 secs] [Times: user=0.00 sys=0.00, real=0.00 secs] 
73.832: [GC 73.832: [ParNew: 7052K->374K(7616K), 0.0011839 secs] 22104K->15509K(24732K), 0.0012572 secs] [Times: user=0.01 sys=0.00, real=0.00 secs] 
73.837: [GC 73.837: [ParNew: 6894K->333K(7616K), 0.0012363 secs] 22030K->15468K(24732K), 0.0013047 secs] [Times: user=0.00 sys=0.00, real=0.00 secs] 
73.845: [GC 73.845: [ParNew: 6861K->462K(7616K), 0.0028218 secs] 21996K->15598K(24732K), 0.0029092 secs] [Times: user=0.00 sys=0.01, real=0.00 secs] 
73.852: [GC 73.852: [ParNew: 6983K->496K(7616K), 0.0010647 secs] 22118K->15632K(24732K), 0.0011238 secs] [Times: user=0.00 sys=0.00, real=0.00 secs] 
73.857: [GC 73.857: [ParNew: 6984K->331K(7616K), 0.0016878 secs] 22120K->15467K(24732K), 0.0017543 secs] [Times: user=0.00 sys=0.00, real=0.00 secs] 
73.862: [GC 73.862: [ParNew: 6850K->336K(7616K), 0.0008415 secs] 21986K->15472K(24732K), 0.0008923 secs] [Times: user=0.00 sys=0.00, real=0.00 secs] 
73.867: [GC 73.867: [ParNew: 6853K->368K(7616K), 0.0008022 secs] 21988K->15504K(24732K), 0.0008531 secs] [Times: user=0.01 sys=0.00, real=0.00 secs] 
73.873: [GC 73.873: [ParNew: 6885K->307K(7616K), 0.0010805 secs] 22020K->15442K(24732K), 0.0011373 secs] [Times: user=0.00 sys=0.00, real=0.00 secs] 
73.878: [GC 73.878: [ParNew: 6815K->369K(7616K), 0.0010249 secs] 21951K->15505K(24732K), 0.0011308 secs] [Times: user=0.00 sys=0.00, real=0.01 secs] 
73.883: [GC 73.883: [ParNew: 6865K->429K(7616K), 0.0009297 secs] 22001K->15565K(24732K), 0.0010569 secs] [Times: user=0.00 sys=0.00, real=0.00 secs] 
73.891: [GC 73.891: [ParNew: 6957K->614K(7616K), 0.0011360 secs] 22092K->15750K(24732K), 0.0011903 secs] [Times: user=0.00 sys=0.00, real=0.00 secs] 
73.898: [GC 73.898: [ParNew: 7105K->403K(7616K), 0.0008608 secs] 22240K->15630K(24732K), 0.0009312 secs] [Times: user=0.01 sys=0.00, real=0.00 secs] 
73.903: [GC 73.903: [ParNew: 6915K->412K(7616K), 0.0009070 secs] 22142K->15639K(24732K), 0.0009586 secs] [Times: user=0.00 sys=0.00, real=0.00 secs] 
73.907: [GC 73.908: [ParNew: 6936K->502K(7616K), 0.0011950 secs] 22163K->15729K(24732K), 0.0012525 secs] [Times: user=0.00 sys=0.00, real=0.00 secs] 
73.913: [GC 73.913: [ParNew: 7012K->511K(7616K), 0.0009736 secs] 22238K->15738K(24732K), 0.0010412 secs] [Times: user=0.00 sys=0.00, real=0.00 secs] 
73.918: [GC 73.918: [ParNew: 7029K->509K(7616K), 0.0010742 secs] 22256K->15736K(24732K), 0.0011338 secs] [Times: user=0.00 sys=0.00, real=0.01 secs] 
73.924: [GC 73.924: [ParNew: 7028K->753K(7616K), 0.0010417 secs] 22255K->15980K(24732K), 0.0011023 secs] [Times: user=0.00 sys=0.00, real=0.00 secs] 
73.928: [GC 73.929: [ParNew: 7274K->434K(7616K), 0.0012747 secs] 22501K->15875K(24732K), 0.0013425 secs] [Times: user=0.01 sys=0.00, real=0.01 secs] 
73.935: [GC 73.935: [ParNew: 6909K->1022K(7616K), 0.0012518 secs] 22350K->16462K(24732K), 0.0013191 secs] [Times: user=0.00 sys=0.00, real=0.00 secs] 
73.940: [GC 73.940: [ParNew: 7544K->249K(7616K), 0.0020739 secs] 22984K->16422K(24732K), 0.0021797 secs] [Times: user=0.00 sys=0.00, real=0.00 secs] 
73.948: [GC 73.948: [ParNew: 6766K->751K(7616K), 0.0010835 secs] 22939K->16924K(24732K), 0.0011625 secs] [Times: user=0.00 sys=0.01, real=0.01 secs] 
73.953: [GC 73.953: [ParNew: 7254K->95K(7616K), 0.0011517 secs] 23427K->16847K(24732K), 0.0012305 secs] [Times: user=0.00 sys=0.00, real=0.00 secs] 
73.959: [GC 73.959: [ParNew: 6620K->344K(7616K), 0.0011078 secs] 23371K->17095K(24732K), 0.0013027 secs] [Times: user=0.00 sys=0.00, real=0.00 secs] 
73.965: [GC 73.965: [ParNew: 6830K->703K(7616K), 0.0010930 secs] 23581K->17455K(24732K), 0.0011570 secs] [Times: user=0.01 sys=0.00, real=0.00 secs] 
73.970: [GC 73.970: [ParNew: 7194K->747K(7616K), 0.0012240 secs] 23945K->17721K(24732K), 0.0012882 secs] [Times: user=0.01 sys=0.00, real=0.00 secs] 
73.977: [GC 73.978: [ParNew: 7140K->82K(7616K), 0.0010137 secs]73.979: [Tenured: 17391K->7342K(17500K), 0.0699080 secs] 24114K->7342K(25116K), [Perm : 10713K->10713K(21248K)], 0.0712687 secs] [Times: user=0.07 sys=0.00, real=0.08 secs] 
74.054: [GC 74.054: [ParNew: 6495K->563K(7616K), 0.0008485 secs] 13837K->7905K(24732K), 0.0009059 secs] [Times: user=0.00 sys=0.00, real=0.00 secs] 
74.058: [GC 74.058: [ParNew: 7043K->285K(7616K), 0.0012083 secs] 14385K->8031K(24732K), 0.0012759 secs] [Times: user=0.00 sys=0.00, real=0.01 secs] 
74.064: [GC 74.064: [ParNew: 6790K->513K(7616K), 0.0008686 secs] 14536K->8258K(24732K), 0.0009232 secs] [Times: user=0.01 sys=0.00, real=0.00 secs] 
74.069: [GC 74.069: [ParNew: 7033K->343K(7616K), 0.0008393 secs] 14779K->8089K(24732K), 0.0008928 secs] [Times: user=0.00 sys=0.00, real=0.01 secs] 
74.077: [GC 74.077: [ParNew: 6840K->826K(7616K), 0.0010823 secs] 14586K->8572K(24732K), 0.0011500 secs] [Times: user=0.00 sys=0.00, real=0.00 secs] 
74.082: [GC 74.083: [ParNew: 7354K->185K(7616K), 0.0008598 secs] 15100K->8249K(24732K), 0.0009308 secs] [Times: user=0.00 sys=0.00, real=0.00 secs] 
74.089: [GC 74.089: [ParNew: 6676K->402K(7616K), 0.0007502 secs] 14740K->8466K(24732K), 0.0008128 secs] [Times: user=0.00 sys=0.00, real=0.00 secs] 
74.094: [GC 74.094: [ParNew: 6926K->358K(7616K), 0.0007274 secs] 14990K->8423K(24732K), 0.0007816 secs] [Times: user=0.00 sys=0.00, real=0.00 secs] 
74.099: [GC 74.099: [ParNew: 6795K->300K(7616K), 0.0007409 secs] 14859K->8364K(24732K), 0.0008488 secs] [Times: user=0.00 sys=0.01, real=0.01 secs] 
74.105: [GC 74.105: [ParNew: 6791K->448K(7616K), 0.0008232 secs] 14855K->8512K(24732K), 0.0008806 secs] [Times: user=0.00 sys=0.00, real=0.00 secs] 
74.110: [GC 74.110: [ParNew: 6944K->254K(7616K), 0.0006465 secs] 15008K->8318K(24732K), 0.0006929 secs] [Times: user=0.00 sys=0.00, real=0.00 secs] 
74.115: [GC 74.116: [ParNew: 6751K->432K(7616K), 0.0007709 secs] 14815K->8497K(24732K), 0.0008553 secs] [Times: user=0.00 sys=0.00, real=0.00 secs] 
74.120: [GC 74.121: [ParNew: 6940K->436K(7616K), 0.0008874 secs] 15004K->8500K(24732K), 0.0009431 secs] [Times: user=0.00 sys=0.00, real=0.00 secs] 
74.125: [GC 74.125: [ParNew: 6946K->385K(7616K), 0.0010380 secs] 15010K->8449K(24732K), 0.0011047 secs] [Times: user=0.00 sys=0.00, real=0.00 secs] 
74.131: [GC 74.131: [ParNew: 6862K->461K(7616K), 0.0010508 secs] 14926K->8525K(24732K), 0.0011405 secs] [Times: user=0.00 sys=0.00, real=0.00 secs] 
74.136: [GC 74.136: [ParNew: 6949K->406K(7616K), 0.0012026 secs] 15013K->8470K(24732K), 0.0012756 secs] [Times: user=0.01 sys=0.00, real=0.00 secs] 
74.142: [GC 74.142: [ParNew: 6909K->413K(7616K), 0.0009247 secs] 14974K->8478K(24732K), 0.0009858 secs] [Times: user=0.00 sys=0.00, real=0.00 secs] 
74.147: [GC 74.147: [ParNew: 6886K->282K(7616K), 0.0006548 secs] 14950K->8346K(24732K), 0.0010444 secs] [Times: user=0.00 sys=0.00, real=0.00 secs] 
74.152: [GC 74.152: [ParNew: 6769K->625K(7616K), 0.0012386 secs] 14834K->8689K(24732K), 0.0013156 secs] [Times: user=0.00 sys=0.00, real=0.00 secs] 
74.157: [GC 74.157: [ParNew: 7110K->460K(7616K), 0.0007530 secs] 15174K->8581K(24732K), 0.0008052 secs] [Times: user=0.00 sys=0.00, real=0.00 secs] 
74.163: [GC 74.163: [ParNew: 6978K->503K(7616K), 0.0007735 secs] 15099K->8624K(24732K), 0.0008452 secs] [Times: user=0.01 sys=0.00, real=0.00 secs] 
74.168: [GC 74.168: [ParNew: 7006K->432K(7616K), 0.0008425 secs] 15128K->8554K(24732K), 0.0008987 secs] [Times: user=0.00 sys=0.00, real=0.01 secs] 
74.173: [GC 74.173: [ParNew: 6909K->530K(7616K), 0.0009844 secs] 15031K->8651K(24732K), 0.0010409 secs] [Times: user=0.00 sys=0.00, real=0.00 secs] 
74.177: [GC 74.178: [ParNew: 6923K->497K(7616K), 0.0011435 secs] 15044K->8618K(24732K), 0.0012118 secs] [Times: user=0.00 sys=0.00, real=0.00 secs] 
74.184: [GC 74.184: [ParNew: 7019K->524K(7616K), 0.0009242 secs] 15140K->8645K(24732K), 0.0009816 secs] [Times: user=0.00 sys=0.00, real=0.00 secs] 
74.189: [GC 74.190: [ParNew: 7045K->529K(7616K), 0.0007517 secs] 15167K->8650K(24732K), 0.0008144 secs] [Times: user=0.00 sys=0.00, real=0.00 secs] 
74.195: [GC 74.195: [ParNew: 6983K->434K(7616K), 0.0008929 secs] 15104K->8556K(24732K), 0.0009494 secs] [Times: user=0.00 sys=0.00, real=0.00 secs] 
74.200: [GC 74.200: [ParNew: 6908K->373K(7616K), 0.0009692 secs] 15029K->8495K(24732K), 0.0010385 secs] [Times: user=0.00 sys=0.01, real=0.00 secs] 
74.206: [GC 74.206: [ParNew: 6895K->390K(7616K), 0.0007702 secs] 15017K->8511K(24732K), 0.0008384 secs] [Times: user=0.00 sys=0.00, real=0.00 secs] 
74.213: [GC 74.213: [ParNew: 6816K->384K(7616K), 0.0011228 secs] 14937K->8506K(24732K), 0.0011830 secs] [Times: user=0.00 sys=0.00, real=0.00 secs] 
74.222: [GC 74.222: [ParNew: 6912K->405K(7616K), 0.0007581 secs] 15034K->8527K(24732K), 0.0008241 secs] [Times: user=0.00 sys=0.00, real=0.00 secs] 
74.227: [GC 74.227: [ParNew: 6851K->326K(7616K), 0.0007406 secs] 14972K->8447K(24732K), 0.0007914 secs] [Times: user=0.01 sys=0.00, real=0.00 secs] 
74.232: [GC 74.232: [ParNew: 6847K->365K(7616K), 0.0008922 secs] 14969K->8486K(24732K), 0.0009605 secs] [Times: user=0.01 sys=0.00, real=0.00 secs] 
74.237: [GC 74.237: [ParNew: 6868K->484K(7616K), 0.0008540 secs] 14989K->8605K(24732K), 0.0009103 secs] [Times: user=0.00 sys=0.00, real=0.00 secs] 
74.247: [GC 74.247: [ParNew: 6983K->352K(7616K), 0.0010698 secs] 15104K->8473K(24732K), 0.0011598 secs] [Times: user=0.00 sys=0.00, real=0.00 secs] 
74.252: [GC 74.252: [ParNew: 6877K->272K(7616K), 0.0010577 secs] 14998K->8393K(24732K), 0.0011164 secs] [Times: user=0.00 sys=0.00, real=0.00 secs] 
74.257: [GC 74.257: [ParNew: 6777K->350K(7616K), 0.0006719 secs] 14898K->8471K(24732K), 0.0007217 secs] [Times: user=0.01 sys=0.00, real=0.00 secs] 
74.262: [GC 74.263: [ParNew: 6862K->313K(7616K), 0.0008198 secs] 14983K->8434K(24732K), 0.0008834 secs] [Times: user=0.00 sys=0.00, real=0.00 secs] 
74.267: [GC 74.267: [ParNew: 6834K->293K(7616K), 0.0006994 secs] 14956K->8414K(24732K), 0.0007604 secs] [Times: user=0.00 sys=0.00, real=0.00 secs] 
74.272: [GC 74.272: [ParNew: 6812K->282K(7616K), 0.0007286 secs] 14933K->8403K(24732K), 0.0007800 secs] [Times: user=0.00 sys=0.00, real=0.00 secs] 
74.277: [GC 74.277: [ParNew: 6786K->170K(7616K), 0.0006085 secs] 14908K->8291K(24732K), 0.0006548 secs] [Times: user=0.00 sys=0.00, real=0.00 secs] 
74.285: [GC 74.285: [ParNew: 6698K->304K(7616K), 0.0012931 secs] 14819K->8425K(24732K), 0.0014081 secs] [Times: user=0.01 sys=0.00, real=0.00 secs] 
74.291: [GC 74.291: [ParNew: 6808K->303K(7616K), 0.0007133 secs] 14930K->8424K(24732K), 0.0007699 secs] [Times: user=0.00 sys=0.00, real=0.00 secs] 
74.297: [GC 74.297: [ParNew: 6824K->237K(7616K), 0.0006724 secs] 14945K->8358K(24732K), 0.0007178 secs] [Times: user=0.00 sys=0.00, real=0.00 secs] 
74.302: [GC 74.302: [ParNew: 6757K->245K(7616K), 0.0006775 secs] 14879K->8375K(24732K), 0.0007260 secs] [Times: user=0.00 sys=0.00, real=0.00 secs] 
74.307: [GC 74.307: [ParNew: 6762K->176K(7616K), 0.0005999 secs] 14891K->8314K(24732K), 0.0006436 secs] [Times: user=0.00 sys=0.00, real=0.00 secs] 
74.312: [GC 74.312: [ParNew: 6692K->231K(7616K), 0.0007395 secs] 14829K->8368K(24732K), 0.0007866 secs] [Times: user=0.00 sys=0.00, real=0.00 secs] 
74.316: [GC 74.316: [ParNew: 6749K->180K(7616K), 0.0006249 secs] 14886K->8326K(24732K), 0.0006713 secs] [Times: user=0.00 sys=0.00, real=0.00 secs] 
74.321: [GC 74.321: [ParNew: 6689K->199K(7616K), 0.0006585 secs] 14835K->8346K(24732K), 0.0007189 secs] [Times: user=0.00 sys=0.00, real=0.00 secs] 
74.325: [GC 74.325: [ParNew: 6714K->291K(7616K), 0.0006804 secs] 14860K->8438K(24732K), 0.0007319 secs] [Times: user=0.00 sys=0.00, real=0.00 secs] 
74.331: [GC 74.331: [ParNew: 6795K->162K(7616K), 0.0038592 secs] 14942K->8309K(24732K), 0.0039669 secs] [Times: user=0.00 sys=0.00, real=0.00 secs] 
74.339: [GC 74.339: [ParNew: 6640K->168K(7616K), 0.0005437 secs] 14787K->8315K(24732K), 0.0005884 secs] [Times: user=0.01 sys=0.00, real=0.00 secs] 
74.344: [GC 74.344: [ParNew: 6660K->114K(7616K), 0.0005769 secs] 14807K->8261K(24732K), 0.0006227 secs] [Times: user=0.00 sys=0.00, real=0.00 secs] 
74.349: [GC 74.349: [ParNew: 6637K->158K(7616K), 0.0008389 secs] 14784K->8305K(24732K), 0.0009136 secs] [Times: user=0.00 sys=0.00, real=0.01 secs] 
74.354: [GC 74.354: [ParNew: 6647K->124K(7616K), 0.0007023 secs] 14794K->8271K(24732K), 0.0007498 secs] [Times: user=0.00 sys=0.00, real=0.00 secs] 
74.358: [GC 74.358: [ParNew: 6612K->170K(7616K), 0.0006390 secs] 14759K->8317K(24732K), 0.0006871 secs] [Times: user=0.01 sys=0.00, real=0.01 secs] 
74.363: [GC 74.363: [ParNew: 6681K->246K(7616K), 0.0007637 secs] 14828K->8393K(24732K), 0.0008127 secs] [Times: user=0.00 sys=0.00, real=0.00 secs] 
74.368: [GC 74.368: [ParNew: 6771K->130K(7616K), 0.0006294 secs] 14918K->8285K(24732K), 0.0006785 secs] [Times: user=0.00 sys=0.00, real=0.00 secs] 
74.372: [GC 74.373: [ParNew: 6589K->140K(7616K), 0.0006297 secs] 14744K->8303K(24732K), 0.0006772 secs] [Times: user=0.00 sys=0.00, real=0.00 secs] 
74.377: [GC 74.377: [ParNew: 6622K->134K(7616K), 0.0012440 secs] 14785K->8297K(24732K), 0.0013173 secs] [Times: user=0.00 sys=0.00, real=0.00 secs] 
74.382: [GC 74.382: [ParNew: 6629K->214K(7616K), 0.0006003 secs] 14791K->8377K(24732K), 0.0006501 secs] [Times: user=0.00 sys=0.00, real=0.00 secs] 
74.387: [GC 74.387: [ParNew: 6737K->138K(7616K), 0.0008070 secs] 14900K->8300K(24732K), 0.0008838 secs] [Times: user=0.00 sys=0.00, real=0.00 secs] 
74.393: [GC 74.393: [ParNew: 6648K->303K(7616K), 0.0006360 secs] 14811K->8466K(24732K), 0.0006822 secs] [Times: user=0.00 sys=0.00, real=0.00 secs] 
74.398: [GC 74.398: [ParNew: 6781K->145K(7616K), 0.0005943 secs] 14944K->8308K(24732K), 0.0007181 secs] [Times: user=0.00 sys=0.00, real=0.00 secs] 
74.403: [GC 74.403: [ParNew: 6549K->274K(7616K), 0.0005631 secs] 14711K->8437K(24732K), 0.0006084 secs] [Times: user=0.00 sys=0.00, real=0.00 secs] 
74.407: [GC 74.407: [ParNew: 6796K->363K(7616K), 0.0006880 secs] 14959K->8526K(24732K), 0.0007369 secs] [Times: user=0.00 sys=0.00, real=0.00 secs] 
74.412: [GC 74.412: [ParNew: 6880K->154K(7616K), 0.0005609 secs] 15042K->8317K(24732K), 0.0006120 secs] [Times: user=0.00 sys=0.00, real=0.00 secs] 
74.419: [GC 74.419: [ParNew: 6682K->70K(7616K), 0.0014407 secs] 14845K->8233K(24732K), 0.0015076 secs] [Times: user=0.01 sys=0.00, real=0.00 secs] 
74.426: [GC 74.426: [ParNew: 6598K->80K(7616K), 0.0004899 secs] 14761K->8243K(24732K), 0.0005315 secs] [Times: user=0.01 sys=0.00, real=0.00 secs] 
74.431: [GC 74.431: [ParNew: 6607K->169K(7616K), 0.0006355 secs] 14769K->8332K(24732K), 0.0006857 secs] [Times: user=0.00 sys=0.00, real=0.00 secs] 
74.436: [GC 74.436: [ParNew: 6692K->188K(7616K), 0.0007237 secs] 14855K->8351K(24732K), 0.0007713 secs] [Times: user=0.00 sys=0.00, real=0.00 secs] 
74.441: [GC 74.441: [ParNew: 6713K->115K(7616K), 0.0005699 secs] 14876K->8278K(24732K), 0.0006145 secs] [Times: user=0.00 sys=0.00, real=0.00 secs] 
74.445: [GC 74.445: [ParNew: 6626K->125K(7616K), 0.0005900 secs] 14788K->8287K(24732K), 0.0006416 secs] [Times: user=0.01 sys=0.00, real=0.00 secs] 
74.450: [GC 74.450: [ParNew: 6643K->123K(7616K), 0.0009095 secs] 14806K->8285K(24732K), 0.0009723 secs] [Times: user=0.00 sys=0.00, real=0.00 secs] 
74.455: [GC 74.455: [ParNew: 6633K->193K(7616K), 0.0006384 secs] 14796K->8356K(24732K), 0.0006947 secs] [Times: user=0.00 sys=0.00, real=0.00 secs] 
74.460: [GC 74.460: [ParNew: 6661K->132K(7616K), 0.0005554 secs] 14824K->8295K(24732K), 0.0005996 secs] [Times: user=0.00 sys=0.00, real=0.00 secs] 
74.464: [GC 74.464: [ParNew: 6658K->136K(7616K), 0.0006783 secs] 14820K->8299K(24732K), 0.0007249 secs] [Times: user=0.01 sys=0.00, real=0.00 secs] 
74.474: [GC 74.474: [ParNew: 6638K->57K(7616K), 0.0005515 secs] 14801K->8220K(24732K), 0.0006145 secs] [Times: user=0.01 sys=0.00, real=0.00 secs] 
74.480: [GC 74.480: [ParNew: 6527K->73K(7616K), 0.0004937 secs] 14690K->8236K(24732K), 0.0005383 secs] [Times: user=0.00 sys=0.00, real=0.00 secs] 
74.485: [GC 74.485: [ParNew: 6595K->120K(7616K), 0.0005800 secs] 14758K->8283K(24732K), 0.0006289 secs] [Times: user=0.00 sys=0.00, real=0.00 secs] 
74.490: [GC 74.490: [ParNew: 6622K->162K(7616K), 0.0005835 secs] 14785K->8325K(24732K), 0.0006362 secs] [Times: user=0.00 sys=0.00, real=0.00 secs] 
74.494: [GC 74.494: [ParNew: 6671K->110K(7616K), 0.0007568 secs] 14833K->8272K(24732K), 0.0008127 secs] [Times: user=0.00 sys=0.00, real=0.00 secs] 
74.499: [GC 74.499: [ParNew: 6618K->111K(7616K), 0.0005982 secs] 14781K->8290K(24732K), 0.0006460 secs] [Times: user=0.00 sys=0.00, real=0.00 secs] 
74.504: [GC 74.504: [ParNew: 6612K->117K(7616K), 0.0005266 secs] 14791K->8296K(24732K), 0.0005688 secs] [Times: user=0.00 sys=0.00, real=0.00 secs] 
74.508: [GC 74.508: [ParNew: 6637K->198K(7616K), 0.0006508 secs] 14816K->8384K(24732K), 0.0006982 secs] [Times: user=0.00 sys=0.00, real=0.00 secs] 
74.513: [GC 74.513: [ParNew: 6704K->149K(7616K), 0.0006149 secs] 14891K->8336K(24732K), 0.0006622 secs] [Times: user=0.00 sys=0.01, real=0.00 secs] 
74.517: [GC 74.517: [ParNew: 6675K->158K(7616K), 0.0005718 secs] 14862K->8345K(24732K), 0.0006186 secs] [Times: user=0.00 sys=0.00, real=0.00 secs] 
74.522: [GC 74.522: [ParNew: 6653K->164K(7616K), 0.0005920 secs] 14840K->8351K(24732K), 0.0006383 secs] [Times: user=0.00 sys=0.00, real=0.00 secs] 
74.526: [GC 74.526: [ParNew: 6679K->193K(7616K), 0.0005883 secs] 14865K->8379K(24732K), 0.0006684 secs] [Times: user=0.00 sys=0.00, real=0.00 secs] 
74.531: [GC 74.531: [ParNew: 6691K->130K(7616K), 0.0005757 secs] 14878K->8316K(24732K), 0.0006262 secs] [Times: user=0.00 sys=0.00, real=0.00 secs] 
74.535: [GC 74.535: [ParNew: 6656K->186K(7616K), 0.0006163 secs] 14843K->8373K(24732K), 0.0006634 secs] [Times: user=0.00 sys=0.00, real=0.00 secs] 
74.541: [GC 74.541: [ParNew: 6705K->282K(7616K), 0.0005388 secs] 14892K->8469K(24732K), 0.0005830 secs] [Times: user=0.00 sys=0.00, real=0.00 secs] 
74.546: [GC 74.546: [ParNew: 6793K->256K(7616K), 0.0007864 secs] 14979K->8450K(24732K), 0.0008355 secs] [Times: user=0.00 sys=0.00, real=0.00 secs] 
74.553: [GC 74.553: [ParNew: 6766K->197K(7616K), 0.0008939 secs] 14961K->8400K(24732K), 0.0009519 secs] [Times: user=0.00 sys=0.00, real=0.00 secs] 
74.558: [GC 74.558: [ParNew: 6712K->293K(7616K), 0.0005670 secs] 14914K->8496K(24732K), 0.0006120 secs] [Times: user=0.00 sys=0.00, real=0.00 secs] 
74.563: [GC 74.563: [ParNew: 6802K->142K(7616K), 0.0005142 secs] 15005K->8345K(24732K), 0.0005802 secs] [Times: user=0.00 sys=0.00, real=0.00 secs] 
74.567: [GC 74.567: [ParNew: 6631K->146K(7616K), 0.0005344 secs] 14834K->8349K(24732K), 0.0005861 secs] [Times: user=0.01 sys=0.00, real=0.00 secs] 
74.572: [GC 74.572: [ParNew: 6620K->231K(7616K), 0.0005910 secs] 14823K->8434K(24732K), 0.0006393 secs] [Times: user=0.00 sys=0.00, real=0.00 secs] 
74.576: [GC 74.576: [ParNew: 6677K->234K(7616K), 0.0007114 secs] 14880K->8437K(24732K), 0.0007615 secs] [Times: user=0.00 sys=0.00, real=0.00 secs] 
74.582: [GC 74.582: [ParNew: 6709K->289K(7616K), 0.0005915 secs] 14912K->8492K(24732K), 0.0006616 secs] [Times: user=0.00 sys=0.00, real=0.00 secs] 
74.587: [GC 74.587: [ParNew: 6787K->310K(7616K), 0.0014567 secs] 14990K->8513K(24732K), 0.0015229 secs] [Times: user=0.00 sys=0.00, real=0.00 secs] 
74.592: [GC 74.592: [ParNew: 6797K->160K(7616K), 0.0005677 secs] 14999K->8363K(24732K), 0.0006156 secs] [Times: user=0.00 sys=0.00, real=0.00 secs] 
74.600: [GC 74.600: [ParNew: 6617K->154K(7616K), 0.0005493 secs] 14820K->8357K(24732K), 0.0005949 secs] [Times: user=0.00 sys=0.00, real=0.00 secs] 
74.605: [GC 74.605: [ParNew: 6533K->83K(7616K), 0.0004960 secs] 14735K->8286K(24732K), 0.0005409 secs] [Times: user=0.00 sys=0.00, real=0.00 secs] 
74.611: [GC 74.611: [ParNew: 6516K->83K(7616K), 0.0004553 secs] 14718K->8286K(24732K), 0.0005309 secs] [Times: user=0.00 sys=0.00, real=0.00 secs] 
74.616: [GC 74.616: [ParNew: 6603K->87K(7616K), 0.0006538 secs] 14806K->8289K(24732K), 0.0007031 secs] [Times: user=0.00 sys=0.00, real=0.00 secs] 
75.939: [Full GC (System) 75.939: [Tenured: 8202K->6551K(17116K), 0.0771062 secs] 14099K->6551K(24732K), [Perm : 10752K->10752K(21248K)], 0.0771935 secs] [Times: user=0.07 sys=0.00, real=0.07 secs] 
Heap
 par new generation   total 7616K, used 214K [0x0000000105010000, 0x0000000105890000, 0x0000000106c10000)
  eden space 6528K,   3% used [0x0000000105010000, 0x00000001050458c0, 0x0000000105670000)
  from space 1088K,   0% used [0x0000000105670000, 0x0000000105670000, 0x0000000105780000)
  to   space 1088K,   0% used [0x0000000105780000, 0x0000000105780000, 0x0000000105890000)
 tenured generation   total 17116K, used 6551K [0x0000000106c10000, 0x0000000107cc7000, 0x000000010a410000)
   the space 17116K,  38% used [0x0000000106c10000, 0x0000000107275e78, 0x0000000107276000, 0x0000000107cc7000)
 compacting perm gen  total 21248K, used 10752K [0x000000010a410000, 0x000000010b8d0000, 0x000000010f810000)
   the space 21248K,  50% used [0x000000010a410000, 0x000000010ae90368, 0x000000010ae90400, 0x000000010b8d0000)
No shared spaces configured.
