16.473: [GC (GCLocker Initiated GC) [PSYoungGen: 175104K->16863K(349696K)] 175104K->16935K(355328K), 0.0095410 secs] [Times: user=0.04 sys=0.01, real=0.01 secs] 
18.667: [GC (Allocation Failure) [PSYoungGen: 191967K->5159K(349696K)] 192041K->5241K(355328K), 0.0043830 secs] [Times: user=0.02 sys=0.00, real=0.01 secs] 
20.697: [GC (Allocation Failure) [PSYoungGen: 180263K->3832K(349696K)] 180345K->3922K(355328K), 0.0028270 secs] [Times: user=0.01 sys=0.00, real=0.01 secs] 
22.001: [GC (GCLocker Initiated GC) [PSYoungGen: 178936K->9992K(349696K)] 179026K->10090K(355328K), 0.0048000 secs] [Times: user=0.02 sys=0.01, real=0.00 secs] 
23.490: [GC (GCLocker Initiated GC) [PSYoungGen: 185096K->22072K(349696K)] 185197K->22181K(355328K), 0.0072810 secs] [Times: user=0.04 sys=0.00, real=0.00 secs] 
24.705: [GC (Allocation Failure) [PSYoungGen: 197176K->25080K(473600K)] 197290K->37938K(486912K), 0.0232250 secs] [Times: user=0.09 sys=0.04, real=0.02 secs] 
24.729: [Full GC (Ergonomics) [PSYoungGen: 25080K->2964K(473600K)] [ParOldGen: 12858K->13271K(26624K)] 37938K->16236K(500224K) [PSPermGen: 8531K->8493K(21504K)], 0.0590550 secs] [Times: user=0.28 sys=0.00, real=0.06 secs] 
27.305: [GC (Allocation Failure) [PSYoungGen: 451476K->18646K(486400K)] 464748K->31917K(513024K), 0.0119410 secs] [Times: user=0.06 sys=0.02, real=0.01 secs] 
29.575: [GC (Allocation Failure) [PSYoungGen: 467158K->18638K(489472K)] 480429K->31909K(516096K), 0.0093580 secs] [Times: user=0.05 sys=0.01, real=0.01 secs] 
31.467: [GC (Allocation Failure) [PSYoungGen: 471758K->20389K(487936K)] 485029K->36717K(514560K), 0.0099400 secs] [Times: user=0.05 sys=0.01, real=0.01 secs] 
33.286: [GC (Allocation Failure) [PSYoungGen: 473509K->13076K(491008K)] 489837K->43697K(523264K), 0.0106730 secs] [Times: user=0.06 sys=0.01, real=0.01 secs] 
33.297: [Full GC (Ergonomics) [PSYoungGen: 13076K->0K(491008K)] [ParOldGen: 30621K->14868K(31744K)] 43697K->14868K(522752K) [PSPermGen: 8568K->8567K(21504K)], 0.0357380 secs] [Times: user=0.21 sys=0.01, real=0.04 secs] 
35.181: [GC (Allocation Failure) [PSYoungGen: 456704K->28260K(485376K)] 471572K->43129K(517120K), 0.0113420 secs] [Times: user=0.07 sys=0.01, real=0.01 secs] 
36.549: [GC (Allocation Failure) [PSYoungGen: 484964K->20342K(488960K)] 499833K->51409K(520704K), 0.0114700 secs] [Times: user=0.08 sys=0.00, real=0.02 secs] 
36.560: [Full GC (Ergonomics) [PSYoungGen: 20342K->0K(488960K)] [ParOldGen: 31066K->22519K(45056K)] 51409K->22519K(534016K) [PSPermGen: 8580K->8580K(21504K)], 0.0473720 secs] [Times: user=0.29 sys=0.00, real=0.04 secs] 
38.154: [GC (GCLocker Initiated GC) [PSYoungGen: 453120K->21357K(488448K)] 475639K->43876K(533504K), 0.0064950 secs] [Times: user=0.05 sys=0.00, real=0.01 secs] 
39.596: [GC (GCLocker Initiated GC) [PSYoungGen: 474477K->27413K(486400K)] 497006K->49941K(531456K), 0.0077960 secs] [Times: user=0.04 sys=0.00, real=0.01 secs] 
41.054: [GC (GCLocker Initiated GC) [PSYoungGen: 478997K->36333K(487936K)] 501535K->59231K(532992K), 0.0127740 secs] [Times: user=0.07 sys=0.00, real=0.01 secs] 
42.578: [GC (GCLocker Initiated GC) [PSYoungGen: 487917K->34802K(471552K)] 510822K->72499K(516608K), 0.0159110 secs] [Times: user=0.10 sys=0.01, real=0.02 secs] 
42.594: [Full GC (Ergonomics) [PSYoungGen: 34802K->0K(471552K)] [ParOldGen: 37696K->31854K(58880K)] 72499K->31854K(530432K) [PSPermGen: 8606K->8606K(21504K)], 0.0538410 secs] [Times: user=0.35 sys=0.00, real=0.05 secs] 
43.900: [GC (GCLocker Initiated GC) [PSYoungGen: 435200K->29877K(465408K)] 467056K->61733K(524288K), 0.0093810 secs] [Times: user=0.06 sys=0.00, real=0.01 secs] 
45.090: [GC (GCLocker Initiated GC) [PSYoungGen: 465077K->24277K(480768K)] 496944K->56145K(539648K), 0.0085320 secs] [Times: user=0.05 sys=0.00, real=0.00 secs] 
46.269: [GC (Allocation Failure) [PSYoungGen: 459989K->22846K(479232K)] 491859K->64024K(538112K), 0.0094920 secs] [Times: user=0.06 sys=0.00, real=0.01 secs] 
47.688: [GC (Allocation Failure) [PSYoungGen: 458558K->28822K(482816K)] 499736K->70184K(541696K), 0.0090610 secs] [Times: user=0.06 sys=0.01, real=0.01 secs] 
48.907: [GC (GCLocker Initiated GC) [PSYoungGen: 470166K->20603K(482816K)] 511528K->73373K(541696K), 0.0123210 secs] [Times: user=0.07 sys=0.01, real=0.01 secs] 
48.919: [Full GC (Ergonomics) [PSYoungGen: 20603K->0K(482816K)] [ParOldGen: 52769K->20518K(50688K)] 73373K->20518K(533504K) [PSPermGen: 8633K->8633K(21504K)], 0.0424750 secs] [Times: user=0.21 sys=0.01, real=0.05 secs] 
50.142: [GC (GCLocker Initiated GC) [PSYoungGen: 441344K->34899K(478720K)] 461865K->55421K(529408K), 0.0094890 secs] [Times: user=0.06 sys=0.00, real=0.01 secs] 
51.138: [GC (GCLocker Initiated GC) [PSYoungGen: 473171K->24864K(481280K)] 493696K->45388K(531968K), 0.0080600 secs] [Times: user=0.05 sys=0.00, real=0.01 secs] 
52.437: [GC (GCLocker Initiated GC) [PSYoungGen: 463136K->15684K(483328K)] 483665K->42616K(534016K), 0.0068450 secs] [Times: user=0.04 sys=0.00, real=0.01 secs] 
53.618: [GC (GCLocker Initiated GC) [PSYoungGen: 457540K->14180K(482816K)] 484477K->41157K(533504K), 0.0042380 secs] [Times: user=0.02 sys=0.00, real=0.01 secs] 
54.994: [GC (GCLocker Initiated GC) [PSYoungGen: 456036K->27428K(483328K)] 483016K->54408K(534016K), 0.0088160 secs] [Times: user=0.06 sys=0.00, real=0.01 secs] 
56.276: [GC (GCLocker Initiated GC) [PSYoungGen: 469796K->25156K(483328K)] 496779K->52139K(534016K), 0.0080290 secs] [Times: user=0.04 sys=0.00, real=0.01 secs] 
57.509: [GC (GCLocker Initiated GC) [PSYoungGen: 467524K->23396K(485888K)] 494515K->50387K(536576K), 0.0076960 secs] [Times: user=0.05 sys=0.00, real=0.01 secs] 
58.619: [GC (GCLocker Initiated GC) [PSYoungGen: 469348K->29773K(484352K)] 496341K->56766K(535040K), 0.0093330 secs] [Times: user=0.06 sys=0.00, real=0.00 secs] 
59.700: [GC (GCLocker Initiated GC) [PSYoungGen: 475725K->38276K(477696K)] 502722K->65297K(528384K), 0.0106150 secs] [Times: user=0.07 sys=0.00, real=0.01 secs] 
60.865: [GC (GCLocker Initiated GC) [PSYoungGen: 476548K->24388K(481280K)] 503572K->60852K(531968K), 0.0128040 secs] [Times: user=0.08 sys=0.00, real=0.01 secs] 
62.333: [GC (GCLocker Initiated GC) [PSYoungGen: 462660K->28152K(483328K)] 499137K->69053K(534016K), 0.0121310 secs] [Times: user=0.08 sys=0.00, real=0.01 secs] 
62.345: [Full GC (Ergonomics) [PSYoungGen: 28152K->0K(483328K)] [ParOldGen: 40900K->17931K(46592K)] 69053K->17931K(529920K) [PSPermGen: 8660K->8660K(21504K)], 0.0368830 secs] [Times: user=0.22 sys=0.00, real=0.04 secs] 
63.293: [GC (GCLocker Initiated GC) [PSYoungGen: 441856K->19325K(482816K)] 459798K->37267K(529408K), 0.0066610 secs] [Times: user=0.04 sys=0.00, real=0.01 secs] 
64.505: [GC (Allocation Failure) [PSYoungGen: 461181K->11977K(482816K)] 479125K->29921K(529408K), 0.0047450 secs] [Times: user=0.03 sys=0.00, real=0.01 secs] 
66.042: [GC (GCLocker Initiated GC) [PSYoungGen: 454345K->7012K(449536K)] 472289K->31393K(496128K), 0.0060200 secs] [Times: user=0.03 sys=0.00, real=0.00 secs] 
67.257: [GC (Allocation Failure) [PSYoungGen: 449380K->12120K(482304K)] 473764K->38384K(528896K), 0.0042990 secs] [Times: user=0.03 sys=0.00, real=0.01 secs] 
68.439: [GC (GCLocker Initiated GC) [PSYoungGen: 451928K->12672K(481792K)] 478192K->38936K(528384K), 0.0037100 secs] [Times: user=0.03 sys=0.00, real=0.01 secs] 
69.342: [GC (GCLocker Initiated GC) [PSYoungGen: 452480K->30201K(479744K)] 478756K->56478K(526336K), 0.0101170 secs] [Times: user=0.07 sys=0.00, real=0.01 secs] 
70.329: [GC (GCLocker Initiated GC) [PSYoungGen: 468473K->42998K(481280K)] 494767K->76156K(527872K), 0.0176710 secs] [Times: user=0.13 sys=0.00, real=0.02 secs] 
71.372: [GC (GCLocker Initiated GC) [PSYoungGen: 481270K->15037K(466944K)] 514430K->55453K(513536K), 0.0083290 secs] [Times: user=0.05 sys=0.00, real=0.01 secs] 
71.380: [Full GC (Ergonomics) [PSYoungGen: 15037K->0K(466944K)] [ParOldGen: 40416K->10684K(40448K)] 55453K->10684K(507392K) [PSPermGen: 8682K->8682K(21504K)], 0.0241560 secs] [Times: user=0.12 sys=0.00, real=0.02 secs] 
72.929: [GC (Allocation Failure) [PSYoungGen: 423936K->7689K(474112K)] 434622K->18375K(514560K), 0.0026380 secs] [Times: user=0.02 sys=0.00, real=0.01 secs] 
73.968: [GC (GCLocker Initiated GC) [PSYoungGen: 431625K->24001K(476160K)] 442317K->34734K(516608K), 0.0080560 secs] [Times: user=0.05 sys=0.00, real=0.01 secs] 
75.226: [GC (Allocation Failure) [PSYoungGen: 449985K->3988K(474112K)] 460720K->14762K(514560K), 0.0018240 secs] [Times: user=0.01 sys=0.00, real=0.00 secs] 
76.331: [GC (GCLocker Initiated GC) [PSYoungGen: 429972K->10959K(476672K)] 440746K->21814K(517120K), 0.0061140 secs] [Times: user=0.02 sys=0.01, real=0.00 secs] 
77.521: [GC (GCLocker Initiated GC) [PSYoungGen: 438991K->33561K(461824K)] 449857K->44484K(502272K), 0.0101390 secs] [Times: user=0.07 sys=0.00, real=0.01 secs] 
78.708: [GC (GCLocker Initiated GC) [PSYoungGen: 461593K->19037K(477184K)] 472518K->30017K(517632K), 0.0069540 secs] [Times: user=0.04 sys=0.00, real=0.01 secs] 
80.004: [GC (Allocation Failure) [PSYoungGen: 446557K->47079K(474624K)] 457539K->64677K(515072K), 0.0164560 secs] [Times: user=0.12 sys=0.00, real=0.02 secs] 
81.017: [GC (GCLocker Initiated GC) [PSYoungGen: 474599K->22683K(466432K)] 492200K->54940K(506880K), 0.0124320 secs] [Times: user=0.08 sys=0.00, real=0.01 secs] 
81.029: [Full GC (Ergonomics) [PSYoungGen: 22683K->0K(466432K)] [ParOldGen: 32257K->25838K(59392K)] 54940K->25838K(525824K) [PSPermGen: 8705K->8705K(21504K)], 0.0467420 secs] [Times: user=0.27 sys=0.00, real=0.05 secs] 
82.375: [GC (GCLocker Initiated GC) [PSYoungGen: 416768K->15917K(470528K)] 442607K->41757K(529920K), 0.0059750 secs] [Times: user=0.03 sys=0.00, real=0.01 secs] 
83.639: [GC (GCLocker Initiated GC) [PSYoungGen: 432685K->7620K(472576K)] 458553K->43495K(531968K), 0.0068180 secs] [Times: user=0.04 sys=0.00, real=0.00 secs] 
84.934: [GC (GCLocker Initiated GC) [PSYoungGen: 427972K->11032K(472064K)] 463854K->50650K(531456K), 0.0049140 secs] [Times: user=0.03 sys=0.00, real=0.00 secs] 
85.865: [GC (GCLocker Initiated GC) [PSYoungGen: 431384K->18264K(476160K)] 471008K->58648K(535552K), 0.0062220 secs] [Times: user=0.04 sys=0.00, real=0.01 secs] 
87.175: [GC (GCLocker Initiated GC) [PSYoungGen: 443736K->16151K(473600K)] 484123K->56602K(532992K), 0.0055090 secs] [Times: user=0.03 sys=0.00, real=0.01 secs] 
88.426: [GC (GCLocker Initiated GC) [PSYoungGen: 441623K->12071K(479744K)] 482076K->60028K(539136K), 0.0087290 secs] [Times: user=0.05 sys=0.00, real=0.01 secs] 
88.435: [Full GC (Ergonomics) [PSYoungGen: 12071K->0K(479744K)] [ParOldGen: 47957K->15179K(50688K)] 60028K->15179K(530432K) [PSPermGen: 8719K->8719K(21504K)], 0.0328260 secs] [Times: user=0.19 sys=0.00, real=0.03 secs] 
89.470: [GC (GCLocker Initiated GC) [PSYoungGen: 433664K->31234K(465408K)] 448845K->46416K(516096K), 0.0101240 secs] [Times: user=0.08 sys=0.00, real=0.01 secs] 
90.500: [GC (GCLocker Initiated GC) [PSYoungGen: 464898K->40509K(467456K)] 480093K->55776K(518144K), 0.0129250 secs] [Times: user=0.08 sys=0.00, real=0.01 secs] 
91.461: [GC (GCLocker Initiated GC) [PSYoungGen: 461373K->34413K(455680K)] 476645K->59077K(506368K), 0.0149730 secs] [Times: user=0.11 sys=0.00, real=0.01 secs] 
92.421: [GC (GCLocker Initiated GC) [PSYoungGen: 455277K->18436K(473088K)] 479954K->48496K(523776K), 0.0085110 secs] [Times: user=0.05 sys=0.00, real=0.00 secs] 
94.039: [GC (GCLocker Initiated GC) [PSYoungGen: 438276K->12390K(471040K)] 468338K->42500K(521728K), 0.0047280 secs] [Times: user=0.03 sys=0.00, real=0.01 secs] 
95.464: [GC (Allocation Failure) [PSYoungGen: 432230K->16000K(476160K)] 462349K->46151K(526848K), 0.0037820 secs] [Times: user=0.02 sys=0.00, real=0.00 secs] 
96.616: [GC (GCLocker Initiated GC) [PSYoungGen: 441984K->40828K(466944K)] 472341K->71210K(517632K), 0.0122530 secs] [Times: user=0.08 sys=0.00, real=0.01 secs] 
97.775: [GC (GCLocker Initiated GC) [PSYoungGen: 466812K->9240K(472064K)] 497196K->44895K(522752K), 0.0050030 secs] [Times: user=0.02 sys=0.00, real=0.01 secs] 
98.769: [GC (Allocation Failure) [PSYoungGen: 428568K->2560K(471552K)] 464225K->39224K(522240K), 0.0017480 secs] [Times: user=0.01 sys=0.00, real=0.01 secs] 
99.933: [GC (GCLocker Initiated GC) [PSYoungGen: 421888K->28419K(472064K)] 458559K->65146K(522752K), 0.0092010 secs] [Times: user=0.07 sys=0.00, real=0.01 secs] 
101.216: [GC (GCLocker Initiated GC) [PSYoungGen: 447747K->21662K(471552K)] 484477K->58448K(522240K), 0.0075520 secs] [Times: user=0.04 sys=0.00, real=0.01 secs] 
102.291: [GC (GCLocker Initiated GC) [PSYoungGen: 440990K->23253K(476672K)] 477778K->60073K(527360K), 0.0083810 secs] [Times: user=0.04 sys=0.00, real=0.01 secs] 
103.421: [GC (GCLocker Initiated GC) [PSYoungGen: 450261K->22325K(474624K)] 487091K->59203K(525312K), 0.0074380 secs] [Times: user=0.04 sys=0.00, real=0.00 secs] 
104.888: [GC (GCLocker Initiated GC) [PSYoungGen: 449333K->27182K(479232K)] 486213K->64109K(529920K), 0.0080550 secs] [Times: user=0.06 sys=0.00, real=0.01 secs] 
105.893: [GC (Allocation Failure) [PSYoungGen: 460846K->27662K(478720K)] 497776K->77264K(529408K), 0.0130860 secs] [Times: user=0.08 sys=0.00, real=0.01 secs] 
105.907: [Full GC (Ergonomics) [PSYoungGen: 27662K->0K(478720K)] [ParOldGen: 49602K->29559K(66048K)] 77264K->29559K(544768K) [PSPermGen: 8742K->8742K(21504K)], 0.0483450 secs] [Times: user=0.32 sys=0.01, real=0.05 secs] 
107.068: [GC (GCLocker Initiated GC) [PSYoungGen: 433664K->37638K(472064K)] 463223K->67197K(538112K), 0.0123040 secs] [Times: user=0.08 sys=0.00, real=0.02 secs] 
108.210: [GC (GCLocker Initiated GC) [PSYoungGen: 464646K->36164K(463360K)] 494416K->88022K(529408K), 0.0197250 secs] [Times: user=0.13 sys=0.00, real=0.02 secs] 
108.229: [Full GC (Ergonomics) [PSYoungGen: 36164K->0K(463360K)] [ParOldGen: 51857K->39856K(85504K)] 88022K->39856K(548864K) [PSPermGen: 8745K->8745K(21504K)], 0.0620950 secs] [Times: user=0.39 sys=0.00, real=0.06 secs] 
109.200: [GC (Allocation Failure) [PSYoungGen: 427008K->42869K(465408K)] 466865K->82727K(550912K), 0.0152280 secs] [Times: user=0.10 sys=0.00, real=0.01 secs] 
110.430: [GC (Allocation Failure) [PSYoungGen: 457589K->8128K(422912K)] 497447K->79416K(508416K), 0.0196940 secs] [Times: user=0.10 sys=0.03, real=0.02 secs] 
110.449: [Full GC (Ergonomics) [PSYoungGen: 8128K->0K(422912K)] [ParOldGen: 71288K->12879K(69632K)] 79416K->12879K(492544K) [PSPermGen: 8751K->8751K(21504K)], 0.0248670 secs] [Times: user=0.14 sys=0.00, real=0.02 secs] 
111.493: [GC (GCLocker Initiated GC) [PSYoungGen: 414720K->13949K(470528K)] 427599K->26828K(540160K), 0.0052330 secs] [Times: user=0.04 sys=0.00, real=0.00 secs] 
112.675: [GC (GCLocker Initiated GC) [PSYoungGen: 429181K->12915K(468992K)] 442063K->25987K(538624K), 0.0045520 secs] [Times: user=0.02 sys=0.00, real=0.01 secs] 
113.948: [GC (GCLocker Initiated GC) [PSYoungGen: 428147K->19488K(473600K)] 441238K->32579K(543232K), 0.0062340 secs] [Times: user=0.05 sys=0.00, real=0.01 secs] 
115.028: [GC (GCLocker Initiated GC) [PSYoungGen: 440352K->28109K(471552K)] 453445K->41202K(541184K), 0.0090670 secs] [Times: user=0.06 sys=0.00, real=0.01 secs] 
115.994: [GC (GCLocker Initiated GC) [PSYoungGen: 448973K->48354K(461312K)] 462080K->61461K(530944K), 0.0145310 secs] [Times: user=0.10 sys=0.00, real=0.01 secs] 
117.073: [GC (GCLocker Initiated GC) [PSYoungGen: 460002K->23181K(467968K)] 473111K->38818K(537600K), 0.0096830 secs] [Times: user=0.06 sys=0.00, real=0.01 secs] 
118.439: [GC (GCLocker Initiated GC) [PSYoungGen: 434829K->25844K(473088K)] 450471K->42558K(542720K), 0.0075650 secs] [Times: user=0.06 sys=0.00, real=0.01 secs] 
119.331: [GC (GCLocker Initiated GC) [PSYoungGen: 445172K->26019K(470528K)] 461895K->42741K(540160K), 0.0080820 secs] [Times: user=0.06 sys=0.01, real=0.01 secs] 
120.352: [GC (Allocation Failure) [PSYoungGen: 445347K->19872K(476672K)] 462071K->36595K(546304K), 0.0074620 secs] [Times: user=0.04 sys=0.00, real=0.00 secs] 
121.790: [GC (Allocation Failure) [PSYoungGen: 447904K->18852K(475648K)] 464627K->35576K(545280K), 0.0104660 secs] [Times: user=0.04 sys=0.01, real=0.01 secs] 
122.714: [GC (GCLocker Initiated GC) [PSYoungGen: 446884K->33755K(475136K)] 463612K->50483K(544768K), 0.0109560 secs] [Times: user=0.07 sys=0.01, real=0.01 secs] 
123.890: [GC (GCLocker Initiated GC) [PSYoungGen: 462811K->46498K(475648K)] 479541K->63228K(545280K), 0.0139540 secs] [Times: user=0.10 sys=0.00, real=0.01 secs] 
125.025: [GC (GCLocker Initiated GC) [PSYoungGen: 475554K->28344K(470528K)] 492286K->45107K(540160K), 0.0100140 secs] [Times: user=0.06 sys=0.00, real=0.01 secs] 
126.057: [GC (GCLocker Initiated GC) [PSYoungGen: 450232K->32550K(473088K)] 466997K->56595K(542720K), 0.0130300 secs] [Times: user=0.08 sys=0.00, real=0.02 secs] 
127.543: [GC (GCLocker Initiated GC) [PSYoungGen: 454438K->40014K(469504K)] 478486K->64199K(539136K), 0.0108270 secs] [Times: user=0.07 sys=0.00, real=0.01 secs] 
128.722: [GC (GCLocker Initiated GC) [PSYoungGen: 458830K->33766K(471552K)] 483018K->57993K(541184K), 0.0095090 secs] [Times: user=0.06 sys=0.00, real=0.01 secs] 
129.802: [GC (GCLocker Initiated GC) [PSYoungGen: 452582K->40690K(467968K)] 476815K->64923K(537600K), 0.0119760 secs] [Times: user=0.08 sys=0.00, real=0.01 secs] 
130.717: [GC (GCLocker Initiated GC) [PSYoungGen: 456434K->22340K(470016K)] 480674K->54396K(539648K), 0.0099420 secs] [Times: user=0.07 sys=0.00, real=0.01 secs] 
131.805: [GC (Allocation Failure) [PSYoungGen: 438084K->20224K(471552K)] 470142K->52506K(541184K), 0.0072040 secs] [Times: user=0.05 sys=0.00, real=0.01 secs] 
133.421: [GC (Allocation Failure) [PSYoungGen: 438528K->16544K(471040K)] 470810K->48826K(540672K), 0.0061550 secs] [Times: user=0.04 sys=0.00, real=0.00 secs] 
134.484: [GC (GCLocker Initiated GC) [PSYoungGen: 434848K->38011K(468992K)] 467130K->70293K(538624K), 0.0126370 secs] [Times: user=0.09 sys=0.00, real=0.01 secs] 
135.658: [GC (GCLocker Initiated GC) [PSYoungGen: 454779K->29816K(470528K)] 487063K->62100K(540160K), 0.0101030 secs] [Times: user=0.07 sys=0.00, real=0.01 secs] 
136.869: [GC (GCLocker Initiated GC) [PSYoungGen: 446584K->30351K(474624K)] 478871K->62639K(544256K), 0.0114450 secs] [Times: user=0.07 sys=0.00, real=0.02 secs] 
137.762: [GC (GCLocker Initiated GC) [PSYoungGen: 453263K->47113K(470528K)] 485553K->79403K(540160K), 0.0153080 secs] [Times: user=0.10 sys=0.00, real=0.01 secs] 
139.304: [GC (GCLocker Initiated GC) [PSYoungGen: 470025K->37990K(468480K)] 502325K->70314K(538112K), 0.0115970 secs] [Times: user=0.07 sys=0.01, real=0.01 secs] 
140.391: [GC (Allocation Failure) [PSYoungGen: 452710K->43088K(458240K)] 485036K->75445K(527872K), 0.0115630 secs] [Times: user=0.07 sys=0.00, real=0.01 secs] 
141.584: [GC (GCLocker Initiated GC) [PSYoungGen: 457808K->26212K(468992K)] 490165K->58602K(538624K), 0.0084830 secs] [Times: user=0.05 sys=0.00, real=0.01 secs] 
142.755: [GC (GCLocker Initiated GC) [PSYoungGen: 438372K->37173K(467456K)] 470768K->69585K(537088K), 0.0106990 secs] [Times: user=0.07 sys=0.00, real=0.01 secs] 
143.818: [GC (Allocation Failure) [PSYoungGen: 449333K->38703K(468992K)] 481747K->71141K(538624K), 0.0122410 secs] [Times: user=0.08 sys=0.00, real=0.02 secs] 
144.793: [GC (GCLocker Initiated GC) [PSYoungGen: 452399K->48871K(462848K)] 484847K->81351K(532480K), 0.0154690 secs] [Times: user=0.11 sys=0.00, real=0.01 secs] 
145.692: [GC (GCLocker Initiated GC) [PSYoungGen: 462567K->31189K(467456K)] 495059K->78425K(537088K), 0.0161300 secs] [Times: user=0.11 sys=0.00, real=0.01 secs] 
147.061: [GC (GCLocker Initiated GC) [PSYoungGen: 439765K->33030K(465408K)] 487003K->82364K(535040K), 0.0098990 secs] [Times: user=0.07 sys=0.00, real=0.01 secs] 
148.165: [GC (GCLocker Initiated GC) [PSYoungGen: 441606K->31366K(471040K)] 490952K->80785K(540672K), 0.0083030 secs] [Times: user=0.06 sys=0.00, real=0.01 secs] 
149.381: [GC (GCLocker Initiated GC) [PSYoungGen: 447622K->10564K(427008K)] 497042K->60016K(496640K), 0.0045730 secs] [Times: user=0.03 sys=0.00, real=0.00 secs] 
150.354: [GC (GCLocker Initiated GC) [PSYoungGen: 426820K->20017K(468992K)] 476274K->69471K(538624K), 0.0069110 secs] [Times: user=0.05 sys=0.00, real=0.01 secs] 
151.380: [GC (GCLocker Initiated GC) [PSYoungGen: 433713K->9600K(423424K)] 483169K->59055K(493056K), 0.0038760 secs] [Times: user=0.02 sys=0.00, real=0.00 secs] 
152.473: [GC (GCLocker Initiated GC) [PSYoungGen: 423296K->25814K(470528K)] 472757K->75276K(540160K), 0.0080020 secs] [Times: user=0.05 sys=0.00, real=0.01 secs] 
153.922: [GC (Allocation Failure) [PSYoungGen: 440022K->8856K(467968K)] 489486K->62632K(537600K), 0.0047110 secs] [Times: user=0.03 sys=0.00, real=0.00 secs] 
155.139: [GC (GCLocker Initiated GC) [PSYoungGen: 423064K->37357K(467456K)] 476840K->92861K(537088K), 0.0120530 secs] [Times: user=0.08 sys=0.00, real=0.02 secs] 
156.224: [GC (GCLocker Initiated GC) [PSYoungGen: 450029K->30435K(468480K)] 505539K->85953K(538112K), 0.0081040 secs] [Times: user=0.05 sys=0.00, real=0.01 secs] 
157.449: [GC (GCLocker Initiated GC) [PSYoungGen: 443107K->33444K(470528K)] 498628K->88989K(540160K), 0.0101420 secs] [Times: user=0.07 sys=0.00, real=0.01 secs] 
158.662: [GC (Allocation Failure) [PSYoungGen: 449700K->33536K(470016K)] 505247K->89098K(539648K), 0.0116210 secs] [Times: user=0.07 sys=0.00, real=0.01 secs] 
159.581: [GC (GCLocker Initiated GC) [PSYoungGen: 449792K->41737K(465920K)] 505355K->97325K(535552K), 0.0156160 secs] [Times: user=0.09 sys=0.00, real=0.01 secs] 
160.694: [GC (GCLocker Initiated GC) [PSYoungGen: 454409K->55782K(468480K)] 510009K->114750K(538112K), 0.0204070 secs] [Times: user=0.15 sys=0.00, real=0.02 secs] 
161.708: [GC (GCLocker Initiated GC) [PSYoungGen: 468454K->48983K(446976K)] 527424K->107977K(516608K), 0.0152990 secs] [Times: user=0.11 sys=0.00, real=0.02 secs] 
163.133: [GC (GCLocker Initiated GC) [PSYoungGen: 440151K->55430K(446976K)] 499230K->114541K(516608K), 0.0171950 secs] [Times: user=0.12 sys=0.00, real=0.02 secs] 
163.938: [GC (GCLocker Initiated GC) [PSYoungGen: 446598K->69869K(435712K)] 505715K->129026K(505344K), 0.0250060 secs] [Times: user=0.17 sys=0.00, real=0.03 secs] 
164.940: [GC (Allocation Failure) [PSYoungGen: 434413K->58639K(423424K)] 493573K->117831K(493056K), 0.0224900 secs] [Times: user=0.14 sys=0.00, real=0.02 secs] 
166.305: [GC (GCLocker Initiated GC) [PSYoungGen: 423183K->65898K(431104K)] 482375K->131122K(500736K), 0.0322500 secs] [Times: user=0.17 sys=0.00, real=0.03 secs] 
166.338: [Full GC (Ergonomics) [PSYoungGen: 65898K->0K(431104K)] [ParOldGen: 65223K->24787K(63488K)] 131122K->24787K(494592K) [PSPermGen: 8922K->8921K(21504K)], 0.0556600 secs] [Times: user=0.25 sys=0.00, real=0.06 secs] 
167.262: [GC (GCLocker Initiated GC) [PSYoungGen: 348160K->9559K(357888K)] 372949K->34349K(421376K), 0.0057270 secs] [Times: user=0.02 sys=0.00, real=0.00 secs] 
168.265: [GC (GCLocker Initiated GC) [PSYoungGen: 357719K->43657K(438784K)] 382571K->68509K(502272K), 0.0157520 secs] [Times: user=0.10 sys=0.00, real=0.02 secs] 
169.250: [GC (GCLocker Initiated GC) [PSYoungGen: 392841K->49253K(434688K)] 417697K->74109K(498176K), 0.0187840 secs] [Times: user=0.10 sys=0.00, real=0.01 secs] 
170.052: [GC (GCLocker Initiated GC) [PSYoungGen: 398437K->39238K(443904K)] 423306K->64108K(507392K), 0.0149320 secs] [Times: user=0.08 sys=0.00, real=0.01 secs] 
171.178: [GC (GCLocker Initiated GC) [PSYoungGen: 398662K->45618K(439808K)] 423543K->70498K(503296K), 0.0167550 secs] [Times: user=0.10 sys=0.00, real=0.02 secs] 
171.992: [GC (GCLocker Initiated GC) [PSYoungGen: 405042K->29752K(447488K)] 429924K->76578K(510976K), 0.0195920 secs] [Times: user=0.13 sys=0.00, real=0.02 secs] 
172.996: [GC (GCLocker Initiated GC) [PSYoungGen: 398904K->18183K(445952K)] 445735K->67526K(509440K), 0.0085010 secs] [Times: user=0.05 sys=0.01, real=0.01 secs] 
174.110: [GC (GCLocker Initiated GC) [PSYoungGen: 387335K->35618K(450560K)] 436683K->85005K(514048K), 0.0120450 secs] [Times: user=0.07 sys=0.00, real=0.01 secs] 
175.128: [GC (GCLocker Initiated GC) [PSYoungGen: 409378K->15157K(447488K)] 458774K->72057K(510976K), 0.0075570 secs] [Times: user=0.04 sys=0.00, real=0.01 secs] 
175.136: [Full GC (Ergonomics) [PSYoungGen: 15157K->0K(447488K)] [ParOldGen: 56900K->19680K(66560K)] 72057K->19680K(514048K) [PSPermGen: 8935K->8935K(21504K)], 0.0335600 secs] [Times: user=0.20 sys=0.00, real=0.04 secs] 
175.877: [GC (GCLocker Initiated GC) [PSYoungGen: 373760K->21581K(451584K)] 393442K->41264K(518144K), 0.0075190 secs] [Times: user=0.05 sys=0.00, real=0.01 secs] 
177.207: [GC (GCLocker Initiated GC) [PSYoungGen: 399437K->16550K(450560K)] 419124K->36630K(517120K), 0.0050340 secs] [Times: user=0.03 sys=0.00, real=0.01 secs] 
178.576: [GC (Allocation Failure) [PSYoungGen: 394406K->4196K(450560K)] 414488K->24310K(517120K), 0.0017930 secs] [Times: user=0.01 sys=0.00, real=0.00 secs] 
179.538: [GC (GCLocker Initiated GC) [PSYoungGen: 383076K->23883K(451584K)] 403190K->44029K(518144K), 0.0078030 secs] [Times: user=0.05 sys=0.00, real=0.01 secs] 
180.505: [GC (GCLocker Initiated GC) [PSYoungGen: 402763K->26133K(458240K)] 422913K->46330K(524800K), 0.0081640 secs] [Times: user=0.05 sys=0.00, real=0.01 secs] 
181.794: [GC (GCLocker Initiated GC) [PSYoungGen: 414741K->27540K(454656K)] 434949K->47780K(521216K), 0.0075000 secs] [Times: user=0.06 sys=0.00, real=0.01 secs] 
182.643: [GC (GCLocker Initiated GC) [PSYoungGen: 416148K->26681K(464384K)] 436402K->46967K(530944K), 0.0080930 secs] [Times: user=0.05 sys=0.00, real=0.01 secs] 
183.584: [GC (Allocation Failure) [PSYoungGen: 428601K->8984K(461824K)] 448889K->29320K(528384K), 0.0027350 secs] [Times: user=0.02 sys=0.00, real=0.00 secs] 
184.585: [GC (GCLocker Initiated GC) [PSYoungGen: 410904K->28429K(466944K)] 431244K->55714K(533504K), 0.0107390 secs] [Times: user=0.08 sys=0.00, real=0.01 secs] 
186.116: [GC (GCLocker Initiated GC) [PSYoungGen: 435469K->32822K(464384K)] 462758K->66695K(530944K), 0.0126950 secs] [Times: user=0.08 sys=0.00, real=0.01 secs] 
187.349: [GC (GCLocker Initiated GC) [PSYoungGen: 439862K->17630K(468992K)] 473737K->68089K(535552K), 0.0123750 secs] [Times: user=0.08 sys=0.00, real=0.01 secs] 
188.254: [GC (Allocation Failure) [PSYoungGen: 430302K->6724K(467968K)] 480763K->69905K(534528K), 0.0070060 secs] [Times: user=0.05 sys=0.00, real=0.01 secs] 
188.261: [Full GC (Ergonomics) [PSYoungGen: 6724K->0K(467968K)] [ParOldGen: 63180K->10166K(65024K)] 69905K->10166K(532992K) [PSPermGen: 8960K->8960K(21504K)], 0.0212580 secs] [Times: user=0.11 sys=0.00, real=0.02 secs] 
189.564: [GC (Allocation Failure) [PSYoungGen: 412672K->9272K(468992K)] 422838K->19438K(534016K), 0.0031170 secs] [Times: user=0.02 sys=0.00, real=0.00 secs] 
190.939: [GC (GCLocker Initiated GC) [PSYoungGen: 422456K->3136K(468480K)] 432622K->13342K(533504K), 0.0015540 secs] [Times: user=0.01 sys=0.00, real=0.01 secs] 
191.872: [GC (GCLocker Initiated GC) [PSYoungGen: 416320K->19830K(472064K)] 426549K->30116K(537088K), 0.0065810 secs] [Times: user=0.04 sys=0.00, real=0.00 secs] 
192.923: [GC (GCLocker Initiated GC) [PSYoungGen: 436598K->10838K(468992K)] 446886K->25390K(534016K), 0.0054530 secs] [Times: user=0.03 sys=0.00, real=0.00 secs] 
194.150: [GC (GCLocker Initiated GC) [PSYoungGen: 427606K->23364K(475136K)] 442161K->39191K(540160K), 0.0077740 secs] [Times: user=0.05 sys=0.00, real=0.00 secs] 
195.169: [GC (GCLocker Initiated GC) [PSYoungGen: 447812K->26342K(473600K)] 463663K->42265K(538624K), 0.0081520 secs] [Times: user=0.05 sys=0.00, real=0.01 secs] 
196.297: [GC (GCLocker Initiated GC) [PSYoungGen: 450790K->22743K(477696K)] 466715K->43972K(542720K), 0.0080900 secs] [Times: user=0.05 sys=0.00, real=0.01 secs] 
197.593: [GC (Allocation Failure) [PSYoungGen: 451799K->10838K(475648K)] 473030K->46085K(540672K), 0.0088630 secs] [Times: user=0.06 sys=0.00, real=0.01 secs] 
198.861: [GC (Allocation Failure) [PSYoungGen: 439894K->7680K(479232K)] 475141K->43726K(544256K), 0.0029290 secs] [Times: user=0.01 sys=0.00, real=0.00 secs] 
200.161: [GC (GCLocker Initiated GC) [PSYoungGen: 441344K->9284K(478720K)] 477409K->45406K(543744K), 0.0029680 secs] [Times: user=0.02 sys=0.00, real=0.00 secs] 
201.277: [GC (GCLocker Initiated GC) [PSYoungGen: 442948K->4100K(480256K)] 479071K->40223K(545280K), 0.0021030 secs] [Times: user=0.00 sys=0.00, real=0.00 secs] 
202.182: [GC (GCLocker Initiated GC) [PSYoungGen: 440324K->36547K(473088K)] 476449K->72673K(538112K), 0.0125740 secs] [Times: user=0.07 sys=0.00, real=0.01 secs] 
203.285: [GC (GCLocker Initiated GC) [PSYoungGen: 472771K->12065K(477696K)] 508899K->48240K(542720K), 0.0042120 secs] [Times: user=0.03 sys=0.00, real=0.00 secs] 
204.587: [GC (GCLocker Initiated GC) [PSYoungGen: 441121K->10948K(475648K)] 477299K->47158K(540672K), 0.0032420 secs] [Times: user=0.02 sys=0.00, real=0.01 secs] 
205.607: [GC (GCLocker Initiated GC) [PSYoungGen: 440004K->19232K(481280K)] 476216K->55444K(546304K), 0.0073290 secs] [Times: user=0.04 sys=0.00, real=0.01 secs] 
207.111: [GC (GCLocker Initiated GC) [PSYoungGen: 455456K->22998K(479232K)] 491670K->59251K(544256K), 0.0072010 secs] [Times: user=0.04 sys=0.00, real=0.00 secs] 
208.335: [GC (GCLocker Initiated GC) [PSYoungGen: 459222K->18732K(483840K)] 495477K->60468K(548864K), 0.0094260 secs] [Times: user=0.05 sys=0.00, real=0.01 secs] 
209.387: [GC (GCLocker Initiated GC) [PSYoungGen: 460076K->14888K(481792K)] 501815K->57971K(546816K), 0.0056170 secs] [Times: user=0.03 sys=0.00, real=0.01 secs] 
210.636: [GC (GCLocker Initiated GC) [PSYoungGen: 456232K->13352K(486912K)] 499316K->56468K(551936K), 0.0052100 secs] [Times: user=0.03 sys=0.00, real=0.01 secs] 
211.639: [GC (GCLocker Initiated GC) [PSYoungGen: 461352K->33614K(481792K)] 504474K->76752K(546816K), 0.0110860 secs] [Times: user=0.07 sys=0.00, real=0.02 secs] 
212.978: [GC (GCLocker Initiated GC) [PSYoungGen: 481614K->15165K(484352K)] 524755K->66289K(549376K), 0.0075930 secs] [Times: user=0.04 sys=0.00, real=0.01 secs] 
214.225: [GC (GCLocker Initiated GC) [PSYoungGen: 458045K->10436K(482816K)] 509175K->71942K(547840K), 0.0070870 secs] [Times: user=0.04 sys=0.00, real=0.01 secs] 
214.232: [Full GC (Ergonomics) [PSYoungGen: 10436K->0K(482816K)] [ParOldGen: 61506K->13602K(68096K)] 71942K->13602K(550912K) [PSPermGen: 8962K->8962K(21504K)], 0.0262100 secs] [Times: user=0.14 sys=0.00, real=0.02 secs] 
215.586: [GC (GCLocker Initiated GC) [PSYoungGen: 442880K->14305K(486912K)] 456485K->27911K(555008K), 0.0054720 secs] [Times: user=0.03 sys=0.00, real=0.01 secs] 
217.226: [GC (Allocation Failure) [PSYoungGen: 462305K->5316K(485376K)] 475912K->28368K(553472K), 0.0062930 secs] [Times: user=0.03 sys=0.00, real=0.01 secs] 
218.708: [GC (GCLocker Initiated GC) [PSYoungGen: 453316K->11108K(487936K)] 476368K->35128K(556032K), 0.0040290 secs] [Times: user=0.03 sys=0.00, real=0.01 secs] 
220.291: [GC (Allocation Failure) [PSYoungGen: 461156K->7912K(486400K)] 485180K->31967K(554496K), 0.0030160 secs] [Times: user=0.02 sys=0.00, real=0.00 secs] 
222.454: [GC (GCLocker Initiated GC) [PSYoungGen: 457960K->6244K(489472K)] 482020K->30304K(557568K), 0.0021830 secs] [Times: user=0.01 sys=0.00, real=0.00 secs] 
224.396: [GC (GCLocker Initiated GC) [PSYoungGen: 459876K->8541K(488448K)] 483939K->32603K(556544K), 0.0029490 secs] [Times: user=0.01 sys=0.00, real=0.00 secs] 
226.471: [GC (GCLocker Initiated GC) [PSYoungGen: 462173K->9984K(492032K)] 486237K->34048K(560128K), 0.0034900 secs] [Times: user=0.02 sys=0.00, real=0.00 secs] 
229.298: [GC (Allocation Failure) [PSYoungGen: 468224K->12616K(490496K)] 492291K->36683K(558592K), 0.0040150 secs] [Times: user=0.02 sys=0.00, real=0.01 secs] 
232.929: [GC (Allocation Failure) [PSYoungGen: 470856K->5120K(494080K)] 494923K->29187K(562176K), 0.0028750 secs] [Times: user=0.01 sys=0.00, real=0.00 secs] 
237.631: [GC (GCLocker Initiated GC) [PSYoungGen: 468480K->15990K(493568K)] 492547K->40058K(561664K), 0.0051750 secs] [Times: user=0.02 sys=0.00, real=0.00 secs] 
Heap
 PSYoungGen      total 493568K, used 421781K [0x00000007e0000000, 0x0000000800000000, 0x0000000800000000)
  eden space 463360K, 87% used [0x00000007e0000000,0x00000007f8c479c8,0x00000007fc480000)
  from space 30208K, 52% used [0x00000007fc480000,0x00000007fd41dba8,0x00000007fe200000)
  to   space 29696K, 0% used [0x00000007fe300000,0x00000007fe300000,0x0000000800000000)
 ParOldGen       total 68096K, used 24067K [0x00000007c0000000, 0x00000007c4280000, 0x00000007e0000000)
  object space 68096K, 35% used [0x00000007c0000000,0x00000007c1780d20,0x00000007c4280000)
 PSPermGen       total 21504K, used 9000K [0x00000007bae00000, 0x00000007bc300000, 0x00000007c0000000)
  object space 21504K, 41% used [0x00000007bae00000,0x00000007bb6ca1e8,0x00000007bc300000)
