0.915: [GC 16256K->8645K(58752K), 0.0890850 secs]
1.267: [GC 24901K->15325K(58752K), 0.0296500 secs]
1.533: [GC 31581K->22209K(58752K), 0.0257630 secs]
1.801: [GC 38465K->29429K(58752K), 0.0526590 secs]
1.855: [GC 29798K(58752K), 0.0031310 secs]
2.118: [GC 45685K->36537K(58752K), 0.0361750 secs]
2.299: [GC 45489K(58752K), 0.0164230 secs]
2.419: [GC 46681K->37612K(65644K), 0.0465690 secs]
2.473: [GC 38304K(65644K), 0.0039610 secs]
2.695: [GC 53868K->45225K(65644K), 0.0358360 secs]
2.876: [GC 58193K(65644K), 0.0074000 secs]
2.908: [GC 52947K->44380K(65644K), 0.0310160 secs]
3.160: [GC 60612K->49495K(88864K), 0.0272000 secs]
3.188: [GC 49574K(88864K), 0.0031320 secs]
3.224: [GC 50147K(88864K), 0.0019180 secs]
9.270: [GC 31402K->21209K(88864K), 0.1222720 secs]
9.614: [GC 37465K->28266K(88864K), 0.0788400 secs]
9.928: [GC 44522K->35518K(88864K), 0.0484480 secs]
10.225: [GC 51774K->43123K(88864K), 0.0721830 secs]
10.552: [GC 59379K->50700K(88864K), 0.0940480 secs]
10.850: [GC 66956K->58467K(88864K), 0.0585330 secs]
10.919: [GC 59385K(88864K), 0.0058650 secs]
11.086: [GC 74723K->66140K(88864K), 0.0568160 secs]
11.300: [GC 82396K->73923K(91168K), 0.0982080 secs]
11.759: [GC 89726K(91168K), 0.0133370 secs]
11.807: [GC 75648K->62803K(91168K), 0.0300810 secs]
18.682: [GC 64937K->55152K(96072K), 0.0857060 secs]
18.897: [GC 71408K->61415K(96072K), 0.0487420 secs]
19.060: [GC 77671K->67821K(96072K), 0.0409210 secs]
19.108: [GC 68917K(96072K), 0.0042450 secs]
19.263: [GC 84077K->74508K(96072K), 0.0471770 secs]
19.462: [GC 90764K->81388K(98376K), 0.0492020 secs]
19.658: [GC 97644K->88093K(104904K), 0.0548820 secs]
19.905: [GC 104349K->93812K(110856K), 0.0479180 secs]
20.346: [GC 110068K->98199K(115272K), 0.0367920 secs]
20.387: [GC 98563K(115272K), 0.0150460 secs]
21.674: [GC 65031K->49813K(115272K), 0.0343080 secs]
26.868: [GC 66069K->57119K(115272K), 0.0970560 secs]
27.082: [GC 73375K->63453K(115272K), 0.0463030 secs]
27.231: [GC 79709K->70042K(115272K), 0.0209640 secs]
27.393: [GC 86298K->76317K(115272K), 0.0269990 secs]
27.421: [GC 76547K(115272K), 0.0020940 secs]
27.577: [GC 92573K->82457K(115272K), 0.0365000 secs]
27.687: [GC 90830K(115272K), 0.0051030 secs]
27.793: [GC 44122K->33561K(115272K), 0.0297080 secs]
28.087: [GC 49817K->38464K(115272K), 0.0224200 secs]
28.570: [GC 54720K->42392K(115272K), 0.0314110 secs]
37.770: [GC 58648K->42561K(115272K), 0.0110950 secs]
38.041: [GC 58817K->50847K(115272K), 0.0522710 secs]
38.223: [GC 67103K->56829K(115272K), 0.0316820 secs]
38.399: [GC 73085K->63000K(115272K), 0.0494390 secs]
38.584: [GC 79256K->69762K(115272K), 0.0561110 secs]
38.759: [GC 86018K->76381K(115272K), 0.0270220 secs]
38.796: [GC 77892K(115272K), 0.0036810 secs]
38.982: [GC 92637K->82067K(115272K), 0.0231410 secs]
39.142: [GC 91103K(115272K), 0.0049180 secs]
39.290: [GC 43580K->32606K(115272K), 0.0415000 secs]
39.817: [GC 48862K->35942K(115272K), 0.0256990 secs]
46.915: [GC 52198K->36605K(115272K), 0.0151960 secs]
47.188: [GC 52861K->44958K(115272K), 0.0487860 secs]
47.369: [GC 61214K->50913K(115272K), 0.0186860 secs]
47.532: [GC 67169K->57100K(115272K), 0.0200930 secs]
47.703: [GC 73356K->63279K(115272K), 0.0216270 secs]
47.901: [GC 79535K->69225K(115272K), 0.0270420 secs]
48.139: [GC 85481K->74549K(115272K), 0.0414440 secs]
48.198: [GC 75490K(115272K), 0.0022030 secs]
48.469: [GC 90805K->79362K(115272K), 0.0391520 secs]
48.712: [GC 87732K(115272K), 0.0071600 secs]
49.067: [GC 41410K->27990K(115272K), 0.0286320 secs]
56.100: [GC 44246K->30491K(115272K), 0.0434710 secs]
56.369: [GC 46747K->37468K(115272K), 0.0395540 secs]
56.543: [GC 53724K->43523K(115272K), 0.0257890 secs]
56.705: [GC 59779K->49770K(115272K), 0.0225550 secs]
56.879: [GC 66026K->55869K(115272K), 0.0292170 secs]
57.077: [GC 72125K->61890K(115272K), 0.0262660 secs]
57.317: [GC 78146K->67443K(115272K), 0.0217910 secs]
57.662: [GC 83699K->72115K(115272K), 0.0240140 secs]
58.304: [GC 88371K->74581K(115272K), 0.0259540 secs]
64.294: [GC 90837K->79246K(115272K), 0.0416010 secs]
64.552: [GC 95502K->85616K(115272K), 0.0374290 secs]
64.591: [GC 85819K(115272K), 0.0018750 secs]
64.724: [GC 101872K->91409K(115272K), 0.0192740 secs]
64.837: [GC 102939K(115272K), 0.0075460 secs]
64.889: [GC 60145K->50289K(115272K), 0.0267790 secs]
65.063: [GC 43495K->33303K(115272K), 0.0219110 secs]
65.265: [GC 49559K->39174K(115272K), 0.0261030 secs]
65.524: [GC 55430K->44308K(115272K), 0.0240650 secs]
65.897: [GC 60564K->49133K(115272K), 0.0255690 secs]
66.692: [GC 65389K->51093K(115272K), 0.0157450 secs]
74.500: [GC 67349K->56755K(115272K), 0.0787330 secs]
74.728: [GC 73011K->63049K(115272K), 0.0350590 secs]
74.895: [GC 79305K->69023K(115272K), 0.0214870 secs]
75.057: [GC 85279K->75206K(115272K), 0.0337320 secs]
75.238: [GC 91462K->81266K(115272K), 0.0260560 secs]
75.267: [GC 81738K(115272K), 0.0015980 secs]
75.451: [GC 97522K->86960K(115272K), 0.0251400 secs]
75.575: [GC 95103K(115272K), 0.0043880 secs]
75.721: [GC 44869K->33772K(115272K), 0.0220940 secs]
76.123: [GC 50028K->37892K(115272K), 0.0222880 secs]
77.135: [GC 54148K->39410K(115272K), 0.0133520 secs]
82.690: [GC 55666K->46131K(115272K), 0.0538020 secs]
82.892: [GC 62387K->52017K(115272K), 0.0288540 secs]
83.057: [GC 68273K->58192K(115272K), 0.0247160 secs]
83.224: [GC 74448K->64791K(115272K), 0.0293700 secs]
83.406: [GC 81047K->70651K(115272K), 0.0280350 secs]
83.627: [GC 86907K->76300K(115272K), 0.0299780 secs]
83.899: [GC 92556K->81507K(115272K), 0.0249030 secs]
83.925: [GC 81823K(115272K), 0.0027160 secs]
84.336: [GC 97763K->85480K(115272K), 0.0411910 secs]
84.743: [GC 93685K(115272K), 0.0060030 secs]
85.891: [GC 39440K->23654K(115272K), 0.0187310 secs]
90.845: [GC 39910K->31329K(115272K), 0.0673210 secs]
91.032: [GC 47585K->37492K(115272K), 0.0351050 secs]
91.199: [GC 53748K->43658K(115272K), 0.0209700 secs]
91.367: [GC 59914K->49886K(115272K), 0.0399290 secs]
91.558: [GC 66142K->55943K(115272K), 0.0417370 secs]
91.775: [GC 72199K->61721K(115272K), 0.0251470 secs]
92.071: [GC 77977K->66518K(115272K), 0.0321580 secs]
92.555: [GC 82774K->69936K(115272K), 0.0197030 secs]
99.720: [GC 86192K->70059K(115272K), 0.0094830 secs]
99.995: [GC 86315K->78262K(115272K), 0.0482670 secs]
100.177: [GC 94518K->84290K(115272K), 0.0271960 secs]
100.205: [GC 84349K(115272K), 0.0024060 secs]
100.338: [GC 100546K->90515K(115272K), 0.0220290 secs]
100.443: [GC 100848K(115272K), 0.0072360 secs]
100.509: [GC 41326K->31445K(115272K), 0.0254500 secs]
100.699: [GC 47010K->36405K(115272K), 0.0260750 secs]
100.925: [GC 52661K->41884K(115272K), 0.0327910 secs]
101.248: [GC 58140K->46607K(115272K), 0.0224050 secs]
101.795: [GC 62863K->49943K(115272K), 0.0173260 secs]
108.889: [GC 66199K->50976K(115272K), 0.0357810 secs]
109.178: [GC 67232K->59022K(115272K), 0.1077080 secs]
109.409: [GC 75278K->65819K(115272K), 0.0322450 secs]
109.547: [GC 82075K->72730K(115272K), 0.0416910 secs]
109.704: [GC 88986K->79353K(115272K), 0.0576280 secs]
109.778: [GC 80977K(115272K), 0.0038390 secs]
109.927: [GC 95609K->86068K(115272K), 0.0519140 secs]
110.134: [GC 102324K->92215K(115272K), 0.0488830 secs]
110.465: [GC 108471K->97075K(116040K), 0.0398130 secs]
110.652: [GC 103520K(116040K), 0.0084560 secs]
111.092: [GC 53565K->40122K(116040K), 0.0273990 secs]
118.129: [GC 56378K->43426K(116040K), 0.0588430 secs]
118.398: [GC 59682K->50062K(116040K), 0.0600310 secs]
118.571: [GC 66318K->56439K(116040K), 0.0452630 secs]
118.735: [GC 72695K->62978K(116040K), 0.0389520 secs]
118.910: [GC 79234K->69212K(116040K), 0.0525070 secs]
119.120: [GC 85468K->75486K(116040K), 0.0543330 secs]
119.179: [GC 76222K(116040K), 0.0023070 secs]
119.359: [GC 91742K->81109K(116040K), 0.0401490 secs]
119.720: [GC 97365K->85392K(116040K), 0.0453990 secs]
119.770: [GC 85815K(116040K), 0.0264320 secs]
120.458: [GC 49139K->35096K(116040K), 0.0244470 secs]
127.372: [GC 51352K->40346K(116040K), 0.0468170 secs]
127.611: [GC 56602K->46095K(116040K), 0.0290440 secs]
127.775: [GC 62351K->52077K(116040K), 0.0232320 secs]
127.942: [GC 68333K->58495K(116040K), 0.0269890 secs]
128.123: [GC 74751K->65022K(116040K), 0.0258360 secs]
128.328: [GC 81278K->70585K(116040K), 0.0280630 secs]
128.357: [GC 70889K(116040K), 0.0027360 secs]
128.591: [GC 86841K->75815K(116040K), 0.0202910 secs]
128.764: [GC 84274K(116040K), 0.0059910 secs]
128.979: [GC 43504K->31447K(116040K), 0.0244430 secs]
129.876: [GC 47703K->33143K(116040K), 0.0181610 secs]
135.543: [GC 49399K->39328K(116040K), 0.0844840 secs]
135.753: [GC 55584K->45359K(116040K), 0.0476110 secs]
135.919: [GC 61615K->51737K(116040K), 0.0335260 secs]
136.086: [GC 67993K->58026K(116040K), 0.0397450 secs]
136.268: [GC 74282K->64078K(116040K), 0.0447580 secs]
136.480: [GC 80334K->69788K(116040K), 0.0436310 secs]
136.754: [GC 86044K->74995K(116040K), 0.0427910 secs]
136.805: [GC 75943K(116040K), 0.0018920 secs]
137.166: [GC 91251K->78996K(116040K), 0.0320690 secs]
137.557: [GC 87563K(116040K), 0.0111770 secs]
138.369: [GC 40702K->25465K(116040K), 0.0145600 secs]
143.688: [GC 41721K->32545K(116040K), 0.0830680 secs]
143.883: [GC 48801K->38784K(116040K), 0.0433430 secs]
144.048: [GC 55040K->45332K(116040K), 0.0429810 secs]
144.216: [GC 61588K->51572K(116040K), 0.0383930 secs]
144.398: [GC 67828K->58304K(116040K), 0.0485580 secs]
144.609: [GC 74560K->63906K(116040K), 0.0412420 secs]
144.895: [GC 80162K->68605K(116040K), 0.0343370 secs]
145.356: [GC 84861K->72400K(116040K), 0.0275430 secs]
147.488: [GC 88656K->72449K(116040K), 0.0177560 secs]
151.834: [GC 88705K->80364K(116040K), 0.0541490 secs]
152.017: [GC 96620K->86346K(116040K), 0.0285210 secs]
152.046: [GC 86485K(116040K), 0.0026760 secs]
152.182: [GC 102602K->92540K(116040K), 0.0203480 secs]
152.294: [GC 103504K(116040K), 0.0066380 secs]
152.360: [GC 43023K->32962K(116040K), 0.0214700 secs]
152.544: [GC 47002K->36860K(116040K), 0.0417760 secs]
152.766: [GC 53116K->42899K(116040K), 0.0430490 secs]
153.079: [GC 59155K->47762K(116040K), 0.0238570 secs]
153.577: [GC 64018K->51387K(116040K), 0.0270140 secs]
160.716: [GC 67643K->51637K(116040K), 0.0124750 secs]
160.991: [GC 67893K->60190K(116040K), 0.0516560 secs]
161.171: [GC 76446K->66412K(116040K), 0.0319910 secs]
161.334: [GC 82668K->72405K(116040K), 0.0243840 secs]
161.502: [GC 88661K->78602K(116040K), 0.0384640 secs]
161.551: [GC 80273K(116040K), 0.0041150 secs]
161.699: [GC 94858K->84665K(116040K), 0.0221260 secs]
161.812: [GC 93006K(116040K), 0.0052260 secs]
161.932: [GC 44658K->34168K(116040K), 0.0245910 secs]
162.254: [GC 50424K->38854K(116040K), 0.0237340 secs]
162.811: [GC 55110K->41861K(116040K), 0.0169680 secs]
168.866: [GC 58117K->43672K(116040K), 0.0333800 secs]
169.139: [GC 59928K->51187K(116040K), 0.0575190 secs]
169.312: [GC 67443K->57477K(116040K), 0.0271910 secs]
169.484: [GC 73733K->63683K(116040K), 0.0362890 secs]
169.653: [GC 79939K->69942K(116040K), 0.0396820 secs]
169.853: [GC 86198K->75956K(116040K), 0.0302110 secs]
169.885: [GC 76332K(116040K), 0.0028540 secs]
170.098: [GC 92212K->81880K(116040K), 0.0301370 secs]
170.258: [GC 90608K(116040K), 0.0051600 secs]
170.446: [GC 45174K->33592K(116040K), 0.0385200 secs]
171.093: [GC 49848K->36225K(116040K), 0.0411570 secs]
178.061: [GC 52481K->40572K(116040K), 0.0742540 secs]
178.319: [GC 56828K->46567K(116040K), 0.0550810 secs]
178.494: [GC 62823K->52794K(116040K), 0.0319970 secs]
178.660: [GC 69050K->59126K(116040K), 0.0606500 secs]
178.847: [GC 75382K->65718K(116040K), 0.0390500 secs]
179.051: [GC 81974K->71895K(116040K), 0.0691900 secs]
179.310: [GC 88151K->78502K(116040K), 0.0700360 secs]
179.391: [GC 79291K(116040K), 0.0021010 secs]
179.682: [GC 94758K->82820K(116040K), 0.0421730 secs]
179.975: [GC 91279K(116040K), 0.0037590 secs]
180.495: [GC 44105K->29892K(116040K), 0.0452340 secs]
