30.527: [GC 30.532: [ParNew: 314624K->8806K(353920K), 0.0737042 secs] 314624K->8806K(3106432K), 0.0784432 secs] [Times: user=0.39 sys=0.14, real=0.08 secs] 
41.448: [GC [1 CMS-initial-mark: 0K(2752512K)] 152147K(3106432K), 0.4910169 secs] [Times: user=1.10 sys=0.01, real=0.49 secs] 
41.940: [CMS-concurrent-mark-start]
42.053: [CMS-concurrent-mark: 0.069/0.113 secs] [Times: user=0.44 sys=0.01, real=0.11 secs] 
42.054: [CMS-concurrent-preclean-start]
42.190: [CMS-concurrent-preclean: 0.133/0.136 secs] [Times: user=0.68 sys=0.01, real=0.14 secs] 
42.190: [CMS-concurrent-abortable-preclean-start]
54.785: [GC 54.785: [ParNew: 323430K->17355K(353920K), 0.0470890 secs] 323430K->17355K(3106432K), 0.0473660 secs] [Times: user=0.35 sys=0.08, real=0.05 secs] 
 CMS: abort preclean due to time 59.599: [CMS-concurrent-abortable-preclean: 2.467/17.409 secs] [Times: user=29.68 sys=0.35, real=17.41 secs] 
59.601: [GC[YG occupancy: 160971 K (353920 K)]59.601: [Rescan (parallel) , 0.5201997 secs]60.121: [weak refs processing, 0.0000404 secs] [1 CMS-remark: 0K(2752512K)] 160971K(3106432K), 0.5206220 secs] [Times: user=2.98 sys=1.28, real=0.52 secs] 
60.122: [CMS-concurrent-sweep-start]
60.122: [CMS-concurrent-sweep: 0.001/0.001 secs] [Times: user=0.00 sys=0.00, real=0.00 secs] 
60.123: [CMS-concurrent-reset-start]
60.209: [CMS-concurrent-reset: 0.086/0.086 secs] [Times: user=0.16 sys=0.06, real=0.09 secs] 
67.878: [GC 67.878: [ParNew: 331979K->20703K(353920K), 0.0307177 secs] 331979K->20703K(3106432K) icms_dc=5 , 0.0310395 secs] [Times: user=0.40 sys=0.05, real=0.03 secs] 
74.792: [GC [1 CMS-initial-mark: 0K(2752512K)] 172574K(3106432K), 0.5845615 secs] [Times: user=0.58 sys=0.01, real=0.58 secs] 
75.377: [CMS-concurrent-mark-start]
75.611: [CMS-concurrent-mark: 0.107/0.234 secs] [Times: user=0.82 sys=0.01, real=0.23 secs] 
75.611: [CMS-concurrent-preclean-start]
75.734: [CMS-concurrent-preclean: 0.120/0.123 secs] [Times: user=0.23 sys=0.01, real=0.12 secs] 
75.735: [CMS-concurrent-abortable-preclean-start]
87.764: [GC 87.764: [ParNew: 335327K->23142K(353920K), 0.0389079 secs] 335327K->23142K(3106432K) icms_dc=5 , 0.0392467 secs] [Times: user=0.43 sys=0.03, real=0.04 secs] 
 CMS: abort preclean due to time 100.657: [CMS-concurrent-abortable-preclean: 1.023/24.922 secs] [Times: user=42.69 sys=0.71, real=24.92 secs] 
100.659: [GC[YG occupancy: 172633 K (353920 K)]100.659: [Rescan (parallel) , 0.6878909 secs]101.347: [weak refs processing, 0.0000444 secs] [1 CMS-remark: 0K(2752512K)] 172633K(3106432K), 0.6882362 secs] [Times: user=4.04 sys=1.79, real=0.69 secs] 
101.347: [CMS-concurrent-sweep-start]
101.348: [CMS-concurrent-sweep: 0.000/0.000 secs] [Times: user=0.00 sys=0.00, real=0.00 secs] 
101.349: [CMS-concurrent-reset-start]
101.374: [CMS-concurrent-reset: 0.025/0.025 secs] [Times: user=0.06 sys=0.00, real=0.02 secs] 
117.297: [GC 117.297: [ParNew: 337766K->36488K(353920K), 0.0610163 secs] 337766K->36488K(3106432K) icms_dc=0 , 0.0613613 secs] [Times: user=0.70 sys=0.07, real=0.06 secs] 
136.349: [GC 136.349: [ParNew: 351112K->39296K(353920K), 0.1736693 secs] 351112K->59799K(3106432K) icms_dc=0 , 0.1740574 secs] [Times: user=1.20 sys=0.13, real=0.17 secs] 
163.916: [GC 163.916: [ParNew: 353920K->39296K(353920K), 0.4422537 secs] 374423K->107746K(3106432K) icms_dc=8 , 0.4426026 secs] [Times: user=1.66 sys=0.17, real=0.44 secs] 
174.750: [GC [1 CMS-initial-mark: 68450K(2752512K)] 255982K(3106432K), 1.0237525 secs] [Times: user=1.02 sys=0.00, real=1.02 secs] 
175.774: [CMS-concurrent-mark-start]
176.385: [CMS-concurrent-mark: 0.361/0.611 secs] [Times: user=2.36 sys=0.02, real=0.61 secs] 
176.385: [CMS-concurrent-preclean-start]
176.550: [CMS-concurrent-preclean: 0.162/0.164 secs] [Times: user=0.34 sys=0.00, real=0.16 secs] 
176.550: [CMS-concurrent-abortable-preclean-start]
187.084: [GC 187.084: [ParNew: 353920K->39295K(353920K), 0.4606574 secs] 422370K->136080K(3106432K) icms_dc=14 , 0.4610249 secs] [Times: user=1.77 sys=0.10, real=0.46 secs] 
 CMS: abort preclean due to time 195.578: [CMS-concurrent-abortable-preclean: 1.055/19.028 secs] [Times: user=25.66 sys=0.24, real=19.03 secs] 
195.595: [GC[YG occupancy: 174675 K (353920 K)]195.596: [Rescan (parallel) , 1.0809302 secs]196.677: [weak refs processing, 0.0006327 secs] [1 CMS-remark: 96784K(2752512K)] 271460K(3106432K), 1.0819993 secs] [Times: user=6.52 sys=2.74, real=1.08 secs] 
196.678: [CMS-concurrent-sweep-start]
196.869: [CMS-concurrent-sweep: 0.158/0.191 secs] [Times: user=0.36 sys=0.00, real=0.19 secs] 
196.870: [CMS-concurrent-reset-start]
196.895: [CMS-concurrent-reset: 0.025/0.025 secs] [Times: user=0.04 sys=0.00, real=0.02 secs] 
207.969: [GC 207.969: [ParNew: 353919K->33654K(353920K), 0.2844127 secs] 449605K->162420K(3106432K) icms_dc=17 , 0.2847772 secs] [Times: user=1.74 sys=0.12, real=0.28 secs] 
216.429: [GC [1 CMS-initial-mark: 128765K(2752512K)] 298006K(3106432K), 0.8563522 secs] [Times: user=1.74 sys=0.00, real=0.86 secs] 
217.286: [CMS-concurrent-mark-start]
217.954: [CMS-concurrent-mark: 0.493/0.668 secs] [Times: user=3.49 sys=0.02, real=0.67 secs] 
217.954: [CMS-concurrent-preclean-start]
218.107: [CMS-concurrent-preclean: 0.149/0.153 secs] [Times: user=0.38 sys=0.01, real=0.15 secs] 
218.107: [CMS-concurrent-abortable-preclean-start]
234.833: [GC 234.833: [ParNew: 348278K->39295K(353920K), 0.5655807 secs] 477044K->201797K(3106432K) icms_dc=24 , 0.5660386 secs] [Times: user=2.03 sys=0.15, real=0.57 secs] 
 CMS: abort preclean due to time 249.745: [CMS-concurrent-abortable-preclean: 3.889/31.638 secs] [Times: user=49.07 sys=1.38, real=31.64 secs] 
249.762: [GC[YG occupancy: 170318 K (353920 K)]249.763: [Rescan (parallel) , 0.5771442 secs]250.340: [weak refs processing, 0.0121478 secs] [1 CMS-remark: 162501K(2752512K)] 332820K(3106432K), 0.5929885 secs] [Times: user=3.54 sys=1.55, real=0.59 secs] 
250.356: [CMS-concurrent-sweep-start]
250.747: [CMS-concurrent-sweep: 0.378/0.391 secs] [Times: user=0.86 sys=0.02, real=0.39 secs] 
250.748: [CMS-concurrent-reset-start]
250.773: [CMS-concurrent-reset: 0.025/0.025 secs] [Times: user=0.05 sys=0.00, real=0.02 secs] 
273.072: [GC 273.073: [ParNew: 353919K->35544K(353920K), 0.3172155 secs] 500267K->210746K(3106432K) icms_dc=18 , 0.3176530 secs] [Times: user=1.38 sys=0.10, real=0.32 secs] 
285.922: [GC [1 CMS-initial-mark: 175201K(2752512K)] 344847K(3106432K), 0.5675718 secs] [Times: user=0.71 sys=0.00, real=0.57 secs] 
286.490: [CMS-concurrent-mark-start]
287.930: [CMS-concurrent-mark: 0.684/1.440 secs] [Times: user=4.38 sys=0.10, real=1.44 secs] 
287.930: [CMS-concurrent-preclean-start]
288.076: [CMS-concurrent-preclean: 0.143/0.146 secs] [Times: user=0.27 sys=0.01, real=0.15 secs] 
288.077: [CMS-concurrent-abortable-preclean-start]
301.130: [GC 301.130: [ParNew: 350168K->29293K(353920K), 0.0463443 secs] 525370K->204495K(3106432K) icms_dc=18 , 0.0467745 secs] [Times: user=0.77 sys=0.01, real=0.05 secs] 
 CMS: abort preclean due to time 315.060: [CMS-concurrent-abortable-preclean: 3.426/26.983 secs] [Times: user=46.19 sys=2.13, real=26.98 secs] 
315.082: [GC[YG occupancy: 161422 K (353920 K)]315.082: [Rescan (parallel) , 0.6233303 secs]315.706: [weak refs processing, 0.0098190 secs] [1 CMS-remark: 175201K(2752512K)] 336624K(3106432K), 0.6366899 secs] [Times: user=4.65 sys=2.10, real=0.64 secs] 
315.720: [CMS-concurrent-sweep-start]
316.265: [CMS-concurrent-sweep: 0.543/0.545 secs] [Times: user=1.13 sys=0.02, real=0.55 secs] 
316.266: [CMS-concurrent-reset-start]
316.291: [CMS-concurrent-reset: 0.025/0.025 secs] [Times: user=0.04 sys=0.00, real=0.02 secs] 
330.573: [GC 330.573: [ParNew: 343917K->37033K(353920K), 0.0729143 secs] 503457K->203393K(3106432K) icms_dc=13 , 0.0733095 secs] [Times: user=0.80 sys=0.01, real=0.07 secs] 
348.449: [GC [1 CMS-initial-mark: 166360K(2752512K)] 342434K(3106432K), 0.6475077 secs] [Times: user=1.30 sys=0.00, real=0.65 secs] 
349.097: [CMS-concurrent-mark-start]
350.239: [CMS-concurrent-mark: 0.762/1.142 secs] [Times: user=4.33 sys=0.07, real=1.14 secs] 
350.239: [CMS-concurrent-preclean-start]
350.388: [CMS-concurrent-preclean: 0.147/0.149 secs] [Times: user=0.30 sys=0.01, real=0.15 secs] 
350.389: [CMS-concurrent-abortable-preclean-start]
365.628: [GC 365.628: [ParNew: 351657K->29387K(353920K), 0.1552112 secs] 518017K->212718K(3106432K) icms_dc=13 , 0.1556483 secs] [Times: user=1.35 sys=0.07, real=0.16 secs] 
 CMS: abort preclean due to time 380.127: [CMS-concurrent-abortable-preclean: 2.130/29.739 secs] [Times: user=42.44 sys=2.99, real=29.74 secs] 
380.144: [GC[YG occupancy: 166665 K (353920 K)]380.144: [Rescan (parallel) , 0.6127225 secs]380.757: [weak refs processing, 0.0014399 secs] [1 CMS-remark: 183330K(2752512K)] 349996K(3106432K), 0.6148147 secs] [Times: user=4.63 sys=1.97, real=0.62 secs] 
380.759: [CMS-concurrent-sweep-start]
381.286: [CMS-concurrent-sweep: 0.514/0.526 secs] [Times: user=1.05 sys=0.02, real=0.53 secs] 
381.287: [CMS-concurrent-reset-start]
381.312: [CMS-concurrent-reset: 0.025/0.025 secs] [Times: user=0.06 sys=0.00, real=0.02 secs] 
398.326: [GC 398.326: [ParNew: 344011K->39296K(353920K), 0.0630428 secs] 526138K->221893K(3106432K) icms_dc=8 , 0.0634231 secs] [Times: user=0.68 sys=0.01, real=0.06 secs] 
415.299: [GC [1 CMS-initial-mark: 182597K(2752512K)] 371882K(3106432K), 0.6727669 secs] [Times: user=0.68 sys=0.00, real=0.67 secs] 
415.973: [CMS-concurrent-mark-start]
417.042: [CMS-concurrent-mark: 0.756/1.070 secs] [Times: user=5.42 sys=0.08, real=1.07 secs] 
417.043: [CMS-concurrent-preclean-start]
417.170: [CMS-concurrent-preclean: 0.126/0.127 secs] [Times: user=0.44 sys=0.00, real=0.13 secs] 
417.170: [CMS-concurrent-abortable-preclean-start]
431.990: [GC 431.990: [ParNew: 353920K->35169K(353920K), 0.1027937 secs] 536517K->227093K(3106432K) icms_dc=8 , 0.1031982 secs] [Times: user=0.87 sys=0.03, real=0.10 secs] 
 CMS: abort preclean due to time 443.022: [CMS-concurrent-abortable-preclean: 0.308/25.852 secs] [Times: user=33.90 sys=1.88, real=25.85 secs] 
443.061: [GC[YG occupancy: 180747 K (353920 K)]443.062: [Rescan (parallel) , 0.7252060 secs]443.787: [weak refs processing, 0.0023545 secs] [1 CMS-remark: 191924K(2752512K)] 372671K(3106432K), 0.7284245 secs] [Times: user=5.24 sys=2.28, real=0.73 secs] 
443.790: [CMS-concurrent-sweep-start]
444.338: [CMS-concurrent-sweep: 0.536/0.547 secs] [Times: user=1.09 sys=0.01, real=0.55 secs] 
444.339: [CMS-concurrent-reset-start]
444.363: [CMS-concurrent-reset: 0.025/0.025 secs] [Times: user=0.05 sys=0.00, real=0.02 secs] 
457.065: [GC 457.065: [ParNew: 349793K->39296K(353920K), 0.0965286 secs] 540273K->238256K(3106432K) icms_dc=3 , 0.0969325 secs] [Times: user=0.93 sys=0.02, real=0.10 secs] 
467.292: [GC [1 CMS-initial-mark: 198960K(2752512K)] 394763K(3106432K), 0.9244736 secs] [Times: user=1.24 sys=0.00, real=0.92 secs] 
468.218: [CMS-concurrent-mark-start]
480.407: [GC 480.407: [ParNew: 353920K->39296K(353920K), 0.1488604 secs] 552880K->252356K(3106432K) icms_dc=4 , 0.1493075 secs] [Times: user=1.52 sys=0.06, real=0.15 secs] 
503.297: [CMS-concurrent-mark: 0.865/35.079 secs] [Times: user=48.89 sys=3.20, real=35.08 secs] 
503.297: [CMS-concurrent-preclean-start]
756.500: [GC 756.501: [ParNew: 353920K->39296K(353920K), 0.6943071 secs] 566980K->302727K(3106432K) icms_dc=4 , 0.6949994 secs] [Times: user=2.23 sys=0.17, real=0.70 secs] 
1346.631: [CMS-concurrent-preclean: 0.416/843.333 secs] [Times: user=36.80 sys=5.14, real=843.33 secs] 
1346.631: [CMS-concurrent-abortable-preclean-start]
1347.399: [CMS-concurrent-abortable-preclean: 0.691/0.768 secs] [Times: user=2.49 sys=0.01, real=0.77 secs] 
1347.409: [GC[YG occupancy: 198467 K (353920 K)]1347.409: [Rescan (parallel) , 0.8377184 secs]1348.247: [weak refs processing, 0.0015541 secs] [1 CMS-remark: 263431K(2752512K)] 461899K(3106432K), 0.8400105 secs] [Times: user=5.05 sys=2.25, real=0.84 secs] 
1348.249: [CMS-concurrent-sweep-start]
1357.023: [GC 1357.024: [ParNew: 353920K->23281K(353920K), 0.0355098 secs] 616715K->286076K(3106432K) icms_dc=4 , 0.0361610 secs] [Times: user=0.51 sys=0.00, real=0.04 secs] 
1370.305: [CMS-concurrent-sweep: 0.583/22.055 secs] [Times: user=42.49 sys=0.50, real=22.06 secs] 
1370.306: [CMS-concurrent-reset-start]
1370.333: [CMS-concurrent-reset: 0.025/0.026 secs] [Times: user=0.06 sys=0.00, real=0.03 secs] 
1375.263: [GC 1375.263: [ParNew: 337905K->39296K(353920K), 0.0521733 secs] 600634K->302445K(3106432K) icms_dc=0 , 0.0527323 secs] [Times: user=0.59 sys=0.01, real=0.05 secs] 
1391.380: [GC 1391.380: [ParNew: 353920K->31731K(353920K), 0.0993337 secs] 617069K->310044K(3106432K) icms_dc=0 , 0.0999366 secs] [Times: user=0.83 sys=0.06, real=0.10 secs] 
1401.515: [GC 1401.516: [ParNew: 346355K->24700K(353920K), 0.0575718 secs] 624668K->303013K(3106432K) icms_dc=0 , 0.0581165 secs] [Times: user=0.50 sys=0.08, real=0.06 secs] 
1410.844: [GC 1410.844: [ParNew: 339324K->30474K(353920K), 0.1304785 secs] 617637K->308787K(3106432K) icms_dc=0 , 0.1310420 secs] [Times: user=0.99 sys=0.26, real=0.13 secs] 
1419.757: [GC 1419.758: [ParNew: 345098K->23506K(353920K), 0.0954870 secs] 623411K->315024K(3106432K) icms_dc=0 , 0.0961219 secs] [Times: user=0.61 sys=0.07, real=0.10 secs] 
1466.293: [GC 1466.293: [ParNew: 338130K->21305K(353920K), 0.0413823 secs] 629648K->312823K(3106432K) icms_dc=0 , 0.0419599 secs] [Times: user=0.44 sys=0.01, real=0.04 secs] 
1498.606: [GC 1498.607: [ParNew: 335929K->30506K(353920K), 0.0488576 secs] 627447K->322025K(3106432K) icms_dc=0 , 0.0494647 secs] [Times: user=0.63 sys=0.00, real=0.05 secs] 
1516.863: [GC 1516.864: [ParNew: 345130K->35878K(353920K), 0.1020223 secs] 636649K->335363K(3106432K) icms_dc=0 , 0.1026178 secs] [Times: user=0.87 sys=0.04, real=0.10 secs] 
1565.419: [GC 1565.419: [ParNew: 350502K->29201K(353920K), 0.0784705 secs] 649987K->335865K(3106432K) icms_dc=0 , 0.0791225 secs] [Times: user=0.88 sys=0.03, real=0.08 secs] 
1606.726: [GC 1606.727: [ParNew: 343825K->37889K(353920K), 0.0444062 secs] 650489K->344553K(3106432K) icms_dc=0 , 0.0450160 secs] [Times: user=0.58 sys=0.00, real=0.05 secs] 
1652.229: [GC 1652.229: [ParNew: 352513K->28287K(353920K), 0.1030910 secs] 659177K->343774K(3106432K) icms_dc=0 , 0.1036654 secs] [Times: user=0.86 sys=0.05, real=0.10 secs] 
1911.760: [GC 1911.760: [ParNew: 342911K->31527K(353920K), 0.0805993 secs] 658398K->352362K(3106432K) icms_dc=0 , 0.0813968 secs] [Times: user=0.69 sys=0.03, real=0.08 secs] 
1920.246: [GC 1920.246: [ParNew: 346151K->35675K(353920K), 0.1195637 secs] 666986K->360034K(3106432K) icms_dc=0 , 0.1201557 secs] [Times: user=1.08 sys=0.09, real=0.12 secs] 
1923.334: [GC 1923.334: [ParNew: 349998K->28997K(353920K), 0.1469652 secs] 674357K->364086K(3106432K) icms_dc=0 , 0.1475641 secs] [Times: user=1.44 sys=0.14, real=0.15 secs] 
1927.499: [GC 1927.500: [ParNew: 343621K->23418K(353920K), 0.0645691 secs] 678710K->358508K(3106432K) icms_dc=0 , 0.0651645 secs] [Times: user=0.58 sys=0.03, real=0.07 secs] 
1932.031: [GC 1932.031: [ParNew: 338042K->30132K(353920K), 0.0798471 secs] 673132K->365221K(3106432K) icms_dc=0 , 0.0804317 secs] [Times: user=0.75 sys=0.05, real=0.08 secs] 
1935.472: [GC 1935.473: [ParNew: 344756K->28286K(353920K), 0.0591580 secs] 679845K->365908K(3106432K) icms_dc=0 , 0.0597478 secs] [Times: user=0.71 sys=0.03, real=0.06 secs] 
1939.557: [GC 1939.557: [ParNew: 342910K->29857K(353920K), 0.0461055 secs] 680532K->367478K(3106432K) icms_dc=0 , 0.0467351 secs] [Times: user=0.75 sys=0.03, real=0.05 secs] 
1944.778: [GC 1944.779: [ParNew: 344481K->35309K(353920K), 0.0452151 secs] 682102K->372930K(3106432K) icms_dc=0 , 0.0458208 secs] [Times: user=0.65 sys=0.01, real=0.05 secs] 
1948.964: [GC 1948.964: [ParNew: 349933K->26222K(353920K), 0.0805953 secs] 687554K->368851K(3106432K) icms_dc=0 , 0.0811612 secs] [Times: user=0.67 sys=0.04, real=0.08 secs] 
1959.136: [GC 1959.137: [ParNew: 340846K->23542K(353920K), 0.0622534 secs] 683475K->366171K(3106432K) icms_dc=0 , 0.0629351 secs] [Times: user=0.59 sys=0.06, real=0.06 secs] 
1964.015: [GC 1964.015: [ParNew: 337830K->27012K(353920K), 0.0480805 secs] 680458K->369641K(3106432K) icms_dc=0 , 0.0486762 secs] [Times: user=0.43 sys=0.03, real=0.05 secs] 
1970.340: [GC 1970.340: [ParNew: 341636K->30824K(353920K), 0.0475007 secs] 684265K->373453K(3106432K) icms_dc=0 , 0.0480955 secs] [Times: user=0.43 sys=0.02, real=0.05 secs] 
1974.689: [GC 1974.690: [ParNew: 345448K->27858K(353920K), 0.0833917 secs] 688077K->375160K(3106432K) icms_dc=3 , 0.0842449 secs] [Times: user=0.74 sys=0.06, real=0.08 secs] 
1976.155: [GC [1 CMS-initial-mark: 347301K(2752512K)] 527870K(3106432K), 0.7163014 secs] [Times: user=0.93 sys=0.00, real=0.72 secs] 
1976.872: [CMS-concurrent-mark-start]
1978.880: [GC 1978.880: [ParNew: 342482K->21853K(353920K), 0.0507715 secs] 689784K->369154K(3106432K) icms_dc=3 , 0.0513656 secs] [Times: user=0.42 sys=0.03, real=0.05 secs] 
1992.276: [GC 1992.277: [ParNew: 336477K->25040K(353920K), 0.0479975 secs] 683778K->372342K(3106432K) icms_dc=3 , 0.0485841 secs] [Times: user=0.38 sys=0.03, real=0.05 secs] 
1997.690: [GC 1997.690: [ParNew: 339664K->26873K(353920K), 0.0688077 secs] 686966K->374174K(3106432K) icms_dc=3 , 0.0693874 secs] [Times: user=0.60 sys=0.06, real=0.07 secs] 
2003.221: [GC 2003.222: [ParNew: 341497K->28294K(353920K), 0.0585017 secs] 688798K->375596K(3106432K) icms_dc=3 , 0.0590857 secs] [Times: user=0.43 sys=0.02, real=0.06 secs] 
2010.079: [GC 2010.080: [ParNew: 342918K->29556K(353920K), 0.0613558 secs] 690220K->376857K(3106432K) icms_dc=3 , 0.0619966 secs] [Times: user=0.46 sys=0.03, real=0.06 secs] 
2012.929: [CMS-concurrent-mark: 1.191/36.057 secs] [Times: user=91.35 sys=2.00, real=36.06 secs] 
2012.929: [CMS-concurrent-preclean-start]
2015.629: [GC 2015.629: [ParNew: 344180K->28203K(353920K), 0.0571363 secs] 691481K->375504K(3106432K) icms_dc=3 , 0.0577381 secs] [Times: user=0.46 sys=0.03, real=0.06 secs] 
2021.368: [GC 2021.368: [ParNew: 342827K->28023K(353920K), 0.0431420 secs] 690128K->375324K(3106432K) icms_dc=3 , 0.0437404 secs] [Times: user=0.43 sys=0.02, real=0.04 secs] 
2025.681: [GC 2025.681: [ParNew: 342647K->33131K(353920K), 0.0505987 secs] 689948K->380433K(3106432K) icms_dc=3 , 0.0511730 secs] [Times: user=0.46 sys=0.03, real=0.05 secs] 
2027.472: [CMS-concurrent-preclean: 0.250/14.543 secs] [Times: user=45.78 sys=0.82, real=14.54 secs] 
2027.473: [CMS-concurrent-abortable-preclean-start]
2030.951: [GC 2030.951: [ParNew: 347755K->21486K(353920K), 0.0729808 secs] 695057K->374062K(3106432K) icms_dc=3 , 0.0735923 secs] [Times: user=0.57 sys=0.04, real=0.07 secs] 
2035.642: [GC 2035.642: [ParNew: 336111K->25133K(353920K), 0.0649237 secs] 688687K->377709K(3106432K) icms_dc=3 , 0.0655191 secs] [Times: user=0.55 sys=0.05, real=0.07 secs] 
2044.287: [GC 2044.287: [ParNew: 339757K->23920K(353920K), 0.0436441 secs] 692333K->376495K(3106432K) icms_dc=3 , 0.0442468 secs] [Times: user=0.41 sys=0.03, real=0.04 secs] 
 CMS: abort preclean due to time 2045.941: [CMS-concurrent-abortable-preclean: 0.337/18.468 secs] [Times: user=45.00 sys=1.06, real=18.47 secs] 
2045.943: [GC[YG occupancy: 176983 K (353920 K)]2045.943: [Rescan (parallel) , 0.6782666 secs]2046.622: [weak refs processing, 0.0106123 secs] [1 CMS-remark: 352575K(2752512K)] 529559K(3106432K), 0.6914382 secs] [Times: user=3.84 sys=1.66, real=0.69 secs] 
2046.635: [CMS-concurrent-sweep-start]
2047.561: [GC 2047.562: [ParNew: 338544K->27188K(353920K), 0.0688621 secs] 690794K->379439K(3106432K) icms_dc=3 , 0.0694341 secs] [Times: user=0.53 sys=0.05, real=0.07 secs] 
2055.093: [GC 2055.093: [ParNew: 341812K->23575K(353920K), 0.0553003 secs] 691951K->373714K(3106432K) icms_dc=3 , 0.0559035 secs] [Times: user=0.44 sys=0.03, real=0.06 secs] 
2061.149: [GC 2061.149: [ParNew: 338199K->27622K(353920K), 0.0600263 secs] 686947K->376370K(3106432K) icms_dc=3 , 0.0606554 secs] [Times: user=0.63 sys=0.04, real=0.06 secs] 
2064.227: [GC 2064.227: [ParNew: 342246K->29025K(353920K), 0.0508583 secs] 690695K->377474K(3106432K) icms_dc=3 , 0.0514944 secs] [Times: user=0.48 sys=0.03, real=0.05 secs] 
2070.412: [GC 2070.412: [ParNew: 343649K->22710K(353920K), 0.0523425 secs] 689160K->368221K(3106432K) icms_dc=3 , 0.0529515 secs] [Times: user=0.44 sys=0.02, real=0.05 secs] 
2077.259: [GC 2077.260: [ParNew: 337334K->27310K(353920K), 0.1051538 secs] 677478K->367454K(3106432K) icms_dc=3 , 0.1057562 secs] [Times: user=0.76 sys=0.15, real=0.11 secs] 
2084.788: [GC 2084.789: [ParNew: 341934K->28172K(353920K), 0.0542834 secs] 678785K->365022K(3106432K) icms_dc=3 , 0.0549295 secs] [Times: user=0.45 sys=0.02, real=0.06 secs] 
2089.642: [GC 2089.643: [ParNew: 342796K->31790K(353920K), 0.0550682 secs] 676201K->365195K(3106432K) icms_dc=3 , 0.0556542 secs] [Times: user=0.50 sys=0.01, real=0.06 secs] 
2094.378: [GC 2094.379: [ParNew: 346414K->19342K(353920K), 0.1080241 secs] 679018K->359680K(3106432K) icms_dc=4 , 0.1086555 secs] [Times: user=0.83 sys=0.06, real=0.11 secs] 
2095.721: [CMS-concurrent-sweep: 1.132/49.086 secs] [Times: user=143.79 sys=3.45, real=49.09 secs] 
2095.723: [CMS-concurrent-reset-start]
2099.048: [GC 2099.048: [ParNew: 333966K->18531K(353920K), 0.0432652 secs] 673475K->358040K(3106432K) icms_dc=4 , 0.0438623 secs] [Times: user=0.56 sys=0.03, real=0.04 secs] 
2101.055: [CMS-concurrent-reset: 0.025/5.332 secs] [Times: user=15.66 sys=0.33, real=5.33 secs] 
2103.855: [GC 2103.855: [ParNew: 333034K->18875K(353920K), 0.0513739 secs] 672543K->358384K(3106432K) icms_dc=1 , 0.0519803 secs] [Times: user=0.36 sys=0.03, real=0.05 secs] 
2106.242: [GC [1 CMS-initial-mark: 339509K(2752512K)] 514272K(3106432K), 0.6789845 secs] [Times: user=0.68 sys=0.00, real=0.68 secs] 
2106.922: [CMS-concurrent-mark-start]
2108.815: [GC 2108.816: [ParNew: 333499K->20150K(353920K), 0.0589818 secs] 673008K->359659K(3106432K) icms_dc=1 , 0.0595914 secs] [Times: user=0.45 sys=0.03, real=0.06 secs] 
2113.084: [GC 2113.084: [ParNew: 334774K->22209K(353920K), 0.0580559 secs] 674283K->361719K(3106432K) icms_dc=1 , 0.0586442 secs] [Times: user=0.43 sys=0.03, real=0.06 secs] 
2116.620: [GC 2116.621: [ParNew: 336833K->17618K(353920K), 0.0474788 secs] 676343K->357127K(3106432K) icms_dc=1 , 0.0480804 secs] [Times: user=0.38 sys=0.02, real=0.05 secs] 
2121.121: [GC 2121.121: [ParNew: 332242K->22087K(353920K), 0.0787744 secs] 671751K->361596K(3106432K) icms_dc=1 , 0.0793636 secs] [Times: user=0.58 sys=0.11, real=0.08 secs] 
2127.277: [GC 2127.277: [ParNew: 336711K->19351K(353920K), 0.0674256 secs] 676220K->358860K(3106432K) icms_dc=1 , 0.0680654 secs] [Times: user=0.52 sys=0.06, real=0.07 secs] 
2130.692: [GC 2130.693: [ParNew: 333975K->22131K(353920K), 0.0745651 secs] 673484K->361640K(3106432K) icms_dc=1 , 0.0751484 secs] [Times: user=0.61 sys=0.08, real=0.08 secs] 
2134.828: [GC 2134.828: [ParNew: 336755K->24868K(353920K), 0.0484540 secs] 676264K->364378K(3106432K) icms_dc=1 , 0.0490658 secs] [Times: user=0.43 sys=0.03, real=0.05 secs] 
2141.292: [GC 2141.293: [ParNew: 339492K->25718K(353920K), 0.0555305 secs] 679002K->365227K(3106432K) icms_dc=1 , 0.0561749 secs] [Times: user=0.45 sys=0.03, real=0.06 secs] 
2144.987: [GC 2144.987: [ParNew: 340253K->21887K(353920K), 0.0492051 secs] 679762K->361396K(3106432K) icms_dc=1 , 0.0498318 secs] [Times: user=0.42 sys=0.03, real=0.05 secs] 
2149.090: [GC 2149.091: [ParNew: 336511K->26341K(353920K), 0.0677740 secs] 676020K->365851K(3106432K) icms_dc=1 , 0.0683708 secs] [Times: user=0.53 sys=0.05, real=0.07 secs] 
2151.287: [GC 2151.288: [ParNew: 340800K->29116K(353920K), 0.0701664 secs] 680310K->368625K(3106432K) icms_dc=1 , 0.0707450 secs] [Times: user=0.59 sys=0.08, real=0.07 secs] 
2158.548: [GC 2158.549: [ParNew: 343740K->24697K(353920K), 0.0657114 secs] 683249K->364206K(3106432K) icms_dc=1 , 0.0663100 secs] [Times: user=0.54 sys=0.03, real=0.07 secs] 
2162.879: [GC 2162.879: [ParNew: 339321K->16859K(353920K), 0.0758029 secs] 678830K->363457K(3106432K) icms_dc=3 , 0.0763927 secs] [Times: user=0.61 sys=0.04, real=0.08 secs] 
2170.735: [GC 2170.736: [ParNew: 331483K->20507K(353920K), 0.0663419 secs] 678081K->367104K(3106432K) icms_dc=3 , 0.0669680 secs] [Times: user=0.51 sys=0.08, real=0.07 secs] 
2175.748: [GC 2175.748: [ParNew: 335131K->18941K(353920K), 0.0655636 secs] 681728K->365538K(3106432K) icms_dc=3 , 0.0661495 secs] [Times: user=0.45 sys=0.05, real=0.07 secs] 
2180.219: [GC 2180.220: [ParNew: 333565K->20619K(353920K), 0.0493844 secs] 680162K->367216K(3106432K) icms_dc=3 , 0.0499755 secs] [Times: user=0.38 sys=0.03, real=0.05 secs] 
2182.470: [GC 2182.471: [ParNew: 335407K->22503K(353920K), 0.0512475 secs] 682004K->369100K(3106432K) icms_dc=3 , 0.0518659 secs] [Times: user=0.42 sys=0.04, real=0.05 secs] 
2184.410: [CMS-concurrent-mark: 1.321/77.489 secs] [Times: user=263.56 sys=6.24, real=77.49 secs] 
2184.411: [CMS-concurrent-preclean-start]
2188.000: [GC 2188.001: [ParNew: 337127K->18567K(353920K), 0.0459445 secs] 683724K->365164K(3106432K) icms_dc=3 , 0.0465606 secs] [Times: user=0.39 sys=0.03, real=0.05 secs] 
2191.536: [GC 2191.536: [ParNew: 333191K->21322K(353920K), 0.0579472 secs] 679788K->367920K(3106432K) icms_dc=3 , 0.0585409 secs] [Times: user=0.41 sys=0.03, real=0.06 secs] 
2193.968: [CMS-concurrent-preclean: 0.379/9.557 secs] [Times: user=28.05 sys=0.71, real=9.56 secs] 
2193.968: [CMS-concurrent-abortable-preclean-start]
2195.606: [GC 2195.606: [ParNew: 335949K->23789K(353920K), 0.0603412 secs] 682547K->370386K(3106432K) icms_dc=3 , 0.0609174 secs] [Times: user=0.53 sys=0.04, real=0.06 secs] 
2197.963: [CMS-concurrent-abortable-preclean: 0.214/3.994 secs] [Times: user=14.36 sys=0.37, real=3.99 secs] 
2197.966: [GC[YG occupancy: 179583 K (353920 K)]2197.967: [Rescan (parallel) , 0.5971949 secs]2198.564: [weak refs processing, 0.0011084 secs] [1 CMS-remark: 346597K(2752512K)] 526181K(3106432K), 0.5987683 secs] [Times: user=3.32 sys=1.50, real=0.60 secs] 
2198.566: [CMS-concurrent-sweep-start]
2200.145: [GC 2200.145: [ParNew: 338413K->26085K(353920K), 0.0680061 secs] 684976K->372649K(3106432K) icms_dc=3 , 0.0686129 secs] [Times: user=0.71 sys=0.08, real=0.07 secs] 
2204.492: [GC 2204.492: [ParNew: 340709K->19744K(353920K), 0.0549305 secs] 687185K->366220K(3106432K) icms_dc=3 , 0.0555466 secs] [Times: user=0.43 sys=0.02, real=0.06 secs] 
2207.569: [GC 2207.569: [ParNew: 334200K->24255K(353920K), 0.0615285 secs] 680662K->370718K(3106432K) icms_dc=3 , 0.0621239 secs] [Times: user=0.47 sys=0.03, real=0.06 secs] 
2211.630: [GC 2211.630: [ParNew: 338879K->26063K(353920K), 0.0527746 secs] 685148K->372331K(3106432K) icms_dc=3 , 0.0533682 secs] [Times: user=0.45 sys=0.03, real=0.05 secs] 
2214.474: [GC 2214.475: [ParNew: 340687K->22985K(353920K), 0.0466330 secs] 686927K->369225K(3106432K) icms_dc=3 , 0.0472660 secs] [Times: user=0.44 sys=0.02, real=0.05 secs] 
2217.278: [GC 2217.278: [ParNew: 337609K->23524K(353920K), 0.0448957 secs] 683826K->369742K(3106432K) icms_dc=3 , 0.0455062 secs] [Times: user=0.43 sys=0.03, real=0.05 secs] 
2222.297: [GC 2222.298: [ParNew: 338148K->30222K(353920K), 0.0618015 secs] 683483K->375556K(3106432K) icms_dc=3 , 0.0623932 secs] [Times: user=0.62 sys=0.03, real=0.06 secs] 
2224.523: [CMS-concurrent-sweep: 1.047/25.957 secs] [Times: user=103.22 sys=2.41, real=25.96 secs] 
2224.523: [CMS-concurrent-reset-start]
2224.548: [CMS-concurrent-reset: 0.025/0.025 secs] [Times: user=0.03 sys=0.00, real=0.02 secs] 
2226.762: [GC 2226.762: [ParNew: 344846K->23142K(353920K), 0.0472370 secs] 689598K->367894K(3106432K) icms_dc=0 , 0.0478007 secs] [Times: user=0.47 sys=0.03, real=0.05 secs] 
2229.210: [GC 2229.210: [ParNew: 337766K->27199K(353920K), 0.0531307 secs] 682518K->371951K(3106432K) icms_dc=0 , 0.0537510 secs] [Times: user=0.46 sys=0.03, real=0.05 secs] 
2232.039: [GC 2232.039: [ParNew: 341823K->28094K(353920K), 0.0551721 secs] 686575K->372845K(3106432K) icms_dc=0 , 0.0557796 secs] [Times: user=0.47 sys=0.03, real=0.06 secs] 
2238.440: [GC 2238.440: [ParNew: 342575K->22438K(353920K), 0.0444247 secs] 687327K->367190K(3106432K) icms_dc=0 , 0.0450262 secs] [Times: user=0.46 sys=0.03, real=0.05 secs] 
2244.805: [GC 2244.806: [ParNew: 337062K->28392K(353920K), 0.0453528 secs] 681814K->373144K(3106432K) icms_dc=0 , 0.0459351 secs] [Times: user=0.47 sys=0.02, real=0.05 secs] 
2248.281: [GC 2248.282: [ParNew: 343016K->34135K(353920K), 0.0857687 secs] 687768K->378887K(3106432K) icms_dc=0 , 0.0863928 secs] [Times: user=0.67 sys=0.09, real=0.09 secs] 
2252.697: [GC 2252.698: [ParNew: 348759K->21018K(353920K), 0.0787840 secs] 693511K->375511K(3106432K) icms_dc=4 , 0.0794107 secs] [Times: user=0.62 sys=0.02, real=0.08 secs] 
2256.022: [GC [1 CMS-initial-mark: 354492K(2752512K)] 526573K(3106432K), 0.6711385 secs] [Times: user=0.77 sys=0.00, real=0.67 secs] 
2256.694: [CMS-concurrent-mark-start]
2258.742: [GC 2258.743: [ParNew: 335642K->17893K(353920K), 0.0534066 secs] 690135K->372386K(3106432K) icms_dc=4 , 0.0540168 secs] [Times: user=0.42 sys=0.04, real=0.05 secs] 
2261.330: [GC 2261.331: [ParNew: 332517K->18240K(353920K), 0.0476466 secs] 687010K->372733K(3106432K) icms_dc=4 , 0.0482142 secs] [Times: user=0.36 sys=0.03, real=0.05 secs] 
2266.946: [GC 2266.946: [ParNew: 332864K->19494K(353920K), 0.0542809 secs] 687357K->373987K(3106432K) icms_dc=4 , 0.0548769 secs] [Times: user=0.36 sys=0.03, real=0.06 secs] 
2269.865: [GC 2269.865: [ParNew: 334118K->18870K(353920K), 0.0477411 secs] 688611K->373363K(3106432K) icms_dc=4 , 0.0483307 secs] [Times: user=0.37 sys=0.03, real=0.05 secs] 
2275.191: [GC 2275.192: [ParNew: 333494K->24568K(353920K), 0.0522814 secs] 687987K->379061K(3106432K) icms_dc=4 , 0.0528573 secs] [Times: user=0.41 sys=0.03, real=0.05 secs] 
2275.247: [GC 2275.247: [ParNew: 26325K->19519K(353920K), 0.0321641 secs] 380818K->374012K(3106432K) icms_dc=4 , 0.0326731 secs] [Times: user=0.36 sys=0.03, real=0.03 secs] 
2279.760: [GC 2279.760: [ParNew: 334143K->22863K(353920K), 0.0590565 secs] 688636K->377356K(3106432K) icms_dc=4 , 0.0596501 secs] [Times: user=0.43 sys=0.03, real=0.06 secs] 
2283.562: [GC 2283.563: [ParNew: 337487K->25309K(353920K), 0.0780321 secs] 691980K->379802K(3106432K) icms_dc=4 , 0.0786062 secs] [Times: user=0.56 sys=0.08, real=0.08 secs] 
2286.034: [GC 2286.034: [ParNew: 339933K->21151K(353920K), 0.0572967 secs] 694426K->375644K(3106432K) icms_dc=4 , 0.0579176 secs] [Times: user=0.50 sys=0.02, real=0.06 secs] 
2288.669: [GC 2288.670: [ParNew: 335670K->22361K(353920K), 0.0502252 secs] 690163K->376854K(3106432K) icms_dc=4 , 0.0508462 secs] [Times: user=0.42 sys=0.03, real=0.05 secs] 
2292.064: [GC 2292.064: [ParNew: 336985K->26445K(353920K), 0.0745312 secs] 691478K->380938K(3106432K) icms_dc=4 , 0.0751233 secs] [Times: user=0.59 sys=0.07, real=0.08 secs] 
2297.474: [GC 2297.475: [ParNew: 341069K->25228K(353920K), 0.0568528 secs] 695562K->379721K(3106432K) icms_dc=4 , 0.0574987 secs] [Times: user=0.51 sys=0.04, real=0.06 secs] 
2299.476: [CMS-concurrent-mark: 1.348/42.782 secs] [Times: user=168.99 sys=4.04, real=42.78 secs] 
2299.476: [CMS-concurrent-preclean-start]
2302.720: [GC 2302.720: [ParNew: 339852K->19498K(353920K), 0.0521191 secs] 694345K->373991K(3106432K) icms_dc=4 , 0.0527089 secs] [Times: user=0.44 sys=0.02, real=0.05 secs] 
2305.871: [GC 2305.871: [ParNew: 334122K->26425K(353920K), 0.0552723 secs] 688615K->380918K(3106432K) icms_dc=4 , 0.0558508 secs] [Times: user=0.51 sys=0.03, real=0.06 secs] 
2307.760: [GC 2307.760: [ParNew: 341049K->28178K(353920K), 0.0715457 secs] 695542K->382671K(3106432K) icms_dc=4 , 0.0721626 secs] [Times: user=0.65 sys=0.09, real=0.07 secs] 
2313.241: [GC 2313.242: [ParNew: 342802K->26660K(353920K), 0.0505566 secs] 697295K->381153K(3106432K) icms_dc=4 , 0.0511353 secs] [Times: user=0.45 sys=0.03, real=0.05 secs] 
2314.982: [CMS-concurrent-preclean: 0.297/15.506 secs] [Times: user=55.73 sys=1.36, real=15.51 secs] 
2314.982: [CMS-concurrent-abortable-preclean-start]
2316.166: [GC 2316.166: [ParNew: 341284K->29835K(353920K), 0.0504657 secs] 695777K->384328K(3106432K) icms_dc=4 , 0.0510497 secs] [Times: user=0.50 sys=0.02, real=0.05 secs] 
2319.998: [GC 2319.999: [ParNew: 344459K->19261K(353920K), 0.0695159 secs] 698952K->381401K(3106432K) icms_dc=4 , 0.0701229 secs] [Times: user=0.61 sys=0.02, real=0.07 secs] 
 CMS: abort preclean due to time 2321.523: [CMS-concurrent-abortable-preclean: 0.236/6.541 secs] [Times: user=30.92 sys=0.72, real=6.54 secs] 
2321.636: [GC[YG occupancy: 170981 K (353920 K)]2321.636: [Rescan (parallel) , 0.6302896 secs]2322.267: [weak refs processing, 0.0015425 secs] [1 CMS-remark: 362140K(2752512K)] 533121K(3106432K), 0.6322140 secs] [Times: user=3.61 sys=1.55, real=0.63 secs] 
2322.269: [CMS-concurrent-sweep-start]
2323.707: [GC 2323.708: [ParNew: 333885K->13578K(353920K), 0.0410795 secs] 695512K->375206K(3106432K) icms_dc=4 , 0.0416698 secs] [Times: user=0.34 sys=0.03, real=0.04 secs] 
2326.511: [GC 2326.511: [ParNew: 328202K->18428K(353920K), 0.0486480 secs] 689645K->379871K(3106432K) icms_dc=4 , 0.0492147 secs] [Times: user=0.35 sys=0.03, real=0.05 secs] 
2329.233: [GC 2329.234: [ParNew: 333052K->16231K(353920K), 0.0512596 secs] 694206K->377385K(3106432K) icms_dc=4 , 0.0518588 secs] [Times: user=0.39 sys=0.03, real=0.05 secs] 
2331.558: [GC 2331.558: [ParNew: 330855K->18032K(353920K), 0.0446461 secs] 691859K->379037K(3106432K) icms_dc=4 , 0.0452413 secs] [Times: user=0.35 sys=0.03, real=0.05 secs] 
2335.676: [GC 2335.676: [ParNew: 332656K->15877K(353920K), 0.0455289 secs] 693118K->376339K(3106432K) icms_dc=4 , 0.0461251 secs] [Times: user=0.36 sys=0.03, real=0.05 secs] 
2340.355: [GC 2340.355: [ParNew: 330501K->18322K(353920K), 0.0515666 secs] 690167K->377988K(3106432K) icms_dc=4 , 0.0521361 secs] [Times: user=0.39 sys=0.03, real=0.05 secs] 
2342.772: [GC 2342.773: [ParNew: 332946K->22820K(353920K), 0.0593023 secs] 690414K->380288K(3106432K) icms_dc=4 , 0.0598987 secs] [Times: user=0.71 sys=0.03, real=0.06 secs] 
2347.498: [GC 2347.498: [ParNew: 337444K->18812K(353920K), 0.0493918 secs] 694780K->376148K(3106432K) icms_dc=4 , 0.0500371 secs] [Times: user=0.51 sys=0.03, real=0.05 secs] 
2351.019: [GC 2351.019: [ParNew: 333436K->21369K(353920K), 0.0525514 secs] 690138K->378070K(3106432K) icms_dc=4 , 0.0531427 secs] [Times: user=0.41 sys=0.03, real=0.05 secs] 
2353.730: [GC 2353.730: [ParNew: 335993K->21511K(353920K), 0.1291215 secs] 692636K->378154K(3106432K) icms_dc=4 , 0.1297150 secs] [Times: user=1.07 sys=0.24, real=0.13 secs] 
2356.198: [CMS-concurrent-sweep: 1.139/33.929 secs] [Times: user=148.57 sys=3.53, real=33.93 secs] 
2356.198: [CMS-concurrent-reset-start]
2356.224: [CMS-concurrent-reset: 0.025/0.025 secs] [Times: user=0.24 sys=0.00, real=0.03 secs] 
2357.733: [GC 2357.733: [ParNew: 336135K->21809K(353920K), 0.0584906 secs] 691941K->377615K(3106432K) icms_dc=0 , 0.0591307 secs] [Times: user=0.48 sys=0.03, real=0.06 secs] 
2361.487: [GC 2361.487: [ParNew: 336433K->20171K(353920K), 0.0514602 secs] 692239K->375977K(3106432K) icms_dc=0 , 0.0521012 secs] [Times: user=0.50 sys=0.03, real=0.05 secs] 
2366.129: [GC 2366.129: [ParNew: 334795K->23549K(353920K), 0.1265637 secs] 690601K->379355K(3106432K) icms_dc=0 , 0.1271722 secs] [Times: user=1.14 sys=0.21, real=0.13 secs] 
2369.238: [GC 2369.239: [ParNew: 338173K->20355K(353920K), 0.1299441 secs] 693979K->376161K(3106432K) icms_dc=0 , 0.1305394 secs] [Times: user=0.95 sys=0.22, real=0.13 secs] 
2372.904: [GC 2372.904: [ParNew: 334979K->24486K(353920K), 0.0676185 secs] 690785K->380291K(3106432K) icms_dc=0 , 0.0682505 secs] [Times: user=0.73 sys=0.10, real=0.07 secs] 
2377.417: [GC 2377.417: [ParNew: 339110K->21781K(353920K), 0.0655899 secs] 694915K->377587K(3106432K) icms_dc=0 , 0.0662260 secs] [Times: user=0.60 sys=0.03, real=0.07 secs] 
2379.404: [GC 2379.404: [ParNew: 336405K->28197K(353920K), 0.0673315 secs] 692211K->384003K(3106432K) icms_dc=0 , 0.0679293 secs] [Times: user=0.52 sys=0.03, real=0.07 secs] 
2381.084: [GC 2381.084: [ParNew: 342772K->21673K(353920K), 0.1406446 secs] 698578K->384082K(3106432K) icms_dc=3 , 0.1412266 secs] [Times: user=0.97 sys=0.21, real=0.14 secs] 
2382.448: [GC [1 CMS-initial-mark: 362408K(2752512K)] 536766K(3106432K), 0.5922911 secs] [Times: user=0.60 sys=0.00, real=0.59 secs] 
2383.041: [CMS-concurrent-mark-start]
2385.920: [GC 2385.920: [ParNew: 336249K->15512K(353920K), 0.0443620 secs] 698658K->377921K(3106432K) icms_dc=3 , 0.0449547 secs] [Times: user=0.45 sys=0.03, real=0.05 secs] 
2389.673: [GC 2389.673: [ParNew: 330136K->18546K(353920K), 0.0460591 secs] 692545K->380955K(3106432K) icms_dc=3 , 0.0466549 secs] [Times: user=0.36 sys=0.04, real=0.05 secs] 
2392.073: [GC 2392.073: [ParNew: 333294K->19496K(353920K), 0.0509519 secs] 695703K->381905K(3106432K) icms_dc=3 , 0.0515378 secs] [Times: user=0.41 sys=0.03, real=0.05 secs] 
2394.830: [GC 2394.830: [ParNew: 334103K->18606K(353920K), 0.0408407 secs] 696512K->381015K(3106432K) icms_dc=3 , 0.0414432 secs] [Times: user=0.37 sys=0.03, real=0.04 secs] 
2398.118: [GC 2398.118: [ParNew: 333230K->21700K(353920K), 0.0667341 secs] 695639K->384109K(3106432K) icms_dc=3 , 0.0673194 secs] [Times: user=0.61 sys=0.10, real=0.07 secs] 
2401.021: [GC 2401.021: [ParNew: 336324K->16744K(353920K), 0.0459459 secs] 698733K->379153K(3106432K) icms_dc=3 , 0.0465267 secs] [Times: user=0.39 sys=0.03, real=0.05 secs] 
2404.011: [GC 2404.011: [ParNew: 331250K->19933K(353920K), 0.0472208 secs] 693659K->382342K(3106432K) icms_dc=3 , 0.0477934 secs] [Times: user=0.46 sys=0.03, real=0.05 secs] 
2407.856: [GC 2407.857: [ParNew: 334557K->23725K(353920K), 0.0540096 secs] 696966K->386134K(3106432K) icms_dc=3 , 0.0545722 secs] [Times: user=0.42 sys=0.03, real=0.05 secs] 
2411.032: [GC 2411.032: [ParNew: 338349K->16849K(353920K), 0.0501014 secs] 700758K->379258K(3106432K) icms_dc=3 , 0.0506896 secs] [Times: user=0.43 sys=0.02, real=0.05 secs] 
2412.871: [CMS-concurrent-mark: 1.338/29.830 secs] [Times: user=123.62 sys=2.88, real=29.83 secs] 
2412.871: [CMS-concurrent-preclean-start]
2414.062: [GC 2414.063: [ParNew: 331473K->23495K(353920K), 0.0533674 secs] 693882K->385904K(3106432K) icms_dc=3 , 0.0540293 secs] [Times: user=0.43 sys=0.02, real=0.05 secs] 
2416.669: [GC 2416.669: [ParNew: 338119K->21294K(353920K), 0.0434759 secs] 700528K->383703K(3106432K) icms_dc=3 , 0.0440661 secs] [Times: user=0.41 sys=0.03, real=0.04 secs] 
2419.549: [GC 2419.549: [ParNew: 335918K->26007K(353920K), 0.0493722 secs] 698327K->388416K(3106432K) icms_dc=3 , 0.0499697 secs] [Times: user=0.44 sys=0.03, real=0.05 secs] 
2420.804: [CMS-concurrent-preclean: 0.293/7.932 secs] [Times: user=40.36 sys=0.90, real=7.93 secs] 
2420.804: [CMS-concurrent-abortable-preclean-start]
2422.360: [GC 2422.360: [ParNew: 340631K->24087K(353920K), 0.0569617 secs] 703040K->386496K(3106432K) icms_dc=3 , 0.0575262 secs] [Times: user=0.47 sys=0.04, real=0.06 secs] 
2425.329: [GC 2425.329: [ParNew: 338705K->20875K(353920K), 0.0578911 secs] 701114K->383284K(3106432K) icms_dc=3 , 0.0584620 secs] [Times: user=0.48 sys=0.03, real=0.06 secs] 
 CMS: abort preclean due to time 2426.283: [CMS-concurrent-abortable-preclean: 0.257/5.479 secs] [Times: user=26.32 sys=0.67, real=5.48 secs] 
2426.288: [GC[YG occupancy: 174284 K (353920 K)]2426.288: [Rescan (parallel) , 0.6607942 secs]2426.949: [weak refs processing, 0.0015299 secs] [1 CMS-remark: 362408K(2752512K)] 536693K(3106432K), 0.6626685 secs] [Times: user=3.70 sys=1.64, real=0.66 secs] 
2426.952: [CMS-concurrent-sweep-start]
2427.782: [GC 2427.782: [ParNew: 335499K->27190K(353920K), 0.0580102 secs] 697905K->389596K(3106432K) icms_dc=3 , 0.0586285 secs] [Times: user=0.57 sys=0.03, real=0.06 secs] 
2429.990: [GC 2429.990: [ParNew: 341814K->20719K(353920K), 0.0679963 secs] 704207K->388615K(3106432K) icms_dc=3 , 0.0685931 secs] [Times: user=0.56 sys=0.02, real=0.07 secs] 
2434.382: [GC 2434.382: [ParNew: 335343K->21383K(353920K), 0.0523704 secs] 703216K->389256K(3106432K) icms_dc=3 , 0.0529690 secs] [Times: user=0.40 sys=0.04, real=0.05 secs] 
2437.398: [GC 2437.398: [ParNew: 335805K->22568K(353920K), 0.0510253 secs] 703662K->390424K(3106432K) icms_dc=3 , 0.0516497 secs] [Times: user=0.41 sys=0.03, real=0.05 secs] 
2440.200: [GC 2440.200: [ParNew: 337188K->24070K(353920K), 0.0572495 secs] 705024K->391906K(3106432K) icms_dc=3 , 0.0578193 secs] [Times: user=0.40 sys=0.03, real=0.06 secs] 
2443.953: [GC 2443.953: [ParNew: 338534K->26686K(353920K), 0.0563534 secs] 706339K->394492K(3106432K) icms_dc=3 , 0.0569439 secs] [Times: user=0.44 sys=0.03, real=0.06 secs] 
2447.385: [GC 2447.386: [ParNew: 341310K->26182K(353920K), 0.0584568 secs] 708963K->393835K(3106432K) icms_dc=3 , 0.0590837 secs] [Times: user=0.47 sys=0.04, real=0.06 secs] 
2451.450: [GC 2451.450: [ParNew: 340806K->24739K(353920K), 0.0572692 secs] 708399K->392333K(3106432K) icms_dc=3 , 0.0578792 secs] [Times: user=0.44 sys=0.04, real=0.06 secs] 
2455.776: [GC 2455.777: [ParNew: 339363K->26311K(353920K), 0.1360209 secs] 706142K->393090K(3106432K) icms_dc=3 , 0.1366359 secs] [Times: user=0.96 sys=0.25, real=0.14 secs] 
2457.932: [GC 2457.932: [ParNew: 340935K->27664K(353920K), 0.0608680 secs] 707630K->394359K(3106432K) icms_dc=3 , 0.0617462 secs] [Times: user=0.51 sys=0.03, real=0.06 secs] 
2461.438: [GC 2461.438: [ParNew: 342288K->27425K(353920K), 0.0544953 secs] 708881K->394018K(3106432K) icms_dc=3 , 0.0550878 secs] [Times: user=0.48 sys=0.03, real=0.06 secs] 
2465.195: [GC 2465.196: [ParNew: 342049K->27954K(353920K), 0.0592298 secs] 708260K->394164K(3106432K) icms_dc=3 , 0.0599178 secs] [Times: user=0.54 sys=0.03, real=0.06 secs] 
2467.120: [CMS-concurrent-sweep: 1.183/40.168 secs] [Times: user=176.86 sys=4.50, real=40.17 secs] 
2467.121: [CMS-concurrent-reset-start]
2467.149: [CMS-concurrent-reset: 0.028/0.028 secs] [Times: user=0.18 sys=0.00, real=0.03 secs] 
2468.274: [GC 2468.275: [ParNew: 342578K->33438K(353920K), 0.0626072 secs] 708745K->399605K(3106432K) icms_dc=0 , 0.0632074 secs] [Times: user=0.54 sys=0.03, real=0.06 secs] 
2470.956: [GC 2470.957: [ParNew: 348062K->20282K(353920K), 0.0726982 secs] 714229K->391433K(3106432K) icms_dc=0 , 0.0733188 secs] [Times: user=0.87 sys=0.02, real=0.07 secs] 
2473.217: [GC 2473.218: [ParNew: 334906K->23862K(353920K), 0.0773536 secs] 706057K->395014K(3106432K) icms_dc=0 , 0.0780174 secs] [Times: user=0.75 sys=0.05, real=0.08 secs] 
2474.726: [GC 2474.727: [ParNew: 338445K->28685K(353920K), 0.1257463 secs] 709597K->399836K(3106432K) icms_dc=0 , 0.1264598 secs] [Times: user=0.89 sys=0.21, real=0.13 secs] 
2477.882: [GC 2477.883: [ParNew: 343309K->28057K(353920K), 0.0847236 secs] 714460K->399208K(3106432K) icms_dc=0 , 0.0853274 secs] [Times: user=0.63 sys=0.09, real=0.09 secs] 
2479.731: [GC 2479.731: [ParNew: 342681K->30142K(353920K), 0.1394774 secs] 713832K->401293K(3106432K) icms_dc=0 , 0.1401216 secs] [Times: user=1.08 sys=0.25, real=0.14 secs] 
2482.403: [GC 2482.403: [ParNew: 344766K->22870K(353920K), 0.0638961 secs] 715917K->394021K(3106432K) icms_dc=0 , 0.0645025 secs] [Times: user=0.55 sys=0.03, real=0.06 secs] 
2485.270: [GC 2485.271: [ParNew: 337494K->31370K(353920K), 0.0655402 secs] 708645K->402521K(3106432K) icms_dc=0 , 0.0661586 secs] [Times: user=0.51 sys=0.03, real=0.07 secs] 
2487.239: [GC 2487.240: [ParNew: 345994K->22907K(353920K), 0.0646215 secs] 717145K->399386K(3106432K) icms_dc=0 , 0.0652123 secs] [Times: user=0.55 sys=0.02, real=0.07 secs] 
2490.969: [GC 2490.969: [ParNew: 337531K->20709K(353920K), 0.0740286 secs] 714010K->397189K(3106432K) icms_dc=0 , 0.0746501 secs] [Times: user=0.77 sys=0.11, real=0.07 secs] 
2494.315: [GC 2494.315: [ParNew: 335333K->19375K(353920K), 0.0554144 secs] 711813K->395854K(3106432K) icms_dc=0 , 0.0560221 secs] [Times: user=0.41 sys=0.03, real=0.06 secs] 
2497.903: [GC 2497.903: [ParNew: 333999K->21089K(353920K), 0.0503138 secs] 710478K->397568K(3106432K) icms_dc=0 , 0.0509110 secs] [Times: user=0.40 sys=0.03, real=0.05 secs] 
2503.031: [GC 2503.031: [ParNew: 335713K->21670K(353920K), 0.0511794 secs] 712192K->398149K(3106432K) icms_dc=0 , 0.0517596 secs] [Times: user=0.45 sys=0.05, real=0.05 secs] 
2505.409: [GC 2505.409: [ParNew: 335813K->24446K(353920K), 0.0473138 secs] 712293K->400926K(3106432K) icms_dc=0 , 0.0479913 secs] [Times: user=0.43 sys=0.03, real=0.05 secs] 
2508.633: [GC 2508.634: [ParNew: 339070K->26785K(353920K), 0.0570810 secs] 715550K->403265K(3106432K) icms_dc=0 , 0.0577100 secs] [Times: user=0.46 sys=0.03, real=0.06 secs] 
2511.368: [GC 2511.369: [ParNew: 341409K->21178K(353920K), 0.0557708 secs] 717889K->397657K(3106432K) icms_dc=0 , 0.0563785 secs] [Times: user=0.46 sys=0.03, real=0.06 secs] 
2513.175: [GC 2513.176: [ParNew: 335802K->26903K(353920K), 0.1388299 secs] 712281K->403382K(3106432K) icms_dc=0 , 0.1394230 secs] [Times: user=1.02 sys=0.24, real=0.14 secs] 
2516.333: [GC 2516.333: [ParNew: 341494K->25402K(353920K), 0.0537297 secs] 717973K->401882K(3106432K) icms_dc=0 , 0.0543169 secs] [Times: user=0.46 sys=0.03, real=0.05 secs] 
2518.924: [GC 2518.924: [ParNew: 340026K->26402K(353920K), 0.0765519 secs] 716506K->402881K(3106432K) icms_dc=0 , 0.0771452 secs] [Times: user=0.60 sys=0.09, real=0.08 secs] 
2522.737: [GC 2522.737: [ParNew: 341024K->29075K(353920K), 0.0670731 secs] 717504K->405554K(3106432K) icms_dc=0 , 0.0677131 secs] [Times: user=0.51 sys=0.03, real=0.07 secs] 
2524.679: [GC 2524.679: [ParNew: 343699K->29566K(353920K), 0.0660006 secs] 720178K->406045K(3106432K) icms_dc=0 , 0.0666065 secs] [Times: user=0.51 sys=0.03, real=0.07 secs] 
2526.742: [GC 2526.742: [ParNew: 344190K->20536K(353920K), 0.0872937 secs] 720669K->404276K(3106432K) icms_dc=3 , 0.0879013 secs] [Times: user=0.53 sys=0.04, real=0.09 secs] 
2528.187: [GC [1 CMS-initial-mark: 383740K(2752512K)] 556983K(3106432K), 0.7051078 secs] [Times: user=0.71 sys=0.00, real=0.71 secs] 
2528.893: [CMS-concurrent-mark-start]
2530.226: [GC 2530.226: [ParNew: 335160K->16399K(353920K), 0.0531285 secs] 718900K->400139K(3106432K) icms_dc=3 , 0.0537380 secs] [Times: user=0.38 sys=0.04, real=0.05 secs] 
2533.983: [GC 2533.984: [ParNew: 331023K->17824K(353920K), 0.0753340 secs] 714763K->401565K(3106432K) icms_dc=3 , 0.0759356 secs] [Times: user=0.54 sys=0.09, real=0.08 secs] 
2536.213: [GC 2536.213: [ParNew: 332448K->20245K(353920K), 0.0525796 secs] 716189K->403985K(3106432K) icms_dc=3 , 0.0532486 secs] [Times: user=0.43 sys=0.03, real=0.05 secs] 
2538.836: [GC 2538.837: [ParNew: 334869K->17389K(353920K), 0.0655318 secs] 718609K->401129K(3106432K) icms_dc=3 , 0.0661341 secs] [Times: user=0.50 sys=0.08, real=0.07 secs] 
2541.424: [GC 2541.425: [ParNew: 332013K->17631K(353920K), 0.0520187 secs] 715753K->401371K(3106432K) icms_dc=3 , 0.0526389 secs] [Times: user=0.37 sys=0.03, real=0.05 secs] 
2544.664: [GC 2544.664: [ParNew: 332255K->19595K(353920K), 0.0553601 secs] 715995K->403335K(3106432K) icms_dc=3 , 0.0559498 secs] [Times: user=0.44 sys=0.03, real=0.06 secs] 
2547.670: [GC 2547.671: [ParNew: 334219K->18257K(353920K), 0.0439677 secs] 717959K->401997K(3106432K) icms_dc=3 , 0.0445577 secs] [Times: user=0.39 sys=0.03, real=0.04 secs] 
2552.634: [GC 2552.634: [ParNew: 332881K->20271K(353920K), 0.0560506 secs] 716621K->404011K(3106432K) icms_dc=3 , 0.0708291 secs] [Times: user=0.43 sys=0.03, real=0.07 secs] 
2555.448: [GC 2555.449: [ParNew: 334895K->22062K(353920K), 0.0496127 secs] 718635K->405802K(3106432K) icms_dc=3 , 0.0501955 secs] [Times: user=0.41 sys=0.03, real=0.05 secs] 
2557.750: [GC 2557.750: [ParNew: 336686K->22603K(353920K), 0.0651015 secs] 720426K->406343K(3106432K) icms_dc=3 , 0.0657004 secs] [Times: user=0.68 sys=0.04, real=0.07 secs] 
2560.731: [GC 2560.732: [ParNew: 337227K->24711K(353920K), 0.0693074 secs] 720967K->408452K(3106432K) icms_dc=3 , 0.0699044 secs] [Times: user=0.55 sys=0.07, real=0.07 secs] 
2564.841: [GC 2564.841: [ParNew: 339335K->25542K(353920K), 0.0566844 secs] 723076K->409283K(3106432K) icms_dc=3 , 0.0572564 secs] [Times: user=0.43 sys=0.03, real=0.06 secs] 
2568.129: [GC 2568.130: [ParNew: 340166K->27330K(353920K), 0.0656021 secs] 723907K->411071K(3106432K) icms_dc=3 , 0.0662199 secs] [Times: user=0.49 sys=0.04, real=0.07 secs] 
2570.661: [GC 2570.661: [ParNew: 341954K->22870K(353920K), 0.0656165 secs] 725695K->406610K(3106432K) icms_dc=3 , 0.0662158 secs] [Times: user=0.49 sys=0.02, real=0.07 secs] 
2571.398: [CMS-concurrent-mark: 1.467/42.505 secs] [Times: user=199.85 sys=4.95, real=42.51 secs] 
2571.398: [CMS-concurrent-preclean-start]
2573.177: [GC 2573.177: [ParNew: 337494K->23989K(353920K), 0.0488600 secs] 721234K->407729K(3106432K) icms_dc=3 , 0.0494844 secs] [Times: user=0.45 sys=0.03, real=0.05 secs] 
2575.899: [GC 2575.899: [ParNew: 338587K->28464K(353920K), 0.1257595 secs] 722328K->412205K(3106432K) icms_dc=3 , 0.1263608 secs] [Times: user=0.85 sys=0.20, real=0.13 secs] 
2577.405: [GC 2577.406: [ParNew: 343088K->33362K(353920K), 0.1100136 secs] 726829K->417102K(3106432K) icms_dc=3 , 0.1106064 secs] [Times: user=0.95 sys=0.14, real=0.11 secs] 
2579.531: [GC 2579.532: [ParNew: 347986K->19524K(353920K), 0.0652624 secs] 731726K->410262K(3106432K) icms_dc=3 , 0.0658657 secs] [Times: user=0.56 sys=0.02, real=0.07 secs] 
2583.555: [GC 2583.555: [ParNew: 334148K->16062K(353920K), 0.0605145 secs] 724886K->406799K(3106432K) icms_dc=3 , 0.0610898 secs] [Times: user=0.44 sys=0.07, real=0.06 secs] 
2584.709: [CMS-concurrent-preclean: 0.323/13.311 secs] [Times: user=70.60 sys=2.11, real=13.31 secs] 
2584.709: [CMS-concurrent-abortable-preclean-start]
2585.445: [GC 2585.445: [ParNew: 330686K->17622K(353920K), 0.0759859 secs] 721423K->408359K(3106432K) icms_dc=3 , 0.0766100 secs] [Times: user=0.57 sys=0.09, real=0.08 secs] 
2587.342: [GC 2587.343: [ParNew: 332246K->18373K(353920K), 0.0525439 secs] 722983K->409110K(3106432K) icms_dc=3 , 0.0531640 secs] [Times: user=0.63 sys=0.03, real=0.05 secs] 
2588.376: [CMS-concurrent-abortable-preclean: 0.136/3.666 secs] [Times: user=34.53 sys=0.81, real=3.67 secs] 
2588.382: [GC[YG occupancy: 175768 K (353920 K)]2588.382: [Rescan (parallel) , 0.6560535 secs]2589.038: [weak refs processing, 0.0015841 secs] [1 CMS-remark: 390737K(2752512K)] 566505K(3106432K), 0.6579941 secs] [Times: user=4.35 sys=1.62, real=0.66 secs] 
2589.041: [CMS-concurrent-sweep-start]
2590.805: [GC 2590.805: [ParNew: 332997K->15127K(353920K), 0.0470750 secs] 723734K->405864K(3106432K) icms_dc=3 , 0.0477013 secs] [Times: user=0.35 sys=0.03, real=0.05 secs] 
2593.521: [GC 2593.522: [ParNew: 329751K->17217K(353920K), 0.0457568 secs] 720475K->407941K(3106432K) icms_dc=3 , 0.0463318 secs] [Times: user=0.37 sys=0.03, real=0.05 secs] 
2596.469: [GC 2596.469: [ParNew: 331841K->16990K(353920K), 0.0463958 secs] 722554K->407704K(3106432K) icms_dc=3 , 0.0470699 secs] [Times: user=0.37 sys=0.03, real=0.05 secs] 
2598.872: [GC 2598.872: [ParNew: 331614K->18884K(353920K), 0.0529482 secs] 722308K->409578K(3106432K) icms_dc=3 , 0.0535482 secs] [Times: user=0.41 sys=0.03, real=0.05 secs] 
2600.814: [GC 2600.814: [ParNew: 333422K->21013K(353920K), 0.0478685 secs] 724093K->411683K(3106432K) icms_dc=3 , 0.0484591 secs] [Times: user=0.39 sys=0.03, real=0.05 secs] 
2603.383: [GC 2603.384: [ParNew: 335637K->18438K(353920K), 0.0509228 secs] 726269K->409070K(3106432K) icms_dc=3 , 0.0515061 secs] [Times: user=0.41 sys=0.03, real=0.05 secs] 
2605.356: [GC 2605.356: [ParNew: 333062K->20544K(353920K), 0.0659258 secs] 723680K->411162K(3106432K) icms_dc=3 , 0.0665602 secs] [Times: user=0.51 sys=0.07, real=0.07 secs] 
2608.884: [GC 2608.884: [ParNew: 335168K->22498K(353920K), 0.1245379 secs] 725745K->413075K(3106432K) icms_dc=3 , 0.1251572 secs] [Times: user=0.82 sys=0.21, real=0.13 secs] 
2612.431: [GC 2612.432: [ParNew: 337126K->22576K(353920K), 0.1255259 secs] 727434K->412884K(3106432K) icms_dc=3 , 0.1260940 secs] [Times: user=0.92 sys=0.20, real=0.13 secs] 
2614.271: [GC 2614.272: [ParNew: 337200K->24816K(353920K), 0.0654109 secs] 727507K->415123K(3106432K) icms_dc=3 , 0.0659998 secs] [Times: user=0.56 sys=0.07, real=0.07 secs] 
2616.227: [GC 2616.228: [ParNew: 339440K->22833K(353920K), 0.0484533 secs] 729743K->413136K(3106432K) icms_dc=3 , 0.0490846 secs] [Times: user=0.44 sys=0.03, real=0.05 secs] 
2618.412: [GC 2618.413: [ParNew: 337457K->20341K(353920K), 0.0519382 secs] 727620K->410504K(3106432K) icms_dc=3 , 0.0525457 secs] [Times: user=0.45 sys=0.03, real=0.05 secs] 
2620.239: [GC 2620.239: [ParNew: 334965K->22520K(353920K), 0.0599756 secs] 724720K->412275K(3106432K) icms_dc=3 , 0.0606061 secs] [Times: user=0.48 sys=0.03, real=0.06 secs] 
2622.860: [GC 2622.860: [ParNew: 337107K->27550K(353920K), 0.0694979 secs] 726647K->417090K(3106432K) icms_dc=3 , 0.0701256 secs] [Times: user=0.59 sys=0.07, real=0.07 secs] 
2625.722: [GC 2625.722: [ParNew: 342174K->21072K(353920K), 0.0515921 secs] 731387K->410284K(3106432K) icms_dc=3 , 0.0521798 secs] [Times: user=0.46 sys=0.02, real=0.05 secs] 
2629.198: [GC 2629.198: [ParNew: 335696K->24321K(353920K), 0.0441341 secs] 724478K->413103K(3106432K) icms_dc=3 , 0.0447332 secs] [Times: user=0.45 sys=0.03, real=0.05 secs] 
2630.152: [CMS-concurrent-sweep: 1.190/41.112 secs] [Times: user=214.89 sys=5.84, real=41.11 secs] 
2630.153: [CMS-concurrent-reset-start]
2631.143: [GC 2631.143: [ParNew: 338829K->25897K(353920K), 0.0515575 secs] 727239K->414306K(3106432K) icms_dc=3 , 0.0521454 secs] [Times: user=0.48 sys=0.03, real=0.05 secs] 
2633.482: [CMS-concurrent-reset: 0.025/3.329 secs] [Times: user=12.09 sys=0.29, real=3.33 secs] 
2634.537: [GC 2634.537: [ParNew: 340456K->29105K(353920K), 0.1115818 secs] 728866K->417515K(3106432K) icms_dc=0 , 0.1121688 secs] [Times: user=0.87 sys=0.15, real=0.11 secs] 
2636.198: [GC 2636.198: [ParNew: 343729K->22918K(353920K), 0.0522948 secs] 732139K->411328K(3106432K) icms_dc=0 , 0.0529012 secs] [Times: user=0.47 sys=0.03, real=0.05 secs] 
2639.708: [GC 2639.708: [ParNew: 337542K->26463K(353920K), 0.0572818 secs] 725952K->414873K(3106432K) icms_dc=0 , 0.0578919 secs] [Times: user=0.49 sys=0.03, real=0.06 secs] 
2642.426: [GC 2642.427: [ParNew: 341079K->25213K(353920K), 0.0463793 secs] 729489K->413623K(3106432K) icms_dc=0 , 0.0469771 secs] [Times: user=0.46 sys=0.03, real=0.05 secs] 
2646.955: [GC 2646.955: [ParNew: 339837K->30320K(353920K), 0.0513823 secs] 728247K->418730K(3106432K) icms_dc=0 , 0.0519828 secs] [Times: user=0.51 sys=0.02, real=0.05 secs] 
2649.842: [GC 2649.842: [ParNew: 344944K->31764K(353920K), 0.0484098 secs] 733354K->420174K(3106432K) icms_dc=0 , 0.0490062 secs] [Times: user=0.50 sys=0.02, real=0.05 secs] 
2653.336: [GC 2653.336: [ParNew: 346388K->19102K(353920K), 0.0770679 secs] 734798K->416739K(3106432K) icms_dc=0 , 0.0776611 secs] [Times: user=0.57 sys=0.03, real=0.08 secs] 
2657.324: [GC 2657.324: [ParNew: 333726K->14737K(353920K), 0.0490906 secs] 731363K->412375K(3106432K) icms_dc=0 , 0.0497111 secs] [Times: user=0.39 sys=0.05, real=0.05 secs] 
2658.984: [GC 2658.984: [ParNew: 329361K->18165K(353920K), 0.0538017 secs] 726999K->415803K(3106432K) icms_dc=0 , 0.0543700 secs] [Times: user=0.37 sys=0.04, real=0.05 secs] 
2660.922: [GC 2660.922: [ParNew: 332727K->16215K(353920K), 0.0435562 secs] 730364K->413853K(3106432K) icms_dc=0 , 0.0441892 secs] [Times: user=0.36 sys=0.04, real=0.04 secs] 
2662.576: [GC 2662.577: [ParNew: 330742K->17925K(353920K), 0.0497741 secs] 728380K->415562K(3106432K) icms_dc=0 , 0.0504037 secs] [Times: user=0.37 sys=0.03, real=0.05 secs] 
2664.383: [GC 2664.383: [ParNew: 332549K->15960K(353920K), 0.0423263 secs] 730187K->413598K(3106432K) icms_dc=0 , 0.0429406 secs] [Times: user=0.36 sys=0.04, real=0.04 secs] 
2664.429: [GC 2664.429: [ParNew: 17926K->16280K(353920K), 0.0291370 secs] 415564K->413918K(3106432K) icms_dc=0 , 0.0296602 secs] [Times: user=0.30 sys=0.02, real=0.03 secs] 
2667.192: [GC 2667.193: [ParNew: 330904K->20434K(353920K), 0.0523367 secs] 728542K->418072K(3106432K) icms_dc=0 , 0.0529439 secs] [Times: user=0.40 sys=0.04, real=0.05 secs] 
2668.870: [GC 2668.871: [ParNew: 335058K->21755K(353920K), 0.0441856 secs] 732696K->419392K(3106432K) icms_dc=0 , 0.0447776 secs] [Times: user=0.39 sys=0.03, real=0.05 secs] 
2671.319: [GC 2671.319: [ParNew: 336379K->17576K(353920K), 0.0499059 secs] 734016K->415213K(3106432K) icms_dc=0 , 0.0504925 secs] [Times: user=0.39 sys=0.03, real=0.05 secs] 
2674.383: [GC 2674.383: [ParNew: 332200K->16213K(353920K), 0.0440090 secs] 729837K->413850K(3106432K) icms_dc=0 , 0.0445951 secs] [Times: user=0.38 sys=0.04, real=0.04 secs] 
2677.429: [GC 2677.430: [ParNew: 330837K->21776K(353920K), 0.0497001 secs] 728474K->419414K(3106432K) icms_dc=0 , 0.0503301 secs] [Times: user=0.47 sys=0.03, real=0.05 secs] 
2678.885: [GC 2678.886: [ParNew: 336400K->20039K(353920K), 0.0531387 secs] 734038K->417677K(3106432K) icms_dc=0 , 0.0537427 secs] [Times: user=0.46 sys=0.04, real=0.05 secs] 
2680.341: [GC 2680.341: [ParNew: 334663K->23998K(353920K), 0.0411480 secs] 732301K->421635K(3106432K) icms_dc=0 , 0.0417446 secs] [Times: user=0.42 sys=0.04, real=0.04 secs] 
2682.304: [GC 2682.304: [ParNew: 338627K->21061K(353920K), 0.0547148 secs] 736264K->418699K(3106432K) icms_dc=0 , 0.0553216 secs] [Times: user=0.42 sys=0.03, real=0.06 secs] 
2682.362: [GC 2682.362: [ParNew: 21371K->22169K(353920K), 0.0265460 secs] 419009K->419806K(3106432K) icms_dc=0 , 0.0270407 secs] [Times: user=0.36 sys=0.03, real=0.03 secs] 
2685.032: [GC 2685.032: [ParNew: 336793K->24004K(353920K), 0.0555905 secs] 734430K->421642K(3106432K) icms_dc=0 , 0.0561686 secs] [Times: user=0.44 sys=0.03, real=0.06 secs] 
2687.055: [GC 2687.056: [ParNew: 338628K->20581K(353920K), 0.0459575 secs] 736266K->418219K(3106432K) icms_dc=0 , 0.0467867 secs] [Times: user=0.45 sys=0.02, real=0.05 secs] 
2690.754: [GC 2690.754: [ParNew: 335205K->24192K(353920K), 0.0531559 secs] 732843K->421829K(3106432K) icms_dc=0 , 0.0537493 secs] [Times: user=0.43 sys=0.02, real=0.05 secs] 
2693.109: [GC 2693.109: [ParNew: 338816K->24083K(353920K), 0.0430736 secs] 736454K->421721K(3106432K) icms_dc=0 , 0.0436505 secs] [Times: user=0.44 sys=0.02, real=0.04 secs] 
2693.156: [GC 2693.156: [ParNew: 25267K->24531K(353920K), 0.0320707 secs] 422904K->422168K(3106432K) icms_dc=0 , 0.0325697 secs] [Times: user=0.41 sys=0.02, real=0.03 secs] 
2695.415: [GC 2695.416: [ParNew: 339155K->22193K(353920K), 0.0482298 secs] 736792K->419830K(3106432K) icms_dc=0 , 0.0488296 secs] [Times: user=0.43 sys=0.03, real=0.05 secs] 
2697.345: [GC 2697.346: [ParNew: 336582K->27539K(353920K), 0.0472735 secs] 734219K->425177K(3106432K) icms_dc=0 , 0.0478789 secs] [Times: user=0.46 sys=0.02, real=0.05 secs] 
2699.592: [GC 2699.609: [ParNew: 342163K->20206K(353920K), 0.0535126 secs] 739801K->417843K(3106432K) icms_dc=0 , 0.0541055 secs] [Times: user=0.47 sys=0.03, real=0.07 secs] 
2701.813: [GC 2701.814: [ParNew: 334830K->26085K(353920K), 0.0623124 secs] 732467K->423722K(3106432K) icms_dc=0 , 0.0628977 secs] [Times: user=0.58 sys=0.07, real=0.06 secs] 
2703.783: [GC 2703.783: [ParNew: 340709K->26273K(353920K), 0.0530147 secs] 738346K->423910K(3106432K) icms_dc=0 , 0.0536658 secs] [Times: user=0.47 sys=0.03, real=0.05 secs] 
2705.692: [GC 2705.692: [ParNew: 340897K->29816K(353920K), 0.0517868 secs] 738534K->427454K(3106432K) icms_dc=0 , 0.0523965 secs] [Times: user=0.48 sys=0.03, real=0.05 secs] 
2709.957: [GC 2709.957: [ParNew: 344440K->20311K(353920K), 0.0420047 secs] 742078K->417949K(3106432K) icms_dc=0 , 0.0425851 secs] [Times: user=0.44 sys=0.03, real=0.04 secs] 
2713.084: [GC 2713.084: [ParNew: 334803K->27216K(353920K), 0.0439778 secs] 732441K->424854K(3106432K) icms_dc=0 , 0.0445798 secs] [Times: user=0.48 sys=0.03, real=0.04 secs] 
2715.273: [GC 2715.273: [ParNew: 341840K->28081K(353920K), 0.0555196 secs] 739478K->425718K(3106432K) icms_dc=0 , 0.0560985 secs] [Times: user=0.53 sys=0.03, real=0.06 secs] 
2717.713: [GC 2717.714: [ParNew: 342705K->23742K(353920K), 0.0446103 secs] 740342K->421379K(3106432K) icms_dc=0 , 0.0452384 secs] [Times: user=0.48 sys=0.03, real=0.05 secs] 
2719.938: [GC 2719.938: [ParNew: 338366K->30247K(353920K), 0.1005950 secs] 736003K->427885K(3106432K) icms_dc=0 , 0.1011735 secs] [Times: user=0.80 sys=0.12, real=0.10 secs] 
2721.704: [GC 2721.705: [ParNew: 344871K->20261K(353920K), 0.0832257 secs] 742509K->426706K(3106432K) icms_dc=3 , 0.0838332 secs] [Times: user=0.62 sys=0.04, real=0.08 secs] 
2723.110: [GC [1 CMS-initial-mark: 406444K(2752512K)] 579453K(3106432K), 0.7051015 secs] [Times: user=0.77 sys=0.00, real=0.71 secs] 
2723.816: [CMS-concurrent-mark-start]
2724.752: [GC 2724.753: [ParNew: 334885K->17158K(353920K), 0.1046771 secs] 741330K->423603K(3106432K) icms_dc=3 , 0.1052738 secs] [Times: user=0.66 sys=0.17, real=0.11 secs] 
2726.769: [GC 2726.770: [ParNew: 331782K->14477K(353920K), 0.0409003 secs] 738227K->420922K(3106432K) icms_dc=3 , 0.0414852 secs] [Times: user=0.34 sys=0.03, real=0.04 secs] 
2729.119: [GC 2729.119: [ParNew: 329101K->18225K(353920K), 0.0498614 secs] 735546K->424670K(3106432K) icms_dc=3 , 0.0504612 secs] [Times: user=0.33 sys=0.03, real=0.05 secs] 
2731.619: [GC 2731.619: [ParNew: 332703K->17226K(353920K), 0.0439843 secs] 739148K->423671K(3106432K) icms_dc=3 , 0.0445964 secs] [Times: user=0.34 sys=0.03, real=0.04 secs] 
2734.040: [GC 2734.040: [ParNew: 331850K->17231K(353920K), 0.0439048 secs] 738295K->423676K(3106432K) icms_dc=3 , 0.0445271 secs] [Times: user=0.35 sys=0.03, real=0.04 secs] 
2736.368: [GC 2736.368: [ParNew: 331855K->19319K(353920K), 0.0502789 secs] 738300K->425763K(3106432K) icms_dc=3 , 0.0508462 secs] [Times: user=0.38 sys=0.03, real=0.05 secs] 
2738.805: [GC 2738.805: [ParNew: 333823K->19480K(353920K), 0.0561011 secs] 740268K->425924K(3106432K) icms_dc=3 , 0.0566763 secs] [Times: user=0.40 sys=0.03, real=0.06 secs] 
2741.423: [GC 2741.423: [ParNew: 334104K->17377K(353920K), 0.0422409 secs] 740548K->423822K(3106432K) icms_dc=3 , 0.0428315 secs] [Times: user=0.36 sys=0.03, real=0.04 secs] 
2744.052: [GC 2744.052: [ParNew: 332001K->20362K(353920K), 0.1083541 secs] 738446K->426807K(3106432K) icms_dc=3 , 0.1089444 secs] [Times: user=0.77 sys=0.16, real=0.11 secs] 
2746.381: [GC 2746.381: [ParNew: 334986K->21867K(353920K), 0.1042010 secs] 741431K->428312K(3106432K) icms_dc=3 , 0.1047888 secs] [Times: user=0.73 sys=0.11, real=0.11 secs] 
2747.936: [GC 2747.936: [ParNew: 336491K->21699K(353920K), 0.0416564 secs] 742936K->428144K(3106432K) icms_dc=3 , 0.0422659 secs] [Times: user=0.40 sys=0.03, real=0.04 secs] 
2749.772: [GC 2749.772: [ParNew: 336323K->21487K(353920K), 0.0582919 secs] 742768K->427932K(3106432K) icms_dc=3 , 0.0588881 secs] [Times: user=0.42 sys=0.03, real=0.06 secs] 
2752.081: [GC 2752.081: [ParNew: 336111K->23754K(353920K), 0.0520784 secs] 742556K->430198K(3106432K) icms_dc=3 , 0.0527012 secs] [Times: user=0.43 sys=0.03, real=0.05 secs] 
2754.186: [GC 2754.186: [ParNew: 338378K->18272K(353920K), 0.0527705 secs] 744822K->424717K(3106432K) icms_dc=3 , 0.0533779 secs] [Times: user=0.42 sys=0.03, real=0.05 secs] 
2756.260: [GC 2756.261: [ParNew: 332208K->24412K(353920K), 0.0586943 secs] 738653K->430857K(3106432K) icms_dc=3 , 0.0593148 secs] [Times: user=0.50 sys=0.05, real=0.06 secs] 
2758.212: [GC 2758.212: [ParNew: 339009K->26923K(353920K), 0.0504032 secs] 745454K->433368K(3106432K) icms_dc=3 , 0.0509973 secs] [Times: user=0.44 sys=0.03, real=0.05 secs] 
2761.512: [GC 2761.513: [ParNew: 341547K->18879K(353920K), 0.0512746 secs] 747992K->425324K(3106432K) icms_dc=3 , 0.0518595 secs] [Times: user=0.41 sys=0.03, real=0.05 secs] 
2763.431: [GC 2763.431: [ParNew: 333503K->25521K(353920K), 0.1030964 secs] 739948K->431966K(3106432K) icms_dc=3 , 0.1036888 secs] [Times: user=0.75 sys=0.15, real=0.10 secs] 
2765.812: [GC 2765.813: [ParNew: 340145K->25541K(353920K), 0.0582015 secs] 746590K->431986K(3106432K) icms_dc=3 , 0.0588917 secs] [Times: user=0.51 sys=0.04, real=0.06 secs] 
2767.493: [GC 2767.493: [ParNew: 340165K->23137K(353920K), 0.0483794 secs] 746610K->429582K(3106432K) icms_dc=3 , 0.0489970 secs] [Times: user=0.52 sys=0.03, real=0.05 secs] 
2769.034: [CMS-concurrent-mark: 1.570/45.218 secs] [Times: user=280.10 sys=7.35, real=45.22 secs] 
2769.034: [CMS-concurrent-preclean-start]
2770.384: [GC 2770.385: [ParNew: 337761K->22319K(353920K), 0.0485193 secs] 744206K->428764K(3106432K) icms_dc=3 , 0.0491577 secs] [Times: user=0.46 sys=0.03, real=0.05 secs] 
2772.675: [GC 2772.675: [ParNew: 336943K->23053K(353920K), 0.0518093 secs] 743388K->429498K(3106432K) icms_dc=3 , 0.0861137 secs] [Times: user=0.48 sys=0.03, real=0.09 secs] 
2775.149: [GC 2775.150: [ParNew: 337677K->26727K(353920K), 0.0557782 secs] 744122K->433172K(3106432K) icms_dc=3 , 0.0563741 secs] [Times: user=0.55 sys=0.03, real=0.06 secs] 
2776.876: [GC 2776.877: [ParNew: 341269K->28618K(353920K), 0.0764081 secs] 747714K->435062K(3106432K) icms_dc=3 , 0.0770430 secs] [Times: user=0.66 sys=0.11, real=0.08 secs] 
2778.977: [GC 2778.977: [ParNew: 343242K->21492K(353920K), 0.0450415 secs] 749686K->427937K(3106432K) icms_dc=3 , 0.0456278 secs] [Times: user=0.51 sys=0.03, real=0.05 secs] 
2781.239: [GC 2781.239: [ParNew: 336116K->25889K(353920K), 0.0576012 secs] 742561K->432334K(3106432K) icms_dc=3 , 0.0581978 secs] [Times: user=0.60 sys=0.03, real=0.06 secs] 
2782.135: [CMS-concurrent-preclean: 0.337/13.101 secs] [Times: user=83.14 sys=2.06, real=13.10 secs] 
2782.136: [CMS-concurrent-abortable-preclean-start]
2782.256: [CMS-concurrent-abortable-preclean: 0.012/0.121 secs] [Times: user=1.09 sys=0.02, real=0.12 secs] 
2782.261: [GC[YG occupancy: 201581 K (353920 K)]2782.261: [Rescan (parallel) , 0.7382302 secs]2783.000: [weak refs processing, 0.0016027 secs] [1 CMS-remark: 406444K(2752512K)] 608026K(3106432K), 0.7401843 secs] [Times: user=4.17 sys=1.81, real=0.74 secs] 
2783.002: [CMS-concurrent-sweep-start]
2784.350: [GC 2784.350: [ParNew: 340513K->26444K(353920K), 0.0510128 secs] 746958K->432888K(3106432K) icms_dc=3 , 0.0515990 secs] [Times: user=0.48 sys=0.03, real=0.05 secs] 
2786.167: [GC 2786.167: [ParNew: 340590K->28268K(353920K), 0.0491124 secs] 747021K->434700K(3106432K) icms_dc=3 , 0.0497129 secs] [Times: user=0.46 sys=0.03, real=0.05 secs] 
2788.822: [GC 2788.823: [ParNew: 342813K->18340K(353920K), 0.1275109 secs] 749238K->433035K(3106432K) icms_dc=3 , 0.1281196 secs] [Times: user=0.85 sys=0.12, real=0.13 secs] 
2790.933: [GC 2790.934: [ParNew: 332964K->15719K(353920K), 0.0468402 secs] 747645K->430400K(3106432K) icms_dc=3 , 0.0474375 secs] [Times: user=0.35 sys=0.04, real=0.05 secs] 
2793.486: [GC 2793.486: [ParNew: 330343K->17143K(353920K), 0.0493569 secs] 745002K->431803K(3106432K) icms_dc=3 , 0.0500211 secs] [Times: user=0.34 sys=0.03, real=0.05 secs] 
2795.404: [GC 2795.404: [ParNew: 331767K->13691K(353920K), 0.0400102 secs] 746425K->428348K(3106432K) icms_dc=3 , 0.0406055 secs] [Times: user=0.35 sys=0.04, real=0.04 secs] 
2798.119: [GC 2798.119: [ParNew: 328315K->17211K(353920K), 0.0606060 secs] 742952K->431849K(3106432K) icms_dc=3 , 0.0611868 secs] [Times: user=0.45 sys=0.07, real=0.06 secs] 
2800.167: [GC 2800.167: [ParNew: 331835K->19186K(353920K), 0.0702636 secs] 746458K->433810K(3106432K) icms_dc=3 , 0.0708774 secs] [Times: user=0.50 sys=0.08, real=0.07 secs] 
2802.780: [GC 2802.780: [ParNew: 333810K->17019K(353920K), 0.0453053 secs] 748411K->431620K(3106432K) icms_dc=3 , 0.0458832 secs] [Times: user=0.34 sys=0.03, real=0.05 secs] 
2805.115: [GC 2805.115: [ParNew: 331643K->19398K(353920K), 0.0893805 secs] 746212K->433967K(3106432K) icms_dc=3 , 0.0899678 secs] [Times: user=0.64 sys=0.14, real=0.09 secs] 
2806.962: [GC 2806.963: [ParNew: 334022K->22668K(353920K), 0.0501006 secs] 748301K->436947K(3106432K) icms_dc=3 , 0.0506982 secs] [Times: user=0.39 sys=0.04, real=0.05 secs] 
2808.925: [GC 2808.926: [ParNew: 337292K->21745K(353920K), 0.0481886 secs] 751544K->435997K(3106432K) icms_dc=3 , 0.0487971 secs] [Times: user=0.42 sys=0.02, real=0.05 secs] 
2810.652: [GC 2810.652: [ParNew: 336369K->20833K(353920K), 0.0654221 secs] 750578K->435043K(3106432K) icms_dc=3 , 0.0660154 secs] [Times: user=0.52 sys=0.07, real=0.07 secs] 
2812.801: [GC 2812.801: [ParNew: 335457K->20721K(353920K), 0.0431208 secs] 748992K->434256K(3106432K) icms_dc=3 , 0.0436967 secs] [Times: user=0.38 sys=0.03, real=0.04 secs] 
2815.664: [GC 2815.664: [ParNew: 335345K->20952K(353920K), 0.1120862 secs] 748080K->433687K(3106432K) icms_dc=3 , 0.1126843 secs] [Times: user=0.84 sys=0.17, real=0.11 secs] 
2818.064: [GC 2818.064: [ParNew: 335576K->22923K(353920K), 0.0502590 secs] 746620K->433967K(3106432K) icms_dc=3 , 0.0508451 secs] [Times: user=0.40 sys=0.03, real=0.05 secs] 
2819.063: [CMS-concurrent-sweep: 1.273/36.061 secs] [Times: user=214.76 sys=5.91, real=36.06 secs] 
2819.065: [CMS-concurrent-reset-start]
2819.879: [GC 2819.879: [ParNew: 337547K->17785K(353920K), 0.0478703 secs] 748303K->428541K(3106432K) icms_dc=3 , 0.0484501 secs] [Times: user=0.42 sys=0.04, real=0.05 secs] 
2820.619: [CMS-concurrent-reset: 0.025/1.554 secs] [Times: user=13.69 sys=0.34, real=1.55 secs] 
2822.078: [GC 2822.078: [ParNew: 332409K->22118K(353920K), 0.0451103 secs] 743165K->432873K(3106432K) icms_dc=0 , 0.0456805 secs] [Times: user=0.41 sys=0.03, real=0.05 secs] 
2825.411: [GC 2825.412: [ParNew: 336742K->23358K(353920K), 0.0547598 secs] 747497K->434114K(3106432K) icms_dc=0 , 0.0553599 secs] [Times: user=0.43 sys=0.04, real=0.06 secs] 
2827.423: [GC 2827.423: [ParNew: 337982K->19156K(353920K), 0.0502941 secs] 748738K->429911K(3106432K) icms_dc=0 , 0.0508919 secs] [Times: user=0.43 sys=0.03, real=0.05 secs] 
2829.184: [GC 2829.184: [ParNew: 333707K->22802K(353920K), 0.0520280 secs] 744463K->433558K(3106432K) icms_dc=0 , 0.0526415 secs] [Times: user=0.43 sys=0.03, real=0.05 secs] 
2830.796: [GC 2830.796: [ParNew: 337426K->26641K(353920K), 0.1183001 secs] 748182K->437396K(3106432K) icms_dc=0 , 0.1189072 secs] [Times: user=1.05 sys=0.23, real=0.12 secs] 
2832.872: [GC 2832.872: [ParNew: 341265K->24047K(353920K), 0.0577368 secs] 752020K->434803K(3106432K) icms_dc=0 , 0.0583280 secs] [Times: user=0.46 sys=0.03, real=0.06 secs] 
2835.128: [GC 2835.129: [ParNew: 338661K->23705K(353920K), 0.0441058 secs] 749416K->434460K(3106432K) icms_dc=0 , 0.0446973 secs] [Times: user=0.50 sys=0.03, real=0.05 secs] 
2838.005: [GC 2838.006: [ParNew: 338329K->24616K(353920K), 0.0480873 secs] 749084K->435371K(3106432K) icms_dc=0 , 0.0486715 secs] [Times: user=0.44 sys=0.03, real=0.05 secs] 
2841.080: [GC 2841.081: [ParNew: 339240K->24642K(353920K), 0.0546700 secs] 749995K->435397K(3106432K) icms_dc=0 , 0.0552678 secs] [Times: user=0.48 sys=0.03, real=0.06 secs] 
2842.517: [GC 2842.518: [ParNew: 339266K->32811K(353920K), 0.0520868 secs] 750021K->443566K(3106432K) icms_dc=0 , 0.0527099 secs] [Times: user=0.58 sys=0.02, real=0.05 secs] 
2844.021: [GC 2844.022: [ParNew: 347435K->15868K(353920K), 0.0658012 secs] 758190K->433695K(3106432K) icms_dc=0 , 0.0664248 secs] [Times: user=0.56 sys=0.02, real=0.07 secs] 
2846.837: [GC 2846.837: [ParNew: 330342K->16792K(353920K), 0.0520864 secs] 748169K->434619K(3106432K) icms_dc=0 , 0.0527182 secs] [Times: user=0.39 sys=0.03, real=0.05 secs] 
2849.431: [GC 2849.432: [ParNew: 331416K->15792K(353920K), 0.0471310 secs] 749243K->433619K(3106432K) icms_dc=0 , 0.0477146 secs] [Times: user=0.38 sys=0.05, real=0.05 secs] 
2851.899: [GC 2851.900: [ParNew: 330416K->14178K(353920K), 0.0400208 secs] 748243K->432006K(3106432K) icms_dc=0 , 0.0406343 secs] [Times: user=0.32 sys=0.03, real=0.04 secs] 
2854.357: [GC 2854.357: [ParNew: 328802K->18237K(353920K), 0.0669844 secs] 746630K->436064K(3106432K) icms_dc=0 , 0.0675815 secs] [Times: user=0.50 sys=0.09, real=0.07 secs] 
2855.811: [GC 2855.811: [ParNew: 332861K->21728K(353920K), 0.0581074 secs] 750688K->439555K(3106432K) icms_dc=0 , 0.0587585 secs] [Times: user=0.43 sys=0.03, real=0.06 secs] 
2857.170: [GC 2857.171: [ParNew: 336352K->22937K(353920K), 0.0521677 secs] 754179K->440765K(3106432K) icms_dc=0 , 0.0528142 secs] [Times: user=0.45 sys=0.05, real=0.05 secs] 
2858.818: [GC 2858.819: [ParNew: 337561K->24086K(353920K), 0.0680792 secs] 755389K->441913K(3106432K) icms_dc=0 , 0.0687254 secs] [Times: user=0.53 sys=0.08, real=0.07 secs] 
2863.424: [GC 2863.425: [ParNew: 338710K->23841K(353920K), 0.1140894 secs] 756537K->441668K(3106432K) icms_dc=0 , 0.1147297 secs] [Times: user=0.73 sys=0.13, real=0.12 secs] 
2864.289: [GC 2864.289: [ParNew: 338465K->33319K(353920K), 0.1061865 secs] 756292K->451146K(3106432K) icms_dc=0 , 0.1068130 secs] [Times: user=0.81 sys=0.13, real=0.11 secs] 
2865.425: [GC 2865.426: [ParNew: 347943K->25800K(353920K), 0.0778193 secs] 765770K->450232K(3106432K) icms_dc=0 , 0.0784523 secs] [Times: user=0.76 sys=0.04, real=0.08 secs] 
2867.352: [GC 2867.352: [ParNew: 340421K->32178K(353920K), 0.0699865 secs] 764853K->456610K(3106432K) icms_dc=0 , 0.0705963 secs] [Times: user=0.54 sys=0.05, real=0.07 secs] 
2869.147: [GC 2869.148: [ParNew: 346768K->21644K(353920K), 0.0513036 secs] 771200K->446076K(3106432K) icms_dc=0 , 0.0519551 secs] [Times: user=0.44 sys=0.03, real=0.05 secs] 
2871.660: [GC 2871.660: [ParNew: 336270K->30264K(353920K), 0.0866699 secs] 760702K->454696K(3106432K) icms_dc=0 , 0.0872525 secs] [Times: user=0.59 sys=0.07, real=0.09 secs] 
2873.574: [GC 2873.574: [ParNew: 344866K->24699K(353920K), 0.0768855 secs] 769298K->452738K(3106432K) icms_dc=0 , 0.0774973 secs] [Times: user=0.47 sys=0.04, real=0.08 secs] 
2875.823: [GC 2875.823: [ParNew: 339323K->27434K(353920K), 0.0643150 secs] 767362K->455473K(3106432K) icms_dc=0 , 0.0649132 secs] [Times: user=0.44 sys=0.03, real=0.07 secs] 
2877.376: [GC 2877.376: [ParNew: 342058K->25923K(353920K), 0.1309754 secs] 770097K->453962K(3106432K) icms_dc=0 , 0.1315821 secs] [Times: user=0.91 sys=0.25, real=0.13 secs] 
2880.068: [GC 2880.068: [ParNew: 340547K->31033K(353920K), 0.0637044 secs] 768586K->459072K(3106432K) icms_dc=0 , 0.0643109 secs] [Times: user=0.48 sys=0.03, real=0.06 secs] 
2881.808: [GC 2881.809: [ParNew: 345657K->24475K(353920K), 0.0749120 secs] 773696K->456910K(3106432K) icms_dc=0 , 0.0757334 secs] [Times: user=0.51 sys=0.03, real=0.08 secs] 
2883.495: [GC 2883.496: [ParNew: 339099K->21677K(353920K), 0.0497476 secs] 771534K->454111K(3106432K) icms_dc=0 , 0.0503688 secs] [Times: user=0.42 sys=0.02, real=0.05 secs] 
2885.566: [GC 2885.566: [ParNew: 336301K->22397K(353920K), 0.0541489 secs] 768735K->454832K(3106432K) icms_dc=0 , 0.0547550 secs] [Times: user=0.41 sys=0.03, real=0.06 secs] 
2887.472: [GC 2887.472: [ParNew: 336901K->24486K(353920K), 0.0521323 secs] 769336K->456921K(3106432K) icms_dc=0 , 0.0527040 secs] [Times: user=0.41 sys=0.03, real=0.05 secs] 
2889.936: [GC 2889.936: [ParNew: 339110K->23385K(353920K), 0.0728633 secs] 771545K->455820K(3106432K) icms_dc=0 , 0.0735299 secs] [Times: user=0.57 sys=0.08, real=0.07 secs] 
2891.940: [GC 2891.940: [ParNew: 338009K->27329K(353920K), 0.0526202 secs] 770444K->459764K(3106432K) icms_dc=0 , 0.0532171 secs] [Times: user=0.46 sys=0.04, real=0.05 secs] 
2894.787: [GC 2894.788: [ParNew: 341953K->20972K(353920K), 0.0475139 secs] 774388K->453407K(3106432K) icms_dc=0 , 0.0481979 secs] [Times: user=0.45 sys=0.03, real=0.05 secs] 
2897.269: [GC 2897.270: [ParNew: 335596K->27777K(353920K), 0.0595339 secs] 768031K->460212K(3106432K) icms_dc=0 , 0.0601144 secs] [Times: user=0.47 sys=0.03, real=0.06 secs] 
2899.539: [GC 2899.539: [ParNew: 342401K->25647K(353920K), 0.0543935 secs] 774836K->458081K(3106432K) icms_dc=0 , 0.0549989 secs] [Times: user=0.45 sys=0.03, real=0.06 secs] 
2901.170: [GC 2901.171: [ParNew: 340271K->29902K(353920K), 0.0632875 secs] 772705K->462336K(3106432K) icms_dc=0 , 0.0639138 secs] [Times: user=0.51 sys=0.03, real=0.06 secs] 
2903.304: [GC 2903.305: [ParNew: 344469K->32140K(353920K), 0.0640075 secs] 776903K->464575K(3106432K) icms_dc=0 , 0.0646091 secs] [Times: user=0.56 sys=0.06, real=0.06 secs] 
2905.350: [GC 2905.350: [ParNew: 346701K->23553K(353920K), 0.1025130 secs] 779135K->455987K(3106432K) icms_dc=0 , 0.1031192 secs] [Times: user=0.93 sys=0.16, real=0.10 secs] 
2906.881: [GC 2906.881: [ParNew: 338175K->32730K(353920K), 0.0579550 secs] 770609K->465164K(3106432K) icms_dc=0 , 0.0585891 secs] [Times: user=0.48 sys=0.03, real=0.06 secs] 
2908.484: [GC 2908.484: [ParNew: 347354K->18990K(353920K), 0.1006008 secs] 779788K->458917K(3106432K) icms_dc=3 , 0.1012093 secs] [Times: user=0.66 sys=0.07, real=0.10 secs] 
2909.798: [GC [1 CMS-initial-mark: 439927K(2752512K)] 611595K(3106432K), 0.6707372 secs] [Times: user=0.67 sys=0.00, real=0.67 secs] 
2910.470: [CMS-concurrent-mark-start]
2911.634: [GC 2911.634: [ParNew: 333614K->20406K(353920K), 0.0458287 secs] 773541K->460333K(3106432K) icms_dc=3 , 0.0464470 secs] [Times: user=0.41 sys=0.03, real=0.05 secs] 
2913.659: [GC 2913.659: [ParNew: 335030K->21340K(353920K), 0.0737657 secs] 774957K->461267K(3106432K) icms_dc=3 , 0.0743603 secs] [Times: user=0.54 sys=0.11, real=0.07 secs] 
2915.724: [GC 2915.724: [ParNew: 335964K->18462K(353920K), 0.0646864 secs] 775891K->458389K(3106432K) icms_dc=3 , 0.0653135 secs] [Times: user=0.49 sys=0.06, real=0.07 secs] 
2918.653: [GC 2918.653: [ParNew: 333086K->20214K(353920K), 0.0464700 secs] 773013K->460142K(3106432K) icms_dc=3 , 0.0470640 secs] [Times: user=0.39 sys=0.03, real=0.05 secs] 
2920.666: [GC 2920.667: [ParNew: 334838K->21769K(353920K), 0.0664580 secs] 774766K->461696K(3106432K) icms_dc=3 , 0.0670631 secs] [Times: user=0.55 sys=0.08, real=0.07 secs] 
2922.676: [GC 2922.676: [ParNew: 336557K->20783K(353920K), 0.0533293 secs] 776485K->460710K(3106432K) icms_dc=3 , 0.0540000 secs] [Times: user=0.44 sys=0.03, real=0.05 secs] 
2925.304: [GC 2925.304: [ParNew: 335407K->20576K(353920K), 0.0503665 secs] 775334K->460503K(3106432K) icms_dc=3 , 0.0509695 secs] [Times: user=0.41 sys=0.03, real=0.05 secs] 
2927.716: [GC 2927.717: [ParNew: 335200K->24457K(353920K), 0.0531025 secs] 775127K->464384K(3106432K) icms_dc=3 , 0.0537018 secs] [Times: user=0.46 sys=0.03, real=0.05 secs] 
2929.267: [GC 2929.268: [ParNew: 338734K->28193K(353920K), 0.0535422 secs] 778661K->468121K(3106432K) icms_dc=3 , 0.0541398 secs] [Times: user=0.46 sys=0.03, real=0.05 secs] 
2930.385: [GC 2930.385: [ParNew: 342817K->29677K(353920K), 0.0576683 secs] 782745K->469604K(3106432K) icms_dc=3 , 0.0582821 secs] [Times: user=0.58 sys=0.04, real=0.06 secs] 
2931.859: [GC 2931.860: [ParNew: 344301K->17987K(353920K), 0.0549763 secs] 784228K->462149K(3106432K) icms_dc=3 , 0.0556131 secs] [Times: user=0.50 sys=0.02, real=0.06 secs] 
2934.324: [GC 2934.324: [ParNew: 332611K->19254K(353920K), 0.0521712 secs] 776773K->463416K(3106432K) icms_dc=3 , 0.0527937 secs] [Times: user=0.38 sys=0.04, real=0.05 secs] 
2936.131: [GC 2936.132: [ParNew: 333878K->22309K(353920K), 0.1236926 secs] 778040K->466472K(3106432K) icms_dc=3 , 0.1242925 secs] [Times: user=0.83 sys=0.23, real=0.12 secs] 
2937.828: [GC 2937.828: [ParNew: 336933K->18830K(353920K), 0.0693687 secs] 781096K->462992K(3106432K) icms_dc=3 , 0.0699736 secs] [Times: user=0.49 sys=0.06, real=0.07 secs] 
2939.469: [GC 2939.470: [ParNew: 333087K->22366K(353920K), 0.0488581 secs] 777249K->466528K(3106432K) icms_dc=3 , 0.0494901 secs] [Times: user=0.44 sys=0.04, real=0.05 secs] 
2942.297: [GC 2942.297: [ParNew: 336990K->19714K(353920K), 0.0488548 secs] 781152K->463876K(3106432K) icms_dc=3 , 0.0495093 secs] [Times: user=0.38 sys=0.02, real=0.05 secs] 
2944.708: [GC 2944.709: [ParNew: 334338K->23360K(353920K), 0.0520360 secs] 778500K->467522K(3106432K) icms_dc=3 , 0.0526824 secs] [Times: user=0.46 sys=0.04, real=0.05 secs] 
2946.550: [GC 2946.551: [ParNew: 337984K->25117K(353920K), 0.0636033 secs] 782146K->469279K(3106432K) icms_dc=3 , 0.0641952 secs] [Times: user=0.50 sys=0.05, real=0.06 secs] 
2948.069: [GC 2948.069: [ParNew: 339741K->22642K(353920K), 0.0521795 secs] 783903K->466804K(3106432K) icms_dc=3 , 0.0527738 secs] [Times: user=0.50 sys=0.05, real=0.05 secs] 
2950.386: [GC 2950.387: [ParNew: 336640K->23860K(353920K), 0.0467748 secs] 780802K->468023K(3106432K) icms_dc=3 , 0.0478341 secs] [Times: user=0.43 sys=0.02, real=0.05 secs] 
2951.901: [GC 2951.902: [ParNew: 338484K->22096K(353920K), 0.0451455 secs] 782647K->466259K(3106432K) icms_dc=3 , 0.0457337 secs] [Times: user=0.42 sys=0.04, real=0.05 secs] 
2953.849: [GC 2953.850: [ParNew: 336714K->26755K(353920K), 0.1218957 secs] 780876K->470917K(3106432K) icms_dc=3 , 0.1225766 secs] [Times: user=0.92 sys=0.21, real=0.12 secs] 
2957.005: [GC 2957.005: [ParNew: 341379K->18553K(353920K), 0.0387225 secs] 785541K->462715K(3106432K) icms_dc=3 , 0.0392923 secs] [Times: user=0.42 sys=0.03, real=0.04 secs] 
2958.634: [GC 2958.634: [ParNew: 333177K->26986K(353920K), 0.0560718 secs] 777339K->471148K(3106432K) icms_dc=3 , 0.0566725 secs] [Times: user=0.45 sys=0.03, real=0.06 secs] 
2960.404: [GC 2960.405: [ParNew: 341610K->26564K(353920K), 0.0436269 secs] 785772K->470727K(3106432K) icms_dc=3 , 0.0442009 secs] [Times: user=0.45 sys=0.01, real=0.04 secs] 
2961.780: [GC 2961.780: [ParNew: 341188K->29895K(353920K), 0.0589253 secs] 785351K->474057K(3106432K) icms_dc=3 , 0.0595432 secs] [Times: user=0.48 sys=0.03, real=0.06 secs] 
2963.229: [GC 2963.230: [ParNew: 344519K->19973K(353920K), 0.1276760 secs] 788681K->470554K(3106432K) icms_dc=3 , 0.1283229 secs] [Times: user=0.93 sys=0.19, real=0.13 secs] 
2965.233: [GC 2965.234: [ParNew: 334597K->16693K(353920K), 0.0441878 secs] 785178K->467273K(3106432K) icms_dc=3 , 0.0447836 secs] [Times: user=0.38 sys=0.04, real=0.05 secs] 
2967.904: [GC 2967.905: [ParNew: 331317K->19635K(353920K), 0.0612631 secs] 781897K->470216K(3106432K) icms_dc=3 , 0.0618930 secs] [Times: user=0.49 sys=0.08, real=0.06 secs] 
2968.848: [CMS-concurrent-mark: 1.773/58.378 secs] [Times: user=418.35 sys=11.08, real=58.38 secs] 
2968.849: [CMS-concurrent-preclean-start]
2969.902: [GC 2969.902: [ParNew: 334259K->18354K(353920K), 0.0503193 secs] 784840K->468935K(3106432K) icms_dc=3 , 0.0508918 secs] [Times: user=0.44 sys=0.05, real=0.05 secs] 
2972.757: [GC 2972.757: [ParNew: 332978K->22311K(353920K), 0.0526360 secs] 783559K->472892K(3106432K) icms_dc=3 , 0.0532495 secs] [Times: user=0.45 sys=0.04, real=0.05 secs] 
2974.338: [GC 2974.338: [ParNew: 336935K->18083K(353920K), 0.2185716 secs] 787516K->468664K(3106432K) icms_dc=3 , 0.2194222 secs] [Times: user=1.34 sys=0.46, real=0.22 secs] 
2976.054: [GC 2976.054: [ParNew: 332707K->22368K(353920K), 0.0586660 secs] 783288K->472948K(3106432K) icms_dc=3 , 0.0592591 secs] [Times: user=0.48 sys=0.04, real=0.06 secs] 
2978.318: [GC 2978.318: [ParNew: 336992K->24205K(353920K), 0.0988127 secs] 787572K->474786K(3106432K) icms_dc=3 , 0.0993966 secs] [Times: user=0.70 sys=0.14, real=0.10 secs] 
2981.523: [GC 2981.523: [ParNew: 338829K->17483K(353920K), 0.0479464 secs] 789410K->468064K(3106432K) icms_dc=3 , 0.0485473 secs] [Times: user=0.40 sys=0.03, real=0.05 secs] 
2982.946: [GC 2982.947: [ParNew: 332107K->25787K(353920K), 0.0521127 secs] 782688K->476367K(3106432K) icms_dc=3 , 0.0527229 secs] [Times: user=0.45 sys=0.03, real=0.05 secs] 
2984.335: [GC 2984.336: [ParNew: 340411K->25392K(353920K), 0.0455741 secs] 790991K->475972K(3106432K) icms_dc=3 , 0.0461779 secs] [Times: user=0.43 sys=0.03, real=0.05 secs] 
2986.095: [GC 2986.095: [ParNew: 340016K->27255K(353920K), 0.0487370 secs] 790596K->477836K(3106432K) icms_dc=3 , 0.0494243 secs] [Times: user=0.47 sys=0.03, real=0.05 secs] 
2987.675: [GC 2987.675: [ParNew: 341879K->22663K(353920K), 0.0449764 secs] 792460K->473243K(3106432K) icms_dc=3 , 0.0455766 secs] [Times: user=0.44 sys=0.03, real=0.05 secs] 
2988.433: [CMS-concurrent-preclean: 0.466/19.585 secs] [Times: user=137.42 sys=4.08, real=19.58 secs] 
2988.434: [CMS-concurrent-abortable-preclean-start]
2989.414: [GC 2989.415: [ParNew: 337287K->25751K(353920K), 0.0424513 secs] 787867K->476332K(3106432K) icms_dc=3 , 0.0431865 secs] [Times: user=0.43 sys=0.03, real=0.04 secs] 
2991.202: [GC 2991.202: [ParNew: 340375K->23859K(353920K), 0.0477150 secs] 790956K->474440K(3106432K) icms_dc=3 , 0.0483047 secs] [Times: user=0.45 sys=0.03, real=0.05 secs] 
2992.972: [GC 2992.972: [ParNew: 338483K->28741K(353920K), 0.0530713 secs] 789064K->479322K(3106432K) icms_dc=3 , 0.0536712 secs] [Times: user=0.53 sys=0.04, real=0.05 secs] 
2994.831: [GC 2994.831: [ParNew: 343365K->22353K(353920K), 0.0598349 secs] 793946K->472934K(3106432K) icms_dc=3 , 0.0604629 secs] [Times: user=0.57 sys=0.06, real=0.06 secs] 
 CMS: abort preclean due to time 2995.965: [CMS-concurrent-abortable-preclean: 0.189/7.531 secs] [Times: user=50.45 sys=1.21, real=7.53 secs] 
2995.970: [GC[YG occupancy: 175188 K (353920 K)]2995.970: [Rescan (parallel) , 0.6759821 secs]2996.647: [weak refs processing, 0.0018068 secs] [1 CMS-remark: 450580K(2752512K)] 625768K(3106432K), 0.6782037 secs] [Times: user=3.72 sys=1.65, real=0.68 secs] 
2996.649: [CMS-concurrent-sweep-start]
2997.499: [GC 2997.499: [ParNew: 336977K->27338K(353920K), 0.0610894 secs] 787537K->477898K(3106432K) icms_dc=3 , 0.0616973 secs] [Times: user=0.49 sys=0.03, real=0.06 secs] 
2998.628: [GC 2998.628: [ParNew: 341962K->32534K(353920K), 0.0983709 secs] 792516K->483088K(3106432K) icms_dc=3 , 0.0990103 secs] [Times: user=0.80 sys=0.12, real=0.10 secs] 
2999.729: [GC 2999.729: [ParNew: 347158K->23097K(353920K), 0.0796687 secs] 797711K->480494K(3106432K) icms_dc=3 , 0.0802830 secs] [Times: user=0.59 sys=0.04, real=0.08 secs] 
3001.553: [GC 3001.554: [ParNew: 337326K->18237K(353920K), 0.0492766 secs] 794716K->475627K(3106432K) icms_dc=3 , 0.0498842 secs] [Times: user=0.37 sys=0.04, real=0.05 secs] 
3003.323: [GC 3003.323: [ParNew: 332823K->21628K(353920K), 0.0428215 secs] 790200K->479005K(3106432K) icms_dc=3 , 0.0434195 secs] [Times: user=0.39 sys=0.05, real=0.04 secs] 
3006.512: [GC 3006.512: [ParNew: 336097K->16673K(353920K), 0.0412359 secs] 793438K->474014K(3106432K) icms_dc=3 , 0.0418185 secs] [Times: user=0.35 sys=0.02, real=0.04 secs] 
3008.841: [GC 3008.841: [ParNew: 331284K->22165K(353920K), 0.0492878 secs] 788594K->479475K(3106432K) icms_dc=3 , 0.0498894 secs] [Times: user=0.39 sys=0.03, real=0.05 secs] 
3010.558: [GC 3010.558: [ParNew: 336703K->24976K(353920K), 0.0734856 secs] 793985K->482257K(3106432K) icms_dc=3 , 0.0740762 secs] [Times: user=0.57 sys=0.08, real=0.07 secs] 
3011.800: [GC 3011.800: [ParNew: 339600K->26109K(353920K), 0.0595612 secs] 796872K->483381K(3106432K) icms_dc=3 , 0.0602546 secs] [Times: user=0.45 sys=0.03, real=0.06 secs] 
3015.642: [GC 3015.643: [ParNew: 340733K->27022K(353920K), 0.0506265 secs] 797925K->484214K(3106432K) icms_dc=3 , 0.0512474 secs] [Times: user=0.47 sys=0.03, real=0.05 secs] 
3016.703: [GC 3016.704: [ParNew: 341638K->36484K(353920K), 0.0626411 secs] 798692K->493537K(3106432K) icms_dc=3 , 0.0633013 secs] [Times: user=0.63 sys=0.02, real=0.06 secs] 
3017.787: [GC 3017.788: [ParNew: 351108K->24879K(353920K), 0.0764258 secs] 808045K->488490K(3106432K) icms_dc=3 , 0.0770624 secs] [Times: user=0.79 sys=0.03, real=0.08 secs] 
3020.140: [GC 3020.141: [ParNew: 339503K->18517K(353920K), 0.0461451 secs] 803052K->482066K(3106432K) icms_dc=3 , 0.0467605 secs] [Times: user=0.35 sys=0.03, real=0.05 secs] 
3024.176: [GC 3024.176: [ParNew: 333141K->21155K(353920K), 0.0521813 secs] 796276K->484290K(3106432K) icms_dc=3 , 0.0527590 secs] [Times: user=0.36 sys=0.03, real=0.05 secs] 
3026.154: [GC 3026.154: [ParNew: 335179K->24924K(353920K), 0.0556807 secs] 798212K->487957K(3106432K) icms_dc=3 , 0.0563215 secs] [Times: user=0.43 sys=0.02, real=0.06 secs] 
3027.784: [GC 3027.785: [ParNew: 339446K->22014K(353920K), 0.0535640 secs] 802316K->484885K(3106432K) icms_dc=3 , 0.0541784 secs] [Times: user=0.41 sys=0.03, real=0.05 secs] 
3029.966: [GC 3029.967: [ParNew: 336596K->27540K(353920K), 0.0476500 secs] 799432K->490375K(3106432K) icms_dc=3 , 0.0482652 secs] [Times: user=0.43 sys=0.03, real=0.05 secs] 
3031.961: [GC 3031.962: [ParNew: 342164K->28877K(353920K), 0.0805391 secs] 804761K->491474K(3106432K) icms_dc=3 , 0.0811579 secs] [Times: user=0.59 sys=0.08, real=0.08 secs] 
3033.926: [GC 3033.926: [ParNew: 343501K->28560K(353920K), 0.0500494 secs] 805473K->490533K(3106432K) icms_dc=3 , 0.0507123 secs] [Times: user=0.45 sys=0.03, real=0.05 secs] 
3035.958: [GC 3035.959: [ParNew: 343184K->27071K(353920K), 0.0509687 secs] 804817K->488704K(3106432K) icms_dc=3 , 0.0515557 secs] [Times: user=0.43 sys=0.02, real=0.05 secs] 
3038.014: [GC 3038.014: [ParNew: 341695K->30429K(353920K), 0.0585978 secs] 802532K->491266K(3106432K) icms_dc=3 , 0.0592290 secs] [Times: user=0.45 sys=0.03, real=0.06 secs] 
3040.289: [GC 3040.289: [ParNew: 345053K->30442K(353920K), 0.0521415 secs] 804659K->490048K(3106432K) icms_dc=3 , 0.0527423 secs] [Times: user=0.49 sys=0.03, real=0.05 secs] 
3041.603: [GC 3041.603: [ParNew: 345066K->29878K(353920K), 0.0585792 secs] 804349K->490605K(3106432K) icms_dc=3 , 0.0591805 secs] [Times: user=0.57 sys=0.02, real=0.06 secs] 
3043.031: [GC 3043.032: [ParNew: 344502K->26902K(353920K), 0.0625093 secs] 805098K->490001K(3106432K) icms_dc=3 , 0.0631218 secs] [Times: user=0.52 sys=0.03, real=0.06 secs] 
3043.767: [CMS-concurrent-sweep: 1.477/47.117 secs] [Times: user=343.01 sys=8.65, real=47.12 secs] 
3043.768: [CMS-concurrent-reset-start]
3043.793: [CMS-concurrent-reset: 0.026/0.026 secs] [Times: user=0.26 sys=0.00, real=0.03 secs] 
3044.878: [GC 3044.878: [ParNew: 341526K->25545K(353920K), 0.0527407 secs] 804625K->488643K(3106432K) icms_dc=0 , 0.0533324 secs] [Times: user=0.45 sys=0.03, real=0.05 secs] 
3046.519: [GC 3046.520: [ParNew: 340169K->28253K(353920K), 0.0697481 secs] 803267K->491351K(3106432K) icms_dc=0 , 0.0703449 secs] [Times: user=0.47 sys=0.03, real=0.07 secs] 
3048.033: [GC 3048.033: [ParNew: 342877K->28185K(353920K), 0.0472899 secs] 805975K->491283K(3106432K) icms_dc=0 , 0.0478860 secs] [Times: user=0.44 sys=0.03, real=0.05 secs] 
3050.513: [GC 3050.513: [ParNew: 342809K->28693K(353920K), 0.0842854 secs] 805907K->491791K(3106432K) icms_dc=0 , 0.0849166 secs] [Times: user=0.67 sys=0.11, real=0.09 secs] 
3052.269: [GC 3052.269: [ParNew: 343317K->29507K(353920K), 0.0608189 secs] 806415K->492605K(3106432K) icms_dc=0 , 0.0614213 secs] [Times: user=0.54 sys=0.05, real=0.06 secs] 
3054.049: [GC 3054.049: [ParNew: 344131K->32014K(353920K), 0.0616139 secs] 807229K->495112K(3106432K) icms_dc=0 , 0.0622018 secs] [Times: user=0.47 sys=0.03, real=0.06 secs] 
3055.933: [GC 3055.934: [ParNew: 346520K->21715K(353920K), 0.0663767 secs] 809619K->490317K(3106432K) icms_dc=0 , 0.0669823 secs] [Times: user=0.52 sys=0.02, real=0.07 secs] 
3057.965: [GC 3057.965: [ParNew: 336335K->21664K(353920K), 0.0564094 secs] 804936K->490265K(3106432K) icms_dc=0 , 0.0570276 secs] [Times: user=0.40 sys=0.03, real=0.06 secs] 
3059.681: [GC 3059.682: [ParNew: 336290K->25333K(353920K), 0.0957103 secs] 804891K->493935K(3106432K) icms_dc=0 , 0.0963102 secs] [Times: user=0.69 sys=0.13, real=0.10 secs] 
3061.226: [GC 3061.226: [ParNew: 339957K->23319K(353920K), 0.1149614 secs] 808559K->491921K(3106432K) icms_dc=0 , 0.1156292 secs] [Times: user=0.77 sys=0.17, real=0.12 secs] 
3062.474: [GC 3062.474: [ParNew: 337943K->26775K(353920K), 0.0544016 secs] 806545K->495376K(3106432K) icms_dc=0 , 0.0550139 secs] [Times: user=0.46 sys=0.03, real=0.06 secs] 
3063.992: [GC 3063.992: [ParNew: 341399K->27117K(353920K), 0.0571940 secs] 810000K->495719K(3106432K) icms_dc=0 , 0.0577992 secs] [Times: user=0.45 sys=0.03, real=0.06 secs] 
3065.476: [GC 3065.477: [ParNew: 341741K->23096K(353920K), 0.0532881 secs] 810343K->491698K(3106432K) icms_dc=0 , 0.0539852 secs] [Times: user=0.50 sys=0.03, real=0.05 secs] 
3067.193: [GC 3067.193: [ParNew: 337720K->18550K(353920K), 0.0544550 secs] 806322K->491169K(3106432K) icms_dc=0 , 0.0550688 secs] [Times: user=0.51 sys=0.03, real=0.06 secs] 
3068.869: [GC 3068.869: [ParNew: 332447K->22090K(353920K), 0.0479532 secs] 805067K->494709K(3106432K) icms_dc=0 , 0.0485554 secs] [Times: user=0.40 sys=0.04, real=0.05 secs] 
3071.137: [GC 3071.137: [ParNew: 336714K->17872K(353920K), 0.0475538 secs] 809333K->490491K(3106432K) icms_dc=0 , 0.0481866 secs] [Times: user=0.39 sys=0.03, real=0.05 secs] 
3073.824: [GC 3073.825: [ParNew: 332496K->19653K(353920K), 0.0439869 secs] 805115K->492272K(3106432K) icms_dc=0 , 0.0445842 secs] [Times: user=0.38 sys=0.03, real=0.04 secs] 
3076.098: [GC 3076.099: [ParNew: 334277K->23342K(353920K), 0.0611638 secs] 806896K->495961K(3106432K) icms_dc=0 , 0.0617333 secs] [Times: user=0.50 sys=0.05, real=0.06 secs] 
3077.784: [GC 3077.785: [ParNew: 337966K->23502K(353920K), 0.0754798 secs] 810585K->496122K(3106432K) icms_dc=0 , 0.0761661 secs] [Times: user=0.63 sys=0.11, real=0.08 secs] 
3079.982: [GC 3079.982: [ParNew: 338031K->22106K(353920K), 0.0457563 secs] 810651K->494725K(3106432K) icms_dc=0 , 0.0463405 secs] [Times: user=0.41 sys=0.03, real=0.05 secs] 
3082.104: [GC 3082.105: [ParNew: 336730K->23939K(353920K), 0.0479527 secs] 809349K->496559K(3106432K) icms_dc=0 , 0.0485265 secs] [Times: user=0.42 sys=0.03, real=0.05 secs] 
3083.708: [GC 3083.708: [ParNew: 338563K->22686K(353920K), 0.1045213 secs] 811183K->495306K(3106432K) icms_dc=0 , 0.1051283 secs] [Times: user=0.74 sys=0.15, real=0.11 secs] 
3084.829: [GC 3084.830: [ParNew: 337310K->27109K(353920K), 0.0638618 secs] 809930K->499728K(3106432K) icms_dc=0 , 0.0644769 secs] [Times: user=0.60 sys=0.07, real=0.06 secs] 
3086.355: [GC 3086.355: [ParNew: 341733K->22388K(353920K), 0.0536590 secs] 814352K->495008K(3106432K) icms_dc=0 , 0.0542650 secs] [Times: user=0.49 sys=0.05, real=0.05 secs] 
3087.785: [GC 3087.785: [ParNew: 337012K->30436K(353920K), 0.0490085 secs] 809632K->503055K(3106432K) icms_dc=0 , 0.0496327 secs] [Times: user=0.66 sys=0.03, real=0.05 secs] 
3089.114: [GC 3089.114: [ParNew: 345060K->19633K(353920K), 0.0656063 secs] 817679K->497919K(3106432K) icms_dc=0 , 0.0662239 secs] [Times: user=0.58 sys=0.04, real=0.07 secs] 
3090.963: [GC 3090.963: [ParNew: 334257K->16700K(353920K), 0.0478541 secs] 812543K->494986K(3106432K) icms_dc=0 , 0.0484356 secs] [Times: user=0.38 sys=0.04, real=0.05 secs] 
3093.744: [GC 3093.745: [ParNew: 331324K->19563K(353920K), 0.0495217 secs] 809610K->497849K(3106432K) icms_dc=0 , 0.0501210 secs] [Times: user=0.39 sys=0.03, real=0.05 secs] 
3095.582: [GC 3095.582: [ParNew: 334187K->23067K(353920K), 0.0609388 secs] 812473K->501353K(3106432K) icms_dc=0 , 0.0615121 secs] [Times: user=0.53 sys=0.08, real=0.06 secs] 
3097.093: [GC 3097.094: [ParNew: 337466K->17473K(353920K), 0.0476515 secs] 815752K->495759K(3106432K) icms_dc=0 , 0.0482323 secs] [Times: user=0.38 sys=0.04, real=0.05 secs] 
3098.656: [GC 3098.656: [ParNew: 331932K->20511K(353920K), 0.0442798 secs] 810219K->498797K(3106432K) icms_dc=0 , 0.0448985 secs] [Times: user=0.39 sys=0.03, real=0.05 secs] 
3100.816: [GC 3100.816: [ParNew: 335135K->22798K(353920K), 0.0524803 secs] 813421K->501084K(3106432K) icms_dc=0 , 0.0530755 secs] [Times: user=0.47 sys=0.03, real=0.05 secs] 
3102.622: [GC 3102.622: [ParNew: 337422K->25164K(353920K), 0.0695249 secs] 815708K->503450K(3106432K) icms_dc=0 , 0.0701248 secs] [Times: user=0.52 sys=0.05, real=0.07 secs] 
3104.524: [GC 3104.524: [ParNew: 339788K->21484K(353920K), 0.0401206 secs] 818074K->499770K(3106432K) icms_dc=0 , 0.0406910 secs] [Times: user=0.41 sys=0.03, real=0.04 secs] 
3106.551: [GC 3106.551: [ParNew: 336108K->18299K(353920K), 0.0425171 secs] 814394K->496585K(3106432K) icms_dc=0 , 0.0431257 secs] [Times: user=0.41 sys=0.04, real=0.04 secs] 
3108.908: [GC 3108.908: [ParNew: 332923K->23735K(353920K), 0.0714837 secs] 811209K->502021K(3106432K) icms_dc=0 , 0.0720768 secs] [Times: user=0.55 sys=0.08, real=0.07 secs] 
3110.907: [GC 3110.908: [ParNew: 338359K->22980K(353920K), 0.0431958 secs] 816645K->501266K(3106432K) icms_dc=0 , 0.0438295 secs] [Times: user=0.45 sys=0.03, real=0.04 secs] 
3112.225: [GC 3112.226: [ParNew: 337604K->24389K(353920K), 0.0506466 secs] 815890K->502676K(3106432K) icms_dc=0 , 0.0512610 secs] [Times: user=0.42 sys=0.03, real=0.05 secs] 
3114.432: [GC 3114.432: [ParNew: 339013K->26871K(353920K), 0.0548505 secs] 817300K->505157K(3106432K) icms_dc=0 , 0.0554797 secs] [Times: user=0.48 sys=0.02, real=0.06 secs] 
3116.301: [GC 3116.302: [ParNew: 341495K->20684K(353920K), 0.0488048 secs] 819781K->498970K(3106432K) icms_dc=0 , 0.0494285 secs] [Times: user=0.41 sys=0.03, real=0.05 secs] 
3118.303: [GC 3118.303: [ParNew: 335308K->25437K(353920K), 0.0422398 secs] 813594K->503723K(3106432K) icms_dc=0 , 0.0428447 secs] [Times: user=0.45 sys=0.02, real=0.04 secs] 
3120.168: [GC 3120.168: [ParNew: 340061K->24882K(353920K), 0.0463883 secs] 818347K->503168K(3106432K) icms_dc=0 , 0.0469982 secs] [Times: user=0.47 sys=0.04, real=0.05 secs] 
3122.451: [GC 3122.451: [ParNew: 339506K->27829K(353920K), 0.0482636 secs] 817792K->506115K(3106432K) icms_dc=0 , 0.0488477 secs] [Times: user=0.48 sys=0.02, real=0.05 secs] 
3123.953: [GC 3123.953: [ParNew: 342453K->27660K(353920K), 0.0518411 secs] 820739K->505946K(3106432K) icms_dc=0 , 0.0524540 secs] [Times: user=0.48 sys=0.03, real=0.05 secs] 
3125.073: [GC 3125.073: [ParNew: 342247K->30858K(353920K), 0.0488894 secs] 820534K->509144K(3106432K) icms_dc=0 , 0.0494990 secs] [Times: user=0.51 sys=0.03, real=0.05 secs] 
3126.664: [GC 3126.665: [ParNew: 345482K->23347K(353920K), 0.0798874 secs] 823768K->508435K(3106432K) icms_dc=0 , 0.0804892 secs] [Times: user=0.65 sys=0.05, real=0.08 secs] 
3128.060: [GC 3128.060: [ParNew: 337971K->18707K(353920K), 0.0400982 secs] 823059K->503795K(3106432K) icms_dc=0 , 0.0407096 secs] [Times: user=0.35 sys=0.03, real=0.04 secs] 
3129.617: [GC 3129.617: [ParNew: 333331K->18579K(353920K), 0.0452634 secs] 818419K->503667K(3106432K) icms_dc=0 , 0.0458501 secs] [Times: user=0.36 sys=0.03, real=0.05 secs] 
3131.113: [GC 3131.113: [ParNew: 333203K->16111K(353920K), 0.0476666 secs] 818291K->501199K(3106432K) icms_dc=0 , 0.0483744 secs] [Times: user=0.38 sys=0.05, real=0.05 secs] 
3133.175: [GC 3133.176: [ParNew: 330735K->20100K(353920K), 0.0696771 secs] 815823K->505188K(3106432K) icms_dc=0 , 0.0703039 secs] [Times: user=0.52 sys=0.08, real=0.07 secs] 
3134.919: [GC 3134.919: [ParNew: 334724K->17772K(353920K), 0.0435741 secs] 819812K->502860K(3106432K) icms_dc=0 , 0.0441708 secs] [Times: user=0.36 sys=0.03, real=0.04 secs] 
3136.749: [GC 3136.749: [ParNew: 332396K->15943K(353920K), 0.0418040 secs] 817484K->501031K(3106432K) icms_dc=0 , 0.0424078 secs] [Times: user=0.35 sys=0.02, real=0.04 secs] 
3139.225: [GC 3139.225: [ParNew: 330567K->18655K(353920K), 0.0468948 secs] 815655K->503743K(3106432K) icms_dc=0 , 0.0474969 secs] [Times: user=0.48 sys=0.03, real=0.05 secs] 
3141.069: [GC 3141.069: [ParNew: 333279K->21244K(353920K), 0.0566307 secs] 818367K->506332K(3106432K) icms_dc=0 , 0.0576489 secs] [Times: user=0.49 sys=0.07, real=0.06 secs] 
3142.935: [GC 3142.936: [ParNew: 335868K->19534K(353920K), 0.0462716 secs] 820956K->504622K(3106432K) icms_dc=0 , 0.0468812 secs] [Times: user=0.39 sys=0.03, real=0.05 secs] 
3144.472: [GC 3144.473: [ParNew: 334158K->22912K(353920K), 0.0653594 secs] 819246K->508001K(3106432K) icms_dc=0 , 0.0659714 secs] [Times: user=0.49 sys=0.04, real=0.07 secs] 
3146.044: [GC 3146.044: [ParNew: 337505K->24111K(353920K), 0.0481088 secs] 822593K->509199K(3106432K) icms_dc=0 , 0.0487262 secs] [Times: user=0.44 sys=0.03, real=0.05 secs] 
3147.451: [GC 3147.452: [ParNew: 338735K->23241K(353920K), 0.0530510 secs] 823823K->508330K(3106432K) icms_dc=0 , 0.0536702 secs] [Times: user=0.45 sys=0.03, real=0.05 secs] 
3149.057: [GC 3149.057: [ParNew: 337850K->19070K(353920K), 0.0416528 secs] 822938K->504158K(3106432K) icms_dc=0 , 0.0422747 secs] [Times: user=0.40 sys=0.03, real=0.04 secs] 
3151.153: [GC 3151.153: [ParNew: 333694K->26440K(353920K), 0.0596995 secs] 818782K->511528K(3106432K) icms_dc=0 , 0.0603094 secs] [Times: user=0.47 sys=0.03, real=0.06 secs] 
3153.723: [GC 3153.723: [ParNew: 340945K->18396K(353920K), 0.0475273 secs] 826033K->503485K(3106432K) icms_dc=0 , 0.0481241 secs] [Times: user=0.40 sys=0.03, real=0.05 secs] 
3155.575: [GC 3155.576: [ParNew: 333020K->24933K(353920K), 0.0513851 secs] 818109K->510021K(3106432K) icms_dc=0 , 0.0519844 secs] [Times: user=0.45 sys=0.03, real=0.05 secs] 
3156.944: [GC 3156.944: [ParNew: 339557K->27429K(353920K), 0.0464519 secs] 824645K->512517K(3106432K) icms_dc=0 , 0.0470586 secs] [Times: user=0.46 sys=0.03, real=0.05 secs] 
3158.481: [GC 3158.481: [ParNew: 342053K->22439K(353920K), 0.0455371 secs] 827141K->507527K(3106432K) icms_dc=0 , 0.0461295 secs] [Times: user=0.42 sys=0.03, real=0.05 secs] 
3160.139: [GC 3160.139: [ParNew: 336789K->26759K(353920K), 0.0468434 secs] 821878K->511847K(3106432K) icms_dc=0 , 0.0474625 secs] [Times: user=0.45 sys=0.03, real=0.05 secs] 
3162.559: [GC 3162.559: [ParNew: 341383K->25898K(353920K), 0.0446375 secs] 826471K->510986K(3106432K) icms_dc=0 , 0.0452514 secs] [Times: user=0.45 sys=0.03, real=0.05 secs] 
3164.284: [GC 3164.285: [ParNew: 340522K->25643K(353920K), 0.0404469 secs] 825610K->510731K(3106432K) icms_dc=0 , 0.0410352 secs] [Times: user=0.44 sys=0.03, real=0.04 secs] 
3165.885: [GC 3165.885: [ParNew: 340025K->28099K(353920K), 0.0468980 secs] 825113K->513187K(3106432K) icms_dc=0 , 0.0475033 secs] [Times: user=0.44 sys=0.03, real=0.05 secs] 
3168.236: [GC 3168.236: [ParNew: 342723K->22682K(353920K), 0.0489760 secs] 827811K->507771K(3106432K) icms_dc=0 , 0.0496362 secs] [Times: user=0.49 sys=0.03, real=0.05 secs] 
3170.008: [GC 3170.008: [ParNew: 337306K->29577K(353920K), 0.0517489 secs] 822395K->514665K(3106432K) icms_dc=0 , 0.0523584 secs] [Times: user=0.52 sys=0.03, real=0.05 secs] 
3171.288: [GC 3171.288: [ParNew: 344199K->32895K(353920K), 0.0529300 secs] 829287K->517983K(3106432K) icms_dc=0 , 0.0535468 secs] [Times: user=0.52 sys=0.02, real=0.05 secs] 
3172.948: [GC 3172.949: [ParNew: 347519K->25071K(353920K), 0.0748848 secs] 832607K->510159K(3106432K) icms_dc=0 , 0.0755165 secs] [Times: user=0.62 sys=0.07, real=0.08 secs] 
3174.585: [GC 3174.585: [ParNew: 339695K->29743K(353920K), 0.0461643 secs] 824783K->514831K(3106432K) icms_dc=0 , 0.0467694 secs] [Times: user=0.47 sys=0.02, real=0.05 secs] 
3177.538: [GC 3177.538: [ParNew: 344367K->31104K(353920K), 0.0396306 secs] 829455K->516192K(3106432K) icms_dc=0 , 0.0402777 secs] [Times: user=0.48 sys=0.01, real=0.04 secs] 
3179.178: [GC 3179.179: [ParNew: 345728K->23940K(353920K), 0.0384017 secs] 830816K->509028K(3106432K) icms_dc=0 , 0.0390113 secs] [Times: user=0.49 sys=0.02, real=0.04 secs] 
3180.400: [GC 3180.401: [ParNew: 338564K->17833K(353920K), 0.1359103 secs] 823652K->511745K(3106432K) icms_dc=3 , 0.1365019 secs] [Times: user=0.96 sys=0.20, real=0.14 secs] 
3181.269: [GC [1 CMS-initial-mark: 493911K(2752512K)] 664727K(3106432K), 0.6915179 secs] [Times: user=0.69 sys=0.00, real=0.69 secs] 
3181.961: [CMS-concurrent-mark-start]
3182.490: [GC 3182.491: [ParNew: 332457K->19114K(353920K), 0.0725864 secs] 826369K->513026K(3106432K) icms_dc=3 , 0.0732178 secs] [Times: user=0.54 sys=0.10, real=0.07 secs] 
3183.648: [GC 3183.648: [ParNew: 333738K->19177K(353920K), 0.0431446 secs] 827650K->513089K(3106432K) icms_dc=3 , 0.0437530 secs] [Times: user=0.37 sys=0.03, real=0.04 secs] 
3184.791: [GC 3184.792: [ParNew: 333801K->21263K(353920K), 0.0521226 secs] 827713K->515175K(3106432K) icms_dc=3 , 0.0527352 secs] [Times: user=0.43 sys=0.05, real=0.05 secs] 
3185.976: [GC 3185.977: [ParNew: 335887K->18642K(353920K), 0.0388139 secs] 829799K->512554K(3106432K) icms_dc=3 , 0.0394434 secs] [Times: user=0.40 sys=0.03, real=0.04 secs] 
3187.668: [GC 3187.668: [ParNew: 333264K->20314K(353920K), 0.0636676 secs] 827176K->514226K(3106432K) icms_dc=3 , 0.0642908 secs] [Times: user=0.51 sys=0.08, real=0.06 secs] 
3189.853: [GC 3189.853: [ParNew: 334938K->18573K(353920K), 0.0441523 secs] 828850K->512485K(3106432K) icms_dc=3 , 0.0447780 secs] [Times: user=0.38 sys=0.04, real=0.05 secs] 
3191.599: [GC 3191.599: [ParNew: 333197K->20777K(353920K), 0.0588447 secs] 827109K->514689K(3106432K) icms_dc=3 , 0.0594469 secs] [Times: user=0.50 sys=0.08, real=0.06 secs] 
3193.542: [GC 3193.542: [ParNew: 335401K->21495K(353920K), 0.0502582 secs] 829313K->515406K(3106432K) icms_dc=3 , 0.0508622 secs] [Times: user=0.41 sys=0.04, real=0.05 secs] 
3195.008: [GC 3195.009: [ParNew: 336119K->23714K(353920K), 0.0453373 secs] 830030K->517626K(3106432K) icms_dc=3 , 0.0459983 secs] [Times: user=0.41 sys=0.03, real=0.05 secs] 
3196.636: [GC 3196.636: [ParNew: 338338K->22359K(353920K), 0.0546153 secs] 832250K->516271K(3106432K) icms_dc=3 , 0.0552361 secs] [Times: user=0.43 sys=0.03, real=0.06 secs] 
3198.174: [GC 3198.174: [ParNew: 336983K->23846K(353920K), 0.0608391 secs] 830895K->517758K(3106432K) icms_dc=3 , 0.0614666 secs] [Times: user=0.56 sys=0.08, real=0.06 secs] 
3199.653: [GC 3199.654: [ParNew: 338470K->21537K(353920K), 0.0470847 secs] 832382K->515449K(3106432K) icms_dc=3 , 0.0477078 secs] [Times: user=0.44 sys=0.03, real=0.05 secs] 
3201.382: [GC 3201.382: [ParNew: 336161K->25197K(353920K), 0.1061610 secs] 830073K->519108K(3106432K) icms_dc=3 , 0.1067773 secs] [Times: user=0.71 sys=0.13, real=0.11 secs] 
3202.681: [GC 3202.681: [ParNew: 339821K->28813K(353920K), 0.0563882 secs] 833732K->522725K(3106432K) icms_dc=3 , 0.0569816 secs] [Times: user=0.47 sys=0.03, real=0.06 secs] 
3203.880: [GC 3203.881: [ParNew: 343437K->27945K(353920K), 0.0564524 secs] 837349K->521857K(3106432K) icms_dc=3 , 0.0570527 secs] [Times: user=0.46 sys=0.03, real=0.06 secs] 
3205.434: [GC 3205.434: [ParNew: 342552K->21848K(353920K), 0.0484152 secs] 836464K->515760K(3106432K) icms_dc=3 , 0.0490720 secs] [Times: user=0.46 sys=0.03, real=0.05 secs] 
3207.365: [GC 3207.366: [ParNew: 336472K->26169K(353920K), 0.0445270 secs] 830384K->520081K(3106432K) icms_dc=3 , 0.0451386 secs] [Times: user=0.46 sys=0.03, real=0.05 secs] 
3208.895: [GC 3208.895: [ParNew: 340793K->24968K(353920K), 0.0470600 secs] 834705K->518880K(3106432K) icms_dc=3 , 0.0476733 secs] [Times: user=0.46 sys=0.03, real=0.05 secs] 
3210.647: [GC 3210.648: [ParNew: 339592K->23268K(353920K), 0.0408470 secs] 833504K->517180K(3106432K) icms_dc=3 , 0.0414831 secs] [Times: user=0.47 sys=0.03, real=0.04 secs] 
3212.799: [GC 3212.800: [ParNew: 337892K->27855K(353920K), 0.0533119 secs] 831804K->521767K(3106432K) icms_dc=3 , 0.0539212 secs] [Times: user=0.52 sys=0.04, real=0.05 secs] 
3214.382: [GC 3214.382: [ParNew: 342479K->30638K(353920K), 0.0486766 secs] 836391K->524550K(3106432K) icms_dc=3 , 0.0493100 secs] [Times: user=0.50 sys=0.03, real=0.05 secs] 
3216.472: [GC 3216.473: [ParNew: 345262K->22201K(353920K), 0.0502103 secs] 839174K->516113K(3106432K) icms_dc=3 , 0.0508217 secs] [Times: user=0.48 sys=0.03, real=0.05 secs] 
3217.834: [GC 3217.834: [ParNew: 336825K->30232K(353920K), 0.0495371 secs] 830737K->524144K(3106432K) icms_dc=3 , 0.0501642 secs] [Times: user=0.48 sys=0.03, real=0.05 secs] 
3219.443: [GC 3219.443: [ParNew: 344799K->22733K(353920K), 0.0499497 secs] 838711K->516645K(3106432K) icms_dc=3 , 0.0508159 secs] [Times: user=0.48 sys=0.03, real=0.05 secs] 
3220.974: [GC 3220.974: [ParNew: 337360K->29221K(353920K), 0.1180715 secs] 831272K->523133K(3106432K) icms_dc=3 , 0.1186876 secs] [Times: user=0.88 sys=0.19, real=0.12 secs] 
3221.097: [GC 3221.097: [ParNew: 29441K->28101K(353920K), 0.0324174 secs] 523353K->522013K(3106432K) icms_dc=3 , 0.0329548 secs] [Times: user=0.48 sys=0.03, real=0.03 secs] 
3222.980: [GC 3222.980: [ParNew: 342723K->31631K(353920K), 0.0929965 secs] 836635K->525543K(3106432K) icms_dc=3 , 0.0936167 secs] [Times: user=0.76 sys=0.15, real=0.09 secs] 
3224.893: [GC 3224.893: [ParNew: 346255K->24325K(353920K), 0.0678329 secs] 840167K->518237K(3106432K) icms_dc=3 , 0.0684321 secs] [Times: user=0.61 sys=0.08, real=0.07 secs] 
3226.152: [GC 3226.153: [ParNew: 338949K->31118K(353920K), 0.0809683 secs] 832861K->525030K(3106432K) icms_dc=3 , 0.0815633 secs] [Times: user=0.71 sys=0.11, real=0.08 secs] 
3228.348: [GC 3228.349: [ParNew: 345742K->18652K(353920K), 0.0920303 secs] 839654K->521961K(3106432K) icms_dc=4 , 0.0926593 secs] [Times: user=0.63 sys=0.05, real=0.09 secs] 
3230.863: [GC 3230.863: [ParNew: 333276K->15355K(353920K), 0.0446992 secs] 836585K->518664K(3106432K) icms_dc=4 , 0.0452975 secs] [Times: user=0.35 sys=0.04, real=0.05 secs] 
3233.121: [GC 3233.122: [ParNew: 329979K->15188K(353920K), 0.0591738 secs] 833288K->518497K(3106432K) icms_dc=4 , 0.0597476 secs] [Times: user=0.42 sys=0.07, real=0.06 secs] 
3234.719: [GC 3234.720: [ParNew: 329812K->18538K(353920K), 0.0484010 secs] 833121K->521847K(3106432K) icms_dc=4 , 0.0490108 secs] [Times: user=0.36 sys=0.03, real=0.05 secs] 
3236.147: [GC 3236.147: [ParNew: 333162K->19945K(353920K), 0.0449223 secs] 836471K->523254K(3106432K) icms_dc=4 , 0.0455512 secs] [Times: user=0.40 sys=0.03, real=0.05 secs] 
3237.177: [GC 3237.177: [ParNew: 334569K->23428K(353920K), 0.0431620 secs] 837878K->526736K(3106432K) icms_dc=4 , 0.0438117 secs] [Times: user=0.45 sys=0.03, real=0.04 secs] 
3238.348: [GC 3238.349: [ParNew: 338052K->19799K(353920K), 0.0703612 secs] 841360K->523108K(3106432K) icms_dc=4 , 0.0710952 secs] [Times: user=0.71 sys=0.12, real=0.07 secs] 
3239.978: [GC 3239.979: [ParNew: 334423K->20838K(353920K), 0.0439193 secs] 837732K->524147K(3106432K) icms_dc=4 , 0.0445614 secs] [Times: user=0.41 sys=0.03, real=0.04 secs] 
3241.399: [GC 3241.399: [ParNew: 335462K->22458K(353920K), 0.0458882 secs] 838771K->525766K(3106432K) icms_dc=4 , 0.0465155 secs] [Times: user=0.44 sys=0.03, real=0.05 secs] 
3242.014: [CMS-concurrent-mark: 1.971/60.053 secs] [Times: user=545.58 sys=14.14, real=60.05 secs] 
3242.015: [CMS-concurrent-preclean-start]
3242.913: [GC 3242.914: [ParNew: 337082K->21019K(353920K), 0.0541749 secs] 840390K->524327K(3106432K) icms_dc=4 , 0.0548421 secs] [Times: user=0.43 sys=0.03, real=0.06 secs] 
3244.407: [GC 3244.408: [ParNew: 335643K->22670K(353920K), 0.0517941 secs] 838951K->525979K(3106432K) icms_dc=4 , 0.0524195 secs] [Times: user=0.44 sys=0.03, real=0.05 secs] 
3245.967: [GC 3245.967: [ParNew: 337295K->20998K(353920K), 0.0445905 secs] 840603K->524306K(3106432K) icms_dc=4 , 0.0452374 secs] [Times: user=0.42 sys=0.03, real=0.05 secs] 
3246.016: [GC 3246.017: [ParNew: 21625K->21459K(353920K), 0.0319861 secs] 524934K->524768K(3106432K) icms_dc=4 , 0.0325872 secs] [Times: user=0.39 sys=0.03, real=0.03 secs] 
3247.843: [GC 3247.843: [ParNew: 336083K->22311K(353920K), 0.0457281 secs] 839392K->525620K(3106432K) icms_dc=4 , 0.0463722 secs] [Times: user=0.44 sys=0.03, real=0.05 secs] 
3249.767: [GC 3249.768: [ParNew: 336924K->21844K(353920K), 0.0442726 secs] 840233K->525153K(3106432K) icms_dc=4 , 0.0448856 secs] [Times: user=0.43 sys=0.03, real=0.05 secs] 
3251.441: [GC 3251.441: [ParNew: 336388K->25128K(353920K), 0.0570676 secs] 839696K->528437K(3106432K) icms_dc=4 , 0.0576711 secs] [Times: user=0.47 sys=0.03, real=0.06 secs] 
3252.732: [GC 3252.732: [ParNew: 339585K->26668K(353920K), 0.0458627 secs] 842894K->529977K(3106432K) icms_dc=4 , 0.0465130 secs] [Times: user=0.45 sys=0.03, real=0.05 secs] 
3254.096: [GC 3254.096: [ParNew: 341292K->21784K(353920K), 0.0761241 secs] 844601K->525093K(3106432K) icms_dc=4 , 0.0767530 secs] [Times: user=0.63 sys=0.09, real=0.08 secs] 
3255.519: [GC 3255.519: [ParNew: 336408K->26618K(353920K), 0.1650507 secs] 839717K->529927K(3106432K) icms_dc=4 , 0.1656756 secs] [Times: user=1.17 sys=0.29, real=0.17 secs] 
3256.774: [GC 3256.774: [ParNew: 341242K->26006K(353920K), 0.0479306 secs] 844551K->529315K(3106432K) icms_dc=4 , 0.0485417 secs] [Times: user=0.47 sys=0.03, real=0.05 secs] 
3258.819: [GC 3258.820: [ParNew: 340630K->22514K(353920K), 0.0517604 secs] 843939K->525822K(3106432K) icms_dc=4 , 0.0523987 secs] [Times: user=0.52 sys=0.03, real=0.05 secs] 
3259.798: [CMS-concurrent-preclean: 0.677/17.783 secs] [Times: user=170.45 sys=4.36, real=17.78 secs] 
3259.798: [CMS-concurrent-abortable-preclean-start]
3259.848: [CMS-concurrent-abortable-preclean: 0.046/0.050 secs] [Times: user=0.62 sys=0.01, real=0.05 secs] 
3259.852: [GC[YG occupancy: 186666 K (353920 K)]3259.853: [Rescan (parallel) , 0.7183075 secs]3260.571: [weak refs processing, 0.0019918 secs] [1 CMS-remark: 503308K(2752512K)] 689975K(3106432K), 0.7207079 secs] [Times: user=4.27 sys=1.90, real=0.72 secs] 
3260.574: [CMS-concurrent-sweep-start]
3261.140: [GC 3261.140: [ParNew: 337138K->28923K(353920K), 0.1046247 secs] 840446K->532232K(3106432K) icms_dc=4 , 0.1052558 secs] [Times: user=0.70 sys=0.10, real=0.11 secs] 
3262.309: [GC 3262.309: [ParNew: 343547K->20656K(353920K), 0.0675838 secs] 846776K->530509K(3106432K) icms_dc=4 , 0.0682004 secs] [Times: user=0.59 sys=0.03, real=0.07 secs] 
3263.318: [GC 3263.318: [ParNew: 335280K->22498K(353920K), 0.0518966 secs] 845085K->532303K(3106432K) icms_dc=4 , 0.0525391 secs] [Times: user=0.40 sys=0.03, real=0.05 secs] 
3264.384: [GC 3264.385: [ParNew: 337122K->23994K(353920K), 0.0487641 secs] 846884K->533757K(3106432K) icms_dc=4 , 0.0494247 secs] [Times: user=0.44 sys=0.03, real=0.05 secs] 
3265.386: [GC 3265.386: [ParNew: 338618K->26620K(353920K), 0.0511743 secs] 848353K->536355K(3106432K) icms_dc=4 , 0.0518538 secs] [Times: user=0.44 sys=0.03, real=0.05 secs] 
3266.741: [GC 3266.741: [ParNew: 341244K->20969K(353920K), 0.0431525 secs] 850818K->530542K(3106432K) icms_dc=4 , 0.0438171 secs] [Times: user=0.47 sys=0.05, real=0.04 secs] 
3268.693: [GC 3268.694: [ParNew: 335593K->18953K(353920K), 0.0513077 secs] 844979K->528340K(3106432K) icms_dc=4 , 0.0519159 secs] [Times: user=0.38 sys=0.03, real=0.05 secs] 
3270.726: [GC 3270.726: [ParNew: 333577K->20932K(353920K), 0.0501059 secs] 842857K->530212K(3106432K) icms_dc=4 , 0.0510941 secs] [Times: user=0.43 sys=0.03, real=0.05 secs] 
3272.028: [GC 3272.029: [ParNew: 335556K->23659K(353920K), 0.0672741 secs] 844793K->532895K(3106432K) icms_dc=4 , 0.0678957 secs] [Times: user=0.49 sys=0.05, real=0.07 secs] 
3273.457: [GC 3273.458: [ParNew: 338143K->21623K(353920K), 0.0483353 secs] 847320K->530800K(3106432K) icms_dc=4 , 0.0490067 secs] [Times: user=0.42 sys=0.03, real=0.05 secs] 
3275.153: [GC 3275.154: [ParNew: 336241K->23933K(353920K), 0.0495338 secs] 845342K->533035K(3106432K) icms_dc=4 , 0.0501855 secs] [Times: user=0.47 sys=0.03, real=0.05 secs] 
3276.450: [GC 3276.450: [ParNew: 338557K->22608K(353920K), 0.0566513 secs] 847450K->531501K(3106432K) icms_dc=4 , 0.0572789 secs] [Times: user=0.46 sys=0.03, real=0.06 secs] 
3277.911: [GC 3277.911: [ParNew: 337232K->28653K(353920K), 0.0719771 secs] 845988K->537409K(3106432K) icms_dc=4 , 0.0725872 secs] [Times: user=0.58 sys=0.06, real=0.07 secs] 
3279.559: [GC 3279.559: [ParNew: 343277K->24868K(353920K), 0.0554715 secs] 851435K->533027K(3106432K) icms_dc=4 , 0.0561778 secs] [Times: user=0.47 sys=0.03, real=0.06 secs] 
3281.894: [GC 3281.895: [ParNew: 339492K->22252K(353920K), 0.0435022 secs] 846941K->529701K(3106432K) icms_dc=4 , 0.0441449 secs] [Times: user=0.41 sys=0.03, real=0.04 secs] 
3284.866: [GC 3284.866: [ParNew: 336876K->22563K(353920K), 0.0497467 secs] 844040K->529727K(3106432K) icms_dc=4 , 0.0508279 secs] [Times: user=0.42 sys=0.03, real=0.05 secs] 
3286.713: [GC 3286.713: [ParNew: 337433K->26944K(353920K), 0.0513012 secs] 844391K->533902K(3106432K) icms_dc=4 , 0.0519321 secs] [Times: user=0.46 sys=0.03, real=0.05 secs] 
3288.410: [GC 3288.410: [ParNew: 341568K->25629K(353920K), 0.0430868 secs] 848030K->532091K(3106432K) icms_dc=4 , 0.0437106 secs] [Times: user=0.49 sys=0.03, real=0.04 secs] 
3289.974: [GC 3289.975: [ParNew: 340253K->26080K(353920K), 0.0494340 secs] 846491K->532318K(3106432K) icms_dc=4 , 0.0501809 secs] [Times: user=0.47 sys=0.03, real=0.05 secs] 
3291.603: [GC 3291.604: [ParNew: 340704K->28839K(353920K), 0.0753323 secs] 846735K->534870K(3106432K) icms_dc=4 , 0.0759633 secs] [Times: user=0.60 sys=0.08, real=0.08 secs] 
3292.798: [GC 3292.798: [ParNew: 343463K->24795K(353920K), 0.0454705 secs] 849446K->530778K(3106432K) icms_dc=4 , 0.0461190 secs] [Times: user=0.50 sys=0.03, real=0.05 secs] 
3295.100: [GC 3295.101: [ParNew: 339419K->18206K(353920K), 0.0683686 secs] 845210K->530645K(3106432K) icms_dc=4 , 0.0690547 secs] [Times: user=0.55 sys=0.03, real=0.07 secs] 
3296.978: [GC 3296.978: [ParNew: 332768K->16306K(353920K), 0.0475019 secs] 844077K->527615K(3106432K) icms_dc=4 , 0.0481643 secs] [Times: user=0.34 sys=0.03, real=0.05 secs] 
3299.085: [GC 3299.085: [ParNew: 330930K->18383K(353920K), 0.0497039 secs] 841531K->528983K(3106432K) icms_dc=4 , 0.0503356 secs] [Times: user=0.37 sys=0.03, real=0.05 secs] 
3300.652: [GC 3300.652: [ParNew: 332975K->19170K(353920K), 0.0502932 secs] 843328K->529524K(3106432K) icms_dc=4 , 0.0509320 secs] [Times: user=0.41 sys=0.05, real=0.05 secs] 
3301.925: [GC 3301.925: [ParNew: 333794K->19013K(353920K), 0.0498539 secs] 842723K->527941K(3106432K) icms_dc=4 , 0.0505328 secs] [Times: user=0.43 sys=0.03, real=0.05 secs] 
3303.072: [GC 3303.073: [ParNew: 333637K->24053K(353920K), 0.0759702 secs] 841130K->531547K(3106432K) icms_dc=4 , 0.0766042 secs] [Times: user=0.58 sys=0.08, real=0.08 secs] 
3304.360: [GC 3304.360: [ParNew: 338677K->20122K(353920K), 0.1336546 secs] 845529K->526973K(3106432K) icms_dc=4 , 0.1342796 secs] [Times: user=0.93 sys=0.28, real=0.13 secs] 
3306.207: [GC 3306.208: [ParNew: 334746K->19633K(353920K), 0.0517208 secs] 839407K->524294K(3106432K) icms_dc=4 , 0.0523370 secs] [Times: user=0.39 sys=0.03, real=0.05 secs] 
3307.694: [GC 3307.694: [ParNew: 334257K->22002K(353920K), 0.0527685 secs] 837892K->525637K(3106432K) icms_dc=4 , 0.0533864 secs] [Times: user=0.45 sys=0.03, real=0.05 secs] 
3308.396: [CMS-concurrent-sweep: 1.805/47.822 secs] [Times: user=455.37 sys=11.33, real=47.82 secs] 
3308.397: [CMS-concurrent-reset-start]
3309.056: [GC 3309.057: [ParNew: 336626K->22007K(353920K), 0.1396441 secs] 839927K->525308K(3106432K) icms_dc=4 , 0.1402735 secs] [Times: user=0.93 sys=0.27, real=0.14 secs] 
3310.102: [CMS-concurrent-reset: 0.031/1.705 secs] [Times: user=15.71 sys=0.62, real=1.71 secs] 
3311.089: [GC 3311.089: [ParNew: 336631K->22997K(353920K), 0.0584792 secs] 839932K->526298K(3106432K) icms_dc=0 , 0.0590957 secs] [Times: user=0.46 sys=0.04, real=0.06 secs] 
3312.646: [GC 3312.647: [ParNew: 337085K->26092K(353920K), 0.0685853 secs] 840386K->529393K(3106432K) icms_dc=0 , 0.0692654 secs] [Times: user=0.62 sys=0.10, real=0.07 secs] 
3313.887: [GC 3313.888: [ParNew: 340716K->23571K(353920K), 0.0491254 secs] 844017K->526873K(3106432K) icms_dc=0 , 0.0497793 secs] [Times: user=0.44 sys=0.03, real=0.05 secs] 
3315.794: [GC 3315.795: [ParNew: 338195K->24349K(353920K), 0.0440200 secs] 841497K->527651K(3106432K) icms_dc=0 , 0.0446610 secs] [Times: user=0.42 sys=0.03, real=0.05 secs] 
3317.225: [GC 3317.225: [ParNew: 338837K->21704K(353920K), 0.0717435 secs] 842138K->525005K(3106432K) icms_dc=0 , 0.0724060 secs] [Times: user=0.58 sys=0.08, real=0.07 secs] 
3318.524: [GC 3318.524: [ParNew: 336328K->23557K(353920K), 0.0508264 secs] 839629K->526858K(3106432K) icms_dc=0 , 0.0514587 secs] [Times: user=0.46 sys=0.03, real=0.05 secs] 
3320.070: [GC 3320.070: [ParNew: 338181K->23481K(353920K), 0.0512144 secs] 841482K->526782K(3106432K) icms_dc=0 , 0.0518511 secs] [Times: user=0.45 sys=0.03, real=0.05 secs] 
3321.534: [GC 3321.535: [ParNew: 338105K->25430K(353920K), 0.0509185 secs] 841406K->528731K(3106432K) icms_dc=0 , 0.0515376 secs] [Times: user=0.46 sys=0.03, real=0.05 secs] 
3323.662: [GC 3323.662: [ParNew: 339728K->29402K(353920K), 0.0605306 secs] 843029K->532703K(3106432K) icms_dc=0 , 0.0611287 secs] [Times: user=0.50 sys=0.03, real=0.06 secs] 
3325.013: [GC 3325.014: [ParNew: 343849K->28219K(353920K), 0.0694539 secs] 847151K->531520K(3106432K) icms_dc=0 , 0.0701027 secs] [Times: user=0.61 sys=0.09, real=0.07 secs] 
3326.519: [GC 3326.519: [ParNew: 342843K->24100K(353920K), 0.0600053 secs] 846144K->527402K(3106432K) icms_dc=0 , 0.0606412 secs] [Times: user=0.47 sys=0.03, real=0.06 secs] 
3327.759: [GC 3327.759: [ParNew: 338733K->31005K(353920K), 0.0438210 secs] 842035K->534306K(3106432K) icms_dc=0 , 0.0444511 secs] [Times: user=0.53 sys=0.03, real=0.04 secs] 
3329.011: [GC 3329.012: [ParNew: 345267K->23420K(353920K), 0.0710150 secs] 848568K->533155K(3106432K) icms_dc=0 , 0.0717526 secs] [Times: user=0.58 sys=0.03, real=0.07 secs] 
3330.636: [GC 3330.637: [ParNew: 338044K->18758K(353920K), 0.0639549 secs] 847779K->528493K(3106432K) icms_dc=0 , 0.0646609 secs] [Times: user=0.51 sys=0.07, real=0.06 secs] 
3332.183: [GC 3332.183: [ParNew: 333382K->21238K(353920K), 0.0572053 secs] 843117K->530973K(3106432K) icms_dc=0 , 0.0578330 secs] [Times: user=0.41 sys=0.03, real=0.06 secs] 
3333.673: [GC 3333.673: [ParNew: 335862K->16882K(353920K), 0.0564747 secs] 845597K->526617K(3106432K) icms_dc=0 , 0.0571314 secs] [Times: user=0.42 sys=0.05, real=0.06 secs] 
3335.085: [GC 3335.085: [ParNew: 331506K->19966K(353920K), 0.0482092 secs] 841241K->529701K(3106432K) icms_dc=0 , 0.0488812 secs] [Times: user=0.47 sys=0.03, real=0.05 secs] 
3336.378: [GC 3336.379: [ParNew: 334565K->20208K(353920K), 0.0462279 secs] 844300K->529943K(3106432K) icms_dc=0 , 0.0469176 secs] [Times: user=0.43 sys=0.03, real=0.05 secs] 
3337.474: [GC 3337.474: [ParNew: 334834K->23890K(353920K), 0.0737414 secs] 844569K->533625K(3106432K) icms_dc=0 , 0.0743789 secs] [Times: user=0.59 sys=0.08, real=0.07 secs] 
3338.826: [GC 3338.827: [ParNew: 338514K->21854K(353920K), 0.0442552 secs] 848249K->531589K(3106432K) icms_dc=0 , 0.0449008 secs] [Times: user=0.41 sys=0.04, real=0.05 secs] 
3341.286: [GC 3341.286: [ParNew: 336478K->18827K(353920K), 0.0466458 secs] 846213K->528562K(3106432K) icms_dc=0 , 0.0472841 secs] [Times: user=0.38 sys=0.04, real=0.05 secs] 
3342.714: [GC 3342.714: [ParNew: 333394K->24493K(353920K), 0.0944040 secs] 843129K->534228K(3106432K) icms_dc=0 , 0.0949928 secs] [Times: user=0.71 sys=0.15, real=0.10 secs] 
3344.428: [GC 3344.428: [ParNew: 339117K->20124K(353920K), 0.0473308 secs] 848852K->529859K(3106432K) icms_dc=0 , 0.0479653 secs] [Times: user=0.43 sys=0.03, real=0.05 secs] 
3346.215: [GC 3346.215: [ParNew: 334748K->22344K(353920K), 0.0478438 secs] 844483K->532079K(3106432K) icms_dc=0 , 0.0484472 secs] [Times: user=0.42 sys=0.03, real=0.05 secs] 
3347.721: [GC 3347.721: [ParNew: 336968K->24819K(353920K), 0.0925552 secs] 846703K->534554K(3106432K) icms_dc=0 , 0.0931746 secs] [Times: user=0.67 sys=0.12, real=0.09 secs] 
3349.349: [GC 3349.349: [ParNew: 339443K->18818K(353920K), 0.0565024 secs] 849178K->528553K(3106432K) icms_dc=0 , 0.0571588 secs] [Times: user=0.51 sys=0.05, real=0.06 secs] 
3350.952: [GC 3350.952: [ParNew: 333442K->22337K(353920K), 0.0501506 secs] 843177K->532072K(3106432K) icms_dc=0 , 0.0507783 secs] [Times: user=0.61 sys=0.03, real=0.05 secs] 
3353.140: [GC 3353.140: [ParNew: 336961K->21248K(353920K), 0.0427038 secs] 846696K->530983K(3106432K) icms_dc=0 , 0.0433233 secs] [Times: user=0.42 sys=0.03, real=0.04 secs] 
3355.702: [GC 3355.703: [ParNew: 335872K->25014K(353920K), 0.0822054 secs] 845607K->534749K(3106432K) icms_dc=0 , 0.0828873 secs] [Times: user=0.60 sys=0.07, real=0.08 secs] 
3357.675: [GC 3357.675: [ParNew: 339638K->26984K(353920K), 0.0547157 secs] 849373K->536719K(3106432K) icms_dc=0 , 0.0553265 secs] [Times: user=0.47 sys=0.03, real=0.06 secs] 
3359.344: [GC 3359.345: [ParNew: 341608K->29813K(353920K), 0.0528462 secs] 851343K->539548K(3106432K) icms_dc=0 , 0.0537111 secs] [Times: user=0.47 sys=0.03, real=0.05 secs] 
3360.589: [GC 3360.590: [ParNew: 344437K->31405K(353920K), 0.0675478 secs] 854172K->541140K(3106432K) icms_dc=0 , 0.0682294 secs] [Times: user=0.58 sys=0.04, real=0.07 secs] 
3361.720: [GC 3361.721: [ParNew: 346029K->19987K(353920K), 0.0608179 secs] 855764K->535817K(3106432K) icms_dc=0 , 0.0614528 secs] [Times: user=0.55 sys=0.03, real=0.06 secs] 
3362.911: [GC 3362.912: [ParNew: 334611K->19417K(353920K), 0.0411572 secs] 850441K->535246K(3106432K) icms_dc=0 , 0.0417811 secs] [Times: user=0.38 sys=0.04, real=0.04 secs] 
3364.119: [GC 3364.120: [ParNew: 334703K->20772K(353920K), 0.0433064 secs] 850532K->536602K(3106432K) icms_dc=0 , 0.0439393 secs] [Times: user=0.38 sys=0.03, real=0.04 secs] 
3364.168: [GC 3364.168: [ParNew: 21797K->20176K(353920K), 0.0300259 secs] 537627K->536005K(3106432K) icms_dc=0 , 0.0306033 secs] [Times: user=0.34 sys=0.04, real=0.03 secs] 
3365.345: [GC 3365.345: [ParNew: 334800K->16766K(353920K), 0.0471771 secs] 850629K->532595K(3106432K) icms_dc=0 , 0.0478272 secs] [Times: user=0.39 sys=0.03, real=0.05 secs] 
3367.246: [GC 3367.246: [ParNew: 331390K->16228K(353920K), 0.0414098 secs] 847219K->532058K(3106432K) icms_dc=0 , 0.0420447 secs] [Times: user=0.36 sys=0.03, real=0.04 secs] 
3369.519: [GC 3369.519: [ParNew: 330852K->19072K(353920K), 0.0509424 secs] 846682K->534902K(3106432K) icms_dc=0 , 0.0516361 secs] [Times: user=0.47 sys=0.05, real=0.05 secs] 
3371.000: [GC 3371.001: [ParNew: 333696K->17536K(353920K), 0.0721755 secs] 849526K->533366K(3106432K) icms_dc=0 , 0.0728278 secs] [Times: user=0.58 sys=0.11, real=0.07 secs] 
3372.452: [GC 3372.452: [ParNew: 332160K->21492K(353920K), 0.0557789 secs] 847990K->537321K(3106432K) icms_dc=0 , 0.0564138 secs] [Times: user=0.45 sys=0.06, real=0.06 secs] 
3374.149: [GC 3374.150: [ParNew: 335593K->19036K(353920K), 0.0423465 secs] 851422K->534865K(3106432K) icms_dc=0 , 0.0429610 secs] [Times: user=0.41 sys=0.04, real=0.04 secs] 
3376.329: [GC 3376.330: [ParNew: 333660K->23628K(353920K), 0.0450743 secs] 849489K->539457K(3106432K) icms_dc=0 , 0.0457097 secs] [Times: user=0.41 sys=0.04, real=0.05 secs] 
3377.980: [GC 3377.980: [ParNew: 338066K->16920K(353920K), 0.0476784 secs] 853895K->532750K(3106432K) icms_dc=0 , 0.0483103 secs] [Times: user=0.41 sys=0.03, real=0.05 secs] 
3379.493: [GC 3379.493: [ParNew: 331544K->22338K(353920K), 0.0518089 secs] 847374K->538167K(3106432K) icms_dc=0 , 0.0524368 secs] [Times: user=0.45 sys=0.03, real=0.05 secs] 
3380.819: [GC 3380.820: [ParNew: 336962K->22286K(353920K), 0.0430982 secs] 852791K->538116K(3106432K) icms_dc=0 , 0.0437318 secs] [Times: user=0.40 sys=0.03, real=0.04 secs] 
3382.181: [GC 3382.182: [ParNew: 336910K->28470K(353920K), 0.0526221 secs] 852740K->544300K(3106432K) icms_dc=0 , 0.0532353 secs] [Times: user=0.49 sys=0.03, real=0.05 secs] 
3383.344: [GC 3383.344: [ParNew: 343094K->24626K(353920K), 0.0478434 secs] 858924K->540456K(3106432K) icms_dc=0 , 0.0484513 secs] [Times: user=0.45 sys=0.03, real=0.05 secs] 
3384.684: [GC 3384.684: [ParNew: 339245K->27912K(353920K), 0.0978248 secs] 855075K->543742K(3106432K) icms_dc=0 , 0.0984557 secs] [Times: user=0.69 sys=0.14, real=0.10 secs] 
3386.648: [GC 3386.648: [ParNew: 342536K->21620K(353920K), 0.0469989 secs] 858366K->537450K(3106432K) icms_dc=0 , 0.0476512 secs] [Times: user=0.42 sys=0.02, real=0.05 secs] 
3388.119: [GC 3388.119: [ParNew: 336244K->25679K(353920K), 0.1143805 secs] 852074K->541509K(3106432K) icms_dc=0 , 0.1150065 secs] [Times: user=0.86 sys=0.19, real=0.12 secs] 
3389.603: [GC 3389.604: [ParNew: 340303K->28294K(353920K), 0.0511342 secs] 856133K->544124K(3106432K) icms_dc=0 , 0.0517881 secs] [Times: user=0.47 sys=0.03, real=0.05 secs] 
3391.749: [GC 3391.750: [ParNew: 342918K->23365K(353920K), 0.0481673 secs] 858748K->539195K(3106432K) icms_dc=0 , 0.0487739 secs] [Times: user=0.44 sys=0.04, real=0.05 secs] 
3393.843: [GC 3393.843: [ParNew: 337989K->26966K(353920K), 0.0524150 secs] 853819K->542795K(3106432K) icms_dc=0 , 0.0530274 secs] [Times: user=0.47 sys=0.03, real=0.05 secs] 
3395.256: [GC 3395.256: [ParNew: 341590K->30850K(353920K), 0.0511966 secs] 857419K->546680K(3106432K) icms_dc=0 , 0.0518356 secs] [Times: user=0.49 sys=0.03, real=0.05 secs] 
3396.262: [GC 3396.263: [ParNew: 345474K->26284K(353920K), 0.1455933 secs] 861304K->548301K(3106432K) icms_dc=0 , 0.1462413 secs] [Times: user=1.13 sys=0.21, real=0.15 secs] 
3397.220: [GC 3397.220: [ParNew: 340908K->20737K(353920K), 0.0645799 secs] 862925K->542755K(3106432K) icms_dc=0 , 0.0652582 secs] [Times: user=0.45 sys=0.04, real=0.07 secs] 
3398.448: [GC 3398.448: [ParNew: 335361K->21518K(353920K), 0.0568303 secs] 857379K->543535K(3106432K) icms_dc=0 , 0.0575219 secs] [Times: user=0.48 sys=0.05, real=0.06 secs] 
3399.964: [GC 3399.965: [ParNew: 336142K->17914K(353920K), 0.0605769 secs] 858159K->539931K(3106432K) icms_dc=0 , 0.0612243 secs] [Times: user=0.40 sys=0.02, real=0.06 secs] 
3401.101: [GC 3401.101: [ParNew: 332538K->22120K(353920K), 0.0668091 secs] 854555K->544137K(3106432K) icms_dc=0 , 0.0674310 secs] [Times: user=0.51 sys=0.08, real=0.07 secs] 
3402.544: [GC 3402.545: [ParNew: 336744K->23933K(353920K), 0.0590402 secs] 858761K->545951K(3106432K) icms_dc=0 , 0.0596853 secs] [Times: user=0.48 sys=0.06, real=0.06 secs] 
3404.121: [GC 3404.121: [ParNew: 338557K->20159K(353920K), 0.0847457 secs] 860575K->542176K(3106432K) icms_dc=0 , 0.0854235 secs] [Times: user=0.65 sys=0.13, real=0.09 secs] 
3406.090: [GC 3406.090: [ParNew: 334770K->20660K(353920K), 0.0504143 secs] 856787K->542677K(3106432K) icms_dc=0 , 0.0509982 secs] [Times: user=0.40 sys=0.04, real=0.05 secs] 
3407.396: [GC 3407.396: [ParNew: 335284K->25663K(353920K), 0.1280614 secs] 857301K->547680K(3106432K) icms_dc=0 , 0.1286977 secs] [Times: user=0.92 sys=0.22, real=0.13 secs] 
3408.684: [GC 3408.685: [ParNew: 339814K->20571K(353920K), 0.0500353 secs] 861831K->542588K(3106432K) icms_dc=0 , 0.0507026 secs] [Times: user=0.41 sys=0.03, real=0.05 secs] 
3410.848: [GC 3410.848: [ParNew: 335195K->23025K(353920K), 0.0417541 secs] 857212K->545042K(3106432K) icms_dc=0 , 0.0423975 secs] [Times: user=0.44 sys=0.03, real=0.04 secs] 
3412.235: [GC 3412.236: [ParNew: 337649K->26836K(353920K), 0.0496107 secs] 859666K->548853K(3106432K) icms_dc=0 , 0.0502549 secs] [Times: user=0.63 sys=0.03, real=0.05 secs] 
3413.547: [GC 3413.548: [ParNew: 341460K->27346K(353920K), 0.1005642 secs] 863477K->549363K(3106432K) icms_dc=0 , 0.1011825 secs] [Times: user=0.75 sys=0.13, real=0.10 secs] 
3415.049: [GC 3415.049: [ParNew: 341970K->22156K(353920K), 0.0441156 secs] 863987K->544173K(3106432K) icms_dc=0 , 0.0447381 secs] [Times: user=0.45 sys=0.04, real=0.05 secs] 
3416.388: [GC 3416.389: [ParNew: 336700K->30034K(353920K), 0.0529747 secs] 858717K->552052K(3106432K) icms_dc=0 , 0.0536428 secs] [Times: user=0.53 sys=0.03, real=0.05 secs] 
3417.310: [GC 3417.311: [ParNew: 344658K->25314K(353920K), 0.0742159 secs] 866676K->547331K(3106432K) icms_dc=0 , 0.0748268 secs] [Times: user=0.65 sys=0.08, real=0.08 secs] 
3418.359: [GC 3418.360: [ParNew: 339938K->30753K(353920K), 0.0625003 secs] 861955K->552770K(3106432K) icms_dc=0 , 0.0631333 secs] [Times: user=0.58 sys=0.05, real=0.06 secs] 
3419.950: [GC 3419.950: [ParNew: 345377K->18483K(353920K), 0.0830670 secs] 867394K->546140K(3106432K) icms_dc=0 , 0.0837420 secs] [Times: user=0.69 sys=0.10, real=0.08 secs] 
3422.297: [GC 3422.297: [ParNew: 333107K->15719K(353920K), 0.0485801 secs] 860764K->543376K(3106432K) icms_dc=0 , 0.0491960 secs] [Times: user=0.35 sys=0.03, real=0.05 secs] 
3423.558: [GC 3423.559: [ParNew: 330344K->19523K(353920K), 0.0769447 secs] 858001K->547180K(3106432K) icms_dc=0 , 0.0776657 secs] [Times: user=0.57 sys=0.10, real=0.08 secs] 
3425.055: [GC 3425.056: [ParNew: 334147K->18174K(353920K), 0.0546118 secs] 861804K->545830K(3106432K) icms_dc=0 , 0.0552613 secs] [Times: user=0.44 sys=0.05, real=0.06 secs] 
3427.042: [GC 3427.042: [ParNew: 332798K->20440K(353920K), 0.0459134 secs] 860454K->548096K(3106432K) icms_dc=0 , 0.0465231 secs] [Times: user=0.39 sys=0.04, real=0.05 secs] 
3429.033: [GC 3429.033: [ParNew: 334990K->22375K(353920K), 0.0509135 secs] 862647K->550031K(3106432K) icms_dc=0 , 0.0517497 secs] [Times: user=0.40 sys=0.03, real=0.05 secs] 
3430.998: [GC 3430.999: [ParNew: 336999K->17810K(353920K), 0.0417563 secs] 864655K->545467K(3106432K) icms_dc=0 , 0.0423724 secs] [Times: user=0.37 sys=0.02, real=0.04 secs] 
3432.747: [GC 3432.747: [ParNew: 332434K->22642K(353920K), 0.0680868 secs] 860091K->550298K(3106432K) icms_dc=0 , 0.0686903 secs] [Times: user=0.56 sys=0.08, real=0.07 secs] 
3433.945: [GC 3433.945: [ParNew: 337266K->21019K(353920K), 0.0415260 secs] 864922K->548675K(3106432K) icms_dc=0 , 0.0421318 secs] [Times: user=0.41 sys=0.03, real=0.04 secs] 
3435.441: [GC 3435.442: [ParNew: 335643K->23247K(353920K), 0.0421080 secs] 863299K->550904K(3106432K) icms_dc=0 , 0.0427187 secs] [Times: user=0.41 sys=0.04, real=0.04 secs] 
3437.211: [GC 3437.212: [ParNew: 337871K->26149K(353920K), 0.0539162 secs] 865528K->553806K(3106432K) icms_dc=0 , 0.0545355 secs] [Times: user=0.45 sys=0.03, real=0.05 secs] 
3438.120: [GC 3438.120: [ParNew: 340773K->28815K(353920K), 0.1238002 secs] 868430K->556471K(3106432K) icms_dc=0 , 0.1244288 secs] [Times: user=0.91 sys=0.22, real=0.12 secs] 
3439.408: [GC 3439.408: [ParNew: 343439K->29069K(353920K), 0.1122649 secs] 871095K->560189K(3106432K) icms_dc=0 , 0.1128974 secs] [Times: user=0.73 sys=0.11, real=0.11 secs] 
3440.506: [GC 3440.507: [ParNew: 343693K->20627K(353920K), 0.0453218 secs] 874813K->551747K(3106432K) icms_dc=0 , 0.0460246 secs] [Times: user=0.37 sys=0.03, real=0.05 secs] 
3441.767: [GC 3441.768: [ParNew: 335252K->23456K(353920K), 0.0501672 secs] 866372K->554576K(3106432K) icms_dc=0 , 0.0507916 secs] [Times: user=0.42 sys=0.03, real=0.05 secs] 
3442.863: [GC 3442.864: [ParNew: 338080K->25052K(353920K), 0.0528129 secs] 869200K->556173K(3106432K) icms_dc=0 , 0.0534453 secs] [Times: user=0.43 sys=0.03, real=0.05 secs] 
3444.074: [GC 3444.075: [ParNew: 339676K->20231K(353920K), 0.0503395 secs] 870797K->551351K(3106432K) icms_dc=0 , 0.0509972 secs] [Times: user=0.42 sys=0.03, real=0.05 secs] 
3445.832: [GC 3445.832: [ParNew: 334855K->26116K(353920K), 0.0541399 secs] 865975K->557237K(3106432K) icms_dc=0 , 0.0547475 secs] [Times: user=0.41 sys=0.02, real=0.06 secs] 
3447.394: [GC 3447.395: [ParNew: 340740K->20447K(353920K), 0.1207905 secs] 871861K->551567K(3106432K) icms_dc=0 , 0.1214083 secs] [Times: user=0.82 sys=0.20, real=0.12 secs] 
3449.071: [GC 3449.072: [ParNew: 335071K->25473K(353920K), 0.0568111 secs] 866191K->556593K(3106432K) icms_dc=0 , 0.0574965 secs] [Times: user=0.49 sys=0.03, real=0.06 secs] 
3450.588: [GC 3450.589: [ParNew: 340097K->25991K(353920K), 0.0606570 secs] 871217K->557111K(3106432K) icms_dc=0 , 0.0613163 secs] [Times: user=0.48 sys=0.03, real=0.06 secs] 
3452.391: [GC 3452.391: [ParNew: 340615K->25837K(353920K), 0.0556688 secs] 871735K->556957K(3106432K) icms_dc=0 , 0.0563001 secs] [Times: user=0.43 sys=0.03, real=0.06 secs] 
3454.225: [GC 3454.226: [ParNew: 340461K->23241K(353920K), 0.0516527 secs] 871581K->554362K(3106432K) icms_dc=0 , 0.0522641 secs] [Times: user=0.43 sys=0.02, real=0.05 secs] 
3455.768: [GC 3455.768: [ParNew: 337865K->26660K(353920K), 0.0690285 secs] 868986K->557780K(3106432K) icms_dc=0 , 0.0696731 secs] [Times: user=0.58 sys=0.08, real=0.07 secs] 
3457.328: [GC 3457.328: [ParNew: 341284K->28327K(353920K), 0.0585543 secs] 872404K->559447K(3106432K) icms_dc=0 , 0.0591655 secs] [Times: user=0.51 sys=0.04, real=0.06 secs] 
3458.798: [GC 3458.798: [ParNew: 342951K->22792K(353920K), 0.0448163 secs] 874071K->553912K(3106432K) icms_dc=0 , 0.0454123 secs] [Times: user=0.46 sys=0.03, real=0.05 secs] 
3460.122: [GC 3460.122: [ParNew: 337416K->28521K(353920K), 0.0554207 secs] 868536K->559642K(3106432K) icms_dc=0 , 0.0560459 secs] [Times: user=0.49 sys=0.03, real=0.06 secs] 
3461.296: [GC 3461.297: [ParNew: 343145K->29532K(353920K), 0.0616575 secs] 874266K->560653K(3106432K) icms_dc=0 , 0.0622764 secs] [Times: user=0.60 sys=0.08, real=0.06 secs] 
3462.803: [GC 3462.804: [ParNew: 344156K->22184K(353920K), 0.0499076 secs] 875277K->553304K(3106432K) icms_dc=0 , 0.0505059 secs] [Times: user=0.48 sys=0.03, real=0.05 secs] 
3464.242: [GC 3464.242: [ParNew: 336808K->29716K(353920K), 0.1398754 secs] 867928K->560836K(3106432K) icms_dc=0 , 0.1404849 secs] [Times: user=0.95 sys=0.22, real=0.14 secs] 
3465.435: [GC 3465.435: [ParNew: 344340K->20921K(353920K), 0.0860432 secs] 875460K->559221K(3106432K) icms_dc=0 , 0.0866495 secs] [Times: user=0.65 sys=0.04, real=0.09 secs] 
3466.327: [GC 3466.328: [ParNew: 335545K->27197K(353920K), 0.1057249 secs] 873845K->565497K(3106432K) icms_dc=0 , 0.1064493 secs] [Times: user=0.83 sys=0.18, real=0.11 secs] 
3467.571: [GC 3467.572: [ParNew: 341821K->20324K(353920K), 0.1016619 secs] 880121K->558625K(3106432K) icms_dc=0 , 0.1022911 secs] [Times: user=0.69 sys=0.17, real=0.10 secs] 
3468.964: [GC 3468.965: [ParNew: 334948K->22870K(353920K), 0.0602101 secs] 873249K->561170K(3106432K) icms_dc=0 , 0.0608410 secs] [Times: user=0.45 sys=0.05, real=0.06 secs] 
3470.449: [GC 3470.449: [ParNew: 337494K->17760K(353920K), 0.0451922 secs] 875794K->556060K(3106432K) icms_dc=0 , 0.0458046 secs] [Times: user=0.36 sys=0.03, real=0.05 secs] 
3472.737: [GC 3472.737: [ParNew: 332384K->20191K(353920K), 0.0478311 secs] 870684K->558491K(3106432K) icms_dc=0 , 0.0484338 secs] [Times: user=0.38 sys=0.02, real=0.05 secs] 
3474.689: [GC 3474.690: [ParNew: 334815K->24011K(353920K), 0.0625936 secs] 873115K->562311K(3106432K) icms_dc=0 , 0.0631834 secs] [Times: user=0.48 sys=0.06, real=0.06 secs] 
3476.608: [GC 3476.609: [ParNew: 338635K->19241K(353920K), 0.0426279 secs] 876935K->557541K(3106432K) icms_dc=0 , 0.0432246 secs] [Times: user=0.39 sys=0.03, real=0.04 secs] 
3478.057: [GC 3478.057: [ParNew: 333865K->22410K(353920K), 0.1034400 secs] 872165K->560710K(3106432K) icms_dc=0 , 0.1040633 secs] [Times: user=0.68 sys=0.14, real=0.10 secs] 
3479.312: [GC 3479.312: [ParNew: 336785K->23032K(353920K), 0.0515967 secs] 875085K->561333K(3106432K) icms_dc=0 , 0.0522129 secs] [Times: user=0.43 sys=0.03, real=0.05 secs] 
3480.570: [GC 3480.570: [ParNew: 337656K->25619K(353920K), 0.0913991 secs] 875957K->563919K(3106432K) icms_dc=0 , 0.0920110 secs] [Times: user=0.67 sys=0.13, real=0.09 secs] 
3481.689: [GC 3481.689: [ParNew: 340243K->24372K(353920K), 0.0439172 secs] 878543K->562672K(3106432K) icms_dc=0 , 0.0445432 secs] [Times: user=0.45 sys=0.02, real=0.04 secs] 
3482.953: [GC 3482.953: [ParNew: 338996K->24814K(353920K), 0.0607565 secs] 877296K->563114K(3106432K) icms_dc=0 , 0.0614053 secs] [Times: user=0.56 sys=0.08, real=0.06 secs] 
3484.451: [GC 3484.451: [ParNew: 339438K->21270K(353920K), 0.0469879 secs] 877738K->559570K(3106432K) icms_dc=0 , 0.0476080 secs] [Times: user=0.44 sys=0.04, real=0.05 secs] 
3485.995: [GC 3485.995: [ParNew: 335894K->24943K(353920K), 0.0666031 secs] 874194K->563243K(3106432K) icms_dc=0 , 0.0672161 secs] [Times: user=0.56 sys=0.08, real=0.07 secs] 
3487.523: [GC 3487.523: [ParNew: 339567K->25896K(353920K), 0.0605432 secs] 877867K->564196K(3106432K) icms_dc=0 , 0.0611702 secs] [Times: user=0.50 sys=0.04, real=0.06 secs] 
3488.759: [GC 3488.760: [ParNew: 340520K->29927K(353920K), 0.0985039 secs] 878820K->568227K(3106432K) icms_dc=0 , 0.0991401 secs] [Times: user=0.72 sys=0.12, real=0.10 secs] 
3490.180: [GC 3490.181: [ParNew: 344551K->21121K(353920K), 0.0645787 secs] 882851K->565211K(3106432K) icms_dc=0 , 0.0652014 secs] [Times: user=0.52 sys=0.02, real=0.07 secs] 
3491.749: [GC 3491.750: [ParNew: 335585K->16533K(353920K), 0.0433693 secs] 879675K->560623K(3106432K) icms_dc=0 , 0.0439949 secs] [Times: user=0.33 sys=0.03, real=0.04 secs] 
3494.064: [GC 3494.064: [ParNew: 331157K->20105K(353920K), 0.0467165 secs] 875247K->564195K(3106432K) icms_dc=0 , 0.0473084 secs] [Times: user=0.38 sys=0.03, real=0.05 secs] 
3495.771: [GC 3495.772: [ParNew: 334729K->20973K(353920K), 0.0469337 secs] 878819K->565063K(3106432K) icms_dc=0 , 0.0475461 secs] [Times: user=0.40 sys=0.04, real=0.05 secs] 
3497.171: [GC 3497.171: [ParNew: 335597K->20120K(353920K), 0.0399929 secs] 879687K->564211K(3106432K) icms_dc=0 , 0.0405979 secs] [Times: user=0.40 sys=0.04, real=0.04 secs] 
3498.559: [GC 3498.560: [ParNew: 334744K->21927K(353920K), 0.0410490 secs] 878835K->566017K(3106432K) icms_dc=0 , 0.0416692 secs] [Times: user=0.39 sys=0.03, real=0.04 secs] 
3500.103: [GC 3500.104: [ParNew: 336551K->18664K(353920K), 0.0484570 secs] 880641K->562754K(3106432K) icms_dc=0 , 0.0491010 secs] [Times: user=0.44 sys=0.03, real=0.05 secs] 
3501.598: [GC 3501.598: [ParNew: 333288K->22409K(353920K), 0.0459539 secs] 877378K->566499K(3106432K) icms_dc=0 , 0.0465520 secs] [Times: user=0.39 sys=0.02, real=0.05 secs] 
3502.856: [GC 3502.856: [ParNew: 336472K->23637K(353920K), 0.0970677 secs] 880562K->567727K(3106432K) icms_dc=0 , 0.0976942 secs] [Times: user=0.66 sys=0.15, real=0.10 secs] 
3504.098: [GC 3504.098: [ParNew: 338261K->20425K(353920K), 0.1096690 secs] 882351K->564515K(3106432K) icms_dc=0 , 0.1102697 secs] [Times: user=0.83 sys=0.21, real=0.11 secs] 
3505.151: [GC 3505.151: [ParNew: 335102K->22717K(353920K), 0.0472733 secs] 879192K->566807K(3106432K) icms_dc=0 , 0.0478728 secs] [Times: user=0.44 sys=0.05, real=0.05 secs] 
3506.360: [GC 3506.360: [ParNew: 337341K->20089K(353920K), 0.0385096 secs] 881431K->564179K(3106432K) icms_dc=0 , 0.0391440 secs] [Times: user=0.40 sys=0.04, real=0.04 secs] 
3507.959: [GC 3507.959: [ParNew: 334713K->23579K(353920K), 0.0946291 secs] 878803K->567669K(3106432K) icms_dc=0 , 0.0952531 secs] [Times: user=0.72 sys=0.13, real=0.10 secs] 
3509.046: [GC 3509.047: [ParNew: 338203K->26232K(353920K), 0.0653706 secs] 882293K->570322K(3106432K) icms_dc=0 , 0.0660459 secs] [Times: user=0.55 sys=0.07, real=0.07 secs] 
3510.452: [GC 3510.452: [ParNew: 340856K->18618K(353920K), 0.0406081 secs] 884946K->562709K(3106432K) icms_dc=0 , 0.0413012 secs] [Times: user=0.41 sys=0.04, real=0.04 secs] 
3512.823: [GC 3512.824: [ParNew: 333242K->23123K(353920K), 0.0553812 secs] 877333K->567213K(3106432K) icms_dc=0 , 0.0559860 secs] [Times: user=0.45 sys=0.03, real=0.06 secs] 
3514.088: [GC 3514.088: [ParNew: 337747K->26146K(353920K), 0.0499440 secs] 881837K->570236K(3106432K) icms_dc=0 , 0.0505632 secs] [Times: user=0.46 sys=0.03, real=0.05 secs] 
3515.274: [GC 3515.275: [ParNew: 340770K->22871K(353920K), 0.0646477 secs] 884860K->566961K(3106432K) icms_dc=0 , 0.0652393 secs] [Times: user=0.62 sys=0.08, real=0.07 secs] 
3516.476: [GC 3516.476: [ParNew: 337495K->26674K(353920K), 0.0481056 secs] 881585K->570765K(3106432K) icms_dc=0 , 0.0490404 secs] [Times: user=0.50 sys=0.03, real=0.05 secs] 
3518.063: [GC 3518.063: [ParNew: 341298K->25351K(353920K), 0.0468417 secs] 885389K->569441K(3106432K) icms_dc=0 , 0.0474823 secs] [Times: user=0.46 sys=0.02, real=0.05 secs] 
3519.724: [GC 3519.725: [ParNew: 339975K->25671K(353920K), 0.0529468 secs] 884065K->569761K(3106432K) icms_dc=0 , 0.0535601 secs] [Times: user=0.48 sys=0.03, real=0.05 secs] 
3521.176: [GC 3521.176: [ParNew: 340293K->26868K(353920K), 0.0652764 secs] 884383K->570958K(3106432K) icms_dc=0 , 0.0658939 secs] [Times: user=0.59 sys=0.07, real=0.07 secs] 
3522.630: [GC 3522.631: [ParNew: 341492K->21482K(353920K), 0.0584263 secs] 885582K->565573K(3106432K) icms_dc=0 , 0.0590307 secs] [Times: user=0.53 sys=0.04, real=0.06 secs] 
3523.781: [GC 3523.781: [ParNew: 336106K->29191K(353920K), 0.0925103 secs] 880197K->573281K(3106432K) icms_dc=0 , 0.0931184 secs] [Times: user=0.74 sys=0.13, real=0.09 secs] 
3524.922: [GC 3524.923: [ParNew: 343815K->25448K(353920K), 0.0820536 secs] 887905K->576299K(3106432K) icms_dc=0 , 0.0826974 secs] [Times: user=0.59 sys=0.03, real=0.08 secs] 
3526.125: [GC 3526.125: [ParNew: 340072K->24186K(353920K), 0.0820717 secs] 890923K->575037K(3106432K) icms_dc=0 , 0.0826926 secs] [Times: user=0.67 sys=0.12, real=0.08 secs] 
3527.494: [GC 3527.494: [ParNew: 338810K->18037K(353920K), 0.0504682 secs] 889661K->568888K(3106432K) icms_dc=0 , 0.0511660 secs] [Times: user=0.40 sys=0.03, real=0.05 secs] 
3528.890: [GC 3528.890: [ParNew: 332661K->19258K(353920K), 0.0621629 secs] 883512K->570109K(3106432K) icms_dc=0 , 0.0627867 secs] [Times: user=0.44 sys=0.06, real=0.06 secs] 
3530.677: [GC 3530.678: [ParNew: 333882K->14726K(353920K), 0.0910193 secs] 884733K->565577K(3106432K) icms_dc=0 , 0.0916234 secs] [Times: user=0.70 sys=0.16, real=0.09 secs] 
3532.489: [GC 3532.489: [ParNew: 329351K->19102K(353920K), 0.0466437 secs] 880202K->569953K(3106432K) icms_dc=0 , 0.0472504 secs] [Times: user=0.38 sys=0.03, real=0.05 secs] 
3534.979: [GC 3534.979: [ParNew: 333726K->21195K(353920K), 0.0461524 secs] 884577K->572046K(3106432K) icms_dc=0 , 0.0467628 secs] [Times: user=0.41 sys=0.03, real=0.05 secs] 
3536.239: [GC 3536.239: [ParNew: 335819K->19979K(353920K), 0.0452527 secs] 886670K->570830K(3106432K) icms_dc=0 , 0.0458587 secs] [Times: user=0.41 sys=0.04, real=0.05 secs] 
3537.515: [GC 3537.515: [ParNew: 334603K->22711K(353920K), 0.0464673 secs] 885454K->573562K(3106432K) icms_dc=0 , 0.0471015 secs] [Times: user=0.41 sys=0.03, real=0.05 secs] 
3539.035: [GC 3539.035: [ParNew: 337108K->17703K(353920K), 0.1258716 secs] 887959K->568554K(3106432K) icms_dc=0 , 0.1264662 secs] [Times: user=0.90 sys=0.22, real=0.13 secs] 
3540.449: [GC 3540.449: [ParNew: 332327K->22585K(353920K), 0.0433407 secs] 883178K->573436K(3106432K) icms_dc=0 , 0.0439960 secs] [Times: user=0.43 sys=0.03, real=0.04 secs] 
3541.714: [GC 3541.715: [ParNew: 337172K->23023K(353920K), 0.0869249 secs] 888023K->573873K(3106432K) icms_dc=0 , 0.0875361 secs] [Times: user=0.68 sys=0.14, real=0.09 secs] 
3543.173: [GC 3543.173: [ParNew: 337647K->24068K(353920K), 0.2074767 secs] 888497K->574919K(3106432K) icms_dc=0 , 0.2080989 secs] [Times: user=1.29 sys=0.42, real=0.21 secs] 
3544.947: [GC 3544.947: [ParNew: 338692K->23482K(353920K), 0.0473931 secs] 889543K->574333K(3106432K) icms_dc=0 , 0.0480219 secs] [Times: user=0.45 sys=0.04, real=0.05 secs] 
3546.325: [GC 3546.325: [ParNew: 338106K->25225K(353920K), 0.0433431 secs] 888957K->576076K(3106432K) icms_dc=0 , 0.0439483 secs] [Times: user=0.46 sys=0.03, real=0.04 secs] 
3547.394: [GC 3547.394: [ParNew: 339850K->27768K(353920K), 0.1258695 secs] 890701K->578619K(3106432K) icms_dc=0 , 0.1264838 secs] [Times: user=0.94 sys=0.19, real=0.13 secs] 
3548.628: [GC 3548.628: [ParNew: 342392K->19048K(353920K), 0.1063184 secs] 893243K->574619K(3106432K) icms_dc=0 , 0.1069416 secs] [Times: user=0.77 sys=0.13, real=0.11 secs] 
3550.162: [GC 3550.162: [ParNew: 333371K->14438K(353920K), 0.0424879 secs] 888941K->570008K(3106432K) icms_dc=0 , 0.0431100 secs] [Times: user=0.39 sys=0.05, real=0.04 secs] 
3551.618: [GC 3551.618: [ParNew: 329062K->17710K(353920K), 0.0436692 secs] 884632K->573281K(3106432K) icms_dc=0 , 0.0442906 secs] [Times: user=0.36 sys=0.03, real=0.04 secs] 
3553.057: [GC 3553.057: [ParNew: 332334K->17689K(353920K), 0.0648817 secs] 887905K->573259K(3106432K) icms_dc=0 , 0.0654745 secs] [Times: user=0.53 sys=0.10, real=0.07 secs] 
3554.412: [GC 3554.412: [ParNew: 332313K->19766K(353920K), 0.1194605 secs] 887883K->575336K(3106432K) icms_dc=0 , 0.1200459 secs] [Times: user=0.84 sys=0.17, real=0.12 secs] 
3555.782: [GC 3555.782: [ParNew: 334436K->19914K(353920K), 0.0535507 secs] 890007K->575484K(3106432K) icms_dc=0 , 0.0541751 secs] [Times: user=0.44 sys=0.05, real=0.05 secs] 
3556.907: [GC 3556.907: [ParNew: 334538K->24336K(353920K), 0.0709381 secs] 890108K->579906K(3106432K) icms_dc=0 , 0.0715668 secs] [Times: user=0.48 sys=0.04, real=0.07 secs] 
3558.099: [GC 3558.100: [ParNew: 338960K->18726K(353920K), 0.0475183 secs] 894530K->574296K(3106432K) icms_dc=0 , 0.0481575 secs] [Times: user=0.44 sys=0.05, real=0.05 secs] 
3559.335: [GC 3559.335: [ParNew: 333518K->20852K(353920K), 0.0424652 secs] 889088K->576422K(3106432K) icms_dc=0 , 0.0430926 secs] [Times: user=0.40 sys=0.03, real=0.04 secs] 
3560.876: [GC 3560.876: [ParNew: 335476K->20768K(353920K), 0.0377253 secs] 891046K->576338K(3106432K) icms_dc=0 , 0.0383676 secs] [Times: user=0.39 sys=0.03, real=0.04 secs] 
3562.549: [GC 3562.549: [ParNew: 335392K->24528K(353920K), 0.0625921 secs] 890962K->580099K(3106432K) icms_dc=0 , 0.0632113 secs] [Times: user=0.54 sys=0.08, real=0.06 secs] 
3563.993: [GC 3563.994: [ParNew: 339152K->18298K(353920K), 0.0429494 secs] 894723K->573869K(3106432K) icms_dc=0 , 0.0435629 secs] [Times: user=0.43 sys=0.03, real=0.04 secs] 
3565.198: [GC 3565.198: [ParNew: 332922K->23907K(353920K), 0.0592502 secs] 888493K->579477K(3106432K) icms_dc=0 , 0.0598875 secs] [Times: user=0.50 sys=0.06, real=0.06 secs] 
3566.555: [GC 3566.555: [ParNew: 338531K->26330K(353920K), 0.1348893 secs] 894101K->581900K(3106432K) icms_dc=0 , 0.1355583 secs] [Times: user=0.93 sys=0.24, real=0.14 secs] 
3567.640: [GC 3567.640: [ParNew: 340954K->26900K(353920K), 0.0569911 secs] 896524K->582471K(3106432K) icms_dc=0 , 0.0576174 secs] [Times: user=0.45 sys=0.03, real=0.06 secs] 
3568.956: [GC 3568.957: [ParNew: 341524K->26110K(353920K), 0.1120416 secs] 897095K->581681K(3106432K) icms_dc=0 , 0.1126851 secs] [Times: user=0.87 sys=0.20, real=0.11 secs] 
3570.548: [GC 3570.548: [ParNew: 340734K->21608K(353920K), 0.0512079 secs] 896305K->577179K(3106432K) icms_dc=0 , 0.0519095 secs] [Times: user=0.49 sys=0.04, real=0.05 secs] 
3571.819: [GC 3571.820: [ParNew: 336165K->25223K(353920K), 0.0554468 secs] 891735K->580793K(3106432K) icms_dc=0 , 0.0561111 secs] [Times: user=0.47 sys=0.03, real=0.06 secs] 
3573.519: [GC 3573.519: [ParNew: 339847K->24324K(353920K), 0.0501673 secs] 895417K->579894K(3106432K) icms_dc=0 , 0.0507798 secs] [Times: user=0.46 sys=0.04, real=0.05 secs] 
3575.445: [GC 3575.445: [ParNew: 338948K->26643K(353920K), 0.0939787 secs] 894518K->582213K(3106432K) icms_dc=0 , 0.0945781 secs] [Times: user=0.74 sys=0.14, real=0.09 secs] 
3576.977: [GC 3576.978: [ParNew: 341267K->23946K(353920K), 0.0674482 secs] 896837K->579517K(3106432K) icms_dc=0 , 0.0680506 secs] [Times: user=0.53 sys=0.04, real=0.07 secs] 
3578.138: [GC 3578.139: [ParNew: 338562K->28872K(353920K), 0.1283683 secs] 894133K->584442K(3106432K) icms_dc=0 , 0.1289901 secs] [Times: user=0.95 sys=0.22, real=0.13 secs] 
3579.542: [GC 3579.542: [ParNew: 343496K->18109K(353920K), 0.0709228 secs] 899066K->579775K(3106432K) icms_dc=0 , 0.0715580 secs] [Times: user=0.52 sys=0.03, real=0.07 secs] 
3580.965: [GC 3580.965: [ParNew: 332733K->16951K(353920K), 0.0890323 secs] 894399K->578617K(3106432K) icms_dc=0 , 0.0896509 secs] [Times: user=0.65 sys=0.14, real=0.09 secs] 
3582.240: [GC 3582.241: [ParNew: 331575K->18391K(353920K), 0.0396792 secs] 893241K->580057K(3106432K) icms_dc=0 , 0.0402946 secs] [Times: user=0.37 sys=0.04, real=0.04 secs] 
3583.527: [GC 3583.527: [ParNew: 333015K->16968K(353920K), 0.0447572 secs] 894681K->578633K(3106432K) icms_dc=0 , 0.0453785 secs] [Times: user=0.34 sys=0.03, real=0.05 secs] 
3584.903: [GC 3584.903: [ParNew: 331592K->20922K(353920K), 0.0519262 secs] 893257K->582588K(3106432K) icms_dc=0 , 0.0525441 secs] [Times: user=0.41 sys=0.05, real=0.05 secs] 
3586.199: [GC 3586.199: [ParNew: 335539K->18467K(353920K), 0.0382890 secs] 897205K->580133K(3106432K) icms_dc=0 , 0.0388851 secs] [Times: user=0.38 sys=0.04, real=0.04 secs] 
3587.814: [GC 3587.814: [ParNew: 333091K->24184K(353920K), 0.0671644 secs] 894757K->585849K(3106432K) icms_dc=0 , 0.0677704 secs] [Times: user=0.49 sys=0.05, real=0.07 secs] 
3589.001: [GC 3589.001: [ParNew: 338808K->19187K(353920K), 0.0411305 secs] 900473K->580853K(3106432K) icms_dc=0 , 0.0417370 secs] [Times: user=0.41 sys=0.04, real=0.04 secs] 
3590.323: [GC 3590.324: [ParNew: 333811K->20780K(353920K), 0.0404888 secs] 895477K->582446K(3106432K) icms_dc=0 , 0.0411072 secs] [Times: user=0.39 sys=0.03, real=0.04 secs] 
3591.624: [GC 3591.625: [ParNew: 335404K->23330K(353920K), 0.0753795 secs] 897070K->584996K(3106432K) icms_dc=0 , 0.0759959 secs] [Times: user=0.55 sys=0.08, real=0.08 secs] 
3592.631: [GC 3592.632: [ParNew: 337916K->28200K(353920K), 0.0487751 secs] 899581K->589866K(3106432K) icms_dc=0 , 0.0494025 secs] [Times: user=0.46 sys=0.03, real=0.05 secs] 
3593.934: [GC 3593.934: [ParNew: 342824K->18688K(353920K), 0.0506908 secs] 904490K->583417K(3106432K) icms_dc=0 , 0.0513154 secs] [Times: user=0.50 sys=0.04, real=0.05 secs] 
3595.104: [GC 3595.104: [ParNew: 333312K->19903K(353920K), 0.0514178 secs] 898041K->584633K(3106432K) icms_dc=0 , 0.0520460 secs] [Times: user=0.38 sys=0.04, real=0.05 secs] 
3596.282: [GC 3596.283: [ParNew: 334527K->21181K(353920K), 0.0397484 secs] 899257K->585911K(3106432K) icms_dc=0 , 0.0403875 secs] [Times: user=0.41 sys=0.05, real=0.04 secs] 
3598.087: [GC 3598.087: [ParNew: 335805K->16242K(353920K), 0.0485735 secs] 900535K->580972K(3106432K) icms_dc=0 , 0.0491810 secs] [Times: user=0.36 sys=0.03, real=0.05 secs] 
3599.660: [GC 3599.661: [ParNew: 330606K->19138K(353920K), 0.0513270 secs] 895336K->583868K(3106432K) icms_dc=0 , 0.0519735 secs] [Times: user=0.42 sys=0.05, real=0.05 secs] 
3601.148: [GC 3601.148: [ParNew: 333762K->20191K(353920K), 0.1162637 secs] 898492K->584921K(3106432K) icms_dc=0 , 0.1168678 secs] [Times: user=0.86 sys=0.19, real=0.12 secs] 
3602.884: [GC 3602.884: [ParNew: 334815K->17568K(353920K), 0.0489212 secs] 899545K->582297K(3106432K) icms_dc=0 , 0.0495488 secs] [Times: user=0.38 sys=0.03, real=0.05 secs] 
3604.440: [GC 3604.441: [ParNew: 332192K->21089K(353920K), 0.0389369 secs] 896921K->585818K(3106432K) icms_dc=0 , 0.0395545 secs] [Times: user=0.43 sys=0.04, real=0.04 secs] 
3605.730: [GC 3605.730: [ParNew: 335713K->24566K(353920K), 0.0429822 secs] 900442K->589296K(3106432K) icms_dc=0 , 0.0436037 secs] [Times: user=0.42 sys=0.03, real=0.04 secs] 
3607.262: [GC 3607.263: [ParNew: 339190K->23129K(353920K), 0.0558557 secs] 903920K->587858K(3106432K) icms_dc=0 , 0.0565102 secs] [Times: user=0.43 sys=0.03, real=0.06 secs] 
3608.452: [GC 3608.452: [ParNew: 337753K->26916K(353920K), 0.0875125 secs] 902482K->591645K(3106432K) icms_dc=0 , 0.0881461 secs] [Times: user=0.73 sys=0.13, real=0.09 secs] 
3609.604: [GC 3609.604: [ParNew: 341540K->27064K(353920K), 0.0644930 secs] 906269K->591793K(3106432K) icms_dc=0 , 0.0651014 secs] [Times: user=0.61 sys=0.08, real=0.07 secs] 
3610.980: [GC 3610.980: [ParNew: 341688K->19384K(353920K), 0.0476681 secs] 906417K->584113K(3106432K) icms_dc=0 , 0.0483110 secs] [Times: user=0.45 sys=0.04, real=0.05 secs] 
3613.029: [GC 3613.030: [ParNew: 334008K->25238K(353920K), 0.1209854 secs] 898737K->589968K(3106432K) icms_dc=0 , 0.1216057 secs] [Times: user=0.96 sys=0.21, real=0.12 secs] 
3614.556: [GC 3614.556: [ParNew: 339802K->28441K(353920K), 0.0503750 secs] 904531K->593170K(3106432K) icms_dc=0 , 0.0509797 secs] [Times: user=0.46 sys=0.03, real=0.05 secs] 
3615.768: [GC 3615.768: [ParNew: 342906K->28324K(353920K), 0.0488946 secs] 907635K->593053K(3106432K) icms_dc=0 , 0.0495144 secs] [Times: user=0.47 sys=0.03, real=0.05 secs] 
3617.089: [GC 3617.089: [ParNew: 342948K->28464K(353920K), 0.0627467 secs] 907677K->593193K(3106432K) icms_dc=0 , 0.0633476 secs] [Times: user=0.50 sys=0.03, real=0.06 secs] 
3618.217: [GC 3618.217: [ParNew: 343417K->31078K(353920K), 0.0959073 secs] 908146K->595807K(3106432K) icms_dc=0 , 0.0964989 secs] [Times: user=0.76 sys=0.13, real=0.10 secs] 
3619.611: [GC 3619.611: [ParNew: 345702K->24119K(353920K), 0.1420071 secs] 910431K->593832K(3106432K) icms_dc=0 , 0.1426504 secs] [Times: user=1.10 sys=0.22, real=0.14 secs] 
3620.712: [GC 3620.713: [ParNew: 338743K->19810K(353920K), 0.0465466 secs] 908456K->589523K(3106432K) icms_dc=0 , 0.0471770 secs] [Times: user=0.39 sys=0.04, real=0.05 secs] 
3622.022: [GC 3622.022: [ParNew: 334430K->21365K(353920K), 0.0470901 secs] 904143K->591078K(3106432K) icms_dc=0 , 0.0477573 secs] [Times: user=0.41 sys=0.03, real=0.05 secs] 
3623.518: [GC 3623.519: [ParNew: 335989K->21652K(353920K), 0.0609071 secs] 905702K->591365K(3106432K) icms_dc=0 , 0.0615341 secs] [Times: user=0.46 sys=0.06, real=0.06 secs] 
3625.070: [GC 3625.071: [ParNew: 336276K->17967K(353920K), 0.0458541 secs] 905989K->587681K(3106432K) icms_dc=0 , 0.0464750 secs] [Times: user=0.46 sys=0.05, real=0.05 secs] 
3626.233: [GC 3626.233: [ParNew: 332591K->22533K(353920K), 0.0615436 secs] 902305K->592246K(3106432K) icms_dc=0 , 0.0621623 secs] [Times: user=0.53 sys=0.08, real=0.06 secs] 
3627.587: [GC 3627.587: [ParNew: 337157K->21264K(353920K), 0.0486786 secs] 906870K->590978K(3106432K) icms_dc=0 , 0.0493123 secs] [Times: user=0.40 sys=0.03, real=0.05 secs] 
3629.100: [GC 3629.101: [ParNew: 335888K->19210K(353920K), 0.0392588 secs] 905602K->588924K(3106432K) icms_dc=0 , 0.0398683 secs] [Times: user=0.40 sys=0.04, real=0.04 secs] 
3631.196: [GC 3631.197: [ParNew: 333834K->22111K(353920K), 0.0456443 secs] 903548K->591825K(3106432K) icms_dc=0 , 0.0462594 secs] [Times: user=0.40 sys=0.02, real=0.05 secs] 
3632.390: [GC 3632.391: [ParNew: 336735K->26009K(353920K), 0.0562887 secs] 906449K->595723K(3106432K) icms_dc=0 , 0.0569158 secs] [Times: user=0.44 sys=0.03, real=0.06 secs] 
3633.528: [GC 3633.528: [ParNew: 340603K->25107K(353920K), 0.0424466 secs] 910316K->594821K(3106432K) icms_dc=0 , 0.0430668 secs] [Times: user=0.45 sys=0.03, real=0.04 secs] 
3634.755: [GC 3634.756: [ParNew: 339592K->23891K(353920K), 0.0517181 secs] 909305K->593605K(3106432K) icms_dc=0 , 0.0523278 secs] [Times: user=0.44 sys=0.03, real=0.05 secs] 
3636.084: [GC 3636.084: [ParNew: 338517K->20955K(353920K), 0.0445488 secs] 908230K->590668K(3106432K) icms_dc=0 , 0.0451660 secs] [Times: user=0.41 sys=0.03, real=0.05 secs] 
3636.134: [GC 3636.134: [ParNew: 21839K->21003K(353920K), 0.0343032 secs] 591552K->590716K(3106432K) icms_dc=0 , 0.0348409 secs] [Times: user=0.38 sys=0.03, real=0.04 secs] 
3637.728: [GC 3637.728: [ParNew: 335627K->25149K(353920K), 0.1116656 secs] 905340K->594863K(3106432K) icms_dc=0 , 0.1122812 secs] [Times: user=0.85 sys=0.21, real=0.11 secs] 
3639.792: [GC 3639.793: [ParNew: 339773K->23729K(353920K), 0.0741305 secs] 909487K->593443K(3106432K) icms_dc=0 , 0.0747593 secs] [Times: user=0.68 sys=0.08, real=0.08 secs] 
3640.995: [GC 3640.996: [ParNew: 338353K->27269K(353920K), 0.0476388 secs] 908067K->596982K(3106432K) icms_dc=0 , 0.0482541 secs] [Times: user=0.50 sys=0.04, real=0.05 secs] 
3642.243: [GC 3642.243: [ParNew: 341893K->26335K(353920K), 0.0478193 secs] 911606K->596048K(3106432K) icms_dc=0 , 0.0484829 secs] [Times: user=0.48 sys=0.03, real=0.05 secs] 
3643.475: [GC 3643.475: [ParNew: 340959K->31183K(353920K), 0.0519227 secs] 910672K->600897K(3106432K) icms_dc=0 , 0.0525743 secs] [Times: user=0.53 sys=0.04, real=0.05 secs] 
3644.602: [GC 3644.602: [ParNew: 345807K->21002K(353920K), 0.0825429 secs] 915521K->596585K(3106432K) icms_dc=0 , 0.0831854 secs] [Times: user=0.59 sys=0.04, real=0.08 secs] 
3646.018: [GC 3646.019: [ParNew: 335626K->19221K(353920K), 0.1297407 secs] 911209K->594804K(3106432K) icms_dc=0 , 0.1303806 secs] [Times: user=0.93 sys=0.28, real=0.13 secs] 
3647.280: [GC 3647.280: [ParNew: 333845K->20066K(353920K), 0.0760340 secs] 909428K->595649K(3106432K) icms_dc=0 , 0.0767357 secs] [Times: user=0.55 sys=0.10, real=0.08 secs] 
3648.435: [GC 3648.436: [ParNew: 334690K->21336K(353920K), 0.0559855 secs] 910273K->596918K(3106432K) icms_dc=0 , 0.0566089 secs] [Times: user=0.48 sys=0.05, real=0.06 secs] 
3649.739: [GC 3649.739: [ParNew: 335958K->22916K(353920K), 0.0565261 secs] 911541K->598499K(3106432K) icms_dc=0 , 0.0571861 secs] [Times: user=0.47 sys=0.06, real=0.06 secs] 
3651.148: [GC 3651.148: [ParNew: 337497K->18841K(353920K), 0.0935545 secs] 913080K->594424K(3106432K) icms_dc=0 , 0.0941565 secs] [Times: user=0.63 sys=0.14, real=0.09 secs] 
3652.432: [GC 3652.432: [ParNew: 333465K->21088K(353920K), 0.0558194 secs] 909048K->596671K(3106432K) icms_dc=0 , 0.0564441 secs] [Times: user=0.51 sys=0.05, real=0.06 secs] 
3653.647: [GC 3653.647: [ParNew: 335712K->17979K(353920K), 0.0422374 secs] 911295K->593562K(3106432K) icms_dc=0 , 0.0428578 secs] [Times: user=0.41 sys=0.04, real=0.04 secs] 
3654.887: [GC 3654.888: [ParNew: 332603K->22452K(353920K), 0.0708236 secs] 908186K->598035K(3106432K) icms_dc=0 , 0.0714504 secs] [Times: user=0.57 sys=0.08, real=0.07 secs] 
3656.314: [GC 3656.314: [ParNew: 337076K->23641K(353920K), 0.0424038 secs] 912659K->599224K(3106432K) icms_dc=0 , 0.0430221 secs] [Times: user=0.43 sys=0.03, real=0.04 secs] 
3657.530: [GC 3657.531: [ParNew: 338265K->21556K(353920K), 0.0525363 secs] 913848K->597139K(3106432K) icms_dc=0 , 0.0531739 secs] [Times: user=0.47 sys=0.03, real=0.05 secs] 
3658.786: [GC 3658.786: [ParNew: 336180K->23844K(353920K), 0.0481166 secs] 911763K->599426K(3106432K) icms_dc=0 , 0.0487620 secs] [Times: user=0.44 sys=0.03, real=0.05 secs] 
3660.059: [GC 3660.059: [ParNew: 338468K->24545K(353920K), 0.0603542 secs] 914050K->600128K(3106432K) icms_dc=0 , 0.0609965 secs] [Times: user=0.46 sys=0.03, real=0.06 secs] 
3661.217: [GC 3661.218: [ParNew: 339169K->27296K(353920K), 0.0563513 secs] 914752K->602879K(3106432K) icms_dc=0 , 0.0569949 secs] [Times: user=0.53 sys=0.03, real=0.06 secs] 
3662.233: [GC 3662.234: [ParNew: 341838K->27957K(353920K), 0.0730804 secs] 917420K->603540K(3106432K) icms_dc=0 , 0.0737171 secs] [Times: user=0.53 sys=0.04, real=0.07 secs] 
3663.534: [GC 3663.535: [ParNew: 342581K->26668K(353920K), 0.1009778 secs] 918164K->602251K(3106432K) icms_dc=0 , 0.1015933 secs] [Times: user=0.83 sys=0.16, real=0.10 secs] 
3665.162: [GC 3665.162: [ParNew: 341292K->24499K(353920K), 0.0448736 secs] 916875K->600082K(3106432K) icms_dc=0 , 0.0455231 secs] [Times: user=0.45 sys=0.02, real=0.05 secs] 
3666.567: [GC 3666.567: [ParNew: 339123K->27838K(353920K), 0.0863627 secs] 914706K->603421K(3106432K) icms_dc=0 , 0.0870344 secs] [Times: user=0.79 sys=0.11, real=0.09 secs] 
3667.966: [GC 3667.967: [ParNew: 342462K->28596K(353920K), 0.0661388 secs] 918045K->604178K(3106432K) icms_dc=0 , 0.0668034 secs] [Times: user=0.56 sys=0.05, real=0.07 secs] 
3669.132: [GC 3669.132: [ParNew: 343200K->24324K(353920K), 0.1220088 secs] 918783K->599907K(3106432K) icms_dc=0 , 0.1226541 secs] [Times: user=0.89 sys=0.18, real=0.12 secs] 
3670.321: [GC 3670.321: [ParNew: 338885K->27744K(353920K), 0.0638803 secs] 914467K->603327K(3106432K) icms_dc=0 , 0.0645328 secs] [Times: user=0.64 sys=0.08, real=0.06 secs] 
3671.471: [GC 3671.471: [ParNew: 342368K->29825K(353920K), 0.0592298 secs] 917951K->605408K(3106432K) icms_dc=0 , 0.0598749 secs] [Times: user=0.59 sys=0.04, real=0.06 secs] 
3672.678: [GC 3672.678: [ParNew: 344449K->25400K(353920K), 0.0650753 secs] 920032K->600983K(3106432K) icms_dc=0 , 0.0657588 secs] [Times: user=0.63 sys=0.07, real=0.07 secs] 
3674.277: [GC 3674.277: [ParNew: 340024K->16620K(353920K), 0.0627422 secs] 915607K->598081K(3106432K) icms_dc=0 , 0.0633637 secs] [Times: user=0.57 sys=0.03, real=0.06 secs] 
3675.835: [GC 3675.835: [ParNew: 331244K->15641K(353920K), 0.0518361 secs] 912705K->597102K(3106432K) icms_dc=0 , 0.0524864 secs] [Times: user=0.40 sys=0.03, real=0.05 secs] 
3677.278: [GC 3677.278: [ParNew: 330082K->18774K(353920K), 0.0748109 secs] 911544K->600235K(3106432K) icms_dc=0 , 0.0756428 secs] [Times: user=0.62 sys=0.12, real=0.08 secs] 
3678.956: [GC 3678.956: [ParNew: 333398K->16348K(353920K), 0.0453168 secs] 914859K->597809K(3106432K) icms_dc=0 , 0.0459840 secs] [Times: user=0.39 sys=0.04, real=0.05 secs] 
3680.469: [GC 3680.470: [ParNew: 330972K->18640K(353920K), 0.0471422 secs] 912433K->600102K(3106432K) icms_dc=0 , 0.0477601 secs] [Times: user=0.45 sys=0.05, real=0.05 secs] 
3682.057: [GC 3682.058: [ParNew: 333264K->20668K(353920K), 0.0461897 secs] 914726K->602129K(3106432K) icms_dc=0 , 0.0468274 secs] [Times: user=0.44 sys=0.04, real=0.05 secs] 
3683.407: [GC 3683.408: [ParNew: 335292K->22310K(353920K), 0.0553315 secs] 916753K->603771K(3106432K) icms_dc=0 , 0.0560900 secs] [Times: user=0.52 sys=0.03, real=0.06 secs] 
3684.490: [GC 3684.490: [ParNew: 336934K->25173K(353920K), 0.0560725 secs] 918395K->606635K(3106432K) icms_dc=0 , 0.0567341 secs] [Times: user=0.53 sys=0.05, real=0.06 secs] 
3685.624: [GC 3685.624: [ParNew: 339797K->24438K(353920K), 0.0810376 secs] 921259K->605900K(3106432K) icms_dc=0 , 0.0816748 secs] [Times: user=0.67 sys=0.12, real=0.08 secs] 
3686.627: [GC 3686.627: [ParNew: 339062K->28367K(353920K), 0.0689856 secs] 920524K->609829K(3106432K) icms_dc=0 , 0.0696576 secs] [Times: user=0.66 sys=0.08, real=0.07 secs] 
3687.549: [GC 3687.549: [ParNew: 342991K->20108K(353920K), 0.0481892 secs] 924453K->604422K(3106432K) icms_dc=0 , 0.0488483 secs] [Times: user=0.46 sys=0.02, real=0.05 secs] 
3688.966: [GC 3688.966: [ParNew: 334732K->16419K(353920K), 0.0424212 secs] 919046K->600734K(3106432K) icms_dc=0 , 0.0430673 secs] [Times: user=0.37 sys=0.03, real=0.04 secs] 
3690.160: [GC 3690.161: [ParNew: 331043K->22913K(353920K), 0.0763755 secs] 915358K->607228K(3106432K) icms_dc=0 , 0.0770267 secs] [Times: user=0.60 sys=0.11, real=0.08 secs] 
3691.470: [GC 3691.470: [ParNew: 337474K->19586K(353920K), 0.0458367 secs] 921788K->603901K(3106432K) icms_dc=0 , 0.0464821 secs] [Times: user=0.41 sys=0.04, real=0.05 secs] 
3693.409: [GC 3693.410: [ParNew: 334210K->20400K(353920K), 0.0554637 secs] 918525K->604715K(3106432K) icms_dc=0 , 0.0560982 secs] [Times: user=0.45 sys=0.05, real=0.06 secs] 
3694.930: [GC 3694.930: [ParNew: 334952K->23512K(353920K), 0.0538611 secs] 919267K->607826K(3106432K) icms_dc=0 , 0.0545661 secs] [Times: user=0.46 sys=0.04, real=0.05 secs] 
3696.137: [GC 3696.137: [ParNew: 338340K->24676K(353920K), 0.0750857 secs] 922654K->608990K(3106432K) icms_dc=0 , 0.0757003 secs] [Times: user=0.64 sys=0.11, real=0.08 secs] 
3696.217: [GC 3696.218: [ParNew: 26188K->25343K(353920K), 0.0321892 secs] 610502K->609657K(3106432K) icms_dc=0 , 0.0327632 secs] [Times: user=0.42 sys=0.04, real=0.03 secs] 
3697.374: [GC 3697.375: [ParNew: 339967K->26907K(353920K), 0.1170500 secs] 924281K->611222K(3106432K) icms_dc=0 , 0.1177029 secs] [Times: user=0.88 sys=0.19, real=0.12 secs] 
3698.315: [GC 3698.316: [ParNew: 341531K->31069K(353920K), 0.0919339 secs] 925846K->615383K(3106432K) icms_dc=0 , 0.0925830 secs] [Times: user=0.67 sys=0.09, real=0.09 secs] 
3699.523: [GC 3699.523: [ParNew: 345693K->19624K(353920K), 0.0438554 secs] 930007K->606631K(3106432K) icms_dc=0 , 0.0444843 secs] [Times: user=0.46 sys=0.03, real=0.04 secs] 
3700.591: [GC 3700.591: [ParNew: 334248K->24923K(353920K), 0.0754426 secs] 921255K->611930K(3106432K) icms_dc=0 , 0.0761204 secs] [Times: user=0.62 sys=0.08, real=0.08 secs] 
3701.913: [GC 3701.914: [ParNew: 339489K->20308K(353920K), 0.0527016 secs] 926495K->607315K(3106432K) icms_dc=0 , 0.0534136 secs] [Times: user=0.43 sys=0.03, real=0.05 secs] 
3703.175: [GC 3703.175: [ParNew: 334932K->21349K(353920K), 0.0475783 secs] 921939K->608356K(3106432K) icms_dc=0 , 0.0482399 secs] [Times: user=0.42 sys=0.03, real=0.05 secs] 
3704.179: [GC 3704.180: [ParNew: 335973K->24388K(353920K), 0.0538817 secs] 922980K->611394K(3106432K) icms_dc=0 , 0.0545417 secs] [Times: user=0.46 sys=0.04, real=0.05 secs] 
3705.465: [GC 3705.465: [ParNew: 338880K->20651K(353920K), 0.0443095 secs] 925887K->607657K(3106432K) icms_dc=0 , 0.0449174 secs] [Times: user=0.38 sys=0.02, real=0.05 secs] 
3706.727: [GC 3706.727: [ParNew: 335275K->25567K(353920K), 0.0494012 secs] 922281K->612573K(3106432K) icms_dc=0 , 0.0500099 secs] [Times: user=0.44 sys=0.03, real=0.05 secs] 
3707.712: [GC 3707.712: [ParNew: 340191K->21890K(353920K), 0.1268017 secs] 927197K->608896K(3106432K) icms_dc=0 , 0.1274386 secs] [Times: user=0.92 sys=0.25, real=0.13 secs] 
3709.022: [GC 3709.023: [ParNew: 336514K->25305K(353920K), 0.1294169 secs] 923520K->612312K(3106432K) icms_dc=0 , 0.1300312 secs] [Times: user=0.93 sys=0.25, real=0.13 secs] 
3710.388: [GC 3710.389: [ParNew: 339762K->20456K(353920K), 0.0405151 secs] 926768K->607462K(3106432K) icms_dc=0 , 0.0411296 secs] [Times: user=0.40 sys=0.03, real=0.04 secs] 
3712.803: [GC 3712.803: [ParNew: 335080K->25668K(353920K), 0.0566404 secs] 922086K->612674K(3106432K) icms_dc=0 , 0.0573063 secs] [Times: user=0.49 sys=0.03, real=0.06 secs] 
3713.959: [GC 3713.959: [ParNew: 340292K->20356K(353920K), 0.0479872 secs] 927298K->607362K(3106432K) icms_dc=0 , 0.0486475 secs] [Times: user=0.45 sys=0.03, real=0.05 secs] 
3714.964: [GC 3714.964: [ParNew: 334980K->28501K(353920K), 0.1293960 secs] 921986K->615508K(3106432K) icms_dc=0 , 0.1300444 secs] [Times: user=0.99 sys=0.17, real=0.13 secs] 
3716.129: [GC 3716.129: [ParNew: 342601K->21707K(353920K), 0.0515119 secs] 929607K->608713K(3106432K) icms_dc=0 , 0.0521405 secs] [Times: user=0.47 sys=0.03, real=0.05 secs] 
3717.184: [GC 3717.184: [ParNew: 336964K->24628K(353920K), 0.0476318 secs] 923971K->611635K(3106432K) icms_dc=0 , 0.0482822 secs] [Times: user=0.54 sys=0.03, real=0.05 secs] 
3718.944: [GC 3718.944: [ParNew: 339252K->23704K(353920K), 0.0494210 secs] 926259K->610710K(3106432K) icms_dc=0 , 0.0500924 secs] [Times: user=0.48 sys=0.03, real=0.05 secs] 
3720.488: [GC 3720.489: [ParNew: 338328K->25391K(353920K), 0.0617345 secs] 925334K->612397K(3106432K) icms_dc=0 , 0.0624649 secs] [Times: user=0.47 sys=0.04, real=0.06 secs] 
3721.910: [GC 3721.910: [ParNew: 340099K->28219K(353920K), 0.0913979 secs] 927106K->615225K(3106432K) icms_dc=0 , 0.0920467 secs] [Times: user=0.73 sys=0.13, real=0.09 secs] 
3723.017: [GC 3723.017: [ParNew: 342843K->33349K(353920K), 0.0737913 secs] 929849K->620355K(3106432K) icms_dc=0 , 0.0745062 secs] [Times: user=0.66 sys=0.06, real=0.07 secs] 
3723.962: [GC 3723.963: [ParNew: 347973K->23210K(353920K), 0.0614367 secs] 934979K->615673K(3106432K) icms_dc=0 , 0.0621198 secs] [Times: user=0.59 sys=0.02, real=0.06 secs] 
3724.860: [GC 3724.860: [ParNew: 337823K->19786K(353920K), 0.0406904 secs] 930286K->612249K(3106432K) icms_dc=0 , 0.0413338 secs] [Times: user=0.42 sys=0.05, real=0.04 secs] 
3726.021: [GC 3726.022: [ParNew: 334256K->22197K(353920K), 0.0510584 secs] 926719K->614660K(3106432K) icms_dc=0 , 0.0517055 secs] [Times: user=0.41 sys=0.03, real=0.05 secs] 
3727.183: [GC 3727.184: [ParNew: 336822K->20617K(353920K), 0.0502243 secs] 929285K->613080K(3106432K) icms_dc=0 , 0.0508453 secs] [Times: user=0.40 sys=0.03, real=0.05 secs] 
3728.167: [GC 3728.168: [ParNew: 335241K->23608K(353920K), 0.0587313 secs] 927704K->616071K(3106432K) icms_dc=0 , 0.0593704 secs] [Times: user=0.53 sys=0.05, real=0.06 secs] 
3729.406: [GC 3729.407: [ParNew: 338232K->23344K(353920K), 0.0978179 secs] 930695K->615807K(3106432K) icms_dc=0 , 0.0984721 secs] [Times: user=0.78 sys=0.19, real=0.10 secs] 
3731.085: [GC 3731.085: [ParNew: 337955K->20239K(353920K), 0.0668627 secs] 930418K->612702K(3106432K) icms_dc=0 , 0.0675418 secs] [Times: user=0.57 sys=0.08, real=0.07 secs] 
3733.097: [GC 3733.098: [ParNew: 334863K->23046K(353920K), 0.0489278 secs] 927326K->615509K(3106432K) icms_dc=0 , 0.0495502 secs] [Times: user=0.42 sys=0.03, real=0.05 secs] 
3734.433: [GC 3734.434: [ParNew: 337670K->24891K(353920K), 0.0532366 secs] 930133K->617354K(3106432K) icms_dc=0 , 0.0539008 secs] [Times: user=0.48 sys=0.04, real=0.05 secs] 
3735.574: [GC 3735.574: [ParNew: 339515K->26987K(353920K), 0.0509966 secs] 931978K->619450K(3106432K) icms_dc=0 , 0.0516294 secs] [Times: user=0.50 sys=0.04, real=0.05 secs] 
3736.852: [GC 3736.853: [ParNew: 341611K->20489K(353920K), 0.0468411 secs] 934074K->612952K(3106432K) icms_dc=0 , 0.0474754 secs] [Times: user=0.43 sys=0.03, real=0.05 secs] 
3738.102: [GC 3738.102: [ParNew: 335108K->21529K(353920K), 0.0517911 secs] 927571K->613992K(3106432K) icms_dc=0 , 0.0524464 secs] [Times: user=0.45 sys=0.03, real=0.05 secs] 
3739.334: [GC 3739.335: [ParNew: 336835K->27750K(353920K), 0.0472352 secs] 929298K->620213K(3106432K) icms_dc=0 , 0.0478867 secs] [Times: user=0.49 sys=0.03, real=0.05 secs] 
3740.466: [GC 3740.466: [ParNew: 342374K->25483K(353920K), 0.0440629 secs] 934837K->617946K(3106432K) icms_dc=0 , 0.0447301 secs] [Times: user=0.48 sys=0.03, real=0.05 secs] 
3741.753: [GC 3741.754: [ParNew: 340107K->22842K(353920K), 0.0506251 secs] 932570K->615305K(3106432K) icms_dc=0 , 0.0512806 secs] [Times: user=0.46 sys=0.03, real=0.05 secs] 
3743.132: [GC 3743.132: [ParNew: 337466K->26267K(353920K), 0.0685401 secs] 929929K->618730K(3106432K) icms_dc=0 , 0.0691598 secs] [Times: user=0.64 sys=0.08, real=0.07 secs] 
3744.625: [GC 3744.625: [ParNew: 340891K->25344K(353920K), 0.0493538 secs] 933354K->617807K(3106432K) icms_dc=0 , 0.0499691 secs] [Times: user=0.54 sys=0.05, real=0.05 secs] 
3745.900: [GC 3745.901: [ParNew: 339968K->27702K(353920K), 0.0601815 secs] 932431K->620165K(3106432K) icms_dc=0 , 0.0608394 secs] [Times: user=0.50 sys=0.03, real=0.06 secs] 
3746.942: [GC 3746.943: [ParNew: 342326K->30969K(353920K), 0.0583363 secs] 934789K->623432K(3106432K) icms_dc=0 , 0.0589682 secs] [Times: user=0.54 sys=0.03, real=0.06 secs] 
3748.071: [GC 3748.072: [ParNew: 345593K->21506K(353920K), 0.0596521 secs] 938056K->619635K(3106432K) icms_dc=0 , 0.0603034 secs] [Times: user=0.54 sys=0.03, real=0.06 secs] 
3749.375: [GC 3749.375: [ParNew: 336130K->15628K(353920K), 0.0384773 secs] 934259K->613757K(3106432K) icms_dc=0 , 0.0395049 secs] [Times: user=0.35 sys=0.03, real=0.04 secs] 
3751.223: [GC 3751.223: [ParNew: 330252K->19959K(353920K), 0.0656457 secs] 928381K->618087K(3106432K) icms_dc=0 , 0.0662813 secs] [Times: user=0.48 sys=0.04, real=0.07 secs] 
3752.410: [GC 3752.410: [ParNew: 334583K->21477K(353920K), 0.0658079 secs] 932711K->619606K(3106432K) icms_dc=0 , 0.0664488 secs] [Times: user=0.53 sys=0.08, real=0.07 secs] 
3753.436: [GC 3753.437: [ParNew: 336101K->22031K(353920K), 0.0468796 secs] 934230K->620159K(3106432K) icms_dc=0 , 0.0475229 secs] [Times: user=0.41 sys=0.03, real=0.05 secs] 
3754.927: [GC 3754.928: [ParNew: 336655K->16716K(353920K), 0.0360204 secs] 934783K->614844K(3106432K) icms_dc=0 , 0.0366576 secs] [Times: user=0.37 sys=0.03, real=0.04 secs] 
3756.330: [GC 3756.330: [ParNew: 331340K->22409K(353920K), 0.0426746 secs] 929468K->620538K(3106432K) icms_dc=0 , 0.0432943 secs] [Times: user=0.42 sys=0.05, real=0.04 secs] 
3757.722: [GC 3757.722: [ParNew: 337033K->21854K(353920K), 0.0443779 secs] 935162K->619982K(3106432K) icms_dc=0 , 0.0449973 secs] [Times: user=0.41 sys=0.03, real=0.05 secs] 
3759.423: [GC 3759.423: [ParNew: 336478K->20689K(353920K), 0.0478042 secs] 934606K->618817K(3106432K) icms_dc=0 , 0.0484141 secs] [Times: user=0.39 sys=0.03, real=0.05 secs] 
3760.809: [GC 3760.810: [ParNew: 335261K->25184K(353920K), 0.0990730 secs] 933389K->623312K(3106432K) icms_dc=0 , 0.0997267 secs] [Times: user=0.83 sys=0.14, real=0.10 secs] 
3762.080: [GC 3762.080: [ParNew: 339808K->25744K(353920K), 0.0675173 secs] 937936K->623872K(3106432K) icms_dc=0 , 0.0681292 secs] [Times: user=0.59 sys=0.10, real=0.07 secs] 
3763.193: [GC 3763.194: [ParNew: 340372K->22548K(353920K), 0.0529441 secs] 938501K->620676K(3106432K) icms_dc=0 , 0.0535705 secs] [Times: user=0.42 sys=0.03, real=0.05 secs] 
3764.374: [GC 3764.374: [ParNew: 337172K->26170K(353920K), 0.0707236 secs] 935300K->624298K(3106432K) icms_dc=0 , 0.0713457 secs] [Times: user=0.61 sys=0.07, real=0.07 secs] 
3765.627: [GC 3765.628: [ParNew: 340794K->26999K(353920K), 0.0631057 secs] 938922K->625127K(3106432K) icms_dc=0 , 0.0637218 secs] [Times: user=0.58 sys=0.07, real=0.06 secs] 
3766.681: [GC 3766.681: [ParNew: 342259K->30152K(353920K), 0.0576454 secs] 940387K->628280K(3106432K) icms_dc=0 , 0.0582774 secs] [Times: user=0.53 sys=0.04, real=0.06 secs] 
3767.773: [GC 3767.773: [ParNew: 344593K->28088K(353920K), 0.0597352 secs] 942721K->626217K(3106432K) icms_dc=0 , 0.0603892 secs] [Times: user=0.57 sys=0.05, real=0.06 secs] 
3768.951: [GC 3768.952: [ParNew: 342662K->26948K(353920K), 0.0499931 secs] 940791K->625076K(3106432K) icms_dc=0 , 0.0506272 secs] [Times: user=0.45 sys=0.03, real=0.05 secs] 
3770.126: [GC 3770.127: [ParNew: 341572K->28456K(353920K), 0.0696751 secs] 939700K->626584K(3106432K) icms_dc=0 , 0.0703007 secs] [Times: user=0.68 sys=0.10, real=0.07 secs] 
3771.775: [GC 3771.775: [ParNew: 343080K->27569K(353920K), 0.0627982 secs] 941208K->625697K(3106432K) icms_dc=0 , 0.0633869 secs] [Times: user=0.57 sys=0.08, real=0.06 secs] 
3772.915: [GC 3772.916: [ParNew: 341788K->23095K(353920K), 0.0606121 secs] 939916K->621223K(3106432K) icms_dc=0 , 0.0612447 secs] [Times: user=0.58 sys=0.06, real=0.06 secs] 
3774.158: [GC 3774.158: [ParNew: 337716K->29602K(353920K), 0.0557700 secs] 935844K->627731K(3106432K) icms_dc=0 , 0.0564189 secs] [Times: user=0.51 sys=0.03, real=0.06 secs] 
3775.456: [GC 3775.456: [ParNew: 344226K->22342K(353920K), 0.0804439 secs] 942355K->626595K(3106432K) icms_dc=3 , 0.0810664 secs] [Times: user=0.65 sys=0.06, real=0.08 secs] 
3775.990: [GC [1 CMS-initial-mark: 604253K(2752512K)] 779326K(3106432K), 0.7094970 secs] [Times: user=0.71 sys=0.00, real=0.71 secs] 
3776.700: [CMS-concurrent-mark-start]
3777.097: [GC 3777.098: [ParNew: 336966K->21944K(353920K), 0.0553486 secs] 941219K->626197K(3106432K) icms_dc=3 , 0.0559680 secs] [Times: user=0.47 sys=0.04, real=0.06 secs] 
3778.017: [GC 3778.018: [ParNew: 336568K->25065K(353920K), 0.0528859 secs] 940821K->629318K(3106432K) icms_dc=3 , 0.0535374 secs] [Times: user=0.51 sys=0.05, real=0.05 secs] 
3778.842: [GC 3778.842: [ParNew: 339636K->25728K(353920K), 0.0521117 secs] 943889K->629981K(3106432K) icms_dc=3 , 0.0527704 secs] [Times: user=0.45 sys=0.03, real=0.05 secs] 
3779.925: [GC 3779.925: [ParNew: 340106K->28593K(353920K), 0.0632837 secs] 944359K->632846K(3106432K) icms_dc=3 , 0.0639254 secs] [Times: user=0.49 sys=0.05, real=0.06 secs] 
3780.795: [GC 3780.795: [ParNew: 343217K->24482K(353920K), 0.0465025 secs] 947470K->628735K(3106432K) icms_dc=3 , 0.0471416 secs] [Times: user=0.48 sys=0.03, real=0.05 secs] 
3781.808: [GC 3781.808: [ParNew: 339106K->24203K(353920K), 0.1379859 secs] 943359K->630227K(3106432K) icms_dc=3 , 0.1386252 secs] [Times: user=0.91 sys=0.23, real=0.14 secs] 
3783.035: [GC 3783.036: [ParNew: 338827K->20428K(353920K), 0.0675869 secs] 944851K->626452K(3106432K) icms_dc=3 , 0.0681993 secs] [Times: user=0.61 sys=0.08, real=0.07 secs] 
3784.300: [GC 3784.301: [ParNew: 335052K->21774K(353920K), 0.0611320 secs] 941076K->627798K(3106432K) icms_dc=3 , 0.0617479 secs] [Times: user=0.45 sys=0.05, real=0.06 secs] 
3785.795: [GC 3785.795: [ParNew: 336398K->21752K(353920K), 0.0671953 secs] 942422K->627776K(3106432K) icms_dc=3 , 0.0678087 secs] [Times: user=0.59 sys=0.09, real=0.07 secs] 
3787.216: [GC 3787.216: [ParNew: 336376K->19014K(353920K), 0.0488070 secs] 942400K->625038K(3106432K) icms_dc=3 , 0.0494197 secs] [Times: user=0.38 sys=0.03, real=0.05 secs] 
3788.663: [GC 3788.664: [ParNew: 333638K->24889K(353920K), 0.0540395 secs] 939662K->630913K(3106432K) icms_dc=3 , 0.0546655 secs] [Times: user=0.44 sys=0.03, real=0.05 secs] 
3790.131: [GC 3790.132: [ParNew: 339513K->21624K(353920K), 0.0543829 secs] 945537K->627648K(3106432K) icms_dc=3 , 0.0550733 secs] [Times: user=0.44 sys=0.03, real=0.06 secs] 
3791.587: [GC 3791.587: [ParNew: 336248K->24807K(353920K), 0.0674986 secs] 942272K->630831K(3106432K) icms_dc=3 , 0.0681264 secs] [Times: user=0.59 sys=0.07, real=0.07 secs] 
3792.917: [GC 3792.918: [ParNew: 339431K->25145K(353920K), 0.0659493 secs] 945455K->631169K(3106432K) icms_dc=3 , 0.0665841 secs] [Times: user=0.60 sys=0.07, real=0.07 secs] 
3794.114: [GC 3794.114: [ParNew: 339769K->23272K(353920K), 0.0652441 secs] 945793K->629296K(3106432K) icms_dc=3 , 0.0659021 secs] [Times: user=0.59 sys=0.07, real=0.07 secs] 
3795.180: [GC 3795.181: [ParNew: 337896K->30555K(353920K), 0.0774206 secs] 943920K->636579K(3106432K) icms_dc=3 , 0.0780936 secs] [Times: user=0.72 sys=0.10, real=0.08 secs] 
3796.334: [GC 3796.335: [ParNew: 345179K->21846K(353920K), 0.0781205 secs] 951203K->632128K(3106432K) icms_dc=3 , 0.0788678 secs] [Times: user=0.67 sys=0.05, real=0.08 secs] 
3797.474: [GC 3797.474: [ParNew: 336438K->20597K(353920K), 0.0533161 secs] 946720K->630879K(3106432K) icms_dc=3 , 0.0539932 secs] [Times: user=0.51 sys=0.05, real=0.05 secs] 
3798.790: [GC 3798.791: [ParNew: 335221K->17715K(353920K), 0.0482437 secs] 945503K->627998K(3106432K) icms_dc=3 , 0.0488731 secs] [Times: user=0.41 sys=0.05, real=0.05 secs] 
3800.228: [GC 3800.229: [ParNew: 332339K->21332K(353920K), 0.0680487 secs] 942622K->631614K(3106432K) icms_dc=3 , 0.0686795 secs] [Times: user=0.54 sys=0.09, real=0.07 secs] 
3801.374: [GC 3801.374: [ParNew: 336055K->21643K(353920K), 0.0517929 secs] 946337K->631925K(3106432K) icms_dc=3 , 0.0524249 secs] [Times: user=0.48 sys=0.05, real=0.05 secs] 
3802.671: [GC 3802.672: [ParNew: 336267K->20188K(353920K), 0.0494242 secs] 946549K->630470K(3106432K) icms_dc=3 , 0.0501378 secs] [Times: user=0.42 sys=0.04, real=0.05 secs] 
3804.093: [GC 3804.093: [ParNew: 334812K->20250K(353920K), 0.0481863 secs] 945094K->630532K(3106432K) icms_dc=3 , 0.0487855 secs] [Times: user=0.40 sys=0.03, real=0.05 secs] 
3805.896: [GC 3805.896: [ParNew: 334839K->26169K(353920K), 0.0525511 secs] 945121K->636451K(3106432K) icms_dc=3 , 0.0531588 secs] [Times: user=0.44 sys=0.02, real=0.05 secs] 
3807.209: [GC 3807.210: [ParNew: 340793K->25177K(353920K), 0.0522456 secs] 951075K->635459K(3106432K) icms_dc=3 , 0.0528869 secs] [Times: user=0.56 sys=0.03, real=0.05 secs] 
3808.317: [GC 3808.317: [ParNew: 340354K->26657K(353920K), 0.0710710 secs] 950636K->636939K(3106432K) icms_dc=3 , 0.0719050 secs] [Times: user=0.60 sys=0.10, real=0.07 secs] 
3809.509: [GC 3809.509: [ParNew: 341479K->23302K(353920K), 0.0454509 secs] 951761K->633584K(3106432K) icms_dc=3 , 0.0460733 secs] [Times: user=0.45 sys=0.04, real=0.05 secs] 
3810.519: [GC 3810.520: [ParNew: 337926K->25972K(353920K), 0.0493844 secs] 948208K->636254K(3106432K) icms_dc=3 , 0.0500137 secs] [Times: user=0.45 sys=0.03, real=0.05 secs] 
3811.764: [GC 3811.764: [ParNew: 340581K->20331K(353920K), 0.0455427 secs] 950863K->630613K(3106432K) icms_dc=3 , 0.0461671 secs] [Times: user=0.46 sys=0.03, real=0.05 secs] 
3813.064: [GC 3813.064: [ParNew: 334955K->24550K(353920K), 0.0545117 secs] 945237K->634832K(3106432K) icms_dc=3 , 0.0551640 secs] [Times: user=0.46 sys=0.03, real=0.06 secs] 
3814.340: [GC 3814.340: [ParNew: 339174K->27379K(353920K), 0.0714497 secs] 949456K->637661K(3106432K) icms_dc=3 , 0.0720720 secs] [Times: user=0.62 sys=0.09, real=0.07 secs] 
3815.514: [GC 3815.514: [ParNew: 342003K->25306K(353920K), 0.0832810 secs] 952285K->635588K(3106432K) icms_dc=3 , 0.0838963 secs] [Times: user=0.67 sys=0.11, real=0.08 secs] 
3816.873: [GC 3816.873: [ParNew: 339457K->20565K(353920K), 0.0746349 secs] 949739K->635634K(3106432K) icms_dc=3 , 0.0753156 secs] [Times: user=0.59 sys=0.02, real=0.08 secs] 
3817.853: [GC 3817.853: [ParNew: 335189K->21906K(353920K), 0.0663612 secs] 950258K->636975K(3106432K) icms_dc=3 , 0.0669901 secs] [Times: user=0.52 sys=0.07, real=0.07 secs] 
3818.867: [GC 3818.868: [ParNew: 336530K->20329K(353920K), 0.0455113 secs] 951599K->635399K(3106432K) icms_dc=3 , 0.0461776 secs] [Times: user=0.41 sys=0.03, real=0.05 secs] 
3820.165: [GC 3820.165: [ParNew: 334953K->23278K(353920K), 0.0693170 secs] 950023K->638347K(3106432K) icms_dc=3 , 0.0699324 secs] [Times: user=0.59 sys=0.08, real=0.07 secs] 
3821.347: [GC 3821.348: [ParNew: 337904K->23678K(353920K), 0.0492641 secs] 952974K->638747K(3106432K) icms_dc=3 , 0.0498929 secs] [Times: user=0.45 sys=0.03, real=0.05 secs] 
3821.402: [GC 3821.403: [ParNew: 24555K->24604K(353920K), 0.0358231 secs] 639625K->639674K(3106432K) icms_dc=3 , 0.0363522 secs] [Times: user=0.40 sys=0.03, real=0.04 secs] 
3822.414: [GC 3822.414: [ParNew: 339228K->23442K(353920K), 0.0694141 secs] 954298K->638511K(3106432K) icms_dc=3 , 0.0701000 secs] [Times: user=0.73 sys=0.11, real=0.07 secs] 
3823.719: [GC 3823.719: [ParNew: 338066K->21600K(353920K), 0.0555552 secs] 953135K->636669K(3106432K) icms_dc=3 , 0.0561655 secs] [Times: user=0.45 sys=0.04, real=0.06 secs] 
3825.117: [GC 3825.117: [ParNew: 336224K->20906K(353920K), 0.0404838 secs] 951293K->635976K(3106432K) icms_dc=3 , 0.0411097 secs] [Times: user=0.43 sys=0.03, real=0.04 secs] 
3826.536: [GC 3826.536: [ParNew: 335530K->22434K(353920K), 0.0982441 secs] 950600K->637504K(3106432K) icms_dc=3 , 0.0988508 secs] [Times: user=0.72 sys=0.16, real=0.10 secs] 
3828.030: [GC 3828.031: [ParNew: 337058K->21219K(353920K), 0.0563146 secs] 952128K->636288K(3106432K) icms_dc=3 , 0.0569626 secs] [Times: user=0.47 sys=0.04, real=0.06 secs] 
3829.323: [GC 3829.323: [ParNew: 335843K->23953K(353920K), 0.0499755 secs] 950912K->639022K(3106432K) icms_dc=3 , 0.0505944 secs] [Times: user=0.44 sys=0.03, real=0.05 secs] 
3830.875: [GC 3830.876: [ParNew: 338577K->21696K(353920K), 0.0397354 secs] 953646K->636766K(3106432K) icms_dc=3 , 0.0403417 secs] [Times: user=0.43 sys=0.03, real=0.04 secs] 
3832.389: [GC 3832.389: [ParNew: 336067K->24486K(353920K), 0.0435499 secs] 951136K->639555K(3106432K) icms_dc=3 , 0.0441802 secs] [Times: user=0.46 sys=0.03, real=0.04 secs] 
3833.881: [GC 3833.882: [ParNew: 339110K->26613K(353920K), 0.0507530 secs] 954179K->641682K(3106432K) icms_dc=3 , 0.0513763 secs] [Times: user=0.47 sys=0.03, real=0.05 secs] 
3835.277: [GC 3835.278: [ParNew: 341237K->21707K(353920K), 0.0566509 secs] 956306K->636776K(3106432K) icms_dc=3 , 0.0572798 secs] [Times: user=0.49 sys=0.03, real=0.06 secs] 
3836.580: [GC 3836.580: [ParNew: 336331K->26670K(353920K), 0.0502660 secs] 951400K->641739K(3106432K) icms_dc=3 , 0.0508872 secs] [Times: user=0.47 sys=0.03, real=0.05 secs] 
3837.841: [GC 3837.841: [ParNew: 341111K->26167K(353920K), 0.0557813 secs] 956181K->641236K(3106432K) icms_dc=3 , 0.0564062 secs] [Times: user=0.49 sys=0.03, real=0.06 secs] 
3840.873: [GC 3840.874: [ParNew: 340791K->31850K(353920K), 0.0541619 secs] 955860K->646919K(3106432K) icms_dc=3 , 0.0548338 secs] [Times: user=0.62 sys=0.02, real=0.06 secs] 
3842.038: [GC 3842.038: [ParNew: 346474K->30064K(353920K), 0.0792096 secs] 961543K->650973K(3106432K) icms_dc=3 , 0.0798680 secs] [Times: user=0.78 sys=0.03, real=0.08 secs] 
3842.891: [GC 3842.892: [ParNew: 344688K->32194K(353920K), 0.1026822 secs] 965597K->653104K(3106432K) icms_dc=3 , 0.1033936 secs] [Times: user=0.75 sys=0.12, real=0.10 secs] 
3843.922: [GC 3843.923: [ParNew: 347013K->32780K(353920K), 0.1314140 secs] 967922K->655593K(3106432K) icms_dc=3 , 0.1320997 secs] [Times: user=0.98 sys=0.20, real=0.13 secs] 
3844.777: [GC 3844.778: [ParNew: 347270K->26046K(353920K), 0.1249040 secs] 970082K->650757K(3106432K) icms_dc=3 , 0.1255758 secs] [Times: user=0.93 sys=0.22, real=0.13 secs] 
3845.661: [GC 3845.661: [ParNew: 340670K->24157K(353920K), 0.0561759 secs] 965381K->648868K(3106432K) icms_dc=3 , 0.0568757 secs] [Times: user=0.45 sys=0.03, real=0.06 secs] 
3846.827: [GC 3846.827: [ParNew: 338255K->22516K(353920K), 0.0495626 secs] 962965K->647227K(3106432K) icms_dc=3 , 0.0502242 secs] [Times: user=0.52 sys=0.04, real=0.05 secs] 
3847.779: [GC 3847.779: [ParNew: 337123K->26516K(353920K), 0.0634567 secs] 961833K->651226K(3106432K) icms_dc=3 , 0.0641278 secs] [Times: user=0.53 sys=0.08, real=0.06 secs] 
3849.116: [GC 3849.116: [ParNew: 341111K->22820K(353920K), 0.0488853 secs] 965822K->647530K(3106432K) icms_dc=3 , 0.0495201 secs] [Times: user=0.47 sys=0.04, real=0.05 secs] 
3850.472: [GC 3850.473: [ParNew: 337444K->22895K(353920K), 0.0776016 secs] 962154K->647605K(3106432K) icms_dc=3 , 0.0782498 secs] [Times: user=0.52 sys=0.08, real=0.08 secs] 
3851.780: [GC 3851.780: [ParNew: 337497K->27551K(353920K), 0.0568250 secs] 962207K->652261K(3106432K) icms_dc=3 , 0.0574413 secs] [Times: user=0.45 sys=0.04, real=0.06 secs] 
3853.781: [GC 3853.782: [ParNew: 342175K->23554K(353920K), 0.0530335 secs] 966885K->648264K(3106432K) icms_dc=3 , 0.0536380 secs] [Times: user=0.42 sys=0.03, real=0.05 secs] 
3855.053: [GC 3855.053: [ParNew: 338255K->26684K(353920K), 0.0489774 secs] 962965K->651394K(3106432K) icms_dc=3 , 0.0495918 secs] [Times: user=0.43 sys=0.03, real=0.05 secs] 
3856.647: [GC 3856.647: [ParNew: 341308K->24305K(353920K), 0.0506931 secs] 966018K->649015K(3106432K) icms_dc=3 , 0.0513071 secs] [Times: user=0.44 sys=0.03, real=0.05 secs] 
3857.991: [GC 3857.992: [ParNew: 338929K->28826K(353920K), 0.0768200 secs] 963639K->653536K(3106432K) icms_dc=3 , 0.0774845 secs] [Times: user=0.56 sys=0.04, real=0.08 secs] 
3858.971: [GC 3858.972: [ParNew: 343435K->29403K(353920K), 0.0562684 secs] 968145K->655586K(3106432K) icms_dc=3 , 0.0569151 secs] [Times: user=0.53 sys=0.03, real=0.06 secs] 
3860.024: [GC 3860.024: [ParNew: 344027K->26622K(353920K), 0.1791066 secs] 970210K->655535K(3106432K) icms_dc=3 , 0.1797536 secs] [Times: user=1.05 sys=0.25, real=0.18 secs] 
3860.929: [GC 3860.929: [ParNew: 341275K->26382K(353920K), 0.1000604 secs] 970188K->655294K(3106432K) icms_dc=3 , 0.1006994 secs] [Times: user=0.66 sys=0.09, real=0.10 secs] 
3862.005: [GC 3862.006: [ParNew: 341006K->28413K(353920K), 0.0678064 secs] 969918K->658778K(3106432K) icms_dc=3 , 0.0684820 secs] [Times: user=0.56 sys=0.04, real=0.07 secs] 
3862.864: [GC 3862.864: [ParNew: 343051K->23261K(353920K), 0.0447977 secs] 973416K->653627K(3106432K) icms_dc=3 , 0.0454512 secs] [Times: user=0.48 sys=0.03, real=0.05 secs] 
3863.694: [GC 3863.695: [ParNew: 337885K->24490K(353920K), 0.1116273 secs] 968251K->654855K(3106432K) icms_dc=3 , 0.1122786 secs] [Times: user=0.85 sys=0.20, real=0.11 secs] 
3864.270: [CMS-concurrent-mark: 2.499/87.570 secs] [Times: user=1188.14 sys=31.22, real=87.57 secs] 
3864.271: [CMS-concurrent-preclean-start]
3864.794: [GC 3864.794: [ParNew: 339062K->26079K(353920K), 0.1259933 secs] 969428K->656445K(3106432K) icms_dc=3 , 0.1268834 secs] [Times: user=0.91 sys=0.23, real=0.13 secs] 
3866.343: [GC 3866.343: [ParNew: 340703K->23240K(353920K), 0.0508587 secs] 971069K->653605K(3106432K) icms_dc=3 , 0.0514738 secs] [Times: user=0.45 sys=0.03, real=0.05 secs] 
3867.536: [GC 3867.536: [ParNew: 337864K->22834K(353920K), 0.0448588 secs] 968229K->653199K(3106432K) icms_dc=3 , 0.0455063 secs] [Times: user=0.44 sys=0.03, real=0.05 secs] 
3868.878: [GC 3868.879: [ParNew: 337458K->25912K(353920K), 0.0524923 secs] 967823K->656277K(3106432K) icms_dc=3 , 0.0531624 secs] [Times: user=0.48 sys=0.04, real=0.05 secs] 
3870.688: [GC 3870.689: [ParNew: 340532K->22391K(353920K), 0.0402185 secs] 970897K->652757K(3106432K) icms_dc=3 , 0.0408506 secs] [Times: user=0.46 sys=0.04, real=0.04 secs] 
3872.376: [GC 3872.376: [ParNew: 337015K->24390K(353920K), 0.0456337 secs] 967381K->654756K(3106432K) icms_dc=3 , 0.0462507 secs] [Times: user=0.46 sys=0.03, real=0.05 secs] 
3873.785: [GC 3873.786: [ParNew: 339014K->26687K(353920K), 0.0530344 secs] 969380K->657053K(3106432K) icms_dc=3 , 0.0536542 secs] [Times: user=0.46 sys=0.02, real=0.05 secs] 
3875.280: [GC 3875.280: [ParNew: 341311K->24981K(353920K), 0.0481470 secs] 971677K->655347K(3106432K) icms_dc=3 , 0.0487790 secs] [Times: user=0.45 sys=0.03, real=0.05 secs] 
3876.766: [GC 3876.766: [ParNew: 339605K->30488K(353920K), 0.0485182 secs] 969971K->660853K(3106432K) icms_dc=3 , 0.0491437 secs] [Times: user=0.47 sys=0.02, real=0.05 secs] 
3878.003: [GC 3878.003: [ParNew: 345112K->25117K(353920K), 0.0592483 secs] 975477K->655482K(3106432K) icms_dc=3 , 0.0598879 secs] [Times: user=0.60 sys=0.05, real=0.06 secs] 
3878.973: [GC 3878.974: [ParNew: 339741K->26371K(353920K), 0.1272153 secs] 970106K->661531K(3106432K) icms_dc=3 , 0.1278495 secs] [Times: user=0.99 sys=0.16, real=0.13 secs] 
3879.968: [GC 3879.968: [ParNew: 340888K->22204K(353920K), 0.0451645 secs] 976047K->657364K(3106432K) icms_dc=3 , 0.0458391 secs] [Times: user=0.43 sys=0.04, real=0.05 secs] 
3881.203: [GC 3881.204: [ParNew: 336828K->22271K(353920K), 0.0428689 secs] 971988K->657430K(3106432K) icms_dc=3 , 0.0435020 secs] [Times: user=0.41 sys=0.02, real=0.04 secs] 
3882.537: [GC 3882.537: [ParNew: 336895K->25642K(353920K), 0.1021490 secs] 972054K->660801K(3106432K) icms_dc=3 , 0.1027913 secs] [Times: user=0.74 sys=0.10, real=0.10 secs] 
3883.569: [GC 3883.569: [ParNew: 340192K->27853K(353920K), 0.1070821 secs] 975352K->663012K(3106432K) icms_dc=3 , 0.1077407 secs] [Times: user=0.81 sys=0.17, real=0.11 secs] 
3884.411: [GC 3884.411: [ParNew: 342477K->29956K(353920K), 0.0710593 secs] 977636K->665115K(3106432K) icms_dc=3 , 0.0717089 secs] [Times: user=0.64 sys=0.07, real=0.07 secs] 
3885.388: [GC 3885.389: [ParNew: 344607K->23141K(353920K), 0.0613906 secs] 979767K->661043K(3106432K) icms_dc=3 , 0.0620121 secs] [Times: user=0.52 sys=0.03, real=0.06 secs] 
3886.338: [GC 3886.339: [ParNew: 337765K->27231K(353920K), 0.0527150 secs] 975667K->665133K(3106432K) icms_dc=3 , 0.0533800 secs] [Times: user=0.45 sys=0.02, real=0.05 secs] 
3887.331: [GC 3887.332: [ParNew: 341855K->21347K(353920K), 0.0921111 secs] 979757K->659249K(3106432K) icms_dc=3 , 0.0927437 secs] [Times: user=0.70 sys=0.14, real=0.09 secs] 
3888.648: [GC 3888.649: [ParNew: 335971K->21709K(353920K), 0.0525957 secs] 973873K->659611K(3106432K) icms_dc=3 , 0.0532237 secs] [Times: user=0.44 sys=0.04, real=0.05 secs] 
3890.119: [GC 3890.119: [ParNew: 336333K->21132K(353920K), 0.0380073 secs] 974235K->659034K(3106432K) icms_dc=3 , 0.0386436 secs] [Times: user=0.42 sys=0.03, real=0.04 secs] 
3891.189: [GC 3891.190: [ParNew: 335756K->24301K(353920K), 0.0552385 secs] 973658K->662203K(3106432K) icms_dc=3 , 0.0558883 secs] [Times: user=0.46 sys=0.03, real=0.06 secs] 
3892.515: [GC 3892.515: [ParNew: 338668K->24495K(353920K), 0.0487360 secs] 976570K->662397K(3106432K) icms_dc=3 , 0.0493608 secs] [Times: user=0.43 sys=0.03, real=0.05 secs] 
3893.729: [GC 3893.730: [ParNew: 339119K->24279K(353920K), 0.0433506 secs] 977021K->662181K(3106432K) icms_dc=3 , 0.0439568 secs] [Times: user=0.44 sys=0.03, real=0.04 secs] 
3895.368: [GC 3895.368: [ParNew: 338569K->28637K(353920K), 0.0667201 secs] 976471K->666539K(3106432K) icms_dc=3 , 0.0673258 secs] [Times: user=0.56 sys=0.08, real=0.07 secs] 
3897.023: [GC 3897.024: [ParNew: 343107K->21098K(353920K), 0.0472517 secs] 981009K->659000K(3106432K) icms_dc=3 , 0.0479485 secs] [Times: user=0.47 sys=0.03, real=0.05 secs] 
3898.279: [GC 3898.280: [ParNew: 335722K->30201K(353920K), 0.0549646 secs] 973624K->668103K(3106432K) icms_dc=3 , 0.0555701 secs] [Times: user=0.48 sys=0.03, real=0.06 secs] 
3899.386: [GC 3899.386: [ParNew: 344849K->23115K(353920K), 0.0602758 secs] 982751K->664509K(3106432K) icms_dc=3 , 0.0608887 secs] [Times: user=0.54 sys=0.03, real=0.06 secs] 
3900.552: [GC 3900.552: [ParNew: 337739K->23945K(353920K), 0.0588971 secs] 979133K->665339K(3106432K) icms_dc=3 , 0.0595236 secs] [Times: user=0.47 sys=0.05, real=0.06 secs] 
3901.366: [CMS-concurrent-preclean: 0.992/37.095 secs] [Times: user=446.55 sys=11.75, real=37.10 secs] 
3901.367: [CMS-concurrent-abortable-preclean-start]
3902.112: [GC 3902.112: [ParNew: 338627K->21324K(353920K), 0.0455491 secs] 980021K->662718K(3106432K) icms_dc=3 , 0.0461817 secs] [Times: user=0.47 sys=0.03, real=0.05 secs] 
3903.306: [GC 3903.306: [ParNew: 335948K->25292K(353920K), 0.0496113 secs] 977342K->666686K(3106432K) icms_dc=3 , 0.0506493 secs] [Times: user=0.41 sys=0.03, real=0.05 secs] 
3904.277: [GC 3904.277: [ParNew: 339916K->27006K(353920K), 0.1152113 secs] 981310K->668400K(3106432K) icms_dc=3 , 0.1158425 secs] [Times: user=0.88 sys=0.17, real=0.12 secs] 
3905.346: [GC 3905.347: [ParNew: 341630K->30185K(353920K), 0.0577614 secs] 983024K->671579K(3106432K) icms_dc=3 , 0.0584385 secs] [Times: user=0.50 sys=0.02, real=0.06 secs] 
3906.306: [GC 3906.307: [ParNew: 344809K->32342K(353920K), 0.1302740 secs] 986203K->673736K(3106432K) icms_dc=3 , 0.1309118 secs] [Times: user=1.00 sys=0.24, real=0.13 secs] 
 CMS: abort preclean due to time 3907.017: [CMS-concurrent-abortable-preclean: 0.151/5.650 secs] [Times: user=80.93 sys=2.32, real=5.65 secs] 
3907.024: [GC[YG occupancy: 188396 K (353920 K)]3907.024: [Rescan (parallel) , 0.6753708 secs]3907.700: [weak refs processing, 0.0024212 secs] [1 CMS-remark: 641394K(2752512K)] 829790K(3106432K), 0.6782254 secs] [Times: user=3.99 sys=1.73, real=0.68 secs] 
3907.703: [CMS-concurrent-sweep-start]
3908.320: [GC 3908.321: [ParNew: 346874K->23025K(353920K), 0.0553883 secs] 988226K->667573K(3106432K) icms_dc=3 , 0.0561080 secs] [Times: user=0.50 sys=0.01, real=0.06 secs] 
3909.545: [GC 3909.545: [ParNew: 337649K->25151K(353920K), 0.1057152 secs] 982120K->669622K(3106432K) icms_dc=3 , 0.1063395 secs] [Times: user=0.75 sys=0.15, real=0.11 secs] 
3910.614: [GC 3910.614: [ParNew: 339775K->21657K(353920K), 0.0440063 secs] 984160K->666041K(3106432K) icms_dc=3 , 0.0446227 secs] [Times: user=0.45 sys=0.03, real=0.04 secs] 
3911.715: [GC 3911.716: [ParNew: 336281K->26746K(353920K), 0.0689374 secs] 980583K->671048K(3106432K) icms_dc=3 , 0.0695564 secs] [Times: user=0.53 sys=0.07, real=0.07 secs] 
3912.875: [GC 3912.875: [ParNew: 341370K->25310K(353920K), 0.0987808 secs] 985644K->669584K(3106432K) icms_dc=3 , 0.0994112 secs] [Times: user=0.81 sys=0.17, real=0.10 secs] 
3914.101: [GC 3914.102: [ParNew: 339934K->24562K(353920K), 0.0530620 secs] 984134K->668761K(3106432K) icms_dc=3 , 0.0536911 secs] [Times: user=0.44 sys=0.03, real=0.05 secs] 
3915.189: [GC 3915.190: [ParNew: 339144K->25584K(353920K), 0.0534608 secs] 983188K->669628K(3106432K) icms_dc=3 , 0.0541300 secs] [Times: user=0.46 sys=0.03, real=0.05 secs] 
3916.431: [GC 3916.432: [ParNew: 340105K->24962K(353920K), 0.0555363 secs] 984051K->668908K(3106432K) icms_dc=3 , 0.0561610 secs] [Times: user=0.45 sys=0.03, real=0.06 secs] 
3917.728: [GC 3917.728: [ParNew: 339586K->28230K(353920K), 0.1031408 secs] 983422K->672065K(3106432K) icms_dc=3 , 0.1037813 secs] [Times: user=0.70 sys=0.13, real=0.10 secs] 
3918.925: [GC 3918.925: [ParNew: 342854K->28322K(353920K), 0.0541783 secs] 986563K->672031K(3106432K) icms_dc=3 , 0.0548398 secs] [Times: user=0.52 sys=0.04, real=0.06 secs] 
3920.044: [GC 3920.044: [ParNew: 342946K->31990K(353920K), 0.1139864 secs] 986623K->675667K(3106432K) icms_dc=3 , 0.1146930 secs] [Times: user=0.92 sys=0.22, real=0.12 secs] 
3921.136: [GC 3921.136: [ParNew: 346614K->24929K(353920K), 0.1262077 secs] 990258K->668573K(3106432K) icms_dc=3 , 0.1269079 secs] [Times: user=0.97 sys=0.23, real=0.13 secs] 
3922.369: [GC 3922.370: [ParNew: 339553K->24507K(353920K), 0.0583252 secs] 983102K->672437K(3106432K) icms_dc=3 , 0.0589686 secs] [Times: user=0.57 sys=0.01, real=0.06 secs] 
3923.305: [GC 3923.305: [ParNew: 339131K->24121K(353920K), 0.0597001 secs] 986914K->671904K(3106432K) icms_dc=3 , 0.0603334 secs] [Times: user=0.56 sys=0.08, real=0.06 secs] 
3924.593: [GC 3924.593: [ParNew: 338745K->16833K(353920K), 0.0704536 secs] 986322K->664411K(3106432K) icms_dc=3 , 0.0710789 secs] [Times: user=0.60 sys=0.08, real=0.07 secs] 
3925.988: [GC 3925.989: [ParNew: 331457K->20234K(353920K), 0.0418864 secs] 978923K->667700K(3106432K) icms_dc=3 , 0.0425166 secs] [Times: user=0.41 sys=0.03, real=0.04 secs] 
3927.466: [GC 3927.467: [ParNew: 334858K->22095K(353920K), 0.0418413 secs] 982220K->669457K(3106432K) icms_dc=3 , 0.0424415 secs] [Times: user=0.44 sys=0.04, real=0.04 secs] 
3929.141: [GC 3929.141: [ParNew: 336719K->16361K(353920K), 0.0461486 secs] 983196K->662838K(3106432K) icms_dc=3 , 0.0467509 secs] [Times: user=0.43 sys=0.03, real=0.05 secs] 
3930.322: [GC 3930.323: [ParNew: 330985K->22802K(353920K), 0.1114481 secs] 977356K->669173K(3106432K) icms_dc=3 , 0.1121023 secs] [Times: user=0.89 sys=0.19, real=0.11 secs] 
3931.373: [GC 3931.373: [ParNew: 337426K->28453K(353920K), 0.1323158 secs] 983529K->674556K(3106432K) icms_dc=3 , 0.1329502 secs] [Times: user=1.00 sys=0.26, real=0.13 secs] 
3932.416: [GC 3932.416: [ParNew: 343077K->29482K(353920K), 0.0613508 secs] 988188K->674593K(3106432K) icms_dc=3 , 0.0620261 secs] [Times: user=0.53 sys=0.05, real=0.06 secs] 
3933.696: [GC 3933.697: [ParNew: 344106K->20634K(353920K), 0.0831103 secs] 988352K->664880K(3106432K) icms_dc=3 , 0.0837833 secs] [Times: user=0.70 sys=0.13, real=0.08 secs] 
3934.855: [GC 3934.855: [ParNew: 334777K->28673K(353920K), 0.1031504 secs] 978706K->672602K(3106432K) icms_dc=3 , 0.1038281 secs] [Times: user=0.82 sys=0.14, real=0.10 secs] 
3935.965: [GC 3935.965: [ParNew: 343297K->20718K(353920K), 0.0666749 secs] 986948K->668190K(3106432K) icms_dc=3 , 0.0674127 secs] [Times: user=0.76 sys=0.02, real=0.07 secs] 
3937.111: [GC 3937.111: [ParNew: 335342K->23272K(353920K), 0.0539621 secs] 982708K->670639K(3106432K) icms_dc=3 , 0.0546476 secs] [Times: user=0.44 sys=0.04, real=0.05 secs] 
3938.411: [GC 3938.411: [ParNew: 337896K->25954K(353920K), 0.0573383 secs] 985146K->673204K(3106432K) icms_dc=3 , 0.0580266 secs] [Times: user=0.56 sys=0.02, real=0.06 secs] 
3939.515: [GC 3939.515: [ParNew: 340578K->21095K(353920K), 0.0491564 secs] 987777K->668293K(3106432K) icms_dc=3 , 0.0498153 secs] [Times: user=0.56 sys=0.04, real=0.05 secs] 
3940.829: [GC 3940.829: [ParNew: 335682K->26880K(353920K), 0.1499647 secs] 982828K->674026K(3106432K) icms_dc=3 , 0.1507422 secs] [Times: user=1.04 sys=0.26, real=0.15 secs] 
3942.186: [GC 3942.187: [ParNew: 341490K->23612K(353920K), 0.0493771 secs] 988390K->670512K(3106432K) icms_dc=3 , 0.0501276 secs] [Times: user=0.55 sys=0.05, real=0.05 secs] 
3943.314: [GC 3943.314: [ParNew: 338017K->25798K(353920K), 0.0558889 secs] 984577K->672359K(3106432K) icms_dc=3 , 0.0565256 secs] [Times: user=0.50 sys=0.04, real=0.06 secs] 
3944.464: [GC 3944.465: [ParNew: 340422K->25800K(353920K), 0.1000776 secs] 986009K->671387K(3106432K) icms_dc=3 , 0.1007159 secs] [Times: user=0.77 sys=0.14, real=0.10 secs] 
3945.612: [GC 3945.612: [ParNew: 340424K->23084K(353920K), 0.0479183 secs] 985184K->667844K(3106432K) icms_dc=3 , 0.0486058 secs] [Times: user=0.49 sys=0.03, real=0.05 secs] 
3946.978: [GC 3946.978: [ParNew: 337430K->26750K(353920K), 0.0751848 secs] 981234K->670555K(3106432K) icms_dc=3 , 0.0758266 secs] [Times: user=0.64 sys=0.09, real=0.08 secs] 
3948.308: [GC 3948.308: [ParNew: 341374K->27014K(353920K), 0.0738694 secs] 982849K->668489K(3106432K) icms_dc=3 , 0.0745543 secs] [Times: user=0.62 sys=0.07, real=0.07 secs] 
3949.399: [GC 3949.400: [ParNew: 341638K->27799K(353920K), 0.0481369 secs] 982381K->668542K(3106432K) icms_dc=3 , 0.0487597 secs] [Times: user=0.50 sys=0.03, real=0.05 secs] 
3950.821: [GC 3950.821: [ParNew: 342311K->26675K(353920K), 0.0524018 secs] 982402K->666766K(3106432K) icms_dc=3 , 0.0530352 secs] [Times: user=0.49 sys=0.03, real=0.05 secs] 
3951.833: [GC 3951.834: [ParNew: 341299K->28511K(353920K), 0.0810883 secs] 981333K->668545K(3106432K) icms_dc=3 , 0.0817311 secs] [Times: user=0.71 sys=0.09, real=0.08 secs] 
3952.806: [GC 3952.807: [ParNew: 343135K->32411K(353920K), 0.1087794 secs] 983129K->672404K(3106432K) icms_dc=3 , 0.1094421 secs] [Times: user=0.81 sys=0.11, real=0.11 secs] 
3953.777: [GC 3953.777: [ParNew: 346909K->25077K(353920K), 0.0549977 secs] 986859K->669613K(3106432K) icms_dc=3 , 0.0557037 secs] [Times: user=0.60 sys=0.03, real=0.06 secs] 
3954.892: [GC 3954.893: [ParNew: 339601K->23420K(353920K), 0.1260864 secs] 983899K->667717K(3106432K) icms_dc=3 , 0.1267417 secs] [Times: user=0.93 sys=0.25, real=0.13 secs] 
3956.418: [GC 3956.419: [ParNew: 338013K->18277K(353920K), 0.0540841 secs] 981674K->661938K(3106432K) icms_dc=3 , 0.0547840 secs] [Times: user=0.43 sys=0.04, real=0.06 secs] 
3957.776: [GC 3957.776: [ParNew: 332901K->25041K(353920K), 0.0760892 secs] 975483K->667623K(3106432K) icms_dc=3 , 0.0768003 secs] [Times: user=0.61 sys=0.09, real=0.08 secs] 
3958.826: [GC 3958.827: [ParNew: 339580K->25464K(353920K), 0.0659695 secs] 981215K->667099K(3106432K) icms_dc=3 , 0.0666590 secs] [Times: user=0.55 sys=0.05, real=0.07 secs] 
3959.882: [GC 3959.882: [ParNew: 340088K->27965K(353920K), 0.0506281 secs] 981123K->669000K(3106432K) icms_dc=3 , 0.0513727 secs] [Times: user=0.47 sys=0.03, real=0.05 secs] 
3960.887: [GC 3960.887: [ParNew: 342589K->29865K(353920K), 0.0512479 secs] 982750K->670026K(3106432K) icms_dc=3 , 0.0518840 secs] [Times: user=0.53 sys=0.03, real=0.05 secs] 
3962.076: [GC 3962.076: [ParNew: 344489K->27905K(353920K), 0.0758601 secs] 983514K->666930K(3106432K) icms_dc=3 , 0.0765836 secs] [Times: user=0.63 sys=0.06, real=0.08 secs] 
3963.180: [GC 3963.181: [ParNew: 342529K->21964K(353920K), 0.0721646 secs] 981209K->660644K(3106432K) icms_dc=3 , 0.0727796 secs] [Times: user=0.59 sys=0.08, real=0.07 secs] 
3964.765: [GC 3964.765: [ParNew: 336588K->24175K(353920K), 0.1253400 secs] 973090K->660677K(3106432K) icms_dc=3 , 0.1259931 secs] [Times: user=0.99 sys=0.25, real=0.13 secs] 
3966.180: [GC 3966.181: [ParNew: 338802K->26139K(353920K), 0.0761000 secs] 973088K->660424K(3106432K) icms_dc=3 , 0.0767833 secs] [Times: user=0.67 sys=0.10, real=0.08 secs] 
3966.263: [GC 3966.263: [ParNew: 27042K->27096K(353920K), 0.1026528 secs] 661327K->661382K(3106432K) icms_dc=3 , 0.1032765 secs] [Times: user=0.89 sys=0.23, real=0.10 secs] 
3967.494: [GC 3967.495: [ParNew: 341602K->30077K(353920K), 0.0654966 secs] 974599K->663074K(3106432K) icms_dc=3 , 0.0661784 secs] [Times: user=0.59 sys=0.04, real=0.07 secs] 
3968.887: [GC 3968.888: [ParNew: 344701K->23649K(353920K), 0.0514260 secs] 975608K->654556K(3106432K) icms_dc=3 , 0.0520872 secs] [Times: user=0.50 sys=0.03, real=0.05 secs] 
3969.946: [GC 3969.946: [ParNew: 338211K->30037K(353920K), 0.1437649 secs] 968441K->660267K(3106432K) icms_dc=3 , 0.1444927 secs] [Times: user=1.13 sys=0.29, real=0.14 secs] 
3971.098: [GC 3971.099: [ParNew: 344661K->25557K(353920K), 0.0737442 secs] 974283K->660112K(3106432K) icms_dc=3 , 0.0744713 secs] [Times: user=0.64 sys=0.02, real=0.07 secs] 
3972.096: [GC 3972.096: [ParNew: 340181K->27411K(353920K), 0.1131467 secs] 974268K->661498K(3106432K) icms_dc=3 , 0.1142123 secs] [Times: user=0.73 sys=0.14, real=0.11 secs] 
3973.063: [GC 3973.063: [ParNew: 342035K->24704K(353920K), 0.0472473 secs] 975617K->658285K(3106432K) icms_dc=3 , 0.0479168 secs] [Times: user=0.48 sys=0.04, real=0.05 secs] 
3974.233: [GC 3974.234: [ParNew: 339294K->26720K(353920K), 0.0528599 secs] 972515K->659941K(3106432K) icms_dc=3 , 0.2339949 secs] [Times: user=0.53 sys=0.04, real=0.24 secs] 
3975.396: [GC 3975.396: [ParNew: 341256K->26214K(353920K), 0.0493231 secs] 974080K->659038K(3106432K) icms_dc=3 , 0.0500519 secs] [Times: user=0.50 sys=0.05, real=0.05 secs] 
3976.609: [GC 3976.609: [ParNew: 340838K->27851K(353920K), 0.1076191 secs] 972952K->659965K(3106432K) icms_dc=3 , 0.1082544 secs] [Times: user=0.73 sys=0.14, real=0.11 secs] 
3977.641: [GC 3977.641: [ParNew: 342475K->21969K(353920K), 0.0484313 secs] 974390K->653884K(3106432K) icms_dc=3 , 0.0490837 secs] [Times: user=0.47 sys=0.03, real=0.05 secs] 
3978.937: [GC 3978.938: [ParNew: 336596K->24753K(353920K), 0.0643812 secs] 968061K->656219K(3106432K) icms_dc=3 , 0.0650428 secs] [Times: user=0.54 sys=0.06, real=0.07 secs] 
3980.421: [GC 3980.421: [ParNew: 339377K->22646K(353920K), 0.1216040 secs] 969457K->652726K(3106432K) icms_dc=3 , 0.1222467 secs] [Times: user=0.82 sys=0.15, real=0.12 secs] 
3981.638: [GC 3981.638: [ParNew: 337248K->23791K(353920K), 0.0543213 secs] 966224K->652767K(3106432K) icms_dc=3 , 0.0549975 secs] [Times: user=0.49 sys=0.04, real=0.06 secs] 
3983.231: [GC 3983.231: [ParNew: 338415K->27442K(353920K), 0.0492259 secs] 967043K->656070K(3106432K) icms_dc=3 , 0.0498644 secs] [Times: user=0.46 sys=0.03, real=0.05 secs] 
3984.908: [GC 3984.908: [ParNew: 342066K->22400K(353920K), 0.0482957 secs] 969605K->649939K(3106432K) icms_dc=3 , 0.0489252 secs] [Times: user=0.47 sys=0.04, real=0.05 secs] 
3986.052: [GC 3986.052: [ParNew: 337024K->28225K(353920K), 0.0979044 secs] 963858K->655059K(3106432K) icms_dc=3 , 0.0985217 secs] [Times: user=0.68 sys=0.12, real=0.10 secs] 
3987.170: [GC 3987.171: [ParNew: 342849K->28199K(353920K), 0.0678272 secs] 968615K->653965K(3106432K) icms_dc=3 , 0.0685063 secs] [Times: user=0.63 sys=0.08, real=0.07 secs] 
3988.343: [GC 3988.343: [ParNew: 342823K->25402K(353920K), 0.0475013 secs] 967320K->649900K(3106432K) icms_dc=3 , 0.0481134 secs] [Times: user=0.45 sys=0.03, real=0.05 secs] 
3989.796: [GC 3989.797: [ParNew: 340026K->27772K(353920K), 0.0865386 secs] 963511K->651257K(3106432K) icms_dc=3 , 0.0871755 secs] [Times: user=0.66 sys=0.09, real=0.09 secs] 
3991.095: [GC 3991.095: [ParNew: 342396K->24008K(353920K), 0.0438920 secs] 964971K->646583K(3106432K) icms_dc=3 , 0.0445070 secs] [Times: user=0.47 sys=0.02, real=0.04 secs] 
3992.296: [GC 3992.296: [ParNew: 338632K->28539K(353920K), 0.0955282 secs] 960189K->650096K(3106432K) icms_dc=3 , 0.0961662 secs] [Times: user=0.77 sys=0.14, real=0.10 secs] 
3993.793: [GC 3993.794: [ParNew: 343163K->20028K(353920K), 0.0657756 secs] 963956K->646370K(3106432K) icms_dc=3 , 0.0664053 secs] [Times: user=0.57 sys=0.03, real=0.07 secs] 
3994.889: [GC 3994.889: [ParNew: 334652K->24406K(353920K), 0.1053466 secs] 960166K->649920K(3106432K) icms_dc=3 , 0.1059811 secs] [Times: user=0.79 sys=0.18, real=0.11 secs] 
3995.887: [GC 3995.888: [ParNew: 339030K->24608K(353920K), 0.0427442 secs] 964029K->649607K(3106432K) icms_dc=3 , 0.0433603 secs] [Times: user=0.44 sys=0.03, real=0.04 secs] 
3997.028: [GC 3997.028: [ParNew: 339232K->16892K(353920K), 0.0399237 secs] 963317K->640977K(3106432K) icms_dc=3 , 0.0405702 secs] [Times: user=0.42 sys=0.03, real=0.04 secs] 
3997.976: [GC 3997.977: [ParNew: 331516K->22448K(353920K), 0.0687605 secs] 954961K->645893K(3106432K) icms_dc=3 , 0.0694483 secs] [Times: user=0.54 sys=0.05, real=0.07 secs] 
3998.950: [GC 3998.950: [ParNew: 337657K->26726K(353920K), 0.0514068 secs] 960793K->649862K(3106432K) icms_dc=3 , 0.0520510 secs] [Times: user=0.48 sys=0.03, real=0.05 secs] 
3999.820: [GC 3999.821: [ParNew: 341322K->30209K(353920K), 0.0807240 secs] 964141K->653027K(3106432K) icms_dc=3 , 0.0813876 secs] [Times: user=0.67 sys=0.09, real=0.08 secs] 
4000.797: [GC 4000.797: [ParNew: 344833K->23095K(353920K), 0.0799655 secs] 966807K->647097K(3106432K) icms_dc=3 , 0.0805959 secs] [Times: user=0.65 sys=0.09, real=0.08 secs] 
4001.798: [GC 4001.799: [ParNew: 337719K->22928K(353920K), 0.0491571 secs] 960772K->645981K(3106432K) icms_dc=3 , 0.0498002 secs] [Times: user=0.48 sys=0.04, real=0.05 secs] 
4002.974: [GC 4002.974: [ParNew: 337552K->19218K(353920K), 0.0402737 secs] 959580K->641245K(3106432K) icms_dc=3 , 0.0409093 secs] [Times: user=0.40 sys=0.03, real=0.04 secs] 
4004.230: [GC 4004.231: [ParNew: 333842K->25945K(353920K), 0.2264770 secs] 955386K->647490K(3106432K) icms_dc=3 , 0.2271164 secs] [Times: user=1.43 sys=0.48, real=0.23 secs] 
4004.943: [CMS-concurrent-sweep: 2.640/97.240 secs] [Times: user=1421.99 sys=38.69, real=97.24 secs] 
4004.944: [CMS-concurrent-reset-start]
4005.749: [GC 4005.750: [ParNew: 340569K->17432K(353920K), 0.0610398 secs] 962026K->638889K(3106432K) icms_dc=3 , 0.0616576 secs] [Times: user=0.53 sys=0.09, real=0.06 secs] 
4006.434: [CMS-concurrent-reset: 0.026/1.490 secs] [Times: user=15.59 sys=0.42, real=1.49 secs] 
4007.168: [GC 4007.168: [ParNew: 332056K->22236K(353920K), 0.0522629 secs] 953513K->643692K(3106432K) icms_dc=0 , 0.0528733 secs] [Times: user=0.41 sys=0.03, real=0.05 secs] 
4008.487: [GC 4008.487: [ParNew: 336205K->24315K(353920K), 0.0668401 secs] 957661K->645771K(3106432K) icms_dc=0 , 0.0674681 secs] [Times: user=0.54 sys=0.08, real=0.07 secs] 
4009.652: [GC 4009.652: [ParNew: 338939K->26149K(353920K), 0.0555710 secs] 960395K->647606K(3106432K) icms_dc=0 , 0.0562912 secs] [Times: user=0.51 sys=0.04, real=0.06 secs] 
4010.919: [GC 4010.919: [ParNew: 340773K->24835K(353920K), 0.0516957 secs] 962230K->646291K(3106432K) icms_dc=0 , 0.0523562 secs] [Times: user=0.48 sys=0.03, real=0.05 secs] 
4012.071: [GC 4012.071: [ParNew: 339459K->27451K(353920K), 0.1275357 secs] 960915K->648908K(3106432K) icms_dc=0 , 0.1281714 secs] [Times: user=0.99 sys=0.24, real=0.13 secs] 
4013.226: [GC 4013.226: [ParNew: 342075K->25812K(353920K), 0.0656384 secs] 963532K->647269K(3106432K) icms_dc=0 , 0.0662690 secs] [Times: user=0.58 sys=0.05, real=0.07 secs] 
4014.636: [GC 4014.637: [ParNew: 340436K->20939K(353920K), 0.1034773 secs] 961893K->642396K(3106432K) icms_dc=0 , 0.1041012 secs] [Times: user=0.90 sys=0.15, real=0.10 secs] 
4016.205: [GC 4016.205: [ParNew: 335563K->25688K(353920K), 0.0744224 secs] 957020K->647145K(3106432K) icms_dc=0 , 0.0750602 secs] [Times: user=0.58 sys=0.07, real=0.08 secs] 
4017.512: [GC 4017.513: [ParNew: 340312K->24916K(353920K), 0.0474636 secs] 961769K->646373K(3106432K) icms_dc=0 , 0.0480688 secs] [Times: user=0.46 sys=0.03, real=0.05 secs] 
4018.599: [GC 4018.600: [ParNew: 339540K->30384K(353920K), 0.0623298 secs] 960997K->651840K(3106432K) icms_dc=0 , 0.0629640 secs] [Times: user=0.58 sys=0.06, real=0.06 secs] 
4019.856: [GC 4019.856: [ParNew: 344941K->18126K(353920K), 0.1251926 secs] 966398K->644474K(3106432K) icms_dc=0 , 0.1258087 secs] [Times: user=0.94 sys=0.19, real=0.13 secs] 
4020.949: [GC 4020.950: [ParNew: 332750K->23029K(353920K), 0.0608430 secs] 959098K->649377K(3106432K) icms_dc=0 , 0.0614683 secs] [Times: user=0.59 sys=0.06, real=0.06 secs] 
4021.834: [GC 4021.834: [ParNew: 337653K->27120K(353920K), 0.0503805 secs] 964001K->653468K(3106432K) icms_dc=0 , 0.0510270 secs] [Times: user=0.46 sys=0.02, real=0.05 secs] 
4022.769: [GC 4022.770: [ParNew: 341744K->26342K(353920K), 0.1214549 secs] 968092K->652691K(3106432K) icms_dc=0 , 0.1220957 secs] [Times: user=0.89 sys=0.19, real=0.12 secs] 
4023.845: [GC 4023.845: [ParNew: 340966K->22417K(353920K), 0.0657556 secs] 967315K->648765K(3106432K) icms_dc=0 , 0.0664074 secs] [Times: user=0.57 sys=0.07, real=0.07 secs] 
4024.894: [GC 4024.895: [ParNew: 337726K->26992K(353920K), 0.0438887 secs] 964075K->653340K(3106432K) icms_dc=0 , 0.0445069 secs] [Times: user=0.45 sys=0.03, real=0.04 secs] 
4026.041: [GC 4026.170: [ParNew: 341616K->23190K(353920K), 0.0498296 secs] 967964K->649538K(3106432K) icms_dc=0 , 0.0505234 secs] [Times: user=0.48 sys=0.05, real=0.18 secs] 
4027.258: [GC 4027.258: [ParNew: 337841K->21590K(353920K), 0.0376203 secs] 964189K->647938K(3106432K) icms_dc=0 , 0.0383404 secs] [Times: user=0.43 sys=0.03, real=0.04 secs] 
4028.455: [GC 4028.456: [ParNew: 336181K->28511K(353920K), 0.1255248 secs] 962529K->654859K(3106432K) icms_dc=0 , 0.1261474 secs] [Times: user=0.91 sys=0.23, real=0.13 secs] 
4029.421: [GC 4029.421: [ParNew: 343135K->32977K(353920K), 0.0554057 secs] 969483K->659325K(3106432K) icms_dc=0 , 0.0560138 secs] [Times: user=0.50 sys=0.03, real=0.06 secs] 
4030.474: [GC 4030.475: [ParNew: 347601K->20379K(353920K), 0.0518673 secs] 973949K->650504K(3106432K) icms_dc=0 , 0.0524989 secs] [Times: user=0.53 sys=0.03, real=0.05 secs] 
4031.571: [GC 4031.572: [ParNew: 335003K->17399K(353920K), 0.0516277 secs] 965128K->647524K(3106432K) icms_dc=0 , 0.0522824 secs] [Times: user=0.42 sys=0.04, real=0.05 secs] 
4032.819: [GC 4032.819: [ParNew: 332023K->21086K(353920K), 0.0457672 secs] 962148K->651211K(3106432K) icms_dc=0 , 0.0464153 secs] [Times: user=0.46 sys=0.04, real=0.05 secs] 
4034.080: [GC 4034.080: [ParNew: 335710K->21322K(353920K), 0.0634560 secs] 965835K->651447K(3106432K) icms_dc=0 , 0.0640915 secs] [Times: user=0.49 sys=0.05, real=0.06 secs] 
4035.519: [GC 4035.520: [ParNew: 335946K->17469K(353920K), 0.0495995 secs] 966071K->647594K(3106432K) icms_dc=0 , 0.0502569 secs] [Times: user=0.38 sys=0.03, real=0.05 secs] 
4037.188: [GC 4037.189: [ParNew: 332093K->19943K(353920K), 0.0530256 secs] 962218K->650068K(3106432K) icms_dc=0 , 0.0536813 secs] [Times: user=0.49 sys=0.06, real=0.05 secs] 
4038.406: [GC 4038.406: [ParNew: 334567K->24306K(353920K), 0.0522405 secs] 964692K->654430K(3106432K) icms_dc=0 , 0.0529091 secs] [Times: user=0.47 sys=0.05, real=0.05 secs] 
4039.394: [GC 4039.394: [ParNew: 338930K->23799K(353920K), 0.0434451 secs] 969054K->653924K(3106432K) icms_dc=0 , 0.0440579 secs] [Times: user=0.43 sys=0.03, real=0.04 secs] 
4040.446: [GC 4040.446: [ParNew: 338423K->23729K(353920K), 0.0472277 secs] 968548K->653854K(3106432K) icms_dc=0 , 0.0478723 secs] [Times: user=0.45 sys=0.03, real=0.05 secs] 
4041.407: [GC 4041.407: [ParNew: 338353K->25049K(353920K), 0.0502682 secs] 968478K->655174K(3106432K) icms_dc=0 , 0.0509663 secs] [Times: user=0.48 sys=0.04, real=0.05 secs] 
4042.419: [GC 4042.419: [ParNew: 339673K->27127K(353920K), 0.0644173 secs] 969798K->657252K(3106432K) icms_dc=0 , 0.0650725 secs] [Times: user=0.62 sys=0.02, real=0.07 secs] 
4043.424: [GC 4043.424: [ParNew: 341950K->31434K(353920K), 0.0523780 secs] 972075K->661559K(3106432K) icms_dc=0 , 0.0530148 secs] [Times: user=0.53 sys=0.03, real=0.05 secs] 
4043.483: [GC 4043.483: [ParNew: 33022K->23611K(353920K), 0.0376391 secs] 663147K->656786K(3106432K) icms_dc=0 , 0.0382000 secs] [Times: user=0.50 sys=0.03, real=0.04 secs] 
4044.398: [GC 4044.398: [ParNew: 338235K->22054K(353920K), 0.0662539 secs] 971410K->655229K(3106432K) icms_dc=0 , 0.0668847 secs] [Times: user=0.62 sys=0.10, real=0.07 secs] 
4045.315: [GC 4045.315: [ParNew: 336678K->22267K(353920K), 0.0487993 secs] 969853K->655442K(3106432K) icms_dc=0 , 0.0494941 secs] [Times: user=0.43 sys=0.03, real=0.05 secs] 
4046.377: [GC 4046.378: [ParNew: 336891K->23537K(353920K), 0.0670147 secs] 970066K->656712K(3106432K) icms_dc=0 , 0.0676354 secs] [Times: user=0.59 sys=0.09, real=0.07 secs] 
4047.670: [GC 4047.670: [ParNew: 338088K->19662K(353920K), 0.0475178 secs] 971263K->652837K(3106432K) icms_dc=0 , 0.0481681 secs] [Times: user=0.44 sys=0.04, real=0.05 secs] 
4049.052: [GC 4049.052: [ParNew: 334286K->22762K(353920K), 0.0671019 secs] 967461K->655936K(3106432K) icms_dc=0 , 0.0677720 secs] [Times: user=0.62 sys=0.05, real=0.07 secs] 
4050.139: [GC 4050.140: [ParNew: 337386K->26606K(353920K), 0.0675004 secs] 970560K->659781K(3106432K) icms_dc=0 , 0.0681462 secs] [Times: user=0.62 sys=0.08, real=0.07 secs] 
4050.995: [GC 4050.996: [ParNew: 341230K->29269K(353920K), 0.1216481 secs] 974405K->662444K(3106432K) icms_dc=0 , 0.1223313 secs] [Times: user=1.03 sys=0.14, real=0.12 secs] 
4051.982: [GC 4051.983: [ParNew: 343893K->30105K(353920K), 0.0553206 secs] 977068K->663279K(3106432K) icms_dc=0 , 0.0559898 secs] [Times: user=0.51 sys=0.03, real=0.06 secs] 
4052.902: [GC 4052.903: [ParNew: 344729K->25258K(353920K), 0.0526236 secs] 977903K->658433K(3106432K) icms_dc=0 , 0.0532770 secs] [Times: user=0.51 sys=0.03, real=0.05 secs] 
4053.848: [GC 4053.848: [ParNew: 339882K->21938K(353920K), 0.0862330 secs] 973057K->658148K(3106432K) icms_dc=0 , 0.0868863 secs] [Times: user=0.72 sys=0.09, real=0.09 secs] 
4055.018: [GC 4055.018: [ParNew: 336562K->16600K(353920K), 0.0450707 secs] 972772K->652809K(3106432K) icms_dc=0 , 0.0457599 secs] [Times: user=0.42 sys=0.05, real=0.05 secs] 
4056.103: [GC 4056.103: [ParNew: 331224K->23323K(353920K), 0.0471031 secs] 967433K->659532K(3106432K) icms_dc=0 , 0.0477408 secs] [Times: user=0.46 sys=0.03, real=0.05 secs] 
4057.249: [GC 4057.249: [ParNew: 337947K->17730K(353920K), 0.0418472 secs] 974156K->653940K(3106432K) icms_dc=0 , 0.0424821 secs] [Times: user=0.43 sys=0.04, real=0.04 secs] 
4058.464: [GC 4058.465: [ParNew: 332354K->21183K(353920K), 0.1251052 secs] 968564K->657392K(3106432K) icms_dc=0 , 0.1257325 secs] [Times: user=0.90 sys=0.25, real=0.13 secs] 
4059.877: [GC 4059.878: [ParNew: 335807K->22968K(353920K), 0.0624622 secs] 972016K->659178K(3106432K) icms_dc=0 , 0.0631230 secs] [Times: user=0.55 sys=0.06, real=0.06 secs] 
4060.913: [GC 4060.913: [ParNew: 337590K->24297K(353920K), 0.0476222 secs] 973799K->660507K(3106432K) icms_dc=0 , 0.0482673 secs] [Times: user=0.49 sys=0.03, real=0.05 secs] 
4061.811: [GC 4061.812: [ParNew: 338921K->28003K(353920K), 0.0478416 secs] 975131K->664213K(3106432K) icms_dc=0 , 0.0485492 secs] [Times: user=0.55 sys=0.03, real=0.05 secs] 
4062.752: [GC 4062.752: [ParNew: 342627K->24483K(353920K), 0.0430561 secs] 978837K->660692K(3106432K) icms_dc=0 , 0.0437270 secs] [Times: user=0.47 sys=0.03, real=0.04 secs] 
4063.950: [GC 4063.951: [ParNew: 339107K->25524K(353920K), 0.0539960 secs] 975316K->661734K(3106432K) icms_dc=0 , 0.0546363 secs] [Times: user=0.50 sys=0.03, real=0.06 secs] 
4065.160: [GC 4065.160: [ParNew: 340144K->25528K(353920K), 0.0655606 secs] 976354K->661737K(3106432K) icms_dc=0 , 0.0662067 secs] [Times: user=0.58 sys=0.07, real=0.07 secs] 
4066.541: [GC 4066.541: [ParNew: 340152K->20023K(353920K), 0.0516988 secs] 976361K->656233K(3106432K) icms_dc=0 , 0.0523642 secs] [Times: user=0.45 sys=0.03, real=0.05 secs] 
4067.995: [GC 4067.995: [ParNew: 334623K->25647K(353920K), 0.0492095 secs] 970832K->661856K(3106432K) icms_dc=0 , 0.0498375 secs] [Times: user=0.48 sys=0.03, real=0.05 secs] 
4069.044: [GC 4069.045: [ParNew: 340271K->28213K(353920K), 0.0962949 secs] 976480K->664423K(3106432K) icms_dc=0 , 0.0969424 secs] [Times: user=0.76 sys=0.14, real=0.10 secs] 
4070.205: [GC 4070.206: [ParNew: 342837K->22142K(353920K), 0.0669627 secs] 979047K->662198K(3106432K) icms_dc=0 , 0.0676035 secs] [Times: user=0.58 sys=0.04, real=0.07 secs] 
4071.402: [GC 4071.402: [ParNew: 336739K->16931K(353920K), 0.0477034 secs] 976796K->656987K(3106432K) icms_dc=0 , 0.0483774 secs] [Times: user=0.41 sys=0.03, real=0.05 secs] 
4072.796: [GC 4072.796: [ParNew: 331555K->19877K(353920K), 0.1096095 secs] 971611K->659933K(3106432K) icms_dc=0 , 0.1102950 secs] [Times: user=0.73 sys=0.18, real=0.11 secs] 
4074.150: [GC 4074.150: [ParNew: 334608K->24218K(353920K), 0.0526781 secs] 974664K->664274K(3106432K) icms_dc=0 , 0.0533094 secs] [Times: user=0.44 sys=0.03, real=0.05 secs] 
4075.791: [GC 4075.792: [ParNew: 338842K->17559K(353920K), 0.0508462 secs] 978898K->657615K(3106432K) icms_dc=0 , 0.0514796 secs] [Times: user=0.42 sys=0.03, real=0.05 secs] 
4077.263: [GC 4077.264: [ParNew: 332183K->21564K(353920K), 0.0660116 secs] 972239K->661620K(3106432K) icms_dc=0 , 0.0666422 secs] [Times: user=0.52 sys=0.06, real=0.07 secs] 
4078.514: [GC 4078.514: [ParNew: 336188K->19067K(353920K), 0.0489018 secs] 976244K->659123K(3106432K) icms_dc=0 , 0.0495465 secs] [Times: user=0.45 sys=0.03, real=0.05 secs] 
4079.581: [GC 4079.582: [ParNew: 333691K->24797K(353920K), 0.0722494 secs] 973747K->664853K(3106432K) icms_dc=0 , 0.0729380 secs] [Times: user=0.59 sys=0.06, real=0.07 secs] 
4080.515: [GC 4080.515: [ParNew: 339421K->26565K(353920K), 0.0554646 secs] 979477K->666621K(3106432K) icms_dc=0 , 0.0561212 secs] [Times: user=0.52 sys=0.03, real=0.06 secs] 
4081.284: [GC 4081.285: [ParNew: 341189K->25876K(353920K), 0.0434196 secs] 981245K->665932K(3106432K) icms_dc=0 , 0.0440722 secs] [Times: user=0.50 sys=0.03, real=0.10 secs] 
4082.386: [GC 4082.386: [ParNew: 340500K->25874K(353920K), 0.0791779 secs] 980556K->665930K(3106432K) icms_dc=0 , 0.0799496 secs] [Times: user=0.64 sys=0.08, real=0.08 secs] 
4083.352: [GC 4083.353: [ParNew: 340944K->31488K(353920K), 0.1562760 secs] 981000K->671544K(3106432K) icms_dc=0 , 0.1569032 secs] [Times: user=1.09 sys=0.27, real=0.16 secs] 
4084.492: [GC 4084.492: [ParNew: 345619K->21098K(353920K), 0.1641888 secs] 985675K->664266K(3106432K) icms_dc=0 , 0.1648138 secs] [Times: user=1.13 sys=0.29, real=0.17 secs] 
4085.505: [GC 4085.505: [ParNew: 335700K->22659K(353920K), 0.0439541 secs] 978867K->665827K(3106432K) icms_dc=0 , 0.0446100 secs] [Times: user=0.43 sys=0.03, real=0.04 secs] 
4086.724: [GC 4086.725: [ParNew: 337283K->21013K(353920K), 0.0447004 secs] 980451K->664181K(3106432K) icms_dc=0 , 0.0453900 secs] [Times: user=0.45 sys=0.04, real=0.05 secs] 
4087.683: [GC 4087.683: [ParNew: 335639K->24302K(353920K), 0.0488216 secs] 978806K->667470K(3106432K) icms_dc=0 , 0.0495013 secs] [Times: user=0.46 sys=0.04, real=0.05 secs] 
4088.793: [GC 4088.794: [ParNew: 338926K->24229K(353920K), 0.0734511 secs] 982094K->667397K(3106432K) icms_dc=0 , 0.0741417 secs] [Times: user=0.61 sys=0.09, real=0.07 secs] 
4089.941: [GC 4089.941: [ParNew: 338676K->21267K(353920K), 0.0565090 secs] 981843K->664435K(3106432K) icms_dc=0 , 0.0571725 secs] [Times: user=0.49 sys=0.04, real=0.06 secs] 
4090.971: [GC 4090.971: [ParNew: 335887K->25161K(353920K), 0.0597190 secs] 979054K->668329K(3106432K) icms_dc=0 , 0.0603918 secs] [Times: user=0.51 sys=0.03, real=0.06 secs] 
4091.921: [GC 4091.921: [ParNew: 339785K->30043K(353920K), 0.1014132 secs] 982953K->673211K(3106432K) icms_dc=0 , 0.1020688 secs] [Times: user=0.85 sys=0.14, real=0.10 secs] 
4092.858: [GC 4092.858: [ParNew: 344692K->23955K(353920K), 0.0599927 secs] 987860K->669638K(3106432K) icms_dc=0 , 0.0606393 secs] [Times: user=0.55 sys=0.04, real=0.06 secs] 
4093.967: [GC 4093.968: [ParNew: 338579K->21327K(353920K), 0.0603032 secs] 984262K->667011K(3106432K) icms_dc=0 , 0.0609690 secs] [Times: user=0.75 sys=0.10, real=0.06 secs] 
4095.163: [GC 4095.164: [ParNew: 335504K->19525K(353920K), 0.0449627 secs] 981188K->665208K(3106432K) icms_dc=0 , 0.0455889 secs] [Times: user=0.45 sys=0.03, real=0.05 secs] 
4096.384: [GC 4096.384: [ParNew: 334149K->22947K(353920K), 0.0445450 secs] 979832K->668630K(3106432K) icms_dc=0 , 0.0452042 secs] [Times: user=0.48 sys=0.03, real=0.05 secs] 
4097.664: [GC 4097.664: [ParNew: 337571K->26998K(353920K), 0.0487414 secs] 983254K->672681K(3106432K) icms_dc=0 , 0.0493859 secs] [Times: user=0.46 sys=0.03, real=0.05 secs] 
4098.821: [GC 4098.821: [ParNew: 341622K->24910K(353920K), 0.0681365 secs] 987305K->670594K(3106432K) icms_dc=0 , 0.0687770 secs] [Times: user=0.62 sys=0.08, real=0.07 secs] 
4099.846: [GC 4099.847: [ParNew: 339534K->23155K(353920K), 0.0449967 secs] 985218K->668838K(3106432K) icms_dc=0 , 0.0457041 secs] [Times: user=0.46 sys=0.04, real=0.05 secs] 
4101.164: [GC 4101.165: [ParNew: 337779K->18090K(353920K), 0.0455301 secs] 983462K->663773K(3106432K) icms_dc=0 , 0.0463056 secs] [Times: user=0.59 sys=0.03, real=0.05 secs] 
4102.593: [GC 4102.593: [ParNew: 332714K->20475K(353920K), 0.0462054 secs] 978397K->666158K(3106432K) icms_dc=0 , 0.0468545 secs] [Times: user=0.43 sys=0.03, real=0.05 secs] 
4104.008: [GC 4104.008: [ParNew: 335100K->21415K(353920K), 0.0469152 secs] 980783K->667098K(3106432K) icms_dc=0 , 0.0475187 secs] [Times: user=0.44 sys=0.04, real=0.05 secs] 
4104.062: [GC 4104.062: [ParNew: 23844K->21374K(353920K), 0.0356194 secs] 669527K->667057K(3106432K) icms_dc=0 , 0.0361918 secs] [Times: user=0.41 sys=0.03, real=0.04 secs] 
4105.782: [GC 4105.782: [ParNew: 335998K->19478K(353920K), 0.0503275 secs] 981681K->665161K(3106432K) icms_dc=0 , 0.0509453 secs] [Times: user=0.43 sys=0.03, real=0.05 secs] 
4106.837: [GC 4106.838: [ParNew: 334102K->27103K(353920K), 0.0604844 secs] 979785K->672787K(3106432K) icms_dc=0 , 0.0611478 secs] [Times: user=0.50 sys=0.04, real=0.06 secs] 
4107.779: [GC 4107.780: [ParNew: 341727K->26776K(353920K), 0.0481038 secs] 987411K->672459K(3106432K) icms_dc=0 , 0.0487903 secs] [Times: user=0.52 sys=0.03, real=0.05 secs] 
4108.681: [GC 4108.682: [ParNew: 341311K->29149K(353920K), 0.0678421 secs] 986994K->674832K(3106432K) icms_dc=0 , 0.0684935 secs] [Times: user=0.59 sys=0.05, real=0.07 secs] 
4109.757: [GC 4109.757: [ParNew: 343773K->28185K(353920K), 0.1156751 secs] 989456K->673868K(3106432K) icms_dc=0 , 0.1163424 secs] [Times: user=0.87 sys=0.18, real=0.12 secs] 
4110.787: [GC 4110.788: [ParNew: 342809K->26226K(353920K), 0.1333743 secs] 988492K->671909K(3106432K) icms_dc=0 , 0.1340173 secs] [Times: user=0.98 sys=0.21, real=0.13 secs] 
4111.973: [GC 4111.973: [ParNew: 340708K->26091K(353920K), 0.0513758 secs] 986392K->671774K(3106432K) icms_dc=0 , 0.0520198 secs] [Times: user=0.52 sys=0.03, real=0.05 secs] 
4113.005: [GC 4113.006: [ParNew: 340720K->29705K(353920K), 0.1103220 secs] 986403K->675388K(3106432K) icms_dc=0 , 0.1110157 secs] [Times: user=0.86 sys=0.16, real=0.11 secs] 
4113.930: [GC 4113.930: [ParNew: 344329K->25795K(353920K), 0.1306087 secs] 990012K->676525K(3106432K) icms_dc=0 , 0.1312798 secs] [Times: user=0.95 sys=0.16, real=0.13 secs] 
4114.851: [GC 4114.851: [ParNew: 339985K->24170K(353920K), 0.0535760 secs] 990715K->674900K(3106432K) icms_dc=0 , 0.0542389 secs] [Times: user=0.68 sys=0.03, real=0.05 secs] 
4115.893: [GC 4115.893: [ParNew: 338794K->23499K(353920K), 0.0466871 secs] 989524K->674229K(3106432K) icms_dc=0 , 0.0474068 secs] [Times: user=0.45 sys=0.03, real=0.05 secs] 
4117.096: [GC 4117.096: [ParNew: 338123K->16428K(353920K), 0.0417847 secs] 988853K->667158K(3106432K) icms_dc=0 , 0.0424122 secs] [Times: user=0.40 sys=0.03, real=0.04 secs] 
4118.346: [GC 4118.346: [ParNew: 331052K->23151K(353920K), 0.0620487 secs] 981782K->673881K(3106432K) icms_dc=0 , 0.0627049 secs] [Times: user=0.57 sys=0.09, real=0.06 secs] 
4119.592: [GC 4119.592: [ParNew: 337775K->25184K(353920K), 0.1264249 secs] 988505K->675914K(3106432K) icms_dc=0 , 0.1270785 secs] [Times: user=0.93 sys=0.25, real=0.13 secs] 
4120.784: [GC 4120.784: [ParNew: 339808K->27125K(353920K), 0.0798130 secs] 990538K->677855K(3106432K) icms_dc=0 , 0.0804428 secs] [Times: user=0.67 sys=0.11, real=0.08 secs] 
4121.899: [GC 4121.899: [ParNew: 341465K->23512K(353920K), 0.0547433 secs] 992195K->674242K(3106432K) icms_dc=0 , 0.0554271 secs] [Times: user=0.46 sys=0.04, real=0.06 secs] 
4123.052: [GC 4123.053: [ParNew: 338136K->25384K(353920K), 0.0666584 secs] 988866K->676114K(3106432K) icms_dc=0 , 0.0673309 secs] [Times: user=0.52 sys=0.06, real=0.07 secs] 
4124.209: [GC 4124.209: [ParNew: 340008K->19267K(353920K), 0.0507874 secs] 990738K->669997K(3106432K) icms_dc=0 , 0.0514244 secs] [Times: user=0.46 sys=0.03, real=0.05 secs] 
4125.316: [GC 4125.316: [ParNew: 333891K->26284K(353920K), 0.1061626 secs] 984621K->677014K(3106432K) icms_dc=0 , 0.1068121 secs] [Times: user=0.75 sys=0.16, real=0.11 secs] 
4126.443: [GC 4126.444: [ParNew: 340908K->28914K(353920K), 0.0998927 secs] 991638K->679644K(3106432K) icms_dc=0 , 0.1005967 secs] [Times: user=0.79 sys=0.16, real=0.10 secs] 
4127.635: [GC 4127.635: [ParNew: 343540K->29456K(353920K), 0.0615495 secs] 994270K->680186K(3106432K) icms_dc=0 , 0.0622458 secs] [Times: user=0.52 sys=0.03, real=0.06 secs] 
4128.636: [GC 4128.637: [ParNew: 344096K->25041K(353920K), 0.1316582 secs] 994826K->675771K(3106432K) icms_dc=0 , 0.1322911 secs] [Times: user=1.02 sys=0.23, real=0.13 secs] 
4129.730: [GC 4129.731: [ParNew: 339834K->20004K(353920K), 0.0580896 secs] 990564K->674856K(3106432K) icms_dc=0 , 0.0587372 secs] [Times: user=0.55 sys=0.04, real=0.06 secs] 
4130.764: [GC 4130.764: [ParNew: 334642K->22801K(353920K), 0.1268020 secs] 989494K->677653K(3106432K) icms_dc=0 , 0.1274421 secs] [Times: user=0.97 sys=0.26, real=0.13 secs] 
4131.799: [GC 4131.800: [ParNew: 337429K->23155K(353920K), 0.0560031 secs] 992281K->678007K(3106432K) icms_dc=0 , 0.0566831 secs] [Times: user=0.45 sys=0.04, real=0.06 secs] 
4131.862: [GC 4131.863: [ParNew: 24259K->18669K(353920K), 0.0354708 secs] 679111K->673521K(3106432K) icms_dc=0 , 0.0518019 secs] [Times: user=0.41 sys=0.03, real=0.05 secs] 
4133.001: [GC 4133.002: [ParNew: 333293K->23284K(353920K), 0.0592823 secs] 988145K->678136K(3106432K) icms_dc=0 , 0.0599405 secs] [Times: user=0.51 sys=0.05, real=0.06 secs] 
4134.170: [GC 4134.171: [ParNew: 337908K->23151K(353920K), 0.0531968 secs] 992760K->678003K(3106432K) icms_dc=0 , 0.0538204 secs] [Times: user=0.49 sys=0.03, real=0.05 secs] 
4135.254: [GC 4135.255: [ParNew: 337775K->25320K(353920K), 0.0545735 secs] 992627K->680172K(3106432K) icms_dc=0 , 0.0552475 secs] [Times: user=0.50 sys=0.04, real=0.06 secs] 
4136.178: [GC 4136.178: [ParNew: 339944K->25322K(353920K), 0.0937092 secs] 994796K->680174K(3106432K) icms_dc=0 , 0.0943399 secs] [Times: user=0.66 sys=0.09, real=0.09 secs] 
4137.143: [GC 4137.144: [ParNew: 339946K->25391K(353920K), 0.0517378 secs] 994798K->680243K(3106432K) icms_dc=0 , 0.0524023 secs] [Times: user=0.49 sys=0.03, real=0.05 secs] 
4138.088: [GC 4138.089: [ParNew: 340015K->29123K(353920K), 0.1216429 secs] 994867K->683975K(3106432K) icms_dc=0 , 0.1222964 secs] [Times: user=0.79 sys=0.16, real=0.12 secs] 
4139.130: [GC 4139.131: [ParNew: 343757K->26075K(353920K), 0.1288460 secs] 998610K->680927K(3106432K) icms_dc=0 , 0.1294948 secs] [Times: user=0.95 sys=0.21, real=0.13 secs] 
4139.266: [GC 4139.266: [ParNew: 26808K->28223K(353920K), 0.0293978 secs] 681660K->683075K(3106432K) icms_dc=0 , 0.0300049 secs] [Times: user=0.47 sys=0.03, real=0.03 secs] 
4140.300: [GC 4140.300: [ParNew: 342799K->32198K(353920K), 0.1394568 secs] 997651K->687050K(3106432K) icms_dc=0 , 0.1401754 secs] [Times: user=1.08 sys=0.28, real=0.14 secs] 
4141.819: [GC 4141.820: [ParNew: 346822K->23876K(353920K), 0.0518865 secs] 1001674K->678728K(3106432K) icms_dc=0 , 0.0525342 secs] [Times: user=0.49 sys=0.03, real=0.05 secs] 
4143.003: [GC 4143.003: [ParNew: 338500K->25518K(353920K), 0.0470361 secs] 993352K->680370K(3106432K) icms_dc=0 , 0.0476673 secs] [Times: user=0.49 sys=0.03, real=0.05 secs] 
4144.076: [GC 4144.077: [ParNew: 340142K->29295K(353920K), 0.0573657 secs] 994994K->684147K(3106432K) icms_dc=0 , 0.0580404 secs] [Times: user=0.55 sys=0.03, real=0.06 secs] 
4145.123: [GC 4145.123: [ParNew: 343919K->29614K(353920K), 0.0621976 secs] 998771K->684466K(3106432K) icms_dc=0 , 0.0628391 secs] [Times: user=0.62 sys=0.06, real=0.06 secs] 
4146.121: [GC 4146.121: [ParNew: 344238K->22036K(353920K), 0.0607758 secs] 999090K->682171K(3106432K) icms_dc=0 , 0.0615045 secs] [Times: user=0.57 sys=0.02, real=0.06 secs] 
4147.070: [GC 4147.071: [ParNew: 336660K->22609K(353920K), 0.0931989 secs] 996795K->682745K(3106432K) icms_dc=0 , 0.0938775 secs] [Times: user=0.74 sys=0.16, real=0.09 secs] 
4148.167: [GC 4148.167: [ParNew: 337233K->26008K(353920K), 0.0477439 secs] 997369K->686144K(3106432K) icms_dc=0 , 0.0483883 secs] [Times: user=0.48 sys=0.05, real=0.05 secs] 
4149.014: [GC 4149.014: [ParNew: 340632K->26630K(353920K), 0.0562203 secs] 1000768K->686766K(3106432K) icms_dc=0 , 0.0568775 secs] [Times: user=0.45 sys=0.02, real=0.06 secs] 
4150.066: [GC 4150.067: [ParNew: 341254K->21854K(353920K), 0.0726561 secs] 1001390K->681990K(3106432K) icms_dc=0 , 0.0736642 secs] [Times: user=0.64 sys=0.12, real=0.07 secs] 
4151.276: [GC 4151.277: [ParNew: 336478K->24025K(353920K), 0.0511767 secs] 996614K->684161K(3106432K) icms_dc=0 , 0.0518560 secs] [Times: user=0.49 sys=0.05, real=0.05 secs] 
4152.278: [GC 4152.279: [ParNew: 338649K->25578K(353920K), 0.0729170 secs] 998785K->685714K(3106432K) icms_dc=0 , 0.0736046 secs] [Times: user=0.61 sys=0.09, real=0.07 secs] 
4153.276: [GC 4153.276: [ParNew: 340189K->25926K(353920K), 0.0455316 secs] 1000325K->686062K(3106432K) icms_dc=0 , 0.0462042 secs] [Times: user=0.48 sys=0.04, real=0.05 secs] 
4154.371: [GC 4154.372: [ParNew: 340550K->22596K(353920K), 0.1173476 secs] 1000686K->682732K(3106432K) icms_dc=0 , 0.1180236 secs] [Times: user=0.83 sys=0.22, real=0.12 secs] 
4155.471: [GC 4155.471: [ParNew: 337062K->21984K(353920K), 0.0518511 secs] 997198K->682120K(3106432K) icms_dc=0 , 0.0525473 secs] [Times: user=0.48 sys=0.04, real=0.05 secs] 
4156.620: [GC 4156.620: [ParNew: 336608K->25920K(353920K), 0.0744394 secs] 996744K->686055K(3106432K) icms_dc=0 , 0.0751256 secs] [Times: user=0.60 sys=0.07, real=0.08 secs] 
4157.700: [GC 4157.700: [ParNew: 340544K->28777K(353920K), 0.0436567 secs] 1000679K->688913K(3106432K) icms_dc=0 , 0.0442661 secs] [Times: user=0.50 sys=0.03, real=0.04 secs] 
4158.707: [GC 4158.708: [ParNew: 343401K->25555K(353920K), 0.0650672 secs] 1003537K->685691K(3106432K) icms_dc=0 , 0.0657587 secs] [Times: user=0.60 sys=0.06, real=0.07 secs] 
4159.933: [GC 4159.933: [ParNew: 340179K->24732K(353920K), 0.0458922 secs] 1000315K->684868K(3106432K) icms_dc=0 , 0.0465271 secs] [Times: user=0.53 sys=0.04, real=0.05 secs] 
4161.076: [GC 4161.077: [ParNew: 339356K->28587K(353920K), 0.0677092 secs] 999492K->688723K(3106432K) icms_dc=0 , 0.0683974 secs] [Times: user=0.57 sys=0.05, real=0.07 secs] 
4162.131: [GC 4162.132: [ParNew: 343064K->25762K(353920K), 0.1239800 secs] 1003200K->685898K(3106432K) icms_dc=0 , 0.1246179 secs] [Times: user=0.97 sys=0.22, real=0.12 secs] 
4163.408: [GC 4163.408: [ParNew: 340386K->19515K(353920K), 0.0778943 secs] 1000522K->684026K(3106432K) icms_dc=0 , 0.0785426 secs] [Times: user=0.62 sys=0.06, real=0.08 secs] 
4164.464: [GC 4164.464: [ParNew: 334139K->20581K(353920K), 0.0447825 secs] 998650K->685093K(3106432K) icms_dc=0 , 0.0453990 secs] [Times: user=0.40 sys=0.03, real=0.05 secs] 
4165.555: [GC 4165.555: [ParNew: 335205K->23246K(353920K), 0.0699513 secs] 999717K->687758K(3106432K) icms_dc=0 , 0.0705866 secs] [Times: user=0.54 sys=0.07, real=0.07 secs] 
4166.460: [GC 4166.461: [ParNew: 337870K->23157K(353920K), 0.0483268 secs] 1002382K->687669K(3106432K) icms_dc=0 , 0.0489722 secs] [Times: user=0.45 sys=0.04, real=0.05 secs] 
4167.569: [GC 4167.569: [ParNew: 337781K->21022K(353920K), 0.0469822 secs] 1002293K->685534K(3106432K) icms_dc=0 , 0.0476784 secs] [Times: user=0.43 sys=0.04, real=0.05 secs] 
4168.939: [GC 4168.939: [ParNew: 335556K->24297K(353920K), 0.0900096 secs] 1000068K->688809K(3106432K) icms_dc=0 , 0.0906510 secs] [Times: user=0.72 sys=0.12, real=0.09 secs] 
4169.911: [GC 4169.911: [ParNew: 338643K->20990K(353920K), 0.0532164 secs] 1003154K->685502K(3106432K) icms_dc=0 , 0.0538532 secs] [Times: user=0.45 sys=0.03, real=0.05 secs] 
4171.021: [GC 4171.021: [ParNew: 335614K->23949K(353920K), 0.0480207 secs] 1000126K->688460K(3106432K) icms_dc=0 , 0.0486382 secs] [Times: user=0.44 sys=0.03, real=0.05 secs] 
4172.026: [GC 4172.026: [ParNew: 338523K->20732K(353920K), 0.0445195 secs] 1003035K->685243K(3106432K) icms_dc=0 , 0.0451647 secs] [Times: user=0.45 sys=0.04, real=0.05 secs] 
4173.104: [GC 4173.104: [ParNew: 335356K->24326K(353920K), 0.1145637 secs] 999867K->688838K(3106432K) icms_dc=0 , 0.1151988 secs] [Times: user=0.88 sys=0.16, real=0.12 secs] 
4174.187: [GC 4174.188: [ParNew: 338875K->25990K(353920K), 0.0467769 secs] 1003387K->690501K(3106432K) icms_dc=0 , 0.0475100 secs] [Times: user=0.49 sys=0.04, real=0.05 secs] 
4175.250: [GC 4175.250: [ParNew: 340614K->27962K(353920K), 0.0539258 secs] 1005125K->692474K(3106432K) icms_dc=0 , 0.0545705 secs] [Times: user=0.46 sys=0.03, real=0.05 secs] 
4176.279: [GC 4176.279: [ParNew: 342586K->28411K(353920K), 0.0560291 secs] 1007098K->692923K(3106432K) icms_dc=0 , 0.0566847 secs] [Times: user=0.52 sys=0.03, real=0.06 secs] 
4177.143: [GC 4177.143: [ParNew: 343035K->28545K(353920K), 0.0487300 secs] 1007547K->693056K(3106432K) icms_dc=0 , 0.0493800 secs] [Times: user=0.53 sys=0.03, real=0.05 secs] 
4178.070: [GC 4178.070: [ParNew: 343169K->30782K(353920K), 0.1343938 secs] 1007680K->695293K(3106432K) icms_dc=0 , 0.1350922 secs] [Times: user=1.14 sys=0.28, real=0.14 secs] 
4178.982: [GC 4178.982: [ParNew: 345406K->26472K(353920K), 0.0441699 secs] 1009917K->690984K(3106432K) icms_dc=0 , 0.0448202 secs] [Times: user=0.49 sys=0.03, real=0.05 secs] 
4179.996: [GC 4179.997: [ParNew: 341089K->25885K(353920K), 0.0482247 secs] 1005600K->690396K(3106432K) icms_dc=0 , 0.0488903 secs] [Times: user=0.52 sys=0.04, real=0.05 secs] 
4181.101: [GC 4181.101: [ParNew: 340509K->31238K(353920K), 0.0510691 secs] 1005020K->695750K(3106432K) icms_dc=0 , 0.0518778 secs] [Times: user=0.54 sys=0.03, real=0.05 secs] 
4182.002: [GC 4182.003: [ParNew: 345862K->24302K(353920K), 0.0808694 secs] 1010374K->693509K(3106432K) icms_dc=0 , 0.0815031 secs] [Times: user=0.69 sys=0.04, real=0.08 secs] 
4183.037: [GC 4183.037: [ParNew: 338733K->18796K(353920K), 0.0413431 secs] 1007940K->688003K(3106432K) icms_dc=0 , 0.0420019 secs] [Times: user=0.37 sys=0.03, real=0.04 secs] 
4184.297: [GC 4184.297: [ParNew: 333420K->22270K(353920K), 0.0966162 secs] 1002627K->691477K(3106432K) icms_dc=0 , 0.0972945 secs] [Times: user=0.59 sys=0.10, real=0.10 secs] 
4185.456: [GC 4185.456: [ParNew: 336900K->22259K(353920K), 0.0693771 secs] 1006107K->691466K(3106432K) icms_dc=0 , 0.0700157 secs] [Times: user=0.57 sys=0.08, real=0.07 secs] 
4185.534: [GC 4185.534: [ParNew: 23314K->23688K(353920K), 0.0339799 secs] 692521K->692895K(3106432K) icms_dc=0 , 0.0345320 secs] [Times: user=0.39 sys=0.03, real=0.03 secs] 
4186.549: [GC 4186.550: [ParNew: 338312K->24153K(353920K), 0.0434420 secs] 1007519K->693360K(3106432K) icms_dc=0 , 0.0440590 secs] [Times: user=0.46 sys=0.05, real=0.04 secs] 
4187.845: [GC 4187.845: [ParNew: 338688K->20456K(353920K), 0.0449493 secs] 1007895K->689663K(3106432K) icms_dc=0 , 0.0455736 secs] [Times: user=0.42 sys=0.03, real=0.05 secs] 
4188.995: [GC 4188.995: [ParNew: 335080K->24931K(353920K), 0.0731282 secs] 1004287K->694138K(3106432K) icms_dc=0 , 0.0738142 secs] [Times: user=0.68 sys=0.11, real=0.07 secs] 
4190.101: [GC 4190.101: [ParNew: 339504K->24905K(353920K), 0.0895908 secs] 1008711K->694112K(3106432K) icms_dc=0 , 0.0902429 secs] [Times: user=0.70 sys=0.14, real=0.09 secs] 
4191.245: [GC 4191.245: [ParNew: 339529K->26988K(353920K), 0.0657699 secs] 1008736K->696195K(3106432K) icms_dc=0 , 0.0663915 secs] [Times: user=0.60 sys=0.09, real=0.07 secs] 
4192.103: [GC 4192.103: [ParNew: 341612K->32083K(353920K), 0.0804328 secs] 1010819K->701290K(3106432K) icms_dc=0 , 0.0810745 secs] [Times: user=0.67 sys=0.07, real=0.08 secs] 
4192.891: [GC 4192.892: [ParNew: 346707K->25867K(353920K), 0.0537934 secs] 1015914K->698599K(3106432K) icms_dc=0 , 0.0544404 secs] [Times: user=0.52 sys=0.02, real=0.05 secs] 
4193.732: [GC 4193.732: [ParNew: 340499K->25528K(353920K), 0.0476211 secs] 1013231K->698260K(3106432K) icms_dc=0 , 0.0482745 secs] [Times: user=0.46 sys=0.03, real=0.05 secs] 
4194.612: [GC 4194.612: [ParNew: 340152K->27781K(353920K), 0.1133162 secs] 1012884K->700513K(3106432K) icms_dc=0 , 0.1139818 secs] [Times: user=0.86 sys=0.22, real=0.11 secs] 
4195.441: [GC 4195.441: [ParNew: 342405K->23039K(353920K), 0.0465723 secs] 1015137K->695771K(3106432K) icms_dc=0 , 0.0472478 secs] [Times: user=0.42 sys=0.04, real=0.05 secs] 
4196.726: [GC 4196.726: [ParNew: 337637K->17489K(353920K), 0.0447410 secs] 1010369K->690221K(3106432K) icms_dc=0 , 0.0453830 secs] [Times: user=0.39 sys=0.03, real=0.05 secs] 
4197.951: [GC 4197.951: [ParNew: 332113K->21696K(353920K), 0.0467695 secs] 1004845K->694428K(3106432K) icms_dc=0 , 0.0473766 secs] [Times: user=0.42 sys=0.03, real=0.05 secs] 
4199.274: [GC 4199.275: [ParNew: 336320K->18557K(353920K), 0.0433800 secs] 1009052K->691289K(3106432K) icms_dc=0 , 0.0439773 secs] [Times: user=0.40 sys=0.03, real=0.04 secs] 
4200.399: [GC 4200.400: [ParNew: 333181K->25463K(353920K), 0.0561804 secs] 1005913K->698195K(3106432K) icms_dc=0 , 0.0568662 secs] [Times: user=0.48 sys=0.03, real=0.06 secs] 
4201.503: [GC 4201.504: [ParNew: 340087K->24071K(353920K), 0.0642279 secs] 1012819K->696803K(3106432K) icms_dc=0 , 0.0648511 secs] [Times: user=0.58 sys=0.08, real=0.07 secs] 
4202.740: [GC 4202.740: [ParNew: 338695K->21177K(353920K), 0.0429534 secs] 1011427K->693909K(3106432K) icms_dc=0 , 0.0435795 secs] [Times: user=0.44 sys=0.05, real=0.04 secs] 
4204.795: [GC 4204.795: [ParNew: 335801K->25646K(353920K), 0.0581093 secs] 1008533K->698378K(3106432K) icms_dc=0 , 0.0587219 secs] [Times: user=0.44 sys=0.03, real=0.06 secs] 
4205.923: [GC 4205.924: [ParNew: 340084K->24354K(353920K), 0.0632328 secs] 1012816K->697086K(3106432K) icms_dc=0 , 0.0638668 secs] [Times: user=0.55 sys=0.05, real=0.06 secs] 
4206.990: [GC 4206.990: [ParNew: 338978K->27015K(353920K), 0.0490290 secs] 1011710K->699747K(3106432K) icms_dc=0 , 0.0496537 secs] [Times: user=0.45 sys=0.03, real=0.05 secs] 
4208.117: [GC 4208.117: [ParNew: 341639K->25190K(353920K), 0.0601669 secs] 1014371K->697922K(3106432K) icms_dc=0 , 0.0607968 secs] [Times: user=0.51 sys=0.03, real=0.06 secs] 
4209.017: [GC 4209.018: [ParNew: 339814K->28687K(353920K), 0.1281805 secs] 1012546K->701419K(3106432K) icms_dc=0 , 0.1288277 secs] [Times: user=0.98 sys=0.22, real=0.13 secs] 
4209.971: [GC 4209.971: [ParNew: 343311K->28347K(353920K), 0.0685343 secs] 1016043K->705605K(3106432K) icms_dc=0 , 0.0691818 secs] [Times: user=0.55 sys=0.02, real=0.07 secs] 
4210.865: [GC 4210.866: [ParNew: 342908K->23311K(353920K), 0.0443757 secs] 1020166K->700569K(3106432K) icms_dc=0 , 0.0451476 secs] [Times: user=0.43 sys=0.03, real=0.05 secs] 
4211.818: [GC 4211.819: [ParNew: 337935K->23575K(353920K), 0.0551068 secs] 1015193K->700833K(3106432K) icms_dc=0 , 0.0558024 secs] [Times: user=0.52 sys=0.05, real=0.06 secs] 
4212.899: [GC 4212.899: [ParNew: 338199K->22338K(353920K), 0.0957638 secs] 1015457K->699596K(3106432K) icms_dc=0 , 0.0964008 secs] [Times: user=0.73 sys=0.16, real=0.10 secs] 
4213.943: [GC 4213.944: [ParNew: 336962K->19162K(353920K), 0.0487997 secs] 1014220K->696420K(3106432K) icms_dc=0 , 0.0494448 secs] [Times: user=0.44 sys=0.03, real=0.05 secs] 
4215.154: [GC 4215.154: [ParNew: 333773K->22922K(353920K), 0.1346735 secs] 1011031K->700179K(3106432K) icms_dc=0 , 0.1353162 secs] [Times: user=1.00 sys=0.26, real=0.14 secs] 
4216.367: [GC 4216.367: [ParNew: 337546K->24983K(353920K), 0.0747725 secs] 1014803K->702241K(3106432K) icms_dc=0 , 0.0754050 secs] [Times: user=0.63 sys=0.10, real=0.08 secs] 
4217.638: [GC 4217.638: [ParNew: 339607K->25549K(353920K), 0.0471697 secs] 1016865K->702807K(3106432K) icms_dc=0 , 0.0477941 secs] [Times: user=0.48 sys=0.03, real=0.05 secs] 
4218.900: [GC 4218.901: [ParNew: 340173K->20473K(353920K), 0.0537244 secs] 1017431K->697730K(3106432K) icms_dc=0 , 0.0543449 secs] [Times: user=0.46 sys=0.04, real=0.05 secs] 
4220.538: [GC 4220.538: [ParNew: 335097K->24466K(353920K), 0.1198434 secs] 1012354K->701724K(3106432K) icms_dc=0 , 0.1204688 secs] [Times: user=0.88 sys=0.23, real=0.12 secs] 
4221.793: [GC 4221.793: [ParNew: 339090K->24350K(353920K), 0.0465579 secs] 1016348K->701607K(3106432K) icms_dc=0 , 0.0471571 secs] [Times: user=0.43 sys=0.03, real=0.05 secs] 
4222.806: [GC 4222.806: [ParNew: 338974K->26286K(353920K), 0.0495517 secs] 1016231K->703544K(3106432K) icms_dc=0 , 0.0503223 secs] [Times: user=0.48 sys=0.03, real=0.05 secs] 
4223.796: [GC 4223.796: [ParNew: 340910K->27668K(353920K), 0.0579092 secs] 1018168K->704925K(3106432K) icms_dc=0 , 0.0585639 secs] [Times: user=0.54 sys=0.03, real=0.06 secs] 
4224.705: [GC 4224.706: [ParNew: 342292K->22018K(353920K), 0.0616029 secs] 1019549K->699275K(3106432K) icms_dc=0 , 0.0622162 secs] [Times: user=0.61 sys=0.08, real=0.06 secs] 
4225.802: [GC 4225.802: [ParNew: 336642K->27070K(353920K), 0.1097307 secs] 1013899K->704327K(3106432K) icms_dc=0 , 0.1103634 secs] [Times: user=0.84 sys=0.11, real=0.11 secs] 
4226.714: [GC 4226.714: [ParNew: 341783K->29541K(353920K), 0.0445439 secs] 1019041K->706799K(3106432K) icms_dc=0 , 0.0452012 secs] [Times: user=0.52 sys=0.04, real=0.05 secs] 
4226.765: [GC 4226.765: [ParNew: 30487K->21345K(353920K), 0.0474564 secs] 707745K->703222K(3106432K) icms_dc=0 , 0.0480310 secs] [Times: user=0.52 sys=0.03, real=0.05 secs] 
4227.680: [GC 4227.680: [ParNew: 335969K->24717K(353920K), 0.0541071 secs] 1017846K->706594K(3106432K) icms_dc=0 , 0.0547617 secs] [Times: user=0.45 sys=0.03, real=0.06 secs] 
4228.712: [GC 4228.713: [ParNew: 339341K->20302K(353920K), 0.0544365 secs] 1021218K->702180K(3106432K) icms_dc=0 , 0.0550935 secs] [Times: user=0.44 sys=0.02, real=0.06 secs] 
4229.492: [GC 4229.493: [ParNew: 334820K->26205K(353920K), 0.0536628 secs] 1016697K->708083K(3106432K) icms_dc=0 , 0.0543211 secs] [Times: user=0.45 sys=0.03, real=0.05 secs] 
4230.478: [GC 4230.479: [ParNew: 341158K->25690K(353920K), 0.0542494 secs] 1023035K->707567K(3106432K) icms_dc=0 , 0.0548896 secs] [Times: user=0.48 sys=0.05, real=0.06 secs] 
4231.331: [GC 4231.331: [ParNew: 340314K->20635K(353920K), 0.0786669 secs] 1022191K->702513K(3106432K) icms_dc=0 , 0.0793644 secs] [Times: user=0.69 sys=0.12, real=0.08 secs] 
4232.504: [GC 4232.504: [ParNew: 335191K->23345K(353920K), 0.0487675 secs] 1017069K->705222K(3106432K) icms_dc=0 , 0.0494431 secs] [Times: user=0.45 sys=0.03, real=0.05 secs] 
4233.766: [GC 4233.766: [ParNew: 337969K->21068K(353920K), 0.0712490 secs] 1019846K->702945K(3106432K) icms_dc=0 , 0.0719311 secs] [Times: user=0.66 sys=0.12, real=0.07 secs] 
4235.046: [GC 4235.046: [ParNew: 335692K->27005K(353920K), 0.0641968 secs] 1017569K->708883K(3106432K) icms_dc=0 , 0.0648461 secs] [Times: user=0.53 sys=0.06, real=0.07 secs] 
4236.145: [GC 4236.145: [ParNew: 341629K->22439K(353920K), 0.0630480 secs] 1023507K->704316K(3106432K) icms_dc=0 , 0.0636801 secs] [Times: user=0.61 sys=0.08, real=0.06 secs] 
4237.192: [GC 4237.193: [ParNew: 337063K->24849K(353920K), 0.0556592 secs] 1018940K->706726K(3106432K) icms_dc=0 , 0.0562633 secs] [Times: user=0.52 sys=0.05, real=0.06 secs] 
4238.947: [GC 4238.948: [ParNew: 339453K->18115K(353920K), 0.0374913 secs] 1021330K->699992K(3106432K) icms_dc=0 , 0.0381241 secs] [Times: user=0.42 sys=0.03, real=0.04 secs] 
4240.532: [GC 4240.532: [ParNew: 332739K->25897K(353920K), 0.0673760 secs] 1014616K->707775K(3106432K) icms_dc=0 , 0.0679967 secs] [Times: user=0.51 sys=0.04, real=0.07 secs] 
4241.657: [GC 4241.657: [ParNew: 340550K->25968K(353920K), 0.0470689 secs] 1022428K->707845K(3106432K) icms_dc=0 , 0.0476888 secs] [Times: user=0.48 sys=0.04, real=0.05 secs] 
4242.600: [GC 4242.600: [ParNew: 340592K->31093K(353920K), 0.0514618 secs] 1022469K->712970K(3106432K) icms_dc=0 , 0.0521134 secs] [Times: user=0.51 sys=0.03, real=0.05 secs] 
4243.542: [GC 4243.542: [ParNew: 345717K->22581K(353920K), 0.0719355 secs] 1027594K->708262K(3106432K) icms_dc=0 , 0.0725857 secs] [Times: user=0.62 sys=0.06, real=0.07 secs] 
4244.681: [GC 4244.682: [ParNew: 337205K->21871K(353920K), 0.1103294 secs] 1022886K->707552K(3106432K) icms_dc=0 , 0.1109707 secs] [Times: user=0.84 sys=0.18, real=0.11 secs] 
4245.930: [GC 4245.930: [ParNew: 336495K->22502K(353920K), 0.0539693 secs] 1022176K->708183K(3106432K) icms_dc=0 , 0.0545998 secs] [Times: user=0.43 sys=0.02, real=0.05 secs] 
4246.764: [GC 4246.764: [ParNew: 337126K->27487K(353920K), 0.1153718 secs] 1022807K->713168K(3106432K) icms_dc=0 , 0.1159894 secs] [Times: user=0.85 sys=0.22, real=0.12 secs] 
4247.739: [GC 4247.739: [ParNew: 342111K->23449K(353920K), 0.0526659 secs] 1027792K->709130K(3106432K) icms_dc=0 , 0.0532849 secs] [Times: user=0.48 sys=0.04, real=0.05 secs] 
4248.748: [GC 4248.748: [ParNew: 338073K->28171K(353920K), 0.1116745 secs] 1023754K->713852K(3106432K) icms_dc=0 , 0.1122939 secs] [Times: user=0.70 sys=0.11, real=0.11 secs] 
4249.517: [GC 4249.518: [ParNew: 342795K->27439K(353920K), 0.0627242 secs] 1028476K->713120K(3106432K) icms_dc=0 , 0.0633594 secs] [Times: user=0.62 sys=0.06, real=0.06 secs] 
4250.384: [GC 4250.384: [ParNew: 342029K->27420K(353920K), 0.1029691 secs] 1027710K->715325K(3106432K) icms_dc=0 , 0.1036126 secs] [Times: user=0.79 sys=0.12, real=0.10 secs] 
4251.305: [GC 4251.305: [ParNew: 342044K->23553K(353920K), 0.0403503 secs] 1029949K->711459K(3106432K) icms_dc=0 , 0.0410025 secs] [Times: user=0.43 sys=0.03, real=0.04 secs] 
4252.261: [GC 4252.262: [ParNew: 338177K->24836K(353920K), 0.1256793 secs] 1026083K->712741K(3106432K) icms_dc=0 , 0.1262905 secs] [Times: user=0.91 sys=0.23, real=0.13 secs] 
4253.221: [GC 4253.221: [ParNew: 339460K->27409K(353920K), 0.1162993 secs] 1027365K->715314K(3106432K) icms_dc=0 , 0.1169438 secs] [Times: user=0.82 sys=0.17, real=0.12 secs] 
4254.216: [GC 4254.217: [ParNew: 342033K->21858K(353920K), 0.0453175 secs] 1029938K->709763K(3106432K) icms_dc=0 , 0.0459658 secs] [Times: user=0.46 sys=0.03, real=0.05 secs] 
4255.014: [GC 4255.014: [ParNew: 336069K->29143K(353920K), 0.0610439 secs] 1023975K->717048K(3106432K) icms_dc=0 , 0.0616980 secs] [Times: user=0.51 sys=0.02, real=0.06 secs] 
4255.943: [GC 4255.943: [ParNew: 343804K->21942K(353920K), 0.0563173 secs] 1031709K->711626K(3106432K) icms_dc=0 , 0.0569580 secs] [Times: user=0.47 sys=0.03, real=0.06 secs] 
4256.006: [GC 4256.006: [ParNew: 22895K->21999K(353920K), 0.0314852 secs] 712579K->711682K(3106432K) icms_dc=0 , 0.0320301 secs] [Times: user=0.37 sys=0.03, real=0.03 secs] 
4256.874: [GC 4256.875: [ParNew: 336634K->25412K(353920K), 0.0491996 secs] 1026317K->715095K(3106432K) icms_dc=0 , 0.0498625 secs] [Times: user=0.43 sys=0.02, real=0.05 secs] 
4256.930: [GC 4256.931: [ParNew: 26269K->24664K(353920K), 0.0369804 secs] 715952K->714347K(3106432K) icms_dc=0 , 0.0375510 secs] [Times: user=0.43 sys=0.04, real=0.04 secs] 
4257.900: [GC 4257.900: [ParNew: 339288K->19824K(353920K), 0.0388309 secs] 1028971K->709507K(3106432K) icms_dc=0 , 0.0394512 secs] [Times: user=0.44 sys=0.05, real=0.04 secs] 
4258.922: [GC 4258.922: [ParNew: 334448K->25604K(353920K), 0.0553865 secs] 1024131K->715287K(3106432K) icms_dc=0 , 0.0560456 secs] [Times: user=0.47 sys=0.04, real=0.06 secs] 
4259.947: [GC 4259.948: [ParNew: 340228K->23762K(353920K), 0.0516691 secs] 1029911K->713445K(3106432K) icms_dc=0 , 0.0523058 secs] [Times: user=0.45 sys=0.04, real=0.05 secs] 
4261.100: [GC 4261.100: [ParNew: 338386K->23324K(353920K), 0.0432744 secs] 1028069K->713007K(3106432K) icms_dc=0 , 0.0439134 secs] [Times: user=0.45 sys=0.05, real=0.04 secs] 
4262.622: [GC 4262.622: [ParNew: 337948K->22110K(353920K), 0.0626992 secs] 1027631K->711793K(3106432K) icms_dc=0 , 0.0633078 secs] [Times: user=0.55 sys=0.07, real=0.06 secs] 
4263.771: [GC 4263.771: [ParNew: 336734K->26069K(353920K), 0.0545382 secs] 1026417K->715752K(3106432K) icms_dc=0 , 0.0551681 secs] [Times: user=0.44 sys=0.04, real=0.06 secs] 
4264.949: [GC 4264.949: [ParNew: 340693K->20990K(353920K), 0.0497715 secs] 1030376K->710673K(3106432K) icms_dc=0 , 0.0503928 secs] [Times: user=0.46 sys=0.04, real=0.05 secs] 
4266.024: [GC 4266.024: [ParNew: 335614K->26068K(353920K), 0.1050766 secs] 1025297K->715751K(3106432K) icms_dc=0 , 0.1057203 secs] [Times: user=0.88 sys=0.20, real=0.11 secs] 
4267.169: [GC 4267.169: [ParNew: 340692K->27205K(353920K), 0.0538056 secs] 1030375K->716888K(3106432K) icms_dc=0 , 0.0545512 secs] [Times: user=0.50 sys=0.04, real=0.05 secs] 
4268.363: [GC 4268.364: [ParNew: 341829K->30457K(353920K), 0.0658835 secs] 1031512K->720140K(3106432K) icms_dc=0 , 0.0664992 secs] [Times: user=0.65 sys=0.08, real=0.07 secs] 
4269.139: [GC 4269.139: [ParNew: 344445K->29603K(353920K), 0.0743207 secs] 1034128K->719287K(3106432K) icms_dc=0 , 0.0749728 secs] [Times: user=0.72 sys=0.10, real=0.08 secs] 
4269.941: [GC 4269.942: [ParNew: 344227K->34403K(353920K), 0.0580095 secs] 1033911K->724086K(3106432K) icms_dc=0 , 0.0586968 secs] [Times: user=0.61 sys=0.03, real=0.06 secs] 
4270.839: [GC 4270.839: [ParNew: 349807K->25933K(353920K), 0.0704327 secs] 1039490K->720643K(3106432K) icms_dc=0 , 0.0711452 secs] [Times: user=0.60 sys=0.02, real=0.07 secs] 
4270.916: [GC 4270.917: [ParNew: 26428K->21980K(353920K), 0.0322652 secs] 721138K->716690K(3106432K) icms_dc=3 , 0.0328351 secs] [Times: user=0.40 sys=0.03, real=0.03 secs] 
4271.335: [GC [1 CMS-initial-mark: 694710K(2752512K)] 869878K(3106432K), 0.7519820 secs] [Times: user=0.76 sys=0.01, real=0.75 secs] 
4272.087: [CMS-concurrent-mark-start]
4272.475: [GC 4272.475: [ParNew: 336604K->26130K(353920K), 0.1133285 secs] 1031314K->720840K(3106432K) icms_dc=3 , 0.1140412 secs] [Times: user=0.91 sys=0.21, real=0.11 secs] 
4273.372: [GC 4273.372: [ParNew: 340754K->30980K(353920K), 0.0711507 secs] 1035464K->725690K(3106432K) icms_dc=3 , 0.0718299 secs] [Times: user=0.63 sys=0.05, real=0.07 secs] 
4274.166: [GC 4274.166: [ParNew: 345604K->32361K(353920K), 0.0419598 secs] 1040314K->728082K(3106432K) icms_dc=3 , 0.0426191 secs] [Times: user=0.54 sys=0.01, real=0.04 secs] 
4275.034: [GC 4275.035: [ParNew: 346985K->26269K(353920K), 0.1912942 secs] 1042706K->725996K(3106432K) icms_dc=4 , 0.2126606 secs] [Times: user=1.14 sys=0.27, real=0.21 secs] 
4275.989: [GC 4275.989: [ParNew: 341000K->24410K(353920K), 0.0789771 secs] 1040727K->724137K(3106432K) icms_dc=4 , 0.0796237 secs] [Times: user=0.62 sys=0.08, real=0.08 secs] 
4276.077: [GC 4276.077: [ParNew: 25805K->23931K(353920K), 0.0458538 secs] 725532K->724754K(3106432K) icms_dc=4 , 0.0464344 secs] [Times: user=0.45 sys=0.04, real=0.05 secs] 
4276.872: [GC 4276.872: [ParNew: 338555K->28034K(353920K), 0.1107020 secs] 1039378K->728857K(3106432K) icms_dc=4 , 0.1114352 secs] [Times: user=0.93 sys=0.18, real=0.11 secs] 
4277.708: [GC 4277.708: [ParNew: 342658K->26430K(353920K), 0.0607146 secs] 1043481K->727254K(3106432K) icms_dc=4 , 0.0613747 secs] [Times: user=0.58 sys=0.04, real=0.06 secs] 
4278.594: [GC 4278.594: [ParNew: 341054K->23409K(353920K), 0.0557678 secs] 1041878K->725563K(3106432K) icms_dc=4 , 0.0564261 secs] [Times: user=0.56 sys=0.04, real=0.06 secs] 
4279.612: [GC 4279.613: [ParNew: 338033K->18430K(353920K), 0.0417428 secs] 1040187K->720584K(3106432K) icms_dc=4 , 0.0423840 secs] [Times: user=0.40 sys=0.05, real=0.04 secs] 
4281.117: [GC 4281.118: [ParNew: 332801K->18119K(353920K), 0.0429520 secs] 1034955K->720273K(3106432K) icms_dc=4 , 0.0435900 secs] [Times: user=0.39 sys=0.03, real=0.04 secs] 
4282.389: [GC 4282.390: [ParNew: 332743K->22172K(353920K), 0.0447274 secs] 1034897K->724326K(3106432K) icms_dc=4 , 0.0453459 secs] [Times: user=0.42 sys=0.05, real=0.05 secs] 
4283.558: [GC 4283.559: [ParNew: 336796K->21969K(353920K), 0.0518822 secs] 1038950K->724123K(3106432K) icms_dc=4 , 0.0525052 secs] [Times: user=0.45 sys=0.05, real=0.05 secs] 
4284.836: [GC 4284.837: [ParNew: 336593K->18899K(353920K), 0.0515449 secs] 1038747K->721053K(3106432K) icms_dc=4 , 0.0522320 secs] [Times: user=0.42 sys=0.04, real=0.05 secs] 
4286.087: [GC 4286.088: [ParNew: 333523K->24521K(353920K), 0.0722317 secs] 1035677K->726675K(3106432K) icms_dc=4 , 0.0728572 secs] [Times: user=0.47 sys=0.03, real=0.07 secs] 
4287.275: [GC 4287.275: [ParNew: 339145K->18871K(353920K), 0.0437034 secs] 1041299K->721025K(3106432K) icms_dc=4 , 0.0443610 secs] [Times: user=0.39 sys=0.03, real=0.04 secs] 
4288.333: [GC 4288.334: [ParNew: 333495K->23132K(353920K), 0.0462540 secs] 1035649K->725286K(3106432K) icms_dc=4 , 0.0468940 secs] [Times: user=0.45 sys=0.03, real=0.05 secs] 
4289.570: [GC 4289.570: [ParNew: 337756K->25812K(353920K), 0.0593547 secs] 1039910K->727966K(3106432K) icms_dc=4 , 0.0599811 secs] [Times: user=0.45 sys=0.03, real=0.06 secs] 
4290.556: [GC 4290.557: [ParNew: 340436K->28096K(353920K), 0.2175654 secs] 1042590K->730250K(3106432K) icms_dc=4 , 0.2182260 secs] [Times: user=1.35 sys=0.42, real=0.22 secs] 
4291.594: [GC 4291.595: [ParNew: 342507K->29271K(353920K), 0.0632788 secs] 1044661K->731425K(3106432K) icms_dc=4 , 0.0639451 secs] [Times: user=0.53 sys=0.05, real=0.06 secs] 
4292.686: [GC 4292.687: [ParNew: 343895K->22971K(353920K), 0.0642188 secs] 1046049K->725125K(3106432K) icms_dc=4 , 0.0648194 secs] [Times: user=0.59 sys=0.07, real=0.07 secs] 
4293.658: [GC 4293.659: [ParNew: 337595K->31108K(353920K), 0.0567412 secs] 1039749K->733262K(3106432K) icms_dc=4 , 0.0573895 secs] [Times: user=0.49 sys=0.03, real=0.06 secs] 
4294.626: [GC 4294.626: [ParNew: 345601K->25814K(353920K), 0.0998209 secs] 1047755K->731643K(3106432K) icms_dc=4 , 0.1004712 secs] [Times: user=0.71 sys=0.11, real=0.10 secs] 
4295.814: [GC 4295.814: [ParNew: 340277K->21251K(353920K), 0.0613281 secs] 1046106K->727081K(3106432K) icms_dc=4 , 0.0619844 secs] [Times: user=0.52 sys=0.06, real=0.06 secs] 
4296.975: [GC 4296.976: [ParNew: 335875K->22399K(353920K), 0.0451712 secs] 1041705K->728229K(3106432K) icms_dc=4 , 0.0458433 secs] [Times: user=0.44 sys=0.03, real=0.05 secs] 
4298.195: [GC 4298.195: [ParNew: 337023K->26063K(353920K), 0.0687591 secs] 1042853K->731893K(3106432K) icms_dc=4 , 0.0693561 secs] [Times: user=0.59 sys=0.08, real=0.07 secs] 
4299.225: [GC 4299.225: [ParNew: 340687K->22829K(353920K), 0.0466812 secs] 1046517K->728659K(3106432K) icms_dc=4 , 0.0472862 secs] [Times: user=0.43 sys=0.03, real=0.05 secs] 
4300.283: [GC 4300.283: [ParNew: 337453K->23680K(353920K), 0.0699664 secs] 1043283K->729510K(3106432K) icms_dc=4 , 0.0706094 secs] [Times: user=0.58 sys=0.08, real=0.07 secs] 
4301.504: [GC 4301.504: [ParNew: 338304K->24969K(353920K), 0.0756543 secs] 1044134K->730799K(3106432K) icms_dc=4 , 0.0762953 secs] [Times: user=0.64 sys=0.10, real=0.08 secs] 
4302.880: [GC 4302.880: [ParNew: 339593K->20841K(353920K), 0.0496450 secs] 1045423K->726670K(3106432K) icms_dc=4 , 0.0502882 secs] [Times: user=0.49 sys=0.03, real=0.05 secs] 
4304.223: [GC 4304.223: [ParNew: 335465K->25234K(353920K), 0.0462628 secs] 1041294K->731064K(3106432K) icms_dc=4 , 0.0468881 secs] [Times: user=0.45 sys=0.03, real=0.05 secs] 
4305.409: [GC 4305.410: [ParNew: 339823K->27291K(353920K), 0.0552777 secs] 1045653K->733121K(3106432K) icms_dc=4 , 0.0558971 secs] [Times: user=0.56 sys=0.05, real=0.06 secs] 
4306.445: [GC 4306.445: [ParNew: 341915K->28528K(353920K), 0.0615140 secs] 1047745K->734358K(3106432K) icms_dc=4 , 0.0621325 secs] [Times: user=0.61 sys=0.05, real=0.06 secs] 
4307.483: [GC 4307.483: [ParNew: 343147K->33203K(353920K), 0.0783480 secs] 1048977K->739033K(3106432K) icms_dc=4 , 0.0789926 secs] [Times: user=0.77 sys=0.10, real=0.08 secs] 
4308.434: [GC 4308.435: [ParNew: 347827K->27407K(353920K), 0.0849806 secs] 1053657K->738277K(3106432K) icms_dc=4 , 0.0856019 secs] [Times: user=0.67 sys=0.06, real=0.09 secs] 
4309.368: [GC 4309.369: [ParNew: 342031K->21757K(353920K), 0.0446376 secs] 1052901K->732628K(3106432K) icms_dc=4 , 0.0452776 secs] [Times: user=0.49 sys=0.05, real=0.05 secs] 
4310.298: [GC 4310.299: [ParNew: 336381K->25615K(353920K), 0.0422708 secs] 1047252K->736486K(3106432K) icms_dc=4 , 0.0428928 secs] [Times: user=0.44 sys=0.03, real=0.04 secs] 
4311.269: [GC 4311.269: [ParNew: 340087K->27896K(353920K), 0.1124429 secs] 1050958K->738767K(3106432K) icms_dc=4 , 0.1130761 secs] [Times: user=0.84 sys=0.19, real=0.11 secs] 
4312.210: [GC 4312.210: [ParNew: 342520K->31674K(353920K), 0.0562768 secs] 1053391K->742545K(3106432K) icms_dc=4 , 0.0569173 secs] [Times: user=0.49 sys=0.03, real=0.06 secs] 
4313.111: [GC 4313.111: [ParNew: 346298K->29945K(353920K), 0.1556118 secs] 1057169K->742430K(3106432K) icms_dc=4 , 0.1562606 secs] [Times: user=1.10 sys=0.23, real=0.16 secs] 
4314.119: [GC 4314.120: [ParNew: 344554K->23336K(353920K), 0.0602007 secs] 1057039K->735820K(3106432K) icms_dc=4 , 0.0608587 secs] [Times: user=0.55 sys=0.05, real=0.06 secs] 
4315.048: [GC 4315.049: [ParNew: 337960K->21847K(353920K), 0.0616604 secs] 1050444K->734332K(3106432K) icms_dc=4 , 0.0623090 secs] [Times: user=0.58 sys=0.10, real=0.06 secs] 
4316.123: [GC 4316.123: [ParNew: 336456K->25800K(353920K), 0.1268309 secs] 1048941K->738285K(3106432K) icms_dc=4 , 0.1274920 secs] [Times: user=0.88 sys=0.22, real=0.13 secs] 
4317.199: [GC 4317.199: [ParNew: 340424K->22904K(353920K), 0.0588167 secs] 1052909K->735389K(3106432K) icms_dc=4 , 0.0594403 secs] [Times: user=0.49 sys=0.03, real=0.06 secs] 
4317.931: [GC 4317.932: [ParNew: 337528K->29737K(353920K), 0.0825672 secs] 1050013K->742221K(3106432K) icms_dc=4 , 0.0832004 secs] [Times: user=0.79 sys=0.10, real=0.08 secs] 
4318.760: [GC 4318.761: [ParNew: 344361K->28627K(353920K), 0.0563247 secs] 1056845K->744386K(3106432K) icms_dc=4 , 0.0569665 secs] [Times: user=0.54 sys=0.02, real=0.06 secs] 
4319.611: [GC 4319.611: [ParNew: 343236K->22739K(353920K), 0.0525129 secs] 1058995K->741164K(3106432K) icms_dc=4 , 0.0531755 secs] [Times: user=0.51 sys=0.03, real=0.05 secs] 
4320.447: [GC 4320.447: [ParNew: 337363K->29147K(353920K), 0.0644623 secs] 1055788K->747572K(3106432K) icms_dc=4 , 0.0651177 secs] [Times: user=0.39 sys=0.02, real=0.07 secs] 
4321.284: [GC 4321.284: [ParNew: 343724K->21164K(353920K), 0.0616955 secs] 1062149K->739589K(3106432K) icms_dc=4 , 0.0623892 secs] [Times: user=0.54 sys=0.08, real=0.06 secs] 
4322.130: [GC 4322.131: [ParNew: 335788K->24594K(353920K), 0.0606710 secs] 1054213K->743019K(3106432K) icms_dc=4 , 0.0613207 secs] [Times: user=0.51 sys=0.05, real=0.06 secs] 
4323.016: [GC 4323.017: [ParNew: 339218K->20874K(353920K), 0.0938671 secs] 1057643K->739299K(3106432K) icms_dc=4 , 0.0945156 secs] [Times: user=0.69 sys=0.16, real=0.10 secs] 
4323.980: [GC 4323.980: [ParNew: 335451K->24852K(353920K), 0.0646718 secs] 1053876K->743278K(3106432K) icms_dc=4 , 0.0653328 secs] [Times: user=0.48 sys=0.05, real=0.07 secs] 
4324.971: [GC 4324.972: [ParNew: 339476K->18978K(353920K), 0.0580493 secs] 1057902K->737403K(3106432K) icms_dc=4 , 0.0586930 secs] [Times: user=0.44 sys=0.04, real=0.06 secs] 
4325.863: [GC 4325.863: [ParNew: 333602K->23229K(353920K), 0.0867650 secs] 1052027K->741655K(3106432K) icms_dc=4 , 0.0873903 secs] [Times: user=0.72 sys=0.12, real=0.09 secs] 
4326.714: [GC 4326.714: [ParNew: 337809K->26175K(353920K), 0.0442554 secs] 1056234K->744601K(3106432K) icms_dc=4 , 0.0448843 secs] [Times: user=0.46 sys=0.03, real=0.05 secs] 
4327.771: [GC 4327.771: [ParNew: 340799K->25043K(353920K), 0.0468190 secs] 1059225K->743468K(3106432K) icms_dc=4 , 0.0474536 secs] [Times: user=0.43 sys=0.03, real=0.05 secs] 
4329.084: [GC 4329.084: [ParNew: 339667K->20770K(353920K), 0.0458228 secs] 1058092K->739195K(3106432K) icms_dc=4 , 0.0464594 secs] [Times: user=0.43 sys=0.03, real=0.05 secs] 
4330.129: [GC 4330.129: [ParNew: 335394K->26617K(353920K), 0.1019971 secs] 1053819K->745042K(3106432K) icms_dc=4 , 0.1026423 secs] [Times: user=0.65 sys=0.07, real=0.10 secs] 
4330.654: [CMS-concurrent-mark: 2.917/58.566 secs] [Times: user=1011.72 sys=27.16, real=58.57 secs] 
4330.654: [CMS-concurrent-preclean-start]
4331.151: [GC 4331.152: [ParNew: 341241K->28521K(353920K), 0.1208669 secs] 1059666K->746946K(3106432K) icms_dc=4 , 0.1215148 secs] [Times: user=0.88 sys=0.20, real=0.12 secs] 
4332.312: [GC 4332.313: [ParNew: 343015K->19641K(353920K), 0.0577655 secs] 1061440K->738067K(3106432K) icms_dc=4 , 0.0583791 secs] [Times: user=0.55 sys=0.07, real=0.06 secs] 
4333.340: [GC 4333.341: [ParNew: 334265K->27873K(353920K), 0.0594792 secs] 1052691K->746299K(3106432K) icms_dc=4 , 0.0601183 secs] [Times: user=0.48 sys=0.02, real=0.06 secs] 
4334.357: [GC 4334.357: [ParNew: 342447K->23253K(353920K), 0.0537994 secs] 1060872K->744343K(3106432K) icms_dc=4 , 0.0544231 secs] [Times: user=0.51 sys=0.03, real=0.05 secs] 
4335.349: [GC 4335.349: [ParNew: 337877K->22718K(353920K), 0.0480863 secs] 1058967K->743808K(3106432K) icms_dc=4 , 0.0487220 secs] [Times: user=0.50 sys=0.05, real=0.05 secs] 
4336.467: [GC 4336.467: [ParNew: 337342K->25563K(353920K), 0.1174784 secs] 1058432K->746652K(3106432K) icms_dc=4 , 0.1180784 secs] [Times: user=0.94 sys=0.21, real=0.12 secs] 
4337.442: [GC 4337.442: [ParNew: 340110K->26276K(353920K), 0.0874225 secs] 1061199K->747365K(3106432K) icms_dc=4 , 0.0880647 secs] [Times: user=0.69 sys=0.13, real=0.09 secs] 
4338.695: [GC 4338.695: [ParNew: 340900K->18107K(353920K), 0.0464136 secs] 1061989K->739196K(3106432K) icms_dc=4 , 0.0470329 secs] [Times: user=0.41 sys=0.03, real=0.05 secs] 
4339.754: [GC 4339.754: [ParNew: 332568K->25662K(353920K), 0.0487329 secs] 1053657K->746751K(3106432K) icms_dc=4 , 0.0493739 secs] [Times: user=0.46 sys=0.02, real=0.05 secs] 
4340.811: [GC 4340.812: [ParNew: 340286K->24646K(353920K), 0.0441632 secs] 1061375K->745735K(3106432K) icms_dc=4 , 0.0448038 secs] [Times: user=0.48 sys=0.03, real=0.05 secs] 
4341.865: [GC 4341.866: [ParNew: 339270K->26590K(353920K), 0.0577880 secs] 1060359K->747679K(3106432K) icms_dc=4 , 0.0584013 secs] [Times: user=0.48 sys=0.03, real=0.06 secs] 
4342.790: [GC 4342.791: [ParNew: 341214K->25848K(353920K), 0.0569837 secs] 1062303K->746937K(3106432K) icms_dc=4 , 0.0576161 secs] [Times: user=0.59 sys=0.03, real=0.06 secs] 
4343.628: [GC 4343.628: [ParNew: 340472K->27914K(353920K), 0.0724991 secs] 1061561K->752396K(3106432K) icms_dc=4 , 0.0731476 secs] [Times: user=0.57 sys=0.04, real=0.07 secs] 
4344.432: [GC 4344.433: [ParNew: 342538K->21428K(353920K), 0.1081854 secs] 1067020K->745910K(3106432K) icms_dc=4 , 0.1088386 secs] [Times: user=0.81 sys=0.17, real=0.11 secs] 
4345.219: [GC 4345.220: [ParNew: 336052K->26665K(353920K), 0.0525884 secs] 1060534K->751147K(3106432K) icms_dc=4 , 0.0532415 secs] [Times: user=0.47 sys=0.03, real=0.05 secs] 
4346.126: [GC 4346.127: [ParNew: 341289K->20453K(353920K), 0.0557651 secs] 1065771K->746223K(3106432K) icms_dc=4 , 0.0564890 secs] [Times: user=0.51 sys=0.05, real=0.06 secs] 
4347.196: [GC 4347.197: [ParNew: 335077K->18822K(353920K), 0.0661275 secs] 1060847K->744592K(3106432K) icms_dc=4 , 0.0667692 secs] [Times: user=0.66 sys=0.10, real=0.07 secs] 
4348.205: [GC 4348.206: [ParNew: 333446K->23318K(353920K), 0.0696279 secs] 1059216K->749088K(3106432K) icms_dc=4 , 0.0702623 secs] [Times: user=0.60 sys=0.10, real=0.07 secs] 
4349.246: [GC 4349.246: [ParNew: 337942K->20949K(353920K), 0.0404160 secs] 1063712K->746719K(3106432K) icms_dc=4 , 0.0410720 secs] [Times: user=0.48 sys=0.03, real=0.04 secs] 
4350.616: [GC 4350.616: [ParNew: 335573K->20726K(353920K), 0.0418839 secs] 1061343K->746496K(3106432K) icms_dc=4 , 0.0425117 secs] [Times: user=0.41 sys=0.03, real=0.04 secs] 
4352.224: [GC 4352.224: [ParNew: 335350K->23978K(353920K), 0.0995110 secs] 1061120K->749748K(3106432K) icms_dc=4 , 0.1001392 secs] [Times: user=0.74 sys=0.16, real=0.10 secs] 
4353.465: [GC 4353.465: [ParNew: 338602K->19261K(353920K), 0.0582197 secs] 1064372K->745031K(3106432K) icms_dc=4 , 0.0588454 secs] [Times: user=0.52 sys=0.05, real=0.06 secs] 
4354.698: [GC 4354.698: [ParNew: 333885K->23613K(353920K), 0.0598783 secs] 1059655K->749383K(3106432K) icms_dc=4 , 0.0605055 secs] [Times: user=0.53 sys=0.06, real=0.06 secs] 
4355.710: [GC 4355.711: [ParNew: 338237K->25659K(353920K), 0.0494215 secs] 1064007K->751430K(3106432K) icms_dc=4 , 0.0500610 secs] [Times: user=0.45 sys=0.03, real=0.05 secs] 
4356.858: [GC 4356.858: [ParNew: 340283K->27976K(353920K), 0.0890679 secs] 1066054K->753746K(3106432K) icms_dc=4 , 0.0896977 secs] [Times: user=0.75 sys=0.12, real=0.09 secs] 
4357.339: [CMS-concurrent-preclean: 1.100/26.684 secs] [Times: user=409.98 sys=10.73, real=26.68 secs] 
4357.339: [CMS-concurrent-abortable-preclean-start]
4357.758: [GC 4357.758: [ParNew: 342600K->23223K(353920K), 0.0534289 secs] 1068370K->748993K(3106432K) icms_dc=4 , 0.0540734 secs] [Times: user=0.49 sys=0.03, real=0.05 secs] 
4358.714: [GC 4358.714: [ParNew: 337847K->26458K(353920K), 0.1096441 secs] 1063617K->752228K(3106432K) icms_dc=4 , 0.1102847 secs] [Times: user=0.87 sys=0.13, real=0.11 secs] 
4359.393: [CMS-concurrent-abortable-preclean: 0.070/2.054 secs] [Times: user=34.17 sys=0.96, real=2.05 secs] 
4359.402: [GC[YG occupancy: 186481 K (353920 K)]4359.402: [Rescan (parallel) , 0.5796654 secs]4359.982: [weak refs processing, 0.0023051 secs] [1 CMS-remark: 725770K(2752512K)] 912251K(3106432K), 0.5824563 secs] [Times: user=3.37 sys=1.45, real=0.58 secs] 
4359.985: [CMS-concurrent-sweep-start]
4360.378: [GC 4360.378: [ParNew: 340924K->31371K(353920K), 0.2199918 secs] 1066679K->757126K(3106432K) icms_dc=4 , 0.2206957 secs] [Times: user=1.45 sys=0.43, real=0.22 secs] 
4361.263: [GC 4361.263: [ParNew: 345995K->25290K(353920K), 0.0675522 secs] 1071722K->754956K(3106432K) icms_dc=4 , 0.0681973 secs] [Times: user=0.63 sys=0.02, real=0.07 secs] 
4362.148: [GC 4362.149: [ParNew: 339914K->27189K(353920K), 0.0572975 secs] 1069537K->756812K(3106432K) icms_dc=4 , 0.0580199 secs] [Times: user=0.49 sys=0.02, real=0.06 secs] 
4362.961: [GC 4362.962: [ParNew: 341755K->28444K(353920K), 0.0652054 secs] 1071354K->758042K(3106432K) icms_dc=4 , 0.0658819 secs] [Times: user=0.48 sys=0.02, real=0.07 secs] 
4363.821: [GC 4363.822: [ParNew: 343068K->32564K(353920K), 0.0805388 secs] 1072638K->762134K(3106432K) icms_dc=4 , 0.0812055 secs] [Times: user=0.73 sys=0.05, real=0.08 secs] 
4364.603: [GC 4364.603: [ParNew: 347188K->25554K(353920K), 0.0575178 secs] 1076734K->756524K(3106432K) icms_dc=4 , 0.0581648 secs] [Times: user=0.57 sys=0.03, real=0.06 secs] 
4365.367: [GC 4365.367: [ParNew: 340178K->31770K(353920K), 0.0633583 secs] 1071105K->762697K(3106432K) icms_dc=4 , 0.0640357 secs] [Times: user=0.51 sys=0.03, real=0.06 secs] 
4366.177: [GC 4366.178: [ParNew: 346394K->31396K(353920K), 0.0748515 secs] 1077232K->764505K(3106432K) icms_dc=4 , 0.0757714 secs] [Times: user=0.57 sys=0.04, real=0.08 secs] 
4367.020: [GC 4367.021: [ParNew: 346020K->21435K(353920K), 0.0475263 secs] 1079087K->754502K(3106432K) icms_dc=4 , 0.0481872 secs] [Times: user=0.46 sys=0.06, real=0.05 secs] 
4367.935: [GC 4367.935: [ParNew: 336059K->24717K(353920K), 0.0669523 secs] 1069110K->757769K(3106432K) icms_dc=4 , 0.0675977 secs] [Times: user=0.57 sys=0.07, real=0.07 secs] 
4368.825: [GC 4368.826: [ParNew: 339341K->23267K(353920K), 0.0515399 secs] 1072306K->756232K(3106432K) icms_dc=4 , 0.0522163 secs] [Times: user=0.44 sys=0.04, real=0.05 secs] 
4369.828: [GC 4369.828: [ParNew: 337895K->19540K(353920K), 0.0535952 secs] 1070746K->752391K(3106432K) icms_dc=4 , 0.0542161 secs] [Times: user=0.42 sys=0.04, real=0.05 secs] 
4370.821: [GC 4370.822: [ParNew: 334164K->24457K(353920K), 0.0547708 secs] 1066948K->757241K(3106432K) icms_dc=4 , 0.0554066 secs] [Times: user=0.44 sys=0.02, real=0.06 secs] 
4371.781: [GC 4371.782: [ParNew: 339081K->22447K(353920K), 0.0484016 secs] 1071727K->755093K(3106432K) icms_dc=4 , 0.0490325 secs] [Times: user=0.43 sys=0.05, real=0.05 secs] 
4372.891: [GC 4372.891: [ParNew: 336926K->23926K(353920K), 0.0567799 secs] 1069391K->756391K(3106432K) icms_dc=4 , 0.0574154 secs] [Times: user=0.44 sys=0.04, real=0.06 secs] 
4374.325: [GC 4374.325: [ParNew: 338550K->23843K(353920K), 0.0752106 secs] 1070857K->756150K(3106432K) icms_dc=4 , 0.0758584 secs] [Times: user=0.61 sys=0.10, real=0.08 secs] 
4375.482: [GC 4375.483: [ParNew: 338467K->22800K(353920K), 0.0586315 secs] 1070566K->754899K(3106432K) icms_dc=4 , 0.0592634 secs] [Times: user=0.44 sys=0.03, real=0.06 secs] 
4376.466: [GC 4376.467: [ParNew: 337410K->26981K(353920K), 0.0935732 secs] 1069238K->758808K(3106432K) icms_dc=4 , 0.0942454 secs] [Times: user=0.67 sys=0.11, real=0.09 secs] 
4377.366: [GC 4377.366: [ParNew: 341605K->30531K(353920K), 0.0564604 secs] 1073069K->761995K(3106432K) icms_dc=4 , 0.0570912 secs] [Times: user=0.49 sys=0.03, real=0.06 secs] 
4378.256: [GC 4378.256: [ParNew: 345155K->26821K(353920K), 0.1423283 secs] 1076240K->760415K(3106432K) icms_dc=4 , 0.1429635 secs] [Times: user=0.96 sys=0.21, real=0.14 secs] 
4379.208: [GC 4379.208: [ParNew: 341445K->28238K(353920K), 0.0696411 secs] 1074723K->761516K(3106432K) icms_dc=4 , 0.0703003 secs] [Times: user=0.50 sys=0.04, real=0.07 secs] 
4380.187: [GC 4380.188: [ParNew: 342862K->19848K(353920K), 0.0904482 secs] 1074213K->751199K(3106432K) icms_dc=4 , 0.0911216 secs] [Times: user=0.67 sys=0.12, real=0.09 secs] 
4381.150: [GC 4381.150: [ParNew: 334472K->24496K(353920K), 0.0744450 secs] 1065492K->755517K(3106432K) icms_dc=4 , 0.0751055 secs] [Times: user=0.58 sys=0.08, real=0.08 secs] 
4382.243: [GC 4382.243: [ParNew: 339120K->25464K(353920K), 0.0456260 secs] 1069877K->756221K(3106432K) icms_dc=4 , 0.0462628 secs] [Times: user=0.49 sys=0.03, real=0.05 secs] 
4383.315: [GC 4383.316: [ParNew: 340088K->23308K(353920K), 0.0717428 secs] 1070781K->754001K(3106432K) icms_dc=4 , 0.0723850 secs] [Times: user=0.59 sys=0.09, real=0.07 secs] 
4384.587: [GC 4384.587: [ParNew: 337932K->22398K(353920K), 0.0432879 secs] 1068597K->753062K(3106432K) icms_dc=4 , 0.0439158 secs] [Times: user=0.42 sys=0.04, real=0.04 secs] 
4385.956: [GC 4385.956: [ParNew: 337022K->24422K(353920K), 0.0542220 secs] 1067617K->755017K(3106432K) icms_dc=4 , 0.0548573 secs] [Times: user=0.48 sys=0.04, real=0.06 secs] 
4387.310: [GC 4387.311: [ParNew: 339046K->20268K(353920K), 0.0534747 secs] 1069272K->750494K(3106432K) icms_dc=4 , 0.0541257 secs] [Times: user=0.45 sys=0.03, real=0.05 secs] 
4388.358: [GC 4388.358: [ParNew: 334892K->24495K(353920K), 0.0721361 secs] 1064730K->754333K(3106432K) icms_dc=4 , 0.0727684 secs] [Times: user=0.63 sys=0.08, real=0.07 secs] 
4389.510: [GC 4389.510: [ParNew: 339147K->27947K(353920K), 0.0652461 secs] 1068622K->757422K(3106432K) icms_dc=4 , 0.0658813 secs] [Times: user=0.50 sys=0.04, real=0.07 secs] 
4390.887: [GC 4390.888: [ParNew: 342571K->21931K(353920K), 0.0536334 secs] 1071488K->750848K(3106432K) icms_dc=4 , 0.0542733 secs] [Times: user=0.48 sys=0.04, real=0.05 secs] 
4391.900: [GC 4391.900: [ParNew: 336558K->27755K(353920K), 0.0609338 secs] 1065056K->756253K(3106432K) icms_dc=4 , 0.0615867 secs] [Times: user=0.50 sys=0.03, real=0.06 secs] 
4391.968: [GC 4391.969: [ParNew: 28459K->29314K(353920K), 0.0395988 secs] 756957K->757812K(3106432K) icms_dc=4 , 0.0401778 secs] [Times: user=0.48 sys=0.03, real=0.04 secs] 
4392.869: [GC 4392.869: [ParNew: 343938K->32942K(353920K), 0.0609788 secs] 1072287K->761291K(3106432K) icms_dc=4 , 0.0616474 secs] [Times: user=0.56 sys=0.03, real=0.06 secs] 
4393.703: [GC 4393.703: [ParNew: 347566K->31912K(353920K), 0.0852882 secs] 1075790K->765268K(3106432K) icms_dc=4 , 0.0859395 secs] [Times: user=0.61 sys=0.02, real=0.09 secs] 
4394.536: [GC 4394.536: [ParNew: 347370K->25064K(353920K), 0.0493598 secs] 1080552K->758245K(3106432K) icms_dc=4 , 0.0500424 secs] [Times: user=0.45 sys=0.04, real=0.05 secs] 
4395.400: [GC 4395.400: [ParNew: 339635K->25245K(353920K), 0.0586655 secs] 1072725K->758335K(3106432K) icms_dc=4 , 0.0593037 secs] [Times: user=0.47 sys=0.03, real=0.06 secs] 
4396.206: [GC 4396.206: [ParNew: 339869K->27111K(353920K), 0.0540826 secs] 1072927K->760170K(3106432K) icms_dc=4 , 0.0547311 secs] [Times: user=0.50 sys=0.04, real=0.06 secs] 
4397.086: [GC 4397.086: [ParNew: 341735K->22331K(353920K), 0.0541883 secs] 1074748K->755344K(3106432K) icms_dc=4 , 0.0549013 secs] [Times: user=0.51 sys=0.05, real=0.06 secs] 
4397.892: [GC 4397.893: [ParNew: 336955K->27953K(353920K), 0.0502450 secs] 1069791K->760789K(3106432K) icms_dc=4 , 0.0509017 secs] [Times: user=0.52 sys=0.03, real=0.05 secs] 
4398.820: [GC 4398.821: [ParNew: 342577K->22012K(353920K), 0.0585035 secs] 1075289K->756676K(3106432K) icms_dc=4 , 0.0591309 secs] [Times: user=0.52 sys=0.04, real=0.06 secs] 
4400.028: [GC 4400.028: [ParNew: 336797K->19352K(353920K), 0.0517223 secs] 1070477K->753032K(3106432K) icms_dc=4 , 0.0523490 secs] [Times: user=0.41 sys=0.04, real=0.05 secs] 
4401.215: [GC 4401.215: [ParNew: 333977K->21757K(353920K), 0.0483837 secs] 1066681K->754461K(3106432K) icms_dc=4 , 0.0490200 secs] [Times: user=0.41 sys=0.03, real=0.05 secs] 
4402.475: [GC 4402.475: [ParNew: 336381K->22057K(353920K), 0.0748957 secs] 1068052K->753727K(3106432K) icms_dc=4 , 0.0755385 secs] [Times: user=0.60 sys=0.09, real=0.08 secs] 
4403.473: [GC 4403.473: [ParNew: 336681K->25578K(353920K), 0.0627677 secs] 1067525K->756422K(3106432K) icms_dc=4 , 0.0634263 secs] [Times: user=0.53 sys=0.07, real=0.06 secs] 
4404.354: [GC 4404.355: [ParNew: 340202K->22989K(353920K), 0.0534034 secs] 1070611K->753398K(3106432K) icms_dc=4 , 0.0540479 secs] [Times: user=0.44 sys=0.03, real=0.05 secs] 
4405.447: [GC 4405.447: [ParNew: 337613K->23853K(353920K), 0.0510176 secs] 1066013K->752253K(3106432K) icms_dc=4 , 0.0516594 secs] [Times: user=0.46 sys=0.04, real=0.05 secs] 
4406.521: [GC 4406.522: [ParNew: 338477K->25149K(353920K), 0.0540966 secs] 1065065K->751738K(3106432K) icms_dc=4 , 0.0547680 secs] [Times: user=0.45 sys=0.03, real=0.06 secs] 
4407.515: [GC 4407.515: [ParNew: 339773K->25538K(353920K), 0.0543774 secs] 1064229K->749993K(3106432K) icms_dc=4 , 0.0549982 secs] [Times: user=0.48 sys=0.02, real=0.06 secs] 
4408.410: [GC 4408.410: [ParNew: 340162K->30254K(353920K), 0.2130945 secs] 1063233K->753325K(3106432K) icms_dc=4 , 0.2137622 secs] [Times: user=1.40 sys=0.44, real=0.21 secs] 
4409.448: [GC 4409.448: [ParNew: 344878K->21983K(353920K), 0.0608409 secs] 1067001K->747200K(3106432K) icms_dc=4 , 0.0614904 secs] [Times: user=0.54 sys=0.03, real=0.06 secs] 
4410.287: [GC 4410.288: [ParNew: 336275K->28260K(353920K), 0.1315042 secs] 1060755K->752739K(3106432K) icms_dc=4 , 0.1321802 secs] [Times: user=0.99 sys=0.20, real=0.13 secs] 
4411.133: [GC 4411.133: [ParNew: 342884K->29041K(353920K), 0.0699567 secs] 1066667K->752824K(3106432K) icms_dc=4 , 0.0706260 secs] [Times: user=0.66 sys=0.08, real=0.07 secs] 
4411.918: [GC 4411.919: [ParNew: 343665K->25896K(353920K), 0.0584394 secs] 1066986K->749216K(3106432K) icms_dc=4 , 0.0590741 secs] [Times: user=0.57 sys=0.07, real=0.06 secs] 
4412.972: [GC 4412.972: [ParNew: 340520K->23730K(353920K), 0.0593145 secs] 1062574K->745785K(3106432K) icms_dc=4 , 0.0599772 secs] [Times: user=0.56 sys=0.07, real=0.06 secs] 
4413.866: [GC 4413.867: [ParNew: 338354K->28778K(353920K), 0.1205856 secs] 1059001K->749424K(3106432K) icms_dc=4 , 0.1212572 secs] [Times: user=0.86 sys=0.18, real=0.12 secs] 
4415.089: [GC 4415.089: [ParNew: 343402K->20527K(353920K), 0.0450081 secs] 1061403K->738528K(3106432K) icms_dc=4 , 0.0456938 secs] [Times: user=0.43 sys=0.05, real=0.05 secs] 
4416.315: [GC 4416.316: [ParNew: 335151K->26886K(353920K), 0.0516915 secs] 1051204K->742939K(3106432K) icms_dc=4 , 0.0523220 secs] [Times: user=0.46 sys=0.03, real=0.05 secs] 
4417.299: [GC 4417.299: [ParNew: 341510K->30010K(353920K), 0.0568146 secs] 1056162K->744662K(3106432K) icms_dc=4 , 0.0574410 secs] [Times: user=0.50 sys=0.04, real=0.06 secs] 
4418.265: [GC 4418.265: [ParNew: 344634K->26349K(353920K), 0.1318874 secs] 1057785K->742330K(3106432K) icms_dc=4 , 0.1325552 secs] [Times: user=1.00 sys=0.19, real=0.13 secs] 
4419.286: [GC 4419.287: [ParNew: 340973K->22208K(353920K), 0.0403515 secs] 1055351K->736585K(3106432K) icms_dc=4 , 0.0410164 secs] [Times: user=0.43 sys=0.03, real=0.04 secs] 
4420.197: [GC 4420.197: [ParNew: 336830K->24929K(353920K), 0.0500881 secs] 1049949K->738049K(3106432K) icms_dc=4 , 0.0507150 secs] [Times: user=0.47 sys=0.04, real=0.05 secs] 
4421.229: [GC 4421.229: [ParNew: 339553K->22723K(353920K), 0.0479276 secs] 1051007K->734177K(3106432K) icms_dc=4 , 0.0485815 secs] [Times: user=0.45 sys=0.05, real=0.05 secs] 
4422.346: [GC 4422.346: [ParNew: 337347K->20972K(353920K), 0.0466961 secs] 1046062K->729686K(3106432K) icms_dc=4 , 0.0473375 secs] [Times: user=0.43 sys=0.03, real=0.05 secs] 
4423.447: [GC 4423.448: [ParNew: 335596K->25179K(353920K), 0.0402863 secs] 1042742K->732325K(3106432K) icms_dc=4 , 0.0409197 secs] [Times: user=0.42 sys=0.03, real=0.04 secs] 
4424.832: [GC 4424.832: [ParNew: 339803K->21860K(353920K), 0.0526604 secs] 1046113K->728170K(3106432K) icms_dc=4 , 0.0533204 secs] [Times: user=0.45 sys=0.03, real=0.05 secs] 
4426.040: [GC 4426.040: [ParNew: 336484K->25020K(353920K), 0.0623080 secs] 1041599K->730135K(3106432K) icms_dc=4 , 0.0629247 secs] [Times: user=0.56 sys=0.07, real=0.06 secs] 
4427.136: [GC 4427.137: [ParNew: 339512K->27384K(353920K), 0.0992099 secs] 1044230K->732102K(3106432K) icms_dc=4 , 0.0999151 secs] [Times: user=0.75 sys=0.16, real=0.10 secs] 
4428.240: [GC 4428.241: [ParNew: 341932K->26665K(353920K), 0.0644606 secs] 1046416K->731148K(3106432K) icms_dc=4 , 0.0650946 secs] [Times: user=0.60 sys=0.08, real=0.07 secs] 
4429.296: [GC 4429.296: [ParNew: 341289K->26900K(353920K), 0.0432061 secs] 1045536K->731147K(3106432K) icms_dc=4 , 0.0438573 secs] [Times: user=0.48 sys=0.04, real=0.04 secs] 
4430.379: [GC 4430.379: [ParNew: 341524K->22635K(353920K), 0.0526584 secs] 1045384K->726496K(3106432K) icms_dc=4 , 0.0533117 secs] [Times: user=0.46 sys=0.04, real=0.05 secs] 
4431.415: [GC 4431.415: [ParNew: 337259K->28630K(353920K), 0.0982896 secs] 1040638K->732008K(3106432K) icms_dc=4 , 0.0989268 secs] [Times: user=0.76 sys=0.14, real=0.10 secs] 
4432.378: [GC 4432.379: [ParNew: 343254K->27129K(353920K), 0.0515729 secs] 1045947K->729822K(3106432K) icms_dc=4 , 0.0522319 secs] [Times: user=0.52 sys=0.03, real=0.05 secs] 
4433.240: [GC 4433.240: [ParNew: 341753K->22294K(353920K), 0.0558329 secs] 1044053K->729411K(3106432K) icms_dc=4 , 0.0565256 secs] [Times: user=0.56 sys=0.03, real=0.06 secs] 
4434.175: [GC 4434.175: [ParNew: 336918K->18637K(353920K), 0.0684006 secs] 1043389K->725108K(3106432K) icms_dc=4 , 0.0690762 secs] [Times: user=0.54 sys=0.08, real=0.07 secs] 
4435.119: [GC 4435.119: [ParNew: 333261K->26148K(353920K), 0.1207674 secs] 1039146K->732033K(3106432K) icms_dc=4 , 0.1214062 secs] [Times: user=0.89 sys=0.19, real=0.12 secs] 
4436.062: [GC 4436.063: [ParNew: 340772K->27302K(353920K), 0.0510893 secs] 1046195K->732725K(3106432K) icms_dc=4 , 0.0517885 secs] [Times: user=0.48 sys=0.03, real=0.05 secs] 
4436.896: [GC 4436.896: [ParNew: 341926K->26972K(353920K), 0.1058661 secs] 1045702K->730747K(3106432K) icms_dc=4 , 0.1065059 secs] [Times: user=0.77 sys=0.15, real=0.11 secs] 
4437.884: [GC 4437.885: [ParNew: 341575K->21815K(353920K), 0.0509735 secs] 1043716K->723955K(3106432K) icms_dc=4 , 0.0516822 secs] [Times: user=0.45 sys=0.03, real=0.05 secs] 
4438.833: [GC 4438.834: [ParNew: 336439K->24902K(353920K), 0.1189717 secs] 1037466K->725929K(3106432K) icms_dc=4 , 0.1196752 secs] [Times: user=0.96 sys=0.19, real=0.12 secs] 
4439.909: [GC 4439.910: [ParNew: 339524K->24186K(353920K), 0.0484598 secs] 1038300K->722961K(3106432K) icms_dc=4 , 0.0491247 secs] [Times: user=0.44 sys=0.03, real=0.05 secs] 
4441.032: [GC 4441.032: [ParNew: 338810K->23547K(353920K), 0.0481067 secs] 1035559K->720296K(3106432K) icms_dc=4 , 0.0487649 secs] [Times: user=0.44 sys=0.03, real=0.05 secs] 
4442.178: [GC 4442.178: [ParNew: 338074K->24664K(353920K), 0.0659066 secs] 1033164K->719753K(3106432K) icms_dc=4 , 0.0665239 secs] [Times: user=0.57 sys=0.09, real=0.07 secs] 
4443.247: [GC 4443.248: [ParNew: 339288K->27849K(353920K), 0.0504059 secs] 1032225K->720786K(3106432K) icms_dc=4 , 0.0510916 secs] [Times: user=0.50 sys=0.05, real=0.05 secs] 
4444.148: [GC 4444.148: [ParNew: 341956K->26439K(353920K), 0.0777706 secs] 1033751K->720956K(3106432K) icms_dc=4 , 0.0784862 secs] [Times: user=0.70 sys=0.08, real=0.08 secs] 
4445.047: [GC 4445.048: [ParNew: 341063K->21678K(353920K), 0.0441355 secs] 1034675K->715289K(3106432K) icms_dc=4 , 0.0447418 secs] [Times: user=0.45 sys=0.04, real=0.05 secs] 
4446.227: [GC 4446.228: [ParNew: 336302K->23762K(353920K), 0.0461271 secs] 1028137K->715596K(3106432K) icms_dc=4 , 0.0467843 secs] [Times: user=0.43 sys=0.04, real=0.05 secs] 
4447.376: [GC 4447.376: [ParNew: 338386K->26023K(353920K), 0.1335685 secs] 1028942K->716580K(3106432K) icms_dc=4 , 0.1342713 secs] [Times: user=0.92 sys=0.24, real=0.13 secs] 
4448.451: [GC 4448.451: [ParNew: 340631K->27224K(353920K), 0.0577651 secs] 1030160K->716753K(3106432K) icms_dc=4 , 0.0584298 secs] [Times: user=0.46 sys=0.03, real=0.06 secs] 
4449.085: [CMS-concurrent-sweep: 3.114/89.100 secs] [Times: user=1522.51 sys=40.31, real=89.10 secs] 
4449.086: [CMS-concurrent-reset-start]
4449.113: [CMS-concurrent-reset: 0.027/0.027 secs] [Times: user=0.41 sys=0.00, real=0.03 secs] 
4449.620: [GC 4449.620: [ParNew: 341848K->30611K(353920K), 0.0486385 secs] 1031260K->720023K(3106432K) icms_dc=0 , 0.0493038 secs] [Times: user=0.48 sys=0.03, real=0.05 secs] 
4450.713: [GC 4450.713: [ParNew: 345235K->21133K(353920K), 0.0586179 secs] 1034647K->712575K(3106432K) icms_dc=0 , 0.0593003 secs] [Times: user=0.51 sys=0.03, real=0.06 secs] 
4451.713: [GC 4451.713: [ParNew: 335757K->27831K(353920K), 0.1295466 secs] 1027199K->719273K(3106432K) icms_dc=0 , 0.1301928 secs] [Times: user=0.88 sys=0.21, real=0.13 secs] 
4452.520: [GC 4452.520: [ParNew: 342455K->31329K(353920K), 0.0672912 secs] 1033897K->722771K(3106432K) icms_dc=0 , 0.0679463 secs] [Times: user=0.53 sys=0.02, real=0.07 secs] 
4453.310: [GC 4453.311: [ParNew: 345953K->29277K(353920K), 0.0760217 secs] 1037395K->720719K(3106432K) icms_dc=0 , 0.0767453 secs] [Times: user=0.72 sys=0.09, real=0.08 secs] 
4454.600: [GC 4454.601: [ParNew: 343901K->30682K(353920K), 0.0603410 secs] 1035343K->725645K(3106432K) icms_dc=0 , 0.0610568 secs] [Times: user=0.61 sys=0.02, real=0.06 secs] 
4455.781: [GC 4455.782: [ParNew: 345306K->33283K(353920K), 0.1071075 secs] 1040269K->729962K(3106432K) icms_dc=0 , 0.1077861 secs] [Times: user=0.77 sys=0.10, real=0.11 secs] 
4458.205: [GC 4458.206: [ParNew: 347907K->32753K(353920K), 0.0751518 secs] 1044586K->731895K(3106432K) icms_dc=0 , 0.0758847 secs] [Times: user=0.61 sys=0.02, real=0.08 secs] 
4462.175: [GC 4462.175: [ParNew: 347377K->37445K(353920K), 0.1046219 secs] 1046519K->742492K(3106432K) icms_dc=0 , 0.1054358 secs] [Times: user=0.85 sys=0.06, real=0.11 secs] 
4463.181: [GC 4463.182: [ParNew: 352069K->29893K(353920K), 0.1393310 secs] 1057116K->750638K(3106432K) icms_dc=5 , 0.1401698 secs] [Times: user=0.89 sys=0.05, real=0.14 secs] 
4463.633: [GC [1 CMS-initial-mark: 720744K(2752512K)] 900353K(3106432K), 0.9388651 secs] [Times: user=0.94 sys=0.00, real=0.95 secs] 
4464.584: [CMS-concurrent-mark-start]
4464.965: [GC 4464.966: [ParNew: 344517K->35544K(353920K), 0.0673237 secs] 1065262K->756289K(3106432K) icms_dc=5 , 0.0681861 secs] [Times: user=0.69 sys=0.03, real=0.07 secs] 
4465.873: [GC 4465.873: [ParNew: 350168K->39296K(353920K), 0.1159806 secs] 1070913K->769125K(3106432K) icms_dc=7 , 0.1168715 secs] [Times: user=0.96 sys=0.03, real=0.12 secs] 
4466.759: [GC 4466.759: [ParNew: 353920K->39296K(353920K), 0.1026552 secs] 1083749K->778773K(3106432K) icms_dc=10 , 0.1035454 secs] [Times: user=0.96 sys=0.04, real=0.10 secs] 
4467.652: [GC 4467.653: [ParNew: 353920K->39296K(353920K), 0.1187788 secs] 1093397K->789060K(3106432K) icms_dc=13 , 0.1196855 secs] [Times: user=0.95 sys=0.02, real=0.12 secs] 
4468.629: [GC 4468.630: [ParNew: 353920K->39296K(353920K), 0.1395369 secs] 1103684K->806130K(3106432K) icms_dc=19 , 0.1404577 secs] [Times: user=1.17 sys=0.11, real=0.14 secs] 
4469.773: [GC 4469.773: [ParNew: 353920K->26563K(353920K), 0.0859875 secs] 1120754K->802869K(3106432K) icms_dc=19 , 0.0868912 secs] [Times: user=0.78 sys=0.03, real=0.09 secs] 
4470.611: [GC 4470.611: [ParNew: 341187K->36452K(353920K), 0.2377162 secs] 1117493K->812758K(3106432K) icms_dc=19 , 0.2385735 secs] [Times: user=1.64 sys=0.45, real=0.24 secs] 
4471.767: [GC 4471.768: [ParNew: 351254K->39296K(353920K), 0.1123822 secs] 1127559K->823905K(3106432K) icms_dc=19 , 0.1132860 secs] [Times: user=1.06 sys=0.08, real=0.11 secs] 
4471.889: [GC 4471.889: [ParNew: 39502K->31457K(353920K), 0.1168778 secs] 824111K->826291K(3106432K) icms_dc=21 , 0.1176116 secs] [Times: user=1.02 sys=0.16, real=0.12 secs] 
4472.812: [GC 4472.813: [ParNew: 346081K->32037K(353920K), 0.0550445 secs] 1140915K->826870K(3106432K) icms_dc=21 , 0.0559939 secs] [Times: user=0.66 sys=0.02, real=0.06 secs] 
4473.609: [GC 4473.609: [ParNew: 346661K->33339K(353920K), 0.0784634 secs] 1141494K->834777K(3106432K) icms_dc=21 , 0.0793434 secs] [Times: user=0.81 sys=0.02, real=0.08 secs] 
4474.403: [GC 4474.403: [ParNew: 347963K->37843K(353920K), 0.0654171 secs] 1149401K->845936K(3106432K) icms_dc=21 , 0.0662711 secs] [Times: user=0.75 sys=0.01, real=0.07 secs] 
4475.289: [GC 4475.289: [ParNew: 352467K->35255K(353920K), 0.1018361 secs] 1160560K->848344K(3106432K) icms_dc=21 , 0.1027402 secs] [Times: user=0.94 sys=0.11, real=0.10 secs] 
4476.223: [GC 4476.224: [ParNew: 349876K->28532K(353920K), 0.0794825 secs] 1162965K->847350K(3106432K) icms_dc=21 , 0.0803960 secs] [Times: user=0.77 sys=0.05, real=0.08 secs] 
4476.996: [GC 4476.996: [ParNew: 343156K->32110K(353920K), 0.0940691 secs] 1161974K->854776K(3106432K) icms_dc=21 , 0.0949192 secs] [Times: user=0.86 sys=0.09, real=0.10 secs] 
4477.906: [GC 4477.907: [ParNew: 346734K->37203K(353920K), 0.1216975 secs] 1169400K->863204K(3106432K) icms_dc=21 , 0.1225647 secs] [Times: user=1.00 sys=0.18, real=0.12 secs] 
4478.832: [GC 4478.832: [ParNew: 352192K->28527K(353920K), 0.0573255 secs] 1178194K->858879K(3106432K) icms_dc=21 , 0.0581727 secs] [Times: user=0.59 sys=0.02, real=0.06 secs] 
4478.897: [GC 4478.897: [ParNew: 28688K->24972K(353920K), 0.0475614 secs] 859040K->859872K(3106432K) icms_dc=21 , 0.0482470 secs] [Times: user=0.48 sys=0.04, real=0.05 secs] 
4479.865: [GC 4479.865: [ParNew: 339596K->26883K(353920K), 0.0550022 secs] 1174496K->861783K(3106432K) icms_dc=21 , 0.0558364 secs] [Times: user=0.50 sys=0.04, real=0.06 secs] 
4480.815: [GC 4480.816: [ParNew: 341459K->31371K(353920K), 0.1796818 secs] 1176359K->866271K(3106432K) icms_dc=21 , 0.1805464 secs] [Times: user=0.97 sys=0.17, real=0.18 secs] 
4481.800: [GC 4481.801: [ParNew: 345995K->33058K(353920K), 0.0669800 secs] 1180895K->871322K(3106432K) icms_dc=21 , 0.0678556 secs] [Times: user=0.69 sys=0.03, real=0.07 secs] 
4482.707: [GC 4482.708: [ParNew: 347682K->29596K(353920K), 0.1307466 secs] 1185946K->871057K(3106432K) icms_dc=21 , 0.1315769 secs] [Times: user=0.94 sys=0.14, real=0.13 secs] 
4483.572: [GC 4483.573: [ParNew: 344803K->24790K(353920K), 0.0488881 secs] 1186264K->868240K(3106432K) icms_dc=21 , 0.0497080 secs] [Times: user=0.57 sys=0.03, real=0.05 secs] 
4483.629: [GC 4483.629: [ParNew: 25502K->23150K(353920K), 0.0405539 secs] 868951K->866600K(3106432K) icms_dc=21 , 0.0412638 secs] [Times: user=0.45 sys=0.06, real=0.04 secs] 
4484.551: [GC 4484.551: [ParNew: 337752K->22746K(353920K), 0.1050491 secs] 1181201K->866195K(3106432K) icms_dc=21 , 0.1058463 secs] [Times: user=0.78 sys=0.18, real=0.11 secs] 
4485.559: [GC 4485.559: [ParNew: 337370K->18193K(353920K), 0.0476901 secs] 1180819K->861642K(3106432K) icms_dc=21 , 0.0484958 secs] [Times: user=0.47 sys=0.03, real=0.05 secs] 
4486.652: [GC 4486.653: [ParNew: 332817K->22113K(353920K), 0.0685397 secs] 1176266K->865562K(3106432K) icms_dc=21 , 0.0693054 secs] [Times: user=0.57 sys=0.08, real=0.07 secs] 
4487.132: [CMS-concurrent-mark: 4.103/22.547 secs] [Times: user=541.80 sys=14.94, real=22.55 secs] 
4487.132: [CMS-concurrent-preclean-start]
4487.878: [GC 4487.878: [ParNew: 336944K->25358K(353920K), 0.0941463 secs] 1180393K->868807K(3106432K) icms_dc=21 , 0.0948922 secs] [Times: user=0.86 sys=0.16, real=0.10 secs] 
4489.140: [GC 4489.140: [ParNew: 339982K->26341K(353920K), 0.1233891 secs] 1183431K->869790K(3106432K) icms_dc=21 , 0.1241515 secs] [Times: user=0.96 sys=0.22, real=0.12 secs] 
4490.409: [GC 4490.410: [ParNew: 340965K->22365K(353920K), 0.0756533 secs] 1184414K->865814K(3106432K) icms_dc=21 , 0.0763840 secs] [Times: user=0.59 sys=0.06, real=0.08 secs] 
4491.669: [GC 4491.669: [ParNew: 336989K->26190K(353920K), 0.0515943 secs] 1180438K->869639K(3106432K) icms_dc=21 , 0.0523689 secs] [Times: user=0.52 sys=0.03, real=0.05 secs] 
4492.858: [GC 4492.859: [ParNew: 340814K->30130K(353920K), 0.0709596 secs] 1184263K->873579K(3106432K) icms_dc=21 , 0.0717284 secs] [Times: user=0.64 sys=0.09, real=0.07 secs] 
4493.915: [GC 4493.915: [ParNew: 344754K->26266K(353920K), 0.0609379 secs] 1188203K->871503K(3106432K) icms_dc=21 , 0.0617095 secs] [Times: user=0.56 sys=0.03, real=0.06 secs] 
4494.871: [GC 4494.872: [ParNew: 340890K->31450K(353920K), 0.0500979 secs] 1186127K->876686K(3106432K) icms_dc=21 , 0.0508396 secs] [Times: user=0.51 sys=0.03, real=0.05 secs] 
4495.846: [GC 4495.846: [ParNew: 346074K->24595K(353920K), 0.0582230 secs] 1191310K->872255K(3106432K) icms_dc=21 , 0.0589780 secs] [Times: user=0.55 sys=0.03, real=0.06 secs] 
4497.008: [GC 4497.008: [ParNew: 339219K->26475K(353920K), 0.0531178 secs] 1186879K->874135K(3106432K) icms_dc=21 , 0.0538730 secs] [Times: user=0.50 sys=0.05, real=0.05 secs] 
4497.543: [CMS-concurrent-preclean: 2.027/10.411 secs] [Times: user=161.06 sys=3.94, real=10.41 secs] 
4497.544: [CMS-concurrent-abortable-preclean-start]
4498.068: [GC 4498.069: [ParNew: 341099K->28825K(353920K), 0.0521948 secs] 1188759K->876485K(3106432K) icms_dc=21 , 0.0529577 secs] [Times: user=0.52 sys=0.03, real=0.05 secs] 
4499.023: [GC 4499.023: [ParNew: 343617K->27315K(353920K), 0.0400634 secs] 1191277K->874975K(3106432K) icms_dc=21 , 0.0408211 secs] [Times: user=0.50 sys=0.04, real=0.04 secs] 
4499.533: [CMS-concurrent-abortable-preclean: 0.292/1.989 secs] [Times: user=34.89 sys=0.79, real=1.99 secs] 
4499.544: [GC[YG occupancy: 159392 K (353920 K)]4499.544: [Rescan (parallel) , 0.5962706 secs]4500.140: [weak refs processing, 0.0049197 secs] [1 CMS-remark: 847660K(2752512K)] 1007052K(3106432K), 0.6017704 secs] [Times: user=3.57 sys=1.53, real=0.60 secs] 
4500.146: [CMS-concurrent-sweep-start]
4500.622: [GC 4500.623: [ParNew: 341939K->32607K(353920K), 0.1434363 secs] 1189454K->880123K(3106432K) icms_dc=21 , 0.1442468 secs] [Times: user=0.88 sys=0.15, real=0.14 secs] 
4501.493: [GC 4501.494: [ParNew: 347231K->28112K(353920K), 0.0604710 secs] 1194531K->879106K(3106432K) icms_dc=21 , 0.0612662 secs] [Times: user=0.60 sys=0.02, real=0.06 secs] 
4502.302: [GC 4502.302: [ParNew: 342746K->31393K(353920K), 0.1049966 secs] 1193638K->883079K(3106432K) icms_dc=21 , 0.1057864 secs] [Times: user=0.88 sys=0.16, real=0.11 secs] 
4502.414: [GC 4502.415: [ParNew: 31619K->24513K(353920K), 0.0414071 secs] 883305K->877637K(3106432K) icms_dc=21 , 0.0421322 secs] [Times: user=0.49 sys=0.04, real=0.06 secs] 
4503.323: [GC 4503.323: [ParNew: 339137K->26820K(353920K), 0.0516953 secs] 1192128K->879811K(3106432K) icms_dc=21 , 0.0525023 secs] [Times: user=0.48 sys=0.03, real=0.05 secs] 
4504.463: [GC 4504.464: [ParNew: 341444K->25661K(353920K), 0.0734181 secs] 1193416K->877633K(3106432K) icms_dc=21 , 0.0741950 secs] [Times: user=0.62 sys=0.09, real=0.07 secs] 
4505.546: [GC 4505.547: [ParNew: 340285K->23293K(353920K), 0.0473740 secs] 1191780K->874787K(3106432K) icms_dc=21 , 0.0481424 secs] [Times: user=0.48 sys=0.05, real=0.05 secs] 
4506.552: [GC 4506.553: [ParNew: 337917K->27553K(353920K), 0.0565107 secs] 1188801K->878438K(3106432K) icms_dc=21 , 0.0572947 secs] [Times: user=0.54 sys=0.03, real=0.06 secs] 
4507.657: [GC 4507.657: [ParNew: 342177K->28791K(353920K), 0.1307512 secs] 1192239K->879803K(3106432K) icms_dc=21 , 0.1315219 secs] [Times: user=1.04 sys=0.20, real=0.13 secs] 
4508.526: [GC 4508.527: [ParNew: 343674K->28537K(353920K), 0.0694121 secs] 1193996K->878858K(3106432K) icms_dc=21 , 0.0702317 secs] [Times: user=0.64 sys=0.09, real=0.07 secs] 
4509.545: [GC 4509.545: [ParNew: 343161K->23117K(353920K), 0.0687466 secs] 1189127K->872848K(3106432K) icms_dc=21 , 0.0696031 secs] [Times: user=0.60 sys=0.03, real=0.07 secs] 
4510.612: [GC 4510.613: [ParNew: 337741K->24190K(353920K), 0.0690203 secs] 1182991K->869440K(3106432K) icms_dc=21 , 0.0697957 secs] [Times: user=0.72 sys=0.08, real=0.07 secs] 
4511.751: [GC 4511.751: [ParNew: 338814K->22761K(353920K), 0.0512270 secs] 1177781K->861729K(3106432K) icms_dc=21 , 0.0519927 secs] [Times: user=0.45 sys=0.02, real=0.05 secs] 
4512.847: [GC 4512.848: [ParNew: 337385K->23542K(353920K), 0.0539928 secs] 1174991K->861148K(3106432K) icms_dc=21 , 0.0548035 secs] [Times: user=0.52 sys=0.03, real=0.06 secs] 
4514.174: [GC 4514.174: [ParNew: 338166K->22120K(353920K), 0.0499480 secs] 1173270K->857224K(3106432K) icms_dc=21 , 0.0507338 secs] [Times: user=0.44 sys=0.02, real=0.05 secs] 
4515.318: [GC 4515.318: [ParNew: 336744K->26543K(353920K), 0.0563931 secs] 1159730K->849528K(3106432K) icms_dc=21 , 0.0573833 secs] [Times: user=0.53 sys=0.03, real=0.06 secs] 
4515.747: [CMS-concurrent-sweep: 3.159/15.600 secs] [Times: user=282.84 sys=7.02, real=15.60 secs] 
4515.748: [CMS-concurrent-reset-start]
4515.775: [CMS-concurrent-reset: 0.027/0.027 secs] [Times: user=0.68 sys=0.01, real=0.03 secs] 
4516.157: [GC 4516.158: [ParNew: 341060K->32036K(353920K), 0.1245852 secs] 1161725K->852700K(3106432K) icms_dc=16 , 0.1253798 secs] [Times: user=0.95 sys=0.16, real=0.13 secs] 
4516.569: [GC [1 CMS-initial-mark: 820664K(2752512K)] 985099K(3106432K), 0.6498261 secs] [Times: user=0.65 sys=0.00, real=0.65 secs] 
4517.220: [CMS-concurrent-mark-start]
4517.759: [GC 4517.760: [ParNew: 346660K->31721K(353920K), 0.0574620 secs] 1167324K->855266K(3106432K) icms_dc=16 , 0.0582808 secs] [Times: user=0.64 sys=0.03, real=0.06 secs] 
4518.764: [GC 4518.764: [ParNew: 346345K->31724K(353920K), 0.1173360 secs] 1169890K->856593K(3106432K) icms_dc=16 , 0.1181433 secs] [Times: user=0.80 sys=0.12, real=0.12 secs] 
4519.606: [GC 4519.606: [ParNew: 346348K->26303K(353920K), 0.0776788 secs] 1171217K->851977K(3106432K) icms_dc=16 , 0.0784774 secs] [Times: user=0.54 sys=0.01, real=0.08 secs] 
4520.395: [GC 4520.395: [ParNew: 340903K->34569K(353920K), 0.0588712 secs] 1166577K->862036K(3106432K) icms_dc=16 , 0.0596729 secs] [Times: user=0.60 sys=0.03, real=0.06 secs] 
4521.265: [GC 4521.265: [ParNew: 349193K->23538K(353920K), 0.1368402 secs] 1176660K->856623K(3106432K) icms_dc=16 , 0.1377087 secs] [Times: user=1.07 sys=0.22, real=0.14 secs] 
4522.152: [GC 4522.152: [ParNew: 338162K->23002K(353920K), 0.0502766 secs] 1171247K->856088K(3106432K) icms_dc=16 , 0.0510938 secs] [Times: user=0.48 sys=0.03, real=0.05 secs] 
4522.889: [GC 4522.889: [ParNew: 337626K->28458K(353920K), 0.0550185 secs] 1170712K->861544K(3106432K) icms_dc=16 , 0.0558152 secs] [Times: user=0.52 sys=0.03, real=0.06 secs] 
4523.731: [GC 4523.732: [ParNew: 343082K->29949K(353920K), 0.0461550 secs] 1176168K->863035K(3106432K) icms_dc=16 , 0.0469663 secs] [Times: user=0.49 sys=0.03, real=0.05 secs] 
4524.603: [GC 4524.603: [ParNew: 344723K->27308K(353920K), 0.0679615 secs] 1177809K->861971K(3106432K) icms_dc=16 , 0.0687724 secs] [Times: user=0.59 sys=0.05, real=0.07 secs] 
4524.679: [GC 4524.679: [ParNew: 27897K->20333K(353920K), 0.0343820 secs] 862561K->854997K(3106432K) icms_dc=16 , 0.0351054 secs] [Times: user=0.42 sys=0.05, real=0.04 secs] 
4525.720: [GC 4525.720: [ParNew: 334957K->22938K(353920K), 0.0650803 secs] 1169621K->857601K(3106432K) icms_dc=16 , 0.0659064 secs] [Times: user=0.61 sys=0.06, real=0.07 secs] 
4526.692: [GC 4526.693: [ParNew: 337562K->24211K(353920K), 0.0734343 secs] 1172225K->858874K(3106432K) icms_dc=16 , 0.0742579 secs] [Times: user=0.63 sys=0.09, real=0.07 secs] 
4527.599: [GC 4527.599: [ParNew: 338835K->27078K(353920K), 0.1705351 secs] 1173498K->861741K(3106432K) icms_dc=16 , 0.1713135 secs] [Times: user=1.24 sys=0.34, real=0.17 secs] 
4528.440: [GC 4528.441: [ParNew: 341702K->26319K(353920K), 0.1188620 secs] 1176365K->860982K(3106432K) icms_dc=16 , 0.1196374 secs] [Times: user=0.98 sys=0.23, real=0.12 secs] 
4529.567: [GC 4529.567: [ParNew: 340496K->21252K(353920K), 0.0458479 secs] 1175160K->856703K(3106432K) icms_dc=16 , 0.0466281 secs] [Times: user=0.49 sys=0.05, real=0.05 secs] 
4530.781: [GC 4530.781: [ParNew: 335876K->26170K(353920K), 0.0531233 secs] 1171327K->861621K(3106432K) icms_dc=16 , 0.0538922 secs] [Times: user=0.48 sys=0.03, real=0.05 secs] 
4531.895: [GC 4531.895: [ParNew: 340794K->27569K(353920K), 0.0477080 secs] 1176245K->863019K(3106432K) icms_dc=16 , 0.0484711 secs] [Times: user=0.47 sys=0.02, real=0.05 secs] 
4533.042: [GC 4533.043: [ParNew: 342193K->25193K(353920K), 0.1309332 secs] 1177643K->860643K(3106432K) icms_dc=16 , 0.1316970 secs] [Times: user=0.97 sys=0.25, real=0.13 secs] 
4534.038: [GC 4534.038: [ParNew: 339817K->30824K(353920K), 0.0741265 secs] 1175267K->866275K(3106432K) icms_dc=16 , 0.0749136 secs] [Times: user=0.59 sys=0.04, real=0.08 secs] 
4534.951: [GC 4534.952: [ParNew: 345545K->27787K(353920K), 0.0665354 secs] 1180996K->866286K(3106432K) icms_dc=16 , 0.0673786 secs] [Times: user=0.68 sys=0.05, real=0.07 secs] 
4535.026: [GC 4535.027: [ParNew: 28953K->24273K(353920K), 0.0364860 secs] 867452K->862773K(3106432K) icms_dc=16 , 0.0372135 secs] [Times: user=0.47 sys=0.04, real=0.04 secs] 
4535.832: [GC 4535.832: [ParNew: 338897K->29637K(353920K), 0.0498605 secs] 1177397K->868136K(3106432K) icms_dc=16 , 0.0506470 secs] [Times: user=0.50 sys=0.03, real=0.05 secs] 
4536.748: [GC 4536.748: [ParNew: 344261K->26352K(353920K), 0.0570126 secs] 1182760K->864851K(3106432K) icms_dc=16 , 0.0577935 secs] [Times: user=0.49 sys=0.03, real=0.06 secs] 
4537.715: [GC 4537.716: [ParNew: 340976K->32103K(353920K), 0.0549236 secs] 1179475K->870603K(3106432K) icms_dc=16 , 0.0556980 secs] [Times: user=0.53 sys=0.03, real=0.06 secs] 
4538.582: [GC 4538.583: [ParNew: 346727K->23755K(353920K), 0.0522692 secs] 1185227K->864771K(3106432K) icms_dc=16 , 0.0530876 secs] [Times: user=0.59 sys=0.03, real=0.05 secs] 
4539.422: [GC 4539.423: [ParNew: 338379K->31240K(353920K), 0.0498772 secs] 1179395K->872256K(3106432K) icms_dc=16 , 0.0506842 secs] [Times: user=0.55 sys=0.04, real=0.05 secs] 
4539.834: [CMS-concurrent-mark: 3.631/22.614 secs] [Times: user=505.18 sys=13.21, real=22.61 secs] 
4539.835: [CMS-concurrent-preclean-start]
4540.274: [GC 4540.275: [ParNew: 345864K->27311K(353920K), 0.1418604 secs] 1186880K->869396K(3106432K) icms_dc=16 , 0.1426978 secs] [Times: user=1.15 sys=0.25, real=0.14 secs] 
4541.265: [GC 4541.265: [ParNew: 341935K->27807K(353920K), 0.0642701 secs] 1184020K->869892K(3106432K) icms_dc=16 , 0.0650740 secs] [Times: user=0.59 sys=0.05, real=0.07 secs] 
4542.168: [GC 4542.169: [ParNew: 342431K->25726K(353920K), 0.1167193 secs] 1184516K->867811K(3106432K) icms_dc=16 , 0.1175262 secs] [Times: user=0.90 sys=0.18, real=0.12 secs] 
4543.033: [GC 4543.033: [ParNew: 340354K->25664K(353920K), 0.1209824 secs] 1182439K->868284K(3106432K) icms_dc=16 , 0.1217848 secs] [Times: user=0.94 sys=0.23, real=0.14 secs] 
4543.178: [GC 4543.178: [ParNew: 26221K->27113K(353920K), 0.0365498 secs] 868841K->869732K(3106432K) icms_dc=16 , 0.0372281 secs] [Times: user=0.48 sys=0.05, real=0.04 secs] 
4544.076: [GC 4544.076: [ParNew: 341737K->25078K(353920K), 0.0691075 secs] 1184356K->867698K(3106432K) icms_dc=16 , 0.0700754 secs] [Times: user=0.65 sys=0.08, real=0.07 secs] 
4545.128: [GC 4545.129: [ParNew: 339702K->25146K(353920K), 0.0514694 secs] 1182322K->867766K(3106432K) icms_dc=16 , 0.0522460 secs] [Times: user=0.49 sys=0.03, real=0.05 secs] 
4546.219: [GC 4546.219: [ParNew: 339770K->28801K(353920K), 0.0624984 secs] 1182390K->871421K(3106432K) icms_dc=16 , 0.0633321 secs] [Times: user=0.53 sys=0.03, real=0.06 secs] 
4547.254: [GC 4547.254: [ParNew: 343425K->30639K(353920K), 0.1094851 secs] 1186045K->873259K(3106432K) icms_dc=16 , 0.1102620 secs] [Times: user=0.87 sys=0.16, real=0.11 secs] 
4548.273: [GC 4548.273: [ParNew: 345263K->31048K(353920K), 0.0735243 secs] 1187883K->875650K(3106432K) icms_dc=16 , 0.0743185 secs] [Times: user=0.67 sys=0.05, real=0.07 secs] 
4549.198: [GC 4549.198: [ParNew: 345706K->26399K(353920K), 0.0609190 secs] 1190308K->871001K(3106432K) icms_dc=16 , 0.0616947 secs] [Times: user=0.54 sys=0.03, real=0.06 secs] 
4549.267: [GC 4549.267: [ParNew: 27040K->27787K(353920K), 0.0392997 secs] 871642K->873453K(3106432K) icms_dc=16 , 0.0400000 secs] [Times: user=0.51 sys=0.05, real=0.04 secs] 
4550.371: [GC 4550.372: [ParNew: 342411K->25307K(353920K), 0.0491667 secs] 1188076K->870973K(3106432K) icms_dc=16 , 0.0499393 secs] [Times: user=0.47 sys=0.03, real=0.05 secs] 
4551.528: [GC 4551.529: [ParNew: 339808K->27440K(353920K), 0.0554522 secs] 1185473K->873106K(3106432K) icms_dc=16 , 0.0562274 secs] [Times: user=0.49 sys=0.03, real=0.06 secs] 
4552.079: [CMS-concurrent-preclean: 1.663/12.244 secs] [Times: user=240.80 sys=6.71, real=12.24 secs] 
4552.080: [CMS-concurrent-abortable-preclean-start]
4552.178: [CMS-concurrent-abortable-preclean: 0.097/0.098 secs] [Times: user=1.12 sys=0.03, real=0.10 secs] 
4552.188: [GC[YG occupancy: 208637 K (353920 K)]4552.188: [Rescan (parallel) , 0.5083721 secs]4552.697: [weak refs processing, 0.0078288 secs] [1 CMS-remark: 845665K(2752512K)] 1054303K(3106432K), 0.5169970 secs] [Times: user=3.33 sys=1.30, real=0.52 secs] 
4552.706: [CMS-concurrent-sweep-start]
4553.120: [GC 4553.120: [ParNew: 342064K->28860K(353920K), 0.0526203 secs] 1187727K->874523K(3106432K) icms_dc=16 , 0.0534353 secs] [Times: user=0.53 sys=0.03, real=0.05 secs] 
4554.117: [GC 4554.118: [ParNew: 343484K->29467K(353920K), 0.0684532 secs] 1189103K->875086K(3106432K) icms_dc=16 , 0.0692530 secs] [Times: user=0.63 sys=0.06, real=0.07 secs] 
4555.005: [GC 4555.006: [ParNew: 344091K->32493K(353920K), 0.0626820 secs] 1189666K->878067K(3106432K) icms_dc=16 , 0.0634797 secs] [Times: user=0.57 sys=0.02, real=0.06 secs] 
4555.897: [GC 4555.898: [ParNew: 347127K->31296K(353920K), 0.0619189 secs] 1192635K->879902K(3106432K) icms_dc=16 , 0.0627000 secs] [Times: user=0.61 sys=0.04, real=0.06 secs] 
4555.967: [GC 4555.967: [ParNew: 31353K->25759K(353920K), 0.0426085 secs] 879959K->874871K(3106432K) icms_dc=16 , 0.0432905 secs] [Times: user=0.47 sys=0.03, real=0.04 secs] 
4556.998: [GC 4556.998: [ParNew: 340406K->30435K(353920K), 0.0759832 secs] 1189462K->879490K(3106432K) icms_dc=16 , 0.0767999 secs] [Times: user=0.61 sys=0.05, real=0.08 secs] 
4557.824: [GC 4557.824: [ParNew: 345059K->24668K(353920K), 0.0751467 secs] 1194053K->873662K(3106432K) icms_dc=16 , 0.0759134 secs] [Times: user=0.69 sys=0.08, real=0.08 secs] 
4558.909: [GC 4558.909: [ParNew: 339292K->25696K(353920K), 0.0989647 secs] 1187669K->874073K(3106432K) icms_dc=16 , 0.0998154 secs] [Times: user=0.74 sys=0.14, real=0.10 secs] 
4559.838: [GC 4559.839: [ParNew: 340320K->29196K(353920K), 0.1160422 secs] 1188627K->877503K(3106432K) icms_dc=16 , 0.1168218 secs] [Times: user=0.82 sys=0.16, real=0.12 secs] 
4560.968: [GC 4560.969: [ParNew: 343820K->28087K(353920K), 0.0713958 secs] 1191969K->876236K(3106432K) icms_dc=16 , 0.0721778 secs] [Times: user=0.56 sys=0.05, real=0.07 secs] 
4561.948: [GC 4561.948: [ParNew: 342711K->23317K(353920K), 0.0733496 secs] 1190614K->871220K(3106432K) icms_dc=16 , 0.0741214 secs] [Times: user=0.67 sys=0.08, real=0.07 secs] 
4562.854: [GC 4562.854: [ParNew: 337324K->26848K(353920K), 0.0475411 secs] 1185150K->874674K(3106432K) icms_dc=16 , 0.0482996 secs] [Times: user=0.49 sys=0.03, real=0.05 secs] 
4563.918: [GC 4563.919: [ParNew: 341472K->27581K(353920K), 0.0515704 secs] 1188883K->874991K(3106432K) icms_dc=16 , 0.0523384 secs] [Times: user=0.49 sys=0.03, real=0.05 secs] 
4564.996: [GC 4564.996: [ParNew: 342864K->30826K(353920K), 0.0464233 secs] 1189689K->877651K(3106432K) icms_dc=16 , 0.0471958 secs] [Times: user=0.49 sys=0.03, real=0.05 secs] 
4566.102: [GC 4566.103: [ParNew: 345450K->29460K(353920K), 0.0810258 secs] 1190573K->878319K(3106432K) icms_dc=16 , 0.0818703 secs] [Times: user=0.62 sys=0.01, real=0.08 secs] 
4567.194: [GC 4567.195: [ParNew: 344084K->22557K(353920K), 0.0652758 secs] 1191528K->871506K(3106432K) icms_dc=16 , 0.0661056 secs] [Times: user=0.60 sys=0.04, real=0.07 secs] 
4568.138: [GC 4568.138: [ParNew: 337135K->28522K(353920K), 0.0877943 secs] 1184119K->875506K(3106432K) icms_dc=16 , 0.0886543 secs] [Times: user=0.75 sys=0.08, real=0.09 secs] 
4569.123: [GC 4569.124: [ParNew: 343146K->25686K(353920K), 0.0535594 secs] 1188110K->870651K(3106432K) icms_dc=16 , 0.0543874 secs] [Times: user=0.51 sys=0.04, real=0.05 secs] 
4570.044: [GC 4570.045: [ParNew: 340310K->30665K(353920K), 0.0744615 secs] 1184381K->874736K(3106432K) icms_dc=16 , 0.0752381 secs] [Times: user=0.55 sys=0.01, real=0.08 secs] 
4570.886: [GC 4570.886: [ParNew: 345300K->28520K(353920K), 0.0701170 secs] 1189089K->874091K(3106432K) icms_dc=16 , 0.0709418 secs] [Times: user=0.70 sys=0.07, real=0.07 secs] 
4570.964: [GC 4570.965: [ParNew: 29093K->27979K(353920K), 0.0346988 secs] 874664K->873549K(3106432K) icms_dc=16 , 0.0353954 secs] [Times: user=0.46 sys=0.04, real=0.04 secs] 
4571.848: [GC 4571.849: [ParNew: 342625K->25555K(353920K), 0.0590301 secs] 1187578K->870508K(3106432K) icms_dc=16 , 0.0598460 secs] [Times: user=0.57 sys=0.04, real=0.06 secs] 
4571.916: [GC 4571.916: [ParNew: 26144K->26495K(353920K), 0.0329824 secs] 871096K->871448K(3106432K) icms_dc=16 , 0.0336671 secs] [Times: user=0.46 sys=0.04, real=0.03 secs] 
4572.775: [GC 4572.775: [ParNew: 341119K->30831K(353920K), 0.1379574 secs] 1185518K->875230K(3106432K) icms_dc=16 , 0.1387838 secs] [Times: user=1.12 sys=0.26, real=0.14 secs] 
4573.788: [GC 4573.789: [ParNew: 345455K->23693K(353920K), 0.0568610 secs] 1188076K->867669K(3106432K) icms_dc=16 , 0.0576924 secs] [Times: user=0.57 sys=0.03, real=0.06 secs] 
4574.684: [GC 4574.684: [ParNew: 338317K->28707K(353920K), 0.1198350 secs] 1181163K->871553K(3106432K) icms_dc=16 , 0.1206511 secs] [Times: user=0.89 sys=0.15, real=0.12 secs] 
4575.532: [GC 4575.533: [ParNew: 343331K->33738K(353920K), 0.0813993 secs] 1184780K->876301K(3106432K) icms_dc=16 , 0.0822048 secs] [Times: user=0.69 sys=0.03, real=0.08 secs] 
4576.455: [GC 4576.455: [ParNew: 348537K->25879K(353920K), 0.1529365 secs] 1189703K->868513K(3106432K) icms_dc=16 , 0.1537703 secs] [Times: user=1.25 sys=0.31, real=0.15 secs] 
4576.618: [GC 4576.618: [ParNew: 26153K->27787K(353920K), 0.0414342 secs] 868787K->870929K(3106432K) icms_dc=16 , 0.0421258 secs] [Times: user=0.52 sys=0.03, real=0.04 secs] 
4577.497: [GC 4577.498: [ParNew: 342411K->30328K(353920K), 0.0593350 secs] 1184879K->872796K(3106432K) icms_dc=16 , 0.0602041 secs] [Times: user=0.62 sys=0.04, real=0.06 secs] 
4578.264: [GC 4578.264: [ParNew: 344952K->25598K(353920K), 0.0660654 secs] 1175813K->856913K(3106432K) icms_dc=16 , 0.0668964 secs] [Times: user=0.54 sys=0.01, real=0.07 secs] 
4579.222: [GC 4579.223: [ParNew: 340222K->28632K(353920K), 0.0447264 secs] 1149455K->837864K(3106432K) icms_dc=16 , 0.0455406 secs] [Times: user=0.53 sys=0.03, real=0.05 secs] 
4580.038: [GC 4580.038: [ParNew: 343373K->32991K(353920K), 0.0684684 secs] 1139724K->830451K(3106432K) icms_dc=16 , 0.0692747 secs] [Times: user=0.60 sys=0.03, real=0.07 secs] 
4580.114: [GC 4580.136: [ParNew: 33432K->27588K(353920K), 0.0505049 secs] 830892K->827864K(3106432K) icms_dc=16 , 0.0512833 secs] [Times: user=0.53 sys=0.03, real=0.07 secs] 
4580.748: [CMS-concurrent-sweep: 3.978/28.042 secs] [Times: user=610.55 sys=16.08, real=28.04 secs] 
4580.749: [CMS-concurrent-reset-start]
4581.091: [GC 4581.091: [ParNew: 342212K->22846K(353920K), 0.1353539 secs] 1132714K->813348K(3106432K) icms_dc=16 , 0.1361360 secs] [Times: user=0.95 sys=0.24, real=0.14 secs] 
4581.574: [CMS-concurrent-reset: 0.028/0.825 secs] [Times: user=19.35 sys=0.76, real=0.83 secs] 
4581.973: [GC 4581.973: [ParNew: 337470K->28469K(353920K), 0.1163554 secs] 1127972K->818971K(3106432K) icms_dc=11 , 0.1172035 secs] [Times: user=0.84 sys=0.14, real=0.12 secs] 
4582.429: [GC [1 CMS-initial-mark: 790502K(2752512K)] 959189K(3106432K), 0.7205471 secs] [Times: user=0.72 sys=0.00, real=0.72 secs] 
4583.150: [CMS-concurrent-mark-start]
4583.664: [GC 4583.665: [ParNew: 343093K->28569K(353920K), 0.1143011 secs] 1133595K->819591K(3106432K) icms_dc=11 , 0.1151429 secs] [Times: user=0.82 sys=0.15, real=0.12 secs] 
4584.688: [GC 4584.689: [ParNew: 343193K->21372K(353920K), 0.0593625 secs] 1134215K->812394K(3106432K) icms_dc=11 , 0.0602880 secs] [Times: user=0.66 sys=0.05, real=0.06 secs] 
4585.568: [GC 4585.569: [ParNew: 335996K->28588K(353920K), 0.1288110 secs] 1127018K->819610K(3106432K) icms_dc=11 , 0.1295959 secs] [Times: user=1.09 sys=0.21, real=0.13 secs] 
4586.525: [GC 4586.525: [ParNew: 343212K->22760K(353920K), 0.0621129 secs] 1134234K->815067K(3106432K) icms_dc=11 , 0.0628937 secs] [Times: user=0.54 sys=0.03, real=0.06 secs] 
4587.381: [GC 4587.382: [ParNew: 337384K->26072K(353920K), 0.0687062 secs] 1129691K->818379K(3106432K) icms_dc=11 , 0.0694917 secs] [Times: user=0.63 sys=0.06, real=0.07 secs] 
4588.256: [GC 4588.256: [ParNew: 340696K->29808K(353920K), 0.1365709 secs] 1133003K->822114K(3106432K) icms_dc=11 , 0.1373983 secs] [Times: user=1.07 sys=0.26, real=0.14 secs] 
4589.166: [GC 4589.166: [ParNew: 344432K->29659K(353920K), 0.0694297 secs] 1136738K->823368K(3106432K) icms_dc=11 , 0.0705634 secs] [Times: user=0.57 sys=0.03, real=0.07 secs] 
4590.186: [GC 4590.187: [ParNew: 344276K->23531K(353920K), 0.0538315 secs] 1137985K->817241K(3106432K) icms_dc=11 , 0.0546465 secs] [Times: user=0.54 sys=0.03, real=0.06 secs] 
4591.022: [GC 4591.023: [ParNew: 338155K->26837K(353920K), 0.0521489 secs] 1131865K->820546K(3106432K) icms_dc=11 , 0.0529203 secs] [Times: user=0.55 sys=0.03, real=0.05 secs] 
4591.791: [GC 4591.792: [ParNew: 341461K->30078K(353920K), 0.0592195 secs] 1135170K->823787K(3106432K) icms_dc=11 , 0.0600256 secs] [Times: user=0.52 sys=0.02, real=0.06 secs] 
4592.808: [GC 4592.809: [ParNew: 344702K->27105K(353920K), 0.0526043 secs] 1138411K->820814K(3106432K) icms_dc=11 , 0.0534499 secs] [Times: user=0.59 sys=0.02, real=0.05 secs] 
4593.927: [GC 4593.927: [ParNew: 342050K->26536K(353920K), 0.1258072 secs] 1135759K->822028K(3106432K) icms_dc=11 , 0.1267654 secs] [Times: user=0.97 sys=0.19, real=0.13 secs] 
4594.854: [GC 4594.855: [ParNew: 341160K->31635K(353920K), 0.0665901 secs] 1136652K->827127K(3106432K) icms_dc=11 , 0.0674548 secs] [Times: user=0.54 sys=0.02, real=0.07 secs] 
4595.738: [GC 4595.738: [ParNew: 346259K->22245K(353920K), 0.0541365 secs] 1141751K->819469K(3106432K) icms_dc=11 , 0.0549860 secs] [Times: user=0.57 sys=0.03, real=0.06 secs] 
4596.876: [GC 4596.876: [ParNew: 336825K->20885K(353920K), 0.0474082 secs] 1134049K->818110K(3106432K) icms_dc=11 , 0.0482809 secs] [Times: user=0.46 sys=0.04, real=0.05 secs] 
4597.926: [GC 4597.927: [ParNew: 335509K->24004K(353920K), 0.0472483 secs] 1132734K->821228K(3106432K) icms_dc=11 , 0.0480520 secs] [Times: user=0.44 sys=0.03, real=0.05 secs] 
4598.970: [GC 4598.971: [ParNew: 338628K->24859K(353920K), 0.0686952 secs] 1135853K->822084K(3106432K) icms_dc=11 , 0.0694598 secs] [Times: user=0.53 sys=0.05, real=0.07 secs] 
4600.048: [GC 4600.048: [ParNew: 339489K->26256K(353920K), 0.0578636 secs] 1136713K->823481K(3106432K) icms_dc=11 , 0.0586720 secs] [Times: user=0.50 sys=0.03, real=0.06 secs] 
4600.114: [GC 4600.114: [ParNew: 26997K->27994K(353920K), 0.0347963 secs] 824222K->825219K(3106432K) icms_dc=11 , 0.0355139 secs] [Times: user=0.45 sys=0.03, real=0.04 secs] 
4600.948: [GC 4600.948: [ParNew: 342597K->29588K(353920K), 0.0575189 secs] 1139821K->826813K(3106432K) icms_dc=11 , 0.0582992 secs] [Times: user=0.49 sys=0.04, real=0.06 secs] 
4602.085: [GC 4602.086: [ParNew: 344212K->22120K(353920K), 0.0471561 secs] 1141437K->819345K(3106432K) icms_dc=11 , 0.0479075 secs] [Times: user=0.45 sys=0.03, real=0.05 secs] 
4603.297: [GC 4603.298: [ParNew: 336681K->24388K(353920K), 0.0602217 secs] 1133905K->821613K(3106432K) icms_dc=11 , 0.0609786 secs] [Times: user=0.55 sys=0.05, real=0.06 secs] 
4604.239: [GC 4604.240: [ParNew: 339012K->27079K(353920K), 0.0664522 secs] 1136237K->824304K(3106432K) icms_dc=11 , 0.0673070 secs] [Times: user=0.66 sys=0.09, real=0.07 secs] 
4605.183: [GC 4605.184: [ParNew: 341703K->30955K(353920K), 0.0492868 secs] 1138928K->828180K(3106432K) icms_dc=11 , 0.0500606 secs] [Times: user=0.55 sys=0.03, real=0.05 secs] 
4606.080: [GC 4606.080: [ParNew: 345579K->25527K(353920K), 0.0609114 secs] 1142804K->825636K(3106432K) icms_dc=11 , 0.0616858 secs] [Times: user=0.57 sys=0.03, real=0.06 secs] 
4607.127: [GC 4607.127: [ParNew: 340151K->29844K(353920K), 0.0662506 secs] 1140260K->829953K(3106432K) icms_dc=11 , 0.0670373 secs] [Times: user=0.66 sys=0.08, real=0.07 secs] 
4608.008: [GC 4608.009: [ParNew: 344468K->23622K(353920K), 0.0698174 secs] 1144577K->823731K(3106432K) icms_dc=11 , 0.0705939 secs] [Times: user=0.57 sys=0.06, real=0.07 secs] 
4608.894: [GC 4608.894: [ParNew: 338246K->30393K(353920K), 0.1096416 secs] 1138355K->830502K(3106432K) icms_dc=11 , 0.1104197 secs] [Times: user=0.68 sys=0.09, real=0.11 secs] 
4609.720: [GC 4609.721: [ParNew: 345017K->32771K(353920K), 0.1052258 secs] 1145126K->834465K(3106432K) icms_dc=11 , 0.1060408 secs] [Times: user=0.88 sys=0.17, real=0.11 secs] 
4610.621: [GC 4610.622: [ParNew: 347395K->26829K(353920K), 0.0882114 secs] 1149089K->831688K(3106432K) icms_dc=11 , 0.0889844 secs] [Times: user=0.76 sys=0.08, real=0.09 secs] 
4611.500: [GC 4611.500: [ParNew: 341453K->24938K(353920K), 0.0484328 secs] 1146312K->829796K(3106432K) icms_dc=11 , 0.0492162 secs] [Times: user=0.50 sys=0.02, real=0.05 secs] 
4612.433: [GC 4612.434: [ParNew: 339562K->24104K(353920K), 0.0552455 secs] 1144420K->829909K(3106432K) icms_dc=11 , 0.0560677 secs] [Times: user=0.52 sys=0.03, real=0.06 secs] 
4612.825: [CMS-concurrent-mark: 3.594/29.674 secs] [Times: user=638.47 sys=16.49, real=29.67 secs] 
4612.825: [CMS-concurrent-preclean-start]
4613.222: [GC 4613.222: [ParNew: 338728K->28067K(353920K), 0.1135001 secs] 1144533K->833872K(3106432K) icms_dc=11 , 0.1143152 secs] [Times: user=0.88 sys=0.20, real=0.11 secs] 
4614.123: [GC 4614.124: [ParNew: 342691K->26476K(353920K), 0.0868464 secs] 1148496K->832281K(3106432K) icms_dc=11 , 0.0876183 secs] [Times: user=0.66 sys=0.10, real=0.09 secs] 
4615.065: [GC 4615.066: [ParNew: 341107K->27842K(353920K), 0.0506534 secs] 1146912K->833647K(3106432K) icms_dc=11 , 0.0514044 secs] [Times: user=0.47 sys=0.03, real=0.05 secs] 
4616.066: [GC 4616.067: [ParNew: 342466K->21427K(353920K), 0.0424363 secs] 1148271K->827232K(3106432K) icms_dc=11 , 0.0432128 secs] [Times: user=0.42 sys=0.03, real=0.04 secs] 
4617.411: [GC 4617.411: [ParNew: 336051K->23941K(353920K), 0.0662119 secs] 1141856K->829747K(3106432K) icms_dc=11 , 0.0669557 secs] [Times: user=0.53 sys=0.07, real=0.07 secs] 
4618.474: [GC 4618.474: [ParNew: 338565K->27823K(353920K), 0.1110413 secs] 1144371K->833628K(3106432K) icms_dc=11 , 0.1118037 secs] [Times: user=0.87 sys=0.20, real=0.11 secs] 
4619.443: [GC 4619.444: [ParNew: 342272K->30287K(353920K), 0.0533335 secs] 1148077K->836092K(3106432K) icms_dc=11 , 0.0541025 secs] [Times: user=0.52 sys=0.03, real=0.05 secs] 
4620.414: [GC 4620.415: [ParNew: 344911K->23720K(353920K), 0.0527146 secs] 1150716K->831033K(3106432K) icms_dc=11 , 0.0535489 secs] [Times: user=0.54 sys=0.04, real=0.05 secs] 
4621.336: [GC 4621.336: [ParNew: 338344K->28822K(353920K), 0.0738650 secs] 1145657K->836135K(3106432K) icms_dc=11 , 0.0748443 secs] [Times: user=0.67 sys=0.06, real=0.08 secs] 
4622.173: [GC 4622.173: [ParNew: 343446K->27575K(353920K), 0.1336482 secs] 1150759K->835965K(3106432K) icms_dc=11 , 0.1344512 secs] [Times: user=1.00 sys=0.22, real=0.13 secs] 
4623.062: [GC 4623.062: [ParNew: 342199K->36274K(353920K), 0.1250043 secs] 1150589K->844665K(3106432K) icms_dc=11 , 0.1257855 secs] [Times: user=0.93 sys=0.17, real=0.13 secs] 
4623.999: [GC 4624.000: [ParNew: 350898K->25096K(353920K), 0.1155826 secs] 1159289K->837199K(3106432K) icms_dc=11 , 0.1163759 secs] [Times: user=0.92 sys=0.15, real=0.12 secs] 
4624.427: [CMS-concurrent-preclean: 1.208/11.602 secs] [Times: user=220.21 sys=5.90, real=11.60 secs] 
4624.428: [CMS-concurrent-abortable-preclean-start]
4624.866: [GC 4624.866: [ParNew: 340384K->23842K(353920K), 0.0557710 secs] 1152487K->835945K(3106432K) icms_dc=11 , 0.0565083 secs] [Times: user=0.58 sys=0.06, real=0.06 secs] 
4625.774: [GC 4625.775: [ParNew: 338466K->23305K(353920K), 0.1055094 secs] 1150569K->835408K(3106432K) icms_dc=11 , 0.1063038 secs] [Times: user=0.77 sys=0.11, real=0.11 secs] 
4626.575: [GC 4626.576: [ParNew: 337929K->26207K(353920K), 0.1103592 secs] 1150032K->838310K(3106432K) icms_dc=11 , 0.1111818 secs] [Times: user=0.77 sys=0.13, real=0.11 secs] 
4627.574: [GC 4627.574: [ParNew: 340831K->29021K(353920K), 0.1015062 secs] 1152934K->842239K(3106432K) icms_dc=11 , 0.1023009 secs] [Times: user=0.80 sys=0.14, real=0.10 secs] 
4628.647: [GC 4628.647: [ParNew: 343645K->31332K(353920K), 0.0750651 secs] 1156863K->845224K(3106432K) icms_dc=11 , 0.0758628 secs] [Times: user=0.64 sys=0.08, real=0.08 secs] 
4629.153: [CMS-concurrent-abortable-preclean: 0.379/4.725 secs] [Times: user=106.90 sys=2.99, real=4.73 secs] 
4629.290: [GC[YG occupancy: 178692 K (353920 K)]4629.290: [Rescan (parallel) , 0.6463392 secs]4629.937: [weak refs processing, 0.0029144 secs] [1 CMS-remark: 813892K(2752512K)] 992584K(3106432K), 0.6497626 secs] [Times: user=3.99 sys=1.57, real=0.65 secs] 
4629.941: [CMS-concurrent-sweep-start]
4630.601: [GC 4630.602: [ParNew: 345932K->24310K(353920K), 0.0683054 secs] 1159817K->842044K(3106432K) icms_dc=11 , 0.0690765 secs] [Times: user=0.56 sys=0.03, real=0.07 secs] 
4631.915: [GC 4631.915: [ParNew: 338934K->25344K(353920K), 0.1086846 secs] 1156663K->843073K(3106432K) icms_dc=11 , 0.1094899 secs] [Times: user=0.65 sys=0.11, real=0.11 secs] 
4632.740: [GC 4632.740: [ParNew: 339725K->21746K(353920K), 0.0930221 secs] 1157445K->839465K(3106432K) icms_dc=11 , 0.0938474 secs] [Times: user=0.81 sys=0.13, real=0.09 secs] 
4634.004: [GC 4634.004: [ParNew: 336370K->31134K(353920K), 0.1580456 secs] 1154079K->848843K(3106432K) icms_dc=11 , 0.1588629 secs] [Times: user=0.84 sys=0.14, real=0.16 secs] 
4634.953: [GC 4634.953: [ParNew: 345758K->27546K(353920K), 0.0814229 secs] 1163456K->849569K(3106432K) icms_dc=11 , 0.0822888 secs] [Times: user=0.70 sys=0.05, real=0.08 secs] 
4635.909: [GC 4635.910: [ParNew: 342170K->23281K(353920K), 0.0640089 secs] 1164181K->845291K(3106432K) icms_dc=11 , 0.0648361 secs] [Times: user=0.54 sys=0.06, real=0.07 secs] 
4636.608: [GC 4636.609: [ParNew: 337905K->30889K(353920K), 0.1234610 secs] 1159905K->852889K(3106432K) icms_dc=11 , 0.1242745 secs] [Times: user=0.79 sys=0.15, real=0.12 secs] 
4637.427: [GC 4637.427: [ParNew: 345513K->30878K(353920K), 0.0613868 secs] 1167496K->855281K(3106432K) icms_dc=11 , 0.0621809 secs] [Times: user=0.58 sys=0.03, real=0.06 secs] 
4638.313: [GC 4638.314: [ParNew: 345425K->24838K(353920K), 0.1351416 secs] 1169784K->854658K(3106432K) icms_dc=11 , 0.1359692 secs] [Times: user=1.06 sys=0.23, real=0.14 secs] 
4639.129: [GC 4639.129: [ParNew: 339462K->24153K(353920K), 0.0932523 secs] 1169254K->853944K(3106432K) icms_dc=11 , 0.0940623 secs] [Times: user=0.75 sys=0.13, real=0.09 secs] 
4639.965: [GC 4639.965: [ParNew: 338777K->25170K(353920K), 0.0657147 secs] 1168381K->854774K(3106432K) icms_dc=11 , 0.0665220 secs] [Times: user=0.65 sys=0.09, real=0.07 secs] 
4640.738: [GC 4640.739: [ParNew: 339777K->28680K(353920K), 0.0497818 secs] 1169337K->858240K(3106432K) icms_dc=11 , 0.0506412 secs] [Times: user=0.51 sys=0.03, real=0.05 secs] 
4641.595: [GC 4641.596: [ParNew: 343304K->25851K(353920K), 0.0501538 secs] 1172861K->856607K(3106432K) icms_dc=11 , 0.0509860 secs] [Times: user=0.54 sys=0.03, real=0.05 secs] 
4642.452: [GC 4642.453: [ParNew: 340475K->28378K(353920K), 0.1190950 secs] 1171194K->859097K(3106432K) icms_dc=11 , 0.1198939 secs] [Times: user=0.95 sys=0.23, real=0.12 secs] 
4643.269: [GC 4643.270: [ParNew: 343002K->29108K(353920K), 0.0468504 secs] 1173692K->860631K(3106432K) icms_dc=11 , 0.0476351 secs] [Times: user=0.51 sys=0.03, real=0.05 secs] 
4644.205: [GC 4644.205: [ParNew: 343732K->26914K(353920K), 0.0667773 secs] 1175184K->859588K(3106432K) icms_dc=11 , 0.0675791 secs] [Times: user=0.50 sys=0.02, real=0.07 secs] 
4645.394: [GC 4645.394: [ParNew: 341538K->20353K(353920K), 0.0624340 secs] 1174094K->852910K(3106432K) icms_dc=11 , 0.0632477 secs] [Times: user=0.48 sys=0.03, real=0.06 secs] 
4646.574: [GC 4646.574: [ParNew: 334977K->23359K(353920K), 0.1256623 secs] 1167492K->855875K(3106432K) icms_dc=11 , 0.1264127 secs] [Times: user=0.95 sys=0.22, real=0.13 secs] 
4647.588: [GC 4647.589: [ParNew: 337983K->24027K(353920K), 0.0659792 secs] 1170420K->856464K(3106432K) icms_dc=11 , 0.0667234 secs] [Times: user=0.58 sys=0.07, real=0.07 secs] 
4648.679: [GC 4648.680: [ParNew: 338651K->24526K(353920K), 0.0912511 secs] 1170971K->856845K(3106432K) icms_dc=11 , 0.0919928 secs] [Times: user=0.63 sys=0.12, real=0.09 secs] 
4650.350: [GC 4650.350: [ParNew: 339150K->21843K(353920K), 0.0523596 secs] 1169347K->852040K(3106432K) icms_dc=11 , 0.0531130 secs] [Times: user=0.44 sys=0.03, real=0.05 secs] 
4651.540: [GC 4651.541: [ParNew: 336467K->24149K(353920K), 0.0631291 secs] 1165167K->852849K(3106432K) icms_dc=11 , 0.0638759 secs] [Times: user=0.52 sys=0.05, real=0.06 secs] 
4652.484: [GC 4652.484: [ParNew: 338773K->26013K(353920K), 0.0433864 secs] 1166319K->853560K(3106432K) icms_dc=11 , 0.0441410 secs] [Times: user=0.47 sys=0.04, real=0.04 secs] 
4653.390: [GC 4653.390: [ParNew: 340637K->27498K(353920K), 0.0517057 secs] 1167394K->854255K(3106432K) icms_dc=11 , 0.0524818 secs] [Times: user=0.49 sys=0.03, real=0.05 secs] 
4654.343: [GC 4654.344: [ParNew: 342122K->26083K(353920K), 0.0953691 secs] 1167683K->851644K(3106432K) icms_dc=11 , 0.0961240 secs] [Times: user=0.74 sys=0.09, real=0.10 secs] 
4655.158: [GC 4655.159: [ParNew: 340707K->32829K(353920K), 0.0548188 secs] 1164245K->856368K(3106432K) icms_dc=11 , 0.0556138 secs] [Times: user=0.60 sys=0.06, real=0.06 secs] 
4655.960: [GC 4655.960: [ParNew: 347453K->32562K(353920K), 0.0747598 secs] 1169553K->857394K(3106432K) icms_dc=11 , 0.0755317 secs] [Times: user=0.67 sys=0.05, real=0.08 secs] 
4656.872: [GC 4656.872: [ParNew: 347001K->21669K(353920K), 0.0921448 secs] 1171664K->846332K(3106432K) icms_dc=11 , 0.0928929 secs] [Times: user=0.71 sys=0.12, real=0.09 secs] 
4657.979: [GC 4657.980: [ParNew: 336293K->27210K(353920K), 0.1175211 secs] 1160625K->851542K(3106432K) icms_dc=11 , 0.1182749 secs] [Times: user=0.89 sys=0.21, real=0.12 secs] 
4659.366: [GC 4659.366: [ParNew: 341834K->21705K(353920K), 0.0424461 secs] 1165954K->845824K(3106432K) icms_dc=11 , 0.0431783 secs] [Times: user=0.49 sys=0.04, real=0.04 secs] 
4660.518: [GC 4660.519: [ParNew: 336329K->20897K(353920K), 0.0436858 secs] 1159526K->844095K(3106432K) icms_dc=11 , 0.0444481 secs] [Times: user=0.45 sys=0.04, real=0.04 secs] 
4661.881: [GC 4661.882: [ParNew: 335521K->24999K(353920K), 0.0498303 secs] 1157939K->847417K(3106432K) icms_dc=11 , 0.0505657 secs] [Times: user=0.45 sys=0.03, real=0.05 secs] 
4663.073: [GC 4663.074: [ParNew: 339623K->27407K(353920K), 0.0462241 secs] 1160870K->848654K(3106432K) icms_dc=11 , 0.0469881 secs] [Times: user=0.50 sys=0.04, real=0.05 secs] 
4664.342: [GC 4664.343: [ParNew: 342031K->21626K(353920K), 0.0456333 secs] 1161050K->840644K(3106432K) icms_dc=11 , 0.0463931 secs] [Times: user=0.45 sys=0.03, real=0.05 secs] 
4665.474: [GC 4665.475: [ParNew: 336250K->30738K(353920K), 0.1249405 secs] 1153511K->847999K(3106432K) icms_dc=11 , 0.1608887 secs] [Times: user=1.04 sys=0.22, real=0.16 secs] 
4666.432: [GC 4666.432: [ParNew: 345362K->27188K(353920K), 0.0624408 secs] 1161741K->847100K(3106432K) icms_dc=11 , 0.0631936 secs] [Times: user=0.60 sys=0.03, real=0.06 secs] 
4667.355: [GC 4667.355: [ParNew: 341818K->29224K(353920K), 0.0418777 secs] 1160991K->848397K(3106432K) icms_dc=11 , 0.0426427 secs] [Times: user=0.48 sys=0.03, real=0.04 secs] 
4667.405: [GC 4667.405: [ParNew: 29630K->25573K(353920K), 0.0367799 secs] 848803K->845626K(3106432K) icms_dc=11 , 0.0374520 secs] [Times: user=0.48 sys=0.03, real=0.04 secs] 
4668.416: [GC 4668.417: [ParNew: 340126K->25807K(353920K), 0.0451533 secs] 1159215K->844896K(3106432K) icms_dc=11 , 0.0459907 secs] [Times: user=0.49 sys=0.05, real=0.05 secs] 
4669.505: [CMS-concurrent-sweep: 3.723/39.564 secs] [Times: user=720.06 sys=19.46, real=39.56 secs] 
4669.506: [CMS-concurrent-reset-start]
4669.532: [CMS-concurrent-reset: 0.026/0.026 secs] [Times: user=0.13 sys=0.00, real=0.03 secs] 
4670.700: [GC 4670.701: [ParNew: 340431K->19843K(353920K), 0.0493639 secs] 1157920K->837332K(3106432K) icms_dc=6 , 0.0501610 secs] [Times: user=0.44 sys=0.03, real=0.05 secs] 
4671.747: [GC [1 CMS-initial-mark: 817489K(2752512K)] 985396K(3106432K), 0.6828187 secs] [Times: user=0.68 sys=0.00, real=0.68 secs] 
4672.431: [CMS-concurrent-mark-start]
4672.917: [GC 4672.917: [ParNew: 334467K->25928K(353920K), 0.0469991 secs] 1151956K->843417K(3106432K) icms_dc=6 , 0.0478585 secs] [Times: user=0.54 sys=0.03, real=0.05 secs] 
4673.956: [GC 4673.957: [ParNew: 340552K->28176K(353920K), 0.0628965 secs] 1158041K->845665K(3106432K) icms_dc=6 , 0.0637663 secs] [Times: user=0.59 sys=0.02, real=0.06 secs] 
4674.749: [GC 4674.749: [ParNew: 342800K->31734K(353920K), 0.0785913 secs] 1160289K->850815K(3106432K) icms_dc=6 , 0.0794148 secs] [Times: user=0.74 sys=0.06, real=0.08 secs] 
4675.561: [GC 4675.562: [ParNew: 346358K->35934K(353920K), 0.0655394 secs] 1165439K->859323K(3106432K) icms_dc=6 , 0.0663538 secs] [Times: user=0.70 sys=0.03, real=0.07 secs] 
4676.348: [GC 4676.354: [ParNew: 350558K->30393K(353920K), 0.1259786 secs] 1173947K->859437K(3106432K) icms_dc=6 , 0.1268825 secs] [Times: user=1.03 sys=0.14, real=0.13 secs] 
4677.216: [GC 4677.216: [ParNew: 345017K->36124K(353920K), 0.0984828 secs] 1174061K->865168K(3106432K) icms_dc=6 , 0.0993920 secs] [Times: user=0.82 sys=0.12, real=0.10 secs] 
4678.257: [GC 4678.258: [ParNew: 351565K->24898K(353920K), 0.0894783 secs] 1180609K->858427K(3106432K) icms_dc=6 , 0.0903247 secs] [Times: user=0.77 sys=0.08, real=0.09 secs] 
4678.543: [GC 4678.543: [ParNew: 25511K->25756K(353920K), 0.0356660 secs] 859040K->859285K(3106432K) icms_dc=6 , 0.0363575 secs] [Times: user=0.42 sys=0.03, real=0.04 secs] 
4679.529: [GC 4679.530: [ParNew: 340573K->28636K(353920K), 0.0435178 secs] 1174102K->862165K(3106432K) icms_dc=6 , 0.0443681 secs] [Times: user=0.57 sys=0.04, real=0.04 secs] 
4679.767: [GC 4679.767: [ParNew: 29375K->27980K(353920K), 0.0859823 secs] 862905K->864768K(3106432K) icms_dc=6 , 0.0866881 secs] [Times: user=0.76 sys=0.13, real=0.09 secs] 
4680.670: [GC 4680.671: [ParNew: 342604K->30246K(353920K), 0.0869715 secs] 1179392K->867035K(3106432K) icms_dc=6 , 0.0877930 secs] [Times: user=0.73 sys=0.10, real=0.09 secs] 
4681.657: [GC 4681.658: [ParNew: 344870K->32896K(353920K), 0.0570959 secs] 1181659K->869685K(3106432K) icms_dc=6 , 0.0579559 secs] [Times: user=0.56 sys=0.03, real=0.06 secs] 
4682.793: [GC 4682.793: [ParNew: 347520K->27563K(353920K), 0.0719907 secs] 1184309K->868954K(3106432K) icms_dc=6 , 0.0728330 secs] [Times: user=0.58 sys=0.03, real=0.07 secs] 
4684.005: [GC 4684.005: [ParNew: 342187K->29149K(353920K), 0.1030580 secs] 1183578K->872600K(3106432K) icms_dc=6 , 0.1039092 secs] [Times: user=0.79 sys=0.11, real=0.10 secs] 
4684.836: [GC 4684.836: [ParNew: 343721K->26237K(353920K), 0.0799926 secs] 1187173K->871228K(3106432K) icms_dc=6 , 0.0808181 secs] [Times: user=0.66 sys=0.08, real=0.08 secs] 
4685.733: [GC 4685.734: [ParNew: 340861K->26563K(353920K), 0.0520284 secs] 1185852K->871554K(3106432K) icms_dc=6 , 0.0529268 secs] [Times: user=0.54 sys=0.04, real=0.05 secs] 
4686.617: [GC 4686.617: [ParNew: 341187K->31144K(353920K), 0.0549091 secs] 1186178K->876134K(3106432K) icms_dc=6 , 0.0557538 secs] [Times: user=0.52 sys=0.01, real=0.06 secs] 
4687.400: [GC 4687.401: [ParNew: 345768K->29750K(353920K), 0.1418170 secs] 1190758K->876903K(3106432K) icms_dc=6 , 0.1426523 secs] [Times: user=1.01 sys=0.13, real=0.14 secs] 
4688.233: [GC 4688.233: [ParNew: 344374K->33546K(353920K), 0.0919767 secs] 1191527K->880699K(3106432K) icms_dc=6 , 0.0928215 secs] [Times: user=0.78 sys=0.11, real=0.09 secs] 
4689.023: [GC 4689.023: [ParNew: 348170K->30335K(353920K), 0.0705581 secs] 1195323K->882091K(3106432K) icms_dc=6 , 0.0713690 secs] [Times: user=0.70 sys=0.03, real=0.07 secs] 
4689.905: [GC 4689.905: [ParNew: 344658K->28976K(353920K), 0.1201022 secs] 1196414K->881807K(3106432K) icms_dc=6 , 0.1209419 secs] [Times: user=0.91 sys=0.18, real=0.12 secs] 
4690.798: [GC 4690.799: [ParNew: 343600K->23595K(353920K), 0.0595983 secs] 1196431K->878273K(3106432K) icms_dc=6 , 0.0604722 secs] [Times: user=0.51 sys=0.03, real=0.06 secs] 
4691.633: [GC 4691.634: [ParNew: 338251K->25741K(353920K), 0.0662591 secs] 1192930K->880419K(3106432K) icms_dc=6 , 0.0670720 secs] [Times: user=0.63 sys=0.08, real=0.07 secs] 
4691.709: [GC 4691.709: [ParNew: 26300K->26998K(353920K), 0.0392825 secs] 880978K->881676K(3106432K) icms_dc=6 , 0.0399877 secs] [Times: user=0.47 sys=0.05, real=0.04 secs] 
4692.441: [GC 4692.441: [ParNew: 341622K->32240K(353920K), 0.0427960 secs] 1196300K->886918K(3106432K) icms_dc=6 , 0.0436828 secs] [Times: user=0.49 sys=0.03, real=0.04 secs] 
4693.319: [GC 4693.320: [ParNew: 346864K->27006K(353920K), 0.1060766 secs] 1201542K->886496K(3106432K) icms_dc=6 , 0.1069236 secs] [Times: user=0.82 sys=0.16, real=0.11 secs] 
4694.237: [GC 4694.237: [ParNew: 341630K->21762K(353920K), 0.0539278 secs] 1201120K->881251K(3106432K) icms_dc=6 , 0.0547422 secs] [Times: user=0.44 sys=0.02, real=0.06 secs] 
4695.009: [GC 4695.009: [ParNew: 336386K->22220K(353920K), 0.0567212 secs] 1195875K->881709K(3106432K) icms_dc=6 , 0.0575152 secs] [Times: user=0.46 sys=0.03, real=0.06 secs] 
4695.879: [GC 4695.880: [ParNew: 336844K->23933K(353920K), 0.0519676 secs] 1196333K->883422K(3106432K) icms_dc=6 , 0.0527285 secs] [Times: user=0.48 sys=0.03, real=0.05 secs] 
4696.679: [GC 4696.680: [ParNew: 338557K->24448K(353920K), 0.0448872 secs] 1198046K->883937K(3106432K) icms_dc=6 , 0.0456385 secs] [Times: user=0.48 sys=0.05, real=0.05 secs] 
4697.609: [GC 4697.609: [ParNew: 339072K->24746K(353920K), 0.1476483 secs] 1198561K->884235K(3106432K) icms_dc=6 , 0.1484091 secs] [Times: user=0.97 sys=0.26, real=0.15 secs] 
4698.526: [GC 4698.526: [ParNew: 339370K->22300K(353920K), 0.0553255 secs] 1198859K->881789K(3106432K) icms_dc=6 , 0.0561023 secs] [Times: user=0.54 sys=0.05, real=0.06 secs] 
4699.451: [GC 4699.451: [ParNew: 336924K->22408K(353920K), 0.0498772 secs] 1196413K->881897K(3106432K) icms_dc=6 , 0.0506491 secs] [Times: user=0.44 sys=0.03, real=0.05 secs] 
4700.307: [GC 4700.307: [ParNew: 337024K->29287K(353920K), 0.0968388 secs] 1196513K->888776K(3106432K) icms_dc=6 , 0.0976006 secs] [Times: user=0.77 sys=0.10, real=0.10 secs] 
4701.407: [GC 4701.407: [ParNew: 343911K->20476K(353920K), 0.0573662 secs] 1203400K->879965K(3106432K) icms_dc=6 , 0.0581175 secs] [Times: user=0.58 sys=0.08, real=0.06 secs] 
4702.428: [GC 4702.429: [ParNew: 335100K->26882K(353920K), 0.1171350 secs] 1194589K->886371K(3106432K) icms_dc=6 , 0.1178954 secs] [Times: user=0.89 sys=0.21, real=0.12 secs] 
4703.361: [GC 4703.362: [ParNew: 341506K->31119K(353920K), 0.0660983 secs] 1200995K->890608K(3106432K) icms_dc=6 , 0.0668790 secs] [Times: user=0.47 sys=0.02, real=0.07 secs] 
4704.193: [GC 4704.193: [ParNew: 345861K->28954K(353920K), 0.0834341 secs] 1205351K->888444K(3106432K) icms_dc=6 , 0.0841987 secs] [Times: user=0.70 sys=0.08, real=0.08 secs] 
4705.064: [GC 4705.064: [ParNew: 343578K->24368K(353920K), 0.0431624 secs] 1203068K->886241K(3106432K) icms_dc=6 , 0.0439253 secs] [Times: user=0.52 sys=0.02, real=0.08 secs] 
4705.987: [GC 4705.987: [ParNew: 338992K->26164K(353920K), 0.1127166 secs] 1200865K->888037K(3106432K) icms_dc=6 , 0.1134802 secs] [Times: user=0.91 sys=0.21, real=0.11 secs] 
4707.345: [GC 4707.346: [ParNew: 340788K->21787K(353920K), 0.0891028 secs] 1202661K->883660K(3106432K) icms_dc=6 , 0.0898793 secs] [Times: user=0.69 sys=0.13, real=0.09 secs] 
4708.400: [GC 4708.400: [ParNew: 336411K->24623K(353920K), 0.0535885 secs] 1198284K->886496K(3106432K) icms_dc=6 , 0.0545226 secs] [Times: user=0.51 sys=0.03, real=0.05 secs] 
4709.345: [GC 4709.346: [ParNew: 339247K->28640K(353920K), 0.0572155 secs] 1201120K->890513K(3106432K) icms_dc=6 , 0.0580024 secs] [Times: user=0.54 sys=0.03, real=0.06 secs] 
4710.161: [GC 4710.162: [ParNew: 343264K->26719K(353920K), 0.0500087 secs] 1205137K->890271K(3106432K) icms_dc=6 , 0.0507538 secs] [Times: user=0.53 sys=0.03, real=0.05 secs] 
4711.008: [GC 4711.009: [ParNew: 341343K->28483K(353920K), 0.0601546 secs] 1204895K->892035K(3106432K) icms_dc=6 , 0.0609176 secs] [Times: user=0.51 sys=0.02, real=0.06 secs] 
4711.745: [GC 4711.746: [ParNew: 343107K->30229K(353920K), 0.1094235 secs] 1206659K->893781K(3106432K) icms_dc=6 , 0.1101715 secs] [Times: user=0.86 sys=0.15, real=0.11 secs] 
4712.667: [GC 4712.667: [ParNew: 344853K->32512K(353920K), 0.1264552 secs] 1208405K->897502K(3106432K) icms_dc=6 , 0.1272325 secs] [Times: user=0.78 sys=0.13, real=0.13 secs] 
4713.534: [GC 4713.535: [ParNew: 347136K->25704K(353920K), 0.0859660 secs] 1212126K->890693K(3106432K) icms_dc=6 , 0.0867487 secs] [Times: user=0.71 sys=0.12, real=0.09 secs] 
4714.459: [GC 4714.459: [ParNew: 340220K->26040K(353920K), 0.0693196 secs] 1205209K->891875K(3106432K) icms_dc=6 , 0.0701454 secs] [Times: user=0.57 sys=0.01, real=0.07 secs] 
4715.247: [GC 4715.247: [ParNew: 340664K->32248K(353920K), 0.1202544 secs] 1206499K->898084K(3106432K) icms_dc=6 , 0.1210272 secs] [Times: user=1.00 sys=0.21, real=0.12 secs] 
4716.136: [GC 4716.137: [ParNew: 346872K->30763K(353920K), 0.1368764 secs] 1212708K->898783K(3106432K) icms_dc=6 , 0.1376730 secs] [Times: user=0.89 sys=0.19, real=0.14 secs] 
4717.454: [GC 4717.455: [ParNew: 345283K->23428K(353920K), 0.0631716 secs] 1213303K->891448K(3106432K) icms_dc=6 , 0.0639728 secs] [Times: user=0.64 sys=0.08, real=0.06 secs] 
4718.205: [GC 4718.205: [ParNew: 338052K->28907K(353920K), 0.0502914 secs] 1206072K->896928K(3106432K) icms_dc=6 , 0.0510774 secs] [Times: user=0.53 sys=0.03, real=0.05 secs] 
4719.019: [GC 4719.019: [ParNew: 343531K->25431K(353920K), 0.0572974 secs] 1211552K->895843K(3106432K) icms_dc=6 , 0.0580773 secs] [Times: user=0.60 sys=0.03, real=0.06 secs] 
4719.905: [GC 4719.905: [ParNew: 340055K->21654K(353920K), 0.0433910 secs] 1210467K->892065K(3106432K) icms_dc=6 , 0.0442037 secs] [Times: user=0.52 sys=0.06, real=0.04 secs] 
4720.724: [GC 4720.724: [ParNew: 336278K->26100K(353920K), 0.1037200 secs] 1206689K->896511K(3106432K) icms_dc=6 , 0.1044931 secs] [Times: user=0.82 sys=0.16, real=0.10 secs] 
4721.730: [GC 4721.730: [ParNew: 340629K->22863K(353920K), 0.0460903 secs] 1211041K->893275K(3106432K) icms_dc=6 , 0.0468649 secs] [Times: user=0.46 sys=0.05, real=0.05 secs] 
4722.953: [GC 4722.953: [ParNew: 337329K->20733K(353920K), 0.0455458 secs] 1207741K->891144K(3106432K) icms_dc=6 , 0.0462996 secs] [Times: user=0.44 sys=0.03, real=0.05 secs] 
4723.863: [GC 4723.864: [ParNew: 335556K->26299K(353920K), 0.1107407 secs] 1205967K->896710K(3106432K) icms_dc=6 , 0.1114901 secs] [Times: user=0.86 sys=0.21, real=0.11 secs] 
4724.841: [GC 4724.842: [ParNew: 340929K->28473K(353920K), 0.0603773 secs] 1211340K->898885K(3106432K) icms_dc=6 , 0.0611432 secs] [Times: user=0.55 sys=0.05, real=0.06 secs] 
4725.818: [GC 4725.818: [ParNew: 343095K->24286K(353920K), 0.0457472 secs] 1213507K->894697K(3106432K) icms_dc=6 , 0.0465051 secs] [Times: user=0.48 sys=0.04, real=0.05 secs] 
4726.815: [GC 4726.815: [ParNew: 338916K->22503K(353920K), 0.0403039 secs] 1209328K->892914K(3106432K) icms_dc=6 , 0.0410547 secs] [Times: user=0.45 sys=0.03, real=0.04 secs] 
4726.864: [GC 4726.864: [ParNew: 22887K->23215K(353920K), 0.0343859 secs] 893299K->893626K(3106432K) icms_dc=6 , 0.0350341 secs] [Times: user=0.42 sys=0.03, real=0.04 secs] 
4727.967: [GC 4727.968: [ParNew: 337839K->25516K(353920K), 0.0411305 secs] 1208250K->895928K(3106432K) icms_dc=6 , 0.0418867 secs] [Times: user=0.47 sys=0.04, real=0.04 secs] 
4729.076: [GC 4729.077: [ParNew: 340140K->26693K(353920K), 0.0464178 secs] 1210552K->897104K(3106432K) icms_dc=6 , 0.0471732 secs] [Times: user=0.48 sys=0.02, real=0.05 secs] 
4730.200: [GC 4730.200: [ParNew: 341317K->26501K(353920K), 0.0476458 secs] 1211728K->896912K(3106432K) icms_dc=6 , 0.0484420 secs] [Times: user=0.49 sys=0.03, real=0.05 secs] 
4731.223: [GC 4731.223: [ParNew: 341429K->30595K(353920K), 0.0442443 secs] 1211840K->901006K(3106432K) icms_dc=6 , 0.0450780 secs] [Times: user=0.53 sys=0.04, real=0.05 secs] 
4731.276: [GC 4731.277: [ParNew: 31312K->23619K(353920K), 0.0404203 secs] 901724K->897379K(3106432K) icms_dc=6 , 0.0411135 secs] [Times: user=0.50 sys=0.02, real=0.04 secs] 
4732.170: [GC 4732.171: [ParNew: 338243K->27256K(353920K), 0.0566569 secs] 1212003K->901016K(3106432K) icms_dc=6 , 0.0574549 secs] [Times: user=0.58 sys=0.05, real=0.06 secs] 
4733.042: [GC 4733.042: [ParNew: 341880K->23336K(353920K), 0.0484227 secs] 1215640K->897097K(3106432K) icms_dc=6 , 0.0491707 secs] [Times: user=0.47 sys=0.03, real=0.05 secs] 
4734.083: [GC 4734.084: [ParNew: 337960K->23310K(353920K), 0.0616383 secs] 1211721K->897070K(3106432K) icms_dc=6 , 0.0623948 secs] [Times: user=0.64 sys=0.07, real=0.06 secs] 
4734.917: [GC 4734.918: [ParNew: 337934K->32698K(353920K), 0.0465194 secs] 1211694K->906459K(3106432K) icms_dc=6 , 0.0472923 secs] [Times: user=0.51 sys=0.03, real=0.05 secs] 
4735.810: [GC 4735.810: [ParNew: 347322K->22196K(353920K), 0.0539971 secs] 1221083K->898718K(3106432K) icms_dc=6 , 0.0547809 secs] [Times: user=0.52 sys=0.03, real=0.06 secs] 
4736.741: [GC 4736.742: [ParNew: 336802K->25755K(353920K), 0.0683299 secs] 1213324K->902277K(3106432K) icms_dc=6 , 0.0691257 secs] [Times: user=0.67 sys=0.09, real=0.07 secs] 
4737.578: [GC 4737.579: [ParNew: 340418K->27132K(353920K), 0.1654852 secs] 1216941K->903654K(3106432K) icms_dc=6 , 0.1662616 secs] [Times: user=1.09 sys=0.29, real=0.17 secs] 
4738.382: [GC 4738.382: [ParNew: 341756K->27316K(353920K), 0.0979262 secs] 1218278K->903838K(3106432K) icms_dc=6 , 0.0987073 secs] [Times: user=0.77 sys=0.15, real=0.10 secs] 
4739.249: [GC 4739.249: [ParNew: 341940K->26721K(353920K), 0.0818476 secs] 1218462K->905697K(3106432K) icms_dc=6 , 0.0826330 secs] [Times: user=0.74 sys=0.12, real=0.08 secs] 
4740.099: [GC 4740.099: [ParNew: 341345K->28589K(353920K), 0.0523217 secs] 1220321K->907565K(3106432K) icms_dc=6 , 0.0531010 secs] [Times: user=0.48 sys=0.04, real=0.05 secs] 
4740.582: [CMS-concurrent-mark: 3.850/68.152 secs] [Times: user=1468.13 sys=39.09, real=68.15 secs] 
4740.583: [CMS-concurrent-preclean-start]
4741.091: [GC 4741.092: [ParNew: 343213K->23081K(353920K), 0.0919589 secs] 1222189K->902057K(3106432K) icms_dc=6 , 0.0927206 secs] [Times: user=0.70 sys=0.14, real=0.09 secs] 
4742.035: [GC 4742.036: [ParNew: 337713K->22721K(353920K), 0.0422558 secs] 1216689K->901697K(3106432K) icms_dc=6 , 0.0430268 secs] [Times: user=0.47 sys=0.04, real=0.04 secs] 
4742.935: [GC 4742.935: [ParNew: 337345K->28321K(353920K), 0.0591349 secs] 1216321K->907297K(3106432K) icms_dc=6 , 0.0598887 secs] [Times: user=0.56 sys=0.04, real=0.06 secs] 
4743.845: [GC 4743.846: [ParNew: 342954K->27044K(353920K), 0.0614631 secs] 1221930K->906021K(3106432K) icms_dc=6 , 0.0622171 secs] [Times: user=0.54 sys=0.03, real=0.06 secs] 
4743.915: [GC 4743.916: [ParNew: 27181K->27362K(353920K), 0.0464003 secs] 906158K->908138K(3106432K) icms_dc=6 , 0.0470764 secs] [Times: user=0.53 sys=0.02, real=0.05 secs] 
4744.659: [GC 4744.659: [ParNew: 341986K->29312K(353920K), 0.0879870 secs] 1222762K->910088K(3106432K) icms_dc=6 , 0.0887720 secs] [Times: user=0.72 sys=0.11, real=0.09 secs] 
4745.538: [GC 4745.539: [ParNew: 343936K->24862K(353920K), 0.0513798 secs] 1224712K->905638K(3106432K) icms_dc=6 , 0.0736071 secs] [Times: user=0.47 sys=0.04, real=0.07 secs] 
4746.369: [GC 4746.369: [ParNew: 339475K->30119K(353920K), 0.0641420 secs] 1220251K->911226K(3106432K) icms_dc=6 , 0.0649790 secs] [Times: user=0.61 sys=0.05, real=0.07 secs] 
4747.136: [GC 4747.136: [ParNew: 344743K->30195K(353920K), 0.1369230 secs] 1225850K->912641K(3106432K) icms_dc=6 , 0.1377433 secs] [Times: user=1.06 sys=0.22, real=0.14 secs] 
4748.010: [GC 4748.011: [ParNew: 344828K->27092K(353920K), 0.0421238 secs] 1227274K->909538K(3106432K) icms_dc=6 , 0.0430005 secs] [Times: user=0.51 sys=0.02, real=0.04 secs] 
4748.062: [GC 4748.062: [ParNew: 27756K->26352K(353920K), 0.0363434 secs] 910202K->908798K(3106432K) icms_dc=6 , 0.0370397 secs] [Times: user=0.44 sys=0.03, real=0.04 secs] 
4748.854: [GC 4748.854: [ParNew: 340976K->27176K(353920K), 0.0617835 secs] 1223422K->909622K(3106432K) icms_dc=6 , 0.0625498 secs] [Times: user=0.61 sys=0.08, real=0.06 secs] 
4749.753: [GC 4749.754: [ParNew: 341800K->28153K(353920K), 0.0865427 secs] 1224246K->910599K(3106432K) icms_dc=6 , 0.0872954 secs] [Times: user=0.77 sys=0.13, real=0.09 secs] 
4750.816: [GC 4750.817: [ParNew: 342777K->21757K(353920K), 0.0661989 secs] 1225223K->904203K(3106432K) icms_dc=6 , 0.0669560 secs] [Times: user=0.61 sys=0.08, real=0.07 secs] 
4751.787: [GC 4751.787: [ParNew: 336381K->27481K(353920K), 0.0570733 secs] 1218827K->909927K(3106432K) icms_dc=6 , 0.0578449 secs] [Times: user=0.52 sys=0.03, real=0.06 secs] 
4752.703: [GC 4752.703: [ParNew: 342768K->22682K(353920K), 0.0480135 secs] 1225214K->906771K(3106432K) icms_dc=6 , 0.0487804 secs] [Times: user=0.48 sys=0.03, real=0.05 secs] 
4752.760: [GC 4752.760: [ParNew: 23025K->23363K(353920K), 0.0376903 secs] 907114K->907452K(3106432K) icms_dc=6 , 0.0384018 secs] [Times: user=0.42 sys=0.05, real=0.04 secs] 
4753.710: [GC 4753.711: [ParNew: 337987K->23700K(353920K), 0.1284965 secs] 1222076K->907789K(3106432K) icms_dc=6 , 0.1293049 secs] [Times: user=0.94 sys=0.24, real=0.13 secs] 
4754.758: [GC 4754.759: [ParNew: 339107K->27144K(353920K), 0.1018882 secs] 1223196K->911233K(3106432K) icms_dc=6 , 0.1026299 secs] [Times: user=0.76 sys=0.15, real=0.10 secs] 
4754.869: [GC 4754.869: [ParNew: 27304K->27348K(353920K), 0.0340380 secs] 911394K->911437K(3106432K) icms_dc=6 , 0.0347157 secs] [Times: user=0.45 sys=0.05, real=0.04 secs] 
4755.735: [GC 4755.735: [ParNew: 341969K->29635K(353920K), 0.0874346 secs] 1226058K->913724K(3106432K) icms_dc=6 , 0.0882093 secs] [Times: user=0.69 sys=0.11, real=0.09 secs] 
4756.767: [GC 4756.768: [ParNew: 344259K->23137K(353920K), 0.1200126 secs] 1228348K->907226K(3106432K) icms_dc=6 , 0.1207626 secs] [Times: user=0.96 sys=0.22, real=0.12 secs] 
4757.561: [GC 4757.561: [ParNew: 337761K->30849K(353920K), 0.0627494 secs] 1221850K->914938K(3106432K) icms_dc=6 , 0.0635300 secs] [Times: user=0.65 sys=0.06, real=0.06 secs] 
4758.415: [GC 4758.415: [ParNew: 345661K->30723K(353920K), 0.0698008 secs] 1229750K->918046K(3106432K) icms_dc=6 , 0.0705872 secs] [Times: user=0.59 sys=0.03, real=0.07 secs] 
4758.493: [GC 4758.493: [ParNew: 31126K->25732K(353920K), 0.0352233 secs] 918449K->913055K(3106432K) icms_dc=6 , 0.0358713 secs] [Times: user=0.44 sys=0.03, real=0.04 secs] 
4759.372: [GC 4759.372: [ParNew: 340356K->28645K(353920K), 0.0627469 secs] 1227679K->915968K(3106432K) icms_dc=6 , 0.0635604 secs] [Times: user=0.52 sys=0.04, real=0.06 secs] 
4760.346: [GC 4760.347: [ParNew: 343269K->16904K(353920K), 0.0413248 secs] 1230592K->904227K(3106432K) icms_dc=6 , 0.0421116 secs] [Times: user=0.44 sys=0.03, real=0.04 secs] 
4761.299: [GC 4761.300: [ParNew: 331528K->23392K(353920K), 0.0592694 secs] 1218851K->910715K(3106432K) icms_dc=6 , 0.0600296 secs] [Times: user=0.50 sys=0.04, real=0.06 secs] 
4762.442: [GC 4762.443: [ParNew: 338016K->26656K(353920K), 0.0507471 secs] 1225339K->913979K(3106432K) icms_dc=6 , 0.0515174 secs] [Times: user=0.46 sys=0.03, real=0.05 secs] 
4763.420: [GC 4763.421: [ParNew: 341280K->20318K(353920K), 0.0464572 secs] 1228603K->907641K(3106432K) icms_dc=6 , 0.0472277 secs] [Times: user=0.45 sys=0.03, real=0.05 secs] 
4764.309: [GC 4764.309: [ParNew: 334942K->30963K(353920K), 0.0701210 secs] 1222265K->918286K(3106432K) icms_dc=6 , 0.0708755 secs] [Times: user=0.66 sys=0.06, real=0.07 secs] 
4765.236: [GC 4765.237: [ParNew: 345587K->22744K(353920K), 0.0561299 secs] 1232910K->912416K(3106432K) icms_dc=6 , 0.0569733 secs] [Times: user=0.63 sys=0.03, real=0.06 secs] 
4766.115: [GC 4766.115: [ParNew: 337368K->27576K(353920K), 0.0567570 secs] 1227040K->917248K(3106432K) icms_dc=6 , 0.0575819 secs] [Times: user=0.52 sys=0.04, real=0.06 secs] 
4767.076: [GC 4767.076: [ParNew: 342200K->24958K(353920K), 0.0616665 secs] 1231872K->915753K(3106432K) icms_dc=6 , 0.0624711 secs] [Times: user=0.61 sys=0.03, real=0.06 secs] 
4767.910: [GC 4767.910: [ParNew: 339582K->25306K(353920K), 0.1124109 secs] 1230377K->916102K(3106432K) icms_dc=6 , 0.1131745 secs] [Times: user=0.86 sys=0.20, real=0.11 secs] 
4768.885: [GC 4768.885: [ParNew: 339930K->27486K(353920K), 0.1193832 secs] 1230726K->918282K(3106432K) icms_dc=6 , 0.1201582 secs] [Times: user=0.95 sys=0.18, real=0.12 secs] 
4769.871: [GC 4769.871: [ParNew: 342116K->26202K(353920K), 0.0444502 secs] 1232912K->916997K(3106432K) icms_dc=6 , 0.0452325 secs] [Times: user=0.48 sys=0.04, real=0.05 secs] 
4769.924: [GC 4769.925: [ParNew: 26671K->24503K(353920K), 0.0373517 secs] 917467K->916927K(3106432K) icms_dc=6 , 0.0380284 secs] [Times: user=0.48 sys=0.03, real=0.04 secs] 
4770.913: [GC 4770.913: [ParNew: 339127K->26381K(353920K), 0.0956557 secs] 1231551K->918805K(3106432K) icms_dc=6 , 0.0964212 secs] [Times: user=0.80 sys=0.14, real=0.10 secs] 
4771.786: [GC 4771.786: [ParNew: 341005K->24328K(353920K), 0.1202703 secs] 1233429K->916752K(3106432K) icms_dc=6 , 0.1210719 secs] [Times: user=0.89 sys=0.23, real=0.12 secs] 
4772.834: [GC 4772.834: [ParNew: 338945K->25194K(353920K), 0.0495249 secs] 1231369K->917618K(3106432K) icms_dc=6 , 0.0502998 secs] [Times: user=0.56 sys=0.04, real=0.05 secs] 
4773.582: [GC 4773.583: [ParNew: 339818K->29183K(353920K), 0.0852429 secs] 1232242K->921607K(3106432K) icms_dc=6 , 0.0860036 secs] [Times: user=0.71 sys=0.10, real=0.09 secs] 
4774.488: [GC 4774.489: [ParNew: 343807K->21215K(353920K), 0.1251842 secs] 1236231K->915468K(3106432K) icms_dc=6 , 0.1259690 secs] [Times: user=1.00 sys=0.20, real=0.13 secs] 
4775.366: [GC 4775.367: [ParNew: 335839K->26226K(353920K), 0.1060503 secs] 1230092K->920479K(3106432K) icms_dc=6 , 0.1068922 secs] [Times: user=0.75 sys=0.12, real=0.11 secs] 
4776.198: [GC 4776.199: [ParNew: 340850K->23345K(353920K), 0.1231282 secs] 1235103K->917598K(3106432K) icms_dc=6 , 0.1239473 secs] [Times: user=0.96 sys=0.21, real=0.12 secs] 
4777.072: [GC 4777.073: [ParNew: 337969K->26328K(353920K), 0.0906637 secs] 1232222K->920581K(3106432K) icms_dc=6 , 0.0914692 secs] [Times: user=0.62 sys=0.08, real=0.09 secs] 
4777.902: [GC 4777.903: [ParNew: 340952K->26266K(353920K), 0.0450119 secs] 1235205K->920519K(3106432K) icms_dc=6 , 0.0457719 secs] [Times: user=0.48 sys=0.03, real=0.05 secs] 
4778.800: [GC 4778.801: [ParNew: 340886K->25830K(353920K), 0.0547790 secs] 1235139K->921646K(3106432K) icms_dc=6 , 0.0555559 secs] [Times: user=0.56 sys=0.02, real=0.06 secs] 
4779.669: [GC 4779.669: [ParNew: 340454K->28964K(353920K), 0.0540773 secs] 1236270K->924780K(3106432K) icms_dc=6 , 0.0548457 secs] [Times: user=0.52 sys=0.03, real=0.06 secs] 
4780.540: [GC 4780.541: [ParNew: 343803K->26517K(353920K), 0.0411094 secs] 1239620K->922334K(3106432K) icms_dc=6 , 0.0418843 secs] [Times: user=0.49 sys=0.03, real=0.04 secs] 
4780.590: [GC 4780.591: [ParNew: 27023K->25421K(353920K), 0.0402848 secs] 922840K->922388K(3106432K) icms_dc=6 , 0.0409780 secs] [Times: user=0.48 sys=0.03, real=0.04 secs] 
4781.527: [GC 4781.528: [ParNew: 340045K->19948K(353920K), 0.0445213 secs] 1237012K->916915K(3106432K) icms_dc=6 , 0.0452714 secs] [Times: user=0.47 sys=0.04, real=0.05 secs] 
4782.836: [GC 4782.837: [ParNew: 334572K->19365K(353920K), 0.0409464 secs] 1231539K->916333K(3106432K) icms_dc=6 , 0.0416954 secs] [Times: user=0.45 sys=0.04, real=0.04 secs] 
4784.081: [GC 4784.095: [ParNew: 333899K->16364K(353920K), 0.0403481 secs] 1230867K->913331K(3106432K) icms_dc=6 , 0.0411193 secs] [Times: user=0.42 sys=0.04, real=0.06 secs] 
4784.935: [CMS-concurrent-preclean: 2.244/44.352 secs] [Times: user=925.46 sys=24.98, real=44.35 secs] 
4784.936: [CMS-concurrent-abortable-preclean-start]
4785.454: [GC 4785.454: [ParNew: 330988K->24335K(353920K), 0.0449488 secs] 1227955K->921303K(3106432K) icms_dc=6 , 0.0456832 secs] [Times: user=0.46 sys=0.03, real=0.05 secs] 
4786.260: [GC 4786.261: [ParNew: 338959K->21116K(353920K), 0.0429184 secs] 1235927K->918083K(3106432K) icms_dc=6 , 0.0436597 secs] [Times: user=0.45 sys=0.03, real=0.04 secs] 
4787.347: [GC 4787.347: [ParNew: 335740K->22107K(353920K), 0.0419418 secs] 1232707K->919075K(3106432K) icms_dc=6 , 0.0427087 secs] [Times: user=0.50 sys=0.05, real=0.04 secs] 
4788.343: [GC 4788.344: [ParNew: 336725K->27919K(353920K), 0.1329699 secs] 1233692K->924887K(3106432K) icms_dc=6 , 0.1337197 secs] [Times: user=0.84 sys=0.18, real=0.13 secs] 
4788.902: [CMS-concurrent-abortable-preclean: 0.199/3.966 secs] [Times: user=67.91 sys=1.68, real=3.97 secs] 
4788.912: [GC[YG occupancy: 181174 K (353920 K)]4788.912: [Rescan (parallel) , 0.6941574 secs]4789.607: [weak refs processing, 0.0041211 secs] [1 CMS-remark: 896967K(2752512K)] 1078141K(3106432K), 0.6987873 secs] [Times: user=3.96 sys=1.67, real=0.70 secs] 
4789.612: [CMS-concurrent-sweep-start]
4790.042: [GC 4790.043: [ParNew: 342566K->30560K(353920K), 0.0540491 secs] 1239532K->927525K(3106432K) icms_dc=6 , 0.0548344 secs] [Times: user=0.56 sys=0.03, real=0.06 secs] 
4790.106: [GC 4790.106: [ParNew: 31858K->24708K(353920K), 0.0425080 secs] 928823K->924407K(3106432K) icms_dc=6 , 0.0435144 secs] [Times: user=0.53 sys=0.02, real=0.04 secs] 
4790.923: [GC 4790.923: [ParNew: 339332K->35165K(353920K), 0.0647926 secs] 1239024K->934857K(3106432K) icms_dc=6 , 0.0655814 secs] [Times: user=0.54 sys=0.02, real=0.07 secs] 
4791.709: [GC 4791.710: [ParNew: 349789K->32623K(353920K), 0.0911146 secs] 1249474K->934939K(3106432K) icms_dc=6 , 0.0919114 secs] [Times: user=0.62 sys=0.03, real=0.09 secs] 
4792.489: [GC 4792.489: [ParNew: 347247K->24736K(353920K), 0.0668174 secs] 1249560K->927049K(3106432K) icms_dc=6 , 0.0676193 secs] [Times: user=0.56 sys=0.03, real=0.07 secs] 
4793.271: [GC 4793.271: [ParNew: 339360K->26989K(353920K), 0.0742557 secs] 1241669K->929299K(3106432K) icms_dc=6 , 0.0751140 secs] [Times: user=0.63 sys=0.09, real=0.08 secs] 
4794.135: [GC 4794.136: [ParNew: 341613K->28117K(353920K), 0.0575514 secs] 1243914K->931141K(3106432K) icms_dc=6 , 0.0583555 secs] [Times: user=0.51 sys=0.02, real=0.06 secs] 
4794.837: [GC 4794.838: [ParNew: 342741K->31918K(353920K), 0.1093766 secs] 1245765K->934942K(3106432K) icms_dc=6 , 0.1101581 secs] [Times: user=0.97 sys=0.17, real=0.11 secs] 
4795.674: [GC 4795.675: [ParNew: 346519K->26370K(353920K), 0.0488573 secs] 1249536K->930041K(3106432K) icms_dc=6 , 0.0496449 secs] [Times: user=0.49 sys=0.03, real=0.05 secs] 
4796.420: [GC 4796.420: [ParNew: 340994K->29875K(353920K), 0.0592289 secs] 1244643K->933525K(3106432K) icms_dc=6 , 0.0599946 secs] [Times: user=0.58 sys=0.06, real=0.06 secs] 
4797.177: [GC 4797.177: [ParNew: 344283K->29213K(353920K), 0.0415646 secs] 1247930K->932860K(3106432K) icms_dc=6 , 0.0423534 secs] [Times: user=0.51 sys=0.04, real=0.04 secs] 
4798.123: [GC 4798.123: [ParNew: 343837K->22001K(353920K), 0.0494030 secs] 1247474K->927243K(3106432K) icms_dc=6 , 0.0501857 secs] [Times: user=0.47 sys=0.03, real=0.05 secs] 
4799.088: [GC 4799.088: [ParNew: 336625K->24626K(353920K), 0.1712284 secs] 1241842K->929843K(3106432K) icms_dc=6 , 0.1720053 secs] [Times: user=0.96 sys=0.24, real=0.17 secs] 
4800.038: [GC 4800.039: [ParNew: 339250K->22730K(353920K), 0.0850521 secs] 1244459K->927939K(3106432K) icms_dc=6 , 0.0858304 secs] [Times: user=0.67 sys=0.11, real=0.09 secs] 
4800.822: [GC 4800.823: [ParNew: 337354K->26451K(353920K), 0.1572644 secs] 1242557K->931655K(3106432K) icms_dc=6 , 0.1580397 secs] [Times: user=1.12 sys=0.29, real=0.16 secs] 
4801.707: [GC 4801.707: [ParNew: 340522K->28730K(353920K), 0.0482254 secs] 1245704K->933912K(3106432K) icms_dc=6 , 0.0489991 secs] [Times: user=0.49 sys=0.04, real=0.05 secs] 
4802.580: [GC 4802.581: [ParNew: 343354K->26922K(353920K), 0.1024472 secs] 1248484K->932892K(3106432K) icms_dc=6 , 0.1032331 secs] [Times: user=0.80 sys=0.13, real=0.10 secs] 
4803.493: [GC 4803.494: [ParNew: 341546K->20434K(353920K), 0.0471844 secs] 1247500K->926387K(3106432K) icms_dc=6 , 0.0479539 secs] [Times: user=0.43 sys=0.03, real=0.05 secs] 
4804.543: [GC 4804.544: [ParNew: 335058K->25425K(353920K), 0.0585212 secs] 1240800K->931167K(3106432K) icms_dc=6 , 0.0593152 secs] [Times: user=0.47 sys=0.02, real=0.06 secs] 
4805.378: [GC 4805.379: [ParNew: 340049K->26556K(353920K), 0.0914950 secs] 1245764K->932271K(3106432K) icms_dc=6 , 0.0922458 secs] [Times: user=0.61 sys=0.07, real=0.09 secs] 
4806.213: [GC 4806.214: [ParNew: 341122K->31343K(353920K), 0.0691391 secs] 1246834K->937055K(3106432K) icms_dc=6 , 0.0699525 secs] [Times: user=0.66 sys=0.09, real=0.07 secs] 
4807.075: [GC 4807.075: [ParNew: 346057K->27661K(353920K), 0.0564852 secs] 1251763K->935443K(3106432K) icms_dc=6 , 0.0572930 secs] [Times: user=0.58 sys=0.03, real=0.06 secs] 
4807.872: [GC 4807.872: [ParNew: 342285K->25475K(353920K), 0.1162891 secs] 1250065K->934376K(3106432K) icms_dc=6 , 0.1170604 secs] [Times: user=0.91 sys=0.18, real=0.12 secs] 
4808.634: [GC 4808.635: [ParNew: 340099K->28523K(353920K), 0.0651494 secs] 1248956K->937380K(3106432K) icms_dc=6 , 0.0659540 secs] [Times: user=0.57 sys=0.04, real=0.07 secs] 
4809.474: [GC 4809.475: [ParNew: 343147K->26053K(353920K), 0.0440205 secs] 1251991K->934897K(3106432K) icms_dc=6 , 0.0448004 secs] [Times: user=0.47 sys=0.04, real=0.05 secs] 
4810.324: [GC 4810.325: [ParNew: 340677K->23358K(353920K), 0.0434080 secs] 1249476K->932157K(3106432K) icms_dc=6 , 0.0442667 secs] [Times: user=0.46 sys=0.04, real=0.04 secs] 
4811.503: [GC 4811.503: [ParNew: 337982K->23312K(353920K), 0.0455947 secs] 1246654K->931985K(3106432K) icms_dc=6 , 0.0463566 secs] [Times: user=0.45 sys=0.03, real=0.05 secs] 
4812.390: [GC 4812.390: [ParNew: 337936K->26451K(353920K), 0.0504503 secs] 1246564K->935078K(3106432K) icms_dc=6 , 0.0512342 secs] [Times: user=0.48 sys=0.03, real=0.05 secs] 
4813.168: [GC 4813.169: [ParNew: 341024K->30672K(353920K), 0.1582565 secs] 1249633K->939281K(3106432K) icms_dc=6 , 0.1590355 secs] [Times: user=1.06 sys=0.27, real=0.16 secs] 
4814.137: [GC 4814.138: [ParNew: 345296K->23719K(353920K), 0.0534476 secs] 1253903K->932326K(3106432K) icms_dc=6 , 0.0542300 secs] [Times: user=0.49 sys=0.03, real=0.05 secs] 
4814.973: [GC 4814.974: [ParNew: 339149K->31445K(353920K), 0.1057836 secs] 1247754K->940050K(3106432K) icms_dc=6 , 0.1065322 secs] [Times: user=0.77 sys=0.16, real=0.11 secs] 
4815.995: [GC 4815.995: [ParNew: 346069K->21184K(353920K), 0.0958880 secs] 1254638K->931059K(3106432K) icms_dc=6 , 0.0966789 secs] [Times: user=0.72 sys=0.13, real=0.10 secs] 
4817.094: [GC 4817.095: [ParNew: 335808K->24225K(353920K), 0.0642122 secs] 1245624K->934041K(3106432K) icms_dc=6 , 0.0649806 secs] [Times: user=0.58 sys=0.08, real=0.07 secs] 
4818.107: [GC 4818.107: [ParNew: 338849K->25954K(353920K), 0.0418825 secs] 1248555K->935659K(3106432K) icms_dc=6 , 0.0426423 secs] [Times: user=0.48 sys=0.04, real=0.04 secs] 
4819.170: [GC 4819.171: [ParNew: 340578K->24522K(353920K), 0.1169144 secs] 1250204K->934148K(3106432K) icms_dc=6 , 0.1176840 secs] [Times: user=0.85 sys=0.21, real=0.12 secs] 
4820.344: [GC 4820.345: [ParNew: 339146K->27111K(353920K), 0.0450404 secs] 1248581K->936546K(3106432K) icms_dc=6 , 0.0457848 secs] [Times: user=0.49 sys=0.03, real=0.05 secs] 
4821.133: [GC 4821.134: [ParNew: 341735K->28646K(353920K), 0.0569078 secs] 1251036K->937948K(3106432K) icms_dc=6 , 0.0577130 secs] [Times: user=0.52 sys=0.02, real=0.06 secs] 
4822.061: [GC 4822.062: [ParNew: 343270K->28831K(353920K), 0.0934042 secs] 1252270K->940115K(3106432K) icms_dc=6 , 0.0941888 secs] [Times: user=0.76 sys=0.10, real=0.09 secs] 
4822.976: [GC 4822.977: [ParNew: 343455K->24982K(353920K), 0.0804626 secs] 1254492K->936020K(3106432K) icms_dc=6 , 0.1003613 secs] [Times: user=0.67 sys=0.09, real=0.10 secs] 
4823.771: [GC 4823.771: [ParNew: 339606K->25287K(353920K), 0.1190135 secs] 1250554K->937412K(3106432K) icms_dc=6 , 0.1197891 secs] [Times: user=0.95 sys=0.19, real=0.12 secs] 
4824.665: [GC 4824.665: [ParNew: 339911K->28033K(353920K), 0.0461596 secs] 1251680K->939802K(3106432K) icms_dc=6 , 0.0469495 secs] [Times: user=0.52 sys=0.03, real=0.05 secs] 
4825.438: [GC 4825.439: [ParNew: 342657K->31659K(353920K), 0.1220522 secs] 1254264K->943895K(3106432K) icms_dc=6 , 0.1228354 secs] [Times: user=0.93 sys=0.20, real=0.12 secs] 
4826.283: [GC 4826.284: [ParNew: 346283K->26136K(353920K), 0.0732455 secs] 1258245K->939161K(3106432K) icms_dc=6 , 0.0740297 secs] [Times: user=0.68 sys=0.09, real=0.07 secs] 
4827.084: [GC 4827.085: [ParNew: 340760K->30333K(353920K), 0.0681369 secs] 1253335K->942908K(3106432K) icms_dc=6 , 0.0689261 secs] [Times: user=0.68 sys=0.07, real=0.07 secs] 
4827.876: [GC 4827.877: [ParNew: 344957K->32771K(353920K), 0.1261518 secs] 1257254K->945068K(3106432K) icms_dc=6 , 0.1269735 secs] [Times: user=0.91 sys=0.18, real=0.13 secs] 
4828.723: [GC 4828.723: [ParNew: 347395K->24714K(353920K), 0.0632860 secs] 1259494K->938661K(3106432K) icms_dc=6 , 0.0641079 secs] [Times: user=0.59 sys=0.04, real=0.06 secs] 
4829.579: [GC 4829.580: [ParNew: 339338K->22333K(353920K), 0.0469035 secs] 1252994K->935989K(3106432K) icms_dc=6 , 0.0477071 secs] [Times: user=0.46 sys=0.03, real=0.05 secs] 
4830.366: [GC 4830.366: [ParNew: 336957K->24964K(353920K), 0.0518759 secs] 1250243K->938249K(3106432K) icms_dc=6 , 0.0526757 secs] [Times: user=0.49 sys=0.01, real=0.05 secs] 
4831.138: [GC 4831.139: [ParNew: 339690K->27610K(353920K), 0.1066782 secs] 1252710K->940629K(3106432K) icms_dc=6 , 0.1074954 secs] [Times: user=0.80 sys=0.17, real=0.11 secs] 
4831.950: [GC 4831.950: [ParNew: 342234K->30553K(353920K), 0.0956216 secs] 1254712K->943032K(3106432K) icms_dc=6 , 0.0964568 secs] [Times: user=0.77 sys=0.14, real=0.10 secs] 
4832.800: [GC 4832.800: [ParNew: 345472K->28556K(353920K), 0.0508882 secs] 1257207K->941737K(3106432K) icms_dc=6 , 0.0516795 secs] [Times: user=0.56 sys=0.03, real=0.05 secs] 
4833.601: [GC 4833.602: [ParNew: 343180K->23714K(353920K), 0.0699107 secs] 1255654K->937577K(3106432K) icms_dc=6 , 0.0707004 secs] [Times: user=0.61 sys=0.08, real=0.07 secs] 
4834.674: [GC 4834.674: [ParNew: 338352K->25074K(353920K), 0.0633471 secs] 1250133K->936854K(3106432K) icms_dc=6 , 0.0640922 secs] [Times: user=0.53 sys=0.05, real=0.06 secs] 
4834.746: [GC 4834.747: [ParNew: 26194K->18391K(353920K), 0.0315150 secs] 937975K->930172K(3106432K) icms_dc=6 , 0.0322266 secs] [Times: user=0.39 sys=0.03, real=0.03 secs] 
4835.609: [GC 4835.610: [ParNew: 333017K->24277K(353920K), 0.0830787 secs] 1243583K->934843K(3106432K) icms_dc=6 , 0.0838495 secs] [Times: user=0.64 sys=0.10, real=0.08 secs] 
4835.701: [GC 4835.702: [ParNew: 24571K->23284K(353920K), 0.0360998 secs] 935137K->933851K(3106432K) icms_dc=6 , 0.0367807 secs] [Times: user=0.43 sys=0.05, real=0.04 secs] 
4836.600: [GC 4836.601: [ParNew: 337908K->24412K(353920K), 0.0589395 secs] 1247637K->934141K(3106432K) icms_dc=6 , 0.0596945 secs] [Times: user=0.51 sys=0.05, real=0.06 secs] 
4837.690: [GC 4837.691: [ParNew: 339036K->17767K(353920K), 0.0498045 secs] 1248571K->927301K(3106432K) icms_dc=6 , 0.0505543 secs] [Times: user=0.44 sys=0.05, real=0.05 secs] 
4838.632: [GC 4838.632: [ParNew: 332391K->25264K(353920K), 0.0503497 secs] 1241723K->934595K(3106432K) icms_dc=6 , 0.0511195 secs] [Times: user=0.46 sys=0.03, real=0.05 secs] 
4839.588: [GC 4839.589: [ParNew: 339888K->27900K(353920K), 0.0536720 secs] 1249070K->937082K(3106432K) icms_dc=6 , 0.0544315 secs] [Times: user=0.48 sys=0.03, real=0.05 secs] 
4840.452: [GC 4840.453: [ParNew: 342524K->27130K(353920K), 0.0583900 secs] 1251330K->937067K(3106432K) icms_dc=6 , 0.0591777 secs] [Times: user=0.57 sys=0.04, real=0.06 secs] 
4841.333: [GC 4841.334: [ParNew: 341754K->29056K(353920K), 0.0631190 secs] 1251547K->938850K(3106432K) icms_dc=6 , 0.0638804 secs] [Times: user=0.61 sys=0.07, real=0.06 secs] 
4842.257: [GC 4842.258: [ParNew: 343680K->26267K(353920K), 0.0640016 secs] 1253158K->935746K(3106432K) icms_dc=6 , 0.0647720 secs] [Times: user=0.52 sys=0.04, real=0.07 secs] 
4843.445: [GC 4843.446: [ParNew: 340891K->17419K(353920K), 0.0518756 secs] 1250086K->927934K(3106432K) icms_dc=6 , 0.0526404 secs] [Times: user=0.46 sys=0.04, real=0.05 secs] 
4844.671: [GC 4844.671: [ParNew: 332043K->22251K(353920K), 0.0518065 secs] 1242246K->932454K(3106432K) icms_dc=6 , 0.0525801 secs] [Times: user=0.44 sys=0.03, real=0.05 secs] 
4845.587: [GC 4845.587: [ParNew: 336875K->25448K(353920K), 0.1326749 secs] 1246889K->935462K(3106432K) icms_dc=6 , 0.1334369 secs] [Times: user=1.02 sys=0.23, real=0.13 secs] 
4846.528: [GC 4846.529: [ParNew: 340072K->30198K(353920K), 0.0961288 secs] 1249933K->940059K(3106432K) icms_dc=6 , 0.0969092 secs] [Times: user=0.74 sys=0.09, real=0.10 secs] 
4847.310: [GC 4847.310: [ParNew: 344801K->27156K(353920K), 0.2232437 secs] 1254495K->936851K(3106432K) icms_dc=6 , 0.2240296 secs] [Times: user=1.53 sys=0.45, real=0.22 secs] 
4848.359: [GC 4848.359: [ParNew: 341780K->31180K(353920K), 0.1091125 secs] 1250852K->942133K(3106432K) icms_dc=6 , 0.1099083 secs] [Times: user=0.82 sys=0.13, real=0.11 secs] 
4849.197: [GC 4849.198: [ParNew: 345726K->29070K(353920K), 0.0651199 secs] 1256407K->940675K(3106432K) icms_dc=6 , 0.0659108 secs] [Times: user=0.68 sys=0.08, real=0.07 secs] 
4850.035: [GC 4850.035: [ParNew: 343694K->25434K(353920K), 0.0985290 secs] 1254861K->936943K(3106432K) icms_dc=6 , 0.0993467 secs] [Times: user=0.81 sys=0.14, real=0.10 secs] 
4850.847: [GC 4850.848: [ParNew: 340072K->28934K(353920K), 0.0572318 secs] 1251416K->940277K(3106432K) icms_dc=6 , 0.0579994 secs] [Times: user=0.58 sys=0.08, real=0.06 secs] 
4850.913: [GC 4850.914: [ParNew: 29336K->26396K(353920K), 0.0352902 secs] 940679K->938141K(3106432K) icms_dc=6 , 0.0359492 secs] [Times: user=0.47 sys=0.05, real=0.04 secs] 
4851.886: [GC 4851.887: [ParNew: 341020K->23912K(353920K), 0.0882184 secs] 1250321K->933212K(3106432K) icms_dc=6 , 0.0890129 secs] [Times: user=0.70 sys=0.12, real=0.09 secs] 
4852.968: [GC 4852.969: [ParNew: 338536K->25261K(353920K), 0.0542268 secs] 1245744K->932469K(3106432K) icms_dc=6 , 0.0549805 secs] [Times: user=0.51 sys=0.04, real=0.06 secs] 
4853.783: [GC 4853.784: [ParNew: 339885K->26699K(353920K), 0.0464906 secs] 1244828K->931642K(3106432K) icms_dc=6 , 0.0472660 secs] [Times: user=0.49 sys=0.03, real=0.05 secs] 
4854.548: [GC 4854.548: [ParNew: 341323K->30253K(353920K), 0.2285475 secs] 1244784K->933714K(3106432K) icms_dc=6 , 0.2293190 secs] [Times: user=1.55 sys=0.45, real=0.23 secs] 
4855.513: [GC 4855.514: [ParNew: 344877K->25144K(353920K), 0.1247048 secs] 1246906K->928779K(3106432K) icms_dc=6 , 0.1256249 secs] [Times: user=0.97 sys=0.20, real=0.13 secs] 
4856.365: [GC 4856.366: [ParNew: 339768K->32738K(353920K), 0.0571657 secs] 1242257K->935227K(3106432K) icms_dc=6 , 0.0579377 secs] [Times: user=0.49 sys=0.01, real=0.06 secs] 
4857.271: [GC 4857.271: [ParNew: 347362K->29125K(353920K), 0.0708456 secs] 1248541K->932221K(3106432K) icms_dc=6 , 0.0716306 secs] [Times: user=0.50 sys=0.02, real=0.07 secs] 
4858.217: [GC 4858.218: [ParNew: 343749K->23086K(353920K), 0.0478743 secs] 1245031K->924368K(3106432K) icms_dc=6 , 0.0486456 secs] [Times: user=0.50 sys=0.05, real=0.05 secs] 
4859.003: [GC 4859.003: [ParNew: 337710K->26524K(353920K), 0.0551958 secs] 1236229K->925043K(3106432K) icms_dc=6 , 0.0559567 secs] [Times: user=0.60 sys=0.07, real=0.06 secs] 
4859.871: [GC 4859.872: [ParNew: 341148K->26026K(353920K), 0.0597603 secs] 1238233K->923111K(3106432K) icms_dc=6 , 0.0605376 secs] [Times: user=0.54 sys=0.05, real=0.06 secs] 
4860.354: [CMS-concurrent-sweep: 3.857/70.742 secs] [Times: user=1564.13 sys=42.37, real=70.74 secs] 
4860.355: [CMS-concurrent-reset-start]
4860.381: [CMS-concurrent-reset: 0.027/0.027 secs] [Times: user=0.70 sys=0.00, real=0.03 secs] 
4860.759: [GC 4860.759: [ParNew: 340650K->28209K(353920K), 0.0634162 secs] 1236808K->924368K(3106432K) icms_dc=1 , 0.0811105 secs] [Times: user=0.57 sys=0.06, real=0.08 secs] 
4861.240: [GC [1 CMS-initial-mark: 896158K(2752512K)] 1080537K(3106432K), 0.7555132 secs] [Times: user=0.75 sys=0.00, real=0.76 secs] 
4861.997: [CMS-concurrent-mark-start]
4862.363: [GC 4862.364: [ParNew: 342833K->21618K(353920K), 0.0639723 secs] 1238992K->917777K(3106432K) icms_dc=1 , 0.0647818 secs] [Times: user=0.51 sys=0.02, real=0.07 secs] 
4863.173: [GC 4863.174: [ParNew: 336242K->25925K(353920K), 0.0764665 secs] 1232401K->922083K(3106432K) icms_dc=1 , 0.0772640 secs] [Times: user=0.61 sys=0.03, real=0.08 secs] 
4863.928: [GC 4863.929: [ParNew: 340549K->35321K(353920K), 0.0923935 secs] 1236707K->932611K(3106432K) icms_dc=1 , 0.0932050 secs] [Times: user=0.82 sys=0.09, real=0.09 secs] 
4864.825: [GC 4864.825: [ParNew: 349945K->27331K(353920K), 0.0613132 secs] 1247235K->930568K(3106432K) icms_dc=1 , 0.0621506 secs] [Times: user=0.65 sys=0.02, real=0.06 secs] 
4865.654: [GC 4865.655: [ParNew: 341955K->21850K(353920K), 0.1418964 secs] 1245192K->925087K(3106432K) icms_dc=1 , 0.1427588 secs] [Times: user=1.05 sys=0.25, real=0.14 secs] 
4866.636: [GC 4866.637: [ParNew: 336524K->24481K(353920K), 0.0797133 secs] 1239761K->927719K(3106432K) icms_dc=1 , 0.0806100 secs] [Times: user=0.81 sys=0.12, real=0.08 secs] 
4866.728: [GC 4866.737: [ParNew: 25305K->27698K(353920K), 0.0416172 secs] 928543K->930935K(3106432K) icms_dc=1 , 0.0423644 secs] [Times: user=0.51 sys=0.03, real=0.05 secs] 
4867.553: [GC 4867.553: [ParNew: 342322K->25361K(353920K), 0.1452831 secs] 1245559K->928598K(3106432K) icms_dc=1 , 0.1461193 secs] [Times: user=1.14 sys=0.31, real=0.15 secs] 
4868.588: [GC 4868.588: [ParNew: 339985K->26902K(353920K), 0.1011559 secs] 1243222K->930140K(3106432K) icms_dc=1 , 0.1019769 secs] [Times: user=0.80 sys=0.12, real=0.10 secs] 
4869.549: [GC 4869.550: [ParNew: 341138K->23942K(353920K), 0.0653869 secs] 1244375K->927179K(3106432K) icms_dc=1 , 0.0662142 secs] [Times: user=0.58 sys=0.05, real=0.07 secs] 
4870.516: [GC 4870.516: [ParNew: 338566K->25383K(353920K), 0.0987665 secs] 1241803K->928620K(3106432K) icms_dc=1 , 0.0995805 secs] [Times: user=0.85 sys=0.13, real=0.10 secs] 
4871.383: [GC 4871.384: [ParNew: 340007K->28945K(353920K), 0.1230211 secs] 1243244K->932182K(3106432K) icms_dc=1 , 0.1238406 secs] [Times: user=1.01 sys=0.24, real=0.12 secs] 
4872.240: [GC 4872.240: [ParNew: 343417K->32574K(353920K), 0.0721119 secs] 1246654K->935811K(3106432K) icms_dc=1 , 0.0730598 secs] [Times: user=0.79 sys=0.07, real=0.07 secs] 
4873.139: [GC 4873.139: [ParNew: 348043K->31126K(353920K), 0.0651121 secs] 1251280K->938814K(3106432K) icms_dc=1 , 0.0659664 secs] [Times: user=0.66 sys=0.03, real=0.07 secs] 
4873.954: [GC 4873.955: [ParNew: 345750K->23713K(353920K), 0.0619854 secs] 1253438K->931401K(3106432K) icms_dc=1 , 0.0628207 secs] [Times: user=0.64 sys=0.08, real=0.06 secs] 
4874.746: [GC 4874.746: [ParNew: 338337K->27965K(353920K), 0.1672045 secs] 1246025K->935653K(3106432K) icms_dc=1 , 0.1680867 secs] [Times: user=1.21 sys=0.34, real=0.17 secs] 
4875.763: [GC 4875.764: [ParNew: 342589K->25265K(353920K), 0.0464838 secs] 1250277K->932953K(3106432K) icms_dc=1 , 0.0472858 secs] [Times: user=0.56 sys=0.06, real=0.05 secs] 
4876.690: [GC 4876.691: [ParNew: 339889K->31263K(353920K), 0.1555706 secs] 1247577K->939883K(3106432K) icms_dc=1 , 0.1564887 secs] [Times: user=1.02 sys=0.21, real=0.16 secs] 
4877.671: [GC 4877.671: [ParNew: 346352K->23365K(353920K), 0.1027380 secs] 1254972K->931985K(3106432K) icms_dc=1 , 0.1035506 secs] [Times: user=0.92 sys=0.17, real=0.10 secs] 
4878.622: [GC 4878.622: [ParNew: 337989K->27419K(353920K), 0.0759851 secs] 1246609K->936039K(3106432K) icms_dc=1 , 0.0768371 secs] [Times: user=0.69 sys=0.07, real=0.08 secs] 
4879.416: [GC 4879.416: [ParNew: 342043K->24493K(353920K), 0.0662399 secs] 1250663K->933113K(3106432K) icms_dc=1 , 0.0670910 secs] [Times: user=0.66 sys=0.09, real=0.07 secs] 
4880.299: [GC 4880.300: [ParNew: 339083K->27077K(353920K), 0.0752358 secs] 1247703K->935697K(3106432K) icms_dc=1 , 0.0760311 secs] [Times: user=0.73 sys=0.09, real=0.08 secs] 
4881.172: [GC 4881.172: [ParNew: 341701K->25837K(353920K), 0.0478832 secs] 1250321K->934457K(3106432K) icms_dc=1 , 0.0486894 secs] [Times: user=0.53 sys=0.04, real=0.05 secs] 
4882.171: [GC 4882.171: [ParNew: 340452K->27849K(353920K), 0.1267918 secs] 1249072K->936469K(3106432K) icms_dc=1 , 0.1276414 secs] [Times: user=1.02 sys=0.27, real=0.13 secs] 
4883.151: [GC 4883.152: [ParNew: 342473K->24609K(353920K), 0.0459678 secs] 1251093K->933229K(3106432K) icms_dc=1 , 0.0467906 secs] [Times: user=0.48 sys=0.03, real=0.05 secs] 
4884.255: [GC 4884.256: [ParNew: 339233K->27736K(353920K), 0.1386632 secs] 1247853K->936356K(3106432K) icms_dc=1 , 0.1394586 secs] [Times: user=1.16 sys=0.29, real=0.14 secs] 
4885.285: [GC 4885.285: [ParNew: 342360K->33302K(353920K), 0.0646356 secs] 1250980K->941922K(3106432K) icms_dc=1 , 0.0654120 secs] [Times: user=0.58 sys=0.03, real=0.07 secs] 
4886.100: [GC 4886.100: [ParNew: 347926K->31667K(353920K), 0.0662903 secs] 1256546K->944125K(3106432K) icms_dc=1 , 0.0671078 secs] [Times: user=0.63 sys=0.03, real=0.07 secs] 
4887.048: [GC 4887.048: [ParNew: 346291K->25541K(353920K), 0.1045022 secs] 1258749K->937999K(3106432K) icms_dc=1 , 0.1053564 secs] [Times: user=0.79 sys=0.15, real=0.11 secs] 
4887.881: [GC 4887.882: [ParNew: 340165K->31507K(353920K), 0.0758438 secs] 1252623K->943965K(3106432K) icms_dc=1 , 0.0766432 secs] [Times: user=0.70 sys=0.09, real=0.08 secs] 
4888.792: [GC 4888.792: [ParNew: 346131K->26093K(353920K), 0.1594414 secs] 1258589K->942342K(3106432K) icms_dc=1 , 0.1603032 secs] [Times: user=1.22 sys=0.31, real=0.16 secs] 
4889.720: [GC 4889.720: [ParNew: 340717K->21383K(353920K), 0.0418032 secs] 1256966K->937633K(3106432K) icms_dc=1 , 0.0426517 secs] [Times: user=0.46 sys=0.03, real=0.04 secs] 
4890.550: [GC 4890.550: [ParNew: 336007K->27750K(353920K), 0.0473290 secs] 1252257K->943999K(3106432K) icms_dc=1 , 0.0481520 secs] [Times: user=0.58 sys=0.04, real=0.05 secs] 
4891.344: [GC 4891.344: [ParNew: 342374K->28471K(353920K), 0.0595426 secs] 1258623K->944720K(3106432K) icms_dc=1 , 0.0603948 secs] [Times: user=0.54 sys=0.03, real=0.06 secs] 
4892.121: [GC 4892.122: [ParNew: 343095K->27200K(353920K), 0.0519562 secs] 1259344K->944599K(3106432K) icms_dc=1 , 0.0528111 secs] [Times: user=0.57 sys=0.05, real=0.05 secs] 
4893.012: [GC 4893.013: [ParNew: 341824K->28850K(353920K), 0.1047624 secs] 1259223K->946249K(3106432K) icms_dc=1 , 0.1055572 secs] [Times: user=0.86 sys=0.14, real=0.11 secs] 
4893.829: [GC 4893.829: [ParNew: 343474K->28568K(353920K), 0.0813224 secs] 1260873K->947048K(3106432K) icms_dc=1 , 0.0821184 secs] [Times: user=0.72 sys=0.09, real=0.08 secs] 
4894.673: [GC 4894.674: [ParNew: 343192K->30753K(353920K), 0.1177345 secs] 1261672K->949233K(3106432K) icms_dc=1 , 0.1185281 secs] [Times: user=0.93 sys=0.19, real=0.12 secs] 
4895.492: [GC 4895.492: [ParNew: 345320K->24556K(353920K), 0.0429505 secs] 1263800K->943036K(3106432K) icms_dc=1 , 0.0437402 secs] [Times: user=0.49 sys=0.03, real=0.04 secs] 
4896.319: [GC 4896.320: [ParNew: 339180K->25672K(353920K), 0.0449804 secs] 1257660K->944152K(3106432K) icms_dc=1 , 0.0459013 secs] [Times: user=0.48 sys=0.03, real=0.05 secs] 
4897.144: [GC 4897.144: [ParNew: 340296K->25695K(353920K), 0.0897801 secs] 1258776K->944175K(3106432K) icms_dc=1 , 0.0905783 secs] [Times: user=0.73 sys=0.12, real=0.09 secs] 
4898.283: [GC 4898.283: [ParNew: 340319K->24994K(353920K), 0.0849099 secs] 1258799K->943474K(3106432K) icms_dc=1 , 0.0856886 secs] [Times: user=0.58 sys=0.09, real=0.09 secs] 
4899.317: [GC 4899.318: [ParNew: 339618K->23314K(353920K), 0.0756696 secs] 1258098K->941794K(3106432K) icms_dc=1 , 0.0764706 secs] [Times: user=0.61 sys=0.08, real=0.08 secs] 
4900.238: [GC 4900.238: [ParNew: 337938K->25139K(353920K), 0.0567959 secs] 1256418K->943619K(3106432K) icms_dc=1 , 0.0575997 secs] [Times: user=0.50 sys=0.03, real=0.06 secs] 
4901.170: [GC 4901.170: [ParNew: 339770K->28101K(353920K), 0.0483453 secs] 1258250K->946581K(3106432K) icms_dc=1 , 0.0491518 secs] [Times: user=0.50 sys=0.03, real=0.05 secs] 
4901.228: [GC 4901.250: [ParNew: 28756K->28545K(353920K), 0.0383028 secs] 947237K->947025K(3106432K) icms_dc=1 , 0.0390895 secs] [Times: user=0.47 sys=0.03, real=0.06 secs] 
4902.125: [GC 4902.125: [ParNew: 343169K->31640K(353920K), 0.1271950 secs] 1261649K->950120K(3106432K) icms_dc=1 , 0.1280423 secs] [Times: user=1.07 sys=0.23, real=0.13 secs] 
4903.090: [GC 4903.090: [ParNew: 346249K->26474K(353920K), 0.1218998 secs] 1264729K->944954K(3106432K) icms_dc=1 , 0.1227416 secs] [Times: user=0.93 sys=0.19, real=0.12 secs] 
4904.029: [GC 4904.029: [ParNew: 341098K->31202K(353920K), 0.1048353 secs] 1259578K->951807K(3106432K) icms_dc=1 , 0.1056152 secs] [Times: user=0.82 sys=0.10, real=0.11 secs] 
4904.986: [GC 4904.987: [ParNew: 345874K->27125K(353920K), 0.0712201 secs] 1266479K->947730K(3106432K) icms_dc=1 , 0.0720132 secs] [Times: user=0.70 sys=0.09, real=0.07 secs] 
4905.922: [GC 4905.922: [ParNew: 341620K->25840K(353920K), 0.0624659 secs] 1262225K->949283K(3106432K) icms_dc=1 , 0.0632887 secs] [Times: user=0.60 sys=0.04, real=0.06 secs] 
4906.826: [GC 4906.827: [ParNew: 340464K->25969K(353920K), 0.1208887 secs] 1263907K->949411K(3106432K) icms_dc=1 , 0.1216914 secs] [Times: user=0.92 sys=0.21, real=0.12 secs] 
4907.845: [GC 4907.845: [ParNew: 340553K->27769K(353920K), 0.0636314 secs] 1263995K->951211K(3106432K) icms_dc=1 , 0.0644755 secs] [Times: user=0.59 sys=0.04, real=0.06 secs] 
4908.665: [GC 4908.666: [ParNew: 342393K->33758K(353920K), 0.1465787 secs] 1265835K->958571K(3106432K) icms_dc=1 , 0.1474870 secs] [Times: user=1.27 sys=0.22, real=0.15 secs] 
4909.505: [GC 4909.505: [ParNew: 348382K->36769K(353920K), 0.1059322 secs] 1273195K->964083K(3106432K) icms_dc=1 , 0.1067841 secs] [Times: user=0.71 sys=0.07, real=0.11 secs] 
4910.502: [GC 4910.502: [ParNew: 351588K->23106K(353920K), 0.1259703 secs] 1278902K->954524K(3106432K) icms_dc=3 , 0.1268308 secs] [Times: user=0.91 sys=0.17, real=0.13 secs] 
4910.638: [GC 4910.638: [ParNew: 23438K->22713K(353920K), 0.0649191 secs] 954855K->954130K(3106432K) icms_dc=4 , 0.0656959 secs] [Times: user=0.60 sys=0.11, real=0.07 secs] 
4911.536: [GC 4911.537: [ParNew: 337337K->24975K(353920K), 0.1230223 secs] 1268754K->956393K(3106432K) icms_dc=4 , 0.1238909 secs] [Times: user=1.01 sys=0.24, real=0.12 secs] 
4912.473: [GC 4912.473: [ParNew: 339536K->28848K(353920K), 0.1209264 secs] 1270954K->960265K(3106432K) icms_dc=4 , 0.1219150 secs] [Times: user=0.94 sys=0.23, real=0.12 secs] 
4913.508: [GC 4913.509: [ParNew: 343472K->23533K(353920K), 0.0821265 secs] 1274889K->955994K(3106432K) icms_dc=4 , 0.0830196 secs] [Times: user=0.73 sys=0.10, real=0.08 secs] 
4914.393: [GC 4914.394: [ParNew: 338157K->24313K(353920K), 0.0727788 secs] 1270618K->956775K(3106432K) icms_dc=4 , 0.0735670 secs] [Times: user=0.67 sys=0.09, real=0.07 secs] 
4915.283: [GC 4915.284: [ParNew: 338937K->28807K(353920K), 0.1250746 secs] 1271399K->961269K(3106432K) icms_dc=4 , 0.1258760 secs] [Times: user=1.07 sys=0.20, real=0.13 secs] 
4916.264: [GC 4916.265: [ParNew: 343489K->27048K(353920K), 0.0881125 secs] 1275951K->961978K(3106432K) icms_dc=4 , 0.0889532 secs] [Times: user=0.77 sys=0.11, real=0.09 secs] 
4916.362: [GC 4916.363: [ParNew: 27965K->25220K(353920K), 0.0350113 secs] 962894K->960149K(3106432K) icms_dc=4 , 0.0356943 secs] [Times: user=0.41 sys=0.03, real=0.04 secs] 
4917.361: [GC 4917.361: [ParNew: 339849K->22520K(353920K), 0.0415641 secs] 1274778K->957449K(3106432K) icms_dc=4 , 0.0423946 secs] [Times: user=0.45 sys=0.04, real=0.04 secs] 
4918.162: [GC 4918.162: [ParNew: 337558K->26071K(353920K), 0.1381796 secs] 1272487K->961000K(3106432K) icms_dc=4 , 0.1390574 secs] [Times: user=1.03 sys=0.26, real=0.14 secs] 
4919.181: [GC 4919.187: [ParNew: 340695K->28796K(353920K), 0.1063346 secs] 1275624K->963726K(3106432K) icms_dc=4 , 0.1071854 secs] [Times: user=0.74 sys=0.12, real=0.11 secs] 
4920.051: [GC 4920.051: [ParNew: 343431K->28980K(353920K), 0.0664842 secs] 1278360K->963909K(3106432K) icms_dc=4 , 0.0673123 secs] [Times: user=0.63 sys=0.07, real=0.07 secs] 
4920.127: [GC 4920.128: [ParNew: 29713K->28168K(353920K), 0.0404466 secs] 964643K->963097K(3106432K) icms_dc=4 , 0.0411525 secs] [Times: user=0.50 sys=0.05, real=0.04 secs] 
4921.004: [GC 4921.005: [ParNew: 342792K->31764K(353920K), 0.2409616 secs] 1277721K->966693K(3106432K) icms_dc=4 , 0.2417766 secs] [Times: user=1.65 sys=0.55, real=0.24 secs] 
4922.029: [GC 4922.029: [ParNew: 346388K->21597K(353920K), 0.0589758 secs] 1281317K->960750K(3106432K) icms_dc=4 , 0.0598160 secs] [Times: user=0.56 sys=0.02, real=0.06 secs] 
4922.893: [GC 4922.893: [ParNew: 336221K->25956K(353920K), 0.1216577 secs] 1275374K->965109K(3106432K) icms_dc=4 , 0.1225182 secs] [Times: user=0.94 sys=0.20, real=0.12 secs] 
4923.797: [GC 4923.798: [ParNew: 341058K->27976K(353920K), 0.0973375 secs] 1280211K->967129K(3106432K) icms_dc=4 , 0.0981904 secs] [Times: user=0.74 sys=0.08, real=0.10 secs] 
4923.904: [GC 4923.904: [ParNew: 28364K->24458K(353920K), 0.0379751 secs] 967517K->963610K(3106432K) icms_dc=4 , 0.0386800 secs] [Times: user=0.48 sys=0.05, real=0.04 secs] 
4924.649: [GC 4924.649: [ParNew: 339082K->27638K(353920K), 0.0617629 secs] 1278234K->966790K(3106432K) icms_dc=4 , 0.0626075 secs] [Times: user=0.64 sys=0.08, real=0.06 secs] 
4925.551: [GC 4925.552: [ParNew: 342262K->29827K(353920K), 0.1091748 secs] 1281414K->968979K(3106432K) icms_dc=4 , 0.1100762 secs] [Times: user=0.87 sys=0.16, real=0.11 secs] 
4926.458: [GC 4926.459: [ParNew: 344840K->31030K(353920K), 0.1385822 secs] 1283992K->970609K(3106432K) icms_dc=4 , 0.1394229 secs] [Times: user=0.81 sys=0.15, real=0.14 secs] 
4927.443: [GC 4927.444: [ParNew: 345658K->25093K(353920K), 0.0621858 secs] 1285237K->964672K(3106432K) icms_dc=4 , 0.0631061 secs] [Times: user=0.54 sys=0.00, real=0.06 secs] 
4928.230: [GC 4928.230: [ParNew: 339717K->30520K(353920K), 0.0540313 secs] 1279296K->970099K(3106432K) icms_dc=4 , 0.0548768 secs] [Times: user=0.55 sys=0.03, real=0.06 secs] 
4929.116: [GC 4929.117: [ParNew: 346191K->31902K(353920K), 0.1403557 secs] 1285770K->974233K(3106432K) icms_dc=4 , 0.1411832 secs] [Times: user=0.91 sys=0.16, real=0.14 secs] 
4929.267: [GC 4929.267: [ParNew: 32588K->26482K(353920K), 0.0906088 secs] 974919K->968813K(3106432K) icms_dc=4 , 0.0913514 secs] [Times: user=0.66 sys=0.10, real=0.09 secs] 
4930.128: [GC 4930.129: [ParNew: 341106K->27628K(353920K), 0.0559705 secs] 1283437K->969959K(3106432K) icms_dc=4 , 0.0567609 secs] [Times: user=0.51 sys=0.02, real=0.06 secs] 
4931.040: [GC 4931.041: [ParNew: 342252K->19818K(353920K), 0.0623977 secs] 1284583K->962149K(3106432K) icms_dc=4 , 0.0632188 secs] [Times: user=0.61 sys=0.07, real=0.06 secs] 
4931.930: [GC 4931.931: [ParNew: 334442K->21266K(353920K), 0.0646368 secs] 1276773K->963597K(3106432K) icms_dc=4 , 0.0654349 secs] [Times: user=0.61 sys=0.09, real=0.07 secs] 
4932.930: [GC 4932.930: [ParNew: 335890K->22711K(353920K), 0.1048988 secs] 1278221K->965042K(3106432K) icms_dc=4 , 0.1057327 secs] [Times: user=0.86 sys=0.18, real=0.11 secs] 
4933.864: [GC 4933.864: [ParNew: 337356K->23047K(353920K), 0.0701768 secs] 1279686K->965378K(3106432K) icms_dc=4 , 0.0709850 secs] [Times: user=0.62 sys=0.09, real=0.07 secs] 
4933.944: [GC 4933.944: [ParNew: 24328K->23668K(353920K), 0.0344860 secs] 966659K->965999K(3106432K) icms_dc=4 , 0.0352276 secs] [Times: user=0.41 sys=0.03, real=0.04 secs] 
4934.848: [GC 4934.848: [ParNew: 338292K->26514K(353920K), 0.0826841 secs] 1280623K->968845K(3106432K) icms_dc=4 , 0.0834676 secs] [Times: user=0.70 sys=0.11, real=0.08 secs] 
4935.667: [GC 4935.667: [ParNew: 341138K->28483K(353920K), 0.0538662 secs] 1283469K->970813K(3106432K) icms_dc=4 , 0.0546426 secs] [Times: user=0.53 sys=0.04, real=0.06 secs] 
4936.594: [GC 4936.594: [ParNew: 343107K->25174K(353920K), 0.0544405 secs] 1285437K->968018K(3106432K) icms_dc=4 , 0.0552434 secs] [Times: user=0.56 sys=0.04, real=0.06 secs] 
4937.570: [GC 4937.571: [ParNew: 339798K->28464K(353920K), 0.0468104 secs] 1282642K->971309K(3106432K) icms_dc=4 , 0.0475843 secs] [Times: user=0.55 sys=0.03, real=0.05 secs] 
4938.378: [GC 4938.378: [ParNew: 343265K->29432K(353920K), 0.1316549 secs] 1286109K->972276K(3106432K) icms_dc=4 , 0.1324861 secs] [Times: user=0.80 sys=0.13, real=0.15 secs] 
4939.406: [GC 4939.407: [ParNew: 344056K->22224K(353920K), 0.1112074 secs] 1286900K->965068K(3106432K) icms_dc=4 , 0.1120013 secs] [Times: user=0.87 sys=0.19, real=0.11 secs] 
4940.277: [GC 4940.277: [ParNew: 336848K->28221K(353920K), 0.0873224 secs] 1279692K->971066K(3106432K) icms_dc=4 , 0.0881200 secs] [Times: user=0.57 sys=0.05, real=0.09 secs] 
4941.195: [GC 4941.195: [ParNew: 342845K->31752K(353920K), 0.0589971 secs] 1285690K->974597K(3106432K) icms_dc=4 , 0.0597798 secs] [Times: user=0.55 sys=0.02, real=0.06 secs] 
4942.006: [GC 4942.007: [ParNew: 346376K->29462K(353920K), 0.0533659 secs] 1289221K->973964K(3106432K) icms_dc=4 , 0.0542098 secs] [Times: user=0.60 sys=0.03, real=0.05 secs] 
4942.939: [GC 4942.940: [ParNew: 344335K->22251K(353920K), 0.0521520 secs] 1288836K->968111K(3106432K) icms_dc=4 , 0.0529434 secs] [Times: user=0.55 sys=0.03, real=0.05 secs] 
4943.001: [GC 4943.001: [ParNew: 22715K->21697K(353920K), 0.0363855 secs] 968575K->967557K(3106432K) icms_dc=4 , 0.0370807 secs] [Times: user=0.44 sys=0.03, real=0.04 secs] 
4943.812: [GC 4943.813: [ParNew: 336321K->28221K(353920K), 0.1018803 secs] 1282181K->974081K(3106432K) icms_dc=4 , 0.1027065 secs] [Times: user=0.77 sys=0.09, real=0.10 secs] 
4944.764: [GC 4944.765: [ParNew: 342845K->26571K(353920K), 0.1037510 secs] 1288705K->972432K(3106432K) icms_dc=4 , 0.1045324 secs] [Times: user=0.86 sys=0.20, real=0.10 secs] 
4945.676: [GC 4945.676: [ParNew: 341195K->26584K(353920K), 0.0498116 secs] 1287056K->972445K(3106432K) icms_dc=4 , 0.0506237 secs] [Times: user=0.51 sys=0.03, real=0.05 secs] 
4946.545: [GC 4946.545: [ParNew: 341217K->27266K(353920K), 0.0406766 secs] 1287077K->973126K(3106432K) icms_dc=4 , 0.0414935 secs] [Times: user=0.51 sys=0.04, real=0.04 secs] 
4947.475: [GC 4947.476: [ParNew: 341890K->26837K(353920K), 0.1358576 secs] 1287750K->972697K(3106432K) icms_dc=4 , 0.1366455 secs] [Times: user=1.10 sys=0.28, real=0.14 secs] 
4948.548: [GC 4948.548: [ParNew: 341461K->24160K(353920K), 0.0683740 secs] 1287321K->971091K(3106432K) icms_dc=4 , 0.0692124 secs] [Times: user=0.65 sys=0.05, real=0.07 secs] 
4949.493: [GC 4949.494: [ParNew: 338703K->23975K(353920K), 0.0466312 secs] 1285634K->970906K(3106432K) icms_dc=4 , 0.0474583 secs] [Times: user=0.49 sys=0.04, real=0.05 secs] 
4950.525: [GC 4950.526: [ParNew: 338599K->24968K(353920K), 0.1531541 secs] 1285530K->971898K(3106432K) icms_dc=4 , 0.1539025 secs] [Times: user=1.14 sys=0.32, real=0.15 secs] 
4951.490: [GC 4951.490: [ParNew: 339592K->25770K(353920K), 0.0489008 secs] 1286522K->972701K(3106432K) icms_dc=4 , 0.0497570 secs] [Times: user=0.49 sys=0.04, real=0.05 secs] 
4952.394: [GC 4952.395: [ParNew: 340278K->30150K(353920K), 0.0976315 secs] 1287209K->977081K(3106432K) icms_dc=4 , 0.0984167 secs] [Times: user=0.81 sys=0.15, real=0.10 secs] 
4953.359: [GC 4953.359: [ParNew: 344774K->30339K(353920K), 0.1441591 secs] 1291705K->978836K(3106432K) icms_dc=4 , 0.1449612 secs] [Times: user=1.16 sys=0.25, real=0.15 secs] 
4954.357: [GC 4954.357: [ParNew: 344963K->30429K(353920K), 0.0891064 secs] 1293460K->979250K(3106432K) icms_dc=4 , 0.0899605 secs] [Times: user=0.73 sys=0.09, real=0.09 secs] 
4955.269: [GC 4955.269: [ParNew: 345053K->25901K(353920K), 0.0524703 secs] 1293874K->974722K(3106432K) icms_dc=4 , 0.0532557 secs] [Times: user=0.52 sys=0.03, real=0.05 secs] 
4956.170: [GC 4956.170: [ParNew: 340525K->28535K(353920K), 0.0550959 secs] 1289346K->977356K(3106432K) icms_dc=4 , 0.0559358 secs] [Times: user=0.55 sys=0.03, real=0.06 secs] 
4956.930: [GC 4956.931: [ParNew: 343159K->24569K(353920K), 0.0472299 secs] 1291980K->974100K(3106432K) icms_dc=4 , 0.0480513 secs] [Times: user=0.55 sys=0.03, real=0.05 secs] 
4957.759: [GC 4957.760: [ParNew: 339193K->26495K(353920K), 0.1316197 secs] 1288724K->976026K(3106432K) icms_dc=4 , 0.1324377 secs] [Times: user=1.07 sys=0.28, real=0.13 secs] 
4958.701: [GC 4958.701: [ParNew: 341119K->28844K(353920K), 0.0922285 secs] 1290650K->979002K(3106432K) icms_dc=4 , 0.0930456 secs] [Times: user=0.66 sys=0.06, real=0.09 secs] 
4959.506: [GC 4959.507: [ParNew: 343123K->32498K(353920K), 0.2308755 secs] 1293281K->982657K(3106432K) icms_dc=4 , 0.2317995 secs] [Times: user=1.67 sys=0.50, real=0.23 secs] 
4960.537: [GC 4960.537: [ParNew: 347122K->34444K(353920K), 0.0645687 secs] 1297281K->985899K(3106432K) icms_dc=4 , 0.0654008 secs] [Times: user=0.56 sys=0.02, real=0.07 secs] 
4961.438: [GC 4961.438: [ParNew: 349068K->30216K(353920K), 0.1063692 secs] 1300523K->981671K(3106432K) icms_dc=4 , 0.1071971 secs] [Times: user=0.75 sys=0.11, real=0.11 secs] 
4962.362: [GC 4962.363: [ParNew: 344840K->30059K(353920K), 0.1087677 secs] 1296295K->984254K(3106432K) icms_dc=4 , 0.1096253 secs] [Times: user=0.76 sys=0.06, real=0.11 secs] 
4963.284: [GC 4963.285: [ParNew: 344683K->23143K(353920K), 0.1578027 secs] 1298878K->977338K(3106432K) icms_dc=4 , 0.1586122 secs] [Times: user=1.14 sys=0.32, real=0.16 secs] 
4964.658: [GC 4964.659: [ParNew: 337767K->27552K(353920K), 0.1290935 secs] 1291962K->981747K(3106432K) icms_dc=4 , 0.1298966 secs] [Times: user=1.03 sys=0.25, real=0.13 secs] 
4965.834: [GC 4965.835: [ParNew: 342176K->24448K(353920K), 0.0632867 secs] 1296371K->980455K(3106432K) icms_dc=4 , 0.0641590 secs] [Times: user=0.60 sys=0.03, real=0.06 secs] 
4966.658: [GC 4966.659: [ParNew: 339072K->30538K(353920K), 0.0947169 secs] 1295079K->986545K(3106432K) icms_dc=4 , 0.0955504 secs] [Times: user=0.76 sys=0.10, real=0.10 secs] 
4967.802: [GC 4967.802: [ParNew: 345162K->35068K(353920K), 0.1017350 secs] 1301169K->991451K(3106432K) icms_dc=4 , 0.1025545 secs] [Times: user=0.94 sys=0.15, real=0.10 secs] 
4968.694: [GC 4968.694: [ParNew: 349692K->28992K(353920K), 0.0733334 secs] 1306075K->988969K(3106432K) icms_dc=4 , 0.0741706 secs] [Times: user=0.66 sys=0.03, real=0.07 secs] 
4969.969: [GC 4969.969: [ParNew: 343616K->25328K(353920K), 0.0771523 secs] 1303593K->985305K(3106432K) icms_dc=4 , 0.0780000 secs] [Times: user=0.64 sys=0.09, real=0.08 secs] 
4970.780: [GC 4970.780: [ParNew: 339952K->28137K(353920K), 0.0727979 secs] 1299929K->988114K(3106432K) icms_dc=4 , 0.0736439 secs] [Times: user=0.62 sys=0.03, real=0.07 secs] 
4971.833: [GC 4971.834: [ParNew: 342761K->29530K(353920K), 0.1209464 secs] 1302738K->991149K(3106432K) icms_dc=4 , 0.1217840 secs] [Times: user=0.92 sys=0.16, real=0.12 secs] 
4972.684: [GC 4972.685: [ParNew: 344154K->28054K(353920K), 0.0669495 secs] 1305773K->989674K(3106432K) icms_dc=4 , 0.0678029 secs] [Times: user=0.71 sys=0.08, real=0.07 secs] 
4973.560: [GC 4973.560: [ParNew: 342678K->28888K(353920K), 0.0635943 secs] 1304298K->990507K(3106432K) icms_dc=4 , 0.0644500 secs] [Times: user=0.56 sys=0.02, real=0.06 secs] 
4974.485: [GC 4974.486: [ParNew: 343510K->30044K(353920K), 0.0861334 secs] 1305130K->992543K(3106432K) icms_dc=4 , 0.0870126 secs] [Times: user=0.72 sys=0.06, real=0.09 secs] 
4975.279: [GC 4975.279: [ParNew: 344829K->30244K(353920K), 0.1274705 secs] 1307329K->995867K(3106432K) icms_dc=4 , 0.1283619 secs] [Times: user=1.33 sys=0.15, real=0.13 secs] 
4975.417: [GC 4975.417: [ParNew: 31072K->24653K(353920K), 0.1108076 secs] 996695K->990276K(3106432K) icms_dc=4 , 0.1114903 secs] [Times: user=0.83 sys=0.17, real=0.11 secs] 
4976.191: [GC 4976.192: [ParNew: 339277K->32550K(353920K), 0.0519810 secs] 1304900K->998173K(3106432K) icms_dc=4 , 0.0528163 secs] [Times: user=0.64 sys=0.03, real=0.05 secs] 
4977.087: [GC 4977.088: [ParNew: 347644K->33417K(353920K), 0.1159639 secs] 1313267K->1002624K(3106432K) icms_dc=4 , 0.1169301 secs] [Times: user=0.93 sys=0.10, real=0.12 secs] 
4977.214: [GC 4977.215: [ParNew: 34150K->24293K(353920K), 0.0423129 secs] 1003356K->995175K(3106432K) icms_dc=4 , 0.0430168 secs] [Times: user=0.72 sys=0.06, real=0.04 secs] 
4977.997: [GC 4977.998: [ParNew: 338917K->27859K(353920K), 0.0616007 secs] 1309799K->998741K(3106432K) icms_dc=4 , 0.0624678 secs] [Times: user=0.50 sys=0.04, real=0.06 secs] 
4978.928: [GC 4978.928: [ParNew: 342483K->27876K(353920K), 0.1294064 secs] 1313365K->998758K(3106432K) icms_dc=4 , 0.1302645 secs] [Times: user=1.02 sys=0.24, real=0.13 secs] 
4979.838: [GC 4979.839: [ParNew: 342500K->34741K(353920K), 0.1214983 secs] 1313382K->1005623K(3106432K) icms_dc=4 , 0.1225918 secs] [Times: user=1.02 sys=0.15, real=0.12 secs] 
4980.657: [GC 4980.658: [ParNew: 350526K->31674K(353920K), 0.1729928 secs] 1321408K->1007773K(3106432K) icms_dc=4 , 0.1738189 secs] [Times: user=0.95 sys=0.09, real=0.17 secs] 
4980.841: [GC 4980.842: [ParNew: 32922K->28806K(353920K), 0.0607616 secs] 1009022K->1007010K(3106432K) icms_dc=4 , 0.0614650 secs] [Times: user=0.48 sys=0.01, real=0.06 secs] 
4981.660: [GC 4981.661: [ParNew: 343416K->27039K(353920K), 0.0456361 secs] 1321620K->1005243K(3106432K) icms_dc=4 , 0.0465175 secs] [Times: user=0.53 sys=0.04, real=0.05 secs] 
4982.482: [GC 4982.482: [ParNew: 341663K->32616K(353920K), 0.0746178 secs] 1319867K->1010819K(3106432K) icms_dc=4 , 0.0754646 secs] [Times: user=0.72 sys=0.08, real=0.08 secs] 
4983.377: [GC 4983.378: [ParNew: 347114K->30042K(353920K), 0.0761141 secs] 1325317K->1011799K(3106432K) icms_dc=4 , 0.0769671 secs] [Times: user=0.64 sys=0.04, real=0.08 secs] 
4984.185: [GC 4984.186: [ParNew: 344666K->24817K(353920K), 0.1153025 secs] 1326423K->1006574K(3106432K) icms_dc=4 , 0.1161513 secs] [Times: user=0.91 sys=0.19, real=0.12 secs] 
4984.970: [GC 4984.970: [ParNew: 339441K->31191K(353920K), 0.0446889 secs] 1321198K->1012948K(3106432K) icms_dc=4 , 0.0454758 secs] [Times: user=0.50 sys=0.04, real=0.05 secs] 
4985.884: [GC 4985.884: [ParNew: 345815K->25693K(353920K), 0.1426095 secs] 1327572K->1010185K(3106432K) icms_dc=4 , 0.1434245 secs] [Times: user=1.15 sys=0.26, real=0.14 secs] 
4986.885: [GC 4986.885: [ParNew: 340317K->24590K(353920K), 0.1439385 secs] 1324809K->1009081K(3106432K) icms_dc=4 , 0.1447691 secs] [Times: user=1.00 sys=0.21, real=0.15 secs] 
4987.724: [GC 4987.725: [ParNew: 339214K->26617K(353920K), 0.0656477 secs] 1323705K->1011109K(3106432K) icms_dc=4 , 0.0664665 secs] [Times: user=0.60 sys=0.04, real=0.07 secs] 
4988.635: [GC 4988.636: [ParNew: 342171K->32990K(353920K), 0.1328316 secs] 1326663K->1017482K(3106432K) icms_dc=4 , 0.1337062 secs] [Times: user=0.91 sys=0.14, real=0.13 secs] 
4988.779: [GC 4988.779: [ParNew: 34254K->30447K(353920K), 0.0554435 secs] 1018745K->1019547K(3106432K) icms_dc=4 , 0.0561676 secs] [Times: user=0.58 sys=0.03, real=0.06 secs] 
4989.726: [GC 4989.726: [ParNew: 345154K->23401K(353920K), 0.0621250 secs] 1334254K->1012500K(3106432K) icms_dc=4 , 0.0629805 secs] [Times: user=0.60 sys=0.08, real=0.06 secs] 
4989.800: [GC 4989.801: [ParNew: 23768K->22891K(353920K), 0.0373841 secs] 1012867K->1011991K(3106432K) icms_dc=4 , 0.0381142 secs] [Times: user=0.42 sys=0.03, real=0.04 secs] 
4990.623: [GC 4990.624: [ParNew: 337570K->27442K(353920K), 0.0632798 secs] 1326670K->1016542K(3106432K) icms_dc=4 , 0.0641046 secs] [Times: user=0.49 sys=0.03, real=0.06 secs] 
4991.457: [GC 4991.458: [ParNew: 342066K->25019K(353920K), 0.0507937 secs] 1331166K->1014118K(3106432K) icms_dc=4 , 0.0516481 secs] [Times: user=0.51 sys=0.03, real=0.05 secs] 
4991.876: [CMS-concurrent-mark: 4.315/129.879 secs] [Times: user=3087.54 sys=89.80, real=129.88 secs] 
4991.877: [CMS-concurrent-preclean-start]
4992.318: [GC 4992.318: [ParNew: 339643K->24169K(353920K), 0.0690877 secs] 1328742K->1014465K(3106432K) icms_dc=4 , 0.0699089 secs] [Times: user=0.62 sys=0.08, real=0.07 secs] 
4993.123: [GC 4993.123: [ParNew: 338793K->27596K(353920K), 0.1062360 secs] 1329089K->1017893K(3106432K) icms_dc=4 , 0.1071121 secs] [Times: user=0.71 sys=0.09, real=0.11 secs] 
4994.082: [GC 4994.082: [ParNew: 342220K->25042K(353920K), 0.1211207 secs] 1332517K->1015339K(3106432K) icms_dc=4 , 0.1219488 secs] [Times: user=0.88 sys=0.20, real=0.12 secs] 
4995.067: [GC 4995.068: [ParNew: 339666K->27589K(353920K), 0.1046454 secs] 1329963K->1017886K(3106432K) icms_dc=4 , 0.1054403 secs] [Times: user=0.66 sys=0.05, real=0.11 secs] 
4995.769: [GC 4995.770: [ParNew: 342213K->30699K(353920K), 0.1516368 secs] 1332510K->1020996K(3106432K) icms_dc=4 , 0.1524028 secs] [Times: user=1.13 sys=0.27, real=0.15 secs] 
4996.791: [GC 4996.792: [ParNew: 345323K->25845K(353920K), 0.0550797 secs] 1335620K->1020216K(3106432K) icms_dc=4 , 0.0559122 secs] [Times: user=0.55 sys=0.03, real=0.06 secs] 
4997.641: [GC 4997.642: [ParNew: 340469K->23148K(353920K), 0.0548792 secs] 1334840K->1017518K(3106432K) icms_dc=4 , 0.0557387 secs] [Times: user=0.56 sys=0.04, real=0.06 secs] 
4998.313: [GC 4998.314: [ParNew: 337772K->34527K(353920K), 0.0611603 secs] 1332142K->1028897K(3106432K) icms_dc=4 , 0.0619710 secs] [Times: user=0.59 sys=0.03, real=0.06 secs] 
4999.204: [GC 4999.205: [ParNew: 349151K->28888K(353920K), 0.0911596 secs] 1343521K->1025696K(3106432K) icms_dc=4 , 0.0920248 secs] [Times: user=0.87 sys=0.13, real=0.09 secs] 
5000.073: [GC 5000.073: [ParNew: 343512K->28011K(353920K), 0.1100083 secs] 1340320K->1025857K(3106432K) icms_dc=4 , 0.1108194 secs] [Times: user=0.75 sys=0.07, real=0.11 secs] 
5000.846: [GC 5000.847: [ParNew: 342635K->23320K(353920K), 0.0481119 secs] 1340481K->1021167K(3106432K) icms_dc=4 , 0.0489305 secs] [Times: user=0.49 sys=0.03, real=0.05 secs] 
5001.704: [GC 5001.705: [ParNew: 337944K->24758K(353920K), 0.1163019 secs] 1335791K->1022605K(3106432K) icms_dc=4 , 0.1171234 secs] [Times: user=0.86 sys=0.21, real=0.12 secs] 
5002.508: [GC 5002.509: [ParNew: 339382K->24169K(353920K), 0.0576341 secs] 1337229K->1022015K(3106432K) icms_dc=4 , 0.0584272 secs] [Times: user=0.62 sys=0.04, real=0.06 secs] 
5003.258: [GC 5003.258: [ParNew: 338415K->30393K(353920K), 0.1299956 secs] 1336261K->1028240K(3106432K) icms_dc=4 , 0.1307772 secs] [Times: user=0.98 sys=0.25, real=0.13 secs] 
5004.175: [GC 5004.175: [ParNew: 345017K->25305K(353920K), 0.0620032 secs] 1342864K->1026027K(3106432K) icms_dc=4 , 0.0628367 secs] [Times: user=0.54 sys=0.01, real=0.06 secs] 
5004.973: [GC 5004.974: [ParNew: 339929K->21716K(353920K), 0.0440933 secs] 1340651K->1022438K(3106432K) icms_dc=4 , 0.0449052 secs] [Times: user=0.49 sys=0.05, real=0.05 secs] 
5005.830: [GC 5005.831: [ParNew: 336684K->24626K(353920K), 0.0451749 secs] 1337406K->1025348K(3106432K) icms_dc=4 , 0.0460550 secs] [Times: user=0.47 sys=0.03, real=0.05 secs] 
5005.886: [GC 5005.886: [ParNew: 24925K->25888K(353920K), 0.0357369 secs] 1025647K->1026610K(3106432K) icms_dc=4 , 0.0364603 secs] [Times: user=0.47 sys=0.05, real=0.04 secs] 
5006.801: [GC 5006.802: [ParNew: 340731K->24325K(353920K), 0.0842625 secs] 1341453K->1025047K(3106432K) icms_dc=4 , 0.0850613 secs] [Times: user=0.72 sys=0.14, real=0.09 secs] 
5007.764: [GC 5007.764: [ParNew: 338949K->21822K(353920K), 0.1692582 secs] 1339671K->1022544K(3106432K) icms_dc=4 , 0.1700305 secs] [Times: user=1.01 sys=0.31, real=0.17 secs] 
5008.994: [GC 5008.995: [ParNew: 336446K->17179K(353920K), 0.0561910 secs] 1337168K->1017901K(3106432K) icms_dc=4 , 0.0569739 secs] [Times: user=0.52 sys=0.06, real=0.06 secs] 
5010.013: [GC 5010.013: [ParNew: 331764K->20836K(353920K), 0.0708158 secs] 1332486K->1021558K(3106432K) icms_dc=4 , 0.0715932 secs] [Times: user=0.66 sys=0.06, real=0.07 secs] 
5010.944: [GC 5010.944: [ParNew: 335460K->22875K(353920K), 0.0408235 secs] 1336182K->1023597K(3106432K) icms_dc=4 , 0.0416068 secs] [Times: user=0.44 sys=0.03, real=0.04 secs] 
5012.031: [GC 5012.032: [ParNew: 337499K->21267K(353920K), 0.1204185 secs] 1338221K->1021989K(3106432K) icms_dc=4 , 0.1211984 secs] [Times: user=0.88 sys=0.21, real=0.12 secs] 
5013.071: [GC 5013.072: [ParNew: 335898K->25696K(353920K), 0.0439366 secs] 1336621K->1026418K(3106432K) icms_dc=4 , 0.0447754 secs] [Times: user=0.53 sys=0.03, real=0.05 secs] 
5013.126: [GC 5013.126: [ParNew: 26395K->25356K(353920K), 0.0338118 secs] 1027117K->1026078K(3106432K) icms_dc=4 , 0.0345058 secs] [Times: user=0.46 sys=0.04, real=0.03 secs] 
5014.075: [GC 5014.075: [ParNew: 339980K->26998K(353920K), 0.0939014 secs] 1340702K->1027720K(3106432K) icms_dc=4 , 0.0947740 secs] [Times: user=0.79 sys=0.14, real=0.10 secs] 
5014.838: [GC 5014.839: [ParNew: 341622K->29679K(353920K), 0.0934500 secs] 1342344K->1030401K(3106432K) icms_dc=4 , 0.0942268 secs] [Times: user=0.81 sys=0.14, real=0.09 secs] 
5015.751: [GC 5015.752: [ParNew: 344258K->29527K(353920K), 0.0529309 secs] 1344980K->1030249K(3106432K) icms_dc=4 , 0.0537472 secs] [Times: user=0.57 sys=0.03, real=0.07 secs] 
5016.581: [GC 5016.582: [ParNew: 344151K->25514K(353920K), 0.0490800 secs] 1344873K->1028112K(3106432K) icms_dc=4 , 0.0498948 secs] [Times: user=0.56 sys=0.02, real=0.05 secs] 
5017.361: [GC 5017.361: [ParNew: 339503K->28183K(353920K), 0.0593770 secs] 1342102K->1030782K(3106432K) icms_dc=4 , 0.0602549 secs] [Times: user=0.67 sys=0.08, real=0.06 secs] 
5018.175: [GC 5018.175: [ParNew: 342807K->29247K(353920K), 0.1192092 secs] 1345406K->1031845K(3106432K) icms_dc=4 , 0.1200203 secs] [Times: user=0.89 sys=0.19, real=0.12 secs] 
5019.094: [GC 5019.094: [ParNew: 343871K->25114K(353920K), 0.1108340 secs] 1346469K->1027713K(3106432K) icms_dc=4 , 0.1116384 secs] [Times: user=0.90 sys=0.20, real=0.11 secs] 
5019.907: [GC 5019.908: [ParNew: 339738K->29708K(353920K), 0.0505532 secs] 1342337K->1032306K(3106432K) icms_dc=4 , 0.0513517 secs] [Times: user=0.55 sys=0.02, real=0.05 secs] 
5020.709: [GC 5020.710: [ParNew: 344332K->30092K(353920K), 0.0670508 secs] 1346930K->1033911K(3106432K) icms_dc=4 , 0.0679125 secs] [Times: user=0.66 sys=0.04, real=0.07 secs] 
5021.574: [GC 5021.574: [ParNew: 344716K->29895K(353920K), 0.0506139 secs] 1348535K->1033714K(3106432K) icms_dc=4 , 0.0514186 secs] [Times: user=0.50 sys=0.02, real=0.05 secs] 
5022.381: [GC 5022.382: [ParNew: 344647K->28588K(353920K), 0.1255436 secs] 1348466K->1032406K(3106432K) icms_dc=4 , 0.1263617 secs] [Times: user=1.02 sys=0.19, real=0.13 secs] 
5022.517: [GC 5022.517: [ParNew: 29123K->28038K(353920K), 0.0450341 secs] 1032942K->1034146K(3106432K) icms_dc=4 , 0.0457347 secs] [Times: user=0.56 sys=0.04, real=0.05 secs] 
5023.346: [GC 5023.347: [ParNew: 342662K->26254K(353920K), 0.0488858 secs] 1348770K->1032362K(3106432K) icms_dc=4 , 0.0497052 secs] [Times: user=0.52 sys=0.04, real=0.05 secs] 
5024.155: [GC 5024.156: [ParNew: 340878K->27581K(353920K), 0.0659993 secs] 1346986K->1033689K(3106432K) icms_dc=4 , 0.0668046 secs] [Times: user=0.58 sys=0.03, real=0.07 secs] 
5025.142: [GC 5025.143: [ParNew: 342205K->26787K(353920K), 0.1428513 secs] 1348313K->1032895K(3106432K) icms_dc=4 , 0.1436824 secs] [Times: user=0.91 sys=0.18, real=0.14 secs] 
5026.104: [GC 5026.104: [ParNew: 341411K->28385K(353920K), 0.0510454 secs] 1347519K->1035281K(3106432K) icms_dc=4 , 0.0518463 secs] [Times: user=0.58 sys=0.04, real=0.05 secs] 
5027.079: [GC 5027.080: [ParNew: 343002K->30823K(353920K), 0.1408134 secs] 1349898K->1037719K(3106432K) icms_dc=4 , 0.1416474 secs] [Times: user=0.96 sys=0.19, real=0.14 secs] 
5028.065: [GC 5028.066: [ParNew: 345447K->29140K(353920K), 0.0972266 secs] 1352343K->1036409K(3106432K) icms_dc=4 , 0.0980545 secs] [Times: user=0.87 sys=0.14, real=0.10 secs] 
5028.959: [GC 5028.960: [ParNew: 343996K->35217K(353920K), 0.0635055 secs] 1351265K->1042486K(3106432K) icms_dc=4 , 0.0643282 secs] [Times: user=0.64 sys=0.05, real=0.06 secs] 
5029.817: [GC 5029.817: [ParNew: 349841K->23656K(353920K), 0.0559471 secs] 1357110K->1032669K(3106432K) icms_dc=4 , 0.0567653 secs] [Times: user=0.62 sys=0.03, real=0.06 secs] 
5030.539: [GC 5030.539: [ParNew: 338870K->29809K(353920K), 0.1114994 secs] 1347883K->1038821K(3106432K) icms_dc=4 , 0.1123339 secs] [Times: user=0.98 sys=0.19, real=0.11 secs] 
5030.661: [GC 5030.662: [ParNew: 30767K->29188K(353920K), 0.0377578 secs] 1039780K->1038866K(3106432K) icms_dc=4 , 0.0384806 secs] [Times: user=0.49 sys=0.03, real=0.04 secs] 
5031.487: [GC 5031.488: [ParNew: 343812K->32617K(353920K), 0.1847389 secs] 1353490K->1042295K(3106432K) icms_dc=4 , 0.1855974 secs] [Times: user=1.16 sys=0.31, real=0.19 secs] 
5032.451: [GC 5032.451: [ParNew: 347241K->28962K(353920K), 0.0972869 secs] 1356919K->1039638K(3106432K) icms_dc=4 , 0.0981158 secs] [Times: user=0.79 sys=0.10, real=0.10 secs] 
5033.233: [GC 5033.233: [ParNew: 343586K->28860K(353920K), 0.0582007 secs] 1354262K->1041421K(3106432K) icms_dc=4 , 0.0590439 secs] [Times: user=0.55 sys=0.03, real=0.06 secs] 
5034.057: [GC 5034.057: [ParNew: 343484K->23367K(353920K), 0.0763717 secs] 1356045K->1035928K(3106432K) icms_dc=4 , 0.0772347 secs] [Times: user=0.66 sys=0.08, real=0.08 secs] 
5034.798: [GC 5034.799: [ParNew: 337991K->26917K(353920K), 0.1259429 secs] 1350552K->1039479K(3106432K) icms_dc=4 , 0.1268194 secs] [Times: user=1.08 sys=0.25, real=0.13 secs] 
5035.719: [GC 5035.719: [ParNew: 341541K->33393K(353920K), 0.0533214 secs] 1354103K->1045955K(3106432K) icms_dc=4 , 0.0541943 secs] [Times: user=0.60 sys=0.03, real=0.05 secs] 
5036.511: [GC 5036.511: [ParNew: 348157K->30680K(353920K), 0.1274539 secs] 1360718K->1045768K(3106432K) icms_dc=4 , 0.1282677 secs] [Times: user=1.02 sys=0.19, real=0.13 secs] 
5036.648: [GC 5036.649: [ParNew: 31167K->23877K(353920K), 0.0394250 secs] 1046256K->1038966K(3106432K) icms_dc=4 , 0.0401425 secs] [Times: user=0.46 sys=0.03, real=0.04 secs] 
5037.343: [GC 5037.343: [ParNew: 338501K->29652K(353920K), 0.1239857 secs] 1353590K->1044741K(3106432K) icms_dc=4 , 0.1248479 secs] [Times: user=0.76 sys=0.10, real=0.13 secs] 
5038.134: [GC 5038.135: [ParNew: 344276K->35160K(353920K), 0.0476602 secs] 1359365K->1050883K(3106432K) icms_dc=4 , 0.0485063 secs] [Times: user=0.60 sys=0.04, real=0.05 secs] 
5038.948: [GC 5038.949: [ParNew: 349784K->25342K(353920K), 0.0461255 secs] 1365507K->1044675K(3106432K) icms_dc=4 , 0.0469499 secs] [Times: user=0.50 sys=0.02, real=0.05 secs] 
5039.770: [GC 5039.771: [ParNew: 339966K->28760K(353920K), 0.0937301 secs] 1359299K->1048092K(3106432K) icms_dc=4 , 0.0945378 secs] [Times: user=0.80 sys=0.16, real=0.09 secs] 
5040.663: [GC 5040.663: [ParNew: 343384K->26668K(353920K), 0.0570216 secs] 1362716K->1046000K(3106432K) icms_dc=4 , 0.0578815 secs] [Times: user=0.51 sys=0.05, real=0.06 secs] 
5041.537: [GC 5041.538: [ParNew: 341292K->22395K(353920K), 0.0985304 secs] 1360624K->1041728K(3106432K) icms_dc=4 , 0.0993573 secs] [Times: user=0.72 sys=0.12, real=0.10 secs] 
5042.451: [GC 5042.451: [ParNew: 337019K->27504K(353920K), 0.0563407 secs] 1356352K->1046836K(3106432K) icms_dc=4 , 0.0571878 secs] [Times: user=0.53 sys=0.03, real=0.06 secs] 
5043.238: [GC 5043.239: [ParNew: 342128K->27987K(353920K), 0.0976132 secs] 1361460K->1047320K(3106432K) icms_dc=4 , 0.0984718 secs] [Times: user=0.87 sys=0.17, real=0.10 secs] 
5044.192: [GC 5044.192: [ParNew: 342670K->27475K(353920K), 0.0769541 secs] 1362003K->1047517K(3106432K) icms_dc=4 , 0.0777788 secs] [Times: user=0.63 sys=0.07, real=0.08 secs] 
5044.279: [GC 5044.280: [ParNew: 28077K->27926K(353920K), 0.0380367 secs] 1048119K->1047968K(3106432K) icms_dc=4 , 0.0387657 secs] [Times: user=0.47 sys=0.03, real=0.04 secs] 
5045.008: [GC 5045.009: [ParNew: 342597K->30805K(353920K), 0.0660448 secs] 1362638K->1050847K(3106432K) icms_dc=4 , 0.0668437 secs] [Times: user=0.66 sys=0.07, real=0.07 secs] 
5045.085: [GC 5045.086: [ParNew: 32196K->29566K(353920K), 0.0584091 secs] 1052237K->1049608K(3106432K) icms_dc=4 , 0.0591062 secs] [Times: user=0.66 sys=0.10, real=0.06 secs] 
5045.924: [GC 5045.925: [ParNew: 344681K->29364K(353920K), 0.0830553 secs] 1364722K->1049406K(3106432K) icms_dc=4 , 0.0838951 secs] [Times: user=0.70 sys=0.09, real=0.08 secs] 
5046.018: [GC 5046.018: [ParNew: 30165K->25329K(353920K), 0.0432946 secs] 1050207K->1047733K(3106432K) icms_dc=4 , 0.0440627 secs] [Times: user=0.50 sys=0.03, real=0.04 secs] 
5047.015: [GC 5047.016: [ParNew: 340154K->27686K(353920K), 0.0722842 secs] 1362557K->1050089K(3106432K) icms_dc=4 , 0.0732382 secs] [Times: user=0.62 sys=0.06, real=0.07 secs] 
5047.098: [GC 5047.098: [ParNew: 28316K->27120K(353920K), 0.0394950 secs] 1050720K->1049524K(3106432K) icms_dc=4 , 0.0402055 secs] [Times: user=0.47 sys=0.03, real=0.04 secs] 
5047.890: [GC 5047.891: [ParNew: 342611K->34214K(353920K), 0.1477657 secs] 1365015K->1056617K(3106432K) icms_dc=4 , 0.1486213 secs] [Times: user=0.77 sys=0.12, real=0.15 secs] 
5048.050: [GC 5048.050: [ParNew: 35085K->26998K(353920K), 0.0912343 secs] 1057489K->1050922K(3106432K) icms_dc=4 , 0.0919896 secs] [Times: user=0.61 sys=0.07, real=0.09 secs] 
5048.918: [GC 5048.918: [ParNew: 341622K->23818K(353920K), 0.1288953 secs] 1365546K->1047742K(3106432K) icms_dc=4 , 0.1297583 secs] [Times: user=0.99 sys=0.26, real=0.13 secs] 
5049.899: [GC 5049.913: [ParNew: 338442K->25279K(353920K), 0.0532874 secs] 1362366K->1049204K(3106432K) icms_dc=4 , 0.0541230 secs] [Times: user=0.55 sys=0.05, real=0.07 secs] 
5050.797: [GC 5050.797: [ParNew: 339903K->33602K(353920K), 0.1442981 secs] 1363828K->1057526K(3106432K) icms_dc=4 , 0.1451239 secs] [Times: user=0.87 sys=0.15, real=0.15 secs] 
5051.662: [GC 5051.662: [ParNew: 348098K->31124K(353920K), 0.0798931 secs] 1372023K->1058491K(3106432K) icms_dc=4 , 0.0808105 secs] [Times: user=0.75 sys=0.06, real=0.08 secs] 
5052.559: [GC 5052.560: [ParNew: 345681K->31779K(353920K), 0.1174826 secs] 1373049K->1059934K(3106432K) icms_dc=4 , 0.1183166 secs] [Times: user=0.93 sys=0.18, real=0.12 secs] 
5053.441: [GC 5053.441: [ParNew: 346403K->28092K(353920K), 0.0800977 secs] 1374558K->1059366K(3106432K) icms_dc=4 , 0.0809736 secs] [Times: user=0.75 sys=0.09, real=0.08 secs] 
5054.233: [GC 5054.233: [ParNew: 342750K->33381K(353920K), 0.0912673 secs] 1374024K->1064655K(3106432K) icms_dc=4 , 0.0920919 secs] [Times: user=0.85 sys=0.14, real=0.09 secs] 
5054.335: [GC 5054.336: [ParNew: 34427K->27855K(353920K), 0.0638380 secs] 1065701K->1067640K(3106432K) icms_dc=4 , 0.0645563 secs] [Times: user=0.60 sys=0.04, real=0.06 secs] 
5055.088: [GC 5055.088: [ParNew: 342445K->33911K(353920K), 0.1345927 secs] 1382229K->1073696K(3106432K) icms_dc=4 , 0.1354170 secs] [Times: user=1.04 sys=0.14, real=0.14 secs] 
5056.064: [GC 5056.065: [ParNew: 348535K->22759K(353920K), 0.0691449 secs] 1388320K->1071832K(3106432K) icms_dc=5 , 0.0700839 secs] [Times: user=0.62 sys=0.03, real=0.07 secs] 
5056.939: [GC 5056.939: [ParNew: 337383K->22571K(353920K), 0.0701602 secs] 1386456K->1071643K(3106432K) icms_dc=5 , 0.0710582 secs] [Times: user=0.63 sys=0.07, real=0.07 secs] 
5057.724: [GC 5057.725: [ParNew: 337195K->25381K(353920K), 0.0458813 secs] 1386267K->1074454K(3106432K) icms_dc=5 , 0.0466871 secs] [Times: user=0.51 sys=0.04, real=0.05 secs] 
5058.670: [GC 5058.670: [ParNew: 340005K->24600K(353920K), 0.0506422 secs] 1389078K->1073673K(3106432K) icms_dc=5 , 0.0514503 secs] [Times: user=0.49 sys=0.03, real=0.05 secs] 
5059.507: [GC 5059.507: [ParNew: 339297K->32522K(353920K), 0.1515766 secs] 1388370K->1081595K(3106432K) icms_dc=5 , 0.1524351 secs] [Times: user=0.90 sys=0.18, real=0.15 secs] 
5059.671: [GC 5059.671: [ParNew: 34249K->29970K(353920K), 0.1001553 secs] 1083322K->1081201K(3106432K) icms_dc=5 , 0.1008972 secs] [Times: user=0.82 sys=0.16, real=0.10 secs] 
5060.546: [GC 5060.547: [ParNew: 344594K->24867K(353920K), 0.0524180 secs] 1395825K->1076098K(3106432K) icms_dc=5 , 0.0532389 secs] [Times: user=0.51 sys=0.03, real=0.05 secs] 
5061.366: [GC 5061.367: [ParNew: 339491K->31064K(353920K), 0.0744528 secs] 1390722K->1082295K(3106432K) icms_dc=5 , 0.0753339 secs] [Times: user=0.71 sys=0.08, real=0.08 secs] 
5062.200: [GC 5062.201: [ParNew: 345918K->28142K(353920K), 0.1291559 secs] 1397150K->1081438K(3106432K) icms_dc=5 , 0.1300171 secs] [Times: user=0.99 sys=0.17, real=0.13 secs] 
5062.340: [GC 5062.341: [ParNew: 29350K->24510K(353920K), 0.0397094 secs] 1082647K->1079162K(3106432K) icms_dc=5 , 0.0404359 secs] [Times: user=0.50 sys=0.03, real=0.04 secs] 
5063.184: [GC 5063.185: [ParNew: 339134K->23655K(353920K), 0.0409072 secs] 1393786K->1078306K(3106432K) icms_dc=5 , 0.0417574 secs] [Times: user=0.52 sys=0.05, real=0.04 secs] 
5064.050: [GC 5064.051: [ParNew: 338279K->30589K(353920K), 0.1123570 secs] 1392930K->1085240K(3106432K) icms_dc=5 , 0.1131545 secs] [Times: user=0.88 sys=0.17, real=0.11 secs] 
5064.850: [GC 5064.851: [ParNew: 345213K->29923K(353920K), 0.1347689 secs] 1399864K->1085142K(3106432K) icms_dc=5 , 0.1355696 secs] [Times: user=1.10 sys=0.24, real=0.14 secs] 
5065.846: [GC 5065.846: [ParNew: 344547K->27719K(353920K), 0.0508468 secs] 1399766K->1083447K(3106432K) icms_dc=5 , 0.0516984 secs] [Times: user=0.53 sys=0.05, real=0.05 secs] 
5066.604: [GC 5066.604: [ParNew: 342343K->26298K(353920K), 0.0571452 secs] 1398071K->1082759K(3106432K) icms_dc=5 , 0.0579900 secs] [Times: user=0.53 sys=0.03, real=0.06 secs] 
5067.471: [GC 5067.472: [ParNew: 341015K->23887K(353920K), 0.0669716 secs] 1397476K->1081527K(3106432K) icms_dc=5 , 0.0677619 secs] [Times: user=0.64 sys=0.08, real=0.07 secs] 
5068.222: [GC 5068.222: [ParNew: 338827K->27594K(353920K), 0.1080672 secs] 1396466K->1085234K(3106432K) icms_dc=5 , 0.1088899 secs] [Times: user=0.88 sys=0.16, real=0.11 secs] 
5068.341: [GC 5068.341: [ParNew: 28400K->25247K(353920K), 0.0768788 secs] 1086039K->1082886K(3106432K) icms_dc=5 , 0.0775297 secs] [Times: user=0.66 sys=0.12, real=0.08 secs] 
5069.168: [GC 5069.168: [ParNew: 339871K->27678K(353920K), 0.0469284 secs] 1397510K->1085318K(3106432K) icms_dc=5 , 0.0477472 secs] [Times: user=0.51 sys=0.03, real=0.05 secs] 
5070.051: [GC 5070.051: [ParNew: 342302K->23328K(353920K), 0.0937936 secs] 1399942K->1080967K(3106432K) icms_dc=5 , 0.0946095 secs] [Times: user=0.72 sys=0.14, real=0.09 secs] 
5070.859: [GC 5070.860: [ParNew: 337952K->28397K(353920K), 0.0877890 secs] 1395591K->1086036K(3106432K) icms_dc=5 , 0.0886006 secs] [Times: user=0.60 sys=0.05, real=0.09 secs] 
5071.645: [GC 5071.645: [ParNew: 342934K->30034K(353920K), 0.0749456 secs] 1400573K->1087673K(3106432K) icms_dc=5 , 0.0757229 secs] [Times: user=0.68 sys=0.10, real=0.08 secs] 
5072.597: [GC 5072.598: [ParNew: 344658K->23691K(353920K), 0.0684878 secs] 1402297K->1084075K(3106432K) icms_dc=5 , 0.0692846 secs] [Times: user=0.65 sys=0.06, real=0.07 secs] 
5073.511: [GC 5073.511: [ParNew: 338315K->25803K(353920K), 0.1128713 secs] 1398699K->1086187K(3106432K) icms_dc=5 , 0.1136812 secs] [Times: user=0.83 sys=0.14, real=0.11 secs] 
5074.643: [GC 5074.643: [ParNew: 340427K->24098K(353920K), 0.0519585 secs] 1400811K->1085001K(3106432K) icms_dc=5 , 0.0527697 secs] [Times: user=0.49 sys=0.03, real=0.05 secs] 
5075.628: [GC 5075.629: [ParNew: 339135K->30640K(353920K), 0.0898999 secs] 1400037K->1091543K(3106432K) icms_dc=5 , 0.0906858 secs] [Times: user=0.67 sys=0.11, real=0.09 secs] 
5075.849: [GC 5075.849: [ParNew: 31239K->24593K(353920K), 0.0321245 secs] 1092142K->1085495K(3106432K) icms_dc=5 , 0.0328152 secs] [Times: user=0.45 sys=0.04, real=0.03 secs] 
5076.984: [GC 5076.984: [ParNew: 339217K->25995K(353920K), 0.0713224 secs] 1400119K->1086898K(3106432K) icms_dc=5 , 0.0721452 secs] [Times: user=0.65 sys=0.08, real=0.07 secs] 
5078.103: [GC 5078.104: [ParNew: 340619K->30309K(353920K), 0.0883232 secs] 1401522K->1091211K(3106432K) icms_dc=5 , 0.0891243 secs] [Times: user=0.64 sys=0.02, real=0.09 secs] 
5078.834: [GC 5078.834: [ParNew: 344933K->32426K(353920K), 0.1137566 secs] 1405835K->1094144K(3106432K) icms_dc=5 , 0.1145392 secs] [Times: user=0.99 sys=0.21, real=0.11 secs] 
5079.741: [GC 5079.742: [ParNew: 347050K->29642K(353920K), 0.1204645 secs] 1408768K->1094029K(3106432K) icms_dc=5 , 0.1212767 secs] [Times: user=0.99 sys=0.18, real=0.12 secs] 
5080.725: [GC 5080.726: [ParNew: 344266K->26726K(353920K), 0.0685137 secs] 1408653K->1093414K(3106432K) icms_dc=5 , 0.0693458 secs] [Times: user=0.61 sys=0.05, real=0.07 secs] 
5081.741: [GC 5081.742: [ParNew: 341350K->26142K(353920K), 0.1587020 secs] 1408038K->1092830K(3106432K) icms_dc=5 , 0.1595552 secs] [Times: user=1.09 sys=0.30, real=0.16 secs] 
5082.608: [GC 5082.609: [ParNew: 340766K->26811K(353920K), 0.1170081 secs] 1407454K->1093498K(3106432K) icms_dc=5 , 0.1178773 secs] [Times: user=0.95 sys=0.19, real=0.12 secs] 
5083.447: [GC 5083.447: [ParNew: 341435K->30823K(353920K), 0.0550529 secs] 1408122K->1099690K(3106432K) icms_dc=5 , 0.0558796 secs] [Times: user=0.53 sys=0.03, real=0.06 secs] 
5084.190: [GC 5084.191: [ParNew: 345447K->32672K(353920K), 0.1163110 secs] 1414314K->1104479K(3106432K) icms_dc=5 , 0.1171203 secs] [Times: user=1.03 sys=0.18, real=0.12 secs] 
5085.000: [GC 5085.001: [ParNew: 347323K->31334K(353920K), 0.0957502 secs] 1419130K->1105061K(3106432K) icms_dc=5 , 0.0965780 secs] [Times: user=0.80 sys=0.13, real=0.10 secs] 
5085.106: [GC 5085.107: [ParNew: 31996K->28041K(353920K), 0.0644617 secs] 1105723K->1104743K(3106432K) icms_dc=5 , 0.0651551 secs] [Times: user=0.61 sys=0.10, real=0.07 secs] 
5085.870: [GC 5085.870: [ParNew: 342665K->25462K(353920K), 0.0460412 secs] 1419367K->1102165K(3106432K) icms_dc=5 , 0.0590894 secs] [Times: user=0.53 sys=0.03, real=0.06 secs] 
5086.651: [GC 5086.652: [ParNew: 340086K->30587K(353920K), 0.0447301 secs] 1416789K->1109248K(3106432K) icms_dc=5 , 0.0455384 secs] [Times: user=0.52 sys=0.03, real=0.05 secs] 
5087.414: [GC 5087.415: [ParNew: 345191K->29839K(353920K), 0.1011077 secs] 1423852K->1110638K(3106432K) icms_dc=5 , 0.1018906 secs] [Times: user=0.88 sys=0.14, real=0.10 secs] 
5088.302: [GC 5088.302: [ParNew: 344463K->21499K(353920K), 0.1102541 secs] 1425262K->1104551K(3106432K) icms_dc=5 , 0.1110628 secs] [Times: user=0.76 sys=0.18, real=0.11 secs] 
5089.185: [GC 5089.185: [ParNew: 336123K->24250K(353920K), 0.0969984 secs] 1419175K->1107302K(3106432K) icms_dc=5 , 0.0978074 secs] [Times: user=0.71 sys=0.16, real=0.10 secs] 
5090.171: [GC 5090.171: [ParNew: 338874K->23170K(353920K), 0.0446920 secs] 1421926K->1106221K(3106432K) icms_dc=5 , 0.0458153 secs] [Times: user=0.43 sys=0.04, real=0.05 secs] 
5091.036: [GC 5091.037: [ParNew: 337525K->26426K(353920K), 0.0432893 secs] 1420577K->1109478K(3106432K) icms_dc=5 , 0.0441066 secs] [Times: user=0.43 sys=0.04, real=0.04 secs] 
5091.912: [GC 5091.912: [ParNew: 341050K->26979K(353920K), 0.1060717 secs] 1424102K->1110031K(3106432K) icms_dc=5 , 0.1068586 secs] [Times: user=0.81 sys=0.15, real=0.11 secs] 
5092.819: [GC 5092.820: [ParNew: 341603K->24440K(353920K), 0.0610829 secs] 1424655K->1107491K(3106432K) icms_dc=5 , 0.0618557 secs] [Times: user=0.60 sys=0.07, real=0.06 secs] 
5093.848: [GC 5093.848: [ParNew: 339064K->28298K(353920K), 0.0951231 secs] 1422115K->1111349K(3106432K) icms_dc=5 , 0.0959109 secs] [Times: user=0.70 sys=0.11, real=0.10 secs] 
5094.261: [CMS-concurrent-preclean: 3.738/102.385 secs] [Times: user=2490.89 sys=72.29, real=102.39 secs] 
5094.262: [CMS-concurrent-abortable-preclean-start]
5094.834: [GC 5094.835: [ParNew: 343079K->29876K(353920K), 0.0721339 secs] 1426131K->1112928K(3106432K) icms_dc=5 , 0.0728971 secs] [Times: user=0.67 sys=0.08, real=0.07 secs] 
5094.917: [GC 5094.918: [ParNew: 31024K->26773K(353920K), 0.0415517 secs] 1114076K->1112265K(3106432K) icms_dc=5 , 0.0422380 secs] [Times: user=0.50 sys=0.03, real=0.04 secs] 
5095.712: [GC 5095.713: [ParNew: 341397K->32266K(353920K), 0.0917637 secs] 1426889K->1117757K(3106432K) icms_dc=5 , 0.0925779 secs] [Times: user=0.71 sys=0.09, real=0.09 secs] 
5096.471: [GC 5096.472: [ParNew: 346890K->34906K(353920K), 0.0991294 secs] 1432381K->1121083K(3106432K) icms_dc=5 , 0.0999391 secs] [Times: user=0.97 sys=0.16, real=0.10 secs] 
5097.269: [GC 5097.269: [ParNew: 349530K->30600K(353920K), 0.0529337 secs] 1435707K->1119180K(3106432K) icms_dc=5 , 0.0537848 secs] [Times: user=0.57 sys=0.03, real=0.05 secs] 
5097.675: [CMS-concurrent-abortable-preclean: 0.138/3.413 secs] [Times: user=84.83 sys=2.35, real=3.41 secs] 
5097.686: [GC[YG occupancy: 188409 K (353920 K)]5097.686: [Rescan (parallel) , 0.6506124 secs]5098.337: [weak refs processing, 0.0059629 secs] [1 CMS-remark: 1088579K(2752512K)] 1276989K(3106432K), 0.6571947 secs] [Times: user=4.13 sys=1.53, real=0.66 secs] 
5098.344: [CMS-concurrent-sweep-start]
5098.694: [GC 5098.695: [ParNew: 345224K->32435K(353920K), 0.0923432 secs] 1433798K->1121884K(3106432K) icms_dc=5 , 0.0931682 secs] [Times: user=0.87 sys=0.13, real=0.09 secs] 
5099.586: [GC 5099.586: [ParNew: 347059K->24320K(353920K), 0.0566333 secs] 1436493K->1116497K(3106432K) icms_dc=5 , 0.0574674 secs] [Times: user=0.51 sys=0.02, real=0.06 secs] 
5100.457: [GC 5100.458: [ParNew: 338858K->27120K(353920K), 0.1227127 secs] 1431021K->1119284K(3106432K) icms_dc=5 , 0.1235439 secs] [Times: user=1.04 sys=0.19, real=0.12 secs] 
5101.210: [GC 5101.211: [ParNew: 341744K->31641K(353920K), 0.0454932 secs] 1433902K->1123799K(3106432K) icms_dc=5 , 0.0463292 secs] [Times: user=0.54 sys=0.03, real=0.05 secs] 
5101.999: [GC 5101.999: [ParNew: 346265K->32511K(353920K), 0.1246674 secs] 1438413K->1127680K(3106432K) icms_dc=5 , 0.1254955 secs] [Times: user=1.00 sys=0.20, real=0.13 secs] 
5102.841: [GC 5102.841: [ParNew: 347135K->24643K(353920K), 0.0525370 secs] 1442297K->1123025K(3106432K) icms_dc=5 , 0.0533696 secs] [Times: user=0.57 sys=0.04, real=0.05 secs] 
5103.670: [GC 5103.670: [ParNew: 339347K->31710K(353920K), 0.0942355 secs] 1437706K->1130068K(3106432K) icms_dc=5 , 0.0950795 secs] [Times: user=0.76 sys=0.06, real=0.10 secs] 
5103.775: [GC 5103.776: [ParNew: 32301K->27163K(353920K), 0.0455648 secs] 1130659K->1126689K(3106432K) icms_dc=5 , 0.0462842 secs] [Times: user=0.52 sys=0.03, real=0.05 secs] 
5104.492: [GC 5104.493: [ParNew: 341787K->30663K(353920K), 0.0635685 secs] 1441306K->1130182K(3106432K) icms_dc=5 , 0.0644102 secs] [Times: user=0.66 sys=0.05, real=0.06 secs] 
5105.291: [GC 5105.292: [ParNew: 345287K->26092K(353920K), 0.0794834 secs] 1444801K->1125607K(3106432K) icms_dc=5 , 0.0803271 secs] [Times: user=0.77 sys=0.11, real=0.08 secs] 
5106.109: [GC 5106.110: [ParNew: 340716K->30811K(353920K), 0.1697920 secs] 1440212K->1131797K(3106432K) icms_dc=5 , 0.1706142 secs] [Times: user=1.02 sys=0.21, real=0.17 secs] 
5106.974: [GC 5106.975: [ParNew: 346408K->33849K(353920K), 0.1243687 secs] 1447380K->1136128K(3106432K) icms_dc=5 , 0.1251932 secs] [Times: user=1.02 sys=0.20, real=0.13 secs] 
5107.802: [GC 5107.803: [ParNew: 348473K->30436K(353920K), 0.2086696 secs] 1450750K->1136020K(3106432K) icms_dc=5 , 0.2094638 secs] [Times: user=1.29 sys=0.32, real=0.21 secs] 
5108.739: [GC 5108.739: [ParNew: 345325K->25087K(353920K), 0.0696757 secs] 1450906K->1130668K(3106432K) icms_dc=5 , 0.0704922 secs] [Times: user=0.71 sys=0.09, real=0.07 secs] 
5109.602: [GC 5109.602: [ParNew: 339711K->26018K(353920K), 0.1220171 secs] 1445257K->1133803K(3106432K) icms_dc=5 , 0.1228309 secs] [Times: user=0.90 sys=0.19, real=0.12 secs] 
5110.485: [GC 5110.485: [ParNew: 340642K->25579K(353920K), 0.0972132 secs] 1448421K->1133358K(3106432K) icms_dc=5 , 0.0980385 secs] [Times: user=0.79 sys=0.15, real=0.10 secs] 
5111.307: [GC 5111.308: [ParNew: 340096K->30306K(353920K), 0.0945802 secs] 1447872K->1138082K(3106432K) icms_dc=5 , 0.0953913 secs] [Times: user=0.70 sys=0.09, real=0.10 secs] 
5112.130: [GC 5112.130: [ParNew: 344930K->29287K(353920K), 0.1255482 secs] 1452699K->1139183K(3106432K) icms_dc=5 , 0.1263886 secs] [Times: user=0.96 sys=0.21, real=0.13 secs] 
5113.018: [GC 5113.019: [ParNew: 343911K->30480K(353920K), 0.1045794 secs] 1453795K->1142310K(3106432K) icms_dc=5 , 0.1053870 secs] [Times: user=0.83 sys=0.13, real=0.11 secs] 
5113.788: [GC 5113.789: [ParNew: 345104K->24582K(353920K), 0.1099801 secs] 1456921K->1136400K(3106432K) icms_dc=5 , 0.1107812 secs] [Times: user=0.89 sys=0.19, real=0.11 secs] 
5114.644: [GC 5114.645: [ParNew: 339206K->28878K(353920K), 0.0744513 secs] 1450989K->1140661K(3106432K) icms_dc=5 , 0.0752894 secs] [Times: user=0.71 sys=0.10, real=0.08 secs] 
5115.446: [GC 5115.447: [ParNew: 343502K->32524K(353920K), 0.0492331 secs] 1455249K->1144271K(3106432K) icms_dc=5 , 0.0500916 secs] [Times: user=0.59 sys=0.03, real=0.05 secs] 
5116.138: [GC 5116.139: [ParNew: 347148K->27907K(353920K), 0.0485557 secs] 1458881K->1144390K(3106432K) icms_dc=5 , 0.0493700 secs] [Times: user=0.51 sys=0.02, real=0.05 secs] 
5116.960: [GC 5116.960: [ParNew: 342531K->23975K(353920K), 0.0506879 secs] 1458922K->1141232K(3106432K) icms_dc=5 , 0.0514829 secs] [Times: user=0.48 sys=0.03, real=0.05 secs] 
5117.812: [GC 5117.812: [ParNew: 338618K->21156K(353920K), 0.0493177 secs] 1455687K->1138225K(3106432K) icms_dc=5 , 0.0501136 secs] [Times: user=0.44 sys=0.03, real=0.05 secs] 
5117.872: [GC 5117.872: [ParNew: 21485K->22641K(353920K), 0.0354379 secs] 1138554K->1139710K(3106432K) icms_dc=5 , 0.0361227 secs] [Times: user=0.40 sys=0.03, real=0.04 secs] 
5118.738: [GC 5118.739: [ParNew: 337265K->26085K(353920K), 0.0879838 secs] 1454225K->1143045K(3106432K) icms_dc=5 , 0.0887428 secs] [Times: user=0.73 sys=0.13, real=0.09 secs] 
5119.470: [GC 5119.470: [ParNew: 340655K->27562K(353920K), 0.0419647 secs] 1457585K->1144492K(3106432K) icms_dc=5 , 0.0427165 secs] [Times: user=0.47 sys=0.03, real=0.04 secs] 
5120.307: [GC 5120.308: [ParNew: 342186K->27748K(353920K), 0.1223229 secs] 1459108K->1144670K(3106432K) icms_dc=5 , 0.1428625 secs] [Times: user=0.91 sys=0.21, real=0.14 secs] 
5121.168: [GC 5121.169: [ParNew: 342372K->27545K(353920K), 0.0826382 secs] 1459288K->1144462K(3106432K) icms_dc=5 , 0.0834258 secs] [Times: user=0.65 sys=0.08, real=0.08 secs] 
5121.896: [GC 5121.896: [ParNew: 342169K->30147K(353920K), 0.1181438 secs] 1459078K->1147055K(3106432K) icms_dc=5 , 0.1189437 secs] [Times: user=1.04 sys=0.21, real=0.12 secs] 
5122.792: [GC 5122.793: [ParNew: 344763K->24554K(353920K), 0.0428651 secs] 1461668K->1141460K(3106432K) icms_dc=5 , 0.0436491 secs] [Times: user=0.47 sys=0.03, real=0.04 secs] 
5123.674: [GC 5123.674: [ParNew: 338958K->27894K(353920K), 0.0464604 secs] 1455779K->1144715K(3106432K) icms_dc=5 , 0.0472113 secs] [Times: user=0.44 sys=0.02, real=0.05 secs] 
5124.537: [GC 5124.538: [ParNew: 342518K->28485K(353920K), 0.0780833 secs] 1459279K->1145246K(3106432K) icms_dc=5 , 0.0788759 secs] [Times: user=0.74 sys=0.12, real=0.08 secs] 
5125.393: [GC 5125.394: [ParNew: 343109K->32601K(353920K), 0.0546733 secs] 1459817K->1149309K(3106432K) icms_dc=5 , 0.0554695 secs] [Times: user=0.50 sys=0.01, real=0.06 secs] 
5126.180: [GC 5126.181: [ParNew: 347225K->27511K(353920K), 0.0545957 secs] 1463878K->1146613K(3106432K) icms_dc=5 , 0.0553938 secs] [Times: user=0.60 sys=0.04, real=0.06 secs] 
5127.038: [GC 5127.039: [ParNew: 342135K->23099K(353920K), 0.0700736 secs] 1461168K->1144543K(3106432K) icms_dc=5 , 0.0708649 secs] [Times: user=0.63 sys=0.08, real=0.07 secs] 
5128.105: [GC 5128.106: [ParNew: 337723K->25308K(353920K), 0.0520992 secs] 1459134K->1146719K(3106432K) icms_dc=5 , 0.0529225 secs] [Times: user=0.54 sys=0.04, real=0.05 secs] 
5129.302: [GC 5129.302: [ParNew: 339932K->34008K(353920K), 0.1328739 secs] 1461310K->1155385K(3106432K) icms_dc=5 , 0.1337179 secs] [Times: user=1.08 sys=0.19, real=0.13 secs] 
5130.707: [GC 5130.707: [ParNew: 348632K->27174K(353920K), 0.1644292 secs] 1469993K->1150706K(3106432K) icms_dc=5 , 0.1652815 secs] [Times: user=1.12 sys=0.26, real=0.17 secs] 
5132.099: [GC 5132.100: [ParNew: 342197K->25820K(353920K), 0.1085517 secs] 1465699K->1149322K(3106432K) icms_dc=5 , 0.1094078 secs] [Times: user=0.72 sys=0.06, real=0.11 secs] 
5133.295: [GC 5133.295: [ParNew: 340508K->26627K(353920K), 0.0625569 secs] 1464009K->1150128K(3106432K) icms_dc=5 , 0.0633596 secs] [Times: user=0.65 sys=0.05, real=0.06 secs] 
5133.368: [GC 5133.369: [ParNew: 27644K->28909K(353920K), 0.0393744 secs] 1151145K->1152410K(3106432K) icms_dc=5 , 0.0400789 secs] [Times: user=0.50 sys=0.02, real=0.04 secs] 
5134.085: [GC 5134.086: [ParNew: 343533K->33875K(353920K), 0.1072138 secs] 1467026K->1157368K(3106432K) icms_dc=5 , 0.1080541 secs] [Times: user=0.89 sys=0.16, real=0.11 secs] 
5134.942: [GC 5134.943: [ParNew: 348499K->31658K(353920K), 0.1253358 secs] 1471979K->1158669K(3106432K) icms_dc=5 , 0.1261675 secs] [Times: user=1.08 sys=0.18, real=0.13 secs] 
5135.800: [GC 5135.801: [ParNew: 346133K->26593K(353920K), 0.0509556 secs] 1473073K->1156118K(3106432K) icms_dc=5 , 0.0518173 secs] [Times: user=0.54 sys=0.02, real=0.05 secs] 
5136.635: [GC 5136.635: [ParNew: 341217K->29677K(353920K), 0.0740230 secs] 1470675K->1159135K(3106432K) icms_dc=5 , 0.0748655 secs] [Times: user=0.75 sys=0.07, real=0.08 secs] 
5137.482: [GC 5137.482: [ParNew: 344301K->31156K(353920K), 0.1132838 secs] 1473648K->1161353K(3106432K) icms_dc=5 , 0.1142107 secs] [Times: user=0.91 sys=0.16, real=0.11 secs] 
5138.248: [GC 5138.249: [ParNew: 345780K->32230K(353920K), 0.0954682 secs] 1475925K->1162374K(3106432K) icms_dc=5 , 0.0962994 secs] [Times: user=0.87 sys=0.12, real=0.10 secs] 
5139.004: [GC 5139.005: [ParNew: 346854K->34477K(353920K), 0.0669107 secs] 1476935K->1169878K(3106432K) icms_dc=5 , 0.0677513 secs] [Times: user=0.82 sys=0.05, real=0.07 secs] 
5139.802: [GC 5139.802: [ParNew: 349327K->31580K(353920K), 0.0562356 secs] 1484664K->1171361K(3106432K) icms_dc=5 , 0.0570769 secs] [Times: user=0.61 sys=0.02, real=0.06 secs] 
5139.869: [GC 5139.869: [ParNew: 31838K->25890K(353920K), 0.0437211 secs] 1171619K->1169877K(3106432K) icms_dc=5 , 0.0444451 secs] [Times: user=0.52 sys=0.04, real=0.04 secs] 
5140.987: [GC 5140.988: [ParNew: 343378K->34538K(353920K), 0.1117530 secs] 1487272K->1178432K(3106432K) icms_dc=5 , 0.1128177 secs] [Times: user=0.93 sys=0.14, real=0.11 secs] 
5141.981: [GC 5141.982: [ParNew: 349162K->25164K(353920K), 0.1084956 secs] 1492909K->1173280K(3106432K) icms_dc=5 , 0.1093509 secs] [Times: user=0.90 sys=0.12, real=0.11 secs] 
5142.837: [GC 5142.837: [ParNew: 339778K->28336K(353920K), 0.0601330 secs] 1487748K->1176306K(3106432K) icms_dc=5 , 0.0609837 secs] [Times: user=0.53 sys=0.03, real=0.06 secs] 
5143.626: [GC 5143.627: [ParNew: 342960K->33774K(353920K), 0.1169756 secs] 1490790K->1184520K(3106432K) icms_dc=5 , 0.1178252 secs] [Times: user=1.13 sys=0.14, real=0.12 secs] 
5144.567: [GC 5144.567: [ParNew: 348693K->29044K(353920K), 0.0973238 secs] 1499091K->1184855K(3106432K) icms_dc=5 , 0.0981759 secs] [Times: user=0.76 sys=0.06, real=0.10 secs] 
5144.796: [GC 5144.796: [ParNew: 29914K->25253K(353920K), 0.0358727 secs] 1185725K->1181063K(3106432K) icms_dc=6 , 0.0365634 secs] [Times: user=0.49 sys=0.05, real=0.04 secs] 
5145.786: [GC 5145.786: [ParNew: 339881K->28764K(353920K), 0.0603961 secs] 1495374K->1184257K(3106432K) icms_dc=6 , 0.0613274 secs] [Times: user=0.60 sys=0.05, real=0.06 secs] 
5146.737: [GC 5146.738: [ParNew: 343388K->28766K(353920K), 0.0705179 secs] 1498539K->1183917K(3106432K) icms_dc=6 , 0.0714436 secs] [Times: user=0.63 sys=0.06, real=0.07 secs] 
5147.630: [GC 5147.630: [ParNew: 343414K->28961K(353920K), 0.1185198 secs] 1498165K->1185170K(3106432K) icms_dc=6 , 0.1193736 secs] [Times: user=0.99 sys=0.19, real=0.12 secs] 
5147.763: [GC 5147.763: [ParNew: 30537K->25486K(353920K), 0.0379667 secs] 1186747K->1181696K(3106432K) icms_dc=6 , 0.0386579 secs] [Times: user=0.54 sys=0.05, real=0.04 secs] 
5148.704: [GC 5148.704: [ParNew: 340110K->33210K(353920K), 0.1073278 secs] 1495941K->1189041K(3106432K) icms_dc=6 , 0.1081958 secs] [Times: user=0.90 sys=0.13, real=0.11 secs] 
5149.683: [GC 5149.684: [ParNew: 347834K->27554K(353920K), 0.1201541 secs] 1503385K->1184409K(3106432K) icms_dc=6 , 0.1210452 secs] [Times: user=1.03 sys=0.21, real=0.12 secs] 
5150.567: [GC 5150.567: [ParNew: 342178K->32300K(353920K), 0.0493014 secs] 1498572K->1190716K(3106432K) icms_dc=6 , 0.0501144 secs] [Times: user=0.65 sys=0.03, real=0.05 secs] 
5151.304: [GC 5151.304: [ParNew: 347376K->33673K(353920K), 0.0826973 secs] 1505327K->1193867K(3106432K) icms_dc=6 , 0.0835579 secs] [Times: user=0.80 sys=0.08, real=0.08 secs] 
5151.398: [GC 5151.398: [ParNew: 34659K->28083K(353920K), 0.0569186 secs] 1194853K->1194152K(3106432K) icms_dc=6 , 0.0576193 secs] [Times: user=0.61 sys=0.05, real=0.06 secs] 
5152.163: [GC 5152.163: [ParNew: 343024K->32097K(353920K), 0.1166917 secs] 1508898K->1197971K(3106432K) icms_dc=6 , 0.1175332 secs] [Times: user=0.89 sys=0.18, real=0.12 secs] 
5152.291: [GC 5152.291: [ParNew: 33353K->16209K(353920K), 0.1185907 secs] 1199227K->1206890K(3106432K) icms_dc=6 , 0.1192859 secs] [Times: user=0.77 sys=0.14, real=0.12 secs] 
5153.215: [GC 5153.216: [ParNew: 330833K->21328K(353920K), 0.0564327 secs] 1521167K->1211663K(3106432K) icms_dc=6 , 0.0573050 secs] [Times: user=0.56 sys=0.05, real=0.06 secs] 
5153.987: [GC 5153.987: [ParNew: 335952K->33168K(353920K), 0.0663805 secs] 1525598K->1222813K(3106432K) icms_dc=6 , 0.0671938 secs] [Times: user=0.85 sys=0.09, real=0.07 secs] 
5154.845: [GC 5154.846: [ParNew: 347792K->28832K(353920K), 0.0673367 secs] 1536937K->1226002K(3106432K) icms_dc=6 , 0.0681827 secs] [Times: user=0.64 sys=0.02, real=0.07 secs] 
5155.655: [GC 5155.656: [ParNew: 343677K->26343K(353920K), 0.0623846 secs] 1540159K->1226202K(3106432K) icms_dc=6 , 0.0631879 secs] [Times: user=0.59 sys=0.04, real=0.06 secs] 
5155.728: [GC 5155.729: [ParNew: 26791K->21219K(353920K), 0.0391656 secs] 1226651K->1221079K(3106432K) icms_dc=7 , 0.0398394 secs] [Times: user=0.46 sys=0.05, real=0.04 secs] 
5156.526: [GC 5156.526: [ParNew: 335843K->26254K(353920K), 0.1214676 secs] 1534678K->1225089K(3106432K) icms_dc=7 , 0.1222833 secs] [Times: user=1.01 sys=0.20, real=0.12 secs] 
5157.409: [GC 5157.410: [ParNew: 340878K->30797K(353920K), 0.1603983 secs] 1538678K->1228597K(3106432K) icms_dc=7 , 0.1611986 secs] [Times: user=1.11 sys=0.26, real=0.16 secs] 
5158.229: [GC 5158.229: [ParNew: 345421K->29806K(353920K), 0.1118868 secs] 1542344K->1228705K(3106432K) icms_dc=7 , 0.1127138 secs] [Times: user=0.86 sys=0.18, real=0.11 secs] 
5159.127: [GC 5159.128: [ParNew: 345256K->28940K(353920K), 0.0547680 secs] 1542891K->1226574K(3106432K) icms_dc=7 , 0.0555748 secs] [Times: user=0.51 sys=0.03, real=0.06 secs] 
5159.194: [GC 5159.194: [ParNew: 30216K->27040K(353920K), 0.0492705 secs] 1227850K->1228540K(3106432K) icms_dc=7 , 0.0499708 secs] [Times: user=0.51 sys=0.04, real=0.05 secs] 
5160.025: [GC 5160.025: [ParNew: 341664K->28379K(353920K), 0.0845802 secs] 1541222K->1227936K(3106432K) icms_dc=7 , 0.0853916 secs] [Times: user=0.70 sys=0.12, real=0.09 secs] 
5160.834: [GC 5160.835: [ParNew: 343003K->32151K(353920K), 0.1282857 secs] 1540476K->1229623K(3106432K) icms_dc=7 , 0.1290821 secs] [Times: user=0.75 sys=0.10, real=0.13 secs] 
5161.720: [GC 5161.721: [ParNew: 346813K->31710K(353920K), 0.0951843 secs] 1541970K->1227808K(3106432K) icms_dc=7 , 0.0960065 secs] [Times: user=0.75 sys=0.12, real=0.10 secs] 
5161.827: [GC 5161.827: [ParNew: 32398K->23728K(353920K), 0.0354283 secs] 1228496K->1221136K(3106432K) icms_dc=7 , 0.0361290 secs] [Times: user=0.45 sys=0.04, real=0.04 secs] 
5162.666: [GC 5162.667: [ParNew: 339306K->26197K(353920K), 0.0481624 secs] 1534406K->1221297K(3106432K) icms_dc=7 , 0.0491344 secs] [Times: user=0.46 sys=0.02, real=0.05 secs] 
5162.726: [GC 5162.726: [ParNew: 27257K->27286K(353920K), 0.0460087 secs] 1222357K->1222386K(3106432K) icms_dc=7 , 0.0466651 secs] [Times: user=0.39 sys=0.03, real=0.05 secs] 
5163.588: [GC 5163.589: [ParNew: 342054K->20908K(353920K), 0.0430002 secs] 1534403K->1213258K(3106432K) icms_dc=7 , 0.0438010 secs] [Times: user=0.47 sys=0.05, real=0.04 secs] 
5164.452: [GC 5164.453: [ParNew: 335532K->22933K(353920K), 0.0639344 secs] 1525422K->1212823K(3106432K) icms_dc=7 , 0.0647753 secs] [Times: user=0.56 sys=0.05, real=0.07 secs] 
5165.397: [GC 5165.398: [ParNew: 337557K->19674K(353920K), 0.0400928 secs] 1524683K->1206800K(3106432K) icms_dc=7 , 0.0408750 secs] [Times: user=0.41 sys=0.04, real=0.04 secs] 
5166.414: [GC 5166.414: [ParNew: 334298K->24649K(353920K), 0.0478205 secs] 1519453K->1209804K(3106432K) icms_dc=7 , 0.0486418 secs] [Times: user=0.51 sys=0.04, real=0.05 secs] 
5167.249: [GC 5167.250: [ParNew: 339273K->26474K(353920K), 0.1179407 secs] 1523399K->1210599K(3106432K) icms_dc=7 , 0.1187261 secs] [Times: user=0.91 sys=0.19, real=0.12 secs] 
5168.165: [GC 5168.166: [ParNew: 340981K->28529K(353920K), 0.0483535 secs] 1524619K->1212167K(3106432K) icms_dc=7 , 0.0491722 secs] [Times: user=0.54 sys=0.03, real=0.05 secs] 
5169.052: [GC 5169.053: [ParNew: 343153K->28975K(353920K), 0.0657462 secs] 1526120K->1213089K(3106432K) icms_dc=7 , 0.0665567 secs] [Times: user=0.59 sys=0.05, real=0.07 secs] 
5170.071: [GC 5170.071: [ParNew: 343629K->22742K(353920K), 0.0447019 secs] 1527255K->1206368K(3106432K) icms_dc=7 , 0.0454776 secs] [Times: user=0.47 sys=0.03, real=0.05 secs] 
5170.126: [GC 5170.127: [ParNew: 23174K->20285K(353920K), 0.0330965 secs] 1206800K->1203910K(3106432K) icms_dc=7 , 0.0337841 secs] [Times: user=0.45 sys=0.04, real=0.03 secs] 
5171.024: [GC 5171.025: [ParNew: 334909K->25106K(353920K), 0.0509380 secs] 1518023K->1208220K(3106432K) icms_dc=7 , 0.0517119 secs] [Times: user=0.52 sys=0.03, real=0.05 secs] 
5171.956: [GC 5171.957: [ParNew: 339730K->28422K(353920K), 0.0974300 secs] 1521744K->1210436K(3106432K) icms_dc=7 , 0.0982626 secs] [Times: user=0.86 sys=0.16, real=0.10 secs] 
5172.791: [GC 5172.791: [ParNew: 343046K->28355K(353920K), 0.0408574 secs] 1523726K->1209036K(3106432K) icms_dc=7 , 0.0416471 secs] [Times: user=0.55 sys=0.03, real=0.04 secs] 
5173.623: [GC 5173.623: [ParNew: 343152K->33115K(353920K), 0.1338569 secs] 1523179K->1213142K(3106432K) icms_dc=7 , 0.1346403 secs] [Times: user=1.01 sys=0.22, real=0.14 secs] 
5174.563: [GC 5174.563: [ParNew: 347739K->23098K(353920K), 0.0691266 secs] 1526979K->1206863K(3106432K) icms_dc=7 , 0.0699247 secs] [Times: user=0.70 sys=0.07, real=0.07 secs] 
5175.524: [GC 5175.524: [ParNew: 337722K->22126K(353920K), 0.0504542 secs] 1520042K->1204447K(3106432K) icms_dc=7 , 0.0512479 secs] [Times: user=0.52 sys=0.04, real=0.05 secs] 
5176.361: [GC 5176.362: [ParNew: 336724K->28393K(353920K), 0.0458156 secs] 1515414K->1207082K(3106432K) icms_dc=7 , 0.0465969 secs] [Times: user=0.54 sys=0.03, real=0.05 secs] 
5177.191: [GC 5177.192: [ParNew: 343017K->28414K(353920K), 0.0994277 secs] 1519740K->1205424K(3106432K) icms_dc=7 , 0.1002292 secs] [Times: user=0.87 sys=0.16, real=0.10 secs] 
5178.091: [GC 5178.092: [ParNew: 343038K->24719K(353920K), 0.0660031 secs] 1517704K->1199386K(3106432K) icms_dc=7 , 0.0668001 secs] [Times: user=0.66 sys=0.09, real=0.07 secs] 
5178.893: [GC 5178.893: [ParNew: 339343K->26758K(353920K), 0.0692256 secs] 1512187K->1199601K(3106432K) icms_dc=7 , 0.0700030 secs] [Times: user=0.68 sys=0.08, real=0.07 secs] 
5179.692: [GC 5179.692: [ParNew: 341213K->29152K(353920K), 0.0448390 secs] 1512758K->1200697K(3106432K) icms_dc=7 , 0.0456235 secs] [Times: user=0.51 sys=0.03, real=0.05 secs] 
5180.590: [GC 5180.590: [ParNew: 343776K->32244K(353920K), 0.1067162 secs] 1513752K->1202568K(3106432K) icms_dc=7 , 0.1075192 secs] [Times: user=0.99 sys=0.18, real=0.11 secs] 
5181.457: [GC 5181.457: [ParNew: 346868K->24069K(353920K), 0.0746132 secs] 1514394K->1191595K(3106432K) icms_dc=7 , 0.0754352 secs] [Times: user=0.72 sys=0.09, real=0.08 secs] 
5182.266: [GC 5182.266: [ParNew: 338659K->30075K(353920K), 0.1207731 secs] 1504643K->1196060K(3106432K) icms_dc=7 , 0.1216160 secs] [Times: user=0.91 sys=0.18, real=0.12 secs] 
5183.096: [GC 5183.096: [ParNew: 344699K->35732K(353920K), 0.1334294 secs] 1508529K->1201735K(3106432K) icms_dc=7 , 0.1342454 secs] [Times: user=0.72 sys=0.05, real=0.13 secs] 
5183.972: [GC 5183.973: [ParNew: 350356K->23314K(353920K), 0.0573546 secs] 1514736K->1189759K(3106432K) icms_dc=7 , 0.0581598 secs] [Times: user=0.58 sys=0.03, real=0.06 secs] 
5184.940: [GC 5184.941: [ParNew: 337938K->28071K(353920K), 0.1617597 secs] 1503098K->1193231K(3106432K) icms_dc=7 , 0.1625742 secs] [Times: user=1.09 sys=0.24, real=0.16 secs] 
5185.830: [GC 5185.830: [ParNew: 342695K->26986K(353920K), 0.0696133 secs] 1504331K->1188623K(3106432K) icms_dc=7 , 0.0704593 secs] [Times: user=0.70 sys=0.09, real=0.07 secs] 
5186.645: [GC 5186.645: [ParNew: 341661K->30373K(353920K), 0.0619787 secs] 1500564K->1191727K(3106432K) icms_dc=7 , 0.0628154 secs] [Times: user=0.66 sys=0.04, real=0.06 secs] 
5186.718: [GC 5186.719: [ParNew: 31301K->27139K(353920K), 0.0417067 secs] 1192656K->1189600K(3106432K) icms_dc=7 , 0.0423916 secs] [Times: user=0.48 sys=0.04, real=0.04 secs] 
5187.454: [GC 5187.455: [ParNew: 341763K->29992K(353920K), 0.0781663 secs] 1502030K->1190258K(3106432K) icms_dc=7 , 0.0789799 secs] [Times: user=0.72 sys=0.10, real=0.08 secs] 
5188.356: [GC 5188.356: [ParNew: 344616K->25202K(353920K), 0.0784521 secs] 1502464K->1183050K(3106432K) icms_dc=7 , 0.0792846 secs] [Times: user=0.59 sys=0.05, real=0.08 secs] 
5189.129: [GC 5189.129: [ParNew: 339826K->29446K(353920K), 0.0489066 secs] 1494835K->1184455K(3106432K) icms_dc=7 , 0.0497116 secs] [Times: user=0.54 sys=0.04, real=0.05 secs] 
5189.629: [CMS-concurrent-sweep: 4.576/91.285 secs] [Times: user=2223.64 sys=62.87, real=91.29 secs] 
5189.630: [CMS-concurrent-reset-start]
5190.010: [GC 5190.010: [ParNew: 344070K->32190K(353920K), 0.0643329 secs] 1495248K->1185246K(3106432K) icms_dc=7 , 0.0652998 secs] [Times: user=0.69 sys=0.03, real=0.07 secs] 
5190.479: [CMS-concurrent-reset: 0.030/0.849 secs] [Times: user=22.22 sys=0.63, real=0.85 secs] 
5190.872: [GC 5190.873: [ParNew: 347548K->21526K(353920K), 0.0722334 secs] 1500604K->1176646K(3106432K) icms_dc=2 , 0.0730486 secs] [Times: user=0.67 sys=0.09, real=0.07 secs] 
5190.956: [GC 5190.956: [ParNew: 22468K->20404K(353920K), 0.0317427 secs] 1177589K->1175524K(3106432K) icms_dc=2 , 0.0324488 secs] [Times: user=0.39 sys=0.03, real=0.04 secs] 
5191.363: [GC [1 CMS-initial-mark: 1155120K(2752512K)] 1329862K(3106432K), 0.7991268 secs] [Times: user=0.80 sys=0.01, real=0.80 secs] 
5192.163: [CMS-concurrent-mark-start]
5192.483: [GC 5192.484: [ParNew: 335028K->27453K(353920K), 0.0898481 secs] 1490148K->1182573K(3106432K) icms_dc=2 , 0.0906592 secs] [Times: user=0.73 sys=0.09, real=0.09 secs] 
5193.352: [GC 5193.352: [ParNew: 342044K->26141K(353920K), 0.0526293 secs] 1497164K->1181262K(3106432K) icms_dc=2 , 0.0534630 secs] [Times: user=0.52 sys=0.04, real=0.05 secs] 
5194.097: [GC 5194.097: [ParNew: 340765K->31264K(353920K), 0.0661466 secs] 1495886K->1186384K(3106432K) icms_dc=2 , 0.0669478 secs] [Times: user=0.60 sys=0.03, real=0.07 secs] 
5194.940: [GC 5194.940: [ParNew: 345888K->33688K(353920K), 0.0547111 secs] 1501008K->1188808K(3106432K) icms_dc=2 , 0.0555372 secs] [Times: user=0.51 sys=0.01, real=0.06 secs] 
5195.785: [GC 5195.785: [ParNew: 348312K->27915K(353920K), 0.0662214 secs] 1503432K->1185434K(3106432K) icms_dc=2 , 0.0670033 secs] [Times: user=0.58 sys=0.01, real=0.07 secs] 
5196.556: [GC 5196.557: [ParNew: 342539K->29846K(353920K), 0.0630382 secs] 1500058K->1187365K(3106432K) icms_dc=2 , 0.0638766 secs] [Times: user=0.63 sys=0.05, real=0.06 secs] 
5197.364: [GC 5197.365: [ParNew: 344500K->28380K(353920K), 0.0697270 secs] 1502018K->1187651K(3106432K) icms_dc=2 , 0.0705559 secs] [Times: user=0.73 sys=0.09, real=0.07 secs] 
5198.184: [GC 5198.185: [ParNew: 343004K->29542K(353920K), 0.0524158 secs] 1502275K->1188813K(3106432K) icms_dc=2 , 0.0532330 secs] [Times: user=0.57 sys=0.04, real=0.05 secs] 
5198.972: [GC 5198.972: [ParNew: 344166K->25629K(353920K), 0.0490021 secs] 1503437K->1185880K(3106432K) icms_dc=2 , 0.0497975 secs] [Times: user=0.58 sys=0.04, real=0.05 secs] 
5199.705: [GC 5199.705: [ParNew: 340253K->32326K(353920K), 0.1886612 secs] 1500504K->1192577K(3106432K) icms_dc=2 , 0.1894617 secs] [Times: user=1.32 sys=0.36, real=0.19 secs] 
5200.627: [GC 5200.628: [ParNew: 347048K->29441K(353920K), 0.1073546 secs] 1507300K->1190175K(3106432K) icms_dc=2 , 0.1081640 secs] [Times: user=0.87 sys=0.15, real=0.11 secs] 
5200.746: [GC 5200.746: [ParNew: 30284K->28303K(353920K), 0.0415579 secs] 1191018K->1189038K(3106432K) icms_dc=2 , 0.0422877 secs] [Times: user=0.52 sys=0.05, real=0.04 secs] 
5201.545: [GC 5201.546: [ParNew: 342927K->32181K(353920K), 0.0657940 secs] 1503662K->1192915K(3106432K) icms_dc=2 , 0.0666084 secs] [Times: user=0.59 sys=0.04, real=0.07 secs] 
5202.345: [GC 5202.345: [ParNew: 346805K->30510K(353920K), 0.0967121 secs] 1507539K->1193047K(3106432K) icms_dc=2 , 0.0975640 secs] [Times: user=0.88 sys=0.11, real=0.10 secs] 
5203.114: [GC 5203.114: [ParNew: 345134K->33706K(353920K), 0.0527834 secs] 1507671K->1197169K(3106432K) icms_dc=2 , 0.0535939 secs] [Times: user=0.56 sys=0.03, real=0.05 secs] 
5203.918: [GC 5203.919: [ParNew: 348330K->28480K(353920K), 0.0722187 secs] 1511793K->1194929K(3106432K) icms_dc=3 , 0.0730374 secs] [Times: user=0.68 sys=0.06, real=0.07 secs] 
5204.836: [GC 5204.836: [ParNew: 343104K->22145K(353920K), 0.0532196 secs] 1509553K->1188595K(3106432K) icms_dc=3 , 0.0540512 secs] [Times: user=0.51 sys=0.04, real=0.05 secs] 
5205.671: [GC 5205.671: [ParNew: 336884K->30064K(353920K), 0.0880870 secs] 1503333K->1196513K(3106432K) icms_dc=3 , 0.0889102 secs] [Times: user=0.59 sys=0.07, real=0.09 secs] 
5205.770: [GC 5205.771: [ParNew: 30591K->29335K(353920K), 0.0839215 secs] 1197040K->1197127K(3106432K) icms_dc=3 , 0.0845970 secs] [Times: user=0.61 sys=0.07, real=0.08 secs] 
5206.551: [GC 5206.551: [ParNew: 343373K->28666K(353920K), 0.0642629 secs] 1511165K->1196458K(3106432K) icms_dc=3 , 0.0651074 secs] [Times: user=0.67 sys=0.08, real=0.07 secs] 
5207.414: [GC 5207.414: [ParNew: 343290K->25945K(353920K), 0.0504133 secs] 1511082K->1194574K(3106432K) icms_dc=3 , 0.0512762 secs] [Times: user=0.54 sys=0.04, real=0.05 secs] 
5208.347: [GC 5208.348: [ParNew: 340792K->21551K(353920K), 0.0479023 secs] 1509422K->1190181K(3106432K) icms_dc=3 , 0.0487349 secs] [Times: user=0.50 sys=0.03, real=0.05 secs] 
5208.406: [GC 5208.407: [ParNew: 22051K->19786K(353920K), 0.0360058 secs] 1190681K->1188416K(3106432K) icms_dc=3 , 0.0367070 secs] [Times: user=0.47 sys=0.05, real=0.04 secs] 
5209.089: [GC 5209.090: [ParNew: 334410K->30082K(353920K), 0.0837224 secs] 1503040K->1198712K(3106432K) icms_dc=3 , 0.0845568 secs] [Times: user=0.56 sys=0.01, real=0.08 secs] 
5209.838: [GC 5209.839: [ParNew: 344853K->34538K(353920K), 0.0734527 secs] 1513483K->1204571K(3106432K) icms_dc=3 , 0.0742697 secs] [Times: user=0.79 sys=0.05, real=0.07 secs] 
5209.923: [GC 5209.924: [ParNew: 35100K->26210K(353920K), 0.0584527 secs] 1205133K->1204485K(3106432K) icms_dc=3 , 0.0591586 secs] [Times: user=0.68 sys=0.03, real=0.06 secs] 
5210.785: [GC 5210.786: [ParNew: 340897K->33033K(353920K), 0.0926937 secs] 1519172K->1211308K(3106432K) icms_dc=3 , 0.0935149 secs] [Times: user=0.77 sys=0.11, real=0.09 secs] 
5211.646: [GC 5211.647: [ParNew: 347792K->22403K(353920K), 0.0542726 secs] 1526068K->1205230K(3106432K) icms_dc=4 , 0.0550981 secs] [Times: user=0.54 sys=0.03, real=0.06 secs] 
5211.712: [GC 5211.712: [ParNew: 23244K->21004K(353920K), 0.0356377 secs] 1206071K->1203831K(3106432K) icms_dc=6 , 0.0363360 secs] [Times: user=0.41 sys=0.03, real=0.04 secs] 
5212.434: [GC 5212.435: [ParNew: 335628K->26509K(353920K), 0.0995285 secs] 1518455K->1209336K(3106432K) icms_dc=6 , 0.1003972 secs] [Times: user=0.84 sys=0.16, real=0.10 secs] 
5213.288: [GC 5213.288: [ParNew: 341133K->26743K(353920K), 0.0694908 secs] 1523960K->1209570K(3106432K) icms_dc=6 , 0.0703173 secs] [Times: user=0.63 sys=0.09, real=0.07 secs] 
5214.114: [GC 5214.115: [ParNew: 341385K->29866K(353920K), 0.0553663 secs] 1524212K->1214418K(3106432K) icms_dc=6 , 0.0561932 secs] [Times: user=0.58 sys=0.03, real=0.06 secs] 
5214.996: [GC 5214.997: [ParNew: 344490K->29534K(353920K), 0.0561211 secs] 1529042K->1215657K(3106432K) icms_dc=6 , 0.0572358 secs] [Times: user=0.53 sys=0.03, real=0.06 secs] 
5215.761: [GC 5215.762: [ParNew: 344158K->29125K(353920K), 0.0749301 secs] 1530281K->1217394K(3106432K) icms_dc=6 , 0.0757268 secs] [Times: user=0.68 sys=0.04, real=0.08 secs] 
5216.513: [GC 5216.513: [ParNew: 343997K->29910K(353920K), 0.0580579 secs] 1532266K->1218179K(3106432K) icms_dc=6 , 0.0588411 secs] [Times: user=0.64 sys=0.08, real=0.06 secs] 
5216.582: [GC 5216.583: [ParNew: 31413K->24811K(353920K), 0.0374648 secs] 1219682K->1214167K(3106432K) icms_dc=6 , 0.0381680 secs] [Times: user=0.47 sys=0.03, real=0.04 secs] 
5217.345: [GC 5217.346: [ParNew: 339718K->26581K(353920K), 0.0483324 secs] 1529075K->1215937K(3106432K) icms_dc=6 , 0.0491644 secs] [Times: user=0.53 sys=0.05, real=0.05 secs] 
5218.178: [GC 5218.179: [ParNew: 341205K->26544K(353920K), 0.1209559 secs] 1530561K->1215901K(3106432K) icms_dc=6 , 0.1217665 secs] [Times: user=1.06 sys=0.22, real=0.12 secs] 
5219.124: [GC 5219.125: [ParNew: 341186K->33091K(353920K), 0.1180299 secs] 1530543K->1222448K(3106432K) icms_dc=6 , 0.1188404 secs] [Times: user=0.84 sys=0.10, real=0.12 secs] 
5219.253: [GC 5219.254: [ParNew: 33895K->31296K(353920K), 0.0875856 secs] 1223252K->1223753K(3106432K) icms_dc=6 , 0.0882912 secs] [Times: user=0.67 sys=0.09, real=0.09 secs] 
5220.028: [GC 5220.028: [ParNew: 345911K->31660K(353920K), 0.0989153 secs] 1538368K->1224117K(3106432K) icms_dc=6 , 0.0997602 secs] [Times: user=0.81 sys=0.10, real=0.10 secs] 
5220.849: [GC 5220.849: [ParNew: 346284K->26676K(353920K), 0.1062157 secs] 1538741K->1219133K(3106432K) icms_dc=6 , 0.1070363 secs] [Times: user=0.92 sys=0.14, real=0.11 secs] 
5221.608: [GC 5221.608: [ParNew: 341300K->30355K(353920K), 0.1537296 secs] 1533757K->1223443K(3106432K) icms_dc=6 , 0.1545524 secs] [Times: user=1.14 sys=0.23, real=0.15 secs] 
5222.516: [GC 5222.516: [ParNew: 345094K->28252K(353920K), 0.1056787 secs] 1538181K->1223530K(3106432K) icms_dc=6 , 0.1064969 secs] [Times: user=0.83 sys=0.15, real=0.11 secs] 
5222.635: [GC 5222.635: [ParNew: 28711K->25889K(353920K), 0.0329636 secs] 1223989K->1221167K(3106432K) icms_dc=6 , 0.0336609 secs] [Times: user=0.43 sys=0.03, real=0.03 secs] 
5223.342: [GC 5223.361: [ParNew: 340513K->30199K(353920K), 0.0884975 secs] 1535791K->1225476K(3106432K) icms_dc=6 , 0.0893864 secs] [Times: user=0.88 sys=0.15, real=0.11 secs] 
5224.239: [GC 5224.240: [ParNew: 344823K->33522K(353920K), 0.1077847 secs] 1540100K->1231914K(3106432K) icms_dc=6 , 0.1086138 secs] [Times: user=0.83 sys=0.09, real=0.11 secs] 
5225.155: [GC 5225.155: [ParNew: 348146K->27945K(353920K), 0.1058798 secs] 1546538K->1229870K(3106432K) icms_dc=6 , 0.1067110 secs] [Times: user=0.73 sys=0.09, real=0.11 secs] 
5225.991: [GC 5225.991: [ParNew: 342291K->24521K(353920K), 0.0987456 secs] 1544216K->1226446K(3106432K) icms_dc=6 , 0.0995606 secs] [Times: user=0.87 sys=0.17, real=0.10 secs] 
5226.786: [GC 5226.787: [ParNew: 339120K->32938K(353920K), 0.0930358 secs] 1541045K->1234863K(3106432K) icms_dc=6 , 0.0938743 secs] [Times: user=0.77 sys=0.12, real=0.09 secs] 
5227.685: [GC 5227.686: [ParNew: 347562K->24140K(353920K), 0.0571666 secs] 1549487K->1230698K(3106432K) icms_dc=6 , 0.0579948 secs] [Times: user=0.58 sys=0.03, real=0.06 secs] 
5228.589: [GC 5228.590: [ParNew: 338679K->28583K(353920K), 0.0824217 secs] 1545237K->1235141K(3106432K) icms_dc=6 , 0.0832332 secs] [Times: user=0.64 sys=0.07, real=0.08 secs] 
5229.416: [GC 5229.416: [ParNew: 343207K->31275K(353920K), 0.1065531 secs] 1549765K->1239238K(3106432K) icms_dc=6 , 0.1073584 secs] [Times: user=0.72 sys=0.08, real=0.11 secs] 
5230.330: [GC 5230.331: [ParNew: 345899K->24686K(353920K), 0.0967488 secs] 1553862K->1232649K(3106432K) icms_dc=6 , 0.0975363 secs] [Times: user=0.74 sys=0.14, real=0.10 secs] 
5231.199: [GC 5231.200: [ParNew: 339310K->25513K(353920K), 0.0456096 secs] 1547273K->1233476K(3106432K) icms_dc=6 , 0.0464200 secs] [Times: user=0.49 sys=0.03, real=0.05 secs] 
5232.015: [GC 5232.015: [ParNew: 340137K->27413K(353920K), 0.0393278 secs] 1548100K->1235376K(3106432K) icms_dc=6 , 0.0401310 secs] [Times: user=0.49 sys=0.02, real=0.04 secs] 
5232.926: [GC 5232.927: [ParNew: 342206K->28660K(353920K), 0.0704587 secs] 1550170K->1238549K(3106432K) icms_dc=6 , 0.0712568 secs] [Times: user=0.60 sys=0.04, real=0.07 secs] 
5233.008: [GC 5233.008: [ParNew: 29356K->22998K(353920K), 0.0425814 secs] 1239245K->1232888K(3106432K) icms_dc=6 , 0.0432570 secs] [Times: user=0.47 sys=0.03, real=0.04 secs] 
5233.684: [GC 5233.684: [ParNew: 337622K->29914K(353920K), 0.0914302 secs] 1547512K->1239803K(3106432K) icms_dc=6 , 0.0922402 secs] [Times: user=0.75 sys=0.14, real=0.09 secs] 
5234.523: [GC 5234.523: [ParNew: 344327K->27716K(353920K), 0.0398728 secs] 1554216K->1237605K(3106432K) icms_dc=6 , 0.0406695 secs] [Times: user=0.44 sys=0.02, real=0.04 secs] 
5235.363: [GC 5235.363: [ParNew: 342340K->27651K(353920K), 0.0607663 secs] 1552229K->1237540K(3106432K) icms_dc=6 , 0.0615872 secs] [Times: user=0.63 sys=0.05, real=0.06 secs] 
5236.191: [GC 5236.192: [ParNew: 342275K->26405K(353920K), 0.0612334 secs] 1552164K->1236294K(3106432K) icms_dc=6 , 0.0620017 secs] [Times: user=0.55 sys=0.04, real=0.06 secs] 
5237.055: [GC 5237.056: [ParNew: 341029K->30132K(353920K), 0.0707407 secs] 1550918K->1240021K(3106432K) icms_dc=6 , 0.0715598 secs] [Times: user=0.52 sys=0.02, real=0.07 secs] 
5237.819: [GC 5237.819: [ParNew: 344756K->31252K(353920K), 0.1359281 secs] 1554645K->1243132K(3106432K) icms_dc=6 , 0.1367234 secs] [Times: user=1.03 sys=0.18, real=0.14 secs] 
5238.649: [GC 5238.650: [ParNew: 345830K->27119K(353920K), 0.0644119 secs] 1557710K->1238999K(3106432K) icms_dc=6 , 0.0651984 secs] [Times: user=0.64 sys=0.07, real=0.07 secs] 
5239.500: [GC 5239.500: [ParNew: 341810K->29505K(353920K), 0.1221044 secs] 1553690K->1241385K(3106432K) icms_dc=6 , 0.1228860 secs] [Times: user=0.98 sys=0.20, real=0.12 secs] 
5239.633: [GC 5239.634: [ParNew: 29789K->29371K(353920K), 0.0369793 secs] 1241669K->1241251K(3106432K) icms_dc=6 , 0.0376665 secs] [Times: user=0.53 sys=0.04, real=0.04 secs] 
5240.321: [GC 5240.322: [ParNew: 343995K->37323K(353920K), 0.1940538 secs] 1555875K->1249203K(3106432K) icms_dc=6 , 0.1948440 secs] [Times: user=1.37 sys=0.36, real=0.20 secs] 
5241.287: [GC 5241.287: [ParNew: 351947K->28448K(353920K), 0.0972608 secs] 1563827K->1245892K(3106432K) icms_dc=6 , 0.0980972 secs] [Times: user=0.82 sys=0.11, real=0.10 secs] 
5242.143: [GC 5242.144: [ParNew: 343072K->22864K(353920K), 0.1110671 secs] 1560516K->1240308K(3106432K) icms_dc=6 , 0.1118269 secs] [Times: user=0.84 sys=0.21, real=0.11 secs] 
5243.068: [GC 5243.068: [ParNew: 337488K->22156K(353920K), 0.0653035 secs] 1554932K->1239600K(3106432K) icms_dc=6 , 0.0661199 secs] [Times: user=0.60 sys=0.10, real=0.07 secs] 
5244.091: [GC 5244.092: [ParNew: 336780K->18068K(353920K), 0.0630072 secs] 1554224K->1235512K(3106432K) icms_dc=6 , 0.0638024 secs] [Times: user=0.54 sys=0.07, real=0.06 secs] 
5245.004: [GC 5245.005: [ParNew: 332219K->19869K(353920K), 0.0396999 secs] 1549663K->1237313K(3106432K) icms_dc=6 , 0.0404666 secs] [Times: user=0.40 sys=0.03, real=0.04 secs] 
5245.886: [GC 5245.887: [ParNew: 334493K->20979K(353920K), 0.0482033 secs] 1551937K->1238423K(3106432K) icms_dc=6 , 0.0489601 secs] [Times: user=0.47 sys=0.04, real=0.05 secs] 
5246.907: [GC 5246.907: [ParNew: 335681K->20265K(353920K), 0.0522129 secs] 1553125K->1237709K(3106432K) icms_dc=6 , 0.0530070 secs] [Times: user=0.50 sys=0.04, real=0.05 secs] 
5246.970: [GC 5246.971: [ParNew: 20749K->22674K(353920K), 0.0371834 secs] 1238193K->1240118K(3106432K) icms_dc=6 , 0.0378730 secs] [Times: user=0.42 sys=0.03, real=0.04 secs] 
5247.839: [GC 5247.840: [ParNew: 337298K->25495K(353920K), 0.0659438 secs] 1554742K->1242939K(3106432K) icms_dc=6 , 0.0667451 secs] [Times: user=0.57 sys=0.06, real=0.07 secs] 
5248.808: [GC 5248.809: [ParNew: 340119K->25169K(353920K), 0.0493579 secs] 1557563K->1242613K(3106432K) icms_dc=6 , 0.0501014 secs] [Times: user=0.49 sys=0.02, real=0.05 secs] 
5249.633: [GC 5249.633: [ParNew: 339793K->25656K(353920K), 0.0788786 secs] 1557237K->1243100K(3106432K) icms_dc=6 , 0.0796280 secs] [Times: user=0.61 sys=0.09, real=0.08 secs] 
5250.648: [GC 5250.648: [ParNew: 340291K->26679K(353920K), 0.0487885 secs] 1557735K->1244123K(3106432K) icms_dc=6 , 0.0495691 secs] [Times: user=0.54 sys=0.03, real=0.05 secs] 
5250.710: [GC 5250.710: [ParNew: 27452K->25615K(353920K), 0.0377680 secs] 1244896K->1243059K(3106432K) icms_dc=6 , 0.0384536 secs] [Times: user=0.48 sys=0.03, real=0.04 secs] 
5251.439: [GC 5251.439: [ParNew: 341766K->30474K(353920K), 0.0492141 secs] 1559210K->1247918K(3106432K) icms_dc=6 , 0.0499793 secs] [Times: user=0.54 sys=0.02, real=0.05 secs] 
5251.499: [GC 5251.500: [ParNew: 30670K->23988K(353920K), 0.0379988 secs] 1248114K->1241432K(3106432K) icms_dc=6 , 0.0386868 secs] [Times: user=0.47 sys=0.03, real=0.04 secs] 
5252.321: [GC 5252.322: [ParNew: 338625K->32653K(353920K), 0.0933411 secs] 1556069K->1250097K(3106432K) icms_dc=6 , 0.0941233 secs] [Times: user=0.84 sys=0.13, real=0.09 secs] 
5252.426: [GC 5252.426: [ParNew: 33028K->28666K(353920K), 0.0425002 secs] 1250472K->1249182K(3106432K) icms_dc=6 , 0.0432064 secs] [Times: user=0.57 sys=0.03, real=0.04 secs] 
5253.168: [GC 5253.169: [ParNew: 343290K->26768K(353920K), 0.0420755 secs] 1563806K->1247284K(3106432K) icms_dc=6 , 0.0428594 secs] [Times: user=0.49 sys=0.03, real=0.04 secs] 
5254.078: [GC 5254.079: [ParNew: 341392K->29122K(353920K), 0.0633858 secs] 1561908K->1249638K(3106432K) icms_dc=6 , 0.0641530 secs] [Times: user=0.54 sys=0.02, real=0.06 secs] 
5254.825: [GC 5254.826: [ParNew: 343746K->27431K(353920K), 0.0588551 secs] 1564262K->1247947K(3106432K) icms_dc=6 , 0.0596347 secs] [Times: user=0.58 sys=0.05, real=0.06 secs] 
5255.596: [GC 5255.596: [ParNew: 342055K->25943K(353920K), 0.0491936 secs] 1562571K->1246459K(3106432K) icms_dc=6 , 0.0501262 secs] [Times: user=0.52 sys=0.03, real=0.05 secs] 
5256.311: [GC 5256.311: [ParNew: 340567K->29001K(353920K), 0.0575571 secs] 1561083K->1250797K(3106432K) icms_dc=6 , 0.0583416 secs] [Times: user=0.57 sys=0.03, real=0.06 secs] 
5257.091: [GC 5257.091: [ParNew: 343657K->23318K(353920K), 0.0882005 secs] 1565454K->1245115K(3106432K) icms_dc=6 , 0.0889921 secs] [Times: user=0.68 sys=0.12, real=0.09 secs] 
5257.190: [GC 5257.191: [ParNew: 23841K->22510K(353920K), 0.0369606 secs] 1245638K->1244306K(3106432K) icms_dc=6 , 0.0378414 secs] [Times: user=0.43 sys=0.03, real=0.04 secs] 
5258.114: [GC 5258.114: [ParNew: 337134K->23595K(353920K), 0.0437396 secs] 1558930K->1245392K(3106432K) icms_dc=6 , 0.0445634 secs] [Times: user=0.52 sys=0.04, real=0.04 secs] 
5259.031: [GC 5259.032: [ParNew: 338219K->29070K(353920K), 0.0517963 secs] 1560016K->1250866K(3106432K) icms_dc=6 , 0.0525739 secs] [Times: user=0.51 sys=0.03, real=0.05 secs] 
5259.863: [GC 5259.864: [ParNew: 343694K->31645K(353920K), 0.0584191 secs] 1565490K->1253442K(3106432K) icms_dc=6 , 0.0591910 secs] [Times: user=0.55 sys=0.01, real=0.06 secs] 
5260.677: [GC 5260.678: [ParNew: 346377K->27288K(353920K), 0.0481041 secs] 1568174K->1251329K(3106432K) icms_dc=6 , 0.0488981 secs] [Times: user=0.59 sys=0.02, real=0.05 secs] 
5260.738: [GC 5260.738: [ParNew: 29338K->29082K(353920K), 0.0429771 secs] 1253379K->1254641K(3106432K) icms_dc=6 , 0.0436726 secs] [Times: user=0.53 sys=0.03, real=0.04 secs] 
5261.470: [GC 5261.470: [ParNew: 343706K->26441K(353920K), 0.0479600 secs] 1569265K->1252001K(3106432K) icms_dc=6 , 0.0487627 secs] [Times: user=0.52 sys=0.03, real=0.05 secs] 
5262.175: [GC 5262.176: [ParNew: 341065K->29993K(353920K), 0.0997455 secs] 1566625K->1255553K(3106432K) icms_dc=6 , 0.1005715 secs] [Times: user=0.83 sys=0.13, real=0.10 secs] 
5262.979: [GC 5262.980: [ParNew: 345558K->29299K(353920K), 0.0610195 secs] 1571117K->1256671K(3106432K) icms_dc=6 , 0.0618343 secs] [Times: user=0.63 sys=0.03, real=0.06 secs] 
5263.052: [GC 5263.052: [ParNew: 30104K->30943K(353920K), 0.0469250 secs] 1257475K->1258314K(3106432K) icms_dc=6 , 0.0476068 secs] [Times: user=0.43 sys=0.01, real=0.05 secs] 
5263.811: [GC 5263.811: [ParNew: 345567K->25439K(353920K), 0.1145573 secs] 1572938K->1252811K(3106432K) icms_dc=6 , 0.1154110 secs] [Times: user=0.87 sys=0.13, real=0.12 secs] 
5264.640: [GC 5264.641: [ParNew: 340063K->25465K(353920K), 0.0535507 secs] 1567435K->1252836K(3106432K) icms_dc=6 , 0.0543369 secs] [Times: user=0.54 sys=0.02, real=0.05 secs] 
5265.482: [GC 5265.482: [ParNew: 340124K->29437K(353920K), 0.0575458 secs] 1567496K->1256808K(3106432K) icms_dc=6 , 0.0583342 secs] [Times: user=0.55 sys=0.03, real=0.06 secs] 
5265.551: [GC 5265.551: [ParNew: 30182K->26357K(353920K), 0.0420763 secs] 1257554K->1257112K(3106432K) icms_dc=6 , 0.0427726 secs] [Times: user=0.53 sys=0.02, real=0.04 secs] 
5266.246: [GC 5266.247: [ParNew: 340981K->32833K(353920K), 0.0635614 secs] 1571736K->1263589K(3106432K) icms_dc=6 , 0.0643862 secs] [Times: user=0.72 sys=0.07, real=0.06 secs] 
5267.080: [GC 5267.080: [ParNew: 347658K->26723K(353920K), 0.0649422 secs] 1578413K->1260526K(3106432K) icms_dc=6 , 0.0657375 secs] [Times: user=0.65 sys=0.07, real=0.07 secs] 
5267.941: [GC 5267.941: [ParNew: 341347K->27932K(353920K), 0.0683257 secs] 1575150K->1261735K(3106432K) icms_dc=6 , 0.0691434 secs] [Times: user=0.65 sys=0.05, real=0.07 secs] 
5268.720: [GC 5268.720: [ParNew: 343013K->33554K(353920K), 0.1668114 secs] 1576817K->1269035K(3106432K) icms_dc=6 , 0.1676334 secs] [Times: user=0.79 sys=0.05, real=0.17 secs] 
5268.898: [GC 5268.899: [ParNew: 34541K->25295K(353920K), 0.0925675 secs] 1270023K->1262434K(3106432K) icms_dc=6 , 0.0932665 secs] [Times: user=0.63 sys=0.09, real=0.09 secs] 
5269.661: [GC 5269.662: [ParNew: 339919K->29640K(353920K), 0.0564141 secs] 1577058K->1266780K(3106432K) icms_dc=6 , 0.0572546 secs] [Times: user=0.58 sys=0.03, real=0.06 secs] 
5270.448: [GC 5270.448: [ParNew: 344264K->30914K(353920K), 0.1163983 secs] 1581404K->1269644K(3106432K) icms_dc=6 , 0.1172146 secs] [Times: user=0.89 sys=0.18, real=0.12 secs] 
5271.270: [GC 5271.271: [ParNew: 345538K->30625K(353920K), 0.0722436 secs] 1584268K->1271327K(3106432K) icms_dc=6 , 0.0730679 secs] [Times: user=0.69 sys=0.07, real=0.07 secs] 
5272.015: [GC 5272.016: [ParNew: 345249K->26633K(353920K), 0.0478385 secs] 1585951K->1270978K(3106432K) icms_dc=6 , 0.0486788 secs] [Times: user=0.54 sys=0.02, real=0.05 secs] 
5272.817: [GC 5272.817: [ParNew: 341177K->29034K(353920K), 0.0517617 secs] 1585522K->1273379K(3106432K) icms_dc=6 , 0.0525873 secs] [Times: user=0.50 sys=0.03, real=0.05 secs] 
5273.566: [GC 5273.567: [ParNew: 343658K->32879K(353920K), 0.0654986 secs] 1588003K->1278955K(3106432K) icms_dc=6 , 0.0663202 secs] [Times: user=0.64 sys=0.02, real=0.07 secs] 
5274.499: [GC 5274.499: [ParNew: 347503K->28801K(353920K), 0.0572291 secs] 1593579K->1276822K(3106432K) icms_dc=6 , 0.0580314 secs] [Times: user=0.52 sys=0.02, real=0.06 secs] 
5275.356: [GC 5275.357: [ParNew: 343342K->26099K(353920K), 0.0541294 secs] 1591363K->1274120K(3106432K) icms_dc=6 , 0.0550310 secs] [Times: user=0.54 sys=0.03, real=0.06 secs] 
5276.253: [GC 5276.254: [ParNew: 340723K->25693K(353920K), 0.0577006 secs] 1588744K->1276391K(3106432K) icms_dc=6 , 0.0584891 secs] [Times: user=0.56 sys=0.03, real=0.06 secs] 
5277.048: [GC 5277.049: [ParNew: 340317K->22167K(353920K), 0.1228336 secs] 1591015K->1272865K(3106432K) icms_dc=6 , 0.1236326 secs] [Times: user=0.81 sys=0.14, real=0.12 secs] 
5277.502: [CMS-concurrent-mark: 4.440/85.339 secs] [Times: user=2165.81 sys=58.82, real=85.34 secs] 
5277.503: [CMS-concurrent-preclean-start]
5277.914: [GC 5277.914: [ParNew: 336791K->28437K(353920K), 0.0874023 secs] 1587489K->1279134K(3106432K) icms_dc=6 , 0.0882204 secs] [Times: user=0.59 sys=0.03, real=0.09 secs] 
5278.784: [GC 5278.784: [ParNew: 343061K->30581K(353920K), 0.0752044 secs] 1593758K->1281989K(3106432K) icms_dc=6 , 0.0760258 secs] [Times: user=0.61 sys=0.06, real=0.08 secs] 
5279.649: [GC 5279.650: [ParNew: 345230K->24122K(353920K), 0.0548281 secs] 1596638K->1276618K(3106432K) icms_dc=6 , 0.0556451 secs] [Times: user=0.49 sys=0.01, real=0.06 secs] 
5280.465: [GC 5280.466: [ParNew: 338746K->26627K(353920K), 0.0658382 secs] 1591242K->1279123K(3106432K) icms_dc=6 , 0.0666638 secs] [Times: user=0.50 sys=0.02, real=0.07 secs] 
5281.279: [GC 5281.280: [ParNew: 341251K->27588K(353920K), 0.0901478 secs] 1593747K->1280084K(3106432K) icms_dc=6 , 0.0909847 secs] [Times: user=0.72 sys=0.10, real=0.09 secs] 
5282.079: [GC 5282.079: [ParNew: 342435K->31058K(353920K), 0.0827714 secs] 1594931K->1283554K(3106432K) icms_dc=6 , 0.0835689 secs] [Times: user=0.74 sys=0.11, real=0.08 secs] 
5282.173: [GC 5282.174: [ParNew: 31687K->28310K(353920K), 0.0408803 secs] 1284183K->1282628K(3106432K) icms_dc=6 , 0.0415754 secs] [Times: user=0.55 sys=0.04, real=0.04 secs] 
5282.968: [GC 5282.968: [ParNew: 342934K->30552K(353920K), 0.1092817 secs] 1597252K->1284870K(3106432K) icms_dc=6 , 0.1100878 secs] [Times: user=0.91 sys=0.19, real=0.11 secs] 
5283.821: [GC 5283.821: [ParNew: 344884K->22321K(353920K), 0.0638438 secs] 1599202K->1279450K(3106432K) icms_dc=6 , 0.0646579 secs] [Times: user=0.64 sys=0.05, real=0.07 secs] 
5284.611: [GC 5284.611: [ParNew: 336945K->25964K(353920K), 0.0479945 secs] 1594074K->1283094K(3106432K) icms_dc=6 , 0.0488163 secs] [Times: user=0.49 sys=0.03, real=0.05 secs] 
5285.401: [GC 5285.402: [ParNew: 340588K->24629K(353920K), 0.0556648 secs] 1597718K->1281759K(3106432K) icms_dc=6 , 0.0564645 secs] [Times: user=0.54 sys=0.04, real=0.06 secs] 
5286.199: [GC 5286.199: [ParNew: 339253K->27696K(353920K), 0.0711934 secs] 1596383K->1284826K(3106432K) icms_dc=6 , 0.0720012 secs] [Times: user=0.63 sys=0.07, real=0.07 secs] 
5287.135: [GC 5287.135: [ParNew: 342320K->26185K(353920K), 0.0554721 secs] 1599450K->1283830K(3106432K) icms_dc=6 , 0.0562845 secs] [Times: user=0.56 sys=0.03, real=0.06 secs] 
5287.937: [GC 5287.937: [ParNew: 340809K->26369K(353920K), 0.0662825 secs] 1598454K->1284680K(3106432K) icms_dc=6 , 0.0671204 secs] [Times: user=0.61 sys=0.05, real=0.07 secs] 
5288.769: [GC 5288.769: [ParNew: 340993K->26401K(353920K), 0.1580742 secs] 1599304K->1284713K(3106432K) icms_dc=6 , 0.1589022 secs] [Times: user=1.14 sys=0.31, real=0.16 secs] 
5289.657: [GC 5289.657: [ParNew: 341190K->31210K(353920K), 0.0553515 secs] 1599502K->1289521K(3106432K) icms_dc=6 , 0.0561608 secs] [Times: user=0.65 sys=0.06, real=0.06 secs] 
5289.723: [GC 5289.724: [ParNew: 31522K->30353K(353920K), 0.0551035 secs] 1289834K->1289317K(3106432K) icms_dc=6 , 0.0557779 secs] [Times: user=0.58 sys=0.05, real=0.06 secs] 
5290.544: [GC 5290.561: [ParNew: 344977K->33669K(353920K), 0.0693324 secs] 1603941K->1292633K(3106432K) icms_dc=6 , 0.0701941 secs] [Times: user=0.71 sys=0.06, real=0.09 secs] 
5291.301: [GC 5291.301: [ParNew: 348293K->31967K(353920K), 0.1046809 secs] 1607257K->1293837K(3106432K) icms_dc=6 , 0.1055489 secs] [Times: user=0.87 sys=0.12, real=0.11 secs] 
5292.120: [GC 5292.121: [ParNew: 346224K->29691K(353920K), 0.0448755 secs] 1608094K->1294109K(3106432K) icms_dc=6 , 0.0457088 secs] [Times: user=0.56 sys=0.02, real=0.05 secs] 
5293.005: [GC 5293.005: [ParNew: 344282K->24469K(353920K), 0.0441215 secs] 1608700K->1288887K(3106432K) icms_dc=6 , 0.0449638 secs] [Times: user=0.50 sys=0.04, real=0.05 secs] 
5293.802: [GC 5293.803: [ParNew: 339093K->30221K(353920K), 0.0983958 secs] 1603511K->1294639K(3106432K) icms_dc=6 , 0.0992225 secs] [Times: user=0.72 sys=0.11, real=0.10 secs] 
5294.632: [GC 5294.632: [ParNew: 344874K->26166K(353920K), 0.0658282 secs] 1609292K->1290584K(3106432K) icms_dc=6 , 0.0666422 secs] [Times: user=0.66 sys=0.09, real=0.07 secs] 
5294.709: [GC 5294.709: [ParNew: 26411K->25800K(353920K), 0.0413019 secs] 1290829K->1291138K(3106432K) icms_dc=6 , 0.0419650 secs] [Times: user=0.49 sys=0.03, real=0.04 secs] 
5295.498: [GC 5295.499: [ParNew: 340424K->28646K(353920K), 0.0722263 secs] 1605762K->1293984K(3106432K) icms_dc=6 , 0.0730383 secs] [Times: user=0.70 sys=0.08, real=0.07 secs] 
5296.281: [GC 5296.282: [ParNew: 343270K->25121K(353920K), 0.1562241 secs] 1608608K->1290458K(3106432K) icms_dc=6 , 0.1570277 secs] [Times: user=1.13 sys=0.31, real=0.16 secs] 
5297.151: [GC 5297.151: [ParNew: 339764K->29094K(353920K), 0.0528491 secs] 1605101K->1295208K(3106432K) icms_dc=6 , 0.0536626 secs] [Times: user=0.56 sys=0.03, real=0.05 secs] 
5297.215: [GC 5297.216: [ParNew: 29771K->28054K(353920K), 0.0356913 secs] 1295884K->1296218K(3106432K) icms_dc=6 , 0.0363807 secs] [Times: user=0.47 sys=0.02, real=0.04 secs] 
5298.015: [GC 5298.016: [ParNew: 342678K->26744K(353920K), 0.0492571 secs] 1610842K->1294908K(3106432K) icms_dc=6 , 0.0500544 secs] [Times: user=0.52 sys=0.03, real=0.05 secs] 
5298.845: [GC 5298.845: [ParNew: 341368K->35001K(353920K), 0.1221268 secs] 1609532K->1303166K(3106432K) icms_dc=6 , 0.1229656 secs] [Times: user=0.74 sys=0.09, real=0.12 secs] 
5299.719: [GC 5299.720: [ParNew: 349626K->28772K(353920K), 0.1103283 secs] 1617791K->1301037K(3106432K) icms_dc=6 , 0.1111421 secs] [Times: user=0.88 sys=0.09, real=0.11 secs] 
5299.842: [GC 5299.842: [ParNew: 29452K->28728K(353920K), 0.0556056 secs] 1301718K->1300994K(3106432K) icms_dc=6 , 0.0562839 secs] [Times: user=0.57 sys=0.06, real=0.06 secs] 
5300.651: [GC 5300.652: [ParNew: 343601K->22734K(353920K), 0.0445732 secs] 1615867K->1294999K(3106432K) icms_dc=6 , 0.0453817 secs] [Times: user=0.46 sys=0.03, real=0.05 secs] 
5300.707: [GC 5300.708: [ParNew: 23034K->21403K(353920K), 0.0338056 secs] 1295300K->1293669K(3106432K) icms_dc=6 , 0.0344696 secs] [Times: user=0.44 sys=0.05, real=0.03 secs] 
5301.589: [GC 5301.589: [ParNew: 336027K->23484K(353920K), 0.0466911 secs] 1608293K->1295750K(3106432K) icms_dc=6 , 0.0475185 secs] [Times: user=0.49 sys=0.03, real=0.05 secs] 
5302.346: [GC 5302.346: [ParNew: 338108K->27206K(353920K), 0.0603879 secs] 1610374K->1299472K(3106432K) icms_dc=6 , 0.0611672 secs] [Times: user=0.61 sys=0.06, real=0.06 secs] 
5303.153: [GC 5303.154: [ParNew: 341830K->26908K(353920K), 0.0704535 secs] 1614096K->1299174K(3106432K) icms_dc=6 , 0.0712468 secs] [Times: user=0.60 sys=0.03, real=0.07 secs] 
5303.893: [GC 5303.894: [ParNew: 341532K->24731K(353920K), 0.0684989 secs] 1613798K->1296997K(3106432K) icms_dc=6 , 0.0692979 secs] [Times: user=0.76 sys=0.11, real=0.07 secs] 
5304.697: [GC 5304.698: [ParNew: 339355K->29513K(353920K), 0.0665930 secs] 1611621K->1301779K(3106432K) icms_dc=6 , 0.0673788 secs] [Times: user=0.55 sys=0.03, real=0.07 secs] 
5305.528: [GC 5305.528: [ParNew: 344137K->21342K(353920K), 0.1033585 secs] 1616403K->1293608K(3106432K) icms_dc=6 , 0.1041357 secs] [Times: user=0.83 sys=0.16, real=0.10 secs] 
5306.394: [GC 5306.395: [ParNew: 335966K->24508K(353920K), 0.0718973 secs] 1608232K->1296773K(3106432K) icms_dc=6 , 0.0726841 secs] [Times: user=0.66 sys=0.06, real=0.07 secs] 
5307.249: [GC 5307.249: [ParNew: 339849K->30167K(353920K), 0.0656020 secs] 1612115K->1302433K(3106432K) icms_dc=6 , 0.0663847 secs] [Times: user=0.56 sys=0.04, real=0.07 secs] 
5307.326: [GC 5307.326: [ParNew: 30992K->27438K(353920K), 0.0452223 secs] 1303258K->1301427K(3106432K) icms_dc=6 , 0.0459788 secs] [Times: user=0.52 sys=0.03, real=0.05 secs] 
5308.161: [GC 5308.161: [ParNew: 342082K->23026K(353920K), 0.0487153 secs] 1616070K->1297015K(3106432K) icms_dc=6 , 0.0494970 secs] [Times: user=0.48 sys=0.03, real=0.05 secs] 
5308.221: [GC 5308.221: [ParNew: 23598K->26088K(353920K), 0.0364886 secs] 1297587K->1300076K(3106432K) icms_dc=6 , 0.0371669 secs] [Times: user=0.44 sys=0.03, real=0.04 secs] 
5309.045: [GC 5309.045: [ParNew: 340712K->26503K(353920K), 0.0585069 secs] 1614700K->1300491K(3106432K) icms_dc=6 , 0.0593071 secs] [Times: user=0.53 sys=0.03, real=0.06 secs] 
5309.789: [GC 5309.789: [ParNew: 341127K->29726K(353920K), 0.0638807 secs] 1615115K->1303715K(3106432K) icms_dc=6 , 0.0646877 secs] [Times: user=0.58 sys=0.03, real=0.07 secs] 
5310.704: [GC 5310.705: [ParNew: 344350K->26709K(353920K), 0.0850843 secs] 1618339K->1300697K(3106432K) icms_dc=6 , 0.0858833 secs] [Times: user=0.77 sys=0.12, real=0.09 secs] 
5311.494: [GC 5311.494: [ParNew: 341342K->29287K(353920K), 0.0843758 secs] 1615331K->1303542K(3106432K) icms_dc=6 , 0.0852114 secs] [Times: user=0.78 sys=0.12, real=0.09 secs] 
5311.590: [GC 5311.590: [ParNew: 29861K->24176K(353920K), 0.1231558 secs] 1304116K->1298432K(3106432K) icms_dc=6 , 0.1238127 secs] [Times: user=0.86 sys=0.21, real=0.12 secs] 
5312.463: [GC 5312.463: [ParNew: 338800K->25951K(353920K), 0.0948037 secs] 1613056K->1300206K(3106432K) icms_dc=6 , 0.0956016 secs] [Times: user=0.83 sys=0.14, real=0.10 secs] 
5313.219: [GC 5313.220: [ParNew: 340575K->29083K(353920K), 0.0849158 secs] 1614830K->1303338K(3106432K) icms_dc=6 , 0.0856876 secs] [Times: user=0.80 sys=0.14, real=0.09 secs] 
5314.081: [GC 5314.081: [ParNew: 343668K->27341K(353920K), 0.0440794 secs] 1617923K->1301596K(3106432K) icms_dc=6 , 0.0448702 secs] [Times: user=0.54 sys=0.04, real=0.05 secs] 
5314.957: [GC 5314.958: [ParNew: 341965K->29265K(353920K), 0.2144228 secs] 1616220K->1305475K(3106432K) icms_dc=6 , 0.2152216 secs] [Times: user=1.46 sys=0.42, real=0.22 secs] 
5315.900: [GC 5315.901: [ParNew: 343889K->28227K(353920K), 0.1522920 secs] 1620099K->1304438K(3106432K) icms_dc=6 , 0.1530932 secs] [Times: user=1.12 sys=0.25, real=0.15 secs] 
5316.745: [GC 5316.745: [ParNew: 342851K->33780K(353920K), 0.0916544 secs] 1619062K->1309990K(3106432K) icms_dc=6 , 0.0924480 secs] [Times: user=0.80 sys=0.12, real=0.09 secs] 
5317.487: [GC 5317.488: [ParNew: 348109K->28756K(353920K), 0.1109870 secs] 1624320K->1307452K(3106432K) icms_dc=6 , 0.1117830 secs] [Times: user=0.95 sys=0.17, real=0.11 secs] 
5318.422: [GC 5318.422: [ParNew: 343380K->21694K(353920K), 0.0612582 secs] 1622076K->1301705K(3106432K) icms_dc=6 , 0.0620531 secs] [Times: user=0.63 sys=0.08, real=0.06 secs] 
5319.203: [GC 5319.204: [ParNew: 336347K->31022K(353920K), 0.1269995 secs] 1616358K->1311033K(3106432K) icms_dc=6 , 0.1277795 secs] [Times: user=0.96 sys=0.18, real=0.13 secs] 
5319.342: [GC 5319.343: [ParNew: 32349K->27562K(353920K), 0.0860175 secs] 1312360K->1307873K(3106432K) icms_dc=6 , 0.0866905 secs] [Times: user=0.80 sys=0.16, real=0.09 secs] 
5320.267: [GC 5320.267: [ParNew: 342774K->26181K(353920K), 0.0550313 secs] 1623085K->1306492K(3106432K) icms_dc=6 , 0.0558195 secs] [Times: user=0.51 sys=0.03, real=0.06 secs] 
5320.333: [GC 5320.334: [ParNew: 26660K->27547K(353920K), 0.0334687 secs] 1306971K->1308211K(3106432K) icms_dc=6 , 0.0341596 secs] [Times: user=0.45 sys=0.02, real=0.03 secs] 
5321.122: [GC 5321.122: [ParNew: 342164K->25329K(353920K), 0.0568673 secs] 1622828K->1305994K(3106432K) icms_dc=6 , 0.0576698 secs] [Times: user=0.58 sys=0.03, real=0.06 secs] 
5321.933: [GC 5321.933: [ParNew: 339953K->29462K(353920K), 0.0555492 secs] 1620618K->1310126K(3106432K) icms_dc=6 , 0.0759968 secs] [Times: user=0.54 sys=0.03, real=0.08 secs] 
5322.667: [GC 5322.667: [ParNew: 344086K->30561K(353920K), 0.1179143 secs] 1624750K->1312378K(3106432K) icms_dc=6 , 0.1186964 secs] [Times: user=0.98 sys=0.21, real=0.12 secs] 
5323.549: [GC 5323.550: [ParNew: 345185K->27990K(353920K), 0.0681256 secs] 1627002K->1311685K(3106432K) icms_dc=6 , 0.0689248 secs] [Times: user=0.67 sys=0.05, real=0.07 secs] 
5324.282: [GC 5324.282: [ParNew: 342593K->24389K(353920K), 0.0511146 secs] 1626288K->1308085K(3106432K) icms_dc=6 , 0.0519115 secs] [Times: user=0.52 sys=0.03, real=0.05 secs] 
5325.053: [GC 5325.054: [ParNew: 339013K->27048K(353920K), 0.0546876 secs] 1622709K->1310743K(3106432K) icms_dc=6 , 0.0554733 secs] [Times: user=0.52 sys=0.03, real=0.06 secs] 
5325.834: [GC 5325.835: [ParNew: 341672K->29265K(353920K), 0.0613089 secs] 1625367K->1312960K(3106432K) icms_dc=6 , 0.0621269 secs] [Times: user=0.67 sys=0.05, real=0.06 secs] 
5326.582: [GC 5326.582: [ParNew: 343889K->27503K(353920K), 0.1078935 secs] 1627584K->1312956K(3106432K) icms_dc=6 , 0.1087260 secs] [Times: user=0.91 sys=0.17, real=0.11 secs] 
5327.383: [GC 5327.383: [ParNew: 342127K->28562K(353920K), 0.0725064 secs] 1627580K->1314015K(3106432K) icms_dc=6 , 0.0733153 secs] [Times: user=0.68 sys=0.07, real=0.07 secs] 
5328.243: [GC 5328.243: [ParNew: 343820K->32514K(353920K), 0.0629956 secs] 1629273K->1317966K(3106432K) icms_dc=6 , 0.0637994 secs] [Times: user=0.59 sys=0.02, real=0.06 secs] 
5328.318: [GC 5328.318: [ParNew: 33608K->30975K(353920K), 0.0495579 secs] 1319061K->1319471K(3106432K) icms_dc=6 , 0.0502386 secs] [Times: user=0.57 sys=0.01, real=0.05 secs] 
5329.171: [GC 5329.171: [ParNew: 345599K->25705K(353920K), 0.1272723 secs] 1634095K->1314202K(3106432K) icms_dc=6 , 0.1280815 secs] [Times: user=1.00 sys=0.20, real=0.13 secs] 
5329.998: [GC 5329.999: [ParNew: 340329K->27069K(353920K), 0.0676883 secs] 1628826K->1315565K(3106432K) icms_dc=6 , 0.0684972 secs] [Times: user=0.66 sys=0.09, real=0.07 secs] 
5330.822: [GC 5330.823: [ParNew: 341693K->28800K(353920K), 0.0539134 secs] 1630189K->1318333K(3106432K) icms_dc=6 , 0.0547117 secs] [Times: user=0.53 sys=0.03, real=0.06 secs] 
5331.569: [GC 5331.569: [ParNew: 343041K->30789K(353920K), 0.0797840 secs] 1632573K->1320321K(3106432K) icms_dc=6 , 0.0805795 secs] [Times: user=0.53 sys=0.03, real=0.08 secs] 
5332.403: [GC 5332.403: [ParNew: 345930K->26566K(353920K), 0.0529655 secs] 1635462K->1316098K(3106432K) icms_dc=6 , 0.0537864 secs] [Times: user=0.55 sys=0.03, real=0.05 secs] 
5332.468: [GC 5332.468: [ParNew: 27708K->27762K(353920K), 0.0504846 secs] 1317240K->1317905K(3106432K) icms_dc=6 , 0.0512003 secs] [Times: user=0.50 sys=0.03, real=0.05 secs] 
5333.243: [GC 5333.243: [ParNew: 342386K->30265K(353920K), 0.1015375 secs] 1632529K->1320408K(3106432K) icms_dc=6 , 0.1023415 secs] [Times: user=0.87 sys=0.16, real=0.10 secs] 
5334.196: [GC 5334.196: [ParNew: 344889K->30941K(353920K), 0.1267640 secs] 1635032K->1322609K(3106432K) icms_dc=6 , 0.1276489 secs] [Times: user=0.97 sys=0.17, real=0.13 secs] 
5335.061: [GC 5335.061: [ParNew: 345565K->25146K(353920K), 0.1201739 secs] 1637233K->1316814K(3106432K) icms_dc=6 , 0.1209716 secs] [Times: user=0.89 sys=0.19, real=0.12 secs] 
5335.956: [GC 5335.956: [ParNew: 339770K->26738K(353920K), 0.0508167 secs] 1631438K->1318406K(3106432K) icms_dc=6 , 0.0516376 secs] [Times: user=0.55 sys=0.03, real=0.05 secs] 
5336.752: [GC 5336.752: [ParNew: 341362K->28622K(353920K), 0.0503511 secs] 1633030K->1321310K(3106432K) icms_dc=6 , 0.0511589 secs] [Times: user=0.59 sys=0.03, real=0.05 secs] 
5337.468: [GC 5337.468: [ParNew: 343246K->30944K(353920K), 0.0555078 secs] 1635934K->1324935K(3106432K) icms_dc=6 , 0.0563334 secs] [Times: user=0.67 sys=0.02, real=0.06 secs] 
5338.267: [GC 5338.267: [ParNew: 345568K->30834K(353920K), 0.0882233 secs] 1639559K->1325212K(3106432K) icms_dc=6 , 0.0890563 secs] [Times: user=0.89 sys=0.10, real=0.09 secs] 
5339.088: [GC 5339.089: [ParNew: 345458K->32989K(353920K), 0.1136665 secs] 1639836K->1327367K(3106432K) icms_dc=6 , 0.1144661 secs] [Times: user=0.87 sys=0.14, real=0.11 secs] 
5339.937: [GC 5339.937: [ParNew: 347613K->24826K(353920K), 0.0734150 secs] 1641991K->1321079K(3106432K) icms_dc=6 , 0.0742420 secs] [Times: user=0.70 sys=0.06, real=0.07 secs] 
5340.699: [GC 5340.699: [ParNew: 339450K->32267K(353920K), 0.0452413 secs] 1635703K->1328520K(3106432K) icms_dc=6 , 0.0460787 secs] [Times: user=0.58 sys=0.03, real=0.05 secs] 
5341.503: [GC 5341.503: [ParNew: 347366K->32022K(353920K), 0.1214433 secs] 1643619K->1331563K(3106432K) icms_dc=6 , 0.1222586 secs] [Times: user=0.91 sys=0.12, real=0.12 secs] 
5341.638: [GC 5341.638: [ParNew: 33741K->24791K(353920K), 0.0517871 secs] 1333282K->1325842K(3106432K) icms_dc=6 , 0.0525138 secs] [Times: user=0.50 sys=0.04, real=0.05 secs] 
5342.340: [GC 5342.340: [ParNew: 339415K->27833K(353920K), 0.0423627 secs] 1640466K->1328883K(3106432K) icms_dc=6 , 0.0431912 secs] [Times: user=0.53 sys=0.04, real=0.04 secs] 
5343.108: [GC 5343.109: [ParNew: 342457K->29128K(353920K), 0.0600778 secs] 1643507K->1331682K(3106432K) icms_dc=6 , 0.0609047 secs] [Times: user=0.55 sys=0.02, real=0.06 secs] 
5343.854: [GC 5343.854: [ParNew: 343752K->32173K(353920K), 0.0605032 secs] 1646306K->1335922K(3106432K) icms_dc=6 , 0.0613111 secs] [Times: user=0.63 sys=0.04, real=0.06 secs] 
5344.629: [GC 5344.629: [ParNew: 346797K->29039K(353920K), 0.0565162 secs] 1650546K->1334359K(3106432K) icms_dc=6 , 0.0573355 secs] [Times: user=0.60 sys=0.04, real=0.06 secs] 
5345.476: [GC 5345.477: [ParNew: 343663K->25401K(353920K), 0.1173517 secs] 1648983K->1332256K(3106432K) icms_dc=6 , 0.1181723 secs] [Times: user=0.84 sys=0.17, real=0.12 secs] 
5346.298: [GC 5346.299: [ParNew: 340080K->27674K(353920K), 0.1986346 secs] 1646936K->1334530K(3106432K) icms_dc=6 , 0.1994446 secs] [Times: user=1.28 sys=0.35, real=0.20 secs] 
5346.510: [GC 5346.510: [ParNew: 29880K->25898K(353920K), 0.0577063 secs] 1336736K->1332754K(3106432K) icms_dc=6 , 0.0583921 secs] [Times: user=0.62 sys=0.09, real=0.06 secs] 
5347.275: [GC 5347.275: [ParNew: 340522K->31266K(353920K), 0.0556502 secs] 1647378K->1338122K(3106432K) icms_dc=6 , 0.0564435 secs] [Times: user=0.59 sys=0.04, real=0.06 secs] 
5347.637: [CMS-concurrent-preclean: 3.439/70.134 secs] [Times: user=1824.11 sys=51.36, real=70.13 secs] 
5347.638: [CMS-concurrent-abortable-preclean-start]
5348.034: [GC 5348.035: [ParNew: 345890K->33547K(353920K), 0.1183002 secs] 1652746K->1341519K(3106432K) icms_dc=6 , 0.1190853 secs] [Times: user=1.01 sys=0.20, real=0.12 secs] 
5348.847: [GC 5348.848: [ParNew: 348171K->24221K(353920K), 0.0929414 secs] 1656143K->1337296K(3106432K) icms_dc=6 , 0.0937510 secs] [Times: user=0.79 sys=0.10, real=0.09 secs] 
5349.628: [GC 5349.628: [ParNew: 338845K->26411K(353920K), 0.0668156 secs] 1651920K->1339486K(3106432K) icms_dc=6 , 0.0676275 secs] [Times: user=0.51 sys=0.03, real=0.07 secs] 
5350.479: [GC 5350.479: [ParNew: 342228K->24585K(353920K), 0.1146175 secs] 1655303K->1338436K(3106432K) icms_dc=6 , 0.1154872 secs] [Times: user=0.87 sys=0.18, real=0.12 secs] 
5350.606: [GC 5350.606: [ParNew: 25761K->25344K(353920K), 0.0337842 secs] 1339612K->1339195K(3106432K) icms_dc=6 , 0.0345175 secs] [Times: user=0.46 sys=0.04, real=0.03 secs] 
5350.992: [CMS-concurrent-abortable-preclean: 0.159/3.354 secs] [Times: user=86.78 sys=2.69, real=3.35 secs] 
5351.006: [GC[YG occupancy: 179699 K (353920 K)]5351.006: [Rescan (parallel) , 0.6406680 secs]5351.647: [weak refs processing, 0.0229919 secs] [1 CMS-remark: 1313850K(2752512K)] 1493550K(3106432K), 0.6647581 secs] [Times: user=4.03 sys=1.56, real=0.67 secs] 
5351.672: [CMS-concurrent-sweep-start]
5352.099: [GC 5352.100: [ParNew: 339968K->27304K(353920K), 0.0597880 secs] 1653786K->1341121K(3106432K) icms_dc=6 , 0.0606026 secs] [Times: user=0.52 sys=0.02, real=0.06 secs] 
5352.987: [GC 5352.988: [ParNew: 341928K->21711K(353920K), 0.0570864 secs] 1655673K->1337368K(3106432K) icms_dc=6 , 0.0579023 secs] [Times: user=0.53 sys=0.02, real=0.06 secs] 
5353.673: [GC 5353.673: [ParNew: 336335K->33289K(353920K), 0.1656414 secs] 1651944K->1348898K(3106432K) icms_dc=6 , 0.1802768 secs] [Times: user=0.97 sys=0.17, real=0.18 secs] 
5354.602: [GC 5354.602: [ParNew: 347985K->25650K(353920K), 0.0700092 secs] 1663549K->1342580K(3106432K) icms_dc=6 , 0.0708187 secs] [Times: user=0.64 sys=0.05, real=0.07 secs] 
5354.684: [GC 5354.684: [ParNew: 26259K->25154K(353920K), 0.0418341 secs] 1343189K->1344389K(3106432K) icms_dc=6 , 0.0425381 secs] [Times: user=0.52 sys=0.03, real=0.04 secs] 
5355.588: [GC 5355.589: [ParNew: 339778K->26697K(353920K), 0.0750317 secs] 1658906K->1345825K(3106432K) icms_dc=6 , 0.0758646 secs] [Times: user=0.49 sys=0.02, real=0.08 secs] 
5356.352: [GC 5356.353: [ParNew: 341321K->25238K(353920K), 0.0538072 secs] 1660379K->1344296K(3106432K) icms_dc=6 , 0.0546165 secs] [Times: user=0.57 sys=0.03, real=0.06 secs] 
5357.073: [GC 5357.073: [ParNew: 339862K->32022K(353920K), 0.0676479 secs] 1658858K->1352218K(3106432K) icms_dc=6 , 0.0684570 secs] [Times: user=0.61 sys=0.02, real=0.07 secs] 
5357.948: [GC 5357.949: [ParNew: 346646K->33232K(353920K), 0.0717640 secs] 1666733K->1354112K(3106432K) icms_dc=6 , 0.0726073 secs] [Times: user=0.57 sys=0.03, real=0.07 secs] 
5358.707: [GC 5358.707: [ParNew: 347856K->27286K(353920K), 0.1022403 secs] 1668686K->1350737K(3106432K) icms_dc=6 , 0.1030594 secs] [Times: user=0.92 sys=0.13, real=0.10 secs] 
5359.567: [GC 5359.567: [ParNew: 341910K->25923K(353920K), 0.0502808 secs] 1665318K->1349331K(3106432K) icms_dc=6 , 0.0510980 secs] [Times: user=0.52 sys=0.03, real=0.05 secs] 
5360.398: [GC 5360.399: [ParNew: 340522K->24790K(353920K), 0.0656641 secs] 1663829K->1348921K(3106432K) icms_dc=6 , 0.0664584 secs] [Times: user=0.67 sys=0.05, real=0.07 secs] 
5361.233: [GC 5361.233: [ParNew: 339414K->27082K(353920K), 0.1025821 secs] 1663456K->1351123K(3106432K) icms_dc=6 , 0.1034197 secs] [Times: user=0.83 sys=0.12, real=0.10 secs] 
5362.064: [GC 5362.064: [ParNew: 341706K->29711K(353920K), 0.0984660 secs] 1665662K->1353668K(3106432K) icms_dc=6 , 0.0992962 secs] [Times: user=0.81 sys=0.12, real=0.10 secs] 
5362.945: [GC 5362.945: [ParNew: 344335K->28881K(353920K), 0.1004243 secs] 1668188K->1355164K(3106432K) icms_dc=6 , 0.1012396 secs] [Times: user=0.78 sys=0.10, real=0.10 secs] 
5363.806: [GC 5363.807: [ParNew: 343505K->27069K(353920K), 0.0601730 secs] 1669326K->1352890K(3106432K) icms_dc=6 , 0.0609997 secs] [Times: user=0.57 sys=0.03, real=0.06 secs] 
5364.586: [GC 5364.587: [ParNew: 341693K->28251K(353920K), 0.0693440 secs] 1667311K->1355843K(3106432K) icms_dc=6 , 0.0701940 secs] [Times: user=0.69 sys=0.05, real=0.07 secs] 
5365.337: [GC 5365.337: [ParNew: 343766K->33678K(353920K), 0.0491637 secs] 1671260K->1361172K(3106432K) icms_dc=6 , 0.0499776 secs] [Times: user=0.56 sys=0.03, real=0.05 secs] 
5366.197: [GC 5366.198: [ParNew: 348373K->29232K(353920K), 0.1046219 secs] 1675268K->1360763K(3106432K) icms_dc=6 , 0.1054328 secs] [Times: user=0.76 sys=0.09, real=0.11 secs] 
5366.314: [GC 5366.314: [ParNew: 29661K->23883K(353920K), 0.0487738 secs] 1361192K->1355414K(3106432K) icms_dc=6 , 0.0494471 secs] [Times: user=0.49 sys=0.03, real=0.05 secs] 
5367.187: [GC 5367.187: [ParNew: 338505K->23688K(353920K), 0.1270394 secs] 1669256K->1354439K(3106432K) icms_dc=6 , 0.1278942 secs] [Times: user=0.99 sys=0.24, real=0.13 secs] 
5368.113: [GC 5368.114: [ParNew: 338312K->28072K(353920K), 0.0725353 secs] 1668819K->1358579K(3106432K) icms_dc=6 , 0.0733873 secs] [Times: user=0.68 sys=0.06, real=0.07 secs] 
5368.944: [GC 5368.944: [ParNew: 342696K->30136K(353920K), 0.0981109 secs] 1673055K->1360495K(3106432K) icms_dc=6 , 0.0989354 secs] [Times: user=0.88 sys=0.10, real=0.10 secs] 
5369.851: [GC 5369.851: [ParNew: 345274K->30973K(353920K), 0.1217217 secs] 1675567K->1365045K(3106432K) icms_dc=6 , 0.1225840 secs] [Times: user=1.04 sys=0.18, real=0.12 secs] 
5369.985: [GC 5369.985: [ParNew: 31438K->23646K(353920K), 0.0491638 secs] 1365510K->1362459K(3106432K) icms_dc=6 , 0.0498610 secs] [Times: user=0.58 sys=0.04, real=0.05 secs] 
5370.839: [GC 5370.839: [ParNew: 338305K->30279K(353920K), 0.0594784 secs] 1677069K->1369044K(3106432K) icms_dc=6 , 0.0603923 secs] [Times: user=0.61 sys=0.04, real=0.06 secs] 
5371.646: [GC 5371.647: [ParNew: 344903K->23215K(353920K), 0.1295250 secs] 1683379K->1365040K(3106432K) icms_dc=6 , 0.1303823 secs] [Times: user=1.06 sys=0.19, real=0.13 secs] 
5372.532: [GC 5372.532: [ParNew: 337839K->30710K(353920K), 0.0696688 secs] 1679517K->1372388K(3106432K) icms_dc=6 , 0.0705609 secs] [Times: user=0.73 sys=0.07, real=0.07 secs] 
5373.464: [GC 5373.465: [ParNew: 346717K->28131K(353920K), 0.0940856 secs] 1687911K->1372657K(3106432K) icms_dc=6 , 0.0950190 secs] [Times: user=0.89 sys=0.04, real=0.10 secs] 
5373.577: [GC 5373.577: [ParNew: 30125K->25565K(353920K), 0.0611563 secs] 1374650K->1370091K(3106432K) icms_dc=6 , 0.0620162 secs] [Times: user=0.68 sys=0.10, real=0.06 secs] 
5374.403: [GC 5374.403: [ParNew: 340189K->35083K(353920K), 0.0920228 secs] 1684384K->1379278K(3106432K) icms_dc=6 , 0.0928749 secs] [Times: user=0.86 sys=0.13, real=0.09 secs] 
5375.359: [GC 5375.359: [ParNew: 349993K->28370K(353920K), 0.0554388 secs] 1693287K->1376087K(3106432K) icms_dc=6 , 0.0562783 secs] [Times: user=0.63 sys=0.02, real=0.06 secs] 
5375.427: [GC 5375.427: [ParNew: 29103K->26824K(353920K), 0.0410282 secs] 1376821K->1374541K(3106432K) icms_dc=6 , 0.0417104 secs] [Times: user=0.49 sys=0.03, real=0.04 secs] 
5376.243: [GC 5376.244: [ParNew: 341426K->30968K(353920K), 0.0692803 secs] 1688273K->1377815K(3106432K) icms_dc=6 , 0.0701355 secs] [Times: user=0.66 sys=0.06, real=0.07 secs] 
5377.119: [GC 5377.120: [ParNew: 345592K->26135K(353920K), 0.0755580 secs] 1692085K->1374579K(3106432K) icms_dc=6 , 0.0763982 secs] [Times: user=0.71 sys=0.08, real=0.08 secs] 
5377.897: [GC 5377.898: [ParNew: 340759K->34596K(353920K), 0.0655747 secs] 1688909K->1382746K(3106432K) icms_dc=6 , 0.0664346 secs] [Times: user=0.65 sys=0.03, real=0.07 secs] 
5378.815: [GC 5378.816: [ParNew: 349220K->28967K(353920K), 0.0658895 secs] 1697330K->1382984K(3106432K) icms_dc=6 , 0.0668073 secs] [Times: user=0.67 sys=0.02, real=0.07 secs] 
5379.735: [GC 5379.735: [ParNew: 343591K->29502K(353920K), 0.0666359 secs] 1697557K->1383469K(3106432K) icms_dc=6 , 0.0674683 secs] [Times: user=0.67 sys=0.05, real=0.07 secs] 
5380.626: [GC 5380.626: [ParNew: 344126K->28227K(353920K), 0.0829521 secs] 1697940K->1384171K(3106432K) icms_dc=6 , 0.0838275 secs] [Times: user=0.76 sys=0.04, real=0.08 secs] 
5381.476: [GC 5381.476: [ParNew: 342335K->26146K(353920K), 0.0593235 secs] 1697976K->1381787K(3106432K) icms_dc=6 , 0.0601902 secs] [Times: user=0.58 sys=0.03, real=0.06 secs] 
5382.374: [GC 5382.375: [ParNew: 340770K->27473K(353920K), 0.1293545 secs] 1695755K->1383605K(3106432K) icms_dc=6 , 0.1302130 secs] [Times: user=1.00 sys=0.20, real=0.13 secs] 
5383.195: [GC 5383.195: [ParNew: 342594K->32632K(353920K), 0.0498949 secs] 1698017K->1389685K(3106432K) icms_dc=6 , 0.0507734 secs] [Times: user=0.66 sys=0.04, real=0.05 secs] 
5383.282: [GC 5383.282: [ParNew: 47198K->24827K(353920K), 0.0524389 secs] 1404251K->1387385K(3106432K) icms_dc=6 , 0.0531885 secs] [Times: user=0.64 sys=0.03, real=0.05 secs] 
5384.105: [GC 5384.105: [ParNew: 339423K->24336K(353920K), 0.0644958 secs] 1701321K->1386233K(3106432K) icms_dc=6 , 0.0653501 secs] [Times: user=0.62 sys=0.07, real=0.07 secs] 
5385.025: [GC 5385.026: [ParNew: 339639K->29300K(353920K), 0.0695420 secs] 1700729K->1390390K(3106432K) icms_dc=6 , 0.0704367 secs] [Times: user=0.71 sys=0.07, real=0.07 secs] 
5385.107: [GC 5385.107: [ParNew: 29527K->28361K(353920K), 0.0459073 secs] 1390616K->1391840K(3106432K) icms_dc=6 , 0.0466292 secs] [Times: user=0.54 sys=0.04, real=0.05 secs] 
5385.984: [GC 5385.985: [ParNew: 342985K->27971K(353920K), 0.0533035 secs] 1705227K->1390213K(3106432K) icms_dc=6 , 0.0541959 secs] [Times: user=0.62 sys=0.04, real=0.05 secs] 
5386.846: [GC 5386.846: [ParNew: 342886K->29095K(353920K), 0.1346730 secs] 1704335K->1392747K(3106432K) icms_dc=6 , 0.1355553 secs] [Times: user=1.12 sys=0.24, real=0.14 secs] 
5386.992: [GC 5386.993: [ParNew: 29362K->32795K(353920K), 0.0588028 secs] 1393014K->1398640K(3106432K) icms_dc=6 , 0.0594891 secs] [Times: user=0.54 sys=0.01, real=0.07 secs] 
5387.807: [GC 5387.807: [ParNew: 347419K->27032K(353920K), 0.0954696 secs] 1712835K->1392449K(3106432K) icms_dc=6 , 0.0963283 secs] [Times: user=0.73 sys=0.06, real=0.10 secs] 
5388.606: [GC 5388.607: [ParNew: 341656K->30662K(353920K), 0.0503148 secs] 1706766K->1399374K(3106432K) icms_dc=6 , 0.0511677 secs] [Times: user=0.62 sys=0.03, real=0.05 secs] 
5389.413: [GC 5389.413: [ParNew: 345452K->25646K(353920K), 0.0877747 secs] 1713521K->1397922K(3106432K) icms_dc=6 , 0.0886546 secs] [Times: user=0.67 sys=0.02, real=0.09 secs] 
5389.513: [GC 5389.513: [ParNew: 26181K->24083K(353920K), 0.0532188 secs] 1398457K->1396359K(3106432K) icms_dc=7 , 0.0539111 secs] [Times: user=0.44 sys=0.00, real=0.05 secs] 
5390.265: [GC 5390.266: [ParNew: 338707K->30822K(353920K), 0.0582785 secs] 1710323K->1402437K(3106432K) icms_dc=7 , 0.0591227 secs] [Times: user=0.67 sys=0.06, real=0.06 secs] 
5391.148: [GC 5391.148: [ParNew: 345585K->28393K(353920K), 0.1256948 secs] 1716544K->1403779K(3106432K) icms_dc=7 , 0.1265851 secs] [Times: user=1.04 sys=0.18, real=0.13 secs] 
5391.286: [GC 5391.286: [ParNew: 28971K->24988K(353920K), 0.0346951 secs] 1404357K->1400374K(3106432K) icms_dc=7 , 0.0354599 secs] [Times: user=0.48 sys=0.04, real=0.04 secs] 
5392.227: [GC 5392.228: [ParNew: 339612K->29018K(353920K), 0.0622918 secs] 1714290K->1403696K(3106432K) icms_dc=7 , 0.0631448 secs] [Times: user=0.55 sys=0.03, real=0.06 secs] 
5393.213: [GC 5393.213: [ParNew: 344346K->30346K(353920K), 0.1062097 secs] 1718557K->1407743K(3106432K) icms_dc=7 , 0.1070541 secs] [Times: user=0.77 sys=0.11, real=0.11 secs] 
5393.331: [GC 5393.331: [ParNew: 30773K->24136K(353920K), 0.0363348 secs] 1408170K->1401533K(3106432K) icms_dc=7 , 0.0370295 secs] [Times: user=0.48 sys=0.04, real=0.04 secs] 
5394.102: [GC 5394.103: [ParNew: 338760K->32284K(353920K), 0.0975689 secs] 1715673K->1409197K(3106432K) icms_dc=7 , 0.0984023 secs] [Times: user=0.91 sys=0.15, real=0.10 secs] 
5394.915: [GC 5394.916: [ParNew: 346908K->28850K(353920K), 0.0578175 secs] 1723072K->1409644K(3106432K) icms_dc=7 , 0.0586682 secs] [Times: user=0.69 sys=0.02, real=0.06 secs] 
5395.715: [GC 5395.715: [ParNew: 343474K->31670K(353920K), 0.0480506 secs] 1723787K->1411983K(3106432K) icms_dc=7 , 0.0488849 secs] [Times: user=0.63 sys=0.03, real=0.05 secs] 
5396.531: [GC 5396.532: [ParNew: 346294K->28413K(353920K), 0.0557508 secs] 1726248K->1410364K(3106432K) icms_dc=7 , 0.0566374 secs] [Times: user=0.68 sys=0.05, real=0.06 secs] 
5397.276: [GC 5397.277: [ParNew: 342852K->29093K(353920K), 0.0975756 secs] 1724112K->1411416K(3106432K) icms_dc=7 , 0.0984560 secs] [Times: user=0.79 sys=0.06, real=0.10 secs] 
5398.064: [GC 5398.065: [ParNew: 343717K->32708K(353920K), 0.1059337 secs] 1724986K->1413977K(3106432K) icms_dc=7 , 0.1067619 secs] [Times: user=0.97 sys=0.18, real=0.11 secs] 
5399.025: [GC 5399.025: [ParNew: 347556K->28817K(353920K), 0.1223335 secs] 1727668K->1413166K(3106432K) icms_dc=7 , 0.1231618 secs] [Times: user=0.97 sys=0.17, real=0.12 secs] 
5399.160: [GC 5399.160: [ParNew: 30109K->22896K(353920K), 0.0380532 secs] 1414459K->1407245K(3106432K) icms_dc=7 , 0.0387745 secs] [Times: user=0.45 sys=0.03, real=0.04 secs] 
5399.909: [GC 5399.909: [ParNew: 337520K->23357K(353920K), 0.1144042 secs] 1720586K->1406424K(3106432K) icms_dc=7 , 0.1152437 secs] [Times: user=0.96 sys=0.20, real=0.12 secs] 
5400.817: [GC 5400.818: [ParNew: 338249K->30297K(353920K), 0.0929555 secs] 1720380K->1412428K(3106432K) icms_dc=7 , 0.0938425 secs] [Times: user=0.89 sys=0.17, real=0.09 secs] 
5400.925: [GC 5400.925: [ParNew: 31363K->27953K(353920K), 0.0491014 secs] 1413494K->1413715K(3106432K) icms_dc=7 , 0.0498014 secs] [Times: user=0.55 sys=0.04, real=0.05 secs] 
5401.743: [GC 5401.744: [ParNew: 342577K->24408K(353920K), 0.0402873 secs] 1727505K->1409336K(3106432K) icms_dc=7 , 0.0411390 secs] [Times: user=0.50 sys=0.03, real=0.04 secs] 
5402.633: [GC 5402.633: [ParNew: 338880K->30941K(353920K), 0.0552275 secs] 1722794K->1414855K(3106432K) icms_dc=7 , 0.0560353 secs] [Times: user=0.56 sys=0.03, real=0.06 secs] 
5403.535: [GC 5403.536: [ParNew: 345804K->27041K(353920K), 0.1335141 secs] 1728900K->1412606K(3106432K) icms_dc=7 , 0.1343334 secs] [Times: user=1.00 sys=0.23, real=0.13 secs] 
5404.637: [GC 5404.638: [ParNew: 341665K->28655K(353920K), 0.1109315 secs] 1725676K->1412666K(3106432K) icms_dc=7 , 0.1117456 secs] [Times: user=0.88 sys=0.16, real=0.11 secs] 
5405.488: [GC 5405.488: [ParNew: 343279K->31319K(353920K), 0.0707621 secs] 1726599K->1414639K(3106432K) icms_dc=7 , 0.0715890 secs] [Times: user=0.70 sys=0.08, real=0.07 secs] 
5406.271: [GC 5406.271: [ParNew: 345943K->26854K(353920K), 0.0698335 secs] 1728733K->1410998K(3106432K) icms_dc=7 , 0.0707081 secs] [Times: user=0.74 sys=0.07, real=0.07 secs] 
5407.109: [GC 5407.110: [ParNew: 341478K->31229K(353920K), 0.1197238 secs] 1724883K->1416453K(3106432K) icms_dc=7 , 0.1205458 secs] [Times: user=1.20 sys=0.19, real=0.12 secs] 
5407.967: [GC 5407.968: [ParNew: 346636K->34059K(353920K), 0.0487391 secs] 1731192K->1419400K(3106432K) icms_dc=7 , 0.0496111 secs] [Times: user=0.64 sys=0.03, real=0.05 secs] 
5408.781: [GC 5408.781: [ParNew: 348648K->26053K(353920K), 0.0600853 secs] 1732396K->1414877K(3106432K) icms_dc=7 , 0.0609117 secs] [Times: user=0.59 sys=0.02, real=0.06 secs] 
5409.663: [GC 5409.664: [ParNew: 340677K->23933K(353920K), 0.1001256 secs] 1726981K->1410236K(3106432K) icms_dc=7 , 0.1011042 secs] [Times: user=0.85 sys=0.16, real=0.10 secs] 
5410.477: [GC 5410.478: [ParNew: 338557K->28466K(353920K), 0.0733859 secs] 1723206K->1413115K(3106432K) icms_dc=7 , 0.0742390 secs] [Times: user=0.70 sys=0.08, real=0.07 secs] 
5411.240: [GC 5411.240: [ParNew: 343034K->30258K(353920K), 0.1046907 secs] 1725512K->1412736K(3106432K) icms_dc=7 , 0.1055284 secs] [Times: user=1.02 sys=0.17, real=0.11 secs] 
5412.229: [GC 5412.229: [ParNew: 345180K->31238K(353920K), 0.1113087 secs] 1724636K->1412718K(3106432K) icms_dc=7 , 0.1121547 secs] [Times: user=0.97 sys=0.14, real=0.11 secs] 
5413.103: [GC 5413.103: [ParNew: 345862K->26603K(353920K), 0.0635396 secs] 1725831K->1409910K(3106432K) icms_dc=7 , 0.0643801 secs] [Times: user=0.73 sys=0.03, real=0.06 secs] 
5413.899: [GC 5413.900: [ParNew: 341227K->28079K(353920K), 0.0624756 secs] 1724266K->1411118K(3106432K) icms_dc=7 , 0.0634075 secs] [Times: user=0.69 sys=0.03, real=0.06 secs] 
5414.766: [GC 5414.766: [ParNew: 342703K->28812K(353920K), 0.1031002 secs] 1725309K->1414900K(3106432K) icms_dc=7 , 0.1039737 secs] [Times: user=1.02 sys=0.10, real=0.10 secs] 
5415.712: [GC 5415.713: [ParNew: 343436K->28498K(353920K), 0.0663002 secs] 1729190K->1415919K(3106432K) icms_dc=7 , 0.0671787 secs] [Times: user=0.75 sys=0.06, real=0.07 secs] 
5416.585: [GC 5416.586: [ParNew: 343122K->23679K(353920K), 0.0567569 secs] 1730018K->1411692K(3106432K) icms_dc=7 , 0.0576259 secs] [Times: user=0.64 sys=0.04, real=0.06 secs] 
5417.308: [GC 5417.308: [ParNew: 338604K->32346K(353920K), 0.0577583 secs] 1725648K->1419390K(3106432K) icms_dc=7 , 0.0585939 secs] [Times: user=0.62 sys=0.02, real=0.06 secs] 
5417.378: [GC 5417.378: [ParNew: 32921K->29194K(353920K), 0.0682881 secs] 1419965K->1420439K(3106432K) icms_dc=7 , 0.0690189 secs] [Times: user=0.72 sys=0.04, real=0.07 secs] 
5418.172: [GC 5418.172: [ParNew: 343796K->28961K(353920K), 0.0571334 secs] 1733899K->1419064K(3106432K) icms_dc=7 , 0.0579787 secs] [Times: user=0.59 sys=0.03, real=0.06 secs] 
5419.182: [GC 5419.182: [ParNew: 343585K->24127K(353920K), 0.0670271 secs] 1732510K->1415330K(3106432K) icms_dc=7 , 0.0678732 secs] [Times: user=0.60 sys=0.03, real=0.07 secs] 
5419.961: [GC 5419.962: [ParNew: 338751K->24231K(353920K), 0.1731382 secs] 1729348K->1414828K(3106432K) icms_dc=7 , 0.1740169 secs] [Times: user=1.25 sys=0.23, real=0.17 secs] 
5420.724: [GC 5420.724: [ParNew: 338855K->34048K(353920K), 0.1218024 secs] 1726805K->1421998K(3106432K) icms_dc=7 , 0.1227040 secs] [Times: user=1.17 sys=0.09, real=0.12 secs] 
5421.547: [GC 5421.548: [ParNew: 348588K->37073K(353920K), 0.0609710 secs] 1733822K->1427591K(3106432K) icms_dc=7 , 0.0618316 secs] [Times: user=0.74 sys=0.02, real=0.06 secs] 
5422.483: [GC 5422.497: [ParNew: 351953K->29618K(353920K), 0.0756182 secs] 1740751K->1422846K(3106432K) icms_dc=7 , 0.0765418 secs] [Times: user=0.77 sys=0.04, real=0.09 secs] 
5422.585: [GC 5422.586: [ParNew: 30393K->23047K(353920K), 0.0482977 secs] 1423620K->1420754K(3106432K) icms_dc=7 , 0.0490336 secs] [Times: user=0.55 sys=0.04, real=0.05 secs] 
5423.716: [GC 5423.717: [ParNew: 337671K->24268K(353920K), 0.0639199 secs] 1731546K->1418143K(3106432K) icms_dc=7 , 0.0648438 secs] [Times: user=0.58 sys=0.03, real=0.07 secs] 
5424.588: [GC 5424.589: [ParNew: 338892K->28134K(353920K), 0.0731168 secs] 1730502K->1419744K(3106432K) icms_dc=7 , 0.0739873 secs] [Times: user=0.68 sys=0.05, real=0.07 secs] 
5425.389: [GC 5425.389: [ParNew: 342752K->34453K(353920K), 0.1330586 secs] 1732997K->1424698K(3106432K) icms_dc=7 , 0.1339899 secs] [Times: user=1.18 sys=0.26, real=0.13 secs] 
5426.241: [GC 5426.241: [ParNew: 349077K->32124K(353920K), 0.0787003 secs] 1738071K->1427645K(3106432K) icms_dc=7 , 0.0795841 secs] [Times: user=0.75 sys=0.01, real=0.08 secs] 
5427.059: [GC 5427.059: [ParNew: 346926K->34253K(353920K), 0.0814821 secs] 1740847K->1433016K(3106432K) icms_dc=7 , 0.0823420 secs] [Times: user=0.89 sys=0.07, real=0.08 secs] 
5427.962: [GC 5428.184: [ParNew: 348877K->32124K(353920K), 0.0615859 secs] 1744371K->1430828K(3106432K) icms_dc=7 , 0.0625311 secs] [Times: user=0.77 sys=0.06, real=0.28 secs] 
5429.088: [GC 5429.089: [ParNew: 346748K->30732K(353920K), 0.0799894 secs] 1743503K->1430526K(3106432K) icms_dc=7 , 0.0809218 secs] [Times: user=0.67 sys=0.01, real=0.08 secs] 
5430.244: [GC 5430.245: [ParNew: 345356K->37461K(353920K), 0.1038165 secs] 1744612K->1439960K(3106432K) icms_dc=7 , 0.1046935 secs] [Times: user=0.93 sys=0.06, real=0.11 secs] 
5431.191: [GC 5431.191: [ParNew: 352085K->27852K(353920K), 0.1336656 secs] 1754320K->1442091K(3106432K) icms_dc=9 , 0.1345759 secs] [Times: user=1.12 sys=0.14, real=0.13 secs] 
5432.335: [GC 5432.336: [ParNew: 342503K->31718K(353920K), 0.1198411 secs] 1756444K->1445659K(3106432K) icms_dc=9 , 0.1207346 secs] [Times: user=0.96 sys=0.16, real=0.12 secs] 
5432.532: [GC 5432.533: [ParNew: 31779K->2804K(353920K), 0.1076969 secs] 1445720K->1443364K(3106432K) icms_dc=9 , 0.1084120 secs] [Times: user=0.68 sys=0.08, real=0.11 secs] 
5433.766: [GC 5433.767: [ParNew: 317428K->20405K(353920K), 0.0497632 secs] 1757497K->1460474K(3106432K) icms_dc=9 , 0.0508975 secs] [Times: user=0.60 sys=0.03, real=0.05 secs] 
5434.785: [GC 5434.786: [ParNew: 334845K->34624K(353920K), 0.0574532 secs] 1767973K->1467752K(3106432K) icms_dc=9 , 0.0585383 secs] [Times: user=0.65 sys=0.00, real=0.06 secs] 
5436.026: [GC 5436.027: [ParNew: 349248K->27342K(353920K), 0.0739396 secs] 1774624K->1462181K(3106432K) icms_dc=9 , 0.0748915 secs] [Times: user=0.76 sys=0.02, real=0.08 secs] 
5437.321: [GC 5437.322: [ParNew: 341966K->28386K(353920K), 0.0771457 secs] 1765210K->1456821K(3106432K) icms_dc=9 , 0.0781125 secs] [Times: user=0.73 sys=0.03, real=0.08 secs] 
5438.170: [GC 5438.171: [ParNew: 343010K->23727K(353920K), 0.0625899 secs] 1759254K->1443174K(3106432K) icms_dc=9 , 0.0635534 secs] [Times: user=0.71 sys=0.03, real=0.06 secs] 
5439.035: [GC 5439.036: [ParNew: 338351K->31214K(353920K), 0.0660073 secs] 1751401K->1444265K(3106432K) icms_dc=9 , 0.0669550 secs] [Times: user=0.70 sys=0.04, real=0.07 secs] 
5439.727: [GC 5439.728: [ParNew: 345838K->34915K(353920K), 0.0626020 secs] 1754130K->1446961K(3106432K) icms_dc=9 , 0.0634954 secs] [Times: user=0.77 sys=0.01, real=0.06 secs] 
5440.521: [GC 5440.521: [ParNew: 349058K->32352K(353920K), 0.1387139 secs] 1753435K->1442824K(3106432K) icms_dc=9 , 0.1396380 secs] [Times: user=1.27 sys=0.16, real=0.14 secs] 
5441.411: [GC 5441.412: [ParNew: 346435K->37358K(353920K), 0.1625721 secs] 1749946K->1443646K(3106432K) icms_dc=9 , 0.1635314 secs] [Times: user=1.37 sys=0.28, real=0.16 secs] 
5442.391: [GC 5442.392: [ParNew: 351357K->37849K(353920K), 0.0773693 secs] 1743615K->1433796K(3106432K) icms_dc=9 , 0.0783145 secs] [Times: user=0.82 sys=0.05, real=0.08 secs] 
5443.213: [GC 5443.214: [ParNew: 352355K->31391K(353920K), 0.1263088 secs] 1741674K->1424929K(3106432K) icms_dc=9 , 0.1272483 secs] [Times: user=1.09 sys=0.18, real=0.13 secs] 
5444.131: [GC 5444.131: [ParNew: 346015K->27097K(353920K), 0.0891178 secs] 1726929K->1412441K(3106432K) icms_dc=9 , 0.0901049 secs] [Times: user=0.91 sys=0.07, real=0.09 secs] 
5445.111: [GC 5445.111: [ParNew: 341721K->35324K(353920K), 0.1381217 secs] 1717814K->1411417K(3106432K) icms_dc=9 , 0.1390390 secs] [Times: user=1.26 sys=0.20, real=0.14 secs] 
5446.058: [GC 5446.059: [ParNew: 349948K->36560K(353920K), 0.1597487 secs] 1713738K->1407420K(3106432K) icms_dc=9 , 0.1607381 secs] [Times: user=1.26 sys=0.25, real=0.16 secs] 
5447.024: [GC 5447.025: [ParNew: 351184K->37905K(353920K), 0.0717328 secs] 1711259K->1402797K(3106432K) icms_dc=9 , 0.0726595 secs] [Times: user=0.80 sys=0.04, real=0.07 secs] 
5448.055: [GC 5448.056: [ParNew: 352529K->32384K(353920K), 0.0685308 secs] 1708659K->1393180K(3106432K) icms_dc=9 , 0.0694725 secs] [Times: user=0.72 sys=0.03, real=0.07 secs] 
5448.938: [GC 5448.938: [ParNew: 347141K->29405K(353920K), 0.0663256 secs] 1694959K->1380188K(3106432K) icms_dc=9 , 0.0673239 secs] [Times: user=0.77 sys=0.03, real=0.07 secs] 
5449.017: [GC 5449.018: [ParNew: 30121K->28286K(353920K), 0.0618003 secs] 1380903K->1384370K(3106432K) icms_dc=9 , 0.0625153 secs] [Times: user=0.63 sys=0.01, real=0.06 secs] 
5449.871: [GC 5449.872: [ParNew: 342910K->32370K(353920K), 0.1376579 secs] 1690681K->1380141K(3106432K) icms_dc=9 , 0.1385794 secs] [Times: user=1.25 sys=0.28, real=0.14 secs] 
5450.794: [GC 5450.794: [ParNew: 346994K->35688K(353920K), 0.0797775 secs] 1682414K->1375267K(3106432K) icms_dc=9 , 0.0806944 secs] [Times: user=0.75 sys=0.03, real=0.08 secs] 
5451.822: [GC 5451.823: [ParNew: 350434K->28553K(353920K), 0.1254800 secs] 1674941K->1356962K(3106432K) icms_dc=9 , 0.1264015 secs] [Times: user=1.06 sys=0.17, real=0.13 secs] 
5451.961: [GC 5451.961: [ParNew: 29081K->21766K(353920K), 0.0474915 secs] 1357490K->1350175K(3106432K) icms_dc=9 , 0.0482101 secs] [Times: user=0.52 sys=0.03, real=0.05 secs] 
5452.339: [CMS-concurrent-sweep: 5.967/100.668 secs] [Times: user=2478.70 sys=70.52, real=100.67 secs] 
5452.340: [CMS-concurrent-reset-start]
5452.691: [GC 5452.691: [ParNew: 336390K->31587K(353920K), 0.2230879 secs] 1654185K->1349382K(3106432K) icms_dc=9 , 0.2240344 secs] [Times: user=1.60 sys=0.48, real=0.22 secs] 
5453.238: [CMS-concurrent-reset: 0.027/0.898 secs] [Times: user=20.94 sys=0.91, real=0.90 secs] 
5453.606: [GC 5453.606: [ParNew: 346328K->32584K(353920K), 0.1724983 secs] 1664123K->1357087K(3106432K) icms_dc=4 , 0.1734040 secs] [Times: user=0.94 sys=0.02, real=0.17 secs] 
5454.102: [GC [1 CMS-initial-mark: 1324503K(2752512K)] 1508155K(3106432K), 0.8872088 secs] [Times: user=0.89 sys=0.00, real=0.89 secs] 
5454.990: [CMS-concurrent-mark-start]
5455.382: [GC 5455.382: [ParNew: 347856K->34521K(353920K), 0.1400099 secs] 1672359K->1362203K(3106432K) icms_dc=6 , 0.1409783 secs] [Times: user=0.91 sys=0.03, real=0.14 secs] 
5455.535: [GC 5455.535: [ParNew: 35256K->31620K(353920K), 0.0657482 secs] 1362938K->1364836K(3106432K) icms_dc=7 , 0.0665111 secs] [Times: user=0.64 sys=0.01, real=0.07 secs] 
5456.340: [GC 5456.341: [ParNew: 346244K->26631K(353920K), 0.1121804 secs] 1679460K->1359847K(3106432K) icms_dc=7 , 0.1130952 secs] [Times: user=0.93 sys=0.18, real=0.11 secs] 
5457.268: [GC 5457.269: [ParNew: 341255K->32762K(353920K), 0.0771572 secs] 1674471K->1370607K(3106432K) icms_dc=7 , 0.0780842 secs] [Times: user=0.75 sys=0.06, real=0.08 secs] 
5458.193: [GC 5458.193: [ParNew: 347368K->30685K(353920K), 0.1289255 secs] 1685213K->1372783K(3106432K) icms_dc=8 , 0.1298536 secs] [Times: user=1.09 sys=0.19, real=0.13 secs] 
5459.191: [GC 5459.191: [ParNew: 345382K->25606K(353920K), 0.0539999 secs] 1687480K->1367704K(3106432K) icms_dc=8 , 0.0549386 secs] [Times: user=0.61 sys=0.03, real=0.06 secs] 
5459.257: [GC 5459.258: [ParNew: 26019K->25181K(353920K), 0.0456501 secs] 1368117K->1371019K(3106432K) icms_dc=8 , 0.0463510 secs] [Times: user=0.61 sys=0.03, real=0.05 secs] 
5460.038: [GC 5460.053: [ParNew: 339805K->34067K(353920K), 0.0520098 secs] 1685643K->1379905K(3106432K) icms_dc=8 , 0.0529014 secs] [Times: user=0.70 sys=0.04, real=0.07 secs] 
5460.857: [GC 5460.858: [ParNew: 350428K->36165K(353920K), 0.0634121 secs] 1696266K->1389557K(3106432K) icms_dc=10 , 0.0643248 secs] [Times: user=0.83 sys=0.02, real=0.06 secs] 
5460.947: [GC 5460.948: [ParNew: 44305K->33342K(353920K), 0.1006405 secs] 1397697K->1393818K(3106432K) icms_dc=12 , 0.1014877 secs] [Times: user=0.69 sys=0.02, real=0.10 secs] 
5461.823: [GC 5461.824: [ParNew: 347966K->32497K(353920K), 0.0612662 secs] 1708442K->1392973K(3106432K) icms_dc=12 , 0.0622165 secs] [Times: user=0.63 sys=0.01, real=0.06 secs] 
5462.669: [GC 5462.669: [ParNew: 347121K->31750K(353920K), 0.1185316 secs] 1707597K->1397182K(3106432K) icms_dc=12 , 0.1194337 secs] [Times: user=1.02 sys=0.14, real=0.12 secs] 
5463.549: [GC 5463.550: [ParNew: 346374K->33993K(353920K), 0.0750740 secs] 1711806K->1403464K(3106432K) icms_dc=12 , 0.0759842 secs] [Times: user=0.79 sys=0.05, real=0.08 secs] 
5464.410: [GC 5464.411: [ParNew: 349239K->32311K(353920K), 0.1001652 secs] 1718711K->1405035K(3106432K) icms_dc=12 , 0.1011274 secs] [Times: user=0.91 sys=0.07, real=0.10 secs] 
5464.523: [GC 5464.524: [ParNew: 32965K->28547K(353920K), 0.1028822 secs] 1405689K->1406697K(3106432K) icms_dc=12 , 0.1036644 secs] [Times: user=0.83 sys=0.11, real=0.10 secs] 
5465.399: [GC 5465.400: [ParNew: 343171K->25980K(353920K), 0.0644158 secs] 1721321K->1404130K(3106432K) icms_dc=12 , 0.0653418 secs] [Times: user=0.70 sys=0.06, real=0.07 secs] 
5466.300: [GC 5466.300: [ParNew: 340604K->28594K(353920K), 0.1146967 secs] 1718754K->1410676K(3106432K) icms_dc=12 , 0.1157158 secs] [Times: user=0.98 sys=0.09, real=0.12 secs] 
5467.261: [GC 5467.262: [ParNew: 343218K->33612K(353920K), 0.1123219 secs] 1725300K->1415695K(3106432K) icms_dc=12 , 0.1132384 secs] [Times: user=0.77 sys=0.07, real=0.11 secs] 
5468.258: [GC 5468.259: [ParNew: 348236K->33215K(353920K), 0.1122077 secs] 1730319K->1422055K(3106432K) icms_dc=12 , 0.1132902 secs] [Times: user=1.05 sys=0.12, real=0.11 secs] 
5469.083: [GC 5469.084: [ParNew: 347839K->31748K(353920K), 0.0912578 secs] 1736679K->1425153K(3106432K) icms_dc=12 , 0.0921742 secs] [Times: user=0.98 sys=0.11, real=0.09 secs] 
5470.015: [GC 5470.016: [ParNew: 346372K->29760K(353920K), 0.3540704 secs] 1739777K->1427011K(3106432K) icms_dc=12 , 0.3551574 secs] [Times: user=2.44 sys=0.73, real=0.36 secs] 
5471.180: [GC 5471.180: [ParNew: 344384K->32580K(353920K), 0.1180960 secs] 1741635K->1429830K(3106432K) icms_dc=12 , 0.1190039 secs] [Times: user=0.95 sys=0.14, real=0.12 secs] 
5472.227: [GC 5472.227: [ParNew: 347204K->30052K(353920K), 0.1349466 secs] 1744454K->1432695K(3106432K) icms_dc=12 , 0.1359439 secs] [Times: user=1.17 sys=0.19, real=0.14 secs] 
5473.192: [GC 5473.193: [ParNew: 344676K->33384K(353920K), 0.1425839 secs] 1747319K->1438878K(3106432K) icms_dc=12 , 0.1435366 secs] [Times: user=1.27 sys=0.20, real=0.14 secs] 
5474.204: [GC 5474.205: [ParNew: 348679K->36423K(353920K), 0.0878730 secs] 1754172K->1445090K(3106432K) icms_dc=12 , 0.0888322 secs] [Times: user=0.88 sys=0.07, real=0.09 secs] 
5474.305: [GC 5474.305: [ParNew: 36634K->27278K(353920K), 0.0631613 secs] 1445301K->1443820K(3106432K) icms_dc=12 , 0.0639052 secs] [Times: user=0.69 sys=0.05, real=0.06 secs] 
5475.205: [GC 5475.206: [ParNew: 341851K->27311K(353920K), 0.0736528 secs] 1758394K->1443853K(3106432K) icms_dc=12 , 0.0746194 secs] [Times: user=0.85 sys=0.08, real=0.08 secs] 
5476.124: [GC 5476.125: [ParNew: 341935K->30393K(353920K), 0.0861734 secs] 1758477K->1451464K(3106432K) icms_dc=12 , 0.0870880 secs] [Times: user=0.90 sys=0.07, real=0.09 secs] 
5476.957: [GC 5476.957: [ParNew: 345017K->28689K(353920K), 0.0701527 secs] 1766088K->1454291K(3106432K) icms_dc=12 , 0.0710843 secs] [Times: user=0.82 sys=0.06, real=0.07 secs] 
5477.773: [GC 5477.774: [ParNew: 343313K->32631K(353920K), 0.1082844 secs] 1768915K->1458233K(3106432K) icms_dc=12 , 0.1091927 secs] [Times: user=0.91 sys=0.09, real=0.11 secs] 
5478.574: [GC 5478.574: [ParNew: 347255K->38635K(353920K), 0.1384266 secs] 1772857K->1471855K(3106432K) icms_dc=12 , 0.1393570 secs] [Times: user=1.26 sys=0.17, real=0.14 secs] 
5479.542: [GC 5479.543: [ParNew: 353903K->37348K(353920K), 0.0654328 secs] 1787243K->1474791K(3106432K) icms_dc=12 , 0.0664073 secs] [Times: user=0.75 sys=0.01, real=0.07 secs] 
5479.621: [GC 5479.621: [ParNew: 37676K->34940K(353920K), 0.0644770 secs] 1475120K->1478149K(3106432K) icms_dc=14 , 0.0652751 secs] [Times: user=0.64 sys=0.01, real=0.07 secs] 
5480.522: [GC 5480.522: [ParNew: 349564K->35632K(353920K), 0.1706936 secs] 1792773K->1478841K(3106432K) icms_dc=14 , 0.1716092 secs] [Times: user=1.35 sys=0.31, real=0.17 secs] 
5481.550: [GC 5481.551: [ParNew: 350546K->24870K(353920K), 0.1422949 secs] 1793755K->1478204K(3106432K) icms_dc=14 , 0.1432028 secs] [Times: user=1.22 sys=0.19, real=0.14 secs] 
5481.705: [GC 5481.706: [ParNew: 25298K->20194K(353920K), 0.0499711 secs] 1478631K->1473528K(3106432K) icms_dc=18 , 0.0506918 secs] [Times: user=0.45 sys=0.01, real=0.05 secs] 
5482.636: [GC 5482.637: [ParNew: 334818K->27933K(353920K), 0.1018098 secs] 1788152K->1481267K(3106432K) icms_dc=18 , 0.1027432 secs] [Times: user=0.80 sys=0.07, real=0.10 secs] 
5483.524: [GC 5483.524: [ParNew: 342557K->29725K(353920K), 0.0741652 secs] 1795891K->1486037K(3106432K) icms_dc=18 , 0.0750745 secs] [Times: user=0.83 sys=0.08, real=0.08 secs] 
5484.382: [GC 5484.383: [ParNew: 344349K->27501K(353920K), 0.0805696 secs] 1800661K->1489578K(3106432K) icms_dc=18 , 0.0815548 secs] [Times: user=0.84 sys=0.05, real=0.08 secs] 
5485.290: [GC 5485.290: [ParNew: 342125K->26686K(353920K), 0.0768424 secs] 1804202K->1488764K(3106432K) icms_dc=18 , 0.0779606 secs] [Times: user=0.81 sys=0.10, real=0.08 secs] 
5486.182: [GC 5486.182: [ParNew: 341310K->33633K(353920K), 0.0630290 secs] 1803388K->1498426K(3106432K) icms_dc=18 , 0.0639294 secs] [Times: user=0.73 sys=0.02, real=0.06 secs] 
5487.015: [GC 5487.015: [ParNew: 349122K->32452K(353920K), 0.0823284 secs] 1813915K->1502803K(3106432K) icms_dc=18 , 0.0832450 secs] [Times: user=0.95 sys=0.07, real=0.08 secs] 
5487.116: [GC 5487.117: [ParNew: 35700K->27519K(353920K), 0.1394941 secs] 1506052K->1504239K(3106432K) icms_dc=18 , 0.1402808 secs] [Times: user=1.03 sys=0.23, real=0.14 secs] 
5488.109: [GC 5488.110: [ParNew: 342956K->28697K(353920K), 0.0577852 secs] 1819676K->1505418K(3106432K) icms_dc=18 , 0.0586941 secs] [Times: user=0.63 sys=0.03, real=0.06 secs] 
5488.179: [GC 5488.180: [ParNew: 28877K->24422K(353920K), 0.0501976 secs] 1505597K->1506246K(3106432K) icms_dc=18 , 0.0509488 secs] [Times: user=0.62 sys=0.03, real=0.05 secs] 
5489.206: [GC 5489.206: [ParNew: 339046K->27355K(353920K), 0.1473025 secs] 1820870K->1509179K(3106432K) icms_dc=18 , 0.1482149 secs] [Times: user=1.08 sys=0.27, real=0.15 secs] 
5490.155: [GC 5490.155: [ParNew: 341979K->30498K(353920K), 0.1684132 secs] 1823803K->1512323K(3106432K) icms_dc=18 , 0.1693760 secs] [Times: user=1.33 sys=0.29, real=0.17 secs] 
5491.121: [GC 5491.121: [ParNew: 345122K->32607K(353920K), 0.0695891 secs] 1826947K->1518712K(3106432K) icms_dc=18 , 0.0705763 secs] [Times: user=0.80 sys=0.02, real=0.07 secs] 
5491.937: [GC 5491.938: [ParNew: 347231K->36768K(353920K), 0.1282047 secs] 1833336K->1526526K(3106432K) icms_dc=18 , 0.1291605 secs] [Times: user=0.99 sys=0.11, real=0.13 secs] 
5492.830: [GC 5492.831: [ParNew: 351392K->34276K(353920K), 0.0768087 secs] 1841150K->1526692K(3106432K) icms_dc=18 , 0.0777145 secs] [Times: user=0.87 sys=0.06, real=0.08 secs] 
5493.709: [GC 5493.709: [ParNew: 349452K->32530K(353920K), 0.1382094 secs] 1841868K->1530068K(3106432K) icms_dc=18 , 0.1390896 secs] [Times: user=1.24 sys=0.21, real=0.14 secs] 
5493.860: [GC 5493.860: [ParNew: 33093K->27719K(353920K), 0.0479036 secs] 1530631K->1530685K(3106432K) icms_dc=18 , 0.0486535 secs] [Times: user=0.58 sys=0.02, real=0.05 secs] 
5494.736: [GC 5494.737: [ParNew: 342343K->26495K(353920K), 0.1223968 secs] 1845309K->1529462K(3106432K) icms_dc=18 , 0.1232815 secs] [Times: user=1.04 sys=0.21, real=0.12 secs] 
5495.611: [GC 5495.631: [ParNew: 341173K->24637K(353920K), 0.0779699 secs] 1844140K->1532125K(3106432K) icms_dc=18 , 0.0789046 secs] [Times: user=0.78 sys=0.06, real=0.10 secs] 
5496.062: [CMS-concurrent-mark: 5.131/41.072 secs] [Times: user=1010.29 sys=29.40, real=41.07 secs] 
5496.063: [CMS-concurrent-preclean-start]
5496.503: [GC 5496.503: [ParNew: 339261K->30915K(353920K), 0.0544089 secs] 1846749K->1538403K(3106432K) icms_dc=18 , 0.0553090 secs] [Times: user=0.62 sys=0.03, real=0.06 secs] 
5497.363: [GC 5497.363: [ParNew: 345539K->32266K(353920K), 0.1226162 secs] 1853027K->1545245K(3106432K) icms_dc=18 , 0.1235074 secs] [Times: user=1.14 sys=0.21, real=0.12 secs] 
5498.186: [GC 5498.187: [ParNew: 346890K->31509K(353920K), 0.1637594 secs] 1859869K->1548746K(3106432K) icms_dc=18 , 0.1647184 secs] [Times: user=1.35 sys=0.30, real=0.17 secs] 
5499.044: [GC 5499.044: [ParNew: 346133K->29861K(353920K), 0.0524530 secs] 1863370K->1547098K(3106432K) icms_dc=18 , 0.0533906 secs] [Times: user=0.67 sys=0.03, real=0.05 secs] 
5499.944: [GC 5499.945: [ParNew: 344606K->31601K(353920K), 0.0586244 secs] 1861844K->1551404K(3106432K) icms_dc=18 , 0.0595554 secs] [Times: user=0.69 sys=0.03, real=0.06 secs] 
5500.016: [GC 5500.017: [ParNew: 32447K->24439K(353920K), 0.0560036 secs] 1552250K->1550843K(3106432K) icms_dc=18 , 0.0567947 secs] [Times: user=0.62 sys=0.02, real=0.06 secs] 
5500.915: [GC 5500.915: [ParNew: 338983K->25918K(353920K), 0.0790917 secs] 1865387K->1552321K(3106432K) icms_dc=18 , 0.0800521 secs] [Times: user=0.74 sys=0.10, real=0.08 secs] 
5501.915: [GC 5501.916: [ParNew: 340642K->29787K(353920K), 0.0564813 secs] 1867046K->1556191K(3106432K) icms_dc=18 , 0.0573543 secs] [Times: user=0.62 sys=0.03, real=0.06 secs] 
5502.749: [GC 5502.750: [ParNew: 344411K->31172K(353920K), 0.1315322 secs] 1870815K->1560216K(3106432K) icms_dc=18 , 0.1323966 secs] [Times: user=1.17 sys=0.19, real=0.13 secs] 
5503.624: [GC 5503.625: [ParNew: 345796K->31842K(353920K), 0.1008237 secs] 1874840K->1565462K(3106432K) icms_dc=18 , 0.1017324 secs] [Times: user=1.01 sys=0.12, real=0.10 secs] 
5504.472: [GC 5504.472: [ParNew: 347092K->31544K(353920K), 0.0611373 secs] 1880712K->1566837K(3106432K) icms_dc=18 , 0.0620014 secs] [Times: user=0.69 sys=0.04, real=0.06 secs] 
5504.546: [GC 5504.546: [ParNew: 32248K->24574K(353920K), 0.0606544 secs] 1567540K->1566786K(3106432K) icms_dc=18 , 0.0614469 secs] [Times: user=0.62 sys=0.03, real=0.06 secs] 
5505.331: [GC 5505.331: [ParNew: 339198K->28394K(353920K), 0.1183424 secs] 1881410K->1570606K(3106432K) icms_dc=18 , 0.1192736 secs] [Times: user=1.08 sys=0.20, real=0.12 secs] 
5506.210: [GC 5506.211: [ParNew: 343018K->29616K(353920K), 0.0738835 secs] 1885230K->1575009K(3106432K) icms_dc=18 , 0.0747628 secs] [Times: user=0.74 sys=0.06, real=0.08 secs] 
5507.060: [GC 5507.061: [ParNew: 344240K->27360K(353920K), 0.1226074 secs] 1889633K->1576509K(3106432K) icms_dc=18 , 0.1234806 secs] [Times: user=1.04 sys=0.19, real=0.12 secs] 
5507.934: [GC 5507.935: [ParNew: 341984K->31894K(353920K), 0.0519048 secs] 1891133K->1581042K(3106432K) icms_dc=18 , 0.0527739 secs] [Times: user=0.58 sys=0.01, real=0.05 secs] 
5508.733: [GC 5508.734: [ParNew: 346518K->32610K(353920K), 0.1361711 secs] 1895666K->1584410K(3106432K) icms_dc=18 , 0.1371032 secs] [Times: user=1.22 sys=0.21, real=0.14 secs] 
5509.679: [GC 5509.680: [ParNew: 347234K->37416K(353920K), 0.1512873 secs] 1899034K->1591522K(3106432K) icms_dc=18 , 0.1521790 secs] [Times: user=1.17 sys=0.21, real=0.15 secs] 
5510.576: [GC 5510.577: [ParNew: 352040K->21846K(353920K), 0.0690967 secs] 1906146K->1581465K(3106432K) icms_dc=18 , 0.0700138 secs] [Times: user=0.69 sys=0.04, real=0.07 secs] 
5511.360: [GC 5511.361: [ParNew: 336470K->29389K(353920K), 0.0535612 secs] 1896089K->1589008K(3106432K) icms_dc=18 , 0.0544415 secs] [Times: user=0.61 sys=0.04, real=0.05 secs] 
5512.224: [GC 5512.225: [ParNew: 344013K->22486K(353920K), 0.0553207 secs] 1903632K->1586721K(3106432K) icms_dc=18 , 0.0561991 secs] [Times: user=0.62 sys=0.01, real=0.06 secs] 
5513.020: [GC 5513.021: [ParNew: 337110K->28392K(353920K), 0.0801270 secs] 1901345K->1592627K(3106432K) icms_dc=18 , 0.0809834 secs] [Times: user=0.71 sys=0.04, real=0.08 secs] 
5513.850: [GC 5513.851: [ParNew: 343016K->28202K(353920K), 0.0851140 secs] 1907251K->1592437K(3106432K) icms_dc=18 , 0.0860284 secs] [Times: user=0.89 sys=0.13, real=0.09 secs] 
5514.708: [GC 5514.708: [ParNew: 342826K->32728K(353920K), 0.0592963 secs] 1907061K->1596962K(3106432K) icms_dc=18 , 0.0602009 secs] [Times: user=0.63 sys=0.03, real=0.06 secs] 
5515.599: [GC 5515.600: [ParNew: 347225K->29296K(353920K), 0.0614715 secs] 1911460K->1598303K(3106432K) icms_dc=18 , 0.0623969 secs] [Times: user=0.76 sys=0.02, real=0.06 secs] 
5516.377: [GC 5516.377: [ParNew: 343850K->33479K(353920K), 0.1021373 secs] 1912857K->1604113K(3106432K) icms_dc=18 , 0.1030831 secs] [Times: user=0.97 sys=0.14, real=0.10 secs] 
5517.293: [GC 5517.293: [ParNew: 348103K->26314K(353920K), 0.0808481 secs] 1918737K->1602072K(3106432K) icms_dc=18 , 0.0817155 secs] [Times: user=0.77 sys=0.08, real=0.08 secs] 
5518.167: [GC 5518.168: [ParNew: 340938K->26088K(353920K), 0.1139620 secs] 1916696K->1601846K(3106432K) icms_dc=18 , 0.1148408 secs] [Times: user=0.95 sys=0.21, real=0.12 secs] 
5519.063: [GC 5519.064: [ParNew: 340712K->30357K(353920K), 0.0567870 secs] 1916470K->1606115K(3106432K) icms_dc=18 , 0.0576597 secs] [Times: user=0.62 sys=0.03, real=0.06 secs] 
5519.954: [GC 5519.954: [ParNew: 344981K->32841K(353920K), 0.0669832 secs] 1920739K->1610752K(3106432K) icms_dc=18 , 0.0678746 secs] [Times: user=0.64 sys=0.02, real=0.07 secs] 
5520.358: [CMS-concurrent-preclean: 3.641/24.295 secs] [Times: user=622.45 sys=17.45, real=24.30 secs] 
5520.359: [CMS-concurrent-abortable-preclean-start]
5520.846: [GC 5520.846: [ParNew: 347767K->32350K(353920K), 0.0764100 secs] 1925679K->1614551K(3106432K) icms_dc=18 , 0.0773869 secs] [Times: user=0.69 sys=0.03, real=0.08 secs] 
5520.936: [GC 5520.937: [ParNew: 33337K->26222K(353920K), 0.0415304 secs] 1615538K->1608423K(3106432K) icms_dc=18 , 0.0423056 secs] [Times: user=0.53 sys=0.03, real=0.04 secs] 
5521.726: [GC 5521.726: [ParNew: 340846K->30361K(353920K), 0.0586485 secs] 1923047K->1612563K(3106432K) icms_dc=18 , 0.0595728 secs] [Times: user=0.74 sys=0.06, real=0.06 secs] 
5522.565: [GC 5522.565: [ParNew: 344985K->27854K(353920K), 0.0482335 secs] 1927187K->1613971K(3106432K) icms_dc=18 , 0.0491087 secs] [Times: user=0.63 sys=0.02, real=0.05 secs] 
5523.329: [GC 5523.329: [ParNew: 342478K->29345K(353920K), 0.0537758 secs] 1928595K->1615462K(3106432K) icms_dc=18 , 0.0546398 secs] [Times: user=0.57 sys=0.03, real=0.06 secs] 
5523.719: [CMS-concurrent-abortable-preclean: 0.497/3.361 secs] [Times: user=88.23 sys=2.25, real=3.36 secs] 
5523.734: [GC[YG occupancy: 165753 K (353920 K)]5523.734: [Rescan (parallel) , 0.5922859 secs]5524.327: [weak refs processing, 0.0310967 secs] [1 CMS-remark: 1586116K(2752512K)] 1751870K(3106432K), 0.6248474 secs] [Times: user=3.79 sys=1.48, real=0.63 secs] 
5524.360: [CMS-concurrent-sweep-start]
5524.844: [GC 5524.844: [ParNew: 344469K->31593K(353920K), 0.1255381 secs] 1930409K->1619238K(3106432K) icms_dc=18 , 0.1264954 secs] [Times: user=0.96 sys=0.12, real=0.13 secs] 
5524.982: [GC 5524.983: [ParNew: 32320K->28538K(353920K), 0.0508555 secs] 1619965K->1619226K(3106432K) icms_dc=18 , 0.0515758 secs] [Times: user=0.60 sys=0.04, real=0.05 secs] 
5525.855: [GC 5525.856: [ParNew: 343449K->29251K(353920K), 0.0582324 secs] 1933835K->1619637K(3106432K) icms_dc=18 , 0.0591718 secs] [Times: user=0.60 sys=0.03, real=0.06 secs] 
5525.926: [GC 5525.927: [ParNew: 30213K->25286K(353920K), 0.0410633 secs] 1620598K->1618185K(3106432K) icms_dc=18 , 0.0418030 secs] [Times: user=0.55 sys=0.03, real=0.04 secs] 
5526.811: [GC 5526.811: [ParNew: 339910K->32635K(353920K), 0.0739281 secs] 1932605K->1625330K(3106432K) icms_dc=18 , 0.0748646 secs] [Times: user=0.68 sys=0.03, real=0.08 secs] 
5527.690: [GC 5527.691: [ParNew: 347259K->28213K(353920K), 0.1548120 secs] 1939765K->1625247K(3106432K) icms_dc=18 , 0.1558194 secs] [Times: user=1.14 sys=0.24, real=0.16 secs] 
5528.757: [GC 5528.757: [ParNew: 342912K->25968K(353920K), 0.0629337 secs] 1939675K->1625598K(3106432K) icms_dc=18 , 0.0840318 secs] [Times: user=0.62 sys=0.02, real=0.08 secs] 
5528.854: [GC 5528.855: [ParNew: 26436K->24402K(353920K), 0.0430640 secs] 1626066K->1624032K(3106432K) icms_dc=18 , 0.0438226 secs] [Times: user=0.51 sys=0.03, real=0.04 secs] 
5529.719: [GC 5529.719: [ParNew: 339026K->26487K(353920K), 0.0638819 secs] 1937596K->1625057K(3106432K) icms_dc=18 , 0.0647884 secs] [Times: user=0.60 sys=0.03, real=0.07 secs] 
5530.568: [GC 5530.569: [ParNew: 341111K->34282K(353920K), 0.1055686 secs] 1937687K->1630858K(3106432K) icms_dc=18 , 0.1065010 secs] [Times: user=0.83 sys=0.09, real=0.11 secs] 
5531.400: [GC 5531.401: [ParNew: 348906K->33941K(353920K), 0.0538266 secs] 1945143K->1632291K(3106432K) icms_dc=18 , 0.0547300 secs] [Times: user=0.71 sys=0.03, real=0.06 secs] 
5532.263: [GC 5532.263: [ParNew: 348619K->28063K(353920K), 0.0884866 secs] 1946535K->1630913K(3106432K) icms_dc=18 , 0.0894170 secs] [Times: user=0.87 sys=0.07, real=0.09 secs] 
5532.364: [GC 5532.365: [ParNew: 29116K->27236K(353920K), 0.0440051 secs] 1631966K->1630087K(3106432K) icms_dc=18 , 0.0447866 secs] [Times: user=0.57 sys=0.03, real=0.05 secs] 
5533.128: [GC 5533.128: [ParNew: 341989K->31486K(353920K), 0.0496140 secs] 1943619K->1633116K(3106432K) icms_dc=18 , 0.0505235 secs] [Times: user=0.65 sys=0.04, real=0.05 secs] 
5534.001: [GC 5534.002: [ParNew: 346110K->33568K(353920K), 0.1047154 secs] 1943601K->1634403K(3106432K) icms_dc=18 , 0.1055807 secs] [Times: user=0.90 sys=0.11, real=0.11 secs] 
5534.879: [GC 5534.880: [ParNew: 348192K->29209K(353920K), 0.0984654 secs] 1948717K->1634104K(3106432K) icms_dc=18 , 0.0993371 secs] [Times: user=0.86 sys=0.09, real=0.10 secs] 
5535.788: [GC 5535.788: [ParNew: 343875K->27210K(353920K), 0.1293769 secs] 1947731K->1631067K(3106432K) icms_dc=18 , 0.1302314 secs] [Times: user=1.09 sys=0.26, real=0.13 secs] 
5535.929: [GC 5535.930: [ParNew: 27557K->29204K(353920K), 0.0380247 secs] 1631414K->1633060K(3106432K) icms_dc=18 , 0.0387308 secs] [Times: user=0.54 sys=0.04, real=0.04 secs] 
5536.765: [GC 5536.765: [ParNew: 343828K->29513K(353920K), 0.0696544 secs] 1945907K->1631592K(3106432K) icms_dc=18 , 0.0705117 secs] [Times: user=0.76 sys=0.08, real=0.07 secs] 
5537.637: [GC 5537.638: [ParNew: 344127K->33508K(353920K), 0.1149897 secs] 1944351K->1636672K(3106432K) icms_dc=18 , 0.1158824 secs] [Times: user=0.88 sys=0.10, real=0.12 secs] 
5538.616: [GC 5538.616: [ParNew: 348132K->29992K(353920K), 0.0681072 secs] 1949590K->1633130K(3106432K) icms_dc=18 , 0.0690108 secs] [Times: user=0.73 sys=0.04, real=0.07 secs] 
5539.523: [GC 5539.523: [ParNew: 344616K->28483K(353920K), 0.0698032 secs] 1946338K->1633623K(3106432K) icms_dc=18 , 0.0706754 secs] [Times: user=0.79 sys=0.04, real=0.07 secs] 
5540.276: [GC 5540.277: [ParNew: 343107K->34213K(353920K), 0.0887572 secs] 1946600K->1637706K(3106432K) icms_dc=18 , 0.0896722 secs] [Times: user=0.74 sys=0.05, real=0.09 secs] 
5541.002: [GC 5541.002: [ParNew: 348837K->37712K(353920K), 0.0610291 secs] 1951587K->1644997K(3106432K) icms_dc=18 , 0.0619283 secs] [Times: user=0.80 sys=0.03, real=0.06 secs] 
5541.766: [GC 5541.767: [ParNew: 352336K->36750K(353920K), 0.0865875 secs] 1957799K->1647222K(3106432K) icms_dc=18 , 0.0875121 secs] [Times: user=0.92 sys=0.07, real=0.09 secs] 
5542.711: [GC 5542.712: [ParNew: 351780K->33953K(353920K), 0.0701662 secs] 1959323K->1645534K(3106432K) icms_dc=18 , 0.0710869 secs] [Times: user=0.68 sys=0.01, real=0.07 secs] 
5542.795: [GC 5542.795: [ParNew: 34091K->26027K(353920K), 0.0426201 secs] 1645673K->1637609K(3106432K) icms_dc=18 , 0.0434117 secs] [Times: user=0.54 sys=0.03, real=0.04 secs] 
5543.641: [GC 5543.641: [ParNew: 340706K->31995K(353920K), 0.0492772 secs] 1950375K->1641663K(3106432K) icms_dc=18 , 0.0502458 secs] [Times: user=0.65 sys=0.01, real=0.05 secs] 
5543.704: [GC 5543.705: [ParNew: 33044K->32907K(353920K), 0.1104633 secs] 1642712K->1645597K(3106432K) icms_dc=18 , 0.1112026 secs] [Times: user=1.04 sys=0.18, real=0.11 secs] 
5544.565: [GC 5544.566: [ParNew: 347531K->30968K(353920K), 0.0706124 secs] 1956841K->1640277K(3106432K) icms_dc=18 , 0.0716239 secs] [Times: user=0.71 sys=0.03, real=0.07 secs] 
5545.410: [GC 5545.411: [ParNew: 345592K->29302K(353920K), 0.1173382 secs] 1950482K->1641278K(3106432K) icms_dc=18 , 0.1182255 secs] [Times: user=0.89 sys=0.11, real=0.12 secs] 
5546.289: [GC 5546.290: [ParNew: 343953K->29743K(353920K), 0.1628895 secs] 1951085K->1636875K(3106432K) icms_dc=18 , 0.1639498 secs] [Times: user=1.27 sys=0.31, real=0.16 secs] 
5546.466: [GC 5546.466: [ParNew: 30157K->28679K(353920K), 0.0461042 secs] 1637289K->1639273K(3106432K) icms_dc=18 , 0.0469470 secs] [Times: user=0.59 sys=0.03, real=0.05 secs] 
5547.324: [GC 5547.324: [ParNew: 343303K->37102K(353920K), 0.0554802 secs] 1948212K->1642012K(3106432K) icms_dc=18 , 0.0563800 secs] [Times: user=0.67 sys=0.03, real=0.06 secs] 
5548.072: [GC 5548.073: [ParNew: 351655K->33299K(353920K), 0.0696973 secs] 1951307K->1640031K(3106432K) icms_dc=18 , 0.0705893 secs] [Times: user=0.82 sys=0.05, real=0.07 secs] 
5548.912: [GC 5548.913: [ParNew: 347923K->31651K(353920K), 0.0983256 secs] 1947543K->1634470K(3106432K) icms_dc=18 , 0.0992397 secs] [Times: user=1.01 sys=0.13, real=0.10 secs] 
5549.836: [GC 5549.836: [ParNew: 346275K->29076K(353920K), 0.0725627 secs] 1941633K->1627728K(3106432K) icms_dc=18 , 0.0734918 secs] [Times: user=0.86 sys=0.07, real=0.07 secs] 
5550.733: [GC 5550.734: [ParNew: 343700K->27023K(353920K), 0.0529108 secs] 1936998K->1623367K(3106432K) icms_dc=18 , 0.0538306 secs] [Times: user=0.68 sys=0.04, real=0.05 secs] 
5551.643: [GC 5551.643: [ParNew: 341551K->31410K(353920K), 0.0701739 secs] 1924621K->1618197K(3106432K) icms_dc=18 , 0.0711032 secs] [Times: user=0.69 sys=0.03, real=0.07 secs] 
5552.362: [GC 5552.362: [ParNew: 346034K->34219K(353920K), 0.1014317 secs] 1925793K->1617917K(3106432K) icms_dc=18 , 0.1023163 secs] [Times: user=0.73 sys=0.02, real=0.10 secs] 
5553.170: [GC 5553.171: [ParNew: 348936K->30900K(353920K), 0.1056085 secs] 1926591K->1613146K(3106432K) icms_dc=18 , 0.1065056 secs] [Times: user=0.93 sys=0.11, real=0.11 secs] 
5553.289: [GC 5553.289: [ParNew: 31675K->24782K(353920K), 0.0575442 secs] 1613922K->1612367K(3106432K) icms_dc=18 , 0.0582540 secs] [Times: user=0.62 sys=0.05, real=0.06 secs] 
5554.144: [GC 5554.144: [ParNew: 339406K->29815K(353920K), 0.0605411 secs] 1917413K->1607822K(3106432K) icms_dc=18 , 0.0615563 secs] [Times: user=0.64 sys=0.01, real=0.06 secs] 
5554.993: [GC 5554.994: [ParNew: 344439K->27816K(353920K), 0.0687038 secs] 1915563K->1608559K(3106432K) icms_dc=18 , 0.0695997 secs] [Times: user=0.73 sys=0.01, real=0.07 secs] 
5555.882: [GC 5555.882: [ParNew: 342440K->30916K(353920K), 0.1112257 secs] 1915807K->1604283K(3106432K) icms_dc=18 , 0.1122251 secs] [Times: user=1.01 sys=0.17, real=0.11 secs] 
5556.814: [GC 5556.814: [ParNew: 345540K->29125K(353920K), 0.0588342 secs] 1910770K->1598745K(3106432K) icms_dc=18 , 0.0597169 secs] [Times: user=0.66 sys=0.03, real=0.06 secs] 
5557.635: [GC 5557.636: [ParNew: 343749K->28173K(353920K), 0.0636612 secs] 1907516K->1597395K(3106432K) icms_dc=18 , 0.0645523 secs] [Times: user=0.71 sys=0.02, real=0.06 secs] 
5558.571: [GC 5558.572: [ParNew: 342797K->32871K(353920K), 0.0590085 secs] 1905832K->1595906K(3106432K) icms_dc=18 , 0.0599277 secs] [Times: user=0.68 sys=0.04, real=0.06 secs] 
5559.482: [GC 5559.483: [ParNew: 347877K->32804K(353920K), 0.0752695 secs] 1899299K->1587124K(3106432K) icms_dc=18 , 0.0761890 secs] [Times: user=0.72 sys=0.04, real=0.08 secs] 
5559.571: [GC 5559.571: [ParNew: 33200K->27307K(353920K), 0.0511765 secs] 1587520K->1583929K(3106432K) icms_dc=18 , 0.0518981 secs] [Times: user=0.61 sys=0.03, real=0.05 secs] 
5560.456: [GC 5560.457: [ParNew: 341931K->30721K(353920K), 0.1208176 secs] 1893656K->1582446K(3106432K) icms_dc=18 , 0.1218301 secs] [Times: user=0.97 sys=0.16, real=0.12 secs] 
5561.483: [GC 5561.484: [ParNew: 345376K->32161K(353920K), 0.0805586 secs] 1885825K->1575939K(3106432K) icms_dc=18 , 0.0815245 secs] [Times: user=0.82 sys=0.05, real=0.08 secs] 
5561.577: [GC 5561.578: [ParNew: 32837K->26126K(353920K), 0.0450102 secs] 1576615K->1572766K(3106432K) icms_dc=18 , 0.0591572 secs] [Times: user=0.63 sys=0.03, real=0.06 secs] 
5562.370: [GC 5562.370: [ParNew: 340750K->30128K(353920K), 0.0539900 secs] 1880609K->1569987K(3106432K) icms_dc=18 , 0.0548901 secs] [Times: user=0.64 sys=0.02, real=0.06 secs] 
5563.096: [GC 5563.096: [ParNew: 344142K->37795K(353920K), 0.0809109 secs] 1874201K->1569966K(3106432K) icms_dc=18 , 0.0818312 secs] [Times: user=0.82 sys=0.02, real=0.08 secs] 
5563.855: [GC 5563.856: [ParNew: 353033K->34767K(353920K), 0.0580931 secs] 1880195K->1568616K(3106432K) icms_dc=18 , 0.0589983 secs] [Times: user=0.79 sys=0.03, real=0.06 secs] 
5563.926: [GC 5563.927: [ParNew: 35172K->13505K(353920K), 0.0733737 secs] 1569020K->1574098K(3106432K) icms_dc=18 , 0.0740998 secs] [Times: user=0.72 sys=0.04, real=0.07 secs] 
5564.859: [GC 5564.860: [ParNew: 328273K->26641K(353920K), 0.0549786 secs] 1881788K->1580157K(3106432K) icms_dc=18 , 0.0558956 secs] [Times: user=0.64 sys=0.03, real=0.06 secs] 
5564.928: [GC 5564.928: [ParNew: 27286K->9647K(353920K), 0.0839333 secs] 1580801K->1586619K(3106432K) icms_dc=18 , 0.0846721 secs] [Times: user=0.71 sys=0.06, real=0.09 secs] 
5565.830: [GC 5565.831: [ParNew: 324271K->22658K(353920K), 0.1082842 secs] 1886805K->1585193K(3106432K) icms_dc=18 , 0.1091872 secs] [Times: user=0.88 sys=0.12, real=0.11 secs] 
5566.733: [GC 5566.733: [ParNew: 337282K->20872K(353920K), 0.1121029 secs] 1878811K->1571951K(3106432K) icms_dc=18 , 0.1130121 secs] [Times: user=1.04 sys=0.11, real=0.11 secs] 
5567.563: [GC 5567.564: [ParNew: 335496K->29331K(353920K), 0.3173794 secs] 1874065K->1567901K(3106432K) icms_dc=18 , 0.3182671 secs] [Times: user=1.97 sys=0.65, real=0.32 secs] 
5568.560: [GC 5568.561: [ParNew: 343955K->35255K(353920K), 0.1307315 secs] 1876052K->1573360K(3106432K) icms_dc=18 , 0.1316275 secs] [Times: user=0.96 sys=0.06, real=0.13 secs] 
5569.361: [GC 5569.362: [ParNew: 349879K->35094K(353920K), 0.1199253 secs] 1867317K->1557344K(3106432K) icms_dc=18 , 0.1208332 secs] [Times: user=1.08 sys=0.15, real=0.12 secs] 
5570.232: [GC 5570.233: [ParNew: 349718K->33625K(353920K), 0.0560736 secs] 1853317K->1541172K(3106432K) icms_dc=18 , 0.0569478 secs] [Times: user=0.66 sys=0.02, real=0.06 secs] 
5571.163: [GC 5571.163: [ParNew: 348249K->31932K(353920K), 0.0698509 secs] 1828304K->1515664K(3106432K) icms_dc=18 , 0.0707507 secs] [Times: user=0.76 sys=0.08, real=0.07 secs] 
5572.088: [GC 5572.088: [ParNew: 346556K->26268K(353920K), 0.1083678 secs] 1779965K->1465734K(3106432K) icms_dc=18 , 0.1092973 secs] [Times: user=0.84 sys=0.09, real=0.11 secs] 
5572.560: [CMS-concurrent-sweep: 7.818/48.200 secs] [Times: user=1215.63 sys=34.74, real=48.20 secs] 
5572.562: [CMS-concurrent-reset-start]
5572.590: [CMS-concurrent-reset: 0.028/0.028 secs] [Times: user=0.85 sys=0.02, real=0.03 secs] 
5572.937: [GC 5572.938: [ParNew: 341869K->27926K(353920K), 0.0609547 secs] 1763772K->1449830K(3106432K) icms_dc=13 , 0.0618732 secs] [Times: user=0.65 sys=0.03, real=0.06 secs] 
5573.011: [GC 5573.012: [ParNew: 29053K->24718K(353920K), 0.0542087 secs] 1450956K->1451724K(3106432K) icms_dc=13 , 0.0549762 secs] [Times: user=0.64 sys=0.04, real=0.06 secs] 
5573.433: [GC [1 CMS-initial-mark: 1427005K(2752512K)] 1588741K(3106432K), 0.7201108 secs] [Times: user=0.72 sys=0.01, real=0.72 secs] 
5574.154: [CMS-concurrent-mark-start]
5574.522: [GC 5574.523: [ParNew: 339342K->31971K(353920K), 0.0560977 secs] 1766348K->1458976K(3106432K) icms_dc=13 , 0.0570043 secs] [Times: user=0.63 sys=0.03, real=0.06 secs] 
5575.351: [GC 5575.352: [ParNew: 346595K->26721K(353920K), 0.0783502 secs] 1773600K->1458703K(3106432K) icms_dc=13 , 0.0792714 secs] [Times: user=0.81 sys=0.05, real=0.08 secs] 
5576.354: [GC 5576.355: [ParNew: 341345K->30612K(353920K), 0.1049476 secs] 1773327K->1462593K(3106432K) icms_dc=13 , 0.1058577 secs] [Times: user=0.95 sys=0.19, real=0.11 secs] 
5577.235: [GC 5577.236: [ParNew: 345236K->30235K(353920K), 0.0816419 secs] 1777217K->1466171K(3106432K) icms_dc=13 , 0.0826309 secs] [Times: user=0.87 sys=0.09, real=0.08 secs] 
5578.063: [GC 5578.064: [ParNew: 344859K->34421K(353920K), 0.1405057 secs] 1780795K->1472482K(3106432K) icms_dc=13 , 0.1414302 secs] [Times: user=1.11 sys=0.20, real=0.14 secs] 
5578.932: [GC 5578.932: [ParNew: 349045K->38550K(353920K), 0.0959644 secs] 1787106K->1479625K(3106432K) icms_dc=13 , 0.0968643 secs] [Times: user=0.81 sys=0.03, real=0.10 secs] 
5579.747: [GC 5579.748: [ParNew: 353175K->30206K(353920K), 0.0942407 secs] 1794251K->1484612K(3106432K) icms_dc=15 , 0.0951320 secs] [Times: user=0.94 sys=0.05, real=0.10 secs] 
5579.854: [GC 5579.854: [ParNew: 30400K->23275K(353920K), 0.0432368 secs] 1484806K->1477682K(3106432K) icms_dc=19 , 0.0439495 secs] [Times: user=0.51 sys=0.03, real=0.04 secs] 
5580.613: [GC 5580.613: [ParNew: 338239K->33925K(353920K), 0.0940858 secs] 1792645K->1488331K(3106432K) icms_dc=19 , 0.0949824 secs] [Times: user=0.96 sys=0.12, real=0.10 secs] 
5580.720: [GC 5580.721: [ParNew: 35012K->16644K(353920K), 0.1736640 secs] 1489419K->1498718K(3106432K) icms_dc=19 , 0.1743968 secs] [Times: user=0.92 sys=0.08, real=0.17 secs] 
5581.837: [GC 5581.837: [ParNew: 331268K->28951K(353920K), 0.0677387 secs] 1813342K->1511025K(3106432K) icms_dc=19 , 0.0686542 secs] [Times: user=0.75 sys=0.07, real=0.07 secs] 
5582.736: [GC 5582.737: [ParNew: 343575K->24932K(353920K), 0.1436009 secs] 1825649K->1518890K(3106432K) icms_dc=19 , 0.1445552 secs] [Times: user=1.22 sys=0.19, real=0.14 secs] 
5583.680: [GC 5583.681: [ParNew: 339556K->33005K(353920K), 0.0819250 secs] 1833514K->1526964K(3106432K) icms_dc=19 , 0.0828361 secs] [Times: user=0.81 sys=0.07, real=0.08 secs] 
5584.556: [GC 5584.557: [ParNew: 347629K->25861K(353920K), 0.0660237 secs] 1841588K->1526091K(3106432K) icms_dc=19 , 0.0669892 secs] [Times: user=0.77 sys=0.03, real=0.07 secs] 
5585.389: [GC 5585.389: [ParNew: 340485K->36118K(353920K), 0.1023604 secs] 1840715K->1536349K(3106432K) icms_dc=19 , 0.1032874 secs] [Times: user=0.90 sys=0.13, real=0.10 secs] 
5586.163: [GC 5586.164: [ParNew: 350742K->27601K(353920K), 0.0604568 secs] 1850973K->1535936K(3106432K) icms_dc=19 , 0.0613892 secs] [Times: user=0.80 sys=0.02, real=0.06 secs] 
5586.947: [GC 5586.948: [ParNew: 342225K->31836K(353920K), 0.1270630 secs] 1850560K->1545353K(3106432K) icms_dc=19 , 0.1279790 secs] [Times: user=1.14 sys=0.20, real=0.13 secs] 
5587.806: [GC 5587.807: [ParNew: 346460K->35717K(353920K), 0.1412393 secs] 1859977K->1553294K(3106432K) icms_dc=19 , 0.1421804 secs] [Times: user=0.83 sys=0.01, real=0.14 secs] 
5588.705: [GC 5588.706: [ParNew: 350341K->28891K(353920K), 0.1215283 secs] 1867918K->1554228K(3106432K) icms_dc=19 , 0.1224629 secs] [Times: user=1.10 sys=0.13, real=0.12 secs] 
5589.608: [GC 5589.608: [ParNew: 343515K->25638K(353920K), 0.0680337 secs] 1868852K->1550975K(3106432K) icms_dc=19 , 0.0690049 secs] [Times: user=0.72 sys=0.06, real=0.07 secs] 
5590.496: [GC 5590.497: [ParNew: 340350K->27163K(353920K), 0.0605266 secs] 1865687K->1556586K(3106432K) icms_dc=19 , 0.0614617 secs] [Times: user=0.66 sys=0.01, real=0.06 secs] 
5590.570: [GC 5590.571: [ParNew: 27852K->21145K(353920K), 0.0562621 secs] 1557275K->1556443K(3106432K) icms_dc=19 , 0.0569873 secs] [Times: user=0.61 sys=0.04, real=0.06 secs] 
5591.377: [GC 5591.378: [ParNew: 335769K->26826K(353920K), 0.0803489 secs] 1871067K->1562123K(3106432K) icms_dc=19 , 0.0812695 secs] [Times: user=0.72 sys=0.09, real=0.08 secs] 
5592.148: [GC 5592.149: [ParNew: 341450K->33695K(353920K), 0.0868868 secs] 1876747K->1568992K(3106432K) icms_dc=19 , 0.0878090 secs] [Times: user=0.92 sys=0.12, real=0.09 secs] 
5593.036: [GC 5593.036: [ParNew: 348319K->31876K(353920K), 0.1019077 secs] 1883616K->1574737K(3106432K) icms_dc=19 , 0.1027986 secs] [Times: user=1.08 sys=0.09, real=0.10 secs] 
5593.949: [GC 5593.949: [ParNew: 346500K->33224K(353920K), 0.1368883 secs] 1889361K->1579787K(3106432K) icms_dc=19 , 0.1377978 secs] [Times: user=1.15 sys=0.18, real=0.14 secs] 
5594.831: [GC 5594.831: [ParNew: 348723K->30234K(353920K), 0.1231778 secs] 1895287K->1581275K(3106432K) icms_dc=19 , 0.1240774 secs] [Times: user=1.06 sys=0.19, real=0.12 secs] 
5594.967: [GC 5594.988: [ParNew: 30828K->27085K(353920K), 0.0678935 secs] 1581869K->1581994K(3106432K) icms_dc=19 , 0.0686204 secs] [Times: user=0.77 sys=0.08, real=0.09 secs] 
5595.832: [GC 5595.833: [ParNew: 341709K->34859K(353920K), 0.0603171 secs] 1896618K->1589768K(3106432K) icms_dc=19 , 0.0612714 secs] [Times: user=0.64 sys=0.04, real=0.06 secs] 
5596.611: [GC 5596.611: [ParNew: 349918K->34103K(353920K), 0.0719810 secs] 1904827K->1593683K(3106432K) icms_dc=19 , 0.0728832 secs] [Times: user=0.83 sys=0.06, real=0.07 secs] 
5596.696: [GC 5596.696: [ParNew: 34673K->25413K(353920K), 0.0510798 secs] 1594253K->1593842K(3106432K) icms_dc=19 , 0.0517874 secs] [Times: user=0.62 sys=0.04, real=0.05 secs] 
5597.538: [GC 5597.539: [ParNew: 339984K->33652K(353920K), 0.1053925 secs] 1908414K->1602081K(3106432K) icms_dc=19 , 0.1063060 secs] [Times: user=0.94 sys=0.15, real=0.11 secs] 
5598.371: [GC 5598.371: [ParNew: 348276K->25672K(353920K), 0.1128359 secs] 1916705K->1598121K(3106432K) icms_dc=19 , 0.1137510 secs] [Times: user=1.01 sys=0.17, real=0.11 secs] 
5599.219: [GC 5599.219: [ParNew: 340296K->27477K(353920K), 0.0779347 secs] 1912745K->1605468K(3106432K) icms_dc=19 , 0.0788490 secs] [Times: user=0.78 sys=0.01, real=0.08 secs] 
5600.036: [GC 5600.037: [ParNew: 342101K->27884K(353920K), 0.0549402 secs] 1920092K->1610010K(3106432K) icms_dc=19 , 0.0558706 secs] [Times: user=0.71 sys=0.03, real=0.06 secs] 
5600.905: [GC 5600.905: [ParNew: 342756K->38457K(353920K), 0.0569912 secs] 1924882K->1620583K(3106432K) icms_dc=19 , 0.0579063 secs] [Times: user=0.69 sys=0.03, real=0.06 secs] 
5600.975: [GC 5600.975: [ParNew: 38972K->29768K(353920K), 0.0545175 secs] 1621099K->1622453K(3106432K) icms_dc=19 , 0.0552347 secs] [Times: user=0.74 sys=0.03, real=0.06 secs] 
5601.795: [GC 5601.796: [ParNew: 344392K->35698K(353920K), 0.1205408 secs] 1937077K->1628384K(3106432K) icms_dc=19 , 0.1215285 secs] [Times: user=1.17 sys=0.17, real=0.12 secs] 
5602.725: [GC 5602.725: [ParNew: 350764K->35614K(353920K), 0.0756395 secs] 1943450K->1633978K(3106432K) icms_dc=19 , 0.0765474 secs] [Times: user=0.92 sys=0.06, real=0.08 secs] 
5602.814: [GC 5602.814: [ParNew: 36292K->20070K(353920K), 0.0531811 secs] 1634657K->1625947K(3106432K) icms_dc=19 , 0.0539018 secs] [Times: user=0.66 sys=0.03, real=0.05 secs] 
5603.663: [GC 5603.664: [ParNew: 334821K->27499K(353920K), 0.1080943 secs] 1940698K->1633376K(3106432K) icms_dc=19 , 0.1090248 secs] [Times: user=0.99 sys=0.16, real=0.11 secs] 
5603.786: [GC 5603.786: [ParNew: 28296K->22653K(353920K), 0.0486712 secs] 1634173K->1633326K(3106432K) icms_dc=19 , 0.0494018 secs] [Times: user=0.61 sys=0.04, real=0.05 secs] 
5604.548: [GC 5604.549: [ParNew: 337382K->30131K(353920K), 0.1609224 secs] 1948054K->1640804K(3106432K) icms_dc=19 , 0.1618418 secs] [Times: user=1.31 sys=0.21, real=0.16 secs] 
5604.722: [GC 5604.723: [ParNew: 30746K->20424K(353920K), 0.0542439 secs] 1641418K->1638515K(3106432K) icms_dc=19 , 0.0549782 secs] [Times: user=0.66 sys=0.04, real=0.06 secs] 
5605.131: [CMS-concurrent-mark: 5.202/30.978 secs] [Times: user=788.96 sys=21.50, real=30.98 secs] 
5605.132: [CMS-concurrent-preclean-start]
5605.454: [GC 5605.454: [ParNew: 335048K->32881K(353920K), 0.1580545 secs] 1953139K->1650972K(3106432K) icms_dc=19 , 0.1589948 secs] [Times: user=1.30 sys=0.26, real=0.16 secs] 
5606.277: [GC 5606.277: [ParNew: 347505K->34366K(353920K), 0.1147554 secs] 1965596K->1657558K(3106432K) icms_dc=19 , 0.1156663 secs] [Times: user=1.11 sys=0.13, real=0.12 secs] 
5607.185: [GC 5607.185: [ParNew: 348990K->31750K(353920K), 0.1047326 secs] 1972182K->1661745K(3106432K) icms_dc=19 , 0.1056863 secs] [Times: user=0.97 sys=0.12, real=0.11 secs] 
5608.101: [GC 5608.102: [ParNew: 346374K->30067K(353920K), 0.0725371 secs] 1976369K->1664373K(3106432K) icms_dc=19 , 0.0734975 secs] [Times: user=0.75 sys=0.05, real=0.07 secs] 
5608.983: [GC 5608.984: [ParNew: 344807K->33845K(353920K), 0.0705991 secs] 1979113K->1671509K(3106432K) icms_dc=19 , 0.0715145 secs] [Times: user=0.71 sys=0.03, real=0.07 secs] 
5609.067: [GC 5609.068: [ParNew: 33968K->28067K(353920K), 0.0474766 secs] 1671633K->1671817K(3106432K) icms_dc=19 , 0.0481862 secs] [Times: user=0.62 sys=0.04, real=0.05 secs] 
5609.885: [GC 5609.886: [ParNew: 342691K->33976K(353920K), 0.0655760 secs] 1986441K->1677726K(3106432K) icms_dc=19 , 0.0664968 secs] [Times: user=0.68 sys=0.04, real=0.07 secs] 
5610.698: [GC 5610.699: [ParNew: 348849K->35833K(353920K), 0.1115287 secs] 1992599K->1684308K(3106432K) icms_dc=19 , 0.1124659 secs] [Times: user=1.10 sys=0.12, real=0.11 secs] 
5611.523: [GC 5611.523: [ParNew: 350457K->36273K(353920K), 0.0725773 secs] 1998932K->1689326K(3106432K) icms_dc=19 , 0.0735469 secs] [Times: user=0.78 sys=0.03, real=0.07 secs] 
5612.302: [GC 5612.302: [ParNew: 350897K->29602K(353920K), 0.1127715 secs] 2003950K->1686554K(3106432K) icms_dc=19 , 0.1137170 secs] [Times: user=0.99 sys=0.14, real=0.11 secs] 
5613.115: [GC 5613.115: [ParNew: 344686K->30161K(353920K), 0.0669943 secs] 2001638K->1691464K(3106432K) icms_dc=19 , 0.0679373 secs] [Times: user=0.75 sys=0.04, real=0.07 secs] 
5613.195: [GC 5613.196: [ParNew: 30958K->25033K(353920K), 0.0509623 secs] 1692261K->1691300K(3106432K) icms_dc=19 , 0.0517112 secs] [Times: user=0.65 sys=0.03, real=0.05 secs] 
5614.035: [GC 5614.036: [ParNew: 339678K->33816K(353920K), 0.0551365 secs] 2005945K->1700083K(3106432K) icms_dc=19 , 0.0560630 secs] [Times: user=0.64 sys=0.03, real=0.06 secs] 
5614.103: [GC 5614.104: [ParNew: 33947K->27276K(353920K), 0.0502877 secs] 1700214K->1700136K(3106432K) icms_dc=19 , 0.0509921 secs] [Times: user=0.63 sys=0.03, real=0.05 secs] 
5614.935: [GC 5614.936: [ParNew: 341900K->35363K(353920K), 0.0625837 secs] 2014760K->1708222K(3106432K) icms_dc=19 , 0.0635170 secs] [Times: user=0.73 sys=0.06, real=0.06 secs] 
5615.717: [GC 5615.718: [ParNew: 349987K->31485K(353920K), 0.0753451 secs] 2022846K->1711252K(3106432K) icms_dc=19 , 0.0762687 secs] [Times: user=0.84 sys=0.04, real=0.08 secs] 
5616.570: [GC 5616.570: [ParNew: 346187K->30201K(353920K), 0.0642824 secs] 2025955K->1715918K(3106432K) icms_dc=19 , 0.0652018 secs] [Times: user=0.74 sys=0.03, real=0.07 secs] 
5616.647: [GC 5616.647: [ParNew: 30897K->22615K(353920K), 0.0508766 secs] 1716615K->1713653K(3106432K) icms_dc=20 , 0.0515884 secs] [Times: user=0.61 sys=0.02, real=0.05 secs] 
5617.485: [GC 5617.486: [ParNew: 337239K->33070K(353920K), 0.0916177 secs] 2028277K->1724108K(3106432K) icms_dc=20 , 0.0925482 secs] [Times: user=0.80 sys=0.11, real=0.09 secs] 
5618.218: [GC 5618.219: [ParNew: 347694K->30296K(353920K), 0.0537835 secs] 2038732K->1724861K(3106432K) icms_dc=20 , 0.0547033 secs] [Times: user=0.71 sys=0.02, real=0.06 secs] 
5619.049: [GC 5619.050: [ParNew: 344920K->30780K(353920K), 0.1762034 secs] 2039485K->1730549K(3106432K) icms_dc=20 , 0.1771390 secs] [Times: user=1.36 sys=0.31, real=0.18 secs] 
5620.039: [GC 5620.039: [ParNew: 345585K->28888K(353920K), 0.0632553 secs] 2045354K->1732744K(3106432K) icms_dc=20 , 0.0641703 secs] [Times: user=0.70 sys=0.02, real=0.06 secs] 
5620.115: [GC 5620.116: [ParNew: 29224K->25092K(353920K), 0.0491163 secs] 1733080K->1733881K(3106432K) icms_dc=20 , 0.0498371 secs] [Times: user=0.58 sys=0.03, real=0.05 secs] 
5620.984: [GC 5620.984: [ParNew: 339705K->23647K(353920K), 0.0543621 secs] 2048494K->1732436K(3106432K) icms_dc=20 , 0.0552902 secs] [Times: user=0.61 sys=0.04, real=0.06 secs] 
5621.837: [GC 5621.838: [ParNew: 338271K->28883K(353920K), 0.0610942 secs] 2047060K->1737672K(3106432K) icms_dc=20 , 0.0619941 secs] [Times: user=0.65 sys=0.04, real=0.06 secs] 
5622.619: [GC 5622.620: [ParNew: 343507K->33450K(353920K), 0.1166722 secs] 2052296K->1745642K(3106432K) icms_dc=20 , 0.1175674 secs] [Times: user=1.06 sys=0.16, real=0.12 secs] 
5623.505: [GC 5623.505: [ParNew: 348103K->31210K(353920K), 0.1301946 secs] 2060294K->1749491K(3106432K) icms_dc=20 , 0.1310984 secs] [Times: user=1.05 sys=0.12, real=0.13 secs] 
5623.648: [GC 5623.648: [ParNew: 31557K->25113K(353920K), 0.0431477 secs] 1749837K->1743393K(3106432K) icms_dc=20 , 0.0438420 secs] [Times: user=0.58 sys=0.04, real=0.04 secs] 
5624.386: [GC 5624.387: [ParNew: 339737K->32947K(353920K), 0.0684895 secs] 2058017K->1751228K(3106432K) icms_dc=20 , 0.0898585 secs] [Times: user=0.78 sys=0.08, real=0.09 secs] 
5625.170: [GC 5625.171: [ParNew: 347571K->31902K(353920K), 0.1118964 secs] 2065852K->1755695K(3106432K) icms_dc=20 , 0.1128336 secs] [Times: user=0.99 sys=0.13, real=0.11 secs] 
5626.092: [GC 5626.092: [ParNew: 347530K->29213K(353920K), 0.0624376 secs] 2071323K->1755540K(3106432K) icms_dc=20 , 0.0633654 secs] [Times: user=0.65 sys=0.03, real=0.06 secs] 
5626.847: [GC 5626.848: [ParNew: 343837K->32724K(353920K), 0.0576321 secs] 2070164K->1762930K(3106432K) icms_dc=20 , 0.0585561 secs] [Times: user=0.78 sys=0.04, real=0.06 secs] 
5627.701: [GC 5627.702: [ParNew: 347348K->33399K(353920K), 0.1016770 secs] 2077554K->1767071K(3106432K) icms_dc=20 , 0.1025941 secs] [Times: user=0.72 sys=0.02, real=0.10 secs] 
5628.507: [GC 5628.508: [ParNew: 348023K->34111K(353920K), 0.0752762 secs] 2081695K->1771311K(3106432K) icms_dc=20 , 0.0761995 secs] [Times: user=0.79 sys=0.05, real=0.08 secs] 
5629.266: [GC 5629.267: [ParNew: 348735K->29302K(353920K), 0.0687412 secs] 2085935K->1769945K(3106432K) icms_dc=20 , 0.0697507 secs] [Times: user=0.68 sys=0.02, real=0.07 secs] 
5630.079: [GC 5630.079: [ParNew: 344091K->35062K(353920K), 0.0583545 secs] 2084734K->1775705K(3106432K) icms_dc=20 , 0.0592746 secs] [Times: user=0.66 sys=0.03, real=0.06 secs] 
5630.150: [GC 5630.151: [ParNew: 35404K->28446K(353920K), 0.0570804 secs] 1776047K->1777860K(3106432K) icms_dc=20 , 0.0578031 secs] [Times: user=0.66 sys=0.02, real=0.06 secs] 
5630.994: [GC 5630.995: [ParNew: 343070K->32288K(353920K), 0.0708112 secs] 2092484K->1781702K(3106432K) icms_dc=20 , 0.0717447 secs] [Times: user=0.78 sys=0.07, real=0.07 secs] 
5631.892: [GC 5631.893: [ParNew: 346912K->30308K(353920K), 0.0794360 secs] 2096326K->1783584K(3106432K) icms_dc=20 , 0.0803370 secs] [Times: user=0.79 sys=0.07, real=0.08 secs] 
5632.635: [GC 5632.636: [ParNew: 344932K->25712K(353920K), 0.0554387 secs] 2098208K->1784148K(3106432K) icms_dc=20 , 0.0563828 secs] [Times: user=0.68 sys=0.03, real=0.06 secs] 
5633.423: [GC 5633.424: [ParNew: 340336K->35527K(353920K), 0.1238023 secs] 2098772K->1793963K(3106432K) icms_dc=20 , 0.1246963 secs] [Times: user=1.06 sys=0.21, real=0.13 secs] 
5634.284: [GC 5634.285: [ParNew: 350432K->34196K(353920K), 0.1288428 secs] 2108868K->1798953K(3106432K) icms_dc=20 , 0.1297462 secs] [Times: user=1.11 sys=0.18, real=0.13 secs] 
5634.427: [GC 5634.427: [ParNew: 35228K->26276K(353920K), 0.1181864 secs] 1799985K->1797676K(3106432K) icms_dc=20 , 0.1189135 secs] [Times: user=0.97 sys=0.19, real=0.12 secs] 
5635.291: [GC 5635.292: [ParNew: 340900K->28448K(353920K), 0.0641665 secs] 2112300K->1799848K(3106432K) icms_dc=20 , 0.0650987 secs] [Times: user=0.67 sys=0.04, real=0.07 secs] 
5636.089: [GC 5636.090: [ParNew: 343072K->25721K(353920K), 0.0749152 secs] 2114472K->1800437K(3106432K) icms_dc=20 , 0.0761518 secs] [Times: user=0.75 sys=0.01, real=0.08 secs] 
5636.941: [GC 5636.941: [ParNew: 340345K->33617K(353920K), 0.1014053 secs] 2115061K->1808332K(3106432K) icms_dc=20 , 0.1023005 secs] [Times: user=0.90 sys=0.09, real=0.10 secs] 
5637.450: [CMS-concurrent-preclean: 5.137/32.318 secs] [Times: user=830.63 sys=22.63, real=32.32 secs] 
5637.451: [CMS-concurrent-abortable-preclean-start]
5637.877: [GC 5637.877: [ParNew: 348304K->34392K(353920K), 0.1286361 secs] 2123019K->1814768K(3106432K) icms_dc=20 , 0.1295696 secs] [Times: user=1.08 sys=0.14, real=0.13 secs] 
5638.019: [GC 5638.019: [ParNew: 34936K->29657K(353920K), 0.0677501 secs] 1815312K->1818907K(3106432K) icms_dc=20 , 0.0684871 secs] [Times: user=0.67 sys=0.02, real=0.07 secs] 
5638.859: [GC 5638.859: [ParNew: 344281K->27535K(353920K), 0.1093988 secs] 2133531K->1816786K(3106432K) icms_dc=20 , 0.1103104 secs] [Times: user=0.88 sys=0.15, real=0.11 secs] 
5639.749: [GC 5639.750: [ParNew: 342159K->29878K(353920K), 0.1705368 secs] 2131410K->1824959K(3106432K) icms_dc=20 , 0.1714370 secs] [Times: user=1.22 sys=0.25, real=0.17 secs] 
5640.180: [CMS-concurrent-abortable-preclean: 0.415/2.729 secs] [Times: user=65.56 sys=2.09, real=2.73 secs] 
5640.193: [GC[YG occupancy: 164006 K (353920 K)]5640.193: [Rescan (parallel) , 0.6044792 secs]5640.798: [weak refs processing, 0.0299078 secs] [1 CMS-remark: 1795080K(2752512K)] 1959087K(3106432K), 0.6361736 secs] [Times: user=3.97 sys=1.42, real=0.64 secs] 
5640.830: [CMS-concurrent-sweep-start]
5641.281: [GC 5641.282: [ParNew: 344502K->30891K(353920K), 0.1038034 secs] 2139461K->1829751K(3106432K) icms_dc=20 , 0.1047715 secs] [Times: user=0.85 sys=0.03, real=0.11 secs] 
5642.339: [GC 5642.340: [ParNew: 345607K->39296K(353920K), 0.1550647 secs] 2144160K->1842847K(3106432K) icms_dc=20 , 0.1561299 secs] [Times: user=1.19 sys=0.17, real=0.16 secs] 
5642.508: [GC 5642.509: [ParNew: 39603K->9494K(353920K), 0.1387382 secs] 1843155K->1840789K(3106432K) icms_dc=20 , 0.1395054 secs] [Times: user=0.86 sys=0.10, real=0.14 secs] 
5643.724: [GC 5643.725: [ParNew: 324179K->27336K(353920K), 0.0998434 secs] 2155270K->1858427K(3106432K) icms_dc=20 , 0.1009399 secs] [Times: user=0.95 sys=0.11, real=0.10 secs] 
5643.839: [GC 5643.840: [ParNew: 27543K->7665K(353920K), 0.1482918 secs] 1858634K->1862594K(3106432K) icms_dc=20 , 0.1490850 secs] [Times: user=0.98 sys=0.12, real=0.15 secs] 
5645.047: [GC 5645.048: [ParNew: 322288K->23432K(353920K), 0.1115625 secs] 2176662K->1877806K(3106432K) icms_dc=20 , 0.1126670 secs] [Times: user=0.89 sys=0.11, real=0.11 secs] 
5646.077: [GC 5646.078: [ParNew: 338056K->24999K(353920K), 0.1166426 secs] 2189837K->1887650K(3106432K) icms_dc=20 , 0.1177386 secs] [Times: user=0.87 sys=0.02, real=0.12 secs] 
5646.976: [GC 5646.977: [ParNew: 339615K->32978K(353920K), 0.0811632 secs] 2201378K->1894741K(3106432K) icms_dc=20 , 0.0822702 secs] [Times: user=0.86 sys=0.04, real=0.08 secs] 
5647.736: [GC 5647.736: [ParNew: 347602K->34948K(353920K), 0.1390451 secs] 2209218K->1903917K(3106432K) icms_dc=20 , 0.1401647 secs] [Times: user=1.33 sys=0.17, real=0.14 secs] 
5648.623: [GC 5648.624: [ParNew: 349572K->39296K(353920K), 0.1562628 secs] 2217556K->1915142K(3106432K) icms_dc=20 , 0.1573740 secs] [Times: user=1.16 sys=0.07, real=0.16 secs] 
5649.647: [GC 5649.648: [ParNew: 353920K->39296K(353920K), 0.0931354 secs] 2227144K->1923034K(3106432K) icms_dc=22 , 0.0942278 secs] [Times: user=1.01 sys=0.03, real=0.09 secs] 
5650.513: [GC 5650.514: [ParNew: 353920K->34358K(353920K), 0.1592564 secs] 2236249K->1936390K(3106432K) icms_dc=23 , 0.1603911 secs] [Times: user=1.42 sys=0.08, real=0.16 secs] 
5651.386: [GC 5651.387: [ParNew: 348982K->39296K(353920K), 0.0780829 secs] 2249875K->1941576K(3106432K) icms_dc=23 , 0.0792400 secs] [Times: user=0.84 sys=0.02, real=0.08 secs] 
5652.207: [GC 5652.208: [ParNew: 353920K->33816K(353920K), 0.1265297 secs] 2253694K->1953343K(3106432K) icms_dc=34 , 0.1276840 secs] [Times: user=1.15 sys=0.05, real=0.13 secs] 
5653.090: [GC 5653.091: [ParNew: 348440K->25872K(353920K), 0.1410847 secs] 2263308K->1951512K(3106432K) icms_dc=35 , 0.1422349 secs] [Times: user=1.19 sys=0.15, real=0.14 secs] 
5654.071: [GC 5654.072: [ParNew: 340496K->39295K(353920K), 0.0673380 secs] 2262622K->1961845K(3106432K) icms_dc=35 , 0.0684680 secs] [Times: user=0.81 sys=0.03, real=0.07 secs] 
5654.931: [GC 5654.932: [ParNew: 353919K->33827K(353920K), 0.1237094 secs] 2273557K->1973095K(3106432K) icms_dc=38 , 0.1248734 secs] [Times: user=1.15 sys=0.05, real=0.13 secs] 
5656.015: [GC 5656.016: [ParNew: 348702K->25704K(353920K), 0.0888995 secs] 2283879K->1970310K(3106432K) icms_dc=38 , 0.0900321 secs] [Times: user=0.93 sys=0.05, real=0.09 secs] 
5656.119: [GC 5656.119: [ParNew: 26092K->30915K(353920K), 0.0847295 secs] 1970699K->1975521K(3106432K) icms_dc=45 , 0.0855464 secs] [Times: user=0.77 sys=0.10, real=0.09 secs] 
5656.875: [GC 5656.876: [ParNew: 345539K->34762K(353920K), 0.1160194 secs] 2285215K->1974438K(3106432K) icms_dc=45 , 0.1172036 secs] [Times: user=1.10 sys=0.15, real=0.12 secs] 
5657.864: [GC 5657.865: [ParNew: 349386K->37671K(353920K), 0.1183825 secs] 2275898K->1972736K(3106432K) icms_dc=45 , 0.1196385 secs] [Times: user=1.08 sys=0.04, real=0.12 secs] 
5658.669: [GC 5658.670: [ParNew: 352295K->39295K(353920K), 0.0926532 secs] 2279044K->1974927K(3106432K) icms_dc=45 , 0.1120810 secs] [Times: user=1.03 sys=0.05, real=0.11 secs] 
5659.595: [GC 5659.595: [ParNew: 353919K->39296K(353920K), 0.1196962 secs] 2277613K->1971141K(3106432K) icms_dc=45 , 0.1208877 secs] [Times: user=1.20 sys=0.10, real=0.12 secs] 
5659.730: [GC 5659.730: [ParNew: 39596K->24939K(353920K), 0.0590307 secs] 1971442K->1966390K(3106432K) icms_dc=45 , 0.0599443 secs] [Times: user=0.75 sys=0.02, real=0.06 secs] 
5660.504: [GC 5660.505: [ParNew: 339767K->36197K(353920K), 0.1142924 secs] 2271133K->1967563K(3106432K) icms_dc=45 , 0.1153732 secs] [Times: user=1.15 sys=0.18, real=0.12 secs] 
5660.633: [GC 5660.633: [ParNew: 36730K->12980K(353920K), 0.1050969 secs] 1968097K->1973917K(3106432K) icms_dc=45 , 0.1060088 secs] [Times: user=0.88 sys=0.05, real=0.11 secs] 
5661.438: [GC 5661.439: [ParNew: 327659K->23862K(353920K), 0.2167277 secs] 2273826K->1970028K(3106432K) icms_dc=45 , 0.2179600 secs] [Times: user=1.53 sys=0.42, real=0.22 secs] 
5661.672: [GC 5661.672: [ParNew: 24510K->9387K(353920K), 0.1349461 secs] 1970676K->1975818K(3106432K) icms_dc=45 , 0.1358045 secs] [Times: user=1.11 sys=0.17, real=0.14 secs] 
5662.630: [GC 5662.631: [ParNew: 324011K->39296K(353920K), 0.0738172 secs] 2284170K->2004788K(3106432K) icms_dc=45 , 0.0750239 secs] [Times: user=0.88 sys=0.03, real=0.08 secs] 
5663.639: [GC 5663.640: [ParNew: 353892K->36144K(353920K), 0.1045086 secs] 2310351K->2007777K(3106432K) icms_dc=45 , 0.1057366 secs] [Times: user=1.16 sys=0.02, real=0.11 secs] 
5664.734: [GC 5664.735: [ParNew: 350768K->26940K(353920K), 0.0642517 secs] 2310763K->1994858K(3106432K) icms_dc=45 , 0.0656015 secs] [Times: user=0.80 sys=0.01, real=0.07 secs] 
5665.599: [GC 5665.600: [ParNew: 341564K->32635K(353920K), 0.0572859 secs] 2284757K->1975828K(3106432K) icms_dc=45 , 0.0584677 secs] [Times: user=0.84 sys=0.03, real=0.06 secs] 
5666.504: [GC 5666.505: [ParNew: 347259K->34549K(353920K), 0.1221224 secs] 2248642K->1943364K(3106432K) icms_dc=45 , 0.1232442 secs] [Times: user=1.05 sys=0.07, real=0.12 secs] 
5667.473: [GC 5667.473: [ParNew: 349173K->36194K(353920K), 0.1207745 secs] 2212671K->1905203K(3106432K) icms_dc=45 , 0.1219368 secs] [Times: user=1.06 sys=0.09, real=0.12 secs] 
5668.309: [GC 5668.310: [ParNew: 350917K->32263K(353920K), 0.0750898 secs] 2185750K->1872200K(3106432K) icms_dc=45 , 0.0761729 secs] [Times: user=0.88 sys=0.01, real=0.08 secs] 
5668.401: [GC 5668.401: [ParNew: 33126K->25582K(353920K), 0.0693814 secs] 1873063K->1872368K(3106432K) icms_dc=45 , 0.0702953 secs] [Times: user=0.75 sys=0.03, real=0.07 secs] 
5669.110: [GC 5669.110: [ParNew: 340206K->39295K(353920K), 0.1605117 secs] 2178952K->1878474K(3106432K) icms_dc=45 , 0.1615926 secs] [Times: user=0.85 sys=0.01, real=0.16 secs] 
5669.894: [GC 5669.895: [ParNew: 353919K->32760K(353920K), 0.1718907 secs] 2187978K->1882973K(3106432K) icms_dc=45 , 0.1730025 secs] [Times: user=1.03 sys=0.01, real=0.17 secs] 
5670.714: [GC 5670.715: [ParNew: 348047K->33865K(353920K), 0.0883495 secs] 2185774K->1880610K(3106432K) icms_dc=45 , 0.0894259 secs] [Times: user=0.86 sys=0.02, real=0.09 secs] 
5670.816: [GC 5670.817: [ParNew: 34093K->5177K(353920K), 0.0622880 secs] 1880838K->1875965K(3106432K) icms_dc=45 , 0.0632019 secs] [Times: user=0.67 sys=0.02, real=0.06 secs] 
5671.831: [GC 5671.831: [ParNew: 320222K->30098K(353920K), 0.1257420 secs] 2157146K->1867022K(3106432K) icms_dc=45 , 0.1268171 secs] [Times: user=1.14 sys=0.22, real=0.13 secs] 
5671.970: [GC 5671.971: [ParNew: 30332K->3596K(353920K), 0.0631119 secs] 1867256K->1868572K(3106432K) icms_dc=45 , 0.0639929 secs] [Times: user=0.70 sys=0.02, real=0.06 secs] 
5672.907: [GC 5672.908: [ParNew: 319273K->30209K(353920K), 0.0465677 secs] 2145533K->1856469K(3106432K) icms_dc=45 , 0.0476822 secs] [Times: user=0.71 sys=0.02, real=0.05 secs] 
5672.968: [GC 5672.968: [ParNew: 30702K->3950K(353920K), 0.0700581 secs] 1856963K->1858984K(3106432K) icms_dc=45 , 0.0709399 secs] [Times: user=0.72 sys=0.03, real=0.07 secs] 
5673.967: [GC 5673.968: [ParNew: 318574K->19370K(353920K), 0.1070415 secs] 2126086K->1826882K(3106432K) icms_dc=45 , 0.1082203 secs] [Times: user=0.84 sys=0.11, real=0.11 secs] 
5674.340: [CMS-concurrent-sweep: 9.695/33.511 secs] [Times: user=792.40 sys=24.12, real=33.51 secs] 
5674.342: [CMS-concurrent-reset-start]
5674.372: [CMS-concurrent-reset: 0.030/0.030 secs] [Times: user=0.82 sys=0.04, real=0.03 secs] 
5674.949: [GC 5674.949: [ParNew: 333994K->30535K(353920K), 0.0722479 secs] 2092849K->1789390K(3106432K) icms_dc=34 , 0.0733749 secs] [Times: user=0.78 sys=0.03, real=0.07 secs] 
5675.318: [GC [1 CMS-initial-mark: 1758855K(2752512K)] 1893266K(3106432K), 0.6080250 secs] [Times: user=0.61 sys=0.00, real=0.61 secs] 
5675.927: [CMS-concurrent-mark-start]
5676.436: [GC 5676.437: [ParNew: 345159K->29886K(353920K), 0.0698870 secs] 2104014K->1797227K(3106432K) icms_dc=34 , 0.0710097 secs] [Times: user=0.88 sys=0.01, real=0.07 secs] 
5677.465: [GC 5677.466: [ParNew: 344510K->30237K(353920K), 0.1172676 secs] 2111851K->1803474K(3106432K) icms_dc=34 , 0.1184218 secs] [Times: user=1.06 sys=0.09, real=0.12 secs] 
5678.260: [GC 5678.261: [ParNew: 344861K->32187K(353920K), 0.1453064 secs] 2118098K->1809144K(3106432K) icms_dc=34 , 0.1464541 secs] [Times: user=1.12 sys=0.13, real=0.15 secs] 
5679.182: [GC 5679.182: [ParNew: 346811K->37642K(353920K), 0.0752222 secs] 2123768K->1819042K(3106432K) icms_dc=34 , 0.0763663 secs] [Times: user=0.87 sys=0.01, real=0.08 secs] 
5679.925: [GC 5679.926: [ParNew: 352266K->37445K(353920K), 0.1686501 secs] 2133666K->1824526K(3106432K) icms_dc=34 , 0.1698420 secs] [Times: user=1.20 sys=0.17, real=0.17 secs] 
5680.931: [GC 5680.932: [ParNew: 352069K->32869K(353920K), 0.1306880 secs] 2139150K->1826006K(3106432K) icms_dc=34 , 0.1318775 secs] [Times: user=1.32 sys=0.19, real=0.13 secs] 
5682.027: [GC 5682.028: [ParNew: 347493K->33781K(353920K), 0.0672566 secs] 2140630K->1831957K(3106432K) icms_dc=34 , 0.0684726 secs] [Times: user=0.84 sys=0.01, real=0.07 secs] 
5683.024: [GC 5683.025: [ParNew: 348449K->24600K(353920K), 0.0850950 secs] 2146625K->1832882K(3106432K) icms_dc=34 , 0.0862754 secs] [Times: user=0.90 sys=0.02, real=0.09 secs] 
5683.124: [GC 5683.125: [ParNew: 25168K->22066K(353920K), 0.0440809 secs] 1833450K->1830348K(3106432K) icms_dc=34 , 0.0449913 secs] [Times: user=0.60 sys=0.03, real=0.05 secs] 
5684.017: [GC 5684.018: [ParNew: 336690K->29730K(353920K), 0.0682906 secs] 2144972K->1838012K(3106432K) icms_dc=34 , 0.0694788 secs] [Times: user=0.74 sys=0.01, real=0.07 secs] 
5684.887: [GC 5684.888: [ParNew: 344354K->32272K(353920K), 0.0810419 secs] 2152636K->1845698K(3106432K) icms_dc=34 , 0.0823394 secs] [Times: user=0.86 sys=0.01, real=0.08 secs] 
5685.760: [GC 5685.761: [ParNew: 346896K->33487K(353920K), 0.1031856 secs] 2160322K->1851805K(3106432K) icms_dc=34 , 0.1044853 secs] [Times: user=1.09 sys=0.11, real=0.10 secs] 
5686.645: [GC 5686.646: [ParNew: 348111K->33283K(353920K), 0.1328353 secs] 2166429K->1856138K(3106432K) icms_dc=34 , 0.1339939 secs] [Times: user=1.24 sys=0.16, real=0.13 secs] 
5687.520: [GC 5687.521: [ParNew: 348010K->27765K(353920K), 0.0771441 secs] 2170865K->1856075K(3106432K) icms_dc=34 , 0.0783196 secs] [Times: user=0.88 sys=0.03, real=0.08 secs] 
5687.611: [GC 5687.612: [ParNew: 28019K->26187K(353920K), 0.0547455 secs] 1856329K->1859557K(3106432K) icms_dc=34 , 0.0556315 secs] [Times: user=0.76 sys=0.04, real=0.06 secs] 
5688.490: [GC 5688.491: [ParNew: 340811K->35874K(353920K), 0.0903406 secs] 2174181K->1869244K(3106432K) icms_dc=34 , 0.0916236 secs] [Times: user=0.83 sys=0.02, real=0.09 secs] 
5689.327: [GC 5689.328: [ParNew: 350588K->36412K(353920K), 0.1408341 secs] 2183958K->1875898K(3106432K) icms_dc=34 , 0.1420381 secs] [Times: user=1.29 sys=0.09, real=0.14 secs] 
5689.483: [GC 5689.483: [ParNew: 37044K->27405K(353920K), 0.0999125 secs] 1876530K->1874641K(3106432K) icms_dc=34 , 0.1008283 secs] [Times: user=1.01 sys=0.09, real=0.10 secs] 
5690.463: [GC 5690.464: [ParNew: 342029K->28706K(353920K), 0.0644818 secs] 2189265K->1875941K(3106432K) icms_dc=34 , 0.0657061 secs] [Times: user=0.79 sys=0.04, real=0.07 secs] 
5691.430: [GC 5691.445: [ParNew: 343330K->33924K(353920K), 0.1498015 secs] 2190565K->1886372K(3106432K) icms_dc=34 , 0.1509810 secs] [Times: user=1.39 sys=0.15, real=0.17 secs] 
5692.067: [CMS-concurrent-mark: 5.357/16.141 secs] [Times: user=411.39 sys=12.66, real=16.14 secs] 
5692.068: [CMS-concurrent-preclean-start]
5692.547: [GC 5692.548: [ParNew: 348605K->34796K(353920K), 0.1028041 secs] 2201053K->1893579K(3106432K) icms_dc=34 , 0.1039771 secs] [Times: user=1.00 sys=0.05, real=0.10 secs] 
5692.787: [GC 5692.787: [ParNew: 35312K->21626K(353920K), 0.0602808 secs] 1894095K->1886512K(3106432K) icms_dc=34 , 0.0611498 secs] [Times: user=0.78 sys=0.03, real=0.06 secs] 
5693.912: [GC 5693.913: [ParNew: 336250K->36458K(353920K), 0.0777740 secs] 2201136K->1901344K(3106432K) icms_dc=34 , 0.0789634 secs] [Times: user=0.80 sys=0.02, real=0.08 secs] 
5694.818: [GC 5694.819: [ParNew: 351082K->27107K(353920K), 0.1541692 secs] 2215968K->1909034K(3106432K) icms_dc=34 , 0.1553795 secs] [Times: user=1.41 sys=0.18, real=0.16 secs] 
5695.658: [GC 5695.659: [ParNew: 341809K->38122K(353920K), 0.1483785 secs] 2223736K->1920049K(3106432K) icms_dc=34 , 0.1495648 secs] [Times: user=1.17 sys=0.16, real=0.15 secs] 
5695.822: [GC 5695.822: [ParNew: 38789K->15993K(353920K), 0.1083537 secs] 1920717K->1926030K(3106432K) icms_dc=34 , 0.1092643 secs] [Times: user=1.02 sys=0.04, real=0.11 secs] 
5696.696: [GC 5696.697: [ParNew: 331293K->23117K(353920K), 0.0740883 secs] 2241330K->1933153K(3106432K) icms_dc=34 , 0.0753483 secs] [Times: user=0.83 sys=0.02, real=0.08 secs] 
5696.785: [GC 5696.785: [ParNew: 23702K->11926K(353920K), 0.0955892 secs] 1933738K->1942221K(3106432K) icms_dc=34 , 0.0964981 secs] [Times: user=0.90 sys=0.03, real=0.10 secs] 
5697.636: [GC 5697.637: [ParNew: 326550K->21920K(353920K), 0.1169731 secs] 2256845K->1952214K(3106432K) icms_dc=34 , 0.1182183 secs] [Times: user=1.11 sys=0.17, real=0.12 secs] 
5698.488: [GC 5698.489: [ParNew: 336544K->23729K(353920K), 0.1051736 secs] 2266838K->1967123K(3106432K) icms_dc=34 , 0.1064967 secs] [Times: user=1.07 sys=0.02, real=0.11 secs] 
5699.575: [GC 5699.576: [ParNew: 338356K->39296K(353920K), 0.1228059 secs] 2281750K->1983513K(3106432K) icms_dc=34 , 0.1240287 secs] [Times: user=1.27 sys=0.15, real=0.12 secs] 
5699.714: [GC 5699.715: [ParNew: 39814K->11894K(353920K), 0.0911423 secs] 1984031K->1989217K(3106432K) icms_dc=34 , 0.0920754 secs] [Times: user=1.04 sys=0.05, real=0.09 secs] 
5700.577: [GC 5700.578: [ParNew: 326518K->24913K(353920K), 0.0891303 secs] 2303841K->2002236K(3106432K) icms_dc=34 , 0.0903383 secs] [Times: user=1.06 sys=0.14, real=0.09 secs] 
5701.498: [GC 5701.498: [ParNew: 339651K->28569K(353920K), 0.0826860 secs] 2316975K->2018737K(3106432K) icms_dc=34 , 0.0839228 secs] [Times: user=0.96 sys=0.04, real=0.08 secs] 
5701.595: [GC 5701.596: [ParNew: 28945K->10867K(353920K), 0.0903928 secs] 2019113K->2022435K(3106432K) icms_dc=44 , 0.0913062 secs] [Times: user=0.77 sys=0.06, real=0.09 secs] 
5702.569: [GC 5702.570: [ParNew: 325491K->25281K(353920K), 0.0564311 secs] 2337059K->2036849K(3106432K) icms_dc=44 , 0.0578224 secs] [Times: user=0.83 sys=0.03, real=0.06 secs] 
5703.518: [GC 5703.519: [ParNew: 339957K->25072K(353920K), 0.1023179 secs] 2351526K->2048912K(3106432K) icms_dc=44 , 0.1035279 secs] [Times: user=1.08 sys=0.03, real=0.10 secs] 
5703.635: [GC 5703.635: [ParNew: 25363K->6439K(353920K), 0.0955262 secs] 2049204K->2050229K(3106432K) icms_dc=50 , 0.0964131 secs] [Times: user=0.76 sys=0.04, real=0.10 secs] 
5704.439: [GC 5704.440: [ParNew: 321063K->23504K(353920K), 0.0490714 secs] 2364853K->2067294K(3106432K) icms_dc=50 , 0.0502993 secs] [Times: user=0.73 sys=0.03, real=0.05 secs] 
5705.374: [GC 5705.375: [ParNew: 338226K->26272K(353920K), 0.0913953 secs] 2382016K->2082224K(3106432K) icms_dc=50 , 0.0926047 secs] [Times: user=0.99 sys=0.04, real=0.09 secs] 
5705.481: [GC 5705.481: [ParNew: 26796K->13700K(353920K), 0.0911471 secs] 2082748K->2089923K(3106432K) icms_dc=58 , 0.0920608 secs] [Times: user=0.81 sys=0.06, real=0.09 secs] 
5706.364: [GC 5706.365: [ParNew: 328324K->23279K(353920K), 0.0862341 secs] 2404547K->2099502K(3106432K) icms_dc=58 , 0.0874331 secs] [Times: user=0.94 sys=0.07, real=0.09 secs] 
5707.220: [GC 5707.221: [ParNew: 337887K->27952K(353920K), 0.1034805 secs] 2414110K->2116403K(3106432K) icms_dc=58 , 0.1046811 secs] [Times: user=1.11 sys=0.06, real=0.11 secs] 
5708.097: [GC 5708.098: [ParNew: 342576K->30987K(353920K), 0.0936434 secs] 2431027K->2130441K(3106432K) icms_dc=58 , 0.0948812 secs] [Times: user=0.98 sys=0.04, real=0.10 secs] 
5708.912: [GC 5708.913: [ParNew: 345611K->29912K(353920K), 0.0968031 secs] 2445065K->2141931K(3106432K) icms_dc=61 , 0.0980175 secs] [Times: user=1.04 sys=0.06, real=0.10 secs] 
5709.367: [CMS-concurrent-preclean: 5.541/17.298 secs] [Times: user=412.08 sys=13.62, real=17.30 secs] 
5709.368: [CMS-concurrent-abortable-preclean-start]
5709.800: [GC 5709.801: [ParNew: 344536K->36854K(353920K), 0.1038321 secs] 2456555K->2159233K(3106432K) icms_dc=61 , 0.1050601 secs] [Times: user=0.95 sys=0.04, real=0.11 secs] 
5710.918: [GC 5710.919: [ParNew: 351719K->26548K(353920K), 0.1027598 secs] 2474098K->2160919K(3106432K) icms_dc=61 , 0.1039918 secs] [Times: user=0.96 sys=0.06, real=0.10 secs] 
5711.036: [GC 5711.037: [ParNew: 26809K->25113K(353920K), 0.0422279 secs] 2161180K->2159484K(3106432K) icms_dc=76 , 0.0431402 secs] [Times: user=0.63 sys=0.03, real=0.04 secs] 
5711.886: [GC 5711.887: [ParNew: 339737K->36705K(353920K), 0.0726240 secs] 2474108K->2171076K(3106432K) icms_dc=76 , 0.0738810 secs] [Times: user=0.88 sys=0.04, real=0.07 secs] 
5712.285: [CMS-concurrent-abortable-preclean: 1.508/2.917 secs] [Times: user=69.73 sys=2.23, real=2.92 secs] 
5712.299: [GC[YG occupancy: 177856 K (353920 K)]5712.299: [Rescan (parallel) , 0.1777983 secs]5712.477: [weak refs processing, 0.0343889 secs] [1 CMS-remark: 2134371K(2752512K)] 2312227K(3106432K), 0.2160127 secs] [Times: user=2.19 sys=0.24, real=0.22 secs] 
5712.516: [CMS-concurrent-sweep-start]
5712.973: [GC 5712.974: [ParNew: 351329K->39296K(353920K), 0.1450157 secs] 2485555K->2180767K(3106432K) icms_dc=76 , 0.1462070 secs] [Times: user=1.15 sys=0.07, real=0.15 secs] 
5714.187: [GC 5714.188: [ParNew: 353920K->37990K(353920K), 0.1346059 secs] 2493348K->2186201K(3106432K) icms_dc=76 , 0.1358404 secs] [Times: user=1.24 sys=0.15, real=0.14 secs] 
5715.439: [GC 5715.440: [ParNew: 352804K->34775K(353920K), 0.0765150 secs] 2498281K->2185834K(3106432K) icms_dc=76 , 0.0777448 secs] [Times: user=0.91 sys=0.03, real=0.08 secs] 
5715.594: [GC 5715.595: [ParNew: 35134K->27090K(353920K), 0.0605148 secs] 2186193K->2185981K(3106432K) icms_dc=76 , 0.0614288 secs] [Times: user=0.80 sys=0.02, real=0.06 secs] 
5717.024: [GC 5717.025: [ParNew: 341791K->37004K(353920K), 0.0571365 secs] 2497233K->2192447K(3106432K) icms_dc=76 , 0.0583933 secs] [Times: user=0.84 sys=0.03, real=0.06 secs] 
5717.308: [GC 5717.308: [ParNew: 37321K->11768K(353920K), 0.1204350 secs] 2192764K->2194846K(3106432K) icms_dc=76 , 0.1213387 secs] [Times: user=1.03 sys=0.07, real=0.12 secs] 
5718.511: [GC 5718.511: [ParNew: 326392K->22538K(353920K), 0.1273977 secs] 2505881K->2202027K(3106432K) icms_dc=76 , 0.1286426 secs] [Times: user=1.19 sys=0.19, real=0.13 secs] 
5719.583: [GC 5719.584: [ParNew: 337162K->21217K(353920K), 0.0895196 secs] 2510237K->2205927K(3106432K) icms_dc=76 , 0.0907318 secs] [Times: user=0.97 sys=0.03, real=0.09 secs] 
5720.389: [GC 5720.390: [ParNew: 335841K->32972K(353920K), 0.0960427 secs] 2514670K->2211800K(3106432K) icms_dc=76 , 0.0973212 secs] [Times: user=0.92 sys=0.04, real=0.10 secs] 
5721.179: [GC 5721.180: [ParNew: 347596K->36762K(353920K), 0.0687730 secs] 2518617K->2213741K(3106432K) icms_dc=76 , 0.0699937 secs] [Times: user=0.97 sys=0.03, real=0.07 secs] 
5722.124: [GC 5722.125: [ParNew: 351050K->37129K(353920K), 0.0704545 secs] 2513173K->2207451K(3106432K) icms_dc=76 , 0.0716697 secs] [Times: user=0.90 sys=0.02, real=0.07 secs] 
5722.949: [GC 5722.950: [ParNew: 352931K->39296K(353920K), 0.0732786 secs] 2506261K->2198999K(3106432K) icms_dc=76 , 0.0745064 secs] [Times: user=1.01 sys=0.03, real=0.08 secs] 
5723.044: [GC 5723.045: [ParNew: 42662K->26987K(353920K), 0.1032402 secs] 2202366K->2215885K(3106432K) icms_dc=76 , 0.1041759 secs] [Times: user=1.00 sys=0.05, real=0.10 secs] 
5723.919: [GC 5723.919: [ParNew: 342106K->32314K(353920K), 0.0991942 secs] 2514179K->2204388K(3106432K) icms_dc=76 , 0.1003982 secs] [Times: user=1.12 sys=0.10, real=0.10 secs] 
5724.034: [GC 5724.035: [ParNew: 32548K->7132K(353920K), 0.0914510 secs] 2204622K->2207687K(3106432K) icms_dc=76 , 0.0923759 secs] [Times: user=0.92 sys=0.04, real=0.09 secs] 
5724.887: [GC 5724.888: [ParNew: 322097K->26267K(353920K), 0.0677843 secs] 2510957K->2215127K(3106432K) icms_dc=76 , 0.0689925 secs] [Times: user=0.88 sys=0.01, real=0.07 secs] 
5724.973: [GC 5724.973: [ParNew: 28445K->12450K(353920K), 0.0920445 secs] 2217304K->2225486K(3106432K) icms_dc=76 , 0.0929789 secs] [Times: user=0.88 sys=0.03, real=0.09 secs] 
5726.014: [GC 5726.015: [ParNew: 327151K->30784K(353920K), 0.0700322 secs] 2532282K->2235914K(3106432K) icms_dc=76 , 0.0712938 secs] [Times: user=0.89 sys=0.03, real=0.07 secs] 
5726.102: [GC 5726.103: [ParNew: 31941K->13785K(353920K), 0.1154520 secs] 2237072K->2247976K(3106432K) icms_dc=76 , 0.1164331 secs] [Times: user=1.01 sys=0.06, real=0.12 secs] 
5726.936: [GC 5726.937: [ParNew: 328512K->23574K(353920K), 0.0875218 secs] 2555385K->2250447K(3106432K) icms_dc=76 , 0.0888214 secs] [Times: user=0.95 sys=0.03, real=0.09 secs] 
5727.039: [GC 5727.040: [ParNew: 24362K->10742K(353920K), 0.1006946 secs] 2251235K->2259171K(3106432K) icms_dc=76 , 0.1016407 secs] [Times: user=0.94 sys=0.04, real=0.10 secs] 
5727.830: [GC 5727.831: [ParNew: 325366K->21617K(353920K), 0.0846915 secs] 2555821K->2252072K(3106432K) icms_dc=76 , 0.0859172 secs] [Times: user=0.93 sys=0.03, real=0.09 secs] 
5728.643: [GC 5728.644: [ParNew: 336241K->23655K(353920K), 0.1398100 secs] 2536230K->2236272K(3106432K) icms_dc=76 , 0.1410300 secs] [Times: user=1.41 sys=0.15, real=0.14 secs] 
5729.481: [GC 5729.482: [ParNew: 338278K->28897K(353920K), 0.1381050 secs] 2534490K->2238105K(3106432K) icms_dc=76 , 0.1393612 secs] [Times: user=1.35 sys=0.15, real=0.14 secs] 
5730.330: [GC 5730.331: [ParNew: 343595K->29349K(353920K), 0.1354106 secs] 2540333K->2238118K(3106432K) icms_dc=76 , 0.1366773 secs] [Times: user=1.26 sys=0.16, real=0.14 secs] 
5730.482: [GC 5730.482: [ParNew: 30727K->17108K(353920K), 0.0745984 secs] 2239495K->2246398K(3106432K) icms_dc=76 , 0.0755579 secs] [Times: user=0.77 sys=0.04, real=0.08 secs] 
5731.462: [GC 5731.462: [ParNew: 331227K->29030K(353920K), 0.0561284 secs] 2526207K->2224009K(3106432K) icms_dc=76 , 0.0573784 secs] [Times: user=0.83 sys=0.03, real=0.06 secs] 
5732.403: [GC 5732.404: [ParNew: 343654K->29507K(353920K), 0.0940605 secs] 2506406K->2203214K(3106432K) icms_dc=76 , 0.0953122 secs] [Times: user=1.04 sys=0.02, real=0.10 secs] 
5733.410: [GC 5733.411: [ParNew: 344131K->28317K(353920K), 0.1169168 secs] 2479278K->2173081K(3106432K) icms_dc=76 , 0.1181970 secs] [Times: user=1.21 sys=0.08, real=0.12 secs] 
5734.481: [GC 5734.481: [ParNew: 343096K->39296K(353920K), 0.0890634 secs] 2414869K->2112365K(3106432K) icms_dc=76 , 0.0902888 secs] [Times: user=0.96 sys=0.03, real=0.09 secs] 
5734.586: [GC 5734.587: [ParNew: 39540K->12938K(353920K), 0.0901730 secs] 2112610K->2116872K(3106432K) icms_dc=76 , 0.0911007 secs] [Times: user=0.98 sys=0.02, real=0.09 secs] 
5735.391: [GC 5735.392: [ParNew: 327562K->26861K(353920K), 0.1225432 secs] 2394492K->2093791K(3106432K) icms_dc=76 , 0.1238559 secs] [Times: user=1.20 sys=0.15, real=0.12 secs] 
5736.242: [GC 5736.243: [ParNew: 341760K->28643K(353920K), 0.1046058 secs] 2404653K->2106034K(3106432K) icms_dc=76 , 0.1058302 secs] [Times: user=1.15 sys=0.07, real=0.11 secs] 
5736.362: [GC 5736.362: [ParNew: 29294K->13783K(353920K), 0.0967341 secs] 2106685K->2111710K(3106432K) icms_dc=76 , 0.0976546 secs] [Times: user=0.81 sys=0.03, real=0.10 secs] 
5737.192: [GC 5737.193: [ParNew: 328407K->26383K(353920K), 0.0546604 secs] 2381323K->2079298K(3106432K) icms_dc=76 , 0.0559158 secs] [Times: user=0.77 sys=0.02, real=0.06 secs] 
5738.069: [GC 5738.070: [ParNew: 341039K->26629K(353920K), 0.0871947 secs] 2321843K->2020127K(3106432K) icms_dc=76 , 0.0884636 secs] [Times: user=1.01 sys=0.02, real=0.09 secs] 
5738.171: [GC 5738.172: [ParNew: 27068K->14139K(353920K), 0.0757155 secs] 2020567K->2027668K(3106432K) icms_dc=76 , 0.0766516 secs] [Times: user=0.80 sys=0.04, real=0.08 secs] 
5739.067: [GC 5739.068: [ParNew: 328763K->19432K(353920K), 0.1104908 secs] 2270050K->1960720K(3106432K) icms_dc=76 , 0.1117429 secs] [Times: user=1.04 sys=0.16, real=0.11 secs] 
5739.643: [CMS-concurrent-sweep: 15.410/27.127 secs] [Times: user=631.13 sys=19.89, real=27.13 secs] 
5739.644: [CMS-concurrent-reset-start]
5739.687: [CMS-concurrent-reset: 0.028/0.043 secs] [Times: user=0.86 sys=0.04, real=0.04 secs] 
5740.086: [GC 5740.087: [ParNew: 334304K->38432K(353920K), 0.0658393 secs] 2162281K->1866409K(3106432K) icms_dc=57 , 0.0671678 secs] [Times: user=0.85 sys=0.02, real=0.07 secs] 
5740.169: [GC 5740.169: [ParNew: 38720K->15668K(353920K), 0.0819738 secs] 1866697K->1876621K(3106432K) icms_dc=57 , 0.0828934 secs] [Times: user=0.93 sys=0.02, real=0.08 secs] 
5740.462: [GC [1 CMS-initial-mark: 1860953K(2752512K)] 1944385K(3106432K), 0.5236300 secs] [Times: user=0.52 sys=0.00, real=0.52 secs] 
5740.987: [CMS-concurrent-mark-start]
5741.802: [GC 5741.803: [ParNew: 330292K->22154K(353920K), 0.2075899 secs] 2191245K->1883107K(3106432K) icms_dc=57 , 0.2091051 secs] [Times: user=1.68 sys=0.31, real=0.21 secs] 
5742.990: [GC 5742.991: [ParNew: 336778K->38523K(353920K), 0.1123000 secs] 2197731K->1899476K(3106432K) icms_dc=57 , 0.1135558 secs] [Times: user=1.17 sys=0.12, real=0.11 secs] 
5743.966: [GC 5743.967: [ParNew: 352847K->27342K(353920K), 0.0998208 secs] 2213800K->1908271K(3106432K) icms_dc=57 , 0.1010979 secs] [Times: user=1.22 sys=0.03, real=0.10 secs] 
5744.907: [GC 5744.908: [ParNew: 341879K->33202K(353920K), 0.0730684 secs] 2222807K->1914130K(3106432K) icms_dc=57 , 0.0743482 secs] [Times: user=0.87 sys=0.03, real=0.07 secs] 
5745.744: [GC 5745.744: [ParNew: 347826K->36943K(353920K), 0.1408435 secs] 2228754K->1924260K(3106432K) icms_dc=57 , 0.1420869 secs] [Times: user=1.45 sys=0.19, real=0.14 secs] 
5746.906: [GC 5746.907: [ParNew: 351567K->36192K(353920K), 0.0899058 secs] 2238884K->1931279K(3106432K) icms_dc=57 , 0.0911698 secs] [Times: user=1.09 sys=0.04, real=0.09 secs] 
5747.778: [GC 5747.779: [ParNew: 350816K->36898K(353920K), 0.1717976 secs] 2245903K->1938666K(3106432K) icms_dc=57 , 0.1730647 secs] [Times: user=1.55 sys=0.15, real=0.17 secs] 
5748.680: [GC 5748.681: [ParNew: 351522K->39296K(353920K), 0.0867169 secs] 2253290K->1947893K(3106432K) icms_dc=57 , 0.0879795 secs] [Times: user=1.10 sys=0.03, real=0.09 secs] 
5749.587: [GC 5749.588: [ParNew: 353920K->39296K(353920K), 0.2509255 secs] 2262517K->1957128K(3106432K) icms_dc=57 , 0.2521889 secs] [Times: user=2.04 sys=0.44, real=0.25 secs] 
5750.660: [GC 5750.661: [ParNew: 353920K->39296K(353920K), 0.1092556 secs] 2271780K->1965923K(3106432K) icms_dc=57 , 0.1105157 secs] [Times: user=1.24 sys=0.08, real=0.11 secs] 
5750.784: [GC 5750.784: [ParNew: 39495K->29083K(353920K), 0.0623227 secs] 1966122K->1964174K(3106432K) icms_dc=57 , 0.0633109 secs] [Times: user=0.89 sys=0.03, real=0.06 secs] 
5751.669: [GC 5751.669: [ParNew: 343707K->33256K(353920K), 0.1222204 secs] 2278798K->1968346K(3106432K) icms_dc=57 , 0.1235668 secs] [Times: user=1.20 sys=0.16, real=0.12 secs] 
5752.627: [GC 5752.628: [ParNew: 347880K->35733K(353920K), 0.1412219 secs] 2282970K->1978121K(3106432K) icms_dc=57 , 0.1424661 secs] [Times: user=1.41 sys=0.18, real=0.14 secs] 
5753.535: [GC 5753.535: [ParNew: 350397K->36324K(353920K), 0.0705190 secs] 2292786K->1986518K(3106432K) icms_dc=57 , 0.0718770 secs] [Times: user=0.98 sys=0.02, real=0.07 secs] 
5753.620: [GC 5753.621: [ParNew: 36838K->28209K(353920K), 0.0633177 secs] 1987032K->1987235K(3106432K) icms_dc=57 , 0.0642692 secs] [Times: user=0.88 sys=0.03, real=0.06 secs] 
5754.430: [GC 5754.431: [ParNew: 342833K->33393K(353920K), 0.0561375 secs] 2301859K->1992419K(3106432K) icms_dc=57 , 0.0573968 secs] [Times: user=0.92 sys=0.02, real=0.06 secs] 
5755.373: [GC 5755.386: [ParNew: 348017K->39296K(353920K), 0.1396154 secs] 2307043K->2006723K(3106432K) icms_dc=57 , 0.1409024 secs] [Times: user=1.44 sys=0.16, real=0.15 secs] 
5756.286: [GC 5756.287: [ParNew: 353920K->39296K(353920K), 0.0978662 secs] 2321347K->2015701K(3106432K) icms_dc=57 , 0.0991384 secs] [Times: user=1.17 sys=0.05, real=0.10 secs] 
5757.202: [GC 5757.203: [ParNew: 353920K->39296K(353920K), 0.1576053 secs] 2330325K->2022940K(3106432K) icms_dc=57 , 0.1588960 secs] [Times: user=1.12 sys=0.09, real=0.16 secs] 
5758.166: [GC 5758.167: [ParNew: 353920K->39296K(353920K), 0.1006953 secs] 2337564K->2029692K(3106432K) icms_dc=57 , 0.1020304 secs] [Times: user=1.11 sys=0.01, real=0.10 secs] 
5758.700: [CMS-concurrent-mark: 8.599/17.714 secs] [Times: user=448.18 sys=14.44, real=17.71 secs] 
5758.701: [CMS-concurrent-preclean-start]
5759.099: [GC 5759.100: [ParNew: 353812K->28624K(353920K), 0.0872620 secs] 2344208K->2033843K(3106432K) icms_dc=57 , 0.0885325 secs] [Times: user=1.13 sys=0.02, real=0.09 secs] 
5760.049: [GC 5760.050: [ParNew: 343248K->34025K(353920K), 0.0811772 secs] 2348467K->2039243K(3106432K) icms_dc=57 , 0.0824053 secs] [Times: user=0.87 sys=0.02, real=0.08 secs] 
5760.809: [GC 5760.810: [ParNew: 348649K->29989K(353920K), 0.0997803 secs] 2353867K->2051576K(3106432K) icms_dc=57 , 0.1010168 secs] [Times: user=1.18 sys=0.02, real=0.10 secs] 
5761.608: [GC 5761.609: [ParNew: 345427K->34564K(353920K), 0.1584618 secs] 2367013K->2056151K(3106432K) icms_dc=57 , 0.1596887 secs] [Times: user=1.43 sys=0.28, real=0.16 secs] 
5761.781: [GC 5761.782: [ParNew: 34959K->16974K(353920K), 0.0853318 secs] 2056546K->2067194K(3106432K) icms_dc=57 , 0.0862766 secs] [Times: user=0.99 sys=0.03, real=0.09 secs] 
5762.645: [GC 5762.646: [ParNew: 332007K->25052K(353920K), 0.1471769 secs] 2382226K->2075272K(3106432K) icms_dc=57 , 0.1484359 secs] [Times: user=1.24 sys=0.16, real=0.15 secs] 
5762.809: [GC 5762.809: [ParNew: 25460K->7565K(353920K), 0.0959314 secs] 2075679K->2080002K(3106432K) icms_dc=57 , 0.0968568 secs] [Times: user=0.89 sys=0.04, real=0.10 secs] 
5763.625: [GC 5763.626: [ParNew: 322189K->23468K(353920K), 0.0921948 secs] 2394626K->2095905K(3106432K) icms_dc=57 , 0.0934439 secs] [Times: user=0.94 sys=0.05, real=0.09 secs] 
5764.458: [GC 5764.459: [ParNew: 338391K->23318K(353920K), 0.1329821 secs] 2410828K->2108702K(3106432K) icms_dc=57 , 0.1342915 secs] [Times: user=1.26 sys=0.11, real=0.13 secs] 
5764.606: [GC 5764.607: [ParNew: 23985K->26396K(353920K), 0.0534087 secs] 2109369K->2111780K(3106432K) icms_dc=57 , 0.0544027 secs] [Times: user=0.70 sys=0.04, real=0.05 secs] 
5765.405: [GC 5765.406: [ParNew: 341716K->36571K(353920K), 0.1055142 secs] 2427100K->2121955K(3106432K) icms_dc=57 , 0.1068097 secs] [Times: user=1.09 sys=0.09, real=0.11 secs] 
5766.352: [GC 5766.353: [ParNew: 351195K->39296K(353920K), 0.1289851 secs] 2436579K->2135975K(3106432K) icms_dc=57 , 0.1303929 secs] [Times: user=1.35 sys=0.04, real=0.13 secs] 
5767.336: [GC 5767.337: [ParNew: 353920K->34582K(353920K), 0.0939986 secs] 2450599K->2146983K(3106432K) icms_dc=58 , 0.0953500 secs] [Times: user=1.19 sys=0.02, real=0.10 secs] 
5768.275: [GC 5768.276: [ParNew: 349196K->28517K(353920K), 0.0886584 secs] 2461597K->2155581K(3106432K) icms_dc=63 , 0.0899257 secs] [Times: user=1.09 sys=0.02, real=0.09 secs] 
5769.224: [GC 5769.225: [ParNew: 343141K->34709K(353920K), 0.0842627 secs] 2470205K->2161773K(3106432K) icms_dc=63 , 0.0856462 secs] [Times: user=1.07 sys=0.07, real=0.09 secs] 
5770.122: [GC 5770.123: [ParNew: 349358K->27107K(353920K), 0.1486089 secs] 2476422K->2172589K(3106432K) icms_dc=63 , 0.1499322 secs] [Times: user=1.50 sys=0.13, real=0.15 secs] 
5770.286: [GC 5770.286: [ParNew: 27184K->25783K(353920K), 0.1015841 secs] 2172666K->2171265K(3106432K) icms_dc=75 , 0.1025456 secs] [Times: user=0.99 sys=0.15, real=0.10 secs] 
5771.151: [GC 5771.151: [ParNew: 340407K->38422K(353920K), 0.1276679 secs] 2485889K->2183904K(3106432K) icms_dc=75 , 0.1289350 secs] [Times: user=1.26 sys=0.14, real=0.13 secs] 
5772.023: [GC 5772.024: [ParNew: 353046K->35345K(353920K), 0.1390115 secs] 2498528K->2188982K(3106432K) icms_dc=75 , 0.1403645 secs] [Times: user=1.55 sys=0.15, real=0.14 secs] 
5772.298: [CMS-concurrent-preclean: 6.167/13.597 secs] [Times: user=340.47 sys=11.09, real=13.60 secs] 
5772.299: [CMS-concurrent-abortable-preclean-start]
5772.728: [CMS-concurrent-abortable-preclean: 0.382/0.428 secs] [Times: user=11.39 sys=0.37, real=0.43 secs] 
5772.745: [GC[YG occupancy: 271464 K (353920 K)]5772.745: [Rescan (parallel) , 0.3118400 secs]5773.057: [weak refs processing, 0.0387533 secs] [1 CMS-remark: 2153636K(2752512K)] 2425101K(3106432K), 0.3570715 secs] [Times: user=3.37 sys=0.58, real=0.36 secs] 
5773.103: [CMS-concurrent-sweep-start]
5773.301: [GC 5773.302: [ParNew: 349969K->37332K(353920K), 0.1036175 secs] 2503581K->2198396K(3106432K) icms_dc=75 , 0.1049006 secs] [Times: user=1.20 sys=0.05, real=0.11 secs] 
5774.119: [GC 5774.120: [ParNew: 351956K->28143K(353920K), 0.1092906 secs] 2512607K->2201947K(3106432K) icms_dc=75 , 0.1106840 secs] [Times: user=1.14 sys=0.06, real=0.11 secs] 
5775.045: [GC 5775.046: [ParNew: 342767K->32949K(353920K), 0.1449239 secs] 2515030K->2205212K(3106432K) icms_dc=75 , 0.1463390 secs] [Times: user=1.31 sys=0.18, real=0.15 secs] 
5776.054: [GC 5776.055: [ParNew: 347573K->39296K(353920K), 0.1397705 secs] 2517771K->2216060K(3106432K) icms_dc=75 , 0.1410643 secs] [Times: user=1.40 sys=0.19, real=0.14 secs] 
5776.997: [GC 5776.998: [ParNew: 353920K->39083K(353920K), 0.2234775 secs] 2529675K->2222675K(3106432K) icms_dc=75 , 0.2247329 secs] [Times: user=1.53 sys=0.27, real=0.23 secs] 
5777.961: [GC 5777.961: [ParNew: 353707K->34725K(353920K), 0.0955307 secs] 2534423K->2223476K(3106432K) icms_dc=75 , 0.0968438 secs] [Times: user=1.18 sys=0.06, real=0.10 secs] 
5778.858: [GC 5778.859: [ParNew: 349349K->39296K(353920K), 0.1603449 secs] 2536482K->2232672K(3106432K) icms_dc=75 , 0.1616985 secs] [Times: user=1.34 sys=0.10, real=0.16 secs] 
5779.774: [GC 5779.775: [ParNew: 353920K->39296K(353920K), 0.1480187 secs] 2543578K->2236860K(3106432K) icms_dc=75 , 0.1492896 secs] [Times: user=1.31 sys=0.12, real=0.15 secs] 
5779.937: [GC 5779.938: [ParNew: 39535K->27897K(353920K), 0.0582635 secs] 2237099K->2234628K(3106432K) icms_dc=75 , 0.0592175 secs] [Times: user=0.86 sys=0.03, real=0.06 secs] 
5780.983: [GC 5780.984: [ParNew: 342522K->39296K(353920K), 0.1123071 secs] 2545209K->2243286K(3106432K) icms_dc=75 , 0.1136575 secs] [Times: user=1.16 sys=0.10, real=0.11 secs] 
5781.113: [GC 5781.113: [ParNew: 40717K->28039K(353920K), 0.0945366 secs] 2244708K->2265180K(3106432K) icms_dc=75 , 0.0955227 secs] [Times: user=1.11 sys=0.04, real=0.10 secs] 
5783.194: [GC 5783.195: [ParNew: 342663K->29053K(353920K), 0.0653815 secs] 2574950K->2261340K(3106432K) icms_dc=75 , 0.0666715 secs] [Times: user=0.84 sys=0.03, real=0.07 secs] 
5784.748: [GC 5784.749: [ParNew: 343596K->22060K(353920K), 0.0835702 secs] 2568965K->2262156K(3106432K) icms_dc=75 , 0.0848753 secs] [Times: user=0.98 sys=0.02, real=0.09 secs] 
5786.053: [GC 5786.054: [ParNew: 336620K->38094K(353920K), 0.0845034 secs] 2565313K->2266786K(3106432K) icms_dc=75 , 0.0858349 secs] [Times: user=1.14 sys=0.04, real=0.09 secs] 
5787.241: [GC 5787.242: [ParNew: 352718K->29022K(353920K), 0.0834334 secs] 2548093K->2241354K(3106432K) icms_dc=75 , 0.0847203 secs] [Times: user=1.07 sys=0.03, real=0.09 secs] 
5788.646: [GC 5788.647: [ParNew: 344347K->29608K(353920K), 0.0643976 secs] 2531051K->2216312K(3106432K) icms_dc=75 , 0.0657286 secs] [Times: user=0.89 sys=0.03, real=0.07 secs] 
5788.792: [GC 5788.793: [ParNew: 30108K->24570K(353920K), 0.0639670 secs] 2216812K->2219102K(3106432K) icms_dc=75 , 0.0649818 secs] [Times: user=0.93 sys=0.03, real=0.07 secs] 
5790.002: [GC 5790.003: [ParNew: 339194K->33499K(353920K), 0.0594556 secs] 2503361K->2197666K(3106432K) icms_dc=75 , 0.0607428 secs] [Times: user=0.83 sys=0.02, real=0.06 secs] 
5791.737: [GC 5791.738: [ParNew: 348123K->37188K(353920K), 0.1226366 secs] 2459983K->2155922K(3106432K) icms_dc=75 , 0.1240329 secs] [Times: user=1.10 sys=0.01, real=0.12 secs] 
5792.690: [GC 5792.691: [ParNew: 351812K->39296K(353920K), 0.0997857 secs] 2414115K->2112206K(3106432K) icms_dc=75 , 0.1011360 secs] [Times: user=1.09 sys=0.02, real=0.10 secs] 
5794.335: [GC 5794.336: [ParNew: 353920K->39296K(353920K), 0.1169865 secs] 2385647K->2082804K(3106432K) icms_dc=75 , 0.1183943 secs] [Times: user=1.18 sys=0.02, real=0.12 secs] 
5795.357: [GC 5795.358: [ParNew: 353646K->39296K(353920K), 0.1348864 secs] 2354345K->2050824K(3106432K) icms_dc=75 , 0.1362159 secs] [Times: user=1.20 sys=0.04, real=0.14 secs] 
5796.380: [GC 5796.381: [ParNew: 353435K->39296K(353920K), 0.0840216 secs] 2297435K->1992375K(3106432K) icms_dc=75 , 0.0853826 secs] [Times: user=1.07 sys=0.01, real=0.09 secs] 
5797.594: [GC 5797.595: [ParNew: 353920K->35474K(353920K), 0.1254556 secs] 2246180K->1945696K(3106432K) icms_dc=75 , 0.1268069 secs] [Times: user=1.28 sys=0.05, real=0.13 secs] 
5798.412: [GC 5798.413: [ParNew: 350098K->29282K(353920K), 0.1450238 secs] 2250345K->1940034K(3106432K) icms_dc=75 , 0.1463312 secs] [Times: user=1.06 sys=0.02, real=0.15 secs] 
5799.317: [GC 5799.318: [ParNew: 343906K->28192K(353920K), 0.0784408 secs] 2246230K->1939612K(3106432K) icms_dc=75 , 0.0798319 secs] [Times: user=1.01 sys=0.02, real=0.08 secs] 
5800.245: [GC 5800.246: [ParNew: 342816K->30462K(353920K), 0.1538466 secs] 2238878K->1937915K(3106432K) icms_dc=75 , 0.1552659 secs] [Times: user=1.46 sys=0.20, real=0.16 secs] 
5801.248: [GC 5801.249: [ParNew: 345086K->30525K(353920K), 0.1210201 secs] 2196099K->1892819K(3106432K) icms_dc=75 , 0.1223847 secs] [Times: user=1.13 sys=0.07, real=0.12 secs] 
5802.040: [GC 5802.041: [ParNew: 345149K->35013K(353920K), 0.0890229 secs] 2179909K->1880993K(3106432K) icms_dc=75 , 0.0904334 secs] [Times: user=1.05 sys=0.01, real=0.09 secs] 
5802.956: [GC 5802.957: [ParNew: 349637K->31672K(353920K), 0.1486192 secs] 2148556K->1843529K(3106432K) icms_dc=75 , 0.1500062 secs] [Times: user=1.38 sys=0.14, real=0.15 secs] 
5803.814: [GC 5803.815: [ParNew: 346296K->33031K(353920K), 0.1531422 secs] 2039677K->1738844K(3106432K) icms_dc=75 , 0.1544942 secs] [Times: user=1.39 sys=0.17, real=0.16 secs] 
5804.199: [CMS-concurrent-sweep: 16.205/31.096 secs] [Times: user=655.37 sys=22.31, real=31.10 secs] 
5804.201: [CMS-concurrent-reset-start]
5804.229: [CMS-concurrent-reset: 0.028/0.028 secs] [Times: user=0.94 sys=0.03, real=0.03 secs] 
5804.752: [GC 5804.753: [ParNew: 347655K->31448K(353920K), 0.1183641 secs] 2040080K->1736166K(3106432K) icms_dc=57 , 0.1197018 secs] [Times: user=1.01 sys=0.02, real=0.12 secs] 
5805.036: [GC [1 CMS-initial-mark: 1704717K(2752512K)] 1804150K(3106432K), 0.4942988 secs] [Times: user=0.50 sys=0.00, real=0.49 secs] 
5805.531: [CMS-concurrent-mark-start]
5806.165: [GC 5806.166: [ParNew: 346072K->30655K(353920K), 0.0754367 secs] 2050790K->1746619K(3106432K) icms_dc=57 , 0.0767331 secs] [Times: user=1.01 sys=0.02, real=0.08 secs] 
5807.104: [GC 5807.105: [ParNew: 345279K->29581K(353920K), 0.1373657 secs] 2061243K->1755440K(3106432K) icms_dc=57 , 0.1388071 secs] [Times: user=1.37 sys=0.14, real=0.14 secs] 
5808.047: [GC 5808.048: [ParNew: 345302K->33441K(353920K), 0.0983081 secs] 2071161K->1771476K(3106432K) icms_dc=57 , 0.0996816 secs] [Times: user=1.09 sys=0.02, real=0.10 secs] 
5808.161: [GC 5808.161: [ParNew: 33957K->19796K(353920K), 0.0825266 secs] 1771992K->1782142K(3106432K) icms_dc=57 , 0.0835511 secs] [Times: user=0.92 sys=0.04, real=0.08 secs] 
5809.063: [GC 5809.064: [ParNew: 334420K->28212K(353920K), 0.0709777 secs] 2096766K->1790558K(3106432K) icms_dc=57 , 0.0723264 secs] [Times: user=0.89 sys=0.03, real=0.07 secs] 
5809.966: [GC 5809.967: [ParNew: 342836K->27655K(353920K), 0.0857035 secs] 2105182K->1802570K(3106432K) icms_dc=57 , 0.0870645 secs] [Times: user=1.08 sys=0.02, real=0.09 secs] 
5811.350: [GC 5811.351: [ParNew: 342279K->30440K(353920K), 0.0968433 secs] 2117194K->1816816K(3106432K) icms_dc=57 , 0.0982556 secs] [Times: user=1.15 sys=0.04, real=0.10 secs] 
5812.766: [GC 5812.767: [ParNew: 345142K->27925K(353920K), 0.0859833 secs] 2131518K->1824693K(3106432K) icms_dc=57 , 0.0873315 secs] [Times: user=1.05 sys=0.01, real=0.09 secs] 
5813.802: [GC 5813.803: [ParNew: 342456K->38567K(353920K), 0.0682518 secs] 2139224K->1835335K(3106432K) icms_dc=57 , 0.0696622 secs] [Times: user=0.86 sys=0.02, real=0.07 secs] 
5815.115: [GC 5815.116: [ParNew: 353191K->28101K(353920K), 0.0981999 secs] 2149959K->1841904K(3106432K) icms_dc=57 , 0.0995999 secs] [Times: user=1.16 sys=0.04, real=0.10 secs] 
5816.211: [GC 5816.212: [ParNew: 342725K->32741K(353920K), 0.1268562 secs] 2156528K->1846543K(3106432K) icms_dc=57 , 0.1282230 secs] [Times: user=1.25 sys=0.19, real=0.13 secs] 
5817.231: [GC 5817.232: [ParNew: 347365K->37322K(353920K), 0.0730243 secs] 2161167K->1858939K(3106432K) icms_dc=57 , 0.0744059 secs] [Times: user=1.08 sys=0.02, real=0.07 secs] 
5818.517: [GC 5818.518: [ParNew: 351946K->39296K(353920K), 0.1838186 secs] 2173563K->1871246K(3106432K) icms_dc=57 , 0.1852032 secs] [Times: user=1.52 sys=0.16, real=0.19 secs] 
5819.531: [GC 5819.532: [ParNew: 353920K->30342K(353920K), 0.1052871 secs] 2186094K->1878468K(3106432K) icms_dc=57 , 0.1066668 secs] [Times: user=1.09 sys=0.02, real=0.11 secs] 
5820.585: [GC 5820.586: [ParNew: 344966K->31006K(353920K), 0.0647475 secs] 2193092K->1879132K(3106432K) icms_dc=57 , 0.0661095 secs] [Times: user=0.90 sys=0.03, real=0.07 secs] 
5821.810: [GC 5821.811: [ParNew: 345630K->39296K(353920K), 0.0731551 secs] 2193756K->1894939K(3106432K) icms_dc=57 , 0.0744627 secs] [Times: user=1.08 sys=0.02, real=0.08 secs] 
5822.692: [GC 5822.693: [ParNew: 353920K->39296K(353920K), 0.1155751 secs] 2209563K->1903602K(3106432K) icms_dc=57 , 0.1169387 secs] [Times: user=1.29 sys=0.03, real=0.12 secs] 
5823.580: [GC 5823.581: [ParNew: 353920K->39296K(353920K), 0.1105009 secs] 2218226K->1911905K(3106432K) icms_dc=57 , 0.1119192 secs] [Times: user=1.30 sys=0.08, real=0.11 secs] 
5823.999: [CMS-concurrent-mark: 8.369/18.467 secs] [Times: user=431.31 sys=13.56, real=18.47 secs] 
5824.000: [CMS-concurrent-preclean-start]
5824.394: [GC 5824.395: [ParNew: 353920K->34325K(353920K), 0.1100825 secs] 2226529K->1924871K(3106432K) icms_dc=57 , 0.1114496 secs] [Times: user=1.25 sys=0.05, real=0.11 secs] 
5825.232: [GC 5825.233: [ParNew: 348949K->35838K(353920K), 0.0726002 secs] 2239495K->1926384K(3106432K) icms_dc=57 , 0.0739580 secs] [Times: user=0.98 sys=0.07, real=0.07 secs] 
5826.156: [GC 5826.157: [ParNew: 350462K->39296K(353920K), 0.1086588 secs] 2241008K->1940694K(3106432K) icms_dc=57 , 0.1101340 secs] [Times: user=1.13 sys=0.02, real=0.11 secs] 
5827.027: [GC 5827.028: [ParNew: 353920K->32877K(353920K), 0.1069779 secs] 2255318K->1956173K(3106432K) icms_dc=57 , 0.1083641 secs] [Times: user=1.22 sys=0.02, real=0.11 secs] 
5827.907: [GC 5827.908: [ParNew: 347501K->38980K(353920K), 0.0774174 secs] 2270797K->1971522K(3106432K) icms_dc=57 , 0.0789185 secs] [Times: user=1.06 sys=0.02, real=0.08 secs] 
5828.792: [GC 5828.793: [ParNew: 353604K->39296K(353920K), 0.0880953 secs] 2286146K->1984980K(3106432K) icms_dc=57 , 0.0895229 secs] [Times: user=1.09 sys=0.02, real=0.09 secs] 
5829.719: [GC 5829.720: [ParNew: 353920K->31300K(353920K), 0.0993825 secs] 2299604K->1990398K(3106432K) icms_dc=57 , 0.1008094 secs] [Times: user=1.22 sys=0.06, real=0.10 secs] 
5830.601: [GC 5830.602: [ParNew: 346989K->33058K(353920K), 0.0870815 secs] 2306087K->2001404K(3106432K) icms_dc=57 , 0.0884694 secs] [Times: user=0.95 sys=0.02, real=0.09 secs] 
5830.704: [GC 5830.705: [ParNew: 33687K->17473K(353920K), 0.0742810 secs] 2002032K->2007036K(3106432K) icms_dc=59 , 0.0753086 secs] [Times: user=0.88 sys=0.04, real=0.08 secs] 
5831.534: [GC 5831.535: [ParNew: 332097K->25895K(353920K), 0.1287046 secs] 2321660K->2015458K(3106432K) icms_dc=59 , 0.1300595 secs] [Times: user=1.29 sys=0.15, real=0.13 secs] 
5832.429: [GC 5832.430: [ParNew: 340580K->26211K(353920K), 0.0834866 secs] 2330143K->2029009K(3106432K) icms_dc=59 , 0.0848600 secs] [Times: user=1.08 sys=0.03, real=0.09 secs] 
5832.529: [GC 5832.529: [ParNew: 26588K->9459K(353920K), 0.0877291 secs] 2029385K->2032826K(3106432K) icms_dc=60 , 0.0887620 secs] [Times: user=0.82 sys=0.02, real=0.09 secs] 
5833.391: [GC 5833.393: [ParNew: 324083K->24554K(353920K), 0.0716824 secs] 2347450K->2047921K(3106432K) icms_dc=60 , 0.0730857 secs] [Times: user=0.84 sys=0.01, real=0.07 secs] 
5834.282: [GC 5834.283: [ParNew: 339178K->29036K(353920K), 0.0889965 secs] 2362545K->2066008K(3106432K) icms_dc=60 , 0.0903721 secs] [Times: user=1.08 sys=0.02, real=0.09 secs] 
5835.042: [GC 5835.043: [ParNew: 343660K->25761K(353920K), 0.1061356 secs] 2380632K->2077527K(3106432K) icms_dc=60 , 0.1074818 secs] [Times: user=1.26 sys=0.05, real=0.11 secs] 
5835.977: [GC 5835.978: [ParNew: 340385K->39296K(353920K), 0.0959423 secs] 2392151K->2092490K(3106432K) icms_dc=60 , 0.0973121 secs] [Times: user=1.20 sys=0.06, real=0.10 secs] 
5836.890: [GC 5836.891: [ParNew: 353920K->39296K(353920K), 0.1381472 secs] 2407151K->2103829K(3106432K) icms_dc=60 , 0.1395160 secs] [Times: user=1.43 sys=0.09, real=0.14 secs] 
5837.861: [GC 5837.862: [ParNew: 353920K->39296K(353920K), 0.0964680 secs] 2418453K->2113882K(3106432K) icms_dc=60 , 0.0978442 secs] [Times: user=1.15 sys=0.03, real=0.10 secs] 
5838.909: [GC 5838.910: [ParNew: 353920K->39296K(353920K), 0.1756935 secs] 2428506K->2124568K(3106432K) icms_dc=60 , 0.1774547 secs] [Times: user=1.45 sys=0.11, real=0.18 secs] 
5839.977: [GC 5839.978: [ParNew: 353561K->39295K(353920K), 0.0944542 secs] 2438833K->2132884K(3106432K) icms_dc=60 , 0.0958355 secs] [Times: user=1.03 sys=0.01, real=0.10 secs] 
5840.928: [GC 5840.929: [ParNew: 353919K->36630K(353920K), 0.0986647 secs] 2447508K->2138884K(3106432K) icms_dc=60 , 0.1000798 secs] [Times: user=1.14 sys=0.02, real=0.10 secs] 
5841.905: [GC 5841.906: [ParNew: 351254K->38751K(353920K), 0.0883398 secs] 2453508K->2148865K(3106432K) icms_dc=60 , 0.0897011 secs] [Times: user=1.07 sys=0.02, real=0.09 secs] 
5842.716: [GC 5842.717: [ParNew: 353375K->39296K(353920K), 0.1222239 secs] 2463489K->2157216K(3106432K) icms_dc=60 , 0.1236231 secs] [Times: user=1.21 sys=0.08, real=0.12 secs] 
5843.361: [CMS-concurrent-preclean: 9.453/19.361 secs] [Times: user=502.77 sys=16.62, real=19.36 secs] 
5843.362: [CMS-concurrent-abortable-preclean-start]
5843.535: [GC 5843.536: [ParNew: 353920K->37921K(353920K), 0.0739010 secs] 2472034K->2163949K(3106432K) icms_dc=60 , 0.0753394 secs] [Times: user=1.06 sys=0.02, real=0.08 secs] 
5844.395: [GC 5844.396: [ParNew: 352545K->39296K(353920K), 0.0863642 secs] 2478573K->2172799K(3106432K) icms_dc=60 , 0.0877950 secs] [Times: user=1.20 sys=0.03, real=0.09 secs] 
5844.855: [CMS-concurrent-abortable-preclean: 0.627/1.493 secs] [Times: user=40.49 sys=1.14, real=1.49 secs] 
5844.870: [GC[YG occupancy: 187512 K (353920 K)]5844.871: [Rescan (parallel) , 0.3356751 secs]5845.207: [weak refs processing, 0.0295079 secs] [1 CMS-remark: 2133503K(2752512K)] 2321016K(3106432K), 0.3694632 secs] [Times: user=3.10 sys=0.54, real=0.37 secs] 
5845.241: [CMS-concurrent-sweep-start]
5845.647: [GC 5845.648: [ParNew: 353920K->32187K(353920K), 0.1368197 secs] 2487284K->2179708K(3106432K) icms_dc=60 , 0.1382281 secs] [Times: user=1.36 sys=0.12, real=0.14 secs] 
5846.479: [GC 5846.479: [ParNew: 346811K->30586K(353920K), 0.1016182 secs] 2493837K->2177613K(3106432K) icms_dc=60 , 0.1029974 secs] [Times: user=1.19 sys=0.11, real=0.10 secs] 
5847.353: [GC 5847.354: [ParNew: 345210K->37205K(353920K), 0.0867346 secs] 2489796K->2189011K(3106432K) icms_dc=60 , 0.0881019 secs] [Times: user=1.08 sys=0.02, real=0.09 secs] 
5848.200: [GC 5848.201: [ParNew: 351829K->38485K(353920K), 0.0889797 secs] 2502286K->2196994K(3106432K) icms_dc=60 , 0.0903423 secs] [Times: user=1.05 sys=0.02, real=0.09 secs] 
5849.079: [GC 5849.080: [ParNew: 353435K->39296K(353920K), 0.1842046 secs] 2509154K->2205523K(3106432K) icms_dc=60 , 0.1855447 secs] [Times: user=1.34 sys=0.13, real=0.19 secs] 
5849.279: [GC 5849.280: [ParNew: 39601K->28115K(353920K), 0.0638564 secs] 2205828K->2203752K(3106432K) icms_dc=60 , 0.0648879 secs] [Times: user=0.88 sys=0.03, real=0.07 secs] 
5850.164: [GC 5850.165: [ParNew: 342739K->39296K(353920K), 0.0800594 secs] 2514488K->2211958K(3106432K) icms_dc=60 , 0.0814536 secs] [Times: user=0.97 sys=0.00, real=0.08 secs] 
5851.111: [GC 5851.112: [ParNew: 353920K->30801K(353920K), 0.0858084 secs] 2519884K->2213687K(3106432K) icms_dc=60 , 0.0871970 secs] [Times: user=1.08 sys=0.02, real=0.09 secs] 
5852.065: [GC 5852.066: [ParNew: 345425K->30140K(353920K), 0.0662680 secs] 2522913K->2217551K(3106432K) icms_dc=60 , 0.0676411 secs] [Times: user=0.91 sys=0.02, real=0.07 secs] 
5853.111: [GC 5853.112: [ParNew: 344471K->25328K(353920K), 0.0909799 secs] 2526627K->2217300K(3106432K) icms_dc=60 , 0.0926181 secs] [Times: user=1.04 sys=0.03, real=0.09 secs] 
5854.341: [GC 5854.342: [ParNew: 339952K->35292K(353920K), 0.1318337 secs] 2519827K->2215166K(3106432K) icms_dc=60 , 0.1332701 secs] [Times: user=1.22 sys=0.16, real=0.13 secs] 
5855.235: [GC 5855.237: [ParNew: 349941K->37556K(353920K), 0.1653893 secs] 2514328K->2208738K(3106432K) icms_dc=60 , 0.1671087 secs] [Times: user=1.48 sys=0.18, real=0.17 secs] 
5855.417: [GC 5855.418: [ParNew: 37950K->29128K(353920K), 0.0727918 secs] 2209133K->2209716K(3106432K) icms_dc=60 , 0.0738000 secs] [Times: user=0.96 sys=0.03, real=0.07 secs] 
5856.237: [GC 5856.238: [ParNew: 343752K->31739K(353920K), 0.0604613 secs] 2512477K->2200464K(3106432K) icms_dc=60 , 0.0619522 secs] [Times: user=0.90 sys=0.03, real=0.06 secs] 
5857.012: [GC 5857.013: [ParNew: 346363K->35865K(353920K), 0.0685234 secs] 2502719K->2200031K(3106432K) icms_dc=60 , 0.0699219 secs] [Times: user=0.99 sys=0.01, real=0.07 secs] 
5857.867: [GC 5857.868: [ParNew: 350451K->39296K(353920K), 0.0802659 secs] 2506182K->2202143K(3106432K) icms_dc=60 , 0.0816250 secs] [Times: user=1.03 sys=0.02, real=0.08 secs] 
5858.767: [GC 5858.768: [ParNew: 353920K->35433K(353920K), 0.1181593 secs] 2504960K->2199193K(3106432K) icms_dc=60 , 0.1195813 secs] [Times: user=1.10 sys=0.02, real=0.12 secs] 
5859.610: [GC 5859.611: [ParNew: 350906K->35594K(353920K), 0.1298182 secs] 2502456K->2187145K(3106432K) icms_dc=60 , 0.1312010 secs] [Times: user=0.96 sys=0.01, real=0.13 secs] 
5859.756: [GC 5859.756: [ParNew: 35960K->31086K(353920K), 0.1336457 secs] 2187510K->2191991K(3106432K) icms_dc=60 , 0.1346993 secs] [Times: user=0.85 sys=0.01, real=0.14 secs] 
5860.588: [GC 5860.589: [ParNew: 345710K->32770K(353920K), 0.0960576 secs] 2495907K->2182967K(3106432K) icms_dc=60 , 0.0974418 secs] [Times: user=0.91 sys=0.02, real=0.10 secs] 
5861.497: [GC 5861.498: [ParNew: 347569K->37702K(353920K), 0.0797006 secs] 2471960K->2169105K(3106432K) icms_dc=60 , 0.0811746 secs] [Times: user=1.07 sys=0.02, real=0.08 secs] 
5861.594: [GC 5861.594: [ParNew: 38108K->28286K(353920K), 0.0620997 secs] 2169511K->2168592K(3106432K) icms_dc=60 , 0.0631355 secs] [Times: user=0.92 sys=0.03, real=0.06 secs] 
5862.723: [GC 5862.725: [ParNew: 342910K->39296K(353920K), 0.1244695 secs] 2455921K->2153158K(3106432K) icms_dc=60 , 0.1260062 secs] [Times: user=1.21 sys=0.11, real=0.13 secs] 
5863.621: [GC 5863.622: [ParNew: 353920K->39296K(353920K), 0.1076463 secs] 2437877K->2133529K(3106432K) icms_dc=60 , 0.1090219 secs] [Times: user=1.31 sys=0.04, real=0.11 secs] 
5864.626: [GC 5864.627: [ParNew: 353920K->39296K(353920K), 0.1542897 secs] 2407944K->2103163K(3106432K) icms_dc=60 , 0.1557565 secs] [Times: user=1.52 sys=0.18, real=0.16 secs] 
5865.616: [GC 5865.617: [ParNew: 353913K->39296K(353920K), 0.0888146 secs] 2388440K->2081988K(3106432K) icms_dc=60 , 0.0903062 secs] [Times: user=1.07 sys=0.02, real=0.09 secs] 
5866.648: [GC 5866.649: [ParNew: 353863K->39296K(353920K), 0.1160876 secs] 2360958K->2055153K(3106432K) icms_dc=60 , 0.1175560 secs] [Times: user=1.20 sys=0.04, real=0.12 secs] 
5867.928: [GC 5867.929: [ParNew: 353920K->34806K(353920K), 0.0856700 secs] 2320753K->2009744K(3106432K) icms_dc=60 , 0.0871321 secs] [Times: user=1.14 sys=0.02, real=0.09 secs] 
5868.834: [GC 5868.835: [ParNew: 349430K->38877K(353920K), 0.1381019 secs] 2268621K->1965000K(3106432K) icms_dc=60 , 0.1396122 secs] [Times: user=1.28 sys=0.12, real=0.14 secs] 
5869.716: [GC 5869.717: [ParNew: 353501K->32277K(353920K), 0.0851880 secs] 2245105K->1931330K(3106432K) icms_dc=60 , 0.0866314 secs] [Times: user=1.06 sys=0.02, real=0.09 secs] 
5870.604: [GC 5870.620: [ParNew: 346901K->35623K(353920K), 0.0834356 secs] 2180631K->1875852K(3106432K) icms_dc=60 , 0.0848834 secs] [Times: user=1.11 sys=0.01, real=0.10 secs] 
5871.518: [GC 5871.519: [ParNew: 350247K->39296K(353920K), 0.0926199 secs] 2170074K->1866032K(3106432K) icms_dc=60 , 0.0940512 secs] [Times: user=1.07 sys=0.03, real=0.09 secs] 
5872.373: [GC 5872.374: [ParNew: 353920K->39296K(353920K), 0.0896599 secs] 2170832K->1864415K(3106432K) icms_dc=60 , 0.0911210 secs] [Times: user=1.21 sys=0.03, real=0.09 secs] 
5872.674: [CMS-concurrent-sweep: 13.517/27.433 secs] [Times: user=683.83 sys=23.45, real=27.43 secs] 
5872.676: [CMS-concurrent-reset-start]
5872.704: [CMS-concurrent-reset: 0.028/0.028 secs] [Times: user=0.78 sys=0.03, real=0.03 secs] 
5873.305: [GC 5873.306: [ParNew: 353920K->28936K(353920K), 0.0865624 secs] 2178663K->1870607K(3106432K) icms_dc=45 , 0.0880299 secs] [Times: user=1.09 sys=0.03, real=0.09 secs] 
5873.652: [GC [1 CMS-initial-mark: 1841671K(2752512K)] 1957167K(3106432K), 0.6249101 secs] [Times: user=0.62 sys=0.01, real=0.63 secs] 
5874.279: [CMS-concurrent-mark-start]
5874.909: [GC 5874.910: [ParNew: 343636K->36198K(353920K), 0.1804477 secs] 2185308K->1877869K(3106432K) icms_dc=45 , 0.1819221 secs] [Times: user=1.28 sys=0.19, real=0.18 secs] 
5875.106: [GC 5875.106: [ParNew: 36444K->6214K(353920K), 0.2068515 secs] 1878115K->1876975K(3106432K) icms_dc=45 , 0.2079205 secs] [Times: user=1.47 sys=0.22, real=0.21 secs] 
5876.155: [GC 5876.156: [ParNew: 320838K->26188K(353920K), 0.0755340 secs] 2191599K->1896949K(3106432K) icms_dc=45 , 0.0770693 secs] [Times: user=0.96 sys=0.03, real=0.08 secs] 
5877.073: [GC 5877.074: [ParNew: 341218K->26061K(353920K), 0.1251291 secs] 2211978K->1910169K(3106432K) icms_dc=45 , 0.1265310 secs] [Times: user=1.40 sys=0.06, real=0.13 secs] 
5877.215: [GC 5877.215: [ParNew: 26371K->25016K(353920K), 0.0533869 secs] 1910480K->1909125K(3106432K) icms_dc=47 , 0.0544420 secs] [Times: user=0.73 sys=0.03, real=0.05 secs] 
5878.035: [GC 5878.036: [ParNew: 339640K->39296K(353920K), 0.1309452 secs] 2223749K->1923468K(3106432K) icms_dc=47 , 0.1324063 secs] [Times: user=1.19 sys=0.03, real=0.13 secs] 
5879.045: [GC 5879.046: [ParNew: 353920K->39296K(353920K), 0.1489551 secs] 2238092K->1932772K(3106432K) icms_dc=47 , 0.1504177 secs] [Times: user=1.24 sys=0.02, real=0.15 secs] 
5879.991: [GC 5879.992: [ParNew: 353920K->39296K(353920K), 0.1506695 secs] 2247396K->1945465K(3106432K) icms_dc=47 , 0.1521381 secs] [Times: user=1.17 sys=0.03, real=0.15 secs] 
5880.988: [GC 5880.989: [ParNew: 353920K->39296K(353920K), 0.1114101 secs] 2260518K->1955758K(3106432K) icms_dc=47 , 0.1128400 secs] [Times: user=1.32 sys=0.06, real=0.11 secs] 
5881.116: [GC 5881.117: [ParNew: 39709K->23081K(353920K), 0.0869233 secs] 1956171K->1969472K(3106432K) icms_dc=58 , 0.0880472 secs] [Times: user=1.08 sys=0.03, real=0.09 secs] 
5882.008: [GC 5882.009: [ParNew: 337705K->28701K(353920K), 0.1846497 secs] 2284096K->1975092K(3106432K) icms_dc=58 , 0.1861096 secs] [Times: user=1.67 sys=0.34, real=0.19 secs] 
5883.096: [GC 5883.097: [ParNew: 343665K->30671K(353920K), 0.2001080 secs] 2290056K->1990710K(3106432K) icms_dc=58 , 0.2017932 secs] [Times: user=1.80 sys=0.29, real=0.20 secs] 
5883.321: [GC 5883.322: [ParNew: 34635K->17460K(353920K), 0.0778092 secs] 1994674K->1998744K(3106432K) icms_dc=60 , 0.0789291 secs] [Times: user=0.98 sys=0.04, real=0.08 secs] 
5884.213: [GC 5884.214: [ParNew: 332094K->30988K(353920K), 0.0962821 secs] 2313378K->2012273K(3106432K) icms_dc=60 , 0.0977096 secs] [Times: user=1.04 sys=0.03, real=0.10 secs] 
5885.069: [GC 5885.070: [ParNew: 345612K->29011K(353920K), 0.1660877 secs] 2326897K->2025995K(3106432K) icms_dc=66 , 0.1675558 secs] [Times: user=1.67 sys=0.19, real=0.17 secs] 
5886.052: [GC 5886.053: [ParNew: 343635K->29509K(353920K), 0.1077280 secs] 2340619K->2036262K(3106432K) icms_dc=66 , 0.1093167 secs] [Times: user=1.16 sys=0.06, real=0.11 secs] 
5887.071: [GC 5887.072: [ParNew: 344133K->36788K(353920K), 0.1708944 secs] 2350886K->2055177K(3106432K) icms_dc=66 , 0.1724457 secs] [Times: user=1.78 sys=0.25, real=0.17 secs] 
5888.106: [GC 5888.107: [ParNew: 351412K->35628K(353920K), 0.0920198 secs] 2369801K->2065982K(3106432K) icms_dc=66 , 0.0935033 secs] [Times: user=1.16 sys=0.02, real=0.09 secs] 
5889.089: [GC 5889.090: [ParNew: 350991K->33483K(353920K), 0.1126116 secs] 2381345K->2075500K(3106432K) icms_dc=66 , 0.1141166 secs] [Times: user=1.23 sys=0.02, real=0.11 secs] 
5889.220: [GC 5889.220: [ParNew: 33767K->10927K(353920K), 0.0802598 secs] 2075783K->2077027K(3106432K) icms_dc=78 , 0.0813795 secs] [Times: user=1.01 sys=0.04, real=0.08 secs] 
5890.199: [GC 5890.200: [ParNew: 325532K->28415K(353920K), 0.0607052 secs] 2391632K->2094515K(3106432K) icms_dc=78 , 0.0622235 secs] [Times: user=0.92 sys=0.03, real=0.06 secs] 
5891.247: [GC 5891.248: [ParNew: 343734K->25792K(353920K), 0.0891704 secs] 2409834K->2105995K(3106432K) icms_dc=78 , 0.0906382 secs] [Times: user=1.19 sys=0.02, real=0.09 secs] 
5891.353: [GC 5891.354: [ParNew: 26436K->26352K(353920K), 0.0544487 secs] 2106640K->2106555K(3106432K) icms_dc=78 , 0.0555333 secs] [Times: user=0.82 sys=0.03, real=0.06 secs] 
5892.293: [GC 5892.294: [ParNew: 340483K->37589K(353920K), 0.0846513 secs] 2420686K->2117792K(3106432K) icms_dc=78 , 0.0862408 secs] [Times: user=1.16 sys=0.04, real=0.09 secs] 
5893.271: [GC 5893.272: [ParNew: 352213K->28692K(353920K), 0.1050637 secs] 2432416K->2126939K(3106432K) icms_dc=78 , 0.1064712 secs] [Times: user=1.31 sys=0.02, real=0.11 secs] 
5893.652: [CMS-concurrent-mark: 10.618/19.373 secs] [Times: user=485.66 sys=16.02, real=19.37 secs] 
5893.654: [CMS-concurrent-preclean-start]
5894.226: [GC 5894.227: [ParNew: 343316K->37146K(353920K), 0.0851756 secs] 2441563K->2135393K(3106432K) icms_dc=78 , 0.0866965 secs] [Times: user=1.08 sys=0.07, real=0.09 secs] 
5895.118: [GC 5895.119: [ParNew: 351770K->27790K(353920K), 0.1131337 secs] 2450017K->2144446K(3106432K) icms_dc=78 , 0.1146597 secs] [Times: user=1.36 sys=0.03, real=0.12 secs] 
5896.112: [GC 5896.113: [ParNew: 342414K->39295K(353920K), 0.0907878 secs] 2459070K->2157038K(3106432K) icms_dc=78 , 0.0922037 secs] [Times: user=0.98 sys=0.04, real=0.09 secs] 
5897.367: [GC 5897.368: [ParNew: 353919K->26893K(353920K), 0.1221587 secs] 2471662K->2165402K(3106432K) icms_dc=78 , 0.1236148 secs] [Times: user=1.27 sys=0.03, real=0.12 secs] 
5898.330: [GC 5898.331: [ParNew: 341176K->37119K(353920K), 0.0939952 secs] 2479684K->2175627K(3106432K) icms_dc=78 , 0.0954400 secs] [Times: user=1.18 sys=0.08, real=0.10 secs] 
5899.181: [GC 5899.182: [ParNew: 351743K->30033K(353920K), 0.1877677 secs] 2490251K->2186066K(3106432K) icms_dc=78 , 0.1891983 secs] [Times: user=1.52 sys=0.12, real=0.19 secs] 
5900.090: [GC 5900.091: [ParNew: 344657K->31978K(353920K), 0.1032491 secs] 2500690K->2188012K(3106432K) icms_dc=78 , 0.1046963 secs] [Times: user=1.19 sys=0.12, real=0.11 secs] 
5901.065: [GC 5901.066: [ParNew: 346602K->38376K(353920K), 0.0867815 secs] 2502636K->2201788K(3106432K) icms_dc=78 , 0.0882905 secs] [Times: user=1.23 sys=0.01, real=0.09 secs] 
5901.918: [GC 5901.919: [ParNew: 352901K->39296K(353920K), 0.0919053 secs] 2516313K->2212141K(3106432K) icms_dc=78 , 0.0933077 secs] [Times: user=1.22 sys=0.02, real=0.09 secs] 
5902.892: [GC 5902.893: [ParNew: 353920K->29689K(353920K), 0.1037815 secs] 2526765K->2221437K(3106432K) icms_dc=78 , 0.1052017 secs] [Times: user=1.27 sys=0.04, real=0.11 secs] 
5903.767: [GC 5903.769: [ParNew: 344313K->35507K(353920K), 0.1293261 secs] 2536061K->2227255K(3106432K) icms_dc=78 , 0.1307956 secs] [Times: user=1.28 sys=0.18, real=0.13 secs] 
5904.752: [GC 5904.753: [ParNew: 350262K->31774K(353920K), 0.1192854 secs] 2542010K->2240440K(3106432K) icms_dc=78 , 0.1207164 secs] [Times: user=1.31 sys=0.05, real=0.12 secs] 
5904.891: [GC 5904.892: [ParNew: 32550K->17819K(353920K), 0.0858706 secs] 2241216K->2248232K(3106432K) icms_dc=78 , 0.0869649 secs] [Times: user=0.89 sys=0.04, real=0.09 secs] 
5905.821: [GC 5905.822: [ParNew: 332443K->24271K(353920K), 0.0977975 secs] 2562856K->2254685K(3106432K) icms_dc=78 , 0.0992133 secs] [Times: user=1.12 sys=0.06, real=0.10 secs] 
5906.791: [GC 5906.793: [ParNew: 338853K->27296K(353920K), 0.1586641 secs] 2569267K->2270149K(3106432K) icms_dc=78 , 0.1602617 secs] [Times: user=1.63 sys=0.21, real=0.16 secs] 
5907.830: [GC 5907.831: [ParNew: 341942K->25910K(353920K), 0.0826954 secs] 2584795K->2280937K(3106432K) icms_dc=78 , 0.0841258 secs] [Times: user=1.14 sys=0.04, real=0.08 secs] 
5908.737: [GC 5908.738: [ParNew: 340534K->39296K(353920K), 0.1029140 secs] 2595561K->2294759K(3106432K) icms_dc=78 , 0.1043518 secs] [Times: user=1.22 sys=0.13, real=0.10 secs] 
5909.707: [GC 5909.708: [ParNew: 353920K->25531K(353920K), 0.1129405 secs] 2609428K->2296917K(3106432K) icms_dc=78 , 0.1144577 secs] [Times: user=1.28 sys=0.05, real=0.12 secs] 
5909.836: [GC 5909.837: [ParNew: 25639K->24199K(353920K), 0.0570490 secs] 2297025K->2295585K(3106432K) icms_dc=78 , 0.0581512 secs] [Times: user=0.80 sys=0.06, real=0.06 secs] 
5910.664: [GC 5910.665: [ParNew: 338823K->35813K(353920K), 0.0856538 secs] 2610209K->2307199K(3106432K) icms_dc=78 , 0.0870876 secs] [Times: user=1.06 sys=0.02, real=0.09 secs] 
5911.160: [CMS-concurrent-preclean: 10.699/17.506 secs] [Times: user=433.66 sys=15.39, real=17.51 secs] 
5911.161: [CMS-concurrent-abortable-preclean-start]
5911.296: [CMS-concurrent-abortable-preclean: 0.029/0.135 secs] [Times: user=3.92 sys=0.14, real=0.14 secs] 
5911.314: [GC[YG occupancy: 251584 K (353920 K)]5911.314: [Rescan (parallel) , 0.2546375 secs]5911.569: [weak refs processing, 0.0331122 secs] [1 CMS-remark: 2271386K(2752512K)] 2522970K(3106432K), 0.2921871 secs] [Times: user=3.22 sys=0.36, real=0.29 secs] 
5911.607: [CMS-concurrent-sweep-start]
5911.861: [GC 5911.862: [ParNew: 350437K->39296K(353920K), 0.1389700 secs] 2621670K->2317493K(3106432K) icms_dc=78 , 0.1404636 secs] [Times: user=1.48 sys=0.13, real=0.14 secs] 
5912.836: [GC 5912.837: [ParNew: 353920K->38028K(353920K), 0.1199748 secs] 2631888K->2324537K(3106432K) icms_dc=78 , 0.1215004 secs] [Times: user=1.29 sys=0.04, real=0.12 secs] 
5914.044: [GC 5914.045: [ParNew: 352652K->39296K(353920K), 0.0866158 secs] 2638425K->2332352K(3106432K) icms_dc=78 , 0.0880362 secs] [Times: user=1.14 sys=0.03, real=0.09 secs] 
5914.939: [GC 5914.940: [ParNew: 353920K->39296K(353920K), 0.1872162 secs] 2644559K->2341631K(3106432K) icms_dc=78 , 0.1886404 secs] [Times: user=1.38 sys=0.08, real=0.19 secs] 
5915.920: [GC 5915.921: [ParNew: 353920K->39296K(353920K), 0.1166270 secs] 2653592K->2347894K(3106432K) icms_dc=78 , 0.1180764 secs] [Times: user=1.26 sys=0.02, real=0.12 secs] 
5916.822: [GC 5916.823: [ParNew: 353920K->39296K(353920K), 0.1479854 secs] 2659788K->2353055K(3106432K) icms_dc=78 , 0.1494045 secs] [Times: user=1.45 sys=0.13, real=0.15 secs] 
5916.987: [GC 5916.987: [ParNew: 39749K->31829K(353920K), 0.1358397 secs] 2353509K->2354317K(3106432K) icms_dc=78 , 0.1369133 secs] [Times: user=1.40 sys=0.20, real=0.14 secs] 
5917.910: [GC 5917.911: [ParNew: 346453K->34306K(353920K), 0.1771836 secs] 2664596K->2352449K(3106432K) icms_dc=78 , 0.1786479 secs] [Times: user=1.58 sys=0.27, real=0.18 secs] 
5918.835: [GC 5918.836: [ParNew: 348930K->39296K(353920K), 0.1191087 secs] 2664080K->2362422K(3106432K) icms_dc=78 , 0.1205651 secs] [Times: user=1.33 sys=0.05, real=0.12 secs] 
5919.697: [GC 5919.698: [ParNew: 353920K->30294K(353920K), 0.1461346 secs] 2673666K->2368750K(3106432K) icms_dc=78 , 0.1475512 secs] [Times: user=1.46 sys=0.12, real=0.15 secs] 
5920.641: [GC 5920.642: [ParNew: 344918K->29367K(353920K), 0.0951744 secs] 2678839K->2374129K(3106432K) icms_dc=78 , 0.0966134 secs] [Times: user=1.04 sys=0.03, real=0.10 secs] 
5921.628: [GC 5921.629: [ParNew: 343977K->39296K(353920K), 0.1230256 secs] 2679016K->2376603K(3106432K) icms_dc=78 , 0.1244740 secs] [Times: user=1.15 sys=0.06, real=0.13 secs] 
5922.611: [GC 5922.612: [ParNew: 353920K->39296K(353920K), 0.1113395 secs] 2677319K->2373742K(3106432K) icms_dc=78 , 0.1128126 secs] [Times: user=1.24 sys=0.04, real=0.11 secs] 
5923.498: [GC 5923.499: [ParNew: 353920K->39295K(353920K), 0.1474708 secs] 2681078K->2377866K(3106432K) icms_dc=78 , 0.1489870 secs] [Times: user=1.62 sys=0.19, real=0.15 secs] 
5924.474: [GC 5924.475: [ParNew: 353919K->36818K(353920K), 0.0838495 secs] 2678471K->2367960K(3106432K) icms_dc=78 , 0.0852982 secs] [Times: user=1.15 sys=0.03, real=0.09 secs] 
5925.330: [GC 5925.331: [ParNew: 351442K->39296K(353920K), 0.1261106 secs] 2667399K->2364084K(3106432K) icms_dc=78 , 0.1275155 secs] [Times: user=1.34 sys=0.10, real=0.13 secs] 
5926.504: [GC 5926.505: [ParNew: 353920K->39296K(353920K), 0.0841643 secs] 2664688K->2357955K(3106432K) icms_dc=78 , 0.0856950 secs] [Times: user=1.13 sys=0.01, real=0.09 secs] 
5926.605: [GC 5926.605: [ParNew: 39759K->22423K(353920K), 0.2121377 secs] 2358418K->2371374K(3106432K) icms_dc=78 , 0.2132132 secs] [Times: user=1.70 sys=0.34, real=0.21 secs] 
5927.664: [GC 5927.665: [ParNew: 337164K->30984K(353920K), 0.0651130 secs] 2666138K->2359958K(3106432K) icms_dc=78 , 0.0665785 secs] [Times: user=0.99 sys=0.03, real=0.07 secs] 
5927.749: [GC 5927.750: [ParNew: 31655K->15547K(353920K), 0.1264021 secs] 2360629K->2371836K(3106432K) icms_dc=78 , 0.1275669 secs] [Times: user=1.19 sys=0.11, real=0.13 secs] 
5928.677: [GC 5928.678: [ParNew: 329600K->25411K(353920K), 0.0636626 secs] 2659411K->2355222K(3106432K) icms_dc=78 , 0.0652245 secs] [Times: user=0.95 sys=0.02, real=0.07 secs] 
5929.611: [GC 5929.612: [ParNew: 340834K->25255K(353920K), 0.1972955 secs] 2631533K->2330028K(3106432K) icms_dc=78 , 0.1989005 secs] [Times: user=1.70 sys=0.29, real=0.20 secs] 
5929.826: [GC 5929.827: [ParNew: 25837K->12835K(353920K), 0.0921636 secs] 2330610K->2337733K(3106432K) icms_dc=78 , 0.0933848 secs] [Times: user=0.94 sys=0.05, real=0.09 secs] 
5930.700: [GC 5930.701: [ParNew: 327459K->23518K(353920K), 0.1140063 secs] 2631706K->2327764K(3106432K) icms_dc=78 , 0.1155271 secs] [Times: user=1.24 sys=0.06, real=0.12 secs] 
5931.594: [GC 5931.595: [ParNew: 337998K->25975K(353920K), 0.2294071 secs] 2624574K->2324069K(3106432K) icms_dc=78 , 0.2308589 secs] [Times: user=1.82 sys=0.31, real=0.23 secs] 
5932.626: [GC 5932.627: [ParNew: 340599K->24800K(353920K), 0.0983268 secs] 2607622K->2302879K(3106432K) icms_dc=78 , 0.0999630 secs] [Times: user=1.17 sys=0.03, real=0.10 secs] 
5933.597: [GC 5933.598: [ParNew: 339424K->39295K(353920K), 0.0862242 secs] 2567664K->2267749K(3106432K) icms_dc=78 , 0.0878154 secs] [Times: user=0.99 sys=0.02, real=0.09 secs] 
5934.561: [GC 5934.562: [ParNew: 353919K->34264K(353920K), 0.1326342 secs] 2551834K->2254457K(3106432K) icms_dc=78 , 0.1341200 secs] [Times: user=1.29 sys=0.02, real=0.13 secs] 
5935.578: [GC 5935.579: [ParNew: 348940K->23432K(353920K), 0.1367721 secs] 2518427K->2201875K(3106432K) icms_dc=78 , 0.1382043 secs] [Times: user=1.37 sys=0.18, real=0.14 secs] 
5935.732: [GC 5935.733: [ParNew: 24499K->21136K(353920K), 0.0568446 secs] 2202941K->2199579K(3106432K) icms_dc=78 , 0.0580261 secs] [Times: user=0.83 sys=0.04, real=0.06 secs] 
5936.732: [GC 5936.733: [ParNew: 335727K->35357K(353920K), 0.0703949 secs] 2483438K->2183068K(3106432K) icms_dc=78 , 0.0719339 secs] [Times: user=1.01 sys=0.03, real=0.07 secs] 
5937.632: [GC 5937.633: [ParNew: 349981K->39296K(353920K), 0.1505892 secs] 2483259K->2181365K(3106432K) icms_dc=78 , 0.1520772 secs] [Times: user=1.45 sys=0.08, real=0.15 secs] 
5938.566: [GC 5938.567: [ParNew: 353920K->37904K(353920K), 0.0797971 secs] 2466308K->2158576K(3106432K) icms_dc=78 , 0.0812683 secs] [Times: user=1.13 sys=0.02, real=0.08 secs] 
5939.628: [GC 5939.629: [ParNew: 352480K->39296K(353920K), 0.0873271 secs] 2367169K->2063743K(3106432K) icms_dc=78 , 0.0888086 secs] [Times: user=1.19 sys=0.04, real=0.09 secs] 
5940.304: [CMS-concurrent-sweep: 18.024/28.696 secs] [Times: user=694.30 sys=25.28, real=28.70 secs] 
5940.305: [CMS-concurrent-reset-start]
5940.342: [CMS-concurrent-reset: 0.036/0.036 secs] [Times: user=1.01 sys=0.04, real=0.04 secs] 
5940.556: [GC 5940.557: [ParNew: 353920K->35715K(353920K), 0.0795522 secs] 2308200K->1998311K(3106432K) icms_dc=59 , 0.0810869 secs] [Times: user=1.14 sys=0.02, real=0.08 secs] 
5940.833: [GC [1 CMS-initial-mark: 1962595K(2752512K)] 2063064K(3106432K), 0.5820180 secs] [Times: user=0.58 sys=0.00, real=0.59 secs] 
5941.428: [CMS-concurrent-mark-start]
5942.080: [GC 5942.081: [ParNew: 350339K->39141K(353920K), 0.1887384 secs] 2312935K->2008999K(3106432K) icms_dc=59 , 0.1901897 secs] [Times: user=1.33 sys=0.06, real=0.19 secs] 
5943.046: [GC 5943.047: [ParNew: 353765K->32930K(353920K), 0.1003483 secs] 2323623K->2009502K(3106432K) icms_dc=59 , 0.1019052 secs] [Times: user=1.27 sys=0.04, real=0.10 secs] 
5944.300: [GC 5944.301: [ParNew: 347576K->38058K(353920K), 0.2531821 secs] 2324148K->2022462K(3106432K) icms_dc=59 , 0.2546702 secs] [Times: user=2.15 sys=0.46, real=0.26 secs] 
5945.394: [GC 5945.395: [ParNew: 352668K->39296K(353920K), 0.1188991 secs] 2337072K->2033091K(3106432K) icms_dc=59 , 0.1203675 secs] [Times: user=1.30 sys=0.05, real=0.12 secs] 
5946.767: [GC 5946.768: [ParNew: 353920K->39296K(353920K), 0.1142130 secs] 2347715K->2043238K(3106432K) icms_dc=59 , 0.1157756 secs] [Times: user=1.20 sys=0.03, real=0.12 secs] 
5947.777: [GC 5947.778: [ParNew: 353920K->39296K(353920K), 0.1009639 secs] 2357862K->2051731K(3106432K) icms_dc=59 , 0.1024772 secs] [Times: user=1.12 sys=0.01, real=0.10 secs] 
5948.705: [GC 5948.706: [ParNew: 353920K->31489K(353920K), 0.1163961 secs] 2366355K->2063580K(3106432K) icms_dc=61 , 0.1178840 secs] [Times: user=1.39 sys=0.04, real=0.12 secs] 
5949.763: [GC 5949.764: [ParNew: 346015K->31178K(353920K), 0.0976630 secs] 2378107K->2074579K(3106432K) icms_dc=61 , 0.0991504 secs] [Times: user=1.07 sys=0.02, real=0.10 secs] 
5950.804: [GC 5950.805: [ParNew: 346192K->25905K(353920K), 0.0873025 secs] 2389593K->2081117K(3106432K) icms_dc=62 , 0.0887596 secs] [Times: user=1.11 sys=0.02, real=0.09 secs] 
5950.909: [GC 5950.909: [ParNew: 26705K->27593K(353920K), 0.0590825 secs] 2081917K->2082805K(3106432K) icms_dc=77 , 0.0601834 secs] [Times: user=0.79 sys=0.04, real=0.06 secs] 
5951.894: [GC 5951.895: [ParNew: 342234K->39296K(353920K), 0.1110574 secs] 2397446K->2096171K(3106432K) icms_dc=77 , 0.1126138 secs] [Times: user=1.02 sys=0.01, real=0.11 secs] 
5952.841: [GC 5952.842: [ParNew: 353920K->35549K(353920K), 0.1103034 secs] 2410795K->2109855K(3106432K) icms_dc=85 , 0.1117839 secs] [Times: user=1.22 sys=0.03, real=0.11 secs] 
5953.799: [GC 5953.800: [ParNew: 350173K->30924K(353920K), 0.1011080 secs] 2424479K->2117399K(3106432K) icms_dc=85 , 0.1026498 secs] [Times: user=1.05 sys=0.02, real=0.10 secs] 
5954.712: [GC 5954.713: [ParNew: 345548K->35344K(353920K), 0.0964211 secs] 2432023K->2130712K(3106432K) icms_dc=85 , 0.0979733 secs] [Times: user=1.22 sys=0.04, real=0.10 secs] 
5955.678: [GC 5955.679: [ParNew: 349968K->32607K(353920K), 0.0902707 secs] 2445336K->2140453K(3106432K) icms_dc=85 , 0.0917475 secs] [Times: user=1.12 sys=0.02, real=0.09 secs] 
5956.604: [GC 5956.605: [ParNew: 347289K->34620K(353920K), 0.1767811 secs] 2455136K->2152909K(3106432K) icms_dc=85 , 0.1782452 secs] [Times: user=1.56 sys=0.18, real=0.18 secs] 
5956.798: [GC 5956.798: [ParNew: 35016K->17119K(353920K), 0.1170083 secs] 2153305K->2159522K(3106432K) icms_dc=96 , 0.1181502 secs] [Times: user=1.17 sys=0.10, real=0.12 secs] 
5957.769: [GC 5957.770: [ParNew: 331743K->31520K(353920K), 0.2414927 secs] 2474146K->2173923K(3106432K) icms_dc=96 , 0.2429748 secs] [Times: user=1.80 sys=0.41, real=0.24 secs] 
5958.832: [GC 5958.833: [ParNew: 346407K->30635K(353920K), 0.1290916 secs] 2488810K->2186436K(3106432K) icms_dc=96 , 0.1306611 secs] [Times: user=1.32 sys=0.04, real=0.13 secs] 
5959.780: [GC 5959.781: [ParNew: 345259K->34803K(353920K), 0.1268127 secs] 2501060K->2200058K(3106432K) icms_dc=96 , 0.1283018 secs] [Times: user=1.32 sys=0.12, real=0.13 secs] 
5960.370: [CMS-concurrent-mark: 11.604/18.941 secs] [Times: user=464.50 sys=16.00, real=18.94 secs] 
5960.371: [CMS-concurrent-preclean-start]
5960.744: [GC 5960.746: [ParNew: 349427K->28140K(353920K), 0.1309742 secs] 2514682K->2205035K(3106432K) icms_dc=96 , 0.1325004 secs] [Times: user=1.43 sys=0.14, real=0.13 secs] 
5961.554: [GC 5961.555: [ParNew: 342737K->31026K(353920K), 0.0954757 secs] 2519631K->2220524K(3106432K) icms_dc=96 , 0.0969329 secs] [Times: user=1.22 sys=0.02, real=0.10 secs] 
5962.375: [GC 5962.376: [ParNew: 345650K->27628K(353920K), 0.1612077 secs] 2535148K->2227752K(3106432K) icms_dc=96 , 0.1626750 secs] [Times: user=1.54 sys=0.17, real=0.16 secs] 
5963.344: [GC 5963.346: [ParNew: 342507K->37390K(353920K), 0.0616986 secs] 2542631K->2237513K(3106432K) icms_dc=96 , 0.0632633 secs] [Times: user=0.96 sys=0.02, real=0.06 secs] 
5963.424: [GC 5963.424: [ParNew: 37995K->16559K(353920K), 0.0942210 secs] 2238118K->2249068K(3106432K) icms_dc=96 , 0.0953342 secs] [Times: user=1.16 sys=0.02, real=0.10 secs] 
5964.297: [GC 5964.298: [ParNew: 331183K->29860K(353920K), 0.0649183 secs] 2563692K->2262369K(3106432K) icms_dc=96 , 0.0664238 secs] [Times: user=0.93 sys=0.03, real=0.07 secs] 
5965.132: [GC 5965.133: [ParNew: 345985K->34305K(353920K), 0.1485436 secs] 2578494K->2281014K(3106432K) icms_dc=96 , 0.1500539 secs] [Times: user=1.28 sys=0.03, real=0.15 secs] 
5965.299: [GC 5965.300: [ParNew: 34814K->17906K(353920K), 0.1142746 secs] 2281523K->2291974K(3106432K) icms_dc=96 , 0.1154106 secs] [Times: user=1.03 sys=0.02, real=0.12 secs] 
5966.194: [GC 5966.195: [ParNew: 332788K->30561K(353920K), 0.0801984 secs] 2606856K->2304630K(3106432K) icms_dc=96 , 0.0817049 secs] [Times: user=1.03 sys=0.06, real=0.08 secs] 
5966.292: [GC 5966.292: [ParNew: 31021K->12593K(353920K), 0.1444995 secs] 2305089K->2315355K(3106432K) icms_dc=96 , 0.1456694 secs] [Times: user=1.36 sys=0.17, real=0.15 secs] 
5967.281: [GC 5967.282: [ParNew: 327217K->24872K(353920K), 0.1199542 secs] 2629979K->2327634K(3106432K) icms_dc=96 , 0.1214489 secs] [Times: user=1.08 sys=0.09, real=0.12 secs] 
5968.255: [GC 5968.257: [ParNew: 340217K->30012K(353920K), 0.0959952 secs] 2642979K->2345961K(3106432K) icms_dc=96 , 0.0975306 secs] [Times: user=1.22 sys=0.05, real=0.10 secs] 
5968.370: [GC 5968.371: [ParNew: 30691K->15745K(353920K), 0.0776326 secs] 2346640K->2356298K(3106432K) icms_dc=96 , 0.0787819 secs] [Times: user=1.00 sys=0.05, real=0.08 secs] 
5969.346: [GC 5969.348: [ParNew: 330828K->25877K(353920K), 0.0736773 secs] 2671381K->2366430K(3106432K) icms_dc=96 , 0.0752212 secs] [Times: user=0.93 sys=0.03, real=0.08 secs] 
5969.439: [GC 5969.440: [ParNew: 26783K->10222K(353920K), 0.0776818 secs] 2367336K->2374147K(3106432K) icms_dc=96 , 0.0788207 secs] [Times: user=0.94 sys=0.04, real=0.08 secs] 
5970.399: [GC 5970.400: [ParNew: 324846K->22069K(353920K), 0.0793502 secs] 2688771K->2385994K(3106432K) icms_dc=96 , 0.0809586 secs] [Times: user=0.93 sys=0.03, real=0.08 secs] 
5971.253: [GC 5971.254: [ParNew: 336693K->21980K(353920K), 0.0931351 secs] 2700618K->2398539K(3106432K) icms_dc=96 , 0.0946010 secs] [Times: user=1.16 sys=0.03, real=0.10 secs] 
5972.193: [GC 5972.194: [ParNew: 336604K->34983K(353920K), 0.0760288 secs] 2713163K->2411542K(3106432K) icms_dc=96 , 0.0775608 secs] [Times: user=0.96 sys=0.02, real=0.08 secs] 
5973.221: [GC 5973.222: [ParNew: 349607K->39296K(353920K), 0.1631711 secs] 2726166K->2426215K(3106432K) icms_dc=96 , 0.1647221 secs] [Times: user=1.68 sys=0.16, real=0.17 secs] 
5974.128: [GC 5974.129: [ParNew: 353920K->39296K(353920K), 0.2143162 secs] 2740839K->2436956K(3106432K) icms_dc=96 , 0.2157846 secs] [Times: user=1.75 sys=0.27, real=0.22 secs] 
5975.228: [GC 5975.229: [ParNew: 353920K->39296K(353920K), 0.1353346 secs] 2751580K->2446520K(3106432K) icms_dc=96 , 0.1368227 secs] [Times: user=1.27 sys=0.03, real=0.14 secs] 
5976.262: [GC 5976.263: [ParNew: 353920K->31165K(353920K), 0.1652231 secs] 2761144K->2454048K(3106432K) icms_dc=96 , 0.1667227 secs] [Times: user=1.53 sys=0.15, real=0.17 secs] 
5977.338: [GC 5977.339: [ParNew: 345789K->33422K(353920K), 0.1265200 secs] 2768672K->2456305K(3106432K) icms_dc=96 , 0.1280253 secs] [Times: user=1.24 sys=0.15, real=0.13 secs] 
5978.295: [GC 5978.296: [ParNew: 348046K->35595K(353920K), 0.1106682 secs] 2770929K->2465688K(3106432K) icms_dc=96 , 0.1121520 secs] [Times: user=1.09 sys=0.03, real=0.11 secs] 
5979.201: [GC 5979.202: [ParNew: 350997K->37472K(353920K), 0.0893026 secs] 2781090K->2474149K(3106432K) icms_dc=96 , 0.0910081 secs] [Times: user=1.15 sys=0.03, real=0.09 secs] 
5979.439: [CMS-concurrent-preclean: 14.013/19.069 secs] [Times: user=479.73 sys=16.92, real=19.07 secs] 
5979.441: [CMS-concurrent-abortable-preclean-start]
5980.281: [GC 5980.282: [ParNew: 352096K->38487K(353920K), 0.1758914 secs] 2788773K->2482175K(3106432K) icms_dc=96 , 0.1775493 secs] [Times: user=1.52 sys=0.20, real=0.18 secs] 
5980.511: [CMS-concurrent-abortable-preclean: 0.749/1.070 secs] [Times: user=23.18 sys=1.15, real=1.07 secs] 
5980.528: [GC[YG occupancy: 62810 K (353920 K)]5980.529: [Rescan (parallel) , 0.2985185 secs]5980.827: [weak refs processing, 0.0351593 secs] [1 CMS-remark: 2443687K(2752512K)] 2506498K(3106432K), 0.3398397 secs] [Times: user=2.23 sys=0.32, real=0.34 secs] 
5980.870: [CMS-concurrent-sweep-start]
5981.711: [GC 5981.712: [ParNew: 353111K->39296K(353920K), 0.1269458 secs] 2796408K->2490723K(3106432K) icms_dc=96 , 0.1284438 secs] [Times: user=1.25 sys=0.03, real=0.13 secs] 
5982.706: [GC 5982.707: [ParNew: 353920K->38072K(353920K), 0.1449334 secs] 2804842K->2497278K(3106432K) icms_dc=96 , 0.1464127 secs] [Times: user=1.63 sys=0.14, real=0.15 secs] 
5984.042: [GC 5984.043: [ParNew: 352696K->36118K(353920K), 0.1368116 secs] 2809239K->2500285K(3106432K) icms_dc=96 , 0.1383038 secs] [Times: user=1.48 sys=0.10, real=0.14 secs] 
5985.065: [GC 5985.066: [ParNew: 350742K->39296K(353920K), 0.1420752 secs] 2812155K->2508071K(3106432K) icms_dc=96 , 0.1435816 secs] [Times: user=1.72 sys=0.07, real=0.14 secs] 
5986.533: [GC 5986.534: [ParNew: 353920K->39296K(353920K), 0.1268690 secs] 2819393K->2516407K(3106432K) icms_dc=96 , 0.1283000 secs] [Times: user=1.20 sys=0.03, real=0.13 secs] 
5986.889: [GC 5986.889: [ParNew: 39401K->11242K(353920K), 0.1375338 secs] 2516512K->2518968K(3106432K) icms_dc=96 , 0.1386328 secs] [Times: user=1.10 sys=0.08, real=0.14 secs] 
5987.930: [GC 5987.931: [ParNew: 325866K->25311K(353920K), 0.0843300 secs] 2829307K->2528751K(3106432K) icms_dc=96 , 0.0858630 secs] [Times: user=1.03 sys=0.08, real=0.09 secs] 
5989.122: [GC 5989.123: [ParNew: 341138K->26556K(353920K), 0.1013254 secs] 2839940K->2537386K(3106432K) icms_dc=96 , 0.1028021 secs] [Times: user=1.12 sys=0.03, real=0.10 secs] 
5989.241: [GC 5989.242: [ParNew: 27242K->14618K(353920K), 0.0976838 secs] 2538072K->2546830K(3106432K) icms_dc=96 , 0.0987959 secs] [Times: user=0.90 sys=0.06, real=0.10 secs] 
5990.204: [GC 5990.205: [ParNew: 329620K->23430K(353920K), 0.2261563 secs] 2852836K->2546646K(3106432K) icms_dc=96 , 0.2276732 secs] [Times: user=1.75 sys=0.38, real=0.23 secs] 
5990.448: [GC 5990.448: [ParNew: 23588K->3332K(353920K), 0.0940153 secs] 2546803K->2547811K(3106432K) icms_dc=96 , 0.0951139 secs] [Times: user=0.92 sys=0.05, real=0.10 secs] 
5991.467: [GC 5991.468: [ParNew: 317956K->25400K(353920K), 0.0833809 secs] 2849732K->2557176K(3106432K) icms_dc=96 , 0.0849712 secs] [Times: user=1.03 sys=0.06, real=0.09 secs] 
5992.429: [GC 5992.430: [ParNew: 340024K->27930K(353920K), 0.1501150 secs] 2863648K->2563866K(3106432K) icms_dc=96 , 0.1515767 secs] [Times: user=1.55 sys=0.17, real=0.15 secs] 
5993.465: [GC 5993.466: [ParNew: 342554K->24806K(353920K), 0.0936576 secs] 2855527K->2550928K(3106432K) icms_dc=96 , 0.0951642 secs] [Times: user=1.18 sys=0.03, real=0.10 secs] 
5994.720: [GC 5994.722: [ParNew: 339430K->35210K(353920K), 0.1407149 secs] 2847400K->2543180K(3106432K) icms_dc=96 , 0.1422877 secs] [Times: user=1.50 sys=0.22, real=0.14 secs] 
5995.663: [GC 5995.664: [ParNew: 349834K->39296K(353920K), 0.1228871 secs] 2840934K->2538947K(3106432K) icms_dc=96 , 0.1243976 secs] [Times: user=1.29 sys=0.04, real=0.12 secs] 
5996.612: [GC 5996.613: [ParNew: 353920K->31279K(353920K), 0.1050159 secs] 2828454K->2524211K(3106432K) icms_dc=96 , 0.1065307 secs] [Times: user=1.36 sys=0.04, real=0.11 secs] 
5996.735: [GC 5996.735: [ParNew: 31393K->25934K(353920K), 0.0982762 secs] 2524325K->2518866K(3106432K) icms_dc=96 , 0.0993575 secs] [Times: user=1.16 sys=0.16, real=0.10 secs] 
5997.698: [GC 5997.699: [ParNew: 341683K->39295K(353920K), 0.0659572 secs] 2814980K->2512761K(3106432K) icms_dc=96 , 0.0674995 secs] [Times: user=1.03 sys=0.02, real=0.07 secs] 
5997.783: [GC 5997.783: [ParNew: 39981K->14532K(353920K), 0.1007362 secs] 2513446K->2519433K(3106432K) icms_dc=96 , 0.1019051 secs] [Times: user=1.13 sys=0.04, real=0.10 secs] 
5998.643: [GC 5998.644: [ParNew: 329156K->30834K(353920K), 0.1287781 secs] 2824638K->2526315K(3106432K) icms_dc=96 , 0.1302702 secs] [Times: user=0.99 sys=0.02, real=0.13 secs] 
5999.538: [GC 5999.539: [ParNew: 345458K->33893K(353920K), 0.1923485 secs] 2827197K->2528770K(3106432K) icms_dc=96 , 0.1938679 secs] [Times: user=1.24 sys=0.04, real=0.19 secs] 
6000.516: [GC 6000.517: [ParNew: 348515K->35042K(353920K), 0.1196686 secs] 2820049K->2516520K(3106432K) icms_dc=96 , 0.1211871 secs] [Times: user=1.24 sys=0.03, real=0.12 secs] 
6001.736: [GC 6001.737: [ParNew: 351627K->31162K(353920K), 0.0743918 secs] 2818754K->2508901K(3106432K) icms_dc=96 , 0.0759106 secs] [Times: user=1.08 sys=0.02, real=0.08 secs] 
6002.045: [GC 6002.046: [ParNew: 31527K->12952K(353920K), 0.0784259 secs] 2509266K->2515704K(3106432K) icms_dc=96 , 0.0796140 secs] [Times: user=0.95 sys=0.03, real=0.08 secs] 
6002.939: [GC 6002.940: [ParNew: 327576K->24088K(353920K), 0.0640059 secs] 2812268K->2508780K(3106432K) icms_dc=96 , 0.0655081 secs] [Times: user=0.92 sys=0.03, real=0.07 secs] 
6003.808: [GC 6003.809: [ParNew: 338712K->27350K(353920K), 0.1778697 secs] 2765005K->2466846K(3106432K) icms_dc=96 , 0.1794282 secs] [Times: user=1.72 sys=0.24, real=0.18 secs] 
6004.815: [GC 6004.816: [ParNew: 341974K->28719K(353920K), 0.0759411 secs] 2745968K->2444430K(3106432K) icms_dc=96 , 0.0774621 secs] [Times: user=1.06 sys=0.03, real=0.08 secs] 
6005.679: [GC 6005.680: [ParNew: 343712K->30398K(353920K), 0.0941103 secs] 2748211K->2447897K(3106432K) icms_dc=96 , 0.0955655 secs] [Times: user=1.22 sys=0.04, real=0.10 secs] 
6005.791: [GC 6005.791: [ParNew: 30623K->11524K(353920K), 0.0736941 secs] 2448122K->2451092K(3106432K) icms_dc=96 , 0.0748088 secs] [Times: user=0.88 sys=0.02, real=0.08 secs] 
6006.811: [GC 6006.812: [ParNew: 326148K->24119K(353920K), 0.1301442 secs] 2708901K->2406872K(3106432K) icms_dc=96 , 0.1316240 secs] [Times: user=1.34 sys=0.17, real=0.13 secs] 
6007.773: [GC 6007.774: [ParNew: 338743K->22713K(353920K), 0.1061836 secs] 2676913K->2372282K(3106432K) icms_dc=96 , 0.1077204 secs] [Times: user=1.19 sys=0.03, real=0.11 secs] 
6008.699: [GC 6008.700: [ParNew: 337603K->39296K(353920K), 0.1337110 secs] 2624487K->2328375K(3106432K) icms_dc=96 , 0.1352040 secs] [Times: user=1.36 sys=0.11, real=0.14 secs] 
6008.851: [GC 6008.852: [ParNew: 39918K->21954K(353920K), 0.1036338 secs] 2328997K->2343425K(3106432K) icms_dc=96 , 0.1047988 secs] [Times: user=1.17 sys=0.03, real=0.11 secs] 
6009.837: [GC 6009.838: [ParNew: 336578K->24416K(353920K), 0.1091002 secs] 2585159K->2272997K(3106432K) icms_dc=96 , 0.1106378 secs] [Times: user=1.17 sys=0.10, real=0.11 secs] 
6010.720: [GC 6010.721: [ParNew: 339040K->28948K(353920K), 0.1539238 secs] 2579016K->2283235K(3106432K) icms_dc=96 , 0.1554537 secs] [Times: user=1.53 sys=0.16, real=0.16 secs] 
6011.715: [GC 6011.716: [ParNew: 343688K->34599K(353920K), 0.1076442 secs] 2568590K->2269489K(3106432K) icms_dc=96 , 0.1091208 secs] [Times: user=1.16 sys=0.02, real=0.11 secs] 
6011.841: [GC 6011.841: [ParNew: 34919K->13634K(353920K), 0.1612673 secs] 2269810K->2273322K(3106432K) icms_dc=96 , 0.1623816 secs] [Times: user=1.25 sys=0.16, real=0.16 secs] 
6012.735: [CMS-concurrent-sweep: 22.081/31.865 secs] [Times: user=733.57 sys=26.26, real=31.87 secs] 
6012.737: [CMS-concurrent-reset-start]
6012.775: [CMS-concurrent-reset: 0.038/0.038 secs] [Times: user=1.08 sys=0.04, real=0.04 secs] 
6012.897: [GC 6012.898: [ParNew: 328258K->21678K(353920K), 0.0790657 secs] 2480821K->2174241K(3106432K) icms_dc=72 , 0.0806645 secs] [Times: user=0.93 sys=0.04, real=0.08 secs] 
6013.099: [GC [1 CMS-initial-mark: 2152562K(2752512K)] 2218516K(3106432K), 0.5319932 secs] [Times: user=0.53 sys=0.00, real=0.53 secs] 
6013.633: [CMS-concurrent-mark-start]
6014.324: [GC 6014.325: [ParNew: 336407K->26282K(353920K), 0.1618283 secs] 2488970K->2189815K(3106432K) icms_dc=72 , 0.1797444 secs] [Times: user=1.35 sys=0.12, real=0.18 secs] 
6014.520: [GC 6014.520: [ParNew: 26570K->9770K(353920K), 0.1354674 secs] 2190102K->2193154K(3106432K) icms_dc=90 , 0.1365961 secs] [Times: user=1.26 sys=0.17, real=0.14 secs] 
6015.580: [GC 6015.581: [ParNew: 324316K->25905K(353920K), 0.0725668 secs] 2507700K->2209289K(3106432K) icms_dc=90 , 0.0741134 secs] [Times: user=0.96 sys=0.03, real=0.07 secs] 
6016.462: [GC 6016.463: [ParNew: 340529K->26041K(353920K), 0.1256686 secs] 2523913K->2222475K(3106432K) icms_dc=90 , 0.1271160 secs] [Times: user=1.37 sys=0.09, real=0.13 secs] 
6017.477: [GC 6017.478: [ParNew: 340665K->25202K(353920K), 0.0890855 secs] 2537099K->2231467K(3106432K) icms_dc=90 , 0.0905975 secs] [Times: user=1.06 sys=0.02, real=0.09 secs] 
6018.471: [GC 6018.472: [ParNew: 340052K->36935K(353920K), 0.0795668 secs] 2546317K->2243200K(3106432K) icms_dc=90 , 0.0810988 secs] [Times: user=0.98 sys=0.02, real=0.08 secs] 
6018.569: [GC 6018.569: [ParNew: 37291K->31030K(353920K), 0.0724679 secs] 2243555K->2246725K(3106432K) icms_dc=90 , 0.0736073 secs] [Times: user=1.03 sys=0.03, real=0.07 secs] 
6019.508: [GC 6019.509: [ParNew: 345654K->36399K(353920K), 0.1549180 secs] 2561349K->2252094K(3106432K) icms_dc=90 , 0.1564213 secs] [Times: user=1.45 sys=0.25, real=0.16 secs] 
6020.469: [GC 6020.470: [ParNew: 351023K->24722K(353920K), 0.1080213 secs] 2566718K->2260190K(3106432K) icms_dc=100 , 0.1095085 secs] [Times: user=1.29 sys=0.02, real=0.11 secs] 
6021.591: [GC 6021.593: [ParNew: 339346K->37911K(353920K), 0.0701068 secs] 2574814K->2273379K(3106432K) icms_dc=100 , 0.0716088 secs] [Times: user=1.00 sys=0.03, real=0.07 secs] 
6022.651: [GC 6022.652: [ParNew: 352535K->39296K(353920K), 0.1010553 secs] 2588003K->2283026K(3106432K) icms_dc=100 , 0.1025554 secs] [Times: user=1.17 sys=0.02, real=0.10 secs] 
6023.660: [GC 6023.661: [ParNew: 353920K->32843K(353920K), 0.1229743 secs] 2597650K->2291814K(3106432K) icms_dc=100 , 0.1245795 secs] [Times: user=1.33 sys=0.03, real=0.13 secs] 
6024.746: [GC 6024.747: [ParNew: 347467K->33652K(353920K), 0.1534916 secs] 2606438K->2292622K(3106432K) icms_dc=100 , 0.1550509 secs] [Times: user=1.34 sys=0.17, real=0.16 secs] 
6025.719: [GC 6025.720: [ParNew: 348276K->35709K(353920K), 0.0934683 secs] 2607246K->2301900K(3106432K) icms_dc=100 , 0.0949346 secs] [Times: user=1.15 sys=0.04, real=0.10 secs] 
6027.341: [GC 6027.342: [ParNew: 350333K->39296K(353920K), 0.2444954 secs] 2616524K->2314159K(3106432K) icms_dc=100 , 0.2460415 secs] [Times: user=1.57 sys=0.22, real=0.25 secs] 
6028.346: [GC 6028.347: [ParNew: 353920K->39296K(353920K), 0.0927177 secs] 2628783K->2322476K(3106432K) icms_dc=100 , 0.0942098 secs] [Times: user=1.16 sys=0.01, real=0.09 secs] 
6029.283: [GC 6029.284: [ParNew: 353919K->39296K(353920K), 0.1750365 secs] 2637100K->2329920K(3106432K) icms_dc=100 , 0.1765820 secs] [Times: user=1.50 sys=0.14, real=0.18 secs] 
6029.844: [CMS-concurrent-mark: 12.129/16.212 secs] [Times: user=400.03 sys=13.87, real=16.21 secs] 
6029.846: [CMS-concurrent-preclean-start]
6030.226: [GC 6030.227: [ParNew: 353920K->39296K(353920K), 0.1683553 secs] 2644557K->2340202K(3106432K) icms_dc=100 , 0.1699374 secs] [Times: user=1.70 sys=0.20, real=0.17 secs] 
6030.412: [GC 6030.412: [ParNew: 40001K->30583K(353920K), 0.0819821 secs] 2340908K->2339311K(3106432K) icms_dc=100 , 0.0831220 secs] [Times: user=0.96 sys=0.02, real=0.08 secs] 
6031.303: [GC 6031.305: [ParNew: 345207K->36619K(353920K), 0.1060954 secs] 2653935K->2345347K(3106432K) icms_dc=100 , 0.1076264 secs] [Times: user=1.07 sys=0.03, real=0.11 secs] 
6032.185: [GC 6032.186: [ParNew: 351243K->30070K(353920K), 0.1138815 secs] 2659971K->2356366K(3106432K) icms_dc=100 , 0.1154175 secs] [Times: user=1.30 sys=0.01, real=0.12 secs] 
6033.204: [GC 6033.205: [ParNew: 344694K->35912K(353920K), 0.0822511 secs] 2670990K->2362208K(3106432K) icms_dc=100 , 0.0837696 secs] [Times: user=1.03 sys=0.02, real=0.08 secs] 
6033.997: [GC 6033.998: [ParNew: 350536K->39295K(353920K), 0.1188930 secs] 2676832K->2374501K(3106432K) icms_dc=100 , 0.1203645 secs] [Times: user=1.32 sys=0.03, real=0.12 secs] 
6034.907: [GC 6034.908: [ParNew: 353919K->29573K(353920K), 0.1087092 secs] 2689155K->2383511K(3106432K) icms_dc=100 , 0.1102834 secs] [Times: user=1.32 sys=0.03, real=0.11 secs] 
6035.781: [GC 6035.783: [ParNew: 344203K->39296K(353920K), 0.1065081 secs] 2698141K->2393569K(3106432K) icms_dc=100 , 0.1079899 secs] [Times: user=1.07 sys=0.01, real=0.11 secs] 
6035.906: [GC 6035.906: [ParNew: 39753K->33962K(353920K), 0.1144789 secs] 2394027K->2398493K(3106432K) icms_dc=100 , 0.1156110 secs] [Times: user=1.08 sys=0.04, real=0.12 secs] 
6036.739: [GC 6036.740: [ParNew: 348586K->38837K(353920K), 0.1413650 secs] 2713117K->2403368K(3106432K) icms_dc=100 , 0.1428945 secs] [Times: user=1.37 sys=0.13, real=0.14 secs] 
6037.652: [GC 6037.653: [ParNew: 353461K->32417K(353920K), 0.1243979 secs] 2717992K->2417456K(3106432K) icms_dc=100 , 0.1258765 secs] [Times: user=1.37 sys=0.02, real=0.13 secs] 
6038.595: [GC 6038.596: [ParNew: 347041K->30753K(353920K), 0.1190571 secs] 2732080K->2426614K(3106432K) icms_dc=100 , 0.1205997 secs] [Times: user=1.40 sys=0.10, real=0.12 secs] 
6039.637: [GC 6039.638: [ParNew: 345991K->37547K(353920K), 0.1112849 secs] 2741852K->2443636K(3106432K) icms_dc=100 , 0.1128074 secs] [Times: user=1.20 sys=0.04, real=0.11 secs] 
6039.767: [GC 6039.767: [ParNew: 37916K->14548K(353920K), 0.0788558 secs] 2444005K->2445551K(3106432K) icms_dc=100 , 0.0800444 secs] [Times: user=0.91 sys=0.04, real=0.08 secs] 
6040.706: [GC 6040.708: [ParNew: 329172K->26298K(353920K), 0.0783301 secs] 2760175K->2457301K(3106432K) icms_dc=100 , 0.0799599 secs] [Times: user=1.03 sys=0.02, real=0.08 secs] 
6041.572: [GC 6041.573: [ParNew: 340922K->24834K(353920K), 0.1513045 secs] 2771925K->2471646K(3106432K) icms_dc=100 , 0.1528773 secs] [Times: user=1.27 sys=0.02, real=0.15 secs] 
6042.476: [GC 6042.477: [ParNew: 339506K->39296K(353920K), 0.1289188 secs] 2786318K->2487053K(3106432K) icms_dc=100 , 0.1304243 secs] [Times: user=1.33 sys=0.14, real=0.13 secs] 
6042.622: [GC 6042.623: [ParNew: 39601K->16678K(353920K), 0.1102770 secs] 2487358K->2496735K(3106432K) icms_dc=100 , 0.1114130 secs] [Times: user=1.30 sys=0.04, real=0.11 secs] 
6043.522: [GC 6043.523: [ParNew: 331302K->29955K(353920K), 0.1208908 secs] 2811359K->2510012K(3106432K) icms_dc=100 , 0.1223757 secs] [Times: user=1.05 sys=0.05, real=0.12 secs] 
6044.492: [GC 6044.494: [ParNew: 344579K->27675K(353920K), 0.0916614 secs] 2824636K->2522483K(3106432K) icms_dc=100 , 0.0932110 secs] [Times: user=1.23 sys=0.03, real=0.09 secs] 
6045.471: [GC 6045.472: [ParNew: 342299K->30516K(353920K), 0.0998025 secs] 2837107K->2535111K(3106432K) icms_dc=100 , 0.1013954 secs] [Times: user=1.21 sys=0.03, real=0.10 secs] 
6046.473: [GC 6046.474: [ParNew: 345140K->33995K(353920K), 0.1581827 secs] 2849735K->2547881K(3106432K) icms_dc=100 , 0.1597101 secs] [Times: user=1.63 sys=0.18, real=0.16 secs] 
6047.462: [GC 6047.463: [ParNew: 349254K->29793K(353920K), 0.0781731 secs] 2863140K->2555420K(3106432K) icms_dc=100 , 0.0796801 secs] [Times: user=1.13 sys=0.02, real=0.08 secs] 
6048.500: [GC 6048.501: [ParNew: 344417K->26769K(353920K), 0.1543633 secs] 2870044K->2560825K(3106432K) icms_dc=100 , 0.1560491 secs] [Times: user=1.46 sys=0.15, real=0.16 secs] 
6048.921: [CMS-concurrent-preclean: 14.327/19.075 secs] [Times: user=480.91 sys=16.64, real=19.08 secs] 
6048.922: [CMS-concurrent-abortable-preclean-start]
6049.422: [GC 6049.423: [ParNew: 341425K->37822K(353920K), 0.0992191 secs] 2875481K->2571878K(3106432K) icms_dc=100 , 0.1007939 secs] [Times: user=1.12 sys=0.04, real=0.10 secs] 
6049.540: [GC 6049.541: [ParNew: 38302K->28397K(353920K), 0.0876214 secs] 2572358K->2572888K(3106432K) icms_dc=100 , 0.0888061 secs] [Times: user=1.06 sys=0.03, real=0.09 secs] 
6050.226: [CMS-concurrent-abortable-preclean: 1.003/1.305 secs] [Times: user=33.01 sys=1.12, real=1.31 secs] 
6050.245: [GC[YG occupancy: 313078 K (353920 K)]6050.245: [Rescan (parallel) , 0.1880030 secs]6050.433: [weak refs processing, 0.0512899 secs] [1 CMS-remark: 2544490K(2752512K)] 2857569K(3106432K), 0.2859064 secs] [Times: user=3.24 sys=0.02, real=0.29 secs] 
6050.532: [CMS-concurrent-sweep-start]
6050.640: [GC 6050.641: [ParNew: 343021K->33179K(353920K), 0.1121019 secs] 2887481K->2577639K(3106432K) icms_dc=100 , 0.1136910 secs] [Times: user=1.25 sys=0.04, real=0.11 secs] 
6051.594: [GC 6051.595: [ParNew: 347803K->34520K(353920K), 0.1052505 secs] 2891380K->2586338K(3106432K) icms_dc=100 , 0.1069379 secs] [Times: user=1.23 sys=0.02, real=0.11 secs] 
6052.465: [GC 6052.466: [ParNew: 349144K->35752K(353920K), 0.1474628 secs] 2898424K->2592968K(3106432K) icms_dc=100 , 0.1489693 secs] [Times: user=1.51 sys=0.17, real=0.15 secs] 
6053.405: [GC 6053.406: [ParNew: 350376K->39296K(353920K), 0.1215225 secs] 2904692K->2599842K(3106432K) icms_dc=100 , 0.1230512 secs] [Times: user=1.20 sys=0.03, real=0.12 secs] 
6054.458: [GC 6054.459: [ParNew: 353920K->39296K(353920K), 0.1564650 secs] 2912669K->2609094K(3106432K) icms_dc=100 , 0.1580610 secs] [Times: user=1.55 sys=0.18, real=0.16 secs] 
6055.532: [GC 6055.533: [ParNew: 353920K->38782K(353920K), 0.1510587 secs] 2915594K->2607591K(3106432K) icms_dc=100 , 0.1527421 secs] [Times: user=1.42 sys=0.15, real=0.15 secs] 
6056.501: [GC 6056.502: [ParNew: 353406K->37530K(353920K), 0.1239174 secs] 2915694K->2608849K(3106432K) icms_dc=100 , 0.1255627 secs] [Times: user=1.38 sys=0.06, real=0.13 secs] 
6057.403: [GC 6057.404: [ParNew: 352154K->38209K(353920K), 0.1347646 secs] 2916690K->2610086K(3106432K) icms_dc=100 , 0.1363373 secs] [Times: user=1.33 sys=0.02, real=0.14 secs] 
6058.307: [GC 6058.308: [ParNew: 353394K->39296K(353920K), 0.1472492 secs] 2917111K->2612677K(3106432K) icms_dc=100 , 0.1487346 secs] [Times: user=1.45 sys=0.06, real=0.15 secs] 
6058.472: [GC 6058.473: [ParNew: 39684K->33318K(353920K), 0.1173300 secs] 2613058K->2616203K(3106432K) icms_dc=100 , 0.1185242 secs] [Times: user=1.10 sys=0.06, real=0.12 secs] 
6059.600: [GC 6059.601: [ParNew: 347942K->39296K(353920K), 0.1463365 secs] 2925133K->2617427K(3106432K) icms_dc=100 , 0.1477832 secs] [Times: user=1.51 sys=0.15, real=0.15 secs] 
6060.533: [GC 6060.534: [ParNew: 353920K->32182K(353920K), 0.1956457 secs] 2924214K->2623429K(3106432K) icms_dc=100 , 0.1972002 secs] [Times: user=1.73 sys=0.24, real=0.20 secs] 
6061.524: [GC 6061.525: [ParNew: 346806K->33653K(353920K), 0.0806073 secs] 2918367K->2614924K(3106432K) icms_dc=100 , 0.0822246 secs] [Times: user=1.12 sys=0.03, real=0.08 secs] 
6062.517: [GC 6062.518: [ParNew: 348277K->29446K(353920K), 0.0879316 secs] 2916359K->2608450K(3106432K) icms_dc=100 , 0.0895394 secs] [Times: user=1.16 sys=0.04, real=0.09 secs] 
6063.741: [GC 6063.742: [ParNew: 344070K->31689K(353920K), 0.1243032 secs] 2904986K->2603917K(3106432K) icms_dc=100 , 0.1258729 secs] [Times: user=1.13 sys=0.02, real=0.13 secs] 
6064.658: [GC 6064.659: [ParNew: 346313K->36714K(353920K), 0.0889415 secs] 2898122K->2588523K(3106432K) icms_dc=100 , 0.0905481 secs] [Times: user=1.07 sys=0.02, real=0.09 secs] 
6065.581: [GC 6065.582: [ParNew: 351338K->28426K(353920K), 0.0998033 secs] 2873649K->2572155K(3106432K) icms_dc=100 , 0.1014270 secs] [Times: user=1.25 sys=0.02, real=0.10 secs] 
6066.459: [GC 6066.460: [ParNew: 343050K->39296K(353920K), 0.1282426 secs] 2873553K->2570501K(3106432K) icms_dc=100 , 0.1298022 secs] [Times: user=1.48 sys=0.09, real=0.13 secs] 
6067.454: [GC 6067.456: [ParNew: 353920K->34914K(353920K), 0.2009790 secs] 2860296K->2560313K(3106432K) icms_dc=100 , 0.2026329 secs] [Times: user=2.20 sys=0.27, real=0.20 secs] 
6068.678: [GC 6068.679: [ParNew: 349538K->34355K(353920K), 0.0846406 secs] 2839638K->2534070K(3106432K) icms_dc=100 , 0.0866441 secs] [Times: user=1.18 sys=0.02, real=0.09 secs] 
6072.525: [GC 6072.526: [ParNew: 348979K->26699K(353920K), 0.1497922 secs] 2363347K->2054162K(3106432K) icms_dc=100 , 0.1514165 secs] [Times: user=1.37 sys=0.07, real=0.15 secs] 
6073.826: [CMS-concurrent-sweep: 18.276/23.293 secs] [Times: user=483.27 sys=17.25, real=23.30 secs] 
6073.831: [CMS-concurrent-reset-start]
6073.925: [CMS-concurrent-reset: 0.094/0.094 secs] [Times: user=2.28 sys=0.08, real=0.09 secs] 
6074.474: [GC 6074.475: [ParNew: 341323K->37152K(353920K), 0.0998290 secs] 2218156K->1913985K(3106432K) icms_dc=75 , 0.1015007 secs] [Times: user=1.18 sys=0.06, real=0.10 secs] 
6074.981: [GC [1 CMS-initial-mark: 1876833K(2752512K)] 2028343K(3106432K), 0.8867883 secs] [Times: user=0.89 sys=0.00, real=0.89 secs] 
6075.869: [CMS-concurrent-mark-start]
6076.887: [GC 6076.888: [ParNew: 351776K->29509K(353920K), 0.1256499 secs] 2228609K->1925846K(3106432K) icms_dc=75 , 0.1273507 secs] [Times: user=1.44 sys=0.03, real=0.13 secs] 
6078.192: [GC 6078.193: [ParNew: 344012K->23159K(353920K), 0.1016502 secs] 2240350K->1929588K(3106432K) icms_dc=75 , 0.1032546 secs] [Times: user=1.08 sys=0.01, real=0.10 secs] 
6079.519: [GC 6079.520: [ParNew: 337817K->39296K(353920K), 0.0855050 secs] 2244246K->1946016K(3106432K) icms_dc=75 , 0.0872499 secs] [Times: user=1.06 sys=0.02, real=0.09 secs] 
6079.625: [GC 6079.626: [ParNew: 39436K->3447K(353920K), 0.1060169 secs] 1946157K->1940642K(3106432K) icms_dc=75 , 0.1072369 secs] [Times: user=1.26 sys=0.03, real=0.11 secs] 
6080.825: [GC 6080.826: [ParNew: 318071K->23858K(353920K), 0.0842664 secs] 2255266K->1961053K(3106432K) icms_dc=75 , 0.0858847 secs] [Times: user=1.06 sys=0.06, real=0.09 secs] 
6081.805: [GC 6081.806: [ParNew: 338482K->28275K(353920K), 0.0941835 secs] 2275677K->1977283K(3106432K) icms_dc=75 , 0.0957674 secs] [Times: user=1.21 sys=0.02, real=0.10 secs] 
6082.811: [GC 6082.812: [ParNew: 342995K->26949K(353920K), 0.1488373 secs] 2292003K->1985638K(3106432K) icms_dc=75 , 0.1503603 secs] [Times: user=1.35 sys=0.14, real=0.15 secs] 
6082.978: [GC 6082.978: [ParNew: 27082K->4855K(353920K), 0.1055833 secs] 1985772K->1983366K(3106432K) icms_dc=75 , 0.1067229 secs] [Times: user=1.01 sys=0.04, real=0.11 secs] 
6083.956: [GC 6083.958: [ParNew: 319743K->28137K(353920K), 0.1995155 secs] 2298254K->2006648K(3106432K) icms_dc=75 , 0.2012054 secs] [Times: user=1.56 sys=0.29, real=0.20 secs] 
6084.174: [GC 6084.175: [ParNew: 28476K->8649K(353920K), 0.1004260 secs] 2006987K->2012813K(3106432K) icms_dc=75 , 0.1015774 secs] [Times: user=1.12 sys=0.04, real=0.10 secs] 
6085.141: [GC 6085.142: [ParNew: 323337K->22791K(353920K), 0.1885704 secs] 2327502K->2026956K(3106432K) icms_dc=75 , 0.1901504 secs] [Times: user=1.76 sys=0.32, real=0.19 secs] 
6085.348: [GC 6085.349: [ParNew: 23087K->6605K(353920K), 0.2182859 secs] 2027251K->2031906K(3106432K) icms_dc=75 , 0.2194909 secs] [Times: user=1.87 sys=0.38, real=0.22 secs] 
6086.429: [GC 6086.430: [ParNew: 321229K->25405K(353920K), 0.0936681 secs] 2346530K->2050706K(3106432K) icms_dc=75 , 0.0952336 secs] [Times: user=1.11 sys=0.10, real=0.10 secs] 
6087.326: [GC 6087.327: [ParNew: 340029K->24895K(353920K), 0.1133655 secs] 2365330K->2066331K(3106432K) icms_dc=75 , 0.1149354 secs] [Times: user=1.38 sys=0.05, real=0.12 secs] 
6088.221: [GC 6088.222: [ParNew: 339519K->36972K(353920K), 0.1774587 secs] 2380955K->2078407K(3106432K) icms_dc=75 , 0.1790028 secs] [Times: user=1.66 sys=0.30, real=0.18 secs] 
6089.382: [GC 6089.383: [ParNew: 351596K->39296K(353920K), 0.2108847 secs] 2393031K->2091625K(3106432K) icms_dc=75 , 0.2124094 secs] [Times: user=1.97 sys=0.23, real=0.21 secs] 
6090.503: [GC 6090.504: [ParNew: 353876K->39296K(353920K), 0.1189986 secs] 2406205K->2100106K(3106432K) icms_dc=75 , 0.1205890 secs] [Times: user=1.47 sys=0.02, real=0.12 secs] 
6091.459: [GC 6091.460: [ParNew: 353920K->37166K(353920K), 0.1461256 secs] 2414730K->2116786K(3106432K) icms_dc=75 , 0.1476955 secs] [Times: user=1.68 sys=0.07, real=0.15 secs] 
6092.661: [GC 6092.662: [ParNew: 351790K->29281K(353920K), 0.0850378 secs] 2431410K->2117718K(3106432K) icms_dc=75 , 0.0867657 secs] [Times: user=1.12 sys=0.04, real=0.09 secs] 
6093.451: [CMS-concurrent-mark: 10.581/17.582 secs] [Times: user=405.64 sys=14.00, real=17.58 secs] 
6093.452: [CMS-concurrent-preclean-start]
6093.612: [GC 6093.613: [ParNew: 343905K->34412K(353920K), 0.1061590 secs] 2432342K->2122849K(3106432K) icms_dc=75 , 0.1077821 secs] [Times: user=1.23 sys=0.06, real=0.11 secs] 
6094.545: [GC 6094.547: [ParNew: 349036K->39296K(353920K), 0.1261829 secs] 2437473K->2137032K(3106432K) icms_dc=75 , 0.1277903 secs] [Times: user=1.44 sys=0.09, real=0.13 secs] 
6095.583: [GC 6095.584: [ParNew: 353920K->39295K(353920K), 0.0917974 secs] 2451656K->2145446K(3106432K) icms_dc=75 , 0.0934311 secs] [Times: user=1.23 sys=0.02, real=0.09 secs] 
6096.479: [GC 6096.480: [ParNew: 353919K->39296K(353920K), 0.2156282 secs] 2460070K->2155490K(3106432K) icms_dc=75 , 0.2172174 secs] [Times: user=1.92 sys=0.30, real=0.22 secs] 
6097.554: [GC 6097.555: [ParNew: 353332K->29497K(353920K), 0.1529023 secs] 2469527K->2164976K(3106432K) icms_dc=75 , 0.1543771 secs] [Times: user=1.66 sys=0.11, real=0.15 secs] 
6098.565: [GC 6098.566: [ParNew: 344121K->39296K(353920K), 0.0992238 secs] 2479600K->2176850K(3106432K) icms_dc=75 , 0.1008560 secs] [Times: user=1.06 sys=0.02, real=0.10 secs] 
6099.439: [GC 6099.439: [ParNew: 353920K->39296K(353920K), 0.1185768 secs] 2491859K->2187469K(3106432K) icms_dc=75 , 0.1200036 secs] [Times: user=1.33 sys=0.06, real=0.12 secs] 
6100.891: [GC 6100.892: [ParNew: 353920K->39296K(353920K), 0.1041539 secs] 2502093K->2198336K(3106432K) icms_dc=75 , 0.1056091 secs] [Times: user=1.29 sys=0.02, real=0.11 secs] 
6102.283: [GC 6102.284: [ParNew: 353920K->31829K(353920K), 0.1353786 secs] 2512960K->2208411K(3106432K) icms_dc=75 , 0.1369262 secs] [Times: user=1.59 sys=0.12, real=0.14 secs] 
6103.563: [GC 6103.564: [ParNew: 346453K->36103K(353920K), 0.1144242 secs] 2523035K->2222903K(3106432K) icms_dc=75 , 0.1159568 secs] [Times: user=1.31 sys=0.06, real=0.12 secs] 
6104.505: [GC 6104.506: [ParNew: 350727K->24921K(353920K), 0.1011985 secs] 2537527K->2223256K(3106432K) icms_dc=75 , 0.1027171 secs] [Times: user=1.22 sys=0.02, real=0.10 secs] 
6105.608: [GC 6105.609: [ParNew: 339700K->39258K(353920K), 0.0598619 secs] 2538036K->2237922K(3106432K) icms_dc=75 , 0.0613369 secs] [Times: user=0.96 sys=0.02, real=0.06 secs] 
6105.903: [GC 6105.903: [ParNew: 39740K->18909K(353920K), 0.0920857 secs] 2238404K->2249880K(3106432K) icms_dc=75 , 0.0932331 secs] [Times: user=1.12 sys=0.03, real=0.09 secs] 
6106.889: [GC 6106.890: [ParNew: 333385K->29050K(353920K), 0.0805890 secs] 2564356K->2260021K(3106432K) icms_dc=75 , 0.0821476 secs] [Times: user=0.99 sys=0.03, real=0.08 secs] 
6108.276: [GC 6108.277: [ParNew: 343702K->30102K(353920K), 0.1509894 secs] 2574673K->2274230K(3106432K) icms_dc=75 , 0.1525453 secs] [Times: user=1.61 sys=0.12, real=0.15 secs] 
6108.523: [GC 6108.524: [ParNew: 30253K->9042K(353920K), 0.0827031 secs] 2274381K->2275775K(3106432K) icms_dc=75 , 0.0839197 secs] [Times: user=1.03 sys=0.04, real=0.08 secs] 
6109.797: [GC 6109.798: [ParNew: 324095K->28071K(353920K), 0.1091008 secs] 2590828K->2294804K(3106432K) icms_dc=75 , 0.1105985 secs] [Times: user=1.00 sys=0.02, real=0.11 secs] 
6109.925: [GC 6109.925: [ParNew: 28478K->9503K(353920K), 0.0870285 secs] 2295211K->2301926K(3106432K) icms_dc=75 , 0.0882261 secs] [Times: user=1.08 sys=0.03, real=0.09 secs] 
6110.864: [GC 6110.865: [ParNew: 324344K->23616K(353920K), 0.0619043 secs] 2616767K->2316039K(3106432K) icms_dc=75 , 0.0635381 secs] [Times: user=0.88 sys=0.03, real=0.06 secs] 
6110.945: [GC 6110.946: [ParNew: 24108K->7242K(353920K), 0.0834062 secs] 2316532K->2321225K(3106432K) icms_dc=75 , 0.0845538 secs] [Times: user=0.98 sys=0.04, real=0.09 secs] 
6111.864: [GC 6111.865: [ParNew: 321872K->21751K(353920K), 0.0654395 secs] 2635855K->2335734K(3106432K) icms_dc=75 , 0.0669477 secs] [Times: user=0.90 sys=0.03, real=0.07 secs] 
6111.949: [GC 6111.950: [ParNew: 22037K->2954K(353920K), 0.0809667 secs] 2336020K->2337748K(3106432K) icms_dc=75 , 0.0821585 secs] [Times: user=1.03 sys=0.03, real=0.08 secs] 
6112.983: [GC 6112.984: [ParNew: 317637K->26575K(353920K), 0.0897959 secs] 2652431K->2361369K(3106432K) icms_dc=75 , 0.0913404 secs] [Times: user=1.03 sys=0.04, real=0.09 secs] 
6113.091: [GC 6113.092: [ParNew: 27138K->6756K(353920K), 0.1476541 secs] 2361931K->2366830K(3106432K) icms_dc=75 , 0.1488228 secs] [Times: user=1.41 sys=0.17, real=0.15 secs] 
6114.109: [GC 6114.110: [ParNew: 321697K->21816K(353920K), 0.0896840 secs] 2681771K->2381890K(3106432K) icms_dc=75 , 0.0912034 secs] [Times: user=1.00 sys=0.01, real=0.09 secs] 
6114.217: [GC 6114.218: [ParNew: 22678K->7058K(353920K), 0.0825379 secs] 2382752K->2387744K(3106432K) icms_dc=75 , 0.0836762 secs] [Times: user=1.00 sys=0.02, real=0.08 secs] 
6115.164: [GC 6115.165: [ParNew: 321491K->26115K(353920K), 0.0721219 secs] 2702177K->2406801K(3106432K) icms_dc=75 , 0.0738030 secs] [Times: user=0.95 sys=0.04, real=0.07 secs] 
6116.918: [GC 6116.919: [ParNew: 340739K->23718K(353920K), 0.1091304 secs] 2721425K->2418318K(3106432K) icms_dc=75 , 0.1107232 secs] [Times: user=1.25 sys=0.03, real=0.11 secs] 
6117.955: [GC 6117.956: [ParNew: 338342K->35771K(353920K), 0.1402904 secs] 2732942K->2430371K(3106432K) icms_dc=75 , 0.1418928 secs] [Times: user=1.28 sys=0.08, real=0.14 secs] 
6118.887: [GC 6118.888: [ParNew: 350395K->39296K(353920K), 0.1059426 secs] 2744995K->2445325K(3106432K) icms_dc=75 , 0.1075086 secs] [Times: user=1.35 sys=0.03, real=0.11 secs] 
6119.832: [GC 6119.833: [ParNew: 353920K->36230K(353920K), 0.1538355 secs] 2759949K->2458203K(3106432K) icms_dc=90 , 0.1553351 secs] [Times: user=1.60 sys=0.16, real=0.16 secs] 
6120.897: [GC 6120.898: [ParNew: 350854K->26375K(353920K), 0.1058697 secs] 2772827K->2458023K(3106432K) icms_dc=92 , 0.1075038 secs] [Times: user=1.13 sys=0.02, real=0.11 secs] 
6121.796: [GC 6121.797: [ParNew: 341046K->39295K(353920K), 0.0942151 secs] 2772695K->2471915K(3106432K) icms_dc=92 , 0.0958397 secs] [Times: user=1.19 sys=0.02, real=0.10 secs] 
6121.909: [GC 6121.910: [ParNew: 40024K->19894K(353920K), 0.1194560 secs] 2472643K->2484436K(3106432K) icms_dc=100 , 0.1205924 secs] [Times: user=1.22 sys=0.04, real=0.12 secs] 
6122.744: [GC 6122.745: [ParNew: 334518K->32215K(353920K), 0.1045694 secs] 2799060K->2496757K(3106432K) icms_dc=100 , 0.1060969 secs] [Times: user=1.27 sys=0.14, real=0.11 secs] 
6124.002: [GC 6124.003: [ParNew: 346839K->23553K(353920K), 0.1322626 secs] 2811381K->2505453K(3106432K) icms_dc=100 , 0.1338103 secs] [Times: user=1.36 sys=0.07, real=0.13 secs] 
6124.842: [GC 6124.843: [ParNew: 338177K->38227K(353920K), 0.1421668 secs] 2820077K->2520127K(3106432K) icms_dc=100 , 0.1437506 secs] [Times: user=1.28 sys=0.11, real=0.14 secs] 
6125.748: [GC 6125.749: [ParNew: 353239K->36252K(353920K), 0.1240058 secs] 2835139K->2537393K(3106432K) icms_dc=100 , 0.1255426 secs] [Times: user=1.47 sys=0.07, real=0.13 secs] 
6125.891: [GC 6125.891: [ParNew: 37578K->15523K(353920K), 0.1236553 secs] 2538720K->2542652K(3106432K) icms_dc=100 , 0.1247995 secs] [Times: user=1.24 sys=0.16, real=0.13 secs] 
6126.854: [GC 6126.855: [ParNew: 330450K->30971K(353920K), 0.1099961 secs] 2857579K->2558100K(3106432K) icms_dc=100 , 0.1115683 secs] [Times: user=1.23 sys=0.08, real=0.11 secs] 
6126.983: [GC 6126.984: [ParNew: 31661K->13126K(353920K), 0.0966748 secs] 2558789K->2568525K(3106432K) icms_dc=100 , 0.0978375 secs] [Times: user=1.12 sys=0.05, real=0.10 secs] 
6127.296: [CMS-concurrent-preclean: 18.120/33.843 secs] [Times: user=751.30 sys=25.85, real=33.84 secs] 
6127.299: [CMS-concurrent-abortable-preclean-start]
6127.912: [GC 6127.913: [ParNew: 327750K->26268K(353920K), 0.1179531 secs] 2883149K->2581667K(3106432K) icms_dc=100 , 0.1194793 secs] [Times: user=1.25 sys=0.11, real=0.12 secs] 
6128.773: [GC 6128.774: [ParNew: 340892K->27006K(353920K), 0.1264935 secs] 2896291K->2596354K(3106432K) icms_dc=100 , 0.1280125 secs] [Times: user=1.42 sys=0.13, real=0.13 secs] 
6129.211: [CMS-concurrent-abortable-preclean: 1.500/1.912 secs] [Times: user=50.47 sys=1.67, real=1.91 secs] 
6129.232: [GC[YG occupancy: 134710 K (353920 K)]6129.232: [Rescan (parallel) , 0.1646018 secs]6129.397: [weak refs processing, 0.0312058 secs] [1 CMS-remark: 2569348K(2752512K)] 2704058K(3106432K), 0.2009765 secs] [Times: user=2.71 sys=0.09, real=0.20 secs] 
6129.434: [CMS-concurrent-sweep-start]
6129.954: [GC 6129.955: [ParNew: 341630K->26709K(353920K), 0.1747555 secs] 2910520K->2606336K(3106432K) icms_dc=100 , 0.1762914 secs] [Times: user=1.29 sys=0.01, real=0.18 secs] 
6130.981: [GC 6130.999: [ParNew: 341333K->25298K(353920K), 0.1229123 secs] 2919222K->2615025K(3106432K) icms_dc=100 , 0.1244821 secs] [Times: user=1.18 sys=0.02, real=0.14 secs] 
6131.968: [GC 6131.969: [ParNew: 339922K->39296K(353920K), 0.0876223 secs] 2926596K->2627428K(3106432K) icms_dc=100 , 0.0891322 secs] [Times: user=1.05 sys=0.01, real=0.09 secs] 
6133.023: [GC 6133.024: [ParNew: 353920K->31392K(353920K), 0.1177813 secs] 2935046K->2634977K(3106432K) icms_dc=100 , 0.1193519 secs] [Times: user=1.34 sys=0.03, real=0.12 secs] 
6133.916: [GC 6133.918: [ParNew: 346016K->37844K(353920K), 0.1317766 secs] 2945559K->2637387K(3106432K) icms_dc=100 , 0.1333044 secs] [Times: user=1.48 sys=0.11, real=0.13 secs] 
6134.824: [GC 6134.825: [ParNew: 353246K->31155K(353920K), 0.1238006 secs] 2949870K->2646577K(3106432K) icms_dc=100 , 0.1252873 secs] [Times: user=1.28 sys=0.04, real=0.13 secs] 
6135.825: [GC 6135.826: [ParNew: 345779K->30223K(353920K), 0.1349578 secs] 2957336K->2650420K(3106432K) icms_dc=100 , 0.1365178 secs] [Times: user=1.44 sys=0.12, real=0.14 secs] 
6136.715: [GC 6136.716: [ParNew: 344847K->33615K(353920K), 0.1361395 secs] 2961093K->2659799K(3106432K) icms_dc=100 , 0.1376568 secs] [Times: user=1.18 sys=0.03, real=0.14 secs] 
6137.596: [GC 6137.597: [ParNew: 348239K->33474K(353920K), 0.1391544 secs] 2971569K->2669503K(3106432K) icms_dc=100 , 0.1406809 secs] [Times: user=1.29 sys=0.04, real=0.14 secs] 
6138.511: [GC 6138.512: [ParNew: 348086K->32534K(353920K), 0.0934849 secs] 2980007K->2674961K(3106432K) icms_dc=100 , 0.0950447 secs] [Times: user=1.16 sys=0.03, real=0.10 secs] 
6139.475: [GC 6139.476: [ParNew: 347211K->35850K(353920K), 0.1465932 secs] 2984086K->2684535K(3106432K) icms_dc=100 , 0.1481050 secs] [Times: user=1.52 sys=0.13, real=0.15 secs] 
6139.639: [GC 6139.640: [ParNew: 35997K->4259K(353920K), 0.1336851 secs] 2684675K->2677404K(3106432K) icms_dc=100 , 0.1348170 secs] [Times: user=1.14 sys=0.12, real=0.14 secs] 
6140.632: [GC 6140.633: [ParNew: 318966K->27376K(353920K), 0.1098020 secs] 2986193K->2694603K(3106432K) icms_dc=100 , 0.1112987 secs] [Times: user=1.15 sys=0.11, real=0.11 secs] 
6141.594: [GC 6141.595: [ParNew: 342805K->28660K(353920K), 0.1458379 secs] 2992875K->2691947K(3106432K) icms_dc=100 , 0.1474478 secs] [Times: user=1.59 sys=0.16, real=0.15 secs] 
6141.759: [GC 6141.759: [ParNew (promotion failed): 29438K->13624K(353920K), 0.0812487 secs] 2692708K->2694682K(3106432K) icms_dc=100 , 0.0824022 secs] [Times: user=0.82 sys=0.04, real=0.08 secs] 
GC locker: Trying a full collection because scavenge failed
6141.842: [Full GC 6141.842: [CMS6146.286: [CMS-concurrent-sweep: 13.581/16.851 secs] [Times: user=314.27 sys=10.73, real=16.85 secs] 
 (concurrent mode failure): 2681057K->1337747K(2752512K), 40.0048976 secs] 2694682K->1337747K(3106432K), [CMS Perm : 242008K->200582K(402264K)] icms_dc=100 , 40.0059877 secs] [Times: user=39.24 sys=0.08, real=40.01 secs] 
6181.937: [GC [1 CMS-initial-mark: 1337747K(2752512K)] 1337872K(3106432K), 0.2144897 secs] [Times: user=0.22 sys=0.00, real=0.22 secs] 
6182.153: [CMS-concurrent-mark-start]
6185.528: [GC 6185.529: [ParNew: 314624K->23375K(353920K), 0.1343683 secs] 1652371K->1361122K(3106432K) icms_dc=100 , 0.1359212 secs] [Times: user=1.32 sys=0.17, real=0.14 secs] 
6186.817: [GC 6186.818: [ParNew: 337927K->29357K(353920K), 0.1324784 secs] 1675675K->1383621K(3106432K) icms_dc=100 , 0.1340047 secs] [Times: user=1.32 sys=0.07, real=0.13 secs] 
6187.820: [GC 6187.821: [ParNew: 343981K->28075K(353920K), 0.0923397 secs] 1698245K->1393580K(3106432K) icms_dc=100 , 0.0938410 secs] [Times: user=0.99 sys=0.02, real=0.09 secs] 
6188.740: [GC 6188.741: [ParNew: 342699K->27932K(353920K), 0.1355993 secs] 1708204K->1403548K(3106432K) icms_dc=100 , 0.1371101 secs] [Times: user=1.30 sys=0.15, real=0.14 secs] 
6189.883: [GC 6189.884: [ParNew: 342887K->39295K(353920K), 0.0681203 secs] 1718503K->1415831K(3106432K) icms_dc=100 , 0.0696360 secs] [Times: user=0.89 sys=0.01, real=0.07 secs] 
6190.790: [GC 6190.791: [ParNew: 353919K->39296K(353920K), 0.1063405 secs] 1730455K->1426439K(3106432K) icms_dc=100 , 0.1078698 secs] [Times: user=1.09 sys=0.01, real=0.11 secs] 
6191.762: [GC 6191.763: [ParNew: 353920K->34416K(353920K), 0.0843544 secs] 1741072K->1430158K(3106432K) icms_dc=100 , 0.0858736 secs] [Times: user=1.06 sys=0.02, real=0.09 secs] 
6192.568: [GC 6192.569: [ParNew: 349040K->34137K(353920K), 0.1025016 secs] 1744782K->1436844K(3106432K) icms_dc=100 , 0.1040048 secs] [Times: user=1.01 sys=0.01, real=0.10 secs] 
6193.439: [GC 6193.440: [ParNew: 348761K->39296K(353920K), 0.1156984 secs] 1751468K->1450742K(3106432K) icms_dc=100 , 0.1172048 secs] [Times: user=1.05 sys=0.02, real=0.12 secs] 
6194.476: [GC 6194.477: [ParNew: 353920K->39295K(353920K), 0.1295302 secs] 1765366K->1459476K(3106432K) icms_dc=100 , 0.1311656 secs] [Times: user=1.18 sys=0.04, real=0.13 secs] 
6195.411: [GC 6195.412: [ParNew: 353919K->37064K(353920K), 0.0922167 secs] 1774878K->1466831K(3106432K) icms_dc=100 , 0.0937059 secs] [Times: user=1.20 sys=0.05, real=0.09 secs] 
6195.521: [GC 6195.522: [ParNew: 37407K->28005K(353920K), 0.0592568 secs] 1467173K->1467695K(3106432K) icms_dc=100 , 0.0604037 secs] [Times: user=0.87 sys=0.03, real=0.06 secs] 
6196.404: [GC 6196.405: [ParNew: 342629K->39296K(353920K), 0.1204066 secs] 1782319K->1479962K(3106432K) icms_dc=100 , 0.1219014 secs] [Times: user=1.27 sys=0.14, real=0.12 secs] 
6197.419: [GC 6197.420: [ParNew: 353920K->32540K(353920K), 0.1143268 secs] 1794586K->1491977K(3106432K) icms_dc=100 , 0.1158581 secs] [Times: user=1.22 sys=0.05, real=0.12 secs] 
6198.393: [GC 6198.394: [ParNew: 347164K->38831K(353920K), 0.0665965 secs] 1806601K->1498267K(3106432K) icms_dc=100 , 0.0681277 secs] [Times: user=0.93 sys=0.02, real=0.07 secs] 
6199.399: [GC 6199.400: [ParNew: 353455K->28590K(353920K), 0.0930134 secs] 1812891K->1506093K(3106432K) icms_dc=100 , 0.0945288 secs] [Times: user=1.14 sys=0.03, real=0.10 secs] 
6200.244: [GC 6200.245: [ParNew: 343214K->27833K(353920K), 0.0891492 secs] 1820717K->1515567K(3106432K) icms_dc=100 , 0.0907277 secs] [Times: user=1.06 sys=0.02, real=0.09 secs] 
6200.772: [CMS-concurrent-mark: 11.535/18.619 secs] [Times: user=418.12 sys=14.01, real=18.62 secs] 
6200.773: [CMS-concurrent-preclean-start]
6201.155: [GC 6201.156: [ParNew: 341967K->32355K(353920K), 0.1450728 secs] 1829702K->1530599K(3106432K) icms_dc=100 , 0.1466552 secs] [Times: user=1.48 sys=0.14, real=0.15 secs] 
6202.182: [GC 6202.183: [ParNew: 347324K->28601K(353920K), 0.0720841 secs] 1845568K->1536942K(3106432K) icms_dc=100 , 0.0736167 secs] [Times: user=0.95 sys=0.01, real=0.07 secs] 
6203.123: [GC 6203.124: [ParNew: 343225K->29167K(353920K), 0.0821763 secs] 1851566K->1547116K(3106432K) icms_dc=100 , 0.0837918 secs] [Times: user=1.01 sys=0.02, real=0.08 secs] 
6204.020: [GC 6204.021: [ParNew: 343791K->27775K(353920K), 0.0882365 secs] 1861740K->1558742K(3106432K) icms_dc=100 , 0.0897639 secs] [Times: user=1.06 sys=0.03, real=0.09 secs] 
6204.919: [GC 6204.920: [ParNew: 342399K->31946K(353920K), 0.0800069 secs] 1873366K->1562913K(3106432K) icms_dc=100 , 0.0817164 secs] [Times: user=0.98 sys=0.04, real=0.08 secs] 
6205.768: [GC 6205.769: [ParNew: 346570K->39296K(353920K), 0.2467291 secs] 1877537K->1580310K(3106432K) icms_dc=100 , 0.2482962 secs] [Times: user=1.82 sys=0.31, real=0.25 secs] 
6206.830: [GC 6206.831: [ParNew: 353920K->32207K(353920K), 0.1294952 secs] 1894934K->1590981K(3106432K) icms_dc=100 , 0.1311028 secs] [Times: user=1.46 sys=0.13, real=0.13 secs] 
6207.846: [GC 6207.847: [ParNew: 346931K->30341K(353920K), 0.1510233 secs] 1905706K->1598367K(3106432K) icms_dc=100 , 0.1525738 secs] [Times: user=1.34 sys=0.16, real=0.15 secs] 
6208.017: [GC 6208.017: [ParNew: 30708K->21892K(353920K), 0.0916664 secs] 1598733K->1589917K(3106432K) icms_dc=100 , 0.0927671 secs] [Times: user=0.87 sys=0.12, real=0.09 secs] 
6208.738: [CMS-concurrent-preclean: 6.061/7.964 secs] [Times: user=198.55 sys=7.94, real=7.97 secs] 
6208.739: [CMS-concurrent-abortable-preclean-start]
6208.911: [GC 6208.912: [ParNew: 336516K->32385K(353920K), 0.0659888 secs] 1904541K->1600410K(3106432K) icms_dc=100 , 0.0675630 secs] [Times: user=0.93 sys=0.02, real=0.07 secs] 
6209.079: [CMS-concurrent-abortable-preclean: 0.243/0.340 secs] [Times: user=7.60 sys=0.30, real=0.34 secs] 
6209.097: [GC[YG occupancy: 65003 K (353920 K)]6209.097: [Rescan (parallel) , 0.1444887 secs]6209.242: [weak refs processing, 0.0002549 secs] [1 CMS-remark: 1568025K(2752512K)] 1633029K(3106432K), 0.1453907 secs] [Times: user=1.89 sys=0.17, real=0.15 secs] 
6209.243: [CMS-concurrent-sweep-start]
6209.948: [GC 6209.949: [ParNew: 346923K->39069K(353920K), 0.0769660 secs] 1914906K->1614731K(3106432K) icms_dc=100 , 0.0785105 secs] [Times: user=1.03 sys=0.02, real=0.08 secs] 
6210.834: [GC 6210.835: [ParNew: 353693K->39296K(353920K), 0.1060253 secs] 1929163K->1624589K(3106432K) icms_dc=100 , 0.1075614 secs] [Times: user=1.27 sys=0.04, real=0.11 secs] 
6211.741: [GC 6211.742: [ParNew: 353920K->38864K(353920K), 0.0712360 secs] 1939212K->1631595K(3106432K) icms_dc=100 , 0.0727710 secs] [Times: user=1.11 sys=0.03, real=0.07 secs] 
6211.830: [GC 6211.831: [ParNew: 38927K->24951K(353920K), 0.0641106 secs] 1631657K->1627035K(3106432K) icms_dc=100 , 0.0652640 secs] [Times: user=0.99 sys=0.03, real=0.07 secs] 
6212.707: [GC 6212.708: [ParNew: 339811K->39296K(353920K), 0.1373226 secs] 1941718K->1641244K(3106432K) icms_dc=100 , 0.1389864 secs] [Times: user=1.19 sys=0.09, real=0.14 secs] 
6213.573: [GC 6213.574: [ParNew: 353920K->28270K(353920K), 0.1355799 secs] 1955604K->1650882K(3106432K) icms_dc=100 , 0.1370934 secs] [Times: user=1.41 sys=0.11, real=0.14 secs] 
6214.361: [GC 6214.362: [ParNew: 342894K->32264K(353920K), 0.0770404 secs] 1965180K->1654551K(3106432K) icms_dc=100 , 0.0785535 secs] [Times: user=0.97 sys=0.03, real=0.08 secs] 
6215.125: [GC 6215.126: [ParNew: 346888K->35707K(353920K), 0.1436767 secs] 1968698K->1664820K(3106432K) icms_dc=100 , 0.1452085 secs] [Times: user=1.45 sys=0.15, real=0.15 secs] 
6215.991: [GC 6215.992: [ParNew: 350331K->39296K(353920K), 0.1771692 secs] 1978598K->1677603K(3106432K) icms_dc=100 , 0.1786706 secs] [Times: user=1.23 sys=0.12, real=0.18 secs] 
6216.898: [GC 6216.899: [ParNew: 353920K->39295K(353920K), 0.1696662 secs] 1991388K->1685525K(3106432K) icms_dc=100 , 0.1711562 secs] [Times: user=1.51 sys=0.17, real=0.17 secs] 
6217.085: [GC 6217.086: [ParNew: 39359K->9849K(353920K), 0.0898236 secs] 1685588K->1683695K(3106432K) icms_dc=100 , 0.0910427 secs] [Times: user=0.99 sys=0.05, real=0.09 secs] 
6218.030: [GC 6218.031: [ParNew: 324473K->30775K(353920K), 0.0699845 secs] 1994795K->1701097K(3106432K) icms_dc=100 , 0.0715244 secs] [Times: user=0.90 sys=0.01, real=0.07 secs] 
6218.944: [GC 6218.945: [ParNew: 345912K->34062K(353920K), 0.0911151 secs] 2015502K->1717477K(3106432K) icms_dc=100 , 0.0926372 secs] [Times: user=1.10 sys=0.02, real=0.09 secs] 
6220.209: [GC 6220.210: [ParNew: 348686K->34356K(353920K), 0.0893715 secs] 2030893K->1728581K(3106432K) icms_dc=100 , 0.0908935 secs] [Times: user=1.02 sys=0.02, real=0.09 secs] 
6221.159: [GC 6221.160: [ParNew: 348980K->30080K(353920K), 0.0805646 secs] 2041532K->1732780K(3106432K) icms_dc=100 , 0.0820854 secs] [Times: user=1.02 sys=0.02, real=0.08 secs] 
6222.017: [GC 6222.018: [ParNew: 344965K->30775K(353920K), 0.0844866 secs] 2046681K->1743317K(3106432K) icms_dc=100 , 0.0859860 secs] [Times: user=1.01 sys=0.02, real=0.09 secs] 
6222.121: [GC 6222.121: [ParNew: 31766K->18593K(353920K), 0.0747860 secs] 1744308K->1752372K(3106432K) icms_dc=100 , 0.0759617 secs] [Times: user=0.85 sys=0.03, real=0.08 secs] 
6223.362: [GC 6223.363: [ParNew: 333217K->24082K(353920K), 0.1036503 secs] 2063625K->1754490K(3106432K) icms_dc=100 , 0.1052028 secs] [Times: user=1.03 sys=0.10, real=0.11 secs] 
6224.306: [GC 6224.307: [ParNew: 338731K->23100K(353920K), 0.0951814 secs] 2063580K->1760877K(3106432K) icms_dc=100 , 0.0967485 secs] [Times: user=1.04 sys=0.02, real=0.10 secs] 
6224.421: [GC 6224.421: [ParNew: 23592K->25076K(353920K), 0.0570192 secs] 1761365K->1762849K(3106432K) icms_dc=100 , 0.0581843 secs] [Times: user=0.73 sys=0.03, real=0.06 secs] 
6224.553: [CMS-concurrent-sweep: 11.887/15.309 secs] [Times: user=378.88 sys=13.25, real=15.31 secs] 
6224.554: [CMS-concurrent-reset-start]
6224.604: [CMS-concurrent-reset: 0.033/0.050 secs] [Times: user=0.90 sys=0.05, real=0.05 secs] 
6225.253: [GC 6225.254: [ParNew: 339700K->39296K(353920K), 0.1713961 secs] 2066452K->1767447K(3106432K) icms_dc=75 , 0.1729079 secs] [Times: user=1.45 sys=0.20, real=0.17 secs] 
6225.559: [GC [1 CMS-initial-mark: 1728151K(2752512K)] 1806971K(3106432K), 0.4687060 secs] [Times: user=0.47 sys=0.00, real=0.47 secs] 
6226.029: [CMS-concurrent-mark-start]
6226.842: [GC 6226.843: [ParNew: 353920K->27474K(353920K), 0.1059203 secs] 2082140K->1777083K(3106432K) icms_dc=75 , 0.1074444 secs] [Times: user=1.23 sys=0.04, real=0.11 secs] 
6226.968: [GC 6226.968: [ParNew: 27820K->19973K(353920K), 0.0498847 secs] 1777429K->1769582K(3106432K) icms_dc=75 , 0.0510138 secs] [Times: user=0.67 sys=0.03, real=0.05 secs] 
6227.898: [GC 6227.899: [ParNew: 334597K->32914K(353920K), 0.0745440 secs] 2084206K->1782523K(3106432K) icms_dc=75 , 0.0760832 secs] [Times: user=0.86 sys=0.01, real=0.08 secs] 
6228.982: [GC 6228.983: [ParNew: 347538K->36203K(353920K), 0.0939269 secs] 2097147K->1792068K(3106432K) icms_dc=75 , 0.0954662 secs] [Times: user=1.13 sys=0.03, real=0.10 secs] 
6230.334: [GC 6230.335: [ParNew: 350827K->39296K(353920K), 0.1018110 secs] 2106692K->1805811K(3106432K) icms_dc=75 , 0.1033798 secs] [Times: user=1.19 sys=0.02, real=0.10 secs] 
6231.181: [GC 6231.182: [ParNew: 353920K->34830K(353920K), 0.2101110 secs] 2120435K->1821868K(3106432K) icms_dc=75 , 0.2115728 secs] [Times: user=1.31 sys=0.08, real=0.21 secs] 
6232.242: [GC 6232.243: [ParNew: 349454K->33948K(353920K), 0.1055640 secs] 2136492K->1820987K(3106432K) icms_dc=75 , 0.1070770 secs] [Times: user=1.10 sys=0.09, real=0.11 secs] 
6233.485: [GC 6233.486: [ParNew: 348572K->34342K(353920K), 0.0957137 secs] 2135611K->1838554K(3106432K) icms_dc=75 , 0.0972719 secs] [Times: user=1.20 sys=0.03, real=0.10 secs] 
6234.456: [GC 6234.457: [ParNew: 349952K->35826K(353920K), 0.1519936 secs] 2154163K->1850860K(3106432K) icms_dc=75 , 0.1535019 secs] [Times: user=1.26 sys=0.14, real=0.15 secs] 
6234.628: [GC 6234.629: [ParNew: 36341K->17230K(353920K), 0.0776367 secs] 1851375K->1855051K(3106432K) icms_dc=75 , 0.0789886 secs] [Times: user=0.87 sys=0.03, real=0.08 secs] 
6235.506: [GC 6235.507: [ParNew: 331854K->26985K(353920K), 0.1171678 secs] 2169675K->1864806K(3106432K) icms_dc=75 , 0.1187309 secs] [Times: user=1.19 sys=0.16, real=0.12 secs] 
6236.510: [GC 6236.511: [ParNew: 341609K->28394K(353920K), 0.1284947 secs] 2179430K->1878695K(3106432K) icms_dc=75 , 0.1299866 secs] [Times: user=1.28 sys=0.08, real=0.13 secs] 
6237.519: [GC 6237.520: [ParNew: 343018K->28649K(353920K), 0.0867028 secs] 2193319K->1887827K(3106432K) icms_dc=75 , 0.0883010 secs] [Times: user=1.01 sys=0.02, real=0.09 secs] 
6238.412: [GC 6238.413: [ParNew: 343273K->39296K(353920K), 0.0709753 secs] 2202451K->1899743K(3106432K) icms_dc=75 , 0.0725953 secs] [Times: user=0.92 sys=0.01, real=0.07 secs] 
6239.267: [GC 6239.268: [ParNew: 353920K->31564K(353920K), 0.0991519 secs] 2214568K->1912273K(3106432K) icms_dc=75 , 0.1006401 secs] [Times: user=1.29 sys=0.05, real=0.10 secs] 
6240.209: [GC 6240.210: [ParNew: 346401K->28723K(353920K), 0.0901667 secs] 2227109K->1919426K(3106432K) icms_dc=75 , 0.0916823 secs] [Times: user=1.11 sys=0.03, real=0.09 secs] 
6240.318: [GC 6240.319: [ParNew: 29117K->26799K(353920K), 0.0619544 secs] 1919819K->1917501K(3106432K) icms_dc=75 , 0.0630457 secs] [Times: user=0.79 sys=0.05, real=0.06 secs] 
6241.188: [GC 6241.189: [ParNew: 341423K->39296K(353920K), 0.1034774 secs] 2232125K->1930418K(3106432K) icms_dc=75 , 0.1050150 secs] [Times: user=1.11 sys=0.06, real=0.11 secs] 
6241.746: [CMS-concurrent-mark: 9.854/15.717 secs] [Times: user=394.39 sys=13.21, real=15.72 secs] 
6241.747: [CMS-concurrent-preclean-start]
6242.067: [GC 6242.068: [ParNew: 353920K->33044K(353920K), 0.1007417 secs] 2245042K->1943711K(3106432K) icms_dc=75 , 0.1022501 secs] [Times: user=1.31 sys=0.03, real=0.10 secs] 
6243.028: [GC 6243.045: [ParNew: 347668K->28535K(353920K), 0.1054646 secs] 2258335K->1948523K(3106432K) icms_dc=75 , 0.1070295 secs] [Times: user=1.08 sys=0.01, real=0.12 secs] 
6243.939: [GC 6243.940: [ParNew: 343159K->27755K(353920K), 0.1468622 secs] 2263147K->1958181K(3106432K) icms_dc=75 , 0.1483886 secs] [Times: user=1.37 sys=0.15, real=0.15 secs] 
6244.876: [GC 6244.877: [ParNew: 342379K->34300K(353920K), 0.0816208 secs] 2272805K->1974780K(3106432K) icms_dc=75 , 0.0831548 secs] [Times: user=1.09 sys=0.03, real=0.08 secs] 
6245.693: [GC 6245.694: [ParNew: 348924K->26826K(353920K), 0.1207044 secs] 2289404K->1979127K(3106432K) icms_dc=75 , 0.1222320 secs] [Times: user=1.02 sys=0.03, real=0.12 secs] 
6246.766: [GC 6246.767: [ParNew: 341888K->39296K(353920K), 0.1340986 secs] 2294189K->1993459K(3106432K) icms_dc=75 , 0.1356792 secs] [Times: user=1.20 sys=0.07, real=0.14 secs] 
6246.920: [GC 6246.920: [ParNew: 40046K->20978K(353920K), 0.1023469 secs] 1994209K->2005674K(3106432K) icms_dc=75 , 0.1035037 secs] [Times: user=1.21 sys=0.06, real=0.10 secs] 
6247.751: [GC 6247.752: [ParNew: 335923K->25647K(353920K), 0.2064837 secs] 2320619K->2010343K(3106432K) icms_dc=75 , 0.2080140 secs] [Times: user=1.59 sys=0.25, real=0.21 secs] 
6247.977: [GC 6247.978: [ParNew: 25931K->9959K(353920K), 0.1273081 secs] 2010627K->2017078K(3106432K) icms_dc=75 , 0.1284800 secs] [Times: user=0.95 sys=0.04, real=0.13 secs] 
6248.821: [GC 6248.822: [ParNew: 324923K->23305K(353920K), 0.1046979 secs] 2332042K->2030424K(3106432K) icms_dc=75 , 0.1062118 secs] [Times: user=1.15 sys=0.09, real=0.11 secs] 
6248.945: [GC 6248.945: [ParNew: 24012K->9285K(353920K), 0.1124807 secs] 2031130K->2037878K(3106432K) icms_dc=75 , 0.1137136 secs] [Times: user=1.14 sys=0.10, real=0.11 secs] 
6249.906: [GC 6249.907: [ParNew: 323909K->24265K(353920K), 0.0793835 secs] 2352502K->2052858K(3106432K) icms_dc=75 , 0.0809776 secs] [Times: user=0.90 sys=0.03, real=0.08 secs] 
6250.793: [GC 6250.794: [ParNew: 338889K->27780K(353920K), 0.1137301 secs] 2367482K->2068952K(3106432K) icms_dc=75 , 0.1153841 secs] [Times: user=1.10 sys=0.02, real=0.12 secs] 
6251.735: [GC 6251.736: [ParNew: 342404K->26472K(353920K), 0.0895666 secs] 2383576K->2080584K(3106432K) icms_dc=75 , 0.0911440 secs] [Times: user=1.09 sys=0.02, real=0.09 secs] 
6252.601: [GC 6252.602: [ParNew: 341152K->26568K(353920K), 0.1204872 secs] 2395264K->2091293K(3106432K) icms_dc=75 , 0.1220043 secs] [Times: user=1.26 sys=0.07, real=0.12 secs] 
6252.740: [GC 6252.741: [ParNew: 26843K->2608K(353920K), 0.0675779 secs] 2091568K->2087442K(3106432K) icms_dc=75 , 0.0687199 secs] [Times: user=0.81 sys=0.03, real=0.07 secs] 
6253.703: [GC 6253.704: [ParNew: 317232K->23228K(353920K), 0.0824280 secs] 2402066K->2108062K(3106432K) icms_dc=75 , 0.0839404 secs] [Times: user=0.96 sys=0.06, real=0.08 secs] 
6254.671: [GC 6254.672: [ParNew: 337708K->26296K(353920K), 0.0944805 secs] 2422542K->2123587K(3106432K) icms_dc=75 , 0.0960709 secs] [Times: user=1.09 sys=0.03, real=0.10 secs] 
6255.333: [CMS-concurrent-preclean: 7.751/13.586 secs] [Times: user=338.17 sys=12.39, real=13.59 secs] 
6255.335: [CMS-concurrent-abortable-preclean-start]
6255.533: [GC 6255.534: [ParNew: 341473K->29492K(353920K), 0.1321608 secs] 2438764K->2137455K(3106432K) icms_dc=75 , 0.1336663 secs] [Times: user=1.32 sys=0.11, real=0.13 secs] 
6255.684: [GC 6255.685: [ParNew: 30175K->16803K(353920K), 0.0839783 secs] 2138139K->2146648K(3106432K) icms_dc=75 , 0.0851386 secs] [Times: user=0.95 sys=0.03, real=0.09 secs] 
6256.465: [GC 6256.466: [ParNew: 331427K->29246K(353920K), 0.0657072 secs] 2461272K->2159091K(3106432K) icms_dc=75 , 0.0672157 secs] [Times: user=0.82 sys=0.01, real=0.07 secs] 
6257.216: [CMS-concurrent-abortable-preclean: 0.975/1.881 secs] [Times: user=48.16 sys=1.67, real=1.88 secs] 
6257.236: [GC[YG occupancy: 274487 K (353920 K)]6257.237: [Rescan (parallel) , 0.2302323 secs]6257.467: [weak refs processing, 0.0242431 secs] [1 CMS-remark: 2129845K(2752512K)] 2404332K(3106432K), 0.2582687 secs] [Times: user=3.12 sys=0.24, real=0.26 secs] 
6257.496: [CMS-concurrent-sweep-start]
6257.731: [GC 6257.732: [ParNew: 343870K->26996K(353920K), 0.1358692 secs] 2473703K->2171205K(3106432K) icms_dc=75 , 0.1374176 secs] [Times: user=1.45 sys=0.15, real=0.14 secs] 
6258.734: [GC 6258.735: [ParNew: 341935K->28642K(353920K), 0.0828149 secs] 2486030K->2182054K(3106432K) icms_dc=75 , 0.0843650 secs] [Times: user=1.05 sys=0.03, real=0.08 secs] 
6259.704: [GC 6259.706: [ParNew: 343266K->23804K(353920K), 0.0918331 secs] 2496387K->2187844K(3106432K) icms_dc=75 , 0.0934275 secs] [Times: user=1.08 sys=0.03, real=0.09 secs] 
6260.677: [GC 6260.678: [ParNew: 338535K->38239K(353920K), 0.1077554 secs] 2502037K->2201741K(3106432K) icms_dc=75 , 0.1092939 secs] [Times: user=1.05 sys=0.04, real=0.11 secs] 
6260.804: [GC 6260.805: [ParNew: 39220K->31690K(353920K), 0.1163876 secs] 2202722K->2204772K(3106432K) icms_dc=75 , 0.1175204 secs] [Times: user=1.17 sys=0.11, real=0.12 secs] 
6261.850: [GC 6261.851: [ParNew: 346507K->35986K(353920K), 0.0747921 secs] 2518533K->2208011K(3106432K) icms_dc=75 , 0.0763245 secs] [Times: user=0.99 sys=0.02, real=0.08 secs] 
6261.943: [GC 6261.944: [ParNew: 36273K->28095K(353920K), 0.0714707 secs] 2208298K->2210880K(3106432K) icms_dc=75 , 0.0726168 secs] [Times: user=1.01 sys=0.02, real=0.07 secs] 
6262.942: [GC 6262.943: [ParNew: 342719K->39296K(353920K), 0.0880170 secs] 2524076K->2222688K(3106432K) icms_dc=75 , 0.0896212 secs] [Times: user=1.03 sys=0.02, real=0.09 secs] 
6263.910: [GC 6263.911: [ParNew: 353920K->31605K(353920K), 0.1085385 secs] 2535805K->2232164K(3106432K) icms_dc=75 , 0.1100970 secs] [Times: user=1.23 sys=0.03, real=0.11 secs] 
6264.038: [GC 6264.039: [ParNew: 32068K->25411K(353920K), 0.0587198 secs] 2232627K->2225970K(3106432K) icms_dc=75 , 0.0598710 secs] [Times: user=0.77 sys=0.04, real=0.06 secs] 
6264.847: [GC 6264.848: [ParNew: 340035K->39296K(353920K), 0.0746951 secs] 2539317K->2239388K(3106432K) icms_dc=75 , 0.0762314 secs] [Times: user=0.97 sys=0.02, real=0.08 secs] 
6265.766: [GC 6265.768: [ParNew: 353920K->39296K(353920K), 0.0982319 secs] 2550087K->2244714K(3106432K) icms_dc=75 , 0.0998621 secs] [Times: user=1.15 sys=0.01, real=0.10 secs] 
6265.884: [GC 6265.884: [ParNew: 39768K->20663K(353920K), 0.1139842 secs] 2245187K->2255622K(3106432K) icms_dc=75 , 0.1151131 secs] [Times: user=1.15 sys=0.06, real=0.12 secs] 
6266.706: [GC 6266.707: [ParNew: 335103K->23696K(353920K), 0.0749158 secs] 2564977K->2253570K(3106432K) icms_dc=75 , 0.0764876 secs] [Times: user=1.01 sys=0.06, real=0.08 secs] 
6267.638: [GC 6267.639: [ParNew: 338320K->23880K(353920K), 0.0999249 secs] 2560318K->2259404K(3106432K) icms_dc=75 , 0.1014790 secs] [Times: user=1.13 sys=0.02, real=0.10 secs] 
6268.475: [GC 6268.476: [ParNew: 338733K->36983K(353920K), 0.1070461 secs] 2570862K->2269112K(3106432K) icms_dc=75 , 0.1085101 secs] [Times: user=1.28 sys=0.12, real=0.11 secs] 
6268.603: [GC 6268.603: [ParNew: 37919K->29371K(353920K), 0.1075687 secs] 2270048K->2272993K(3106432K) icms_dc=75 , 0.1087417 secs] [Times: user=1.24 sys=0.09, real=0.11 secs] 
6269.443: [GC 6269.444: [ParNew: 344910K->33432K(353920K), 0.1320565 secs] 2584737K->2273258K(3106432K) icms_dc=75 , 0.1335274 secs] [Times: user=1.38 sys=0.18, real=0.13 secs] 
6269.594: [GC 6269.595: [ParNew: 34498K->28807K(353920K), 0.0701826 secs] 2274325K->2277895K(3106432K) icms_dc=75 , 0.0713406 secs] [Times: user=0.96 sys=0.02, real=0.07 secs] 
6270.387: [GC 6270.388: [ParNew: 343431K->36367K(353920K), 0.1131716 secs] 2591473K->2284409K(3106432K) icms_dc=75 , 0.1147319 secs] [Times: user=1.20 sys=0.11, real=0.12 secs] 
6271.228: [GC 6271.229: [ParNew: 350991K->39296K(353920K), 0.1307210 secs] 2597930K->2295899K(3106432K) icms_dc=75 , 0.1323119 secs] [Times: user=1.28 sys=0.06, real=0.13 secs] 
6272.173: [GC 6272.174: [ParNew: 353920K->30903K(353920K), 0.1636438 secs] 2607981K->2302726K(3106432K) icms_dc=75 , 0.1651788 secs] [Times: user=1.60 sys=0.19, real=0.17 secs] 
6273.475: [GC 6273.476: [ParNew: 345527K->28030K(353920K), 0.1214735 secs] 2614344K->2304551K(3106432K) icms_dc=75 , 0.1230061 secs] [Times: user=1.27 sys=0.13, real=0.12 secs] 
6274.375: [GC 6274.397: [ParNew: 342654K->39296K(353920K), 0.1219552 secs] 2595677K->2293242K(3106432K) icms_dc=75 , 0.1234911 secs] [Times: user=1.28 sys=0.09, real=0.15 secs] 
6275.217: [GC 6275.218: [ParNew: 353920K->35632K(353920K), 0.1171892 secs] 2553113K->2257275K(3106432K) icms_dc=75 , 0.1187039 secs] [Times: user=1.31 sys=0.06, real=0.12 secs] 
6276.179: [GC 6276.180: [ParNew: 350256K->31831K(353920K), 0.0874753 secs] 2502218K->2194502K(3106432K) icms_dc=75 , 0.0890002 secs] [Times: user=1.01 sys=0.02, real=0.09 secs] 
6277.189: [GC 6277.190: [ParNew: 346455K->31105K(353920K), 0.1243733 secs] 2410932K->2106617K(3106432K) icms_dc=75 , 0.1259711 secs] [Times: user=1.19 sys=0.03, real=0.13 secs] 
6278.166: [GC 6278.167: [ParNew: 345729K->23733K(353920K), 0.1451104 secs] 2340580K->2030241K(3106432K) icms_dc=75 , 0.1466705 secs] [Times: user=1.40 sys=0.18, real=0.15 secs] 
6278.744: [CMS-concurrent-sweep: 12.763/21.248 secs] [Times: user=522.68 sys=19.26, real=21.25 secs] 
6278.745: [CMS-concurrent-reset-start]
6278.777: [CMS-concurrent-reset: 0.031/0.031 secs] [Times: user=1.06 sys=0.01, real=0.03 secs] 
6279.048: [GC 6279.049: [ParNew: 338385K->35630K(353920K), 0.0560455 secs] 2291016K->1988261K(3106432K) icms_dc=57 , 0.0575265 secs] [Times: user=0.91 sys=0.03, real=0.06 secs] 
6279.124: [GC 6279.124: [ParNew: 36022K->27214K(353920K), 0.0659965 secs] 1988654K->1990048K(3106432K) icms_dc=57 , 0.0671578 secs] [Times: user=0.91 sys=0.02, real=0.07 secs] 
6279.426: [GC [1 CMS-initial-mark: 1962834K(2752512K)] 2058138K(3106432K), 0.6251249 secs] [Times: user=0.63 sys=0.00, real=0.63 secs] 
6280.053: [CMS-concurrent-mark-start]
6280.714: [GC 6280.715: [ParNew: 342674K->39295K(353920K), 0.1223453 secs] 2305508K->2002730K(3106432K) icms_dc=57 , 0.1238773 secs] [Times: user=1.13 sys=0.02, real=0.12 secs] 
6280.857: [GC 6280.858: [ParNew: 39736K->17463K(353920K), 0.1344851 secs] 2003171K->2012070K(3106432K) icms_dc=57 , 0.1356381 secs] [Times: user=1.12 sys=0.03, real=0.14 secs] 
6281.734: [GC 6281.735: [ParNew: 332087K->29551K(353920K), 0.0584006 secs] 2326694K->2024158K(3106432K) icms_dc=57 , 0.0599120 secs] [Times: user=0.89 sys=0.02, real=0.06 secs] 
6282.673: [GC 6282.674: [ParNew: 344175K->28312K(353920K), 0.1082882 secs] 2338782K->2037320K(3106432K) icms_dc=57 , 0.1098764 secs] [Times: user=1.20 sys=0.04, real=0.11 secs] 
6283.724: [GC 6283.725: [ParNew: 342936K->30756K(353920K), 0.0916310 secs] 2351944K->2050198K(3106432K) icms_dc=57 , 0.0931699 secs] [Times: user=1.16 sys=0.04, real=0.09 secs] 
6284.631: [GC 6284.632: [ParNew: 345380K->27635K(353920K), 0.1236213 secs] 2364822K->2057801K(3106432K) icms_dc=60 , 0.1252742 secs] [Times: user=1.28 sys=0.09, real=0.13 secs] 
6285.648: [GC 6285.649: [ParNew: 342259K->27688K(353920K), 0.1072079 secs] 2372425K->2067479K(3106432K) icms_dc=60 , 0.1087848 secs] [Times: user=1.19 sys=0.03, real=0.11 secs] 
6286.499: [GC 6286.500: [ParNew: 342312K->27289K(353920K), 0.1409311 secs] 2382103K->2076829K(3106432K) icms_dc=63 , 0.1424608 secs] [Times: user=1.38 sys=0.15, real=0.14 secs] 
6287.399: [GC 6287.400: [ParNew: 341913K->38424K(353920K), 0.1658499 secs] 2391453K->2087963K(3106432K) icms_dc=63 , 0.1673926 secs] [Times: user=1.16 sys=0.13, real=0.17 secs] 
6288.861: [GC 6288.862: [ParNew: 353151K->39296K(353920K), 0.1014874 secs] 2402691K->2098919K(3106432K) icms_dc=63 , 0.1030530 secs] [Times: user=1.14 sys=0.02, real=0.10 secs] 
6288.982: [GC 6288.983: [ParNew: 39549K->30788K(353920K), 0.0611399 secs] 2099172K->2099247K(3106432K) icms_dc=63 , 0.0623018 secs] [Times: user=0.94 sys=0.02, real=0.06 secs] 
6289.860: [GC 6289.861: [ParNew: 346221K->39296K(353920K), 0.1697002 secs] 2414680K->2108608K(3106432K) icms_dc=63 , 0.1712156 secs] [Times: user=1.39 sys=0.21, real=0.17 secs] 
6290.049: [GC 6290.050: [ParNew: 39983K->31346K(353920K), 0.0977189 secs] 2109295K->2110746K(3106432K) icms_dc=63 , 0.0988659 secs] [Times: user=1.08 sys=0.07, real=0.10 secs] 
6290.980: [GC 6290.981: [ParNew: 346134K->39295K(353920K), 0.1034024 secs] 2425535K->2118754K(3106432K) icms_dc=63 , 0.1049312 secs] [Times: user=1.30 sys=0.11, real=0.11 secs] 
6291.885: [GC 6291.886: [ParNew: 353919K->34725K(353920K), 0.1121400 secs] 2433378K->2132562K(3106432K) icms_dc=75 , 0.1136342 secs] [Times: user=1.29 sys=0.03, real=0.11 secs] 
6292.740: [GC 6292.741: [ParNew: 349349K->32741K(353920K), 0.2164962 secs] 2447186K->2141494K(3106432K) icms_dc=77 , 0.2180263 secs] [Times: user=1.50 sys=0.18, real=0.22 secs] 
6293.730: [GC 6293.731: [ParNew: 346702K->39296K(353920K), 0.0846882 secs] 2455455K->2148584K(3106432K) icms_dc=77 , 0.0862238 secs] [Times: user=1.02 sys=0.02, real=0.09 secs] 
6294.693: [GC 6294.694: [ParNew: 353920K->26520K(353920K), 0.1094886 secs] 2463208K->2155510K(3106432K) icms_dc=78 , 0.1110970 secs] [Times: user=1.38 sys=0.06, real=0.11 secs] 
6295.643: [GC 6295.644: [ParNew: 341144K->38384K(353920K), 0.1351801 secs] 2470134K->2167374K(3106432K) icms_dc=78 , 0.1367269 secs] [Times: user=1.38 sys=0.16, real=0.14 secs] 
6296.598: [GC 6296.599: [ParNew: 353743K->32899K(353920K), 0.1420429 secs] 2483061K->2179492K(3106432K) icms_dc=78 , 0.1435677 secs] [Times: user=1.40 sys=0.12, real=0.14 secs] 
6297.562: [GC 6297.563: [ParNew: 348543K->34333K(353920K), 0.0985258 secs] 2495136K->2191319K(3106432K) icms_dc=78 , 0.1000095 secs] [Times: user=1.16 sys=0.05, real=0.10 secs] 
6297.682: [GC 6297.682: [ParNew: 34702K->16909K(353920K), 0.1045429 secs] 2191687K->2198259K(3106432K) icms_dc=81 , 0.1056880 secs] [Times: user=0.84 sys=0.02, real=0.11 secs] 
6298.637: [GC 6298.638: [ParNew: 331533K->27051K(353920K), 0.1212340 secs] 2512883K->2208401K(3106432K) icms_dc=81 , 0.1227668 secs] [Times: user=1.17 sys=0.14, real=0.12 secs] 
6299.778: [GC 6299.780: [ParNew: 341675K->26049K(353920K), 0.1316945 secs] 2523025K->2220527K(3106432K) icms_dc=81 , 0.1332655 secs] [Times: user=1.17 sys=0.05, real=0.13 secs] 
6300.744: [GC 6300.746: [ParNew: 340673K->38674K(353920K), 0.0709423 secs] 2535151K->2233151K(3106432K) icms_dc=81 , 0.0725779 secs] [Times: user=1.02 sys=0.01, real=0.07 secs] 
6300.941: [CMS-concurrent-mark: 12.327/20.888 secs] [Times: user=526.14 sys=17.52, real=20.89 secs] 
6300.943: [CMS-concurrent-preclean-start]
6301.738: [GC 6301.739: [ParNew: 353298K->39296K(353920K), 0.1504255 secs] 2547775K->2246304K(3106432K) icms_dc=81 , 0.1520101 secs] [Times: user=1.41 sys=0.10, real=0.15 secs] 
6302.703: [GC 6302.704: [ParNew: 353920K->32927K(353920K), 0.1534638 secs] 2560928K->2257580K(3106432K) icms_dc=81 , 0.1549868 secs] [Times: user=1.62 sys=0.10, real=0.16 secs] 
6303.617: [GC 6303.619: [ParNew: 347551K->33737K(353920K), 0.1141942 secs] 2572204K->2258391K(3106432K) icms_dc=81 , 0.1157164 secs] [Times: user=1.33 sys=0.10, real=0.12 secs] 
6304.620: [GC 6304.622: [ParNew: 348361K->39296K(353920K), 0.2549571 secs] 2573015K->2272242K(3106432K) icms_dc=81 , 0.2565197 secs] [Times: user=1.84 sys=0.37, real=0.26 secs] 
6305.812: [GC 6305.813: [ParNew: 353920K->30416K(353920K), 0.1313417 secs] 2586866K->2280688K(3106432K) icms_dc=81 , 0.1329072 secs] [Times: user=1.25 sys=0.05, real=0.13 secs] 
6306.762: [GC 6306.763: [ParNew: 345076K->33903K(353920K), 0.1389573 secs] 2595348K->2284175K(3106432K) icms_dc=81 , 0.1404998 secs] [Times: user=1.29 sys=0.14, real=0.14 secs] 
6306.920: [GC 6306.921: [ParNew: 34364K->27632K(353920K), 0.0792665 secs] 2284636K->2287636K(3106432K) icms_dc=81 , 0.0804185 secs] [Times: user=0.97 sys=0.02, real=0.08 secs] 
6307.978: [GC 6307.979: [ParNew: 341808K->39295K(353920K), 0.1199731 secs] 2601813K->2299346K(3106432K) icms_dc=81 , 0.1215588 secs] [Times: user=1.23 sys=0.09, real=0.12 secs] 
6308.840: [GC 6308.841: [ParNew: 353919K->27734K(353920K), 0.1114938 secs] 2613970K->2306368K(3106432K) icms_dc=81 , 0.1132044 secs] [Times: user=1.28 sys=0.04, real=0.11 secs] 
6309.708: [GC 6309.709: [ParNew: 342358K->32396K(353920K), 0.1224383 secs] 2620992K->2311031K(3106432K) icms_dc=81 , 0.1239672 secs] [Times: user=1.19 sys=0.11, real=0.12 secs] 
6310.582: [GC 6310.583: [ParNew: 347020K->36158K(353920K), 0.1000105 secs] 2625655K->2322672K(3106432K) icms_dc=81 , 0.1015154 secs] [Times: user=1.28 sys=0.05, real=0.10 secs] 
6311.413: [GC 6311.428: [ParNew: 350782K->39296K(353920K), 0.1361158 secs] 2637296K->2334935K(3106432K) icms_dc=81 , 0.1376342 secs] [Times: user=1.29 sys=0.05, real=0.15 secs] 
6311.741: [CMS-concurrent-preclean: 6.729/10.798 secs] [Times: user=267.80 sys=10.62, real=10.80 secs] 
6311.742: [CMS-concurrent-abortable-preclean-start]
6312.387: [GC 6312.388: [ParNew: 353920K->29129K(353920K), 0.1184857 secs] 2649559K->2341242K(3106432K) icms_dc=81 , 0.1202077 secs] [Times: user=1.28 sys=0.04, real=0.12 secs] 
6312.735: [CMS-concurrent-abortable-preclean: 0.690/0.993 secs] [Times: user=25.64 sys=0.84, real=0.99 secs] 
6312.754: [GC[YG occupancy: 135594 K (353920 K)]6312.755: [Rescan (parallel) , 0.2371358 secs]6312.992: [weak refs processing, 0.0330530 secs] [1 CMS-remark: 2312112K(2752512K)] 2447707K(3106432K), 0.2756406 secs] [Times: user=2.78 sys=0.34, real=0.28 secs] 
6313.031: [CMS-concurrent-sweep-start]
6313.674: [GC 6313.675: [ParNew: 343816K->33699K(353920K), 0.1173745 secs] 2655814K->2345697K(3106432K) icms_dc=81 , 0.1188822 secs] [Times: user=1.22 sys=0.09, real=0.12 secs] 
6313.810: [GC 6313.811: [ParNew: 34174K->29009K(353920K), 0.0679650 secs] 2346172K->2349652K(3106432K) icms_dc=81 , 0.0691175 secs] [Times: user=0.91 sys=0.02, real=0.07 secs] 
6314.960: [GC 6314.961: [ParNew: 343757K->39295K(353920K), 0.1025929 secs] 2664276K->2359877K(3106432K) icms_dc=81 , 0.1041099 secs] [Times: user=1.12 sys=0.06, real=0.10 secs] 
6315.083: [GC 6315.083: [ParNew: 39789K->29048K(353920K), 0.0737467 secs] 2360371K->2360684K(3106432K) icms_dc=81 , 0.0748991 secs] [Times: user=0.98 sys=0.03, real=0.08 secs] 
6315.882: [GC 6315.883: [ParNew: 343672K->38254K(353920K), 0.0867351 secs] 2674641K->2369224K(3106432K) icms_dc=81 , 0.0882178 secs] [Times: user=1.03 sys=0.04, real=0.09 secs] 
6317.089: [GC 6317.090: [ParNew: 352878K->39296K(353920K), 0.1119111 secs] 2683151K->2379624K(3106432K) icms_dc=81 , 0.1134643 secs] [Times: user=1.20 sys=0.02, real=0.11 secs] 
6318.015: [GC 6318.016: [ParNew: 353920K->39296K(353920K), 0.1238907 secs] 2693413K->2386746K(3106432K) icms_dc=81 , 0.1257118 secs] [Times: user=1.34 sys=0.10, real=0.13 secs] 
6318.982: [GC 6318.983: [ParNew: 353920K->39296K(353920K), 0.0988169 secs] 2698818K->2391975K(3106432K) icms_dc=81 , 0.1003570 secs] [Times: user=1.10 sys=0.02, real=0.10 secs] 
6319.800: [GC 6319.801: [ParNew: 353920K->39296K(353920K), 0.1129229 secs] 2703792K->2399689K(3106432K) icms_dc=81 , 0.1144337 secs] [Times: user=1.16 sys=0.01, real=0.12 secs] 
6320.666: [GC 6320.668: [ParNew: 353920K->39296K(353920K), 0.1131216 secs] 2711882K->2406453K(3106432K) icms_dc=81 , 0.1146634 secs] [Times: user=1.18 sys=0.03, real=0.12 secs] 
6321.497: [GC 6321.498: [ParNew: 353920K->39296K(353920K), 0.1640553 secs] 2719449K->2417439K(3106432K) icms_dc=81 , 0.1655600 secs] [Times: user=1.33 sys=0.12, real=0.17 secs] 
6322.432: [GC 6322.433: [ParNew: 353920K->39296K(353920K), 0.1774441 secs] 2724972K->2419336K(3106432K) icms_dc=81 , 0.1789874 secs] [Times: user=1.55 sys=0.17, real=0.18 secs] 
6323.452: [GC 6323.454: [ParNew: 353920K->39045K(353920K), 0.1277441 secs] 2732592K->2424587K(3106432K) icms_dc=81 , 0.1293036 secs] [Times: user=1.42 sys=0.12, real=0.13 secs] 
6324.443: [GC 6324.444: [ParNew: 353768K->39296K(353920K), 0.1184084 secs] 2730941K->2426439K(3106432K) icms_dc=81 , 0.1199972 secs] [Times: user=1.26 sys=0.03, real=0.12 secs] 
6324.581: [GC 6324.582: [ParNew: 39665K->18701K(353920K), 0.0922059 secs] 2426808K->2438402K(3106432K) icms_dc=83 , 0.0933800 secs] [Times: user=1.09 sys=0.03, real=0.09 secs] 
6325.553: [GC 6325.554: [ParNew: 333656K->33234K(353920K), 0.0637427 secs] 2748267K->2447845K(3106432K) icms_dc=83 , 0.0652969 secs] [Times: user=0.94 sys=0.02, real=0.07 secs] 
6325.636: [GC 6325.637: [ParNew: 33487K->10415K(353920K), 0.0838999 secs] 2448098K->2455302K(3106432K) icms_dc=83 , 0.0850883 secs] [Times: user=1.01 sys=0.03, real=0.09 secs] 
6326.582: [GC 6326.583: [ParNew: 325039K->23998K(353920K), 0.1053980 secs] 2764035K->2462994K(3106432K) icms_dc=83 , 0.1069514 secs] [Times: user=1.15 sys=0.11, real=0.11 secs] 
6327.512: [GC 6327.513: [ParNew: 338622K->25038K(353920K), 0.1953685 secs] 2772574K->2471986K(3106432K) icms_dc=83 , 0.1969238 secs] [Times: user=1.37 sys=0.16, real=0.20 secs] 
6328.404: [GC 6328.405: [ParNew: 339662K->35234K(353920K), 0.0575787 secs] 2785049K->2480620K(3106432K) icms_dc=83 , 0.0590527 secs] [Times: user=0.97 sys=0.02, real=0.06 secs] 
6329.212: [GC 6329.213: [ParNew: 349858K->39296K(353920K), 0.1116498 secs] 2791601K->2492121K(3106432K) icms_dc=83 , 0.1131786 secs] [Times: user=1.33 sys=0.06, real=0.11 secs] 
6330.215: [GC 6330.216: [ParNew: 353920K->39296K(353920K), 0.0972051 secs] 2783550K->2480551K(3106432K) icms_dc=83 , 0.0987808 secs] [Times: user=1.22 sys=0.02, real=0.10 secs] 
6331.204: [GC 6331.205: [ParNew: 353920K->32842K(353920K), 0.0885812 secs] 2758043K->2454491K(3106432K) icms_dc=83 , 0.0901467 secs] [Times: user=1.16 sys=0.03, real=0.09 secs] 
6332.078: [GC 6332.079: [ParNew: 347466K->33280K(353920K), 0.1100274 secs] 2752941K->2438755K(3106432K) icms_dc=83 , 0.1115692 secs] [Times: user=1.23 sys=0.08, real=0.11 secs] 
6332.946: [GC 6332.947: [ParNew: 347904K->37417K(353920K), 0.0838555 secs] 2725406K->2421464K(3106432K) icms_dc=83 , 0.0854253 secs] [Times: user=1.14 sys=0.04, real=0.09 secs] 
6333.939: [GC 6333.941: [ParNew: 351813K->35142K(353920K), 0.1112656 secs] 2643964K->2334797K(3106432K) icms_dc=83 , 0.1128152 secs] [Times: user=1.30 sys=0.10, real=0.11 secs] 
6334.832: [GC 6334.833: [ParNew: 349766K->34590K(353920K), 0.0803736 secs] 2605282K->2298341K(3106432K) icms_dc=83 , 0.0819173 secs] [Times: user=1.10 sys=0.03, real=0.08 secs] 
6335.738: [GC 6335.739: [ParNew: 349621K->33884K(353920K), 0.1704152 secs] 2560941K->2253238K(3106432K) icms_dc=83 , 0.1722953 secs] [Times: user=1.59 sys=0.03, real=0.17 secs] 
6335.973: [GC 6335.973: [ParNew: 44286K->32759K(353920K), 0.1587372 secs] 2263640K->2259552K(3106432K) icms_dc=83 , 0.1601009 secs] [Times: user=1.28 sys=0.04, real=0.16 secs] 
6336.990: [GC 6336.991: [ParNew: 347383K->36620K(353920K), 0.0845900 secs] 2498480K->2187717K(3106432K) icms_dc=83 , 0.0861394 secs] [Times: user=1.06 sys=0.04, real=0.09 secs] 
6337.802: [GC 6337.803: [ParNew: 351244K->28689K(353920K), 0.0902772 secs] 2473572K->2170500K(3106432K) icms_dc=83 , 0.0917830 secs] [Times: user=1.13 sys=0.02, real=0.09 secs] 
6338.654: [GC 6338.655: [ParNew: 343313K->35640K(353920K), 0.0606724 secs] 2412109K->2104436K(3106432K) icms_dc=83 , 0.0622216 secs] [Times: user=0.91 sys=0.02, real=0.06 secs] 
6339.409: [CMS-concurrent-sweep: 17.269/26.378 secs] [Times: user=651.71 sys=23.31, real=26.38 secs] 
6339.410: [CMS-concurrent-reset-start]
6339.437: [CMS-concurrent-reset: 0.027/0.027 secs] [Times: user=0.65 sys=0.04, real=0.03 secs] 
6339.629: [GC 6339.630: [ParNew: 350264K->24871K(353920K), 0.2602727 secs] 2307584K->2000743K(3106432K) icms_dc=63 , 0.2618142 secs] [Times: user=1.99 sys=0.42, real=0.26 secs] 
6340.065: [GC [1 CMS-initial-mark: 1975871K(2752512K)] 2059034K(3106432K), 0.5753715 secs] [Times: user=0.58 sys=0.00, real=0.58 secs] 
6340.642: [CMS-concurrent-mark-start]
6341.420: [GC 6341.421: [ParNew: 339495K->39118K(353920K), 0.0767456 secs] 2315367K->2014989K(3106432K) icms_dc=63 , 0.0782887 secs] [Times: user=0.94 sys=0.02, real=0.08 secs] 
6342.419: [GC 6342.420: [ParNew: 353851K->24633K(353920K), 0.0965139 secs] 2330379K->2019567K(3106432K) icms_dc=63 , 0.0980246 secs] [Times: user=1.24 sys=0.03, real=0.10 secs] 
6342.535: [GC 6342.536: [ParNew: 25176K->23657K(353920K), 0.0468932 secs] 2020110K->2018592K(3106432K) icms_dc=75 , 0.0480508 secs] [Times: user=0.73 sys=0.03, real=0.05 secs] 
6343.316: [GC 6343.317: [ParNew: 338281K->37461K(353920K), 0.1182052 secs] 2333216K->2032396K(3106432K) icms_dc=75 , 0.1197460 secs] [Times: user=1.27 sys=0.16, real=0.12 secs] 
6344.261: [GC 6344.262: [ParNew: 352131K->29828K(353920K), 0.1418869 secs] 2347065K->2041330K(3106432K) icms_dc=75 , 0.1434085 secs] [Times: user=1.43 sys=0.07, real=0.14 secs] 
6344.423: [GC 6344.423: [ParNew: 30312K->28637K(353920K), 0.1144881 secs] 2041814K->2040139K(3106432K) icms_dc=89 , 0.1156117 secs] [Times: user=1.12 sys=0.19, real=0.13 secs] 
6345.391: [GC 6345.392: [ParNew: 343592K->39296K(353920K), 0.1032461 secs] 2355095K->2051244K(3106432K) icms_dc=89 , 0.1047743 secs] [Times: user=1.02 sys=0.02, real=0.11 secs] 
6345.514: [GC 6345.515: [ParNew: 39798K->20131K(353920K), 0.1010748 secs] 2051746K->2062194K(3106432K) icms_dc=89 , 0.1022442 secs] [Times: user=1.08 sys=0.03, real=0.10 secs] 
6346.458: [GC 6346.459: [ParNew: 334766K->31141K(353920K), 0.2255665 secs] 2376830K->2073204K(3106432K) icms_dc=89 , 0.2271589 secs] [Times: user=1.89 sys=0.40, real=0.23 secs] 
6346.703: [GC 6346.703: [ParNew: 31260K->4856K(353920K), 0.2450584 secs] 2073324K->2074941K(3106432K) icms_dc=89 , 0.2462013 secs] [Times: user=1.99 sys=0.44, real=0.25 secs] 
6347.847: [GC 6347.848: [ParNew: 319480K->22906K(353920K), 0.0600702 secs] 2389565K->2092991K(3106432K) icms_dc=89 , 0.0616820 secs] [Times: user=0.91 sys=0.02, real=0.06 secs] 
6348.712: [GC 6348.713: [ParNew: 337530K->28206K(353920K), 0.1235772 secs] 2407615K->2112201K(3106432K) icms_dc=89 , 0.1250888 secs] [Times: user=1.33 sys=0.08, real=0.13 secs] 
6349.706: [GC 6349.707: [ParNew: 342830K->22752K(353920K), 0.1338243 secs] 2426825K->2118158K(3106432K) icms_dc=89 , 0.1353765 secs] [Times: user=1.36 sys=0.14, real=0.14 secs] 
6350.778: [GC 6350.779: [ParNew: 337286K->38341K(353920K), 0.0763941 secs] 2432692K->2133747K(3106432K) icms_dc=89 , 0.0779886 secs] [Times: user=0.98 sys=0.02, real=0.08 secs] 
6351.655: [GC 6351.656: [ParNew: 352965K->30158K(353920K), 0.1249560 secs] 2448371K->2144826K(3106432K) icms_dc=89 , 0.1266837 secs] [Times: user=1.33 sys=0.05, real=0.13 secs] 
6352.645: [GC 6352.646: [ParNew: 344782K->33074K(353920K), 0.1224434 secs] 2459450K->2156924K(3106432K) icms_dc=89 , 0.1239584 secs] [Times: user=1.10 sys=0.02, real=0.12 secs] 
6353.580: [GC 6353.581: [ParNew: 347782K->32185K(353920K), 0.0950414 secs] 2471633K->2164275K(3106432K) icms_dc=89 , 0.0966161 secs] [Times: user=1.05 sys=0.02, real=0.10 secs] 
6353.694: [GC 6353.695: [ParNew: 32596K->12956K(353920K), 0.0679298 secs] 2164686K->2170319K(3106432K) icms_dc=89 , 0.0691152 secs] [Times: user=0.89 sys=0.03, real=0.07 secs] 
6354.853: [GC 6354.854: [ParNew: 327580K->22574K(353920K), 0.0604015 secs] 2484943K->2179938K(3106432K) icms_dc=89 , 0.0619147 secs] [Times: user=0.95 sys=0.03, real=0.06 secs] 
6355.696: [GC 6355.697: [ParNew: 337198K->28740K(353920K), 0.0868039 secs] 2494562K->2198711K(3106432K) icms_dc=89 , 0.0884225 secs] [Times: user=1.18 sys=0.02, real=0.09 secs] 
6357.000: [GC 6357.001: [ParNew: 343364K->27168K(353920K), 0.1206615 secs] 2513335K->2209310K(3106432K) icms_dc=89 , 0.1222059 secs] [Times: user=1.24 sys=0.07, real=0.12 secs] 
6357.945: [GC 6357.946: [ParNew: 341792K->30738K(353920K), 0.1946477 secs] 2523934K->2222441K(3106432K) icms_dc=89 , 0.1961680 secs] [Times: user=1.52 sys=0.12, real=0.20 secs] 
6358.991: [GC 6358.992: [ParNew: 345362K->27997K(353920K), 0.1495353 secs] 2537065K->2229781K(3106432K) icms_dc=89 , 0.1510483 secs] [Times: user=1.41 sys=0.17, real=0.15 secs] 
6359.342: [CMS-concurrent-mark: 12.776/18.700 secs] [Times: user=458.28 sys=15.81, real=18.70 secs] 
6359.343: [CMS-concurrent-preclean-start]
6359.911: [GC 6359.912: [ParNew: 342621K->39296K(353920K), 0.0887318 secs] 2544405K->2242962K(3106432K) icms_dc=89 , 0.0902760 secs] [Times: user=1.12 sys=0.05, real=0.09 secs] 
6360.718: [GC 6360.720: [ParNew: 353920K->30521K(353920K), 0.1163596 secs] 2557586K->2255610K(3106432K) icms_dc=89 , 0.1178857 secs] [Times: user=1.30 sys=0.03, real=0.12 secs] 
6361.599: [GC 6361.600: [ParNew: 345112K->36869K(353920K), 0.0678249 secs] 2570200K->2261958K(3106432K) icms_dc=89 , 0.0693902 secs] [Times: user=0.95 sys=0.02, real=0.07 secs] 
6362.615: [GC 6362.616: [ParNew: 351493K->29079K(353920K), 0.0871360 secs] 2576582K->2274312K(3106432K) icms_dc=89 , 0.0888315 secs] [Times: user=1.20 sys=0.02, real=0.09 secs] 
6363.534: [GC 6363.535: [ParNew: 343703K->39296K(353920K), 0.0760021 secs] 2588936K->2284564K(3106432K) icms_dc=89 , 0.0775690 secs] [Times: user=1.00 sys=0.02, real=0.08 secs] 
6364.483: [GC 6364.484: [ParNew: 353920K->27587K(353920K), 0.0935558 secs] 2599188K->2290292K(3106432K) icms_dc=89 , 0.0950851 secs] [Times: user=1.19 sys=0.02, real=0.10 secs] 
6365.359: [GC 6365.360: [ParNew: 342211K->37217K(353920K), 0.0641373 secs] 2604916K->2299923K(3106432K) icms_dc=89 , 0.0657065 secs] [Times: user=0.95 sys=0.02, real=0.07 secs] 
6366.251: [GC 6366.252: [ParNew: 351841K->32533K(353920K), 0.1170772 secs] 2614547K->2311844K(3106432K) icms_dc=89 , 0.1186184 secs] [Times: user=1.49 sys=0.05, real=0.12 secs] 
6367.287: [GC 6367.288: [ParNew: 347157K->29836K(353920K), 0.1524677 secs] 2626468K->2319880K(3106432K) icms_dc=89 , 0.1540211 secs] [Times: user=1.52 sys=0.20, real=0.15 secs] 
6368.254: [GC 6368.255: [ParNew: 344493K->39296K(353920K), 0.0787587 secs] 2634536K->2330699K(3106432K) icms_dc=89 , 0.0803059 secs] [Times: user=0.99 sys=0.03, real=0.08 secs] 
6369.081: [CMS-concurrent-preclean: 7.066/9.738 secs] [Times: user=254.91 sys=9.04, real=9.74 secs] 
6369.083: [CMS-concurrent-abortable-preclean-start]
6369.227: [GC 6369.229: [ParNew: 353610K->39296K(353920K), 0.1035142 secs] 2645013K->2340388K(3106432K) icms_dc=89 , 0.1052032 secs] [Times: user=1.30 sys=0.03, real=0.11 secs] 
6370.281: [GC 6370.282: [ParNew: 353920K->39296K(353920K), 0.1285151 secs] 2655012K->2349251K(3106432K) icms_dc=89 , 0.1301638 secs] [Times: user=1.39 sys=0.10, real=0.13 secs] 
6370.474: [CMS-concurrent-abortable-preclean: 0.846/1.392 secs] [Times: user=33.29 sys=1.28, real=1.39 secs] 
6370.495: [GC[YG occupancy: 64898 K (353920 K)]6370.496: [Rescan (parallel) , 0.0909298 secs]6370.587: [weak refs processing, 0.0300318 secs] [1 CMS-remark: 2309955K(2752512K)] 2374853K(3106432K), 0.1252262 secs] [Times: user=1.62 sys=0.03, real=0.13 secs] 
6370.622: [CMS-concurrent-sweep-start]
6371.475: [GC 6371.477: [ParNew: 353920K->39224K(353920K), 0.1203439 secs] 2663716K->2356357K(3106432K) icms_dc=89 , 0.1220366 secs] [Times: user=1.20 sys=0.02, real=0.12 secs] 
6372.428: [GC 6372.430: [ParNew: 353919K->39296K(353920K), 0.1812952 secs] 2670629K->2363597K(3106432K) icms_dc=89 , 0.1830760 secs] [Times: user=1.37 sys=0.06, real=0.18 secs] 
6373.389: [GC 6373.390: [ParNew: 353920K->39140K(353920K), 0.1031334 secs] 2677872K->2370948K(3106432K) icms_dc=89 , 0.1046860 secs] [Times: user=1.26 sys=0.03, real=0.11 secs] 
6374.267: [GC 6374.268: [ParNew: 353764K->38157K(353920K), 0.0957929 secs] 2684728K->2376801K(3106432K) icms_dc=89 , 0.0973268 secs] [Times: user=1.20 sys=0.02, real=0.10 secs] 
6375.083: [GC 6375.084: [ParNew: 352781K->39296K(353920K), 0.1885319 secs] 2690515K->2386332K(3106432K) icms_dc=89 , 0.1900434 secs] [Times: user=1.76 sys=0.27, real=0.19 secs] 
6376.139: [GC 6376.140: [ParNew: 353920K->39296K(353920K), 0.1542835 secs] 2698961K->2393223K(3106432K) icms_dc=89 , 0.1557853 secs] [Times: user=1.60 sys=0.19, real=0.16 secs] 
6377.105: [GC 6377.106: [ParNew: 353886K->37295K(353920K), 0.0792403 secs] 2703685K->2394685K(3106432K) icms_dc=89 , 0.0809781 secs] [Times: user=1.19 sys=0.03, real=0.08 secs] 
6378.132: [GC 6378.133: [ParNew: 351919K->36646K(353920K), 0.2732258 secs] 2704873K->2406163K(3106432K) icms_dc=89 , 0.2748276 secs] [Times: user=2.25 sys=0.48, real=0.28 secs] 
6379.280: [GC 6379.281: [ParNew: 351270K->30130K(353920K), 0.0896069 secs] 2719045K->2409521K(3106432K) icms_dc=89 , 0.0911578 secs] [Times: user=1.12 sys=0.02, real=0.09 secs] 
6380.240: [GC 6380.241: [ParNew: 344755K->36895K(353920K), 0.0941708 secs] 2718547K->2410687K(3106432K) icms_dc=89 , 0.0957405 secs] [Times: user=1.15 sys=0.03, real=0.10 secs] 
6381.098: [GC 6381.099: [ParNew: 351519K->34358K(353920K), 0.1387497 secs] 2722415K->2422463K(3106432K) icms_dc=89 , 0.1403184 secs] [Times: user=1.38 sys=0.06, real=0.14 secs] 
6382.015: [GC 6382.016: [ParNew: 348982K->36243K(353920K), 0.0869041 secs] 2729283K->2416544K(3106432K) icms_dc=89 , 0.0885376 secs] [Times: user=1.07 sys=0.02, real=0.09 secs] 
6382.860: [GC 6382.861: [ParNew: 350867K->33101K(353920K), 0.1482962 secs] 2724768K->2425176K(3106432K) icms_dc=89 , 0.1500025 secs] [Times: user=1.53 sys=0.05, real=0.16 secs] 
6383.842: [GC 6383.843: [ParNew: 347725K->30799K(353920K), 0.1621007 secs] 2732973K->2425081K(3106432K) icms_dc=89 , 0.1639079 secs] [Times: user=1.54 sys=0.10, real=0.16 secs] 
6384.798: [GC 6384.799: [ParNew: 345423K->36831K(353920K), 0.1262806 secs] 2738327K->2429735K(3106432K) icms_dc=89 , 0.1278123 secs] [Times: user=1.22 sys=0.07, real=0.13 secs] 
6385.784: [GC 6385.785: [ParNew: 352036K->30163K(353920K), 0.1844948 secs] 2742436K->2437690K(3106432K) icms_dc=89 , 0.1860172 secs] [Times: user=1.71 sys=0.23, real=0.19 secs] 
6385.989: [GC 6385.989: [ParNew: 30536K->6601K(353920K), 0.0803906 secs] 2438063K->2435843K(3106432K) icms_dc=89 , 0.0815838 secs] [Times: user=0.94 sys=0.03, real=0.08 secs] 
6386.962: [GC 6386.963: [ParNew: 321225K->25115K(353920K), 0.1164090 secs] 2746584K->2450474K(3106432K) icms_dc=89 , 0.1180769 secs] [Times: user=1.26 sys=0.12, real=0.12 secs] 
6387.098: [GC 6387.099: [ParNew: 25766K->10332K(353920K), 0.1057780 secs] 2451125K->2457976K(3106432K) icms_dc=89 , 0.1069711 secs] [Times: user=1.18 sys=0.06, real=0.11 secs] 
6388.033: [GC 6388.034: [ParNew: 324956K->23661K(353920K), 0.1059403 secs] 2766616K->2465321K(3106432K) icms_dc=89 , 0.1074984 secs] [Times: user=0.94 sys=0.01, real=0.11 secs] 
6388.888: [GC 6388.889: [ParNew: 338285K->25217K(353920K), 0.1074091 secs] 2757598K->2457252K(3106432K) icms_dc=89 , 0.1089553 secs] [Times: user=1.22 sys=0.02, real=0.11 secs] 
6389.880: [GC 6389.881: [ParNew: 339841K->37914K(353920K), 0.1417826 secs] 2684509K->2382582K(3106432K) icms_dc=89 , 0.1433591 secs] [Times: user=1.38 sys=0.15, real=0.14 secs] 
6390.856: [GC 6390.857: [ParNew: 352538K->35489K(353920K), 0.1308107 secs] 2641693K->2345873K(3106432K) icms_dc=89 , 0.1324080 secs] [Times: user=1.54 sys=0.06, real=0.13 secs] 
6391.855: [GC 6391.856: [ParNew: 350113K->31749K(353920K), 0.0802991 secs] 2614732K->2304663K(3106432K) icms_dc=89 , 0.0818898 secs] [Times: user=1.04 sys=0.02, real=0.08 secs] 
6392.842: [GC 6392.843: [ParNew: 346439K->36309K(353920K), 0.1069982 secs] 2578058K->2278335K(3106432K) icms_dc=89 , 0.1086012 secs] [Times: user=1.32 sys=0.04, real=0.11 secs] 
6392.970: [GC 6392.970: [ParNew: 36559K->8649K(353920K), 0.0779625 secs] 2278585K->2276123K(3106432K) icms_dc=89 , 0.0792488 secs] [Times: user=0.98 sys=0.02, real=0.08 secs] 
6393.944: [GC 6393.945: [ParNew: 323273K->25664K(353920K), 0.0842424 secs] 2527242K->2229633K(3106432K) icms_dc=89 , 0.0858378 secs] [Times: user=1.02 sys=0.04, real=0.09 secs] 
6394.841: [GC 6394.842: [ParNew: 340288K->25081K(353920K), 0.1063335 secs] 2490905K->2187105K(3106432K) icms_dc=89 , 0.1079431 secs] [Times: user=1.25 sys=0.05, real=0.11 secs] 
6395.828: [GC 6395.829: [ParNew: 339297K->38260K(353920K), 0.1314416 secs] 2487649K->2186612K(3106432K) icms_dc=89 , 0.1329582 secs] [Times: user=1.38 sys=0.20, real=0.13 secs] 
6396.734: [GC 6396.735: [ParNew: 352884K->28470K(353920K), 0.1381546 secs] 2491642K->2185604K(3106432K) icms_dc=89 , 0.1397990 secs] [Times: user=1.49 sys=0.13, real=0.14 secs] 
6397.651: [GC 6397.652: [ParNew: 343094K->34541K(353920K), 0.1988423 secs] 2493893K->2185339K(3106432K) icms_dc=89 , 0.2004781 secs] [Times: user=1.12 sys=0.02, real=0.20 secs] 
6398.996: [GC 6398.997: [ParNew: 349207K->39296K(353920K), 0.1702187 secs] 2482027K->2179415K(3106432K) icms_dc=89 , 0.1717765 secs] [Times: user=1.42 sys=0.14, real=0.17 secs] 
6399.187: [GC 6399.187: [ParNew: 39782K->11372K(353920K), 0.1867820 secs] 2179901K->2182223K(3106432K) icms_dc=89 , 0.1879249 secs] [Times: user=1.57 sys=0.27, real=0.19 secs] 
6400.623: [GC 6400.624: [ParNew: 325996K->25097K(353920K), 0.0799951 secs] 2379903K->2079004K(3106432K) icms_dc=89 , 0.0817227 secs] [Times: user=0.98 sys=0.03, real=0.08 secs] 
6401.089: [CMS-concurrent-sweep: 21.259/30.467 secs] [Times: user=734.32 sys=26.25, real=30.47 secs] 
6401.090: [CMS-concurrent-reset-start]
6401.137: [CMS-concurrent-reset: 0.029/0.047 secs] [Times: user=0.99 sys=0.04, real=0.05 secs] 
6401.561: [GC 6401.562: [ParNew: 339739K->28046K(353920K), 0.1430673 secs] 2350722K->2053288K(3106432K) icms_dc=67 , 0.1446285 secs] [Times: user=1.41 sys=0.10, real=0.15 secs] 
6401.860: [GC [1 CMS-initial-mark: 2025241K(2752512K)] 2105346K(3106432K), 0.5321176 secs] [Times: user=0.54 sys=0.00, real=0.53 secs] 
6402.394: [CMS-concurrent-mark-start]
6403.120: [GC 6403.121: [ParNew: 342880K->38342K(353920K), 0.0933134 secs] 2368122K->2063584K(3106432K) icms_dc=67 , 0.0949074 secs] [Times: user=1.13 sys=0.07, real=0.10 secs] 
6403.238: [GC 6403.238: [ParNew: 38839K->27041K(353920K), 0.0667994 secs] 2064081K->2063497K(3106432K) icms_dc=67 , 0.0680528 secs] [Times: user=1.00 sys=0.02, real=0.07 secs] 
6404.333: [GC 6404.334: [ParNew: 341815K->36324K(353920K), 0.0823804 secs] 2378271K->2072780K(3106432K) icms_dc=67 , 0.0839296 secs] [Times: user=0.95 sys=0.02, real=0.08 secs] 
6404.566: [GC 6404.567: [ParNew: 37204K->33993K(353920K), 0.1011184 secs] 2073660K->2079238K(3106432K) icms_dc=67 , 0.1023715 secs] [Times: user=1.15 sys=0.07, real=0.10 secs] 
6405.650: [GC 6405.651: [ParNew: 348617K->38517K(353920K), 0.0839353 secs] 2393862K->2083761K(3106432K) icms_dc=67 , 0.0855105 secs] [Times: user=1.02 sys=0.03, real=0.09 secs] 
6406.608: [GC 6406.610: [ParNew: 353141K->27716K(353920K), 0.2621002 secs] 2398385K->2091742K(3106432K) icms_dc=67 , 0.2637012 secs] [Times: user=2.38 sys=0.40, real=0.26 secs] 
6407.704: [GC 6407.705: [ParNew: 342340K->32730K(353920K), 0.1749637 secs] 2406366K->2096756K(3106432K) icms_dc=67 , 0.1765346 secs] [Times: user=1.63 sys=0.22, real=0.18 secs] 
6408.805: [GC 6408.807: [ParNew: 347354K->39296K(353920K), 0.1770801 secs] 2411380K->2112307K(3106432K) icms_dc=67 , 0.1786634 secs] [Times: user=1.65 sys=0.22, real=0.18 secs] 
6409.793: [GC 6409.794: [ParNew: 353920K->39184K(353920K), 0.1138261 secs] 2426931K->2119691K(3106432K) icms_dc=67 , 0.1153630 secs] [Times: user=1.22 sys=0.03, real=0.12 secs] 
6410.664: [GC 6410.665: [ParNew: 353640K->39296K(353920K), 0.1322923 secs] 2434147K->2129096K(3106432K) icms_dc=67 , 0.1338003 secs] [Times: user=1.46 sys=0.12, real=0.13 secs] 
6411.596: [GC 6411.597: [ParNew: 353920K->38100K(353920K), 0.1831688 secs] 2443823K->2147334K(3106432K) icms_dc=75 , 0.1847040 secs] [Times: user=1.81 sys=0.16, real=0.19 secs] 
6411.801: [GC 6411.801: [ParNew: 38724K->15856K(353920K), 0.0887929 secs] 2147959K->2149361K(3106432K) icms_dc=93 , 0.0899542 secs] [Times: user=1.02 sys=0.04, real=0.09 secs] 
6412.726: [GC 6412.727: [ParNew: 330480K->26745K(353920K), 0.1148594 secs] 2463985K->2160250K(3106432K) icms_dc=93 , 0.1165286 secs] [Times: user=1.25 sys=0.12, real=0.12 secs] 
6413.769: [GC 6413.770: [ParNew: 341632K->28420K(353920K), 0.1307203 secs] 2475137K->2174636K(3106432K) icms_dc=93 , 0.1322485 secs] [Times: user=1.12 sys=0.02, real=0.13 secs] 
6413.921: [GC 6413.922: [ParNew: 29833K->15883K(353920K), 0.0786446 secs] 2176049K->2183889K(3106432K) icms_dc=98 , 0.0798088 secs] [Times: user=0.97 sys=0.03, real=0.08 secs] 
6414.854: [GC 6414.855: [ParNew: 331876K->31319K(353920K), 0.1335743 secs] 2499882K->2199325K(3106432K) icms_dc=98 , 0.1353504 secs] [Times: user=1.02 sys=0.02, real=0.14 secs] 
6415.008: [GC 6415.009: [ParNew: 32121K->7545K(353920K), 0.1325316 secs] 2200127K->2203942K(3106432K) icms_dc=98 , 0.1337487 secs] [Times: user=1.08 sys=0.02, real=0.13 secs] 
6416.043: [GC 6416.044: [ParNew: 322197K->28337K(353920K), 0.0798146 secs] 2518593K->2224733K(3106432K) icms_dc=98 , 0.0814010 secs] [Times: user=1.01 sys=0.02, real=0.08 secs] 
6416.143: [GC 6416.144: [ParNew: 28484K->4161K(353920K), 0.0849890 secs] 2224880K->2227097K(3106432K) icms_dc=98 , 0.0862401 secs] [Times: user=1.12 sys=0.03, real=0.09 secs] 
6417.120: [GC 6417.121: [ParNew: 318842K->21821K(353920K), 0.1088368 secs] 2541778K->2244757K(3106432K) icms_dc=98 , 0.1103360 secs] [Times: user=0.97 sys=0.02, real=0.11 secs] 
6417.273: [GC 6417.274: [ParNew: 33295K->10862K(353920K), 0.0855143 secs] 2256231K->2252646K(3106432K) icms_dc=98 , 0.0867096 secs] [Times: user=1.01 sys=0.02, real=0.09 secs] 
6418.283: [GC 6418.284: [ParNew: 325879K->23907K(353920K), 0.0863737 secs] 2567664K->2265692K(3106432K) icms_dc=98 , 0.1007511 secs] [Times: user=1.01 sys=0.05, real=0.10 secs] 
6418.403: [GC 6418.404: [ParNew: 23967K->4686K(353920K), 0.0859092 secs] 2265751K->2268965K(3106432K) icms_dc=98 , 0.0870693 secs] [Times: user=1.00 sys=0.02, real=0.09 secs] 
6419.341: [GC 6419.342: [ParNew: 319310K->29396K(353920K), 0.1008417 secs] 2583589K->2293674K(3106432K) icms_dc=98 , 0.1024138 secs] [Times: user=1.21 sys=0.11, real=0.10 secs] 
6420.337: [GC 6420.338: [ParNew: 344020K->27125K(353920K), 0.1328351 secs] 2608298K->2304826K(3106432K) icms_dc=98 , 0.1347019 secs] [Times: user=1.53 sys=0.11, real=0.14 secs] 
6421.381: [GC 6421.382: [ParNew: 341749K->25957K(353920K), 0.1166311 secs] 2619450K->2313141K(3106432K) icms_dc=98 , 0.1181741 secs] [Times: user=1.20 sys=0.06, real=0.12 secs] 
6422.368: [GC 6422.369: [ParNew: 340677K->30403K(353920K), 0.0814200 secs] 2627861K->2326890K(3106432K) icms_dc=98 , 0.0829427 secs] [Times: user=1.10 sys=0.02, real=0.08 secs] 
6422.470: [GC 6422.470: [ParNew: 30821K->14713K(353920K), 0.0749998 secs] 2327309K->2336991K(3106432K) icms_dc=98 , 0.0761625 secs] [Times: user=0.92 sys=0.02, real=0.08 secs] 
6423.537: [GC 6423.538: [ParNew: 329337K->18821K(353920K), 0.0838815 secs] 2651615K->2341099K(3106432K) icms_dc=98 , 0.0854548 secs] [Times: user=1.00 sys=0.04, real=0.09 secs] 
6423.714: [CMS-concurrent-mark: 14.225/21.320 secs] [Times: user=512.44 sys=17.58, real=21.32 secs] 
6423.715: [CMS-concurrent-preclean-start]
6424.469: [GC 6424.470: [ParNew: 333576K->39108K(353920K), 0.0739092 secs] 2655854K->2361386K(3106432K) icms_dc=98 , 0.0754432 secs] [Times: user=1.08 sys=0.02, real=0.08 secs] 
6424.563: [GC 6424.564: [ParNew: 39506K->19283K(353920K), 0.1190373 secs] 2361784K->2375436K(3106432K) icms_dc=98 , 0.1201986 secs] [Times: user=1.32 sys=0.06, real=0.12 secs] 
6425.976: [GC 6425.977: [ParNew: 333907K->23486K(353920K), 0.1494880 secs] 2690060K->2379639K(3106432K) icms_dc=98 , 0.1511010 secs] [Times: user=1.31 sys=0.19, real=0.15 secs] 
6427.055: [GC 6427.056: [ParNew: 338110K->24511K(353920K), 0.1682954 secs] 2694263K->2392216K(3106432K) icms_dc=98 , 0.1699207 secs] [Times: user=1.65 sys=0.21, real=0.17 secs] 
6428.277: [GC 6428.278: [ParNew: 339368K->34406K(353920K), 0.0551277 secs] 2707073K->2402111K(3106432K) icms_dc=98 , 0.0567127 secs] [Times: user=0.90 sys=0.01, real=0.06 secs] 
6428.352: [GC 6428.353: [ParNew: 34679K->29014K(353920K), 0.0773711 secs] 2402384K->2406621K(3106432K) icms_dc=98 , 0.0785567 secs] [Times: user=1.04 sys=0.04, real=0.08 secs] 
6429.357: [GC 6429.359: [ParNew: 343638K->36047K(353920K), 0.0765957 secs] 2721245K->2413653K(3106432K) icms_dc=98 , 0.0781850 secs] [Times: user=1.05 sys=0.04, real=0.08 secs] 
6430.259: [GC 6430.260: [ParNew: 350671K->39296K(353920K), 0.1792028 secs] 2728277K->2426010K(3106432K) icms_dc=98 , 0.1808270 secs] [Times: user=1.63 sys=0.15, real=0.18 secs] 
6431.275: [GC 6431.277: [ParNew: 353920K->30720K(353920K), 0.1457519 secs] 2740634K->2433452K(3106432K) icms_dc=98 , 0.1474193 secs] [Times: user=1.27 sys=0.03, real=0.15 secs] 
6432.271: [GC 6432.272: [ParNew: 345344K->31982K(353920K), 0.1228360 secs] 2748076K->2434715K(3106432K) icms_dc=98 , 0.1244050 secs] [Times: user=1.32 sys=0.15, real=0.13 secs] 
6433.080: [GC 6433.081: [ParNew: 346606K->38677K(353920K), 0.0916795 secs] 2749339K->2447709K(3106432K) icms_dc=98 , 0.0932282 secs] [Times: user=1.23 sys=0.03, real=0.09 secs] 
6434.261: [GC 6434.262: [ParNew: 353301K->36305K(353920K), 0.1035887 secs] 2762333K->2456099K(3106432K) icms_dc=98 , 0.1051385 secs] [Times: user=1.23 sys=0.03, real=0.11 secs] 
6435.083: [GC 6435.084: [ParNew: 350929K->39296K(353920K), 0.1215851 secs] 2770723K->2467592K(3106432K) icms_dc=98 , 0.1231015 secs] [Times: user=1.27 sys=0.04, real=0.12 secs] 
6436.039: [GC 6436.040: [ParNew: 353920K->39296K(353920K), 0.1278263 secs] 2782216K->2476065K(3106432K) icms_dc=98 , 0.1294338 secs] [Times: user=1.29 sys=0.05, real=0.13 secs] 
6436.971: [GC 6436.972: [ParNew: 353920K->39296K(353920K), 0.1970815 secs] 2790689K->2486778K(3106432K) icms_dc=98 , 0.1987900 secs] [Times: user=1.99 sys=0.24, real=0.20 secs] 
6437.424: [CMS-concurrent-preclean: 9.650/13.708 secs] [Times: user=319.74 sys=12.73, real=13.71 secs] 
6437.425: [CMS-concurrent-abortable-preclean-start]
6437.982: [GC 6437.983: [ParNew: 353920K->39296K(353920K), 0.1144898 secs] 2801402K->2505017K(3106432K) icms_dc=100 , 0.1160507 secs] [Times: user=1.37 sys=0.03, real=0.12 secs] 
6438.957: [CMS-concurrent-abortable-preclean: 1.269/1.532 secs] [Times: user=41.50 sys=1.32, real=1.53 secs] 
6438.975: [GC[YG occupancy: 353920 K (353920 K)]6438.976: [Rescan (parallel) , 0.4955126 secs]6439.471: [weak refs processing, 0.0358777 secs] [1 CMS-remark: 2465747K(2752512K)] 2819667K(3106432K), 0.5374931 secs] [Times: user=4.87 sys=0.96, real=0.54 secs] 
6439.514: [CMS-concurrent-sweep-start]
6439.533: [GC 6439.534: [ParNew: 353920K->30572K(353920K), 0.0806900 secs] 2819683K->2507384K(3106432K) icms_dc=100 , 0.0822502 secs] [Times: user=1.12 sys=0.02, real=0.08 secs] 
6439.685: [GC 6439.686: [ParNew: 57283K->20254K(353920K), 0.1143680 secs] 2534093K->2515449K(3106432K) icms_dc=100 , 0.1156352 secs] [Times: user=1.18 sys=0.09, real=0.12 secs] 
6440.586: [GC 6440.587: [ParNew: 335604K->25257K(353920K), 0.0714579 secs] 2830672K->2520325K(3106432K) icms_dc=100 , 0.0730134 secs] [Times: user=0.99 sys=0.02, real=0.07 secs] 
6440.677: [GC 6440.678: [ParNew: 25686K->27436K(353920K), 0.0863372 secs] 2520753K->2525154K(3106432K) icms_dc=100 , 0.0874858 secs] [Times: user=1.03 sys=0.06, real=0.09 secs] 
6441.569: [GC 6441.570: [ParNew: 342060K->39296K(353920K), 0.2741888 secs] 2839155K->2537834K(3106432K) icms_dc=100 , 0.2757253 secs] [Times: user=2.09 sys=0.45, real=0.28 secs] 
6442.707: [GC 6442.708: [ParNew: 353920K->32159K(353920K), 0.1198871 secs] 2851935K->2551344K(3106432K) icms_dc=100 , 0.1215763 secs] [Times: user=1.48 sys=0.04, real=0.12 secs] 
6443.627: [GC 6443.628: [ParNew: 346983K->38286K(353920K), 0.1054825 secs] 2865800K->2557103K(3106432K) icms_dc=100 , 0.1070028 secs] [Times: user=1.06 sys=0.03, real=0.11 secs] 
6443.753: [GC 6443.754: [ParNew: 38395K->8017K(353920K), 0.1135434 secs] 2557212K->2560624K(3106432K) icms_dc=100 , 0.1147293 secs] [Times: user=1.14 sys=0.04, real=0.12 secs] 
6444.743: [GC 6444.744: [ParNew: 322641K->22958K(353920K), 0.0892722 secs] 2873981K->2574297K(3106432K) icms_dc=100 , 0.0908677 secs] [Times: user=0.99 sys=0.02, real=0.09 secs] 
6445.728: [GC 6445.729: [ParNew: 337568K->27131K(353920K), 0.0974411 secs] 2886023K->2587915K(3106432K) icms_dc=100 , 0.0990140 secs] [Times: user=1.15 sys=0.02, real=0.10 secs] 
6446.789: [GC 6446.790: [ParNew: 341722K->33296K(353920K), 0.0896909 secs] 2896556K->2599383K(3106432K) icms_dc=100 , 0.0913606 secs] [Times: user=1.16 sys=0.03, real=0.09 secs] 
6447.751: [GC 6447.752: [ParNew: 348936K->37197K(353920K), 0.2431898 secs] 2912046K->2611549K(3106432K) icms_dc=100 , 0.2447602 secs] [Times: user=2.06 sys=0.31, real=0.25 secs] 
6448.890: [GC 6448.891: [ParNew: 351821K->29615K(353920K), 0.1171564 secs] 2921231K->2609264K(3106432K) icms_dc=100 , 0.1189744 secs] [Times: user=1.34 sys=0.03, real=0.12 secs] 
6449.823: [GC 6449.824: [ParNew: 344239K->38728K(353920K), 0.1201043 secs] 2919814K->2614302K(3106432K) icms_dc=100 , 0.1216335 secs] [Times: user=1.28 sys=0.12, real=0.12 secs] 
6450.697: [GC 6450.699: [ParNew: 353352K->30636K(353920K), 0.1353375 secs] 2923990K->2620430K(3106432K) icms_dc=100 , 0.1369842 secs] [Times: user=1.35 sys=0.03, real=0.14 secs] 
6451.685: [GC 6451.687: [ParNew: 345076K->36709K(353920K), 0.1597843 secs] 2922809K->2614442K(3106432K) icms_dc=100 , 0.1615137 secs] [Times: user=1.53 sys=0.21, real=0.16 secs] 
6452.636: [GC 6452.637: [ParNew: 351333K->30257K(353920K), 0.2129009 secs] 2920988K->2618612K(3106432K) icms_dc=100 , 0.2144671 secs] [Times: user=1.69 sys=0.20, real=0.22 secs] 
6453.686: [GC 6453.687: [ParNew: 345112K->26186K(353920K), 0.1064657 secs] 2929712K->2619896K(3106432K) icms_dc=100 , 0.1080583 secs] [Times: user=1.23 sys=0.07, real=0.11 secs] 
6453.814: [GC 6453.814: [ParNew: 26475K->28572K(353920K), 0.0473156 secs] 2620184K->2622281K(3106432K) icms_dc=100 , 0.0700093 secs] [Times: user=0.77 sys=0.02, real=0.07 secs] 
6454.742: [GC 6454.744: [ParNew: 343196K->38014K(353920K), 0.0718948 secs] 2931132K->2625949K(3106432K) icms_dc=100 , 0.0737402 secs] [Times: user=1.06 sys=0.02, real=0.07 secs] 
6455.619: [GC 6455.620: [ParNew: 352638K->29119K(353920K), 0.1341670 secs] 2923677K->2619098K(3106432K) icms_dc=100 , 0.1357266 secs] [Times: user=1.45 sys=0.08, real=0.14 secs] 
6456.532: [GC 6456.533: [ParNew: 343743K->30075K(353920K), 0.0878536 secs] 2890463K->2576796K(3106432K) icms_dc=100 , 0.0893740 secs] [Times: user=1.10 sys=0.08, real=0.09 secs] 
6457.461: [GC 6457.463: [ParNew: 344900K->39296K(353920K), 0.1152632 secs] 2852530K->2555681K(3106432K) icms_dc=100 , 0.1168216 secs] [Times: user=1.18 sys=0.05, real=0.12 secs] 
6457.598: [GC 6457.598: [ParNew: 39682K->17341K(353920K), 0.1199626 secs] 2556061K->2561693K(3106432K) icms_dc=100 , 0.1211254 secs] [Times: user=1.07 sys=0.04, real=0.12 secs] 
6458.565: [GC 6458.566: [ParNew: 331965K->23634K(353920K), 0.1137218 secs] 2825640K->2517308K(3106432K) icms_dc=100 , 0.1152425 secs] [Times: user=1.20 sys=0.14, real=0.12 secs] 
6459.506: [GC 6459.507: [ParNew: 338258K->29296K(353920K), 0.1004739 secs] 2787093K->2490355K(3106432K) icms_dc=100 , 0.1020767 secs] [Times: user=1.21 sys=0.02, real=0.10 secs] 
6460.455: [GC 6460.456: [ParNew: 344244K->37708K(353920K), 0.1977653 secs] 2763879K->2467840K(3106432K) icms_dc=100 , 0.1993260 secs] [Times: user=1.48 sys=0.09, real=0.20 secs] 
6460.676: [GC 6460.677: [ParNew: 39742K->20013K(353920K), 0.2532208 secs] 2469728K->2476785K(3106432K) icms_dc=100 , 0.2544882 secs] [Times: user=1.36 sys=0.14, real=0.26 secs] 
6461.810: [GC 6461.811: [ParNew: 334637K->25105K(353920K), 0.0939289 secs] 2743291K->2433759K(3106432K) icms_dc=100 , 0.0955167 secs] [Times: user=0.98 sys=0.02, real=0.10 secs] 
6462.752: [GC 6462.754: [ParNew: 339729K->27479K(353920K), 0.0997317 secs] 2676174K->2376918K(3106432K) icms_dc=100 , 0.1012905 secs] [Times: user=1.27 sys=0.02, real=0.10 secs] 
6463.677: [GC 6463.678: [ParNew: 342103K->26203K(353920K), 0.1462183 secs] 2615354K->2310728K(3106432K) icms_dc=100 , 0.1477560 secs] [Times: user=1.54 sys=0.18, real=0.15 secs] 
6464.561: [GC 6464.562: [ParNew: 340827K->37830K(353920K), 0.1025368 secs] 2546041K->2243044K(3106432K) icms_dc=100 , 0.1040834 secs] [Times: user=1.11 sys=0.07, real=0.10 secs] 
6465.499: [GC 6465.500: [ParNew: 352454K->27890K(353920K), 0.1050551 secs] 2469210K->2164916K(3106432K) icms_dc=100 , 0.1065953 secs] [Times: user=1.33 sys=0.03, real=0.11 secs] 
6466.340: [CMS-concurrent-sweep: 21.385/26.826 secs] [Times: user=655.55 sys=24.89, real=26.83 secs] 
6466.341: [CMS-concurrent-reset-start]
6466.370: [CMS-concurrent-reset: 0.028/0.028 secs] [Times: user=0.89 sys=0.04, real=0.03 secs] 
6466.546: [GC 6466.547: [ParNew: 342514K->39296K(353920K), 0.1521865 secs] 2470901K->2168425K(3106432K) icms_dc=75 , 0.1538121 secs] [Times: user=1.53 sys=0.24, real=0.15 secs] 
6466.796: [GC [1 CMS-initial-mark: 2129129K(2752512K)] 2207898K(3106432K), 0.5252674 secs] [Times: user=0.52 sys=0.01, real=0.53 secs] 
6467.323: [CMS-concurrent-mark-start]
6468.148: [GC 6468.149: [ParNew: 353920K->31739K(353920K), 0.0990629 secs] 2483090K->2179828K(3106432K) icms_dc=75 , 0.1005857 secs] [Times: user=1.30 sys=0.02, real=0.10 secs] 
6469.444: [GC 6469.445: [ParNew: 348563K->38002K(353920K), 0.0777192 secs] 2496652K->2186090K(3106432K) icms_dc=75 , 0.0792932 secs] [Times: user=1.06 sys=0.04, real=0.08 secs] 
6470.433: [GC 6470.435: [ParNew: 352626K->32213K(353920K), 0.0941376 secs] 2500714K->2196898K(3106432K) icms_dc=83 , 0.0956672 secs] [Times: user=1.24 sys=0.02, real=0.10 secs] 
6471.468: [GC 6471.469: [ParNew: 346837K->28778K(353920K), 0.1062268 secs] 2511522K->2203418K(3106432K) icms_dc=84 , 0.1078297 secs] [Times: user=1.26 sys=0.05, real=0.11 secs] 
6472.279: [GC 6472.280: [ParNew: 343384K->37968K(353920K), 0.0779589 secs] 2518024K->2212608K(3106432K) icms_dc=84 , 0.0794967 secs] [Times: user=1.01 sys=0.02, real=0.08 secs] 
6473.113: [GC 6473.114: [ParNew: 352592K->35472K(353920K), 0.1101309 secs] 2527232K->2228944K(3106432K) icms_dc=100 , 0.1116838 secs] [Times: user=1.42 sys=0.05, real=0.11 secs] 
6474.119: [GC 6474.120: [ParNew: 350096K->38055K(353920K), 0.0637770 secs] 2543568K->2231528K(3106432K) icms_dc=100 , 0.0653224 secs] [Times: user=0.98 sys=0.01, real=0.07 secs] 
6475.056: [GC 6475.057: [ParNew: 352679K->31113K(353920K), 0.1008785 secs] 2546152K->2242944K(3106432K) icms_dc=100 , 0.1024131 secs] [Times: user=1.28 sys=0.02, real=0.10 secs] 
6476.033: [GC 6476.034: [ParNew: 345737K->34404K(353920K), 0.0697050 secs] 2557568K->2246234K(3106432K) icms_dc=100 , 0.0713504 secs] [Times: user=0.96 sys=0.01, real=0.07 secs] 
6477.363: [GC 6477.364: [ParNew: 349108K->30026K(353920K), 0.1551600 secs] 2560938K->2258799K(3106432K) icms_dc=100 , 0.1566994 secs] [Times: user=1.64 sys=0.13, real=0.16 secs] 
6477.540: [GC 6477.541: [ParNew: 30773K->16258K(353920K), 0.0764159 secs] 2259546K->2265407K(3106432K) icms_dc=100 , 0.0776422 secs] [Times: user=0.96 sys=0.02, real=0.08 secs] 
6478.439: [GC 6478.440: [ParNew: 330882K->25926K(353920K), 0.0828063 secs] 2580031K->2275075K(3106432K) icms_dc=100 , 0.0844400 secs] [Times: user=1.08 sys=0.07, real=0.09 secs] 
6479.463: [GC 6479.464: [ParNew: 340550K->25976K(353920K), 0.0866385 secs] 2589699K->2288573K(3106432K) icms_dc=100 , 0.0882625 secs] [Times: user=1.15 sys=0.03, real=0.09 secs] 
6480.663: [GC 6480.664: [ParNew: 340600K->30434K(353920K), 0.0906743 secs] 2603197K->2302626K(3106432K) icms_dc=100 , 0.0921503 secs] [Times: user=1.19 sys=0.03, real=0.09 secs] 
6481.635: [GC 6481.636: [ParNew: 345058K->27796K(353920K), 0.1429608 secs] 2617250K->2312851K(3106432K) icms_dc=100 , 0.1445092 secs] [Times: user=1.46 sys=0.12, real=0.15 secs] 
6482.838: [GC 6482.839: [ParNew: 342829K->38912K(353920K), 0.1241006 secs] 2627884K->2323967K(3106432K) icms_dc=100 , 0.1257364 secs] [Times: user=1.33 sys=0.14, real=0.13 secs] 
6482.985: [GC 6482.986: [ParNew: 39334K->19297K(353920K), 0.1018627 secs] 2324389K->2335975K(3106432K) icms_dc=100 , 0.1030906 secs] [Times: user=1.15 sys=0.03, real=0.10 secs] 
6483.948: [GC 6483.949: [ParNew: 334243K->23224K(353920K), 0.0995552 secs] 2650921K->2339902K(3106432K) icms_dc=100 , 0.1010556 secs] [Times: user=0.99 sys=0.03, real=0.10 secs] 
6484.094: [GC 6484.095: [ParNew: 36123K->27361K(353920K), 0.0586314 secs] 2352801K->2344039K(3106432K) icms_dc=100 , 0.0598557 secs] [Times: user=0.89 sys=0.01, real=0.06 secs] 
6485.028: [GC 6485.029: [ParNew: 341985K->27971K(353920K), 0.1041526 secs] 2658663K->2355243K(3106432K) icms_dc=100 , 0.1059128 secs] [Times: user=1.22 sys=0.02, real=0.11 secs] 
6485.967: [GC 6485.968: [ParNew: 342595K->37470K(353920K), 0.1074393 secs] 2669867K->2364742K(3106432K) icms_dc=100 , 0.1090741 secs] [Times: user=1.13 sys=0.06, real=0.11 secs] 
6486.218: [CMS-concurrent-mark: 13.857/18.895 secs] [Times: user=465.00 sys=15.20, real=18.90 secs] 
6486.220: [CMS-concurrent-preclean-start]
6486.912: [GC 6486.913: [ParNew: 352094K->38821K(353920K), 0.0928123 secs] 2679366K->2373560K(3106432K) icms_dc=100 , 0.0943649 secs] [Times: user=1.21 sys=0.02, real=0.09 secs] 
6487.811: [GC 6487.812: [ParNew: 353445K->39296K(353920K), 0.1367736 secs] 2688184K->2382725K(3106432K) icms_dc=100 , 0.1383344 secs] [Times: user=1.37 sys=0.07, real=0.14 secs] 
6488.763: [GC 6488.764: [ParNew: 353920K->39296K(353920K), 0.1019601 secs] 2697349K->2391181K(3106432K) icms_dc=100 , 0.1035643 secs] [Times: user=1.24 sys=0.03, real=0.10 secs] 
6490.023: [GC 6490.024: [ParNew: 353920K->38851K(353920K), 0.0999915 secs] 2705805K->2398607K(3106432K) icms_dc=100 , 0.1015534 secs] [Times: user=1.22 sys=0.02, real=0.10 secs] 
6491.103: [GC 6491.104: [ParNew: 353475K->39296K(353920K), 0.1226979 secs] 2713231K->2408325K(3106432K) icms_dc=100 , 0.1242672 secs] [Times: user=1.16 sys=0.02, real=0.12 secs] 
6492.013: [GC 6492.014: [ParNew: 353920K->39296K(353920K), 0.1447656 secs] 2722949K->2416527K(3106432K) icms_dc=100 , 0.1463094 secs] [Times: user=1.33 sys=0.09, real=0.15 secs] 
6493.024: [GC 6493.025: [ParNew: 353920K->36198K(353920K), 0.1067319 secs] 2731162K->2421607K(3106432K) icms_dc=100 , 0.1084577 secs] [Times: user=1.27 sys=0.04, real=0.11 secs] 
6493.151: [GC 6493.151: [ParNew: 36527K->28014K(353920K), 0.0902314 secs] 2421936K->2422651K(3106432K) icms_dc=100 , 0.0913825 secs] [Times: user=1.05 sys=0.03, real=0.09 secs] 
6494.085: [GC 6494.086: [ParNew: 342676K->39296K(353920K), 0.1328986 secs] 2737314K->2435639K(3106432K) icms_dc=100 , 0.1344528 secs] [Times: user=1.21 sys=0.11, real=0.14 secs] 
6494.238: [GC 6494.239: [ParNew: 40055K->28066K(353920K), 0.0774298 secs] 2436398K->2432784K(3106432K) icms_dc=100 , 0.0786183 secs] [Times: user=1.01 sys=0.03, real=0.08 secs] 
6495.130: [GC 6495.131: [ParNew: 342120K->37377K(353920K), 0.1024195 secs] 2746838K->2442095K(3106432K) icms_dc=100 , 0.1039575 secs] [Times: user=1.02 sys=0.02, real=0.10 secs] 
6496.001: [GC 6496.002: [ParNew: 352001K->39012K(353920K), 0.1390085 secs] 2756719K->2452795K(3106432K) icms_dc=100 , 0.1406594 secs] [Times: user=1.50 sys=0.11, real=0.14 secs] 
6496.832: [CMS-concurrent-preclean: 7.829/10.613 secs] [Times: user=256.06 sys=9.51, real=10.61 secs] 
6496.834: [CMS-concurrent-abortable-preclean-start]
6496.970: [GC 6496.971: [ParNew: 353636K->37240K(353920K), 0.1350121 secs] 2767419K->2468402K(3106432K) icms_dc=100 , 0.1365917 secs] [Times: user=1.34 sys=0.02, real=0.14 secs] 
6498.015: [GC 6498.016: [ParNew: 351864K->24302K(353920K), 0.0905561 secs] 2783026K->2464668K(3106432K) icms_dc=100 , 0.0921590 secs] [Times: user=1.08 sys=0.03, real=0.09 secs] 
6498.424: [CMS-concurrent-abortable-preclean: 1.217/1.591 secs] [Times: user=38.76 sys=1.49, real=1.59 secs] 
6498.446: [GC[YG occupancy: 158578 K (353920 K)]6498.446: [Rescan (parallel) , 0.1803335 secs]6498.627: [weak refs processing, 0.0420859 secs] [1 CMS-remark: 2440365K(2752512K)] 2598944K(3106432K), 0.2292993 secs] [Times: user=2.64 sys=0.13, real=0.23 secs] 
6498.677: [CMS-concurrent-sweep-start]
6499.180: [GC 6499.181: [ParNew: 339042K->37292K(353920K), 0.1216995 secs] 2779337K->2477587K(3106432K) icms_dc=100 , 0.1232386 secs] [Times: user=1.24 sys=0.08, real=0.12 secs] 
6499.322: [GC 6499.323: [ParNew: 37933K->20792K(353920K), 0.1060183 secs] 2478228K->2491215K(3106432K) icms_dc=100 , 0.1071805 secs] [Times: user=1.20 sys=0.03, real=0.11 secs] 
6500.239: [GC 6500.240: [ParNew: 335416K->20730K(353920K), 0.0806037 secs] 2805588K->2490901K(3106432K) icms_dc=100 , 0.0822890 secs] [Times: user=0.92 sys=0.01, real=0.08 secs] 
6501.154: [GC 6501.155: [ParNew: 335831K->38539K(353920K), 0.0717559 secs] 2805293K->2508001K(3106432K) icms_dc=100 , 0.0733565 secs] [Times: user=1.03 sys=0.02, real=0.07 secs] 
6501.247: [GC 6501.247: [ParNew: 39354K->21132K(353920K), 0.1031510 secs] 2508816K->2524209K(3106432K) icms_dc=100 , 0.1043308 secs] [Times: user=1.18 sys=0.03, real=0.10 secs] 
6502.226: [GC 6502.227: [ParNew: 335756K->25394K(353920K), 0.0903496 secs] 2838147K->2527785K(3106432K) icms_dc=100 , 0.0920333 secs] [Times: user=1.11 sys=0.09, real=0.09 secs] 
6503.145: [GC 6503.146: [ParNew: 340050K->26694K(353920K), 0.0941953 secs] 2841575K->2539818K(3106432K) icms_dc=100 , 0.0958315 secs] [Times: user=1.14 sys=0.02, real=0.10 secs] 
6503.261: [GC 6503.262: [ParNew: 27003K->10836K(353920K), 0.0967251 secs] 2540128K->2543971K(3106432K) icms_dc=100 , 0.0979703 secs] [Times: user=0.93 sys=0.03, real=0.10 secs] 
6504.174: [GC 6504.175: [ParNew: 327510K->28102K(353920K), 0.0829756 secs] 2859547K->2560140K(3106432K) icms_dc=100 , 0.0845296 secs] [Times: user=0.97 sys=0.03, real=0.09 secs] 
6504.279: [GC 6504.279: [ParNew: 28597K->8152K(353920K), 0.0928417 secs] 2560633K->2566204K(3106432K) icms_dc=100 , 0.0940079 secs] [Times: user=1.02 sys=0.03, real=0.09 secs] 
6505.211: [GC 6505.212: [ParNew: 324085K->25966K(353920K), 0.1461166 secs] 2880204K->2582085K(3106432K) icms_dc=100 , 0.1475983 secs] [Times: user=1.43 sys=0.21, real=0.15 secs] 
6505.379: [GC 6505.379: [ParNew: 26566K->6859K(353920K), 0.0918101 secs] 2582677K->2587534K(3106432K) icms_dc=100 , 0.0929536 secs] [Times: user=1.02 sys=0.03, real=0.09 secs] 
6506.257: [GC 6506.258: [ParNew: 321483K->23308K(353920K), 0.1071252 secs] 2895726K->2597551K(3106432K) icms_dc=100 , 0.1086540 secs] [Times: user=1.12 sys=0.11, real=0.11 secs] 
6507.304: [GC 6507.305: [ParNew: 337932K->25838K(353920K), 0.0970804 secs] 2905805K->2607098K(3106432K) icms_dc=100 , 0.0986694 secs] [Times: user=1.18 sys=0.02, real=0.10 secs] 
6508.375: [GC 6508.377: [ParNew: 340462K->22848K(353920K), 0.1044067 secs] 2916845K->2609899K(3106432K) icms_dc=100 , 0.1060075 secs] [Times: user=1.17 sys=0.07, real=0.11 secs] 
6509.333: [GC 6509.335: [ParNew: 337472K->31638K(353920K), 0.0805566 secs] 2915032K->2609198K(3106432K) icms_dc=100 , 0.0824325 secs] [Times: user=1.04 sys=0.02, real=0.08 secs] 
6510.123: [GC 6510.124: [ParNew: 346262K->36861K(353920K), 0.0930442 secs] 2919668K->2617796K(3106432K) icms_dc=100 , 0.0945846 secs] [Times: user=1.20 sys=0.03, real=0.10 secs] 
6510.993: [GC 6510.994: [ParNew: 351485K->35803K(353920K), 0.0961714 secs] 2921043K->2612599K(3106432K) icms_dc=100 , 0.0976856 secs] [Times: user=1.22 sys=0.02, real=0.10 secs] 
6511.909: [GC 6511.910: [ParNew: 350427K->36712K(353920K), 0.1122229 secs] 2921176K->2614899K(3106432K) icms_dc=100 , 0.1137723 secs] [Times: user=1.41 sys=0.06, real=0.11 secs] 
6512.853: [GC 6512.854: [ParNew: 351686K->39296K(353920K), 0.1696753 secs] 2926045K->2621175K(3106432K) icms_dc=100 , 0.1712337 secs] [Times: user=1.61 sys=0.15, real=0.17 secs] 
6513.043: [GC 6513.044: [ParNew: 39755K->28595K(353920K), 0.0696298 secs] 2621630K->2618135K(3106432K) icms_dc=100 , 0.0707710 secs] [Times: user=0.96 sys=0.02, real=0.07 secs] 
6513.877: [GC 6513.878: [ParNew: 343219K->39296K(353920K), 0.1842049 secs] 2930658K->2628385K(3106432K) icms_dc=100 , 0.1858224 secs] [Times: user=1.66 sys=0.26, real=0.19 secs] 
6514.986: [GC 6514.987: [ParNew: 353920K->29854K(353920K), 0.1073818 secs] 2928773K->2624805K(3106432K) icms_dc=100 , 0.1090346 secs] [Times: user=1.27 sys=0.03, real=0.11 secs] 
6515.851: [GC 6515.852: [ParNew: 344478K->36106K(353920K), 0.1111603 secs] 2908621K->2600249K(3106432K) icms_dc=100 , 0.1127015 secs] [Times: user=1.32 sys=0.09, real=0.11 secs] 
6516.758: [GC 6516.759: [ParNew: 350730K->39296K(353920K), 0.1100997 secs] 2865698K->2562757K(3106432K) icms_dc=100 , 0.1116135 secs] [Times: user=1.26 sys=0.04, real=0.11 secs] 
6517.639: [GC 6517.641: [ParNew: 353920K->28408K(353920K), 0.1364613 secs] 2829793K->2521347K(3106432K) icms_dc=100 , 0.1379977 secs] [Times: user=1.33 sys=0.06, real=0.14 secs] 
6518.551: [GC 6518.553: [ParNew: 343032K->36129K(353920K), 0.0771035 secs] 2789142K->2482239K(3106432K) icms_dc=100 , 0.0787828 secs] [Times: user=1.01 sys=0.03, real=0.08 secs] 
6519.413: [GC 6519.414: [ParNew: 350753K->29577K(353920K), 0.1150508 secs] 2743660K->2442438K(3106432K) icms_dc=100 , 0.1165913 secs] [Times: user=1.35 sys=0.02, real=0.12 secs] 
6520.455: [GC 6520.456: [ParNew: 344201K->32918K(353920K), 0.1791916 secs] 2698469K->2395771K(3106432K) icms_dc=100 , 0.1809031 secs] [Times: user=1.62 sys=0.23, real=0.18 secs] 
6521.442: [GC 6521.443: [ParNew: 347542K->30160K(353920K), 0.1003731 secs] 2663361K->2357820K(3106432K) icms_dc=100 , 0.1019442 secs] [Times: user=1.11 sys=0.02, real=0.10 secs] 
6522.380: [GC 6522.381: [ParNew: 345143K->26786K(353920K), 0.0795447 secs] 2656240K->2349074K(3106432K) icms_dc=100 , 0.0810917 secs] [Times: user=1.06 sys=0.03, real=0.08 secs] 
6522.482: [GC 6522.483: [ParNew: 27122K->25858K(353920K), 0.0480357 secs] 2349407K->2348142K(3106432K) icms_dc=100 , 0.0492431 secs] [Times: user=0.75 sys=0.03, real=0.05 secs] 
6523.362: [GC 6523.363: [ParNew: 340482K->36027K(353920K), 0.0775285 secs] 2640379K->2335925K(3106432K) icms_dc=100 , 0.0790531 secs] [Times: user=1.05 sys=0.03, real=0.08 secs] 
6524.310: [GC 6524.311: [ParNew: 350651K->38452K(353920K), 0.1475240 secs] 2632420K->2327651K(3106432K) icms_dc=100 , 0.1490574 secs] [Times: user=1.55 sys=0.18, real=0.15 secs] 
6525.304: [GC 6525.305: [ParNew: 353076K->39296K(353920K), 0.1337802 secs] 2585338K->2281565K(3106432K) icms_dc=100 , 0.1353406 secs] [Times: user=1.42 sys=0.13, real=0.14 secs] 
6526.314: [GC 6526.331: [ParNew: 353920K->30569K(353920K), 0.1348236 secs] 2516789K->2208444K(3106432K) icms_dc=100 , 0.1364452 secs] [Times: user=1.41 sys=0.06, real=0.15 secs] 
6527.211: [GC 6527.212: [ParNew: 345193K->28262K(353920K), 0.1410561 secs] 2478085K->2170035K(3106432K) icms_dc=100 , 0.1426299 secs] [Times: user=1.38 sys=0.17, real=0.14 secs] 
6528.188: [CMS-concurrent-sweep: 23.670/29.511 secs] [Times: user=738.01 sys=27.03, real=29.51 secs] 
6528.190: [CMS-concurrent-reset-start]
6528.221: [CMS-concurrent-reset: 0.031/0.031 secs] [Times: user=0.88 sys=0.04, real=0.03 secs] 
6528.324: [GC 6528.325: [ParNew: 342886K->38455K(353920K), 0.0697964 secs] 2368067K->2063636K(3106432K) icms_dc=75 , 0.0713733 secs] [Times: user=0.97 sys=0.02, real=0.07 secs] 
6528.489: [GC [1 CMS-initial-mark: 2025181K(2752512K)] 2103390K(3106432K), 0.5409317 secs] [Times: user=0.54 sys=0.00, real=0.54 secs] 
6529.031: [CMS-concurrent-mark-start]
6529.794: [GC 6529.795: [ParNew: 353214K->28848K(353920K), 0.1100172 secs] 2378396K->2072874K(3106432K) icms_dc=75 , 0.1115188 secs] [Times: user=1.28 sys=0.05, real=0.11 secs] 
6529.925: [GC 6529.925: [ParNew: 29579K->22983K(353920K), 0.0523234 secs] 2073605K->2067009K(3106432K) icms_dc=93 , 0.0534838 secs] [Times: user=0.77 sys=0.03, real=0.05 secs] 
6530.824: [GC 6530.825: [ParNew: 337607K->39296K(353920K), 0.0950734 secs] 2381633K->2083936K(3106432K) icms_dc=93 , 0.0966969 secs] [Times: user=1.16 sys=0.05, real=0.10 secs] 
6531.761: [GC 6531.762: [ParNew: 353920K->33399K(353920K), 0.1328376 secs] 2398560K->2095349K(3106432K) icms_dc=93 , 0.1344793 secs] [Times: user=1.44 sys=0.03, real=0.14 secs] 
6532.710: [GC 6532.711: [ParNew: 348013K->35287K(353920K), 0.1370812 secs] 2409962K->2097236K(3106432K) icms_dc=93 , 0.1386087 secs] [Times: user=1.34 sys=0.19, real=0.14 secs] 
6533.784: [GC 6533.785: [ParNew: 349911K->39296K(353920K), 0.0991085 secs] 2411860K->2109625K(3106432K) icms_dc=93 , 0.1006794 secs] [Times: user=1.15 sys=0.02, real=0.10 secs] 
6534.688: [GC 6534.689: [ParNew: 353920K->39296K(353920K), 0.1473017 secs] 2424249K->2119143K(3106432K) icms_dc=93 , 0.1488650 secs] [Times: user=1.49 sys=0.12, real=0.15 secs] 
6535.673: [GC 6535.674: [ParNew: 353920K->39255K(353920K), 0.1058471 secs] 2433777K->2127760K(3106432K) icms_dc=93 , 0.1073943 secs] [Times: user=1.25 sys=0.05, real=0.11 secs] 
6535.800: [GC 6535.800: [ParNew: 39600K->28935K(353920K), 0.0703427 secs] 2128105K->2125892K(3106432K) icms_dc=93 , 0.0715191 secs] [Times: user=0.94 sys=0.02, real=0.07 secs] 
6536.692: [GC 6536.693: [ParNew: 343571K->32697K(353920K), 0.0888539 secs] 2440528K->2129654K(3106432K) icms_dc=93 , 0.0903743 secs] [Times: user=1.11 sys=0.03, real=0.09 secs] 
6536.801: [GC 6536.802: [ParNew: 32918K->26033K(353920K), 0.0711172 secs] 2129875K->2132321K(3106432K) icms_dc=93 , 0.0722720 secs] [Times: user=0.99 sys=0.02, real=0.07 secs] 
6537.673: [GC 6537.674: [ParNew: 340657K->39296K(353920K), 0.1238251 secs] 2446945K->2146866K(3106432K) icms_dc=93 , 0.1253938 secs] [Times: user=1.37 sys=0.08, real=0.13 secs] 
6538.605: [GC 6538.606: [ParNew: 353920K->32664K(353920K), 0.1219961 secs] 2461490K->2159050K(3106432K) icms_dc=93 , 0.1235397 secs] [Times: user=1.33 sys=0.01, real=0.12 secs] 
6539.574: [GC 6539.575: [ParNew: 347288K->35301K(353920K), 0.3023803 secs] 2473674K->2161687K(3106432K) icms_dc=93 , 0.3039298 secs] [Times: user=2.29 sys=0.50, real=0.30 secs] 
6540.682: [GC 6540.683: [ParNew: 350273K->39296K(353920K), 0.1088172 secs] 2476660K->2174732K(3106432K) icms_dc=93 , 0.1103601 secs] [Times: user=1.21 sys=0.02, real=0.11 secs] 
6540.811: [GC 6540.812: [ParNew: 39399K->10721K(353920K), 0.0944251 secs] 2174836K->2178647K(3106432K) icms_dc=93 , 0.0956086 secs] [Times: user=1.11 sys=0.03, real=0.10 secs] 
6541.835: [GC 6541.836: [ParNew: 327694K->28022K(353920K), 0.0674271 secs] 2495620K->2195947K(3106432K) icms_dc=93 , 0.0689683 secs] [Times: user=0.90 sys=0.01, real=0.07 secs] 
6541.923: [GC 6541.924: [ParNew: 28350K->7268K(353920K), 0.0816726 secs] 2196275K->2200170K(3106432K) icms_dc=93 , 0.0828084 secs] [Times: user=0.94 sys=0.02, real=0.08 secs] 
6542.829: [GC 6542.830: [ParNew: 321892K->22068K(353920K), 0.0815593 secs] 2514794K->2214971K(3106432K) icms_dc=93 , 0.0831688 secs] [Times: user=1.00 sys=0.02, real=0.08 secs] 
6543.970: [GC 6543.971: [ParNew: 336692K->25060K(353920K), 0.1140250 secs] 2529595K->2229704K(3106432K) icms_dc=93 , 0.1159736 secs] [Times: user=1.17 sys=0.02, real=0.12 secs] 
6544.961: [GC 6544.963: [ParNew: 339684K->27186K(353920K), 0.1125758 secs] 2544328K->2243560K(3106432K) icms_dc=93 , 0.1142248 secs] [Times: user=1.13 sys=0.02, real=0.11 secs] 
6545.912: [GC 6545.913: [ParNew: 341810K->28395K(353920K), 0.0950584 secs] 2558184K->2254850K(3106432K) icms_dc=93 , 0.0965916 secs] [Times: user=1.06 sys=0.02, real=0.10 secs] 
6546.893: [GC 6546.894: [ParNew: 343019K->24764K(353920K), 0.0934144 secs] 2569474K->2260172K(3106432K) icms_dc=93 , 0.0949490 secs] [Times: user=1.05 sys=0.02, real=0.10 secs] 
6547.826: [GC 6547.827: [ParNew: 339388K->35757K(353920K), 0.0841205 secs] 2574796K->2271164K(3106432K) icms_dc=93 , 0.0856536 secs] [Times: user=1.09 sys=0.05, real=0.09 secs] 
6547.947: [CMS-concurrent-mark: 14.345/18.916 secs] [Times: user=478.86 sys=16.24, real=18.92 secs] 
6547.948: [CMS-concurrent-preclean-start]
6548.819: [GC 6548.820: [ParNew: 350898K->39296K(353920K), 0.1142176 secs] 2586306K->2282107K(3106432K) icms_dc=93 , 0.1158033 secs] [Times: user=1.42 sys=0.07, real=0.12 secs] 
6548.954: [GC 6548.954: [ParNew: 39540K->6506K(353920K), 0.1022836 secs] 2282351K->2278649K(3106432K) icms_dc=93 , 0.1034616 secs] [Times: user=1.15 sys=0.03, real=0.10 secs] 
6550.223: [GC 6550.224: [ParNew: 321130K->21320K(353920K), 0.1326877 secs] 2593273K->2293463K(3106432K) icms_dc=93 , 0.1342217 secs] [Times: user=1.25 sys=0.14, real=0.13 secs] 
6551.224: [GC 6551.225: [ParNew: 335914K->36634K(353920K), 0.0741299 secs] 2608057K->2308777K(3106432K) icms_dc=93 , 0.0757450 secs] [Times: user=1.03 sys=0.02, real=0.08 secs] 
6552.044: [GC 6552.045: [ParNew: 351258K->37339K(353920K), 0.0924925 secs] 2623401K->2320303K(3106432K) icms_dc=93 , 0.0940343 secs] [Times: user=1.28 sys=0.02, real=0.09 secs] 
6553.018: [GC 6553.019: [ParNew: 351963K->38119K(353920K), 0.0915001 secs] 2634927K->2329309K(3106432K) icms_dc=93 , 0.0929990 secs] [Times: user=1.22 sys=0.04, real=0.09 secs] 
6554.029: [GC 6554.031: [ParNew: 352743K->35039K(353920K), 0.0894476 secs] 2643933K->2334690K(3106432K) icms_dc=93 , 0.0910890 secs] [Times: user=1.25 sys=0.02, real=0.09 secs] 
6554.977: [GC 6554.979: [ParNew: 349663K->39296K(353920K), 0.1692992 secs] 2649314K->2348757K(3106432K) icms_dc=93 , 0.1709952 secs] [Times: user=1.26 sys=0.07, real=0.17 secs] 
6556.282: [GC 6556.283: [ParNew: 353920K->39296K(353920K), 0.0928490 secs] 2663561K->2358687K(3106432K) icms_dc=93 , 0.0943999 secs] [Times: user=1.28 sys=0.04, real=0.10 secs] 
6557.195: [GC 6557.196: [ParNew: 353920K->39295K(353920K), 0.0924401 secs] 2673311K->2367469K(3106432K) icms_dc=93 , 0.0940010 secs] [Times: user=1.20 sys=0.02, real=0.09 secs] 
6558.070: [GC 6558.071: [ParNew: 353919K->39296K(353920K), 0.2108456 secs] 2682093K->2376063K(3106432K) icms_dc=93 , 0.2123833 secs] [Times: user=1.84 sys=0.26, real=0.21 secs] 
6559.053: [GC 6559.054: [ParNew: 353920K->33274K(353920K), 0.1343309 secs] 2690687K->2387653K(3106432K) icms_dc=100 , 0.1358743 secs] [Times: user=1.33 sys=0.06, real=0.14 secs] 
6560.325: [GC 6560.326: [ParNew: 348786K->37876K(353920K), 0.1622730 secs] 2703165K->2392254K(3106432K) icms_dc=100 , 0.1638326 secs] [Times: user=1.41 sys=0.10, real=0.16 secs] 
6560.510: [GC 6560.511: [ParNew: 38594K->22180K(353920K), 0.0963022 secs] 2392972K->2406290K(3106432K) icms_dc=100 , 0.0974830 secs] [Times: user=1.18 sys=0.03, real=0.10 secs] 
6561.036: [CMS-concurrent-preclean: 8.662/13.088 secs] [Times: user=301.04 sys=11.23, real=13.09 secs] 
6561.038: [CMS-concurrent-abortable-preclean-start]
6561.158: [CMS-concurrent-abortable-preclean: 0.114/0.120 secs] [Times: user=3.41 sys=0.14, real=0.12 secs] 
6561.181: [GC[YG occupancy: 247717 K (353920 K)]6561.181: [Rescan (parallel) , 0.2435886 secs]6561.437: [weak refs processing, 0.0368778 secs] [1 CMS-remark: 2384109K(2752512K)] 2631827K(3106432K), 0.2980497 secs] [Times: user=3.47 sys=0.30, real=0.30 secs] 
6561.480: [CMS-concurrent-sweep-start]
6561.726: [GC 6561.727: [ParNew: 337255K->25805K(353920K), 0.1594358 secs] 2721272K->2409822K(3106432K) icms_dc=100 , 0.1610602 secs] [Times: user=1.51 sys=0.17, real=0.16 secs] 
6561.906: [GC 6561.907: [ParNew: 26192K->10593K(353920K), 0.0792864 secs] 2410208K->2417983K(3106432K) icms_dc=100 , 0.0804773 secs] [Times: user=1.01 sys=0.02, real=0.08 secs] 
6562.753: [GC 6562.754: [ParNew: 325217K->21340K(353920K), 0.1347608 secs] 2732304K->2428427K(3106432K) icms_dc=100 , 0.1362807 secs] [Times: user=1.23 sys=0.13, real=0.14 secs] 
6563.707: [GC 6563.708: [ParNew: 336047K->39296K(353920K), 0.0914415 secs] 2742119K->2447163K(3106432K) icms_dc=100 , 0.0930038 secs] [Times: user=1.10 sys=0.02, real=0.09 secs] 
6563.819: [GC 6563.820: [ParNew: 39817K->18716K(353920K), 0.0996173 secs] 2447684K->2460524K(3106432K) icms_dc=100 , 0.1007780 secs] [Times: user=1.18 sys=0.03, real=0.10 secs] 
6564.691: [GC 6564.692: [ParNew: 333340K->29572K(353920K), 0.1148125 secs] 2774227K->2470459K(3106432K) icms_dc=100 , 0.1163534 secs] [Times: user=1.11 sys=0.08, real=0.12 secs] 
6565.668: [GC 6565.669: [ParNew: 344352K->29798K(353920K), 0.0904756 secs] 2784042K->2482793K(3106432K) icms_dc=100 , 0.0919979 secs] [Times: user=1.17 sys=0.03, real=0.09 secs] 
6565.780: [GC 6565.781: [ParNew: 31045K->18873K(353920K), 0.0931298 secs] 2484034K->2494660K(3106432K) icms_dc=100 , 0.0942952 secs] [Times: user=0.95 sys=0.02, real=0.09 secs] 
6566.673: [GC 6566.674: [ParNew: 334756K->30516K(353920K), 0.0599072 secs] 2809526K->2505286K(3106432K) icms_dc=100 , 0.0614437 secs] [Times: user=0.94 sys=0.02, real=0.06 secs] 
6566.767: [GC 6566.768: [ParNew: 36444K->12916K(353920K), 0.0823662 secs] 2511214K->2515814K(3106432K) icms_dc=100 , 0.0836057 secs] [Times: user=1.01 sys=0.02, real=0.08 secs] 
6567.706: [GC 6567.707: [ParNew: 327563K->25223K(353920K), 0.1073262 secs] 2829333K->2526993K(3106432K) icms_dc=100 , 0.1088506 secs] [Times: user=1.26 sys=0.13, real=0.11 secs] 
6567.834: [GC 6567.835: [ParNew: 26048K->7920K(353920K), 0.1694483 secs] 2527817K->2533140K(3106432K) icms_dc=100 , 0.1706110 secs] [Times: user=1.27 sys=0.10, real=0.17 secs] 
6568.848: [GC 6568.849: [ParNew: 322544K->35545K(353920K), 0.1089515 secs] 2846436K->2559437K(3106432K) icms_dc=100 , 0.1105211 secs] [Times: user=1.18 sys=0.09, real=0.11 secs] 
6569.821: [GC 6569.822: [ParNew: 350637K->33936K(353920K), 0.1404777 secs] 2871031K->2568424K(3106432K) icms_dc=100 , 0.1420002 secs] [Times: user=1.18 sys=0.02, real=0.14 secs] 
6569.982: [GC 6569.983: [ParNew: 34291K->8990K(353920K), 0.1288020 secs] 2568779K->2572239K(3106432K) icms_dc=100 , 0.1299702 secs] [Times: user=0.99 sys=0.04, real=0.13 secs] 
6570.989: [GC 6570.990: [ParNew: 324363K->27759K(353920K), 0.0792286 secs] 2883453K->2586848K(3106432K) icms_dc=100 , 0.0809498 secs] [Times: user=1.12 sys=0.04, real=0.08 secs] 
6571.093: [GC 6571.094: [ParNew: 29980K->12777K(353920K), 0.0848125 secs] 2589068K->2597305K(3106432K) icms_dc=100 , 0.0860203 secs] [Times: user=1.04 sys=0.04, real=0.09 secs] 
6572.028: [GC 6572.029: [ParNew: 327443K->21232K(353920K), 0.0662401 secs] 2905813K->2599603K(3106432K) icms_dc=100 , 0.0677844 secs] [Times: user=0.91 sys=0.02, real=0.07 secs] 
6572.115: [GC 6572.115: [ParNew: 21456K->24220K(353920K), 0.0553776 secs] 2599823K->2602714K(3106432K) icms_dc=100 , 0.0565859 secs] [Times: user=0.80 sys=0.03, real=0.06 secs] 
6572.951: [GC 6572.952: [ParNew: 338844K->39296K(353920K), 0.1138068 secs] 2913404K->2615536K(3106432K) icms_dc=100 , 0.1158221 secs] [Times: user=1.20 sys=0.04, real=0.12 secs] 
6574.049: [GC 6574.050: [ParNew: 353920K->35862K(353920K), 0.1073874 secs] 2919559K->2612778K(3106432K) icms_dc=100 , 0.1089441 secs] [Times: user=1.22 sys=0.02, real=0.11 secs] 
6575.083: [GC 6575.084: [ParNew: 350486K->38241K(353920K), 0.0932131 secs] 2911613K->2607008K(3106432K) icms_dc=100 , 0.0947617 secs] [Times: user=1.15 sys=0.03, real=0.10 secs] 
6576.057: [GC 6576.059: [ParNew: 353274K->37781K(353920K), 0.0879498 secs] 2913890K->2605927K(3106432K) icms_dc=100 , 0.0896327 secs] [Times: user=1.15 sys=0.02, real=0.09 secs] 
6576.166: [GC 6576.167: [ParNew: 37988K->18274K(353920K), 0.1053518 secs] 2606120K->2615164K(3106432K) icms_dc=100 , 0.1065784 secs] [Times: user=1.16 sys=0.03, real=0.11 secs] 
6577.330: [GC 6577.332: [ParNew: 333751K->28646K(353920K), 0.0866523 secs] 2926736K->2621632K(3106432K) icms_dc=100 , 0.0881865 secs] [Times: user=1.10 sys=0.05, real=0.09 secs] 
6577.437: [GC 6577.438: [ParNew: 28744K->7382K(353920K), 0.0877957 secs] 2621725K->2625474K(3106432K) icms_dc=100 , 0.0889688 secs] [Times: user=0.99 sys=0.02, real=0.09 secs] 
6578.366: [GC 6578.367: [ParNew: 321601K->23344K(353920K), 0.2384643 secs] 2933562K->2635305K(3106432K) icms_dc=100 , 0.2400361 secs] [Times: user=1.85 sys=0.39, real=0.24 secs] 
6579.563: [GC 6579.564: [ParNew: 337935K->23752K(353920K), 0.1640940 secs] 2892789K->2589628K(3106432K) icms_dc=100 , 0.1656641 secs] [Times: user=1.49 sys=0.14, real=0.17 secs] 
6580.511: [GC 6580.512: [ParNew: 338635K->32735K(353920K), 0.0872662 secs] 2875523K->2569623K(3106432K) icms_dc=100 , 0.0888078 secs] [Times: user=1.09 sys=0.04, real=0.09 secs] 
6580.619: [GC 6580.620: [ParNew: 33345K->25450K(353920K), 0.0724479 secs] 2570185K->2571948K(3106432K) icms_dc=100 , 0.0736148 secs] [Times: user=1.01 sys=0.02, real=0.07 secs] 
6581.453: [GC 6581.454: [ParNew: 340201K->37050K(353920K), 0.0815777 secs] 2869183K->2566031K(3106432K) icms_dc=100 , 0.0830831 secs] [Times: user=1.08 sys=0.05, real=0.08 secs] 
6581.555: [GC 6581.556: [ParNew: 37537K->15762K(353920K), 0.0942513 secs] 2566502K->2572992K(3106432K) icms_dc=100 , 0.0956803 secs] [Times: user=1.09 sys=0.03, real=0.10 secs] 
6582.517: [GC 6582.518: [ParNew: 330386K->25170K(353920K), 0.1065018 secs] 2837275K->2532059K(3106432K) icms_dc=100 , 0.1080584 secs] [Times: user=0.99 sys=0.04, real=0.11 secs] 
6583.405: [GC 6583.406: [ParNew: 339794K->26062K(353920K), 0.0819721 secs] 2776359K->2476925K(3106432K) icms_dc=100 , 0.0834963 secs] [Times: user=1.16 sys=0.02, real=0.08 secs] 
6584.320: [GC 6584.321: [ParNew: 340686K->29412K(353920K), 0.1195580 secs] 2699198K->2398094K(3106432K) icms_dc=100 , 0.1212405 secs] [Times: user=1.45 sys=0.13, real=0.12 secs] 
6585.258: [GC 6585.259: [ParNew: 344036K->39112K(353920K), 0.1064363 secs] 2653415K->2348491K(3106432K) icms_dc=100 , 0.1079135 secs] [Times: user=1.28 sys=0.10, real=0.11 secs] 
6586.080: [GC 6586.081: [ParNew: 353867K->39296K(353920K), 0.1122834 secs] 2621202K->2319687K(3106432K) icms_dc=100 , 0.1137807 secs] [Times: user=1.28 sys=0.02, real=0.11 secs] 
6586.213: [GC 6586.214: [ParNew: 39787K->26340K(353920K), 0.0962082 secs] 2320136K->2335705K(3106432K) icms_dc=100 , 0.0973719 secs] [Times: user=1.14 sys=0.03, real=0.10 secs] 
6587.134: [GC 6587.135: [ParNew: 340964K->26377K(353920K), 0.0793537 secs] 2581553K->2266966K(3106432K) icms_dc=100 , 0.0808704 secs] [Times: user=0.97 sys=0.05, real=0.08 secs] 
6588.360: [GC 6588.361: [ParNew: 341001K->35099K(353920K), 0.1245124 secs] 2533464K->2240784K(3106432K) icms_dc=100 , 0.1260431 secs] [Times: user=1.33 sys=0.03, real=0.13 secs] 
6589.318: [GC 6589.319: [ParNew: 349723K->31256K(353920K), 0.0842446 secs] 2533431K->2226550K(3106432K) icms_dc=100 , 0.0858150 secs] [Times: user=1.16 sys=0.02, real=0.09 secs] 
6590.240: [GC 6590.241: [ParNew: 345869K->34386K(353920K), 0.0822560 secs] 2528491K->2226287K(3106432K) icms_dc=100 , 0.0838222 secs] [Times: user=1.09 sys=0.02, real=0.08 secs] 
6590.652: [CMS-concurrent-sweep: 22.643/29.172 secs] [Times: user=706.38 sys=25.25, real=29.17 secs] 
6590.654: [CMS-concurrent-reset-start]
6590.807: [CMS-concurrent-reset: 0.153/0.153 secs] [Times: user=4.57 sys=0.18, real=0.15 secs] 
6591.176: [GC 6591.177: [ParNew: 349010K->29168K(353920K), 0.1238073 secs] 2529698K->2221515K(3106432K) icms_dc=75 , 0.1254868 secs] [Times: user=1.30 sys=0.10, real=0.13 secs] 
6591.414: [GC [1 CMS-initial-mark: 2192346K(2752512K)] 2261051K(3106432K), 0.4615007 secs] [Times: user=0.46 sys=0.00, real=0.47 secs] 
6591.886: [CMS-concurrent-mark-start]
6592.695: [GC 6592.696: [ParNew: 345376K->39296K(353920K), 0.1378489 secs] 2537723K->2233061K(3106432K) icms_dc=77 , 0.1393645 secs] [Times: user=1.37 sys=0.17, real=0.14 secs] 
6592.854: [GC 6592.854: [ParNew: 39793K->18015K(353920K), 0.1340347 secs] 2233558K->2243885K(3106432K) icms_dc=96 , 0.1351955 secs] [Times: user=1.26 sys=0.07, real=0.14 secs] 
6593.912: [GC 6593.913: [ParNew: 332758K->24625K(353920K), 0.1218545 secs] 2558628K->2250495K(3106432K) icms_dc=96 , 0.1233985 secs] [Times: user=1.21 sys=0.09, real=0.12 secs] 
6594.891: [GC 6594.892: [ParNew: 339249K->29679K(353920K), 0.0852337 secs] 2565119K->2266485K(3106432K) icms_dc=100 , 0.0868250 secs] [Times: user=1.09 sys=0.02, real=0.09 secs] 
6595.874: [GC 6595.876: [ParNew: 344303K->28734K(353920K), 0.0803052 secs] 2581109K->2278165K(3106432K) icms_dc=100 , 0.0818776 secs] [Times: user=1.05 sys=0.03, real=0.08 secs] 
6596.915: [GC 6596.916: [ParNew: 343358K->35033K(353920K), 0.1067297 secs] 2592789K->2295083K(3106432K) icms_dc=100 , 0.1082907 secs] [Times: user=1.28 sys=0.08, real=0.11 secs] 
6598.347: [GC 6598.348: [ParNew: 349657K->26275K(353920K), 0.1355695 secs] 2609707K->2297887K(3106432K) icms_dc=100 , 0.1371244 secs] [Times: user=1.45 sys=0.15, real=0.14 secs] 
6599.507: [GC 6599.508: [ParNew: 340899K->36873K(353920K), 0.1108238 secs] 2612511K->2308485K(3106432K) icms_dc=100 , 0.1124228 secs] [Times: user=1.24 sys=0.11, real=0.11 secs] 
6600.515: [GC 6600.516: [ParNew: 351497K->23884K(353920K), 0.0918219 secs] 2623109K->2312465K(3106432K) icms_dc=100 , 0.0933781 secs] [Times: user=1.15 sys=0.03, real=0.09 secs] 
6601.593: [GC 6601.594: [ParNew: 338508K->29620K(353920K), 0.0648029 secs] 2627089K->2318202K(3106432K) icms_dc=100 , 0.0663645 secs] [Times: user=0.96 sys=0.02, real=0.07 secs] 
6602.617: [GC 6602.618: [ParNew: 344244K->35867K(353920K), 0.1047426 secs] 2632826K->2331773K(3106432K) icms_dc=100 , 0.1063700 secs] [Times: user=1.28 sys=0.04, real=0.11 secs] 
6603.547: [GC 6603.548: [ParNew: 350491K->37830K(353920K), 0.0992689 secs] 2646397K->2341816K(3106432K) icms_dc=100 , 0.1008124 secs] [Times: user=1.28 sys=0.05, real=0.10 secs] 
6604.413: [GC 6604.414: [ParNew: 352454K->31228K(353920K), 0.1401198 secs] 2656440K->2341720K(3106432K) icms_dc=100 , 0.1416546 secs] [Times: user=1.43 sys=0.16, real=0.14 secs] 
6605.329: [GC 6605.330: [ParNew: 345852K->36237K(353920K), 0.1001520 secs] 2656344K->2354059K(3106432K) icms_dc=100 , 0.1016290 secs] [Times: user=1.18 sys=0.02, real=0.10 secs] 
6605.432: [CMS-concurrent-mark: 10.758/13.545 secs] [Times: user=341.97 sys=11.93, real=13.55 secs] 
6605.433: [CMS-concurrent-preclean-start]
6606.180: [GC 6606.181: [ParNew: 350761K->38378K(353920K), 0.1242818 secs] 2668583K->2372434K(3106432K) icms_dc=100 , 0.1258078 secs] [Times: user=1.25 sys=0.02, real=0.13 secs] 
6607.103: [GC 6607.104: [ParNew: 353002K->25485K(353920K), 0.1816026 secs] 2687058K->2368701K(3106432K) icms_dc=100 , 0.1831766 secs] [Times: user=1.75 sys=0.25, real=0.18 secs] 
6608.041: [GC 6608.042: [ParNew: 340109K->38738K(353920K), 0.1204702 secs] 2683325K->2381953K(3106432K) icms_dc=100 , 0.1221285 secs] [Times: user=1.29 sys=0.11, real=0.12 secs] 
6608.955: [GC 6608.956: [ParNew: 353591K->34972K(353920K), 0.1412766 secs] 2696807K->2396632K(3106432K) icms_dc=100 , 0.1428393 secs] [Times: user=1.59 sys=0.11, real=0.14 secs] 
6609.118: [GC 6609.118: [ParNew: 35653K->16580K(353920K), 0.1005011 secs] 2397313K->2400675K(3106432K) icms_dc=100 , 0.1016479 secs] [Times: user=0.96 sys=0.01, real=0.10 secs] 
6609.906: [GC 6609.907: [ParNew: 331204K->25410K(353920K), 0.1720915 secs] 2715299K->2409505K(3106432K) icms_dc=100 , 0.1736455 secs] [Times: user=1.40 sys=0.16, real=0.17 secs] 
6610.781: [GC 6610.783: [ParNew: 340034K->26495K(353920K), 0.0954939 secs] 2724129K->2425061K(3106432K) icms_dc=100 , 0.0969987 secs] [Times: user=1.22 sys=0.04, real=0.10 secs] 
6611.678: [GC 6611.679: [ParNew: 341119K->30262K(353920K), 0.0954300 secs] 2739685K->2440037K(3106432K) icms_dc=100 , 0.0969875 secs] [Times: user=1.09 sys=0.03, real=0.10 secs] 
6612.522: [GC 6612.523: [ParNew: 344886K->34478K(353920K), 0.1041217 secs] 2754661K->2457397K(3106432K) icms_dc=100 , 0.1056367 secs] [Times: user=1.34 sys=0.04, real=0.11 secs] 
6613.353: [GC 6613.354: [ParNew: 350251K->34037K(353920K), 0.0943534 secs] 2773170K->2467179K(3106432K) icms_dc=100 , 0.0958007 secs] [Times: user=1.18 sys=0.04, real=0.10 secs] 
6613.469: [GC 6613.469: [ParNew: 34529K->11636K(353920K), 0.0615088 secs] 2467671K->2470823K(3106432K) icms_dc=100 , 0.0626685 secs] [Times: user=0.85 sys=0.02, real=0.06 secs] 
6614.381: [GC 6614.382: [ParNew: 327573K->33478K(353920K), 0.1095372 secs] 2786760K->2492665K(3106432K) icms_dc=100 , 0.1110852 secs] [Times: user=1.32 sys=0.10, real=0.11 secs] 
6614.512: [GC 6614.513: [ParNew: 33782K->11303K(353920K), 0.0825782 secs] 2492969K->2501143K(3106432K) icms_dc=100 , 0.0837537 secs] [Times: user=1.05 sys=0.02, real=0.08 secs] 
6615.410: [GC 6615.411: [ParNew: 325549K->28212K(353920K), 0.1503088 secs] 2815389K->2518052K(3106432K) icms_dc=100 , 0.1518411 secs] [Times: user=1.43 sys=0.17, real=0.15 secs] 
6616.290: [GC 6616.291: [ParNew: 342836K->28882K(353920K), 0.1500548 secs] 2832676K->2531558K(3106432K) icms_dc=100 , 0.1515729 secs] [Times: user=1.59 sys=0.12, real=0.15 secs] 
6617.219: [GC 6617.220: [ParNew: 343506K->31409K(353920K), 0.1489620 secs] 2846182K->2544052K(3106432K) icms_dc=100 , 0.1504830 secs] [Times: user=1.48 sys=0.17, real=0.15 secs] 
6618.151: [GC 6618.152: [ParNew: 346033K->32331K(353920K), 0.1144440 secs] 2858676K->2556111K(3106432K) icms_dc=100 , 0.1159376 secs] [Times: user=1.21 sys=0.06, real=0.12 secs] 
6619.098: [GC 6619.099: [ParNew: 346955K->31059K(353920K), 0.0847025 secs] 2870735K->2565668K(3106432K) icms_dc=100 , 0.0862259 secs] [Times: user=1.02 sys=0.02, real=0.09 secs] 
6620.134: [GC 6620.135: [ParNew: 345683K->22084K(353920K), 0.1258487 secs] 2880292K->2565848K(3106432K) icms_dc=100 , 0.1274459 secs] [Times: user=1.35 sys=0.15, real=0.13 secs] 
6620.494: [CMS-concurrent-preclean: 11.254/15.061 secs] [Times: user=384.75 sys=12.94, real=15.06 secs] 
6620.495: [CMS-concurrent-abortable-preclean-start]
6621.093: [GC 6621.094: [ParNew: 336708K->33969K(353920K), 0.0634271 secs] 2880472K->2577733K(3106432K) icms_dc=100 , 0.0649897 secs] [Times: user=0.98 sys=0.02, real=0.07 secs] 
6622.022: [GC 6622.023: [ParNew: 348824K->39296K(353920K), 0.0904703 secs] 2892588K->2591053K(3106432K) icms_dc=100 , 0.0919714 secs] [Times: user=1.16 sys=0.02, real=0.09 secs] 
6622.144: [GC 6622.145: [ParNew: 44615K->25685K(353920K), 0.0993973 secs] 2596372K->2606045K(3106432K) icms_dc=100 , 0.1005895 secs] [Times: user=1.18 sys=0.05, real=0.10 secs] 
6622.269: [CMS-concurrent-abortable-preclean: 1.339/1.774 secs] [Times: user=45.39 sys=1.50, real=1.78 secs] 
6622.291: [GC[YG occupancy: 34424 K (353920 K)]6622.291: [Rescan (parallel) , 0.0854971 secs]6622.377: [weak refs processing, 0.0350182 secs] [1 CMS-remark: 2580359K(2752512K)] 2614784K(3106432K), 0.1264971 secs] [Times: user=1.68 sys=0.01, real=0.13 secs] 
6622.419: [CMS-concurrent-sweep-start]
6623.328: [GC 6623.329: [ParNew: 340309K->24973K(353920K), 0.0949361 secs] 2920250K->2604914K(3106432K) icms_dc=100 , 0.0965067 secs] [Times: user=1.09 sys=0.04, real=0.10 secs] 
6624.211: [GC 6624.212: [ParNew: 339597K->25600K(353920K), 0.1229988 secs] 2918499K->2618504K(3106432K) icms_dc=100 , 0.1244960 secs] [Times: user=1.18 sys=0.03, real=0.13 secs] 
6625.204: [GC 6625.205: [ParNew: 340224K->38927K(353920K), 0.1297942 secs] 2931573K->2630275K(3106432K) icms_dc=100 , 0.1313444 secs] [Times: user=1.25 sys=0.11, real=0.13 secs] 
6626.160: [GC 6626.161: [ParNew: 353604K->38266K(353920K), 0.1433177 secs] 2942434K->2637085K(3106432K) icms_dc=100 , 0.1448646 secs] [Times: user=1.58 sys=0.09, real=0.15 secs] 
6626.324: [GC 6626.325: [ParNew: 38947K->27973K(353920K), 0.0745553 secs] 2637765K->2635972K(3106432K) icms_dc=100 , 0.0757305 secs] [Times: user=1.04 sys=0.02, real=0.08 secs] 
6627.278: [GC 6627.296: [ParNew: 342597K->34606K(353920K), 0.1312680 secs] 2948118K->2640128K(3106432K) icms_dc=100 , 0.1328619 secs] [Times: user=1.28 sys=0.14, real=0.15 secs] 
6628.231: [GC 6628.232: [ParNew: 349230K->28666K(353920K), 0.0984455 secs] 2948857K->2644842K(3106432K) icms_dc=100 , 0.0999751 secs] [Times: user=1.20 sys=0.03, real=0.10 secs] 
6629.136: [GC 6629.137: [ParNew: 343290K->27694K(353920K), 0.0813455 secs] 2955018K->2649614K(3106432K) icms_dc=100 , 0.0828878 secs] [Times: user=1.05 sys=0.02, real=0.08 secs] 
6630.058: [GC 6630.059: [ParNew: 342318K->38767K(353920K), 0.0809152 secs] 2958981K->2655430K(3106432K) icms_dc=100 , 0.0824243 secs] [Times: user=1.03 sys=0.05, real=0.08 secs] 
6630.949: [GC 6630.950: [ParNew: 353391K->39293K(353920K), 0.1060216 secs] 2962664K->2656445K(3106432K) icms_dc=100 , 0.1076027 secs] [Times: user=1.21 sys=0.02, real=0.11 secs] 
6631.848: [GC 6631.849: [ParNew: 353917K->35194K(353920K), 0.1165224 secs] 2962435K->2651156K(3106432K) icms_dc=100 , 0.1180375 secs] [Times: user=1.31 sys=0.04, real=0.12 secs] 
6632.917: [GC 6632.918: [ParNew: 349818K->39296K(353920K), 0.1100639 secs] 2951956K->2650594K(3106432K) icms_dc=100 , 0.1116702 secs] [Times: user=1.30 sys=0.03, real=0.11 secs] 
6634.358: [GC 6634.359: [ParNew: 353920K->39296K(353920K), 0.1314727 secs] 2952713K->2648148K(3106432K) icms_dc=100 , 0.1331006 secs] [Times: user=1.32 sys=0.05, real=0.13 secs] 
6635.570: [GC 6635.571: [ParNew: 353920K->38568K(353920K), 0.0867070 secs] 2957938K->2651260K(3106432K) icms_dc=100 , 0.0882691 secs] [Times: user=1.13 sys=0.02, real=0.09 secs] 
6637.575: [GC 6637.576: [ParNew: 353192K->34501K(353920K), 0.1157391 secs] 2931733K->2628486K(3106432K) icms_dc=100 , 0.1172967 secs] [Times: user=1.16 sys=0.02, real=0.12 secs] 
6638.591: [GC 6638.592: [ParNew: 349125K->31473K(353920K), 0.1297405 secs] 2914354K->2607265K(3106432K) icms_dc=100 , 0.1313763 secs] [Times: user=1.39 sys=0.05, real=0.13 secs] 
6640.035: [GC 6640.036: [ParNew: 346097K->32028K(353920K), 0.1820310 secs] 2870813K->2567414K(3106432K) icms_dc=100 , 0.1838235 secs] [Times: user=1.43 sys=0.16, real=0.18 secs] 
6641.191: [GC 6641.192: [ParNew: 346652K->31869K(353920K), 0.0772222 secs] 2842633K->2538664K(3106432K) icms_dc=100 , 0.0787464 secs] [Times: user=1.08 sys=0.02, real=0.08 secs] 
6642.073: [GC 6642.074: [ParNew: 346493K->27929K(353920K), 0.1437009 secs] 2767521K->2459990K(3106432K) icms_dc=100 , 0.1453102 secs] [Times: user=1.55 sys=0.15, real=0.15 secs] 
6642.971: [GC 6642.972: [ParNew: 342553K->34367K(353920K), 0.1244196 secs] 2722232K->2414046K(3106432K) icms_dc=100 , 0.1259451 secs] [Times: user=1.33 sys=0.14, real=0.13 secs] 
6643.837: [GC 6643.838: [ParNew: 348991K->36966K(353920K), 0.0828345 secs] 2688097K->2383723K(3106432K) icms_dc=100 , 0.0843804 secs] [Times: user=1.21 sys=0.02, real=0.09 secs] 
6644.917: [GC 6644.918: [ParNew: 351590K->39296K(353920K), 0.1014161 secs] 2650915K->2348273K(3106432K) icms_dc=100 , 0.1029676 secs] [Times: user=1.12 sys=0.02, real=0.10 secs] 
6645.892: [GC 6645.893: [ParNew: 353920K->39296K(353920K), 0.0891356 secs] 2636494K->2331135K(3106432K) icms_dc=100 , 0.0907467 secs] [Times: user=1.17 sys=0.03, real=0.09 secs] 
6646.889: [GC 6646.890: [ParNew: 353307K->38991K(353920K), 0.0734339 secs] 2605810K->2300032K(3106432K) icms_dc=100 , 0.0749858 secs] [Times: user=1.13 sys=0.02, real=0.08 secs] 
6648.149: [GC 6648.150: [ParNew: 353387K->39296K(353920K), 0.0871827 secs] 2521880K->2216075K(3106432K) icms_dc=100 , 0.0888224 secs] [Times: user=1.14 sys=0.02, real=0.09 secs] 
6649.187: [GC 6649.189: [ParNew: 353919K->39295K(353920K), 0.1572773 secs] 2420813K->2116102K(3106432K) icms_dc=100 , 0.1589412 secs] [Times: user=1.54 sys=0.10, real=0.16 secs] 
6649.543: [CMS-concurrent-sweep: 19.983/27.125 secs] [Times: user=612.76 sys=23.11, real=27.13 secs] 
6649.545: [CMS-concurrent-reset-start]
6649.587: [CMS-concurrent-reset: 0.042/0.042 secs] [Times: user=1.39 sys=0.04, real=0.04 secs] 
6650.284: [GC 6650.285: [ParNew: 353919K->39296K(353920K), 0.1203837 secs] 2349054K->2043829K(3106432K) icms_dc=75 , 0.1219430 secs] [Times: user=1.26 sys=0.03, real=0.12 secs] 
6650.541: [GC [1 CMS-initial-mark: 2004533K(2752512K)] 2083265K(3106432K), 0.4449878 secs] [Times: user=0.44 sys=0.01, real=0.45 secs] 
6650.987: [CMS-concurrent-mark-start]
6651.727: [GC 6651.728: [ParNew: 353920K->39296K(353920K), 0.1578957 secs] 2358453K->2052871K(3106432K) icms_dc=75 , 0.1595848 secs] [Times: user=1.43 sys=0.03, real=0.16 secs] 
6652.693: [GC 6652.694: [ParNew: 353920K->39296K(353920K), 0.1266180 secs] 2367495K->2061725K(3106432K) icms_dc=75 , 0.1281692 secs] [Times: user=1.30 sys=0.07, real=0.13 secs] 
6653.666: [GC 6653.667: [ParNew: 353920K->39296K(353920K), 0.1283434 secs] 2376349K->2071138K(3106432K) icms_dc=75 , 0.1299218 secs] [Times: user=1.40 sys=0.08, real=0.13 secs] 
6654.677: [GC 6654.678: [ParNew: 353920K->39296K(353920K), 0.1015537 secs] 2385762K->2080177K(3106432K) icms_dc=75 , 0.1031709 secs] [Times: user=1.26 sys=0.03, real=0.10 secs] 
6655.560: [GC 6655.561: [ParNew: 353920K->39296K(353920K), 0.1882608 secs] 2394818K->2089992K(3106432K) icms_dc=75 , 0.1898147 secs] [Times: user=1.76 sys=0.21, real=0.19 secs] 
6655.770: [GC 6655.771: [ParNew: 39634K->35474K(353920K), 0.1286585 secs] 2090330K->2096424K(3106432K) icms_dc=88 , 0.1298747 secs] [Times: user=1.28 sys=0.14, real=0.13 secs] 
6656.630: [GC 6656.632: [ParNew: 350098K->34482K(353920K), 0.2237100 secs] 2411048K->2095432K(3106432K) icms_dc=88 , 0.2252216 secs] [Times: user=1.13 sys=0.03, real=0.23 secs] 
6657.619: [GC 6657.620: [ParNew: 349106K->39296K(353920K), 0.1685891 secs] 2410056K->2108732K(3106432K) icms_dc=88 , 0.1701047 secs] [Times: user=1.61 sys=0.07, real=0.17 secs] 
6658.486: [GC 6658.487: [ParNew: 353920K->36631K(353920K), 0.0954932 secs] 2423356K->2122663K(3106432K) icms_dc=89 , 0.0970362 secs] [Times: user=1.21 sys=0.04, real=0.10 secs] 
6659.318: [GC 6659.319: [ParNew: 351255K->31753K(353920K), 0.1023057 secs] 2437287K->2128780K(3106432K) icms_dc=94 , 0.1038195 secs] [Times: user=1.12 sys=0.03, real=0.10 secs] 
6660.187: [GC 6660.188: [ParNew: 346377K->33291K(353920K), 0.1256731 secs] 2443404K->2142694K(3106432K) icms_dc=100 , 0.1272746 secs] [Times: user=1.46 sys=0.11, real=0.13 secs] 
6661.149: [GC 6661.150: [ParNew: 348266K->37688K(353920K), 0.1118538 secs] 2457669K->2159655K(3106432K) icms_dc=100 , 0.1134229 secs] [Times: user=1.29 sys=0.03, real=0.11 secs] 
6662.095: [GC 6662.096: [ParNew: 352312K->36486K(353920K), 0.1084166 secs] 2474279K->2169086K(3106432K) icms_dc=100 , 0.1099453 secs] [Times: user=1.31 sys=0.04, real=0.11 secs] 
6663.000: [GC 6663.001: [ParNew: 351110K->33428K(353920K), 0.0780718 secs] 2483710K->2175838K(3106432K) icms_dc=100 , 0.0795990 secs] [Times: user=1.05 sys=0.02, real=0.08 secs] 
6663.939: [GC 6663.940: [ParNew: 348052K->35404K(353920K), 0.0785895 secs] 2490462K->2187395K(3106432K) icms_dc=100 , 0.0801554 secs] [Times: user=1.06 sys=0.02, real=0.08 secs] 
6664.877: [GC 6664.879: [ParNew: 350028K->31637K(353920K), 0.0796018 secs] 2502019K->2195603K(3106432K) icms_dc=100 , 0.0811963 secs] [Times: user=1.10 sys=0.02, real=0.08 secs] 
6665.995: [GC 6665.996: [ParNew: 346319K->37345K(353920K), 0.1042730 secs] 2510285K->2210718K(3106432K) icms_dc=100 , 0.1058622 secs] [Times: user=1.28 sys=0.05, real=0.11 secs] 
6666.278: [GC 6666.278: [ParNew: 53096K->22434K(353920K), 0.1453253 secs] 2226469K->2222088K(3106432K) icms_dc=100 , 0.1465907 secs] [Times: user=1.38 sys=0.15, real=0.15 secs] 
6667.540: [GC 6667.541: [ParNew: 337058K->24619K(353920K), 0.0875457 secs] 2536712K->2224272K(3106432K) icms_dc=100 , 0.0891810 secs] [Times: user=0.97 sys=0.02, real=0.09 secs] 
6668.515: [GC 6668.516: [ParNew: 339243K->27702K(353920K), 0.1001260 secs] 2538896K->2238387K(3106432K) icms_dc=100 , 0.1017226 secs] [Times: user=1.22 sys=0.03, real=0.10 secs] 
6669.497: [GC 6669.498: [ParNew: 342326K->26071K(353920K), 0.1359180 secs] 2553011K->2246770K(3106432K) icms_dc=100 , 0.1375592 secs] [Times: user=1.39 sys=0.16, real=0.14 secs] 
6670.544: [GC 6670.546: [ParNew: 340695K->22225K(353920K), 0.0874174 secs] 2561394K->2252030K(3106432K) icms_dc=100 , 0.0893143 secs] [Times: user=1.06 sys=0.03, real=0.09 secs] 
6671.348: [CMS-concurrent-mark: 15.066/20.361 secs] [Times: user=517.14 sys=15.90, real=20.36 secs] 
6671.349: [CMS-concurrent-preclean-start]
6671.579: [GC 6671.580: [ParNew: 336849K->34352K(353920K), 0.0673116 secs] 2566654K->2264158K(3106432K) icms_dc=100 , 0.0688637 secs] [Times: user=0.94 sys=0.02, real=0.07 secs] 
6672.638: [GC 6672.639: [ParNew: 348591K->39296K(353920K), 0.0977780 secs] 2578397K->2277930K(3106432K) icms_dc=100 , 0.0994090 secs] [Times: user=1.16 sys=0.03, real=0.10 secs] 
6673.626: [GC 6673.627: [ParNew: 353920K->39125K(353920K), 0.1367707 secs] 2592554K->2286633K(3106432K) icms_dc=100 , 0.1384208 secs] [Times: user=1.50 sys=0.13, real=0.14 secs] 
6674.591: [GC 6674.593: [ParNew: 353732K->34035K(353920K), 0.1051197 secs] 2601240K->2289860K(3106432K) icms_dc=100 , 0.1067274 secs] [Times: user=1.23 sys=0.02, real=0.11 secs] 
6675.629: [GC 6675.630: [ParNew: 348952K->39296K(353920K), 0.1986827 secs] 2604777K->2303027K(3106432K) icms_dc=100 , 0.2002837 secs] [Times: user=1.25 sys=0.06, real=0.20 secs] 
6675.851: [GC 6675.851: [ParNew: 39838K->31460K(353920K), 0.1289824 secs] 2303570K->2303713K(3106432K) icms_dc=100 , 0.1301547 secs] [Times: user=1.11 sys=0.08, real=0.13 secs] 
6676.819: [GC 6676.820: [ParNew: 346084K->31926K(353920K), 0.0780209 secs] 2618337K->2304179K(3106432K) icms_dc=100 , 0.0797077 secs] [Times: user=1.06 sys=0.02, real=0.08 secs] 
6677.693: [GC 6677.694: [ParNew: 347373K->37875K(353920K), 0.1537100 secs] 2619626K->2318003K(3106432K) icms_dc=100 , 0.1552179 secs] [Times: user=1.61 sys=0.13, real=0.16 secs] 
6677.868: [GC 6677.869: [ParNew: 38403K->17242K(353920K), 0.0968979 secs] 2318530K->2326237K(3106432K) icms_dc=100 , 0.1021396 secs] [Times: user=1.21 sys=0.03, real=0.10 secs] 
6678.803: [GC 6678.804: [ParNew: 331866K->25894K(353920K), 0.1672731 secs] 2640861K->2334889K(3106432K) icms_dc=100 , 0.1688141 secs] [Times: user=1.52 sys=0.23, real=0.17 secs] 
6679.818: [GC 6679.819: [ParNew: 340518K->23749K(353920K), 0.1063263 secs] 2649513K->2344935K(3106432K) icms_dc=100 , 0.1079084 secs] [Times: user=1.23 sys=0.02, real=0.11 secs] 
6680.726: [GC 6680.727: [ParNew: 338373K->38198K(353920K), 0.0795569 secs] 2659559K->2359383K(3106432K) icms_dc=100 , 0.0812512 secs] [Times: user=1.07 sys=0.02, real=0.08 secs] 
6681.575: [GC 6681.576: [ParNew: 352822K->30355K(353920K), 0.0955194 secs] 2674007K->2371249K(3106432K) icms_dc=100 , 0.0970177 secs] [Times: user=1.28 sys=0.03, real=0.10 secs] 
6682.655: [GC 6682.656: [ParNew: 344979K->35278K(353920K), 0.1068133 secs] 2685873K->2376172K(3106432K) icms_dc=100 , 0.1083989 secs] [Times: user=1.21 sys=0.13, real=0.11 secs] 
6683.702: [GC 6683.704: [ParNew: 349902K->31514K(353920K), 0.1208621 secs] 2690796K->2388362K(3106432K) icms_dc=100 , 0.1224335 secs] [Times: user=1.23 sys=0.02, real=0.12 secs] 
6684.391: [CMS-concurrent-preclean: 9.852/13.042 secs] [Times: user=316.24 sys=11.82, real=13.04 secs] 
6684.393: [CMS-concurrent-abortable-preclean-start]
6684.667: [GC 6684.668: [ParNew: 346138K->32611K(353920K), 0.1066202 secs] 2702986K->2389459K(3106432K) icms_dc=100 , 0.1081498 secs] [Times: user=1.11 sys=0.02, real=0.11 secs] 
6685.526: [CMS-concurrent-abortable-preclean: 0.897/1.133 secs] [Times: user=28.49 sys=1.10, real=1.13 secs] 
6685.552: [GC[YG occupancy: 323546 K (353920 K)]6685.552: [Rescan (parallel) , 0.2372424 secs]6685.790: [weak refs processing, 0.0349281 secs] [1 CMS-remark: 2356848K(2752512K)] 2680394K(3106432K), 0.2774598 secs] [Times: user=3.46 sys=0.17, real=0.28 secs] 
6685.831: [CMS-concurrent-sweep-start]
6685.902: [GC 6685.903: [ParNew: 347235K->38556K(353920K), 0.1309142 secs] 2704075K->2403465K(3106432K) icms_dc=100 , 0.1324889 secs] [Times: user=1.45 sys=0.10, real=0.13 secs] 
6686.775: [GC 6686.776: [ParNew: 353180K->25511K(353920K), 0.1278408 secs] 2717807K->2408151K(3106432K) icms_dc=100 , 0.1293691 secs] [Times: user=1.50 sys=0.06, real=0.13 secs] 
6687.837: [GC 6687.838: [ParNew: 340135K->35745K(353920K), 0.1671328 secs] 2721670K->2417280K(3106432K) icms_dc=100 , 0.1687585 secs] [Times: user=1.56 sys=0.24, real=0.17 secs] 
6688.816: [GC 6688.817: [ParNew: 350369K->31026K(353920K), 0.1391257 secs] 2730757K->2429088K(3106432K) icms_dc=100 , 0.1408088 secs] [Times: user=1.44 sys=0.11, real=0.14 secs] 
6689.702: [GC 6689.703: [ParNew: 345650K->25643K(353920K), 0.0882902 secs] 2742792K->2432226K(3106432K) icms_dc=100 , 0.0897941 secs] [Times: user=1.08 sys=0.03, real=0.09 secs] 
6690.564: [GC 6690.565: [ParNew: 340267K->35564K(353920K), 0.1010001 secs] 2744448K->2439744K(3106432K) icms_dc=100 , 0.1025961 secs] [Times: user=1.19 sys=0.07, real=0.10 secs] 
6691.494: [GC 6691.496: [ParNew: 350188K->39296K(353920K), 0.0884483 secs] 2752782K->2450229K(3106432K) icms_dc=100 , 0.0902109 secs] [Times: user=1.22 sys=0.02, real=0.09 secs] 
6692.511: [GC 6692.512: [ParNew: 353920K->28549K(353920K), 0.0999062 secs] 2760115K->2453322K(3106432K) icms_dc=100 , 0.1015264 secs] [Times: user=1.28 sys=0.03, real=0.10 secs] 
6693.509: [GC 6693.510: [ParNew: 343491K->32226K(353920K), 0.0868257 secs] 2763446K->2452181K(3106432K) icms_dc=100 , 0.0884191 secs] [Times: user=1.18 sys=0.05, real=0.09 secs] 
6693.618: [GC 6693.619: [ParNew: 32815K->33808K(353920K), 0.2018862 secs] 2452759K->2460970K(3106432K) icms_dc=100 , 0.2031029 secs] [Times: user=1.37 sys=0.17, real=0.20 secs] 
6694.628: [GC 6694.629: [ParNew: 348432K->33631K(353920K), 0.1332723 secs] 2772645K->2457844K(3106432K) icms_dc=100 , 0.1348784 secs] [Times: user=1.44 sys=0.15, real=0.14 secs] 
6695.728: [GC 6695.730: [ParNew: 348588K->38047K(353920K), 0.2074456 secs] 2766564K->2464144K(3106432K) icms_dc=100 , 0.2091352 secs] [Times: user=1.97 sys=0.33, real=0.21 secs] 
6695.958: [GC 6695.959: [ParNew: 38549K->27802K(353920K), 0.0691004 secs] 2464646K->2462477K(3106432K) icms_dc=100 , 0.0702875 secs] [Times: user=0.99 sys=0.02, real=0.07 secs] 
6696.881: [GC 6696.882: [ParNew: 342426K->37851K(353920K), 0.1255028 secs] 2768524K->2463949K(3106432K) icms_dc=100 , 0.1271812 secs] [Times: user=1.40 sys=0.14, real=0.13 secs] 
6697.850: [GC 6697.851: [ParNew: 352475K->30962K(353920K), 0.1207504 secs] 2767781K->2467520K(3106432K) icms_dc=100 , 0.1223014 secs] [Times: user=1.39 sys=0.05, real=0.12 secs] 
6698.752: [GC 6698.753: [ParNew: 345586K->34140K(353920K), 0.1073692 secs] 2773017K->2461570K(3106432K) icms_dc=100 , 0.1089184 secs] [Times: user=1.24 sys=0.05, real=0.11 secs] 
6699.586: [GC 6699.588: [ParNew: 348764K->39296K(353920K), 0.1398091 secs] 2773667K->2473347K(3106432K) icms_dc=100 , 0.1413745 secs] [Times: user=1.31 sys=0.02, real=0.14 secs] 
6700.457: [GC 6700.458: [ParNew: 353920K->33527K(353920K), 0.1376795 secs] 2783993K->2481772K(3106432K) icms_dc=100 , 0.1396091 secs] [Times: user=1.46 sys=0.09, real=0.14 secs] 
6701.484: [GC 6701.485: [ParNew: 348257K->36203K(353920K), 0.1304763 secs] 2792443K->2489550K(3106432K) icms_dc=100 , 0.1320236 secs] [Times: user=1.38 sys=0.15, real=0.13 secs] 
6701.637: [GC 6701.638: [ParNew: 36675K->15755K(353920K), 0.0683391 secs] 2490020K->2492207K(3106432K) icms_dc=100 , 0.0694984 secs] [Times: user=0.90 sys=0.02, real=0.07 secs] 
6702.520: [GC 6702.521: [ParNew: 330730K->28667K(353920K), 0.1577340 secs] 2802537K->2500475K(3106432K) icms_dc=100 , 0.1593174 secs] [Times: user=1.36 sys=0.19, real=0.16 secs] 
6702.700: [GC 6702.700: [ParNew: 29049K->7833K(353920K), 0.1766788 secs] 2500851K->2505523K(3106432K) icms_dc=100 , 0.1778525 secs] [Times: user=1.41 sys=0.20, real=0.18 secs] 
6703.641: [GC 6703.642: [ParNew: 322457K->25472K(353920K), 0.0992897 secs] 2800632K->2503647K(3106432K) icms_dc=100 , 0.1008114 secs] [Times: user=1.20 sys=0.11, real=0.10 secs] 
6704.514: [GC 6704.515: [ParNew: 340096K->24957K(353920K), 0.1386024 secs] 2796060K->2492976K(3106432K) icms_dc=100 , 0.1401706 secs] [Times: user=1.22 sys=0.03, real=0.14 secs] 
6705.418: [GC 6705.419: [ParNew: 339581K->38311K(353920K), 0.0862598 secs] 2795438K->2494168K(3106432K) icms_dc=100 , 0.0877891 secs] [Times: user=1.05 sys=0.03, real=0.09 secs] 
6706.248: [GC 6706.249: [ParNew: 352935K->30295K(353920K), 0.1280911 secs] 2793509K->2489521K(3106432K) icms_dc=100 , 0.1296057 secs] [Times: user=1.44 sys=0.06, real=0.14 secs] 
6707.158: [GC 6707.159: [ParNew: 344919K->24493K(353920K), 0.0713324 secs] 2768774K->2457806K(3106432K) icms_dc=100 , 0.0728715 secs] [Times: user=0.99 sys=0.02, real=0.07 secs] 
6707.941: [GC 6707.942: [ParNew: 339071K->39256K(353920K), 0.0563611 secs] 2745281K->2445467K(3106432K) icms_dc=100 , 0.0581864 secs] [Times: user=0.92 sys=0.02, real=0.06 secs] 
6708.817: [GC 6708.818: [ParNew: 353880K->39296K(353920K), 0.0969367 secs] 2699191K->2394956K(3106432K) icms_dc=100 , 0.0984845 secs] [Times: user=1.16 sys=0.02, real=0.10 secs] 
6709.750: [GC 6709.752: [ParNew: 353920K->39296K(353920K), 0.1347108 secs] 2664695K->2360766K(3106432K) icms_dc=100 , 0.1362805 secs] [Times: user=1.37 sys=0.09, real=0.14 secs] 
6710.807: [GC 6710.808: [ParNew: 353920K->33455K(353920K), 0.1021763 secs] 2630833K->2327697K(3106432K) icms_dc=100 , 0.1037258 secs] [Times: user=1.28 sys=0.05, real=0.10 secs] 
6712.116: [GC 6712.117: [ParNew: 348079K->25417K(353920K), 0.0722798 secs] 2579041K->2265079K(3106432K) icms_dc=100 , 0.0738878 secs] [Times: user=1.02 sys=0.03, real=0.07 secs] 
6712.983: [GC 6712.984: [ParNew: 340041K->35005K(353920K), 0.0718869 secs] 2512025K->2206990K(3106432K) icms_dc=100 , 0.0734212 secs] [Times: user=0.98 sys=0.02, real=0.07 secs] 
6713.958: [GC 6713.959: [ParNew: 349629K->39075K(353920K), 0.1405255 secs] 2445016K->2143456K(3106432K) icms_dc=100 , 0.1420705 secs] [Times: user=1.54 sys=0.16, real=0.14 secs] 
6714.969: [GC 6714.971: [ParNew: 353699K->27401K(353920K), 0.1725511 secs] 2410140K->2101880K(3106432K) icms_dc=100 , 0.1741854 secs] [Times: user=1.72 sys=0.12, real=0.17 secs] 
6715.145: [CMS-concurrent-sweep: 23.441/29.314 secs] [Times: user=725.52 sys=26.09, real=29.31 secs] 
6715.157: [CMS-concurrent-reset-start]
6715.200: [CMS-concurrent-reset: 0.044/0.044 secs] [Times: user=1.47 sys=0.07, real=0.04 secs] 
6715.977: [GC 6715.978: [ParNew: 342466K->36267K(353920K), 0.1667411 secs] 2416945K->2110746K(3106432K) icms_dc=75 , 0.1683365 secs] [Times: user=1.26 sys=0.08, real=0.17 secs] 
6716.167: [GC 6716.168: [ParNew: 37011K->15470K(353920K), 0.1372120 secs] 2111490K->2118005K(3106432K) icms_dc=75 , 0.1383777 secs] [Times: user=1.00 sys=0.03, real=0.14 secs] 
6716.410: [GC [1 CMS-initial-mark: 2102534K(2752512K)] 2157748K(3106432K), 0.4310323 secs] [Times: user=0.43 sys=0.00, real=0.43 secs] 
6716.843: [CMS-concurrent-mark-start]
6717.998: [GC 6717.999: [ParNew: 330094K->29774K(353920K), 0.0731244 secs] 2432629K->2132309K(3106432K) icms_dc=75 , 0.0746772 secs] [Times: user=0.96 sys=0.02, real=0.08 secs] 
6719.180: [GC 6719.182: [ParNew: 345319K->26570K(353920K), 0.1374836 secs] 2447854K->2142557K(3106432K) icms_dc=75 , 0.1390162 secs] [Times: user=1.23 sys=0.02, real=0.14 secs] 
6719.339: [GC 6719.340: [ParNew: 27638K->12992K(353920K), 0.1172265 secs] 2143625K->2150185K(3106432K) icms_dc=91 , 0.1183927 secs] [Times: user=0.93 sys=0.02, real=0.12 secs] 
6720.301: [GC 6720.302: [ParNew: 327616K->24753K(353920K), 0.0877134 secs] 2464809K->2161946K(3106432K) icms_dc=91 , 0.0893109 secs] [Times: user=1.00 sys=0.03, real=0.09 secs] 
6721.180: [GC 6721.181: [ParNew: 339377K->23324K(353920K), 0.1756880 secs] 2476570K->2174931K(3106432K) icms_dc=92 , 0.1772154 secs] [Times: user=1.52 sys=0.16, real=0.18 secs] 
6722.463: [GC 6722.464: [ParNew: 337943K->37275K(353920K), 0.0704583 secs] 2489551K->2188883K(3106432K) icms_dc=92 , 0.0719868 secs] [Times: user=1.03 sys=0.03, real=0.07 secs] 
6723.462: [GC 6723.463: [ParNew: 351899K->25844K(353920K), 0.0877843 secs] 2503507K->2195619K(3106432K) icms_dc=94 , 0.0893242 secs] [Times: user=1.11 sys=0.02, real=0.09 secs] 
6724.513: [GC 6724.514: [ParNew: 340468K->36519K(353920K), 0.0744820 secs] 2510243K->2206294K(3106432K) icms_dc=94 , 0.0760251 secs] [Times: user=0.93 sys=0.03, real=0.08 secs] 
6725.527: [GC 6725.528: [ParNew: 351143K->38587K(353920K), 0.0835405 secs] 2520918K->2215059K(3106432K) icms_dc=94 , 0.0851230 secs] [Times: user=1.13 sys=0.03, real=0.09 secs] 
6726.551: [GC 6726.552: [ParNew: 353211K->39295K(353920K), 0.1071931 secs] 2529683K->2223714K(3106432K) icms_dc=94 , 0.1088048 secs] [Times: user=1.24 sys=0.02, real=0.11 secs] 
6727.529: [GC 6727.530: [ParNew: 353919K->39296K(353920K), 0.1398425 secs] 2538338K->2232571K(3106432K) icms_dc=94 , 0.1413701 secs] [Times: user=1.38 sys=0.11, real=0.14 secs] 
6728.517: [GC 6728.518: [ParNew: 353920K->32904K(353920K), 0.1422864 secs] 2547210K->2233770K(3106432K) icms_dc=94 , 0.1438068 secs] [Times: user=1.48 sys=0.17, real=0.14 secs] 
6729.525: [GC 6729.526: [ParNew: 347528K->38988K(353920K), 0.0817175 secs] 2548394K->2246166K(3106432K) icms_dc=94 , 0.0834754 secs] [Times: user=1.10 sys=0.03, real=0.08 secs] 
6730.429: [GC 6730.430: [ParNew: 353793K->39296K(353920K), 0.0856709 secs] 2560971K->2254434K(3106432K) icms_dc=94 , 0.0872759 secs] [Times: user=1.14 sys=0.02, real=0.09 secs] 
6730.535: [GC 6730.536: [ParNew: 39390K->6628K(353920K), 0.0836368 secs] 2254529K->2250350K(3106432K) icms_dc=100 , 0.0847890 secs] [Times: user=1.06 sys=0.03, real=0.09 secs] 
6731.482: [GC 6731.483: [ParNew: 321252K->23225K(353920K), 0.0629386 secs] 2564974K->2266947K(3106432K) icms_dc=100 , 0.0644857 secs] [Times: user=0.95 sys=0.02, real=0.07 secs] 
6732.439: [GC 6732.440: [ParNew: 337849K->29074K(353920K), 0.0936234 secs] 2581571K->2284209K(3106432K) icms_dc=100 , 0.0952398 secs] [Times: user=1.19 sys=0.02, real=0.10 secs] 
6733.406: [GC 6733.407: [ParNew: 343698K->30698K(353920K), 0.0889660 secs] 2598833K->2296195K(3106432K) icms_dc=100 , 0.0905505 secs] [Times: user=1.17 sys=0.03, real=0.09 secs] 
6733.509: [CMS-concurrent-mark: 12.438/16.666 secs] [Times: user=413.32 sys=13.89, real=16.67 secs] 
6733.510: [CMS-concurrent-preclean-start]
6734.246: [GC 6734.247: [ParNew: 345322K->28308K(353920K), 0.1114201 secs] 2610819K->2305859K(3106432K) icms_dc=100 , 0.1129422 secs] [Times: user=1.14 sys=0.08, real=0.11 secs] 
6735.146: [GC 6735.147: [ParNew: 342932K->38304K(353920K), 0.0913325 secs] 2620483K->2315854K(3106432K) icms_dc=100 , 0.0928703 secs] [Times: user=1.15 sys=0.04, real=0.09 secs] 
6736.017: [GC 6736.018: [ParNew: 353497K->30739K(353920K), 0.1521403 secs] 2631047K->2328282K(3106432K) icms_dc=100 , 0.1536567 secs] [Times: user=1.40 sys=0.08, real=0.15 secs] 
6736.190: [GC 6736.190: [ParNew: 31348K->24922K(353920K), 0.1008117 secs] 2328890K->2322464K(3106432K) icms_dc=100 , 0.1019189 secs] [Times: user=1.02 sys=0.15, real=0.10 secs] 
6737.095: [GC 6737.096: [ParNew: 339546K->32056K(353920K), 0.0754498 secs] 2637088K->2329599K(3106432K) icms_dc=100 , 0.0771043 secs] [Times: user=1.02 sys=0.05, real=0.08 secs] 
6738.070: [GC 6738.071: [ParNew: 346680K->37260K(353920K), 0.0842615 secs] 2644223K->2341006K(3106432K) icms_dc=100 , 0.0859217 secs] [Times: user=1.24 sys=0.03, real=0.09 secs] 
6738.927: [GC 6738.928: [ParNew: 352190K->39296K(353920K), 0.0994115 secs] 2655935K->2352320K(3106432K) icms_dc=100 , 0.1009621 secs] [Times: user=1.24 sys=0.04, real=0.10 secs] 
6739.048: [GC 6739.049: [ParNew: 40042K->30559K(353920K), 0.0647412 secs] 2353066K->2354018K(3106432K) icms_dc=100 , 0.0659289 secs] [Times: user=0.98 sys=0.02, real=0.07 secs] 
6739.902: [GC 6739.903: [ParNew: 345183K->36655K(353920K), 0.0740469 secs] 2668642K->2360114K(3106432K) icms_dc=100 , 0.0756029 secs] [Times: user=1.01 sys=0.04, real=0.08 secs] 
6740.774: [GC 6740.775: [ParNew: 351279K->39140K(353920K), 0.0800399 secs] 2674738K->2370561K(3106432K) icms_dc=100 , 0.0816982 secs] [Times: user=1.16 sys=0.03, real=0.08 secs] 
6741.193: [CMS-concurrent-preclean: 5.899/7.683 secs] [Times: user=194.15 sys=6.91, real=7.68 secs] 
6741.195: [CMS-concurrent-abortable-preclean-start]
6741.569: [CMS-concurrent-abortable-preclean: 0.359/0.374 secs] [Times: user=11.13 sys=0.37, real=0.38 secs] 
6741.591: [GC[YG occupancy: 308435 K (353920 K)]6741.592: [Rescan (parallel) , 0.4650252 secs]6742.057: [weak refs processing, 0.0355020 secs] [1 CMS-remark: 2331421K(2752512K)] 2639856K(3106432K), 0.5063583 secs] [Times: user=4.36 sys=0.87, real=0.51 secs] 
6742.099: [CMS-concurrent-sweep-start]
6742.226: [GC 6742.227: [ParNew: 353764K->39296K(353920K), 0.1501032 secs] 2685178K->2380907K(3106432K) icms_dc=100 , 0.1651638 secs] [Times: user=1.57 sys=0.18, real=0.17 secs] 
6743.251: [GC 6743.252: [ParNew: 353920K->34941K(353920K), 0.0932265 secs] 2695226K->2393968K(3106432K) icms_dc=100 , 0.0947545 secs] [Times: user=1.17 sys=0.03, real=0.10 secs] 
6744.173: [GC 6744.174: [ParNew: 349730K->39296K(353920K), 0.2480810 secs] 2708542K->2398284K(3106432K) icms_dc=100 , 0.2496587 secs] [Times: user=1.50 sys=0.19, real=0.25 secs] 
6744.443: [GC 6744.444: [ParNew: 40282K->21069K(353920K), 0.1919312 secs] 2399270K->2411759K(3106432K) icms_dc=100 , 0.1931026 secs] [Times: user=1.43 sys=0.15, real=0.19 secs] 
6745.416: [GC 6745.417: [ParNew: 335693K->22099K(353920K), 0.0955724 secs] 2725253K->2411658K(3106432K) icms_dc=100 , 0.0970942 secs] [Times: user=1.05 sys=0.03, real=0.10 secs] 
6746.255: [GC 6746.257: [ParNew: 336931K->37583K(353920K), 0.1254534 secs] 2725057K->2425709K(3106432K) icms_dc=100 , 0.1270453 secs] [Times: user=1.27 sys=0.11, real=0.13 secs] 
6746.402: [GC 6746.403: [ParNew: 38242K->27671K(353920K), 0.0701165 secs] 2426368K->2427643K(3106432K) icms_dc=100 , 0.0712733 secs] [Times: user=1.01 sys=0.02, real=0.07 secs] 
6747.263: [GC 6747.264: [ParNew: 342295K->36944K(353920K), 0.1055412 secs] 2740724K->2435373K(3106432K) icms_dc=100 , 0.1070974 secs] [Times: user=1.27 sys=0.11, real=0.11 secs] 
6748.220: [GC 6748.221: [ParNew: 351568K->39296K(353920K), 0.1180082 secs] 2747545K->2446044K(3106432K) icms_dc=100 , 0.1195418 secs] [Times: user=1.24 sys=0.02, real=0.12 secs] 
6749.101: [GC 6749.102: [ParNew: 353920K->39296K(353920K), 0.1512152 secs] 2759043K->2455696K(3106432K) icms_dc=100 , 0.1527292 secs] [Times: user=1.23 sys=0.02, real=0.15 secs] 
6750.140: [GC 6750.141: [ParNew: 353920K->39296K(353920K), 0.1242765 secs] 2762635K->2459141K(3106432K) icms_dc=100 , 0.1258531 secs] [Times: user=1.25 sys=0.03, real=0.13 secs] 
6751.000: [GC 6751.001: [ParNew: 353920K->38207K(353920K), 0.0953444 secs] 2767560K->2459573K(3106432K) icms_dc=100 , 0.0968871 secs] [Times: user=1.16 sys=0.04, real=0.10 secs] 
6751.969: [GC 6751.970: [ParNew: 352831K->38718K(353920K), 0.0846170 secs] 2768121K->2462088K(3106432K) icms_dc=100 , 0.0861689 secs] [Times: user=1.11 sys=0.02, real=0.09 secs] 
6752.828: [GC 6752.830: [ParNew: 353774K->39296K(353920K), 0.0862204 secs] 2772570K->2468619K(3106432K) icms_dc=100 , 0.0877171 secs] [Times: user=1.12 sys=0.01, real=0.09 secs] 
6752.936: [GC 6752.936: [ParNew: 39700K->18035K(353920K), 0.0840678 secs] 2469018K->2477718K(3106432K) icms_dc=100 , 0.0852218 secs] [Times: user=1.02 sys=0.02, real=0.09 secs] 
6753.861: [GC 6753.862: [ParNew: 332659K->25237K(353920K), 0.0922837 secs] 2784724K->2477303K(3106432K) icms_dc=100 , 0.0938093 secs] [Times: user=0.88 sys=0.03, real=0.09 secs] 
6754.850: [GC 6754.851: [ParNew: 339861K->28881K(353920K), 0.1034474 secs] 2782643K->2483573K(3106432K) icms_dc=100 , 0.1050547 secs] [Times: user=1.26 sys=0.03, real=0.11 secs] 
6755.829: [GC 6755.830: [ParNew: 343632K->26894K(353920K), 0.2508101 secs] 2786410K->2481106K(3106432K) icms_dc=100 , 0.2523760 secs] [Times: user=2.08 sys=0.41, real=0.25 secs] 
6756.101: [GC 6756.102: [ParNew: 27247K->28212K(353920K), 0.0524671 secs] 2481456K->2482421K(3106432K) icms_dc=100 , 0.0536289 secs] [Times: user=0.83 sys=0.03, real=0.05 secs] 
6756.934: [GC 6756.935: [ParNew: 343858K->39296K(353920K), 0.0706356 secs] 2793644K->2490937K(3106432K) icms_dc=100 , 0.0722067 secs] [Times: user=1.05 sys=0.03, real=0.07 secs] 
6757.026: [GC 6757.026: [ParNew: 39615K->16668K(353920K), 0.1065433 secs] 2491253K->2501964K(3106432K) icms_dc=100 , 0.1077411 secs] [Times: user=1.16 sys=0.03, real=0.11 secs] 
6757.988: [GC 6757.989: [ParNew: 331292K->22945K(353920K), 0.0596898 secs] 2809571K->2501225K(3106432K) icms_dc=100 , 0.0612382 secs] [Times: user=0.86 sys=0.02, real=0.06 secs] 
6758.973: [GC 6758.974: [ParNew: 337569K->39124K(353920K), 0.1829845 secs] 2781880K->2483434K(3106432K) icms_dc=100 , 0.1845788 secs] [Times: user=1.45 sys=0.24, real=0.19 secs] 
6759.952: [GC 6759.953: [ParNew: 353919K->37571K(353920K), 0.1119493 secs] 2759476K->2453016K(3106432K) icms_dc=100 , 0.1134632 secs] [Times: user=1.40 sys=0.08, real=0.11 secs] 
6760.910: [GC 6760.911: [ParNew: 352729K->39296K(353920K), 0.1657699 secs] 2730401K->2427369K(3106432K) icms_dc=100 , 0.1673248 secs] [Times: user=1.56 sys=0.15, real=0.17 secs] 
6761.097: [GC 6761.097: [ParNew: 39537K->29477K(353920K), 0.0655516 secs] 2427600K->2426084K(3106432K) icms_dc=100 , 0.0667626 secs] [Times: user=0.96 sys=0.03, real=0.07 secs] 
6762.054: [GC 6762.055: [ParNew: 344101K->33677K(353920K), 0.0710351 secs] 2680934K->2370510K(3106432K) icms_dc=100 , 0.0726354 secs] [Times: user=1.06 sys=0.04, real=0.07 secs] 
6762.911: [GC 6762.912: [ParNew: 348301K->36839K(353920K), 0.1050359 secs] 2631727K->2326818K(3106432K) icms_dc=100 , 0.1065804 secs] [Times: user=1.28 sys=0.03, real=0.11 secs] 
6763.771: [GC 6763.772: [ParNew: 351463K->39094K(353920K), 0.1684779 secs] 2592310K->2288982K(3106432K) icms_dc=100 , 0.1700197 secs] [Times: user=1.57 sys=0.19, real=0.17 secs] 
6764.985: [GC 6764.986: [ParNew: 353718K->38635K(353920K), 0.2342066 secs] 2555200K->2247068K(3106432K) icms_dc=100 , 0.2357316 secs] [Times: user=2.01 sys=0.42, real=0.24 secs] 
6765.984: [GC 6765.985: [ParNew: 353309K->39296K(353920K), 0.1742165 secs] 2543818K->2237959K(3106432K) icms_dc=100 , 0.1757913 secs] [Times: user=1.55 sys=0.18, real=0.18 secs] 
6766.179: [GC 6766.180: [ParNew: 39633K->26930K(353920K), 0.1184786 secs] 2238293K->2234707K(3106432K) icms_dc=100 , 0.1196778 secs] [Times: user=0.96 sys=0.02, real=0.12 secs] 
6767.113: [GC 6767.114: [ParNew: 341622K->34984K(353920K), 0.0649062 secs] 2520195K->2213558K(3106432K) icms_dc=100 , 0.0664949 secs] [Times: user=0.99 sys=0.02, real=0.07 secs] 
6767.202: [GC 6767.203: [ParNew: 35843K->18040K(353920K), 0.1165679 secs] 2214368K->2225254K(3106432K) icms_dc=100 , 0.1177527 secs] [Times: user=1.10 sys=0.03, real=0.12 secs] 
6768.073: [GC 6768.074: [ParNew: 332664K->23672K(353920K), 0.0917408 secs] 2506053K->2197061K(3106432K) icms_dc=100 , 0.0934309 secs] [Times: user=0.85 sys=0.02, real=0.09 secs] 
6768.967: [GC 6768.968: [ParNew: 338296K->25682K(353920K), 0.0980756 secs] 2477840K->2177780K(3106432K) icms_dc=100 , 0.0996111 secs] [Times: user=1.06 sys=0.02, real=0.10 secs] 
6769.948: [GC 6769.949: [ParNew: 340306K->24923K(353920K), 0.0825761 secs] 2384947K->2080227K(3106432K) icms_dc=100 , 0.0841152 secs] [Times: user=1.07 sys=0.02, real=0.08 secs] 
6770.488: [CMS-concurrent-sweep: 22.047/28.389 secs] [Times: user=696.22 sys=25.59, real=28.39 secs] 
6770.490: [CMS-concurrent-reset-start]
6770.562: [CMS-concurrent-reset: 0.072/0.072 secs] [Times: user=2.31 sys=0.08, real=0.07 secs] 
6770.805: [GC 6770.806: [ParNew: 339547K->39295K(353920K), 0.0707908 secs] 2330819K->2030631K(3106432K) icms_dc=75 , 0.0723064 secs] [Times: user=1.02 sys=0.04, real=0.07 secs] 
6770.976: [GC [1 CMS-initial-mark: 1991335K(2752512K)] 2070385K(3106432K), 0.5638779 secs] [Times: user=0.57 sys=0.00, real=0.56 secs] 
6771.541: [CMS-concurrent-mark-start]
6772.407: [GC 6772.408: [ParNew: 353919K->27766K(353920K), 0.0989125 secs] 2345255K->2037285K(3106432K) icms_dc=75 , 0.1005276 secs] [Times: user=1.23 sys=0.02, real=0.10 secs] 
6773.450: [GC 6773.451: [ParNew: 342390K->30299K(353920K), 0.0685050 secs] 2351909K->2039818K(3106432K) icms_dc=75 , 0.0700870 secs] [Times: user=0.98 sys=0.02, real=0.07 secs] 
6774.447: [GC 6774.448: [ParNew: 344923K->37747K(353920K), 0.0767007 secs] 2354442K->2053663K(3106432K) icms_dc=75 , 0.0782100 secs] [Times: user=1.11 sys=0.02, real=0.08 secs] 
6775.341: [GC 6775.342: [ParNew: 352371K->39295K(353920K), 0.0836127 secs] 2368287K->2065276K(3106432K) icms_dc=75 , 0.0851227 secs] [Times: user=1.09 sys=0.03, real=0.09 secs] 
6776.265: [GC 6776.266: [ParNew: 353919K->39296K(353920K), 0.0804495 secs] 2379900K->2074289K(3106432K) icms_dc=75 , 0.0819860 secs] [Times: user=1.21 sys=0.02, real=0.08 secs] 
6777.218: [GC 6777.219: [ParNew: 353920K->39296K(353920K), 0.1637246 secs] 2388913K->2082840K(3106432K) icms_dc=75 , 0.1652975 secs] [Times: user=1.57 sys=0.14, real=0.18 secs] 
6778.678: [GC 6778.679: [ParNew: 353920K->31107K(353920K), 0.0927165 secs] 2397644K->2089110K(3106432K) icms_dc=75 , 0.0942718 secs] [Times: user=1.13 sys=0.02, real=0.09 secs] 
6779.632: [GC 6779.633: [ParNew: 346018K->39295K(353920K), 0.0884754 secs] 2404021K->2097869K(3106432K) icms_dc=75 , 0.0900613 secs] [Times: user=1.10 sys=0.04, real=0.09 secs] 
6779.742: [GC 6779.742: [ParNew: 39603K->18062K(353920K), 0.0925990 secs] 2098176K->2106706K(3106432K) icms_dc=75 , 0.0937912 secs] [Times: user=1.13 sys=0.03, real=0.09 secs] 
6780.704: [GC 6780.705: [ParNew: 332686K->27131K(353920K), 0.0853884 secs] 2421330K->2115775K(3106432K) icms_dc=75 , 0.0870030 secs] [Times: user=1.00 sys=0.05, real=0.09 secs] 
6781.538: [GC 6781.539: [ParNew: 341797K->28178K(353920K), 0.1002025 secs] 2430441K->2131710K(3106432K) icms_dc=75 , 0.1016977 secs] [Times: user=1.22 sys=0.02, real=0.10 secs] 
6781.660: [GC 6781.661: [ParNew: 29047K->16079K(353920K), 0.0822471 secs] 2132578K->2140858K(3106432K) icms_dc=92 , 0.0834219 secs] [Times: user=0.89 sys=0.02, real=0.08 secs] 
6782.469: [GC 6782.470: [ParNew: 330703K->25815K(353920K), 0.1277466 secs] 2455482K->2150594K(3106432K) icms_dc=92 , 0.1293095 secs] [Times: user=1.14 sys=0.03, real=0.13 secs] 
6783.393: [GC 6783.394: [ParNew: 340439K->27553K(353920K), 0.1801801 secs] 2465218K->2165966K(3106432K) icms_dc=92 , 0.1817098 secs] [Times: user=1.48 sys=0.08, real=0.18 secs] 
6784.327: [GC 6784.328: [ParNew: 342177K->32963K(353920K), 0.1227756 secs] 2480590K->2182047K(3106432K) icms_dc=92 , 0.1242738 secs] [Times: user=1.12 sys=0.02, real=0.12 secs] 
6785.246: [GC 6785.247: [ParNew: 347587K->32235K(353920K), 0.1215631 secs] 2496671K->2192177K(3106432K) icms_dc=95 , 0.1231309 secs] [Times: user=1.25 sys=0.10, real=0.12 secs] 
6786.168: [GC 6786.169: [ParNew: 347692K->34986K(353920K), 0.1685281 secs] 2507633K->2206493K(3106432K) icms_dc=100 , 0.1700505 secs] [Times: user=1.54 sys=0.09, real=0.17 secs] 
6786.358: [GC 6786.359: [ParNew: 35306K->14900K(353920K), 0.0803769 secs] 2206814K->2211285K(3106432K) icms_dc=100 , 0.0815173 secs] [Times: user=0.97 sys=0.01, real=0.08 secs] 
6787.278: [GC 6787.279: [ParNew: 329524K->31440K(353920K), 0.1087941 secs] 2525909K->2227825K(3106432K) icms_dc=100 , 0.1102761 secs] [Times: user=1.27 sys=0.11, real=0.11 secs] 
6788.218: [GC 6788.219: [ParNew: 346064K->33875K(353920K), 0.1534408 secs] 2542449K->2245139K(3106432K) icms_dc=100 , 0.1550120 secs] [Times: user=1.32 sys=0.03, real=0.16 secs] 
6789.169: [GC 6789.170: [ParNew: 348525K->34470K(353920K), 0.1284105 secs] 2559789K->2257580K(3106432K) icms_dc=100 , 0.1299465 secs] [Times: user=1.34 sys=0.09, real=0.13 secs] 
6789.319: [GC 6789.320: [ParNew: 34951K->18442K(353920K), 0.0741986 secs] 2258061K->2267515K(3106432K) icms_dc=100 , 0.0753516 secs] [Times: user=0.91 sys=0.03, real=0.08 secs] 
6790.297: [GC 6790.298: [ParNew: 332837K->25674K(353920K), 0.1248429 secs] 2581910K->2274747K(3106432K) icms_dc=100 , 0.1263882 secs] [Times: user=1.35 sys=0.14, real=0.13 secs] 
6790.952: [CMS-concurrent-mark: 13.738/19.411 secs] [Times: user=493.18 sys=15.73, real=19.41 secs] 
6790.953: [CMS-concurrent-preclean-start]
6791.152: [GC 6791.153: [ParNew: 340298K->27326K(353920K), 0.1282576 secs] 2589371K->2291421K(3106432K) icms_dc=100 , 0.1297736 secs] [Times: user=1.44 sys=0.09, real=0.13 secs] 
6792.053: [GC 6792.054: [ParNew: 341950K->28946K(353920K), 0.0974155 secs] 2606045K->2302573K(3106432K) icms_dc=100 , 0.0989781 secs] [Times: user=1.18 sys=0.04, real=0.10 secs] 
6793.001: [GC 6793.002: [ParNew: 343570K->28433K(353920K), 0.0805717 secs] 2617197K->2312830K(3106432K) icms_dc=100 , 0.0820952 secs] [Times: user=1.04 sys=0.02, real=0.08 secs] 
6794.020: [GC 6794.021: [ParNew: 343057K->29344K(353920K), 0.1044209 secs] 2627454K->2325478K(3106432K) icms_dc=100 , 0.1060071 secs] [Times: user=1.17 sys=0.03, real=0.11 secs] 
6795.356: [GC 6795.357: [ParNew: 343968K->31980K(353920K), 0.1019506 secs] 2640102K->2339161K(3106432K) icms_dc=100 , 0.1035708 secs] [Times: user=1.11 sys=0.02, real=0.10 secs] 
6796.321: [GC 6796.322: [ParNew: 346604K->32070K(353920K), 0.0842741 secs] 2653785K->2350936K(3106432K) icms_dc=100 , 0.0858082 secs] [Times: user=1.10 sys=0.03, real=0.09 secs] 
6797.590: [GC 6797.592: [ParNew: 346694K->26123K(353920K), 0.1275746 secs] 2665560K->2356083K(3106432K) icms_dc=100 , 0.1291642 secs] [Times: user=1.29 sys=0.12, real=0.13 secs] 
6798.641: [GC 6798.642: [ParNew: 340747K->37419K(353920K), 0.0742028 secs] 2670707K->2367379K(3106432K) icms_dc=100 , 0.0757893 secs] [Times: user=0.98 sys=0.02, real=0.08 secs] 
6799.600: [GC 6799.601: [ParNew: 352043K->28330K(353920K), 0.1011812 secs] 2682003K->2376752K(3106432K) icms_dc=100 , 0.1027058 secs] [Times: user=1.27 sys=0.04, real=0.10 secs] 
6800.483: [GC 6800.484: [ParNew: 342954K->36304K(353920K), 0.1246522 secs] 2691376K->2384726K(3106432K) icms_dc=100 , 0.1261892 secs] [Times: user=1.31 sys=0.13, real=0.13 secs] 
6801.290: [GC 6801.291: [ParNew: 350915K->24274K(353920K), 0.1450718 secs] 2699337K->2389505K(3106432K) icms_dc=100 , 0.1466028 secs] [Times: user=1.39 sys=0.08, real=0.15 secs] 
6802.206: [GC 6802.207: [ParNew: 338898K->35539K(353920K), 0.0555933 secs] 2704129K->2400769K(3106432K) icms_dc=100 , 0.0570830 secs] [Times: user=0.92 sys=0.02, real=0.06 secs] 
6803.091: [GC 6803.092: [ParNew: 350163K->39296K(353920K), 0.0825200 secs] 2715393K->2412754K(3106432K) icms_dc=100 , 0.0840505 secs] [Times: user=1.19 sys=0.04, real=0.08 secs] 
6804.105: [GC 6804.106: [ParNew: 353920K->39295K(353920K), 0.0989477 secs] 2727378K->2422287K(3106432K) icms_dc=100 , 0.1005028 secs] [Times: user=1.21 sys=0.03, real=0.10 secs] 
6804.406: [CMS-concurrent-preclean: 10.089/13.453 secs] [Times: user=328.73 sys=12.42, real=13.45 secs] 
6804.408: [CMS-concurrent-abortable-preclean-start]
6804.936: [GC 6804.937: [ParNew: 353919K->39296K(353920K), 0.1486564 secs] 2736911K->2432797K(3106432K) icms_dc=100 , 0.1502540 secs] [Times: user=1.44 sys=0.09, real=0.15 secs] 
6806.029: [GC 6806.030: [ParNew: 353920K->39296K(353920K), 0.1187234 secs] 2747421K->2440737K(3106432K) icms_dc=100 , 0.1202579 secs] [Times: user=1.30 sys=0.03, real=0.12 secs] 
6806.363: [CMS-concurrent-abortable-preclean: 1.492/1.956 secs] [Times: user=47.78 sys=1.77, real=1.96 secs] 
6806.383: [GC[YG occupancy: 129061 K (353920 K)]6806.384: [Rescan (parallel) , 0.1128927 secs]6806.497: [weak refs processing, 0.0241229 secs] [1 CMS-remark: 2401441K(2752512K)] 2530503K(3106432K), 0.1404941 secs] [Times: user=1.94 sys=0.05, real=0.14 secs] 
6806.525: [CMS-concurrent-sweep-start]
6807.111: [GC 6807.112: [ParNew: 353920K->39296K(353920K), 0.1495958 secs] 2755152K->2449818K(3106432K) icms_dc=100 , 0.1511397 secs] [Times: user=1.67 sys=0.14, real=0.15 secs] 
6808.138: [GC 6808.139: [ParNew: 353920K->38944K(353920K), 0.1403501 secs] 2764332K->2466868K(3106432K) icms_dc=100 , 0.1418930 secs] [Times: user=1.45 sys=0.05, real=0.14 secs] 
6809.039: [GC 6809.040: [ParNew: 353554K->27277K(353920K), 0.1120340 secs] 2781040K->2463633K(3106432K) icms_dc=100 , 0.1135989 secs] [Times: user=1.34 sys=0.07, real=0.11 secs] 
6809.962: [GC 6809.963: [ParNew: 341356K->31359K(353920K), 0.1188211 secs] 2776793K->2476141K(3106432K) icms_dc=100 , 0.1203962 secs] [Times: user=1.34 sys=0.10, real=0.12 secs] 
6810.901: [GC 6810.903: [ParNew: 346193K->25373K(353920K), 0.1588733 secs] 2789443K->2482390K(3106432K) icms_dc=100 , 0.1603925 secs] [Times: user=1.62 sys=0.19, real=0.16 secs] 
6811.826: [GC 6811.827: [ParNew: 339997K->36943K(353920K), 0.0893390 secs] 2794807K->2491753K(3106432K) icms_dc=100 , 0.0909516 secs] [Times: user=1.09 sys=0.08, real=0.09 secs] 
6812.772: [GC 6812.773: [ParNew: 351567K->37779K(353920K), 0.0803901 secs] 2803749K->2498443K(3106432K) icms_dc=100 , 0.0819657 secs] [Times: user=1.16 sys=0.01, real=0.08 secs] 
6813.688: [GC 6813.689: [ParNew: 352439K->39296K(353920K), 0.1397423 secs] 2810198K->2506578K(3106432K) icms_dc=100 , 0.1412603 secs] [Times: user=1.47 sys=0.12, real=0.14 secs] 
6813.850: [GC 6813.851: [ParNew: 39868K->26453K(353920K), 0.0956615 secs] 2507135K->2523419K(3106432K) icms_dc=100 , 0.0968240 secs] [Times: user=1.14 sys=0.05, real=0.10 secs] 
6814.749: [GC 6814.750: [ParNew: 341340K->29136K(353920K), 0.0555307 secs] 2834560K->2522357K(3106432K) icms_dc=100 , 0.0570755 secs] [Times: user=0.92 sys=0.01, real=0.06 secs] 
6814.826: [GC 6814.826: [ParNew: 29418K->6118K(353920K), 0.1270875 secs] 2522636K->2525498K(3106432K) icms_dc=100 , 0.1283240 secs] [Times: user=1.30 sys=0.15, real=0.13 secs] 
6815.753: [GC 6815.754: [ParNew: 320810K->28269K(353920K), 0.1320480 secs] 2837797K->2545256K(3106432K) icms_dc=100 , 0.1336202 secs] [Times: user=1.34 sys=0.16, real=0.13 secs] 
6815.914: [GC 6815.915: [ParNew: 32520K->11264K(353920K), 0.1049250 secs] 2549500K->2553850K(3106432K) icms_dc=100 , 0.1061080 secs] [Times: user=1.01 sys=0.04, real=0.11 secs] 
6816.821: [GC 6816.822: [ParNew: 325888K->23394K(353920K), 0.0703667 secs] 2865254K->2562760K(3106432K) icms_dc=100 , 0.0720118 secs] [Times: user=1.02 sys=0.03, real=0.07 secs] 
6817.806: [GC 6817.807: [ParNew: 338018K->25590K(353920K), 0.1487710 secs] 2872479K->2573600K(3106432K) icms_dc=100 , 0.1503761 secs] [Times: user=1.54 sys=0.19, real=0.15 secs] 
6818.722: [GC 6818.723: [ParNew: 340214K->25431K(353920K), 0.0873884 secs] 2884400K->2580560K(3106432K) icms_dc=100 , 0.0889530 secs] [Times: user=1.23 sys=0.02, real=0.09 secs] 
6819.612: [GC 6819.613: [ParNew: 340055K->36364K(353920K), 0.0952843 secs] 2890807K->2587115K(3106432K) icms_dc=100 , 0.0967896 secs] [Times: user=1.13 sys=0.07, real=0.10 secs] 
6820.450: [GC 6820.451: [ParNew: 350988K->39296K(353920K), 0.1051455 secs] 2897924K->2596345K(3106432K) icms_dc=100 , 0.1066698 secs] [Times: user=1.33 sys=0.05, real=0.11 secs] 
6821.396: [GC 6821.397: [ParNew: 353920K->30760K(353920K), 0.1183272 secs] 2903942K->2596191K(3106432K) icms_dc=100 , 0.1199800 secs] [Times: user=1.44 sys=0.07, real=0.12 secs] 
6822.327: [GC 6822.328: [ParNew: 345381K->36103K(353920K), 0.0638648 secs] 2900202K->2590925K(3106432K) icms_dc=100 , 0.0654737 secs] [Times: user=0.99 sys=0.02, real=0.07 secs] 
6823.264: [GC 6823.266: [ParNew: 350727K->30530K(353920K), 0.0947317 secs] 2899285K->2596687K(3106432K) icms_dc=100 , 0.0962619 secs] [Times: user=1.25 sys=0.02, real=0.10 secs] 
6824.233: [GC 6824.234: [ParNew: 345154K->28555K(353920K), 0.1207876 secs] 2903488K->2596112K(3106432K) icms_dc=100 , 0.1223369 secs] [Times: user=1.18 sys=0.11, real=0.12 secs] 
6825.298: [GC 6825.300: [ParNew: 343179K->35789K(353920K), 0.0920864 secs] 2881308K->2573918K(3106432K) icms_dc=100 , 0.0937281 secs] [Times: user=1.02 sys=0.03, real=0.09 secs] 
6826.144: [GC 6826.145: [ParNew: 350447K->37134K(353920K), 0.0919193 secs] 2846764K->2541053K(3106432K) icms_dc=100 , 0.0934369 secs] [Times: user=1.14 sys=0.03, real=0.09 secs] 
6826.257: [GC 6826.258: [ParNew: 37448K->26746K(353920K), 0.0773907 secs] 2541366K->2540074K(3106432K) icms_dc=100 , 0.0785469 secs] [Times: user=1.01 sys=0.02, real=0.08 secs] 
6827.111: [GC 6827.112: [ParNew: 341370K->34549K(353920K), 0.1099035 secs] 2825636K->2518815K(3106432K) icms_dc=100 , 0.1114749 secs] [Times: user=0.99 sys=0.02, real=0.11 secs] 
6828.031: [GC 6828.032: [ParNew: 349173K->39295K(353920K), 0.1326206 secs] 2795415K->2492525K(3106432K) icms_dc=100 , 0.1342565 secs] [Times: user=1.29 sys=0.06, real=0.13 secs] 
6828.855: [GC 6828.856: [ParNew: 353919K->39296K(353920K), 0.0838700 secs] 2787470K->2481678K(3106432K) icms_dc=100 , 0.0854954 secs] [Times: user=1.17 sys=0.02, real=0.09 secs] 
6829.685: [GC 6829.686: [ParNew: 353920K->39296K(353920K), 0.1018198 secs] 2742724K->2437793K(3106432K) icms_dc=100 , 0.1033850 secs] [Times: user=1.24 sys=0.05, real=0.10 secs] 
6830.617: [GC 6830.618: [ParNew: 353920K->28771K(353920K), 0.1163479 secs] 2716750K->2407886K(3106432K) icms_dc=100 , 0.1179095 secs] [Times: user=1.36 sys=0.07, real=0.12 secs] 
6831.495: [GC 6831.496: [ParNew: 343634K->34330K(353920K), 0.1398166 secs] 2680382K->2371078K(3106432K) icms_dc=100 , 0.1413653 secs] [Times: user=1.48 sys=0.17, real=0.14 secs] 
6831.657: [GC 6831.657: [ParNew: 35090K->19650K(353920K), 0.0868458 secs] 2371797K->2386351K(3106432K) icms_dc=100 , 0.0880197 secs] [Times: user=1.07 sys=0.02, real=0.09 secs] 
6832.601: [GC 6832.602: [ParNew: 334656K->25482K(353920K), 0.1656898 secs] 2660021K->2350848K(3106432K) icms_dc=100 , 0.1672332 secs] [Times: user=1.47 sys=0.27, real=0.17 secs] 
6832.788: [GC 6832.789: [ParNew: 25803K->6559K(353920K), 0.0797979 secs] 2351120K->2354417K(3106432K) icms_dc=100 , 0.0809750 secs] [Times: user=0.99 sys=0.02, real=0.08 secs] 
6833.687: [GC 6833.688: [ParNew: 321183K->25756K(353920K), 0.0681125 secs] 2619074K->2323647K(3106432K) icms_dc=100 , 0.0697357 secs] [Times: user=0.89 sys=0.02, real=0.07 secs] 
6834.571: [GC 6834.572: [ParNew: 340380K->24999K(353920K), 0.1057690 secs] 2573554K->2272786K(3106432K) icms_dc=100 , 0.1072704 secs] [Times: user=1.26 sys=0.07, real=0.11 secs] 
6835.526: [GC 6835.527: [ParNew: 339623K->35998K(353920K), 0.0701440 secs] 2547986K->2244360K(3106432K) icms_dc=100 , 0.0717199 secs] [Times: user=0.94 sys=0.02, real=0.07 secs] 
6836.192: [CMS-concurrent-sweep: 24.011/29.666 secs] [Times: user=756.96 sys=26.95, real=29.67 secs] 
6836.193: [CMS-concurrent-reset-start]
6836.238: [CMS-concurrent-reset: 0.045/0.045 secs] [Times: user=1.45 sys=0.06, real=0.05 secs] 
6836.283: [GC 6836.284: [ParNew: 350622K->35109K(353920K), 0.0970774 secs] 2537947K->2231945K(3106432K) icms_dc=75 , 0.0985788 secs] [Times: user=1.11 sys=0.02, real=0.10 secs] 
6836.489: [GC [1 CMS-initial-mark: 2196835K(2752512K)] 2271358K(3106432K), 0.6564140 secs] [Times: user=0.65 sys=0.00, real=0.66 secs] 
6837.147: [CMS-concurrent-mark-start]
6837.934: [GC 6837.935: [ParNew: 349733K->39295K(353920K), 0.0887080 secs] 2546569K->2246013K(3106432K) icms_dc=87 , 0.0902562 secs] [Times: user=1.13 sys=0.02, real=0.09 secs] 
6838.847: [GC 6838.848: [ParNew: 353359K->39296K(353920K), 0.0880954 secs] 2560077K->2253204K(3106432K) icms_dc=89 , 0.0896804 secs] [Times: user=1.17 sys=0.02, real=0.09 secs] 
6839.884: [GC 6839.885: [ParNew: 353920K->32102K(353920K), 0.0996870 secs] 2567828K->2264421K(3106432K) icms_dc=100 , 0.1012334 secs] [Times: user=1.29 sys=0.02, real=0.10 secs] 
6840.877: [GC 6840.879: [ParNew: 346775K->37959K(353920K), 0.0709822 secs] 2579095K->2270279K(3106432K) icms_dc=100 , 0.0725139 secs] [Times: user=1.01 sys=0.02, real=0.07 secs] 
6840.976: [GC 6840.976: [ParNew: 40739K->21959K(353920K), 0.1029582 secs] 2273059K->2286319K(3106432K) icms_dc=100 , 0.1041772 secs] [Times: user=1.12 sys=0.03, real=0.10 secs] 
6842.212: [GC 6842.213: [ParNew: 336583K->23708K(353920K), 0.1033790 secs] 2600943K->2288068K(3106432K) icms_dc=100 , 0.1048881 secs] [Times: user=1.16 sys=0.13, real=0.11 secs] 
6843.272: [GC 6843.273: [ParNew: 338332K->20422K(353920K), 0.0894518 secs] 2602692K->2297143K(3106432K) icms_dc=100 , 0.0910095 secs] [Times: user=1.07 sys=0.03, real=0.09 secs] 
6844.310: [GC 6844.311: [ParNew: 335046K->31655K(353920K), 0.0805056 secs] 2611767K->2308376K(3106432K) icms_dc=100 , 0.0820927 secs] [Times: user=1.02 sys=0.02, real=0.08 secs] 
6845.544: [GC 6845.546: [ParNew: 346436K->39196K(353920K), 0.1378148 secs] 2623157K->2322843K(3106432K) icms_dc=100 , 0.1393402 secs] [Times: user=1.52 sys=0.16, real=0.14 secs] 
6845.711: [GC 6845.711: [ParNew: 41470K->33266K(353920K), 0.0740961 secs] 2325117K->2326724K(3106432K) icms_dc=100 , 0.0753190 secs] [Times: user=0.97 sys=0.03, real=0.08 secs] 
6846.715: [GC 6846.716: [ParNew: 347890K->34828K(353920K), 0.1260928 secs] 2641348K->2328287K(3106432K) icms_dc=100 , 0.1276290 secs] [Times: user=1.23 sys=0.14, real=0.13 secs] 
6847.683: [GC 6847.684: [ParNew: 349567K->37556K(353920K), 0.1271848 secs] 2643025K->2338580K(3106432K) icms_dc=100 , 0.1287051 secs] [Times: user=1.48 sys=0.14, real=0.13 secs] 
6847.832: [GC 6847.833: [ParNew: 38151K->25418K(353920K), 0.1368647 secs] 2339175K->2336257K(3106432K) icms_dc=100 , 0.1380306 secs] [Times: user=1.35 sys=0.20, real=0.14 secs] 
6848.894: [GC 6848.895: [ParNew: 340042K->36324K(353920K), 0.0741993 secs] 2650881K->2347164K(3106432K) icms_dc=100 , 0.0757785 secs] [Times: user=0.99 sys=0.02, real=0.08 secs] 
6849.809: [GC 6849.864: [ParNew: 350948K->39296K(353920K), 0.1824182 secs] 2661788K->2359643K(3106432K) icms_dc=100 , 0.1839808 secs] [Times: user=1.43 sys=0.16, real=0.24 secs] 
6851.027: [GC 6851.028: [ParNew: 353919K->39296K(353920K), 0.1575732 secs] 2674267K->2368322K(3106432K) icms_dc=100 , 0.1592068 secs] [Times: user=1.53 sys=0.17, real=0.16 secs] 
6852.118: [GC 6852.119: [ParNew: 353920K->39296K(353920K), 0.1594383 secs] 2683346K->2378539K(3106432K) icms_dc=100 , 0.1609786 secs] [Times: user=1.40 sys=0.12, real=0.16 secs] 
6852.299: [GC 6852.300: [ParNew: 39459K->30786K(353920K), 0.0895239 secs] 2378702K->2379238K(3106432K) icms_dc=100 , 0.0906829 secs] [Times: user=0.98 sys=0.03, real=0.09 secs] 
6853.213: [CMS-concurrent-mark: 12.118/16.066 secs] [Times: user=392.25 sys=14.06, real=16.07 secs] 
6853.214: [CMS-concurrent-preclean-start]
6853.362: [GC 6853.363: [ParNew: 345748K->33978K(353920K), 0.1489313 secs] 2694200K->2382430K(3106432K) icms_dc=100 , 0.1505238 secs] [Times: user=1.36 sys=0.20, real=0.15 secs] 
6853.532: [GC 6853.533: [ParNew: 34179K->24966K(353920K), 0.0613826 secs] 2382631K->2382042K(3106432K) icms_dc=100 , 0.0625375 secs] [Times: user=0.97 sys=0.02, real=0.06 secs] 
6854.449: [GC 6854.450: [ParNew: 339590K->35420K(353920K), 0.0969949 secs] 2696666K->2392496K(3106432K) icms_dc=100 , 0.0985335 secs] [Times: user=1.15 sys=0.11, real=0.10 secs] 
6855.395: [GC 6855.396: [ParNew: 350044K->39295K(353920K), 0.0924678 secs] 2707120K->2403714K(3106432K) icms_dc=100 , 0.0940383 secs] [Times: user=1.09 sys=0.02, real=0.09 secs] 
6856.246: [GC 6856.247: [ParNew: 353919K->37934K(353920K), 0.0825869 secs] 2718338K->2410696K(3106432K) icms_dc=100 , 0.0843300 secs] [Times: user=1.27 sys=0.03, real=0.08 secs] 
6857.125: [GC 6857.126: [ParNew: 352558K->39296K(353920K), 0.0902698 secs] 2725320K->2420114K(3106432K) icms_dc=100 , 0.0918117 secs] [Times: user=1.17 sys=0.03, real=0.09 secs] 
6857.896: [GC 6857.897: [ParNew: 353920K->39296K(353920K), 0.1196098 secs] 2734738K->2430150K(3106432K) icms_dc=100 , 0.1211487 secs] [Times: user=1.39 sys=0.08, real=0.12 secs] 
6858.762: [GC 6858.763: [ParNew: 353920K->39296K(353920K), 0.1003737 secs] 2744774K->2438814K(3106432K) icms_dc=100 , 0.1019259 secs] [Times: user=1.25 sys=0.04, real=0.10 secs] 
6859.706: [GC 6859.707: [ParNew: 353920K->39296K(353920K), 0.1523820 secs] 2753438K->2447923K(3106432K) icms_dc=100 , 0.1539383 secs] [Times: user=1.46 sys=0.14, real=0.15 secs] 
6860.687: [GC 6860.688: [ParNew: 353920K->39295K(353920K), 0.0808742 secs] 2762547K->2455772K(3106432K) icms_dc=100 , 0.0824441 secs] [Times: user=1.15 sys=0.02, real=0.08 secs] 
6861.576: [GC 6861.577: [ParNew: 353919K->39296K(353920K), 0.1015052 secs] 2770567K->2465093K(3106432K) icms_dc=100 , 0.1036024 secs] [Times: user=1.26 sys=0.05, real=0.10 secs] 
6861.700: [GC 6861.701: [ParNew: 39986K->33310K(353920K), 0.1437142 secs] 2465783K->2467929K(3106432K) icms_dc=100 , 0.1448858 secs] [Times: user=1.30 sys=0.17, real=0.15 secs] 
6862.649: [GC 6862.650: [ParNew: 347934K->34985K(353920K), 0.1263727 secs] 2782553K->2469604K(3106432K) icms_dc=100 , 0.1279956 secs] [Times: user=1.50 sys=0.16, real=0.13 secs] 
6863.593: [GC 6863.594: [ParNew: 349787K->30904K(353920K), 0.1477612 secs] 2784406K->2481699K(3106432K) icms_dc=100 , 0.1493172 secs] [Times: user=1.48 sys=0.13, real=0.15 secs] 
6864.045: [CMS-concurrent-preclean: 8.190/10.831 secs] [Times: user=275.68 sys=9.93, real=10.83 secs] 
6864.047: [CMS-concurrent-abortable-preclean-start]
6864.557: [GC 6864.558: [ParNew: 345528K->23370K(353920K), 0.0930776 secs] 2796323K->2483200K(3106432K) icms_dc=100 , 0.0946539 secs] [Times: user=1.07 sys=0.03, real=0.10 secs] 
6865.378: [GC 6865.379: [ParNew: 337994K->36205K(353920K), 0.0755548 secs] 2797824K->2496035K(3106432K) icms_dc=100 , 0.0770886 secs] [Times: user=1.05 sys=0.02, real=0.08 secs] 
6866.291: [GC 6866.292: [ParNew: 350935K->39296K(353920K), 0.1555819 secs] 2810765K->2508123K(3106432K) icms_dc=100 , 0.1571109 secs] [Times: user=1.41 sys=0.12, real=0.16 secs] 
6866.468: [GC 6866.469: [ParNew: 40327K->32431K(353920K), 0.0818759 secs] 2509154K->2511854K(3106432K) icms_dc=100 , 0.0830495 secs] [Times: user=1.00 sys=0.02, real=0.08 secs] 
6866.841: [CMS-concurrent-abortable-preclean: 2.048/2.794 secs] [Times: user=71.54 sys=2.54, real=2.80 secs] 
6866.864: [GC[YG occupancy: 154631 K (353920 K)]6866.865: [Rescan (parallel) , 0.1253926 secs]6866.990: [weak refs processing, 0.0430594 secs] [1 CMS-remark: 2479422K(2752512K)] 2634054K(3106432K), 0.1754206 secs] [Times: user=2.26 sys=0.00, real=0.18 secs] 
6867.041: [CMS-concurrent-sweep-start]
6867.605: [GC 6867.606: [ParNew: 347055K->37679K(353920K), 0.1010604 secs] 2826167K->2516791K(3106432K) icms_dc=100 , 0.1026571 secs] [Times: user=1.15 sys=0.03, real=0.10 secs] 
6868.919: [GC 6868.920: [ParNew: 352303K->30798K(353920K), 0.1032146 secs] 2830966K->2528667K(3106432K) icms_dc=100 , 0.1046771 secs] [Times: user=1.32 sys=0.03, real=0.11 secs] 
6870.142: [GC 6870.143: [ParNew: 345568K->33301K(353920K), 0.1623814 secs] 2842448K->2541185K(3106432K) icms_dc=100 , 0.1639537 secs] [Times: user=1.25 sys=0.02, real=0.16 secs] 
6871.134: [GC 6871.135: [ParNew: 347925K->35309K(353920K), 0.0776770 secs] 2855706K->2552825K(3106432K) icms_dc=100 , 0.0792582 secs] [Times: user=1.12 sys=0.03, real=0.08 secs] 
6872.338: [GC 6872.339: [ParNew: 350346K->36909K(353920K), 0.1287263 secs] 2866395K->2565344K(3106432K) icms_dc=100 , 0.1302972 secs] [Times: user=1.40 sys=0.08, real=0.13 secs] 
6873.374: [GC 6873.375: [ParNew: 351533K->27165K(353920K), 0.1410907 secs] 2879304K->2565497K(3106432K) icms_dc=100 , 0.1426687 secs] [Times: user=1.37 sys=0.11, real=0.14 secs] 
6874.671: [GC 6874.672: [ParNew: 341789K->39295K(353920K), 0.0918252 secs] 2877337K->2575467K(3106432K) icms_dc=100 , 0.0934060 secs] [Times: user=1.10 sys=0.06, real=0.09 secs] 
6875.627: [GC 6875.628: [ParNew: 353919K->32958K(353920K), 0.1301138 secs] 2888961K->2586195K(3106432K) icms_dc=100 , 0.1316674 secs] [Times: user=1.42 sys=0.08, real=0.13 secs] 
6876.964: [GC 6876.965: [ParNew: 347582K->31123K(353920K), 0.1810501 secs] 2895058K->2588836K(3106432K) icms_dc=100 , 0.1826454 secs] [Times: user=1.56 sys=0.23, real=0.18 secs] 
6877.882: [GC 6877.883: [ParNew: 345747K->37746K(353920K), 0.0832093 secs] 2898043K->2590042K(3106432K) icms_dc=100 , 0.0847520 secs] [Times: user=1.10 sys=0.05, real=0.09 secs] 
6879.420: [GC 6879.421: [ParNew: 352338K->32225K(353920K), 0.1097758 secs] 2899049K->2599189K(3106432K) icms_dc=100 , 0.1113795 secs] [Times: user=1.26 sys=0.03, real=0.11 secs] 
6880.368: [GC 6880.369: [ParNew: 347529K->32114K(353920K), 0.0891843 secs] 2911778K->2605866K(3106432K) icms_dc=100 , 0.0907184 secs] [Times: user=1.02 sys=0.01, real=0.09 secs] 
6880.486: [GC 6880.486: [ParNew: 35096K->19135K(353920K), 0.0762923 secs] 2608846K->2616328K(3106432K) icms_dc=100 , 0.0774781 secs] [Times: user=0.91 sys=0.02, real=0.08 secs] 
6881.384: [GC 6881.385: [ParNew: 333759K->27195K(353920K), 0.1568264 secs] 2929505K->2622941K(3106432K) icms_dc=100 , 0.1583333 secs] [Times: user=1.24 sys=0.11, real=0.16 secs] 
6882.389: [GC 6882.390: [ParNew: 342071K->27082K(353920K), 0.0998662 secs] 2930452K->2627257K(3106432K) icms_dc=100 , 0.1013846 secs] [Times: user=1.13 sys=0.03, real=0.10 secs] 
6882.511: [GC 6882.511: [ParNew: 27427K->11585K(353920K), 0.0809731 secs] 2627595K->2632511K(3106432K) icms_dc=100 , 0.0821182 secs] [Times: user=0.94 sys=0.03, real=0.08 secs] 
6883.409: [GC 6883.411: [ParNew: 326209K->25683K(353920K), 0.0791169 secs] 2941645K->2641119K(3106432K) icms_dc=100 , 0.0806523 secs] [Times: user=0.96 sys=0.03, real=0.08 secs] 
6884.304: [GC 6884.305: [ParNew: 340307K->22959K(353920K), 0.1742711 secs] 2942471K->2637717K(3106432K) icms_dc=100 , 0.1758343 secs] [Times: user=1.54 sys=0.19, real=0.18 secs] 
6885.299: [GC 6885.300: [ParNew: 337583K->38956K(353920K), 0.1983423 secs] 2945498K->2646872K(3106432K) icms_dc=100 , 0.1998799 secs] [Times: user=1.54 sys=0.25, real=0.20 secs] 
6886.289: [GC 6886.290: [ParNew: 353580K->29316K(353920K), 0.1232957 secs] 2955159K->2648553K(3106432K) icms_dc=100 , 0.1248220 secs] [Times: user=1.37 sys=0.05, real=0.13 secs] 
6887.232: [GC 6887.249: [ParNew: 343940K->31472K(353920K), 0.0939787 secs] 2953385K->2640916K(3106432K) icms_dc=100 , 0.0956320 secs] [Times: user=1.01 sys=0.03, real=0.11 secs] 
6888.210: [GC 6888.211: [ParNew: 346096K->36581K(353920K), 0.0990080 secs] 2946537K->2644262K(3106432K) icms_dc=100 , 0.1005484 secs] [Times: user=1.18 sys=0.04, real=0.10 secs] 
6889.273: [GC 6889.274: [ParNew: 351205K->39295K(353920K), 0.0922760 secs] 2880268K->2575028K(3106432K) icms_dc=100 , 0.0938487 secs] [Times: user=1.12 sys=0.03, real=0.09 secs] 
6890.149: [GC 6890.150: [ParNew: 353919K->38840K(353920K), 0.0897732 secs] 2836188K->2527788K(3106432K) icms_dc=100 , 0.0912954 secs] [Times: user=1.12 sys=0.04, real=0.09 secs] 
6891.134: [GC 6891.135: [ParNew: 353464K->37524K(353920K), 0.1414322 secs] 2755030K->2448052K(3106432K) icms_dc=100 , 0.1430260 secs] [Times: user=1.46 sys=0.14, real=0.14 secs] 
6892.159: [GC 6892.160: [ParNew: 352148K->33529K(353920K), 0.0784815 secs] 2685738K->2372275K(3106432K) icms_dc=100 , 0.0800615 secs] [Times: user=1.13 sys=0.02, real=0.08 secs] 
6893.000: [GC 6893.001: [ParNew: 348153K->39296K(353920K), 0.1000691 secs] 2650732K->2349399K(3106432K) icms_dc=100 , 0.1016064 secs] [Times: user=1.29 sys=0.04, real=0.10 secs] 
6893.840: [GC 6893.841: [ParNew: 353920K->29241K(353920K), 0.0858732 secs] 2645268K->2336058K(3106432K) icms_dc=100 , 0.0873981 secs] [Times: user=1.18 sys=0.03, real=0.09 secs] 
6894.757: [GC 6894.758: [ParNew: 343926K->31971K(353920K), 0.0797839 secs] 2617498K->2305542K(3106432K) icms_dc=100 , 0.0813691 secs] [Times: user=1.03 sys=0.04, real=0.08 secs] 
6894.859: [GC 6894.859: [ParNew: 32565K->24485K(353920K), 0.0794792 secs] 2306133K->2306487K(3106432K) icms_dc=100 , 0.0806311 secs] [Times: user=0.99 sys=0.03, real=0.08 secs] 
6895.719: [GC 6895.720: [ParNew: 339109K->32969K(353920K), 0.0816892 secs] 2593981K->2287841K(3106432K) icms_dc=100 , 0.0832423 secs] [Times: user=1.07 sys=0.02, real=0.08 secs] 
6896.579: [GC 6896.580: [ParNew: 347736K->35422K(353920K), 0.1441888 secs] 2579832K->2274718K(3106432K) icms_dc=100 , 0.1457307 secs] [Times: user=1.31 sys=0.02, real=0.15 secs] 
6896.745: [GC 6896.746: [ParNew: 36059K->25766K(353920K), 0.1513298 secs] 2275349K->2275075K(3106432K) icms_dc=100 , 0.1524952 secs] [Times: user=1.44 sys=0.20, real=0.15 secs] 
6897.630: [GC 6897.631: [ParNew: 340390K->30064K(353920K), 0.1629026 secs] 2554169K->2243843K(3106432K) icms_dc=100 , 0.1644422 secs] [Times: user=1.44 sys=0.20, real=0.17 secs] 
6898.618: [GC 6898.619: [ParNew: 344688K->36631K(353920K), 0.1079454 secs] 2499534K->2197743K(3106432K) icms_dc=100 , 0.1095200 secs] [Times: user=1.39 sys=0.08, real=0.11 secs] 
6899.518: [GC 6899.519: [ParNew: 351255K->31767K(353920K), 0.1223760 secs] 2456929K->2154112K(3106432K) icms_dc=100 , 0.1239268 secs] [Times: user=1.34 sys=0.05, real=0.12 secs] 
6900.215: [CMS-concurrent-sweep: 24.233/33.174 secs] [Times: user=778.47 sys=27.90, real=33.17 secs] 
6900.216: [CMS-concurrent-reset-start]
6900.245: [CMS-concurrent-reset: 0.029/0.029 secs] [Times: user=0.62 sys=0.04, real=0.03 secs] 
6900.525: [GC 6900.526: [ParNew: 346405K->27206K(353920K), 0.1315389 secs] 2376817K->2067216K(3106432K) icms_dc=75 , 0.1331284 secs] [Times: user=1.34 sys=0.12, real=0.13 secs] 
6900.756: [GC [1 CMS-initial-mark: 2040010K(2752512K)] 2106694K(3106432K), 0.5553683 secs] [Times: user=0.55 sys=0.01, real=0.56 secs] 
6901.313: [CMS-concurrent-mark-start]
6901.979: [GC 6901.980: [ParNew: 342861K->38018K(353920K), 0.1291002 secs] 2382871K->2078029K(3106432K) icms_dc=75 , 0.1306198 secs] [Times: user=1.18 sys=0.09, real=0.13 secs] 
6902.131: [GC 6902.131: [ParNew: 38696K->30233K(353920K), 0.1256532 secs] 2078706K->2082101K(3106432K) icms_dc=75 , 0.1268378 secs] [Times: user=1.11 sys=0.02, real=0.13 secs] 
6903.103: [GC 6903.104: [ParNew: 346006K->39119K(353920K), 0.0732518 secs] 2397874K->2090987K(3106432K) icms_dc=75 , 0.0748103 secs] [Times: user=1.04 sys=0.02, real=0.08 secs] 
6903.199: [GC 6903.200: [ParNew: 39769K->16803K(353920K), 0.0911332 secs] 2091637K->2102827K(3106432K) icms_dc=75 , 0.0923081 secs] [Times: user=1.15 sys=0.02, real=0.09 secs] 
6904.220: [GC 6904.221: [ParNew: 332167K->31080K(353920K), 0.1383405 secs] 2418192K->2117105K(3106432K) icms_dc=75 , 0.1399004 secs] [Times: user=1.39 sys=0.19, real=0.14 secs] 
6905.685: [GC 6905.686: [ParNew: 345704K->29539K(353920K), 0.1059328 secs] 2431729K->2127707K(3106432K) icms_dc=75 , 0.1075298 secs] [Times: user=1.33 sys=0.07, real=0.11 secs] 
6906.792: [GC 6906.793: [ParNew: 344745K->28687K(353920K), 0.0803850 secs] 2442912K->2137277K(3106432K) icms_dc=75 , 0.0819424 secs] [Times: user=1.10 sys=0.02, real=0.08 secs] 
6906.894: [GC 6906.895: [ParNew: 28785K->887K(353920K), 0.0666132 secs] 2137376K->2131008K(3106432K) icms_dc=93 , 0.0677649 secs] [Times: user=0.89 sys=0.03, real=0.07 secs] 
6907.909: [GC 6907.910: [ParNew: 315511K->23860K(353920K), 0.2228960 secs] 2445632K->2153981K(3106432K) icms_dc=93 , 0.2244497 secs] [Times: user=1.76 sys=0.45, real=0.23 secs] 
6909.063: [GC 6909.064: [ParNew: 338484K->25134K(353920K), 0.1599090 secs] 2468605K->2166084K(3106432K) icms_dc=93 , 0.1615030 secs] [Times: user=1.52 sys=0.13, real=0.16 secs] 
6910.133: [GC 6910.135: [ParNew: 339813K->29299K(353920K), 0.1541033 secs] 2480763K->2179412K(3106432K) icms_dc=93 , 0.1556688 secs] [Times: user=1.20 sys=0.02, real=0.16 secs] 
6910.311: [GC 6910.312: [ParNew: 29688K->24385K(353920K), 0.1335419 secs] 2179801K->2174498K(3106432K) icms_dc=98 , 0.1347131 secs] [Times: user=1.00 sys=0.09, real=0.14 secs] 
6911.458: [GC 6911.459: [ParNew: 339009K->38365K(353920K), 0.2126082 secs] 2489122K->2188478K(3106432K) icms_dc=98 , 0.2142109 secs] [Times: user=1.79 sys=0.34, real=0.21 secs] 
6912.490: [GC 6912.491: [ParNew: 352989K->30998K(353920K), 0.1409684 secs] 2503102K->2199733K(3106432K) icms_dc=99 , 0.1425314 secs] [Times: user=1.54 sys=0.12, real=0.14 secs] 
6913.506: [GC 6913.507: [ParNew: 345622K->28159K(353920K), 0.1177498 secs] 2514357K->2207554K(3106432K) icms_dc=100 , 0.1193903 secs] [Times: user=1.18 sys=0.05, real=0.12 secs] 
6914.482: [GC 6914.483: [ParNew: 342783K->33358K(353920K), 0.0919855 secs] 2522178K->2212753K(3106432K) icms_dc=100 , 0.0935082 secs] [Times: user=1.13 sys=0.03, real=0.09 secs] 
6915.485: [GC 6915.486: [ParNew: 347982K->37799K(353920K), 0.0954286 secs] 2527377K->2224950K(3106432K) icms_dc=100 , 0.0969690 secs] [Times: user=1.21 sys=0.04, real=0.10 secs] 
6916.454: [GC 6916.455: [ParNew: 352423K->37779K(353920K), 0.0920379 secs] 2539574K->2232824K(3106432K) icms_dc=100 , 0.0935922 secs] [Times: user=1.20 sys=0.03, real=0.09 secs] 
6917.426: [GC 6917.427: [ParNew: 352403K->39296K(353920K), 0.0886467 secs] 2547448K->2242745K(3106432K) icms_dc=100 , 0.0902916 secs] [Times: user=1.16 sys=0.03, real=0.09 secs] 
6918.212: [CMS-concurrent-mark: 12.311/16.899 secs] [Times: user=411.68 sys=14.88, real=16.90 secs] 
6918.213: [CMS-concurrent-preclean-start]
6918.430: [GC 6918.432: [ParNew: 353920K->38715K(353920K), 0.0950840 secs] 2557369K->2249556K(3106432K) icms_dc=100 , 0.0966408 secs] [Times: user=1.23 sys=0.05, real=0.10 secs] 
6919.304: [GC 6919.305: [ParNew: 353339K->39296K(353920K), 0.0852712 secs] 2564180K->2258970K(3106432K) icms_dc=100 , 0.0868017 secs] [Times: user=1.24 sys=0.02, real=0.09 secs] 
6920.160: [GC 6920.161: [ParNew: 353920K->39296K(353920K), 0.0914005 secs] 2573693K->2266482K(3106432K) icms_dc=100 , 0.0930738 secs] [Times: user=1.15 sys=0.01, real=0.09 secs] 
6920.274: [GC 6920.274: [ParNew: 39546K->30322K(353920K), 0.0660003 secs] 2266732K->2267603K(3106432K) icms_dc=100 , 0.0671823 secs] [Times: user=1.01 sys=0.02, real=0.07 secs] 
6921.304: [GC 6921.305: [ParNew: 344823K->39296K(353920K), 0.0764253 secs] 2582104K->2277678K(3106432K) icms_dc=100 , 0.0780476 secs] [Times: user=1.05 sys=0.02, real=0.08 secs] 
6922.254: [GC 6922.255: [ParNew: 353920K->39296K(353920K), 0.1619335 secs] 2592471K->2289803K(3106432K) icms_dc=100 , 0.1634978 secs] [Times: user=1.33 sys=0.06, real=0.16 secs] 
6923.275: [GC 6923.276: [ParNew: 353920K->31305K(353920K), 0.1346223 secs] 2604648K->2298231K(3106432K) icms_dc=100 , 0.1361670 secs] [Times: user=1.36 sys=0.10, real=0.15 secs] 
6923.440: [GC 6923.441: [ParNew: 31586K->22165K(353920K), 0.1073456 secs] 2298511K->2289091K(3106432K) icms_dc=100 , 0.1084935 secs] [Times: user=1.01 sys=0.14, real=0.11 secs] 
6924.407: [GC 6924.408: [ParNew: 336789K->35798K(353920K), 0.0706941 secs] 2603715K->2302724K(3106432K) icms_dc=100 , 0.0722532 secs] [Times: user=1.08 sys=0.04, real=0.07 secs] 
6925.367: [GC 6925.369: [ParNew: 350422K->28560K(353920K), 0.0999823 secs] 2617348K->2313162K(3106432K) icms_dc=100 , 0.1016515 secs] [Times: user=1.24 sys=0.02, real=0.10 secs] 
6926.265: [GC 6926.266: [ParNew: 343184K->33256K(353920K), 0.0847514 secs] 2627786K->2317859K(3106432K) icms_dc=100 , 0.0863195 secs] [Times: user=0.98 sys=0.02, real=0.09 secs] 
6927.131: [GC 6927.132: [ParNew: 348658K->39296K(353920K), 0.1642458 secs] 2633261K->2331558K(3106432K) icms_dc=100 , 0.1659292 secs] [Times: user=1.73 sys=0.17, real=0.17 secs] 
6928.081: [GC 6928.082: [ParNew: 353920K->37870K(353920K), 0.0793293 secs] 2646182K->2338165K(3106432K) icms_dc=100 , 0.0809072 secs] [Times: user=1.20 sys=0.02, real=0.08 secs] 
6929.051: [GC 6929.052: [ParNew: 352494K->39296K(353920K), 0.1397285 secs] 2652789K->2347655K(3106432K) icms_dc=100 , 0.1413168 secs] [Times: user=1.56 sys=0.18, real=0.14 secs] 
6930.002: [CMS-concurrent-preclean: 9.017/11.789 secs] [Times: user=297.23 sys=10.67, real=11.79 secs] 
6930.003: [CMS-concurrent-abortable-preclean-start]
6930.136: [GC 6930.137: [ParNew: 353920K->31285K(353920K), 0.1485345 secs] 2662279K->2357296K(3106432K) icms_dc=100 , 0.1501965 secs] [Times: user=1.52 sys=0.13, real=0.15 secs] 
6931.123: [GC 6931.124: [ParNew: 345909K->36896K(353920K), 0.2296102 secs] 2671920K->2362907K(3106432K) icms_dc=100 , 0.2311579 secs] [Times: user=1.91 sys=0.41, real=0.23 secs] 
6932.230: [GC 6932.231: [ParNew: 351576K->30874K(353920K), 0.1353266 secs] 2677587K->2375027K(3106432K) icms_dc=100 , 0.1368870 secs] [Times: user=1.54 sys=0.09, real=0.14 secs] 
6932.389: [GC 6932.390: [ParNew: 32167K->26025K(353920K), 0.1643490 secs] 2376320K->2370178K(3106432K) icms_dc=100 , 0.1655131 secs] [Times: user=1.45 sys=0.32, real=0.17 secs] 
6932.567: [CMS-concurrent-abortable-preclean: 1.577/2.564 secs] [Times: user=55.61 sys=2.88, real=2.57 secs] 
6932.597: [GC[YG occupancy: 35218 K (353920 K)]6932.597: [Rescan (parallel) , 0.0993915 secs]6932.697: [weak refs processing, 0.0298276 secs] [1 CMS-remark: 2344152K(2752512K)] 2379371K(3106432K), 0.1336663 secs] [Times: user=1.73 sys=0.03, real=0.13 secs] 
6932.732: [CMS-concurrent-sweep-start]
6933.571: [GC 6933.572: [ParNew: 340649K->38525K(353920K), 0.0892646 secs] 2684471K->2382347K(3106432K) icms_dc=100 , 0.0908723 secs] [Times: user=1.09 sys=0.02, real=0.09 secs] 
6934.493: [GC 6934.494: [ParNew: 353149K->27775K(353920K), 0.1097607 secs] 2696266K->2390795K(3106432K) icms_dc=100 , 0.1113457 secs] [Times: user=1.34 sys=0.04, real=0.11 secs] 
6935.332: [GC 6935.333: [ParNew: 342399K->38442K(353920K), 0.0939017 secs] 2704417K->2400460K(3106432K) icms_dc=100 , 0.0954134 secs] [Times: user=1.16 sys=0.07, real=0.10 secs] 
6936.271: [GC 6936.272: [ParNew: 353066K->39296K(353920K), 0.1043291 secs] 2713472K->2408236K(3106432K) icms_dc=100 , 0.1059260 secs] [Times: user=1.35 sys=0.08, real=0.11 secs] 
6937.196: [GC 6937.197: [ParNew: 353920K->34613K(353920K), 0.1812723 secs] 2722687K->2421581K(3106432K) icms_dc=100 , 0.1828327 secs] [Times: user=1.76 sys=0.17, real=0.18 secs] 
6938.121: [GC 6938.122: [ParNew: 349237K->27578K(353920K), 0.1124581 secs] 2734415K->2420455K(3106432K) icms_dc=100 , 0.1140167 secs] [Times: user=1.24 sys=0.09, real=0.11 secs] 
6939.099: [GC 6939.100: [ParNew: 342309K->37945K(353920K), 0.1127984 secs] 2732422K->2428059K(3106432K) icms_dc=100 , 0.1144531 secs] [Times: user=1.25 sys=0.09, real=0.12 secs] 
6939.234: [GC 6939.235: [ParNew: 38422K->17805K(353920K), 0.1500736 secs] 2428533K->2438157K(3106432K) icms_dc=100 , 0.1512597 secs] [Times: user=1.35 sys=0.09, real=0.15 secs] 
6940.232: [GC 6940.234: [ParNew: 332429K->26369K(353920K), 0.0692457 secs] 2747662K->2441602K(3106432K) icms_dc=100 , 0.0707971 secs] [Times: user=1.00 sys=0.02, real=0.07 secs] 
6941.627: [GC 6941.628: [ParNew: 341309K->26298K(353920K), 0.0941260 secs] 2751894K->2452146K(3106432K) icms_dc=100 , 0.0956702 secs] [Times: user=1.19 sys=0.01, real=0.10 secs] 
6942.799: [GC 6942.801: [ParNew: 341857K->33067K(353920K), 0.1826831 secs] 2765501K->2466384K(3106432K) icms_dc=100 , 0.1844082 secs] [Times: user=1.79 sys=0.22, real=0.19 secs] 
6943.011: [GC 6943.012: [ParNew: 35309K->19022K(353920K), 0.0913001 secs] 2468610K->2476472K(3106432K) icms_dc=100 , 0.0925857 secs] [Times: user=0.99 sys=0.01, real=0.09 secs] 
6944.029: [GC 6944.030: [ParNew: 333646K->21310K(353920K), 0.1199224 secs] 2783938K->2471602K(3106432K) icms_dc=100 , 0.1215760 secs] [Times: user=1.24 sys=0.17, real=0.12 secs] 
6944.886: [GC 6944.887: [ParNew: 335438K->39296K(353920K), 0.1864121 secs] 2783949K->2488106K(3106432K) icms_dc=100 , 0.1880777 secs] [Times: user=1.67 sys=0.27, real=0.19 secs] 
6945.847: [GC 6945.848: [ParNew: 353920K->36070K(353920K), 0.1477816 secs] 2800569K->2504569K(3106432K) icms_dc=100 , 0.1493720 secs] [Times: user=1.50 sys=0.03, real=0.15 secs] 
6946.972: [GC 6946.973: [ParNew: 350770K->30183K(353920K), 0.1506754 secs] 2809800K->2500471K(3106432K) icms_dc=100 , 0.1522324 secs] [Times: user=1.52 sys=0.18, real=0.15 secs] 
6947.146: [GC 6947.147: [ParNew: 30719K->12855K(353920K), 0.0758798 secs] 2501002K->2503075K(3106432K) icms_dc=100 , 0.0770581 secs] [Times: user=0.94 sys=0.03, real=0.08 secs] 
6948.018: [GC 6948.020: [ParNew: 327479K->28007K(353920K), 0.1184067 secs] 2810348K->2510876K(3106432K) icms_dc=100 , 0.1199425 secs] [Times: user=1.16 sys=0.12, real=0.12 secs] 
6948.989: [GC 6948.990: [ParNew: 342821K->26765K(353920K), 0.2676451 secs] 2818945K->2516287K(3106432K) icms_dc=100 , 0.2692917 secs] [Times: user=2.01 sys=0.31, real=0.27 secs] 
6949.295: [GC 6949.296: [ParNew: 33835K->15567K(353920K), 0.0883296 secs] 2523201K->2524035K(3106432K) icms_dc=100 , 0.0895310 secs] [Times: user=0.96 sys=0.02, real=0.09 secs] 
6950.336: [GC 6950.337: [ParNew: 330191K->21181K(353920K), 0.0686304 secs] 2825464K->2516454K(3106432K) icms_dc=100 , 0.0702772 secs] [Times: user=0.88 sys=0.02, real=0.07 secs] 
6951.307: [GC 6951.308: [ParNew: 335805K->39295K(353920K), 0.1832632 secs] 2823326K->2529155K(3106432K) icms_dc=100 , 0.1848995 secs] [Times: user=1.68 sys=0.25, real=0.19 secs] 
6952.352: [GC 6952.353: [ParNew: 353919K->32454K(353920K), 0.1754128 secs] 2836202K->2534252K(3106432K) icms_dc=100 , 0.1769618 secs] [Times: user=1.87 sys=0.16, real=0.18 secs] 
6953.241: [GC 6953.242: [ParNew: 347078K->34490K(353920K), 0.0964946 secs] 2827990K->2515402K(3106432K) icms_dc=100 , 0.0980703 secs] [Times: user=0.99 sys=0.02, real=0.10 secs] 
6954.124: [GC 6954.125: [ParNew: 350023K->39296K(353920K), 0.1550036 secs] 2808236K->2506502K(3106432K) icms_dc=100 , 0.1565270 secs] [Times: user=1.49 sys=0.13, real=0.16 secs] 
6954.301: [GC 6954.301: [ParNew: 39653K->21046K(353920K), 0.1374895 secs] 2506835K->2518034K(3106432K) icms_dc=100 , 0.1386455 secs] [Times: user=1.32 sys=0.13, real=0.14 secs] 
6955.275: [GC 6955.276: [ParNew: 336028K->26840K(353920K), 0.1325086 secs] 2808009K->2498821K(3106432K) icms_dc=100 , 0.1340523 secs] [Times: user=1.20 sys=0.12, real=0.13 secs] 
6955.435: [GC 6955.436: [ParNew: 29357K->14226K(353920K), 0.0804566 secs] 2501302K->2509178K(3106432K) icms_dc=100 , 0.0816877 secs] [Times: user=0.97 sys=0.02, real=0.08 secs] 
6956.409: [GC 6956.410: [ParNew: 328756K->19596K(353920K), 0.0818979 secs] 2789011K->2479851K(3106432K) icms_dc=100 , 0.0835306 secs] [Times: user=0.98 sys=0.04, real=0.08 secs] 
6957.287: [GC 6957.288: [ParNew: 334220K->37904K(353920K), 0.1411786 secs] 2780840K->2484524K(3106432K) icms_dc=100 , 0.1428895 secs] [Times: user=1.57 sys=0.19, real=0.14 secs] 
6958.376: [GC 6958.377: [ParNew: 352828K->33254K(353920K), 0.1670963 secs] 2771355K->2470229K(3106432K) icms_dc=100 , 0.1686758 secs] [Times: user=1.31 sys=0.02, real=0.17 secs] 
6958.565: [GC 6958.566: [ParNew: 33832K->12992K(353920K), 0.1177065 secs] 2470755K->2472945K(3106432K) icms_dc=100 , 0.1330483 secs] [Times: user=0.92 sys=0.02, real=0.13 secs] 
6959.495: [GC 6959.496: [ParNew: 327616K->24078K(353920K), 0.0599701 secs] 2741720K->2438182K(3106432K) icms_dc=100 , 0.0615386 secs] [Times: user=0.88 sys=0.02, real=0.06 secs] 
6960.802: [GC 6960.803: [ParNew: 338702K->20673K(353920K), 0.0926247 secs] 2677405K->2372854K(3106432K) icms_dc=100 , 0.0942192 secs] [Times: user=1.19 sys=0.04, real=0.09 secs] 
6961.721: [GC 6961.722: [ParNew: 335297K->31955K(353920K), 0.0786958 secs] 2612601K->2309259K(3106432K) icms_dc=100 , 0.0802436 secs] [Times: user=1.13 sys=0.04, real=0.08 secs] 
6962.907: [GC 6962.908: [ParNew: 346606K->39296K(353920K), 0.0989714 secs] 2566440K->2267851K(3106432K) icms_dc=100 , 0.1006221 secs] [Times: user=1.26 sys=0.03, real=0.10 secs] 
6963.029: [GC 6963.030: [ParNew: 39576K->19477K(353920K), 0.1028810 secs] 2268101K->2276889K(3106432K) icms_dc=100 , 0.1040745 secs] [Times: user=1.20 sys=0.03, real=0.10 secs] 
6963.948: [GC 6963.949: [ParNew: 334101K->29583K(353920K), 0.0894548 secs] 2559763K->2255246K(3106432K) icms_dc=100 , 0.0911516 secs] [Times: user=1.10 sys=0.03, real=0.09 secs] 
6964.967: [GC 6964.968: [ParNew: 344207K->27017K(353920K), 0.0905501 secs] 2539144K->2235436K(3106432K) icms_dc=100 , 0.0921082 secs] [Times: user=1.18 sys=0.03, real=0.09 secs] 
6965.465: [CMS-concurrent-sweep: 24.820/32.734 secs] [Times: user=766.75 sys=28.04, real=32.73 secs] 
6965.467: [CMS-concurrent-reset-start]
6965.563: [CMS-concurrent-reset: 0.074/0.096 secs] [Times: user=2.25 sys=0.06, real=0.10 secs] 
6965.892: [GC 6965.893: [ParNew: 341641K->25957K(353920K), 0.0822517 secs] 2494667K->2189496K(3106432K) icms_dc=75 , 0.0837936 secs] [Times: user=1.16 sys=0.02, real=0.08 secs] 
6966.095: [GC [1 CMS-initial-mark: 2163539K(2752512K)] 2228988K(3106432K), 0.4886371 secs] [Times: user=0.49 sys=0.00, real=0.49 secs] 
6966.585: [CMS-concurrent-mark-start]
6967.422: [GC 6967.424: [ParNew: 340667K->39296K(353920K), 0.1461536 secs] 2504206K->2204115K(3106432K) icms_dc=75 , 0.1477544 secs] [Times: user=1.44 sys=0.13, real=0.15 secs] 
6967.599: [GC 6967.600: [ParNew: 43589K->23785K(353920K), 0.1204987 secs] 2208409K->2218310K(3106432K) icms_dc=92 , 0.1217838 secs] [Times: user=1.24 sys=0.03, real=0.12 secs] 
6968.689: [GC 6968.691: [ParNew: 338409K->28172K(353920K), 0.1757332 secs] 2532934K->2222698K(3106432K) icms_dc=92 , 0.1773039 secs] [Times: user=1.55 sys=0.27, real=0.18 secs] 
6969.784: [GC 6969.785: [ParNew: 342824K->22737K(353920K), 0.1078081 secs] 2537349K->2229020K(3106432K) icms_dc=92 , 0.1094997 secs] [Times: user=1.31 sys=0.02, real=0.11 secs] 
6969.915: [GC 6969.916: [ParNew: 23204K->22663K(353920K), 0.0618355 secs] 2229487K->2228947K(3106432K) icms_dc=100 , 0.0631269 secs] [Times: user=0.88 sys=0.04, real=0.06 secs] 
6971.036: [GC 6971.037: [ParNew: 337287K->31485K(353920K), 0.1428263 secs] 2543571K->2237768K(3106432K) icms_dc=100 , 0.1444991 secs] [Times: user=1.44 sys=0.16, real=0.15 secs] 
6972.019: [GC 6972.020: [ParNew: 346167K->39296K(353920K), 0.1747036 secs] 2552451K->2253960K(3106432K) icms_dc=100 , 0.1763133 secs] [Times: user=1.59 sys=0.12, real=0.18 secs] 
6972.222: [GC 6972.222: [ParNew: 41855K->31358K(353920K), 0.0904232 secs] 2256519K->2254790K(3106432K) icms_dc=100 , 0.0916632 secs] [Times: user=1.12 sys=0.03, real=0.09 secs] 
6973.624: [GC 6973.625: [ParNew: 345982K->35792K(353920K), 0.1013309 secs] 2569414K->2259224K(3106432K) icms_dc=100 , 0.1029237 secs] [Times: user=1.17 sys=0.03, real=0.10 secs] 
6974.581: [GC 6974.582: [ParNew: 350416K->32189K(353920K), 0.1804111 secs] 2573848K->2272095K(3106432K) icms_dc=100 , 0.1819425 secs] [Times: user=1.86 sys=0.25, real=0.18 secs] 
6975.681: [GC 6975.682: [ParNew: 346813K->26978K(353920K), 0.0954897 secs] 2586719K->2277660K(3106432K) icms_dc=100 , 0.0972596 secs] [Times: user=1.23 sys=0.02, real=0.10 secs] 
6976.617: [GC 6976.618: [ParNew: 342140K->39296K(353920K), 0.1137697 secs] 2592822K->2291420K(3106432K) icms_dc=100 , 0.1152980 secs] [Times: user=1.14 sys=0.02, real=0.12 secs] 
6976.766: [GC 6976.767: [ParNew: 44030K->25871K(353920K), 0.1395916 secs] 2296154K->2310180K(3106432K) icms_dc=100 , 0.1408147 secs] [Times: user=1.47 sys=0.07, real=0.14 secs] 
6978.004: [GC 6978.005: [ParNew: 340763K->30796K(353920K), 0.0957875 secs] 2625073K->2315105K(3106432K) icms_dc=100 , 0.0973028 secs] [Times: user=1.18 sys=0.04, real=0.10 secs] 
6978.122: [GC 6978.123: [ParNew: 31820K->10766K(353920K), 0.0890464 secs] 2316129K->2322081K(3106432K) icms_dc=100 , 0.0902284 secs] [Times: user=1.07 sys=0.02, real=0.09 secs] 
6979.198: [GC 6979.199: [ParNew: 325390K->25604K(353920K), 0.0668624 secs] 2636705K->2336918K(3106432K) icms_dc=100 , 0.0685478 secs] [Times: user=0.89 sys=0.02, real=0.07 secs] 
6980.184: [GC 6980.185: [ParNew: 340323K->26814K(353920K), 0.1213189 secs] 2651638K->2350948K(3106432K) icms_dc=100 , 0.1229035 secs] [Times: user=1.36 sys=0.04, real=0.12 secs] 
6980.330: [GC 6980.330: [ParNew: 27532K->12076K(353920K), 0.0823498 secs] 2351666K->2356624K(3106432K) icms_dc=100 , 0.0835808 secs] [Times: user=1.00 sys=0.02, real=0.08 secs] 
6981.283: [GC 6981.284: [ParNew: 326856K->23523K(353920K), 0.0997594 secs] 2671404K->2368071K(3106432K) icms_dc=100 , 0.1014535 secs] [Times: user=1.21 sys=0.11, real=0.10 secs] 
6981.409: [GC 6981.409: [ParNew: 25195K->10970K(353920K), 0.1562583 secs] 2369742K->2376963K(3106432K) icms_dc=100 , 0.1574541 secs] [Times: user=1.32 sys=0.10, real=0.16 secs] 
6982.536: [GC 6982.537: [ParNew: 325594K->22419K(353920K), 0.1620231 secs] 2691587K->2388412K(3106432K) icms_dc=100 , 0.1637568 secs] [Times: user=1.62 sys=0.28, real=0.16 secs] 
6983.411: [GC 6983.412: [ParNew: 337043K->21485K(353920K), 0.2336259 secs] 2703036K->2401004K(3106432K) icms_dc=100 , 0.2355727 secs] [Times: user=1.97 sys=0.31, real=0.24 secs] 
6984.436: [GC 6984.437: [ParNew: 336109K->37487K(353920K), 0.1281959 secs] 2715628K->2417006K(3106432K) icms_dc=100 , 0.1299028 secs] [Times: user=1.45 sys=0.17, real=0.13 secs] 
6985.484: [GC 6985.485: [ParNew: 352111K->26221K(353920K), 0.1166770 secs] 2731630K->2424016K(3106432K) icms_dc=100 , 0.1183323 secs] [Times: user=1.42 sys=0.02, real=0.12 secs] 
6986.472: [GC 6986.473: [ParNew: 341666K->39296K(353920K), 0.1581219 secs] 2739461K->2441114K(3106432K) icms_dc=100 , 0.1597178 secs] [Times: user=1.55 sys=0.20, real=0.16 secs] 
6986.653: [GC 6986.654: [ParNew: 39751K->23396K(353920K), 0.1056347 secs] 2441569K->2460153K(3106432K) icms_dc=100 , 0.1068015 secs] [Times: user=1.26 sys=0.04, real=0.11 secs] 
6987.646: [GC 6987.647: [ParNew: 338020K->30783K(353920K), 0.0805958 secs] 2774777K->2467540K(3106432K) icms_dc=100 , 0.0823569 secs] [Times: user=1.11 sys=0.03, real=0.08 secs] 
6988.415: [CMS-concurrent-mark: 16.120/21.830 secs] [Times: user=506.37 sys=17.72, real=21.83 secs] 
6988.440: [CMS-concurrent-preclean-start]
6988.818: [GC 6988.819: [ParNew: 345889K->26352K(353920K), 0.1358509 secs] 2782647K->2476944K(3106432K) icms_dc=100 , 0.1374164 secs] [Times: user=1.34 sys=0.08, real=0.14 secs] 
6989.819: [GC 6989.820: [ParNew: 340976K->38154K(353920K), 0.0775252 secs] 2791568K->2488746K(3106432K) icms_dc=100 , 0.0791125 secs] [Times: user=1.11 sys=0.02, real=0.08 secs] 
6990.775: [GC 6990.776: [ParNew: 352778K->28150K(353920K), 0.1020753 secs] 2803370K->2495952K(3106432K) icms_dc=100 , 0.1037567 secs] [Times: user=1.38 sys=0.03, real=0.10 secs] 
6991.796: [GC 6991.797: [ParNew: 343039K->33206K(353920K), 0.1353198 secs] 2810841K->2501008K(3106432K) icms_dc=100 , 0.1368408 secs] [Times: user=1.40 sys=0.13, real=0.14 secs] 
6991.953: [GC 6991.954: [ParNew: 33718K->26956K(353920K), 0.0903315 secs] 2501520K->2503975K(3106432K) icms_dc=100 , 0.0915034 secs] [Times: user=1.01 sys=0.03, real=0.09 secs] 
6992.766: [GC 6992.768: [ParNew: 341580K->32085K(353920K), 0.0700442 secs] 2818599K->2509105K(3106432K) icms_dc=100 , 0.0719321 secs] [Times: user=1.04 sys=0.02, real=0.07 secs] 
6993.599: [GC 6993.600: [ParNew: 346709K->37609K(353920K), 0.1381293 secs] 2823729K->2522290K(3106432K) icms_dc=100 , 0.1396930 secs] [Times: user=1.51 sys=0.10, real=0.14 secs] 
6994.583: [GC 6994.584: [ParNew: 352233K->35661K(353920K), 0.1395351 secs] 2836914K->2529145K(3106432K) icms_dc=100 , 0.1545128 secs] [Times: user=1.53 sys=0.15, real=0.16 secs] 
6995.511: [GC 6995.512: [ParNew: 350285K->39296K(353920K), 0.1020648 secs] 2843769K->2539948K(3106432K) icms_dc=100 , 0.1036379 secs] [Times: user=1.34 sys=0.04, real=0.10 secs] 
6996.549: [GC 6996.551: [ParNew: 353920K->39296K(353920K), 0.1452564 secs] 2854572K->2547398K(3106432K) icms_dc=100 , 0.1469143 secs] [Times: user=1.66 sys=0.20, real=0.15 secs] 
6997.498: [GC 6997.499: [ParNew: 353920K->39296K(353920K), 0.1990941 secs] 2862022K->2557292K(3106432K) icms_dc=100 , 0.2006588 secs] [Times: user=1.78 sys=0.20, real=0.20 secs] 
6998.467: [GC 6998.468: [ParNew: 353898K->39296K(353920K), 0.0908528 secs] 2871894K->2566880K(3106432K) icms_dc=100 , 0.0924338 secs] [Times: user=1.28 sys=0.03, real=0.09 secs] 
6999.296: [GC 6999.297: [ParNew: 353870K->39296K(353920K), 0.1699157 secs] 2881455K->2574685K(3106432K) icms_dc=100 , 0.1715041 secs] [Times: user=1.73 sys=0.21, real=0.17 secs] 
7000.289: [GC 7000.290: [ParNew: 353920K->39289K(353920K), 0.1653019 secs] 2889352K->2590992K(3106432K) icms_dc=100 , 0.1668780 secs] [Times: user=1.70 sys=0.19, real=0.17 secs] 
7000.541: [GC 7000.542: [ParNew: 57414K->24712K(353920K), 0.0822560 secs] 2609117K->2600046K(3106432K) icms_dc=100 , 0.0835194 secs] [Times: user=1.06 sys=0.04, real=0.08 secs] 
7001.505: [GC 7001.506: [ParNew: 339336K->29100K(353920K), 0.0819230 secs] 2914670K->2604434K(3106432K) icms_dc=100 , 0.0834525 secs] [Times: user=1.05 sys=0.04, real=0.08 secs] 
7002.481: [GC 7002.482: [ParNew: 343724K->29561K(353920K), 0.1695525 secs] 2919058K->2617080K(3106432K) icms_dc=100 , 0.1712789 secs] [Times: user=1.78 sys=0.16, real=0.17 secs] 
7003.582: [GC 7003.583: [ParNew: 344185K->31128K(353920K), 0.1098951 secs] 2931704K->2628975K(3106432K) icms_dc=100 , 0.1114779 secs] [Times: user=1.34 sys=0.04, real=0.11 secs] 
7004.567: [GC 7004.568: [ParNew: 346391K->35609K(353920K), 0.1321362 secs] 2944239K->2643664K(3106432K) icms_dc=100 , 0.1337652 secs] [Times: user=1.35 sys=0.07, real=0.13 secs] 
7005.604: [GC 7005.605: [ParNew: 350231K->25475K(353920K), 0.0878794 secs] 2958286K->2644894K(3106432K) icms_dc=100 , 0.0894545 secs] [Times: user=1.20 sys=0.04, real=0.09 secs] 
7006.642: [GC 7006.643: [ParNew: 340099K->33128K(353920K), 0.0788315 secs] 2959518K->2652547K(3106432K) icms_dc=100 , 0.0804826 secs] [Times: user=1.05 sys=0.03, real=0.08 secs] 
7006.839: [CMS-concurrent-preclean: 14.004/18.399 secs] [Times: user=452.15 sys=16.58, real=18.40 secs] 
7006.840: [CMS-concurrent-abortable-preclean-start]
7007.601: [GC 7007.602: [ParNew: 347752K->35925K(353920K), 0.1443569 secs] 2967171K->2663744K(3106432K) icms_dc=100 , 0.1460183 secs] [Times: user=1.56 sys=0.13, real=0.15 secs] 
7008.567: [GC 7008.568: [ParNew: 350549K->37440K(353920K), 0.1002254 secs] 2978368K->2672552K(3106432K) icms_dc=100 , 0.1020783 secs] [Times: user=1.26 sys=0.02, real=0.10 secs] 
7009.532: [GC 7009.534: [ParNew: 352286K->39296K(353920K), 0.1330604 secs] 2987398K->2681122K(3106432K) icms_dc=100 , 0.1346857 secs] [Times: user=1.27 sys=0.03, real=0.14 secs] 
7009.680: [CMS-concurrent-abortable-preclean: 2.078/2.840 secs] [Times: user=66.54 sys=2.23, real=2.84 secs] 
7009.831: [GC 7009.832: [ParNew: 44928K->27201K(353920K), 0.1785937 secs] 2686754K->2698485K(3106432K) icms_dc=100 , 0.1798486 secs] [Times: user=1.71 sys=0.25, real=0.18 secs] 
7010.252: [GC[YG occupancy: 27253 K (353920 K)]7010.252: [Rescan (parallel) , 0.1418049 secs]7010.394: [weak refs processing, 0.0359277 secs] [1 CMS-remark: 2671283K(2752512K)] 2698537K(3106432K), 0.1838394 secs] [Times: user=1.77 sys=0.03, real=0.18 secs] 
7010.438: [CMS-concurrent-sweep-start]
7012.473: [GC 7012.474: [ParNew: 342040K->25960K(353920K), 0.1232772 secs] 3013035K->2696954K(3106432K) icms_dc=100 , 0.1248288 secs] [Times: user=1.04 sys=0.02, real=0.13 secs] 
7012.839: [GC 7012.840: [ParNew (promotion failed): 26763K->14117K(353920K), 1.6910026 secs] 2697758K->2699183K(3106432K) icms_dc=100 , 1.6921739 secs] [Times: user=2.47 sys=1.56, real=1.69 secs] 
GC locker: Trying a full collection because scavenge failed
7014.532: [Full GC 7014.533: [CMS7022.077: [CMS-concurrent-sweep: 7.956/11.639 secs] [Times: user=36.15 sys=2.33, real=11.64 secs] 
 (concurrent mode failure): 2685066K->1476593K(2752512K), 44.7820654 secs] 2699183K->1476593K(3106432K), [CMS Perm : 208086K->200629K(402264K)] icms_dc=100 , 44.7832094 secs] [Times: user=44.71 sys=0.05, real=44.78 secs] 
7059.419: [GC [1 CMS-initial-mark: 1476593K(2752512K)] 1479207K(3106432K), 0.3498853 secs] [Times: user=0.35 sys=0.00, real=0.35 secs] 
7059.771: [CMS-concurrent-mark-start]
7062.174: [GC 7062.176: [ParNew: 314624K->25462K(353920K), 0.0942154 secs] 1791217K->1502055K(3106432K) icms_dc=100 , 0.0958425 secs] [Times: user=0.99 sys=0.07, real=0.10 secs] 
7063.614: [GC 7063.615: [ParNew: 340086K->28752K(353920K), 0.1664113 secs] 1816679K->1522622K(3106432K) icms_dc=100 , 0.1680648 secs] [Times: user=1.60 sys=0.17, real=0.17 secs] 
7064.596: [GC 7064.597: [ParNew: 343376K->28597K(353920K), 0.1215585 secs] 1837246K->1534963K(3106432K) icms_dc=100 , 0.1230822 secs] [Times: user=1.19 sys=0.09, real=0.12 secs] 
7065.645: [GC 7065.647: [ParNew: 343221K->26055K(353920K), 0.0849682 secs] 1849587K->1542341K(3106432K) icms_dc=100 , 0.0865309 secs] [Times: user=1.04 sys=0.05, real=0.09 secs] 
7066.588: [GC 7066.589: [ParNew: 340802K->37873K(353920K), 0.0864712 secs] 1857088K->1554159K(3106432K) icms_dc=100 , 0.0880258 secs] [Times: user=1.03 sys=0.03, real=0.09 secs] 
7066.697: [GC 7066.697: [ParNew: 37980K->9417K(353920K), 0.0965575 secs] 1554266K->1556574K(3106432K) icms_dc=100 , 0.0977418 secs] [Times: user=1.10 sys=0.06, real=0.10 secs] 
7067.662: [GC 7067.663: [ParNew: 324264K->23739K(353920K), 0.0644697 secs] 1871422K->1570896K(3106432K) icms_dc=100 , 0.0659842 secs] [Times: user=0.87 sys=0.03, real=0.07 secs] 
7067.748: [GC 7067.749: [ParNew: 23856K->5379K(353920K), 0.0770192 secs] 1571013K->1574288K(3106432K) icms_dc=100 , 0.0781970 secs] [Times: user=0.94 sys=0.04, real=0.08 secs] 
7068.806: [GC 7068.807: [ParNew: 320003K->23215K(353920K), 0.1196519 secs] 1888912K->1592123K(3106432K) icms_dc=100 , 0.1212610 secs] [Times: user=1.14 sys=0.13, real=0.12 secs] 
7069.773: [GC 7069.774: [ParNew: 337839K->26765K(353920K), 0.0800229 secs] 1906747K->1607811K(3106432K) icms_dc=100 , 0.0815274 secs] [Times: user=1.04 sys=0.02, real=0.08 secs] 
7070.572: [GC 7070.573: [ParNew: 341389K->26780K(353920K), 0.0902763 secs] 1922435K->1619787K(3106432K) icms_dc=100 , 0.0917884 secs] [Times: user=1.07 sys=0.04, real=0.09 secs] 
7071.378: [GC 7071.379: [ParNew: 341404K->27824K(353920K), 0.1769930 secs] 1934411K->1630939K(3106432K) icms_dc=100 , 0.1785917 secs] [Times: user=1.40 sys=0.18, real=0.18 secs] 
7072.391: [GC 7072.392: [ParNew: 342448K->39296K(353920K), 0.1109393 secs] 1945563K->1643917K(3106432K) icms_dc=100 , 0.1126125 secs] [Times: user=1.02 sys=0.04, real=0.11 secs] 
7073.357: [GC 7073.358: [ParNew: 353920K->37762K(353920K), 0.2002770 secs] 1958628K->1661532K(3106432K) icms_dc=100 , 0.2018271 secs] [Times: user=1.57 sys=0.20, real=0.20 secs] 
7073.580: [GC 7073.581: [ParNew: 38024K->14429K(353920K), 0.1866382 secs] 1661795K->1662926K(3106432K) icms_dc=100 , 0.1878016 secs] [Times: user=1.28 sys=0.22, real=0.19 secs] 
7074.596: [GC 7074.597: [ParNew: 328930K->30989K(353920K), 0.1256945 secs] 1977428K->1679486K(3106432K) icms_dc=100 , 0.1272584 secs] [Times: user=1.25 sys=0.19, real=0.13 secs] 
7075.688: [GC 7075.689: [ParNew: 346316K->24791K(353920K), 0.1527252 secs] 1994814K->1688095K(3106432K) icms_dc=100 , 0.1542234 secs] [Times: user=1.45 sys=0.16, real=0.15 secs] 
7075.866: [GC 7075.867: [ParNew: 25774K->25101K(353920K), 0.1343158 secs] 1689077K->1688404K(3106432K) icms_dc=100 , 0.1354934 secs] [Times: user=1.12 sys=0.22, real=0.14 secs] 
7076.867: [GC 7076.868: [ParNew: 339725K->38381K(353920K), 0.1236593 secs] 2003028K->1701685K(3106432K) icms_dc=100 , 0.1253590 secs] [Times: user=1.35 sys=0.17, real=0.13 secs] 
7077.892: [GC 7077.893: [ParNew: 353005K->34160K(353920K), 0.1379932 secs] 2016309K->1716347K(3106432K) icms_dc=100 , 0.1395376 secs] [Times: user=1.30 sys=0.07, real=0.15 secs] 
7078.950: [GC 7078.951: [ParNew: 349002K->27547K(353920K), 0.0805853 secs] 2031189K->1719140K(3106432K) icms_dc=100 , 0.0821492 secs] [Times: user=1.05 sys=0.02, real=0.08 secs] 
7079.054: [GC 7079.055: [ParNew: 28416K->15850K(353920K), 0.0741916 secs] 1720010K->1728243K(3106432K) icms_dc=100 , 0.0753574 secs] [Times: user=0.90 sys=0.03, real=0.08 secs] 
7079.929: [GC 7079.930: [ParNew: 330474K->25930K(353920K), 0.1657746 secs] 2042867K->1738322K(3106432K) icms_dc=100 , 0.1673420 secs] [Times: user=0.93 sys=0.02, real=0.17 secs] 
7080.432: [CMS-concurrent-mark: 12.868/20.661 secs] [Times: user=476.93 sys=16.87, real=20.66 secs] 
7080.433: [CMS-concurrent-preclean-start]
7081.313: [GC 7081.314: [ParNew: 340637K->27009K(353920K), 0.1592796 secs] 2053029K->1752846K(3106432K) icms_dc=100 , 0.1607760 secs] [Times: user=1.51 sys=0.16, real=0.16 secs] 
7081.572: [GC 7081.573: [ParNew: 27533K->11866K(353920K), 0.1038112 secs] 1753370K->1758413K(3106432K) icms_dc=100 , 0.1049779 secs] [Times: user=1.00 sys=0.07, real=0.11 secs] 
7082.817: [GC 7082.818: [ParNew: 326490K->26009K(353920K), 0.0925747 secs] 2073037K->1772555K(3106432K) icms_dc=100 , 0.0940906 secs] [Times: user=1.03 sys=0.05, real=0.09 secs] 
7083.990: [GC 7083.991: [ParNew: 341375K->25793K(353920K), 0.1257470 secs] 2087922K->1784946K(3106432K) icms_dc=100 , 0.1272618 secs] [Times: user=1.24 sys=0.09, real=0.13 secs] 
7084.357: [GC 7084.358: [ParNew: 26456K->11387K(353920K), 0.0911575 secs] 1785609K->1792120K(3106432K) icms_dc=100 , 0.0924050 secs] [Times: user=0.89 sys=0.02, real=0.09 secs] 
7085.754: [GC 7085.755: [ParNew: 326954K->30279K(353920K), 0.1370211 secs] 2107687K->1811013K(3106432K) icms_dc=100 , 0.1385396 secs] [Times: user=1.23 sys=0.20, real=0.14 secs] 
7085.992: [GC 7085.993: [ParNew: 30704K->10806K(353920K), 0.0803092 secs] 1811438K->1819791K(3106432K) icms_dc=100 , 0.0814606 secs] [Times: user=0.93 sys=0.04, real=0.08 secs] 
7087.315: [GC 7087.316: [ParNew: 325911K->30364K(353920K), 0.0783867 secs] 2134896K->1839349K(3106432K) icms_dc=100 , 0.0798958 secs] [Times: user=0.96 sys=0.06, real=0.08 secs] 
7087.423: [GC 7087.423: [ParNew: 33320K->9763K(353920K), 0.1149017 secs] 1842305K->1846824K(3106432K) icms_dc=100 , 0.1160774 secs] [Times: user=1.14 sys=0.10, real=0.12 secs] 
7088.353: [GC 7088.354: [ParNew: 325332K->24462K(353920K), 0.1579468 secs] 2162393K->1861522K(3106432K) icms_dc=100 , 0.1594622 secs] [Times: user=1.37 sys=0.23, real=0.16 secs] 
7088.533: [GC 7088.534: [ParNew: 24846K->4907K(353920K), 0.1796099 secs] 1861907K->1865133K(3106432K) icms_dc=100 , 0.1807807 secs] [Times: user=1.47 sys=0.30, real=0.18 secs] 
7089.514: [GC 7089.515: [ParNew: 319623K->22821K(353920K), 0.0559600 secs] 2179850K->1883048K(3106432K) icms_dc=100 , 0.0574821 secs] [Times: user=0.84 sys=0.02, real=0.06 secs] 
7089.593: [GC 7089.594: [ParNew: 23703K->10487K(353920K), 0.1385628 secs] 1883930K->1892506K(3106432K) icms_dc=100 , 0.1397369 secs] [Times: user=1.28 sys=0.15, real=0.14 secs] 
7090.900: [GC 7090.901: [ParNew: 325111K->25581K(353920K), 0.0755969 secs] 2207130K->1907600K(3106432K) icms_dc=100 , 0.0771800 secs] [Times: user=1.00 sys=0.03, real=0.08 secs] 
7092.144: [GC 7092.145: [ParNew: 340205K->26982K(353920K), 0.1481988 secs] 2222224K->1922101K(3106432K) icms_dc=100 , 0.1497538 secs] [Times: user=1.48 sys=0.16, real=0.15 secs] 
7092.995: [GC 7092.997: [ParNew: 341513K->26639K(353920K), 0.1081258 secs] 2236632K->1934577K(3106432K) icms_dc=100 , 0.1097067 secs] [Times: user=1.22 sys=0.06, real=0.11 secs] 
7093.953: [GC 7093.954: [ParNew: 341263K->39296K(353920K), 0.1406388 secs] 2249201K->1949231K(3106432K) icms_dc=100 , 0.1421812 secs] [Times: user=1.32 sys=0.19, real=0.14 secs] 
7095.297: [GC 7095.298: [ParNew: 353920K->34622K(353920K), 0.1315576 secs] 2264139K->1962584K(3106432K) icms_dc=100 , 0.1330892 secs] [Times: user=1.35 sys=0.08, real=0.13 secs] 
7096.804: [GC 7096.805: [ParNew: 349246K->24230K(353920K), 0.1066180 secs] 2277208K->1961457K(3106432K) icms_dc=100 , 0.1081719 secs] [Times: user=1.15 sys=0.02, real=0.11 secs] 
7097.788: [GC 7097.789: [ParNew: 339113K->38456K(353920K), 0.0725786 secs] 2276340K->1975683K(3106432K) icms_dc=100 , 0.0741484 secs] [Times: user=0.92 sys=0.01, real=0.07 secs] 
7097.885: [GC 7097.886: [ParNew: 38897K->18954K(353920K), 0.0991110 secs] 1976124K->1986540K(3106432K) icms_dc=100 , 0.1002948 secs] [Times: user=1.12 sys=0.04, real=0.10 secs] 
7098.910: [GC 7098.912: [ParNew: 333578K->24388K(353920K), 0.0687701 secs] 2301164K->1991974K(3106432K) icms_dc=100 , 0.0702921 secs] [Times: user=0.95 sys=0.07, real=0.07 secs] 
7099.286: [CMS-concurrent-preclean: 10.466/18.853 secs] [Times: user=366.40 sys=13.99, real=18.85 secs] 
7099.288: [CMS-concurrent-abortable-preclean-start]
7099.804: [GC 7099.805: [ParNew: 339393K->27956K(353920K), 0.0841953 secs] 2306979K->2008125K(3106432K) icms_dc=100 , 0.0856999 secs] [Times: user=1.14 sys=0.04, real=0.09 secs] 
7099.911: [GC 7099.911: [ParNew: 28378K->14306K(353920K), 0.0664630 secs] 2008547K->2017026K(3106432K) icms_dc=100 , 0.0676513 secs] [Times: user=0.85 sys=0.03, real=0.07 secs] 
7100.334: [CMS-concurrent-abortable-preclean: 0.739/1.046 secs] [Times: user=24.39 sys=0.78, real=1.05 secs] 
7100.356: [GC[YG occupancy: 127695 K (353920 K)]7100.357: [Rescan (parallel) , 0.1620315 secs]7100.519: [weak refs processing, 0.0001825 secs] [1 CMS-remark: 2002719K(2752512K)] 2130414K(3106432K), 0.1628637 secs] [Times: user=2.35 sys=0.11, real=0.16 secs] 
7100.520: [CMS-concurrent-sweep-start]
7101.072: [GC 7101.073: [ParNew: 328930K->21219K(353920K), 0.0677726 secs] 2331619K->2023908K(3106432K) icms_dc=100 , 0.0693272 secs] [Times: user=0.79 sys=0.01, real=0.07 secs] 
7101.954: [GC 7101.955: [ParNew: 335843K->33155K(353920K), 0.1426981 secs] 2338520K->2035831K(3106432K) icms_dc=100 , 0.1443107 secs] [Times: user=1.37 sys=0.19, real=0.14 secs] 
7102.991: [GC 7102.992: [ParNew: 347779K->39296K(353920K), 0.1137819 secs] 2350446K->2051936K(3106432K) icms_dc=100 , 0.1153602 secs] [Times: user=1.15 sys=0.03, real=0.12 secs] 
7103.961: [GC 7103.962: [ParNew: 353920K->39296K(353920K), 0.0881134 secs] 2366952K->2061800K(3106432K) icms_dc=100 , 0.0896578 secs] [Times: user=1.07 sys=0.01, real=0.09 secs] 
7104.983: [GC 7104.985: [ParNew: 353920K->29909K(353920K), 0.0920868 secs] 2376389K->2070324K(3106432K) icms_dc=100 , 0.0936639 secs] [Times: user=1.15 sys=0.03, real=0.09 secs] 
7105.899: [GC 7105.900: [ParNew: 344533K->39295K(353920K), 0.0751361 secs] 2384901K->2079906K(3106432K) icms_dc=100 , 0.0767702 secs] [Times: user=1.02 sys=0.01, real=0.08 secs] 
7106.927: [GC 7106.928: [ParNew: 353919K->29810K(353920K), 0.2723648 secs] 2394450K->2088242K(3106432K) icms_dc=100 , 0.2740605 secs] [Times: user=1.82 sys=0.27, real=0.27 secs] 
7108.047: [GC 7108.048: [ParNew: 344434K->31431K(353920K), 0.0705370 secs] 2402730K->2089728K(3106432K) icms_dc=100 , 0.0721844 secs] [Times: user=1.02 sys=0.02, real=0.07 secs] 
7108.951: [GC 7108.952: [ParNew: 346055K->30619K(353920K), 0.1633204 secs] 2404195K->2097037K(3106432K) icms_dc=100 , 0.1649538 secs] [Times: user=1.61 sys=0.18, real=0.17 secs] 
7109.998: [GC 7109.999: [ParNew: 345243K->35863K(353920K), 0.0791620 secs] 2411410K->2108998K(3106432K) icms_dc=100 , 0.0807529 secs] [Times: user=1.18 sys=0.01, real=0.08 secs] 
7111.235: [GC 7111.236: [ParNew: 350487K->39296K(353920K), 0.0720310 secs] 2422641K->2118563K(3106432K) icms_dc=100 , 0.0735834 secs] [Times: user=1.09 sys=0.02, real=0.07 secs] 
7112.197: [GC 7112.198: [ParNew: 353920K->39296K(353920K), 0.0712926 secs] 2430103K->2123974K(3106432K) icms_dc=100 , 0.0728153 secs] [Times: user=1.03 sys=0.02, real=0.07 secs] 
7113.020: [GC 7113.021: [ParNew: 353920K->39275K(353920K), 0.0882547 secs] 2433814K->2126135K(3106432K) icms_dc=100 , 0.0898006 secs] [Times: user=0.99 sys=0.02, real=0.09 secs] 
7113.819: [GC 7113.820: [ParNew: 353899K->39296K(353920K), 0.0811778 secs] 2436559K->2129874K(3106432K) icms_dc=100 , 0.0827361 secs] [Times: user=1.20 sys=0.01, real=0.08 secs] 
7114.229: [CMS-concurrent-sweep: 11.232/13.708 secs] [Times: user=343.38 sys=12.32, real=13.71 secs] 
7114.230: [CMS-concurrent-reset-start]
7114.259: [CMS-concurrent-reset: 0.028/0.028 secs] [Times: user=0.93 sys=0.04, real=0.03 secs] 
7114.717: [GC 7114.739: [ParNew: 353920K->34277K(353920K), 0.1291405 secs] 2428682K->2126231K(3106432K) icms_dc=75 , 0.1306734 secs] [Times: user=1.14 sys=0.02, real=0.15 secs] 
7114.963: [GC [1 CMS-initial-mark: 2091954K(2752512K)] 2165737K(3106432K), 0.4812778 secs] [Times: user=0.48 sys=0.01, real=0.48 secs] 
7115.446: [CMS-concurrent-mark-start]
7116.148: [GC 7116.150: [ParNew: 348901K->35752K(353920K), 0.0641517 secs] 2440855K->2127706K(3106432K) icms_dc=75 , 0.0656838 secs] [Times: user=0.93 sys=0.02, real=0.07 secs] 
7117.241: [GC 7117.242: [ParNew: 350261K->27860K(353920K), 0.1587308 secs] 2442216K->2139109K(3106432K) icms_dc=81 , 0.1602924 secs] [Times: user=1.55 sys=0.14, real=0.16 secs] 
7118.307: [GC 7118.308: [ParNew: 344501K->34784K(353920K), 0.0797130 secs] 2455749K->2146032K(3106432K) icms_dc=81 , 0.0812458 secs] [Times: user=1.01 sys=0.05, real=0.08 secs] 
7119.223: [GC 7119.224: [ParNew: 349408K->29281K(353920K), 0.1415098 secs] 2460656K->2155304K(3106432K) icms_dc=98 , 0.1430661 secs] [Times: user=1.37 sys=0.09, real=0.14 secs] 
7120.222: [GC 7120.223: [ParNew: 344027K->36783K(353920K), 0.1245074 secs] 2470049K->2162806K(3106432K) icms_dc=98 , 0.1260783 secs] [Times: user=1.38 sys=0.15, real=0.13 secs] 
7120.370: [GC 7120.371: [ParNew: 37293K->33670K(353920K), 0.1686044 secs] 2163316K->2169315K(3106432K) icms_dc=98 , 0.1697823 secs] [Times: user=1.68 sys=0.23, real=0.17 secs] 
7121.373: [GC 7121.374: [ParNew: 348294K->38023K(353920K), 0.0892132 secs] 2483939K->2173669K(3106432K) icms_dc=98 , 0.0907340 secs] [Times: user=1.10 sys=0.06, real=0.09 secs] 
7122.313: [GC 7122.314: [ParNew: 353529K->36734K(353920K), 0.1411268 secs] 2489175K->2190803K(3106432K) icms_dc=98 , 0.1426488 secs] [Times: user=1.49 sys=0.13, real=0.14 secs] 
7123.271: [GC 7123.272: [ParNew: 351788K->32730K(353920K), 0.1332900 secs] 2505857K->2197484K(3106432K) icms_dc=98 , 0.1348103 secs] [Times: user=1.40 sys=0.15, real=0.14 secs] 
7123.427: [GC 7123.428: [ParNew: 33305K->15675K(353920K), 0.0864947 secs] 2198058K->2201251K(3106432K) icms_dc=100 , 0.0876686 secs] [Times: user=1.04 sys=0.07, real=0.09 secs] 
7124.336: [GC 7124.337: [ParNew: 331691K->28221K(353920K), 0.0741123 secs] 2517267K->2213797K(3106432K) icms_dc=100 , 0.0756542 secs] [Times: user=0.96 sys=0.01, real=0.08 secs] 
7124.433: [GC 7124.434: [ParNew: 28391K->6641K(353920K), 0.0841421 secs] 2213967K->2217382K(3106432K) icms_dc=100 , 0.0853174 secs] [Times: user=1.00 sys=0.03, real=0.09 secs] 
7125.350: [GC 7125.351: [ParNew: 321265K->21146K(353920K), 0.0632399 secs] 2532006K->2231887K(3106432K) icms_dc=100 , 0.0647645 secs] [Times: user=0.93 sys=0.04, real=0.07 secs] 
7126.258: [GC 7126.259: [ParNew: 335770K->23174K(353920K), 0.0938328 secs] 2546511K->2246645K(3106432K) icms_dc=100 , 0.0954603 secs] [Times: user=1.19 sys=0.02, real=0.10 secs] 
7127.480: [GC 7127.481: [ParNew: 337798K->39183K(353920K), 0.1675516 secs] 2561269K->2262654K(3106432K) icms_dc=100 , 0.1690258 secs] [Times: user=1.34 sys=0.09, real=0.17 secs] 
7128.493: [GC 7128.494: [ParNew: 353856K->39296K(353920K), 0.1198712 secs] 2577326K->2272923K(3106432K) icms_dc=100 , 0.1214064 secs] [Times: user=1.25 sys=0.02, real=0.12 secs] 
7128.636: [GC 7128.637: [ParNew: 39922K->21139K(353920K), 0.1089790 secs] 2273550K->2284647K(3106432K) icms_dc=100 , 0.1102058 secs] [Times: user=1.11 sys=0.04, real=0.11 secs] 
7129.621: [GC 7129.622: [ParNew: 335843K->23233K(353920K), 0.0714211 secs] 2599351K->2286741K(3106432K) icms_dc=100 , 0.0729273 secs] [Times: user=0.98 sys=0.07, real=0.07 secs] 
7129.715: [GC 7129.716: [ParNew: 23749K->10620K(353920K), 0.0778129 secs] 2287257K->2294011K(3106432K) icms_dc=100 , 0.0789946 secs] [Times: user=0.93 sys=0.03, real=0.08 secs] 
7130.613: [GC 7130.614: [ParNew: 325244K->27120K(353920K), 0.1134282 secs] 2608635K->2310510K(3106432K) icms_dc=100 , 0.1149731 secs] [Times: user=1.11 sys=0.07, real=0.12 secs] 
7131.560: [GC 7131.562: [ParNew: 341744K->24854K(353920K), 0.0830059 secs] 2625134K->2321329K(3106432K) icms_dc=100 , 0.0845641 secs] [Times: user=1.12 sys=0.02, real=0.09 secs] 
7132.536: [GC 7132.537: [ParNew: 339541K->29115K(353920K), 0.0927268 secs] 2636016K->2334572K(3106432K) icms_dc=100 , 0.0942789 secs] [Times: user=1.20 sys=0.03, real=0.09 secs] 
7132.653: [GC 7132.653: [ParNew: 30520K->16946K(353920K), 0.0814728 secs] 2335977K->2344401K(3106432K) icms_dc=100 , 0.0826595 secs] [Times: user=0.98 sys=0.03, real=0.08 secs] 
7133.546: [GC 7133.547: [ParNew: 331781K->24475K(353920K), 0.1010726 secs] 2659236K->2351930K(3106432K) icms_dc=100 , 0.1025569 secs] [Times: user=0.93 sys=0.02, real=0.10 secs] 
7133.677: [GC 7133.678: [ParNew: 27219K->12460K(353920K), 0.0840296 secs] 2354674K->2361627K(3106432K) icms_dc=100 , 0.0852211 secs] [Times: user=0.93 sys=0.04, real=0.09 secs] 
7134.642: [CMS-concurrent-mark: 14.194/19.196 secs] [Times: user=479.33 sys=16.09, real=19.20 secs] 
7134.643: [CMS-concurrent-preclean-start]
7134.679: [GC 7134.680: [ParNew: 327084K->22929K(353920K), 0.0595299 secs] 2676251K->2372096K(3106432K) icms_dc=100 , 0.0610735 secs] [Times: user=0.85 sys=0.01, real=0.06 secs] 
7135.671: [GC 7135.672: [ParNew: 337553K->24107K(353920K), 0.0966101 secs] 2686720K->2384827K(3106432K) icms_dc=100 , 0.0982101 secs] [Times: user=1.17 sys=0.03, real=0.10 secs] 
7136.548: [GC 7136.549: [ParNew: 339509K->29952K(353920K), 0.0952790 secs] 2700229K->2401387K(3106432K) icms_dc=100 , 0.0968049 secs] [Times: user=1.18 sys=0.06, real=0.10 secs] 
7137.623: [GC 7137.624: [ParNew: 344616K->24924K(353920K), 0.0989649 secs] 2716050K->2406498K(3106432K) icms_dc=100 , 0.1005437 secs] [Times: user=1.19 sys=0.05, real=0.10 secs] 
7137.745: [GC 7137.746: [ParNew: 25368K->27990K(353920K), 0.1116934 secs] 2406941K->2409564K(3106432K) icms_dc=100 , 0.1128655 secs] [Times: user=1.07 sys=0.14, real=0.11 secs] 
7138.653: [GC 7138.654: [ParNew: 342614K->34603K(353920K), 0.0835133 secs] 2724188K->2416176K(3106432K) icms_dc=100 , 0.0850438 secs] [Times: user=1.03 sys=0.04, real=0.09 secs] 
7139.485: [GC 7139.487: [ParNew: 349227K->38488K(353920K), 0.0749819 secs] 2730800K->2427824K(3106432K) icms_dc=100 , 0.0768885 secs] [Times: user=1.13 sys=0.02, real=0.08 secs] 
7140.372: [GC 7140.373: [ParNew: 353112K->31026K(353920K), 0.1320748 secs] 2742448K->2438535K(3106432K) icms_dc=100 , 0.1336224 secs] [Times: user=1.22 sys=0.02, real=0.13 secs] 
7141.212: [GC 7141.213: [ParNew: 345650K->32623K(353920K), 0.0534860 secs] 2753159K->2440131K(3106432K) icms_dc=100 , 0.0550264 secs] [Times: user=0.90 sys=0.01, real=0.06 secs] 
7142.079: [GC 7142.080: [ParNew: 347247K->39296K(353920K), 0.1207221 secs] 2754755K->2454189K(3106432K) icms_dc=100 , 0.1222709 secs] [Times: user=1.31 sys=0.07, real=0.12 secs] 
7142.980: [GC 7142.981: [ParNew: 353920K->38369K(353920K), 0.1571827 secs] 2768845K->2462296K(3106432K) icms_dc=100 , 0.1588063 secs] [Times: user=1.62 sys=0.17, real=0.16 secs] 
7143.160: [GC 7143.161: [ParNew: 38562K->27222K(353920K), 0.0612325 secs] 2462489K->2459404K(3106432K) icms_dc=100 , 0.0624272 secs] [Times: user=0.95 sys=0.02, real=0.06 secs] 
7143.971: [GC 7143.972: [ParNew: 341846K->38719K(353920K), 0.1260112 secs] 2774028K->2470901K(3106432K) icms_dc=100 , 0.1274867 secs] [Times: user=1.33 sys=0.16, real=0.13 secs] 
7144.259: [CMS-concurrent-preclean: 7.437/9.616 secs] [Times: user=241.32 sys=8.89, real=9.62 secs] 
7144.260: [CMS-concurrent-abortable-preclean-start]
7144.983: [GC 7144.984: [ParNew: 353343K->39296K(353920K), 0.1140323 secs] 2785525K->2481927K(3106432K) icms_dc=100 , 0.1155996 secs] [Times: user=1.16 sys=0.01, real=0.12 secs] 
7145.834: [GC 7145.836: [ParNew: 353920K->39296K(353920K), 0.1052827 secs] 2796551K->2491753K(3106432K) icms_dc=100 , 0.1068370 secs] [Times: user=1.16 sys=0.02, real=0.11 secs] 
7146.047: [CMS-concurrent-abortable-preclean: 1.344/1.787 secs] [Times: user=45.72 sys=1.50, real=1.79 secs] 
7146.072: [GC[YG occupancy: 86160 K (353920 K)]7146.072: [Rescan (parallel) , 0.2343318 secs]7146.307: [weak refs processing, 0.0302883 secs] [1 CMS-remark: 2452457K(2752512K)] 2538618K(3106432K), 0.2849286 secs] [Times: user=2.46 sys=0.33, real=0.29 secs] 
7146.358: [CMS-concurrent-sweep-start]
7147.468: [GC 7147.470: [ParNew: 353920K->35515K(353920K), 0.0855439 secs] 2806268K->2495117K(3106432K) icms_dc=100 , 0.0870888 secs] [Times: user=1.15 sys=0.03, real=0.09 secs] 
7147.577: [GC 7147.577: [ParNew: 35826K->29886K(353920K), 0.0567748 secs] 2495428K->2496464K(3106432K) icms_dc=100 , 0.0579134 secs] [Times: user=0.89 sys=0.02, real=0.06 secs] 
7148.465: [GC 7148.466: [ParNew: 344510K->39296K(353920K), 0.0951368 secs] 2811024K->2507328K(3106432K) icms_dc=100 , 0.0966718 secs] [Times: user=1.09 sys=0.02, real=0.10 secs] 
7149.383: [GC 7149.384: [ParNew: 353713K->30076K(353920K), 0.0972077 secs] 2821647K->2516139K(3106432K) icms_dc=100 , 0.0988135 secs] [Times: user=1.24 sys=0.03, real=0.10 secs] 
7150.280: [GC 7150.281: [ParNew: 344700K->32282K(353920K), 0.1263769 secs] 2830565K->2527794K(3106432K) icms_dc=100 , 0.1279213 secs] [Times: user=1.26 sys=0.08, real=0.13 secs] 
7151.179: [GC 7151.180: [ParNew: 346906K->28973K(353920K), 0.1043454 secs] 2842245K->2533456K(3106432K) icms_dc=100 , 0.1060002 secs] [Times: user=1.14 sys=0.03, real=0.11 secs] 
7152.376: [GC 7152.377: [ParNew: 343597K->38898K(353920K), 0.0926099 secs] 2847456K->2542757K(3106432K) icms_dc=100 , 0.0941805 secs] [Times: user=1.04 sys=0.02, real=0.09 secs] 
7153.238: [GC 7153.239: [ParNew: 353522K->38125K(353920K), 0.1532425 secs] 2856902K->2550122K(3106432K) icms_dc=100 , 0.1547748 secs] [Times: user=1.21 sys=0.02, real=0.16 secs] 
7154.063: [GC 7154.064: [ParNew: 352749K->39296K(353920K), 0.1609886 secs] 2864436K->2559672K(3106432K) icms_dc=100 , 0.1624795 secs] [Times: user=1.44 sys=0.12, real=0.16 secs] 
7154.966: [GC 7154.967: [ParNew: 353920K->39296K(353920K), 0.1250728 secs] 2873932K->2568406K(3106432K) icms_dc=100 , 0.1266255 secs] [Times: user=1.41 sys=0.12, real=0.13 secs] 
7155.830: [GC 7155.831: [ParNew: 353920K->39296K(353920K), 0.0950534 secs] 2882460K->2577952K(3106432K) icms_dc=100 , 0.0965878 secs] [Times: user=1.21 sys=0.05, real=0.10 secs] 
7156.802: [GC 7156.803: [ParNew: 353920K->31961K(353920K), 0.0909677 secs] 2891813K->2588716K(3106432K) icms_dc=100 , 0.0925200 secs] [Times: user=1.15 sys=0.02, real=0.09 secs] 
7157.804: [GC 7157.805: [ParNew: 346585K->37794K(353920K), 0.0645096 secs] 2902359K->2593568K(3106432K) icms_dc=100 , 0.0660320 secs] [Times: user=0.94 sys=0.02, real=0.07 secs] 
7158.651: [GC 7158.652: [ParNew: 352418K->35887K(353920K), 0.1115345 secs] 2907499K->2609982K(3106432K) icms_dc=100 , 0.1132191 secs] [Times: user=1.37 sys=0.06, real=0.11 secs] 
7159.659: [GC 7159.660: [ParNew: 350511K->32612K(353920K), 0.0908491 secs] 2922191K->2613518K(3106432K) icms_dc=100 , 0.0924222 secs] [Times: user=1.00 sys=0.02, real=0.09 secs] 
7160.636: [GC 7160.638: [ParNew: 347236K->36007K(353920K), 0.1097822 secs] 2925459K->2614230K(3106432K) icms_dc=100 , 0.1113898 secs] [Times: user=1.12 sys=0.03, real=0.11 secs] 
7161.591: [GC 7161.592: [ParNew: 350631K->25237K(353920K), 0.1565135 secs] 2923909K->2615481K(3106432K) icms_dc=100 , 0.1580645 secs] [Times: user=1.62 sys=0.20, real=0.16 secs] 
7162.875: [GC 7162.876: [ParNew: 339861K->34171K(353920K), 0.1088566 secs] 2921211K->2615521K(3106432K) icms_dc=100 , 0.1104253 secs] [Times: user=1.16 sys=0.10, real=0.11 secs] 
7164.156: [GC 7164.157: [ParNew: 348795K->37153K(353920K), 0.1464742 secs] 2920269K->2615261K(3106432K) icms_dc=100 , 0.1480419 secs] [Times: user=1.46 sys=0.16, real=0.15 secs] 
7165.742: [GC 7165.743: [ParNew: 351323K->37984K(353920K), 0.2473061 secs] 2852358K->2545921K(3106432K) icms_dc=100 , 0.2488762 secs] [Times: user=2.39 sys=0.41, real=0.25 secs] 
7166.932: [GC 7166.933: [ParNew: 352608K->38348K(353920K), 0.0972122 secs] 2768102K->2460426K(3106432K) icms_dc=100 , 0.0987961 secs] [Times: user=1.18 sys=0.03, real=0.10 secs] 
7168.220: [GC 7168.221: [ParNew: 352700K->39296K(353920K), 0.1250846 secs] 2695524K->2391393K(3106432K) icms_dc=100 , 0.1266833 secs] [Times: user=1.22 sys=0.06, real=0.13 secs] 
7169.552: [GC 7169.553: [ParNew: 353920K->37150K(353920K), 0.1252415 secs] 2621819K->2314440K(3106432K) icms_dc=100 , 0.1268044 secs] [Times: user=1.35 sys=0.11, real=0.13 secs] 
7170.466: [GC 7170.467: [ParNew: 351774K->39296K(353920K), 0.1251978 secs] 2595909K->2291190K(3106432K) icms_dc=100 , 0.1267351 secs] [Times: user=1.26 sys=0.07, real=0.13 secs] 
7171.431: [GC 7171.432: [ParNew: 353920K->36427K(353920K), 0.0896572 secs] 2531550K->2222412K(3106432K) icms_dc=100 , 0.0912466 secs] [Times: user=1.14 sys=0.03, real=0.09 secs] 
7172.960: [GC 7172.961: [ParNew: 351051K->38878K(353920K), 0.0855333 secs] 2478607K->2173398K(3106432K) icms_dc=100 , 0.0871287 secs] [Times: user=1.17 sys=0.02, real=0.09 secs] 
7173.883: [GC 7173.884: [ParNew: 353896K->39150K(353920K), 0.0833448 secs] 2433503K->2126596K(3106432K) icms_dc=100 , 0.0848465 secs] [Times: user=1.22 sys=0.03, real=0.09 secs] 
7174.444: [CMS-concurrent-sweep: 20.071/28.086 secs] [Times: user=638.14 sys=22.82, real=28.09 secs] 
7174.446: [CMS-concurrent-reset-start]
7174.501: [CMS-concurrent-reset: 0.032/0.055 secs] [Times: user=1.10 sys=0.05, real=0.06 secs] 
7174.897: [GC 7174.898: [ParNew: 353809K->38905K(353920K), 0.1302180 secs] 2395146K->2087437K(3106432K) icms_dc=75 , 0.1317937 secs] [Times: user=1.31 sys=0.11, real=0.13 secs] 
7175.051: [GC 7175.052: [ParNew: 39165K->29950K(353920K), 0.1369616 secs] 2087697K->2085954K(3106432K) icms_dc=75 , 0.1381308 secs] [Times: user=1.31 sys=0.19, real=0.14 secs] 
7175.302: [GC [1 CMS-initial-mark: 2056004K(2752512K)] 2129800K(3106432K), 0.5184576 secs] [Times: user=0.52 sys=0.00, real=0.52 secs] 
7175.822: [CMS-concurrent-mark-start]
7176.930: [GC 7176.931: [ParNew: 344574K->39296K(353920K), 0.1502999 secs] 2400578K->2098301K(3106432K) icms_dc=75 , 0.1518662 secs] [Times: user=1.12 sys=0.07, real=0.15 secs] 
7177.925: [GC 7177.926: [ParNew: 353920K->33139K(353920K), 0.0984585 secs] 2412925K->2110776K(3106432K) icms_dc=77 , 0.1000450 secs] [Times: user=1.28 sys=0.03, real=0.10 secs] 
7178.798: [GC 7178.799: [ParNew: 347843K->30771K(353920K), 0.0953404 secs] 2425480K->2119421K(3106432K) icms_dc=85 , 0.0968464 secs] [Times: user=1.22 sys=0.07, real=0.10 secs] 
7178.917: [GC 7178.918: [ParNew: 31379K->16601K(353920K), 0.0688682 secs] 2120028K->2126581K(3106432K) icms_dc=100 , 0.0700634 secs] [Times: user=0.93 sys=0.02, real=0.07 secs] 
7179.781: [GC 7179.782: [ParNew: 331225K->23353K(353920K), 0.1155887 secs] 2441205K->2133334K(3106432K) icms_dc=100 , 0.1171448 secs] [Times: user=1.27 sys=0.17, real=0.12 secs] 
7180.720: [GC 7180.721: [ParNew: 338477K->28498K(353920K), 0.1175251 secs] 2448458K->2151529K(3106432K) icms_dc=100 , 0.1190750 secs] [Times: user=1.22 sys=0.02, real=0.12 secs] 
7180.867: [GC 7180.868: [ParNew: 32108K->16885K(353920K), 0.0908070 secs] 2155139K->2159858K(3106432K) icms_dc=100 , 0.0919908 secs] [Times: user=1.08 sys=0.07, real=0.09 secs] 
7181.729: [GC 7181.730: [ParNew: 332203K->24228K(353920K), 0.0800063 secs] 2475175K->2167201K(3106432K) icms_dc=100 , 0.0814761 secs] [Times: user=1.02 sys=0.07, real=0.08 secs] 
7181.832: [GC 7181.833: [ParNew: 24981K->7467K(353920K), 0.0833589 secs] 2167953K->2172800K(3106432K) icms_dc=100 , 0.0845649 secs] [Times: user=0.99 sys=0.05, real=0.09 secs] 
7182.771: [GC 7182.772: [ParNew: 322091K->20343K(353920K), 0.1358456 secs] 2487424K->2185676K(3106432K) icms_dc=100 , 0.1373995 secs] [Times: user=1.29 sys=0.19, real=0.14 secs] 
7183.803: [GC 7183.804: [ParNew: 335005K->34986K(353920K), 0.0976988 secs] 2500338K->2200319K(3106432K) icms_dc=100 , 0.0992650 secs] [Times: user=1.14 sys=0.07, real=0.10 secs] 
7183.934: [GC 7183.935: [ParNew: 37780K->20772K(353920K), 0.1124002 secs] 2203113K->2216457K(3106432K) icms_dc=100 , 0.1136295 secs] [Times: user=1.29 sys=0.07, real=0.11 secs] 
7184.819: [GC 7184.820: [ParNew: 335396K->23877K(353920K), 0.0681137 secs] 2531081K->2219562K(3106432K) icms_dc=100 , 0.0696373 secs] [Times: user=0.94 sys=0.02, real=0.07 secs] 
7185.807: [GC 7185.808: [ParNew: 338632K->26122K(353920K), 0.1046585 secs] 2534317K->2234407K(3106432K) icms_dc=100 , 0.1062140 secs] [Times: user=1.25 sys=0.06, real=0.13 secs] 
7185.957: [GC 7185.958: [ParNew: 27057K->14502K(353920K), 0.0715885 secs] 2235341K->2243875K(3106432K) icms_dc=100 , 0.0727424 secs] [Times: user=0.92 sys=0.03, real=0.07 secs] 
7186.876: [GC 7186.877: [ParNew: 329126K->27021K(353920K), 0.0775368 secs] 2558499K->2256395K(3106432K) icms_dc=100 , 0.0791819 secs] [Times: user=1.02 sys=0.04, real=0.08 secs] 
7187.892: [GC 7187.893: [ParNew: 341645K->27467K(353920K), 0.0946940 secs] 2571019K->2271154K(3106432K) icms_dc=100 , 0.0962045 secs] [Times: user=1.16 sys=0.03, real=0.10 secs] 
7188.891: [GC 7188.892: [ParNew: 342091K->30138K(353920K), 0.0974512 secs] 2585778K->2283649K(3106432K) icms_dc=100 , 0.0989509 secs] [Times: user=1.16 sys=0.03, real=0.10 secs] 
7189.827: [GC 7189.828: [ParNew: 344762K->26456K(353920K), 0.1464836 secs] 2598273K->2289077K(3106432K) icms_dc=100 , 0.1481068 secs] [Times: user=1.51 sys=0.16, real=0.15 secs] 
7190.878: [GC 7190.879: [ParNew: 341205K->37799K(353920K), 0.1019057 secs] 2603826K->2300420K(3106432K) icms_dc=100 , 0.1035481 secs] [Times: user=1.11 sys=0.05, real=0.10 secs] 
7191.015: [GC 7191.015: [ParNew: 42535K->28420K(353920K), 0.0778873 secs] 2305156K->2301207K(3106432K) icms_dc=100 , 0.0791059 secs] [Times: user=0.97 sys=0.01, real=0.08 secs] 
7191.919: [GC 7191.920: [ParNew: 343044K->39296K(353920K), 0.0920537 secs] 2615831K->2313367K(3106432K) icms_dc=100 , 0.0936023 secs] [Times: user=1.08 sys=0.03, real=0.09 secs] 
7192.855: [GC 7192.857: [ParNew: 353920K->36006K(353920K), 0.1061358 secs] 2627991K->2327712K(3106432K) icms_dc=100 , 0.1076919 secs] [Times: user=1.32 sys=0.03, real=0.11 secs] 
7193.867: [GC 7193.868: [ParNew: 350630K->31005K(353920K), 0.0908715 secs] 2642336K->2333530K(3106432K) icms_dc=100 , 0.0924571 secs] [Times: user=1.12 sys=0.03, real=0.09 secs] 
7194.867: [GC 7194.868: [ParNew: 345661K->37812K(353920K), 0.0715000 secs] 2648187K->2340337K(3106432K) icms_dc=100 , 0.0730763 secs] [Times: user=1.10 sys=0.02, real=0.07 secs] 
7194.962: [GC 7194.962: [ParNew: 38618K->27552K(353920K), 0.0672007 secs] 2341143K->2339624K(3106432K) icms_dc=100 , 0.0683425 secs] [Times: user=0.96 sys=0.02, real=0.07 secs] 
7195.785: [GC 7195.786: [ParNew: 342176K->39296K(353920K), 0.1017704 secs] 2654248K->2352127K(3106432K) icms_dc=100 , 0.1033318 secs] [Times: user=1.02 sys=0.02, real=0.10 secs] 
7196.323: [CMS-concurrent-mark: 15.506/20.501 secs] [Times: user=515.34 sys=16.49, real=20.50 secs] 
7196.324: [CMS-concurrent-preclean-start]
7196.789: [GC 7196.790: [ParNew: 353920K->39296K(353920K), 0.1635216 secs] 2667607K->2364125K(3106432K) icms_dc=100 , 0.1650194 secs] [Times: user=1.46 sys=0.09, real=0.17 secs] 
7197.795: [GC 7197.796: [ParNew: 353920K->32206K(353920K), 0.0902121 secs] 2679731K->2373409K(3106432K) icms_dc=100 , 0.0918465 secs] [Times: user=1.16 sys=0.02, real=0.09 secs] 
7198.718: [GC 7198.719: [ParNew: 346830K->26215K(353920K), 0.1196031 secs] 2688033K->2376365K(3106432K) icms_dc=100 , 0.1211642 secs] [Times: user=1.25 sys=0.12, real=0.12 secs] 
7199.734: [GC 7199.735: [ParNew: 340839K->33640K(353920K), 0.0802838 secs] 2690989K->2383791K(3106432K) icms_dc=100 , 0.0818765 secs] [Times: user=0.97 sys=0.03, real=0.08 secs] 
7200.591: [GC 7200.592: [ParNew: 348264K->38424K(353920K), 0.0756787 secs] 2698415K->2395809K(3106432K) icms_dc=100 , 0.0771995 secs] [Times: user=1.09 sys=0.02, real=0.08 secs] 
7201.509: [GC 7201.511: [ParNew: 353048K->39296K(353920K), 0.1031828 secs] 2710433K->2406003K(3106432K) icms_dc=100 , 0.1047026 secs] [Times: user=1.27 sys=0.04, real=0.11 secs] 
7202.454: [GC 7202.455: [ParNew: 353920K->37533K(353920K), 0.0964387 secs] 2720627K->2412163K(3106432K) icms_dc=100 , 0.0979987 secs] [Times: user=1.21 sys=0.05, real=0.10 secs] 
7203.322: [GC 7203.323: [ParNew: 352157K->39296K(353920K), 0.0895998 secs] 2726787K->2421527K(3106432K) icms_dc=100 , 0.0911136 secs] [Times: user=1.21 sys=0.03, real=0.09 secs] 
7204.179: [GC 7204.180: [ParNew: 353920K->33393K(353920K), 0.0709847 secs] 2736151K->2423307K(3106432K) icms_dc=100 , 0.0725723 secs] [Times: user=1.07 sys=0.02, real=0.07 secs] 
7204.987: [GC 7204.988: [ParNew: 348017K->33309K(353920K), 0.1257052 secs] 2737931K->2432545K(3106432K) icms_dc=100 , 0.1273679 secs] [Times: user=1.49 sys=0.13, real=0.13 secs] 
7205.971: [GC 7205.972: [ParNew: 347933K->38425K(353920K), 0.0856756 secs] 2747169K->2444223K(3106432K) icms_dc=100 , 0.0872012 secs] [Times: user=1.08 sys=0.02, real=0.09 secs] 
7206.304: [CMS-concurrent-preclean: 7.873/9.980 secs] [Times: user=259.29 sys=9.34, real=9.98 secs] 
7206.305: [CMS-concurrent-abortable-preclean-start]
7206.889: [GC 7206.890: [ParNew: 353049K->39296K(353920K), 0.1236505 secs] 2758847K->2453816K(3106432K) icms_dc=100 , 0.1251915 secs] [Times: user=1.09 sys=0.02, real=0.13 secs] 
7207.267: [CMS-concurrent-abortable-preclean: 0.736/0.961 secs] [Times: user=24.31 sys=0.87, real=0.96 secs] 
7207.309: [GC[YG occupancy: 143070 K (353920 K)]7207.310: [Rescan (parallel) , 0.1272498 secs]7207.437: [weak refs processing, 0.0293702 secs] [1 CMS-remark: 2414520K(2752512K)] 2557590K(3106432K), 0.1607228 secs] [Times: user=2.16 sys=0.06, real=0.16 secs] 
7207.471: [CMS-concurrent-sweep-start]
7208.098: [GC 7208.099: [ParNew: 353920K->39296K(353920K), 0.1100163 secs] 2768267K->2462632K(3106432K) icms_dc=100 , 0.1118742 secs] [Times: user=1.28 sys=0.03, real=0.11 secs] 
7209.068: [GC 7209.069: [ParNew: 353920K->39296K(353920K), 0.1606469 secs] 2777203K->2471131K(3106432K) icms_dc=100 , 0.1621831 secs] [Times: user=1.43 sys=0.04, real=0.16 secs] 
7210.112: [GC 7210.113: [ParNew: 353920K->32918K(353920K), 0.1088215 secs] 2785537K->2480038K(3106432K) icms_dc=100 , 0.1103623 secs] [Times: user=1.17 sys=0.03, real=0.11 secs] 
7211.110: [GC 7211.111: [ParNew: 347341K->37894K(353920K), 0.1112091 secs] 2793835K->2484388K(3106432K) icms_dc=100 , 0.1128096 secs] [Times: user=1.18 sys=0.10, real=0.11 secs] 
7212.323: [GC 7212.324: [ParNew: 352518K->39296K(353920K), 0.2117614 secs] 2798008K->2495818K(3106432K) icms_dc=100 , 0.2133499 secs] [Times: user=1.61 sys=0.16, real=0.21 secs] 
7213.363: [GC 7213.365: [ParNew: 353920K->27034K(353920K), 0.0952304 secs] 2809602K->2491312K(3106432K) icms_dc=100 , 0.0968051 secs] [Times: user=1.17 sys=0.02, real=0.10 secs] 
7214.372: [GC 7214.373: [ParNew: 342530K->38012K(353920K), 0.0971792 secs] 2805381K->2505951K(3106432K) icms_dc=100 , 0.0987137 secs] [Times: user=1.22 sys=0.03, real=0.10 secs] 
7214.496: [GC 7214.497: [ParNew: 38789K->18913K(353920K), 0.0937551 secs] 2506728K->2515701K(3106432K) icms_dc=100 , 0.0949544 secs] [Times: user=1.14 sys=0.04, real=0.10 secs] 
7215.327: [GC 7215.328: [ParNew: 333537K->19569K(353920K), 0.0676925 secs] 2828912K->2514943K(3106432K) icms_dc=100 , 0.0692222 secs] [Times: user=0.94 sys=0.03, real=0.07 secs] 
7216.133: [GC 7216.134: [ParNew: 334193K->36102K(353920K), 0.2188122 secs] 2827651K->2529560K(3106432K) icms_dc=100 , 0.2203343 secs] [Times: user=1.82 sys=0.36, real=0.22 secs] 
7217.100: [GC 7217.101: [ParNew: 350726K->39296K(353920K), 0.1504351 secs] 2841312K->2540452K(3106432K) icms_dc=100 , 0.1519686 secs] [Times: user=1.36 sys=0.12, real=0.15 secs] 
7218.201: [GC 7218.202: [ParNew: 353920K->39296K(353920K), 0.0905181 secs] 2851239K->2549282K(3106432K) icms_dc=100 , 0.0921053 secs] [Times: user=1.17 sys=0.02, real=0.09 secs] 
7219.101: [GC 7219.102: [ParNew: 353920K->30724K(353920K), 0.1121452 secs] 2858793K->2554416K(3106432K) icms_dc=100 , 0.1136839 secs] [Times: user=1.33 sys=0.07, real=0.11 secs] 
7220.002: [GC 7220.066: [ParNew: 345348K->37761K(353920K), 0.0849177 secs] 2862673K->2555087K(3106432K) icms_dc=100 , 0.0865037 secs] [Times: user=1.13 sys=0.07, real=0.15 secs] 
7220.971: [GC 7220.972: [ParNew: 352385K->28953K(353920K), 0.0984016 secs] 2864767K->2558308K(3106432K) icms_dc=100 , 0.0999402 secs] [Times: user=1.31 sys=0.04, real=0.10 secs] 
7221.830: [GC 7221.831: [ParNew: 343882K->39296K(353920K), 0.0784528 secs] 2867168K->2563316K(3106432K) icms_dc=100 , 0.0800051 secs] [Times: user=1.08 sys=0.03, real=0.08 secs] 
7221.931: [GC 7221.932: [ParNew: 39762K->18354K(353920K), 0.1602834 secs] 2563777K->2573464K(3106432K) icms_dc=100 , 0.1616678 secs] [Times: user=1.12 sys=0.03, real=0.16 secs] 
7222.878: [GC 7222.880: [ParNew: 332856K->30998K(353920K), 0.1107840 secs] 2868070K->2566212K(3106432K) icms_dc=100 , 0.1124245 secs] [Times: user=1.14 sys=0.12, real=0.11 secs] 
7223.871: [GC 7223.872: [ParNew: 345768K->29874K(353920K), 0.0897118 secs] 2858990K->2557809K(3106432K) icms_dc=100 , 0.0912975 secs] [Times: user=1.26 sys=0.02, real=0.09 secs] 
7223.984: [GC 7223.985: [ParNew: 30167K->14734K(353920K), 0.0757204 secs] 2558097K->2567010K(3106432K) icms_dc=100 , 0.0768908 secs] [Times: user=0.97 sys=0.02, real=0.08 secs] 
7224.966: [GC 7224.967: [ParNew: 330168K->28905K(353920K), 0.0758506 secs] 2871474K->2570211K(3106432K) icms_dc=100 , 0.0773816 secs] [Times: user=1.08 sys=0.07, real=0.08 secs] 
7225.066: [GC 7225.067: [ParNew: 29201K->11830K(353920K), 0.0773705 secs] 2570445K->2579513K(3106432K) icms_dc=100 , 0.0785673 secs] [Times: user=0.95 sys=0.02, real=0.08 secs] 
7225.964: [GC 7225.966: [ParNew: 326454K->24462K(353920K), 0.0815224 secs] 2881590K->2579598K(3106432K) icms_dc=100 , 0.0830870 secs] [Times: user=1.01 sys=0.02, real=0.08 secs] 
7226.826: [GC 7226.827: [ParNew: 339086K->23226K(353920K), 0.0885300 secs] 2880280K->2576334K(3106432K) icms_dc=100 , 0.0901805 secs] [Times: user=1.09 sys=0.02, real=0.09 secs] 
7227.764: [GC 7227.765: [ParNew: 337850K->35819K(353920K), 0.0740211 secs] 2840546K->2538515K(3106432K) icms_dc=100 , 0.0755486 secs] [Times: user=0.97 sys=0.03, real=0.08 secs] 
7228.615: [GC 7228.616: [ParNew: 350443K->39296K(353920K), 0.0859927 secs] 2779339K->2477396K(3106432K) icms_dc=100 , 0.0875592 secs] [Times: user=1.13 sys=0.03, real=0.09 secs] 
7229.470: [GC 7229.471: [ParNew: 353920K->39296K(353920K), 0.0909055 secs] 2749259K->2445258K(3106432K) icms_dc=100 , 0.0924329 secs] [Times: user=1.17 sys=0.01, real=0.09 secs] 
7230.417: [GC 7230.419: [ParNew: 353920K->39202K(353920K), 0.0835413 secs] 2701851K->2396626K(3106432K) icms_dc=100 , 0.0850888 secs] [Times: user=1.11 sys=0.02, real=0.09 secs] 
7231.296: [GC 7231.297: [ParNew: 353910K->38277K(353920K), 0.0844355 secs] 2656361K->2348151K(3106432K) icms_dc=100 , 0.0860088 secs] [Times: user=1.17 sys=0.02, real=0.09 secs] 
7231.409: [GC 7231.410: [ParNew: 41423K->26730K(353920K), 0.0710130 secs] 2351171K->2346344K(3106432K) icms_dc=100 , 0.0722001 secs] [Times: user=1.00 sys=0.02, real=0.07 secs] 
7232.301: [GC 7232.302: [ParNew: 341354K->39296K(353920K), 0.1551567 secs] 2624373K->2325343K(3106432K) icms_dc=100 , 0.1567054 secs] [Times: user=1.37 sys=0.19, real=0.16 secs] 
7233.308: [GC 7233.309: [ParNew: 353920K->31339K(353920K), 0.1331560 secs] 2590858K->2287301K(3106432K) icms_dc=100 , 0.1346965 secs] [Times: user=1.36 sys=0.10, real=0.14 secs] 
7234.313: [GC 7234.314: [ParNew: 346001K->39296K(353920K), 0.1086635 secs] 2552862K->2246206K(3106432K) icms_dc=100 , 0.1101496 secs] [Times: user=1.07 sys=0.04, real=0.11 secs] 
7234.445: [GC 7234.446: [ParNew: 39964K->21557K(353920K), 0.0885460 secs] 2246693K->2259553K(3106432K) icms_dc=100 , 0.0897192 secs] [Times: user=1.05 sys=0.02, real=0.09 secs] 
7235.136: [CMS-concurrent-sweep: 21.897/27.664 secs] [Times: user=691.26 sys=24.57, real=27.67 secs] 
7235.137: [CMS-concurrent-reset-start]
7235.200: [CMS-concurrent-reset: 0.062/0.062 secs] [Times: user=1.83 sys=0.06, real=0.06 secs] 
7235.425: [GC 7235.426: [ParNew: 336414K->22599K(353920K), 0.0670784 secs] 2513142K->2199326K(3106432K) icms_dc=75 , 0.0686567 secs] [Times: user=0.91 sys=0.04, real=0.07 secs] 
7235.515: [GC 7235.516: [ParNew: 22695K->25897K(353920K), 0.0872460 secs] 2199423K->2202624K(3106432K) icms_dc=75 , 0.0883855 secs] [Times: user=0.99 sys=0.11, real=0.09 secs] 
7235.751: [GC [1 CMS-initial-mark: 2176727K(2752512K)] 2242026K(3106432K), 0.4869370 secs] [Times: user=0.49 sys=0.00, real=0.49 secs] 
7236.239: [CMS-concurrent-mark-start]
7236.987: [GC 7236.988: [ParNew: 340521K->38686K(353920K), 0.0755545 secs] 2517248K->2215414K(3106432K) icms_dc=75 , 0.0771593 secs] [Times: user=1.05 sys=0.02, real=0.08 secs] 
7237.928: [GC 7237.929: [ParNew: 353310K->39296K(353920K), 0.1020635 secs] 2530038K->2227015K(3106432K) icms_dc=81 , 0.1036442 secs] [Times: user=1.28 sys=0.03, real=0.10 secs] 
7238.927: [GC 7238.928: [ParNew: 353920K->31481K(353920K), 0.1682217 secs] 2541639K->2236054K(3106432K) icms_dc=100 , 0.1698111 secs] [Times: user=1.62 sys=0.19, real=0.17 secs] 
7240.113: [GC 7240.114: [ParNew: 346105K->35031K(353920K), 0.1069216 secs] 2550678K->2239604K(3106432K) icms_dc=100 , 0.1085308 secs] [Times: user=1.18 sys=0.08, real=0.11 secs] 
7241.029: [GC 7241.030: [ParNew: 349655K->39296K(353920K), 0.0931816 secs] 2554228K->2252432K(3106432K) icms_dc=100 , 0.0947401 secs] [Times: user=1.23 sys=0.02, real=0.10 secs] 
7241.975: [GC 7241.976: [ParNew: 353920K->37446K(353920K), 0.1284092 secs] 2567056K->2268273K(3106432K) icms_dc=100 , 0.1299560 secs] [Times: user=1.35 sys=0.05, real=0.13 secs] 
7242.945: [GC 7242.946: [ParNew: 352375K->33256K(353920K), 0.1750624 secs] 2583202K->2273195K(3106432K) icms_dc=100 , 0.1766061 secs] [Times: user=1.60 sys=0.25, real=0.18 secs] 
7243.145: [GC 7243.145: [ParNew: 34076K->19503K(353920K), 0.0756281 secs] 2274015K->2281383K(3106432K) icms_dc=100 , 0.0768085 secs] [Times: user=0.92 sys=0.02, real=0.08 secs] 
7244.052: [GC 7244.053: [ParNew: 334127K->21908K(353920K), 0.0652731 secs] 2596007K->2283788K(3106432K) icms_dc=100 , 0.0668253 secs] [Times: user=0.94 sys=0.02, real=0.07 secs] 
7244.974: [GC 7244.975: [ParNew: 336532K->35531K(353920K), 0.1221818 secs] 2598412K->2297411K(3106432K) icms_dc=100 , 0.1237274 secs] [Times: user=1.32 sys=0.07, real=0.12 secs] 
7245.865: [GC 7245.866: [ParNew: 350155K->37306K(353920K), 0.0920859 secs] 2612035K->2310030K(3106432K) icms_dc=100 , 0.0935794 secs] [Times: user=1.26 sys=0.03, real=0.09 secs] 
7246.881: [GC 7246.882: [ParNew: 351989K->39296K(353920K), 0.0947790 secs] 2624714K->2320852K(3106432K) icms_dc=100 , 0.0964396 secs] [Times: user=1.17 sys=0.02, real=0.10 secs] 
7246.999: [GC 7247.000: [ParNew: 39601K->30692K(353920K), 0.1285361 secs] 2321158K->2320932K(3106432K) icms_dc=100 , 0.1297288 secs] [Times: user=1.33 sys=0.17, real=0.13 secs] 
7248.424: [GC 7248.425: [ParNew: 345316K->37220K(353920K), 0.0984623 secs] 2635556K->2327461K(3106432K) icms_dc=100 , 0.1000090 secs] [Times: user=1.23 sys=0.09, real=0.10 secs] 
7249.298: [GC 7249.299: [ParNew: 352022K->39296K(353920K), 0.1001205 secs] 2642262K->2337646K(3106432K) icms_dc=100 , 0.1016523 secs] [Times: user=1.34 sys=0.06, real=0.10 secs] 
7249.428: [GC 7249.428: [ParNew: 41730K->25734K(353920K), 0.1592205 secs] 2340081K->2352727K(3106432K) icms_dc=100 , 0.1604800 secs] [Times: user=1.53 sys=0.21, real=0.16 secs] 
7250.514: [GC 7250.515: [ParNew: 340358K->26478K(353920K), 0.0788218 secs] 2667351K->2353471K(3106432K) icms_dc=100 , 0.0803735 secs] [Times: user=1.00 sys=0.04, real=0.08 secs] 
7251.405: [GC 7251.406: [ParNew: 341102K->30324K(353920K), 0.1558672 secs] 2668095K->2370733K(3106432K) icms_dc=100 , 0.1574949 secs] [Times: user=1.62 sys=0.15, real=0.16 secs] 
7252.459: [GC 7252.460: [ParNew: 345016K->29426K(353920K), 0.1499683 secs] 2685425K->2381593K(3106432K) icms_dc=100 , 0.1514772 secs] [Times: user=1.48 sys=0.16, real=0.15 secs] 
7252.641: [GC 7252.642: [ParNew: 33035K->18630K(353920K), 0.0875536 secs] 2385202K->2391948K(3106432K) icms_dc=100 , 0.0888120 secs] [Times: user=0.93 sys=0.02, real=0.09 secs] 
7253.191: [CMS-concurrent-mark: 12.748/16.952 secs] [Times: user=425.69 sys=14.28, real=16.95 secs] 
7253.192: [CMS-concurrent-preclean-start]
7253.544: [GC 7253.545: [ParNew: 334109K->21760K(353920K), 0.1330745 secs] 2707427K->2395077K(3106432K) icms_dc=100 , 0.1346263 secs] [Times: user=0.98 sys=0.03, real=0.14 secs] 
7253.701: [GC 7253.701: [ParNew: 22265K->28162K(353920K), 0.1205238 secs] 2395582K->2401480K(3106432K) icms_dc=100 , 0.1216320 secs] [Times: user=0.87 sys=0.02, real=0.12 secs] 
7254.483: [GC 7254.484: [ParNew: 342786K->37562K(353920K), 0.0829721 secs] 2716104K->2410880K(3106432K) icms_dc=100 , 0.0845252 secs] [Times: user=1.07 sys=0.03, real=0.09 secs] 
7255.747: [GC 7255.748: [ParNew: 352186K->39296K(353920K), 0.1013537 secs] 2725504K->2422776K(3106432K) icms_dc=100 , 0.1198235 secs] [Times: user=1.20 sys=0.02, real=0.12 secs] 
7256.631: [GC 7256.632: [ParNew: 353920K->29190K(353920K), 0.0926763 secs] 2737400K->2430661K(3106432K) icms_dc=100 , 0.0941928 secs] [Times: user=1.17 sys=0.03, real=0.09 secs] 
7257.412: [GC 7257.413: [ParNew: 343814K->39295K(353920K), 0.0988843 secs] 2745285K->2440892K(3106432K) icms_dc=100 , 0.1004170 secs] [Times: user=1.18 sys=0.07, real=0.10 secs] 
7258.271: [GC 7258.272: [ParNew: 353919K->28887K(353920K), 0.1051368 secs] 2755516K->2447916K(3106432K) icms_dc=100 , 0.1066556 secs] [Times: user=1.24 sys=0.02, real=0.11 secs] 
7259.157: [GC 7259.158: [ParNew: 343511K->32879K(353920K), 0.0768842 secs] 2762540K->2451908K(3106432K) icms_dc=100 , 0.0784151 secs] [Times: user=1.01 sys=0.03, real=0.08 secs] 
7260.303: [GC 7260.304: [ParNew: 347503K->39296K(353920K), 0.1096058 secs] 2766532K->2467264K(3106432K) icms_dc=100 , 0.1111411 secs] [Times: user=1.21 sys=0.04, real=0.11 secs] 
7261.196: [GC 7261.197: [ParNew: 353920K->33646K(353920K), 0.1565723 secs] 2781888K->2479600K(3106432K) icms_dc=100 , 0.1581209 secs] [Times: user=1.53 sys=0.14, real=0.16 secs] 
7262.263: [GC 7262.264: [ParNew: 348270K->29146K(353920K), 0.1114537 secs] 2794224K->2484000K(3106432K) icms_dc=100 , 0.1130369 secs] [Times: user=1.16 sys=0.02, real=0.11 secs] 
7263.117: [GC 7263.118: [ParNew: 343770K->28827K(353920K), 0.1338192 secs] 2798624K->2494211K(3106432K) icms_dc=100 , 0.1353412 secs] [Times: user=1.25 sys=0.03, real=0.14 secs] 
7263.999: [GC 7264.000: [ParNew: 343451K->26553K(353920K), 0.1408732 secs] 2808835K->2503243K(3106432K) icms_dc=100 , 0.1424352 secs] [Times: user=1.45 sys=0.17, real=0.14 secs] 
7264.915: [GC 7264.916: [ParNew: 342100K->38885K(353920K), 0.1200211 secs] 2818790K->2515575K(3106432K) icms_dc=100 , 0.1215478 secs] [Times: user=1.32 sys=0.12, real=0.12 secs] 
7265.802: [GC 7265.803: [ParNew: 353547K->29226K(353920K), 0.1015667 secs] 2830237K->2524776K(3106432K) icms_dc=100 , 0.1030869 secs] [Times: user=1.29 sys=0.04, real=0.10 secs] 
7265.934: [GC 7265.935: [ParNew: 31512K->27424K(353920K), 0.0528134 secs] 2527062K->2522974K(3106432K) icms_dc=100 , 0.0540833 secs] [Times: user=0.76 sys=0.03, real=0.05 secs] 
7266.163: [CMS-concurrent-preclean: 9.195/12.971 secs] [Times: user=313.70 sys=10.72, real=12.97 secs] 
7266.164: [CMS-concurrent-abortable-preclean-start]
7266.863: [GC 7266.864: [ParNew: 342048K->36115K(353920K), 0.1331631 secs] 2837598K->2531665K(3106432K) icms_dc=100 , 0.1349577 secs] [Times: user=1.40 sys=0.12, real=0.14 secs] 
7267.788: [GC 7267.789: [ParNew: 350739K->39296K(353920K), 0.2577010 secs] 2846289K->2542979K(3106432K) icms_dc=100 , 0.2592673 secs] [Times: user=2.28 sys=0.45, real=0.26 secs] 
7268.464: [CMS-concurrent-abortable-preclean: 1.622/2.300 secs] [Times: user=54.62 sys=2.12, real=2.30 secs] 
7268.489: [GC[YG occupancy: 218553 K (353920 K)]7268.489: [Rescan (parallel) , 0.2018541 secs]7268.691: [weak refs processing, 0.0335815 secs] [1 CMS-remark: 2503683K(2752512K)] 2722237K(3106432K), 0.2409989 secs] [Times: user=3.09 sys=0.22, real=0.24 secs] 
7268.731: [CMS-concurrent-sweep-start]
7269.088: [GC 7269.089: [ParNew: 353920K->39296K(353920K), 0.1718378 secs] 2857547K->2554307K(3106432K) icms_dc=100 , 0.1734181 secs] [Times: user=1.87 sys=0.23, real=0.17 secs] 
7270.180: [GC 7270.181: [ParNew: 353920K->35545K(353920K), 0.1269791 secs] 2868774K->2569769K(3106432K) icms_dc=100 , 0.1286364 secs] [Times: user=1.51 sys=0.07, real=0.13 secs] 
7271.145: [GC 7271.146: [ParNew: 350169K->27998K(353920K), 0.0854908 secs] 2884136K->2573818K(3106432K) icms_dc=100 , 0.0870450 secs] [Times: user=1.19 sys=0.02, real=0.09 secs] 
7272.145: [GC 7272.146: [ParNew: 342671K->31680K(353920K), 0.0995159 secs] 2888145K->2586494K(3106432K) icms_dc=100 , 0.1013277 secs] [Times: user=1.20 sys=0.03, real=0.10 secs] 
7272.277: [GC 7272.278: [ParNew: 34882K->19249K(353920K), 0.0818616 secs] 2589695K->2598041K(3106432K) icms_dc=100 , 0.0831028 secs] [Times: user=0.99 sys=0.04, real=0.08 secs] 
7273.312: [GC 7273.314: [ParNew: 334006K->23797K(353920K), 0.0674778 secs] 2911797K->2601587K(3106432K) icms_dc=100 , 0.0691351 secs] [Times: user=1.00 sys=0.02, real=0.07 secs] 
7273.404: [GC 7273.405: [ParNew: 24258K->9902K(353920K), 0.1113217 secs] 2602048K->2609063K(3106432K) icms_dc=100 , 0.1125654 secs] [Times: user=1.14 sys=0.04, real=0.11 secs] 
7274.421: [GC 7274.422: [ParNew: 324526K->20909K(353920K), 0.0744072 secs] 2922450K->2618833K(3106432K) icms_dc=100 , 0.0760509 secs] [Times: user=0.97 sys=0.02, real=0.08 secs] 
7275.403: [GC 7275.404: [ParNew: 335533K->23690K(353920K), 0.1124018 secs] 2932379K->2632025K(3106432K) icms_dc=100 , 0.1140549 secs] [Times: user=1.32 sys=0.02, real=0.11 secs] 
7276.284: [GC 7276.285: [ParNew: 338314K->37113K(353920K), 0.0743108 secs] 2945531K->2644329K(3106432K) icms_dc=100 , 0.0758547 secs] [Times: user=1.14 sys=0.02, real=0.08 secs] 
7277.263: [GC 7277.264: [ParNew: 351737K->27142K(353920K), 0.1563307 secs] 2956545K->2650551K(3106432K) icms_dc=100 , 0.1579159 secs] [Times: user=1.73 sys=0.13, real=0.16 secs] 
7278.284: [GC 7278.285: [ParNew: 342187K->32604K(353920K), 0.0723261 secs] 2963092K->2653510K(3106432K) icms_dc=100 , 0.0739790 secs] [Times: user=1.06 sys=0.03, real=0.07 secs] 
7278.381: [GC 7278.381: [ParNew: 32934K->12152K(353920K), 0.1020310 secs] 2653835K->2661652K(3106432K) icms_dc=100 , 0.1032261 secs] [Times: user=1.22 sys=0.04, real=0.10 secs] 
7279.519: [GC 7279.520: [ParNew: 326519K->23749K(353920K), 0.0926580 secs] 2969916K->2667146K(3106432K) icms_dc=100 , 0.0944332 secs] [Times: user=0.96 sys=0.01, real=0.10 secs] 
7280.636: [GC 7280.637: [ParNew: 338373K->25770K(353920K), 0.1213238 secs] 2970785K->2672275K(3106432K) icms_dc=100 , 0.1230133 secs] [Times: user=1.41 sys=0.06, real=0.12 secs] 
7281.721: [GC 7281.722: [ParNew: 340394K->32435K(353920K), 0.0904324 secs] 2975476K->2667517K(3106432K) icms_dc=100 , 0.0921665 secs] [Times: user=1.13 sys=0.03, real=0.09 secs] 
7282.653: [GC 7282.654: [ParNew: 347059K->39296K(353920K), 0.1209795 secs] 2973621K->2673810K(3106432K) icms_dc=100 , 0.1225727 secs] [Times: user=1.31 sys=0.02, real=0.12 secs] 
7283.609: [GC 7283.610: [ParNew: 353920K->35980K(353920K), 0.1753564 secs] 2954409K->2653668K(3106432K) icms_dc=100 , 0.1769822 secs] [Times: user=1.67 sys=0.09, real=0.18 secs] 
7285.004: [GC 7285.005: [ParNew: 350131K->25173K(353920K), 0.0898525 secs] 2871897K->2556028K(3106432K) icms_dc=100 , 0.0914849 secs] [Times: user=1.19 sys=0.02, real=0.09 secs] 
7285.940: [GC 7285.942: [ParNew: 339797K->36494K(353920K), 0.0790267 secs] 2800358K->2497054K(3106432K) icms_dc=100 , 0.0807994 secs] [Times: user=1.12 sys=0.02, real=0.08 secs] 
7286.970: [GC 7286.971: [ParNew: 351504K->36943K(353920K), 0.1324233 secs] 2699460K->2394144K(3106432K) icms_dc=100 , 0.1339958 secs] [Times: user=1.47 sys=0.11, real=0.13 secs] 
7287.127: [GC 7287.127: [ParNew: 37384K->28527K(353920K), 0.1170999 secs] 2394513K->2397334K(3106432K) icms_dc=100 , 0.1182590 secs] [Times: user=1.31 sys=0.11, real=0.12 secs] 
7288.016: [GC 7288.017: [ParNew: 343151K->32772K(353920K), 0.0872582 secs] 2631049K->2320671K(3106432K) icms_dc=100 , 0.0888153 secs] [Times: user=1.02 sys=0.02, real=0.09 secs] 
7288.937: [GC 7288.938: [ParNew: 347396K->39296K(353920K), 0.1292686 secs] 2586458K->2288240K(3106432K) icms_dc=100 , 0.1308021 secs] [Times: user=1.21 sys=0.03, real=0.13 secs] 
7289.893: [GC 7289.894: [ParNew: 353920K->33074K(353920K), 0.1791557 secs] 2549968K->2247707K(3106432K) icms_dc=100 , 0.1808494 secs] [Times: user=1.98 sys=0.16, real=0.18 secs] 
7290.898: [GC 7290.899: [ParNew: 347698K->29257K(353920K), 0.0954381 secs] 2506695K->2197867K(3106432K) icms_dc=100 , 0.0970559 secs] [Times: user=1.18 sys=0.03, real=0.10 secs] 
7291.859: [GC 7291.860: [ParNew: 343881K->36770K(353920K), 0.0874661 secs] 2465055K->2157944K(3106432K) icms_dc=100 , 0.0891578 secs] [Times: user=1.14 sys=0.02, real=0.09 secs] 
7292.788: [GC 7292.789: [ParNew: 351394K->38364K(353920K), 0.1419066 secs] 2461294K->2157283K(3106432K) icms_dc=100 , 0.1434816 secs] [Times: user=1.57 sys=0.15, real=0.14 secs] 
7293.796: [GC 7293.812: [ParNew: 353233K->33506K(353920K), 0.2134048 secs] 2461038K->2157581K(3106432K) icms_dc=100 , 0.2149884 secs] [Times: user=1.68 sys=0.17, real=0.23 secs] 
7294.048: [GC 7294.048: [ParNew: 33831K->9452K(353920K), 0.1385924 secs] 2157900K->2153507K(3106432K) icms_dc=100 , 0.1397619 secs] [Times: user=1.04 sys=0.06, real=0.14 secs] 
7295.022: [GC 7295.023: [ParNew: 324076K->27523K(353920K), 0.0945250 secs] 2455487K->2158934K(3106432K) icms_dc=100 , 0.0961625 secs] [Times: user=0.99 sys=0.03, real=0.10 secs] 
7296.023: [GC 7296.024: [ParNew: 342823K->27698K(353920K), 0.1391701 secs] 2458268K->2156855K(3106432K) icms_dc=100 , 0.1408681 secs] [Times: user=1.36 sys=0.02, real=0.14 secs] 
7296.187: [GC 7296.188: [ParNew: 28158K->13334K(353920K), 0.1354537 secs] 2157271K->2165844K(3106432K) icms_dc=100 , 0.1367777 secs] [Times: user=1.17 sys=0.03, real=0.14 secs] 
7296.430: [CMS-concurrent-sweep: 21.830/27.698 secs] [Times: user=653.26 sys=22.71, real=27.70 secs] 
7296.431: [CMS-concurrent-reset-start]
7296.459: [CMS-concurrent-reset: 0.027/0.027 secs] [Times: user=0.94 sys=0.04, real=0.03 secs] 
7297.243: [GC 7297.244: [ParNew: 327958K->20982K(353920K), 0.0751693 secs] 2477976K->2171000K(3106432K) icms_dc=75 , 0.0767781 secs] [Times: user=0.95 sys=0.02, real=0.08 secs] 
7297.453: [GC [1 CMS-initial-mark: 2150018K(2752512K)] 2210404K(3106432K), 0.5788401 secs] [Times: user=0.58 sys=0.00, real=0.58 secs] 
7298.033: [CMS-concurrent-mark-start]
7298.714: [GC 7298.715: [ParNew: 335606K->35851K(353920K), 0.0934161 secs] 2485624K->2185870K(3106432K) icms_dc=75 , 0.0950025 secs] [Times: user=1.15 sys=0.05, real=0.10 secs] 
7299.704: [GC 7299.705: [ParNew: 350427K->37700K(353920K), 0.0988607 secs] 2500445K->2198687K(3106432K) icms_dc=75 , 0.1004103 secs] [Times: user=1.30 sys=0.03, real=0.10 secs] 
7300.673: [GC 7300.674: [ParNew: 353904K->39296K(353920K), 0.1214452 secs] 2515102K->2209211K(3106432K) icms_dc=79 , 0.1230938 secs] [Times: user=1.31 sys=0.04, real=0.12 secs] 
7300.818: [GC 7300.819: [ParNew: 40118K->18860K(353920K), 0.0960525 secs] 2210034K->2217464K(3106432K) icms_dc=98 , 0.0972620 secs] [Times: user=1.12 sys=0.03, real=0.10 secs] 
7301.868: [GC 7301.870: [ParNew: 333484K->25066K(353920K), 0.1525192 secs] 2532088K->2223669K(3106432K) icms_dc=98 , 0.1541554 secs] [Times: user=1.51 sys=0.21, real=0.15 secs] 
7302.921: [GC 7302.923: [ParNew: 339690K->26442K(353920K), 0.1023397 secs] 2538293K->2238396K(3106432K) icms_dc=98 , 0.1038846 secs] [Times: user=1.23 sys=0.03, real=0.10 secs] 
7303.845: [GC 7303.846: [ParNew: 341599K->27853K(353920K), 0.1251047 secs] 2553553K->2251344K(3106432K) icms_dc=100 , 0.1266564 secs] [Times: user=1.30 sys=0.04, real=0.13 secs] 
7303.994: [GC 7303.995: [ParNew: 28097K->12361K(353920K), 0.0878478 secs] 2251589K->2255719K(3106432K) icms_dc=100 , 0.0890179 secs] [Times: user=0.95 sys=0.03, real=0.09 secs] 
7304.905: [GC 7304.907: [ParNew: 326985K->26260K(353920K), 0.1135378 secs] 2570343K->2269618K(3106432K) icms_dc=100 , 0.1150946 secs] [Times: user=1.28 sys=0.14, real=0.12 secs] 
7305.900: [GC 7305.901: [ParNew: 341651K->24884K(353920K), 0.1078036 secs] 2585009K->2280312K(3106432K) icms_dc=100 , 0.1093578 secs] [Times: user=1.12 sys=0.02, real=0.11 secs] 
7306.038: [GC 7306.039: [ParNew: 27257K->14073K(353920K), 0.0862319 secs] 2282685K->2288102K(3106432K) icms_dc=100 , 0.0874111 secs] [Times: user=1.00 sys=0.04, real=0.09 secs] 
7307.054: [GC 7307.055: [ParNew: 328959K->23916K(353920K), 0.0794296 secs] 2602988K->2297945K(3106432K) icms_dc=100 , 0.0810061 secs] [Times: user=0.92 sys=0.02, real=0.08 secs] 
7307.157: [GC 7307.158: [ParNew: 24425K->6013K(353920K), 0.0830914 secs] 2298454K->2302419K(3106432K) icms_dc=100 , 0.0842902 secs] [Times: user=1.00 sys=0.02, real=0.08 secs] 
7308.205: [GC 7308.206: [ParNew: 320637K->24906K(353920K), 0.0837740 secs] 2617043K->2321312K(3106432K) icms_dc=100 , 0.0857964 secs] [Times: user=1.01 sys=0.03, real=0.09 secs] 
7309.195: [GC 7309.196: [ParNew: 339530K->23959K(353920K), 0.0978792 secs] 2635936K->2334211K(3106432K) icms_dc=100 , 0.0994384 secs] [Times: user=1.25 sys=0.02, real=0.10 secs] 
7310.257: [GC 7310.259: [ParNew: 338583K->35939K(353920K), 0.0764775 secs] 2648835K->2346192K(3106432K) icms_dc=100 , 0.0781420 secs] [Times: user=1.05 sys=0.02, real=0.08 secs] 
7311.127: [GC 7311.128: [ParNew: 350563K->36755K(353920K), 0.1362515 secs] 2660816K->2356102K(3106432K) icms_dc=100 , 0.1378382 secs] [Times: user=1.21 sys=0.03, real=0.14 secs] 
7312.044: [GC 7312.045: [ParNew: 351379K->39296K(353920K), 0.1881489 secs] 2670726K->2367218K(3106432K) icms_dc=100 , 0.1896833 secs] [Times: user=1.37 sys=0.09, real=0.19 secs] 
7313.093: [GC 7313.094: [ParNew: 353920K->33025K(353920K), 0.1195110 secs] 2682532K->2380036K(3106432K) icms_dc=100 , 0.1210565 secs] [Times: user=1.45 sys=0.07, real=0.12 secs] 
7314.096: [GC 7314.097: [ParNew: 347649K->33852K(353920K), 0.2090226 secs] 2694660K->2391082K(3106432K) icms_dc=100 , 0.2107969 secs] [Times: user=1.76 sys=0.26, real=0.21 secs] 
7315.226: [GC 7315.227: [ParNew: 348476K->33044K(353920K), 0.1044748 secs] 2705706K->2400571K(3106432K) icms_dc=100 , 0.1059985 secs] [Times: user=1.27 sys=0.05, real=0.11 secs] 
7316.197: [GC 7316.198: [ParNew: 348389K->32323K(353920K), 0.1100477 secs] 2715915K->2410728K(3106432K) icms_dc=100 , 0.1115327 secs] [Times: user=1.24 sys=0.02, real=0.11 secs] 
7316.344: [GC 7316.345: [ParNew: 37604K->21091K(353920K), 0.1266332 secs] 2416009K->2420851K(3106432K) icms_dc=100 , 0.1278244 secs] [Times: user=1.06 sys=0.02, real=0.13 secs] 
7316.767: [CMS-concurrent-mark: 14.449/18.734 secs] [Times: user=464.97 sys=14.68, real=18.73 secs] 
7316.768: [CMS-concurrent-preclean-start]
7317.254: [GC 7317.255: [ParNew: 335715K->23917K(353920K), 0.1180324 secs] 2735475K->2423677K(3106432K) icms_dc=100 , 0.1196374 secs] [Times: user=1.00 sys=0.02, real=0.12 secs] 
7318.171: [GC 7318.172: [ParNew: 338541K->29874K(353920K), 0.1438103 secs] 2738301K->2441150K(3106432K) icms_dc=100 , 0.1453768 secs] [Times: user=1.40 sys=0.10, real=0.15 secs] 
7319.117: [GC 7319.118: [ParNew: 344498K->25854K(353920K), 0.0922074 secs] 2755774K->2450510K(3106432K) icms_dc=100 , 0.0937437 secs] [Times: user=1.24 sys=0.05, real=0.09 secs] 
7320.122: [GC 7320.123: [ParNew: 340478K->39296K(353920K), 0.1090680 secs] 2765134K->2467362K(3106432K) icms_dc=100 , 0.1106966 secs] [Times: user=1.26 sys=0.03, real=0.11 secs] 
7321.127: [GC 7321.128: [ParNew: 353920K->35854K(353920K), 0.1459034 secs] 2782860K->2484565K(3106432K) icms_dc=100 , 0.1474566 secs] [Times: user=1.66 sys=0.13, real=0.15 secs] 
7321.299: [GC 7321.299: [ParNew: 36054K->8743K(353920K), 0.0854225 secs] 2484764K->2479211K(3106432K) icms_dc=100 , 0.0865701 secs] [Times: user=0.94 sys=0.03, real=0.09 secs] 
7322.243: [GC 7322.244: [ParNew: 323734K->23749K(353920K), 0.0699325 secs] 2794203K->2494217K(3106432K) icms_dc=100 , 0.0715296 secs] [Times: user=0.89 sys=0.01, real=0.07 secs] 
7322.339: [GC 7322.339: [ParNew: 25101K->10928K(353920K), 0.0754363 secs] 2495569K->2503178K(3106432K) icms_dc=100 , 0.0766189 secs] [Times: user=0.97 sys=0.02, real=0.08 secs] 
7323.352: [GC 7323.353: [ParNew: 325552K->20556K(353920K), 0.0786711 secs] 2817802K->2512807K(3106432K) icms_dc=100 , 0.0803783 secs] [Times: user=0.88 sys=0.01, real=0.08 secs] 
7324.220: [GC 7324.221: [ParNew: 335432K->36282K(353920K), 0.1608275 secs] 2827683K->2528533K(3106432K) icms_dc=100 , 0.1623818 secs] [Times: user=1.45 sys=0.17, real=0.16 secs] 
7324.405: [GC 7324.406: [ParNew: 36535K->27286K(353920K), 0.1195954 secs] 2528786K->2531883K(3106432K) icms_dc=100 , 0.1208307 secs] [Times: user=1.25 sys=0.08, real=0.12 secs] 
7325.329: [GC 7325.330: [ParNew: 341910K->37206K(353920K), 0.0735795 secs] 2846507K->2541803K(3106432K) icms_dc=100 , 0.0752803 secs] [Times: user=1.05 sys=0.02, real=0.08 secs] 
7326.372: [GC 7326.373: [ParNew: 351301K->39296K(353920K), 0.1881352 secs] 2855899K->2553675K(3106432K) icms_dc=100 , 0.1901708 secs] [Times: user=1.71 sys=0.20, real=0.19 secs] 
7327.473: [GC 7327.474: [ParNew: 353920K->39296K(353920K), 0.1216559 secs] 2868299K->2563012K(3106432K) icms_dc=100 , 0.1231988 secs] [Times: user=1.36 sys=0.05, real=0.14 secs] 
7328.445: [GC 7328.447: [ParNew: 353920K->39296K(353920K), 0.1066974 secs] 2877638K->2573308K(3106432K) icms_dc=100 , 0.1083109 secs] [Times: user=1.27 sys=0.04, real=0.11 secs] 
7329.371: [GC 7329.373: [ParNew: 353920K->39296K(353920K), 0.0946952 secs] 2887932K->2581544K(3106432K) icms_dc=100 , 0.0962568 secs] [Times: user=1.18 sys=0.02, real=0.10 secs] 
7329.655: [CMS-concurrent-preclean: 9.683/12.887 secs] [Times: user=315.01 sys=11.32, real=12.89 secs] 
7329.656: [CMS-concurrent-abortable-preclean-start]
7330.322: [GC 7330.323: [ParNew: 353920K->39296K(353920K), 0.1695928 secs] 2896168K->2591059K(3106432K) icms_dc=100 , 0.1711089 secs] [Times: user=1.63 sys=0.19, real=0.17 secs] 
7331.373: [CMS-concurrent-abortable-preclean: 1.262/1.717 secs] [Times: user=41.45 sys=1.68, real=1.72 secs] 
7331.395: [GC 7331.396: [ParNew: 353920K->36702K(353920K), 0.1135615 secs] 2905702K->2596188K(3106432K) icms_dc=100 , 0.1151660 secs] [Times: user=1.33 sys=0.07, real=0.12 secs] 
7331.532: [GC[YG occupancy: 36836 K (353920 K)]7331.532: [Rescan (parallel) , 0.0941363 secs]7331.627: [weak refs processing, 0.0326438 secs] [1 CMS-remark: 2559486K(2752512K)] 2596322K(3106432K), 0.1320595 secs] [Times: user=1.65 sys=0.03, real=0.13 secs] 
7331.666: [CMS-concurrent-sweep-start]
7332.581: [GC 7332.582: [ParNew: 352070K->39296K(353920K), 0.2161678 secs] 2911373K->2610244K(3106432K) icms_dc=100 , 0.2178227 secs] [Times: user=1.73 sys=0.17, real=0.22 secs] 
7332.821: [GC 7332.822: [ParNew: 39536K->22420K(353920K), 0.1170395 secs] 2610485K->2624920K(3106432K) icms_dc=100 , 0.1182655 secs] [Times: user=1.30 sys=0.07, real=0.12 secs] 
7333.773: [GC 7333.774: [ParNew: 337044K->25535K(353920K), 0.1053698 secs] 2939417K->2627907K(3106432K) icms_dc=100 , 0.1069281 secs] [Times: user=0.92 sys=0.02, real=0.11 secs] 
7334.683: [GC 7334.684: [ParNew: 340159K->25737K(353920K), 0.1843407 secs] 2941975K->2641821K(3106432K) icms_dc=100 , 0.1858825 secs] [Times: user=1.65 sys=0.22, real=0.19 secs] 
7335.618: [GC 7335.619: [ParNew: 340412K->39296K(353920K), 0.1554937 secs] 2956388K->2656027K(3106432K) icms_dc=100 , 0.1570744 secs] [Times: user=1.35 sys=0.15, real=0.16 secs] 
7336.943: [GC 7336.944: [ParNew: 353920K->30799K(353920K), 0.1467349 secs] 2970091K->2666827K(3106432K) icms_dc=100 , 0.1482411 secs] [Times: user=1.52 sys=0.10, real=0.15 secs] 
7337.916: [GC 7337.918: [ParNew: 345423K->33460K(353920K), 0.1201957 secs] 2980481K->2676789K(3106432K) icms_dc=100 , 0.1218464 secs] [Times: user=1.24 sys=0.11, real=0.12 secs] 
7338.797: [GC 7338.798: [ParNew: 348084K->30476K(353920K), 0.1940301 secs] 2990793K->2683422K(3106432K) icms_dc=100 , 0.1955811 secs] [Times: user=1.49 sys=0.13, real=0.20 secs] 
7339.778: [GC 7339.780: [ParNew: 345100K->31721K(353920K), 0.0799308 secs] 2997222K->2694022K(3106432K) icms_dc=100 , 0.0814617 secs] [Times: user=1.14 sys=0.04, real=0.08 secs] 
7341.097: [GC 7341.098: [ParNew: 346345K->28016K(353920K), 0.0916855 secs] 3006708K->2699529K(3106432K) icms_dc=100 , 0.0932957 secs] [Times: user=1.11 sys=0.04, real=0.09 secs] 
7341.972: [GC 7341.973: [ParNew: 342640K->39240K(353920K), 0.1117041 secs] 3012850K->2709451K(3106432K) icms_dc=100 , 0.1133438 secs] [Times: user=1.31 sys=0.07, real=0.11 secs] 
7342.961: [GC 7342.962: [ParNew: 353902K->29919K(353920K), 0.1508542 secs] 3023550K->2718708K(3106432K) icms_dc=100 , 0.1523700 secs] [Times: user=1.63 sys=0.18, real=0.15 secs] 
7343.138: [GC 7343.138: [ParNew: 30769K->26280K(353920K), 0.1220664 secs] 2719556K->2715066K(3106432K) icms_dc=100 , 0.1231874 secs] [Times: user=1.22 sys=0.21, real=0.12 secs] 
7344.226: [GC 7344.227: [ParNew: 340904K->37942K(353920K), 0.0800126 secs] 3024565K->2721604K(3106432K) icms_dc=100 , 0.0816143 secs] [Times: user=1.02 sys=0.02, real=0.08 secs] 
7345.161: [GC 7345.162: [ParNew: 352566K->28798K(353920K), 0.0964624 secs] 3031674K->2725827K(3106432K) icms_dc=100 , 0.0980660 secs] [Times: user=1.27 sys=0.03, real=0.10 secs] 
7346.083: [GC 7346.084: [ParNew: 343422K->32641K(353920K), 0.0652590 secs] 3033370K->2722588K(3106432K) icms_dc=100 , 0.0667711 secs] [Times: user=0.96 sys=0.01, real=0.07 secs] 
7347.126: [GC 7347.127: [ParNew (promotion failed): 347265K->351462K(353920K), 0.6191702 secs] 3026631K->3038360K(3106432K) icms_dc=100 , 0.6207818 secs] [Times: user=1.79 sys=0.05, real=0.62 secs] 
7347.748: [Full GC 7347.748: [CMS7351.482: [CMS-concurrent-sweep: 15.029/19.816 secs] [Times: user=371.12 sys=13.68, real=19.82 secs] 
 (concurrent mode failure): 2686898K->1518254K(2752512K), 42.0170602 secs] 3038360K->1518254K(3106432K), [CMS Perm : 204253K->200845K(402264K)] icms_dc=100 , 42.0182097 secs] [Times: user=42.04 sys=0.03, real=42.02 secs] 
7389.866: [GC [1 CMS-initial-mark: 1518254K(2752512K)] 1518269K(3106432K), 0.3450120 secs] [Times: user=0.35 sys=0.00, real=0.35 secs] 
7390.212: [CMS-concurrent-mark-start]
7392.094: [GC 7392.095: [ParNew: 314624K->37047K(353920K), 0.1502515 secs] 1832878K->1555301K(3106432K) icms_dc=100 , 0.1518412 secs] [Times: user=1.31 sys=0.17, real=0.15 secs] 
7393.145: [GC 7393.146: [ParNew: 351671K->33488K(353920K), 0.1704398 secs] 1869925K->1565680K(3106432K) icms_dc=100 , 0.1720498 secs] [Times: user=1.72 sys=0.24, real=0.17 secs] 
7394.688: [GC 7394.689: [ParNew: 348194K->29350K(353920K), 0.1346435 secs] 1880386K->1572496K(3106432K) icms_dc=100 , 0.1362274 secs] [Times: user=1.30 sys=0.13, real=0.14 secs] 
7394.917: [GC 7394.917: [ParNew: 29783K->25463K(353920K), 0.1105708 secs] 1572929K->1568609K(3106432K) icms_dc=100 , 0.1117753 secs] [Times: user=1.04 sys=0.14, real=0.11 secs] 
7396.014: [GC 7396.015: [ParNew: 340087K->35117K(353920K), 0.1122428 secs] 1883233K->1578263K(3106432K) icms_dc=100 , 0.1137954 secs] [Times: user=1.12 sys=0.13, real=0.11 secs] 
7397.156: [GC 7397.157: [ParNew: 349741K->36852K(353920K), 0.1154321 secs] 1892887K->1588672K(3106432K) icms_dc=100 , 0.1169901 secs] [Times: user=1.16 sys=0.04, real=0.12 secs] 
7398.160: [GC 7398.161: [ParNew: 351476K->36643K(353920K), 0.2346516 secs] 1903296K->1595337K(3106432K) icms_dc=100 , 0.2362675 secs] [Times: user=1.86 sys=0.34, real=0.24 secs] 
7399.179: [GC 7399.180: [ParNew: 351267K->27426K(353920K), 0.0924200 secs] 1909961K->1603618K(3106432K) icms_dc=100 , 0.0939707 secs] [Times: user=1.22 sys=0.03, real=0.09 secs] 
7400.103: [GC 7400.104: [ParNew: 342050K->39296K(353920K), 0.1002911 secs] 1918242K->1616039K(3106432K) icms_dc=100 , 0.1018243 secs] [Times: user=0.99 sys=0.02, real=0.10 secs] 
7401.077: [GC 7401.079: [ParNew: 353920K->33638K(353920K), 0.1831973 secs] 1930668K->1629414K(3106432K) icms_dc=100 , 0.1848832 secs] [Times: user=1.47 sys=0.04, real=0.19 secs] 
7402.101: [GC 7402.102: [ParNew: 348262K->31275K(353920K), 0.3602330 secs] 1944038K->1637745K(3106432K) icms_dc=100 , 0.3617888 secs] [Times: user=2.59 sys=0.67, real=0.36 secs] 
7403.594: [GC 7403.595: [ParNew: 345899K->32357K(353920K), 0.1175023 secs] 1952369K->1649993K(3106432K) icms_dc=100 , 0.1191176 secs] [Times: user=1.22 sys=0.02, real=0.12 secs] 
7404.468: [GC 7404.469: [ParNew: 346981K->28685K(353920K), 0.0785567 secs] 1964617K->1656640K(3106432K) icms_dc=100 , 0.0800591 secs] [Times: user=1.03 sys=0.02, real=0.08 secs] 
7405.482: [GC 7405.483: [ParNew: 343309K->33600K(353920K), 0.1549694 secs] 1971264K->1674426K(3106432K) icms_dc=100 , 0.1565233 secs] [Times: user=1.53 sys=0.18, real=0.16 secs] 
7406.519: [GC 7406.520: [ParNew: 348224K->33668K(353920K), 0.1230150 secs] 1989050K->1684671K(3106432K) icms_dc=100 , 0.1246073 secs] [Times: user=1.10 sys=0.02, real=0.13 secs] 
7407.540: [GC 7407.541: [ParNew: 348576K->30284K(353920K), 0.0965272 secs] 1999579K->1690388K(3106432K) icms_dc=100 , 0.0980767 secs] [Times: user=1.10 sys=0.02, real=0.10 secs] 
7407.662: [GC 7407.663: [ParNew: 31068K->18837K(353920K), 0.0764361 secs] 1691172K->1700199K(3106432K) icms_dc=100 , 0.0776127 secs] [Times: user=0.87 sys=0.03, real=0.08 secs] 
7408.637: [GC 7408.638: [ParNew: 334009K->32501K(353920K), 0.0885519 secs] 2015371K->1713862K(3106432K) icms_dc=100 , 0.0900792 secs] [Times: user=0.86 sys=0.02, real=0.09 secs] 
7408.750: [GC 7408.750: [ParNew: 32871K->12734K(353920K), 0.0803730 secs] 1714233K->1724305K(3106432K) icms_dc=100 , 0.0817679 secs] [Times: user=0.93 sys=0.04, real=0.08 secs] 
7409.757: [GC 7409.758: [ParNew: 327358K->28998K(353920K), 0.0865723 secs] 2038929K->1740569K(3106432K) icms_dc=100 , 0.0882432 secs] [Times: user=0.96 sys=0.06, real=0.09 secs] 
7410.774: [GC 7410.775: [ParNew: 343622K->30566K(353920K), 0.1210571 secs] 2055193K->1754830K(3106432K) icms_dc=100 , 0.1227402 secs] [Times: user=1.37 sys=0.12, real=0.12 secs] 
7411.823: [GC 7411.824: [ParNew: 345190K->28027K(353920K), 0.1400741 secs] 2069454K->1762890K(3106432K) icms_dc=100 , 0.1417053 secs] [Times: user=1.37 sys=0.18, real=0.14 secs] 
7412.990: [GC 7412.991: [ParNew: 342651K->23393K(353920K), 0.0834345 secs] 2077514K->1769042K(3106432K) icms_dc=100 , 0.0849844 secs] [Times: user=1.09 sys=0.02, real=0.09 secs] 
7413.093: [CMS-concurrent-mark: 14.597/22.880 secs] [Times: user=517.99 sys=18.16, real=22.88 secs] 
7413.094: [CMS-concurrent-preclean-start]
7413.947: [GC 7413.948: [ParNew: 338017K->36087K(353920K), 0.0884223 secs] 2083666K->1781737K(3106432K) icms_dc=100 , 0.0901985 secs] [Times: user=1.02 sys=0.04, real=0.09 secs] 
7414.987: [GC 7414.988: [ParNew: 350711K->28712K(353920K), 0.1049194 secs] 2096361K->1790297K(3106432K) icms_dc=100 , 0.1064820 secs] [Times: user=1.18 sys=0.03, real=0.11 secs] 
7415.859: [GC 7415.860: [ParNew: 343336K->36386K(353920K), 0.2486316 secs] 2104921K->1797972K(3106432K) icms_dc=100 , 0.2501645 secs] [Times: user=1.82 sys=0.42, real=0.25 secs] 
7416.939: [GC 7416.941: [ParNew: 351010K->27859K(353920K), 0.1117744 secs] 2112596K->1807120K(3106432K) icms_dc=100 , 0.1135015 secs] [Times: user=1.27 sys=0.04, real=0.11 secs] 
7417.923: [GC 7417.924: [ParNew: 342483K->29204K(353920K), 0.0773322 secs] 2121744K->1808465K(3106432K) icms_dc=100 , 0.0789859 secs] [Times: user=0.99 sys=0.02, real=0.08 secs] 
7418.690: [GC 7418.691: [ParNew: 344034K->34620K(353920K), 0.1141421 secs] 2123295K->1819746K(3106432K) icms_dc=100 , 0.1157610 secs] [Times: user=1.33 sys=0.09, real=0.12 secs] 
7418.829: [GC 7418.830: [ParNew: 35160K->26524K(353920K), 0.0685814 secs] 1820286K->1819766K(3106432K) icms_dc=100 , 0.0698644 secs] [Times: user=1.00 sys=0.02, real=0.07 secs] 
7419.634: [GC 7419.636: [ParNew: 341148K->39296K(353920K), 0.0591828 secs] 2134390K->1832732K(3106432K) icms_dc=100 , 0.0608275 secs] [Times: user=0.96 sys=0.02, real=0.06 secs] 
7420.466: [GC 7420.467: [ParNew: 353920K->39296K(353920K), 0.1044844 secs] 2147356K->1843003K(3106432K) icms_dc=100 , 0.1060854 secs] [Times: user=1.26 sys=0.04, real=0.11 secs] 
7421.265: [GC 7421.266: [ParNew: 353831K->31384K(353920K), 0.1230705 secs] 2157538K->1853825K(3106432K) icms_dc=100 , 0.1246002 secs] [Times: user=1.36 sys=0.09, real=0.13 secs] 
7422.187: [GC 7422.188: [ParNew: 346008K->31685K(353920K), 0.0631036 secs] 2168449K->1854125K(3106432K) icms_dc=100 , 0.0647188 secs] [Times: user=0.92 sys=0.02, real=0.07 secs] 
7423.055: [GC 7423.057: [ParNew: 346309K->39296K(353920K), 0.1085899 secs] 2168749K->1870299K(3106432K) icms_dc=100 , 0.1102359 secs] [Times: user=1.18 sys=0.02, real=0.11 secs] 
7423.760: [CMS-concurrent-preclean: 8.340/10.666 secs] [Times: user=268.09 sys=9.97, real=10.67 secs] 
7423.780: [CMS-concurrent-abortable-preclean-start]
7423.958: [GC 7423.959: [ParNew: 353920K->39296K(353920K), 0.1138050 secs] 2184923K->1888682K(3106432K) icms_dc=100 , 0.1155020 secs] [Times: user=1.34 sys=0.02, real=0.12 secs] 
7424.794: [GC 7424.795: [ParNew: 353920K->39296K(353920K), 0.1583433 secs] 2203306K->1901705K(3106432K) icms_dc=100 , 0.1599368 secs] [Times: user=1.52 sys=0.19, real=0.16 secs] 
7425.733: [CMS-concurrent-abortable-preclean: 1.454/1.953 secs] [Times: user=49.79 sys=1.68, real=1.95 secs] 
7425.756: [GC[YG occupancy: 353920 K (353920 K)]7425.756: [Rescan (parallel) , 0.1931859 secs]7425.949: [weak refs processing, 0.0002180 secs] [1 CMS-remark: 1862419K(2752512K)] 2216339K(3106432K), 0.1940517 secs] [Times: user=3.08 sys=0.12, real=0.19 secs] 
7425.951: [CMS-concurrent-sweep-start]
7425.973: [GC 7425.974: [ParNew: 353920K->36707K(353920K), 0.0811869 secs] 2216342K->1911935K(3106432K) icms_dc=100 , 0.0826882 secs] [Times: user=1.08 sys=0.03, real=0.08 secs] 
7426.079: [GC 7426.080: [ParNew: 37462K->22328K(353920K), 0.0695591 secs] 1912690K->1926261K(3106432K) icms_dc=100 , 0.0707771 secs] [Times: user=0.89 sys=0.03, real=0.07 secs] 
7426.983: [GC 7426.984: [ParNew: 336952K->28682K(353920K), 0.1386137 secs] 2240882K->1932612K(3106432K) icms_dc=100 , 0.1402553 secs] [Times: user=1.07 sys=0.05, real=0.14 secs] 
7427.946: [GC 7427.947: [ParNew: 343306K->31994K(353920K), 0.0831353 secs] 2247233K->1947902K(3106432K) icms_dc=100 , 0.0847573 secs] [Times: user=1.14 sys=0.02, real=0.09 secs] 
7428.774: [GC 7428.775: [ParNew: 346618K->33187K(353920K), 0.1498999 secs] 2262520K->1961161K(3106432K) icms_dc=100 , 0.1515627 secs] [Times: user=1.20 sys=0.07, real=0.15 secs] 
7429.782: [GC 7429.783: [ParNew: 347811K->26842K(353920K), 0.1421740 secs] 2275777K->1965330K(3106432K) icms_dc=100 , 0.1438077 secs] [Times: user=1.48 sys=0.12, real=0.14 secs] 
7430.773: [GC 7430.775: [ParNew: 341466K->35660K(353920K), 0.1583286 secs] 2279947K->1984903K(3106432K) icms_dc=100 , 0.1599641 secs] [Times: user=1.24 sys=0.03, real=0.16 secs] 
7431.930: [GC 7431.931: [ParNew: 350364K->34738K(353920K), 0.0890677 secs] 2299596K->1993448K(3106432K) icms_dc=100 , 0.0906732 secs] [Times: user=1.17 sys=0.03, real=0.09 secs] 
7432.043: [GC 7432.044: [ParNew: 34951K->14532K(353920K), 0.0814126 secs] 1993661K->1998719K(3106432K) icms_dc=100 , 0.0826048 secs] [Times: user=0.94 sys=0.03, real=0.08 secs] 
7432.882: [GC 7432.883: [ParNew: 329149K->26651K(353920K), 0.0899202 secs] 2313313K->2010815K(3106432K) icms_dc=100 , 0.0914597 secs] [Times: user=1.12 sys=0.10, real=0.09 secs] 
7433.846: [GC 7433.847: [ParNew: 340941K->27042K(353920K), 0.0784752 secs] 2325058K->2023427K(3106432K) icms_dc=100 , 0.0800693 secs] [Times: user=1.04 sys=0.02, real=0.08 secs] 
7434.780: [GC 7434.781: [ParNew: 341666K->23824K(353920K), 0.0868102 secs] 2337973K->2031836K(3106432K) icms_dc=100 , 0.0883850 secs] [Times: user=1.08 sys=0.03, real=0.09 secs] 
7435.716: [GC 7435.717: [ParNew: 338448K->36189K(353920K), 0.0833438 secs] 2346374K->2044115K(3106432K) icms_dc=100 , 0.0849190 secs] [Times: user=0.98 sys=0.01, real=0.09 secs] 
7436.700: [GC 7436.701: [ParNew: 350982K->39295K(353920K), 0.0807481 secs] 2358723K->2054270K(3106432K) icms_dc=100 , 0.0822681 secs] [Times: user=1.08 sys=0.02, real=0.08 secs] 
7437.645: [GC 7437.646: [ParNew: 353919K->37373K(353920K), 0.0729303 secs] 2368325K->2058531K(3106432K) icms_dc=100 , 0.0745696 secs] [Times: user=1.12 sys=0.02, real=0.08 secs] 
7438.617: [GC 7438.618: [ParNew: 352196K->39296K(353920K), 0.1481110 secs] 2372612K->2068678K(3106432K) icms_dc=100 , 0.1496786 secs] [Times: user=1.47 sys=0.19, real=0.15 secs] 
7438.790: [GC 7438.791: [ParNew: 39700K->29896K(353920K), 0.0587481 secs] 2069082K->2066695K(3106432K) icms_dc=100 , 0.0599175 secs] [Times: user=0.89 sys=0.01, real=0.06 secs] 
7439.735: [GC 7439.736: [ParNew: 344416K->35386K(353920K), 0.0687167 secs] 2380330K->2071300K(3106432K) icms_dc=100 , 0.0702634 secs] [Times: user=0.93 sys=0.01, real=0.07 secs] 
7440.646: [GC 7440.647: [ParNew: 350010K->25150K(353920K), 0.0955620 secs] 2385418K->2077543K(3106432K) icms_dc=100 , 0.0971514 secs] [Times: user=1.19 sys=0.03, real=0.10 secs] 
7441.746: [GC 7441.747: [ParNew: 339774K->33968K(353920K), 0.0698021 secs] 2381160K->2075354K(3106432K) icms_dc=100 , 0.0713920 secs] [Times: user=0.92 sys=0.02, real=0.07 secs] 
7442.006: [CMS-concurrent-sweep: 13.105/16.055 secs] [Times: user=401.43 sys=14.77, real=16.06 secs] 
7442.008: [CMS-concurrent-reset-start]
7442.036: [CMS-concurrent-reset: 0.028/0.028 secs] [Times: user=0.69 sys=0.04, real=0.03 secs] 
7442.668: [GC 7442.669: [ParNew: 348698K->39296K(353920K), 0.1327825 secs] 2374271K->2072660K(3106432K) icms_dc=75 , 0.1343443 secs] [Times: user=1.33 sys=0.08, real=0.13 secs] 
7442.827: [GC 7442.828: [ParNew: 39770K->31424K(353920K), 0.1071045 secs] 2073135K->2074755K(3106432K) icms_dc=75 , 0.1082946 secs] [Times: user=1.22 sys=0.10, real=0.11 secs] 
7443.486: [GC [1 CMS-initial-mark: 2043331K(2752512K)] 2146551K(3106432K), 0.5941458 secs] [Times: user=0.59 sys=0.00, real=0.59 secs] 
7444.081: [CMS-concurrent-mark-start]
7444.738: [GC 7444.740: [ParNew: 346048K->39296K(353920K), 0.1327090 secs] 2389379K->2084439K(3106432K) icms_dc=75 , 0.1343094 secs] [Times: user=1.19 sys=0.08, real=0.13 secs] 
7445.725: [GC 7445.727: [ParNew: 353920K->29573K(353920K), 0.1368856 secs] 2399063K->2090721K(3106432K) icms_dc=75 , 0.1385152 secs] [Times: user=1.54 sys=0.12, real=0.14 secs] 
7446.722: [GC 7446.723: [ParNew: 344197K->31605K(353920K), 0.0961589 secs] 2405345K->2092753K(3106432K) icms_dc=75 , 0.0977068 secs] [Times: user=1.14 sys=0.04, real=0.10 secs] 
7447.591: [GC 7447.592: [ParNew: 346548K->38680K(353920K), 0.1136481 secs] 2407697K->2107278K(3106432K) icms_dc=75 , 0.1152233 secs] [Times: user=1.27 sys=0.06, real=0.12 secs] 
7447.729: [GC 7447.730: [ParNew: 38973K->15003K(353920K), 0.1429560 secs] 2107571K->2112675K(3106432K) icms_dc=75 , 0.1442256 secs] [Times: user=1.28 sys=0.10, real=0.14 secs] 
7448.667: [GC 7448.668: [ParNew: 329358K->22431K(353920K), 0.0762405 secs] 2427029K->2120103K(3106432K) icms_dc=75 , 0.0778185 secs] [Times: user=1.07 sys=0.06, real=0.08 secs] 
7449.550: [GC 7449.551: [ParNew: 337327K->39296K(353920K), 0.1515823 secs] 2434998K->2137886K(3106432K) icms_dc=75 , 0.1530907 secs] [Times: user=1.28 sys=0.03, real=0.15 secs] 
7449.726: [GC 7449.726: [ParNew: 39739K->13442K(353920K), 0.1497923 secs] 2138329K->2145439K(3106432K) icms_dc=75 , 0.1510219 secs] [Times: user=1.27 sys=0.05, real=0.15 secs] 
7451.404: [GC 7451.406: [ParNew: 328383K->24261K(353920K), 0.0914661 secs] 2460380K->2156258K(3106432K) icms_dc=75 , 0.0930101 secs] [Times: user=1.02 sys=0.04, real=0.09 secs] 
7451.520: [GC 7451.521: [ParNew: 24956K->8927K(353920K), 0.0991780 secs] 2156954K->2161796K(3106432K) icms_dc=75 , 0.1003446 secs] [Times: user=0.95 sys=0.04, real=0.10 secs] 
7452.582: [GC 7452.583: [ParNew: 323551K->24167K(353920K), 0.1278402 secs] 2476420K->2177036K(3106432K) icms_dc=75 , 0.1293937 secs] [Times: user=1.19 sys=0.16, real=0.13 secs] 
7453.712: [GC 7453.713: [ParNew: 338694K->28072K(353920K), 0.1245837 secs] 2491562K->2193576K(3106432K) icms_dc=75 , 0.1261430 secs] [Times: user=1.32 sys=0.09, real=0.13 secs] 
7454.726: [GC 7454.728: [ParNew: 342696K->29864K(353920K), 0.0913540 secs] 2508200K->2207625K(3106432K) icms_dc=75 , 0.0930049 secs] [Times: user=1.21 sys=0.03, real=0.09 secs] 
7455.659: [GC 7455.660: [ParNew: 344521K->27138K(353920K), 0.0816409 secs] 2522281K->2216127K(3106432K) icms_dc=81 , 0.0832273 secs] [Times: user=1.12 sys=0.03, real=0.08 secs] 
7455.766: [GC 7455.767: [ParNew: 27764K->26215K(353920K), 0.0612851 secs] 2216752K->2215204K(3106432K) icms_dc=100 , 0.0627679 secs] [Times: user=0.80 sys=0.04, real=0.06 secs] 
7456.664: [GC 7456.665: [ParNew: 340839K->39296K(353920K), 0.1572181 secs] 2529828K->2229775K(3106432K) icms_dc=100 , 0.1587715 secs] [Times: user=1.18 sys=0.01, real=0.16 secs] 
7457.627: [GC 7457.628: [ParNew: 353920K->37214K(353920K), 0.1322242 secs] 2544399K->2245813K(3106432K) icms_dc=100 , 0.1337864 secs] [Times: user=1.55 sys=0.06, real=0.13 secs] 
7458.735: [GC 7458.737: [ParNew: 351838K->38967K(353920K), 0.1348194 secs] 2560437K->2257758K(3106432K) icms_dc=100 , 0.1365118 secs] [Times: user=1.37 sys=0.07, real=0.14 secs] 
7459.685: [GC 7459.686: [ParNew: 353706K->30691K(353920K), 0.0928220 secs] 2572497K->2260241K(3106432K) icms_dc=100 , 0.0943126 secs] [Times: user=1.10 sys=0.02, real=0.09 secs] 
7459.803: [GC 7459.803: [ParNew: 31651K->14782K(353920K), 0.0735680 secs] 2261201K->2264442K(3106432K) icms_dc=100 , 0.0747421 secs] [Times: user=0.93 sys=0.03, real=0.08 secs] 
7460.671: [GC 7460.672: [ParNew: 329406K->26094K(353920K), 0.1225310 secs] 2579066K->2275754K(3106432K) icms_dc=100 , 0.1241404 secs] [Times: user=1.30 sys=0.10, real=0.12 secs] 
7461.612: [GC 7461.613: [ParNew: 340718K->29928K(353920K), 0.1386729 secs] 2590378K->2292239K(3106432K) icms_dc=100 , 0.1402357 secs] [Times: user=1.46 sys=0.08, real=0.14 secs] 
7462.540: [GC 7462.541: [ParNew: 344552K->33927K(353920K), 0.0799636 secs] 2606863K->2306986K(3106432K) icms_dc=100 , 0.0813852 secs] [Times: user=1.10 sys=0.02, real=0.08 secs] 
7463.511: [GC 7463.512: [ParNew: 350083K->29537K(353920K), 0.0809966 secs] 2623142K->2313184K(3106432K) icms_dc=100 , 0.0825767 secs] [Times: user=1.09 sys=0.02, real=0.08 secs] 
7463.618: [GC 7463.618: [ParNew: 30458K->18458K(353920K), 0.0707068 secs] 2314105K->2324229K(3106432K) icms_dc=100 , 0.0718911 secs] [Times: user=0.92 sys=0.03, real=0.07 secs] 
7464.512: [GC 7464.513: [ParNew: 333082K->21417K(353920K), 0.0810233 secs] 2638853K->2327188K(3106432K) icms_dc=100 , 0.0826687 secs] [Times: user=1.02 sys=0.04, real=0.08 secs] 
7465.702: [GC 7465.703: [ParNew: 336041K->36209K(353920K), 0.1211702 secs] 2641812K->2341980K(3106432K) icms_dc=100 , 0.1227198 secs] [Times: user=1.41 sys=0.12, real=0.12 secs] 
7466.460: [CMS-concurrent-mark: 15.244/22.378 secs] [Times: user=540.22 sys=17.73, real=22.38 secs] 
7466.461: [CMS-concurrent-preclean-start]
7466.589: [GC 7466.590: [ParNew: 350833K->26636K(353920K), 0.1263634 secs] 2656604K->2354686K(3106432K) icms_dc=100 , 0.1279432 secs] [Times: user=1.51 sys=0.03, real=0.13 secs] 
7467.479: [GC 7467.480: [ParNew: 341260K->33967K(353920K), 0.1178584 secs] 2669310K->2362017K(3106432K) icms_dc=100 , 0.1193551 secs] [Times: user=1.26 sys=0.08, real=0.12 secs] 
7468.345: [GC 7468.346: [ParNew: 349905K->39296K(353920K), 0.0989207 secs] 2677956K->2377337K(3106432K) icms_dc=100 , 0.1004300 secs] [Times: user=1.26 sys=0.04, real=0.10 secs] 
7468.469: [GC 7468.469: [ParNew: 39979K->21461K(353920K), 0.1028448 secs] 2378021K->2392382K(3106432K) icms_dc=100 , 0.1040492 secs] [Times: user=1.22 sys=0.05, real=0.10 secs] 
7469.446: [GC 7469.448: [ParNew: 336550K->31283K(353920K), 0.1670057 secs] 2707472K->2402204K(3106432K) icms_dc=100 , 0.1686534 secs] [Times: user=1.21 sys=0.13, real=0.17 secs] 
7469.638: [GC 7469.639: [ParNew: 31826K->13277K(353920K), 0.1087081 secs] 2402747K->2410991K(3106432K) icms_dc=100 , 0.1098582 secs] [Times: user=1.02 sys=0.02, real=0.11 secs] 
7470.546: [GC 7470.548: [ParNew: 327901K->24902K(353920K), 0.0542104 secs] 2725615K->2422616K(3106432K) icms_dc=100 , 0.0559081 secs] [Times: user=0.90 sys=0.02, real=0.06 secs] 
7471.452: [GC 7471.453: [ParNew: 339655K->33327K(353920K), 0.1566320 secs] 2737368K->2443891K(3106432K) icms_dc=100 , 0.1581915 secs] [Times: user=1.35 sys=0.02, real=0.16 secs] 
7471.633: [GC 7471.633: [ParNew: 33593K->10233K(353920K), 0.1268538 secs] 2444156K->2448487K(3106432K) icms_dc=100 , 0.1280818 secs] [Times: user=1.01 sys=0.02, real=0.13 secs] 
7472.654: [GC 7472.655: [ParNew: 324857K->22108K(353920K), 0.0757682 secs] 2763111K->2460362K(3106432K) icms_dc=100 , 0.0773754 secs] [Times: user=1.01 sys=0.04, real=0.08 secs] 
7473.601: [GC 7473.602: [ParNew: 336732K->23519K(353920K), 0.1363461 secs] 2774986K->2472808K(3106432K) icms_dc=100 , 0.1379298 secs] [Times: user=1.52 sys=0.13, real=0.14 secs] 
7474.602: [GC 7474.603: [ParNew: 338185K->34439K(353920K), 0.1320754 secs] 2787474K->2483728K(3106432K) icms_dc=100 , 0.1336510 secs] [Times: user=1.48 sys=0.14, real=0.13 secs] 
7474.759: [GC 7474.760: [ParNew: 34899K->28861K(353920K), 0.0819408 secs] 2484188K->2488935K(3106432K) icms_dc=100 , 0.0831412 secs] [Times: user=1.12 sys=0.03, real=0.08 secs] 
7475.594: [GC 7475.595: [ParNew: 343485K->38137K(353920K), 0.1354505 secs] 2803559K->2498211K(3106432K) icms_dc=100 , 0.1369769 secs] [Times: user=1.15 sys=0.01, real=0.14 secs] 
7476.555: [GC 7476.556: [ParNew: 352809K->25244K(353920K), 0.1064903 secs] 2812883K->2502835K(3106432K) icms_dc=100 , 0.1080155 secs] [Times: user=1.26 sys=0.03, real=0.11 secs] 
7476.688: [GC 7476.688: [ParNew: 25759K->24839K(353920K), 0.0531199 secs] 2503350K->2502430K(3106432K) icms_dc=100 , 0.0543376 secs] [Times: user=0.76 sys=0.02, real=0.06 secs] 
7477.512: [GC 7477.513: [ParNew: 339530K->38518K(353920K), 0.0902538 secs] 2817121K->2516109K(3106432K) icms_dc=100 , 0.0917601 secs] [Times: user=1.00 sys=0.02, real=0.09 secs] 
7477.627: [GC 7477.650: [ParNew: 38740K->10621K(353920K), 0.1023984 secs] 2516331K->2517093K(3106432K) icms_dc=100 , 0.1036156 secs] [Times: user=1.17 sys=0.04, real=0.13 secs] 
7478.601: [GC 7478.602: [ParNew: 325245K->24450K(353920K), 0.1128130 secs] 2831717K->2530922K(3106432K) icms_dc=100 , 0.1143867 secs] [Times: user=1.24 sys=0.14, real=0.12 secs] 
7479.568: [GC 7479.569: [ParNew: 339074K->24786K(353920K), 0.1384282 secs] 2845546K->2543724K(3106432K) icms_dc=100 , 0.1399852 secs] [Times: user=1.36 sys=0.12, real=0.14 secs] 
7480.559: [GC 7480.561: [ParNew: 339557K->39296K(353920K), 0.1953917 secs] 2858495K->2559628K(3106432K) icms_dc=100 , 0.1969391 secs] [Times: user=1.38 sys=0.14, real=0.20 secs] 
7480.780: [GC 7480.780: [ParNew: 39728K->21405K(353920K), 0.1579579 secs] 2560061K->2573199K(3106432K) icms_dc=100 , 0.1591461 secs] [Times: user=1.26 sys=0.07, real=0.16 secs] 
7481.700: [GC 7481.701: [ParNew: 336029K->24763K(353920K), 0.0678897 secs] 2887823K->2576557K(3106432K) icms_dc=100 , 0.0694075 secs] [Times: user=0.90 sys=0.02, real=0.07 secs] 
7482.635: [GC 7482.636: [ParNew: 339387K->25430K(353920K), 0.1366326 secs] 2891181K->2590479K(3106432K) icms_dc=100 , 0.1382897 secs] [Times: user=1.26 sys=0.02, real=0.14 secs] 
7483.077: [CMS-concurrent-preclean: 12.071/16.616 secs] [Times: user=399.42 sys=13.97, real=16.62 secs] 
7483.078: [CMS-concurrent-abortable-preclean-start]
7483.547: [GC 7483.548: [ParNew: 340054K->37867K(353920K), 0.1778433 secs] 2905103K->2602915K(3106432K) icms_dc=100 , 0.1793949 secs] [Times: user=1.61 sys=0.28, real=0.18 secs] 
7484.542: [GC 7484.543: [ParNew: 352491K->39296K(353920K), 0.0894220 secs] 2917539K->2615615K(3106432K) icms_dc=100 , 0.0910209 secs] [Times: user=1.24 sys=0.02, real=0.09 secs] 
7484.669: [CMS-concurrent-abortable-preclean: 1.141/1.590 secs] [Times: user=37.79 sys=1.57, real=1.59 secs] 
7484.695: [GC[YG occupancy: 49758 K (353920 K)]7484.695: [Rescan (parallel) , 0.0919705 secs]7484.787: [weak refs processing, 0.0332774 secs] [1 CMS-remark: 2576319K(2752512K)] 2626077K(3106432K), 0.1302808 secs] [Times: user=1.61 sys=0.03, real=0.13 secs] 
7484.826: [CMS-concurrent-sweep-start]
7485.659: [GC 7485.660: [ParNew: 353920K->32064K(353920K), 0.1286236 secs] 2930016K->2626659K(3106432K) icms_dc=100 , 0.1302408 secs] [Times: user=1.44 sys=0.03, real=0.13 secs] 
7486.729: [GC 7486.730: [ParNew: 346688K->26470K(353920K), 0.0944195 secs] 2940863K->2631729K(3106432K) icms_dc=100 , 0.0960042 secs] [Times: user=1.21 sys=0.02, real=0.10 secs] 
7487.730: [GC 7487.731: [ParNew: 341168K->39296K(353920K), 0.1333776 secs] 2946321K->2645592K(3106432K) icms_dc=100 , 0.1349935 secs] [Times: user=1.32 sys=0.11, real=0.14 secs] 
7487.888: [GC 7487.888: [ParNew: 40327K->18799K(353920K), 0.0997512 secs] 2646623K->2656792K(3106432K) icms_dc=100 , 0.1009563 secs] [Times: user=1.14 sys=0.03, real=0.10 secs] 
7488.987: [GC 7488.988: [ParNew: 333423K->24629K(353920K), 0.1276613 secs] 2970350K->2661556K(3106432K) icms_dc=100 , 0.1293145 secs] [Times: user=1.31 sys=0.17, real=0.13 secs] 
7490.075: [GC 7490.076: [ParNew: 339443K->25737K(353920K), 0.1469326 secs] 2975962K->2674678K(3106432K) icms_dc=100 , 0.1485930 secs] [Times: user=1.56 sys=0.13, real=0.15 secs] 
7490.247: [GC 7490.248: [ParNew: 26073K->26001K(353920K), 0.0628597 secs] 2675014K->2674942K(3106432K) icms_dc=100 , 0.0640934 secs] [Times: user=0.85 sys=0.01, real=0.06 secs] 
7491.188: [GC 7491.189: [ParNew: 340673K->38923K(353920K), 0.0808494 secs] 2989012K->2687262K(3106432K) icms_dc=100 , 0.0824438 secs] [Times: user=1.10 sys=0.03, real=0.08 secs] 
7491.293: [GC 7491.294: [ParNew: 39092K->8533K(353920K), 0.1126230 secs] 2687431K->2688944K(3106432K) icms_dc=100 , 0.1137887 secs] [Times: user=1.31 sys=0.06, real=0.11 secs] 
7492.164: [GC 7492.165: [ParNew: 323157K->25007K(353920K), 0.1060210 secs] 3003116K->2704966K(3106432K) icms_dc=100 , 0.1075886 secs] [Times: user=0.99 sys=0.02, real=0.11 secs] 
7493.082: [GC 7493.083: [ParNew: 339631K->24550K(353920K), 0.1556196 secs] 3018346K->2716334K(3106432K) icms_dc=100 , 0.1573568 secs] [Times: user=1.54 sys=0.18, real=0.16 secs] 
7494.166: [GC 7494.167: [ParNew: 339174K->33516K(353920K), 0.0987338 secs] 3028267K->2722608K(3106432K) icms_dc=100 , 0.1003737 secs] [Times: user=1.16 sys=0.06, real=0.10 secs] 
7494.976: [GC 7494.977: [ParNew: 348140K->39296K(353920K), 0.1581006 secs] 3035564K->2735629K(3106432K) icms_dc=100 , 0.1597332 secs] [Times: user=1.52 sys=0.15, real=0.16 secs] 
7495.951: [GC 7495.952: [ParNew: 353920K->39296K(353920K), 0.1457731 secs] 3048855K->2742357K(3106432K) icms_dc=100 , 0.1474176 secs] [Times: user=1.35 sys=0.02, real=0.15 secs] 
7496.854: [GC 7496.855: [ParNew: 353920K->39296K(353920K), 0.1374348 secs] 3055638K->2749593K(3106432K) icms_dc=100 , 0.1390836 secs] [Times: user=1.58 sys=0.04, real=0.14 secs] 
7497.672: [GC 7497.673: [ParNew (promotion failed): 353920K->344587K(353920K), 3.6086239 secs]7501.282: [CMS7504.224: [CMS-concurrent-sweep: 12.595/19.398 secs] [Times: user=318.60 sys=14.91, real=19.40 secs] 
 (concurrent mode failure): 2713425K->1540292K(2752512K), 40.8140597 secs] 3062421K->1540292K(3106432K), [CMS Perm : 202430K->200856K(402264K)] icms_dc=100 , 44.4244591 secs] [Times: user=45.56 sys=2.99, real=44.43 secs] 
7542.200: [GC [1 CMS-initial-mark: 1540292K(2752512K)] 1540496K(3106432K), 0.3648504 secs] [Times: user=0.36 sys=0.00, real=0.37 secs] 
7542.566: [CMS-concurrent-mark-start]
7544.358: [GC 7544.359: [ParNew: 314624K->39296K(353920K), 0.1235795 secs] 1854916K->1579978K(3106432K) icms_dc=100 , 0.1252242 secs] [Times: user=1.26 sys=0.06, real=0.13 secs] 
7545.722: [GC 7545.723: [ParNew: 353920K->39296K(353920K), 0.1985879 secs] 1895383K->1604407K(3106432K) icms_dc=100 , 0.2001470 secs] [Times: user=1.94 sys=0.07, real=0.20 secs] 
7546.015: [GC 7546.015: [ParNew: 39523K->13226K(353920K), 0.0886249 secs] 1604635K->1605355K(3106432K) icms_dc=100 , 0.0898481 secs] [Times: user=1.03 sys=0.04, real=0.09 secs] 
7547.201: [GC 7547.202: [ParNew: 330044K->39295K(353920K), 0.1677332 secs] 1922174K->1631892K(3106432K) icms_dc=100 , 0.1692829 secs] [Times: user=1.37 sys=0.07, real=0.17 secs] 
7548.147: [GC 7548.148: [ParNew: 353919K->39296K(353920K), 0.2932646 secs] 1947270K->1656428K(3106432K) icms_dc=100 , 0.2948584 secs] [Times: user=1.95 sys=0.05, real=0.30 secs] 
7549.309: [GC 7549.310: [ParNew: 353920K->39296K(353920K), 0.1621962 secs] 1971543K->1671484K(3106432K) icms_dc=100 , 0.1637609 secs] [Times: user=1.69 sys=0.17, real=0.16 secs] 
7550.357: [GC 7550.359: [ParNew: 353920K->39296K(353920K), 0.1871101 secs] 1986279K->1687821K(3106432K) icms_dc=100 , 0.1888090 secs] [Times: user=1.67 sys=0.22, real=0.19 secs] 
7550.616: [GC 7550.616: [ParNew: 61972K->26134K(353920K), 0.1389285 secs] 1710498K->1701820K(3106432K) icms_dc=100 , 0.1402250 secs] [Times: user=1.41 sys=0.13, real=0.14 secs] 
7551.656: [GC 7551.657: [ParNew: 340758K->36700K(353920K), 0.2291258 secs] 2016444K->1712386K(3106432K) icms_dc=100 , 0.2308346 secs] [Times: user=1.82 sys=0.35, real=0.23 secs] 
7552.736: [GC 7552.737: [ParNew: 351324K->29004K(353920K), 0.3315137 secs] 2027010K->1718433K(3106432K) icms_dc=100 , 0.3331123 secs] [Times: user=2.30 sys=0.55, real=0.33 secs] 
7553.864: [GC 7553.865: [ParNew: 343628K->25961K(353920K), 0.1267711 secs] 2033057K->1726367K(3106432K) icms_dc=100 , 0.1283217 secs] [Times: user=1.28 sys=0.13, real=0.13 secs] 
7554.823: [GC 7554.824: [ParNew: 340585K->27707K(353920K), 0.0906468 secs] 2040991K->1737901K(3106432K) icms_dc=100 , 0.0922251 secs] [Times: user=1.15 sys=0.05, real=0.09 secs] 
7555.776: [GC 7555.777: [ParNew: 342331K->36339K(353920K), 0.0909900 secs] 2052525K->1757912K(3106432K) icms_dc=100 , 0.0925287 secs] [Times: user=1.14 sys=0.02, real=0.09 secs] 
7556.834: [GC 7556.835: [ParNew: 351185K->36848K(353920K), 0.1482129 secs] 2072758K->1770221K(3106432K) icms_dc=100 , 0.1498000 secs] [Times: user=1.54 sys=0.20, real=0.15 secs] 
7557.008: [GC 7557.009: [ParNew: 37737K->20942K(353920K), 0.0712227 secs] 1771111K->1780227K(3106432K) icms_dc=100 , 0.0724213 secs] [Times: user=0.93 sys=0.04, real=0.07 secs] 
7558.143: [GC 7558.145: [ParNew: 336304K->24608K(353920K), 0.0811799 secs] 2095589K->1783894K(3106432K) icms_dc=100 , 0.0827405 secs] [Times: user=1.01 sys=0.08, real=0.08 secs] 
7558.253: [GC 7558.254: [ParNew: 25518K->10519K(353920K), 0.0714090 secs] 1784803K->1791697K(3106432K) icms_dc=100 , 0.0725797 secs] [Times: user=0.89 sys=0.03, real=0.07 secs] 
7559.225: [GC 7559.226: [ParNew: 325143K->20664K(353920K), 0.1123514 secs] 2106321K->1801842K(3106432K) icms_dc=100 , 0.1139644 secs] [Times: user=1.20 sys=0.15, real=0.11 secs] 
7560.175: [GC 7560.176: [ParNew: 335288K->35400K(353920K), 0.1419724 secs] 2116466K->1816578K(3106432K) icms_dc=100 , 0.1435590 secs] [Times: user=1.46 sys=0.14, real=0.14 secs] 
7561.317: [GC 7561.318: [ParNew: 350024K->39296K(353920K), 0.1276755 secs] 2131202K->1830382K(3106432K) icms_dc=100 , 0.1292654 secs] [Times: user=1.25 sys=0.05, real=0.13 secs] 
7562.374: [GC 7562.375: [ParNew: 353920K->34799K(353920K), 0.0907479 secs] 2146128K->1834325K(3106432K) icms_dc=100 , 0.0923562 secs] [Times: user=1.09 sys=0.01, real=0.09 secs] 
7563.513: [GC 7563.514: [ParNew: 349423K->39296K(353920K), 0.1029792 secs] 2148949K->1848040K(3106432K) icms_dc=100 , 0.1045479 secs] [Times: user=1.22 sys=0.03, real=0.11 secs] 
7564.522: [GC 7564.523: [ParNew: 353920K->31353K(353920K), 0.1376738 secs] 2163501K->1855701K(3106432K) icms_dc=100 , 0.1392206 secs] [Times: user=1.47 sys=0.11, real=0.14 secs] 
7564.685: [GC 7564.685: [ParNew: 31530K->24833K(353920K), 0.0530060 secs] 1855878K->1849181K(3106432K) icms_dc=100 , 0.0541458 secs] [Times: user=0.74 sys=0.03, real=0.05 secs] 
7565.660: [GC 7565.662: [ParNew: 339457K->32727K(353920K), 0.0594846 secs] 2163805K->1857075K(3106432K) icms_dc=100 , 0.0613079 secs] [Times: user=0.94 sys=0.02, real=0.06 secs] 
7566.552: [GC 7566.553: [ParNew: 347648K->37833K(353920K), 0.0990342 secs] 2171996K->1867856K(3106432K) icms_dc=100 , 0.1007269 secs] [Times: user=1.23 sys=0.05, real=0.10 secs] 
7566.677: [GC 7566.677: [ParNew: 38460K->26876K(353920K), 0.0666018 secs] 1868483K->1867448K(3106432K) icms_dc=100 , 0.0678758 secs] [Times: user=1.02 sys=0.02, real=0.07 secs] 
7567.709: [GC 7567.711: [ParNew: 341500K->39296K(353920K), 0.1786281 secs] 2182072K->1881385K(3106432K) icms_dc=100 , 0.1803572 secs] [Times: user=1.34 sys=0.13, real=0.18 secs] 
7568.776: [GC 7568.777: [ParNew: 353920K->26686K(353920K), 0.1026070 secs] 2196009K->1887187K(3106432K) icms_dc=100 , 0.1043751 secs] [Times: user=1.30 sys=0.03, real=0.11 secs] 
7569.090: [CMS-concurrent-mark: 16.659/26.523 secs] [Times: user=598.00 sys=20.46, real=26.52 secs] 
7569.091: [CMS-concurrent-preclean-start]
7569.678: [GC 7569.679: [ParNew: 342151K->32427K(353920K), 0.0769401 secs] 2202652K->1892929K(3106432K) icms_dc=100 , 0.0785830 secs] [Times: user=0.91 sys=0.01, real=0.08 secs] 
7569.780: [GC 7569.781: [ParNew: 33003K->29513K(353920K), 0.1074085 secs] 1893504K->1897565K(3106432K) icms_dc=100 , 0.1085724 secs] [Times: user=0.96 sys=0.02, real=0.11 secs] 
7570.650: [GC 7570.651: [ParNew: 344137K->34006K(353920K), 0.1340390 secs] 2212189K->1902058K(3106432K) icms_dc=100 , 0.1356580 secs] [Times: user=1.30 sys=0.14, real=0.14 secs] 
7571.696: [GC 7571.697: [ParNew: 348630K->38619K(353920K), 0.1103375 secs] 2216682K->1914224K(3106432K) icms_dc=100 , 0.1119672 secs] [Times: user=1.26 sys=0.06, real=0.11 secs] 
7573.088: [GC 7573.089: [ParNew: 353243K->38300K(353920K), 0.1205186 secs] 2228848K->1921896K(3106432K) icms_dc=100 , 0.1223036 secs] [Times: user=1.40 sys=0.10, real=0.12 secs] 
7574.437: [GC 7574.438: [ParNew: 353910K->39296K(353920K), 0.1241057 secs] 2237506K->1934009K(3106432K) icms_dc=100 , 0.1257217 secs] [Times: user=1.32 sys=0.04, real=0.13 secs] 
7574.594: [GC 7574.595: [ParNew: 42286K->26152K(353920K), 0.0980437 secs] 1937000K->1949867K(3106432K) icms_dc=100 , 0.0992625 secs] [Times: user=1.22 sys=0.05, real=0.10 secs] 
7575.465: [GC 7575.466: [ParNew: 340776K->25716K(353920K), 0.0692963 secs] 2264491K->1949431K(3106432K) icms_dc=100 , 0.0708164 secs] [Times: user=0.99 sys=0.03, real=0.07 secs] 
7576.377: [GC 7576.378: [ParNew: 340340K->21849K(353920K), 0.1300979 secs] 2264055K->1958040K(3106432K) icms_dc=100 , 0.1316066 secs] [Times: user=1.36 sys=0.14, real=0.13 secs] 
7577.271: [GC 7577.272: [ParNew: 336473K->30692K(353920K), 0.1210568 secs] 2272664K->1966884K(3106432K) icms_dc=100 , 0.1226497 secs] [Times: user=1.26 sys=0.15, real=0.12 secs] 
7578.273: [GC 7578.274: [ParNew: 345316K->37892K(353920K), 0.0983995 secs] 2281508K->1981399K(3106432K) icms_dc=100 , 0.1000906 secs] [Times: user=1.28 sys=0.05, real=0.10 secs] 
7579.518: [GC 7579.519: [ParNew: 352516K->38955K(353920K), 0.0799855 secs] 2296023K->1990331K(3106432K) icms_dc=100 , 0.0814964 secs] [Times: user=1.16 sys=0.02, real=0.08 secs] 
7580.499: [GC 7580.500: [ParNew: 353627K->39296K(353920K), 0.1271234 secs] 2305781K->2003855K(3106432K) icms_dc=100 , 0.1287486 secs] [Times: user=1.55 sys=0.07, real=0.13 secs] 
7580.652: [GC 7580.652: [ParNew: 39795K->17571K(353920K), 0.0917933 secs] 2004354K->2010720K(3106432K) icms_dc=100 , 0.0930861 secs] [Times: user=1.06 sys=0.04, real=0.09 secs] 
7581.667: [GC 7581.668: [ParNew: 333701K->31578K(353920K), 0.0854830 secs] 2326850K->2024728K(3106432K) icms_dc=100 , 0.0870344 secs] [Times: user=1.03 sys=0.09, real=0.09 secs] 
7581.778: [GC 7581.779: [ParNew: 32611K->13405K(353920K), 0.0999571 secs] 2025760K->2034293K(3106432K) icms_dc=100 , 0.1011750 secs] [Times: user=1.12 sys=0.08, real=0.10 secs] 
7582.724: [GC 7582.725: [ParNew: 328029K->21597K(353920K), 0.0964284 secs] 2348917K->2042485K(3106432K) icms_dc=100 , 0.0979565 secs] [Times: user=1.09 sys=0.07, real=0.10 secs] 
7583.652: [GC 7583.653: [ParNew: 336871K->36513K(353920K), 0.0984975 secs] 2357759K->2057401K(3106432K) icms_dc=100 , 0.1000399 secs] [Times: user=1.20 sys=0.08, real=0.10 secs] 
7583.779: [GC 7583.780: [ParNew: 37627K->20329K(353920K), 0.1299269 secs] 2058515K->2072848K(3106432K) icms_dc=100 , 0.1311071 secs] [Times: user=1.36 sys=0.08, real=0.13 secs] 
7584.223: [CMS-concurrent-preclean: 10.733/15.131 secs] [Times: user=344.52 sys=12.00, real=15.13 secs] 
7584.224: [CMS-concurrent-abortable-preclean-start]
7584.838: [GC 7584.839: [ParNew: 334953K->23477K(353920K), 0.0614631 secs] 2387472K->2075995K(3106432K) icms_dc=100 , 0.0630507 secs] [Times: user=0.89 sys=0.02, real=0.06 secs] 
7585.476: [CMS-concurrent-abortable-preclean: 1.019/1.252 secs] [Times: user=32.27 sys=1.10, real=1.25 secs] 
7585.500: [GC[YG occupancy: 247622 K (353920 K)]7585.500: [Rescan (parallel) , 0.1659036 secs]7585.666: [weak refs processing, 0.0001956 secs] [1 CMS-remark: 2052518K(2752512K)] 2300141K(3106432K), 0.1667868 secs] [Times: user=2.79 sys=0.08, real=0.17 secs] 
7585.668: [CMS-concurrent-sweep-start]
7585.867: [GC 7585.868: [ParNew: 338101K->25728K(353920K), 0.1573993 secs] 2390619K->2091923K(3106432K) icms_dc=100 , 0.1589820 secs] [Times: user=1.58 sys=0.20, real=0.16 secs] 
7586.791: [GC 7586.792: [ParNew: 340352K->33899K(353920K), 0.1219451 secs] 2406541K->2100089K(3106432K) icms_dc=100 , 0.1235240 secs] [Times: user=1.31 sys=0.11, real=0.12 secs] 
7587.784: [GC 7587.785: [ParNew: 349289K->39296K(353920K), 0.1327027 secs] 2415471K->2116452K(3106432K) icms_dc=100 , 0.1342043 secs] [Times: user=1.35 sys=0.06, real=0.13 secs] 
7587.943: [GC 7587.943: [ParNew: 39753K->15319K(353920K), 0.1134237 secs] 2116909K->2120495K(3106432K) icms_dc=100 , 0.1146319 secs] [Times: user=1.09 sys=0.03, real=0.12 secs] 
7588.896: [GC 7588.897: [ParNew: 329943K->26247K(353920K), 0.1141289 secs] 2435094K->2131398K(3106432K) icms_dc=100 , 0.1159666 secs] [Times: user=0.94 sys=0.02, real=0.12 secs] 
7589.955: [GC 7589.956: [ParNew: 340871K->28989K(353920K), 0.1832898 secs] 2446005K->2146459K(3106432K) icms_dc=100 , 0.1848965 secs] [Times: user=1.74 sys=0.23, real=0.19 secs] 
7590.987: [GC 7590.988: [ParNew: 343613K->26751K(353920K), 0.0947367 secs] 2460987K->2156069K(3106432K) icms_dc=100 , 0.0964099 secs] [Times: user=1.13 sys=0.03, real=0.10 secs] 
7591.960: [GC 7591.961: [ParNew: 341621K->39296K(353920K), 0.1222405 secs] 2470897K->2169375K(3106432K) icms_dc=100 , 0.1238472 secs] [Times: user=1.15 sys=0.02, real=0.12 secs] 
7592.111: [GC 7592.112: [ParNew: 40795K->25067K(353920K), 0.1151143 secs] 2170873K->2186478K(3106432K) icms_dc=100 , 0.1163639 secs] [Times: user=1.15 sys=0.04, real=0.12 secs] 
7593.177: [GC 7593.178: [ParNew: 339875K->24306K(353920K), 0.1120673 secs] 2501260K->2185691K(3106432K) icms_dc=100 , 0.1137047 secs] [Times: user=1.01 sys=0.02, real=0.11 secs] 
7593.316: [GC 7593.316: [ParNew: 24748K->11663K(353920K), 0.1023816 secs] 2186133K->2193357K(3106432K) icms_dc=100 , 0.1036632 secs] [Times: user=1.16 sys=0.09, real=0.10 secs] 
7594.282: [GC 7594.283: [ParNew: 326287K->24904K(353920K), 0.0664673 secs] 2507939K->2206556K(3106432K) icms_dc=100 , 0.0680330 secs] [Times: user=1.01 sys=0.02, real=0.07 secs] 
7595.592: [GC 7595.593: [ParNew: 339528K->27177K(353920K), 0.1081345 secs] 2521138K->2220980K(3106432K) icms_dc=100 , 0.1097347 secs] [Times: user=1.23 sys=0.06, real=0.11 secs] 
7596.537: [GC 7596.538: [ParNew: 341801K->30136K(353920K), 0.1449016 secs] 2535476K->2234025K(3106432K) icms_dc=100 , 0.1464438 secs] [Times: user=1.03 sys=0.03, real=0.15 secs] 
7597.482: [GC 7597.483: [ParNew: 345201K->25162K(353920K), 0.0964117 secs] 2548973K->2238661K(3106432K) icms_dc=100 , 0.0980281 secs] [Times: user=1.14 sys=0.05, real=0.10 secs] 
7597.603: [GC 7597.604: [ParNew: 25904K->26607K(353920K), 0.0536207 secs] 2239403K->2240106K(3106432K) icms_dc=100 , 0.0548136 secs] [Times: user=0.78 sys=0.03, real=0.06 secs] 
7598.505: [GC 7598.507: [ParNew: 341231K->39296K(353920K), 0.1460998 secs] 2554493K->2253194K(3106432K) icms_dc=100 , 0.1477635 secs] [Times: user=1.39 sys=0.17, real=0.15 secs] 
7599.456: [GC 7599.457: [ParNew: 353920K->32052K(353920K), 0.1503090 secs] 2567600K->2265060K(3106432K) icms_dc=100 , 0.1518479 secs] [Times: user=1.58 sys=0.13, real=0.15 secs] 
7600.418: [GC 7600.419: [ParNew: 346676K->24725K(353920K), 0.0757519 secs] 2579203K->2266536K(3106432K) icms_dc=100 , 0.0772466 secs] [Times: user=1.07 sys=0.03, real=0.08 secs] 
7601.442: [GC 7601.444: [ParNew: 339349K->34489K(353920K), 0.1311466 secs] 2580696K->2275837K(3106432K) icms_dc=100 , 0.1327368 secs] [Times: user=1.20 sys=0.08, real=0.13 secs] 
7602.345: [GC 7602.346: [ParNew: 349387K->39296K(353920K), 0.1038034 secs] 2590657K->2289624K(3106432K) icms_dc=100 , 0.1053178 secs] [Times: user=1.17 sys=0.02, real=0.11 secs] 
7602.475: [GC 7602.476: [ParNew: 39651K->30649K(353920K), 0.0681738 secs] 2289980K->2289822K(3106432K) icms_dc=100 , 0.0693142 secs] [Times: user=0.97 sys=0.02, real=0.07 secs] 
7603.486: [GC 7603.488: [ParNew: 345273K->39296K(353920K), 0.1119190 secs] 2603588K->2298926K(3106432K) icms_dc=100 , 0.1135384 secs] [Times: user=1.15 sys=0.04, real=0.11 secs] 
7604.413: [CMS-concurrent-sweep: 14.462/18.745 secs] [Times: user=445.83 sys=15.76, real=18.75 secs] 
7604.415: [CMS-concurrent-reset-start]
7604.449: [GC 7604.450: [ParNew: 353920K->29896K(353920K), 0.0983009 secs] 2572837K->2267537K(3106432K) icms_dc=100 , 0.1000069 secs] [Times: user=1.19 sys=0.02, real=0.10 secs] 
7604.589: [CMS-concurrent-reset: 0.048/0.174 secs] [Times: user=2.54 sys=0.09, real=0.17 secs] 
7605.450: [GC 7605.451: [ParNew: 344520K->33348K(353920K), 0.0741110 secs] 2582161K->2270989K(3106432K) icms_dc=75 , 0.0756707 secs] [Times: user=0.93 sys=0.02, real=0.08 secs] 
7605.631: [GC [1 CMS-initial-mark: 2237640K(2752512K)] 2310496K(3106432K), 0.5171936 secs] [Times: user=0.52 sys=0.00, real=0.52 secs] 
7606.150: [CMS-concurrent-mark-start]
7606.837: [GC 7606.838: [ParNew: 347972K->39296K(353920K), 0.1573192 secs] 2585613K->2285841K(3106432K) icms_dc=91 , 0.1588861 secs] [Times: user=1.59 sys=0.14, real=0.16 secs] 
7607.842: [GC 7607.843: [ParNew: 353920K->35106K(353920K), 0.1213571 secs] 2600465K->2299759K(3106432K) icms_dc=100 , 0.1228860 secs] [Times: user=1.30 sys=0.03, real=0.12 secs] 
7608.791: [GC 7608.792: [ParNew: 349730K->25403K(353920K), 0.1450497 secs] 2614383K->2298462K(3106432K) icms_dc=100 , 0.1465654 secs] [Times: user=1.29 sys=0.14, real=0.15 secs] 
7609.766: [GC 7609.767: [ParNew: 340027K->35304K(353920K), 0.0592708 secs] 2613086K->2308363K(3106432K) icms_dc=100 , 0.0608321 secs] [Times: user=0.97 sys=0.02, real=0.06 secs] 
7610.686: [GC 7610.687: [ParNew: 349928K->30528K(353920K), 0.0988834 secs] 2622987K->2321724K(3106432K) icms_dc=100 , 0.1004652 secs] [Times: user=1.31 sys=0.03, real=0.10 secs] 
7611.558: [GC 7611.559: [ParNew: 345518K->30948K(353920K), 0.0840881 secs] 2636715K->2331394K(3106432K) icms_dc=100 , 0.0856261 secs] [Times: user=1.13 sys=0.02, real=0.09 secs] 
7611.668: [GC 7611.669: [ParNew: 32605K->18137K(353920K), 0.1096382 secs] 2333052K->2340397K(3106432K) icms_dc=100 , 0.1109085 secs] [Times: user=0.97 sys=0.06, real=0.11 secs] 
7612.650: [GC 7612.651: [ParNew: 332975K->31426K(353920K), 0.0928297 secs] 2655235K->2353686K(3106432K) icms_dc=100 , 0.0943699 secs] [Times: user=1.05 sys=0.03, real=0.10 secs] 
7612.769: [GC 7612.770: [ParNew: 32151K->12693K(353920K), 0.1013013 secs] 2354411K->2363214K(3106432K) icms_dc=100 , 0.1024415 secs] [Times: user=1.11 sys=0.06, real=0.10 secs] 
7613.804: [GC 7613.805: [ParNew: 327321K->21433K(353920K), 0.1023187 secs] 2677843K->2371954K(3106432K) icms_dc=100 , 0.1038361 secs] [Times: user=0.96 sys=0.07, real=0.10 secs] 
7613.931: [GC 7613.932: [ParNew: 21927K->5268K(353920K), 0.1507457 secs] 2372449K->2375575K(3106432K) icms_dc=100 , 0.1518964 secs] [Times: user=1.10 sys=0.11, real=0.15 secs] 
7614.902: [GC 7614.903: [ParNew: 319892K->23610K(353920K), 0.1660861 secs] 2690199K->2393917K(3106432K) icms_dc=100 , 0.1676574 secs] [Times: user=1.48 sys=0.19, real=0.17 secs] 
7615.963: [GC 7615.964: [ParNew: 338768K->26783K(353920K), 0.1659594 secs] 2709075K->2409387K(3106432K) icms_dc=100 , 0.1674814 secs] [Times: user=1.33 sys=0.09, real=0.17 secs] 
7616.155: [GC 7616.155: [ParNew: 27013K->6301K(353920K), 0.1142267 secs] 2409618K->2409328K(3106432K) icms_dc=100 , 0.1154012 secs] [Times: user=0.94 sys=0.04, real=0.12 secs] 
7617.127: [GC 7617.128: [ParNew: 320925K->25186K(353920K), 0.1105830 secs] 2723952K->2428213K(3106432K) icms_dc=100 , 0.1121212 secs] [Times: user=1.18 sys=0.12, real=0.11 secs] 
7618.307: [GC 7618.308: [ParNew: 340214K->28880K(353920K), 0.1410116 secs] 2743240K->2444683K(3106432K) icms_dc=100 , 0.1425514 secs] [Times: user=1.47 sys=0.15, real=0.14 secs] 
7618.771: [GC 7618.772: [ParNew: 29547K->13862K(353920K), 0.0780714 secs] 2445350K->2453089K(3106432K) icms_dc=100 , 0.0791845 secs] [Times: user=0.93 sys=0.03, real=0.08 secs] 
7619.668: [GC 7619.669: [ParNew: 328486K->25690K(353920K), 0.1246986 secs] 2767713K->2464917K(3106432K) icms_dc=100 , 0.1262376 secs] [Times: user=1.30 sys=0.16, real=0.13 secs] 
7620.707: [GC 7620.708: [ParNew: 340314K->24786K(353920K), 0.0878534 secs] 2779541K->2476912K(3106432K) icms_dc=100 , 0.0894610 secs] [Times: user=1.14 sys=0.02, real=0.09 secs] 
7621.624: [GC 7621.625: [ParNew: 339410K->25573K(353920K), 0.0792884 secs] 2791536K->2487800K(3106432K) icms_dc=100 , 0.0808393 secs] [Times: user=1.09 sys=0.02, real=0.08 secs] 
7622.612: [GC 7622.613: [ParNew: 340197K->37531K(353920K), 0.0732002 secs] 2802424K->2499759K(3106432K) icms_dc=100 , 0.0749217 secs] [Times: user=1.01 sys=0.01, real=0.08 secs] 
7623.683: [GC 7623.684: [ParNew: 352155K->30748K(353920K), 0.0942505 secs] 2814383K->2513867K(3106432K) icms_dc=100 , 0.0958114 secs] [Times: user=1.27 sys=0.03, real=0.10 secs] 
7624.657: [GC 7624.658: [ParNew: 345372K->39296K(353920K), 0.1365883 secs] 2828491K->2523472K(3106432K) icms_dc=100 , 0.1382856 secs] [Times: user=1.14 sys=0.06, real=0.14 secs] 
7625.694: [CMS-concurrent-mark: 15.285/19.545 secs] [Times: user=485.91 sys=15.91, real=19.55 secs] 
7625.696: [CMS-concurrent-preclean-start]
7625.811: [GC 7625.812: [ParNew: 353920K->30745K(353920K), 0.1051303 secs] 2838096K->2531764K(3106432K) icms_dc=100 , 0.1067301 secs] [Times: user=1.26 sys=0.02, real=0.11 secs] 
7626.731: [GC 7626.732: [ParNew: 345369K->36168K(353920K), 0.1101109 secs] 2846388K->2537187K(3106432K) icms_dc=100 , 0.1116516 secs] [Times: user=1.20 sys=0.07, real=0.11 secs] 
7627.756: [GC 7627.758: [ParNew: 350792K->36305K(353920K), 0.0878728 secs] 2851811K->2544802K(3106432K) icms_dc=100 , 0.0894413 secs] [Times: user=1.11 sys=0.03, real=0.11 secs] 
7628.784: [GC 7628.785: [ParNew: 350929K->38875K(353920K), 0.0947019 secs] 2859426K->2555159K(3106432K) icms_dc=100 , 0.0964176 secs] [Times: user=1.24 sys=0.03, real=0.10 secs] 
7629.741: [GC 7629.742: [ParNew: 353499K->39296K(353920K), 0.0915832 secs] 2869783K->2563573K(3106432K) icms_dc=100 , 0.0932226 secs] [Times: user=1.15 sys=0.03, real=0.09 secs] 
7630.626: [GC 7630.627: [ParNew: 353920K->39296K(353920K), 0.1329188 secs] 2878197K->2572224K(3106432K) icms_dc=100 , 0.1344811 secs] [Times: user=1.18 sys=0.02, real=0.14 secs] 
7631.583: [GC 7631.584: [ParNew: 353920K->37821K(353920K), 0.0991326 secs] 2886960K->2578140K(3106432K) icms_dc=100 , 0.1006401 secs] [Times: user=1.20 sys=0.02, real=0.10 secs] 
7631.707: [GC 7631.708: [ParNew: 38115K->28759K(353920K), 0.0648657 secs] 2578434K->2577874K(3106432K) icms_dc=100 , 0.0660144 secs] [Times: user=0.98 sys=0.02, real=0.07 secs] 
7632.604: [GC 7632.605: [ParNew: 343383K->39296K(353920K), 0.1224796 secs] 2892498K->2590006K(3106432K) icms_dc=100 , 0.1240476 secs] [Times: user=1.01 sys=0.02, real=0.12 secs] 
7633.699: [GC 7633.700: [ParNew: 353920K->28390K(353920K), 0.1643734 secs] 2904630K->2595693K(3106432K) icms_dc=100 , 0.1660383 secs] [Times: user=1.64 sys=0.18, real=0.17 secs] 
7634.389: [CMS-concurrent-preclean: 6.756/8.694 secs] [Times: user=211.49 sys=7.92, real=8.69 secs] 
7634.391: [CMS-concurrent-abortable-preclean-start]
7634.679: [GC 7634.680: [ParNew: 343071K->38637K(353920K), 0.0755392 secs] 2910375K->2605941K(3106432K) icms_dc=100 , 0.0771518 secs] [Times: user=1.11 sys=0.02, real=0.08 secs] 
7634.780: [GC 7634.781: [ParNew: 39326K->20408K(353920K), 0.1090107 secs] 2606630K->2617450K(3106432K) icms_dc=100 , 0.1102320 secs] [Times: user=1.22 sys=0.04, real=0.11 secs] 
7635.365: [CMS-concurrent-abortable-preclean: 0.664/0.974 secs] [Times: user=23.01 sys=0.70, real=0.97 secs] 
7635.393: [GC[YG occupancy: 220021 K (353920 K)]7635.393: [Rescan (parallel) , 0.1635270 secs]7635.557: [weak refs processing, 0.0372000 secs] [1 CMS-remark: 2597042K(2752512K)] 2817063K(3106432K), 0.2064584 secs] [Times: user=2.84 sys=0.09, real=0.21 secs] 
7635.601: [CMS-concurrent-sweep-start]
7635.956: [GC 7635.957: [ParNew: 335032K->24847K(353920K), 0.0979899 secs] 2932051K->2621867K(3106432K) icms_dc=100 , 0.0996045 secs] [Times: user=1.24 sys=0.11, real=0.10 secs] 
7636.872: [GC 7636.874: [ParNew: 339471K->23281K(353920K), 0.0889200 secs] 2936263K->2631318K(3106432K) icms_dc=100 , 0.0904761 secs] [Times: user=1.11 sys=0.03, real=0.09 secs] 
7637.723: [GC 7637.724: [ParNew: 338331K->34334K(353920K), 0.1032278 secs] 2946156K->2642158K(3106432K) icms_dc=100 , 0.1047396 secs] [Times: user=1.14 sys=0.02, real=0.11 secs] 
7637.886: [GC 7637.886: [ParNew: 51866K->31330K(353920K), 0.1143681 secs] 2659456K->2648952K(3106432K) icms_dc=100 , 0.1156793 secs] [Times: user=1.24 sys=0.05, real=0.12 secs] 
7638.757: [GC 7638.758: [ParNew: 345954K->32416K(353920K), 0.0862730 secs] 2963387K->2659720K(3106432K) icms_dc=100 , 0.0878555 secs] [Times: user=1.23 sys=0.03, real=0.09 secs] 
7639.593: [GC 7639.594: [ParNew: 346541K->37964K(353920K), 0.1200627 secs] 2973050K->2675446K(3106432K) icms_dc=100 , 0.1216389 secs] [Times: user=1.30 sys=0.04, real=0.12 secs] 
7640.591: [GC 7640.592: [ParNew: 352588K->28277K(353920K), 0.1187087 secs] 2989462K->2676510K(3106432K) icms_dc=100 , 0.1202945 secs] [Times: user=1.44 sys=0.14, real=0.12 secs] 
7641.568: [GC 7641.569: [ParNew: 342901K->37594K(353920K), 0.0831918 secs] 2990857K->2685550K(3106432K) icms_dc=100 , 0.0847590 secs] [Times: user=1.04 sys=0.02, real=0.09 secs] 
7642.434: [GC 7642.435: [ParNew: 353134K->39296K(353920K), 0.0867022 secs] 3000743K->2698277K(3106432K) icms_dc=100 , 0.0882334 secs] [Times: user=1.27 sys=0.02, real=0.09 secs] 
7642.547: [GC 7642.547: [ParNew: 39942K->23648K(353920K), 0.1002025 secs] 2698922K->2713010K(3106432K) icms_dc=100 , 0.1013655 secs] [Times: user=1.22 sys=0.05, real=0.10 secs] 
7643.454: [GC 7643.455: [ParNew: 338689K->30420K(353920K), 0.0791151 secs] 3027723K->2719455K(3106432K) icms_dc=100 , 0.0806694 secs] [Times: user=0.99 sys=0.01, real=0.08 secs] 
7643.569: [GC 7643.569: [ParNew (promotion failed): 37165K->22468K(353920K), 0.4031397 secs] 2726198K->2734337K(3106432K) icms_dc=100 , 0.4043488 secs] [Times: user=1.52 sys=0.32, real=0.40 secs] 
GC locker: Trying a full collection because scavenge failed
7643.974: [Full GC 7643.974: [CMS7649.388: [CMS-concurrent-sweep: 11.319/13.787 secs] [Times: user=206.55 sys=6.98, real=13.79 secs] 
 (concurrent mode failure): 2711869K->1541896K(2752512K), 42.4934926 secs] 2734337K->1541896K(3106432K), [CMS Perm : 202482K->200867K(402264K)] icms_dc=100 , 42.4946242 secs] [Times: user=42.54 sys=0.02, real=42.50 secs] 
7686.570: [GC [1 CMS-initial-mark: 1541896K(2752512K)] 1542244K(3106432K), 0.2450886 secs] [Times: user=0.25 sys=0.00, real=0.25 secs] 
7686.816: [CMS-concurrent-mark-start]
7689.031: [GC 7689.032: [ParNew: 314624K->27518K(353920K), 0.0634250 secs] 1856520K->1569414K(3106432K) icms_dc=100 , 0.0649408 secs] [Times: user=0.89 sys=0.02, real=0.07 secs] 
7690.196: [GC 7690.197: [ParNew: 342691K->28795K(353920K), 0.1066543 secs] 1884588K->1587970K(3106432K) icms_dc=100 , 0.1082190 secs] [Times: user=1.23 sys=0.05, real=0.11 secs] 
7690.544: [GC 7690.544: [ParNew: 28898K->6027K(353920K), 0.0724117 secs] 1588074K->1588164K(3106432K) icms_dc=100 , 0.0735718 secs] [Times: user=0.90 sys=0.04, real=0.07 secs] 
7691.469: [GC 7691.470: [ParNew: 320651K->28788K(353920K), 0.0780131 secs] 1902788K->1610926K(3106432K) icms_dc=100 , 0.0795603 secs] [Times: user=1.01 sys=0.06, real=0.08 secs] 
7692.380: [GC 7692.381: [ParNew: 343368K->28579K(353920K), 0.0959513 secs] 1925505K->1624839K(3106432K) icms_dc=100 , 0.0975081 secs] [Times: user=1.25 sys=0.05, real=0.10 secs] 
7693.301: [GC 7693.302: [ParNew: 343203K->31008K(353920K), 0.1217363 secs] 1939463K->1637811K(3106432K) icms_dc=100 , 0.1232706 secs] [Times: user=1.29 sys=0.11, real=0.12 secs] 
7694.646: [GC 7694.647: [ParNew: 345632K->26200K(353920K), 0.0752803 secs] 1952435K->1642267K(3106432K) icms_dc=100 , 0.0769570 secs] [Times: user=1.02 sys=0.01, real=0.08 secs] 
7696.012: [GC 7696.013: [ParNew: 340824K->39296K(353920K), 0.0906190 secs] 1956891K->1655914K(3106432K) icms_dc=100 , 0.0922185 secs] [Times: user=1.01 sys=0.04, real=0.09 secs] 
7697.243: [GC 7697.244: [ParNew: 353920K->34010K(353920K), 0.1529624 secs] 1970553K->1672680K(3106432K) icms_dc=100 , 0.1544914 secs] [Times: user=1.37 sys=0.05, real=0.16 secs] 
7698.171: [GC 7698.172: [ParNew: 348634K->39296K(353920K), 0.0634457 secs] 1987304K->1678604K(3106432K) icms_dc=100 , 0.0650822 secs] [Times: user=1.02 sys=0.02, real=0.07 secs] 
7699.010: [GC 7699.011: [ParNew: 353920K->32536K(353920K), 0.0944057 secs] 1993228K->1689651K(3106432K) icms_dc=100 , 0.0959596 secs] [Times: user=1.29 sys=0.04, real=0.10 secs] 
7700.051: [GC 7700.052: [ParNew: 347160K->31072K(353920K), 0.1596901 secs] 2004275K->1698317K(3106432K) icms_dc=100 , 0.1612516 secs] [Times: user=1.40 sys=0.20, real=0.16 secs] 
7701.034: [GC 7701.035: [ParNew: 345696K->34741K(353920K), 0.0969793 secs] 2012941K->1701987K(3106432K) icms_dc=100 , 0.0986052 secs] [Times: user=1.18 sys=0.08, real=0.10 secs] 
7702.052: [GC 7702.053: [ParNew: 349642K->39296K(353920K), 0.1053608 secs] 2016888K->1715387K(3106432K) icms_dc=100 , 0.1068937 secs] [Times: user=1.20 sys=0.02, real=0.11 secs] 
7702.189: [GC 7702.190: [ParNew: 42944K->27001K(353920K), 0.0948931 secs] 1719036K->1733261K(3106432K) icms_dc=100 , 0.0960909 secs] [Times: user=1.10 sys=0.04, real=0.10 secs] 
7703.144: [GC 7703.146: [ParNew: 341625K->24903K(353920K), 0.0562963 secs] 2047885K->1731164K(3106432K) icms_dc=100 , 0.0579234 secs] [Times: user=0.81 sys=0.02, real=0.06 secs] 
7704.135: [GC 7704.136: [ParNew: 339527K->29558K(353920K), 0.0997850 secs] 2045788K->1748005K(3106432K) icms_dc=100 , 0.1013826 secs] [Times: user=1.12 sys=0.02, real=0.10 secs] 
7705.149: [GC 7705.150: [ParNew: 344182K->24163K(353920K), 0.0889163 secs] 2062629K->1752833K(3106432K) icms_dc=100 , 0.0904605 secs] [Times: user=1.02 sys=0.02, real=0.09 secs] 
7706.142: [GC 7706.155: [ParNew: 339101K->36480K(353920K), 0.0687712 secs] 2067771K->1765150K(3106432K) icms_dc=100 , 0.0703009 secs] [Times: user=0.92 sys=0.01, real=0.08 secs] 
7706.248: [GC 7706.249: [ParNew: 36878K->20952K(353920K), 0.1077254 secs] 1765549K->1779641K(3106432K) icms_dc=100 , 0.1088899 secs] [Times: user=1.08 sys=0.04, real=0.11 secs] 
7707.206: [GC 7707.207: [ParNew: 335576K->22737K(353920K), 0.0901279 secs] 2094265K->1781426K(3106432K) icms_dc=100 , 0.0917671 secs] [Times: user=0.83 sys=0.01, real=0.09 secs] 
7708.217: [GC 7708.218: [ParNew: 337418K->36769K(353920K), 0.0796251 secs] 2096107K->1795458K(3106432K) icms_dc=100 , 0.0811578 secs] [Times: user=0.96 sys=0.01, real=0.08 secs] 
7708.321: [GC 7708.322: [ParNew: 37326K->30404K(353920K), 0.0758546 secs] 1796016K->1800967K(3106432K) icms_dc=100 , 0.0770213 secs] [Times: user=1.04 sys=0.03, real=0.08 secs] 
7709.154: [CMS-concurrent-mark: 13.981/22.338 secs] [Times: user=507.54 sys=16.68, real=22.34 secs] 
7709.180: [CMS-concurrent-preclean-start]
7709.233: [GC 7709.234: [ParNew: 345774K->37249K(353920K), 0.1018077 secs] 2116337K->1807812K(3106432K) icms_dc=100 , 0.1033244 secs] [Times: user=1.12 sys=0.08, real=0.10 secs] 
7709.362: [GC 7709.363: [ParNew: 39555K->28597K(353920K), 0.0734233 secs] 1810118K->1807394K(3106432K) icms_dc=100 , 0.0746840 secs] [Times: user=0.95 sys=0.02, real=0.08 secs] 
7710.252: [GC 7710.253: [ParNew: 343221K->39296K(353920K), 0.1487765 secs] 2122018K->1819273K(3106432K) icms_dc=100 , 0.1503460 secs] [Times: user=1.58 sys=0.19, real=0.15 secs] 
7711.156: [GC 7711.157: [ParNew: 353920K->34710K(353920K), 0.0981093 secs] 2133897K->1834478K(3106432K) icms_dc=100 , 0.0996643 secs] [Times: user=1.27 sys=0.03, real=0.10 secs] 
7712.073: [GC 7712.074: [ParNew: 349334K->26472K(353920K), 0.0929591 secs] 2149102K->1835799K(3106432K) icms_dc=100 , 0.0945111 secs] [Times: user=1.06 sys=0.04, real=0.10 secs] 
7712.902: [GC 7712.903: [ParNew: 341096K->37447K(353920K), 0.0677144 secs] 2150423K->1846774K(3106432K) icms_dc=100 , 0.0692604 secs] [Times: user=1.02 sys=0.03, real=0.07 secs] 
7713.826: [GC 7713.828: [ParNew: 352071K->37226K(353920K), 0.0781961 secs] 2161398K->1854594K(3106432K) icms_dc=100 , 0.0798122 secs] [Times: user=1.07 sys=0.01, real=0.08 secs] 
7714.664: [GC 7714.665: [ParNew: 351850K->35348K(353920K), 0.1333725 secs] 2169218K->1869544K(3106432K) icms_dc=100 , 0.1350305 secs] [Times: user=1.27 sys=0.03, real=0.14 secs] 
7715.601: [GC 7715.602: [ParNew: 349972K->33677K(353920K), 0.1096064 secs] 2184168K->1867873K(3106432K) icms_dc=100 , 0.1111641 secs] [Times: user=1.05 sys=0.07, real=0.11 secs] 
7716.501: [GC 7716.502: [ParNew: 348301K->39295K(353920K), 0.1325563 secs] 2182497K->1881168K(3106432K) icms_dc=100 , 0.1341062 secs] [Times: user=1.40 sys=0.16, real=0.13 secs] 
7717.414: [GC 7717.416: [ParNew: 353919K->30116K(353920K), 0.0905259 secs] 2195792K->1890725K(3106432K) icms_dc=100 , 0.0921682 secs] [Times: user=1.22 sys=0.03, real=0.09 secs] 
7718.386: [GC 7718.387: [ParNew: 344740K->39192K(353920K), 0.0562868 secs] 2205349K->1899801K(3106432K) icms_dc=100 , 0.0578712 secs] [Times: user=0.90 sys=0.02, real=0.06 secs] 
7719.355: [GC 7719.356: [ParNew: 353816K->39296K(353920K), 0.1777390 secs] 2214425K->1912007K(3106432K) icms_dc=100 , 0.1792441 secs] [Times: user=1.34 sys=0.03, real=0.18 secs] 
7720.384: [GC 7720.385: [ParNew: 353920K->39296K(353920K), 0.1328939 secs] 2226631K->1921705K(3106432K) icms_dc=100 , 0.1344345 secs] [Times: user=1.35 sys=0.10, real=0.14 secs] 
7720.658: [CMS-concurrent-preclean: 8.813/11.477 secs] [Times: user=288.67 sys=10.19, real=11.48 secs] 
7720.659: [CMS-concurrent-abortable-preclean-start]
7721.394: [GC 7721.395: [ParNew: 353920K->39296K(353920K), 0.0993930 secs] 2236329K->1928903K(3106432K) icms_dc=100 , 0.1011044 secs] [Times: user=1.22 sys=0.05, real=0.10 secs] 
7722.051: [CMS-concurrent-abortable-preclean: 1.158/1.392 secs] [Times: user=36.75 sys=1.39, real=1.39 secs] 
7722.079: [GC[YG occupancy: 233891 K (353920 K)]7722.079: [Rescan (parallel) , 0.1588869 secs]7722.238: [weak refs processing, 0.0001406 secs] [1 CMS-remark: 1889607K(2752512K)] 2123499K(3106432K), 0.1596894 secs] [Times: user=2.53 sys=0.09, real=0.16 secs] 
7722.240: [CMS-concurrent-sweep-start]
7722.563: [GC 7722.564: [ParNew: 353920K->30938K(353920K), 0.1137541 secs] 2243514K->1935815K(3106432K) icms_dc=100 , 0.1153195 secs] [Times: user=1.25 sys=0.06, real=0.12 secs] 
7723.420: [GC 7723.421: [ParNew: 345562K->32593K(353920K), 0.1105173 secs] 2250228K->1937259K(3106432K) icms_dc=100 , 0.1120873 secs] [Times: user=1.23 sys=0.12, real=0.11 secs] 
7724.184: [GC 7724.185: [ParNew: 347217K->39296K(353920K), 0.1294090 secs] 2251694K->1952229K(3106432K) icms_dc=100 , 0.1309222 secs] [Times: user=1.39 sys=0.10, real=0.13 secs] 
7725.107: [GC 7725.108: [ParNew: 353920K->37157K(353920K), 0.1736270 secs] 2266254K->1957167K(3106432K) icms_dc=100 , 0.1751938 secs] [Times: user=1.45 sys=0.12, real=0.18 secs] 
7726.004: [GC 7726.005: [ParNew: 351781K->38022K(353920K), 0.1748928 secs] 2271355K->1964911K(3106432K) icms_dc=100 , 0.1764022 secs] [Times: user=1.63 sys=0.21, real=0.18 secs] 
7726.949: [GC 7726.950: [ParNew: 353070K->39296K(353920K), 0.1211926 secs] 2279911K->1974197K(3106432K) icms_dc=100 , 0.1228268 secs] [Times: user=1.11 sys=0.02, real=0.12 secs] 
7727.152: [GC 7727.152: [ParNew: 42776K->26899K(353920K), 0.1200668 secs] 1977677K->1991646K(3106432K) icms_dc=100 , 0.1212731 secs] [Times: user=1.20 sys=0.04, real=0.12 secs] 
7728.003: [GC 7728.004: [ParNew: 341523K->27077K(353920K), 0.0875666 secs] 2306082K->1991635K(3106432K) icms_dc=100 , 0.0892450 secs] [Times: user=0.91 sys=0.02, real=0.09 secs] 
7728.832: [GC 7728.833: [ParNew: 341701K->31911K(353920K), 0.0948589 secs] 2306017K->2011299K(3106432K) icms_dc=100 , 0.0963774 secs] [Times: user=1.18 sys=0.04, real=0.10 secs] 
7729.703: [GC 7729.704: [ParNew: 346535K->26197K(353920K), 0.0862645 secs] 2325879K->2016891K(3106432K) icms_dc=100 , 0.0878024 secs] [Times: user=1.15 sys=0.05, real=0.09 secs] 
7730.656: [GC 7730.657: [ParNew: 340877K->34793K(353920K), 0.1165935 secs] 2331485K->2025402K(3106432K) icms_dc=100 , 0.1182644 secs] [Times: user=1.09 sys=0.02, real=0.12 secs] 
7730.800: [GC 7730.801: [ParNew: 35493K->31866K(353920K), 0.1149468 secs] 2026102K->2031935K(3106432K) icms_dc=100 , 0.1161872 secs] [Times: user=1.00 sys=0.02, real=0.12 secs] 
7731.752: [GC 7731.753: [ParNew: 346997K->39296K(353920K), 0.1385467 secs] 2346953K->2040300K(3106432K) icms_dc=100 , 0.1400692 secs] [Times: user=1.36 sys=0.12, real=0.14 secs] 
7732.770: [GC 7732.771: [ParNew: 353913K->33581K(353920K), 0.1477111 secs] 2354367K->2053611K(3106432K) icms_dc=100 , 0.1492612 secs] [Times: user=1.53 sys=0.16, real=0.15 secs] 
7733.691: [GC 7733.692: [ParNew: 348205K->24656K(353920K), 0.1218270 secs] 2367799K->2054431K(3106432K) icms_dc=100 , 0.1233433 secs] [Times: user=0.99 sys=0.01, real=0.12 secs] 
7734.654: [GC 7734.655: [ParNew: 340027K->29348K(353920K), 0.0758788 secs] 2369710K->2068788K(3106432K) icms_dc=100 , 0.0774051 secs] [Times: user=1.11 sys=0.03, real=0.08 secs] 
7734.756: [GC 7734.757: [ParNew: 29725K->13347K(353920K), 0.0677704 secs] 2069165K->2076327K(3106432K) icms_dc=100 , 0.0689539 secs] [Times: user=0.86 sys=0.03, real=0.07 secs] 
7735.574: [GC 7735.575: [ParNew: 327971K->24722K(353920K), 0.1521419 secs] 2390907K->2087659K(3106432K) icms_dc=100 , 0.1536578 secs] [Times: user=1.22 sys=0.09, real=0.15 secs] 
7736.543: [GC 7736.544: [ParNew: 339346K->24917K(353920K), 0.1050076 secs] 2401277K->2099130K(3106432K) icms_dc=100 , 0.1065369 secs] [Times: user=1.22 sys=0.03, real=0.11 secs] 
7737.824: [GC 7737.825: [ParNew: 339541K->36592K(353920K), 0.0654755 secs] 2411606K->2108656K(3106432K) icms_dc=100 , 0.0670334 secs] [Times: user=0.91 sys=0.02, real=0.07 secs] 
7738.799: [GC 7738.800: [ParNew: 351216K->29261K(353920K), 0.0998882 secs] 2420834K->2119267K(3106432K) icms_dc=100 , 0.1014317 secs] [Times: user=1.17 sys=0.03, real=0.10 secs] 
7739.869: [CMS-concurrent-sweep: 13.660/17.629 secs] [Times: user=428.47 sys=14.77, real=17.63 secs] 
7739.871: [CMS-concurrent-reset-start]
7739.945: [GC 7739.946: [ParNew: 344253K->34568K(353920K), 0.0780861 secs] 2406007K->2096322K(3106432K) icms_dc=100 , 0.0797666 secs] [Times: user=1.06 sys=0.03, real=0.08 secs] 
7740.049: [GC 7740.049: [ParNew: 35033K->29291K(353920K), 0.0656470 secs] 2096786K->2100542K(3106432K) icms_dc=100 , 0.0668199 secs] [Times: user=0.93 sys=0.02, real=0.07 secs] 
7740.153: [CMS-concurrent-reset: 0.063/0.283 secs] [Times: user=3.77 sys=0.15, real=0.28 secs] 
7740.937: [GC 7740.938: [ParNew: 343915K->39099K(353920K), 0.0838078 secs] 2415166K->2110351K(3106432K) icms_dc=75 , 0.0853541 secs] [Times: user=1.04 sys=0.03, real=0.09 secs] 
7741.147: [GC [1 CMS-initial-mark: 2071251K(2752512K)] 2149710K(3106432K), 0.4670431 secs] [Times: user=0.47 sys=0.00, real=0.47 secs] 
7741.615: [CMS-concurrent-mark-start]
7742.415: [GC 7742.416: [ParNew: 353782K->39296K(353920K), 0.0876457 secs] 2425033K->2120925K(3106432K) icms_dc=75 , 0.0892624 secs] [Times: user=1.23 sys=0.02, real=0.09 secs] 
7742.528: [GC 7742.529: [ParNew: 39790K->31660K(353920K), 0.0647564 secs] 2121420K->2124388K(3106432K) icms_dc=75 , 0.0659502 secs] [Times: user=0.98 sys=0.02, real=0.07 secs] 
7743.540: [GC 7743.541: [ParNew: 347247K->36242K(353920K), 0.0802370 secs] 2439975K->2128970K(3106432K) icms_dc=75 , 0.0818008 secs] [Times: user=1.06 sys=0.05, real=0.08 secs] 
7743.646: [GC 7743.646: [ParNew: 36595K->19782K(353920K), 0.0941173 secs] 2129323K->2142484K(3106432K) icms_dc=75 , 0.0953588 secs] [Times: user=1.14 sys=0.04, real=0.10 secs] 
7744.601: [GC 7744.602: [ParNew: 334406K->19844K(353920K), 0.1019472 secs] 2457108K->2142545K(3106432K) icms_dc=75 , 0.1034891 secs] [Times: user=1.04 sys=0.02, real=0.10 secs] 
7745.466: [GC 7745.467: [ParNew: 334468K->39296K(353920K), 0.1235495 secs] 2457169K->2162420K(3106432K) icms_dc=75 , 0.1251200 secs] [Times: user=1.39 sys=0.15, real=0.13 secs] 
7746.379: [GC 7746.380: [ParNew: 353920K->31462K(353920K), 0.1723528 secs] 2477044K->2175965K(3106432K) icms_dc=85 , 0.1738751 secs] [Times: user=1.50 sys=0.05, real=0.17 secs] 
7747.389: [GC 7747.390: [ParNew: 346086K->36448K(353920K), 0.1181049 secs] 2490589K->2180951K(3106432K) icms_dc=85 , 0.1196257 secs] [Times: user=0.95 sys=0.01, real=0.12 secs] 
7748.396: [GC 7748.397: [ParNew: 351838K->31352K(353920K), 0.1450616 secs] 2496341K->2192880K(3106432K) icms_dc=86 , 0.1466751 secs] [Times: user=1.60 sys=0.11, real=0.15 secs] 
7748.567: [GC 7748.568: [ParNew: 31494K->6187K(353920K), 0.0770475 secs] 2193022K->2190752K(3106432K) icms_dc=100 , 0.0782573 secs] [Times: user=0.96 sys=0.04, real=0.08 secs] 
7749.456: [GC 7749.457: [ParNew: 320811K->21908K(353920K), 0.0736630 secs] 2505376K->2206474K(3106432K) icms_dc=100 , 0.0752303 secs] [Times: user=1.03 sys=0.06, real=0.08 secs] 
7750.347: [GC 7750.348: [ParNew: 336532K->39296K(353920K), 0.1222754 secs] 2521098K->2224349K(3106432K) icms_dc=100 , 0.1237511 secs] [Times: user=1.42 sys=0.16, real=0.12 secs] 
7751.242: [GC 7751.243: [ParNew: 353920K->32392K(353920K), 0.1383513 secs] 2538973K->2238227K(3106432K) icms_dc=100 , 0.1399499 secs] [Times: user=1.58 sys=0.09, real=0.14 secs] 
7752.199: [GC 7752.200: [ParNew: 347016K->29905K(353920K), 0.1461008 secs] 2552851K->2245170K(3106432K) icms_dc=100 , 0.1477356 secs] [Times: user=1.63 sys=0.16, real=0.15 secs] 
7753.555: [GC 7753.556: [ParNew: 344782K->39296K(353920K), 0.1995087 secs] 2560046K->2256455K(3106432K) icms_dc=100 , 0.2011583 secs] [Times: user=1.44 sys=0.18, real=0.20 secs] 
7753.780: [GC 7753.781: [ParNew: 39969K->20181K(353920K), 0.0973632 secs] 2257129K->2268246K(3106432K) icms_dc=100 , 0.0985591 secs] [Times: user=1.14 sys=0.04, real=0.10 secs] 
7755.014: [GC 7755.015: [ParNew: 334848K->30834K(353920K), 0.1119059 secs] 2582912K->2278898K(3106432K) icms_dc=100 , 0.1134565 secs] [Times: user=1.08 sys=0.08, real=0.11 secs] 
7755.235: [GC 7755.235: [ParNew: 75933K->14415K(353920K), 0.0885485 secs] 2323997K->2287665K(3106432K) icms_dc=100 , 0.0898190 secs] [Times: user=1.07 sys=0.02, real=0.09 secs] 
7756.182: [GC 7756.183: [ParNew: 329039K->28355K(353920K), 0.1254113 secs] 2602289K->2301606K(3106432K) icms_dc=100 , 0.1269287 secs] [Times: user=1.34 sys=0.10, real=0.13 secs] 
7757.208: [GC 7757.209: [ParNew: 342979K->32018K(353920K), 0.1260729 secs] 2616230K->2321177K(3106432K) icms_dc=100 , 0.1275835 secs] [Times: user=1.29 sys=0.02, real=0.13 secs] 
7758.164: [GC 7758.166: [ParNew: 346642K->34890K(353920K), 0.0830157 secs] 2635801K->2333819K(3106432K) icms_dc=100 , 0.0845876 secs] [Times: user=1.18 sys=0.03, real=0.09 secs] 
7759.121: [GC 7759.122: [ParNew: 349912K->23691K(353920K), 0.0867611 secs] 2648842K->2334922K(3106432K) icms_dc=100 , 0.0882784 secs] [Times: user=1.16 sys=0.02, real=0.09 secs] 
7759.233: [GC 7759.234: [ParNew: 24457K->21314K(353920K), 0.0539696 secs] 2335688K->2332545K(3106432K) icms_dc=100 , 0.0551067 secs] [Times: user=0.81 sys=0.04, real=0.06 secs] 
7760.013: [GC 7760.014: [ParNew: 335938K->33774K(353920K), 0.0913183 secs] 2647169K->2345005K(3106432K) icms_dc=100 , 0.0928867 secs] [Times: user=1.23 sys=0.07, real=0.09 secs] 
7760.965: [GC 7760.966: [ParNew: 348450K->39296K(353920K), 0.1854556 secs] 2659681K->2359526K(3106432K) icms_dc=100 , 0.1870768 secs] [Times: user=1.69 sys=0.27, real=0.19 secs] 
7761.176: [GC 7761.177: [ParNew: 39978K->32113K(353920K), 0.1023427 secs] 2360208K->2360731K(3106432K) icms_dc=100 , 0.1035209 secs] [Times: user=1.20 sys=0.10, real=0.10 secs] 
7762.080: [GC 7762.081: [ParNew: 347201K->39296K(353920K), 0.1144550 secs] 2675820K->2369211K(3106432K) icms_dc=100 , 0.1160363 secs] [Times: user=1.24 sys=0.09, real=0.12 secs] 
7762.219: [GC 7762.220: [ParNew: 39504K->12211K(353920K), 0.1058872 secs] 2369420K->2375008K(3106432K) icms_dc=100 , 0.1070734 secs] [Times: user=1.16 sys=0.04, real=0.11 secs] 
7763.146: [GC 7763.147: [ParNew: 326835K->27011K(353920K), 0.0552057 secs] 2689632K->2389808K(3106432K) icms_dc=100 , 0.0567593 secs] [Times: user=0.90 sys=0.01, real=0.06 secs] 
7764.102: [GC 7764.103: [ParNew: 341804K->27216K(353920K), 0.1363368 secs] 2704600K->2403823K(3106432K) icms_dc=100 , 0.1378667 secs] [Times: user=1.42 sys=0.13, real=0.14 secs] 
7764.264: [GC 7764.264: [ParNew: 27446K->10522K(353920K), 0.0707999 secs] 2404053K->2407534K(3106432K) icms_dc=100 , 0.0719632 secs] [Times: user=0.87 sys=0.03, real=0.07 secs] 
7764.702: [CMS-concurrent-mark: 16.481/23.086 secs] [Times: user=563.04 sys=17.86, real=23.09 secs] 
7764.703: [CMS-concurrent-preclean-start]
7765.191: [GC 7765.192: [ParNew: 325358K->23437K(353920K), 0.0728403 secs] 2722369K->2420448K(3106432K) icms_dc=100 , 0.0743591 secs] [Times: user=0.96 sys=0.03, real=0.07 secs] 
7765.291: [GC 7765.291: [ParNew: 23768K->7953K(353920K), 0.0795725 secs] 2420780K->2426608K(3106432K) icms_dc=100 , 0.0807342 secs] [Times: user=0.94 sys=0.04, real=0.08 secs] 
7766.243: [GC 7766.244: [ParNew: 322577K->20013K(353920K), 0.1005090 secs] 2741232K->2438668K(3106432K) icms_dc=100 , 0.1022643 secs] [Times: user=1.17 sys=0.09, real=0.10 secs] 
7767.150: [GC 7767.151: [ParNew: 334637K->35563K(353920K), 0.1167224 secs] 2753292K->2454218K(3106432K) icms_dc=100 , 0.1183417 secs] [Times: user=1.32 sys=0.14, real=0.12 secs] 
7768.173: [GC 7768.174: [ParNew: 350187K->37335K(353920K), 0.0922575 secs] 2768842K->2466151K(3106432K) icms_dc=100 , 0.0938206 secs] [Times: user=1.19 sys=0.02, real=0.09 secs] 
7769.246: [GC 7769.247: [ParNew: 351388K->37936K(353920K), 0.1068871 secs] 2780204K->2476706K(3106432K) icms_dc=100 , 0.1084773 secs] [Times: user=1.26 sys=0.04, real=0.11 secs] 
7770.289: [GC 7770.290: [ParNew: 352560K->39295K(353920K), 0.1261570 secs] 2791330K->2487083K(3106432K) icms_dc=100 , 0.1277416 secs] [Times: user=1.15 sys=0.02, real=0.13 secs] 
7771.470: [GC 7771.471: [ParNew: 353919K->39296K(353920K), 0.1071665 secs] 2801718K->2495626K(3106432K) icms_dc=100 , 0.1087226 secs] [Times: user=1.21 sys=0.02, real=0.11 secs] 
7772.492: [GC 7772.493: [ParNew: 353920K->30377K(353920K), 0.1407128 secs] 2810421K->2503441K(3106432K) icms_dc=100 , 0.1422756 secs] [Times: user=1.34 sys=0.08, real=0.14 secs] 
7772.657: [GC 7772.658: [ParNew: 30554K->24185K(353920K), 0.0423247 secs] 2503618K->2497250K(3106432K) icms_dc=100 , 0.0434581 secs] [Times: user=0.75 sys=0.03, real=0.04 secs] 
7773.589: [GC 7773.590: [ParNew: 338809K->35624K(353920K), 0.0934681 secs] 2811874K->2508688K(3106432K) icms_dc=100 , 0.0950321 secs] [Times: user=1.09 sys=0.04, real=0.10 secs] 
7773.830: [CMS-concurrent-preclean: 6.871/9.127 secs] [Times: user=217.56 sys=8.54, real=9.13 secs] 
7773.831: [CMS-concurrent-abortable-preclean-start]
7775.160: [GC 7775.161: [ParNew: 350259K->39296K(353920K), 0.1583937 secs] 2823324K->2521323K(3106432K) icms_dc=100 , 0.1599514 secs] [Times: user=1.46 sys=0.10, real=0.16 secs] 
7775.349: [GC 7775.349: [ParNew: 42129K->26459K(353920K), 0.0735623 secs] 2524157K->2519270K(3106432K) icms_dc=100 , 0.0747584 secs] [Times: user=1.05 sys=0.03, real=0.08 secs] 
7775.435: [CMS-concurrent-abortable-preclean: 0.607/1.604 secs] [Times: user=20.81 sys=0.84, real=1.61 secs] 
7775.481: [GC[YG occupancy: 45044 K (353920 K)]7775.482: [Rescan (parallel) , 0.1046847 secs]7775.587: [weak refs processing, 0.0274041 secs] [1 CMS-remark: 2492810K(2752512K)] 2537854K(3106432K), 0.1365401 secs] [Times: user=1.79 sys=0.03, real=0.14 secs] 
7775.619: [CMS-concurrent-sweep-start]
7776.294: [GC 7776.295: [ParNew: 341083K->32668K(353920K), 0.0951099 secs] 2833768K->2525353K(3106432K) icms_dc=100 , 0.0966257 secs] [Times: user=1.07 sys=0.01, real=0.10 secs] 
7777.181: [GC 7777.182: [ParNew: 347292K->39296K(353920K), 0.1369840 secs] 2839906K->2540236K(3106432K) icms_dc=100 , 0.1384615 secs] [Times: user=1.29 sys=0.02, real=0.14 secs] 
7778.257: [GC 7778.259: [ParNew: 353920K->31438K(353920K), 0.1095551 secs] 2854528K->2550396K(3106432K) icms_dc=100 , 0.1112987 secs] [Times: user=1.47 sys=0.04, real=0.11 secs] 
7779.160: [GC 7779.161: [ParNew: 346163K->30967K(353920K), 0.1049876 secs] 2864707K->2559998K(3106432K) icms_dc=100 , 0.1064896 secs] [Times: user=1.26 sys=0.04, real=0.11 secs] 
7779.290: [GC 7779.291: [ParNew: 31377K->13759K(353920K), 0.0808437 secs] 2560408K->2563819K(3106432K) icms_dc=100 , 0.0819904 secs] [Times: user=0.95 sys=0.03, real=0.08 secs] 
7780.141: [GC 7780.142: [ParNew: 328984K->26646K(353920K), 0.0635204 secs] 2877750K->2575413K(3106432K) icms_dc=100 , 0.0650200 secs] [Times: user=0.98 sys=0.02, real=0.07 secs] 
7780.945: [GC 7780.946: [ParNew: 341270K->27827K(353920K), 0.0999547 secs] 2889230K->2588417K(3106432K) icms_dc=100 , 0.1015332 secs] [Times: user=1.23 sys=0.05, real=0.10 secs] 
7781.863: [GC 7781.864: [ParNew: 341798K->32545K(353920K), 0.0898275 secs] 2902234K->2604324K(3106432K) icms_dc=100 , 0.0913477 secs] [Times: user=1.17 sys=0.02, real=0.09 secs] 
7782.719: [GC 7782.720: [ParNew: 347468K->32246K(353920K), 0.0981886 secs] 2918978K->2613651K(3106432K) icms_dc=100 , 0.0997385 secs] [Times: user=1.09 sys=0.02, real=0.10 secs] 
7782.843: [GC 7782.844: [ParNew: 33040K->19722K(353920K), 0.0944733 secs] 2614444K->2625520K(3106432K) icms_dc=100 , 0.0956456 secs] [Times: user=0.99 sys=0.04, real=0.10 secs] 
7783.805: [GC 7783.806: [ParNew: 334346K->26162K(353920K), 0.0810997 secs] 2939698K->2631514K(3106432K) icms_dc=100 , 0.0827220 secs] [Times: user=1.03 sys=0.03, real=0.08 secs] 
7784.678: [GC 7784.679: [ParNew: 340786K->31620K(353920K), 0.1689298 secs] 2946015K->2650519K(3106432K) icms_dc=100 , 0.1705141 secs] [Times: user=1.61 sys=0.23, real=0.17 secs] 
7785.704: [GC 7785.705: [ParNew: 346415K->34432K(353920K), 0.1624940 secs] 2965206K->2663007K(3106432K) icms_dc=100 , 0.1640260 secs] [Times: user=1.62 sys=0.18, real=0.16 secs] 
7785.892: [GC 7785.893: [ParNew: 34599K->8116K(353920K), 0.1238385 secs] 2663174K->2661146K(3106432K) icms_dc=100 , 0.1251186 secs] [Times: user=1.18 sys=0.16, real=0.13 secs] 
7786.831: [GC 7786.832: [ParNew: 322791K->24413K(353920K), 0.0603678 secs] 2975649K->2677270K(3106432K) icms_dc=100 , 0.0620545 secs] [Times: user=0.92 sys=0.02, real=0.06 secs] 
7786.916: [GC 7786.917: [ParNew: 24709K->5117K(353920K), 0.0825111 secs] 2677567K->2680248K(3106432K) icms_dc=100 , 0.0836908 secs] [Times: user=0.97 sys=0.03, real=0.08 secs] 
7787.862: [GC 7787.864: [ParNew: 319741K->22177K(353920K), 0.0950025 secs] 2994273K->2696709K(3106432K) icms_dc=100 , 0.0965702 secs] [Times: user=1.06 sys=0.08, real=0.10 secs] 
7788.963: [GC 7788.964: [ParNew: 336846K->26620K(353920K), 0.1133134 secs] 3010380K->2712125K(3106432K) icms_dc=100 , 0.1148634 secs] [Times: user=1.15 sys=0.03, real=0.12 secs] 
7789.102: [GC 7789.103: [ParNew: 27064K->12161K(353920K), 0.0783319 secs] 2712569K->2719724K(3106432K) icms_dc=100 , 0.0795224 secs] [Times: user=0.95 sys=0.03, real=0.08 secs] 
7790.025: [GC 7790.026: [ParNew: 328033K->24913K(353920K), 0.1442821 secs] 3035503K->2732383K(3106432K) icms_dc=100 , 0.1458707 secs] [Times: user=1.09 sys=0.07, real=0.15 secs] 
7790.212: [GC 7790.213: [ParNew (promotion failed): 35064K->21717K(353920K), 2.7944382 secs] 2742533K->2736998K(3106432K) icms_dc=100 , 2.7956577 secs] [Times: user=3.31 sys=2.55, real=2.80 secs] 
GC locker: Trying a full collection because scavenge failed
7793.009: [Full GC 7793.009: [CMS7796.523: [CMS-concurrent-sweep: 14.307/20.903 secs] [Times: user=365.14 sys=14.74, real=20.90 secs] 
 (concurrent mode failure): 2715281K->1540953K(2752512K), 41.1803547 secs] 2736998K->1540953K(3106432K), [CMS Perm : 202695K->200871K(402264K)] icms_dc=100 , 41.1814892 secs] [Times: user=41.22 sys=0.03, real=41.18 secs] 
7834.291: [GC [1 CMS-initial-mark: 1540953K(2752512K)] 1540995K(3106432K), 0.3086365 secs] [Times: user=0.31 sys=0.00, real=0.31 secs] 
7834.601: [CMS-concurrent-mark-start]
7836.554: [GC 7836.555: [ParNew: 314887K->23042K(353920K), 0.1454726 secs] 1855841K->1563996K(3106432K) icms_dc=100 , 0.1470523 secs] [Times: user=1.30 sys=0.21, real=0.15 secs] 
7837.782: [GC 7837.783: [ParNew: 337891K->24474K(353920K), 0.2088537 secs] 1878845K->1580628K(3106432K) icms_dc=100 , 0.2104077 secs] [Times: user=1.35 sys=0.06, real=0.21 secs] 
7838.241: [GC 7838.241: [ParNew: 24678K->27317K(353920K), 0.0682378 secs] 1580831K->1583471K(3106432K) icms_dc=100 , 0.0693748 secs] [Times: user=0.77 sys=0.03, real=0.07 secs] 
7839.418: [GC 7839.419: [ParNew: 341941K->38818K(353920K), 0.1348825 secs] 1898095K->1594971K(3106432K) icms_dc=100 , 0.1364544 secs] [Times: user=1.37 sys=0.17, real=0.14 secs] 
7840.698: [GC 7840.699: [ParNew: 353920K->39296K(353920K), 0.1392934 secs] 1910074K->1606333K(3106432K) icms_dc=100 , 0.1408180 secs] [Times: user=1.31 sys=0.02, real=0.14 secs] 
7840.930: [GC 7840.931: [ParNew: 39497K->6815K(353920K), 0.0931362 secs] 1606535K->1604258K(3106432K) icms_dc=100 , 0.0943060 secs] [Times: user=1.08 sys=0.05, real=0.09 secs] 
7842.023: [GC 7842.024: [ParNew: 321439K->27409K(353920K), 0.1883639 secs] 1918882K->1624852K(3106432K) icms_dc=100 , 0.1899201 secs] [Times: user=1.68 sys=0.34, real=0.19 secs] 
7843.302: [GC 7843.303: [ParNew: 342033K->30313K(353920K), 0.0917944 secs] 1939476K->1639441K(3106432K) icms_dc=100 , 0.0934369 secs] [Times: user=1.18 sys=0.02, real=0.09 secs] 
7844.233: [GC 7844.235: [ParNew: 344937K->23953K(353920K), 0.0788139 secs] 1954065K->1644965K(3106432K) icms_dc=100 , 0.0806565 secs] [Times: user=1.07 sys=0.02, real=0.08 secs] 
7845.272: [GC 7845.273: [ParNew: 338577K->38148K(353920K), 0.0688266 secs] 1959589K->1659160K(3106432K) icms_dc=100 , 0.0704090 secs] [Times: user=0.96 sys=0.02, real=0.07 secs] 
7846.374: [GC 7846.375: [ParNew: 352772K->32737K(353920K), 0.1384198 secs] 1973784K->1672784K(3106432K) icms_dc=100 , 0.1399851 secs] [Times: user=1.31 sys=0.02, real=0.14 secs] 
7847.299: [GC 7847.300: [ParNew: 347361K->34891K(353920K), 0.1243152 secs] 1987408K->1674938K(3106432K) icms_dc=100 , 0.1258343 secs] [Times: user=1.08 sys=0.05, real=0.13 secs] 
7848.307: [GC 7848.308: [ParNew: 349515K->28074K(353920K), 0.1176029 secs] 1989562K->1684481K(3106432K) icms_dc=100 , 0.1193210 secs] [Times: user=1.27 sys=0.03, real=0.12 secs] 
7849.350: [GC 7849.351: [ParNew: 342698K->30847K(353920K), 0.1068416 secs] 1999105K->1697518K(3106432K) icms_dc=100 , 0.1083982 secs] [Times: user=1.07 sys=0.02, real=0.11 secs] 
7850.380: [GC 7850.381: [ParNew: 345563K->31792K(353920K), 0.1223257 secs] 2012234K->1708605K(3106432K) icms_dc=100 , 0.1238710 secs] [Times: user=1.08 sys=0.01, real=0.12 secs] 
7850.528: [GC 7850.540: [ParNew: 32331K->12613K(353920K), 0.1547650 secs] 1709144K->1711776K(3106432K) icms_dc=100 , 0.1559579 secs] [Times: user=1.42 sys=0.24, real=0.17 secs] 
7851.511: [GC 7851.513: [ParNew: 327237K->26220K(353920K), 0.0806407 secs] 2026400K->1725383K(3106432K) icms_dc=100 , 0.0826717 secs] [Times: user=1.03 sys=0.01, real=0.08 secs] 
7852.459: [GC 7852.460: [ParNew: 340844K->25092K(353920K), 0.1065486 secs] 2040007K->1737367K(3106432K) icms_dc=100 , 0.1081391 secs] [Times: user=1.28 sys=0.03, real=0.11 secs] 
7853.383: [GC 7853.384: [ParNew: 340338K->39296K(353920K), 0.1426183 secs] 2052613K->1752347K(3106432K) icms_dc=100 , 0.1443420 secs] [Times: user=1.48 sys=0.18, real=0.15 secs] 
7853.552: [GC 7853.552: [ParNew: 39873K->20945K(353920K), 0.1008123 secs] 1752924K->1764773K(3106432K) icms_dc=100 , 0.1019824 secs] [Times: user=1.19 sys=0.05, real=0.10 secs] 
7854.448: [GC 7854.449: [ParNew: 335569K->32818K(353920K), 0.0820360 secs] 2079397K->1776645K(3106432K) icms_dc=100 , 0.0837327 secs] [Times: user=1.09 sys=0.06, real=0.08 secs] 
7855.436: [GC 7855.437: [ParNew: 347477K->30127K(353920K), 0.1077654 secs] 2091304K->1789165K(3106432K) icms_dc=100 , 0.1093485 secs] [Times: user=1.31 sys=0.05, real=0.11 secs] 
7855.571: [GC 7855.571: [ParNew: 30496K->9883K(353920K), 0.0694841 secs] 1789534K->1792060K(3106432K) icms_dc=100 , 0.0707297 secs] [Times: user=0.89 sys=0.03, real=0.07 secs] 
7856.417: [GC 7856.418: [ParNew: 324907K->25834K(353920K), 0.0755131 secs] 2107084K->1808011K(3106432K) icms_dc=100 , 0.0770527 secs] [Times: user=0.97 sys=0.02, real=0.08 secs] 
7856.519: [GC 7856.520: [ParNew: 26436K->11081K(353920K), 0.1112645 secs] 1808613K->1816597K(3106432K) icms_dc=100 , 0.1125532 secs] [Times: user=1.16 sys=0.08, real=0.11 secs] 
7857.616: [GC 7857.617: [ParNew: 326100K->26318K(353920K), 0.2009055 secs] 2131617K->1831834K(3106432K) icms_dc=100 , 0.2025979 secs] [Times: user=1.46 sys=0.25, real=0.20 secs] 
7857.964: [GC 7857.965: [ParNew: 26890K->4409K(353920K), 0.1978255 secs] 1832407K->1834361K(3106432K) icms_dc=100 , 0.1989857 secs] [Times: user=1.41 sys=0.24, real=0.20 secs] 
7859.223: [GC 7859.224: [ParNew: 319219K->25193K(353920K), 0.1667438 secs] 2149172K->1855145K(3106432K) icms_dc=100 , 0.1684571 secs] [Times: user=1.31 sys=0.14, real=0.17 secs] 
7859.415: [GC 7859.416: [ParNew: 25578K->7206K(353920K), 0.1270158 secs] 1855530K->1861686K(3106432K) icms_dc=100 , 0.1281834 secs] [Times: user=1.00 sys=0.03, real=0.13 secs] 
7860.173: [CMS-concurrent-mark: 15.048/25.572 secs] [Times: user=552.15 sys=18.99, real=25.57 secs] 
7860.174: [CMS-concurrent-preclean-start]
7860.395: [GC 7860.396: [ParNew: 321830K->22668K(353920K), 0.0633193 secs] 2176310K->1877149K(3106432K) icms_dc=100 , 0.0649795 secs] [Times: user=0.93 sys=0.01, real=0.07 secs] 
7861.268: [GC 7861.269: [ParNew: 337292K->24122K(353920K), 0.0887466 secs] 2191773K->1891629K(3106432K) icms_dc=100 , 0.0902781 secs] [Times: user=1.22 sys=0.03, real=0.09 secs] 
7862.110: [GC 7862.111: [ParNew: 338746K->35224K(353920K), 0.1180405 secs] 2206253K->1902731K(3106432K) icms_dc=100 , 0.1195282 secs] [Times: user=1.28 sys=0.10, real=0.12 secs] 
7863.137: [GC 7863.139: [ParNew: 349848K->35086K(353920K), 0.0925773 secs] 2217355K->1911964K(3106432K) icms_dc=100 , 0.0944444 secs] [Times: user=1.18 sys=0.02, real=0.10 secs] 
7864.073: [GC 7864.074: [ParNew: 349710K->38906K(353920K), 0.0892047 secs] 2226588K->1922549K(3106432K) icms_dc=100 , 0.0907859 secs] [Times: user=1.14 sys=0.02, real=0.09 secs] 
7865.203: [GC 7865.204: [ParNew: 353720K->29910K(353920K), 0.1038330 secs] 2238141K->1931869K(3106432K) icms_dc=100 , 0.1053953 secs] [Times: user=1.23 sys=0.04, real=0.11 secs] 
7865.338: [GC 7865.339: [ParNew: 30449K->22644K(353920K), 0.0592102 secs] 1932407K->1924603K(3106432K) icms_dc=100 , 0.0605308 secs] [Times: user=0.77 sys=0.03, real=0.06 secs] 
7866.308: [GC 7866.309: [ParNew: 337278K->39296K(353920K), 0.0989735 secs] 2239237K->1941489K(3106432K) icms_dc=100 , 0.1005956 secs] [Times: user=1.14 sys=0.04, real=0.10 secs] 
7866.433: [GC 7866.434: [ParNew: 39750K->12691K(353920K), 0.1162187 secs] 1941944K->1946977K(3106432K) icms_dc=100 , 0.1174163 secs] [Times: user=1.33 sys=0.06, real=0.12 secs] 
7867.488: [GC 7867.489: [ParNew: 327315K->24667K(353920K), 0.0760728 secs] 2261601K->1958952K(3106432K) icms_dc=100 , 0.0777236 secs] [Times: user=1.02 sys=0.02, real=0.08 secs] 
7868.431: [GC 7868.432: [ParNew: 339291K->23670K(353920K), 0.1129114 secs] 2273576K->1971100K(3106432K) icms_dc=100 , 0.1146104 secs] [Times: user=1.31 sys=0.03, real=0.12 secs] 
7869.309: [GC 7869.310: [ParNew: 338294K->39081K(353920K), 0.1545262 secs] 2285724K->1986511K(3106432K) icms_dc=100 , 0.1562047 secs] [Times: user=1.28 sys=0.10, real=0.16 secs] 
7870.750: [GC 7870.751: [ParNew: 353705K->34585K(353920K), 0.1282488 secs] 2301135K->1999070K(3106432K) icms_dc=100 , 0.1299912 secs] [Times: user=1.37 sys=0.02, real=0.13 secs] 
7871.740: [GC 7871.741: [ParNew: 349209K->27534K(353920K), 0.1088282 secs] 2313694K->2002041K(3106432K) icms_dc=100 , 0.1104351 secs] [Times: user=1.28 sys=0.06, real=0.11 secs] 
7872.597: [CMS-concurrent-preclean: 9.369/12.423 secs] [Times: user=292.65 sys=10.77, real=12.42 secs] 
7872.599: [CMS-concurrent-abortable-preclean-start]
7872.940: [GC 7872.941: [ParNew: 342358K->38969K(353920K), 0.0741865 secs] 2316865K->2013476K(3106432K) icms_dc=100 , 0.0758234 secs] [Times: user=0.99 sys=0.02, real=0.08 secs] 
7873.558: [CMS-concurrent-abortable-preclean: 0.813/0.959 secs] [Times: user=23.27 sys=0.82, real=0.96 secs] 
7873.587: [GC[YG occupancy: 262418 K (353920 K)]7873.587: [Rescan (parallel) , 0.1454769 secs]7873.733: [weak refs processing, 0.0009583 secs] [1 CMS-remark: 1974507K(2752512K)] 2236926K(3106432K), 0.1471420 secs] [Times: user=2.64 sys=0.06, real=0.15 secs] 
7873.735: [CMS-concurrent-sweep-start]
7873.970: [GC 7873.971: [ParNew: 353593K->36848K(353920K), 0.1137970 secs] 2328100K->2020072K(3106432K) icms_dc=100 , 0.1154849 secs] [Times: user=1.26 sys=0.02, real=0.12 secs] 
7874.903: [GC 7874.904: [ParNew: 351472K->39296K(353920K), 0.1356238 secs] 2334692K->2030801K(3106432K) icms_dc=100 , 0.1373307 secs] [Times: user=1.36 sys=0.05, real=0.14 secs] 
7875.876: [GC 7875.877: [ParNew: 353920K->39296K(353920K), 0.1685268 secs] 2345423K->2048352K(3106432K) icms_dc=100 , 0.1705814 secs] [Times: user=1.26 sys=0.04, real=0.17 secs] 
7876.947: [GC 7876.948: [ParNew: 353920K->33118K(353920K), 0.0937437 secs] 2362983K->2051514K(3106432K) icms_dc=100 , 0.0954082 secs] [Times: user=1.16 sys=0.03, real=0.10 secs] 
7877.067: [GC 7877.068: [ParNew: 33234K->5733K(353920K), 0.0899902 secs] 2051629K->2044846K(3106432K) icms_dc=100 , 0.0912005 secs] [Times: user=0.99 sys=0.03, real=0.09 secs] 
7878.007: [GC 7878.008: [ParNew: 320357K->20452K(353920K), 0.0874823 secs] 2359377K->2059472K(3106432K) icms_dc=100 , 0.0890777 secs] [Times: user=1.03 sys=0.07, real=0.09 secs] 
7878.918: [GC 7878.919: [ParNew: 335076K->36509K(353920K), 0.1756337 secs] 2374086K->2075519K(3106432K) icms_dc=100 , 0.1771905 secs] [Times: user=1.19 sys=0.01, real=0.18 secs] 
7880.026: [GC 7880.027: [ParNew: 351741K->30806K(353920K), 0.1160539 secs] 2390742K->2091836K(3106432K) icms_dc=100 , 0.1176054 secs] [Times: user=1.38 sys=0.05, real=0.12 secs] 
7880.174: [GC 7880.175: [ParNew: 33700K->21351K(353920K), 0.0835914 secs] 2094730K->2104153K(3106432K) icms_dc=100 , 0.0848267 secs] [Times: user=0.97 sys=0.03, real=0.09 secs] 
7881.158: [GC 7881.159: [ParNew: 335975K->26824K(353920K), 0.0853849 secs] 2418742K->2109590K(3106432K) icms_dc=100 , 0.0870245 secs] [Times: user=1.03 sys=0.04, real=0.09 secs] 
7882.114: [GC 7882.115: [ParNew: 341448K->24029K(353920K), 0.1365995 secs] 2424205K->2121246K(3106432K) icms_dc=100 , 0.1381507 secs] [Times: user=1.38 sys=0.09, real=0.14 secs] 
7883.119: [GC 7883.120: [ParNew: 338688K->38135K(353920K), 0.0908029 secs] 2435876K->2135323K(3106432K) icms_dc=100 , 0.0923724 secs] [Times: user=1.09 sys=0.02, real=0.09 secs] 
7883.236: [GC 7883.237: [ParNew: 38736K->20202K(353920K), 0.1014732 secs] 2135924K->2147622K(3106432K) icms_dc=100 , 0.1026906 secs] [Times: user=1.20 sys=0.06, real=0.10 secs] 
7884.186: [GC 7884.210: [ParNew: 335210K->25054K(353920K), 0.1185688 secs] 2462529K->2152373K(3106432K) icms_dc=100 , 0.1201027 secs] [Times: user=1.18 sys=0.12, real=0.14 secs] 
7884.356: [GC 7884.356: [ParNew: 25717K->11157K(353920K), 0.0948489 secs] 2153036K->2161177K(3106432K) icms_dc=100 , 0.0960499 secs] [Times: user=1.03 sys=0.06, real=0.10 secs] 
7885.374: [GC 7885.375: [ParNew: 325781K->25269K(353920K), 0.1058015 secs] 2475686K->2175174K(3106432K) icms_dc=100 , 0.1073568 secs] [Times: user=1.01 sys=0.08, real=0.11 secs] 
7886.473: [GC 7886.475: [ParNew: 339893K->25145K(353920K), 0.1215753 secs] 2489761K->2187982K(3106432K) icms_dc=100 , 0.1232077 secs] [Times: user=1.32 sys=0.07, real=0.12 secs] 
7887.448: [GC 7887.449: [ParNew: 339769K->30914K(353920K), 0.0742479 secs] 2502592K->2193737K(3106432K) icms_dc=100 , 0.0758679 secs] [Times: user=1.01 sys=0.01, real=0.08 secs] 
7888.517: [GC 7888.518: [ParNew: 345538K->35772K(353920K), 0.0959727 secs] 2508213K->2207262K(3106432K) icms_dc=100 , 0.0976090 secs] [Times: user=1.31 sys=0.04, real=0.10 secs] 
7889.391: [GC 7889.392: [ParNew: 350396K->36914K(353920K), 0.1166279 secs] 2514724K->2208176K(3106432K) icms_dc=100 , 0.1182346 secs] [Times: user=1.14 sys=0.01, real=0.12 secs] 
7890.147: [CMS-concurrent-sweep: 13.020/16.412 secs] [Times: user=392.03 sys=14.00, real=16.41 secs] 
7890.149: [CMS-concurrent-reset-start]
7890.194: [CMS-concurrent-reset: 0.045/0.045 secs] [Times: user=1.27 sys=0.06, real=0.05 secs] 
7890.304: [GC 7890.305: [ParNew: 351538K->37312K(353920K), 0.1065264 secs] 2500266K->2193717K(3106432K) icms_dc=75 , 0.1081363 secs] [Times: user=1.14 sys=0.01, real=0.11 secs] 
7890.543: [GC [1 CMS-initial-mark: 2156405K(2752512K)] 2233140K(3106432K), 0.5257214 secs] [Times: user=0.53 sys=0.00, real=0.53 secs] 
7891.070: [CMS-concurrent-mark-start]
7891.795: [GC 7891.796: [ParNew: 351936K->37867K(353920K), 0.0898647 secs] 2508341K->2200830K(3106432K) icms_dc=75 , 0.0914186 secs] [Times: user=1.19 sys=0.03, real=0.09 secs] 
7892.738: [GC 7892.739: [ParNew: 352491K->37386K(353920K), 0.1110859 secs] 2515454K->2207977K(3106432K) icms_dc=75 , 0.1128805 secs] [Times: user=1.22 sys=0.02, real=0.11 secs] 
7894.406: [GC 7894.407: [ParNew: 352010K->35754K(353920K), 0.1355925 secs] 2522601K->2222272K(3106432K) icms_dc=75 , 0.1372065 secs] [Times: user=1.32 sys=0.04, real=0.14 secs] 
7895.378: [GC 7895.379: [ParNew: 350446K->29687K(353920K), 0.0937149 secs] 2536964K->2224701K(3106432K) icms_dc=75 , 0.0953028 secs] [Times: user=1.17 sys=0.06, real=0.10 secs] 
7895.498: [GC 7895.499: [ParNew: 30510K->17856K(353920K), 0.1004795 secs] 2225524K->2235178K(3106432K) icms_dc=93 , 0.1017501 secs] [Times: user=0.95 sys=0.03, real=0.10 secs] 
7896.484: [GC 7896.485: [ParNew: 332480K->26526K(353920K), 0.0563447 secs] 2549802K->2243848K(3106432K) icms_dc=93 , 0.0578868 secs] [Times: user=0.87 sys=0.01, real=0.06 secs] 
7897.428: [GC 7897.429: [ParNew: 340882K->26216K(353920K), 0.1017123 secs] 2558204K->2257548K(3106432K) icms_dc=93 , 0.1033134 secs] [Times: user=1.27 sys=0.05, real=0.10 secs] 
7898.418: [GC 7898.419: [ParNew: 340899K->36030K(353920K), 0.0930870 secs] 2572230K->2267362K(3106432K) icms_dc=93 , 0.0947304 secs] [Times: user=1.17 sys=0.05, real=0.10 secs] 
7898.538: [GC 7898.538: [ParNew: 36213K->5700K(353920K), 0.1002854 secs] 2267544K->2266925K(3106432K) icms_dc=93 , 0.1014826 secs] [Times: user=1.21 sys=0.05, real=0.10 secs] 
7899.570: [GC 7899.571: [ParNew: 320394K->26233K(353920K), 0.0729364 secs] 2581619K->2287458K(3106432K) icms_dc=93 , 0.0745881 secs] [Times: user=0.93 sys=0.02, real=0.08 secs] 
7899.669: [GC 7899.670: [ParNew: 26523K->9283K(353920K), 0.0971983 secs] 2287748K->2293729K(3106432K) icms_dc=93 , 0.0983737 secs] [Times: user=1.03 sys=0.04, real=0.10 secs] 
7900.720: [GC 7900.721: [ParNew: 324525K->25967K(353920K), 0.0603856 secs] 2608970K->2310413K(3106432K) icms_dc=93 , 0.0620959 secs] [Times: user=0.89 sys=0.01, real=0.06 secs] 
7900.806: [GC 7900.807: [ParNew: 26675K->9123K(353920K), 0.1281416 secs] 2311120K->2317601K(3106432K) icms_dc=93 , 0.1293231 secs] [Times: user=1.23 sys=0.14, real=0.13 secs] 
7901.769: [GC 7901.771: [ParNew: 323747K->24438K(353920K), 0.1102831 secs] 2632225K->2332916K(3106432K) icms_dc=93 , 0.1119056 secs] [Times: user=1.18 sys=0.12, real=0.11 secs] 
7902.855: [GC 7902.856: [ParNew: 339062K->21781K(353920K), 0.2015060 secs] 2647540K->2342783K(3106432K) icms_dc=93 , 0.2030810 secs] [Times: user=1.79 sys=0.26, real=0.20 secs] 
7903.852: [GC 7903.854: [ParNew: 336405K->36858K(353920K), 0.1103397 secs] 2657407K->2357860K(3106432K) icms_dc=93 , 0.1119302 secs] [Times: user=1.05 sys=0.02, real=0.11 secs] 
7904.810: [GC 7904.811: [ParNew: 351482K->38172K(353920K), 0.0919237 secs] 2672484K->2367197K(3106432K) icms_dc=93 , 0.0935994 secs] [Times: user=1.27 sys=0.03, real=0.09 secs] 
7905.804: [GC 7905.806: [ParNew: 353014K->39296K(353920K), 0.1191641 secs] 2682039K->2377247K(3106432K) icms_dc=93 , 0.1207212 secs] [Times: user=1.23 sys=0.03, real=0.12 secs] 
7906.032: [GC 7906.032: [ParNew: 80313K->28534K(353920K), 0.1006034 secs] 2418265K->2395746K(3106432K) icms_dc=100 , 0.1018632 secs] [Times: user=1.24 sys=0.05, real=0.10 secs] 
7907.000: [GC 7907.001: [ParNew: 343158K->26357K(353920K), 0.1424500 secs] 2710370K->2393569K(3106432K) icms_dc=100 , 0.1439954 secs] [Times: user=1.41 sys=0.22, real=0.14 secs] 
7907.959: [GC 7907.961: [ParNew: 340981K->27591K(353920K), 0.1410943 secs] 2708193K->2408658K(3106432K) icms_dc=100 , 0.1426173 secs] [Times: user=1.33 sys=0.04, real=0.14 secs] 
7908.936: [GC 7908.937: [ParNew: 342215K->39296K(353920K), 0.0714101 secs] 2723282K->2421309K(3106432K) icms_dc=100 , 0.0729653 secs] [Times: user=1.00 sys=0.01, real=0.07 secs] 
7909.940: [GC 7909.941: [ParNew: 353920K->38551K(353920K), 0.1810029 secs] 2735933K->2437874K(3106432K) icms_dc=100 , 0.1824943 secs] [Times: user=1.82 sys=0.25, real=0.18 secs] 
7910.946: [GC 7910.947: [ParNew: 353175K->30857K(353920K), 0.1292317 secs] 2752498K->2439937K(3106432K) icms_dc=100 , 0.1309053 secs] [Times: user=1.42 sys=0.05, real=0.13 secs] 
7911.752: [CMS-concurrent-mark: 15.170/20.682 secs] [Times: user=502.63 sys=16.85, real=20.68 secs] 
7911.753: [CMS-concurrent-preclean-start]
7911.889: [GC 7911.891: [ParNew: 347798K->32936K(353920K), 0.0912080 secs] 2756878K->2452430K(3106432K) icms_dc=100 , 0.0927442 secs] [Times: user=1.21 sys=0.03, real=0.09 secs] 
7912.018: [GC 7912.019: [ParNew: 39423K->19146K(353920K), 0.0715238 secs] 2458918K->2459804K(3106432K) icms_dc=100 , 0.0727538 secs] [Times: user=0.91 sys=0.03, real=0.07 secs] 
7912.882: [GC 7912.883: [ParNew: 335542K->30376K(353920K), 0.0675669 secs] 2776200K->2471034K(3106432K) icms_dc=100 , 0.0691231 secs] [Times: user=1.01 sys=0.04, real=0.07 secs] 
7913.718: [GC 7913.719: [ParNew: 345000K->34393K(353920K), 0.1769643 secs] 2785658K->2489846K(3106432K) icms_dc=100 , 0.1785429 secs] [Times: user=1.65 sys=0.18, real=0.18 secs] 
7914.746: [GC 7914.747: [ParNew: 349165K->34001K(353920K), 0.2049850 secs] 2804618K->2499703K(3106432K) icms_dc=100 , 0.2065366 secs] [Times: user=1.68 sys=0.17, real=0.21 secs] 
7914.979: [GC 7914.979: [ParNew: 34293K->13299K(353920K), 0.0821369 secs] 2499995K->2504549K(3106432K) icms_dc=100 , 0.0832935 secs] [Times: user=1.01 sys=0.03, real=0.08 secs] 
7915.819: [GC 7915.820: [ParNew: 327979K->28568K(353920K), 0.2252377 secs] 2819229K->2519818K(3106432K) icms_dc=100 , 0.2270012 secs] [Times: user=1.76 sys=0.41, real=0.23 secs] 
7916.072: [GC 7916.117: [ParNew: 28732K->6924K(353920K), 0.1009025 secs] 2519981K->2523740K(3106432K) icms_dc=100 , 0.1021593 secs] [Times: user=1.18 sys=0.04, real=0.15 secs] 
7917.099: [GC 7917.100: [ParNew: 321586K->24120K(353920K), 0.0713412 secs] 2838403K->2540937K(3106432K) icms_dc=100 , 0.0729010 secs] [Times: user=0.92 sys=0.01, real=0.07 secs] 
7917.196: [GC 7917.197: [ParNew: 24533K->7659K(353920K), 0.0880340 secs] 2541350K->2546857K(3106432K) icms_dc=100 , 0.0892215 secs] [Times: user=1.03 sys=0.03, real=0.09 secs] 
7918.153: [GC 7918.154: [ParNew: 321669K->26130K(353920K), 0.0724340 secs] 2860868K->2565329K(3106432K) icms_dc=100 , 0.0739940 secs] [Times: user=0.91 sys=0.02, real=0.07 secs] 
7919.089: [GC 7919.090: [ParNew: 340754K->27615K(353920K), 0.1200311 secs] 2879953K->2580415K(3106432K) icms_dc=100 , 0.1215763 secs] [Times: user=1.37 sys=0.09, real=0.12 secs] 
7920.021: [GC 7920.022: [ParNew: 342352K->30279K(353920K), 0.1455444 secs] 2895152K->2595619K(3106432K) icms_dc=100 , 0.1470954 secs] [Times: user=1.46 sys=0.16, real=0.15 secs] 
7920.193: [GC 7920.193: [ParNew: 31477K->15744K(353920K), 0.0942900 secs] 2596817K->2603321K(3106432K) icms_dc=100 , 0.0954751 secs] [Times: user=0.92 sys=0.02, real=0.10 secs] 
7921.148: [GC 7921.149: [ParNew: 330368K->24656K(353920K), 0.1043148 secs] 2917945K->2612233K(3106432K) icms_dc=100 , 0.1058504 secs] [Times: user=1.00 sys=0.07, real=0.11 secs] 
7922.054: [GC 7922.055: [ParNew: 339280K->22623K(353920K), 0.1290681 secs] 2926857K->2622112K(3106432K) icms_dc=100 , 0.1307259 secs] [Times: user=1.45 sys=0.13, real=0.13 secs] 
7923.090: [GC 7923.092: [ParNew: 337145K->31865K(353920K), 0.1119719 secs] 2936634K->2631353K(3106432K) icms_dc=100 , 0.1135389 secs] [Times: user=1.28 sys=0.11, real=0.11 secs] 
7924.093: [GC 7924.094: [ParNew: 346489K->39295K(353920K), 0.1237918 secs] 2945977K->2648399K(3106432K) icms_dc=100 , 0.1253981 secs] [Times: user=1.30 sys=0.02, real=0.13 secs] 
7925.425: [GC 7925.426: [ParNew: 353919K->39296K(353920K), 0.1451203 secs] 2963023K->2659005K(3106432K) icms_dc=100 , 0.1467139 secs] [Times: user=1.30 sys=0.02, real=0.15 secs] 
7925.809: [CMS-concurrent-preclean: 9.902/14.056 secs] [Times: user=328.00 sys=12.47, real=14.06 secs] 
7925.810: [CMS-concurrent-abortable-preclean-start]
7926.401: [GC 7926.402: [ParNew: 353920K->38319K(353920K), 0.0979695 secs] 2973629K->2667923K(3106432K) icms_dc=100 , 0.0995644 secs] [Times: user=1.17 sys=0.02, real=0.10 secs] 
7927.330: [GC 7927.331: [ParNew: 352943K->39296K(353920K), 0.1121015 secs] 2982547K->2677519K(3106432K) icms_dc=100 , 0.1136698 secs] [Times: user=1.22 sys=0.03, real=0.11 secs] 
7927.614: [CMS-concurrent-abortable-preclean: 1.355/1.804 secs] [Times: user=45.30 sys=1.72, real=1.80 secs] 
7927.639: [GC[YG occupancy: 94065 K (353920 K)]7927.639: [Rescan (parallel) , 0.1075426 secs]7927.747: [weak refs processing, 0.0353933 secs] [1 CMS-remark: 2638223K(2752512K)] 2732289K(3106432K), 0.1490077 secs] [Times: user=1.95 sys=0.03, real=0.15 secs] 
7927.790: [CMS-concurrent-sweep-start]
7928.518: [GC 7928.519: [ParNew: 353920K->39296K(353920K), 0.2290106 secs] 2992071K->2687322K(3106432K) icms_dc=100 , 0.2306101 secs] [Times: user=1.83 sys=0.21, real=0.23 secs] 
7929.671: [GC 7929.673: [ParNew: 353786K->39296K(353920K), 0.1171556 secs] 3001309K->2694873K(3106432K) icms_dc=100 , 0.1188896 secs] [Times: user=1.17 sys=0.03, real=0.12 secs] 
7931.117: [GC 7931.118: [ParNew: 353920K->39296K(353920K), 0.1140903 secs] 3007011K->2700975K(3106432K) icms_dc=100 , 0.1156699 secs] [Times: user=1.35 sys=0.05, real=0.12 secs] 
7931.984: [GC 7931.985: [ParNew: 353920K->31062K(353920K), 0.1135790 secs] 3015264K->2711545K(3106432K) icms_dc=100 , 0.1152670 secs] [Times: user=1.35 sys=0.04, real=0.12 secs] 
7932.977: [GC 7932.978: [ParNew: 346349K->34636K(353920K), 0.0701443 secs] 3026432K->2714719K(3106432K) icms_dc=100 , 0.0717897 secs] [Times: user=1.01 sys=0.01, real=0.07 secs] 
7933.901: [GC 7933.902: [ParNew: 349260K->35184K(353920K), 0.1049428 secs] 3028568K->2721579K(3106432K) icms_dc=100 , 0.1066133 secs] [Times: user=1.38 sys=0.02, real=0.11 secs] 
7934.885: [GC 7934.886: [ParNew: 349808K->35388K(353920K), 0.1037519 secs] 3035885K->2730567K(3106432K) icms_dc=100 , 0.1052953 secs] [Times: user=1.19 sys=0.02, real=0.11 secs] 
7936.156: [GC 7936.157: [ParNew: 350012K->39070K(353920K), 0.1593893 secs] 3044721K->2740613K(3106432K) icms_dc=100 , 0.1609758 secs] [Times: user=1.52 sys=0.18, real=0.16 secs] 
7937.173: [GC 7937.174: [ParNew: 353815K->37662K(353920K), 0.1174605 secs] 3054462K->2747065K(3106432K) icms_dc=100 , 0.1190127 secs] [Times: user=1.30 sys=0.06, real=0.12 secs] 
7937.318: [GC 7937.318: [ParNew (promotion failed): 38182K->27691K(353920K), 0.5951681 secs] 2747584K->2741889K(3106432K) icms_dc=100 , 0.5963454 secs] [Times: user=1.51 sys=0.53, real=0.60 secs] 
GC locker: Trying a full collection because scavenge failed
7937.915: [Full GC 7937.916: [CMS7942.512: [CMS-concurrent-sweep: 11.366/14.722 secs] [Times: user=219.68 sys=8.42, real=14.72 secs] 
 (concurrent mode failure): 2714198K->1543218K(2752512K), 41.6166738 secs] 2741889K->1543218K(3106432K), [CMS Perm : 202370K->200876K(402264K)] icms_dc=100 , 41.6178102 secs] [Times: user=41.66 sys=0.03, real=41.62 secs] 
7979.634: [GC [1 CMS-initial-mark: 1543218K(2752512K)] 1543509K(3106432K), 0.2533216 secs] [Times: user=0.26 sys=0.00, real=0.25 secs] 
7979.889: [CMS-concurrent-mark-start]
7982.019: [GC 7982.020: [ParNew: 314624K->34552K(353920K), 0.1323631 secs] 1857842K->1577770K(3106432K) icms_dc=100 , 0.1339813 secs] [Times: user=1.13 sys=0.13, real=0.13 secs] 
7983.049: [GC 7983.050: [ParNew: 349176K->28574K(353920K), 0.1404546 secs] 1892394K->1588506K(3106432K) icms_dc=100 , 0.1419998 secs] [Times: user=1.36 sys=0.07, real=0.14 secs] 
7984.561: [GC 7984.562: [ParNew: 344079K->33564K(353920K), 0.1375984 secs] 1904011K->1604671K(3106432K) icms_dc=100 , 0.1393237 secs] [Times: user=1.37 sys=0.14, real=0.14 secs] 
7984.750: [GC 7984.750: [ParNew: 44987K->19091K(353920K), 0.0649657 secs] 1616094K->1612720K(3106432K) icms_dc=100 , 0.0662033 secs] [Times: user=0.84 sys=0.03, real=0.07 secs] 
7985.665: [GC 7985.667: [ParNew: 333715K->25595K(353920K), 0.0684836 secs] 1927344K->1619224K(3106432K) icms_dc=100 , 0.0700376 secs] [Times: user=0.88 sys=0.03, real=0.07 secs] 
7986.557: [GC 7986.558: [ParNew: 340219K->33115K(353920K), 0.1515205 secs] 1933848K->1639148K(3106432K) icms_dc=100 , 0.1530771 secs] [Times: user=1.15 sys=0.03, real=0.15 secs] 
7987.614: [GC 7987.615: [ParNew: 348162K->33103K(353920K), 0.0724457 secs] 1954196K->1648831K(3106432K) icms_dc=100 , 0.0739851 secs] [Times: user=0.98 sys=0.01, real=0.07 secs] 
7987.723: [GC 7987.723: [ParNew: 36827K->20259K(353920K), 0.0865668 secs] 1652554K->1661510K(3106432K) icms_dc=100 , 0.0877854 secs] [Times: user=0.84 sys=0.03, real=0.09 secs] 
7988.751: [GC 7988.752: [ParNew: 334883K->23779K(353920K), 0.0605824 secs] 1976134K->1665031K(3106432K) icms_dc=100 , 0.0621602 secs] [Times: user=0.81 sys=0.03, real=0.06 secs] 
7989.722: [GC 7989.723: [ParNew: 338403K->26036K(353920K), 0.1044025 secs] 1979655K->1679076K(3106432K) icms_dc=100 , 0.1060209 secs] [Times: user=1.20 sys=0.05, real=0.11 secs] 
7990.704: [GC 7990.705: [ParNew: 340660K->26791K(353920K), 0.0912836 secs] 1993700K->1691197K(3106432K) icms_dc=100 , 0.0928597 secs] [Times: user=1.04 sys=0.02, real=0.09 secs] 
7991.612: [GC 7991.613: [ParNew: 341415K->29374K(353920K), 0.1293819 secs] 2005821K->1703976K(3106432K) icms_dc=100 , 0.1309007 secs] [Times: user=1.27 sys=0.08, real=0.13 secs] 
7992.519: [GC 7992.520: [ParNew: 344170K->31088K(353920K), 0.0936382 secs] 2018772K->1715208K(3106432K) icms_dc=100 , 0.0952052 secs] [Times: user=1.11 sys=0.02, real=0.10 secs] 
7992.639: [GC 7992.640: [ParNew: 31285K->13476K(353920K), 0.0846881 secs] 1715406K->1717597K(3106432K) icms_dc=100 , 0.0858756 secs] [Times: user=0.91 sys=0.04, real=0.09 secs] 
7993.524: [GC 7993.525: [ParNew: 328100K->25104K(353920K), 0.1446386 secs] 2032221K->1729225K(3106432K) icms_dc=100 , 0.1461570 secs] [Times: user=1.34 sys=0.18, real=0.15 secs] 
7994.557: [GC 7994.558: [ParNew: 339728K->27793K(353920K), 0.0908625 secs] 2043849K->1743270K(3106432K) icms_dc=100 , 0.0923998 secs] [Times: user=1.13 sys=0.04, real=0.09 secs] 
7995.518: [GC 7995.520: [ParNew: 342554K->30248K(353920K), 0.0888254 secs] 2058031K->1756218K(3106432K) icms_dc=100 , 0.0904496 secs] [Times: user=1.20 sys=0.04, real=0.09 secs] 
7995.635: [GC 7995.636: [ParNew: 31295K->14602K(353920K), 0.0766975 secs] 1757265K->1761917K(3106432K) icms_dc=100 , 0.0778846 secs] [Times: user=0.89 sys=0.03, real=0.08 secs] 
7996.477: [GC 7996.478: [ParNew: 329226K->30262K(353920K), 0.0534016 secs] 2076541K->1777577K(3106432K) icms_dc=100 , 0.0549107 secs] [Times: user=0.85 sys=0.02, real=0.06 secs] 
7997.325: [GC 7997.326: [ParNew: 344886K->23177K(353920K), 0.1387204 secs] 2092201K->1786973K(3106432K) icms_dc=100 , 0.1402505 secs] [Times: user=1.48 sys=0.15, real=0.14 secs] 
7998.162: [GC 7998.163: [ParNew: 337999K->38247K(353920K), 0.0667217 secs] 2101795K->1802043K(3106432K) icms_dc=100 , 0.0683435 secs] [Times: user=1.00 sys=0.01, real=0.07 secs] 
7998.265: [GC 7998.266: [ParNew: 43392K->24269K(353920K), 0.1194069 secs] 1807188K->1818731K(3106432K) icms_dc=100 , 0.1205996 secs] [Times: user=1.24 sys=0.05, real=0.12 secs] 
7999.216: [GC 7999.217: [ParNew: 338893K->25834K(353920K), 0.0587139 secs] 2133355K->1820296K(3106432K) icms_dc=100 , 0.0603748 secs] [Times: user=0.84 sys=0.02, real=0.06 secs] 
8000.111: [GC 8000.112: [ParNew: 340458K->31641K(353920K), 0.1095212 secs] 2134920K->1838476K(3106432K) icms_dc=100 , 0.1110668 secs] [Times: user=1.28 sys=0.08, real=0.11 secs] 
8001.108: [GC 8001.109: [ParNew: 346265K->30032K(353920K), 0.1148781 secs] 2153100K->1848809K(3106432K) icms_dc=100 , 0.1164440 secs] [Times: user=1.31 sys=0.10, real=0.12 secs] 
8002.096: [GC 8002.097: [ParNew: 344656K->29720K(353920K), 0.1463215 secs] 2163433K->1859897K(3106432K) icms_dc=100 , 0.1479157 secs] [Times: user=1.53 sys=0.18, real=0.15 secs] 
8003.124: [CMS-concurrent-mark: 15.463/23.235 secs] [Times: user=554.10 sys=18.12, real=23.24 secs] 
8003.147: [GC 8003.149: [ParNew: 344361K->30328K(353920K), 0.1219757 secs] 2174539K->1871414K(3106432K) icms_dc=100 , 0.1234964 secs] [Times: user=1.28 sys=0.07, real=0.12 secs] 
8003.272: [CMS-concurrent-preclean-start]
8003.295: [GC 8003.296: [ParNew: 30861K->13263K(353920K), 0.0875666 secs] 1871948K->1876921K(3106432K) icms_dc=100 , 0.0887383 secs] [Times: user=1.00 sys=0.07, real=0.09 secs] 
8004.145: [GC 8004.146: [ParNew: 327182K->21787K(353920K), 0.1196279 secs] 2190841K->1885446K(3106432K) icms_dc=100 , 0.1211585 secs] [Times: user=1.08 sys=0.08, real=0.12 secs] 
8005.127: [GC 8005.128: [ParNew: 336411K->30031K(353920K), 0.0970743 secs] 2200070K->1905717K(3106432K) icms_dc=100 , 0.0986344 secs] [Times: user=1.10 sys=0.03, real=0.10 secs] 
8006.107: [GC 8006.108: [ParNew: 344702K->25879K(353920K), 0.0799461 secs] 2220388K->1914310K(3106432K) icms_dc=100 , 0.0815384 secs] [Times: user=1.04 sys=0.02, real=0.08 secs] 
8006.213: [GC 8006.213: [ParNew: 26440K->10532K(353920K), 0.0639063 secs] 1914871K->1918683K(3106432K) icms_dc=100 , 0.0650788 secs] [Times: user=0.81 sys=0.02, real=0.07 secs] 
8007.135: [GC 8007.137: [ParNew: 325156K->22723K(353920K), 0.1143119 secs] 2233307K->1930874K(3106432K) icms_dc=100 , 0.1158869 secs] [Times: user=1.16 sys=0.13, real=0.12 secs] 
8008.130: [GC 8008.132: [ParNew: 337347K->24559K(353920K), 0.1147904 secs] 2245498K->1943399K(3106432K) icms_dc=100 , 0.1163344 secs] [Times: user=1.30 sys=0.09, real=0.12 secs] 
8009.045: [GC 8009.047: [ParNew: 339183K->38019K(353920K), 0.0604020 secs] 2258023K->1956859K(3106432K) icms_dc=100 , 0.0619921 secs] [Times: user=0.94 sys=0.01, real=0.06 secs] 
8009.886: [GC 8009.887: [ParNew: 352643K->25007K(353920K), 0.1010313 secs] 2271483K->1963537K(3106432K) icms_dc=100 , 0.1025920 secs] [Times: user=1.16 sys=0.03, real=0.10 secs] 
8010.735: [GC 8010.736: [ParNew: 339631K->35184K(353920K), 0.0706003 secs] 2278161K->1973714K(3106432K) icms_dc=100 , 0.0721376 secs] [Times: user=1.05 sys=0.04, real=0.07 secs] 
8011.636: [GC 8011.637: [ParNew: 349808K->39296K(353920K), 0.1826244 secs] 2288338K->1987260K(3106432K) icms_dc=100 , 0.1842177 secs] [Times: user=1.52 sys=0.19, real=0.18 secs] 
8012.526: [GC 8012.527: [ParNew: 353920K->39296K(353920K), 0.1621464 secs] 2301884K->1996530K(3106432K) icms_dc=100 , 0.1636794 secs] [Times: user=1.55 sys=0.15, real=0.16 secs] 
8013.456: [GC 8013.458: [ParNew: 353920K->39296K(353920K), 0.2183162 secs] 2311161K->2005094K(3106432K) icms_dc=100 , 0.2199414 secs] [Times: user=1.73 sys=0.25, real=0.22 secs] 
8015.097: [GC 8015.098: [ParNew: 353920K->39296K(353920K), 0.1092601 secs] 2319898K->2014837K(3106432K) icms_dc=100 , 0.1108266 secs] [Times: user=1.16 sys=0.02, real=0.11 secs] 
8015.235: [GC 8015.235: [ParNew: 40355K->31269K(353920K), 0.1121664 secs] 2015896K->2015602K(3106432K) icms_dc=100 , 0.1133643 secs] [Times: user=1.10 sys=0.06, real=0.11 secs] 
8016.108: [GC 8016.109: [ParNew: 345893K->39296K(353920K), 0.1118154 secs] 2330226K->2025079K(3106432K) icms_dc=100 , 0.1133509 secs] [Times: user=1.17 sys=0.11, real=0.11 secs] 
8016.936: [GC 8016.937: [ParNew: 353920K->34666K(353920K), 0.1370025 secs] 2339703K->2039931K(3106432K) icms_dc=100 , 0.1385506 secs] [Times: user=1.40 sys=0.04, real=0.14 secs] 
8017.344: [CMS-concurrent-preclean: 10.161/14.072 secs] [Times: user=336.46 sys=12.18, real=14.07 secs] 
8017.345: [CMS-concurrent-abortable-preclean-start]
8017.826: [GC 8017.827: [ParNew: 349290K->30062K(353920K), 0.0932730 secs] 2354555K->2045476K(3106432K) icms_dc=100 , 0.0947971 secs] [Times: user=1.23 sys=0.08, real=0.10 secs] 
8018.033: [CMS-concurrent-abortable-preclean: 0.479/0.688 secs] [Times: user=16.21 sys=0.64, real=0.69 secs] 
8018.060: [GC[YG occupancy: 69577 K (353920 K)]8018.060: [Rescan (parallel) , 0.1060757 secs]8018.166: [weak refs processing, 0.0008493 secs] [1 CMS-remark: 2015414K(2752512K)] 2084992K(3106432K), 0.1075110 secs] [Times: user=1.80 sys=0.02, real=0.11 secs] 
8018.169: [CMS-concurrent-sweep-start]
8018.852: [GC 8018.853: [ParNew: 344686K->29918K(353920K), 0.1929986 secs] 2360097K->2056683K(3106432K) icms_dc=100 , 0.1945793 secs] [Times: user=1.37 sys=0.14, real=0.20 secs] 
8019.774: [GC 8019.775: [ParNew: 344473K->35042K(353920K), 0.0602992 secs] 2371237K->2061806K(3106432K) icms_dc=100 , 0.0618615 secs] [Times: user=0.95 sys=0.02, real=0.06 secs] 
8020.604: [GC 8020.605: [ParNew: 349666K->31343K(353920K), 0.0999086 secs] 2376406K->2077239K(3106432K) icms_dc=100 , 0.1014708 secs] [Times: user=1.22 sys=0.02, real=0.10 secs] 
8021.430: [GC 8021.431: [ParNew: 346023K->31263K(353920K), 0.1842038 secs] 2391903K->2087241K(3106432K) icms_dc=100 , 0.1857148 secs] [Times: user=1.45 sys=0.21, real=0.19 secs] 
8021.641: [GC 8021.641: [ParNew: 31816K->12695K(353920K), 0.1150200 secs] 2087795K->2091963K(3106432K) icms_dc=100 , 0.1161900 secs] [Times: user=1.09 sys=0.10, real=0.12 secs] 
8022.544: [GC 8022.545: [ParNew: 327319K->28573K(353920K), 0.0827732 secs] 2406529K->2107783K(3106432K) icms_dc=100 , 0.0842899 secs] [Times: user=1.12 sys=0.08, real=0.08 secs] 
8023.399: [GC 8023.400: [ParNew: 343197K->25829K(353920K), 0.1598797 secs] 2422329K->2118407K(3106432K) icms_dc=100 , 0.1614238 secs] [Times: user=1.61 sys=0.18, real=0.16 secs] 
8024.305: [GC 8024.306: [ParNew: 340453K->39296K(353920K), 0.0807003 secs] 2433025K->2132884K(3106432K) icms_dc=100 , 0.0822801 secs] [Times: user=0.91 sys=0.01, real=0.08 secs] 
8025.242: [GC 8025.243: [ParNew: 353920K->38548K(353920K), 0.1362274 secs] 2447956K->2151739K(3106432K) icms_dc=100 , 0.1377900 secs] [Times: user=1.27 sys=0.03, real=0.14 secs] 
8025.419: [GC 8025.419: [ParNew: 47915K->24623K(353920K), 0.0700140 secs] 2161106K->2163870K(3106432K) icms_dc=100 , 0.0712411 secs] [Times: user=0.92 sys=0.04, real=0.07 secs] 
8026.781: [GC 8026.782: [ParNew: 339247K->32067K(353920K), 0.2301533 secs] 2478434K->2171254K(3106432K) icms_dc=100 , 0.2317584 secs] [Times: user=1.94 sys=0.44, real=0.23 secs] 
8027.893: [GC 8027.894: [ParNew: 347369K->27541K(353920K), 0.1451441 secs] 2486532K->2181707K(3106432K) icms_dc=100 , 0.1468726 secs] [Times: user=1.39 sys=0.07, real=0.15 secs] 
8028.066: [GC 8028.067: [ParNew: 27864K->9308K(353920K), 0.1225348 secs] 2182030K->2185256K(3106432K) icms_dc=100 , 0.1242164 secs] [Times: user=1.06 sys=0.07, real=0.12 secs] 
8029.050: [GC 8029.051: [ParNew: 323932K->31352K(353920K), 0.1462466 secs] 2499856K->2207276K(3106432K) icms_dc=100 , 0.1478440 secs] [Times: user=1.37 sys=0.18, real=0.15 secs] 
8030.050: [GC 8030.052: [ParNew: 345976K->25968K(353920K), 0.1334519 secs] 2521803K->2216528K(3106432K) icms_dc=100 , 0.1350104 secs] [Times: user=1.43 sys=0.10, real=0.14 secs] 
8031.029: [GC 8031.030: [ParNew: 340592K->36505K(353920K), 0.0710289 secs] 2531120K->2227034K(3106432K) icms_dc=100 , 0.0725919 secs] [Times: user=1.03 sys=0.04, real=0.07 secs] 
8031.876: [GC 8031.891: [ParNew: 351129K->25958K(353920K), 0.0866606 secs] 2541657K->2234692K(3106432K) icms_dc=100 , 0.0882250 secs] [Times: user=1.14 sys=0.04, real=0.10 secs] 
8032.940: [GC 8032.942: [ParNew: 340582K->39295K(353920K), 0.1097984 secs] 2549295K->2250438K(3106432K) icms_dc=100 , 0.1113940 secs] [Times: user=1.07 sys=0.05, real=0.11 secs] 
8033.908: [GC 8033.909: [ParNew: 353918K->39296K(353920K), 0.1240237 secs] 2565022K->2260664K(3106432K) icms_dc=100 , 0.1255707 secs] [Times: user=1.20 sys=0.04, real=0.13 secs] 
8034.953: [GC 8034.954: [ParNew: 353920K->34426K(353920K), 0.0851584 secs] 2574436K->2264440K(3106432K) icms_dc=100 , 0.0867259 secs] [Times: user=1.11 sys=0.02, real=0.09 secs] 
8035.703: [CMS-concurrent-sweep: 13.578/17.535 secs] [Times: user=426.10 sys=15.42, real=17.54 secs] 
8035.705: [CMS-concurrent-reset-start]
8035.787: [CMS-concurrent-reset: 0.081/0.081 secs] [Times: user=2.54 sys=0.09, real=0.08 secs] 
8035.942: [GC 8035.943: [ParNew: 349050K->39296K(353920K), 0.0957241 secs] 2549582K->2248211K(3106432K) icms_dc=75 , 0.0973015 secs] [Times: user=1.03 sys=0.01, real=0.10 secs] 
8036.157: [GC [1 CMS-initial-mark: 2208915K(2752512K)] 2287621K(3106432K), 0.4869866 secs] [Times: user=0.49 sys=0.00, real=0.49 secs] 
8036.646: [CMS-concurrent-mark-start]
8037.438: [GC 8037.440: [ParNew: 353920K->31725K(353920K), 0.0978736 secs] 2562835K->2247686K(3106432K) icms_dc=76 , 0.0994428 secs] [Times: user=1.25 sys=0.07, real=0.10 secs] 
8038.442: [GC 8038.443: [ParNew: 346368K->39296K(353920K), 0.1363848 secs] 2562329K->2263026K(3106432K) icms_dc=77 , 0.1379173 secs] [Times: user=1.35 sys=0.13, real=0.14 secs] 
8038.604: [GC 8038.605: [ParNew: 39577K->32559K(353920K), 0.0724499 secs] 2263308K->2263872K(3106432K) icms_dc=96 , 0.0736280 secs] [Times: user=0.97 sys=0.03, real=0.07 secs] 
8039.530: [GC 8039.531: [ParNew: 347183K->38278K(353920K), 0.0809584 secs] 2578496K->2269591K(3106432K) icms_dc=96 , 0.0824832 secs] [Times: user=1.01 sys=0.04, real=0.08 secs] 
8040.554: [GC 8040.555: [ParNew: 352791K->24483K(353920K), 0.0985308 secs] 2584104K->2275121K(3106432K) icms_dc=100 , 0.1001177 secs] [Times: user=1.20 sys=0.04, real=0.10 secs] 
8041.603: [GC 8041.604: [ParNew: 339107K->36462K(353920K), 0.1836806 secs] 2589745K->2287099K(3106432K) icms_dc=100 , 0.1852213 secs] [Times: user=1.57 sys=0.27, real=0.19 secs] 
8042.533: [GC 8042.534: [ParNew: 351086K->39296K(353920K), 0.1117808 secs] 2601723K->2298189K(3106432K) icms_dc=100 , 0.1132894 secs] [Times: user=1.29 sys=0.03, real=0.11 secs] 
8043.600: [GC 8043.601: [ParNew: 353920K->39296K(353920K), 0.1166736 secs] 2612813K->2309091K(3106432K) icms_dc=100 , 0.1182299 secs] [Times: user=1.26 sys=0.02, real=0.12 secs] 
8044.441: [GC 8044.442: [ParNew: 353920K->34220K(353920K), 0.0942164 secs] 2623715K->2321921K(3106432K) icms_dc=100 , 0.0957697 secs] [Times: user=1.23 sys=0.03, real=0.10 secs] 
8045.344: [GC 8045.345: [ParNew: 349037K->29171K(353920K), 0.0812448 secs] 2636739K->2325859K(3106432K) icms_dc=100 , 0.0827372 secs] [Times: user=1.04 sys=0.03, real=0.08 secs] 
8045.452: [GC 8045.452: [ParNew: 29639K->16501K(353920K), 0.0766671 secs] 2326327K->2333722K(3106432K) icms_dc=100 , 0.0778389 secs] [Times: user=0.88 sys=0.03, real=0.08 secs] 
8046.350: [GC 8046.351: [ParNew: 331125K->24240K(353920K), 0.1079057 secs] 2648346K->2341460K(3106432K) icms_dc=100 , 0.1094656 secs] [Times: user=1.11 sys=0.12, real=0.11 secs] 
8047.334: [GC 8047.335: [ParNew: 339667K->24041K(353920K), 0.0933242 secs] 2656888K->2354165K(3106432K) icms_dc=100 , 0.0949120 secs] [Times: user=1.23 sys=0.02, real=0.10 secs] 
8047.457: [GC 8047.458: [ParNew: 24876K->25733K(353920K), 0.0483604 secs] 2355001K->2355858K(3106432K) icms_dc=100 , 0.0496229 secs] [Times: user=0.76 sys=0.02, real=0.05 secs] 
8048.415: [GC 8048.416: [ParNew: 340357K->39296K(353920K), 0.1070979 secs] 2670482K->2370714K(3106432K) icms_dc=100 , 0.1087291 secs] [Times: user=1.17 sys=0.04, real=0.11 secs] 
8049.471: [GC 8049.472: [ParNew: 353920K->36328K(353920K), 0.1323101 secs] 2685338K->2386818K(3106432K) icms_dc=100 , 0.1338305 secs] [Times: user=1.35 sys=0.06, real=0.13 secs] 
8050.574: [GC 8050.575: [ParNew: 350952K->25286K(353920K), 0.0838231 secs] 2701442K->2383833K(3106432K) icms_dc=100 , 0.0853501 secs] [Times: user=1.10 sys=0.02, real=0.09 secs] 
8051.435: [GC 8051.436: [ParNew: 339910K->32285K(353920K), 0.1078253 secs] 2698457K->2390832K(3106432K) icms_dc=100 , 0.1093425 secs] [Times: user=1.21 sys=0.08, real=0.11 secs] 
8052.371: [GC 8052.372: [ParNew: 346909K->39296K(353920K), 0.0904261 secs] 2705456K->2404732K(3106432K) icms_dc=100 , 0.0920075 secs] [Times: user=1.12 sys=0.03, real=0.09 secs] 
8053.269: [GC 8053.271: [ParNew: 353920K->39296K(353920K), 0.1279209 secs] 2719523K->2414141K(3106432K) icms_dc=100 , 0.1298412 secs] [Times: user=1.23 sys=0.03, real=0.13 secs] 
8053.883: [CMS-concurrent-mark: 13.748/17.237 secs] [Times: user=442.84 sys=14.65, real=17.24 secs] 
8053.884: [CMS-concurrent-preclean-start]
8054.214: [GC 8054.215: [ParNew: 353920K->32167K(353920K), 0.1052102 secs] 2728765K->2423651K(3106432K) icms_dc=100 , 0.1067856 secs] [Times: user=1.36 sys=0.04, real=0.11 secs] 
8055.068: [GC 8055.069: [ParNew: 346791K->36310K(353920K), 0.1161480 secs] 2738275K->2427794K(3106432K) icms_dc=100 , 0.1177070 secs] [Times: user=1.28 sys=0.12, real=0.12 secs] 
8056.010: [GC 8056.011: [ParNew: 350964K->36110K(353920K), 0.0893445 secs] 2742448K->2436812K(3106432K) icms_dc=100 , 0.0908986 secs] [Times: user=1.13 sys=0.01, real=0.09 secs] 
8056.126: [GC 8056.126: [ParNew: 36685K->36185K(353920K), 0.1386909 secs] 2437388K->2446915K(3106432K) icms_dc=100 , 0.1398753 secs] [Times: user=1.11 sys=0.07, real=0.14 secs] 
8057.029: [GC 8057.030: [ParNew: 350809K->39296K(353920K), 0.1102056 secs] 2761539K->2451028K(3106432K) icms_dc=100 , 0.1117517 secs] [Times: user=0.97 sys=0.02, real=0.11 secs] 
8057.858: [GC 8057.859: [ParNew: 353920K->30257K(353920K), 0.1095819 secs] 2767089K->2465589K(3106432K) icms_dc=100 , 0.1111230 secs] [Times: user=1.37 sys=0.03, real=0.11 secs] 
8058.756: [GC 8058.757: [ParNew: 344881K->32949K(353920K), 0.1000620 secs] 2780213K->2478728K(3106432K) icms_dc=100 , 0.1016135 secs] [Times: user=1.04 sys=0.02, real=0.10 secs] 
8059.639: [GC 8059.640: [ParNew: 347557K->33727K(353920K), 0.1010798 secs] 2793336K->2491105K(3106432K) icms_dc=100 , 0.1026359 secs] [Times: user=1.22 sys=0.04, real=0.10 secs] 
8060.584: [GC 8060.586: [ParNew: 348351K->33774K(353920K), 0.1236423 secs] 2805729K->2502609K(3106432K) icms_dc=100 , 0.1253074 secs] [Times: user=1.30 sys=0.07, real=0.13 secs] 
8061.605: [GC 8061.606: [ParNew: 348833K->36880K(353920K), 0.1442073 secs] 2817668K->2516001K(3106432K) icms_dc=100 , 0.1457358 secs] [Times: user=1.26 sys=0.05, real=0.15 secs] 
8061.775: [GC 8061.776: [ParNew: 37458K->17639K(353920K), 0.0983259 secs] 2516579K->2525809K(3106432K) icms_dc=100 , 0.0995047 secs] [Times: user=0.93 sys=0.03, real=0.10 secs] 
8062.662: [GC 8062.664: [ParNew: 332263K->38489K(353920K), 0.0722451 secs] 2840433K->2546659K(3106432K) icms_dc=100 , 0.0738226 secs] [Times: user=0.88 sys=0.01, real=0.07 secs] 
8063.669: [GC 8063.670: [ParNew: 353113K->37410K(353920K), 0.1089562 secs] 2861283K->2557322K(3106432K) icms_dc=100 , 0.1105564 secs] [Times: user=1.20 sys=0.04, real=0.11 secs] 
8064.659: [GC 8064.661: [ParNew: 352034K->29016K(353920K), 0.1022051 secs] 2871946K->2561622K(3106432K) icms_dc=100 , 0.1037448 secs] [Times: user=1.23 sys=0.06, real=0.10 secs] 
8065.641: [GC 8065.642: [ParNew: 345262K->29621K(353920K), 0.1015479 secs] 2877868K->2571990K(3106432K) icms_dc=100 , 0.1031424 secs] [Times: user=1.27 sys=0.05, real=0.10 secs] 
8065.772: [GC 8065.773: [ParNew: 30755K->16762K(353920K), 0.1212674 secs] 2573125K->2579135K(3106432K) icms_dc=100 , 0.1224401 secs] [Times: user=1.24 sys=0.13, real=0.12 secs] 
8066.371: [CMS-concurrent-preclean: 9.154/12.487 secs] [Times: user=314.49 sys=10.95, real=12.49 secs] 
8066.372: [CMS-concurrent-abortable-preclean-start]
8066.649: [GC 8066.650: [ParNew: 331855K->22157K(353920K), 0.0736225 secs] 2894227K->2584530K(3106432K) icms_dc=100 , 0.0751665 secs] [Times: user=1.00 sys=0.04, real=0.09 secs] 
8066.767: [GC 8066.767: [ParNew: 22746K->8602K(353920K), 0.0942927 secs] 2585119K->2591384K(3106432K) icms_dc=100 , 0.0956710 secs] [Times: user=1.02 sys=0.05, real=0.10 secs] 
8067.234: [CMS-concurrent-abortable-preclean: 0.560/0.862 secs] [Times: user=20.12 sys=0.64, real=0.86 secs] 
8067.263: [GC[YG occupancy: 167589 K (353920 K)]8067.263: [Rescan (parallel) , 0.1226625 secs]8067.386: [weak refs processing, 0.0356476 secs] [1 CMS-remark: 2582781K(2752512K)] 2750371K(3106432K), 0.1646370 secs] [Times: user=2.39 sys=0.02, real=0.17 secs] 
8067.429: [CMS-concurrent-sweep-start]
8067.912: [GC 8067.913: [ParNew: 323190K->23701K(353920K), 0.0638849 secs] 2905940K->2606451K(3106432K) icms_dc=100 , 0.0654109 secs] [Times: user=0.92 sys=0.02, real=0.07 secs] 
8068.688: [GC 8068.689: [ParNew: 338325K->24949K(353920K), 0.1249664 secs] 2921005K->2620241K(3106432K) icms_dc=100 , 0.1265055 secs] [Times: user=1.29 sys=0.09, real=0.13 secs] 
8069.708: [GC 8069.709: [ParNew: 339573K->27307K(353920K), 0.0833698 secs] 2933743K->2632950K(3106432K) icms_dc=100 , 0.0849323 secs] [Times: user=1.04 sys=0.02, real=0.09 secs] 
8071.062: [GC 8071.063: [ParNew: 341931K->26727K(353920K), 0.0901108 secs] 2944068K->2639595K(3106432K) icms_dc=100 , 0.0916916 secs] [Times: user=1.16 sys=0.02, real=0.09 secs] 
8072.013: [GC 8072.015: [ParNew: 341351K->39165K(353920K), 0.1316923 secs] 2953962K->2651777K(3106432K) icms_dc=100 , 0.1333268 secs] [Times: user=1.40 sys=0.15, real=0.13 secs] 
8073.036: [GC 8073.037: [ParNew: 353789K->31343K(353920K), 0.1647516 secs] 2965445K->2661293K(3106432K) icms_dc=100 , 0.1664531 secs] [Times: user=1.41 sys=0.11, real=0.17 secs] 
8073.996: [GC 8073.997: [ParNew: 345967K->33346K(353920K), 0.1306716 secs] 2975343K->2662722K(3106432K) icms_dc=100 , 0.1322445 secs] [Times: user=1.23 sys=0.12, real=0.13 secs] 
8074.827: [GC 8074.828: [ParNew: 347970K->34905K(353920K), 0.1836268 secs] 2976114K->2671673K(3106432K) icms_dc=100 , 0.1851257 secs] [Times: user=1.22 sys=0.02, real=0.19 secs] 
8075.735: [GC 8075.736: [ParNew: 349568K->39296K(353920K), 0.0947974 secs] 2985480K->2683688K(3106432K) icms_dc=100 , 0.0963193 secs] [Times: user=1.21 sys=0.02, real=0.10 secs] 
8075.856: [GC 8075.857: [ParNew: 39587K->19264K(353920K), 0.1273607 secs] 2683979K->2691921K(3106432K) icms_dc=100 , 0.1285525 secs] [Times: user=1.27 sys=0.11, real=0.13 secs] 
8076.751: [GC 8076.752: [ParNew: 333888K->24905K(353920K), 0.1483873 secs] 3006066K->2697082K(3106432K) icms_dc=100 , 0.1499252 secs] [Times: user=1.29 sys=0.14, real=0.15 secs] 
8077.769: [GC 8077.770: [ParNew: 339680K->27586K(353920K), 0.0987072 secs] 3011623K->2711840K(3106432K) icms_dc=100 , 0.1003037 secs] [Times: user=1.19 sys=0.03, real=0.10 secs] 
8078.668: [GC 8078.669: [ParNew: 342436K->29332K(353920K), 0.1653192 secs] 3024722K->2722814K(3106432K) icms_dc=100 , 0.1668475 secs] [Times: user=1.45 sys=0.12, real=0.17 secs] 
8078.860: [GC 8078.861: [ParNew (promotion failed): 29862K->15440K(353920K), 0.5405591 secs] 2723341K->2728362K(3106432K) icms_dc=100 , 0.5417367 secs] [Times: user=1.32 sys=0.46, real=0.54 secs] 
GC locker: Trying a full collection because scavenge failed
8079.403: [Full GC 8079.403: [CMS8083.145: [CMS-concurrent-sweep: 12.166/15.716 secs] [Times: user=275.38 sys=10.65, real=15.72 secs] 
 (concurrent mode failure): 2712921K->1559617K(2752512K), 40.7329563 secs] 2728362K->1559617K(3106432K), [CMS Perm : 202415K->200890K(402264K)] icms_dc=100 , 40.7341045 secs] [Times: user=40.78 sys=0.03, real=40.73 secs] 
8120.238: [GC [1 CMS-initial-mark: 1559617K(2752512K)] 1560153K(3106432K), 0.2775809 secs] [Times: user=0.28 sys=0.00, real=0.28 secs] 
8120.518: [CMS-concurrent-mark-start]
8122.784: [GC 8122.785: [ParNew: 315612K->27905K(353920K), 0.0948135 secs] 1875230K->1587523K(3106432K) icms_dc=100 , 0.0963740 secs] [Times: user=0.98 sys=0.02, real=0.10 secs] 
8123.038: [GC 8123.039: [ParNew: 58604K->14898K(353920K), 0.1080847 secs] 1618221K->1600367K(3106432K) icms_dc=100 , 0.1093542 secs] [Times: user=1.10 sys=0.06, real=0.11 secs] 
8123.989: [GC 8123.990: [ParNew: 329522K->29121K(353920K), 0.1247138 secs] 1914991K->1614590K(3106432K) icms_dc=100 , 0.1262714 secs] [Times: user=0.99 sys=0.02, real=0.13 secs] 
8125.143: [GC 8125.144: [ParNew: 344753K->26304K(353920K), 0.0912731 secs] 1930222K->1626756K(3106432K) icms_dc=100 , 0.0928277 secs] [Times: user=1.16 sys=0.03, real=0.09 secs] 
8125.262: [GC 8125.262: [ParNew: 26982K->12727K(353920K), 0.0823580 secs] 1627434K->1633297K(3106432K) icms_dc=100 , 0.0835399 secs] [Times: user=0.82 sys=0.02, real=0.08 secs] 
8126.235: [GC 8126.237: [ParNew: 328376K->29922K(353920K), 0.0818939 secs] 1948946K->1650492K(3106432K) icms_dc=100 , 0.0834264 secs] [Times: user=0.89 sys=0.04, real=0.08 secs] 
8126.344: [GC 8126.345: [ParNew: 30453K->9278K(353920K), 0.0976308 secs] 1651023K->1657566K(3106432K) icms_dc=100 , 0.0988034 secs] [Times: user=1.03 sys=0.07, real=0.10 secs] 
8127.226: [GC 8127.227: [ParNew: 323902K->30239K(353920K), 0.0876259 secs] 1972190K->1678528K(3106432K) icms_dc=100 , 0.0891634 secs] [Times: user=1.07 sys=0.06, real=0.09 secs] 
8128.072: [GC 8128.073: [ParNew: 344863K->32745K(353920K), 0.1866630 secs] 1993152K->1697329K(3106432K) icms_dc=100 , 0.1882881 secs] [Times: user=1.56 sys=0.04, real=0.19 secs] 
8129.199: [GC 8129.200: [ParNew: 347369K->37504K(353920K), 0.0935472 secs] 2011953K->1712828K(3106432K) icms_dc=100 , 0.0952302 secs] [Times: user=1.15 sys=0.02, real=0.10 secs] 
8130.172: [GC 8130.173: [ParNew: 352128K->39296K(353920K), 0.1016332 secs] 2027452K->1728153K(3106432K) icms_dc=100 , 0.1032928 secs] [Times: user=1.16 sys=0.02, real=0.10 secs] 
8131.121: [GC 8131.122: [ParNew: 353920K->39296K(353920K), 0.1102694 secs] 2042777K->1741185K(3106432K) icms_dc=100 , 0.1118714 secs] [Times: user=1.14 sys=0.03, real=0.11 secs] 
8132.082: [GC 8132.083: [ParNew: 353920K->39296K(353920K), 0.1235771 secs] 2055826K->1752673K(3106432K) icms_dc=100 , 0.1251282 secs] [Times: user=1.35 sys=0.04, real=0.13 secs] 
8133.363: [GC 8133.364: [ParNew: 353920K->27642K(353920K), 0.0880481 secs] 2068125K->1753922K(3106432K) icms_dc=100 , 0.0895930 secs] [Times: user=1.05 sys=0.02, real=0.09 secs] 
8133.488: [GC 8133.489: [ParNew: 33779K->20155K(353920K), 0.0868565 secs] 1760059K->1764576K(3106432K) icms_dc=100 , 0.0881075 secs] [Times: user=0.92 sys=0.05, real=0.09 secs] 
8134.368: [GC 8134.369: [ParNew: 334779K->24934K(353920K), 0.1007452 secs] 2079200K->1769355K(3106432K) icms_dc=100 , 0.1023681 secs] [Times: user=1.21 sys=0.12, real=0.10 secs] 
8135.317: [GC 8135.318: [ParNew: 339558K->23765K(353920K), 0.1684598 secs] 2083979K->1780672K(3106432K) icms_dc=100 , 0.1700154 secs] [Times: user=1.57 sys=0.21, real=0.17 secs] 
8136.321: [GC 8136.322: [ParNew: 338446K->34563K(353920K), 0.0704006 secs] 2095354K->1791471K(3106432K) icms_dc=100 , 0.0719235 secs] [Times: user=1.00 sys=0.02, real=0.07 secs] 
8136.418: [GC 8136.419: [ParNew: 35085K->26977K(353920K), 0.0599114 secs] 1791993K->1794420K(3106432K) icms_dc=100 , 0.0610736 secs] [Times: user=0.90 sys=0.01, real=0.06 secs] 
8137.333: [GC 8137.334: [ParNew: 341601K->39295K(353920K), 0.0620923 secs] 2109044K->1807242K(3106432K) icms_dc=100 , 0.0636406 secs] [Times: user=0.93 sys=0.03, real=0.06 secs] 
8138.233: [GC 8138.234: [ParNew: 353866K->27170K(353920K), 0.0917236 secs] 2121813K->1813841K(3106432K) icms_dc=100 , 0.0932688 secs] [Times: user=1.12 sys=0.03, real=0.09 secs] 
8139.527: [GC 8139.529: [ParNew: 341794K->39296K(353920K), 0.0893636 secs] 2128465K->1827570K(3106432K) icms_dc=100 , 0.0911332 secs] [Times: user=1.11 sys=0.02, real=0.09 secs] 
8140.500: [GC 8140.501: [ParNew: 353920K->29676K(353920K), 0.1382886 secs] 2142194K->1836987K(3106432K) icms_dc=100 , 0.1398700 secs] [Times: user=1.34 sys=0.07, real=0.14 secs] 
8142.230: [GC 8142.231: [ParNew: 344985K->39296K(353920K), 0.1466458 secs] 2152296K->1847611K(3106432K) icms_dc=100 , 0.1482170 secs] [Times: user=1.47 sys=0.18, real=0.15 secs] 
8142.418: [GC 8142.418: [ParNew: 45832K->21997K(353920K), 0.0997067 secs] 1854148K->1862924K(3106432K) icms_dc=100 , 0.1009140 secs] [Times: user=1.04 sys=0.03, real=0.10 secs] 
8143.466: [GC 8143.475: [ParNew: 337217K->29153K(353920K), 0.0964837 secs] 2178144K->1870080K(3106432K) icms_dc=100 , 0.0979996 secs] [Times: user=1.05 sys=0.09, real=0.11 secs] 
8143.597: [GC 8143.597: [ParNew: 30051K->8272K(353920K), 0.0716820 secs] 1870978K->1874987K(3106432K) icms_dc=100 , 0.0728550 secs] [Times: user=0.87 sys=0.03, real=0.07 secs] 
8144.537: [GC 8144.538: [ParNew: 322896K->20987K(353920K), 0.0913268 secs] 2189611K->1887702K(3106432K) icms_dc=100 , 0.0928699 secs] [Times: user=1.00 sys=0.04, real=0.09 secs] 
8145.408: [GC 8145.409: [ParNew: 335611K->33510K(353920K), 0.0677360 secs] 2202326K->1900224K(3106432K) icms_dc=100 , 0.0692615 secs] [Times: user=0.98 sys=0.03, real=0.07 secs] 
8146.560: [GC 8146.561: [ParNew: 348134K->36635K(353920K), 0.1080719 secs] 2214848K->1911833K(3106432K) icms_dc=100 , 0.1096093 secs] [Times: user=1.17 sys=0.02, real=0.11 secs] 
8146.709: [CMS-concurrent-mark: 16.535/26.192 secs] [Times: user=589.71 sys=19.15, real=26.19 secs] 
8146.711: [CMS-concurrent-preclean-start]
8147.441: [GC 8147.442: [ParNew: 351259K->39296K(353920K), 0.1327753 secs] 2226457K->1926262K(3106432K) icms_dc=100 , 0.1343545 secs] [Times: user=1.21 sys=0.03, real=0.13 secs] 
8148.397: [GC 8148.398: [ParNew: 353920K->39296K(353920K), 0.1653221 secs] 2240886K->1934569K(3106432K) icms_dc=100 , 0.1668504 secs] [Times: user=1.50 sys=0.15, real=0.17 secs] 
8149.290: [GC 8149.291: [ParNew: 353920K->34879K(353920K), 0.0938085 secs] 2249193K->1947927K(3106432K) icms_dc=100 , 0.0953009 secs] [Times: user=1.23 sys=0.03, real=0.10 secs] 
8150.221: [GC 8150.222: [ParNew: 349503K->29721K(353920K), 0.0902571 secs] 2262551K->1951872K(3106432K) icms_dc=100 , 0.0918342 secs] [Times: user=1.00 sys=0.02, real=0.09 secs] 
8151.303: [GC 8151.304: [ParNew: 344345K->30873K(353920K), 0.1387615 secs] 2266496K->1965068K(3106432K) icms_dc=100 , 0.1403465 secs] [Times: user=1.36 sys=0.14, real=0.14 secs] 
8152.286: [GC 8152.287: [ParNew: 345497K->22933K(353920K), 0.0813678 secs] 2279692K->1968132K(3106432K) icms_dc=100 , 0.0829341 secs] [Times: user=1.12 sys=0.03, real=0.08 secs] 
8153.210: [GC 8153.212: [ParNew: 337557K->36566K(353920K), 0.0703949 secs] 2282756K->1981764K(3106432K) icms_dc=100 , 0.0719728 secs] [Times: user=1.01 sys=0.03, real=0.07 secs] 
8154.157: [GC 8154.158: [ParNew: 351190K->27460K(353920K), 0.1448129 secs] 2296388K->1989607K(3106432K) icms_dc=100 , 0.1464105 secs] [Times: user=1.53 sys=0.16, real=0.15 secs] 
8155.060: [GC 8155.061: [ParNew: 342084K->39295K(353920K), 0.0783642 secs] 2304231K->2002061K(3106432K) icms_dc=100 , 0.0799208 secs] [Times: user=1.04 sys=0.02, real=0.08 secs] 
8155.841: [GC 8155.842: [ParNew: 353919K->39296K(353920K), 0.0848656 secs] 2316685K->2012461K(3106432K) icms_dc=100 , 0.0863935 secs] [Times: user=1.10 sys=0.02, real=0.09 secs] 
8156.658: [GC 8156.659: [ParNew: 353906K->27625K(353920K), 0.0856073 secs] 2327072K->2018802K(3106432K) icms_dc=100 , 0.0871138 secs] [Times: user=1.11 sys=0.03, real=0.09 secs] 
8157.608: [GC 8157.609: [ParNew: 342249K->33376K(353920K), 0.0727216 secs] 2333426K->2024554K(3106432K) icms_dc=100 , 0.0743163 secs] [Times: user=0.93 sys=0.02, real=0.07 secs] 
8157.864: [CMS-concurrent-preclean: 8.667/11.153 secs] [Times: user=281.12 sys=10.17, real=11.15 secs] 
8157.865: [CMS-concurrent-abortable-preclean-start]
8158.417: [CMS-concurrent-abortable-preclean: 0.470/0.552 secs] [Times: user=14.87 sys=0.53, real=0.55 secs] 
8158.445: [GC[YG occupancy: 319441 K (353920 K)]8158.446: [Rescan (parallel) , 0.2808576 secs]8158.727: [weak refs processing, 0.0002104 secs] [1 CMS-remark: 1991177K(2752512K)] 2310618K(3106432K), 0.2817452 secs] [Times: user=3.34 sys=0.38, real=0.28 secs] 
8158.728: [CMS-concurrent-sweep-start]
8158.815: [GC 8158.816: [ParNew: 348000K->39296K(353920K), 0.0897093 secs] 2339175K->2037875K(3106432K) icms_dc=100 , 0.0913528 secs] [Times: user=1.12 sys=0.01, real=0.09 secs] 
8159.682: [GC 8159.683: [ParNew: 353920K->28984K(353920K), 0.0849946 secs] 2352506K->2045748K(3106432K) icms_dc=100 , 0.0864811 secs] [Times: user=1.16 sys=0.03, real=0.09 secs] 
8160.559: [GC 8160.560: [ParNew: 343608K->38356K(353920K), 0.0788594 secs] 2360350K->2055098K(3106432K) icms_dc=100 , 0.0803891 secs] [Times: user=1.09 sys=0.08, real=0.08 secs] 
8161.451: [GC 8161.452: [ParNew: 353017K->39296K(353920K), 0.0976161 secs] 2369653K->2064794K(3106432K) icms_dc=100 , 0.0991498 secs] [Times: user=1.18 sys=0.03, real=0.10 secs] 
8161.576: [GC 8161.576: [ParNew: 40062K->22839K(353920K), 0.0910892 secs] 2065560K->2077745K(3106432K) icms_dc=100 , 0.0922470 secs] [Times: user=1.08 sys=0.04, real=0.09 secs] 
8162.436: [GC 8162.437: [ParNew: 337463K->29313K(353920K), 0.0755893 secs] 2391832K->2083683K(3106432K) icms_dc=100 , 0.0772379 secs] [Times: user=0.95 sys=0.02, real=0.08 secs] 
8163.274: [GC 8163.275: [ParNew: 344089K->27225K(353920K), 0.0767456 secs] 2398014K->2093753K(3106432K) icms_dc=100 , 0.0783240 secs] [Times: user=1.07 sys=0.02, real=0.08 secs] 
8164.165: [GC 8164.166: [ParNew: 341849K->24313K(353920K), 0.1454024 secs] 2406510K->2099591K(3106432K) icms_dc=100 , 0.1470129 secs] [Times: user=1.47 sys=0.15, real=0.15 secs] 
8165.110: [GC 8165.111: [ParNew: 338937K->37775K(353920K), 0.1597271 secs] 2413939K->2112777K(3106432K) icms_dc=100 , 0.1613054 secs] [Times: user=1.54 sys=0.23, real=0.16 secs] 
8166.052: [GC 8166.053: [ParNew: 352958K->31822K(353920K), 0.1240083 secs] 2427765K->2125521K(3106432K) icms_dc=100 , 0.1255332 secs] [Times: user=1.39 sys=0.08, real=0.13 secs] 
8166.962: [GC 8166.963: [ParNew: 346446K->33311K(353920K), 0.1289037 secs] 2440033K->2137806K(3106432K) icms_dc=100 , 0.1304697 secs] [Times: user=1.21 sys=0.07, real=0.13 secs] 
8168.066: [GC 8168.067: [ParNew: 347935K->29534K(353920K), 0.1541369 secs] 2452070K->2144188K(3106432K) icms_dc=100 , 0.1557178 secs] [Times: user=1.46 sys=0.21, real=0.16 secs] 
8169.051: [GC 8169.052: [ParNew: 344158K->29949K(353920K), 0.1052007 secs] 2458398K->2154498K(3106432K) icms_dc=100 , 0.1067861 secs] [Times: user=1.27 sys=0.06, real=0.11 secs] 
8170.269: [GC 8170.270: [ParNew: 344573K->28831K(353920K), 0.1405637 secs] 2468489K->2163011K(3106432K) icms_dc=100 , 0.1421700 secs] [Times: user=1.15 sys=0.03, real=0.14 secs] 
8171.242: [GC 8171.244: [ParNew: 343455K->26592K(353920K), 0.1139856 secs] 2475170K->2169574K(3106432K) icms_dc=100 , 0.1155290 secs] [Times: user=1.23 sys=0.06, real=0.12 secs] 
8172.232: [GC 8172.233: [ParNew: 341216K->27745K(353920K), 0.0859092 secs] 2482212K->2177977K(3106432K) icms_dc=100 , 0.0876653 secs] [Times: user=1.09 sys=0.02, real=0.09 secs] 
8173.074: [GC 8173.075: [ParNew: 342369K->33064K(353920K), 0.1845884 secs] 2492538K->2193256K(3106432K) icms_dc=100 , 0.1861365 secs] [Times: user=1.74 sys=0.21, real=0.19 secs] 
8174.075: [GC 8174.076: [ParNew: 347688K->27578K(353920K), 0.1636844 secs] 2507548K->2198648K(3106432K) icms_dc=100 , 0.1651841 secs] [Times: user=1.62 sys=0.20, real=0.17 secs] 
8175.069: [GC 8175.070: [ParNew: 342202K->39296K(353920K), 0.1613362 secs] 2502473K->2201029K(3106432K) icms_dc=100 , 0.1631244 secs] [Times: user=1.56 sys=0.25, real=0.16 secs] 
8175.422: [CMS-concurrent-sweep: 13.375/16.694 secs] [Times: user=412.38 sys=15.07, real=16.69 secs] 
8175.424: [CMS-concurrent-reset-start]
8175.582: [CMS-concurrent-reset: 0.158/0.158 secs] [Times: user=4.82 sys=0.13, real=0.16 secs] 
8176.021: [GC 8176.022: [ParNew: 353920K->31480K(353920K), 0.1660416 secs] 2494739K->2191985K(3106432K) icms_dc=75 , 0.1677077 secs] [Times: user=1.66 sys=0.13, real=0.17 secs] 
8176.215: [GC 8176.216: [ParNew: 31885K->24242K(353920K), 0.0496539 secs] 2192390K->2184747K(3106432K) icms_dc=75 , 0.0509334 secs] [Times: user=0.78 sys=0.03, real=0.05 secs] 
8176.369: [GC [1 CMS-initial-mark: 2160505K(2752512K)] 2224618K(3106432K), 0.4227473 secs] [Times: user=0.43 sys=0.00, real=0.42 secs] 
8176.793: [CMS-concurrent-mark-start]
8177.530: [GC 8177.531: [ParNew: 338866K->35967K(353920K), 0.1318447 secs] 2499371K->2196472K(3106432K) icms_dc=80 , 0.1334605 secs] [Times: user=1.33 sys=0.17, real=0.13 secs] 
8178.529: [GC 8178.530: [ParNew: 350591K->39296K(353920K), 0.0882866 secs] 2511096K->2209184K(3106432K) icms_dc=81 , 0.0974318 secs] [Times: user=1.19 sys=0.02, real=0.10 secs] 
8179.372: [GC 8179.373: [ParNew: 353920K->39296K(353920K), 0.1030371 secs] 2523808K->2217632K(3106432K) icms_dc=83 , 0.1046447 secs] [Times: user=1.31 sys=0.07, real=0.11 secs] 
8180.506: [GC 8180.507: [ParNew: 353920K->33904K(353920K), 0.0950165 secs] 2532256K->2228592K(3106432K) icms_dc=100 , 0.0965616 secs] [Times: user=1.17 sys=0.03, real=0.10 secs] 
8181.581: [GC 8181.582: [ParNew: 348528K->35165K(353920K), 0.1576655 secs] 2543216K->2229852K(3106432K) icms_dc=100 , 0.1594788 secs] [Times: user=1.60 sys=0.25, real=0.16 secs] 
8182.851: [GC 8182.852: [ParNew: 349789K->30425K(353920K), 0.1127296 secs] 2544476K->2243975K(3106432K) icms_dc=100 , 0.1143682 secs] [Times: user=1.28 sys=0.04, real=0.12 secs] 
8183.783: [GC 8183.784: [ParNew: 345049K->26646K(353920K), 0.0804537 secs] 2558599K->2251892K(3106432K) icms_dc=100 , 0.0820109 secs] [Times: user=1.11 sys=0.03, real=0.08 secs] 
8184.776: [GC 8184.777: [ParNew: 341270K->37980K(353920K), 0.0711107 secs] 2566516K->2263226K(3106432K) icms_dc=100 , 0.0727186 secs] [Times: user=0.97 sys=0.01, real=0.07 secs] 
8185.751: [GC 8185.752: [ParNew: 352604K->28964K(353920K), 0.1544537 secs] 2577850K->2271976K(3106432K) icms_dc=100 , 0.1560052 secs] [Times: user=1.65 sys=0.18, real=0.16 secs] 
8186.853: [GC 8186.854: [ParNew: 344299K->31052K(353920K), 0.1353141 secs] 2587310K->2282978K(3106432K) icms_dc=100 , 0.1369068 secs] [Times: user=1.41 sys=0.15, real=0.14 secs] 
8187.016: [GC 8187.017: [ParNew: 31143K->7652K(353920K), 0.1118013 secs] 2283069K->2279923K(3106432K) icms_dc=100 , 0.1131099 secs] [Times: user=1.31 sys=0.06, real=0.11 secs] 
8187.999: [GC 8188.000: [ParNew: 322276K->20357K(353920K), 0.0943694 secs] 2594547K->2292628K(3106432K) icms_dc=100 , 0.0959579 secs] [Times: user=1.08 sys=0.09, real=0.10 secs] 
8189.279: [GC 8189.280: [ParNew: 334981K->34272K(353920K), 0.1149894 secs] 2607252K->2306543K(3106432K) icms_dc=100 , 0.1165108 secs] [Times: user=1.07 sys=0.01, real=0.12 secs] 
8190.193: [GC 8190.194: [ParNew: 348896K->39296K(353920K), 0.1171733 secs] 2621167K->2323625K(3106432K) icms_dc=100 , 0.1187246 secs] [Times: user=1.28 sys=0.02, real=0.12 secs] 
8191.145: [GC 8191.147: [ParNew: 353920K->30241K(353920K), 0.1805970 secs] 2638249K->2334839K(3106432K) icms_dc=100 , 0.1822530 secs] [Times: user=1.83 sys=0.23, real=0.18 secs] 
8192.203: [GC 8192.204: [ParNew: 344865K->35513K(353920K), 0.1385009 secs] 2649463K->2340111K(3106432K) icms_dc=100 , 0.1400426 secs] [Times: user=1.45 sys=0.16, real=0.14 secs] 
8193.166: [GC 8193.167: [ParNew: 350137K->37604K(353920K), 0.1289468 secs] 2654735K->2350296K(3106432K) icms_dc=100 , 0.1305491 secs] [Times: user=1.49 sys=0.10, real=0.13 secs] 
8193.770: [CMS-concurrent-mark: 13.159/16.977 secs] [Times: user=419.43 sys=14.27, real=16.98 secs] 
8193.799: [CMS-concurrent-preclean-start]
8194.233: [GC 8194.234: [ParNew: 352228K->39296K(353920K), 0.2640953 secs] 2664920K->2361523K(3106432K) icms_dc=100 , 0.2656378 secs] [Times: user=2.00 sys=0.40, real=0.27 secs] 
8196.021: [GC 8196.022: [ParNew: 353912K->39296K(353920K), 0.1482548 secs] 2676140K->2372333K(3106432K) icms_dc=100 , 0.1498377 secs] [Times: user=1.30 sys=0.05, real=0.15 secs] 
8198.200: [GC 8198.201: [ParNew: 353920K->34380K(353920K), 0.0977765 secs] 2686957K->2381722K(3106432K) icms_dc=100 , 0.0994103 secs] [Times: user=1.24 sys=0.03, real=0.10 secs] 
8200.502: [CMS-concurrent-preclean: 3.520/6.703 secs] [Times: user=100.71 sys=4.83, real=6.70 secs] 
8200.601: [CMS-concurrent-abortable-preclean-start]
8200.677: [CMS-concurrent-abortable-preclean: 0.075/0.075 secs] [Times: user=1.13 sys=0.08, real=0.08 secs] 
8200.769: [GC[YG occupancy: 326958 K (353920 K)]8200.770: [Rescan (parallel) , 0.1387766 secs]8200.909: [weak refs processing, 0.0347647 secs] [1 CMS-remark: 2347341K(2752512K)] 2674300K(3106432K), 0.1791626 secs] [Times: user=2.49 sys=0.07, real=0.18 secs] 
8200.950: [CMS-concurrent-sweep-start]
8201.576: [GC 8201.577: [ParNew: 349004K->27629K(353920K), 0.1022556 secs] 2696332K->2383752K(3106432K) icms_dc=100 , 0.1039298 secs] [Times: user=1.10 sys=0.02, real=0.10 secs] 
8205.871: [GC 8205.872: [ParNew: 342253K->33931K(353920K), 0.1274162 secs] 2692667K->2384345K(3106432K) icms_dc=100 , 0.1290968 secs] [Times: user=1.31 sys=0.07, real=0.13 secs] 
8208.236: [GC 8208.237: [ParNew: 348555K->26101K(353920K), 0.2002074 secs] 2696629K->2393415K(3106432K) icms_dc=100 , 0.2020157 secs] [Times: user=1.75 sys=0.06, real=0.20 secs] 
8209.994: [GC 8209.995: [ParNew: 340725K->33354K(353920K), 0.3604635 secs] 2705054K->2397683K(3106432K) icms_dc=100 , 0.3624697 secs] [Times: user=1.89 sys=0.18, real=0.36 secs] 
8214.552: [GC 8214.553: [ParNew: 347978K->37389K(353920K), 0.1555940 secs] 2709503K->2407976K(3106432K) icms_dc=100 , 0.1572289 secs] [Times: user=1.45 sys=0.03, real=0.16 secs] 
8215.653: [GC 8215.654: [ParNew: 352013K->39296K(353920K), 0.1777106 secs] 2720901K->2417761K(3106432K) icms_dc=100 , 0.1793354 secs] [Times: user=1.74 sys=0.14, real=0.18 secs] 
8217.355: [GC 8217.356: [ParNew: 353920K->39296K(353920K), 0.2110077 secs] 2636380K->2330788K(3106432K) icms_dc=100 , 0.2127318 secs] [Times: user=1.55 sys=0.18, real=0.21 secs] 
8219.752: [GC 8219.753: [ParNew: 353916K->37164K(353920K), 0.0981585 secs] 2501570K->2198248K(3106432K) icms_dc=100 , 0.0996502 secs] [Times: user=1.24 sys=0.03, real=0.10 secs] 
8222.111: [GC 8222.113: [ParNew: 351788K->39296K(353920K), 0.1024883 secs] 2433578K->2127918K(3106432K) icms_dc=100 , 0.1042216 secs] [Times: user=1.30 sys=0.03, real=0.10 secs] 
8223.847: [GC 8223.848: [ParNew: 353901K->39107K(353920K), 0.4338767 secs] 2290818K->1996229K(3106432K) icms_dc=100 , 0.4354917 secs] [Times: user=2.85 sys=0.74, real=0.44 secs] 
8225.222: [CMS-concurrent-sweep: 10.414/24.272 secs] [Times: user=230.11 sys=9.13, real=24.27 secs] 
8225.223: [CMS-concurrent-reset-start]
8225.249: [CMS-concurrent-reset: 0.026/0.026 secs] [Times: user=0.53 sys=0.03, real=0.03 secs] 
8226.303: [GC 8226.304: [ParNew: 353731K->25721K(353920K), 0.0890886 secs] 2165678K->1848577K(3106432K) icms_dc=75 , 0.0907496 secs] [Times: user=1.08 sys=0.02, real=0.09 secs] 
8227.093: [GC [1 CMS-initial-mark: 1822856K(2752512K)] 1887969K(3106432K), 0.5803555 secs] [Times: user=1.12 sys=0.00, real=0.58 secs] 
8227.675: [CMS-concurrent-mark-start]
8230.297: [GC 8230.298: [ParNew: 340345K->32505K(353920K), 0.0983567 secs] 2163201K->1855361K(3106432K) icms_dc=75 , 0.1000297 secs] [Times: user=0.98 sys=0.02, real=0.10 secs] 
8233.375: [GC 8233.377: [ParNew: 347129K->30429K(353920K), 0.2543085 secs] 2169985K->1861209K(3106432K) icms_dc=75 , 0.2560031 secs] [Times: user=1.51 sys=0.17, real=0.26 secs] 
8236.921: [GC 8236.922: [ParNew: 345053K->34143K(353920K), 0.3132702 secs] 2175833K->1864923K(3106432K) icms_dc=75 , 0.3149711 secs] [Times: user=1.40 sys=0.02, real=0.32 secs] 
8238.567: [CMS-concurrent-mark: 5.483/10.892 secs] [Times: user=105.41 sys=4.81, real=10.89 secs] 
8238.568: [CMS-concurrent-preclean-start]
8239.504: [CMS-concurrent-preclean: 0.685/0.936 secs] [Times: user=7.59 sys=0.35, real=0.94 secs] 
8239.505: [CMS-concurrent-abortable-preclean-start]
8240.043: [GC 8240.044: [ParNew: 348767K->39296K(353920K), 0.3983503 secs] 2179547K->1880608K(3106432K) icms_dc=75 , 0.4000452 secs] [Times: user=1.71 sys=0.02, real=0.40 secs] 
8241.583: [CMS-concurrent-abortable-preclean: 0.856/2.078 secs] [Times: user=15.12 sys=0.59, real=2.08 secs] 
8241.676: [GC[YG occupancy: 230232 K (353920 K)]8241.676: [Rescan (parallel) , 0.4198861 secs]8242.096: [weak refs processing, 0.0139322 secs] [1 CMS-remark: 1841312K(2752512K)] 2071545K(3106432K), 0.4365060 secs] [Times: user=2.99 sys=0.18, real=0.44 secs] 
8242.114: [CMS-concurrent-sweep-start]
8243.123: [GC 8243.124: [ParNew: 353920K->39296K(353920K), 0.4517430 secs] 2195354K->1889206K(3106432K) icms_dc=75 , 0.4534358 secs] [Times: user=1.67 sys=0.03, real=0.45 secs] 
8245.540: [GC 8245.541: [ParNew: 353920K->38280K(353920K), 0.3433700 secs] 2202738K->1894282K(3106432K) icms_dc=75 , 0.3449435 secs] [Times: user=1.61 sys=0.03, real=0.35 secs] 
8248.169: [GC 8248.240: [ParNew: 352904K->37003K(353920K), 0.2241404 secs] 2202318K->1894836K(3106432K) icms_dc=75 , 0.2258516 secs] [Times: user=1.39 sys=0.02, real=0.30 secs] 
8252.272: [GC 8252.273: [ParNew: 351627K->38405K(353920K), 0.3585694 secs] 2199826K->1896224K(3106432K) icms_dc=75 , 0.3602236 secs] [Times: user=1.47 sys=0.04, real=0.36 secs] 
8255.805: [GC 8255.807: [ParNew: 353029K->33459K(353920K), 0.2469557 secs] 2161448K->1849343K(3106432K) icms_dc=75 , 0.2487747 secs] [Times: user=1.47 sys=0.03, real=0.25 secs] 
8259.318: [GC 8259.319: [ParNew: 348083K->35251K(353920K), 0.1667855 secs] 2106224K->1802121K(3106432K) icms_dc=75 , 0.1684587 secs] [Times: user=1.41 sys=0.02, real=0.17 secs] 
8262.693: [CMS-concurrent-sweep: 8.869/20.579 secs] [Times: user=141.43 sys=6.21, real=20.58 secs] 
8262.694: [CMS-concurrent-reset-start]
8262.719: [CMS-concurrent-reset: 0.025/0.025 secs] [Times: user=0.25 sys=0.01, real=0.03 secs] 
8264.146: [GC 8264.147: [ParNew: 349875K->36751K(353920K), 0.1546301 secs] 1971329K->1663134K(3106432K) icms_dc=57 , 0.1563353 secs] [Times: user=1.39 sys=0.01, real=0.16 secs] 
8264.737: [GC [1 CMS-initial-mark: 1626383K(2752512K)] 1730835K(3106432K), 0.9707090 secs] [Times: user=0.97 sys=0.01, real=0.97 secs] 
8265.709: [CMS-concurrent-mark-start]
8268.329: [GC 8268.330: [ParNew: 351375K->39296K(353920K), 0.4726021 secs] 1977758K->1673331K(3106432K) icms_dc=57 , 0.4743169 secs] [Times: user=1.87 sys=0.05, real=0.47 secs] 
8274.619: [GC 8274.620: [ParNew: 353920K->39296K(353920K), 0.3447042 secs] 1987955K->1682893K(3106432K) icms_dc=57 , 0.3463795 secs] [Times: user=1.67 sys=0.02, real=0.35 secs] 
8277.185: [GC 8277.186: [ParNew: 353920K->39296K(353920K), 0.2929860 secs] 1997517K->1692549K(3106432K) icms_dc=57 , 0.2945524 secs] [Times: user=1.96 sys=0.05, real=0.30 secs] 
8279.752: [GC 8279.753: [ParNew: 353918K->39296K(353920K), 0.2293008 secs] 2007172K->1703559K(3106432K) icms_dc=57 , 0.2309182 secs] [Times: user=1.59 sys=0.02, real=0.23 secs] 
8282.180: [CMS-concurrent-mark: 5.278/16.471 secs] [Times: user=116.92 sys=4.15, real=16.47 secs] 
8282.181: [CMS-concurrent-preclean-start]
8283.067: [GC 8283.068: [ParNew: 353920K->32037K(353920K), 0.2419969 secs] 2018183K->1721872K(3106432K) icms_dc=57 , 0.2435758 secs] [Times: user=1.75 sys=0.02, real=0.24 secs] 
8285.938: [GC 8285.939: [ParNew: 346661K->29142K(353920K), 0.1743838 secs] 2036496K->1718978K(3106432K) icms_dc=57 , 0.1761587 secs] [Times: user=1.15 sys=0.02, real=0.18 secs] 
8287.602: [CMS-concurrent-preclean: 1.642/5.420 secs] [Times: user=37.65 sys=1.74, real=5.42 secs] 
8287.603: [CMS-concurrent-abortable-preclean-start]
8287.864: [CMS-concurrent-abortable-preclean: 0.257/0.262 secs] [Times: user=2.07 sys=0.06, real=0.26 secs] 
8288.092: [GC[YG occupancy: 243944 K (353920 K)]8288.092: [Rescan (parallel) , 0.3843992 secs]8288.477: [weak refs processing, 0.0029216 secs] [1 CMS-remark: 1689835K(2752512K)] 1933780K(3106432K), 0.3882487 secs] [Times: user=3.15 sys=0.40, real=0.39 secs] 
8288.481: [CMS-concurrent-sweep-start]
8289.456: [GC 8289.457: [ParNew: 343766K->37163K(353920K), 0.1706457 secs] 2033482K->1732261K(3106432K) icms_dc=57 , 0.1722722 secs] [Times: user=1.29 sys=0.04, real=0.17 secs] 
8293.526: [GC 8293.527: [ParNew: 351787K->39296K(353920K), 0.1705086 secs] 2042060K->1739083K(3106432K) icms_dc=57 , 0.1722294 secs] [Times: user=1.49 sys=0.02, real=0.17 secs] 
8297.318: [GC 8297.319: [ParNew: 353920K->31920K(353920K), 0.1504053 secs] 2050305K->1738074K(3106432K) icms_dc=57 , 0.1520809 secs] [Times: user=1.42 sys=0.03, real=0.15 secs] 
8298.966: [GC 8298.967: [ParNew: 346544K->38965K(353920K), 0.1780453 secs] 2050905K->1749824K(3106432K) icms_dc=57 , 0.1796841 secs] [Times: user=1.32 sys=0.03, real=0.18 secs] 
8301.637: [GC 8301.638: [ParNew: 353589K->39065K(353920K), 0.2099259 secs] 2058186K->1750667K(3106432K) icms_dc=57 , 0.2117282 secs] [Times: user=1.68 sys=0.20, real=0.21 secs] 
8304.401: [GC 8304.402: [ParNew: 353689K->31388K(353920K), 0.0888653 secs] 2058633K->1746604K(3106432K) icms_dc=57 , 0.0906621 secs] [Times: user=1.20 sys=0.02, real=0.09 secs] 
8307.212: [GC 8307.213: [ParNew: 346012K->32434K(353920K), 0.0852351 secs] 2055396K->1747435K(3106432K) icms_dc=57 , 0.0869316 secs] [Times: user=1.17 sys=0.03, real=0.09 secs] 
8308.427: [GC 8308.428: [ParNew: 347170K->37453K(353920K), 0.2210801 secs] 2042242K->1740603K(3106432K) icms_dc=57 , 0.2227210 secs] [Times: user=1.38 sys=0.02, real=0.22 secs] 
8308.779: [GC 8308.780: [ParNew: 37956K->33994K(353920K), 0.1176846 secs] 1741106K->1746491K(3106432K) icms_dc=57 , 0.1188374 secs] [Times: user=1.17 sys=0.02, real=0.12 secs] 
8310.776: [GC 8310.778: [ParNew: 348618K->35029K(353920K), 0.1394954 secs] 2056034K->1742445K(3106432K) icms_dc=57 , 0.1411529 secs] [Times: user=1.10 sys=0.03, real=0.14 secs] 
8313.892: [GC 8313.893: [ParNew: 349653K->38349K(353920K), 0.1513416 secs] 2051457K->1750637K(3106432K) icms_dc=57 , 0.1529146 secs] [Times: user=1.33 sys=0.02, real=0.15 secs] 
8314.894: [GC 8314.895: [ParNew: 352973K->39296K(353920K), 0.0890408 secs] 2061595K->1759635K(3106432K) icms_dc=57 , 0.0905290 secs] [Times: user=1.38 sys=0.03, real=0.09 secs] 
8316.259: [GC 8316.260: [ParNew: 353919K->39296K(353920K), 0.1193260 secs] 2072105K->1781597K(3106432K) icms_dc=57 , 0.1210149 secs] [Times: user=1.43 sys=0.03, real=0.12 secs] 
8316.540: [GC 8316.541: [ParNew: 71654K->29950K(353920K), 0.1212819 secs] 1813956K->1801150K(3106432K) icms_dc=57 , 0.1227009 secs] [Times: user=1.02 sys=0.03, real=0.12 secs] 
8317.798: [GC 8317.799: [ParNew: 344574K->39296K(353920K), 0.0624470 secs] 2109851K->1812648K(3106432K) icms_dc=57 , 0.0640080 secs] [Times: user=1.02 sys=0.04, real=0.06 secs] 
8319.761: [GC 8319.762: [ParNew: 353920K->39296K(353920K), 0.1108152 secs] 2125564K->1827067K(3106432K) icms_dc=57 , 0.1124324 secs] [Times: user=1.46 sys=0.03, real=0.11 secs] 
8321.142: [GC 8321.143: [ParNew: 353920K->34176K(353920K), 0.0886771 secs] 2137435K->1828116K(3106432K) icms_dc=57 , 0.0902326 secs] [Times: user=1.16 sys=0.03, real=0.09 secs] 
8321.607: [CMS-concurrent-sweep: 9.890/33.126 secs] [Times: user=358.49 sys=11.62, real=33.13 secs] 
8321.609: [CMS-concurrent-reset-start]
8321.638: [CMS-concurrent-reset: 0.029/0.029 secs] [Times: user=0.82 sys=0.03, real=0.03 secs] 
8322.299: [GC 8322.300: [ParNew: 348800K->29113K(353920K), 0.0934412 secs] 2138074K->1828618K(3106432K) icms_dc=43 , 0.0950385 secs] [Times: user=1.09 sys=0.02, real=0.10 secs] 
8322.706: [GC [1 CMS-initial-mark: 1799504K(2752512K)] 1918387K(3106432K), 0.7404001 secs] [Times: user=0.74 sys=0.00, real=0.74 secs] 
8323.448: [CMS-concurrent-mark-start]
8324.198: [GC 8324.199: [ParNew: 344180K->28732K(353920K), 0.1458996 secs] 2143685K->1838550K(3106432K) icms_dc=43 , 0.1474643 secs] [Times: user=1.22 sys=0.07, real=0.15 secs] 
8325.265: [GC 8325.266: [ParNew: 343356K->29030K(353920K), 0.0758099 secs] 2153174K->1838848K(3106432K) icms_dc=43 , 0.0775439 secs] [Times: user=1.02 sys=0.02, real=0.08 secs] 
8326.466: [GC 8326.467: [ParNew: 343654K->32747K(353920K), 0.1268808 secs] 2153472K->1850086K(3106432K) icms_dc=43 , 0.1284892 secs] [Times: user=1.20 sys=0.01, real=0.13 secs] 
8327.616: [GC 8327.617: [ParNew: 347371K->32533K(353920K), 0.0910902 secs] 2164710K->1856564K(3106432K) icms_dc=43 , 0.0926882 secs] [Times: user=1.12 sys=0.02, real=0.09 secs] 
8328.804: [GC 8328.805: [ParNew: 347157K->37672K(353920K), 0.1488668 secs] 2171188K->1868052K(3106432K) icms_dc=43 , 0.1503913 secs] [Times: user=1.45 sys=0.14, real=0.15 secs] 
8329.877: [GC 8329.878: [ParNew: 352296K->33416K(353920K), 0.0826991 secs] 2182676K->1869457K(3106432K) icms_dc=43 , 0.0843400 secs] [Times: user=1.09 sys=0.02, real=0.08 secs] 
8330.712: [GC 8330.713: [ParNew: 348040K->39296K(353920K), 0.0903747 secs] 2184081K->1883095K(3106432K) icms_dc=43 , 0.0918636 secs] [Times: user=1.22 sys=0.03, real=0.09 secs] 
8331.681: [GC 8331.682: [ParNew: 353920K->29757K(353920K), 0.0960866 secs] 2198626K->1890031K(3106432K) icms_dc=43 , 0.0977199 secs] [Times: user=1.47 sys=0.03, real=0.10 secs] 
8332.569: [GC 8332.570: [ParNew: 344381K->33635K(353920K), 0.0727893 secs] 2204655K->1893908K(3106432K) icms_dc=43 , 0.0745400 secs] [Times: user=1.24 sys=0.02, real=0.08 secs] 
8333.410: [GC 8333.411: [ParNew: 349135K->39296K(353920K), 0.1009970 secs] 2209409K->1906982K(3106432K) icms_dc=43 , 0.1025543 secs] [Times: user=1.50 sys=0.03, real=0.10 secs] 
8333.540: [GC 8333.540: [ParNew: 40084K->26172K(353920K), 0.1175855 secs] 1907771K->1926848K(3106432K) icms_dc=43 , 0.1188103 secs] [Times: user=1.65 sys=0.03, real=0.12 secs] 
8334.565: [GC 8334.566: [ParNew: 341356K->25197K(353920K), 0.0688830 secs] 2242032K->1925873K(3106432K) icms_dc=43 , 0.0705209 secs] [Times: user=1.10 sys=0.04, real=0.07 secs] 
8334.661: [GC 8334.662: [ParNew: 25496K->6098K(353920K), 0.0857115 secs] 1926172K->1928291K(3106432K) icms_dc=43 , 0.0869337 secs] [Times: user=1.12 sys=0.03, real=0.09 secs] 
8335.562: [GC 8335.564: [ParNew: 320813K->23136K(353920K), 0.2333767 secs] 2243006K->1945329K(3106432K) icms_dc=43 , 0.2349966 secs] [Times: user=2.05 sys=0.26, real=0.24 secs] 
8335.825: [GC 8335.826: [ParNew: 23651K->6661K(353920K), 0.1196709 secs] 1945845K->1950054K(3106432K) icms_dc=43 , 0.1208455 secs] [Times: user=1.30 sys=0.03, real=0.12 secs] 
8336.730: [GC 8336.731: [ParNew: 321285K->24776K(353920K), 0.0802052 secs] 2264678K->1968170K(3106432K) icms_dc=43 , 0.0817375 secs] [Times: user=1.13 sys=0.03, real=0.08 secs] 
8337.637: [GC 8337.638: [ParNew: 339400K->30406K(353920K), 0.1145422 secs] 2282794K->1987247K(3106432K) icms_dc=43 , 0.1161196 secs] [Times: user=1.52 sys=0.06, real=0.12 secs] 
8338.523: [GC 8338.524: [ParNew: 344767K->36486K(353920K), 0.0832271 secs] 2301607K->2005334K(3106432K) icms_dc=43 , 0.0847539 secs] [Times: user=1.28 sys=0.03, real=0.09 secs] 
8339.626: [GC 8339.627: [ParNew: 352553K->39295K(353920K), 0.1778207 secs] 2321402K->2021918K(3106432K) icms_dc=45 , 0.1794942 secs] [Times: user=1.55 sys=0.03, real=0.18 secs] 
8339.831: [GC 8339.831: [ParNew: 39581K->18554K(353920K), 0.0906486 secs] 2022203K->2032021K(3106432K) icms_dc=58 , 0.0918233 secs] [Times: user=1.19 sys=0.04, real=0.09 secs] 
8340.846: [GC 8340.847: [ParNew: 333178K->30263K(353920K), 0.0780277 secs] 2346645K->2043730K(3106432K) icms_dc=58 , 0.0796813 secs] [Times: user=1.13 sys=0.03, real=0.08 secs] 
8341.915: [GC 8341.916: [ParNew: 344932K->28082K(353920K), 0.0861365 secs] 2358400K->2053455K(3106432K) icms_dc=58 , 0.0877299 secs] [Times: user=1.17 sys=0.03, real=0.09 secs] 
8342.029: [GC 8342.030: [ParNew: 28632K->16182K(353920K), 0.1226991 secs] 2054004K->2063815K(3106432K) icms_dc=58 , 0.1239240 secs] [Times: user=0.99 sys=0.04, real=0.12 secs] 
8343.486: [GC 8343.487: [ParNew: 330806K->30086K(353920K), 0.0767752 secs] 2378439K->2077719K(3106432K) icms_dc=58 , 0.0785406 secs] [Times: user=0.96 sys=0.01, real=0.08 secs] 
8344.597: [GC 8344.598: [ParNew: 344614K->22307K(353920K), 0.1013442 secs] 2392247K->2084824K(3106432K) icms_dc=58 , 0.1029454 secs] [Times: user=1.52 sys=0.07, real=0.10 secs] 
8345.654: [GC 8345.655: [ParNew: 336931K->32309K(353920K), 0.0869585 secs] 2399448K->2094826K(3106432K) icms_dc=58 , 0.0885454 secs] [Times: user=1.05 sys=0.02, real=0.09 secs] 
8346.886: [GC 8346.887: [ParNew: 346933K->39295K(353920K), 0.1089638 secs] 2409450K->2109840K(3106432K) icms_dc=58 , 0.1105694 secs] [Times: user=1.54 sys=0.05, real=0.11 secs] 
8348.173: [GC 8348.174: [ParNew: 353919K->38131K(353920K), 0.0950850 secs] 2424464K->2115691K(3106432K) icms_dc=58 , 0.0966110 secs] [Times: user=1.51 sys=0.05, real=0.10 secs] 
8349.851: [GC 8349.852: [ParNew: 352755K->38671K(353920K), 0.1018209 secs] 2430315K->2124675K(3106432K) icms_dc=58 , 0.1033663 secs] [Times: user=1.44 sys=0.03, real=0.10 secs] 
8350.635: [CMS-concurrent-mark: 10.566/27.187 secs] [Times: user=612.08 sys=20.02, real=27.19 secs] 
8350.636: [CMS-concurrent-preclean-start]
8351.214: [GC 8351.216: [ParNew: 353295K->30384K(353920K), 0.1294755 secs] 2439299K->2134316K(3106432K) icms_dc=58 , 0.1310508 secs] [Times: user=1.69 sys=0.06, real=0.13 secs] 
8352.674: [GC 8352.675: [ParNew: 345008K->37237K(353920K), 0.0980469 secs] 2448940K->2141168K(3106432K) icms_dc=58 , 0.0996692 secs] [Times: user=1.28 sys=0.07, real=0.10 secs] 
8353.976: [GC 8353.978: [ParNew: 351861K->29641K(353920K), 0.1413165 secs] 2455792K->2152103K(3106432K) icms_dc=58 , 0.1429535 secs] [Times: user=1.55 sys=0.05, real=0.14 secs] 
8355.042: [GC 8355.044: [ParNew: 344265K->39296K(353920K), 0.0985527 secs] 2466727K->2162609K(3106432K) icms_dc=58 , 0.1000885 secs] [Times: user=1.17 sys=0.06, real=0.10 secs] 
8356.282: [GC 8356.283: [ParNew: 353920K->34266K(353920K), 0.1668407 secs] 2477233K->2172676K(3106432K) icms_dc=58 , 0.1683741 secs] [Times: user=1.85 sys=0.25, real=0.17 secs] 
8357.704: [GC 8357.705: [ParNew: 349086K->28088K(353920K), 0.1000964 secs] 2487496K->2175962K(3106432K) icms_dc=58 , 0.1016616 secs] [Times: user=1.24 sys=0.03, real=0.10 secs] 
8357.940: [GC 8357.940: [ParNew: 28915K->16548K(353920K), 0.0980753 secs] 2176790K->2185173K(3106432K) icms_dc=58 , 0.0992891 secs] [Times: user=1.19 sys=0.05, real=0.10 secs] 
8359.046: [GC 8359.048: [ParNew: 331305K->26473K(353920K), 0.1126484 secs] 2499931K->2195099K(3106432K) icms_dc=58 , 0.1141848 secs] [Times: user=1.14 sys=0.03, real=0.11 secs] 
8359.254: [GC 8359.255: [ParNew: 26966K->9038K(353920K), 0.1021095 secs] 2195592K->2201932K(3106432K) icms_dc=58 , 0.1032947 secs] [Times: user=1.17 sys=0.05, real=0.10 secs] 
8360.258: [GC 8360.259: [ParNew: 323451K->28434K(353920K), 0.1166311 secs] 2516345K->2221328K(3106432K) icms_dc=58 , 0.1181722 secs] [Times: user=1.30 sys=0.04, real=0.12 secs] 
8361.425: [GC 8361.426: [ParNew: 343058K->25357K(353920K), 0.1800186 secs] 2535952K->2233891K(3106432K) icms_dc=58 , 0.1816064 secs] [Times: user=1.75 sys=0.11, real=0.18 secs] 
8362.358: [GC 8362.359: [ParNew: 339981K->38877K(353920K), 0.1002149 secs] 2548515K->2247410K(3106432K) icms_dc=58 , 0.1017880 secs] [Times: user=1.31 sys=0.02, real=0.10 secs] 
8363.310: [GC 8363.311: [ParNew: 353698K->39296K(353920K), 0.1129618 secs] 2562231K->2259497K(3106432K) icms_dc=58 , 0.1144795 secs] [Times: user=1.39 sys=0.03, real=0.12 secs] 
8363.451: [GC 8363.452: [ParNew: 39767K->21791K(353920K), 0.1131239 secs] 2259968K->2273226K(3106432K) icms_dc=58 , 0.1143160 secs] [Times: user=1.35 sys=0.06, real=0.11 secs] 
8364.455: [GC 8364.456: [ParNew: 336415K->29223K(353920K), 0.0622142 secs] 2587850K->2280658K(3106432K) icms_dc=58 , 0.0638159 secs] [Times: user=1.04 sys=0.01, real=0.06 secs] 
8365.401: [GC 8365.402: [ParNew: 343847K->30540K(353920K), 0.1019474 secs] 2595282K->2294978K(3106432K) icms_dc=58 , 0.1036494 secs] [Times: user=1.37 sys=0.04, real=0.10 secs] 
8366.294: [GC 8366.295: [ParNew: 345373K->25795K(353920K), 0.0925184 secs] 2609811K->2301141K(3106432K) icms_dc=58 , 0.0941575 secs] [Times: user=1.27 sys=0.03, real=0.09 secs] 
8366.415: [GC 8366.415: [ParNew: 26620K->25429K(353920K), 0.0647917 secs] 2301967K->2300775K(3106432K) icms_dc=72 , 0.0659609 secs] [Times: user=0.86 sys=0.03, real=0.07 secs] 
8367.280: [GC 8367.281: [ParNew: 341337K->39293K(353920K), 0.1168395 secs] 2616683K->2314640K(3106432K) icms_dc=72 , 0.1184414 secs] [Times: user=1.47 sys=0.02, real=0.12 secs] 
8367.425: [GC 8367.425: [ParNew: 40011K->23569K(353920K), 0.1642459 secs] 2315357K->2329948K(3106432K) icms_dc=72 , 0.1654250 secs] [Times: user=1.41 sys=0.05, real=0.17 secs] 
8368.533: [GC 8368.534: [ParNew: 338193K->28771K(353920K), 0.0721660 secs] 2644572K->2335149K(3106432K) icms_dc=72 , 0.0738194 secs] [Times: user=1.05 sys=0.02, real=0.07 secs] 
8369.438: [GC 8369.440: [ParNew: 343395K->25553K(353920K), 0.1536727 secs] 2649773K->2344831K(3106432K) icms_dc=72 , 0.1552146 secs] [Times: user=1.65 sys=0.06, real=0.16 secs] 
8370.452: [GC 8370.453: [ParNew: 340177K->37281K(353920K), 0.0642427 secs] 2659455K->2356559K(3106432K) icms_dc=72 , 0.0658455 secs] [Times: user=1.05 sys=0.02, real=0.07 secs] 
8371.478: [GC 8371.479: [ParNew: 352002K->39295K(353920K), 0.1275139 secs] 2671280K->2368063K(3106432K) icms_dc=72 , 0.1290361 secs] [Times: user=1.40 sys=0.03, real=0.13 secs] 
8371.635: [GC 8371.636: [ParNew: 39882K->27336K(353920K), 0.0788940 secs] 2368649K->2366987K(3106432K) icms_dc=72 , 0.0800779 secs] [Times: user=1.21 sys=0.03, real=0.08 secs] 
8372.475: [GC 8372.476: [ParNew: 342816K->39296K(353920K), 0.1089216 secs] 2682468K->2380323K(3106432K) icms_dc=72 , 0.1104259 secs] [Times: user=1.35 sys=0.01, real=0.11 secs] 
8373.424: [GC 8373.425: [ParNew: 353920K->33131K(353920K), 0.1727386 secs] 2694947K->2392577K(3106432K) icms_dc=76 , 0.1743542 secs] [Times: user=1.83 sys=0.05, real=0.18 secs] 
8375.165: [GC 8375.166: [ParNew: 347915K->39295K(353920K), 0.1492843 secs] 2707362K->2409220K(3106432K) icms_dc=76 , 0.1511115 secs] [Times: user=1.50 sys=0.16, real=0.15 secs] 
8375.342: [GC 8375.342: [ParNew: 39624K->18082K(353920K), 0.1094293 secs] 2409549K->2420923K(3106432K) icms_dc=81 , 0.1106355 secs] [Times: user=1.11 sys=0.04, real=0.11 secs] 
8376.267: [GC 8376.268: [ParNew: 332706K->26965K(353920K), 0.2383024 secs] 2735547K->2429805K(3106432K) icms_dc=81 , 0.2399103 secs] [Times: user=1.43 sys=0.08, real=0.24 secs] 
8377.447: [GC 8377.448: [ParNew: 343089K->39296K(353920K), 0.2842639 secs] 2745930K->2466848K(3106432K) icms_dc=81 , 0.2858425 secs] [Times: user=1.84 sys=0.05, real=0.29 secs] 
8378.897: [GC 8378.898: [ParNew: 353920K->39296K(353920K), 0.3111147 secs] 2781660K->2478366K(3106432K) icms_dc=81 , 0.3127661 secs] [Times: user=2.02 sys=0.21, real=0.31 secs] 
8380.618: [GC 8380.620: [ParNew: 353920K->29095K(353920K), 0.1929450 secs] 2792990K->2477401K(3106432K) icms_dc=81 , 0.1946540 secs] [Times: user=1.54 sys=0.02, real=0.20 secs] 
8382.281: [GC 8382.283: [ParNew: 343719K->29131K(353920K), 0.1023151 secs] 2792025K->2477437K(3106432K) icms_dc=81 , 0.1039175 secs] [Times: user=1.21 sys=0.03, real=0.10 secs] 
8382.574: [CMS-concurrent-preclean: 13.517/31.938 secs] [Times: user=670.63 sys=22.65, real=31.94 secs] 
8382.575: [CMS-concurrent-abortable-preclean-start]
8385.622: [CMS-concurrent-abortable-preclean: 0.925/3.047 secs] [Times: user=20.41 sys=0.78, real=3.05 secs] 
8385.835: [GC[YG occupancy: 230090 K (353920 K)]8385.835: [Rescan (parallel) , 0.1613386 secs]8385.997: [weak refs processing, 0.0075071 secs] [1 CMS-remark: 2448306K(2752512K)] 2678397K(3106432K), 0.1706848 secs] [Times: user=2.54 sys=0.08, real=0.17 secs] 
8386.007: [CMS-concurrent-sweep-start]
8387.735: [GC 8387.736: [ParNew: 343755K->39296K(353920K), 0.1580551 secs] 2790663K->2495361K(3106432K) icms_dc=81 , 0.1597363 secs] [Times: user=1.53 sys=0.02, real=0.16 secs] 
8393.719: [GC 8393.720: [ParNew: 353920K->29871K(353920K), 0.2815166 secs] 2797769K->2491312K(3106432K) icms_dc=81 , 0.2832097 secs] [Times: user=1.82 sys=0.20, real=0.28 secs] 
8395.675: [GC 8395.676: [ParNew: 344495K->29488K(353920K), 0.1130460 secs] 2796621K->2481614K(3106432K) icms_dc=81 , 0.1147092 secs] [Times: user=1.09 sys=0.02, real=0.12 secs] 
8397.198: [GC 8397.199: [ParNew: 344112K->34941K(353920K), 0.1991408 secs] 2789674K->2487709K(3106432K) icms_dc=81 , 0.2008522 secs] [Times: user=1.47 sys=0.04, real=0.20 secs] 
8398.090: [GC 8398.091: [ParNew: 349565K->39296K(353920K), 0.2823937 secs] 2773038K->2471089K(3106432K) icms_dc=81 , 0.2839376 secs] [Times: user=1.95 sys=0.02, real=0.28 secs] 
8399.017: [GC 8399.018: [ParNew: 353920K->36785K(353920K), 0.1604563 secs] 2779282K->2480521K(3106432K) icms_dc=81 , 0.1620521 secs] [Times: user=1.68 sys=0.06, real=0.16 secs] 
8399.858: [GC 8399.859: [ParNew: 351409K->27423K(353920K), 0.1111179 secs] 2771086K->2458484K(3106432K) icms_dc=81 , 0.1126874 secs] [Times: user=1.22 sys=0.02, real=0.11 secs] 
8400.717: [GC 8400.718: [ParNew: 342047K->39296K(353920K), 0.0989108 secs] 2754264K->2451655K(3106432K) icms_dc=81 , 0.1004800 secs] [Times: user=1.21 sys=0.03, real=0.10 secs] 
8401.514: [GC 8401.515: [ParNew: 353920K->37564K(353920K), 0.2122788 secs] 2759302K->2464984K(3106432K) icms_dc=81 , 0.2137854 secs] [Times: user=1.89 sys=0.03, real=0.21 secs] 
8402.937: [GC 8402.938: [ParNew: 352188K->34971K(353920K), 0.1547222 secs] 2756892K->2449669K(3106432K) icms_dc=81 , 0.1563666 secs] [Times: user=1.35 sys=0.08, real=0.16 secs] 
8403.791: [GC 8403.792: [ParNew: 349921K->35004K(353920K), 0.1752294 secs] 2751742K->2446824K(3106432K) icms_dc=81 , 0.1768189 secs] [Times: user=1.50 sys=0.12, real=0.18 secs] 
8403.994: [GC 8403.994: [ParNew: 35537K->18565K(353920K), 0.0986877 secs] 2447357K->2455742K(3106432K) icms_dc=81 , 0.0998686 secs] [Times: user=1.06 sys=0.04, real=0.10 secs] 
8404.725: [GC 8404.726: [ParNew: 333189K->32105K(353920K), 0.1081752 secs] 2761798K->2460714K(3106432K) icms_dc=81 , 0.1097740 secs] [Times: user=1.29 sys=0.12, real=0.11 secs] 
8405.623: [GC 8405.624: [ParNew: 346729K->25198K(353920K), 0.1378617 secs] 2745583K->2445267K(3106432K) icms_dc=81 , 0.1393876 secs] [Times: user=1.35 sys=0.03, real=0.14 secs] 
8406.645: [GC 8406.646: [ParNew: 339822K->39296K(353920K), 0.1600443 secs] 2741943K->2444356K(3106432K) icms_dc=81 , 0.1615283 secs] [Times: user=1.08 sys=0.01, real=0.16 secs] 
8408.243: [GC 8408.244: [ParNew: 353920K->39296K(353920K), 0.1092601 secs] 2747971K->2455216K(3106432K) icms_dc=81 , 0.1108109 secs] [Times: user=1.32 sys=0.03, real=0.11 secs] 
8409.342: [GC 8409.343: [ParNew: 353920K->35240K(353920K), 0.0909785 secs] 2757786K->2450325K(3106432K) icms_dc=81 , 0.0925116 secs] [Times: user=1.07 sys=0.02, real=0.09 secs] 
8410.267: [CMS-concurrent-sweep: 12.549/24.261 secs] [Times: user=378.80 sys=11.78, real=24.26 secs] 
8410.269: [CMS-concurrent-reset-start]
8410.327: [CMS-concurrent-reset: 0.058/0.058 secs] [Times: user=1.77 sys=0.07, real=0.06 secs] 
8410.867: [GC 8410.868: [ParNew: 349864K->39296K(353920K), 0.0831503 secs] 2752482K->2452162K(3106432K) icms_dc=61 , 0.0847392 secs] [Times: user=1.14 sys=0.03, real=0.09 secs] 
8411.227: [GC [1 CMS-initial-mark: 2412866K(2752512K)] 2513691K(3106432K), 0.5934450 secs] [Times: user=0.59 sys=0.00, real=0.59 secs] 
8411.822: [CMS-concurrent-mark-start]
8412.780: [GC 8412.781: [ParNew: 353920K->38259K(353920K), 0.3245711 secs] 2767195K->2462831K(3106432K) icms_dc=76 , 0.3261206 secs] [Times: user=2.12 sys=0.51, real=0.33 secs] 
8414.241: [GC 8414.242: [ParNew: 353702K->35874K(353920K), 0.3317382 secs] 2778273K->2469577K(3106432K) icms_dc=95 , 0.3333166 secs] [Times: user=2.25 sys=0.50, real=0.33 secs] 
8414.798: [GC 8414.798: [ParNew: 36190K->7998K(353920K), 0.2905138 secs] 2469893K->2462623K(3106432K) icms_dc=100 , 0.2916809 secs] [Times: user=1.89 sys=0.47, real=0.29 secs] 
8415.924: [GC 8415.925: [ParNew: 322622K->20909K(353920K), 0.0854217 secs] 2777247K->2475534K(3106432K) icms_dc=100 , 0.0869452 secs] [Times: user=0.87 sys=0.02, real=0.09 secs] 
8416.838: [GC 8416.839: [ParNew: 335533K->38802K(353920K), 0.0916674 secs] 2790158K->2493427K(3106432K) icms_dc=100 , 0.0932331 secs] [Times: user=1.21 sys=0.06, real=0.09 secs] 
8417.809: [GC 8417.810: [ParNew: 353426K->30426K(353920K), 0.1682205 secs] 2808051K->2508443K(3106432K) icms_dc=100 , 0.1697390 secs] [Times: user=1.66 sys=0.07, real=0.17 secs] 
8418.918: [GC 8418.919: [ParNew: 345050K->31889K(353920K), 0.1188504 secs] 2823067K->2519901K(3106432K) icms_dc=100 , 0.1203732 secs] [Times: user=1.24 sys=0.07, real=0.12 secs] 
8419.816: [GC 8419.817: [ParNew: 346513K->39296K(353920K), 0.0816744 secs] 2834525K->2527742K(3106432K) icms_dc=100 , 0.0832614 secs] [Times: user=1.08 sys=0.05, real=0.08 secs] 
8420.781: [GC 8420.782: [ParNew: 353920K->31255K(353920K), 0.0919239 secs] 2842366K->2538265K(3106432K) icms_dc=100 , 0.0934643 secs] [Times: user=1.36 sys=0.03, real=0.09 secs] 
8421.970: [GC 8421.971: [ParNew: 345879K->33523K(353920K), 0.1018941 secs] 2852889K->2540532K(3106432K) icms_dc=100 , 0.1034578 secs] [Times: user=0.97 sys=0.02, real=0.10 secs] 
8423.111: [GC 8423.112: [ParNew: 348147K->37838K(353920K), 0.1008950 secs] 2855156K->2553280K(3106432K) icms_dc=100 , 0.1024759 secs] [Times: user=1.30 sys=0.04, real=0.10 secs] 
8424.177: [GC 8424.178: [ParNew: 352462K->30975K(353920K), 0.1613493 secs] 2867904K->2564767K(3106432K) icms_dc=100 , 0.1628839 secs] [Times: user=1.36 sys=0.07, real=0.16 secs] 
8425.467: [GC 8425.468: [ParNew: 345684K->32957K(353920K), 0.1073135 secs] 2879477K->2566749K(3106432K) icms_dc=100 , 0.1088255 secs] [Times: user=1.18 sys=0.06, real=0.11 secs] 
8425.602: [GC 8425.603: [ParNew: 33572K->28247K(353920K), 0.1743430 secs] 2567365K->2569533K(3106432K) icms_dc=100 , 0.1851495 secs] [Times: user=1.09 sys=0.02, real=0.19 secs] 
8426.705: [GC 8426.706: [ParNew: 342871K->39296K(353920K), 0.1008014 secs] 2884157K->2580878K(3106432K) icms_dc=100 , 0.1023230 secs] [Times: user=1.11 sys=0.05, real=0.10 secs] 
8427.656: [GC 8427.658: [ParNew: 353879K->39296K(353920K), 0.1666615 secs] 2895461K->2591506K(3106432K) icms_dc=100 , 0.1682417 secs] [Times: user=1.60 sys=0.22, real=0.17 secs] 
8428.696: [GC 8428.697: [ParNew: 353920K->39295K(353920K), 0.1665770 secs] 2906130K->2603253K(3106432K) icms_dc=100 , 0.1681348 secs] [Times: user=1.39 sys=0.07, real=0.17 secs] 
8429.675: [GC 8429.676: [ParNew: 353919K->39296K(353920K), 0.1311454 secs] 2917877K->2615426K(3106432K) icms_dc=100 , 0.1327316 secs] [Times: user=1.60 sys=0.01, real=0.13 secs] 
8430.518: [GC 8430.519: [ParNew: 353920K->39296K(353920K), 0.1594628 secs] 2930050K->2626220K(3106432K) icms_dc=100 , 0.1609733 secs] [Times: user=1.93 sys=0.18, real=0.16 secs] 
8431.395: [GC 8431.396: [ParNew: 353920K->36448K(353920K), 0.1754797 secs] 2941522K->2644478K(3106432K) icms_dc=100 , 0.1769929 secs] [Times: user=1.84 sys=0.17, real=0.18 secs] 
8432.518: [GC 8432.519: [ParNew: 351072K->29988K(353920K), 0.0809661 secs] 2959102K->2647941K(3106432K) icms_dc=100 , 0.0824804 secs] [Times: user=1.07 sys=0.02, real=0.08 secs] 
8433.381: [GC 8433.382: [ParNew: 344612K->34930K(353920K), 0.0812631 secs] 2962564K->2665260K(3106432K) icms_dc=100 , 0.0828013 secs] [Times: user=1.27 sys=0.02, real=0.08 secs] 
8433.604: [CMS-concurrent-mark: 15.028/21.782 secs] [Times: user=507.25 sys=17.30, real=21.78 secs] 
8433.605: [CMS-concurrent-preclean-start]
8434.348: [GC 8434.349: [ParNew: 349554K->39296K(353920K), 0.2434410 secs] 2979884K->2683716K(3106432K) icms_dc=100 , 0.2449779 secs] [Times: user=2.03 sys=0.26, real=0.25 secs] 
8435.456: [GC 8435.457: [ParNew: 353920K->35696K(353920K), 0.1067346 secs] 2998459K->2691746K(3106432K) icms_dc=100 , 0.1083279 secs] [Times: user=1.34 sys=0.03, real=0.11 secs] 
8435.590: [GC 8435.591: [ParNew: 35934K->10224K(353920K), 0.0717438 secs] 2691984K->2691316K(3106432K) icms_dc=100 , 0.0729134 secs] [Times: user=0.94 sys=0.03, real=0.07 secs] 
8436.519: [GC 8436.520: [ParNew: 324848K->26334K(353920K), 0.0763778 secs] 3005940K->2707425K(3106432K) icms_dc=100 , 0.0779362 secs] [Times: user=1.02 sys=0.05, real=0.08 secs] 
8437.418: [GC 8437.419: [ParNew (promotion failed): 340958K->344722K(353920K), 0.7728345 secs]8438.192: [CMS8440.031: [CMS-concurrent-preclean: 4.281/6.426 secs] [Times: user=102.76 sys=3.51, real=6.43 secs] 
 (concurrent mode failure): 2691745K->1606577K(2752512K), 41.1138773 secs] 3022049K->1606577K(3106432K), [CMS Perm : 207640K->202869K(402264K)] icms_dc=100 , 41.8885090 secs] [Times: user=43.12 sys=0.28, real=41.89 secs] 
8479.408: [GC [1 CMS-initial-mark: 1606577K(2752512K)] 1606604K(3106432K), 0.3461138 secs] [Times: user=0.34 sys=0.00, real=0.35 secs] 
8479.755: [CMS-concurrent-mark-start]
8481.736: [GC 8481.737: [ParNew: 314695K->38881K(353920K), 0.1687845 secs] 1921273K->1645459K(3106432K) icms_dc=100 , 0.1704760 secs] [Times: user=1.48 sys=0.22, real=0.17 secs] 
8482.036: [GC 8482.037: [ParNew: 48349K->21310K(353920K), 0.1131186 secs] 1654927K->1655038K(3106432K) icms_dc=100 , 0.1144860 secs] [Times: user=1.18 sys=0.07, real=0.12 secs] 
8483.656: [GC 8483.657: [ParNew: 335934K->24927K(353920K), 0.0901284 secs] 1969662K->1658656K(3106432K) icms_dc=100 , 0.0917424 secs] [Times: user=0.97 sys=0.04, real=0.09 secs] 
8484.713: [GC 8484.714: [ParNew: 339551K->26570K(353920K), 0.0886548 secs] 1973280K->1673302K(3106432K) icms_dc=100 , 0.0901954 secs] [Times: user=1.13 sys=0.03, real=0.09 secs] 
8485.749: [GC 8485.750: [ParNew: 341194K->27216K(353920K), 0.1024433 secs] 1987926K->1683868K(3106432K) icms_dc=100 , 0.1040115 secs] [Times: user=1.09 sys=0.01, real=0.10 secs] 
8486.826: [GC 8486.827: [ParNew: 341840K->35203K(353920K), 0.0658283 secs] 1998492K->1691855K(3106432K) icms_dc=100 , 0.0674350 secs] [Times: user=0.94 sys=0.01, real=0.07 secs] 
8488.330: [GC 8488.331: [ParNew: 349827K->39296K(353920K), 0.1781662 secs] 2006479K->1706341K(3106432K) icms_dc=100 , 0.1798329 secs] [Times: user=1.27 sys=0.02, real=0.18 secs] 
8489.220: [GC 8489.221: [ParNew: 353920K->35702K(353920K), 0.4773073 secs] 2020965K->1723653K(3106432K) icms_dc=100 , 0.4789830 secs] [Times: user=2.13 sys=0.21, real=0.48 secs] 
8490.476: [GC 8490.478: [ParNew: 350326K->27194K(353920K), 0.2481732 secs] 2038277K->1724520K(3106432K) icms_dc=100 , 0.2499186 secs] [Times: user=1.31 sys=0.03, real=0.25 secs] 
8491.511: [GC 8491.512: [ParNew: 341818K->38861K(353920K), 0.2402829 secs] 2039144K->1736188K(3106432K) icms_dc=100 , 0.2418288 secs] [Times: user=1.15 sys=0.05, real=0.24 secs] 
8493.195: [GC 8493.197: [ParNew: 353485K->29553K(353920K), 0.1453634 secs] 2050812K->1748111K(3106432K) icms_dc=100 , 0.1472641 secs] [Times: user=1.32 sys=0.03, real=0.15 secs] 
8495.613: [GC 8495.615: [ParNew: 344177K->33592K(353920K), 0.2445997 secs] 2062735K->1752150K(3106432K) icms_dc=100 , 0.2463679 secs] [Times: user=1.06 sys=0.05, real=0.25 secs] 
8495.922: [CMS-concurrent-mark: 9.045/16.166 secs] [Times: user=290.38 sys=10.63, real=16.17 secs] 
8495.923: [CMS-concurrent-preclean-start]
8497.701: [CMS-concurrent-preclean: 1.478/1.779 secs] [Times: user=15.05 sys=0.98, real=1.78 secs] 
8497.703: [CMS-concurrent-abortable-preclean-start]
8497.886: [CMS-concurrent-abortable-preclean: 0.128/0.184 secs] [Times: user=1.73 sys=0.13, real=0.18 secs] 
8497.912: [GC[YG occupancy: 274504 K (353920 K)]8497.912: [Rescan (parallel) , 0.2066925 secs]8498.119: [weak refs processing, 0.0005742 secs] [1 CMS-remark: 1718558K(2752512K)] 1993062K(3106432K), 0.2080004 secs] [Times: user=3.13 sys=0.05, real=0.21 secs] 
8498.121: [CMS-concurrent-sweep-start]
8499.609: [GC 8499.610: [ParNew: 348248K->25941K(353920K), 0.1504126 secs] 2066565K->1759387K(3106432K) icms_dc=100 , 0.1520693 secs] [Times: user=1.20 sys=0.03, real=0.15 secs] 
8499.787: [GC 8499.788: [ParNew: 26182K->28978K(353920K), 0.1041337 secs] 1759628K->1762424K(3106432K) icms_dc=100 , 0.1053289 secs] [Times: user=0.89 sys=0.01, real=0.11 secs] 
8501.384: [GC 8501.386: [ParNew: 343602K->32920K(353920K), 0.1168729 secs] 2076910K->1766228K(3106432K) icms_dc=100 , 0.1185298 secs] [Times: user=1.05 sys=0.03, real=0.12 secs] 
8502.871: [GC 8502.872: [ParNew: 347544K->31903K(353920K), 0.1207359 secs] 2080737K->1771117K(3106432K) icms_dc=100 , 0.1223763 secs] [Times: user=1.23 sys=0.01, real=0.12 secs] 
8504.385: [GC 8504.386: [ParNew: 346519K->30562K(353920K), 0.1402299 secs] 2085171K->1776302K(3106432K) icms_dc=100 , 0.1418401 secs] [Times: user=1.17 sys=0.02, real=0.14 secs] 
8505.615: [CMS-concurrent-sweep: 5.943/7.494 secs] [Times: user=84.27 sys=2.99, real=7.49 secs] 
8505.616: [CMS-concurrent-reset-start]
8505.643: [CMS-concurrent-reset: 0.026/0.026 secs] [Times: user=0.36 sys=0.02, real=0.03 secs] 
8506.719: [GC 8506.720: [ParNew: 345186K->29086K(353920K), 0.1041476 secs] 2053553K->1741767K(3106432K) icms_dc=75 , 0.1058455 secs] [Times: user=1.06 sys=0.03, real=0.11 secs] 
8507.076: [GC [1 CMS-initial-mark: 1712680K(2752512K)] 1781136K(3106432K), 0.5853543 secs] [Times: user=0.59 sys=0.00, real=0.59 secs] 
8507.663: [CMS-concurrent-mark-start]
8510.114: [GC 8510.115: [ParNew: 343710K->35932K(353920K), 0.1651697 secs] 2056391K->1755415K(3106432K) icms_dc=75 , 0.1668277 secs] [Times: user=1.26 sys=0.03, real=0.17 secs] 
8511.455: [GC 8511.456: [ParNew: 350556K->32577K(353920K), 0.0905191 secs] 2070039K->1759464K(3106432K) icms_dc=75 , 0.0921683 secs] [Times: user=1.12 sys=0.02, real=0.09 secs] 
8512.484: [GC 8512.485: [ParNew: 347201K->34076K(353920K), 0.5032142 secs] 2074088K->1768364K(3106432K) icms_dc=75 , 0.5047439 secs] [Times: user=1.66 sys=0.11, real=0.51 secs] 
8513.824: [GC 8513.825: [ParNew: 348700K->39255K(353920K), 0.1058444 secs] 2082988K->1780523K(3106432K) icms_dc=75 , 0.1074241 secs] [Times: user=1.12 sys=0.01, real=0.11 secs] 
8514.552: [GC 8514.553: [ParNew: 353879K->39296K(353920K), 0.1344122 secs] 2095147K->1790448K(3106432K) icms_dc=75 , 0.1359650 secs] [Times: user=1.42 sys=0.02, real=0.14 secs] 
8515.734: [GC 8515.735: [ParNew: 353920K->39296K(353920K), 0.7129587 secs] 2105072K->1810384K(3106432K) icms_dc=75 , 0.7146432 secs] [Times: user=2.06 sys=0.12, real=0.72 secs] 
8517.185: [GC 8517.186: [ParNew: 353920K->39296K(353920K), 0.2370174 secs] 2125008K->1821579K(3106432K) icms_dc=75 , 0.2385737 secs] [Times: user=1.49 sys=0.02, real=0.24 secs] 
8518.364: [GC 8518.365: [ParNew: 353920K->39296K(353920K), 0.6253266 secs] 2136203K->1835122K(3106432K) icms_dc=75 , 0.6270264 secs] [Times: user=3.11 sys=0.59, real=0.63 secs] 
8519.621: [GC 8519.623: [ParNew: 353920K->39296K(353920K), 0.1961043 secs] 2149746K->1844992K(3106432K) icms_dc=75 , 0.1977821 secs] [Times: user=1.37 sys=0.03, real=0.20 secs] 
8520.817: [GC 8520.819: [ParNew: 353920K->33404K(353920K), 0.1884836 secs] 2159616K->1865157K(3106432K) icms_dc=75 , 0.1900990 secs] [Times: user=1.85 sys=0.13, real=0.19 secs] 
8521.796: [GC 8521.797: [ParNew: 348028K->39296K(353920K), 0.1530295 secs] 2179781K->1871528K(3106432K) icms_dc=75 , 0.1546729 secs] [Times: user=1.53 sys=0.19, real=0.16 secs] 
8522.961: [GC 8522.963: [ParNew: 353920K->36118K(353920K), 0.2481071 secs] 2186152K->1892366K(3106432K) icms_dc=75 , 0.2496625 secs] [Times: user=2.11 sys=0.40, real=0.25 secs] 
8524.561: [GC 8524.563: [ParNew: 350742K->24543K(353920K), 0.0739219 secs] 2206990K->1892803K(3106432K) icms_dc=75 , 0.0755054 secs] [Times: user=0.95 sys=0.02, real=0.08 secs] 
8526.029: [GC 8526.030: [ParNew: 339832K->37720K(353920K), 0.0702237 secs] 2208091K->1905980K(3106432K) icms_dc=75 , 0.0717960 secs] [Times: user=0.96 sys=0.02, real=0.07 secs] 
8526.127: [GC 8526.127: [ParNew: 37826K->13288K(353920K), 0.1071651 secs] 1906085K->1913087K(3106432K) icms_dc=75 , 0.1083376 secs] [Times: user=1.13 sys=0.05, real=0.11 secs] 
8526.670: [CMS-concurrent-mark: 8.544/19.007 secs] [Times: user=316.35 sys=9.93, real=19.01 secs] 
8526.671: [CMS-concurrent-preclean-start]
8528.294: [GC 8528.295: [ParNew: 327912K->20595K(353920K), 0.1050657 secs] 2227711K->1920394K(3106432K) icms_dc=75 , 0.1069507 secs] [Times: user=0.90 sys=0.03, real=0.11 secs] 
8529.473: [CMS-concurrent-preclean: 2.026/2.803 secs] [Times: user=32.85 sys=1.68, real=2.80 secs] 
8529.474: [CMS-concurrent-abortable-preclean-start]
8529.659: [CMS-concurrent-abortable-preclean: 0.184/0.185 secs] [Times: user=0.84 sys=0.02, real=0.19 secs] 
8529.687: [GC[YG occupancy: 232902 K (353920 K)]8529.687: [Rescan (parallel) , 0.2093906 secs]8529.897: [weak refs processing, 0.0108227 secs] [1 CMS-remark: 1899798K(2752512K)] 2132701K(3106432K), 0.2219266 secs] [Times: user=2.82 sys=0.23, real=0.22 secs] 
8529.910: [CMS-concurrent-sweep-start]
8530.585: [GC 8530.587: [ParNew: 335219K->28103K(353920K), 0.1575435 secs] 2234990K->1927875K(3106432K) icms_dc=75 , 0.1592690 secs] [Times: user=1.14 sys=0.07, real=0.16 secs] 
8533.016: [GC 8533.017: [ParNew: 342727K->24429K(353920K), 0.1287816 secs] 2242079K->1930427K(3106432K) icms_dc=75 , 0.1306338 secs] [Times: user=1.19 sys=0.03, real=0.13 secs] 
8534.316: [GC 8534.317: [ParNew: 339053K->31844K(353920K), 0.0683708 secs] 2244742K->1937533K(3106432K) icms_dc=75 , 0.0700596 secs] [Times: user=1.04 sys=0.02, real=0.07 secs] 
8535.217: [GC 8535.218: [ParNew: 348118K->35651K(353920K), 0.0968446 secs] 2253676K->1949297K(3106432K) icms_dc=75 , 0.0985380 secs] [Times: user=1.25 sys=0.03, real=0.10 secs] 
8535.342: [GC 8535.342: [ParNew: 35908K->30886K(353920K), 0.0753514 secs] 1949555K->1952062K(3106432K) icms_dc=75 , 0.0765291 secs] [Times: user=1.01 sys=0.02, real=0.08 secs] 
8536.589: [GC 8536.590: [ParNew: 345510K->30455K(353920K), 0.0704408 secs] 2266143K->1951088K(3106432K) icms_dc=75 , 0.0720940 secs] [Times: user=0.95 sys=0.02, real=0.07 secs] 
8537.558: [GC 8537.559: [ParNew: 345079K->39296K(353920K), 0.0929273 secs] 2265630K->1976391K(3106432K) icms_dc=75 , 0.0945082 secs] [Times: user=1.19 sys=0.02, real=0.10 secs] 
8538.573: [GC 8538.574: [ParNew: 353920K->31648K(353920K), 0.0890796 secs] 2290788K->1985865K(3106432K) icms_dc=75 , 0.0907014 secs] [Times: user=1.18 sys=0.03, real=0.09 secs] 
8539.733: [GC 8539.735: [ParNew: 346272K->24365K(353920K), 0.1216504 secs] 2300417K->1990067K(3106432K) icms_dc=75 , 0.1232792 secs] [Times: user=1.12 sys=0.02, real=0.12 secs] 
8540.702: [GC 8540.703: [ParNew: 338989K->37968K(353920K), 0.0616154 secs] 2302650K->2001630K(3106432K) icms_dc=75 , 0.0631795 secs] [Times: user=0.94 sys=0.01, real=0.06 secs] 
8541.527: [GC 8541.528: [ParNew: 352592K->27023K(353920K), 0.1418748 secs] 2313534K->2009326K(3106432K) icms_dc=75 , 0.1434356 secs] [Times: user=1.25 sys=0.03, real=0.14 secs] 
8542.588: [GC 8542.589: [ParNew: 341647K->34315K(353920K), 0.0634953 secs] 2282071K->1974739K(3106432K) icms_dc=75 , 0.0650904 secs] [Times: user=0.93 sys=0.01, real=0.07 secs] 
8543.338: [GC 8543.339: [ParNew: 348939K->32283K(353920K), 0.3203235 secs] 2259377K->1961901K(3106432K) icms_dc=75 , 0.3219535 secs] [Times: user=1.54 sys=0.02, real=0.32 secs] 
8544.298: [GC 8544.299: [ParNew: 346907K->39296K(353920K), 0.2001251 secs] 2253642K->1958245K(3106432K) icms_dc=75 , 0.2017755 secs] [Times: user=1.43 sys=0.02, real=0.20 secs] 
8545.562: [GC 8545.563: [ParNew: 353920K->34748K(353920K), 0.1503324 secs] 2242323K->1939048K(3106432K) icms_dc=75 , 0.1518942 secs] [Times: user=1.31 sys=0.02, real=0.15 secs] 
8545.969: [CMS-concurrent-sweep: 9.595/16.059 secs] [Times: user=306.45 sys=9.26, real=16.06 secs] 
8545.970: [CMS-concurrent-reset-start]
8545.998: [CMS-concurrent-reset: 0.028/0.028 secs] [Times: user=0.81 sys=0.04, real=0.03 secs] 
8546.519: [GC 8546.520: [ParNew: 349372K->37926K(353920K), 0.1503081 secs] 2236404K->1942019K(3106432K) icms_dc=57 , 0.1518556 secs] [Times: user=1.35 sys=0.05, real=0.15 secs] 
8546.821: [GC [1 CMS-initial-mark: 1904093K(2752512K)] 2009729K(3106432K), 0.6226237 secs] [Times: user=0.62 sys=0.01, real=0.62 secs] 
8547.445: [CMS-concurrent-mark-start]
8548.066: [GC 8548.067: [ParNew: 352550K->31846K(353920K), 0.0810839 secs] 2256643K->1952880K(3106432K) icms_dc=57 , 0.0826478 secs] [Times: user=1.16 sys=0.02, real=0.08 secs] 
8549.575: [GC 8549.576: [ParNew: 346748K->38316K(353920K), 0.1582363 secs] 2267781K->1975696K(3106432K) icms_dc=57 , 0.1597571 secs] [Times: user=1.34 sys=0.09, real=0.16 secs] 
8550.725: [GC 8550.726: [ParNew: 353651K->39296K(353920K), 0.1213668 secs] 2291032K->1990592K(3106432K) icms_dc=57 , 0.1229505 secs] [Times: user=1.25 sys=0.08, real=0.12 secs] 
8550.875: [GC 8550.876: [ParNew: 39712K->18187K(353920K), 0.1028839 secs] 1991008K->1999576K(3106432K) icms_dc=71 , 0.1040716 secs] [Times: user=0.88 sys=0.04, real=0.10 secs] 
8552.100: [GC 8552.101: [ParNew: 333514K->31481K(353920K), 0.0568594 secs] 2314903K->2012870K(3106432K) icms_dc=71 , 0.0584448 secs] [Times: user=0.84 sys=0.03, real=0.06 secs] 
8552.188: [GC 8552.189: [ParNew: 33195K->11251K(353920K), 0.1342542 secs] 2014584K->2020261K(3106432K) icms_dc=71 , 0.1354405 secs] [Times: user=1.12 sys=0.09, real=0.14 secs] 
8553.474: [GC 8553.475: [ParNew: 325875K->19023K(353920K), 0.0874245 secs] 2334885K->2028032K(3106432K) icms_dc=71 , 0.0890073 secs] [Times: user=0.81 sys=0.02, real=0.09 secs] 
8555.230: [GC 8555.231: [ParNew: 333647K->31035K(353920K), 0.1288483 secs] 2342656K->2040044K(3106432K) icms_dc=71 , 0.1305492 secs] [Times: user=1.02 sys=0.02, real=0.13 secs] 
8558.451: [GC 8558.452: [ParNew: 345632K->39296K(353920K), 0.1925688 secs] 2354642K->2059224K(3106432K) icms_dc=71 , 0.1942989 secs] [Times: user=1.41 sys=0.02, real=0.19 secs] 
8560.473: [CMS-concurrent-mark: 6.850/13.028 secs] [Times: user=217.04 sys=8.27, real=13.03 secs] 
8560.474: [CMS-concurrent-preclean-start]
8561.498: [GC 8561.499: [ParNew: 353920K->25985K(353920K), 0.3177356 secs] 2373848K->2061799K(3106432K) icms_dc=71 , 0.3194630 secs] [Times: user=2.40 sys=0.49, real=0.32 secs] 
8563.661: [GC 8563.662: [ParNew: 340609K->26796K(353920K), 0.0816628 secs] 2376423K->2062610K(3106432K) icms_dc=71 , 0.0833220 secs] [Times: user=0.97 sys=0.04, real=0.08 secs] 
8564.689: [GC 8564.690: [ParNew: 341420K->39296K(353920K), 0.1093937 secs] 2377234K->2075169K(3106432K) icms_dc=71 , 0.1110693 secs] [Times: user=1.19 sys=0.03, real=0.11 secs] 
8565.575: [GC 8565.585: [ParNew: 353920K->39296K(353920K), 0.3486522 secs] 2389793K->2087911K(3106432K) icms_dc=71 , 0.3503231 secs] [Times: user=1.91 sys=0.18, real=0.36 secs] 
8566.591: [GC 8566.592: [ParNew: 353920K->39296K(353920K), 0.5701698 secs] 2402535K->2097584K(3106432K) icms_dc=71 , 0.5718611 secs] [Times: user=2.25 sys=0.09, real=0.57 secs] 
8567.836: [GC 8567.837: [ParNew: 353920K->36151K(353920K), 0.2444053 secs] 2412208K->2117079K(3106432K) icms_dc=71 , 0.2460315 secs] [Times: user=1.91 sys=0.24, real=0.25 secs] 
8568.839: [GC 8568.841: [ParNew: 350775K->34153K(353920K), 0.5016835 secs] 2431703K->2128677K(3106432K) icms_dc=71 , 0.5033777 secs] [Times: user=1.87 sys=0.04, real=0.50 secs] 
8570.060: [GC 8570.061: [ParNew: 349512K->36651K(353920K), 0.4205109 secs] 2444036K->2149892K(3106432K) icms_dc=71 , 0.4221131 secs] [Times: user=2.11 sys=0.13, real=0.42 secs] 
8570.612: [GC 8570.612: [ParNew: 37048K->24213K(353920K), 0.4454915 secs] 2150289K->2164666K(3106432K) icms_dc=71 , 0.4466572 secs] [Times: user=1.91 sys=0.13, real=0.45 secs] 
8572.067: [GC 8572.068: [ParNew: 339150K->30859K(353920K), 0.3828317 secs] 2479603K->2171312K(3106432K) icms_dc=71 , 0.3844564 secs] [Times: user=1.53 sys=0.02, real=0.39 secs] 
8572.640: [GC 8572.641: [ParNew: 72899K->19125K(353920K), 0.2633100 secs] 2213352K->2185763K(3106432K) icms_dc=71 , 0.2645930 secs] [Times: user=1.40 sys=0.03, real=0.27 secs] 
8573.764: [GC 8573.765: [ParNew: 334230K->37073K(353920K), 0.2085741 secs] 2500867K->2203710K(3106432K) icms_dc=71 , 0.2102059 secs] [Times: user=1.18 sys=0.02, real=0.21 secs] 
8574.001: [GC 8574.001: [ParNew: 37547K->20569K(353920K), 0.2822445 secs] 2204185K->2221947K(3106432K) icms_dc=71 , 0.2834244 secs] [Times: user=1.34 sys=0.04, real=0.28 secs] 
8574.937: [GC 8574.938: [ParNew: 335193K->31888K(353920K), 0.0689616 secs] 2536571K->2233267K(3106432K) icms_dc=71 , 0.0705741 secs] [Times: user=1.07 sys=0.01, real=0.07 secs] 
8575.719: [GC 8575.720: [ParNew: 346512K->36714K(353920K), 0.3193922 secs] 2547891K->2258883K(3106432K) icms_dc=71 , 0.3209868 secs] [Times: user=2.22 sys=0.40, real=0.32 secs] 
8576.781: [GC 8576.782: [ParNew: 352822K->39296K(353920K), 0.1304557 secs] 2574992K->2283343K(3106432K) icms_dc=77 , 0.1320665 secs] [Times: user=1.38 sys=0.03, real=0.13 secs] 
8576.939: [GC 8576.940: [ParNew: 39483K->9123K(353920K), 0.1137156 secs] 2283531K->2284443K(3106432K) icms_dc=96 , 0.1148940 secs] [Times: user=1.07 sys=0.06, real=0.12 secs] 
8578.051: [GC 8578.052: [ParNew: 329519K->39296K(353920K), 0.2433095 secs] 2604839K->2317766K(3106432K) icms_dc=96 , 0.2449014 secs] [Times: user=1.78 sys=0.33, real=0.25 secs] 
8578.397: [GC 8578.398: [ParNew: 79474K->16762K(353920K), 0.2326572 secs] 2357944K->2328086K(3106432K) icms_dc=96 , 0.2339498 secs] [Times: user=1.65 sys=0.24, real=0.23 secs] 
8579.962: [GC 8579.963: [ParNew: 333958K->39296K(353920K), 0.0925524 secs] 2645281K->2360974K(3106432K) icms_dc=96 , 0.0941584 secs] [Times: user=1.25 sys=0.02, real=0.09 secs] 
8580.966: [GC 8580.967: [ParNew: 353920K->39296K(353920K), 0.1041693 secs] 2675598K->2399144K(3106432K) icms_dc=100 , 0.1058824 secs] [Times: user=1.58 sys=0.04, real=0.11 secs] 
8582.012: [GC 8582.014: [ParNew: 353599K->39296K(353920K), 0.2096122 secs] 2714104K->2436858K(3106432K) icms_dc=100 , 0.2115372 secs] [Times: user=1.92 sys=0.11, real=0.21 secs] 
8583.514: [GC 8583.516: [ParNew: 353920K->39296K(353920K), 0.1229213 secs] 2752347K->2463530K(3106432K) icms_dc=100 , 0.1246533 secs] [Times: user=1.57 sys=0.09, real=0.13 secs] 
8584.627: [CMS-concurrent-preclean: 10.872/24.153 secs] [Times: user=426.65 sys=13.59, real=24.15 secs] 
8584.759: [CMS-concurrent-abortable-preclean-start]
8584.866: [CMS-concurrent-abortable-preclean: 0.000/0.107 secs] [Times: user=0.39 sys=0.02, real=0.11 secs] 
8584.991: [GC 8584.992: [ParNew: 353920K->39296K(353920K), 0.1166217 secs] 2779614K->2485966K(3106432K) icms_dc=100 , 0.1183068 secs] [Times: user=1.30 sys=0.01, real=0.12 secs] 
8585.199: [GC[YG occupancy: 39327 K (353920 K)]8585.200: [Rescan (parallel) , 0.1038883 secs]8585.304: [weak refs processing, 0.0115061 secs] [1 CMS-remark: 2446670K(2752512K)] 2485998K(3106432K), 0.1177346 secs] [Times: user=2.16 sys=0.01, real=0.12 secs] 
8585.319: [CMS-concurrent-sweep-start]
8586.989: [GC 8586.990: [ParNew: 353920K->39296K(353920K), 0.1226022 secs] 2800578K->2505832K(3106432K) icms_dc=100 , 0.1242910 secs] [Times: user=1.55 sys=0.04, real=0.12 secs] 
8588.494: [GC 8588.496: [ParNew: 353920K->39296K(353920K), 0.1655272 secs] 2821122K->2515577K(3106432K) icms_dc=100 , 0.1672000 secs] [Times: user=1.70 sys=0.17, real=0.17 secs] 
8589.640: [GC 8589.641: [ParNew: 353920K->25873K(353920K), 0.0774316 secs] 2829961K->2511155K(3106432K) icms_dc=100 , 0.0790832 secs] [Times: user=1.24 sys=0.02, real=0.08 secs] 
8591.097: [GC 8591.098: [ParNew: 340497K->27768K(353920K), 0.0651751 secs] 2820332K->2507604K(3106432K) icms_dc=100 , 0.0668372 secs] [Times: user=1.11 sys=0.01, real=0.07 secs] 
8592.393: [GC 8592.394: [ParNew: 342317K->33804K(353920K), 0.1422965 secs] 2822005K->2520205K(3106432K) icms_dc=100 , 0.1439459 secs] [Times: user=1.55 sys=0.17, real=0.14 secs] 
8593.574: [GC 8593.576: [ParNew: 348428K->33834K(353920K), 0.1269477 secs] 2834363K->2526333K(3106432K) icms_dc=100 , 0.1285756 secs] [Times: user=1.37 sys=0.02, real=0.13 secs] 
8594.607: [GC 8594.608: [ParNew: 348458K->38704K(353920K), 0.0964814 secs] 2840539K->2537381K(3106432K) icms_dc=100 , 0.0980895 secs] [Times: user=1.17 sys=0.02, real=0.10 secs] 
8595.501: [GC 8595.502: [ParNew: 353328K->39296K(353920K), 0.1220495 secs] 2851385K->2544719K(3106432K) icms_dc=100 , 0.1236271 secs] [Times: user=1.30 sys=0.04, real=0.12 secs] 
8596.594: [GC 8596.595: [ParNew: 353920K->35685K(353920K), 0.0856946 secs] 2857159K->2545934K(3106432K) icms_dc=100 , 0.0873111 secs] [Times: user=1.24 sys=0.02, real=0.09 secs] 
8597.508: [GC 8597.510: [ParNew: 350309K->34995K(353920K), 0.1605938 secs] 2855803K->2547654K(3106432K) icms_dc=100 , 0.1623480 secs] [Times: user=1.74 sys=0.14, real=0.16 secs] 
8598.464: [GC 8598.465: [ParNew: 349619K->39296K(353920K), 0.1180468 secs] 2857891K->2556784K(3106432K) icms_dc=100 , 0.1196474 secs] [Times: user=1.42 sys=0.02, real=0.12 secs] 
8599.329: [GC 8599.330: [ParNew: 353920K->32911K(353920K), 0.1558003 secs] 2868027K->2564266K(3106432K) icms_dc=100 , 0.1573911 secs] [Times: user=1.50 sys=0.03, real=0.16 secs] 
8600.192: [GC 8600.193: [ParNew: 346965K->31535K(353920K), 0.0908111 secs] 2864557K->2558025K(3106432K) icms_dc=100 , 0.0923725 secs] [Times: user=1.19 sys=0.02, real=0.09 secs] 
8601.080: [GC 8601.082: [ParNew: 346159K->31459K(353920K), 0.1193987 secs] 2843706K->2541475K(3106432K) icms_dc=100 , 0.1210093 secs] [Times: user=1.41 sys=0.07, real=0.12 secs] 
8601.981: [GC 8601.982: [ParNew: 346083K->30412K(353920K), 0.1169416 secs] 2823143K->2518113K(3106432K) icms_dc=100 , 0.1185324 secs] [Times: user=1.47 sys=0.08, real=0.12 secs] 
8602.859: [GC 8602.860: [ParNew: 345036K->32456K(353920K), 0.1162759 secs] 2782239K->2480772K(3106432K) icms_dc=100 , 0.1179397 secs] [Times: user=1.44 sys=0.07, real=0.12 secs] 
8603.845: [GC 8603.846: [ParNew: 347080K->28694K(353920K), 0.1278834 secs] 2726788K->2418941K(3106432K) icms_dc=100 , 0.1294890 secs] [Times: user=1.33 sys=0.08, real=0.13 secs] 
8604.708: [GC 8604.709: [ParNew: 343318K->37091K(353920K), 0.0895157 secs] 2662915K->2356687K(3106432K) icms_dc=100 , 0.0911040 secs] [Times: user=1.05 sys=0.02, real=0.09 secs] 
8605.250: [CMS-concurrent-sweep: 14.956/19.931 secs] [Times: user=462.28 sys=17.18, real=19.93 secs] 
8605.251: [CMS-concurrent-reset-start]
8605.283: [CMS-concurrent-reset: 0.031/0.031 secs] [Times: user=0.97 sys=0.04, real=0.03 secs] 
8605.666: [GC 8605.667: [ParNew: 351715K->39296K(353920K), 0.1087957 secs] 2634457K->2333824K(3106432K) icms_dc=75 , 0.1104458 secs] [Times: user=1.35 sys=0.02, real=0.11 secs] 
8605.879: [GC [1 CMS-initial-mark: 2294528K(2752512K)] 2373275K(3106432K), 0.5966323 secs] [Times: user=1.08 sys=0.00, real=0.60 secs] 
8606.477: [CMS-concurrent-mark-start]
8607.149: [GC 8607.150: [ParNew: 353920K->39296K(353920K), 0.1282289 secs] 2648448K->2345376K(3106432K) icms_dc=93 , 0.1299951 secs] [Times: user=1.41 sys=0.01, real=0.13 secs] 
8608.059: [GC 8608.060: [ParNew: 353920K->36904K(353920K), 0.1522436 secs] 2660000K->2351044K(3106432K) icms_dc=97 , 0.1538371 secs] [Times: user=1.80 sys=0.20, real=0.15 secs] 
8609.141: [GC 8609.142: [ParNew: 351577K->39296K(353920K), 0.1351455 secs] 2665718K->2364883K(3106432K) icms_dc=100 , 0.1366969 secs] [Times: user=1.43 sys=0.06, real=0.14 secs] 
8609.307: [GC 8609.308: [ParNew: 39953K->32299K(353920K), 0.1118162 secs] 2365541K->2367444K(3106432K) icms_dc=100 , 0.1130246 secs] [Times: user=1.28 sys=0.06, real=0.11 secs] 
8610.168: [GC 8610.169: [ParNew: 346923K->37223K(353920K), 0.1595424 secs] 2682068K->2372368K(3106432K) icms_dc=100 , 0.1610926 secs] [Times: user=1.80 sys=0.20, real=0.16 secs] 
8611.134: [GC 8611.135: [ParNew: 351847K->39296K(353920K), 0.1061647 secs] 2686992K->2385753K(3106432K) icms_dc=100 , 0.1077633 secs] [Times: user=1.34 sys=0.05, real=0.11 secs] 
8612.125: [GC 8612.126: [ParNew: 353920K->33159K(353920K), 0.0996278 secs] 2700377K->2399040K(3106432K) icms_dc=100 , 0.1011994 secs] [Times: user=1.40 sys=0.03, real=0.10 secs] 
8613.757: [GC 8613.758: [ParNew: 347783K->32956K(353920K), 0.1674126 secs] 2713664K->2407803K(3106432K) icms_dc=100 , 0.1691742 secs] [Times: user=1.44 sys=0.08, real=0.17 secs] 
8614.808: [GC 8614.809: [ParNew: 347555K->34974K(353920K), 0.0711101 secs] 2722402K->2409821K(3106432K) icms_dc=100 , 0.0727165 secs] [Times: user=1.16 sys=0.02, real=0.07 secs] 
8615.747: [GC 8615.748: [ParNew: 349601K->38908K(353920K), 0.1270648 secs] 2724448K->2421382K(3106432K) icms_dc=100 , 0.1286415 secs] [Times: user=1.44 sys=0.06, real=0.13 secs] 
8616.771: [GC 8616.772: [ParNew: 353532K->28998K(353920K), 0.1586338 secs] 2736006K->2428835K(3106432K) icms_dc=100 , 0.1602636 secs] [Times: user=1.72 sys=0.20, real=0.16 secs] 
8617.716: [GC 8617.717: [ParNew: 343622K->33500K(353920K), 0.2528879 secs] 2743459K->2433336K(3106432K) icms_dc=100 , 0.2545520 secs] [Times: user=2.15 sys=0.40, real=0.26 secs] 
8618.730: [GC 8618.731: [ParNew: 348124K->38034K(353920K), 0.0792086 secs] 2747960K->2446310K(3106432K) icms_dc=100 , 0.0808575 secs] [Times: user=1.25 sys=0.03, real=0.08 secs] 
8619.567: [GC 8619.568: [ParNew: 352658K->39296K(353920K), 0.1372078 secs] 2760934K->2455985K(3106432K) icms_dc=100 , 0.1387882 secs] [Times: user=1.49 sys=0.09, real=0.14 secs] 
8620.594: [GC 8620.595: [ParNew: 353920K->33947K(353920K), 0.1397225 secs] 2770609K->2467257K(3106432K) icms_dc=100 , 0.1412902 secs] [Times: user=1.42 sys=0.05, real=0.14 secs] 
8621.598: [GC 8621.599: [ParNew: 348571K->32418K(353920K), 0.1313985 secs] 2781881K->2475236K(3106432K) icms_dc=100 , 0.1329606 secs] [Times: user=1.58 sys=0.14, real=0.13 secs] 
8622.502: [GC 8622.503: [ParNew: 347042K->28765K(353920K), 0.1049450 secs] 2789860K->2483843K(3106432K) icms_dc=100 , 0.1065412 secs] [Times: user=1.33 sys=0.03, real=0.11 secs] 
8623.432: [GC 8623.433: [ParNew: 343389K->38431K(353920K), 0.1250559 secs] 2798467K->2503180K(3106432K) icms_dc=100 , 0.1266563 secs] [Times: user=1.40 sys=0.03, real=0.13 secs] 
8624.418: [GC 8624.419: [ParNew: 353055K->32981K(353920K), 0.1329116 secs] 2817804K->2511698K(3106432K) icms_dc=100 , 0.1344790 secs] [Times: user=1.57 sys=0.06, real=0.14 secs] 
8625.398: [GC 8625.399: [ParNew: 347605K->28637K(353920K), 0.1132234 secs] 2826322K->2520050K(3106432K) icms_dc=100 , 0.1148108 secs] [Times: user=1.39 sys=0.05, real=0.12 secs] 
8626.350: [GC 8626.351: [ParNew: 343261K->38586K(353920K), 0.0734396 secs] 2834674K->2530000K(3106432K) icms_dc=100 , 0.0750774 secs] [Times: user=1.14 sys=0.02, real=0.08 secs] 
8627.429: [GC 8627.430: [ParNew: 353616K->39296K(353920K), 0.1066717 secs] 2845030K->2542535K(3106432K) icms_dc=100 , 0.1083535 secs] [Times: user=1.41 sys=0.03, real=0.11 secs] 
8627.567: [GC 8627.568: [ParNew: 39825K->27494K(353920K), 0.0985780 secs] 2543065K->2564184K(3106432K) icms_dc=100 , 0.0998368 secs] [Times: user=1.24 sys=0.06, real=0.10 secs] 
8628.585: [GC 8628.586: [ParNew: 342118K->23570K(353920K), 0.0990225 secs] 2878808K->2560260K(3106432K) icms_dc=100 , 0.1006295 secs] [Times: user=1.06 sys=0.07, real=0.10 secs] 
8628.717: [CMS-concurrent-mark: 16.434/22.239 secs] [Times: user=552.15 sys=17.74, real=22.24 secs] 
8628.718: [CMS-concurrent-preclean-start]
8629.469: [GC 8629.470: [ParNew: 338249K->29807K(353920K), 0.1097485 secs] 2874939K->2580826K(3106432K) icms_dc=100 , 0.1113185 secs] [Times: user=1.32 sys=0.02, real=0.11 secs] 
8629.607: [GC 8629.608: [ParNew: 30049K->10568K(353920K), 0.0731873 secs] 2581068K->2585382K(3106432K) icms_dc=100 , 0.0743949 secs] [Times: user=1.00 sys=0.04, real=0.08 secs] 
8630.508: [GC 8630.510: [ParNew: 325155K->30212K(353920K), 0.1221576 secs] 2899969K->2605027K(3106432K) icms_dc=100 , 0.1237827 secs] [Times: user=1.44 sys=0.17, real=0.12 secs] 
8631.619: [GC 8631.620: [ParNew: 344871K->27729K(353920K), 0.1586961 secs] 2919685K->2617178K(3106432K) icms_dc=100 , 0.1603122 secs] [Times: user=1.88 sys=0.18, real=0.16 secs] 
8631.810: [GC 8631.811: [ParNew: 28297K->10523K(353920K), 0.0809890 secs] 2617745K->2620447K(3106432K) icms_dc=100 , 0.0823188 secs] [Times: user=1.09 sys=0.03, real=0.08 secs] 
8632.708: [GC 8632.709: [ParNew: 325147K->22950K(353920K), 0.1115004 secs] 2935071K->2632874K(3106432K) icms_dc=100 , 0.1130998 secs] [Times: user=1.23 sys=0.05, real=0.11 secs] 
8633.579: [GC 8633.580: [ParNew: 337574K->26241K(353920K), 0.1838065 secs] 2947498K->2649439K(3106432K) icms_dc=100 , 0.1853995 secs] [Times: user=1.41 sys=0.02, real=0.19 secs] 
8634.564: [GC 8634.565: [ParNew: 340865K->36243K(353920K), 0.0909659 secs] 2964063K->2659442K(3106432K) icms_dc=100 , 0.0925660 secs] [Times: user=1.07 sys=0.03, real=0.09 secs] 
8635.498: [GC 8635.499: [ParNew: 351200K->39296K(353920K), 0.1636778 secs] 2974399K->2672652K(3106432K) icms_dc=100 , 0.1652645 secs] [Times: user=1.43 sys=0.07, real=0.17 secs] 
8635.693: [GC 8635.694: [ParNew: 39914K->33496K(353920K), 0.0861833 secs] 2673270K->2677498K(3106432K) icms_dc=100 , 0.0873984 secs] [Times: user=1.10 sys=0.02, real=0.09 secs] 
8636.582: [GC 8636.583: [ParNew: 348120K->37392K(353920K), 0.1358661 secs] 2992122K->2681394K(3106432K) icms_dc=100 , 0.1374483 secs] [Times: user=1.37 sys=0.03, real=0.14 secs] 
8637.852: [GC 8637.853: [ParNew: 352016K->26554K(353920K), 0.1030965 secs] 2996018K->2688872K(3106432K) icms_dc=100 , 0.1047645 secs] [Times: user=1.33 sys=0.03, real=0.11 secs] 
8638.823: [CMS-concurrent-preclean: 7.345/10.104 secs] [Times: user=234.13 sys=8.45, real=10.11 secs] 
8638.824: [CMS-concurrent-abortable-preclean-start]
8639.070: [CMS-concurrent-abortable-preclean: 0.238/0.246 secs] [Times: user=3.14 sys=0.22, real=0.25 secs] 
8639.098: [GC[YG occupancy: 264646 K (353920 K)]8639.098: [Rescan (parallel) , 0.1709405 secs]8639.269: [weak refs processing, 0.0326060 secs] [1 CMS-remark: 2662318K(2752512K)] 2926964K(3106432K), 0.2100862 secs] [Times: user=2.94 sys=0.07, real=0.21 secs] 
8639.310: [CMS-concurrent-sweep-start]
8639.686: [GC 8639.687: [ParNew: 341178K->35542K(353920K), 0.1088266 secs] 3003468K->2697832K(3106432K) icms_dc=100 , 0.1108384 secs] [Times: user=1.08 sys=0.03, real=0.11 secs] 
8642.116: [GC 8642.117: [ParNew: 350166K->31108K(353920K), 0.1498448 secs] 3004990K->2695271K(3106432K) icms_dc=100 , 0.1516007 secs] [Times: user=1.44 sys=0.02, real=0.15 secs] 
8643.729: [GC 8643.731: [ParNew: 345732K->33141K(353920K), 0.1340418 secs] 3008948K->2701468K(3106432K) icms_dc=100 , 0.1358031 secs] [Times: user=1.45 sys=0.03, real=0.14 secs] 
8645.084: [GC 8645.085: [ParNew: 347765K->31516K(353920K), 0.1171632 secs] 3014277K->2702658K(3106432K) icms_dc=100 , 0.1188956 secs] [Times: user=1.29 sys=0.03, real=0.12 secs] 
8646.620: [GC 8646.621: [ParNew: 346140K->33388K(353920K), 0.0992420 secs] 3013908K->2708351K(3106432K) icms_dc=100 , 0.1008247 secs] [Times: user=1.36 sys=0.02, real=0.10 secs] 
8648.462: [GC 8648.463: [ParNew: 348012K->27855K(353920K), 0.0965066 secs] 3017665K->2703044K(3106432K) icms_dc=100 , 0.0980977 secs] [Times: user=1.31 sys=0.02, real=0.10 secs] 
8651.058: [GC 8651.059: [ParNew: 342479K->38096K(353920K), 0.0702439 secs] 3004140K->2699757K(3106432K) icms_dc=100 , 0.0720223 secs] [Times: user=1.13 sys=0.03, real=0.07 secs] 
8652.394: [GC 8652.395: [ParNew: 352726K->39296K(353920K), 0.0971729 secs] 2856050K->2553021K(3106432K) icms_dc=100 , 0.0989123 secs] [Times: user=1.39 sys=0.03, real=0.10 secs] 
8653.340: [GC 8653.341: [ParNew: 353920K->34936K(353920K), 0.1684365 secs] 2847778K->2553508K(3106432K) icms_dc=100 , 0.1701377 secs] [Times: user=1.55 sys=0.08, real=0.17 secs] 
8654.216: [GC 8654.217: [ParNew: 349939K->29076K(353920K), 0.1388357 secs] 2845788K->2541079K(3106432K) icms_dc=100 , 0.1405763 secs] [Times: user=1.31 sys=0.03, real=0.14 secs] 
8654.386: [GC 8654.386: [ParNew: 29410K->13193K(353920K), 0.1037437 secs] 2541384K->2548253K(3106432K) icms_dc=100 , 0.1050256 secs] [Times: user=1.16 sys=0.04, real=0.11 secs] 
8655.197: [GC 8655.198: [ParNew: 329168K->24510K(353920K), 0.1741252 secs] 2837501K->2532844K(3106432K) icms_dc=100 , 0.1757317 secs] [Times: user=1.15 sys=0.06, real=0.18 secs] 
8655.411: [GC 8655.412: [ParNew: 30671K->13318K(353920K), 0.1949579 secs] 2537423K->2540124K(3106432K) icms_dc=100 , 0.1962705 secs] [Times: user=1.19 sys=0.02, real=0.20 secs] 
8656.295: [GC 8656.296: [ParNew: 328015K->22353K(353920K), 0.0890674 secs] 2820107K->2514444K(3106432K) icms_dc=100 , 0.0908174 secs] [Times: user=0.99 sys=0.01, real=0.09 secs] 
8656.412: [GC 8656.413: [ParNew: 23027K->10377K(353920K), 0.1208679 secs] 2515051K->2523122K(3106432K) icms_dc=100 , 0.1220815 secs] [Times: user=1.19 sys=0.06, real=0.12 secs] 
8657.452: [GC 8657.454: [ParNew: 325001K->20929K(353920K), 0.1992794 secs] 2750936K->2446864K(3106432K) icms_dc=100 , 0.2009809 secs] [Times: user=1.34 sys=0.03, real=0.20 secs] 
8658.893: [GC 8658.895: [ParNew: 335553K->39296K(353920K), 0.2122368 secs] 2755573K->2462673K(3106432K) icms_dc=100 , 0.2139585 secs] [Times: user=1.54 sys=0.02, real=0.21 secs] 
8659.713: [GC 8659.714: [ParNew: 353920K->34494K(353920K), 0.1562108 secs] 2752623K->2465402K(3106432K) icms_dc=100 , 0.1579317 secs] [Times: user=1.69 sys=0.06, real=0.16 secs] 
8660.476: [GC 8660.477: [ParNew: 349118K->23681K(353920K), 0.2485635 secs] 2755972K->2444287K(3106432K) icms_dc=100 , 0.2503993 secs] [Times: user=1.85 sys=0.22, real=0.25 secs] 
8661.393: [GC 8661.394: [ParNew: 338307K->39296K(353920K), 0.2708887 secs] 2732223K->2440049K(3106432K) icms_dc=100 , 0.2726388 secs] [Times: user=1.73 sys=0.02, real=0.27 secs] 
8661.691: [GC 8661.692: [ParNew: 39349K->3050K(353920K), 0.2188360 secs] 2440075K->2441540K(3106432K) icms_dc=100 , 0.2200427 secs] [Times: user=1.47 sys=0.04, real=0.22 secs] 
8662.601: [GC 8662.602: [ParNew: 317674K->39296K(353920K), 0.1981233 secs] 2723427K->2446028K(3106432K) icms_dc=100 , 0.1997737 secs] [Times: user=1.70 sys=0.26, real=0.20 secs] 
8663.463: [GC 8663.465: [ParNew: 353521K->39296K(353920K), 0.2944386 secs] 2720674K->2431206K(3106432K) icms_dc=100 , 0.2960613 secs] [Times: user=2.14 sys=0.32, real=0.30 secs] 
8664.407: [GC 8664.408: [ParNew: 353920K->39296K(353920K), 0.3246527 secs] 2664496K->2368639K(3106432K) icms_dc=100 , 0.3262832 secs] [Times: user=2.00 sys=0.39, real=0.33 secs] 
8665.432: [GC 8665.433: [ParNew: 353920K->39296K(353920K), 0.3216551 secs] 2638110K->2340231K(3106432K) icms_dc=100 , 0.3232313 secs] [Times: user=2.11 sys=0.48, real=0.32 secs] 
8665.782: [GC 8665.783: [ParNew: 39548K->11340K(353920K), 0.1523773 secs] 2340456K->2340298K(3106432K) icms_dc=100 , 0.1535698 secs] [Times: user=1.21 sys=0.16, real=0.15 secs] 
8666.617: [CMS-concurrent-sweep: 16.320/27.308 secs] [Times: user=447.60 sys=15.42, real=27.31 secs] 
8666.619: [CMS-concurrent-reset-start]
8666.647: [CMS-concurrent-reset: 0.028/0.028 secs] [Times: user=0.85 sys=0.02, real=0.03 secs] 
8666.766: [GC 8666.768: [ParNew: 326043K->32416K(353920K), 0.2091946 secs] 2606060K->2312433K(3106432K) icms_dc=75 , 0.2108067 secs] [Times: user=1.57 sys=0.33, real=0.21 secs] 
8667.107: [GC [1 CMS-initial-mark: 2280017K(2752512K)] 2351939K(3106432K), 0.8871718 secs] [Times: user=0.89 sys=0.00, real=0.89 secs] 
8667.995: [CMS-concurrent-mark-start]
8668.785: [GC 8668.786: [ParNew: 348300K->39296K(353920K), 0.2443760 secs] 2628317K->2333650K(3106432K) icms_dc=93 , 0.2459248 secs] [Times: user=1.81 sys=0.34, real=0.25 secs] 
8670.008: [GC 8670.009: [ParNew: 353920K->39296K(353920K), 0.1023861 secs] 2649378K->2354198K(3106432K) icms_dc=100 , 0.1040340 secs] [Times: user=1.36 sys=0.06, real=0.10 secs] 
8671.172: [GC 8671.173: [ParNew: 353920K->39296K(353920K), 0.0751751 secs] 2668822K->2377456K(3106432K) icms_dc=100 , 0.0767933 secs] [Times: user=1.12 sys=0.02, real=0.08 secs] 
8672.292: [GC 8672.294: [ParNew: 353920K->39296K(353920K), 0.0849074 secs] 2694375K->2398593K(3106432K) icms_dc=100 , 0.0865637 secs] [Times: user=1.25 sys=0.02, real=0.09 secs] 
8673.494: [GC 8673.495: [ParNew: 353920K->39296K(353920K), 0.0838673 secs] 2715488K->2419055K(3106432K) icms_dc=100 , 0.0855033 secs] [Times: user=1.22 sys=0.02, real=0.09 secs] 
8674.731: [GC 8674.732: [ParNew: 353920K->33164K(353920K), 0.1233230 secs] 2734353K->2422901K(3106432K) icms_dc=100 , 0.1250979 secs] [Times: user=1.33 sys=0.11, real=0.13 secs] 
8674.883: [GC 8674.883: [ParNew: 33435K->22234K(353920K), 0.0546118 secs] 2423173K->2411971K(3106432K) icms_dc=100 , 0.0558317 secs] [Times: user=0.76 sys=0.03, real=0.06 secs] 
8675.990: [GC 8675.991: [ParNew: 337701K->33946K(353920K), 0.1671880 secs] 2727439K->2423683K(3106432K) icms_dc=100 , 0.1688131 secs] [Times: user=1.56 sys=0.28, real=0.17 secs] 
8676.195: [GC 8676.196: [ParNew: 37718K->30676K(353920K), 0.1331160 secs] 2427455K->2427271K(3106432K) icms_dc=100 , 0.1343389 secs] [Times: user=1.39 sys=0.13, real=0.13 secs] 
8677.395: [GC 8677.396: [ParNew: 345300K->33458K(353920K), 0.0959146 secs] 2741895K->2430053K(3106432K) icms_dc=100 , 0.0975663 secs] [Times: user=1.10 sys=0.05, real=0.10 secs] 
8678.588: [GC 8678.589: [ParNew: 347912K->39296K(353920K), 0.1052199 secs] 2744507K->2445037K(3106432K) icms_dc=100 , 0.1068592 secs] [Times: user=1.19 sys=0.03, real=0.11 secs] 
8679.667: [GC 8679.668: [ParNew: 353920K->36715K(353920K), 0.0962577 secs] 2759661K->2451462K(3106432K) icms_dc=100 , 0.0978575 secs] [Times: user=1.11 sys=0.02, real=0.10 secs] 
8680.642: [GC 8680.643: [ParNew: 351339K->39108K(353920K), 0.1388920 secs] 2766086K->2462424K(3106432K) icms_dc=100 , 0.1404819 secs] [Times: user=1.43 sys=0.13, real=0.14 secs] 
8681.613: [GC 8681.615: [ParNew: 353732K->34651K(353920K), 0.0815317 secs] 2777048K->2463032K(3106432K) icms_dc=100 , 0.0831465 secs] [Times: user=1.12 sys=0.02, real=0.08 secs] 
8683.407: [GC 8683.408: [ParNew: 349275K->36065K(353920K), 0.0962157 secs] 2777656K->2472041K(3106432K) icms_dc=100 , 0.0978937 secs] [Times: user=1.11 sys=0.02, real=0.10 secs] 
8686.349: [CMS-concurrent-mark: 12.582/18.354 secs] [Times: user=385.37 sys=14.25, real=18.35 secs] 
8686.350: [CMS-concurrent-preclean-start]
8689.082: [CMS-concurrent-preclean: 1.419/2.732 secs] [Times: user=12.07 sys=0.59, real=2.73 secs] 
8689.083: [CMS-concurrent-abortable-preclean-start]
8689.723: [GC 8689.724: [ParNew: 350689K->34517K(353920K), 0.1387943 secs] 2786665K->2477325K(3106432K) icms_dc=100 , 0.1405357 secs] [Times: user=1.24 sys=0.03, real=0.14 secs] 
8692.064: [CMS-concurrent-abortable-preclean: 1.655/2.980 secs] [Times: user=16.56 sys=1.08, real=2.98 secs] 
8692.617: [GC[YG occupancy: 200576 K (353920 K)]8692.617: [Rescan (parallel) , 0.2496607 secs]8692.867: [weak refs processing, 0.0315366 secs] [1 CMS-remark: 2442807K(2752512K)] 2643384K(3106432K), 0.2865877 secs] [Times: user=2.48 sys=0.09, real=0.29 secs] 
8692.905: [CMS-concurrent-sweep-start]
8694.574: [GC 8694.575: [ParNew: 349141K->32755K(353920K), 0.1814162 secs] 2791779K->2482622K(3106432K) icms_dc=100 , 0.1833071 secs] [Times: user=1.32 sys=0.04, real=0.18 secs] 
8697.221: [GC 8697.223: [ParNew: 347325K->32336K(353920K), 0.1798014 secs] 2787557K->2479218K(3106432K) icms_dc=100 , 0.1816673 secs] [Times: user=1.45 sys=0.02, real=0.18 secs] 
8698.974: [GC 8698.976: [ParNew: 346584K->33833K(353920K), 0.1518327 secs] 2792269K->2485235K(3106432K) icms_dc=100 , 0.1536240 secs] [Times: user=1.35 sys=0.03, real=0.15 secs] 
8700.645: [GC 8700.646: [ParNew: 348457K->32285K(353920K), 0.1438287 secs] 2798759K->2488899K(3106432K) icms_dc=100 , 0.1454842 secs] [Times: user=1.38 sys=0.08, real=0.15 secs] 
8703.037: [GC 8703.038: [ParNew: 346909K->26956K(353920K), 0.1241833 secs] 2741993K->2428587K(3106432K) icms_dc=100 , 0.1259783 secs] [Times: user=1.30 sys=0.03, real=0.13 secs] 
8705.022: [GC 8705.024: [ParNew: 341580K->32555K(353920K), 0.1497223 secs] 2569979K->2260954K(3106432K) icms_dc=100 , 0.1515965 secs] [Times: user=1.11 sys=0.02, real=0.15 secs] 
8706.495: [GC 8706.497: [ParNew: 347179K->39296K(353920K), 0.1343272 secs] 2429740K->2128740K(3106432K) icms_dc=100 , 0.1361114 secs] [Times: user=1.39 sys=0.04, real=0.14 secs] 
8707.815: [GC 8707.816: [ParNew: 353920K->39296K(353920K), 0.1235468 secs] 2397361K->2092507K(3106432K) icms_dc=100 , 0.1252416 secs] [Times: user=1.44 sys=0.03, real=0.13 secs] 
8709.387: [GC 8709.388: [ParNew: 353920K->36960K(353920K), 0.1404742 secs] 2321156K->2013673K(3106432K) icms_dc=100 , 0.1421964 secs] [Times: user=1.43 sys=0.14, real=0.14 secs] 
8712.398: [GC 8712.400: [ParNew: 351584K->39196K(353920K), 0.1900304 secs] 2261765K->1957545K(3106432K) icms_dc=100 , 0.1917663 secs] [Times: user=1.49 sys=0.02, real=0.19 secs] 
8713.271: [GC 8713.272: [ParNew: 353820K->36846K(353920K), 0.1795593 secs] 2261642K->1960322K(3106432K) icms_dc=100 , 0.1811459 secs] [Times: user=1.42 sys=0.04, real=0.18 secs] 
8714.508: [CMS-concurrent-sweep: 12.901/21.603 secs] [Times: user=253.60 sys=9.88, real=21.60 secs] 
8714.509: [CMS-concurrent-reset-start]
8714.537: [CMS-concurrent-reset: 0.027/0.027 secs] [Times: user=0.38 sys=0.03, real=0.03 secs] 
8715.356: [GC 8715.357: [ParNew: 351470K->32155K(353920K), 0.1287551 secs] 2209040K->1906473K(3106432K) icms_dc=75 , 0.1304744 secs] [Times: user=1.13 sys=0.02, real=0.13 secs] 
8715.724: [GC [1 CMS-initial-mark: 1874318K(2752512K)] 1945868K(3106432K), 0.6328280 secs] [Times: user=0.63 sys=0.00, real=0.63 secs] 
8716.358: [CMS-concurrent-mark-start]
8717.306: [GC 8717.307: [ParNew: 347651K->38140K(353920K), 0.3515534 secs] 2221969K->1912458K(3106432K) icms_dc=75 , 0.3532150 secs] [Times: user=1.35 sys=0.06, real=0.35 secs] 
8717.877: [GC 8717.878: [ParNew: 38460K->11184K(353920K), 0.3665103 secs] 1912778K->1917782K(3106432K) icms_dc=75 , 0.3677320 secs] [Times: user=1.48 sys=0.06, real=0.37 secs] 
8719.567: [GC 8719.568: [ParNew: 325510K->23700K(353920K), 0.5072857 secs] 2232108K->1930298K(3106432K) icms_dc=75 , 0.5089538 secs] [Times: user=1.47 sys=0.04, real=0.51 secs] 
8723.200: [GC 8723.202: [ParNew: 338324K->26674K(353920K), 0.7344388 secs] 2244922K->1946814K(3106432K) icms_dc=75 , 0.7362787 secs] [Times: user=2.01 sys=0.15, real=0.74 secs] 
8726.768: [CMS-concurrent-mark: 5.755/10.410 secs] [Times: user=114.00 sys=4.57, real=10.41 secs] 
8726.769: [CMS-concurrent-preclean-start]
8727.825: [GC 8727.826: [ParNew: 341298K->36655K(353920K), 0.6644303 secs] 2261438K->1956795K(3106432K) icms_dc=75 , 0.6661677 secs] [Times: user=2.16 sys=0.28, real=0.67 secs] 
8730.067: [CMS-concurrent-preclean: 1.561/3.298 secs] [Times: user=25.44 sys=1.15, real=3.30 secs] 
8730.068: [CMS-concurrent-abortable-preclean-start]
8730.264: [CMS-concurrent-abortable-preclean: 0.196/0.196 secs] [Times: user=1.01 sys=0.07, real=0.20 secs] 
8730.367: [GC[YG occupancy: 293279 K (353920 K)]8730.367: [Rescan (parallel) , 0.5296410 secs]8730.897: [weak refs processing, 0.0122673 secs] [1 CMS-remark: 1920140K(2752512K)] 2213419K(3106432K), 0.5441323 secs] [Times: user=3.44 sys=0.17, real=0.54 secs] 
8730.912: [CMS-concurrent-sweep-start]
8731.355: [GC 8731.356: [ParNew: 351279K->39296K(353920K), 0.4883840 secs] 2271364K->1968303K(3106432K) icms_dc=75 , 0.4901439 secs] [Times: user=1.87 sys=0.02, real=0.49 secs] 
8734.664: [GC 8734.665: [ParNew: 353920K->39296K(353920K), 0.8916203 secs] 2280669K->1978711K(3106432K) icms_dc=75 , 0.8933212 secs] [Times: user=2.54 sys=0.16, real=0.89 secs] 
8735.775: [GC 8735.776: [ParNew: 40248K->34680K(353920K), 0.8158086 secs] 1979663K->1985797K(3106432K) icms_dc=75 , 0.8170231 secs] [Times: user=2.38 sys=0.26, real=0.82 secs] 
8738.937: [GC 8738.938: [ParNew: 349304K->37217K(353920K), 0.4878824 secs] 2293216K->1981129K(3106432K) icms_dc=75 , 0.4895397 secs] [Times: user=1.45 sys=0.02, real=0.49 secs] 
8741.927: [GC 8741.929: [ParNew: 351841K->39296K(353920K), 0.7161136 secs] 2291649K->1990608K(3106432K) icms_dc=75 , 0.7178149 secs] [Times: user=2.07 sys=0.03, real=0.72 secs] 
8745.249: [GC 8745.251: [ParNew: 353920K->39296K(353920K), 0.4470282 secs] 2294971K->1992732K(3106432K) icms_dc=75 , 0.4487671 secs] [Times: user=1.89 sys=0.06, real=0.45 secs] 
8747.705: [GC 8747.706: [ParNew: 353920K->29921K(353920K), 0.7334376 secs] 2251347K->1949096K(3106432K) icms_dc=75 , 0.7351388 secs] [Times: user=2.24 sys=0.03, real=0.74 secs] 
8750.590: [GC 8750.591: [ParNew: 344521K->29807K(353920K), 0.4013000 secs] 2080523K->1765809K(3106432K) icms_dc=75 , 0.4030283 secs] [Times: user=1.55 sys=0.12, real=0.40 secs] 
8751.387: [CMS-concurrent-sweep: 9.160/20.475 secs] [Times: user=156.88 sys=6.69, real=20.48 secs] 
8751.388: [CMS-concurrent-reset-start]
8751.413: [CMS-concurrent-reset: 0.025/0.025 secs] [Times: user=0.25 sys=0.01, real=0.03 secs] 
8753.195: [GC 8753.196: [ParNew: 344431K->39296K(353920K), 0.3187142 secs] 2074007K->1777440K(3106432K) icms_dc=57 , 0.3204766 secs] [Times: user=1.49 sys=0.02, real=0.32 secs] 
8754.519: [GC [1 CMS-initial-mark: 1738144K(2752512K)] 1845107K(3106432K), 1.0862054 secs] [Times: user=1.09 sys=0.01, real=1.09 secs] 
8755.607: [CMS-concurrent-mark-start]
8758.530: [GC 8758.531: [ParNew: 353920K->39296K(353920K), 0.3536356 secs] 2092064K->1786746K(3106432K) icms_dc=57 , 0.3554867 secs] [Times: user=1.69 sys=0.02, real=0.36 secs] 
8760.215: [GC 8760.216: [ParNew: 353920K->39296K(353920K), 0.3028369 secs] 2101370K->1797175K(3106432K) icms_dc=57 , 0.3046018 secs] [Times: user=1.58 sys=0.02, real=0.31 secs] 
8761.639: [GC 8761.640: [ParNew: 353920K->39296K(353920K), 0.3187095 secs] 2111799K->1814583K(3106432K) icms_dc=57 , 0.3203720 secs] [Times: user=1.95 sys=0.08, real=0.32 secs] 
8764.699: [GC 8764.700: [ParNew: 353858K->34334K(353920K), 0.3198893 secs] 2129145K->1837947K(3106432K) icms_dc=57 , 0.3216243 secs] [Times: user=1.54 sys=0.03, real=0.32 secs] 
8767.202: [GC 8767.203: [ParNew: 348958K->36897K(353920K), 0.3376252 secs] 2152571K->1840510K(3106432K) icms_dc=57 , 0.3395682 secs] [Times: user=1.77 sys=0.11, real=0.34 secs] 
8768.779: [GC 8768.780: [ParNew: 351521K->28985K(353920K), 0.2051446 secs] 2155134K->1850801K(3106432K) icms_dc=57 , 0.2071084 secs] [Times: user=1.79 sys=0.03, real=0.21 secs] 
8769.618: [CMS-concurrent-mark: 6.520/14.011 secs] [Times: user=168.53 sys=5.45, real=14.01 secs] 
8769.619: [CMS-concurrent-preclean-start]
8769.815: [GC 8769.816: [ParNew: 348236K->39296K(353920K), 0.1365074 secs] 2170052K->1869625K(3106432K) icms_dc=57 , 0.1381734 secs] [Times: user=1.25 sys=0.03, real=0.14 secs] 
8769.980: [GC 8769.981: [ParNew: 39510K->19229K(353920K), 0.1638229 secs] 1869839K->1887949K(3106432K) icms_dc=57 , 0.1650877 secs] [Times: user=1.31 sys=0.04, real=0.17 secs] 
8771.342: [GC 8771.343: [ParNew: 334136K->39296K(353920K), 0.3597197 secs] 2202856K->1913948K(3106432K) icms_dc=57 , 0.3614025 secs] [Times: user=1.47 sys=0.05, real=0.36 secs] 
8771.746: [GC 8771.747: [ParNew: 44408K->14647K(353920K), 0.3276885 secs] 1919060K->1924871K(3106432K) icms_dc=57 , 0.3289571 secs] [Times: user=1.21 sys=0.02, real=0.33 secs] 
8773.302: [GC 8773.304: [ParNew: 329293K->25684K(353920K), 0.2505989 secs] 2239517K->1935908K(3106432K) icms_dc=57 , 0.2524072 secs] [Times: user=1.17 sys=0.04, real=0.25 secs] 
8773.582: [GC 8773.583: [ParNew: 25704K->3344K(353920K), 0.2579810 secs] 1935927K->1937349K(3106432K) icms_dc=57 , 0.2591868 secs] [Times: user=1.25 sys=0.07, real=0.26 secs] 
8775.741: [GC 8775.743: [ParNew: 317968K->20608K(353920K), 0.1327669 secs] 2251973K->1954613K(3106432K) icms_dc=57 , 0.1345305 secs] [Times: user=1.13 sys=0.02, real=0.14 secs] 
8777.110: [GC 8777.111: [ParNew: 335232K->38544K(353920K), 0.2257746 secs] 2269237K->1972549K(3106432K) icms_dc=57 , 0.2276753 secs] [Times: user=1.70 sys=0.22, real=0.23 secs] 
8778.584: [CMS-concurrent-preclean: 3.596/8.965 secs] [Times: user=139.60 sys=5.70, real=8.97 secs] 
8778.585: [CMS-concurrent-abortable-preclean-start]
8779.149: [GC 8779.150: [ParNew: 353168K->38024K(353920K), 0.1567959 secs] 2287173K->1981641K(3106432K) icms_dc=57 , 0.1585583 secs] [Times: user=1.44 sys=0.04, real=0.16 secs] 
8779.627: [CMS-concurrent-abortable-preclean: 0.065/1.042 secs] [Times: user=10.82 sys=0.48, real=1.04 secs] 
8779.655: [GC[YG occupancy: 105886 K (353920 K)]8779.655: [Rescan (parallel) , 0.3761491 secs]8780.031: [weak refs processing, 0.0046713 secs] [1 CMS-remark: 1943617K(2752512K)] 2049503K(3106432K), 0.3821853 secs] [Times: user=3.25 sys=0.65, real=0.38 secs] 
8780.038: [CMS-concurrent-sweep-start]
8781.969: [GC 8781.971: [ParNew: 352648K->34050K(353920K), 0.1573106 secs] 2295760K->1987647K(3106432K) icms_dc=57 , 0.1591097 secs] [Times: user=1.36 sys=0.03, real=0.16 secs] 
8783.537: [GC 8783.538: [ParNew: 348674K->29502K(353920K), 0.1315252 secs] 2296889K->1984593K(3106432K) icms_dc=57 , 0.1333189 secs] [Times: user=1.28 sys=0.02, real=0.13 secs] 
8785.274: [GC 8785.276: [ParNew: 344126K->39296K(353920K), 0.1620409 secs] 2298697K->2002086K(3106432K) icms_dc=57 , 0.1637452 secs] [Times: user=1.38 sys=0.03, real=0.16 secs] 
8787.290: [GC 8787.291: [ParNew: 353920K->27573K(353920K), 0.1670143 secs] 2315982K->2011002K(3106432K) icms_dc=57 , 0.1687304 secs] [Times: user=1.37 sys=0.03, real=0.17 secs] 
8788.554: [GC 8788.555: [ParNew: 342197K->30230K(353920K), 0.2345916 secs] 2324652K->2012685K(3106432K) icms_dc=57 , 0.2363215 secs] [Times: user=1.26 sys=0.03, real=0.24 secs] 
8789.764: [GC 8789.765: [ParNew: 344854K->34739K(353920K), 0.3538022 secs] 2326472K->2024604K(3106432K) icms_dc=57 , 0.3554304 secs] [Times: user=1.60 sys=0.03, real=0.36 secs] 
8791.303: [GC 8791.304: [ParNew: 349363K->24390K(353920K), 0.1497473 secs] 2331837K->2012560K(3106432K) icms_dc=57 , 0.1513114 secs] [Times: user=1.14 sys=0.02, real=0.15 secs] 
8792.609: [GC 8792.610: [ParNew: 339014K->35998K(353920K), 0.3524775 secs] 2321098K->2018082K(3106432K) icms_dc=57 , 0.3541710 secs] [Times: user=1.98 sys=0.44, real=0.35 secs] 
8793.915: [GC 8793.916: [ParNew: 350622K->39296K(353920K), 0.3056095 secs] 2328584K->2025115K(3106432K) icms_dc=57 , 0.3072489 secs] [Times: user=1.37 sys=0.02, real=0.31 secs] 
8795.097: [GC 8795.098: [ParNew: 353920K->39296K(353920K), 0.2182508 secs] 2326863K->2026077K(3106432K) icms_dc=57 , 0.2199956 secs] [Times: user=1.50 sys=0.03, real=0.22 secs] 
8796.079: [GC 8796.080: [ParNew: 353920K->34523K(353920K), 0.1083623 secs] 2320391K->2024366K(3106432K) icms_dc=57 , 0.1100324 secs] [Times: user=1.35 sys=0.03, real=0.11 secs] 
8797.820: [GC 8797.821: [ParNew: 349147K->25450K(353920K), 0.2265471 secs] 2300036K->1992592K(3106432K) icms_dc=57 , 0.2282488 secs] [Times: user=1.63 sys=0.16, real=0.23 secs] 
8798.634: [CMS-concurrent-sweep: 8.868/18.595 secs] [Times: user=266.60 sys=10.02, real=18.60 secs] 
8798.635: [CMS-concurrent-reset-start]
8798.686: [CMS-concurrent-reset: 0.025/0.051 secs] [Times: user=0.44 sys=0.02, real=0.05 secs] 
8798.935: [GC 8798.936: [ParNew: 340074K->30051K(353920K), 0.0924063 secs] 2279764K->1969740K(3106432K) icms_dc=43 , 0.0940784 secs] [Times: user=1.06 sys=0.01, real=0.09 secs] 
8799.192: [GC [1 CMS-initial-mark: 1939689K(2752512K)] 2059601K(3106432K), 1.0237435 secs] [Times: user=1.03 sys=0.00, real=1.02 secs] 
8800.217: [CMS-concurrent-mark-start]
8800.986: [GC 8800.987: [ParNew: 344675K->36732K(353920K), 0.1103141 secs] 2284364K->1985437K(3106432K) icms_dc=43 , 0.1119698 secs] [Times: user=1.19 sys=0.02, real=0.11 secs] 
8802.353: [GC 8802.354: [ParNew: 351356K->39296K(353920K), 0.2154675 secs] 2300061K->1995270K(3106432K) icms_dc=43 , 0.2172012 secs] [Times: user=1.45 sys=0.03, real=0.22 secs] 
8803.737: [GC 8803.738: [ParNew: 353920K->36025K(353920K), 0.1275237 secs] 2309894K->2003365K(3106432K) icms_dc=43 , 0.1292742 secs] [Times: user=1.18 sys=0.03, real=0.13 secs] 
8805.377: [GC 8805.378: [ParNew: 350649K->35969K(353920K), 0.1078543 secs] 2317989K->2012218K(3106432K) icms_dc=43 , 0.1096898 secs] [Times: user=1.16 sys=0.02, real=0.11 secs] 
8806.392: [GC 8806.393: [ParNew: 350593K->39296K(353920K), 0.1949572 secs] 2326842K->2030375K(3106432K) icms_dc=43 , 0.1966787 secs] [Times: user=1.36 sys=0.03, real=0.20 secs] 
8807.544: [GC 8807.545: [ParNew: 353920K->29680K(353920K), 0.0932392 secs] 2344999K->2037039K(3106432K) icms_dc=43 , 0.0948631 secs] [Times: user=1.24 sys=0.03, real=0.10 secs] 
8808.681: [GC 8808.682: [ParNew: 344304K->39296K(353920K), 0.0611394 secs] 2351663K->2047244K(3106432K) icms_dc=43 , 0.0628590 secs] [Times: user=0.96 sys=0.02, real=0.06 secs] 
8809.799: [GC 8809.800: [ParNew: 353920K->28810K(353920K), 0.1188651 secs] 2362058K->2053242K(3106432K) icms_dc=43 , 0.1205753 secs] [Times: user=1.22 sys=0.04, real=0.12 secs] 
8811.350: [GC 8811.351: [ParNew: 343434K->24512K(353920K), 0.1111554 secs] 2367866K->2057695K(3106432K) icms_dc=43 , 0.1128871 secs] [Times: user=1.27 sys=0.02, real=0.11 secs] 
8813.160: [GC 8813.161: [ParNew: 339136K->28260K(353920K), 0.0882741 secs] 2372319K->2061444K(3106432K) icms_dc=43 , 0.0900160 secs] [Times: user=1.06 sys=0.02, real=0.09 secs] 
8814.036: [GC 8814.037: [ParNew: 342884K->37713K(353920K), 0.0809209 secs] 2376068K->2076295K(3106432K) icms_dc=43 , 0.0826037 secs] [Times: user=1.24 sys=0.02, real=0.08 secs] 
8815.237: [GC 8815.238: [ParNew: 352296K->39296K(353920K), 0.1141204 secs] 2390878K->2086540K(3106432K) icms_dc=43 , 0.1157551 secs] [Times: user=1.49 sys=0.02, real=0.12 secs] 
8816.858: [GC 8816.859: [ParNew: 353920K->39296K(353920K), 0.1070116 secs] 2401164K->2097729K(3106432K) icms_dc=43 , 0.1087146 secs] [Times: user=1.27 sys=0.03, real=0.11 secs] 
8818.458: [GC 8818.459: [ParNew: 353920K->25903K(353920K), 0.1243342 secs] 2412353K->2106176K(3106432K) icms_dc=43 , 0.1260407 secs] [Times: user=1.40 sys=0.04, real=0.13 secs] 
8819.415: [GC 8819.416: [ParNew: 340527K->35085K(353920K), 0.1420221 secs] 2420800K->2115357K(3106432K) icms_dc=43 , 0.1437253 secs] [Times: user=1.26 sys=0.02, real=0.14 secs] 
8820.320: [GC 8820.321: [ParNew: 349709K->27682K(353920K), 0.3620472 secs] 2429981K->2128462K(3106432K) icms_dc=45 , 0.3637412 secs] [Times: user=3.19 sys=0.65, real=0.36 secs] 
8821.040: [CMS-concurrent-mark: 7.564/20.823 secs] [Times: user=385.87 sys=12.23, real=20.82 secs] 
8821.041: [CMS-concurrent-preclean-start]
8821.357: [GC 8821.358: [ParNew: 342306K->39296K(353920K), 0.1217848 secs] 2443086K->2140339K(3106432K) icms_dc=45 , 0.1233589 secs] [Times: user=1.55 sys=0.14, real=0.12 secs] 
8822.385: [GC 8822.386: [ParNew: 353915K->39296K(353920K), 0.0865285 secs] 2454958K->2151685K(3106432K) icms_dc=45 , 0.0879156 secs] [Times: user=1.45 sys=0.03, real=0.09 secs] 
8824.013: [GC 8824.015: [ParNew: 353920K->39296K(353920K), 0.1466948 secs] 2466309K->2163499K(3106432K) icms_dc=45 , 0.1484228 secs] [Times: user=1.56 sys=0.04, real=0.15 secs] 
8825.410: [GC 8825.411: [ParNew: 353920K->33118K(353920K), 0.1198725 secs] 2478123K->2169621K(3106432K) icms_dc=45 , 0.1216135 secs] [Times: user=1.41 sys=0.02, real=0.12 secs] 
8826.266: [GC 8826.268: [ParNew: 347742K->37692K(353920K), 0.1233289 secs] 2484245K->2184005K(3106432K) icms_dc=45 , 0.1253913 secs] [Times: user=1.57 sys=0.04, real=0.13 secs] 
8827.298: [GC 8827.300: [ParNew: 352316K->39296K(353920K), 0.1007137 secs] 2498629K->2198153K(3106432K) icms_dc=45 , 0.1025679 secs] [Times: user=1.46 sys=0.04, real=0.10 secs] 
8828.090: [GC 8828.091: [ParNew: 353920K->39296K(353920K), 0.5396898 secs] 2515065K->2230805K(3106432K) icms_dc=60 , 0.5413370 secs] [Times: user=2.74 sys=0.15, real=0.54 secs] 
8828.660: [GC 8828.661: [ParNew: 39475K->13632K(353920K), 0.2454420 secs] 2230985K->2232972K(3106432K) icms_dc=75 , 0.2466519 secs] [Times: user=1.68 sys=0.06, real=0.25 secs] 
8829.704: [GC 8829.705: [ParNew: 329114K->39296K(353920K), 0.1918481 secs] 2548455K->2262094K(3106432K) icms_dc=75 , 0.1935598 secs] [Times: user=1.43 sys=0.11, real=0.19 secs] 
8829.925: [GC 8829.925: [ParNew: 39938K->13078K(353920K), 0.0947608 secs] 2262736K->2273333K(3106432K) icms_dc=93 , 0.0962475 secs] [Times: user=1.14 sys=0.04, real=0.10 secs] 
8830.790: [GC 8830.791: [ParNew: 331539K->39296K(353920K), 0.2099757 secs] 2591793K->2303921K(3106432K) icms_dc=93 , 0.2116865 secs] [Times: user=1.44 sys=0.01, real=0.21 secs] 
8831.029: [GC 8831.030: [ParNew: 39701K->10641K(353920K), 0.1608603 secs] 2304326K->2314144K(3106432K) icms_dc=100 , 0.1621025 secs] [Times: user=1.29 sys=0.05, real=0.16 secs] 
8832.060: [GC 8832.061: [ParNew: 327233K->39296K(353920K), 0.1413440 secs] 2630736K->2354604K(3106432K) icms_dc=100 , 0.1430686 secs] [Times: user=1.51 sys=0.10, real=0.14 secs] 
8833.140: [GC 8833.141: [ParNew: 353920K->39296K(353920K), 0.1525308 secs] 2672202K->2388580K(3106432K) icms_dc=100 , 0.1543121 secs] [Times: user=1.77 sys=0.10, real=0.16 secs] 
8833.321: [GC 8833.322: [ParNew: 39450K->18387K(353920K), 0.0909608 secs] 2388734K->2405716K(3106432K) icms_dc=100 , 0.0922067 secs] [Times: user=1.15 sys=0.05, real=0.09 secs] 
8834.407: [GC 8834.408: [ParNew: 333011K->39296K(353920K), 0.1103309 secs] 2720340K->2435484K(3106432K) icms_dc=100 , 0.1119854 secs] [Times: user=1.42 sys=0.07, real=0.11 secs] 
8835.600: [GC 8835.601: [ParNew: 353920K->39296K(353920K), 0.1997221 secs] 2751382K->2451650K(3106432K) icms_dc=100 , 0.2014398 secs] [Times: user=1.87 sys=0.27, real=0.20 secs] 
8835.828: [GC 8835.829: [ParNew: 39608K->12112K(353920K), 0.1279908 secs] 2451963K->2459649K(3106432K) icms_dc=100 , 0.1292143 secs] [Times: user=1.39 sys=0.15, real=0.13 secs] 
8837.257: [GC 8837.258: [ParNew: 326736K->38797K(353920K), 0.1758674 secs] 2774273K->2486333K(3106432K) icms_dc=100 , 0.1777095 secs] [Times: user=1.48 sys=0.14, real=0.18 secs] 
8838.481: [GC 8838.482: [ParNew: 353421K->37185K(353920K), 0.1418152 secs] 2800957K->2493837K(3106432K) icms_dc=100 , 0.1435502 secs] [Times: user=1.73 sys=0.15, real=0.14 secs] 
8839.554: [GC 8839.555: [ParNew: 351809K->36978K(353920K), 0.1621340 secs] 2808461K->2506072K(3106432K) icms_dc=100 , 0.1637849 secs] [Times: user=1.58 sys=0.22, real=0.16 secs] 
8840.591: [GC 8840.592: [ParNew: 351602K->35431K(353920K), 0.0779787 secs] 2820696K->2519897K(3106432K) icms_dc=100 , 0.0795954 secs] [Times: user=1.29 sys=0.03, real=0.08 secs] 
8842.147: [GC 8842.148: [ParNew: 350055K->26371K(353920K), 0.1596020 secs] 2834521K->2528063K(3106432K) icms_dc=100 , 0.1612927 secs] [Times: user=1.52 sys=0.16, real=0.16 secs] 
8843.574: [GC 8843.575: [ParNew: 341839K->39295K(353920K), 0.1375628 secs] 2843532K->2541420K(3106432K) icms_dc=100 , 0.1392104 secs] [Times: user=1.36 sys=0.13, real=0.14 secs] 
8843.740: [GC 8843.741: [ParNew: 39567K->15978K(353920K), 0.1253962 secs] 2541691K->2547300K(3106432K) icms_dc=100 , 0.1266892 secs] [Times: user=1.31 sys=0.09, real=0.13 secs] 
8844.961: [GC 8844.963: [ParNew: 330602K->23998K(353920K), 0.0750757 secs] 2861924K->2555320K(3106432K) icms_dc=100 , 0.0767515 secs] [Times: user=0.92 sys=0.01, real=0.08 secs] 
8845.161: [CMS-concurrent-preclean: 13.120/24.120 secs] [Times: user=491.78 sys=17.02, real=24.12 secs] 
8845.162: [CMS-concurrent-abortable-preclean-start]
8845.789: [CMS-concurrent-abortable-preclean: 0.539/0.627 secs] [Times: user=15.73 sys=0.65, real=0.63 secs] 
8845.817: [GC[YG occupancy: 273557 K (353920 K)]8845.817: [Rescan (parallel) , 0.3615142 secs]8846.179: [weak refs processing, 0.0140965 secs] [1 CMS-remark: 2531321K(2752512K)] 2804878K(3106432K), 0.3782401 secs] [Times: user=3.56 sys=0.61, real=0.38 secs] 
8846.197: [CMS-concurrent-sweep-start]
8846.479: [GC 8846.480: [ParNew: 338838K->24344K(353920K), 0.1099297 secs] 2870060K->2568408K(3106432K) icms_dc=100 , 0.1115537 secs] [Times: user=1.41 sys=0.04, real=0.11 secs] 
8846.618: [GC 8846.618: [ParNew: 24660K->25456K(353920K), 0.0593907 secs] 2568724K->2569519K(3106432K) icms_dc=100 , 0.0606258 secs] [Times: user=0.86 sys=0.04, real=0.06 secs] 
8847.673: [GC 8847.674: [ParNew: 340080K->36170K(353920K), 0.1038554 secs] 2883119K->2579210K(3106432K) icms_dc=100 , 0.1055323 secs] [Times: user=1.22 sys=0.06, real=0.11 secs] 
8848.561: [GC 8848.562: [ParNew: 351738K->39296K(353920K), 0.1392128 secs] 2894082K->2590912K(3106432K) icms_dc=100 , 0.1407578 secs] [Times: user=1.28 sys=0.05, real=0.14 secs] 
8848.729: [GC 8848.730: [ParNew: 39673K->25322K(353920K), 0.0713514 secs] 2591289K->2587436K(3106432K) icms_dc=100 , 0.0725491 secs] [Times: user=1.05 sys=0.03, real=0.07 secs] 
8849.522: [GC 8849.524: [ParNew: 339946K->30400K(353920K), 0.1105486 secs] 2898635K->2589089K(3106432K) icms_dc=100 , 0.1121742 secs] [Times: user=1.08 sys=0.02, real=0.11 secs] 
8850.552: [GC 8850.553: [ParNew: 345138K->22207K(353920K), 0.1022907 secs] 2897512K->2588650K(3106432K) icms_dc=100 , 0.1039471 secs] [Times: user=1.28 sys=0.03, real=0.10 secs] 
8850.683: [GC 8850.684: [ParNew: 22715K->24612K(353920K), 0.0536637 secs] 2589157K->2591055K(3106432K) icms_dc=100 , 0.0548874 secs] [Times: user=0.79 sys=0.04, real=0.06 secs] 
8851.554: [GC 8851.555: [ParNew: 339236K->35699K(353920K), 0.0788143 secs] 2905086K->2601550K(3106432K) icms_dc=100 , 0.0804405 secs] [Times: user=1.03 sys=0.03, real=0.08 secs] 
8852.263: [GC 8852.264: [ParNew: 350323K->39296K(353920K), 0.1013305 secs] 2915968K->2613830K(3106432K) icms_dc=100 , 0.1029622 secs] [Times: user=1.25 sys=0.02, real=0.10 secs] 
8853.079: [GC 8853.080: [ParNew: 353920K->39296K(353920K), 0.1283272 secs] 2928494K->2625825K(3106432K) icms_dc=100 , 0.1298761 secs] [Times: user=1.43 sys=0.09, real=0.13 secs] 
8853.236: [GC 8853.236: [ParNew: 39539K->31942K(353920K), 0.0731431 secs] 2626069K->2630021K(3106432K) icms_dc=100 , 0.0743692 secs] [Times: user=0.99 sys=0.02, real=0.08 secs] 
8854.095: [GC 8854.096: [ParNew: 346566K->37796K(353920K), 0.0789433 secs] 2944378K->2635607K(3106432K) icms_dc=100 , 0.0806312 secs] [Times: user=1.03 sys=0.01, real=0.08 secs] 
8855.043: [GC 8855.044: [ParNew: 352718K->39296K(353920K), 0.1784564 secs] 2950280K->2657268K(3106432K) icms_dc=100 , 0.1801696 secs] [Times: user=1.59 sys=0.11, real=0.18 secs] 
8855.265: [GC 8855.266: [ParNew: 45672K->25442K(353920K), 0.1287275 secs] 2663644K->2674431K(3106432K) icms_dc=100 , 0.1300564 secs] [Times: user=1.04 sys=0.03, real=0.13 secs] 
8856.226: [GC 8856.227: [ParNew: 341123K->38129K(353920K), 0.0915249 secs] 2989889K->2686895K(3106432K) icms_dc=100 , 0.0931127 secs] [Times: user=1.04 sys=0.04, real=0.09 secs] 
8856.347: [GC 8856.347: [ParNew (promotion failed): 38432K->12697K(353920K), 1.0156057 secs] 2687198K->2684897K(3106432K) icms_dc=100 , 1.0168391 secs] [Times: user=1.82 sys=0.89, real=1.02 secs] 
GC locker: Trying a full collection because scavenge failed
8857.365: [Full GC 8857.365: [CMS8861.555: [CMS-concurrent-sweep: 11.117/15.359 secs] [Times: user=241.80 sys=9.17, real=15.36 secs] 
 (concurrent mode failure): 2672200K->1655766K(2752512K), 43.2235689 secs] 2684897K->1655766K(3106432K), [CMS Perm : 210572K->204864K(402264K)] icms_dc=100 , 43.2247507 secs] [Times: user=43.26 sys=0.03, real=43.23 secs] 
8900.692: [GC [1 CMS-initial-mark: 1655766K(2752512K)] 1656121K(3106432K), 0.2451597 secs] [Times: user=0.25 sys=0.00, real=0.25 secs] 
8900.938: [CMS-concurrent-mark-start]
8902.566: [GC 8902.567: [ParNew: 314624K->26900K(353920K), 0.0962440 secs] 1970390K->1682666K(3106432K) icms_dc=100 , 0.0979338 secs] [Times: user=0.99 sys=0.04, real=0.10 secs] 
8903.924: [GC 8903.925: [ParNew: 341524K->31734K(353920K), 0.1228339 secs] 1997290K->1703885K(3106432K) icms_dc=100 , 0.1244537 secs] [Times: user=1.29 sys=0.04, real=0.13 secs] 
8905.241: [GC 8905.242: [ParNew: 346358K->30901K(353920K), 0.1480601 secs] 2018509K->1714046K(3106432K) icms_dc=100 , 0.1496862 secs] [Times: user=1.37 sys=0.14, real=0.15 secs] 
8907.370: [GC 8907.371: [ParNew: 345525K->22665K(353920K), 0.0848703 secs] 2028670K->1716565K(3106432K) icms_dc=100 , 0.0864995 secs] [Times: user=1.05 sys=0.03, real=0.09 secs] 
8909.376: [GC 8909.377: [ParNew: 337289K->31736K(353920K), 0.1341498 secs] 2031189K->1725636K(3106432K) icms_dc=100 , 0.1358140 secs] [Times: user=1.26 sys=0.14, real=0.14 secs] 
8910.647: [GC 8910.648: [ParNew: 346360K->36970K(353920K), 0.0826480 secs] 2040260K->1738872K(3106432K) icms_dc=100 , 0.0843070 secs] [Times: user=1.02 sys=0.03, real=0.10 secs] 
8912.198: [CMS-concurrent-mark: 7.000/11.259 secs] [Times: user=185.08 sys=6.56, real=11.26 secs] 
8912.199: [CMS-concurrent-preclean-start]
8913.229: [GC 8913.230: [ParNew: 351594K->39296K(353920K), 0.1973054 secs] 2053496K->1754066K(3106432K) icms_dc=100 , 0.1989690 secs] [Times: user=1.34 sys=0.02, real=0.20 secs] 
8913.483: [CMS-concurrent-preclean: 0.934/1.284 secs] [Times: user=11.55 sys=0.68, real=1.28 secs] 
8913.484: [CMS-concurrent-abortable-preclean-start]
8914.377: [CMS-concurrent-abortable-preclean: 0.788/0.893 secs] [Times: user=12.03 sys=0.74, real=0.89 secs] 
8914.406: [GC[YG occupancy: 216044 K (353920 K)]8914.407: [Rescan (parallel) , 0.1395872 secs]8914.547: [weak refs processing, 0.0012357 secs] [1 CMS-remark: 1714770K(2752512K)] 1930815K(3106432K), 0.1415397 secs] [Times: user=2.33 sys=0.08, real=0.14 secs] 
8914.549: [CMS-concurrent-sweep-start]
8915.068: [GC 8915.069: [ParNew: 353920K->39296K(353920K), 0.1411265 secs] 2068684K->1764683K(3106432K) icms_dc=100 , 0.1428344 secs] [Times: user=1.28 sys=0.03, real=0.14 secs] 
8916.434: [GC 8916.435: [ParNew: 353920K->36387K(353920K), 0.2090359 secs] 2079024K->1772703K(3106432K) icms_dc=100 , 0.2107023 secs] [Times: user=1.59 sys=0.11, real=0.21 secs] 
8917.191: [GC 8917.192: [ParNew: 351011K->39296K(353920K), 0.1102820 secs] 2087163K->1783332K(3106432K) icms_dc=100 , 0.1118989 secs] [Times: user=1.34 sys=0.09, real=0.11 secs] 
8918.020: [GC 8918.021: [ParNew: 353920K->38027K(353920K), 0.1109737 secs] 2097402K->1787455K(3106432K) icms_dc=100 , 0.1125458 secs] [Times: user=1.18 sys=0.03, real=0.11 secs] 
8918.853: [GC 8918.854: [ParNew: 352651K->36990K(353920K), 0.0866010 secs] 2102024K->1799818K(3106432K) icms_dc=100 , 0.0882399 secs] [Times: user=1.16 sys=0.02, real=0.09 secs] 
8919.636: [GC 8919.637: [ParNew: 351614K->39296K(353920K), 0.1309251 secs] 2114393K->1810343K(3106432K) icms_dc=100 , 0.1325675 secs] [Times: user=1.47 sys=0.14, real=0.13 secs] 
8920.437: [GC 8920.438: [ParNew: 353920K->39296K(353920K), 0.1020419 secs] 2124949K->1823909K(3106432K) icms_dc=100 , 0.1036019 secs] [Times: user=1.20 sys=0.02, real=0.10 secs] 
8921.310: [GC 8921.311: [ParNew: 353920K->39296K(353920K), 0.2473983 secs] 2139004K->1851399K(3106432K) icms_dc=100 , 0.2489061 secs] [Times: user=2.22 sys=0.39, real=0.25 secs] 
8922.307: [GC 8922.308: [ParNew: 353920K->39296K(353920K), 0.2073869 secs] 2166076K->1861738K(3106432K) icms_dc=100 , 0.2089314 secs] [Times: user=1.86 sys=0.29, real=0.21 secs] 
8922.584: [GC 8922.585: [ParNew: 56148K->26322K(353920K), 0.1280737 secs] 1878591K->1876041K(3106432K) icms_dc=100 , 0.1293383 secs] [Times: user=1.26 sys=0.15, real=0.13 secs] 
8923.597: [GC 8923.598: [ParNew: 343891K->39296K(353920K), 0.0721960 secs] 2193602K->1895586K(3106432K) icms_dc=100 , 0.0738141 secs] [Times: user=1.12 sys=0.04, real=0.07 secs] 
8923.699: [GC 8923.699: [ParNew: 39627K->10742K(353920K), 0.0792263 secs] 1895918K->1904864K(3106432K) icms_dc=100 , 0.0804578 secs] [Times: user=0.95 sys=0.04, real=0.08 secs] 
8924.595: [GC 8924.597: [ParNew: 329463K->39296K(353920K), 0.2633161 secs] 2223583K->1938151K(3106432K) icms_dc=100 , 0.2650288 secs] [Times: user=1.27 sys=0.02, real=0.27 secs] 
8924.904: [GC 8924.905: [ParNew: 49886K->12804K(353920K), 0.1360332 secs] 1948732K->1949269K(3106432K) icms_dc=100 , 0.1372710 secs] [Times: user=0.95 sys=0.02, real=0.14 secs] 
8925.996: [GC 8925.998: [ParNew: 328828K->39296K(353920K), 0.1183438 secs] 2265272K->1977402K(3106432K) icms_dc=100 , 0.1201466 secs] [Times: user=1.31 sys=0.07, real=0.12 secs] 
8926.203: [GC 8926.204: [ParNew: 71378K->14340K(353920K), 0.1680671 secs] 2009485K->1990338K(3106432K) icms_dc=100 , 0.1693959 secs] [Times: user=1.25 sys=0.04, real=0.17 secs] 
8927.170: [GC 8927.171: [ParNew: 329412K->39296K(353920K), 0.0833097 secs] 2305403K->2021611K(3106432K) icms_dc=100 , 0.0850146 secs] [Times: user=1.08 sys=0.02, real=0.09 secs] 
8927.282: [GC 8927.283: [ParNew: 39483K->6339K(353920K), 0.0994519 secs] 2021798K->2027051K(3106432K) icms_dc=100 , 0.1006614 secs] [Times: user=1.09 sys=0.04, real=0.10 secs] 
8928.326: [GC 8928.327: [ParNew: 320963K->39296K(353920K), 0.2153799 secs] 2341668K->2060844K(3106432K) icms_dc=100 , 0.2171080 secs] [Times: user=1.82 sys=0.22, real=0.22 secs] 
8929.327: [GC 8929.329: [ParNew: 353920K->36948K(353920K), 0.1969088 secs] 2378642K->2082745K(3106432K) icms_dc=100 , 0.1986604 secs] [Times: user=1.68 sys=0.04, real=0.20 secs] 
8929.586: [GC 8929.587: [ParNew: 53645K->22084K(353920K), 0.1964543 secs] 2099441K->2099230K(3106432K) icms_dc=100 , 0.1978770 secs] [Times: user=1.50 sys=0.04, real=0.20 secs] 
8930.605: [GC 8930.607: [ParNew: 336708K->39296K(353920K), 0.0982201 secs] 2413842K->2117054K(3106432K) icms_dc=100 , 0.0998998 secs] [Times: user=1.32 sys=0.06, real=0.10 secs] 
8931.576: [GC 8931.577: [ParNew: 353920K->36157K(353920K), 0.1082389 secs] 2431512K->2133999K(3106432K) icms_dc=100 , 0.1102147 secs] [Times: user=1.43 sys=0.04, real=0.11 secs] 
8932.513: [GC 8932.514: [ParNew: 350817K->39197K(353920K), 0.1459246 secs] 2448621K->2150411K(3106432K) icms_dc=100 , 0.1475192 secs] [Times: user=1.51 sys=0.10, real=0.15 secs] 
8932.689: [GC 8932.689: [ParNew: 39617K->23286K(353920K), 0.0778931 secs] 2150831K->2164960K(3106432K) icms_dc=100 , 0.0791234 secs] [Times: user=1.12 sys=0.04, real=0.08 secs] 
8933.532: [GC 8933.533: [ParNew: 337910K->30921K(353920K), 0.1986061 secs] 2479444K->2172455K(3106432K) icms_dc=100 , 0.2002473 secs] [Times: user=1.82 sys=0.28, real=0.20 secs] 
8934.650: [GC 8934.651: [ParNew: 345793K->30134K(353920K), 0.1855514 secs] 2486944K->2185785K(3106432K) icms_dc=100 , 0.1871993 secs] [Times: user=1.70 sys=0.24, real=0.19 secs] 
8934.867: [GC 8934.867: [ParNew: 30631K->13890K(353920K), 0.1720554 secs] 2186282K->2190973K(3106432K) icms_dc=100 , 0.1733724 secs] [Times: user=1.45 sys=0.25, real=0.17 secs] 
8935.840: [GC 8935.842: [ParNew: 328714K->28501K(353920K), 0.2417450 secs] 2503739K->2203526K(3106432K) icms_dc=100 , 0.2434041 secs] [Times: user=1.77 sys=0.42, real=0.24 secs] 
8936.112: [GC 8936.113: [ParNew: 29104K->9458K(353920K), 0.0879361 secs] 2204129K->2210209K(3106432K) icms_dc=100 , 0.0891330 secs] [Times: user=0.96 sys=0.03, real=0.09 secs] 
8937.036: [GC 8937.037: [ParNew: 324159K->28540K(353920K), 0.0789618 secs] 2521706K->2226088K(3106432K) icms_dc=100 , 0.0805993 secs] [Times: user=0.88 sys=0.01, real=0.08 secs] 
8937.144: [GC 8937.144: [ParNew: 29119K->6336K(353920K), 0.1359791 secs] 2226664K->2231146K(3106432K) icms_dc=100 , 0.1371814 secs] [Times: user=1.24 sys=0.15, real=0.14 secs] 
8937.853: [CMS-concurrent-sweep: 16.561/23.304 secs] [Times: user=522.68 sys=17.96, real=23.30 secs] 
8937.855: [CMS-concurrent-reset-start]
8937.898: [CMS-concurrent-reset: 0.043/0.043 secs] [Times: user=1.35 sys=0.05, real=0.04 secs] 
8938.111: [GC 8938.112: [ParNew: 320960K->23807K(353920K), 0.0858275 secs] 2528119K->2230966K(3106432K) icms_dc=75 , 0.0874007 secs] [Times: user=0.94 sys=0.04, real=0.09 secs] 
8938.311: [GC [1 CMS-initial-mark: 2207158K(2752512K)] 2271191K(3106432K), 0.5150448 secs] [Times: user=0.51 sys=0.00, real=0.52 secs] 
8938.827: [CMS-concurrent-mark-start]
8939.615: [GC 8939.616: [ParNew: 338431K->24656K(353920K), 0.1479594 secs] 2545590K->2247066K(3106432K) icms_dc=75 , 0.1495592 secs] [Times: user=1.48 sys=0.17, real=0.15 secs] 
8940.677: [GC 8940.678: [ParNew: 339280K->26784K(353920K), 0.1363197 secs] 2561690K->2259414K(3106432K) icms_dc=75 , 0.1379646 secs] [Times: user=1.34 sys=0.14, real=0.14 secs] 
8941.665: [GC 8941.667: [ParNew: 341308K->26817K(353920K), 0.1237309 secs] 2573938K->2270958K(3106432K) icms_dc=75 , 0.1253624 secs] [Times: user=1.30 sys=0.13, real=0.13 secs] 
8943.041: [GC 8943.042: [ParNew: 341441K->36743K(353920K), 0.1000520 secs] 2585582K->2280884K(3106432K) icms_dc=75 , 0.1016187 secs] [Times: user=1.18 sys=0.07, real=0.10 secs] 
8943.986: [GC 8943.987: [ParNew: 351367K->36016K(353920K), 0.1357395 secs] 2595508K->2288269K(3106432K) icms_dc=75 , 0.1373082 secs] [Times: user=1.41 sys=0.09, real=0.14 secs] 
8945.032: [GC 8945.033: [ParNew: 350640K->39249K(353920K), 0.1717214 secs] 2602893K->2298621K(3106432K) icms_dc=75 , 0.1903507 secs] [Times: user=1.60 sys=0.24, real=0.19 secs] 
8946.030: [GC 8946.031: [ParNew: 353873K->39296K(353920K), 0.1198607 secs] 2613245K->2307145K(3106432K) icms_dc=75 , 0.1215355 secs] [Times: user=1.27 sys=0.04, real=0.12 secs] 
8947.104: [GC 8947.106: [ParNew: 353920K->39296K(353920K), 0.1116580 secs] 2621769K->2316671K(3106432K) icms_dc=75 , 0.1132377 secs] [Times: user=1.20 sys=0.02, real=0.11 secs] 
8948.130: [GC 8948.131: [ParNew: 353920K->39296K(353920K), 0.1706036 secs] 2631295K->2326469K(3106432K) icms_dc=75 , 0.1722183 secs] [Times: user=1.51 sys=0.19, real=0.17 secs] 
8949.246: [GC 8949.247: [ParNew: 353919K->39296K(353920K), 0.1129605 secs] 2641093K->2335924K(3106432K) icms_dc=75 , 0.1145272 secs] [Times: user=1.34 sys=0.09, real=0.12 secs] 
8950.244: [GC 8950.245: [ParNew: 353920K->39296K(353920K), 0.1120214 secs] 2650548K->2345183K(3106432K) icms_dc=75 , 0.1135792 secs] [Times: user=1.22 sys=0.02, real=0.11 secs] 
8951.178: [GC 8951.179: [ParNew: 353920K->39296K(353920K), 0.0983769 secs] 2659845K->2353374K(3106432K) icms_dc=75 , 0.0999619 secs] [Times: user=1.21 sys=0.02, real=0.10 secs] 
8951.305: [GC 8951.305: [ParNew: 39475K->29753K(353920K), 0.0629079 secs] 2353553K->2352048K(3106432K) icms_dc=83 , 0.0641091 secs] [Times: user=0.96 sys=0.03, real=0.06 secs] 
8952.330: [GC 8952.331: [ParNew: 344377K->37523K(353920K), 0.2446342 secs] 2666672K->2359819K(3106432K) icms_dc=83 , 0.2462893 secs] [Times: user=2.01 sys=0.47, real=0.25 secs] 
8953.363: [GC 8953.364: [ParNew: 352874K->30373K(353920K), 0.1452346 secs] 2675169K->2370090K(3106432K) icms_dc=83 , 0.1467717 secs] [Times: user=1.57 sys=0.15, real=0.15 secs] 
8953.537: [GC 8953.538: [ParNew: 30763K->29337K(353920K), 0.0494056 secs] 2370480K->2369054K(3106432K) icms_dc=100 , 0.0505975 secs] [Times: user=0.75 sys=0.03, real=0.05 secs] 
8955.410: [GC 8955.411: [ParNew: 343961K->38778K(353920K), 0.1243081 secs] 2683678K->2378495K(3106432K) icms_dc=100 , 0.1259335 secs] [Times: user=1.25 sys=0.13, real=0.13 secs] 
8956.421: [GC 8956.422: [ParNew: 353402K->39296K(353920K), 0.1547883 secs] 2693119K->2390194K(3106432K) icms_dc=100 , 0.1564198 secs] [Times: user=1.27 sys=0.06, real=0.16 secs] 
8957.098: [CMS-concurrent-mark: 11.116/18.271 secs] [Times: user=425.60 sys=15.80, real=18.27 secs] 
8957.100: [CMS-concurrent-preclean-start]
8957.619: [GC 8957.620: [ParNew: 353920K->39296K(353920K), 0.1745051 secs] 2704819K->2401134K(3106432K) icms_dc=100 , 0.1762354 secs] [Times: user=1.69 sys=0.12, real=0.18 secs] 
8957.824: [GC 8957.824: [ParNew: 39366K->26915K(353920K), 0.0685888 secs] 2401204K->2399207K(3106432K) icms_dc=100 , 0.0698868 secs] [Times: user=1.26 sys=0.02, real=0.07 secs] 
8958.710: [GC 8958.711: [ParNew: 341539K->39039K(353920K), 0.0878934 secs] 2713831K->2411330K(3106432K) icms_dc=100 , 0.0894644 secs] [Times: user=0.98 sys=0.02, real=0.09 secs] 
8959.663: [GC 8959.664: [ParNew: 353663K->27193K(353920K), 0.1518660 secs] 2725954K->2420036K(3106432K) icms_dc=100 , 0.1534974 secs] [Times: user=1.56 sys=0.14, real=0.15 secs] 
8960.672: [GC 8960.673: [ParNew: 342061K->39296K(353920K), 0.1330852 secs] 2734904K->2432895K(3106432K) icms_dc=100 , 0.1346931 secs] [Times: user=1.12 sys=0.09, real=0.14 secs] 
8960.834: [GC 8960.835: [ParNew: 39700K->32703K(353920K), 0.1042278 secs] 2433300K->2436378K(3106432K) icms_dc=100 , 0.1054329 secs] [Times: user=1.04 sys=0.05, real=0.11 secs] 
8961.759: [GC 8961.760: [ParNew: 347327K->34041K(353920K), 0.1251242 secs] 2751002K->2437716K(3106432K) icms_dc=100 , 0.1267213 secs] [Times: user=1.39 sys=0.17, real=0.13 secs] 
8962.672: [GC 8962.673: [ParNew: 348906K->39296K(353920K), 0.1742045 secs] 2752581K->2452603K(3106432K) icms_dc=100 , 0.1757722 secs] [Times: user=1.68 sys=0.16, real=0.18 secs] 
8962.875: [GC 8962.876: [ParNew: 39404K->28052K(353920K), 0.0737046 secs] 2452711K->2451489K(3106432K) icms_dc=100 , 0.0748984 secs] [Times: user=1.01 sys=0.02, real=0.08 secs] 
8963.798: [GC 8963.799: [ParNew: 342723K->37470K(353920K), 0.0837889 secs] 2766160K->2460907K(3106432K) icms_dc=100 , 0.0853929 secs] [Times: user=1.09 sys=0.04, real=0.09 secs] 
8963.911: [GC 8963.912: [ParNew: 38343K->23533K(353920K), 0.1102415 secs] 2461780K->2475907K(3106432K) icms_dc=100 , 0.1114328 secs] [Times: user=1.16 sys=0.04, real=0.11 secs] 
8965.071: [GC 8965.072: [ParNew: 338157K->24167K(353920K), 0.0848083 secs] 2790531K->2476541K(3106432K) icms_dc=100 , 0.0863938 secs] [Times: user=0.97 sys=0.01, real=0.09 secs] 
8966.259: [GC 8966.260: [ParNew: 339406K->31787K(353920K), 0.2626193 secs] 2791780K->2497140K(3106432K) icms_dc=100 , 0.2641794 secs] [Times: user=2.03 sys=0.38, real=0.26 secs] 
8966.551: [GC 8966.551: [ParNew: 32628K->17836K(353920K), 0.1180561 secs] 2497981K->2507616K(3106432K) icms_dc=100 , 0.1192696 secs] [Times: user=1.11 sys=0.10, real=0.12 secs] 
8967.469: [GC 8967.470: [ParNew: 332460K->26629K(353920K), 0.1829539 secs] 2822240K->2516409K(3106432K) icms_dc=100 , 0.1846135 secs] [Times: user=1.49 sys=0.25, real=0.19 secs] 
8968.435: [GC 8968.436: [ParNew: 341253K->26192K(353920K), 0.1900211 secs] 2831033K->2528335K(3106432K) icms_dc=100 , 0.1916985 secs] [Times: user=1.55 sys=0.12, real=0.19 secs] 
8968.685: [CMS-concurrent-preclean: 7.328/11.585 secs] [Times: user=255.71 sys=9.82, real=11.59 secs] 
8968.686: [CMS-concurrent-abortable-preclean-start]
8969.466: [GC 8969.467: [ParNew: 340816K->39296K(353920K), 0.2125595 secs] 2842959K->2542314K(3106432K) icms_dc=100 , 0.2141251 secs] [Times: user=1.68 sys=0.29, real=0.21 secs] 
8969.962: [CMS-concurrent-abortable-preclean: 0.860/1.276 secs] [Times: user=29.91 sys=1.16, real=1.28 secs] 
8969.994: [GC[YG occupancy: 178824 K (353920 K)]8969.995: [Rescan (parallel) , 0.2575510 secs]8970.252: [weak refs processing, 0.0198315 secs] [1 CMS-remark: 2503018K(2752512K)] 2681843K(3106432K), 0.2812176 secs] [Times: user=2.73 sys=0.18, real=0.28 secs] 
8970.277: [CMS-concurrent-sweep-start]
8970.753: [GC 8970.754: [ParNew: 353920K->28509K(353920K), 0.1179039 secs] 2856924K->2550445K(3106432K) icms_dc=100 , 0.1194842 secs] [Times: user=1.40 sys=0.08, real=0.12 secs] 
8971.609: [GC 8971.610: [ParNew: 343133K->36635K(353920K), 0.1445642 secs] 2865022K->2558524K(3106432K) icms_dc=100 , 0.1461483 secs] [Times: user=1.30 sys=0.14, real=0.15 secs] 
8972.546: [GC 8972.547: [ParNew: 351360K->33132K(353920K), 0.1739057 secs] 2873199K->2573749K(3106432K) icms_dc=100 , 0.1754570 secs] [Times: user=1.52 sys=0.16, real=0.18 secs] 
8972.749: [GC 8972.749: [ParNew: 33752K->17296K(353920K), 0.0863014 secs] 2574369K->2578896K(3106432K) icms_dc=100 , 0.0875117 secs] [Times: user=0.93 sys=0.04, real=0.09 secs] 
8973.559: [GC 8973.560: [ParNew: 331920K->24797K(353920K), 0.1365844 secs] 2893384K->2586262K(3106432K) icms_dc=100 , 0.1381471 secs] [Times: user=1.36 sys=0.14, real=0.14 secs] 
8974.544: [GC 8974.545: [ParNew: 339467K->25783K(353920K), 0.1437161 secs] 2899727K->2598861K(3106432K) icms_dc=100 , 0.1453169 secs] [Times: user=1.53 sys=0.09, real=0.15 secs] 
8974.717: [GC 8974.718: [ParNew: 26140K->28008K(353920K), 0.0999174 secs] 2599215K->2601083K(3106432K) icms_dc=100 , 0.1011030 secs] [Times: user=1.07 sys=0.08, real=0.10 secs] 
8975.622: [GC 8975.623: [ParNew: 342632K->39296K(353920K), 0.0761988 secs] 2913717K->2613870K(3106432K) icms_dc=100 , 0.0777410 secs] [Times: user=1.10 sys=0.02, real=0.08 secs] 
8976.464: [GC 8976.466: [ParNew: 353920K->39296K(353920K), 0.1034311 secs] 2924637K->2630742K(3106432K) icms_dc=100 , 0.1049728 secs] [Times: user=1.36 sys=0.03, real=0.11 secs] 
8976.597: [GC 8976.598: [ParNew: 39445K->11616K(353920K), 0.0756305 secs] 2630891K->2630457K(3106432K) icms_dc=100 , 0.0768817 secs] [Times: user=0.95 sys=0.03, real=0.08 secs] 
8977.506: [GC 8977.508: [ParNew: 326240K->24445K(353920K), 0.1257270 secs] 2944959K->2643164K(3106432K) icms_dc=100 , 0.1273059 secs] [Times: user=1.37 sys=0.18, real=0.13 secs] 
8978.338: [GC 8978.339: [ParNew: 339069K->27063K(353920K), 0.2088625 secs] 2957712K->2657507K(3106432K) icms_dc=100 , 0.2105143 secs] [Times: user=1.42 sys=0.02, real=0.21 secs] 
8979.322: [GC 8979.324: [ParNew: 341687K->31313K(353920K), 0.1315299 secs] 2972032K->2671943K(3106432K) icms_dc=100 , 0.1331800 secs] [Times: user=1.45 sys=0.10, real=0.13 secs] 
8980.161: [GC 8980.162: [ParNew: 345937K->29226K(353920K), 0.0951462 secs] 2986413K->2680883K(3106432K) icms_dc=100 , 0.0966931 secs] [Times: user=1.20 sys=0.05, real=0.10 secs] 
8980.995: [GC 8980.997: [ParNew: 343850K->39296K(353920K), 0.0903864 secs] 2995309K->2691094K(3106432K) icms_dc=100 , 0.0920480 secs] [Times: user=1.17 sys=0.05, real=0.09 secs] 
8981.883: [GC 8981.884: [ParNew: 353920K->36395K(353920K), 0.1078682 secs] 3005572K->2707641K(3106432K) icms_dc=100 , 0.1094632 secs] [Times: user=1.33 sys=0.05, real=0.11 secs] 
8982.735: [GC 8982.736: [ParNew: 351019K->30568K(353920K), 0.1104890 secs] 3022089K->2713202K(3106432K) icms_dc=100 , 0.1120650 secs] [Times: user=1.26 sys=0.10, real=0.11 secs] 
8983.615: [GC 8983.617: [ParNew: 345192K->39295K(353920K), 0.1699454 secs] 3027773K->2721912K(3106432K) icms_dc=100 , 0.1715109 secs] [Times: user=1.63 sys=0.19, real=0.17 secs] 
8984.576: [GC 8984.577: [ParNew: 353919K->29717K(353920K), 0.1669171 secs] 3036343K->2730314K(3106432K) icms_dc=100 , 0.1688709 secs] [Times: user=1.80 sys=0.11, real=0.17 secs] 
8985.584: [GC 8985.585: [ParNew: 344341K->36385K(353920K), 0.0976141 secs] 3044759K->2736803K(3106432K) icms_dc=100 , 0.0992522 secs] [Times: user=1.17 sys=0.03, real=0.10 secs] 
8986.572: [GC 8986.573: [ParNew (promotion failed): 351009K->353920K(353920K), 0.6855672 secs]8987.258: [CMS8990.166: [CMS-concurrent-sweep: 15.159/19.889 secs] [Times: user=411.06 sys=14.04, real=19.89 secs] 
 (concurrent mode failure): 2708247K->1647044K(2752512K), 41.8616129 secs] 3051063K->1647044K(3106432K), [CMS Perm : 206534K->204871K(402264K)] icms_dc=100 , 42.5489989 secs] [Times: user=44.56 sys=0.30, real=42.55 secs] 
9029.225: [GC [1 CMS-initial-mark: 1647044K(2752512K)] 1647074K(3106432K), 0.2444639 secs] [Times: user=0.24 sys=0.00, real=0.25 secs] 
9029.471: [CMS-concurrent-mark-start]
9031.212: [GC 9031.213: [ParNew: 314624K->39296K(353920K), 0.1470605 secs] 1961668K->1688034K(3106432K) icms_dc=100 , 0.1486103 secs] [Times: user=1.27 sys=0.09, real=0.15 secs] 
9032.612: [GC 9032.613: [ParNew: 353920K->31907K(353920K), 0.1024718 secs] 2002658K->1699475K(3106432K) icms_dc=100 , 0.1040587 secs] [Times: user=1.23 sys=0.05, real=0.10 secs] 
9033.557: [GC 9033.558: [ParNew: 346531K->33575K(353920K), 0.1092681 secs] 2014099K->1701143K(3106432K) icms_dc=100 , 0.1107909 secs] [Times: user=1.01 sys=0.01, real=0.11 secs] 
9034.573: [GC 9034.574: [ParNew: 348199K->39296K(353920K), 0.1438575 secs] 2015767K->1716439K(3106432K) icms_dc=100 , 0.1454117 secs] [Times: user=1.13 sys=0.02, real=0.15 secs] 
9035.984: [GC 9035.985: [ParNew: 353920K->29668K(353920K), 0.0957265 secs] 2031063K->1725064K(3106432K) icms_dc=100 , 0.0973980 secs] [Times: user=1.20 sys=0.04, real=0.10 secs] 
9036.880: [GC 9036.881: [ParNew: 344292K->29175K(353920K), 0.1118090 secs] 2039688K->1734413K(3106432K) icms_dc=100 , 0.1134131 secs] [Times: user=1.21 sys=0.06, real=0.11 secs] 
9037.879: [GC 9037.880: [ParNew: 343799K->24232K(353920K), 0.0881946 secs] 2049037K->1738641K(3106432K) icms_dc=100 , 0.0897635 secs] [Times: user=0.97 sys=0.02, real=0.09 secs] 
9038.844: [GC 9038.845: [ParNew: 338856K->37834K(353920K), 0.1123752 secs] 2053265K->1752243K(3106432K) icms_dc=100 , 0.1139697 secs] [Times: user=1.22 sys=0.11, real=0.11 secs] 
9039.726: [GC 9039.727: [ParNew: 352458K->31142K(353920K), 0.1396856 secs] 2066867K->1764637K(3106432K) icms_dc=100 , 0.1412709 secs] [Times: user=1.47 sys=0.14, real=0.14 secs] 
9040.708: [GC 9040.709: [ParNew: 345861K->36919K(353920K), 0.0679976 secs] 2079356K->1770415K(3106432K) icms_dc=100 , 0.0695377 secs] [Times: user=0.95 sys=0.02, real=0.07 secs] 
9040.805: [GC 9040.806: [ParNew: 37808K->28243K(353920K), 0.0600776 secs] 1771304K->1770946K(3106432K) icms_dc=100 , 0.0612979 secs] [Times: user=0.90 sys=0.02, real=0.06 secs] 
9041.699: [GC 9041.700: [ParNew: 342867K->39296K(353920K), 0.1094274 secs] 2085570K->1783033K(3106432K) icms_dc=100 , 0.1110140 secs] [Times: user=1.16 sys=0.07, real=0.11 secs] 
9043.005: [GC 9043.006: [ParNew: 353920K->39296K(353920K), 0.1544045 secs] 2097657K->1794251K(3106432K) icms_dc=100 , 0.1560056 secs] [Times: user=1.64 sys=0.14, real=0.16 secs] 
9044.007: [GC 9044.008: [ParNew: 353920K->33149K(353920K), 0.0885777 secs] 2108875K->1803444K(3106432K) icms_dc=100 , 0.0901387 secs] [Times: user=1.17 sys=0.03, real=0.09 secs] 
9045.033: [GC 9045.035: [ParNew: 347773K->38990K(353920K), 0.1008236 secs] 2118068K->1809286K(3106432K) icms_dc=100 , 0.1023779 secs] [Times: user=1.03 sys=0.06, real=0.10 secs] 
9046.055: [GC 9046.057: [ParNew: 353826K->29284K(353920K), 0.1040599 secs] 2124121K->1818785K(3106432K) icms_dc=100 , 0.1057986 secs] [Times: user=1.24 sys=0.03, real=0.11 secs] 
9046.190: [GC 9046.191: [ParNew: 29813K->23512K(353920K), 0.0568387 secs] 1819313K->1813012K(3106432K) icms_dc=100 , 0.0580290 secs] [Times: user=0.74 sys=0.03, real=0.06 secs] 
9047.084: [GC 9047.085: [ParNew: 338136K->39293K(353920K), 0.2124356 secs] 2127636K->1828794K(3106432K) icms_dc=100 , 0.2140281 secs] [Times: user=1.21 sys=0.06, real=0.21 secs] 
9048.196: [GC 9048.198: [ParNew: 353920K->29840K(353920K), 0.1057807 secs] 2143838K->1836947K(3106432K) icms_dc=100 , 0.1074516 secs] [Times: user=1.27 sys=0.04, real=0.11 secs] 
9048.332: [GC 9048.332: [ParNew: 30125K->25778K(353920K), 0.0607136 secs] 1837232K->1832884K(3106432K) icms_dc=100 , 0.0619488 secs] [Times: user=0.80 sys=0.06, real=0.06 secs] 
9049.324: [GC 9049.325: [ParNew: 340402K->37266K(353920K), 0.1196654 secs] 2147508K->1844373K(3106432K) icms_dc=100 , 0.1212333 secs] [Times: user=1.18 sys=0.09, real=0.12 secs] 
9050.346: [GC 9050.347: [ParNew: 352152K->35786K(353920K), 0.0815700 secs] 2159258K->1851167K(3106432K) icms_dc=100 , 0.0831898 secs] [Times: user=1.06 sys=0.01, real=0.08 secs] 
9050.458: [GC 9050.459: [ParNew: 36362K->32006K(353920K), 0.1119275 secs] 1851742K->1856033K(3106432K) icms_dc=100 , 0.1131539 secs] [Times: user=1.08 sys=0.06, real=0.11 secs] 
9051.378: [GC 9051.379: [ParNew: 346630K->34513K(353920K), 0.0572882 secs] 2170657K->1858540K(3106432K) icms_dc=100 , 0.0588657 secs] [Times: user=0.94 sys=0.02, real=0.06 secs] 
9052.429: [GC 9052.430: [ParNew: 349137K->28147K(353920K), 0.1485706 secs] 2173164K->1871952K(3106432K) icms_dc=100 , 0.1503082 secs] [Times: user=1.55 sys=0.15, real=0.15 secs] 
9053.453: [GC 9053.454: [ParNew: 342771K->36345K(353920K), 0.0914874 secs] 2186576K->1880150K(3106432K) icms_dc=100 , 0.0930705 secs] [Times: user=1.10 sys=0.07, real=0.09 secs] 
9053.572: [CMS-concurrent-mark: 15.152/24.101 secs] [Times: user=553.19 sys=18.33, real=24.10 secs] 
9053.573: [CMS-concurrent-preclean-start]
9054.376: [GC 9054.377: [ParNew: 351983K->39296K(353920K), 0.0944658 secs] 2195788K->1892724K(3106432K) icms_dc=100 , 0.0960769 secs] [Times: user=1.15 sys=0.03, real=0.10 secs] 
9054.500: [GC 9054.501: [ParNew: 40006K->20693K(353920K), 0.0936612 secs] 1893434K->1904188K(3106432K) icms_dc=100 , 0.0948784 secs] [Times: user=1.08 sys=0.05, real=0.10 secs] 
9055.378: [GC 9055.379: [ParNew: 335317K->26220K(353920K), 0.0758673 secs] 2218812K->1909716K(3106432K) icms_dc=100 , 0.0775431 secs] [Times: user=0.83 sys=0.02, real=0.08 secs] 
9056.279: [GC 9056.281: [ParNew: 340844K->24424K(353920K), 0.0847894 secs] 2224340K->1921171K(3106432K) icms_dc=100 , 0.0863802 secs] [Times: user=1.10 sys=0.02, real=0.09 secs] 
9057.276: [GC 9057.277: [ParNew: 339048K->39296K(353920K), 0.0978973 secs] 2235795K->1938415K(3106432K) icms_dc=100 , 0.0995253 secs] [Times: user=0.95 sys=0.02, real=0.10 secs] 
9058.238: [GC 9058.239: [ParNew: 353920K->31050K(353920K), 0.1239918 secs] 2253039K->1951624K(3106432K) icms_dc=100 , 0.1256201 secs] [Times: user=1.20 sys=0.03, real=0.13 secs] 
9059.254: [GC 9059.255: [ParNew: 345210K->36383K(353920K), 0.1152216 secs] 2265784K->1956957K(3106432K) icms_dc=100 , 0.1168579 secs] [Times: user=1.29 sys=0.16, real=0.12 secs] 
9060.241: [GC 9060.242: [ParNew: 351007K->27708K(353920K), 0.1672355 secs] 2271581K->1967743K(3106432K) icms_dc=100 , 0.1688248 secs] [Times: user=1.66 sys=0.20, real=0.17 secs] 
9061.272: [GC 9061.273: [ParNew: 342634K->39296K(353920K), 0.0887177 secs] 2282669K->1979977K(3106432K) icms_dc=100 , 0.0904515 secs] [Times: user=1.05 sys=0.03, real=0.09 secs] 
9061.394: [GC 9061.394: [ParNew: 39856K->21733K(353920K), 0.1084268 secs] 1980537K->1993188K(3106432K) icms_dc=100 , 0.1096311 secs] [Times: user=1.17 sys=0.05, real=0.11 secs] 
9062.307: [GC 9062.308: [ParNew: 336514K->26847K(353920K), 0.0724835 secs] 2307969K->1998302K(3106432K) icms_dc=100 , 0.0740350 secs] [Times: user=0.95 sys=0.05, real=0.07 secs] 
9062.409: [GC 9062.409: [ParNew: 27338K->9973K(353920K), 0.0762824 secs] 1998793K->2005620K(3106432K) icms_dc=100 , 0.0774997 secs] [Times: user=0.97 sys=0.03, real=0.08 secs] 
9063.364: [GC 9063.365: [ParNew: 324701K->23239K(353920K), 0.0730456 secs] 2320347K->2018885K(3106432K) icms_dc=100 , 0.0746562 secs] [Times: user=0.97 sys=0.03, real=0.08 secs] 
9063.466: [GC 9063.467: [ParNew: 23929K->7802K(353920K), 0.0816798 secs] 2019575K->2024779K(3106432K) icms_dc=100 , 0.0829029 secs] [Times: user=0.95 sys=0.04, real=0.08 secs] 
9064.244: [GC 9064.245: [ParNew: 322478K->23344K(353920K), 0.1367066 secs] 2339455K->2040321K(3106432K) icms_dc=100 , 0.1382759 secs] [Times: user=1.00 sys=0.09, real=0.14 secs] 
9064.410: [GC 9064.411: [ParNew: 23918K->7857K(353920K), 0.0905267 secs] 2040895K->2046552K(3106432K) icms_dc=100 , 0.0917346 secs] [Times: user=0.92 sys=0.03, real=0.09 secs] 
9065.319: [GC 9065.320: [ParNew: 322481K->24128K(353920K), 0.0749675 secs] 2361176K->2062823K(3106432K) icms_dc=100 , 0.0765545 secs] [Times: user=0.92 sys=0.03, real=0.08 secs] 
9065.449: [CMS-concurrent-preclean: 8.656/11.876 secs] [Times: user=287.60 sys=10.65, real=11.88 secs] 
9065.450: [CMS-concurrent-abortable-preclean-start]
9066.249: [GC 9066.251: [ParNew: 338752K->22760K(353920K), 0.0985830 secs] 2377447K->2076064K(3106432K) icms_dc=100 , 0.1002342 secs] [Times: user=1.15 sys=0.02, real=0.10 secs] 
9067.219: [GC 9067.220: [ParNew: 337384K->39296K(353920K), 0.0838710 secs] 2390688K->2092976K(3106432K) icms_dc=100 , 0.0854912 secs] [Times: user=0.96 sys=0.01, real=0.09 secs] 
9067.543: [CMS-concurrent-abortable-preclean: 1.637/2.093 secs] [Times: user=50.08 sys=1.88, real=2.09 secs] 
9067.572: [GC[YG occupancy: 117326 K (353920 K)]9067.572: [Rescan (parallel) , 0.1343978 secs]9067.707: [weak refs processing, 0.0002496 secs] [1 CMS-remark: 2053680K(2752512K)] 2171006K(3106432K), 0.1352905 secs] [Times: user=1.97 sys=0.02, real=0.14 secs] 
9067.709: [CMS-concurrent-sweep-start]
9068.356: [GC 9068.357: [ParNew: 353920K->32950K(353920K), 0.2554204 secs] 2407595K->2106519K(3106432K) icms_dc=100 , 0.2571204 secs] [Times: user=1.55 sys=0.17, real=0.26 secs] 
9069.343: [GC 9069.344: [ParNew: 347574K->36857K(353920K), 0.1441777 secs] 2421140K->2110423K(3106432K) icms_dc=100 , 0.1457416 secs] [Times: user=1.13 sys=0.06, real=0.15 secs] 
9070.352: [GC 9070.353: [ParNew: 351481K->39296K(353920K), 0.1241385 secs] 2425029K->2122604K(3106432K) icms_dc=100 , 0.1257038 secs] [Times: user=1.35 sys=0.06, real=0.13 secs] 
9071.250: [GC 9071.251: [ParNew: 353920K->39296K(353920K), 0.1020234 secs] 2437294K->2134406K(3106432K) icms_dc=100 , 0.1035534 secs] [Times: user=1.27 sys=0.04, real=0.10 secs] 
9072.249: [GC 9072.250: [ParNew: 353920K->39296K(353920K), 0.1023724 secs] 2449747K->2143040K(3106432K) icms_dc=100 , 0.1040679 secs] [Times: user=1.21 sys=0.02, real=0.10 secs] 
9072.383: [GC 9072.384: [ParNew: 39609K->14170K(353920K), 0.0929153 secs] 2143353K->2147029K(3106432K) icms_dc=100 , 0.0941434 secs] [Times: user=1.12 sys=0.05, real=0.09 secs] 
9073.315: [GC 9073.317: [ParNew: 329186K->32445K(353920K), 0.1084383 secs] 2461931K->2165190K(3106432K) icms_dc=100 , 0.1103210 secs] [Times: user=1.15 sys=0.08, real=0.11 secs] 
9073.455: [GC 9073.456: [ParNew: 32737K->7903K(353920K), 0.0803543 secs] 2165482K->2169360K(3106432K) icms_dc=100 , 0.0816163 secs] [Times: user=0.96 sys=0.03, real=0.08 secs] 
9074.434: [GC 9074.435: [ParNew: 322527K->25077K(353920K), 0.1210380 secs] 2482296K->2184847K(3106432K) icms_dc=100 , 0.1227054 secs] [Times: user=1.20 sys=0.17, real=0.12 secs] 
9075.387: [GC 9075.388: [ParNew: 339701K->28080K(353920K), 0.0951801 secs] 2499234K->2200069K(3106432K) icms_dc=100 , 0.0968364 secs] [Times: user=1.16 sys=0.04, real=0.10 secs] 
9076.299: [GC 9076.300: [ParNew: 342704K->25369K(353920K), 0.1277384 secs] 2514681K->2207143K(3106432K) icms_dc=100 , 0.1293057 secs] [Times: user=1.36 sys=0.14, real=0.13 secs] 
9077.240: [GC 9077.242: [ParNew: 340077K->39296K(353920K), 0.0840310 secs] 2521844K->2222267K(3106432K) icms_dc=100 , 0.0861269 secs] [Times: user=1.07 sys=0.01, real=0.09 secs] 
9077.355: [GC 9077.356: [ParNew: 39895K->23608K(353920K), 0.0993118 secs] 2222867K->2237303K(3106432K) icms_dc=100 , 0.1005981 secs] [Times: user=1.16 sys=0.05, real=0.10 secs] 
9078.271: [GC 9078.272: [ParNew: 338764K->27994K(353920K), 0.1385303 secs] 2552447K->2241677K(3106432K) icms_dc=100 , 0.1404095 secs] [Times: user=1.31 sys=0.10, real=0.14 secs] 
9078.441: [GC 9078.441: [ParNew: 28466K->13470K(353920K), 0.0887851 secs] 2242149K->2251378K(3106432K) icms_dc=100 , 0.0900549 secs] [Times: user=1.02 sys=0.05, real=0.09 secs] 
9079.263: [GC 9079.264: [ParNew: 328955K->27829K(353920K), 0.0881495 secs] 2566843K->2265717K(3106432K) icms_dc=100 , 0.0896935 secs] [Times: user=0.98 sys=0.02, real=0.09 secs] 
9079.383: [GC 9079.383: [ParNew: 28316K->8796K(353920K), 0.0967598 secs] 2266205K->2272480K(3106432K) icms_dc=100 , 0.0979560 secs] [Times: user=1.02 sys=0.02, real=0.10 secs] 
9080.622: [GC 9080.623: [ParNew: 324497K->28446K(353920K), 0.0606429 secs] 2588176K->2292125K(3106432K) icms_dc=100 , 0.0621997 secs] [Times: user=0.90 sys=0.01, real=0.06 secs] 
9080.715: [GC 9080.715: [ParNew: 29194K->8622K(353920K), 0.1102338 secs] 2292873K->2299207K(3106432K) icms_dc=100 , 0.1114368 secs] [Times: user=1.18 sys=0.11, real=0.11 secs] 
9081.659: [GC 9081.661: [ParNew: 323246K->30745K(353920K), 0.0568171 secs] 2613815K->2321315K(3106432K) icms_dc=100 , 0.0584223 secs] [Times: user=0.92 sys=0.02, real=0.06 secs] 
9082.599: [GC 9082.600: [ParNew: 345667K->29372K(353920K), 0.0858561 secs] 2636222K->2332674K(3106432K) icms_dc=100 , 0.0874119 secs] [Times: user=1.20 sys=0.03, real=0.09 secs] 
9082.714: [GC 9082.715: [ParNew: 29799K->13155K(353920K), 0.0710736 secs] 2333102K->2340521K(3106432K) icms_dc=100 , 0.0723080 secs] [Times: user=0.91 sys=0.03, real=0.07 secs] 
9083.605: [GC 9083.606: [ParNew: 327958K->30469K(353920K), 0.0853257 secs] 2655282K->2357793K(3106432K) icms_dc=100 , 0.0868880 secs] [Times: user=1.07 sys=0.05, real=0.09 secs] 
9084.935: [GC 9084.936: [ParNew: 345315K->25743K(353920K), 0.0858731 secs] 2672608K->2366151K(3106432K) icms_dc=100 , 0.0874668 secs] [Times: user=1.20 sys=0.02, real=0.09 secs] 
9085.052: [GC 9085.052: [ParNew: 26573K->15558K(353920K), 0.0741609 secs] 2366980K->2376113K(3106432K) icms_dc=100 , 0.0754246 secs] [Times: user=0.94 sys=0.03, real=0.08 secs] 
9085.953: [GC 9085.954: [ParNew: 330182K->28941K(353920K), 0.0724779 secs] 2690685K->2389444K(3106432K) icms_dc=100 , 0.0740710 secs] [Times: user=0.97 sys=0.02, real=0.07 secs] 
9086.935: [GC 9086.936: [ParNew: 343565K->27691K(353920K), 0.0927051 secs] 2698516K->2397656K(3106432K) icms_dc=100 , 0.0942859 secs] [Times: user=1.15 sys=0.02, real=0.09 secs] 
9087.853: [GC 9087.854: [ParNew: 342315K->30332K(353920K), 0.0929239 secs] 2712043K->2409276K(3106432K) icms_dc=100 , 0.0946065 secs] [Times: user=1.12 sys=0.02, real=0.10 secs] 
9088.861: [GC 9088.863: [ParNew: 345086K->24036K(353920K), 0.0821695 secs] 2723654K->2414686K(3106432K) icms_dc=100 , 0.0837475 secs] [Times: user=1.11 sys=0.02, real=0.08 secs] 
9088.974: [GC 9088.975: [ParNew: 25289K->24537K(353920K), 0.0567228 secs] 2415939K->2415187K(3106432K) icms_dc=100 , 0.0579537 secs] [Times: user=0.85 sys=0.04, real=0.06 secs] 
9089.962: [GC 9089.963: [ParNew: 340273K->39296K(353920K), 0.1326640 secs] 2725542K->2425450K(3106432K) icms_dc=100 , 0.1342486 secs] [Times: user=1.54 sys=0.16, real=0.13 secs] 
9090.125: [GC 9090.125: [ParNew: 39769K->15171K(353920K), 0.1019717 secs] 2425907K->2434452K(3106432K) icms_dc=100 , 0.1033086 secs] [Times: user=1.16 sys=0.04, real=0.10 secs] 
9090.572: [CMS-concurrent-sweep: 17.116/22.863 secs] [Times: user=539.46 sys=18.22, real=22.86 secs] 
9090.573: [CMS-concurrent-reset-start]
9090.618: [CMS-concurrent-reset: 0.045/0.045 secs] [Times: user=1.24 sys=0.04, real=0.05 secs] 
9091.224: [GC 9091.225: [ParNew: 329795K->18372K(353920K), 0.0547945 secs] 2722488K->2411065K(3106432K) icms_dc=75 , 0.0567967 secs] [Times: user=0.90 sys=0.03, real=0.06 secs] 
9091.404: [GC [1 CMS-initial-mark: 2392692K(2752512K)] 2450474K(3106432K), 0.4519905 secs] [Times: user=0.45 sys=0.01, real=0.45 secs] 
9091.857: [CMS-concurrent-mark-start]
9092.612: [GC 9092.613: [ParNew: 332996K->34045K(353920K), 0.0777195 secs] 2725689K->2426738K(3106432K) icms_dc=75 , 0.0793212 secs] [Times: user=1.02 sys=0.01, real=0.08 secs] 
9093.690: [GC 9093.691: [ParNew: 348669K->39295K(353920K), 0.1117056 secs] 2741362K->2442702K(3106432K) icms_dc=82 , 0.1133965 secs] [Times: user=1.30 sys=0.02, real=0.11 secs] 
9094.699: [GC 9094.700: [ParNew: 353919K->26870K(353920K), 0.1159531 secs] 2757326K->2448746K(3106432K) icms_dc=100 , 0.1177242 secs] [Times: user=1.57 sys=0.04, real=0.12 secs] 
9095.745: [GC 9095.746: [ParNew: 341494K->33374K(353920K), 0.0981332 secs] 2763370K->2455250K(3106432K) icms_dc=100 , 0.0997293 secs] [Times: user=1.05 sys=0.01, real=0.10 secs] 
9096.731: [GC 9096.732: [ParNew: 347998K->39296K(353920K), 0.1272575 secs] 2769874K->2468769K(3106432K) icms_dc=100 , 0.1288990 secs] [Times: user=1.31 sys=0.02, real=0.13 secs] 
9097.796: [GC 9097.797: [ParNew: 353920K->33137K(353920K), 0.1346234 secs] 2783456K->2479016K(3106432K) icms_dc=100 , 0.1362714 secs] [Times: user=1.30 sys=0.03, real=0.14 secs] 
9097.961: [GC 9097.961: [ParNew: 33437K->25226K(353920K), 0.0567006 secs] 2479316K->2471105K(3106432K) icms_dc=100 , 0.0579173 secs] [Times: user=0.84 sys=0.04, real=0.06 secs] 
9098.797: [GC 9098.798: [ParNew: 339850K->38581K(353920K), 0.2141902 secs] 2785729K->2484460K(3106432K) icms_dc=100 , 0.2157541 secs] [Times: user=1.50 sys=0.23, real=0.22 secs] 
9099.930: [GC 9099.931: [ParNew: 353205K->39296K(353920K), 0.1265965 secs] 2799084K->2496175K(3106432K) icms_dc=100 , 0.1282062 secs] [Times: user=1.40 sys=0.06, real=0.13 secs] 
9100.828: [GC 9100.829: [ParNew: 353920K->39296K(353920K), 0.1213397 secs] 2810799K->2504326K(3106432K) icms_dc=100 , 0.1230181 secs] [Times: user=1.37 sys=0.02, real=0.12 secs] 
9101.718: [GC 9101.719: [ParNew: 353920K->39296K(353920K), 0.1165987 secs] 2818950K->2513934K(3106432K) icms_dc=100 , 0.1181272 secs] [Times: user=1.28 sys=0.02, real=0.12 secs] 
9102.741: [GC 9102.743: [ParNew: 353920K->38166K(353920K), 0.2339630 secs] 2828563K->2530362K(3106432K) icms_dc=100 , 0.2356480 secs] [Times: user=1.54 sys=0.03, real=0.24 secs] 
9103.009: [GC 9103.010: [ParNew: 38824K->10531K(353920K), 0.1474592 secs] 2531020K->2524516K(3106432K) icms_dc=100 , 0.1487580 secs] [Times: user=1.00 sys=0.04, real=0.15 secs] 
9104.033: [GC 9104.034: [ParNew: 325155K->28904K(353920K), 0.1673772 secs] 2839140K->2542889K(3106432K) icms_dc=100 , 0.1690585 secs] [Times: user=1.17 sys=0.02, real=0.17 secs] 
9105.411: [GC 9105.412: [ParNew: 344356K->29393K(353920K), 0.1522495 secs] 2858341K->2556776K(3106432K) icms_dc=100 , 0.1538075 secs] [Times: user=1.63 sys=0.13, real=0.15 secs] 
9105.603: [GC 9105.604: [ParNew: 34378K->16126K(353920K), 0.1148106 secs] 2561761K->2565042K(3106432K) icms_dc=100 , 0.1160210 secs] [Times: user=1.22 sys=0.10, real=0.12 secs] 
9106.540: [GC 9106.542: [ParNew: 330750K->28002K(353920K), 0.0801137 secs] 2879666K->2576917K(3106432K) icms_dc=100 , 0.0818434 secs] [Times: user=1.00 sys=0.02, real=0.08 secs] 
9107.597: [GC 9107.598: [ParNew: 342626K->22983K(353920K), 0.0919922 secs] 2891541K->2587299K(3106432K) icms_dc=100 , 0.0936736 secs] [Times: user=1.26 sys=0.03, real=0.09 secs] 
9108.530: [GC 9108.531: [ParNew: 337607K->34468K(353920K), 0.1043775 secs] 2901923K->2598785K(3106432K) icms_dc=100 , 0.1060341 secs] [Times: user=1.36 sys=0.11, real=0.11 secs] 
9109.463: [GC 9109.464: [ParNew: 349092K->39296K(353920K), 0.1224204 secs] 2913409K->2613421K(3106432K) icms_dc=100 , 0.1240966 secs] [Times: user=1.32 sys=0.03, real=0.12 secs] 
9110.449: [GC 9110.450: [ParNew: 353920K->31602K(353920K), 0.1261963 secs] 2928828K->2623951K(3106432K) icms_dc=100 , 0.1278063 secs] [Times: user=1.36 sys=0.05, real=0.13 secs] 
9110.605: [GC 9110.605: [ParNew: 31788K->9352K(353920K), 0.0747116 secs] 2624137K->2622766K(3106432K) icms_dc=100 , 0.0759331 secs] [Times: user=0.92 sys=0.03, real=0.08 secs] 
9111.535: [GC 9111.536: [ParNew: 323976K->24489K(353920K), 0.1278461 secs] 2937390K->2637903K(3106432K) icms_dc=100 , 0.1294452 secs] [Times: user=1.31 sys=0.13, real=0.13 secs] 
9112.455: [GC 9112.456: [ParNew: 339379K->29239K(353920K), 0.1546031 secs] 2952792K->2655962K(3106432K) icms_dc=100 , 0.1562090 secs] [Times: user=1.66 sys=0.12, real=0.16 secs] 
9112.641: [GC 9112.641: [ParNew: 30142K->13778K(353920K), 0.1205295 secs] 2656865K->2664808K(3106432K) icms_dc=100 , 0.1218245 secs] [Times: user=1.22 sys=0.10, real=0.12 secs] 
9113.611: [GC 9113.613: [ParNew: 328402K->29249K(353920K), 0.0625607 secs] 2979432K->2680279K(3106432K) icms_dc=100 , 0.0641114 secs] [Times: user=0.96 sys=0.01, real=0.06 secs] 
9114.421: [CMS-concurrent-mark: 16.753/22.564 secs] [Times: user=543.78 sys=17.90, real=22.56 secs] 
9114.423: [CMS-concurrent-preclean-start]
9114.576: [GC 9114.577: [ParNew: 343873K->25253K(353920K), 0.1370551 secs] 2994903K->2690834K(3106432K) icms_dc=100 , 0.1387427 secs] [Times: user=1.61 sys=0.14, real=0.14 secs] 
9115.608: [GC 9115.609: [ParNew: 339877K->30641K(353920K), 0.1467517 secs] 3005458K->2706875K(3106432K) icms_dc=100 , 0.1483554 secs] [Times: user=1.50 sys=0.13, real=0.15 secs] 
9116.603: [GC 9116.605: [ParNew: 345144K->29559K(353920K), 0.1890713 secs] 3021379K->2715978K(3106432K) icms_dc=100 , 0.1906804 secs] [Times: user=1.67 sys=0.24, real=0.19 secs] 
9117.763: [GC 9117.764: [ParNew: 344183K->27783K(353920K), 0.1637927 secs] 3030602K->2725061K(3106432K) icms_dc=100 , 0.1655008 secs] [Times: user=1.60 sys=0.18, real=0.17 secs] 
9118.682: [GC 9118.683: [ParNew: 342407K->30005K(353920K), 0.1122102 secs] 3039685K->2737765K(3106432K) icms_dc=100 , 0.1137506 secs] [Times: user=1.24 sys=0.03, real=0.11 secs] 
9119.645: [GC 9119.647: [ParNew (promotion failed): 344723K->345289K(353920K), 1.0869893 secs] 3052483K->3059700K(3106432K) icms_dc=100 , 1.0886600 secs] [Times: user=2.04 sys=0.52, real=1.09 secs] 
GC locker: Trying a full collection because scavenge failed
9120.735: [Full GC 9120.736: [CMS9122.443: [CMS-concurrent-preclean: 5.158/8.020 secs] [Times: user=131.42 sys=5.56, real=8.02 secs] 
 (concurrent mode failure): 2714410K->1653877K(2752512K), 42.3691422 secs] 3059700K->1653877K(3106432K), [CMS Perm : 206236K->204891K(402264K)] icms_dc=100 , 42.3703669 secs] [Times: user=42.42 sys=0.03, real=42.37 secs] 
9163.210: [GC [1 CMS-initial-mark: 1653877K(2752512K)] 1653913K(3106432K), 0.2388515 secs] [Times: user=0.24 sys=0.00, real=0.24 secs] 
9163.450: [CMS-concurrent-mark-start]
9165.901: [GC 9165.902: [ParNew: 314624K->37271K(353920K), 0.1224855 secs] 1968501K->1691149K(3106432K) icms_dc=100 , 0.1241487 secs] [Times: user=1.27 sys=0.07, real=0.12 secs] 
9166.952: [GC 9166.953: [ParNew: 351895K->31949K(353920K), 0.1450642 secs] 2005773K->1702228K(3106432K) icms_dc=100 , 0.1466490 secs] [Times: user=1.46 sys=0.06, real=0.15 secs] 
9168.261: [GC 9168.262: [ParNew: 346573K->33437K(353920K), 0.1056872 secs] 2016852K->1714309K(3106432K) icms_dc=100 , 0.1074133 secs] [Times: user=1.22 sys=0.09, real=0.11 secs] 
9169.548: [GC 9169.549: [ParNew: 348513K->29619K(353920K), 0.0995744 secs] 2029386K->1720196K(3106432K) icms_dc=100 , 0.1011614 secs] [Times: user=1.18 sys=0.04, real=0.10 secs] 
9169.934: [GC 9169.935: [ParNew: 30182K->15473K(353920K), 0.0812602 secs] 1720760K->1725923K(3106432K) icms_dc=100 , 0.0825511 secs] [Times: user=0.93 sys=0.04, real=0.08 secs] 
9170.878: [GC 9170.879: [ParNew: 330197K->25590K(353920K), 0.1368357 secs] 2040647K->1736041K(3106432K) icms_dc=100 , 0.1384991 secs] [Times: user=1.42 sys=0.22, real=0.16 secs] 
9171.062: [GC 9171.063: [ParNew: 26043K->11252K(353920K), 0.0873759 secs] 1736493K->1745020K(3106432K) icms_dc=100 , 0.0885910 secs] [Times: user=1.00 sys=0.04, real=0.09 secs] 
9171.896: [GC 9171.897: [ParNew: 325876K->25355K(353920K), 0.0999364 secs] 2059644K->1759123K(3106432K) icms_dc=100 , 0.1015235 secs] [Times: user=1.17 sys=0.12, real=0.10 secs] 
9172.906: [GC 9172.907: [ParNew: 341055K->27513K(353920K), 0.2240883 secs] 2074822K->1775008K(3106432K) icms_dc=100 , 0.2256913 secs] [Times: user=1.86 sys=0.33, real=0.23 secs] 
9173.160: [GC 9173.161: [ParNew: 28385K->11761K(353920K), 0.1128194 secs] 1775880K->1779806K(3106432K) icms_dc=100 , 0.1140412 secs] [Times: user=1.12 sys=0.13, real=0.11 secs] 
9174.072: [GC 9174.073: [ParNew: 326385K->23799K(353920K), 0.1592923 secs] 2094430K->1791843K(3106432K) icms_dc=100 , 0.1608224 secs] [Times: user=1.45 sys=0.28, real=0.16 secs] 
9175.039: [GC 9175.040: [ParNew: 338701K->27919K(353920K), 0.2512268 secs] 2106746K->1809267K(3106432K) icms_dc=100 , 0.2528399 secs] [Times: user=2.04 sys=0.44, real=0.25 secs] 
9175.323: [GC 9175.324: [ParNew: 29258K->16452K(353920K), 0.2476511 secs] 1810606K->1819456K(3106432K) icms_dc=100 , 0.2489537 secs] [Times: user=1.79 sys=0.39, real=0.25 secs] 
9176.372: [GC 9176.373: [ParNew: 331076K->29308K(353920K), 0.0797603 secs] 2134080K->1832313K(3106432K) icms_dc=100 , 0.0814012 secs] [Times: user=0.95 sys=0.02, real=0.08 secs] 
9177.259: [GC 9177.260: [ParNew: 343955K->28536K(353920K), 0.1353460 secs] 2146959K->1849071K(3106432K) icms_dc=100 , 0.1369075 secs] [Times: user=1.23 sys=0.02, real=0.14 secs] 
9177.425: [GC 9177.425: [ParNew: 29088K->11559K(353920K), 0.1244398 secs] 1849622K->1852865K(3106432K) icms_dc=100 , 0.1256628 secs] [Times: user=1.14 sys=0.08, real=0.13 secs] 
9178.515: [GC 9178.516: [ParNew: 328311K->29235K(353920K), 0.0916701 secs] 2169617K->1870541K(3106432K) icms_dc=100 , 0.0932518 secs] [Times: user=1.09 sys=0.05, real=0.09 secs] 
9179.540: [GC 9179.541: [ParNew: 344464K->29643K(353920K), 0.0920143 secs] 2185770K->1884798K(3106432K) icms_dc=100 , 0.0936283 secs] [Times: user=1.18 sys=0.02, real=0.09 secs] 
9179.678: [GC 9179.679: [ParNew: 33798K->16866K(353920K), 0.1204535 secs] 1888953K->1894907K(3106432K) icms_dc=100 , 0.1217923 secs] [Times: user=1.18 sys=0.13, real=0.12 secs] 
9180.673: [GC 9180.675: [ParNew: 332825K->31742K(353920K), 0.1122381 secs] 2210866K->1909783K(3106432K) icms_dc=100 , 0.1138122 secs] [Times: user=1.28 sys=0.14, real=0.11 secs] 
9180.816: [GC 9180.817: [ParNew: 31953K->9448K(353920K), 0.1098172 secs] 1909994K->1916938K(3106432K) icms_dc=100 , 0.1111130 secs] [Times: user=1.00 sys=0.04, real=0.11 secs] 
9181.843: [GC 9181.845: [ParNew: 324220K->26840K(353920K), 0.2047379 secs] 2231710K->1934330K(3106432K) icms_dc=100 , 0.2065433 secs] [Times: user=1.14 sys=0.10, real=0.21 secs] 
9182.089: [GC 9182.090: [ParNew: 30043K->9372K(353920K), 0.2262073 secs] 1937533K->1941385K(3106432K) icms_dc=100 , 0.2274826 secs] [Times: user=1.19 sys=0.11, real=0.23 secs] 
9183.223: [GC 9183.224: [ParNew: 323996K->24084K(353920K), 0.0842011 secs] 2256009K->1956098K(3106432K) icms_dc=100 , 0.0860144 secs] [Times: user=1.10 sys=0.07, real=0.09 secs] 
9184.192: [GC 9184.193: [ParNew: 338708K->25763K(353920K), 0.1065486 secs] 2270722K->1970792K(3106432K) icms_dc=100 , 0.1081451 secs] [Times: user=1.27 sys=0.06, real=0.11 secs] 
9185.232: [GC 9185.233: [ParNew: 340611K->28634K(353920K), 0.1202673 secs] 2285640K->1984463K(3106432K) icms_dc=100 , 0.1218517 secs] [Times: user=1.37 sys=0.07, real=0.12 secs] 
9185.382: [GC 9185.383: [ParNew: 28996K->7857K(353920K), 0.0822561 secs] 1984824K->1985903K(3106432K) icms_dc=100 , 0.0834552 secs] [Times: user=0.96 sys=0.03, real=0.08 secs] 
9186.264: [GC 9186.265: [ParNew: 322481K->26178K(353920K), 0.0793379 secs] 2300527K->2004224K(3106432K) icms_dc=100 , 0.0809252 secs] [Times: user=1.02 sys=0.02, real=0.08 secs] 
9187.252: [GC 9187.253: [ParNew: 340922K->27801K(353920K), 0.1420518 secs] 2318969K->2018589K(3106432K) icms_dc=100 , 0.1437020 secs] [Times: user=1.52 sys=0.08, real=0.14 secs] 
9187.429: [GC 9187.430: [ParNew: 28221K->8339K(353920K), 0.1522009 secs] 2019009K->2020174K(3106432K) icms_dc=100 , 0.1535190 secs] [Times: user=1.09 sys=0.10, real=0.15 secs] 
9188.533: [GC 9188.534: [ParNew: 322963K->24156K(353920K), 0.0853047 secs] 2334798K->2035991K(3106432K) icms_dc=100 , 0.0869354 secs] [Times: user=1.01 sys=0.01, real=0.09 secs] 
9189.416: [GC 9189.417: [ParNew: 338780K->28118K(353920K), 0.1538275 secs] 2350615K->2052655K(3106432K) icms_dc=100 , 0.1553490 secs] [Times: user=1.19 sys=0.03, real=0.16 secs] 
9190.388: [GC 9190.389: [ParNew: 342742K->28802K(353920K), 0.0862366 secs] 2367279K->2063492K(3106432K) icms_dc=100 , 0.0878270 secs] [Times: user=1.08 sys=0.01, real=0.09 secs] 
9191.501: [GC 9191.502: [ParNew: 343736K->30379K(353920K), 0.1005218 secs] 2378426K->2076037K(3106432K) icms_dc=100 , 0.1021277 secs] [Times: user=1.10 sys=0.01, real=0.10 secs] 
9191.632: [GC 9191.632: [ParNew: 31030K->17760K(353920K), 0.1060698 secs] 2076688K->2085339K(3106432K) icms_dc=100 , 0.1072779 secs] [Times: user=0.91 sys=0.03, real=0.11 secs] 
9192.358: [CMS-concurrent-mark: 17.758/28.907 secs] [Times: user=637.50 sys=22.90, real=28.91 secs] 
9192.359: [CMS-concurrent-preclean-start]
9192.573: [GC 9192.574: [ParNew: 332406K->23861K(353920K), 0.1001373 secs] 2399986K->2091440K(3106432K) icms_dc=100 , 0.1017293 secs] [Times: user=1.00 sys=0.04, real=0.10 secs] 
9192.704: [GC 9192.705: [ParNew: 24208K->8407K(353920K), 0.0852205 secs] 2091787K->2097289K(3106432K) icms_dc=100 , 0.0864258 secs] [Times: user=1.00 sys=0.04, real=0.09 secs] 
9193.579: [GC 9193.580: [ParNew: 323255K->23546K(353920K), 0.1266561 secs] 2412137K->2112428K(3106432K) icms_dc=100 , 0.1281985 secs] [Times: user=1.24 sys=0.20, real=0.13 secs] 
9193.736: [GC 9193.737: [ParNew: 24029K->7684K(353920K), 0.0935517 secs] 2112911K->2118775K(3106432K) icms_dc=100 , 0.0947489 secs] [Times: user=1.07 sys=0.06, real=0.10 secs] 
9194.577: [GC 9194.579: [ParNew: 322308K->21177K(353920K), 0.0741227 secs] 2433399K->2132268K(3106432K) icms_dc=100 , 0.0758726 secs] [Times: user=1.02 sys=0.04, real=0.08 secs] 
9195.582: [GC 9195.584: [ParNew: 335852K->24939K(353920K), 0.1065799 secs] 2446943K->2148499K(3106432K) icms_dc=100 , 0.1082684 secs] [Times: user=1.22 sys=0.02, real=0.11 secs] 
9195.724: [GC 9195.725: [ParNew: 25412K->27826K(353920K), 0.0930421 secs] 2148972K->2151386K(3106432K) icms_dc=100 , 0.0942782 secs] [Times: user=0.86 sys=0.06, real=0.09 secs] 
9196.609: [GC 9196.610: [ParNew: 342631K->39296K(353920K), 0.1748206 secs] 2466192K->2164384K(3106432K) icms_dc=100 , 0.1765471 secs] [Times: user=1.37 sys=0.13, real=0.18 secs] 
9196.813: [GC 9196.814: [ParNew: 39448K->34535K(353920K), 0.1972786 secs] 2164537K->2170360K(3106432K) icms_dc=100 , 0.1984840 secs] [Times: user=1.44 sys=0.22, real=0.20 secs] 
9197.759: [GC 9197.760: [ParNew: 349159K->38243K(353920K), 0.1146710 secs] 2484984K->2174067K(3106432K) icms_dc=100 , 0.1162156 secs] [Times: user=1.29 sys=0.11, real=0.12 secs] 
9198.596: [GC 9198.598: [ParNew: 353221K->33092K(353920K), 0.1876637 secs] 2489045K->2190566K(3106432K) icms_dc=100 , 0.1892746 secs] [Times: user=1.76 sys=0.13, real=0.19 secs] 
9198.815: [GC 9198.815: [ParNew: 33750K->26515K(353920K), 0.1623253 secs] 2191224K->2183989K(3106432K) icms_dc=100 , 0.1635796 secs] [Times: user=1.30 sys=0.27, real=0.16 secs] 
9199.850: [GC 9199.851: [ParNew: 341139K->38435K(353920K), 0.1283133 secs] 2498613K->2195909K(3106432K) icms_dc=100 , 0.1300571 secs] [Times: user=1.41 sys=0.15, real=0.13 secs] 
9200.804: [GC 9200.805: [ParNew: 353120K->29642K(353920K), 0.1523402 secs] 2510594K->2207197K(3106432K) icms_dc=100 , 0.1538822 secs] [Times: user=1.64 sys=0.13, real=0.15 secs] 
9200.989: [GC 9200.990: [ParNew: 30536K->26775K(353920K), 0.0921302 secs] 2208091K->2204331K(3106432K) icms_dc=100 , 0.0934308 secs] [Times: user=1.00 sys=0.13, real=0.09 secs] 
9201.847: [GC 9201.848: [ParNew: 341399K->39296K(353920K), 0.0977019 secs] 2518955K->2219005K(3106432K) icms_dc=100 , 0.0996156 secs] [Times: user=1.18 sys=0.07, real=0.10 secs] 
9202.833: [GC 9202.897: [ParNew: 353920K->30827K(353920K), 0.1031251 secs] 2533629K->2228828K(3106432K) icms_dc=100 , 0.1047125 secs] [Times: user=1.28 sys=0.03, real=0.17 secs] 
9203.864: [GC 9203.865: [ParNew: 345451K->31526K(353920K), 0.0660889 secs] 2543452K->2229527K(3106432K) icms_dc=100 , 0.0677000 secs] [Times: user=0.98 sys=0.01, real=0.07 secs] 
9205.164: [GC 9205.165: [ParNew: 346150K->34988K(353920K), 0.0786416 secs] 2544151K->2240369K(3106432K) icms_dc=100 , 0.0802759 secs] [Times: user=1.14 sys=0.02, real=0.08 secs] 
9206.196: [GC 9206.197: [ParNew: 349612K->39296K(353920K), 0.1211834 secs] 2554993K->2253618K(3106432K) icms_dc=100 , 0.1228533 secs] [Times: user=1.38 sys=0.05, real=0.12 secs] 
9207.102: [GC 9207.103: [ParNew: 353920K->39296K(353920K), 0.1025267 secs] 2568242K->2262403K(3106432K) icms_dc=100 , 0.1041514 secs] [Times: user=1.31 sys=0.02, real=0.10 secs] 
9208.277: [GC 9208.278: [ParNew: 353645K->39296K(353920K), 0.1298928 secs] 2576752K->2271977K(3106432K) icms_dc=100 , 0.1314522 secs] [Times: user=1.29 sys=0.01, real=0.13 secs] 
9209.219: [GC 9209.220: [ParNew: 353920K->39296K(353920K), 0.1572163 secs] 2586601K->2280301K(3106432K) icms_dc=100 , 0.1587997 secs] [Times: user=1.74 sys=0.16, real=0.16 secs] 
9210.597: [GC 9210.598: [ParNew: 353920K->38492K(353920K), 0.0947986 secs] 2594961K->2287983K(3106432K) icms_dc=100 , 0.0964036 secs] [Times: user=1.17 sys=0.01, real=0.10 secs] 
9210.722: [GC 9210.723: [ParNew: 39000K->30969K(353920K), 0.1440375 secs] 2288490K->2288448K(3106432K) icms_dc=100 , 0.1452306 secs] [Times: user=1.30 sys=0.17, real=0.15 secs] 
9211.725: [GC 9211.726: [ParNew: 345705K->38195K(353920K), 0.0671838 secs] 2603184K->2295674K(3106432K) icms_dc=100 , 0.0687801 secs] [Times: user=0.99 sys=0.01, real=0.07 secs] 
9211.823: [GC 9211.823: [ParNew: 38966K->29271K(353920K), 0.0646134 secs] 2296445K->2298225K(3106432K) icms_dc=100 , 0.0658350 secs] [Times: user=0.99 sys=0.01, real=0.07 secs] 
9212.942: [CMS-concurrent-preclean: 13.735/20.583 secs] [Times: user=452.39 sys=16.87, real=20.58 secs] 
9212.943: [CMS-concurrent-abortable-preclean-start]
9213.100: [GC 9213.101: [ParNew: 343960K->25578K(353920K), 0.0814246 secs] 2612914K->2304315K(3106432K) icms_dc=100 , 0.0829935 secs] [Times: user=1.13 sys=0.02, real=0.08 secs] 
9213.211: [GC 9213.212: [ParNew: 26057K->27546K(353920K), 0.0662376 secs] 2304793K->2306283K(3106432K) icms_dc=100 , 0.0674272 secs] [Times: user=0.81 sys=0.02, real=0.07 secs] 
9213.489: [CMS-concurrent-abortable-preclean: 0.266/0.545 secs] [Times: user=10.36 sys=0.35, real=0.55 secs] 
9213.526: [GC[YG occupancy: 127068 K (353920 K)]9213.526: [Rescan (parallel) , 0.1202817 secs]9213.646: [weak refs processing, 0.0012396 secs] [1 CMS-remark: 2278736K(2752512K)] 2405805K(3106432K), 0.1221876 secs] [Times: user=2.02 sys=0.04, real=0.12 secs] 
9213.649: [CMS-concurrent-sweep-start]
9214.261: [GC 9214.262: [ParNew: 344686K->39296K(353920K), 0.0712525 secs] 2623423K->2319375K(3106432K) icms_dc=100 , 0.0728290 secs] [Times: user=1.03 sys=0.02, real=0.07 secs] 
9214.363: [GC 9214.364: [ParNew: 39573K->14925K(353920K), 0.1012585 secs] 2319653K->2329553K(3106432K) icms_dc=100 , 0.1026001 secs] [Times: user=1.17 sys=0.05, real=0.10 secs] 
9215.401: [GC 9215.402: [ParNew: 329549K->27702K(353920K), 0.0691956 secs] 2644177K->2342331K(3106432K) icms_dc=100 , 0.0708553 secs] [Times: user=0.97 sys=0.02, real=0.07 secs] 
9216.329: [GC 9216.330: [ParNew: 342326K->26951K(353920K), 0.1653298 secs] 2656952K->2353018K(3106432K) icms_dc=100 , 0.1669171 secs] [Times: user=1.51 sys=0.15, real=0.17 secs] 
9217.192: [GC 9217.193: [ParNew: 341575K->34742K(353920K), 0.1303016 secs] 2667641K->2360809K(3106432K) icms_dc=100 , 0.1318749 secs] [Times: user=1.33 sys=0.10, real=0.13 secs] 
9218.132: [GC 9218.133: [ParNew: 349366K->39296K(353920K), 0.1183964 secs] 2675429K->2374951K(3106432K) icms_dc=100 , 0.1200460 secs] [Times: user=1.37 sys=0.03, real=0.12 secs] 
9219.094: [GC 9219.095: [ParNew: 353773K->39296K(353920K), 0.1540283 secs] 2689390K->2383602K(3106432K) icms_dc=100 , 0.1556642 secs] [Times: user=1.58 sys=0.13, real=0.16 secs] 
9220.129: [GC 9220.130: [ParNew: 353920K->39296K(353920K), 0.1847817 secs] 2698111K->2394670K(3106432K) icms_dc=100 , 0.1863735 secs] [Times: user=1.56 sys=0.16, real=0.19 secs] 
9221.079: [GC 9221.080: [ParNew: 353920K->39296K(353920K), 0.1778590 secs] 2709292K->2402590K(3106432K) icms_dc=100 , 0.1794217 secs] [Times: user=1.63 sys=0.22, real=0.18 secs] 
9222.011: [GC 9222.013: [ParNew: 353920K->39295K(353920K), 0.1800458 secs] 2717212K->2412845K(3106432K) icms_dc=100 , 0.1816292 secs] [Times: user=1.48 sys=0.09, real=0.18 secs] 
9222.990: [GC 9222.991: [ParNew: 353919K->39296K(353920K), 0.1474673 secs] 2727465K->2422560K(3106432K) icms_dc=100 , 0.1490436 secs] [Times: user=1.41 sys=0.06, real=0.15 secs] 
9223.893: [GC 9223.894: [ParNew: 353920K->39296K(353920K), 0.2447421 secs] 2737184K->2433735K(3106432K) icms_dc=100 , 0.2465549 secs] [Times: user=1.50 sys=0.02, real=0.25 secs] 
9225.005: [GC 9225.006: [ParNew: 353920K->35034K(353920K), 0.1086395 secs] 2748526K->2448757K(3106432K) icms_dc=100 , 0.1102150 secs] [Times: user=1.35 sys=0.03, real=0.11 secs] 
9225.146: [GC 9225.147: [ParNew: 35426K->8298K(353920K), 0.1136139 secs] 2449149K->2445576K(3106432K) icms_dc=100 , 0.1148516 secs] [Times: user=1.09 sys=0.10, real=0.12 secs] 
9226.078: [GC 9226.079: [ParNew: 323364K->32161K(353920K), 0.0942787 secs] 2760640K->2469437K(3106432K) icms_dc=100 , 0.0958135 secs] [Times: user=1.09 sys=0.03, real=0.10 secs] 
9226.202: [GC 9226.202: [ParNew: 32466K->7412K(353920K), 0.0870640 secs] 2469742K->2473852K(3106432K) icms_dc=100 , 0.0882618 secs] [Times: user=1.04 sys=0.03, real=0.09 secs] 
9227.075: [GC 9227.076: [ParNew: 322907K->28399K(353920K), 0.1278576 secs] 2789341K->2494833K(3106432K) icms_dc=100 , 0.1294743 secs] [Times: user=1.02 sys=0.03, real=0.13 secs] 
9227.233: [GC 9227.234: [ParNew: 28723K->8839K(353920K), 0.1486176 secs] 2495157K->2501481K(3106432K) icms_dc=100 , 0.1498285 secs] [Times: user=1.09 sys=0.04, real=0.15 secs] 
9228.177: [GC 9228.178: [ParNew: 323463K->25385K(353920K), 0.0850272 secs] 2816102K->2518024K(3106432K) icms_dc=100 , 0.0866385 secs] [Times: user=1.06 sys=0.04, real=0.09 secs] 
9229.118: [GC 9229.119: [ParNew: 340644K->25418K(353920K), 0.1091139 secs] 2833280K->2531205K(3106432K) icms_dc=100 , 0.1106808 secs] [Times: user=1.27 sys=0.04, real=0.11 secs] 
9230.118: [GC 9230.119: [ParNew: 340042K->31563K(353920K), 0.1174575 secs] 2845784K->2549448K(3106432K) icms_dc=100 , 0.1193077 secs] [Times: user=1.37 sys=0.03, real=0.12 secs] 
9231.194: [GC 9231.195: [ParNew: 346218K->30870K(353920K), 0.1163247 secs] 2863776K->2560776K(3106432K) icms_dc=100 , 0.1179523 secs] [Times: user=1.29 sys=0.04, real=0.12 secs] 
9231.345: [GC 9231.346: [ParNew: 31484K->18001K(353920K), 0.0799090 secs] 2561391K->2570160K(3106432K) icms_dc=100 , 0.0811783 secs] [Times: user=0.99 sys=0.03, real=0.08 secs] 
9232.176: [GC 9232.178: [ParNew: 332463K->27006K(353920K), 0.0817762 secs] 2884523K->2579066K(3106432K) icms_dc=100 , 0.0834348 secs] [Times: user=1.01 sys=0.03, real=0.08 secs] 
9233.208: [GC 9233.209: [ParNew: 341748K->26130K(353920K), 0.1400675 secs] 2879441K->2576411K(3106432K) icms_dc=100 , 0.1416345 secs] [Times: user=1.34 sys=0.10, real=0.14 secs] 
9233.380: [GC 9233.381: [ParNew: 26890K->28206K(353920K), 0.1042392 secs] 2577133K->2578449K(3106432K) icms_dc=100 , 0.1054208 secs] [Times: user=1.02 sys=0.12, real=0.11 secs] 
9233.912: [CMS-concurrent-sweep: 15.273/20.263 secs] [Times: user=481.18 sys=17.08, real=20.26 secs] 
9233.914: [CMS-concurrent-reset-start]
9233.949: [CMS-concurrent-reset: 0.035/0.035 secs] [Times: user=1.01 sys=0.04, real=0.04 secs] 
9234.420: [GC 9234.421: [ParNew: 342810K->38248K(353920K), 0.0685820 secs] 2869997K->2565436K(3106432K) icms_dc=86 , 0.0702526 secs] [Times: user=1.12 sys=0.02, real=0.07 secs] 
9234.569: [GC [1 CMS-initial-mark: 2527187K(2752512K)] 2588006K(3106432K), 0.4775726 secs] [Times: user=0.48 sys=0.00, real=0.48 secs] 
9235.048: [CMS-concurrent-mark-start]
9235.943: [GC 9235.944: [ParNew: 352872K->39296K(353920K), 0.1591218 secs] 2880060K->2576591K(3106432K) icms_dc=100 , 0.1781331 secs] [Times: user=1.59 sys=0.15, real=0.18 secs] 
9236.993: [GC 9236.994: [ParNew: 353920K->37126K(353920K), 0.0854081 secs] 2891215K->2583076K(3106432K) icms_dc=100 , 0.0870268 secs] [Times: user=1.23 sys=0.02, real=0.09 secs] 
9237.900: [GC 9237.901: [ParNew: 351750K->39296K(353920K), 0.0984009 secs] 2897700K->2592874K(3106432K) icms_dc=100 , 0.0999552 secs] [Times: user=1.15 sys=0.02, real=0.10 secs] 
9238.791: [GC 9238.792: [ParNew: 353920K->27205K(353920K), 0.0962942 secs] 2907498K->2598097K(3106432K) icms_dc=100 , 0.0977811 secs] [Times: user=1.26 sys=0.03, real=0.10 secs] 
9239.831: [GC 9239.832: [ParNew: 341829K->36110K(353920K), 0.0749747 secs] 2912721K->2607002K(3106432K) icms_dc=100 , 0.0765476 secs] [Times: user=1.07 sys=0.02, real=0.08 secs] 
9240.953: [GC 9240.954: [ParNew: 350734K->30446K(353920K), 0.1394020 secs] 2921626K->2619809K(3106432K) icms_dc=100 , 0.1409732 secs] [Times: user=1.46 sys=0.10, real=0.14 secs] 
9241.898: [GC 9241.899: [ParNew: 345070K->30273K(353920K), 0.1500184 secs] 2934433K->2630751K(3106432K) icms_dc=100 , 0.1515957 secs] [Times: user=1.13 sys=0.02, real=0.15 secs] 
9242.857: [GC 9242.858: [ParNew: 344897K->32831K(353920K), 0.1105069 secs] 2945375K->2643241K(3106432K) icms_dc=100 , 0.1120802 secs] [Times: user=1.31 sys=0.05, real=0.11 secs] 
9243.699: [GC 9243.700: [ParNew: 347455K->29069K(353920K), 0.1289440 secs] 2957865K->2650852K(3106432K) icms_dc=100 , 0.1304908 secs] [Times: user=1.29 sys=0.07, real=0.13 secs] 
9244.599: [GC 9244.600: [ParNew: 343693K->25667K(353920K), 0.1617204 secs] 2965476K->2657468K(3106432K) icms_dc=100 , 0.1633005 secs] [Times: user=1.33 sys=0.04, real=0.16 secs] 
9245.471: [GC 9245.472: [ParNew: 340291K->39295K(353920K), 0.1278809 secs] 2972092K->2671590K(3106432K) icms_dc=100 , 0.1294379 secs] [Times: user=1.24 sys=0.03, real=0.13 secs] 
9246.384: [GC 9246.385: [ParNew: 353919K->29735K(353920K), 0.1539482 secs] 2986214K->2680972K(3106432K) icms_dc=100 , 0.1555336 secs] [Times: user=1.49 sys=0.07, real=0.16 secs] 
9247.315: [GC 9247.316: [ParNew: 344359K->39296K(353920K), 0.1612645 secs] 2995596K->2691321K(3106432K) icms_dc=100 , 0.1628636 secs] [Times: user=1.17 sys=0.02, real=0.16 secs] 
9248.219: [GC 9248.220: [ParNew: 353920K->34481K(353920K), 0.2248309 secs] 3005945K->2706846K(3106432K) icms_dc=100 , 0.2264296 secs] [Times: user=1.46 sys=0.04, real=0.23 secs] 
9249.226: [GC 9249.227: [ParNew: 349105K->33904K(353920K), 0.1255052 secs] 3021470K->2717416K(3106432K) icms_dc=100 , 0.1271550 secs] [Times: user=1.42 sys=0.10, real=0.13 secs] 
9250.180: [GC 9250.181: [ParNew: 348804K->30904K(353920K), 0.1288671 secs] 3032316K->2728813K(3106432K) icms_dc=100 , 0.1304553 secs] [Times: user=1.45 sys=0.12, real=0.13 secs] 
9250.343: [GC 9250.343: [ParNew (promotion failed): 32348K->21620K(353920K), 0.8161519 secs] 2730257K->2734810K(3106432K) icms_dc=100 , 0.8173891 secs] [Times: user=1.70 sys=0.72, real=0.82 secs] 
GC locker: Trying a full collection because scavenge failed
9251.161: [Full GC 9251.162: [CMS9253.124: [CMS-concurrent-mark: 13.593/18.076 secs] [Times: user=395.35 sys=12.62, real=18.08 secs] 
 (concurrent mode failure): 2713189K->1669457K(2752512K), 41.0111726 secs] 2734810K->1669457K(3106432K), [CMS Perm : 206202K->204895K(402264K)] icms_dc=100 , 41.0123075 secs] [Times: user=47.70 sys=0.03, real=41.01 secs] 
9292.279: [GC [1 CMS-initial-mark: 1669457K(2752512K)] 1669493K(3106432K), 0.2471136 secs] [Times: user=0.25 sys=0.00, real=0.25 secs] 
9292.528: [CMS-concurrent-mark-start]
9294.565: [GC 9294.566: [ParNew: 314820K->30036K(353920K), 0.0928628 secs] 1984278K->1699494K(3106432K) icms_dc=100 , 0.0944351 secs] [Times: user=0.96 sys=0.02, real=0.10 secs] 
9296.004: [GC 9296.005: [ParNew: 344660K->31153K(353920K), 0.1027487 secs] 2014118K->1717164K(3106432K) icms_dc=100 , 0.1043354 secs] [Times: user=1.21 sys=0.05, real=0.10 secs] 
9297.068: [GC 9297.069: [ParNew: 346105K->26931K(353920K), 0.0736635 secs] 2032116K->1723900K(3106432K) icms_dc=100 , 0.0752329 secs] [Times: user=0.98 sys=0.02, real=0.08 secs] 
9298.138: [GC 9298.140: [ParNew: 342010K->39296K(353920K), 0.1127555 secs] 2038979K->1738030K(3106432K) icms_dc=100 , 0.1143265 secs] [Times: user=1.07 sys=0.06, real=0.11 secs] 
9298.283: [GC 9298.284: [ParNew: 39672K->22076K(353920K), 0.1078870 secs] 1738406K->1753219K(3106432K) icms_dc=100 , 0.1091620 secs] [Times: user=1.08 sys=0.05, real=0.11 secs] 
9299.317: [GC 9299.318: [ParNew: 336700K->26929K(353920K), 0.1179125 secs] 2067843K->1758072K(3106432K) icms_dc=100 , 0.1195450 secs] [Times: user=0.97 sys=0.04, real=0.12 secs] 
9300.397: [GC 9300.398: [ParNew: 341985K->28683K(353920K), 0.2470162 secs] 2073128K->1770763K(3106432K) icms_dc=100 , 0.2487012 secs] [Times: user=1.21 sys=0.02, real=0.25 secs] 
9300.677: [GC 9300.677: [ParNew: 29065K->15280K(353920K), 0.1861915 secs] 1771145K->1779666K(3106432K) icms_dc=100 , 0.1874460 secs] [Times: user=0.96 sys=0.03, real=0.19 secs] 
9301.686: [GC 9301.687: [ParNew: 329904K->24916K(353920K), 0.0975047 secs] 2094290K->1789302K(3106432K) icms_dc=100 , 0.0991092 secs] [Times: user=0.81 sys=0.01, real=0.10 secs] 
9302.690: [GC 9302.691: [ParNew: 339540K->25824K(353920K), 0.1826648 secs] 2103926K->1802444K(3106432K) icms_dc=100 , 0.1842125 secs] [Times: user=1.57 sys=0.21, real=0.18 secs] 
9303.754: [GC 9303.755: [ParNew: 340448K->26937K(353920K), 0.0885743 secs] 2117068K->1814277K(3106432K) icms_dc=100 , 0.0901735 secs] [Times: user=1.07 sys=0.04, real=0.09 secs] 
9304.755: [GC 9304.756: [ParNew: 341561K->26406K(353920K), 0.1199016 secs] 2128901K->1824046K(3106432K) icms_dc=100 , 0.1215831 secs] [Times: user=1.17 sys=0.02, real=0.12 secs] 
9305.685: [GC 9305.686: [ParNew: 341198K->39143K(353920K), 0.0787638 secs] 2138838K->1836783K(3106432K) icms_dc=100 , 0.0803328 secs] [Times: user=1.05 sys=0.02, real=0.08 secs] 
9305.794: [GC 9305.795: [ParNew: 39773K->21136K(353920K), 0.1291455 secs] 1837413K->1849633K(3106432K) icms_dc=100 , 0.1303588 secs] [Times: user=1.26 sys=0.04, real=0.13 secs] 
9306.738: [GC 9306.739: [ParNew: 335760K->28849K(353920K), 0.0602324 secs] 2164257K->1857346K(3106432K) icms_dc=100 , 0.0617921 secs] [Times: user=0.96 sys=0.02, real=0.06 secs] 
9307.961: [GC 9307.962: [ParNew: 343569K->29576K(353920K), 0.1003340 secs] 2172066K->1871207K(3106432K) icms_dc=100 , 0.1019057 secs] [Times: user=1.19 sys=0.02, real=0.10 secs] 
9308.092: [GC 9308.093: [ParNew: 30568K->14360K(353920K), 0.0844519 secs] 1872199K->1876249K(3106432K) icms_dc=100 , 0.0858029 secs] [Times: user=1.08 sys=0.04, real=0.09 secs] 
9309.074: [GC 9309.075: [ParNew: 328984K->27968K(353920K), 0.1043115 secs] 2190873K->1889856K(3106432K) icms_dc=100 , 0.1058882 secs] [Times: user=1.15 sys=0.12, real=0.11 secs] 
9310.068: [GC 9310.069: [ParNew: 342592K->27114K(353920K), 0.1594120 secs] 2204480K->1902381K(3106432K) icms_dc=100 , 0.1610250 secs] [Times: user=1.61 sys=0.14, real=0.16 secs] 
9311.116: [GC 9311.117: [ParNew: 341738K->26408K(353920K), 0.1163231 secs] 2217005K->1910881K(3106432K) icms_dc=100 , 0.1179301 secs] [Times: user=1.40 sys=0.12, real=0.12 secs] 
9312.138: [GC 9312.139: [ParNew: 341032K->34530K(353920K), 0.1118706 secs] 2225505K->1919002K(3106432K) icms_dc=100 , 0.1134683 secs] [Times: user=1.13 sys=0.13, real=0.11 secs] 
9313.442: [GC 9313.443: [ParNew: 349154K->37541K(353920K), 0.0971516 secs] 2233626K->1929772K(3106432K) icms_dc=100 , 0.0987280 secs] [Times: user=1.17 sys=0.03, real=0.10 secs] 
9314.330: [GC 9314.331: [ParNew: 352165K->34899K(353920K), 0.1353559 secs] 2244396K->1935149K(3106432K) icms_dc=100 , 0.1369970 secs] [Times: user=1.37 sys=0.07, real=0.14 secs] 
9315.514: [GC 9315.515: [ParNew: 349523K->39295K(353920K), 0.0901873 secs] 2249773K->1947689K(3106432K) icms_dc=100 , 0.0918221 secs] [Times: user=1.18 sys=0.02, real=0.09 secs] 
9315.608: [CMS-concurrent-mark: 14.561/23.080 secs] [Times: user=525.74 sys=17.89, real=23.08 secs] 
9315.609: [CMS-concurrent-preclean-start]
9316.528: [GC 9316.530: [ParNew: 353919K->39296K(353920K), 0.1909172 secs] 2262313K->1959381K(3106432K) icms_dc=100 , 0.1927499 secs] [Times: user=1.70 sys=0.20, real=0.19 secs] 
9317.561: [GC 9317.562: [ParNew: 353920K->39296K(353920K), 0.1655241 secs] 2274005K->1969660K(3106432K) icms_dc=100 , 0.1671512 secs] [Times: user=1.59 sys=0.14, real=0.17 secs] 
9318.574: [GC 9318.575: [ParNew: 353920K->39296K(353920K), 0.2598722 secs] 2284284K->1981154K(3106432K) icms_dc=100 , 0.2614604 secs] [Times: user=1.80 sys=0.28, real=0.26 secs] 
9320.128: [GC 9320.129: [ParNew: 353920K->37176K(353920K), 0.1440365 secs] 2295778K->1996098K(3106432K) icms_dc=100 , 0.1456193 secs] [Times: user=1.45 sys=0.11, real=0.15 secs] 
9321.054: [GC 9321.055: [ParNew: 351860K->31383K(353920K), 0.1455860 secs] 2310782K->2002772K(3106432K) icms_dc=100 , 0.1471509 secs] [Times: user=1.47 sys=0.17, real=0.15 secs] 
9322.092: [GC 9322.093: [ParNew: 346231K->31689K(353920K), 0.0957757 secs] 2317621K->2014106K(3106432K) icms_dc=100 , 0.0974152 secs] [Times: user=1.19 sys=0.03, real=0.10 secs] 
9322.219: [GC 9322.219: [ParNew: 32030K->11930K(353920K), 0.0731595 secs] 2014446K->2016609K(3106432K) icms_dc=100 , 0.0743814 secs] [Times: user=0.93 sys=0.03, real=0.08 secs] 
9323.582: [GC 9323.583: [ParNew: 326554K->27650K(353920K), 0.0766233 secs] 2331233K->2032329K(3106432K) icms_dc=100 , 0.0782110 secs] [Times: user=0.89 sys=0.01, real=0.08 secs] 
9324.494: [GC 9324.496: [ParNew: 342274K->26553K(353920K), 0.0857364 secs] 2346953K->2042753K(3106432K) icms_dc=100 , 0.0873411 secs] [Times: user=1.12 sys=0.02, real=0.09 secs] 
9325.415: [GC 9325.416: [ParNew: 340805K->28383K(353920K), 0.0782181 secs] 2357006K->2054815K(3106432K) icms_dc=100 , 0.0798182 secs] [Times: user=1.03 sys=0.02, real=0.08 secs] 
9326.737: [GC 9326.738: [ParNew: 343374K->28918K(353920K), 0.0988331 secs] 2369806K->2065444K(3106432K) icms_dc=100 , 0.1004319 secs] [Times: user=1.02 sys=0.02, real=0.10 secs] 
9326.866: [GC 9326.867: [ParNew: 29835K->17595K(353920K), 0.1523948 secs] 2066361K->2076299K(3106432K) icms_dc=100 , 0.1536145 secs] [Times: user=1.23 sys=0.17, real=0.15 secs] 
9327.853: [GC 9327.854: [ParNew: 332331K->23842K(353920K), 0.0628366 secs] 2391035K->2082546K(3106432K) icms_dc=100 , 0.0645102 secs] [Times: user=0.89 sys=0.02, real=0.07 secs] 
9327.947: [GC 9327.948: [ParNew: 24291K->9413K(353920K), 0.0831747 secs] 2082994K->2089091K(3106432K) icms_dc=100 , 0.0843923 secs] [Times: user=1.01 sys=0.04, real=0.09 secs] 
9329.213: [GC 9329.215: [ParNew: 324037K->26815K(353920K), 0.1034458 secs] 2403715K->2106494K(3106432K) icms_dc=100 , 0.1050441 secs] [Times: user=1.15 sys=0.10, real=0.11 secs] 
9330.098: [GC 9330.099: [ParNew: 342056K->25595K(353920K), 0.1223860 secs] 2421735K->2118497K(3106432K) icms_dc=100 , 0.1239349 secs] [Times: user=1.32 sys=0.09, real=0.12 secs] 
9330.251: [GC 9330.252: [ParNew: 26532K->14399K(353920K), 0.1073242 secs] 2119434K->2127597K(3106432K) icms_dc=100 , 0.1085411 secs] [Times: user=1.06 sys=0.11, real=0.11 secs] 
9330.689: [CMS-concurrent-preclean: 9.918/15.080 secs] [Times: user=329.97 sys=12.84, real=15.08 secs] 
9330.690: [CMS-concurrent-abortable-preclean-start]
9331.170: [GC 9331.171: [ParNew: 329023K->24519K(353920K), 0.0909222 secs] 2442221K->2137717K(3106432K) icms_dc=100 , 0.0924966 secs] [Times: user=0.86 sys=0.03, real=0.09 secs] 
9331.933: [CMS-concurrent-abortable-preclean: 0.971/1.243 secs] [Times: user=32.44 sys=1.16, real=1.24 secs] 
9331.963: [GC[YG occupancy: 278521 K (353920 K)]9331.963: [Rescan (parallel) , 0.1735162 secs]9332.137: [weak refs processing, 0.0005513 secs] [1 CMS-remark: 2113197K(2752512K)] 2391718K(3106432K), 0.1747431 secs] [Times: user=2.76 sys=0.10, real=0.18 secs] 
9332.139: [CMS-concurrent-sweep-start]
9332.329: [GC 9332.330: [ParNew: 339225K->25925K(353920K), 0.1039514 secs] 2452423K->2151014K(3106432K) icms_dc=100 , 0.1055587 secs] [Times: user=1.21 sys=0.08, real=0.11 secs] 
9332.463: [GC 9332.464: [ParNew: 26435K->12691K(353920K), 0.0946296 secs] 2151523K->2157206K(3106432K) icms_dc=100 , 0.0958360 secs] [Times: user=1.02 sys=0.08, real=0.10 secs] 
9333.770: [GC 9333.771: [ParNew: 328198K->26647K(353920K), 0.0677461 secs] 2472700K->2171148K(3106432K) icms_dc=100 , 0.0693635 secs] [Times: user=0.91 sys=0.02, real=0.07 secs] 
9334.118: [GC 9334.119: [ParNew: 27233K->8603K(353920K), 0.0778301 secs] 2171734K->2177905K(3106432K) icms_dc=100 , 0.0790390 secs] [Times: user=0.92 sys=0.04, real=0.08 secs] 
9334.984: [GC 9334.985: [ParNew: 322853K->20046K(353920K), 0.0527204 secs] 2492136K->2189329K(3106432K) icms_dc=100 , 0.0543185 secs] [Times: user=0.87 sys=0.03, real=0.05 secs] 
9335.792: [GC 9335.793: [ParNew: 335865K->34526K(353920K), 0.1020587 secs] 2505044K->2203705K(3106432K) icms_dc=100 , 0.1036167 secs] [Times: user=1.02 sys=0.01, real=0.10 secs] 
9335.927: [GC 9335.928: [ParNew: 35528K->26546K(353920K), 0.0735843 secs] 2204706K->2207514K(3106432K) icms_dc=100 , 0.0747880 secs] [Times: user=1.01 sys=0.02, real=0.08 secs] 
9336.790: [GC 9336.791: [ParNew: 341170K->37795K(353920K), 0.1241664 secs] 2521351K->2217977K(3106432K) icms_dc=100 , 0.1257417 secs] [Times: user=1.39 sys=0.15, real=0.13 secs] 
9337.671: [GC 9337.672: [ParNew: 352419K->36430K(353920K), 0.0927677 secs] 2531857K->2223341K(3106432K) icms_dc=100 , 0.0943428 secs] [Times: user=1.17 sys=0.02, real=0.09 secs] 
9338.612: [GC 9338.613: [ParNew: 351054K->39296K(353920K), 0.1027544 secs] 2537946K->2235576K(3106432K) icms_dc=100 , 0.1046040 secs] [Times: user=1.15 sys=0.02, real=0.11 secs] 
9339.626: [GC 9339.627: [ParNew: 353920K->33614K(353920K), 0.1258944 secs] 2550182K->2248943K(3106432K) icms_dc=100 , 0.1275241 secs] [Times: user=1.31 sys=0.06, real=0.13 secs] 
9340.569: [GC 9340.570: [ParNew: 348238K->26021K(353920K), 0.0769480 secs] 2563500K->2251376K(3106432K) icms_dc=100 , 0.0785269 secs] [Times: user=1.00 sys=0.02, real=0.08 secs] 
9341.396: [GC 9341.397: [ParNew: 340645K->35002K(353920K), 0.1186735 secs] 2565968K->2260326K(3106432K) icms_dc=100 , 0.1202711 secs] [Times: user=1.27 sys=0.14, real=0.12 secs] 
9342.198: [GC 9342.199: [ParNew: 349626K->39138K(353920K), 0.1545506 secs] 2574942K->2272662K(3106432K) icms_dc=100 , 0.1562314 secs] [Times: user=1.58 sys=0.18, real=0.16 secs] 
9343.197: [GC 9343.198: [ParNew: 353804K->39296K(353920K), 0.1215879 secs] 2587251K->2282272K(3106432K) icms_dc=100 , 0.1231283 secs] [Times: user=1.11 sys=0.02, real=0.12 secs] 
9343.349: [GC 9343.350: [ParNew: 39666K->33034K(353920K), 0.0997979 secs] 2282643K->2285915K(3106432K) icms_dc=100 , 0.1009967 secs] [Times: user=0.94 sys=0.03, real=0.10 secs] 
9344.407: [GC 9344.408: [ParNew: 347658K->36441K(353920K), 0.1098485 secs] 2600404K->2289187K(3106432K) icms_dc=100 , 0.1117656 secs] [Times: user=1.48 sys=0.10, real=0.11 secs] 
9345.332: [GC 9345.333: [ParNew: 351224K->39296K(353920K), 0.1016891 secs] 2603966K->2303672K(3106432K) icms_dc=100 , 0.1032585 secs] [Times: user=1.33 sys=0.02, real=0.10 secs] 
9345.465: [GC 9345.466: [ParNew: 40370K->27427K(353920K), 0.1069545 secs] 2304747K->2323380K(3106432K) icms_dc=100 , 0.1082372 secs] [Times: user=1.22 sys=0.07, real=0.11 secs] 
9346.433: [GC 9346.434: [ParNew: 342051K->32096K(353920K), 0.1027158 secs] 2636006K->2326051K(3106432K) icms_dc=100 , 0.1042898 secs] [Times: user=1.25 sys=0.12, real=0.10 secs] 
9347.362: [GC 9347.363: [ParNew: 346876K->30726K(353920K), 0.1020332 secs] 2638365K->2338044K(3106432K) icms_dc=100 , 0.1036857 secs] [Times: user=1.18 sys=0.02, real=0.10 secs] 
9348.324: [GC 9348.325: [ParNew: 345350K->30193K(353920K), 0.0860457 secs] 2650599K->2345429K(3106432K) icms_dc=100 , 0.0876083 secs] [Times: user=1.14 sys=0.02, real=0.09 secs] 
9349.194: [GC 9349.195: [ParNew: 344817K->34235K(353920K), 0.0977473 secs] 2660013K->2360804K(3106432K) icms_dc=100 , 0.0993291 secs] [Times: user=1.25 sys=0.03, real=0.10 secs] 
9350.177: [GC 9350.178: [ParNew: 348859K->29532K(353920K), 0.0955591 secs] 2673817K->2366458K(3106432K) icms_dc=100 , 0.0972003 secs] [Times: user=1.18 sys=0.03, real=0.10 secs] 
9351.010: [GC 9351.011: [ParNew: 344156K->31466K(353920K), 0.0944839 secs] 2653979K->2351504K(3106432K) icms_dc=100 , 0.0961239 secs] [Times: user=1.22 sys=0.04, real=0.10 secs] 
9351.333: [CMS-concurrent-sweep: 14.638/19.194 secs] [Times: user=458.53 sys=15.66, real=19.20 secs] 
9351.335: [CMS-concurrent-reset-start]
9351.478: [CMS-concurrent-reset: 0.143/0.143 secs] [Times: user=4.24 sys=0.13, real=0.14 secs] 
9351.895: [GC 9351.914: [ParNew: 346090K->26550K(353920K), 0.0818706 secs] 2652362K->2343555K(3106432K) icms_dc=75 , 0.0834496 secs] [Times: user=1.08 sys=0.02, real=0.10 secs] 
9352.109: [GC [1 CMS-initial-mark: 2317004K(2752512K)] 2383185K(3106432K), 0.5520229 secs] [Times: user=0.55 sys=0.00, real=0.55 secs] 
9352.663: [CMS-concurrent-mark-start]
9353.389: [GC 9353.390: [ParNew: 341174K->28417K(353920K), 0.0939877 secs] 2658179K->2356648K(3106432K) icms_dc=93 , 0.0955298 secs] [Times: user=1.19 sys=0.02, real=0.10 secs] 
9354.380: [GC 9354.381: [ParNew: 343041K->30147K(353920K), 0.1434849 secs] 2671272K->2369205K(3106432K) icms_dc=100 , 0.1450464 secs] [Times: user=1.40 sys=0.15, real=0.15 secs] 
9355.529: [GC 9355.530: [ParNew: 344771K->30437K(353920K), 0.1081371 secs] 2683829K->2379611K(3106432K) icms_dc=100 , 0.1099019 secs] [Times: user=1.34 sys=0.04, real=0.11 secs] 
9356.461: [GC 9356.462: [ParNew: 345061K->24884K(353920K), 0.0839715 secs] 2694235K->2385325K(3106432K) icms_dc=100 , 0.0855236 secs] [Times: user=1.07 sys=0.02, real=0.09 secs] 
9357.563: [GC 9357.564: [ParNew: 339508K->37590K(353920K), 0.0631334 secs] 2699949K->2398031K(3106432K) icms_dc=100 , 0.0647171 secs] [Times: user=0.93 sys=0.02, real=0.07 secs] 
9358.624: [GC 9358.625: [ParNew: 352214K->27298K(353920K), 0.1016199 secs] 2712655K->2404444K(3106432K) icms_dc=100 , 0.1035382 secs] [Times: user=1.17 sys=0.02, real=0.10 secs] 
9359.624: [GC 9359.626: [ParNew: 341922K->37826K(353920K), 0.0839762 secs] 2719068K->2414973K(3106432K) icms_dc=100 , 0.0855693 secs] [Times: user=0.99 sys=0.02, real=0.09 secs] 
9360.674: [GC 9360.675: [ParNew: 352386K->39296K(353920K), 0.1472487 secs] 2729532K->2424491K(3106432K) icms_dc=100 , 0.1488459 secs] [Times: user=1.47 sys=0.14, real=0.15 secs] 
9361.811: [GC 9361.812: [ParNew: 353920K->38195K(353920K), 0.1207675 secs] 2739115K->2432412K(3106432K) icms_dc=100 , 0.1223421 secs] [Times: user=1.20 sys=0.05, real=0.12 secs] 
9362.782: [GC 9362.783: [ParNew: 352819K->38617K(353920K), 0.1599155 secs] 2747036K->2439597K(3106432K) icms_dc=100 , 0.1615354 secs] [Times: user=1.59 sys=0.17, real=0.16 secs] 
9363.771: [GC 9363.772: [ParNew: 353241K->37775K(353920K), 0.0778464 secs] 2754221K->2445062K(3106432K) icms_dc=100 , 0.0794479 secs] [Times: user=1.16 sys=0.02, real=0.08 secs] 
9364.711: [GC 9364.712: [ParNew: 352399K->39296K(353920K), 0.1292872 secs] 2759686K->2455447K(3106432K) icms_dc=100 , 0.1308680 secs] [Times: user=1.17 sys=0.03, real=0.13 secs] 
9365.942: [GC 9365.943: [ParNew: 353920K->35759K(353920K), 0.0802292 secs] 2770166K->2458975K(3106432K) icms_dc=100 , 0.0818208 secs] [Times: user=1.23 sys=0.03, real=0.08 secs] 
9366.060: [GC 9366.060: [ParNew: 39025K->27537K(353920K), 0.0802415 secs] 2462241K->2460836K(3106432K) icms_dc=100 , 0.0814579 secs] [Times: user=1.07 sys=0.02, real=0.08 secs] 
9366.943: [GC 9366.944: [ParNew: 342161K->34756K(353920K), 0.0850237 secs] 2775460K->2468055K(3106432K) icms_dc=100 , 0.0866188 secs] [Times: user=1.19 sys=0.09, real=0.09 secs] 
9368.051: [GC 9368.052: [ParNew: 349380K->39296K(353920K), 0.2530862 secs] 2782679K->2481565K(3106432K) icms_dc=100 , 0.2548565 secs] [Times: user=1.89 sys=0.31, real=0.26 secs] 
9368.758: [CMS-concurrent-mark: 12.619/16.095 secs] [Times: user=401.47 sys=13.66, real=16.10 secs] 
9368.759: [CMS-concurrent-preclean-start]
9369.149: [GC 9369.150: [ParNew: 353920K->34423K(353920K), 0.0888036 secs] 2796189K->2485169K(3106432K) icms_dc=100 , 0.0904680 secs] [Times: user=1.31 sys=0.02, real=0.09 secs] 
9370.117: [GC 9370.119: [ParNew: 349047K->37065K(353920K), 0.0911832 secs] 2799793K->2495016K(3106432K) icms_dc=100 , 0.0930373 secs] [Times: user=1.21 sys=0.03, real=0.09 secs] 
9371.087: [GC 9371.089: [ParNew: 351610K->39296K(353920K), 0.2172244 secs] 2809561K->2507852K(3106432K) icms_dc=100 , 0.2188457 secs] [Times: user=1.73 sys=0.22, real=0.22 secs] 
9372.161: [GC 9372.162: [ParNew: 353920K->39296K(353920K), 0.1331291 secs] 2822476K->2517665K(3106432K) icms_dc=100 , 0.1348888 secs] [Times: user=1.38 sys=0.02, real=0.14 secs] 
9373.212: [GC 9373.213: [ParNew: 353920K->32902K(353920K), 0.1081122 secs] 2832663K->2529227K(3106432K) icms_dc=100 , 0.1096829 secs] [Times: user=1.44 sys=0.05, real=0.11 secs] 
9373.352: [GC 9373.352: [ParNew: 33221K->9026K(353920K), 0.0831937 secs] 2529546K->2527204K(3106432K) icms_dc=100 , 0.0844390 secs] [Times: user=0.99 sys=0.04, real=0.09 secs] 
9374.253: [GC 9374.254: [ParNew: 323650K->26325K(353920K), 0.1092222 secs] 2841828K->2544503K(3106432K) icms_dc=100 , 0.1108432 secs] [Times: user=1.17 sys=0.11, real=0.11 secs] 
9375.137: [GC 9375.138: [ParNew: 341004K->26680K(353920K), 0.1289406 secs] 2859183K->2559322K(3106432K) icms_dc=100 , 0.1306354 secs] [Times: user=1.38 sys=0.03, real=0.13 secs] 
9375.298: [GC 9375.299: [ParNew: 27478K->13828K(353920K), 0.1215181 secs] 2560120K->2566380K(3106432K) icms_dc=100 , 0.1228289 secs] [Times: user=1.21 sys=0.11, real=0.12 secs] 
9376.247: [GC 9376.248: [ParNew: 328436K->24453K(353920K), 0.0797772 secs] 2880989K->2577006K(3106432K) icms_dc=100 , 0.0813915 secs] [Times: user=1.03 sys=0.04, real=0.08 secs] 
9377.125: [GC 9377.126: [ParNew: 339184K->30352K(353920K), 0.1053778 secs] 2891737K->2597866K(3106432K) icms_dc=100 , 0.1070089 secs] [Times: user=1.28 sys=0.03, real=0.11 secs] 
9377.262: [GC 9377.263: [ParNew: 31410K->15365K(353920K), 0.0814849 secs] 2598924K->2606384K(3106432K) icms_dc=100 , 0.0826848 secs] [Times: user=0.97 sys=0.03, real=0.08 secs] 
9378.115: [GC 9378.116: [ParNew: 330053K->26084K(353920K), 0.1023062 secs] 2921073K->2617103K(3106432K) icms_dc=100 , 0.1038741 secs] [Times: user=1.18 sys=0.04, real=0.10 secs] 
9378.250: [GC 9378.251: [ParNew: 26823K->10661K(353920K), 0.1361842 secs] 2617842K->2626057K(3106432K) icms_dc=100 , 0.1374278 secs] [Times: user=1.38 sys=0.14, real=0.14 secs] 
9379.136: [GC 9379.137: [ParNew: 325285K->23613K(353920K), 0.0850722 secs] 2940681K->2639010K(3106432K) icms_dc=100 , 0.0868551 secs] [Times: user=1.16 sys=0.08, real=0.09 secs] 
9380.069: [GC 9380.070: [ParNew: 338376K->25581K(353920K), 0.0959240 secs] 2953772K->2655114K(3106432K) icms_dc=100 , 0.0975124 secs] [Times: user=1.25 sys=0.04, real=0.10 secs] 
9380.202: [GC 9380.203: [ParNew: 29041K->27504K(353920K), 0.0652342 secs] 2658573K->2657036K(3106432K) icms_dc=100 , 0.0664372 secs] [Times: user=0.85 sys=0.04, real=0.07 secs] 
9380.583: [CMS-concurrent-preclean: 8.429/11.824 secs] [Times: user=278.34 sys=10.02, real=11.82 secs] 
9380.584: [CMS-concurrent-abortable-preclean-start]
9380.967: [GC 9380.968: [ParNew: 342100K->24776K(353920K), 0.0862208 secs] 2971632K->2664696K(3106432K) icms_dc=100 , 0.0878684 secs] [Times: user=1.24 sys=0.05, real=0.09 secs] 
9381.924: [GC 9381.925: [ParNew: 341100K->39296K(353920K), 0.1113211 secs] 2981020K->2680619K(3106432K) icms_dc=100 , 0.1129269 secs] [Times: user=1.10 sys=0.06, real=0.11 secs] 
9382.932: [CMS-concurrent-abortable-preclean: 1.781/2.347 secs] [Times: user=59.79 sys=1.90, real=2.35 secs] 
9382.963: [GC[YG occupancy: 353920 K (353920 K)]9382.963: [Rescan (parallel) , 0.1945127 secs]9383.158: [weak refs processing, 0.0368025 secs] [1 CMS-remark: 2641911K(2752512K)] 2995831K(3106432K), 0.2375351 secs] [Times: user=3.23 sys=0.15, real=0.24 secs] 
9383.202: [CMS-concurrent-sweep-start]
9383.229: [GC 9383.230: [ParNew: 353920K->29685K(353920K), 0.1051636 secs] 2995831K->2690781K(3106432K) icms_dc=100 , 0.1067527 secs] [Times: user=1.35 sys=0.04, real=0.11 secs] 
9384.102: [GC 9384.103: [ParNew: 344309K->33603K(353920K), 0.1337329 secs] 3005381K->2704782K(3106432K) icms_dc=100 , 0.1353555 secs] [Times: user=1.63 sys=0.13, real=0.14 secs] 
9385.082: [GC 9385.084: [ParNew: 348227K->32195K(353920K), 0.1768031 secs] 3019400K->2713796K(3106432K) icms_dc=100 , 0.1786314 secs] [Times: user=1.75 sys=0.10, real=0.18 secs] 
9386.191: [GC 9386.192: [ParNew: 346819K->31994K(353920K), 0.0896182 secs] 3028393K->2723189K(3106432K) icms_dc=100 , 0.0912129 secs] [Times: user=1.16 sys=0.03, real=0.09 secs] 
9387.056: [GC 9387.071: [ParNew: 346618K->30897K(353920K), 0.1766580 secs] 3037770K->2732351K(3106432K) icms_dc=100 , 0.1783298 secs] [Times: user=1.69 sys=0.23, real=0.19 secs] 
9388.033: [GC 9388.034: [ParNew: 345479K->27165K(353920K), 0.1633763 secs] 3046770K->2738774K(3106432K) icms_dc=100 , 0.1649693 secs] [Times: user=1.44 sys=0.10, real=0.17 secs] 
9389.015: [GC 9389.016: [ParNew (promotion failed): 341789K->350668K(353920K), 1.0333140 secs]9390.049: [CMS9396.509: [CMS-concurrent-sweep: 10.646/13.307 secs] [Times: user=150.33 sys=5.47, real=13.31 secs] 
 (concurrent mode failure): 2716845K->1655421K(2752512K), 45.7410675 secs] 3053361K->1655421K(3106432K), [CMS Perm : 206084K->204895K(402264K)] icms_dc=100 , 46.7761804 secs] [Times: user=47.95 sys=0.51, real=46.78 secs] 
9435.896: [GC [1 CMS-initial-mark: 1655421K(2752512K)] 1655526K(3106432K), 0.2473154 secs] [Times: user=0.25 sys=0.00, real=0.25 secs] 
9436.145: [CMS-concurrent-mark-start]
9438.768: [GC 9438.769: [ParNew: 314624K->39296K(353920K), 0.2102519 secs] 1970045K->1697060K(3106432K) icms_dc=100 , 0.2118057 secs] [Times: user=1.51 sys=0.25, real=0.21 secs] 
9439.880: [GC 9439.881: [ParNew: 353920K->28716K(353920K), 0.1473805 secs] 2011684K->1705078K(3106432K) icms_dc=100 , 0.1489579 secs] [Times: user=1.48 sys=0.14, real=0.15 secs] 
9440.904: [GC 9440.906: [ParNew: 343340K->30928K(353920K), 0.0551896 secs] 2019702K->1707290K(3106432K) icms_dc=100 , 0.0567275 secs] [Times: user=0.86 sys=0.01, real=0.06 secs] 
9442.077: [GC 9442.078: [ParNew: 345552K->38394K(353920K), 0.1335062 secs] 2021914K->1722229K(3106432K) icms_dc=100 , 0.1350903 secs] [Times: user=1.29 sys=0.12, real=0.14 secs] 
9443.125: [GC 9443.126: [ParNew: 353018K->39239K(353920K), 0.0951972 secs] 2036853K->1730774K(3106432K) icms_dc=100 , 0.0968422 secs] [Times: user=1.19 sys=0.06, real=0.10 secs] 
9444.226: [GC 9444.227: [ParNew: 353863K->39296K(353920K), 0.0991228 secs] 2045398K->1740737K(3106432K) icms_dc=100 , 0.1007207 secs] [Times: user=1.09 sys=0.02, real=0.10 secs] 
9445.297: [GC 9445.298: [ParNew: 353920K->39296K(353920K), 0.0983216 secs] 2055361K->1750449K(3106432K) icms_dc=100 , 0.0999239 secs] [Times: user=1.10 sys=0.01, real=0.10 secs] 
9446.288: [GC 9446.289: [ParNew: 353920K->37152K(353920K), 0.1006671 secs] 2065073K->1767658K(3106432K) icms_dc=100 , 0.1022512 secs] [Times: user=1.16 sys=0.02, real=0.10 secs] 
9447.274: [GC 9447.275: [ParNew: 352020K->28613K(353920K), 0.0877496 secs] 2082526K->1768647K(3106432K) icms_dc=100 , 0.0893085 secs] [Times: user=1.08 sys=0.07, real=0.09 secs] 
9447.394: [GC 9447.395: [ParNew: 29420K->13737K(353920K), 0.0699928 secs] 1769454K->1773750K(3106432K) icms_dc=100 , 0.0712055 secs] [Times: user=0.84 sys=0.05, real=0.07 secs] 
9448.563: [GC 9448.564: [ParNew: 328361K->22671K(353920K), 0.0689345 secs] 2088374K->1782684K(3106432K) icms_dc=100 , 0.0707532 secs] [Times: user=0.99 sys=0.04, real=0.07 secs] 
9449.571: [GC 9449.572: [ParNew: 337295K->26496K(353920K), 0.1049963 secs] 2097308K->1799140K(3106432K) icms_dc=100 , 0.1065693 secs] [Times: user=1.24 sys=0.07, real=0.11 secs] 
9450.561: [GC 9450.562: [ParNew: 341120K->26388K(353920K), 0.0784786 secs] 2113764K->1809436K(3106432K) icms_dc=100 , 0.0800428 secs] [Times: user=0.99 sys=0.01, real=0.08 secs] 
9451.613: [GC 9451.614: [ParNew: 341012K->25210K(353920K), 0.1230992 secs] 2124060K->1819752K(3106432K) icms_dc=100 , 0.1246945 secs] [Times: user=1.19 sys=0.07, real=0.13 secs] 
9453.185: [GC 9453.186: [ParNew: 340413K->36175K(353920K), 0.1429867 secs] 2134955K->1830716K(3106432K) icms_dc=100 , 0.1445512 secs] [Times: user=1.32 sys=0.12, real=0.15 secs] 
9454.191: [GC 9454.192: [ParNew: 351807K->33492K(353920K), 0.1533543 secs] 2146348K->1844278K(3106432K) icms_dc=100 , 0.1549582 secs] [Times: user=1.59 sys=0.14, real=0.16 secs] 
9454.382: [GC 9454.383: [ParNew: 37236K->20253K(353920K), 0.1318424 secs] 1848021K->1850517K(3106432K) icms_dc=100 , 0.1330842 secs] [Times: user=1.20 sys=0.18, real=0.13 secs] 
9455.368: [GC 9455.369: [ParNew: 334877K->26219K(353920K), 0.1014343 secs] 2165141K->1856483K(3106432K) icms_dc=100 , 0.1029926 secs] [Times: user=1.00 sys=0.09, real=0.10 secs] 
9456.326: [GC 9456.327: [ParNew: 341843K->31235K(353920K), 0.0879267 secs] 2172107K->1874428K(3106432K) icms_dc=100 , 0.0895035 secs] [Times: user=1.14 sys=0.03, real=0.09 secs] 
9456.445: [GC 9456.446: [ParNew: 31535K->7597K(353920K), 0.0749366 secs] 1874728K->1876133K(3106432K) icms_dc=100 , 0.0761449 secs] [Times: user=0.92 sys=0.03, real=0.08 secs] 
9456.689: [CMS-concurrent-mark: 12.363/20.544 secs] [Times: user=447.38 sys=15.96, real=20.54 secs] 
9456.691: [CMS-concurrent-preclean-start]
9457.350: [GC 9457.351: [ParNew: 322221K->25708K(353920K), 0.1262168 secs] 2190757K->1894244K(3106432K) icms_dc=100 , 0.1278110 secs] [Times: user=1.03 sys=0.03, real=0.13 secs] 
9458.256: [GC 9458.257: [ParNew: 340332K->27307K(353920K), 0.0919259 secs] 2208868K->1907269K(3106432K) icms_dc=100 , 0.0935526 secs] [Times: user=1.15 sys=0.02, real=0.09 secs] 
9459.246: [GC 9459.247: [ParNew: 342078K->28752K(353920K), 0.1233096 secs] 2222039K->1919030K(3106432K) icms_dc=100 , 0.1249075 secs] [Times: user=1.11 sys=0.06, real=0.13 secs] 
9459.402: [GC 9459.403: [ParNew: 29200K->28123K(353920K), 0.0907970 secs] 1919479K->1918402K(3106432K) icms_dc=100 , 0.0920844 secs] [Times: user=0.89 sys=0.07, real=0.09 secs] 
9460.208: [GC 9460.209: [ParNew: 342747K->39296K(353920K), 0.1088001 secs] 2233026K->1930812K(3106432K) icms_dc=100 , 0.1103719 secs] [Times: user=1.14 sys=0.09, real=0.11 secs] 
9461.242: [GC 9461.243: [ParNew: 353920K->39296K(353920K), 0.1885129 secs] 2246215K->1943343K(3106432K) icms_dc=100 , 0.1901062 secs] [Times: user=1.56 sys=0.18, real=0.19 secs] 
9461.462: [GC 9461.463: [ParNew: 39406K->26877K(353920K), 0.0633954 secs] 1943454K->1941493K(3106432K) icms_dc=100 , 0.0645936 secs] [Times: user=0.95 sys=0.02, real=0.07 secs] 
9462.424: [GC 9462.426: [ParNew: 341501K->39296K(353920K), 0.0766435 secs] 2256117K->1955344K(3106432K) icms_dc=100 , 0.0782431 secs] [Times: user=0.92 sys=0.02, real=0.08 secs] 
9463.272: [GC 9463.273: [ParNew: 353920K->29536K(353920K), 0.1243430 secs] 2270834K->1967231K(3106432K) icms_dc=100 , 0.1259544 secs] [Times: user=1.46 sys=0.12, real=0.13 secs] 
9463.427: [GC 9463.428: [ParNew: 30061K->15185K(353920K), 0.0694578 secs] 1967756K->1972649K(3106432K) icms_dc=100 , 0.0706625 secs] [Times: user=0.88 sys=0.04, real=0.07 secs] 
9464.332: [GC 9464.333: [ParNew: 329882K->26306K(353920K), 0.1185484 secs] 2287346K->1983770K(3106432K) icms_dc=100 , 0.1201241 secs] [Times: user=1.17 sys=0.18, real=0.12 secs] 
9464.482: [GC 9464.483: [ParNew: 27135K->12082K(353920K), 0.0782116 secs] 1984600K->1993307K(3106432K) icms_dc=100 , 0.0794181 secs] [Times: user=0.91 sys=0.04, real=0.08 secs] 
9465.422: [GC 9465.423: [ParNew: 326706K->19499K(353920K), 0.1261896 secs] 2307931K->2000725K(3106432K) icms_dc=100 , 0.1278299 secs] [Times: user=1.26 sys=0.15, real=0.13 secs] 
9466.290: [GC 9466.291: [ParNew: 333571K->36857K(353920K), 0.0614697 secs] 2314796K->2018082K(3106432K) icms_dc=100 , 0.0630420 secs] [Times: user=0.96 sys=0.02, real=0.06 secs] 
9467.292: [GC 9467.293: [ParNew: 351481K->39296K(353920K), 0.1375256 secs] 2332706K->2032016K(3106432K) icms_dc=100 , 0.1391593 secs] [Times: user=1.39 sys=0.12, real=0.14 secs] 
9467.510: [CMS-concurrent-preclean: 7.326/10.819 secs] [Times: user=259.77 sys=9.86, real=10.82 secs] 
9467.512: [CMS-concurrent-abortable-preclean-start]
9468.250: [CMS-concurrent-abortable-preclean: 0.668/0.738 secs] [Times: user=20.86 sys=0.64, real=0.74 secs] 
9468.279: [GC[YG occupancy: 353920 K (353920 K)]9468.280: [Rescan (parallel) , 0.5268983 secs]9468.807: [weak refs processing, 0.0011510 secs] [1 CMS-remark: 1992904K(2752512K)] 2346824K(3106432K), 0.5287394 secs] [Times: user=4.75 sys=0.99, real=0.53 secs] 
9468.809: [CMS-concurrent-sweep-start]
9468.838: [GC 9468.839: [ParNew: 353920K->39296K(353920K), 0.0855877 secs] 2346824K->2041695K(3106432K) icms_dc=100 , 0.0871633 secs] [Times: user=1.14 sys=0.02, real=0.09 secs] 
9468.954: [GC 9468.955: [ParNew: 39606K->17248K(353920K), 0.0897035 secs] 2042005K->2049207K(3106432K) icms_dc=100 , 0.0909070 secs] [Times: user=1.03 sys=0.05, real=0.09 secs] 
9469.845: [GC 9469.847: [ParNew: 331731K->21571K(353920K), 0.1174876 secs] 2363689K->2053530K(3106432K) icms_dc=100 , 0.1191482 secs] [Times: user=1.11 sys=0.10, real=0.12 secs] 
9470.737: [GC 9470.738: [ParNew: 336195K->36855K(353920K), 0.1152612 secs] 2368152K->2068811K(3106432K) icms_dc=100 , 0.1169476 secs] [Times: user=1.24 sys=0.10, real=0.12 secs] 
9471.692: [GC 9471.693: [ParNew: 351479K->39296K(353920K), 0.1079796 secs] 2383430K->2081849K(3106432K) icms_dc=100 , 0.1095340 secs] [Times: user=1.30 sys=0.02, real=0.11 secs] 
9472.549: [GC 9472.550: [ParNew: 353920K->39046K(353920K), 0.1205529 secs] 2396461K->2099911K(3106432K) icms_dc=100 , 0.1221262 secs] [Times: user=1.30 sys=0.06, real=0.12 secs] 
9473.482: [GC 9473.484: [ParNew: 353763K->27929K(353920K), 0.1492713 secs] 2414620K->2097499K(3106432K) icms_dc=100 , 0.1508593 secs] [Times: user=1.06 sys=0.01, real=0.15 secs] 
9474.441: [GC 9474.442: [ParNew: 342553K->27777K(353920K), 0.1029059 secs] 2412117K->2105189K(3106432K) icms_dc=100 , 0.1045248 secs] [Times: user=1.09 sys=0.02, real=0.11 secs] 
9475.679: [GC 9475.680: [ParNew: 342444K->31437K(353920K), 0.1354896 secs] 2419856K->2121322K(3106432K) icms_dc=100 , 0.1370575 secs] [Times: user=1.47 sys=0.14, real=0.14 secs] 
9476.564: [GC 9476.565: [ParNew: 346061K->33961K(353920K), 0.1140336 secs] 2435945K->2136295K(3106432K) icms_dc=100 , 0.1155771 secs] [Times: user=1.32 sys=0.09, real=0.12 secs] 
9477.543: [GC 9477.544: [ParNew: 349436K->35969K(353920K), 0.1311751 secs] 2451769K->2148620K(3106432K) icms_dc=100 , 0.1327309 secs] [Times: user=1.37 sys=0.16, real=0.13 secs] 
9477.705: [GC 9477.706: [ParNew: 36481K->16776K(353920K), 0.0707616 secs] 2149132K->2156226K(3106432K) icms_dc=100 , 0.0719847 secs] [Times: user=0.90 sys=0.03, real=0.07 secs] 
9478.558: [GC 9478.559: [ParNew: 331389K->27609K(353920K), 0.1007044 secs] 2470836K->2167056K(3106432K) icms_dc=100 , 0.1022751 secs] [Times: user=1.13 sys=0.14, real=0.10 secs] 
9479.453: [GC 9479.454: [ParNew: 342233K->25341K(353920K), 0.1075430 secs] 2481679K->2176492K(3106432K) icms_dc=100 , 0.1091418 secs] [Times: user=1.28 sys=0.05, real=0.11 secs] 
9480.349: [GC 9480.350: [ParNew: 339965K->39296K(353920K), 0.1347701 secs] 2491103K->2191689K(3106432K) icms_dc=100 , 0.1363327 secs] [Times: user=1.19 sys=0.03, real=0.14 secs] 
9481.156: [GC 9481.157: [ParNew: 353920K->31499K(353920K), 0.1780830 secs] 2506313K->2205662K(3106432K) icms_dc=100 , 0.1796639 secs] [Times: user=1.71 sys=0.25, real=0.18 secs] 
9482.232: [GC 9482.233: [ParNew: 346228K->39203K(353920K), 0.1639271 secs] 2520391K->2213366K(3106432K) icms_dc=100 , 0.1654929 secs] [Times: user=1.54 sys=0.27, real=0.17 secs] 
9482.428: [GC 9482.428: [ParNew: 39761K->14545K(353920K), 0.1240802 secs] 2213924K->2222472K(3106432K) icms_dc=100 , 0.1252914 secs] [Times: user=1.08 sys=0.04, real=0.13 secs] 
9483.356: [GC 9483.357: [ParNew: 329169K->27279K(353920K), 0.2213403 secs] 2537093K->2235202K(3106432K) icms_dc=100 , 0.2229759 secs] [Times: user=1.90 sys=0.32, real=0.22 secs] 
9484.374: [GC 9484.375: [ParNew: 341903K->26423K(353920K), 0.0857512 secs] 2549825K->2245083K(3106432K) icms_dc=100 , 0.0873688 secs] [Times: user=1.11 sys=0.03, real=0.09 secs] 
9485.341: [GC 9485.342: [ParNew: 341047K->34957K(353920K), 0.1436286 secs] 2559703K->2265204K(3106432K) icms_dc=100 , 0.1452684 secs] [Times: user=1.36 sys=0.10, real=0.15 secs] 
9486.320: [GC 9486.322: [ParNew: 349581K->31329K(353920K), 0.0890283 secs] 2579741K->2274135K(3106432K) icms_dc=100 , 0.0906171 secs] [Times: user=1.17 sys=0.05, real=0.09 secs] 
9487.384: [GC 9487.385: [ParNew: 347003K->27459K(353920K), 0.1719520 secs] 2589739K->2280392K(3106432K) icms_dc=100 , 0.1736221 secs] [Times: user=1.72 sys=0.23, real=0.17 secs] 
9487.593: [GC 9487.594: [ParNew: 28344K->25108K(353920K), 0.0531383 secs] 2281277K->2278040K(3106432K) icms_dc=100 , 0.0546595 secs] [Times: user=0.85 sys=0.03, real=0.06 secs] 
9488.558: [GC 9488.559: [ParNew: 339765K->39040K(353920K), 0.1394766 secs] 2591591K->2290865K(3106432K) icms_dc=100 , 0.1411172 secs] [Times: user=1.17 sys=0.08, real=0.14 secs] 
9488.728: [GC 9488.729: [ParNew: 39499K->19213K(353920K), 0.1212745 secs] 2291308K->2300150K(3106432K) icms_dc=100 , 0.1224812 secs] [Times: user=1.31 sys=0.10, real=0.12 secs] 
9489.557: [CMS-concurrent-sweep: 15.810/20.748 secs] [Times: user=500.03 sys=17.84, real=20.75 secs] 
9489.559: [CMS-concurrent-reset-start]
9489.588: [CMS-concurrent-reset: 0.030/0.030 secs] [Times: user=0.71 sys=0.04, real=0.03 secs] 
9489.859: [GC 9489.860: [ParNew: 333837K->23181K(353920K), 0.0681640 secs] 2592225K->2281569K(3106432K) icms_dc=75 , 0.0699078 secs] [Times: user=0.88 sys=0.01, real=0.07 secs] 
9490.080: [GC [1 CMS-initial-mark: 2258388K(2752512K)] 2320938K(3106432K), 0.4878199 secs] [Times: user=0.48 sys=0.00, real=0.49 secs] 
9490.569: [CMS-concurrent-mark-start]
9491.388: [GC 9491.389: [ParNew: 338992K->33040K(353920K), 0.1970536 secs] 2597380K->2303974K(3106432K) icms_dc=80 , 0.1987491 secs] [Times: user=1.55 sys=0.20, real=0.20 secs] 
9491.616: [GC 9491.617: [ParNew: 33460K->13980K(353920K), 0.1010427 secs] 2304394K->2310717K(3106432K) icms_dc=100 , 0.1022897 secs] [Times: user=1.14 sys=0.10, real=0.10 secs] 
9492.662: [GC 9492.663: [ParNew: 328604K->23365K(353920K), 0.0581430 secs] 2625341K->2320102K(3106432K) icms_dc=100 , 0.0597439 secs] [Times: user=0.93 sys=0.02, real=0.06 secs] 
9493.610: [GC 9493.611: [ParNew: 337989K->22264K(353920K), 0.1527981 secs] 2634726K->2331357K(3106432K) icms_dc=100 , 0.1543791 secs] [Times: user=1.26 sys=0.05, real=0.16 secs] 
9494.610: [GC 9494.611: [ParNew: 336888K->34861K(353920K), 0.0629480 secs] 2645981K->2343955K(3106432K) icms_dc=100 , 0.0645446 secs] [Times: user=0.99 sys=0.02, real=0.07 secs] 
9495.709: [GC 9495.711: [ParNew: 350179K->37661K(353920K), 0.0976418 secs] 2659272K->2353796K(3106432K) icms_dc=100 , 0.0992372 secs] [Times: user=1.20 sys=0.02, real=0.10 secs] 
9495.838: [GC 9495.838: [ParNew: 37947K->32591K(353920K), 0.0671426 secs] 2354082K->2360218K(3106432K) icms_dc=100 , 0.0683438 secs] [Times: user=1.02 sys=0.03, real=0.07 secs] 
9496.824: [GC 9496.825: [ParNew: 347215K->33058K(353920K), 0.1161755 secs] 2674842K->2360685K(3106432K) icms_dc=100 , 0.1177527 secs] [Times: user=1.09 sys=0.05, real=0.12 secs] 
9497.708: [GC 9497.709: [ParNew: 347682K->38306K(353920K), 0.1329288 secs] 2675309K->2373475K(3106432K) icms_dc=100 , 0.1346126 secs] [Times: user=1.33 sys=0.02, real=0.14 secs] 
9498.650: [GC 9498.651: [ParNew: 352930K->39296K(353920K), 0.1864417 secs] 2688099K->2384120K(3106432K) icms_dc=100 , 0.1880239 secs] [Times: user=1.65 sys=0.13, real=0.19 secs] 
9499.704: [GC 9499.705: [ParNew: 353920K->39296K(353920K), 0.0959210 secs] 2698759K->2393293K(3106432K) icms_dc=100 , 0.0974689 secs] [Times: user=1.25 sys=0.02, real=0.10 secs] 
9499.832: [GC 9499.832: [ParNew: 40062K->29408K(353920K), 0.0669683 secs] 2394059K->2393969K(3106432K) icms_dc=100 , 0.0681532 secs] [Times: user=1.01 sys=0.02, real=0.07 secs] 
9500.700: [GC 9500.701: [ParNew: 344347K->39296K(353920K), 0.0855402 secs] 2708908K->2404429K(3106432K) icms_dc=100 , 0.0871089 secs] [Times: user=1.13 sys=0.04, real=0.09 secs] 
9500.818: [GC 9500.818: [ParNew: 39923K->17204K(353920K), 0.0964218 secs] 2405057K->2415505K(3106432K) icms_dc=100 , 0.0976451 secs] [Times: user=1.19 sys=0.04, real=0.10 secs] 
9501.827: [GC 9501.828: [ParNew: 332840K->32634K(353920K), 0.0738073 secs] 2731141K->2430935K(3106432K) icms_dc=100 , 0.0754030 secs] [Times: user=1.02 sys=0.04, real=0.08 secs] 
9502.905: [GC 9502.906: [ParNew: 347678K->25004K(353920K), 0.1057597 secs] 2745979K->2435887K(3106432K) icms_dc=100 , 0.1073149 secs] [Times: user=1.13 sys=0.02, real=0.11 secs] 
9503.042: [GC 9503.043: [ParNew: 25486K->13869K(353920K), 0.0784306 secs] 2436368K->2444582K(3106432K) icms_dc=100 , 0.0796371 secs] [Times: user=0.94 sys=0.05, real=0.08 secs] 
9503.931: [GC 9503.932: [ParNew: 328908K->29779K(353920K), 0.1205728 secs] 2759620K->2460492K(3106432K) icms_dc=100 , 0.1223042 secs] [Times: user=1.11 sys=0.01, real=0.12 secs] 
9504.096: [GC 9504.112: [ParNew: 36079K->13742K(353920K), 0.1865755 secs] 2466792K->2471730K(3106432K) icms_dc=100 , 0.1879024 secs] [Times: user=1.45 sys=0.13, real=0.20 secs] 
9505.476: [GC 9505.477: [ParNew: 329276K->31650K(353920K), 0.1167464 secs] 2787264K->2489638K(3106432K) icms_dc=100 , 0.1183697 secs] [Times: user=1.11 sys=0.09, real=0.12 secs] 
9505.627: [GC 9505.627: [ParNew: 32230K->10815K(353920K), 0.0882964 secs] 2490219K->2499030K(3106432K) icms_dc=100 , 0.0896647 secs] [Times: user=1.05 sys=0.04, real=0.09 secs] 
9506.575: [GC 9506.576: [ParNew: 325439K->26620K(353920K), 0.1604435 secs] 2813654K->2514836K(3106432K) icms_dc=100 , 0.1620244 secs] [Times: user=1.22 sys=0.01, real=0.16 secs] 
9507.577: [GC 9507.578: [ParNew: 341244K->23955K(353920K), 0.1504031 secs] 2829460K->2523328K(3106432K) icms_dc=100 , 0.1519657 secs] [Times: user=1.54 sys=0.17, real=0.15 secs] 
9508.490: [GC 9508.491: [ParNew: 339533K->38520K(353920K), 0.1121675 secs] 2838906K->2537894K(3106432K) icms_dc=100 , 0.1137781 secs] [Times: user=1.18 sys=0.03, real=0.11 secs] 
9508.633: [GC 9508.634: [ParNew: 39134K->21091K(353920K), 0.1074440 secs] 2538508K->2552096K(3106432K) icms_dc=100 , 0.1087429 secs] [Times: user=1.20 sys=0.04, real=0.11 secs] 
9509.654: [GC 9509.655: [ParNew: 335715K->28168K(353920K), 0.1516331 secs] 2866720K->2559174K(3106432K) icms_dc=100 , 0.1532570 secs] [Times: user=1.44 sys=0.15, real=0.15 secs] 
9510.595: [GC 9510.596: [ParNew: 342961K->28940K(353920K), 0.1053438 secs] 2873967K->2573349K(3106432K) icms_dc=100 , 0.1068985 secs] [Times: user=1.13 sys=0.02, real=0.11 secs] 
9510.742: [GC 9510.743: [ParNew: 34134K->16782K(353920K), 0.0748701 secs] 2578543K->2580498K(3106432K) icms_dc=100 , 0.0761416 secs] [Times: user=0.91 sys=0.03, real=0.08 secs] 
9511.671: [GC 9511.673: [ParNew: 331406K->25209K(353920K), 0.0822536 secs] 2895122K->2588924K(3106432K) icms_dc=100 , 0.0838345 secs] [Times: user=1.03 sys=0.04, real=0.08 secs] 
9512.583: [GC 9512.584: [ParNew: 339833K->25222K(353920K), 0.1001301 secs] 2903548K->2601655K(3106432K) icms_dc=100 , 0.1018690 secs] [Times: user=1.30 sys=0.03, real=0.10 secs] 
9513.607: [GC 9513.608: [ParNew: 340383K->34895K(353920K), 0.1302529 secs] 2916816K->2611329K(3106432K) icms_dc=100 , 0.1318350 secs] [Times: user=1.37 sys=0.13, real=0.13 secs] 
9513.769: [GC 9513.770: [ParNew: 36164K->26819K(353920K), 0.0688343 secs] 2612597K->2611574K(3106432K) icms_dc=100 , 0.0700566 secs] [Times: user=1.02 sys=0.02, real=0.07 secs] 
9514.522: [CMS-concurrent-mark: 17.876/23.953 secs] [Times: user=575.09 sys=18.91, real=23.95 secs] 
9514.524: [CMS-concurrent-preclean-start]
9514.654: [GC 9514.655: [ParNew: 341443K->35371K(353920K), 0.0815567 secs] 2926198K->2620127K(3106432K) icms_dc=100 , 0.0831286 secs] [Times: user=1.10 sys=0.02, real=0.08 secs] 
9515.535: [GC 9515.536: [ParNew: 350057K->39296K(353920K), 0.0746772 secs] 2934813K->2632395K(3106432K) icms_dc=100 , 0.0762678 secs] [Times: user=1.17 sys=0.02, real=0.08 secs] 
9515.640: [GC 9515.641: [ParNew: 39754K->20554K(353920K), 0.0967528 secs] 2632853K->2642979K(3106432K) icms_dc=100 , 0.0979689 secs] [Times: user=1.19 sys=0.04, real=0.10 secs] 
9516.624: [GC 9516.625: [ParNew: 335398K->26389K(353920K), 0.0542900 secs] 2957823K->2648814K(3106432K) icms_dc=100 , 0.0558650 secs] [Times: user=0.91 sys=0.01, real=0.06 secs] 
9516.710: [GC 9516.710: [ParNew: 26865K->12839K(353920K), 0.0971797 secs] 2649289K->2658857K(3106432K) icms_dc=100 , 0.0983884 secs] [Times: user=1.16 sys=0.08, real=0.10 secs] 
9517.778: [GC 9517.779: [ParNew: 327463K->26815K(353920K), 0.0867431 secs] 2973481K->2672832K(3106432K) icms_dc=100 , 0.0884763 secs] [Times: user=0.98 sys=0.01, real=0.09 secs] 
9518.625: [GC 9518.626: [ParNew: 341439K->31980K(353920K), 0.1956674 secs] 2987456K->2692537K(3106432K) icms_dc=100 , 0.1973808 secs] [Times: user=1.89 sys=0.23, real=0.20 secs] 
9519.679: [GC 9519.681: [ParNew: 346604K->31877K(353920K), 0.1155214 secs] 3007161K->2702752K(3106432K) icms_dc=100 , 0.1171319 secs] [Times: user=1.34 sys=0.10, real=0.12 secs] 
9520.545: [GC 9520.546: [ParNew: 346501K->30450K(353920K), 0.0948407 secs] 3017376K->2711522K(3106432K) icms_dc=100 , 0.0964776 secs] [Times: user=1.28 sys=0.05, real=0.10 secs] 
9521.499: [GC 9521.500: [ParNew: 345516K->28527K(353920K), 0.1545362 secs] 3026588K->2720124K(3106432K) icms_dc=100 , 0.1561356 secs] [Times: user=1.24 sys=0.03, real=0.16 secs] 
9522.392: [GC 9522.393: [ParNew: 343151K->39296K(353920K), 0.1409065 secs] 3034748K->2732654K(3106432K) icms_dc=100 , 0.1424271 secs] [Times: user=1.51 sys=0.15, real=0.14 secs] 
9523.370: [GC 9523.371: [ParNew (promotion failed): 353920K->349677K(353920K), 0.6230956 secs] 3047577K->3063312K(3106432K) icms_dc=100 , 0.6246719 secs] [Times: user=2.04 sys=0.13, real=0.63 secs] 
GC locker: Trying a full collection because scavenge failed
9523.996: [Full GC 9523.996: [CMS9525.284: [CMS-concurrent-preclean: 7.518/10.761 secs] [Times: user=218.82 sys=7.56, real=10.76 secs] 
 (concurrent mode failure): 2713635K->1666021K(2752512K), 41.3748765 secs] 3063312K->1666021K(3106432K), [CMS Perm : 206030K->204896K(402264K)] icms_dc=100 , 41.3762362 secs] [Times: user=41.42 sys=0.02, real=41.38 secs] 
9565.491: [GC [1 CMS-initial-mark: 1666021K(2752512K)] 1666055K(3106432K), 0.3021910 secs] [Times: user=0.30 sys=0.01, real=0.30 secs] 
9565.795: [CMS-concurrent-mark-start]
9567.276: [GC 9567.277: [ParNew: 314624K->34422K(353920K), 0.1720809 secs] 1980645K->1700444K(3106432K) icms_dc=100 , 0.1737952 secs] [Times: user=1.37 sys=0.16, real=0.17 secs] 
9568.708: [GC 9568.709: [ParNew: 349051K->29563K(353920K), 0.1406883 secs] 2015073K->1713001K(3106432K) icms_dc=100 , 0.1423175 secs] [Times: user=1.38 sys=0.04, real=0.14 secs] 
9569.943: [GC 9569.944: [ParNew: 344187K->33312K(353920K), 0.0918309 secs] 2027625K->1726821K(3106432K) icms_dc=100 , 0.0934806 secs] [Times: user=1.09 sys=0.02, real=0.09 secs] 
9571.205: [GC 9571.206: [ParNew: 347936K->25202K(353920K), 0.1040537 secs] 2041445K->1731350K(3106432K) icms_dc=100 , 0.1056534 secs] [Times: user=1.22 sys=0.07, real=0.11 secs] 
9572.135: [GC 9572.136: [ParNew: 339826K->39295K(353920K), 0.0779675 secs] 2045974K->1745850K(3106432K) icms_dc=100 , 0.0797062 secs] [Times: user=0.98 sys=0.02, real=0.08 secs] 
9573.217: [GC 9573.218: [ParNew: 353919K->32395K(353920K), 0.1185123 secs] 2060474K->1758399K(3106432K) icms_dc=100 , 0.1201362 secs] [Times: user=1.36 sys=0.03, real=0.12 secs] 
9574.292: [GC 9574.294: [ParNew: 347019K->34055K(353920K), 0.0891696 secs] 2073023K->1760060K(3106432K) icms_dc=100 , 0.0909613 secs] [Times: user=1.04 sys=0.02, real=0.09 secs] 
9575.312: [GC 9575.313: [ParNew: 348679K->39295K(353920K), 0.0820579 secs] 2074684K->1773227K(3106432K) icms_dc=100 , 0.0836353 secs] [Times: user=1.05 sys=0.02, real=0.08 secs] 
9576.462: [GC 9576.463: [ParNew: 353800K->39296K(353920K), 0.1385956 secs] 2087732K->1782223K(3106432K) icms_dc=100 , 0.1402314 secs] [Times: user=1.29 sys=0.06, real=0.14 secs] 
9577.552: [GC 9577.553: [ParNew: 353920K->39296K(353920K), 0.1791386 secs] 2096847K->1792734K(3106432K) icms_dc=100 , 0.1807707 secs] [Times: user=1.68 sys=0.17, real=0.18 secs] 
9578.885: [GC 9578.886: [ParNew: 353747K->36332K(353920K), 0.0983408 secs] 2107185K->1797548K(3106432K) icms_dc=100 , 0.0999373 secs] [Times: user=1.19 sys=0.02, real=0.10 secs] 
9580.291: [GC 9580.292: [ParNew: 351033K->39296K(353920K), 0.1198900 secs] 2112248K->1809997K(3106432K) icms_dc=100 , 0.1215786 secs] [Times: user=1.33 sys=0.04, real=0.12 secs] 
9580.445: [GC 9580.446: [ParNew: 40813K->30903K(353920K), 0.0690837 secs] 1811514K->1809746K(3106432K) icms_dc=100 , 0.0703227 secs] [Times: user=0.97 sys=0.04, real=0.07 secs] 
9581.493: [GC 9581.494: [ParNew: 345527K->39296K(353920K), 0.0858035 secs] 2124370K->1819463K(3106432K) icms_dc=100 , 0.0874783 secs] [Times: user=1.00 sys=0.02, real=0.09 secs] 
9582.611: [GC 9582.612: [ParNew: 353920K->38796K(353920K), 0.0955413 secs] 2134100K->1827285K(3106432K) icms_dc=100 , 0.0971593 secs] [Times: user=1.17 sys=0.01, real=0.10 secs] 
9583.564: [GC 9583.565: [ParNew: 353478K->39295K(353920K), 0.2291660 secs] 2142745K->1838721K(3106432K) icms_dc=100 , 0.2307516 secs] [Times: user=1.43 sys=0.17, real=0.25 secs] 
9583.844: [GC 9583.845: [ParNew: 39645K->29730K(353920K), 0.1669939 secs] 1839070K->1836921K(3106432K) icms_dc=100 , 0.1681933 secs] [Times: user=1.19 sys=0.15, real=0.17 secs] 
9584.833: [GC 9584.834: [ParNew: 344354K->34553K(353920K), 0.0762102 secs] 2151545K->1841744K(3106432K) icms_dc=100 , 0.0777696 secs] [Times: user=0.96 sys=0.01, real=0.08 secs] 
9585.730: [GC 9585.732: [ParNew: 349177K->37653K(353920K), 0.1358663 secs] 2156368K->1852816K(3106432K) icms_dc=100 , 0.1375629 secs] [Times: user=1.33 sys=0.02, real=0.14 secs] 
9586.212: [CMS-concurrent-mark: 12.862/20.416 secs] [Times: user=451.31 sys=15.64, real=20.42 secs] 
9586.213: [CMS-concurrent-preclean-start]
9586.732: [GC 9586.733: [ParNew: 352277K->34879K(353920K), 0.0897946 secs] 2167440K->1858093K(3106432K) icms_dc=100 , 0.0913716 secs] [Times: user=1.19 sys=0.04, real=0.09 secs] 
9588.012: [GC 9588.013: [ParNew: 350263K->39296K(353920K), 0.1215288 secs] 2173477K->1870769K(3106432K) icms_dc=100 , 0.1230869 secs] [Times: user=1.27 sys=0.05, real=0.12 secs] 
9588.164: [GC 9588.165: [ParNew: 39463K->18347K(353920K), 0.1197832 secs] 1870936K->1878113K(3106432K) icms_dc=100 , 0.1209784 secs] [Times: user=1.08 sys=0.05, real=0.12 secs] 
9589.089: [GC 9589.090: [ParNew: 332971K->25622K(353920K), 0.1177185 secs] 2192737K->1885388K(3106432K) icms_dc=100 , 0.1192904 secs] [Times: user=1.15 sys=0.11, real=0.12 secs] 
9590.029: [GC 9590.030: [ParNew: 340246K->23491K(353920K), 0.0992241 secs] 2200012K->1896567K(3106432K) icms_dc=100 , 0.1009737 secs] [Times: user=1.22 sys=0.02, real=0.10 secs] 
9590.857: [GC 9590.858: [ParNew: 338115K->39295K(353920K), 0.0729749 secs] 2211191K->1912861K(3106432K) icms_dc=100 , 0.0746228 secs] [Times: user=1.02 sys=0.03, real=0.08 secs] 
9591.727: [GC 9591.728: [ParNew: 353919K->32745K(353920K), 0.1546600 secs] 2227485K->1929239K(3106432K) icms_dc=100 , 0.1562302 secs] [Times: user=1.63 sys=0.14, real=0.16 secs] 
9592.781: [GC 9592.782: [ParNew: 347369K->33423K(353920K), 0.1221612 secs] 2243863K->1939819K(3106432K) icms_dc=100 , 0.1237683 secs] [Times: user=1.35 sys=0.13, real=0.12 secs] 
9593.696: [GC 9593.697: [ParNew: 348047K->32645K(353920K), 0.0755548 secs] 2254443K->1950997K(3106432K) icms_dc=100 , 0.0771291 secs] [Times: user=1.08 sys=0.03, real=0.08 secs] 
9594.535: [GC 9594.536: [ParNew: 347269K->32007K(353920K), 0.1014980 secs] 2265621K->1961809K(3106432K) icms_dc=100 , 0.1030722 secs] [Times: user=1.25 sys=0.02, real=0.10 secs] 
9595.492: [GC 9595.493: [ParNew: 346631K->32946K(353920K), 0.0890312 secs] 2276433K->1971878K(3106432K) icms_dc=100 , 0.0907076 secs] [Times: user=1.20 sys=0.04, real=0.09 secs] 
9596.454: [GC 9596.455: [ParNew: 348338K->34718K(353920K), 0.0852216 secs] 2287269K->1985215K(3106432K) icms_dc=100 , 0.0867554 secs] [Times: user=1.16 sys=0.02, real=0.09 secs] 
9596.571: [GC 9596.572: [ParNew: 35097K->17202K(353920K), 0.0703321 secs] 1985593K->1993424K(3106432K) icms_dc=100 , 0.0715232 secs] [Times: user=0.91 sys=0.04, real=0.07 secs] 
9597.459: [GC 9597.460: [ParNew: 331826K->29585K(353920K), 0.1280629 secs] 2308048K->2005807K(3106432K) icms_dc=100 , 0.1296710 secs] [Times: user=1.26 sys=0.17, real=0.13 secs] 
9598.416: [GC 9598.417: [ParNew: 344209K->31649K(353920K), 0.1408352 secs] 2320431K->2020971K(3106432K) icms_dc=100 , 0.1424863 secs] [Times: user=1.42 sys=0.15, real=0.14 secs] 
9599.462: [GC 9599.463: [ParNew: 346813K->37590K(353920K), 0.1642243 secs] 2336136K->2037339K(3106432K) icms_dc=100 , 0.1659161 secs] [Times: user=1.37 sys=0.08, real=0.17 secs] 
9599.657: [GC 9599.658: [ParNew: 37842K->16656K(353920K), 0.1226945 secs] 2037591K->2042399K(3106432K) icms_dc=100 , 0.1239109 secs] [Times: user=1.12 sys=0.08, real=0.12 secs] 
9600.612: [GC 9600.613: [ParNew: 332569K->31123K(353920K), 0.0801120 secs] 2358312K->2056866K(3106432K) icms_dc=100 , 0.0817167 secs] [Times: user=1.07 sys=0.04, real=0.08 secs] 
9601.592: [GC 9601.594: [ParNew: 345873K->26214K(353920K), 0.0957381 secs] 2371616K->2064610K(3106432K) icms_dc=100 , 0.0973923 secs] [Times: user=1.22 sys=0.03, real=0.10 secs] 
9601.720: [GC 9601.720: [ParNew: 26787K->25717K(353920K), 0.0576274 secs] 2065182K->2064113K(3106432K) icms_dc=100 , 0.0588261 secs] [Times: user=0.84 sys=0.04, real=0.06 secs] 
9602.564: [CMS-concurrent-preclean: 11.745/16.351 secs] [Times: user=395.59 sys=13.74, real=16.35 secs] 
9602.593: [CMS-concurrent-abortable-preclean-start]
9602.604: [CMS-concurrent-abortable-preclean: 0.010/0.011 secs] [Times: user=0.96 sys=0.02, real=0.01 secs] 
9602.654: [GC[YG occupancy: 340341 K (353920 K)]9602.654: [Rescan (parallel) , 0.2226917 secs]9602.877: [weak refs processing, 0.0007098 secs] [1 CMS-remark: 2038395K(2752512K)] 2378737K(3106432K), 0.2241236 secs] [Times: user=3.74 sys=0.12, real=0.22 secs] 
9602.880: [CMS-concurrent-sweep-start]
9602.946: [GC 9602.947: [ParNew: 341438K->39296K(353920K), 0.1099441 secs] 2379834K->2078252K(3106432K) icms_dc=100 , 0.1115377 secs] [Times: user=1.26 sys=0.09, real=0.11 secs] 
9603.087: [GC 9603.088: [ParNew: 39683K->6190K(353920K), 0.1105352 secs] 2078639K->2075113K(3106432K) icms_dc=100 , 0.1118146 secs] [Times: user=1.21 sys=0.05, real=0.11 secs] 
9604.011: [GC 9604.012: [ParNew: 320814K->25370K(353920K), 0.1245320 secs] 2389735K->2094291K(3106432K) icms_dc=100 , 0.1265397 secs] [Times: user=0.99 sys=0.01, real=0.13 secs] 
9604.916: [GC 9604.917: [ParNew: 339994K->23701K(353920K), 0.0890874 secs] 2408903K->2105399K(3106432K) icms_dc=100 , 0.0907480 secs] [Times: user=1.11 sys=0.02, real=0.09 secs] 
9606.156: [GC 9606.157: [ParNew: 338450K->37874K(353920K), 0.1134332 secs] 2419317K->2118741K(3106432K) icms_dc=100 , 0.1150858 secs] [Times: user=1.21 sys=0.08, real=0.12 secs] 
9606.300: [GC 9606.301: [ParNew: 38244K->20844K(353920K), 0.1029355 secs] 2119111K->2132245K(3106432K) icms_dc=100 , 0.1041486 secs] [Times: user=1.17 sys=0.05, real=0.10 secs] 
9607.255: [GC 9607.257: [ParNew: 335606K->25787K(353920K), 0.0580023 secs] 2443314K->2133495K(3106432K) icms_dc=100 , 0.0595875 secs] [Times: user=0.90 sys=0.02, real=0.06 secs] 
9607.346: [GC 9607.347: [ParNew: 26130K->2601K(353920K), 0.0815871 secs] 2133838K->2133243K(3106432K) icms_dc=100 , 0.0828345 secs] [Times: user=0.98 sys=0.03, real=0.08 secs] 
9608.224: [GC 9608.225: [ParNew: 317225K->24629K(353920K), 0.0605705 secs] 2447050K->2154454K(3106432K) icms_dc=100 , 0.0622694 secs] [Times: user=0.93 sys=0.04, real=0.06 secs] 
9609.113: [GC 9609.114: [ParNew: 339216K->26241K(353920K), 0.0919024 secs] 2469027K->2168486K(3106432K) icms_dc=100 , 0.0935027 secs] [Times: user=1.17 sys=0.02, real=0.09 secs] 
9610.128: [GC 9610.130: [ParNew: 340865K->27441K(353920K), 0.1023898 secs] 2483063K->2180465K(3106432K) icms_dc=100 , 0.1040510 secs] [Times: user=1.11 sys=0.02, real=0.10 secs] 
9611.276: [GC 9611.278: [ParNew: 342065K->37721K(353920K), 0.0700474 secs] 2495006K->2190662K(3106432K) icms_dc=100 , 0.0718101 secs] [Times: user=0.95 sys=0.01, real=0.07 secs] 
9612.294: [GC 9612.295: [ParNew: 352727K->38472K(353920K), 0.1497648 secs] 2505620K->2200084K(3106432K) icms_dc=100 , 0.1514384 secs] [Times: user=1.48 sys=0.11, real=0.15 secs] 
9612.484: [GC 9612.485: [ParNew: 43710K->29442K(353920K), 0.0814484 secs] 2205321K->2201225K(3106432K) icms_dc=100 , 0.0826834 secs] [Times: user=1.04 sys=0.02, real=0.08 secs] 
9613.226: [GC 9613.227: [ParNew: 344066K->37863K(353920K), 0.0624350 secs] 2515797K->2209594K(3106432K) icms_dc=100 , 0.0641178 secs] [Times: user=0.99 sys=0.03, real=0.06 secs] 
9614.066: [GC 9614.067: [ParNew: 352487K->27212K(353920K), 0.1019325 secs] 2524052K->2216492K(3106432K) icms_dc=100 , 0.1035246 secs] [Times: user=1.39 sys=0.03, real=0.10 secs] 
9614.937: [GC 9614.938: [ParNew: 341971K->39295K(353920K), 0.0845059 secs] 2531243K->2228795K(3106432K) icms_dc=100 , 0.0860919 secs] [Times: user=0.97 sys=0.02, real=0.09 secs] 
9615.054: [GC 9615.055: [ParNew: 40405K->27879K(353920K), 0.0660170 secs] 2229904K->2226242K(3106432K) icms_dc=100 , 0.0674928 secs] [Times: user=0.98 sys=0.02, real=0.07 secs] 
9615.909: [GC 9615.911: [ParNew: 342503K->39296K(353920K), 0.1492328 secs] 2540117K->2239864K(3106432K) icms_dc=100 , 0.1508203 secs] [Times: user=1.41 sys=0.13, real=0.17 secs] 
9616.938: [GC 9616.939: [ParNew: 353920K->31088K(353920K), 0.1158776 secs] 2552163K->2248405K(3106432K) icms_dc=100 , 0.1174601 secs] [Times: user=1.35 sys=0.05, real=0.12 secs] 
9617.891: [GC 9617.892: [ParNew: 345673K->26694K(353920K), 0.0792138 secs] 2562566K->2255904K(3106432K) icms_dc=100 , 0.0808240 secs] [Times: user=1.09 sys=0.03, real=0.08 secs] 
9618.791: [GC 9618.792: [ParNew: 341318K->38162K(353920K), 0.0782888 secs] 2570308K->2267151K(3106432K) icms_dc=100 , 0.0798436 secs] [Times: user=1.07 sys=0.03, real=0.08 secs] 
9619.698: [GC 9619.699: [ParNew: 352786K->30575K(353920K), 0.1072569 secs] 2574841K->2272383K(3106432K) icms_dc=100 , 0.1090293 secs] [Times: user=1.28 sys=0.03, real=0.11 secs] 
9620.645: [GC 9620.646: [ParNew: 345272K->39296K(353920K), 0.1134671 secs] 2562430K->2257588K(3106432K) icms_dc=100 , 0.1150781 secs] [Times: user=1.24 sys=0.12, real=0.12 secs] 
9620.790: [GC 9620.790: [ParNew: 39846K->14058K(353920K), 0.0941428 secs] 2258138K->2261476K(3106432K) icms_dc=100 , 0.0953801 secs] [Times: user=1.09 sys=0.03, real=0.10 secs] 
9620.973: [CMS-concurrent-sweep: 14.016/18.094 secs] [Times: user=429.09 sys=15.17, real=18.09 secs] 
9620.975: [CMS-concurrent-reset-start]
9621.014: [CMS-concurrent-reset: 0.039/0.039 secs] [Times: user=1.22 sys=0.04, real=0.04 secs] 
9621.647: [GC 9621.648: [ParNew: 328672K->30780K(353920K), 0.0561211 secs] 2571495K->2273603K(3106432K) icms_dc=75 , 0.0576725 secs] [Times: user=0.91 sys=0.02, real=0.06 secs] 
9621.832: [GC [1 CMS-initial-mark: 2242823K(2752512K)] 2313090K(3106432K), 0.5248518 secs] [Times: user=0.52 sys=0.00, real=0.53 secs] 
9622.358: [CMS-concurrent-mark-start]
9623.054: [GC 9623.055: [ParNew: 345404K->28932K(353920K), 0.0959540 secs] 2588227K->2285314K(3106432K) icms_dc=92 , 0.0975268 secs] [Times: user=1.27 sys=0.04, real=0.10 secs] 
9624.059: [GC 9624.060: [ParNew: 343556K->28430K(353920K), 0.1030622 secs] 2599938K->2296249K(3106432K) icms_dc=100 , 0.1046164 secs] [Times: user=1.19 sys=0.02, real=0.11 secs] 
9625.014: [GC 9625.016: [ParNew: 343054K->24308K(353920K), 0.0863044 secs] 2610873K->2302534K(3106432K) icms_dc=100 , 0.0879388 secs] [Times: user=1.07 sys=0.03, real=0.09 secs] 
9626.074: [GC 9626.075: [ParNew: 339559K->39031K(353920K), 0.0988598 secs] 2617786K->2317258K(3106432K) icms_dc=100 , 0.1004926 secs] [Times: user=1.27 sys=0.09, real=0.10 secs] 
9626.212: [GC 9626.212: [ParNew: 43926K->25885K(353920K), 0.1014140 secs] 2322153K->2333870K(3106432K) icms_dc=100 , 0.1026471 secs] [Times: user=1.16 sys=0.04, real=0.10 secs] 
9627.200: [GC 9627.201: [ParNew: 340509K->26235K(353920K), 0.0653647 secs] 2648494K->2334220K(3106432K) icms_dc=100 , 0.0669584 secs] [Times: user=0.92 sys=0.02, real=0.07 secs] 
9628.325: [GC 9628.326: [ParNew: 341981K->29568K(353920K), 0.1628523 secs] 2649967K->2349075K(3106432K) icms_dc=100 , 0.1644611 secs] [Times: user=1.32 sys=0.11, real=0.17 secs] 
9628.521: [GC 9628.521: [ParNew: 29803K->3856K(353920K), 0.0892603 secs] 2349310K->2345261K(3106432K) icms_dc=100 , 0.0904949 secs] [Times: user=0.91 sys=0.02, real=0.09 secs] 
9629.590: [GC 9629.592: [ParNew: 318480K->25358K(353920K), 0.0922524 secs] 2659885K->2366763K(3106432K) icms_dc=100 , 0.0938386 secs] [Times: user=1.11 sys=0.09, real=0.09 secs] 
9630.605: [GC 9630.606: [ParNew: 339982K->19557K(353920K), 0.1301639 secs] 2681387K->2371771K(3106432K) icms_dc=100 , 0.1318262 secs] [Times: user=1.41 sys=0.13, real=0.13 secs] 
9631.757: [GC 9631.758: [ParNew: 333773K->32928K(353920K), 0.1471602 secs] 2685988K->2385142K(3106432K) icms_dc=100 , 0.1488804 secs] [Times: user=1.33 sys=0.13, real=0.15 secs] 
9632.805: [GC 9632.806: [ParNew: 347552K->38399K(353920K), 0.1805897 secs] 2699766K->2397987K(3106432K) icms_dc=100 , 0.1822044 secs] [Times: user=1.60 sys=0.19, real=0.18 secs] 
9633.961: [GC 9633.962: [ParNew: 353023K->39296K(353920K), 0.1245928 secs] 2712611K->2408328K(3106432K) icms_dc=100 , 0.1262215 secs] [Times: user=1.26 sys=0.02, real=0.13 secs] 
9635.061: [GC 9635.062: [ParNew: 353920K->36088K(353920K), 0.0960210 secs] 2722952K->2414317K(3106432K) icms_dc=100 , 0.0976355 secs] [Times: user=1.15 sys=0.02, real=0.10 secs] 
9636.027: [GC 9636.028: [ParNew: 351498K->39296K(353920K), 0.1062883 secs] 2729727K->2426634K(3106432K) icms_dc=100 , 0.1079209 secs] [Times: user=1.21 sys=0.01, real=0.11 secs] 
9636.178: [GC 9636.178: [ParNew: 46045K->31325K(353920K), 0.0721842 secs] 2433384K->2427338K(3106432K) icms_dc=100 , 0.0734385 secs] [Times: user=1.03 sys=0.02, real=0.07 secs] 
9637.098: [GC 9637.099: [ParNew: 345949K->30599K(353920K), 0.2346834 secs] 2741962K->2437003K(3106432K) icms_dc=100 , 0.2362758 secs] [Times: user=1.98 sys=0.37, real=0.24 secs] 
9638.128: [GC 9638.130: [ParNew: 345223K->39296K(353920K), 0.1514739 secs] 2751627K->2446858K(3106432K) icms_dc=100 , 0.1530361 secs] [Times: user=1.30 sys=0.09, real=0.15 secs] 
9639.040: [GC 9639.041: [ParNew: 353920K->39296K(353920K), 0.1152429 secs] 2761482K->2455813K(3106432K) icms_dc=100 , 0.1168723 secs] [Times: user=1.37 sys=0.02, real=0.12 secs] 
9640.022: [GC 9640.023: [ParNew: 353920K->36423K(353920K), 0.1420070 secs] 2770437K->2470758K(3106432K) icms_dc=100 , 0.1435645 secs] [Times: user=1.29 sys=0.03, real=0.14 secs] 
9641.007: [GC 9641.008: [ParNew: 351047K->39296K(353920K), 0.1578901 secs] 2785382K->2482146K(3106432K) icms_dc=100 , 0.1594489 secs] [Times: user=1.48 sys=0.17, real=0.16 secs] 
9641.567: [CMS-concurrent-mark: 14.977/19.209 secs] [Times: user=469.68 sys=16.63, real=19.21 secs] 
9641.569: [CMS-concurrent-preclean-start]
9642.090: [GC 9642.091: [ParNew: 353920K->31676K(353920K), 0.1621841 secs] 2796770K->2487419K(3106432K) icms_dc=100 , 0.1638145 secs] [Times: user=1.61 sys=0.20, real=0.16 secs] 
9643.111: [GC 9643.112: [ParNew: 346266K->35010K(353920K), 0.0984833 secs] 2802009K->2503487K(3106432K) icms_dc=100 , 0.1000814 secs] [Times: user=1.28 sys=0.05, real=0.10 secs] 
9644.009: [GC 9644.010: [ParNew: 349634K->32950K(353920K), 0.0794968 secs] 2818111K->2512635K(3106432K) icms_dc=100 , 0.0811483 secs] [Times: user=1.14 sys=0.02, real=0.08 secs] 
9644.857: [GC 9644.858: [ParNew: 347574K->34557K(353920K), 0.1466006 secs] 2827259K->2524435K(3106432K) icms_dc=100 , 0.1481444 secs] [Times: user=1.28 sys=0.08, real=0.15 secs] 
9645.825: [GC 9645.826: [ParNew: 349806K->30082K(353920K), 0.1361776 secs] 2839684K->2531075K(3106432K) icms_dc=100 , 0.1377825 secs] [Times: user=1.44 sys=0.06, real=0.14 secs] 
9645.992: [GC 9645.993: [ParNew: 30560K->24155K(353920K), 0.0918662 secs] 2531553K->2525149K(3106432K) icms_dc=100 , 0.0930335 secs] [Times: user=0.94 sys=0.05, real=0.09 secs] 
9646.832: [GC 9646.833: [ParNew: 338779K->39026K(353920K), 0.0618604 secs] 2839773K->2540019K(3106432K) icms_dc=100 , 0.0634782 secs] [Times: user=1.03 sys=0.02, real=0.06 secs] 
9647.826: [GC 9647.827: [ParNew: 353843K->37269K(353920K), 0.1248794 secs] 2854837K->2559725K(3106432K) icms_dc=100 , 0.1265385 secs] [Times: user=1.44 sys=0.04, real=0.13 secs] 
9647.984: [GC 9647.985: [ParNew: 37842K->19239K(353920K), 0.1164608 secs] 2560298K->2564614K(3106432K) icms_dc=100 , 0.1177450 secs] [Times: user=1.09 sys=0.06, real=0.12 secs] 
9648.978: [GC 9648.979: [ParNew: 333863K->34418K(353920K), 0.0717480 secs] 2879238K->2579793K(3106432K) icms_dc=100 , 0.0733686 secs] [Times: user=1.03 sys=0.04, real=0.07 secs] 
9649.995: [GC 9649.996: [ParNew: 349042K->29992K(353920K), 0.1378837 secs] 2894417K->2589125K(3106432K) icms_dc=100 , 0.1394817 secs] [Times: user=1.48 sys=0.15, real=0.14 secs] 
9650.995: [GC 9650.997: [ParNew: 344616K->30500K(353920K), 0.1223414 secs] 2903749K->2598417K(3106432K) icms_dc=100 , 0.1240937 secs] [Times: user=1.34 sys=0.04, real=0.12 secs] 
9651.951: [GC 9651.952: [ParNew: 345124K->32826K(353920K), 0.0994814 secs] 2913041K->2612252K(3106432K) icms_dc=100 , 0.1010685 secs] [Times: user=1.30 sys=0.03, real=0.10 secs] 
9652.831: [GC 9652.832: [ParNew: 347450K->29646K(353920K), 0.1048907 secs] 2926876K->2620561K(3106432K) icms_dc=100 , 0.1064136 secs] [Times: user=1.25 sys=0.05, real=0.11 secs] 
9654.191: [GC 9654.192: [ParNew: 344270K->28620K(353920K), 0.1229078 secs] 2935185K->2631306K(3106432K) icms_dc=100 , 0.1469919 secs] [Times: user=1.11 sys=0.02, real=0.15 secs] 
9654.595: [CMS-concurrent-preclean: 9.654/13.027 secs] [Times: user=313.24 sys=10.93, real=13.03 secs] 
9654.598: [CMS-concurrent-abortable-preclean-start]
9655.206: [GC 9655.207: [ParNew: 343191K->36110K(353920K), 0.1086279 secs] 2945877K->2638796K(3106432K) icms_dc=100 , 0.1102785 secs] [Times: user=1.11 sys=0.04, real=0.11 secs] 
9656.972: [GC 9656.973: [ParNew: 350982K->26356K(353920K), 0.1193624 secs] 2953668K->2648791K(3106432K) icms_dc=100 , 0.1210344 secs] [Times: user=1.44 sys=0.05, real=0.12 secs] 
9657.094: [CMS-concurrent-abortable-preclean: 1.245/2.495 secs] [Times: user=42.05 sys=1.59, real=2.50 secs] 
9657.123: [GC 9657.124: [ParNew: 26948K->24513K(353920K), 0.0543011 secs] 2649384K->2646949K(3106432K) icms_dc=100 , 0.0555874 secs] [Times: user=0.82 sys=0.03, real=0.06 secs] 
9657.208: [GC[YG occupancy: 24683 K (353920 K)]9657.209: [Rescan (parallel) , 0.0931217 secs]9657.302: [weak refs processing, 0.0280742 secs] [1 CMS-remark: 2622435K(2752512K)] 2647118K(3106432K), 0.1260208 secs] [Times: user=1.64 sys=0.05, real=0.13 secs] 
9657.336: [CMS-concurrent-sweep-start]
9658.557: [GC 9658.558: [ParNew: 339137K->39296K(353920K), 0.1828272 secs] 2961562K->2665056K(3106432K) icms_dc=100 , 0.1844428 secs] [Times: user=1.19 sys=0.03, real=0.19 secs] 
9659.527: [GC 9659.528: [ParNew: 353920K->31324K(353920K), 0.1022258 secs] 2979671K->2674543K(3106432K) icms_dc=100 , 0.1038380 secs] [Times: user=1.40 sys=0.03, real=0.10 secs] 
9660.498: [GC 9660.499: [ParNew: 346256K->36985K(353920K), 0.0861720 secs] 2989440K->2690042K(3106432K) icms_dc=100 , 0.0878071 secs] [Times: user=1.16 sys=0.03, real=0.09 secs] 
9660.615: [GC 9660.616: [ParNew: 37267K->16913K(353920K), 0.0749150 secs] 2690324K->2695950K(3106432K) icms_dc=100 , 0.0761256 secs] [Times: user=0.97 sys=0.03, real=0.08 secs] 
9661.478: [GC 9661.479: [ParNew: 331537K->26227K(353920K), 0.1082465 secs] 3010499K->2705189K(3106432K) icms_dc=100 , 0.1099216 secs] [Times: user=1.02 sys=0.03, real=0.11 secs] 
9662.349: [GC 9662.350: [ParNew: 340851K->27050K(353920K), 0.1375135 secs] 3019635K->2717819K(3106432K) icms_dc=100 , 0.1391519 secs] [Times: user=1.28 sys=0.03, real=0.14 secs] 
9663.224: [GC 9663.225: [ParNew: 341674K->31827K(353920K), 0.1223559 secs] 3031440K->2732291K(3106432K) icms_dc=100 , 0.1239339 secs] [Times: user=1.41 sys=0.04, real=0.12 secs] 
9664.169: [GC 9664.170: [ParNew: 347141K->29621K(353920K), 0.1072428 secs] 3045986K->2739028K(3106432K) icms_dc=100 , 0.1088228 secs] [Times: user=1.26 sys=0.05, real=0.11 secs] 
9664.308: [GC 9664.309: [ParNew (promotion failed): 30033K->18848K(353920K), 2.7942358 secs] 2739434K->2733364K(3106432K) icms_dc=100 , 2.7954822 secs] [Times: user=3.28 sys=2.67, real=2.80 secs] 
GC locker: Trying a full collection because scavenge failed
9667.105: [Full GC 9667.105: [CMS9673.994: [CMS-concurrent-sweep: 11.416/16.658 secs] [Times: user=174.67 sys=7.89, real=16.66 secs] 
 (concurrent mode failure): 2714516K->1658085K(2752512K), 46.7149046 secs] 2733364K->1658085K(3106432K), [CMS Perm : 206987K->204899K(402264K)] icms_dc=100 , 46.7161551 secs] [Times: user=46.73 sys=0.03, real=46.72 secs] 
9713.929: [GC [1 CMS-initial-mark: 1658085K(2752512K)] 1658345K(3106432K), 0.2640955 secs] [Times: user=0.26 sys=0.00, real=0.26 secs] 
9714.194: [CMS-concurrent-mark-start]
9716.349: [GC 9716.350: [ParNew: 314897K->27982K(353920K), 0.1781205 secs] 1972983K->1686067K(3106432K) icms_dc=100 , 0.1798375 secs] [Times: user=1.46 sys=0.24, real=0.18 secs] 
9716.660: [GC 9716.660: [ParNew: 28620K->9571K(353920K), 0.1301067 secs] 1686705K->1694070K(3106432K) icms_dc=100 , 0.1313137 secs] [Times: user=1.20 sys=0.11, real=0.13 secs] 
9717.935: [GC 9717.936: [ParNew: 324605K->29514K(353920K), 0.2527595 secs] 2009103K->1714013K(3106432K) icms_dc=100 , 0.2544380 secs] [Times: user=1.77 sys=0.40, real=0.26 secs] 
9718.946: [GC 9718.947: [ParNew: 344138K->29053K(353920K), 0.1335228 secs] 2028637K->1727570K(3106432K) icms_dc=100 , 0.1351590 secs] [Times: user=1.28 sys=0.04, real=0.14 secs] 
9719.960: [GC 9719.961: [ParNew: 343677K->30382K(353920K), 0.1689760 secs] 2042194K->1739283K(3106432K) icms_dc=100 , 0.1705527 secs] [Times: user=1.51 sys=0.19, real=0.17 secs] 
9720.990: [GC 9720.991: [ParNew: 345974K->30079K(353920K), 0.1258110 secs] 2054874K->1749284K(3106432K) icms_dc=100 , 0.1274273 secs] [Times: user=1.24 sys=0.14, real=0.13 secs] 
9722.048: [GC 9722.049: [ParNew: 344703K->26576K(353920K), 0.0763070 secs] 2063908K->1755856K(3106432K) icms_dc=100 , 0.0779574 secs] [Times: user=1.00 sys=0.02, real=0.08 secs] 
9722.950: [GC 9722.951: [ParNew: 341200K->29956K(353920K), 0.0784692 secs] 2070480K->1769608K(3106432K) icms_dc=100 , 0.0800533 secs] [Times: user=1.02 sys=0.02, real=0.08 secs] 
9724.054: [GC 9724.055: [ParNew: 344711K->28888K(353920K), 0.1249981 secs] 2084363K->1782030K(3106432K) icms_dc=100 , 0.1265697 secs] [Times: user=1.26 sys=0.13, real=0.13 secs] 
9724.211: [GC 9724.211: [ParNew: 29384K->27640K(353920K), 0.0796016 secs] 1782527K->1780783K(3106432K) icms_dc=100 , 0.0807611 secs] [Times: user=0.91 sys=0.11, real=0.08 secs] 
9725.194: [GC 9725.195: [ParNew: 342264K->38015K(353920K), 0.1127245 secs] 2095407K->1791158K(3106432K) icms_dc=100 , 0.1143440 secs] [Times: user=1.15 sys=0.11, real=0.11 secs] 
9726.306: [GC 9726.307: [ParNew: 352639K->29960K(353920K), 0.1322582 secs] 2105782K->1800596K(3106432K) icms_dc=100 , 0.1338544 secs] [Times: user=1.14 sys=0.02, real=0.13 secs] 
9727.308: [GC 9727.309: [ParNew: 344571K->32225K(353920K), 0.1133533 secs] 2115206K->1802861K(3106432K) icms_dc=100 , 0.1149495 secs] [Times: user=1.23 sys=0.14, real=0.12 secs] 
9728.312: [GC 9728.313: [ParNew: 346849K->26451K(353920K), 0.1010949 secs] 2117485K->1813265K(3106432K) icms_dc=100 , 0.1026635 secs] [Times: user=1.10 sys=0.03, real=0.10 secs] 
9729.439: [GC 9729.440: [ParNew: 341131K->35978K(353920K), 0.0945784 secs] 2127945K->1822792K(3106432K) icms_dc=100 , 0.0961644 secs] [Times: user=1.12 sys=0.10, real=0.10 secs] 
9729.565: [GC 9729.566: [ParNew: 36291K->16225K(353920K), 0.0868923 secs] 1823105K->1831789K(3106432K) icms_dc=100 , 0.0881019 secs] [Times: user=1.04 sys=0.04, real=0.09 secs] 
9730.612: [GC 9730.613: [ParNew: 330849K->21986K(353920K), 0.0893856 secs] 2146413K->1837550K(3106432K) icms_dc=100 , 0.0909787 secs] [Times: user=1.09 sys=0.09, real=0.09 secs] 
9731.695: [GC 9731.696: [ParNew: 336610K->35083K(353920K), 0.0620679 secs] 2152174K->1850646K(3106432K) icms_dc=100 , 0.0636806 secs] [Times: user=0.91 sys=0.01, real=0.06 secs] 
9732.707: [GC 9732.708: [ParNew: 349707K->38569K(353920K), 0.0917243 secs] 2165270K->1864324K(3106432K) icms_dc=100 , 0.0933124 secs] [Times: user=1.14 sys=0.02, real=0.09 secs] 
9733.357: [CMS-concurrent-mark: 11.910/19.163 secs] [Times: user=432.92 sys=15.91, real=19.16 secs] 
9733.359: [CMS-concurrent-preclean-start]
9733.714: [GC 9733.715: [ParNew: 353193K->39296K(353920K), 0.1266122 secs] 2178948K->1875078K(3106432K) icms_dc=100 , 0.1282202 secs] [Times: user=1.23 sys=0.03, real=0.13 secs] 
9734.641: [GC 9734.643: [ParNew: 353920K->34964K(353920K), 0.1434707 secs] 2189702K->1887566K(3106432K) icms_dc=100 , 0.1452206 secs] [Times: user=1.54 sys=0.14, real=0.15 secs] 
9735.600: [GC 9735.601: [ParNew: 349808K->27957K(353920K), 0.0927853 secs] 2202410K->1889193K(3106432K) icms_dc=100 , 0.0943344 secs] [Times: user=1.09 sys=0.07, real=0.09 secs] 
9735.724: [GC 9735.725: [ParNew: 28590K->24113K(353920K), 0.0533675 secs] 1889826K->1885350K(3106432K) icms_dc=100 , 0.0545434 secs] [Times: user=0.69 sys=0.03, real=0.06 secs] 
9736.574: [GC 9736.575: [ParNew: 338737K->37515K(353920K), 0.0751997 secs] 2199974K->1898751K(3106432K) icms_dc=100 , 0.0768014 secs] [Times: user=1.01 sys=0.01, real=0.08 secs] 
9737.510: [GC 9737.511: [ParNew: 352139K->39296K(353920K), 0.0868984 secs] 2213375K->1909308K(3106432K) icms_dc=100 , 0.0884955 secs] [Times: user=1.18 sys=0.02, real=0.09 secs] 
9738.472: [GC 9738.473: [ParNew: 353920K->39061K(353920K), 0.0926228 secs] 2223932K->1916053K(3106432K) icms_dc=100 , 0.0942483 secs] [Times: user=1.16 sys=0.02, real=0.16 secs] 
9739.513: [GC 9739.514: [ParNew: 353209K->39296K(353920K), 0.1055351 secs] 2230202K->1926958K(3106432K) icms_dc=100 , 0.1071807 secs] [Times: user=1.13 sys=0.02, real=0.11 secs] 
9740.391: [GC 9740.392: [ParNew: 353920K->32746K(353920K), 0.1290838 secs] 2241582K->1935862K(3106432K) icms_dc=100 , 0.1306641 secs] [Times: user=1.32 sys=0.10, real=0.13 secs] 
9741.286: [GC 9741.287: [ParNew: 347370K->29365K(353920K), 0.0798355 secs] 2250486K->1940635K(3106432K) icms_dc=100 , 0.0813617 secs] [Times: user=0.96 sys=0.02, real=0.08 secs] 
9742.142: [GC 9742.143: [ParNew: 344726K->36322K(353920K), 0.1003434 secs] 2255996K->1947591K(3106432K) icms_dc=100 , 0.1019312 secs] [Times: user=1.14 sys=0.08, real=0.10 secs] 
9742.274: [GC 9742.275: [ParNew: 36749K->27154K(353920K), 0.0640803 secs] 1948018K->1947410K(3106432K) icms_dc=100 , 0.0652940 secs] [Times: user=0.97 sys=0.01, real=0.07 secs] 
9743.055: [GC 9743.056: [ParNew: 342074K->39296K(353920K), 0.1736902 secs] 2262331K->1960385K(3106432K) icms_dc=100 , 0.1752273 secs] [Times: user=1.20 sys=0.01, real=0.18 secs] 
9743.261: [GC 9743.262: [ParNew: 39942K->28763K(353920K), 0.1240020 secs] 1961031K->1985009K(3106432K) icms_dc=100 , 0.1252130 secs] [Times: user=1.18 sys=0.04, real=0.13 secs] 
9744.041: [GC 9744.043: [ParNew: 343387K->29356K(353920K), 0.1065097 secs] 2299633K->1985603K(3106432K) icms_dc=100 , 0.1081066 secs] [Times: user=1.13 sys=0.05, real=0.11 secs] 
9744.795: [CMS-concurrent-preclean: 8.418/11.436 secs] [Times: user=281.30 sys=9.11, real=11.44 secs] 
9744.796: [CMS-concurrent-abortable-preclean-start]
9745.015: [GC 9745.016: [ParNew: 343980K->30731K(353920K), 0.1114155 secs] 2300227K->2002446K(3106432K) icms_dc=100 , 0.1129749 secs] [Times: user=1.18 sys=0.04, real=0.11 secs] 
9745.531: [CMS-concurrent-abortable-preclean: 0.507/0.735 secs] [Times: user=17.16 sys=0.62, real=0.74 secs] 
9745.566: [GC[YG occupancy: 181114 K (353920 K)]9745.566: [Rescan (parallel) , 0.2605919 secs]9745.827: [weak refs processing, 0.0001851 secs] [1 CMS-remark: 1971715K(2752512K)] 2152829K(3106432K), 0.2614430 secs] [Times: user=3.01 sys=0.40, real=0.26 secs] 
9745.829: [CMS-concurrent-sweep-start]
9746.256: [GC 9746.257: [ParNew: 345455K->35791K(353920K), 0.0791268 secs] 2317169K->2017813K(3106432K) icms_dc=100 , 0.0807165 secs] [Times: user=1.10 sys=0.03, real=0.08 secs] 
9747.125: [GC 9747.126: [ParNew: 350415K->31938K(353920K), 0.1216007 secs] 2332436K->2024258K(3106432K) icms_dc=100 , 0.1232129 secs] [Times: user=1.31 sys=0.14, real=0.12 secs] 
9748.021: [GC 9748.022: [ParNew: 346887K->33325K(353920K), 0.1155834 secs] 2339206K->2034607K(3106432K) icms_dc=100 , 0.1171356 secs] [Times: user=1.04 sys=0.01, real=0.12 secs] 
9748.168: [GC 9748.168: [ParNew: 33927K->12975K(353920K), 0.1439499 secs] 2035209K->2037617K(3106432K) icms_dc=100 , 0.1451678 secs] [Times: user=0.86 sys=0.02, real=0.15 secs] 
9749.189: [GC 9749.190: [ParNew: 327560K->23890K(353920K), 0.1159805 secs] 2352187K->2048517K(3106432K) icms_dc=100 , 0.1175812 secs] [Times: user=1.21 sys=0.14, real=0.12 secs] 
9750.143: [GC 9750.144: [ParNew: 338972K->23480K(353920K), 0.1606333 secs] 2363365K->2059930K(3106432K) icms_dc=100 , 0.1622107 secs] [Times: user=1.40 sys=0.19, real=0.16 secs] 
9751.142: [GC 9751.143: [ParNew: 338104K->39296K(353920K), 0.0738879 secs] 2374329K->2075959K(3106432K) icms_dc=100 , 0.0754855 secs] [Times: user=1.00 sys=0.02, real=0.08 secs] 
9752.126: [GC 9752.127: [ParNew: 353920K->30290K(353920K), 0.1554844 secs] 2390581K->2086783K(3106432K) icms_dc=100 , 0.1570681 secs] [Times: user=1.31 sys=0.09, real=0.16 secs] 
9753.188: [GC 9753.189: [ParNew: 344914K->34837K(353920K), 0.0805345 secs] 2401404K->2091328K(3106432K) icms_dc=100 , 0.0821167 secs] [Times: user=0.93 sys=0.01, real=0.08 secs] 
9754.233: [GC 9754.234: [ParNew: 349461K->38661K(353920K), 0.0811266 secs] 2405951K->2101938K(3106432K) icms_dc=100 , 0.0827526 secs] [Times: user=1.09 sys=0.02, real=0.08 secs] 
9755.209: [GC 9755.210: [ParNew: 353285K->28777K(353920K), 0.1396780 secs] 2416557K->2109633K(3106432K) icms_dc=100 , 0.1412364 secs] [Times: user=1.34 sys=0.07, real=0.14 secs] 
9756.025: [GC 9756.026: [ParNew: 343401K->39296K(353920K), 0.1185190 secs] 2424250K->2120643K(3106432K) icms_dc=100 , 0.1200743 secs] [Times: user=1.16 sys=0.10, real=0.12 secs] 
9756.908: [GC 9756.909: [ParNew: 353920K->26367K(353920K), 0.0944799 secs] 2435210K->2126182K(3106432K) icms_dc=100 , 0.0960605 secs] [Times: user=1.13 sys=0.04, real=0.10 secs] 
9757.706: [GC 9757.708: [ParNew: 340991K->35823K(353920K), 0.1139471 secs] 2440790K->2135621K(3106432K) icms_dc=100 , 0.1155994 secs] [Times: user=1.26 sys=0.15, real=0.12 secs] 
9758.698: [GC 9758.699: [ParNew: 350447K->28214K(353920K), 0.0922747 secs] 2450189K->2144850K(3106432K) icms_dc=100 , 0.0938545 secs] [Times: user=1.17 sys=0.03, real=0.09 secs] 
9759.693: [GC 9759.694: [ParNew: 342838K->34165K(353920K), 0.0680311 secs] 2441432K->2132758K(3106432K) icms_dc=100 , 0.0696788 secs] [Times: user=0.88 sys=0.02, real=0.07 secs] 
9759.898: [CMS-concurrent-sweep: 11.243/14.069 secs] [Times: user=345.84 sys=12.65, real=14.07 secs] 
9759.899: [CMS-concurrent-reset-start]
9759.955: [CMS-concurrent-reset: 0.056/0.056 secs] [Times: user=1.52 sys=0.06, real=0.06 secs] 
9760.700: [GC 9760.701: [ParNew: 349262K->38882K(353920K), 0.0920956 secs] 2437454K->2134008K(3106432K) icms_dc=75 , 0.0936743 secs] [Times: user=1.08 sys=0.03, real=0.09 secs] 
9760.823: [GC 9760.824: [ParNew: 39246K->32165K(353920K), 0.0858134 secs] 2134372K->2136454K(3106432K) icms_dc=75 , 0.0870190 secs] [Times: user=1.01 sys=0.05, real=0.09 secs] 
9761.020: [GC [1 CMS-initial-mark: 2104288K(2752512K)] 2176270K(3106432K), 0.4491897 secs] [Times: user=0.45 sys=0.00, real=0.45 secs] 
9761.471: [CMS-concurrent-mark-start]
9762.168: [GC 9762.170: [ParNew: 346789K->37831K(353920K), 0.0627007 secs] 2451078K->2142120K(3106432K) icms_dc=75 , 0.0642559 secs] [Times: user=0.97 sys=0.03, real=0.06 secs] 
9763.481: [GC 9763.482: [ParNew: 352455K->33788K(353920K), 0.2194399 secs] 2456744K->2156697K(3106432K) icms_dc=75 , 0.2210389 secs] [Times: user=1.51 sys=0.17, real=0.22 secs] 
9764.546: [GC 9764.547: [ParNew: 348334K->27059K(353920K), 0.1072701 secs] 2471244K->2158230K(3106432K) icms_dc=75 , 0.1089012 secs] [Times: user=1.07 sys=0.02, real=0.11 secs] 
9765.439: [GC 9765.440: [ParNew: 341683K->27209K(353920K), 0.1065471 secs] 2472854K->2167424K(3106432K) icms_dc=75 , 0.1081141 secs] [Times: user=1.22 sys=0.07, real=0.11 secs] 
9766.339: [GC 9766.341: [ParNew: 341833K->27053K(353920K), 0.1429772 secs] 2482048K->2176532K(3106432K) icms_dc=75 , 0.1445931 secs] [Times: user=1.43 sys=0.18, real=0.15 secs] 
9767.263: [GC 9767.264: [ParNew: 341677K->39296K(353920K), 0.1764927 secs] 2491156K->2189732K(3106432K) icms_dc=75 , 0.1780388 secs] [Times: user=1.27 sys=0.13, real=0.18 secs] 
9768.160: [GC 9768.161: [ParNew: 353920K->39296K(353920K), 0.1347555 secs] 2504356K->2199151K(3106432K) icms_dc=75 , 0.1362787 secs] [Times: user=1.44 sys=0.09, real=0.14 secs] 
9769.139: [GC 9769.140: [ParNew: 353920K->38877K(353920K), 0.1336709 secs] 2513775K->2207772K(3106432K) icms_dc=75 , 0.1352860 secs] [Times: user=1.34 sys=0.10, real=0.14 secs] 
9770.385: [GC 9770.386: [ParNew: 353501K->39296K(353920K), 0.1825256 secs] 2522396K->2215589K(3106432K) icms_dc=75 , 0.1841024 secs] [Times: user=1.60 sys=0.13, real=0.18 secs] 
9771.372: [GC 9771.374: [ParNew: 353854K->39296K(353920K), 0.1707997 secs] 2530147K->2223799K(3106432K) icms_dc=75 , 0.1723782 secs] [Times: user=1.41 sys=0.12, real=0.17 secs] 
9772.762: [GC 9772.763: [ParNew: 353920K->39296K(353920K), 0.1055331 secs] 2538423K->2231275K(3106432K) icms_dc=75 , 0.1070795 secs] [Times: user=1.24 sys=0.05, real=0.11 secs] 
9773.704: [GC 9773.705: [ParNew: 353920K->32198K(353920K), 0.1012648 secs] 2545899K->2241075K(3106432K) icms_dc=75 , 0.1028279 secs] [Times: user=1.27 sys=0.04, real=0.10 secs] 
9774.843: [GC 9774.844: [ParNew: 346854K->28392K(353920K), 0.0933106 secs] 2555732K->2247402K(3106432K) icms_dc=75 , 0.0949109 secs] [Times: user=1.14 sys=0.04, real=0.10 secs] 
9774.968: [GC 9774.968: [ParNew: 28862K->27291K(353920K), 0.0550396 secs] 2247872K->2246300K(3106432K) icms_dc=86 , 0.0703515 secs] [Times: user=0.77 sys=0.03, real=0.07 secs] 
9775.959: [GC 9775.960: [ParNew: 341915K->39145K(353920K), 0.0819535 secs] 2560924K->2258155K(3106432K) icms_dc=86 , 0.0835433 secs] [Times: user=0.96 sys=0.01, real=0.08 secs] 
9776.881: [GC 9776.882: [ParNew: 353769K->32705K(353920K), 0.0996726 secs] 2572779K->2271132K(3106432K) icms_dc=87 , 0.1012042 secs] [Times: user=1.22 sys=0.04, real=0.10 secs] 
9777.841: [GC 9777.842: [ParNew: 347329K->30347K(353920K), 0.0855886 secs] 2585756K->2278266K(3106432K) icms_dc=87 , 0.0871301 secs] [Times: user=1.11 sys=0.02, real=0.09 secs] 
9778.775: [GC 9778.776: [ParNew: 344871K->30723K(353920K), 0.1798800 secs] 2592789K->2288325K(3106432K) icms_dc=87 , 0.1814751 secs] [Times: user=1.59 sys=0.26, real=0.18 secs] 
9779.783: [GC 9779.784: [ParNew: 345347K->38504K(353920K), 0.1547643 secs] 2602949K->2296106K(3106432K) icms_dc=87 , 0.1563707 secs] [Times: user=1.39 sys=0.22, real=0.16 secs] 
9780.735: [GC 9780.736: [ParNew: 353168K->37012K(353920K), 0.1029157 secs] 2610770K->2300961K(3106432K) icms_dc=87 , 0.1045179 secs] [Times: user=1.21 sys=0.03, real=0.11 secs] 
9780.869: [GC 9780.870: [ParNew: 37218K->27321K(353920K), 0.0603315 secs] 2301167K->2301156K(3106432K) icms_dc=87 , 0.0615235 secs] [Times: user=0.88 sys=0.02, real=0.06 secs] 
9781.750: [GC 9781.751: [ParNew: 341945K->35751K(353920K), 0.1257526 secs] 2615780K->2309586K(3106432K) icms_dc=87 , 0.1273109 secs] [Times: user=1.34 sys=0.12, real=0.13 secs] 
9782.778: [GC 9782.779: [ParNew: 350644K->39296K(353920K), 0.1451671 secs] 2624480K->2321596K(3106432K) icms_dc=87 , 0.1467174 secs] [Times: user=1.49 sys=0.14, real=0.15 secs] 
9782.956: [GC 9782.956: [ParNew: 40178K->25877K(353920K), 0.1640708 secs] 2322478K->2337648K(3106432K) icms_dc=87 , 0.1652847 secs] [Times: user=1.55 sys=0.21, real=0.17 secs] 
9783.999: [GC 9784.000: [ParNew: 340616K->29926K(353920K), 0.0627507 secs] 2652387K->2341696K(3106432K) icms_dc=87 , 0.0643322 secs] [Times: user=0.89 sys=0.01, real=0.06 secs] 
9784.098: [GC 9784.098: [ParNew: 32271K->13863K(353920K), 0.1136596 secs] 2344042K->2352230K(3106432K) icms_dc=87 , 0.1148969 secs] [Times: user=1.18 sys=0.08, real=0.12 secs] 
9785.076: [GC 9785.077: [ParNew: 328487K->28337K(353920K), 0.0603305 secs] 2666854K->2366704K(3106432K) icms_dc=87 , 0.0618838 secs] [Times: user=0.85 sys=0.01, real=0.06 secs] 
9785.355: [CMS-concurrent-mark: 15.378/23.884 secs] [Times: user=573.82 sys=19.47, real=23.88 secs] 
9785.356: [CMS-concurrent-preclean-start]
9785.990: [GC 9785.991: [ParNew: 342961K->22926K(353920K), 0.1055062 secs] 2681328K->2375458K(3106432K) icms_dc=87 , 0.1071040 secs] [Times: user=1.23 sys=0.05, real=0.11 secs] 
9786.905: [GC 9786.906: [ParNew: 337550K->34053K(353920K), 0.1344789 secs] 2690082K->2386585K(3106432K) icms_dc=87 , 0.1360462 secs] [Times: user=1.41 sys=0.19, real=0.14 secs] 
9788.082: [GC 9788.083: [ParNew: 348677K->39296K(353920K), 0.1054041 secs] 2701209K->2399757K(3106432K) icms_dc=87 , 0.1069929 secs] [Times: user=1.20 sys=0.02, real=0.11 secs] 
9789.036: [GC 9789.037: [ParNew: 353920K->37357K(353920K), 0.1329516 secs] 2714495K->2406732K(3106432K) icms_dc=87 , 0.1345480 secs] [Times: user=1.41 sys=0.06, real=0.14 secs] 
9789.200: [GC 9789.201: [ParNew: 37609K->24296K(353920K), 0.0649483 secs] 2406984K->2404185K(3106432K) icms_dc=87 , 0.0665581 secs] [Times: user=0.98 sys=0.02, real=0.07 secs] 
9790.139: [GC 9790.140: [ParNew: 339268K->36697K(353920K), 0.1217917 secs] 2719157K->2416586K(3106432K) icms_dc=87 , 0.1234201 secs] [Times: user=1.34 sys=0.15, real=0.12 secs] 
9790.293: [GC 9790.294: [ParNew: 37097K->19831K(353920K), 0.1126862 secs] 2416986K->2427045K(3106432K) icms_dc=87 , 0.1139061 secs] [Times: user=1.24 sys=0.09, real=0.11 secs] 
9791.225: [GC 9791.227: [ParNew: 334465K->25727K(353920K), 0.1867320 secs] 2741679K->2432941K(3106432K) icms_dc=87 , 0.1883256 secs] [Times: user=1.25 sys=0.16, real=0.19 secs] 
9791.443: [GC 9791.444: [ParNew: 26034K->7337K(353920K), 0.1489562 secs] 2433248K->2437039K(3106432K) icms_dc=87 , 0.1501567 secs] [Times: user=1.07 sys=0.05, real=0.15 secs] 
9792.364: [GC 9792.365: [ParNew: 321961K->24893K(353920K), 0.0773398 secs] 2751663K->2454595K(3106432K) icms_dc=87 , 0.0788649 secs] [Times: user=0.99 sys=0.05, real=0.08 secs] 
9793.246: [GC 9793.247: [ParNew: 339742K->21919K(353920K), 0.1411283 secs] 2769444K->2465302K(3106432K) icms_dc=87 , 0.1427101 secs] [Times: user=1.47 sys=0.16, real=0.14 secs] 
9793.418: [GC 9793.418: [ParNew: 22145K->24776K(353920K), 0.0489912 secs] 2465528K->2468159K(3106432K) icms_dc=89 , 0.0501806 secs] [Times: user=0.73 sys=0.03, real=0.05 secs] 
9794.308: [GC 9794.310: [ParNew: 339238K->35762K(353920K), 0.2223892 secs] 2782621K->2479145K(3106432K) icms_dc=89 , 0.2239857 secs] [Times: user=1.74 sys=0.38, real=0.22 secs] 
9795.424: [GC 9795.425: [ParNew: 350386K->39296K(353920K), 0.1535879 secs] 2793769K->2493202K(3106432K) icms_dc=89 , 0.1552000 secs] [Times: user=1.18 sys=0.02, real=0.16 secs] 
9796.467: [GC 9796.468: [ParNew: 353920K->39296K(353920K), 0.1339109 secs] 2807902K->2502284K(3106432K) icms_dc=89 , 0.1355204 secs] [Times: user=1.51 sys=0.09, real=0.14 secs] 
9796.634: [GC 9796.634: [ParNew: 39449K->6692K(353920K), 0.0867943 secs] 2502437K->2498489K(3106432K) icms_dc=100 , 0.0880000 secs] [Times: user=1.09 sys=0.04, real=0.09 secs] 
9797.768: [GC 9797.769: [ParNew: 321304K->22680K(353920K), 0.1167457 secs] 2813101K->2514477K(3106432K) icms_dc=100 , 0.1184227 secs] [Times: user=1.28 sys=0.12, real=0.12 secs] 
9798.306: [CMS-concurrent-preclean: 8.220/12.951 secs] [Times: user=301.30 sys=11.54, real=12.95 secs] 
9798.309: [CMS-concurrent-abortable-preclean-start]
9798.773: [GC 9798.775: [ParNew: 337304K->37390K(353920K), 0.2508546 secs] 2829101K->2529187K(3106432K) icms_dc=100 , 0.2525360 secs] [Times: user=2.00 sys=0.45, real=0.25 secs] 
9799.669: [CMS-concurrent-abortable-preclean: 0.954/1.360 secs] [Times: user=30.84 sys=1.62, real=1.36 secs] 
9799.703: [GC[YG occupancy: 265946 K (353920 K)]9799.704: [Rescan (parallel) , 0.1752203 secs]9799.879: [weak refs processing, 0.0272859 secs] [1 CMS-remark: 2491796K(2752512K)] 2757743K(3106432K), 0.2070176 secs] [Times: user=2.99 sys=0.09, real=0.21 secs] 
9799.912: [CMS-concurrent-sweep-start]
9800.165: [GC 9800.167: [ParNew: 352014K->39200K(353920K), 0.1200607 secs] 2843810K->2540961K(3106432K) icms_dc=100 , 0.1218419 secs] [Times: user=1.53 sys=0.06, real=0.12 secs] 
9801.061: [GC 9801.062: [ParNew: 353824K->39295K(353920K), 0.1011634 secs] 2855576K->2548479K(3106432K) icms_dc=100 , 0.1027705 secs] [Times: user=1.28 sys=0.04, real=0.10 secs] 
9802.127: [GC 9802.129: [ParNew: 353919K->27273K(353920K), 0.1000512 secs] 2863088K->2553924K(3106432K) icms_dc=100 , 0.1016376 secs] [Times: user=1.21 sys=0.03, real=0.10 secs] 
9802.260: [GC 9802.261: [ParNew: 27406K->21597K(353920K), 0.0466617 secs] 2554056K->2548248K(3106432K) icms_dc=100 , 0.0478512 secs] [Times: user=0.76 sys=0.03, real=0.05 secs] 
9803.065: [GC 9803.066: [ParNew: 336221K->31850K(353920K), 0.0649128 secs] 2862808K->2558436K(3106432K) icms_dc=100 , 0.0664475 secs] [Times: user=0.95 sys=0.02, real=0.07 secs] 
9803.975: [GC 9803.976: [ParNew: 346474K->39296K(353920K), 0.0994041 secs] 2870922K->2571616K(3106432K) icms_dc=100 , 0.1010870 secs] [Times: user=1.16 sys=0.02, real=0.10 secs] 
9805.233: [GC 9805.234: [ParNew: 353920K->39296K(353920K), 0.1160702 secs] 2883435K->2577606K(3106432K) icms_dc=100 , 0.1176391 secs] [Times: user=1.36 sys=0.09, real=0.12 secs] 
9806.107: [GC 9806.108: [ParNew: 353920K->37031K(353920K), 0.0749913 secs] 2885929K->2577404K(3106432K) icms_dc=100 , 0.0765358 secs] [Times: user=1.11 sys=0.02, real=0.08 secs] 
9807.054: [GC 9807.055: [ParNew: 351655K->39296K(353920K), 0.1648209 secs] 2891991K->2589693K(3106432K) icms_dc=100 , 0.1664809 secs] [Times: user=1.22 sys=0.04, real=0.17 secs] 
9807.962: [GC 9807.963: [ParNew: 353920K->39296K(353920K), 0.0832248 secs] 2904288K->2597088K(3106432K) icms_dc=100 , 0.0848153 secs] [Times: user=1.11 sys=0.02, real=0.09 secs] 
9808.882: [GC 9808.883: [ParNew: 353920K->32811K(353920K), 0.0808212 secs] 2911594K->2599559K(3106432K) icms_dc=100 , 0.0826118 secs] [Times: user=1.15 sys=0.02, real=0.08 secs] 
9809.788: [GC 9809.789: [ParNew: 347676K->37747K(353920K), 0.1098695 secs] 2914249K->2611188K(3106432K) icms_dc=100 , 0.1114666 secs] [Times: user=1.11 sys=0.02, real=0.11 secs] 
9809.929: [GC 9809.930: [ParNew: 38171K->10389K(353920K), 0.0876713 secs] 2611612K->2612607K(3106432K) icms_dc=100 , 0.0888498 secs] [Times: user=1.09 sys=0.04, real=0.09 secs] 
9810.846: [GC 9810.847: [ParNew: 325478K->26636K(353920K), 0.0961844 secs] 2927638K->2628796K(3106432K) icms_dc=100 , 0.0977564 secs] [Times: user=0.93 sys=0.01, real=0.10 secs] 
9810.974: [GC 9810.974: [ParNew: 27571K->12449K(353920K), 0.0992950 secs] 2629731K->2638242K(3106432K) icms_dc=100 , 0.1004983 secs] [Times: user=0.96 sys=0.03, real=0.10 secs] 
9811.834: [GC 9811.835: [ParNew: 327073K->24927K(353920K), 0.0909561 secs] 2952652K->2650506K(3106432K) icms_dc=100 , 0.0925397 secs] [Times: user=0.87 sys=0.01, real=0.09 secs] 
9812.704: [GC 9812.705: [ParNew: 339551K->30280K(353920K), 0.1428663 secs] 2964585K->2668400K(3106432K) icms_dc=100 , 0.1445044 secs] [Times: user=1.37 sys=0.02, real=0.15 secs] 
9813.706: [GC 9813.707: [ParNew: 344904K->31734K(353920K), 0.1459721 secs] 2982814K->2680642K(3106432K) icms_dc=100 , 0.1475761 secs] [Times: user=1.33 sys=0.06, real=0.15 secs] 
9814.632: [GC 9814.633: [ParNew: 346591K->30233K(353920K), 0.1698447 secs] 2995097K->2688136K(3106432K) icms_dc=100 , 0.1713803 secs] [Times: user=1.63 sys=0.20, real=0.17 secs] 
9814.846: [GC 9814.847: [ParNew: 37857K->18627K(353920K), 0.1061277 secs] 2695751K->2696186K(3106432K) icms_dc=100 , 0.1073579 secs] [Times: user=1.12 sys=0.06, real=0.11 secs] 
9815.743: [GC 9815.744: [ParNew: 333424K->24148K(353920K), 0.0542526 secs] 3008453K->2699177K(3106432K) icms_dc=100 , 0.0558145 secs] [Times: user=0.89 sys=0.01, real=0.06 secs] 
9815.830: [GC 9815.831: [ParNew: 24782K->12151K(353920K), 0.0807372 secs] 2699801K->2708382K(3106432K) icms_dc=100 , 0.0819144 secs] [Times: user=0.97 sys=0.02, real=0.08 secs] 
9816.671: [GC 9816.672: [ParNew: 327087K->29042K(353920K), 0.2221160 secs] 3018941K->2720896K(3106432K) icms_dc=100 , 0.2236869 secs] [Times: user=1.65 sys=0.30, real=0.22 secs] 
9816.924: [GC 9816.925: [ParNew (promotion failed): 29699K->10244K(353920K), 1.8795457 secs] 2721552K->2719199K(3106432K) icms_dc=100 , 1.8807617 secs] [Times: user=2.54 sys=1.74, real=1.88 secs] 
GC locker: Trying a full collection because scavenge failed
9818.806: [Full GC 9818.807: [CMS9821.301: [CMS-concurrent-sweep: 14.950/21.389 secs] [Times: user=411.33 sys=15.55, real=21.39 secs] 
 (concurrent mode failure): 2708955K->1656204K(2752512K), 41.1306904 secs] 2719199K->1656204K(3106432K), [CMS Perm : 206290K->204910K(402264K)] icms_dc=100 , 41.1319462 secs] [Times: user=41.18 sys=0.02, real=41.13 secs] 
9860.047: [GC [1 CMS-initial-mark: 1656204K(2752512K)] 1656705K(3106432K), 0.2554343 secs] [Times: user=0.26 sys=0.00, real=0.26 secs] 
9860.304: [CMS-concurrent-mark-start]
9863.032: [GC 9863.033: [ParNew: 314624K->29285K(353920K), 0.0904469 secs] 1970828K->1685490K(3106432K) icms_dc=100 , 0.0920482 secs] [Times: user=1.05 sys=0.05, real=0.09 secs] 
9864.456: [GC 9864.457: [ParNew: 344992K->30206K(353920K), 0.1532478 secs] 2001197K->1704525K(3106432K) icms_dc=100 , 0.1548070 secs] [Times: user=1.82 sys=0.17, real=0.16 secs] 
9864.642: [GC 9864.643: [ParNew: 30587K->10336K(353920K), 0.0706344 secs] 1704906K->1709447K(3106432K) icms_dc=100 , 0.0718423 secs] [Times: user=1.01 sys=0.03, real=0.07 secs] 
9865.546: [GC 9865.548: [ParNew: 324960K->26505K(353920K), 0.1371688 secs] 2024071K->1725616K(3106432K) icms_dc=100 , 0.1387580 secs] [Times: user=1.02 sys=0.07, real=0.14 secs] 
9866.631: [GC 9866.632: [ParNew: 342453K->34969K(353920K), 0.0843372 secs] 2041564K->1746257K(3106432K) icms_dc=100 , 0.0859545 secs] [Times: user=1.11 sys=0.02, real=0.09 secs] 
9866.749: [GC 9866.749: [ParNew: 35032K->0K(353920K), 0.0680329 secs] 1746320K->1741007K(3106432K) icms_dc=100 , 0.0692593 secs] [Times: user=0.86 sys=0.03, real=0.07 secs] 
9867.709: [GC 9867.710: [ParNew: 314624K->24747K(353920K), 0.0772057 secs] 2055631K->1765755K(3106432K) icms_dc=100 , 0.0788458 secs] [Times: user=0.97 sys=0.06, real=0.08 secs] 
9868.740: [GC 9868.741: [ParNew: 339371K->29018K(353920K), 0.1057802 secs] 2080379K->1781690K(3106432K) icms_dc=100 , 0.1073467 secs] [Times: user=1.20 sys=0.02, real=0.11 secs] 
9869.774: [GC 9869.775: [ParNew: 343642K->30899K(353920K), 0.0939756 secs] 2096314K->1793742K(3106432K) icms_dc=100 , 0.0955396 secs] [Times: user=1.13 sys=0.04, real=0.10 secs] 
9870.724: [GC 9870.725: [ParNew: 345523K->27561K(353920K), 0.1271615 secs] 2108366K->1800442K(3106432K) icms_dc=100 , 0.1287094 secs] [Times: user=1.33 sys=0.14, real=0.13 secs] 
9872.002: [GC 9872.004: [ParNew: 342185K->36754K(353920K), 0.1112412 secs] 2115066K->1809636K(3106432K) icms_dc=100 , 0.1128202 secs] [Times: user=1.16 sys=0.01, real=0.11 secs] 
9872.950: [GC 9872.951: [ParNew: 351378K->39296K(353920K), 0.1114065 secs] 2124260K->1820339K(3106432K) icms_dc=100 , 0.1129494 secs] [Times: user=1.29 sys=0.10, real=0.11 secs] 
9873.918: [GC 9873.919: [ParNew: 353919K->37056K(353920K), 0.1275449 secs] 2135034K->1826365K(3106432K) icms_dc=100 , 0.1291344 secs] [Times: user=1.14 sys=0.01, real=0.13 secs] 
9874.077: [GC 9874.078: [ParNew: 37348K->28400K(353920K), 0.1063062 secs] 1826657K->1828040K(3106432K) icms_dc=100 , 0.1079769 secs] [Times: user=0.93 sys=0.01, real=0.11 secs] 
9875.031: [GC 9875.033: [ParNew: 343024K->38287K(353920K), 0.1421628 secs] 2142664K->1837927K(3106432K) icms_dc=100 , 0.1437360 secs] [Times: user=1.07 sys=0.09, real=0.14 secs] 
9876.117: [GC 9876.118: [ParNew: 353270K->31369K(353920K), 0.0902987 secs] 2152910K->1850323K(3106432K) icms_dc=100 , 0.0918345 secs] [Times: user=1.17 sys=0.03, real=0.09 secs] 
9876.239: [GC 9876.240: [ParNew: 31960K->17983K(353920K), 0.0660750 secs] 1850914K->1859468K(3106432K) icms_dc=100 , 0.0673242 secs] [Times: user=0.83 sys=0.04, real=0.07 secs] 
9877.120: [GC 9877.121: [ParNew: 332607K->26207K(353920K), 0.0638875 secs] 2174092K->1867691K(3106432K) icms_dc=100 , 0.0654572 secs] [Times: user=0.84 sys=0.03, real=0.07 secs] 
9878.094: [GC 9878.095: [ParNew: 340831K->28423K(353920K), 0.0811348 secs] 2182315K->1881040K(3106432K) icms_dc=100 , 0.0827466 secs] [Times: user=1.06 sys=0.02, real=0.08 secs] 
9878.930: [GC 9878.931: [ParNew: 343047K->35066K(353920K), 0.1810604 secs] 2195664K->1897723K(3106432K) icms_dc=100 , 0.1825971 secs] [Times: user=1.51 sys=0.19, real=0.18 secs] 
9879.971: [GC 9879.972: [ParNew: 349690K->32078K(353920K), 0.2339928 secs] 2212347K->1906326K(3106432K) icms_dc=100 , 0.2356144 secs] [Times: user=1.86 sys=0.37, real=0.24 secs] 
9881.075: [GC 9881.076: [ParNew: 346702K->26986K(353920K), 0.0878767 secs] 2220950K->1911496K(3106432K) icms_dc=100 , 0.0895557 secs] [Times: user=1.07 sys=0.02, real=0.09 secs] 
9882.092: [GC 9882.093: [ParNew: 341610K->39296K(353920K), 0.1131920 secs] 2226120K->1926087K(3106432K) icms_dc=100 , 0.1148035 secs] [Times: user=0.95 sys=0.03, real=0.12 secs] 
9883.160: [GC 9883.161: [ParNew: 353920K->33683K(353920K), 0.1151364 secs] 2240711K->1937512K(3106432K) icms_dc=100 , 0.1167652 secs] [Times: user=1.30 sys=0.05, real=0.12 secs] 
9884.182: [GC 9884.183: [ParNew: 348523K->34085K(353920K), 0.0875310 secs] 2252352K->1947218K(3106432K) icms_dc=100 , 0.0891137 secs] [Times: user=1.11 sys=0.04, real=0.09 secs] 
9884.302: [GC 9884.303: [ParNew: 34973K->17874K(353920K), 0.0838416 secs] 1948106K->1954716K(3106432K) icms_dc=100 , 0.0850432 secs] [Times: user=0.90 sys=0.03, real=0.09 secs] 
9884.695: [CMS-concurrent-mark: 15.374/24.392 secs] [Times: user=554.89 sys=18.20, real=24.39 secs] 
9884.697: [CMS-concurrent-preclean-start]
9885.263: [GC 9885.264: [ParNew: 332498K->27860K(353920K), 0.1009383 secs] 2269340K->1964702K(3106432K) icms_dc=100 , 0.1025423 secs] [Times: user=1.15 sys=0.13, real=0.10 secs] 
9886.133: [GC 9886.134: [ParNew: 342484K->27143K(353920K), 0.0974253 secs] 2279326K->1978680K(3106432K) icms_dc=100 , 0.0989672 secs] [Times: user=1.12 sys=0.02, real=0.10 secs] 
9887.067: [GC 9887.069: [ParNew: 341767K->38920K(353920K), 0.0844179 secs] 2293304K->1990456K(3106432K) icms_dc=100 , 0.0859867 secs] [Times: user=0.97 sys=0.01, real=0.09 secs] 
9888.009: [GC 9888.010: [ParNew: 353917K->31337K(353920K), 0.0968888 secs] 2305501K->2000622K(3106432K) icms_dc=100 , 0.0984618 secs] [Times: user=1.18 sys=0.03, real=0.10 secs] 
9888.137: [GC 9888.138: [ParNew: 31402K->24137K(353920K), 0.0502828 secs] 2000688K->1993422K(3106432K) icms_dc=100 , 0.0514500 secs] [Times: user=0.75 sys=0.03, real=0.05 secs] 
9889.001: [GC 9889.002: [ParNew: 338761K->34112K(353920K), 0.1097244 secs] 2308046K->2003397K(3106432K) icms_dc=100 , 0.1113284 secs] [Times: user=0.96 sys=0.02, real=0.11 secs] 
9889.985: [GC 9889.986: [ParNew: 348754K->39296K(353920K), 0.1614659 secs] 2318039K->2017097K(3106432K) icms_dc=100 , 0.1630219 secs] [Times: user=1.41 sys=0.11, real=0.16 secs] 
9890.947: [GC 9890.948: [ParNew: 353920K->39296K(353920K), 0.1007710 secs] 2331721K->2027529K(3106432K) icms_dc=100 , 0.1023281 secs] [Times: user=1.11 sys=0.03, real=0.10 secs] 
9891.952: [GC 9891.953: [ParNew: 353920K->28902K(353920K), 0.0949000 secs] 2342157K->2033047K(3106432K) icms_dc=100 , 0.0964909 secs] [Times: user=1.13 sys=0.04, real=0.10 secs] 
9892.078: [GC 9892.079: [ParNew: 29109K->23595K(353920K), 0.0490291 secs] 2033254K->2027740K(3106432K) icms_dc=100 , 0.0502074 secs] [Times: user=0.73 sys=0.03, real=0.05 secs] 
9893.022: [GC 9893.023: [ParNew: 338401K->31876K(353920K), 0.0585401 secs] 2342546K->2036021K(3106432K) icms_dc=100 , 0.0601352 secs] [Times: user=0.87 sys=0.02, real=0.06 secs] 
9893.112: [GC 9893.113: [ParNew: 32175K->29539K(353920K), 0.0613746 secs] 2036320K->2041849K(3106432K) icms_dc=100 , 0.0625699 secs] [Times: user=0.88 sys=0.02, real=0.06 secs] 
9894.328: [GC 9894.330: [ParNew: 344163K->38447K(353920K), 0.0646355 secs] 2356473K->2050757K(3106432K) icms_dc=100 , 0.0662327 secs] [Times: user=0.90 sys=0.02, real=0.07 secs] 
9895.207: [GC 9895.208: [ParNew: 353071K->39296K(353920K), 0.0897178 secs] 2365381K->2059987K(3106432K) icms_dc=100 , 0.0913263 secs] [Times: user=1.08 sys=0.03, real=0.09 secs] 
9896.076: [CMS-concurrent-preclean: 8.373/11.380 secs] [Times: user=277.47 sys=9.77, real=11.38 secs] 
9896.079: [CMS-concurrent-abortable-preclean-start]
9896.125: [GC 9896.126: [ParNew: 353920K->39296K(353920K), 0.1408451 secs] 2374611K->2069459K(3106432K) icms_dc=100 , 0.1424127 secs] [Times: user=1.31 sys=0.09, real=0.14 secs] 
9897.423: [CMS-concurrent-abortable-preclean: 0.720/1.345 secs] [Times: user=24.87 sys=0.93, real=1.35 secs] 
9897.456: [GC 9897.457: [ParNew: 353920K->39295K(353920K), 0.1121342 secs] 2384119K->2077811K(3106432K) icms_dc=100 , 0.1137440 secs] [Times: user=1.20 sys=0.02, real=0.11 secs] 
9897.600: [GC[YG occupancy: 39398 K (353920 K)]9897.601: [Rescan (parallel) , 0.1602747 secs]9897.761: [weak refs processing, 0.0005243 secs] [1 CMS-remark: 2038515K(2752512K)] 2077914K(3106432K), 0.1612948 secs] [Times: user=1.64 sys=0.08, real=0.16 secs] 
9897.763: [CMS-concurrent-sweep-start]
9898.479: [GC 9898.480: [ParNew: 353919K->39031K(353920K), 0.1038716 secs] 2392434K->2084928K(3106432K) icms_dc=100 , 0.1054435 secs] [Times: user=1.16 sys=0.03, real=0.11 secs] 
9899.327: [GC 9899.328: [ParNew: 353655K->39296K(353920K), 0.0961538 secs] 2399552K->2093601K(3106432K) icms_dc=100 , 0.0977033 secs] [Times: user=1.08 sys=0.02, real=0.10 secs] 
9900.269: [GC 9900.270: [ParNew: 353920K->39296K(353920K), 0.1215235 secs] 2408229K->2102543K(3106432K) icms_dc=100 , 0.1231055 secs] [Times: user=1.27 sys=0.08, real=0.12 secs] 
9901.209: [GC 9901.210: [ParNew: 353920K->39296K(353920K), 0.0729555 secs] 2417094K->2110563K(3106432K) icms_dc=100 , 0.0745355 secs] [Times: user=1.08 sys=0.01, real=0.08 secs] 
9901.314: [GC 9901.314: [ParNew: 39474K->29436K(353920K), 0.0717889 secs] 2110742K->2112524K(3106432K) icms_dc=100 , 0.0730022 secs] [Times: user=0.93 sys=0.02, real=0.07 secs] 
9902.224: [GC 9902.225: [ParNew: 344060K->34046K(353920K), 0.0655724 secs] 2427116K->2117103K(3106432K) icms_dc=100 , 0.0671494 secs] [Times: user=0.96 sys=0.02, real=0.07 secs] 
9903.120: [GC 9903.121: [ParNew: 348670K->33271K(353920K), 0.1177693 secs] 2431377K->2131727K(3106432K) icms_dc=100 , 0.1193628 secs] [Times: user=1.26 sys=0.03, real=0.12 secs] 
9903.985: [GC 9903.986: [ParNew: 347895K->29493K(353920K), 0.1270276 secs] 2446349K->2137085K(3106432K) icms_dc=100 , 0.1286654 secs] [Times: user=1.08 sys=0.02, real=0.13 secs] 
9904.940: [GC 9904.941: [ParNew: 344117K->30599K(353920K), 0.0720217 secs] 2451708K->2147887K(3106432K) icms_dc=100 , 0.0735679 secs] [Times: user=0.99 sys=0.01, real=0.07 secs] 
9905.931: [GC 9905.932: [ParNew: 345594K->33862K(353920K), 0.1255334 secs] 2462876K->2160524K(3106432K) icms_dc=100 , 0.1271646 secs] [Times: user=1.39 sys=0.14, real=0.13 secs] 
9906.095: [GC 9906.096: [ParNew: 36861K->20249K(353920K), 0.0933253 secs] 2163523K->2169834K(3106432K) icms_dc=100 , 0.0945540 secs] [Times: user=1.01 sys=0.06, real=0.10 secs] 
9907.029: [GC 9907.031: [ParNew: 334873K->23369K(353920K), 0.1233791 secs] 2484457K->2172953K(3106432K) icms_dc=100 , 0.1249311 secs] [Times: user=1.18 sys=0.15, real=0.13 secs] 
9907.983: [GC 9907.984: [ParNew: 337993K->26683K(353920K), 0.1016130 secs] 2487570K->2188558K(3106432K) icms_dc=100 , 0.1031998 secs] [Times: user=1.15 sys=0.02, real=0.10 secs] 
9908.881: [GC 9908.882: [ParNew: 341307K->25543K(353920K), 0.1376433 secs] 2503180K->2198116K(3106432K) icms_dc=100 , 0.1392262 secs] [Times: user=1.40 sys=0.17, real=0.14 secs] 
9909.834: [GC 9909.835: [ParNew: 340167K->34858K(353920K), 0.0724198 secs] 2512702K->2207393K(3106432K) icms_dc=100 , 0.0740053 secs] [Times: user=0.94 sys=0.01, real=0.07 secs] 
9911.040: [GC 9911.041: [ParNew: 349482K->37774K(353920K), 0.1106733 secs] 2521998K->2218567K(3106432K) icms_dc=100 , 0.1122493 secs] [Times: user=1.34 sys=0.09, real=0.11 secs] 
9911.998: [GC 9911.999: [ParNew: 352398K->39296K(353920K), 0.1334190 secs] 2532986K->2229123K(3106432K) icms_dc=100 , 0.1350858 secs] [Times: user=1.37 sys=0.11, real=0.14 secs] 
9912.854: [GC 9912.855: [ParNew: 353920K->39296K(353920K), 0.1268219 secs] 2542613K->2235542K(3106432K) icms_dc=100 , 0.1284989 secs] [Times: user=1.43 sys=0.12, real=0.13 secs] 
9913.849: [GC 9913.850: [ParNew: 353920K->39296K(353920K), 0.0874166 secs] 2549935K->2243785K(3106432K) icms_dc=100 , 0.0889833 secs] [Times: user=1.14 sys=0.02, real=0.09 secs] 
9914.789: [GC 9914.790: [ParNew: 353920K->39296K(353920K), 0.1533486 secs] 2547740K->2243520K(3106432K) icms_dc=100 , 0.1549647 secs] [Times: user=1.32 sys=0.12, real=0.16 secs] 
9914.982: [GC 9914.983: [ParNew: 44352K->30844K(353920K), 0.0971819 secs] 2248542K->2243292K(3106432K) icms_dc=100 , 0.0984185 secs] [Times: user=0.97 sys=0.02, real=0.10 secs] 
9915.455: [CMS-concurrent-sweep: 13.760/17.692 secs] [Times: user=432.26 sys=15.49, real=17.69 secs] 
9915.457: [CMS-concurrent-reset-start]
9915.485: [CMS-concurrent-reset: 0.028/0.028 secs] [Times: user=0.84 sys=0.04, real=0.03 secs] 
9915.883: [GC 9915.884: [ParNew: 345468K->37918K(353920K), 0.0651032 secs] 2540576K->2233026K(3106432K) icms_dc=75 , 0.0667004 secs] [Times: user=0.97 sys=0.02, real=0.07 secs] 
9916.070: [GC [1 CMS-initial-mark: 2195108K(2752512K)] 2272500K(3106432K), 0.5234545 secs] [Times: user=0.53 sys=0.01, real=0.52 secs] 
9916.595: [CMS-concurrent-mark-start]
9917.359: [GC 9917.360: [ParNew: 352542K->31884K(353920K), 0.1594020 secs] 2547650K->2244930K(3106432K) icms_dc=87 , 0.1610034 secs] [Times: user=1.40 sys=0.01, real=0.16 secs] 
9918.274: [GC 9918.276: [ParNew: 346508K->31682K(353920K), 0.1081365 secs] 2559554K->2244727K(3106432K) icms_dc=87 , 0.1097104 secs] [Times: user=1.22 sys=0.12, real=0.11 secs] 
9919.249: [GC 9919.250: [ParNew: 346306K->39161K(353920K), 0.0840279 secs] 2559351K->2260352K(3106432K) icms_dc=87 , 0.0856023 secs] [Times: user=1.13 sys=0.02, real=0.09 secs] 
9920.149: [GC 9920.150: [ParNew: 353785K->27915K(353920K), 0.1402405 secs] 2574976K->2264934K(3106432K) icms_dc=91 , 0.1417744 secs] [Times: user=1.46 sys=0.16, real=0.14 secs] 
9921.214: [GC 9921.215: [ParNew: 342638K->35526K(353920K), 0.1157176 secs] 2579658K->2272546K(3106432K) icms_dc=91 , 0.1327605 secs] [Times: user=1.24 sys=0.12, real=0.13 secs] 
9921.376: [GC 9921.377: [ParNew: 36009K->27639K(353920K), 0.0628910 secs] 2273029K->2273562K(3106432K) icms_dc=91 , 0.0640937 secs] [Times: user=0.91 sys=0.02, real=0.06 secs] 
9922.271: [GC 9922.272: [ParNew: 342263K->34196K(353920K), 0.1017298 secs] 2588186K->2280118K(3106432K) icms_dc=91 , 0.1032749 secs] [Times: user=1.02 sys=0.07, real=0.10 secs] 
9923.232: [GC 9923.233: [ParNew: 348820K->39296K(353920K), 0.0980623 secs] 2594742K->2293175K(3106432K) icms_dc=91 , 0.0996174 secs] [Times: user=1.32 sys=0.06, real=0.10 secs] 
9924.354: [GC 9924.355: [ParNew: 353920K->39296K(353920K), 0.1391888 secs] 2607799K->2303643K(3106432K) icms_dc=91 , 0.1408004 secs] [Times: user=1.20 sys=0.02, real=0.14 secs] 
9925.423: [GC 9925.424: [ParNew: 353920K->39296K(353920K), 0.1058291 secs] 2618267K->2315658K(3106432K) icms_dc=91 , 0.1074215 secs] [Times: user=1.19 sys=0.03, real=0.11 secs] 
9926.301: [GC 9926.302: [ParNew: 353920K->33377K(353920K), 0.1026828 secs] 2630282K->2328168K(3106432K) icms_dc=100 , 0.1042448 secs] [Times: user=1.33 sys=0.03, real=0.10 secs] 
9927.254: [GC 9927.255: [ParNew: 348420K->38966K(353920K), 0.0735170 secs] 2643211K->2333757K(3106432K) icms_dc=100 , 0.0750853 secs] [Times: user=1.10 sys=0.04, real=0.08 secs] 
9927.367: [GC 9927.368: [ParNew: 43236K->23735K(353920K), 0.0973252 secs] 2338026K->2348811K(3106432K) icms_dc=100 , 0.0985560 secs] [Times: user=1.16 sys=0.05, real=0.10 secs] 
9928.349: [GC 9928.350: [ParNew: 338359K->27882K(353920K), 0.0832098 secs] 2663435K->2352957K(3106432K) icms_dc=100 , 0.0847509 secs] [Times: user=1.01 sys=0.03, real=0.09 secs] 
9929.281: [GC 9929.282: [ParNew: 342506K->31461K(353920K), 0.1419379 secs] 2667581K->2367785K(3106432K) icms_dc=100 , 0.1435135 secs] [Times: user=1.55 sys=0.14, real=0.14 secs] 
9930.310: [GC 9930.312: [ParNew: 346784K->27431K(353920K), 0.1209501 secs] 2683107K->2374447K(3106432K) icms_dc=100 , 0.1225080 secs] [Times: user=1.31 sys=0.12, real=0.12 secs] 
9930.463: [GC 9930.463: [ParNew: 27827K->9844K(353920K), 0.1117160 secs] 2374842K->2377480K(3106432K) icms_dc=100 , 0.1129259 secs] [Times: user=1.09 sys=0.12, real=0.11 secs] 
9931.408: [GC 9931.409: [ParNew: 324468K->24285K(353920K), 0.1014863 secs] 2692104K->2391920K(3106432K) icms_dc=100 , 0.1030659 secs] [Times: user=1.07 sys=0.06, real=0.10 secs] 
9932.235: [GC 9932.236: [ParNew: 338909K->24415K(353920K), 0.2349783 secs] 2706544K->2404467K(3106432K) icms_dc=100 , 0.2365448 secs] [Times: user=2.10 sys=0.36, real=0.24 secs] 
9933.305: [GC 9933.306: [ParNew: 339039K->30651K(353920K), 0.0890049 secs] 2719091K->2420235K(3106432K) icms_dc=100 , 0.0906305 secs] [Times: user=1.06 sys=0.03, real=0.09 secs] 
9934.307: [GC 9934.308: [ParNew: 345275K->29540K(353920K), 0.1514750 secs] 2734859K->2429474K(3106432K) icms_dc=100 , 0.1531970 secs] [Times: user=1.47 sys=0.11, real=0.15 secs] 
9935.251: [GC 9935.252: [ParNew: 344164K->34772K(353920K), 0.0860159 secs] 2744098K->2434706K(3106432K) icms_dc=100 , 0.0875793 secs] [Times: user=1.13 sys=0.04, real=0.09 secs] 
9936.246: [GC 9936.247: [ParNew: 349396K->29818K(353920K), 0.1118309 secs] 2749330K->2448651K(3106432K) icms_dc=100 , 0.1134183 secs] [Times: user=1.19 sys=0.03, real=0.11 secs] 
9936.690: [CMS-concurrent-mark: 15.090/20.094 secs] [Times: user=503.02 sys=17.17, real=20.10 secs] 
9936.691: [CMS-concurrent-preclean-start]
9937.190: [GC 9937.192: [ParNew: 344442K->32264K(353920K), 0.1151553 secs] 2763275K->2461431K(3106432K) icms_dc=100 , 0.1167381 secs] [Times: user=1.33 sys=0.10, real=0.12 secs] 
9938.251: [GC 9938.253: [ParNew: 346888K->27781K(353920K), 0.0829942 secs] 2776055K->2468686K(3106432K) icms_dc=100 , 0.0846445 secs] [Times: user=1.07 sys=0.01, real=0.09 secs] 
9939.155: [GC 9939.157: [ParNew: 342417K->39296K(353920K), 0.1300418 secs] 2783322K->2480490K(3106432K) icms_dc=100 , 0.1316335 secs] [Times: user=1.09 sys=0.07, real=0.13 secs] 
9940.172: [GC 9940.173: [ParNew: 353746K->27501K(353920K), 0.0923196 secs] 2794940K->2485711K(3106432K) icms_dc=100 , 0.0939249 secs] [Times: user=1.24 sys=0.04, real=0.09 secs] 
9941.171: [GC 9941.172: [ParNew: 342125K->37820K(353920K), 0.0847265 secs] 2800335K->2496030K(3106432K) icms_dc=100 , 0.0863133 secs] [Times: user=1.01 sys=0.02, real=0.09 secs] 
9942.087: [GC 9942.089: [ParNew: 352687K->36938K(353920K), 0.1420272 secs] 2810897K->2504060K(3106432K) icms_dc=100 , 0.1435976 secs] [Times: user=1.51 sys=0.15, real=0.14 secs] 
9942.262: [GC 9942.262: [ParNew: 37735K->25961K(353920K), 0.0663860 secs] 2504857K->2502173K(3106432K) icms_dc=100 , 0.0675975 secs] [Times: user=0.94 sys=0.03, real=0.07 secs] 
9943.616: [GC 9943.617: [ParNew: 341218K->34196K(353920K), 0.0798327 secs] 2817431K->2510409K(3106432K) icms_dc=100 , 0.0814070 secs] [Times: user=0.96 sys=0.01, real=0.08 secs] 
9943.728: [GC 9943.729: [ParNew: 34914K->21755K(353920K), 0.1052755 secs] 2511127K->2526326K(3106432K) icms_dc=100 , 0.1064845 secs] [Times: user=1.09 sys=0.04, real=0.11 secs] 
9944.577: [GC 9944.578: [ParNew: 336760K->27592K(353920K), 0.0610828 secs] 2841331K->2532163K(3106432K) icms_dc=100 , 0.0626680 secs] [Times: user=0.91 sys=0.02, real=0.06 secs] 
9944.670: [GC 9944.671: [ParNew: 27992K->9935K(353920K), 0.0860265 secs] 2532563K->2538749K(3106432K) icms_dc=100 , 0.0872475 secs] [Times: user=1.01 sys=0.03, real=0.09 secs] 
9945.661: [GC 9945.662: [ParNew: 324559K->22457K(353920K), 0.1055649 secs] 2853373K->2551270K(3106432K) icms_dc=100 , 0.1071654 secs] [Times: user=1.05 sys=0.07, real=0.11 secs] 
9945.880: [CMS-concurrent-preclean: 6.502/9.189 secs] [Times: user=214.12 sys=7.68, real=9.19 secs] 
9945.882: [CMS-concurrent-abortable-preclean-start]
9946.610: [GC 9946.612: [ParNew: 337081K->21844K(353920K), 0.1412804 secs] 2865894K->2563550K(3106432K) icms_dc=100 , 0.1428525 secs] [Times: user=1.42 sys=0.08, real=0.14 secs] 
9947.449: [GC 9947.450: [ParNew: 336468K->35297K(353920K), 0.1364904 secs] 2878174K->2577003K(3106432K) icms_dc=100 , 0.1380366 secs] [Times: user=1.51 sys=0.11, real=0.14 secs] 
9948.305: [GC 9948.306: [ParNew: 349921K->35197K(353920K), 0.1284268 secs] 2891627K->2584272K(3106432K) icms_dc=100 , 0.1299801 secs] [Times: user=1.16 sys=0.02, real=0.13 secs] 
9949.182: [CMS-concurrent-abortable-preclean: 2.556/3.300 secs] [Times: user=79.81 sys=2.57, real=3.30 secs] 
9949.235: [GC[YG occupancy: 272223 K (353920 K)]9949.236: [Rescan (parallel) , 0.2512741 secs]9949.487: [weak refs processing, 0.0305430 secs] [1 CMS-remark: 2549074K(2752512K)] 2821298K(3106432K), 0.2871248 secs] [Times: user=3.67 sys=0.10, real=0.29 secs] 
9949.524: [CMS-concurrent-sweep-start]
9949.785: [GC 9949.787: [ParNew: 349821K->39296K(353920K), 0.1043706 secs] 2898874K->2596521K(3106432K) icms_dc=100 , 0.1059892 secs] [Times: user=1.16 sys=0.02, real=0.11 secs] 
9950.816: [GC 9950.817: [ParNew: 353920K->28783K(353920K), 0.1104181 secs] 2910897K->2603265K(3106432K) icms_dc=100 , 0.1120685 secs] [Times: user=1.35 sys=0.04, real=0.11 secs] 
9951.803: [GC 9951.805: [ParNew: 343407K->38765K(353920K), 0.0738464 secs] 2916699K->2612057K(3106432K) icms_dc=100 , 0.0754382 secs] [Times: user=1.07 sys=0.04, real=0.08 secs] 
9952.677: [GC 9952.678: [ParNew: 353351K->39296K(353920K), 0.1320977 secs] 2926155K->2621218K(3106432K) icms_dc=100 , 0.1336901 secs] [Times: user=1.42 sys=0.07, real=0.13 secs] 
9953.654: [GC 9953.655: [ParNew: 353920K->37902K(353920K), 0.0845041 secs] 2931895K->2625085K(3106432K) icms_dc=100 , 0.0860605 secs] [Times: user=1.21 sys=0.02, real=0.09 secs] 
9953.776: [GC 9953.776: [ParNew: 38958K->30599K(353920K), 0.0670242 secs] 2626139K->2625986K(3106432K) icms_dc=100 , 0.0682493 secs] [Times: user=0.97 sys=0.02, real=0.07 secs] 
9954.551: [GC 9954.552: [ParNew: 345223K->34444K(353920K), 0.0818221 secs] 2939880K->2629102K(3106432K) icms_dc=100 , 0.0834078 secs] [Times: user=1.06 sys=0.04, real=0.08 secs] 
9955.388: [GC 9955.389: [ParNew: 349291K->39296K(353920K), 0.1598457 secs] 2943235K->2642248K(3106432K) icms_dc=100 , 0.1613978 secs] [Times: user=1.45 sys=0.10, real=0.16 secs] 
9955.580: [GC 9955.580: [ParNew: 39844K->23318K(353920K), 0.1609735 secs] 2642786K->2655157K(3106432K) icms_dc=100 , 0.3535830 secs] [Times: user=1.29 sys=0.14, real=0.35 secs] 
9956.754: [GC 9956.755: [ParNew: 338039K->22039K(353920K), 0.1754484 secs] 2967607K->2651607K(3106432K) icms_dc=100 , 0.1771181 secs] [Times: user=1.54 sys=0.29, real=0.18 secs] 
9956.962: [GC 9956.962: [ParNew: 22650K->24490K(353920K), 0.0775339 secs] 2652218K->2654059K(3106432K) icms_dc=100 , 0.0787413 secs] [Times: user=0.98 sys=0.08, real=0.08 secs] 
9957.824: [GC 9957.826: [ParNew: 339114K->38213K(353920K), 0.0812932 secs] 2968534K->2667633K(3106432K) icms_dc=100 , 0.0831165 secs] [Times: user=1.08 sys=0.03, real=0.08 secs] 
9958.727: [GC 9958.728: [ParNew: 352935K->29460K(353920K), 0.1370590 secs] 2982264K->2677228K(3106432K) icms_dc=100 , 0.1386204 secs] [Times: user=1.43 sys=0.08, real=0.14 secs] 
9958.896: [GC 9958.897: [ParNew: 30134K->26742K(353920K), 0.0700846 secs] 2677903K->2674511K(3106432K) icms_dc=100 , 0.0713128 secs] [Times: user=0.79 sys=0.04, real=0.07 secs] 
9959.852: [GC 9959.853: [ParNew: 341366K->39296K(353920K), 0.2272643 secs] 2989056K->2688413K(3106432K) icms_dc=100 , 0.2288316 secs] [Times: user=1.70 sys=0.32, real=0.23 secs] 
9961.181: [GC 9961.182: [ParNew: 353920K->30283K(353920K), 0.2631380 secs] 3003241K->2696371K(3106432K) icms_dc=100 , 0.2647158 secs] [Times: user=2.02 sys=0.38, real=0.27 secs] 
9961.476: [GC 9961.476: [ParNew: 30540K->25796K(353920K), 0.1521529 secs] 2696628K->2691883K(3106432K) icms_dc=100 , 0.1533083 secs] [Times: user=1.24 sys=0.22, real=0.15 secs] 
9962.386: [GC 9962.387: [ParNew: 340420K->31954K(353920K), 0.0748961 secs] 3006448K->2697982K(3106432K) icms_dc=100 , 0.0766017 secs] [Times: user=1.05 sys=0.02, real=0.08 secs] 
9963.318: [GC 9963.320: [ParNew: 346664K->39296K(353920K), 0.0808427 secs] 3012539K->2713923K(3106432K) icms_dc=100 , 0.0824044 secs] [Times: user=1.10 sys=0.02, real=0.08 secs] 
9963.433: [GC 9963.434: [ParNew: 39965K->26717K(353920K), 0.1352215 secs] 2714563K->2732497K(3106432K) icms_dc=100 , 0.1364339 secs] [Times: user=1.34 sys=0.15, real=0.14 secs] 
9964.459: [GC 9964.460: [ParNew: 341078K->21116K(353920K), 0.1334831 secs] 3045845K->2725882K(3106432K) icms_dc=100 , 0.1350853 secs] [Times: user=1.33 sys=0.20, real=0.14 secs] 
9965.656: [GC 9965.657: [ParNew: 336214K->36947K(353920K), 0.1152078 secs] 3033811K->2734543K(3106432K) icms_dc=100 , 0.1168756 secs] [Times: user=1.21 sys=0.06, real=0.12 secs] 
9966.665: [GC 9966.666: [ParNew (promotion failed): 351571K->344257K(353920K), 0.9603926 secs] 3047966K->3054077K(3106432K) icms_dc=100 , 0.9619801 secs] [Times: user=2.15 sys=0.37, real=0.96 secs] 
9967.628: [Full GC 9967.629: [CMS9970.255: [CMS-concurrent-sweep: 14.372/20.731 secs] [Times: user=397.24 sys=15.33, real=20.73 secs] 
 (concurrent mode failure): 2709820K->1642120K(2752512K), 42.1732760 secs] 3054077K->1642120K(3106432K), [CMS Perm : 206438K->204904K(402264K)] icms_dc=100 , 42.1745776 secs] [Times: user=42.21 sys=0.02, real=42.18 secs] 
10009.915: [GC [1 CMS-initial-mark: 1642120K(2752512K)] 1642136K(3106432K), 0.2730885 secs] [Times: user=0.28 sys=0.00, real=0.27 secs] 
10010.189: [CMS-concurrent-mark-start]
10012.306: [GC 10012.308: [ParNew: 314650K->29103K(353920K), 0.0849162 secs] 1956771K->1671224K(3106432K) icms_dc=100 , 0.0866283 secs] [Times: user=0.99 sys=0.02, real=0.09 secs] 
10012.499: [GC 10012.500: [ParNew: 29498K->10937K(353920K), 0.1345449 secs] 1671619K->1678294K(3106432K) icms_dc=100 , 0.1357387 secs] [Times: user=1.05 sys=0.05, real=0.14 secs] 
10013.655: [GC 10013.656: [ParNew: 325561K->25605K(353920K), 0.0787298 secs] 1992918K->1692962K(3106432K) icms_dc=100 , 0.0803317 secs] [Times: user=0.89 sys=0.03, real=0.08 secs] 
10014.956: [GC 10014.957: [ParNew: 340229K->22790K(353920K), 0.1087689 secs] 2007586K->1703239K(3106432K) icms_dc=100 , 0.1104321 secs] [Times: user=1.17 sys=0.04, real=0.11 secs] 
10015.967: [GC 10015.968: [ParNew: 337492K->33678K(353920K), 0.1528585 secs] 2017941K->1714127K(3106432K) icms_dc=100 , 0.1544203 secs] [Times: user=1.28 sys=0.03, real=0.16 secs] 
10016.153: [GC 10016.154: [ParNew: 35976K->27715K(353920K), 0.0902071 secs] 1716425K->1716671K(3106432K) icms_dc=100 , 0.0914121 secs] [Times: user=1.14 sys=0.06, real=0.09 secs] 
10017.414: [GC 10017.415: [ParNew: 342339K->38240K(353920K), 0.1598619 secs] 2031295K->1727197K(3106432K) icms_dc=100 , 0.1614865 secs] [Times: user=1.45 sys=0.14, real=0.16 secs] 
10018.535: [GC 10018.536: [ParNew: 352864K->39296K(353920K), 0.1498283 secs] 2041821K->1737856K(3106432K) icms_dc=100 , 0.1514271 secs] [Times: user=1.16 sys=0.02, real=0.15 secs] 
10019.461: [GC 10019.462: [ParNew: 353920K->39296K(353920K), 0.1244570 secs] 2052480K->1747216K(3106432K) icms_dc=100 , 0.1260031 secs] [Times: user=1.28 sys=0.02, real=0.13 secs] 
10020.428: [GC 10020.429: [ParNew: 353920K->31930K(353920K), 0.0989489 secs] 2061857K->1758397K(3106432K) icms_dc=100 , 0.1005157 secs] [Times: user=1.21 sys=0.02, real=0.10 secs] 
10020.562: [GC 10020.563: [ParNew: 32441K->16900K(353920K), 0.0772997 secs] 1758908K->1763721K(3106432K) icms_dc=100 , 0.0785065 secs] [Times: user=0.93 sys=0.03, real=0.08 secs] 
10021.552: [GC 10021.553: [ParNew: 331524K->28932K(353920K), 0.0703761 secs] 2078345K->1775753K(3106432K) icms_dc=100 , 0.0720034 secs] [Times: user=0.92 sys=0.02, real=0.07 secs] 
10022.457: [GC 10022.458: [ParNew: 343722K->32438K(353920K), 0.0860236 secs] 2090543K->1793449K(3106432K) icms_dc=100 , 0.0876210 secs] [Times: user=1.17 sys=0.03, real=0.09 secs] 
10023.362: [GC 10023.363: [ParNew: 347095K->38407K(353920K), 0.1557436 secs] 2108106K->1811048K(3106432K) icms_dc=100 , 0.1573874 secs] [Times: user=1.45 sys=0.11, real=0.16 secs] 
10023.552: [GC 10023.552: [ParNew: 39139K->18321K(353920K), 0.1584193 secs] 1811780K->1818710K(3106432K) icms_dc=100 , 0.1596609 secs] [Times: user=1.47 sys=0.26, real=0.16 secs] 
10024.915: [GC 10024.916: [ParNew: 332945K->23042K(353920K), 0.1086220 secs] 2133334K->1823432K(3106432K) icms_dc=100 , 0.1101668 secs] [Times: user=1.18 sys=0.15, real=0.11 secs] 
10026.007: [GC 10026.008: [ParNew: 337979K->25414K(353920K), 0.1475676 secs] 2138369K->1838820K(3106432K) icms_dc=100 , 0.1491944 secs] [Times: user=1.17 sys=0.02, real=0.15 secs] 
10026.187: [GC 10026.188: [ParNew: 26085K->24123K(353920K), 0.0803085 secs] 1839492K->1837529K(3106432K) icms_dc=100 , 0.0815329 secs] [Times: user=0.77 sys=0.03, real=0.08 secs] 
10027.393: [GC 10027.394: [ParNew: 338747K->33618K(353920K), 0.1551623 secs] 2152153K->1847025K(3106432K) icms_dc=100 , 0.1568458 secs] [Times: user=1.51 sys=0.23, real=0.16 secs] 
10028.399: [GC 10028.400: [ParNew: 348242K->38811K(353920K), 0.1039071 secs] 2161649K->1860294K(3106432K) icms_dc=100 , 0.1054437 secs] [Times: user=1.21 sys=0.03, real=0.11 secs] 
10029.370: [GC 10029.371: [ParNew: 353435K->39296K(353920K), 0.0887740 secs] 2174918K->1869223K(3106432K) icms_dc=100 , 0.0904827 secs] [Times: user=1.10 sys=0.02, real=0.09 secs] 
10030.260: [GC 10030.261: [ParNew: 353920K->29608K(353920K), 0.1250265 secs] 2183847K->1878375K(3106432K) icms_dc=100 , 0.1267260 secs] [Times: user=1.46 sys=0.09, real=0.13 secs] 
10031.198: [GC 10031.199: [ParNew: 344232K->39296K(353920K), 0.0920391 secs] 2192999K->1889403K(3106432K) icms_dc=100 , 0.0936417 secs] [Times: user=1.02 sys=0.01, real=0.09 secs] 
10032.206: [GC 10032.208: [ParNew: 353920K->32191K(353920K), 0.1602949 secs] 2204027K->1900320K(3106432K) icms_dc=100 , 0.1618978 secs] [Times: user=1.68 sys=0.21, real=0.16 secs] 
10033.335: [GC 10033.336: [ParNew: 346815K->36494K(353920K), 0.1084174 secs] 2214944K->1904622K(3106432K) icms_dc=100 , 0.1100385 secs] [Times: user=1.22 sys=0.12, real=0.11 secs] 
10034.240: [GC 10034.241: [ParNew: 351059K->28906K(353920K), 0.0855381 secs] 2219187K->1914876K(3106432K) icms_dc=100 , 0.0871272 secs] [Times: user=1.20 sys=0.03, real=0.09 secs] 
10035.245: [GC 10035.246: [ParNew: 343708K->30705K(353920K), 0.1097959 secs] 2229679K->1926304K(3106432K) icms_dc=100 , 0.1114345 secs] [Times: user=0.98 sys=0.01, real=0.11 secs] 
10035.388: [GC 10035.388: [ParNew: 31548K->18374K(353920K), 0.0898032 secs] 1927147K->1933831K(3106432K) icms_dc=100 , 0.0910098 secs] [Times: user=0.90 sys=0.02, real=0.11 secs] 
10036.449: [GC 10036.450: [ParNew: 333130K->24918K(353920K), 0.0772842 secs] 2248586K->1940374K(3106432K) icms_dc=100 , 0.0789156 secs] [Times: user=0.99 sys=0.05, real=0.08 secs] 
10036.531: [CMS-concurrent-mark: 16.128/26.342 secs] [Times: user=579.73 sys=19.94, real=26.34 secs] 
10036.532: [CMS-concurrent-preclean-start]
10037.528: [GC 10037.529: [ParNew: 339602K->23467K(353920K), 0.0915398 secs] 2255058K->1950841K(3106432K) icms_dc=100 , 0.0931960 secs] [Times: user=1.10 sys=0.02, real=0.09 secs] 
10037.652: [GC 10037.653: [ParNew: 24087K->25403K(353920K), 0.0553586 secs] 1951461K->1952777K(3106432K) icms_dc=100 , 0.0566262 secs] [Times: user=0.79 sys=0.03, real=0.06 secs] 
10038.665: [GC 10038.667: [ParNew: 339912K->37766K(353920K), 0.1260975 secs] 2267286K->1965139K(3106432K) icms_dc=100 , 0.1277873 secs] [Times: user=1.34 sys=0.15, real=0.13 secs] 
10039.578: [GC 10039.579: [ParNew: 352390K->25730K(353920K), 0.1241741 secs] 2279763K->1973637K(3106432K) icms_dc=100 , 0.1257765 secs] [Times: user=1.42 sys=0.08, real=0.13 secs] 
10040.560: [GC 10040.561: [ParNew: 340354K->35141K(353920K), 0.0707169 secs] 2288261K->1983048K(3106432K) icms_dc=100 , 0.0723187 secs] [Times: user=1.05 sys=0.02, real=0.07 secs] 
10041.428: [GC 10041.429: [ParNew: 349765K->28352K(353920K), 0.1710702 secs] 2297672K->1993912K(3106432K) icms_dc=100 , 0.1727027 secs] [Times: user=1.71 sys=0.17, real=0.17 secs] 
10042.366: [GC 10042.367: [ParNew: 342976K->34329K(353920K), 0.0796087 secs] 2308536K->1999888K(3106432K) icms_dc=100 , 0.0813364 secs] [Times: user=0.99 sys=0.03, real=0.08 secs] 
10043.163: [GC 10043.165: [ParNew: 348743K->35482K(353920K), 0.1008521 secs] 2314302K->2009080K(3106432K) icms_dc=100 , 0.1026739 secs] [Times: user=1.16 sys=0.02, real=0.10 secs] 
10044.032: [GC 10044.033: [ParNew: 350502K->39296K(353920K), 0.1728217 secs] 2324100K->2020343K(3106432K) icms_dc=100 , 0.1744921 secs] [Times: user=1.48 sys=0.08, real=0.18 secs] 
10044.237: [GC 10044.237: [ParNew: 39878K->15816K(353920K), 0.1015154 secs] 2020926K->2025311K(3106432K) icms_dc=100 , 0.1027193 secs] [Times: user=1.19 sys=0.07, real=0.10 secs] 
10045.160: [GC 10045.161: [ParNew: 330440K->29145K(353920K), 0.0773003 secs] 2339935K->2038640K(3106432K) icms_dc=100 , 0.0788822 secs] [Times: user=0.89 sys=0.01, real=0.08 secs] 
10046.049: [GC 10046.050: [ParNew: 343769K->22751K(353920K), 0.0995570 secs] 2353264K->2046151K(3106432K) icms_dc=100 , 0.1011223 secs] [Times: user=1.07 sys=0.02, real=0.10 secs] 
10047.006: [GC 10047.007: [ParNew: 337479K->38348K(353920K), 0.2300572 secs] 2360879K->2061748K(3106432K) icms_dc=100 , 0.2316468 secs] [Times: user=1.80 sys=0.43, real=0.23 secs] 
10047.268: [GC 10047.268: [ParNew: 38477K->11701K(353920K), 0.1591073 secs] 2061876K->2065685K(3106432K) icms_dc=100 , 0.1603069 secs] [Times: user=1.46 sys=0.21, real=0.16 secs] 
10048.395: [GC 10048.396: [ParNew: 326325K->26519K(353920K), 0.0710052 secs] 2380309K->2080502K(3106432K) icms_dc=100 , 0.0726134 secs] [Times: user=0.93 sys=0.03, real=0.07 secs] 
10049.368: [GC 10049.369: [ParNew: 341143K->24583K(353920K), 0.1066998 secs] 2395126K->2091775K(3106432K) icms_dc=100 , 0.1084188 secs] [Times: user=1.17 sys=0.03, real=0.11 secs] 
10049.607: [CMS-concurrent-preclean: 9.694/13.075 secs] [Times: user=314.33 sys=12.06, real=13.08 secs] 
10049.609: [CMS-concurrent-abortable-preclean-start]
10050.350: [GC 10050.351: [ParNew: 339207K->35802K(353920K), 0.0837427 secs] 2406399K->2102994K(3106432K) icms_dc=100 , 0.0853395 secs] [Times: user=1.00 sys=0.02, real=0.09 secs] 
10051.322: [GC 10051.323: [ParNew: 351019K->39296K(353920K), 0.1645862 secs] 2418211K->2117555K(3106432K) icms_dc=100 , 0.1662638 secs] [Times: user=1.51 sys=0.17, real=0.17 secs] 
10051.522: [GC 10051.523: [ParNew: 40107K->30551K(353920K), 0.0745228 secs] 2118366K->2118255K(3106432K) icms_dc=100 , 0.0757291 secs] [Times: user=0.98 sys=0.03, real=0.08 secs] 
10051.883: [CMS-concurrent-abortable-preclean: 1.646/2.274 secs] [Times: user=53.10 sys=2.07, real=2.28 secs] 
10051.917: [GC[YG occupancy: 129681 K (353920 K)]10051.917: [Rescan (parallel) , 0.1196062 secs]10052.037: [weak refs processing, 0.0002331 secs] [1 CMS-remark: 2087703K(2752512K)] 2217384K(3106432K), 0.1205034 secs] [Times: user=2.03 sys=0.04, real=0.12 secs] 
10052.039: [CMS-concurrent-sweep-start]
10052.747: [GC 10052.748: [ParNew: 345179K->38751K(353920K), 0.0720024 secs] 2432878K->2126451K(3106432K) icms_dc=100 , 0.0737810 secs] [Times: user=0.93 sys=0.02, real=0.07 secs] 
10053.672: [GC 10053.673: [ParNew: 353375K->39296K(353920K), 0.1090278 secs] 2441065K->2136090K(3106432K) icms_dc=100 , 0.1106924 secs] [Times: user=1.27 sys=0.03, real=0.11 secs] 
10054.676: [GC 10054.677: [ParNew: 353920K->34101K(353920K), 0.2166806 secs] 2451167K->2146468K(3106432K) icms_dc=100 , 0.2183394 secs] [Times: user=1.58 sys=0.18, real=0.22 secs] 
10054.934: [GC 10054.935: [ParNew: 38027K->27747K(353920K), 0.1651501 secs] 2150394K->2140115K(3106432K) icms_dc=100 , 0.1663993 secs] [Times: user=1.16 sys=0.17, real=0.17 secs] 
10055.918: [GC 10055.919: [ParNew: 342371K->38389K(353920K), 0.1354721 secs] 2454722K->2150740K(3106432K) icms_dc=100 , 0.1371268 secs] [Times: user=1.08 sys=0.02, real=0.14 secs] 
10056.813: [GC 10056.815: [ParNew: 353013K->31118K(353920K), 0.1010292 secs] 2465260K->2160729K(3106432K) icms_dc=100 , 0.1026385 secs] [Times: user=1.24 sys=0.03, real=0.10 secs] 
10057.691: [GC 10057.693: [ParNew: 345742K->35977K(353920K), 0.1146840 secs] 2475297K->2165532K(3106432K) icms_dc=100 , 0.1162762 secs] [Times: user=1.13 sys=0.08, real=0.12 secs] 
10058.650: [GC 10058.652: [ParNew: 350601K->36411K(353920K), 0.0998104 secs] 2480082K->2173814K(3106432K) icms_dc=100 , 0.1015675 secs] [Times: user=1.12 sys=0.01, real=0.10 secs] 
10059.769: [GC 10059.770: [ParNew: 351321K->39047K(353920K), 0.1145853 secs] 2488721K->2185735K(3106432K) icms_dc=100 , 0.1162575 secs] [Times: user=1.29 sys=0.05, real=0.12 secs] 
10059.917: [GC 10059.917: [ParNew: 39517K->27738K(353920K), 0.0760591 secs] 2186205K->2184363K(3106432K) icms_dc=100 , 0.0773283 secs] [Times: user=0.99 sys=0.03, real=0.08 secs] 
10060.881: [GC 10060.882: [ParNew: 342362K->33216K(353920K), 0.0649572 secs] 2498986K->2189841K(3106432K) icms_dc=100 , 0.0666033 secs] [Times: user=0.99 sys=0.02, real=0.07 secs] 
10061.912: [GC 10061.914: [ParNew: 347887K->39296K(353920K), 0.1531930 secs] 2504505K->2203579K(3106432K) icms_dc=100 , 0.1547933 secs] [Times: user=1.59 sys=0.15, real=0.16 secs] 
10062.100: [GC 10062.100: [ParNew: 39670K->18806K(353920K), 0.1021954 secs] 2203954K->2212821K(3106432K) icms_dc=100 , 0.1033806 secs] [Times: user=1.13 sys=0.05, real=0.10 secs] 
10063.113: [GC 10063.114: [ParNew: 334294K->28426K(353920K), 0.0697910 secs] 2528287K->2222419K(3106432K) icms_dc=100 , 0.0713701 secs] [Times: user=0.99 sys=0.02, real=0.07 secs] 
10063.215: [GC 10063.215: [ParNew: 28783K->7129K(353920K), 0.0997696 secs] 2222775K->2226574K(3106432K) icms_dc=100 , 0.1010636 secs] [Times: user=1.12 sys=0.06, real=0.10 secs] 
10064.155: [GC 10064.156: [ParNew: 321753K->21286K(353920K), 0.1105522 secs] 2541144K->2240677K(3106432K) icms_dc=100 , 0.1121796 secs] [Times: user=1.03 sys=0.01, real=0.11 secs] 
10065.106: [GC 10065.107: [ParNew: 335910K->36385K(353920K), 0.1195942 secs] 2555261K->2255736K(3106432K) icms_dc=100 , 0.1212602 secs] [Times: user=1.37 sys=0.16, real=0.12 secs] 
10066.035: [GC 10066.036: [ParNew: 351009K->35997K(353920K), 0.1047390 secs] 2569524K->2263976K(3106432K) icms_dc=100 , 0.1063363 secs] [Times: user=1.23 sys=0.02, real=0.11 secs] 
10066.972: [GC 10066.973: [ParNew: 350621K->39296K(353920K), 0.1016016 secs] 2578410K->2277142K(3106432K) icms_dc=100 , 0.1032337 secs] [Times: user=1.21 sys=0.02, real=0.10 secs] 
10067.822: [GC 10067.824: [ParNew: 353920K->39296K(353920K), 0.0818743 secs] 2591599K->2283961K(3106432K) icms_dc=100 , 0.0835467 secs] [Times: user=1.16 sys=0.02, real=0.08 secs] 
10068.633: [GC 10068.634: [ParNew: 353920K->33820K(353920K), 0.1451744 secs] 2593458K->2292894K(3106432K) icms_dc=100 , 0.1467583 secs] [Times: user=1.55 sys=0.08, real=0.15 secs] 
10069.320: [CMS-concurrent-sweep: 13.526/17.282 secs] [Times: user=417.13 sys=15.31, real=17.28 secs] 
10069.332: [CMS-concurrent-reset-start]
10069.421: [CMS-concurrent-reset: 0.089/0.089 secs] [Times: user=2.94 sys=0.11, real=0.09 secs] 
10069.518: [GC 10069.520: [ParNew: 348444K->26799K(353920K), 0.0854325 secs] 2588748K->2275998K(3106432K) icms_dc=75 , 0.0870152 secs] [Times: user=1.12 sys=0.05, real=0.09 secs] 
10069.753: [GC [1 CMS-initial-mark: 2249198K(2752512K)] 2315855K(3106432K), 0.4669236 secs] [Times: user=0.47 sys=0.00, real=0.47 secs] 
10070.221: [CMS-concurrent-mark-start]
10070.964: [GC 10070.965: [ParNew: 341423K->28596K(353920K), 0.1088705 secs] 2590622K->2287770K(3106432K) icms_dc=93 , 0.1105283 secs] [Times: user=1.26 sys=0.02, real=0.11 secs] 
10072.003: [GC 10072.004: [ParNew: 343855K->32120K(353920K), 0.1386601 secs] 2603029K->2300438K(3106432K) icms_dc=97 , 0.1402165 secs] [Times: user=1.40 sys=0.12, real=0.14 secs] 
10072.176: [GC 10072.176: [ParNew: 32783K->17479K(353920K), 0.0804057 secs] 2301102K->2309068K(3106432K) icms_dc=100 , 0.0817737 secs] [Times: user=0.96 sys=0.03, real=0.08 secs] 
10073.065: [GC 10073.066: [ParNew: 332103K->24861K(353920K), 0.1350682 secs] 2623692K->2316451K(3106432K) icms_dc=100 , 0.1367118 secs] [Times: user=1.40 sys=0.18, real=0.14 secs] 
10074.087: [GC 10074.088: [ParNew: 339485K->26464K(353920K), 0.1081589 secs] 2631075K->2331857K(3106432K) icms_dc=100 , 0.1097097 secs] [Times: user=1.29 sys=0.05, real=0.11 secs] 
10075.049: [GC 10075.050: [ParNew: 341289K->24923K(353920K), 0.1442451 secs] 2646682K->2341258K(3106432K) icms_dc=100 , 0.1458243 secs] [Times: user=1.42 sys=0.14, real=0.15 secs] 
10075.239: [GC 10075.240: [ParNew: 30394K->23084K(353920K), 0.1192873 secs] 2346728K->2339419K(3106432K) icms_dc=100 , 0.1204679 secs] [Times: user=1.11 sys=0.15, real=0.12 secs] 
10076.194: [GC 10076.195: [ParNew: 337939K->39295K(353920K), 0.1610290 secs] 2654274K->2356694K(3106432K) icms_dc=100 , 0.1626301 secs] [Times: user=1.32 sys=0.13, real=0.16 secs] 
10076.387: [GC 10076.388: [ParNew: 39987K->17022K(353920K), 0.2145424 secs] 2357386K->2367595K(3106432K) icms_dc=100 , 0.2157675 secs] [Times: user=1.64 sys=0.26, real=0.22 secs] 
10077.584: [GC 10077.585: [ParNew: 331646K->21350K(353920K), 0.1285616 secs] 2682219K->2371924K(3106432K) icms_dc=100 , 0.1301314 secs] [Times: user=1.24 sys=0.15, real=0.13 secs] 
10078.617: [GC 10078.618: [ParNew: 335974K->36312K(353920K), 0.0596705 secs] 2686548K->2386886K(3106432K) icms_dc=100 , 0.0612852 secs] [Times: user=0.99 sys=0.01, real=0.06 secs] 
10079.719: [GC 10079.720: [ParNew: 351456K->38797K(353920K), 0.1742706 secs] 2702030K->2407665K(3106432K) icms_dc=100 , 0.1759040 secs] [Times: user=1.45 sys=0.11, real=0.18 secs] 
10079.926: [GC 10079.927: [ParNew: 39162K->9241K(353920K), 0.1228615 secs] 2408029K->2402066K(3106432K) icms_dc=100 , 0.1240649 secs] [Times: user=1.16 sys=0.12, real=0.12 secs] 
10081.171: [GC 10081.172: [ParNew: 324055K->22930K(353920K), 0.0620063 secs] 2716880K->2415755K(3106432K) icms_dc=100 , 0.0635985 secs] [Times: user=0.85 sys=0.01, real=0.06 secs] 
10081.265: [GC 10081.266: [ParNew: 23163K->4921K(353920K), 0.0824663 secs] 2415988K->2419149K(3106432K) icms_dc=100 , 0.0836861 secs] [Times: user=0.98 sys=0.04, real=0.08 secs] 
10082.421: [GC 10082.422: [ParNew: 319545K->19102K(353920K), 0.0788418 secs] 2733773K->2433330K(3106432K) icms_dc=100 , 0.0804528 secs] [Times: user=0.90 sys=0.02, real=0.08 secs] 
10083.487: [GC 10083.488: [ParNew: 333726K->37336K(353920K), 0.0967599 secs] 2747954K->2451565K(3106432K) icms_dc=100 , 0.0985011 secs] [Times: user=1.18 sys=0.03, real=0.10 secs] 
10084.335: [GC 10084.336: [ParNew: 351960K->25724K(353920K), 0.1295639 secs] 2766189K->2459494K(3106432K) icms_dc=100 , 0.1311128 secs] [Times: user=1.24 sys=0.01, real=0.13 secs] 
10085.290: [GC 10085.291: [ParNew: 340348K->36631K(353920K), 0.0847443 secs] 2774118K->2470401K(3106432K) icms_dc=100 , 0.0863092 secs] [Times: user=1.09 sys=0.05, real=0.09 secs] 
10086.384: [GC 10086.385: [ParNew: 352057K->30691K(353920K), 0.1709605 secs] 2785827K->2483334K(3106432K) icms_dc=100 , 0.1725706 secs] [Times: user=1.61 sys=0.13, real=0.17 secs] 
10086.588: [GC 10086.589: [ParNew: 31548K->23696K(353920K), 0.0929991 secs] 2484190K->2476338K(3106432K) icms_dc=100 , 0.0941599 secs] [Times: user=0.94 sys=0.05, real=0.09 secs] 
10087.469: [GC 10087.470: [ParNew: 338391K->37357K(353920K), 0.1356715 secs] 2791033K->2489999K(3106432K) icms_dc=100 , 0.1372128 secs] [Times: user=1.51 sys=0.18, real=0.14 secs] 
10087.637: [GC 10087.637: [ParNew: 37538K->8702K(353920K), 0.0964167 secs] 2490181K->2489927K(3106432K) icms_dc=100 , 0.0976280 secs] [Times: user=1.17 sys=0.05, real=0.10 secs] 
10088.510: [GC 10088.511: [ParNew: 323326K->23829K(353920K), 0.0719285 secs] 2804551K->2505054K(3106432K) icms_dc=100 , 0.0735214 secs] [Times: user=1.03 sys=0.04, real=0.07 secs] 
10089.592: [GC 10089.593: [ParNew: 338453K->29283K(353920K), 0.1141114 secs] 2819678K->2524159K(3106432K) icms_dc=100 , 0.1157213 secs] [Times: user=1.26 sys=0.02, real=0.12 secs] 
10090.926: [GC 10090.927: [ParNew: 344603K->30184K(353920K), 0.1163165 secs] 2839478K->2535316K(3106432K) icms_dc=100 , 0.1179018 secs] [Times: user=1.31 sys=0.05, real=0.12 secs] 
10091.074: [GC 10091.075: [ParNew: 30402K->9481K(353920K), 0.0862485 secs] 2535534K->2535853K(3106432K) icms_dc=100 , 0.0874767 secs] [Times: user=0.98 sys=0.03, real=0.09 secs] 
10091.923: [CMS-concurrent-mark: 16.068/21.702 secs] [Times: user=512.84 sys=17.95, real=21.70 secs] 
10091.956: [CMS-concurrent-preclean-start]
10091.985: [GC 10091.986: [ParNew: 324446K->30185K(353920K), 0.1359730 secs] 2850817K->2556557K(3106432K) icms_dc=100 , 0.1376226 secs] [Times: user=1.06 sys=0.01, real=0.14 secs] 
10092.171: [GC 10092.172: [ParNew: 37613K->14240K(353920K), 0.1397952 secs] 2563985K->2567246K(3106432K) icms_dc=100 , 0.1410132 secs] [Times: user=1.16 sys=0.04, real=0.14 secs] 
10093.590: [GC 10093.591: [ParNew: 328938K->27244K(353920K), 0.1047682 secs] 2881944K->2580249K(3106432K) icms_dc=100 , 0.1064247 secs] [Times: user=1.11 sys=0.09, real=0.11 secs] 
10093.727: [GC 10093.728: [ParNew: 27589K->9920K(353920K), 0.0877726 secs] 2580595K->2587773K(3106432K) icms_dc=100 , 0.0889637 secs] [Times: user=1.01 sys=0.03, real=0.09 secs] 
10094.647: [GC 10094.648: [ParNew: 324544K->18822K(353920K), 0.1188803 secs] 2902397K->2596674K(3106432K) icms_dc=100 , 0.1205212 secs] [Times: user=1.20 sys=0.13, real=0.12 secs] 
10095.614: [GC 10095.615: [ParNew: 333446K->38488K(353920K), 0.0855955 secs] 2911298K->2616340K(3106432K) icms_dc=100 , 0.0872331 secs] [Times: user=1.03 sys=0.02, real=0.09 secs] 
10096.893: [GC 10096.894: [ParNew: 353112K->26287K(353920K), 0.1100213 secs] 2930964K->2625640K(3106432K) icms_dc=100 , 0.1116142 secs] [Times: user=1.30 sys=0.04, real=0.11 secs] 
10097.834: [GC 10097.835: [ParNew: 341076K->35078K(353920K), 0.0651614 secs] 2940430K->2634431K(3106432K) icms_dc=100 , 0.0667697 secs] [Times: user=1.01 sys=0.01, real=0.07 secs] 
10097.932: [GC 10097.933: [ParNew: 35859K->27337K(353920K), 0.0685006 secs] 2635212K->2635102K(3106432K) icms_dc=100 , 0.0697951 secs] [Times: user=0.99 sys=0.02, real=0.07 secs] 
10098.782: [GC 10098.783: [ParNew: 341961K->37104K(353920K), 0.1739071 secs] 2949726K->2644869K(3106432K) icms_dc=100 , 0.1755172 secs] [Times: user=1.66 sys=0.29, real=0.18 secs] 
10099.825: [GC 10099.827: [ParNew: 351728K->39296K(353920K), 0.1906772 secs] 2959493K->2656256K(3106432K) icms_dc=100 , 0.1923662 secs] [Times: user=1.69 sys=0.21, real=0.19 secs] 
10100.907: [GC 10100.908: [ParNew: 353920K->39296K(353920K), 0.1208667 secs] 2970880K->2667454K(3106432K) icms_dc=100 , 0.1224903 secs] [Times: user=1.45 sys=0.03, real=0.12 secs] 
10101.855: [GC 10101.856: [ParNew: 353920K->37108K(353920K), 0.0866608 secs] 2982078K->2673189K(3106432K) icms_dc=100 , 0.0882696 secs] [Times: user=1.21 sys=0.02, real=0.09 secs] 
10102.754: [GC 10102.755: [ParNew: 351732K->39296K(353920K), 0.0803234 secs] 2987813K->2682621K(3106432K) icms_dc=100 , 0.0819962 secs] [Times: user=1.24 sys=0.02, real=0.08 secs] 
10103.650: [GC 10103.651: [ParNew: 353920K->33176K(353920K), 0.1136253 secs] 2997245K->2693885K(3106432K) icms_dc=100 , 0.3407032 secs] [Times: user=1.46 sys=0.05, real=0.34 secs] 
10104.734: [GC 10104.736: [ParNew: 347800K->26800K(353920K), 0.1348258 secs] 3008509K->2695868K(3106432K) icms_dc=100 , 0.1363881 secs] [Times: user=1.36 sys=0.14, real=0.14 secs] 
10105.729: [GC 10105.730: [ParNew: 341424K->39296K(353920K), 0.1372379 secs] 3010492K->2708499K(3106432K) icms_dc=100 , 0.1388620 secs] [Times: user=1.47 sys=0.12, real=0.14 secs] 
10106.689: [GC 10106.691: [ParNew: 353920K->30167K(353920K), 0.1321461 secs] 3023329K->2716010K(3106432K) icms_dc=100 , 0.1337884 secs] [Times: user=1.52 sys=0.10, real=0.13 secs] 
10106.855: [GC 10106.856: [ParNew: 30822K->28344K(353920K), 0.0683399 secs] 2716665K->2714187K(3106432K) icms_dc=100 , 0.0696592 secs] [Times: user=0.84 sys=0.03, real=0.07 secs] 
10107.196: [CMS-concurrent-preclean: 10.483/15.240 secs] [Times: user=347.38 sys=12.38, real=15.24 secs] 
10107.197: [CMS-concurrent-abortable-preclean-start]
10107.743: [GC 10107.745: [ParNew: 342968K->39161K(353920K), 0.2021845 secs] 3028811K->2725004K(3106432K) icms_dc=100 , 0.2038458 secs] [Times: user=1.73 sys=0.33, real=0.20 secs] 
10109.198: [GC 10109.200: [ParNew: 353815K->31641K(353920K), 0.1893408 secs] 3041257K->2733902K(3106432K) icms_dc=100 , 0.1909216 secs] [Times: user=1.77 sys=0.24, real=0.19 secs] 
10109.404: [CMS-concurrent-abortable-preclean: 1.245/2.207 secs] [Times: user=42.49 sys=1.99, real=2.21 secs] 
10109.435: [GC 10109.436: [ParNew (promotion failed): 36771K->24990K(353920K), 0.7938812 secs] 2739031K->2740830K(3106432K) icms_dc=100 , 0.7951038 secs] [Times: user=1.60 sys=0.71, real=0.80 secs] 
GC locker: Trying a full collection because scavenge failed
10110.232: [Full GC 10110.232: [CMS (concurrent mode failure): 2715839K->1659203K(2752512K), 39.3188254 secs] 2740830K->1659203K(3106432K), [CMS Perm : 206079K->204904K(402264K)] icms_dc=100 , 39.3199631 secs] [Times: user=39.37 sys=0.02, real=39.32 secs] 
10149.659: [GC [1 CMS-initial-mark: 1659203K(2752512K)] 1659214K(3106432K), 0.2397195 secs] [Times: user=0.24 sys=0.00, real=0.24 secs] 
10149.900: [CMS-concurrent-mark-start]
10152.106: [GC 10152.107: [ParNew: 314624K->24560K(353920K), 0.1520147 secs] 1973827K->1683764K(3106432K) icms_dc=100 , 0.1536370 secs] [Times: user=1.36 sys=0.15, real=0.15 secs] 
10153.447: [GC 10153.448: [ParNew: 339184K->26900K(353920K), 0.1343153 secs] 1998388K->1701635K(3106432K) icms_dc=100 , 0.1359255 secs] [Times: user=1.23 sys=0.06, real=0.14 secs] 
10154.820: [GC 10154.821: [ParNew: 341758K->39296K(353920K), 0.0898684 secs] 2016493K->1716261K(3106432K) icms_dc=100 , 0.0914687 secs] [Times: user=0.99 sys=0.03, real=0.09 secs] 
10154.944: [GC 10154.944: [ParNew: 39646K->14067K(353920K), 0.0979431 secs] 1716611K->1725202K(3106432K) icms_dc=100 , 0.0991725 secs] [Times: user=1.08 sys=0.06, real=0.10 secs] 
10155.948: [GC 10155.949: [ParNew: 328761K->27830K(353920K), 0.0901690 secs] 2039897K->1738965K(3106432K) icms_dc=100 , 0.0918699 secs] [Times: user=1.10 sys=0.08, real=0.09 secs] 
10156.071: [GC 10156.072: [ParNew: 28181K->8226K(353920K), 0.0774470 secs] 1739316K->1744809K(3106432K) icms_dc=100 , 0.0786848 secs] [Times: user=0.96 sys=0.04, real=0.08 secs] 
10157.035: [GC 10157.036: [ParNew: 324722K->28881K(353920K), 0.1616495 secs] 2061305K->1765465K(3106432K) icms_dc=100 , 0.1634645 secs] [Times: user=1.53 sys=0.23, real=0.16 secs] 
10157.232: [GC 10157.233: [ParNew: 29657K->11232K(353920K), 0.0883651 secs] 1766241K->1774314K(3106432K) icms_dc=100 , 0.0895622 secs] [Times: user=1.01 sys=0.04, real=0.09 secs] 
10158.215: [GC 10158.216: [ParNew: 325856K->25436K(353920K), 0.1410698 secs] 2088938K->1788519K(3106432K) icms_dc=100 , 0.1426392 secs] [Times: user=1.22 sys=0.14, real=0.14 secs] 
10159.256: [GC 10159.257: [ParNew: 340060K->25549K(353920K), 0.1317844 secs] 2103143K->1803002K(3106432K) icms_dc=100 , 0.1334860 secs] [Times: user=1.38 sys=0.09, real=0.13 secs] 
10160.311: [GC 10160.312: [ParNew: 340173K->24620K(353920K), 0.1522708 secs] 2117626K->1810117K(3106432K) icms_dc=100 , 0.1538814 secs] [Times: user=1.46 sys=0.20, real=0.15 secs] 
10161.283: [GC 10161.284: [ParNew: 339244K->35526K(353920K), 0.1382477 secs] 2124741K->1821023K(3106432K) icms_dc=100 , 0.1397855 secs] [Times: user=1.30 sys=0.14, real=0.14 secs] 
10162.317: [GC 10162.319: [ParNew: 350150K->38451K(353920K), 0.0963755 secs] 2135647K->1832214K(3106432K) icms_dc=100 , 0.0980150 secs] [Times: user=1.20 sys=0.06, real=0.10 secs] 
10163.283: [GC 10163.284: [ParNew: 353075K->39296K(353920K), 0.1404279 secs] 2146838K->1840987K(3106432K) icms_dc=100 , 0.1419281 secs] [Times: user=1.48 sys=0.17, real=0.14 secs] 
10164.311: [GC 10164.312: [ParNew: 353920K->28820K(353920K), 0.1703709 secs] 2155611K->1846597K(3106432K) icms_dc=100 , 0.1719695 secs] [Times: user=1.69 sys=0.22, real=0.17 secs] 
10165.459: [GC 10165.460: [ParNew: 343444K->39167K(353920K), 0.1123729 secs] 2161221K->1856944K(3106432K) icms_dc=100 , 0.1139625 secs] [Times: user=1.19 sys=0.10, real=0.11 secs] 
10166.419: [GC 10166.420: [ParNew: 353828K->33058K(353920K), 0.2449551 secs] 2171933K->1868016K(3106432K) icms_dc=100 , 0.2465352 secs] [Times: user=1.84 sys=0.22, real=0.25 secs] 
10166.698: [GC 10166.699: [ParNew: 33720K->15053K(353920K), 0.1500709 secs] 1868678K->1872447K(3106432K) icms_dc=100 , 0.1512521 secs] [Times: user=1.14 sys=0.07, real=0.15 secs] 
10167.619: [GC 10167.620: [ParNew: 329677K->29041K(353920K), 0.0594428 secs] 2187071K->1886435K(3106432K) icms_dc=100 , 0.0610094 secs] [Times: user=0.88 sys=0.02, real=0.06 secs] 
10168.472: [GC 10168.473: [ParNew: 343665K->30506K(353920K), 0.0866601 secs] 2201059K->1902305K(3106432K) icms_dc=100 , 0.0882131 secs] [Times: user=1.17 sys=0.02, real=0.09 secs] 
10169.388: [GC 10169.389: [ParNew: 345130K->27887K(353920K), 0.0847102 secs] 2216929K->1909919K(3106432K) icms_dc=100 , 0.0862755 secs] [Times: user=1.01 sys=0.02, real=0.09 secs] 
10170.331: [GC 10170.332: [ParNew: 342511K->28228K(353920K), 0.1432962 secs] 2224543K->1921186K(3106432K) icms_dc=100 , 0.1448761 secs] [Times: user=1.52 sys=0.17, real=0.15 secs] 
10171.243: [GC 10171.244: [ParNew: 342852K->31744K(353920K), 0.1765516 secs] 2235810K->1934498K(3106432K) icms_dc=100 , 0.1781125 secs] [Times: user=1.57 sys=0.25, real=0.18 secs] 
10172.298: [GC 10172.299: [ParNew: 346994K->27336K(353920K), 0.0763520 secs] 2249749K->1940432K(3106432K) icms_dc=100 , 0.0779738 secs] [Times: user=1.02 sys=0.02, real=0.08 secs] 
10172.417: [GC 10172.417: [ParNew: 31641K->19246K(353920K), 0.0804508 secs] 1944737K->1952615K(3106432K) icms_dc=100 , 0.0816963 secs] [Times: user=0.86 sys=0.04, real=0.08 secs] 
10173.378: [GC 10173.379: [ParNew: 333870K->23132K(353920K), 0.0698421 secs] 2267239K->1956500K(3106432K) icms_dc=100 , 0.0714485 secs] [Times: user=0.96 sys=0.05, real=0.07 secs] 
10174.202: [CMS-concurrent-mark: 15.656/24.302 secs] [Times: user=554.49 sys=19.77, real=24.30 secs] 
10174.203: [CMS-concurrent-preclean-start]
10174.315: [GC 10174.316: [ParNew: 338169K->26290K(353920K), 0.1175804 secs] 2271537K->1972243K(3106432K) icms_dc=100 , 0.1192086 secs] [Times: user=1.29 sys=0.05, real=0.12 secs] 
10175.283: [GC 10175.284: [ParNew: 340912K->25441K(353920K), 0.1442879 secs] 2286866K->1981916K(3106432K) icms_dc=100 , 0.1458356 secs] [Times: user=1.51 sys=0.17, real=0.15 secs] 
10176.229: [GC 10176.230: [ParNew: 340065K->39296K(353920K), 0.1050262 secs] 2296540K->1998370K(3106432K) icms_dc=100 , 0.1066199 secs] [Times: user=1.14 sys=0.08, real=0.11 secs] 
10177.165: [GC 10177.167: [ParNew: 353920K->34856K(353920K), 0.0871587 secs] 2312994K->2011635K(3106432K) icms_dc=100 , 0.0888115 secs] [Times: user=1.15 sys=0.03, real=0.09 secs] 
10178.087: [GC 10178.088: [ParNew: 349613K->31861K(353920K), 0.0673761 secs] 2326392K->2017867K(3106432K) icms_dc=100 , 0.0689410 secs] [Times: user=1.01 sys=0.01, real=0.07 secs] 
10178.187: [GC 10178.188: [ParNew: 32047K->10609K(353920K), 0.0675566 secs] 2018053K->2016860K(3106432K) icms_dc=100 , 0.0687551 secs] [Times: user=0.85 sys=0.02, real=0.07 secs] 
10179.096: [GC 10179.097: [ParNew: 325233K->22944K(353920K), 0.0679346 secs] 2331484K->2029194K(3106432K) icms_dc=100 , 0.0698585 secs] [Times: user=0.96 sys=0.06, real=0.07 secs] 
10180.073: [GC 10180.074: [ParNew: 338401K->25752K(353920K), 0.0961973 secs] 2344652K->2045514K(3106432K) icms_dc=100 , 0.0978303 secs] [Times: user=1.17 sys=0.03, real=0.10 secs] 
10181.031: [GC 10181.033: [ParNew: 340376K->39296K(353920K), 0.1277731 secs] 2360138K->2060089K(3106432K) icms_dc=100 , 0.1293732 secs] [Times: user=1.21 sys=0.08, real=0.13 secs] 
10182.062: [GC 10182.064: [ParNew: 353920K->29767K(353920K), 0.1050063 secs] 2374713K->2071174K(3106432K) icms_dc=100 , 0.1066685 secs] [Times: user=1.30 sys=0.03, real=0.11 secs] 
10182.998: [GC 10182.999: [ParNew: 344337K->33486K(353920K), 0.1127242 secs] 2385744K->2074893K(3106432K) icms_dc=100 , 0.1143176 secs] [Times: user=1.18 sys=0.12, real=0.11 secs] 
10184.020: [GC 10184.022: [ParNew: 348110K->39296K(353920K), 0.1215124 secs] 2389517K->2088645K(3106432K) icms_dc=100 , 0.1231044 secs] [Times: user=1.22 sys=0.03, real=0.12 secs] 
10184.387: [CMS-concurrent-preclean: 7.543/10.183 secs] [Times: user=248.73 sys=9.56, real=10.18 secs] 
10184.388: [CMS-concurrent-abortable-preclean-start]
10184.906: [GC 10184.908: [ParNew: 353920K->39296K(353920K), 0.1508650 secs] 2403269K->2097540K(3106432K) icms_dc=100 , 0.1524567 secs] [Times: user=1.16 sys=0.02, real=0.15 secs] 
10185.714: [CMS-concurrent-abortable-preclean: 1.020/1.326 secs] [Times: user=33.24 sys=1.13, real=1.33 secs] 
10185.746: [GC[YG occupancy: 286310 K (353920 K)]10185.746: [Rescan (parallel) , 0.1700353 secs]10185.917: [weak refs processing, 0.0001866 secs] [1 CMS-remark: 2058244K(2752512K)] 2344555K(3106432K), 0.1709473 secs] [Times: user=2.80 sys=0.06, real=0.17 secs] 
10185.918: [CMS-concurrent-sweep-start]
10186.104: [GC 10186.106: [ParNew: 353920K->39296K(353920K), 0.1563524 secs] 2412164K->2108448K(3106432K) icms_dc=100 , 0.1579325 secs] [Times: user=1.54 sys=0.17, real=0.16 secs] 
10187.153: [GC 10187.154: [ParNew: 353920K->37071K(353920K), 0.1235583 secs] 2423077K->2123237K(3106432K) icms_dc=100 , 0.1251245 secs] [Times: user=1.41 sys=0.09, real=0.13 secs] 
10188.125: [GC 10188.126: [ParNew: 351695K->26547K(353920K), 0.1402897 secs] 2437858K->2122069K(3106432K) icms_dc=100 , 0.1419689 secs] [Times: user=1.44 sys=0.14, real=0.14 secs] 
10189.594: [GC 10189.595: [ParNew: 342078K->39296K(353920K), 0.0926141 secs] 2437593K->2136451K(3106432K) icms_dc=100 , 0.0941906 secs] [Times: user=1.13 sys=0.07, real=0.09 secs] 
10189.719: [GC 10189.720: [ParNew: 40193K->23995K(353920K), 0.1067491 secs] 2137349K->2153683K(3106432K) icms_dc=100 , 0.1079568 secs] [Times: user=1.16 sys=0.05, real=0.11 secs] 
10190.608: [GC 10190.609: [ParNew: 338619K->27002K(353920K), 0.1936458 secs] 2468297K->2156680K(3106432K) icms_dc=100 , 0.1951870 secs] [Times: user=1.54 sys=0.27, real=0.20 secs] 
10191.576: [GC 10191.577: [ParNew: 341626K->24290K(353920K), 0.1281490 secs] 2471127K->2164777K(3106432K) icms_dc=100 , 0.1297673 secs] [Times: user=1.34 sys=0.07, real=0.13 secs] 
10192.446: [GC 10192.447: [ParNew: 338914K->37157K(353920K), 0.1489055 secs] 2479185K->2177428K(3106432K) icms_dc=100 , 0.1505480 secs] [Times: user=1.03 sys=0.01, real=0.15 secs] 
10193.333: [GC 10193.334: [ParNew: 351781K->29659K(353920K), 0.0997303 secs] 2491689K->2188664K(3106432K) icms_dc=100 , 0.1012912 secs] [Times: user=1.20 sys=0.02, real=0.10 secs] 
10194.217: [GC 10194.218: [ParNew: 344283K->38902K(353920K), 0.0656110 secs] 2502710K->2197330K(3106432K) icms_dc=100 , 0.0671938 secs] [Times: user=0.97 sys=0.02, real=0.07 secs] 
10195.153: [GC 10195.154: [ParNew: 353919K->28370K(353920K), 0.1036166 secs] 2512457K->2206773K(3106432K) icms_dc=100 , 0.1052050 secs] [Times: user=1.20 sys=0.03, real=0.11 secs] 
10195.290: [GC 10195.291: [ParNew: 28754K->9012K(353920K), 0.0732064 secs] 2207158K->2207424K(3106432K) icms_dc=100 , 0.0744088 secs] [Times: user=0.88 sys=0.04, real=0.08 secs] 
10196.286: [GC 10196.288: [ParNew: 323636K->26699K(353920K), 0.1287174 secs] 2522034K->2225097K(3106432K) icms_dc=100 , 0.1303250 secs] [Times: user=1.17 sys=0.12, real=0.13 secs] 
10197.179: [GC 10197.180: [ParNew: 341221K->25280K(353920K), 0.1224162 secs] 2539613K->2236709K(3106432K) icms_dc=100 , 0.1240080 secs] [Times: user=1.18 sys=0.02, real=0.12 secs] 
10198.251: [GC 10198.252: [ParNew: 340163K->39296K(353920K), 0.0713568 secs] 2551588K->2251258K(3106432K) icms_dc=100 , 0.0729279 secs] [Times: user=0.96 sys=0.02, real=0.07 secs] 
10198.356: [GC 10198.357: [ParNew: 39461K->8768K(353920K), 0.0978440 secs] 2251424K->2253232K(3106432K) icms_dc=100 , 0.0990502 secs] [Times: user=1.10 sys=0.04, real=0.10 secs] 
10199.258: [GC 10199.260: [ParNew: 323392K->27892K(353920K), 0.1134175 secs] 2567848K->2272348K(3106432K) icms_dc=100 , 0.1149824 secs] [Times: user=1.16 sys=0.10, real=0.12 secs] 
10200.187: [GC 10200.188: [ParNew: 343143K->29458K(353920K), 0.0970352 secs] 2587574K->2284692K(3106432K) icms_dc=100 , 0.0986022 secs] [Times: user=1.12 sys=0.02, real=0.10 secs] 
10200.340: [GC 10200.341: [ParNew: 42298K->16970K(353920K), 0.1163642 secs] 2297526K->2293608K(3106432K) icms_dc=100 , 0.1176167 secs] [Times: user=1.14 sys=0.07, real=0.12 secs] 
10201.244: [GC 10201.245: [ParNew: 331594K->26408K(353920K), 0.1055825 secs] 2608211K->2303026K(3106432K) icms_dc=100 , 0.1071462 secs] [Times: user=1.11 sys=0.10, real=0.11 secs] 
10202.090: [GC 10202.091: [ParNew: 341032K->23647K(353920K), 0.0807539 secs] 2617609K->2314101K(3106432K) icms_dc=100 , 0.0823142 secs] [Times: user=1.10 sys=0.03, real=0.08 secs] 
10202.919: [GC 10202.920: [ParNew: 338271K->37854K(353920K), 0.0850188 secs] 2627978K->2327560K(3106432K) icms_dc=100 , 0.0865818 secs] [Times: user=1.14 sys=0.06, real=0.09 secs] 
10203.882: [GC 10203.883: [ParNew: 352718K->31222K(353920K), 0.0971099 secs] 2638187K->2335647K(3106432K) icms_dc=100 , 0.0986756 secs] [Times: user=1.20 sys=0.02, real=0.10 secs] 
10204.013: [GC 10204.014: [ParNew: 31669K->23124K(353920K), 0.0538559 secs] 2336094K->2327549K(3106432K) icms_dc=100 , 0.0550673 secs] [Times: user=0.73 sys=0.04, real=0.06 secs] 
10205.563: [GC 10205.564: [ParNew: 337748K->36503K(353920K), 0.0727273 secs] 2628844K->2327599K(3106432K) icms_dc=100 , 0.0743584 secs] [Times: user=0.95 sys=0.02, real=0.08 secs] 
10205.967: [CMS-concurrent-sweep: 14.586/20.049 secs] [Times: user=463.69 sys=16.19, real=20.05 secs] 
10205.969: [CMS-concurrent-reset-start]
10205.997: [CMS-concurrent-reset: 0.028/0.028 secs] [Times: user=0.73 sys=0.04, real=0.03 secs] 
10206.610: [GC 10206.611: [ParNew: 351127K->39091K(353920K), 0.0860206 secs] 2623845K->2321353K(3106432K) icms_dc=75 , 0.0876203 secs] [Times: user=1.14 sys=0.02, real=0.09 secs] 
10206.814: [GC [1 CMS-initial-mark: 2282262K(2752512K)] 2360784K(3106432K), 0.5435322 secs] [Times: user=0.54 sys=0.00, real=0.54 secs] 
10207.359: [CMS-concurrent-mark-start]
10208.046: [GC 10208.047: [ParNew: 353715K->39296K(353920K), 0.0817945 secs] 2635977K->2330110K(3106432K) icms_dc=84 , 0.0833755 secs] [Times: user=1.24 sys=0.04, real=0.08 secs] 
10208.923: [GC 10208.924: [ParNew: 353920K->32217K(353920K), 0.1065010 secs] 2644734K->2340299K(3106432K) icms_dc=100 , 0.1081250 secs] [Times: user=1.40 sys=0.05, real=0.11 secs] 
10210.128: [GC 10210.129: [ParNew: 346841K->29705K(353920K), 0.0900889 secs] 2654923K->2347901K(3106432K) icms_dc=100 , 0.0916726 secs] [Times: user=1.06 sys=0.02, real=0.09 secs] 
10211.223: [GC 10211.224: [ParNew: 344329K->26650K(353920K), 0.0835398 secs] 2662525K->2355927K(3106432K) icms_dc=100 , 0.0852301 secs] [Times: user=1.15 sys=0.02, real=0.09 secs] 
10212.417: [GC 10212.418: [ParNew: 341274K->39296K(353920K), 0.1305731 secs] 2670551K->2371418K(3106432K) icms_dc=100 , 0.1322598 secs] [Times: user=1.19 sys=0.04, real=0.13 secs] 
10213.527: [GC 10213.529: [ParNew: 353920K->26951K(353920K), 0.1602934 secs] 2686042K->2377127K(3106432K) icms_dc=100 , 0.1620414 secs] [Times: user=1.66 sys=0.09, real=0.16 secs] 
10214.579: [GC 10214.581: [ParNew: 341575K->29501K(353920K), 0.1516751 secs] 2691751K->2379677K(3106432K) icms_dc=100 , 0.1534499 secs] [Times: user=1.61 sys=0.23, real=0.15 secs] 
10215.590: [GC 10215.591: [ParNew: 344125K->39044K(353920K), 0.1439601 secs] 2694301K->2395114K(3106432K) icms_dc=100 , 0.1589745 secs] [Times: user=1.53 sys=0.17, real=0.16 secs] 
10216.605: [GC 10216.606: [ParNew: 353668K->37378K(353920K), 0.1223631 secs] 2709738K->2401934K(3106432K) icms_dc=100 , 0.1239433 secs] [Times: user=1.38 sys=0.10, real=0.12 secs] 
10217.529: [GC 10217.530: [ParNew: 352946K->38232K(353920K), 0.0879137 secs] 2717502K->2410237K(3106432K) icms_dc=100 , 0.0894841 secs] [Times: user=1.19 sys=0.01, real=0.09 secs] 
10217.650: [GC 10217.651: [ParNew: 38867K->31618K(353920K), 0.1334978 secs] 2410872K->2411202K(3106432K) icms_dc=100 , 0.1346933 secs] [Times: user=1.37 sys=0.21, real=0.14 secs] 
10218.680: [GC 10218.681: [ParNew: 346242K->28758K(353920K), 0.1274904 secs] 2725826K->2417967K(3106432K) icms_dc=100 , 0.1291011 secs] [Times: user=1.32 sys=0.11, real=0.13 secs] 
10219.648: [GC 10219.649: [ParNew: 343420K->26101K(353920K), 0.1667334 secs] 2732629K->2424939K(3106432K) icms_dc=100 , 0.1684136 secs] [Times: user=1.50 sys=0.20, real=0.17 secs] 
10219.849: [GC 10219.850: [ParNew: 27268K->25246K(353920K), 0.1038149 secs] 2426106K->2424084K(3106432K) icms_dc=100 , 0.1049834 secs] [Times: user=1.05 sys=0.15, real=0.11 secs] 
10220.703: [GC 10220.704: [ParNew: 339870K->36003K(353920K), 0.1413915 secs] 2738708K->2434841K(3106432K) icms_dc=100 , 0.1430197 secs] [Times: user=1.10 sys=0.03, real=0.14 secs] 
10221.570: [GC 10221.571: [ParNew: 350627K->27258K(353920K), 0.1405453 secs] 2749465K->2443494K(3106432K) icms_dc=100 , 0.1421140 secs] [Times: user=1.52 sys=0.12, real=0.14 secs] 
10222.560: [GC 10222.561: [ParNew: 342211K->34765K(353920K), 0.1232640 secs] 2758446K->2451000K(3106432K) icms_dc=100 , 0.1247538 secs] [Times: user=1.20 sys=0.02, real=0.13 secs] 
10222.745: [GC 10222.746: [ParNew: 49919K->19544K(353920K), 0.0923057 secs] 2466155K->2463653K(3106432K) icms_dc=100 , 0.0935471 secs] [Times: user=1.13 sys=0.03, real=0.09 secs] 
10223.635: [GC 10223.636: [ParNew: 334168K->25217K(353920K), 0.1596383 secs] 2778277K->2469326K(3106432K) icms_dc=100 , 0.1611932 secs] [Times: user=1.41 sys=0.25, real=0.16 secs] 
10224.610: [GC 10224.611: [ParNew: 340744K->24693K(353920K), 0.1004598 secs] 2784853K->2483024K(3106432K) icms_dc=100 , 0.1020361 secs] [Times: user=1.23 sys=0.02, real=0.10 secs] 
10224.743: [GC 10224.744: [ParNew: 25803K->25334K(353920K), 0.0538573 secs] 2484134K->2483665K(3106432K) icms_dc=100 , 0.0550286 secs] [Times: user=0.80 sys=0.03, real=0.06 secs] 
10225.567: [GC 10225.568: [ParNew: 339958K->39296K(353920K), 0.0644856 secs] 2798289K->2498908K(3106432K) icms_dc=100 , 0.0660320 secs] [Times: user=0.98 sys=0.01, real=0.07 secs] 
10226.868: [GC 10226.869: [ParNew: 353920K->39295K(353920K), 0.1625375 secs] 2813532K->2520857K(3106432K) icms_dc=100 , 0.1641230 secs] [Times: user=1.24 sys=0.01, real=0.16 secs] 
10227.868: [GC 10227.869: [ParNew: 353919K->30125K(353920K), 0.1728931 secs] 2835481K->2521728K(3106432K) icms_dc=100 , 0.1744782 secs] [Times: user=1.70 sys=0.24, real=0.18 secs] 
10228.888: [GC 10228.889: [ParNew: 344749K->30048K(353920K), 0.0723163 secs] 2836352K->2531910K(3106432K) icms_dc=100 , 0.0739385 secs] [Times: user=1.02 sys=0.02, real=0.07 secs] 
10229.029: [CMS-concurrent-mark: 16.425/21.670 secs] [Times: user=532.07 sys=17.82, real=21.67 secs] 
10229.030: [CMS-concurrent-preclean-start]
10229.854: [GC 10229.855: [ParNew: 344672K->29588K(353920K), 0.0828257 secs] 2846534K->2540965K(3106432K) icms_dc=100 , 0.0843998 secs] [Times: user=1.08 sys=0.02, real=0.09 secs] 
10230.826: [GC 10230.827: [ParNew: 344203K->28222K(353920K), 0.1446322 secs] 2855580K->2549740K(3106432K) icms_dc=100 , 0.1462177 secs] [Times: user=1.36 sys=0.13, real=0.15 secs] 
10231.836: [GC 10231.837: [ParNew: 343928K->39296K(353920K), 0.0849401 secs] 2865492K->2561783K(3106432K) icms_dc=100 , 0.0865136 secs] [Times: user=1.05 sys=0.02, real=0.09 secs] 
10231.954: [GC 10231.954: [ParNew: 39949K->23499K(353920K), 0.0962283 secs] 2562437K->2577619K(3106432K) icms_dc=100 , 0.0974302 secs] [Times: user=1.14 sys=0.05, real=0.10 secs] 
10233.100: [GC 10233.101: [ParNew: 338123K->28795K(353920K), 0.1228657 secs] 2892243K->2582916K(3106432K) icms_dc=100 , 0.1245023 secs] [Times: user=1.38 sys=0.13, real=0.13 secs] 
10234.271: [GC 10234.272: [ParNew: 343575K->26820K(353920K), 0.2023786 secs] 2897695K->2592792K(3106432K) icms_dc=100 , 0.2039562 secs] [Times: user=1.72 sys=0.12, real=0.20 secs] 
10234.614: [GC 10234.614: [ParNew: 30317K->15867K(353920K), 0.1589996 secs] 2596289K->2601665K(3106432K) icms_dc=100 , 0.1602224 secs] [Times: user=1.32 sys=0.19, real=0.16 secs] 
10235.798: [GC 10235.799: [ParNew: 330491K->25475K(353920K), 0.1514194 secs] 2916289K->2611273K(3106432K) icms_dc=100 , 0.1529566 secs] [Times: user=1.41 sys=0.25, real=0.15 secs] 
10236.723: [GC 10236.724: [ParNew: 340099K->22677K(353920K), 0.1048557 secs] 2925897K->2621241K(3106432K) icms_dc=100 , 0.1064138 secs] [Times: user=1.16 sys=0.04, real=0.11 secs] 
10237.710: [GC 10237.712: [ParNew: 337301K->33973K(353920K), 0.0858675 secs] 2935865K->2632536K(3106432K) icms_dc=100 , 0.0874892 secs] [Times: user=1.13 sys=0.03, real=0.09 secs] 
10238.548: [GC 10238.549: [ParNew: 348597K->27994K(353920K), 0.1017160 secs] 2947160K->2645463K(3106432K) icms_dc=100 , 0.1032845 secs] [Times: user=1.36 sys=0.05, real=0.10 secs] 
10239.440: [GC 10239.442: [ParNew: 342618K->35840K(353920K), 0.0792041 secs] 2960087K->2653309K(3106432K) icms_dc=100 , 0.0809003 secs] [Times: user=1.08 sys=0.04, real=0.08 secs] 
10240.242: [CMS-concurrent-preclean: 7.873/11.212 secs] [Times: user=258.53 sys=10.08, real=11.21 secs] 
10240.243: [CMS-concurrent-abortable-preclean-start]
10240.311: [GC 10240.313: [ParNew: 350464K->38693K(353920K), 0.1236853 secs] 2967933K->2664340K(3106432K) icms_dc=100 , 0.1252983 secs] [Times: user=1.37 sys=0.09, real=0.13 secs] 
10240.922: [CMS-concurrent-abortable-preclean: 0.107/0.678 secs] [Times: user=4.96 sys=0.22, real=0.68 secs] 
10240.973: [GC[YG occupancy: 88022 K (353920 K)]10240.973: [Rescan (parallel) , 0.1830581 secs]10241.157: [weak refs processing, 0.0367132 secs] [1 CMS-remark: 2625646K(2752512K)] 2713669K(3106432K), 0.2255293 secs] [Times: user=2.24 sys=0.21, real=0.23 secs] 
10241.200: [CMS-concurrent-sweep-start]
10241.898: [GC 10241.899: [ParNew: 353392K->39296K(353920K), 0.1698355 secs] 2979030K->2673242K(3106432K) icms_dc=100 , 0.1714011 secs] [Times: user=1.62 sys=0.15, real=0.17 secs] 
10242.104: [GC 10242.104: [ParNew: 40215K->28673K(353920K), 0.0644485 secs] 2674161K->2672565K(3106432K) icms_dc=100 , 0.0656638 secs] [Times: user=0.99 sys=0.02, real=0.07 secs] 
10243.006: [GC 10243.007: [ParNew: 343297K->39296K(353920K), 0.0875172 secs] 2987181K->2684897K(3106432K) icms_dc=100 , 0.0891067 secs] [Times: user=1.08 sys=0.03, real=0.09 secs] 
10243.979: [GC 10243.980: [ParNew: 353920K->35400K(353920K), 0.0937450 secs] 2999500K->2697736K(3106432K) icms_dc=100 , 0.0953422 secs] [Times: user=1.24 sys=0.03, real=0.10 secs] 
10244.948: [GC 10244.949: [ParNew: 350314K->24909K(353920K), 0.1418937 secs] 3012615K->2696981K(3106432K) icms_dc=100 , 0.1434895 secs] [Times: user=1.46 sys=0.16, real=0.14 secs] 
10245.125: [GC 10245.126: [ParNew: 25558K->27733K(353920K), 0.0888703 secs] 2697631K->2699806K(3106432K) icms_dc=100 , 0.0900772 secs] [Times: user=0.95 sys=0.07, real=0.09 secs] 
10245.980: [GC 10245.981: [ParNew: 342568K->37623K(353920K), 0.1029700 secs] 3013290K->2708345K(3106432K) icms_dc=100 , 0.1045433 secs] [Times: user=1.04 sys=0.04, real=0.11 secs] 
10246.116: [GC 10246.117: [ParNew: 38178K->36043K(353920K), 0.0844609 secs] 2708894K->2716337K(3106432K) icms_dc=100 , 0.0856700 secs] [Times: user=1.03 sys=0.02, real=0.09 secs] 
10246.955: [GC 10246.957: [ParNew: 350667K->36983K(353920K), 0.1030426 secs] 3026995K->2713311K(3106432K) icms_dc=100 , 0.1046392 secs] [Times: user=1.02 sys=0.01, real=0.11 secs] 
10247.931: [GC 10247.932: [ParNew: 351607K->39296K(353920K), 0.2491529 secs] 3023578K->2723130K(3106432K) icms_dc=100 , 0.2507390 secs] [Times: user=1.92 sys=0.27, real=0.25 secs] 
10249.045: [GC 10249.047: [ParNew: 353920K->39296K(353920K), 0.1583051 secs] 3038146K->2733996K(3106432K) icms_dc=100 , 0.1599087 secs] [Times: user=1.60 sys=0.18, real=0.17 secs] 
10249.244: [GC 10249.245: [ParNew: 39473K->29847K(353920K), 0.0624775 secs] 2734173K->2734415K(3106432K) icms_dc=100 , 0.0636748 secs] [Times: user=0.97 sys=0.02, real=0.06 secs] 
10250.222: [GC 10250.223: [ParNew: 345394K->39296K(353920K), 0.1220295 secs] 3049826K->2745726K(3106432K) icms_dc=100 , 0.1235981 secs] [Times: user=1.22 sys=0.09, real=0.12 secs] 
10250.377: [GC 10250.377: [ParNew (promotion failed): 39783K->18416K(353920K), 3.0263594 secs] 2746214K->2734780K(3106432K) icms_dc=100 , 3.0275894 secs] [Times: user=3.52 sys=2.87, real=3.03 secs] 
GC locker: Trying a full collection because scavenge failed
10253.405: [Full GC 10253.406: [CMS10258.117: [CMS-concurrent-sweep: 11.073/16.916 secs] [Times: user=221.83 sys=10.88, real=16.92 secs] 
 (concurrent mode failure): 2716363K->1655295K(2752512K), 43.3738858 secs] 2734780K->1655295K(3106432K), [CMS Perm : 206156K->204903K(402264K)] icms_dc=100 , 43.3750554 secs] [Times: user=43.40 sys=0.03, real=43.38 secs] 
10296.890: [GC [1 CMS-initial-mark: 1655295K(2752512K)] 1655580K(3106432K), 0.2389476 secs] [Times: user=0.24 sys=0.00, real=0.24 secs] 
10297.130: [CMS-concurrent-mark-start]
10299.249: [GC 10299.250: [ParNew: 314624K->25872K(353920K), 0.0628815 secs] 1969919K->1681167K(3106432K) icms_dc=100 , 0.0645084 secs] [Times: user=0.83 sys=0.01, real=0.07 secs] 
10300.483: [GC 10300.484: [ParNew: 341115K->28334K(353920K), 0.1459314 secs] 1996411K->1697966K(3106432K) icms_dc=100 , 0.1475069 secs] [Times: user=1.55 sys=0.18, real=0.15 secs] 
10300.742: [GC 10300.743: [ParNew: 28721K->14762K(353920K), 0.0704296 secs] 1698353K->1705927K(3106432K) icms_dc=100 , 0.0716340 secs] [Times: user=0.87 sys=0.04, real=0.07 secs] 
10302.148: [GC 10302.149: [ParNew: 329839K->31981K(353920K), 0.0806973 secs] 2021004K->1723146K(3106432K) icms_dc=100 , 0.0822486 secs] [Times: user=0.93 sys=0.02, real=0.08 secs] 
10302.262: [GC 10302.263: [ParNew: 32682K->12967K(353920K), 0.0972307 secs] 1723847K->1734582K(3106432K) icms_dc=100 , 0.0984379 secs] [Times: user=0.99 sys=0.04, real=0.10 secs] 
10303.168: [GC 10303.169: [ParNew: 328001K->30815K(353920K), 0.0912831 secs] 2049616K->1752430K(3106432K) icms_dc=100 , 0.0928545 secs] [Times: user=1.08 sys=0.12, real=0.09 secs] 
10304.083: [GC 10304.084: [ParNew: 345439K->29256K(353920K), 0.1128474 secs] 2067054K->1765370K(3106432K) icms_dc=100 , 0.1144476 secs] [Times: user=1.26 sys=0.08, real=0.12 secs] 
10305.034: [GC 10305.035: [ParNew: 343880K->32191K(353920K), 0.0876643 secs] 2079994K->1777720K(3106432K) icms_dc=100 , 0.0892496 secs] [Times: user=1.08 sys=0.04, real=0.09 secs] 
10305.952: [GC 10305.953: [ParNew: 347040K->36593K(353920K), 0.1104604 secs] 2092569K->1791540K(3106432K) icms_dc=100 , 0.1120790 secs] [Times: user=1.12 sys=0.02, real=0.11 secs] 
10307.023: [GC 10307.024: [ParNew: 351621K->35043K(353920K), 0.0933221 secs] 2106568K->1800415K(3106432K) icms_dc=100 , 0.0949234 secs] [Times: user=1.08 sys=0.04, real=0.10 secs] 
10307.160: [GC 10307.161: [ParNew: 40010K->20712K(353920K), 0.1092583 secs] 1805382K->1810505K(3106432K) icms_dc=100 , 0.1104973 secs] [Times: user=1.05 sys=0.12, real=0.11 secs] 
10308.072: [GC 10308.073: [ParNew: 335336K->28302K(353920K), 0.0977155 secs] 2125129K->1818096K(3106432K) icms_dc=100 , 0.0992507 secs] [Times: user=0.97 sys=0.04, real=0.10 secs] 
10308.995: [GC 10308.997: [ParNew: 342926K->28458K(353920K), 0.1090894 secs] 2132720K->1830885K(3106432K) icms_dc=100 , 0.1107107 secs] [Times: user=1.23 sys=0.02, real=0.11 secs] 
10309.895: [GC 10309.896: [ParNew: 343491K->37785K(353920K), 0.1703949 secs] 2145918K->1850786K(3106432K) icms_dc=100 , 0.1719512 secs] [Times: user=1.58 sys=0.21, real=0.17 secs] 
10310.847: [GC 10310.848: [ParNew: 352409K->34837K(353920K), 0.1316181 secs] 2165410K->1861539K(3106432K) icms_dc=100 , 0.1331989 secs] [Times: user=1.09 sys=0.02, real=0.13 secs] 
10311.733: [GC 10311.734: [ParNew: 349461K->38152K(353920K), 0.1555538 secs] 2176163K->1875144K(3106432K) icms_dc=100 , 0.1571526 secs] [Times: user=1.28 sys=0.03, real=0.16 secs] 
10312.763: [GC 10312.764: [ParNew: 352776K->33934K(353920K), 0.0918584 secs] 2189768K->1882918K(3106432K) icms_dc=100 , 0.0936354 secs] [Times: user=1.13 sys=0.02, real=0.09 secs] 
10313.617: [GC 10313.618: [ParNew: 348950K->38625K(353920K), 0.1374422 secs] 2197934K->1900743K(3106432K) icms_dc=100 , 0.1390070 secs] [Times: user=1.28 sys=0.06, real=0.14 secs] 
10313.854: [GC 10313.854: [ParNew: 75860K->22464K(353920K), 0.1210879 secs] 1937978K->1908802K(3106432K) icms_dc=100 , 0.1224069 secs] [Times: user=1.14 sys=0.10, real=0.12 secs] 
10314.766: [GC 10314.767: [ParNew: 337088K->33398K(353920K), 0.1426129 secs] 2223426K->1919736K(3106432K) icms_dc=100 , 0.1441917 secs] [Times: user=1.38 sys=0.20, real=0.14 secs] 
10315.636: [GC 10315.637: [ParNew: 348022K->35622K(353920K), 0.1424214 secs] 2234360K->1938493K(3106432K) icms_dc=100 , 0.1439926 secs] [Times: user=1.38 sys=0.05, real=0.14 secs] 
10316.503: [GC 10316.504: [ParNew: 350246K->31340K(353920K), 0.1337545 secs] 2253117K->1947425K(3106432K) icms_dc=100 , 0.1353373 secs] [Times: user=1.21 sys=0.02, real=0.14 secs] 
10317.409: [GC 10317.410: [ParNew: 346501K->39296K(353920K), 0.1025969 secs] 2262586K->1966031K(3106432K) icms_dc=100 , 0.1041311 secs] [Times: user=1.18 sys=0.04, real=0.10 secs] 
10317.544: [GC 10317.545: [ParNew: 39734K->19134K(353920K), 0.1124690 secs] 1966469K->1973824K(3106432K) icms_dc=100 , 0.1136756 secs] [Times: user=1.09 sys=0.09, real=0.11 secs] 
10318.471: [GC 10318.472: [ParNew: 334377K->31301K(353920K), 0.0912336 secs] 2289067K->1985992K(3106432K) icms_dc=100 , 0.0928160 secs] [Times: user=1.09 sys=0.06, real=0.09 secs] 
10319.387: [GC 10319.388: [ParNew: 345959K->25622K(353920K), 0.0915958 secs] 2300650K->1995464K(3106432K) icms_dc=100 , 0.0931003 secs] [Times: user=1.04 sys=0.02, real=0.09 secs] 
10319.512: [GC 10319.513: [ParNew: 26744K->28447K(353920K), 0.0488598 secs] 1996587K->1998290K(3106432K) icms_dc=100 , 0.0500415 secs] [Times: user=0.71 sys=0.04, real=0.05 secs] 
10320.463: [GC 10320.464: [ParNew: 343569K->39296K(353920K), 0.0664085 secs] 2313411K->2010704K(3106432K) icms_dc=100 , 0.0679352 secs] [Times: user=0.97 sys=0.05, real=0.07 secs] 
10320.562: [GC 10320.563: [ParNew: 39488K->10600K(353920K), 0.0822824 secs] 2010896K->2015547K(3106432K) icms_dc=100 , 0.0834608 secs] [Times: user=0.96 sys=0.04, real=0.08 secs] 
10321.625: [GC 10321.626: [ParNew: 326382K->32916K(353920K), 0.0708847 secs] 2331329K->2037864K(3106432K) icms_dc=100 , 0.0724212 secs] [Times: user=0.95 sys=0.04, real=0.07 secs] 
10322.637: [GC 10322.638: [ParNew: 347540K->23167K(353920K), 0.0918853 secs] 2352488K->2040164K(3106432K) icms_dc=100 , 0.0934157 secs] [Times: user=1.13 sys=0.04, real=0.09 secs] 
10323.557: [GC 10323.558: [ParNew: 337908K->34069K(353920K), 0.1016687 secs] 2354905K->2051066K(3106432K) icms_dc=100 , 0.1032683 secs] [Times: user=1.13 sys=0.09, real=0.10 secs] 
10323.700: [GC 10323.701: [ParNew: 38831K->28924K(353920K), 0.0642110 secs] 2055828K->2053672K(3106432K) icms_dc=100 , 0.0654762 secs] [Times: user=0.94 sys=0.02, real=0.07 secs] 
10324.581: [GC 10324.582: [ParNew: 343548K->39285K(353920K), 0.0598239 secs] 2368296K->2064033K(3106432K) icms_dc=100 , 0.0613653 secs] [Times: user=0.90 sys=0.01, real=0.06 secs] 
10325.456: [GC 10325.457: [ParNew: 353909K->27577K(353920K), 0.0874942 secs] 2378657K->2068911K(3106432K) icms_dc=100 , 0.0890198 secs] [Times: user=1.06 sys=0.04, real=0.09 secs] 
10326.387: [GC 10326.388: [ParNew: 342201K->34486K(353920K), 0.0969022 secs] 2383535K->2075820K(3106432K) icms_dc=100 , 0.0984637 secs] [Times: user=0.88 sys=0.02, real=0.10 secs] 
10327.189: [GC 10327.190: [ParNew: 349110K->27296K(353920K), 0.0768973 secs] 2390444K->2084111K(3106432K) icms_dc=100 , 0.0784201 secs] [Times: user=1.00 sys=0.02, real=0.08 secs] 
10328.126: [GC 10328.127: [ParNew: 342693K->39296K(353920K), 0.0942266 secs] 2399508K->2096415K(3106432K) icms_dc=100 , 0.0961161 secs] [Times: user=0.93 sys=0.04, real=0.10 secs] 
10328.253: [GC 10328.254: [ParNew: 39647K->8669K(353920K), 0.1138927 secs] 2096766K->2095614K(3106432K) icms_dc=100 , 0.1150870 secs] [Times: user=1.00 sys=0.03, real=0.12 secs] 
10329.155: [GC 10329.156: [ParNew: 323539K->29367K(353920K), 0.2355359 secs] 2410484K->2116312K(3106432K) icms_dc=100 , 0.2370967 secs] [Times: user=1.90 sys=0.45, real=0.24 secs] 
10329.487: [GC 10329.488: [ParNew: 58652K->15852K(353920K), 0.2463992 secs] 2145597K->2125747K(3106432K) icms_dc=100 , 0.2477010 secs] [Times: user=1.75 sys=0.33, real=0.25 secs] 
10330.748: [GC 10330.749: [ParNew: 330476K->28551K(353920K), 0.0993863 secs] 2440371K->2138446K(3106432K) icms_dc=100 , 0.1009345 secs] [Times: user=1.00 sys=0.06, real=0.10 secs] 
10331.019: [CMS-concurrent-mark: 21.839/33.889 secs] [Times: user=788.94 sys=23.59, real=33.89 secs] 
10331.020: [CMS-concurrent-preclean-start]
10331.630: [GC 10331.632: [ParNew: 343175K->31256K(353920K), 0.1058768 secs] 2453070K->2156057K(3106432K) icms_dc=100 , 0.1074415 secs] [Times: user=1.11 sys=0.02, real=0.11 secs] 
10332.463: [GC 10332.464: [ParNew: 345880K->29131K(353920K), 0.1601838 secs] 2470681K->2164897K(3106432K) icms_dc=100 , 0.1617221 secs] [Times: user=1.41 sys=0.12, real=0.16 secs] 
10333.369: [GC 10333.370: [ParNew: 343755K->39296K(353920K), 0.0858845 secs] 2479521K->2176383K(3106432K) icms_dc=100 , 0.0874632 secs] [Times: user=0.95 sys=0.04, real=0.09 secs] 
10334.193: [GC 10334.194: [ParNew: 353920K->31982K(353920K), 0.1554893 secs] 2491007K->2188026K(3106432K) icms_dc=100 , 0.1570296 secs] [Times: user=1.51 sys=0.20, real=0.16 secs] 
10335.195: [GC 10335.196: [ParNew: 346606K->32425K(353920K), 0.0833490 secs] 2502650K->2197431K(3106432K) icms_dc=100 , 0.0848965 secs] [Times: user=0.97 sys=0.02, real=0.09 secs] 
10336.072: [GC 10336.073: [ParNew: 347049K->33350K(353920K), 0.1503064 secs] 2512055K->2207609K(3106432K) icms_dc=100 , 0.1518601 secs] [Times: user=1.32 sys=0.15, real=0.15 secs] 
10337.035: [GC 10337.036: [ParNew: 347974K->32240K(353920K), 0.0750236 secs] 2522233K->2216701K(3106432K) icms_dc=100 , 0.0765625 secs] [Times: user=1.05 sys=0.04, real=0.08 secs] 
10337.864: [GC 10337.865: [ParNew: 347032K->31943K(353920K), 0.1275049 secs] 2531493K->2225269K(3106432K) icms_dc=100 , 0.1290146 secs] [Times: user=1.33 sys=0.17, real=0.13 secs] 
10338.024: [GC 10338.025: [ParNew: 32618K->17690K(353920K), 0.0714710 secs] 2225944K->2231937K(3106432K) icms_dc=100 , 0.0726686 secs] [Times: user=0.81 sys=0.04, real=0.07 secs] 
10338.895: [GC 10338.896: [ParNew: 332413K->25166K(353920K), 0.1135220 secs] 2546660K->2239413K(3106432K) icms_dc=100 , 0.1150384 secs] [Times: user=1.07 sys=0.12, real=0.12 secs] 
10339.042: [GC 10339.043: [ParNew: 25827K->8569K(353920K), 0.1200547 secs] 2240074K->2245197K(3106432K) icms_dc=100 , 0.1212457 secs] [Times: user=1.13 sys=0.10, real=0.12 secs] 
10339.913: [GC 10339.914: [ParNew: 323193K->27928K(353920K), 0.0722017 secs] 2559821K->2264556K(3106432K) icms_dc=100 , 0.0737376 secs] [Times: user=0.85 sys=0.03, real=0.07 secs] 
10340.867: [GC 10340.868: [ParNew: 343267K->22935K(353920K), 0.1296333 secs] 2579895K->2272014K(3106432K) icms_dc=100 , 0.1311387 secs] [Times: user=1.25 sys=0.08, real=0.13 secs] 
10341.030: [GC 10341.031: [ParNew: 23425K->24778K(353920K), 0.0532729 secs] 2272503K->2273857K(3106432K) icms_dc=100 , 0.0544741 secs] [Times: user=0.65 sys=0.01, real=0.06 secs] 
10341.851: [GC 10341.852: [ParNew: 339402K->34444K(353920K), 0.0796484 secs] 2588481K->2283523K(3106432K) icms_dc=100 , 0.0812461 secs] [Times: user=0.95 sys=0.04, real=0.08 secs] 
10342.870: [GC 10342.871: [ParNew: 348756K->36341K(353920K), 0.1296474 secs] 2597834K->2292258K(3106432K) icms_dc=100 , 0.1311808 secs] [Times: user=1.25 sys=0.14, real=0.13 secs] 
10343.778: [GC 10343.779: [ParNew: 350934K->37658K(353920K), 0.0728469 secs] 2606851K->2300291K(3106432K) icms_dc=100 , 0.0744041 secs] [Times: user=1.00 sys=0.02, real=0.08 secs] 
10344.629: [GC 10344.630: [ParNew: 352282K->31341K(353920K), 0.1332547 secs] 2614915K->2306289K(3106432K) icms_dc=100 , 0.1347849 secs] [Times: user=1.33 sys=0.12, real=0.14 secs] 
10345.474: [GC 10345.475: [ParNew: 346531K->37407K(353920K), 0.2005941 secs] 2621479K->2312355K(3106432K) icms_dc=100 , 0.2024740 secs] [Times: user=1.30 sys=0.15, real=0.20 secs] 
10345.708: [GC 10345.709: [ParNew: 37854K->34029K(353920K), 0.1462195 secs] 2312802K->2318168K(3106432K) icms_dc=100 , 0.1474552 secs] [Times: user=0.96 sys=0.01, real=0.15 secs] 
10346.576: [GC 10346.577: [ParNew: 348653K->34062K(353920K), 0.0883531 secs] 2632792K->2318201K(3106432K) icms_dc=100 , 0.0901112 secs] [Times: user=1.03 sys=0.02, real=0.09 secs] 
10347.349: [GC 10347.351: [ParNew: 348686K->39296K(353920K), 0.1248799 secs] 2632825K->2334545K(3106432K) icms_dc=100 , 0.1264547 secs] [Times: user=1.35 sys=0.04, real=0.13 secs] 
10348.346: [GC 10348.347: [ParNew: 353920K->39296K(353920K), 0.1931805 secs] 2650014K->2353948K(3106432K) icms_dc=100 , 0.1947885 secs] [Times: user=1.71 sys=0.17, real=0.20 secs] 
10349.338: [GC 10349.339: [ParNew: 353920K->29575K(353920K), 0.1657095 secs] 2668643K->2352256K(3106432K) icms_dc=100 , 0.1672223 secs] [Times: user=1.20 sys=0.04, real=0.17 secs] 
10349.551: [GC 10349.552: [ParNew: 37084K->17787K(353920K), 0.2382757 secs] 2359766K->2360692K(3106432K) icms_dc=100 , 0.2395586 secs] [Times: user=1.20 sys=0.13, real=0.24 secs] 
10350.578: [GC 10350.579: [ParNew: 332411K->31280K(353920K), 0.1140279 secs] 2675316K->2374185K(3106432K) icms_dc=100 , 0.1155890 secs] [Times: user=0.97 sys=0.02, real=0.12 secs] 
10351.379: [GC 10351.380: [ParNew: 346964K->32451K(353920K), 0.1435960 secs] 2689869K->2392032K(3106432K) icms_dc=100 , 0.1450993 secs] [Times: user=1.17 sys=0.03, real=0.15 secs] 
10351.555: [GC 10351.556: [ParNew: 33173K->18988K(353920K), 0.0730922 secs] 2392754K->2402326K(3106432K) icms_dc=100 , 0.0743313 secs] [Times: user=0.83 sys=0.03, real=0.07 secs] 
10352.336: [GC 10352.337: [ParNew: 333764K->28073K(353920K), 0.0602323 secs] 2717103K->2411411K(3106432K) icms_dc=100 , 0.0617984 secs] [Times: user=0.89 sys=0.04, real=0.06 secs] 
10352.430: [GC 10352.431: [ParNew: 28667K->12637K(353920K), 0.0967271 secs] 2412006K->2421824K(3106432K) icms_dc=100 , 0.0980923 secs] [Times: user=0.97 sys=0.03, real=0.10 secs] 
10353.321: [GC 10353.322: [ParNew: 327912K->31824K(353920K), 0.1522592 secs] 2737100K->2441011K(3106432K) icms_dc=100 , 0.1537630 secs] [Times: user=1.32 sys=0.25, real=0.15 secs] 
10353.508: [GC 10353.509: [ParNew: 32954K->11041K(353920K), 0.1421306 secs] 2442141K->2449712K(3106432K) icms_dc=100 , 0.1433668 secs] [Times: user=1.31 sys=0.19, real=0.14 secs] 
10354.395: [GC 10354.396: [ParNew: 325665K->30413K(353920K), 0.1474215 secs] 2764336K->2469084K(3106432K) icms_dc=100 , 0.1490363 secs] [Times: user=1.33 sys=0.20, real=0.15 secs] 
10355.318: [GC 10355.319: [ParNew: 345128K->28308K(353920K), 0.1591100 secs] 2783799K->2479828K(3106432K) icms_dc=100 , 0.1605764 secs] [Times: user=1.32 sys=0.05, real=0.16 secs] 
10355.516: [GC 10355.516: [ParNew: 31493K->15387K(353920K), 0.0989775 secs] 2483014K->2489820K(3106432K) icms_dc=100 , 0.1002505 secs] [Times: user=0.79 sys=0.02, real=0.10 secs] 
10356.393: [GC 10356.394: [ParNew: 330011K->29736K(353920K), 0.2245934 secs] 2804444K->2504169K(3106432K) icms_dc=100 , 0.2261144 secs] [Times: user=1.49 sys=0.24, real=0.23 secs] 
10357.299: [GC 10357.300: [ParNew: 344589K->32430K(353920K), 0.1631933 secs] 2819022K->2520257K(3106432K) icms_dc=100 , 0.1647631 secs] [Times: user=1.47 sys=0.14, real=0.17 secs] 
10357.512: [GC 10357.513: [ParNew: 42745K->17193K(353920K), 0.1712701 secs] 2530573K->2529356K(3106432K) icms_dc=100 , 0.1725442 secs] [Times: user=1.30 sys=0.16, real=0.17 secs] 
10358.360: [GC 10358.361: [ParNew: 331817K->28896K(353920K), 0.1895771 secs] 2843980K->2541059K(3106432K) icms_dc=100 , 0.1910912 secs] [Times: user=1.02 sys=0.01, real=0.19 secs] 
10359.176: [GC 10359.178: [ParNew: 344725K->25671K(353920K), 0.1345874 secs] 2856887K->2553839K(3106432K) icms_dc=100 , 0.1360979 secs] [Times: user=1.30 sys=0.16, real=0.14 secs] 
10359.345: [GC 10359.345: [ParNew: 26004K->24962K(353920K), 0.0720835 secs] 2554172K->2553130K(3106432K) icms_dc=100 , 0.0732564 secs] [Times: user=0.67 sys=0.04, real=0.07 secs] 
10360.142: [GC 10360.156: [ParNew: 339586K->36181K(353920K), 0.0685877 secs] 2867754K->2564348K(3106432K) icms_dc=100 , 0.0701373 secs] [Times: user=0.88 sys=0.03, real=0.08 secs] 
10361.351: [GC 10361.352: [ParNew: 350805K->39296K(353920K), 0.0911229 secs] 2878972K->2576828K(3106432K) icms_dc=100 , 0.0925953 secs] [Times: user=0.98 sys=0.02, real=0.09 secs] 
10362.261: [GC 10362.262: [ParNew: 353920K->37066K(353920K), 0.0824807 secs] 2891667K->2591128K(3106432K) icms_dc=100 , 0.0839732 secs] [Times: user=1.00 sys=0.03, real=0.08 secs] 
10362.376: [GC 10362.377: [ParNew: 37942K->11899K(353920K), 0.0613024 secs] 2592004K->2590947K(3106432K) icms_dc=100 , 0.0625228 secs] [Times: user=0.74 sys=0.03, real=0.06 secs] 
10363.247: [GC 10363.248: [ParNew: 326523K->29248K(353920K), 0.1630978 secs] 2905571K->2608295K(3106432K) icms_dc=100 , 0.1645854 secs] [Times: user=1.39 sys=0.26, real=0.17 secs] 
10364.263: [GC 10364.264: [ParNew: 343956K->22917K(353920K), 0.0907799 secs] 2923004K->2614006K(3106432K) icms_dc=100 , 0.0922664 secs] [Times: user=0.98 sys=0.02, real=0.09 secs] 
10364.391: [GC 10364.391: [ParNew: 25138K->24950K(353920K), 0.0865846 secs] 2616228K->2616040K(3106432K) icms_dc=100 , 0.0877544 secs] [Times: user=0.90 sys=0.11, real=0.09 secs] 
10364.668: [CMS-concurrent-preclean: 23.400/33.648 secs] [Times: user=796.17 sys=24.34, real=33.65 secs] 
10364.669: [CMS-concurrent-abortable-preclean-start]
10365.271: [GC 10365.272: [ParNew: 339574K->35996K(353920K), 0.0655426 secs] 2930664K->2627085K(3106432K) icms_dc=100 , 0.0670189 secs] [Times: user=0.77 sys=0.01, real=0.07 secs] 
10365.541: [CMS-concurrent-abortable-preclean: 0.679/0.871 secs] [Times: user=21.43 sys=0.70, real=0.87 secs] 
10365.574: [GC[YG occupancy: 108080 K (353920 K)]10365.574: [Rescan (parallel) , 0.1023316 secs]10365.677: [weak refs processing, 0.0005436 secs] [1 CMS-remark: 2591089K(2752512K)] 2699169K(3106432K), 0.1035085 secs] [Times: user=1.54 sys=0.07, real=0.10 secs] 
10365.679: [CMS-concurrent-sweep-start]
10366.406: [GC 10366.407: [ParNew: 350480K->25850K(353920K), 0.0931157 secs] 2941567K->2632134K(3106432K) icms_dc=100 , 0.0946224 secs] [Times: user=1.05 sys=0.07, real=0.10 secs] 
10367.373: [GC 10367.374: [ParNew: 340474K->27888K(353920K), 0.1226272 secs] 2946750K->2634163K(3106432K) icms_dc=100 , 0.1241037 secs] [Times: user=1.19 sys=0.19, real=0.12 secs] 
10368.329: [GC 10368.330: [ParNew: 342512K->28951K(353920K), 0.0679620 secs] 2948651K->2639301K(3106432K) icms_dc=100 , 0.0694530 secs] [Times: user=0.89 sys=0.02, real=0.07 secs] 
10369.123: [GC 10369.124: [ParNew: 343575K->29631K(353920K), 0.0909214 secs] 2953400K->2644819K(3106432K) icms_dc=100 , 0.0923840 secs] [Times: user=1.04 sys=0.05, real=0.09 secs] 
10369.867: [GC 10369.868: [ParNew: 344255K->32548K(353920K), 0.1337997 secs] 2958784K->2652468K(3106432K) icms_dc=100 , 0.1352536 secs] [Times: user=1.16 sys=0.11, real=0.14 secs] 
10370.748: [GC 10370.749: [ParNew: 347232K->36325K(353920K), 0.1320939 secs] 2967148K->2661129K(3106432K) icms_dc=100 , 0.1335516 secs] [Times: user=1.06 sys=0.09, real=0.13 secs] 
10371.604: [GC 10371.605: [ParNew: 350949K->33730K(353920K), 0.0828551 secs] 2975752K->2664282K(3106432K) icms_dc=100 , 0.0843163 secs] [Times: user=1.00 sys=0.01, real=0.08 secs] 
10372.468: [GC 10372.469: [ParNew: 348503K->39296K(353920K), 0.1063000 secs] 2979049K->2684510K(3106432K) icms_dc=100 , 0.1077517 secs] [Times: user=0.99 sys=0.02, real=0.11 secs] 
10372.607: [GC 10372.608: [ParNew: 39608K->11180K(353920K), 0.0629324 secs] 2684822K->2681804K(3106432K) icms_dc=100 , 0.0641534 secs] [Times: user=0.74 sys=0.03, real=0.06 secs] 
10373.469: [GC 10373.470: [ParNew: 326126K->32214K(353920K), 0.1032361 secs] 2996629K->2702718K(3106432K) icms_dc=100 , 0.1046737 secs] [Times: user=1.02 sys=0.08, real=0.11 secs] 
10373.606: [GC 10373.606: [ParNew: 32707K->11295K(353920K), 0.1012667 secs] 2703210K->2710545K(3106432K) icms_dc=100 , 0.1024459 secs] [Times: user=1.02 sys=0.08, real=0.10 secs] 
10374.480: [GC 10374.481: [ParNew: 325919K->28484K(353920K), 0.1436398 secs] 3025168K->2727733K(3106432K) icms_dc=100 , 0.1450665 secs] [Times: user=1.23 sys=0.18, real=0.15 secs] 
10375.366: [GC 10375.367: [ParNew: 343108K->26118K(353920K), 0.2709171 secs] 3042340K->2738888K(3106432K) icms_dc=100 , 0.2723884 secs] [Times: user=2.02 sys=0.35, real=0.27 secs] 
10376.329: [GC 10376.330: [ParNew: 340742K->37642K(353920K), 0.0714535 secs] 3053511K->2750412K(3106432K) icms_dc=100 , 0.0728712 secs] [Times: user=0.93 sys=0.04, real=0.07 secs] 
10377.069: [GC 10377.070: [ParNew (promotion failed): 352436K->344396K(353920K), 2.5246566 secs]10379.595: [CMS10381.433: [CMS-concurrent-sweep: 10.658/15.754 secs] [Times: user=284.49 sys=9.80, real=15.75 secs] 
 (concurrent mode failure): 2720088K->1645460K(2752512K), 40.0818976 secs] 3065203K->1645460K(3106432K), [CMS Perm : 206191K->204914K(402264K)] icms_dc=100 , 42.6081906 secs] [Times: user=43.65 sys=1.89, real=42.61 secs] 
10419.757: [GC 10419.757: [ParNew: 134K->4881K(353920K), 0.0901730 secs] 1645595K->1650342K(3106432K) icms_dc=100 , 0.0913432 secs] [Times: user=0.59 sys=0.09, real=0.09 secs] 
10419.954: [GC [1 CMS-initial-mark: 1645460K(2752512K)] 1651332K(3106432K), 0.2560639 secs] [Times: user=0.25 sys=0.00, real=0.26 secs] 
10420.211: [CMS-concurrent-mark-start]
10421.668: [GC 10421.669: [ParNew: 320069K->23698K(353920K), 0.3388381 secs] 1965529K->1669159K(3106432K) icms_dc=100 , 0.3403044 secs] [Times: user=1.93 sys=0.51, real=0.34 secs] 
10422.297: [GC 10422.298: [ParNew: 24326K->10664K(353920K), 0.2568006 secs] 1669787K->1678993K(3106432K) icms_dc=100 , 0.2580026 secs] [Times: user=1.49 sys=0.33, real=0.26 secs] 
10423.345: [GC 10423.346: [ParNew: 327230K->34340K(353920K), 0.2182055 secs] 1995559K->1702669K(3106432K) icms_dc=100 , 0.2195407 secs] [Times: user=1.33 sys=0.20, real=0.22 secs] 
10423.697: [GC 10423.697: [ParNew: 34577K->4016K(353920K), 0.1324667 secs] 1702906K->1704924K(3106432K) icms_dc=100 , 0.1336439 secs] [Times: user=1.07 sys=0.17, real=0.13 secs] 
10424.804: [GC 10424.804: [ParNew: 320898K->31337K(353920K), 0.1753113 secs] 2021807K->1732245K(3106432K) icms_dc=100 , 0.1766221 secs] [Times: user=1.19 sys=0.28, real=0.18 secs] 
10425.013: [GC 10425.014: [ParNew: 31532K->3032K(353920K), 0.1919114 secs] 1732440K->1733719K(3106432K) icms_dc=100 , 0.1931436 secs] [Times: user=1.23 sys=0.29, real=0.19 secs] 
10425.913: [GC 10425.914: [ParNew: 317656K->28824K(353920K), 0.0862406 secs] 2048343K->1759511K(3106432K) icms_dc=100 , 0.0875843 secs] [Times: user=0.91 sys=0.10, real=0.09 secs] 
10426.845: [GC 10426.846: [ParNew: 343448K->26572K(353920K), 0.0755819 secs] 2074135K->1771117K(3106432K) icms_dc=100 , 0.0770326 secs] [Times: user=0.84 sys=0.04, real=0.08 secs] 
10427.729: [GC 10427.730: [ParNew: 341196K->28187K(353920K), 0.0756387 secs] 2085741K->1780920K(3106432K) icms_dc=100 , 0.0771058 secs] [Times: user=0.86 sys=0.07, real=0.08 secs] 
10428.547: [GC 10428.548: [ParNew: 342811K->25177K(353920K), 0.1253213 secs] 2095544K->1785758K(3106432K) icms_dc=100 , 0.1266945 secs] [Times: user=1.09 sys=0.15, real=0.13 secs] 
10429.391: [GC 10429.392: [ParNew: 339801K->31856K(353920K), 0.2233980 secs] 2100382K->1792437K(3106432K) icms_dc=100 , 0.2248356 secs] [Times: user=1.53 sys=0.43, real=0.23 secs] 
10430.424: [GC 10430.425: [ParNew: 346480K->30186K(353920K), 0.1344095 secs] 2107061K->1796532K(3106432K) icms_dc=100 , 0.1358629 secs] [Times: user=1.20 sys=0.22, real=0.14 secs] 
10431.423: [GC 10431.424: [ParNew: 344810K->34430K(353920K), 0.0662098 secs] 2111156K->1800776K(3106432K) icms_dc=100 , 0.0675680 secs] [Times: user=0.70 sys=0.04, real=0.07 secs] 
10432.351: [GC 10432.352: [ParNew: 349631K->27527K(353920K), 0.1241868 secs] 2115976K->1800360K(3106432K) icms_dc=100 , 0.1256817 secs] [Times: user=1.08 sys=0.16, real=0.13 secs] 
10432.512: [GC 10432.513: [ParNew: 30563K->27496K(353920K), 0.1094529 secs] 1803396K->1800330K(3106432K) icms_dc=100 , 0.1106653 secs] [Times: user=0.93 sys=0.19, real=0.11 secs] 
10433.445: [GC 10433.446: [ParNew: 342255K->30839K(353920K), 0.0982968 secs] 2115089K->1803673K(3106432K) icms_dc=100 , 0.0996644 secs] [Times: user=0.99 sys=0.10, real=0.10 secs] 
10433.577: [GC 10433.590: [ParNew: 31556K->25124K(353920K), 0.0838710 secs] 1804390K->1801413K(3106432K) icms_dc=100 , 0.0850515 secs] [Times: user=0.77 sys=0.11, real=0.10 secs] 
10434.451: [GC 10434.452: [ParNew: 339748K->31764K(353920K), 0.0736075 secs] 2116037K->1808053K(3106432K) icms_dc=100 , 0.0749452 secs] [Times: user=0.75 sys=0.07, real=0.08 secs] 
10435.295: [GC 10435.295: [ParNew: 346650K->32292K(353920K), 0.1308079 secs] 2122939K->1811031K(3106432K) icms_dc=100 , 0.1321746 secs] [Times: user=1.14 sys=0.14, real=0.13 secs] 
10435.459: [GC 10435.460: [ParNew: 32963K->24143K(353920K), 0.0489437 secs] 1811702K->1809480K(3106432K) icms_dc=100 , 0.0501498 secs] [Times: user=0.64 sys=0.02, real=0.05 secs] 
10436.440: [GC 10436.441: [ParNew: 339063K->27625K(353920K), 0.0848621 secs] 2124400K->1812962K(3106432K) icms_dc=100 , 0.0862201 secs] [Times: user=0.78 sys=0.09, real=0.09 secs] 
10436.558: [GC 10436.559: [ParNew: 28380K->27600K(353920K), 0.0488836 secs] 1813717K->1812937K(3106432K) icms_dc=100 , 0.0500705 secs] [Times: user=0.60 sys=0.03, real=0.05 secs] 
10437.366: [GC 10437.367: [ParNew: 342224K->34792K(353920K), 0.1056207 secs] 2127561K->1820129K(3106432K) icms_dc=100 , 0.1069099 secs] [Times: user=0.97 sys=0.15, real=0.11 secs] 
10438.153: [GC 10438.153: [ParNew: 350509K->31896K(353920K), 0.1461036 secs] 2135846K->1824284K(3106432K) icms_dc=100 , 0.1474160 secs] [Times: user=1.36 sys=0.22, real=0.15 secs] 
10438.336: [GC 10438.337: [ParNew: 34780K->25052K(353920K), 0.0468091 secs] 1827168K->1822334K(3106432K) icms_dc=100 , 0.0480291 secs] [Times: user=0.60 sys=0.04, real=0.05 secs] 
10439.212: [GC 10439.212: [ParNew: 339676K->30311K(353920K), 0.0678770 secs] 2136958K->1827594K(3106432K) icms_dc=100 , 0.0693230 secs] [Times: user=0.75 sys=0.06, real=0.07 secs] 
10440.230: [GC 10440.231: [ParNew: 344935K->22044K(353920K), 0.0490656 secs] 2142218K->1823523K(3106432K) icms_dc=100 , 0.0503742 secs] [Times: user=0.57 sys=0.01, real=0.05 secs] 
10441.168: [GC 10441.168: [ParNew: 337181K->27434K(353920K), 0.1234990 secs] 2138659K->1828913K(3106432K) icms_dc=100 , 0.1248666 secs] [Times: user=1.04 sys=0.19, real=0.13 secs] 
10442.090: [GC 10442.091: [ParNew: 342058K->24632K(353920K), 0.0902725 secs] 2143537K->1829322K(3106432K) icms_dc=100 , 0.0915979 secs] [Times: user=0.80 sys=0.06, real=0.09 secs] 
10442.970: [GC 10442.971: [ParNew: 339256K->28483K(353920K), 0.0491304 secs] 2143946K->1833173K(3106432K) icms_dc=100 , 0.0504355 secs] [Times: user=0.57 sys=0.03, real=0.05 secs] 
10443.991: [GC 10443.992: [ParNew: 343107K->24157K(353920K), 0.0497809 secs] 2147797K->1831261K(3106432K) icms_dc=100 , 0.0510973 secs] [Times: user=0.60 sys=0.04, real=0.05 secs] 
10444.314: [CMS-concurrent-mark: 14.594/24.103 secs] [Times: user=547.33 sys=16.32, real=24.10 secs] 
10444.316: [CMS-concurrent-preclean-start]
10444.952: [GC 10444.953: [ParNew: 338669K->24490K(353920K), 0.0963893 secs] 2145773K->1831594K(3106432K) icms_dc=100 , 0.0977456 secs] [Times: user=0.88 sys=0.16, real=0.10 secs] 
10445.800: [GC 10445.801: [ParNew: 339114K->28542K(353920K), 0.0738507 secs] 2146218K->1835646K(3106432K) icms_dc=100 , 0.0751723 secs] [Times: user=0.70 sys=0.07, real=0.08 secs] 
10446.735: [GC 10446.736: [ParNew: 343166K->28362K(353920K), 0.1280498 secs] 2150270K->1837668K(3106432K) icms_dc=100 , 0.1293767 secs] [Times: user=1.01 sys=0.18, real=0.13 secs] 
10447.659: [GC 10447.660: [ParNew: 342986K->27463K(353920K), 0.0571394 secs] 2152292K->1836768K(3106432K) icms_dc=100 , 0.0584439 secs] [Times: user=0.56 sys=0.03, real=0.06 secs] 
10448.271: [CMS-concurrent-preclean: 3.180/3.956 secs] [Times: user=97.86 sys=2.79, real=3.96 secs] 
10448.272: [CMS-concurrent-abortable-preclean-start]
10448.501: [CMS-concurrent-abortable-preclean: 0.224/0.229 secs] [Times: user=4.91 sys=0.10, real=0.23 secs] 
10448.535: [GC[YG occupancy: 305530 K (353920 K)]10448.535: [Rescan (parallel) , 0.1245344 secs]10448.660: [weak refs processing, 0.0004868 secs] [1 CMS-remark: 1809305K(2752512K)] 2114836K(3106432K), 0.1255636 secs] [Times: user=1.79 sys=0.12, real=0.13 secs] 
10448.662: [CMS-concurrent-sweep-start]
10448.773: [GC 10448.774: [ParNew: 342087K->24549K(353920K), 0.0500798 secs] 2151392K->1833855K(3106432K) icms_dc=100 , 0.0513733 secs] [Times: user=0.57 sys=0.04, real=0.05 secs] 
10449.576: [GC 10449.577: [ParNew: 339173K->24783K(353920K), 0.0610807 secs] 2148478K->1834088K(3106432K) icms_dc=100 , 0.0624113 secs] [Times: user=0.64 sys=0.04, real=0.06 secs] 
10450.492: [GC 10450.493: [ParNew: 339407K->25377K(353920K), 0.0684850 secs] 2148698K->1834667K(3106432K) icms_dc=100 , 0.0698079 secs] [Times: user=0.67 sys=0.09, real=0.07 secs] 
10451.500: [GC 10451.501: [ParNew: 340001K->24386K(353920K), 0.0411864 secs] 2146318K->1830703K(3106432K) icms_dc=100 , 0.0424652 secs] [Times: user=0.54 sys=0.02, real=0.04 secs] 
10452.402: [GC 10452.403: [ParNew: 339010K->25723K(353920K), 0.0471515 secs] 2143976K->1830690K(3106432K) icms_dc=100 , 0.0484154 secs] [Times: user=0.57 sys=0.03, real=0.05 secs] 
10453.948: [GC 10453.949: [ParNew: 340347K->24118K(353920K), 0.0370115 secs] 2145158K->1828929K(3106432K) icms_dc=100 , 0.0382762 secs] [Times: user=0.53 sys=0.02, real=0.04 secs] 
10454.971: [GC 10454.972: [ParNew: 338742K->25408K(353920K), 0.1099325 secs] 2139215K->1825882K(3106432K) icms_dc=100 , 0.1111593 secs] [Times: user=0.95 sys=0.17, real=0.11 secs] 
10455.651: [CMS-concurrent-sweep: 6.294/6.989 secs] [Times: user=120.73 sys=2.68, real=6.99 secs] 
10455.653: [CMS-concurrent-reset-start]
10455.679: [CMS-concurrent-reset: 0.026/0.026 secs] [Times: user=0.52 sys=0.01, real=0.03 secs] 
10456.009: [GC 10456.010: [ParNew: 340032K->23579K(353920K), 0.0368356 secs] 2109996K->1793543K(3106432K) icms_dc=75 , 0.0381057 secs] [Times: user=0.51 sys=0.02, real=0.04 secs] 
10456.216: [GC [1 CMS-initial-mark: 1769963K(2752512K)] 1832935K(3106432K), 0.3044041 secs] [Times: user=0.31 sys=0.00, real=0.31 secs] 
10456.522: [CMS-concurrent-mark-start]
10457.738: [GC 10457.739: [ParNew: 338203K->20394K(353920K), 0.0624080 secs] 2108167K->1790358K(3106432K) icms_dc=75 , 0.0638378 secs] [Times: user=0.66 sys=0.08, real=0.06 secs] 
10459.030: [GC 10459.031: [ParNew: 334933K->25330K(353920K), 0.1366684 secs] 2104896K->1795294K(3106432K) icms_dc=75 , 0.1379802 secs] [Times: user=1.06 sys=0.28, real=0.14 secs] 
10460.490: [GC 10460.491: [ParNew: 339954K->25898K(353920K), 0.0422386 secs] 2109918K->1795861K(3106432K) icms_dc=75 , 0.0435294 secs] [Times: user=0.51 sys=0.02, real=0.04 secs] 
10462.318: [GC 10462.319: [ParNew: 340573K->21699K(353920K), 0.0639149 secs] 2110536K->1791662K(3106432K) icms_dc=75 , 0.0652112 secs] [Times: user=0.67 sys=0.08, real=0.07 secs] 
10464.262: [GC 10464.263: [ParNew: 336323K->19591K(353920K), 0.0392634 secs] 2106286K->1789554K(3106432K) icms_dc=75 , 0.0404792 secs] [Times: user=0.49 sys=0.04, real=0.04 secs] 
10465.143: [CMS-concurrent-mark: 5.584/8.621 secs] [Times: user=107.91 sys=2.17, real=8.62 secs] 
10465.144: [CMS-concurrent-preclean-start]
10465.488: [CMS-concurrent-preclean: 0.322/0.344 secs] [Times: user=2.08 sys=0.04, real=0.34 secs] 
10465.489: [CMS-concurrent-abortable-preclean-start]
10466.946: [GC 10466.946: [ParNew: 334215K->21338K(353920K), 0.0533153 secs] 2104178K->1791301K(3106432K) icms_dc=75 , 0.0545783 secs] [Times: user=0.51 sys=0.03, real=0.06 secs] 
10468.152: [CMS-concurrent-abortable-preclean: 1.847/2.663 secs] [Times: user=17.37 sys=0.41, real=2.66 secs] 
10468.185: [GC[YG occupancy: 180964 K (353920 K)]10468.186: [Rescan (parallel) , 0.2015420 secs]10468.387: [weak refs processing, 0.0061014 secs] [1 CMS-remark: 1769963K(2752512K)] 1950927K(3106432K), 0.2087467 secs] [Times: user=1.73 sys=0.40, real=0.21 secs] 
10468.396: [CMS-concurrent-sweep-start]
10469.451: [GC 10469.452: [ParNew: 335962K->22334K(353920K), 0.0757580 secs] 2105923K->1792295K(3106432K) icms_dc=75 , 0.0769938 secs] [Times: user=0.68 sys=0.10, real=0.08 secs] 
10472.879: [GC 10472.880: [ParNew: 336657K->23064K(353920K), 0.0616601 secs] 2100165K->1786572K(3106432K) icms_dc=75 , 0.0629544 secs] [Times: user=0.53 sys=0.03, real=0.06 secs] 
10475.423: [CMS-concurrent-sweep: 5.659/7.027 secs] [Times: user=38.43 sys=0.88, real=7.03 secs] 
10475.424: [CMS-concurrent-reset-start]
10475.857: [GC 10475.870: [ParNew: 337587K->23463K(353920K), 0.0728434 secs] 1924781K->1610657K(3106432K) icms_dc=75 , 0.0740970 secs] [Times: user=0.66 sys=0.08, real=0.09 secs] 
10476.271: [CMS-concurrent-reset: 0.025/0.847 secs] [Times: user=4.07 sys=0.18, real=0.85 secs] 
10478.296: [GC 10478.297: [ParNew: 338001K->24697K(353920K), 0.0480470 secs] 1925195K->1611891K(3106432K) icms_dc=57 , 0.0493196 secs] [Times: user=0.51 sys=0.01, real=0.05 secs] 
10479.020: [GC [1 CMS-initial-mark: 1587193K(2752512K)] 1679693K(3106432K), 0.3526322 secs] [Times: user=0.36 sys=0.01, real=0.35 secs] 
10479.374: [CMS-concurrent-mark-start]
10481.233: [GC 10481.234: [ParNew: 339321K->24837K(353920K), 0.0523243 secs] 1926515K->1612030K(3106432K) icms_dc=57 , 0.0536113 secs] [Times: user=0.53 sys=0.03, real=0.05 secs] 
10484.764: [GC 10484.765: [ParNew: 339461K->21893K(353920K), 0.0538574 secs] 1926654K->1609086K(3106432K) icms_dc=57 , 0.0551019 secs] [Times: user=0.52 sys=0.03, real=0.06 secs] 
10486.471: [CMS-concurrent-mark: 4.999/7.098 secs] [Times: user=55.96 sys=0.74, real=7.10 secs] 
10486.472: [CMS-concurrent-preclean-start]
10486.767: [CMS-concurrent-preclean: 0.277/0.295 secs] [Times: user=0.93 sys=0.01, real=0.30 secs] 
10486.768: [CMS-concurrent-abortable-preclean-start]
10488.934: [GC 10488.935: [ParNew: 336517K->27074K(353920K), 0.0535214 secs] 1923710K->1614267K(3106432K) icms_dc=57 , 0.0547981 secs] [Times: user=0.54 sys=0.02, real=0.06 secs] 
10491.375: [CMS-concurrent-abortable-preclean: 2.753/4.607 secs] [Times: user=14.90 sys=0.33, real=4.61 secs] 
10491.409: [GC[YG occupancy: 189422 K (353920 K)]10491.409: [Rescan (parallel) , 0.3123111 secs]10491.722: [weak refs processing, 0.0015575 secs] [1 CMS-remark: 1587193K(2752512K)] 1776615K(3106432K), 0.3144313 secs] [Times: user=2.31 sys=0.72, real=0.32 secs] 
10491.725: [CMS-concurrent-sweep-start]
10493.790: [GC 10493.791: [ParNew: 341698K->19861K(353920K), 0.0487174 secs] 1928879K->1607042K(3106432K) icms_dc=57 , 0.0500021 secs] [Times: user=0.56 sys=0.02, real=0.05 secs] 
10498.051: [GC 10498.052: [ParNew: 334485K->24095K(353920K), 0.0502348 secs] 1921627K->1611237K(3106432K) icms_dc=57 , 0.0514863 secs] [Times: user=0.56 sys=0.03, real=0.05 secs] 
10502.050: [CMS-concurrent-sweep: 5.401/10.325 secs] [Times: user=32.34 sys=0.68, real=10.33 secs] 
10502.051: [CMS-concurrent-reset-start]
10502.076: [CMS-concurrent-reset: 0.025/0.025 secs] [Times: user=0.08 sys=0.01, real=0.03 secs] 
10505.371: [GC 10505.372: [ParNew: 338296K->24411K(353920K), 0.0564579 secs] 1923808K->1609922K(3106432K) icms_dc=43 , 0.0577209 secs] [Times: user=0.56 sys=0.03, real=0.06 secs] 
10506.511: [GC [1 CMS-initial-mark: 1585511K(2752512K)] 1700017K(3106432K), 0.5037631 secs] [Times: user=0.51 sys=0.00, real=0.50 secs] 
10507.016: [CMS-concurrent-mark-start]
10513.591: [GC 10513.592: [ParNew: 339035K->26773K(353920K), 0.0558097 secs] 1924546K->1612285K(3106432K) icms_dc=43 , 0.0570265 secs] [Times: user=0.56 sys=0.03, real=0.06 secs] 
10517.481: [CMS-concurrent-mark: 4.673/10.465 secs] [Times: user=39.31 sys=0.52, real=10.47 secs] 
10517.482: [CMS-concurrent-preclean-start]
10517.768: [CMS-concurrent-preclean: 0.268/0.285 secs] [Times: user=0.89 sys=0.01, real=0.29 secs] 
10517.769: [CMS-concurrent-abortable-preclean-start]
10520.893: [GC 10520.893: [ParNew: 341397K->25825K(353920K), 0.0564238 secs] 1926909K->1611336K(3106432K) icms_dc=43 , 0.0576772 secs] [Times: user=0.58 sys=0.02, real=0.06 secs] 
 CMS: abort preclean due to time 10523.729: [CMS-concurrent-abortable-preclean: 1.254/5.960 secs] [Times: user=13.79 sys=0.50, real=5.96 secs] 
10523.762: [GC[YG occupancy: 132493 K (353920 K)]10523.763: [Rescan (parallel) , 0.3976996 secs]10524.161: [weak refs processing, 0.0011486 secs] [1 CMS-remark: 1585511K(2752512K)] 1718005K(3106432K), 0.3993802 secs] [Times: user=2.49 sys=1.03, real=0.40 secs] 
10524.163: [CMS-concurrent-sweep-start]
10530.199: [GC 10530.200: [ParNew: 340449K->26979K(353920K), 0.0600115 secs] 1921839K->1608369K(3106432K) icms_dc=43 , 0.0613114 secs] [Times: user=0.60 sys=0.02, real=0.06 secs] 
10534.564: [CMS-concurrent-sweep: 5.444/10.401 secs] [Times: user=21.66 sys=0.41, real=10.40 secs] 
10534.565: [CMS-concurrent-reset-start]
10534.590: [CMS-concurrent-reset: 0.025/0.025 secs] [Times: user=0.03 sys=0.00, real=0.03 secs] 
10540.366: [GC 10540.366: [ParNew: 341603K->27798K(353920K), 0.0465226 secs] 1919052K->1605247K(3106432K) icms_dc=33 , 0.0477490 secs] [Times: user=0.53 sys=0.01, real=0.05 secs] 
10544.680: [GC [1 CMS-initial-mark: 1577448K(2752512K)] 1711152K(3106432K), 0.5269101 secs] [Times: user=0.52 sys=0.00, real=0.53 secs] 
10545.209: [CMS-concurrent-mark-start]
10550.226: [GC 10550.227: [ParNew: 342422K->30737K(353920K), 0.0584492 secs] 1919871K->1608185K(3106432K) icms_dc=33 , 0.0597409 secs] [Times: user=0.61 sys=0.03, real=0.06 secs] 
10554.240: [CMS-concurrent-mark: 4.605/9.031 secs] [Times: user=40.69 sys=0.55, real=9.03 secs] 
10554.241: [CMS-concurrent-preclean-start]
10558.720: [GC 10558.721: [ParNew: 345250K->24797K(353920K), 0.0563920 secs] 1922699K->1602246K(3106432K) icms_dc=33 , 0.0576287 secs] [Times: user=0.68 sys=0.03, real=0.06 secs] 
10560.501: [CMS-concurrent-preclean: 0.332/6.260 secs] [Times: user=10.34 sys=0.27, real=6.26 secs] 
10560.502: [CMS-concurrent-abortable-preclean-start]
10560.968: [CMS-concurrent-abortable-preclean: 0.401/0.466 secs] [Times: user=1.69 sys=0.06, real=0.47 secs] 
10560.999: [GC[YG occupancy: 183729 K (353920 K)]10560.999: [Rescan (parallel) , 0.4315752 secs]10561.431: [weak refs processing, 0.0010209 secs] [1 CMS-remark: 1577448K(2752512K)] 1761178K(3106432K), 0.4331346 secs] [Times: user=2.69 sys=1.04, real=0.43 secs] 
10561.433: [CMS-concurrent-sweep-start]
10563.103: [GC 10563.104: [ParNew: 339421K->29650K(353920K), 0.0518405 secs] 1916867K->1607096K(3106432K) icms_dc=33 , 0.0531540 secs] [Times: user=0.61 sys=0.03, real=0.05 secs] 
10566.265: [GC 10566.266: [ParNew: 344274K->19776K(353920K), 0.0905612 secs] 1921710K->1606077K(3106432K) icms_dc=33 , 0.0918218 secs] [Times: user=0.74 sys=0.03, real=0.09 secs] 
10568.663: [GC 10568.664: [ParNew: 334400K->16732K(353920K), 0.0538524 secs] 1920696K->1603029K(3106432K) icms_dc=33 , 0.0550843 secs] [Times: user=0.52 sys=0.03, real=0.06 secs] 
10571.011: [GC 10571.011: [ParNew: 331356K->18059K(353920K), 0.0585028 secs] 1917651K->1604353K(3106432K) icms_dc=33 , 0.0597474 secs] [Times: user=0.52 sys=0.03, real=0.06 secs] 
10572.722: [GC 10572.723: [ParNew: 332683K->22293K(353920K), 0.0855085 secs] 1918957K->1608567K(3106432K) icms_dc=33 , 0.0868205 secs] [Times: user=0.67 sys=0.06, real=0.09 secs] 
10574.013: [GC 10574.014: [ParNew: 336917K->24589K(353920K), 0.0571884 secs] 1923181K->1610853K(3106432K) icms_dc=33 , 0.0584253 secs] [Times: user=0.57 sys=0.03, real=0.06 secs] 
10575.304: [GC 10575.304: [ParNew: 339230K->23752K(353920K), 0.0730897 secs] 1925490K->1610012K(3106432K) icms_dc=33 , 0.0743376 secs] [Times: user=0.67 sys=0.05, real=0.07 secs] 
10575.410: [GC 10575.411: [ParNew: 25641K->22558K(353920K), 0.0374413 secs] 1611901K->1608818K(3106432K) icms_dc=33 , 0.0386699 secs] [Times: user=0.54 sys=0.03, real=0.04 secs] 
10576.479: [GC 10576.480: [ParNew: 337182K->29431K(353920K), 0.1291554 secs] 1923436K->1615685K(3106432K) icms_dc=33 , 0.1304049 secs] [Times: user=1.06 sys=0.17, real=0.13 secs] 
10577.688: [GC 10577.689: [ParNew: 344055K->23098K(353920K), 0.1015655 secs] 1930284K->1612323K(3106432K) icms_dc=33 , 0.1028108 secs] [Times: user=0.87 sys=0.10, real=0.10 secs] 
10578.898: [GC 10578.899: [ParNew: 337859K->24958K(353920K), 0.0506794 secs] 1927060K->1614159K(3106432K) icms_dc=33 , 0.0519627 secs] [Times: user=0.59 sys=0.03, real=0.05 secs] 
10580.010: [GC 10580.010: [ParNew: 339582K->22512K(353920K), 0.0461102 secs] 1928747K->1611677K(3106432K) icms_dc=33 , 0.0473812 secs] [Times: user=0.53 sys=0.03, real=0.05 secs] 
10581.115: [GC 10581.116: [ParNew: 337136K->22131K(353920K), 0.0393807 secs] 1926221K->1611216K(3106432K) icms_dc=33 , 0.0406545 secs] [Times: user=0.54 sys=0.02, real=0.05 secs] 
10581.501: [CMS-concurrent-sweep: 6.136/20.068 secs] [Times: user=215.12 sys=5.31, real=20.07 secs] 
10581.503: [CMS-concurrent-reset-start]
10581.530: [CMS-concurrent-reset: 0.027/0.027 secs] [Times: user=0.61 sys=0.01, real=0.03 secs] 
10582.262: [GC 10582.263: [ParNew: 336715K->22571K(353920K), 0.0529568 secs] 1925800K->1611655K(3106432K) icms_dc=25 , 0.0542293 secs] [Times: user=0.61 sys=0.05, real=0.05 secs] 
10582.854: [GC [1 CMS-initial-mark: 1589084K(2752512K)] 1729739K(3106432K), 0.5244298 secs] [Times: user=0.52 sys=0.01, real=0.53 secs] 
10583.380: [CMS-concurrent-mark-start]
10584.233: [GC 10584.234: [ParNew: 337163K->26574K(353920K), 0.1265360 secs] 1926247K->1615658K(3106432K) icms_dc=25 , 0.1277998 secs] [Times: user=0.95 sys=0.20, real=0.13 secs] 
10587.841: [GC 10587.841: [ParNew: 341198K->17555K(353920K), 0.0508419 secs] 1930282K->1606639K(3106432K) icms_dc=25 , 0.0520953 secs] [Times: user=0.50 sys=0.03, real=0.05 secs] 
10591.354: [GC 10591.355: [ParNew: 332179K->21752K(353920K), 0.0607693 secs] 1921263K->1610836K(3106432K) icms_dc=25 , 0.0621196 secs] [Times: user=0.53 sys=0.03, real=0.06 secs] 
10594.523: [GC 10594.524: [ParNew: 336376K->23593K(353920K), 0.0524668 secs] 1925460K->1612677K(3106432K) icms_dc=25 , 0.0537454 secs] [Times: user=0.53 sys=0.02, real=0.05 secs] 
10597.235: [GC 10597.236: [ParNew: 338217K->23254K(353920K), 0.0626355 secs] 1927301K->1612338K(3106432K) icms_dc=25 , 0.0638796 secs] [Times: user=0.54 sys=0.03, real=0.06 secs] 
10600.690: [GC 10600.691: [ParNew: 337878K->23216K(353920K), 0.0497304 secs] 1926962K->1612301K(3106432K) icms_dc=25 , 0.0510033 secs] [Times: user=0.53 sys=0.01, real=0.05 secs] 
10602.981: [GC 10602.982: [ParNew: 337803K->27117K(353920K), 0.0562996 secs] 1926887K->1616201K(3106432K) icms_dc=25 , 0.0575279 secs] [Times: user=0.56 sys=0.02, real=0.06 secs] 
10604.663: [CMS-concurrent-mark: 4.901/21.283 secs] [Times: user=130.29 sys=3.15, real=21.28 secs] 
10604.664: [CMS-concurrent-preclean-start]
10605.755: [GC 10605.756: [ParNew: 341741K->22324K(353920K), 0.0438305 secs] 1930825K->1611408K(3106432K) icms_dc=25 , 0.0451061 secs] [Times: user=0.56 sys=0.02, real=0.05 secs] 
10607.102: [CMS-concurrent-preclean: 0.354/2.438 secs] [Times: user=11.86 sys=0.28, real=2.44 secs] 
10607.103: [CMS-concurrent-abortable-preclean-start]
10607.474: [CMS-concurrent-abortable-preclean: 0.370/0.372 secs] [Times: user=1.43 sys=0.03, real=0.37 secs] 
10607.507: [GC[YG occupancy: 194009 K (353920 K)]10607.508: [Rescan (parallel) , 0.5391799 secs]10608.047: [weak refs processing, 0.0011851 secs] [1 CMS-remark: 1589084K(2752512K)] 1783094K(3106432K), 0.5408763 secs] [Times: user=3.25 sys=1.28, real=0.54 secs] 
10608.050: [CMS-concurrent-sweep-start]
10608.793: [GC 10608.794: [ParNew: 336948K->25894K(353920K), 0.0586492 secs] 1926030K->1614976K(3106432K) icms_dc=25 , 0.0599073 secs] [Times: user=0.58 sys=0.03, real=0.06 secs] 
10611.504: [GC 10611.504: [ParNew: 340518K->27272K(353920K), 0.0570119 secs] 1929543K->1616298K(3106432K) icms_dc=25 , 0.0582756 secs] [Times: user=0.61 sys=0.03, real=0.06 secs] 
10614.069: [GC 10614.070: [ParNew: 341896K->20669K(353920K), 0.0520566 secs] 1930858K->1609631K(3106432K) icms_dc=25 , 0.0533469 secs] [Times: user=0.64 sys=0.03, real=0.05 secs] 
10617.947: [GC 10617.948: [ParNew: 335293K->26486K(353920K), 0.0545330 secs] 1917632K->1608826K(3106432K) icms_dc=25 , 0.0557608 secs] [Times: user=0.61 sys=0.02, real=0.06 secs] 
10619.735: [GC 10619.736: [ParNew: 341110K->29696K(353920K), 0.0515012 secs] 1923445K->1612031K(3106432K) icms_dc=25 , 0.0527466 secs] [Times: user=0.60 sys=0.02, real=0.05 secs] 
10621.597: [GC 10621.598: [ParNew: 344320K->20456K(353920K), 0.0685064 secs] 1926614K->1609753K(3106432K) icms_dc=25 , 0.0697719 secs] [Times: user=0.71 sys=0.02, real=0.07 secs] 
10623.277: [GC 10623.278: [ParNew: 334834K->16229K(353920K), 0.0528303 secs] 1924006K->1605401K(3106432K) icms_dc=25 , 0.0540450 secs] [Times: user=0.47 sys=0.03, real=0.05 secs] 
10625.952: [GC 10625.952: [ParNew: 330853K->19608K(353920K), 0.0565904 secs] 1919021K->1607776K(3106432K) icms_dc=25 , 0.0578267 secs] [Times: user=0.52 sys=0.03, real=0.06 secs] 
10628.600: [GC 10628.600: [ParNew: 334232K->18605K(353920K), 0.0583765 secs] 1919152K->1603525K(3106432K) icms_dc=25 , 0.0595892 secs] [Times: user=0.49 sys=0.03, real=0.06 secs] 
10630.970: [CMS-concurrent-sweep: 5.317/22.921 secs] [Times: user=124.74 sys=2.90, real=22.92 secs] 
10630.972: [CMS-concurrent-reset-start]
10630.997: [CMS-concurrent-reset: 0.025/0.025 secs] [Times: user=0.12 sys=0.01, real=0.03 secs] 
10632.520: [GC 10632.521: [ParNew: 333229K->19704K(353920K), 0.0658948 secs] 1916534K->1603009K(3106432K) icms_dc=19 , 0.0671788 secs] [Times: user=0.51 sys=0.03, real=0.07 secs] 
10633.874: [GC [1 CMS-initial-mark: 1583304K(2752512K)] 1730561K(3106432K), 0.5585249 secs] [Times: user=0.56 sys=0.00, real=0.56 secs] 
10634.434: [CMS-concurrent-mark-start]
10636.146: [GC 10636.146: [ParNew: 334328K->19505K(353920K), 0.0581155 secs] 1917633K->1602809K(3106432K) icms_dc=19 , 0.0593632 secs] [Times: user=0.56 sys=0.03, real=0.06 secs] 
10639.283: [GC 10639.284: [ParNew: 334129K->22367K(353920K), 0.0481621 secs] 1917433K->1605672K(3106432K) icms_dc=19 , 0.0494041 secs] [Times: user=0.51 sys=0.02, real=0.05 secs] 
10642.529: [GC 10642.530: [ParNew: 336991K->20395K(353920K), 0.0597709 secs] 1920296K->1603700K(3106432K) icms_dc=19 , 0.0610155 secs] [Times: user=0.52 sys=0.03, real=0.06 secs] 
10646.071: [GC 10646.072: [ParNew: 335019K->22439K(353920K), 0.0666180 secs] 1918324K->1605743K(3106432K) icms_dc=19 , 0.0678587 secs] [Times: user=0.59 sys=0.05, real=0.07 secs] 
10649.624: [GC 10649.625: [ParNew: 337063K->20091K(353920K), 0.0826942 secs] 1920367K->1603396K(3106432K) icms_dc=19 , 0.0840447 secs] [Times: user=0.72 sys=0.07, real=0.08 secs] 
10651.728: [GC 10651.729: [ParNew: 334715K->23460K(353920K), 0.0514434 secs] 1918020K->1606764K(3106432K) icms_dc=19 , 0.0526876 secs] [Times: user=0.55 sys=0.02, real=0.05 secs] 
10653.173: [GC 10653.174: [ParNew: 338054K->28137K(353920K), 0.0551874 secs] 1921358K->1611442K(3106432K) icms_dc=19 , 0.0564559 secs] [Times: user=0.58 sys=0.01, real=0.06 secs] 
10654.272: [GC 10654.273: [ParNew: 342761K->26233K(353920K), 0.0686458 secs] 1926066K->1614343K(3106432K) icms_dc=19 , 0.0699295 secs] [Times: user=0.69 sys=0.02, real=0.07 secs] 
10655.489: [GC 10655.490: [ParNew: 340857K->18893K(353920K), 0.0444392 secs] 1928967K->1607002K(3106432K) icms_dc=19 , 0.0457178 secs] [Times: user=0.53 sys=0.04, real=0.05 secs] 
10656.326: [CMS-concurrent-mark: 4.921/21.892 secs] [Times: user=167.36 sys=3.73, real=21.89 secs] 
10656.327: [CMS-concurrent-preclean-start]
10656.887: [GC 10656.888: [ParNew: 333517K->20268K(353920K), 0.0477963 secs] 1921626K->1608377K(3106432K) icms_dc=19 , 0.0490750 secs] [Times: user=0.50 sys=0.04, real=0.05 secs] 
10658.132: [GC 10658.133: [ParNew: 334892K->21799K(353920K), 0.0455978 secs] 1923001K->1609908K(3106432K) icms_dc=19 , 0.0468663 secs] [Times: user=0.55 sys=0.04, real=0.05 secs] 
10659.326: [GC 10659.327: [ParNew: 336423K->21435K(353920K), 0.0769035 secs] 1924532K->1609544K(3106432K) icms_dc=19 , 0.0781883 secs] [Times: user=0.73 sys=0.11, real=0.08 secs] 
10660.658: [GC 10660.659: [ParNew: 336059K->19007K(353920K), 0.0366729 secs] 1924168K->1607116K(3106432K) icms_dc=19 , 0.0379463 secs] [Times: user=0.49 sys=0.03, real=0.04 secs] 
10661.522: [CMS-concurrent-preclean: 0.655/5.195 secs] [Times: user=63.90 sys=1.50, real=5.20 secs] 
10661.523: [CMS-concurrent-abortable-preclean-start]
10661.809: [CMS-concurrent-abortable-preclean: 0.272/0.286 secs] [Times: user=1.72 sys=0.03, real=0.29 secs] 
10661.842: [GC[YG occupancy: 191744 K (353920 K)]10661.842: [Rescan (parallel) , 0.5242605 secs]10662.367: [weak refs processing, 0.0011310 secs] [1 CMS-remark: 1588109K(2752512K)] 1779853K(3106432K), 0.5258849 secs] [Times: user=3.08 sys=1.25, real=0.53 secs] 
10662.369: [CMS-concurrent-sweep-start]
10663.449: [GC 10663.450: [ParNew: 333631K->22726K(353920K), 0.0516460 secs] 1921739K->1610834K(3106432K) icms_dc=19 , 0.0528803 secs] [Times: user=0.54 sys=0.03, real=0.05 secs] 
10665.876: [GC 10665.891: [ParNew: 337350K->21089K(353920K), 0.0522510 secs] 1925452K->1609190K(3106432K) icms_dc=19 , 0.0534883 secs] [Times: user=0.50 sys=0.03, real=0.07 secs] 
10671.033: [GC 10671.033: [ParNew: 335713K->18851K(353920K), 0.0516398 secs] 1923770K->1606908K(3106432K) icms_dc=19 , 0.0528958 secs] [Times: user=0.51 sys=0.03, real=0.05 secs] 
10674.447: [GC 10674.448: [ParNew: 333475K->24091K(353920K), 0.0612464 secs] 1920198K->1610814K(3106432K) icms_dc=19 , 0.0625065 secs] [Times: user=0.59 sys=0.04, real=0.06 secs] 
10678.603: [GC 10678.604: [ParNew: 338715K->22961K(353920K), 0.0463702 secs] 1920327K->1604573K(3106432K) icms_dc=19 , 0.0476042 secs] [Times: user=0.55 sys=0.02, real=0.05 secs] 
10683.292: [GC 10683.293: [ParNew: 337585K->23938K(353920K), 0.0473700 secs] 1919058K->1605411K(3106432K) icms_dc=19 , 0.0486245 secs] [Times: user=0.55 sys=0.02, real=0.05 secs] 
10686.826: [GC 10686.827: [ParNew: 338562K->25972K(353920K), 0.0452691 secs] 1918904K->1606314K(3106432K) icms_dc=19 , 0.0465143 secs] [Times: user=0.54 sys=0.02, real=0.05 secs] 
10692.110: [GC 10692.111: [ParNew: 340596K->24548K(353920K), 0.0458157 secs] 1916461K->1600413K(3106432K) icms_dc=19 , 0.0470531 secs] [Times: user=0.55 sys=0.03, real=0.05 secs] 
10694.062: [CMS-concurrent-sweep: 5.101/31.692 secs] [Times: user=111.11 sys=2.96, real=31.69 secs] 
10694.063: [CMS-concurrent-reset-start]
10694.088: [CMS-concurrent-reset: 0.025/0.025 secs] [Times: user=0.08 sys=0.00, real=0.03 secs] 
10695.939: [GC 10695.939: [ParNew: 339172K->24629K(353920K), 0.0461164 secs] 1914929K->1600386K(3106432K) icms_dc=14 , 0.0473370 secs] [Times: user=0.57 sys=0.02, real=0.05 secs] 
10697.509: [GC [1 CMS-initial-mark: 1575756K(2752512K)] 1735881K(3106432K), 0.5518259 secs] [Times: user=0.55 sys=0.00, real=0.55 secs] 
10698.063: [CMS-concurrent-mark-start]
10700.921: [GC 10700.922: [ParNew: 339253K->24016K(353920K), 0.0602887 secs] 1915010K->1599773K(3106432K) icms_dc=14 , 0.0615490 secs] [Times: user=0.62 sys=0.04, real=0.06 secs] 
10703.741: [GC 10703.742: [ParNew: 338640K->26724K(353920K), 0.0684321 secs] 1914397K->1602481K(3106432K) icms_dc=14 , 0.0696713 secs] [Times: user=0.67 sys=0.04, real=0.07 secs] 
10708.064: [GC 10708.064: [ParNew: 341348K->24823K(353920K), 0.0510725 secs] 1917105K->1600580K(3106432K) icms_dc=14 , 0.0523358 secs] [Times: user=0.56 sys=0.01, real=0.05 secs] 
10711.406: [GC 10711.406: [ParNew: 339447K->25211K(353920K), 0.0463012 secs] 1915204K->1600968K(3106432K) icms_dc=14 , 0.0475977 secs] [Times: user=0.57 sys=0.02, real=0.05 secs] 
10717.901: [GC 10717.902: [ParNew: 339835K->28219K(353920K), 0.0522382 secs] 1915592K->1603976K(3106432K) icms_dc=14 , 0.0534756 secs] [Times: user=0.58 sys=0.02, real=0.05 secs] 
10721.687: [GC 10721.688: [ParNew: 342843K->30159K(353920K), 0.0568502 secs] 1918600K->1605916K(3106432K) icms_dc=14 , 0.0581357 secs] [Times: user=0.62 sys=0.02, real=0.06 secs] 
10724.438: [GC 10724.438: [ParNew: 344721K->29417K(353920K), 0.0500680 secs] 1920477K->1605174K(3106432K) icms_dc=14 , 0.0513116 secs] [Times: user=0.60 sys=0.02, real=0.05 secs] 
10726.684: [GC 10726.684: [ParNew: 344041K->30478K(353920K), 0.0467402 secs] 1919798K->1606235K(3106432K) icms_dc=14 , 0.0479850 secs] [Times: user=0.61 sys=0.01, real=0.05 secs] 
10728.883: [GC 10728.883: [ParNew: 345102K->21177K(353920K), 0.0791152 secs] 1920859K->1605385K(3106432K) icms_dc=14 , 0.0803674 secs] [Times: user=0.77 sys=0.02, real=0.08 secs] 
10731.907: [GC 10731.908: [ParNew: 335801K->19787K(353920K), 0.1227765 secs] 1920009K->1603995K(3106432K) icms_dc=14 , 0.1240164 secs] [Times: user=0.92 sys=0.21, real=0.12 secs] 
10732.823: [CMS-concurrent-mark: 4.753/34.761 secs] [Times: user=163.33 sys=3.88, real=34.76 secs] 
10732.824: [CMS-concurrent-preclean-start]
10734.500: [GC 10734.500: [ParNew: 334411K->19266K(353920K), 0.0557675 secs] 1918619K->1603473K(3106432K) icms_dc=14 , 0.0570075 secs] [Times: user=0.50 sys=0.03, real=0.06 secs] 
10736.483: [GC 10736.484: [ParNew: 333890K->19739K(353920K), 0.0992433 secs] 1918097K->1603946K(3106432K) icms_dc=14 , 0.1006194 secs] [Times: user=0.78 sys=0.12, real=0.10 secs] 
10738.928: [GC 10738.928: [ParNew: 334363K->19893K(353920K), 0.0533373 secs] 1918570K->1604101K(3106432K) icms_dc=14 , 0.0545857 secs] [Times: user=0.52 sys=0.02, real=0.06 secs] 
10739.807: [CMS-concurrent-preclean: 0.851/6.982 secs] [Times: user=43.05 sys=1.16, real=6.98 secs] 
10739.808: [CMS-concurrent-abortable-preclean-start]
10741.765: [GC 10741.766: [ParNew: 334258K->21003K(353920K), 0.0503755 secs] 1918465K->1605211K(3106432K) icms_dc=14 , 0.0516231 secs] [Times: user=0.51 sys=0.03, real=0.05 secs] 
10742.917: [CMS-concurrent-abortable-preclean: 0.257/3.109 secs] [Times: user=13.40 sys=0.32, real=3.11 secs] 
10742.950: [GC[YG occupancy: 159888 K (353920 K)]10742.950: [Rescan (parallel) , 0.5963829 secs]10743.547: [weak refs processing, 0.0015610 secs] [1 CMS-remark: 1584207K(2752512K)] 1744095K(3106432K), 0.5984688 secs] [Times: user=3.46 sys=1.46, real=0.60 secs] 
10743.550: [CMS-concurrent-sweep-start]
10745.064: [GC 10745.065: [ParNew: 335627K->20002K(353920K), 0.0471733 secs] 1919834K->1604209K(3106432K) icms_dc=14 , 0.0483942 secs] [Times: user=0.50 sys=0.02, real=0.05 secs] 
10749.003: [GC 10749.004: [ParNew: 334626K->21055K(353920K), 0.0487450 secs] 1918830K->1605260K(3106432K) icms_dc=14 , 0.0500034 secs] [Times: user=0.54 sys=0.03, real=0.05 secs] 
10753.642: [GC 10753.643: [ParNew: 335679K->23417K(353920K), 0.0451974 secs] 1919791K->1607529K(3106432K) icms_dc=14 , 0.0464375 secs] [Times: user=0.52 sys=0.02, real=0.05 secs] 
10757.063: [GC 10757.063: [ParNew: 338041K->21431K(353920K), 0.0420487 secs] 1918610K->1601999K(3106432K) icms_dc=14 , 0.0432714 secs] [Times: user=0.52 sys=0.01, real=0.04 secs] 
10760.495: [GC 10760.496: [ParNew: 336055K->22737K(353920K), 0.0593052 secs] 1916507K->1603190K(3106432K) icms_dc=14 , 0.0605497 secs] [Times: user=0.54 sys=0.02, real=0.06 secs] 
10765.424: [GC 10765.425: [ParNew: 337361K->24612K(353920K), 0.0400194 secs] 1916877K->1604128K(3106432K) icms_dc=14 , 0.0412620 secs] [Times: user=0.56 sys=0.01, real=0.04 secs] 
10767.984: [GC 10767.985: [ParNew: 338525K->23524K(353920K), 0.0573976 secs] 1918037K->1603037K(3106432K) icms_dc=14 , 0.0586434 secs] [Times: user=0.55 sys=0.04, real=0.06 secs] 
10771.537: [GC 10771.537: [ParNew: 338148K->26066K(353920K), 0.0595310 secs] 1917636K->1605554K(3106432K) icms_dc=14 , 0.0607763 secs] [Times: user=0.59 sys=0.03, real=0.06 secs] 
10773.244: [GC 10773.244: [ParNew: 340690K->26284K(353920K), 0.0659287 secs] 1920136K->1605730K(3106432K) icms_dc=14 , 0.0671404 secs] [Times: user=0.68 sys=0.06, real=0.07 secs] 
10775.841: [GC 10775.842: [ParNew: 340908K->27920K(353920K), 0.0457219 secs] 1920312K->1607324K(3106432K) icms_dc=14 , 0.0469673 secs] [Times: user=0.57 sys=0.01, real=0.05 secs] 
10778.158: [GC 10778.159: [ParNew: 342544K->22355K(353920K), 0.0428759 secs] 1921835K->1601646K(3106432K) icms_dc=14 , 0.0441161 secs] [Times: user=0.56 sys=0.01, real=0.04 secs] 
10780.365: [GC 10780.366: [ParNew: 336979K->27816K(353920K), 0.0451097 secs] 1914052K->1604888K(3106432K) icms_dc=14 , 0.0463506 secs] [Times: user=0.60 sys=0.01, real=0.05 secs] 
10782.947: [GC 10782.948: [ParNew: 342440K->29986K(353920K), 0.0470724 secs] 1919334K->1606881K(3106432K) icms_dc=14 , 0.0483244 secs] [Times: user=0.58 sys=0.01, real=0.05 secs] 
10785.026: [GC 10785.027: [ParNew: 344610K->27594K(353920K), 0.0383570 secs] 1920610K->1603594K(3106432K) icms_dc=14 , 0.0396172 secs] [Times: user=0.57 sys=0.01, real=0.04 secs] 
10786.401: [CMS-concurrent-sweep: 5.131/42.851 secs] [Times: user=196.05 sys=4.99, real=42.85 secs] 
10786.402: [CMS-concurrent-reset-start]
10786.427: [CMS-concurrent-reset: 0.025/0.025 secs] [Times: user=0.21 sys=0.00, real=0.03 secs] 
10788.191: [GC 10788.191: [ParNew: 342218K->28184K(353920K), 0.0450767 secs] 1917973K->1603939K(3106432K) icms_dc=9 , 0.0463172 secs] [Times: user=0.62 sys=0.01, real=0.05 secs] 
10789.781: [GC [1 CMS-initial-mark: 1575755K(2752512K)] 1747303K(3106432K), 0.7009993 secs] [Times: user=0.70 sys=0.00, real=0.70 secs] 
10790.484: [CMS-concurrent-mark-start]
10791.823: [GC 10791.840: [ParNew: 342808K->30226K(353920K), 0.0419610 secs] 1918563K->1605981K(3106432K) icms_dc=9 , 0.0431924 secs] [Times: user=0.60 sys=0.02, real=0.06 secs] 
10794.785: [GC 10794.785: [ParNew: 344850K->21625K(353920K), 0.0403324 secs] 1920605K->1597381K(3106432K) icms_dc=9 , 0.0415984 secs] [Times: user=0.58 sys=0.01, real=0.04 secs] 
10797.655: [GC 10797.655: [ParNew: 336249K->27298K(353920K), 0.0495082 secs] 1912005K->1603054K(3106432K) icms_dc=9 , 0.0507384 secs] [Times: user=0.66 sys=0.02, real=0.05 secs] 
10801.493: [GC 10801.494: [ParNew: 341863K->19212K(353920K), 0.0773838 secs] 1917618K->1604073K(3106432K) icms_dc=9 , 0.0786071 secs] [Times: user=0.77 sys=0.02, real=0.08 secs] 
10804.106: [GC 10804.107: [ParNew: 333836K->17698K(353920K), 0.0647831 secs] 1918697K->1602558K(3106432K) icms_dc=9 , 0.0660684 secs] [Times: user=0.55 sys=0.04, real=0.07 secs] 
10807.097: [GC 10807.098: [ParNew: 332322K->18669K(353920K), 0.0719329 secs] 1917182K->1603530K(3106432K) icms_dc=9 , 0.0731691 secs] [Times: user=0.56 sys=0.05, real=0.07 secs] 
10809.325: [GC 10809.326: [ParNew: 333293K->21205K(353920K), 0.0737622 secs] 1918154K->1606066K(3106432K) icms_dc=9 , 0.0749813 secs] [Times: user=0.57 sys=0.03, real=0.08 secs] 
10811.006: [GC 10811.007: [ParNew: 335553K->22184K(353920K), 0.0607807 secs] 1920414K->1607045K(3106432K) icms_dc=9 , 0.0620350 secs] [Times: user=0.51 sys=0.03, real=0.06 secs] 
10813.048: [GC 10813.049: [ParNew: 336808K->24319K(353920K), 0.0702955 secs] 1921669K->1609180K(3106432K) icms_dc=9 , 0.0715457 secs] [Times: user=0.58 sys=0.04, real=0.07 secs] 
10815.412: [GC 10815.412: [ParNew: 338943K->16747K(353920K), 0.0590771 secs] 1923804K->1601607K(3106432K) icms_dc=9 , 0.0603382 secs] [Times: user=0.52 sys=0.03, real=0.06 secs] 
10818.438: [GC 10818.438: [ParNew: 331185K->21288K(353920K), 0.0526609 secs] 1916046K->1606148K(3106432K) icms_dc=9 , 0.0539062 secs] [Times: user=0.52 sys=0.02, real=0.05 secs] 
10820.525: [GC 10820.526: [ParNew: 335912K->22593K(353920K), 0.0739718 secs] 1920772K->1607454K(3106432K) icms_dc=9 , 0.0752404 secs] [Times: user=0.57 sys=0.03, real=0.08 secs] 
10823.126: [GC 10823.126: [ParNew: 337217K->22585K(353920K), 0.0739152 secs] 1922078K->1607445K(3106432K) icms_dc=9 , 0.0751995 secs] [Times: user=0.64 sys=0.05, real=0.08 secs] 
10824.943: [GC 10824.944: [ParNew: 337209K->23301K(353920K), 0.0542490 secs] 1922069K->1608162K(3106432K) icms_dc=9 , 0.0554953 secs] [Times: user=0.55 sys=0.03, real=0.06 secs] 
10826.656: [GC 10826.657: [ParNew: 337925K->26604K(353920K), 0.1112774 secs] 1922786K->1611465K(3106432K) icms_dc=9 , 0.1125958 secs] [Times: user=0.86 sys=0.13, real=0.11 secs] 
10827.993: [GC 10827.994: [ParNew: 341228K->29054K(353920K), 0.0720078 secs] 1926089K->1613915K(3106432K) icms_dc=9 , 0.0733239 secs] [Times: user=0.67 sys=0.01, real=0.07 secs] 
10829.000: [GC 10829.001: [ParNew: 343678K->32559K(353920K), 0.1619415 secs] 1928539K->1621465K(3106432K) icms_dc=9 , 0.1632285 secs] [Times: user=1.23 sys=0.14, real=0.16 secs] 
10830.023: [GC 10830.024: [ParNew: 346525K->30708K(353920K), 0.1254004 secs] 1935431K->1622641K(3106432K) icms_dc=9 , 0.1267144 secs] [Times: user=1.00 sys=0.10, real=0.13 secs] 
10830.972: [GC 10830.972: [ParNew: 345092K->27736K(353920K), 0.0877000 secs] 1937025K->1623977K(3106432K) icms_dc=9 , 0.0890249 secs] [Times: user=0.73 sys=0.03, real=0.09 secs] 
10831.832: [GC 10831.832: [ParNew: 342706K->25937K(353920K), 0.1375633 secs] 1938947K->1622178K(3106432K) icms_dc=9 , 0.1389235 secs] [Times: user=1.03 sys=0.23, real=0.14 secs] 
10832.004: [GC 10832.005: [ParNew: 26321K->26554K(353920K), 0.0435310 secs] 1622562K->1622795K(3106432K) icms_dc=9 , 0.0447423 secs] [Times: user=0.52 sys=0.03, real=0.05 secs] 
10832.895: [GC 10832.896: [ParNew: 341178K->32306K(353920K), 0.0677516 secs] 1937419K->1628547K(3106432K) icms_dc=9 , 0.0690581 secs] [Times: user=0.58 sys=0.01, real=0.07 secs] 
10833.798: [GC 10833.799: [ParNew: 346930K->28356K(353920K), 0.0783427 secs] 1943171K->1627273K(3106432K) icms_dc=9 , 0.0796505 secs] [Times: user=0.68 sys=0.03, real=0.08 secs] 
10834.711: [GC 10834.712: [ParNew: 342980K->25671K(353920K), 0.0607202 secs] 1941897K->1624588K(3106432K) icms_dc=9 , 0.0620331 secs] [Times: user=0.57 sys=0.03, real=0.06 secs] 
10835.645: [GC 10835.646: [ParNew: 339968K->25761K(353920K), 0.0768044 secs] 1938886K->1624678K(3106432K) icms_dc=9 , 0.0781817 secs] [Times: user=0.67 sys=0.08, real=0.08 secs] 
10836.394: [GC 10836.395: [ParNew: 340340K->28368K(353920K), 0.1359567 secs] 1939258K->1627285K(3106432K) icms_dc=9 , 0.1373753 secs] [Times: user=1.01 sys=0.21, real=0.14 secs] 
10837.434: [GC 10837.434: [ParNew: 342992K->28971K(353920K), 0.2547404 secs] 1941909K->1628647K(3106432K) icms_dc=9 , 0.2561992 secs] [Times: user=1.58 sys=0.43, real=0.26 secs] 
10838.534: [GC 10838.535: [ParNew: 343595K->26132K(353920K), 0.0785600 secs] 1943271K->1625808K(3106432K) icms_dc=9 , 0.0798538 secs] [Times: user=0.72 sys=0.09, real=0.08 secs] 
10839.473: [GC 10839.474: [ParNew: 340722K->24626K(353920K), 0.0451290 secs] 1940397K->1626679K(3106432K) icms_dc=9 , 0.0464503 secs] [Times: user=0.58 sys=0.03, real=0.05 secs] 
10840.530: [GC 10840.531: [ParNew: 339250K->25548K(353920K), 0.1090501 secs] 1941303K->1627600K(3106432K) icms_dc=9 , 0.1103281 secs] [Times: user=0.72 sys=0.12, real=0.11 secs] 
10841.746: [GC 10841.747: [ParNew: 340172K->20066K(353920K), 0.1196508 secs] 1942224K->1622119K(3106432K) icms_dc=9 , 0.1210343 secs] [Times: user=0.91 sys=0.15, real=0.12 secs] 
10842.948: [GC 10842.949: [ParNew: 334690K->18308K(353920K), 0.0555652 secs] 1936743K->1620361K(3106432K) icms_dc=9 , 0.0569184 secs] [Times: user=0.55 sys=0.05, real=0.06 secs] 
10843.627: [CMS-concurrent-mark: 5.130/53.143 secs] [Times: user=571.76 sys=15.70, real=53.14 secs] 
10843.628: [CMS-concurrent-preclean-start]
10844.379: [GC 10844.380: [ParNew: 332932K->17734K(353920K), 0.0641734 secs] 1934985K->1619787K(3106432K) icms_dc=9 , 0.0654454 secs] [Times: user=0.65 sys=0.09, real=0.07 secs] 
10845.656: [GC 10845.657: [ParNew: 332358K->17793K(353920K), 0.0639137 secs] 1934411K->1619846K(3106432K) icms_dc=9 , 0.0652795 secs] [Times: user=0.53 sys=0.03, real=0.07 secs] 
10846.735: [GC 10846.736: [ParNew: 332417K->18960K(353920K), 0.2319917 secs] 1934470K->1621013K(3106432K) icms_dc=9 , 0.2333889 secs] [Times: user=1.60 sys=0.51, real=0.23 secs] 
10847.973: [GC 10847.974: [ParNew: 333584K->22342K(353920K), 0.0580493 secs] 1935637K->1624395K(3106432K) icms_dc=9 , 0.0593341 secs] [Times: user=0.57 sys=0.03, real=0.06 secs] 
10849.091: [GC 10849.092: [ParNew: 336966K->24182K(353920K), 0.0461462 secs] 1939019K->1626235K(3106432K) icms_dc=9 , 0.0474223 secs] [Times: user=0.54 sys=0.03, real=0.05 secs] 
10850.301: [GC 10850.302: [ParNew: 338806K->24113K(353920K), 0.0594771 secs] 1940859K->1626165K(3106432K) icms_dc=9 , 0.0608436 secs] [Times: user=0.57 sys=0.03, real=0.06 secs] 
10851.481: [GC 10851.482: [ParNew: 338737K->19503K(353920K), 0.0436352 secs] 1940789K->1621556K(3106432K) icms_dc=9 , 0.0449652 secs] [Times: user=0.54 sys=0.03, real=0.05 secs] 
10852.975: [GC 10852.976: [ParNew: 334127K->20748K(353920K), 0.1148726 secs] 1936180K->1622800K(3106432K) icms_dc=9 , 0.1161597 secs] [Times: user=0.89 sys=0.20, real=0.12 secs] 
10854.856: [GC 10854.857: [ParNew: 335326K->21249K(353920K), 0.1115573 secs] 1937379K->1623302K(3106432K) icms_dc=9 , 0.1129104 secs] [Times: user=0.96 sys=0.19, real=0.11 secs] 
10856.049: [GC 10856.049: [ParNew: 335873K->27149K(353920K), 0.0850586 secs] 1937926K->1629202K(3106432K) icms_dc=9 , 0.0863846 secs] [Times: user=0.75 sys=0.08, real=0.09 secs] 
10857.299: [GC 10857.300: [ParNew: 341773K->25921K(353920K), 0.0608498 secs] 1943826K->1627974K(3106432K) icms_dc=9 , 0.0621171 secs] [Times: user=0.57 sys=0.03, real=0.06 secs] 
10858.315: [GC 10858.315: [ParNew: 340545K->25052K(353920K), 0.1379754 secs] 1942598K->1627105K(3106432K) icms_dc=9 , 0.1393634 secs] [Times: user=1.04 sys=0.19, real=0.14 secs] 
10859.605: [GC 10859.605: [ParNew: 339681K->26157K(353920K), 0.0708554 secs] 1941734K->1628209K(3106432K) icms_dc=9 , 0.0721534 secs] [Times: user=0.71 sys=0.07, real=0.08 secs] 
10860.808: [GC 10860.809: [ParNew: 340781K->25419K(353920K), 0.0442654 secs] 1942833K->1627472K(3106432K) icms_dc=9 , 0.0455455 secs] [Times: user=0.57 sys=0.03, real=0.05 secs] 
10862.689: [GC 10862.690: [ParNew: 340043K->24679K(353920K), 0.0686299 secs] 1942096K->1626732K(3106432K) icms_dc=9 , 0.0699059 secs] [Times: user=0.69 sys=0.06, real=0.07 secs] 
10864.198: [CMS-concurrent-preclean: 1.801/20.569 secs] [Times: user=249.56 sys=6.51, real=20.57 secs] 
10864.199: [CMS-concurrent-abortable-preclean-start]
10865.264: [GC 10865.265: [ParNew: 339179K->26205K(353920K), 0.1096053 secs] 1941232K->1628258K(3106432K) icms_dc=9 , 0.1108647 secs] [Times: user=0.90 sys=0.16, real=0.11 secs] 
10866.867: [GC 10866.868: [ParNew: 340829K->26706K(353920K), 0.0662443 secs] 1942882K->1628759K(3106432K) icms_dc=9 , 0.0674909 secs] [Times: user=0.71 sys=0.07, real=0.07 secs] 
10868.235: [GC 10868.236: [ParNew: 341330K->26110K(353920K), 0.0502044 secs] 1943383K->1628163K(3106432K) icms_dc=9 , 0.0515671 secs] [Times: user=0.61 sys=0.03, real=0.05 secs] 
10869.815: [GC 10869.816: [ParNew: 340758K->26525K(353920K), 0.0470744 secs] 1942811K->1628578K(3106432K) icms_dc=9 , 0.0483369 secs] [Times: user=0.62 sys=0.04, real=0.05 secs] 
 CMS: abort preclean due to time 10871.021: [CMS-concurrent-abortable-preclean: 0.375/6.822 secs] [Times: user=66.11 sys=1.67, real=6.82 secs] 
10871.055: [GC[YG occupancy: 170386 K (353920 K)]10871.055: [Rescan (parallel) , 0.6831061 secs]10871.739: [weak refs processing, 0.0016178 secs] [1 CMS-remark: 1602052K(2752512K)] 1772439K(3106432K), 0.6852908 secs] [Times: user=4.64 sys=2.00, real=0.69 secs] 
10871.742: [CMS-concurrent-sweep-start]
10872.682: [GC 10872.683: [ParNew: 341149K->31420K(353920K), 0.1435168 secs] 1943198K->1633468K(3106432K) icms_dc=9 , 0.1448096 secs] [Times: user=1.19 sys=0.22, real=0.15 secs] 
10874.104: [GC 10874.105: [ParNew: 346019K->24009K(353920K), 0.0869357 secs] 1948062K->1631838K(3106432K) icms_dc=9 , 0.0882345 secs] [Times: user=0.85 sys=0.05, real=0.09 secs] 
10875.453: [GC 10875.454: [ParNew: 338642K->22825K(353920K), 0.0609489 secs] 1946463K->1630647K(3106432K) icms_dc=9 , 0.0623426 secs] [Times: user=0.57 sys=0.04, real=0.06 secs] 
10876.864: [GC 10876.865: [ParNew: 337273K->21670K(353920K), 0.0601106 secs] 1945089K->1629486K(3106432K) icms_dc=9 , 0.0614504 secs] [Times: user=0.56 sys=0.04, real=0.06 secs] 
10878.538: [GC 10878.539: [ParNew: 336294K->21415K(353920K), 0.1057440 secs] 1944094K->1629215K(3106432K) icms_dc=9 , 0.1071541 secs] [Times: user=0.85 sys=0.16, real=0.11 secs] 
10880.532: [GC 10880.533: [ParNew: 336039K->16347K(353920K), 0.0509558 secs] 1943808K->1624116K(3106432K) icms_dc=9 , 0.0522058 secs] [Times: user=0.51 sys=0.03, real=0.05 secs] 
10882.648: [GC 10882.648: [ParNew: 330971K->19032K(353920K), 0.1134190 secs] 1938687K->1626749K(3106432K) icms_dc=9 , 0.1148096 secs] [Times: user=1.01 sys=0.21, real=0.12 secs] 
10884.513: [GC 10884.514: [ParNew: 333656K->22528K(353920K), 0.0530690 secs] 1941276K->1630148K(3106432K) icms_dc=9 , 0.0543509 secs] [Times: user=0.53 sys=0.03, real=0.06 secs] 
10887.308: [GC 10887.309: [ParNew: 337118K->17164K(353920K), 0.0558334 secs] 1944563K->1624609K(3106432K) icms_dc=9 , 0.0570927 secs] [Times: user=0.52 sys=0.03, real=0.06 secs] 
10889.155: [GC 10889.156: [ParNew: 331788K->21502K(353920K), 0.0672198 secs] 1938565K->1628279K(3106432K) icms_dc=9 , 0.0684737 secs] [Times: user=0.57 sys=0.04, real=0.07 secs] 
10890.936: [GC 10890.936: [ParNew: 336126K->22859K(353920K), 0.0703731 secs] 1942729K->1629463K(3106432K) icms_dc=9 , 0.0716776 secs] [Times: user=0.67 sys=0.06, real=0.07 secs] 
10893.038: [GC 10893.038: [ParNew: 337483K->22734K(353920K), 0.0464361 secs] 1943917K->1629168K(3106432K) icms_dc=9 , 0.0477091 secs] [Times: user=0.58 sys=0.03, real=0.05 secs] 
10894.882: [GC 10894.882: [ParNew: 337358K->26132K(353920K), 0.0570029 secs] 1943362K->1632135K(3106432K) icms_dc=9 , 0.0583558 secs] [Times: user=0.62 sys=0.03, real=0.06 secs] 
10897.459: [GC 10897.460: [ParNew: 340756K->25972K(353920K), 0.0687598 secs] 1944862K->1630079K(3106432K) icms_dc=9 , 0.0700702 secs] [Times: user=0.64 sys=0.04, real=0.07 secs] 
10899.195: [GC 10899.195: [ParNew: 340074K->22342K(353920K), 0.0627164 secs] 1937480K->1619748K(3106432K) icms_dc=9 , 0.0639737 secs] [Times: user=0.61 sys=0.03, real=0.06 secs] 
10901.125: [GC 10901.126: [ParNew: 337168K->25059K(353920K), 0.0429026 secs] 1933878K->1621769K(3106432K) icms_dc=9 , 0.0441450 secs] [Times: user=0.58 sys=0.03, real=0.04 secs] 
10902.977: [GC 10902.978: [ParNew: 339683K->26917K(353920K), 0.1117585 secs] 1936387K->1623621K(3106432K) icms_dc=9 , 0.1130205 secs] [Times: user=0.91 sys=0.15, real=0.11 secs] 
10904.938: [GC 10904.939: [ParNew: 341541K->28330K(353920K), 0.1464298 secs] 1938242K->1625031K(3106432K) icms_dc=9 , 0.1476923 secs] [Times: user=1.15 sys=0.28, real=0.15 secs] 
10906.899: [GC 10906.900: [ParNew: 342917K->22155K(353920K), 0.0612539 secs] 1939615K->1618854K(3106432K) icms_dc=9 , 0.0625114 secs] [Times: user=0.70 sys=0.03, real=0.06 secs] 
10908.993: [GC 10908.993: [ParNew: 336779K->27931K(353920K), 0.1153019 secs] 1933466K->1624619K(3106432K) icms_dc=9 , 0.1166154 secs] [Times: user=0.98 sys=0.18, real=0.12 secs] 
10912.131: [GC 10912.132: [ParNew: 342555K->20797K(353920K), 0.0472821 secs] 1939223K->1617464K(3106432K) icms_dc=9 , 0.0485806 secs] [Times: user=0.59 sys=0.03, real=0.05 secs] 
10916.293: [GC 10916.294: [ParNew: 335026K->27158K(353920K), 0.0457079 secs] 1931620K->1623752K(3106432K) icms_dc=9 , 0.0469784 secs] [Times: user=0.60 sys=0.01, real=0.05 secs] 
10918.851: [GC 10918.851: [ParNew: 341782K->30441K(353920K), 0.0572230 secs] 1938259K->1626918K(3106432K) icms_dc=9 , 0.0585182 secs] [Times: user=0.64 sys=0.02, real=0.06 secs] 
10921.775: [GC 10921.776: [ParNew: 345065K->29898K(353920K), 0.0609323 secs] 1941421K->1626254K(3106432K) icms_dc=9 , 0.0622274 secs] [Times: user=0.72 sys=0.03, real=0.06 secs] 
10923.704: [GC 10923.705: [ParNew: 344387K->32531K(353920K), 0.0522205 secs] 1940722K->1628866K(3106432K) icms_dc=9 , 0.0535372 secs] [Times: user=0.63 sys=0.01, real=0.05 secs] 
10926.166: [GC 10926.166: [ParNew: 347155K->19335K(353920K), 0.0743576 secs] 1943176K->1623187K(3106432K) icms_dc=9 , 0.0756595 secs] [Times: user=0.77 sys=0.02, real=0.08 secs] 
10929.338: [GC 10929.339: [ParNew: 333959K->15922K(353920K), 0.0981633 secs] 1932448K->1614412K(3106432K) icms_dc=9 , 0.0993825 secs] [Times: user=0.76 sys=0.14, real=0.10 secs] 
10931.957: [GC 10931.958: [ParNew: 330549K->18866K(353920K), 0.0492679 secs] 1927857K->1616175K(3106432K) icms_dc=9 , 0.0505473 secs] [Times: user=0.52 sys=0.03, real=0.05 secs] 
10934.085: [GC 10934.086: [ParNew: 333490K->20269K(353920K), 0.0626575 secs] 1930569K->1617348K(3106432K) icms_dc=9 , 0.0639056 secs] [Times: user=0.58 sys=0.04, real=0.06 secs] 
10936.359: [GC 10936.359: [ParNew: 334893K->17848K(353920K), 0.0475512 secs] 1931228K->1614183K(3106432K) icms_dc=9 , 0.0488213 secs] [Times: user=0.49 sys=0.03, real=0.05 secs] 
10938.176: [CMS-concurrent-sweep: 5.681/66.434 secs] [Times: user=488.07 sys=12.81, real=66.43 secs] 
10938.177: [CMS-concurrent-reset-start]
10938.203: [CMS-concurrent-reset: 0.025/0.025 secs] [Times: user=0.18 sys=0.00, real=0.03 secs] 
10940.816: [GC 10940.816: [ParNew: 332472K->18641K(353920K), 0.0430023 secs] 1928661K->1614830K(3106432K) icms_dc=4 , 0.0442602 secs] [Times: user=0.48 sys=0.03, real=0.04 secs] 
10942.264: [GC [1 CMS-initial-mark: 1596188K(2752512K)] 1766185K(3106432K), 0.7177962 secs] [Times: user=0.72 sys=0.00, real=0.72 secs] 
10942.983: [CMS-concurrent-mark-start]
10943.766: [GC 10943.767: [ParNew: 333265K->23671K(353920K), 0.0593653 secs] 1929454K->1619860K(3106432K) icms_dc=4 , 0.0606498 secs] [Times: user=0.54 sys=0.03, real=0.06 secs] 
10946.180: [GC 10946.181: [ParNew: 338235K->20568K(353920K), 0.0423613 secs] 1934424K->1616757K(3106432K) icms_dc=4 , 0.0436155 secs] [Times: user=0.51 sys=0.02, real=0.04 secs] 
10948.630: [GC 10948.631: [ParNew: 335488K->23100K(353920K), 0.0471872 secs] 1931676K->1619289K(3106432K) icms_dc=4 , 0.0484086 secs] [Times: user=0.52 sys=0.03, real=0.05 secs] 
10950.903: [GC 10950.941: [ParNew: 337635K->21573K(353920K), 0.0484643 secs] 1933824K->1617762K(3106432K) icms_dc=4 , 0.0496859 secs] [Times: user=0.53 sys=0.03, real=0.09 secs] 
10953.285: [GC 10953.286: [ParNew: 336197K->21447K(353920K), 0.0502663 secs] 1932386K->1617636K(3106432K) icms_dc=4 , 0.0515126 secs] [Times: user=0.53 sys=0.03, real=0.05 secs] 
10955.886: [GC 10955.887: [ParNew: 336071K->25620K(353920K), 0.0365448 secs] 1932260K->1621809K(3106432K) icms_dc=4 , 0.0380744 secs] [Times: user=0.51 sys=0.02, real=0.04 secs] 
10958.103: [GC 10958.104: [ParNew: 340244K->23191K(353920K), 0.0373404 secs] 1936433K->1619380K(3106432K) icms_dc=4 , 0.0386014 secs] [Times: user=0.54 sys=0.01, real=0.04 secs] 
10963.091: [GC 10963.092: [ParNew: 337815K->24118K(353920K), 0.0449834 secs] 1934004K->1620307K(3106432K) icms_dc=4 , 0.0462310 secs] [Times: user=0.55 sys=0.02, real=0.05 secs] 
10964.971: [GC 10964.972: [ParNew: 338742K->24435K(353920K), 0.0426389 secs] 1934931K->1620623K(3106432K) icms_dc=4 , 0.0438776 secs] [Times: user=0.55 sys=0.03, real=0.04 secs] 
10967.873: [GC 10967.874: [ParNew: 339059K->24081K(353920K), 0.0463493 secs] 1935247K->1620270K(3106432K) icms_dc=4 , 0.0475726 secs] [Times: user=0.58 sys=0.02, real=0.05 secs] 
10972.843: [GC 10972.843: [ParNew: 338705K->24940K(353920K), 0.0743193 secs] 1934894K->1621129K(3106432K) icms_dc=4 , 0.0755583 secs] [Times: user=0.70 sys=0.06, real=0.08 secs] 
10975.717: [GC 10975.717: [ParNew: 339512K->26439K(353920K), 0.1284433 secs] 1935701K->1622628K(3106432K) icms_dc=4 , 0.1297314 secs] [Times: user=1.01 sys=0.21, real=0.13 secs] 
10979.469: [GC 10979.470: [ParNew: 341063K->26721K(353920K), 0.0521442 secs] 1937252K->1622910K(3106432K) icms_dc=4 , 0.0534198 secs] [Times: user=0.62 sys=0.02, real=0.05 secs] 
10981.834: [GC 10981.835: [ParNew: 341345K->26948K(353920K), 0.0529825 secs] 1937534K->1623137K(3106432K) icms_dc=4 , 0.0541997 secs] [Times: user=0.60 sys=0.02, real=0.05 secs] 
10985.114: [GC 10985.114: [ParNew: 341572K->27647K(353920K), 0.0560394 secs] 1937761K->1623836K(3106432K) icms_dc=4 , 0.0572788 secs] [Times: user=0.61 sys=0.01, real=0.06 secs] 
10988.522: [GC 10988.522: [ParNew: 342271K->29057K(353920K), 0.0511309 secs] 1938460K->1625246K(3106432K) icms_dc=4 , 0.0523716 secs] [Times: user=0.59 sys=0.02, real=0.05 secs] 
10990.871: [GC 10990.872: [ParNew: 343681K->27971K(353920K), 0.0730300 secs] 1939870K->1624159K(3106432K) icms_dc=4 , 0.0742876 secs] [Times: user=0.72 sys=0.05, real=0.07 secs] 
10994.869: [GC 10994.884: [ParNew: 342584K->28186K(353920K), 0.0556699 secs] 1938772K->1624375K(3106432K) icms_dc=4 , 0.0570071 secs] [Times: user=0.67 sys=0.02, real=0.07 secs] 
10997.207: [GC 10997.207: [ParNew: 342812K->31268K(353920K), 0.0556939 secs] 1939001K->1627456K(3106432K) icms_dc=4 , 0.0569412 secs] [Times: user=0.64 sys=0.02, real=0.06 secs] 
11000.327: [GC 11000.327: [ParNew: 345864K->19963K(353920K), 0.0770196 secs] 1942053K->1625110K(3106432K) icms_dc=4 , 0.0782949 secs] [Times: user=0.77 sys=0.02, real=0.08 secs] 
11003.399: [GC 11003.400: [ParNew: 334587K->17235K(353920K), 0.0535710 secs] 1939734K->1622381K(3106432K) icms_dc=4 , 0.0548098 secs] [Times: user=0.46 sys=0.03, real=0.06 secs] 
11005.467: [GC 11005.467: [ParNew: 331859K->17359K(353920K), 0.0474853 secs] 1937005K->1622505K(3106432K) icms_dc=4 , 0.0487208 secs] [Times: user=0.49 sys=0.04, real=0.05 secs] 
11007.312: [GC 11007.313: [ParNew: 331983K->19438K(353920K), 0.0491058 secs] 1937129K->1624584K(3106432K) icms_dc=4 , 0.0503293 secs] [Times: user=0.51 sys=0.03, real=0.05 secs] 
11011.793: [GC 11011.794: [ParNew: 334062K->24576K(353920K), 0.0588038 secs] 1939208K->1629722K(3106432K) icms_dc=4 , 0.0600556 secs] [Times: user=0.63 sys=0.02, real=0.06 secs] 
11014.428: [GC 11014.428: [ParNew: 339069K->29371K(353920K), 0.0446021 secs] 1944215K->1634518K(3106432K) icms_dc=4 , 0.0458366 secs] [Times: user=0.62 sys=0.02, real=0.05 secs] 
11017.013: [GC 11017.014: [ParNew: 343995K->30332K(353920K), 0.0450474 secs] 1949142K->1635479K(3106432K) icms_dc=4 , 0.0462890 secs] [Times: user=0.60 sys=0.02, real=0.05 secs] 
11021.965: [GC 11021.966: [ParNew: 344956K->32342K(353920K), 0.0487135 secs] 1950103K->1637489K(3106432K) icms_dc=4 , 0.0499722 secs] [Times: user=0.65 sys=0.02, real=0.05 secs] 
11024.151: [GC 11024.152: [ParNew: 346966K->29742K(353920K), 0.0568450 secs] 1952113K->1638074K(3106432K) icms_dc=4 , 0.0581345 secs] [Times: user=0.71 sys=0.01, real=0.06 secs] 
11026.543: [GC 11026.544: [ParNew: 344366K->31509K(353920K), 0.0659402 secs] 1952698K->1639842K(3106432K) icms_dc=4 , 0.0671836 secs] [Times: user=0.68 sys=0.05, real=0.07 secs] 
11029.109: [GC 11029.110: [ParNew: 346133K->23803K(353920K), 0.1127438 secs] 1954466K->1632135K(3106432K) icms_dc=4 , 0.1139422 secs] [Times: user=0.96 sys=0.19, real=0.11 secs] 
11032.355: [GC 11032.356: [ParNew: 338427K->28810K(353920K), 0.0472514 secs] 1946759K->1637143K(3106432K) icms_dc=4 , 0.0486120 secs] [Times: user=0.59 sys=0.01, real=0.05 secs] 
11037.700: [GC 11037.701: [ParNew: 343434K->26530K(353920K), 0.0446647 secs] 1951767K->1634862K(3106432K) icms_dc=4 , 0.0459513 secs] [Times: user=0.60 sys=0.02, real=0.05 secs] 
11041.046: [GC 11041.046: [ParNew: 340794K->28164K(353920K), 0.0398422 secs] 1949126K->1636496K(3106432K) icms_dc=4 , 0.0411354 secs] [Times: user=0.59 sys=0.01, real=0.04 secs] 
11044.003: [GC 11044.003: [ParNew: 342788K->33388K(353920K), 0.0560690 secs] 1951120K->1641721K(3106432K) icms_dc=4 , 0.0573085 secs] [Times: user=0.62 sys=0.01, real=0.06 secs] 
11045.190: [CMS-concurrent-mark: 4.697/102.207 secs] [Times: user=484.54 sys=12.10, real=102.21 secs] 
11045.191: [CMS-concurrent-preclean-start]
11047.159: [GC 11047.160: [ParNew: 347641K->24208K(353920K), 0.0593066 secs] 1955974K->1634673K(3106432K) icms_dc=4 , 0.0605237 secs] [Times: user=0.65 sys=0.01, real=0.06 secs] 
11050.330: [GC 11050.330: [ParNew: 338832K->28818K(353920K), 0.0482446 secs] 1949297K->1639283K(3106432K) icms_dc=4 , 0.0494802 secs] [Times: user=0.59 sys=0.01, real=0.05 secs] 
11053.344: [GC 11053.345: [ParNew: 343442K->24597K(353920K), 0.0459032 secs] 1953907K->1635842K(3106432K) icms_dc=4 , 0.0471177 secs] [Times: user=0.60 sys=0.01, real=0.05 secs] 
11056.547: [GC 11056.547: [ParNew: 339221K->28627K(353920K), 0.0673159 secs] 1950466K->1639871K(3106432K) icms_dc=4 , 0.0685707 secs] [Times: user=0.70 sys=0.06, real=0.07 secs] 
11058.335: [GC 11058.336: [ParNew: 343251K->29639K(353920K), 0.0535117 secs] 1954495K->1640883K(3106432K) icms_dc=4 , 0.0547472 secs] [Times: user=0.62 sys=0.01, real=0.06 secs] 
11060.683: [GC 11060.683: [ParNew: 344100K->20669K(353920K), 0.0917419 secs] 1955345K->1639723K(3106432K) icms_dc=4 , 0.0929967 secs] [Times: user=0.74 sys=0.03, real=0.09 secs] 
11062.930: [GC 11062.931: [ParNew: 335293K->17105K(353920K), 0.0622897 secs] 1954347K->1636158K(3106432K) icms_dc=4 , 0.0635380 secs] [Times: user=0.50 sys=0.03, real=0.06 secs] 
11065.075: [GC 11065.076: [ParNew: 331683K->17398K(353920K), 0.0487083 secs] 1950737K->1636451K(3106432K) icms_dc=4 , 0.0499719 secs] [Times: user=0.49 sys=0.03, real=0.05 secs] 
11066.771: [GC 11066.771: [ParNew: 332022K->22707K(353920K), 0.1070772 secs] 1951075K->1641760K(3106432K) icms_dc=4 , 0.1083190 secs] [Times: user=0.86 sys=0.15, real=0.11 secs] 
11068.571: [GC 11068.572: [ParNew: 337331K->23038K(353920K), 0.0550842 secs] 1956384K->1642092K(3106432K) icms_dc=4 , 0.0564818 secs] [Times: user=0.53 sys=0.02, real=0.06 secs] 
11069.691: [GC 11069.692: [ParNew: 337662K->27461K(353920K), 0.0623464 secs] 1956716K->1646514K(3106432K) icms_dc=4 , 0.0636198 secs] [Times: user=0.61 sys=0.02, real=0.06 secs] 
11070.934: [GC 11070.935: [ParNew: 342085K->24638K(353920K), 0.0496162 secs] 1961138K->1643692K(3106432K) icms_dc=4 , 0.0509426 secs] [Times: user=0.57 sys=0.02, real=0.05 secs] 
11072.614: [GC 11072.615: [ParNew: 339262K->23225K(353920K), 0.0686409 secs] 1958316K->1642279K(3106432K) icms_dc=4 , 0.0699005 secs] [Times: user=0.67 sys=0.06, real=0.07 secs] 
11073.876: [GC 11073.877: [ParNew: 337802K->21615K(353920K), 0.0438111 secs] 1956856K->1640668K(3106432K) icms_dc=4 , 0.0450968 secs] [Times: user=0.54 sys=0.02, real=0.09 secs] 
11075.641: [GC 11075.642: [ParNew: 336239K->26153K(353920K), 0.0512786 secs] 1955292K->1645207K(3106432K) icms_dc=4 , 0.0526298 secs] [Times: user=0.56 sys=0.01, real=0.05 secs] 
11077.260: [GC 11077.261: [ParNew: 340777K->24531K(353920K), 0.0487578 secs] 1959831K->1643585K(3106432K) icms_dc=4 , 0.0499876 secs] [Times: user=0.56 sys=0.02, real=0.05 secs] 
11078.996: [GC 11078.997: [ParNew: 339155K->27982K(353920K), 0.0933256 secs] 1958209K->1647036K(3106432K) icms_dc=4 , 0.0946272 secs] [Times: user=0.87 sys=0.11, real=0.10 secs] 
11080.964: [GC 11080.964: [ParNew: 342606K->25419K(353920K), 0.0561520 secs] 1961660K->1644472K(3106432K) icms_dc=4 , 0.0573790 secs] [Times: user=0.60 sys=0.03, real=0.06 secs] 
11083.383: [GC 11083.383: [ParNew: 340043K->28465K(353920K), 0.0487135 secs] 1959096K->1647518K(3106432K) icms_dc=4 , 0.0499673 secs] [Times: user=0.58 sys=0.02, real=0.05 secs] 
11085.411: [GC 11085.412: [ParNew: 343089K->31886K(353920K), 0.0724948 secs] 1962142K->1650939K(3106432K) icms_dc=4 , 0.0737409 secs] [Times: user=0.70 sys=0.06, real=0.07 secs] 
11087.257: [GC 11087.258: [ParNew: 346510K->23828K(353920K), 0.0477158 secs] 1965563K->1642881K(3106432K) icms_dc=4 , 0.0490008 secs] [Times: user=0.59 sys=0.03, real=0.05 secs] 
11090.024: [GC 11090.025: [ParNew: 338325K->28643K(353920K), 0.0618073 secs] 1957378K->1647696K(3106432K) icms_dc=4 , 0.0630287 secs] [Times: user=0.61 sys=0.03, real=0.06 secs] 
11091.231: [CMS-concurrent-preclean: 1.532/46.040 secs] [Times: user=317.24 sys=8.16, real=46.04 secs] 
11091.232: [CMS-concurrent-abortable-preclean-start]
11092.617: [GC 11092.617: [ParNew: 343046K->19497K(353920K), 0.0736114 secs] 1962099K->1645352K(3106432K) icms_dc=4 , 0.0748550 secs] [Times: user=0.71 sys=0.02, real=0.08 secs] 
11095.299: [GC 11095.300: [ParNew: 334121K->17785K(353920K), 0.0707745 secs] 1959976K->1643640K(3106432K) icms_dc=4 , 0.0720205 secs] [Times: user=0.61 sys=0.08, real=0.07 secs] 
11098.034: [GC 11098.034: [ParNew: 332409K->19523K(353920K), 0.0581514 secs] 1958264K->1645377K(3106432K) icms_dc=4 , 0.0593794 secs] [Times: user=0.56 sys=0.04, real=0.06 secs] 
 CMS: abort preclean due to time 11099.203: [CMS-concurrent-abortable-preclean: 0.268/7.971 secs] [Times: user=42.31 sys=1.13, real=7.97 secs] 
11099.236: [GC[YG occupancy: 183254 K (353920 K)]11099.236: [Rescan (parallel) , 0.6607206 secs]11099.897: [weak refs processing, 0.0035413 secs] [1 CMS-remark: 1625854K(2752512K)] 1809108K(3106432K), 0.6648245 secs] [Times: user=3.95 sys=1.61, real=0.67 secs] 
11099.902: [CMS-concurrent-sweep-start]
11101.168: [GC 11101.169: [ParNew: 334132K->21981K(353920K), 0.0511607 secs] 1959986K->1647835K(3106432K) icms_dc=4 , 0.0523846 secs] [Times: user=0.53 sys=0.03, real=0.05 secs] 
11103.121: [GC 11103.121: [ParNew: 336605K->21739K(353920K), 0.0464673 secs] 1962447K->1647581K(3106432K) icms_dc=4 , 0.0476863 secs] [Times: user=0.50 sys=0.03, real=0.05 secs] 
11106.398: [GC 11106.399: [ParNew: 336363K->19611K(353920K), 0.0502804 secs] 1962199K->1645448K(3106432K) icms_dc=4 , 0.0514968 secs] [Times: user=0.51 sys=0.03, real=0.05 secs] 
11109.490: [GC 11109.490: [ParNew: 334235K->23027K(353920K), 0.0480365 secs] 1960047K->1648839K(3106432K) icms_dc=4 , 0.0493642 secs] [Times: user=0.60 sys=0.02, real=0.05 secs] 
11112.072: [GC 11112.073: [ParNew: 337651K->24563K(353920K), 0.0536478 secs] 1963424K->1650336K(3106432K) icms_dc=4 , 0.0549481 secs] [Times: user=0.59 sys=0.03, real=0.06 secs] 
11114.091: [GC 11114.092: [ParNew: 339187K->23588K(353920K), 0.0804325 secs] 1964935K->1649336K(3106432K) icms_dc=4 , 0.0817371 secs] [Times: user=0.76 sys=0.11, real=0.08 secs] 
11116.102: [GC 11116.103: [ParNew: 338212K->24933K(353920K), 0.0890545 secs] 1963892K->1650613K(3106432K) icms_dc=4 , 0.0903930 secs] [Times: user=0.82 sys=0.12, real=0.09 secs] 
11118.365: [GC 11118.366: [ParNew: 339557K->21616K(353920K), 0.0494311 secs] 1965120K->1647179K(3106432K) icms_dc=4 , 0.0507388 secs] [Times: user=0.59 sys=0.03, real=0.05 secs] 
11120.350: [GC 11120.351: [ParNew: 336240K->27953K(353920K), 0.1234392 secs] 1961786K->1653498K(3106432K) icms_dc=4 , 0.1247667 secs] [Times: user=1.00 sys=0.17, real=0.13 secs] 
11122.337: [GC 11122.338: [ParNew: 342577K->22074K(353920K), 0.0500280 secs] 1968099K->1647596K(3106432K) icms_dc=4 , 0.0512688 secs] [Times: user=0.62 sys=0.04, real=0.05 secs] 
11124.515: [GC 11124.516: [ParNew: 336698K->24452K(353920K), 0.0518731 secs] 1962017K->1649771K(3106432K) icms_dc=4 , 0.0532311 secs] [Times: user=0.61 sys=0.02, real=0.05 secs] 
11126.417: [GC 11126.418: [ParNew: 339076K->27287K(353920K), 0.0596258 secs] 1964276K->1652487K(3106432K) icms_dc=4 , 0.0609155 secs] [Times: user=0.65 sys=0.02, real=0.06 secs] 
11128.278: [GC 11128.279: [ParNew: 341911K->24500K(353920K), 0.0498563 secs] 1967087K->1649676K(3106432K) icms_dc=4 , 0.0511019 secs] [Times: user=0.59 sys=0.01, real=0.05 secs] 
11130.411: [GC 11130.412: [ParNew: 339124K->25909K(353920K), 0.0523266 secs] 1963969K->1650754K(3106432K) icms_dc=4 , 0.0536118 secs] [Times: user=0.64 sys=0.03, real=0.05 secs] 
11133.273: [GC 11133.274: [ParNew: 340533K->23402K(353920K), 0.0518919 secs] 1964844K->1647713K(3106432K) icms_dc=4 , 0.0531342 secs] [Times: user=0.61 sys=0.02, real=0.05 secs] 
11136.371: [GC 11136.372: [ParNew: 338026K->32394K(353920K), 0.0749715 secs] 1962077K->1656444K(3106432K) icms_dc=4 , 0.0762718 secs] [Times: user=0.70 sys=0.03, real=0.08 secs] 
11139.166: [GC 11139.166: [ParNew: 347019K->19617K(353920K), 0.0936304 secs] 1968982K->1648758K(3106432K) icms_dc=4 , 0.0949440 secs] [Times: user=0.82 sys=0.02, real=0.10 secs] 
11139.295: [GC 11139.295: [ParNew: 20024K->19638K(353920K), 0.0360292 secs] 1649165K->1648778K(3106432K) icms_dc=4 , 0.0372421 secs] [Times: user=0.53 sys=0.05, real=0.04 secs] 
11141.110: [GC 11141.111: [ParNew: 334262K->20398K(353920K), 0.0747241 secs] 1962440K->1648576K(3106432K) icms_dc=4 , 0.0760055 secs] [Times: user=0.67 sys=0.08, real=0.08 secs] 
11142.654: [GC 11142.655: [ParNew: 335022K->20166K(353920K), 0.1323526 secs] 1962788K->1647932K(3106432K) icms_dc=4 , 0.1336779 secs] [Times: user=1.06 sys=0.25, real=0.13 secs] 
11144.551: [GC 11144.552: [ParNew: 334766K->18573K(353920K), 0.0570248 secs] 1962179K->1645986K(3106432K) icms_dc=4 , 0.0582793 secs] [Times: user=0.54 sys=0.03, real=0.06 secs] 
11146.067: [GC 11146.067: [ParNew: 333197K->22298K(353920K), 0.0742003 secs] 1960254K->1649355K(3106432K) icms_dc=4 , 0.0754468 secs] [Times: user=0.61 sys=0.04, real=0.08 secs] 
11147.749: [GC 11147.750: [ParNew: 336922K->21133K(353920K), 0.0684626 secs] 1963692K->1647903K(3106432K) icms_dc=4 , 0.0697097 secs] [Times: user=0.68 sys=0.06, real=0.07 secs] 
11150.068: [GC 11150.069: [ParNew: 335757K->19605K(353920K), 0.0592044 secs] 1962265K->1646113K(3106432K) icms_dc=4 , 0.0605226 secs] [Times: user=0.58 sys=0.03, real=0.06 secs] 
11151.874: [GC 11151.875: [ParNew: 334229K->24885K(353920K), 0.0593030 secs] 1960361K->1651017K(3106432K) icms_dc=4 , 0.0606726 secs] [Times: user=0.57 sys=0.03, real=0.06 secs] 
11153.778: [GC 11153.779: [ParNew: 339517K->22805K(353920K), 0.0587691 secs] 1964733K->1648021K(3106432K) icms_dc=4 , 0.0600394 secs] [Times: user=0.61 sys=0.04, real=0.06 secs] 
11155.425: [GC 11155.425: [ParNew: 337429K->26009K(353920K), 0.0648452 secs] 1961903K->1650483K(3106432K) icms_dc=4 , 0.0661178 secs] [Times: user=0.63 sys=0.02, real=0.07 secs] 
11156.597: [GC 11156.598: [ParNew: 340609K->27912K(353920K), 0.0585841 secs] 1964625K->1651928K(3106432K) icms_dc=4 , 0.0598530 secs] [Times: user=0.59 sys=0.01, real=0.06 secs] 
11157.784: [GC 11157.785: [ParNew: 342224K->23079K(353920K), 0.0729713 secs] 1965977K->1650540K(3106432K) icms_dc=4 , 0.0742461 secs] [Times: user=0.70 sys=0.02, real=0.07 secs] 
11159.153: [GC 11159.154: [ParNew: 337674K->24854K(353920K), 0.0722786 secs] 1964795K->1651975K(3106432K) icms_dc=4 , 0.0735523 secs] [Times: user=0.64 sys=0.05, real=0.07 secs] 
11160.397: [GC 11160.398: [ParNew: 339203K->21652K(353920K), 0.0652208 secs] 1966078K->1648526K(3106432K) icms_dc=4 , 0.0664947 secs] [Times: user=0.59 sys=0.03, real=0.07 secs] 
11161.492: [GC 11161.493: [ParNew: 336276K->26535K(353920K), 0.0579534 secs] 1962730K->1652989K(3106432K) icms_dc=4 , 0.0749151 secs] [Times: user=0.62 sys=0.02, real=0.08 secs] 
11162.678: [GC 11162.679: [ParNew: 341159K->28711K(353920K), 0.0716754 secs] 1965913K->1653466K(3106432K) icms_dc=4 , 0.0729308 secs] [Times: user=0.66 sys=0.04, real=0.07 secs] 
11163.839: [GC 11163.840: [ParNew: 343339K->23273K(353920K), 0.0730870 secs] 1967114K->1647048K(3106432K) icms_dc=4 , 0.0743279 secs] [Times: user=0.66 sys=0.04, real=0.07 secs] 
11165.112: [GC 11165.113: [ParNew: 337897K->24858K(353920K), 0.1073433 secs] 1960229K->1647190K(3106432K) icms_dc=4 , 0.1086715 secs] [Times: user=0.93 sys=0.14, real=0.11 secs] 
11166.282: [GC 11166.283: [ParNew: 339482K->28617K(353920K), 0.0613848 secs] 1960855K->1649990K(3106432K) icms_dc=4 , 0.0626693 secs] [Times: user=0.67 sys=0.03, real=0.06 secs] 
11167.262: [GC 11167.262: [ParNew: 343241K->25233K(353920K), 0.1082264 secs] 1963404K->1648414K(3106432K) icms_dc=4 , 0.1094960 secs] [Times: user=0.98 sys=0.11, real=0.11 secs] 
11168.262: [GC 11168.263: [ParNew: 339857K->27146K(353920K), 0.0553093 secs] 1962017K->1649306K(3106432K) icms_dc=4 , 0.0566160 secs] [Times: user=0.60 sys=0.02, real=0.06 secs] 
11169.434: [GC 11169.435: [ParNew: 341770K->22669K(353920K), 0.0821729 secs] 1962856K->1643755K(3106432K) icms_dc=4 , 0.0834324 secs] [Times: user=0.76 sys=0.09, real=0.08 secs] 
11170.635: [GC 11170.636: [ParNew: 337293K->24221K(353920K), 0.0486823 secs] 1958078K->1645006K(3106432K) icms_dc=4 , 0.0509036 secs] [Times: user=0.61 sys=0.01, real=0.05 secs] 
11172.018: [GC 11172.019: [ParNew: 338845K->25905K(353920K), 0.0722989 secs] 1959311K->1646370K(3106432K) icms_dc=4 , 0.0735635 secs] [Times: user=0.73 sys=0.04, real=0.07 secs] 
11173.149: [GC 11173.150: [ParNew: 340529K->29095K(353920K), 0.1143778 secs] 1960797K->1649364K(3106432K) icms_dc=4 , 0.1156523 secs] [Times: user=0.97 sys=0.13, real=0.12 secs] 
11174.245: [GC 11174.246: [ParNew: 343921K->23929K(353920K), 0.0945739 secs] 1964061K->1646497K(3106432K) icms_dc=4 , 0.0958313 secs] [Times: user=0.87 sys=0.10, real=0.10 secs] 
11175.588: [GC 11175.589: [ParNew: 339210K->27883K(353920K), 0.1394320 secs] 1961485K->1650158K(3106432K) icms_dc=4 , 0.1406935 secs] [Times: user=1.10 sys=0.22, real=0.14 secs] 
11176.696: [GC 11176.697: [ParNew: 342507K->28776K(353920K), 0.0820764 secs] 1964662K->1650931K(3106432K) icms_dc=4 , 0.0834112 secs] [Times: user=0.72 sys=0.04, real=0.08 secs] 
11177.713: [GC 11177.714: [ParNew: 343400K->24260K(353920K), 0.0822052 secs] 1965454K->1647729K(3106432K) icms_dc=4 , 0.0836529 secs] [Times: user=0.84 sys=0.09, real=0.08 secs] 
11179.013: [GC 11179.013: [ParNew: 338884K->28511K(353920K), 0.0601983 secs] 1962344K->1651971K(3106432K) icms_dc=4 , 0.0615134 secs] [Times: user=0.65 sys=0.02, real=0.06 secs] 
11180.179: [GC 11180.180: [ParNew: 343135K->30970K(353920K), 0.1398994 secs] 1966590K->1655592K(3106432K) icms_dc=4 , 0.1412337 secs] [Times: user=1.21 sys=0.19, real=0.14 secs] 
11181.030: [GC 11181.031: [ParNew: 345594K->35710K(353920K), 0.0622224 secs] 1970212K->1662150K(3106432K) icms_dc=4 , 0.0635414 secs] [Times: user=0.73 sys=0.01, real=0.06 secs] 
11181.938: [GC 11181.939: [ParNew: 350334K->32054K(353920K), 0.1243220 secs] 1976772K->1664866K(3106432K) icms_dc=4 , 0.1256881 secs] [Times: user=1.17 sys=0.14, real=0.13 secs] 
11183.105: [GC 11183.106: [ParNew: 347391K->23990K(353920K), 0.0622945 secs] 1980201K->1661307K(3106432K) icms_dc=4 , 0.0636165 secs] [Times: user=0.65 sys=0.03, real=0.06 secs] 
11183.201: [GC 11183.201: [ParNew: 24641K->19833K(353920K), 0.0366733 secs] 1661957K->1657150K(3106432K) icms_dc=4 , 0.0378562 secs] [Times: user=0.46 sys=0.03, real=0.04 secs] 
11184.037: [GC 11184.038: [ParNew: 334457K->26074K(353920K), 0.0693786 secs] 1971773K->1663390K(3106432K) icms_dc=4 , 0.0707500 secs] [Times: user=0.64 sys=0.01, real=0.07 secs] 
11184.927: [GC 11184.928: [ParNew: 340698K->31415K(353920K), 0.2152526 secs] 1978012K->1668730K(3106432K) icms_dc=4 , 0.2166005 secs] [Times: user=1.21 sys=0.16, real=0.22 secs] 
11185.797: [GC 11185.798: [ParNew: 346039K->31088K(353920K), 0.0794711 secs] 1983353K->1674038K(3106432K) icms_dc=4 , 0.0808014 secs] [Times: user=0.81 sys=0.05, real=0.08 secs] 
11186.911: [GC 11186.912: [ParNew: 345974K->30842K(353920K), 0.1055218 secs] 1988922K->1675870K(3106432K) icms_dc=4 , 0.1068680 secs] [Times: user=0.80 sys=0.07, real=0.11 secs] 
11187.053: [GC 11187.053: [ParNew: 31236K->22509K(353920K), 0.0547784 secs] 1676264K->1671775K(3106432K) icms_dc=4 , 0.0559694 secs] [Times: user=0.56 sys=0.03, real=0.06 secs] 
11187.932: [GC 11187.933: [ParNew: 337027K->24496K(353920K), 0.1038488 secs] 1986291K->1673760K(3106432K) icms_dc=4 , 0.1053024 secs] [Times: user=0.93 sys=0.15, real=0.11 secs] 
11188.903: [GC 11188.904: [ParNew: 339120K->30146K(353920K), 0.2363528 secs] 1988382K->1679407K(3106432K) icms_dc=4 , 0.2377040 secs] [Times: user=1.60 sys=0.41, real=0.24 secs] 
11189.992: [GC 11189.993: [ParNew: 344770K->29706K(353920K), 0.2223401 secs] 1994029K->1681592K(3106432K) icms_dc=4 , 0.2236537 secs] [Times: user=1.53 sys=0.43, real=0.22 secs] 
11190.969: [GC 11190.970: [ParNew: 344330K->31483K(353920K), 0.1012302 secs] 1996214K->1686998K(3106432K) icms_dc=4 , 0.1025715 secs] [Times: user=0.88 sys=0.13, real=0.10 secs] 
11191.862: [GC 11191.863: [ParNew: 346107K->26000K(353920K), 0.1180295 secs] 2001621K->1686437K(3106432K) icms_dc=4 , 0.1194718 secs] [Times: user=0.89 sys=0.13, real=0.12 secs] 
11192.821: [GC 11192.822: [ParNew: 340624K->18751K(353920K), 0.0445734 secs] 2001061K->1679188K(3106432K) icms_dc=4 , 0.0458757 secs] [Times: user=0.46 sys=0.03, real=0.05 secs] 
11193.914: [GC 11193.915: [ParNew: 333375K->18171K(353920K), 0.0585338 secs] 1993808K->1678605K(3106432K) icms_dc=4 , 0.0598719 secs] [Times: user=0.54 sys=0.04, real=0.06 secs] 
11195.174: [GC 11195.175: [ParNew: 332795K->23825K(353920K), 0.0468854 secs] 1993223K->1684253K(3106432K) icms_dc=4 , 0.0481623 secs] [Times: user=0.54 sys=0.02, real=0.05 secs] 
11195.921: [GC 11195.922: [ParNew: 338745K->29245K(353920K), 0.1176503 secs] 1999171K->1689671K(3106432K) icms_dc=4 , 0.1189278 secs] [Times: user=1.00 sys=0.16, real=0.12 secs] 
11196.842: [GC 11196.843: [ParNew: 343869K->27179K(353920K), 0.0609036 secs] 2004291K->1690642K(3106432K) icms_dc=4 , 0.0621924 secs] [Times: user=0.64 sys=0.05, real=0.06 secs] 
11197.681: [GC 11197.682: [ParNew: 341803K->26451K(353920K), 0.0595269 secs] 2005263K->1689911K(3106432K) icms_dc=4 , 0.0607814 secs] [Times: user=0.64 sys=0.05, real=0.06 secs] 
11198.534: [GC 11198.535: [ParNew: 341075K->30171K(353920K), 0.0566162 secs] 2004532K->1693628K(3106432K) icms_dc=4 , 0.0578830 secs] [Times: user=0.54 sys=0.01, real=0.06 secs] 
11199.441: [GC 11199.441: [ParNew: 344795K->26187K(353920K), 0.0680784 secs] 2008247K->1691617K(3106432K) icms_dc=4 , 0.0694134 secs] [Times: user=0.70 sys=0.09, real=0.07 secs] 
11200.411: [GC 11200.412: [ParNew: 340811K->22427K(353920K), 0.0451123 secs] 2006220K->1687836K(3106432K) icms_dc=4 , 0.0463804 secs] [Times: user=0.51 sys=0.03, real=0.05 secs] 
11201.558: [GC 11201.559: [ParNew: 337051K->20977K(353920K), 0.0897108 secs] 2002454K->1686379K(3106432K) icms_dc=4 , 0.0909584 secs] [Times: user=0.75 sys=0.14, real=0.09 secs] 
11202.703: [GC 11202.704: [ParNew: 335486K->21588K(353920K), 0.0530518 secs] 2000863K->1686965K(3106432K) icms_dc=4 , 0.0544034 secs] [Times: user=0.52 sys=0.03, real=0.06 secs] 
11203.648: [GC 11203.649: [ParNew: 336104K->25061K(353920K), 0.0453209 secs] 2001474K->1690431K(3106432K) icms_dc=4 , 0.0466274 secs] [Times: user=0.56 sys=0.03, real=0.05 secs] 
11204.587: [GC 11204.588: [ParNew: 339685K->21094K(353920K), 0.0523645 secs] 2005052K->1686461K(3106432K) icms_dc=4 , 0.0536546 secs] [Times: user=0.59 sys=0.04, real=0.05 secs] 
11205.790: [GC 11205.791: [ParNew: 335718K->20254K(353920K), 0.0469716 secs] 2001057K->1685593K(3106432K) icms_dc=4 , 0.0482479 secs] [Times: user=0.53 sys=0.03, real=0.05 secs] 
11206.987: [GC 11206.987: [ParNew: 334112K->22554K(353920K), 0.0489513 secs] 1999446K->1687888K(3106432K) icms_dc=4 , 0.0501969 secs] [Times: user=0.52 sys=0.03, real=0.05 secs] 
11208.063: [GC 11208.064: [ParNew: 337178K->21656K(353920K), 0.0510761 secs] 2002495K->1686972K(3106432K) icms_dc=4 , 0.0523803 secs] [Times: user=0.52 sys=0.03, real=0.05 secs] 
11209.250: [GC 11209.251: [ParNew: 336288K->23940K(353920K), 0.0566717 secs] 2001584K->1689236K(3106432K) icms_dc=4 , 0.0579359 secs] [Times: user=0.55 sys=0.03, real=0.06 secs] 
11209.340: [GC 11209.341: [ParNew: 24428K->24603K(353920K), 0.0366837 secs] 1689724K->1689899K(3106432K) icms_dc=4 , 0.0379197 secs] [Times: user=0.51 sys=0.04, real=0.04 secs] 
11210.417: [GC 11210.417: [ParNew: 339243K->25940K(353920K), 0.0496491 secs] 2004534K->1691231K(3106432K) icms_dc=4 , 0.0509611 secs] [Times: user=0.58 sys=0.03, real=0.05 secs] 
11210.500: [GC 11210.501: [ParNew: 27185K->27879K(353920K), 0.0373664 secs] 1692476K->1693170K(3106432K) icms_dc=4 , 0.0385846 secs] [Times: user=0.55 sys=0.04, real=0.04 secs] 
11211.398: [GC 11211.399: [ParNew: 342503K->29123K(353920K), 0.0680007 secs] 2007788K->1694407K(3106432K) icms_dc=4 , 0.0692641 secs] [Times: user=0.67 sys=0.05, real=0.07 secs] 
11212.497: [GC 11212.498: [ParNew: 343747K->21630K(353920K), 0.0447776 secs] 2009017K->1686900K(3106432K) icms_dc=4 , 0.0460172 secs] [Times: user=0.52 sys=0.04, real=0.05 secs] 
11213.456: [GC 11213.457: [ParNew: 336254K->26326K(353920K), 0.1235450 secs] 2001510K->1691582K(3106432K) icms_dc=4 , 0.1248413 secs] [Times: user=0.92 sys=0.18, real=0.13 secs] 
11214.525: [GC 11214.525: [ParNew: 340950K->29454K(353920K), 0.0587020 secs] 2006191K->1694695K(3106432K) icms_dc=4 , 0.0599557 secs] [Times: user=0.57 sys=0.03, real=0.06 secs] 
11215.458: [GC 11215.459: [ParNew: 344078K->29100K(353920K), 0.1248039 secs] 2009317K->1698797K(3106432K) icms_dc=4 , 0.1260690 secs] [Times: user=1.07 sys=0.14, real=0.13 secs] 
11216.500: [GC 11216.500: [ParNew: 343724K->21044K(353920K), 0.0571596 secs] 2013408K->1690728K(3106432K) icms_dc=4 , 0.0584743 secs] [Times: user=0.61 sys=0.06, real=0.06 secs] 
11217.604: [GC 11217.605: [ParNew: 335668K->22267K(353920K), 0.1168620 secs] 2005287K->1691886K(3106432K) icms_dc=4 , 0.1181885 secs] [Times: user=0.84 sys=0.17, real=0.12 secs] 
11218.789: [GC 11218.790: [ParNew: 336252K->20574K(353920K), 0.0665647 secs] 2005838K->1690160K(3106432K) icms_dc=4 , 0.0678233 secs] [Times: user=0.64 sys=0.08, real=0.07 secs] 
11219.902: [GC 11219.902: [ParNew: 335198K->22496K(353920K), 0.0490716 secs] 2004774K->1692073K(3106432K) icms_dc=4 , 0.0503331 secs] [Times: user=0.55 sys=0.03, real=0.05 secs] 
11220.983: [GC 11220.984: [ParNew: 337120K->23222K(353920K), 0.1457707 secs] 2006692K->1692794K(3106432K) icms_dc=4 , 0.1470189 secs] [Times: user=1.03 sys=0.25, real=0.15 secs] 
11222.008: [GC 11222.073: [ParNew: 337846K->25352K(353920K), 0.0633963 secs] 2007401K->1694907K(3106432K) icms_dc=4 , 0.0647930 secs] [Times: user=0.63 sys=0.02, real=0.13 secs] 
11223.049: [GC 11223.050: [ParNew: 339976K->26560K(353920K), 0.0629503 secs] 2009488K->1696073K(3106432K) icms_dc=4 , 0.0642863 secs] [Times: user=0.67 sys=0.05, real=0.06 secs] 
11224.030: [GC 11224.031: [ParNew: 341062K->29387K(353920K), 0.0502850 secs] 2010552K->1698877K(3106432K) icms_dc=4 , 0.0515599 secs] [Times: user=0.59 sys=0.02, real=0.05 secs] 
11224.972: [GC 11224.973: [ParNew: 344011K->25901K(353920K), 0.0667410 secs] 2013494K->1695384K(3106432K) icms_dc=4 , 0.0680234 secs] [Times: user=0.67 sys=0.06, real=0.07 secs] 
11226.299: [GC 11226.300: [ParNew: 340525K->18557K(353920K), 0.1209130 secs] 2009979K->1690092K(3106432K) icms_dc=4 , 0.1221736 secs] [Times: user=0.99 sys=0.20, real=0.12 secs] 
11228.201: [GC 11228.201: [ParNew: 333166K->21250K(353920K), 0.0485854 secs] 2004665K->1692749K(3106432K) icms_dc=4 , 0.0498166 secs] [Times: user=0.55 sys=0.04, real=0.05 secs] 
11229.710: [GC 11229.711: [ParNew: 335874K->17364K(353920K), 0.0470053 secs] 2007318K->1688807K(3106432K) icms_dc=4 , 0.0482217 secs] [Times: user=0.49 sys=0.03, real=0.05 secs] 
11231.338: [GC 11231.339: [ParNew: 331988K->23327K(353920K), 0.0675167 secs] 2003339K->1694679K(3106432K) icms_dc=4 , 0.0688095 secs] [Times: user=0.68 sys=0.06, real=0.07 secs] 
11232.605: [GC 11232.606: [ParNew: 337951K->23756K(353920K), 0.0657397 secs] 2009211K->1695016K(3106432K) icms_dc=4 , 0.0670022 secs] [Times: user=0.63 sys=0.06, real=0.07 secs] 
11233.899: [GC 11233.899: [ParNew: 338380K->24466K(353920K), 0.1064138 secs] 2009607K->1695693K(3106432K) icms_dc=4 , 0.1076860 secs] [Times: user=0.94 sys=0.17, real=0.11 secs] 
11235.542: [GC 11235.543: [ParNew: 338827K->22315K(353920K), 0.0525154 secs] 2009984K->1693472K(3106432K) icms_dc=4 , 0.0538206 secs] [Times: user=0.56 sys=0.05, real=0.05 secs] 
11237.683: [GC 11237.684: [ParNew: 336939K->24000K(353920K), 0.0518152 secs] 2007975K->1695035K(3106432K) icms_dc=4 , 0.0530681 secs] [Times: user=0.56 sys=0.03, real=0.05 secs] 
11239.153: [GC 11239.154: [ParNew: 338624K->25958K(353920K), 0.0599110 secs] 2006559K->1693893K(3106432K) icms_dc=4 , 0.0611491 secs] [Times: user=0.59 sys=0.03, real=0.06 secs] 
11240.411: [GC 11240.412: [ParNew: 340582K->27890K(353920K), 0.0659504 secs] 2008375K->1695683K(3106432K) icms_dc=4 , 0.0673698 secs] [Times: user=0.68 sys=0.03, real=0.07 secs] 
11241.737: [GC 11241.738: [ParNew: 342514K->25210K(353920K), 0.0723288 secs] 2010149K->1692845K(3106432K) icms_dc=4 , 0.0736402 secs] [Times: user=0.79 sys=0.09, real=0.07 secs] 
11243.227: [GC 11243.227: [ParNew: 339830K->20555K(353920K), 0.0472143 secs] 2007273K->1687997K(3106432K) icms_dc=4 , 0.0484913 secs] [Times: user=0.59 sys=0.02, real=0.05 secs] 
11244.507: [GC 11244.508: [ParNew: 335179K->28598K(353920K), 0.0477407 secs] 2002455K->1695874K(3106432K) icms_dc=4 , 0.0490495 secs] [Times: user=0.60 sys=0.03, real=0.05 secs] 
11246.123: [GC 11246.123: [ParNew: 343222K->18561K(353920K), 0.0600455 secs] 2010336K->1689942K(3106432K) icms_dc=4 , 0.0613276 secs] [Times: user=0.67 sys=0.02, real=0.06 secs] 
11248.223: [GC 11248.223: [ParNew: 332660K->19517K(353920K), 0.1235578 secs] 2001508K->1688365K(3106432K) icms_dc=4 , 0.1248416 secs] [Times: user=0.94 sys=0.23, real=0.13 secs] 
11249.915: [GC 11249.916: [ParNew: 334141K->17950K(353920K), 0.0519208 secs] 2001401K->1685210K(3106432K) icms_dc=4 , 0.0533199 secs] [Times: user=0.55 sys=0.03, real=0.05 secs] 
11251.802: [GC 11251.803: [ParNew: 332574K->19731K(353920K), 0.0497888 secs] 1994947K->1682103K(3106432K) icms_dc=4 , 0.0510342 secs] [Times: user=0.53 sys=0.03, real=0.05 secs] 
11253.330: [GC 11253.331: [ParNew: 334355K->21387K(353920K), 0.0478448 secs] 1994185K->1681217K(3106432K) icms_dc=4 , 0.0491544 secs] [Times: user=0.53 sys=0.03, real=0.05 secs] 
11254.962: [GC 11254.964: [ParNew: 336011K->23959K(353920K), 0.0712569 secs] 1993636K->1681584K(3106432K) icms_dc=4 , 0.0727735 secs] [Times: user=0.72 sys=0.06, real=0.07 secs] 
11256.532: [GC 11256.533: [ParNew: 338583K->15480K(353920K), 0.0414344 secs] 1996163K->1673060K(3106432K) icms_dc=4 , 0.0426936 secs] [Times: user=0.51 sys=0.03, real=0.04 secs] 
11258.578: [GC 11258.579: [ParNew: 330104K->23769K(353920K), 0.1355725 secs] 1987351K->1681016K(3106432K) icms_dc=4 , 0.1367953 secs] [Times: user=1.05 sys=0.24, real=0.14 secs] 
11260.182: [GC 11260.183: [ParNew: 338393K->23554K(353920K), 0.0487377 secs] 1995428K->1680589K(3106432K) icms_dc=4 , 0.0500424 secs] [Times: user=0.56 sys=0.03, real=0.05 secs] 
11261.669: [GC 11261.669: [ParNew: 338178K->24970K(353920K), 0.0466363 secs] 1994916K->1681708K(3106432K) icms_dc=4 , 0.0479603 secs] [Times: user=0.59 sys=0.02, real=0.05 secs] 
11263.165: [GC 11263.166: [ParNew: 339535K->23428K(353920K), 0.0491203 secs] 1995459K->1679351K(3106432K) icms_dc=4 , 0.0504494 secs] [Times: user=0.59 sys=0.04, real=0.05 secs] 
11264.972: [GC 11264.972: [ParNew: 338052K->22459K(353920K), 0.0518422 secs] 1992500K->1676907K(3106432K) icms_dc=4 , 0.0530766 secs] [Times: user=0.57 sys=0.03, real=0.05 secs] 
11267.096: [GC 11267.096: [ParNew: 337083K->25954K(353920K), 0.0784784 secs] 1989461K->1678332K(3106432K) icms_dc=4 , 0.0798665 secs] [Times: user=0.71 sys=0.08, real=0.08 secs] 
11268.784: [GC 11268.784: [ParNew: 340578K->28041K(353920K), 0.0663406 secs] 1992113K->1679577K(3106432K) icms_dc=4 , 0.0677215 secs] [Times: user=0.69 sys=0.06, real=0.08 secs] 
11270.518: [GC 11270.519: [ParNew: 342665K->24199K(353920K), 0.0517719 secs] 1993709K->1675243K(3106432K) icms_dc=4 , 0.0530644 secs] [Times: user=0.60 sys=0.03, real=0.05 secs] 
11272.835: [GC 11272.836: [ParNew: 338823K->21020K(353920K), 0.0452993 secs] 1988185K->1670382K(3106432K) icms_dc=4 , 0.0466641 secs] [Times: user=0.57 sys=0.03, real=0.05 secs] 
11273.891: [CMS-concurrent-sweep: 6.341/173.989 secs] [Times: user=2115.70 sys=55.49, real=173.99 secs] 
11273.892: [CMS-concurrent-reset-start]
11274.875: [GC 11274.876: [ParNew: 335644K->26598K(353920K), 0.0706112 secs] 1984272K->1675225K(3106432K) icms_dc=4 , 0.0719891 secs] [Times: user=0.80 sys=0.07, real=0.07 secs] 
11275.777: [CMS-concurrent-reset: 0.025/1.884 secs] [Times: user=15.07 sys=0.41, real=1.89 secs] 
11276.594: [GC 11276.595: [ParNew: 341222K->27153K(353920K), 0.0614200 secs] 1989849K->1675781K(3106432K) icms_dc=0 , 0.0627497 secs] [Times: user=0.66 sys=0.05, real=0.06 secs] 
11279.027: [GC 11279.028: [ParNew: 341777K->24137K(353920K), 0.0390027 secs] 1990405K->1672764K(3106432K) icms_dc=0 , 0.0402349 secs] [Times: user=0.59 sys=0.03, real=0.04 secs] 
11280.987: [GC 11280.988: [ParNew: 338761K->24939K(353920K), 0.0506284 secs] 1987388K->1673566K(3106432K) icms_dc=0 , 0.0520137 secs] [Times: user=0.61 sys=0.03, real=0.05 secs] 
11282.386: [GC 11282.387: [ParNew: 339563K->27480K(353920K), 0.0440688 secs] 1988190K->1676107K(3106432K) icms_dc=0 , 0.0453998 secs] [Times: user=0.81 sys=0.02, real=0.05 secs] 
11284.123: [GC 11284.123: [ParNew: 342104K->23712K(353920K), 0.0462622 secs] 1990731K->1672340K(3106432K) icms_dc=0 , 0.0475870 secs] [Times: user=0.79 sys=0.03, real=0.05 secs] 
11286.014: [GC 11286.015: [ParNew: 338336K->28741K(353920K), 0.0477257 secs] 1986964K->1677368K(3106432K) icms_dc=0 , 0.0489831 secs] [Times: user=0.62 sys=0.02, real=0.05 secs] 
11287.536: [GC 11287.536: [ParNew: 343365K->29774K(353920K), 0.0460651 secs] 1991992K->1678401K(3106432K) icms_dc=0 , 0.0474528 secs] [Times: user=0.66 sys=0.02, real=0.05 secs] 
11289.386: [GC 11289.387: [ParNew: 344398K->19775K(353920K), 0.0642917 secs] 1993025K->1676471K(3106432K) icms_dc=0 , 0.0655915 secs] [Times: user=0.67 sys=0.01, real=0.07 secs] 
11292.155: [GC 11292.155: [ParNew: 334399K->15014K(353920K), 0.0453173 secs] 1991095K->1671710K(3106432K) icms_dc=0 , 0.0465501 secs] [Times: user=0.50 sys=0.03, real=0.05 secs] 
11294.271: [GC 11294.272: [ParNew: 329638K->18200K(353920K), 0.0536132 secs] 1986334K->1674896K(3106432K) icms_dc=0 , 0.0553442 secs] [Times: user=0.58 sys=0.04, real=0.06 secs] 
11295.759: [GC 11295.760: [ParNew: 332428K->18261K(353920K), 0.0466047 secs] 1989125K->1674957K(3106432K) icms_dc=0 , 0.0478857 secs] [Times: user=0.55 sys=0.04, real=0.05 secs] 
11297.506: [GC 11297.507: [ParNew: 332885K->15514K(353920K), 0.0481375 secs] 1989581K->1672210K(3106432K) icms_dc=0 , 0.0495328 secs] [Times: user=0.50 sys=0.03, real=0.05 secs] 
11299.245: [GC 11299.245: [ParNew: 330138K->21776K(353920K), 0.0672813 secs] 1986834K->1678473K(3106432K) icms_dc=0 , 0.0685271 secs] [Times: user=0.63 sys=0.06, real=0.07 secs] 
11301.149: [GC 11301.149: [ParNew: 336400K->20961K(353920K), 0.0788706 secs] 1993097K->1677658K(3106432K) icms_dc=0 , 0.0801870 secs] [Times: user=0.73 sys=0.10, real=0.08 secs] 
11303.153: [GC 11303.154: [ParNew: 335585K->18288K(353920K), 0.0426398 secs] 1992282K->1674985K(3106432K) icms_dc=0 , 0.0438996 secs] [Times: user=0.51 sys=0.03, real=0.04 secs] 
11304.932: [GC 11304.933: [ParNew: 332912K->18914K(353920K), 0.0488738 secs] 1989609K->1675610K(3106432K) icms_dc=0 , 0.0502537 secs] [Times: user=0.57 sys=0.04, real=0.05 secs] 
11306.716: [GC 11306.716: [ParNew: 333538K->20783K(353920K), 0.0437074 secs] 1990234K->1677479K(3106432K) icms_dc=0 , 0.0450116 secs] [Times: user=0.58 sys=0.04, real=0.05 secs] 
11308.879: [GC 11308.880: [ParNew: 335407K->21162K(353920K), 0.0711354 secs] 1992103K->1677858K(3106432K) icms_dc=0 , 0.0723753 secs] [Times: user=0.68 sys=0.08, real=0.07 secs] 
11311.948: [GC 11311.949: [ParNew: 335786K->17718K(353920K), 0.0470851 secs] 1992482K->1674415K(3106432K) icms_dc=0 , 0.0487708 secs] [Times: user=0.55 sys=0.03, real=0.05 secs] 
11315.258: [GC 11315.259: [ParNew: 332342K->20806K(353920K), 0.0508689 secs] 1989039K->1677503K(3106432K) icms_dc=0 , 0.0521048 secs] [Times: user=0.53 sys=0.03, real=0.05 secs] 
11317.463: [GC 11317.464: [ParNew: 334992K->21409K(353920K), 0.0626655 secs] 1991689K->1678106K(3106432K) icms_dc=0 , 0.0638975 secs] [Times: user=0.56 sys=0.03, real=0.06 secs] 
11320.020: [GC 11320.021: [ParNew: 336033K->20268K(353920K), 0.0529297 secs] 1992730K->1676965K(3106432K) icms_dc=0 , 0.0543562 secs] [Times: user=0.58 sys=0.04, real=0.06 secs] 
11322.540: [GC 11322.541: [ParNew: 334892K->24518K(353920K), 0.0610384 secs] 1991589K->1681214K(3106432K) icms_dc=0 , 0.0623163 secs] [Times: user=0.62 sys=0.04, real=0.06 secs] 
11325.454: [GC 11325.454: [ParNew: 339142K->22385K(353920K), 0.0469570 secs] 1995838K->1679082K(3106432K) icms_dc=0 , 0.0481926 secs] [Times: user=0.57 sys=0.03, real=0.05 secs] 
11328.226: [GC 11328.227: [ParNew: 337009K->26588K(353920K), 0.0616104 secs] 1993706K->1683284K(3106432K) icms_dc=0 , 0.0628913 secs] [Times: user=0.65 sys=0.05, real=0.06 secs] 
11330.169: [GC 11330.170: [ParNew: 341212K->21063K(353920K), 0.0683279 secs] 1997908K->1677760K(3106432K) icms_dc=0 , 0.0696250 secs] [Times: user=0.70 sys=0.05, real=0.07 secs] 
11332.226: [GC 11332.227: [ParNew: 335687K->26968K(353920K), 0.0867623 secs] 1992384K->1683664K(3106432K) icms_dc=0 , 0.0880916 secs] [Times: user=0.82 sys=0.08, real=0.09 secs] 
11334.094: [GC 11334.095: [ParNew: 340944K->25678K(353920K), 0.0477285 secs] 1997641K->1682374K(3106432K) icms_dc=0 , 0.0490088 secs] [Times: user=0.59 sys=0.02, real=0.05 secs] 
11336.336: [GC 11336.337: [ParNew: 340302K->27893K(353920K), 0.0496452 secs] 1996998K->1684589K(3106432K) icms_dc=0 , 0.0509344 secs] [Times: user=0.63 sys=0.02, real=0.05 secs] 
11338.613: [GC 11338.614: [ParNew: 342517K->28675K(353920K), 0.0533702 secs] 1999213K->1685372K(3106432K) icms_dc=0 , 0.0546507 secs] [Times: user=0.64 sys=0.01, real=0.06 secs] 
11339.835: [GC 11339.836: [ParNew: 342985K->28192K(353920K), 0.0358934 secs] 1999682K->1684889K(3106432K) icms_dc=0 , 0.0371452 secs] [Times: user=0.61 sys=0.01, real=0.04 secs] 
11341.539: [GC 11341.539: [ParNew: 342816K->18256K(353920K), 0.0791419 secs] 1999513K->1681683K(3106432K) icms_dc=0 , 0.0803835 secs] [Times: user=0.81 sys=0.07, real=0.08 secs] 
11344.297: [GC 11344.298: [ParNew: 332880K->17364K(353920K), 0.0559768 secs] 1996307K->1680792K(3106432K) icms_dc=0 , 0.0573251 secs] [Times: user=0.54 sys=0.03, real=0.06 secs] 
11346.270: [GC 11346.270: [ParNew: 331990K->20149K(353920K), 0.0514293 secs] 1995418K->1683577K(3106432K) icms_dc=0 , 0.0526621 secs] [Times: user=0.53 sys=0.03, real=0.05 secs] 
11348.298: [GC 11348.298: [ParNew: 334773K->21173K(353920K), 0.0635663 secs] 1998201K->1684601K(3106432K) icms_dc=0 , 0.0648038 secs] [Times: user=0.59 sys=0.05, real=0.07 secs] 
11350.308: [GC 11350.309: [ParNew: 335761K->16366K(353920K), 0.0509619 secs] 1999189K->1679793K(3106432K) icms_dc=0 , 0.0521974 secs] [Times: user=0.53 sys=0.03, real=0.05 secs] 
11352.084: [GC 11352.084: [ParNew: 330990K->21849K(353920K), 0.0488399 secs] 1994417K->1685277K(3106432K) icms_dc=0 , 0.0500722 secs] [Times: user=0.52 sys=0.02, real=0.05 secs] 
11353.784: [GC 11353.785: [ParNew: 336561K->21111K(353920K), 0.0720358 secs] 1999989K->1684539K(3106432K) icms_dc=0 , 0.0733225 secs] [Times: user=0.70 sys=0.10, real=0.07 secs] 
11356.097: [GC 11356.098: [ParNew: 335635K->19451K(353920K), 0.0361616 secs] 1999063K->1682879K(3106432K) icms_dc=0 , 0.0373920 secs] [Times: user=0.51 sys=0.02, real=0.04 secs] 
11358.195: [GC 11358.196: [ParNew: 334075K->24799K(353920K), 0.0973267 secs] 1997503K->1688226K(3106432K) icms_dc=0 , 0.0985601 secs] [Times: user=0.83 sys=0.13, real=0.10 secs] 
11359.586: [GC 11359.586: [ParNew: 339184K->28128K(353920K), 0.0473991 secs] 2002612K->1691555K(3106432K) icms_dc=0 , 0.0486606 secs] [Times: user=0.61 sys=0.03, real=0.05 secs] 
11360.879: [GC 11360.880: [ParNew: 342752K->28062K(353920K), 0.0505901 secs] 2006179K->1691490K(3106432K) icms_dc=0 , 0.0728391 secs] [Times: user=0.62 sys=0.03, real=0.07 secs] 
11362.409: [GC 11362.410: [ParNew: 342686K->20207K(353920K), 0.0379048 secs] 2006114K->1683635K(3106432K) icms_dc=0 , 0.0391401 secs] [Times: user=0.55 sys=0.02, real=0.04 secs] 
11363.937: [GC 11363.938: [ParNew: 334831K->25104K(353920K), 0.0425899 secs] 1998259K->1688531K(3106432K) icms_dc=0 , 0.0438432 secs] [Times: user=0.60 sys=0.02, real=0.04 secs] 
11365.662: [GC 11365.663: [ParNew: 339728K->22807K(353920K), 0.0362707 secs] 2003155K->1686235K(3106432K) icms_dc=0 , 0.0375026 secs] [Times: user=0.54 sys=0.02, real=0.04 secs] 
11367.388: [GC 11367.389: [ParNew: 337180K->27497K(353920K), 0.0589925 secs] 2000608K->1690925K(3106432K) icms_dc=0 , 0.0601983 secs] [Times: user=0.72 sys=0.06, real=0.06 secs] 
11369.233: [GC 11369.234: [ParNew: 342121K->29615K(353920K), 0.0995804 secs] 2005549K->1693042K(3106432K) icms_dc=0 , 0.1008125 secs] [Times: user=0.93 sys=0.16, real=0.10 secs] 
11371.065: [GC 11371.065: [ParNew: 344239K->22216K(353920K), 0.0412009 secs] 2007666K->1685644K(3106432K) icms_dc=0 , 0.0424379 secs] [Times: user=0.57 sys=0.01, real=0.04 secs] 
11372.858: [GC 11372.859: [ParNew: 336840K->22303K(353920K), 0.0365804 secs] 2000268K->1685731K(3106432K) icms_dc=0 , 0.0378143 secs] [Times: user=0.53 sys=0.02, real=0.04 secs] 
11375.484: [GC 11375.484: [ParNew: 336927K->23202K(353920K), 0.0521538 secs] 2000355K->1686630K(3106432K) icms_dc=0 , 0.0533835 secs] [Times: user=0.57 sys=0.03, real=0.05 secs] 
11378.848: [GC 11378.849: [ParNew: 337547K->24771K(353920K), 0.0428203 secs] 2000975K->1688199K(3106432K) icms_dc=0 , 0.0440554 secs] [Times: user=0.57 sys=0.02, real=0.04 secs] 
11382.065: [GC 11382.066: [ParNew: 339395K->27604K(353920K), 0.0646860 secs] 2002823K->1691032K(3106432K) icms_dc=0 , 0.0659216 secs] [Times: user=0.69 sys=0.06, real=0.07 secs] 
11383.815: [GC 11383.816: [ParNew: 342054K->28201K(353920K), 0.0511786 secs] 2005481K->1691629K(3106432K) icms_dc=0 , 0.0524817 secs] [Times: user=0.62 sys=0.02, real=0.05 secs] 
11385.342: [GC 11385.343: [ParNew: 342825K->31571K(353920K), 0.0514167 secs] 2006253K->1694999K(3106432K) icms_dc=0 , 0.0527292 secs] [Times: user=0.66 sys=0.03, real=0.05 secs] 
11387.489: [GC 11387.490: [ParNew: 346195K->20335K(353920K), 0.0706203 secs] 2009623K->1691656K(3106432K) icms_dc=0 , 0.0718732 secs] [Times: user=0.73 sys=0.02, real=0.07 secs] 
11389.230: [GC 11389.230: [ParNew: 334959K->17094K(353920K), 0.0483208 secs] 2006280K->1688416K(3106432K) icms_dc=0 , 0.0495630 secs] [Times: user=0.46 sys=0.03, real=0.05 secs] 
11391.439: [GC 11391.439: [ParNew: 331651K->16286K(353920K), 0.0474534 secs] 2002972K->1687608K(3106432K) icms_dc=0 , 0.0486824 secs] [Times: user=0.46 sys=0.03, real=0.05 secs] 
11395.621: [GC 11395.621: [ParNew: 330910K->16621K(353920K), 0.0507630 secs] 2002232K->1687943K(3106432K) icms_dc=0 , 0.0519991 secs] [Times: user=0.44 sys=0.03, real=0.05 secs] 
11399.302: [GC 11399.303: [ParNew: 331245K->16387K(353920K), 0.0472102 secs] 2002567K->1687709K(3106432K) icms_dc=0 , 0.0484499 secs] [Times: user=0.46 sys=0.03, real=0.05 secs] 
11402.039: [GC 11402.039: [ParNew: 330978K->17717K(353920K), 0.0514802 secs] 2002300K->1689038K(3106432K) icms_dc=0 , 0.0527224 secs] [Times: user=0.47 sys=0.03, real=0.05 secs] 
11404.101: [GC 11404.102: [ParNew: 332320K->19550K(353920K), 0.0435312 secs] 2003642K->1690871K(3106432K) icms_dc=0 , 0.0447769 secs] [Times: user=0.50 sys=0.04, real=0.05 secs] 
11405.797: [GC 11405.798: [ParNew: 334174K->21631K(353920K), 0.0528201 secs] 2005495K->1692953K(3106432K) icms_dc=0 , 0.0540644 secs] [Times: user=0.50 sys=0.03, real=0.05 secs] 
11408.286: [GC 11408.287: [ParNew: 336249K->20896K(353920K), 0.0642985 secs] 2007571K->1692218K(3106432K) icms_dc=0 , 0.0655497 secs] [Times: user=0.60 sys=0.06, real=0.07 secs] 
11411.493: [GC 11411.494: [ParNew: 335430K->19213K(353920K), 0.0440814 secs] 2006752K->1690534K(3106432K) icms_dc=0 , 0.0453021 secs] [Times: user=0.50 sys=0.03, real=0.05 secs] 
11413.393: [GC 11413.394: [ParNew: 333837K->22668K(353920K), 0.1015064 secs] 2005158K->1693989K(3106432K) icms_dc=0 , 0.1027856 secs] [Times: user=0.79 sys=0.14, real=0.10 secs] 
11415.298: [GC 11415.298: [ParNew: 337292K->22206K(353920K), 0.0421500 secs] 2008613K->1693527K(3106432K) icms_dc=0 , 0.0434219 secs] [Times: user=0.52 sys=0.03, real=0.04 secs] 
11417.159: [GC 11417.160: [ParNew: 336830K->21482K(353920K), 0.0509631 secs] 2008151K->1692803K(3106432K) icms_dc=0 , 0.0521799 secs] [Times: user=0.52 sys=0.04, real=0.05 secs] 
11420.076: [GC 11420.077: [ParNew: 336106K->21865K(353920K), 0.0581026 secs] 2007427K->1693187K(3106432K) icms_dc=0 , 0.0593592 secs] [Times: user=0.55 sys=0.03, real=0.06 secs] 
11421.951: [GC 11421.952: [ParNew: 336489K->22907K(353920K), 0.0645183 secs] 2007811K->1694229K(3106432K) icms_dc=0 , 0.0658392 secs] [Times: user=0.67 sys=0.05, real=0.07 secs] 
11424.431: [GC 11424.432: [ParNew: 337531K->25261K(353920K), 0.0712013 secs] 2008853K->1696582K(3106432K) icms_dc=0 , 0.0724442 secs] [Times: user=0.69 sys=0.08, real=0.07 secs] 
11426.924: [GC 11426.924: [ParNew: 339885K->22333K(353920K), 0.0506271 secs] 2011206K->1693655K(3106432K) icms_dc=0 , 0.0518668 secs] [Times: user=0.57 sys=0.03, real=0.05 secs] 
11429.232: [GC 11429.233: [ParNew: 336957K->24280K(353920K), 0.0526805 secs] 2008279K->1695602K(3106432K) icms_dc=0 , 0.0539916 secs] [Times: user=0.58 sys=0.04, real=0.05 secs] 
11431.364: [GC 11431.365: [ParNew: 338839K->26690K(353920K), 0.0413182 secs] 2010161K->1698011K(3106432K) icms_dc=0 , 0.0425676 secs] [Times: user=0.56 sys=0.02, real=0.04 secs] 
11434.262: [GC 11434.262: [ParNew: 341314K->24935K(353920K), 0.1008855 secs] 2012635K->1696257K(3106432K) icms_dc=0 , 0.1021075 secs] [Times: user=0.84 sys=0.15, real=0.10 secs] 
11437.623: [GC 11437.624: [ParNew: 339559K->22876K(353920K), 0.0407623 secs] 2010881K->1694198K(3106432K) icms_dc=0 , 0.0419972 secs] [Times: user=0.52 sys=0.02, real=0.04 secs] 
11440.207: [GC 11440.208: [ParNew: 337500K->26687K(353920K), 0.0450624 secs] 2008822K->1698008K(3106432K) icms_dc=0 , 0.0462863 secs] [Times: user=0.57 sys=0.02, real=0.05 secs] 
11442.406: [GC 11442.407: [ParNew: 341311K->23521K(353920K), 0.0355577 secs] 2012632K->1694843K(3106432K) icms_dc=0 , 0.0368224 secs] [Times: user=0.54 sys=0.01, real=0.04 secs] 
11445.509: [GC 11445.510: [ParNew: 338145K->23454K(353920K), 0.0449281 secs] 2009467K->1694776K(3106432K) icms_dc=0 , 0.0461706 secs] [Times: user=0.56 sys=0.02, real=0.05 secs] 
11449.897: [GC 11449.898: [ParNew: 338078K->26543K(353920K), 0.0402953 secs] 2009400K->1697865K(3106432K) icms_dc=0 , 0.0415003 secs] [Times: user=0.57 sys=0.02, real=0.04 secs] 
11452.712: [GC 11452.713: [ParNew: 341167K->22883K(353920K), 0.0431056 secs] 2012489K->1694205K(3106432K) icms_dc=0 , 0.0443830 secs] [Times: user=0.59 sys=0.03, real=0.05 secs] 
11455.584: [GC 11455.585: [ParNew: 337131K->23514K(353920K), 0.0377631 secs] 2008453K->1694836K(3106432K) icms_dc=0 , 0.0389941 secs] [Times: user=0.55 sys=0.02, real=0.04 secs] 
11458.790: [GC 11458.790: [ParNew: 338138K->27098K(353920K), 0.0448294 secs] 2009460K->1698420K(3106432K) icms_dc=0 , 0.0460774 secs] [Times: user=0.61 sys=0.02, real=0.05 secs] 
11462.316: [GC 11462.317: [ParNew: 341641K->27687K(353920K), 0.0438943 secs] 2012962K->1699009K(3106432K) icms_dc=0 , 0.0451550 secs] [Times: user=0.61 sys=0.02, real=0.05 secs] 
11464.447: [GC 11464.448: [ParNew: 342311K->26117K(353920K), 0.0409140 secs] 2013633K->1697439K(3106432K) icms_dc=0 , 0.0421470 secs] [Times: user=0.62 sys=0.01, real=0.04 secs] 
11467.803: [GC 11467.804: [ParNew: 340191K->31100K(353920K), 0.0466783 secs] 2011513K->1702421K(3106432K) icms_dc=0 , 0.0479816 secs] [Times: user=0.66 sys=0.00, real=0.05 secs] 
11471.561: [GC 11471.561: [ParNew: 345724K->30763K(353920K), 0.0438746 secs] 2017045K->1702085K(3106432K) icms_dc=0 , 0.0451034 secs] [Times: user=0.60 sys=0.00, real=0.05 secs] 
11474.507: [GC 11474.508: [ParNew: 345387K->20333K(353920K), 0.0870388 secs] 2016709K->1701353K(3106432K) icms_dc=0 , 0.0882770 secs] [Times: user=0.78 sys=0.04, real=0.09 secs] 
11477.805: [GC 11477.806: [ParNew: 334957K->15815K(353920K), 0.0689742 secs] 2015977K->1696835K(3106432K) icms_dc=0 , 0.0702080 secs] [Times: user=0.65 sys=0.10, real=0.07 secs] 
11480.937: [GC 11480.938: [ParNew: 330439K->15567K(353920K), 0.0427242 secs] 2011459K->1696587K(3106432K) icms_dc=0 , 0.0439617 secs] [Times: user=0.46 sys=0.04, real=0.04 secs] 
11484.771: [GC 11484.772: [ParNew: 330191K->13999K(353920K), 0.0437447 secs] 2011211K->1695019K(3106432K) icms_dc=0 , 0.0449788 secs] [Times: user=0.44 sys=0.03, real=0.05 secs] 
11489.166: [GC 11489.167: [ParNew: 328623K->15039K(353920K), 0.0449517 secs] 2009643K->1696059K(3106432K) icms_dc=0 , 0.0462021 secs] [Times: user=0.47 sys=0.03, real=0.05 secs] 
11493.396: [GC 11493.396: [ParNew: 329663K->17255K(353920K), 0.0593350 secs] 2010683K->1698275K(3106432K) icms_dc=0 , 0.0606871 secs] [Times: user=0.52 sys=0.03, real=0.06 secs] 
11495.877: [GC 11495.878: [ParNew: 331879K->17912K(353920K), 0.0696895 secs] 2012899K->1698932K(3106432K) icms_dc=0 , 0.0709227 secs] [Times: user=0.62 sys=0.08, real=0.07 secs] 
11498.412: [GC 11498.413: [ParNew: 332449K->19219K(353920K), 0.0447751 secs] 2013469K->1700239K(3106432K) icms_dc=0 , 0.0460396 secs] [Times: user=0.52 sys=0.03, real=0.05 secs] 
11500.031: [GC 11500.031: [ParNew: 333843K->22797K(353920K), 0.0582789 secs] 2014863K->1703817K(3106432K) icms_dc=0 , 0.0595231 secs] [Times: user=0.54 sys=0.03, real=0.06 secs] 
11501.391: [GC 11501.392: [ParNew: 337421K->22281K(353920K), 0.0417285 secs] 2018441K->1703301K(3106432K) icms_dc=0 , 0.0429610 secs] [Times: user=0.52 sys=0.02, real=0.04 secs] 
11503.716: [GC 11503.717: [ParNew: 336905K->23074K(353920K), 0.0514281 secs] 2017925K->1704094K(3106432K) icms_dc=0 , 0.0526882 secs] [Times: user=0.54 sys=0.03, real=0.05 secs] 
11505.155: [GC 11505.156: [ParNew: 337698K->27411K(353920K), 0.1307540 secs] 2018718K->1708431K(3106432K) icms_dc=0 , 0.1320272 secs] [Times: user=0.95 sys=0.18, real=0.13 secs] 
11506.511: [GC 11506.512: [ParNew: 342035K->24743K(353920K), 0.0462420 secs] 2023055K->1705764K(3106432K) icms_dc=0 , 0.0474713 secs] [Times: user=0.59 sys=0.02, real=0.05 secs] 
11507.883: [GC 11507.884: [ParNew: 339367K->26133K(353920K), 0.0516479 secs] 2020388K->1707153K(3106432K) icms_dc=0 , 0.0529328 secs] [Times: user=0.56 sys=0.01, real=0.05 secs] 
11509.295: [GC 11509.296: [ParNew: 340759K->26316K(353920K), 0.0425555 secs] 2021779K->1707337K(3106432K) icms_dc=0 , 0.0438179 secs] [Times: user=0.57 sys=0.01, real=0.04 secs] 
11511.100: [GC 11511.101: [ParNew: 340940K->27371K(353920K), 0.0496315 secs] 2021961K->1708392K(3106432K) icms_dc=0 , 0.0508856 secs] [Times: user=0.56 sys=0.01, real=0.05 secs] 
11513.020: [GC 11513.020: [ParNew: 341995K->28295K(353920K), 0.0670504 secs] 2023016K->1709315K(3106432K) icms_dc=0 , 0.0682802 secs] [Times: user=0.64 sys=0.03, real=0.07 secs] 
11514.598: [GC 11514.599: [ParNew: 343015K->32200K(353920K), 0.0531122 secs] 2024035K->1713220K(3106432K) icms_dc=0 , 0.0543684 secs] [Times: user=0.61 sys=0.03, real=0.06 secs] 
11516.316: [GC 11516.317: [ParNew: 346824K->20627K(353920K), 0.0886377 secs] 2027844K->1707074K(3106432K) icms_dc=0 , 0.0899471 secs] [Times: user=0.84 sys=0.07, real=0.09 secs] 
11518.012: [GC 11518.013: [ParNew: 335256K->17973K(353920K), 0.0512720 secs] 2021703K->1704421K(3106432K) icms_dc=0 , 0.0525195 secs] [Times: user=0.52 sys=0.03, real=0.05 secs] 
11519.180: [GC 11519.181: [ParNew: 332720K->22299K(353920K), 0.0501923 secs] 2019168K->1708746K(3106432K) icms_dc=0 , 0.0514498 secs] [Times: user=0.52 sys=0.03, real=0.05 secs] 
11520.316: [GC 11520.317: [ParNew: 336923K->24369K(353920K), 0.0612283 secs] 2023370K->1710816K(3106432K) icms_dc=0 , 0.0624764 secs] [Times: user=0.58 sys=0.03, real=0.06 secs] 
11521.565: [GC 11521.565: [ParNew: 338997K->26551K(353920K), 0.1031687 secs] 2025445K->1712999K(3106432K) icms_dc=0 , 0.1044207 secs] [Times: user=0.83 sys=0.13, real=0.11 secs] 
11521.701: [GC 11521.701: [ParNew: 28012K->28801K(353920K), 0.0819866 secs] 1714459K->1715249K(3106432K) icms_dc=0 , 0.0831595 secs] [Times: user=0.85 sys=0.16, real=0.08 secs] 
11522.837: [GC 11522.838: [ParNew: 343425K->25309K(353920K), 0.0494188 secs] 2029873K->1711757K(3106432K) icms_dc=0 , 0.0506619 secs] [Times: user=0.59 sys=0.02, real=0.05 secs] 
11523.708: [GC 11523.709: [ParNew: 339930K->25717K(353920K), 0.0504913 secs] 2026377K->1712164K(3106432K) icms_dc=0 , 0.0517590 secs] [Times: user=0.58 sys=0.03, real=0.05 secs] 
11524.862: [GC 11524.863: [ParNew: 340341K->26779K(353920K), 0.0904643 secs] 2026788K->1713227K(3106432K) icms_dc=0 , 0.0917292 secs] [Times: user=0.89 sys=0.13, real=0.09 secs] 
11525.872: [GC 11525.873: [ParNew: 341403K->26652K(353920K), 0.0507309 secs] 2027851K->1713099K(3106432K) icms_dc=0 , 0.0519898 secs] [Times: user=0.57 sys=0.01, real=0.05 secs] 
11527.246: [GC 11527.247: [ParNew: 341276K->28134K(353920K), 0.0983635 secs] 2027723K->1714581K(3106432K) icms_dc=0 , 0.0996494 secs] [Times: user=0.81 sys=0.12, real=0.10 secs] 
11528.690: [GC 11528.691: [ParNew: 342758K->28056K(353920K), 0.0627466 secs] 2029205K->1714504K(3106432K) icms_dc=0 , 0.0639854 secs] [Times: user=0.64 sys=0.03, real=0.06 secs] 
11530.075: [GC 11530.076: [ParNew: 342680K->29363K(353920K), 0.0617834 secs] 2029128K->1715811K(3106432K) icms_dc=0 , 0.0630036 secs] [Times: user=0.67 sys=0.05, real=0.06 secs] 
11531.654: [GC 11531.655: [ParNew: 343887K->26632K(353920K), 0.0419508 secs] 2030335K->1713079K(3106432K) icms_dc=0 , 0.0431922 secs] [Times: user=0.59 sys=0.03, real=0.04 secs] 
11533.198: [GC 11533.199: [ParNew: 341256K->28283K(353920K), 0.0390664 secs] 2027703K->1714730K(3106432K) icms_dc=0 , 0.0403177 secs] [Times: user=0.58 sys=0.02, real=0.04 secs] 
11534.549: [GC 11534.550: [ParNew: 342907K->30439K(353920K), 0.0476308 secs] 2029354K->1716887K(3106432K) icms_dc=0 , 0.0488788 secs] [Times: user=0.61 sys=0.02, real=0.05 secs] 
11535.834: [GC 11535.835: [ParNew: 345063K->21494K(353920K), 0.0729463 secs] 2031511K->1714573K(3106432K) icms_dc=0 , 0.0742019 secs] [Times: user=0.74 sys=0.03, real=0.07 secs] 
11536.852: [GC 11536.853: [ParNew: 336118K->19565K(353920K), 0.0409760 secs] 2029197K->1712644K(3106432K) icms_dc=0 , 0.0422226 secs] [Times: user=0.51 sys=0.03, real=0.04 secs] 
11538.084: [GC 11538.084: [ParNew: 334189K->21132K(353920K), 0.0445232 secs] 2027268K->1714211K(3106432K) icms_dc=0 , 0.0458044 secs] [Times: user=0.52 sys=0.03, real=0.05 secs] 
11539.299: [GC 11539.299: [ParNew: 335756K->21020K(353920K), 0.0653071 secs] 2028835K->1714099K(3106432K) icms_dc=0 , 0.0665630 secs] [Times: user=0.54 sys=0.02, real=0.07 secs] 
11540.517: [GC 11540.518: [ParNew: 335617K->23702K(353920K), 0.0919621 secs] 2028696K->1716781K(3106432K) icms_dc=0 , 0.0932268 secs] [Times: user=0.78 sys=0.14, real=0.09 secs] 
11541.810: [GC 11541.810: [ParNew: 338326K->19600K(353920K), 0.0481977 secs] 2031405K->1712679K(3106432K) icms_dc=0 , 0.0494605 secs] [Times: user=0.51 sys=0.04, real=0.05 secs] 
11543.013: [GC 11543.014: [ParNew: 334224K->22659K(353920K), 0.0451923 secs] 2027303K->1715737K(3106432K) icms_dc=0 , 0.0464615 secs] [Times: user=0.54 sys=0.03, real=0.05 secs] 
11544.076: [GC 11544.077: [ParNew: 337283K->24725K(353920K), 0.1242908 secs] 2030361K->1717803K(3106432K) icms_dc=0 , 0.1255516 secs] [Times: user=1.02 sys=0.21, real=0.13 secs] 
11545.209: [GC 11545.210: [ParNew: 339349K->25835K(353920K), 0.0427513 secs] 2032427K->1718914K(3106432K) icms_dc=0 , 0.0440265 secs] [Times: user=0.55 sys=0.01, real=0.04 secs] 
11546.364: [GC 11546.364: [ParNew: 340459K->27891K(353920K), 0.0404009 secs] 2033538K->1720970K(3106432K) icms_dc=0 , 0.0416645 secs] [Times: user=0.54 sys=0.01, real=0.04 secs] 
11547.475: [GC 11547.475: [ParNew: 342382K->27016K(353920K), 0.0431445 secs] 2035461K->1720095K(3106432K) icms_dc=0 , 0.0443869 secs] [Times: user=0.56 sys=0.01, real=0.05 secs] 
11548.620: [GC 11548.621: [ParNew: 341640K->24293K(353920K), 0.0648996 secs] 2034719K->1717372K(3106432K) icms_dc=0 , 0.0664086 secs] [Times: user=0.62 sys=0.03, real=0.07 secs] 
11549.902: [GC 11549.902: [ParNew: 338917K->23044K(353920K), 0.0435175 secs] 2031996K->1716123K(3106432K) icms_dc=0 , 0.0447847 secs] [Times: user=0.56 sys=0.03, real=0.07 secs] 
11551.348: [GC 11551.348: [ParNew: 337668K->28391K(353920K), 0.0440127 secs] 2030747K->1721470K(3106432K) icms_dc=0 , 0.0452571 secs] [Times: user=0.55 sys=0.02, real=0.05 secs] 
11553.065: [GC 11553.066: [ParNew: 342710K->21426K(353920K), 0.0425315 secs] 2035788K->1714505K(3106432K) icms_dc=0 , 0.0437579 secs] [Times: user=0.56 sys=0.03, real=0.04 secs] 
11554.325: [GC 11554.326: [ParNew: 336050K->29033K(353920K), 0.0513556 secs] 2029129K->1722111K(3106432K) icms_dc=0 , 0.0526144 secs] [Times: user=0.59 sys=0.03, real=0.05 secs] 
11555.449: [GC 11555.450: [ParNew: 343677K->30460K(353920K), 0.0678909 secs] 2036756K->1723539K(3106432K) icms_dc=0 , 0.0692381 secs] [Times: user=0.76 sys=0.06, real=0.07 secs] 
11556.604: [GC 11556.605: [ParNew: 345084K->24751K(353920K), 0.0912276 secs] 2038163K->1722885K(3106432K) icms_dc=0 , 0.0925923 secs] [Times: user=0.92 sys=0.05, real=0.09 secs] 
11557.579: [GC 11557.580: [ParNew: 339375K->33753K(353920K), 0.2379221 secs] 2037509K->1731888K(3106432K) icms_dc=0 , 0.2392596 secs] [Times: user=1.66 sys=0.40, real=0.24 secs] 
11558.515: [GC 11558.516: [ParNew: 348377K->36687K(353920K), 0.0628388 secs] 2046512K->1738285K(3106432K) icms_dc=0 , 0.0641654 secs] [Times: user=0.77 sys=0.02, real=0.06 secs] 
11559.310: [GC 11559.311: [ParNew: 351384K->30827K(353920K), 0.1413647 secs] 2052982K->1738539K(3106432K) icms_dc=0 , 0.1427045 secs] [Times: user=1.04 sys=0.12, real=0.14 secs] 
11560.423: [GC 11560.424: [ParNew: 345451K->30980K(353920K), 0.0734258 secs] 2053163K->1740547K(3106432K) icms_dc=0 , 0.0747898 secs] [Times: user=0.61 sys=0.01, real=0.08 secs] 
11561.404: [GC 11561.405: [ParNew: 345604K->26405K(353920K), 0.1006558 secs] 2055171K->1735971K(3106432K) icms_dc=0 , 0.1020493 secs] [Times: user=0.86 sys=0.14, real=0.10 secs] 
11562.283: [GC 11562.284: [ParNew: 341029K->30656K(353920K), 0.0628692 secs] 2050595K->1742691K(3106432K) icms_dc=0 , 0.0642222 secs] [Times: user=0.65 sys=0.03, real=0.06 secs] 
11563.371: [GC 11563.372: [ParNew: 345280K->33280K(353920K), 0.1348557 secs] 2057315K->1748430K(3106432K) icms_dc=0 , 0.1361944 secs] [Times: user=1.07 sys=0.20, real=0.14 secs] 
11564.285: [GC 11564.286: [ParNew: 347904K->30153K(353920K), 0.0731547 secs] 2063054K->1750379K(3106432K) icms_dc=0 , 0.0745177 secs] [Times: user=0.81 sys=0.05, real=0.08 secs] 
11565.121: [GC 11565.122: [ParNew: 344589K->28966K(353920K), 0.1184573 secs] 2064815K->1749192K(3106432K) icms_dc=0 , 0.1197783 secs] [Times: user=1.06 sys=0.22, real=0.12 secs] 
11566.100: [GC 11566.101: [ParNew: 344956K->27141K(353920K), 0.1060438 secs] 2065182K->1752319K(3106432K) icms_dc=0 , 0.1073935 secs] [Times: user=0.91 sys=0.12, real=0.11 secs] 
11566.241: [GC 11566.241: [ParNew: 28232K->21768K(353920K), 0.0526240 secs] 1753410K->1750134K(3106432K) icms_dc=0 , 0.0538438 secs] [Times: user=0.57 sys=0.04, real=0.05 secs] 
11567.068: [GC 11567.068: [ParNew: 336365K->25007K(353920K), 0.0967561 secs] 2064732K->1753374K(3106432K) icms_dc=0 , 0.0980813 secs] [Times: user=0.71 sys=0.08, real=0.10 secs] 
11567.942: [GC 11567.943: [ParNew: 339628K->28185K(353920K), 0.1060245 secs] 2067995K->1756551K(3106432K) icms_dc=0 , 0.1073543 secs] [Times: user=0.93 sys=0.16, real=0.11 secs] 
11568.942: [GC 11568.943: [ParNew: 342927K->27082K(353920K), 0.0657320 secs] 2071294K->1758158K(3106432K) icms_dc=0 , 0.0670322 secs] [Times: user=0.64 sys=0.04, real=0.07 secs] 
11569.041: [GC 11569.042: [ParNew: 27980K->25222K(353920K), 0.0357833 secs] 1759056K->1756298K(3106432K) icms_dc=0 , 0.0369818 secs] [Times: user=0.49 sys=0.03, real=0.04 secs] 
11569.805: [GC 11569.805: [ParNew: 339846K->29083K(353920K), 0.1010844 secs] 2070922K->1760159K(3106432K) icms_dc=0 , 0.1024061 secs] [Times: user=0.79 sys=0.11, real=0.10 secs] 
11570.739: [GC 11570.740: [ParNew: 343707K->30356K(353920K), 0.0855024 secs] 2074783K->1764367K(3106432K) icms_dc=0 , 0.0868123 secs] [Times: user=0.77 sys=0.06, real=0.09 secs] 
11571.584: [GC 11571.585: [ParNew: 345540K->23661K(353920K), 0.0928173 secs] 2079551K->1757672K(3106432K) icms_dc=0 , 0.0941424 secs] [Times: user=0.76 sys=0.13, real=0.09 secs] 
11571.711: [GC 11571.712: [ParNew: 24542K->24894K(353920K), 0.0364467 secs] 1758553K->1758905K(3106432K) icms_dc=0 , 0.0376855 secs] [Times: user=0.48 sys=0.03, real=0.04 secs] 
11572.563: [GC 11572.564: [ParNew: 339518K->23932K(353920K), 0.0471748 secs] 2073529K->1757943K(3106432K) icms_dc=0 , 0.0484687 secs] [Times: user=0.53 sys=0.03, real=0.05 secs] 
11573.441: [GC 11573.442: [ParNew: 338556K->27278K(353920K), 0.0484544 secs] 2072567K->1761289K(3106432K) icms_dc=0 , 0.0497352 secs] [Times: user=0.54 sys=0.03, real=0.05 secs] 
11574.395: [GC 11574.396: [ParNew: 341927K->25370K(353920K), 0.0666872 secs] 2075938K->1760536K(3106432K) icms_dc=0 , 0.0679518 secs] [Times: user=0.63 sys=0.07, real=0.07 secs] 
11574.495: [GC 11574.496: [ParNew: 25596K->23802K(353920K), 0.0327161 secs] 1760762K->1758968K(3106432K) icms_dc=0 , 0.0338871 secs] [Times: user=0.45 sys=0.03, real=0.03 secs] 
11575.630: [GC 11575.631: [ParNew: 338426K->24390K(353920K), 0.0836320 secs] 2073592K->1759556K(3106432K) icms_dc=0 , 0.0849413 secs] [Times: user=0.74 sys=0.12, real=0.09 secs] 
11576.724: [GC 11576.725: [ParNew: 339236K->20832K(353920K), 0.0421400 secs] 2074402K->1755998K(3106432K) icms_dc=0 , 0.0434089 secs] [Times: user=0.49 sys=0.03, real=0.04 secs] 
11577.844: [GC 11577.845: [ParNew: 335511K->27664K(353920K), 0.0991129 secs] 2070677K->1762830K(3106432K) icms_dc=0 , 0.1004472 secs] [Times: user=0.86 sys=0.14, real=0.10 secs] 
11578.727: [GC 11578.727: [ParNew: 342288K->26712K(353920K), 0.0453855 secs] 2077454K->1761878K(3106432K) icms_dc=0 , 0.0467031 secs] [Times: user=0.55 sys=0.03, real=0.05 secs] 
11579.894: [GC 11579.895: [ParNew: 341336K->26604K(353920K), 0.0560212 secs] 2076502K->1761770K(3106432K) icms_dc=0 , 0.0572949 secs] [Times: user=0.58 sys=0.03, real=0.06 secs] 
11581.057: [GC 11581.058: [ParNew: 341228K->22913K(353920K), 0.0924515 secs] 2076394K->1758079K(3106432K) icms_dc=0 , 0.0937036 secs] [Times: user=0.76 sys=0.14, real=0.09 secs] 
11582.309: [GC 11582.310: [ParNew: 337537K->26982K(353920K), 0.0442478 secs] 2072703K->1762148K(3106432K) icms_dc=0 , 0.0455090 secs] [Times: user=0.56 sys=0.03, real=0.05 secs] 
11583.561: [GC 11583.562: [ParNew: 341606K->27833K(353920K), 0.0581637 secs] 2076772K->1762999K(3106432K) icms_dc=0 , 0.0594146 secs] [Times: user=0.58 sys=0.04, real=0.06 secs] 
11584.600: [GC 11584.601: [ParNew: 342457K->27168K(353920K), 0.0495194 secs] 2077623K->1762334K(3106432K) icms_dc=0 , 0.0507828 secs] [Times: user=0.53 sys=0.02, real=0.05 secs] 
11585.893: [GC 11585.894: [ParNew: 341792K->20367K(353920K), 0.0483478 secs] 2076958K->1759279K(3106432K) icms_dc=0 , 0.0496145 secs] [Times: user=0.58 sys=0.02, real=0.05 secs] 
11587.070: [GC 11587.071: [ParNew: 335010K->22971K(353920K), 0.1248222 secs] 2073923K->1761884K(3106432K) icms_dc=0 , 0.1260762 secs] [Times: user=0.99 sys=0.23, real=0.13 secs] 
11588.426: [GC 11588.427: [ParNew: 337522K->21868K(353920K), 0.0537084 secs] 2076434K->1760781K(3106432K) icms_dc=0 , 0.0549735 secs] [Times: user=0.52 sys=0.03, real=0.06 secs] 
11589.449: [GC 11589.449: [ParNew: 336492K->20638K(353920K), 0.0431951 secs] 2075405K->1759551K(3106432K) icms_dc=0 , 0.0444401 secs] [Times: user=0.51 sys=0.02, real=0.05 secs] 
11590.413: [GC 11590.414: [ParNew: 335262K->23605K(353920K), 0.0439045 secs] 2074175K->1762517K(3106432K) icms_dc=0 , 0.0451953 secs] [Times: user=0.53 sys=0.03, real=0.05 secs] 
11591.503: [GC 11591.504: [ParNew: 338229K->22366K(353920K), 0.0574233 secs] 2077141K->1761278K(3106432K) icms_dc=0 , 0.0586677 secs] [Times: user=0.62 sys=0.06, real=0.06 secs] 
11592.755: [GC 11592.756: [ParNew: 336990K->24667K(353920K), 0.0916196 secs] 2075902K->1763580K(3106432K) icms_dc=0 , 0.0928805 secs] [Times: user=0.78 sys=0.12, real=0.09 secs] 
11593.851: [GC 11593.852: [ParNew: 339291K->21651K(353920K), 0.0455157 secs] 2078204K->1760564K(3106432K) icms_dc=0 , 0.0467809 secs] [Times: user=0.54 sys=0.04, real=0.05 secs] 
11594.925: [GC 11594.926: [ParNew: 336275K->22444K(353920K), 0.0532263 secs] 2075188K->1761357K(3106432K) icms_dc=0 , 0.0547554 secs] [Times: user=0.54 sys=0.02, real=0.06 secs] 
11596.230: [GC 11596.230: [ParNew: 337068K->24364K(353920K), 0.1235432 secs] 2075981K->1763276K(3106432K) icms_dc=0 , 0.1248156 secs] [Times: user=1.00 sys=0.21, real=0.13 secs] 
11597.474: [GC 11597.475: [ParNew: 338816K->21059K(353920K), 0.0406056 secs] 2077728K->1759971K(3106432K) icms_dc=0 , 0.0418371 secs] [Times: user=0.57 sys=0.04, real=0.04 secs] 
11598.817: [GC 11598.818: [ParNew: 335683K->25442K(353920K), 0.0573208 secs] 2074595K->1764354K(3106432K) icms_dc=0 , 0.0585810 secs] [Times: user=0.55 sys=0.03, real=0.06 secs] 
11600.026: [GC 11600.026: [ParNew: 340066K->26050K(353920K), 0.1237095 secs] 2078978K->1764963K(3106432K) icms_dc=0 , 0.1250093 secs] [Times: user=1.01 sys=0.22, real=0.13 secs] 
11601.385: [GC 11601.385: [ParNew: 340674K->28509K(353920K), 0.0724452 secs] 2079587K->1767421K(3106432K) icms_dc=0 , 0.0737053 secs] [Times: user=0.73 sys=0.08, real=0.07 secs] 
11602.534: [GC 11602.535: [ParNew: 343142K->26534K(353920K), 0.1152412 secs] 2082055K->1765447K(3106432K) icms_dc=0 , 0.1164999 secs] [Times: user=0.92 sys=0.19, real=0.12 secs] 
11603.737: [GC 11603.738: [ParNew: 341158K->29484K(353920K), 0.0554327 secs] 2080071K->1768396K(3106432K) icms_dc=0 , 0.0566991 secs] [Times: user=0.62 sys=0.03, real=0.06 secs] 
11605.108: [GC 11605.109: [ParNew: 344108K->18965K(353920K), 0.0577033 secs] 2083020K->1762216K(3106432K) icms_dc=0 , 0.0590331 secs] [Times: user=0.63 sys=0.02, real=0.06 secs] 
11606.281: [GC 11606.281: [ParNew: 333589K->23384K(353920K), 0.0464358 secs] 2076840K->1766636K(3106432K) icms_dc=0 , 0.0477158 secs] [Times: user=0.51 sys=0.03, real=0.05 secs] 
11607.636: [GC 11607.637: [ParNew: 338008K->20744K(353920K), 0.0525152 secs] 2081260K->1763996K(3106432K) icms_dc=0 , 0.0542012 secs] [Times: user=0.49 sys=0.03, real=0.05 secs] 
11609.129: [GC 11609.129: [ParNew: 335368K->22324K(353920K), 0.0472667 secs] 2078620K->1765576K(3106432K) icms_dc=0 , 0.0485708 secs] [Times: user=0.51 sys=0.03, real=0.05 secs] 
11610.465: [GC 11610.465: [ParNew: 336948K->22642K(353920K), 0.0935902 secs] 2080200K->1765894K(3106432K) icms_dc=0 , 0.0948194 secs] [Times: user=0.79 sys=0.12, real=0.10 secs] 
11612.169: [GC 11612.170: [ParNew: 337248K->15888K(353920K), 0.0376799 secs] 2080500K->1759140K(3106432K) icms_dc=0 , 0.0389247 secs] [Times: user=0.50 sys=0.03, real=0.04 secs] 
11613.521: [GC 11613.522: [ParNew: 330512K->22186K(353920K), 0.0456211 secs] 2073764K->1765437K(3106432K) icms_dc=0 , 0.0469256 secs] [Times: user=0.50 sys=0.02, real=0.05 secs] 
11614.967: [GC 11614.968: [ParNew: 336810K->20652K(353920K), 0.0605580 secs] 2080061K->1763904K(3106432K) icms_dc=0 , 0.0618475 secs] [Times: user=0.62 sys=0.06, real=0.06 secs] 
11616.393: [GC 11616.394: [ParNew: 335276K->23628K(353920K), 0.1265356 secs] 2078528K->1766879K(3106432K) icms_dc=0 , 0.1278063 secs] [Times: user=0.98 sys=0.24, real=0.13 secs] 
11617.861: [GC 11617.862: [ParNew: 338252K->26966K(353920K), 0.0705067 secs] 2081503K->1770217K(3106432K) icms_dc=0 , 0.0717604 secs] [Times: user=0.68 sys=0.07, real=0.07 secs] 
11618.923: [GC 11618.924: [ParNew: 341590K->28584K(353920K), 0.1241414 secs] 2084841K->1771835K(3106432K) icms_dc=0 , 0.1254025 secs] [Times: user=1.05 sys=0.19, real=0.13 secs] 
11620.331: [GC 11620.332: [ParNew: 343208K->26733K(353920K), 0.0560444 secs] 2086459K->1769985K(3106432K) icms_dc=0 , 0.0572827 secs] [Times: user=0.64 sys=0.04, real=0.06 secs] 
11621.668: [GC 11621.668: [ParNew: 341357K->21533K(353920K), 0.0385061 secs] 2084609K->1764784K(3106432K) icms_dc=0 , 0.0397511 secs] [Times: user=0.53 sys=0.02, real=0.04 secs] 
11623.751: [GC 11623.752: [ParNew: 336157K->24034K(353920K), 0.0872383 secs] 2079408K->1767286K(3106432K) icms_dc=0 , 0.0884790 secs] [Times: user=0.75 sys=0.13, real=0.09 secs] 
11626.000: [GC 11626.001: [ParNew: 338671K->26033K(353920K), 0.0721053 secs] 2081922K->1769284K(3106432K) icms_dc=0 , 0.0733619 secs] [Times: user=0.69 sys=0.08, real=0.07 secs] 
11626.106: [GC 11626.106: [ParNew: 26455K->24295K(353920K), 0.0327351 secs] 1769707K->1767547K(3106432K) icms_dc=0 , 0.0339608 secs] [Times: user=0.53 sys=0.03, real=0.03 secs] 
11627.241: [GC 11627.242: [ParNew: 338289K->28912K(353920K), 0.0558222 secs] 2081541K->1772164K(3106432K) icms_dc=0 , 0.0570970 secs] [Times: user=0.60 sys=0.03, real=0.06 secs] 
11628.662: [GC 11628.663: [ParNew: 343536K->23202K(353920K), 0.0528600 secs] 2086788K->1766453K(3106432K) icms_dc=0 , 0.0545134 secs] [Times: user=0.57 sys=0.03, real=0.06 secs] 
11630.698: [GC 11630.698: [ParNew: 337826K->25224K(353920K), 0.0599495 secs] 2081077K->1768476K(3106432K) icms_dc=0 , 0.0611962 secs] [Times: user=0.64 sys=0.05, real=0.06 secs] 
11632.783: [GC 11632.783: [ParNew: 339846K->22174K(353920K), 0.0508726 secs] 2083098K->1765426K(3106432K) icms_dc=0 , 0.0521150 secs] [Times: user=0.57 sys=0.02, real=0.05 secs] 
11634.771: [GC 11634.772: [ParNew: 336798K->25070K(353920K), 0.0649026 secs] 2080050K->1768322K(3106432K) icms_dc=0 , 0.0661373 secs] [Times: user=0.68 sys=0.07, real=0.07 secs] 
11636.242: [GC 11636.243: [ParNew: 339694K->27936K(353920K), 0.0439306 secs] 2082946K->1771188K(3106432K) icms_dc=0 , 0.0451591 secs] [Times: user=0.57 sys=0.02, real=0.05 secs] 
11637.557: [GC 11637.558: [ParNew: 342540K->28944K(353920K), 0.0403711 secs] 2085791K->1772196K(3106432K) icms_dc=0 , 0.0415945 secs] [Times: user=0.55 sys=0.01, real=0.04 secs] 
11639.029: [GC 11639.030: [ParNew: 343568K->29555K(353920K), 0.0523782 secs] 2086820K->1772806K(3106432K) icms_dc=0 , 0.0536986 secs] [Times: user=0.60 sys=0.02, real=0.05 secs] 
11640.428: [GC 11640.429: [ParNew: 343893K->26477K(353920K), 0.0426422 secs] 2087144K->1769728K(3106432K) icms_dc=0 , 0.0438953 secs] [Times: user=0.58 sys=0.02, real=0.04 secs] 
11642.026: [GC 11642.027: [ParNew: 341101K->29668K(353920K), 0.0584118 secs] 2084352K->1772919K(3106432K) icms_dc=0 , 0.1222544 secs] [Times: user=0.70 sys=0.03, real=0.12 secs] 
11643.481: [GC 11643.482: [ParNew: 344365K->23881K(353920K), 0.0496374 secs] 2087617K->1767133K(3106432K) icms_dc=0 , 0.0508749 secs] [Times: user=0.62 sys=0.02, real=0.05 secs] 
11645.502: [GC 11645.503: [ParNew: 338400K->18273K(353920K), 0.0771035 secs] 2081651K->1769867K(3106432K) icms_dc=0 , 0.0783565 secs] [Times: user=0.75 sys=0.03, real=0.08 secs] 
11646.804: [GC 11646.804: [ParNew: 332897K->21435K(353920K), 0.0799852 secs] 2084491K->1773029K(3106432K) icms_dc=0 , 0.0812866 secs] [Times: user=0.64 sys=0.06, real=0.08 secs] 
11647.778: [GC 11647.779: [ParNew: 336059K->23921K(353920K), 0.0548510 secs] 2087653K->1775515K(3106432K) icms_dc=0 , 0.0561357 secs] [Times: user=0.61 sys=0.03, real=0.06 secs] 
11648.860: [GC 11648.861: [ParNew: 338617K->25577K(353920K), 0.0762628 secs] 2090211K->1777170K(3106432K) icms_dc=0 , 0.0775398 secs] [Times: user=0.68 sys=0.04, real=0.08 secs] 
11648.970: [GC 11648.971: [ParNew: 26054K->24680K(353920K), 0.0349141 secs] 1777647K->1776273K(3106432K) icms_dc=0 , 0.0361068 secs] [Times: user=0.54 sys=0.03, real=0.04 secs] 
11649.854: [GC 11649.854: [ParNew: 339304K->28644K(353920K), 0.0660763 secs] 2090897K->1780237K(3106432K) icms_dc=0 , 0.0674144 secs] [Times: user=0.74 sys=0.07, real=0.07 secs] 
11651.028: [GC 11651.029: [ParNew: 343228K->27697K(353920K), 0.0457736 secs] 2094822K->1779291K(3106432K) icms_dc=0 , 0.0471045 secs] [Times: user=0.58 sys=0.02, real=0.05 secs] 
11651.986: [GC 11651.987: [ParNew: 342321K->25057K(353920K), 0.1352298 secs] 2093915K->1778360K(3106432K) icms_dc=0 , 0.1365545 secs] [Times: user=1.13 sys=0.22, real=0.14 secs] 
11653.056: [GC 11653.056: [ParNew: 339681K->23909K(353920K), 0.0511211 secs] 2092984K->1777212K(3106432K) icms_dc=0 , 0.0524820 secs] [Times: user=0.55 sys=0.03, real=0.05 secs] 
11654.279: [GC 11654.280: [ParNew: 338533K->23853K(353920K), 0.0540898 secs] 2091836K->1777155K(3106432K) icms_dc=0 , 0.0553657 secs] [Times: user=0.54 sys=0.04, real=0.06 secs] 
11655.451: [GC 11655.452: [ParNew: 338477K->21689K(353920K), 0.0738355 secs] 2091779K->1774992K(3106432K) icms_dc=0 , 0.0751648 secs] [Times: user=0.70 sys=0.08, real=0.08 secs] 
11656.611: [GC 11656.612: [ParNew: 336313K->24353K(353920K), 0.0575151 secs] 2089616K->1777656K(3106432K) icms_dc=0 , 0.0591759 secs] [Times: user=0.58 sys=0.04, real=0.06 secs] 
11657.809: [GC 11657.810: [ParNew: 339245K->26355K(353920K), 0.0967024 secs] 2092548K->1779658K(3106432K) icms_dc=0 , 0.0979565 secs] [Times: user=0.82 sys=0.14, real=0.10 secs] 
11659.137: [GC 11659.138: [ParNew: 340983K->27680K(353920K), 0.0663218 secs] 2094285K->1780983K(3106432K) icms_dc=0 , 0.0676339 secs] [Times: user=0.69 sys=0.06, real=0.07 secs] 
11660.324: [GC 11660.325: [ParNew: 342304K->26809K(353920K), 0.0685596 secs] 2095607K->1780112K(3106432K) icms_dc=0 , 0.0698737 secs] [Times: user=0.67 sys=0.05, real=0.07 secs] 
11661.363: [GC 11661.364: [ParNew: 341433K->25447K(353920K), 0.1034416 secs] 2094736K->1778750K(3106432K) icms_dc=0 , 0.1047335 secs] [Times: user=0.95 sys=0.16, real=0.11 secs] 
11662.435: [GC 11662.436: [ParNew: 340071K->26985K(353920K), 0.0429110 secs] 2093374K->1780288K(3106432K) icms_dc=0 , 0.0443744 secs] [Times: user=0.57 sys=0.03, real=0.05 secs] 
11663.440: [GC 11663.440: [ParNew: 341609K->22246K(353920K), 0.1232935 secs] 2094912K->1778836K(3106432K) icms_dc=0 , 0.1245624 secs] [Times: user=1.05 sys=0.21, real=0.13 secs] 
11664.544: [GC 11664.545: [ParNew: 336870K->23418K(353920K), 0.0996675 secs] 2093460K->1780008K(3106432K) icms_dc=0 , 0.1009564 secs] [Times: user=0.80 sys=0.14, real=0.10 secs] 
11665.892: [GC 11665.892: [ParNew: 338042K->23580K(353920K), 0.2486597 secs] 2094632K->1780170K(3106432K) icms_dc=0 , 0.2499452 secs] [Times: user=1.61 sys=0.53, real=0.25 secs] 
11667.310: [GC 11667.311: [ParNew: 338204K->20113K(353920K), 0.0452897 secs] 2094794K->1776704K(3106432K) icms_dc=0 , 0.0465815 secs] [Times: user=0.52 sys=0.02, real=0.05 secs] 
11668.600: [GC 11668.601: [ParNew: 334652K->26031K(353920K), 0.0789757 secs] 2091242K->1782622K(3106432K) icms_dc=0 , 0.0802887 secs] [Times: user=0.77 sys=0.08, real=0.08 secs] 
11669.506: [GC 11669.507: [ParNew: 340655K->29080K(353920K), 0.0510219 secs] 2097246K->1785671K(3106432K) icms_dc=0 , 0.0523222 secs] [Times: user=0.59 sys=0.02, real=0.05 secs] 
11670.477: [GC 11670.478: [ParNew: 343704K->28881K(353920K), 0.0482892 secs] 2100295K->1785471K(3106432K) icms_dc=0 , 0.0496619 secs] [Times: user=0.58 sys=0.03, real=0.05 secs] 
11671.607: [GC 11671.608: [ParNew: 343505K->21691K(353920K), 0.1356870 secs] 2100095K->1780362K(3106432K) icms_dc=0 , 0.1369925 secs] [Times: user=1.07 sys=0.24, real=0.14 secs] 
11672.923: [GC 11672.924: [ParNew: 336329K->22501K(353920K), 0.0554316 secs] 2094999K->1781171K(3106432K) icms_dc=0 , 0.0567107 secs] [Times: user=0.54 sys=0.04, real=0.06 secs] 
11674.205: [GC 11674.206: [ParNew: 337125K->22716K(353920K), 0.0506731 secs] 2095795K->1781387K(3106432K) icms_dc=0 , 0.0520042 secs] [Times: user=0.57 sys=0.04, real=0.05 secs] 
11675.643: [GC 11675.644: [ParNew: 337340K->19749K(353920K), 0.0429249 secs] 2096011K->1778420K(3106432K) icms_dc=0 , 0.0441860 secs] [Times: user=0.52 sys=0.03, real=0.04 secs] 
11676.868: [GC 11676.869: [ParNew: 334373K->23676K(353920K), 0.0538840 secs] 2093044K->1782346K(3106432K) icms_dc=0 , 0.0551430 secs] [Times: user=0.63 sys=0.05, real=0.06 secs] 
11678.150: [GC 11678.151: [ParNew: 338300K->21462K(353920K), 0.0499834 secs] 2096970K->1780132K(3106432K) icms_dc=0 , 0.0512553 secs] [Times: user=0.59 sys=0.03, real=0.05 secs] 
11679.504: [GC 11679.505: [ParNew: 336086K->24739K(353920K), 0.0700787 secs] 2094756K->1783409K(3106432K) icms_dc=0 , 0.0714030 secs] [Times: user=0.71 sys=0.06, real=0.07 secs] 
11680.740: [GC 11680.741: [ParNew: 339264K->23377K(353920K), 0.0458478 secs] 2097934K->1782047K(3106432K) icms_dc=0 , 0.0471265 secs] [Times: user=0.55 sys=0.03, real=0.05 secs] 
11682.230: [GC 11682.231: [ParNew: 338002K->24485K(353920K), 0.0691918 secs] 2096672K->1783155K(3106432K) icms_dc=0 , 0.0704653 secs] [Times: user=0.71 sys=0.07, real=0.07 secs] 
11683.696: [GC 11683.697: [ParNew: 339113K->20945K(353920K), 0.0601654 secs] 2097784K->1779615K(3106432K) icms_dc=0 , 0.0615884 secs] [Times: user=0.64 sys=0.03, real=0.06 secs] 
11683.792: [GC 11683.793: [ParNew: 21390K->22595K(353920K), 0.0340556 secs] 1780061K->1781265K(3106432K) icms_dc=0 , 0.0352888 secs] [Times: user=0.55 sys=0.03, real=0.04 secs] 
11684.964: [GC 11684.965: [ParNew: 337400K->28687K(353920K), 0.0569720 secs] 2096070K->1787357K(3106432K) icms_dc=0 , 0.0582448 secs] [Times: user=0.67 sys=0.03, real=0.06 secs] 
11685.055: [GC 11685.056: [ParNew: 29789K->25387K(353920K), 0.0460785 secs] 1788460K->1788300K(3106432K) icms_dc=0 , 0.0472781 secs] [Times: user=0.64 sys=0.02, real=0.05 secs] 
11685.969: [GC 11685.969: [ParNew: 340011K->25390K(353920K), 0.0495867 secs] 2102924K->1788303K(3106432K) icms_dc=0 , 0.0508678 secs] [Times: user=0.58 sys=0.03, real=0.05 secs] 
11686.972: [GC 11686.972: [ParNew: 340014K->25085K(353920K), 0.0802706 secs] 2102927K->1787998K(3106432K) icms_dc=0 , 0.0815764 secs] [Times: user=0.71 sys=0.04, real=0.08 secs] 
11687.856: [GC 11687.857: [ParNew: 339709K->28617K(353920K), 0.0504600 secs] 2102622K->1791530K(3106432K) icms_dc=0 , 0.0518574 secs] [Times: user=0.62 sys=0.02, real=0.05 secs] 
11688.751: [GC 11688.752: [ParNew: 343241K->28478K(353920K), 0.1001181 secs] 2106154K->1792692K(3106432K) icms_dc=0 , 0.1014148 secs] [Times: user=0.81 sys=0.09, real=0.10 secs] 
11689.676: [GC 11689.677: [ParNew: 343126K->28456K(353920K), 0.0704927 secs] 2107339K->1792670K(3106432K) icms_dc=0 , 0.0718853 secs] [Times: user=0.73 sys=0.06, real=0.07 secs] 
11689.781: [GC 11689.782: [ParNew: 29476K->30167K(353920K), 0.0900450 secs] 1793690K->1795719K(3106432K) icms_dc=0 , 0.0912463 secs] [Times: user=0.75 sys=0.11, real=0.09 secs] 
11690.686: [GC 11690.687: [ParNew: 344791K->31542K(353920K), 0.1143635 secs] 2110343K->1797094K(3106432K) icms_dc=0 , 0.1156586 secs] [Times: user=0.74 sys=0.08, real=0.12 secs] 
11691.647: [GC 11691.648: [ParNew: 346166K->23811K(353920K), 0.0674317 secs] 2111718K->1789363K(3106432K) icms_dc=0 , 0.0687753 secs] [Times: user=0.78 sys=0.07, real=0.07 secs] 
11692.530: [GC 11692.531: [ParNew: 337920K->26555K(353920K), 0.0917160 secs] 2103472K->1792107K(3106432K) icms_dc=0 , 0.0930268 secs] [Times: user=0.87 sys=0.13, real=0.09 secs] 
11693.568: [GC 11693.569: [ParNew: 341179K->27738K(353920K), 0.0517274 secs] 2106731K->1793290K(3106432K) icms_dc=0 , 0.0530112 secs] [Times: user=0.60 sys=0.03, real=0.05 secs] 
11694.406: [GC 11694.407: [ParNew: 342362K->28353K(353920K), 0.0616439 secs] 2107914K->1794815K(3106432K) icms_dc=0 , 0.0629643 secs] [Times: user=0.71 sys=0.03, real=0.06 secs] 
11695.245: [GC 11695.246: [ParNew: 342977K->29254K(353920K), 0.0558474 secs] 2109439K->1795715K(3106432K) icms_dc=0 , 0.0571630 secs] [Times: user=0.62 sys=0.03, real=0.06 secs] 
11696.200: [GC 11696.201: [ParNew: 343878K->26170K(353920K), 0.1183820 secs] 2110339K->1794399K(3106432K) icms_dc=0 , 0.1197238 secs] [Times: user=1.04 sys=0.12, real=0.12 secs] 
11697.256: [GC 11697.257: [ParNew: 340794K->27273K(353920K), 0.0540042 secs] 2109023K->1795502K(3106432K) icms_dc=0 , 0.0553689 secs] [Times: user=0.62 sys=0.02, real=0.06 secs] 
11698.542: [GC 11698.542: [ParNew: 341897K->29009K(353920K), 0.0939129 secs] 2110126K->1798153K(3106432K) icms_dc=0 , 0.0952548 secs] [Times: user=0.75 sys=0.03, real=0.10 secs] 
11699.506: [GC 11699.507: [ParNew: 343633K->25972K(353920K), 0.0867533 secs] 2112777K->1795116K(3106432K) icms_dc=0 , 0.0881041 secs] [Times: user=0.78 sys=0.05, real=0.09 secs] 
11700.202: [GC 11700.202: [ParNew: 340596K->33345K(353920K), 0.1450559 secs] 2109740K->1804400K(3106432K) icms_dc=0 , 0.1464750 secs] [Times: user=0.85 sys=0.01, real=0.15 secs] 
11701.137: [GC 11701.138: [ParNew: 347969K->34784K(353920K), 0.1371254 secs] 2119024K->1810465K(3106432K) icms_dc=0 , 0.1385011 secs] [Times: user=1.25 sys=0.19, real=0.14 secs] 
11702.140: [GC 11702.141: [ParNew: 349850K->32128K(353920K), 0.0847782 secs] 2125531K->1812809K(3106432K) icms_dc=0 , 0.0861149 secs] [Times: user=0.84 sys=0.07, real=0.09 secs] 
11702.258: [GC 11702.259: [ParNew: 32996K->12762K(353920K), 0.0587668 secs] 1813677K->1815720K(3106432K) icms_dc=0 , 0.0599504 secs] [Times: user=0.61 sys=0.03, real=0.06 secs] 
11703.251: [GC 11703.418: [ParNew: 327386K->20218K(353920K), 0.1367776 secs] 2130344K->1823176K(3106432K) icms_dc=0 , 0.1381775 secs] [Times: user=1.14 sys=0.22, real=0.30 secs] 
11704.394: [GC 11704.395: [ParNew: 334839K->27383K(353920K), 0.0571241 secs] 2137796K->1830341K(3106432K) icms_dc=0 , 0.0584890 secs] [Times: user=0.67 sys=0.02, real=0.06 secs] 
11705.299: [GC 11705.300: [ParNew: 342847K->29507K(353920K), 0.0662368 secs] 2145804K->1840387K(3106432K) icms_dc=0 , 0.0676305 secs] [Times: user=0.74 sys=0.01, real=0.07 secs] 
11705.399: [GC 11705.399: [ParNew: 29564K->24229K(353920K), 0.0443851 secs] 1840444K->1839876K(3106432K) icms_dc=0 , 0.0455800 secs] [Times: user=0.60 sys=0.03, real=0.05 secs] 
11706.269: [GC 11706.270: [ParNew: 339032K->31163K(353920K), 0.0998910 secs] 2154680K->1846811K(3106432K) icms_dc=0 , 0.1014095 secs] [Times: user=0.86 sys=0.12, real=0.10 secs] 
11706.406: [GC 11706.407: [ParNew: 31510K->22631K(353920K), 0.0467201 secs] 1847158K->1842978K(3106432K) icms_dc=0 , 0.0480074 secs] [Times: user=0.61 sys=0.03, real=0.05 secs] 
11707.279: [GC 11707.280: [ParNew: 337402K->32698K(353920K), 0.0937313 secs] 2157749K->1853045K(3106432K) icms_dc=0 , 0.0951350 secs] [Times: user=0.83 sys=0.08, real=0.10 secs] 
11707.409: [GC 11707.409: [ParNew: 34039K->29494K(353920K), 0.0544008 secs] 1854387K->1856849K(3106432K) icms_dc=0 , 0.0556206 secs] [Times: user=0.65 sys=0.01, real=0.06 secs] 
11708.295: [GC 11708.296: [ParNew: 344742K->30402K(353920K), 0.0607355 secs] 2172096K->1857757K(3106432K) icms_dc=0 , 0.0621367 secs] [Times: user=0.69 sys=0.03, real=0.06 secs] 
11708.390: [GC 11708.391: [ParNew: 31166K->23689K(353920K), 0.0478519 secs] 1858521K->1857244K(3106432K) icms_dc=0 , 0.0490945 secs] [Times: user=0.63 sys=0.02, real=0.05 secs] 
11709.288: [GC 11709.288: [ParNew: 338313K->30280K(353920K), 0.0587009 secs] 2171868K->1863835K(3106432K) icms_dc=0 , 0.0601002 secs] [Times: user=0.56 sys=0.01, real=0.06 secs] 
11710.168: [GC 11710.169: [ParNew: 344445K->28149K(353920K), 0.0649781 secs] 2178000K->1867427K(3106432K) icms_dc=0 , 0.0663547 secs] [Times: user=0.69 sys=0.03, real=0.07 secs] 
11711.019: [GC 11711.020: [ParNew: 342803K->29218K(353920K), 0.0780072 secs] 2182081K->1868496K(3106432K) icms_dc=0 , 0.0793800 secs] [Times: user=0.75 sys=0.06, real=0.08 secs] 
11711.133: [GC 11711.133: [ParNew: 29931K->25992K(353920K), 0.1201855 secs] 1869209K->1868578K(3106432K) icms_dc=0 , 0.1213800 secs] [Times: user=1.10 sys=0.21, real=0.12 secs] 
11712.029: [GC 11712.030: [ParNew: 340725K->32948K(353920K), 0.0553376 secs] 2183311K->1875534K(3106432K) icms_dc=0 , 0.0567309 secs] [Times: user=0.64 sys=0.03, real=0.06 secs] 
11712.119: [GC 11712.120: [ParNew: 33513K->23847K(353920K), 0.0526957 secs] 1876099K->1874420K(3106432K) icms_dc=0 , 0.0540138 secs] [Times: user=0.68 sys=0.04, real=0.05 secs] 
11712.937: [GC 11712.938: [ParNew: 338909K->33655K(353920K), 0.0538016 secs] 2189482K->1884228K(3106432K) icms_dc=0 , 0.0551878 secs] [Times: user=0.64 sys=0.03, real=0.06 secs] 
11713.837: [GC 11713.838: [ParNew: 348279K->25390K(353920K), 0.1136813 secs] 2198852K->1884720K(3106432K) icms_dc=0 , 0.1150470 secs] [Times: user=1.03 sys=0.15, real=0.12 secs] 
11714.743: [GC 11714.744: [ParNew: 340014K->24269K(353920K), 0.0627150 secs] 2199344K->1883599K(3106432K) icms_dc=0 , 0.0640403 secs] [Times: user=0.57 sys=0.02, real=0.06 secs] 
11715.564: [GC 11715.565: [ParNew: 338893K->27485K(353920K), 0.0638669 secs] 2198223K->1886816K(3106432K) icms_dc=0 , 0.0651801 secs] [Times: user=0.73 sys=0.05, real=0.07 secs] 
11716.491: [GC 11716.492: [ParNew: 342109K->29144K(353920K), 0.0814120 secs] 2201440K->1891573K(3106432K) icms_dc=0 , 0.0827521 secs] [Times: user=0.76 sys=0.04, real=0.08 secs] 
11717.249: [GC 11717.250: [ParNew: 343742K->31095K(353920K), 0.1219760 secs] 2206172K->1893524K(3106432K) icms_dc=0 , 0.1232941 secs] [Times: user=1.05 sys=0.17, real=0.12 secs] 
11718.116: [GC 11718.117: [ParNew: 345719K->34054K(353920K), 0.1239445 secs] 2208148K->1898282K(3106432K) icms_dc=0 , 0.1253962 secs] [Times: user=1.07 sys=0.18, real=0.13 secs] 
11719.008: [GC 11719.009: [ParNew: 348678K->26434K(353920K), 0.1656542 secs] 2212906K->1896248K(3106432K) icms_dc=0 , 0.1670394 secs] [Times: user=1.31 sys=0.26, real=0.17 secs] 
11719.968: [GC 11719.969: [ParNew: 341058K->28091K(353920K), 0.0411114 secs] 2210872K->1897905K(3106432K) icms_dc=0 , 0.0425312 secs] [Times: user=0.59 sys=0.02, real=0.04 secs] 
11720.761: [GC 11720.762: [ParNew: 342715K->27521K(353920K), 0.0946956 secs] 2212529K->1901990K(3106432K) icms_dc=0 , 0.0960208 secs] [Times: user=0.81 sys=0.09, real=0.10 secs] 
11721.685: [GC 11721.686: [ParNew: 342460K->30176K(353920K), 0.0473886 secs] 2216928K->1904645K(3106432K) icms_dc=0 , 0.0486902 secs] [Times: user=0.63 sys=0.03, real=0.05 secs] 
11721.766: [GC 11721.767: [ParNew: 31341K->25200K(353920K), 0.0442446 secs] 1905810K->1902915K(3106432K) icms_dc=0 , 0.0454326 secs] [Times: user=0.53 sys=0.04, real=0.05 secs] 
11722.580: [GC 11722.581: [ParNew: 339824K->25198K(353920K), 0.0522863 secs] 2217539K->1902913K(3106432K) icms_dc=0 , 0.0536115 secs] [Times: user=0.58 sys=0.03, real=0.05 secs] 
11723.352: [GC 11723.353: [ParNew: 339822K->29468K(353920K), 0.1184767 secs] 2217537K->1907183K(3106432K) icms_dc=0 , 0.1197329 secs] [Times: user=1.01 sys=0.16, real=0.12 secs] 
11724.315: [GC 11724.316: [ParNew: 344051K->25575K(353920K), 0.0915469 secs] 2221766K->1903290K(3106432K) icms_dc=0 , 0.0928958 secs] [Times: user=0.82 sys=0.09, real=0.09 secs] 
11725.281: [GC 11725.282: [ParNew: 340199K->22838K(353920K), 0.0521340 secs] 2217914K->1900553K(3106432K) icms_dc=0 , 0.0534281 secs] [Times: user=0.59 sys=0.04, real=0.05 secs] 
11726.388: [GC 11726.389: [ParNew: 337462K->19773K(353920K), 0.0476945 secs] 2215177K->1897488K(3106432K) icms_dc=0 , 0.0489641 secs] [Times: user=0.50 sys=0.04, real=0.05 secs] 
11727.456: [GC 11727.457: [ParNew: 334397K->22363K(353920K), 0.0509575 secs] 2212112K->1900078K(3106432K) icms_dc=0 , 0.0522993 secs] [Times: user=0.53 sys=0.03, real=0.05 secs] 
11728.563: [GC 11728.563: [ParNew: 336987K->23628K(353920K), 0.0664175 secs] 2214702K->1901343K(3106432K) icms_dc=0 , 0.0676954 secs] [Times: user=0.66 sys=0.06, real=0.07 secs] 
11729.761: [GC 11729.762: [ParNew: 338252K->25590K(353920K), 0.0471473 secs] 2215967K->1903305K(3106432K) icms_dc=0 , 0.0484488 secs] [Times: user=0.58 sys=0.03, real=0.05 secs] 
11730.744: [GC 11730.744: [ParNew: 340214K->29707K(353920K), 0.0616691 secs] 2217929K->1907422K(3106432K) icms_dc=0 , 0.0629656 secs] [Times: user=0.63 sys=0.02, real=0.06 secs] 
11731.745: [GC 11731.746: [ParNew: 344311K->29458K(353920K), 0.0540040 secs] 2222026K->1907173K(3106432K) icms_dc=0 , 0.0552754 secs] [Times: user=0.60 sys=0.02, real=0.06 secs] 
11732.697: [GC 11732.698: [ParNew: 343704K->27817K(353920K), 0.0631476 secs] 2221419K->1905532K(3106432K) icms_dc=0 , 0.0643917 secs] [Times: user=0.69 sys=0.09, real=0.07 secs] 
11733.872: [GC 11733.873: [ParNew: 342441K->24451K(353920K), 0.0463554 secs] 2220156K->1902166K(3106432K) icms_dc=0 , 0.0476335 secs] [Times: user=0.61 sys=0.03, real=0.05 secs] 
11734.960: [GC 11734.961: [ParNew: 339075K->28110K(353920K), 0.0659634 secs] 2216790K->1905825K(3106432K) icms_dc=0 , 0.0672595 secs] [Times: user=0.68 sys=0.06, real=0.07 secs] 
11735.895: [GC 11735.895: [ParNew: 342695K->27335K(353920K), 0.0435980 secs] 2220410K->1905050K(3106432K) icms_dc=0 , 0.0448599 secs] [Times: user=0.57 sys=0.02, real=0.05 secs] 
11736.860: [GC 11736.861: [ParNew: 342142K->32162K(353920K), 0.0440253 secs] 2219857K->1909877K(3106432K) icms_dc=0 , 0.0453008 secs] [Times: user=0.58 sys=0.01, real=0.05 secs] 
11737.748: [GC 11737.748: [ParNew: 346828K->33811K(353920K), 0.0702874 secs] 2224543K->1914672K(3106432K) icms_dc=0 , 0.0715752 secs] [Times: user=0.70 sys=0.02, real=0.07 secs] 
11738.597: [GC 11738.598: [ParNew: 348338K->24628K(353920K), 0.0523500 secs] 2229199K->1905488K(3106432K) icms_dc=0 , 0.0537001 secs] [Times: user=0.60 sys=0.03, real=0.05 secs] 
11739.537: [GC 11739.537: [ParNew: 339252K->28434K(353920K), 0.0480201 secs] 2220112K->1909294K(3106432K) icms_dc=0 , 0.0492826 secs] [Times: user=0.61 sys=0.03, real=0.05 secs] 
11740.389: [GC 11740.390: [ParNew: 343058K->30386K(353920K), 0.1437083 secs] 2223918K->1912158K(3106432K) icms_dc=0 , 0.1450725 secs] [Times: user=1.16 sys=0.23, real=0.15 secs] 
11741.382: [GC 11741.383: [ParNew: 345010K->28921K(353920K), 0.2222081 secs] 2226782K->1910693K(3106432K) icms_dc=0 , 0.2235432 secs] [Times: user=1.72 sys=0.39, real=0.22 secs] 
11742.332: [GC 11742.332: [ParNew: 343352K->27505K(353920K), 0.0721961 secs] 2225123K->1912390K(3106432K) icms_dc=0 , 0.0735121 secs] [Times: user=0.62 sys=0.01, real=0.07 secs] 
11743.232: [GC 11743.233: [ParNew: 342129K->30405K(353920K), 0.1272239 secs] 2227014K->1915819K(3106432K) icms_dc=0 , 0.1285909 secs] [Times: user=1.10 sys=0.17, real=0.13 secs] 
11744.247: [GC 11744.248: [ParNew: 345029K->26775K(353920K), 0.0536381 secs] 2230443K->1912188K(3106432K) icms_dc=0 , 0.0549349 secs] [Times: user=0.62 sys=0.03, real=0.06 secs] 
11745.008: [GC 11745.009: [ParNew: 341399K->28290K(353920K), 0.1072207 secs] 2226812K->1914990K(3106432K) icms_dc=0 , 0.1085584 secs] [Times: user=0.88 sys=0.11, real=0.11 secs] 
11745.945: [GC 11745.946: [ParNew: 342914K->29030K(353920K), 0.1207244 secs] 2229614K->1916279K(3106432K) icms_dc=0 , 0.1220287 secs] [Times: user=0.94 sys=0.17, real=0.12 secs] 
11746.943: [GC 11746.944: [ParNew: 343654K->29650K(353920K), 0.1518055 secs] 2230903K->1916899K(3106432K) icms_dc=0 , 0.1532204 secs] [Times: user=1.30 sys=0.28, real=0.15 secs] 
11747.971: [GC 11747.971: [ParNew: 344239K->29809K(353920K), 0.0607022 secs] 2231488K->1918717K(3106432K) icms_dc=0 , 0.0620430 secs] [Times: user=0.68 sys=0.02, real=0.06 secs] 
11748.880: [GC 11748.881: [ParNew: 344433K->29017K(353920K), 0.1440625 secs] 2233341K->1918587K(3106432K) icms_dc=0 , 0.1453909 secs] [Times: user=1.05 sys=0.21, real=0.15 secs] 
11749.876: [GC 11749.877: [ParNew: 343574K->29111K(353920K), 0.0518896 secs] 2233144K->1918681K(3106432K) icms_dc=0 , 0.0532741 secs] [Times: user=0.65 sys=0.03, real=0.05 secs] 
11750.766: [GC 11750.766: [ParNew: 343735K->29450K(353920K), 0.1242558 secs] 2233305K->1919020K(3106432K) icms_dc=0 , 0.1255897 secs] [Times: user=0.99 sys=0.15, real=0.13 secs] 
11751.682: [GC 11751.683: [ParNew: 344074K->30431K(353920K), 0.1343409 secs] 2233644K->1921516K(3106432K) icms_dc=0 , 0.1356696 secs] [Times: user=1.23 sys=0.23, real=0.14 secs] 
11752.737: [GC 11752.738: [ParNew: 345242K->29957K(353920K), 0.1166603 secs] 2236327K->1921043K(3106432K) icms_dc=0 , 0.1180791 secs] [Times: user=1.13 sys=0.19, real=0.12 secs] 
11752.890: [GC 11752.891: [ParNew: 31767K->23732K(353920K), 0.0604093 secs] 1922853K->1914817K(3106432K) icms_dc=0 , 0.0615787 secs] [Times: user=0.74 sys=0.06, real=0.06 secs] 
11753.818: [GC 11753.818: [ParNew: 338333K->29283K(353920K), 0.1405915 secs] 2229419K->1920368K(3106432K) icms_dc=0 , 0.1419288 secs] [Times: user=1.02 sys=0.14, real=0.14 secs] 
11754.830: [GC 11754.831: [ParNew: 344720K->30941K(353920K), 0.0619416 secs] 2235805K->1923380K(3106432K) icms_dc=0 , 0.0632723 secs] [Times: user=0.71 sys=0.01, real=0.06 secs] 
11755.795: [GC 11755.796: [ParNew: 345565K->24633K(353920K), 0.0747755 secs] 2238004K->1919181K(3106432K) icms_dc=0 , 0.0761117 secs] [Times: user=0.77 sys=0.07, real=0.08 secs] 
11756.703: [GC 11756.704: [ParNew: 339249K->28537K(353920K), 0.0611766 secs] 2233797K->1923085K(3106432K) icms_dc=0 , 0.0625471 secs] [Times: user=0.63 sys=0.03, real=0.06 secs] 
11757.594: [GC 11757.595: [ParNew: 343161K->27931K(353920K), 0.0486633 secs] 2237709K->1923115K(3106432K) icms_dc=0 , 0.0500103 secs] [Times: user=0.66 sys=0.03, real=0.05 secs] 
11758.512: [GC 11758.513: [ParNew: 342636K->30075K(353920K), 0.1365700 secs] 2237821K->1925803K(3106432K) icms_dc=0 , 0.1379284 secs] [Times: user=1.27 sys=0.19, real=0.14 secs] 
11758.683: [GC 11758.684: [ParNew: 31256K->27842K(353920K), 0.0421560 secs] 1926984K->1925352K(3106432K) icms_dc=0 , 0.0436062 secs] [Times: user=0.63 sys=0.04, real=0.04 secs] 
11759.783: [GC 11759.784: [ParNew: 342466K->31234K(353920K), 0.0799497 secs] 2239976K->1928745K(3106432K) icms_dc=0 , 0.0812976 secs] [Times: user=0.81 sys=0.09, real=0.08 secs] 
11760.627: [GC 11760.627: [ParNew: 345858K->28355K(353920K), 0.0878715 secs] 2243369K->1927564K(3106432K) icms_dc=0 , 0.0892724 secs] [Times: user=0.82 sys=0.07, real=0.09 secs] 
11761.569: [GC 11761.570: [ParNew: 342979K->32620K(353920K), 0.1218741 secs] 2242188K->1931829K(3106432K) icms_dc=0 , 0.1232161 secs] [Times: user=0.96 sys=0.12, real=0.12 secs] 
11762.463: [GC 11762.463: [ParNew: 347244K->30029K(353920K), 0.0746526 secs] 2246453K->1932898K(3106432K) icms_dc=0 , 0.0759789 secs] [Times: user=0.77 sys=0.03, real=0.08 secs] 
11763.486: [GC 11763.487: [ParNew: 344653K->25562K(353920K), 0.0806194 secs] 2247522K->1928431K(3106432K) icms_dc=0 , 0.0820583 secs] [Times: user=0.76 sys=0.09, real=0.08 secs] 
11764.500: [GC 11764.500: [ParNew: 340186K->27765K(353920K), 0.0914127 secs] 2243055K->1930634K(3106432K) icms_dc=0 , 0.0927419 secs] [Times: user=0.81 sys=0.12, real=0.09 secs] 
11765.408: [GC 11765.409: [ParNew: 342389K->30071K(353920K), 0.0645179 secs] 2245258K->1934288K(3106432K) icms_dc=0 , 0.0658843 secs] [Times: user=0.75 sys=0.06, real=0.07 secs] 
11766.391: [GC 11766.392: [ParNew: 344755K->32976K(353920K), 0.1361582 secs] 2248972K->1938671K(3106432K) icms_dc=0 , 0.1375138 secs] [Times: user=0.87 sys=0.12, real=0.14 secs] 
11766.564: [GC 11766.564: [ParNew: 33222K->24778K(353920K), 0.0386845 secs] 1938917K->1931365K(3106432K) icms_dc=0 , 0.0399170 secs] [Times: user=0.60 sys=0.03, real=0.04 secs] 
11767.819: [GC 11767.820: [ParNew: 339402K->25961K(353920K), 0.0679631 secs] 2245989K->1932547K(3106432K) icms_dc=0 , 0.0695874 secs] [Times: user=0.77 sys=0.04, real=0.07 secs] 
11768.949: [GC 11768.950: [ParNew: 340585K->29303K(353920K), 0.2572186 secs] 2247171K->1936651K(3106432K) icms_dc=0 , 0.2586315 secs] [Times: user=1.90 sys=0.53, real=0.26 secs] 
11770.176: [GC 11770.177: [ParNew: 343927K->31806K(353920K), 0.0730434 secs] 2251275K->1939153K(3106432K) icms_dc=0 , 0.0745507 secs] [Times: user=0.71 sys=0.04, real=0.08 secs] 
11771.169: [GC 11771.170: [ParNew: 346430K->29465K(353920K), 0.1156733 secs] 2253777K->1939090K(3106432K) icms_dc=0 , 0.1170619 secs] [Times: user=1.05 sys=0.14, real=0.12 secs] 
11772.349: [GC 11772.350: [ParNew: 344127K->23459K(353920K), 0.1008168 secs] 2253751K->1934975K(3106432K) icms_dc=0 , 0.1022301 secs] [Times: user=1.00 sys=0.16, real=0.10 secs] 
11772.484: [GC 11772.484: [ParNew: 24051K->18110K(353920K), 0.0435068 secs] 1935567K->1929625K(3106432K) icms_dc=0 , 0.0447049 secs] [Times: user=0.56 sys=0.04, real=0.05 secs] 
11773.519: [GC 11773.520: [ParNew: 332734K->23186K(353920K), 0.0786833 secs] 2244249K->1934701K(3106432K) icms_dc=0 , 0.0801051 secs] [Times: user=0.83 sys=0.08, real=0.08 secs] 
11774.748: [GC 11774.749: [ParNew: 337789K->30720K(353920K), 0.0680384 secs] 2249305K->1942236K(3106432K) icms_dc=0 , 0.0694915 secs] [Times: user=0.75 sys=0.03, real=0.07 secs] 
11775.659: [GC 11775.660: [ParNew: 345344K->30876K(353920K), 0.0747646 secs] 2256860K->1944952K(3106432K) icms_dc=0 , 0.0761942 secs] [Times: user=0.80 sys=0.01, real=0.08 secs] 
11776.559: [GC 11776.561: [ParNew: 345500K->31066K(353920K), 0.1433212 secs] 2259576K->1948686K(3106432K) icms_dc=0 , 0.1449186 secs] [Times: user=1.29 sys=0.24, real=0.15 secs] 
11777.548: [GC 11777.549: [ParNew: 345690K->26620K(353920K), 0.0771529 secs] 2263310K->1946594K(3106432K) icms_dc=0 , 0.0790771 secs] [Times: user=0.84 sys=0.10, real=0.08 secs] 
11778.448: [GC 11778.449: [ParNew: 341244K->28940K(353920K), 0.0644766 secs] 2261218K->1948914K(3106432K) icms_dc=0 , 0.0658796 secs] [Times: user=0.70 sys=0.04, real=0.07 secs] 
11779.303: [GC 11779.304: [ParNew: 343564K->31970K(353920K), 0.1354611 secs] 2263538K->1951944K(3106432K) icms_dc=0 , 0.1368439 secs] [Times: user=1.20 sys=0.21, real=0.14 secs] 
11780.459: [GC 11780.460: [ParNew: 347465K->31254K(353920K), 0.0606165 secs] 2267438K->1955105K(3106432K) icms_dc=0 , 0.0620056 secs] [Times: user=0.73 sys=0.02, real=0.06 secs] 
11780.554: [GC 11780.555: [ParNew: 32027K->23402K(353920K), 0.0474556 secs] 1955878K->1949267K(3106432K) icms_dc=0 , 0.0486459 secs] [Times: user=0.63 sys=0.03, real=0.05 secs] 
11781.500: [GC 11781.501: [ParNew: 338026K->25098K(353920K), 0.0560042 secs] 2263891K->1950963K(3106432K) icms_dc=0 , 0.0574263 secs] [Times: user=0.62 sys=0.04, real=0.06 secs] 
11782.564: [GC 11782.565: [ParNew: 339722K->29283K(353920K), 0.1102252 secs] 2265587K->1955148K(3106432K) icms_dc=0 , 0.1115951 secs] [Times: user=1.02 sys=0.12, real=0.11 secs] 
11783.460: [GC 11783.461: [ParNew: 343914K->32333K(353920K), 0.1142565 secs] 2269779K->1958198K(3106432K) icms_dc=0 , 0.1159459 secs] [Times: user=1.06 sys=0.17, real=0.12 secs] 
11784.279: [GC 11784.280: [ParNew: 346957K->35902K(353920K), 0.0935060 secs] 2272822K->1966868K(3106432K) icms_dc=0 , 0.0948568 secs] [Times: user=0.95 sys=0.09, real=0.10 secs] 
11785.171: [GC 11785.172: [ParNew: 350526K->29424K(353920K), 0.0588277 secs] 2281492K->1963972K(3106432K) icms_dc=0 , 0.0603518 secs] [Times: user=0.67 sys=0.01, real=0.06 secs] 
11786.221: [GC 11786.222: [ParNew: 344048K->25398K(353920K), 0.0758110 secs] 2278596K->1961923K(3106432K) icms_dc=0 , 0.0771411 secs] [Times: user=0.78 sys=0.09, real=0.08 secs] 
11787.155: [GC 11787.156: [ParNew: 340022K->32217K(353920K), 0.1214964 secs] 2276547K->1968742K(3106432K) icms_dc=0 , 0.1228773 secs] [Times: user=1.01 sys=0.11, real=0.12 secs] 
11787.995: [GC 11787.996: [ParNew: 346841K->29847K(353920K), 0.1465979 secs] 2283366K->1968586K(3106432K) icms_dc=0 , 0.1479536 secs] [Times: user=1.15 sys=0.16, real=0.15 secs] 
11788.996: [GC 11788.997: [ParNew: 344471K->24568K(353920K), 0.0742250 secs] 2283210K->1963308K(3106432K) icms_dc=0 , 0.0755681 secs] [Times: user=0.61 sys=0.01, real=0.08 secs] 
11789.766: [GC 11789.767: [ParNew: 339192K->31289K(353920K), 0.0949751 secs] 2277932K->1970029K(3106432K) icms_dc=0 , 0.0963635 secs] [Times: user=0.80 sys=0.11, real=0.10 secs] 
11790.668: [GC 11790.669: [ParNew: 345913K->32387K(353920K), 0.0535621 secs] 2284653K->1974204K(3106432K) icms_dc=0 , 0.0548904 secs] [Times: user=0.63 sys=0.02, real=0.06 secs] 
11791.594: [GC 11791.595: [ParNew: 347011K->25333K(353920K), 0.0655973 secs] 2288828K->1969588K(3106432K) icms_dc=0 , 0.0669016 secs] [Times: user=0.56 sys=0.01, real=0.07 secs] 
11792.458: [GC 11792.458: [ParNew: 339957K->24607K(353920K), 0.1616196 secs] 2284212K->1968862K(3106432K) icms_dc=0 , 0.1629779 secs] [Times: user=1.26 sys=0.29, real=0.16 secs] 
11793.409: [GC 11793.410: [ParNew: 339231K->22107K(353920K), 0.1260998 secs] 2283486K->1967134K(3106432K) icms_dc=0 , 0.1274328 secs] [Times: user=1.21 sys=0.23, real=0.13 secs] 
11794.297: [GC 11794.297: [ParNew: 336731K->25054K(353920K), 0.0634459 secs] 2281758K->1970082K(3106432K) icms_dc=0 , 0.0648188 secs] [Times: user=0.58 sys=0.01, real=0.07 secs] 
11795.106: [GC 11795.107: [ParNew: 339697K->31672K(353920K), 0.0800908 secs] 2284724K->1978051K(3106432K) icms_dc=0 , 0.0815096 secs] [Times: user=0.85 sys=0.09, real=0.08 secs] 
11795.221: [GC 11795.221: [ParNew: 32538K->25832K(353920K), 0.0519235 secs] 1978917K->1976049K(3106432K) icms_dc=0 , 0.0531197 secs] [Times: user=0.62 sys=0.03, real=0.05 secs] 
11796.368: [GC 11796.369: [ParNew: 340456K->27701K(353920K), 0.0713393 secs] 2290673K->1977918K(3106432K) icms_dc=0 , 0.0727112 secs] [Times: user=0.78 sys=0.07, real=0.07 secs] 
11797.481: [GC 11797.482: [ParNew: 342325K->28622K(353920K), 0.0607947 secs] 2292542K->1978839K(3106432K) icms_dc=0 , 0.0621421 secs] [Times: user=0.64 sys=0.03, real=0.06 secs] 
11798.588: [GC 11798.589: [ParNew: 343246K->30303K(353920K), 0.1059461 secs] 2293463K->1981720K(3106432K) icms_dc=0 , 0.1073886 secs] [Times: user=0.92 sys=0.09, real=0.11 secs] 
11799.393: [GC 11799.394: [ParNew: 344927K->30512K(353920K), 0.0730438 secs] 2296344K->1984097K(3106432K) icms_dc=0 , 0.0744657 secs] [Times: user=0.88 sys=0.06, real=0.08 secs] 
11800.181: [GC 11800.182: [ParNew: 345136K->33578K(353920K), 0.0875955 secs] 2298721K->1988539K(3106432K) icms_dc=0 , 0.0889815 secs] [Times: user=0.78 sys=0.04, real=0.09 secs] 
11800.976: [GC 11800.977: [ParNew: 348593K->36079K(353920K), 0.0672334 secs] 2303555K->1992992K(3106432K) icms_dc=0 , 0.0686207 secs] [Times: user=0.88 sys=0.05, real=0.07 secs] 
11801.078: [GC 11801.078: [ParNew: 36761K->27904K(353920K), 0.0618258 secs] 1993673K->1993047K(3106432K) icms_dc=0 , 0.0630032 secs] [Times: user=0.72 sys=0.04, real=0.06 secs] 
11801.934: [GC 11801.935: [ParNew: 343183K->31283K(353920K), 0.2152150 secs] 2308326K->1996427K(3106432K) icms_dc=0 , 0.2166152 secs] [Times: user=1.47 sys=0.36, real=0.22 secs] 
11802.879: [GC 11802.880: [ParNew: 345907K->31910K(353920K), 0.0716041 secs] 2311051K->2001591K(3106432K) icms_dc=0 , 0.0730008 secs] [Times: user=0.81 sys=0.04, real=0.07 secs] 
11803.899: [GC 11803.900: [ParNew: 346804K->24832K(353920K), 0.0699549 secs] 2316485K->1998089K(3106432K) icms_dc=0 , 0.0715258 secs] [Times: user=0.85 sys=0.04, real=0.07 secs] 
11804.006: [GC 11804.006: [ParNew: 25623K->27121K(353920K), 0.0412189 secs] 1998880K->2000377K(3106432K) icms_dc=0 , 0.0424414 secs] [Times: user=0.58 sys=0.03, real=0.04 secs] 
11804.829: [GC 11804.830: [ParNew: 341745K->34192K(353920K), 0.2007440 secs] 2315001K->2007448K(3106432K) icms_dc=0 , 0.2021548 secs] [Times: user=1.22 sys=0.15, real=0.20 secs] 
11805.765: [GC 11805.766: [ParNew: 348939K->37858K(353920K), 0.1640105 secs] 2322195K->2013745K(3106432K) icms_dc=0 , 0.1653924 secs] [Times: user=1.14 sys=0.11, real=0.17 secs] 
11805.963: [GC 11805.964: [ParNew: 38827K->24227K(353920K), 0.0725981 secs] 2014714K->2007618K(3106432K) icms_dc=0 , 0.0738829 secs] [Times: user=0.70 sys=0.02, real=0.07 secs] 
11806.834: [GC 11806.835: [ParNew: 338851K->31809K(353920K), 0.1276573 secs] 2322242K->2015200K(3106432K) icms_dc=0 , 0.1290698 secs] [Times: user=1.05 sys=0.20, real=0.13 secs] 
11807.886: [GC 11807.887: [ParNew: 346433K->34534K(353920K), 0.1095524 secs] 2329824K->2022652K(3106432K) icms_dc=0 , 0.1109750 secs] [Times: user=1.05 sys=0.11, real=0.11 secs] 
11808.788: [GC 11808.789: [ParNew: 349695K->29951K(353920K), 0.1118625 secs] 2337813K->2023175K(3106432K) icms_dc=0 , 0.1132735 secs] [Times: user=1.00 sys=0.08, real=0.11 secs] 
11808.934: [GC 11808.934: [ParNew: 30297K->25198K(353920K), 0.0497063 secs] 2023520K->2022732K(3106432K) icms_dc=0 , 0.0509056 secs] [Times: user=0.61 sys=0.03, real=0.05 secs] 
11809.787: [GC 11809.788: [ParNew: 339822K->23073K(353920K), 0.1149146 secs] 2337356K->2020608K(3106432K) icms_dc=0 , 0.1163192 secs] [Times: user=0.94 sys=0.13, real=0.12 secs] 
11810.657: [GC 11810.658: [ParNew: 337697K->32683K(353920K), 0.1181231 secs] 2335232K->2030217K(3106432K) icms_dc=0 , 0.1195535 secs] [Times: user=1.09 sys=0.18, real=0.12 secs] 
11811.627: [GC 11811.628: [ParNew: 347307K->28278K(353920K), 0.1255684 secs] 2344841K->2032423K(3106432K) icms_dc=0 , 0.1269512 secs] [Times: user=1.09 sys=0.15, real=0.13 secs] 
11812.466: [GC 11812.467: [ParNew: 342902K->31940K(353920K), 0.0984011 secs] 2347047K->2039483K(3106432K) icms_dc=0 , 0.0998130 secs] [Times: user=1.02 sys=0.14, real=0.10 secs] 
11813.248: [GC 11813.249: [ParNew: 346564K->29543K(353920K), 0.0538925 secs] 2354107K->2040395K(3106432K) icms_dc=0 , 0.0552654 secs] [Times: user=0.70 sys=0.03, real=0.06 secs] 
11814.066: [GC 11814.067: [ParNew: 345076K->39296K(353920K), 0.1195151 secs] 2355928K->2050587K(3106432K) icms_dc=0 , 0.1208890 secs] [Times: user=0.82 sys=0.03, real=0.12 secs] 
11814.219: [GC 11814.220: [ParNew: 39788K->29509K(353920K), 0.1058317 secs] 2051079K->2049387K(3106432K) icms_dc=0 , 0.1070511 secs] [Times: user=0.68 sys=0.02, real=0.11 secs] 
11815.037: [GC 11815.038: [ParNew: 344473K->39296K(353920K), 0.0772800 secs] 2364351K->2059610K(3106432K) icms_dc=0 , 0.0787005 secs] [Times: user=0.85 sys=0.06, real=0.08 secs] 
11815.836: [GC 11815.837: [ParNew: 353487K->29276K(353920K), 0.1335822 secs] 2373801K->2060156K(3106432K) icms_dc=4 , 0.1350159 secs] [Times: user=1.10 sys=0.18, real=0.14 secs] 
11816.343: [GC [1 CMS-initial-mark: 2030879K(2752512K)] 2211551K(3106432K), 0.8991793 secs] [Times: user=0.90 sys=0.00, real=0.90 secs] 
11817.244: [CMS-concurrent-mark-start]
11817.621: [GC 11817.622: [ParNew: 343900K->26062K(353920K), 0.1182993 secs] 2374780K->2056942K(3106432K) icms_dc=9 , 0.1384536 secs] [Times: user=1.09 sys=0.19, real=0.14 secs] 
11818.585: [GC 11818.586: [ParNew: 340686K->34950K(353920K), 0.1185341 secs] 2371566K->2069010K(3106432K) icms_dc=9 , 0.1199319 secs] [Times: user=1.14 sys=0.20, real=0.12 secs] 
11819.575: [GC 11819.576: [ParNew: 350057K->30050K(353920K), 0.2100838 secs] 2384117K->2074608K(3106432K) icms_dc=15 , 0.2115203 secs] [Times: user=1.67 sys=0.34, real=0.21 secs] 
11819.820: [GC 11819.821: [ParNew: 30888K->21932K(353920K), 0.0793479 secs] 2075446K->2066490K(3106432K) icms_dc=18 , 0.0804951 secs] [Times: user=0.61 sys=0.08, real=0.08 secs] 
11820.633: [GC 11820.634: [ParNew: 336742K->27501K(353920K), 0.1202320 secs] 2381300K->2072060K(3106432K) icms_dc=18 , 0.1216309 secs] [Times: user=1.01 sys=0.19, real=0.12 secs] 
11820.788: [GC 11820.789: [ParNew: 28526K->25094K(353920K), 0.1089216 secs] 2073084K->2074702K(3106432K) icms_dc=18 , 0.1101356 secs] [Times: user=0.98 sys=0.17, real=0.11 secs] 
11821.711: [GC 11821.712: [ParNew: 339460K->25660K(353920K), 0.0957674 secs] 2389068K->2075268K(3106432K) icms_dc=18 , 0.0971585 secs] [Times: user=0.76 sys=0.08, real=0.10 secs] 
11822.639: [GC 11822.640: [ParNew: 340915K->31484K(353920K), 0.1080280 secs] 2390523K->2085085K(3106432K) icms_dc=18 , 0.1093805 secs] [Times: user=1.01 sys=0.10, real=0.11 secs] 
11822.782: [GC 11822.783: [ParNew: 33009K->27317K(353920K), 0.1244374 secs] 2086610K->2087275K(3106432K) icms_dc=18 , 0.1256201 secs] [Times: user=0.87 sys=0.11, real=0.13 secs] 
11823.626: [GC 11823.627: [ParNew: 341941K->28116K(353920K), 0.1466337 secs] 2401899K->2088074K(3106432K) icms_dc=18 , 0.1480302 secs] [Times: user=1.16 sys=0.26, real=0.15 secs] 
11824.551: [GC 11824.551: [ParNew: 342740K->30433K(353920K), 0.0742806 secs] 2402698K->2095828K(3106432K) icms_dc=18 , 0.0756551 secs] [Times: user=0.76 sys=0.01, real=0.08 secs] 
11825.310: [GC 11825.311: [ParNew: 345057K->31180K(353920K), 0.0765749 secs] 2410452K->2101009K(3106432K) icms_dc=18 , 0.0779044 secs] [Times: user=0.80 sys=0.06, real=0.08 secs] 
11826.104: [GC 11826.105: [ParNew: 345804K->28095K(353920K), 0.1064112 secs] 2415633K->2101670K(3106432K) icms_dc=18 , 0.1077461 secs] [Times: user=0.96 sys=0.09, real=0.11 secs] 
11826.951: [GC 11826.951: [ParNew: 342719K->25055K(353920K), 0.0622779 secs] 2416294K->2098630K(3106432K) icms_dc=18 , 0.0635889 secs] [Times: user=0.66 sys=0.03, real=0.06 secs] 
11827.793: [GC 11827.793: [ParNew: 339679K->33314K(353920K), 0.0734484 secs] 2413254K->2106889K(3106432K) icms_dc=18 , 0.0748047 secs] [Times: user=0.84 sys=0.07, real=0.08 secs] 
11828.648: [GC 11828.649: [ParNew: 347938K->34332K(353920K), 0.1132784 secs] 2421513K->2113164K(3106432K) icms_dc=18 , 0.1146116 secs] [Times: user=1.03 sys=0.16, real=0.12 secs] 
11829.594: [GC 11829.595: [ParNew: 348479K->26767K(353920K), 0.1136181 secs] 2427311K->2111544K(3106432K) icms_dc=18 , 0.1149666 secs] [Times: user=0.98 sys=0.11, real=0.12 secs] 
11830.459: [GC 11830.460: [ParNew: 341391K->26208K(353920K), 0.1176086 secs] 2426168K->2110985K(3106432K) icms_dc=18 , 0.1191410 secs] [Times: user=0.97 sys=0.19, real=0.12 secs] 
11831.271: [GC 11831.272: [ParNew: 340832K->27481K(353920K), 0.0625005 secs] 2425609K->2115383K(3106432K) icms_dc=18 , 0.0637998 secs] [Times: user=0.68 sys=0.02, real=0.06 secs] 
11832.140: [GC 11832.141: [ParNew: 342105K->27258K(353920K), 0.0462264 secs] 2430007K->2115159K(3106432K) icms_dc=18 , 0.0475401 secs] [Times: user=0.57 sys=0.02, real=0.05 secs] 
11832.923: [GC 11832.924: [ParNew: 341882K->29215K(353920K), 0.0751198 secs] 2429783K->2119721K(3106432K) icms_dc=18 , 0.0764332 secs] [Times: user=0.76 sys=0.05, real=0.08 secs] 
11833.753: [GC 11833.754: [ParNew: 343262K->33338K(353920K), 0.0518673 secs] 2433768K->2123845K(3106432K) icms_dc=18 , 0.0531224 secs] [Times: user=0.72 sys=0.05, real=0.05 secs] 
11834.610: [GC 11834.611: [ParNew: 347962K->31170K(353920K), 0.0957050 secs] 2438469K->2125728K(3106432K) icms_dc=18 , 0.0970218 secs] [Times: user=0.75 sys=0.07, real=0.10 secs] 
11835.476: [GC 11835.477: [ParNew: 345600K->22813K(353920K), 0.1502221 secs] 2440159K->2117372K(3106432K) icms_dc=18 , 0.1514995 secs] [Times: user=1.08 sys=0.25, real=0.15 secs] 
11836.488: [GC 11836.488: [ParNew: 337437K->24067K(353920K), 0.0467472 secs] 2431996K->2118625K(3106432K) icms_dc=18 , 0.0480374 secs] [Times: user=0.54 sys=0.03, real=0.05 secs] 
11837.336: [GC 11837.337: [ParNew: 338691K->24222K(353920K), 0.1016575 secs] 2433249K->2118780K(3106432K) icms_dc=18 , 0.1030186 secs] [Times: user=0.84 sys=0.13, real=0.10 secs] 
11838.304: [GC 11838.305: [ParNew: 338926K->29025K(353920K), 0.0608619 secs] 2433484K->2123584K(3106432K) icms_dc=18 , 0.0621210 secs] [Times: user=0.62 sys=0.03, real=0.06 secs] 
11839.036: [GC 11839.037: [ParNew: 343649K->26791K(353920K), 0.0938483 secs] 2438208K->2121901K(3106432K) icms_dc=18 , 0.0952593 secs] [Times: user=0.84 sys=0.12, real=0.10 secs] 
11839.912: [GC 11839.913: [ParNew: 341415K->26109K(353920K), 0.0526511 secs] 2436525K->2121219K(3106432K) icms_dc=18 , 0.0539563 secs] [Times: user=0.58 sys=0.03, real=0.05 secs] 
11840.841: [GC 11840.842: [ParNew: 340733K->27549K(353920K), 0.0452203 secs] 2435843K->2122659K(3106432K) icms_dc=18 , 0.0465126 secs] [Times: user=0.56 sys=0.02, real=0.05 secs] 
11841.653: [GC 11841.654: [ParNew: 342173K->29897K(353920K), 0.0735570 secs] 2437283K->2125546K(3106432K) icms_dc=18 , 0.0748430 secs] [Times: user=0.79 sys=0.09, real=0.08 secs] 
11842.474: [GC 11842.475: [ParNew: 344521K->29833K(353920K), 0.2138474 secs] 2440170K->2126926K(3106432K) icms_dc=18 , 0.2151374 secs] [Times: user=1.47 sys=0.42, real=0.22 secs] 
11843.449: [GC 11843.449: [ParNew: 344457K->26171K(353920K), 0.1025611 secs] 2441550K->2125335K(3106432K) icms_dc=18 , 0.1038397 secs] [Times: user=0.93 sys=0.15, real=0.10 secs] 
11844.333: [GC 11844.334: [ParNew: 340795K->26684K(353920K), 0.0494643 secs] 2439959K->2125847K(3106432K) icms_dc=18 , 0.0508791 secs] [Times: user=0.60 sys=0.03, real=0.05 secs] 
11845.186: [GC 11845.187: [ParNew: 341308K->28941K(353920K), 0.0871530 secs] 2440471K->2128104K(3106432K) icms_dc=18 , 0.0884535 secs] [Times: user=0.79 sys=0.09, real=0.09 secs] 
11846.134: [GC 11846.135: [ParNew: 343565K->25315K(353920K), 0.1664043 secs] 2442728K->2124479K(3106432K) icms_dc=18 , 0.1676904 secs] [Times: user=1.16 sys=0.31, real=0.17 secs] 
11847.312: [GC 11847.313: [ParNew: 339939K->20794K(353920K), 0.0559982 secs] 2439103K->2119957K(3106432K) icms_dc=18 , 0.0572701 secs] [Times: user=0.62 sys=0.07, real=0.06 secs] 
11848.654: [GC 11848.655: [ParNew: 335418K->23695K(353920K), 0.0647666 secs] 2434581K->2122858K(3106432K) icms_dc=18 , 0.0660232 secs] [Times: user=0.65 sys=0.05, real=0.07 secs] 
11850.056: [GC 11850.057: [ParNew: 338319K->24393K(353920K), 0.0466956 secs] 2437482K->2123556K(3106432K) icms_dc=18 , 0.0481152 secs] [Times: user=0.57 sys=0.03, real=0.05 secs] 
11851.181: [GC 11851.182: [ParNew: 339017K->24693K(353920K), 0.0558236 secs] 2438180K->2123856K(3106432K) icms_dc=18 , 0.0571211 secs] [Times: user=0.61 sys=0.03, real=0.06 secs] 
11852.257: [GC 11852.258: [ParNew: 339317K->22781K(353920K), 0.0460375 secs] 2438480K->2121944K(3106432K) icms_dc=18 , 0.0472956 secs] [Times: user=0.58 sys=0.03, real=0.05 secs] 
11853.396: [GC 11853.397: [ParNew: 337346K->22103K(353920K), 0.0437070 secs] 2436509K->2121266K(3106432K) icms_dc=18 , 0.0450179 secs] [Times: user=0.55 sys=0.03, real=0.05 secs] 
11854.477: [GC 11854.478: [ParNew: 336727K->23993K(353920K), 0.0403069 secs] 2435890K->2123156K(3106432K) icms_dc=18 , 0.0415617 secs] [Times: user=0.54 sys=0.02, real=0.04 secs] 
11855.710: [GC 11855.711: [ParNew: 338617K->26595K(353920K), 0.0382901 secs] 2437780K->2125758K(3106432K) icms_dc=18 , 0.0395836 secs] [Times: user=0.55 sys=0.02, real=0.04 secs] 
11856.669: [GC 11856.670: [ParNew: 341219K->25396K(353920K), 0.0609989 secs] 2440382K->2124559K(3106432K) icms_dc=18 , 0.0622837 secs] [Times: user=0.67 sys=0.05, real=0.06 secs] 
11857.641: [GC 11857.642: [ParNew: 340020K->25355K(353920K), 0.0677633 secs] 2439183K->2126777K(3106432K) icms_dc=18 , 0.0692405 secs] [Times: user=0.72 sys=0.06, real=0.07 secs] 
11858.779: [GC 11858.780: [ParNew: 339972K->24008K(353920K), 0.1232532 secs] 2441394K->2125430K(3106432K) icms_dc=18 , 0.1244972 secs] [Times: user=0.95 sys=0.21, real=0.13 secs] 
11859.781: [GC 11859.782: [ParNew: 338632K->27927K(353920K), 0.0950339 secs] 2440054K->2129349K(3106432K) icms_dc=18 , 0.0963220 secs] [Times: user=0.75 sys=0.11, real=0.10 secs] 
11860.232: [CMS-concurrent-mark: 6.897/42.989 secs] [Times: user=919.88 sys=24.59, real=42.99 secs] 
11860.234: [CMS-concurrent-preclean-start]
11860.719: [GC 11860.719: [ParNew: 342011K->27926K(353920K), 0.0456372 secs] 2443434K->2129349K(3106432K) icms_dc=18 , 0.0469072 secs] [Times: user=0.57 sys=0.01, real=0.05 secs] 
11861.664: [GC 11861.665: [ParNew: 342550K->27751K(353920K), 0.0580380 secs] 2443973K->2130799K(3106432K) icms_dc=18 , 0.0593711 secs] [Times: user=0.66 sys=0.02, real=0.06 secs] 
11862.528: [GC 11862.529: [ParNew: 342486K->31210K(353920K), 0.0737811 secs] 2445533K->2134873K(3106432K) icms_dc=18 , 0.0750725 secs] [Times: user=0.72 sys=0.06, real=0.08 secs] 
11863.549: [GC 11863.550: [ParNew: 345834K->27424K(353920K), 0.0582694 secs] 2449497K->2133906K(3106432K) icms_dc=18 , 0.0595516 secs] [Times: user=0.65 sys=0.01, real=0.06 secs] 
11864.459: [GC 11864.460: [ParNew: 342048K->27858K(353920K), 0.1129590 secs] 2448530K->2134340K(3106432K) icms_dc=18 , 0.1142589 secs] [Times: user=0.89 sys=0.17, real=0.11 secs] 
11865.508: [GC 11865.509: [ParNew: 342482K->27643K(353920K), 0.0674272 secs] 2448964K->2134125K(3106432K) icms_dc=18 , 0.0687651 secs] [Times: user=0.63 sys=0.02, real=0.07 secs] 
11866.458: [GC 11866.459: [ParNew: 341853K->31250K(353920K), 0.0533543 secs] 2448335K->2138078K(3106432K) icms_dc=18 , 0.0546446 secs] [Times: user=0.61 sys=0.03, real=0.06 secs] 
11867.539: [GC 11867.540: [ParNew: 345874K->26862K(353920K), 0.0855076 secs] 2452702K->2137588K(3106432K) icms_dc=18 , 0.0868840 secs] [Times: user=0.87 sys=0.08, real=0.09 secs] 
11868.654: [GC 11868.655: [ParNew: 340912K->23459K(353920K), 0.0586877 secs] 2451638K->2134185K(3106432K) icms_dc=18 , 0.0600429 secs] [Times: user=0.57 sys=0.03, real=0.06 secs] 
11869.850: [GC 11869.851: [ParNew: 338083K->23918K(353920K), 0.0642492 secs] 2448809K->2134644K(3106432K) icms_dc=18 , 0.0657031 secs] [Times: user=0.65 sys=0.03, real=0.07 secs] 
11870.787: [GC 11870.788: [ParNew: 338542K->30114K(353920K), 0.2256081 secs] 2449268K->2140840K(3106432K) icms_dc=18 , 0.2269837 secs] [Times: user=1.51 sys=0.40, real=0.23 secs] 
11871.862: [GC 11871.863: [ParNew: 344738K->32058K(353920K), 0.0557013 secs] 2455464K->2143648K(3106432K) icms_dc=18 , 0.0570217 secs] [Times: user=0.67 sys=0.02, real=0.06 secs] 
11872.801: [GC 11872.802: [ParNew: 346682K->28909K(353920K), 0.1334470 secs] 2458272K->2143936K(3106432K) icms_dc=18 , 0.1350050 secs] [Times: user=1.13 sys=0.18, real=0.14 secs] 
11873.856: [GC 11873.857: [ParNew: 343533K->20960K(353920K), 0.0705873 secs] 2458560K->2135987K(3106432K) icms_dc=18 , 0.0719263 secs] [Times: user=0.69 sys=0.08, real=0.07 secs] 
11874.790: [GC 11874.790: [ParNew: 335584K->26769K(353920K), 0.1619063 secs] 2450611K->2141796K(3106432K) icms_dc=18 , 0.1632194 secs] [Times: user=0.93 sys=0.19, real=0.16 secs] 
11875.749: [GC 11875.750: [ParNew: 341512K->27849K(353920K), 0.0635775 secs] 2456540K->2142876K(3106432K) icms_dc=18 , 0.0648997 secs] [Times: user=0.64 sys=0.03, real=0.07 secs] 
11875.848: [GC 11875.849: [ParNew: 28828K->25585K(353920K), 0.0407188 secs] 2143856K->2142248K(3106432K) icms_dc=18 , 0.0418908 secs] [Times: user=0.61 sys=0.03, real=0.04 secs] 
11876.329: [CMS-concurrent-preclean: 2.399/16.095 secs] [Times: user=369.52 sys=10.77, real=16.10 secs] 
11876.330: [CMS-concurrent-abortable-preclean-start]
11876.781: [GC 11876.782: [ParNew: 340209K->27301K(353920K), 0.0604078 secs] 2456872K->2143964K(3106432K) icms_dc=18 , 0.0617388 secs] [Times: user=0.61 sys=0.03, real=0.06 secs] 
11877.680: [GC 11877.681: [ParNew: 342205K->25064K(353920K), 0.0687453 secs] 2458868K->2141727K(3106432K) icms_dc=18 , 0.0700891 secs] [Times: user=0.68 sys=0.06, real=0.07 secs] 
11878.046: [CMS-concurrent-abortable-preclean: 0.219/1.716 secs] [Times: user=43.25 sys=1.19, real=1.72 secs] 
11878.080: [GC[YG occupancy: 161537 K (353920 K)]11878.080: [Rescan (parallel) , 0.6365437 secs]11878.717: [weak refs processing, 0.0234377 secs] [1 CMS-remark: 2116663K(2752512K)] 2278200K(3106432K), 0.6615039 secs] [Times: user=4.13 sys=1.59, real=0.66 secs] 
11878.743: [CMS-concurrent-sweep-start]
11879.262: [GC 11879.262: [ParNew: 339688K->27845K(353920K), 0.0490340 secs] 2456273K->2144430K(3106432K) icms_dc=18 , 0.0504471 secs] [Times: user=0.67 sys=0.04, real=0.05 secs] 
11880.145: [GC 11880.146: [ParNew: 342469K->31273K(353920K), 0.1331183 secs] 2458949K->2147754K(3106432K) icms_dc=18 , 0.1344535 secs] [Times: user=1.09 sys=0.21, real=0.14 secs] 
11881.098: [GC 11881.098: [ParNew: 345897K->25620K(353920K), 0.0666943 secs] 2462284K->2145136K(3106432K) icms_dc=18 , 0.0680871 secs] [Times: user=0.66 sys=0.02, real=0.07 secs] 
11882.032: [GC 11882.033: [ParNew: 340244K->28782K(353920K), 0.1166045 secs] 2459609K->2148147K(3106432K) icms_dc=18 , 0.1179335 secs] [Times: user=0.91 sys=0.11, real=0.12 secs] 
11882.872: [GC 11882.873: [ParNew: 343406K->28459K(353920K), 0.0914143 secs] 2462569K->2147622K(3106432K) icms_dc=18 , 0.0927346 secs] [Times: user=0.76 sys=0.05, real=0.09 secs] 
11883.859: [GC 11883.859: [ParNew: 343083K->27658K(353920K), 0.1099420 secs] 2461575K->2147761K(3106432K) icms_dc=18 , 0.1113165 secs] [Times: user=0.91 sys=0.11, real=0.11 secs] 
11884.845: [GC 11884.846: [ParNew: 342282K->29257K(353920K), 0.1060066 secs] 2462255K->2149230K(3106432K) icms_dc=18 , 0.1073763 secs] [Times: user=0.86 sys=0.12, real=0.11 secs] 
11885.793: [GC 11885.794: [ParNew: 343881K->30063K(353920K), 0.0760666 secs] 2462896K->2149078K(3106432K) icms_dc=18 , 0.0773995 secs] [Times: user=0.74 sys=0.04, real=0.08 secs] 
11886.600: [GC 11886.601: [ParNew: 344687K->30504K(353920K), 0.0803470 secs] 2463065K->2151025K(3106432K) icms_dc=18 , 0.0816956 secs] [Times: user=0.82 sys=0.01, real=0.08 secs] 
11887.396: [GC 11887.397: [ParNew: 345128K->29646K(353920K), 0.0549170 secs] 2465249K->2152981K(3106432K) icms_dc=18 , 0.0562829 secs] [Times: user=0.73 sys=0.02, real=0.06 secs] 
11888.306: [GC 11888.307: [ParNew: 344505K->28610K(353920K), 0.0635030 secs] 2465715K->2153948K(3106432K) icms_dc=18 , 0.0648984 secs] [Times: user=0.70 sys=0.03, real=0.07 secs] 
11888.404: [GC 11888.405: [ParNew: 28994K->27196K(353920K), 0.0487432 secs] 2154332K->2155047K(3106432K) icms_dc=18 , 0.0499444 secs] [Times: user=0.58 sys=0.03, real=0.05 secs] 
11889.250: [GC 11889.251: [ParNew: 341820K->25372K(353920K), 0.0495700 secs] 2467963K->2151515K(3106432K) icms_dc=18 , 0.0509537 secs] [Times: user=0.56 sys=0.01, real=0.05 secs] 
11890.127: [GC 11890.128: [ParNew: 339991K->25983K(353920K), 0.1338676 secs] 2464164K->2150156K(3106432K) icms_dc=18 , 0.1353062 secs] [Times: user=1.21 sys=0.21, real=0.14 secs] 
11890.972: [GC 11890.973: [ParNew: 340607K->29495K(353920K), 0.0686211 secs] 2462400K->2155048K(3106432K) icms_dc=18 , 0.0699541 secs] [Times: user=0.76 sys=0.04, real=0.07 secs] 
11891.805: [GC 11891.806: [ParNew: 344206K->31950K(353920K), 0.0614178 secs] 2467232K->2157561K(3106432K) icms_dc=18 , 0.0627436 secs] [Times: user=0.76 sys=0.02, real=0.06 secs] 
11891.901: [GC 11891.902: [ParNew: 32572K->29155K(353920K), 0.0573169 secs] 2158183K->2157760K(3106432K) icms_dc=18 , 0.0585125 secs] [Times: user=0.57 sys=0.01, real=0.06 secs] 
11892.724: [GC 11892.725: [ParNew: 343927K->32448K(353920K), 0.0418570 secs] 2470054K->2158575K(3106432K) icms_dc=18 , 0.0431939 secs] [Times: user=0.62 sys=0.02, real=0.04 secs] 
11892.801: [GC 11892.801: [ParNew: 33854K->31872K(353920K), 0.0437513 secs] 2159981K->2161737K(3106432K) icms_dc=18 , 0.0449379 secs] [Times: user=0.61 sys=0.02, real=0.05 secs] 
11893.619: [GC 11893.620: [ParNew: 346496K->33690K(353920K), 0.0486128 secs] 2473292K->2160485K(3106432K) icms_dc=18 , 0.0499402 secs] [Times: user=0.63 sys=0.01, real=0.05 secs] 
11894.521: [GC 11894.522: [ParNew: 348314K->27232K(353920K), 0.1175583 secs] 2473445K->2158340K(3106432K) icms_dc=18 , 0.1189150 secs] [Times: user=1.05 sys=0.15, real=0.12 secs] 
11895.376: [GC 11895.377: [ParNew: 341856K->28603K(353920K), 0.0724653 secs] 2471784K->2158531K(3106432K) icms_dc=18 , 0.0738131 secs] [Times: user=0.71 sys=0.04, real=0.07 secs] 
11896.229: [GC 11896.230: [ParNew: 343227K->27365K(353920K), 0.0756554 secs] 2471452K->2157797K(3106432K) icms_dc=18 , 0.0770247 secs] [Times: user=0.78 sys=0.07, real=0.08 secs] 
11897.093: [GC 11897.093: [ParNew: 341989K->30682K(353920K), 0.0897995 secs] 2468885K->2157578K(3106432K) icms_dc=18 , 0.0911386 secs] [Times: user=0.83 sys=0.09, real=0.09 secs] 
11897.860: [GC 11897.861: [ParNew: 345306K->30528K(353920K), 0.1277771 secs] 2469002K->2156552K(3106432K) icms_dc=18 , 0.1290894 secs] [Times: user=1.16 sys=0.19, real=0.13 secs] 
11898.747: [GC 11898.748: [ParNew: 345152K->27795K(353920K), 0.0885483 secs] 2467794K->2152395K(3106432K) icms_dc=18 , 0.0898343 secs] [Times: user=0.86 sys=0.11, real=0.09 secs] 
11899.549: [GC 11899.549: [ParNew: 342419K->27132K(353920K), 0.0520516 secs] 2463336K->2150585K(3106432K) icms_dc=18 , 0.0533950 secs] [Times: user=0.60 sys=0.03, real=0.05 secs] 
11900.438: [GC 11900.439: [ParNew: 341756K->28302K(353920K), 0.0760375 secs] 2462075K->2148621K(3106432K) icms_dc=18 , 0.0773909 secs] [Times: user=0.73 sys=0.06, real=0.08 secs] 
11901.201: [GC 11901.201: [ParNew: 342926K->28676K(353920K), 0.0613851 secs] 2460623K->2149269K(3106432K) icms_dc=18 , 0.0626729 secs] [Times: user=0.62 sys=0.01, real=0.06 secs] 
11902.112: [GC 11902.113: [ParNew: 343442K->25949K(353920K), 0.0596352 secs] 2460179K->2142686K(3106432K) icms_dc=18 , 0.0609756 secs] [Times: user=0.62 sys=0.03, real=0.06 secs] 
11902.997: [GC 11902.998: [ParNew: 340573K->27638K(353920K), 0.0452008 secs] 2452708K->2140827K(3106432K) icms_dc=18 , 0.0465167 secs] [Times: user=0.58 sys=0.01, real=0.05 secs] 
11903.786: [GC 11903.787: [ParNew: 342262K->28129K(353920K), 0.0670335 secs] 2451542K->2138523K(3106432K) icms_dc=18 , 0.0683479 secs] [Times: user=0.78 sys=0.07, real=0.07 secs] 
11904.625: [GC 11904.626: [ParNew: 342753K->29344K(353920K), 0.1171309 secs] 2449285K->2135876K(3106432K) icms_dc=18 , 0.1184501 secs] [Times: user=1.00 sys=0.14, real=0.12 secs] 
11905.631: [GC 11905.631: [ParNew: 344415K->31719K(353920K), 0.1003226 secs] 2445801K->2133935K(3106432K) icms_dc=18 , 0.1016377 secs] [Times: user=0.92 sys=0.13, real=0.10 secs] 
11905.765: [GC 11905.766: [ParNew: 32329K->27084K(353920K), 0.0471019 secs] 2134545K->2132075K(3106432K) icms_dc=18 , 0.0483000 secs] [Times: user=0.62 sys=0.03, real=0.05 secs] 
11906.451: [GC 11906.452: [ParNew: 341708K->32079K(353920K), 0.1041507 secs] 2443047K->2133418K(3106432K) icms_dc=18 , 0.1055043 secs] [Times: user=0.91 sys=0.06, real=0.11 secs] 
11907.261: [GC 11907.262: [ParNew: 346703K->31097K(353920K), 0.1275022 secs] 2445993K->2133895K(3106432K) icms_dc=18 , 0.1288512 secs] [Times: user=1.15 sys=0.20, real=0.13 secs] 
11908.289: [GC 11908.290: [ParNew: 346102K->29660K(353920K), 0.0658074 secs] 2445777K->2129335K(3106432K) icms_dc=18 , 0.0671887 secs] [Times: user=0.73 sys=0.07, real=0.07 secs] 
11909.301: [GC 11909.302: [ParNew: 344284K->24271K(353920K), 0.0988046 secs] 2440600K->2125710K(3106432K) icms_dc=18 , 0.1001412 secs] [Times: user=0.93 sys=0.09, real=0.10 secs] 
11910.155: [GC 11910.156: [ParNew: 338895K->21911K(353920K), 0.0509354 secs] 2436607K->2119623K(3106432K) icms_dc=18 , 0.0522646 secs] [Times: user=0.62 sys=0.03, real=0.05 secs] 
11910.900: [GC 11910.901: [ParNew: 336535K->28912K(353920K), 0.0752989 secs] 2430681K->2123057K(3106432K) icms_dc=18 , 0.0766718 secs] [Times: user=0.72 sys=0.06, real=0.08 secs] 
11911.712: [GC 11911.713: [ParNew: 344047K->35449K(353920K), 0.0645807 secs] 2435568K->2128579K(3106432K) icms_dc=18 , 0.0658967 secs] [Times: user=0.78 sys=0.07, real=0.07 secs] 
11911.811: [GC 11911.812: [ParNew: 35612K->27168K(353920K), 0.0671081 secs] 2128742K->2127864K(3106432K) icms_dc=18 , 0.0683030 secs] [Times: user=0.71 sys=0.05, real=0.07 secs] 
11912.753: [GC 11912.753: [ParNew: 341792K->24445K(353920K), 0.0584653 secs] 2439379K->2122032K(3106432K) icms_dc=18 , 0.0598669 secs] [Times: user=0.57 sys=0.03, real=0.06 secs] 
11913.662: [GC 11913.663: [ParNew: 339069K->31789K(353920K), 0.1672296 secs] 2433396K->2126116K(3106432K) icms_dc=18 , 0.1685777 secs] [Times: user=1.22 sys=0.25, real=0.17 secs] 
11914.558: [GC 11914.559: [ParNew: 346413K->34823K(353920K), 0.0765827 secs] 2438657K->2133785K(3106432K) icms_dc=18 , 0.0779614 secs] [Times: user=0.87 sys=0.04, real=0.08 secs] 
11915.602: [GC 11915.603: [ParNew: 349664K->29188K(353920K), 0.0625029 secs] 2446231K->2130228K(3106432K) icms_dc=18 , 0.0638715 secs] [Times: user=0.71 sys=0.03, real=0.06 secs] 
11915.700: [GC 11915.701: [ParNew: 29188K->24295K(353920K), 0.0564355 secs] 2130228K->2130044K(3106432K) icms_dc=18 , 0.0576178 secs] [Times: user=0.64 sys=0.03, real=0.06 secs] 
11916.863: [GC 11916.864: [ParNew: 338919K->28040K(353920K), 0.0719765 secs] 2444416K->2133538K(3106432K) icms_dc=18 , 0.0734252 secs] [Times: user=0.66 sys=0.03, real=0.07 secs] 
11917.905: [GC 11917.906: [ParNew: 342664K->32643K(353920K), 0.0875182 secs] 2447897K->2137875K(3106432K) icms_dc=18 , 0.0889447 secs] [Times: user=0.80 sys=0.07, real=0.09 secs] 
11918.762: [GC 11918.763: [ParNew: 347267K->26734K(353920K), 0.0863668 secs] 2452285K->2139123K(3106432K) icms_dc=18 , 0.0877469 secs] [Times: user=0.89 sys=0.04, real=0.09 secs] 
11919.560: [GC 11919.561: [ParNew: 341358K->28556K(353920K), 0.0677452 secs] 2453401K->2140600K(3106432K) icms_dc=18 , 0.0691261 secs] [Times: user=0.70 sys=0.01, real=0.07 secs] 
11920.348: [GC 11920.349: [ParNew: 343180K->38278K(353920K), 0.1009965 secs] 2454842K->2154582K(3106432K) icms_dc=18 , 0.1023567 secs] [Times: user=0.79 sys=0.03, real=0.10 secs] 
11921.319: [GC 11921.319: [ParNew: 352410K->27242K(353920K), 0.0619881 secs] 2468462K->2153936K(3106432K) icms_dc=18 , 0.0633735 secs] [Times: user=0.79 sys=0.01, real=0.06 secs] 
11922.304: [GC 11922.304: [ParNew: 341813K->26839K(353920K), 0.1076950 secs] 2467845K->2152871K(3106432K) icms_dc=18 , 0.1090562 secs] [Times: user=1.00 sys=0.18, real=0.11 secs] 
11923.436: [GC 11923.437: [ParNew: 341463K->29785K(353920K), 0.1815165 secs] 2466385K->2158976K(3106432K) icms_dc=18 , 0.1829267 secs] [Times: user=1.25 sys=0.22, real=0.18 secs] 
11924.839: [GC 11924.840: [ParNew: 344409K->30527K(353920K), 0.1041033 secs] 2470244K->2156362K(3106432K) icms_dc=18 , 0.1055546 secs] [Times: user=1.01 sys=0.10, real=0.11 secs] 
11925.809: [GC 11925.810: [ParNew: 345151K->34965K(353920K), 0.0879550 secs] 2468370K->2166896K(3106432K) icms_dc=18 , 0.0893264 secs] [Times: user=0.88 sys=0.02, real=0.09 secs] 
11926.698: [GC 11926.699: [ParNew: 349728K->33680K(353920K), 0.1352745 secs] 2478945K->2165990K(3106432K) icms_dc=18 , 0.1366761 secs] [Times: user=1.27 sys=0.19, real=0.14 secs] 
11926.867: [GC 11926.868: [ParNew: 33899K->29837K(353920K), 0.1182465 secs] 2166208K->2167608K(3106432K) icms_dc=18 , 0.1194577 secs] [Times: user=1.09 sys=0.19, real=0.12 secs] 
11927.723: [GC 11927.724: [ParNew: 344461K->30692K(353920K), 0.1300021 secs] 2479886K->2166117K(3106432K) icms_dc=18 , 0.1314373 secs] [Times: user=1.24 sys=0.16, real=0.13 secs] 
11928.688: [GC 11928.689: [ParNew: 345430K->34898K(353920K), 0.0642237 secs] 2479001K->2172785K(3106432K) icms_dc=18 , 0.0656492 secs] [Times: user=0.81 sys=0.01, real=0.07 secs] 
11928.787: [GC 11928.788: [ParNew: 35652K->25715K(353920K), 0.0557620 secs] 2173539K->2172518K(3106432K) icms_dc=18 , 0.0569624 secs] [Times: user=0.72 sys=0.02, real=0.06 secs] 
11929.694: [GC 11929.695: [ParNew: 340339K->37060K(353920K), 0.2166720 secs] 2486750K->2183471K(3106432K) icms_dc=18 , 0.2180923 secs] [Times: user=1.57 sys=0.43, real=0.22 secs] 
11930.860: [GC 11930.861: [ParNew: 351676K->27701K(353920K), 0.0876270 secs] 2495867K->2183419K(3106432K) icms_dc=18 , 0.0890472 secs] [Times: user=0.92 sys=0.04, real=0.09 secs] 
11931.779: [GC 11931.780: [ParNew: 342984K->25589K(353920K), 0.0614490 secs] 2494942K->2177547K(3106432K) icms_dc=18 , 0.0628666 secs] [Times: user=0.66 sys=0.03, real=0.06 secs] 
11931.875: [GC 11931.889: [ParNew: 26347K->26999K(353920K), 0.0390123 secs] 2178305K->2178957K(3106432K) icms_dc=18 , 0.0402034 secs] [Times: user=0.60 sys=0.04, real=0.05 secs] 
11932.662: [GC 11932.662: [ParNew: 341623K->34255K(353920K), 0.0908262 secs] 2487913K->2180545K(3106432K) icms_dc=18 , 0.0921756 secs] [Times: user=0.86 sys=0.06, real=0.09 secs] 
11933.461: [GC 11933.462: [ParNew: 348879K->31813K(353920K), 0.0822058 secs] 2489728K->2179323K(3106432K) icms_dc=18 , 0.0837380 secs] [Times: user=0.94 sys=0.04, real=0.08 secs] 
11934.286: [GC 11934.287: [ParNew: 346437K->33480K(353920K), 0.2113010 secs] 2486827K->2177829K(3106432K) icms_dc=18 , 0.2127051 secs] [Times: user=1.54 sys=0.32, real=0.21 secs] 
11935.235: [GC 11935.236: [ParNew: 348929K->38641K(353920K), 0.2856924 secs] 2486577K->2180761K(3106432K) icms_dc=18 , 0.2870415 secs] [Times: user=1.77 sys=0.33, real=0.29 secs] 
11935.555: [GC 11935.556: [ParNew: 39240K->18097K(353920K), 0.1558323 secs] 2181359K->2189525K(3106432K) icms_dc=18 , 0.1570315 secs] [Times: user=1.06 sys=0.10, real=0.16 secs] 
11936.513: [GC 11936.514: [ParNew: 332721K->28344K(353920K), 0.1259775 secs] 2496008K->2191631K(3106432K) icms_dc=18 , 0.1273963 secs] [Times: user=1.15 sys=0.21, real=0.13 secs] 
11937.473: [GC 11937.474: [ParNew: 342874K->24662K(353920K), 0.1681556 secs] 2495900K->2189816K(3106432K) icms_dc=18 , 0.1695491 secs] [Times: user=1.40 sys=0.25, real=0.17 secs] 
11938.461: [GC 11938.461: [ParNew: 339286K->25568K(353920K), 0.1508704 secs] 2495389K->2181672K(3106432K) icms_dc=18 , 0.1522643 secs] [Times: user=1.18 sys=0.28, real=0.15 secs] 
11939.529: [GC 11939.530: [ParNew: 340192K->34523K(353920K), 0.1401905 secs] 2481222K->2175553K(3106432K) icms_dc=18 , 0.1415703 secs] [Times: user=1.06 sys=0.19, real=0.14 secs] 
11940.356: [GC 11940.357: [ParNew: 349147K->30285K(353920K), 0.0800507 secs] 2478778K->2166903K(3106432K) icms_dc=18 , 0.0814092 secs] [Times: user=0.76 sys=0.02, real=0.08 secs] 
11941.140: [GC 11941.141: [ParNew: 344909K->29622K(353920K), 0.2001108 secs] 2468990K->2153703K(3106432K) icms_dc=18 , 0.2014459 secs] [Times: user=1.44 sys=0.38, real=0.20 secs] 
11942.101: [GC 11942.102: [ParNew: 344246K->30913K(353920K), 0.0550676 secs] 2459478K->2150787K(3106432K) icms_dc=18 , 0.0564363 secs] [Times: user=0.71 sys=0.01, real=0.06 secs] 
11942.933: [GC 11942.934: [ParNew: 344853K->27542K(353920K), 0.0547081 secs] 2452649K->2139651K(3106432K) icms_dc=18 , 0.0560906 secs] [Times: user=0.72 sys=0.02, real=0.06 secs] 
11943.718: [GC 11943.718: [ParNew: 342166K->35773K(353920K), 0.1055225 secs] 2442403K->2136009K(3106432K) icms_dc=18 , 0.1068478 secs] [Times: user=0.90 sys=0.06, real=0.11 secs] 
11944.582: [GC 11944.583: [ParNew: 350397K->29079K(353920K), 0.1371516 secs] 2439036K->2123690K(3106432K) icms_dc=18 , 0.1384631 secs] [Times: user=1.23 sys=0.19, real=0.14 secs] 
11945.546: [GC 11945.547: [ParNew: 343880K->32371K(353920K), 0.0638537 secs] 2427302K->2115793K(3106432K) icms_dc=18 , 0.0651912 secs] [Times: user=0.75 sys=0.04, real=0.07 secs] 
11945.646: [GC 11945.647: [ParNew: 32429K->24685K(353920K), 0.0509950 secs] 2115851K->2115383K(3106432K) icms_dc=18 , 0.0521802 secs] [Times: user=0.68 sys=0.01, real=0.05 secs] 
11946.406: [GC 11946.406: [ParNew: 339309K->30667K(353920K), 0.0459579 secs] 2420650K->2112008K(3106432K) icms_dc=18 , 0.0473443 secs] [Times: user=0.65 sys=0.02, real=0.05 secs] 
11947.240: [GC 11947.240: [ParNew: 345291K->28548K(353920K), 0.0685827 secs] 2409587K->2099919K(3106432K) icms_dc=18 , 0.0699439 secs] [Times: user=0.79 sys=0.01, real=0.07 secs] 
11948.006: [GC 11948.007: [ParNew: 343172K->30865K(353920K), 0.0943223 secs] 2397397K->2089824K(3106432K) icms_dc=18 , 0.0956749 secs] [Times: user=0.74 sys=0.00, real=0.10 secs] 
11948.879: [GC 11948.880: [ParNew: 345489K->25559K(353920K), 0.0531211 secs] 2381040K->2065324K(3106432K) icms_dc=18 , 0.0544581 secs] [Times: user=0.70 sys=0.02, real=0.06 secs] 
11949.725: [GC 11949.725: [ParNew: 340133K->29011K(353920K), 0.0621734 secs] 2362593K->2051471K(3106432K) icms_dc=18 , 0.0635335 secs] [Times: user=0.72 sys=0.04, real=0.06 secs] 
11950.526: [GC 11950.527: [ParNew: 343635K->26695K(353920K), 0.1038562 secs] 2348070K->2033913K(3106432K) icms_dc=18 , 0.1052165 secs] [Times: user=0.88 sys=0.10, real=0.11 secs] 
11951.323: [GC 11951.324: [ParNew: 341319K->30770K(353920K), 0.0645227 secs] 2337966K->2027417K(3106432K) icms_dc=18 , 0.0658377 secs] [Times: user=0.71 sys=0.04, real=0.07 secs] 
11952.122: [GC 11952.123: [ParNew: 345394K->28111K(353920K), 0.0712087 secs] 2328544K->2015847K(3106432K) icms_dc=18 , 0.0725349 secs] [Times: user=0.82 sys=0.05, real=0.07 secs] 
11952.977: [GC 11952.978: [ParNew: 342735K->29036K(353920K), 0.0592423 secs] 2314002K->2003159K(3106432K) icms_dc=18 , 0.0605679 secs] [Times: user=0.61 sys=0.01, real=0.06 secs] 
11953.792: [GC 11953.792: [ParNew: 343660K->21706K(353920K), 0.1204679 secs] 2299875K->1977921K(3106432K) icms_dc=18 , 0.1217990 secs] [Times: user=1.06 sys=0.22, real=0.12 secs] 
11954.703: [GC 11954.704: [ParNew: 336284K->27146K(353920K), 0.0638886 secs] 2276188K->1967049K(3106432K) icms_dc=18 , 0.0652157 secs] [Times: user=0.71 sys=0.07, real=0.07 secs] 
11955.313: [CMS-concurrent-sweep: 11.401/76.571 secs] [Times: user=1852.96 sys=51.49, real=76.57 secs] 
11955.314: [CMS-concurrent-reset-start]
11955.713: [GC 11955.714: [ParNew: 341770K->28363K(353920K), 0.0672224 secs] 2248930K->1935523K(3106432K) icms_dc=18 , 0.0685079 secs] [Times: user=0.72 sys=0.07, real=0.07 secs] 
11956.067: [CMS-concurrent-reset: 0.027/0.753 secs] [Times: user=17.66 sys=0.54, real=0.75 secs] 
11956.545: [GC 11956.546: [ParNew: 342987K->28018K(353920K), 0.1022743 secs] 2250147K->1935178K(3106432K) icms_dc=13 , 0.1035330 secs] [Times: user=0.91 sys=0.16, real=0.10 secs] 
11956.967: [GC [1 CMS-initial-mark: 1907160K(2752512K)] 2072190K(3106432K), 0.7777737 secs] [Times: user=0.78 sys=0.00, real=0.78 secs] 
11957.746: [CMS-concurrent-mark-start]
11958.285: [GC 11958.286: [ParNew: 343046K->33542K(353920K), 0.1089705 secs] 2250207K->1940702K(3106432K) icms_dc=13 , 0.1102832 secs] [Times: user=0.99 sys=0.14, real=0.11 secs] 
11959.098: [GC 11959.099: [ParNew: 348166K->33524K(353920K), 0.1229194 secs] 2255326K->1944551K(3106432K) icms_dc=13 , 0.1243128 secs] [Times: user=1.02 sys=0.14, real=0.13 secs] 
11959.991: [GC 11959.992: [ParNew: 347924K->27382K(353920K), 0.1285389 secs] 2258952K->1939979K(3106432K) icms_dc=13 , 0.1299150 secs] [Times: user=1.14 sys=0.20, real=0.13 secs] 
11960.843: [GC 11960.844: [ParNew: 342006K->32544K(353920K), 0.1255591 secs] 2254603K->1948345K(3106432K) icms_dc=13 , 0.1269193 secs] [Times: user=1.14 sys=0.19, real=0.13 secs] 
11961.782: [GC 11961.783: [ParNew: 346765K->24495K(353920K), 0.0798217 secs] 2262567K->1943421K(3106432K) icms_dc=13 , 0.0811271 secs] [Times: user=0.76 sys=0.07, real=0.08 secs] 
11962.578: [GC 11962.579: [ParNew: 339119K->26417K(353920K), 0.2165365 secs] 2258045K->1945342K(3106432K) icms_dc=13 , 0.2178285 secs] [Times: user=1.47 sys=0.42, real=0.22 secs] 
11963.566: [GC 11963.567: [ParNew: 341041K->26767K(353920K), 0.1017434 secs] 2259966K->1945692K(3106432K) icms_dc=13 , 0.1030213 secs] [Times: user=0.90 sys=0.16, real=0.10 secs] 
11964.454: [GC 11964.455: [ParNew: 341391K->28575K(353920K), 0.0503974 secs] 2260316K->1947500K(3106432K) icms_dc=13 , 0.0516889 secs] [Times: user=0.61 sys=0.03, real=0.05 secs] 
11965.184: [GC 11965.185: [ParNew: 343199K->25869K(353920K), 0.0448419 secs] 2262124K->1944794K(3106432K) icms_dc=13 , 0.0461402 secs] [Times: user=0.59 sys=0.02, real=0.05 secs] 
11966.194: [GC 11966.195: [ParNew: 340493K->19482K(353920K), 0.0611708 secs] 2259418K->1939775K(3106432K) icms_dc=13 , 0.0625174 secs] [Times: user=0.68 sys=0.06, real=0.06 secs] 
11967.193: [GC 11967.194: [ParNew: 334095K->23688K(353920K), 0.0407295 secs] 2254388K->1943981K(3106432K) icms_dc=13 , 0.0420195 secs] [Times: user=0.52 sys=0.02, real=0.04 secs] 
11968.428: [GC 11968.429: [ParNew: 338312K->22344K(353920K), 0.0466485 secs] 2258605K->1942637K(3106432K) icms_dc=13 , 0.0479336 secs] [Times: user=0.56 sys=0.02, real=0.05 secs] 
11969.379: [GC 11969.380: [ParNew: 336968K->28605K(353920K), 0.0490436 secs] 2257261K->1948898K(3106432K) icms_dc=13 , 0.0663181 secs] [Times: user=0.56 sys=0.02, real=0.07 secs] 
11970.350: [GC 11970.351: [ParNew: 343229K->25738K(353920K), 0.0678741 secs] 2263522K->1946031K(3106432K) icms_dc=13 , 0.0691633 secs] [Times: user=0.67 sys=0.04, real=0.07 secs] 
11971.243: [GC 11971.244: [ParNew: 340362K->29257K(353920K), 0.1673880 secs] 2260655K->1950982K(3106432K) icms_dc=13 , 0.1687480 secs] [Times: user=1.22 sys=0.26, real=0.17 secs] 
11972.346: [GC 11972.346: [ParNew: 343881K->30141K(353920K), 0.0545970 secs] 2265606K->1951866K(3106432K) icms_dc=13 , 0.0559307 secs] [Times: user=0.64 sys=0.03, real=0.06 secs] 
11973.123: [GC 11973.123: [ParNew: 344765K->29069K(353920K), 0.0534880 secs] 2266490K->1953128K(3106432K) icms_dc=13 , 0.0548166 secs] [Times: user=0.67 sys=0.02, real=0.06 secs] 
11973.945: [GC 11973.945: [ParNew: 343693K->29456K(353920K), 0.0599350 secs] 2267752K->1955253K(3106432K) icms_dc=13 , 0.0612590 secs] [Times: user=0.69 sys=0.03, real=0.06 secs] 
11974.933: [GC 11974.934: [ParNew: 344080K->22844K(353920K), 0.0738832 secs] 2269877K->1951235K(3106432K) icms_dc=13 , 0.0752245 secs] [Times: user=0.78 sys=0.07, real=0.08 secs] 
11975.763: [GC 11975.764: [ParNew: 337468K->23767K(353920K), 0.1131900 secs] 2265859K->1952158K(3106432K) icms_dc=13 , 0.1145020 secs] [Times: user=0.97 sys=0.12, real=0.12 secs] 
11976.707: [GC 11976.708: [ParNew: 338391K->30888K(353920K), 0.1246949 secs] 2266782K->1959279K(3106432K) icms_dc=13 , 0.1260496 secs] [Times: user=1.13 sys=0.20, real=0.13 secs] 
11977.689: [GC 11977.689: [ParNew: 345512K->25943K(353920K), 0.0741533 secs] 2273903K->1956167K(3106432K) icms_dc=13 , 0.0754880 secs] [Times: user=0.74 sys=0.07, real=0.08 secs] 
11978.464: [GC 11978.465: [ParNew: 340567K->27881K(353920K), 0.0600459 secs] 2270791K->1958105K(3106432K) icms_dc=13 , 0.0613482 secs] [Times: user=0.75 sys=0.07, real=0.06 secs] 
11979.387: [GC 11979.388: [ParNew: 342505K->32614K(353920K), 0.0775560 secs] 2272729K->1963574K(3106432K) icms_dc=13 , 0.0789128 secs] [Times: user=0.76 sys=0.05, real=0.08 secs] 
11980.327: [GC 11980.328: [ParNew: 347238K->24094K(353920K), 0.0760646 secs] 2278198K->1957477K(3106432K) icms_dc=13 , 0.0774339 secs] [Times: user=0.76 sys=0.07, real=0.08 secs] 
11981.087: [GC 11981.087: [ParNew: 338718K->28378K(353920K), 0.0878552 secs] 2272101K->1961760K(3106432K) icms_dc=13 , 0.0892381 secs] [Times: user=0.90 sys=0.10, real=0.09 secs] 
11982.033: [GC 11982.034: [ParNew: 343002K->31561K(353920K), 0.1751432 secs] 2276384K->1964944K(3106432K) icms_dc=13 , 0.1765308 secs] [Times: user=1.15 sys=0.26, real=0.18 secs] 
11983.104: [GC 11983.105: [ParNew: 346185K->29228K(353920K), 0.0972539 secs] 2279568K->1966175K(3106432K) icms_dc=13 , 0.0986220 secs] [Times: user=0.90 sys=0.11, real=0.10 secs] 
11984.080: [GC 11984.080: [ParNew: 343852K->24336K(353920K), 0.1247461 secs] 2280799K->1961283K(3106432K) icms_dc=13 , 0.1260641 secs] [Times: user=1.12 sys=0.18, real=0.13 secs] 
11984.930: [GC 11984.931: [ParNew: 338960K->26389K(353920K), 0.0610018 secs] 2275907K->1963335K(3106432K) icms_dc=13 , 0.0623231 secs] [Times: user=0.64 sys=0.02, real=0.06 secs] 
11985.717: [GC 11985.717: [ParNew: 341013K->32379K(353920K), 0.0422661 secs] 2277959K->1970164K(3106432K) icms_dc=13 , 0.0435792 secs] [Times: user=0.65 sys=0.02, real=0.04 secs] 
11986.636: [GC 11986.637: [ParNew: 347003K->30371K(353920K), 0.0534065 secs] 2284788K->1970929K(3106432K) icms_dc=13 , 0.0547208 secs] [Times: user=0.61 sys=0.01, real=0.06 secs] 
11987.675: [GC 11987.675: [ParNew: 344995K->24210K(353920K), 0.0623133 secs] 2285553K->1964769K(3106432K) icms_dc=13 , 0.0636504 secs] [Times: user=0.63 sys=0.04, real=0.06 secs] 
11988.559: [GC 11988.560: [ParNew: 338834K->27115K(353920K), 0.0994431 secs] 2279393K->1967674K(3106432K) icms_dc=13 , 0.1008721 secs] [Times: user=0.97 sys=0.15, real=0.10 secs] 
11989.464: [GC 11989.465: [ParNew: 341739K->24300K(353920K), 0.0450531 secs] 2282298K->1964858K(3106432K) icms_dc=13 , 0.0463690 secs] [Times: user=0.57 sys=0.02, real=0.05 secs] 
11990.353: [GC 11990.353: [ParNew: 338924K->27361K(353920K), 0.0602947 secs] 2279482K->1967920K(3106432K) icms_dc=13 , 0.0615996 secs] [Times: user=0.56 sys=0.00, real=0.06 secs] 
11991.179: [GC 11991.180: [ParNew: 341985K->24491K(353920K), 0.0503614 secs] 2282544K->1965049K(3106432K) icms_dc=13 , 0.0516746 secs] [Times: user=0.60 sys=0.03, real=0.05 secs] 
11992.038: [GC 11992.039: [ParNew: 339115K->31755K(353920K), 0.1169003 secs] 2279673K->1972313K(3106432K) icms_dc=13 , 0.1182171 secs] [Times: user=0.96 sys=0.16, real=0.12 secs] 
11993.057: [GC 11993.057: [ParNew: 346379K->25073K(353920K), 0.0827950 secs] 2286937K->1967722K(3106432K) icms_dc=13 , 0.0841191 secs] [Times: user=0.78 sys=0.05, real=0.08 secs] 
11993.975: [GC 11993.976: [ParNew: 339697K->27792K(353920K), 0.0742151 secs] 2282346K->1970442K(3106432K) icms_dc=13 , 0.0756241 secs] [Times: user=0.87 sys=0.07, real=0.08 secs] 
11994.773: [GC 11994.774: [ParNew: 342090K->28040K(353920K), 0.0490356 secs] 2284740K->1972664K(3106432K) icms_dc=13 , 0.0503564 secs] [Times: user=0.65 sys=0.02, real=0.05 secs] 
11995.729: [GC 11995.730: [ParNew: 342574K->25044K(353920K), 0.0538731 secs] 2287197K->1971040K(3106432K) icms_dc=13 , 0.0552127 secs] [Times: user=0.62 sys=0.02, real=0.06 secs] 
11996.604: [GC 11996.605: [ParNew: 339668K->27647K(353920K), 0.0845156 secs] 2285664K->1973643K(3106432K) icms_dc=13 , 0.0858401 secs] [Times: user=0.81 sys=0.09, real=0.09 secs] 
11997.371: [GC 11997.371: [ParNew: 342271K->30004K(353920K), 0.0870658 secs] 2288267K->1976001K(3106432K) icms_dc=13 , 0.0883552 secs] [Times: user=0.90 sys=0.13, real=0.09 secs] 
11998.220: [GC 11998.221: [ParNew: 344628K->27326K(353920K), 0.0646779 secs] 2290625K->1975609K(3106432K) icms_dc=13 , 0.0660382 secs] [Times: user=0.64 sys=0.01, real=0.07 secs] 
11999.051: [GC 11999.052: [ParNew: 341950K->30270K(353920K), 0.0737376 secs] 2290233K->1979154K(3106432K) icms_dc=13 , 0.0755732 secs] [Times: user=0.76 sys=0.06, real=0.08 secs] 
11999.997: [GC 11999.998: [ParNew: 344894K->29704K(353920K), 0.1061777 secs] 2293778K->1979293K(3106432K) icms_dc=13 , 0.1075296 secs] [Times: user=1.03 sys=0.13, real=0.11 secs] 
12000.855: [GC 12000.856: [ParNew: 344328K->32180K(353920K), 0.0520263 secs] 2293917K->1982997K(3106432K) icms_dc=13 , 0.0533663 secs] [Times: user=0.68 sys=0.02, real=0.05 secs] 
12001.723: [GC 12001.724: [ParNew: 346804K->30897K(353920K), 0.1260271 secs] 2297621K->1984925K(3106432K) icms_dc=13 , 0.1273517 secs] [Times: user=1.10 sys=0.18, real=0.13 secs] 
12002.892: [GC 12002.893: [ParNew: 346024K->34392K(353920K), 0.1594178 secs] 2300053K->1989754K(3106432K) icms_dc=13 , 0.1607923 secs] [Times: user=1.27 sys=0.28, real=0.16 secs] 
12003.784: [GC 12003.785: [ParNew: 349016K->31266K(353920K), 0.0984423 secs] 2304378K->1991723K(3106432K) icms_dc=13 , 0.0997584 secs] [Times: user=0.78 sys=0.02, real=0.10 secs] 
12004.597: [GC 12004.598: [ParNew: 345828K->23477K(353920K), 0.1073873 secs] 2306285K->1983934K(3106432K) icms_dc=13 , 0.1086837 secs] [Times: user=0.89 sys=0.16, real=0.11 secs] 
12005.607: [GC 12005.608: [ParNew: 338101K->27590K(353920K), 0.0677212 secs] 2298558K->1988047K(3106432K) icms_dc=13 , 0.0692682 secs] [Times: user=0.71 sys=0.08, real=0.07 secs] 
12006.486: [GC 12006.487: [ParNew: 342214K->25021K(353920K), 0.0588388 secs] 2302671K->1985478K(3106432K) icms_dc=13 , 0.0602036 secs] [Times: user=0.68 sys=0.04, real=0.06 secs] 
12007.348: [GC 12007.348: [ParNew: 339645K->27656K(353920K), 0.0499797 secs] 2300102K->1989495K(3106432K) icms_dc=13 , 0.0512903 secs] [Times: user=0.61 sys=0.01, real=0.05 secs] 
12008.296: [GC 12008.296: [ParNew: 342280K->24948K(353920K), 0.1431398 secs] 2304119K->1988641K(3106432K) icms_dc=13 , 0.1444863 secs] [Times: user=1.10 sys=0.22, real=0.15 secs] 
12009.167: [GC 12009.167: [ParNew: 339572K->28123K(353920K), 0.0903152 secs] 2303265K->1991816K(3106432K) icms_dc=13 , 0.0916303 secs] [Times: user=0.76 sys=0.07, real=0.09 secs] 
12010.100: [GC 12010.101: [ParNew: 343194K->30645K(353920K), 0.0727830 secs] 2306886K->1996673K(3106432K) icms_dc=13 , 0.0741904 secs] [Times: user=0.82 sys=0.08, real=0.07 secs] 
12011.111: [GC 12011.112: [ParNew: 345269K->27689K(353920K), 0.0970976 secs] 2311297K->1996617K(3106432K) icms_dc=13 , 0.0985105 secs] [Times: user=0.81 sys=0.09, real=0.10 secs] 
12012.001: [GC 12012.002: [ParNew: 342313K->26323K(353920K), 0.1173328 secs] 2311241K->1995251K(3106432K) icms_dc=13 , 0.1186579 secs] [Times: user=0.73 sys=0.04, real=0.12 secs] 
12012.390: [CMS-concurrent-mark: 7.230/54.644 secs] [Times: user=1327.10 sys=36.24, real=54.64 secs] 
12012.391: [CMS-concurrent-preclean-start]
12012.861: [GC 12012.862: [ParNew: 340947K->28185K(353920K), 0.0467868 secs] 2309875K->1997113K(3106432K) icms_dc=13 , 0.0480832 secs] [Times: user=0.64 sys=0.03, real=0.05 secs] 
12013.736: [GC 12013.736: [ParNew: 342785K->23120K(353920K), 0.0591912 secs] 2311713K->1993907K(3106432K) icms_dc=13 , 0.0605696 secs] [Times: user=0.70 sys=0.05, real=0.06 secs] 
12014.607: [GC 12014.608: [ParNew: 337744K->25515K(353920K), 0.1038629 secs] 2308531K->1996301K(3106432K) icms_dc=13 , 0.1051666 secs] [Times: user=0.91 sys=0.16, real=0.11 secs] 
12015.552: [GC 12015.553: [ParNew: 340228K->29845K(353920K), 0.0958568 secs] 2311015K->2000631K(3106432K) icms_dc=13 , 0.0971689 secs] [Times: user=0.79 sys=0.03, real=0.10 secs] 
12015.682: [GC 12015.683: [ParNew: 30543K->29059K(353920K), 0.0440832 secs] 2001329K->2002043K(3106432K) icms_dc=13 , 0.0452704 secs] [Times: user=0.63 sys=0.02, real=0.05 secs] 
12016.447: [GC 12016.448: [ParNew: 343667K->28182K(353920K), 0.0709797 secs] 2316650K->2001165K(3106432K) icms_dc=13 , 0.0723111 secs] [Times: user=0.73 sys=0.06, real=0.07 secs] 
12017.302: [GC 12017.303: [ParNew: 342806K->31210K(353920K), 0.1433561 secs] 2315789K->2005180K(3106432K) icms_dc=13 , 0.1447075 secs] [Times: user=1.18 sys=0.22, real=0.15 secs] 
12018.282: [GC 12018.283: [ParNew: 345798K->28956K(353920K), 0.0572078 secs] 2319768K->2005454K(3106432K) icms_dc=13 , 0.0585599 secs] [Times: user=0.71 sys=0.03, real=0.06 secs] 
12019.120: [GC 12019.121: [ParNew: 343580K->31067K(353920K), 0.0946834 secs] 2320078K->2007565K(3106432K) icms_dc=13 , 0.0960641 secs] [Times: user=0.96 sys=0.14, real=0.10 secs] 
12019.897: [GC 12019.898: [ParNew: 345691K->30533K(353920K), 0.1141630 secs] 2322189K->2010172K(3106432K) icms_dc=13 , 0.1154801 secs] [Times: user=1.04 sys=0.18, real=0.12 secs] 
12020.746: [GC 12020.747: [ParNew: 345157K->25491K(353920K), 0.0646893 secs] 2324796K->2005130K(3106432K) icms_dc=13 , 0.0660040 secs] [Times: user=0.75 sys=0.06, real=0.07 secs] 
12021.626: [GC 12021.627: [ParNew: 340130K->33264K(353920K), 0.0543092 secs] 2319770K->2015061K(3106432K) icms_dc=13 , 0.0556873 secs] [Times: user=0.69 sys=0.02, real=0.06 secs] 
12021.715: [GC 12021.716: [ParNew: 33313K->28875K(353920K), 0.0453635 secs] 2015110K->2013654K(3106432K) icms_dc=13 , 0.0465685 secs] [Times: user=0.65 sys=0.03, real=0.05 secs] 
12022.567: [GC 12022.568: [ParNew: 343499K->31403K(353920K), 0.1156851 secs] 2328278K->2016182K(3106432K) icms_dc=13 , 0.1170143 secs] [Times: user=1.01 sys=0.19, real=0.12 secs] 
12023.407: [GC 12023.408: [ParNew: 346027K->25723K(353920K), 0.0760537 secs] 2330806K->2015712K(3106432K) icms_dc=13 , 0.0773953 secs] [Times: user=0.81 sys=0.07, real=0.08 secs] 
12024.253: [GC 12024.254: [ParNew: 340347K->31709K(353920K), 0.0750938 secs] 2330336K->2021699K(3106432K) icms_dc=13 , 0.0764543 secs] [Times: user=0.80 sys=0.07, real=0.08 secs] 
12025.267: [GC 12025.268: [ParNew: 346957K->26122K(353920K), 0.0759578 secs] 2336946K->2020999K(3106432K) icms_dc=13 , 0.0773398 secs] [Times: user=0.86 sys=0.06, real=0.08 secs] 
12026.284: [GC 12026.285: [ParNew: 341293K->30049K(353920K), 0.0773032 secs] 2336170K->2024927K(3106432K) icms_dc=13 , 0.0787079 secs] [Times: user=0.78 sys=0.08, real=0.08 secs] 
12026.397: [GC 12026.397: [ParNew: 30376K->25859K(353920K), 0.0470033 secs] 2025254K->2023873K(3106432K) icms_dc=13 , 0.0482206 secs] [Times: user=0.64 sys=0.03, real=0.05 secs] 
12027.493: [GC 12027.494: [ParNew: 340483K->31055K(353920K), 0.1052613 secs] 2338497K->2029070K(3106432K) icms_dc=13 , 0.1066484 secs] [Times: user=0.86 sys=0.10, real=0.11 secs] 
12028.691: [GC 12028.692: [ParNew: 345679K->31878K(353920K), 0.0958761 secs] 2343694K->2035684K(3106432K) icms_dc=13 , 0.0972800 secs] [Times: user=0.90 sys=0.01, real=0.10 secs] 
12029.747: [GC 12029.748: [ParNew: 346229K->26953K(353920K), 0.0938704 secs] 2350035K->2034422K(3106432K) icms_dc=13 , 0.0952903 secs] [Times: user=0.82 sys=0.04, real=0.10 secs] 
12030.770: [GC 12030.771: [ParNew: 341630K->27565K(353920K), 0.1346162 secs] 2349099K->2037810K(3106432K) icms_dc=13 , 0.1360427 secs] [Times: user=1.15 sys=0.15, real=0.14 secs] 
12030.941: [GC 12030.942: [ParNew: 28068K->24674K(353920K), 0.1233713 secs] 2038312K->2039894K(3106432K) icms_dc=13 , 0.1245715 secs] [Times: user=1.10 sys=0.21, real=0.13 secs] 
12032.025: [GC 12032.025: [ParNew: 339298K->31381K(353920K), 0.0610249 secs] 2354518K->2046601K(3106432K) icms_dc=13 , 0.0624806 secs] [Times: user=0.73 sys=0.03, real=0.06 secs] 
12032.939: [GC 12032.940: [ParNew: 346005K->27586K(353920K), 0.0655619 secs] 2361225K->2046114K(3106432K) icms_dc=13 , 0.0670192 secs] [Times: user=0.76 sys=0.02, real=0.07 secs] 
12033.921: [GC 12033.922: [ParNew: 342210K->28357K(353920K), 0.1234264 secs] 2360738K->2050993K(3106432K) icms_dc=13 , 0.1248760 secs] [Times: user=1.10 sys=0.16, real=0.13 secs] 
12034.991: [GC 12034.992: [ParNew: 342981K->29488K(353920K), 0.0633233 secs] 2365617K->2052124K(3106432K) icms_dc=13 , 0.0647733 secs] [Times: user=0.83 sys=0.03, real=0.07 secs] 
12035.848: [GC 12035.849: [ParNew: 344112K->33714K(353920K), 0.0881278 secs] 2366748K->2058804K(3106432K) icms_dc=13 , 0.0895613 secs] [Times: user=0.83 sys=0.02, real=0.09 secs] 
12036.650: [GC 12036.651: [ParNew: 348338K->33679K(353920K), 0.0790043 secs] 2373428K->2064649K(3106432K) icms_dc=13 , 0.0804439 secs] [Times: user=0.91 sys=0.02, real=0.08 secs] 
12037.785: [GC 12037.786: [ParNew: 348303K->34537K(353920K), 0.0837345 secs] 2379273K->2070108K(3106432K) icms_dc=13 , 0.0851890 secs] [Times: user=0.95 sys=0.03, real=0.09 secs] 
12038.688: [GC 12038.689: [ParNew: 349161K->31270K(353920K), 0.0785402 secs] 2384732K->2071626K(3106432K) icms_dc=13 , 0.0799792 secs] [Times: user=0.86 sys=0.05, real=0.08 secs] 
12039.607: [GC 12039.608: [ParNew: 345880K->30499K(353920K), 0.0772069 secs] 2386235K->2074873K(3106432K) icms_dc=13 , 0.0786480 secs] [Times: user=0.85 sys=0.04, real=0.08 secs] 
12040.478: [GC 12040.479: [ParNew: 345123K->33484K(353920K), 0.0578467 secs] 2389497K->2077858K(3106432K) icms_dc=13 , 0.0593108 secs] [Times: user=0.71 sys=0.01, real=0.06 secs] 
12041.187: [GC 12041.188: [ParNew: 348108K->34867K(353920K), 0.1057621 secs] 2392482K->2086019K(3106432K) icms_dc=13 , 0.1071633 secs] [Times: user=1.12 sys=0.10, real=0.11 secs] 
12042.077: [GC 12042.078: [ParNew: 349491K->31292K(353920K), 0.0724199 secs] 2400643K->2085762K(3106432K) icms_dc=13 , 0.0738507 secs] [Times: user=0.88 sys=0.05, real=0.07 secs] 
12042.981: [GC 12042.982: [ParNew: 346303K->37678K(353920K), 0.1046370 secs] 2400773K->2096235K(3106432K) icms_dc=13 , 0.1060519 secs] [Times: user=0.94 sys=0.06, real=0.11 secs] 
12043.120: [GC 12043.121: [ParNew: 38215K->26808K(353920K), 0.0534022 secs] 2096772K->2092237K(3106432K) icms_dc=13 , 0.0546088 secs] [Times: user=0.70 sys=0.03, real=0.06 secs] 
12043.984: [GC 12043.985: [ParNew: 341419K->35293K(353920K), 0.0805933 secs] 2406847K->2100721K(3106432K) icms_dc=13 , 0.0819907 secs] [Times: user=0.90 sys=0.07, real=0.08 secs] 
12044.970: [GC 12044.971: [ParNew: 350730K->29721K(353920K), 0.1185798 secs] 2416158K->2107219K(3106432K) icms_dc=13 , 0.1199786 secs] [Times: user=1.13 sys=0.13, real=0.12 secs] 
12045.124: [GC 12045.125: [ParNew: 30291K->23517K(353920K), 0.0427350 secs] 2107788K->2101014K(3106432K) icms_dc=13 , 0.0439484 secs] [Times: user=0.55 sys=0.03, real=0.04 secs] 
12045.925: [GC 12045.925: [ParNew: 338072K->28965K(353920K), 0.0497866 secs] 2415570K->2106463K(3106432K) icms_dc=13 , 0.0512351 secs] [Times: user=0.70 sys=0.03, real=0.05 secs] 
12046.806: [GC 12046.807: [ParNew: 343651K->31712K(353920K), 0.1269894 secs] 2421149K->2113280K(3106432K) icms_dc=13 , 0.1283501 secs] [Times: user=1.23 sys=0.16, real=0.14 secs] 
12046.978: [GC 12046.979: [ParNew: 32694K->25535K(353920K), 0.0905011 secs] 2114262K->2114169K(3106432K) icms_dc=13 , 0.0917115 secs] [Times: user=0.92 sys=0.11, real=0.09 secs] 
12047.768: [GC 12047.769: [ParNew: 340159K->27884K(353920K), 0.0838265 secs] 2428793K->2116518K(3106432K) icms_dc=13 , 0.0851940 secs] [Times: user=0.88 sys=0.12, real=0.09 secs] 
12048.613: [GC 12048.614: [ParNew: 342508K->34993K(353920K), 0.1060389 secs] 2431142K->2127726K(3106432K) icms_dc=13 , 0.1073961 secs] [Times: user=0.95 sys=0.09, real=0.11 secs] 
12049.491: [GC 12049.492: [ParNew: 349604K->31089K(353920K), 0.1368128 secs] 2442337K->2127462K(3106432K) icms_dc=13 , 0.1382658 secs] [Times: user=1.24 sys=0.22, real=0.14 secs] 
12050.362: [GC 12050.363: [ParNew: 345694K->23016K(353920K), 0.0483839 secs] 2442067K->2122202K(3106432K) icms_dc=13 , 0.0497582 secs] [Times: user=0.66 sys=0.02, real=0.05 secs] 
12051.298: [GC 12051.299: [ParNew: 337640K->27918K(353920K), 0.0642100 secs] 2436826K->2127104K(3106432K) icms_dc=13 , 0.0657640 secs] [Times: user=0.76 sys=0.05, real=0.07 secs] 
12052.244: [GC 12052.244: [ParNew: 342542K->27851K(353920K), 0.0695542 secs] 2441728K->2127037K(3106432K) icms_dc=13 , 0.0709385 secs] [Times: user=0.75 sys=0.01, real=0.07 secs] 
12053.012: [GC 12053.013: [ParNew: 342475K->31759K(353920K), 0.0769630 secs] 2441661K->2132964K(3106432K) icms_dc=13 , 0.0783210 secs] [Times: user=0.87 sys=0.05, real=0.08 secs] 
12053.798: [GC 12053.799: [ParNew: 346383K->33983K(353920K), 0.1966174 secs] 2447588K->2136641K(3106432K) icms_dc=13 , 0.1979547 secs] [Times: user=1.34 sys=0.28, real=0.20 secs] 
12054.715: [GC 12054.716: [ParNew: 349200K->35030K(353920K), 0.2296982 secs] 2451858K->2141675K(3106432K) icms_dc=13 , 0.2310770 secs] [Times: user=1.77 sys=0.45, real=0.23 secs] 
12054.980: [GC 12054.981: [ParNew: 35613K->26110K(353920K), 0.0514915 secs] 2142258K->2134719K(3106432K) icms_dc=13 , 0.0526739 secs] [Times: user=0.60 sys=0.03, real=0.05 secs] 
12055.804: [GC 12055.804: [ParNew: 340734K->28582K(353920K), 0.1078764 secs] 2449343K->2137191K(3106432K) icms_dc=13 , 0.1092267 secs] [Times: user=0.97 sys=0.18, real=0.11 secs] 
12056.754: [GC 12056.755: [ParNew: 343206K->29593K(353920K), 0.0692706 secs] 2451815K->2140418K(3106432K) icms_dc=13 , 0.0706127 secs] [Times: user=0.72 sys=0.04, real=0.07 secs] 
12057.627: [GC 12057.628: [ParNew: 345025K->32072K(353920K), 0.1099635 secs] 2455849K->2145121K(3106432K) icms_dc=13 , 0.1113040 secs] [Times: user=1.03 sys=0.15, real=0.11 secs] 
12057.772: [GC 12057.772: [ParNew: 32738K->25313K(353920K), 0.0501261 secs] 2145787K->2142355K(3106432K) icms_dc=13 , 0.0514413 secs] [Times: user=0.61 sys=0.04, real=0.05 secs] 
12058.533: [GC 12058.534: [ParNew: 339937K->28882K(353920K), 0.1164681 secs] 2456979K->2145924K(3106432K) icms_dc=13 , 0.1177489 secs] [Times: user=1.07 sys=0.17, real=0.12 secs] 
12059.439: [GC 12059.439: [ParNew: 343506K->36170K(353920K), 0.1236548 secs] 2460548K->2156627K(3106432K) icms_dc=13 , 0.1250073 secs] [Times: user=1.12 sys=0.15, real=0.13 secs] 
12060.368: [GC 12060.369: [ParNew: 350794K->30887K(353920K), 0.1056610 secs] 2471251K->2156455K(3106432K) icms_dc=13 , 0.1070178 secs] [Times: user=0.91 sys=0.11, real=0.11 secs] 
12061.147: [GC 12061.148: [ParNew: 345511K->26732K(353920K), 0.0788077 secs] 2471079K->2152300K(3106432K) icms_dc=13 , 0.0801044 secs] [Times: user=0.74 sys=0.08, real=0.08 secs] 
12061.932: [GC 12061.933: [ParNew: 341356K->28120K(353920K), 0.0565266 secs] 2466924K->2156079K(3106432K) icms_dc=13 , 0.0578317 secs] [Times: user=0.61 sys=0.01, real=0.06 secs] 
12062.752: [GC 12062.753: [ParNew: 342828K->28103K(353920K), 0.0745989 secs] 2470787K->2159330K(3106432K) icms_dc=13 , 0.0759513 secs] [Times: user=0.81 sys=0.06, real=0.08 secs] 
12062.862: [GC 12062.863: [ParNew: 28935K->27159K(353920K), 0.0889961 secs] 2160162K->2158386K(3106432K) icms_dc=13 , 0.0901933 secs] [Times: user=0.74 sys=0.10, real=0.09 secs] 
12063.724: [GC 12063.725: [ParNew: 341783K->28156K(353920K), 0.1493889 secs] 2473010K->2159383K(3106432K) icms_dc=13 , 0.1506915 secs] [Times: user=0.95 sys=0.14, real=0.15 secs] 
12064.580: [GC 12064.580: [ParNew: 342495K->27144K(353920K), 0.0404271 secs] 2473722K->2158371K(3106432K) icms_dc=13 , 0.0417094 secs] [Times: user=0.55 sys=0.01, real=0.04 secs] 
12065.376: [GC 12065.377: [ParNew: 341768K->23610K(353920K), 0.0661328 secs] 2472995K->2156263K(3106432K) icms_dc=13 , 0.0675334 secs] [Times: user=0.69 sys=0.07, real=0.07 secs] 
12066.461: [GC 12066.462: [ParNew: 338234K->24906K(353920K), 0.0379639 secs] 2470887K->2157559K(3106432K) icms_dc=13 , 0.0392374 secs] [Times: user=0.54 sys=0.02, real=0.04 secs] 
12067.380: [GC 12067.381: [ParNew: 339530K->24700K(353920K), 0.0449678 secs] 2472183K->2157353K(3106432K) icms_dc=13 , 0.0462821 secs] [Times: user=0.55 sys=0.03, real=0.05 secs] 
12067.853: [CMS-concurrent-preclean: 5.502/55.462 secs] [Times: user=1316.35 sys=36.49, real=55.46 secs] 
12067.855: [CMS-concurrent-abortable-preclean-start]
12068.360: [GC 12068.361: [ParNew: 339316K->29272K(353920K), 0.1977957 secs] 2471969K->2161924K(3106432K) icms_dc=13 , 0.1991722 secs] [Times: user=1.36 sys=0.30, real=0.20 secs] 
12069.319: [GC 12069.320: [ParNew: 343846K->34538K(353920K), 0.0662695 secs] 2476499K->2167191K(3106432K) icms_dc=13 , 0.0675778 secs] [Times: user=0.68 sys=0.03, real=0.07 secs] 
12070.125: [GC 12070.126: [ParNew: 349113K->30234K(353920K), 0.0518301 secs] 2481765K->2165640K(3106432K) icms_dc=13 , 0.0531241 secs] [Times: user=0.70 sys=0.02, real=0.05 secs] 
12071.037: [GC 12071.038: [ParNew: 344693K->22911K(353920K), 0.0468803 secs] 2480100K->2159760K(3106432K) icms_dc=13 , 0.0482249 secs] [Times: user=0.64 sys=0.02, real=0.05 secs] 
12071.466: [CMS-concurrent-abortable-preclean: 0.322/3.611 secs] [Times: user=81.68 sys=2.08, real=3.61 secs] 
12071.500: [GC[YG occupancy: 167649 K (353920 K)]12071.501: [Rescan (parallel) , 0.6410970 secs]12072.142: [weak refs processing, 0.0222031 secs] [1 CMS-remark: 2136848K(2752512K)] 2304498K(3106432K), 0.6648781 secs] [Times: user=4.46 sys=1.59, real=0.67 secs] 
12072.167: [CMS-concurrent-sweep-start]
12072.707: [GC 12072.708: [ParNew: 337883K->32080K(353920K), 0.0797444 secs] 2474723K->2168920K(3106432K) icms_dc=13 , 0.0811283 secs] [Times: user=0.93 sys=0.08, real=0.08 secs] 
12072.823: [GC 12072.824: [ParNew: 33170K->28814K(353920K), 0.0537322 secs] 2170010K->2169549K(3106432K) icms_dc=13 , 0.0549383 secs] [Times: user=0.74 sys=0.03, real=0.06 secs] 
12073.690: [GC 12073.691: [ParNew: 343455K->30133K(353920K), 0.1307725 secs] 2484168K->2170845K(3106432K) icms_dc=13 , 0.1321668 secs] [Times: user=1.15 sys=0.21, real=0.13 secs] 
12073.857: [GC 12073.858: [ParNew: 30564K->21423K(353920K), 0.0610706 secs] 2171277K->2162135K(3106432K) icms_dc=13 , 0.0623762 secs] [Times: user=0.73 sys=0.06, real=0.06 secs] 
12074.797: [GC 12074.798: [ParNew: 336047K->28447K(353920K), 0.2204911 secs] 2476727K->2169127K(3106432K) icms_dc=13 , 0.2221045 secs] [Times: user=1.60 sys=0.32, real=0.22 secs] 
12075.747: [GC 12075.748: [ParNew: 343071K->27623K(353920K), 0.1282737 secs] 2483734K->2169274K(3106432K) icms_dc=13 , 0.1296393 secs] [Times: user=1.12 sys=0.14, real=0.13 secs] 
12076.631: [GC 12076.632: [ParNew: 342247K->32822K(353920K), 0.0619179 secs] 2483877K->2178053K(3106432K) icms_dc=13 , 0.0633957 secs] [Times: user=0.87 sys=0.02, real=0.06 secs] 
12077.657: [GC 12077.658: [ParNew: 347446K->24695K(353920K), 0.0582234 secs] 2492634K->2173218K(3106432K) icms_dc=13 , 0.0596768 secs] [Times: user=0.70 sys=0.02, real=0.06 secs] 
12078.576: [GC 12078.577: [ParNew: 339319K->34875K(353920K), 0.0878681 secs] 2487781K->2183338K(3106432K) icms_dc=13 , 0.0893586 secs] [Times: user=0.83 sys=0.05, real=0.09 secs] 
12079.411: [GC 12079.412: [ParNew: 349543K->34597K(353920K), 0.1551756 secs] 2497931K->2187413K(3106432K) icms_dc=13 , 0.1565249 secs] [Times: user=1.41 sys=0.29, real=0.16 secs] 
12080.441: [GC 12080.442: [ParNew: 349824K->31492K(353920K), 0.2022132 secs] 2502335K->2189140K(3106432K) icms_dc=13 , 0.2037077 secs] [Times: user=1.49 sys=0.30, real=0.20 secs] 
12080.681: [GC 12080.702: [ParNew: 32332K->25839K(353920K), 0.0560655 secs] 2189980K->2183488K(3106432K) icms_dc=13 , 0.0573299 secs] [Times: user=0.64 sys=0.04, real=0.08 secs] 
12081.698: [GC 12081.699: [ParNew: 340463K->27999K(353920K), 0.1313659 secs] 2498080K->2185616K(3106432K) icms_dc=13 , 0.1327808 secs] [Times: user=1.03 sys=0.18, real=0.13 secs] 
12082.835: [GC 12082.836: [ParNew: 342796K->32352K(353920K), 0.0941002 secs] 2500362K->2189919K(3106432K) icms_dc=13 , 0.0955436 secs] [Times: user=0.89 sys=0.08, real=0.10 secs] 
12084.121: [GC 12084.122: [ParNew: 346998K->27725K(353920K), 0.1701814 secs] 2504222K->2189539K(3106432K) icms_dc=13 , 0.1715415 secs] [Times: user=1.44 sys=0.29, real=0.17 secs] 
12084.952: [GC 12084.953: [ParNew: 342349K->32101K(353920K), 0.1803304 secs] 2503704K->2196232K(3106432K) icms_dc=13 , 0.1817910 secs] [Times: user=1.47 sys=0.21, real=0.18 secs] 
12086.057: [GC 12086.058: [ParNew: 346236K->37030K(353920K), 0.0816207 secs] 2510294K->2204248K(3106432K) icms_dc=13 , 0.0831150 secs] [Times: user=0.90 sys=0.03, real=0.08 secs] 
12087.141: [GC 12087.141: [ParNew: 351654K->32541K(353920K), 0.0652032 secs] 2518491K->2203882K(3106432K) icms_dc=13 , 0.0666218 secs] [Times: user=0.78 sys=0.01, real=0.07 secs] 
12088.311: [GC 12088.312: [ParNew: 347353K->22041K(353920K), 0.0990599 secs] 2517316K->2197081K(3106432K) icms_dc=13 , 0.1005403 secs] [Times: user=0.96 sys=0.07, real=0.10 secs] 
12088.447: [GC 12088.448: [ParNew: 22562K->16160K(353920K), 0.0405105 secs] 2197602K->2191200K(3106432K) icms_dc=13 , 0.0418186 secs] [Times: user=0.53 sys=0.03, real=0.04 secs] 
12089.400: [GC 12089.401: [ParNew: 330784K->25415K(353920K), 0.0819995 secs] 2504695K->2199326K(3106432K) icms_dc=13 , 0.0835116 secs] [Times: user=0.89 sys=0.07, real=0.08 secs] 
12090.525: [GC 12090.526: [ParNew: 340039K->27922K(353920K), 0.0837288 secs] 2512947K->2204358K(3106432K) icms_dc=13 , 0.0852157 secs] [Times: user=0.85 sys=0.06, real=0.09 secs] 
12091.478: [GC 12091.479: [ParNew: 342546K->28391K(353920K), 0.1285525 secs] 2517709K->2206743K(3106432K) icms_dc=13 , 0.1301326 secs] [Times: user=1.23 sys=0.19, real=0.13 secs] 
12092.484: [GC 12092.485: [ParNew: 343015K->28612K(353920K), 0.1131237 secs] 2519090K->2207597K(3106432K) icms_dc=13 , 0.1144987 secs] [Times: user=0.95 sys=0.10, real=0.12 secs] 
12093.464: [GC 12093.465: [ParNew: 343236K->36110K(353920K), 0.0866196 secs] 2520830K->2213705K(3106432K) icms_dc=13 , 0.0881191 secs] [Times: user=0.93 sys=0.05, real=0.09 secs] 
12094.378: [GC 12094.379: [ParNew: 350918K->27415K(353920K), 0.0925128 secs] 2526876K->2211873K(3106432K) icms_dc=13 , 0.0939136 secs] [Times: user=1.03 sys=0.06, real=0.09 secs] 
12094.507: [GC 12094.508: [ParNew: 28250K->21205K(353920K), 0.0403495 secs] 2212708K->2205664K(3106432K) icms_dc=13 , 0.0415989 secs] [Times: user=0.57 sys=0.03, real=0.04 secs] 
12095.428: [GC 12095.429: [ParNew: 335829K->29617K(353920K), 0.1520944 secs] 2518173K->2211960K(3106432K) icms_dc=13 , 0.1534768 secs] [Times: user=1.13 sys=0.18, real=0.15 secs] 
12096.528: [GC 12096.529: [ParNew: 344467K->29689K(353920K), 0.1829423 secs] 2525157K->2213998K(3106432K) icms_dc=13 , 0.1843329 secs] [Times: user=1.39 sys=0.31, real=0.18 secs] 
12096.746: [GC 12096.747: [ParNew: 30012K->26125K(353920K), 0.0615896 secs] 2214321K->2214815K(3106432K) icms_dc=13 , 0.0628058 secs] [Times: user=0.76 sys=0.05, real=0.06 secs] 
12097.750: [GC 12097.751: [ParNew: 340815K->26818K(353920K), 0.1211485 secs] 2528828K->2214832K(3106432K) icms_dc=13 , 0.1226150 secs] [Times: user=1.06 sys=0.19, real=0.12 secs] 
12097.907: [GC 12097.908: [ParNew: 27669K->22411K(353920K), 0.0568475 secs] 2215683K->2215166K(3106432K) icms_dc=13 , 0.0581323 secs] [Times: user=0.71 sys=0.03, real=0.06 secs] 
12098.767: [GC 12098.768: [ParNew: 337035K->28786K(353920K), 0.1580590 secs] 2529013K->2220763K(3106432K) icms_dc=13 , 0.1595258 secs] [Times: user=1.33 sys=0.23, real=0.16 secs] 
12099.744: [GC 12099.745: [ParNew: 343410K->31051K(353920K), 0.0956201 secs] 2534277K->2224943K(3106432K) icms_dc=13 , 0.0971245 secs] [Times: user=0.96 sys=0.13, real=0.10 secs] 
12100.735: [GC 12100.736: [ParNew: 345797K->33696K(353920K), 0.1866560 secs] 2537317K->2228622K(3106432K) icms_dc=13 , 0.1880372 secs] [Times: user=1.18 sys=0.23, real=0.19 secs] 
12100.959: [GC 12100.960: [ParNew: 34571K->26264K(353920K), 0.1280172 secs] 2229498K->2221191K(3106432K) icms_dc=13 , 0.1292210 secs] [Times: user=0.68 sys=0.07, real=0.13 secs] 
12101.979: [GC 12101.980: [ParNew: 340888K->29044K(353920K), 0.0457630 secs] 2533696K->2221852K(3106432K) icms_dc=13 , 0.0472250 secs] [Times: user=0.70 sys=0.03, real=0.05 secs] 
12102.953: [GC 12102.953: [ParNew: 343668K->30851K(353920K), 0.1075617 secs] 2533012K->2222718K(3106432K) icms_dc=13 , 0.1089985 secs] [Times: user=1.02 sys=0.13, real=0.11 secs] 
12104.016: [GC 12104.017: [ParNew: 345475K->32622K(353920K), 0.1782865 secs] 2534308K->2224156K(3106432K) icms_dc=13 , 0.1797774 secs] [Times: user=1.34 sys=0.19, real=0.18 secs] 
12105.117: [GC 12105.118: [ParNew: 347246K->24922K(353920K), 0.0726409 secs] 2536312K->2216019K(3106432K) icms_dc=13 , 0.0740872 secs] [Times: user=0.84 sys=0.03, real=0.07 secs] 
12106.161: [GC 12106.162: [ParNew: 339546K->29053K(353920K), 0.0886158 secs] 2528386K->2217893K(3106432K) icms_dc=13 , 0.0900603 secs] [Times: user=0.87 sys=0.06, real=0.09 secs] 
12107.165: [GC 12107.166: [ParNew: 343677K->26988K(353920K), 0.1563004 secs] 2531022K->2217484K(3106432K) icms_dc=13 , 0.1576772 secs] [Times: user=1.40 sys=0.25, real=0.16 secs] 
12108.096: [GC 12108.097: [ParNew: 341612K->31838K(353920K), 0.1249131 secs] 2530481K->2220707K(3106432K) icms_dc=13 , 0.1263711 secs] [Times: user=1.17 sys=0.13, real=0.13 secs] 
12108.914: [GC 12108.914: [ParNew: 346462K->35343K(353920K), 0.1003749 secs] 2533571K->2224159K(3106432K) icms_dc=13 , 0.1018125 secs] [Times: user=1.04 sys=0.03, real=0.10 secs] 
12109.795: [GC 12109.796: [ParNew: 349967K->32320K(353920K), 0.0754921 secs] 2536940K->2225202K(3106432K) icms_dc=13 , 0.0770366 secs] [Times: user=0.92 sys=0.02, real=0.08 secs] 
12110.738: [GC 12110.739: [ParNew: 346944K->33857K(353920K), 0.1168664 secs] 2538237K->2228328K(3106432K) icms_dc=13 , 0.1182316 secs] [Times: user=0.89 sys=0.09, real=0.12 secs] 
12111.728: [GC 12111.729: [ParNew: 348877K->31646K(353920K), 0.0791296 secs] 2541720K->2227630K(3106432K) icms_dc=13 , 0.0805137 secs] [Times: user=0.92 sys=0.04, real=0.08 secs] 
12111.843: [GC 12111.844: [ParNew: 32232K->28287K(353920K), 0.0997644 secs] 2228216K->2227658K(3106432K) icms_dc=13 , 0.1011713 secs] [Times: user=0.95 sys=0.14, real=0.10 secs] 
12112.754: [GC 12112.755: [ParNew: 343402K->26571K(353920K), 0.1568841 secs] 2541252K->2224421K(3106432K) icms_dc=13 , 0.1582397 secs] [Times: user=1.30 sys=0.18, real=0.16 secs] 
12112.946: [GC 12112.947: [ParNew: 27196K->23801K(353920K), 0.0583257 secs] 2225047K->2227266K(3106432K) icms_dc=13 , 0.0595627 secs] [Times: user=0.75 sys=0.02, real=0.06 secs] 
12113.760: [GC 12113.761: [ParNew: 337814K->34657K(353920K), 0.1322004 secs] 2540663K->2237506K(3106432K) icms_dc=13 , 0.1336772 secs] [Times: user=1.26 sys=0.17, real=0.13 secs] 
12114.672: [GC 12114.673: [ParNew: 349281K->38242K(353920K), 0.1175247 secs] 2551571K->2246028K(3106432K) icms_dc=13 , 0.1189725 secs] [Times: user=1.05 sys=0.12, real=0.12 secs] 
12115.730: [GC 12115.731: [ParNew: 352866K->32299K(353920K), 0.1368392 secs] 2560198K->2244688K(3106432K) icms_dc=13 , 0.1384757 secs] [Times: user=1.32 sys=0.21, real=0.14 secs] 
12116.930: [GC 12116.931: [ParNew: 346894K->27229K(353920K), 0.0678092 secs] 2558385K->2242460K(3106432K) icms_dc=13 , 0.0692012 secs] [Times: user=0.76 sys=0.02, real=0.07 secs] 
12117.986: [GC 12117.987: [ParNew: 341853K->32422K(353920K), 0.0796155 secs] 2555370K->2245939K(3106432K) icms_dc=13 , 0.0810571 secs] [Times: user=0.75 sys=0.04, real=0.08 secs] 
12119.006: [GC 12119.007: [ParNew: 347046K->31121K(353920K), 0.0817007 secs] 2558305K->2245311K(3106432K) icms_dc=13 , 0.0831306 secs] [Times: user=0.85 sys=0.04, real=0.08 secs] 
12119.928: [GC 12119.928: [ParNew: 345745K->30487K(353920K), 0.1060457 secs] 2558006K->2245195K(3106432K) icms_dc=13 , 0.1220341 secs] [Times: user=0.99 sys=0.12, real=0.12 secs] 
12121.054: [GC 12121.055: [ParNew: 345111K->31597K(353920K), 0.0664019 secs] 2557715K->2246410K(3106432K) icms_dc=13 , 0.0678107 secs] [Times: user=0.78 sys=0.02, real=0.07 secs] 
12122.029: [GC 12122.030: [ParNew: 346221K->26208K(353920K), 0.0701542 secs] 2559447K->2241677K(3106432K) icms_dc=13 , 0.0715147 secs] [Times: user=0.77 sys=0.04, real=0.07 secs] 
12122.930: [GC 12122.931: [ParNew: 340832K->34102K(353920K), 0.0677675 secs] 2554951K->2248220K(3106432K) icms_dc=13 , 0.0691444 secs] [Times: user=0.75 sys=0.03, real=0.07 secs] 
12123.749: [GC 12123.750: [ParNew: 348726K->32079K(353920K), 0.1131675 secs] 2561367K->2249016K(3106432K) icms_dc=13 , 0.1146578 secs] [Times: user=1.00 sys=0.09, real=0.12 secs] 
12124.642: [GC 12124.642: [ParNew: 346703K->32319K(353920K), 0.1463423 secs] 2563022K->2250717K(3106432K) icms_dc=13 , 0.1477027 secs] [Times: user=1.37 sys=0.25, real=0.15 secs] 
12125.630: [GC 12125.630: [ParNew: 347647K->31537K(353920K), 0.0614647 secs] 2565945K->2252103K(3106432K) icms_dc=13 , 0.0628845 secs] [Times: user=0.81 sys=0.03, real=0.06 secs] 
12125.727: [GC 12125.728: [ParNew: 32250K->22935K(353920K), 0.0526730 secs] 2252816K->2249209K(3106432K) icms_dc=13 , 0.0538765 secs] [Times: user=0.72 sys=0.04, real=0.05 secs] 
12126.640: [GC 12126.641: [ParNew: 337559K->32070K(353920K), 0.0507090 secs] 2563750K->2258262K(3106432K) icms_dc=13 , 0.0520931 secs] [Times: user=0.69 sys=0.01, real=0.05 secs] 
12127.629: [GC 12127.630: [ParNew: 347589K->27080K(353920K), 0.1359582 secs] 2573650K->2256735K(3106432K) icms_dc=13 , 0.1374254 secs] [Times: user=1.21 sys=0.24, real=0.14 secs] 
12127.801: [GC 12127.802: [ParNew: 27456K->26128K(353920K), 0.0463667 secs] 2257111K->2255783K(3106432K) icms_dc=13 , 0.0476128 secs] [Times: user=0.59 sys=0.03, real=0.05 secs] 
12128.571: [GC 12128.572: [ParNew: 340752K->34704K(353920K), 0.0723020 secs] 2570338K->2264290K(3106432K) icms_dc=13 , 0.0736595 secs] [Times: user=0.84 sys=0.05, real=0.07 secs] 
12129.491: [GC 12129.491: [ParNew: 349328K->30355K(353920K), 0.0617882 secs] 2578743K->2264048K(3106432K) icms_dc=13 , 0.0632031 secs] [Times: user=0.80 sys=0.01, real=0.06 secs] 
12130.380: [GC 12130.381: [ParNew: 344979K->30270K(353920K), 0.0469573 secs] 2578486K->2266225K(3106432K) icms_dc=13 , 0.0483289 secs] [Times: user=0.70 sys=0.02, real=0.05 secs] 
12131.366: [GC 12131.367: [ParNew: 344894K->26255K(353920K), 0.0670754 secs] 2580707K->2264311K(3106432K) icms_dc=13 , 0.0685575 secs] [Times: user=0.77 sys=0.01, real=0.07 secs] 
12132.371: [GC 12132.372: [ParNew: 340879K->29257K(353920K), 0.0721155 secs] 2578844K->2267222K(3106432K) icms_dc=13 , 0.0735058 secs] [Times: user=0.79 sys=0.04, real=0.07 secs] 
12133.182: [GC 12133.182: [ParNew: 343881K->33659K(353920K), 0.1810045 secs] 2581694K->2273681K(3106432K) icms_dc=13 , 0.1824884 secs] [Times: user=1.39 sys=0.18, real=0.18 secs] 
12134.300: [GC 12134.301: [ParNew: 348283K->31898K(353920K), 0.0711501 secs] 2588005K->2273811K(3106432K) icms_dc=13 , 0.0727088 secs] [Times: user=0.85 sys=0.02, real=0.07 secs] 
12135.366: [GC 12135.367: [ParNew: 346522K->26967K(353920K), 0.0808800 secs] 2588076K->2274665K(3106432K) icms_dc=13 , 0.0823127 secs] [Times: user=0.92 sys=0.02, real=0.08 secs] 
12136.435: [GC 12136.436: [ParNew: 341591K->29342K(353920K), 0.0833982 secs] 2587859K->2275611K(3106432K) icms_dc=13 , 0.0849093 secs] [Times: user=0.93 sys=0.06, real=0.09 secs] 
12137.397: [GC 12137.398: [ParNew: 343966K->32316K(353920K), 0.1368796 secs] 2588854K->2280882K(3106432K) icms_dc=13 , 0.1383346 secs] [Times: user=1.24 sys=0.18, real=0.14 secs] 
12138.532: [GC 12138.533: [ParNew: 346940K->31331K(353920K), 0.0844870 secs] 2594301K->2280938K(3106432K) icms_dc=13 , 0.0860506 secs] [Times: user=0.91 sys=0.02, real=0.09 secs] 
12139.478: [GC 12139.479: [ParNew: 345995K->31845K(353920K), 0.1190043 secs] 2594284K->2285802K(3106432K) icms_dc=13 , 0.1204683 secs] [Times: user=1.25 sys=0.14, real=0.12 secs] 
12139.633: [GC 12139.633: [ParNew: 32490K->21504K(353920K), 0.0531590 secs] 2286447K->2282596K(3106432K) icms_dc=13 , 0.0544428 secs] [Times: user=0.73 sys=0.02, real=0.06 secs] 
12140.545: [GC 12140.546: [ParNew: 336128K->31901K(353920K), 0.0611009 secs] 2595474K->2291247K(3106432K) icms_dc=13 , 0.0626875 secs] [Times: user=0.76 sys=0.03, real=0.06 secs] 
12141.478: [GC 12141.479: [ParNew: 346525K->34840K(353920K), 0.1249106 secs] 2604207K->2296754K(3106432K) icms_dc=13 , 0.1263885 secs] [Times: user=1.21 sys=0.16, real=0.13 secs] 
12142.521: [GC 12142.522: [ParNew: 349491K->34489K(353920K), 0.1426336 secs] 2610114K->2300195K(3106432K) icms_dc=13 , 0.1441506 secs] [Times: user=1.31 sys=0.16, real=0.14 secs] 
12142.704: [GC 12142.704: [ParNew: 34816K->31044K(353920K), 0.1272706 secs] 2300522K->2302911K(3106432K) icms_dc=13 , 0.1285524 secs] [Times: user=1.15 sys=0.20, real=0.13 secs] 
12143.821: [GC 12143.822: [ParNew: 345668K->32127K(353920K), 0.1177324 secs] 2616480K->2302939K(3106432K) icms_dc=13 , 0.1191946 secs] [Times: user=1.14 sys=0.13, real=0.12 secs] 
12144.925: [GC 12144.926: [ParNew: 346891K->34184K(353920K), 0.1384429 secs] 2615963K->2307509K(3106432K) icms_dc=13 , 0.1399548 secs] [Times: user=1.23 sys=0.14, real=0.14 secs] 
12145.099: [GC 12145.100: [ParNew: 34416K->25683K(353920K), 0.0531935 secs] 2307740K->2306079K(3106432K) icms_dc=13 , 0.0544063 secs] [Times: user=0.76 sys=0.01, real=0.06 secs] 
12146.008: [GC 12146.009: [ParNew: 340307K->31233K(353920K), 0.0574292 secs] 2618376K->2309302K(3106432K) icms_dc=13 , 0.0589806 secs] [Times: user=0.77 sys=0.03, real=0.06 secs] 
12146.893: [GC 12146.894: [ParNew: 345468K->31881K(353920K), 0.0841121 secs] 2619920K->2310339K(3106432K) icms_dc=13 , 0.0855592 secs] [Times: user=0.88 sys=0.02, real=0.09 secs] 
12147.766: [GC 12147.767: [ParNew: 346505K->31722K(353920K), 0.0674919 secs] 2622607K->2312237K(3106432K) icms_dc=13 , 0.0690027 secs] [Times: user=0.81 sys=0.01, real=0.07 secs] 
12148.895: [GC 12148.896: [ParNew: 346346K->29287K(353920K), 0.1149946 secs] 2624762K->2312110K(3106432K) icms_dc=13 , 0.1165198 secs] [Times: user=1.16 sys=0.10, real=0.12 secs] 
12149.818: [GC 12149.819: [ParNew: 343911K->29261K(353920K), 0.0925356 secs] 2624715K->2314993K(3106432K) icms_dc=13 , 0.0940647 secs] [Times: user=1.02 sys=0.06, real=0.09 secs] 
12150.791: [GC 12150.792: [ParNew: 343885K->35269K(353920K), 0.1139678 secs] 2626611K->2321215K(3106432K) icms_dc=13 , 0.1154515 secs] [Times: user=1.05 sys=0.11, real=0.12 secs] 
12151.754: [GC 12151.755: [ParNew: 349893K->28102K(353920K), 0.1531578 secs] 2631851K->2321070K(3106432K) icms_dc=13 , 0.1546642 secs] [Times: user=1.30 sys=0.17, real=0.16 secs] 
12152.735: [GC 12152.736: [ParNew: 342726K->30174K(353920K), 0.1399417 secs] 2632506K->2319954K(3106432K) icms_dc=13 , 0.1414534 secs] [Times: user=1.28 sys=0.19, real=0.14 secs] 
12153.633: [GC 12153.634: [ParNew: 344798K->33238K(353920K), 0.0704758 secs] 2630287K->2323367K(3106432K) icms_dc=13 , 0.0720390 secs] [Times: user=0.84 sys=0.01, real=0.07 secs] 
12154.594: [GC 12154.595: [ParNew: 347862K->32585K(353920K), 0.0729808 secs] 2630337K->2320376K(3106432K) icms_dc=13 , 0.0744471 secs] [Times: user=0.84 sys=0.01, real=0.08 secs] 
12155.497: [GC 12155.498: [ParNew: 347403K->39295K(353920K), 0.1159008 secs] 2630977K->2326939K(3106432K) icms_dc=13 , 0.1175774 secs] [Times: user=0.85 sys=0.02, real=0.12 secs] 
12155.650: [GC 12155.650: [ParNew: 40269K->20743K(353920K), 0.0937207 secs] 2327912K->2333831K(3106432K) icms_dc=13 , 0.0949441 secs] [Times: user=0.88 sys=0.02, real=0.10 secs] 
12156.521: [GC 12156.522: [ParNew: 335138K->26118K(353920K), 0.0896794 secs] 2645248K->2336228K(3106432K) icms_dc=13 , 0.0911401 secs] [Times: user=0.92 sys=0.06, real=0.09 secs] 
12157.449: [GC 12157.450: [ParNew: 340742K->26448K(353920K), 0.1345272 secs] 2648147K->2342351K(3106432K) icms_dc=13 , 0.1359953 secs] [Times: user=1.20 sys=0.15, real=0.14 secs] 
12158.324: [GC 12158.324: [ParNew: 341072K->37680K(353920K), 0.1221417 secs] 2654398K->2351005K(3106432K) icms_dc=13 , 0.1235956 secs] [Times: user=1.22 sys=0.19, real=0.12 secs] 
12159.405: [GC 12159.407: [ParNew: 352333K->39296K(353920K), 0.1741537 secs] 2662982K->2358475K(3106432K) icms_dc=13 , 0.1756555 secs] [Times: user=1.62 sys=0.22, real=0.18 secs] 
12160.555: [GC 12160.556: [ParNew: 353920K->30709K(353920K), 0.2113305 secs] 2671303K->2359971K(3106432K) icms_dc=13 , 0.2127687 secs] [Times: user=1.45 sys=0.16, real=0.21 secs] 
12161.536: [GC 12161.537: [ParNew: 345333K->32803K(353920K), 0.1458566 secs] 2672309K->2359778K(3106432K) icms_dc=13 , 0.1475156 secs] [Times: user=0.95 sys=0.05, real=0.15 secs] 
12162.359: [GC 12162.360: [ParNew: 347427K->36604K(353920K), 0.0702955 secs] 2671718K->2366493K(3106432K) icms_dc=13 , 0.0717466 secs] [Times: user=0.94 sys=0.01, real=0.07 secs] 
12163.107: [GC 12163.108: [ParNew: 351228K->34670K(353920K), 0.1747343 secs] 2678271K->2368555K(3106432K) icms_dc=13 , 0.1761407 secs] [Times: user=1.54 sys=0.24, real=0.18 secs] 
12164.007: [GC 12164.007: [ParNew: 349201K->38531K(353920K), 0.1645037 secs] 2681239K->2376466K(3106432K) icms_dc=13 , 0.1659465 secs] [Times: user=1.31 sys=0.20, real=0.17 secs] 
12164.997: [GC 12164.998: [ParNew: 353155K->30442K(353920K), 0.1268575 secs] 2689632K->2378605K(3106432K) icms_dc=13 , 0.1282999 secs] [Times: user=1.21 sys=0.10, real=0.13 secs] 
12165.864: [GC 12165.865: [ParNew: 345066K->35057K(353920K), 0.1320887 secs] 2691384K->2381375K(3106432K) icms_dc=13 , 0.1335045 secs] [Times: user=1.24 sys=0.22, real=0.13 secs] 
12166.818: [GC 12166.819: [ParNew: 349681K->37189K(353920K), 0.0767654 secs] 2693865K->2386184K(3106432K) icms_dc=13 , 0.0782381 secs] [Times: user=0.84 sys=0.03, real=0.08 secs] 
12167.770: [GC 12167.771: [ParNew: 351813K->26242K(353920K), 0.0832309 secs] 2698208K->2378971K(3106432K) icms_dc=13 , 0.0845995 secs] [Times: user=0.85 sys=0.07, real=0.09 secs] 
12168.574: [GC 12168.574: [ParNew: 340866K->27694K(353920K), 0.0874867 secs] 2691839K->2378667K(3106432K) icms_dc=13 , 0.0889491 secs] [Times: user=0.86 sys=0.02, real=0.09 secs] 
12169.376: [GC 12169.377: [ParNew: 342318K->29754K(353920K), 0.1052346 secs] 2689356K->2383062K(3106432K) icms_dc=13 , 0.1066049 secs] [Times: user=1.07 sys=0.12, real=0.11 secs] 
12170.258: [GC 12170.259: [ParNew: 345572K->29921K(353920K), 0.1099372 secs] 2685555K->2373417K(3106432K) icms_dc=13 , 0.1112954 secs] [Times: user=1.07 sys=0.13, real=0.11 secs] 
12170.404: [GC 12170.404: [ParNew: 30893K->24026K(353920K), 0.0471933 secs] 2374389K->2372928K(3106432K) icms_dc=13 , 0.0483921 secs] [Times: user=0.66 sys=0.01, real=0.05 secs] 
12171.139: [GC 12171.140: [ParNew: 338650K->25613K(353920K), 0.0523903 secs] 2674182K->2361145K(3106432K) icms_dc=13 , 0.0538073 secs] [Times: user=0.69 sys=0.03, real=0.05 secs] 
12171.979: [GC 12171.980: [ParNew: 340237K->34378K(353920K), 0.0734923 secs] 2658837K->2352979K(3106432K) icms_dc=13 , 0.0748926 secs] [Times: user=0.92 sys=0.06, real=0.08 secs] 
12172.961: [GC 12172.962: [ParNew: 349002K->29995K(353920K), 0.0786835 secs] 2648665K->2337805K(3106432K) icms_dc=13 , 0.0801343 secs] [Times: user=0.88 sys=0.01, real=0.08 secs] 
12173.819: [GC 12173.820: [ParNew: 344619K->29785K(353920K), 0.0629833 secs] 2641988K->2331920K(3106432K) icms_dc=13 , 0.0643602 secs] [Times: user=0.78 sys=0.02, real=0.06 secs] 
12174.770: [GC 12174.770: [ParNew: 344861K->35010K(353920K), 0.0757874 secs] 2597415K->2287564K(3106432K) icms_dc=13 , 0.0772189 secs] [Times: user=0.86 sys=0.06, real=0.08 secs] 
12174.882: [GC 12174.883: [ParNew: 35936K->24909K(353920K), 0.0532279 secs] 2288489K->2287428K(3106432K) icms_dc=13 , 0.0544453 secs] [Times: user=0.74 sys=0.01, real=0.06 secs] 
12175.823: [GC 12175.824: [ParNew: 339533K->24332K(353920K), 0.0520578 secs] 2570711K->2255510K(3106432K) icms_dc=13 , 0.0534848 secs] [Times: user=0.68 sys=0.03, real=0.05 secs] 
12176.392: [CMS-concurrent-sweep: 10.792/104.225 secs] [Times: user=2377.74 sys=70.05, real=104.23 secs] 
12176.393: [CMS-concurrent-reset-start]
12176.750: [GC 12176.751: [ParNew: 338956K->31172K(353920K), 0.0564026 secs] 2524618K->2216833K(3106432K) icms_dc=13 , 0.0579046 secs] [Times: user=0.74 sys=0.03, real=0.06 secs] 
12177.281: [CMS-concurrent-reset: 0.029/0.887 secs] [Times: user=20.08 sys=0.54, real=0.89 secs] 
12177.855: [GC 12177.856: [ParNew: 345796K->32788K(353920K), 0.1180075 secs] 2531457K->2225803K(3106432K) icms_dc=8 , 0.1194071 secs] [Times: user=0.90 sys=0.04, real=0.12 secs] 
12178.331: [GC [1 CMS-initial-mark: 2193014K(2752512K)] 2370718K(3106432K), 0.8310486 secs] [Times: user=0.83 sys=0.00, real=0.83 secs] 
12179.163: [CMS-concurrent-mark-start]
12179.575: [GC 12179.576: [ParNew: 347189K->33048K(353920K), 0.1013259 secs] 2540204K->2226063K(3106432K) icms_dc=10 , 0.1028120 secs] [Times: user=1.03 sys=0.08, real=0.10 secs] 
12180.884: [GC 12180.885: [ParNew: 347710K->32485K(353920K), 0.1426356 secs] 2540725K->2231855K(3106432K) icms_dc=10 , 0.1440787 secs] [Times: user=1.34 sys=0.19, real=0.14 secs] 
12181.930: [GC 12181.931: [ParNew: 347109K->28976K(353920K), 0.1233920 secs] 2546479K->2228347K(3106432K) icms_dc=10 , 0.1248147 secs] [Times: user=1.11 sys=0.18, real=0.13 secs] 
12182.916: [GC 12182.917: [ParNew: 343600K->30381K(353920K), 0.1396095 secs] 2542971K->2233274K(3106432K) icms_dc=10 , 0.1410971 secs] [Times: user=1.25 sys=0.14, real=0.14 secs] 
12184.090: [GC 12184.091: [ParNew: 345005K->32952K(353920K), 0.0746075 secs] 2547898K->2238783K(3106432K) icms_dc=10 , 0.0760707 secs] [Times: user=0.87 sys=0.02, real=0.08 secs] 
12184.934: [GC 12184.935: [ParNew: 347616K->32683K(353920K), 0.0829690 secs] 2553448K->2244652K(3106432K) icms_dc=15 , 0.0844493 secs] [Times: user=0.97 sys=0.05, real=0.09 secs] 
12185.052: [GC 12185.053: [ParNew: 33341K->25657K(353920K), 0.0537640 secs] 2245309K->2244549K(3106432K) icms_dc=20 , 0.0549655 secs] [Times: user=0.77 sys=0.03, real=0.06 secs] 
12185.892: [GC 12185.894: [ParNew: 340404K->32873K(353920K), 0.1114083 secs] 2559296K->2251766K(3106432K) icms_dc=20 , 0.1129630 secs] [Times: user=1.04 sys=0.11, real=0.11 secs] 
12186.041: [GC 12186.042: [ParNew: 33723K->26597K(353920K), 0.0582317 secs] 2252615K->2251351K(3106432K) icms_dc=20 , 0.0595166 secs] [Times: user=0.83 sys=0.02, real=0.06 secs] 
12186.931: [GC 12186.932: [ParNew: 341221K->32583K(353920K), 0.1041738 secs] 2565975K->2257337K(3106432K) icms_dc=20 , 0.1056096 secs] [Times: user=0.99 sys=0.04, real=0.11 secs] 
12187.838: [GC 12187.839: [ParNew: 347207K->38147K(353920K), 0.1508069 secs] 2571961K->2268535K(3106432K) icms_dc=20 , 0.1522277 secs] [Times: user=1.28 sys=0.08, real=0.15 secs] 
12188.834: [GC 12188.835: [ParNew: 352771K->39254K(353920K), 0.1137889 secs] 2583159K->2275137K(3106432K) icms_dc=21 , 0.1153239 secs] [Times: user=1.29 sys=0.14, real=0.12 secs] 
12189.781: [GC 12189.782: [ParNew: 353878K->30584K(353920K), 0.1378324 secs] 2589761K->2278218K(3106432K) icms_dc=33 , 0.1392586 secs] [Times: user=1.37 sys=0.21, real=0.14 secs] 
12190.845: [GC 12190.846: [ParNew: 344851K->36341K(353920K), 0.0478635 secs] 2592484K->2283974K(3106432K) icms_dc=33 , 0.0493076 secs] [Times: user=0.78 sys=0.01, real=0.05 secs] 
12191.749: [GC 12191.750: [ParNew: 350965K->25452K(353920K), 0.1343364 secs] 2598598K->2284756K(3106432K) icms_dc=34 , 0.1358142 secs] [Times: user=1.32 sys=0.18, real=0.14 secs] 
12192.633: [GC 12192.633: [ParNew: 340076K->25389K(353920K), 0.0500935 secs] 2599380K->2284693K(3106432K) icms_dc=34 , 0.0515335 secs] [Times: user=0.77 sys=0.02, real=0.05 secs] 
12193.564: [GC 12193.565: [ParNew: 340013K->30314K(353920K), 0.1322118 secs] 2599317K->2292817K(3106432K) icms_dc=34 , 0.1336024 secs] [Times: user=1.28 sys=0.23, real=0.13 secs] 
12194.611: [GC 12194.612: [ParNew: 344938K->33825K(353920K), 0.1421697 secs] 2607441K->2302689K(3106432K) icms_dc=34 , 0.1436575 secs] [Times: user=1.25 sys=0.14, real=0.14 secs] 
12195.676: [GC 12195.677: [ParNew: 348449K->25223K(353920K), 0.0856102 secs] 2617313K->2302264K(3106432K) icms_dc=34 , 0.0870796 secs] [Times: user=0.92 sys=0.02, real=0.09 secs] 
12196.639: [GC 12196.640: [ParNew: 339847K->27028K(353920K), 0.0626924 secs] 2616888K->2304069K(3106432K) icms_dc=34 , 0.0641103 secs] [Times: user=0.75 sys=0.03, real=0.06 secs] 
12197.529: [GC 12197.530: [ParNew: 341652K->28964K(353920K), 0.1097429 secs] 2618693K->2310041K(3106432K) icms_dc=34 , 0.1314505 secs] [Times: user=0.98 sys=0.07, real=0.13 secs] 
12198.487: [GC 12198.488: [ParNew: 343588K->28274K(353920K), 0.0551725 secs] 2624665K->2313425K(3106432K) icms_dc=34 , 0.0565644 secs] [Times: user=0.76 sys=0.01, real=0.06 secs] 
12199.493: [GC 12199.494: [ParNew: 342898K->24849K(353920K), 0.0612043 secs] 2628049K->2312940K(3106432K) icms_dc=34 , 0.0626189 secs] [Times: user=0.84 sys=0.01, real=0.06 secs] 
12200.394: [GC 12200.395: [ParNew: 339703K->34068K(353920K), 0.1072173 secs] 2627794K->2322159K(3106432K) icms_dc=34 , 0.1086008 secs] [Times: user=1.08 sys=0.12, real=0.11 secs] 
12200.537: [GC 12200.538: [ParNew: 34760K->17461K(353920K), 0.1882460 secs] 2322851K->2333249K(3106432K) icms_dc=34 , 0.1894586 secs] [Times: user=1.41 sys=0.24, real=0.19 secs] 
12201.570: [GC 12201.571: [ParNew: 332085K->22628K(353920K), 0.0652491 secs] 2647873K->2338415K(3106432K) icms_dc=34 , 0.0666996 secs] [Times: user=0.82 sys=0.04, real=0.07 secs] 
12202.477: [GC 12202.478: [ParNew: 337252K->24994K(353920K), 0.0925265 secs] 2653039K->2351176K(3106432K) icms_dc=34 , 0.0939370 secs] [Times: user=0.97 sys=0.02, real=0.09 secs] 
12203.465: [GC 12203.466: [ParNew: 339618K->25801K(353920K), 0.1359120 secs] 2665800K->2360197K(3106432K) icms_dc=34 , 0.1374366 secs] [Times: user=1.29 sys=0.19, real=0.14 secs] 
12204.500: [GC 12204.501: [ParNew: 340425K->34260K(353920K), 0.1087251 secs] 2674821K->2368656K(3106432K) icms_dc=34 , 0.1102167 secs] [Times: user=1.07 sys=0.15, real=0.11 secs] 
12205.481: [GC 12205.481: [ParNew: 348884K->28661K(353920K), 0.1637261 secs] 2683280K->2368477K(3106432K) icms_dc=34 , 0.1651653 secs] [Times: user=1.35 sys=0.23, real=0.17 secs] 
12206.549: [GC 12206.550: [ParNew: 343596K->29309K(353920K), 0.1736929 secs] 2683411K->2374467K(3106432K) icms_dc=34 , 0.1751359 secs] [Times: user=1.42 sys=0.25, real=0.18 secs] 
12206.759: [GC 12206.759: [ParNew: 30445K->29297K(353920K), 0.0685736 secs] 2375603K->2374455K(3106432K) icms_dc=34 , 0.0697419 secs] [Times: user=0.84 sys=0.09, real=0.07 secs] 
12207.606: [GC 12207.607: [ParNew: 343921K->37686K(353920K), 0.0717915 secs] 2689079K->2382845K(3106432K) icms_dc=34 , 0.0732861 secs] [Times: user=0.87 sys=0.04, real=0.07 secs] 
12208.472: [GC 12208.473: [ParNew: 352310K->34973K(353920K), 0.1269014 secs] 2697469K->2386144K(3106432K) icms_dc=34 , 0.1284185 secs] [Times: user=1.20 sys=0.10, real=0.13 secs] 
12209.460: [GC 12209.461: [ParNew: 349597K->35576K(353920K), 0.1145231 secs] 2700768K->2393088K(3106432K) icms_dc=34 , 0.1160084 secs] [Times: user=1.03 sys=0.05, real=0.12 secs] 
12210.511: [GC 12210.511: [ParNew: 350236K->35047K(353920K), 0.0607060 secs] 2707749K->2396045K(3106432K) icms_dc=34 , 0.0621819 secs] [Times: user=0.86 sys=0.02, real=0.06 secs] 
12210.607: [GC 12210.608: [ParNew: 35350K->28111K(353920K), 0.0535181 secs] 2396349K->2394233K(3106432K) icms_dc=34 , 0.0547501 secs] [Times: user=0.78 sys=0.04, real=0.06 secs] 
12211.704: [GC 12211.705: [ParNew: 342735K->35504K(353920K), 0.2569468 secs] 2708857K->2401626K(3106432K) icms_dc=34 , 0.2584181 secs] [Times: user=1.87 sys=0.48, real=0.26 secs] 
12212.507: [CMS-concurrent-mark: 8.466/33.344 secs] [Times: user=781.63 sys=22.54, real=33.34 secs] 
12212.509: [CMS-concurrent-preclean-start]
12212.890: [GC 12212.891: [ParNew: 351015K->35614K(353920K), 0.1420027 secs] 2717137K->2406724K(3106432K) icms_dc=34 , 0.1434911 secs] [Times: user=1.42 sys=0.18, real=0.14 secs] 
12213.068: [GC 12213.068: [ParNew: 35984K->29943K(353920K), 0.0575265 secs] 2407094K->2407074K(3106432K) icms_dc=34 , 0.0587597 secs] [Times: user=0.74 sys=0.03, real=0.06 secs] 
12214.001: [GC 12214.001: [ParNew: 344567K->30592K(353920K), 0.0733251 secs] 2721698K->2407723K(3106432K) icms_dc=34 , 0.0747644 secs] [Times: user=0.84 sys=0.04, real=0.08 secs] 
12214.976: [GC 12214.977: [ParNew: 345216K->38450K(353920K), 0.1175035 secs] 2722347K->2418800K(3106432K) icms_dc=34 , 0.1189695 secs] [Times: user=1.05 sys=0.08, real=0.12 secs] 
12215.924: [GC 12215.925: [ParNew: 353074K->28977K(353920K), 0.0599989 secs] 2733424K->2414830K(3106432K) icms_dc=34 , 0.0615079 secs] [Times: user=0.87 sys=0.03, real=0.06 secs] 
12216.848: [GC 12216.849: [ParNew: 343601K->31259K(353920K), 0.0680818 secs] 2729454K->2421604K(3106432K) icms_dc=34 , 0.0695629 secs] [Times: user=0.88 sys=0.03, real=0.07 secs] 
12217.892: [GC 12217.893: [ParNew: 345883K->34297K(353920K), 0.0882554 secs] 2736228K->2428020K(3106432K) icms_dc=34 , 0.0897782 secs] [Times: user=0.87 sys=0.02, real=0.09 secs] 
12218.864: [GC 12218.865: [ParNew: 348921K->33072K(353920K), 0.0827098 secs] 2742644K->2431040K(3106432K) icms_dc=34 , 0.0841745 secs] [Times: user=0.95 sys=0.03, real=0.08 secs] 
12219.799: [GC 12219.800: [ParNew: 347696K->33787K(353920K), 0.0792976 secs] 2745664K->2435490K(3106432K) icms_dc=34 , 0.0807652 secs] [Times: user=1.04 sys=0.04, real=0.08 secs] 
12220.715: [GC 12220.716: [ParNew: 348411K->34855K(353920K), 0.2301611 secs] 2750114K->2440276K(3106432K) icms_dc=34 , 0.2316689 secs] [Times: user=1.71 sys=0.38, real=0.23 secs] 
12221.879: [GC 12221.880: [ParNew: 349479K->28424K(353920K), 0.0632116 secs] 2754900K->2438391K(3106432K) icms_dc=34 , 0.0646898 secs] [Times: user=0.90 sys=0.02, real=0.07 secs] 
12222.929: [GC 12222.930: [ParNew: 343255K->32083K(353920K), 0.0880011 secs] 2753223K->2445493K(3106432K) icms_dc=34 , 0.0894650 secs] [Times: user=1.04 sys=0.09, real=0.09 secs] 
12223.895: [GC 12223.896: [ParNew: 346707K->33147K(353920K), 0.0841562 secs] 2760117K->2450146K(3106432K) icms_dc=34 , 0.0856355 secs] [Times: user=0.88 sys=0.01, real=0.09 secs] 
12225.127: [GC 12225.128: [ParNew: 348075K->35346K(353920K), 0.1174542 secs] 2765075K->2457607K(3106432K) icms_dc=34 , 0.1190187 secs] [Times: user=1.01 sys=0.05, real=0.12 secs] 
12226.162: [GC 12226.163: [ParNew: 349970K->31497K(353920K), 0.1203174 secs] 2772231K->2458547K(3106432K) icms_dc=34 , 0.1218097 secs] [Times: user=1.26 sys=0.14, real=0.12 secs] 
12227.145: [GC 12227.146: [ParNew: 346188K->33782K(353920K), 0.1213114 secs] 2773238K->2464908K(3106432K) icms_dc=34 , 0.1229619 secs] [Times: user=1.09 sys=0.10, real=0.12 secs] 
12227.305: [GC 12227.306: [ParNew: 34663K->20159K(353920K), 0.1102071 secs] 2465788K->2457639K(3106432K) icms_dc=34 , 0.1114510 secs] [Times: user=1.09 sys=0.14, real=0.11 secs] 
12228.402: [GC 12228.403: [ParNew: 334783K->31383K(353920K), 0.0527812 secs] 2772263K->2468863K(3106432K) icms_dc=34 , 0.0543630 secs] [Times: user=0.78 sys=0.02, real=0.06 secs] 
12229.395: [GC 12229.396: [ParNew: 346007K->34655K(353920K), 0.0662717 secs] 2783487K->2476698K(3106432K) icms_dc=34 , 0.0677572 secs] [Times: user=0.86 sys=0.02, real=0.07 secs] 
12230.244: [GC 12230.245: [ParNew: 349279K->35654K(353920K), 0.0657929 secs] 2791322K->2484309K(3106432K) icms_dc=34 , 0.0672768 secs] [Times: user=0.91 sys=0.01, real=0.07 secs] 
12231.099: [GC 12231.100: [ParNew: 350278K->34688K(353920K), 0.0720635 secs] 2798933K->2486527K(3106432K) icms_dc=34 , 0.0736065 secs] [Times: user=0.92 sys=0.01, real=0.07 secs] 
12232.260: [GC 12232.261: [ParNew: 349312K->38739K(353920K), 0.1147989 secs] 2801151K->2495936K(3106432K) icms_dc=34 , 0.1163509 secs] [Times: user=1.10 sys=0.03, real=0.12 secs] 
12233.251: [GC 12233.252: [ParNew: 353363K->39295K(353920K), 0.0772732 secs] 2810560K->2501478K(3106432K) icms_dc=34 , 0.0788280 secs] [Times: user=1.04 sys=0.02, real=0.08 secs] 
12234.157: [GC 12234.158: [ParNew: 353919K->35852K(353920K), 0.1115100 secs] 2816102K->2504092K(3106432K) icms_dc=34 , 0.1130089 secs] [Times: user=1.19 sys=0.08, real=0.11 secs] 
12235.198: [GC 12235.199: [ParNew: 350476K->37545K(353920K), 0.0814079 secs] 2818716K->2511649K(3106432K) icms_dc=34 , 0.0829082 secs] [Times: user=1.00 sys=0.02, real=0.08 secs] 
12236.240: [GC 12236.241: [ParNew: 352283K->37989K(353920K), 0.0802134 secs] 2826386K->2517283K(3106432K) icms_dc=34 , 0.0817714 secs] [Times: user=0.95 sys=0.02, real=0.08 secs] 
12236.357: [GC 12236.357: [ParNew: 38271K->31005K(353920K), 0.0585309 secs] 2517565K->2517204K(3106432K) icms_dc=34 , 0.0597561 secs] [Times: user=0.79 sys=0.03, real=0.06 secs] 
12237.471: [GC 12237.472: [ParNew: 345629K->27085K(353920K), 0.0899994 secs] 2831828K->2513284K(3106432K) icms_dc=34 , 0.0915032 secs] [Times: user=0.88 sys=0.04, real=0.09 secs] 
12238.146: [CMS-concurrent-preclean: 6.526/25.637 secs] [Times: user=585.76 sys=18.65, real=25.64 secs] 
12238.147: [CMS-concurrent-abortable-preclean-start]
12238.520: [GC 12238.521: [ParNew: 341709K->29833K(353920K), 0.0790973 secs] 2827908K->2520068K(3106432K) icms_dc=34 , 0.0806648 secs] [Times: user=0.93 sys=0.02, real=0.08 secs] 
12239.553: [GC 12239.554: [ParNew: 344457K->33537K(353920K), 0.1050960 secs] 2834692K->2528201K(3106432K) icms_dc=34 , 0.1065846 secs] [Times: user=0.93 sys=0.02, real=0.11 secs] 
12240.194: [CMS-concurrent-abortable-preclean: 0.552/2.047 secs] [Times: user=45.11 sys=1.58, real=2.05 secs] 
12240.229: [GC[YG occupancy: 222638 K (353920 K)]12240.229: [Rescan (parallel) , 0.4674437 secs]12240.697: [weak refs processing, 0.0429694 secs] [1 CMS-remark: 2494664K(2752512K)] 2717302K(3106432K), 0.5128805 secs] [Times: user=4.00 sys=0.99, real=0.51 secs] 
12240.743: [CMS-concurrent-sweep-start]
12241.132: [GC 12241.133: [ParNew: 348161K->33486K(353920K), 0.1198614 secs] 2842811K->2532451K(3106432K) icms_dc=34 , 0.1213744 secs] [Times: user=1.12 sys=0.09, real=0.12 secs] 
12242.069: [GC 12242.070: [ParNew: 348110K->31953K(353920K), 0.0736193 secs] 2847007K->2534615K(3106432K) icms_dc=34 , 0.0751470 secs] [Times: user=0.92 sys=0.02, real=0.08 secs] 
12243.065: [GC 12243.066: [ParNew: 346577K->36472K(353920K), 0.1111866 secs] 2849151K->2543926K(3106432K) icms_dc=34 , 0.1127766 secs] [Times: user=1.15 sys=0.09, real=0.11 secs] 
12244.131: [GC 12244.132: [ParNew: 351096K->29111K(353920K), 0.0776879 secs] 2858085K->2541685K(3106432K) icms_dc=34 , 0.0791939 secs] [Times: user=0.95 sys=0.02, real=0.08 secs] 
12245.121: [GC 12245.122: [ParNew: 343664K->36348K(353920K), 0.0754309 secs] 2855421K->2552713K(3106432K) icms_dc=34 , 0.0769527 secs] [Times: user=1.02 sys=0.02, real=0.08 secs] 
12246.043: [GC 12246.044: [ParNew: 351421K->35368K(353920K), 0.0925256 secs] 2866732K->2556095K(3106432K) icms_dc=34 , 0.0940804 secs] [Times: user=0.98 sys=0.01, real=0.09 secs] 
12246.171: [GC 12246.172: [ParNew: 35689K->28226K(353920K), 0.0768296 secs] 2556415K->2556882K(3106432K) icms_dc=34 , 0.0780271 secs] [Times: user=0.86 sys=0.02, real=0.08 secs] 
12247.045: [GC 12247.046: [ParNew: 342850K->33765K(353920K), 0.0573678 secs] 2869752K->2560667K(3106432K) icms_dc=34 , 0.0589090 secs] [Times: user=0.88 sys=0.02, real=0.06 secs] 
12247.896: [GC 12247.897: [ParNew: 348389K->38574K(353920K), 0.0724808 secs] 2872041K->2567885K(3106432K) icms_dc=34 , 0.0741363 secs] [Times: user=1.01 sys=0.02, real=0.07 secs] 
12248.797: [GC 12248.798: [ParNew: 353466K->37973K(353920K), 0.1189194 secs] 2880212K->2572822K(3106432K) icms_dc=34 , 0.1203825 secs] [Times: user=1.26 sys=0.09, real=0.12 secs] 
12248.951: [GC 12248.952: [ParNew: 38270K->28652K(353920K), 0.0588860 secs] 2573118K->2570903K(3106432K) icms_dc=34 , 0.0600806 secs] [Times: user=0.86 sys=0.04, real=0.06 secs] 
12249.893: [GC 12249.894: [ParNew: 343542K->39296K(353920K), 0.0710921 secs] 2882944K->2579269K(3106432K) icms_dc=34 , 0.0725986 secs] [Times: user=0.92 sys=0.03, real=0.07 secs] 
12250.758: [GC 12250.759: [ParNew: 353920K->30245K(353920K), 0.1088070 secs] 2893637K->2586272K(3106432K) icms_dc=45 , 0.1104140 secs] [Times: user=1.29 sys=0.06, real=0.11 secs] 
12250.903: [GC 12250.904: [ParNew: 31197K->25794K(353920K), 0.0480743 secs] 2587224K->2581821K(3106432K) icms_dc=56 , 0.0493047 secs] [Times: user=0.74 sys=0.03, real=0.05 secs] 
12251.753: [GC 12251.754: [ParNew: 340418K->36027K(353920K), 0.0928446 secs] 2890996K->2586605K(3106432K) icms_dc=56 , 0.0944467 secs] [Times: user=1.04 sys=0.06, real=0.10 secs] 
12252.667: [GC 12252.668: [ParNew: 350688K->39041K(353920K), 0.1313495 secs] 2893953K->2589285K(3106432K) icms_dc=56 , 0.1328489 secs] [Times: user=1.36 sys=0.08, real=0.13 secs] 
12252.834: [GC 12252.834: [ParNew: 39213K->33115K(353920K), 0.1031294 secs] 2589457K->2591372K(3106432K) icms_dc=56 , 0.1043231 secs] [Times: user=1.03 sys=0.11, real=0.10 secs] 
12253.723: [GC 12253.724: [ParNew: 347670K->34146K(353920K), 0.1259074 secs] 2898945K->2585421K(3106432K) icms_dc=56 , 0.1274306 secs] [Times: user=1.34 sys=0.20, real=0.13 secs] 
12254.737: [GC 12254.738: [ParNew: 349869K->39296K(353920K), 0.1107502 secs] 2893918K->2592290K(3106432K) icms_dc=56 , 0.1122828 secs] [Times: user=1.13 sys=0.08, real=0.11 secs] 
12254.884: [GC 12254.885: [ParNew: 39539K->16036K(353920K), 0.0791519 secs] 2592533K->2599183K(3106432K) icms_dc=56 , 0.0804051 secs] [Times: user=0.96 sys=0.03, real=0.08 secs] 
12255.949: [GC 12255.950: [ParNew: 330855K->25077K(353920K), 0.0483113 secs] 2907698K->2601920K(3106432K) icms_dc=56 , 0.0499216 secs] [Times: user=0.80 sys=0.02, real=0.05 secs] 
12256.963: [GC 12256.964: [ParNew: 339701K->27832K(353920K), 0.1508884 secs] 2901570K->2601437K(3106432K) icms_dc=56 , 0.1524074 secs] [Times: user=1.41 sys=0.22, real=0.15 secs] 
12258.049: [GC 12258.050: [ParNew: 342456K->25004K(353920K), 0.0662597 secs] 2903807K->2592951K(3106432K) icms_dc=56 , 0.0678359 secs] [Times: user=0.92 sys=0.02, real=0.07 secs] 
12258.879: [GC 12258.880: [ParNew: 339628K->34342K(353920K), 0.1041384 secs] 2902400K->2597115K(3106432K) icms_dc=56 , 0.1056023 secs] [Times: user=1.08 sys=0.11, real=0.11 secs] 
12259.933: [GC 12259.934: [ParNew: 349022K->36600K(353920K), 0.0705500 secs] 2911082K->2604507K(3106432K) icms_dc=56 , 0.0720690 secs] [Times: user=0.96 sys=0.02, real=0.07 secs] 
12260.041: [GC 12260.042: [ParNew: 37072K->24668K(353920K), 0.0563168 secs] 2604979K->2600003K(3106432K) icms_dc=56 , 0.0575273 secs] [Times: user=0.82 sys=0.02, real=0.06 secs] 
12260.998: [GC 12260.999: [ParNew: 339407K->36258K(353920K), 0.0616561 secs] 2913566K->2610417K(3106432K) icms_dc=56 , 0.0632234 secs] [Times: user=0.81 sys=0.02, real=0.06 secs] 
12261.096: [GC 12261.097: [ParNew: 36558K->30448K(353920K), 0.0588341 secs] 2610717K->2611665K(3106432K) icms_dc=56 , 0.0600655 secs] [Times: user=0.81 sys=0.02, real=0.06 secs] 
12261.912: [GC 12261.913: [ParNew: 345072K->38638K(353920K), 0.0580942 secs] 2925403K->2618970K(3106432K) icms_dc=56 , 0.0595766 secs] [Times: user=0.90 sys=0.03, real=0.06 secs] 
12262.786: [GC 12262.787: [ParNew: 353262K->39296K(353920K), 0.0734245 secs] 2930982K->2623847K(3106432K) icms_dc=56 , 0.0750726 secs] [Times: user=1.02 sys=0.02, real=0.08 secs] 
12263.574: [GC 12263.575: [ParNew: 353891K->32090K(353920K), 0.1018242 secs] 2934287K->2626655K(3106432K) icms_dc=56 , 0.1034068 secs] [Times: user=1.20 sys=0.05, real=0.10 secs] 
12264.381: [GC 12264.382: [ParNew: 346714K->35588K(353920K), 0.1574515 secs] 2937248K->2626122K(3106432K) icms_dc=56 , 0.1589364 secs] [Times: user=1.21 sys=0.17, real=0.16 secs] 
12265.349: [GC 12265.350: [ParNew: 350212K->39296K(353920K), 0.1232519 secs] 2934978K->2631809K(3106432K) icms_dc=56 , 0.1247515 secs] [Times: user=1.22 sys=0.03, real=0.13 secs] 
12266.279: [GC 12266.280: [ParNew: 353790K->39296K(353920K), 0.0823344 secs] 2933782K->2627207K(3106432K) icms_dc=56 , 0.0839270 secs] [Times: user=1.10 sys=0.05, real=0.08 secs] 
12267.124: [GC 12267.125: [ParNew: 353920K->30172K(353920K), 0.1482737 secs] 2928845K->2619703K(3106432K) icms_dc=56 , 0.1498443 secs] [Times: user=1.47 sys=0.16, real=0.15 secs] 
12268.078: [GC 12268.079: [ParNew: 344931K->38634K(353920K), 0.0931260 secs] 2919741K->2613444K(3106432K) icms_dc=56 , 0.0947160 secs] [Times: user=1.11 sys=0.10, real=0.10 secs] 
12268.208: [GC 12268.208: [ParNew: 39029K->10656K(353920K), 0.0814300 secs] 2613839K->2617511K(3106432K) icms_dc=56 , 0.0826238 secs] [Times: user=0.97 sys=0.02, real=0.08 secs] 
12269.077: [GC 12269.078: [ParNew: 325280K->29308K(353920K), 0.0616351 secs] 2904980K->2609009K(3106432K) icms_dc=56 , 0.0631019 secs] [Times: user=0.74 sys=0.01, real=0.06 secs] 
12270.006: [GC 12270.007: [ParNew: 343932K->19808K(353920K), 0.0703238 secs] 2887372K->2574559K(3106432K) icms_dc=56 , 0.0718383 secs] [Times: user=0.86 sys=0.03, real=0.07 secs] 
12270.880: [GC 12270.881: [ParNew: 334432K->29549K(353920K), 0.1080755 secs] 2851555K->2546673K(3106432K) icms_dc=56 , 0.1192643 secs] [Times: user=1.06 sys=0.16, real=0.12 secs] 
12271.774: [GC 12271.775: [ParNew: 344860K->31263K(353920K), 0.1552159 secs] 2818317K->2510593K(3106432K) icms_dc=56 , 0.1566916 secs] [Times: user=1.31 sys=0.19, real=0.16 secs] 
12271.965: [GC 12271.966: [ParNew: 31725K->26356K(353920K), 0.0574155 secs] 2511056K->2512210K(3106432K) icms_dc=56 , 0.0586321 secs] [Times: user=0.80 sys=0.03, real=0.06 secs] 
12272.763: [GC 12272.764: [ParNew: 340980K->29758K(353920K), 0.0703023 secs] 2791831K->2480610K(3106432K) icms_dc=56 , 0.0717986 secs] [Times: user=0.85 sys=0.05, real=0.07 secs] 
12273.653: [GC 12273.654: [ParNew: 344382K->32567K(353920K), 0.1258309 secs] 2748460K->2441514K(3106432K) icms_dc=56 , 0.1273064 secs] [Times: user=1.20 sys=0.14, real=0.13 secs] 
12274.453: [GC 12274.454: [ParNew: 347191K->35206K(353920K), 0.1316033 secs] 2730129K->2423958K(3106432K) icms_dc=56 , 0.1331658 secs] [Times: user=1.27 sys=0.17, real=0.13 secs] 
12275.429: [GC 12275.430: [ParNew: 351230K->38238K(353920K), 0.1324394 secs] 2691805K->2384935K(3106432K) icms_dc=56 , 0.1339186 secs] [Times: user=1.25 sys=0.10, real=0.13 secs] 
12275.597: [GC 12275.598: [ParNew: 38468K->6784K(353920K), 0.0991768 secs] 2385165K->2381493K(3106432K) icms_dc=56 , 0.1004255 secs] [Times: user=0.90 sys=0.02, real=0.10 secs] 
12276.444: [GC 12276.445: [ParNew: 321408K->27514K(353920K), 0.0703174 secs] 2679598K->2385704K(3106432K) icms_dc=56 , 0.0718203 secs] [Times: user=0.87 sys=0.01, real=0.07 secs] 
12277.282: [GC 12277.283: [ParNew: 342237K->25346K(353920K), 0.1051139 secs] 2688021K->2384493K(3106432K) icms_dc=56 , 0.1066107 secs] [Times: user=1.18 sys=0.08, real=0.11 secs] 
12277.423: [GC 12277.424: [ParNew: 25878K->23725K(353920K), 0.0441350 secs] 2385025K->2382871K(3106432K) icms_dc=56 , 0.0453512 secs] [Times: user=0.70 sys=0.03, real=0.05 secs] 
12278.246: [GC 12278.247: [ParNew: 338349K->35852K(353920K), 0.0645391 secs] 2632461K->2329964K(3106432K) icms_dc=56 , 0.0660360 secs] [Times: user=0.95 sys=0.03, real=0.07 secs] 
12278.610: [CMS-concurrent-sweep: 15.389/37.867 secs] [Times: user=910.32 sys=27.37, real=37.87 secs] 
12278.611: [CMS-concurrent-reset-start]
12278.639: [CMS-concurrent-reset: 0.028/0.028 secs] [Times: user=0.92 sys=0.02, real=0.03 secs] 
12279.165: [GC 12279.166: [ParNew: 350476K->33990K(353920K), 0.1232013 secs] 2565753K->2256755K(3106432K) icms_dc=42 , 0.1247148 secs] [Times: user=1.31 sys=0.13, real=0.13 secs] 
12279.513: [GC [1 CMS-initial-mark: 2222765K(2752512K)] 2348271K(3106432K), 0.6109909 secs] [Times: user=0.61 sys=0.00, real=0.61 secs] 
12280.125: [CMS-concurrent-mark-start]
12280.695: [GC 12280.696: [ParNew: 348614K->39296K(353920K), 0.1373078 secs] 2571379K->2269280K(3106432K) icms_dc=42 , 0.1388443 secs] [Times: user=1.37 sys=0.16, real=0.14 secs] 
12281.692: [GC 12281.693: [ParNew: 353920K->26865K(353920K), 0.1479760 secs] 2583955K->2271634K(3106432K) icms_dc=42 , 0.1494973 secs] [Times: user=1.31 sys=0.14, real=0.15 secs] 
12282.654: [GC 12282.655: [ParNew: 341534K->30482K(353920K), 0.1229422 secs] 2586304K->2275252K(3106432K) icms_dc=42 , 0.1244449 secs] [Times: user=0.88 sys=0.05, real=0.13 secs] 
12282.812: [GC 12282.812: [ParNew: 30875K->26405K(353920K), 0.1051400 secs] 2275644K->2277683K(3106432K) icms_dc=42 , 0.1063493 secs] [Times: user=1.09 sys=0.14, real=0.11 secs] 
12283.728: [GC 12283.729: [ParNew: 341029K->33794K(353920K), 0.1415596 secs] 2592307K->2285073K(3106432K) icms_dc=42 , 0.1430741 secs] [Times: user=1.23 sys=0.14, real=0.14 secs] 
12284.702: [GC 12284.703: [ParNew: 348418K->38065K(353920K), 0.1960894 secs] 2599697K->2296043K(3106432K) icms_dc=42 , 0.1975904 secs] [Times: user=1.59 sys=0.31, real=0.20 secs] 
12285.695: [GC 12285.696: [ParNew: 352689K->39188K(353920K), 0.1611271 secs] 2610667K->2303401K(3106432K) icms_dc=42 , 0.1626917 secs] [Times: user=1.28 sys=0.10, real=0.16 secs] 
12286.689: [GC 12286.690: [ParNew: 353812K->32253K(353920K), 0.1273042 secs] 2618025K->2301190K(3106432K) icms_dc=42 , 0.1288278 secs] [Times: user=1.25 sys=0.15, real=0.13 secs] 
12287.546: [GC 12287.547: [ParNew: 346876K->34000K(353920K), 0.0762739 secs] 2615813K->2309753K(3106432K) icms_dc=42 , 0.0778044 secs] [Times: user=0.95 sys=0.02, real=0.08 secs] 
12288.451: [GC 12288.452: [ParNew: 349015K->37910K(353920K), 0.0847334 secs] 2624768K->2319352K(3106432K) icms_dc=42 , 0.0862030 secs] [Times: user=1.00 sys=0.03, real=0.09 secs] 
12288.572: [GC 12288.573: [ParNew: 38425K->31384K(353920K), 0.0666491 secs] 2319867K->2320074K(3106432K) icms_dc=44 , 0.0678374 secs] [Times: user=0.74 sys=0.01, real=0.07 secs] 
12289.552: [GC 12289.553: [ParNew: 346114K->37299K(353920K), 0.1757844 secs] 2634804K->2325989K(3106432K) icms_dc=44 , 0.1772825 secs] [Times: user=1.29 sys=0.16, real=0.18 secs] 
12289.763: [GC 12289.764: [ParNew: 38051K->15627K(353920K), 0.0905146 secs] 2326741K->2336221K(3106432K) icms_dc=44 , 0.0917379 secs] [Times: user=0.91 sys=0.03, real=0.09 secs] 
12290.712: [GC 12290.713: [ParNew: 330251K->23611K(353920K), 0.1218135 secs] 2650845K->2344205K(3106432K) icms_dc=44 , 0.1233420 secs] [Times: user=1.07 sys=0.16, real=0.12 secs] 
12291.776: [GC 12291.777: [ParNew: 338235K->23735K(353920K), 0.0790016 secs] 2658829K->2356724K(3106432K) icms_dc=44 , 0.0805872 secs] [Times: user=0.95 sys=0.03, real=0.08 secs] 
12292.867: [GC 12292.868: [ParNew: 338359K->38840K(353920K), 0.0698462 secs] 2671348K->2371829K(3106432K) icms_dc=44 , 0.0713516 secs] [Times: user=0.83 sys=0.02, real=0.07 secs] 
12293.822: [GC 12293.823: [ParNew: 353556K->26083K(353920K), 0.0839878 secs] 2686545K->2374415K(3106432K) icms_dc=50 , 0.0854693 secs] [Times: user=1.07 sys=0.02, real=0.09 secs] 
12293.943: [GC 12293.943: [ParNew: 26926K->20836K(353920K), 0.0845933 secs] 2375258K->2369168K(3106432K) icms_dc=63 , 0.0857770 secs] [Times: user=0.85 sys=0.13, real=0.09 secs] 
12294.783: [GC 12294.784: [ParNew: 335460K->28549K(353920K), 0.0712542 secs] 2683792K->2376880K(3106432K) icms_dc=63 , 0.0727940 secs] [Times: user=0.87 sys=0.02, real=0.07 secs] 
12295.647: [GC 12295.648: [ParNew: 343173K->32590K(353920K), 0.0599404 secs] 2691504K->2385311K(3106432K) icms_dc=63 , 0.0614298 secs] [Times: user=0.89 sys=0.02, real=0.06 secs] 
12296.606: [GC 12296.607: [ParNew: 347214K->39147K(353920K), 0.0773885 secs] 2699935K->2397154K(3106432K) icms_dc=63 , 0.0790069 secs] [Times: user=0.90 sys=0.01, real=0.08 secs] 
12297.549: [GC 12297.550: [ParNew: 353827K->32010K(353920K), 0.2276531 secs] 2711834K->2401904K(3106432K) icms_dc=63 , 0.2291531 secs] [Times: user=1.76 sys=0.27, real=0.23 secs] 
12297.813: [GC 12297.814: [ParNew: 32704K->24634K(353920K), 0.1139017 secs] 2402598K->2394529K(3106432K) icms_dc=63 , 0.1150646 secs] [Times: user=0.97 sys=0.14, real=0.12 secs] 
12298.688: [GC 12298.689: [ParNew: 339258K->35673K(353920K), 0.0891447 secs] 2709153K->2405568K(3106432K) icms_dc=63 , 0.0906608 secs] [Times: user=1.01 sys=0.06, real=0.09 secs] 
12299.533: [GC 12299.534: [ParNew: 350297K->27454K(353920K), 0.0955497 secs] 2720192K->2411479K(3106432K) icms_dc=63 , 0.0970725 secs] [Times: user=1.11 sys=0.01, real=0.10 secs] 
12300.526: [GC 12300.527: [ParNew: 341989K->33638K(353920K), 0.1042087 secs] 2726014K->2417663K(3106432K) icms_dc=63 , 0.1057779 secs] [Times: user=1.17 sys=0.10, real=0.11 secs] 
12301.406: [GC 12301.407: [ParNew: 348262K->27687K(353920K), 0.1458753 secs] 2732287K->2427742K(3106432K) icms_dc=63 , 0.1473722 secs] [Times: user=1.34 sys=0.15, real=0.15 secs] 
12302.354: [GC 12302.355: [ParNew: 342311K->32275K(353920K), 0.0554574 secs] 2742366K->2432330K(3106432K) icms_dc=63 , 0.0569685 secs] [Times: user=0.84 sys=0.01, real=0.06 secs] 
12303.394: [GC 12303.395: [ParNew: 346899K->36618K(353920K), 0.0732571 secs] 2746954K->2443726K(3106432K) icms_dc=63 , 0.0747884 secs] [Times: user=0.98 sys=0.02, real=0.08 secs] 
12304.361: [GC 12304.362: [ParNew: 351493K->33549K(353920K), 0.0917066 secs] 2758601K->2447066K(3106432K) icms_dc=63 , 0.0932333 secs] [Times: user=1.02 sys=0.02, real=0.09 secs] 
12304.489: [GC 12304.490: [ParNew: 34320K->28377K(353920K), 0.0736948 secs] 2447836K->2448902K(3106432K) icms_dc=63 , 0.0749219 secs] [Times: user=0.79 sys=0.01, real=0.09 secs] 
12304.765: [CMS-concurrent-mark: 11.122/24.640 secs] [Times: user=598.17 sys=18.02, real=24.64 secs] 
12304.766: [CMS-concurrent-preclean-start]
12305.391: [GC 12305.392: [ParNew: 343001K->31459K(353920K), 0.1492872 secs] 2763526K->2451984K(3106432K) icms_dc=63 , 0.1507928 secs] [Times: user=1.25 sys=0.24, real=0.15 secs] 
12306.351: [GC 12306.352: [ParNew: 346083K->33178K(353920K), 0.1182549 secs] 2766608K->2458207K(3106432K) icms_dc=63 , 0.1197680 secs] [Times: user=1.10 sys=0.10, real=0.12 secs] 
12307.319: [GC 12307.320: [ParNew: 347802K->32803K(353920K), 0.0686326 secs] 2772831K->2463859K(3106432K) icms_dc=63 , 0.0701468 secs] [Times: user=0.92 sys=0.02, real=0.07 secs] 
12308.257: [GC 12308.258: [ParNew: 347679K->30819K(353920K), 0.0728709 secs] 2778736K->2466280K(3106432K) icms_dc=63 , 0.0743500 secs] [Times: user=0.92 sys=0.02, real=0.07 secs] 
12308.367: [GC 12308.367: [ParNew: 31744K->26175K(353920K), 0.1023706 secs] 2467205K->2468949K(3106432K) icms_dc=63 , 0.1036317 secs] [Times: user=0.99 sys=0.12, real=0.10 secs] 
12309.208: [GC 12309.209: [ParNew: 340799K->30141K(353920K), 0.0629455 secs] 2783573K->2472914K(3106432K) icms_dc=63 , 0.0644806 secs] [Times: user=0.92 sys=0.04, real=0.07 secs] 
12310.108: [GC 12310.109: [ParNew: 344765K->38149K(353920K), 0.0954991 secs] 2787538K->2486778K(3106432K) icms_dc=63 , 0.0970180 secs] [Times: user=0.97 sys=0.01, real=0.10 secs] 
12311.008: [GC 12311.009: [ParNew: 352773K->39214K(353920K), 0.0807024 secs] 2801402K->2495339K(3106432K) icms_dc=63 , 0.0821800 secs] [Times: user=0.99 sys=0.02, real=0.08 secs] 
12312.057: [GC 12312.058: [ParNew: 353512K->37155K(353920K), 0.1052455 secs] 2809637K->2498598K(3106432K) icms_dc=63 , 0.1067738 secs] [Times: user=0.99 sys=0.03, real=0.11 secs] 
12312.937: [GC 12312.938: [ParNew: 352370K->35401K(353920K), 0.0912674 secs] 2813814K->2503230K(3106432K) icms_dc=63 , 0.0927537 secs] [Times: user=1.08 sys=0.07, real=0.09 secs] 
12313.064: [GC 12313.065: [ParNew: 36033K->25273K(353920K), 0.0574168 secs] 2503861K->2500624K(3106432K) icms_dc=63 , 0.0586269 secs] [Times: user=0.83 sys=0.03, real=0.06 secs] 
12314.072: [GC 12314.073: [ParNew: 340135K->36390K(353920K), 0.0576655 secs] 2815486K->2511741K(3106432K) icms_dc=63 , 0.0591455 secs] [Times: user=0.82 sys=0.01, real=0.06 secs] 
12314.166: [GC 12314.167: [ParNew: 36987K->21139K(353920K), 0.0846563 secs] 2512339K->2524765K(3106432K) icms_dc=63 , 0.0858866 secs] [Times: user=0.99 sys=0.02, real=0.09 secs] 
12315.978: [GC 12315.979: [ParNew: 335763K->26628K(353920K), 0.0787618 secs] 2839389K->2530255K(3106432K) icms_dc=63 , 0.0803009 secs] [Times: user=0.90 sys=0.03, real=0.08 secs] 
12316.847: [GC 12316.848: [ParNew: 341252K->23480K(353920K), 0.0896847 secs] 2844879K->2539167K(3106432K) icms_dc=63 , 0.0912083 secs] [Times: user=1.05 sys=0.03, real=0.09 secs] 
12317.932: [GC 12317.933: [ParNew: 338104K->29801K(353920K), 0.0581676 secs] 2853791K->2545489K(3106432K) icms_dc=63 , 0.0596862 secs] [Times: user=0.80 sys=0.03, real=0.06 secs] 
12318.798: [GC 12318.799: [ParNew: 344425K->34010K(353920K), 0.0791759 secs] 2860113K->2555116K(3106432K) icms_dc=63 , 0.0806594 secs] [Times: user=1.04 sys=0.06, real=0.08 secs] 
12319.662: [GC 12319.663: [ParNew: 348634K->33467K(353920K), 0.0824477 secs] 2869740K->2561814K(3106432K) icms_dc=63 , 0.0839443 secs] [Times: user=1.13 sys=0.04, real=0.08 secs] 
12320.641: [GC 12320.642: [ParNew: 348145K->33020K(353920K), 0.1211857 secs] 2876492K->2566366K(3106432K) icms_dc=63 , 0.1227107 secs] [Times: user=1.35 sys=0.10, real=0.12 secs] 
12320.799: [GC 12320.800: [ParNew: 33624K->31380K(353920K), 0.1368088 secs] 2566970K->2571380K(3106432K) icms_dc=63 , 0.1380211 secs] [Times: user=1.11 sys=0.15, real=0.14 secs] 
12321.726: [GC 12321.728: [ParNew: 346004K->33495K(353920K), 0.1055801 secs] 2886004K->2573495K(3106432K) icms_dc=63 , 0.1071698 secs] [Times: user=1.11 sys=0.09, real=0.11 secs] 
12322.864: [GC 12322.865: [ParNew: 348213K->33460K(353920K), 0.1114063 secs] 2888212K->2579613K(3106432K) icms_dc=63 , 0.1129304 secs] [Times: user=1.24 sys=0.09, real=0.11 secs] 
12323.012: [GC 12323.013: [ParNew: 34090K->27195K(353920K), 0.0681383 secs] 2580243K->2580838K(3106432K) icms_dc=63 , 0.0693287 secs] [Times: user=0.89 sys=0.03, real=0.07 secs] 
12323.841: [GC 12323.842: [ParNew: 341819K->31869K(353920K), 0.1188103 secs] 2895462K->2585513K(3106432K) icms_dc=63 , 0.1203589 secs] [Times: user=1.12 sys=0.13, real=0.12 secs] 
12324.300: [CMS-concurrent-preclean: 8.480/19.533 secs] [Times: user=443.58 sys=14.83, real=19.53 secs] 
12324.301: [CMS-concurrent-abortable-preclean-start]
12324.858: [GC 12324.859: [ParNew: 346493K->35566K(353920K), 0.0796426 secs] 2900137K->2595323K(3106432K) icms_dc=63 , 0.0811950 secs] [Times: user=1.01 sys=0.02, real=0.08 secs] 
12325.678: [GC 12325.679: [ParNew: 350190K->38699K(353920K), 0.1088201 secs] 2909947K->2605141K(3106432K) icms_dc=63 , 0.1104097 secs] [Times: user=1.22 sys=0.04, real=0.11 secs] 
12325.975: [CMS-concurrent-abortable-preclean: 0.744/1.673 secs] [Times: user=39.71 sys=1.32, real=1.67 secs] 
12326.012: [GC[YG occupancy: 112455 K (353920 K)]12326.012: [Rescan (parallel) , 0.2845116 secs]12326.297: [weak refs processing, 0.0324625 secs] [1 CMS-remark: 2566442K(2752512K)] 2678897K(3106432K), 0.3202008 secs] [Times: user=2.69 sys=0.55, real=0.32 secs] 
12326.333: [CMS-concurrent-sweep-start]
12327.147: [GC 12327.148: [ParNew: 353323K->38566K(353920K), 0.1021971 secs] 2919610K->2612211K(3106432K) icms_dc=63 , 0.1038262 secs] [Times: user=1.21 sys=0.03, real=0.10 secs] 
12328.237: [GC 12328.238: [ParNew: 353190K->38754K(353920K), 0.1176375 secs] 2926193K->2617949K(3106432K) icms_dc=63 , 0.1192988 secs] [Times: user=1.19 sys=0.07, real=0.12 secs] 
12329.236: [GC 12329.237: [ParNew: 353378K->34640K(353920K), 0.0754787 secs] 2931294K->2618764K(3106432K) icms_dc=63 , 0.0771292 secs] [Times: user=1.03 sys=0.02, real=0.08 secs] 
12330.446: [GC 12330.448: [ParNew: 349532K->34336K(353920K), 0.1072258 secs] 2925477K->2615628K(3106432K) icms_dc=63 , 0.1088747 secs] [Times: user=1.26 sys=0.11, real=0.11 secs] 
12330.592: [GC 12330.593: [ParNew: 34678K->26029K(353920K), 0.1799115 secs] 2615969K->2615045K(3106432K) icms_dc=63 , 0.1812176 secs] [Times: user=1.45 sys=0.28, real=0.18 secs] 
12331.844: [GC 12331.845: [ParNew: 340653K->31612K(353920K), 0.1203809 secs] 2919805K->2610764K(3106432K) icms_dc=63 , 0.1219722 secs] [Times: user=1.10 sys=0.11, real=0.12 secs] 
12332.834: [GC 12332.835: [ParNew: 346280K->35362K(353920K), 0.0803339 secs] 2915298K->2610238K(3106432K) icms_dc=63 , 0.0818845 secs] [Times: user=0.98 sys=0.02, real=0.08 secs] 
12332.950: [GC 12332.950: [ParNew: 35549K->26812K(353920K), 0.0631737 secs] 2610425K->2610694K(3106432K) icms_dc=63 , 0.0643608 secs] [Times: user=0.87 sys=0.02, real=0.06 secs] 
12333.933: [GC 12333.934: [ParNew: 341436K->35113K(353920K), 0.1076955 secs] 2910728K->2604405K(3106432K) icms_dc=63 , 0.1092351 secs] [Times: user=0.99 sys=0.06, real=0.11 secs] 
12334.915: [GC 12334.916: [ParNew: 349737K->39296K(353920K), 0.1169227 secs] 2910253K->2604517K(3106432K) icms_dc=63 , 0.1184723 secs] [Times: user=0.97 sys=0.02, real=0.12 secs] 
12335.856: [GC 12335.857: [ParNew: 353920K->37926K(353920K), 0.0878907 secs] 2914461K->2605128K(3106432K) icms_dc=63 , 0.0894359 secs] [Times: user=1.05 sys=0.02, real=0.09 secs] 
12335.980: [GC 12335.980: [ParNew: 38285K->27511K(353920K), 0.0641432 secs] 2605488K->2602452K(3106432K) icms_dc=63 , 0.0653409 secs] [Times: user=0.87 sys=0.02, real=0.07 secs] 
12336.969: [GC 12336.970: [ParNew: 342993K->37811K(353920K), 0.1077364 secs] 2913556K->2608374K(3106432K) icms_dc=63 , 0.1093030 secs] [Times: user=1.13 sys=0.10, real=0.11 secs] 
12337.113: [GC 12337.114: [ParNew: 38307K->27459K(353920K), 0.0645702 secs] 2608870K->2607411K(3106432K) icms_dc=63 , 0.0658713 secs] [Times: user=0.93 sys=0.02, real=0.07 secs] 
12338.106: [GC 12338.107: [ParNew: 342800K->39007K(353920K), 0.0990901 secs] 2908378K->2604585K(3106432K) icms_dc=63 , 0.1011235 secs] [Times: user=1.01 sys=0.06, real=0.10 secs] 
12338.246: [GC 12338.247: [ParNew: 40308K->23576K(353920K), 0.1237622 secs] 2605886K->2618173K(3106432K) icms_dc=63 , 0.1375915 secs] [Times: user=1.13 sys=0.08, real=0.14 secs] 
12339.086: [GC 12339.087: [ParNew: 338200K->24187K(353920K), 0.1534954 secs] 2924469K->2610456K(3106432K) icms_dc=63 , 0.1551058 secs] [Times: user=1.38 sys=0.16, real=0.16 secs] 
12340.036: [GC 12340.037: [ParNew: 338811K->24752K(353920K), 0.0946594 secs] 2921384K->2619537K(3106432K) icms_dc=63 , 0.0961955 secs] [Times: user=1.05 sys=0.02, real=0.10 secs] 
12340.862: [GC 12340.863: [ParNew: 339376K->39296K(353920K), 0.0690467 secs] 2933563K->2634044K(3106432K) icms_dc=63 , 0.0705629 secs] [Times: user=0.90 sys=0.02, real=0.07 secs] 
12341.785: [GC 12341.786: [ParNew (promotion failed): 353920K->346937K(353920K), 0.6029959 secs] 2948323K->2949571K(3106432K) icms_dc=63 , 0.6045194 secs] [Times: user=1.66 sys=0.08, real=0.61 secs] 
GC locker: Trying a full collection because scavenge failed
12342.390: [Full GC 12342.391: [CMS12346.177: [CMS-concurrent-sweep: 11.294/19.843 secs] [Times: user=361.18 sys=12.95, real=19.84 secs] 
 (concurrent mode failure): 2602634K->1612757K(2752512K), 42.4558806 secs] 2949571K->1612757K(3106432K), [CMS Perm : 214728K->204981K(402264K)] icms_dc=63 , 42.4570503 secs] [Times: user=42.45 sys=0.05, real=42.46 secs] 
12385.100: [GC [1 CMS-initial-mark: 1612757K(2752512K)] 1682170K(3106432K), 0.4655153 secs] [Times: user=0.47 sys=0.00, real=0.47 secs] 
12385.568: [CMS-concurrent-mark-start]
12386.771: [GC 12386.772: [ParNew: 314624K->32084K(353920K), 0.1227044 secs] 1927381K->1644841K(3106432K) icms_dc=63 , 0.1243836 secs] [Times: user=1.08 sys=0.12, real=0.12 secs] 
12388.094: [GC 12388.095: [ParNew: 346708K->26310K(353920K), 0.1563787 secs] 1959465K->1654514K(3106432K) icms_dc=63 , 0.1579499 secs] [Times: user=1.49 sys=0.17, real=0.16 secs] 
12389.426: [GC 12389.427: [ParNew: 341478K->37813K(353920K), 0.0710083 secs] 1969682K->1666017K(3106432K) icms_dc=63 , 0.0725187 secs] [Times: user=0.88 sys=0.03, real=0.07 secs] 
12389.608: [GC 12389.608: [ParNew: 37979K->19306K(353920K), 0.0843489 secs] 1666184K->1679478K(3106432K) icms_dc=63 , 0.0855519 secs] [Times: user=0.95 sys=0.05, real=0.09 secs] 
12391.057: [GC 12391.058: [ParNew: 333930K->21099K(353920K), 0.0629394 secs] 1994102K->1681271K(3106432K) icms_dc=63 , 0.0645190 secs] [Times: user=0.76 sys=0.03, real=0.07 secs] 
12392.008: [GC 12392.009: [ParNew: 335723K->35264K(353920K), 0.1000126 secs] 1995895K->1695436K(3106432K) icms_dc=63 , 0.1015661 secs] [Times: user=0.90 sys=0.04, real=0.10 secs] 
12393.144: [GC 12393.146: [ParNew: 349888K->39295K(353920K), 0.0926929 secs] 2010060K->1708890K(3106432K) icms_dc=63 , 0.0943089 secs] [Times: user=1.14 sys=0.02, real=0.09 secs] 
12394.056: [GC 12394.057: [ParNew: 353919K->34420K(353920K), 0.0908893 secs] 2023514K->1710500K(3106432K) icms_dc=63 , 0.0925509 secs] [Times: user=1.11 sys=0.04, real=0.09 secs] 
12395.072: [GC 12395.073: [ParNew: 349044K->31230K(353920K), 0.0802894 secs] 2025124K->1712784K(3106432K) icms_dc=63 , 0.0818687 secs] [Times: user=0.96 sys=0.01, real=0.08 secs] 
12395.969: [GC 12395.970: [ParNew: 345641K->36295K(353920K), 0.0689418 secs] 2027195K->1723877K(3106432K) icms_dc=63 , 0.0704881 secs] [Times: user=0.95 sys=0.02, real=0.07 secs] 
12396.873: [GC 12396.874: [ParNew: 350919K->34370K(353920K), 0.0686680 secs] 2038501K->1728817K(3106432K) icms_dc=63 , 0.0702281 secs] [Times: user=0.95 sys=0.01, real=0.07 secs] 
12397.686: [GC 12397.687: [ParNew: 348994K->38493K(353920K), 0.1257609 secs] 2043441K->1737590K(3106432K) icms_dc=63 , 0.1274198 secs] [Times: user=1.23 sys=0.17, real=0.13 secs] 
12398.669: [GC 12398.670: [ParNew: 353117K->37553K(353920K), 0.0720873 secs] 2052214K->1742272K(3106432K) icms_dc=63 , 0.0737156 secs] [Times: user=0.98 sys=0.02, real=0.07 secs] 
12399.504: [GC 12399.505: [ParNew: 352177K->38689K(353920K), 0.0709151 secs] 2056896K->1748846K(3106432K) icms_dc=63 , 0.0725684 secs] [Times: user=0.94 sys=0.01, real=0.07 secs] 
12400.494: [GC 12400.496: [ParNew: 353313K->34978K(353920K), 0.1244575 secs] 2063470K->1758882K(3106432K) icms_dc=63 , 0.1260321 secs] [Times: user=1.19 sys=0.07, real=0.13 secs] 
12401.439: [GC 12401.440: [ParNew: 349602K->31742K(353920K), 0.0803821 secs] 2073506K->1764669K(3106432K) icms_dc=63 , 0.0819150 secs] [Times: user=1.03 sys=0.04, real=0.08 secs] 
12402.371: [GC 12402.372: [ParNew: 346366K->29212K(353920K), 0.0894925 secs] 2079293K->1772189K(3106432K) icms_dc=63 , 0.0910473 secs] [Times: user=1.05 sys=0.07, real=0.09 secs] 
12403.256: [GC 12403.257: [ParNew: 343836K->35790K(353920K), 0.1077603 secs] 2086813K->1778767K(3106432K) icms_dc=63 , 0.1093153 secs] [Times: user=1.18 sys=0.16, real=0.11 secs] 
12404.197: [GC 12404.198: [ParNew: 350411K->39296K(353920K), 0.1578781 secs] 2093388K->1792785K(3106432K) icms_dc=63 , 0.1594421 secs] [Times: user=1.53 sys=0.17, real=0.16 secs] 
12405.485: [GC 12405.487: [ParNew: 353920K->31988K(353920K), 0.1025789 secs] 2107409K->1801094K(3106432K) icms_dc=63 , 0.1041286 secs] [Times: user=1.13 sys=0.04, real=0.10 secs] 
12406.425: [GC 12406.426: [ParNew: 346612K->37272K(353920K), 0.0593253 secs] 2115718K->1806378K(3106432K) icms_dc=63 , 0.0608125 secs] [Times: user=0.80 sys=0.03, real=0.06 secs] 
12407.427: [GC 12407.428: [ParNew: 351896K->30617K(353920K), 0.0862932 secs] 2121002K->1814142K(3106432K) icms_dc=63 , 0.0878478 secs] [Times: user=1.02 sys=0.02, real=0.09 secs] 
12408.403: [GC 12408.404: [ParNew: 345241K->38715K(353920K), 0.0579506 secs] 2128766K->1822240K(3106432K) icms_dc=63 , 0.0595000 secs] [Times: user=0.79 sys=0.03, real=0.06 secs] 
12408.806: [CMS-concurrent-mark: 10.814/23.238 secs] [Times: user=543.79 sys=17.29, real=23.24 secs] 
12408.807: [CMS-concurrent-preclean-start]
12409.416: [GC 12409.417: [ParNew: 353339K->27607K(353920K), 0.0868818 secs] 2136864K->1825892K(3106432K) icms_dc=63 , 0.0884334 secs] [Times: user=1.00 sys=0.04, real=0.09 secs] 
12410.621: [GC 12410.622: [ParNew: 342231K->33322K(353920K), 0.0892002 secs] 2140516K->1831607K(3106432K) icms_dc=63 , 0.0907642 secs] [Times: user=1.03 sys=0.08, real=0.09 secs] 
12411.604: [GC 12411.605: [ParNew: 349410K->26778K(353920K), 0.1145304 secs] 2147695K->1839393K(3106432K) icms_dc=63 , 0.1160533 secs] [Times: user=1.24 sys=0.13, real=0.12 secs] 
12411.754: [GC 12411.755: [ParNew: 27140K->22205K(353920K), 0.0426197 secs] 1839755K->1834819K(3106432K) icms_dc=63 , 0.0438001 secs] [Times: user=0.59 sys=0.03, real=0.04 secs] 
12412.555: [GC 12412.556: [ParNew: 336829K->27986K(353920K), 0.0549531 secs] 2149443K->1840601K(3106432K) icms_dc=63 , 0.0564685 secs] [Times: user=0.81 sys=0.04, real=0.06 secs] 
12413.455: [GC 12413.456: [ParNew: 342610K->31712K(353920K), 0.0751596 secs] 2155225K->1848714K(3106432K) icms_dc=63 , 0.0767008 secs] [Times: user=1.01 sys=0.04, real=0.08 secs] 
12414.232: [GC 12414.233: [ParNew: 346336K->32200K(353920K), 0.0601888 secs] 2163338K->1854337K(3106432K) icms_dc=63 , 0.0617023 secs] [Times: user=0.89 sys=0.02, real=0.06 secs] 
12415.023: [GC 12415.024: [ParNew: 346824K->33592K(353920K), 0.0984813 secs] 2168961K->1861263K(3106432K) icms_dc=63 , 0.0999733 secs] [Times: user=1.10 sys=0.08, real=0.10 secs] 
12415.944: [GC 12415.945: [ParNew: 348216K->39296K(353920K), 0.2402118 secs] 2175887K->1871964K(3106432K) icms_dc=63 , 0.2417650 secs] [Times: user=2.01 sys=0.44, real=0.24 secs] 
12417.011: [GC 12417.012: [ParNew: 353920K->32133K(353920K), 0.1682216 secs] 2186775K->1879038K(3106432K) icms_dc=63 , 0.1697699 secs] [Times: user=1.50 sys=0.22, real=0.17 secs] 
12417.959: [GC 12417.960: [ParNew: 347330K->33118K(353920K), 0.0857925 secs] 2194234K->1888326K(3106432K) icms_dc=63 , 0.0873305 secs] [Times: user=0.94 sys=0.02, real=0.09 secs] 
12418.094: [GC 12418.094: [ParNew: 39153K->22127K(353920K), 0.0721031 secs] 1894361K->1901399K(3106432K) icms_dc=63 , 0.0733480 secs] [Times: user=0.88 sys=0.03, real=0.07 secs] 
12418.910: [GC 12418.911: [ParNew: 336751K->34856K(353920K), 0.0700899 secs] 2216023K->1914127K(3106432K) icms_dc=63 , 0.0716254 secs] [Times: user=0.91 sys=0.02, real=0.07 secs] 
12419.793: [GC 12419.794: [ParNew: 350571K->30224K(353920K), 0.1152792 secs] 2229842K->1924684K(3106432K) icms_dc=63 , 0.1168087 secs] [Times: user=1.08 sys=0.04, real=0.13 secs] 
12419.957: [GC 12419.958: [ParNew: 30627K->12165K(353920K), 0.0666542 secs] 1925087K->1928311K(3106432K) icms_dc=63 , 0.0678652 secs] [Times: user=0.72 sys=0.02, real=0.07 secs] 
12420.801: [GC 12420.802: [ParNew: 327103K->28115K(353920K), 0.0690669 secs] 2243249K->1944261K(3106432K) icms_dc=63 , 0.0705460 secs] [Times: user=0.91 sys=0.04, real=0.07 secs] 
12420.910: [GC 12420.911: [ParNew: 30581K->11929K(353920K), 0.0867756 secs] 1946727K->1954088K(3106432K) icms_dc=63 , 0.0880115 secs] [Times: user=0.89 sys=0.03, real=0.09 secs] 
12421.819: [GC 12421.820: [ParNew: 326707K->30135K(353920K), 0.0970576 secs] 2268866K->1972294K(3106432K) icms_dc=63 , 0.0985932 secs] [Times: user=0.78 sys=0.01, real=0.10 secs] 
12421.952: [GC 12421.953: [ParNew: 30866K->8865K(353920K), 0.1502804 secs] 1973025K->1980121K(3106432K) icms_dc=63 , 0.1514915 secs] [Times: user=0.92 sys=0.03, real=0.15 secs] 
12422.898: [GC 12422.899: [ParNew: 324599K->29532K(353920K), 0.1644502 secs] 2295854K->2000787K(3106432K) icms_dc=63 , 0.1659697 secs] [Times: user=1.34 sys=0.23, real=0.17 secs] 
12423.100: [GC 12423.101: [ParNew: 29928K->4264K(353920K), 0.0817059 secs] 2001183K->2003819K(3106432K) icms_dc=63 , 0.0828952 secs] [Times: user=0.91 sys=0.03, real=0.08 secs] 
12423.986: [GC 12423.987: [ParNew: 318888K->26488K(353920K), 0.0822531 secs] 2318443K->2026043K(3106432K) icms_dc=63 , 0.0838017 secs] [Times: user=0.97 sys=0.08, real=0.08 secs] 
12424.886: [GC 12424.887: [ParNew: 341112K->24504K(353920K), 0.1122915 secs] 2340667K->2039280K(3106432K) icms_dc=63 , 0.1138345 secs] [Times: user=1.27 sys=0.10, real=0.11 secs] 
12425.421: [CMS-concurrent-preclean: 7.716/16.614 secs] [Times: user=393.30 sys=12.45, real=16.61 secs] 
12425.423: [CMS-concurrent-abortable-preclean-start]
12425.860: [GC 12425.861: [ParNew: 339431K->37161K(353920K), 0.0733547 secs] 2354207K->2051937K(3106432K) icms_dc=63 , 0.0748783 secs] [Times: user=0.92 sys=0.03, real=0.08 secs] 
12425.970: [GC 12425.971: [ParNew: 37485K->16934K(353920K), 0.0922885 secs] 2052262K->2063597K(3106432K) icms_dc=63 , 0.0934934 secs] [Times: user=1.03 sys=0.04, real=0.09 secs] 
12427.020: [GC 12427.021: [ParNew: 331903K->21572K(353920K), 0.0682629 secs] 2378566K->2068235K(3106432K) icms_dc=63 , 0.0698312 secs] [Times: user=0.79 sys=0.02, real=0.07 secs] 
12427.125: [GC 12427.125: [ParNew: 21792K->25470K(353920K), 0.0522372 secs] 2068455K->2072132K(3106432K) icms_dc=63 , 0.0534274 secs] [Times: user=0.69 sys=0.03, real=0.05 secs] 
12427.612: [CMS-concurrent-abortable-preclean: 0.912/2.189 secs] [Times: user=50.62 sys=1.78, real=2.19 secs] 
12427.651: [GC[YG occupancy: 206341 K (353920 K)]12427.651: [Rescan (parallel) , 0.2755056 secs]12427.927: [weak refs processing, 0.0008746 secs] [1 CMS-remark: 2046662K(2752512K)] 2253003K(3106432K), 0.2770233 secs] [Times: user=2.92 sys=0.42, real=0.28 secs] 
12427.929: [CMS-concurrent-sweep-start]
12428.263: [GC 12428.264: [ParNew: 340094K->34712K(353920K), 0.0741066 secs] 2386755K->2081374K(3106432K) icms_dc=63 , 0.0757536 secs] [Times: user=0.92 sys=0.01, real=0.08 secs] 
12429.230: [GC 12429.231: [ParNew: 349417K->34286K(353920K), 0.2348536 secs] 2396071K->2089698K(3106432K) icms_dc=63 , 0.2364352 secs] [Times: user=1.79 sys=0.35, real=0.24 secs] 
12429.503: [GC 12429.504: [ParNew: 34968K->25425K(353920K), 0.0570784 secs] 2090380K->2090056K(3106432K) icms_dc=63 , 0.0582805 secs] [Times: user=0.81 sys=0.02, real=0.06 secs] 
12430.394: [GC 12430.395: [ParNew: 340080K->30609K(353920K), 0.1051697 secs] 2404685K->2095213K(3106432K) icms_dc=63 , 0.1066829 secs] [Times: user=0.92 sys=0.08, real=0.11 secs] 
12430.536: [GC 12430.537: [ParNew: 31313K->28077K(353920K), 0.0982826 secs] 2095917K->2099654K(3106432K) icms_dc=63 , 0.0995101 secs] [Times: user=0.94 sys=0.09, real=0.10 secs] 
12431.437: [GC 12431.439: [ParNew: 342701K->31113K(353920K), 0.0792847 secs] 2414139K->2102550K(3106432K) icms_dc=63 , 0.0808073 secs] [Times: user=0.92 sys=0.07, real=0.08 secs] 
12432.399: [GC 12432.401: [ParNew: 345737K->36393K(353920K), 0.0851300 secs] 2416832K->2114058K(3106432K) icms_dc=63 , 0.0866815 secs] [Times: user=0.96 sys=0.01, real=0.09 secs] 
12433.214: [GC 12433.215: [ParNew: 351017K->31657K(353920K), 0.0682874 secs] 2428417K->2115265K(3106432K) icms_dc=63 , 0.0697985 secs] [Times: user=0.94 sys=0.02, real=0.07 secs] 
12434.009: [GC 12434.010: [ParNew: 346281K->37406K(353920K), 0.1124506 secs] 2429387K->2126666K(3106432K) icms_dc=63 , 0.1139771 secs] [Times: user=1.13 sys=0.08, real=0.11 secs] 
12435.797: [GC 12435.798: [ParNew: 352030K->27010K(353920K), 0.0884453 secs] 2440285K->2131197K(3106432K) icms_dc=63 , 0.0899951 secs] [Times: user=1.02 sys=0.03, real=0.09 secs] 
12437.465: [GC 12437.465: [ParNew: 341634K->27505K(353920K), 0.0484985 secs] 2445565K->2131436K(3106432K) icms_dc=63 , 0.0499389 secs] [Times: user=0.71 sys=0.02, real=0.05 secs] 
12438.486: [GC 12438.487: [ParNew: 342129K->28422K(353920K), 0.1042947 secs] 2444597K->2140806K(3106432K) icms_dc=63 , 0.1057984 secs] [Times: user=1.00 sys=0.04, real=0.11 secs] 
12439.452: [GC 12439.453: [ParNew: 343046K->39295K(353920K), 0.1176438 secs] 2453431K->2154356K(3106432K) icms_dc=63 , 0.1191953 secs] [Times: user=1.21 sys=0.07, real=0.12 secs] 
12440.457: [GC 12440.458: [ParNew: 353919K->29620K(353920K), 0.0778318 secs] 2466051K->2157155K(3106432K) icms_dc=63 , 0.0793750 secs] [Times: user=1.00 sys=0.02, real=0.08 secs] 
12440.986: [CMS-concurrent-sweep: 6.974/13.057 secs] [Times: user=257.20 sys=8.74, real=13.06 secs] 
12440.988: [CMS-concurrent-reset-start]
12441.015: [CMS-concurrent-reset: 0.027/0.027 secs] [Times: user=0.64 sys=0.03, real=0.03 secs] 
12441.357: [GC 12441.358: [ParNew: 344244K->29296K(353920K), 0.1053567 secs] 2452280K->2137331K(3106432K) icms_dc=48 , 0.1068978 secs] [Times: user=1.14 sys=0.15, real=0.11 secs] 
12441.732: [GC [1 CMS-initial-mark: 2108035K(2752512K)] 2219365K(3106432K), 0.6851868 secs] [Times: user=0.69 sys=0.00, real=0.69 secs] 
12442.419: [CMS-concurrent-mark-start]
12443.045: [GC 12443.046: [ParNew: 343920K->38794K(353920K), 0.1008606 secs] 2451955K->2151436K(3106432K) icms_dc=48 , 0.1024431 secs] [Times: user=1.09 sys=0.01, real=0.10 secs] 
12443.936: [GC 12443.937: [ParNew: 353418K->38707K(353920K), 0.0951828 secs] 2466060K->2159277K(3106432K) icms_dc=48 , 0.0967432 secs] [Times: user=1.18 sys=0.07, real=0.10 secs] 
12444.980: [GC 12444.981: [ParNew: 353540K->36754K(353920K), 0.0808524 secs] 2474110K->2163493K(3106432K) icms_dc=48 , 0.0823977 secs] [Times: user=1.05 sys=0.04, real=0.08 secs] 
12445.099: [GC 12445.100: [ParNew: 37050K->27128K(353920K), 0.0672702 secs] 2163789K->2161930K(3106432K) icms_dc=48 , 0.0684494 secs] [Times: user=0.86 sys=0.03, real=0.07 secs] 
12446.174: [GC 12446.175: [ParNew: 341752K->33224K(353920K), 0.1246207 secs] 2476554K->2168025K(3106432K) icms_dc=48 , 0.1261741 secs] [Times: user=1.17 sys=0.14, real=0.13 secs] 
12447.074: [GC 12447.075: [ParNew: 347848K->25068K(353920K), 0.1276916 secs] 2482649K->2175145K(3106432K) icms_dc=48 , 0.1292355 secs] [Times: user=1.28 sys=0.14, real=0.13 secs] 
12448.078: [GC 12448.079: [ParNew: 339692K->33558K(353920K), 0.0609536 secs] 2489769K->2183636K(3106432K) icms_dc=48 , 0.0624213 secs] [Times: user=0.76 sys=0.03, real=0.06 secs] 
12449.194: [GC 12449.196: [ParNew: 348145K->37343K(353920K), 0.1083327 secs] 2498222K->2193023K(3106432K) icms_dc=48 , 0.1098694 secs] [Times: user=1.17 sys=0.11, real=0.11 secs] 
12450.315: [GC 12450.316: [ParNew: 351967K->36602K(353920K), 0.0744013 secs] 2507647K->2199824K(3106432K) icms_dc=48 , 0.0759316 secs] [Times: user=0.95 sys=0.01, real=0.08 secs] 
12451.299: [GC 12451.300: [ParNew: 351300K->39075K(353920K), 0.0774544 secs] 2514522K->2208507K(3106432K) icms_dc=48 , 0.0792957 secs] [Times: user=1.03 sys=0.01, real=0.08 secs] 
12452.499: [GC 12452.500: [ParNew: 353832K->31943K(353920K), 0.0925067 secs] 2523428K->2214648K(3106432K) icms_dc=48 , 0.0940227 secs] [Times: user=1.14 sys=0.06, real=0.09 secs] 
12452.629: [GC 12452.630: [ParNew: 32146K->5345K(353920K), 0.0652122 secs] 2214852K->2209844K(3106432K) icms_dc=48 , 0.0663997 secs] [Times: user=0.81 sys=0.04, real=0.09 secs] 
12453.519: [GC 12453.520: [ParNew: 319969K->21120K(353920K), 0.0659249 secs] 2524468K->2225619K(3106432K) icms_dc=48 , 0.0675091 secs] [Times: user=0.76 sys=0.03, real=0.07 secs] 
12454.443: [GC 12454.445: [ParNew: 335744K->36504K(353920K), 0.0865371 secs] 2540243K->2241004K(3106432K) icms_dc=48 , 0.0880758 secs] [Times: user=1.07 sys=0.04, real=0.09 secs] 
12455.281: [GC 12455.282: [ParNew: 351128K->39296K(353920K), 0.1080189 secs] 2555628K->2254781K(3106432K) icms_dc=48 , 0.1095422 secs] [Times: user=1.14 sys=0.04, real=0.11 secs] 
12456.274: [GC 12456.275: [ParNew: 353920K->32209K(353920K), 0.0890246 secs] 2569411K->2263429K(3106432K) icms_dc=48 , 0.0905407 secs] [Times: user=1.16 sys=0.03, real=0.09 secs] 
12457.233: [GC 12457.234: [ParNew: 346372K->32225K(353920K), 0.1294147 secs] 2577592K->2272184K(3106432K) icms_dc=48 , 0.1309774 secs] [Times: user=1.28 sys=0.14, real=0.13 secs] 
12458.247: [GC 12458.248: [ParNew: 346849K->34190K(353920K), 0.1106004 secs] 2586808K->2274149K(3106432K) icms_dc=48 , 0.1121307 secs] [Times: user=1.10 sys=0.11, real=0.11 secs] 
12459.142: [GC 12459.143: [ParNew: 348814K->38384K(353920K), 0.0995684 secs] 2588773K->2286732K(3106432K) icms_dc=48 , 0.1010704 secs] [Times: user=1.12 sys=0.01, real=0.10 secs] 
12460.094: [GC 12460.095: [ParNew: 353008K->39296K(353920K), 0.2075772 secs] 2601356K->2297590K(3106432K) icms_dc=48 , 0.2091328 secs] [Times: user=1.48 sys=0.10, real=0.21 secs] 
12461.179: [GC 12461.180: [ParNew: 353920K->34490K(353920K), 0.0848976 secs] 2612214K->2299868K(3106432K) icms_dc=48 , 0.0864201 secs] [Times: user=1.03 sys=0.04, real=0.09 secs] 
12462.132: [GC 12462.133: [ParNew: 349189K->37259K(353920K), 0.1179422 secs] 2614566K->2309349K(3106432K) icms_dc=48 , 0.1194596 secs] [Times: user=1.22 sys=0.10, real=0.12 secs] 
12462.288: [GC 12462.289: [ParNew: 38981K->26098K(353920K), 0.0703822 secs] 2311072K->2306426K(3106432K) icms_dc=48 , 0.0716075 secs] [Times: user=0.90 sys=0.04, real=0.07 secs] 
12463.238: [GC 12463.239: [ParNew: 340722K->32560K(353920K), 0.0703093 secs] 2621050K->2312888K(3106432K) icms_dc=48 , 0.0718766 secs] [Times: user=0.95 sys=0.05, real=0.07 secs] 
12463.515: [CMS-concurrent-mark: 8.632/21.097 secs] [Times: user=503.24 sys=15.99, real=21.10 secs] 
12463.517: [CMS-concurrent-preclean-start]
12464.063: [GC 12464.064: [ParNew: 347183K->30144K(353920K), 0.1116983 secs] 2627511K->2325407K(3106432K) icms_dc=48 , 0.1132369 secs] [Times: user=1.04 sys=0.02, real=0.11 secs] 
12464.993: [GC 12464.994: [ParNew: 344768K->30126K(353920K), 0.0771063 secs] 2640031K->2325390K(3106432K) icms_dc=48 , 0.0786645 secs] [Times: user=0.95 sys=0.04, real=0.08 secs] 
12465.932: [GC 12465.933: [ParNew: 344690K->35425K(353920K), 0.1120093 secs] 2639953K->2337222K(3106432K) icms_dc=48 , 0.1135095 secs] [Times: user=1.04 sys=0.06, real=0.11 secs] 
12466.906: [GC 12466.907: [ParNew: 350049K->37168K(353920K), 0.1080355 secs] 2651846K->2345900K(3106432K) icms_dc=48 , 0.1096708 secs] [Times: user=1.15 sys=0.07, real=0.11 secs] 
12467.882: [GC 12467.883: [ParNew: 351792K->39296K(353920K), 0.1383877 secs] 2660524K->2354957K(3106432K) icms_dc=48 , 0.1399213 secs] [Times: user=1.44 sys=0.16, real=0.14 secs] 
12468.753: [GC 12468.754: [ParNew: 353920K->30242K(353920K), 0.0990684 secs] 2669581K->2362841K(3106432K) icms_dc=48 , 0.1006093 secs] [Times: user=1.22 sys=0.03, real=0.10 secs] 
12469.623: [GC 12469.624: [ParNew: 344866K->34555K(353920K), 0.0910423 secs] 2677465K->2367154K(3106432K) icms_dc=48 , 0.0925142 secs] [Times: user=0.98 sys=0.03, real=0.09 secs] 
12470.519: [GC 12470.520: [ParNew: 349179K->28338K(353920K), 0.1127958 secs] 2681778K->2378021K(3106432K) icms_dc=48 , 0.1143093 secs] [Times: user=1.18 sys=0.03, real=0.11 secs] 
12471.342: [GC 12471.343: [ParNew: 342686K->39233K(353920K), 0.1188240 secs] 2692369K->2388916K(3106432K) icms_dc=48 , 0.1203742 secs] [Times: user=1.11 sys=0.03, real=0.12 secs] 
12472.209: [GC 12472.210: [ParNew: 353857K->38184K(353920K), 0.1185007 secs] 2703540K->2396689K(3106432K) icms_dc=48 , 0.1200070 secs] [Times: user=1.19 sys=0.09, real=0.12 secs] 
12473.127: [GC 12473.128: [ParNew: 352808K->38187K(353920K), 0.1231459 secs] 2711313K->2403686K(3106432K) icms_dc=48 , 0.1246817 secs] [Times: user=1.29 sys=0.13, real=0.13 secs] 
12474.011: [GC 12474.012: [ParNew: 352811K->39296K(353920K), 0.0896012 secs] 2718310K->2412236K(3106432K) icms_dc=48 , 0.0911287 secs] [Times: user=0.98 sys=0.02, real=0.09 secs] 
12474.980: [GC 12474.981: [ParNew: 353920K->33059K(353920K), 0.1807773 secs] 2726880K->2423047K(3106432K) icms_dc=48 , 0.1823108 secs] [Times: user=1.59 sys=0.24, real=0.18 secs] 
12476.047: [GC 12476.048: [ParNew: 347683K->28852K(353920K), 0.0747245 secs] 2737671K->2427178K(3106432K) icms_dc=48 , 0.0762785 secs] [Times: user=0.93 sys=0.02, real=0.08 secs] 
12477.151: [GC 12477.152: [ParNew: 343443K->39296K(353920K), 0.0837687 secs] 2741769K->2438951K(3106432K) icms_dc=48 , 0.0853837 secs] [Times: user=0.96 sys=0.02, real=0.09 secs] 
12477.469: [CMS-concurrent-preclean: 5.083/13.952 secs] [Times: user=344.56 sys=11.45, real=13.95 secs] 
12477.470: [CMS-concurrent-abortable-preclean-start]
12478.153: [GC 12478.154: [ParNew: 353920K->36219K(353920K), 0.0768274 secs] 2753575K->2444056K(3106432K) icms_dc=48 , 0.0783958 secs] [Times: user=1.01 sys=0.03, real=0.08 secs] 
12478.980: [GC 12478.981: [ParNew: 350843K->36094K(353920K), 0.1004492 secs] 2758680K->2451358K(3106432K) icms_dc=48 , 0.1019833 secs] [Times: user=1.13 sys=0.03, real=0.10 secs] 
12479.709: [CMS-concurrent-abortable-preclean: 0.988/2.238 secs] [Times: user=54.62 sys=1.96, real=2.24 secs] 
12479.748: [GC[YG occupancy: 275848 K (353920 K)]12479.749: [Rescan (parallel) , 0.3544924 secs]12480.103: [weak refs processing, 0.0238761 secs] [1 CMS-remark: 2415263K(2752512K)] 2691111K(3106432K), 0.3820334 secs] [Times: user=3.55 sys=0.62, real=0.38 secs] 
12480.132: [CMS-concurrent-sweep-start]
12480.333: [GC 12480.334: [ParNew: 350718K->37919K(353920K), 0.1302980 secs] 2765982K->2458735K(3106432K) icms_dc=48 , 0.1318598 secs] [Times: user=1.41 sys=0.11, real=0.13 secs] 
12481.264: [GC 12481.265: [ParNew: 352868K->38430K(353920K), 0.1024387 secs] 2773658K->2465397K(3106432K) icms_dc=48 , 0.1040008 secs] [Times: user=1.04 sys=0.02, real=0.10 secs] 
12481.403: [GC 12481.404: [ParNew: 38887K->30485K(353920K), 0.0604381 secs] 2465854K->2465751K(3106432K) icms_dc=48 , 0.0616428 secs] [Times: user=0.88 sys=0.02, real=0.06 secs] 
12482.273: [GC 12482.274: [ParNew: 345109K->34689K(353920K), 0.0998862 secs] 2780339K->2469919K(3106432K) icms_dc=48 , 0.1014340 secs] [Times: user=0.98 sys=0.04, real=0.10 secs] 
12483.489: [GC 12483.490: [ParNew: 349313K->32861K(353920K), 0.1058311 secs] 2784480K->2483880K(3106432K) icms_dc=48 , 0.1074355 secs] [Times: user=1.25 sys=0.05, real=0.11 secs] 
12484.344: [GC 12484.345: [ParNew: 347485K->27102K(353920K), 0.0888301 secs] 2798355K->2486347K(3106432K) icms_dc=48 , 0.0903616 secs] [Times: user=1.05 sys=0.02, real=0.09 secs] 
12485.230: [GC 12485.231: [ParNew: 341726K->30341K(353920K), 0.0805913 secs] 2800571K->2489186K(3106432K) icms_dc=48 , 0.0821360 secs] [Times: user=1.00 sys=0.06, real=0.08 secs] 
12486.091: [GC 12486.092: [ParNew: 344965K->35558K(353920K), 0.1371617 secs] 2802684K->2499496K(3106432K) icms_dc=48 , 0.1386945 secs] [Times: user=1.35 sys=0.15, real=0.14 secs] 
12487.051: [GC 12487.052: [ParNew: 350182K->31114K(353920K), 0.1167237 secs] 2812807K->2501221K(3106432K) icms_dc=48 , 0.1182599 secs] [Times: user=1.26 sys=0.11, real=0.12 secs] 
12487.991: [GC 12487.992: [ParNew: 345738K->34623K(353920K), 0.0829754 secs] 2813968K->2508900K(3106432K) icms_dc=48 , 0.0845495 secs] [Times: user=1.14 sys=0.02, real=0.09 secs] 
12488.994: [GC 12488.995: [ParNew: 349247K->39296K(353920K), 0.1350873 secs] 2820831K->2517829K(3106432K) icms_dc=48 , 0.1366558 secs] [Times: user=1.33 sys=0.09, real=0.14 secs] 
12489.998: [GC 12490.000: [ParNew: 353920K->39296K(353920K), 0.1575970 secs] 2831434K->2525358K(3106432K) icms_dc=48 , 0.1591176 secs] [Times: user=1.45 sys=0.12, real=0.16 secs] 
12491.208: [GC 12491.209: [ParNew: 353920K->39296K(353920K), 0.1800124 secs] 2837986K->2532931K(3106432K) icms_dc=48 , 0.1927491 secs] [Times: user=1.39 sys=0.15, real=0.19 secs] 
12492.331: [GC 12492.332: [ParNew: 353920K->35996K(353920K), 0.1451786 secs] 2841974K->2530628K(3106432K) icms_dc=48 , 0.1467634 secs] [Times: user=1.42 sys=0.14, real=0.15 secs] 
12493.408: [GC 12493.409: [ParNew: 350620K->34439K(353920K), 0.0730023 secs] 2845113K->2535708K(3106432K) icms_dc=48 , 0.0745541 secs] [Times: user=1.05 sys=0.02, real=0.08 secs] 
12494.225: [GC 12494.226: [ParNew: 349063K->39296K(353920K), 0.1021809 secs] 2850189K->2547033K(3106432K) icms_dc=48 , 0.1037255 secs] [Times: user=1.27 sys=0.06, real=0.10 secs] 
12495.229: [GC 12495.230: [ParNew: 353920K->33681K(353920K), 0.1432429 secs] 2860921K->2556604K(3106432K) icms_dc=48 , 0.1448444 secs] [Times: user=1.29 sys=0.07, real=0.15 secs] 
12496.514: [GC 12496.515: [ParNew: 348305K->34563K(353920K), 0.0841972 secs] 2867817K->2554075K(3106432K) icms_dc=48 , 0.0857881 secs] [Times: user=0.94 sys=0.02, real=0.09 secs] 
12497.533: [GC 12497.534: [ParNew: 349374K->27224K(353920K), 0.1193182 secs] 2864888K->2559154K(3106432K) icms_dc=48 , 0.1208870 secs] [Times: user=1.17 sys=0.03, real=0.12 secs] 
12497.690: [GC 12497.691: [ParNew: 27785K->20446K(353920K), 0.0766687 secs] 2559716K->2552376K(3106432K) icms_dc=48 , 0.0778697 secs] [Times: user=0.76 sys=0.04, real=0.08 secs] 
12498.637: [GC 12498.638: [ParNew: 335070K->36079K(353920K), 0.1096288 secs] 2859210K->2560220K(3106432K) icms_dc=48 , 0.1112669 secs] [Times: user=1.19 sys=0.08, real=0.11 secs] 
12499.617: [GC 12499.618: [ParNew: 350703K->25520K(353920K), 0.1209055 secs] 2870351K->2561325K(3106432K) icms_dc=48 , 0.1224616 secs] [Times: user=1.14 sys=0.05, real=0.12 secs] 
12500.609: [GC 12500.610: [ParNew: 340144K->36327K(353920K), 0.1134839 secs] 2868918K->2565101K(3106432K) icms_dc=48 , 0.1150520 secs] [Times: user=0.92 sys=0.03, real=0.12 secs] 
12501.498: [GC 12501.499: [ParNew: 350951K->24107K(353920K), 0.0923366 secs] 2864811K->2554679K(3106432K) icms_dc=48 , 0.0938864 secs] [Times: user=1.08 sys=0.02, real=0.09 secs] 
12502.339: [GC 12502.340: [ParNew: 338731K->36058K(353920K), 0.0551088 secs] 2800290K->2497617K(3106432K) icms_dc=48 , 0.0566548 secs] [Times: user=0.92 sys=0.02, real=0.06 secs] 
12503.173: [GC 12503.174: [ParNew: 350682K->28315K(353920K), 0.0922198 secs] 2754549K->2450072K(3106432K) icms_dc=48 , 0.0937910 secs] [Times: user=1.16 sys=0.03, real=0.09 secs] 
12504.105: [GC 12504.106: [ParNew: 343416K->39296K(353920K), 0.0710558 secs] 2714043K->2410733K(3106432K) icms_dc=48 , 0.0726745 secs] [Times: user=1.08 sys=0.02, real=0.07 secs] 
12504.214: [GC 12504.215: [ParNew: 39548K->16894K(353920K), 0.0969543 secs] 2410986K->2418928K(3106432K) icms_dc=48 , 0.0982326 secs] [Times: user=1.16 sys=0.03, real=0.10 secs] 
12505.051: [GC 12505.052: [ParNew: 331518K->29967K(353920K), 0.0795143 secs] 2696822K->2395271K(3106432K) icms_dc=48 , 0.0810452 secs] [Times: user=0.97 sys=0.05, real=0.08 secs] 
12506.087: [GC 12506.088: [ParNew: 344631K->32169K(353920K), 0.0870329 secs] 2669497K->2369937K(3106432K) icms_dc=48 , 0.0885870 secs] [Times: user=1.11 sys=0.03, real=0.09 secs] 
12506.213: [GC 12506.213: [ParNew: 32446K->12467K(353920K), 0.0741365 secs] 2370214K->2375412K(3106432K) icms_dc=48 , 0.0753376 secs] [Times: user=0.88 sys=0.03, real=0.08 secs] 
12507.045: [GC 12507.046: [ParNew: 328335K->26765K(353920K), 0.0909134 secs] 2650681K->2349111K(3106432K) icms_dc=48 , 0.0924202 secs] [Times: user=1.05 sys=0.10, real=0.09 secs] 
12507.172: [GC 12507.173: [ParNew: 27177K->11226K(353920K), 0.0763486 secs] 2349523K->2357635K(3106432K) icms_dc=48 , 0.0775559 secs] [Times: user=0.91 sys=0.02, real=0.08 secs] 
12508.025: [GC 12508.027: [ParNew: 326911K->26286K(353920K), 0.1483323 secs] 2622329K->2321703K(3106432K) icms_dc=48 , 0.1498255 secs] [Times: user=1.11 sys=0.05, real=0.15 secs] 
12508.212: [GC 12508.213: [ParNew: 27749K->10553K(353920K), 0.0857241 secs] 2323167K->2329969K(3106432K) icms_dc=48 , 0.0869336 secs] [Times: user=0.86 sys=0.02, real=0.09 secs] 
12509.121: [GC 12509.122: [ParNew: 325177K->22289K(353920K), 0.1025482 secs] 2597088K->2294200K(3106432K) icms_dc=48 , 0.1041208 secs] [Times: user=1.04 sys=0.10, real=0.10 secs] 
12510.089: [GC 12510.090: [ParNew: 336913K->28108K(353920K), 0.1026422 secs] 2559477K->2262291K(3106432K) icms_dc=48 , 0.1043273 secs] [Times: user=1.13 sys=0.04, real=0.10 secs] 
12510.620: [CMS-concurrent-sweep: 11.550/30.488 secs] [Times: user=720.16 sys=25.17, real=30.49 secs] 
12510.622: [CMS-concurrent-reset-start]
12510.650: [CMS-concurrent-reset: 0.028/0.028 secs] [Times: user=0.83 sys=0.03, real=0.03 secs] 
12511.143: [GC 12511.144: [ParNew: 344492K->32672K(353920K), 0.1070782 secs] 2546021K->2243923K(3106432K) icms_dc=36 , 0.1086644 secs] [Times: user=1.03 sys=0.01, real=0.11 secs] 
12511.287: [GC 12511.288: [ParNew: 32931K->11477K(353920K), 0.1083040 secs] 2244181K->2249213K(3106432K) icms_dc=36 , 0.1095129 secs] [Times: user=0.83 sys=0.03, real=0.11 secs] 
12511.684: [GC [1 CMS-initial-mark: 2237735K(2752512K)] 2349969K(3106432K), 0.6144018 secs] [Times: user=0.62 sys=0.00, real=0.62 secs] 
12512.300: [CMS-concurrent-mark-start]
12512.887: [GC 12512.888: [ParNew: 326101K->21974K(353920K), 0.0925637 secs] 2563837K->2259709K(3106432K) icms_dc=36 , 0.0940720 secs] [Times: user=0.99 sys=0.07, real=0.09 secs] 
12513.758: [GC 12513.759: [ParNew: 336598K->27725K(353920K), 0.1409475 secs] 2574333K->2275252K(3106432K) icms_dc=42 , 0.1425376 secs] [Times: user=1.47 sys=0.16, real=0.14 secs] 
12514.686: [GC 12514.687: [ParNew: 342349K->26405K(353920K), 0.1094469 secs] 2589876K->2285378K(3106432K) icms_dc=52 , 0.1110513 secs] [Times: user=1.08 sys=0.07, real=0.11 secs] 
12515.620: [GC 12515.621: [ParNew: 341046K->31560K(353920K), 0.2294643 secs] 2600018K->2290532K(3106432K) icms_dc=52 , 0.2310006 secs] [Times: user=1.83 sys=0.37, real=0.23 secs] 
12515.886: [GC 12515.887: [ParNew: 32008K->28733K(353920K), 0.2180959 secs] 2290981K->2295373K(3106432K) icms_dc=52 , 0.2193854 secs] [Times: user=1.75 sys=0.33, real=0.22 secs] 
12516.942: [GC 12516.943: [ParNew: 343692K->38349K(353920K), 0.1060353 secs] 2610332K->2304989K(3106432K) icms_dc=52 , 0.1075749 secs] [Times: user=0.93 sys=0.02, real=0.11 secs] 
12517.085: [GC 12517.086: [ParNew: 38764K->19371K(353920K), 0.0829740 secs] 2305404K->2316529K(3106432K) icms_dc=52 , 0.0841552 secs] [Times: user=1.02 sys=0.02, real=0.08 secs] 
12518.020: [GC 12518.021: [ParNew: 333995K->22721K(353920K), 0.0993060 secs] 2631153K->2319879K(3106432K) icms_dc=52 , 0.1008569 secs] [Times: user=0.89 sys=0.02, real=0.10 secs] 
12518.891: [GC 12518.892: [ParNew: 337345K->39296K(353920K), 0.0959130 secs] 2634503K->2337358K(3106432K) icms_dc=52 , 0.0974260 secs] [Times: user=1.02 sys=0.01, real=0.10 secs] 
12519.747: [GC 12519.748: [ParNew: 353920K->36038K(353920K), 0.1425193 secs] 2651982K->2354334K(3106432K) icms_dc=60 , 0.1440654 secs] [Times: user=1.26 sys=0.03, real=0.14 secs] 
12520.947: [GC 12520.948: [ParNew: 350662K->38255K(353920K), 0.1052230 secs] 2668958K->2367626K(3106432K) icms_dc=61 , 0.1067715 secs] [Times: user=1.18 sys=0.06, real=0.11 secs] 
12521.920: [GC 12521.921: [ParNew: 352879K->28664K(353920K), 0.0880204 secs] 2682250K->2368847K(3106432K) icms_dc=65 , 0.0896176 secs] [Times: user=1.08 sys=0.02, real=0.09 secs] 
12522.752: [GC 12522.753: [ParNew: 343288K->39296K(353920K), 0.0711551 secs] 2683471K->2379840K(3106432K) icms_dc=65 , 0.0726733 secs] [Times: user=0.96 sys=0.01, real=0.07 secs] 
12523.733: [GC 12523.734: [ParNew: 353920K->36900K(353920K), 0.1475771 secs] 2694524K->2395645K(3106432K) icms_dc=73 , 0.1491364 secs] [Times: user=1.45 sys=0.10, real=0.15 secs] 
12523.917: [GC 12523.918: [ParNew: 37134K->15675K(353920K), 0.0678000 secs] 2395879K->2401307K(3106432K) icms_dc=91 , 0.0690030 secs] [Times: user=0.87 sys=0.04, real=0.07 secs] 
12524.884: [GC 12524.885: [ParNew: 330299K->36134K(353920K), 0.0683812 secs] 2715931K->2421766K(3106432K) icms_dc=91 , 0.0699186 secs] [Times: user=0.96 sys=0.04, real=0.07 secs] 
12525.727: [GC 12525.728: [ParNew: 350758K->34850K(353920K), 0.1927467 secs] 2736390K->2435568K(3106432K) icms_dc=91 , 0.2127064 secs] [Times: user=1.34 sys=0.11, real=0.21 secs] 
12526.742: [GC 12526.743: [ParNew: 349474K->34139K(353920K), 0.0797598 secs] 2750192K->2444130K(3106432K) icms_dc=91 , 0.0813711 secs] [Times: user=1.09 sys=0.02, real=0.08 secs] 
12527.672: [GC 12527.673: [ParNew: 348763K->31216K(353920K), 0.0773602 secs] 2758754K->2452284K(3106432K) icms_dc=91 , 0.0789109 secs] [Times: user=1.07 sys=0.03, real=0.08 secs] 
12528.948: [GC 12528.949: [ParNew: 345840K->30821K(353920K), 0.1136884 secs] 2766908K->2463534K(3106432K) icms_dc=91 , 0.1152343 secs] [Times: user=1.25 sys=0.12, real=0.12 secs] 
12530.131: [GC 12530.132: [ParNew: 346279K->37947K(353920K), 0.1077582 secs] 2778993K->2470660K(3106432K) icms_dc=91 , 0.1092969 secs] [Times: user=1.19 sys=0.11, real=0.11 secs] 
12530.275: [GC 12530.276: [ParNew: 38392K->16210K(353920K), 0.1293331 secs] 2471105K->2481313K(3106432K) icms_dc=91 , 0.1305405 secs] [Times: user=1.28 sys=0.12, real=0.13 secs] 
12531.319: [GC 12531.320: [ParNew: 331472K->31640K(353920K), 0.1278395 secs] 2796575K->2496743K(3106432K) icms_dc=91 , 0.1293886 secs] [Times: user=1.28 sys=0.18, real=0.13 secs] 
12531.483: [GC 12531.483: [ParNew: 31886K->8657K(353920K), 0.0757392 secs] 2496988K->2502962K(3106432K) icms_dc=91 , 0.0769424 secs] [Times: user=0.93 sys=0.03, real=0.08 secs] 
12532.505: [GC 12532.506: [ParNew: 323227K->22939K(353920K), 0.1661708 secs] 2817533K->2517245K(3106432K) icms_dc=91 , 0.1677476 secs] [Times: user=1.26 sys=0.20, real=0.17 secs] 
12533.487: [GC 12533.489: [ParNew: 337563K->22306K(353920K), 0.1323708 secs] 2831869K->2527531K(3106432K) icms_dc=91 , 0.1339047 secs] [Times: user=1.30 sys=0.10, real=0.13 secs] 
12534.491: [GC 12534.492: [ParNew: 336930K->28945K(353920K), 0.1088912 secs] 2842155K->2534171K(3106432K) icms_dc=91 , 0.1104125 secs] [Times: user=1.12 sys=0.09, real=0.11 secs] 
12535.441: [GC 12535.442: [ParNew: 343569K->36418K(353920K), 0.0842467 secs] 2848795K->2548335K(3106432K) icms_dc=91 , 0.0858317 secs] [Times: user=1.12 sys=0.05, real=0.09 secs] 
12536.412: [GC 12536.414: [ParNew: 351042K->38336K(353920K), 0.1149796 secs] 2862959K->2556688K(3106432K) icms_dc=91 , 0.1165480 secs] [Times: user=1.06 sys=0.04, real=0.12 secs] 
12537.454: [GC 12537.455: [ParNew: 352960K->35508K(353920K), 0.1103423 secs] 2871312K->2559815K(3106432K) icms_dc=91 , 0.1119254 secs] [Times: user=1.20 sys=0.11, real=0.11 secs] 
12537.773: [CMS-concurrent-mark: 15.206/25.473 secs] [Times: user=617.96 sys=19.45, real=25.47 secs] 
12537.775: [CMS-concurrent-preclean-start]
12538.576: [GC 12538.578: [ParNew: 350132K->36721K(353920K), 0.1529772 secs] 2874439K->2567936K(3106432K) icms_dc=91 , 0.1546901 secs] [Times: user=1.48 sys=0.19, real=0.16 secs] 
12539.647: [GC 12539.648: [ParNew: 351345K->36716K(353920K), 0.1321746 secs] 2882560K->2573989K(3106432K) icms_dc=91 , 0.1338287 secs] [Times: user=1.33 sys=0.11, real=0.13 secs] 
12540.652: [GC 12540.653: [ParNew: 351340K->34023K(353920K), 0.0932016 secs] 2888613K->2577068K(3106432K) icms_dc=91 , 0.0947647 secs] [Times: user=1.06 sys=0.02, real=0.10 secs] 
12541.484: [GC 12541.485: [ParNew: 348647K->35961K(353920K), 0.1334752 secs] 2891692K->2584552K(3106432K) icms_dc=91 , 0.1350111 secs] [Times: user=1.20 sys=0.09, real=0.14 secs] 
12542.389: [GC 12542.390: [ParNew: 350585K->39295K(353920K), 0.1056736 secs] 2899176K->2593398K(3106432K) icms_dc=91 , 0.1071914 secs] [Times: user=1.13 sys=0.03, real=0.11 secs] 
12543.339: [GC 12543.340: [ParNew: 353919K->39296K(353920K), 0.1354736 secs] 2908022K->2602828K(3106432K) icms_dc=91 , 0.1370300 secs] [Times: user=1.07 sys=0.01, real=0.14 secs] 
12544.269: [GC 12544.270: [ParNew: 353488K->34449K(353920K), 0.0776784 secs] 2917021K->2604847K(3106432K) icms_dc=91 , 0.0792391 secs] [Times: user=1.10 sys=0.02, real=0.08 secs] 
12545.172: [GC 12545.173: [ParNew: 349073K->39296K(353920K), 0.1317347 secs] 2919471K->2617673K(3106432K) icms_dc=91 , 0.1333134 secs] [Times: user=1.36 sys=0.09, real=0.13 secs] 
12546.259: [GC 12546.260: [ParNew: 353920K->30481K(353920K), 0.0889086 secs] 2932497K->2624451K(3106432K) icms_dc=91 , 0.0904387 secs] [Times: user=1.12 sys=0.02, real=0.09 secs] 
12546.384: [GC 12546.385: [ParNew: 30707K->23188K(353920K), 0.0472161 secs] 2624677K->2617158K(3106432K) icms_dc=91 , 0.0483815 secs] [Times: user=0.75 sys=0.03, real=0.05 secs] 
12547.225: [GC 12547.226: [ParNew: 337812K->36529K(353920K), 0.0809548 secs] 2931782K->2630499K(3106432K) icms_dc=91 , 0.0825393 secs] [Times: user=0.99 sys=0.02, real=0.08 secs] 
12547.793: [CMS-concurrent-preclean: 6.820/10.019 secs] [Times: user=239.82 sys=8.87, real=10.02 secs] 
12547.795: [CMS-concurrent-abortable-preclean-start]
12548.259: [GC 12548.260: [ParNew: 351254K->31523K(353920K), 0.1547462 secs] 2945224K->2640643K(3106432K) icms_dc=91 , 0.1562880 secs] [Times: user=1.28 sys=0.06, real=0.16 secs] 
12548.452: [GC 12548.453: [ParNew: 31880K->25332K(353920K), 0.1307237 secs] 2641000K->2634452K(3106432K) icms_dc=92 , 0.1318618 secs] [Times: user=0.93 sys=0.11, real=0.13 secs] 
12549.142: [CMS-concurrent-abortable-preclean: 0.726/1.347 secs] [Times: user=27.45 sys=1.02, real=1.35 secs] 
12549.179: [GC[YG occupancy: 299873 K (353920 K)]12549.179: [Rescan (parallel) , 0.1420671 secs]12549.321: [weak refs processing, 0.0336160 secs] [1 CMS-remark: 2609120K(2752512K)] 2908993K(3106432K), 0.1802029 secs] [Times: user=2.59 sys=0.05, real=0.18 secs] 
12549.361: [CMS-concurrent-sweep-start]
12549.522: [GC 12549.523: [ParNew: 340149K->39229K(353920K), 0.0662072 secs] 2949266K->2648346K(3106432K) icms_dc=92 , 0.0678073 secs] [Times: user=1.03 sys=0.02, real=0.07 secs] 
12549.625: [GC 12549.625: [ParNew: 39507K->19230K(353920K), 0.1114324 secs] 2648624K->2659004K(3106432K) icms_dc=92 , 0.1126305 secs] [Times: user=1.19 sys=0.06, real=0.11 secs] 
12550.607: [GC 12550.608: [ParNew: 333854K->23341K(353920K), 0.0671572 secs] 2973576K->2663062K(3106432K) icms_dc=92 , 0.0687366 secs] [Times: user=0.91 sys=0.02, real=0.07 secs] 
12551.619: [GC 12551.620: [ParNew: 337965K->24014K(353920K), 0.0861452 secs] 2977472K->2674670K(3106432K) icms_dc=92 , 0.0877376 secs] [Times: user=1.14 sys=0.03, real=0.09 secs] 
12552.553: [GC 12552.554: [ParNew: 338595K->25565K(353920K), 0.1138154 secs] 2987875K->2685595K(3106432K) icms_dc=92 , 0.1153562 secs] [Times: user=1.20 sys=0.07, real=0.12 secs] 
12553.505: [GC 12553.506: [ParNew: 340189K->36734K(353920K), 0.1647473 secs] 2998863K->2695408K(3106432K) icms_dc=92 , 0.1663291 secs] [Times: user=1.43 sys=0.22, real=0.17 secs] 
12554.428: [GC 12554.429: [ParNew: 351358K->39295K(353920K), 0.1170742 secs] 3006702K->2702417K(3106432K) icms_dc=92 , 0.1186646 secs] [Times: user=1.33 sys=0.08, real=0.12 secs] 
12555.365: [GC 12555.366: [ParNew: 353919K->39296K(353920K), 0.1141426 secs] 3015376K->2708900K(3106432K) icms_dc=92 , 0.1156891 secs] [Times: user=1.12 sys=0.02, real=0.12 secs] 
12556.378: [GC 12556.379: [ParNew: 353920K->32445K(353920K), 0.1011339 secs] 3022599K->2709933K(3106432K) icms_dc=92 , 0.1026957 secs] [Times: user=1.15 sys=0.02, real=0.10 secs] 
12557.343: [GC 12557.344: [ParNew: 347876K->38138K(353920K), 0.0715216 secs] 3020013K->2717160K(3106432K) icms_dc=92 , 0.0732437 secs] [Times: user=1.11 sys=0.01, real=0.07 secs] 
12558.397: [GC 12558.398: [ParNew: 353130K->39296K(353920K), 0.1880551 secs] 3030211K->2722169K(3106432K) icms_dc=92 , 0.1896710 secs] [Times: user=1.43 sys=0.16, real=0.19 secs] 
12558.624: [GC 12558.624: [ParNew: 39731K->36472K(353920K), 0.1969919 secs] 2722604K->2727588K(3106432K) icms_dc=92 , 0.1981904 secs] [Times: user=1.30 sys=0.17, real=0.20 secs] 
12559.520: [GC 12559.521: [ParNew: 351096K->38026K(353920K), 0.0796824 secs] 3041991K->2728921K(3106432K) icms_dc=92 , 0.0812621 secs] [Times: user=0.97 sys=0.01, real=0.08 secs] 
12560.404: [GC 12560.405: [ParNew: 352650K->39295K(353920K), 0.1500766 secs] 3043330K->2740072K(3106432K) icms_dc=92 , 0.1516581 secs] [Times: user=1.63 sys=0.15, real=0.15 secs] 
12561.450: [GC 12561.451: [ParNew: 353919K->39296K(353920K), 0.2295293 secs] 3053262K->2750726K(3106432K) icms_dc=92 , 0.2310741 secs] [Times: user=1.75 sys=0.27, real=0.23 secs] 
12562.376: [GC 12562.378: [ParNew (promotion failed): 353919K->353919K(353920K), 0.7487256 secs]12563.126: [CMS12566.762: [CMS-concurrent-sweep: 12.526/17.402 secs] [Times: user=312.60 sys=11.38, real=17.40 secs] 
 (concurrent mode failure): 2712532K->1617191K(2752512K), 41.8898608 secs] 3062277K->1617191K(3106432K), [CMS Perm : 206773K->204991K(402264K)] icms_dc=92 , 42.6403434 secs] [Times: user=43.90 sys=0.28, real=42.64 secs] 
12605.427: [GC [1 CMS-initial-mark: 1617191K(2752512K)] 1639673K(3106432K), 0.4531762 secs] [Times: user=0.45 sys=0.00, real=0.45 secs] 
12605.881: [CMS-concurrent-mark-start]
12607.600: [GC 12607.601: [ParNew: 315735K->37563K(353920K), 0.0967402 secs] 1932927K->1654755K(3106432K) icms_dc=92 , 0.0983572 secs] [Times: user=1.04 sys=0.07, real=0.10 secs] 
12609.045: [GC 12609.046: [ParNew: 352187K->32366K(353920K), 0.1023014 secs] 1969379K->1666754K(3106432K) icms_dc=92 , 0.1038918 secs] [Times: user=1.22 sys=0.05, real=0.10 secs] 
12610.076: [GC 12610.077: [ParNew: 346990K->30086K(353920K), 0.0783901 secs] 1981378K->1674280K(3106432K) icms_dc=92 , 0.0799704 secs] [Times: user=0.97 sys=0.02, real=0.08 secs] 
12611.415: [GC 12611.416: [ParNew: 344710K->28502K(353920K), 0.1078288 secs] 1988904K->1684409K(3106432K) icms_dc=92 , 0.1094418 secs] [Times: user=1.00 sys=0.03, real=0.11 secs] 
12612.352: [GC 12612.354: [ParNew: 343126K->33528K(353920K), 0.1125278 secs] 1999033K->1689435K(3106432K) icms_dc=92 , 0.1140939 secs] [Times: user=1.04 sys=0.07, real=0.11 secs] 
12613.431: [GC 12613.432: [ParNew: 348152K->28156K(353920K), 0.1298376 secs] 2004059K->1701093K(3106432K) icms_dc=92 , 0.1314283 secs] [Times: user=1.25 sys=0.04, real=0.13 secs] 
12614.481: [GC 12614.482: [ParNew: 342780K->37527K(353920K), 0.0756354 secs] 2015717K->1710464K(3106432K) icms_dc=92 , 0.0771665 secs] [Times: user=0.88 sys=0.01, real=0.08 secs] 
12615.779: [GC 12615.780: [ParNew: 352151K->33674K(353920K), 0.0970874 secs] 2025088K->1724975K(3106432K) icms_dc=92 , 0.0986523 secs] [Times: user=1.15 sys=0.03, real=0.10 secs] 
12616.793: [GC 12616.794: [ParNew: 348298K->28431K(353920K), 0.1848679 secs] 2039599K->1729387K(3106432K) icms_dc=92 , 0.1865170 secs] [Times: user=1.59 sys=0.28, real=0.19 secs] 
12617.789: [GC 12617.790: [ParNew: 343055K->26387K(353920K), 0.0933704 secs] 2044011K->1736247K(3106432K) icms_dc=92 , 0.0949672 secs] [Times: user=1.12 sys=0.08, real=0.10 secs] 
12618.791: [GC 12618.792: [ParNew: 341011K->37407K(353920K), 0.0908365 secs] 2050871K->1747267K(3106432K) icms_dc=92 , 0.0924261 secs] [Times: user=1.07 sys=0.06, real=0.09 secs] 
12619.819: [GC 12619.820: [ParNew: 352031K->32220K(353920K), 0.1084714 secs] 2061891K->1760346K(3106432K) icms_dc=92 , 0.1100904 secs] [Times: user=1.20 sys=0.05, real=0.11 secs] 
12620.862: [GC 12620.863: [ParNew: 347285K->37893K(353920K), 0.0674355 secs] 2075412K->1766019K(3106432K) icms_dc=92 , 0.0689748 secs] [Times: user=0.97 sys=0.02, real=0.07 secs] 
12620.981: [GC 12620.982: [ParNew: 45216K->22357K(353920K), 0.1493313 secs] 1773343K->1780288K(3106432K) icms_dc=92 , 0.1505795 secs] [Times: user=1.49 sys=0.15, real=0.15 secs] 
12621.969: [GC 12621.970: [ParNew: 337257K->29083K(353920K), 0.1454267 secs] 2095188K->1787013K(3106432K) icms_dc=92 , 0.1469596 secs] [Times: user=1.35 sys=0.23, real=0.15 secs] 
12622.151: [GC 12622.151: [ParNew: 29431K->11133K(353920K), 0.0860817 secs] 1787362K->1795098K(3106432K) icms_dc=92 , 0.0872839 secs] [Times: user=0.97 sys=0.04, real=0.09 secs] 
12623.044: [GC 12623.045: [ParNew: 325757K->27073K(353920K), 0.0568002 secs] 2109722K->1811038K(3106432K) icms_dc=92 , 0.0583386 secs] [Times: user=0.82 sys=0.03, real=0.06 secs] 
12623.920: [GC 12623.921: [ParNew: 341697K->27756K(353920K), 0.0977812 secs] 2125662K->1824517K(3106432K) icms_dc=92 , 0.0993172 secs] [Times: user=1.21 sys=0.05, real=0.10 secs] 
12624.956: [GC 12624.957: [ParNew: 342380K->24916K(353920K), 0.1448911 secs] 2139141K->1832921K(3106432K) icms_dc=92 , 0.1466621 secs] [Times: user=1.51 sys=0.13, real=0.15 secs] 
12625.929: [GC 12625.930: [ParNew: 339377K->37568K(353920K), 0.0690459 secs] 2147382K->1845572K(3106432K) icms_dc=92 , 0.0706763 secs] [Times: user=0.96 sys=0.02, real=0.07 secs] 
12626.818: [GC 12626.819: [ParNew: 352296K->34032K(353920K), 0.1487721 secs] 2160301K->1859838K(3106432K) icms_dc=92 , 0.1503876 secs] [Times: user=1.34 sys=0.06, real=0.15 secs] 
12627.005: [GC 12627.005: [ParNew: 34798K->9862K(353920K), 0.1089166 secs] 1860603K->1855855K(3106432K) icms_dc=92 , 0.1101447 secs] [Times: user=0.84 sys=0.03, real=0.11 secs] 
12627.955: [GC 12627.956: [ParNew: 324486K->24707K(353920K), 0.1040854 secs] 2170479K->1870700K(3106432K) icms_dc=92 , 0.1056024 secs] [Times: user=0.96 sys=0.05, real=0.11 secs] 
12628.845: [GC 12628.846: [ParNew: 339331K->25252K(353920K), 0.1842668 secs] 2185324K->1884417K(3106432K) icms_dc=92 , 0.1858061 secs] [Times: user=1.66 sys=0.24, real=0.19 secs] 
12629.804: [GC 12629.805: [ParNew: 339876K->39296K(353920K), 0.1248690 secs] 2199041K->1899477K(3106432K) icms_dc=92 , 0.1264080 secs] [Times: user=1.17 sys=0.12, real=0.13 secs] 
12630.220: [CMS-concurrent-mark: 14.614/24.339 secs] [Times: user=549.55 sys=17.87, real=24.34 secs] 
12630.221: [CMS-concurrent-preclean-start]
12630.718: [GC 12630.720: [ParNew: 353920K->28261K(353920K), 0.0985423 secs] 2214101K->1908268K(3106432K) icms_dc=92 , 0.1001675 secs] [Times: user=1.32 sys=0.04, real=0.10 secs] 
12631.631: [GC 12631.633: [ParNew: 342885K->39296K(353920K), 0.1246711 secs] 2222892K->1920499K(3106432K) icms_dc=92 , 0.1263002 secs] [Times: user=1.21 sys=0.17, real=0.13 secs] 
12632.534: [GC 12632.535: [ParNew: 353920K->34807K(353920K), 0.1797175 secs] 2235123K->1934745K(3106432K) icms_dc=92 , 0.1812935 secs] [Times: user=1.56 sys=0.22, real=0.18 secs] 
12633.468: [GC 12633.469: [ParNew: 349431K->31305K(353920K), 0.1392733 secs] 2249369K->1939675K(3106432K) icms_dc=92 , 0.1409806 secs] [Times: user=1.26 sys=0.10, real=0.14 secs] 
12634.434: [GC 12634.435: [ParNew: 345929K->28662K(353920K), 0.1286660 secs] 2254299K->1947486K(3106432K) icms_dc=92 , 0.1302379 secs] [Times: user=1.29 sys=0.14, real=0.13 secs] 
12635.424: [GC 12635.426: [ParNew: 343196K->28865K(353920K), 0.1046803 secs] 2262020K->1955830K(3106432K) icms_dc=92 , 0.1063807 secs] [Times: user=1.15 sys=0.03, real=0.11 secs] 
12636.424: [GC 12636.425: [ParNew: 343921K->30369K(353920K), 0.1179855 secs] 2270885K->1967599K(3106432K) icms_dc=92 , 0.1197322 secs] [Times: user=1.25 sys=0.08, real=0.12 secs] 
12636.580: [GC 12636.581: [ParNew: 31259K->17138K(353920K), 0.1500199 secs] 1968489K->1975251K(3106432K) icms_dc=92 , 0.1512499 secs] [Times: user=1.35 sys=0.24, real=0.15 secs] 
12637.588: [GC 12637.589: [ParNew: 331762K->26591K(353920K), 0.1009869 secs] 2289875K->1984704K(3106432K) icms_dc=92 , 0.1026189 secs] [Times: user=1.08 sys=0.09, real=0.10 secs] 
12638.457: [GC 12638.458: [ParNew: 341215K->25840K(353920K), 0.0891723 secs] 2299328K->1996268K(3106432K) icms_dc=92 , 0.0907238 secs] [Times: user=1.06 sys=0.02, real=0.09 secs] 
12639.407: [GC 12639.408: [ParNew: 340464K->30777K(353920K), 0.0778925 secs] 2310892K->2011179K(3106432K) icms_dc=92 , 0.0794805 secs] [Times: user=1.05 sys=0.02, real=0.08 secs] 
12640.256: [GC 12640.257: [ParNew: 345401K->29865K(353920K), 0.0706424 secs] 2325803K->2020200K(3106432K) icms_dc=92 , 0.0722398 secs] [Times: user=0.98 sys=0.02, real=0.07 secs] 
12641.181: [GC 12641.182: [ParNew: 344489K->38565K(353920K), 0.0814472 secs] 2334824K->2028900K(3106432K) icms_dc=92 , 0.0830040 secs] [Times: user=0.98 sys=0.03, real=0.08 secs] 
12642.191: [GC 12642.192: [ParNew: 353196K->29965K(353920K), 0.1395353 secs] 2343530K->2038449K(3106432K) icms_dc=92 , 0.1499433 secs] [Times: user=1.27 sys=0.03, real=0.15 secs] 
12642.377: [GC 12642.378: [ParNew: 30297K->23678K(353920K), 0.0966935 secs] 2038781K->2032161K(3106432K) icms_dc=92 , 0.0978734 secs] [Times: user=0.86 sys=0.10, real=0.10 secs] 
12643.371: [GC 12643.372: [ParNew: 338302K->37218K(353920K), 0.1191481 secs] 2346785K->2045702K(3106432K) icms_dc=92 , 0.1207042 secs] [Times: user=1.15 sys=0.07, real=0.12 secs] 
12644.513: [GC 12644.514: [ParNew: 351842K->30314K(353920K), 0.1104795 secs] 2360326K->2056017K(3106432K) icms_dc=92 , 0.1122741 secs] [Times: user=1.31 sys=0.05, real=0.11 secs] 
12645.425: [GC 12645.426: [ParNew: 345221K->31438K(353920K), 0.0769925 secs] 2370925K->2066327K(3106432K) icms_dc=92 , 0.0785188 secs] [Times: user=1.01 sys=0.03, real=0.08 secs] 
12645.539: [GC 12645.540: [ParNew: 32120K->18771K(353920K), 0.0682673 secs] 2067010K->2076032K(3106432K) icms_dc=92 , 0.0695245 secs] [Times: user=0.83 sys=0.03, real=0.07 secs] 
12646.514: [GC 12646.515: [ParNew: 333514K->22618K(353920K), 0.0691506 secs] 2390775K->2079879K(3106432K) icms_dc=92 , 0.0707126 secs] [Times: user=0.91 sys=0.04, real=0.07 secs] 
12646.620: [GC 12646.621: [ParNew: 22693K->2360K(353920K), 0.0902985 secs] 2079954K->2080278K(3106432K) icms_dc=92 , 0.0914882 secs] [Times: user=0.97 sys=0.06, real=0.09 secs] 
12647.592: [GC 12647.594: [ParNew: 316984K->23930K(353920K), 0.0704149 secs] 2394902K->2101849K(3106432K) icms_dc=92 , 0.0721463 secs] [Times: user=0.93 sys=0.02, real=0.07 secs] 
12648.474: [GC 12648.476: [ParNew: 338780K->28597K(353920K), 0.0895215 secs] 2416698K->2118934K(3106432K) icms_dc=92 , 0.0910867 secs] [Times: user=1.16 sys=0.03, real=0.09 secs] 
12648.601: [GC 12648.601: [ParNew: 29027K->6026K(353920K), 0.0774476 secs] 2119364K->2120039K(3106432K) icms_dc=92 , 0.0786812 secs] [Times: user=0.95 sys=0.04, real=0.08 secs] 
12648.818: [CMS-concurrent-preclean: 12.216/18.597 secs] [Times: user=442.22 sys=14.79, real=18.60 secs] 
12648.820: [CMS-concurrent-abortable-preclean-start]
12649.555: [GC 12649.556: [ParNew: 320650K->29465K(353920K), 0.0971315 secs] 2434663K->2143478K(3106432K) icms_dc=92 , 0.0986902 secs] [Times: user=1.06 sys=0.06, real=0.10 secs] 
12650.162: [CMS-concurrent-abortable-preclean: 0.918/1.343 secs] [Times: user=33.72 sys=1.09, real=1.34 secs] 
12650.200: [GC[YG occupancy: 212133 K (353920 K)]12650.200: [Rescan (parallel) , 0.3087829 secs]12650.509: [weak refs processing, 0.0006475 secs] [1 CMS-remark: 2114012K(2752512K)] 2326145K(3106432K), 0.3101096 secs] [Times: user=3.23 sys=0.37, real=0.31 secs] 
12650.512: [CMS-concurrent-sweep-start]
12651.245: [GC 12651.246: [ParNew: 344089K->24352K(353920K), 0.1175475 secs] 2458101K->2150229K(3106432K) icms_dc=92 , 0.1192088 secs] [Times: user=1.10 sys=0.01, real=0.12 secs] 
12652.122: [GC 12652.123: [ParNew: 338976K->35353K(353920K), 0.0745805 secs] 2464851K->2161228K(3106432K) icms_dc=92 , 0.0761517 secs] [Times: user=1.07 sys=0.04, real=0.08 secs] 
12653.021: [GC 12653.022: [ParNew: 349977K->39296K(353920K), 0.2063278 secs] 2475845K->2174993K(3106432K) icms_dc=92 , 0.2078982 secs] [Times: user=1.71 sys=0.27, real=0.21 secs] 
12654.096: [GC 12654.097: [ParNew: 353920K->35020K(353920K), 0.1403585 secs] 2489604K->2188827K(3106432K) icms_dc=92 , 0.1419436 secs] [Times: user=1.41 sys=0.10, real=0.14 secs] 
12654.996: [GC 12654.997: [ParNew: 349644K->28261K(353920K), 0.0922431 secs] 2503431K->2191169K(3106432K) icms_dc=92 , 0.0938151 secs] [Times: user=1.07 sys=0.04, real=0.09 secs] 
12656.570: [GC 12656.571: [ParNew: 342265K->33712K(353920K), 0.1842525 secs] 2505089K->2205994K(3106432K) icms_dc=92 , 0.1858348 secs] [Times: user=1.52 sys=0.19, real=0.19 secs] 
12657.576: [GC 12657.577: [ParNew: 348336K->30662K(353920K), 0.1160168 secs] 2520483K->2212890K(3106432K) icms_dc=92 , 0.1176053 secs] [Times: user=1.29 sys=0.12, real=0.12 secs] 
12658.711: [GC 12658.712: [ParNew: 345286K->29792K(353920K), 0.0939901 secs] 2527396K->2223147K(3106432K) icms_dc=92 , 0.0955985 secs] [Times: user=1.13 sys=0.02, real=0.10 secs] 
12659.689: [GC 12659.691: [ParNew: 344449K->28907K(353920K), 0.0749404 secs] 2537337K->2233675K(3106432K) icms_dc=92 , 0.0764915 secs] [Times: user=1.06 sys=0.02, real=0.08 secs] 
12659.802: [GC 12659.803: [ParNew: 29294K->10424K(353920K), 0.0779112 secs] 2234061K->2236867K(3106432K) icms_dc=92 , 0.0791533 secs] [Times: user=0.94 sys=0.03, real=0.08 secs] 
12660.787: [GC 12660.788: [ParNew: 325048K->24185K(353920K), 0.1037305 secs] 2551489K->2250627K(3106432K) icms_dc=92 , 0.1053596 secs] [Times: user=1.09 sys=0.12, real=0.11 secs] 
12661.828: [GC 12661.829: [ParNew: 338939K->25889K(353920K), 0.1246906 secs] 2565369K->2263479K(3106432K) icms_dc=92 , 0.1262652 secs] [Times: user=1.15 sys=0.02, real=0.13 secs] 
12661.990: [GC 12661.990: [ParNew: 26347K->24625K(353920K), 0.0479808 secs] 2263937K->2262215K(3106432K) icms_dc=92 , 0.0492091 secs] [Times: user=0.74 sys=0.03, real=0.05 secs] 
12662.870: [GC 12662.871: [ParNew: 339249K->36862K(353920K), 0.0627590 secs] 2576825K->2274438K(3106432K) icms_dc=92 , 0.0643385 secs] [Times: user=0.95 sys=0.02, real=0.06 secs] 
12663.762: [GC 12663.763: [ParNew: 351222K->25571K(353920K), 0.0888797 secs] 2588598K->2280869K(3106432K) icms_dc=92 , 0.0905963 secs] [Times: user=1.20 sys=0.04, real=0.09 secs] 
12664.664: [GC 12664.665: [ParNew: 340195K->38240K(353920K), 0.1155985 secs] 2595348K->2293393K(3106432K) icms_dc=92 , 0.1171532 secs] [Times: user=1.30 sys=0.16, real=0.12 secs] 
12665.675: [GC 12665.676: [ParNew: 352849K->38522K(353920K), 0.0893115 secs] 2607875K->2301482K(3106432K) icms_dc=92 , 0.0909187 secs] [Times: user=1.10 sys=0.03, real=0.09 secs] 
12666.590: [GC 12666.591: [ParNew: 353146K->39295K(353920K), 0.0921048 secs] 2615759K->2310874K(3106432K) icms_dc=92 , 0.0937296 secs] [Times: user=1.16 sys=0.02, real=0.09 secs] 
12667.311: [CMS-concurrent-sweep: 11.626/16.799 secs] [Times: user=385.21 sys=14.06, real=16.80 secs] 
12667.312: [CMS-concurrent-reset-start]
12667.344: [CMS-concurrent-reset: 0.032/0.032 secs] [Times: user=0.81 sys=0.04, real=0.03 secs] 
12667.639: [GC 12667.659: [ParNew: 353919K->31767K(353920K), 0.1148550 secs] 2603020K->2297218K(3106432K) icms_dc=69 , 0.1165673 secs] [Times: user=1.14 sys=0.02, real=0.14 secs] 
12667.959: [GC [1 CMS-initial-mark: 2265451K(2752512K)] 2346039K(3106432K), 0.5127915 secs] [Times: user=0.52 sys=0.00, real=0.51 secs] 
12668.473: [CMS-concurrent-mark-start]
12669.410: [GC 12669.411: [ParNew: 347409K->34964K(353920K), 0.0917110 secs] 2612860K->2300415K(3106432K) icms_dc=69 , 0.0933269 secs] [Times: user=1.14 sys=0.07, real=0.09 secs] 
12669.538: [GC 12669.539: [ParNew: 35271K->12318K(353920K), 0.1836064 secs] 2300722K->2306029K(3106432K) icms_dc=69 , 0.1848604 secs] [Times: user=1.66 sys=0.28, real=0.19 secs] 
12670.754: [GC 12670.755: [ParNew: 327101K->28213K(353920K), 0.0956570 secs] 2620813K->2321924K(3106432K) icms_dc=69 , 0.0973076 secs] [Times: user=1.03 sys=0.01, real=0.10 secs] 
12670.890: [GC 12670.890: [ParNew: 28660K->12099K(353920K), 0.1037793 secs] 2322372K->2331651K(3106432K) icms_dc=69 , 0.1049977 secs] [Times: user=1.12 sys=0.06, real=0.11 secs] 
12671.903: [GC 12671.904: [ParNew: 326723K->21402K(353920K), 0.0708952 secs] 2646275K->2340955K(3106432K) icms_dc=69 , 0.0725528 secs] [Times: user=0.94 sys=0.03, real=0.07 secs] 
12673.080: [GC 12673.081: [ParNew: 336026K->25268K(353920K), 0.1462836 secs] 2655579K->2356542K(3106432K) icms_dc=69 , 0.1479524 secs] [Times: user=1.40 sys=0.10, real=0.15 secs] 
12674.101: [GC 12674.103: [ParNew: 339892K->28797K(353920K), 0.1647999 secs] 2671166K->2370247K(3106432K) icms_dc=69 , 0.1665484 secs] [Times: user=1.36 sys=0.12, real=0.17 secs] 
12675.099: [GC 12675.100: [ParNew: 343421K->28676K(353920K), 0.0903748 secs] 2684871K->2380821K(3106432K) icms_dc=69 , 0.0920622 secs] [Times: user=1.22 sys=0.02, real=0.09 secs] 
12676.097: [GC 12676.098: [ParNew: 343300K->28857K(353920K), 0.1015330 secs] 2695445K->2390023K(3106432K) icms_dc=69 , 0.1031448 secs] [Times: user=1.18 sys=0.02, real=0.10 secs] 
12677.078: [GC 12677.079: [ParNew: 343481K->36983K(353920K), 0.1448996 secs] 2704647K->2409330K(3106432K) icms_dc=75 , 0.1464974 secs] [Times: user=1.47 sys=0.06, real=0.15 secs] 
12678.085: [GC 12678.086: [ParNew: 352801K->35963K(353920K), 0.1204211 secs] 2725148K->2419069K(3106432K) icms_dc=75 , 0.1220684 secs] [Times: user=1.45 sys=0.09, real=0.12 secs] 
12679.048: [GC 12679.049: [ParNew: 350587K->32983K(353920K), 0.1470237 secs] 2733693K->2427117K(3106432K) icms_dc=81 , 0.1486830 secs] [Times: user=1.53 sys=0.19, real=0.15 secs] 
12680.095: [GC 12680.096: [ParNew: 347607K->32454K(353920K), 0.1171875 secs] 2741741K->2436968K(3106432K) icms_dc=82 , 0.1322219 secs] [Times: user=1.34 sys=0.10, real=0.13 secs] 
12681.071: [GC 12681.072: [ParNew: 346826K->39296K(353920K), 0.1241331 secs] 2751340K->2444328K(3106432K) icms_dc=82 , 0.1260006 secs] [Times: user=1.37 sys=0.15, real=0.13 secs] 
12682.105: [GC 12682.106: [ParNew: 353920K->29062K(353920K), 0.1340802 secs] 2758998K->2455905K(3106432K) icms_dc=82 , 0.1357616 secs] [Times: user=1.46 sys=0.03, real=0.14 secs] 
12683.078: [GC 12683.079: [ParNew: 343686K->39296K(353920K), 0.2049708 secs] 2770529K->2466702K(3106432K) icms_dc=82 , 0.2065646 secs] [Times: user=1.15 sys=0.02, real=0.21 secs] 
12684.098: [GC 12684.099: [ParNew: 353920K->33625K(353920K), 0.1412295 secs] 2781326K->2478599K(3106432K) icms_dc=82 , 0.1427628 secs] [Times: user=1.63 sys=0.10, real=0.14 secs] 
12685.148: [GC 12685.149: [ParNew: 348245K->28591K(353920K), 0.0841408 secs] 2793219K->2482870K(3106432K) icms_dc=82 , 0.0856916 secs] [Times: user=1.18 sys=0.04, real=0.09 secs] 
12686.201: [GC 12686.202: [ParNew: 343326K->39296K(353920K), 0.1259344 secs] 2797605K->2495225K(3106432K) icms_dc=82 , 0.1274969 secs] [Times: user=1.20 sys=0.07, real=0.13 secs] 
12686.375: [GC 12686.376: [ParNew: 42594K->31610K(353920K), 0.0640852 secs] 2498523K->2495546K(3106432K) icms_dc=82 , 0.0654635 secs] [Times: user=1.00 sys=0.02, real=0.07 secs] 
12687.711: [GC 12687.712: [ParNew: 346379K->31312K(353920K), 0.0958898 secs] 2810316K->2504950K(3106432K) icms_dc=82 , 0.0975226 secs] [Times: user=1.11 sys=0.02, real=0.10 secs] 
12687.844: [GC 12687.845: [ParNew: 31607K->5557K(353920K), 0.0777672 secs] 2505245K->2499426K(3106432K) icms_dc=100 , 0.0789740 secs] [Times: user=0.98 sys=0.03, real=0.08 secs] 
12688.942: [GC 12688.943: [ParNew: 320181K->19300K(353920K), 0.1596961 secs] 2814050K->2513169K(3106432K) icms_dc=100 , 0.1613044 secs] [Times: user=1.23 sys=0.19, real=0.16 secs] 
12690.036: [GC 12690.037: [ParNew: 333924K->31117K(353920K), 0.1069471 secs] 2827793K->2524986K(3106432K) icms_dc=100 , 0.1085490 secs] [Times: user=1.01 sys=0.02, real=0.11 secs] 
12690.218: [CMS-concurrent-mark: 13.971/21.745 secs] [Times: user=508.93 sys=17.29, real=21.75 secs] 
12690.220: [CMS-concurrent-preclean-start]
12691.054: [GC 12691.055: [ParNew: 346590K->39296K(353920K), 0.0880543 secs] 2840459K->2542539K(3106432K) icms_dc=100 , 0.0897325 secs] [Times: user=1.32 sys=0.03, real=0.09 secs] 
12692.132: [GC 12692.134: [ParNew: 353920K->31851K(353920K), 0.1174994 secs] 2857197K->2551587K(3106432K) icms_dc=100 , 0.1191785 secs] [Times: user=1.39 sys=0.04, real=0.12 secs] 
12693.110: [GC 12693.111: [ParNew: 346475K->31501K(353920K), 0.1081514 secs] 2866211K->2551237K(3106432K) icms_dc=100 , 0.1098089 secs] [Times: user=1.13 sys=0.08, real=0.11 secs] 
12694.122: [GC 12694.123: [ParNew: 346125K->34961K(353920K), 0.0941100 secs] 2865861K->2561737K(3106432K) icms_dc=100 , 0.0956656 secs] [Times: user=1.10 sys=0.02, real=0.10 secs] 
12695.126: [GC 12695.127: [ParNew: 349861K->39296K(353920K), 0.1425711 secs] 2876637K->2575459K(3106432K) icms_dc=100 , 0.1443047 secs] [Times: user=1.23 sys=0.02, real=0.14 secs] 
12695.308: [GC 12695.309: [ParNew: 39632K->30042K(353920K), 0.0660554 secs] 2575795K->2575599K(3106432K) icms_dc=100 , 0.0673527 secs] [Times: user=1.03 sys=0.02, real=0.07 secs] 
12696.243: [GC 12696.244: [ParNew: 344666K->39296K(353920K), 0.1027311 secs] 2890223K->2585898K(3106432K) icms_dc=100 , 0.1043317 secs] [Times: user=1.24 sys=0.07, real=0.11 secs] 
12697.199: [GC 12697.200: [ParNew: 353920K->39296K(353920K), 0.1463456 secs] 2900579K->2596299K(3106432K) icms_dc=100 , 0.1480143 secs] [Times: user=1.54 sys=0.17, real=0.15 secs] 
12697.399: [GC 12697.399: [ParNew: 47986K->34526K(353920K), 0.1407739 secs] 2604990K->2600423K(3106432K) icms_dc=100 , 0.1420891 secs] [Times: user=1.30 sys=0.12, real=0.14 secs] 
12698.281: [GC 12698.282: [ParNew: 349150K->37351K(353920K), 0.1576189 secs] 2915047K->2603248K(3106432K) icms_dc=100 , 0.1593498 secs] [Times: user=1.17 sys=0.03, real=0.16 secs] 
12699.322: [GC 12699.323: [ParNew: 351975K->39296K(353920K), 0.1764646 secs] 2917872K->2613206K(3106432K) icms_dc=100 , 0.1780262 secs] [Times: user=1.30 sys=0.08, real=0.18 secs] 
12700.252: [GC 12700.254: [ParNew: 353920K->39296K(353920K), 0.1669239 secs] 2927830K->2623902K(3106432K) icms_dc=100 , 0.1684692 secs] [Times: user=1.29 sys=0.03, real=0.17 secs] 
12701.370: [GC 12701.372: [ParNew: 353920K->36684K(353920K), 0.1097615 secs] 2938526K->2627863K(3106432K) icms_dc=100 , 0.1114863 secs] [Times: user=1.20 sys=0.03, real=0.11 secs] 
12701.761: [CMS-concurrent-preclean: 8.341/11.541 secs] [Times: user=272.01 sys=9.44, real=11.54 secs] 
12701.762: [CMS-concurrent-abortable-preclean-start]
12702.330: [GC 12702.331: [ParNew: 351308K->37021K(353920K), 0.0923606 secs] 2942487K->2635516K(3106432K) icms_dc=100 , 0.0939118 secs] [Times: user=1.09 sys=0.02, real=0.09 secs] 
12703.288: [GC 12703.289: [ParNew: 351880K->39296K(353920K), 0.0761062 secs] 2950374K->2645915K(3106432K) icms_dc=100 , 0.0776639 secs] [Times: user=1.09 sys=0.02, real=0.08 secs] 
12703.402: [GC 12703.403: [ParNew: 39725K->26284K(353920K), 0.0626761 secs] 2646344K->2641159K(3106432K) icms_dc=100 , 0.0639249 secs] [Times: user=0.94 sys=0.03, real=0.06 secs] 
12704.416: [GC 12704.418: [ParNew: 340908K->39296K(353920K), 0.0838467 secs] 2955783K->2655568K(3106432K) icms_dc=100 , 0.0854766 secs] [Times: user=1.06 sys=0.02, real=0.09 secs] 
12704.535: [CMS-concurrent-abortable-preclean: 2.112/2.773 secs] [Times: user=66.91 sys=2.32, real=2.77 secs] 
12704.605: [GC[YG occupancy: 52829 K (353920 K)]12704.605: [Rescan (parallel) , 0.1013876 secs]12704.707: [weak refs processing, 0.0418604 secs] [1 CMS-remark: 2616272K(2752512K)] 2669101K(3106432K), 0.1498809 secs] [Times: user=1.51 sys=0.05, real=0.15 secs] 
12704.756: [CMS-concurrent-sweep-start]
12705.642: [GC 12705.643: [ParNew: 353920K->32462K(353920K), 0.1263825 secs] 2970172K->2666065K(3106432K) icms_dc=100 , 0.1279381 secs] [Times: user=1.26 sys=0.04, real=0.13 secs] 
12706.675: [GC 12706.676: [ParNew: 347086K->27290K(353920K), 0.1890308 secs] 2980655K->2669052K(3106432K) icms_dc=100 , 0.1906610 secs] [Times: user=1.74 sys=0.21, real=0.19 secs] 
12707.766: [GC 12707.767: [ParNew: 341914K->25215K(353920K), 0.0862396 secs] 2983598K->2677382K(3106432K) icms_dc=100 , 0.0878439 secs] [Times: user=1.09 sys=0.03, real=0.09 secs] 
12708.607: [GC 12708.608: [ParNew: 339839K->33971K(353920K), 0.0822075 secs] 2991640K->2685772K(3106432K) icms_dc=100 , 0.0837312 secs] [Times: user=1.07 sys=0.02, real=0.08 secs] 
12709.784: [GC 12709.785: [ParNew: 348595K->39295K(353920K), 0.2198171 secs] 2999963K->2701390K(3106432K) icms_dc=100 , 0.2213836 secs] [Times: user=1.58 sys=0.21, real=0.22 secs] 
12710.878: [GC 12710.879: [ParNew: 353919K->37503K(353920K), 0.1173475 secs] 3015261K->2706355K(3106432K) icms_dc=100 , 0.1190005 secs] [Times: user=1.34 sys=0.10, real=0.12 secs] 
12711.848: [GC 12711.849: [ParNew: 352127K->39296K(353920K), 0.1176203 secs] 3020663K->2716204K(3106432K) icms_dc=100 , 0.1192102 secs] [Times: user=1.30 sys=0.07, real=0.12 secs] 
12712.859: [GC 12712.861: [ParNew: 353920K->38018K(353920K), 0.1198894 secs] 3026470K->2716706K(3106432K) icms_dc=100 , 0.1215596 secs] [Times: user=1.21 sys=0.07, real=0.12 secs] 
12713.975: [GC 12713.976: [ParNew: 352642K->39296K(353920K), 0.1571242 secs] 3024459K->2719000K(3106432K) icms_dc=100 , 0.1587398 secs] [Times: user=1.27 sys=0.06, real=0.16 secs] 
12715.059: [GC 12715.060: [ParNew: 353920K->30207K(353920K), 0.1040501 secs] 3033533K->2726036K(3106432K) icms_dc=100 , 0.1056443 secs] [Times: user=1.33 sys=0.02, real=0.11 secs] 
12716.068: [GC 12716.069: [ParNew: 344864K->35181K(353920K), 0.2456301 secs] 3039512K->2729828K(3106432K) icms_dc=100 , 0.2472308 secs] [Times: user=2.04 sys=0.48, real=0.25 secs] 
12717.135: [GC 12717.136: [ParNew: 349805K->24208K(353920K), 0.0984126 secs] 3043166K->2735653K(3106432K) icms_dc=100 , 0.1000429 secs] [Times: user=1.28 sys=0.02, real=0.10 secs] 
12717.986: [GC 12717.987: [ParNew: 338832K->34419K(353920K), 0.0937179 secs] 3044641K->2740228K(3106432K) icms_dc=100 , 0.0953610 secs] [Times: user=1.17 sys=0.09, real=0.10 secs] 
12718.882: [GC 12718.884: [ParNew: 349043K->39296K(353920K), 0.1221020 secs] 3054071K->2752369K(3106432K) icms_dc=100 , 0.1237212 secs] [Times: user=1.48 sys=0.05, real=0.12 secs] 
12719.776: [GC 12719.777: [ParNew (promotion failed): 353920K->347616K(353920K), 1.0099852 secs]12720.787: [CMS12723.374: [CMS-concurrent-sweep: 13.872/18.618 secs] [Times: user=360.22 sys=13.54, real=18.62 secs] 
 (concurrent mode failure): 2716001K->1615061K(2752512K), 40.3432613 secs] 3061063K->1615061K(3106432K), [CMS Perm : 207218K->204993K(402264K)] icms_dc=100 , 41.3549777 secs] [Times: user=42.73 sys=0.53, real=41.36 secs] 
12761.240: [GC [1 CMS-initial-mark: 1615061K(2752512K)] 1615860K(3106432K), 0.2216698 secs] [Times: user=0.22 sys=0.00, real=0.22 secs] 
12761.464: [CMS-concurrent-mark-start]
12762.915: [GC 12762.916: [ParNew: 314624K->39296K(353920K), 0.1231392 secs] 1929685K->1655911K(3106432K) icms_dc=100 , 0.1247260 secs] [Times: user=1.03 sys=0.03, real=0.13 secs] 
12764.032: [GC 12764.033: [ParNew: 353920K->34060K(353920K), 0.1674968 secs] 1970535K->1665280K(3106432K) icms_dc=100 , 0.1690806 secs] [Times: user=1.32 sys=0.02, real=0.17 secs] 
12765.335: [GC 12765.336: [ParNew: 348837K->35398K(353920K), 0.0571567 secs] 1980058K->1666619K(3106432K) icms_dc=100 , 0.0587849 secs] [Times: user=0.86 sys=0.02, real=0.06 secs] 
12765.505: [GC 12765.506: [ParNew: 36764K->19832K(353920K), 0.0927468 secs] 1667985K->1682011K(3106432K) icms_dc=100 , 0.0939542 secs] [Times: user=1.00 sys=0.05, real=0.09 secs] 
12766.470: [GC 12766.471: [ParNew: 334456K->27542K(353920K), 0.1619802 secs] 1996635K->1689721K(3106432K) icms_dc=100 , 0.1636892 secs] [Times: user=1.39 sys=0.15, real=0.16 secs] 
12767.616: [GC 12767.617: [ParNew: 342166K->29957K(353920K), 0.0817198 secs] 2004345K->1704915K(3106432K) icms_dc=100 , 0.0832820 secs] [Times: user=1.12 sys=0.04, real=0.08 secs] 
12768.631: [GC 12768.632: [ParNew: 344827K->31309K(353920K), 0.1450588 secs] 2019786K->1716155K(3106432K) icms_dc=100 , 0.1469037 secs] [Times: user=1.55 sys=0.17, real=0.15 secs] 
12768.817: [GC 12768.818: [ParNew: 32541K->18416K(353920K), 0.0900602 secs] 1717386K->1726626K(3106432K) icms_dc=100 , 0.0913255 secs] [Times: user=1.04 sys=0.07, real=0.09 secs] 
12769.787: [GC 12769.788: [ParNew: 333040K->28909K(353920K), 0.1165218 secs] 2041250K->1737119K(3106432K) icms_dc=100 , 0.1180682 secs] [Times: user=1.28 sys=0.18, real=0.12 secs] 
12770.718: [GC 12770.719: [ParNew: 343533K->24181K(353920K), 0.1207690 secs] 2051743K->1746657K(3106432K) icms_dc=100 , 0.1223022 secs] [Times: user=1.11 sys=0.02, real=0.12 secs] 
12771.658: [GC 12771.659: [ParNew: 338805K->38054K(353920K), 0.0641931 secs] 2061281K->1760529K(3106432K) icms_dc=100 , 0.0657675 secs] [Times: user=0.94 sys=0.03, real=0.07 secs] 
12772.604: [GC 12772.605: [ParNew: 352941K->26261K(353920K), 0.0949109 secs] 2075417K->1765558K(3106432K) icms_dc=100 , 0.0964978 secs] [Times: user=1.28 sys=0.03, real=0.10 secs] 
12772.744: [GC 12772.744: [ParNew: 28875K->26591K(353920K), 0.0867818 secs] 1768171K->1765888K(3106432K) icms_dc=100 , 0.0880312 secs] [Times: user=0.96 sys=0.11, real=0.09 secs] 
12773.619: [GC 12773.620: [ParNew: 341215K->36150K(353920K), 0.0851796 secs] 2080512K->1775446K(3106432K) icms_dc=100 , 0.0867586 secs] [Times: user=1.06 sys=0.01, real=0.09 secs] 
12774.728: [GC 12774.729: [ParNew: 350774K->29806K(353920K), 0.0912608 secs] 2090070K->1785560K(3106432K) icms_dc=100 , 0.0928341 secs] [Times: user=1.22 sys=0.03, real=0.09 secs] 
12775.818: [GC 12775.819: [ParNew: 344430K->29304K(353920K), 0.1169705 secs] 2100184K->1795012K(3106432K) icms_dc=100 , 0.1185478 secs] [Times: user=1.08 sys=0.04, real=0.12 secs] 
12776.791: [GC 12776.792: [ParNew: 343928K->27412K(353920K), 0.0968319 secs] 2109636K->1802059K(3106432K) icms_dc=100 , 0.0983922 secs] [Times: user=1.00 sys=0.02, real=0.10 secs] 
12777.675: [GC 12777.676: [ParNew: 342112K->37005K(353920K), 0.1091349 secs] 2116758K->1811651K(3106432K) icms_dc=100 , 0.1106829 secs] [Times: user=1.07 sys=0.02, real=0.11 secs] 
12777.822: [GC 12777.823: [ParNew: 38171K->23581K(353920K), 0.1358193 secs] 1812817K->1827375K(3106432K) icms_dc=100 , 0.1370383 secs] [Times: user=1.14 sys=0.03, real=0.14 secs] 
12778.771: [GC 12778.772: [ParNew: 338205K->28520K(353920K), 0.0757544 secs] 2141999K->1832314K(3106432K) icms_dc=100 , 0.0773544 secs] [Times: user=0.91 sys=0.02, real=0.08 secs] 
12779.732: [GC 12779.733: [ParNew: 343144K->24737K(353920K), 0.1765775 secs] 2146938K->1843068K(3106432K) icms_dc=100 , 0.1781627 secs] [Times: user=1.76 sys=0.24, real=0.18 secs] 
12780.806: [GC 12780.807: [ParNew: 339361K->35891K(353920K), 0.2330335 secs] 2157692K->1854222K(3106432K) icms_dc=100 , 0.2347098 secs] [Times: user=2.11 sys=0.44, real=0.24 secs] 
12781.844: [GC 12781.846: [ParNew: 350515K->39124K(353920K), 0.1180776 secs] 2168846K->1865257K(3106432K) icms_dc=100 , 0.1196547 secs] [Times: user=1.32 sys=0.07, real=0.12 secs] 
12782.822: [GC 12782.823: [ParNew: 353748K->39295K(353920K), 0.1397693 secs] 2179881K->1873917K(3106432K) icms_dc=100 , 0.1413354 secs] [Times: user=1.22 sys=0.01, real=0.14 secs] 
12783.734: [GC 12783.735: [ParNew: 353919K->34188K(353920K), 0.0850636 secs] 2188541K->1875183K(3106432K) icms_dc=100 , 0.0866316 secs] [Times: user=1.11 sys=0.05, real=0.09 secs] 
12785.237: [GC 12785.238: [ParNew: 348812K->36015K(353920K), 0.1690203 secs] 2189807K->1884819K(3106432K) icms_dc=100 , 0.1707234 secs] [Times: user=1.59 sys=0.23, real=0.17 secs] 
12786.243: [GC 12786.244: [ParNew: 350639K->37443K(353920K), 0.1075537 secs] 2199443K->1891807K(3106432K) icms_dc=100 , 0.1091653 secs] [Times: user=1.19 sys=0.06, real=0.11 secs] 
12787.147: [GC 12787.148: [ParNew: 352067K->39295K(353920K), 0.0771505 secs] 2206431K->1901591K(3106432K) icms_dc=100 , 0.0787216 secs] [Times: user=1.08 sys=0.03, real=0.08 secs] 
12787.876: [CMS-concurrent-mark: 16.633/26.413 secs] [Times: user=614.66 sys=19.41, real=26.41 secs] 
12787.877: [CMS-concurrent-preclean-start]
12788.107: [GC 12788.108: [ParNew: 353919K->39296K(353920K), 0.1469852 secs] 2216215K->1911107K(3106432K) icms_dc=100 , 0.1485547 secs] [Times: user=1.40 sys=0.14, real=0.15 secs] 
12789.042: [GC 12789.043: [ParNew: 353920K->39296K(353920K), 0.0833314 secs] 2225731K->1919603K(3106432K) icms_dc=100 , 0.0849067 secs] [Times: user=1.06 sys=0.02, real=0.09 secs] 
12789.898: [GC 12789.899: [ParNew: 353920K->39295K(353920K), 0.0729370 secs] 2234227K->1926102K(3106432K) icms_dc=100 , 0.0744904 secs] [Times: user=0.99 sys=0.02, real=0.08 secs] 
12790.730: [GC 12790.731: [ParNew: 353919K->39296K(353920K), 0.1373532 secs] 2241266K->1935360K(3106432K) icms_dc=100 , 0.1388890 secs] [Times: user=1.15 sys=0.07, real=0.14 secs] 
12791.873: [GC 12791.874: [ParNew: 353920K->35489K(353920K), 0.0791949 secs] 2249984K->1938967K(3106432K) icms_dc=100 , 0.0808035 secs] [Times: user=0.99 sys=0.01, real=0.08 secs] 
12792.938: [GC 12792.939: [ParNew: 350113K->39296K(353920K), 0.1166180 secs] 2253591K->1952325K(3106432K) icms_dc=100 , 0.1182305 secs] [Times: user=1.03 sys=0.01, real=0.12 secs] 
12793.943: [GC 12793.944: [ParNew: 353920K->39296K(353920K), 0.0760143 secs] 2266949K->1959123K(3106432K) icms_dc=100 , 0.0776002 secs] [Times: user=1.02 sys=0.02, real=0.08 secs] 
12794.889: [GC 12794.890: [ParNew: 353920K->29193K(353920K), 0.0898168 secs] 2273747K->1963522K(3106432K) icms_dc=100 , 0.0913810 secs] [Times: user=1.05 sys=0.03, real=0.09 secs] 
12795.784: [GC 12795.785: [ParNew: 343817K->28167K(353920K), 0.0793398 secs] 2278146K->1962496K(3106432K) icms_dc=100 , 0.0808825 secs] [Times: user=0.91 sys=0.04, real=0.08 secs] 
12796.286: [CMS-concurrent-preclean: 6.313/8.408 secs] [Times: user=203.56 sys=7.61, real=8.41 secs] 
12796.287: [CMS-concurrent-abortable-preclean-start]
12796.634: [GC 12796.635: [ParNew: 342791K->33670K(353920K), 0.0833419 secs] 2277120K->1975275K(3106432K) icms_dc=100 , 0.0849737 secs] [Times: user=1.09 sys=0.04, real=0.09 secs] 
12797.639: [CMS-concurrent-abortable-preclean: 1.120/1.352 secs] [Times: user=33.19 sys=1.41, real=1.35 secs] 
12797.677: [GC[YG occupancy: 339964 K (353920 K)]12797.678: [Rescan (parallel) , 0.2284878 secs]12797.907: [weak refs processing, 0.0002765 secs] [1 CMS-remark: 1941605K(2752512K)] 2281569K(3106432K), 0.2296843 secs] [Times: user=3.18 sys=0.26, real=0.23 secs] 
12797.908: [CMS-concurrent-sweep-start]
12797.965: [GC 12797.966: [ParNew: 348294K->39296K(353920K), 0.0800503 secs] 2289899K->1986819K(3106432K) icms_dc=100 , 0.0816615 secs] [Times: user=1.00 sys=0.01, real=0.08 secs] 
12799.056: [GC 12799.057: [ParNew: 353917K->29034K(353920K), 0.0841352 secs] 2301440K->1992837K(3106432K) icms_dc=100 , 0.0857543 secs] [Times: user=1.07 sys=0.02, real=0.09 secs] 
12800.047: [GC 12800.048: [ParNew: 343658K->36540K(353920K), 0.1408473 secs] 2307457K->2000339K(3106432K) icms_dc=100 , 0.1424543 secs] [Times: user=1.30 sys=0.14, real=0.14 secs] 
12800.961: [GC 12800.962: [ParNew: 351164K->38758K(353920K), 0.1136204 secs] 2314947K->2009342K(3106432K) icms_dc=100 , 0.1152218 secs] [Times: user=1.26 sys=0.09, real=0.12 secs] 
12801.743: [GC 12801.744: [ParNew: 353382K->39296K(353920K), 0.1372048 secs] 2323951K->2019413K(3106432K) icms_dc=100 , 0.1387426 secs] [Times: user=1.10 sys=0.05, real=0.14 secs] 
12802.713: [GC 12802.714: [ParNew: 353920K->39296K(353920K), 0.1242654 secs] 2334013K->2028233K(3106432K) icms_dc=100 , 0.1258294 secs] [Times: user=1.35 sys=0.09, real=0.13 secs] 
12803.632: [GC 12803.633: [ParNew: 353920K->29109K(353920K), 0.1586475 secs] 2342806K->2034511K(3106432K) icms_dc=100 , 0.1602797 secs] [Times: user=1.63 sys=0.18, real=0.16 secs] 
12804.527: [GC 12804.528: [ParNew: 343733K->39296K(353920K), 0.2011978 secs] 2349124K->2046502K(3106432K) icms_dc=100 , 0.2027182 secs] [Times: user=1.43 sys=0.21, real=0.20 secs] 
12805.484: [GC 12805.485: [ParNew: 353920K->34373K(353920K), 0.1056462 secs] 2361118K->2058747K(3106432K) icms_dc=100 , 0.1072150 secs] [Times: user=1.09 sys=0.02, real=0.11 secs] 
12806.358: [GC 12806.359: [ParNew: 348997K->33186K(353920K), 0.1204387 secs] 2373293K->2066384K(3106432K) icms_dc=100 , 0.1220141 secs] [Times: user=1.30 sys=0.13, real=0.12 secs] 
12807.672: [GC 12807.674: [ParNew: 347810K->24802K(353920K), 0.1709007 secs] 2380344K->2067946K(3106432K) icms_dc=100 , 0.1724929 secs] [Times: user=1.58 sys=0.24, real=0.17 secs] 
12808.594: [GC 12808.595: [ParNew: 339426K->39296K(353920K), 0.1303239 secs] 2382568K->2084037K(3106432K) icms_dc=100 , 0.1318641 secs] [Times: user=1.08 sys=0.03, real=0.13 secs] 
12809.474: [GC 12809.475: [ParNew: 353920K->30426K(353920K), 0.0933046 secs] 2398659K->2095316K(3106432K) icms_dc=100 , 0.0949356 secs] [Times: user=1.20 sys=0.03, real=0.10 secs] 
12810.392: [GC 12810.393: [ParNew: 346343K->39296K(353920K), 0.1121935 secs] 2411232K->2106341K(3106432K) icms_dc=100 , 0.1138733 secs] [Times: user=0.98 sys=0.02, real=0.11 secs] 
12811.380: [GC 12811.381: [ParNew: 353920K->33029K(353920K), 0.1325562 secs] 2421351K->2119512K(3106432K) icms_dc=100 , 0.1342043 secs] [Times: user=1.39 sys=0.06, real=0.13 secs] 
12812.459: [GC 12812.461: [ParNew: 347653K->30622K(353920K), 0.1786666 secs] 2434035K->2125525K(3106432K) icms_dc=100 , 0.1803064 secs] [Times: user=1.74 sys=0.25, real=0.18 secs] 
12813.570: [GC 12813.571: [ParNew: 345246K->27549K(353920K), 0.1216689 secs] 2439893K->2133167K(3106432K) icms_dc=100 , 0.1233315 secs] [Times: user=1.28 sys=0.11, real=0.12 secs] 
12814.623: [GC 12814.624: [ParNew: 342173K->37099K(353920K), 0.1441683 secs] 2447089K->2142014K(3106432K) icms_dc=100 , 0.1457915 secs] [Times: user=1.34 sys=0.20, real=0.15 secs] 
12815.591: [GC 12815.592: [ParNew: 351723K->31937K(353920K), 0.0970966 secs] 2455601K->2157600K(3106432K) icms_dc=100 , 0.0986728 secs] [Times: user=1.27 sys=0.02, real=0.10 secs] 
12816.529: [GC 12816.530: [ParNew: 346561K->29687K(353920K), 0.0729920 secs] 2467449K->2159677K(3106432K) icms_dc=100 , 0.0745644 secs] [Times: user=1.02 sys=0.02, real=0.08 secs] 
12817.090: [CMS-concurrent-sweep: 14.711/19.181 secs] [Times: user=460.18 sys=15.96, real=19.18 secs] 
12817.098: [CMS-concurrent-reset-start]
12817.218: [CMS-concurrent-reset: 0.080/0.120 secs] [Times: user=2.77 sys=0.09, real=0.12 secs] 
12817.556: [GC 12817.557: [ParNew: 344330K->28498K(353920K), 0.1191716 secs] 2457852K->2151398K(3106432K) icms_dc=75 , 0.1207670 secs] [Times: user=1.08 sys=0.02, real=0.12 secs] 
12817.714: [GC 12817.715: [ParNew: 28811K->11426K(353920K), 0.1077944 secs] 2151711K->2155612K(3106432K) icms_dc=75 , 0.1089969 secs] [Times: user=1.00 sys=0.07, real=0.11 secs] 
12817.962: [GC [1 CMS-initial-mark: 2144185K(2752512K)] 2195009K(3106432K), 0.4454301 secs] [Times: user=0.45 sys=0.00, real=0.45 secs] 
12818.408: [CMS-concurrent-mark-start]
12819.277: [GC 12819.278: [ParNew: 326050K->19420K(353920K), 0.0772293 secs] 2470236K->2163606K(3106432K) icms_dc=75 , 0.0787961 secs] [Times: user=0.89 sys=0.05, real=0.08 secs] 
12820.188: [GC 12820.189: [ParNew: 333826K->37504K(353920K), 0.0798401 secs] 2478012K->2181689K(3106432K) icms_dc=75 , 0.0814058 secs] [Times: user=1.08 sys=0.04, real=0.08 secs] 
12821.225: [GC 12821.226: [ParNew: 352128K->28122K(353920K), 0.1503635 secs] 2496313K->2191931K(3106432K) icms_dc=75 , 0.1519601 secs] [Times: user=1.55 sys=0.17, real=0.15 secs] 
12822.644: [GC 12822.645: [ParNew: 342746K->39001K(353920K), 0.0589346 secs] 2506555K->2202810K(3106432K) icms_dc=75 , 0.0605321 secs] [Times: user=0.91 sys=0.01, real=0.06 secs] 
12823.768: [GC 12823.769: [ParNew: 353625K->32771K(353920K), 0.1064615 secs] 2517434K->2210892K(3106432K) icms_dc=75 , 0.1080446 secs] [Times: user=1.20 sys=0.04, real=0.11 secs] 
12824.788: [GC 12824.789: [ParNew: 347679K->24812K(353920K), 0.0765196 secs] 2525799K->2212865K(3106432K) icms_dc=75 , 0.0781221 secs] [Times: user=1.06 sys=0.02, real=0.08 secs] 
12824.901: [GC 12824.902: [ParNew: 24978K->25111K(353920K), 0.0458467 secs] 2213031K->2213164K(3106432K) icms_dc=75 , 0.0470301 secs] [Times: user=0.76 sys=0.03, real=0.05 secs] 
12825.787: [GC 12825.789: [ParNew: 339696K->32442K(353920K), 0.0624694 secs] 2527749K->2220496K(3106432K) icms_dc=75 , 0.0640146 secs] [Times: user=0.98 sys=0.03, real=0.06 secs] 
12826.674: [GC 12826.675: [ParNew: 347066K->32398K(353920K), 0.0772427 secs] 2535120K->2228793K(3106432K) icms_dc=75 , 0.0787753 secs] [Times: user=1.08 sys=0.02, real=0.08 secs] 
12827.549: [GC 12827.550: [ParNew: 347022K->32162K(353920K), 0.1029740 secs] 2543417K->2234775K(3106432K) icms_dc=75 , 0.1045449 secs] [Times: user=1.12 sys=0.02, real=0.11 secs] 
12828.505: [GC 12828.506: [ParNew: 347003K->37680K(353920K), 0.1259722 secs] 2549615K->2247467K(3106432K) icms_dc=75 , 0.1275244 secs] [Times: user=1.32 sys=0.12, real=0.13 secs] 
12828.668: [GC 12828.669: [ParNew: 38110K->16088K(353920K), 0.1206730 secs] 2247897K->2253844K(3106432K) icms_dc=75 , 0.1218721 secs] [Times: user=1.03 sys=0.05, real=0.12 secs] 
12829.603: [GC 12829.604: [ParNew: 330712K->25902K(353920K), 0.1204244 secs] 2568468K->2263658K(3106432K) icms_dc=75 , 0.1219936 secs] [Times: user=1.18 sys=0.15, real=0.12 secs] 
12830.543: [GC 12830.544: [ParNew: 340724K->29237K(353920K), 0.1375687 secs] 2578481K->2279868K(3106432K) icms_dc=75 , 0.1390833 secs] [Times: user=1.47 sys=0.11, real=0.14 secs] 
12830.732: [GC 12830.732: [ParNew: 36249K->17715K(353920K), 0.0869731 secs] 2286880K->2291304K(3106432K) icms_dc=75 , 0.0882128 secs] [Times: user=0.96 sys=0.06, real=0.09 secs] 
12831.579: [GC 12831.580: [ParNew: 332339K->31072K(353920K), 0.1214625 secs] 2605928K->2304661K(3106432K) icms_dc=75 , 0.1229944 secs] [Times: user=1.14 sys=0.10, real=0.12 secs] 
12832.593: [GC 12832.594: [ParNew: 345696K->33372K(353920K), 0.1080697 secs] 2619285K->2321069K(3106432K) icms_dc=75 , 0.1096193 secs] [Times: user=1.35 sys=0.06, real=0.11 secs] 
12833.658: [GC 12833.659: [ParNew: 348172K->35253K(353920K), 0.1746277 secs] 2635868K->2332729K(3106432K) icms_dc=75 , 0.1762305 secs] [Times: user=1.51 sys=0.17, real=0.18 secs] 
12833.870: [GC 12833.870: [ParNew: 35666K->18699K(353920K), 0.0750886 secs] 2333142K->2343374K(3106432K) icms_dc=79 , 0.0762844 secs] [Times: user=0.92 sys=0.03, real=0.08 secs] 
12834.719: [GC 12834.720: [ParNew: 333323K->32179K(353920K), 0.1578236 secs] 2657998K->2356853K(3106432K) icms_dc=79 , 0.1593948 secs] [Times: user=1.45 sys=0.24, real=0.16 secs] 
12835.772: [GC 12835.788: [ParNew: 346803K->23235K(353920K), 0.1247968 secs] 2671477K->2362213K(3106432K) icms_dc=79 , 0.1264127 secs] [Times: user=1.41 sys=0.10, real=0.14 secs] 
12836.813: [GC 12836.814: [ParNew: 337859K->36659K(353920K), 0.0827052 secs] 2676837K->2375637K(3106432K) icms_dc=79 , 0.0842609 secs] [Times: user=1.08 sys=0.07, real=0.08 secs] 
12837.838: [GC 12837.839: [ParNew: 351283K->25710K(353920K), 0.0886475 secs] 2690261K->2382478K(3106432K) icms_dc=79 , 0.0902228 secs] [Times: user=1.13 sys=0.04, real=0.09 secs] 
12838.778: [GC 12838.779: [ParNew: 340380K->39296K(353920K), 0.1474914 secs] 2697147K->2396076K(3106432K) icms_dc=79 , 0.1490650 secs] [Times: user=1.08 sys=0.09, real=0.15 secs] 
12838.964: [GC 12838.965: [ParNew: 39812K->17844K(353920K), 0.0904648 secs] 2396592K->2405124K(3106432K) icms_dc=79 , 0.0917005 secs] [Times: user=1.10 sys=0.05, real=0.09 secs] 
12839.490: [CMS-concurrent-mark: 12.854/21.081 secs] [Times: user=508.41 sys=17.09, real=21.08 secs] 
12839.491: [CMS-concurrent-preclean-start]
12839.945: [GC 12839.946: [ParNew: 332715K->26961K(353920K), 0.0593764 secs] 2719995K->2414242K(3106432K) icms_dc=79 , 0.0609121 secs] [Times: user=0.89 sys=0.02, real=0.06 secs] 
12840.042: [GC 12840.043: [ParNew: 27251K->7451K(353920K), 0.0704376 secs] 2414532K->2418019K(3106432K) icms_dc=79 , 0.0716868 secs] [Times: user=0.90 sys=0.04, real=0.07 secs] 
12841.130: [GC 12841.131: [ParNew: 322075K->19680K(353920K), 0.1301873 secs] 2732643K->2430248K(3106432K) icms_dc=79 , 0.1317771 secs] [Times: user=1.22 sys=0.16, real=0.13 secs] 
12842.121: [GC 12842.122: [ParNew: 334304K->35327K(353920K), 0.1332606 secs] 2744872K->2445895K(3106432K) icms_dc=79 , 0.1348198 secs] [Times: user=1.41 sys=0.20, real=0.14 secs] 
12843.050: [GC 12843.051: [ParNew: 349951K->38360K(353920K), 0.0867754 secs] 2760519K->2459349K(3106432K) icms_dc=79 , 0.0882795 secs] [Times: user=1.25 sys=0.02, real=0.09 secs] 
12844.006: [GC 12844.007: [ParNew: 353800K->39296K(353920K), 0.1769716 secs] 2774789K->2468933K(3106432K) icms_dc=79 , 0.1785325 secs] [Times: user=1.59 sys=0.14, real=0.18 secs] 
12844.222: [GC 12844.222: [ParNew: 39791K->33117K(353920K), 0.0714804 secs] 2469429K->2470006K(3106432K) icms_dc=79 , 0.0726742 secs] [Times: user=0.88 sys=0.01, real=0.07 secs] 
12845.143: [GC 12845.144: [ParNew: 347665K->33374K(353920K), 0.1553498 secs] 2784554K->2470262K(3106432K) icms_dc=79 , 0.1569599 secs] [Times: user=1.35 sys=0.18, real=0.16 secs] 
12846.008: [GC 12846.009: [ParNew: 347998K->34369K(353920K), 0.0806474 secs] 2784886K->2478729K(3106432K) icms_dc=79 , 0.0822045 secs] [Times: user=1.13 sys=0.03, real=0.08 secs] 
12846.946: [GC 12846.947: [ParNew: 349207K->37185K(353920K), 0.0912009 secs] 2793568K->2489060K(3106432K) icms_dc=79 , 0.0927515 secs] [Times: user=1.07 sys=0.03, real=0.09 secs] 
12847.909: [GC 12847.910: [ParNew: 351809K->39296K(353920K), 0.1472534 secs] 2803684K->2499673K(3106432K) icms_dc=79 , 0.1488312 secs] [Times: user=1.28 sys=0.12, real=0.15 secs] 
12848.639: [CMS-concurrent-preclean: 5.347/9.147 secs] [Times: user=215.26 sys=7.99, real=9.15 secs] 
12848.640: [CMS-concurrent-abortable-preclean-start]
12848.853: [GC 12848.854: [ParNew: 353920K->31334K(353920K), 0.1150622 secs] 2814297K->2498202K(3106432K) icms_dc=79 , 0.1166213 secs] [Times: user=1.29 sys=0.11, real=0.12 secs] 
12849.756: [GC 12849.757: [ParNew: 345943K->39296K(353920K), 0.1491590 secs] 2812811K->2514158K(3106432K) icms_dc=79 , 0.1507150 secs] [Times: user=1.21 sys=0.03, real=0.15 secs] 
12850.846: [GC 12850.847: [ParNew: 353920K->29181K(353920K), 0.0934570 secs] 2828782K->2518907K(3106432K) icms_dc=79 , 0.0952212 secs] [Times: user=1.14 sys=0.02, real=0.10 secs] 
12851.040: [CMS-concurrent-abortable-preclean: 1.203/2.400 secs] [Times: user=59.38 sys=2.02, real=2.40 secs] 
12851.076: [GC[YG occupancy: 71367 K (353920 K)]12851.077: [Rescan (parallel) , 0.1702374 secs]12851.247: [weak refs processing, 0.0284850 secs] [1 CMS-remark: 2489726K(2752512K)] 2561093K(3106432K), 0.2035225 secs] [Times: user=2.12 sys=0.24, real=0.20 secs] 
12851.281: [CMS-concurrent-sweep-start]
12852.054: [GC 12852.055: [ParNew: 343842K->31446K(353920K), 0.1585537 secs] 2833544K->2528858K(3106432K) icms_dc=79 , 0.1603089 secs] [Times: user=1.59 sys=0.20, real=0.16 secs] 
12852.250: [GC 12852.251: [ParNew: 31658K->6564K(353920K), 0.0731449 secs] 2529070K->2525816K(3106432K) icms_dc=87 , 0.0743492 secs] [Times: user=0.89 sys=0.03, real=0.07 secs] 
12853.139: [GC 12853.140: [ParNew: 321160K->22019K(353920K), 0.1307220 secs] 2840393K->2541252K(3106432K) icms_dc=87 , 0.1322752 secs] [Times: user=0.96 sys=0.06, real=0.13 secs] 
12854.003: [GC 12854.004: [ParNew: 336643K->37091K(353920K), 0.0640763 secs] 2855840K->2556288K(3106432K) icms_dc=87 , 0.0655940 secs] [Times: user=1.04 sys=0.01, real=0.07 secs] 
12854.804: [GC 12854.806: [ParNew: 351715K->39296K(353920K), 0.1130625 secs] 2870862K->2568548K(3106432K) icms_dc=87 , 0.1145807 secs] [Times: user=1.15 sys=0.02, real=0.12 secs] 
12855.729: [GC 12855.730: [ParNew: 353920K->30290K(353920K), 0.0907415 secs] 2883075K->2577735K(3106432K) icms_dc=94 , 0.0923119 secs] [Times: user=1.20 sys=0.03, real=0.09 secs] 
12856.705: [GC 12856.706: [ParNew: 344914K->32288K(353920K), 0.0782304 secs] 2892228K->2588783K(3106432K) icms_dc=94 , 0.0798241 secs] [Times: user=1.07 sys=0.03, real=0.08 secs] 
12857.668: [GC 12857.670: [ParNew: 346912K->26836K(353920K), 0.0790390 secs] 2903099K->2593246K(3106432K) icms_dc=94 , 0.0806566 secs] [Times: user=1.06 sys=0.02, real=0.08 secs] 
12858.503: [GC 12858.504: [ParNew: 341502K->36337K(353920K), 0.0745171 secs] 2907359K->2602194K(3106432K) icms_dc=94 , 0.0760305 secs] [Times: user=1.04 sys=0.05, real=0.08 secs] 
12858.617: [GC 12858.618: [ParNew: 37020K->23463K(353920K), 0.1070397 secs] 2602877K->2619481K(3106432K) icms_dc=100 , 0.1082464 secs] [Times: user=1.05 sys=0.04, real=0.11 secs] 
12859.576: [GC 12859.577: [ParNew: 338087K->23480K(353920K), 0.0523365 secs] 2933794K->2619187K(3106432K) icms_dc=100 , 0.0539448 secs] [Times: user=0.84 sys=0.02, real=0.05 secs] 
12860.514: [GC 12860.515: [ParNew: 338104K->25130K(353920K), 0.0755104 secs] 2926225K->2625205K(3106432K) icms_dc=100 , 0.0770872 secs] [Times: user=1.05 sys=0.03, real=0.08 secs] 
12861.454: [GC 12861.455: [ParNew: 339754K->24299K(353920K), 0.0680392 secs] 2939768K->2635531K(3106432K) icms_dc=100 , 0.0696089 secs] [Times: user=1.00 sys=0.02, real=0.07 secs] 
12862.369: [GC 12862.370: [ParNew: 338813K->35151K(353920K), 0.1491093 secs] 2949951K->2646289K(3106432K) icms_dc=100 , 0.1507023 secs] [Times: user=1.45 sys=0.21, real=0.15 secs] 
12863.464: [GC 12863.465: [ParNew: 349807K->39296K(353920K), 0.1045198 secs] 2959989K->2656884K(3106432K) icms_dc=100 , 0.1060945 secs] [Times: user=1.22 sys=0.05, real=0.11 secs] 
12863.607: [GC 12863.607: [ParNew: 39920K->24155K(353920K), 0.0911888 secs] 2657508K->2673110K(3106432K) icms_dc=100 , 0.0924082 secs] [Times: user=1.12 sys=0.05, real=0.09 secs] 
12864.532: [GC 12864.534: [ParNew: 338779K->21857K(353920K), 0.1343979 secs] 2984884K->2667962K(3106432K) icms_dc=100 , 0.1359703 secs] [Times: user=1.16 sys=0.15, real=0.14 secs] 
12866.052: [GC 12866.053: [ParNew: 336481K->32599K(353920K), 0.0689832 secs] 2971784K->2667902K(3106432K) icms_dc=100 , 0.0705763 secs] [Times: user=1.02 sys=0.01, real=0.07 secs] 
12866.949: [GC 12866.950: [ParNew: 347223K->36442K(353920K), 0.1111416 secs] 2976671K->2675592K(3106432K) icms_dc=100 , 0.1127185 secs] [Times: user=1.26 sys=0.07, real=0.11 secs] 
12867.765: [GC 12867.766: [ParNew: 351066K->38306K(353920K), 0.1832989 secs] 2962705K->2657678K(3106432K) icms_dc=100 , 0.1849366 secs] [Times: user=1.80 sys=0.21, real=0.19 secs] 
12868.883: [GC 12868.884: [ParNew: 353007K->37686K(353920K), 0.0766186 secs] 2907452K->2598692K(3106432K) icms_dc=100 , 0.0782010 secs] [Times: user=1.01 sys=0.02, real=0.08 secs] 
12868.998: [GC 12868.999: [ParNew: 38328K->28350K(353920K), 0.0571108 secs] 2599294K->2596300K(3106432K) icms_dc=100 , 0.0583420 secs] [Times: user=0.88 sys=0.03, real=0.06 secs] 
12869.855: [GC 12869.856: [ParNew: 343977K->39295K(353920K), 0.0568331 secs] 2864002K->2559418K(3106432K) icms_dc=100 , 0.0757345 secs] [Times: user=0.93 sys=0.02, real=0.08 secs] 
12869.965: [GC 12869.966: [ParNew: 39456K->3923K(353920K), 0.0838759 secs] 2559567K->2555568K(3106432K) icms_dc=100 , 0.0850716 secs] [Times: user=1.04 sys=0.03, real=0.09 secs] 
12870.826: [GC 12870.827: [ParNew: 318547K->20728K(353920K), 0.0650263 secs] 2816853K->2519034K(3106432K) icms_dc=100 , 0.0665717 secs] [Times: user=0.79 sys=0.02, real=0.07 secs] 
12871.802: [GC 12871.803: [ParNew: 335432K->37565K(353920K), 0.0596452 secs] 2737921K->2440054K(3106432K) icms_dc=100 , 0.0612045 secs] [Times: user=0.96 sys=0.02, real=0.06 secs] 
12871.898: [GC 12871.899: [ParNew: 37742K->10862K(353920K), 0.0906278 secs] 2440219K->2447180K(3106432K) icms_dc=100 , 0.0917953 secs] [Times: user=1.08 sys=0.03, real=0.09 secs] 
12872.823: [GC 12872.825: [ParNew: 325486K->28188K(353920K), 0.0694902 secs] 2713380K->2416082K(3106432K) icms_dc=100 , 0.0710480 secs] [Times: user=0.92 sys=0.03, real=0.07 secs] 
12873.648: [GC 12873.649: [ParNew: 342812K->22222K(353920K), 0.1107337 secs] 2684060K->2377918K(3106432K) icms_dc=100 , 0.1123276 secs] [Times: user=1.22 sys=0.02, real=0.11 secs] 
12874.651: [GC 12874.652: [ParNew: 336846K->36587K(353920K), 0.1313897 secs] 2653265K->2353007K(3106432K) icms_dc=100 , 0.1329621 secs] [Times: user=1.46 sys=0.15, real=0.13 secs] 
12875.591: [GC 12875.592: [ParNew: 351539K->32791K(353920K), 0.1166635 secs] 2610543K->2299048K(3106432K) icms_dc=100 , 0.1182228 secs] [Times: user=1.28 sys=0.04, real=0.12 secs] 
12875.746: [GC 12875.747: [ParNew: 33398K->23548K(353920K), 0.0717651 secs] 2299473K->2299533K(3106432K) icms_dc=100 , 0.0729665 secs] [Times: user=0.91 sys=0.02, real=0.07 secs] 
12876.161: [CMS-concurrent-sweep: 18.455/24.880 secs] [Times: user=598.73 sys=20.71, real=24.88 secs] 
12876.163: [CMS-concurrent-reset-start]
12876.223: [CMS-concurrent-reset: 0.059/0.059 secs] [Times: user=1.95 sys=0.06, real=0.06 secs] 
12876.630: [GC 12876.631: [ParNew: 338172K->29691K(353920K), 0.0805253 secs] 2575803K->2267322K(3106432K) icms_dc=75 , 0.0820930 secs] [Times: user=1.03 sys=0.08, real=0.08 secs] 
12876.833: [GC [1 CMS-initial-mark: 2237631K(2752512K)] 2306906K(3106432K), 0.5530963 secs] [Times: user=0.55 sys=0.00, real=0.55 secs] 
12877.387: [CMS-concurrent-mark-start]
12878.100: [GC 12878.101: [ParNew: 344315K->39295K(353920K), 0.0761350 secs] 2581946K->2282353K(3106432K) icms_dc=75 , 0.0777977 secs] [Times: user=1.07 sys=0.02, real=0.08 secs] 
12879.074: [GC 12879.075: [ParNew: 353919K->39296K(353920K), 0.1337900 secs] 2596977K->2292018K(3106432K) icms_dc=75 , 0.1353711 secs] [Times: user=1.35 sys=0.13, real=0.14 secs] 
12880.146: [GC 12880.147: [ParNew: 353920K->36868K(353920K), 0.0835358 secs] 2606642K->2296811K(3106432K) icms_dc=75 , 0.0850915 secs] [Times: user=1.14 sys=0.02, real=0.09 secs] 
12881.053: [GC 12881.054: [ParNew: 351492K->38269K(353920K), 0.1188162 secs] 2611435K->2305306K(3106432K) icms_dc=75 , 0.1204049 secs] [Times: user=1.10 sys=0.01, real=0.12 secs] 
12881.941: [GC 12881.942: [ParNew: 353638K->39296K(353920K), 0.0789614 secs] 2621332K->2315310K(3106432K) icms_dc=75 , 0.0805266 secs] [Times: user=1.12 sys=0.03, real=0.08 secs] 
12882.057: [GC 12882.058: [ParNew: 39898K->21764K(353920K), 0.0844515 secs] 2315912K->2329573K(3106432K) icms_dc=84 , 0.0856488 secs] [Times: user=1.05 sys=0.03, real=0.09 secs] 
12883.064: [GC 12883.065: [ParNew: 336388K->24643K(353920K), 0.0612542 secs] 2644197K->2332451K(3106432K) icms_dc=84 , 0.0628794 secs] [Times: user=0.88 sys=0.02, real=0.06 secs] 
12883.965: [GC 12883.966: [ParNew: 339267K->25216K(353920K), 0.0895234 secs] 2647075K->2344954K(3106432K) icms_dc=84 , 0.0911290 secs] [Times: user=1.10 sys=0.02, real=0.09 secs] 
12884.849: [GC 12884.850: [ParNew: 339840K->37574K(353920K), 0.0702932 secs] 2659578K->2357312K(3106432K) icms_dc=84 , 0.0718487 secs] [Times: user=1.06 sys=0.02, real=0.07 secs] 
12885.817: [GC 12885.818: [ParNew: 352578K->32351K(353920K), 0.1244334 secs] 2672316K->2368051K(3106432K) icms_dc=84 , 0.1260124 secs] [Times: user=1.38 sys=0.05, real=0.13 secs] 
12885.979: [GC 12885.980: [ParNew: 32732K->14994K(353920K), 0.0770478 secs] 2368433K->2375071K(3106432K) icms_dc=100 , 0.0782526 secs] [Times: user=0.90 sys=0.04, real=0.08 secs] 
12886.869: [GC 12886.870: [ParNew: 329846K->24030K(353920K), 0.1007250 secs] 2689923K->2384107K(3106432K) icms_dc=100 , 0.1022714 secs] [Times: user=0.95 sys=0.02, real=0.10 secs] 
12887.007: [GC 12887.008: [ParNew: 24996K->9975K(353920K), 0.1141682 secs] 2385074K->2391584K(3106432K) icms_dc=100 , 0.1153823 secs] [Times: user=0.93 sys=0.01, real=0.12 secs] 
12887.841: [GC 12887.842: [ParNew: 324599K->23767K(353920K), 0.0579828 secs] 2706208K->2405376K(3106432K) icms_dc=100 , 0.0595068 secs] [Times: user=0.88 sys=0.02, real=0.06 secs] 
12888.686: [GC 12888.687: [ParNew: 338391K->24652K(353920K), 0.1534862 secs] 2720000K->2420920K(3106432K) icms_dc=100 , 0.1550363 secs] [Times: user=1.39 sys=0.09, real=0.16 secs] 
12889.618: [GC 12889.619: [ParNew: 339276K->33994K(353920K), 0.0834744 secs] 2735544K->2430262K(3106432K) icms_dc=100 , 0.0850238 secs] [Times: user=0.95 sys=0.01, real=0.09 secs] 
12890.546: [GC 12890.547: [ParNew: 348647K->37710K(353920K), 0.1006789 secs] 2744916K->2440372K(3106432K) icms_dc=100 , 0.1022810 secs] [Times: user=1.14 sys=0.03, real=0.10 secs] 
12890.684: [GC 12890.685: [ParNew: 38303K->30943K(353920K), 0.0815946 secs] 2440965K->2442969K(3106432K) icms_dc=100 , 0.0828100 secs] [Times: user=0.91 sys=0.01, real=0.08 secs] 
12891.957: [GC 12891.958: [ParNew: 345567K->36159K(353920K), 0.1190568 secs] 2757593K->2448186K(3106432K) icms_dc=100 , 0.1206289 secs] [Times: user=1.24 sys=0.14, real=0.12 secs] 
12892.987: [GC 12892.988: [ParNew: 350815K->37389K(353920K), 0.1413496 secs] 2762842K->2467597K(3106432K) icms_dc=100 , 0.1429534 secs] [Times: user=1.39 sys=0.04, real=0.14 secs] 
12893.166: [GC 12893.167: [ParNew: 37674K->13948K(353920K), 0.0690955 secs] 2467882K->2469211K(3106432K) icms_dc=100 , 0.0703679 secs] [Times: user=0.91 sys=0.03, real=0.07 secs] 
12894.189: [GC 12894.190: [ParNew: 328572K->23526K(353920K), 0.0854205 secs] 2783835K->2478790K(3106432K) icms_dc=100 , 0.0869804 secs] [Times: user=1.05 sys=0.08, real=0.09 secs] 
12895.151: [GC 12895.152: [ParNew: 338238K->27994K(353920K), 0.0826926 secs] 2793502K->2496248K(3106432K) icms_dc=100 , 0.0842413 secs] [Times: user=1.13 sys=0.02, real=0.08 secs] 
12895.272: [GC 12895.273: [ParNew: 28967K->15587K(353920K), 0.0705280 secs] 2497220K->2504683K(3106432K) icms_dc=100 , 0.0717400 secs] [Times: user=0.93 sys=0.03, real=0.07 secs] 
12896.205: [GC 12896.206: [ParNew: 330211K->20413K(353920K), 0.0713214 secs] 2819307K->2509509K(3106432K) icms_dc=100 , 0.0729239 secs] [Times: user=0.94 sys=0.01, real=0.07 secs] 
12897.265: [GC 12897.266: [ParNew: 335974K->39296K(353920K), 0.1169777 secs] 2825070K->2530353K(3106432K) icms_dc=100 , 0.1186264 secs] [Times: user=1.16 sys=0.02, real=0.12 secs] 
12897.423: [GC 12897.423: [ParNew: 39735K->22856K(353920K), 0.1053231 secs] 2530792K->2548402K(3106432K) icms_dc=100 , 0.1065186 secs] [Times: user=1.24 sys=0.04, real=0.11 secs] 
12898.063: [CMS-concurrent-mark: 14.542/20.676 secs] [Times: user=507.26 sys=15.35, real=20.68 secs] 
12898.065: [CMS-concurrent-preclean-start]
12898.392: [GC 12898.393: [ParNew: 338745K->34223K(353920K), 0.0613106 secs] 2864291K->2559769K(3106432K) icms_dc=100 , 0.0628470 secs] [Times: user=0.91 sys=0.01, real=0.06 secs] 
12898.491: [GC 12898.492: [ParNew: 35101K->13194K(353920K), 0.0819619 secs] 2560648K->2570258K(3106432K) icms_dc=100 , 0.0831721 secs] [Times: user=0.99 sys=0.02, real=0.08 secs] 
12899.426: [GC 12899.427: [ParNew: 327818K->23115K(353920K), 0.1527547 secs] 2884882K->2580179K(3106432K) icms_dc=100 , 0.1543532 secs] [Times: user=1.39 sys=0.19, real=0.15 secs] 
12900.398: [GC 12900.399: [ParNew: 337739K->25153K(353920K), 0.1238541 secs] 2894803K->2592560K(3106432K) icms_dc=100 , 0.1254593 secs] [Times: user=1.36 sys=0.10, real=0.13 secs] 
12901.264: [GC 12901.265: [ParNew: 339461K->37226K(353920K), 0.0632715 secs] 2906868K->2604633K(3106432K) icms_dc=100 , 0.0648268 secs] [Times: user=0.96 sys=0.01, real=0.08 secs] 
12902.252: [GC 12902.254: [ParNew: 352291K->39296K(353920K), 0.1045795 secs] 2919698K->2617539K(3106432K) icms_dc=100 , 0.1062683 secs] [Times: user=1.25 sys=0.02, real=0.11 secs] 
12902.394: [GC 12902.395: [ParNew: 39537K->31660K(353920K), 0.0587722 secs] 2617781K->2618103K(3106432K) icms_dc=100 , 0.0599556 secs] [Times: user=0.92 sys=0.02, real=0.06 secs] 
12903.327: [GC 12903.329: [ParNew: 345814K->39296K(353920K), 0.0978031 secs] 2932258K->2625859K(3106432K) icms_dc=100 , 0.0994150 secs] [Times: user=1.18 sys=0.07, real=0.10 secs] 
12904.247: [GC 12904.248: [ParNew: 353757K->39296K(353920K), 0.0982806 secs] 2940320K->2635016K(3106432K) icms_dc=100 , 0.0998470 secs] [Times: user=1.10 sys=0.02, real=0.10 secs] 
12905.319: [GC 12905.320: [ParNew: 353920K->39296K(353920K), 0.1597852 secs] 2949640K->2644893K(3106432K) icms_dc=100 , 0.1613838 secs] [Times: user=1.27 sys=0.04, real=0.16 secs] 
12906.234: [GC 12906.235: [ParNew: 353833K->37948K(353920K), 0.0829185 secs] 2959431K->2651339K(3106432K) icms_dc=100 , 0.0844742 secs] [Times: user=1.09 sys=0.02, real=0.09 secs] 
12907.275: [GC 12907.277: [ParNew: 352572K->39296K(353920K), 0.1684575 secs] 2965963K->2663069K(3106432K) icms_dc=100 , 0.1700833 secs] [Times: user=1.30 sys=0.04, real=0.17 secs] 
12908.362: [GC 12908.364: [ParNew: 353920K->39296K(353920K), 0.1081229 secs] 2977693K->2671333K(3106432K) icms_dc=100 , 0.1097580 secs] [Times: user=1.25 sys=0.02, real=0.11 secs] 
12909.363: [GC 12909.364: [ParNew: 353920K->39296K(353920K), 0.1242138 secs] 2985964K->2680237K(3106432K) icms_dc=100 , 0.1258092 secs] [Times: user=1.19 sys=0.04, real=0.13 secs] 
12910.316: [GC 12910.317: [ParNew: 353920K->39296K(353920K), 0.1135283 secs] 2994861K->2689284K(3106432K) icms_dc=100 , 0.1151240 secs] [Times: user=1.12 sys=0.02, real=0.12 secs] 
12910.596: [CMS-concurrent-preclean: 8.981/12.531 secs] [Times: user=294.46 sys=10.74, real=12.53 secs] 
12910.597: [CMS-concurrent-abortable-preclean-start]
12911.296: [GC 12911.298: [ParNew: 353920K->39116K(353920K), 0.0792174 secs] 3003908K->2696240K(3106432K) icms_dc=100 , 0.0807969 secs] [Times: user=1.08 sys=0.02, real=0.08 secs] 
12912.216: [GC 12912.217: [ParNew: 353488K->39296K(353920K), 0.0701202 secs] 3010612K->2704618K(3106432K) icms_dc=100 , 0.0717357 secs] [Times: user=1.10 sys=0.02, real=0.07 secs] 
12913.150: [CMS-concurrent-abortable-preclean: 2.046/2.553 secs] [Times: user=66.85 sys=2.35, real=2.55 secs] 
12913.185: [GC 12913.186: [ParNew: 353920K->37942K(353920K), 0.0853733 secs] 3019242K->2711110K(3106432K) icms_dc=100 , 0.0869553 secs] [Times: user=1.13 sys=0.02, real=0.09 secs] 
12913.309: [GC[YG occupancy: 38035 K (353920 K)]12913.310: [Rescan (parallel) , 0.0871196 secs]12913.397: [weak refs processing, 0.0257729 secs] [1 CMS-remark: 2673168K(2752512K)] 2711203K(3106432K), 0.1172945 secs] [Times: user=1.48 sys=0.03, real=0.12 secs] 
12913.428: [CMS-concurrent-sweep-start]
12914.285: [GC 12914.286: [ParNew: 352566K->39296K(353920K), 0.1448696 secs] 3025708K->2722980K(3106432K) icms_dc=100 , 0.1464629 secs] [Times: user=1.36 sys=0.05, real=0.15 secs] 
12915.257: [GC 12915.258: [ParNew: 353920K->39296K(353920K), 0.0868894 secs] 3037597K->2731485K(3106432K) icms_dc=100 , 0.0885293 secs] [Times: user=1.20 sys=0.02, real=0.09 secs] 
12916.114: [GC 12916.115: [ParNew: 353920K->36361K(353920K), 0.1457479 secs] 3046076K->2743916K(3106432K) icms_dc=100 , 0.1472935 secs] [Times: user=1.50 sys=0.12, real=0.15 secs] 
12917.129: [GC 12917.130: [ParNew (promotion failed): 350985K->344360K(353920K), 1.1106875 secs]12918.240: [CMS12925.262: [CMS-concurrent-sweep: 9.675/11.834 secs] [Times: user=105.18 sys=3.61, real=11.83 secs] 
 (concurrent mode failure): 2712216K->1616259K(2752512K), 45.0045409 secs] 3058473K->1616259K(3106432K), [CMS Perm : 207292K->204991K(402264K)] icms_dc=100 , 46.1170596 secs] [Times: user=47.16 sys=0.57, real=46.12 secs] 
12963.354: [GC [1 CMS-initial-mark: 1616259K(2752512K)] 1616350K(3106432K), 0.2521623 secs] [Times: user=0.25 sys=0.00, real=0.25 secs] 
12963.607: [CMS-concurrent-mark-start]
12965.055: [GC 12965.056: [ParNew: 314624K->33778K(353920K), 0.1209922 secs] 1930883K->1650037K(3106432K) icms_dc=100 , 0.1226124 secs] [Times: user=1.12 sys=0.07, real=0.12 secs] 
12965.967: [GC 12965.968: [ParNew: 348402K->23181K(353920K), 0.1323594 secs] 1964661K->1656730K(3106432K) icms_dc=100 , 0.1338921 secs] [Times: user=1.29 sys=0.09, real=0.13 secs] 
12967.255: [GC 12967.256: [ParNew: 338213K->37857K(353920K), 0.0578210 secs] 1971763K->1671407K(3106432K) icms_dc=100 , 0.0593240 secs] [Times: user=0.88 sys=0.02, real=0.06 secs] 
12968.352: [GC 12968.353: [ParNew: 352481K->39296K(353920K), 0.1466740 secs] 1986031K->1682817K(3106432K) icms_dc=100 , 0.1482050 secs] [Times: user=1.47 sys=0.12, real=0.15 secs] 
12970.031: [GC 12970.032: [ParNew: 353920K->39296K(353920K), 0.0963596 secs] 1997441K->1692537K(3106432K) icms_dc=100 , 0.0980171 secs] [Times: user=1.19 sys=0.05, real=0.10 secs] 
12971.044: [GC 12971.045: [ParNew: 353920K->39296K(353920K), 0.1160583 secs] 2007577K->1703777K(3106432K) icms_dc=100 , 0.1176196 secs] [Times: user=1.13 sys=0.03, real=0.12 secs] 
12972.116: [GC 12972.117: [ParNew: 353920K->37247K(353920K), 0.1401996 secs] 2018401K->1719444K(3106432K) icms_dc=100 , 0.1418168 secs] [Times: user=1.48 sys=0.07, real=0.14 secs] 
12973.168: [GC 12973.169: [ParNew: 351871K->31126K(353920K), 0.1101309 secs] 2034068K->1724694K(3106432K) icms_dc=100 , 0.1116949 secs] [Times: user=1.18 sys=0.08, real=0.11 secs] 
12974.265: [GC 12974.266: [ParNew: 345750K->28763K(353920K), 0.1322395 secs] 2039318K->1732721K(3106432K) icms_dc=100 , 0.1338376 secs] [Times: user=1.22 sys=0.06, real=0.13 secs] 
12975.322: [GC 12975.323: [ParNew: 343549K->39296K(353920K), 0.1739958 secs] 2047507K->1744881K(3106432K) icms_dc=100 , 0.1756364 secs] [Times: user=1.49 sys=0.21, real=0.18 secs] 
12975.535: [GC 12975.536: [ParNew: 39657K->19040K(353920K), 0.1486068 secs] 1745242K->1755158K(3106432K) icms_dc=100 , 0.1498742 secs] [Times: user=1.26 sys=0.04, real=0.15 secs] 
12976.687: [GC 12976.689: [ParNew: 333664K->23032K(353920K), 0.0854308 secs] 2069782K->1759151K(3106432K) icms_dc=100 , 0.0870100 secs] [Times: user=0.89 sys=0.03, real=0.09 secs] 
12977.693: [GC 12977.694: [ParNew: 337656K->26486K(353920K), 0.0908937 secs] 2073775K->1774735K(3106432K) icms_dc=100 , 0.0924815 secs] [Times: user=1.11 sys=0.03, real=0.09 secs] 
12978.820: [GC 12978.821: [ParNew: 341110K->30659K(353920K), 0.1520542 secs] 2089359K->1788616K(3106432K) icms_dc=100 , 0.1535877 secs] [Times: user=1.46 sys=0.20, real=0.15 secs] 
12979.942: [GC 12979.943: [ParNew: 345283K->29078K(353920K), 0.1287777 secs] 2103240K->1797921K(3106432K) icms_dc=100 , 0.1303755 secs] [Times: user=1.27 sys=0.12, real=0.13 secs] 
12981.004: [GC 12981.006: [ParNew: 343702K->31814K(353920K), 0.0941549 secs] 2112545K->1809904K(3106432K) icms_dc=100 , 0.0957396 secs] [Times: user=1.02 sys=0.02, real=0.10 secs] 
12982.165: [GC 12982.166: [ParNew: 346542K->23752K(353920K), 0.0841505 secs] 2124632K->1811785K(3106432K) icms_dc=100 , 0.0858879 secs] [Times: user=1.07 sys=0.02, real=0.09 secs] 
12982.289: [GC 12982.290: [ParNew: 23895K->22466K(353920K), 0.0584392 secs] 1811929K->1810499K(3106432K) icms_dc=100 , 0.0596763 secs] [Times: user=0.75 sys=0.03, real=0.06 secs] 
12983.325: [GC 12983.326: [ParNew: 337090K->36078K(353920K), 0.1596290 secs] 2125123K->1824112K(3106432K) icms_dc=100 , 0.1612984 secs] [Times: user=1.47 sys=0.22, real=0.16 secs] 
12984.058: [CMS-concurrent-mark: 13.205/20.451 secs] [Times: user=452.69 sys=14.90, real=20.45 secs] 
12984.060: [CMS-concurrent-preclean-start]
12984.396: [GC 12984.397: [ParNew: 350702K->35710K(353920K), 0.0878501 secs] 2138736K->1830693K(3106432K) icms_dc=100 , 0.0894605 secs] [Times: user=1.11 sys=0.02, real=0.09 secs] 
12985.319: [GC 12985.320: [ParNew: 350334K->38887K(353920K), 0.1596717 secs] 2145317K->1840475K(3106432K) icms_dc=100 , 0.1612356 secs] [Times: user=1.65 sys=0.21, real=0.16 secs] 
12986.219: [GC 12986.220: [ParNew: 353511K->39295K(353920K), 0.0855951 secs] 2155099K->1847951K(3106432K) icms_dc=100 , 0.0871408 secs] [Times: user=1.23 sys=0.05, real=0.09 secs] 
12987.135: [GC 12987.136: [ParNew: 353919K->33049K(353920K), 0.1277730 secs] 2162575K->1857949K(3106432K) icms_dc=100 , 0.1293474 secs] [Times: user=1.44 sys=0.11, real=0.13 secs] 
12988.719: [GC 12988.720: [ParNew: 347673K->34366K(353920K), 0.1368340 secs] 2172573K->1867896K(3106432K) icms_dc=100 , 0.1384353 secs] [Times: user=1.32 sys=0.08, real=0.14 secs] 
12989.681: [GC 12989.682: [ParNew: 350971K->28571K(353920K), 0.2522926 secs] 2184500K->1871341K(3106432K) icms_dc=100 , 0.2538698 secs] [Times: user=1.89 sys=0.37, real=0.25 secs] 
12989.974: [GC 12989.975: [ParNew: 29851K->14657K(353920K), 0.0901024 secs] 1872621K->1881313K(3106432K) icms_dc=100 , 0.0912966 secs] [Times: user=0.85 sys=0.02, real=0.09 secs] 
12990.863: [GC 12990.864: [ParNew: 329494K->24530K(353920K), 0.0656789 secs] 2196150K->1891186K(3106432K) icms_dc=100 , 0.0672579 secs] [Times: user=0.86 sys=0.01, real=0.07 secs] 
12990.967: [GC 12990.968: [ParNew: 25360K->12568K(353920K), 0.0999012 secs] 1892016K->1901437K(3106432K) icms_dc=100 , 0.1010959 secs] [Times: user=0.94 sys=0.03, real=0.10 secs] 
12991.831: [GC 12991.832: [ParNew: 327192K->27846K(353920K), 0.1307294 secs] 2216061K->1916715K(3106432K) icms_dc=100 , 0.1323682 secs] [Times: user=1.35 sys=0.22, real=0.13 secs] 
12992.733: [GC 12992.734: [ParNew: 343352K->30735K(353920K), 0.1652214 secs] 2232221K->1933986K(3106432K) icms_dc=100 , 0.1668174 secs] [Times: user=1.39 sys=0.03, real=0.17 secs] 
12992.936: [GC 12992.937: [ParNew: 32620K->15188K(353920K), 0.1315527 secs] 1935871K->1945413K(3106432K) icms_dc=100 , 0.1327752 secs] [Times: user=0.97 sys=0.04, real=0.13 secs] 
12994.310: [GC 12994.311: [ParNew: 330090K->36579K(353920K), 0.0917167 secs] 2260315K->1966804K(3106432K) icms_dc=100 , 0.0932973 secs] [Times: user=0.88 sys=0.02, real=0.09 secs] 
12994.465: [GC 12994.466: [ParNew: 50470K->14456K(353920K), 0.1515875 secs] 1980695K->1977173K(3106432K) icms_dc=100 , 0.1528471 secs] [Times: user=1.17 sys=0.06, real=0.15 secs] 
12995.515: [GC 12995.516: [ParNew: 329285K->27174K(353920K), 0.0767819 secs] 2292002K->1989892K(3106432K) icms_dc=100 , 0.0783792 secs] [Times: user=0.90 sys=0.01, real=0.08 secs] 
12995.630: [GC 12995.630: [ParNew: 27730K->9531K(353920K), 0.0851743 secs] 1990447K->1997331K(3106432K) icms_dc=100 , 0.0863766 secs] [Times: user=0.97 sys=0.03, real=0.09 secs] 
12996.569: [GC 12996.570: [ParNew: 324155K->29880K(353920K), 0.1362156 secs] 2311955K->2017680K(3106432K) icms_dc=100 , 0.1377899 secs] [Times: user=1.36 sys=0.17, real=0.14 secs] 
12997.508: [GC 12997.509: [ParNew: 345543K->31169K(353920K), 0.0915986 secs] 2333343K->2032889K(3106432K) icms_dc=100 , 0.0932684 secs] [Times: user=1.19 sys=0.02, real=0.09 secs] 
12997.637: [GC 12997.637: [ParNew: 31433K->8486K(353920K), 0.0756359 secs] 2033152K->2036265K(3106432K) icms_dc=100 , 0.0768296 secs] [Times: user=0.92 sys=0.04, real=0.08 secs] 
12998.490: [GC 12998.491: [ParNew: 323110K->29694K(353920K), 0.1578044 secs] 2350889K->2057474K(3106432K) icms_dc=100 , 0.1593709 secs] [Times: user=1.35 sys=0.21, real=0.16 secs] 
12999.544: [GC 12999.545: [ParNew: 344318K->32226K(353920K), 0.1390056 secs] 2372098K->2073149K(3106432K) icms_dc=100 , 0.1406155 secs] [Times: user=1.42 sys=0.06, real=0.14 secs] 
13000.406: [GC 13000.408: [ParNew: 346850K->30220K(353920K), 0.1291696 secs] 2387773K->2084225K(3106432K) icms_dc=100 , 0.1307985 secs] [Times: user=1.44 sys=0.11, real=0.13 secs] 
13001.308: [GC 13001.309: [ParNew: 344844K->30185K(353920K), 0.1390337 secs] 2398849K->2093123K(3106432K) icms_dc=100 , 0.1405934 secs] [Times: user=1.44 sys=0.18, real=0.14 secs] 
13002.288: [GC 13002.289: [ParNew: 344809K->29860K(353920K), 0.1274330 secs] 2407747K->2104269K(3106432K) icms_dc=100 , 0.1290318 secs] [Times: user=1.32 sys=0.14, real=0.13 secs] 
13002.708: [CMS-concurrent-preclean: 12.367/18.648 secs] [Times: user=418.07 sys=14.70, real=18.65 secs] 
13002.709: [CMS-concurrent-abortable-preclean-start]
13003.135: [GC 13003.137: [ParNew: 344484K->33752K(353920K), 0.1044733 secs] 2418893K->2108161K(3106432K) icms_dc=100 , 0.1060399 secs] [Times: user=1.10 sys=0.09, real=0.11 secs] 
13003.464: [CMS-concurrent-abortable-preclean: 0.580/0.755 secs] [Times: user=19.51 sys=0.58, real=0.76 secs] 
13003.502: [GC[YG occupancy: 136223 K (353920 K)]13003.502: [Rescan (parallel) , 0.1268653 secs]13003.629: [weak refs processing, 0.0008626 secs] [1 CMS-remark: 2074408K(2752512K)] 2210632K(3106432K), 0.1283208 secs] [Times: user=2.04 sys=0.03, real=0.13 secs] 
13003.631: [CMS-concurrent-sweep-start]
13004.114: [GC 13004.115: [ParNew: 348376K->37111K(353920K), 0.1145164 secs] 2422777K->2119836K(3106432K) icms_dc=100 , 0.1160563 secs] [Times: user=1.29 sys=0.12, real=0.12 secs] 
13005.072: [GC 13005.073: [ParNew: 351776K->39295K(353920K), 0.0843726 secs] 2434479K->2131177K(3106432K) icms_dc=100 , 0.0859574 secs] [Times: user=1.07 sys=0.03, real=0.09 secs] 
13005.983: [GC 13005.984: [ParNew: 353919K->34021K(353920K), 0.0957387 secs] 2445761K->2139911K(3106432K) icms_dc=100 , 0.0973344 secs] [Times: user=1.15 sys=0.02, real=0.10 secs] 
13007.010: [GC 13007.011: [ParNew: 349020K->36422K(353920K), 0.0895879 secs] 2454875K->2150989K(3106432K) icms_dc=100 , 0.0911492 secs] [Times: user=1.08 sys=0.04, real=0.09 secs] 
13007.147: [GC 13007.147: [ParNew: 41456K->22363K(353920K), 0.0751513 secs] 2156023K->2162974K(3106432K) icms_dc=100 , 0.0763874 secs] [Times: user=0.86 sys=0.03, real=0.08 secs] 
13008.051: [GC 13008.052: [ParNew: 336987K->28638K(353920K), 0.1196049 secs] 2477580K->2169232K(3106432K) icms_dc=100 , 0.1215776 secs] [Times: user=1.32 sys=0.05, real=0.12 secs] 
13009.184: [GC 13009.185: [ParNew: 343262K->23680K(353920K), 0.1455577 secs] 2483825K->2178408K(3106432K) icms_dc=100 , 0.1471502 secs] [Times: user=1.35 sys=0.10, real=0.15 secs] 
13010.160: [GC 13010.161: [ParNew: 338436K->33630K(353920K), 0.1476346 secs] 2493119K->2188312K(3106432K) icms_dc=100 , 0.1492030 secs] [Times: user=1.38 sys=0.18, real=0.15 secs] 
13010.346: [GC 13010.347: [ParNew: 33968K->27080K(353920K), 0.0680262 secs] 2188651K->2190153K(3106432K) icms_dc=100 , 0.0693320 secs] [Times: user=0.96 sys=0.02, real=0.07 secs] 
13011.341: [GC 13011.342: [ParNew: 341400K->39296K(353920K), 0.1050811 secs] 2504382K->2204765K(3106432K) icms_dc=100 , 0.1066910 secs] [Times: user=0.99 sys=0.02, real=0.11 secs] 
13012.274: [GC 13012.275: [ParNew: 353920K->39296K(353920K), 0.0866766 secs] 2519349K->2213824K(3106432K) icms_dc=100 , 0.0882570 secs] [Times: user=1.08 sys=0.02, real=0.09 secs] 
13013.164: [GC 13013.165: [ParNew: 353920K->33801K(353920K), 0.1422296 secs] 2524993K->2214464K(3106432K) icms_dc=100 , 0.1437722 secs] [Times: user=1.41 sys=0.15, real=0.14 secs] 
13014.286: [GC 13014.287: [ParNew: 348425K->39295K(353920K), 0.0980087 secs] 2529083K->2227132K(3106432K) icms_dc=100 , 0.0996201 secs] [Times: user=1.08 sys=0.02, real=0.10 secs] 
13015.257: [GC 13015.258: [ParNew: 353920K->38068K(353920K), 0.1400708 secs] 2541889K->2232936K(3106432K) icms_dc=100 , 0.1416408 secs] [Times: user=1.41 sys=0.16, real=0.14 secs] 
13016.203: [GC 13016.204: [ParNew: 352692K->39295K(353920K), 0.1411994 secs] 2547511K->2243945K(3106432K) icms_dc=100 , 0.1427914 secs] [Times: user=1.38 sys=0.10, real=0.14 secs] 
13017.586: [GC 13017.587: [ParNew: 353919K->39296K(353920K), 0.1062578 secs] 2554386K->2248111K(3106432K) icms_dc=100 , 0.1078740 secs] [Times: user=1.08 sys=0.01, real=0.11 secs] 
13018.517: [GC 13018.518: [ParNew: 353920K->34938K(353920K), 0.1903714 secs] 2557868K->2255846K(3106432K) icms_dc=100 , 0.1919771 secs] [Times: user=1.26 sys=0.09, real=0.19 secs] 
13019.378: [GC 13019.379: [ParNew: 349562K->31397K(353920K), 0.0647065 secs] 2564110K->2245946K(3106432K) icms_dc=100 , 0.0662247 secs] [Times: user=0.92 sys=0.02, real=0.07 secs] 
13019.938: [CMS-concurrent-sweep: 12.408/16.307 secs] [Times: user=380.68 sys=14.29, real=16.31 secs] 
13019.940: [CMS-concurrent-reset-start]
13019.969: [CMS-concurrent-reset: 0.029/0.029 secs] [Times: user=0.75 sys=0.05, real=0.03 secs] 
13020.316: [GC 13020.317: [ParNew: 346021K->39296K(353920K), 0.1351002 secs] 2547353K->2248214K(3106432K) icms_dc=75 , 0.1923194 secs] [Times: user=1.41 sys=0.13, real=0.19 secs] 
13020.639: [GC [1 CMS-initial-mark: 2208918K(2752512K)] 2287620K(3106432K), 0.6456339 secs] [Times: user=0.65 sys=0.00, real=0.65 secs] 
13021.286: [CMS-concurrent-mark-start]
13021.991: [GC 13021.992: [ParNew: 353920K->32235K(353920K), 0.1912504 secs] 2562838K->2259550K(3106432K) icms_dc=76 , 0.1928568 secs] [Times: user=1.82 sys=0.27, real=0.19 secs] 
13023.054: [GC 13023.055: [ParNew: 348271K->31965K(353920K), 0.0797145 secs] 2575586K->2268531K(3106432K) icms_dc=76 , 0.0812820 secs] [Times: user=1.08 sys=0.03, real=0.08 secs] 
13023.172: [GC 13023.173: [ParNew: 32585K->10196K(353920K), 0.1173702 secs] 2269152K->2268092K(3106432K) icms_dc=95 , 0.1185847 secs] [Times: user=1.13 sys=0.13, real=0.12 secs] 
13024.233: [GC 13024.234: [ParNew: 324820K->27521K(353920K), 0.0925459 secs] 2582716K->2285417K(3106432K) icms_dc=95 , 0.0941378 secs] [Times: user=1.10 sys=0.10, real=0.09 secs] 
13025.311: [GC 13025.312: [ParNew: 342145K->28011K(353920K), 0.1564361 secs] 2600041K->2297880K(3106432K) icms_dc=95 , 0.1580320 secs] [Times: user=1.53 sys=0.18, real=0.16 secs] 
13026.394: [GC 13026.395: [ParNew: 342635K->27115K(353920K), 0.1681388 secs] 2612504K->2306863K(3106432K) icms_dc=95 , 0.1697182 secs] [Times: user=1.56 sys=0.18, real=0.17 secs] 
13027.521: [GC 13027.522: [ParNew: 341739K->38683K(353920K), 0.1367609 secs] 2621487K->2318431K(3106432K) icms_dc=95 , 0.1383402 secs] [Times: user=1.11 sys=0.04, real=0.14 secs] 
13028.572: [GC 13028.574: [ParNew: 353307K->29135K(353920K), 0.1068976 secs] 2633055K->2326522K(3106432K) icms_dc=95 , 0.1085554 secs] [Times: user=1.29 sys=0.03, real=0.11 secs] 
13029.703: [GC 13029.704: [ParNew: 343759K->34512K(353920K), 0.0706333 secs] 2641146K->2331898K(3106432K) icms_dc=95 , 0.0723368 secs] [Times: user=1.02 sys=0.04, real=0.07 secs] 
13030.596: [GC 13030.597: [ParNew: 349136K->39296K(353920K), 0.0812051 secs] 2646522K->2345359K(3106432K) icms_dc=95 , 0.0827874 secs] [Times: user=1.16 sys=0.02, real=0.08 secs] 
13031.677: [GC 13031.679: [ParNew: 353920K->34159K(353920K), 0.1116143 secs] 2659983K->2356219K(3106432K) icms_dc=95 , 0.1132002 secs] [Times: user=1.22 sys=0.02, real=0.11 secs] 
13032.686: [GC 13032.688: [ParNew: 348783K->33420K(353920K), 0.1414196 secs] 2670843K->2355480K(3106432K) icms_dc=95 , 0.1431717 secs] [Times: user=1.34 sys=0.09, real=0.14 secs] 
13033.710: [GC 13033.711: [ParNew: 348044K->37627K(353920K), 0.1469191 secs] 2670104K->2365411K(3106432K) icms_dc=95 , 0.1484666 secs] [Times: user=1.50 sys=0.18, real=0.15 secs] 
13034.747: [GC 13034.748: [ParNew: 352429K->39296K(353920K), 0.1031950 secs] 2680214K->2376124K(3106432K) icms_dc=95 , 0.1048240 secs] [Times: user=1.25 sys=0.05, real=0.11 secs] 
13034.889: [GC 13034.890: [ParNew: 39755K->29650K(353920K), 0.0890499 secs] 2376584K->2375453K(3106432K) icms_dc=95 , 0.0902749 secs] [Times: user=1.01 sys=0.03, real=0.09 secs] 
13035.854: [GC 13035.855: [ParNew: 344274K->36024K(353920K), 0.0652569 secs] 2690077K->2381827K(3106432K) icms_dc=95 , 0.0668036 secs] [Times: user=0.96 sys=0.01, real=0.07 secs] 
13036.723: [GC 13036.724: [ParNew: 350648K->31136K(353920K), 0.0964017 secs] 2696451K->2392851K(3106432K) icms_dc=95 , 0.0980151 secs] [Times: user=1.26 sys=0.02, real=0.10 secs] 
13037.608: [GC 13037.609: [ParNew: 345871K->30227K(353920K), 0.0772515 secs] 2707586K->2401993K(3106432K) icms_dc=95 , 0.0788224 secs] [Times: user=1.04 sys=0.02, real=0.08 secs] 
13037.723: [GC 13037.724: [ParNew: 30681K->26074K(353920K), 0.0542139 secs] 2402447K->2397840K(3106432K) icms_dc=100 , 0.0554917 secs] [Times: user=0.76 sys=0.03, real=0.06 secs] 
13038.655: [GC 13038.656: [ParNew: 340698K->36276K(353920K), 0.0797945 secs] 2712464K->2408042K(3106432K) icms_dc=100 , 0.0813945 secs] [Times: user=0.98 sys=0.01, real=0.08 secs] 
13039.566: [GC 13039.567: [ParNew: 351200K->30138K(353920K), 0.1197602 secs] 2722966K->2420136K(3106432K) icms_dc=100 , 0.1214263 secs] [Times: user=1.28 sys=0.03, real=0.12 secs] 
13039.724: [GC 13039.725: [ParNew: 30644K->25064K(353920K), 0.1653857 secs] 2420642K->2415062K(3106432K) icms_dc=100 , 0.1666328 secs] [Times: user=1.38 sys=0.30, real=0.17 secs] 
13040.851: [GC 13040.852: [ParNew: 339688K->34897K(353920K), 0.1436124 secs] 2729686K->2424895K(3106432K) icms_dc=100 , 0.1452077 secs] [Times: user=1.49 sys=0.19, real=0.15 secs] 
13041.278: [CMS-concurrent-mark: 14.977/19.992 secs] [Times: user=485.62 sys=16.66, real=19.99 secs] 
13041.279: [CMS-concurrent-preclean-start]
13041.736: [GC 13041.737: [ParNew: 349521K->39296K(353920K), 0.1352044 secs] 2739519K->2439583K(3106432K) icms_dc=100 , 0.1368503 secs] [Times: user=1.56 sys=0.08, real=0.14 secs] 
13042.560: [GC 13042.561: [ParNew: 353920K->38580K(353920K), 0.1190620 secs] 2754207K->2458163K(3106432K) icms_dc=100 , 0.1206010 secs] [Times: user=1.37 sys=0.07, real=0.12 secs] 
13043.467: [GC 13043.468: [ParNew: 353241K->32338K(353920K), 0.1121845 secs] 2773601K->2463718K(3106432K) icms_dc=100 , 0.1137991 secs] [Times: user=1.37 sys=0.10, real=0.11 secs] 
13043.617: [GC 13043.617: [ParNew: 32889K->18521K(353920K), 0.0764723 secs] 2464268K->2470677K(3106432K) icms_dc=100 , 0.0776895 secs] [Times: user=0.99 sys=0.04, real=0.08 secs] 
13044.525: [GC 13044.526: [ParNew: 333145K->23622K(353920K), 0.0817512 secs] 2785301K->2475778K(3106432K) icms_dc=100 , 0.0833782 secs] [Times: user=0.95 sys=0.02, real=0.08 secs] 
13045.522: [GC 13045.523: [ParNew: 338246K->32016K(353920K), 0.1314250 secs] 2790402K->2494947K(3106432K) icms_dc=100 , 0.1330604 secs] [Times: user=1.43 sys=0.14, real=0.13 secs] 
13046.651: [GC 13046.652: [ParNew: 346640K->30453K(353920K), 0.1259085 secs] 2809571K->2504541K(3106432K) icms_dc=100 , 0.1276107 secs] [Times: user=1.41 sys=0.12, real=0.13 secs] 
13047.734: [GC 13047.736: [ParNew: 345077K->27767K(353920K), 0.1086878 secs] 2819165K->2512690K(3106432K) icms_dc=100 , 0.1102877 secs] [Times: user=1.05 sys=0.01, real=0.11 secs] 
13048.631: [GC 13048.632: [ParNew: 342391K->32122K(353920K), 0.0652682 secs] 2827314K->2517045K(3106432K) icms_dc=100 , 0.0668977 secs] [Times: user=1.00 sys=0.02, real=0.07 secs] 
13049.465: [GC 13049.466: [ParNew: 346278K->36426K(353920K), 0.1602357 secs] 2831201K->2530018K(3106432K) icms_dc=100 , 0.1618312 secs] [Times: user=1.43 sys=0.14, real=0.16 secs] 
13050.420: [GC 13050.422: [ParNew: 352058K->39296K(353920K), 0.0926573 secs] 2845649K->2542249K(3106432K) icms_dc=100 , 0.0942196 secs] [Times: user=1.21 sys=0.02, real=0.09 secs] 
13050.551: [GC 13050.552: [ParNew: 39836K->22672K(353920K), 0.0890321 secs] 2542790K->2555434K(3106432K) icms_dc=100 , 0.0902427 secs] [Times: user=1.10 sys=0.04, real=0.09 secs] 
13051.582: [GC 13051.583: [ParNew: 337459K->26959K(353920K), 0.0604773 secs] 2870220K->2559720K(3106432K) icms_dc=100 , 0.0620544 secs] [Times: user=0.93 sys=0.01, real=0.06 secs] 
13052.485: [GC 13052.486: [ParNew: 341583K->23301K(353920K), 0.1308849 secs] 2874344K->2569889K(3106432K) icms_dc=100 , 0.1325050 secs] [Times: user=1.31 sys=0.04, real=0.13 secs] 
13053.573: [GC 13053.574: [ParNew: 337912K->36025K(353920K), 0.1173348 secs] 2884500K->2582613K(3106432K) icms_dc=100 , 0.1189587 secs] [Times: user=1.27 sys=0.13, real=0.12 secs] 
13054.050: [CMS-concurrent-preclean: 8.852/12.770 secs] [Times: user=313.40 sys=10.77, real=12.77 secs] 
13054.051: [CMS-concurrent-abortable-preclean-start]
13054.536: [GC 13054.537: [ParNew: 350649K->31353K(353920K), 0.1396141 secs] 2897237K->2593810K(3106432K) icms_dc=100 , 0.1412812 secs] [Times: user=1.51 sys=0.15, real=0.14 secs] 
13055.361: [CMS-concurrent-abortable-preclean: 0.934/1.310 secs] [Times: user=29.66 sys=1.29, real=1.31 secs] 
13055.398: [GC[YG occupancy: 247179 K (353920 K)]13055.398: [Rescan (parallel) , 0.1946818 secs]13055.593: [weak refs processing, 0.0318875 secs] [1 CMS-remark: 2562456K(2752512K)] 2809635K(3106432K), 0.2316903 secs] [Times: user=2.91 sys=0.12, real=0.23 secs] 
13055.631: [CMS-concurrent-sweep-start]
13055.893: [GC 13055.894: [ParNew: 345977K->33996K(353920K), 0.1091900 secs] 2908398K->2596417K(3106432K) icms_dc=100 , 0.1107684 secs] [Times: user=1.09 sys=0.02, real=0.11 secs] 
13056.857: [GC 13056.879: [ParNew: 348620K->28576K(353920K), 0.1185527 secs] 2910813K->2606678K(3106432K) icms_dc=100 , 0.1201702 secs] [Times: user=1.25 sys=0.02, real=0.14 secs] 
13057.789: [GC 13057.791: [ParNew: 343200K->28790K(353920K), 0.1180964 secs] 2921040K->2618659K(3106432K) icms_dc=100 , 0.1197967 secs] [Times: user=1.21 sys=0.05, real=0.12 secs] 
13058.798: [GC 13058.799: [ParNew: 343414K->27476K(353920K), 0.1447976 secs] 2932605K->2627992K(3106432K) icms_dc=100 , 0.1464253 secs] [Times: user=1.52 sys=0.16, real=0.15 secs] 
13059.797: [GC 13059.798: [ParNew: 342100K->39296K(353920K), 0.1698778 secs] 2941643K->2641147K(3106432K) icms_dc=100 , 0.1714920 secs] [Times: user=1.47 sys=0.16, real=0.17 secs] 
13060.819: [GC 13060.821: [ParNew: 353920K->29398K(353920K), 0.1738425 secs] 2955481K->2651746K(3106432K) icms_dc=100 , 0.1754148 secs] [Times: user=1.75 sys=0.19, real=0.18 secs] 
13061.839: [GC 13061.840: [ParNew: 344022K->39296K(353920K), 0.1053263 secs] 2965924K->2662768K(3106432K) icms_dc=100 , 0.1069382 secs] [Times: user=1.02 sys=0.04, real=0.11 secs] 
13062.737: [GC 13062.738: [ParNew: 353920K->32114K(353920K), 0.1019911 secs] 2977288K->2673229K(3106432K) icms_dc=100 , 0.1036501 secs] [Times: user=1.30 sys=0.03, real=0.10 secs] 
13063.623: [GC 13063.624: [ParNew: 346738K->30457K(353920K), 0.0876472 secs] 2987700K->2681044K(3106432K) icms_dc=100 , 0.0892106 secs] [Times: user=1.17 sys=0.02, real=0.09 secs] 
13064.503: [GC 13064.504: [ParNew: 345081K->30968K(353920K), 0.1018862 secs] 2989998K->2685593K(3106432K) icms_dc=100 , 0.1035242 secs] [Times: user=1.29 sys=0.05, real=0.10 secs] 
13065.363: [GC 13065.364: [ParNew: 345592K->30760K(353920K), 0.0926474 secs] 2998160K->2693022K(3106432K) icms_dc=100 , 0.0942512 secs] [Times: user=1.18 sys=0.03, real=0.09 secs] 
13066.288: [GC 13066.289: [ParNew: 345384K->28401K(353920K), 0.0860027 secs] 3007599K->2700323K(3106432K) icms_dc=100 , 0.0875747 secs] [Times: user=1.06 sys=0.02, real=0.09 secs] 
13067.193: [GC 13067.194: [ParNew: 343025K->26935K(353920K), 0.1074888 secs] 3014916K->2708184K(3106432K) icms_dc=100 , 0.1090490 secs] [Times: user=1.07 sys=0.02, real=0.11 secs] 
13068.748: [GC 13068.749: [ParNew: 341559K->37691K(353920K), 0.1094730 secs] 3022616K->2718748K(3106432K) icms_dc=100 , 0.1110657 secs] [Times: user=1.03 sys=0.02, real=0.11 secs] 
13069.757: [GC 13069.759: [ParNew: 353193K->34424K(353920K), 0.1476956 secs] 3033880K->2730812K(3106432K) icms_dc=100 , 0.1493053 secs] [Times: user=1.52 sys=0.12, real=0.15 secs] 
13069.943: [GC 13069.944: [ParNew (promotion failed): 34691K->11397K(353920K), 0.4021069 secs] 2731079K->2728450K(3106432K) icms_dc=100 , 0.4033412 secs] [Times: user=1.21 sys=0.33, real=0.40 secs] 
GC locker: Trying a full collection because scavenge failed
13070.348: [Full GC 13070.348: [CMS13073.799: [CMS-concurrent-sweep: 13.865/18.168 secs] [Times: user=336.77 sys=12.13, real=18.17 secs] 
 (concurrent mode failure): 2717052K->1613469K(2752512K), 42.4930566 secs] 2728450K->1613469K(3106432K), [CMS Perm : 206519K->204994K(402264K)] icms_dc=100 , 42.4942967 secs] [Times: user=42.54 sys=0.03, real=42.49 secs] 
13113.020: [GC [1 CMS-initial-mark: 1613469K(2752512K)] 1636661K(3106432K), 0.3953027 secs] [Times: user=0.40 sys=0.00, real=0.40 secs] 
13113.417: [CMS-concurrent-mark-start]
13115.354: [GC 13115.355: [ParNew: 314624K->25532K(353920K), 0.1400502 secs] 1928093K->1639002K(3106432K) icms_dc=100 , 0.1416661 secs] [Times: user=1.37 sys=0.15, real=0.14 secs] 
13116.597: [GC 13116.598: [ParNew: 340156K->28858K(353920K), 0.1226893 secs] 1953626K->1656938K(3106432K) icms_dc=100 , 0.1242885 secs] [Times: user=1.31 sys=0.06, real=0.12 secs] 
13117.969: [GC 13117.970: [ParNew: 343482K->33674K(353920K), 0.1148710 secs] 1971562K->1672890K(3106432K) icms_dc=100 , 0.1163893 secs] [Times: user=1.25 sys=0.09, real=0.12 secs] 
13118.970: [GC 13118.972: [ParNew: 348298K->31868K(353920K), 0.1497271 secs] 1987514K->1682720K(3106432K) icms_dc=100 , 0.1514435 secs] [Times: user=1.30 sys=0.10, real=0.15 secs] 
13120.111: [GC 13120.112: [ParNew: 347578K->33820K(353920K), 0.0978674 secs] 1998429K->1693527K(3106432K) icms_dc=100 , 0.0994733 secs] [Times: user=1.09 sys=0.02, real=0.10 secs] 
13120.248: [GC 13120.248: [ParNew: 34201K->15297K(353920K), 0.0807516 secs] 1693907K->1701506K(3106432K) icms_dc=100 , 0.0822092 secs] [Times: user=0.92 sys=0.04, real=0.08 secs] 
13121.315: [GC 13121.316: [ParNew: 330503K->28200K(353920K), 0.1433841 secs] 2016712K->1714410K(3106432K) icms_dc=100 , 0.1450362 secs] [Times: user=1.39 sys=0.26, real=0.15 secs] 
13121.497: [GC 13121.498: [ParNew: 28665K->3439K(353920K), 0.0848217 secs] 1714875K->1715359K(3106432K) icms_dc=100 , 0.0860343 secs] [Times: user=0.94 sys=0.04, real=0.09 secs] 
13122.406: [GC 13122.407: [ParNew: 318201K->33633K(353920K), 0.1513459 secs] 2030121K->1745553K(3106432K) icms_dc=100 , 0.1529578 secs] [Times: user=1.44 sys=0.22, real=0.15 secs] 
13122.595: [GC 13122.596: [ParNew: 34051K->7808K(353920K), 0.0935224 secs] 1745970K->1751531K(3106432K) icms_dc=100 , 0.0947306 secs] [Times: user=0.96 sys=0.04, real=0.10 secs] 
13123.586: [GC 13123.587: [ParNew: 322432K->26569K(353920K), 0.0862967 secs] 2066155K->1770291K(3106432K) icms_dc=100 , 0.0879107 secs] [Times: user=1.03 sys=0.09, real=0.09 secs] 
13124.536: [GC 13124.537: [ParNew: 340992K->26990K(353920K), 0.1278640 secs] 2084714K->1782142K(3106432K) icms_dc=100 , 0.1294715 secs] [Times: user=1.36 sys=0.11, real=0.13 secs] 
13125.531: [GC 13125.532: [ParNew: 341746K->25778K(353920K), 0.0940359 secs] 2096898K->1791581K(3106432K) icms_dc=100 , 0.0958062 secs] [Times: user=1.19 sys=0.04, real=0.10 secs] 
13125.665: [GC 13125.666: [ParNew: 26685K->26744K(353920K), 0.0620171 secs] 1792489K->1792547K(3106432K) icms_dc=100 , 0.0632842 secs] [Times: user=0.77 sys=0.04, real=0.06 secs] 
13126.584: [GC 13126.585: [ParNew: 342267K->39295K(353920K), 0.1131221 secs] 2108071K->1805279K(3106432K) icms_dc=100 , 0.1146711 secs] [Times: user=1.20 sys=0.14, real=0.12 secs] 
13126.735: [GC 13126.736: [ParNew: 39976K->20289K(353920K), 0.0961787 secs] 1805960K->1817825K(3106432K) icms_dc=100 , 0.0973838 secs] [Times: user=1.05 sys=0.04, real=0.10 secs] 
13127.659: [GC 13127.660: [ParNew: 334913K->23150K(353920K), 0.1502212 secs] 2132449K->1820686K(3106432K) icms_dc=100 , 0.1517583 secs] [Times: user=1.29 sys=0.21, real=0.15 secs] 
13128.801: [GC 13128.802: [ParNew: 338007K->34873K(353920K), 0.0847010 secs] 2135543K->1832409K(3106432K) icms_dc=100 , 0.0862780 secs] [Times: user=1.01 sys=0.01, real=0.09 secs] 
13128.973: [GC 13128.974: [ParNew: 61334K->33027K(353920K), 0.0744689 secs] 1858870K->1841004K(3106432K) icms_dc=100 , 0.0757599 secs] [Times: user=1.11 sys=0.02, real=0.08 secs] 
13129.884: [GC 13129.885: [ParNew: 348337K->37267K(353920K), 0.1817508 secs] 2156313K->1854831K(3106432K) icms_dc=100 , 0.1834350 secs] [Times: user=1.72 sys=0.25, real=0.18 secs] 
13130.104: [GC 13130.105: [ParNew: 37626K->12475K(353920K), 0.0783910 secs] 1855190K->1856918K(3106432K) icms_dc=100 , 0.0795912 secs] [Times: user=0.95 sys=0.03, real=0.08 secs] 
13131.323: [GC 13131.325: [ParNew: 327361K->33035K(353920K), 0.1195826 secs] 2171804K->1877478K(3106432K) icms_dc=100 , 0.1213771 secs] [Times: user=1.21 sys=0.09, real=0.12 secs] 
13131.484: [GC 13131.484: [ParNew: 33479K->10564K(353920K), 0.0884047 secs] 1877922K->1884665K(3106432K) icms_dc=100 , 0.0896502 secs] [Times: user=1.07 sys=0.04, real=0.09 secs] 
13132.403: [GC 13132.404: [ParNew: 325188K->28152K(353920K), 0.0997911 secs] 2199289K->1902253K(3106432K) icms_dc=100 , 0.1014258 secs] [Times: user=1.21 sys=0.11, real=0.10 secs] 
13133.430: [GC 13133.431: [ParNew: 342776K->26759K(353920K), 0.0965257 secs] 2216877K->1916349K(3106432K) icms_dc=100 , 0.0980953 secs] [Times: user=1.30 sys=0.05, real=0.10 secs] 
13134.402: [GC 13134.403: [ParNew: 341383K->26043K(353920K), 0.1370974 secs] 2230973K->1926227K(3106432K) icms_dc=100 , 0.1386557 secs] [Times: user=1.35 sys=0.16, real=0.14 secs] 
13135.337: [GC 13135.338: [ParNew: 340667K->28673K(353920K), 0.2248853 secs] 2240851K->1938134K(3106432K) icms_dc=100 , 0.2264565 secs] [Times: user=1.72 sys=0.31, real=0.23 secs] 
13136.490: [GC 13136.492: [ParNew: 343297K->39296K(353920K), 0.1312230 secs] 2252758K->1949402K(3106432K) icms_dc=100 , 0.1328591 secs] [Times: user=1.22 sys=0.09, real=0.13 secs] 
13137.569: [GC 13137.570: [ParNew: 353920K->38269K(353920K), 0.1064965 secs] 2264070K->1967945K(3106432K) icms_dc=100 , 0.1081863 secs] [Times: user=1.37 sys=0.04, real=0.11 secs] 
13137.714: [GC 13137.715: [ParNew: 38937K->21014K(353920K), 0.0833047 secs] 1968612K->1977359K(3106432K) icms_dc=100 , 0.0845445 secs] [Times: user=0.97 sys=0.03, real=0.09 secs] 
13138.637: [GC 13138.638: [ParNew: 335638K->26262K(353920K), 0.0564633 secs] 2291983K->1982607K(3106432K) icms_dc=100 , 0.0580715 secs] [Times: user=0.88 sys=0.02, real=0.06 secs] 
13139.491: [GC 13139.492: [ParNew: 341314K->26682K(353920K), 0.1418780 secs] 2297659K->1996859K(3106432K) icms_dc=100 , 0.1434319 secs] [Times: user=1.60 sys=0.17, real=0.14 secs] 
13139.674: [GC 13139.675: [ParNew: 28118K->29554K(353920K), 0.0626365 secs] 1998296K->1999731K(3106432K) icms_dc=100 , 0.0638183 secs] [Times: user=0.81 sys=0.04, real=0.06 secs] 
13140.657: [GC 13140.658: [ParNew: 344271K->39245K(353920K), 0.1131620 secs] 2314449K->2009423K(3106432K) icms_dc=100 , 0.1147571 secs] [Times: user=1.06 sys=0.02, real=0.12 secs] 
13140.812: [GC 13140.812: [ParNew: 40875K->24211K(353920K), 0.1287250 secs] 2011052K->2025338K(3106432K) icms_dc=100 , 0.1300291 secs] [Times: user=1.29 sys=0.10, real=0.13 secs] 
13141.875: [GC 13141.876: [ParNew: 338835K->25642K(353920K), 0.0752954 secs] 2339962K->2026769K(3106432K) icms_dc=100 , 0.0769656 secs] [Times: user=0.90 sys=0.04, real=0.08 secs] 
13142.648: [CMS-concurrent-mark: 17.844/29.231 secs] [Times: user=648.73 sys=22.03, real=29.23 secs] 
13142.649: [CMS-concurrent-preclean-start]
13142.916: [GC 13142.917: [ParNew: 340886K->27227K(353920K), 0.0884871 secs] 2342013K->2042026K(3106432K) icms_dc=100 , 0.0900784 secs] [Times: user=1.10 sys=0.03, real=0.09 secs] 
13143.043: [GC 13143.044: [ParNew: 27715K->12537K(353920K), 0.0713441 secs] 2042514K->2048458K(3106432K) icms_dc=100 , 0.0725988 secs] [Times: user=0.91 sys=0.04, real=0.07 secs] 
13144.123: [GC 13144.124: [ParNew: 327161K->22444K(353920K), 0.0596298 secs] 2363082K->2058364K(3106432K) icms_dc=100 , 0.0612435 secs] [Times: user=0.87 sys=0.01, real=0.06 secs] 
13145.121: [GC 13145.122: [ParNew: 337068K->21035K(353920K), 0.0942699 secs] 2372988K->2069650K(3106432K) icms_dc=100 , 0.0958639 secs] [Times: user=1.12 sys=0.02, real=0.10 secs] 
13145.963: [GC 13145.964: [ParNew: 335659K->35110K(353920K), 0.0764385 secs] 2384274K->2083724K(3106432K) icms_dc=100 , 0.0780244 secs] [Times: user=0.92 sys=0.02, real=0.08 secs] 
13146.923: [GC 13146.924: [ParNew: 349734K->39296K(353920K), 0.1739448 secs] 2398348K->2099359K(3106432K) icms_dc=100 , 0.1755332 secs] [Times: user=1.59 sys=0.11, real=0.18 secs] 
13147.902: [GC 13147.903: [ParNew: 353920K->38497K(353920K), 0.0960809 secs] 2413983K->2105802K(3106432K) icms_dc=100 , 0.0976691 secs] [Times: user=1.19 sys=0.04, real=0.10 secs] 
13148.946: [GC 13148.947: [ParNew: 353121K->39000K(353920K), 0.1288506 secs] 2420426K->2113724K(3106432K) icms_dc=100 , 0.1305029 secs] [Times: user=1.30 sys=0.10, real=0.13 secs] 
13149.930: [GC 13149.931: [ParNew: 353624K->39296K(353920K), 0.1357939 secs] 2428348K->2121884K(3106432K) icms_dc=100 , 0.1374097 secs] [Times: user=1.42 sys=0.12, real=0.14 secs] 
13151.335: [GC 13151.336: [ParNew: 353920K->32675K(353920K), 0.1218317 secs] 2436508K->2131414K(3106432K) icms_dc=100 , 0.1234499 secs] [Times: user=1.37 sys=0.08, real=0.12 secs] 
13152.275: [GC 13152.276: [ParNew: 347299K->25177K(353920K), 0.1576056 secs] 2446038K->2133049K(3106432K) icms_dc=100 , 0.1592731 secs] [Times: user=1.47 sys=0.17, real=0.16 secs] 
13153.281: [GC 13153.282: [ParNew: 339912K->38910K(353920K), 0.0787127 secs] 2447784K->2146783K(3106432K) icms_dc=100 , 0.0802921 secs] [Times: user=1.00 sys=0.01, real=0.08 secs] 
13153.400: [GC 13153.400: [ParNew: 39362K->19061K(353920K), 0.1073572 secs] 2147234K->2157205K(3106432K) icms_dc=100 , 0.1085721 secs] [Times: user=1.18 sys=0.06, real=0.11 secs] 
13154.247: [GC 13154.248: [ParNew: 333685K->25281K(353920K), 0.1122656 secs] 2471829K->2163425K(3106432K) icms_dc=100 , 0.1138753 secs] [Times: user=1.05 sys=0.04, real=0.11 secs] 
13155.079: [GC 13155.080: [ParNew: 339905K->25704K(353920K), 0.1387936 secs] 2478049K->2176406K(3106432K) icms_dc=100 , 0.1403366 secs] [Times: user=1.53 sys=0.09, real=0.14 secs] 
13156.045: [GC 13156.046: [ParNew: 340390K->39296K(353920K), 0.0833962 secs] 2491091K->2191658K(3106432K) icms_dc=100 , 0.0850057 secs] [Times: user=1.02 sys=0.03, real=0.09 secs] 
13156.167: [GC 13156.168: [ParNew: 39873K->18824K(353920K), 0.0913491 secs] 2192236K->2203031K(3106432K) icms_dc=100 , 0.0925656 secs] [Times: user=1.11 sys=0.04, real=0.09 secs] 
13157.174: [GC 13157.175: [ParNew: 333448K->25787K(353920K), 0.0837680 secs] 2517655K->2209994K(3106432K) icms_dc=100 , 0.0853445 secs] [Times: user=0.90 sys=0.02, real=0.09 secs] 
13158.118: [GC 13158.120: [ParNew: 340831K->28074K(353920K), 0.0916393 secs] 2525038K->2223832K(3106432K) icms_dc=100 , 0.0932384 secs] [Times: user=1.20 sys=0.03, real=0.09 secs] 
13158.250: [GC 13158.250: [ParNew: 28892K->14502K(353920K), 0.0893902 secs] 2224649K->2232369K(3106432K) icms_dc=100 , 0.0906192 secs] [Times: user=1.04 sys=0.06, real=0.09 secs] 
13158.516: [CMS-concurrent-preclean: 11.293/15.867 secs] [Times: user=367.28 sys=13.60, real=15.87 secs] 
13158.518: [CMS-concurrent-abortable-preclean-start]
13159.253: [GC 13159.254: [ParNew: 329126K->26165K(353920K), 0.0799486 secs] 2546993K->2244032K(3106432K) icms_dc=100 , 0.0815173 secs] [Times: user=1.00 sys=0.06, real=0.08 secs] 
13160.192: [GC 13160.194: [ParNew: 340789K->25854K(353920K), 0.1393264 secs] 2558656K->2257747K(3106432K) icms_dc=100 , 0.1409224 secs] [Times: user=1.45 sys=0.12, real=0.14 secs] 
13161.075: [GC 13161.076: [ParNew: 340478K->31401K(353920K), 0.1280819 secs] 2572371K->2271894K(3106432K) icms_dc=100 , 0.1296991 secs] [Times: user=1.30 sys=0.08, real=0.13 secs] 
13161.478: [CMS-concurrent-abortable-preclean: 2.115/2.960 secs] [Times: user=72.33 sys=2.57, real=2.96 secs] 
13161.516: [GC[YG occupancy: 161230 K (353920 K)]13161.517: [Rescan (parallel) , 0.1627664 secs]13161.680: [weak refs processing, 0.0006435 secs] [1 CMS-remark: 2240493K(2752512K)] 2401724K(3106432K), 0.1641121 secs] [Times: user=2.50 sys=0.07, real=0.16 secs] 
13161.682: [CMS-concurrent-sweep-start]
13162.141: [GC 13162.143: [ParNew: 346025K->23286K(353920K), 0.1390151 secs] 2586518K->2274974K(3106432K) icms_dc=100 , 0.1406208 secs] [Times: user=1.40 sys=0.05, real=0.14 secs] 
13163.095: [GC 13163.096: [ParNew: 338092K->39143K(353920K), 0.1376343 secs] 2589776K->2290828K(3106432K) icms_dc=100 , 0.1392047 secs] [Times: user=1.33 sys=0.19, real=0.14 secs] 
13163.996: [GC 13163.997: [ParNew: 353767K->32592K(353920K), 0.1557346 secs] 2605449K->2301755K(3106432K) icms_dc=100 , 0.1574299 secs] [Times: user=1.51 sys=0.07, real=0.16 secs] 
13164.935: [GC 13164.936: [ParNew: 347526K->30208K(353920K), 0.0886363 secs] 2616674K->2308918K(3106432K) icms_dc=100 , 0.0903561 secs] [Times: user=1.18 sys=0.02, real=0.09 secs] 
13165.064: [GC 13165.064: [ParNew: 31033K->17821K(353920K), 0.0752915 secs] 2309743K->2320451K(3106432K) icms_dc=100 , 0.0765659 secs] [Times: user=0.92 sys=0.04, real=0.08 secs] 
13165.917: [GC 13165.919: [ParNew: 332445K->30790K(353920K), 0.1156530 secs] 2635064K->2333409K(3106432K) icms_dc=100 , 0.1172489 secs] [Times: user=1.29 sys=0.14, real=0.12 secs] 
13166.906: [GC 13166.907: [ParNew: 345393K->29464K(353920K), 0.0988921 secs] 2647976K->2347116K(3106432K) icms_dc=100 , 0.1005612 secs] [Times: user=1.22 sys=0.03, real=0.10 secs] 
13167.791: [GC 13167.792: [ParNew: 344457K->37293K(353920K), 0.1010609 secs] 2662035K->2364139K(3106432K) icms_dc=100 , 0.1026807 secs] [Times: user=1.19 sys=0.01, real=0.10 secs] 
13168.687: [GC 13168.688: [ParNew: 352139K->35059K(353920K), 0.2151903 secs] 2678936K->2374724K(3106432K) icms_dc=100 , 0.2167762 secs] [Times: user=1.82 sys=0.33, real=0.22 secs] 
13168.940: [GC 13168.941: [ParNew: 35958K->21222K(353920K), 0.1244256 secs] 2375623K->2383816K(3106432K) icms_dc=100 , 0.1386632 secs] [Times: user=1.16 sys=0.12, real=0.14 secs] 
13169.883: [GC 13169.884: [ParNew: 335846K->29063K(353920K), 0.0635116 secs] 2698295K->2391512K(3106432K) icms_dc=100 , 0.0652070 secs] [Times: user=0.91 sys=0.01, real=0.07 secs] 
13170.864: [GC 13170.865: [ParNew: 343776K->29298K(353920K), 0.1309553 secs] 2706103K->2404265K(3106432K) icms_dc=100 , 0.1325484 secs] [Times: user=1.39 sys=0.12, real=0.13 secs] 
13171.039: [GC 13171.040: [ParNew: 32855K->17382K(353920K), 0.1106918 secs] 2407821K->2415344K(3106432K) icms_dc=100 , 0.1119013 secs] [Times: user=1.13 sys=0.09, real=0.11 secs] 
13171.864: [GC 13171.865: [ParNew: 332006K->26786K(353920K), 0.1322260 secs] 2729805K->2424585K(3106432K) icms_dc=100 , 0.1338089 secs] [Times: user=1.36 sys=0.16, real=0.13 secs] 
13172.702: [GC 13172.703: [ParNew: 341410K->26615K(353920K), 0.1651262 secs] 2738691K->2439253K(3106432K) icms_dc=100 , 0.1667877 secs] [Times: user=1.24 sys=0.03, real=0.17 secs] 
13173.955: [GC 13173.956: [ParNew: 341239K->30272K(353920K), 0.1006753 secs] 2753117K->2453614K(3106432K) icms_dc=100 , 0.1022523 secs] [Times: user=1.25 sys=0.04, real=0.10 secs] 
13174.875: [GC 13174.876: [ParNew: 344896K->30219K(353920K), 0.0812232 secs] 2767513K->2463428K(3106432K) icms_dc=100 , 0.0828625 secs] [Times: user=1.15 sys=0.03, real=0.08 secs] 
13175.789: [GC 13175.790: [ParNew: 344843K->34481K(353920K), 0.1103594 secs] 2777272K->2477023K(3106432K) icms_dc=100 , 0.1118993 secs] [Times: user=1.25 sys=0.09, real=0.11 secs] 
13176.784: [GC 13176.785: [ParNew: 349105K->30324K(353920K), 0.3405276 secs] 2788969K->2479410K(3106432K) icms_dc=100 , 0.3421023 secs] [Times: user=2.57 sys=0.68, real=0.34 secs] 
13178.027: [GC 13178.028: [ParNew: 344948K->34294K(353920K), 0.0874997 secs] 2794011K->2493948K(3106432K) icms_dc=100 , 0.0892275 secs] [Times: user=1.22 sys=0.06, real=0.09 secs] 
13179.292: [GC 13179.293: [ParNew: 348916K->32060K(353920K), 0.1434343 secs] 2808476K->2503141K(3106432K) icms_dc=100 , 0.1450468 secs] [Times: user=1.44 sys=0.17, real=0.15 secs] 
13180.274: [GC 13180.275: [ParNew: 346684K->32801K(353920K), 0.0917185 secs] 2817541K->2515412K(3106432K) icms_dc=100 , 0.0934196 secs] [Times: user=1.13 sys=0.02, real=0.09 secs] 
13181.343: [GC 13181.344: [ParNew: 347425K->24338K(353920K), 0.0837595 secs] 2827849K->2515003K(3106432K) icms_dc=100 , 0.0853372 secs] [Times: user=1.06 sys=0.03, real=0.09 secs] 
13182.330: [GC 13182.331: [ParNew: 338962K->37148K(353920K), 0.0758118 secs] 2827119K->2525304K(3106432K) icms_dc=100 , 0.0773644 secs] [Times: user=1.04 sys=0.02, real=0.08 secs] 
13183.330: [GC 13183.331: [ParNew: 351772K->27526K(353920K), 0.1146146 secs] 2837798K->2530239K(3106432K) icms_dc=100 , 0.1162634 secs] [Times: user=1.34 sys=0.04, real=0.12 secs] 
13183.842: [CMS-concurrent-sweep: 16.616/22.160 secs] [Times: user=519.08 sys=18.85, real=22.16 secs] 
13183.844: [CMS-concurrent-reset-start]
13183.918: [CMS-concurrent-reset: 0.075/0.075 secs] [Times: user=2.45 sys=0.08, real=0.08 secs] 
13184.239: [GC 13184.240: [ParNew: 342150K->34828K(353920K), 0.0673625 secs] 2817938K->2510616K(3106432K) icms_dc=75 , 0.0689304 secs] [Times: user=0.97 sys=0.02, real=0.07 secs] 
13184.446: [GC [1 CMS-initial-mark: 2475787K(2752512K)] 2550080K(3106432K), 0.5266458 secs] [Times: user=0.52 sys=0.00, real=0.53 secs] 
13184.974: [CMS-concurrent-mark-start]
13185.724: [GC 13185.725: [ParNew: 349452K->28682K(353920K), 0.0935364 secs] 2825240K->2522353K(3106432K) icms_dc=93 , 0.0952026 secs] [Times: user=1.25 sys=0.02, real=0.10 secs] 
13186.952: [GC 13186.954: [ParNew: 343306K->25295K(353920K), 0.0888187 secs] 2836977K->2527829K(3106432K) icms_dc=100 , 0.0904622 secs] [Times: user=1.09 sys=0.02, real=0.09 secs] 
13187.887: [GC 13187.888: [ParNew: 340016K->37249K(353920K), 0.1267874 secs] 2842550K->2539783K(3106432K) icms_dc=100 , 0.1284415 secs] [Times: user=1.40 sys=0.17, real=0.13 secs] 
13188.059: [GC 13188.060: [ParNew: 40495K->25166K(353920K), 0.0690340 secs] 2543030K->2537757K(3106432K) icms_dc=100 , 0.0702546 secs] [Times: user=1.05 sys=0.02, real=0.07 secs] 
13189.067: [GC 13189.069: [ParNew: 339790K->33544K(353920K), 0.0936817 secs] 2852381K->2546136K(3106432K) icms_dc=100 , 0.0952755 secs] [Times: user=1.09 sys=0.04, real=0.10 secs] 
13190.002: [GC 13190.003: [ParNew: 348168K->35741K(353920K), 0.1026673 secs] 2860760K->2556384K(3106432K) icms_dc=100 , 0.1042187 secs] [Times: user=1.15 sys=0.01, real=0.10 secs] 
13190.922: [GC 13190.923: [ParNew: 350365K->31568K(353920K), 0.1336160 secs] 2871008K->2568757K(3106432K) icms_dc=100 , 0.1352062 secs] [Times: user=1.31 sys=0.02, real=0.14 secs] 
13191.940: [GC 13191.941: [ParNew: 346192K->31564K(353920K), 0.0899898 secs] 2883381K->2578808K(3106432K) icms_dc=100 , 0.0916479 secs] [Times: user=1.22 sys=0.03, real=0.09 secs] 
13192.948: [GC 13192.949: [ParNew: 347229K->29791K(353920K), 0.1375973 secs] 2894474K->2587397K(3106432K) icms_dc=100 , 0.1391437 secs] [Times: user=1.38 sys=0.07, real=0.14 secs] 
13193.124: [GC 13193.125: [ParNew: 30604K->12729K(353920K), 0.0922249 secs] 2588211K->2590739K(3106432K) icms_dc=100 , 0.0934408 secs] [Times: user=0.96 sys=0.02, real=0.09 secs] 
13194.104: [GC 13194.105: [ParNew: 327662K->24921K(353920K), 0.0947997 secs] 2905672K->2602931K(3106432K) icms_dc=100 , 0.0963646 secs] [Times: user=0.96 sys=0.04, real=0.10 secs] 
13194.237: [GC 13194.237: [ParNew: 25197K->5032K(353920K), 0.0982910 secs] 2603208K->2605698K(3106432K) icms_dc=100 , 0.0995329 secs] [Times: user=1.05 sys=0.03, real=0.10 secs] 
13195.341: [GC 13195.342: [ParNew: 319621K->21915K(353920K), 0.1537230 secs] 2920286K->2622581K(3106432K) icms_dc=100 , 0.1553291 secs] [Times: user=1.30 sys=0.20, real=0.16 secs] 
13196.464: [GC 13196.465: [ParNew: 336539K->22874K(353920K), 0.1213968 secs] 2937205K->2635201K(3106432K) icms_dc=100 , 0.1229511 secs] [Times: user=1.21 sys=0.07, real=0.12 secs] 
13197.494: [GC 13197.495: [ParNew: 337498K->37372K(353920K), 0.1738462 secs] 2949825K->2649699K(3106432K) icms_dc=100 , 0.1753993 secs] [Times: user=1.53 sys=0.27, real=0.18 secs] 
13198.929: [GC 13198.930: [ParNew: 352181K->31101K(353920K), 0.1280989 secs] 2964508K->2661126K(3106432K) icms_dc=100 , 0.1296699 secs] [Times: user=1.25 sys=0.05, real=0.13 secs] 
13199.095: [GC 13199.096: [ParNew: 31745K->17646K(353920K), 0.0773271 secs] 2661770K->2669742K(3106432K) icms_dc=100 , 0.0785332 secs] [Times: user=0.90 sys=0.02, real=0.08 secs] 
13200.098: [GC 13200.099: [ParNew: 332386K->21490K(353920K), 0.0672934 secs] 2984482K->2673586K(3106432K) icms_dc=100 , 0.0689006 secs] [Times: user=0.93 sys=0.02, real=0.07 secs] 
13200.204: [GC 13200.205: [ParNew: 22515K->26807K(353920K), 0.0496599 secs] 2674610K->2678903K(3106432K) icms_dc=100 , 0.0508605 secs] [Times: user=0.81 sys=0.01, real=0.05 secs] 
13201.056: [GC 13201.057: [ParNew: 341431K->39296K(353920K), 0.1781074 secs] 2993527K->2692440K(3106432K) icms_dc=100 , 0.1796688 secs] [Times: user=1.66 sys=0.30, real=0.18 secs] 
13202.130: [GC 13202.131: [ParNew: 353920K->37270K(353920K), 0.1536452 secs] 3007064K->2709136K(3106432K) icms_dc=100 , 0.1552368 secs] [Times: user=1.44 sys=0.06, real=0.16 secs] 
13203.148: [GC 13203.150: [ParNew: 351894K->37886K(353920K), 0.0932162 secs] 3023760K->2709751K(3106432K) icms_dc=100 , 0.0948671 secs] [Times: user=1.07 sys=0.03, real=0.10 secs] 
13203.627: [CMS-concurrent-mark: 13.968/18.653 secs] [Times: user=444.85 sys=15.49, real=18.65 secs] 
13203.669: [CMS-concurrent-preclean-start]
13204.114: [GC 13204.115: [ParNew: 353043K->32176K(353920K), 0.1215926 secs] 3024909K->2721980K(3106432K) icms_dc=100 , 0.1232354 secs] [Times: user=1.33 sys=0.03, real=0.12 secs] 
13204.277: [GC 13204.278: [ParNew: 32964K->20663K(353920K), 0.0782101 secs] 2722769K->2732562K(3106432K) icms_dc=100 , 0.0794737 secs] [Times: user=0.99 sys=0.04, real=0.08 secs] 
13205.118: [GC 13205.119: [ParNew: 335287K->25444K(353920K), 0.1052920 secs] 3047186K->2737343K(3106432K) icms_dc=100 , 0.1068122 secs] [Times: user=1.20 sys=0.12, real=0.11 secs] 
13205.926: [GC 13205.927: [ParNew (promotion failed): 340068K->342278K(353920K), 2.4402156 secs] 3051967K->3058379K(3106432K) icms_dc=100 , 2.4540058 secs] [Times: user=3.28 sys=1.81, real=2.45 secs] 
13208.381: [Full GC 13208.382: [CMS13210.122: [CMS-concurrent-preclean: 2.963/6.453 secs] [Times: user=59.50 sys=3.47, real=6.45 secs] 
 (concurrent mode failure): 2716100K->1619475K(2752512K), 39.6216076 secs] 3058379K->1619475K(3106432K), [CMS Perm : 206344K->204994K(402264K)] icms_dc=100 , 39.6227810 secs] [Times: user=39.67 sys=0.02, real=39.62 secs] 
13248.124: [GC [1 CMS-initial-mark: 1619475K(2752512K)] 1619505K(3106432K), 0.3516982 secs] [Times: user=0.35 sys=0.00, real=0.35 secs] 
13248.477: [CMS-concurrent-mark-start]
13250.865: [GC 13250.867: [ParNew: 314624K->33101K(353920K), 0.1058530 secs] 1934099K->1652577K(3106432K) icms_dc=100 , 0.1075099 secs] [Times: user=1.14 sys=0.06, real=0.11 secs] 
13251.941: [GC 13251.942: [ParNew: 348576K->33871K(353920K), 0.1284651 secs] 1968051K->1671021K(3106432K) icms_dc=100 , 0.1300548 secs] [Times: user=1.36 sys=0.06, real=0.13 secs] 
13252.213: [GC 13252.214: [ParNew: 34912K->11331K(353920K), 0.0688083 secs] 1672063K->1669681K(3106432K) icms_dc=100 , 0.0700246 secs] [Times: user=0.85 sys=0.03, real=0.07 secs] 
13253.295: [GC 13253.296: [ParNew: 325955K->29010K(353920K), 0.0691936 secs] 1984305K->1687360K(3106432K) icms_dc=100 , 0.0706572 secs] [Times: user=0.97 sys=0.04, real=0.07 secs] 
13254.294: [GC 13254.295: [ParNew: 343982K->26523K(353920K), 0.1469649 secs] 2002332K->1700144K(3106432K) icms_dc=100 , 0.1485067 secs] [Times: user=1.40 sys=0.17, real=0.15 secs] 
13254.479: [GC 13254.480: [ParNew: 27087K->12786K(353920K), 0.1299352 secs] 1700708K->1707006K(3106432K) icms_dc=100 , 0.1311489 secs] [Times: user=1.20 sys=0.20, real=0.13 secs] 
13255.367: [GC 13255.368: [ParNew: 327410K->22537K(353920K), 0.1073270 secs] 2021630K->1716758K(3106432K) icms_dc=100 , 0.1089353 secs] [Times: user=1.10 sys=0.13, real=0.11 secs] 
13256.359: [GC 13256.361: [ParNew: 337161K->30028K(353920K), 0.0794294 secs] 2031382K->1736597K(3106432K) icms_dc=100 , 0.0809678 secs] [Times: user=1.04 sys=0.02, real=0.08 secs] 
13257.288: [GC 13257.289: [ParNew: 344652K->27231K(353920K), 0.1532982 secs] 2051221K->1746141K(3106432K) icms_dc=100 , 0.1548698 secs] [Times: user=1.43 sys=0.16, real=0.16 secs] 
13258.237: [GC 13258.238: [ParNew: 341855K->28217K(353920K), 0.0831074 secs] 2060765K->1757897K(3106432K) icms_dc=100 , 0.0846261 secs] [Times: user=0.97 sys=0.01, real=0.09 secs] 
13259.239: [GC 13259.240: [ParNew: 342841K->29664K(353920K), 0.1098504 secs] 2072521K->1767991K(3106432K) icms_dc=100 , 0.1114301 secs] [Times: user=0.99 sys=0.02, real=0.11 secs] 
13260.123: [GC 13260.124: [ParNew: 344288K->36539K(353920K), 0.1097493 secs] 2082615K->1785653K(3106432K) icms_dc=100 , 0.1113411 secs] [Times: user=1.21 sys=0.10, real=0.11 secs] 
13261.126: [GC 13261.127: [ParNew: 351504K->32943K(353920K), 0.1256630 secs] 2100618K->1795105K(3106432K) icms_dc=100 , 0.1272251 secs] [Times: user=1.02 sys=0.02, real=0.13 secs] 
13261.289: [GC 13261.290: [ParNew: 33427K->19101K(353920K), 0.0679958 secs] 1795588K->1807559K(3106432K) icms_dc=100 , 0.0691972 secs] [Times: user=0.83 sys=0.04, real=0.07 secs] 
13262.204: [GC 13262.205: [ParNew: 334235K->32887K(353920K), 0.1159035 secs] 2122694K->1821345K(3106432K) icms_dc=100 , 0.1174301 secs] [Times: user=1.16 sys=0.10, real=0.12 secs] 
13262.359: [GC 13262.359: [ParNew: 33118K->7188K(353920K), 0.1185044 secs] 1821576K->1826280K(3106432K) icms_dc=100 , 0.1196996 secs] [Times: user=1.06 sys=0.05, real=0.12 secs] 
13263.315: [GC 13263.316: [ParNew: 324391K->35724K(353920K), 0.0751556 secs] 2143484K->1854817K(3106432K) icms_dc=100 , 0.0767353 secs] [Times: user=0.86 sys=0.01, real=0.08 secs] 
13263.470: [GC 13263.470: [ParNew: 58986K->14051K(353920K), 0.1329391 secs] 1878078K->1864312K(3106432K) icms_dc=100 , 0.1341841 secs] [Times: user=1.10 sys=0.07, real=0.13 secs] 
13264.449: [GC 13264.450: [ParNew: 329231K->32305K(353920K), 0.1130514 secs] 2179492K->1882566K(3106432K) icms_dc=100 , 0.1146113 secs] [Times: user=0.99 sys=0.02, real=0.12 secs] 
13264.600: [GC 13264.600: [ParNew: 32780K->14385K(353920K), 0.1419143 secs] 1883041K->1895439K(3106432K) icms_dc=100 , 0.1430948 secs] [Times: user=0.99 sys=0.04, real=0.14 secs] 
13265.527: [GC 13265.528: [ParNew: 329009K->23465K(353920K), 0.0881048 secs] 2210063K->1904518K(3106432K) icms_dc=100 , 0.0897262 secs] [Times: user=0.95 sys=0.04, real=0.09 secs] 
13266.319: [GC 13266.320: [ParNew: 338089K->26318K(353920K), 0.1256980 secs] 2219142K->1921771K(3106432K) icms_dc=100 , 0.1274226 secs] [Times: user=1.27 sys=0.02, real=0.13 secs] 
13267.221: [GC 13267.222: [ParNew: 340942K->29311K(353920K), 0.1574547 secs] 2236395K->1936048K(3106432K) icms_dc=100 , 0.1590322 secs] [Times: user=1.44 sys=0.14, real=0.16 secs] 
13268.235: [GC 13268.236: [ParNew: 344752K->39296K(353920K), 0.1325692 secs] 2251489K->1961336K(3106432K) icms_dc=100 , 0.1343263 secs] [Times: user=1.40 sys=0.04, real=0.14 secs] 
13268.412: [GC 13268.413: [ParNew: 40033K->21119K(353920K), 0.0867460 secs] 1962073K->1976078K(3106432K) icms_dc=100 , 0.0881007 secs] [Times: user=1.00 sys=0.04, real=0.09 secs] 
13269.483: [GC 13269.484: [ParNew: 338811K->39296K(353920K), 0.1437959 secs] 2293769K->1999077K(3106432K) icms_dc=100 , 0.1454369 secs] [Times: user=1.19 sys=0.04, real=0.15 secs] 
13269.672: [GC 13269.673: [ParNew: 42661K->13367K(353920K), 0.1604113 secs] 2002442K->2010657K(3106432K) icms_dc=100 , 0.1618200 secs] [Times: user=1.44 sys=0.20, real=0.16 secs] 
13270.729: [GC 13270.730: [ParNew: 327991K->32823K(353920K), 0.0968185 secs] 2325281K->2030113K(3106432K) icms_dc=100 , 0.0984822 secs] [Times: user=1.18 sys=0.07, real=0.10 secs] 
13271.742: [GC 13271.744: [ParNew: 348464K->33639K(353920K), 0.1774034 secs] 2345754K->2048820K(3106432K) icms_dc=100 , 0.1793657 secs] [Times: user=1.35 sys=0.03, real=0.18 secs] 
13272.000: [GC 13272.001: [ParNew: 50019K->18278K(353920K), 0.1601069 secs] 2065200K->2060812K(3106432K) icms_dc=100 , 0.1614303 secs] [Times: user=1.07 sys=0.03, real=0.16 secs] 
13272.983: [GC 13272.984: [ParNew: 333903K->35422K(353920K), 0.1071559 secs] 2376438K->2077956K(3106432K) icms_dc=100 , 0.1087878 secs] [Times: user=1.19 sys=0.05, real=0.11 secs] 
13273.129: [GC 13273.130: [ParNew: 35977K->12390K(353920K), 0.0889819 secs] 2078512K->2087788K(3106432K) icms_dc=100 , 0.0902131 secs] [Times: user=1.05 sys=0.05, real=0.09 secs] 
13274.071: [GC 13274.072: [ParNew: 327014K->27311K(353920K), 0.0918788 secs] 2402412K->2102709K(3106432K) icms_dc=100 , 0.0935193 secs] [Times: user=1.15 sys=0.10, real=0.09 secs] 
13275.054: [GC 13275.055: [ParNew: 341935K->27561K(353920K), 0.1727109 secs] 2417333K->2118580K(3106432K) icms_dc=100 , 0.1742687 secs] [Times: user=1.80 sys=0.23, real=0.17 secs] 
13276.106: [GC 13276.107: [ParNew: 342185K->27437K(353920K), 0.1401260 secs] 2433204K->2129125K(3106432K) icms_dc=100 , 0.1417426 secs] [Times: user=1.32 sys=0.11, real=0.14 secs] 
13277.082: [GC 13277.083: [ParNew: 342061K->30970K(353920K), 0.0844561 secs] 2443749K->2143706K(3106432K) icms_dc=100 , 0.0860050 secs] [Times: user=1.20 sys=0.03, real=0.09 secs] 
13278.247: [GC 13278.248: [ParNew: 346658K->31600K(353920K), 0.0869697 secs] 2459393K->2154511K(3106432K) icms_dc=100 , 0.0886201 secs] [Times: user=1.12 sys=0.04, real=0.09 secs] 
13278.374: [GC 13278.374: [ParNew: 32598K->19733K(353920K), 0.0696495 secs] 2155508K->2167950K(3106432K) icms_dc=100 , 0.0709269 secs] [Times: user=0.89 sys=0.03, real=0.07 secs] 
13279.411: [GC 13279.412: [ParNew: 334357K->27637K(353920K), 0.0931649 secs] 2482574K->2175854K(3106432K) icms_dc=100 , 0.0947922 secs] [Times: user=1.10 sys=0.09, real=0.10 secs] 
13280.532: [GC 13280.533: [ParNew: 343321K->27099K(353920K), 0.1102693 secs] 2491538K->2186516K(3106432K) icms_dc=100 , 0.1118933 secs] [Times: user=1.30 sys=0.10, real=0.11 secs] 
13280.683: [GC 13280.684: [ParNew: 27521K->12500K(353920K), 0.1052974 secs] 2186938K->2192797K(3106432K) icms_dc=100 , 0.1065523 secs] [Times: user=1.13 sys=0.09, real=0.11 secs] 
13281.455: [CMS-concurrent-mark: 20.670/32.978 secs] [Times: user=741.98 sys=22.98, real=32.98 secs] 
13281.456: [CMS-concurrent-preclean-start]
13281.691: [GC 13281.692: [ParNew: 327124K->19848K(353920K), 0.0677056 secs] 2507421K->2200145K(3106432K) icms_dc=100 , 0.0693529 secs] [Times: user=0.96 sys=0.03, real=0.07 secs] 
13282.781: [GC 13282.782: [ParNew: 334472K->34874K(353920K), 0.0695952 secs] 2514769K->2215171K(3106432K) icms_dc=100 , 0.0711547 secs] [Times: user=0.98 sys=0.01, real=0.07 secs] 
13283.598: [GC 13283.599: [ParNew: 349498K->37801K(353920K), 0.1988964 secs] 2529795K->2226854K(3106432K) icms_dc=100 , 0.2005193 secs] [Times: user=1.80 sys=0.29, real=0.20 secs] 
13284.611: [GC 13284.612: [ParNew: 352425K->36719K(353920K), 0.1571987 secs] 2541478K->2232321K(3106432K) icms_dc=100 , 0.1587870 secs] [Times: user=1.53 sys=0.13, real=0.16 secs] 
13285.677: [GC 13285.678: [ParNew: 351343K->39295K(353920K), 0.0836415 secs] 2546945K->2241134K(3106432K) icms_dc=100 , 0.0852317 secs] [Times: user=1.16 sys=0.02, real=0.09 secs] 
13286.623: [GC 13286.624: [ParNew: 353919K->36677K(353920K), 0.1071706 secs] 2555927K->2244346K(3106432K) icms_dc=100 , 0.1088244 secs] [Times: user=1.04 sys=0.03, real=0.11 secs] 
13287.546: [GC 13287.547: [ParNew: 351301K->36440K(353920K), 0.0814884 secs] 2558970K->2252221K(3106432K) icms_dc=100 , 0.0830497 secs] [Times: user=1.13 sys=0.04, real=0.08 secs] 
13288.484: [GC 13288.485: [ParNew: 351276K->33767K(353920K), 0.0855958 secs] 2567057K->2254701K(3106432K) icms_dc=100 , 0.0871187 secs] [Times: user=1.24 sys=0.06, real=0.09 secs] 
13288.608: [GC 13288.608: [ParNew: 34312K->25994K(353920K), 0.0558044 secs] 2255247K->2254084K(3106432K) icms_dc=100 , 0.0570643 secs] [Times: user=0.87 sys=0.03, real=0.06 secs] 
13289.451: [GC 13289.452: [ParNew: 340618K->27778K(353920K), 0.0653916 secs] 2568708K->2255868K(3106432K) icms_dc=100 , 0.0669715 secs] [Times: user=0.96 sys=0.01, real=0.07 secs] 
13290.322: [GC 13290.323: [ParNew: 342402K->36425K(353920K), 0.1087995 secs] 2570492K->2270688K(3106432K) icms_dc=100 , 0.1103400 secs] [Times: user=1.23 sys=0.06, real=0.11 secs] 
13291.359: [GC 13291.360: [ParNew: 351102K->39296K(353920K), 0.1485402 secs] 2585365K->2281656K(3106432K) icms_dc=100 , 0.1501022 secs] [Times: user=1.33 sys=0.08, real=0.15 secs] 
13291.546: [GC 13291.547: [ParNew: 39933K->30393K(353920K), 0.0819770 secs] 2282294K->2282714K(3106432K) icms_dc=100 , 0.0832881 secs] [Times: user=1.04 sys=0.03, real=0.08 secs] 
13292.505: [GC 13292.506: [ParNew: 345161K->34192K(353920K), 0.0572764 secs] 2597482K->2286512K(3106432K) icms_dc=100 , 0.0588275 secs] [Times: user=0.90 sys=0.01, real=0.06 secs] 
13292.603: [GC 13292.604: [ParNew: 34718K->15207K(353920K), 0.0903380 secs] 2287038K->2296025K(3106432K) icms_dc=100 , 0.0916167 secs] [Times: user=1.11 sys=0.04, real=0.09 secs] 
13293.537: [GC 13293.538: [ParNew: 329831K->22084K(353920K), 0.1433139 secs] 2610649K->2302901K(3106432K) icms_dc=100 , 0.1448978 secs] [Times: user=1.16 sys=0.11, real=0.15 secs] 
13294.506: [GC 13294.507: [ParNew: 336708K->34126K(353920K), 0.0848409 secs] 2617525K->2314944K(3106432K) icms_dc=100 , 0.0864373 secs] [Times: user=1.13 sys=0.01, real=0.09 secs] 
13295.505: [GC 13295.506: [ParNew: 348540K->32772K(353920K), 0.1408409 secs] 2629358K->2322997K(3106432K) icms_dc=100 , 0.1424697 secs] [Times: user=1.39 sys=0.03, real=0.14 secs] 
13296.549: [GC 13296.550: [ParNew: 347396K->39296K(353920K), 0.1235400 secs] 2637621K->2337942K(3106432K) icms_dc=100 , 0.1251590 secs] [Times: user=1.18 sys=0.01, real=0.13 secs] 
13297.524: [GC 13297.525: [ParNew: 353920K->39296K(353920K), 0.1685270 secs] 2652566K->2346398K(3106432K) icms_dc=100 , 0.1701943 secs] [Times: user=1.44 sys=0.11, real=0.17 secs] 
13298.266: [CMS-concurrent-preclean: 12.405/16.809 secs] [Times: user=389.87 sys=12.99, real=16.81 secs] 
13298.268: [CMS-concurrent-abortable-preclean-start]
13298.536: [GC 13298.537: [ParNew: 353920K->39296K(353920K), 0.1455554 secs] 2661022K->2354480K(3106432K) icms_dc=100 , 0.1471083 secs] [Times: user=1.57 sys=0.19, real=0.15 secs] 
13299.596: [GC 13299.597: [ParNew: 353920K->39296K(353920K), 0.1277244 secs] 2669104K->2364716K(3106432K) icms_dc=100 , 0.1292899 secs] [Times: user=1.25 sys=0.06, real=0.13 secs] 
13299.794: [CMS-concurrent-abortable-preclean: 1.021/1.526 secs] [Times: user=33.50 sys=1.42, real=1.53 secs] 
13299.868: [GC[YG occupancy: 64817 K (353920 K)]13299.868: [Rescan (parallel) , 0.1385864 secs]13300.007: [weak refs processing, 0.0006838 secs] [1 CMS-remark: 2325420K(2752512K)] 2390237K(3106432K), 0.1398932 secs] [Times: user=1.83 sys=0.16, real=0.14 secs] 
13300.009: [CMS-concurrent-sweep-start]
13300.779: [GC 13300.780: [ParNew: 353920K->39296K(353920K), 0.0995407 secs] 2679339K->2374164K(3106432K) icms_dc=100 , 0.1011063 secs] [Times: user=1.20 sys=0.03, real=0.10 secs] 
13301.770: [GC 13301.771: [ParNew: 353920K->35118K(353920K), 0.1471379 secs] 2688785K->2386380K(3106432K) icms_dc=100 , 0.1486817 secs] [Times: user=1.58 sys=0.17, real=0.15 secs] 
13302.800: [GC 13302.801: [ParNew: 349742K->27216K(353920K), 0.1159790 secs] 2701001K->2386440K(3106432K) icms_dc=100 , 0.1176270 secs] [Times: user=1.24 sys=0.08, real=0.12 secs] 
13303.751: [GC 13303.753: [ParNew: 341840K->27207K(353920K), 0.1625222 secs] 2701060K->2394871K(3106432K) icms_dc=100 , 0.1640700 secs] [Times: user=1.32 sys=0.09, real=0.16 secs] 
13304.735: [GC 13304.736: [ParNew: 341831K->34442K(353920K), 0.0630101 secs] 2709487K->2402098K(3106432K) icms_dc=100 , 0.0646257 secs] [Times: user=0.90 sys=0.02, real=0.07 secs] 
13305.679: [GC 13305.680: [ParNew: 349066K->39296K(353920K), 0.0887752 secs] 2716708K->2414684K(3106432K) icms_dc=100 , 0.0903994 secs] [Times: user=1.08 sys=0.02, real=0.09 secs] 
13306.486: [GC 13306.487: [ParNew: 353920K->39296K(353920K), 0.0986907 secs] 2729277K->2424075K(3106432K) icms_dc=100 , 0.1007568 secs] [Times: user=1.06 sys=0.01, real=0.10 secs] 
13307.670: [GC 13307.671: [ParNew: 353920K->39296K(353920K), 0.0962577 secs] 2738659K->2433575K(3106432K) icms_dc=100 , 0.0977378 secs] [Times: user=1.18 sys=0.04, real=0.10 secs] 
13308.538: [GC 13308.539: [ParNew: 353920K->33115K(353920K), 0.1278355 secs] 2748140K->2434217K(3106432K) icms_dc=100 , 0.1294017 secs] [Times: user=1.34 sys=0.14, real=0.13 secs] 
13309.860: [GC 13309.861: [ParNew: 347739K->36184K(353920K), 0.1484229 secs] 2748728K->2437173K(3106432K) icms_dc=100 , 0.1499349 secs] [Times: user=1.41 sys=0.18, real=0.15 secs] 
13310.752: [GC 13310.753: [ParNew: 350808K->37734K(353920K), 0.0839986 secs] 2751795K->2449384K(3106432K) icms_dc=100 , 0.0855311 secs] [Times: user=1.18 sys=0.02, real=0.09 secs] 
13311.640: [GC 13311.641: [ParNew: 352358K->39296K(353920K), 0.1218670 secs] 2763981K->2459895K(3106432K) icms_dc=100 , 0.1235227 secs] [Times: user=1.42 sys=0.12, real=0.12 secs] 
13312.574: [GC 13312.575: [ParNew: 353514K->39296K(353920K), 0.1468603 secs] 2773989K->2468615K(3106432K) icms_dc=100 , 0.1484448 secs] [Times: user=1.59 sys=0.14, real=0.15 secs] 
13313.481: [GC 13313.482: [ParNew: 353920K->36372K(353920K), 0.0960874 secs] 2783120K->2472254K(3106432K) icms_dc=100 , 0.0976379 secs] [Times: user=1.08 sys=0.03, real=0.10 secs] 
13314.419: [GC 13314.420: [ParNew: 350996K->39228K(353920K), 0.0720661 secs] 2786759K->2481004K(3106432K) icms_dc=100 , 0.0736807 secs] [Times: user=1.06 sys=0.01, real=0.07 secs] 
13315.345: [GC 13315.346: [ParNew: 353852K->35634K(353920K), 0.1353056 secs] 2795541K->2483746K(3106432K) icms_dc=100 , 0.1369978 secs] [Times: user=1.39 sys=0.16, real=0.14 secs] 
13316.302: [GC 13316.303: [ParNew: 350486K->37348K(353920K), 0.0891602 secs] 2771177K->2465472K(3106432K) icms_dc=100 , 0.0907053 secs] [Times: user=1.16 sys=0.03, real=0.09 secs] 
13316.429: [GC 13316.430: [ParNew: 37668K->24803K(353920K), 0.0669364 secs] 2465781K->2461400K(3106432K) icms_dc=100 , 0.0681421 secs] [Times: user=0.93 sys=0.02, real=0.07 secs] 
13316.748: [CMS-concurrent-sweep: 12.923/16.739 secs] [Times: user=394.93 sys=13.41, real=16.74 secs] 
13316.749: [CMS-concurrent-reset-start]
13316.777: [CMS-concurrent-reset: 0.028/0.028 secs] [Times: user=0.73 sys=0.02, real=0.03 secs] 
13317.739: [GC 13317.740: [ParNew: 339659K->39296K(353920K), 0.0732413 secs] 2766313K->2466495K(3106432K) icms_dc=75 , 0.0749625 secs] [Times: user=1.03 sys=0.04, real=0.08 secs] 
13318.002: [GC [1 CMS-initial-mark: 2427199K(2752512K)] 2526127K(3106432K), 0.7352234 secs] [Times: user=0.74 sys=0.00, real=0.74 secs] 
13318.739: [CMS-concurrent-mark-start]
13319.429: [GC 13319.430: [ParNew: 353495K->33207K(353920K), 0.1528201 secs] 2780694K->2479355K(3106432K) icms_dc=93 , 0.1545614 secs] [Times: user=1.32 sys=0.02, real=0.16 secs] 
13320.433: [GC 13320.434: [ParNew: 347831K->30260K(353920K), 0.1659371 secs] 2793979K->2485758K(3106432K) icms_dc=100 , 0.1675091 secs] [Times: user=1.43 sys=0.11, real=0.17 secs] 
13321.464: [GC 13321.465: [ParNew: 344884K->29926K(353920K), 0.1852035 secs] 2800382K->2495610K(3106432K) icms_dc=100 , 0.1867399 secs] [Times: user=1.24 sys=0.13, real=0.19 secs] 
13322.508: [GC 13322.509: [ParNew: 344770K->36593K(353920K), 0.1166680 secs] 2810454K->2502277K(3106432K) icms_dc=100 , 0.1182616 secs] [Times: user=1.28 sys=0.11, real=0.12 secs] 
13322.663: [GC 13322.664: [ParNew: 37459K->15619K(353920K), 0.1420691 secs] 2503143K->2512373K(3106432K) icms_dc=100 , 0.1436740 secs] [Times: user=1.35 sys=0.10, real=0.14 secs] 
13323.679: [GC 13323.680: [ParNew: 330243K->28173K(353920K), 0.1521853 secs] 2826997K->2524927K(3106432K) icms_dc=100 , 0.1537651 secs] [Times: user=1.49 sys=0.25, real=0.15 secs] 
13325.020: [GC 13325.021: [ParNew: 342797K->27521K(353920K), 0.1172001 secs] 2839551K->2536807K(3106432K) icms_dc=100 , 0.1188131 secs] [Times: user=1.40 sys=0.04, real=0.12 secs] 
13326.060: [GC 13326.061: [ParNew: 342539K->32861K(353920K), 0.0975891 secs] 2851824K->2551354K(3106432K) icms_dc=100 , 0.0991599 secs] [Times: user=1.23 sys=0.04, real=0.10 secs] 
13326.197: [GC 13326.198: [ParNew: 33602K->17924K(353920K), 0.0756361 secs] 2552095K->2561066K(3106432K) icms_dc=100 , 0.0768635 secs] [Times: user=0.97 sys=0.03, real=0.08 secs] 
13327.456: [GC 13327.457: [ParNew: 332548K->25723K(353920K), 0.0739351 secs] 2875690K->2568865K(3106432K) icms_dc=100 , 0.0755944 secs] [Times: user=0.98 sys=0.02, real=0.08 secs] 
13328.426: [GC 13328.427: [ParNew: 341078K->25500K(353920K), 0.0871046 secs] 2884220K->2580768K(3106432K) icms_dc=100 , 0.0887142 secs] [Times: user=1.16 sys=0.02, real=0.09 secs] 
13328.553: [GC 13328.554: [ParNew: 26121K->11601K(353920K), 0.0683535 secs] 2581389K->2586668K(3106432K) icms_dc=100 , 0.0695504 secs] [Times: user=0.91 sys=0.02, real=0.07 secs] 
13329.600: [GC 13329.601: [ParNew: 326143K->21412K(353920K), 0.1332476 secs] 2901210K->2596479K(3106432K) icms_dc=100 , 0.1348117 secs] [Times: user=1.37 sys=0.22, real=0.14 secs] 
13330.841: [GC 13330.842: [ParNew: 336036K->37307K(353920K), 0.0901244 secs] 2911103K->2612374K(3106432K) icms_dc=100 , 0.0917490 secs] [Times: user=1.09 sys=0.03, real=0.09 secs] 
13332.108: [GC 13332.110: [ParNew: 351964K->29776K(353920K), 0.1617126 secs] 2927031K->2623085K(3106432K) icms_dc=100 , 0.1633098 secs] [Times: user=1.57 sys=0.13, real=0.16 secs] 
13332.308: [GC 13332.309: [ParNew: 30077K->10024K(353920K), 0.0832771 secs] 2623386K->2622980K(3106432K) icms_dc=100 , 0.0844681 secs] [Times: user=1.00 sys=0.04, real=0.09 secs] 
13333.323: [GC 13333.324: [ParNew: 324648K->23580K(353920K), 0.0644049 secs] 2937604K->2636537K(3106432K) icms_dc=100 , 0.0659559 secs] [Times: user=0.88 sys=0.02, real=0.07 secs] 
13334.138: [GC 13334.139: [ParNew: 338204K->24616K(353920K), 0.1043838 secs] 2951161K->2648831K(3106432K) icms_dc=100 , 0.1060044 secs] [Times: user=1.19 sys=0.03, real=0.11 secs] 
13335.098: [GC 13335.099: [ParNew: 339190K->30456K(353920K), 0.0880497 secs] 2963405K->2654671K(3106432K) icms_dc=100 , 0.0896558 secs] [Times: user=1.05 sys=0.07, real=0.09 secs] 
13336.235: [GC 13336.236: [ParNew: 345149K->39296K(353920K), 0.1906924 secs] 2969364K->2673958K(3106432K) icms_dc=100 , 0.1923614 secs] [Times: user=1.50 sys=0.12, real=0.19 secs] 
13336.466: [GC 13336.467: [ParNew: 39840K->27810K(353920K), 0.0827349 secs] 2674503K->2672438K(3106432K) icms_dc=100 , 0.0839637 secs] [Times: user=1.13 sys=0.04, real=0.08 secs] 
13337.336: [CMS-concurrent-mark: 13.850/18.597 secs] [Times: user=434.12 sys=15.12, real=18.60 secs] 
13337.338: [CMS-concurrent-preclean-start]
13337.425: [GC 13337.426: [ParNew: 342434K->35747K(353920K), 0.0847649 secs] 2987062K->2680375K(3106432K) icms_dc=100 , 0.0863473 secs] [Times: user=1.09 sys=0.02, real=0.09 secs] 
13338.319: [GC 13338.320: [ParNew: 350371K->38070K(353920K), 0.1152456 secs] 2994999K->2691018K(3106432K) icms_dc=100 , 0.1168049 secs] [Times: user=1.29 sys=0.06, real=0.12 secs] 
13339.372: [GC 13339.374: [ParNew: 352822K->39296K(353920K), 0.0988424 secs] 3005770K->2701855K(3106432K) icms_dc=100 , 0.1004124 secs] [Times: user=1.22 sys=0.05, real=0.10 secs] 
13339.512: [GC 13339.512: [ParNew: 39756K->30538K(353920K), 0.0602690 secs] 2702315K->2701964K(3106432K) icms_dc=100 , 0.0614677 secs] [Times: user=0.94 sys=0.02, real=0.06 secs] 
13340.401: [GC 13340.402: [ParNew: 344924K->34667K(353920K), 0.0574731 secs] 3016349K->2706093K(3106432K) icms_dc=100 , 0.0590646 secs] [Times: user=0.97 sys=0.01, real=0.06 secs] 
13341.296: [GC 13341.297: [ParNew: 349291K->38214K(353920K), 0.0822191 secs] 3020717K->2717869K(3106432K) icms_dc=100 , 0.0838287 secs] [Times: user=1.15 sys=0.03, real=0.08 secs] 
13342.079: [GC 13342.080: [ParNew: 352838K->33404K(353920K), 0.1708289 secs] 3032493K->2730605K(3106432K) icms_dc=100 , 0.1724070 secs] [Times: user=1.80 sys=0.22, real=0.17 secs] 
13343.012: [GC 13343.013: [ParNew: 348028K->26461K(353920K), 0.1379117 secs] 3045229K->2733380K(3106432K) icms_dc=100 , 0.1394702 secs] [Times: user=1.47 sys=0.12, real=0.14 secs] 
13343.951: [GC 13343.952: [ParNew: 341627K->39296K(353920K), 0.1388124 secs] 3048546K->2747661K(3106432K) icms_dc=100 , 0.1403638 secs] [Times: user=1.39 sys=0.14, real=0.14 secs] 
13344.133: [GC 13344.133: [ParNew (promotion failed): 41296K->27772K(353920K), 3.1272908 secs] 2749661K->2746094K(3106432K) icms_dc=100 , 3.1285111 secs] [Times: user=3.79 sys=2.94, real=3.13 secs] 
GC locker: Trying a full collection because scavenge failed
13347.262: [Full GC 13347.263: [CMS13348.008: [CMS-concurrent-preclean: 5.489/10.670 secs] [Times: user=169.20 sys=8.53, real=10.67 secs] 
 (concurrent mode failure): 2718322K->1623657K(2752512K), 38.3300962 secs] 2746094K->1623657K(3106432K), [CMS Perm : 206313K->204990K(402264K)] icms_dc=100 , 38.3312421 secs] [Times: user=38.37 sys=0.03, real=38.33 secs] 
13385.704: [GC [1 CMS-initial-mark: 1623657K(2752512K)] 1623822K(3106432K), 0.2322674 secs] [Times: user=0.23 sys=0.00, real=0.23 secs] 
13385.937: [CMS-concurrent-mark-start]
13388.139: [GC 13388.140: [ParNew: 315724K->34748K(353920K), 0.1676674 secs] 1939381K->1658405K(3106432K) icms_dc=100 , 0.1692443 secs] [Times: user=1.37 sys=0.13, real=0.17 secs] 
13388.494: [GC 13388.495: [ParNew: 56293K->15821K(353920K), 0.1186160 secs] 1679950K->1669802K(3106432K) icms_dc=100 , 0.1198905 secs] [Times: user=1.16 sys=0.06, real=0.12 secs] 
13389.710: [GC 13389.712: [ParNew: 331729K->28079K(353920K), 0.1021348 secs] 1985710K->1682060K(3106432K) icms_dc=100 , 0.1036734 secs] [Times: user=1.17 sys=0.03, real=0.10 secs] 
13389.851: [GC 13389.852: [ParNew: 28879K->12939K(353920K), 0.1100313 secs] 1682860K->1693051K(3106432K) icms_dc=100 , 0.1112443 secs] [Times: user=1.05 sys=0.04, real=0.11 secs] 
13390.738: [GC 13390.739: [ParNew: 327949K->31677K(353920K), 0.1941045 secs] 2008061K->1711789K(3106432K) icms_dc=100 , 0.1957423 secs] [Times: user=1.11 sys=0.08, real=0.20 secs] 
13391.020: [GC 13391.021: [ParNew: 59505K->12775K(353920K), 0.1207350 secs] 1739617K->1721515K(3106432K) icms_dc=100 , 0.1219759 secs] [Times: user=1.05 sys=0.04, real=0.12 secs] 
13391.924: [GC 13391.925: [ParNew: 331340K->39296K(353920K), 0.0645339 secs] 2040081K->1752212K(3106432K) icms_dc=100 , 0.0661329 secs] [Times: user=0.99 sys=0.02, real=0.07 secs] 
13392.109: [GC 13392.110: [ParNew: 82311K->15366K(353920K), 0.1001133 secs] 1795228K->1761840K(3106432K) icms_dc=100 , 0.1014575 secs] [Times: user=1.05 sys=0.03, real=0.10 secs] 
13393.016: [GC 13393.017: [ParNew: 329990K->39296K(353920K), 0.0850917 secs] 2076464K->1788510K(3106432K) icms_dc=100 , 0.0867495 secs] [Times: user=0.95 sys=0.02, real=0.09 secs] 
13394.020: [GC 13394.038: [ParNew: 353920K->38424K(353920K), 0.2289984 secs] 2103158K->1805942K(3106432K) icms_dc=100 , 0.2306232 secs] [Times: user=1.85 sys=0.17, real=0.25 secs] 
13395.119: [GC 13395.120: [ParNew: 353048K->35544K(353920K), 0.0887179 secs] 2120566K->1814521K(3106432K) icms_dc=100 , 0.0903149 secs] [Times: user=1.12 sys=0.02, real=0.09 secs] 
13395.925: [GC 13395.926: [ParNew: 350168K->39296K(353920K), 0.1425364 secs] 2129145K->1837175K(3106432K) icms_dc=100 , 0.1442225 secs] [Times: user=1.35 sys=0.03, real=0.14 secs] 
13396.917: [GC 13396.918: [ParNew: 353920K->39296K(353920K), 0.1395650 secs] 2151842K->1855264K(3106432K) icms_dc=100 , 0.1411472 secs] [Times: user=1.23 sys=0.02, real=0.14 secs] 
13397.227: [GC 13397.228: [ParNew: 104419K->27788K(353920K), 0.1062171 secs] 1920387K->1872826K(3106432K) icms_dc=100 , 0.1075485 secs] [Times: user=1.21 sys=0.06, real=0.11 secs] 
13398.206: [GC 13398.207: [ParNew: 343376K->39296K(353920K), 0.1306602 secs] 2188414K->1890084K(3106432K) icms_dc=100 , 0.1322960 secs] [Times: user=1.21 sys=0.03, real=0.13 secs] 
13398.376: [GC 13398.377: [ParNew: 39590K->13868K(353920K), 0.1421484 secs] 1890378K->1901594K(3106432K) icms_dc=100 , 0.1434114 secs] [Times: user=1.18 sys=0.05, real=0.14 secs] 
13399.355: [GC 13399.356: [ParNew: 329125K->33869K(353920K), 0.1093463 secs] 2216851K->1921595K(3106432K) icms_dc=100 , 0.1109815 secs] [Times: user=1.18 sys=0.10, real=0.11 secs] 
13399.503: [GC 13399.504: [ParNew: 34114K->9268K(353920K), 0.0744383 secs] 1921840K->1928293K(3106432K) icms_dc=100 , 0.0756204 secs] [Times: user=0.91 sys=0.03, real=0.08 secs] 
13400.358: [GC 13400.359: [ParNew: 324308K->31209K(353920K), 0.0928554 secs] 2243333K->1950234K(3106432K) icms_dc=100 , 0.0944524 secs] [Times: user=1.03 sys=0.03, real=0.10 secs] 
13400.489: [GC 13400.490: [ParNew: 31386K->8704K(353920K), 0.0913188 secs] 1950412K->1957294K(3106432K) icms_dc=100 , 0.0924965 secs] [Times: user=0.97 sys=0.04, real=0.09 secs] 
13401.523: [GC 13401.524: [ParNew: 323328K->27005K(353920K), 0.1047161 secs] 2271918K->1975594K(3106432K) icms_dc=100 , 0.1062826 secs] [Times: user=1.12 sys=0.13, real=0.11 secs] 
13402.501: [GC 13402.502: [ParNew: 341975K->32178K(353920K), 0.1481650 secs] 2290564K->1994351K(3106432K) icms_dc=100 , 0.1497959 secs] [Times: user=1.51 sys=0.09, real=0.15 secs] 
13402.688: [GC 13402.689: [ParNew: 32601K->17196K(353920K), 0.0767479 secs] 1994775K->2004764K(3106432K) icms_dc=100 , 0.0779452 secs] [Times: user=0.86 sys=0.03, real=0.08 secs] 
13403.549: [GC 13403.550: [ParNew: 331820K->29416K(353920K), 0.1868865 secs] 2319388K->2016984K(3106432K) icms_dc=100 , 0.1884164 secs] [Times: user=1.50 sys=0.22, real=0.19 secs] 
13404.540: [GC 13404.542: [ParNew: 344040K->30846K(353920K), 0.2106420 secs] 2331608K->2031920K(3106432K) icms_dc=100 , 0.2122753 secs] [Times: user=1.70 sys=0.27, real=0.21 secs] 
13405.655: [GC 13405.656: [ParNew: 345470K->31611K(353920K), 0.1155020 secs] 2346544K->2042072K(3106432K) icms_dc=100 , 0.1170583 secs] [Times: user=1.16 sys=0.07, real=0.12 secs] 
13406.601: [GC 13406.602: [ParNew: 346235K->28772K(353920K), 0.0822580 secs] 2356696K->2050246K(3106432K) icms_dc=100 , 0.0838298 secs] [Times: user=1.03 sys=0.02, real=0.08 secs] 
13407.470: [GC 13407.471: [ParNew: 343396K->29046K(353920K), 0.0767011 secs] 2364870K->2059867K(3106432K) icms_dc=100 , 0.0782248 secs] [Times: user=0.99 sys=0.02, real=0.08 secs] 
13408.580: [GC 13408.581: [ParNew: 343711K->27895K(353920K), 0.1360655 secs] 2374532K->2069079K(3106432K) icms_dc=100 , 0.1376461 secs] [Times: user=1.41 sys=0.15, real=0.14 secs] 
13409.661: [GC 13409.662: [ParNew: 342519K->26278K(353920K), 0.0817469 secs] 2383703K->2077518K(3106432K) icms_dc=100 , 0.0833281 secs] [Times: user=1.06 sys=0.03, real=0.08 secs] 
13410.817: [GC 13410.818: [ParNew: 340902K->36885K(353920K), 0.2224164 secs] 2392142K->2088125K(3106432K) icms_dc=100 , 0.2240373 secs] [Times: user=1.81 sys=0.40, real=0.22 secs] 
13412.029: [GC 13412.030: [ParNew: 351509K->29491K(353920K), 0.1132378 secs] 2402749K->2098293K(3106432K) icms_dc=100 , 0.1148580 secs] [Times: user=1.26 sys=0.05, real=0.12 secs] 
13413.059: [GC 13413.060: [ParNew: 344115K->28260K(353920K), 0.1094992 secs] 2412917K->2107528K(3106432K) icms_dc=100 , 0.1110655 secs] [Times: user=1.24 sys=0.06, real=0.11 secs] 
13413.967: [GC 13413.968: [ParNew: 342884K->35691K(353920K), 0.1323764 secs] 2422152K->2114958K(3106432K) icms_dc=100 , 0.1339006 secs] [Times: user=1.02 sys=0.04, real=0.13 secs] 
13414.999: [GC 13415.000: [ParNew: 350315K->38573K(353920K), 0.1083293 secs] 2429582K->2125908K(3106432K) icms_dc=100 , 0.1098906 secs] [Times: user=1.16 sys=0.03, real=0.11 secs] 
13416.002: [GC 13416.003: [ParNew: 353197K->30222K(353920K), 0.1846959 secs] 2440532K->2133989K(3106432K) icms_dc=100 , 0.1862380 secs] [Times: user=1.61 sys=0.24, real=0.19 secs] 
13417.173: [GC 13417.174: [ParNew: 345212K->32458K(353920K), 0.0739154 secs] 2448979K->2146276K(3106432K) icms_dc=100 , 0.0754960 secs] [Times: user=1.06 sys=0.03, real=0.08 secs] 
13417.767: [CMS-concurrent-mark: 19.755/31.829 secs] [Times: user=725.37 sys=23.55, real=31.83 secs] 
13417.768: [CMS-concurrent-preclean-start]
13418.109: [GC 13418.110: [ParNew: 347082K->32384K(353920K), 0.0833796 secs] 2460900K->2156892K(3106432K) icms_dc=100 , 0.0849545 secs] [Times: user=1.08 sys=0.05, real=0.09 secs] 
13419.043: [GC 13419.044: [ParNew: 347008K->27059K(353920K), 0.0774139 secs] 2471516K->2160320K(3106432K) icms_dc=100 , 0.0790162 secs] [Times: user=1.02 sys=0.02, real=0.08 secs] 
13419.900: [GC 13419.901: [ParNew: 341929K->35496K(353920K), 0.0872561 secs] 2475191K->2168757K(3106432K) icms_dc=100 , 0.0888272 secs] [Times: user=1.05 sys=0.07, real=0.09 secs] 
13420.026: [GC 13420.027: [ParNew: 36470K->22063K(353920K), 0.0974382 secs] 2169731K->2184277K(3106432K) icms_dc=100 , 0.0986528 secs] [Times: user=1.10 sys=0.05, real=0.10 secs] 
13420.969: [GC 13420.970: [ParNew: 336825K->25555K(353920K), 0.1400439 secs] 2499038K->2187768K(3106432K) icms_dc=100 , 0.1415758 secs] [Times: user=1.19 sys=0.11, real=0.14 secs] 
13421.147: [GC 13421.148: [ParNew: 26680K->12086K(353920K), 0.1129742 secs] 2188894K->2196445K(3106432K) icms_dc=100 , 0.1141882 secs] [Times: user=1.00 sys=0.06, real=0.11 secs] 
13422.002: [GC 13422.004: [ParNew: 326657K->27968K(353920K), 0.1257163 secs] 2511017K->2212327K(3106432K) icms_dc=100 , 0.1272650 secs] [Times: user=1.28 sys=0.21, real=0.13 secs] 
13422.995: [GC 13422.996: [ParNew: 342592K->26288K(353920K), 0.0870894 secs] 2526951K->2225374K(3106432K) icms_dc=100 , 0.0886903 secs] [Times: user=1.19 sys=0.02, real=0.09 secs] 
13423.961: [GC 13423.962: [ParNew: 341417K->25319K(353920K), 0.1136434 secs] 2540503K->2235779K(3106432K) icms_dc=100 , 0.1152159 secs] [Times: user=1.26 sys=0.12, real=0.12 secs] 
13424.113: [GC 13424.114: [ParNew: 26301K->26302K(353920K), 0.0942865 secs] 2236762K->2236763K(3106432K) icms_dc=100 , 0.0954496 secs] [Times: user=0.91 sys=0.10, real=0.10 secs] 
13425.010: [GC 13425.012: [ParNew: 340926K->39296K(353920K), 0.1250377 secs] 2551387K->2250442K(3106432K) icms_dc=100 , 0.1265940 secs] [Times: user=1.38 sys=0.18, real=0.13 secs] 
13425.927: [GC 13425.928: [ParNew: 353920K->32459K(353920K), 0.1174547 secs] 2565066K->2262674K(3106432K) icms_dc=100 , 0.1190021 secs] [Times: user=1.14 sys=0.03, real=0.12 secs] 
13426.838: [GC 13426.839: [ParNew: 347083K->32333K(353920K), 0.0818162 secs] 2577298K->2262548K(3106432K) icms_dc=100 , 0.0833744 secs] [Times: user=0.97 sys=0.04, real=0.08 secs] 
13427.795: [GC 13427.797: [ParNew: 346957K->39295K(353920K), 0.1588291 secs] 2577172K->2278818K(3106432K) icms_dc=100 , 0.1603981 secs] [Times: user=1.27 sys=0.08, real=0.16 secs] 
13428.812: [GC 13428.813: [ParNew: 353919K->32668K(353920K), 0.1148828 secs] 2593448K->2288008K(3106432K) icms_dc=100 , 0.1164461 secs] [Times: user=1.21 sys=0.04, real=0.12 secs] 
13429.835: [GC 13429.836: [ParNew: 347579K->32019K(353920K), 0.1506552 secs] 2602920K->2296142K(3106432K) icms_dc=100 , 0.1522446 secs] [Times: user=1.42 sys=0.17, real=0.15 secs] 
13430.024: [GC 13430.025: [ParNew: 32431K->14140K(353920K), 0.1471595 secs] 2296555K->2301039K(3106432K) icms_dc=100 , 0.1617230 secs] [Times: user=1.33 sys=0.20, real=0.16 secs] 
13431.038: [GC 13431.039: [ParNew: 329059K->25739K(353920K), 0.1351671 secs] 2615959K->2312639K(3106432K) icms_dc=100 , 0.1367323 secs] [Times: user=0.99 sys=0.08, real=0.14 secs] 
13431.215: [GC 13431.216: [ParNew: 26638K->12405K(353920K), 0.0963013 secs] 2313538K->2322428K(3106432K) icms_dc=100 , 0.0975464 secs] [Times: user=1.00 sys=0.04, real=0.10 secs] 
13432.420: [GC 13432.421: [ParNew: 327029K->26087K(353920K), 0.0778788 secs] 2637052K->2336110K(3106432K) icms_dc=100 , 0.0794686 secs] [Times: user=0.87 sys=0.02, real=0.08 secs] 
13433.205: [GC 13433.206: [ParNew: 340711K->27873K(353920K), 0.1241772 secs] 2650734K->2350594K(3106432K) icms_dc=100 , 0.1257313 secs] [Times: user=1.24 sys=0.05, real=0.13 secs] 
13434.398: [GC 13434.399: [ParNew: 342497K->34088K(353920K), 0.0870856 secs] 2665218K->2367056K(3106432K) icms_dc=100 , 0.0887077 secs] [Times: user=1.21 sys=0.03, real=0.09 secs] 
13435.275: [GC 13435.276: [ParNew: 348712K->34403K(353920K), 0.1275331 secs] 2681680K->2378592K(3106432K) icms_dc=100 , 0.1291106 secs] [Times: user=1.34 sys=0.14, real=0.13 secs] 
13436.160: [GC 13436.161: [ParNew: 350226K->38690K(353920K), 0.1474776 secs] 2694416K->2392656K(3106432K) icms_dc=100 , 0.1490111 secs] [Times: user=1.33 sys=0.05, real=0.15 secs] 
13436.361: [GC 13436.362: [ParNew: 47118K->22298K(353920K), 0.1330231 secs] 2401084K->2404915K(3106432K) icms_dc=100 , 0.1342581 secs] [Times: user=1.06 sys=0.04, real=0.13 secs] 
13437.217: [GC 13437.218: [ParNew: 336922K->30079K(353920K), 0.1450922 secs] 2719539K->2412697K(3106432K) icms_dc=100 , 0.1466282 secs] [Times: user=1.27 sys=0.17, real=0.15 secs] 
13438.522: [GC 13438.523: [ParNew: 344913K->27828K(353920K), 0.1800540 secs] 2727531K->2424637K(3106432K) icms_dc=100 , 0.1816250 secs] [Times: user=1.70 sys=0.22, real=0.18 secs] 
13438.753: [GC 13438.753: [ParNew: 33089K->17242K(353920K), 0.1389534 secs] 2429898K->2433992K(3106432K) icms_dc=100 , 0.1401832 secs] [Times: user=1.36 sys=0.17, real=0.14 secs] 
13439.059: [CMS-concurrent-preclean: 13.994/21.291 secs] [Times: user=479.85 sys=17.29, real=21.29 secs] 
13439.061: [CMS-concurrent-abortable-preclean-start]
13439.646: [GC 13439.647: [ParNew: 331866K->29808K(353920K), 0.2446647 secs] 2748616K->2446558K(3106432K) icms_dc=100 , 0.2462815 secs] [Times: user=1.76 sys=0.32, real=0.25 secs] 
13440.644: [GC 13440.645: [ParNew: 344432K->30545K(353920K), 0.0872428 secs] 2761182K->2461705K(3106432K) icms_dc=100 , 0.0888604 secs] [Times: user=1.21 sys=0.02, real=0.09 secs] 
13441.288: [CMS-concurrent-abortable-preclean: 1.685/2.227 secs] [Times: user=57.45 sys=1.90, real=2.23 secs] 
13441.331: [GC[YG occupancy: 263148 K (353920 K)]13441.331: [Rescan (parallel) , 0.2359558 secs]13441.567: [weak refs processing, 0.0005694 secs] [1 CMS-remark: 2431159K(2752512K)] 2694307K(3106432K), 0.2372234 secs] [Times: user=3.39 sys=0.24, real=0.24 secs] 
13441.569: [CMS-concurrent-sweep-start]
13441.793: [GC 13441.794: [ParNew: 345169K->33015K(353920K), 0.1255657 secs] 2776329K->2474216K(3106432K) icms_dc=100 , 0.1271214 secs] [Times: user=1.32 sys=0.11, real=0.13 secs] 
13442.781: [GC 13442.782: [ParNew: 347639K->33651K(353920K), 0.0893287 secs] 2788834K->2485038K(3106432K) icms_dc=100 , 0.0908963 secs] [Times: user=1.14 sys=0.04, real=0.09 secs] 
13443.808: [GC 13443.809: [ParNew: 348779K->27498K(353920K), 0.0798539 secs] 2800140K->2487301K(3106432K) icms_dc=100 , 0.0814214 secs] [Times: user=1.02 sys=0.02, real=0.08 secs] 
13443.927: [GC 13443.928: [ParNew: 27994K->16674K(353920K), 0.0729346 secs] 2487798K->2497155K(3106432K) icms_dc=100 , 0.0741380 secs] [Times: user=0.88 sys=0.03, real=0.07 secs] 
13444.799: [GC 13444.800: [ParNew: 331855K->25430K(353920K), 0.1381593 secs] 2812328K->2505903K(3106432K) icms_dc=100 , 0.1397345 secs] [Times: user=1.35 sys=0.20, real=0.14 secs] 
13444.976: [GC 13444.976: [ParNew: 26457K->12878K(353920K), 0.0902099 secs] 2506931K->2516476K(3106432K) icms_dc=100 , 0.0914248 secs] [Times: user=0.99 sys=0.04, real=0.09 secs] 
13445.730: [GC 13445.731: [ParNew: 327502K->26179K(353920K), 0.0800971 secs] 2831059K->2529736K(3106432K) icms_dc=100 , 0.0816004 secs] [Times: user=0.93 sys=0.04, real=0.08 secs] 
13446.691: [GC 13446.692: [ParNew: 340803K->23202K(353920K), 0.1038340 secs] 2843995K->2541516K(3106432K) icms_dc=100 , 0.1054337 secs] [Times: user=1.17 sys=0.05, real=0.11 secs] 
13447.654: [GC 13447.655: [ParNew: 337826K->35565K(353920K), 0.1310895 secs] 2855912K->2553651K(3106432K) icms_dc=100 , 0.1326851 secs] [Times: user=1.35 sys=0.17, real=0.13 secs] 
13448.605: [GC 13448.606: [ParNew: 350189K->29236K(353920K), 0.1860485 secs] 2868183K->2564752K(3106432K) icms_dc=100 , 0.1876010 secs] [Times: user=1.76 sys=0.12, real=0.19 secs] 
13449.607: [GC 13449.608: [ParNew: 344872K->38117K(353920K), 0.0699605 secs] 2879951K->2573197K(3106432K) icms_dc=100 , 0.0714903 secs] [Times: user=0.97 sys=0.02, real=0.07 secs] 
13449.715: [GC 13449.716: [ParNew: 38502K->7245K(353920K), 0.0940415 secs] 2573580K->2575491K(3106432K) icms_dc=100 , 0.0952441 secs] [Times: user=1.06 sys=0.04, real=0.10 secs] 
13450.718: [GC 13450.720: [ParNew: 322071K->26862K(353920K), 0.0619025 secs] 2889974K->2594766K(3106432K) icms_dc=100 , 0.0634784 secs] [Times: user=0.90 sys=0.03, real=0.06 secs] 
13450.820: [GC 13450.821: [ParNew: 28075K->11200K(353920K), 0.1396000 secs] 2595976K->2603256K(3106432K) icms_dc=100 , 0.1407890 secs] [Times: user=0.94 sys=0.05, real=0.14 secs] 
13451.895: [GC 13451.896: [ParNew: 325824K->24966K(353920K), 0.0734328 secs] 2916961K->2616103K(3106432K) icms_dc=100 , 0.0750188 secs] [Times: user=0.91 sys=0.02, real=0.08 secs] 
13452.965: [GC 13452.966: [ParNew: 339590K->23923K(353920K), 0.0902120 secs] 2927674K->2625781K(3106432K) icms_dc=100 , 0.0918094 secs] [Times: user=1.09 sys=0.03, real=0.09 secs] 
13454.047: [GC 13454.048: [ParNew: 338547K->23344K(353920K), 0.0940274 secs] 2940205K->2636087K(3106432K) icms_dc=100 , 0.0956410 secs] [Times: user=1.03 sys=0.02, real=0.10 secs] 
13454.981: [GC 13454.982: [ParNew: 337968K->33920K(353920K), 0.1054935 secs] 2949939K->2645891K(3106432K) icms_dc=100 , 0.1070474 secs] [Times: user=1.17 sys=0.11, real=0.11 secs] 
13456.039: [GC 13456.040: [ParNew: 348544K->39296K(353920K), 0.1522553 secs] 2955411K->2654025K(3106432K) icms_dc=100 , 0.1538271 secs] [Times: user=1.14 sys=0.04, real=0.15 secs] 
13457.005: [GC 13457.006: [ParNew: 353920K->39101K(353920K), 0.1377566 secs] 2968006K->2660641K(3106432K) icms_dc=100 , 0.1393210 secs] [Times: user=1.33 sys=0.09, real=0.14 secs] 
13457.821: [CMS-concurrent-sweep: 12.474/16.252 secs] [Times: user=386.62 sys=14.33, real=16.25 secs] 
13457.822: [CMS-concurrent-reset-start]
13457.848: [CMS-concurrent-reset: 0.026/0.026 secs] [Times: user=0.58 sys=0.04, real=0.03 secs] 
13458.094: [GC 13458.095: [ParNew: 353725K->31414K(353920K), 0.1454705 secs] 2932223K->2618257K(3106432K) icms_dc=75 , 0.1471638 secs] [Times: user=1.44 sys=0.13, real=0.15 secs] 
13458.369: [GC [1 CMS-initial-mark: 2586842K(2752512K)] 2657635K(3106432K), 0.4524910 secs] [Times: user=0.45 sys=0.00, real=0.45 secs] 
13458.823: [CMS-concurrent-mark-start]
13459.557: [GC 13459.558: [ParNew: 345903K->36015K(353920K), 0.1287355 secs] 2932746K->2628160K(3106432K) icms_dc=93 , 0.1303123 secs] [Times: user=1.35 sys=0.12, real=0.13 secs] 
13460.510: [GC 13460.511: [ParNew: 350639K->32101K(353920K), 0.1155569 secs] 2942784K->2631048K(3106432K) icms_dc=100 , 0.1171180 secs] [Times: user=1.25 sys=0.04, real=0.12 secs] 
13461.449: [GC 13461.450: [ParNew: 346725K->35193K(353920K), 0.0875588 secs] 2945672K->2641249K(3106432K) icms_dc=100 , 0.0891210 secs] [Times: user=1.14 sys=0.02, real=0.09 secs] 
13462.363: [GC 13462.364: [ParNew: 349817K->39207K(353920K), 0.0683539 secs] 2955873K->2651258K(3106432K) icms_dc=100 , 0.0699117 secs] [Times: user=1.07 sys=0.02, real=0.07 secs] 
13463.273: [GC 13463.274: [ParNew: 353831K->39296K(353920K), 0.1044440 secs] 2965882K->2661103K(3106432K) icms_dc=100 , 0.1060049 secs] [Times: user=1.14 sys=0.02, real=0.11 secs] 
13464.327: [GC 13464.328: [ParNew: 353920K->39296K(353920K), 0.0941021 secs] 2975727K->2669722K(3106432K) icms_dc=100 , 0.0958481 secs] [Times: user=1.13 sys=0.02, real=0.10 secs] 
13465.309: [GC 13465.310: [ParNew: 353920K->35124K(353920K), 0.0896074 secs] 2984377K->2681359K(3106432K) icms_dc=100 , 0.0911725 secs] [Times: user=1.20 sys=0.03, real=0.09 secs] 
13465.437: [GC 13465.437: [ParNew: 35459K->10163K(353920K), 0.0791375 secs] 2681694K->2676513K(3106432K) icms_dc=100 , 0.0803247 secs] [Times: user=0.89 sys=0.02, real=0.08 secs] 
13466.235: [GC 13466.236: [ParNew: 324787K->25194K(353920K), 0.2067510 secs] 2991137K->2691543K(3106432K) icms_dc=100 , 0.2082493 secs] [Times: user=1.34 sys=0.11, real=0.21 secs] 
13467.278: [GC 13467.279: [ParNew: 340582K->26783K(353920K), 0.1331316 secs] 3006932K->2704431K(3106432K) icms_dc=100 , 0.1347101 secs] [Times: user=1.41 sys=0.15, real=0.14 secs] 
13467.450: [GC 13467.451: [ParNew: 27313K->13552K(353920K), 0.0761018 secs] 2704961K->2713350K(3106432K) icms_dc=100 , 0.0773196 secs] [Times: user=0.92 sys=0.03, real=0.08 secs] 
13468.421: [GC 13468.422: [ParNew: 328640K->25640K(353920K), 0.0751718 secs] 3028438K->2725438K(3106432K) icms_dc=100 , 0.0767399 secs] [Times: user=0.93 sys=0.01, real=0.08 secs] 
13469.420: [GC 13469.421: [ParNew (promotion failed): 341108K->341141K(353920K), 0.7012004 secs]13470.122: [CMS13472.623: [CMS-concurrent-mark: 10.395/13.800 secs] [Times: user=276.78 sys=8.19, real=13.80 secs] 
 (concurrent mode failure): 2711748K->1611824K(2752512K), 40.0570502 secs] 3040907K->1611824K(3106432K), [CMS Perm : 206517K->204990K(402264K)] icms_dc=100 , 40.7600131 secs] [Times: user=50.90 sys=0.17, real=40.76 secs] 
13510.289: [GC [1 CMS-initial-mark: 1611824K(2752512K)] 1612079K(3106432K), 0.2372533 secs] [Times: user=0.23 sys=0.00, real=0.24 secs] 
13510.528: [CMS-concurrent-mark-start]
13510.639: [GC 13510.639: [ParNew: 686K->15786K(353920K), 0.0485464 secs] 1612510K->1627610K(3106432K) icms_dc=100 , 0.0497449 secs] [Times: user=0.56 sys=0.05, real=0.05 secs] 
13512.988: [GC 13512.989: [ParNew: 330410K->23117K(353920K), 0.0732174 secs] 1942234K->1634941K(3106432K) icms_dc=100 , 0.0748468 secs] [Times: user=0.95 sys=0.02, real=0.08 secs] 
13514.030: [GC 13514.031: [ParNew: 338945K->28014K(353920K), 0.1374650 secs] 1950770K->1654885K(3106432K) icms_dc=100 , 0.1390239 secs] [Times: user=1.24 sys=0.03, real=0.14 secs] 
13514.464: [GC 13514.465: [ParNew: 28619K->11511K(353920K), 0.1478386 secs] 1655490K->1660701K(3106432K) icms_dc=100 , 0.1490377 secs] [Times: user=1.00 sys=0.09, real=0.15 secs] 
13515.395: [GC 13515.396: [ParNew: 326147K->28457K(353920K), 0.0770761 secs] 1975336K->1677646K(3106432K) icms_dc=100 , 0.0786188 secs] [Times: user=0.87 sys=0.06, real=0.08 secs] 
13515.511: [GC 13515.512: [ParNew: 28888K->8985K(353920K), 0.1144452 secs] 1678078K->1685149K(3106432K) icms_dc=100 , 0.1157115 secs] [Times: user=1.12 sys=0.12, real=0.12 secs] 
13516.404: [GC 13516.405: [ParNew: 323609K->27569K(353920K), 0.1017358 secs] 1999773K->1703734K(3106432K) icms_dc=100 , 0.1033481 secs] [Times: user=1.01 sys=0.08, real=0.10 secs] 
13517.556: [GC 13517.557: [ParNew: 342671K->32417K(353920K), 0.1977319 secs] 2018836K->1720147K(3106432K) icms_dc=100 , 0.1992942 secs] [Times: user=1.42 sys=0.15, real=0.20 secs] 
13517.796: [GC 13517.797: [ParNew: 32937K->17813K(353920K), 0.0771315 secs] 1720667K->1731976K(3106432K) icms_dc=100 , 0.0787139 secs] [Times: user=0.89 sys=0.04, real=0.08 secs] 
13518.769: [GC 13518.770: [ParNew: 332701K->29258K(353920K), 0.1095147 secs] 2046863K->1743420K(3106432K) icms_dc=100 , 0.1110567 secs] [Times: user=1.16 sys=0.10, real=0.11 secs] 
13518.917: [GC 13518.917: [ParNew: 29593K->9242K(353920K), 0.0887230 secs] 1743756K->1750130K(3106432K) icms_dc=100 , 0.0899487 secs] [Times: user=0.96 sys=0.04, real=0.09 secs] 
13519.928: [GC 13519.929: [ParNew: 324531K->32305K(353920K), 0.1836029 secs] 2065419K->1773193K(3106432K) icms_dc=100 , 0.1851791 secs] [Times: user=1.63 sys=0.33, real=0.19 secs] 
13520.150: [GC 13520.151: [ParNew: 32582K->8583K(353920K), 0.0784720 secs] 1773470K->1780059K(3106432K) icms_dc=100 , 0.0796684 secs] [Times: user=0.91 sys=0.04, real=0.08 secs] 
13521.054: [GC 13521.055: [ParNew: 323207K->27909K(353920K), 0.1131022 secs] 2094683K->1799384K(3106432K) icms_dc=100 , 0.1146552 secs] [Times: user=1.19 sys=0.14, real=0.12 secs] 
13521.958: [GC 13521.959: [ParNew: 342533K->23688K(353920K), 0.1191859 secs] 2114008K->1807815K(3106432K) icms_dc=100 , 0.1207341 secs] [Times: user=1.17 sys=0.02, real=0.12 secs] 
13522.831: [GC 13522.832: [ParNew: 338312K->38741K(353920K), 0.1594881 secs] 2122439K->1822869K(3106432K) icms_dc=100 , 0.1611032 secs] [Times: user=1.37 sys=0.05, real=0.16 secs] 
13523.677: [GC 13523.678: [ParNew: 353365K->36248K(353920K), 0.1907094 secs] 2137493K->1838799K(3106432K) icms_dc=100 , 0.1922608 secs] [Times: user=1.82 sys=0.26, real=0.19 secs] 
13524.723: [GC 13524.724: [ParNew: 352250K->39296K(353920K), 0.1354703 secs] 2154801K->1853681K(3106432K) icms_dc=100 , 0.1370835 secs] [Times: user=1.35 sys=0.13, real=0.14 secs] 
13524.898: [GC 13524.898: [ParNew: 39795K->18798K(353920K), 0.0883640 secs] 1854180K->1861439K(3106432K) icms_dc=100 , 0.0895884 secs] [Times: user=0.92 sys=0.03, real=0.09 secs] 
13525.906: [GC 13525.907: [ParNew: 333789K->31040K(353920K), 0.0622833 secs] 2176430K->1873681K(3106432K) icms_dc=100 , 0.0639627 secs] [Times: user=0.91 sys=0.01, real=0.06 secs] 
13526.007: [GC 13526.008: [ParNew: 31436K->10790K(353920K), 0.1108845 secs] 1874077K->1881091K(3106432K) icms_dc=100 , 0.1121259 secs] [Times: user=1.00 sys=0.04, real=0.11 secs] 
13526.872: [GC 13526.873: [ParNew: 325414K->33615K(353920K), 0.1063088 secs] 2195715K->1903917K(3106432K) icms_dc=100 , 0.1079369 secs] [Times: user=1.18 sys=0.13, real=0.11 secs] 
13527.905: [GC 13527.906: [ParNew: 350097K->35597K(353920K), 0.1368491 secs] 2220399K->1919714K(3106432K) icms_dc=100 , 0.1384482 secs] [Times: user=1.37 sys=0.04, real=0.14 secs] 
13528.084: [GC 13528.084: [ParNew: 36056K->15002K(353920K), 0.0764393 secs] 1920173K->1929443K(3106432K) icms_dc=100 , 0.0776829 secs] [Times: user=0.91 sys=0.04, real=0.08 secs] 
13529.049: [GC 13529.050: [ParNew: 329626K->28322K(353920K), 0.1156497 secs] 2244067K->1942763K(3106432K) icms_dc=100 , 0.1172646 secs] [Times: user=1.17 sys=0.11, real=0.12 secs] 
13529.949: [GC 13529.950: [ParNew: 342946K->28504K(353920K), 0.2326496 secs] 2257387K->1956067K(3106432K) icms_dc=100 , 0.2342979 secs] [Times: user=1.91 sys=0.36, real=0.23 secs] 
13531.005: [GC 13531.006: [ParNew: 343128K->34527K(353920K), 0.1312324 secs] 2270691K->1973176K(3106432K) icms_dc=100 , 0.1329036 secs] [Times: user=1.25 sys=0.10, real=0.13 secs] 
13531.935: [GC 13531.936: [ParNew: 350086K->36350K(353920K), 0.0865090 secs] 2288734K->1986515K(3106432K) icms_dc=100 , 0.0881491 secs] [Times: user=1.06 sys=0.02, real=0.09 secs] 
13532.061: [GC 13532.061: [ParNew: 36705K->13814K(353920K), 0.0713881 secs] 1986871K->1991396K(3106432K) icms_dc=100 , 0.0726261 secs] [Times: user=0.88 sys=0.03, real=0.07 secs] 
13533.057: [GC 13533.058: [ParNew: 328495K->30415K(353920K), 0.0774444 secs] 2306078K->2007998K(3106432K) icms_dc=100 , 0.0794965 secs] [Times: user=0.96 sys=0.06, real=0.08 secs] 
13533.184: [GC 13533.185: [ParNew: 35570K->12988K(353920K), 0.0927733 secs] 2013152K->2016653K(3106432K) icms_dc=100 , 0.0940141 secs] [Times: user=1.06 sys=0.08, real=0.09 secs] 
13534.156: [GC 13534.157: [ParNew: 327612K->25692K(353920K), 0.0801158 secs] 2331277K->2029357K(3106432K) icms_dc=100 , 0.0818018 secs] [Times: user=0.91 sys=0.03, real=0.08 secs] 
13535.089: [GC 13535.090: [ParNew: 341253K->32805K(353920K), 0.1193972 secs] 2344919K->2047935K(3106432K) icms_dc=100 , 0.1209514 secs] [Times: user=1.35 sys=0.09, real=0.12 secs] 
13535.248: [GC 13535.249: [ParNew: 33183K->11384K(353920K), 0.1827538 secs] 2048313K->2054701K(3106432K) icms_dc=100 , 0.1839756 secs] [Times: user=1.53 sys=0.31, real=0.18 secs] 
13536.295: [GC 13536.296: [ParNew: 326008K->27012K(353920K), 0.1386163 secs] 2369325K->2070329K(3106432K) icms_dc=100 , 0.1402515 secs] [Times: user=1.33 sys=0.10, real=0.14 secs] 
13537.275: [GC 13537.276: [ParNew: 341733K->27697K(353920K), 0.1142235 secs] 2385049K->2084586K(3106432K) icms_dc=100 , 0.1160961 secs] [Times: user=1.25 sys=0.05, real=0.12 secs] 
13537.429: [GC 13537.430: [ParNew: 28176K->9748K(353920K), 0.0711841 secs] 2085066K->2087252K(3106432K) icms_dc=100 , 0.0724426 secs] [Times: user=0.90 sys=0.03, real=0.07 secs] 
13538.431: [GC 13538.432: [ParNew: 324372K->25267K(353920K), 0.0582080 secs] 2401876K->2102771K(3106432K) icms_dc=100 , 0.0598676 secs] [Times: user=0.86 sys=0.03, real=0.06 secs] 
13539.346: [GC 13539.347: [ParNew: 339891K->25257K(353920K), 0.1092431 secs] 2417395K->2115163K(3106432K) icms_dc=100 , 0.1108159 secs] [Times: user=1.30 sys=0.06, real=0.11 secs] 
13540.468: [GC 13540.469: [ParNew: 339881K->37931K(353920K), 0.0614337 secs] 2429787K->2127838K(3106432K) icms_dc=100 , 0.0630176 secs] [Times: user=0.93 sys=0.02, real=0.06 secs] 
13541.367: [GC 13541.368: [ParNew: 352555K->24218K(353920K), 0.0910952 secs] 2442462K->2131376K(3106432K) icms_dc=100 , 0.0926208 secs] [Times: user=1.19 sys=0.02, real=0.09 secs] 
13542.263: [GC 13542.265: [ParNew: 338842K->36929K(353920K), 0.0809433 secs] 2446000K->2144088K(3106432K) icms_dc=100 , 0.0824858 secs] [Times: user=1.02 sys=0.07, real=0.08 secs] 
13542.718: [CMS-concurrent-mark: 20.102/32.190 secs] [Times: user=729.34 sys=23.05, real=32.19 secs] 
13542.758: [CMS-concurrent-preclean-start]
13543.217: [GC 13543.218: [ParNew: 351553K->37588K(353920K), 0.1071760 secs] 2458712K->2151262K(3106432K) icms_dc=100 , 0.1087558 secs] [Times: user=1.32 sys=0.10, real=0.11 secs] 
13544.199: [GC 13544.200: [ParNew: 352212K->34907K(353920K), 0.1296845 secs] 2465886K->2155578K(3106432K) icms_dc=100 , 0.1312723 secs] [Times: user=1.38 sys=0.13, real=0.13 secs] 
13545.122: [GC 13545.123: [ParNew: 349531K->39295K(353920K), 0.1478148 secs] 2470202K->2166564K(3106432K) icms_dc=100 , 0.1493571 secs] [Times: user=1.45 sys=0.18, real=0.15 secs] 
13546.184: [GC 13546.185: [ParNew: 353919K->38613K(353920K), 0.0829994 secs] 2481188K->2171858K(3106432K) icms_dc=100 , 0.0846638 secs] [Times: user=1.05 sys=0.03, real=0.09 secs] 
13547.155: [GC 13547.156: [ParNew: 353237K->39296K(353920K), 0.2755504 secs] 2486482K->2182449K(3106432K) icms_dc=100 , 0.2771135 secs] [Times: user=1.96 sys=0.42, real=0.28 secs] 
13548.418: [GC 13548.419: [ParNew: 353920K->34113K(353920K), 0.0886806 secs] 2497073K->2183232K(3106432K) icms_dc=100 , 0.0902558 secs] [Times: user=1.03 sys=0.02, real=0.09 secs] 
13549.501: [GC 13549.502: [ParNew: 348544K->35755K(353920K), 0.1015108 secs] 2497664K->2190854K(3106432K) icms_dc=100 , 0.1031878 secs] [Times: user=1.16 sys=0.04, real=0.10 secs] 
13550.534: [GC 13550.536: [ParNew: 350291K->38601K(353920K), 0.1968694 secs] 2505390K->2198552K(3106432K) icms_dc=100 , 0.1984320 secs] [Times: user=1.68 sys=0.27, real=0.20 secs] 
13551.701: [GC 13551.702: [ParNew: 353225K->35232K(353920K), 0.0973359 secs] 2513176K->2202490K(3106432K) icms_dc=100 , 0.0989465 secs] [Times: user=1.11 sys=0.02, real=0.10 secs] 
13552.737: [GC 13552.738: [ParNew: 349856K->35318K(353920K), 0.1021069 secs] 2517114K->2208466K(3106432K) icms_dc=100 , 0.1036891 secs] [Times: user=1.03 sys=0.01, real=0.10 secs] 
13553.670: [CMS-concurrent-preclean: 8.149/10.913 secs] [Times: user=247.42 sys=10.59, real=10.91 secs] 
13553.672: [CMS-concurrent-abortable-preclean-start]
13553.802: [GC 13553.803: [ParNew: 349971K->39177K(353920K), 0.1154849 secs] 2523118K->2218801K(3106432K) icms_dc=100 , 0.1170346 secs] [Times: user=1.09 sys=0.02, real=0.12 secs] 
13554.188: [CMS-concurrent-abortable-preclean: 0.316/0.516 secs] [Times: user=10.18 sys=0.32, real=0.52 secs] 
13554.225: [GC[YG occupancy: 155059 K (353920 K)]13554.226: [Rescan (parallel) , 0.2322851 secs]13554.458: [weak refs processing, 0.0001701 secs] [1 CMS-remark: 2179623K(2752512K)] 2334683K(3106432K), 0.2330654 secs] [Times: user=2.56 sys=0.30, real=0.23 secs] 
13554.460: [CMS-concurrent-sweep-start]
13554.961: [GC 13554.962: [ParNew: 353801K->39296K(353920K), 0.1293290 secs] 2533424K->2225704K(3106432K) icms_dc=100 , 0.1309228 secs] [Times: user=1.40 sys=0.11, real=0.13 secs] 
13556.012: [GC 13556.013: [ParNew: 353920K->36767K(353920K), 0.0868169 secs] 2540536K->2231492K(3106432K) icms_dc=100 , 0.0883622 secs] [Times: user=1.21 sys=0.03, real=0.09 secs] 
13556.974: [GC 13556.975: [ParNew: 351606K->39296K(353920K), 0.1590320 secs] 2546328K->2240069K(3106432K) icms_dc=100 , 0.1606114 secs] [Times: user=1.58 sys=0.18, real=0.16 secs] 
13557.173: [GC 13557.174: [ParNew: 39798K->23403K(353920K), 0.1101380 secs] 2240571K->2252244K(3106432K) icms_dc=100 , 0.1113408 secs] [Times: user=1.13 sys=0.06, real=0.11 secs] 
13558.099: [GC 13558.100: [ParNew: 338027K->24607K(353920K), 0.1008275 secs] 2566843K->2253424K(3106432K) icms_dc=100 , 0.1023916 secs] [Times: user=1.03 sys=0.06, real=0.10 secs] 
13559.233: [GC 13559.234: [ParNew: 339540K->27384K(353920K), 0.1018653 secs] 2568313K->2267071K(3106432K) icms_dc=100 , 0.1034359 secs] [Times: user=1.18 sys=0.05, real=0.10 secs] 
13559.373: [GC 13559.374: [ParNew: 27647K->5071K(353920K), 0.0857435 secs] 2267334K->2266250K(3106432K) icms_dc=100 , 0.0869287 secs] [Times: user=0.92 sys=0.03, real=0.09 secs] 
13560.207: [GC 13560.208: [ParNew: 319741K->25339K(353920K), 0.1327349 secs] 2580870K->2286468K(3106432K) icms_dc=100 , 0.1345525 secs] [Times: user=1.30 sys=0.15, real=0.14 secs] 
13560.386: [GC 13560.387: [ParNew: 29271K->12347K(353920K), 0.1678012 secs] 2290400K->2296303K(3106432K) icms_dc=100 , 0.1691045 secs] [Times: user=1.44 sys=0.22, real=0.17 secs] 
13561.329: [GC 13561.330: [ParNew: 327557K->23610K(353920K), 0.1232157 secs] 2611504K->2307556K(3106432K) icms_dc=100 , 0.1247908 secs] [Times: user=1.11 sys=0.02, real=0.13 secs] 
13561.492: [GC 13561.492: [ParNew: 23995K->7824K(353920K), 0.1164293 secs] 2307942K->2313681K(3106432K) icms_dc=100 , 0.1176787 secs] [Times: user=1.18 sys=0.06, real=0.12 secs] 
13562.341: [GC 13562.342: [ParNew: 322638K->27247K(353920K), 0.0702112 secs] 2628483K->2333092K(3106432K) icms_dc=100 , 0.0717767 secs] [Times: user=0.91 sys=0.01, real=0.07 secs] 
13562.450: [GC 13562.451: [ParNew: 27333K->4266K(353920K), 0.1072239 secs] 2333179K->2335663K(3106432K) icms_dc=100 , 0.1084462 secs] [Times: user=1.08 sys=0.05, real=0.11 secs] 
13563.523: [GC 13563.524: [ParNew: 318890K->37586K(353920K), 0.0597981 secs] 2650281K->2368978K(3106432K) icms_dc=100 , 0.0613730 secs] [Times: user=0.96 sys=0.01, real=0.06 secs] 
13564.310: [GC 13564.311: [ParNew: 352362K->35990K(353920K), 0.1533812 secs] 2683749K->2388731K(3106432K) icms_dc=100 , 0.1549556 secs] [Times: user=1.59 sys=0.13, real=0.16 secs] 
13564.505: [GC 13564.506: [ParNew: 37481K->19718K(353920K), 0.1420940 secs] 2390221K->2402478K(3106432K) icms_dc=100 , 0.1433078 secs] [Times: user=1.36 sys=0.10, real=0.14 secs] 
13565.408: [GC 13565.409: [ParNew: 334342K->31110K(353920K), 0.1624863 secs] 2717071K->2413838K(3106432K) icms_dc=100 , 0.1643534 secs] [Times: user=1.52 sys=0.16, real=0.17 secs] 
13566.609: [GC 13566.610: [ParNew: 346681K->35000K(353920K), 0.1285661 secs] 2729224K->2430364K(3106432K) icms_dc=100 , 0.1301921 secs] [Times: user=1.39 sys=0.09, real=0.13 secs] 
13567.570: [GC 13567.571: [ParNew: 350442K->39296K(353920K), 0.1464864 secs] 2745806K->2447686K(3106432K) icms_dc=100 , 0.1481390 secs] [Times: user=1.40 sys=0.02, real=0.15 secs] 
13568.538: [GC 13568.539: [ParNew: 353919K->30923K(353920K), 0.1249322 secs] 2762307K->2450240K(3106432K) icms_dc=100 , 0.1265462 secs] [Times: user=1.23 sys=0.05, real=0.13 secs] 
13569.475: [GC 13569.476: [ParNew: 345547K->33677K(353920K), 0.0771831 secs] 2764853K->2462521K(3106432K) icms_dc=100 , 0.0787541 secs] [Times: user=1.09 sys=0.02, real=0.08 secs] 
13570.355: [GC 13570.357: [ParNew: 348377K->30573K(353920K), 0.0929094 secs] 2777198K->2472468K(3106432K) icms_dc=100 , 0.0945959 secs] [Times: user=1.13 sys=0.02, real=0.10 secs] 
13570.487: [GC 13570.488: [ParNew: 30696K->13398K(353920K), 0.0855360 secs] 2472592K->2476126K(3106432K) icms_dc=100 , 0.0868409 secs] [Times: user=0.93 sys=0.04, real=0.09 secs] 
13571.346: [GC 13571.347: [ParNew: 328022K->27317K(353920K), 0.0759386 secs] 2790692K->2489987K(3106432K) icms_dc=100 , 0.0775596 secs] [Times: user=0.93 sys=0.02, real=0.10 secs] 
13572.488: [GC 13572.489: [ParNew: 342137K->27979K(353920K), 0.1111599 secs] 2804709K->2505329K(3106432K) icms_dc=100 , 0.1127935 secs] [Times: user=1.24 sys=0.05, real=0.11 secs] 
13572.638: [GC 13572.638: [ParNew: 28396K->10287K(353920K), 0.0814111 secs] 2505746K->2509675K(3106432K) icms_dc=100 , 0.0826555 secs] [Times: user=0.96 sys=0.05, real=0.08 secs] 
13573.617: [GC 13573.618: [ParNew: 324911K->22890K(353920K), 0.0693483 secs] 2824054K->2522033K(3106432K) icms_dc=100 , 0.0709510 secs] [Times: user=0.94 sys=0.02, real=0.07 secs] 
13574.860: [GC 13574.861: [ParNew: 337514K->27076K(353920K), 0.1305327 secs] 2836572K->2537888K(3106432K) icms_dc=100 , 0.1321110 secs] [Times: user=1.41 sys=0.15, real=0.13 secs] 
13576.033: [GC 13576.034: [ParNew: 341700K->28499K(353920K), 0.0858498 secs] 2830243K->2526351K(3106432K) icms_dc=100 , 0.0874285 secs] [Times: user=1.09 sys=0.03, real=0.09 secs] 
13576.314: [CMS-concurrent-sweep: 15.604/21.855 secs] [Times: user=490.46 sys=15.74, real=21.86 secs] 
13576.316: [CMS-concurrent-reset-start]
13576.350: [CMS-concurrent-reset: 0.034/0.034 secs] [Times: user=1.00 sys=0.04, real=0.03 secs] 
13577.130: [GC 13577.132: [ParNew: 343123K->23659K(353920K), 0.0955574 secs] 2824890K->2515980K(3106432K) icms_dc=75 , 0.0974099 secs] [Times: user=1.13 sys=0.02, real=0.10 secs] 
13577.356: [GC [1 CMS-initial-mark: 2492320K(2752512K)] 2555429K(3106432K), 0.5139840 secs] [Times: user=0.51 sys=0.00, real=0.51 secs] 
13577.871: [CMS-concurrent-mark-start]
13578.724: [GC 13578.725: [ParNew: 338536K->35948K(353920K), 0.1749462 secs] 2830857K->2528268K(3106432K) icms_dc=93 , 0.1765726 secs] [Times: user=1.51 sys=0.25, real=0.18 secs] 
13578.939: [GC 13578.939: [ParNew: 36237K->17797K(353920K), 0.1171961 secs] 2528558K->2538554K(3106432K) icms_dc=100 , 0.1184185 secs] [Times: user=1.22 sys=0.04, real=0.12 secs] 
13580.103: [GC 13580.104: [ParNew: 332421K->22690K(353920K), 0.1358125 secs] 2853178K->2543448K(3106432K) icms_dc=100 , 0.1374986 secs] [Times: user=1.50 sys=0.20, real=0.14 secs] 
13581.187: [GC 13581.188: [ParNew: 337314K->23322K(353920K), 0.1063200 secs] 2858072K->2554586K(3106432K) icms_dc=100 , 0.1078956 secs] [Times: user=1.29 sys=0.05, real=0.11 secs] 
13582.336: [GC 13582.337: [ParNew: 337946K->36578K(353920K), 0.0741873 secs] 2869210K->2567842K(3106432K) icms_dc=100 , 0.0758317 secs] [Times: user=1.01 sys=0.02, real=0.08 secs] 
13583.217: [GC 13583.218: [ParNew: 351202K->29264K(353920K), 0.1184503 secs] 2882466K->2576852K(3106432K) icms_dc=100 , 0.1200457 secs] [Times: user=1.28 sys=0.04, real=0.12 secs] 
13584.310: [GC 13584.312: [ParNew: 343888K->37913K(353920K), 0.1258981 secs] 2891476K->2585502K(3106432K) icms_dc=100 , 0.1274561 secs] [Times: user=1.24 sys=0.12, real=0.13 secs] 
13585.415: [GC 13585.416: [ParNew: 352537K->39296K(353920K), 0.1071564 secs] 2900126K->2594249K(3106432K) icms_dc=100 , 0.1088570 secs] [Times: user=1.27 sys=0.02, real=0.11 secs] 
13586.489: [GC 13586.490: [ParNew: 353920K->39296K(353920K), 0.1223361 secs] 2908900K->2601715K(3106432K) icms_dc=100 , 0.1239194 secs] [Times: user=1.46 sys=0.09, real=0.12 secs] 
13587.499: [GC 13587.500: [ParNew: 353920K->38876K(353920K), 0.0997416 secs] 2916339K->2610648K(3106432K) icms_dc=100 , 0.1014012 secs] [Times: user=1.28 sys=0.05, real=0.10 secs] 
13588.540: [GC 13588.541: [ParNew: 353500K->35541K(353920K), 0.1096705 secs] 2925272K->2620082K(3106432K) icms_dc=100 , 0.1112479 secs] [Times: user=1.38 sys=0.08, real=0.11 secs] 
13589.556: [GC 13589.558: [ParNew: 349920K->28844K(353920K), 0.0838857 secs] 2934461K->2623574K(3106432K) icms_dc=100 , 0.0855445 secs] [Times: user=1.14 sys=0.03, real=0.09 secs] 
13590.462: [GC 13590.463: [ParNew: 343468K->32585K(353920K), 0.1044913 secs] 2938198K->2637665K(3106432K) icms_dc=100 , 0.1060936 secs] [Times: user=1.23 sys=0.06, real=0.11 secs] 
13591.368: [GC 13591.369: [ParNew: 347209K->30380K(353920K), 0.1436291 secs] 2952289K->2646041K(3106432K) icms_dc=100 , 0.1452982 secs] [Times: user=1.29 sys=0.03, real=0.15 secs] 
13592.382: [GC 13592.383: [ParNew: 345916K->39296K(353920K), 0.2158901 secs] 2961577K->2658219K(3106432K) icms_dc=100 , 0.2174202 secs] [Times: user=1.80 sys=0.25, real=0.22 secs] 
13593.565: [GC 13593.566: [ParNew: 353920K->34094K(353920K), 0.1605709 secs] 2972843K->2671473K(3106432K) icms_dc=100 , 0.1621845 secs] [Times: user=1.53 sys=0.08, real=0.16 secs] 
13594.461: [GC 13594.462: [ParNew: 348718K->39296K(353920K), 0.1016742 secs] 2986097K->2677378K(3106432K) icms_dc=100 , 0.1033383 secs] [Times: user=1.10 sys=0.02, real=0.10 secs] 
13595.617: [GC 13595.618: [ParNew: 353920K->28844K(353920K), 0.1048805 secs] 2992002K->2687229K(3106432K) icms_dc=100 , 0.1064846 secs] [Times: user=1.34 sys=0.04, real=0.11 secs] 
13596.383: [CMS-concurrent-mark: 14.358/18.512 secs] [Times: user=445.42 sys=15.14, real=18.51 secs] 
13596.385: [CMS-concurrent-preclean-start]
13596.594: [GC 13596.595: [ParNew: 343468K->37215K(353920K), 0.0834392 secs] 3001853K->2695599K(3106432K) icms_dc=100 , 0.0850546 secs] [Times: user=1.05 sys=0.02, real=0.09 secs] 
13597.460: [GC 13597.461: [ParNew: 351839K->36767K(353920K), 0.1050062 secs] 3010223K->2712521K(3106432K) icms_dc=100 , 0.1066031 secs] [Times: user=1.34 sys=0.04, real=0.11 secs] 
13598.451: [GC 13598.452: [ParNew: 353836K->39296K(353920K), 0.1948361 secs] 3030411K->2725360K(3106432K) icms_dc=100 , 0.1964324 secs] [Times: user=1.68 sys=0.25, real=0.20 secs] 
13598.685: [GC 13598.686: [ParNew (promotion failed): 40664K->20609K(353920K), 0.1309585 secs] 2726728K->2733432K(3106432K) icms_dc=100 , 0.1321962 secs] [Times: user=1.22 sys=0.10, real=0.13 secs] 
GC locker: Trying a full collection because scavenge failed
13598.818: [Full GC 13598.819: [CMS13600.412: [CMS-concurrent-preclean: 2.770/4.027 secs] [Times: user=54.91 sys=1.99, real=4.03 secs] 
 (concurrent mode failure): 2712822K->1618426K(2752512K), 40.5711873 secs] 2733432K->1618426K(3106432K), [CMS Perm : 206607K->204996K(402264K)] icms_dc=100 , 40.5724256 secs] [Times: user=40.61 sys=0.03, real=40.57 secs] 
13639.499: [GC [1 CMS-initial-mark: 1618426K(2752512K)] 1618776K(3106432K), 0.2341547 secs] [Times: user=0.23 sys=0.00, real=0.23 secs] 
13639.735: [CMS-concurrent-mark-start]
13641.594: [GC 13641.595: [ParNew: 314624K->30538K(353920K), 0.1400124 secs] 1933050K->1648965K(3106432K) icms_dc=100 , 0.1415790 secs] [Times: user=1.15 sys=0.09, real=0.14 secs] 
13643.002: [GC 13643.003: [ParNew: 345213K->33239K(353920K), 0.1504004 secs] 1963640K->1668073K(3106432K) icms_dc=100 , 0.1519487 secs] [Times: user=1.56 sys=0.04, real=0.15 secs] 
13643.278: [GC 13643.279: [ParNew: 38267K->18420K(353920K), 0.1723678 secs] 1673101K->1677892K(3106432K) icms_dc=100 , 0.1736094 secs] [Times: user=1.00 sys=0.07, real=0.17 secs] 
13644.324: [GC 13644.325: [ParNew: 333044K->25735K(353920K), 0.1202171 secs] 1992516K->1685207K(3106432K) icms_dc=100 , 0.1217591 secs] [Times: user=1.18 sys=0.15, real=0.12 secs] 
13645.447: [GC 13645.448: [ParNew: 340359K->31181K(353920K), 0.1335887 secs] 1999831K->1702384K(3106432K) icms_dc=100 , 0.1351312 secs] [Times: user=1.25 sys=0.02, real=0.14 secs] 
13646.372: [GC 13646.373: [ParNew: 345805K->33502K(353920K), 0.1243725 secs] 2017008K->1716342K(3106432K) icms_dc=100 , 0.1259624 secs] [Times: user=1.13 sys=0.04, real=0.13 secs] 
13647.341: [GC 13647.342: [ParNew: 348126K->28707K(353920K), 0.0755323 secs] 2030966K->1722740K(3106432K) icms_dc=100 , 0.0770415 secs] [Times: user=0.97 sys=0.02, real=0.08 secs] 
13648.322: [GC 13648.323: [ParNew: 343331K->36114K(353920K), 0.1284907 secs] 2037364K->1739829K(3106432K) icms_dc=100 , 0.1300695 secs] [Times: user=1.12 sys=0.03, real=0.13 secs] 
13649.296: [GC 13649.297: [ParNew: 352752K->37507K(353920K), 0.1200999 secs] 2056467K->1752495K(3106432K) icms_dc=100 , 0.1216884 secs] [Times: user=1.26 sys=0.04, real=0.12 secs] 
13649.455: [GC 13649.456: [ParNew: 38110K->20129K(353920K), 0.1080782 secs] 1753098K->1764821K(3106432K) icms_dc=100 , 0.1093586 secs] [Times: user=0.93 sys=0.04, real=0.11 secs] 
13650.511: [GC 13650.512: [ParNew: 335166K->33991K(353920K), 0.0829830 secs] 2079857K->1778683K(3106432K) icms_dc=100 , 0.0848035 secs] [Times: user=0.96 sys=0.01, real=0.09 secs] 
13650.634: [GC 13650.635: [ParNew: 34038K->3246K(353920K), 0.0865697 secs] 1778729K->1779686K(3106432K) icms_dc=100 , 0.0877673 secs] [Times: user=0.97 sys=0.04, real=0.09 secs] 
13651.597: [GC 13651.598: [ParNew: 317870K->29498K(353920K), 0.0887287 secs] 2094310K->1805938K(3106432K) icms_dc=100 , 0.0903037 secs] [Times: user=1.02 sys=0.03, real=0.09 secs] 
13652.423: [GC 13652.424: [ParNew: 344523K->26719K(353920K), 0.1761664 secs] 2120963K->1817812K(3106432K) icms_dc=100 , 0.1776763 secs] [Times: user=1.16 sys=0.04, real=0.18 secs] 
13652.658: [GC 13652.659: [ParNew: 38511K->16028K(353920K), 0.1307107 secs] 1829605K->1826323K(3106432K) icms_dc=100 , 0.1319590 secs] [Times: user=0.92 sys=0.03, real=0.13 secs] 
13653.559: [GC 13653.560: [ParNew: 330896K->22462K(353920K), 0.1439674 secs] 2141191K->1832757K(3106432K) icms_dc=100 , 0.1455140 secs] [Times: user=1.32 sys=0.13, real=0.15 secs] 
13653.741: [GC 13653.742: [ParNew: 23049K->24889K(353920K), 0.0579667 secs] 1833344K->1836163K(3106432K) icms_dc=100 , 0.0591466 secs] [Times: user=0.77 sys=0.03, real=0.06 secs] 
13654.793: [GC 13654.794: [ParNew: 339592K->39296K(353920K), 0.1694086 secs] 2150865K->1851338K(3106432K) icms_dc=100 , 0.1709621 secs] [Times: user=1.30 sys=0.02, real=0.17 secs] 
13655.001: [GC 13655.002: [ParNew: 39376K->6034K(353920K), 0.1538655 secs] 1851418K->1850970K(3106432K) icms_dc=100 , 0.1551381 secs] [Times: user=1.19 sys=0.06, real=0.16 secs] 
13656.024: [GC 13656.025: [ParNew: 320658K->31918K(353920K), 0.1633964 secs] 2165594K->1876854K(3106432K) icms_dc=100 , 0.1649948 secs] [Times: user=1.41 sys=0.26, real=0.17 secs] 
13657.034: [GC 13657.035: [ParNew: 346542K->25016K(353920K), 0.1223989 secs] 2191478K->1886293K(3106432K) icms_dc=100 , 0.1239028 secs] [Times: user=1.22 sys=0.07, real=0.12 secs] 
13658.009: [GC 13658.010: [ParNew: 340885K->37684K(353920K), 0.1048033 secs] 2202161K->1908098K(3106432K) icms_dc=100 , 0.1063572 secs] [Times: user=1.22 sys=0.04, real=0.11 secs] 
13659.034: [GC 13659.035: [ParNew: 352308K->31870K(353920K), 0.0771095 secs] 2222722K->1917705K(3106432K) icms_dc=100 , 0.0786574 secs] [Times: user=1.03 sys=0.02, real=0.08 secs] 
13660.118: [GC 13660.119: [ParNew: 346494K->32023K(353920K), 0.1048201 secs] 2232329K->1927513K(3106432K) icms_dc=100 , 0.1064221 secs] [Times: user=1.13 sys=0.02, real=0.11 secs] 
13661.163: [GC 13661.165: [ParNew: 346938K->32900K(353920K), 0.0801168 secs] 2242428K->1939610K(3106432K) icms_dc=100 , 0.0817249 secs] [Times: user=1.08 sys=0.02, real=0.08 secs] 
13661.291: [GC 13661.292: [ParNew: 37330K->22363K(353920K), 0.1177926 secs] 1944040K->1952553K(3106432K) icms_dc=100 , 0.1190240 secs] [Times: user=1.15 sys=0.14, real=0.12 secs] 
13662.378: [GC 13662.379: [ParNew: 336987K->24925K(353920K), 0.0651436 secs] 2267177K->1955115K(3106432K) icms_dc=100 , 0.0667307 secs] [Times: user=0.83 sys=0.03, real=0.07 secs] 
13663.435: [GC 13663.437: [ParNew: 339547K->25207K(353920K), 0.0989423 secs] 2269738K->1967643K(3106432K) icms_dc=100 , 0.1005946 secs] [Times: user=1.12 sys=0.04, real=0.10 secs] 
13664.667: [GC 13664.668: [ParNew: 339831K->38860K(353920K), 0.0719791 secs] 2282267K->1981296K(3106432K) icms_dc=100 , 0.0735897 secs] [Times: user=0.92 sys=0.01, real=0.07 secs] 
13665.789: [GC 13665.790: [ParNew: 353484K->28753K(353920K), 0.1053862 secs] 2295920K->1990548K(3106432K) icms_dc=100 , 0.1070281 secs] [Times: user=1.20 sys=0.02, real=0.11 secs] 
13666.423: [CMS-concurrent-mark: 16.763/26.689 secs] [Times: user=601.37 sys=19.12, real=26.69 secs] 
13666.425: [CMS-concurrent-preclean-start]
13667.053: [GC 13667.054: [ParNew: 343415K->35521K(353920K), 0.0639193 secs] 2305211K->1997317K(3106432K) icms_dc=100 , 0.0656002 secs] [Times: user=0.98 sys=0.02, real=0.07 secs] 
13668.070: [GC 13668.071: [ParNew: 350145K->38559K(353920K), 0.1444923 secs] 2311941K->2006931K(3106432K) icms_dc=100 , 0.1460875 secs] [Times: user=1.43 sys=0.20, real=0.15 secs] 
13669.062: [GC 13669.063: [ParNew: 353183K->37985K(353920K), 0.0969894 secs] 2321555K->2013508K(3106432K) icms_dc=100 , 0.0985916 secs] [Times: user=1.08 sys=0.01, real=0.10 secs] 
13670.020: [GC 13670.021: [ParNew: 352609K->36377K(353920K), 0.0813605 secs] 2328132K->2018874K(3106432K) icms_dc=100 , 0.0830145 secs] [Times: user=1.04 sys=0.03, real=0.08 secs] 
13671.216: [GC 13671.217: [ParNew: 351001K->39158K(353920K), 0.0930232 secs] 2333498K->2028349K(3106432K) icms_dc=100 , 0.0945892 secs] [Times: user=1.06 sys=0.02, real=0.10 secs] 
13672.142: [GC 13672.144: [ParNew: 353782K->34933K(353920K), 0.1587240 secs] 2342973K->2031615K(3106432K) icms_dc=100 , 0.1603966 secs] [Times: user=1.25 sys=0.05, real=0.16 secs] 
13673.003: [GC 13673.004: [ParNew: 349642K->39296K(353920K), 0.0823444 secs] 2346324K->2043242K(3106432K) icms_dc=100 , 0.0838962 secs] [Times: user=1.10 sys=0.01, real=0.08 secs] 
13673.125: [GC 13673.125: [ParNew: 40300K->27084K(353920K), 0.1012716 secs] 2044247K->2061224K(3106432K) icms_dc=100 , 0.1024803 secs] [Times: user=1.15 sys=0.04, real=0.10 secs] 
13674.020: [GC 13674.021: [ParNew: 341190K->29357K(353920K), 0.0833120 secs] 2375331K->2063497K(3106432K) icms_dc=100 , 0.0848464 secs] [Times: user=1.03 sys=0.05, real=0.09 secs] 
13674.899: [GC 13674.900: [ParNew: 344129K->29599K(353920K), 0.1288544 secs] 2378270K->2077116K(3106432K) icms_dc=100 , 0.1304085 secs] [Times: user=1.12 sys=0.02, real=0.13 secs] 
13675.066: [GC 13675.067: [ParNew: 29893K->13489K(353920K), 0.1181586 secs] 2077411K->2085526K(3106432K) icms_dc=100 , 0.1193713 secs] [Times: user=0.88 sys=0.03, real=0.12 secs] 
13675.921: [GC 13675.922: [ParNew: 328113K->28184K(353920K), 0.0554499 secs] 2400150K->2100222K(3106432K) icms_dc=100 , 0.0570448 secs] [Times: user=0.88 sys=0.02, real=0.06 secs] 
13676.746: [GC 13676.747: [ParNew: 342808K->26645K(353920K), 0.1268000 secs] 2414846K->2112478K(3106432K) icms_dc=100 , 0.1283651 secs] [Times: user=1.32 sys=0.11, real=0.13 secs] 
13677.638: [GC 13677.639: [ParNew: 341269K->27704K(353920K), 0.1142815 secs] 2427102K->2125122K(3106432K) icms_dc=100 , 0.1158420 secs] [Times: user=1.23 sys=0.09, real=0.12 secs] 
13678.633: [GC 13678.634: [ParNew: 342328K->34841K(353920K), 0.0741892 secs] 2439746K->2140999K(3106432K) icms_dc=100 , 0.0757679 secs] [Times: user=1.04 sys=0.02, real=0.08 secs] 
13679.545: [GC 13679.546: [ParNew: 349465K->34276K(353920K), 0.1227198 secs] 2455623K->2151837K(3106432K) icms_dc=100 , 0.1242690 secs] [Times: user=1.31 sys=0.12, real=0.12 secs] 
13680.500: [GC 13680.501: [ParNew: 350116K->36588K(353920K), 0.1463907 secs] 2467677K->2163134K(3106432K) icms_dc=100 , 0.1479658 secs] [Times: user=1.49 sys=0.20, real=0.15 secs] 
13681.201: [CMS-concurrent-preclean: 10.729/14.776 secs] [Times: user=350.37 sys=12.12, real=14.78 secs] 
13681.202: [CMS-concurrent-abortable-preclean-start]
13681.481: [GC 13681.483: [ParNew: 351558K->37130K(353920K), 0.1153174 secs] 2478103K->2175175K(3106432K) icms_dc=100 , 0.1168649 secs] [Times: user=1.32 sys=0.08, real=0.12 secs] 
13682.073: [CMS-concurrent-abortable-preclean: 0.666/0.871 secs] [Times: user=21.88 sys=0.75, real=0.87 secs] 
13682.113: [GC[YG occupancy: 233188 K (353920 K)]13682.113: [Rescan (parallel) , 0.1466076 secs]13682.260: [weak refs processing, 0.0008519 secs] [1 CMS-remark: 2138045K(2752512K)] 2371233K(3106432K), 0.1481167 secs] [Times: user=2.59 sys=0.02, real=0.15 secs] 
13682.263: [CMS-concurrent-sweep-start]
13682.668: [GC 13682.669: [ParNew: 352414K->32346K(353920K), 0.0759169 secs] 2490459K->2179047K(3106432K) icms_dc=100 , 0.0774890 secs] [Times: user=1.03 sys=0.03, real=0.08 secs] 
13683.901: [GC 13683.903: [ParNew: 346970K->30039K(353920K), 0.1167348 secs] 2493650K->2187399K(3106432K) icms_dc=100 , 0.1183552 secs] [Times: user=1.25 sys=0.09, real=0.12 secs] 
13684.916: [GC 13684.917: [ParNew: 344663K->29165K(353920K), 0.0930573 secs] 2501985K->2197186K(3106432K) icms_dc=100 , 0.0946621 secs] [Times: user=1.09 sys=0.04, real=0.10 secs] 
13686.273: [GC 13686.274: [ParNew: 343828K->27884K(353920K), 0.0931749 secs] 2511712K->2205380K(3106432K) icms_dc=100 , 0.0947482 secs] [Times: user=1.08 sys=0.04, real=0.10 secs] 
13686.405: [GC 13686.406: [ParNew: 28017K->7371K(353920K), 0.0751290 secs] 2205513K->2206356K(3106432K) icms_dc=100 , 0.0763033 secs] [Times: user=0.88 sys=0.03, real=0.08 secs] 
13687.454: [GC 13687.455: [ParNew: 321995K->24525K(353920K), 0.0670738 secs] 2520807K->2223338K(3106432K) icms_dc=100 , 0.0687659 secs] [Times: user=0.83 sys=0.01, real=0.07 secs] 
13688.404: [GC 13688.405: [ParNew: 339149K->24288K(353920K), 0.0891012 secs] 2537812K->2236775K(3106432K) icms_dc=100 , 0.0906840 secs] [Times: user=1.08 sys=0.03, real=0.09 secs] 
13689.435: [GC 13689.436: [ParNew: 338912K->32038K(353920K), 0.1219170 secs] 2551137K->2244262K(3106432K) icms_dc=100 , 0.1235463 secs] [Times: user=1.24 sys=0.14, real=0.12 secs] 
13690.755: [GC 13690.756: [ParNew: 346937K->34934K(353920K), 0.0919242 secs] 2555854K->2250410K(3106432K) icms_dc=100 , 0.0935028 secs] [Times: user=1.05 sys=0.02, real=0.09 secs] 
13690.887: [GC 13690.887: [ParNew: 35365K->25927K(353920K), 0.0726025 secs] 2250839K->2250034K(3106432K) icms_dc=100 , 0.0738274 secs] [Times: user=0.89 sys=0.03, real=0.07 secs] 
13691.687: [GC 13691.688: [ParNew: 340551K->31047K(353920K), 0.1435488 secs] 2563756K->2254252K(3106432K) icms_dc=100 , 0.1451108 secs] [Times: user=1.34 sys=0.16, real=0.15 secs] 
13692.588: [GC 13692.590: [ParNew: 345671K->35636K(353920K), 0.1010148 secs] 2568679K->2264136K(3106432K) icms_dc=100 , 0.1025832 secs] [Times: user=1.09 sys=0.05, real=0.10 secs] 
13693.435: [GC 13693.437: [ParNew: 350260K->39296K(353920K), 0.1332829 secs] 2578620K->2274253K(3106432K) icms_dc=100 , 0.1349277 secs] [Times: user=1.33 sys=0.08, real=0.14 secs] 
13694.274: [GC 13694.275: [ParNew: 353920K->39296K(353920K), 0.0957291 secs] 2588667K->2282789K(3106432K) icms_dc=100 , 0.0972830 secs] [Times: user=1.27 sys=0.04, real=0.10 secs] 
13695.103: [GC 13695.104: [ParNew: 353920K->39296K(353920K), 0.1772380 secs] 2594518K->2291048K(3106432K) icms_dc=100 , 0.1788042 secs] [Times: user=1.53 sys=0.15, real=0.18 secs] 
13696.159: [GC 13696.160: [ParNew: 353920K->39296K(353920K), 0.1144775 secs] 2602257K->2297738K(3106432K) icms_dc=100 , 0.1160118 secs] [Times: user=1.19 sys=0.02, real=0.12 secs] 
13696.314: [GC 13696.315: [ParNew: 39579K->19414K(353920K), 0.0912751 secs] 2298022K->2308141K(3106432K) icms_dc=100 , 0.0925504 secs] [Times: user=1.08 sys=0.04, real=0.09 secs] 
13697.269: [GC 13697.270: [ParNew: 334038K->29163K(353920K), 0.0973564 secs] 2622640K->2317765K(3106432K) icms_dc=100 , 0.0989303 secs] [Times: user=1.11 sys=0.08, real=0.10 secs] 
13698.123: [GC 13698.124: [ParNew: 343787K->27881K(353920K), 0.1444842 secs] 2631559K->2329082K(3106432K) icms_dc=100 , 0.1460569 secs] [Times: user=1.43 sys=0.15, real=0.15 secs] 
13699.104: [GC 13699.105: [ParNew: 343223K->38204K(353920K), 0.0792916 secs] 2622262K->2328174K(3106432K) icms_dc=100 , 0.0808756 secs] [Times: user=1.08 sys=0.01, real=0.08 secs] 
13699.237: [GC 13699.238: [ParNew: 45455K->22520K(353920K), 0.0906019 secs] 2335257K->2340609K(3106432K) icms_dc=100 , 0.0918181 secs] [Times: user=0.93 sys=0.02, real=0.09 secs] 
13699.634: [CMS-concurrent-sweep: 12.503/17.372 secs] [Times: user=392.99 sys=14.42, real=17.37 secs] 
13699.636: [CMS-concurrent-reset-start]
13699.684: [CMS-concurrent-reset: 0.048/0.048 secs] [Times: user=1.53 sys=0.05, real=0.05 secs] 
13700.199: [GC 13700.200: [ParNew: 338274K->34140K(353920K), 0.1003225 secs] 2643657K->2339523K(3106432K) icms_dc=75 , 0.1018879 secs] [Times: user=0.89 sys=0.02, real=0.10 secs] 
13700.338: [GC 13700.339: [ParNew: 34639K->8881K(353920K), 0.1189634 secs] 2340022K->2344687K(3106432K) icms_dc=75 , 0.1201847 secs] [Times: user=0.93 sys=0.02, real=0.12 secs] 
13700.747: [GC [1 CMS-initial-mark: 2335806K(2752512K)] 2442806K(3106432K), 0.5926029 secs] [Times: user=0.59 sys=0.00, real=0.59 secs] 
13701.342: [CMS-concurrent-mark-start]
13701.985: [GC 13701.986: [ParNew: 323505K->25657K(353920K), 0.0610672 secs] 2659311K->2361463K(3106432K) icms_dc=82 , 0.0627120 secs] [Times: user=0.98 sys=0.02, real=0.06 secs] 
13702.947: [GC 13702.948: [ParNew: 340531K->27720K(353920K), 0.1483174 secs] 2676338K->2375474K(3106432K) icms_dc=100 , 0.1500349 secs] [Times: user=1.52 sys=0.16, real=0.15 secs] 
13703.134: [GC 13703.135: [ParNew: 28368K->14474K(353920K), 0.0707480 secs] 2376122K->2384209K(3106432K) icms_dc=100 , 0.0719636 secs] [Times: user=0.89 sys=0.03, real=0.07 secs] 
13704.194: [GC 13704.195: [ParNew: 330743K->25385K(353920K), 0.1104482 secs] 2700478K->2395120K(3106432K) icms_dc=100 , 0.1120027 secs] [Times: user=1.14 sys=0.14, real=0.11 secs] 
13704.352: [GC 13704.353: [ParNew: 28747K->10610K(353920K), 0.0735263 secs] 2398483K->2402947K(3106432K) icms_dc=100 , 0.0747935 secs] [Times: user=0.94 sys=0.04, real=0.08 secs] 
13705.236: [GC 13705.237: [ParNew: 325234K->28197K(353920K), 0.0788149 secs] 2717571K->2420534K(3106432K) icms_dc=100 , 0.0804185 secs] [Times: user=0.92 sys=0.01, real=0.08 secs] 
13706.141: [GC 13706.142: [ParNew: 342821K->28322K(353920K), 0.1041738 secs] 2735158K->2433280K(3106432K) icms_dc=100 , 0.1057940 secs] [Times: user=1.18 sys=0.02, real=0.11 secs] 
13707.186: [GC 13707.187: [ParNew: 342946K->26455K(353920K), 0.1531095 secs] 2747904K->2442332K(3106432K) icms_dc=100 , 0.1546920 secs] [Times: user=1.48 sys=0.17, real=0.16 secs] 
13708.381: [GC 13708.382: [ParNew: 341079K->38231K(353920K), 0.0802695 secs] 2756956K->2454108K(3106432K) icms_dc=100 , 0.0818836 secs] [Times: user=1.05 sys=0.02, real=0.08 secs] 
13709.404: [GC 13709.405: [ParNew: 352855K->32699K(353920K), 0.1372085 secs] 2768732K->2466856K(3106432K) icms_dc=100 , 0.1387985 secs] [Times: user=1.24 sys=0.06, real=0.14 secs] 
13710.366: [GC 13710.367: [ParNew: 347323K->28684K(353920K), 0.0785070 secs] 2781480K->2462841K(3106432K) icms_dc=100 , 0.0800729 secs] [Times: user=1.01 sys=0.07, real=0.08 secs] 
13711.339: [GC 13711.340: [ParNew: 343308K->32401K(353920K), 0.0784577 secs] 2777465K->2472398K(3106432K) icms_dc=100 , 0.0800297 secs] [Times: user=1.14 sys=0.04, real=0.08 secs] 
13712.326: [GC 13712.327: [ParNew: 347025K->34514K(353920K), 0.0806603 secs] 2787022K->2482579K(3106432K) icms_dc=100 , 0.0822097 secs] [Times: user=1.03 sys=0.02, real=0.08 secs] 
13713.309: [GC 13713.310: [ParNew: 349138K->36204K(353920K), 0.1032905 secs] 2797203K->2490627K(3106432K) icms_dc=100 , 0.1048561 secs] [Times: user=1.15 sys=0.04, real=0.11 secs] 
13714.322: [GC 13714.323: [ParNew: 350828K->35325K(353920K), 0.0975508 secs] 2805251K->2495504K(3106432K) icms_dc=100 , 0.0991418 secs] [Times: user=1.14 sys=0.02, real=0.10 secs] 
13715.192: [GC 13715.194: [ParNew: 349949K->39104K(353920K), 0.0920739 secs] 2810128K->2506672K(3106432K) icms_dc=100 , 0.0937031 secs] [Times: user=1.15 sys=0.04, real=0.09 secs] 
13716.197: [GC 13716.198: [ParNew: 353728K->39296K(353920K), 0.0858601 secs] 2821296K->2516243K(3106432K) icms_dc=100 , 0.0874053 secs] [Times: user=1.18 sys=0.02, real=0.09 secs] 
13717.274: [GC 13717.275: [ParNew: 353920K->31444K(353920K), 0.1100624 secs] 2831428K->2524579K(3106432K) icms_dc=100 , 0.1116412 secs] [Times: user=1.23 sys=0.03, real=0.11 secs] 
13717.423: [GC 13717.423: [ParNew: 31621K->23677K(353920K), 0.0543266 secs] 2524756K->2516812K(3106432K) icms_dc=100 , 0.0555170 secs] [Times: user=0.76 sys=0.03, real=0.06 secs] 
13718.295: [GC 13718.296: [ParNew: 338301K->34496K(353920K), 0.0606951 secs] 2831436K->2527631K(3106432K) icms_dc=100 , 0.0622311 secs] [Times: user=0.98 sys=0.02, real=0.06 secs] 
13718.898: [CMS-concurrent-mark: 13.773/17.557 secs] [Times: user=441.78 sys=14.63, real=17.56 secs] 
13718.939: [CMS-concurrent-preclean-start]
13719.222: [GC 13719.223: [ParNew: 349120K->39295K(353920K), 0.1153968 secs] 2842255K->2540229K(3106432K) icms_dc=100 , 0.1169448 secs] [Times: user=1.23 sys=0.02, real=0.12 secs] 
13720.149: [GC 13720.150: [ParNew: 353919K->39296K(353920K), 0.1545087 secs] 2854853K->2549751K(3106432K) icms_dc=100 , 0.1560737 secs] [Times: user=1.59 sys=0.12, real=0.16 secs] 
13721.051: [GC 13721.052: [ParNew: 353920K->39296K(353920K), 0.1570577 secs] 2864375K->2559573K(3106432K) icms_dc=100 , 0.1585895 secs] [Times: user=1.49 sys=0.07, real=0.16 secs] 
13721.963: [GC 13721.983: [ParNew: 353920K->37343K(353920K), 0.1004006 secs] 2874197K->2565294K(3106432K) icms_dc=100 , 0.1019736 secs] [Times: user=1.32 sys=0.06, real=0.12 secs] 
13722.906: [GC 13722.908: [ParNew: 351936K->39182K(353920K), 0.1515851 secs] 2879887K->2574707K(3106432K) icms_dc=100 , 0.1531931 secs] [Times: user=1.50 sys=0.17, real=0.15 secs] 
13723.915: [GC 13723.917: [ParNew: 353806K->34325K(353920K), 0.0868994 secs] 2889331K->2576220K(3106432K) icms_dc=100 , 0.0885374 secs] [Times: user=1.18 sys=0.04, real=0.09 secs] 
13724.805: [GC 13724.806: [ParNew: 348982K->39296K(353920K), 0.1095873 secs] 2890878K->2590512K(3106432K) icms_dc=100 , 0.1111530 secs] [Times: user=1.19 sys=0.01, real=0.11 secs] 
13724.955: [GC 13724.955: [ParNew: 39886K->24721K(353920K), 0.0921820 secs] 2591103K->2606377K(3106432K) icms_dc=100 , 0.0933748 secs] [Times: user=1.13 sys=0.04, real=0.09 secs] 
13725.831: [GC 13725.832: [ParNew: 339345K->29218K(353920K), 0.0748353 secs] 2921001K->2610873K(3106432K) icms_dc=100 , 0.0764275 secs] [Times: user=1.03 sys=0.06, real=0.08 secs] 
13726.722: [GC 13726.723: [ParNew: 343842K->27391K(353920K), 0.0958415 secs] 2925497K->2622280K(3106432K) icms_dc=100 , 0.0974330 secs] [Times: user=1.20 sys=0.04, real=0.10 secs] 
13727.568: [GC 13727.569: [ParNew: 342015K->32665K(353920K), 0.1402720 secs] 2936904K->2636033K(3106432K) icms_dc=100 , 0.1418330 secs] [Times: user=1.46 sys=0.16, real=0.14 secs] 
13728.505: [GC 13728.506: [ParNew: 347289K->35686K(353920K), 0.1725163 secs] 2950657K->2650608K(3106432K) icms_dc=100 , 0.1740895 secs] [Times: user=1.58 sys=0.12, real=0.17 secs] 
13729.514: [GC 13729.515: [ParNew: 351452K->36595K(353920K), 0.1185718 secs] 2966374K->2661774K(3106432K) icms_dc=100 , 0.1201332 secs] [Times: user=1.30 sys=0.11, real=0.12 secs] 
13729.672: [GC 13729.673: [ParNew: 37332K->9772K(353920K), 0.0744603 secs] 2662511K->2657514K(3106432K) icms_dc=100 , 0.0756644 secs] [Times: user=0.95 sys=0.03, real=0.08 secs] 
13730.317: [CMS-concurrent-preclean: 8.024/11.379 secs] [Times: user=276.39 sys=9.48, real=11.38 secs] 
13730.319: [CMS-concurrent-abortable-preclean-start]
13730.346: [CMS-concurrent-abortable-preclean: 0.026/0.027 secs] [Times: user=0.65 sys=0.02, real=0.03 secs] 
13730.399: [GC[YG occupancy: 282271 K (353920 K)]13730.399: [Rescan (parallel) , 0.1870749 secs]13730.587: [weak refs processing, 0.0403085 secs] [1 CMS-remark: 2647742K(2752512K)] 2930013K(3106432K), 0.2338652 secs] [Times: user=3.08 sys=0.10, real=0.23 secs] 
13730.634: [CMS-concurrent-sweep-start]
13730.794: [GC 13730.795: [ParNew: 324396K->27460K(353920K), 0.0960972 secs] 2972138K->2675202K(3106432K) icms_dc=100 , 0.0976567 secs] [Times: user=1.15 sys=0.02, real=0.10 secs] 
13731.660: [GC 13731.661: [ParNew: 342320K->25473K(353920K), 0.1024087 secs] 2990060K->2686965K(3106432K) icms_dc=100 , 0.1039643 secs] [Times: user=1.23 sys=0.02, real=0.10 secs] 
13731.802: [GC 13731.803: [ParNew: 25771K->12870K(353920K), 0.0851239 secs] 2687263K->2694280K(3106432K) icms_dc=100 , 0.0863682 secs] [Times: user=0.99 sys=0.04, real=0.09 secs] 
13732.696: [GC 13732.697: [ParNew: 328310K->27906K(353920K), 0.2047401 secs] 3009715K->2709312K(3106432K) icms_dc=100 , 0.2063019 secs] [Times: user=1.53 sys=0.17, real=0.21 secs] 
13732.939: [GC 13732.940: [ParNew: 28251K->7682K(353920K), 0.1642286 secs] 2709657K->2714661K(3106432K) icms_dc=100 , 0.1654492 secs] [Times: user=1.31 sys=0.15, real=0.17 secs] 
13733.921: [GC 13733.923: [ParNew: 322955K->30686K(353920K), 0.1040978 secs] 3029927K->2737658K(3106432K) icms_dc=100 , 0.1057044 secs] [Times: user=1.07 sys=0.02, real=0.11 secs] 
13734.893: [GC 13734.894: [ParNew (promotion failed): 347603K->353583K(353920K), 1.8464219 secs]13736.741: [CMS13743.350: [CMS-concurrent-sweep: 9.324/12.715 secs] [Times: user=108.16 sys=4.41, real=12.72 secs] 
 (concurrent mode failure): 2714356K->1614381K(2752512K), 43.9899411 secs] 3054550K->1614381K(3106432K), [CMS Perm : 206295K->205009K(402264K)] icms_dc=100 , 45.8382102 secs] [Times: user=46.76 sys=1.31, real=45.84 secs] 
13780.843: [GC [1 CMS-initial-mark: 1614381K(2752512K)] 1614646K(3106432K), 0.2477529 secs] [Times: user=0.25 sys=0.00, real=0.25 secs] 
13781.092: [CMS-concurrent-mark-start]
13781.203: [GC 13781.204: [ParNew: 597K->18689K(353920K), 0.0486289 secs] 1614978K->1633070K(3106432K) icms_dc=100 , 0.0498303 secs] [Times: user=0.51 sys=0.05, real=0.05 secs] 
13783.380: [GC 13783.382: [ParNew: 333317K->33832K(353920K), 0.1165112 secs] 1947698K->1648213K(3106432K) icms_dc=100 , 0.1181938 secs] [Times: user=1.09 sys=0.06, real=0.12 secs] 
13783.641: [GC 13783.642: [ParNew: 34418K->8779K(353920K), 0.1191525 secs] 1648800K->1656831K(3106432K) icms_dc=100 , 0.1203568 secs] [Times: user=1.17 sys=0.07, real=0.12 secs] 
13784.926: [GC 13784.927: [ParNew: 323467K->24056K(353920K), 0.0694180 secs] 1971520K->1672108K(3106432K) icms_dc=100 , 0.0711383 secs] [Times: user=0.87 sys=0.03, real=0.07 secs] 
13785.061: [GC 13785.061: [ParNew: 35774K->11174K(353920K), 0.0861845 secs] 1683827K->1680117K(3106432K) icms_dc=100 , 0.0874208 secs] [Times: user=0.85 sys=0.03, real=0.09 secs] 
13785.920: [GC 13785.921: [ParNew: 325798K->27833K(353920K), 0.0857194 secs] 1994741K->1696776K(3106432K) icms_dc=100 , 0.0872694 secs] [Times: user=0.98 sys=0.06, real=0.09 secs] 
13786.889: [GC 13786.890: [ParNew: 342457K->22623K(353920K), 0.0875566 secs] 2011400K->1706465K(3106432K) icms_dc=100 , 0.0891051 secs] [Times: user=0.99 sys=0.02, real=0.09 secs] 
13787.727: [GC 13787.728: [ParNew: 337247K->39296K(353920K), 0.0732444 secs] 2021089K->1723631K(3106432K) icms_dc=100 , 0.0748212 secs] [Times: user=0.99 sys=0.03, real=0.08 secs] 
13788.849: [GC 13788.851: [ParNew: 353920K->33538K(353920K), 0.1159947 secs] 2038255K->1736372K(3106432K) icms_dc=100 , 0.1176176 secs] [Times: user=1.29 sys=0.08, real=0.12 secs] 
13789.803: [GC 13789.804: [ParNew: 348162K->31557K(353920K), 0.0809008 secs] 2050996K->1741805K(3106432K) icms_dc=100 , 0.0824412 secs] [Times: user=0.98 sys=0.02, real=0.08 secs] 
13790.709: [GC 13790.711: [ParNew: 346181K->33203K(353920K), 0.0783730 secs] 2056429K->1743451K(3106432K) icms_dc=100 , 0.0799086 secs] [Times: user=0.96 sys=0.05, real=0.08 secs] 
13791.582: [GC 13791.584: [ParNew: 347789K->39296K(353920K), 0.1278598 secs] 2058037K->1759398K(3106432K) icms_dc=100 , 0.1294417 secs] [Times: user=1.11 sys=0.04, real=0.13 secs] 
13792.559: [GC 13792.560: [ParNew: 353920K->39296K(353920K), 0.2336950 secs] 2074022K->1769059K(3106432K) icms_dc=100 , 0.2352233 secs] [Times: user=1.95 sys=0.34, real=0.24 secs] 
13793.659: [GC 13793.660: [ParNew: 353920K->37306K(353920K), 0.0899442 secs] 2083683K->1784850K(3106432K) icms_dc=100 , 0.0915352 secs] [Times: user=1.14 sys=0.03, real=0.09 secs] 
13794.650: [GC 13794.651: [ParNew: 352115K->34569K(353920K), 0.1190558 secs] 2099659K->1793690K(3106432K) icms_dc=100 , 0.1205996 secs] [Times: user=1.18 sys=0.10, real=0.12 secs] 
13794.811: [GC 13794.811: [ParNew: 36195K->20801K(353920K), 0.0854983 secs] 1795315K->1802599K(3106432K) icms_dc=100 , 0.0867110 secs] [Times: user=0.83 sys=0.03, real=0.09 secs] 
13795.700: [GC 13795.701: [ParNew: 335687K->31583K(353920K), 0.1167841 secs] 2117484K->1813381K(3106432K) icms_dc=100 , 0.1183018 secs] [Times: user=1.16 sys=0.09, real=0.12 secs] 
13795.857: [GC 13795.858: [ParNew: 32275K->13041K(353920K), 0.0826383 secs] 1814072K->1823844K(3106432K) icms_dc=100 , 0.0838155 secs] [Times: user=0.91 sys=0.03, real=0.08 secs] 
13796.771: [GC 13796.772: [ParNew: 327665K->24564K(353920K), 0.2106485 secs] 2138468K->1835367K(3106432K) icms_dc=100 , 0.2122247 secs] [Times: user=1.25 sys=0.17, real=0.21 secs] 
13797.755: [GC 13797.756: [ParNew: 340069K->32034K(353920K), 0.1325905 secs] 2150872K->1854604K(3106432K) icms_dc=100 , 0.1341578 secs] [Times: user=1.28 sys=0.09, real=0.13 secs] 
13798.690: [GC 13798.691: [ParNew: 346824K->35548K(353920K), 0.1446725 secs] 2169393K->1869878K(3106432K) icms_dc=100 , 0.1462975 secs] [Times: user=1.43 sys=0.15, real=0.15 secs] 
13798.922: [GC 13798.922: [ParNew: 53236K->21248K(353920K), 0.0832872 secs] 1887566K->1880989K(3106432K) icms_dc=100 , 0.0846282 secs] [Times: user=0.95 sys=0.05, real=0.09 secs] 
13799.951: [GC 13799.953: [ParNew: 336468K->30633K(353920K), 0.0885438 secs] 2196209K->1890375K(3106432K) icms_dc=100 , 0.0900608 secs] [Times: user=0.93 sys=0.03, real=0.09 secs] 
13800.079: [GC 13800.080: [ParNew: 31205K->13498K(353920K), 0.0738129 secs] 1890946K->1900177K(3106432K) icms_dc=100 , 0.0750053 secs] [Times: user=0.88 sys=0.04, real=0.08 secs] 
13801.141: [GC 13801.142: [ParNew: 328122K->30194K(353920K), 0.1119337 secs] 2214801K->1916873K(3106432K) icms_dc=100 , 0.1135269 secs] [Times: user=1.18 sys=0.16, real=0.11 secs] 
13802.095: [GC 13802.096: [ParNew: 344818K->25559K(353920K), 0.1243182 secs] 2231497K->1923581K(3106432K) icms_dc=100 , 0.1259072 secs] [Times: user=1.24 sys=0.11, real=0.13 secs] 
13802.989: [GC 13802.990: [ParNew: 340183K->30910K(353920K), 0.1243820 secs] 2238205K->1939966K(3106432K) icms_dc=100 , 0.1259485 secs] [Times: user=1.20 sys=0.06, real=0.13 secs] 
13804.068: [GC 13804.069: [ParNew: 345742K->25195K(353920K), 0.1726710 secs] 2254798K->1946943K(3106432K) icms_dc=100 , 0.1742033 secs] [Times: user=1.40 sys=0.17, real=0.17 secs] 
13804.289: [GC 13804.290: [ParNew: 30279K->23597K(353920K), 0.0782468 secs] 1952027K->1945345K(3106432K) icms_dc=100 , 0.0794417 secs] [Times: user=0.91 sys=0.09, real=0.08 secs] 
13805.238: [GC 13805.239: [ParNew: 338221K->39129K(353920K), 0.1727608 secs] 2259969K->1960876K(3106432K) icms_dc=100 , 0.1743204 secs] [Times: user=1.47 sys=0.28, real=0.17 secs] 
13806.281: [GC 13806.282: [ParNew: 353753K->27495K(353920K), 0.0920773 secs] 2275500K->1967917K(3106432K) icms_dc=100 , 0.0936313 secs] [Times: user=1.12 sys=0.04, real=0.09 secs] 
13807.275: [GC 13807.277: [ParNew: 342119K->37340K(353920K), 0.0906070 secs] 2282541K->1977761K(3106432K) icms_dc=100 , 0.0921630 secs] [Times: user=0.83 sys=0.02, real=0.09 secs] 
13808.186: [CMS-concurrent-mark: 17.608/27.094 secs] [Times: user=622.86 sys=20.13, real=27.09 secs] 
13808.227: [CMS-concurrent-preclean-start]
13808.277: [GC 13808.278: [ParNew: 352554K->26758K(353920K), 0.0912288 secs] 2292976K->1984505K(3106432K) icms_dc=100 , 0.0927562 secs] [Times: user=1.13 sys=0.04, real=0.09 secs] 
13808.433: [GC 13808.433: [ParNew: 30643K->26014K(353920K), 0.0671621 secs] 1988391K->1983761K(3106432K) icms_dc=100 , 0.0683869 secs] [Times: user=0.80 sys=0.05, real=0.07 secs] 
13809.351: [GC 13809.352: [ParNew: 340638K->35088K(353920K), 0.1223289 secs] 2298385K->1992836K(3106432K) icms_dc=100 , 0.1239145 secs] [Times: user=1.18 sys=0.15, real=0.12 secs] 
13810.208: [GC 13810.209: [ParNew: 349712K->37374K(353920K), 0.1069687 secs] 2307460K->2001168K(3106432K) icms_dc=100 , 0.1085759 secs] [Times: user=1.25 sys=0.11, real=0.11 secs] 
13811.126: [GC 13811.127: [ParNew: 351947K->37436K(353920K), 0.0913829 secs] 2315741K->2008416K(3106432K) icms_dc=100 , 0.0930026 secs] [Times: user=1.12 sys=0.06, real=0.09 secs] 
13812.051: [GC 13812.052: [ParNew: 352060K->39296K(353920K), 0.0773660 secs] 2323040K->2017351K(3106432K) icms_dc=100 , 0.0788997 secs] [Times: user=1.07 sys=0.02, real=0.08 secs] 
13813.237: [GC 13813.238: [ParNew: 353920K->38960K(353920K), 0.1355173 secs] 2331975K->2025598K(3106432K) icms_dc=100 , 0.1370361 secs] [Times: user=1.25 sys=0.03, real=0.14 secs] 
13814.140: [GC 13814.141: [ParNew: 353584K->39296K(353920K), 0.1311372 secs] 2340222K->2035175K(3106432K) icms_dc=100 , 0.1326860 secs] [Times: user=1.21 sys=0.07, real=0.13 secs] 
13815.122: [GC 13815.123: [ParNew: 353920K->39296K(353920K), 0.0821486 secs] 2349799K->2042739K(3106432K) icms_dc=100 , 0.0837056 secs] [Times: user=1.06 sys=0.02, real=0.08 secs] 
13816.363: [GC 13816.364: [ParNew: 353920K->37164K(353920K), 0.0888039 secs] 2357363K->2047776K(3106432K) icms_dc=100 , 0.0903850 secs] [Times: user=1.04 sys=0.03, real=0.09 secs] 
13817.264: [GC 13817.265: [ParNew: 351788K->36930K(353920K), 0.0751846 secs] 2362400K->2054945K(3106432K) icms_dc=100 , 0.0767234 secs] [Times: user=1.05 sys=0.03, real=0.08 secs] 
13818.190: [GC 13818.191: [ParNew: 351531K->35644K(353920K), 0.0856557 secs] 2369545K->2060315K(3106432K) icms_dc=100 , 0.0872140 secs] [Times: user=1.14 sys=0.04, real=0.09 secs] 
13819.089: [CMS-concurrent-preclean: 7.779/10.862 secs] [Times: user=253.68 sys=8.69, real=10.86 secs] 
13819.126: [GC 13819.127: [ParNew: 350268K->39296K(353920K), 0.2245465 secs] 2374939K->2070077K(3106432K) icms_dc=100 , 0.2261222 secs] [Times: user=1.95 sys=0.38, real=0.23 secs] 
13819.391: [GC[YG occupancy: 39376 K (353920 K)]13819.391: [Rescan (parallel) , 0.0856182 secs]13819.477: [weak refs processing, 0.0001983 secs] [1 CMS-remark: 2030781K(2752512K)] 2070157K(3106432K), 0.0863098 secs] [Times: user=1.35 sys=0.05, real=0.09 secs] 
13819.479: [CMS-concurrent-sweep-start]
13820.251: [GC 13820.252: [ParNew: 353920K->39294K(353920K), 0.1181501 secs] 2384701K->2076083K(3106432K) icms_dc=100 , 0.1198045 secs] [Times: user=1.26 sys=0.09, real=0.12 secs] 
13821.080: [GC 13821.081: [ParNew: 353918K->38650K(353920K), 0.1128103 secs] 2390700K->2084269K(3106432K) icms_dc=100 , 0.1143975 secs] [Times: user=1.14 sys=0.05, real=0.12 secs] 
13822.007: [GC 13822.009: [ParNew: 353274K->36093K(353920K), 0.0932310 secs] 2398893K->2088826K(3106432K) icms_dc=100 , 0.0948478 secs] [Times: user=1.05 sys=0.02, real=0.10 secs] 
13822.839: [GC 13822.841: [ParNew: 350717K->37559K(353920K), 0.0904448 secs] 2403450K->2096472K(3106432K) icms_dc=100 , 0.0919926 secs] [Times: user=1.08 sys=0.02, real=0.09 secs] 
13823.655: [GC 13823.656: [ParNew: 352183K->39296K(353920K), 0.0777666 secs] 2411095K->2106933K(3106432K) icms_dc=100 , 0.0793200 secs] [Times: user=0.99 sys=0.01, real=0.08 secs] 
13824.518: [GC 13824.519: [ParNew: 353920K->34504K(353920K), 0.1665628 secs] 2421554K->2118111K(3106432K) icms_dc=100 , 0.1680932 secs] [Times: user=1.55 sys=0.20, real=0.17 secs] 
13825.436: [GC 13825.437: [ParNew: 349128K->28433K(353920K), 0.2198131 secs] 2432731K->2120963K(3106432K) icms_dc=100 , 0.2213896 secs] [Times: user=1.84 sys=0.31, real=0.22 secs] 
13826.731: [GC 13826.732: [ParNew: 343057K->31388K(353920K), 0.1671850 secs] 2435583K->2135011K(3106432K) icms_dc=100 , 0.1686706 secs] [Times: user=1.50 sys=0.22, real=0.17 secs] 
13827.639: [GC 13827.640: [ParNew: 346012K->34332K(353920K), 0.1286158 secs] 2449630K->2149447K(3106432K) icms_dc=100 , 0.1301464 secs] [Times: user=1.33 sys=0.10, real=0.13 secs] 
13828.525: [GC 13828.526: [ParNew: 348956K->30479K(353920K), 0.1199826 secs] 2464062K->2153634K(3106432K) icms_dc=100 , 0.1215463 secs] [Times: user=1.28 sys=0.13, real=0.12 secs] 
13829.511: [GC 13829.512: [ParNew: 345103K->30435K(353920K), 0.0751958 secs] 2468234K->2164354K(3106432K) icms_dc=100 , 0.0767690 secs] [Times: user=0.97 sys=0.02, real=0.08 secs] 
13830.653: [GC 13830.654: [ParNew: 345059K->31451K(353920K), 0.1951078 secs] 2478969K->2173300K(3106432K) icms_dc=100 , 0.1966531 secs] [Times: user=1.54 sys=0.25, real=0.20 secs] 
13831.614: [GC 13831.615: [ParNew: 347249K->29186K(353920K), 0.2163187 secs] 2489096K->2182412K(3106432K) icms_dc=100 , 0.2178621 secs] [Times: user=1.70 sys=0.30, real=0.22 secs] 
13831.870: [GC 13831.871: [ParNew: 29658K->12786K(353920K), 0.0741713 secs] 2182884K->2186623K(3106432K) icms_dc=100 , 0.0754216 secs] [Times: user=0.88 sys=0.03, real=0.08 secs] 
13832.660: [GC 13832.661: [ParNew: 327410K->25035K(353920K), 0.0500346 secs] 2501244K->2198869K(3106432K) icms_dc=100 , 0.0516243 secs] [Times: user=0.80 sys=0.01, real=0.05 secs] 
13833.547: [GC 13833.548: [ParNew: 339659K->26840K(353920K), 0.0867879 secs] 2513454K->2215849K(3106432K) icms_dc=100 , 0.0883414 secs] [Times: user=1.07 sys=0.03, real=0.09 secs] 
13834.464: [GC 13834.465: [ParNew: 341464K->25385K(353920K), 0.1418047 secs] 2530463K->2224518K(3106432K) icms_dc=100 , 0.1433675 secs] [Times: user=1.50 sys=0.15, real=0.14 secs] 
13835.668: [GC 13835.669: [ParNew: 340009K->37059K(353920K), 0.1199255 secs] 2539084K->2236134K(3106432K) icms_dc=100 , 0.1214703 secs] [Times: user=1.24 sys=0.14, real=0.12 secs] 
13836.962: [GC 13836.963: [ParNew: 351683K->28073K(353920K), 0.1013890 secs] 2550718K->2244136K(3106432K) icms_dc=100 , 0.1029297 secs] [Times: user=1.09 sys=0.03, real=0.10 secs] 
13837.852: [GC 13837.865: [ParNew: 342697K->36127K(353920K), 0.0589841 secs] 2558032K->2251462K(3106432K) icms_dc=100 , 0.0605295 secs] [Times: user=0.83 sys=0.01, real=0.07 secs] 
13838.547: [CMS-concurrent-sweep: 14.183/19.068 secs] [Times: user=449.57 sys=15.00, real=19.07 secs] 
13838.549: [CMS-concurrent-reset-start]
13838.631: [CMS-concurrent-reset: 0.082/0.082 secs] [Times: user=2.46 sys=0.06, real=0.08 secs] 
13838.895: [GC 13838.896: [ParNew: 351537K->37123K(353920K), 0.0775707 secs] 2541662K->2234122K(3106432K) icms_dc=75 , 0.0791483 secs] [Times: user=0.98 sys=0.02, real=0.08 secs] 
13839.108: [GC [1 CMS-initial-mark: 2196999K(2752512K)] 2273534K(3106432K), 0.4548249 secs] [Times: user=0.46 sys=0.00, real=0.46 secs] 
13839.564: [CMS-concurrent-mark-start]
13840.400: [GC 13840.402: [ParNew: 351732K->34807K(353920K), 0.0894597 secs] 2548731K->2238918K(3106432K) icms_dc=75 , 0.0910360 secs] [Times: user=1.06 sys=0.04, real=0.09 secs] 
13841.418: [GC 13841.420: [ParNew: 349431K->36331K(353920K), 0.1045937 secs] 2553542K->2247360K(3106432K) icms_dc=75 , 0.1061498 secs] [Times: user=1.15 sys=0.06, real=0.11 secs] 
13842.240: [GC 13842.241: [ParNew: 350955K->33318K(353920K), 0.0951681 secs] 2561984K->2248901K(3106432K) icms_dc=75 , 0.0966379 secs] [Times: user=0.97 sys=0.02, real=0.10 secs] 
13843.101: [GC 13843.102: [ParNew: 347942K->36139K(353920K), 0.0740473 secs] 2563525K->2257284K(3106432K) icms_dc=75 , 0.0756659 secs] [Times: user=1.05 sys=0.02, real=0.08 secs] 
13843.979: [GC 13843.980: [ParNew: 350763K->37645K(353920K), 0.0671482 secs] 2571908K->2264594K(3106432K) icms_dc=75 , 0.0686939 secs] [Times: user=1.00 sys=0.02, real=0.07 secs] 
13844.872: [GC 13844.873: [ParNew: 352612K->36195K(353920K), 0.0672216 secs] 2579561K->2271310K(3106432K) icms_dc=75 , 0.0687931 secs] [Times: user=1.01 sys=0.02, real=0.07 secs] 
13844.979: [GC 13844.980: [ParNew: 36698K->28801K(353920K), 0.0580368 secs] 2271813K->2271559K(3106432K) icms_dc=93 , 0.0592247 secs] [Times: user=0.86 sys=0.02, real=0.06 secs] 
13845.824: [GC 13845.825: [ParNew: 343453K->38603K(353920K), 0.1223695 secs] 2586211K->2281361K(3106432K) icms_dc=93 , 0.1240096 secs] [Times: user=1.18 sys=0.05, real=0.12 secs] 
13845.986: [GC 13845.987: [ParNew: 39123K->22130K(353920K), 0.0940229 secs] 2281881K->2295225K(3106432K) icms_dc=93 , 0.0952506 secs] [Times: user=1.10 sys=0.04, real=0.10 secs] 
13846.945: [GC 13846.946: [ParNew: 336996K->28816K(353920K), 0.0686123 secs] 2610092K->2301912K(3106432K) icms_dc=93 , 0.0701684 secs] [Times: user=0.97 sys=0.05, real=0.07 secs] 
13847.053: [GC 13847.054: [ParNew: 29196K->9872K(353920K), 0.0789698 secs] 2302292K->2308039K(3106432K) icms_dc=93 , 0.0801702 secs] [Times: user=0.94 sys=0.04, real=0.08 secs] 
13848.010: [GC 13848.011: [ParNew: 324496K->27192K(353920K), 0.1149040 secs] 2622663K->2325359K(3106432K) icms_dc=93 , 0.1165985 secs] [Times: user=1.16 sys=0.15, real=0.12 secs] 
13849.100: [GC 13849.101: [ParNew: 341816K->25011K(353920K), 0.0835228 secs] 2639983K->2333229K(3106432K) icms_dc=93 , 0.0850656 secs] [Times: user=1.08 sys=0.03, real=0.09 secs] 
13850.016: [GC 13850.017: [ParNew: 339635K->34462K(353920K), 0.1285488 secs] 2647853K->2342679K(3106432K) icms_dc=93 , 0.1300967 secs] [Times: user=1.39 sys=0.16, real=0.13 secs] 
13850.961: [GC 13850.962: [ParNew: 349132K->38313K(353920K), 0.0750447 secs] 2657350K->2355163K(3106432K) icms_dc=93 , 0.0765880 secs] [Times: user=1.08 sys=0.02, real=0.08 secs] 
13851.976: [GC 13851.977: [ParNew: 352566K->36568K(353920K), 0.1058598 secs] 2669416K->2360810K(3106432K) icms_dc=93 , 0.1075205 secs] [Times: user=1.10 sys=0.02, real=0.11 secs] 
13852.991: [GC 13852.992: [ParNew: 351192K->39296K(353920K), 0.1121702 secs] 2675434K->2370509K(3106432K) icms_dc=93 , 0.1138064 secs] [Times: user=1.24 sys=0.04, real=0.11 secs] 
13854.079: [GC 13854.080: [ParNew: 353920K->35972K(353920K), 0.1020637 secs] 2685995K->2384620K(3106432K) icms_dc=93 , 0.1038566 secs] [Times: user=1.27 sys=0.03, real=0.10 secs] 
13855.261: [GC 13855.262: [ParNew: 350596K->24435K(353920K), 0.0873966 secs] 2699244K->2381616K(3106432K) icms_dc=93 , 0.0889621 secs] [Times: user=1.04 sys=0.04, real=0.09 secs] 
13856.175: [GC 13856.176: [ParNew: 339059K->36319K(353920K), 0.1094581 secs] 2696240K->2393500K(3106432K) icms_dc=93 , 0.1109794 secs] [Times: user=1.24 sys=0.11, real=0.11 secs] 
13857.348: [GC 13857.349: [ParNew: 351018K->39032K(353920K), 0.2030676 secs] 2708198K->2405288K(3106432K) icms_dc=93 , 0.2046496 secs] [Times: user=1.41 sys=0.17, real=0.21 secs] 
13857.759: [CMS-concurrent-mark: 13.141/18.195 secs] [Times: user=448.23 sys=14.14, real=18.20 secs] 
13857.760: [CMS-concurrent-preclean-start]
13858.481: [GC 13858.482: [ParNew: 353656K->39296K(353920K), 0.1585601 secs] 2719912K->2414613K(3106432K) icms_dc=93 , 0.1601679 secs] [Times: user=1.41 sys=0.11, real=0.16 secs] 
13859.596: [GC 13859.597: [ParNew: 353920K->31139K(353920K), 0.1268190 secs] 2729258K->2423324K(3106432K) icms_dc=93 , 0.1284641 secs] [Times: user=1.41 sys=0.08, real=0.13 secs] 
13860.682: [GC 13860.683: [ParNew: 345796K->32634K(353920K), 0.0630268 secs] 2737981K->2424818K(3106432K) icms_dc=93 , 0.0646033 secs] [Times: user=0.92 sys=0.02, real=0.07 secs] 
13861.804: [GC 13861.805: [ParNew: 347258K->36844K(353920K), 0.1071414 secs] 2739442K->2436140K(3106432K) icms_dc=93 , 0.1087266 secs] [Times: user=1.13 sys=0.02, real=0.11 secs] 
13862.713: [GC 13862.714: [ParNew: 351633K->39296K(353920K), 0.1469458 secs] 2750929K->2447778K(3106432K) icms_dc=93 , 0.1485131 secs] [Times: user=1.43 sys=0.05, real=0.15 secs] 
13862.900: [GC 13862.901: [ParNew: 39862K->30996K(353920K), 0.0905857 secs] 2448344K->2448392K(3106432K) icms_dc=100 , 0.0917990 secs] [Times: user=1.04 sys=0.02, real=0.09 secs] 
13863.856: [GC 13863.857: [ParNew: 345716K->31603K(353920K), 0.0698456 secs] 2763112K->2448999K(3106432K) icms_dc=100 , 0.0714190 secs] [Times: user=0.92 sys=0.01, real=0.07 secs] 
13863.965: [GC 13863.966: [ParNew: 32181K->27613K(353920K), 0.0700185 secs] 2449577K->2453561K(3106432K) icms_dc=100 , 0.0712542 secs] [Times: user=0.92 sys=0.02, real=0.07 secs] 
13864.995: [GC 13864.996: [ParNew: 342237K->39296K(353920K), 0.0717566 secs] 2768185K->2466138K(3106432K) icms_dc=100 , 0.0733259 secs] [Times: user=0.91 sys=0.01, real=0.07 secs] 
13865.239: [CMS-concurrent-preclean: 4.972/7.478 secs] [Times: user=168.54 sys=6.45, real=7.48 secs] 
13865.240: [CMS-concurrent-abortable-preclean-start]
13865.929: [GC 13865.930: [ParNew: 353920K->37898K(353920K), 0.0975151 secs] 2780762K->2472985K(3106432K) icms_dc=100 , 0.0991249 secs] [Times: user=1.19 sys=0.04, real=0.10 secs] 
13866.264: [CMS-concurrent-abortable-preclean: 0.805/1.024 secs] [Times: user=23.80 sys=0.98, real=1.02 secs] 
13866.305: [GC[YG occupancy: 132025 K (353920 K)]13866.305: [Rescan (parallel) , 0.1318844 secs]13866.437: [weak refs processing, 0.0276167 secs] [1 CMS-remark: 2435086K(2752512K)] 2567112K(3106432K), 0.1644138 secs] [Times: user=2.12 sys=0.05, real=0.17 secs] 
13866.471: [CMS-concurrent-sweep-start]
13867.055: [GC 13867.056: [ParNew: 352522K->39296K(353920K), 0.2253267 secs] 2787606K->2486135K(3106432K) icms_dc=100 , 0.2268843 secs] [Times: user=1.60 sys=0.22, real=0.23 secs] 
13868.155: [GC 13868.156: [ParNew: 353841K->39296K(353920K), 0.1379138 secs] 2800620K->2492763K(3106432K) icms_dc=100 , 0.1395394 secs] [Times: user=1.57 sys=0.13, real=0.14 secs] 
13869.155: [GC 13869.156: [ParNew: 353920K->39296K(353920K), 0.0931874 secs] 2807231K->2500413K(3106432K) icms_dc=100 , 0.0947722 secs] [Times: user=1.20 sys=0.03, real=0.10 secs] 
13870.120: [GC 13870.121: [ParNew: 353920K->39296K(353920K), 0.1444217 secs] 2814646K->2510923K(3106432K) icms_dc=100 , 0.1459992 secs] [Times: user=1.15 sys=0.02, real=0.15 secs] 
13871.067: [GC 13871.068: [ParNew: 353920K->39296K(353920K), 0.1894093 secs] 2825486K->2519657K(3106432K) icms_dc=100 , 0.1910241 secs] [Times: user=1.63 sys=0.21, real=0.19 secs] 
13872.130: [GC 13872.131: [ParNew: 353920K->39296K(353920K), 0.1726829 secs] 2834049K->2529054K(3106432K) icms_dc=100 , 0.1742668 secs] [Times: user=1.70 sys=0.22, real=0.17 secs] 
13873.185: [GC 13873.187: [ParNew: 353920K->39296K(353920K), 0.1358888 secs] 2843312K->2539121K(3106432K) icms_dc=100 , 0.1495553 secs] [Times: user=1.34 sys=0.07, real=0.15 secs] 
13874.236: [GC 13874.238: [ParNew: 353920K->39296K(353920K), 0.1045883 secs] 2852783K->2547657K(3106432K) icms_dc=100 , 0.1062223 secs] [Times: user=1.26 sys=0.02, real=0.11 secs] 
13875.160: [GC 13875.162: [ParNew: 353920K->39296K(353920K), 0.1626139 secs] 2855099K->2549606K(3106432K) icms_dc=100 , 0.1642212 secs] [Times: user=1.55 sys=0.16, real=0.16 secs] 
13876.230: [GC 13876.231: [ParNew: 353920K->33433K(353920K), 0.1376603 secs] 2864173K->2560092K(3106432K) icms_dc=100 , 0.1393239 secs] [Times: user=1.54 sys=0.13, real=0.14 secs] 
13876.407: [GC 13876.408: [ParNew: 33655K->4966K(353920K), 0.0704541 secs] 2560314K->2551683K(3106432K) icms_dc=100 , 0.0717296 secs] [Times: user=0.91 sys=0.04, real=0.07 secs] 
13877.386: [GC 13877.387: [ParNew: 319590K->24719K(353920K), 0.0671321 secs] 2866097K->2571226K(3106432K) icms_dc=100 , 0.0689878 secs] [Times: user=0.89 sys=0.02, real=0.07 secs] 
13878.212: [GC 13878.213: [ParNew: 339343K->23201K(353920K), 0.1430260 secs] 2885714K->2582475K(3106432K) icms_dc=100 , 0.1445671 secs] [Times: user=1.60 sys=0.15, real=0.15 secs] 
13879.252: [GC 13879.253: [ParNew: 337825K->37845K(353920K), 0.1863286 secs] 2891264K->2591284K(3106432K) icms_dc=100 , 0.1878774 secs] [Times: user=1.59 sys=0.26, real=0.19 secs] 
13880.333: [GC 13880.335: [ParNew: 352469K->39296K(353920K), 0.1171133 secs] 2902369K->2598782K(3106432K) icms_dc=100 , 0.1187382 secs] [Times: user=1.28 sys=0.03, real=0.12 secs] 
13881.349: [GC 13881.350: [ParNew: 353920K->39296K(353920K), 0.0878943 secs] 2908561K->2603612K(3106432K) icms_dc=100 , 0.0894786 secs] [Times: user=1.15 sys=0.03, real=0.09 secs] 
13882.188: [GC 13882.189: [ParNew: 353756K->39296K(353920K), 0.0986765 secs] 2901176K->2595962K(3106432K) icms_dc=100 , 0.1003165 secs] [Times: user=1.24 sys=0.03, real=0.10 secs] 
13883.074: [GC 13883.075: [ParNew: 353920K->34385K(353920K), 0.0901658 secs] 2862037K->2557254K(3106432K) icms_dc=100 , 0.0918465 secs] [Times: user=1.18 sys=0.02, real=0.09 secs] 
13883.909: [GC 13883.910: [ParNew: 349009K->34688K(353920K), 0.1848843 secs] 2835357K->2530029K(3106432K) icms_dc=100 , 0.1864366 secs] [Times: user=1.81 sys=0.16, real=0.19 secs] 
13884.838: [GC 13884.839: [ParNew: 349761K->35662K(353920K), 0.1412763 secs] 2797400K->2493945K(3106432K) icms_dc=100 , 0.1428173 secs] [Times: user=1.25 sys=0.01, real=0.14 secs] 
13885.072: [GC 13885.073: [ParNew: 58401K->21279K(353920K), 0.2569364 secs] 2515529K->2497603K(3106432K) icms_dc=100 , 0.2582536 secs] [Times: user=1.40 sys=0.15, real=0.26 secs] 
13886.072: [GC 13886.073: [ParNew: 335903K->29369K(353920K), 0.0606232 secs] 2775094K->2468560K(3106432K) icms_dc=100 , 0.0621695 secs] [Times: user=0.94 sys=0.01, real=0.06 secs] 
13887.056: [GC 13887.057: [ParNew: 344380K->38612K(353920K), 0.1354145 secs] 2747862K->2456747K(3106432K) icms_dc=100 , 0.1370338 secs] [Times: user=1.47 sys=0.06, real=0.14 secs] 
13887.231: [GC 13887.231: [ParNew: 39047K->16354K(353920K), 0.0736452 secs] 2457155K->2467181K(3106432K) icms_dc=100 , 0.0748466 secs] [Times: user=0.94 sys=0.02, real=0.08 secs] 
13888.173: [GC 13888.174: [ParNew: 331041K->30706K(353920K), 0.0844150 secs] 2744652K->2444317K(3106432K) icms_dc=100 , 0.0860327 secs] [Times: user=1.04 sys=0.02, real=0.09 secs] 
13888.297: [GC 13888.298: [ParNew: 31283K->10106K(353920K), 0.1230693 secs] 2444805K->2451846K(3106432K) icms_dc=100 , 0.1242832 secs] [Times: user=1.28 sys=0.13, real=0.12 secs] 
13889.231: [GC 13889.232: [ParNew: 324730K->30337K(353920K), 0.0887939 secs] 2719886K->2425494K(3106432K) icms_dc=100 , 0.0903873 secs] [Times: user=1.02 sys=0.01, real=0.09 secs] 
13890.069: [GC 13890.070: [ParNew: 344961K->31488K(353920K), 0.1179258 secs] 2711901K->2411603K(3106432K) icms_dc=100 , 0.1196884 secs] [Times: user=1.22 sys=0.02, real=0.12 secs] 
13891.034: [GC 13891.035: [ParNew: 346112K->28245K(353920K), 0.1403257 secs] 2659679K->2354089K(3106432K) icms_dc=100 , 0.1418731 secs] [Times: user=1.51 sys=0.15, real=0.14 secs] 
13892.012: [GC 13892.013: [ParNew: 342869K->37217K(353920K), 0.0904246 secs] 2622674K->2317022K(3106432K) icms_dc=100 , 0.0919787 secs] [Times: user=1.05 sys=0.06, real=0.09 secs] 
13892.884: [GC 13892.885: [ParNew: 351618K->33386K(353920K), 0.2333016 secs] 2588967K->2287751K(3106432K) icms_dc=100 , 0.2348697 secs] [Times: user=1.58 sys=0.13, real=0.24 secs] 
13893.980: [GC 13893.981: [ParNew: 348433K->32993K(353920K), 0.1407850 secs] 2566580K->2258865K(3106432K) icms_dc=100 , 0.1424261 secs] [Times: user=1.44 sys=0.10, real=0.14 secs] 
13894.175: [GC 13894.176: [ParNew: 39298K->19126K(353920K), 0.0848473 secs] 2265066K->2267380K(3106432K) icms_dc=100 , 0.0861170 secs] [Times: user=0.96 sys=0.03, real=0.09 secs] 
13895.037: [GC 13895.038: [ParNew: 333750K->23031K(353920K), 0.0681666 secs] 2529232K->2218514K(3106432K) icms_dc=100 , 0.0697819 secs] [Times: user=0.84 sys=0.02, real=0.07 secs] 
13895.424: [CMS-concurrent-sweep: 21.976/28.954 secs] [Times: user=690.55 sys=22.71, real=28.95 secs] 
13895.426: [CMS-concurrent-reset-start]
13895.522: [CMS-concurrent-reset: 0.096/0.096 secs] [Times: user=2.94 sys=0.09, real=0.10 secs] 
13896.561: [GC 13896.562: [ParNew: 337655K->27073K(353920K), 0.1441992 secs] 2507473K->2207981K(3106432K) icms_dc=75 , 0.1457773 secs] [Times: user=1.51 sys=0.16, real=0.15 secs] 
13896.861: [GC [1 CMS-initial-mark: 2180908K(2752512K)] 2260418K(3106432K), 0.5402112 secs] [Times: user=0.54 sys=0.00, real=0.54 secs] 
13897.402: [CMS-concurrent-mark-start]
13898.211: [GC 13898.212: [ParNew: 341697K->29042K(353920K), 0.0848843 secs] 2522605K->2222319K(3106432K) icms_dc=78 , 0.0864750 secs] [Times: user=1.01 sys=0.02, real=0.09 secs] 
13899.184: [GC 13899.185: [ParNew: 343666K->29024K(353920K), 0.0847183 secs] 2536943K->2233511K(3106432K) icms_dc=87 , 0.0863383 secs] [Times: user=1.16 sys=0.03, real=0.09 secs] 
13900.279: [GC 13900.280: [ParNew: 343516K->26775K(353920K), 0.0785901 secs] 2548003K->2240189K(3106432K) icms_dc=87 , 0.0801665 secs] [Times: user=1.05 sys=0.02, real=0.08 secs] 
13901.160: [GC 13901.162: [ParNew: 341399K->39295K(353920K), 0.0602122 secs] 2554813K->2252828K(3106432K) icms_dc=87 , 0.0618235 secs] [Times: user=0.90 sys=0.02, real=0.06 secs] 
13902.115: [GC 13902.116: [ParNew: 353919K->31736K(353920K), 0.1260626 secs] 2567452K->2263291K(3106432K) icms_dc=99 , 0.1276712 secs] [Times: user=1.25 sys=0.03, real=0.13 secs] 
13903.170: [GC 13903.171: [ParNew: 346360K->31341K(353920K), 0.1037745 secs] 2577915K->2262896K(3106432K) icms_dc=99 , 0.1053012 secs] [Times: user=1.13 sys=0.10, real=0.11 secs] 
13904.109: [GC 13904.110: [ParNew: 345965K->38518K(353920K), 0.1163976 secs] 2577520K->2276971K(3106432K) icms_dc=99 , 0.1179495 secs] [Times: user=1.31 sys=0.06, real=0.12 secs] 
13905.174: [GC 13905.176: [ParNew: 353142K->37426K(353920K), 0.1119194 secs] 2591595K->2282928K(3106432K) icms_dc=99 , 0.1135552 secs] [Times: user=1.18 sys=0.02, real=0.11 secs] 
13906.214: [GC 13906.215: [ParNew: 352050K->38842K(353920K), 0.0702281 secs] 2597552K->2290972K(3106432K) icms_dc=99 , 0.0717726 secs] [Times: user=1.03 sys=0.02, real=0.07 secs] 
13907.104: [GC 13907.105: [ParNew: 353466K->39296K(353920K), 0.1403273 secs] 2605596K->2299470K(3106432K) icms_dc=99 , 0.1422083 secs] [Times: user=1.34 sys=0.14, real=0.14 secs] 
13908.308: [GC 13908.309: [ParNew: 353920K->39296K(353920K), 0.2388625 secs] 2614094K->2307686K(3106432K) icms_dc=99 , 0.2404404 secs] [Times: user=1.92 sys=0.36, real=0.24 secs] 
13909.462: [GC 13909.463: [ParNew: 353920K->39296K(353920K), 0.1517326 secs] 2622310K->2316298K(3106432K) icms_dc=99 , 0.1532619 secs] [Times: user=1.52 sys=0.14, real=0.15 secs] 
13910.515: [GC 13910.516: [ParNew: 353920K->29561K(353920K), 0.0969839 secs] 2630922K->2320189K(3106432K) icms_dc=99 , 0.0986094 secs] [Times: user=1.28 sys=0.03, real=0.10 secs] 
13911.729: [GC 13911.730: [ParNew: 344185K->35632K(353920K), 0.0740413 secs] 2634813K->2326260K(3106432K) icms_dc=99 , 0.0756269 secs] [Times: user=1.03 sys=0.03, real=0.08 secs] 
13912.738: [GC 13912.739: [ParNew: 350256K->29763K(353920K), 0.1502057 secs] 2640884K->2338574K(3106432K) icms_dc=99 , 0.1520192 secs] [Times: user=1.40 sys=0.06, real=0.15 secs] 
13913.696: [GC 13913.697: [ParNew: 344429K->34280K(353920K), 0.1318940 secs] 2653240K->2343092K(3106432K) icms_dc=99 , 0.1334720 secs] [Times: user=1.37 sys=0.17, real=0.13 secs] 
13913.867: [GC 13913.868: [ParNew: 35293K->28459K(353920K), 0.1243278 secs] 2344105K->2347291K(3106432K) icms_dc=99 , 0.1255548 secs] [Times: user=1.30 sys=0.19, real=0.13 secs] 
13914.800: [CMS-concurrent-mark: 12.988/17.397 secs] [Times: user=426.15 sys=14.13, real=17.40 secs] 
13914.801: [CMS-concurrent-preclean-start]
13915.072: [GC 13915.073: [ParNew: 343083K->37023K(353920K), 0.0734153 secs] 2661915K->2355856K(3106432K) icms_dc=99 , 0.0750735 secs] [Times: user=0.92 sys=0.01, real=0.08 secs] 
13916.067: [GC 13916.068: [ParNew: 351647K->25867K(353920K), 0.0993652 secs] 2670480K->2360369K(3106432K) icms_dc=99 , 0.1009632 secs] [Times: user=1.18 sys=0.05, real=0.10 secs] 
13917.092: [GC 13917.094: [ParNew: 340553K->34415K(353920K), 0.0582247 secs] 2675054K->2368917K(3106432K) icms_dc=99 , 0.0598638 secs] [Times: user=0.93 sys=0.02, real=0.06 secs] 
13917.190: [GC 13917.191: [ParNew: 34783K->25049K(353920K), 0.1360464 secs] 2369285K->2367037K(3106432K) icms_dc=99 , 0.1373078 secs] [Times: user=1.37 sys=0.22, real=0.14 secs] 
13918.250: [GC 13918.251: [ParNew: 339673K->32885K(353920K), 0.0685713 secs] 2681661K->2374872K(3106432K) icms_dc=99 , 0.0701345 secs] [Times: user=0.96 sys=0.03, real=0.07 secs] 
13919.194: [GC 13919.195: [ParNew: 347841K->38468K(353920K), 0.2418956 secs] 2689829K->2387650K(3106432K) icms_dc=99 , 0.2434599 secs] [Times: user=1.92 sys=0.38, real=0.24 secs] 
13919.474: [GC 13919.475: [ParNew: 38893K->28458K(353920K), 0.0929426 secs] 2388075K->2386539K(3106432K) icms_dc=99 , 0.0941404 secs] [Times: user=1.10 sys=0.05, real=0.09 secs] 
13919.745: [CMS-concurrent-preclean: 3.362/4.944 secs] [Times: user=108.33 sys=4.52, real=4.94 secs] 
13919.746: [CMS-concurrent-abortable-preclean-start]
13920.329: [GC 13920.330: [ParNew: 343082K->33737K(353920K), 0.0594393 secs] 2701163K->2391818K(3106432K) icms_dc=99 , 0.0609930 secs] [Times: user=0.97 sys=0.02, real=0.06 secs] 
13920.905: [CMS-concurrent-abortable-preclean: 0.908/1.159 secs] [Times: user=28.46 sys=1.05, real=1.16 secs] 
13920.943: [GC[YG occupancy: 206489 K (353920 K)]13920.943: [Rescan (parallel) , 0.1835477 secs]13921.127: [weak refs processing, 0.0265948 secs] [1 CMS-remark: 2358081K(2752512K)] 2564570K(3106432K), 0.2143460 secs] [Times: user=2.63 sys=0.18, real=0.22 secs] 
13921.159: [CMS-concurrent-sweep-start]
13921.530: [GC 13921.531: [ParNew: 348361K->38025K(353920K), 0.1201111 secs] 2706437K->2402924K(3106432K) icms_dc=99 , 0.1217078 secs] [Times: user=1.37 sys=0.12, real=0.12 secs] 
13922.331: [GC 13922.332: [ParNew: 352649K->38211K(353920K), 0.0771723 secs] 2717541K->2410912K(3106432K) icms_dc=99 , 0.0787264 secs] [Times: user=1.09 sys=0.02, real=0.08 secs] 
13923.217: [GC 13923.218: [ParNew: 352835K->36449K(353920K), 0.1551974 secs] 2725477K->2416520K(3106432K) icms_dc=99 , 0.1567692 secs] [Times: user=1.17 sys=0.02, real=0.16 secs] 
13924.252: [GC 13924.253: [ParNew: 351073K->39296K(353920K), 0.1488336 secs] 2730805K->2426908K(3106432K) icms_dc=99 , 0.1503991 secs] [Times: user=1.40 sys=0.16, real=0.15 secs] 
13925.153: [GC 13925.154: [ParNew: 353920K->39296K(353920K), 0.1183618 secs] 2741265K->2435475K(3106432K) icms_dc=99 , 0.1199253 secs] [Times: user=1.34 sys=0.08, real=0.12 secs] 
13926.078: [GC 13926.079: [ParNew: 353920K->37560K(353920K), 0.0856535 secs] 2750663K->2450838K(3106432K) icms_dc=99 , 0.0871908 secs] [Times: user=1.18 sys=0.02, real=0.09 secs] 
13927.032: [GC 13927.034: [ParNew: 352184K->30292K(353920K), 0.0918250 secs] 2765263K->2453758K(3106432K) icms_dc=99 , 0.0934199 secs] [Times: user=1.12 sys=0.04, real=0.09 secs] 
13927.922: [GC 13927.923: [ParNew: 344916K->31508K(353920K), 0.1211275 secs] 2768073K->2463894K(3106432K) icms_dc=99 , 0.1228326 secs] [Times: user=1.10 sys=0.04, real=0.12 secs] 
13928.832: [GC 13928.833: [ParNew: 346132K->28963K(353920K), 0.1316719 secs] 2778250K->2470294K(3106432K) icms_dc=100 , 0.1332661 secs] [Times: user=1.37 sys=0.13, real=0.13 secs] 
13929.809: [GC 13929.810: [ParNew: 343587K->31962K(353920K), 0.0546579 secs] 2783325K->2471700K(3106432K) icms_dc=100 , 0.0562253 secs] [Times: user=0.87 sys=0.02, real=0.06 secs] 
13930.641: [GC 13930.642: [ParNew: 346678K->31000K(353920K), 0.1352116 secs] 2778250K->2470187K(3106432K) icms_dc=100 , 0.1367471 secs] [Times: user=1.40 sys=0.11, real=0.14 secs] 
13930.815: [GC 13930.816: [ParNew: 31477K->21113K(353920K), 0.0611498 secs] 2470664K->2469260K(3106432K) icms_dc=100 , 0.0623251 secs] [Times: user=0.90 sys=0.02, real=0.06 secs] 
13931.614: [GC 13931.615: [ParNew: 335737K->35597K(353920K), 0.1165245 secs] 2783823K->2483683K(3106432K) icms_dc=100 , 0.1180268 secs] [Times: user=1.21 sys=0.07, real=0.12 secs] 
13932.571: [GC 13932.572: [ParNew: 350221K->30094K(353920K), 0.1236148 secs] 2798222K->2492761K(3106432K) icms_dc=100 , 0.1252072 secs] [Times: user=1.40 sys=0.10, real=0.13 secs] 
13933.498: [GC 13933.499: [ParNew: 344953K->33042K(353920K), 0.0820039 secs] 2807527K->2504558K(3106432K) icms_dc=100 , 0.0835829 secs] [Times: user=1.03 sys=0.03, real=0.08 secs] 
13933.620: [GC 13933.620: [ParNew: 33514K->12517K(353920K), 0.0728011 secs] 2505030K->2506910K(3106432K) icms_dc=100 , 0.0739821 secs] [Times: user=0.90 sys=0.03, real=0.07 secs] 
13934.501: [GC 13934.502: [ParNew: 327190K->24121K(353920K), 0.0903778 secs] 2821148K->2518079K(3106432K) icms_dc=100 , 0.0919659 secs] [Times: user=0.95 sys=0.02, real=0.09 secs] 
13934.631: [GC 13934.632: [ParNew: 24801K->11126K(353920K), 0.0835338 secs] 2518758K->2526716K(3106432K) icms_dc=100 , 0.0847542 secs] [Times: user=0.99 sys=0.03, real=0.09 secs] 
13935.513: [GC 13935.514: [ParNew: 325655K->25772K(353920K), 0.1230057 secs] 2841102K->2541219K(3106432K) icms_dc=100 , 0.1245455 secs] [Times: user=1.21 sys=0.14, real=0.13 secs] 
13936.425: [GC 13936.426: [ParNew: 340396K->22261K(353920K), 0.1337196 secs] 2848559K->2544743K(3106432K) icms_dc=100 , 0.1352842 secs] [Times: user=1.38 sys=0.10, real=0.14 secs] 
13937.279: [GC 13937.280: [ParNew: 336885K->39296K(353920K), 0.1253418 secs] 2856207K->2558931K(3106432K) icms_dc=100 , 0.1268596 secs] [Times: user=1.40 sys=0.17, real=0.13 secs] 
13938.204: [GC 13938.205: [ParNew: 353920K->32432K(353920K), 0.3080977 secs] 2869218K->2568001K(3106432K) icms_dc=100 , 0.3096522 secs] [Times: user=2.17 sys=0.33, real=0.31 secs] 
13939.403: [GC 13939.404: [ParNew: 346615K->35539K(353920K), 0.0554599 secs] 2824186K->2513110K(3106432K) icms_dc=100 , 0.0570345 secs] [Times: user=0.89 sys=0.02, real=0.06 secs] 
13940.334: [GC 13940.335: [ParNew: 350992K->28580K(353920K), 0.1451375 secs] 2790083K->2485544K(3106432K) icms_dc=100 , 0.1467429 secs] [Times: user=1.57 sys=0.14, real=0.15 secs] 
13940.521: [GC 13940.522: [ParNew: 29438K->26874K(353920K), 0.0468857 secs] 2486367K->2483804K(3106432K) icms_dc=100 , 0.0481100 secs] [Times: user=0.75 sys=0.04, real=0.05 secs] 
13941.347: [GC 13941.348: [ParNew: 341498K->39296K(353920K), 0.1235668 secs] 2740740K->2438601K(3106432K) icms_dc=100 , 0.1250885 secs] [Times: user=1.01 sys=0.05, real=0.13 secs] 
13942.374: [GC 13942.375: [ParNew: 353920K->39203K(353920K), 0.1167654 secs] 2721167K->2414762K(3106432K) icms_dc=100 , 0.1182969 secs] [Times: user=1.19 sys=0.02, real=0.12 secs] 
13943.255: [GC 13943.256: [ParNew: 353827K->35200K(353920K), 0.0924008 secs] 2709528K->2398653K(3106432K) icms_dc=100 , 0.0939763 secs] [Times: user=1.20 sys=0.03, real=0.09 secs] 
13944.137: [GC 13944.138: [ParNew: 349824K->32829K(353920K), 0.1186507 secs] 2694087K->2391363K(3106432K) icms_dc=100 , 0.1201944 secs] [Times: user=1.33 sys=0.07, real=0.12 secs] 
13945.107: [GC 13945.108: [ParNew: 347453K->35418K(353920K), 0.0766161 secs] 2665746K->2353710K(3106432K) icms_dc=100 , 0.0782239 secs] [Times: user=0.94 sys=0.02, real=0.08 secs] 
13946.050: [GC 13946.051: [ParNew: 350042K->30275K(353920K), 0.1125016 secs] 2608642K->2306480K(3106432K) icms_dc=100 , 0.1140744 secs] [Times: user=1.26 sys=0.03, real=0.13 secs] 
13947.043: [GC 13947.044: [ParNew: 344899K->37050K(353920K), 0.0903719 secs] 2546728K->2238880K(3106432K) icms_dc=100 , 0.0919512 secs] [Times: user=1.14 sys=0.07, real=0.09 secs] 
13948.072: [GC 13948.073: [ParNew: 351674K->28046K(353920K), 0.1480265 secs] 2510265K->2206381K(3106432K) icms_dc=100 , 0.1496503 secs] [Times: user=1.46 sys=0.10, real=0.15 secs] 
13949.021: [GC 13949.022: [ParNew: 342291K->35498K(353920K), 0.0599154 secs] 2459773K->2152981K(3106432K) icms_dc=100 , 0.0614745 secs] [Times: user=0.91 sys=0.02, real=0.06 secs] 
13949.890: [CMS-concurrent-sweep: 22.140/28.731 secs] [Times: user=703.97 sys=24.36, real=28.73 secs] 
13949.891: [CMS-concurrent-reset-start]
13949.933: [CMS-concurrent-reset: 0.042/0.042 secs] [Times: user=1.44 sys=0.04, real=0.04 secs] 
13950.099: [GC 13950.101: [ParNew: 350184K->30539K(353920K), 0.1444692 secs] 2394263K->2090188K(3106432K) icms_dc=75 , 0.1460667 secs] [Times: user=1.49 sys=0.15, real=0.15 secs] 
13950.284: [GC 13950.285: [ParNew: 31213K->28688K(353920K), 0.0533775 secs] 2090862K->2088338K(3106432K) icms_dc=75 , 0.0545979 secs] [Times: user=0.84 sys=0.04, real=0.06 secs] 
13950.494: [GC [1 CMS-initial-mark: 2059649K(2752512K)] 2141997K(3106432K), 0.7615109 secs] [Times: user=0.76 sys=0.00, real=0.76 secs] 
13951.257: [CMS-concurrent-mark-start]
13952.084: [GC 13952.085: [ParNew: 343454K->39296K(353920K), 0.1081231 secs] 2403103K->2099038K(3106432K) icms_dc=75 , 0.1097776 secs] [Times: user=1.18 sys=0.07, real=0.11 secs] 
13952.236: [GC 13952.237: [ParNew: 40687K->23871K(353920K), 0.0930356 secs] 2100430K->2113587K(3106432K) icms_dc=75 , 0.0943145 secs] [Times: user=1.15 sys=0.02, real=0.09 secs] 
13953.392: [GC 13953.393: [ParNew: 338495K->22021K(353920K), 0.0669561 secs] 2428211K->2111737K(3106432K) icms_dc=75 , 0.0685730 secs] [Times: user=0.89 sys=0.02, real=0.07 secs] 
13954.564: [GC 13954.565: [ParNew: 336645K->33802K(353920K), 0.0861136 secs] 2426361K->2123518K(3106432K) icms_dc=75 , 0.0877316 secs] [Times: user=1.10 sys=0.02, real=0.09 secs] 
13955.625: [GC 13955.626: [ParNew: 348426K->36296K(353920K), 0.1256831 secs] 2438142K->2135063K(3106432K) icms_dc=75 , 0.1273139 secs] [Times: user=1.30 sys=0.06, real=0.13 secs] 
13956.753: [GC 13956.754: [ParNew: 350920K->37562K(353920K), 0.1061297 secs] 2449687K->2144078K(3106432K) icms_dc=75 , 0.1077493 secs] [Times: user=1.26 sys=0.05, real=0.11 secs] 
13957.781: [GC 13957.783: [ParNew: 352186K->37049K(353920K), 0.0958176 secs] 2458702K->2149121K(3106432K) icms_dc=75 , 0.0974736 secs] [Times: user=1.19 sys=0.02, real=0.10 secs] 
13959.009: [GC 13959.010: [ParNew: 351673K->28619K(353920K), 0.1179860 secs] 2463745K->2155428K(3106432K) icms_dc=75 , 0.1195432 secs] [Times: user=1.35 sys=0.08, real=0.12 secs] 
13960.009: [GC 13960.010: [ParNew: 343344K->30190K(353920K), 0.1394464 secs] 2470152K->2156999K(3106432K) icms_dc=75 , 0.1410238 secs] [Times: user=1.36 sys=0.15, real=0.14 secs] 
13960.188: [GC 13960.188: [ParNew: 30770K->23265K(353920K), 0.1331546 secs] 2157579K->2157643K(3106432K) icms_dc=75 , 0.1343857 secs] [Times: user=1.26 sys=0.14, real=0.14 secs] 
13961.122: [GC 13961.123: [ParNew: 338170K->37559K(353920K), 0.1077735 secs] 2472548K->2171937K(3106432K) icms_dc=75 , 0.1093316 secs] [Times: user=1.17 sys=0.02, real=0.11 secs] 
13961.268: [GC 13961.269: [ParNew: 37930K->13758K(353920K), 0.0958314 secs] 2172309K->2180820K(3106432K) icms_dc=75 , 0.0970209 secs] [Times: user=1.14 sys=0.03, real=0.10 secs] 
13962.593: [GC 13962.594: [ParNew: 328382K->25437K(353920K), 0.1111249 secs] 2495444K->2192500K(3106432K) icms_dc=75 , 0.1128325 secs] [Times: user=1.12 sys=0.10, real=0.11 secs] 
13963.544: [GC 13963.546: [ParNew: 340061K->24922K(353920K), 0.1082378 secs] 2507124K->2204753K(3106432K) icms_dc=75 , 0.1099624 secs] [Times: user=1.34 sys=0.03, real=0.11 secs] 
13964.479: [GC 13964.480: [ParNew: 339546K->31443K(353920K), 0.0774893 secs] 2519377K->2211274K(3106432K) icms_dc=75 , 0.0790539 secs] [Times: user=0.97 sys=0.02, real=0.08 secs] 
13965.401: [GC 13965.402: [ParNew: 346290K->39296K(353920K), 0.0836686 secs] 2526121K->2227168K(3106432K) icms_dc=75 , 0.0852191 secs] [Times: user=1.22 sys=0.03, real=0.09 secs] 
13965.524: [GC 13965.525: [ParNew: 39805K->18559K(353920K), 0.0960406 secs] 2227677K->2236819K(3106432K) icms_dc=75 , 0.0972861 secs] [Times: user=1.11 sys=0.03, real=0.10 secs] 
13966.468: [GC 13966.469: [ParNew: 333183K->28239K(353920K), 0.1128547 secs] 2551443K->2246500K(3106432K) icms_dc=75 , 0.1144467 secs] [Times: user=1.15 sys=0.04, real=0.12 secs] 
13967.366: [GC 13967.367: [ParNew: 342863K->30895K(353920K), 0.2179262 secs] 2561124K->2260804K(3106432K) icms_dc=75 , 0.2195596 secs] [Times: user=1.28 sys=0.02, real=0.22 secs] 
13968.390: [GC 13968.391: [ParNew: 345519K->36422K(353920K), 0.1544541 secs] 2575428K->2278645K(3106432K) icms_dc=75 , 0.1561116 secs] [Times: user=1.58 sys=0.12, real=0.16 secs] 
13969.376: [GC 13969.377: [ParNew: 351046K->34577K(353920K), 0.1997407 secs] 2593269K->2288629K(3106432K) icms_dc=84 , 0.2013433 secs] [Times: user=1.82 sys=0.20, real=0.20 secs] 
13970.280: [GC 13970.282: [ParNew: 349201K->34003K(353920K), 0.2552883 secs] 2603253K->2300028K(3106432K) icms_dc=94 , 0.2568818 secs] [Times: user=2.00 sys=0.27, real=0.26 secs] 
13971.257: [GC 13971.258: [ParNew: 348627K->39296K(353920K), 0.1727954 secs] 2614652K->2319099K(3106432K) icms_dc=100 , 0.1743760 secs] [Times: user=1.75 sys=0.18, real=0.18 secs] 
13972.149: [GC 13972.150: [ParNew: 353920K->39296K(353920K), 0.1731851 secs] 2633723K->2337917K(3106432K) icms_dc=100 , 0.1747740 secs] [Times: user=1.49 sys=0.05, real=0.18 secs] 
13973.223: [GC 13973.224: [ParNew: 353920K->39296K(353920K), 0.1214769 secs] 2652551K->2349604K(3106432K) icms_dc=100 , 0.1230689 secs] [Times: user=1.37 sys=0.10, real=0.12 secs] 
13973.384: [GC 13973.385: [ParNew: 39594K->17048K(353920K), 0.0789554 secs] 2349903K->2352341K(3106432K) icms_dc=100 , 0.0801904 secs] [Times: user=0.97 sys=0.02, real=0.08 secs] 
13974.228: [GC 13974.229: [ParNew: 331672K->27676K(353920K), 0.1256079 secs] 2666965K->2362969K(3106432K) icms_dc=100 , 0.1272146 secs] [Times: user=1.30 sys=0.07, real=0.13 secs] 
13975.117: [GC 13975.118: [ParNew: 342300K->34471K(353920K), 0.1234638 secs] 2677593K->2385204K(3106432K) icms_dc=100 , 0.1250613 secs] [Times: user=1.41 sys=0.09, real=0.13 secs] 
13975.757: [CMS-concurrent-mark: 15.247/24.500 secs] [Times: user=573.85 sys=19.15, real=24.50 secs] 
13975.759: [CMS-concurrent-preclean-start]
13976.174: [GC 13976.175: [ParNew: 349095K->34333K(353920K), 0.1738752 secs] 2699828K->2396713K(3106432K) icms_dc=100 , 0.1754942 secs] [Times: user=1.62 sys=0.23, real=0.18 secs] 
13977.252: [GC 13977.253: [ParNew: 349055K->36144K(353920K), 0.2168336 secs] 2711434K->2408987K(3106432K) icms_dc=100 , 0.2184138 secs] [Times: user=1.85 sys=0.28, real=0.22 secs] 
13977.509: [GC 13977.510: [ParNew: 36575K->18675K(353920K), 0.0877420 secs] 2409417K->2418503K(3106432K) icms_dc=100 , 0.0889635 secs] [Times: user=1.02 sys=0.03, real=0.09 secs] 
13978.420: [GC 13978.421: [ParNew: 335085K->37136K(353920K), 0.2226731 secs] 2734913K->2436964K(3106432K) icms_dc=100 , 0.2242443 secs] [Times: user=1.69 sys=0.38, real=0.22 secs] 
13978.682: [GC 13978.683: [ParNew: 37279K->7004K(353920K), 0.0870635 secs] 2437108K->2440474K(3106432K) icms_dc=100 , 0.0883471 secs] [Times: user=1.08 sys=0.04, real=0.09 secs] 
13979.736: [GC 13979.737: [ParNew: 321710K->28214K(353920K), 0.1165708 secs] 2755179K->2461683K(3106432K) icms_dc=100 , 0.1181850 secs] [Times: user=1.05 sys=0.03, real=0.12 secs] 
13979.892: [GC 13979.893: [ParNew: 28286K->3133K(353920K), 0.1381680 secs] 2461756K->2463652K(3106432K) icms_dc=100 , 0.1393772 secs] [Times: user=1.01 sys=0.03, real=0.14 secs] 
13980.900: [GC 13980.901: [ParNew: 317757K->21980K(353920K), 0.0861729 secs] 2778276K->2482498K(3106432K) icms_dc=100 , 0.0877722 secs] [Times: user=1.09 sys=0.06, real=0.09 secs] 
13982.114: [GC 13982.115: [ParNew: 336569K->25989K(353920K), 0.1159725 secs] 2797087K->2498698K(3106432K) icms_dc=100 , 0.1175273 secs] [Times: user=1.27 sys=0.07, real=0.12 secs] 
13983.043: [GC 13983.044: [ParNew: 340613K->27530K(353920K), 0.1130619 secs] 2813322K->2510916K(3106432K) icms_dc=100 , 0.1286563 secs] [Times: user=1.12 sys=0.04, real=0.13 secs] 
13984.227: [GC 13984.229: [ParNew: 342131K->35422K(353920K), 0.0657755 secs] 2825516K->2518807K(3106432K) icms_dc=100 , 0.0674434 secs] [Times: user=0.95 sys=0.02, real=0.07 secs] 
13985.179: [GC 13985.181: [ParNew: 350046K->39296K(353920K), 0.0881735 secs] 2833431K->2530715K(3106432K) icms_dc=100 , 0.0897550 secs] [Times: user=1.18 sys=0.04, real=0.09 secs] 
13986.205: [GC 13986.206: [ParNew: 353920K->39296K(353920K), 0.1727947 secs] 2845363K->2539959K(3106432K) icms_dc=100 , 0.1744137 secs] [Times: user=1.44 sys=0.04, real=0.18 secs] 
13986.439: [GC 13986.440: [ParNew: 51790K->33776K(353920K), 0.1696278 secs] 2552454K->2541648K(3106432K) icms_dc=100 , 0.1708643 secs] [Times: user=1.57 sys=0.24, real=0.17 secs] 
13987.409: [GC 13987.410: [ParNew: 348400K->26738K(353920K), 0.1030275 secs] 2856272K->2542799K(3106432K) icms_dc=100 , 0.1046513 secs] [Times: user=1.23 sys=0.06, real=0.11 secs] 
13988.407: [GC 13988.409: [ParNew: 341362K->34881K(353920K), 0.1595480 secs] 2857423K->2551486K(3106432K) icms_dc=100 , 0.1613390 secs] [Times: user=1.54 sys=0.24, real=0.16 secs] 
13989.360: [GC 13989.362: [ParNew: 349505K->39296K(353920K), 0.1718800 secs] 2866110K->2564729K(3106432K) icms_dc=100 , 0.1734723 secs] [Times: user=1.66 sys=0.18, real=0.17 secs] 
13990.261: [GC 13990.262: [ParNew: 353920K->39296K(353920K), 0.1426787 secs] 2879353K->2572941K(3106432K) icms_dc=100 , 0.1442803 secs] [Times: user=1.14 sys=0.03, real=0.14 secs] 
13991.147: [GC 13991.148: [ParNew: 353920K->39296K(353920K), 0.1278688 secs] 2887565K->2581560K(3106432K) icms_dc=100 , 0.1296354 secs] [Times: user=1.36 sys=0.11, real=0.13 secs] 
13992.082: [GC 13992.083: [ParNew: 353920K->39296K(353920K), 0.1768116 secs] 2897149K->2592687K(3106432K) icms_dc=100 , 0.1784200 secs] [Times: user=1.56 sys=0.15, real=0.18 secs] 
13992.301: [GC 13992.302: [ParNew: 40245K->24260K(353920K), 0.1067882 secs] 2593637K->2608838K(3106432K) icms_dc=100 , 0.1080619 secs] [Times: user=1.21 sys=0.05, real=0.11 secs] 
13993.021: [CMS-concurrent-preclean: 11.672/17.263 secs] [Times: user=392.67 sys=14.24, real=17.26 secs] 
13993.064: [CMS-concurrent-abortable-preclean-start]
13993.304: [GC 13993.306: [ParNew: 338898K->32010K(353920K), 0.1281556 secs] 2923477K->2616589K(3106432K) icms_dc=100 , 0.1297464 secs] [Times: user=1.32 sys=0.12, real=0.13 secs] 
13993.939: [CMS-concurrent-abortable-preclean: 0.611/0.875 secs] [Times: user=19.62 sys=0.71, real=0.88 secs] 
13993.980: [GC[YG occupancy: 232806 K (353920 K)]13993.981: [Rescan (parallel) , 0.1858146 secs]13994.166: [weak refs processing, 0.0260311 secs] [1 CMS-remark: 2584578K(2752512K)] 2817384K(3106432K), 0.2156616 secs] [Times: user=2.95 sys=0.17, real=0.22 secs] 
13994.197: [CMS-concurrent-sweep-start]
13994.557: [GC 13994.558: [ParNew: 346988K->33007K(353920K), 0.1899420 secs] 2931562K->2632761K(3106432K) icms_dc=100 , 0.1915227 secs] [Times: user=1.71 sys=0.12, real=0.19 secs] 
13995.558: [GC 13995.559: [ParNew: 347631K->29607K(353920K), 0.1337146 secs] 2947374K->2638953K(3106432K) icms_dc=100 , 0.1353015 secs] [Times: user=1.17 sys=0.02, real=0.14 secs] 
13996.522: [GC 13996.523: [ParNew: 344231K->28919K(353920K), 0.0757772 secs] 2953563K->2647348K(3106432K) icms_dc=100 , 0.0773135 secs] [Times: user=1.08 sys=0.03, real=0.08 secs] 
13997.765: [GC 13997.766: [ParNew: 343696K->29827K(353920K), 0.0766110 secs] 2962075K->2658285K(3106432K) icms_dc=100 , 0.0782173 secs] [Times: user=1.03 sys=0.02, real=0.08 secs] 
13998.669: [GC 13998.670: [ParNew: 344451K->29113K(353920K), 0.1472596 secs] 2972394K->2666810K(3106432K) icms_dc=100 , 0.1488273 secs] [Times: user=1.53 sys=0.18, real=0.15 secs] 
13999.709: [GC 13999.711: [ParNew: 343737K->29566K(353920K), 0.1304683 secs] 2981115K->2676464K(3106432K) icms_dc=100 , 0.1322433 secs] [Times: user=1.38 sys=0.10, real=0.13 secs] 
14000.710: [GC 14000.711: [ParNew: 344190K->31612K(353920K), 0.1324696 secs] 2990758K->2689247K(3106432K) icms_dc=100 , 0.1340337 secs] [Times: user=1.36 sys=0.11, real=0.13 secs] 
14001.678: [GC 14001.679: [ParNew: 347147K->33734K(353920K), 0.1313677 secs] 3004430K->2702088K(3106432K) icms_dc=100 , 0.1329721 secs] [Times: user=1.42 sys=0.07, real=0.13 secs] 
14001.849: [GC 14001.850: [ParNew: 33904K->7885K(353920K), 0.0831031 secs] 2702258K->2700369K(3106432K) icms_dc=100 , 0.0843058 secs] [Times: user=0.99 sys=0.03, real=0.08 secs] 
14002.889: [GC 14002.890: [ParNew: 322660K->29226K(353920K), 0.0630004 secs] 3014944K->2721510K(3106432K) icms_dc=100 , 0.0646040 secs] [Times: user=0.92 sys=0.03, real=0.07 secs] 
14002.992: [GC 14002.992: [ParNew (promotion failed): 29834K->12335K(353920K), 1.0605834 secs] 2722117K->2723749K(3106432K) icms_dc=100 , 1.0618786 secs] [Times: user=1.83 sys=0.96, real=1.06 secs] 
GC locker: Trying a full collection because scavenge failed
14004.054: [Full GC 14004.055: [CMS14009.129: [CMS-concurrent-sweep: 11.288/14.932 secs] [Times: user=209.69 sys=7.86, real=14.93 secs] 
 (concurrent mode failure): 2711414K->1605126K(2752512K), 43.5229948 secs] 2723749K->1605126K(3106432K), [CMS Perm : 207546K->205007K(402264K)] icms_dc=100 , 43.5241963 secs] [Times: user=43.56 sys=0.03, real=43.52 secs] 
14047.791: [GC [1 CMS-initial-mark: 1605126K(2752512K)] 1642370K(3106432K), 0.4912267 secs] [Times: user=0.49 sys=0.00, real=0.49 secs] 
14048.284: [CMS-concurrent-mark-start]
14050.481: [GC 14050.482: [ParNew: 314624K->27117K(353920K), 0.1088684 secs] 1919750K->1632244K(3106432K) icms_dc=100 , 0.1104857 secs] [Times: user=1.07 sys=0.06, real=0.11 secs] 
14051.583: [GC 14051.584: [ParNew: 341741K->24450K(353920K), 0.1267804 secs] 1946868K->1646359K(3106432K) icms_dc=100 , 0.1283342 secs] [Times: user=1.26 sys=0.05, real=0.13 secs] 
14052.725: [GC 14052.726: [ParNew: 339074K->35482K(353920K), 0.1537166 secs] 1960983K->1657391K(3106432K) icms_dc=100 , 0.1553718 secs] [Times: user=1.48 sys=0.20, real=0.16 secs] 
14054.026: [GC 14054.027: [ParNew: 350106K->36718K(353920K), 0.0829115 secs] 1972015K->1666743K(3106432K) icms_dc=100 , 0.0847229 secs] [Times: user=1.07 sys=0.02, real=0.09 secs] 
14055.184: [GC 14055.185: [ParNew: 351342K->35760K(353920K), 0.0834700 secs] 1981367K->1673716K(3106432K) icms_dc=100 , 0.0851059 secs] [Times: user=1.02 sys=0.01, real=0.09 secs] 
14056.512: [GC 14056.513: [ParNew: 350384K->38847K(353920K), 0.1244062 secs] 1988340K->1682326K(3106432K) icms_dc=100 , 0.1260136 secs] [Times: user=1.03 sys=0.04, real=0.13 secs] 
14057.594: [GC 14057.595: [ParNew: 353697K->36350K(353920K), 0.1225214 secs] 1997175K->1685755K(3106432K) icms_dc=100 , 0.1240655 secs] [Times: user=1.11 sys=0.06, real=0.12 secs] 
14057.756: [GC 14057.756: [ParNew: 36632K->27143K(353920K), 0.1125578 secs] 1686037K->1684237K(3106432K) icms_dc=100 , 0.1137561 secs] [Times: user=1.06 sys=0.08, real=0.11 secs] 
14058.612: [GC 14058.613: [ParNew: 341767K->29910K(353920K), 0.1168177 secs] 1998861K->1687003K(3106432K) icms_dc=100 , 0.1184025 secs] [Times: user=0.98 sys=0.03, real=0.12 secs] 
14059.447: [GC 14059.448: [ParNew: 344534K->39064K(353920K), 0.1011643 secs] 2001627K->1702363K(3106432K) icms_dc=100 , 0.1027951 secs] [Times: user=1.11 sys=0.01, real=0.10 secs] 
14060.460: [GC 14060.461: [ParNew: 353688K->33933K(353920K), 0.2081074 secs] 2016987K->1713150K(3106432K) icms_dc=100 , 0.2096878 secs] [Times: user=1.72 sys=0.28, real=0.21 secs] 
14061.575: [GC 14061.576: [ParNew: 348557K->33821K(353920K), 0.0932502 secs] 2027774K->1722071K(3106432K) icms_dc=100 , 0.0948254 secs] [Times: user=1.08 sys=0.04, real=0.10 secs] 
14062.414: [GC 14062.415: [ParNew: 348445K->34598K(353920K), 0.1843405 secs] 2036695K->1733212K(3106432K) icms_dc=100 , 0.1858698 secs] [Times: user=1.33 sys=0.13, real=0.19 secs] 
14063.441: [GC 14063.442: [ParNew: 349615K->34968K(353920K), 0.1451444 secs] 2048229K->1745395K(3106432K) icms_dc=100 , 0.1467026 secs] [Times: user=1.16 sys=0.02, real=0.15 secs] 
14063.627: [GC 14063.628: [ParNew: 35950K->20813K(353920K), 0.0904498 secs] 1746377K->1753849K(3106432K) icms_dc=100 , 0.0917729 secs] [Times: user=0.88 sys=0.04, real=0.09 secs] 
14064.516: [GC 14064.518: [ParNew: 335437K->27973K(353920K), 0.0939987 secs] 2068473K->1761009K(3106432K) icms_dc=100 , 0.0955854 secs] [Times: user=1.09 sys=0.09, real=0.10 secs] 
14065.457: [GC 14065.458: [ParNew: 343606K->32973K(353920K), 0.1506136 secs] 2076643K->1780660K(3106432K) icms_dc=100 , 0.1522404 secs] [Times: user=1.62 sys=0.17, real=0.15 secs] 
14065.648: [GC 14065.648: [ParNew: 33354K->11080K(353920K), 0.0726002 secs] 1781041K->1783260K(3106432K) icms_dc=100 , 0.0738395 secs] [Times: user=0.85 sys=0.04, real=0.07 secs] 
14066.536: [GC 14066.537: [ParNew: 325704K->27914K(353920K), 0.1262210 secs] 2097884K->1800094K(3106432K) icms_dc=100 , 0.1278197 secs] [Times: user=1.11 sys=0.10, real=0.13 secs] 
14067.549: [GC 14067.550: [ParNew: 343001K->28703K(353920K), 0.1254976 secs] 2115180K->1812973K(3106432K) icms_dc=100 , 0.1271262 secs] [Times: user=1.26 sys=0.03, real=0.13 secs] 
14067.734: [GC 14067.735: [ParNew: 38295K->16612K(353920K), 0.0834927 secs] 1822564K->1823865K(3106432K) icms_dc=100 , 0.0847516 secs] [Times: user=0.99 sys=0.03, real=0.09 secs] 
14068.690: [GC 14068.691: [ParNew: 331236K->30805K(353920K), 0.1054919 secs] 2138489K->1838058K(3106432K) icms_dc=100 , 0.1071544 secs] [Times: user=1.06 sys=0.10, real=0.11 secs] 
14069.756: [GC 14069.757: [ParNew: 345872K->31670K(353920K), 0.1134488 secs] 2153125K->1852982K(3106432K) icms_dc=100 , 0.1150635 secs] [Times: user=1.16 sys=0.06, real=0.12 secs] 
14070.793: [GC 14070.794: [ParNew: 346294K->30258K(353920K), 0.1396146 secs] 2167606K->1861459K(3106432K) icms_dc=100 , 0.1412762 secs] [Times: user=1.29 sys=0.10, real=0.14 secs] 
14071.668: [GC 14071.669: [ParNew: 344882K->31701K(353920K), 0.1258106 secs] 2176083K->1873591K(3106432K) icms_dc=100 , 0.1273460 secs] [Times: user=1.26 sys=0.07, real=0.13 secs] 
14072.767: [GC 14072.768: [ParNew: 346325K->30099K(353920K), 0.1022393 secs] 2188215K->1881797K(3106432K) icms_dc=100 , 0.1038251 secs] [Times: user=1.10 sys=0.02, real=0.10 secs] 
14073.280: [CMS-concurrent-mark: 15.878/24.996 secs] [Times: user=556.49 sys=18.31, real=25.00 secs] 
14073.281: [CMS-concurrent-preclean-start]
14074.072: [GC 14074.074: [ParNew: 345251K->29709K(353920K), 0.1085011 secs] 2196949K->1889761K(3106432K) icms_dc=100 , 0.1101679 secs] [Times: user=1.19 sys=0.10, real=0.11 secs] 
14074.221: [GC 14074.221: [ParNew: 30389K->15016K(353920K), 0.0785549 secs] 1890442K->1897036K(3106432K) icms_dc=100 , 0.0797912 secs] [Times: user=0.89 sys=0.03, real=0.08 secs] 
14074.987: [GC 14074.988: [ParNew: 329640K->27561K(353920K), 0.1315042 secs] 2211660K->1909581K(3106432K) icms_dc=100 , 0.1330701 secs] [Times: user=1.30 sys=0.13, real=0.13 secs] 
14075.916: [GC 14075.917: [ParNew: 342185K->24273K(353920K), 0.1015582 secs] 2224205K->1922188K(3106432K) icms_dc=100 , 0.1031029 secs] [Times: user=1.18 sys=0.06, real=0.10 secs] 
14076.845: [GC 14076.846: [ParNew: 340249K->39296K(353920K), 0.1461515 secs] 2238164K->1938048K(3106432K) icms_dc=100 , 0.1476547 secs] [Times: user=1.38 sys=0.19, real=0.15 secs] 
14077.030: [GC 14077.031: [ParNew: 40133K->19431K(353920K), 0.0938592 secs] 1938885K->1949232K(3106432K) icms_dc=100 , 0.0950610 secs] [Times: user=1.06 sys=0.04, real=0.10 secs] 
14078.179: [GC 14078.180: [ParNew: 334193K->30993K(353920K), 0.0699994 secs] 2263993K->1960793K(3106432K) icms_dc=100 , 0.0715544 secs] [Times: user=0.90 sys=0.06, real=0.07 secs] 
14078.289: [GC 14078.290: [ParNew: 31648K->11283K(353920K), 0.0683248 secs] 1961448K->1969177K(3106432K) icms_dc=100 , 0.0695384 secs] [Times: user=0.85 sys=0.03, real=0.07 secs] 
14079.246: [GC 14079.247: [ParNew: 325907K->28474K(353920K), 0.0790436 secs] 2283801K->1986368K(3106432K) icms_dc=100 , 0.0807148 secs] [Times: user=0.94 sys=0.04, real=0.08 secs] 
14080.275: [GC 14080.276: [ParNew: 343098K->23844K(353920K), 0.0897345 secs] 2300992K->1994235K(3106432K) icms_dc=100 , 0.0913136 secs] [Times: user=1.07 sys=0.03, real=0.09 secs] 
14081.203: [GC 14081.204: [ParNew: 338468K->33373K(353920K), 0.0806734 secs] 2308859K->2003764K(3106432K) icms_dc=100 , 0.0822248 secs] [Times: user=1.01 sys=0.05, real=0.08 secs] 
14082.055: [GC 14082.056: [ParNew: 347997K->39296K(353920K), 0.1092817 secs] 2318388K->2018179K(3106432K) icms_dc=100 , 0.1108357 secs] [Times: user=1.13 sys=0.02, real=0.11 secs] 
14083.142: [GC 14083.143: [ParNew: 353920K->32168K(353920K), 0.1299269 secs] 2333642K->2026684K(3106432K) icms_dc=100 , 0.1314779 secs] [Times: user=1.39 sys=0.12, real=0.13 secs] 
14084.040: [GC 14084.041: [ParNew: 346792K->33650K(353920K), 0.1421020 secs] 2341308K->2028166K(3106432K) icms_dc=100 , 0.1437158 secs] [Times: user=1.43 sys=0.19, real=0.14 secs] 
14085.078: [GC 14085.079: [ParNew: 348274K->34551K(353920K), 0.0776867 secs] 2342790K->2035679K(3106432K) icms_dc=100 , 0.0793115 secs] [Times: user=1.14 sys=0.03, real=0.08 secs] 
14085.677: [CMS-concurrent-preclean: 8.762/12.395 secs] [Times: user=289.01 sys=10.10, real=12.40 secs] 
14085.678: [CMS-concurrent-abortable-preclean-start]
14085.720: [CMS-concurrent-abortable-preclean: 0.041/0.042 secs] [Times: user=1.12 sys=0.04, real=0.04 secs] 
14085.764: [GC[YG occupancy: 244182 K (353920 K)]14085.764: [Rescan (parallel) , 0.1423026 secs]14085.907: [weak refs processing, 0.0002874 secs] [1 CMS-remark: 2001127K(2752512K)] 2245310K(3106432K), 0.1432709 secs] [Times: user=2.42 sys=0.02, real=0.14 secs] 
14085.908: [CMS-concurrent-sweep-start]
14086.186: [GC 14086.187: [ParNew: 349175K->38360K(353920K), 0.1072063 secs] 2350302K->2045285K(3106432K) icms_dc=100 , 0.1087858 secs] [Times: user=1.26 sys=0.12, real=0.11 secs] 
14087.226: [GC 14087.227: [ParNew: 352984K->27835K(353920K), 0.0912434 secs] 2359909K->2049407K(3106432K) icms_dc=100 , 0.0928676 secs] [Times: user=1.16 sys=0.05, real=0.09 secs] 
14088.172: [GC 14088.173: [ParNew: 342459K->28585K(353920K), 0.0723414 secs] 2364023K->2050148K(3106432K) icms_dc=100 , 0.0739552 secs] [Times: user=0.90 sys=0.03, real=0.07 secs] 
14089.151: [GC 14089.153: [ParNew: 343209K->33306K(353920K), 0.0881226 secs] 2364736K->2060515K(3106432K) icms_dc=100 , 0.0896881 secs] [Times: user=1.12 sys=0.05, real=0.09 secs] 
14090.016: [GC 14090.017: [ParNew: 348154K->36441K(353920K), 0.1264465 secs] 2375341K->2069547K(3106432K) icms_dc=100 , 0.1280757 secs] [Times: user=1.37 sys=0.14, real=0.13 secs] 
14090.182: [GC 14090.182: [ParNew: 36914K->28676K(353920K), 0.1110447 secs] 2070020K->2070482K(3106432K) icms_dc=100 , 0.1122342 secs] [Times: user=1.18 sys=0.14, real=0.11 secs] 
14091.232: [GC 14091.233: [ParNew: 343300K->34551K(353920K), 0.1535808 secs] 2385064K->2076316K(3106432K) icms_dc=100 , 0.1551520 secs] [Times: user=1.52 sys=0.24, real=0.16 secs] 
14092.150: [GC 14092.151: [ParNew: 349175K->30992K(353920K), 0.1072095 secs] 2390890K->2089143K(3106432K) icms_dc=100 , 0.1087790 secs] [Times: user=1.19 sys=0.03, real=0.11 secs] 
14093.266: [GC 14093.267: [ParNew: 346025K->29768K(353920K), 0.0688344 secs] 2404134K->2087877K(3106432K) icms_dc=100 , 0.0705869 secs] [Times: user=0.91 sys=0.02, real=0.07 secs] 
14093.376: [GC 14093.376: [ParNew: 30263K->26036K(353920K), 0.0577594 secs] 2088372K->2091335K(3106432K) icms_dc=100 , 0.0590170 secs] [Times: user=0.87 sys=0.03, real=0.06 secs] 
14094.214: [GC 14094.215: [ParNew: 340660K->37368K(353920K), 0.1800554 secs] 2405955K->2102664K(3106432K) icms_dc=100 , 0.1816119 secs] [Times: user=1.37 sys=0.20, real=0.18 secs] 
14095.240: [GC 14095.241: [ParNew: 351717K->36272K(353920K), 0.1012316 secs] 2417008K->2109271K(3106432K) icms_dc=100 , 0.1028171 secs] [Times: user=1.07 sys=0.02, real=0.10 secs] 
14096.232: [GC 14096.233: [ParNew: 351015K->36866K(353920K), 0.1092906 secs] 2423974K->2116561K(3106432K) icms_dc=100 , 0.1108657 secs] [Times: user=1.14 sys=0.03, real=0.11 secs] 
14096.385: [GC 14096.386: [ParNew: 38576K->29382K(353920K), 0.1031464 secs] 2118271K->2116754K(3106432K) icms_dc=100 , 0.1044013 secs] [Times: user=1.15 sys=0.12, real=0.11 secs] 
14097.335: [GC 14097.336: [ParNew: 344006K->38157K(353920K), 0.0794227 secs] 2431262K->2125412K(3106432K) icms_dc=100 , 0.0809950 secs] [Times: user=0.90 sys=0.02, real=0.08 secs] 
14098.312: [GC 14098.313: [ParNew: 352781K->39296K(353920K), 0.1383849 secs] 2439573K->2135970K(3106432K) icms_dc=100 , 0.1604192 secs] [Times: user=1.27 sys=0.08, real=0.16 secs] 
14099.271: [GC 14099.272: [ParNew: 353920K->39296K(353920K), 0.1128338 secs] 2445306K->2140729K(3106432K) icms_dc=100 , 0.1145040 secs] [Times: user=1.07 sys=0.02, real=0.12 secs] 
14099.424: [GC 14099.425: [ParNew: 40718K->27160K(353920K), 0.0991131 secs] 2142115K->2156487K(3106432K) icms_dc=100 , 0.1003275 secs] [Times: user=0.98 sys=0.04, real=0.10 secs] 
14100.269: [CMS-concurrent-sweep: 10.857/14.360 secs] [Times: user=334.68 sys=12.71, real=14.36 secs] 
14100.270: [CMS-concurrent-reset-start]
14100.391: [GC 14100.392: [ParNew: 341784K->28541K(353920K), 0.1070054 secs] 2445709K->2132466K(3106432K) icms_dc=100 , 0.1085520 secs] [Times: user=1.15 sys=0.11, real=0.11 secs] 
14100.520: [CMS-concurrent-reset: 0.100/0.250 secs] [Times: user=4.17 sys=0.21, real=0.25 secs] 
14101.250: [GC 14101.251: [ParNew: 343165K->28557K(353920K), 0.3200071 secs] 2447090K->2145916K(3106432K) icms_dc=75 , 0.3215663 secs] [Times: user=2.31 sys=0.57, real=0.32 secs] 
14101.701: [GC [1 CMS-initial-mark: 2117358K(2752512K)] 2185370K(3106432K), 0.3911683 secs] [Times: user=0.39 sys=0.00, real=0.39 secs] 
14102.094: [CMS-concurrent-mark-start]
14103.154: [GC 14103.155: [ParNew: 343181K->29229K(353920K), 0.1714143 secs] 2460540K->2156617K(3106432K) icms_dc=75 , 0.1729809 secs] [Times: user=1.50 sys=0.22, real=0.17 secs] 
14104.417: [GC 14104.418: [ParNew: 343853K->39296K(353920K), 0.2249924 secs] 2471241K->2168359K(3106432K) icms_dc=75 , 0.2265585 secs] [Times: user=1.67 sys=0.32, real=0.23 secs] 
14105.477: [GC 14105.478: [ParNew: 353920K->33202K(353920K), 0.1430353 secs] 2482983K->2179790K(3106432K) icms_dc=75 , 0.1446132 secs] [Times: user=1.44 sys=0.16, real=0.15 secs] 
14106.500: [GC 14106.501: [ParNew: 347826K->30779K(353920K), 0.1668070 secs] 2494414K->2185371K(3106432K) icms_dc=75 , 0.1683787 secs] [Times: user=1.47 sys=0.23, real=0.17 secs] 
14107.514: [GC 14107.515: [ParNew: 345509K->30320K(353920K), 0.0833504 secs] 2500101K->2196802K(3106432K) icms_dc=76 , 0.0848924 secs] [Times: user=1.07 sys=0.02, real=0.09 secs] 
14107.637: [GC 14107.637: [ParNew: 30792K->14491K(353920K), 0.1212575 secs] 2197274K->2201516K(3106432K) icms_dc=95 , 0.1225080 secs] [Times: user=1.23 sys=0.14, real=0.12 secs] 
14108.664: [GC 14108.665: [ParNew: 329115K->28330K(353920K), 0.1027256 secs] 2516140K->2215356K(3106432K) icms_dc=95 , 0.1042806 secs] [Times: user=1.11 sys=0.13, real=0.10 secs] 
14109.642: [GC 14109.643: [ParNew: 342954K->26911K(353920K), 0.1244520 secs] 2529980K->2228095K(3106432K) icms_dc=95 , 0.1260488 secs] [Times: user=1.13 sys=0.02, real=0.13 secs] 
14110.583: [GC 14110.584: [ParNew: 341535K->34115K(353920K), 0.0909998 secs] 2542719K->2235299K(3106432K) icms_dc=95 , 0.0925406 secs] [Times: user=0.91 sys=0.04, real=0.09 secs] 
14111.528: [GC 14111.529: [ParNew: 348739K->35905K(353920K), 0.0772569 secs] 2549923K->2243609K(3106432K) icms_dc=95 , 0.0788193 secs] [Times: user=1.02 sys=0.01, real=0.08 secs] 
14112.506: [GC 14112.507: [ParNew: 351595K->38816K(353920K), 0.0650724 secs] 2559299K->2253842K(3106432K) icms_dc=95 , 0.0666337 secs] [Times: user=1.02 sys=0.02, real=0.07 secs] 
14112.611: [GC 14112.612: [ParNew: 39368K->27369K(353920K), 0.0851541 secs] 2254394K->2272106K(3106432K) icms_dc=95 , 0.0863534 secs] [Times: user=1.01 sys=0.04, real=0.09 secs] 
14113.693: [GC 14113.694: [ParNew: 341593K->24654K(353920K), 0.0697153 secs] 2586331K->2269391K(3106432K) icms_dc=95 , 0.0714073 secs] [Times: user=0.90 sys=0.02, real=0.07 secs] 
14114.690: [GC 14114.691: [ParNew: 340527K->24641K(353920K), 0.1475465 secs] 2585265K->2280600K(3106432K) icms_dc=95 , 0.1490877 secs] [Times: user=1.20 sys=0.10, real=0.15 secs] 
14114.883: [GC 14114.883: [ParNew: 28869K->23176K(353920K), 0.0444123 secs] 2284827K->2279134K(3106432K) icms_dc=95 , 0.0456253 secs] [Times: user=0.71 sys=0.03, real=0.05 secs] 
14115.791: [GC 14115.793: [ParNew: 337800K->32602K(353920K), 0.0729974 secs] 2593758K->2288560K(3106432K) icms_dc=95 , 0.0746389 secs] [Times: user=1.02 sys=0.04, real=0.08 secs] 
14116.615: [GC 14116.616: [ParNew: 347226K->35810K(353920K), 0.0753954 secs] 2603184K->2298277K(3106432K) icms_dc=95 , 0.0769372 secs] [Times: user=1.05 sys=0.02, real=0.08 secs] 
14117.527: [GC 14117.528: [ParNew: 350725K->37385K(353920K), 0.1266389 secs] 2613192K->2306264K(3106432K) icms_dc=95 , 0.1281969 secs] [Times: user=1.34 sys=0.09, real=0.13 secs] 
14118.537: [GC 14118.538: [ParNew: 352202K->39296K(353920K), 0.1054723 secs] 2621081K->2315387K(3106432K) icms_dc=95 , 0.1070328 secs] [Times: user=1.11 sys=0.05, real=0.11 secs] 
14118.683: [GC 14118.684: [ParNew: 39642K->28797K(353920K), 0.0660218 secs] 2315734K->2314614K(3106432K) icms_dc=95 , 0.0672248 secs] [Times: user=0.89 sys=0.02, real=0.07 secs] 
14119.561: [GC 14119.563: [ParNew: 343421K->39296K(353920K), 0.1070874 secs] 2629238K->2325522K(3106432K) icms_dc=95 , 0.1087508 secs] [Times: user=1.18 sys=0.10, real=0.11 secs] 
14120.523: [GC 14120.524: [ParNew: 353920K->34203K(353920K), 0.1288569 secs] 2640234K->2335601K(3106432K) icms_dc=95 , 0.1304242 secs] [Times: user=1.36 sys=0.07, real=0.13 secs] 
14120.692: [GC 14120.692: [ParNew: 34533K->12875K(353920K), 0.0699187 secs] 2335930K->2335874K(3106432K) icms_dc=100 , 0.0711195 secs] [Times: user=0.82 sys=0.02, real=0.07 secs] 
14121.728: [GC 14121.730: [ParNew: 327499K->23271K(353920K), 0.1565436 secs] 2650498K->2346270K(3106432K) icms_dc=100 , 0.1581472 secs] [Times: user=1.45 sys=0.19, real=0.16 secs] 
14122.619: [GC 14122.620: [ParNew: 337895K->26744K(353920K), 0.0863205 secs] 2660894K->2362913K(3106432K) icms_dc=100 , 0.0878731 secs] [Times: user=1.11 sys=0.04, real=0.09 secs] 
14123.522: [CMS-concurrent-mark: 15.141/21.427 secs] [Times: user=517.79 sys=17.05, real=21.43 secs] 
14123.523: [CMS-concurrent-preclean-start]
14123.684: [GC 14123.685: [ParNew: 341368K->28289K(353920K), 0.1211618 secs] 2677537K->2374347K(3106432K) icms_dc=100 , 0.1227566 secs] [Times: user=1.17 sys=0.06, real=0.12 secs] 
14124.604: [GC 14124.605: [ParNew: 342913K->29020K(353920K), 0.0777390 secs] 2688971K->2385993K(3106432K) icms_dc=100 , 0.0792997 secs] [Times: user=1.00 sys=0.03, real=0.08 secs] 
14125.667: [GC 14125.668: [ParNew: 345099K->37311K(353920K), 0.1207113 secs] 2702072K->2404894K(3106432K) icms_dc=100 , 0.1222497 secs] [Times: user=1.11 sys=0.04, real=0.12 secs] 
14125.843: [GC 14125.844: [ParNew: 47940K->20999K(353920K), 0.0699507 secs] 2415523K->2414354K(3106432K) icms_dc=100 , 0.0711931 secs] [Times: user=0.92 sys=0.02, real=0.07 secs] 
14126.861: [GC 14126.862: [ParNew: 335623K->22125K(353920K), 0.0871119 secs] 2728978K->2415480K(3106432K) icms_dc=100 , 0.0887293 secs] [Times: user=1.06 sys=0.09, real=0.09 secs] 
14127.881: [GC 14127.882: [ParNew: 336548K->38911K(353920K), 0.1093106 secs] 2729903K->2432265K(3106432K) icms_dc=100 , 0.1108854 secs] [Times: user=0.99 sys=0.03, real=0.11 secs] 
14129.038: [GC 14129.039: [ParNew: 353535K->36018K(353920K), 0.1491840 secs] 2746889K->2439150K(3106432K) icms_dc=100 , 0.1507577 secs] [Times: user=1.46 sys=0.14, real=0.15 secs] 
14130.137: [GC 14130.138: [ParNew: 350642K->39295K(353920K), 0.0880726 secs] 2753774K->2450208K(3106432K) icms_dc=100 , 0.0896843 secs] [Times: user=1.08 sys=0.02, real=0.09 secs] 
14130.470: [CMS-concurrent-preclean: 5.099/6.947 secs] [Times: user=162.76 sys=6.36, real=6.95 secs] 
14130.472: [CMS-concurrent-abortable-preclean-start]
14131.362: [GC 14131.363: [ParNew: 353919K->39296K(353920K), 0.1567429 secs] 2764832K->2459281K(3106432K) icms_dc=100 , 0.1584301 secs] [Times: user=1.17 sys=0.02, real=0.16 secs] 
14131.543: [CMS-concurrent-abortable-preclean: 0.744/1.071 secs] [Times: user=20.83 sys=1.05, real=1.07 secs] 
14131.582: [GC[YG occupancy: 47485 K (353920 K)]14131.583: [Rescan (parallel) , 0.0940621 secs]14131.677: [weak refs processing, 0.0288217 secs] [1 CMS-remark: 2419985K(2752512K)] 2467471K(3106432K), 0.1274279 secs] [Times: user=1.55 sys=0.04, real=0.13 secs] 
14131.711: [CMS-concurrent-sweep-start]
14132.640: [GC 14132.641: [ParNew: 353920K->39296K(353920K), 0.1538585 secs] 2773886K->2468383K(3106432K) icms_dc=100 , 0.1608869 secs] [Times: user=1.40 sys=0.13, real=0.16 secs] 
14133.832: [GC 14133.833: [ParNew: 353920K->38357K(353920K), 0.0951578 secs] 2782435K->2473455K(3106432K) icms_dc=100 , 0.0968955 secs] [Times: user=1.10 sys=0.02, real=0.10 secs] 
14134.738: [GC 14134.740: [ParNew: 352981K->39296K(353920K), 0.1093762 secs] 2787958K->2481820K(3106432K) icms_dc=100 , 0.1109451 secs] [Times: user=1.19 sys=0.04, real=0.11 secs] 
14135.790: [GC 14135.791: [ParNew: 353920K->32210K(353920K), 0.0972547 secs] 2796198K->2487852K(3106432K) icms_dc=100 , 0.0988725 secs] [Times: user=1.09 sys=0.02, real=0.10 secs] 
14136.679: [GC 14136.680: [ParNew: 346834K->33591K(353920K), 0.1166203 secs] 2802268K->2489025K(3106432K) icms_dc=100 , 0.1181819 secs] [Times: user=1.12 sys=0.07, real=0.12 secs] 
14137.508: [GC 14137.509: [ParNew: 348215K->34557K(353920K), 0.1649059 secs] 2803358K->2497567K(3106432K) icms_dc=100 , 0.1664895 secs] [Times: user=1.56 sys=0.19, real=0.17 secs] 
14138.835: [GC 14138.836: [ParNew: 349181K->38848K(353920K), 0.2126772 secs] 2810987K->2507218K(3106432K) icms_dc=100 , 0.2142402 secs] [Times: user=1.74 sys=0.24, real=0.21 secs] 
14139.751: [GC 14139.752: [ParNew: 353690K->38322K(353920K), 0.1234990 secs] 2815732K->2507969K(3106432K) icms_dc=100 , 0.1250542 secs] [Times: user=1.33 sys=0.11, real=0.13 secs] 
14139.915: [GC 14139.915: [ParNew: 39204K->26310K(353920K), 0.0824619 secs] 2508843K->2504458K(3106432K) icms_dc=100 , 0.0836423 secs] [Times: user=0.99 sys=0.05, real=0.08 secs] 
14140.715: [GC 14140.716: [ParNew: 340934K->35276K(353920K), 0.0669222 secs] 2818585K->2512928K(3106432K) icms_dc=100 , 0.0684992 secs] [Times: user=0.97 sys=0.02, real=0.07 secs] 
14141.811: [GC 14141.812: [ParNew: 349900K->34461K(353920K), 0.1683892 secs] 2827393K->2533807K(3106432K) icms_dc=100 , 0.1699401 secs] [Times: user=1.34 sys=0.03, real=0.17 secs] 
14142.727: [GC 14142.728: [ParNew: 349085K->36832K(353920K), 0.1304573 secs] 2848263K->2545414K(3106432K) icms_dc=100 , 0.1320108 secs] [Times: user=1.23 sys=0.06, real=0.13 secs] 
14143.691: [GC 14143.692: [ParNew: 351619K->37730K(353920K), 0.1139959 secs] 2859935K->2557705K(3106432K) icms_dc=100 , 0.1154985 secs] [Times: user=1.21 sys=0.07, real=0.12 secs] 
14143.859: [GC 14143.860: [ParNew: 44372K->22631K(353920K), 0.0680567 secs] 2564344K->2568331K(3106432K) icms_dc=100 , 0.0692769 secs] [Times: user=0.90 sys=0.02, real=0.07 secs] 
14144.762: [GC 14144.763: [ParNew: 337255K->30568K(353920K), 0.0996717 secs] 2882450K->2575763K(3106432K) icms_dc=100 , 0.1012140 secs] [Times: user=1.07 sys=0.07, real=0.10 secs] 
14145.679: [GC 14145.680: [ParNew: 345192K->29573K(353920K), 0.2338260 secs] 2886032K->2583210K(3106432K) icms_dc=100 , 0.2354109 secs] [Times: user=2.03 sys=0.37, real=0.24 secs] 
14146.636: [GC 14146.637: [ParNew: 344197K->32309K(353920K), 0.0761232 secs] 2897321K->2595424K(3106432K) icms_dc=100 , 0.0777920 secs] [Times: user=1.11 sys=0.03, real=0.08 secs] 
14147.684: [GC 14147.685: [ParNew: 347393K->29089K(353920K), 0.1055947 secs] 2907265K->2601079K(3106432K) icms_dc=100 , 0.1071677 secs] [Times: user=1.18 sys=0.07, real=0.11 secs] 
14147.829: [GC 14147.830: [ParNew: 29626K->14615K(353920K), 0.0705353 secs] 2601593K->2606792K(3106432K) icms_dc=100 , 0.0717342 secs] [Times: user=0.86 sys=0.03, real=0.07 secs] 
14148.697: [GC 14148.698: [ParNew: 329239K->24627K(353920K), 0.1066758 secs] 2909117K->2604504K(3106432K) icms_dc=100 , 0.1083855 secs] [Times: user=1.16 sys=0.06, real=0.11 secs] 
14149.606: [GC 14149.607: [ParNew: 339251K->30929K(353920K), 0.2549537 secs] 2892171K->2597605K(3106432K) icms_dc=100 , 0.2565538 secs] [Times: user=2.01 sys=0.31, real=0.26 secs] 
14150.707: [GC 14150.708: [ParNew: 345553K->33190K(353920K), 0.1098178 secs] 2825477K->2522855K(3106432K) icms_dc=100 , 0.1113791 secs] [Times: user=1.11 sys=0.05, real=0.11 secs] 
14151.766: [GC 14151.767: [ParNew: 347814K->32174K(353920K), 0.0840888 secs] 2771748K->2466853K(3106432K) icms_dc=100 , 0.0856746 secs] [Times: user=1.04 sys=0.02, real=0.09 secs] 
14152.620: [GC 14152.621: [ParNew: 346798K->32780K(353920K), 0.0864555 secs] 2758646K->2454224K(3106432K) icms_dc=100 , 0.0880083 secs] [Times: user=1.14 sys=0.03, real=0.09 secs] 
14153.562: [GC 14153.563: [ParNew: 347404K->27162K(353920K), 0.1391709 secs] 2682106K->2371966K(3106432K) icms_dc=100 , 0.1407650 secs] [Times: user=1.41 sys=0.15, real=0.14 secs] 
14154.594: [GC 14154.595: [ParNew: 341786K->38707K(353920K), 0.1111384 secs] 2639412K->2336333K(3106432K) icms_dc=100 , 0.1127398 secs] [Times: user=1.27 sys=0.11, real=0.11 secs] 
14155.533: [GC 14155.534: [ParNew: 353331K->39296K(353920K), 0.1454241 secs] 2605077K->2300417K(3106432K) icms_dc=100 , 0.1469850 secs] [Times: user=1.42 sys=0.12, real=0.15 secs] 
14156.505: [GC 14156.506: [ParNew: 353920K->36380K(353920K), 0.1026681 secs] 2564698K->2262739K(3106432K) icms_dc=100 , 0.1041861 secs] [Times: user=1.20 sys=0.01, real=0.10 secs] 
14156.647: [GC 14156.647: [ParNew: 36535K->5462K(353920K), 0.0649333 secs] 2262876K->2252025K(3106432K) icms_dc=100 , 0.0661316 secs] [Times: user=0.83 sys=0.02, real=0.07 secs] 
14157.532: [GC 14157.534: [ParNew: 320086K->26885K(353920K), 0.0730610 secs] 2505927K->2212726K(3106432K) icms_dc=100 , 0.0746182 secs] [Times: user=0.93 sys=0.02, real=0.08 secs] 
14157.949: [CMS-concurrent-sweep: 19.681/26.238 secs] [Times: user=621.17 sys=21.48, real=26.24 secs] 
14157.950: [CMS-concurrent-reset-start]
14157.978: [CMS-concurrent-reset: 0.028/0.028 secs] [Times: user=0.64 sys=0.03, real=0.03 secs] 
14158.468: [GC 14158.469: [ParNew: 341509K->23035K(353920K), 0.1465972 secs] 2511576K->2206518K(3106432K) icms_dc=75 , 0.1481758 secs] [Times: user=1.39 sys=0.17, real=0.15 secs] 
14158.752: [GC [1 CMS-initial-mark: 2183482K(2752512K)] 2245918K(3106432K), 0.5332802 secs] [Times: user=0.54 sys=0.00, real=0.53 secs] 
14159.286: [CMS-concurrent-mark-start]
14159.980: [GC 14159.981: [ParNew: 337659K->30989K(353920K), 0.0627719 secs] 2521142K->2214471K(3106432K) icms_dc=75 , 0.0643192 secs] [Times: user=0.96 sys=0.02, real=0.06 secs] 
14160.926: [GC 14160.927: [ParNew: 345613K->39296K(353920K), 0.0959016 secs] 2529095K->2230763K(3106432K) icms_dc=75 , 0.0978346 secs] [Times: user=1.12 sys=0.02, real=0.10 secs] 
14161.902: [GC 14161.903: [ParNew: 353920K->23925K(353920K), 0.0927429 secs] 2545701K->2232841K(3106432K) icms_dc=75 , 0.0943372 secs] [Times: user=1.22 sys=0.03, real=0.09 secs] 
14162.805: [GC 14162.806: [ParNew: 338549K->35341K(353920K), 0.1119676 secs] 2547465K->2244257K(3106432K) icms_dc=75 , 0.1135497 secs] [Times: user=1.32 sys=0.12, real=0.11 secs] 
14163.650: [GC 14163.651: [ParNew: 349965K->39295K(353920K), 0.1361736 secs] 2558881K->2254475K(3106432K) icms_dc=75 , 0.1377215 secs] [Times: user=1.43 sys=0.15, real=0.14 secs] 
14164.659: [GC 14164.660: [ParNew: 353919K->39295K(353920K), 0.1273928 secs] 2569099K->2263746K(3106432K) icms_dc=75 , 0.1289728 secs] [Times: user=1.25 sys=0.03, real=0.13 secs] 
14165.556: [GC 14165.557: [ParNew: 353919K->39296K(353920K), 0.1406478 secs] 2578370K->2271929K(3106432K) icms_dc=75 , 0.1423128 secs] [Times: user=1.19 sys=0.02, real=0.14 secs] 
14166.681: [GC 14166.682: [ParNew: 353920K->39296K(353920K), 0.1073389 secs] 2586553K->2280235K(3106432K) icms_dc=75 , 0.1089601 secs] [Times: user=1.22 sys=0.07, real=0.11 secs] 
14167.667: [GC 14167.668: [ParNew: 353920K->39296K(353920K), 0.1422435 secs] 2594859K->2289609K(3106432K) icms_dc=78 , 0.1438001 secs] [Times: user=1.45 sys=0.13, real=0.14 secs] 
14168.865: [GC 14168.866: [ParNew: 353466K->36452K(353920K), 0.0852412 secs] 2603780K->2295740K(3106432K) icms_dc=78 , 0.0868494 secs] [Times: user=1.16 sys=0.03, real=0.09 secs] 
14169.865: [GC 14169.866: [ParNew: 351076K->39296K(353920K), 0.1031988 secs] 2610364K->2306493K(3106432K) icms_dc=78 , 0.1047305 secs] [Times: user=1.18 sys=0.02, real=0.11 secs] 
14170.840: [GC 14170.841: [ParNew: 353920K->39296K(353920K), 0.1342752 secs] 2621117K->2315390K(3106432K) icms_dc=82 , 0.1360140 secs] [Times: user=1.37 sys=0.05, real=0.14 secs] 
14171.824: [GC 14171.825: [ParNew: 353920K->35398K(353920K), 0.1634604 secs] 2630014K->2318000K(3106432K) icms_dc=82 , 0.1650452 secs] [Times: user=1.62 sys=0.22, real=0.18 secs] 
14172.904: [GC 14172.905: [ParNew: 350022K->34814K(353920K), 0.1777092 secs] 2632624K->2325043K(3106432K) icms_dc=82 , 0.1793860 secs] [Times: user=1.69 sys=0.26, real=0.18 secs] 
14173.994: [GC 14173.995: [ParNew: 349438K->34966K(353920K), 0.0780643 secs] 2639667K->2330882K(3106432K) icms_dc=82 , 0.0796278 secs] [Times: user=1.11 sys=0.03, real=0.08 secs] 
14175.215: [GC 14175.216: [ParNew: 349590K->37607K(353920K), 0.1385830 secs] 2645506K->2340653K(3106432K) icms_dc=82 , 0.1402922 secs] [Times: user=1.58 sys=0.08, real=0.14 secs] 
14176.426: [GC 14176.427: [ParNew: 352231K->38935K(353920K), 0.0890174 secs] 2655277K->2350193K(3106432K) icms_dc=82 , 0.0907541 secs] [Times: user=1.19 sys=0.02, real=0.09 secs] 
14177.432: [GC 14177.433: [ParNew: 353559K->29605K(353920K), 0.1090060 secs] 2664817K->2354527K(3106432K) icms_dc=85 , 0.1105865 secs] [Times: user=1.20 sys=0.02, real=0.11 secs] 
14178.301: [GC 14178.302: [ParNew: 344229K->34222K(353920K), 0.0743882 secs] 2669151K->2359144K(3106432K) icms_dc=85 , 0.0759431 secs] [Times: user=1.15 sys=0.02, real=0.08 secs] 
14179.461: [GC 14179.463: [ParNew: 348925K->39295K(353920K), 0.1182770 secs] 2673847K->2370856K(3106432K) icms_dc=85 , 0.1198651 secs] [Times: user=1.22 sys=0.02, real=0.12 secs] 
14179.622: [GC 14179.623: [ParNew: 39826K->29655K(353920K), 0.1095136 secs] 2371386K->2370868K(3106432K) icms_dc=85 , 0.1107035 secs] [Times: user=1.15 sys=0.04, real=0.11 secs] 
14180.056: [CMS-concurrent-mark: 13.591/20.769 secs] [Times: user=504.99 sys=16.70, real=20.77 secs] 
14180.057: [CMS-concurrent-preclean-start]
14180.533: [GC 14180.534: [ParNew: 344279K->35272K(353920K), 0.1332995 secs] 2685492K->2376485K(3106432K) icms_dc=85 , 0.1348550 secs] [Times: user=1.20 sys=0.10, real=0.14 secs] 
14181.407: [GC 14181.408: [ParNew: 350141K->38638K(353920K), 0.1108521 secs] 2691355K->2387916K(3106432K) icms_dc=85 , 0.1123495 secs] [Times: user=1.09 sys=0.01, real=0.11 secs] 
14181.558: [GC 14181.559: [ParNew: 39253K->27293K(353920K), 0.0627034 secs] 2388531K->2385633K(3106432K) icms_dc=89 , 0.0639132 secs] [Times: user=0.94 sys=0.02, real=0.06 secs] 
14182.524: [GC 14182.525: [ParNew: 341975K->35945K(353920K), 0.1254442 secs] 2700315K->2394285K(3106432K) icms_dc=89 , 0.1270537 secs] [Times: user=1.30 sys=0.10, real=0.13 secs] 
14182.690: [GC 14182.691: [ParNew: 36430K->16955K(353920K), 0.1146609 secs] 2394769K->2406497K(3106432K) icms_dc=89 , 0.1158609 secs] [Times: user=1.17 sys=0.04, real=0.12 secs] 
14184.307: [GC 14184.308: [ParNew: 331622K->21957K(353920K), 0.0715046 secs] 2721165K->2411499K(3106432K) icms_dc=89 , 0.0732759 secs] [Times: user=0.93 sys=0.03, real=0.07 secs] 
14184.418: [GC 14184.419: [ParNew: 22441K->27295K(353920K), 0.0590262 secs] 2411984K->2416837K(3106432K) icms_dc=89 , 0.0603216 secs] [Times: user=0.81 sys=0.03, real=0.06 secs] 
14185.381: [GC 14185.382: [ParNew: 341919K->26053K(353920K), 0.1042834 secs] 2731461K->2427244K(3106432K) icms_dc=89 , 0.1058495 secs] [Times: user=1.21 sys=0.03, real=0.11 secs] 
14186.263: [GC 14186.264: [ParNew: 341510K->31846K(353920K), 0.2202185 secs] 2742700K->2442406K(3106432K) icms_dc=89 , 0.2217338 secs] [Times: user=1.74 sys=0.30, real=0.22 secs] 
14187.284: [GC 14187.285: [ParNew: 346416K->31588K(353920K), 0.1180124 secs] 2756977K->2452952K(3106432K) icms_dc=95 , 0.1195550 secs] [Times: user=1.07 sys=0.03, real=0.12 secs] 
14188.215: [GC 14188.216: [ParNew: 346212K->33435K(353920K), 0.1295266 secs] 2767576K->2454799K(3106432K) icms_dc=95 , 0.1310503 secs] [Times: user=1.22 sys=0.14, real=0.13 secs] 
14189.203: [GC 14189.204: [ParNew: 348603K->39295K(353920K), 0.0992420 secs] 2769968K->2467793K(3106432K) icms_dc=95 , 0.1009419 secs] [Times: user=1.15 sys=0.02, real=0.10 secs] 
14189.343: [GC 14189.343: [ParNew: 39549K->32821K(353920K), 0.0844127 secs] 2468047K->2471571K(3106432K) icms_dc=95 , 0.0856884 secs] [Times: user=1.03 sys=0.02, real=0.09 secs] 
14190.257: [GC 14190.258: [ParNew: 347445K->34597K(353920K), 0.1277111 secs] 2786195K->2473346K(3106432K) icms_dc=95 , 0.1294655 secs] [Times: user=1.20 sys=0.03, real=0.13 secs] 
14191.383: [GC 14191.384: [ParNew: 349580K->39295K(353920K), 0.0874344 secs] 2788329K->2484882K(3106432K) icms_dc=95 , 0.0890760 secs] [Times: user=1.21 sys=0.03, real=0.09 secs] 
14191.511: [GC 14191.512: [ParNew: 39687K->16680K(353920K), 0.0978886 secs] 2485273K->2492705K(3106432K) icms_dc=95 , 0.0991649 secs] [Times: user=1.18 sys=0.04, real=0.10 secs] 
14192.600: [GC 14192.601: [ParNew: 331304K->29258K(353920K), 0.0835726 secs] 2807329K->2505283K(3106432K) icms_dc=95 , 0.0852130 secs] [Times: user=1.18 sys=0.03, real=0.09 secs] 
14193.586: [GC 14193.587: [ParNew: 343882K->28984K(353920K), 0.1507344 secs] 2819907K->2519099K(3106432K) icms_dc=100 , 0.1523801 secs] [Times: user=1.29 sys=0.04, real=0.15 secs] 
14194.019: [CMS-concurrent-preclean: 8.543/13.962 secs] [Times: user=305.89 sys=10.17, real=13.96 secs] 
14194.020: [CMS-concurrent-abortable-preclean-start]
14194.575: [GC 14194.576: [ParNew: 343608K->31386K(353920K), 0.1002461 secs] 2833723K->2521502K(3106432K) icms_dc=100 , 0.1018478 secs] [Times: user=1.10 sys=0.06, real=0.10 secs] 
14195.080: [CMS-concurrent-abortable-preclean: 0.877/1.059 secs] [Times: user=27.93 sys=0.94, real=1.06 secs] 
14195.120: [GC[YG occupancy: 199957 K (353920 K)]14195.121: [Rescan (parallel) , 0.1358087 secs]14195.257: [weak refs processing, 0.0306088 secs] [1 CMS-remark: 2490115K(2752512K)] 2690072K(3106432K), 0.1715477 secs] [Times: user=2.48 sys=0.03, real=0.17 secs] 
14195.293: [CMS-concurrent-sweep-start]
14195.786: [GC 14195.787: [ParNew: 345999K->37591K(353920K), 0.0907027 secs] 2836110K->2534563K(3106432K) icms_dc=100 , 0.0922971 secs] [Times: user=1.21 sys=0.03, real=0.09 secs] 
14196.705: [GC 14196.706: [ParNew: 352215K->27848K(353920K), 0.1619763 secs] 2849178K->2542010K(3106432K) icms_dc=100 , 0.1638399 secs] [Times: user=1.51 sys=0.13, real=0.16 secs] 
14197.655: [GC 14197.656: [ParNew: 342472K->33496K(353920K), 0.1253052 secs] 2856589K->2547613K(3106432K) icms_dc=100 , 0.1269268 secs] [Times: user=1.38 sys=0.13, real=0.13 secs] 
14198.620: [GC 14198.621: [ParNew: 348120K->39296K(353920K), 0.1637007 secs] 2862126K->2561009K(3106432K) icms_dc=100 , 0.1653248 secs] [Times: user=1.66 sys=0.22, real=0.17 secs] 
14199.604: [GC 14199.605: [ParNew: 353920K->39296K(353920K), 0.1842745 secs] 2875322K->2571393K(3106432K) icms_dc=100 , 0.1859592 secs] [Times: user=1.63 sys=0.16, real=0.19 secs] 
14200.604: [GC 14200.605: [ParNew: 353893K->38430K(353920K), 0.0894874 secs] 2885836K->2579009K(3106432K) icms_dc=100 , 0.0910752 secs] [Times: user=1.17 sys=0.02, real=0.09 secs] 
14201.522: [GC 14201.523: [ParNew: 353039K->39296K(353920K), 0.0691734 secs] 2893286K->2586624K(3106432K) icms_dc=100 , 0.0707028 secs] [Times: user=1.04 sys=0.02, real=0.07 secs] 
14202.449: [GC 14202.450: [ParNew: 353920K->30441K(353920K), 0.0943869 secs] 2901118K->2593923K(3106432K) icms_dc=100 , 0.0959993 secs] [Times: user=1.21 sys=0.03, real=0.10 secs] 
14203.395: [GC 14203.396: [ParNew: 345065K->29492K(353920K), 0.0782042 secs] 2908393K->2600644K(3106432K) icms_dc=100 , 0.0797812 secs] [Times: user=1.00 sys=0.03, real=0.08 secs] 
14204.277: [GC 14204.278: [ParNew: 344116K->31277K(353920K), 0.1439016 secs] 2914484K->2610633K(3106432K) icms_dc=100 , 0.1454693 secs] [Times: user=1.15 sys=0.05, real=0.15 secs] 
14205.198: [GC 14205.199: [ParNew: 345901K->32058K(353920K), 0.0929835 secs] 2923638K->2609795K(3106432K) icms_dc=100 , 0.0945124 secs] [Times: user=1.14 sys=0.09, real=0.10 secs] 
14206.238: [GC 14206.239: [ParNew: 347172K->37328K(353920K), 0.0801376 secs] 2918776K->2616520K(3106432K) icms_dc=100 , 0.0817324 secs] [Times: user=1.12 sys=0.03, real=0.08 secs] 
14206.358: [GC 14206.358: [ParNew: 37641K->29593K(353920K), 0.0796809 secs] 2616833K->2618035K(3106432K) icms_dc=100 , 0.0808751 secs] [Times: user=0.94 sys=0.02, real=0.08 secs] 
14207.253: [GC 14207.254: [ParNew: 344293K->33042K(353920K), 0.0738862 secs] 2932549K->2621298K(3106432K) icms_dc=100 , 0.0754900 secs] [Times: user=0.94 sys=0.02, real=0.08 secs] 
14207.367: [GC 14207.373: [ParNew: 33551K->28237K(353920K), 0.0675220 secs] 2621807K->2625324K(3106432K) icms_dc=100 , 0.0687217 secs] [Times: user=0.95 sys=0.02, real=0.07 secs] 
14208.323: [GC 14208.324: [ParNew: 342861K->37582K(353920K), 0.0909079 secs] 2939489K->2634210K(3106432K) icms_dc=100 , 0.0925118 secs] [Times: user=1.14 sys=0.07, real=0.09 secs] 
14209.324: [GC 14209.325: [ParNew: 352206K->39296K(353920K), 0.1172164 secs] 2946400K->2642669K(3106432K) icms_dc=100 , 0.1188016 secs] [Times: user=1.24 sys=0.04, real=0.12 secs] 
14210.296: [GC 14210.297: [ParNew: 353920K->39296K(353920K), 0.1358379 secs] 2950396K->2644924K(3106432K) icms_dc=100 , 0.1374070 secs] [Times: user=1.41 sys=0.08, real=0.14 secs] 
14211.274: [GC 14211.275: [ParNew: 353920K->39296K(353920K), 0.1139693 secs] 2948214K->2644152K(3106432K) icms_dc=100 , 0.1155308 secs] [Times: user=1.16 sys=0.03, real=0.12 secs] 
14212.180: [GC 14212.181: [ParNew: 353920K->39296K(353920K), 0.1822888 secs] 2923083K->2617966K(3106432K) icms_dc=100 , 0.1838301 secs] [Times: user=1.44 sys=0.16, real=0.18 secs] 
14213.290: [GC 14213.291: [ParNew: 353920K->37294K(353920K), 0.0938137 secs] 2884036K->2575546K(3106432K) icms_dc=100 , 0.0955126 secs] [Times: user=1.14 sys=0.03, real=0.10 secs] 
14214.420: [GC 14214.421: [ParNew: 351918K->39296K(353920K), 0.1010192 secs] 2870713K->2566012K(3106432K) icms_dc=100 , 0.1026048 secs] [Times: user=1.24 sys=0.04, real=0.10 secs] 
14215.382: [GC 14215.384: [ParNew: 353920K->28740K(353920K), 0.1427665 secs] 2858406K->2548854K(3106432K) icms_dc=100 , 0.1443507 secs] [Times: user=1.51 sys=0.14, real=0.14 secs] 
14216.271: [GC 14216.272: [ParNew: 343364K->34848K(353920K), 0.0791889 secs] 2842693K->2534176K(3106432K) icms_dc=100 , 0.0807425 secs] [Times: user=1.03 sys=0.06, real=0.08 secs] 
14217.109: [GC 14217.110: [ParNew: 349472K->28961K(353920K), 0.0988031 secs] 2807164K->2502851K(3106432K) icms_dc=100 , 0.1003611 secs] [Times: user=1.13 sys=0.03, real=0.10 secs] 
14218.096: [GC 14218.097: [ParNew: 343585K->29582K(353920K), 0.0942073 secs] 2747826K->2443245K(3106432K) icms_dc=100 , 0.0958015 secs] [Times: user=1.14 sys=0.04, real=0.10 secs] 
14218.962: [GC 14218.963: [ParNew: 344206K->30801K(353920K), 0.1097162 secs] 2706442K->2403148K(3106432K) icms_dc=100 , 0.1112891 secs] [Times: user=1.20 sys=0.04, real=0.11 secs] 
14219.852: [GC 14219.853: [ParNew: 345425K->31940K(353920K), 0.0823822 secs] 2681149K->2378067K(3106432K) icms_dc=100 , 0.0840076 secs] [Times: user=1.12 sys=0.02, real=0.08 secs] 
14220.816: [GC 14220.817: [ParNew: 346564K->32311K(353920K), 0.0930192 secs] 2638344K->2335546K(3106432K) icms_dc=100 , 0.0946947 secs] [Times: user=1.22 sys=0.03, real=0.10 secs] 
14221.841: [GC 14221.842: [ParNew: 346935K->24413K(353920K), 0.1000571 secs] 2575867K->2263726K(3106432K) icms_dc=100 , 0.1016151 secs] [Times: user=1.14 sys=0.05, real=0.10 secs] 
14222.637: [GC 14222.638: [ParNew: 339037K->37894K(353920K), 0.1169528 secs] 2536570K->2235426K(3106432K) icms_dc=100 , 0.1185082 secs] [Times: user=1.31 sys=0.16, real=0.12 secs] 
14223.472: [CMS-concurrent-sweep: 22.225/28.179 secs] [Times: user=688.85 sys=23.79, real=28.18 secs] 
14223.474: [CMS-concurrent-reset-start]
14223.542: [GC 14223.543: [ParNew: 352518K->39296K(353920K), 0.1326259 secs] 2495636K->2192798K(3106432K) icms_dc=100 , 0.1342384 secs] [Times: user=1.35 sys=0.03, real=0.13 secs] 
14223.768: [CMS-concurrent-reset: 0.118/0.294 secs] [Times: user=4.95 sys=0.14, real=0.30 secs] 
14224.505: [GC 14224.506: [ParNew: 353886K->34365K(353920K), 0.1012654 secs] 2507389K->2205519K(3106432K) icms_dc=75 , 0.1028120 secs] [Times: user=1.19 sys=0.03, real=0.10 secs] 
14224.748: [GC [1 CMS-initial-mark: 2171153K(2752512K)] 2245006K(3106432K), 0.5039525 secs] [Times: user=0.51 sys=0.00, real=0.50 secs] 
14225.253: [CMS-concurrent-mark-start]
14226.157: [GC 14226.158: [ParNew: 349255K->32504K(353920K), 0.0924560 secs] 2520409K->2212617K(3106432K) icms_dc=91 , 0.0940527 secs] [Times: user=1.08 sys=0.02, real=0.09 secs] 
14226.290: [GC 14226.290: [ParNew: 33321K->16711K(353920K), 0.0709467 secs] 2213434K->2219446K(3106432K) icms_dc=100 , 0.0721618 secs] [Times: user=0.92 sys=0.03, real=0.07 secs] 
14227.297: [GC 14227.298: [ParNew: 332375K->28174K(353920K), 0.0663735 secs] 2535110K->2230909K(3106432K) icms_dc=100 , 0.0679509 secs] [Times: user=0.86 sys=0.02, real=0.07 secs] 
14227.407: [GC 14227.408: [ParNew: 30029K->13361K(353920K), 0.0689282 secs] 2232764K->2241699K(3106432K) icms_dc=100 , 0.0701497 secs] [Times: user=0.91 sys=0.02, real=0.07 secs] 
14228.331: [GC 14228.332: [ParNew: 327985K->24858K(353920K), 0.2261681 secs] 2556323K->2253196K(3106432K) icms_dc=100 , 0.2277467 secs] [Times: user=1.88 sys=0.42, real=0.23 secs] 
14229.764: [GC 14229.765: [ParNew: 339482K->24109K(353920K), 0.1105902 secs] 2567820K->2264286K(3106432K) icms_dc=100 , 0.1122031 secs] [Times: user=1.30 sys=0.08, real=0.11 secs] 
14230.720: [GC 14230.721: [ParNew: 338757K->35563K(353920K), 0.0620989 secs] 2578934K->2275740K(3106432K) icms_dc=100 , 0.0636462 secs] [Times: user=0.95 sys=0.02, real=0.06 secs] 
14230.822: [GC 14230.823: [ParNew: 36120K->28917K(353920K), 0.0662732 secs] 2276297K->2279783K(3106432K) icms_dc=100 , 0.0674793 secs] [Times: user=0.92 sys=0.02, real=0.07 secs] 
14231.774: [GC 14231.775: [ParNew: 343541K->39296K(353920K), 0.0654227 secs] 2594407K->2290837K(3106432K) icms_dc=100 , 0.0670056 secs] [Times: user=0.93 sys=0.01, real=0.07 secs] 
14232.790: [GC 14232.791: [ParNew: 353920K->39074K(353920K), 0.1372029 secs] 2605461K->2297799K(3106432K) icms_dc=100 , 0.1387887 secs] [Times: user=1.50 sys=0.17, real=0.14 secs] 
14233.973: [GC 14233.974: [ParNew: 353698K->39296K(353920K), 0.1275773 secs] 2612423K->2306484K(3106432K) icms_dc=100 , 0.1291378 secs] [Times: user=1.30 sys=0.10, real=0.13 secs] 
14235.435: [GC 14235.436: [ParNew: 353920K->29828K(353920K), 0.0898212 secs] 2621108K->2311550K(3106432K) icms_dc=100 , 0.0914757 secs] [Times: user=1.15 sys=0.02, real=0.09 secs] 
14236.486: [GC 14236.487: [ParNew: 344452K->27756K(353920K), 0.0632232 secs] 2626174K->2309478K(3106432K) icms_dc=100 , 0.0648910 secs] [Times: user=0.89 sys=0.02, real=0.07 secs] 
14237.543: [GC 14237.544: [ParNew: 342850K->34789K(353920K), 0.0882176 secs] 2624572K->2322801K(3106432K) icms_dc=100 , 0.0898111 secs] [Times: user=1.09 sys=0.01, real=0.09 secs] 
14237.672: [GC 14237.672: [ParNew: 35323K->27323K(353920K), 0.0681646 secs] 2323335K->2323824K(3106432K) icms_dc=100 , 0.0693758 secs] [Times: user=0.93 sys=0.02, real=0.07 secs] 
14238.548: [GC 14238.549: [ParNew: 341947K->37681K(353920K), 0.0848979 secs] 2638448K->2334182K(3106432K) icms_dc=100 , 0.0864416 secs] [Times: user=1.08 sys=0.04, real=0.09 secs] 
14239.479: [GC 14239.481: [ParNew: 352305K->39296K(353920K), 0.1006912 secs] 2648806K->2343115K(3106432K) icms_dc=100 , 0.1022697 secs] [Times: user=1.12 sys=0.05, real=0.10 secs] 
14240.281: [GC 14240.283: [ParNew: 353920K->39296K(353920K), 0.1681416 secs] 2657739K->2351011K(3106432K) icms_dc=100 , 0.1699176 secs] [Times: user=1.53 sys=0.18, real=0.17 secs] 
14241.200: [GC 14241.201: [ParNew: 353920K->39296K(353920K), 0.0849187 secs] 2665635K->2358918K(3106432K) icms_dc=100 , 0.0864451 secs] [Times: user=1.11 sys=0.02, real=0.09 secs] 
14242.040: [GC 14242.041: [ParNew: 353920K->32860K(353920K), 0.1000241 secs] 2673542K->2369078K(3106432K) icms_dc=100 , 0.1015689 secs] [Times: user=1.24 sys=0.03, real=0.10 secs] 
14242.951: [GC 14242.952: [ParNew: 347711K->31921K(353920K), 0.1612780 secs] 2683929K->2378345K(3106432K) icms_dc=100 , 0.1628897 secs] [Times: user=1.59 sys=0.22, real=0.16 secs] 
14243.168: [GC 14243.169: [ParNew: 38128K->21067K(353920K), 0.1390434 secs] 2384552K->2387716K(3106432K) icms_dc=100 , 0.1402963 secs] [Times: user=1.33 sys=0.15, real=0.14 secs] 
14244.263: [GC 14244.264: [ParNew: 336136K->23944K(353920K), 0.0597065 secs] 2702785K->2390593K(3106432K) icms_dc=100 , 0.0612697 secs] [Times: user=0.86 sys=0.01, real=0.06 secs] 
14244.370: [GC 14244.371: [ParNew: 27458K->13500K(353920K), 0.0826687 secs] 2394107K->2401037K(3106432K) icms_dc=100 , 0.0838616 secs] [Times: user=0.95 sys=0.03, real=0.08 secs] 
14245.334: [GC 14245.335: [ParNew: 328773K->28135K(353920K), 0.0959351 secs] 2716310K->2415672K(3106432K) icms_dc=100 , 0.0974271 secs] [Times: user=1.11 sys=0.11, real=0.10 secs] 
14245.471: [GC 14245.472: [ParNew: 28520K->6994K(353920K), 0.0831991 secs] 2416057K->2421240K(3106432K) icms_dc=100 , 0.0843997 secs] [Times: user=0.91 sys=0.01, real=0.09 secs] 
14245.884: [CMS-concurrent-mark: 15.150/20.631 secs] [Times: user=488.46 sys=15.84, real=20.63 secs] 
14245.885: [CMS-concurrent-preclean-start]
14246.398: [GC 14246.399: [ParNew: 321618K->28420K(353920K), 0.0662996 secs] 2735864K->2442666K(3106432K) icms_dc=100 , 0.0678800 secs] [Times: user=0.87 sys=0.02, real=0.07 secs] 
14247.398: [GC 14247.399: [ParNew: 344495K->27230K(353920K), 0.0918480 secs] 2758741K->2455437K(3106432K) icms_dc=100 , 0.0933760 secs] [Times: user=1.10 sys=0.01, real=0.09 secs] 
14247.529: [GC 14247.530: [ParNew: 27680K->11796K(353920K), 0.0663609 secs] 2455887K->2463636K(3106432K) icms_dc=100 , 0.0675447 secs] [Times: user=0.83 sys=0.02, real=0.07 secs] 
