Java HotSpot(TM) 64-Bit Server VM (25.121-b13) for bsd-amd64 JRE (1.8.0_121-b13), built on Dec 12 2016 20:39:32 by "java_re" with gcc 4.2.1 (Based on Apple Inc. build 5658) (LLVM build 2336.11.00)
Memory: 4k page, physical 16777216k(223036k free)

/proc/meminfo:

CommandLine flags: -XX:InitialHeapSize=268435456 -XX:MaxHeapSize=2147483648 -XX:+PrintGC -XX:+PrintGCDetails -XX:+PrintGCTimeStamps -XX:+PrintReferenceGC -XX:+UseCompressedClassPointers -XX:+UseCompressedOops -XX:+UseG1GC 
0.279: [GC pause (G1 Evacuation Pause) (young)0.290: [SoftReference, 0 refs, 0.0000277 secs]0.290: [WeakReference, 21952 refs, 0.0023533 secs]0.293: [FinalReference, 36 refs, 0.0000323 secs]0.293: [PhantomReference, 0 refs, 0 refs, 0.0000033 secs]0.293: [JNI Weak Reference, 0.0000054 secs], 0.0139744 secs]
   [Parallel Time: 10.4 ms, GC Workers: 8]
      [GC Worker Start (ms): Min: 279.2, Avg: 279.4, Max: 279.7, Diff: 0.4]
      [Ext Root Scanning (ms): Min: 0.0, Avg: 0.2, Max: 0.4, Diff: 0.4, Sum: 1.4]
      [Update RS (ms): Min: 0.0, Avg: 0.0, Max: 0.0, Diff: 0.0, Sum: 0.0]
         [Processed Buffers: Min: 0, Avg: 0.0, Max: 0, Diff: 0, Sum: 0]
      [Scan RS (ms): Min: 0.0, Avg: 0.0, Max: 0.0, Diff: 0.0, Sum: 0.0]
      [Code Root Scanning (ms): Min: 0.0, Avg: 0.0, Max: 0.0, Diff: 0.0, Sum: 0.0]
      [Object Copy (ms): Min: 8.9, Avg: 9.1, Max: 9.9, Diff: 1.0, Sum: 72.6]
      [Termination (ms): Min: 0.0, Avg: 0.9, Max: 1.1, Diff: 1.1, Sum: 7.0]
         [Termination Attempts: Min: 7, Avg: 211.2, Max: 255, Diff: 248, Sum: 1690]
      [GC Worker Other (ms): Min: 0.0, Avg: 0.0, Max: 0.0, Diff: 0.0, Sum: 0.1]
      [GC Worker Total (ms): Min: 9.9, Avg: 10.1, Max: 10.3, Diff: 0.5, Sum: 81.1]
      [GC Worker End (ms): Min: 289.5, Avg: 289.6, Max: 289.6, Diff: 0.0]
   [Code Root Fixup: 0.0 ms]
   [Code Root Purge: 0.0 ms]
   [Clear CT: 0.1 ms]
   [Other: 3.5 ms]
      [Choose CSet: 0.0 ms]
      [Ref Proc: 3.2 ms]
      [Ref Enq: 0.0 ms]
      [Redirty Cards: 0.1 ms]
      [Humongous Register: 0.0 ms]
      [Humongous Reclaim: 0.0 ms]
      [Free CSet: 0.0 ms]
   [Eden: 24.0M(24.0M)->0.0B(17.0M) Survivors: 0.0B->3072.0K Heap: 24.0M(256.0M)->8984.0K(256.0M)]
 [Times: user=0.06 sys=0.01, real=0.02 secs] 
0.306: [GC pause (G1 Evacuation Pause) (young)0.318: [SoftReference, 0 refs, 0.0000183 secs]0.318: [WeakReference, 22181 refs, 0.0022325 secs]0.320: [FinalReference, 0 refs, 0.0000038 secs]0.320: [PhantomReference, 0 refs, 0 refs, 0.0000030 secs]0.320: [JNI Weak Reference, 0.0000026 secs], 0.0141375 secs]
   [Parallel Time: 10.9 ms, GC Workers: 8]
      [GC Worker Start (ms): Min: 306.1, Avg: 306.1, Max: 306.2, Diff: 0.2]
      [Ext Root Scanning (ms): Min: 0.0, Avg: 0.1, Max: 0.3, Diff: 0.3, Sum: 0.9]
      [Update RS (ms): Min: 0.0, Avg: 0.9, Max: 2.6, Diff: 2.6, Sum: 7.2]
         [Processed Buffers: Min: 0, Avg: 1.4, Max: 2, Diff: 2, Sum: 11]
      [Scan RS (ms): Min: 0.0, Avg: 0.4, Max: 1.0, Diff: 1.0, Sum: 3.1]
      [Code Root Scanning (ms): Min: 0.0, Avg: 0.0, Max: 0.0, Diff: 0.0, Sum: 0.0]
      [Object Copy (ms): Min: 7.5, Avg: 8.9, Max: 10.1, Diff: 2.6, Sum: 71.0]
      [Termination (ms): Min: 0.0, Avg: 0.5, Max: 0.6, Diff: 0.6, Sum: 3.9]
         [Termination Attempts: Min: 12, Avg: 16.4, Max: 21, Diff: 9, Sum: 131]
      [GC Worker Other (ms): Min: 0.0, Avg: 0.0, Max: 0.0, Diff: 0.0, Sum: 0.1]
      [GC Worker Total (ms): Min: 10.7, Avg: 10.8, Max: 10.9, Diff: 0.2, Sum: 86.3]
      [GC Worker End (ms): Min: 316.8, Avg: 316.9, Max: 317.0, Diff: 0.2]
   [Code Root Fixup: 0.0 ms]
   [Code Root Purge: 0.0 ms]
   [Clear CT: 0.1 ms]
   [Other: 3.1 ms]
      [Choose CSet: 0.0 ms]
      [Ref Proc: 2.9 ms]
      [Ref Enq: 0.0 ms]
      [Redirty Cards: 0.1 ms]
      [Humongous Register: 0.0 ms]
      [Humongous Reclaim: 0.0 ms]
      [Free CSet: 0.0 ms]
   [Eden: 17.0M(17.0M)->0.0B(31.0M) Survivors: 3072.0K->3072.0K Heap: 26.3M(256.0M)->19.0M(256.0M)]
 [Times: user=0.08 sys=0.01, real=0.02 secs] 
0.339: [GC pause (G1 Evacuation Pause) (young)0.357: [SoftReference, 0 refs, 0.0000171 secs]0.357: [WeakReference, 35470 refs, 0.0035863 secs]0.360: [FinalReference, 0 refs, 0.0000139 secs]0.360: [PhantomReference, 0 refs, 0 refs, 0.0000035 secs]0.360: [JNI Weak Reference, 0.0000025 secs], 0.0219894 secs]
   [Parallel Time: 17.4 ms, GC Workers: 8]
      [GC Worker Start (ms): Min: 338.6, Avg: 338.7, Max: 338.9, Diff: 0.2]
      [Ext Root Scanning (ms): Min: 0.0, Avg: 0.1, Max: 0.1, Diff: 0.1, Sum: 0.8]
      [Update RS (ms): Min: 0.3, Avg: 1.3, Max: 2.6, Diff: 2.3, Sum: 10.7]
         [Processed Buffers: Min: 1, Avg: 1.8, Max: 3, Diff: 2, Sum: 14]
      [Scan RS (ms): Min: 0.0, Avg: 0.5, Max: 1.5, Diff: 1.5, Sum: 4.3]
      [Code Root Scanning (ms): Min: 0.0, Avg: 0.0, Max: 0.0, Diff: 0.0, Sum: 0.0]
      [Object Copy (ms): Min: 13.8, Avg: 14.7, Max: 15.1, Diff: 1.3, Sum: 117.2]
      [Termination (ms): Min: 0.2, Avg: 0.6, Max: 0.7, Diff: 0.5, Sum: 4.9]
         [Termination Attempts: Min: 51, Avg: 72.1, Max: 88, Diff: 37, Sum: 577]
      [GC Worker Other (ms): Min: 0.0, Avg: 0.0, Max: 0.0, Diff: 0.0, Sum: 0.1]
      [GC Worker Total (ms): Min: 17.1, Avg: 17.3, Max: 17.3, Diff: 0.2, Sum: 138.0]
      [GC Worker End (ms): Min: 355.9, Avg: 355.9, Max: 356.0, Diff: 0.0]
   [Code Root Fixup: 0.0 ms]
   [Code Root Purge: 0.0 ms]
   [Clear CT: 0.1 ms]
   [Other: 4.5 ms]
      [Choose CSet: 0.0 ms]
      [Ref Proc: 4.3 ms]
      [Ref Enq: 0.0 ms]
      [Redirty Cards: 0.1 ms]
      [Humongous Register: 0.0 ms]
      [Humongous Reclaim: 0.0 ms]
      [Free CSet: 0.0 ms]
   [Eden: 31.0M(31.0M)->0.0B(41.0M) Survivors: 3072.0K->5120.0K Heap: 50.0M(256.0M)->32.0M(256.0M)]
 [Times: user=0.11 sys=0.01, real=0.03 secs] 
0.384: [GC pause (G1 Evacuation Pause) (young)0.408: [SoftReference, 0 refs, 0.0000182 secs]0.408: [WeakReference, 49132 refs, 0.0054164 secs]0.414: [FinalReference, 0 refs, 0.0000037 secs]0.414: [PhantomReference, 0 refs, 0 refs, 0.0000028 secs]0.414: [JNI Weak Reference, 0.0000024 secs], 0.0314691 secs]
   [Parallel Time: 23.2 ms, GC Workers: 8]
      [GC Worker Start (ms): Min: 384.5, Avg: 384.5, Max: 384.6, Diff: 0.2]
      [Ext Root Scanning (ms): Min: 0.0, Avg: 0.1, Max: 0.2, Diff: 0.1, Sum: 0.7]
      [Update RS (ms): Min: 1.0, Avg: 1.5, Max: 2.2, Diff: 1.1, Sum: 12.1]
         [Processed Buffers: Min: 1, Avg: 1.8, Max: 2, Diff: 1, Sum: 14]
      [Scan RS (ms): Min: 0.1, Avg: 0.7, Max: 1.2, Diff: 1.0, Sum: 6.0]
      [Code Root Scanning (ms): Min: 0.0, Avg: 0.0, Max: 0.0, Diff: 0.0, Sum: 0.0]
      [Object Copy (ms): Min: 19.7, Avg: 20.0, Max: 20.7, Diff: 0.9, Sum: 160.1]
      [Termination (ms): Min: 0.1, Avg: 0.7, Max: 0.8, Diff: 0.7, Sum: 5.4]
         [Termination Attempts: Min: 71, Avg: 146.2, Max: 185, Diff: 114, Sum: 1170]
      [GC Worker Other (ms): Min: 0.0, Avg: 0.0, Max: 0.0, Diff: 0.0, Sum: 0.1]
      [GC Worker Total (ms): Min: 23.0, Avg: 23.0, Max: 23.1, Diff: 0.2, Sum: 184.4]
      [GC Worker End (ms): Min: 407.6, Avg: 407.6, Max: 407.6, Diff: 0.0]
   [Code Root Fixup: 0.0 ms]
   [Code Root Purge: 0.0 ms]
   [Clear CT: 0.1 ms]
   [Other: 8.2 ms]
      [Choose CSet: 0.0 ms]
      [Ref Proc: 6.2 ms]
      [Ref Enq: 0.0 ms]
      [Redirty Cards: 0.1 ms]
      [Humongous Register: 0.0 ms]
      [Humongous Reclaim: 0.0 ms]
      [Free CSet: 0.0 ms]
   [Eden: 41.0M(41.0M)->0.0B(54.0M) Survivors: 5120.0K->6144.0K Heap: 74.0M(256.0M)->50.0M(512.0M)]
 [Times: user=0.15 sys=0.02, real=0.03 secs] 
0.495: [GC pause (G1 Evacuation Pause) (young)0.572: [SoftReference, 0 refs, 0.0000280 secs]0.572: [WeakReference, 152340 refs, 0.0188407 secs]0.591: [FinalReference, 0 refs, 0.0000054 secs]0.591: [PhantomReference, 0 refs, 0 refs, 0.0000032 secs]0.591: [JNI Weak Reference, 0.0000028 secs], 0.0990906 secs]
   [Parallel Time: 76.7 ms, GC Workers: 8]
      [GC Worker Start (ms): Min: 494.8, Avg: 500.7, Max: 511.2, Diff: 16.4]
      [Ext Root Scanning (ms): Min: 0.0, Avg: 0.5, Max: 3.4, Diff: 3.4, Sum: 3.7]
      [Update RS (ms): Min: 0.0, Avg: 4.7, Max: 18.6, Diff: 18.6, Sum: 37.7]
         [Processed Buffers: Min: 0, Avg: 2.0, Max: 5, Diff: 5, Sum: 16]
      [Scan RS (ms): Min: 0.0, Avg: 4.3, Max: 16.8, Diff: 16.7, Sum: 34.7]
      [Code Root Scanning (ms): Min: 0.0, Avg: 0.0, Max: 0.0, Diff: 0.0, Sum: 0.0]
      [Object Copy (ms): Min: 50.6, Avg: 59.8, Max: 64.0, Diff: 13.4, Sum: 478.6]
      [Termination (ms): Min: 0.9, Avg: 1.3, Max: 1.6, Diff: 0.8, Sum: 10.3]
         [Termination Attempts: Min: 298, Avg: 490.1, Max: 614, Diff: 316, Sum: 3921]
      [GC Worker Other (ms): Min: 0.0, Avg: 0.1, Max: 0.7, Diff: 0.7, Sum: 0.7]
      [GC Worker Total (ms): Min: 60.1, Avg: 70.7, Max: 76.5, Diff: 16.4, Sum: 565.7]
      [GC Worker End (ms): Min: 571.3, Avg: 571.4, Max: 571.5, Diff: 0.2]
   [Code Root Fixup: 0.0 ms]
   [Code Root Purge: 0.0 ms]
   [Clear CT: 0.1 ms]
   [Other: 22.2 ms]
      [Choose CSet: 0.0 ms]
      [Ref Proc: 19.5 ms]
      [Ref Enq: 0.0 ms]
      [Redirty Cards: 0.2 ms]
      [Humongous Register: 0.0 ms]
      [Humongous Reclaim: 0.0 ms]
      [Free CSet: 0.1 ms]
   [Eden: 54.0M(54.0M)->0.0B(41.0M) Survivors: 6144.0K->8192.0K Heap: 106.0M(512.0M)->104.5M(820.0M)]
 [Times: user=0.36 sys=0.03, real=0.10 secs] 
0.696: [GC pause (G1 Evacuation Pause) (young)0.792: [SoftReference, 0 refs, 0.0000354 secs]0.792: [WeakReference, 149558 refs, 0.0160181 secs]0.808: [FinalReference, 0 refs, 0.0000053 secs]0.808: [PhantomReference, 0 refs, 0 refs, 0.0000033 secs]0.808: [JNI Weak Reference, 0.0000027 secs], 0.1148417 secs]
   [Parallel Time: 95.3 ms, GC Workers: 8]
      [GC Worker Start (ms): Min: 696.2, Avg: 696.7, Max: 698.6, Diff: 2.4]
      [Ext Root Scanning (ms): Min: 0.0, Avg: 0.1, Max: 0.2, Diff: 0.2, Sum: 0.7]
      [Update RS (ms): Min: 1.2, Avg: 3.4, Max: 7.2, Diff: 5.9, Sum: 27.2]
         [Processed Buffers: Min: 1, Avg: 2.1, Max: 3, Diff: 2, Sum: 17]
      [Scan RS (ms): Min: 0.0, Avg: 3.1, Max: 4.0, Diff: 4.0, Sum: 24.7]
      [Code Root Scanning (ms): Min: 0.0, Avg: 0.0, Max: 0.0, Diff: 0.0, Sum: 0.0]
      [Object Copy (ms): Min: 84.6, Avg: 85.5, Max: 86.7, Diff: 2.1, Sum: 683.9]
      [Termination (ms): Min: 1.4, Avg: 2.6, Max: 3.6, Diff: 2.2, Sum: 20.8]
         [Termination Attempts: Min: 153, Avg: 328.8, Max: 413, Diff: 260, Sum: 2630]
      [GC Worker Other (ms): Min: 0.0, Avg: 0.0, Max: 0.0, Diff: 0.0, Sum: 0.1]
      [GC Worker Total (ms): Min: 92.9, Avg: 94.7, Max: 95.1, Diff: 2.3, Sum: 757.4]
      [GC Worker End (ms): Min: 791.3, Avg: 791.3, Max: 791.4, Diff: 0.1]
   [Code Root Fixup: 0.0 ms]
   [Code Root Purge: 0.0 ms]
   [Clear CT: 0.1 ms]
   [Other: 19.4 ms]
      [Choose CSet: 0.0 ms]
      [Ref Proc: 16.9 ms]
      [Ref Enq: 0.0 ms]
      [Redirty Cards: 0.2 ms]
      [Humongous Register: 0.0 ms]
      [Humongous Reclaim: 0.0 ms]
      [Free CSet: 0.1 ms]
   [Eden: 41.0M(41.0M)->0.0B(46.0M) Survivors: 8192.0K->7168.0K Heap: 149.5M(820.0M)->151.5M(1066.0M)]
 [Times: user=0.35 sys=0.04, real=0.12 secs] 
0.887: [GC pause (G1 Evacuation Pause) (young)0.956: [SoftReference, 0 refs, 0.0000246 secs]0.956: [WeakReference, 151785 refs, 0.0165207 secs]0.972: [FinalReference, 0 refs, 0.0000049 secs]0.972: [PhantomReference, 0 refs, 0 refs, 0.0000033 secs]0.972: [JNI Weak Reference, 0.0000025 secs], 0.0871483 secs]
   [Parallel Time: 67.6 ms, GC Workers: 8]
      [GC Worker Start (ms): Min: 887.5, Avg: 889.0, Max: 892.5, Diff: 5.0]
      [Ext Root Scanning (ms): Min: 0.0, Avg: 0.0, Max: 0.2, Diff: 0.2, Sum: 0.4]
      [Update RS (ms): Min: 0.0, Avg: 4.0, Max: 5.5, Diff: 5.5, Sum: 31.6]
         [Processed Buffers: Min: 0, Avg: 2.5, Max: 4, Diff: 4, Sum: 20]
      [Scan RS (ms): Min: 1.5, Avg: 2.1, Max: 2.7, Diff: 1.2, Sum: 17.1]
      [Code Root Scanning (ms): Min: 0.0, Avg: 0.0, Max: 0.0, Diff: 0.0, Sum: 0.0]
      [Object Copy (ms): Min: 58.1, Avg: 59.0, Max: 60.7, Diff: 2.6, Sum: 472.3]
      [Termination (ms): Min: 0.1, Avg: 0.8, Max: 1.6, Diff: 1.4, Sum: 6.6]
         [Termination Attempts: Min: 85, Avg: 151.9, Max: 199, Diff: 114, Sum: 1215]
      [GC Worker Other (ms): Min: 0.0, Avg: 0.0, Max: 0.0, Diff: 0.0, Sum: 0.1]
      [GC Worker Total (ms): Min: 62.5, Avg: 66.0, Max: 67.5, Diff: 4.9, Sum: 528.1]
      [GC Worker End (ms): Min: 955.0, Avg: 955.0, Max: 955.1, Diff: 0.1]
   [Code Root Fixup: 0.0 ms]
   [Code Root Purge: 0.0 ms]
   [Clear CT: 0.1 ms]
   [Other: 19.4 ms]
      [Choose CSet: 0.0 ms]
      [Ref Proc: 17.3 ms]
      [Ref Enq: 0.0 ms]
      [Redirty Cards: 0.2 ms]
      [Humongous Register: 0.1 ms]
      [Humongous Reclaim: 0.0 ms]
      [Free CSet: 0.1 ms]
   [Eden: 46.0M(46.0M)->0.0B(56.0M) Survivors: 7168.0K->7168.0K Heap: 197.5M(1066.0M)->200.0M(1263.0M)]
 [Times: user=0.37 sys=0.03, real=0.09 secs] 
1.106: [GC pause (G1 Evacuation Pause) (young)1.175: [SoftReference, 0 refs, 0.0000210 secs]1.175: [WeakReference, 196356 refs, 0.0240868 secs]1.199: [FinalReference, 0 refs, 0.0000050 secs]1.199: [PhantomReference, 0 refs, 0 refs, 0.0000030 secs]1.199: [JNI Weak Reference, 0.0000025 secs], 0.0953342 secs]
   [Parallel Time: 68.2 ms, GC Workers: 8]
      [GC Worker Start (ms): Min: 1106.3, Avg: 1106.4, Max: 1106.5, Diff: 0.2]
      [Ext Root Scanning (ms): Min: 0.0, Avg: 0.1, Max: 0.2, Diff: 0.2, Sum: 0.7]
      [Update RS (ms): Min: 2.1, Avg: 2.7, Max: 3.4, Diff: 1.4, Sum: 22.0]
         [Processed Buffers: Min: 2, Avg: 2.5, Max: 3, Diff: 1, Sum: 20]
      [Scan RS (ms): Min: 7.1, Avg: 7.8, Max: 8.4, Diff: 1.4, Sum: 62.3]
      [Code Root Scanning (ms): Min: 0.0, Avg: 0.0, Max: 0.0, Diff: 0.0, Sum: 0.0]
      [Object Copy (ms): Min: 56.6, Avg: 56.8, Max: 57.2, Diff: 0.7, Sum: 454.7]
      [Termination (ms): Min: 0.1, Avg: 0.5, Max: 0.7, Diff: 0.5, Sum: 4.2]
         [Termination Attempts: Min: 49, Avg: 72.8, Max: 91, Diff: 42, Sum: 582]
      [GC Worker Other (ms): Min: 0.0, Avg: 0.0, Max: 0.0, Diff: 0.0, Sum: 0.1]
      [GC Worker Total (ms): Min: 67.9, Avg: 68.0, Max: 68.1, Diff: 0.2, Sum: 544.0]
      [GC Worker End (ms): Min: 1174.3, Avg: 1174.4, Max: 1174.4, Diff: 0.1]
   [Code Root Fixup: 0.0 ms]
   [Code Root Purge: 0.0 ms]
   [Clear CT: 0.1 ms]
   [Other: 27.0 ms]
      [Choose CSet: 0.0 ms]
      [Ref Proc: 24.9 ms]
      [Ref Enq: 0.0 ms]
      [Redirty Cards: 0.3 ms]
      [Humongous Register: 0.0 ms]
      [Humongous Reclaim: 0.0 ms]
      [Free CSet: 0.2 ms]
   [Eden: 56.0M(56.0M)->0.0B(63.0M) Survivors: 7168.0K->8192.0K Heap: 264.0M(1263.0M)->266.0M(1420.0M)]
 [Times: user=0.48 sys=0.01, real=0.10 secs] 
1.301: [GC pause (G1 Evacuation Pause) (young)1.379: [SoftReference, 0 refs, 0.0000290 secs]1.379: [WeakReference, 135740 refs, 0.0154318 secs]1.394: [FinalReference, 0 refs, 0.0000049 secs]1.394: [PhantomReference, 0 refs, 0 refs, 0.0000032 secs]1.394: [JNI Weak Reference, 0.0000026 secs], 0.0952443 secs]
   [Parallel Time: 77.2 ms, GC Workers: 8]
      [GC Worker Start (ms): Min: 1300.9, Avg: 1305.6, Max: 1311.7, Diff: 10.8]
      [Ext Root Scanning (ms): Min: 0.0, Avg: 0.0, Max: 0.2, Diff: 0.2, Sum: 0.3]
      [Update RS (ms): Min: 0.0, Avg: 2.2, Max: 4.7, Diff: 4.7, Sum: 17.9]
         [Processed Buffers: Min: 0, Avg: 2.2, Max: 5, Diff: 5, Sum: 18]
      [Scan RS (ms): Min: 0.1, Avg: 3.5, Max: 6.4, Diff: 6.3, Sum: 28.3]
      [Code Root Scanning (ms): Min: 0.0, Avg: 0.0, Max: 0.0, Diff: 0.0, Sum: 0.0]
      [Object Copy (ms): Min: 65.8, Avg: 66.6, Max: 67.0, Diff: 1.2, Sum: 533.1]
      [Termination (ms): Min: 0.0, Avg: 0.1, Max: 0.1, Diff: 0.1, Sum: 0.7]
         [Termination Attempts: Min: 1, Avg: 164.4, Max: 268, Diff: 267, Sum: 1315]
      [GC Worker Other (ms): Min: 0.0, Avg: 0.0, Max: 0.0, Diff: 0.0, Sum: 0.1]
      [GC Worker Total (ms): Min: 66.4, Avg: 72.5, Max: 77.2, Diff: 10.8, Sum: 580.3]
      [GC Worker End (ms): Min: 1378.1, Avg: 1378.1, Max: 1378.1, Diff: 0.0]
   [Code Root Fixup: 0.0 ms]
   [Code Root Purge: 0.0 ms]
   [Clear CT: 0.1 ms]
   [Other: 17.9 ms]
      [Choose CSet: 0.0 ms]
      [Ref Proc: 16.2 ms]
      [Ref Enq: 0.0 ms]
      [Redirty Cards: 0.2 ms]
      [Humongous Register: 0.1 ms]
      [Humongous Reclaim: 0.0 ms]
      [Free CSet: 0.1 ms]
   [Eden: 63.0M(63.0M)->0.0B(68.0M) Survivors: 8192.0K->9216.0K Heap: 329.0M(1420.0M)->329.5M(1546.0M)]
 [Times: user=0.43 sys=0.04, real=0.09 secs] 
1.506: [GC pause (G1 Evacuation Pause) (young)1.556: [SoftReference, 0 refs, 0.0000203 secs]1.556: [WeakReference, 2981 refs, 0.0002648 secs]1.556: [FinalReference, 0 refs, 0.0000030 secs]1.556: [PhantomReference, 0 refs, 0 refs, 0.0000028 secs]1.556: [JNI Weak Reference, 0.0000121 secs], 0.0514635 secs]
   [Parallel Time: 48.9 ms, GC Workers: 8]
      [GC Worker Start (ms): Min: 1506.3, Avg: 1506.4, Max: 1506.7, Diff: 0.4]
      [Ext Root Scanning (ms): Min: 0.0, Avg: 0.8, Max: 5.1, Diff: 5.1, Sum: 6.0]
      [Update RS (ms): Min: 0.0, Avg: 1.9, Max: 5.9, Diff: 5.9, Sum: 15.4]
         [Processed Buffers: Min: 0, Avg: 2.1, Max: 3, Diff: 3, Sum: 17]
      [Scan RS (ms): Min: 0.0, Avg: 1.5, Max: 2.5, Diff: 2.5, Sum: 12.1]
      [Code Root Scanning (ms): Min: 0.0, Avg: 0.0, Max: 0.0, Diff: 0.0, Sum: 0.0]
      [Object Copy (ms): Min: 41.9, Avg: 43.5, Max: 44.5, Diff: 2.7, Sum: 348.0]
      [Termination (ms): Min: 0.2, Avg: 1.0, Max: 1.7, Diff: 1.4, Sum: 7.6]
         [Termination Attempts: Min: 115, Avg: 179.1, Max: 245, Diff: 130, Sum: 1433]
      [GC Worker Other (ms): Min: 0.0, Avg: 0.0, Max: 0.0, Diff: 0.0, Sum: 0.1]
      [GC Worker Total (ms): Min: 48.5, Avg: 48.7, Max: 48.8, Diff: 0.3, Sum: 389.3]
      [GC Worker End (ms): Min: 1555.0, Avg: 1555.1, Max: 1555.1, Diff: 0.1]
   [Code Root Fixup: 0.0 ms]
   [Code Root Purge: 0.0 ms]
   [Clear CT: 0.1 ms]
   [Other: 2.4 ms]
      [Choose CSet: 0.0 ms]
      [Ref Proc: 1.0 ms]
      [Ref Enq: 0.0 ms]
      [Redirty Cards: 0.2 ms]
      [Humongous Register: 0.0 ms]
      [Humongous Reclaim: 0.0 ms]
      [Free CSet: 0.1 ms]
   [Eden: 68.0M(68.0M)->0.0B(81.0M) Survivors: 9216.0K->10.0M Heap: 397.5M(1546.0M)->361.0M(1647.0M)]
 [Times: user=0.26 sys=0.03, real=0.05 secs] 
1.705: [GC pause (G1 Evacuation Pause) (young)1.845: [SoftReference, 0 refs, 0.0000269 secs]1.845: [WeakReference, 0 refs, 0.0000050 secs]1.845: [FinalReference, 0 refs, 0.0000047 secs]1.845: [PhantomReference, 0 refs, 0 refs, 0.0000052 secs]1.845: [JNI Weak Reference, 0.0000039 secs], 0.1415189 secs]
   [Parallel Time: 138.7 ms, GC Workers: 8]
      [GC Worker Start (ms): Min: 1705.4, Avg: 1705.9, Max: 1707.3, Diff: 1.9]
      [Ext Root Scanning (ms): Min: 0.0, Avg: 0.0, Max: 0.2, Diff: 0.2, Sum: 0.3]
      [Update RS (ms): Min: 0.0, Avg: 3.7, Max: 23.0, Diff: 23.0, Sum: 29.5]
         [Processed Buffers: Min: 0, Avg: 2.2, Max: 4, Diff: 4, Sum: 18]
      [Scan RS (ms): Min: 0.0, Avg: 0.2, Max: 0.5, Diff: 0.5, Sum: 1.8]
      [Code Root Scanning (ms): Min: 0.0, Avg: 0.0, Max: 0.0, Diff: 0.0, Sum: 0.0]
      [Object Copy (ms): Min: 100.7, Avg: 125.7, Max: 136.6, Diff: 35.9, Sum: 1005.6]
      [Termination (ms): Min: 0.1, Avg: 8.3, Max: 23.5, Diff: 23.4, Sum: 66.5]
         [Termination Attempts: Min: 130, Avg: 435.4, Max: 673, Diff: 543, Sum: 3483]
      [GC Worker Other (ms): Min: 0.0, Avg: 0.0, Max: 0.0, Diff: 0.0, Sum: 0.1]
      [GC Worker Total (ms): Min: 136.7, Avg: 138.0, Max: 138.6, Diff: 1.9, Sum: 1103.7]
      [GC Worker End (ms): Min: 1843.7, Avg: 1843.8, Max: 1844.0, Diff: 0.3]
   [Code Root Fixup: 0.0 ms]
   [Code Root Purge: 0.0 ms]
   [Clear CT: 0.1 ms]
   [Other: 2.8 ms]
      [Choose CSet: 0.0 ms]
      [Ref Proc: 1.3 ms]
      [Ref Enq: 0.0 ms]
      [Redirty Cards: 0.2 ms]
      [Humongous Register: 0.0 ms]
      [Humongous Reclaim: 0.0 ms]
      [Free CSet: 0.1 ms]
   [Eden: 81.0M(81.0M)->0.0B(81.0M) Survivors: 10.0M->12.0M Heap: 442.0M(1647.0M)->444.0M(1728.0M)]
 [Times: user=0.41 sys=0.05, real=0.14 secs] 
2.035: [GC pause (G1 Evacuation Pause) (young)2.133: [SoftReference, 0 refs, 0.0000205 secs]2.133: [WeakReference, 0 refs, 0.0000031 secs]2.133: [FinalReference, 0 refs, 0.0000026 secs]2.133: [PhantomReference, 0 refs, 0 refs, 0.0000030 secs]2.133: [JNI Weak Reference, 0.0000025 secs], 0.0996459 secs]
   [Parallel Time: 97.3 ms, GC Workers: 8]
      [GC Worker Start (ms): Min: 2034.6, Avg: 2035.4, Max: 2037.3, Diff: 2.6]
      [Ext Root Scanning (ms): Min: 0.0, Avg: 0.0, Max: 0.2, Diff: 0.2, Sum: 0.4]
      [Update RS (ms): Min: 0.0, Avg: 5.8, Max: 38.0, Diff: 38.0, Sum: 46.2]
         [Processed Buffers: Min: 0, Avg: 2.4, Max: 5, Diff: 5, Sum: 19]
      [Scan RS (ms): Min: 0.0, Avg: 0.4, Max: 1.2, Diff: 1.2, Sum: 3.0]
      [Code Root Scanning (ms): Min: 0.0, Avg: 0.0, Max: 0.0, Diff: 0.0, Sum: 0.0]
      [Object Copy (ms): Min: 56.4, Avg: 87.0, Max: 92.7, Diff: 36.3, Sum: 695.9]
      [Termination (ms): Min: 2.4, Avg: 3.2, Max: 4.3, Diff: 1.9, Sum: 25.9]
         [Termination Attempts: Min: 165, Avg: 1087.5, Max: 1284, Diff: 1119, Sum: 8700]
      [GC Worker Other (ms): Min: 0.0, Avg: 0.0, Max: 0.0, Diff: 0.0, Sum: 0.1]
      [GC Worker Total (ms): Min: 94.6, Avg: 96.4, Max: 97.2, Diff: 2.7, Sum: 771.4]
      [GC Worker End (ms): Min: 2131.8, Avg: 2131.8, Max: 2131.9, Diff: 0.1]
   [Code Root Fixup: 0.0 ms]
   [Code Root Purge: 0.0 ms]
   [Clear CT: 0.1 ms]
   [Other: 2.3 ms]
      [Choose CSet: 0.0 ms]
      [Ref Proc: 1.1 ms]
      [Ref Enq: 0.0 ms]
      [Redirty Cards: 0.2 ms]
      [Humongous Register: 0.1 ms]
      [Humongous Reclaim: 0.0 ms]
      [Free CSet: 0.1 ms]
   [Eden: 81.0M(81.0M)->0.0B(94.0M) Survivors: 12.0M->12.0M Heap: 525.0M(1728.0M)->527.5M(1792.0M)]
 [Times: user=0.57 sys=0.02, real=0.10 secs] 
2.295: [GC pause (G1 Evacuation Pause) (young)2.426: [SoftReference, 0 refs, 0.0000259 secs]2.426: [WeakReference, 0 refs, 0.0000031 secs]2.426: [FinalReference, 0 refs, 0.0000025 secs]2.426: [PhantomReference, 0 refs, 0 refs, 0.0000031 secs]2.426: [JNI Weak Reference, 0.0000027 secs], 0.1329678 secs]
   [Parallel Time: 130.7 ms, GC Workers: 8]
      [GC Worker Start (ms): Min: 2294.9, Avg: 2295.0, Max: 2295.4, Diff: 0.5]
      [Ext Root Scanning (ms): Min: 0.0, Avg: 0.1, Max: 0.1, Diff: 0.1, Sum: 0.7]
      [Update RS (ms): Min: 0.3, Avg: 0.6, Max: 0.7, Diff: 0.4, Sum: 5.0]
         [Processed Buffers: Min: 1, Avg: 2.5, Max: 5, Diff: 4, Sum: 20]
      [Scan RS (ms): Min: 0.6, Avg: 0.7, Max: 0.7, Diff: 0.1, Sum: 5.3]
      [Code Root Scanning (ms): Min: 0.0, Avg: 0.0, Max: 0.0, Diff: 0.0, Sum: 0.0]
      [Object Copy (ms): Min: 124.4, Avg: 125.3, Max: 125.9, Diff: 1.5, Sum: 1002.2]
      [Termination (ms): Min: 3.1, Avg: 3.7, Max: 4.5, Diff: 1.5, Sum: 29.5]
         [Termination Attempts: Min: 577, Avg: 688.8, Max: 846, Diff: 269, Sum: 5510]
      [GC Worker Other (ms): Min: 0.0, Avg: 0.0, Max: 0.0, Diff: 0.0, Sum: 0.1]
      [GC Worker Total (ms): Min: 130.0, Avg: 130.3, Max: 130.6, Diff: 0.6, Sum: 1042.8]
      [GC Worker End (ms): Min: 2425.3, Avg: 2425.4, Max: 2425.5, Diff: 0.2]
   [Code Root Fixup: 0.0 ms]
   [Code Root Purge: 0.0 ms]
   [Clear CT: 0.2 ms]
   [Other: 2.1 ms]
      [Choose CSet: 0.0 ms]
      [Ref Proc: 0.9 ms]
      [Ref Enq: 0.0 ms]
      [Redirty Cards: 0.3 ms]
      [Humongous Register: 0.1 ms]
      [Humongous Reclaim: 0.0 ms]
      [Free CSet: 0.0 ms]
   [Eden: 94.0M(94.0M)->0.0B(101.0M) Survivors: 12.0M->14.0M Heap: 621.5M(1792.0M)->623.5M(1844.0M)]
 [Times: user=0.58 sys=0.07, real=0.13 secs] 
2.568: [GC pause (G1 Evacuation Pause) (young)2.708: [SoftReference, 0 refs, 0.0000302 secs]2.708: [WeakReference, 0 refs, 0.0000047 secs]2.708: [FinalReference, 0 refs, 0.0000027 secs]2.708: [PhantomReference, 0 refs, 0 refs, 0.0000030 secs]2.708: [JNI Weak Reference, 0.0000028 secs], 0.1408718 secs]
   [Parallel Time: 138.8 ms, GC Workers: 8]
      [GC Worker Start (ms): Min: 2568.0, Avg: 2568.2, Max: 2568.5, Diff: 0.4]
      [Ext Root Scanning (ms): Min: 0.0, Avg: 0.1, Max: 0.2, Diff: 0.2, Sum: 0.7]
      [Update RS (ms): Min: 0.6, Avg: 0.8, Max: 1.1, Diff: 0.5, Sum: 6.6]
         [Processed Buffers: Min: 2, Avg: 2.6, Max: 4, Diff: 2, Sum: 21]
      [Scan RS (ms): Min: 0.0, Avg: 0.2, Max: 0.3, Diff: 0.3, Sum: 1.4]
      [Code Root Scanning (ms): Min: 0.0, Avg: 0.0, Max: 0.0, Diff: 0.0, Sum: 0.0]
      [Object Copy (ms): Min: 127.5, Avg: 131.6, Max: 134.0, Diff: 6.5, Sum: 1052.9]
      [Termination (ms): Min: 3.5, Avg: 5.8, Max: 10.0, Diff: 6.5, Sum: 46.8]
         [Termination Attempts: Min: 896, Avg: 1564.0, Max: 2275, Diff: 1379, Sum: 12512]
      [GC Worker Other (ms): Min: 0.0, Avg: 0.0, Max: 0.0, Diff: 0.0, Sum: 0.1]
      [GC Worker Total (ms): Min: 138.3, Avg: 138.6, Max: 138.7, Diff: 0.4, Sum: 1108.5]
      [GC Worker End (ms): Min: 2706.7, Avg: 2706.7, Max: 2706.8, Diff: 0.1]
   [Code Root Fixup: 0.0 ms]
   [Code Root Purge: 0.0 ms]
   [Clear CT: 0.1 ms]
   [Other: 1.9 ms]
      [Choose CSet: 0.0 ms]
      [Ref Proc: 0.8 ms]
      [Ref Enq: 0.0 ms]
      [Redirty Cards: 0.3 ms]
      [Humongous Register: 0.0 ms]
      [Humongous Reclaim: 0.0 ms]
      [Free CSet: 0.0 ms]
   [Eden: 101.0M(101.0M)->0.0B(110.0M) Survivors: 14.0M->15.0M Heap: 724.5M(1844.0M)->726.5M(1885.0M)]
 [Times: user=0.65 sys=0.06, real=0.14 secs] 
2.856: [GC pause (G1 Evacuation Pause) (young)2.983: [SoftReference, 0 refs, 0.0000251 secs]2.983: [WeakReference, 0 refs, 0.0000035 secs]2.983: [FinalReference, 0 refs, 0.0000028 secs]2.983: [PhantomReference, 0 refs, 0 refs, 0.0000030 secs]2.983: [JNI Weak Reference, 0.0000028 secs], 0.1280509 secs]
   [Parallel Time: 126.1 ms, GC Workers: 8]
      [GC Worker Start (ms): Min: 2856.5, Avg: 2856.6, Max: 2856.6, Diff: 0.1]
      [Ext Root Scanning (ms): Min: 0.1, Avg: 0.1, Max: 0.2, Diff: 0.1, Sum: 0.8]
      [Update RS (ms): Min: 0.6, Avg: 0.7, Max: 0.7, Diff: 0.1, Sum: 5.4]
         [Processed Buffers: Min: 2, Avg: 2.9, Max: 5, Diff: 3, Sum: 23]
      [Scan RS (ms): Min: 0.2, Avg: 0.2, Max: 0.3, Diff: 0.1, Sum: 1.9]
      [Code Root Scanning (ms): Min: 0.0, Avg: 0.0, Max: 0.0, Diff: 0.0, Sum: 0.0]
      [Object Copy (ms): Min: 123.5, Avg: 124.1, Max: 124.6, Diff: 1.0, Sum: 992.6]
      [Termination (ms): Min: 0.3, Avg: 0.8, Max: 1.4, Diff: 1.1, Sum: 6.7]
         [Termination Attempts: Min: 202, Avg: 242.5, Max: 282, Diff: 80, Sum: 1940]
      [GC Worker Other (ms): Min: 0.0, Avg: 0.0, Max: 0.0, Diff: 0.0, Sum: 0.1]
      [GC Worker Total (ms): Min: 125.8, Avg: 125.9, Max: 126.0, Diff: 0.2, Sum: 1007.4]
      [GC Worker End (ms): Min: 2982.4, Avg: 2982.5, Max: 2982.6, Diff: 0.1]
   [Code Root Fixup: 0.0 ms]
   [Code Root Purge: 0.0 ms]
   [Clear CT: 0.1 ms]
   [Other: 1.8 ms]
      [Choose CSet: 0.0 ms]
      [Ref Proc: 0.9 ms]
      [Ref Enq: 0.0 ms]
      [Redirty Cards: 0.3 ms]
      [Humongous Register: 0.0 ms]
      [Humongous Reclaim: 0.0 ms]
      [Free CSet: 0.0 ms]
   [Eden: 110.0M(110.0M)->0.0B(121.0M) Survivors: 15.0M->16.0M Heap: 836.5M(1885.0M)->838.5M(1918.0M)]
 [Times: user=0.76 sys=0.04, real=0.13 secs] 
3.164: [GC pause (G1 Evacuation Pause) (young)3.308: [SoftReference, 0 refs, 0.0000293 secs]3.308: [WeakReference, 0 refs, 0.0000041 secs]3.308: [FinalReference, 0 refs, 0.0000036 secs]3.308: [PhantomReference, 0 refs, 0 refs, 0.0000046 secs]3.308: [JNI Weak Reference, 0.0000035 secs], 0.1448473 secs]
   [Parallel Time: 143.2 ms, GC Workers: 8]
      [GC Worker Start (ms): Min: 3164.5, Avg: 3164.6, Max: 3164.6, Diff: 0.1]
      [Ext Root Scanning (ms): Min: 0.1, Avg: 0.1, Max: 0.1, Diff: 0.1, Sum: 0.7]
      [Update RS (ms): Min: 0.8, Avg: 0.8, Max: 0.8, Diff: 0.1, Sum: 6.5]
         [Processed Buffers: Min: 2, Avg: 3.1, Max: 5, Diff: 3, Sum: 25]
      [Scan RS (ms): Min: 0.5, Avg: 0.5, Max: 0.6, Diff: 0.1, Sum: 4.4]
      [Code Root Scanning (ms): Min: 0.0, Avg: 0.0, Max: 0.0, Diff: 0.0, Sum: 0.0]
      [Object Copy (ms): Min: 137.0, Avg: 139.2, Max: 140.2, Diff: 3.3, Sum: 1113.6]
      [Termination (ms): Min: 1.2, Avg: 2.4, Max: 4.6, Diff: 3.4, Sum: 19.0]
         [Termination Attempts: Min: 644, Avg: 881.9, Max: 1115, Diff: 471, Sum: 7055]
      [GC Worker Other (ms): Min: 0.0, Avg: 0.0, Max: 0.0, Diff: 0.0, Sum: 0.1]
      [GC Worker Total (ms): Min: 142.9, Avg: 143.0, Max: 143.1, Diff: 0.2, Sum: 1144.4]
      [GC Worker End (ms): Min: 3307.5, Avg: 3307.6, Max: 3307.7, Diff: 0.2]
   [Code Root Fixup: 0.0 ms]
   [Code Root Purge: 0.0 ms]
   [Clear CT: 0.1 ms]
   [Other: 1.5 ms]
      [Choose CSet: 0.0 ms]
      [Ref Proc: 0.7 ms]
      [Ref Enq: 0.0 ms]
      [Redirty Cards: 0.3 ms]
      [Humongous Register: 0.0 ms]
      [Humongous Reclaim: 0.0 ms]
      [Free CSet: 0.0 ms]
   [Eden: 121.0M(121.0M)->0.0B(128.0M) Survivors: 16.0M->18.0M Heap: 959.5M(1918.0M)->961.5M(1944.0M)]
 [Times: user=0.84 sys=0.07, real=0.14 secs] 
3.463: [GC pause (G1 Evacuation Pause) (young) (initial-mark)3.607: [SoftReference, 0 refs, 0.0000237 secs]3.607: [WeakReference, 0 refs, 0.0000030 secs]3.607: [FinalReference, 0 refs, 0.0000027 secs]3.607: [PhantomReference, 0 refs, 0 refs, 0.0000030 secs]3.607: [JNI Weak Reference, 0.0000033 secs], 0.1450551 secs]
   [Parallel Time: 143.9 ms, GC Workers: 8]
      [GC Worker Start (ms): Min: 3462.9, Avg: 3462.9, Max: 3463.0, Diff: 0.2]
      [Ext Root Scanning (ms): Min: 0.0, Avg: 0.1, Max: 0.3, Diff: 0.3, Sum: 1.2]
      [Update RS (ms): Min: 1.0, Avg: 1.1, Max: 1.6, Diff: 0.6, Sum: 9.1]
         [Processed Buffers: Min: 1, Avg: 3.4, Max: 6, Diff: 5, Sum: 27]
      [Scan RS (ms): Min: 0.0, Avg: 0.3, Max: 0.4, Diff: 0.4, Sum: 2.2]
      [Code Root Scanning (ms): Min: 0.0, Avg: 0.0, Max: 0.0, Diff: 0.0, Sum: 0.0]
      [Object Copy (ms): Min: 140.9, Avg: 141.4, Max: 141.7, Diff: 0.8, Sum: 1131.4]
      [Termination (ms): Min: 0.5, Avg: 0.8, Max: 1.1, Diff: 0.6, Sum: 6.2]
         [Termination Attempts: Min: 260, Avg: 426.1, Max: 511, Diff: 251, Sum: 3409]
      [GC Worker Other (ms): Min: 0.0, Avg: 0.0, Max: 0.0, Diff: 0.0, Sum: 0.1]
      [GC Worker Total (ms): Min: 143.7, Avg: 143.8, Max: 143.8, Diff: 0.2, Sum: 1150.1]
      [GC Worker End (ms): Min: 3606.7, Avg: 3606.7, Max: 3606.7, Diff: 0.0]
   [Code Root Fixup: 0.0 ms]
   [Code Root Purge: 0.0 ms]
   [Clear CT: 0.1 ms]
   [Other: 1.1 ms]
      [Choose CSet: 0.0 ms]
      [Ref Proc: 0.2 ms]
      [Ref Enq: 0.0 ms]
      [Redirty Cards: 0.3 ms]
      [Humongous Register: 0.0 ms]
      [Humongous Reclaim: 0.0 ms]
      [Free CSet: 0.1 ms]
   [Eden: 128.0M(128.0M)->0.0B(137.0M) Survivors: 18.0M->19.0M Heap: 1089.5M(1944.0M)->1092.0M(1965.0M)]
 [Times: user=0.83 sys=0.06, real=0.14 secs] 
3.608: [GC concurrent-root-region-scan-start]
3.619: [GC concurrent-root-region-scan-end, 0.0114560 secs]
3.619: [GC concurrent-mark-start]
3.842: [GC pause (G1 Evacuation Pause) (young)4.044: [SoftReference, 0 refs, 0.0000232 secs]4.044: [WeakReference, 0 refs, 0.0000030 secs]4.044: [FinalReference, 0 refs, 0.0000026 secs]4.044: [PhantomReference, 0 refs, 0 refs, 0.0000030 secs]4.044: [JNI Weak Reference, 0.0000026 secs], 0.2034207 secs]
   [Parallel Time: 199.4 ms, GC Workers: 8]
      [GC Worker Start (ms): Min: 3841.9, Avg: 3842.0, Max: 3842.1, Diff: 0.2]
      [Ext Root Scanning (ms): Min: 0.0, Avg: 0.1, Max: 0.2, Diff: 0.2, Sum: 0.9]
      [Update RS (ms): Min: 1.4, Avg: 1.7, Max: 2.2, Diff: 0.7, Sum: 13.7]
         [Processed Buffers: Min: 2, Avg: 3.6, Max: 5, Diff: 3, Sum: 29]
      [Scan RS (ms): Min: 0.0, Avg: 0.3, Max: 0.5, Diff: 0.5, Sum: 2.5]
      [Code Root Scanning (ms): Min: 0.0, Avg: 0.0, Max: 0.0, Diff: 0.0, Sum: 0.0]
      [Object Copy (ms): Min: 194.1, Avg: 195.0, Max: 196.3, Diff: 2.2, Sum: 1560.4]
      [Termination (ms): Min: 0.8, Avg: 2.0, Max: 3.0, Diff: 2.2, Sum: 16.4]
         [Termination Attempts: Min: 628, Avg: 837.5, Max: 1050, Diff: 422, Sum: 6700]
      [GC Worker Other (ms): Min: 0.0, Avg: 0.0, Max: 0.0, Diff: 0.0, Sum: 0.2]
      [GC Worker Total (ms): Min: 199.1, Avg: 199.3, Max: 199.3, Diff: 0.2, Sum: 1594.0]
      [GC Worker End (ms): Min: 4041.2, Avg: 4041.2, Max: 4041.3, Diff: 0.0]
   [Code Root Fixup: 0.0 ms]
   [Code Root Purge: 0.0 ms]
   [Clear CT: 0.1 ms]
   [Other: 3.9 ms]
      [Choose CSet: 0.0 ms]
      [Ref Proc: 3.0 ms]
      [Ref Enq: 0.0 ms]
      [Redirty Cards: 0.4 ms]
      [Humongous Register: 0.0 ms]
      [Humongous Reclaim: 0.0 ms]
      [Free CSet: 0.1 ms]
   [Eden: 137.0M(137.0M)->0.0B(122.0M) Survivors: 19.0M->20.0M Heap: 1229.0M(1965.0M)->1231.0M(1982.0M)]
 [Times: user=1.05 sys=0.10, real=0.20 secs] 
4.236: [GC pause (G1 Evacuation Pause) (young)4.405: [SoftReference, 0 refs, 0.0000203 secs]4.405: [WeakReference, 0 refs, 0.0000036 secs]4.405: [FinalReference, 0 refs, 0.0000031 secs]4.405: [PhantomReference, 0 refs, 0 refs, 0.0000037 secs]4.405: [JNI Weak Reference, 0.0000032 secs], 0.1700467 secs]
   [Parallel Time: 163.7 ms, GC Workers: 8]
      [GC Worker Start (ms): Min: 4236.1, Avg: 4236.5, Max: 4236.8, Diff: 0.7]
      [Ext Root Scanning (ms): Min: 0.0, Avg: 0.1, Max: 0.2, Diff: 0.2, Sum: 0.6]
      [Update RS (ms): Min: 1.3, Avg: 1.6, Max: 1.8, Diff: 0.5, Sum: 12.6]
         [Processed Buffers: Min: 3, Avg: 3.9, Max: 6, Diff: 3, Sum: 31]
      [Scan RS (ms): Min: 0.3, Avg: 0.4, Max: 0.5, Diff: 0.2, Sum: 3.1]
      [Code Root Scanning (ms): Min: 0.0, Avg: 0.0, Max: 0.0, Diff: 0.0, Sum: 0.0]
      [Object Copy (ms): Min: 152.3, Avg: 155.2, Max: 158.0, Diff: 5.7, Sum: 1241.4]
      [Termination (ms): Min: 3.2, Avg: 6.0, Max: 8.9, Diff: 5.7, Sum: 47.9]
         [Termination Attempts: Min: 367, Avg: 723.4, Max: 1095, Diff: 728, Sum: 5787]
      [GC Worker Other (ms): Min: 0.0, Avg: 0.0, Max: 0.0, Diff: 0.0, Sum: 0.1]
      [GC Worker Total (ms): Min: 162.8, Avg: 163.2, Max: 163.6, Diff: 0.8, Sum: 1305.6]
      [GC Worker End (ms): Min: 4399.7, Avg: 4399.7, Max: 4399.8, Diff: 0.1]
   [Code Root Fixup: 0.0 ms]
   [Code Root Purge: 0.0 ms]
   [Clear CT: 0.1 ms]
   [Other: 6.2 ms]
      [Choose CSet: 0.0 ms]
      [Ref Proc: 5.2 ms]
      [Ref Enq: 0.0 ms]
      [Redirty Cards: 0.4 ms]
      [Humongous Register: 0.0 ms]
      [Humongous Reclaim: 0.0 ms]
      [Free CSet: 0.1 ms]
   [Eden: 122.0M(122.0M)->0.0B(124.0M) Survivors: 20.0M->18.0M Heap: 1353.0M(1982.0M)->1355.0M(1996.0M)]
 [Times: user=0.94 sys=0.05, real=0.17 secs] 
4.612: [GC pause (G1 Evacuation Pause) (young)4.775: [SoftReference, 0 refs, 0.0000233 secs]4.775: [WeakReference, 0 refs, 0.0000035 secs]4.775: [FinalReference, 0 refs, 0.0000031 secs]4.775: [PhantomReference, 0 refs, 0 refs, 0.0000032 secs]4.775: [JNI Weak Reference, 0.0000032 secs], 0.1647259 secs]
   [Parallel Time: 158.9 ms, GC Workers: 8]
      [GC Worker Start (ms): Min: 4611.8, Avg: 4611.9, Max: 4612.0, Diff: 0.2]
      [Ext Root Scanning (ms): Min: 0.0, Avg: 0.2, Max: 1.0, Diff: 1.0, Sum: 1.7]
      [Update RS (ms): Min: 1.1, Avg: 1.8, Max: 2.0, Diff: 0.9, Sum: 14.3]
         [Processed Buffers: Min: 4, Avg: 4.2, Max: 5, Diff: 1, Sum: 34]
      [Scan RS (ms): Min: 0.5, Avg: 0.6, Max: 0.8, Diff: 0.3, Sum: 4.9]
      [Code Root Scanning (ms): Min: 0.0, Avg: 0.0, Max: 0.0, Diff: 0.0, Sum: 0.0]
      [Object Copy (ms): Min: 148.0, Avg: 150.7, Max: 153.9, Diff: 5.9, Sum: 1205.5]
      [Termination (ms): Min: 2.2, Avg: 5.4, Max: 8.1, Diff: 5.9, Sum: 43.1]
         [Termination Attempts: Min: 201, Avg: 940.2, Max: 1402, Diff: 1201, Sum: 7522]
      [GC Worker Other (ms): Min: 0.0, Avg: 0.0, Max: 0.0, Diff: 0.0, Sum: 0.1]
      [GC Worker Total (ms): Min: 158.6, Avg: 158.7, Max: 158.8, Diff: 0.2, Sum: 1269.7]
      [GC Worker End (ms): Min: 4770.6, Avg: 4770.6, Max: 4770.7, Diff: 0.1]
   [Code Root Fixup: 0.0 ms]
   [Code Root Purge: 0.0 ms]
   [Clear CT: 0.1 ms]
   [Other: 5.7 ms]
      [Choose CSet: 0.0 ms]
      [Ref Proc: 4.8 ms]
      [Ref Enq: 0.0 ms]
      [Redirty Cards: 0.4 ms]
      [Humongous Register: 0.0 ms]
      [Humongous Reclaim: 0.0 ms]
      [Free CSet: 0.1 ms]
   [Eden: 124.0M(124.0M)->0.0B(92.0M) Survivors: 18.0M->18.0M Heap: 1479.0M(1996.0M)->1481.0M(2007.0M)]
 [Times: user=0.88 sys=0.04, real=0.16 secs] 
4.972: [GC pause (G1 Evacuation Pause) (young)5.093: [SoftReference, 0 refs, 0.0000181 secs]5.093: [WeakReference, 0 refs, 0.0000037 secs]5.093: [FinalReference, 0 refs, 0.0000032 secs]5.093: [PhantomReference, 0 refs, 0 refs, 0.0000033 secs]5.093: [JNI Weak Reference, 0.0000030 secs], 0.1211729 secs]
   [Parallel Time: 115.8 ms, GC Workers: 8]
      [GC Worker Start (ms): Min: 4972.1, Avg: 4972.2, Max: 4972.3, Diff: 0.1]
      [Ext Root Scanning (ms): Min: 0.0, Avg: 0.2, Max: 0.6, Diff: 0.6, Sum: 1.3]
      [Update RS (ms): Min: 1.7, Avg: 2.3, Max: 3.2, Diff: 1.5, Sum: 18.3]
         [Processed Buffers: Min: 2, Avg: 4.6, Max: 6, Diff: 4, Sum: 37]
      [Scan RS (ms): Min: 0.0, Avg: 0.8, Max: 1.1, Diff: 1.0, Sum: 6.6]
      [Code Root Scanning (ms): Min: 0.0, Avg: 0.0, Max: 0.0, Diff: 0.0, Sum: 0.0]
      [Object Copy (ms): Min: 95.0, Avg: 104.3, Max: 110.0, Diff: 15.0, Sum: 834.1]
      [Termination (ms): Min: 2.4, Avg: 8.1, Max: 17.2, Diff: 14.8, Sum: 64.7]
         [Termination Attempts: Min: 111, Avg: 1079.6, Max: 1708, Diff: 1597, Sum: 8637]
      [GC Worker Other (ms): Min: 0.0, Avg: 0.0, Max: 0.0, Diff: 0.0, Sum: 0.1]
      [GC Worker Total (ms): Min: 115.5, Avg: 115.6, Max: 115.8, Diff: 0.3, Sum: 925.2]
      [GC Worker End (ms): Min: 5087.8, Avg: 5087.9, Max: 5087.9, Diff: 0.2]
   [Code Root Fixup: 0.0 ms]
   [Code Root Purge: 0.0 ms]
   [Clear CT: 0.1 ms]
   [Other: 5.2 ms]
      [Choose CSet: 0.0 ms]
      [Ref Proc: 4.6 ms]
      [Ref Enq: 0.0 ms]
      [Redirty Cards: 0.3 ms]
      [Humongous Register: 0.0 ms]
      [Humongous Reclaim: 0.0 ms]
      [Free CSet: 0.0 ms]
   [Eden: 91.0M(91.0M)->0.0B(117.0M) Survivors: 18.0M->14.0M Heap: 1572.0M(2007.0M)->1575.0M(2016.0M)]
 [Times: user=0.72 sys=0.01, real=0.12 secs] 
5.269: [GC pause (G1 Evacuation Pause) (young)5.391: [SoftReference, 0 refs, 0.0000210 secs]5.391: [WeakReference, 0 refs, 0.0000034 secs]5.391: [FinalReference, 0 refs, 0.0000029 secs]5.391: [PhantomReference, 0 refs, 0 refs, 0.0000032 secs]5.391: [JNI Weak Reference, 0.0000029 secs], 0.1233903 secs]
   [Parallel Time: 118.6 ms, GC Workers: 8]
      [GC Worker Start (ms): Min: 5268.8, Avg: 5268.9, Max: 5269.1, Diff: 0.3]
      [Ext Root Scanning (ms): Min: 0.0, Avg: 2.1, Max: 16.2, Diff: 16.2, Sum: 16.8]
      [Update RS (ms): Min: 0.0, Avg: 2.9, Max: 4.0, Diff: 4.0, Sum: 23.0]
         [Processed Buffers: Min: 0, Avg: 5.0, Max: 8, Diff: 8, Sum: 40]
      [Scan RS (ms): Min: 0.0, Avg: 0.4, Max: 0.8, Diff: 0.8, Sum: 3.3]
      [Code Root Scanning (ms): Min: 0.0, Avg: 0.0, Max: 0.0, Diff: 0.0, Sum: 0.0]
      [Object Copy (ms): Min: 102.1, Avg: 112.4, Max: 114.1, Diff: 12.0, Sum: 899.3]
      [Termination (ms): Min: 0.1, Avg: 0.6, Max: 0.9, Diff: 0.8, Sum: 4.5]
         [Termination Attempts: Min: 97, Avg: 143.5, Max: 205, Diff: 108, Sum: 1148]
      [GC Worker Other (ms): Min: 0.0, Avg: 0.0, Max: 0.0, Diff: 0.0, Sum: 0.1]
      [GC Worker Total (ms): Min: 118.2, Avg: 118.4, Max: 118.5, Diff: 0.3, Sum: 947.0]
      [GC Worker End (ms): Min: 5387.2, Avg: 5387.3, Max: 5387.3, Diff: 0.0]
   [Code Root Fixup: 0.0 ms]
   [Code Root Purge: 0.0 ms]
   [Clear CT: 0.1 ms]
   [Other: 4.7 ms]
      [Choose CSet: 0.0 ms]
      [Ref Proc: 3.9 ms]
      [Ref Enq: 0.0 ms]
      [Redirty Cards: 0.4 ms]
      [Humongous Register: 0.1 ms]
      [Humongous Reclaim: 0.0 ms]
      [Free CSet: 0.0 ms]
   [Eden: 117.0M(117.0M)->0.0B(84.0M) Survivors: 14.0M->17.0M Heap: 1692.0M(2016.0M)->1678.0M(2023.0M)]
 [Times: user=0.73 sys=0.01, real=0.13 secs] 
5.593: [GC pause (G1 Evacuation Pause) (young)5.695: [SoftReference, 0 refs, 0.0001846 secs]5.695: [WeakReference, 0 refs, 0.0000040 secs]5.695: [FinalReference, 0 refs, 0.0000027 secs]5.695: [PhantomReference, 0 refs, 0 refs, 0.0000030 secs]5.695: [JNI Weak Reference, 0.0000025 secs], 0.1030318 secs]
   [Parallel Time: 98.3 ms, GC Workers: 8]
      [GC Worker Start (ms): Min: 5592.8, Avg: 5594.1, Max: 5596.9, Diff: 4.1]
      [Ext Root Scanning (ms): Min: 0.0, Avg: 0.3, Max: 2.1, Diff: 2.1, Sum: 2.5]
      [Update RS (ms): Min: 0.0, Avg: 2.6, Max: 5.6, Diff: 5.6, Sum: 20.8]
         [Processed Buffers: Min: 0, Avg: 5.4, Max: 11, Diff: 11, Sum: 43]
      [Scan RS (ms): Min: 0.0, Avg: 0.6, Max: 1.0, Diff: 1.0, Sum: 4.5]
      [Code Root Scanning (ms): Min: 0.0, Avg: 0.0, Max: 0.0, Diff: 0.0, Sum: 0.0]
      [Object Copy (ms): Min: 91.3, Avg: 92.4, Max: 92.9, Diff: 1.6, Sum: 738.8]
      [Termination (ms): Min: 0.8, Avg: 1.1, Max: 1.2, Diff: 0.4, Sum: 8.7]
         [Termination Attempts: Min: 520, Avg: 976.5, Max: 1137, Diff: 617, Sum: 7812]
      [GC Worker Other (ms): Min: 0.0, Avg: 0.0, Max: 0.0, Diff: 0.0, Sum: 0.1]
      [GC Worker Total (ms): Min: 94.1, Avg: 96.9, Max: 98.2, Diff: 4.1, Sum: 775.4]
      [GC Worker End (ms): Min: 5691.0, Avg: 5691.0, Max: 5691.1, Diff: 0.0]
   [Code Root Fixup: 0.0 ms]
   [Code Root Purge: 0.0 ms]
   [Clear CT: 0.3 ms]
   [Other: 4.4 ms]
      [Choose CSet: 0.0 ms]
      [Ref Proc: 3.7 ms]
      [Ref Enq: 0.0 ms]
      [Redirty Cards: 0.4 ms]
      [Humongous Register: 0.0 ms]
      [Humongous Reclaim: 0.0 ms]
      [Free CSet: 0.0 ms]
   [Eden: 84.0M(84.0M)->0.0B(88.0M) Survivors: 17.0M->13.0M Heap: 1762.0M(2023.0M)->1762.0M(2028.0M)]
 [Times: user=0.66 sys=0.00, real=0.10 secs] 
5.781: [GC concurrent-mark-end, 2.1611321 secs]
5.781: [GC remark 5.781: [Finalize Marking, 0.0008635 secs] 5.782: [GC ref-proc5.782: [SoftReference, 0 refs, 0.0000142 secs]5.782: [WeakReference, 242296 refs, 0.0242656 secs]5.806: [FinalReference, 2 refs, 0.0000150 secs]5.806: [PhantomReference, 0 refs, 0 refs, 0.0000148 secs]5.806: [JNI Weak Reference, 0.0000038 secs], 0.0243501 secs] 5.806: [Unloading, 0.0008760 secs], 0.0300063 secs]
 [Times: user=0.05 sys=0.00, real=0.03 secs] 
5.811: [GC cleanup 1790M->1783M(2028M), 0.0046295 secs]
 [Times: user=0.02 sys=0.00, real=0.00 secs] 
5.816: [GC concurrent-cleanup-start]
5.816: [GC concurrent-cleanup-end, 0.0000127 secs]
5.899: [GC pause (G1 Evacuation Pause) (young)5.997: [SoftReference, 0 refs, 0.0013381 secs]5.998: [WeakReference, 0 refs, 0.0000041 secs]5.998: [FinalReference, 0 refs, 0.0000026 secs]5.998: [PhantomReference, 0 refs, 0 refs, 0.0000030 secs]5.998: [JNI Weak Reference, 0.0000028 secs], 0.1000627 secs]
   [Parallel Time: 97.3 ms, GC Workers: 8]
      [GC Worker Start (ms): Min: 5899.0, Avg: 5900.3, Max: 5901.9, Diff: 2.9]
      [Ext Root Scanning (ms): Min: 0.0, Avg: 0.0, Max: 0.2, Diff: 0.2, Sum: 0.4]
      [Update RS (ms): Min: 0.8, Avg: 2.4, Max: 3.6, Diff: 2.8, Sum: 19.1]
         [Processed Buffers: Min: 2, Avg: 5.9, Max: 10, Diff: 8, Sum: 47]
      [Scan RS (ms): Min: 0.7, Avg: 0.8, Max: 0.9, Diff: 0.2, Sum: 6.5]
      [Code Root Scanning (ms): Min: 0.0, Avg: 0.0, Max: 0.0, Diff: 0.0, Sum: 0.0]
      [Object Copy (ms): Min: 92.1, Avg: 92.3, Max: 92.5, Diff: 0.3, Sum: 738.7]
      [Termination (ms): Min: 0.2, Avg: 0.3, Max: 0.6, Diff: 0.4, Sum: 2.7]
         [Termination Attempts: Min: 107, Avg: 163.5, Max: 223, Diff: 116, Sum: 1308]
      [GC Worker Other (ms): Min: 0.0, Avg: 0.0, Max: 0.0, Diff: 0.0, Sum: 0.1]
      [GC Worker Total (ms): Min: 94.4, Avg: 95.9, Max: 97.2, Diff: 2.9, Sum: 767.5]
      [GC Worker End (ms): Min: 5996.2, Avg: 5996.3, Max: 5996.3, Diff: 0.1]
   [Code Root Fixup: 0.0 ms]
   [Code Root Purge: 0.0 ms]
   [Clear CT: 0.1 ms]
   [Other: 2.6 ms]
      [Choose CSet: 0.0 ms]
      [Ref Proc: 2.0 ms]
      [Ref Enq: 0.0 ms]
      [Redirty Cards: 0.3 ms]
      [Humongous Register: 0.0 ms]
      [Humongous Reclaim: 0.0 ms]
      [Free CSet: 0.1 ms]
   [Eden: 88.0M(88.0M)->0.0B(88.0M) Survivors: 13.0M->13.0M Heap: 1842.5M(2028.0M)->1844.0M(2032.0M)]
 [Times: user=0.63 sys=0.00, real=0.10 secs] 
6.118: [GC pause (G1 Evacuation Pause) (young)6.210: [SoftReference, 0 refs, 0.0000354 secs]6.210: [WeakReference, 0 refs, 0.0000030 secs]6.210: [FinalReference, 0 refs, 0.0000027 secs]6.210: [PhantomReference, 0 refs, 0 refs, 0.0000029 secs]6.210: [JNI Weak Reference, 0.0000220 secs], 0.0920015 secs]
   [Parallel Time: 90.6 ms, GC Workers: 8]
      [GC Worker Start (ms): Min: 6118.3, Avg: 6118.4, Max: 6118.6, Diff: 0.3]
      [Ext Root Scanning (ms): Min: 0.0, Avg: 0.1, Max: 0.2, Diff: 0.2, Sum: 0.8]
      [Update RS (ms): Min: 2.6, Avg: 2.7, Max: 3.0, Diff: 0.4, Sum: 21.6]
         [Processed Buffers: Min: 5, Avg: 6.4, Max: 8, Diff: 3, Sum: 51]
      [Scan RS (ms): Min: 0.0, Avg: 0.2, Max: 0.3, Diff: 0.3, Sum: 2.0]
      [Code Root Scanning (ms): Min: 0.0, Avg: 0.0, Max: 0.0, Diff: 0.0, Sum: 0.0]
      [Object Copy (ms): Min: 87.1, Avg: 87.2, Max: 87.3, Diff: 0.2, Sum: 697.8]
      [Termination (ms): Min: 0.1, Avg: 0.2, Max: 0.3, Diff: 0.1, Sum: 1.4]
         [Termination Attempts: Min: 98, Avg: 151.6, Max: 190, Diff: 92, Sum: 1213]
      [GC Worker Other (ms): Min: 0.0, Avg: 0.0, Max: 0.0, Diff: 0.0, Sum: 0.1]
      [GC Worker Total (ms): Min: 90.2, Avg: 90.5, Max: 90.6, Diff: 0.3, Sum: 723.8]
      [GC Worker End (ms): Min: 6208.8, Avg: 6208.8, Max: 6208.8, Diff: 0.0]
   [Code Root Fixup: 0.0 ms]
   [Code Root Purge: 0.0 ms]
   [Clear CT: 0.1 ms]
   [Other: 1.3 ms]
      [Choose CSet: 0.0 ms]
      [Ref Proc: 0.8 ms]
      [Ref Enq: 0.0 ms]
      [Redirty Cards: 0.3 ms]
      [Humongous Register: 0.0 ms]
      [Humongous Reclaim: 0.0 ms]
      [Free CSet: 0.0 ms]
   [Eden: 88.0M(88.0M)->0.0B(88.0M) Survivors: 13.0M->13.0M Heap: 1932.0M(2032.0M)->1934.0M(2039.0M)]
 [Times: user=0.62 sys=0.01, real=0.10 secs] 
6.313: [GC pause (G1 Evacuation Pause) (young) (initial-mark)6.643: [SoftReference, 0 refs, 0.0002951 secs]6.643: [WeakReference, 0 refs, 0.0000037 secs]6.643: [FinalReference, 0 refs, 0.0000027 secs]6.643: [PhantomReference, 0 refs, 0 refs, 0.0000029 secs]6.643: [JNI Weak Reference, 0.0000026 secs] (to-space exhausted), 0.3666455 secs]
   [Parallel Time: 329.5 ms, GC Workers: 8]
      [GC Worker Start (ms): Min: 6313.1, Avg: 6313.2, Max: 6313.3, Diff: 0.3]
      [Ext Root Scanning (ms): Min: 0.0, Avg: 1.5, Max: 4.7, Diff: 4.7, Sum: 11.6]
      [Update RS (ms): Min: 0.0, Avg: 2.0, Max: 3.5, Diff: 3.5, Sum: 16.1]
         [Processed Buffers: Min: 0, Avg: 7.0, Max: 11, Diff: 11, Sum: 56]
      [Scan RS (ms): Min: 0.0, Avg: 0.3, Max: 0.5, Diff: 0.5, Sum: 2.3]
      [Code Root Scanning (ms): Min: 0.0, Avg: 0.0, Max: 0.0, Diff: 0.0, Sum: 0.0]
      [Object Copy (ms): Min: 209.3, Avg: 310.7, Max: 325.5, Diff: 116.2, Sum: 2485.9]
      [Termination (ms): Min: 0.0, Avg: 14.6, Max: 116.4, Diff: 116.4, Sum: 117.2]
         [Termination Attempts: Min: 1, Avg: 6.6, Max: 11, Diff: 10, Sum: 53]
      [GC Worker Other (ms): Min: 0.0, Avg: 0.0, Max: 0.0, Diff: 0.0, Sum: 0.1]
      [GC Worker Total (ms): Min: 329.0, Avg: 329.1, Max: 329.3, Diff: 0.3, Sum: 2633.1]
      [GC Worker End (ms): Min: 6642.3, Avg: 6642.4, Max: 6642.5, Diff: 0.2]
   [Code Root Fixup: 0.0 ms]
   [Code Root Purge: 0.0 ms]
   [Clear CT: 0.1 ms]
   [Other: 37.1 ms]
      [Evacuation Failure: 36.0 ms]
      [Choose CSet: 0.0 ms]
      [Ref Proc: 0.8 ms]
      [Ref Enq: 0.0 ms]
      [Redirty Cards: 0.1 ms]
      [Humongous Register: 0.0 ms]
      [Humongous Reclaim: 0.0 ms]
      [Free CSet: 0.0 ms]
   [Eden: 88.0M(88.0M)->0.0B(90.0M) Survivors: 13.0M->12.0M Heap: 2022.0M(2039.0M)->2029.0M(2048.0M)]
 [Times: user=0.74 sys=0.01, real=0.37 secs] 
6.680: [GC concurrent-root-region-scan-start]
6.684: [GC concurrent-root-region-scan-end, 0.0046465 secs]
6.684: [GC concurrent-mark-start]
6.765: [GC pause (G1 Evacuation Pause) (young)6.922: [SoftReference, 0 refs, 0.0000189 secs]6.922: [WeakReference, 0 refs, 0.0000030 secs]6.922: [FinalReference, 0 refs, 0.0000026 secs]6.922: [PhantomReference, 0 refs, 0 refs, 0.0000028 secs]6.922: [JNI Weak Reference, 0.0000026 secs] (to-space exhausted), 0.1674471 secs]
   [Parallel Time: 155.2 ms, GC Workers: 8]
      [GC Worker Start (ms): Min: 6765.3, Avg: 6765.4, Max: 6765.4, Diff: 0.1]
      [Ext Root Scanning (ms): Min: 0.0, Avg: 0.1, Max: 0.1, Diff: 0.1, Sum: 0.8]
      [Update RS (ms): Min: 0.0, Avg: 2.5, Max: 2.9, Diff: 2.9, Sum: 19.9]
         [Processed Buffers: Min: 0, Avg: 7.2, Max: 12, Diff: 12, Sum: 58]
      [Scan RS (ms): Min: 0.0, Avg: 0.0, Max: 0.0, Diff: 0.0, Sum: 0.0]
      [Code Root Scanning (ms): Min: 0.0, Avg: 0.0, Max: 0.0, Diff: 0.0, Sum: 0.0]
      [Object Copy (ms): Min: 151.9, Avg: 152.3, Max: 154.8, Diff: 2.9, Sum: 1218.2]
      [Termination (ms): Min: 0.0, Avg: 0.2, Max: 0.4, Diff: 0.4, Sum: 1.5]
         [Termination Attempts: Min: 1, Avg: 1.0, Max: 1, Diff: 0, Sum: 8]
      [GC Worker Other (ms): Min: 0.0, Avg: 0.0, Max: 0.0, Diff: 0.0, Sum: 0.1]
      [GC Worker Total (ms): Min: 155.0, Avg: 155.1, Max: 155.1, Diff: 0.2, Sum: 1240.4]
      [GC Worker End (ms): Min: 6920.4, Avg: 6920.4, Max: 6920.5, Diff: 0.1]
   [Code Root Fixup: 0.0 ms]
   [Code Root Purge: 0.0 ms]
   [Clear CT: 0.1 ms]
   [Other: 12.1 ms]
      [Evacuation Failure: 10.4 ms]
      [Choose CSet: 0.0 ms]
      [Ref Proc: 1.5 ms]
      [Ref Enq: 0.0 ms]
      [Redirty Cards: 0.1 ms]
      [Humongous Register: 0.0 ms]
      [Humongous Reclaim: 0.0 ms]
      [Free CSet: 0.0 ms]
   [Eden: 18.0M(90.0M)->0.0B(102.0M) Survivors: 12.0M->0.0B Heap: 2047.0M(2048.0M)->2047.0M(2048.0M)]
 [Times: user=0.23 sys=0.01, real=0.17 secs] 
6.933: [GC pause (G1 Evacuation Pause) (young)6.937: [SoftReference, 0 refs, 0.0000127 secs]6.937: [WeakReference, 0 refs, 0.0000029 secs]6.937: [FinalReference, 0 refs, 0.0000025 secs]6.937: [PhantomReference, 0 refs, 0 refs, 0.0000030 secs]6.937: [JNI Weak Reference, 0.0000024 secs], 0.0043946 secs]
   [Parallel Time: 2.8 ms, GC Workers: 8]
      [GC Worker Start (ms): Min: 6932.9, Avg: 6933.0, Max: 6933.0, Diff: 0.1]
      [Ext Root Scanning (ms): Min: 0.1, Avg: 0.1, Max: 0.1, Diff: 0.1, Sum: 0.8]
      [Update RS (ms): Min: 2.4, Avg: 2.5, Max: 2.5, Diff: 0.2, Sum: 19.6]
         [Processed Buffers: Min: 11, Avg: 12.1, Max: 14, Diff: 3, Sum: 97]
      [Scan RS (ms): Min: 0.0, Avg: 0.0, Max: 0.0, Diff: 0.0, Sum: 0.0]
      [Code Root Scanning (ms): Min: 0.0, Avg: 0.0, Max: 0.0, Diff: 0.0, Sum: 0.0]
      [Object Copy (ms): Min: 0.0, Avg: 0.0, Max: 0.0, Diff: 0.0, Sum: 0.0]
      [Termination (ms): Min: 0.0, Avg: 0.1, Max: 0.2, Diff: 0.2, Sum: 0.9]
         [Termination Attempts: Min: 1, Avg: 1.0, Max: 1, Diff: 0, Sum: 8]
      [GC Worker Other (ms): Min: 0.0, Avg: 0.0, Max: 0.0, Diff: 0.0, Sum: 0.0]
      [GC Worker Total (ms): Min: 2.6, Avg: 2.7, Max: 2.7, Diff: 0.1, Sum: 21.4]
      [GC Worker End (ms): Min: 6935.6, Avg: 6935.7, Max: 6935.7, Diff: 0.1]
   [Code Root Fixup: 0.0 ms]
   [Code Root Purge: 0.0 ms]
   [Clear CT: 0.1 ms]
   [Other: 1.5 ms]
      [Choose CSet: 0.0 ms]
      [Ref Proc: 1.4 ms]
      [Ref Enq: 0.0 ms]
      [Redirty Cards: 0.1 ms]
      [Humongous Register: 0.0 ms]
      [Humongous Reclaim: 0.0 ms]
      [Free CSet: 0.0 ms]
   [Eden: 0.0B(102.0M)->0.0B(102.0M) Survivors: 0.0B->0.0B Heap: 2047.0M(2048.0M)->2047.0M(2048.0M)]
 [Times: user=0.03 sys=0.00, real=0.00 secs] 
6.937: [Full GC (Allocation Failure) 8.117: [SoftReference, 26 refs, 0.0000257 secs]8.117: [WeakReference, 1048576 refs, 0.0582865 secs]8.175: [FinalReference, 2 refs, 0.0000059 secs]8.175: [PhantomReference, 0 refs, 0 refs, 0.0000032 secs]8.175: [JNI Weak Reference, 0.0000027 secs] 2047M->1620M(2048M), 3.7116651 secs]
   [Eden: 0.0B(102.0M)->0.0B(117.0M) Survivors: 0.0B->0.0B Heap: 2047.0M(2048.0M)->1620.5M(2048.0M)], [Metaspace: 3218K->3218K(1056768K)]
 [Times: user=4.97 sys=0.22, real=3.71 secs] 
10.649: [GC concurrent-mark-abort]
11.275: [GC pause (G1 Evacuation Pause) (young)11.390: [SoftReference, 0 refs, 0.0000183 secs]11.390: [WeakReference, 372486 refs, 0.0423146 secs]11.432: [FinalReference, 0 refs, 0.0000055 secs]11.432: [PhantomReference, 0 refs, 0 refs, 0.0000032 secs]11.432: [JNI Weak Reference, 0.0000026 secs], 0.1576310 secs]
   [Parallel Time: 113.7 ms, GC Workers: 8]
      [GC Worker Start (ms): Min: 11275.2, Avg: 11276.1, Max: 11280.1, Diff: 4.9]
      [Ext Root Scanning (ms): Min: 0.0, Avg: 0.0, Max: 0.2, Diff: 0.2, Sum: 0.4]
      [Update RS (ms): Min: 3.8, Avg: 6.8, Max: 7.6, Diff: 3.8, Sum: 54.5]
         [Processed Buffers: Min: 1, Avg: 8.8, Max: 11, Diff: 10, Sum: 70]
      [Scan RS (ms): Min: 0.0, Avg: 0.1, Max: 0.4, Diff: 0.4, Sum: 0.6]
      [Code Root Scanning (ms): Min: 0.0, Avg: 0.0, Max: 0.0, Diff: 0.0, Sum: 0.0]
      [Object Copy (ms): Min: 104.0, Avg: 105.0, Max: 105.6, Diff: 1.6, Sum: 839.7]
      [Termination (ms): Min: 0.1, Avg: 0.8, Max: 0.9, Diff: 0.8, Sum: 6.4]
         [Termination Attempts: Min: 137, Avg: 265.6, Max: 314, Diff: 177, Sum: 2125]
      [GC Worker Other (ms): Min: 0.0, Avg: 0.0, Max: 0.0, Diff: 0.0, Sum: 0.1]
      [GC Worker Total (ms): Min: 108.8, Avg: 112.7, Max: 113.6, Diff: 4.8, Sum: 901.6]
      [GC Worker End (ms): Min: 11388.8, Avg: 11388.8, Max: 11388.8, Diff: 0.1]
   [Code Root Fixup: 0.0 ms]
   [Code Root Purge: 0.0 ms]
   [Clear CT: 0.1 ms]
   [Other: 43.8 ms]
      [Choose CSet: 0.0 ms]
      [Ref Proc: 43.2 ms]
      [Ref Enq: 0.0 ms]
      [Redirty Cards: 0.4 ms]
      [Humongous Register: 0.0 ms]
      [Humongous Reclaim: 0.0 ms]
      [Free CSet: 0.1 ms]
   [Eden: 117.0M(117.0M)->0.0B(87.0M) Survivors: 0.0B->15.0M Heap: 1737.5M(2048.0M)->1739.0M(2048.0M)]
 [Times: user=0.84 sys=0.01, real=0.16 secs] 
11.528: [GC pause (G1 Evacuation Pause) (young) (initial-mark)11.633: [SoftReference, 0 refs, 0.0000263 secs]11.633: [WeakReference, 277962 refs, 0.0401658 secs]11.673: [FinalReference, 0 refs, 0.0000059 secs]11.673: [PhantomReference, 0 refs, 0 refs, 0.0000033 secs]11.673: [JNI Weak Reference, 0.0000027 secs], 0.1458556 secs]
   [Parallel Time: 103.9 ms, GC Workers: 8]
      [GC Worker Start (ms): Min: 11528.3, Avg: 11528.6, Max: 11528.7, Diff: 0.4]
      [Ext Root Scanning (ms): Min: 0.0, Avg: 0.5, Max: 2.6, Diff: 2.6, Sum: 4.2]
      [Update RS (ms): Min: 7.2, Avg: 9.1, Max: 10.0, Diff: 2.8, Sum: 72.5]
         [Processed Buffers: Min: 4, Avg: 12.6, Max: 16, Diff: 12, Sum: 101]
      [Scan RS (ms): Min: 2.5, Avg: 3.3, Max: 4.9, Diff: 2.4, Sum: 26.5]
      [Code Root Scanning (ms): Min: 0.0, Avg: 0.0, Max: 0.0, Diff: 0.0, Sum: 0.0]
      [Object Copy (ms): Min: 87.9, Avg: 89.6, Max: 90.7, Diff: 2.8, Sum: 716.6]
      [Termination (ms): Min: 0.0, Avg: 1.0, Max: 1.8, Diff: 1.8, Sum: 7.8]
         [Termination Attempts: Min: 1, Avg: 88.5, Max: 205, Diff: 204, Sum: 708]
      [GC Worker Other (ms): Min: 0.0, Avg: 0.0, Max: 0.0, Diff: 0.0, Sum: 0.1]
      [GC Worker Total (ms): Min: 103.2, Avg: 103.5, Max: 103.8, Diff: 0.5, Sum: 827.8]
      [GC Worker End (ms): Min: 11631.9, Avg: 11632.0, Max: 11632.2, Diff: 0.3]
   [Code Root Fixup: 0.0 ms]
   [Code Root Purge: 0.0 ms]
   [Clear CT: 0.1 ms]
   [Other: 41.8 ms]
      [Choose CSet: 0.0 ms]
      [Ref Proc: 41.1 ms]
      [Ref Enq: 0.0 ms]
      [Redirty Cards: 0.3 ms]
      [Humongous Register: 0.1 ms]
      [Humongous Reclaim: 0.0 ms]
      [Free CSet: 0.1 ms]
   [Eden: 87.0M(87.0M)->0.0B(89.0M) Survivors: 15.0M->13.0M Heap: 1826.0M(2048.0M)->1827.5M(2048.0M)]
 [Times: user=0.63 sys=0.00, real=0.15 secs] 
11.674: [GC concurrent-root-region-scan-start]
11.695: [GC concurrent-root-region-scan-end, 0.0208991 secs]
11.695: [GC concurrent-mark-start]
11.800: [GC pause (G1 Evacuation Pause) (young)11.910: [SoftReference, 0 refs, 0.0000199 secs]11.910: [WeakReference, 313380 refs, 0.0423631 secs]11.952: [FinalReference, 0 refs, 0.0000052 secs]11.952: [PhantomReference, 0 refs, 0 refs, 0.0000033 secs]11.952: [JNI Weak Reference, 0.0000027 secs], 0.1536212 secs]
   [Parallel Time: 107.0 ms, GC Workers: 8]
      [GC Worker Start (ms): Min: 11799.6, Avg: 11801.6, Max: 11804.2, Diff: 4.5]
      [Ext Root Scanning (ms): Min: 0.0, Avg: 0.0, Max: 0.2, Diff: 0.2, Sum: 0.2]
      [Update RS (ms): Min: 8.0, Avg: 10.3, Max: 12.5, Diff: 4.4, Sum: 82.6]
         [Processed Buffers: Min: 3, Avg: 13.4, Max: 18, Diff: 15, Sum: 107]
      [Scan RS (ms): Min: 1.5, Avg: 4.5, Max: 12.4, Diff: 10.9, Sum: 36.3]
      [Code Root Scanning (ms): Min: 0.0, Avg: 0.0, Max: 0.0, Diff: 0.0, Sum: 0.0]
      [Object Copy (ms): Min: 82.8, Avg: 90.0, Max: 92.1, Diff: 9.3, Sum: 719.7]
      [Termination (ms): Min: 0.0, Avg: 0.1, Max: 0.2, Diff: 0.1, Sum: 0.7]
         [Termination Attempts: Min: 45, Avg: 72.1, Max: 89, Diff: 44, Sum: 577]
      [GC Worker Other (ms): Min: 0.0, Avg: 0.0, Max: 0.0, Diff: 0.0, Sum: 0.2]
      [GC Worker Total (ms): Min: 102.4, Avg: 105.0, Max: 106.9, Diff: 4.5, Sum: 839.7]
      [GC Worker End (ms): Min: 11906.6, Avg: 11906.6, Max: 11906.6, Diff: 0.0]
   [Code Root Fixup: 0.0 ms]
   [Code Root Purge: 0.0 ms]
   [Clear CT: 0.1 ms]
   [Other: 46.5 ms]
      [Choose CSet: 0.0 ms]
      [Ref Proc: 45.9 ms]
      [Ref Enq: 0.0 ms]
      [Redirty Cards: 0.4 ms]
      [Humongous Register: 0.1 ms]
      [Humongous Reclaim: 0.0 ms]
      [Free CSet: 0.1 ms]
   [Eden: 89.0M(89.0M)->0.0B(89.0M) Survivors: 13.0M->13.0M Heap: 1916.5M(2048.0M)->1918.0M(2048.0M)]
 [Times: user=0.78 sys=0.00, real=0.16 secs] 
12.066: [GC pause (G1 Evacuation Pause) (young)12.443: [SoftReference, 0 refs, 0.0000289 secs]12.443: [WeakReference, 20426 refs, 0.0031548 secs]12.446: [FinalReference, 0 refs, 0.0000053 secs]12.446: [PhantomReference, 0 refs, 0 refs, 0.0000034 secs]12.446: [JNI Weak Reference, 0.0000027 secs] (to-space exhausted), 0.4169909 secs]
   [Parallel Time: 372.2 ms, GC Workers: 8]
      [GC Worker Start (ms): Min: 12066.1, Avg: 12069.9, Max: 12077.7, Diff: 11.6]
      [Ext Root Scanning (ms): Min: 0.0, Avg: 0.0, Max: 0.2, Diff: 0.2, Sum: 0.3]
      [Update RS (ms): Min: 0.0, Avg: 7.5, Max: 11.4, Diff: 11.4, Sum: 60.2]
         [Processed Buffers: Min: 0, Avg: 11.0, Max: 17, Diff: 17, Sum: 88]
      [Scan RS (ms): Min: 1.1, Avg: 1.5, Max: 2.2, Diff: 1.1, Sum: 12.1]
      [Code Root Scanning (ms): Min: 0.0, Avg: 0.0, Max: 0.0, Diff: 0.0, Sum: 0.0]
      [Object Copy (ms): Min: 120.5, Avg: 328.9, Max: 359.2, Diff: 238.7, Sum: 2631.2]
      [Termination (ms): Min: 0.0, Avg: 30.3, Max: 238.7, Diff: 238.7, Sum: 242.5]
         [Termination Attempts: Min: 1, Avg: 1.0, Max: 1, Diff: 0, Sum: 8]
      [GC Worker Other (ms): Min: 0.0, Avg: 0.0, Max: 0.0, Diff: 0.0, Sum: 0.1]
      [GC Worker Total (ms): Min: 360.5, Avg: 368.3, Max: 372.1, Diff: 11.6, Sum: 2946.4]
      [GC Worker End (ms): Min: 12438.1, Avg: 12438.2, Max: 12438.2, Diff: 0.1]
   [Code Root Fixup: 0.0 ms]
   [Code Root Purge: 0.0 ms]
   [Clear CT: 0.2 ms]
   [Other: 44.6 ms]
      [Evacuation Failure: 36.7 ms]
      [Choose CSet: 0.0 ms]
      [Ref Proc: 7.5 ms]
      [Ref Enq: 0.0 ms]
      [Redirty Cards: 0.2 ms]
      [Humongous Register: 0.1 ms]
      [Humongous Reclaim: 0.0 ms]
      [Free CSet: 0.1 ms]
   [Eden: 89.0M(89.0M)->0.0B(89.0M) Survivors: 13.0M->13.0M Heap: 2007.0M(2048.0M)->2011.5M(2048.0M)]
 [Times: user=0.87 sys=0.01, real=0.42 secs] 
12.525: [GC concurrent-mark-end, 0.8300638 secs]
12.525: [GC remark 12.525: [Finalize Marking, 0.0012670 secs] 12.527: [GC ref-proc12.527: [SoftReference, 0 refs, 0.0000150 secs]12.527: [WeakReference, 309284 refs, 0.0294090 secs]12.556: [FinalReference, 33 refs, 0.0000203 secs]12.556: [PhantomReference, 0 refs, 0 refs, 0.0000168 secs]12.556: [JNI Weak Reference, 0.0000049 secs], 0.0295130 secs] 12.556: [Unloading, 0.0006568 secs], 0.0332500 secs]
 [Times: user=0.04 sys=0.00, real=0.03 secs] 
12.559: [GC cleanup 2041M->452M(2048M), 0.0040791 secs]
 [Times: user=0.01 sys=0.00, real=0.01 secs] 
12.563: [GC concurrent-cleanup-start]
12.567: [GC concurrent-cleanup-end, 0.0040111 secs]
12.620: [GC pause (G1 Evacuation Pause) (young)12.716: [SoftReference, 0 refs, 0.0000284 secs]12.716: [WeakReference, 8668 refs, 0.0007833 secs]12.717: [FinalReference, 0 refs, 0.0000045 secs]12.717: [PhantomReference, 0 refs, 0 refs, 0.0000035 secs]12.717: [JNI Weak Reference, 0.0000028 secs], 0.0974375 secs]
   [Parallel Time: 95.0 ms, GC Workers: 8]
      [GC Worker Start (ms): Min: 12619.9, Avg: 12620.1, Max: 12621.3, Diff: 1.5]
      [Ext Root Scanning (ms): Min: 0.0, Avg: 0.1, Max: 0.2, Diff: 0.2, Sum: 0.7]
      [Update RS (ms): Min: 6.6, Avg: 8.5, Max: 10.8, Diff: 4.2, Sum: 68.3]
         [Processed Buffers: Min: 2, Avg: 11.9, Max: 19, Diff: 17, Sum: 95]
      [Scan RS (ms): Min: 0.0, Avg: 0.0, Max: 0.0, Diff: 0.0, Sum: 0.1]
      [Code Root Scanning (ms): Min: 0.0, Avg: 0.0, Max: 0.0, Diff: 0.0, Sum: 0.0]
      [Object Copy (ms): Min: 83.0, Avg: 85.1, Max: 86.0, Diff: 3.0, Sum: 680.7]
      [Termination (ms): Min: 0.3, Avg: 0.9, Max: 1.1, Diff: 0.8, Sum: 7.4]
         [Termination Attempts: Min: 164, Avg: 561.0, Max: 681, Diff: 517, Sum: 4488]
      [GC Worker Other (ms): Min: 0.0, Avg: 0.0, Max: 0.0, Diff: 0.0, Sum: 0.1]
      [GC Worker Total (ms): Min: 93.4, Avg: 94.7, Max: 94.9, Diff: 1.5, Sum: 757.4]
      [GC Worker End (ms): Min: 12714.8, Avg: 12714.8, Max: 12714.8, Diff: 0.0]
   [Code Root Fixup: 0.0 ms]
   [Code Root Purge: 0.0 ms]
   [Clear CT: 0.1 ms]
   [Other: 2.3 ms]
      [Choose CSet: 0.0 ms]
      [Ref Proc: 1.7 ms]
      [Ref Enq: 0.0 ms]
      [Redirty Cards: 0.3 ms]
      [Humongous Register: 0.1 ms]
      [Humongous Reclaim: 0.0 ms]
      [Free CSet: 0.0 ms]
   [Eden: 89.0M(89.0M)->0.0B(152.0M) Survivors: 13.0M->13.0M Heap: 511.0M(2048.0M)->513.0M(2048.0M)]
 [Times: user=0.56 sys=0.01, real=0.09 secs] 
12.875: [GC pause (G1 Evacuation Pause) (young)13.031: [SoftReference, 0 refs, 0.0000732 secs]13.031: [WeakReference, 0 refs, 0.0000042 secs]13.031: [FinalReference, 0 refs, 0.0000040 secs]13.031: [PhantomReference, 0 refs, 0 refs, 0.0000044 secs]13.031: [JNI Weak Reference, 0.0000044 secs], 0.1570897 secs]
   [Parallel Time: 155.3 ms, GC Workers: 8]
      [GC Worker Start (ms): Min: 12874.8, Avg: 12875.7, Max: 12879.2, Diff: 4.4]
      [Ext Root Scanning (ms): Min: 0.0, Avg: 0.1, Max: 0.2, Diff: 0.2, Sum: 0.7]
      [Update RS (ms): Min: 1.8, Avg: 5.2, Max: 6.1, Diff: 4.3, Sum: 41.4]
         [Processed Buffers: Min: 4, Avg: 13.0, Max: 16, Diff: 12, Sum: 104]
      [Scan RS (ms): Min: 0.1, Avg: 0.3, Max: 0.5, Diff: 0.3, Sum: 2.4]
      [Code Root Scanning (ms): Min: 0.0, Avg: 0.0, Max: 0.0, Diff: 0.0, Sum: 0.0]
      [Object Copy (ms): Min: 145.1, Avg: 146.6, Max: 147.3, Diff: 2.1, Sum: 1172.9]
      [Termination (ms): Min: 1.3, Avg: 2.1, Max: 3.6, Diff: 2.3, Sum: 16.6]
         [Termination Attempts: Min: 576, Avg: 953.5, Max: 1199, Diff: 623, Sum: 7628]
      [GC Worker Other (ms): Min: 0.0, Avg: 0.0, Max: 0.0, Diff: 0.0, Sum: 0.1]
      [GC Worker Total (ms): Min: 150.7, Avg: 154.3, Max: 155.3, Diff: 4.6, Sum: 1234.2]
      [GC Worker End (ms): Min: 13029.9, Avg: 13030.0, Max: 13030.0, Diff: 0.2]
   [Code Root Fixup: 0.0 ms]
   [Code Root Purge: 0.0 ms]
   [Clear CT: 0.2 ms]
   [Other: 1.6 ms]
      [Choose CSet: 0.0 ms]
      [Ref Proc: 0.8 ms]
      [Ref Enq: 0.0 ms]
      [Redirty Cards: 0.4 ms]
      [Humongous Register: 0.0 ms]
      [Humongous Reclaim: 0.0 ms]
      [Free CSet: 0.1 ms]
   [Eden: 152.0M(152.0M)->0.0B(151.0M) Survivors: 13.0M->21.0M Heap: 665.0M(2048.0M)->667.0M(2048.0M)]
 [Times: user=1.09 sys=0.01, real=0.16 secs] 
13.216: [GC pause (G1 Evacuation Pause) (young)13.377: [SoftReference, 0 refs, 0.0000196 secs]13.377: [WeakReference, 0 refs, 0.0000030 secs]13.377: [FinalReference, 0 refs, 0.0000028 secs]13.377: [PhantomReference, 0 refs, 0 refs, 0.0000030 secs]13.377: [JNI Weak Reference, 0.0000026 secs], 0.1611845 secs]
   [Parallel Time: 159.6 ms, GC Workers: 8]
      [GC Worker Start (ms): Min: 13216.3, Avg: 13216.4, Max: 13216.5, Diff: 0.2]
      [Ext Root Scanning (ms): Min: 0.0, Avg: 0.1, Max: 0.2, Diff: 0.2, Sum: 0.5]
      [Update RS (ms): Min: 5.9, Avg: 5.9, Max: 6.0, Diff: 0.2, Sum: 47.5]
         [Processed Buffers: Min: 13, Avg: 14.2, Max: 15, Diff: 2, Sum: 114]
      [Scan RS (ms): Min: 0.3, Avg: 0.4, Max: 0.4, Diff: 0.1, Sum: 3.0]
      [Code Root Scanning (ms): Min: 0.0, Avg: 0.0, Max: 0.0, Diff: 0.0, Sum: 0.0]
      [Object Copy (ms): Min: 147.3, Avg: 149.8, Max: 152.2, Diff: 4.8, Sum: 1198.8]
      [Termination (ms): Min: 0.7, Avg: 3.1, Max: 5.6, Diff: 4.8, Sum: 24.7]
         [Termination Attempts: Min: 511, Avg: 673.4, Max: 780, Diff: 269, Sum: 5387]
      [GC Worker Other (ms): Min: 0.0, Avg: 0.0, Max: 0.0, Diff: 0.0, Sum: 0.1]
      [GC Worker Total (ms): Min: 159.2, Avg: 159.3, Max: 159.5, Diff: 0.2, Sum: 1274.6]
      [GC Worker End (ms): Min: 13375.7, Avg: 13375.7, Max: 13375.8, Diff: 0.1]
   [Code Root Fixup: 0.0 ms]
   [Code Root Purge: 0.0 ms]
   [Clear CT: 0.2 ms]
   [Other: 1.5 ms]
      [Choose CSet: 0.0 ms]
      [Ref Proc: 0.8 ms]
      [Ref Enq: 0.0 ms]
      [Redirty Cards: 0.4 ms]
      [Humongous Register: 0.0 ms]
      [Humongous Reclaim: 0.0 ms]
      [Free CSet: 0.1 ms]
   [Eden: 151.0M(151.0M)->0.0B(159.0M) Survivors: 21.0M->22.0M Heap: 818.0M(2048.0M)->820.0M(2048.0M)]
 [Times: user=1.09 sys=0.01, real=0.16 secs] 
13.576: [GC pause (G1 Evacuation Pause) (young)13.753: [SoftReference, 0 refs, 0.0000222 secs]13.753: [WeakReference, 0 refs, 0.0000030 secs]13.753: [FinalReference, 0 refs, 0.0000025 secs]13.753: [PhantomReference, 0 refs, 0 refs, 0.0000031 secs]13.753: [JNI Weak Reference, 0.0000026 secs], 0.1775289 secs]
   [Parallel Time: 176.2 ms, GC Workers: 8]
      [GC Worker Start (ms): Min: 13576.2, Avg: 13577.2, Max: 13579.2, Diff: 3.0]
      [Ext Root Scanning (ms): Min: 0.0, Avg: 0.1, Max: 0.2, Diff: 0.2, Sum: 0.6]
      [Update RS (ms): Min: 4.3, Avg: 6.2, Max: 7.2, Diff: 2.9, Sum: 49.2]
         [Processed Buffers: Min: 10, Avg: 15.6, Max: 20, Diff: 10, Sum: 125]
      [Scan RS (ms): Min: 0.2, Avg: 0.3, Max: 0.4, Diff: 0.2, Sum: 2.6]
      [Code Root Scanning (ms): Min: 0.0, Avg: 0.0, Max: 0.0, Diff: 0.0, Sum: 0.0]
      [Object Copy (ms): Min: 164.5, Avg: 165.2, Max: 168.0, Diff: 3.5, Sum: 1321.4]
      [Termination (ms): Min: 0.4, Avg: 3.2, Max: 3.9, Diff: 3.5, Sum: 26.0]
         [Termination Attempts: Min: 392, Avg: 1928.8, Max: 2312, Diff: 1920, Sum: 15430]
      [GC Worker Other (ms): Min: 0.0, Avg: 0.0, Max: 0.0, Diff: 0.0, Sum: 0.1]
      [GC Worker Total (ms): Min: 173.0, Avg: 175.0, Max: 176.1, Diff: 3.1, Sum: 1399.8]
      [GC Worker End (ms): Min: 13752.2, Avg: 13752.2, Max: 13752.3, Diff: 0.1]
   [Code Root Fixup: 0.0 ms]
   [Code Root Purge: 0.0 ms]
   [Clear CT: 0.1 ms]
   [Other: 1.3 ms]
      [Choose CSet: 0.0 ms]
      [Ref Proc: 0.5 ms]
      [Ref Enq: 0.0 ms]
      [Redirty Cards: 0.5 ms]
      [Humongous Register: 0.0 ms]
      [Humongous Reclaim: 0.0 ms]
      [Free CSet: 0.1 ms]
   [Eden: 159.0M(159.0M)->0.0B(163.0M) Survivors: 22.0M->23.0M Heap: 979.0M(2048.0M)->981.0M(2048.0M)]
 [Times: user=1.20 sys=0.00, real=0.18 secs] 
13.926: [GC pause (G1 Evacuation Pause) (young) (initial-mark)14.123: [SoftReference, 0 refs, 0.0000202 secs]14.123: [WeakReference, 0 refs, 0.0000032 secs]14.123: [FinalReference, 0 refs, 0.0000026 secs]14.123: [PhantomReference, 0 refs, 0 refs, 0.0000028 secs]14.123: [JNI Weak Reference, 0.0000026 secs], 0.1976512 secs]
   [Parallel Time: 196.6 ms, GC Workers: 8]
      [GC Worker Start (ms): Min: 13926.5, Avg: 13926.6, Max: 13926.7, Diff: 0.2]
      [Ext Root Scanning (ms): Min: 0.0, Avg: 0.3, Max: 0.4, Diff: 0.4, Sum: 2.0]
      [Update RS (ms): Min: 8.0, Avg: 8.4, Max: 8.9, Diff: 0.9, Sum: 66.8]
         [Processed Buffers: Min: 16, Avg: 17.1, Max: 19, Diff: 3, Sum: 137]
      [Scan RS (ms): Min: 0.0, Avg: 0.3, Max: 0.4, Diff: 0.4, Sum: 2.6]
      [Code Root Scanning (ms): Min: 0.0, Avg: 0.0, Max: 0.0, Diff: 0.0, Sum: 0.0]
      [Object Copy (ms): Min: 186.3, Avg: 186.6, Max: 187.1, Diff: 0.8, Sum: 1492.8]
      [Termination (ms): Min: 0.3, Avg: 0.9, Max: 1.0, Diff: 0.7, Sum: 6.8]
         [Termination Attempts: Min: 274, Avg: 357.8, Max: 428, Diff: 154, Sum: 2862]
      [GC Worker Other (ms): Min: 0.0, Avg: 0.0, Max: 0.0, Diff: 0.0, Sum: 0.1]
      [GC Worker Total (ms): Min: 196.3, Avg: 196.4, Max: 196.5, Diff: 0.2, Sum: 1571.1]
      [GC Worker End (ms): Min: 14123.0, Avg: 14123.0, Max: 14123.0, Diff: 0.0]
   [Code Root Fixup: 0.0 ms]
   [Code Root Purge: 0.0 ms]
   [Clear CT: 0.1 ms]
   [Other: 1.0 ms]
      [Choose CSet: 0.0 ms]
      [Ref Proc: 0.2 ms]
      [Ref Enq: 0.0 ms]
      [Redirty Cards: 0.4 ms]
      [Humongous Register: 0.0 ms]
      [Humongous Reclaim: 0.0 ms]
      [Free CSet: 0.1 ms]
   [Eden: 163.0M(163.0M)->0.0B(160.0M) Survivors: 23.0M->24.0M Heap: 1144.0M(2048.0M)->1147.0M(2048.0M)]
 [Times: user=1.06 sys=0.00, real=0.20 secs] 
14.124: [GC concurrent-root-region-scan-start]
14.139: [GC concurrent-root-region-scan-end, 0.0145572 secs]
14.139: [GC concurrent-mark-start]
14.318: [GC pause (G1 Evacuation Pause) (young)14.489: [SoftReference, 0 refs, 0.0000248 secs]14.489: [WeakReference, 0 refs, 0.0000030 secs]14.489: [FinalReference, 0 refs, 0.0000026 secs]14.489: [PhantomReference, 0 refs, 0 refs, 0.0000031 secs]14.489: [JNI Weak Reference, 0.0000028 secs], 0.1721947 secs]
   [Parallel Time: 170.0 ms, GC Workers: 8]
      [GC Worker Start (ms): Min: 14317.9, Avg: 14318.1, Max: 14318.2, Diff: 0.4]
      [Ext Root Scanning (ms): Min: 0.0, Avg: 0.1, Max: 0.2, Diff: 0.2, Sum: 0.5]
      [Update RS (ms): Min: 8.3, Avg: 8.4, Max: 8.5, Diff: 0.1, Sum: 67.2]
         [Processed Buffers: Min: 17, Avg: 18.8, Max: 21, Diff: 4, Sum: 150]
      [Scan RS (ms): Min: 0.5, Avg: 0.5, Max: 0.6, Diff: 0.1, Sum: 4.2]
      [Code Root Scanning (ms): Min: 0.0, Avg: 0.0, Max: 0.0, Diff: 0.0, Sum: 0.0]
      [Object Copy (ms): Min: 160.4, Avg: 160.5, Max: 160.6, Diff: 0.2, Sum: 1284.1]
      [Termination (ms): Min: 0.2, Avg: 0.2, Max: 0.3, Diff: 0.1, Sum: 1.7]
         [Termination Attempts: Min: 269, Avg: 305.4, Max: 333, Diff: 64, Sum: 2443]
      [GC Worker Other (ms): Min: 0.0, Avg: 0.0, Max: 0.0, Diff: 0.0, Sum: 0.2]
      [GC Worker Total (ms): Min: 169.6, Avg: 169.7, Max: 169.9, Diff: 0.4, Sum: 1357.8]
      [GC Worker End (ms): Min: 14487.8, Avg: 14487.8, Max: 14487.8, Diff: 0.0]
   [Code Root Fixup: 0.0 ms]
   [Code Root Purge: 0.0 ms]
   [Clear CT: 0.1 ms]
   [Other: 2.1 ms]
      [Choose CSet: 0.0 ms]
      [Ref Proc: 1.5 ms]
      [Ref Enq: 0.0 ms]
      [Redirty Cards: 0.4 ms]
      [Humongous Register: 0.0 ms]
      [Humongous Reclaim: 0.0 ms]
      [Free CSet: 0.1 ms]
   [Eden: 160.0M(160.0M)->0.0B(159.0M) Survivors: 24.0M->23.0M Heap: 1307.0M(2048.0M)->1308.5M(2048.0M)]
 [Times: user=1.31 sys=0.00, real=0.18 secs] 
14.704: [GC pause (G1 Evacuation Pause) (young)14.878: [SoftReference, 0 refs, 0.0000219 secs]14.878: [WeakReference, 0 refs, 0.0000031 secs]14.878: [FinalReference, 0 refs, 0.0000027 secs]14.878: [PhantomReference, 0 refs, 0 refs, 0.0000029 secs]14.878: [JNI Weak Reference, 0.0000026 secs], 0.1747705 secs]
   [Parallel Time: 172.1 ms, GC Workers: 8]
      [GC Worker Start (ms): Min: 14704.3, Avg: 14705.0, Max: 14708.6, Diff: 4.3]
      [Ext Root Scanning (ms): Min: 0.0, Avg: 0.1, Max: 0.2, Diff: 0.2, Sum: 0.8]
      [Update RS (ms): Min: 5.0, Avg: 8.5, Max: 9.2, Diff: 4.2, Sum: 68.4]
         [Processed Buffers: Min: 12, Avg: 20.5, Max: 25, Diff: 13, Sum: 164]
      [Scan RS (ms): Min: 0.3, Avg: 0.3, Max: 0.4, Diff: 0.2, Sum: 2.7]
      [Code Root Scanning (ms): Min: 0.0, Avg: 0.0, Max: 0.0, Diff: 0.0, Sum: 0.0]
      [Object Copy (ms): Min: 161.5, Avg: 161.8, Max: 162.0, Diff: 0.5, Sum: 1294.3]
      [Termination (ms): Min: 0.4, Avg: 0.6, Max: 0.9, Diff: 0.5, Sum: 5.1]
         [Termination Attempts: Min: 371, Avg: 585.2, Max: 673, Diff: 302, Sum: 4682]
      [GC Worker Other (ms): Min: 0.0, Avg: 0.0, Max: 0.1, Diff: 0.0, Sum: 0.2]
      [GC Worker Total (ms): Min: 167.8, Avg: 171.4, Max: 172.1, Diff: 4.3, Sum: 1371.6]
      [GC Worker End (ms): Min: 14876.4, Avg: 14876.4, Max: 14876.4, Diff: 0.0]
   [Code Root Fixup: 0.0 ms]
   [Code Root Purge: 0.0 ms]
   [Clear CT: 0.1 ms]
   [Other: 2.5 ms]
      [Choose CSet: 0.0 ms]
      [Ref Proc: 1.9 ms]
      [Ref Enq: 0.0 ms]
      [Redirty Cards: 0.4 ms]
      [Humongous Register: 0.0 ms]
      [Humongous Reclaim: 0.0 ms]
      [Free CSet: 0.1 ms]
   [Eden: 159.0M(159.0M)->0.0B(165.0M) Survivors: 23.0M->23.0M Heap: 1467.5M(2048.0M)->1469.5M(2048.0M)]
 [Times: user=1.32 sys=0.00, real=0.17 secs] 
15.083: [GC pause (G1 Evacuation Pause) (young)15.263: [SoftReference, 0 refs, 0.0000178 secs]15.263: [WeakReference, 0 refs, 0.0000029 secs]15.263: [FinalReference, 0 refs, 0.0000026 secs]15.263: [PhantomReference, 0 refs, 0 refs, 0.0000029 secs]15.263: [JNI Weak Reference, 0.0000027 secs], 0.1813602 secs]
   [Parallel Time: 178.1 ms, GC Workers: 8]
      [GC Worker Start (ms): Min: 15082.9, Avg: 15083.0, Max: 15083.0, Diff: 0.1]
      [Ext Root Scanning (ms): Min: 0.1, Avg: 0.1, Max: 0.2, Diff: 0.1, Sum: 0.8]
      [Update RS (ms): Min: 8.5, Avg: 8.5, Max: 8.6, Diff: 0.1, Sum: 68.2]
         [Processed Buffers: Min: 22, Avg: 22.5, Max: 24, Diff: 2, Sum: 180]
      [Scan RS (ms): Min: 0.2, Avg: 0.3, Max: 0.4, Diff: 0.1, Sum: 2.3]
      [Code Root Scanning (ms): Min: 0.0, Avg: 0.0, Max: 0.0, Diff: 0.0, Sum: 0.0]
      [Object Copy (ms): Min: 168.0, Avg: 168.1, Max: 168.2, Diff: 0.2, Sum: 1344.7]
      [Termination (ms): Min: 0.8, Avg: 0.9, Max: 0.9, Diff: 0.1, Sum: 7.2]
         [Termination Attempts: Min: 422, Avg: 510.0, Max: 570, Diff: 148, Sum: 4080]
      [GC Worker Other (ms): Min: 0.0, Avg: 0.0, Max: 0.0, Diff: 0.0, Sum: 0.1]
      [GC Worker Total (ms): Min: 177.9, Avg: 177.9, Max: 178.0, Diff: 0.1, Sum: 1423.3]
      [GC Worker End (ms): Min: 15260.8, Avg: 15260.9, Max: 15261.0, Diff: 0.2]
   [Code Root Fixup: 0.0 ms]
   [Code Root Purge: 0.0 ms]
   [Clear CT: 0.1 ms]
   [Other: 3.1 ms]
      [Choose CSet: 0.0 ms]
      [Ref Proc: 2.4 ms]
      [Ref Enq: 0.0 ms]
      [Redirty Cards: 0.5 ms]
      [Humongous Register: 0.0 ms]
      [Humongous Reclaim: 0.0 ms]
      [Free CSet: 0.1 ms]
   [Eden: 165.0M(165.0M)->0.0B(102.0M) Survivors: 23.0M->24.0M Heap: 1634.5M(2048.0M)->1636.5M(2048.0M)]
 [Times: user=1.36 sys=0.01, real=0.18 secs] 
15.405: [GC pause (G1 Evacuation Pause) (young)15.534: [SoftReference, 0 refs, 0.0000232 secs]15.534: [WeakReference, 0 refs, 0.0000031 secs]15.534: [FinalReference, 0 refs, 0.0000027 secs]15.534: [PhantomReference, 0 refs, 0 refs, 0.0000030 secs]15.534: [JNI Weak Reference, 0.0000027 secs], 0.1297158 secs]
   [Parallel Time: 127.2 ms, GC Workers: 8]
      [GC Worker Start (ms): Min: 15404.6, Avg: 15404.8, Max: 15405.0, Diff: 0.4]
      [Ext Root Scanning (ms): Min: 0.0, Avg: 0.1, Max: 0.2, Diff: 0.2, Sum: 0.5]
      [Update RS (ms): Min: 10.8, Avg: 11.0, Max: 11.1, Diff: 0.3, Sum: 87.7]
         [Processed Buffers: Min: 22, Avg: 24.6, Max: 27, Diff: 5, Sum: 197]
      [Scan RS (ms): Min: 0.3, Avg: 0.4, Max: 0.4, Diff: 0.1, Sum: 2.8]
      [Code Root Scanning (ms): Min: 0.0, Avg: 0.0, Max: 0.0, Diff: 0.0, Sum: 0.0]
      [Object Copy (ms): Min: 115.0, Avg: 115.1, Max: 115.3, Diff: 0.3, Sum: 920.8]
      [Termination (ms): Min: 0.2, Avg: 0.3, Max: 0.4, Diff: 0.3, Sum: 2.8]
         [Termination Attempts: Min: 252, Avg: 351.0, Max: 416, Diff: 164, Sum: 2808]
      [GC Worker Other (ms): Min: 0.0, Avg: 0.0, Max: 0.1, Diff: 0.0, Sum: 0.2]
      [GC Worker Total (ms): Min: 126.7, Avg: 126.9, Max: 127.1, Diff: 0.4, Sum: 1014.9]
      [GC Worker End (ms): Min: 15531.7, Avg: 15531.7, Max: 15531.7, Diff: 0.0]
   [Code Root Fixup: 0.0 ms]
   [Code Root Purge: 0.0 ms]
   [Clear CT: 0.1 ms]
   [Other: 2.4 ms]
      [Choose CSet: 0.0 ms]
      [Ref Proc: 1.9 ms]
      [Ref Enq: 0.0 ms]
      [Redirty Cards: 0.3 ms]
      [Humongous Register: 0.0 ms]
      [Humongous Reclaim: 0.0 ms]
      [Free CSet: 0.1 ms]
   [Eden: 102.0M(102.0M)->0.0B(86.0M) Survivors: 24.0M->16.0M Heap: 1738.5M(2048.0M)->1740.5M(2048.0M)]
 [Times: user=0.96 sys=0.00, real=0.13 secs] 
15.628: [GC pause (G1 Evacuation Pause) (young)15.734: [SoftReference, 0 refs, 0.0000187 secs]15.734: [WeakReference, 0 refs, 0.0000032 secs]15.734: [FinalReference, 0 refs, 0.0000028 secs]15.734: [PhantomReference, 0 refs, 0 refs, 0.0000032 secs]15.734: [JNI Weak Reference, 0.0000028 secs], 0.1068302 secs]
   [Parallel Time: 104.2 ms, GC Workers: 8]
      [GC Worker Start (ms): Min: 15628.0, Avg: 15628.1, Max: 15628.1, Diff: 0.1]
      [Ext Root Scanning (ms): Min: 0.1, Avg: 0.1, Max: 0.2, Diff: 0.1, Sum: 0.9]
      [Update RS (ms): Min: 9.9, Avg: 10.0, Max: 10.0, Diff: 0.1, Sum: 79.6]
         [Processed Buffers: Min: 26, Avg: 27.0, Max: 28, Diff: 2, Sum: 216]
      [Scan RS (ms): Min: 0.5, Avg: 0.6, Max: 0.6, Diff: 0.1, Sum: 4.9]
      [Code Root Scanning (ms): Min: 0.0, Avg: 0.0, Max: 0.0, Diff: 0.0, Sum: 0.0]
      [Object Copy (ms): Min: 92.3, Avg: 93.0, Max: 93.2, Diff: 0.9, Sum: 743.9]
      [Termination (ms): Min: 0.1, Avg: 0.4, Max: 1.1, Diff: 0.9, Sum: 3.1]
         [Termination Attempts: Min: 100, Avg: 146.4, Max: 184, Diff: 84, Sum: 1171]
      [GC Worker Other (ms): Min: 0.0, Avg: 0.0, Max: 0.0, Diff: 0.0, Sum: 0.1]
      [GC Worker Total (ms): Min: 104.0, Avg: 104.0, Max: 104.1, Diff: 0.1, Sum: 832.4]
      [GC Worker End (ms): Min: 15732.1, Avg: 15732.1, Max: 15732.2, Diff: 0.1]
   [Code Root Fixup: 0.0 ms]
   [Code Root Purge: 0.0 ms]
   [Clear CT: 0.1 ms]
   [Other: 2.5 ms]
      [Choose CSet: 0.0 ms]
      [Ref Proc: 2.0 ms]
      [Ref Enq: 0.0 ms]
      [Redirty Cards: 0.4 ms]
      [Humongous Register: 0.0 ms]
      [Humongous Reclaim: 0.0 ms]
      [Free CSet: 0.0 ms]
   [Eden: 86.0M(86.0M)->0.0B(89.0M) Survivors: 16.0M->13.0M Heap: 1826.5M(2048.0M)->1828.5M(2048.0M)]
 [Times: user=0.81 sys=0.00, real=0.11 secs] 
15.832: [GC pause (G1 Evacuation Pause) (young)15.941: [SoftReference, 0 refs, 0.0000253 secs]15.941: [WeakReference, 0 refs, 0.0000031 secs]15.941: [FinalReference, 0 refs, 0.0000028 secs]15.941: [PhantomReference, 0 refs, 0 refs, 0.0000032 secs]15.941: [JNI Weak Reference, 0.0000027 secs], 0.1087265 secs]
   [Parallel Time: 106.2 ms, GC Workers: 8]
      [GC Worker Start (ms): Min: 15832.5, Avg: 15834.0, Max: 15835.5, Diff: 3.1]
      [Ext Root Scanning (ms): Min: 0.0, Avg: 0.1, Max: 0.2, Diff: 0.2, Sum: 0.6]
      [Update RS (ms): Min: 10.4, Avg: 11.9, Max: 13.4, Diff: 3.0, Sum: 95.3]
         [Processed Buffers: Min: 24, Avg: 29.6, Max: 36, Diff: 12, Sum: 237]
      [Scan RS (ms): Min: 0.6, Avg: 0.6, Max: 0.7, Diff: 0.1, Sum: 5.2]
      [Code Root Scanning (ms): Min: 0.0, Avg: 0.0, Max: 0.0, Diff: 0.0, Sum: 0.0]
      [Object Copy (ms): Min: 91.3, Avg: 91.7, Max: 91.8, Diff: 0.5, Sum: 733.8]
      [Termination (ms): Min: 0.1, Avg: 0.2, Max: 0.6, Diff: 0.5, Sum: 2.0]
         [Termination Attempts: Min: 165, Avg: 217.9, Max: 254, Diff: 89, Sum: 1743]
      [GC Worker Other (ms): Min: 0.0, Avg: 0.0, Max: 0.1, Diff: 0.0, Sum: 0.3]
      [GC Worker Total (ms): Min: 103.1, Avg: 104.6, Max: 106.2, Diff: 3.1, Sum: 837.2]
      [GC Worker End (ms): Min: 15938.6, Avg: 15938.6, Max: 15938.7, Diff: 0.0]
   [Code Root Fixup: 0.0 ms]
   [Code Root Purge: 0.0 ms]
   [Clear CT: 0.1 ms]
   [Other: 2.4 ms]
      [Choose CSet: 0.0 ms]
      [Ref Proc: 1.9 ms]
      [Ref Enq: 0.0 ms]
      [Redirty Cards: 0.3 ms]
      [Humongous Register: 0.0 ms]
      [Humongous Reclaim: 0.0 ms]
      [Free CSet: 0.0 ms]
   [Eden: 89.0M(89.0M)->0.0B(89.0M) Survivors: 13.0M->13.0M Heap: 1917.5M(2048.0M)->1920.0M(2048.0M)]
 [Times: user=0.84 sys=0.00, real=0.11 secs] 
16.043: [GC pause (G1 Evacuation Pause) (young)16.334: [SoftReference, 0 refs, 0.0000191 secs]16.334: [WeakReference, 0 refs, 0.0000028 secs]16.334: [FinalReference, 0 refs, 0.0000025 secs]16.334: [PhantomReference, 0 refs, 0 refs, 0.0000029 secs]16.334: [JNI Weak Reference, 0.0000027 secs] (to-space exhausted), 0.3162931 secs]
   [Parallel Time: 288.8 ms, GC Workers: 8]
      [GC Worker Start (ms): Min: 16043.5, Avg: 16043.5, Max: 16043.6, Diff: 0.1]
      [Ext Root Scanning (ms): Min: 0.1, Avg: 0.1, Max: 0.2, Diff: 0.1, Sum: 0.9]
      [Update RS (ms): Min: 14.6, Avg: 15.1, Max: 18.5, Diff: 3.9, Sum: 121.1]
         [Processed Buffers: Min: 30, Avg: 32.5, Max: 34, Diff: 4, Sum: 260]
      [Scan RS (ms): Min: 0.0, Avg: 0.6, Max: 1.0, Diff: 1.0, Sum: 4.8]
      [Code Root Scanning (ms): Min: 0.0, Avg: 0.0, Max: 0.0, Diff: 0.0, Sum: 0.0]
      [Object Copy (ms): Min: 29.8, Avg: 201.7, Max: 273.2, Diff: 243.4, Sum: 1613.3]
      [Termination (ms): Min: 0.0, Avg: 71.1, Max: 240.1, Diff: 240.1, Sum: 568.5]
         [Termination Attempts: Min: 1, Avg: 8.2, Max: 21, Diff: 20, Sum: 66]
      [GC Worker Other (ms): Min: 0.0, Avg: 0.0, Max: 0.0, Diff: 0.0, Sum: 0.1]
      [GC Worker Total (ms): Min: 288.5, Avg: 288.6, Max: 288.7, Diff: 0.2, Sum: 2308.8]
      [GC Worker End (ms): Min: 16332.1, Avg: 16332.1, Max: 16332.2, Diff: 0.1]
   [Code Root Fixup: 0.0 ms]
   [Code Root Purge: 0.0 ms]
   [Clear CT: 0.1 ms]
   [Other: 27.4 ms]
      [Evacuation Failure: 25.2 ms]
      [Choose CSet: 0.0 ms]
      [Ref Proc: 1.9 ms]
      [Ref Enq: 0.0 ms]
      [Redirty Cards: 0.2 ms]
      [Humongous Register: 0.1 ms]
      [Humongous Reclaim: 0.0 ms]
      [Free CSet: 0.0 ms]
   [Eden: 89.0M(89.0M)->0.0B(89.0M) Survivors: 13.0M->13.0M Heap: 2009.0M(2048.0M)->2014.0M(2048.0M)]
 [Times: user=1.27 sys=0.00, real=0.32 secs] 
16.430: [GC pause (G1 Evacuation Pause) (young)16.704: [SoftReference, 0 refs, 0.0000214 secs]16.704: [WeakReference, 0 refs, 0.0000029 secs]16.704: [FinalReference, 0 refs, 0.0000026 secs]16.704: [PhantomReference, 0 refs, 0 refs, 0.0000029 secs]16.704: [JNI Weak Reference, 0.0000026 secs] (to-space exhausted), 0.2902041 secs]
   [Parallel Time: 272.4 ms, GC Workers: 8]
      [GC Worker Start (ms): Min: 16429.9, Avg: 16430.4, Max: 16431.1, Diff: 1.2]
      [Ext Root Scanning (ms): Min: 0.0, Avg: 0.1, Max: 0.2, Diff: 0.2, Sum: 0.5]
      [Update RS (ms): Min: 7.8, Avg: 8.5, Max: 8.9, Diff: 1.1, Sum: 68.1]
         [Processed Buffers: Min: 13, Avg: 15.6, Max: 22, Diff: 9, Sum: 125]
      [Scan RS (ms): Min: 0.0, Avg: 0.0, Max: 0.0, Diff: 0.0, Sum: 0.0]
      [Code Root Scanning (ms): Min: 0.0, Avg: 0.0, Max: 0.0, Diff: 0.0, Sum: 0.0]
      [Object Copy (ms): Min: 263.2, Avg: 263.2, Max: 263.3, Diff: 0.1, Sum: 2105.9]
      [Termination (ms): Min: 0.0, Avg: 0.0, Max: 0.1, Diff: 0.1, Sum: 0.2]
         [Termination Attempts: Min: 1, Avg: 1.0, Max: 1, Diff: 0, Sum: 8]
      [GC Worker Other (ms): Min: 0.0, Avg: 0.0, Max: 0.0, Diff: 0.0, Sum: 0.1]
      [GC Worker Total (ms): Min: 271.1, Avg: 271.9, Max: 272.3, Diff: 1.2, Sum: 2174.9]
      [GC Worker End (ms): Min: 16702.2, Avg: 16702.2, Max: 16702.3, Diff: 0.0]
   [Code Root Fixup: 0.0 ms]
   [Code Root Purge: 0.0 ms]
   [Clear CT: 0.1 ms]
   [Other: 17.8 ms]
      [Evacuation Failure: 15.7 ms]
      [Choose CSet: 0.0 ms]
      [Ref Proc: 1.8 ms]
      [Ref Enq: 0.0 ms]
      [Redirty Cards: 0.1 ms]
      [Humongous Register: 0.0 ms]
      [Humongous Reclaim: 0.0 ms]
      [Free CSet: 0.0 ms]
   [Eden: 33.0M(89.0M)->0.0B(102.0M) Survivors: 13.0M->0.0B Heap: 2047.0M(2048.0M)->2047.0M(2048.0M)]
 [Times: user=0.41 sys=0.01, real=0.29 secs] 
16.720: [GC pause (G1 Evacuation Pause) (young)16.726: [SoftReference, 0 refs, 0.0000141 secs]16.727: [WeakReference, 0 refs, 0.0000030 secs]16.727: [FinalReference, 0 refs, 0.0000026 secs]16.727: [PhantomReference, 0 refs, 0 refs, 0.0000030 secs]16.727: [JNI Weak Reference, 0.0000024 secs], 0.0065068 secs]
   [Parallel Time: 4.4 ms, GC Workers: 8]
      [GC Worker Start (ms): Min: 16720.3, Avg: 16720.4, Max: 16720.5, Diff: 0.2]
      [Ext Root Scanning (ms): Min: 0.0, Avg: 0.1, Max: 0.2, Diff: 0.2, Sum: 0.4]
      [Update RS (ms): Min: 3.7, Avg: 3.9, Max: 4.0, Diff: 0.3, Sum: 30.8]
         [Processed Buffers: Min: 10, Avg: 15.9, Max: 18, Diff: 8, Sum: 127]
      [Scan RS (ms): Min: 0.0, Avg: 0.0, Max: 0.0, Diff: 0.0, Sum: 0.0]
      [Code Root Scanning (ms): Min: 0.0, Avg: 0.0, Max: 0.0, Diff: 0.0, Sum: 0.0]
      [Object Copy (ms): Min: 0.0, Avg: 0.0, Max: 0.0, Diff: 0.0, Sum: 0.0]
      [Termination (ms): Min: 0.0, Avg: 0.2, Max: 0.4, Diff: 0.4, Sum: 1.7]
         [Termination Attempts: Min: 1, Avg: 1.0, Max: 1, Diff: 0, Sum: 8]
      [GC Worker Other (ms): Min: 0.0, Avg: 0.0, Max: 0.0, Diff: 0.0, Sum: 0.0]
      [GC Worker Total (ms): Min: 4.0, Avg: 4.1, Max: 4.4, Diff: 0.4, Sum: 33.0]
      [GC Worker End (ms): Min: 16724.5, Avg: 16724.6, Max: 16724.7, Diff: 0.2]
   [Code Root Fixup: 0.0 ms]
   [Code Root Purge: 0.0 ms]
   [Clear CT: 0.1 ms]
   [Other: 2.0 ms]
      [Choose CSet: 0.0 ms]
      [Ref Proc: 1.8 ms]
      [Ref Enq: 0.0 ms]
      [Redirty Cards: 0.1 ms]
      [Humongous Register: 0.0 ms]
      [Humongous Reclaim: 0.0 ms]
      [Free CSet: 0.0 ms]
   [Eden: 0.0B(102.0M)->0.0B(102.0M) Survivors: 0.0B->0.0B Heap: 2047.0M(2048.0M)->2047.0M(2048.0M)]
 [Times: user=0.05 sys=0.00, real=0.00 secs] 
16.727: [Full GC (Allocation Failure) 18.044: [SoftReference, 0 refs, 0.0000268 secs]18.044: [WeakReference, 412645 refs, 0.0204562 secs]18.065: [FinalReference, 2 refs, 0.0000080 secs]18.065: [PhantomReference, 0 refs, 0 refs, 0.0000042 secs]18.065: [JNI Weak Reference, 0.0000034 secs] 2046M->1885M(2048M), 3.4298225 secs]
   [Eden: 0.0B(102.0M)->0.0B(102.0M) Survivors: 0.0B->0.0B Heap: 2047.0M(2048.0M)->1885.3M(2048.0M)], [Metaspace: 3222K->3222K(1056768K)]
 [Times: user=5.38 sys=0.03, real=3.43 secs] 
20.157: [GC concurrent-mark-abort]
20.661: [GC pause (G1 Evacuation Pause) (young)20.888: [SoftReference, 0 refs, 0.0000204 secs]20.888: [WeakReference, 0 refs, 0.0000029 secs]20.888: [FinalReference, 0 refs, 0.0000026 secs]20.888: [PhantomReference, 0 refs, 0 refs, 0.0000030 secs]20.888: [JNI Weak Reference, 0.0000027 secs] (to-space exhausted), 0.2440890 secs]
   [Parallel Time: 226.5 ms, GC Workers: 8]
      [GC Worker Start (ms): Min: 20661.5, Avg: 20661.6, Max: 20661.6, Diff: 0.1]
      [Ext Root Scanning (ms): Min: 0.1, Avg: 0.1, Max: 0.2, Diff: 0.1, Sum: 0.9]
      [Update RS (ms): Min: 7.8, Avg: 8.1, Max: 8.4, Diff: 0.6, Sum: 65.2]
         [Processed Buffers: Min: 18, Avg: 18.9, Max: 19, Diff: 1, Sum: 151]
      [Scan RS (ms): Min: 0.0, Avg: 0.0, Max: 0.1, Diff: 0.0, Sum: 0.1]
      [Code Root Scanning (ms): Min: 0.0, Avg: 0.0, Max: 0.0, Diff: 0.0, Sum: 0.0]
      [Object Copy (ms): Min: 217.8, Avg: 218.0, Max: 218.3, Diff: 0.6, Sum: 1744.3]
      [Termination (ms): Min: 0.0, Avg: 0.0, Max: 0.0, Diff: 0.0, Sum: 0.1]
         [Termination Attempts: Min: 1, Avg: 11.8, Max: 20, Diff: 19, Sum: 94]
      [GC Worker Other (ms): Min: 0.0, Avg: 0.0, Max: 0.1, Diff: 0.1, Sum: 0.2]
      [GC Worker Total (ms): Min: 226.3, Avg: 226.3, Max: 226.4, Diff: 0.2, Sum: 1810.7]
      [GC Worker End (ms): Min: 20887.9, Avg: 20887.9, Max: 20888.0, Diff: 0.1]
   [Code Root Fixup: 0.0 ms]
   [Code Root Purge: 0.0 ms]
   [Clear CT: 0.1 ms]
   [Other: 17.5 ms]
      [Evacuation Failure: 16.9 ms]
      [Choose CSet: 0.0 ms]
      [Ref Proc: 0.2 ms]
      [Ref Enq: 0.0 ms]
      [Redirty Cards: 0.2 ms]
      [Humongous Register: 0.0 ms]
      [Humongous Reclaim: 0.0 ms]
      [Free CSet: 0.0 ms]
   [Eden: 102.0M(102.0M)->0.0B(89.0M) Survivors: 0.0B->13.0M Heap: 1987.3M(2048.0M)->1995.3M(2048.0M)]
 [Times: user=0.71 sys=0.00, real=0.24 secs] 
20.972: [GC pause (G1 Evacuation Pause) (young) (initial-mark)21.481: [SoftReference, 0 refs, 0.0000204 secs]21.481: [WeakReference, 0 refs, 0.0000031 secs]21.481: [FinalReference, 0 refs, 0.0000027 secs]21.481: [PhantomReference, 0 refs, 0 refs, 0.0000029 secs]21.481: [JNI Weak Reference, 0.0000026 secs] (to-space exhausted), 0.5418186 secs]
   [Parallel Time: 509.2 ms, GC Workers: 8]
      [GC Worker Start (ms): Min: 20972.1, Avg: 20972.1, Max: 20972.2, Diff: 0.2]
      [Ext Root Scanning (ms): Min: 0.0, Avg: 0.1, Max: 0.2, Diff: 0.2, Sum: 0.9]
      [Update RS (ms): Min: 18.1, Avg: 18.4, Max: 18.7, Diff: 0.6, Sum: 147.0]
         [Processed Buffers: Min: 32, Avg: 36.1, Max: 40, Diff: 8, Sum: 289]
      [Scan RS (ms): Min: 0.0, Avg: 0.0, Max: 0.0, Diff: 0.0, Sum: 0.0]
      [Code Root Scanning (ms): Min: 0.0, Avg: 0.0, Max: 0.0, Diff: 0.0, Sum: 0.0]
      [Object Copy (ms): Min: 489.8, Avg: 490.1, Max: 490.4, Diff: 0.6, Sum: 3921.2]
      [Termination (ms): Min: 0.0, Avg: 0.4, Max: 0.5, Diff: 0.5, Sum: 2.9]
         [Termination Attempts: Min: 1, Avg: 1.1, Max: 2, Diff: 1, Sum: 9]
      [GC Worker Other (ms): Min: 0.0, Avg: 0.0, Max: 0.0, Diff: 0.0, Sum: 0.1]
      [GC Worker Total (ms): Min: 508.9, Avg: 509.0, Max: 509.1, Diff: 0.2, Sum: 4072.1]
      [GC Worker End (ms): Min: 21481.1, Avg: 21481.2, Max: 21481.2, Diff: 0.2]
   [Code Root Fixup: 0.0 ms]
   [Code Root Purge: 0.0 ms]
   [Clear CT: 0.1 ms]
   [Other: 32.5 ms]
      [Evacuation Failure: 31.9 ms]
      [Choose CSet: 0.0 ms]
      [Ref Proc: 0.2 ms]
      [Ref Enq: 0.0 ms]
      [Redirty Cards: 0.2 ms]
      [Humongous Register: 0.0 ms]
      [Humongous Reclaim: 0.0 ms]
      [Free CSet: 0.0 ms]
   [Eden: 51.0M(89.0M)->0.0B(102.0M) Survivors: 13.0M->0.0B Heap: 2046.3M(2048.0M)->2046.3M(2048.0M)]
 [Times: user=0.82 sys=0.20, real=0.54 secs] 
21.514: [GC concurrent-root-region-scan-start]
21.514: [GC concurrent-root-region-scan-end, 0.0000028 secs]
21.514: [GC concurrent-mark-start]
21.514: [GC pause (G1 Evacuation Pause) (young)21.530: [SoftReference, 0 refs, 0.0000208 secs]21.530: [WeakReference, 0 refs, 0.0000030 secs]21.530: [FinalReference, 0 refs, 0.0000025 secs]21.530: [PhantomReference, 0 refs, 0 refs, 0.0000029 secs]21.530: [JNI Weak Reference, 0.0000026 secs], 0.0165123 secs]
   [Parallel Time: 15.6 ms, GC Workers: 8]
      [GC Worker Start (ms): Min: 21514.0, Avg: 21515.9, Max: 21520.8, Diff: 6.8]
      [Ext Root Scanning (ms): Min: 0.0, Avg: 0.1, Max: 0.2, Diff: 0.2, Sum: 0.6]
      [Update RS (ms): Min: 7.9, Avg: 12.9, Max: 14.8, Diff: 6.9, Sum: 103.1]
         [Processed Buffers: Min: 28, Avg: 54.6, Max: 78, Diff: 50, Sum: 437]
      [Scan RS (ms): Min: 0.0, Avg: 0.0, Max: 0.0, Diff: 0.0, Sum: 0.0]
      [Code Root Scanning (ms): Min: 0.0, Avg: 0.0, Max: 0.0, Diff: 0.0, Sum: 0.0]
      [Object Copy (ms): Min: 0.0, Avg: 0.0, Max: 0.1, Diff: 0.1, Sum: 0.1]
      [Termination (ms): Min: 0.0, Avg: 0.6, Max: 0.8, Diff: 0.8, Sum: 4.8]
         [Termination Attempts: Min: 1, Avg: 1.0, Max: 1, Diff: 0, Sum: 8]
      [GC Worker Other (ms): Min: 0.0, Avg: 0.0, Max: 0.0, Diff: 0.0, Sum: 0.1]
      [GC Worker Total (ms): Min: 8.6, Avg: 13.6, Max: 15.5, Diff: 6.9, Sum: 108.6]
      [GC Worker End (ms): Min: 21529.4, Avg: 21529.5, Max: 21529.6, Diff: 0.2]
   [Code Root Fixup: 0.0 ms]
   [Code Root Purge: 0.0 ms]
   [Clear CT: 0.1 ms]
   [Other: 0.8 ms]
      [Choose CSet: 0.0 ms]
      [Ref Proc: 0.7 ms]
      [Ref Enq: 0.0 ms]
      [Redirty Cards: 0.1 ms]
      [Humongous Register: 0.0 ms]
      [Humongous Reclaim: 0.0 ms]
      [Free CSet: 0.0 ms]
   [Eden: 0.0B(102.0M)->0.0B(102.0M) Survivors: 0.0B->0.0B Heap: 2046.3M(2048.0M)->2046.3M(2048.0M)]
 [Times: user=0.09 sys=0.00, real=0.02 secs] 
21.531: [Full GC (Allocation Failure) 21.804: [SoftReference, 0 refs, 0.0000240 secs]21.804: [WeakReference, 635931 refs, 0.0332829 secs]21.837: [FinalReference, 2 refs, 0.0000075 secs]21.837: [PhantomReference, 0 refs, 0 refs, 0.0000589 secs]21.837: [JNI Weak Reference, 0.0000081 secs] 2046M->280M(935M), 1.1177335 secs]
   [Eden: 0.0B(102.0M)->0.0B(228.0M) Survivors: 0.0B->0.0B Heap: 2046.3M(2048.0M)->280.2M(935.0M)], [Metaspace: 3222K->3222K(1056768K)]
 [Times: user=1.37 sys=0.09, real=1.11 secs] 
22.649: [GC concurrent-mark-abort]
23.061: [GC pause (G1 Evacuation Pause) (young)23.292: [SoftReference, 0 refs, 0.0000258 secs]23.292: [WeakReference, 807603 refs, 0.0916458 secs]23.384: [FinalReference, 0 refs, 0.0000064 secs]23.384: [PhantomReference, 0 refs, 0 refs, 0.0000041 secs]23.384: [JNI Weak Reference, 0.0000033 secs], 0.3251491 secs]
   [Parallel Time: 230.2 ms, GC Workers: 8]
      [GC Worker Start (ms): Min: 23061.2, Avg: 23061.3, Max: 23061.4, Diff: 0.2]
      [Ext Root Scanning (ms): Min: 0.0, Avg: 0.1, Max: 0.2, Diff: 0.2, Sum: 0.9]
      [Update RS (ms): Min: 17.7, Avg: 18.1, Max: 18.4, Diff: 0.7, Sum: 144.7]
         [Processed Buffers: Min: 30, Avg: 33.0, Max: 36, Diff: 6, Sum: 264]
      [Scan RS (ms): Min: 0.0, Avg: 0.0, Max: 0.1, Diff: 0.1, Sum: 0.2]
      [Code Root Scanning (ms): Min: 0.0, Avg: 0.0, Max: 0.0, Diff: 0.0, Sum: 0.0]
      [Object Copy (ms): Min: 210.8, Avg: 211.2, Max: 211.6, Diff: 0.8, Sum: 1689.6]
      [Termination (ms): Min: 0.5, Avg: 0.6, Max: 0.8, Diff: 0.3, Sum: 5.0]
         [Termination Attempts: Min: 536, Avg: 695.2, Max: 807, Diff: 271, Sum: 5562]
      [GC Worker Other (ms): Min: 0.0, Avg: 0.0, Max: 0.1, Diff: 0.0, Sum: 0.3]
      [GC Worker Total (ms): Min: 230.0, Avg: 230.1, Max: 230.2, Diff: 0.2, Sum: 1840.7]
      [GC Worker End (ms): Min: 23291.3, Avg: 23291.3, Max: 23291.4, Diff: 0.0]
   [Code Root Fixup: 0.0 ms]
   [Code Root Purge: 0.0 ms]
   [Clear CT: 0.2 ms]
   [Other: 94.7 ms]
      [Choose CSet: 0.0 ms]
      [Ref Proc: 92.4 ms]
      [Ref Enq: 0.0 ms]
      [Redirty Cards: 0.7 ms]
      [Humongous Register: 0.0 ms]
      [Humongous Reclaim: 0.0 ms]
      [Free CSet: 0.1 ms]
   [Eden: 228.0M(228.0M)->0.0B(143.0M) Survivors: 0.0B->29.0M Heap: 508.2M(935.0M)->562.8M(1158.0M)]
 [Times: user=1.84 sys=0.01, real=0.32 secs] 
23.607: [GC pause (G1 Evacuation Pause) (young) (initial-mark)23.789: [SoftReference, 0 refs, 0.0000264 secs]23.789: [WeakReference, 86845 refs, 0.0075825 secs]23.797: [FinalReference, 0 refs, 0.0000045 secs]23.797: [PhantomReference, 0 refs, 0 refs, 0.0000031 secs]23.797: [JNI Weak Reference, 0.0000026 secs], 0.1921653 secs]
   [Parallel Time: 181.7 ms, GC Workers: 8]
      [GC Worker Start (ms): Min: 23606.7, Avg: 23606.8, Max: 23606.9, Diff: 0.2]
      [Ext Root Scanning (ms): Min: 0.0, Avg: 0.4, Max: 1.0, Diff: 1.0, Sum: 3.1]
      [Update RS (ms): Min: 15.3, Avg: 15.8, Max: 16.6, Diff: 1.3, Sum: 126.0]
         [Processed Buffers: Min: 42, Avg: 43.1, Max: 45, Diff: 3, Sum: 345]
      [Scan RS (ms): Min: 1.5, Avg: 2.1, Max: 2.7, Diff: 1.2, Sum: 16.9]
      [Code Root Scanning (ms): Min: 0.0, Avg: 0.0, Max: 0.0, Diff: 0.0, Sum: 0.0]
      [Object Copy (ms): Min: 163.0, Avg: 163.1, Max: 163.1, Diff: 0.1, Sum: 1304.6]
      [Termination (ms): Min: 0.2, Avg: 0.2, Max: 0.2, Diff: 0.0, Sum: 1.5]
         [Termination Attempts: Min: 259, Avg: 276.8, Max: 295, Diff: 36, Sum: 2214]
      [GC Worker Other (ms): Min: 0.0, Avg: 0.0, Max: 0.1, Diff: 0.0, Sum: 0.2]
      [GC Worker Total (ms): Min: 181.4, Avg: 181.5, Max: 181.7, Diff: 0.3, Sum: 1452.4]
      [GC Worker End (ms): Min: 23788.3, Avg: 23788.3, Max: 23788.4, Diff: 0.0]
   [Code Root Fixup: 0.0 ms]
   [Code Root Purge: 0.0 ms]
   [Clear CT: 0.1 ms]
   [Other: 10.3 ms]
      [Choose CSet: 0.0 ms]
      [Ref Proc: 8.3 ms]
      [Ref Enq: 0.0 ms]
      [Redirty Cards: 0.6 ms]
      [Humongous Register: 0.0 ms]
      [Humongous Reclaim: 0.0 ms]
      [Free CSet: 0.1 ms]
   [Eden: 143.0M(143.0M)->0.0B(136.0M) Survivors: 29.0M->22.0M Heap: 705.8M(1158.0M)->706.7M(1336.0M)]
 [Times: user=1.37 sys=0.01, real=0.19 secs] 
23.799: [GC concurrent-root-region-scan-start]
23.824: [GC concurrent-root-region-scan-end, 0.0251797 secs]
23.824: [GC concurrent-mark-start]
24.080: [GC pause (G1 Evacuation Pause) (young)24.279: [SoftReference, 0 refs, 0.0000220 secs]24.279: [WeakReference, 25741 refs, 0.0020848 secs]24.281: [FinalReference, 0 refs, 0.0000037 secs]24.281: [PhantomReference, 0 refs, 0 refs, 0.0000036 secs]24.281: [JNI Weak Reference, 0.0000031 secs], 0.2030426 secs]
   [Parallel Time: 189.2 ms, GC Workers: 8]
      [GC Worker Start (ms): Min: 24080.1, Avg: 24080.2, Max: 24080.3, Diff: 0.2]
      [Ext Root Scanning (ms): Min: 0.0, Avg: 0.1, Max: 0.2, Diff: 0.2, Sum: 0.8]
      [Update RS (ms): Min: 21.5, Avg: 21.6, Max: 21.7, Diff: 0.1, Sum: 172.6]
         [Processed Buffers: Min: 39, Avg: 47.4, Max: 51, Diff: 12, Sum: 379]
      [Scan RS (ms): Min: 0.8, Avg: 0.9, Max: 1.0, Diff: 0.2, Sum: 7.4]
      [Code Root Scanning (ms): Min: 0.0, Avg: 0.0, Max: 0.0, Diff: 0.0, Sum: 0.0]
      [Object Copy (ms): Min: 162.2, Avg: 165.3, Max: 166.2, Diff: 4.1, Sum: 1322.4]
      [Termination (ms): Min: 0.1, Avg: 1.1, Max: 4.2, Diff: 4.1, Sum: 8.5]
         [Termination Attempts: Min: 15, Avg: 46.8, Max: 69, Diff: 54, Sum: 374]
      [GC Worker Other (ms): Min: 0.0, Avg: 0.0, Max: 0.0, Diff: 0.0, Sum: 0.1]
      [GC Worker Total (ms): Min: 188.9, Avg: 189.0, Max: 189.2, Diff: 0.3, Sum: 1511.9]
      [GC Worker End (ms): Min: 24269.1, Avg: 24269.2, Max: 24269.3, Diff: 0.2]
   [Code Root Fixup: 0.0 ms]
   [Code Root Purge: 0.0 ms]
   [Clear CT: 0.1 ms]
   [Other: 13.7 ms]
      [Choose CSet: 0.0 ms]
      [Ref Proc: 12.1 ms]
      [Ref Enq: 0.0 ms]
      [Redirty Cards: 0.4 ms]
      [Humongous Register: 0.0 ms]
      [Humongous Reclaim: 0.0 ms]
      [Free CSet: 0.1 ms]
   [Eden: 136.0M(136.0M)->0.0B(130.0M) Survivors: 22.0M->20.0M Heap: 842.7M(1336.0M)->844.2M(1479.0M)]
 [Times: user=1.09 sys=0.02, real=0.20 secs] 
24.584: [GC pause (G1 Evacuation Pause) (young)24.759: [SoftReference, 0 refs, 0.0000245 secs]24.759: [WeakReference, 0 refs, 0.0000035 secs]24.759: [FinalReference, 0 refs, 0.0000030 secs]24.759: [PhantomReference, 0 refs, 0 refs, 0.0000035 secs]24.759: [JNI Weak Reference, 0.0000049 secs], 0.1762588 secs]
   [Parallel Time: 163.8 ms, GC Workers: 8]
      [GC Worker Start (ms): Min: 24584.5, Avg: 24586.6, Max: 24587.9, Diff: 3.5]
      [Ext Root Scanning (ms): Min: 0.0, Avg: 0.0, Max: 0.2, Diff: 0.2, Sum: 0.3]
      [Update RS (ms): Min: 19.3, Avg: 20.7, Max: 22.6, Diff: 3.3, Sum: 165.9]
         [Processed Buffers: Min: 34, Avg: 42.6, Max: 52, Diff: 18, Sum: 341]
      [Scan RS (ms): Min: 0.0, Avg: 0.4, Max: 0.5, Diff: 0.5, Sum: 2.9]
      [Code Root Scanning (ms): Min: 0.0, Avg: 0.0, Max: 0.0, Diff: 0.0, Sum: 0.0]
      [Object Copy (ms): Min: 133.7, Avg: 136.2, Max: 140.0, Diff: 6.4, Sum: 1089.4]
      [Termination (ms): Min: 0.4, Avg: 4.3, Max: 6.5, Diff: 6.1, Sum: 34.2]
         [Termination Attempts: Min: 33, Avg: 636.9, Max: 989, Diff: 956, Sum: 5095]
      [GC Worker Other (ms): Min: 0.0, Avg: 0.0, Max: 0.0, Diff: 0.0, Sum: 0.1]
      [GC Worker Total (ms): Min: 160.2, Avg: 161.6, Max: 163.7, Diff: 3.5, Sum: 1292.8]
      [GC Worker End (ms): Min: 24748.2, Avg: 24748.2, Max: 24748.2, Diff: 0.0]
   [Code Root Fixup: 0.0 ms]
   [Code Root Purge: 0.0 ms]
   [Clear CT: 0.1 ms]
   [Other: 12.4 ms]
      [Choose CSet: 0.0 ms]
      [Ref Proc: 10.9 ms]
      [Ref Enq: 0.0 ms]
      [Redirty Cards: 0.4 ms]
      [Humongous Register: 0.0 ms]
      [Humongous Reclaim: 0.0 ms]
      [Free CSet: 0.1 ms]
   [Eden: 130.0M(130.0M)->0.0B(135.0M) Survivors: 20.0M->19.0M Heap: 974.2M(1479.0M)->976.2M(1593.0M)]
 [Times: user=1.00 sys=0.03, real=0.18 secs] 
24.862: [GC concurrent-mark-end, 1.0374655 secs]
24.862: [GC remark 24.862: [Finalize Marking, 0.0010183 secs] 24.863: [GC ref-proc24.863: [SoftReference, 0 refs, 0.0000143 secs]24.863: [WeakReference, 211744 refs, 0.0327821 secs]24.896: [FinalReference, 33 refs, 0.0000159 secs]24.896: [PhantomReference, 0 refs, 0 refs, 0.0000155 secs]24.896: [JNI Weak Reference, 0.0000044 secs], 0.0328898 secs] 24.896: [Unloading, 0.0006777 secs], 0.0375059 secs]
 [Times: user=0.04 sys=0.00, real=0.03 secs] 
24.899: [GC cleanup 1021M->904M(1593M), 0.0025074 secs]
 [Times: user=0.01 sys=0.00, real=0.01 secs] 
24.902: [GC concurrent-cleanup-start]
24.902: [GC concurrent-cleanup-end, 0.0000781 secs]
25.043: [GC pause (G1 Evacuation Pause) (young)25.201: [SoftReference, 0 refs, 0.0000558 secs]25.201: [WeakReference, 0 refs, 0.0000029 secs]25.201: [FinalReference, 0 refs, 0.0000026 secs]25.201: [PhantomReference, 0 refs, 0 refs, 0.0000030 secs]25.202: [JNI Weak Reference, 0.0000027 secs], 0.1597362 secs]
   [Parallel Time: 157.9 ms, GC Workers: 8]
      [GC Worker Start (ms): Min: 25043.3, Avg: 25044.9, Max: 25053.2, Diff: 9.9]
      [Ext Root Scanning (ms): Min: 0.0, Avg: 0.1, Max: 0.2, Diff: 0.2, Sum: 0.5]
      [Update RS (ms): Min: 10.3, Avg: 18.7, Max: 20.3, Diff: 10.0, Sum: 149.8]
         [Processed Buffers: Min: 21, Avg: 38.4, Max: 45, Diff: 24, Sum: 307]
      [Scan RS (ms): Min: 0.0, Avg: 0.5, Max: 0.6, Diff: 0.6, Sum: 3.6]
      [Code Root Scanning (ms): Min: 0.0, Avg: 0.0, Max: 0.0, Diff: 0.0, Sum: 0.0]
      [Object Copy (ms): Min: 136.1, Avg: 136.4, Max: 136.6, Diff: 0.4, Sum: 1091.4]
      [Termination (ms): Min: 0.4, Avg: 0.5, Max: 0.7, Diff: 0.2, Sum: 4.3]
         [Termination Attempts: Min: 398, Avg: 468.4, Max: 521, Diff: 123, Sum: 3747]
      [GC Worker Other (ms): Min: 0.0, Avg: 0.0, Max: 0.0, Diff: 0.0, Sum: 0.2]
      [GC Worker Total (ms): Min: 148.0, Avg: 156.2, Max: 157.9, Diff: 9.9, Sum: 1249.8]
      [GC Worker End (ms): Min: 25201.1, Avg: 25201.2, Max: 25201.2, Diff: 0.0]
   [Code Root Fixup: 0.0 ms]
   [Code Root Purge: 0.0 ms]
   [Clear CT: 0.1 ms]
   [Other: 1.7 ms]
      [Choose CSet: 0.0 ms]
      [Ref Proc: 0.3 ms]
      [Ref Enq: 0.0 ms]
      [Redirty Cards: 0.6 ms]
      [Humongous Register: 0.0 ms]
      [Humongous Reclaim: 0.0 ms]
      [Free CSet: 0.1 ms]
   [Eden: 135.0M(135.0M)->0.0B(146.0M) Survivors: 19.0M->20.0M Heap: 994.2M(1593.0M)->996.7M(1684.0M)]
 [Times: user=1.16 sys=0.01, real=0.16 secs] 
25.399: [GC pause (G1 Evacuation Pause) (young)25.565: [SoftReference, 0 refs, 0.0000216 secs]25.565: [WeakReference, 0 refs, 0.0000030 secs]25.565: [FinalReference, 0 refs, 0.0000026 secs]25.565: [PhantomReference, 0 refs, 0 refs, 0.0000029 secs]25.565: [JNI Weak Reference, 0.0000030 secs], 0.1672078 secs]
   [Parallel Time: 164.7 ms, GC Workers: 8]
      [GC Worker Start (ms): Min: 25399.6, Avg: 25399.8, Max: 25400.4, Diff: 0.9]
      [Ext Root Scanning (ms): Min: 0.0, Avg: 0.1, Max: 0.2, Diff: 0.2, Sum: 0.9]
      [Update RS (ms): Min: 16.8, Avg: 17.4, Max: 17.7, Diff: 0.9, Sum: 139.2]
         [Processed Buffers: Min: 40, Avg: 42.0, Max: 45, Diff: 5, Sum: 336]
      [Scan RS (ms): Min: 0.0, Avg: 0.2, Max: 0.2, Diff: 0.2, Sum: 1.4]
      [Code Root Scanning (ms): Min: 0.0, Avg: 0.0, Max: 0.0, Diff: 0.0, Sum: 0.0]
      [Object Copy (ms): Min: 146.1, Avg: 146.2, Max: 146.4, Diff: 0.3, Sum: 1169.5]
      [Termination (ms): Min: 0.1, Avg: 0.5, Max: 0.6, Diff: 0.5, Sum: 4.0]
         [Termination Attempts: Min: 224, Avg: 258.6, Max: 289, Diff: 65, Sum: 2069]
      [GC Worker Other (ms): Min: 0.0, Avg: 0.0, Max: 0.0, Diff: 0.0, Sum: 0.1]
      [GC Worker Total (ms): Min: 163.8, Avg: 164.4, Max: 164.6, Diff: 0.8, Sum: 1315.1]
      [GC Worker End (ms): Min: 25564.1, Avg: 25564.2, Max: 25564.2, Diff: 0.1]
   [Code Root Fixup: 0.0 ms]
   [Code Root Purge: 0.0 ms]
   [Clear CT: 0.1 ms]
   [Other: 2.4 ms]
      [Choose CSet: 0.0 ms]
      [Ref Proc: 1.2 ms]
      [Ref Enq: 0.0 ms]
      [Redirty Cards: 0.5 ms]
      [Humongous Register: 0.0 ms]
      [Humongous Reclaim: 0.0 ms]
      [Free CSet: 0.1 ms]
   [Eden: 146.0M(146.0M)->0.0B(153.0M) Survivors: 20.0M->21.0M Heap: 1142.7M(1684.0M)->1144.7M(1757.0M)]
 [Times: user=1.25 sys=0.01, real=0.16 secs] 
25.797: [GC pause (G1 Evacuation Pause) (young) (initial-mark)25.973: [SoftReference, 0 refs, 0.0000221 secs]25.974: [WeakReference, 0 refs, 0.0000029 secs]25.974: [FinalReference, 0 refs, 0.0000127 secs]25.974: [PhantomReference, 0 refs, 0 refs, 0.0000030 secs]25.974: [JNI Weak Reference, 0.0000027 secs], 0.1779130 secs]
   [Parallel Time: 175.6 ms, GC Workers: 8]
      [GC Worker Start (ms): Min: 25797.2, Avg: 25797.2, Max: 25797.3, Diff: 0.1]
      [Ext Root Scanning (ms): Min: 0.1, Avg: 0.1, Max: 0.2, Diff: 0.1, Sum: 0.9]
      [Update RS (ms): Min: 19.7, Avg: 19.7, Max: 19.9, Diff: 0.2, Sum: 158.0]
         [Processed Buffers: Min: 42, Avg: 46.1, Max: 49, Diff: 7, Sum: 369]
      [Scan RS (ms): Min: 0.4, Avg: 0.5, Max: 0.6, Diff: 0.2, Sum: 4.0]
      [Code Root Scanning (ms): Min: 0.0, Avg: 0.0, Max: 0.0, Diff: 0.0, Sum: 0.0]
      [Object Copy (ms): Min: 153.5, Avg: 153.9, Max: 154.4, Diff: 0.9, Sum: 1231.4]
      [Termination (ms): Min: 0.6, Avg: 1.1, Max: 1.5, Diff: 0.9, Sum: 9.1]
         [Termination Attempts: Min: 420, Avg: 526.5, Max: 595, Diff: 175, Sum: 4212]
      [GC Worker Other (ms): Min: 0.0, Avg: 0.0, Max: 0.0, Diff: 0.0, Sum: 0.1]
      [GC Worker Total (ms): Min: 175.4, Avg: 175.4, Max: 175.5, Diff: 0.1, Sum: 1403.5]
      [GC Worker End (ms): Min: 25972.6, Avg: 25972.7, Max: 25972.7, Diff: 0.0]
   [Code Root Fixup: 0.0 ms]
   [Code Root Purge: 0.0 ms]
   [Clear CT: 0.1 ms]
   [Other: 2.2 ms]
      [Choose CSet: 0.0 ms]
      [Ref Proc: 0.8 ms]
      [Ref Enq: 0.0 ms]
      [Redirty Cards: 0.5 ms]
      [Humongous Register: 0.0 ms]
      [Humongous Reclaim: 0.0 ms]
      [Free CSet: 0.1 ms]
   [Eden: 153.0M(153.0M)->0.0B(157.0M) Survivors: 21.0M->22.0M Heap: 1297.7M(1757.0M)->1299.7M(1816.0M)]
 [Times: user=1.20 sys=0.02, real=0.18 secs] 
25.975: [GC concurrent-root-region-scan-start]
25.989: [GC concurrent-root-region-scan-end, 0.0139888 secs]
25.989: [GC concurrent-mark-start]
26.258: [GC pause (G1 Evacuation Pause) (young)26.453: [SoftReference, 0 refs, 0.0000193 secs]26.453: [WeakReference, 0 refs, 0.0000030 secs]26.453: [FinalReference, 0 refs, 0.0000027 secs]26.453: [PhantomReference, 0 refs, 0 refs, 0.0000030 secs]26.453: [JNI Weak Reference, 0.0000027 secs], 0.1966331 secs]
   [Parallel Time: 192.9 ms, GC Workers: 8]
      [GC Worker Start (ms): Min: 26257.7, Avg: 26258.1, Max: 26260.0, Diff: 2.3]
      [Ext Root Scanning (ms): Min: 0.0, Avg: 0.1, Max: 0.2, Diff: 0.2, Sum: 0.8]
      [Update RS (ms): Min: 32.4, Avg: 32.7, Max: 33.1, Diff: 0.7, Sum: 261.2]
         [Processed Buffers: Min: 27, Avg: 50.6, Max: 70, Diff: 43, Sum: 405]
      [Scan RS (ms): Min: 0.0, Avg: 0.4, Max: 0.5, Diff: 0.5, Sum: 3.3]
      [Code Root Scanning (ms): Min: 0.0, Avg: 0.0, Max: 0.0, Diff: 0.0, Sum: 0.0]
      [Object Copy (ms): Min: 157.0, Avg: 158.9, Max: 159.2, Diff: 2.2, Sum: 1270.9]
      [Termination (ms): Min: 0.3, Avg: 0.4, Max: 0.5, Diff: 0.1, Sum: 3.0]
         [Termination Attempts: Min: 304, Avg: 419.9, Max: 483, Diff: 179, Sum: 3359]
      [GC Worker Other (ms): Min: 0.0, Avg: 0.1, Max: 0.1, Diff: 0.1, Sum: 0.5]
      [GC Worker Total (ms): Min: 190.5, Avg: 192.4, Max: 192.9, Diff: 2.3, Sum: 1539.6]
      [GC Worker End (ms): Min: 26450.5, Avg: 26450.6, Max: 26450.6, Diff: 0.1]
   [Code Root Fixup: 0.0 ms]
   [Code Root Purge: 0.0 ms]
   [Clear CT: 0.1 ms]
   [Other: 3.6 ms]
      [Choose CSet: 0.0 ms]
      [Ref Proc: 2.6 ms]
      [Ref Enq: 0.0 ms]
      [Redirty Cards: 0.4 ms]
      [Humongous Register: 0.0 ms]
      [Humongous Reclaim: 0.0 ms]
      [Free CSet: 0.1 ms]
   [Eden: 157.0M(157.0M)->0.0B(107.0M) Survivors: 22.0M->23.0M Heap: 1456.7M(1816.0M)->1458.7M(1863.0M)]
 [Times: user=1.33 sys=0.00, real=0.20 secs] 
26.627: [GC pause (G1 Evacuation Pause) (young)26.767: [SoftReference, 0 refs, 0.0000188 secs]26.767: [WeakReference, 0 refs, 0.0000032 secs]26.767: [FinalReference, 0 refs, 0.0000028 secs]26.767: [PhantomReference, 0 refs, 0 refs, 0.0000032 secs]26.767: [JNI Weak Reference, 0.0000027 secs], 0.1407095 secs]
   [Parallel Time: 135.8 ms, GC Workers: 8]
      [GC Worker Start (ms): Min: 26627.2, Avg: 26627.5, Max: 26627.8, Diff: 0.6]
      [Ext Root Scanning (ms): Min: 0.0, Avg: 0.1, Max: 0.4, Diff: 0.4, Sum: 0.6]
      [Update RS (ms): Min: 21.4, Avg: 21.6, Max: 21.9, Diff: 0.5, Sum: 173.1]
         [Processed Buffers: Min: 39, Avg: 45.5, Max: 52, Diff: 13, Sum: 364]
      [Scan RS (ms): Min: 0.3, Avg: 0.4, Max: 0.5, Diff: 0.1, Sum: 3.2]
      [Code Root Scanning (ms): Min: 0.0, Avg: 0.0, Max: 0.0, Diff: 0.0, Sum: 0.0]
      [Object Copy (ms): Min: 112.5, Avg: 112.6, Max: 113.0, Diff: 0.5, Sum: 901.1]
      [Termination (ms): Min: 0.2, Avg: 0.6, Max: 0.8, Diff: 0.6, Sum: 4.9]
         [Termination Attempts: Min: 185, Avg: 263.6, Max: 306, Diff: 121, Sum: 2109]
      [GC Worker Other (ms): Min: 0.0, Avg: 0.0, Max: 0.0, Diff: 0.0, Sum: 0.1]
      [GC Worker Total (ms): Min: 135.1, Avg: 135.4, Max: 135.7, Diff: 0.6, Sum: 1082.9]
      [GC Worker End (ms): Min: 26762.8, Avg: 26762.9, Max: 26763.0, Diff: 0.2]
   [Code Root Fixup: 0.0 ms]
   [Code Root Purge: 0.0 ms]
   [Clear CT: 0.1 ms]
   [Other: 4.8 ms]
      [Choose CSet: 0.0 ms]
      [Ref Proc: 4.1 ms]
      [Ref Enq: 0.0 ms]
      [Redirty Cards: 0.3 ms]
      [Humongous Register: 0.0 ms]
      [Humongous Reclaim: 0.0 ms]
      [Free CSet: 0.0 ms]
   [Eden: 107.0M(107.0M)->0.0B(78.0M) Survivors: 23.0M->17.0M Heap: 1565.7M(1863.0M)->1568.2M(1900.0M)]
 [Times: user=0.99 sys=0.00, real=0.14 secs] 
26.902: [GC pause (G1 Evacuation Pause) (young)27.014: [SoftReference, 0 refs, 0.0000208 secs]27.014: [WeakReference, 0 refs, 0.0000032 secs]27.014: [FinalReference, 0 refs, 0.0000027 secs]27.014: [PhantomReference, 0 refs, 0 refs, 0.0000033 secs]27.014: [JNI Weak Reference, 0.0000027 secs], 0.1127346 secs]
   [Parallel Time: 108.3 ms, GC Workers: 8]
      [GC Worker Start (ms): Min: 26902.0, Avg: 26902.5, Max: 26903.5, Diff: 1.5]
      [Ext Root Scanning (ms): Min: 0.0, Avg: 0.2, Max: 1.4, Diff: 1.4, Sum: 1.7]
      [Update RS (ms): Min: 9.2, Avg: 21.1, Max: 24.5, Diff: 15.3, Sum: 169.1]
         [Processed Buffers: Min: 5, Avg: 40.9, Max: 55, Diff: 50, Sum: 327]
      [Scan RS (ms): Min: 0.0, Avg: 0.5, Max: 0.7, Diff: 0.7, Sum: 3.8]
      [Code Root Scanning (ms): Min: 0.0, Avg: 0.0, Max: 0.0, Diff: 0.0, Sum: 0.0]
      [Object Copy (ms): Min: 82.7, Avg: 84.6, Max: 97.6, Diff: 14.8, Sum: 677.1]
      [Termination (ms): Min: 0.1, Avg: 0.1, Max: 0.1, Diff: 0.1, Sum: 0.9]
         [Termination Attempts: Min: 141, Avg: 152.8, Max: 189, Diff: 48, Sum: 1222]
      [GC Worker Other (ms): Min: 0.0, Avg: 1.2, Max: 8.9, Diff: 8.9, Sum: 9.4]
      [GC Worker Total (ms): Min: 106.8, Avg: 107.8, Max: 108.3, Diff: 1.5, Sum: 862.1]
      [GC Worker End (ms): Min: 27010.3, Avg: 27010.3, Max: 27010.3, Diff: 0.0]
   [Code Root Fixup: 0.0 ms]
   [Code Root Purge: 0.0 ms]
   [Clear CT: 0.1 ms]
   [Other: 4.3 ms]
      [Choose CSet: 0.0 ms]
      [Ref Proc: 3.6 ms]
      [Ref Enq: 0.0 ms]
      [Redirty Cards: 0.3 ms]
      [Humongous Register: 0.0 ms]
      [Humongous Reclaim: 0.0 ms]
      [Free CSet: 0.0 ms]
   [Eden: 78.0M(78.0M)->0.0B(84.0M) Survivors: 17.0M->12.0M Heap: 1646.2M(1900.0M)->1647.7M(1930.0M)]
 [Times: user=0.78 sys=0.01, real=0.11 secs] 
27.145: [GC pause (G1 Evacuation Pause) (young)27.253: [SoftReference, 0 refs, 0.0000202 secs]27.253: [WeakReference, 0 refs, 0.0000031 secs]27.253: [FinalReference, 0 refs, 0.0000027 secs]27.253: [PhantomReference, 0 refs, 0 refs, 0.0000029 secs]27.253: [JNI Weak Reference, 0.0000027 secs], 0.1085689 secs]
   [Parallel Time: 104.6 ms, GC Workers: 8]
      [GC Worker Start (ms): Min: 27145.0, Avg: 27147.1, Max: 27150.0, Diff: 5.0]
      [Ext Root Scanning (ms): Min: 0.0, Avg: 0.1, Max: 0.2, Diff: 0.2, Sum: 0.6]
      [Update RS (ms): Min: 13.1, Avg: 15.9, Max: 18.1, Diff: 5.1, Sum: 127.5]
         [Processed Buffers: Min: 31, Avg: 36.8, Max: 45, Diff: 14, Sum: 294]
      [Scan RS (ms): Min: 0.8, Avg: 1.0, Max: 1.1, Diff: 0.3, Sum: 8.0]
      [Code Root Scanning (ms): Min: 0.0, Avg: 0.0, Max: 0.0, Diff: 0.0, Sum: 0.0]
      [Object Copy (ms): Min: 85.1, Avg: 85.2, Max: 85.3, Diff: 0.2, Sum: 681.8]
      [Termination (ms): Min: 0.1, Avg: 0.2, Max: 0.2, Diff: 0.1, Sum: 1.4]
         [Termination Attempts: Min: 172, Avg: 212.5, Max: 240, Diff: 68, Sum: 1700]
      [GC Worker Other (ms): Min: 0.0, Avg: 0.0, Max: 0.1, Diff: 0.0, Sum: 0.3]
      [GC Worker Total (ms): Min: 99.5, Avg: 102.5, Max: 104.6, Diff: 5.0, Sum: 819.7]
      [GC Worker End (ms): Min: 27249.6, Avg: 27249.6, Max: 27249.6, Diff: 0.0]
   [Code Root Fixup: 0.0 ms]
   [Code Root Purge: 0.0 ms]
   [Clear CT: 0.2 ms]
   [Other: 3.8 ms]
      [Choose CSet: 0.0 ms]
      [Ref Proc: 3.1 ms]
      [Ref Enq: 0.0 ms]
      [Redirty Cards: 0.3 ms]
      [Humongous Register: 0.0 ms]
      [Humongous Reclaim: 0.0 ms]
      [Free CSet: 0.0 ms]
   [Eden: 84.0M(84.0M)->0.0B(85.0M) Survivors: 12.0M->12.0M Heap: 1731.7M(1930.0M)->1733.7M(1954.0M)]
 [Times: user=0.81 sys=0.00, real=0.11 secs] 
27.351: [GC pause (G1 Evacuation Pause) (young)27.456: [SoftReference, 0 refs, 0.0000212 secs]27.456: [WeakReference, 0 refs, 0.0000031 secs]27.456: [FinalReference, 0 refs, 0.0000026 secs]27.456: [PhantomReference, 0 refs, 0 refs, 0.0000031 secs]27.456: [JNI Weak Reference, 0.0000027 secs], 0.1056117 secs]
   [Parallel Time: 101.3 ms, GC Workers: 8]
      [GC Worker Start (ms): Min: 27351.6, Avg: 27351.6, Max: 27351.6, Diff: 0.1]
      [Ext Root Scanning (ms): Min: 0.1, Avg: 0.1, Max: 0.2, Diff: 0.1, Sum: 0.9]
      [Update RS (ms): Min: 17.2, Avg: 17.3, Max: 17.4, Diff: 0.2, Sum: 138.5]
         [Processed Buffers: Min: 38, Avg: 40.4, Max: 44, Diff: 6, Sum: 323]
      [Scan RS (ms): Min: 0.0, Avg: 0.2, Max: 0.2, Diff: 0.2, Sum: 1.5]
      [Code Root Scanning (ms): Min: 0.0, Avg: 0.0, Max: 0.0, Diff: 0.0, Sum: 0.0]
      [Object Copy (ms): Min: 82.6, Avg: 82.7, Max: 83.1, Diff: 0.5, Sum: 661.8]
      [Termination (ms): Min: 0.4, Avg: 0.9, Max: 1.0, Diff: 0.6, Sum: 6.8]
         [Termination Attempts: Min: 120, Avg: 251.4, Max: 295, Diff: 175, Sum: 2011]
      [GC Worker Other (ms): Min: 0.0, Avg: 0.0, Max: 0.0, Diff: 0.0, Sum: 0.1]
      [GC Worker Total (ms): Min: 101.1, Avg: 101.2, Max: 101.2, Diff: 0.1, Sum: 809.6]
      [GC Worker End (ms): Min: 27452.8, Avg: 27452.8, Max: 27452.8, Diff: 0.1]
   [Code Root Fixup: 0.0 ms]
   [Code Root Purge: 0.0 ms]
   [Clear CT: 0.1 ms]
   [Other: 4.2 ms]
      [Choose CSet: 0.0 ms]
      [Ref Proc: 3.6 ms]
      [Ref Enq: 0.0 ms]
      [Redirty Cards: 0.3 ms]
      [Humongous Register: 0.0 ms]
      [Humongous Reclaim: 0.0 ms]
      [Free CSet: 0.1 ms]
   [Eden: 85.0M(85.0M)->0.0B(85.0M) Survivors: 12.0M->13.0M Heap: 1818.7M(1954.0M)->1821.2M(1973.0M)]
 [Times: user=0.77 sys=0.00, real=0.10 secs] 
27.561: [GC pause (G1 Evacuation Pause) (young)27.681: [SoftReference, 0 refs, 0.0000192 secs]27.681: [WeakReference, 0 refs, 0.0000030 secs]27.681: [FinalReference, 0 refs, 0.0000026 secs]27.681: [PhantomReference, 0 refs, 0 refs, 0.0000031 secs]27.681: [JNI Weak Reference, 0.0000026 secs], 0.1211463 secs]
   [Parallel Time: 117.4 ms, GC Workers: 8]
      [GC Worker Start (ms): Min: 27561.3, Avg: 27561.3, Max: 27561.4, Diff: 0.1]
      [Ext Root Scanning (ms): Min: 0.1, Avg: 0.1, Max: 0.2, Diff: 0.1, Sum: 1.0]
      [Update RS (ms): Min: 28.8, Avg: 28.9, Max: 28.9, Diff: 0.1, Sum: 230.8]
         [Processed Buffers: Min: 54, Avg: 56.9, Max: 62, Diff: 8, Sum: 455]
      [Scan RS (ms): Min: 0.0, Avg: 0.0, Max: 0.0, Diff: 0.0, Sum: 0.1]
      [Code Root Scanning (ms): Min: 0.0, Avg: 0.0, Max: 0.0, Diff: 0.0, Sum: 0.0]
      [Object Copy (ms): Min: 87.0, Avg: 87.3, Max: 87.6, Diff: 0.6, Sum: 698.1]
      [Termination (ms): Min: 0.5, Avg: 1.0, Max: 1.2, Diff: 0.7, Sum: 7.7]
         [Termination Attempts: Min: 255, Avg: 374.0, Max: 424, Diff: 169, Sum: 2992]
      [GC Worker Other (ms): Min: 0.0, Avg: 0.0, Max: 0.0, Diff: 0.0, Sum: 0.1]
      [GC Worker Total (ms): Min: 117.1, Avg: 117.2, Max: 117.3, Diff: 0.1, Sum: 937.8]
      [GC Worker End (ms): Min: 27678.5, Avg: 27678.6, Max: 27678.6, Diff: 0.1]
   [Code Root Fixup: 0.0 ms]
   [Code Root Purge: 0.0 ms]
   [Clear CT: 0.2 ms]
   [Other: 3.6 ms]
      [Choose CSet: 0.0 ms]
      [Ref Proc: 2.9 ms]
      [Ref Enq: 0.0 ms]
      [Redirty Cards: 0.5 ms]
      [Humongous Register: 0.0 ms]
      [Humongous Reclaim: 0.0 ms]
      [Free CSet: 0.0 ms]
   [Eden: 85.0M(85.0M)->0.0B(87.0M) Survivors: 13.0M->13.0M Heap: 1906.2M(1973.0M)->1908.2M(2016.0M)]
 [Times: user=0.88 sys=0.02, real=0.12 secs] 
27.797: [GC pause (G1 Evacuation Pause) (young)28.065: [SoftReference, 0 refs, 0.0000195 secs]28.065: [WeakReference, 0 refs, 0.0000031 secs]28.065: [FinalReference, 0 refs, 0.0000026 secs]28.065: [PhantomReference, 0 refs, 0 refs, 0.0000030 secs]28.065: [JNI Weak Reference, 0.0000027 secs] (to-space exhausted), 0.2869908 secs]
   [Parallel Time: 263.7 ms, GC Workers: 8]
      [GC Worker Start (ms): Min: 27797.1, Avg: 27799.0, Max: 27803.9, Diff: 6.8]
      [Ext Root Scanning (ms): Min: 0.0, Avg: 0.1, Max: 0.2, Diff: 0.2, Sum: 0.6]
      [Update RS (ms): Min: 15.2, Avg: 20.1, Max: 22.0, Diff: 6.8, Sum: 160.5]
         [Processed Buffers: Min: 28, Avg: 39.9, Max: 51, Diff: 23, Sum: 319]
      [Scan RS (ms): Min: 0.4, Avg: 0.5, Max: 0.7, Diff: 0.3, Sum: 4.4]
      [Code Root Scanning (ms): Min: 0.0, Avg: 0.0, Max: 0.0, Diff: 0.0, Sum: 0.0]
      [Object Copy (ms): Min: 113.0, Avg: 208.9, Max: 241.0, Diff: 128.0, Sum: 1671.3]
      [Termination (ms): Min: 0.0, Avg: 32.0, Max: 127.9, Diff: 127.9, Sum: 256.2]
         [Termination Attempts: Min: 1, Avg: 5.0, Max: 9, Diff: 8, Sum: 40]
      [GC Worker Other (ms): Min: 0.0, Avg: 0.0, Max: 0.0, Diff: 0.0, Sum: 0.1]
      [GC Worker Total (ms): Min: 256.7, Avg: 261.6, Max: 263.6, Diff: 6.9, Sum: 2093.1]
      [GC Worker End (ms): Min: 28060.7, Avg: 28060.7, Max: 28060.7, Diff: 0.1]
   [Code Root Fixup: 0.0 ms]
   [Code Root Purge: 0.0 ms]
   [Clear CT: 0.1 ms]
   [Other: 23.2 ms]
      [Evacuation Failure: 18.8 ms]
      [Choose CSet: 0.0 ms]
      [Ref Proc: 4.1 ms]
      [Ref Enq: 0.0 ms]
      [Redirty Cards: 0.1 ms]
      [Humongous Register: 0.0 ms]
      [Humongous Reclaim: 0.0 ms]
      [Free CSet: 0.0 ms]
   [Eden: 87.0M(87.0M)->0.0B(89.0M) Survivors: 13.0M->13.0M Heap: 1995.2M(2016.0M)->2000.2M(2048.0M)]
 [Times: user=1.02 sys=0.02, real=0.29 secs] 
28.210: [GC concurrent-mark-end, 2.2206428 secs]
28.210: [GC remark 28.210: [Finalize Marking, 0.0002959 secs] 28.210: [GC ref-proc28.210: [SoftReference, 0 refs, 0.0000137 secs]28.210: [WeakReference, 225830 refs, 0.0203627 secs]28.231: [FinalReference, 33 refs, 0.0000164 secs]28.231: [PhantomReference, 0 refs, 0 refs, 0.0000154 secs]28.231: [JNI Weak Reference, 0.0000036 secs], 0.0204481 secs] 28.231: [Unloading, 0.0004632 secs], 0.0252545 secs]
 [Times: user=0.06 sys=0.00, real=0.02 secs] 
28.235: [GC cleanup 2015M->1914M(2048M), 0.0023220 secs]
 [Times: user=0.01 sys=0.00, real=0.00 secs] 
28.238: [GC concurrent-cleanup-start]
28.238: [GC concurrent-cleanup-end, 0.0000680 secs]
28.310: [GC pause (G1 Evacuation Pause) (young)28.538: [SoftReference, 0 refs, 0.0000202 secs]28.538: [WeakReference, 0 refs, 0.0000030 secs]28.538: [FinalReference, 0 refs, 0.0000026 secs]28.538: [PhantomReference, 0 refs, 0 refs, 0.0000029 secs]28.538: [JNI Weak Reference, 0.0000026 secs] (to-space exhausted), 0.2432349 secs]
   [Parallel Time: 226.8 ms, GC Workers: 8]
      [GC Worker Start (ms): Min: 28310.6, Avg: 28310.6, Max: 28310.9, Diff: 0.3]
      [Ext Root Scanning (ms): Min: 0.0, Avg: 0.1, Max: 0.2, Diff: 0.2, Sum: 0.9]
      [Update RS (ms): Min: 12.8, Avg: 13.0, Max: 13.6, Diff: 0.8, Sum: 104.3]
         [Processed Buffers: Min: 20, Avg: 23.6, Max: 28, Diff: 8, Sum: 189]
      [Scan RS (ms): Min: 0.0, Avg: 0.0, Max: 0.0, Diff: 0.0, Sum: 0.1]
      [Code Root Scanning (ms): Min: 0.0, Avg: 0.0, Max: 0.0, Diff: 0.0, Sum: 0.0]
      [Object Copy (ms): Min: 164.1, Avg: 207.3, Max: 213.6, Diff: 49.4, Sum: 1658.3]
      [Termination (ms): Min: 0.0, Avg: 6.2, Max: 49.5, Diff: 49.5, Sum: 49.8]
         [Termination Attempts: Min: 2, Avg: 5.5, Max: 9, Diff: 7, Sum: 44]
      [GC Worker Other (ms): Min: 0.0, Avg: 0.0, Max: 0.0, Diff: 0.0, Sum: 0.1]
      [GC Worker Total (ms): Min: 226.4, Avg: 226.7, Max: 226.8, Diff: 0.3, Sum: 1813.5]
      [GC Worker End (ms): Min: 28537.3, Avg: 28537.3, Max: 28537.4, Diff: 0.0]
   [Code Root Fixup: 0.0 ms]
   [Code Root Purge: 0.0 ms]
   [Clear CT: 0.2 ms]
   [Other: 16.2 ms]
      [Evacuation Failure: 15.8 ms]
      [Choose CSet: 0.0 ms]
      [Ref Proc: 0.2 ms]
      [Ref Enq: 0.0 ms]
      [Redirty Cards: 0.2 ms]
      [Humongous Register: 0.0 ms]
      [Humongous Reclaim: 0.0 ms]
      [Free CSet: 0.0 ms]
   [Eden: 89.0M(89.0M)->0.0B(89.0M) Survivors: 13.0M->13.0M Heap: 1988.2M(2048.0M)->1993.2M(2048.0M)]
 [Times: user=0.79 sys=0.00, real=0.24 secs] 
28.662: [GC pause (G1 Evacuation Pause) (young)29.047: [SoftReference, 0 refs, 0.0000234 secs]29.047: [WeakReference, 0 refs, 0.0000031 secs]29.047: [FinalReference, 0 refs, 0.0000028 secs]29.047: [PhantomReference, 0 refs, 0 refs, 0.0000032 secs]29.047: [JNI Weak Reference, 0.0000029 secs] (to-space exhausted), 0.4084795 secs]
   [Parallel Time: 384.5 ms, GC Workers: 8]
      [GC Worker Start (ms): Min: 28661.8, Avg: 28662.9, Max: 28666.1, Diff: 4.3]
      [Ext Root Scanning (ms): Min: 0.0, Avg: 0.1, Max: 0.2, Diff: 0.2, Sum: 0.6]
      [Update RS (ms): Min: 0.0, Avg: 17.0, Max: 20.7, Diff: 20.7, Sum: 136.4]
         [Processed Buffers: Min: 0, Avg: 34.0, Max: 45, Diff: 45, Sum: 272]
      [Scan RS (ms): Min: 0.0, Avg: 0.0, Max: 0.0, Diff: 0.0, Sum: 0.1]
      [Code Root Scanning (ms): Min: 0.0, Avg: 0.0, Max: 0.0, Diff: 0.0, Sum: 0.0]
      [Object Copy (ms): Min: 363.1, Avg: 365.8, Max: 383.9, Diff: 20.8, Sum: 2926.3]
      [Termination (ms): Min: 0.0, Avg: 0.2, Max: 0.4, Diff: 0.4, Sum: 1.7]
         [Termination Attempts: Min: 1, Avg: 1.0, Max: 1, Diff: 0, Sum: 8]
      [GC Worker Other (ms): Min: 0.0, Avg: 0.1, Max: 0.4, Diff: 0.4, Sum: 0.5]
      [GC Worker Total (ms): Min: 380.0, Avg: 383.2, Max: 384.4, Diff: 4.3, Sum: 3065.6]
      [GC Worker End (ms): Min: 29046.0, Avg: 29046.1, Max: 29046.2, Diff: 0.2]
   [Code Root Fixup: 0.0 ms]
   [Code Root Purge: 0.0 ms]
   [Clear CT: 0.1 ms]
   [Other: 23.9 ms]
      [Evacuation Failure: 22.8 ms]
      [Choose CSet: 0.0 ms]
      [Ref Proc: 0.9 ms]
      [Ref Enq: 0.0 ms]
      [Redirty Cards: 0.1 ms]
      [Humongous Register: 0.0 ms]
      [Humongous Reclaim: 0.0 ms]
      [Free CSet: 0.0 ms]
   [Eden: 53.0M(89.0M)->0.0B(102.0M) Survivors: 13.0M->0.0B Heap: 2046.2M(2048.0M)->2046.2M(2048.0M)]
 [Times: user=0.61 sys=0.01, real=0.41 secs] 
29.070: [GC pause (G1 Evacuation Pause) (young) (initial-mark)29.075: [SoftReference, 0 refs, 0.0000145 secs]29.075: [WeakReference, 0 refs, 0.0000031 secs]29.075: [FinalReference, 0 refs, 0.0000027 secs]29.075: [PhantomReference, 0 refs, 0 refs, 0.0000030 secs]29.075: [JNI Weak Reference, 0.0000026 secs], 0.0053483 secs]
   [Parallel Time: 4.8 ms, GC Workers: 8]
      [GC Worker Start (ms): Min: 29070.4, Avg: 29070.5, Max: 29070.5, Diff: 0.1]
      [Ext Root Scanning (ms): Min: 0.1, Avg: 0.1, Max: 0.2, Diff: 0.1, Sum: 0.8]
      [Update RS (ms): Min: 4.1, Avg: 4.2, Max: 4.4, Diff: 0.2, Sum: 33.8]
         [Processed Buffers: Min: 15, Avg: 16.8, Max: 18, Diff: 3, Sum: 134]
      [Scan RS (ms): Min: 0.0, Avg: 0.0, Max: 0.0, Diff: 0.0, Sum: 0.0]
      [Code Root Scanning (ms): Min: 0.0, Avg: 0.0, Max: 0.0, Diff: 0.0, Sum: 0.0]
      [Object Copy (ms): Min: 0.0, Avg: 0.0, Max: 0.0, Diff: 0.0, Sum: 0.0]
      [Termination (ms): Min: 0.0, Avg: 0.2, Max: 0.4, Diff: 0.4, Sum: 1.8]
         [Termination Attempts: Min: 1, Avg: 1.0, Max: 1, Diff: 0, Sum: 8]
      [GC Worker Other (ms): Min: 0.0, Avg: 0.0, Max: 0.0, Diff: 0.0, Sum: 0.1]
      [GC Worker Total (ms): Min: 4.4, Avg: 4.6, Max: 4.7, Diff: 0.2, Sum: 36.4]
      [GC Worker End (ms): Min: 29074.9, Avg: 29075.0, Max: 29075.1, Diff: 0.2]
   [Code Root Fixup: 0.0 ms]
   [Code Root Purge: 0.0 ms]
   [Clear CT: 0.1 ms]
   [Other: 0.5 ms]
      [Choose CSet: 0.0 ms]
      [Ref Proc: 0.3 ms]
      [Ref Enq: 0.0 ms]
      [Redirty Cards: 0.1 ms]
      [Humongous Register: 0.0 ms]
      [Humongous Reclaim: 0.0 ms]
      [Free CSet: 0.0 ms]
   [Eden: 0.0B(102.0M)->0.0B(102.0M) Survivors: 0.0B->0.0B Heap: 2046.2M(2048.0M)->2046.2M(2048.0M)]
 [Times: user=0.04 sys=0.00, real=0.00 secs] 
29.076: [GC concurrent-root-region-scan-start]
29.076: [GC concurrent-root-region-scan-end, 0.0000023 secs]
29.076: [GC concurrent-mark-start]
29.076: [Full GC (Allocation Failure) 30.250: [SoftReference, 0 refs, 0.0000273 secs]30.250: [WeakReference, 1048576 refs, 0.0600424 secs]30.310: [FinalReference, 2 refs, 0.0000086 secs]30.310: [PhantomReference, 0 refs, 0 refs, 0.0000044 secs]30.310: [JNI Weak Reference, 0.0000036 secs] 2046M->1573M(2048M), 3.1005490 secs]
   [Eden: 0.0B(102.0M)->0.0B(150.0M) Survivors: 0.0B->0.0B Heap: 2046.2M(2048.0M)->1573.1M(2048.0M)], [Metaspace: 3222K->3222K(1056768K)]
 [Times: user=4.73 sys=0.03, real=3.10 secs] 
32.176: [GC concurrent-mark-abort]
32.683: [GC pause (G1 Evacuation Pause) (young)32.846: [SoftReference, 0 refs, 0.0000248 secs]32.846: [WeakReference, 531062 refs, 0.0553960 secs]32.901: [FinalReference, 0 refs, 0.0000071 secs]32.901: [PhantomReference, 0 refs, 0 refs, 0.0000041 secs]32.901: [JNI Weak Reference, 0.0000033 secs], 0.2189392 secs]
   [Parallel Time: 161.9 ms, GC Workers: 8]
      [GC Worker Start (ms): Min: 32683.2, Avg: 32683.2, Max: 32683.4, Diff: 0.2]
      [Ext Root Scanning (ms): Min: 0.0, Avg: 0.1, Max: 0.2, Diff: 0.2, Sum: 0.9]
      [Update RS (ms): Min: 21.8, Avg: 22.0, Max: 22.2, Diff: 0.4, Sum: 176.1]
         [Processed Buffers: Min: 44, Avg: 46.5, Max: 48, Diff: 4, Sum: 372]
      [Scan RS (ms): Min: 0.0, Avg: 0.0, Max: 0.1, Diff: 0.1, Sum: 0.1]
      [Code Root Scanning (ms): Min: 0.0, Avg: 0.0, Max: 0.0, Diff: 0.0, Sum: 0.0]
      [Object Copy (ms): Min: 139.3, Avg: 139.5, Max: 139.6, Diff: 0.3, Sum: 1115.8]
      [Termination (ms): Min: 0.1, Avg: 0.2, Max: 0.2, Diff: 0.1, Sum: 1.2]
         [Termination Attempts: Min: 199, Avg: 249.1, Max: 284, Diff: 85, Sum: 1993]
      [GC Worker Other (ms): Min: 0.0, Avg: 0.0, Max: 0.1, Diff: 0.0, Sum: 0.3]
      [GC Worker Total (ms): Min: 161.7, Avg: 161.8, Max: 161.9, Diff: 0.2, Sum: 1294.4]
      [GC Worker End (ms): Min: 32845.0, Avg: 32845.0, Max: 32845.0, Diff: 0.0]
   [Code Root Fixup: 0.0 ms]
   [Code Root Purge: 0.0 ms]
   [Clear CT: 0.2 ms]
   [Other: 56.8 ms]
      [Choose CSet: 0.0 ms]
      [Ref Proc: 56.1 ms]
      [Ref Enq: 0.0 ms]
      [Redirty Cards: 0.5 ms]
      [Humongous Register: 0.0 ms]
      [Humongous Reclaim: 0.0 ms]
      [Free CSet: 0.1 ms]
   [Eden: 150.0M(150.0M)->0.0B(83.0M) Survivors: 0.0B->19.0M Heap: 1723.1M(2048.0M)->1777.9M(2048.0M)]
 [Times: user=1.32 sys=0.00, real=0.22 secs] 
32.999: [GC pause (G1 Evacuation Pause) (young) (initial-mark)33.113: [SoftReference, 0 refs, 0.0000187 secs]33.113: [WeakReference, 290693 refs, 0.0298381 secs]33.143: [FinalReference, 0 refs, 0.0000071 secs]33.143: [PhantomReference, 0 refs, 0 refs, 0.0000043 secs]33.143: [JNI Weak Reference, 0.0000033 secs], 0.1442050 secs]
   [Parallel Time: 112.7 ms, GC Workers: 8]
      [GC Worker Start (ms): Min: 32999.4, Avg: 32999.6, Max: 32999.6, Diff: 0.2]
      [Ext Root Scanning (ms): Min: 0.0, Avg: 1.5, Max: 5.0, Diff: 5.0, Sum: 12.4]
      [Update RS (ms): Min: 10.3, Avg: 13.9, Max: 15.7, Diff: 5.4, Sum: 110.9]
         [Processed Buffers: Min: 23, Avg: 33.2, Max: 41, Diff: 18, Sum: 266]
      [Scan RS (ms): Min: 1.6, Avg: 2.1, Max: 2.2, Diff: 0.5, Sum: 16.4]
      [Code Root Scanning (ms): Min: 0.0, Avg: 0.0, Max: 0.0, Diff: 0.0, Sum: 0.0]
      [Object Copy (ms): Min: 94.9, Avg: 94.9, Max: 94.9, Diff: 0.0, Sum: 759.4]
      [Termination (ms): Min: 0.1, Avg: 0.1, Max: 0.1, Diff: 0.0, Sum: 0.6]
         [Termination Attempts: Min: 98, Avg: 115.9, Max: 132, Diff: 34, Sum: 927]
      [GC Worker Other (ms): Min: 0.0, Avg: 0.0, Max: 0.0, Diff: 0.0, Sum: 0.1]
      [GC Worker Total (ms): Min: 112.4, Avg: 112.5, Max: 112.6, Diff: 0.2, Sum: 899.9]
      [GC Worker End (ms): Min: 33112.0, Avg: 33112.0, Max: 33112.1, Diff: 0.0]
   [Code Root Fixup: 0.0 ms]
   [Code Root Purge: 0.0 ms]
   [Clear CT: 0.2 ms]
   [Other: 31.3 ms]
      [Choose CSet: 0.0 ms]
      [Ref Proc: 30.6 ms]
      [Ref Enq: 0.0 ms]
      [Redirty Cards: 0.4 ms]
      [Humongous Register: 0.0 ms]
      [Humongous Reclaim: 0.0 ms]
      [Free CSet: 0.1 ms]
   [Eden: 83.0M(83.0M)->0.0B(89.0M) Survivors: 19.0M->13.0M Heap: 1860.9M(2048.0M)->1861.1M(2048.0M)]
 [Times: user=0.90 sys=0.01, real=0.15 secs] 
33.144: [GC concurrent-root-region-scan-start]
33.174: [GC concurrent-root-region-scan-end, 0.0298333 secs]
33.174: [GC concurrent-mark-start]
33.266: [GC pause (G1 Evacuation Pause) (young)33.398: [SoftReference, 0 refs, 0.0000360 secs]33.398: [WeakReference, 238172 refs, 0.0262777 secs]33.424: [FinalReference, 0 refs, 0.0000068 secs]33.424: [PhantomReference, 0 refs, 0 refs, 0.0000041 secs]33.424: [JNI Weak Reference, 0.0000031 secs] (to-space exhausted), 0.1638594 secs]
   [Parallel Time: 129.4 ms, GC Workers: 8]
      [GC Worker Start (ms): Min: 33266.3, Avg: 33266.4, Max: 33266.4, Diff: 0.1]
      [Ext Root Scanning (ms): Min: 0.1, Avg: 0.1, Max: 0.2, Diff: 0.1, Sum: 0.9]
      [Update RS (ms): Min: 18.5, Avg: 19.1, Max: 19.6, Diff: 1.1, Sum: 152.8]
         [Processed Buffers: Min: 25, Avg: 35.5, Max: 40, Diff: 15, Sum: 284]
      [Scan RS (ms): Min: 1.1, Avg: 1.6, Max: 2.2, Diff: 1.1, Sum: 12.5]
      [Code Root Scanning (ms): Min: 0.0, Avg: 0.0, Max: 0.0, Diff: 0.0, Sum: 0.0]
      [Object Copy (ms): Min: 107.9, Avg: 108.0, Max: 108.2, Diff: 0.3, Sum: 864.1]
      [Termination (ms): Min: 0.1, Avg: 0.4, Max: 0.6, Diff: 0.5, Sum: 3.1]
         [Termination Attempts: Min: 163, Avg: 227.6, Max: 291, Diff: 128, Sum: 1821]
      [GC Worker Other (ms): Min: 0.0, Avg: 0.0, Max: 0.0, Diff: 0.0, Sum: 0.1]
      [GC Worker Total (ms): Min: 129.1, Avg: 129.2, Max: 129.3, Diff: 0.1, Sum: 1033.5]
      [GC Worker End (ms): Min: 33395.5, Avg: 33395.6, Max: 33395.7, Diff: 0.2]
   [Code Root Fixup: 0.0 ms]
   [Code Root Purge: 0.0 ms]
   [Clear CT: 0.1 ms]
   [Other: 34.3 ms]
      [Evacuation Failure: 5.5 ms]
      [Choose CSet: 0.0 ms]
      [Ref Proc: 28.2 ms]
      [Ref Enq: 0.0 ms]
      [Redirty Cards: 0.5 ms]
      [Humongous Register: 0.0 ms]
      [Humongous Reclaim: 0.0 ms]
      [Free CSet: 0.1 ms]
   [Eden: 89.0M(89.0M)->0.0B(89.0M) Survivors: 13.0M->13.0M Heap: 1950.1M(2048.0M)->1956.1M(2048.0M)]
 [Times: user=0.94 sys=0.00, real=0.17 secs] 
33.589: [GC pause (G1 Evacuation Pause) (young)34.264: [SoftReference, 0 refs, 0.0000463 secs]34.264: [WeakReference, 0 refs, 0.0000075 secs]34.264: [FinalReference, 0 refs, 0.0000027 secs]34.264: [PhantomReference, 0 refs, 0 refs, 0.0000029 secs]34.264: [JNI Weak Reference, 0.0000026 secs] (to-space exhausted), 0.7135394 secs]
   [Parallel Time: 670.6 ms, GC Workers: 8]
      [GC Worker Start (ms): Min: 33589.0, Avg: 33592.4, Max: 33599.1, Diff: 10.1]
      [Ext Root Scanning (ms): Min: 0.0, Avg: 0.1, Max: 0.2, Diff: 0.2, Sum: 0.7]
      [Update RS (ms): Min: 8.2, Avg: 14.7, Max: 18.1, Diff: 9.9, Sum: 117.7]
         [Processed Buffers: Min: 21, Avg: 39.0, Max: 48, Diff: 27, Sum: 312]
      [Scan RS (ms): Min: 1.2, Avg: 1.3, Max: 1.4, Diff: 0.1, Sum: 10.4]
      [Code Root Scanning (ms): Min: 0.0, Avg: 0.0, Max: 0.0, Diff: 0.0, Sum: 0.0]
      [Object Copy (ms): Min: 651.0, Avg: 651.0, Max: 651.1, Diff: 0.1, Sum: 5208.3]
      [Termination (ms): Min: 0.0, Avg: 0.0, Max: 0.0, Diff: 0.0, Sum: 0.2]
         [Termination Attempts: Min: 1, Avg: 1.0, Max: 1, Diff: 0, Sum: 8]
      [GC Worker Other (ms): Min: 0.0, Avg: 0.0, Max: 0.0, Diff: 0.0, Sum: 0.1]
      [GC Worker Total (ms): Min: 660.5, Avg: 667.2, Max: 670.6, Diff: 10.1, Sum: 5337.4]
      [GC Worker End (ms): Min: 34259.6, Avg: 34259.6, Max: 34259.6, Diff: 0.0]
   [Code Root Fixup: 0.0 ms]
   [Code Root Purge: 0.0 ms]
   [Clear CT: 0.1 ms]
   [Other: 42.8 ms]
      [Evacuation Failure: 38.3 ms]
      [Choose CSet: 0.0 ms]
      [Ref Proc: 4.1 ms]
      [Ref Enq: 0.0 ms]
      [Redirty Cards: 0.2 ms]
      [Humongous Register: 0.0 ms]
      [Humongous Reclaim: 0.0 ms]
      [Free CSet: 0.0 ms]
   [Eden: 89.0M(89.0M)->0.0B(101.0M) Survivors: 13.0M->1024.0K Heap: 2045.1M(2048.0M)->2046.1M(2048.0M)]
 [Times: user=1.11 sys=0.06, real=0.72 secs] 
34.303: [GC pause (G1 Evacuation Pause) (young)34.324: [SoftReference, 0 refs, 0.0000181 secs]34.324: [WeakReference, 0 refs, 0.0000030 secs]34.324: [FinalReference, 0 refs, 0.0000026 secs]34.324: [PhantomReference, 0 refs, 0 refs, 0.0000030 secs]34.324: [JNI Weak Reference, 0.0000026 secs] (to-space exhausted), 0.0221985 secs]
   [Parallel Time: 17.3 ms, GC Workers: 8]
      [GC Worker Start (ms): Min: 34302.8, Avg: 34302.9, Max: 34303.3, Diff: 0.5]
      [Ext Root Scanning (ms): Min: 0.0, Avg: 0.1, Max: 0.2, Diff: 0.2, Sum: 0.6]
      [Update RS (ms): Min: 9.6, Avg: 10.0, Max: 10.7, Diff: 1.0, Sum: 79.8]
         [Processed Buffers: Min: 12, Avg: 14.5, Max: 17, Diff: 5, Sum: 116]
      [Scan RS (ms): Min: 0.0, Avg: 0.0, Max: 0.0, Diff: 0.0, Sum: 0.0]
      [Code Root Scanning (ms): Min: 0.0, Avg: 0.0, Max: 0.0, Diff: 0.0, Sum: 0.0]
      [Object Copy (ms): Min: 0.0, Avg: 1.8, Max: 7.3, Diff: 7.3, Sum: 14.6]
      [Termination (ms): Min: 0.0, Avg: 5.2, Max: 7.2, Diff: 7.2, Sum: 41.7]
         [Termination Attempts: Min: 1, Avg: 1.0, Max: 1, Diff: 0, Sum: 8]
      [GC Worker Other (ms): Min: 0.0, Avg: 0.0, Max: 0.0, Diff: 0.0, Sum: 0.1]
      [GC Worker Total (ms): Min: 16.7, Avg: 17.1, Max: 17.2, Diff: 0.5, Sum: 136.7]
      [GC Worker End (ms): Min: 34320.0, Avg: 34320.0, Max: 34320.0, Diff: 0.0]
   [Code Root Fixup: 0.0 ms]
   [Code Root Purge: 0.0 ms]
   [Clear CT: 0.1 ms]
   [Other: 4.8 ms]
      [Evacuation Failure: 1.1 ms]
      [Choose CSet: 0.0 ms]
      [Ref Proc: 3.6 ms]
      [Ref Enq: 0.0 ms]
      [Redirty Cards: 0.1 ms]
      [Humongous Register: 0.0 ms]
      [Humongous Reclaim: 0.0 ms]
      [Free CSet: 0.0 ms]
   [Eden: 0.0B(101.0M)->0.0B(102.0M) Survivors: 1024.0K->0.0B Heap: 2046.1M(2048.0M)->2046.1M(2048.0M)]
 [Times: user=0.16 sys=0.01, real=0.02 secs] 
34.325: [Full GC (Allocation Failure) 34.733: [SoftReference, 0 refs, 0.0000240 secs]34.733: [WeakReference, 0 refs, 0.0000037 secs]34.733: [FinalReference, 2 refs, 0.0000038 secs]34.733: [PhantomReference, 0 refs, 0 refs, 0.0000037 secs]34.733: [JNI Weak Reference, 0.0000029 secs] 2046M->472M(1575M), 1.3503526 secs]
   [Eden: 0.0B(102.0M)->0.0B(183.0M) Survivors: 0.0B->0.0B Heap: 2046.1M(2048.0M)->472.3M(1575.0M)], [Metaspace: 3222K->3222K(1056768K)]
 [Times: user=1.94 sys=0.04, real=1.35 secs] 
35.676: [GC concurrent-mark-abort]
35.867: [GC pause (G1 Evacuation Pause) (young)36.035: [SoftReference, 0 refs, 0.0000595 secs]36.035: [WeakReference, 0 refs, 0.0000029 secs]36.035: [FinalReference, 0 refs, 0.0000024 secs]36.035: [PhantomReference, 0 refs, 0 refs, 0.0000028 secs]36.035: [JNI Weak Reference, 0.0000025 secs], 0.1700790 secs]
   [Parallel Time: 167.7 ms, GC Workers: 8]
      [GC Worker Start (ms): Min: 35867.1, Avg: 35867.2, Max: 35867.2, Diff: 0.1]
      [Ext Root Scanning (ms): Min: 0.1, Avg: 0.2, Max: 0.4, Diff: 0.3, Sum: 1.2]
      [Update RS (ms): Min: 0.0, Avg: 0.0, Max: 0.0, Diff: 0.0, Sum: 0.0]
         [Processed Buffers: Min: 0, Avg: 0.1, Max: 1, Diff: 1, Sum: 1]
      [Scan RS (ms): Min: 0.0, Avg: 0.0, Max: 0.0, Diff: 0.0, Sum: 0.2]
      [Code Root Scanning (ms): Min: 0.0, Avg: 0.0, Max: 0.0, Diff: 0.0, Sum: 0.0]
      [Object Copy (ms): Min: 166.5, Avg: 166.9, Max: 167.0, Diff: 0.5, Sum: 1335.0]
      [Termination (ms): Min: 0.3, Avg: 0.5, Max: 0.7, Diff: 0.4, Sum: 4.1]
         [Termination Attempts: Min: 349, Avg: 394.8, Max: 457, Diff: 108, Sum: 3158]
      [GC Worker Other (ms): Min: 0.0, Avg: 0.0, Max: 0.0, Diff: 0.0, Sum: 0.1]
      [GC Worker Total (ms): Min: 167.5, Avg: 167.6, Max: 167.6, Diff: 0.2, Sum: 1340.6]
      [GC Worker End (ms): Min: 36034.7, Avg: 36034.8, Max: 36034.8, Diff: 0.1]
   [Code Root Fixup: 0.0 ms]
   [Code Root Purge: 0.0 ms]
   [Clear CT: 0.2 ms]
   [Other: 2.2 ms]
      [Choose CSet: 0.0 ms]
      [Ref Proc: 0.6 ms]
      [Ref Enq: 0.0 ms]
      [Redirty Cards: 0.7 ms]
      [Humongous Register: 0.0 ms]
      [Humongous Reclaim: 0.0 ms]
      [Free CSet: 0.1 ms]
   [Eden: 183.0M(183.0M)->0.0B(136.0M) Survivors: 0.0B->23.0M Heap: 655.3M(1575.0M)->657.8M(1670.0M)]
 [Times: user=1.27 sys=0.00, real=0.17 secs] 
36.246: [GC pause (G1 Evacuation Pause) (young)36.394: [SoftReference, 0 refs, 0.0000214 secs]36.394: [WeakReference, 0 refs, 0.0000029 secs]36.394: [FinalReference, 0 refs, 0.0000026 secs]36.394: [PhantomReference, 0 refs, 0 refs, 0.0000031 secs]36.394: [JNI Weak Reference, 0.0000027 secs], 0.1496940 secs]
   [Parallel Time: 147.7 ms, GC Workers: 8]
      [GC Worker Start (ms): Min: 36245.8, Avg: 36245.9, Max: 36245.9, Diff: 0.1]
      [Ext Root Scanning (ms): Min: 0.1, Avg: 0.1, Max: 0.2, Diff: 0.1, Sum: 0.8]
      [Update RS (ms): Min: 17.5, Avg: 17.5, Max: 17.6, Diff: 0.1, Sum: 140.3]
         [Processed Buffers: Min: 41, Avg: 42.9, Max: 44, Diff: 3, Sum: 343]
      [Scan RS (ms): Min: 0.1, Avg: 0.1, Max: 0.2, Diff: 0.1, Sum: 0.8]
      [Code Root Scanning (ms): Min: 0.0, Avg: 0.0, Max: 0.0, Diff: 0.0, Sum: 0.0]
      [Object Copy (ms): Min: 129.5, Avg: 129.6, Max: 129.6, Diff: 0.1, Sum: 1036.5]
      [Termination (ms): Min: 0.1, Avg: 0.2, Max: 0.2, Diff: 0.0, Sum: 1.2]
         [Termination Attempts: Min: 199, Avg: 249.8, Max: 284, Diff: 85, Sum: 1998]
      [GC Worker Other (ms): Min: 0.0, Avg: 0.0, Max: 0.1, Diff: 0.0, Sum: 0.3]
      [GC Worker Total (ms): Min: 147.4, Avg: 147.5, Max: 147.6, Diff: 0.1, Sum: 1180.0]
      [GC Worker End (ms): Min: 36393.4, Avg: 36393.4, Max: 36393.4, Diff: 0.0]
   [Code Root Fixup: 0.0 ms]
   [Code Root Purge: 0.0 ms]
   [Clear CT: 0.1 ms]
   [Other: 1.9 ms]
      [Choose CSet: 0.0 ms]
      [Ref Proc: 0.8 ms]
      [Ref Enq: 0.0 ms]
      [Redirty Cards: 0.4 ms]
      [Humongous Register: 0.0 ms]
      [Humongous Reclaim: 0.0 ms]
      [Free CSet: 0.1 ms]
   [Eden: 136.0M(136.0M)->0.0B(141.0M) Survivors: 23.0M->20.0M Heap: 793.8M(1670.0M)->795.3M(1746.0M)]
 [Times: user=1.15 sys=0.00, real=0.15 secs] 
36.579: [GC pause (G1 Evacuation Pause) (young)36.743: [SoftReference, 0 refs, 0.0000197 secs]36.743: [WeakReference, 0 refs, 0.0000030 secs]36.743: [FinalReference, 0 refs, 0.0000025 secs]36.743: [PhantomReference, 0 refs, 0 refs, 0.0000030 secs]36.743: [JNI Weak Reference, 0.0000028 secs], 0.1658351 secs]
   [Parallel Time: 164.0 ms, GC Workers: 8]
      [GC Worker Start (ms): Min: 36578.6, Avg: 36581.6, Max: 36588.8, Diff: 10.1]
      [Ext Root Scanning (ms): Min: 0.0, Avg: 0.1, Max: 0.2, Diff: 0.2, Sum: 0.5]
      [Update RS (ms): Min: 14.2, Avg: 21.3, Max: 24.2, Diff: 10.0, Sum: 170.7]
         [Processed Buffers: Min: 35, Avg: 47.1, Max: 58, Diff: 23, Sum: 377]
      [Scan RS (ms): Min: 0.3, Avg: 0.4, Max: 0.5, Diff: 0.1, Sum: 3.2]
      [Code Root Scanning (ms): Min: 0.0, Avg: 0.0, Max: 0.0, Diff: 0.0, Sum: 0.0]
      [Object Copy (ms): Min: 138.1, Avg: 138.2, Max: 138.7, Diff: 0.7, Sum: 1105.5]
      [Termination (ms): Min: 0.2, Avg: 0.8, Max: 1.0, Diff: 0.8, Sum: 6.5]
         [Termination Attempts: Min: 257, Avg: 326.0, Max: 384, Diff: 127, Sum: 2608]
      [GC Worker Other (ms): Min: 0.0, Avg: 0.0, Max: 0.0, Diff: 0.0, Sum: 0.1]
      [GC Worker Total (ms): Min: 153.6, Avg: 160.8, Max: 163.7, Diff: 10.2, Sum: 1286.6]
      [GC Worker End (ms): Min: 36742.3, Avg: 36742.4, Max: 36742.5, Diff: 0.1]
   [Code Root Fixup: 0.0 ms]
   [Code Root Purge: 0.0 ms]
   [Clear CT: 0.1 ms]
   [Other: 1.7 ms]
      [Choose CSet: 0.0 ms]
      [Ref Proc: 0.7 ms]
      [Ref Enq: 0.0 ms]
      [Redirty Cards: 0.4 ms]
      [Humongous Register: 0.0 ms]
      [Humongous Reclaim: 0.0 ms]
      [Free CSet: 0.1 ms]
   [Eden: 141.0M(141.0M)->0.0B(143.0M) Survivors: 20.0M->21.0M Heap: 936.3M(1746.0M)->938.8M(1807.0M)]
 [Times: user=1.19 sys=0.00, real=0.17 secs] 
36.937: [GC pause (G1 Evacuation Pause) (young) (initial-mark)37.100: [SoftReference, 0 refs, 0.0000372 secs]37.100: [WeakReference, 0 refs, 0.0000215 secs]37.100: [FinalReference, 0 refs, 0.0000027 secs]37.100: [PhantomReference, 0 refs, 0 refs, 0.0000029 secs]37.100: [JNI Weak Reference, 0.0000029 secs], 0.1642938 secs]
   [Parallel Time: 162.3 ms, GC Workers: 8]
      [GC Worker Start (ms): Min: 36937.1, Avg: 36937.2, Max: 36937.3, Diff: 0.2]
      [Ext Root Scanning (ms): Min: 0.0, Avg: 1.3, Max: 2.5, Diff: 2.5, Sum: 10.6]
      [Update RS (ms): Min: 17.2, Avg: 18.4, Max: 19.7, Diff: 2.5, Sum: 147.1]
         [Processed Buffers: Min: 38, Avg: 42.4, Max: 47, Diff: 9, Sum: 339]
      [Scan RS (ms): Min: 0.4, Avg: 0.4, Max: 0.5, Diff: 0.1, Sum: 3.4]
      [Code Root Scanning (ms): Min: 0.0, Avg: 0.0, Max: 0.0, Diff: 0.0, Sum: 0.0]
      [Object Copy (ms): Min: 130.9, Avg: 139.6, Max: 141.5, Diff: 10.6, Sum: 1116.5]
      [Termination (ms): Min: 0.4, Avg: 2.4, Max: 11.0, Diff: 10.6, Sum: 19.0]
         [Termination Attempts: Min: 288, Avg: 396.0, Max: 479, Diff: 191, Sum: 3168]
      [GC Worker Other (ms): Min: 0.0, Avg: 0.0, Max: 0.0, Diff: 0.0, Sum: 0.1]
      [GC Worker Total (ms): Min: 162.0, Avg: 162.1, Max: 162.2, Diff: 0.2, Sum: 1296.7]
      [GC Worker End (ms): Min: 37099.3, Avg: 37099.3, Max: 37099.3, Diff: 0.0]
   [Code Root Fixup: 0.0 ms]
   [Code Root Purge: 0.0 ms]
   [Clear CT: 0.2 ms]
   [Other: 1.8 ms]
      [Choose CSet: 0.0 ms]
      [Ref Proc: 0.8 ms]
      [Ref Enq: 0.0 ms]
      [Redirty Cards: 0.4 ms]
      [Humongous Register: 0.0 ms]
      [Humongous Reclaim: 0.0 ms]
      [Free CSet: 0.1 ms]
   [Eden: 143.0M(143.0M)->0.0B(151.0M) Survivors: 21.0M->21.0M Heap: 1081.8M(1807.0M)->1083.3M(1856.0M)]
 [Times: user=1.20 sys=0.00, real=0.17 secs] 
37.101: [GC concurrent-root-region-scan-start]
37.114: [GC concurrent-root-region-scan-end, 0.0126799 secs]
37.114: [GC concurrent-mark-start]
37.329: [GC pause (G1 Evacuation Pause) (young)37.502: [SoftReference, 0 refs, 0.0000226 secs]37.502: [WeakReference, 0 refs, 0.0000033 secs]37.502: [FinalReference, 0 refs, 0.0000029 secs]37.502: [PhantomReference, 0 refs, 0 refs, 0.0000032 secs]37.502: [JNI Weak Reference, 0.0000028 secs], 0.1741898 secs]
   [Parallel Time: 172.7 ms, GC Workers: 8]
      [GC Worker Start (ms): Min: 37329.4, Avg: 37329.4, Max: 37329.5, Diff: 0.1]
      [Ext Root Scanning (ms): Min: 0.0, Avg: 0.1, Max: 0.2, Diff: 0.1, Sum: 0.7]
      [Update RS (ms): Min: 19.9, Avg: 20.0, Max: 20.0, Diff: 0.1, Sum: 159.6]
         [Processed Buffers: Min: 43, Avg: 46.5, Max: 49, Diff: 6, Sum: 372]
      [Scan RS (ms): Min: 0.3, Avg: 0.4, Max: 0.4, Diff: 0.1, Sum: 2.9]
      [Code Root Scanning (ms): Min: 0.0, Avg: 0.0, Max: 0.0, Diff: 0.0, Sum: 0.0]
      [Object Copy (ms): Min: 151.7, Avg: 151.8, Max: 151.9, Diff: 0.1, Sum: 1214.4]
      [Termination (ms): Min: 0.3, Avg: 0.4, Max: 0.4, Diff: 0.2, Sum: 2.9]
         [Termination Attempts: Min: 316, Avg: 359.0, Max: 385, Diff: 69, Sum: 2872]
      [GC Worker Other (ms): Min: 0.0, Avg: 0.0, Max: 0.1, Diff: 0.0, Sum: 0.3]
      [GC Worker Total (ms): Min: 172.5, Avg: 172.6, Max: 172.7, Diff: 0.2, Sum: 1380.8]
      [GC Worker End (ms): Min: 37502.0, Avg: 37502.0, Max: 37502.1, Diff: 0.0]
   [Code Root Fixup: 0.0 ms]
   [Code Root Purge: 0.0 ms]
   [Clear CT: 0.1 ms]
   [Other: 1.3 ms]
      [Choose CSet: 0.0 ms]
      [Ref Proc: 0.3 ms]
      [Ref Enq: 0.0 ms]
      [Redirty Cards: 0.5 ms]
      [Humongous Register: 0.0 ms]
      [Humongous Reclaim: 0.0 ms]
      [Free CSet: 0.1 ms]
   [Eden: 151.0M(151.0M)->0.0B(153.0M) Survivors: 21.0M->22.0M Heap: 1234.3M(1856.0M)->1235.8M(1895.0M)]
 [Times: user=1.32 sys=0.01, real=0.18 secs] 
37.787: [GC pause (G1 Evacuation Pause) (young)37.964: [SoftReference, 0 refs, 0.0000178 secs]37.964: [WeakReference, 0 refs, 0.0000031 secs]37.964: [FinalReference, 0 refs, 0.0000028 secs]37.964: [PhantomReference, 0 refs, 0 refs, 0.0000030 secs]37.964: [JNI Weak Reference, 0.0000027 secs], 0.1788224 secs]
   [Parallel Time: 177.1 ms, GC Workers: 8]
      [GC Worker Start (ms): Min: 37786.7, Avg: 37786.7, Max: 37786.8, Diff: 0.1]
      [Ext Root Scanning (ms): Min: 0.1, Avg: 0.1, Max: 0.2, Diff: 0.1, Sum: 0.9]
      [Update RS (ms): Min: 20.3, Avg: 20.4, Max: 20.5, Diff: 0.1, Sum: 163.3]
         [Processed Buffers: Min: 49, Avg: 51.0, Max: 53, Diff: 4, Sum: 408]
      [Scan RS (ms): Min: 0.3, Avg: 0.4, Max: 0.5, Diff: 0.2, Sum: 3.2]
      [Code Root Scanning (ms): Min: 0.0, Avg: 0.0, Max: 0.0, Diff: 0.0, Sum: 0.0]
      [Object Copy (ms): Min: 155.8, Avg: 155.8, Max: 155.9, Diff: 0.2, Sum: 1246.6]
      [Termination (ms): Min: 0.1, Avg: 0.2, Max: 0.3, Diff: 0.2, Sum: 1.8]
         [Termination Attempts: Min: 228, Avg: 310.0, Max: 344, Diff: 116, Sum: 2480]
      [GC Worker Other (ms): Min: 0.0, Avg: 0.0, Max: 0.1, Diff: 0.0, Sum: 0.3]
      [GC Worker Total (ms): Min: 177.0, Avg: 177.0, Max: 177.0, Diff: 0.1, Sum: 1416.1]
      [GC Worker End (ms): Min: 37963.7, Avg: 37963.7, Max: 37963.8, Diff: 0.1]
   [Code Root Fixup: 0.0 ms]
   [Code Root Purge: 0.0 ms]
   [Clear CT: 0.1 ms]
   [Other: 1.6 ms]
      [Choose CSet: 0.0 ms]
      [Ref Proc: 0.5 ms]
      [Ref Enq: 0.0 ms]
      [Redirty Cards: 0.7 ms]
      [Humongous Register: 0.0 ms]
      [Humongous Reclaim: 0.0 ms]
      [Free CSet: 0.1 ms]
   [Eden: 153.0M(153.0M)->0.0B(157.0M) Survivors: 22.0M->22.0M Heap: 1388.8M(1895.0M)->1390.8M(1926.0M)]
 [Times: user=1.40 sys=0.00, real=0.18 secs] 
38.239: [GC pause (G1 Evacuation Pause) (young)38.422: [SoftReference, 0 refs, 0.0000296 secs]38.422: [WeakReference, 0 refs, 0.0000044 secs]38.422: [FinalReference, 0 refs, 0.0000034 secs]38.422: [PhantomReference, 0 refs, 0 refs, 0.0000041 secs]38.422: [JNI Weak Reference, 0.0000034 secs], 0.1835127 secs]
   [Parallel Time: 181.7 ms, GC Workers: 8]
      [GC Worker Start (ms): Min: 38239.5, Avg: 38239.6, Max: 38239.6, Diff: 0.1]
      [Ext Root Scanning (ms): Min: 0.1, Avg: 0.1, Max: 0.2, Diff: 0.1, Sum: 0.9]
      [Update RS (ms): Min: 21.6, Avg: 22.5, Max: 28.2, Diff: 6.5, Sum: 180.0]
         [Processed Buffers: Min: 36, Avg: 45.9, Max: 50, Diff: 14, Sum: 367]
      [Scan RS (ms): Min: 0.0, Avg: 0.4, Max: 0.5, Diff: 0.5, Sum: 2.9]
      [Code Root Scanning (ms): Min: 0.0, Avg: 0.0, Max: 0.0, Diff: 0.0, Sum: 0.0]
      [Object Copy (ms): Min: 153.0, Avg: 158.4, Max: 159.2, Diff: 6.1, Sum: 1266.8]
      [Termination (ms): Min: 0.2, Avg: 0.2, Max: 0.2, Diff: 0.0, Sum: 1.7]
         [Termination Attempts: Min: 264, Avg: 309.4, Max: 337, Diff: 73, Sum: 2475]
      [GC Worker Other (ms): Min: 0.0, Avg: 0.0, Max: 0.1, Diff: 0.0, Sum: 0.3]
      [GC Worker Total (ms): Min: 181.5, Avg: 181.6, Max: 181.7, Diff: 0.1, Sum: 1452.7]
      [GC Worker End (ms): Min: 38421.2, Avg: 38421.2, Max: 38421.2, Diff: 0.0]
   [Code Root Fixup: 0.0 ms]
   [Code Root Purge: 0.0 ms]
   [Clear CT: 0.1 ms]
   [Other: 1.7 ms]
      [Choose CSet: 0.0 ms]
      [Ref Proc: 0.7 ms]
      [Ref Enq: 0.0 ms]
      [Redirty Cards: 0.5 ms]
      [Humongous Register: 0.0 ms]
      [Humongous Reclaim: 0.0 ms]
      [Free CSet: 0.1 ms]
   [Eden: 157.0M(157.0M)->0.0B(101.0M) Survivors: 22.0M->23.0M Heap: 1547.8M(1926.0M)->1549.8M(1951.0M)]
 [Times: user=1.40 sys=0.00, real=0.18 secs] 
38.601: [GC pause (G1 Evacuation Pause) (young)38.732: [SoftReference, 0 refs, 0.0000265 secs]38.732: [WeakReference, 0 refs, 0.0000031 secs]38.732: [FinalReference, 0 refs, 0.0000025 secs]38.732: [PhantomReference, 0 refs, 0 refs, 0.0000029 secs]38.732: [JNI Weak Reference, 0.0000026 secs], 0.1319995 secs]
   [Parallel Time: 130.4 ms, GC Workers: 8]
      [GC Worker Start (ms): Min: 38600.6, Avg: 38600.7, Max: 38600.7, Diff: 0.1]
      [Ext Root Scanning (ms): Min: 0.1, Avg: 0.1, Max: 0.2, Diff: 0.1, Sum: 1.0]
      [Update RS (ms): Min: 18.5, Avg: 18.6, Max: 18.6, Diff: 0.1, Sum: 148.5]
         [Processed Buffers: Min: 40, Avg: 41.2, Max: 42, Diff: 2, Sum: 330]
      [Scan RS (ms): Min: 0.3, Avg: 0.4, Max: 0.5, Diff: 0.2, Sum: 3.1]
      [Code Root Scanning (ms): Min: 0.0, Avg: 0.0, Max: 0.0, Diff: 0.0, Sum: 0.0]
      [Object Copy (ms): Min: 110.8, Avg: 111.0, Max: 111.1, Diff: 0.3, Sum: 888.0]
      [Termination (ms): Min: 0.1, Avg: 0.2, Max: 0.4, Diff: 0.3, Sum: 1.3]
         [Termination Attempts: Min: 171, Avg: 192.2, Max: 211, Diff: 40, Sum: 1538]
      [GC Worker Other (ms): Min: 0.0, Avg: 0.0, Max: 0.1, Diff: 0.1, Sum: 0.3]
      [GC Worker Total (ms): Min: 130.2, Avg: 130.3, Max: 130.4, Diff: 0.1, Sum: 1042.1]
      [GC Worker End (ms): Min: 38730.9, Avg: 38731.0, Max: 38731.0, Diff: 0.1]
   [Code Root Fixup: 0.0 ms]
   [Code Root Purge: 0.0 ms]
   [Clear CT: 0.2 ms]
   [Other: 1.4 ms]
      [Choose CSet: 0.0 ms]
      [Ref Proc: 0.7 ms]
      [Ref Enq: 0.0 ms]
      [Redirty Cards: 0.4 ms]
      [Humongous Register: 0.0 ms]
      [Humongous Reclaim: 0.0 ms]
      [Free CSet: 0.0 ms]
   [Eden: 101.0M(101.0M)->0.0B(82.0M) Survivors: 23.0M->16.0M Heap: 1650.8M(1951.0M)->1652.8M(1971.0M)]
 [Times: user=1.04 sys=0.00, real=0.13 secs] 
38.764: [GC concurrent-mark-end, 1.6499425 secs]
38.764: [GC remark 38.764: [Finalize Marking, 0.0006763 secs] 38.765: [GC ref-proc38.765: [SoftReference, 0 refs, 0.0000110 secs]38.765: [WeakReference, 0 refs, 0.0000070 secs]38.765: [FinalReference, 33 refs, 0.0000105 secs]38.765: [PhantomReference, 0 refs, 0 refs, 0.0000119 secs]38.765: [JNI Weak Reference, 0.0000029 secs], 0.0000585 secs] 38.765: [Unloading, 0.0005307 secs], 0.0044155 secs]
 [Times: user=0.03 sys=0.00, real=0.00 secs] 
38.769: [GC cleanup 1671M->1620M(1971M), 0.0019204 secs]
 [Times: user=0.01 sys=0.00, real=0.01 secs] 
38.771: [GC concurrent-cleanup-start]
38.771: [GC concurrent-cleanup-end, 0.0000236 secs]
38.835: [GC pause (G1 Evacuation Pause) (young)38.950: [SoftReference, 0 refs, 0.0000365 secs]38.950: [WeakReference, 0 refs, 0.0000056 secs]38.950: [FinalReference, 0 refs, 0.0000044 secs]38.951: [PhantomReference, 0 refs, 0 refs, 0.0000051 secs]38.951: [JNI Weak Reference, 0.0000043 secs], 0.1160544 secs]
   [Parallel Time: 114.8 ms, GC Workers: 8]
      [GC Worker Start (ms): Min: 38835.2, Avg: 38835.9, Max: 38836.9, Diff: 1.7]
      [Ext Root Scanning (ms): Min: 0.0, Avg: 0.1, Max: 0.2, Diff: 0.2, Sum: 0.8]
      [Update RS (ms): Min: 25.2, Avg: 26.8, Max: 31.6, Diff: 6.5, Sum: 214.1]
         [Processed Buffers: Min: 51, Avg: 57.2, Max: 63, Diff: 12, Sum: 458]
      [Scan RS (ms): Min: 0.0, Avg: 0.5, Max: 0.7, Diff: 0.7, Sum: 4.3]
      [Code Root Scanning (ms): Min: 0.0, Avg: 0.0, Max: 0.0, Diff: 0.0, Sum: 0.0]
      [Object Copy (ms): Min: 82.6, Avg: 86.3, Max: 87.1, Diff: 4.5, Sum: 690.1]
      [Termination (ms): Min: 0.1, Avg: 0.4, Max: 0.5, Diff: 0.4, Sum: 3.0]
         [Termination Attempts: Min: 135, Avg: 279.6, Max: 334, Diff: 199, Sum: 2237]
      [GC Worker Other (ms): Min: 0.0, Avg: 0.0, Max: 0.1, Diff: 0.0, Sum: 0.2]
      [GC Worker Total (ms): Min: 113.0, Avg: 114.1, Max: 114.7, Diff: 1.7, Sum: 912.4]
      [GC Worker End (ms): Min: 38949.9, Avg: 38949.9, Max: 38949.9, Diff: 0.0]
   [Code Root Fixup: 0.0 ms]
   [Code Root Purge: 0.0 ms]
   [Clear CT: 0.1 ms]
   [Other: 1.1 ms]
      [Choose CSet: 0.0 ms]
      [Ref Proc: 0.5 ms]
      [Ref Enq: 0.0 ms]
      [Redirty Cards: 0.3 ms]
      [Humongous Register: 0.0 ms]
      [Humongous Reclaim: 0.0 ms]
      [Free CSet: 0.1 ms]
   [Eden: 82.0M(82.0M)->0.0B(86.0M) Survivors: 16.0M->13.0M Heap: 1683.8M(1971.0M)->1685.3M(1987.0M)]
 [Times: user=0.86 sys=0.01, real=0.12 secs] 
39.049: [GC pause (G1 Evacuation Pause) (young)39.153: [SoftReference, 0 refs, 0.0000243 secs]39.153: [WeakReference, 0 refs, 0.0000030 secs]39.153: [FinalReference, 0 refs, 0.0000026 secs]39.153: [PhantomReference, 0 refs, 0 refs, 0.0000028 secs]39.153: [JNI Weak Reference, 0.0000026 secs], 0.1044477 secs]
   [Parallel Time: 103.1 ms, GC Workers: 8]
      [GC Worker Start (ms): Min: 39049.2, Avg: 39049.6, Max: 39051.3, Diff: 2.0]
      [Ext Root Scanning (ms): Min: 0.0, Avg: 0.1, Max: 0.2, Diff: 0.2, Sum: 0.8]
      [Update RS (ms): Min: 16.9, Avg: 18.5, Max: 18.9, Diff: 2.0, Sum: 148.1]
         [Processed Buffers: Min: 38, Avg: 40.6, Max: 44, Diff: 6, Sum: 325]
      [Scan RS (ms): Min: 0.3, Avg: 0.4, Max: 0.6, Diff: 0.3, Sum: 3.5]
      [Code Root Scanning (ms): Min: 0.0, Avg: 0.0, Max: 0.0, Diff: 0.0, Sum: 0.0]
      [Object Copy (ms): Min: 83.4, Avg: 83.5, Max: 83.5, Diff: 0.1, Sum: 667.6]
      [Termination (ms): Min: 0.1, Avg: 0.1, Max: 0.1, Diff: 0.0, Sum: 0.7]
         [Termination Attempts: Min: 116, Avg: 141.8, Max: 156, Diff: 40, Sum: 1134]
      [GC Worker Other (ms): Min: 0.0, Avg: 0.0, Max: 0.1, Diff: 0.0, Sum: 0.2]
      [GC Worker Total (ms): Min: 100.9, Avg: 102.6, Max: 103.0, Diff: 2.0, Sum: 821.0]
      [GC Worker End (ms): Min: 39152.2, Avg: 39152.2, Max: 39152.2, Diff: 0.0]
   [Code Root Fixup: 0.0 ms]
   [Code Root Purge: 0.0 ms]
   [Clear CT: 0.1 ms]
   [Other: 1.3 ms]
      [Choose CSet: 0.0 ms]
      [Ref Proc: 0.7 ms]
      [Ref Enq: 0.0 ms]
      [Redirty Cards: 0.4 ms]
      [Humongous Register: 0.0 ms]
      [Humongous Reclaim: 0.0 ms]
      [Free CSet: 0.0 ms]
   [Eden: 86.0M(86.0M)->0.0B(87.0M) Survivors: 13.0M->13.0M Heap: 1771.3M(1987.0M)->1773.8M(2000.0M)]
 [Times: user=0.80 sys=0.00, real=0.11 secs] 
39.252: [GC pause (G1 Evacuation Pause) (young) (initial-mark)39.372: [SoftReference, 0 refs, 0.0000246 secs]39.372: [WeakReference, 0 refs, 0.0000030 secs]39.372: [FinalReference, 0 refs, 0.0000027 secs]39.372: [PhantomReference, 0 refs, 0 refs, 0.0000029 secs]39.372: [JNI Weak Reference, 0.0000026 secs], 0.1208471 secs]
   [Parallel Time: 119.2 ms, GC Workers: 8]
      [GC Worker Start (ms): Min: 39252.6, Avg: 39252.7, Max: 39252.8, Diff: 0.2]
      [Ext Root Scanning (ms): Min: 0.0, Avg: 0.5, Max: 1.1, Diff: 1.1, Sum: 3.8]
      [Update RS (ms): Min: 31.4, Avg: 32.0, Max: 32.4, Diff: 1.0, Sum: 256.0]
         [Processed Buffers: Min: 63, Avg: 66.0, Max: 70, Diff: 7, Sum: 528]
      [Scan RS (ms): Min: 0.0, Avg: 0.0, Max: 0.0, Diff: 0.0, Sum: 0.1]
      [Code Root Scanning (ms): Min: 0.0, Avg: 0.0, Max: 0.0, Diff: 0.0, Sum: 0.0]
      [Object Copy (ms): Min: 86.4, Avg: 86.5, Max: 86.5, Diff: 0.1, Sum: 691.9]
      [Termination (ms): Min: 0.1, Avg: 0.1, Max: 0.1, Diff: 0.0, Sum: 0.7]
         [Termination Attempts: Min: 122, Avg: 153.8, Max: 187, Diff: 65, Sum: 1230]
      [GC Worker Other (ms): Min: 0.0, Avg: 0.0, Max: 0.0, Diff: 0.0, Sum: 0.2]
      [GC Worker Total (ms): Min: 119.0, Avg: 119.1, Max: 119.2, Diff: 0.2, Sum: 952.7]
      [GC Worker End (ms): Min: 39371.8, Avg: 39371.8, Max: 39371.8, Diff: 0.0]
   [Code Root Fixup: 0.0 ms]
   [Code Root Purge: 0.0 ms]
   [Clear CT: 0.2 ms]
   [Other: 1.5 ms]
      [Choose CSet: 0.0 ms]
      [Ref Proc: 0.6 ms]
      [Ref Enq: 0.0 ms]
      [Redirty Cards: 0.4 ms]
      [Humongous Register: 0.0 ms]
      [Humongous Reclaim: 0.0 ms]
      [Free CSet: 0.1 ms]
   [Eden: 87.0M(87.0M)->0.0B(87.0M) Survivors: 13.0M->13.0M Heap: 1860.8M(2000.0M)->1862.3M(2010.0M)]
 [Times: user=0.93 sys=0.00, real=0.12 secs] 
39.373: [GC concurrent-root-region-scan-start]
39.380: [GC concurrent-root-region-scan-end, 0.0070071 secs]
39.380: [GC concurrent-mark-start]
39.476: [GC pause (G1 Evacuation Pause) (young)39.601: [SoftReference, 0 refs, 0.0000213 secs]39.601: [WeakReference, 0 refs, 0.0000030 secs]39.601: [FinalReference, 0 refs, 0.0000026 secs]39.601: [PhantomReference, 0 refs, 0 refs, 0.0000029 secs]39.601: [JNI Weak Reference, 0.0000026 secs] (to-space exhausted), 0.1275615 secs]
   [Parallel Time: 120.7 ms, GC Workers: 8]
      [GC Worker Start (ms): Min: 39476.0, Avg: 39479.9, Max: 39490.8, Diff: 14.8]
      [Ext Root Scanning (ms): Min: 0.0, Avg: 0.1, Max: 0.2, Diff: 0.2, Sum: 0.6]
      [Update RS (ms): Min: 8.6, Avg: 19.6, Max: 23.3, Diff: 14.7, Sum: 156.6]
         [Processed Buffers: Min: 20, Avg: 40.1, Max: 54, Diff: 34, Sum: 321]
      [Scan RS (ms): Min: 0.4, Avg: 0.4, Max: 0.5, Diff: 0.1, Sum: 3.5]
      [Code Root Scanning (ms): Min: 0.0, Avg: 0.0, Max: 0.0, Diff: 0.0, Sum: 0.0]
      [Object Copy (ms): Min: 86.3, Avg: 91.2, Max: 96.2, Diff: 9.9, Sum: 729.7]
      [Termination (ms): Min: 0.5, Avg: 5.5, Max: 10.3, Diff: 9.9, Sum: 43.9]
         [Termination Attempts: Min: 381, Avg: 666.6, Max: 834, Diff: 453, Sum: 5333]
      [GC Worker Other (ms): Min: 0.0, Avg: 0.0, Max: 0.0, Diff: 0.0, Sum: 0.1]
      [GC Worker Total (ms): Min: 105.8, Avg: 116.8, Max: 120.7, Diff: 14.9, Sum: 934.4]
      [GC Worker End (ms): Min: 39596.6, Avg: 39596.7, Max: 39596.7, Diff: 0.1]
   [Code Root Fixup: 0.0 ms]
   [Code Root Purge: 0.0 ms]
   [Clear CT: 0.2 ms]
   [Other: 6.7 ms]
      [Evacuation Failure: 2.2 ms]
      [Choose CSet: 0.0 ms]
      [Ref Proc: 3.9 ms]
      [Ref Enq: 0.0 ms]
      [Redirty Cards: 0.4 ms]
      [Humongous Register: 0.0 ms]
      [Humongous Reclaim: 0.0 ms]
      [Free CSet: 0.0 ms]
   [Eden: 87.0M(87.0M)->0.0B(89.0M) Survivors: 13.0M->13.0M Heap: 1949.3M(2010.0M)->1953.3M(2048.0M)]
 [Times: user=0.87 sys=0.03, real=0.13 secs] 
39.708: [GC pause (G1 Evacuation Pause) (young)40.146: [SoftReference, 0 refs, 0.0000513 secs]40.146: [WeakReference, 0 refs, 0.0000030 secs]40.146: [FinalReference, 0 refs, 0.0000027 secs]40.146: [PhantomReference, 0 refs, 0 refs, 0.0000143 secs]40.146: [JNI Weak Reference, 0.0000027 secs] (to-space exhausted), 0.4724218 secs]
   [Parallel Time: 434.2 ms, GC Workers: 8]
      [GC Worker Start (ms): Min: 39708.0, Avg: 39708.1, Max: 39708.1, Diff: 0.1]
      [Ext Root Scanning (ms): Min: 0.1, Avg: 0.1, Max: 0.2, Diff: 0.1, Sum: 0.9]
      [Update RS (ms): Min: 29.4, Avg: 29.5, Max: 29.5, Diff: 0.1, Sum: 235.6]
         [Processed Buffers: Min: 62, Avg: 64.0, Max: 70, Diff: 8, Sum: 512]
      [Scan RS (ms): Min: 0.0, Avg: 0.0, Max: 0.0, Diff: 0.0, Sum: 0.1]
      [Code Root Scanning (ms): Min: 0.0, Avg: 0.0, Max: 0.0, Diff: 0.0, Sum: 0.0]
      [Object Copy (ms): Min: 404.5, Avg: 404.5, Max: 404.5, Diff: 0.0, Sum: 3236.1]
      [Termination (ms): Min: 0.0, Avg: 0.0, Max: 0.0, Diff: 0.0, Sum: 0.1]
         [Termination Attempts: Min: 1, Avg: 21.4, Max: 35, Diff: 34, Sum: 171]
      [GC Worker Other (ms): Min: 0.0, Avg: 0.0, Max: 0.0, Diff: 0.0, Sum: 0.1]
      [GC Worker Total (ms): Min: 434.1, Avg: 434.1, Max: 434.2, Diff: 0.1, Sum: 3472.9]
      [GC Worker End (ms): Min: 40142.2, Avg: 40142.2, Max: 40142.2, Diff: 0.0]
   [Code Root Fixup: 0.0 ms]
   [Code Root Purge: 0.0 ms]
   [Clear CT: 0.1 ms]
   [Other: 38.1 ms]
      [Evacuation Failure: 33.8 ms]
      [Choose CSet: 0.0 ms]
      [Ref Proc: 3.9 ms]
      [Ref Enq: 0.0 ms]
      [Redirty Cards: 0.2 ms]
      [Humongous Register: 0.0 ms]
      [Humongous Reclaim: 0.0 ms]
      [Free CSet: 0.0 ms]
   [Eden: 89.0M(89.0M)->0.0B(101.0M) Survivors: 13.0M->1024.0K Heap: 2042.3M(2048.0M)->2046.3M(2048.0M)]
 [Times: user=0.84 sys=0.00, real=0.48 secs] 
40.181: [GC pause (G1 Evacuation Pause) (young)40.190: [SoftReference, 0 refs, 0.0000384 secs]40.190: [WeakReference, 0 refs, 0.0000031 secs]40.190: [FinalReference, 0 refs, 0.0000025 secs]40.190: [PhantomReference, 0 refs, 0 refs, 0.0000029 secs]40.190: [JNI Weak Reference, 0.0000024 secs] (to-space exhausted), 0.0106361 secs]
   [Parallel Time: 5.9 ms, GC Workers: 8]
      [GC Worker Start (ms): Min: 40180.7, Avg: 40180.8, Max: 40180.8, Diff: 0.1]
      [Ext Root Scanning (ms): Min: 0.1, Avg: 0.1, Max: 0.2, Diff: 0.1, Sum: 0.9]
      [Update RS (ms): Min: 2.8, Avg: 3.1, Max: 3.2, Diff: 0.4, Sum: 24.7]
         [Processed Buffers: Min: 12, Avg: 15.0, Max: 20, Diff: 8, Sum: 120]
      [Scan RS (ms): Min: 0.0, Avg: 0.0, Max: 0.0, Diff: 0.0, Sum: 0.0]
      [Code Root Scanning (ms): Min: 0.0, Avg: 0.0, Max: 0.0, Diff: 0.0, Sum: 0.0]
      [Object Copy (ms): Min: 2.3, Avg: 2.5, Max: 2.8, Diff: 0.5, Sum: 19.7]
      [Termination (ms): Min: 0.0, Avg: 0.1, Max: 0.2, Diff: 0.2, Sum: 0.6]
         [Termination Attempts: Min: 1, Avg: 1.0, Max: 1, Diff: 0, Sum: 8]
      [GC Worker Other (ms): Min: 0.0, Avg: 0.0, Max: 0.0, Diff: 0.0, Sum: 0.1]
      [GC Worker Total (ms): Min: 5.7, Avg: 5.7, Max: 5.8, Diff: 0.1, Sum: 45.9]
      [GC Worker End (ms): Min: 40186.5, Avg: 40186.5, Max: 40186.6, Diff: 0.1]
   [Code Root Fixup: 0.0 ms]
   [Code Root Purge: 0.0 ms]
   [Clear CT: 0.1 ms]
   [Other: 4.6 ms]
      [Evacuation Failure: 0.6 ms]
      [Choose CSet: 0.0 ms]
      [Ref Proc: 3.8 ms]
      [Ref Enq: 0.0 ms]
      [Redirty Cards: 0.1 ms]
      [Humongous Register: 0.0 ms]
      [Humongous Reclaim: 0.0 ms]
      [Free CSet: 0.0 ms]
   [Eden: 0.0B(101.0M)->0.0B(102.0M) Survivors: 1024.0K->0.0B Heap: 2046.3M(2048.0M)->2046.3M(2048.0M)]
 [Times: user=0.06 sys=0.00, real=0.01 secs] 
40.192: [Full GC (Allocation Failure) 41.528: [SoftReference, 0 refs, 0.0000225 secs]41.528: [WeakReference, 1048576 refs, 0.0571471 secs]41.585: [FinalReference, 2 refs, 0.0000071 secs]41.585: [PhantomReference, 0 refs, 0 refs, 0.0000040 secs]41.585: [JNI Weak Reference, 0.0000038 secs] 2046M->1644M(2048M), 3.3432375 secs]
   [Eden: 0.0B(102.0M)->0.0B(103.0M) Survivors: 0.0B->0.0B Heap: 2046.3M(2048.0M)->1644.1M(2048.0M)], [Metaspace: 3222K->3222K(1056768K)]
 [Times: user=5.07 sys=0.03, real=3.34 secs] 
43.535: [GC concurrent-mark-abort]
44.018: [GC pause (G1 Evacuation Pause) (young)44.138: [SoftReference, 0 refs, 0.0000257 secs]44.138: [WeakReference, 364845 refs, 0.0364777 secs]44.175: [FinalReference, 0 refs, 0.0000077 secs]44.175: [PhantomReference, 0 refs, 0 refs, 0.0000044 secs]44.175: [JNI Weak Reference, 0.0000033 secs], 0.1573931 secs]
   [Parallel Time: 119.4 ms, GC Workers: 8]
      [GC Worker Start (ms): Min: 44018.3, Avg: 44018.4, Max: 44018.5, Diff: 0.2]
      [Ext Root Scanning (ms): Min: 0.0, Avg: 0.1, Max: 0.2, Diff: 0.2, Sum: 0.9]
      [Update RS (ms): Min: 19.8, Avg: 20.1, Max: 20.7, Diff: 0.8, Sum: 161.2]
         [Processed Buffers: Min: 45, Avg: 46.0, Max: 48, Diff: 3, Sum: 368]
      [Scan RS (ms): Min: 0.0, Avg: 0.0, Max: 0.0, Diff: 0.0, Sum: 0.1]
      [Code Root Scanning (ms): Min: 0.0, Avg: 0.0, Max: 0.0, Diff: 0.0, Sum: 0.0]
      [Object Copy (ms): Min: 98.3, Avg: 98.8, Max: 99.1, Diff: 0.8, Sum: 790.7]
      [Termination (ms): Min: 0.1, Avg: 0.1, Max: 0.2, Diff: 0.1, Sum: 1.1]
         [Termination Attempts: Min: 168, Avg: 196.6, Max: 230, Diff: 62, Sum: 1573]
      [GC Worker Other (ms): Min: 0.0, Avg: 0.0, Max: 0.1, Diff: 0.1, Sum: 0.3]
      [GC Worker Total (ms): Min: 119.1, Avg: 119.3, Max: 119.3, Diff: 0.2, Sum: 954.2]
      [GC Worker End (ms): Min: 44137.6, Avg: 44137.7, Max: 44137.7, Diff: 0.0]
   [Code Root Fixup: 0.0 ms]
   [Code Root Purge: 0.0 ms]
   [Clear CT: 0.1 ms]
   [Other: 37.8 ms]
      [Choose CSet: 0.0 ms]
      [Ref Proc: 37.2 ms]
      [Ref Enq: 0.0 ms]
      [Redirty Cards: 0.5 ms]
      [Humongous Register: 0.0 ms]
      [Humongous Reclaim: 0.0 ms]
      [Free CSet: 0.1 ms]
   [Eden: 103.0M(103.0M)->0.0B(89.0M) Survivors: 0.0B->13.0M Heap: 1747.1M(2048.0M)->1749.1M(2048.0M)]
 [Times: user=0.98 sys=0.01, real=0.16 secs] 
44.278: [GC pause (G1 Evacuation Pause) (young) (initial-mark)44.404: [SoftReference, 0 refs, 0.0000254 secs]44.404: [WeakReference, 314648 refs, 0.0317900 secs]44.436: [FinalReference, 0 refs, 0.0000072 secs]44.436: [PhantomReference, 0 refs, 0 refs, 0.0000042 secs]44.436: [JNI Weak Reference, 0.0000034 secs], 0.1584751 secs]
   [Parallel Time: 125.2 ms, GC Workers: 8]
      [GC Worker Start (ms): Min: 44278.0, Avg: 44278.1, Max: 44278.2, Diff: 0.2]
      [Ext Root Scanning (ms): Min: 0.0, Avg: 0.2, Max: 0.2, Diff: 0.2, Sum: 1.3]
      [Update RS (ms): Min: 18.6, Avg: 19.2, Max: 20.1, Diff: 1.4, Sum: 153.7]
         [Processed Buffers: Min: 31, Avg: 37.0, Max: 43, Diff: 12, Sum: 296]
      [Scan RS (ms): Min: 1.0, Avg: 2.3, Max: 4.0, Diff: 3.0, Sum: 18.2]
      [Code Root Scanning (ms): Min: 0.0, Avg: 0.0, Max: 0.0, Diff: 0.0, Sum: 0.0]
      [Object Copy (ms): Min: 102.0, Avg: 103.3, Max: 103.7, Diff: 1.6, Sum: 826.1]
      [Termination (ms): Min: 0.1, Avg: 0.1, Max: 0.1, Diff: 0.0, Sum: 0.8]
         [Termination Attempts: Min: 140, Avg: 166.1, Max: 189, Diff: 49, Sum: 1329]
      [GC Worker Other (ms): Min: 0.0, Avg: 0.0, Max: 0.1, Diff: 0.0, Sum: 0.3]
      [GC Worker Total (ms): Min: 124.9, Avg: 125.0, Max: 125.1, Diff: 0.2, Sum: 1000.4]
      [GC Worker End (ms): Min: 44403.1, Avg: 44403.1, Max: 44403.1, Diff: 0.0]
   [Code Root Fixup: 0.0 ms]
   [Code Root Purge: 0.0 ms]
   [Clear CT: 0.2 ms]
   [Other: 33.1 ms]
      [Choose CSet: 0.0 ms]
      [Ref Proc: 32.5 ms]
      [Ref Enq: 0.0 ms]
      [Redirty Cards: 0.4 ms]
      [Humongous Register: 0.0 ms]
      [Humongous Reclaim: 0.0 ms]
      [Free CSet: 0.1 ms]
   [Eden: 89.0M(89.0M)->0.0B(89.0M) Survivors: 13.0M->13.0M Heap: 1838.1M(2048.0M)->1840.1M(2048.0M)]
 [Times: user=1.00 sys=0.00, real=0.16 secs] 
44.436: [GC concurrent-root-region-scan-start]
44.471: [GC concurrent-root-region-scan-end, 0.0348919 secs]
44.471: [GC concurrent-mark-start]
44.565: [GC pause (G1 Evacuation Pause) (young)44.677: [SoftReference, 0 refs, 0.0000238 secs]44.677: [WeakReference, 308146 refs, 0.0318441 secs]44.709: [FinalReference, 0 refs, 0.0000070 secs]44.709: [PhantomReference, 0 refs, 0 refs, 0.0000043 secs]44.709: [JNI Weak Reference, 0.0000035 secs], 0.1443428 secs]
   [Parallel Time: 111.0 ms, GC Workers: 8]
      [GC Worker Start (ms): Min: 44565.2, Avg: 44565.3, Max: 44565.3, Diff: 0.1]
      [Ext Root Scanning (ms): Min: 0.1, Avg: 0.1, Max: 0.2, Diff: 0.1, Sum: 0.8]
      [Update RS (ms): Min: 20.1, Avg: 20.5, Max: 21.4, Diff: 1.3, Sum: 163.8]
         [Processed Buffers: Min: 34, Avg: 41.6, Max: 44, Diff: 10, Sum: 333]
      [Scan RS (ms): Min: 1.0, Avg: 1.8, Max: 2.1, Diff: 1.2, Sum: 14.6]
      [Code Root Scanning (ms): Min: 0.0, Avg: 0.0, Max: 0.0, Diff: 0.0, Sum: 0.0]
      [Object Copy (ms): Min: 88.2, Avg: 88.3, Max: 88.4, Diff: 0.1, Sum: 706.4]
      [Termination (ms): Min: 0.1, Avg: 0.2, Max: 0.2, Diff: 0.2, Sum: 1.3]
         [Termination Attempts: Min: 95, Avg: 171.9, Max: 197, Diff: 102, Sum: 1375]
      [GC Worker Other (ms): Min: 0.0, Avg: 0.0, Max: 0.1, Diff: 0.0, Sum: 0.2]
      [GC Worker Total (ms): Min: 110.9, Avg: 110.9, Max: 111.0, Diff: 0.1, Sum: 887.2]
      [GC Worker End (ms): Min: 44676.2, Avg: 44676.2, Max: 44676.2, Diff: 0.0]
   [Code Root Fixup: 0.0 ms]
   [Code Root Purge: 0.0 ms]
   [Clear CT: 0.2 ms]
   [Other: 33.1 ms]
      [Choose CSet: 0.0 ms]
      [Ref Proc: 32.5 ms]
      [Ref Enq: 0.0 ms]
      [Redirty Cards: 0.4 ms]
      [Humongous Register: 0.0 ms]
      [Humongous Reclaim: 0.0 ms]
      [Free CSet: 0.1 ms]
   [Eden: 89.0M(89.0M)->0.0B(89.0M) Survivors: 13.0M->13.0M Heap: 1929.1M(2048.0M)->1931.1M(2048.0M)]
 [Times: user=0.91 sys=0.00, real=0.15 secs] 
44.852: [GC pause (G1 Evacuation Pause) (young)45.211: [SoftReference, 0 refs, 0.0000218 secs]45.211: [WeakReference, 45078 refs, 0.0046248 secs]45.216: [FinalReference, 0 refs, 0.0000032 secs]45.216: [PhantomReference, 0 refs, 0 refs, 0.0000031 secs]45.216: [JNI Weak Reference, 0.0000027 secs] (to-space exhausted), 0.3941159 secs]
   [Parallel Time: 356.8 ms, GC Workers: 8]
      [GC Worker Start (ms): Min: 44852.4, Avg: 44852.5, Max: 44852.5, Diff: 0.1]
      [Ext Root Scanning (ms): Min: 0.1, Avg: 0.1, Max: 0.2, Diff: 0.1, Sum: 0.9]
      [Update RS (ms): Min: 18.5, Avg: 19.0, Max: 20.1, Diff: 1.6, Sum: 152.2]
         [Processed Buffers: Min: 26, Avg: 35.2, Max: 42, Diff: 16, Sum: 282]
      [Scan RS (ms): Min: 0.6, Avg: 1.6, Max: 2.2, Diff: 1.6, Sum: 13.1]
      [Code Root Scanning (ms): Min: 0.0, Avg: 0.0, Max: 0.0, Diff: 0.0, Sum: 0.0]
      [Object Copy (ms): Min: 335.8, Avg: 335.8, Max: 335.9, Diff: 0.1, Sum: 2686.7]
      [Termination (ms): Min: 0.0, Avg: 0.0, Max: 0.0, Diff: 0.0, Sum: 0.2]
         [Termination Attempts: Min: 1, Avg: 2.8, Max: 5, Diff: 4, Sum: 22]
      [GC Worker Other (ms): Min: 0.0, Avg: 0.0, Max: 0.0, Diff: 0.0, Sum: 0.1]
      [GC Worker Total (ms): Min: 356.6, Avg: 356.6, Max: 356.7, Diff: 0.1, Sum: 2853.2]
      [GC Worker End (ms): Min: 45209.1, Avg: 45209.1, Max: 45209.1, Diff: 0.0]
   [Code Root Fixup: 0.0 ms]
   [Code Root Purge: 0.0 ms]
   [Clear CT: 0.1 ms]
   [Other: 37.2 ms]
      [Evacuation Failure: 30.1 ms]
      [Choose CSet: 0.0 ms]
      [Ref Proc: 6.8 ms]
      [Ref Enq: 0.0 ms]
      [Redirty Cards: 0.2 ms]
      [Humongous Register: 0.0 ms]
      [Humongous Reclaim: 0.0 ms]
      [Free CSet: 0.1 ms]
   [Eden: 89.0M(89.0M)->0.0B(91.0M) Survivors: 13.0M->11.0M Heap: 2020.1M(2048.0M)->2034.1M(2048.0M)]
 [Times: user=0.80 sys=0.00, real=0.39 secs] 
45.260: [GC pause (G1 Evacuation Pause) (young)45.394: [SoftReference, 0 refs, 0.0000234 secs]45.394: [WeakReference, 0 refs, 0.0000029 secs]45.394: [FinalReference, 0 refs, 0.0000027 secs]45.394: [PhantomReference, 0 refs, 0 refs, 0.0000031 secs]45.394: [JNI Weak Reference, 0.0000026 secs] (to-space exhausted), 0.1438761 secs]
   [Parallel Time: 131.9 ms, GC Workers: 8]
      [GC Worker Start (ms): Min: 45260.3, Avg: 45260.4, Max: 45260.4, Diff: 0.1]
      [Ext Root Scanning (ms): Min: 0.1, Avg: 0.1, Max: 0.2, Diff: 0.1, Sum: 0.8]
      [Update RS (ms): Min: 0.0, Avg: 12.2, Max: 14.0, Diff: 14.0, Sum: 97.5]
         [Processed Buffers: Min: 0, Avg: 18.4, Max: 26, Diff: 26, Sum: 147]
      [Scan RS (ms): Min: 0.0, Avg: 0.0, Max: 0.0, Diff: 0.0, Sum: 0.0]
      [Code Root Scanning (ms): Min: 0.0, Avg: 0.0, Max: 0.0, Diff: 0.0, Sum: 0.0]
      [Object Copy (ms): Min: 117.6, Avg: 119.4, Max: 131.6, Diff: 14.0, Sum: 955.4]
      [Termination (ms): Min: 0.0, Avg: 0.0, Max: 0.0, Diff: 0.0, Sum: 0.2]
         [Termination Attempts: Min: 1, Avg: 3.0, Max: 5, Diff: 4, Sum: 24]
      [GC Worker Other (ms): Min: 0.0, Avg: 0.0, Max: 0.0, Diff: 0.0, Sum: 0.1]
      [GC Worker Total (ms): Min: 131.7, Avg: 131.8, Max: 131.8, Diff: 0.1, Sum: 1054.0]
      [GC Worker End (ms): Min: 45392.1, Avg: 45392.1, Max: 45392.1, Diff: 0.0]
   [Code Root Fixup: 0.0 ms]
   [Code Root Purge: 0.0 ms]
   [Clear CT: 0.1 ms]
   [Other: 11.9 ms]
      [Evacuation Failure: 9.6 ms]
      [Choose CSet: 0.0 ms]
      [Ref Proc: 2.1 ms]
      [Ref Enq: 0.0 ms]
      [Redirty Cards: 0.2 ms]
      [Humongous Register: 0.0 ms]
      [Humongous Reclaim: 0.0 ms]
      [Free CSet: 0.0 ms]
   [Eden: 12.0M(91.0M)->0.0B(102.0M) Survivors: 11.0M->0.0B Heap: 2046.1M(2048.0M)->2046.1M(2048.0M)]
 [Times: user=0.32 sys=0.02, real=0.14 secs] 
45.404: [GC pause (G1 Evacuation Pause) (young)45.410: [SoftReference, 0 refs, 0.0000128 secs]45.410: [WeakReference, 0 refs, 0.0000030 secs]45.410: [FinalReference, 0 refs, 0.0000027 secs]45.410: [PhantomReference, 0 refs, 0 refs, 0.0000031 secs]45.410: [JNI Weak Reference, 0.0000277 secs], 0.0057390 secs]
   [Parallel Time: 3.3 ms, GC Workers: 8]
      [GC Worker Start (ms): Min: 45404.4, Avg: 45404.5, Max: 45404.5, Diff: 0.1]
      [Ext Root Scanning (ms): Min: 0.1, Avg: 0.1, Max: 0.2, Diff: 0.1, Sum: 0.9]
      [Update RS (ms): Min: 2.3, Avg: 2.6, Max: 3.0, Diff: 0.7, Sum: 20.4]
         [Processed Buffers: Min: 5, Avg: 9.4, Max: 12, Diff: 7, Sum: 75]
      [Scan RS (ms): Min: 0.0, Avg: 0.0, Max: 0.0, Diff: 0.0, Sum: 0.0]
      [Code Root Scanning (ms): Min: 0.0, Avg: 0.0, Max: 0.0, Diff: 0.0, Sum: 0.0]
      [Object Copy (ms): Min: 0.0, Avg: 0.0, Max: 0.0, Diff: 0.0, Sum: 0.0]
      [Termination (ms): Min: 0.0, Avg: 0.5, Max: 0.7, Diff: 0.7, Sum: 3.6]
         [Termination Attempts: Min: 1, Avg: 1.0, Max: 1, Diff: 0, Sum: 8]
      [GC Worker Other (ms): Min: 0.0, Avg: 0.0, Max: 0.0, Diff: 0.0, Sum: 0.0]
      [GC Worker Total (ms): Min: 3.1, Avg: 3.1, Max: 3.2, Diff: 0.2, Sum: 25.0]
      [GC Worker End (ms): Min: 45407.6, Avg: 45407.6, Max: 45407.7, Diff: 0.1]
   [Code Root Fixup: 0.0 ms]
   [Code Root Purge: 0.0 ms]
   [Clear CT: 0.1 ms]
   [Other: 2.3 ms]
      [Choose CSet: 0.0 ms]
      [Ref Proc: 2.2 ms]
      [Ref Enq: 0.0 ms]
      [Redirty Cards: 0.1 ms]
      [Humongous Register: 0.0 ms]
      [Humongous Reclaim: 0.0 ms]
      [Free CSet: 0.0 ms]
   [Eden: 0.0B(102.0M)->0.0B(102.0M) Survivors: 0.0B->0.0B Heap: 2046.1M(2048.0M)->2046.1M(2048.0M)]
 [Times: user=0.04 sys=0.00, real=0.01 secs] 
45.410: [Full GC (Allocation Failure) 45.734: [SoftReference, 0 refs, 0.0000281 secs]45.734: [WeakReference, 2 refs, 0.0000048 secs]45.734: [FinalReference, 2 refs, 0.0000036 secs]45.734: [PhantomReference, 0 refs, 0 refs, 0.0000039 secs]45.734: [JNI Weak Reference, 0.0000032 secs] 2046M->390M(1302M), 1.2118872 secs]
   [Eden: 0.0B(102.0M)->0.0B(179.0M) Survivors: 0.0B->0.0B Heap: 2046.1M(2048.0M)->390.3M(1302.0M)], [Metaspace: 3223K->3223K(1056768K)]
 [Times: user=1.72 sys=0.06, real=1.21 secs] 
46.622: [GC concurrent-mark-abort]
46.802: [GC pause (G1 Evacuation Pause) (young)46.960: [SoftReference, 0 refs, 0.0000295 secs]46.960: [WeakReference, 2 refs, 0.0000065 secs]46.960: [FinalReference, 0 refs, 0.0000073 secs]46.960: [PhantomReference, 0 refs, 0 refs, 0.0000047 secs]46.960: [JNI Weak Reference, 0.0000041 secs], 0.1599271 secs]
   [Parallel Time: 157.7 ms, GC Workers: 8]
      [GC Worker Start (ms): Min: 46801.6, Avg: 46804.6, Max: 46810.5, Diff: 8.9]
      [Ext Root Scanning (ms): Min: 0.0, Avg: 0.1, Max: 0.2, Diff: 0.2, Sum: 0.6]
      [Update RS (ms): Min: 0.0, Avg: 0.0, Max: 0.0, Diff: 0.0, Sum: 0.0]
         [Processed Buffers: Min: 0, Avg: 0.2, Max: 1, Diff: 1, Sum: 2]
      [Scan RS (ms): Min: 0.0, Avg: 0.0, Max: 0.0, Diff: 0.0, Sum: 0.1]
      [Code Root Scanning (ms): Min: 0.0, Avg: 0.0, Max: 0.0, Diff: 0.0, Sum: 0.0]
      [Object Copy (ms): Min: 147.3, Avg: 153.3, Max: 156.2, Diff: 8.9, Sum: 1226.8]
      [Termination (ms): Min: 0.6, Avg: 1.2, Max: 1.4, Diff: 0.8, Sum: 9.4]
         [Termination Attempts: Min: 471, Avg: 608.5, Max: 718, Diff: 247, Sum: 4868]
      [GC Worker Other (ms): Min: 0.0, Avg: 0.0, Max: 0.0, Diff: 0.0, Sum: 0.1]
      [GC Worker Total (ms): Min: 148.8, Avg: 154.6, Max: 157.6, Diff: 8.9, Sum: 1237.1]
      [GC Worker End (ms): Min: 46959.2, Avg: 46959.3, Max: 46959.3, Diff: 0.0]
   [Code Root Fixup: 0.0 ms]
   [Code Root Purge: 0.0 ms]
   [Clear CT: 0.1 ms]
   [Other: 2.1 ms]
      [Choose CSet: 0.0 ms]
      [Ref Proc: 0.3 ms]
      [Ref Enq: 0.0 ms]
      [Redirty Cards: 0.4 ms]
      [Humongous Register: 0.0 ms]
      [Humongous Reclaim: 0.0 ms]
      [Free CSet: 0.1 ms]
   [Eden: 179.0M(179.0M)->0.0B(160.0M) Survivors: 0.0B->23.0M Heap: 569.3M(1302.0M)->615.8M(1452.0M)]
 [Times: user=1.19 sys=0.01, real=0.16 secs] 
47.242: [GC pause (G1 Evacuation Pause) (young)47.408: [SoftReference, 0 refs, 0.0000254 secs]47.408: [WeakReference, 2 refs, 0.0000050 secs]47.408: [FinalReference, 0 refs, 0.0000028 secs]47.408: [PhantomReference, 0 refs, 0 refs, 0.0000030 secs]47.408: [JNI Weak Reference, 0.0000026 secs], 0.1672719 secs]
   [Parallel Time: 165.5 ms, GC Workers: 8]
      [GC Worker Start (ms): Min: 47242.3, Avg: 47242.9, Max: 47244.5, Diff: 2.2]
      [Ext Root Scanning (ms): Min: 0.0, Avg: 0.1, Max: 0.2, Diff: 0.2, Sum: 0.6]
      [Update RS (ms): Min: 13.3, Avg: 14.9, Max: 15.4, Diff: 2.2, Sum: 118.9]
         [Processed Buffers: Min: 31, Avg: 38.8, Max: 43, Diff: 12, Sum: 310]
      [Scan RS (ms): Min: 0.0, Avg: 0.1, Max: 0.5, Diff: 0.5, Sum: 1.1]
      [Code Root Scanning (ms): Min: 0.0, Avg: 0.0, Max: 0.0, Diff: 0.0, Sum: 0.0]
      [Object Copy (ms): Min: 149.1, Avg: 149.4, Max: 149.6, Diff: 0.4, Sum: 1195.5]
      [Termination (ms): Min: 0.2, Avg: 0.2, Max: 0.3, Diff: 0.1, Sum: 1.9]
         [Termination Attempts: Min: 286, Avg: 308.6, Max: 328, Diff: 42, Sum: 2469]
      [GC Worker Other (ms): Min: 0.0, Avg: 0.1, Max: 0.1, Diff: 0.1, Sum: 0.5]
      [GC Worker Total (ms): Min: 163.2, Avg: 164.8, Max: 165.4, Diff: 2.2, Sum: 1318.5]
      [GC Worker End (ms): Min: 47407.7, Avg: 47407.7, Max: 47407.8, Diff: 0.1]
   [Code Root Fixup: 0.0 ms]
   [Code Root Purge: 0.0 ms]
   [Clear CT: 0.1 ms]
   [Other: 1.7 ms]
      [Choose CSet: 0.0 ms]
      [Ref Proc: 0.5 ms]
      [Ref Enq: 0.0 ms]
      [Redirty Cards: 0.4 ms]
      [Humongous Register: 0.0 ms]
      [Humongous Reclaim: 0.0 ms]
      [Free CSet: 0.1 ms]
   [Eden: 160.0M(160.0M)->0.0B(158.0M) Survivors: 23.0M->23.0M Heap: 775.8M(1452.0M)->777.3M(1572.0M)]
 [Times: user=1.23 sys=0.00, real=0.17 secs] 
47.638: [GC pause (G1 Evacuation Pause) (young) (initial-mark)47.811: [SoftReference, 0 refs, 0.0000227 secs]47.811: [WeakReference, 0 refs, 0.0000029 secs]47.811: [FinalReference, 0 refs, 0.0000027 secs]47.811: [PhantomReference, 0 refs, 0 refs, 0.0000029 secs]47.811: [JNI Weak Reference, 0.0000027 secs], 0.1744110 secs]
   [Parallel Time: 172.8 ms, GC Workers: 8]
      [GC Worker Start (ms): Min: 47638.2, Avg: 47638.2, Max: 47638.3, Diff: 0.1]
      [Ext Root Scanning (ms): Min: 0.1, Avg: 0.1, Max: 0.2, Diff: 0.1, Sum: 1.0]
      [Update RS (ms): Min: 17.0, Avg: 17.1, Max: 17.4, Diff: 0.4, Sum: 136.6]
         [Processed Buffers: Min: 42, Avg: 42.5, Max: 44, Diff: 2, Sum: 340]
      [Scan RS (ms): Min: 0.1, Avg: 0.4, Max: 0.5, Diff: 0.4, Sum: 3.5]
      [Code Root Scanning (ms): Min: 0.0, Avg: 0.0, Max: 0.0, Diff: 0.0, Sum: 0.0]
      [Object Copy (ms): Min: 154.8, Avg: 154.8, Max: 154.8, Diff: 0.1, Sum: 1238.2]
      [Termination (ms): Min: 0.2, Avg: 0.2, Max: 0.2, Diff: 0.1, Sum: 1.6]
         [Termination Attempts: Min: 271, Avg: 304.9, Max: 333, Diff: 62, Sum: 2439]
      [GC Worker Other (ms): Min: 0.0, Avg: 0.0, Max: 0.1, Diff: 0.0, Sum: 0.2]
      [GC Worker Total (ms): Min: 172.6, Avg: 172.6, Max: 172.7, Diff: 0.1, Sum: 1381.1]
      [GC Worker End (ms): Min: 47810.9, Avg: 47810.9, Max: 47810.9, Diff: 0.0]
   [Code Root Fixup: 0.0 ms]
   [Code Root Purge: 0.0 ms]
   [Clear CT: 0.2 ms]
   [Other: 1.5 ms]
      [Choose CSet: 0.0 ms]
      [Ref Proc: 0.3 ms]
      [Ref Enq: 0.0 ms]
      [Redirty Cards: 0.4 ms]
      [Humongous Register: 0.0 ms]
      [Humongous Reclaim: 0.0 ms]
      [Free CSet: 0.1 ms]
   [Eden: 158.0M(158.0M)->0.0B(161.0M) Survivors: 23.0M->23.0M Heap: 935.3M(1572.0M)->938.3M(1668.0M)]
 [Times: user=1.36 sys=0.00, real=0.18 secs] 
47.813: [GC concurrent-root-region-scan-start]
47.826: [GC concurrent-root-region-scan-end, 0.0133485 secs]
47.826: [GC concurrent-mark-start]
48.076: [GC pause (G1 Evacuation Pause) (young)48.262: [SoftReference, 0 refs, 0.0000231 secs]48.262: [WeakReference, 0 refs, 0.0000030 secs]48.262: [FinalReference, 0 refs, 0.0000027 secs]48.262: [PhantomReference, 0 refs, 0 refs, 0.0000031 secs]48.262: [JNI Weak Reference, 0.0000027 secs], 0.1876432 secs]
   [Parallel Time: 183.1 ms, GC Workers: 8]
      [GC Worker Start (ms): Min: 48075.8, Avg: 48077.3, Max: 48084.9, Diff: 9.1]
      [Ext Root Scanning (ms): Min: 0.0, Avg: 0.1, Max: 0.2, Diff: 0.2, Sum: 0.7]
      [Update RS (ms): Min: 11.7, Avg: 19.1, Max: 20.5, Diff: 8.8, Sum: 152.6]
         [Processed Buffers: Min: 27, Avg: 46.6, Max: 57, Diff: 30, Sum: 373]
      [Scan RS (ms): Min: 0.2, Avg: 0.3, Max: 0.4, Diff: 0.2, Sum: 2.3]
      [Code Root Scanning (ms): Min: 0.0, Avg: 0.0, Max: 0.0, Diff: 0.0, Sum: 0.0]
      [Object Copy (ms): Min: 161.6, Avg: 161.6, Max: 161.8, Diff: 0.2, Sum: 1292.8]
      [Termination (ms): Min: 0.2, Avg: 0.4, Max: 0.5, Diff: 0.3, Sum: 3.5]
         [Termination Attempts: Min: 326, Avg: 487.2, Max: 538, Diff: 212, Sum: 3898]
      [GC Worker Other (ms): Min: 0.0, Avg: 0.0, Max: 0.1, Diff: 0.0, Sum: 0.3]
      [GC Worker Total (ms): Min: 174.0, Avg: 181.5, Max: 183.0, Diff: 9.0, Sum: 1452.3]
      [GC Worker End (ms): Min: 48258.9, Avg: 48258.9, Max: 48258.9, Diff: 0.0]
   [Code Root Fixup: 0.0 ms]
   [Code Root Purge: 0.0 ms]
   [Clear CT: 0.2 ms]
   [Other: 4.3 ms]
      [Choose CSet: 0.0 ms]
      [Ref Proc: 3.1 ms]
      [Ref Enq: 0.0 ms]
      [Redirty Cards: 0.4 ms]
      [Humongous Register: 0.0 ms]
      [Humongous Reclaim: 0.0 ms]
      [Free CSet: 0.1 ms]
   [Eden: 161.0M(161.0M)->0.0B(161.0M) Survivors: 23.0M->23.0M Heap: 1099.3M(1668.0M)->1100.8M(1744.0M)]
 [Times: user=1.44 sys=0.01, real=0.19 secs] 
48.487: [GC pause (G1 Evacuation Pause) (young)48.680: [SoftReference, 0 refs, 0.0000235 secs]48.680: [WeakReference, 0 refs, 0.0000030 secs]48.680: [FinalReference, 0 refs, 0.0000026 secs]48.680: [PhantomReference, 0 refs, 0 refs, 0.0000031 secs]48.680: [JNI Weak Reference, 0.0000026 secs], 0.1943543 secs]
   [Parallel Time: 190.0 ms, GC Workers: 8]
      [GC Worker Start (ms): Min: 48486.7, Avg: 48486.7, Max: 48486.8, Diff: 0.1]
      [Ext Root Scanning (ms): Min: 0.1, Avg: 0.1, Max: 0.2, Diff: 0.1, Sum: 0.8]
      [Update RS (ms): Min: 21.6, Avg: 21.7, Max: 21.8, Diff: 0.1, Sum: 173.4]
         [Processed Buffers: Min: 27, Avg: 51.2, Max: 57, Diff: 30, Sum: 410]
      [Scan RS (ms): Min: 0.2, Avg: 0.3, Max: 0.4, Diff: 0.1, Sum: 2.6]
      [Code Root Scanning (ms): Min: 0.0, Avg: 0.0, Max: 0.0, Diff: 0.0, Sum: 0.0]
      [Object Copy (ms): Min: 167.5, Avg: 167.5, Max: 167.5, Diff: 0.1, Sum: 1340.1]
      [Termination (ms): Min: 0.2, Avg: 0.2, Max: 0.3, Diff: 0.1, Sum: 1.7]
         [Termination Attempts: Min: 263, Avg: 313.4, Max: 351, Diff: 88, Sum: 2507]
      [GC Worker Other (ms): Min: 0.0, Avg: 0.0, Max: 0.1, Diff: 0.0, Sum: 0.2]
      [GC Worker Total (ms): Min: 189.8, Avg: 189.9, Max: 189.9, Diff: 0.1, Sum: 1518.8]
      [GC Worker End (ms): Min: 48676.6, Avg: 48676.6, Max: 48676.6, Diff: 0.0]
   [Code Root Fixup: 0.0 ms]
   [Code Root Purge: 0.0 ms]
   [Clear CT: 0.1 ms]
   [Other: 4.3 ms]
      [Choose CSet: 0.0 ms]
      [Ref Proc: 3.0 ms]
      [Ref Enq: 0.0 ms]
      [Redirty Cards: 0.7 ms]
      [Humongous Register: 0.0 ms]
      [Humongous Reclaim: 0.0 ms]
      [Free CSet: 0.1 ms]
   [Eden: 161.0M(161.0M)->0.0B(160.0M) Survivors: 23.0M->23.0M Heap: 1261.8M(1744.0M)->1264.3M(1805.0M)]
 [Times: user=1.50 sys=0.01, real=0.20 secs] 
48.762: [GC concurrent-mark-reset-for-overflow]
48.901: [GC pause (G1 Evacuation Pause) (young)49.095: [SoftReference, 0 refs, 0.0000332 secs]49.095: [WeakReference, 0 refs, 0.0000188 secs]49.095: [FinalReference, 0 refs, 0.0000053 secs]49.095: [PhantomReference, 0 refs, 0 refs, 0.0000039 secs]49.095: [JNI Weak Reference, 0.0000044 secs], 0.1947654 secs]
   [Parallel Time: 190.3 ms, GC Workers: 8]
      [GC Worker Start (ms): Min: 48901.5, Avg: 48901.7, Max: 48902.2, Diff: 0.7]
      [Ext Root Scanning (ms): Min: 0.0, Avg: 0.1, Max: 0.2, Diff: 0.2, Sum: 0.8]
      [Update RS (ms): Min: 18.1, Avg: 18.5, Max: 18.6, Diff: 0.5, Sum: 147.9]
         [Processed Buffers: Min: 45, Avg: 46.0, Max: 47, Diff: 2, Sum: 368]
      [Scan RS (ms): Min: 0.5, Avg: 0.6, Max: 0.7, Diff: 0.2, Sum: 4.5]
      [Code Root Scanning (ms): Min: 0.0, Avg: 0.0, Max: 0.0, Diff: 0.0, Sum: 0.0]
      [Object Copy (ms): Min: 169.6, Avg: 170.0, Max: 170.6, Diff: 1.0, Sum: 1359.8]
      [Termination (ms): Min: 0.3, Avg: 0.9, Max: 1.2, Diff: 0.9, Sum: 7.1]
         [Termination Attempts: Min: 387, Avg: 828.2, Max: 965, Diff: 578, Sum: 6626]
      [GC Worker Other (ms): Min: 0.0, Avg: 0.0, Max: 0.1, Diff: 0.0, Sum: 0.2]
      [GC Worker Total (ms): Min: 189.5, Avg: 190.1, Max: 190.2, Diff: 0.7, Sum: 1520.4]
      [GC Worker End (ms): Min: 49091.7, Avg: 49091.8, Max: 49091.8, Diff: 0.0]
   [Code Root Fixup: 0.0 ms]
   [Code Root Purge: 0.0 ms]
   [Clear CT: 0.1 ms]
   [Other: 4.4 ms]
      [Choose CSet: 0.0 ms]
      [Ref Proc: 3.2 ms]
      [Ref Enq: 0.0 ms]
      [Redirty Cards: 0.5 ms]
      [Humongous Register: 0.1 ms]
      [Humongous Reclaim: 0.0 ms]
      [Free CSet: 0.1 ms]
   [Eden: 160.0M(160.0M)->0.0B(120.0M) Survivors: 23.0M->23.0M Heap: 1424.3M(1805.0M)->1426.3M(1854.0M)]
 [Times: user=1.49 sys=0.00, real=0.19 secs] 
49.360: [GC pause (G1 Evacuation Pause) (young)49.511: [SoftReference, 0 refs, 0.0000223 secs]49.511: [WeakReference, 0 refs, 0.0000030 secs]49.511: [FinalReference, 0 refs, 0.0000026 secs]49.511: [PhantomReference, 0 refs, 0 refs, 0.0000029 secs]49.511: [JNI Weak Reference, 0.0000026 secs], 0.1525038 secs]
   [Parallel Time: 148.6 ms, GC Workers: 8]
      [GC Worker Start (ms): Min: 49359.9, Avg: 49359.9, Max: 49359.9, Diff: 0.1]
      [Ext Root Scanning (ms): Min: 0.1, Avg: 0.1, Max: 0.2, Diff: 0.1, Sum: 0.8]
      [Update RS (ms): Min: 19.1, Avg: 19.2, Max: 19.3, Diff: 0.2, Sum: 153.8]
         [Processed Buffers: Min: 49, Avg: 50.5, Max: 51, Diff: 2, Sum: 404]
      [Scan RS (ms): Min: 0.3, Avg: 0.4, Max: 0.4, Diff: 0.2, Sum: 2.9]
      [Code Root Scanning (ms): Min: 0.0, Avg: 0.0, Max: 0.0, Diff: 0.0, Sum: 0.0]
      [Object Copy (ms): Min: 127.3, Avg: 128.3, Max: 128.5, Diff: 1.3, Sum: 1026.5]
      [Termination (ms): Min: 0.2, Avg: 0.5, Max: 1.5, Diff: 1.3, Sum: 3.7]
         [Termination Attempts: Min: 264, Avg: 354.8, Max: 435, Diff: 171, Sum: 2838]
      [GC Worker Other (ms): Min: 0.0, Avg: 0.0, Max: 0.1, Diff: 0.0, Sum: 0.2]
      [GC Worker Total (ms): Min: 148.5, Avg: 148.5, Max: 148.5, Diff: 0.1, Sum: 1188.0]
      [GC Worker End (ms): Min: 49508.4, Avg: 49508.4, Max: 49508.4, Diff: 0.0]
   [Code Root Fixup: 0.0 ms]
   [Code Root Purge: 0.0 ms]
   [Clear CT: 0.1 ms]
   [Other: 3.8 ms]
      [Choose CSet: 0.0 ms]
      [Ref Proc: 2.9 ms]
      [Ref Enq: 0.0 ms]
      [Redirty Cards: 0.4 ms]
      [Humongous Register: 0.0 ms]
      [Humongous Reclaim: 0.0 ms]
      [Free CSet: 0.1 ms]
   [Eden: 120.0M(120.0M)->0.0B(76.0M) Survivors: 23.0M->18.0M Heap: 1546.3M(1854.0M)->1548.8M(1893.0M)]
 [Times: user=1.18 sys=0.00, real=0.15 secs] 
49.631: [GC pause (G1 Evacuation Pause) (young)49.748: [SoftReference, 0 refs, 0.0000262 secs]49.748: [WeakReference, 0 refs, 0.0000031 secs]49.748: [FinalReference, 0 refs, 0.0000026 secs]49.748: [PhantomReference, 0 refs, 0 refs, 0.0000033 secs]49.748: [JNI Weak Reference, 0.0000028 secs], 0.1181480 secs]
   [Parallel Time: 114.4 ms, GC Workers: 8]
      [GC Worker Start (ms): Min: 49630.6, Avg: 49630.6, Max: 49630.7, Diff: 0.1]
      [Ext Root Scanning (ms): Min: 0.1, Avg: 0.1, Max: 0.2, Diff: 0.1, Sum: 0.7]
      [Update RS (ms): Min: 23.1, Avg: 23.1, Max: 23.2, Diff: 0.2, Sum: 185.0]
         [Processed Buffers: Min: 54, Avg: 55.5, Max: 56, Diff: 2, Sum: 444]
      [Scan RS (ms): Min: 0.4, Avg: 0.5, Max: 0.6, Diff: 0.2, Sum: 4.0]
      [Code Root Scanning (ms): Min: 0.0, Avg: 0.0, Max: 0.0, Diff: 0.0, Sum: 0.0]
      [Object Copy (ms): Min: 90.1, Avg: 90.2, Max: 90.3, Diff: 0.1, Sum: 721.5]
      [Termination (ms): Min: 0.1, Avg: 0.3, Max: 0.4, Diff: 0.2, Sum: 2.4]
         [Termination Attempts: Min: 150, Avg: 169.4, Max: 195, Diff: 45, Sum: 1355]
      [GC Worker Other (ms): Min: 0.0, Avg: 0.0, Max: 0.0, Diff: 0.0, Sum: 0.1]
      [GC Worker Total (ms): Min: 114.1, Avg: 114.2, Max: 114.3, Diff: 0.2, Sum: 913.7]
      [GC Worker End (ms): Min: 49744.8, Avg: 49744.9, Max: 49744.9, Diff: 0.1]
   [Code Root Fixup: 0.0 ms]
   [Code Root Purge: 0.0 ms]
   [Clear CT: 0.1 ms]
   [Other: 3.7 ms]
      [Choose CSet: 0.0 ms]
      [Ref Proc: 3.0 ms]
      [Ref Enq: 0.0 ms]
      [Redirty Cards: 0.3 ms]
      [Humongous Register: 0.0 ms]
      [Humongous Reclaim: 0.0 ms]
      [Free CSet: 0.0 ms]
   [Eden: 76.0M(76.0M)->0.0B(84.0M) Survivors: 18.0M->12.0M Heap: 1624.8M(1893.0M)->1625.8M(1924.0M)]
 [Times: user=0.90 sys=0.00, real=0.11 secs] 
49.749: [GC concurrent-mark-end, 1.9233929 secs]
49.749: [GC remark 49.749: [Finalize Marking, 0.0007386 secs] 49.750: [GC ref-proc49.750: [SoftReference, 0 refs, 0.0000107 secs]49.750: [WeakReference, 153110 refs, 0.0107997 secs]49.761: [FinalReference, 33 refs, 0.0000117 secs]49.761: [PhantomReference, 0 refs, 0 refs, 0.0000115 secs]49.761: [JNI Weak Reference, 0.0000024 secs], 0.0108588 secs] 49.761: [Unloading, 0.0006025 secs], 0.0152735 secs]
 [Times: user=0.03 sys=0.00, real=0.01 secs] 
49.765: [GC cleanup 1626M->1626M(1924M), 0.0024033 secs]
 [Times: user=0.01 sys=0.00, real=0.00 secs] 
49.883: [GC pause (G1 Evacuation Pause) (young)50.000: [SoftReference, 0 refs, 0.0000233 secs]50.000: [WeakReference, 0 refs, 0.0000033 secs]50.000: [FinalReference, 0 refs, 0.0000027 secs]50.000: [PhantomReference, 0 refs, 0 refs, 0.0000030 secs]50.000: [JNI Weak Reference, 0.0000029 secs], 0.1180396 secs]
   [Parallel Time: 116.4 ms, GC Workers: 8]
      [GC Worker Start (ms): Min: 49882.8, Avg: 49882.8, Max: 49882.9, Diff: 0.1]
      [Ext Root Scanning (ms): Min: 0.1, Avg: 0.1, Max: 0.2, Diff: 0.1, Sum: 1.0]
      [Update RS (ms): Min: 32.1, Avg: 32.2, Max: 32.3, Diff: 0.2, Sum: 257.4]
         [Processed Buffers: Min: 63, Avg: 64.2, Max: 66, Diff: 3, Sum: 514]
      [Scan RS (ms): Min: 0.0, Avg: 0.0, Max: 0.0, Diff: 0.0, Sum: 0.1]
      [Code Root Scanning (ms): Min: 0.0, Avg: 0.0, Max: 0.0, Diff: 0.0, Sum: 0.0]
      [Object Copy (ms): Min: 83.6, Avg: 83.7, Max: 83.8, Diff: 0.2, Sum: 669.7]
      [Termination (ms): Min: 0.1, Avg: 0.2, Max: 0.2, Diff: 0.1, Sum: 1.3]
         [Termination Attempts: Min: 171, Avg: 204.2, Max: 228, Diff: 57, Sum: 1634]
      [GC Worker Other (ms): Min: 0.0, Avg: 0.0, Max: 0.1, Diff: 0.0, Sum: 0.3]
      [GC Worker Total (ms): Min: 116.2, Avg: 116.2, Max: 116.3, Diff: 0.1, Sum: 929.8]
      [GC Worker End (ms): Min: 49999.0, Avg: 49999.1, Max: 49999.1, Diff: 0.0]
   [Code Root Fixup: 0.0 ms]
   [Code Root Purge: 0.0 ms]
   [Clear CT: 0.2 ms]
   [Other: 1.4 ms]
      [Choose CSet: 0.0 ms]
      [Ref Proc: 0.8 ms]
      [Ref Enq: 0.0 ms]
      [Redirty Cards: 0.3 ms]
      [Humongous Register: 0.0 ms]
      [Humongous Reclaim: 0.0 ms]
      [Free CSet: 0.1 ms]
   [Eden: 84.0M(84.0M)->0.0B(85.0M) Survivors: 12.0M->12.0M Heap: 1709.8M(1924.0M)->1712.3M(1949.0M)]
 [Times: user=0.92 sys=0.00, real=0.12 secs] 
50.105: [GC pause (G1 Evacuation Pause) (young)50.215: [SoftReference, 0 refs, 0.0000243 secs]50.215: [WeakReference, 0 refs, 0.0000029 secs]50.215: [FinalReference, 0 refs, 0.0000027 secs]50.215: [PhantomReference, 0 refs, 0 refs, 0.0000028 secs]50.215: [JNI Weak Reference, 0.0000026 secs], 0.1103135 secs]
   [Parallel Time: 109.0 ms, GC Workers: 8]
      [GC Worker Start (ms): Min: 50105.2, Avg: 50106.2, Max: 50108.6, Diff: 3.4]
      [Ext Root Scanning (ms): Min: 0.0, Avg: 0.1, Max: 0.2, Diff: 0.2, Sum: 0.6]
      [Update RS (ms): Min: 19.4, Avg: 21.8, Max: 22.7, Diff: 3.3, Sum: 174.2]
         [Processed Buffers: Min: 38, Avg: 44.9, Max: 51, Diff: 13, Sum: 359]
      [Scan RS (ms): Min: 0.1, Avg: 0.3, Max: 0.3, Diff: 0.2, Sum: 2.1]
      [Code Root Scanning (ms): Min: 0.0, Avg: 0.0, Max: 0.0, Diff: 0.0, Sum: 0.0]
      [Object Copy (ms): Min: 85.4, Avg: 85.6, Max: 85.6, Diff: 0.2, Sum: 684.5]
      [Termination (ms): Min: 0.1, Avg: 0.2, Max: 0.3, Diff: 0.2, Sum: 1.4]
         [Termination Attempts: Min: 144, Avg: 205.0, Max: 240, Diff: 96, Sum: 1640]
      [GC Worker Other (ms): Min: 0.0, Avg: 0.0, Max: 0.0, Diff: 0.0, Sum: 0.2]
      [GC Worker Total (ms): Min: 105.5, Avg: 107.9, Max: 108.9, Diff: 3.4, Sum: 863.0]
      [GC Worker End (ms): Min: 50214.1, Avg: 50214.1, Max: 50214.1, Diff: 0.0]
   [Code Root Fixup: 0.0 ms]
   [Code Root Purge: 0.0 ms]
   [Clear CT: 0.1 ms]
   [Other: 1.2 ms]
      [Choose CSet: 0.0 ms]
      [Ref Proc: 0.5 ms]
      [Ref Enq: 0.0 ms]
      [Redirty Cards: 0.4 ms]
      [Humongous Register: 0.0 ms]
      [Humongous Reclaim: 0.0 ms]
      [Free CSet: 0.1 ms]
   [Eden: 85.0M(85.0M)->0.0B(85.0M) Survivors: 12.0M->13.0M Heap: 1797.3M(1949.0M)->1799.3M(1969.0M)]
 [Times: user=0.85 sys=0.00, real=0.11 secs] 
50.306: [GC pause (G1 Evacuation Pause) (young) (initial-mark)50.415: [SoftReference, 0 refs, 0.0000225 secs]50.415: [WeakReference, 0 refs, 0.0000031 secs]50.415: [FinalReference, 0 refs, 0.0000028 secs]50.415: [PhantomReference, 0 refs, 0 refs, 0.0000030 secs]50.415: [JNI Weak Reference, 0.0000027 secs], 0.1094102 secs]
   [Parallel Time: 107.9 ms, GC Workers: 8]
      [GC Worker Start (ms): Min: 50306.6, Avg: 50306.7, Max: 50306.8, Diff: 0.2]
      [Ext Root Scanning (ms): Min: 0.0, Avg: 0.3, Max: 0.6, Diff: 0.6, Sum: 2.5]
      [Update RS (ms): Min: 18.7, Avg: 19.0, Max: 19.2, Diff: 0.5, Sum: 152.3]
         [Processed Buffers: Min: 36, Avg: 40.4, Max: 42, Diff: 6, Sum: 323]
      [Scan RS (ms): Min: 0.4, Avg: 0.4, Max: 0.5, Diff: 0.1, Sum: 3.4]
      [Code Root Scanning (ms): Min: 0.0, Avg: 0.0, Max: 0.0, Diff: 0.0, Sum: 0.0]
      [Object Copy (ms): Min: 87.4, Avg: 87.5, Max: 87.7, Diff: 0.4, Sum: 699.8]
      [Termination (ms): Min: 0.2, Avg: 0.5, Max: 0.6, Diff: 0.4, Sum: 3.8]
         [Termination Attempts: Min: 209, Avg: 439.1, Max: 521, Diff: 312, Sum: 3513]
      [GC Worker Other (ms): Min: 0.0, Avg: 0.0, Max: 0.1, Diff: 0.1, Sum: 0.3]
      [GC Worker Total (ms): Min: 107.6, Avg: 107.8, Max: 107.8, Diff: 0.2, Sum: 862.1]
      [GC Worker End (ms): Min: 50414.4, Avg: 50414.4, Max: 50414.5, Diff: 0.0]
   [Code Root Fixup: 0.0 ms]
   [Code Root Purge: 0.0 ms]
   [Clear CT: 0.1 ms]
   [Other: 1.4 ms]
      [Choose CSet: 0.0 ms]
      [Ref Proc: 0.7 ms]
      [Ref Enq: 0.0 ms]
      [Redirty Cards: 0.3 ms]
      [Humongous Register: 0.0 ms]
      [Humongous Reclaim: 0.0 ms]
      [Free CSet: 0.0 ms]
   [Eden: 85.0M(85.0M)->0.0B(86.0M) Survivors: 13.0M->13.0M Heap: 1884.3M(1969.0M)->1886.3M(1999.0M)]
 [Times: user=0.84 sys=0.01, real=0.11 secs] 
50.416: [GC concurrent-root-region-scan-start]
50.422: [GC concurrent-root-region-scan-end, 0.0059282 secs]
50.422: [GC concurrent-mark-start]
50.515: [GC pause (G1 Evacuation Pause) (young)50.675: [SoftReference, 0 refs, 0.0000213 secs]50.675: [WeakReference, 0 refs, 0.0000030 secs]50.675: [FinalReference, 0 refs, 0.0000026 secs]50.675: [PhantomReference, 0 refs, 0 refs, 0.0000029 secs]50.675: [JNI Weak Reference, 0.0000026 secs] (to-space exhausted), 0.1704125 secs]
   [Parallel Time: 158.8 ms, GC Workers: 8]
      [GC Worker Start (ms): Min: 50515.5, Avg: 50517.9, Max: 50520.9, Diff: 5.4]
      [Ext Root Scanning (ms): Min: 0.0, Avg: 0.1, Max: 0.2, Diff: 0.2, Sum: 0.6]
      [Update RS (ms): Min: 17.3, Avg: 20.2, Max: 22.5, Diff: 5.2, Sum: 161.2]
         [Processed Buffers: Min: 38, Avg: 44.4, Max: 52, Diff: 14, Sum: 355]
      [Scan RS (ms): Min: 0.3, Avg: 0.4, Max: 0.5, Diff: 0.2, Sum: 3.4]
      [Code Root Scanning (ms): Min: 0.0, Avg: 0.0, Max: 0.0, Diff: 0.0, Sum: 0.0]
      [Object Copy (ms): Min: 135.0, Avg: 135.3, Max: 135.6, Diff: 0.6, Sum: 1082.0]
      [Termination (ms): Min: 0.0, Avg: 0.3, Max: 0.6, Diff: 0.6, Sum: 2.7]
         [Termination Attempts: Min: 2, Avg: 3.8, Max: 6, Diff: 4, Sum: 30]
      [GC Worker Other (ms): Min: 0.0, Avg: 0.0, Max: 0.0, Diff: 0.0, Sum: 0.1]
      [GC Worker Total (ms): Min: 153.3, Avg: 156.3, Max: 158.7, Diff: 5.4, Sum: 1250.1]
      [GC Worker End (ms): Min: 50674.2, Avg: 50674.2, Max: 50674.2, Diff: 0.1]
   [Code Root Fixup: 0.0 ms]
   [Code Root Purge: 0.0 ms]
   [Clear CT: 0.2 ms]
   [Other: 11.5 ms]
      [Evacuation Failure: 10.3 ms]
      [Choose CSet: 0.0 ms]
      [Ref Proc: 0.7 ms]
      [Ref Enq: 0.0 ms]
      [Redirty Cards: 0.3 ms]
      [Humongous Register: 0.0 ms]
      [Humongous Reclaim: 0.0 ms]
      [Free CSet: 0.0 ms]
   [Eden: 86.0M(86.0M)->0.0B(89.0M) Survivors: 13.0M->13.0M Heap: 1972.3M(1999.0M)->1978.3M(2048.0M)]
 [Times: user=0.72 sys=0.03, real=0.17 secs] 
50.763: [GC pause (G1 Evacuation Pause) (young)51.255: [SoftReference, 0 refs, 0.0000228 secs]51.255: [WeakReference, 0 refs, 0.0000030 secs]51.255: [FinalReference, 0 refs, 0.0000026 secs]51.255: [PhantomReference, 0 refs, 0 refs, 0.0000028 secs]51.255: [JNI Weak Reference, 0.0000029 secs] (to-space exhausted), 0.5198274 secs]
   [Parallel Time: 491.2 ms, GC Workers: 8]
      [GC Worker Start (ms): Min: 50762.7, Avg: 50762.8, Max: 50762.9, Diff: 0.1]
      [Ext Root Scanning (ms): Min: 0.1, Avg: 0.1, Max: 0.2, Diff: 0.1, Sum: 0.9]
      [Update RS (ms): Min: 0.0, Avg: 20.8, Max: 23.9, Diff: 23.9, Sum: 166.2]
         [Processed Buffers: Min: 0, Avg: 40.4, Max: 55, Diff: 55, Sum: 323]
      [Scan RS (ms): Min: 0.0, Avg: 0.0, Max: 0.0, Diff: 0.0, Sum: 0.1]
      [Code Root Scanning (ms): Min: 0.0, Avg: 0.0, Max: 0.0, Diff: 0.0, Sum: 0.0]
      [Object Copy (ms): Min: 467.1, Avg: 470.1, Max: 490.9, Diff: 23.8, Sum: 3761.2]
      [Termination (ms): Min: 0.0, Avg: 0.0, Max: 0.0, Diff: 0.0, Sum: 0.2]
         [Termination Attempts: Min: 1, Avg: 1.0, Max: 1, Diff: 0, Sum: 8]
      [GC Worker Other (ms): Min: 0.0, Avg: 0.0, Max: 0.0, Diff: 0.0, Sum: 0.1]
      [GC Worker Total (ms): Min: 491.0, Avg: 491.1, Max: 491.1, Diff: 0.1, Sum: 3928.6]
      [GC Worker End (ms): Min: 51253.9, Avg: 51253.9, Max: 51253.9, Diff: 0.0]
   [Code Root Fixup: 0.0 ms]
   [Code Root Purge: 0.0 ms]
   [Clear CT: 0.1 ms]
   [Other: 28.6 ms]
      [Evacuation Failure: 27.3 ms]
      [Choose CSet: 0.0 ms]
      [Ref Proc: 1.0 ms]
      [Ref Enq: 0.0 ms]
      [Redirty Cards: 0.2 ms]
      [Humongous Register: 0.0 ms]
      [Humongous Reclaim: 0.0 ms]
      [Free CSet: 0.0 ms]
   [Eden: 68.0M(89.0M)->0.0B(102.0M) Survivors: 13.0M->0.0B Heap: 2046.3M(2048.0M)->2046.3M(2048.0M)]
 [Times: user=0.79 sys=0.01, real=0.52 secs] 
51.283: [GC pause (G1 Evacuation Pause) (young)51.288: [SoftReference, 0 refs, 0.0000136 secs]51.288: [WeakReference, 0 refs, 0.0000030 secs]51.288: [FinalReference, 0 refs, 0.0000026 secs]51.288: [PhantomReference, 0 refs, 0 refs, 0.0000030 secs]51.288: [JNI Weak Reference, 0.0000024 secs], 0.0050598 secs]
   [Parallel Time: 3.8 ms, GC Workers: 8]
      [GC Worker Start (ms): Min: 51282.9, Avg: 51282.9, Max: 51283.0, Diff: 0.1]
      [Ext Root Scanning (ms): Min: 0.1, Avg: 0.1, Max: 0.2, Diff: 0.1, Sum: 0.9]
      [Update RS (ms): Min: 3.3, Avg: 3.4, Max: 3.5, Diff: 0.2, Sum: 27.4]
         [Processed Buffers: Min: 14, Avg: 16.0, Max: 20, Diff: 6, Sum: 128]
      [Scan RS (ms): Min: 0.0, Avg: 0.0, Max: 0.0, Diff: 0.0, Sum: 0.0]
      [Code Root Scanning (ms): Min: 0.0, Avg: 0.0, Max: 0.0, Diff: 0.0, Sum: 0.0]
      [Object Copy (ms): Min: 0.0, Avg: 0.0, Max: 0.0, Diff: 0.0, Sum: 0.0]
      [Termination (ms): Min: 0.0, Avg: 0.1, Max: 0.2, Diff: 0.2, Sum: 0.8]
         [Termination Attempts: Min: 1, Avg: 1.0, Max: 1, Diff: 0, Sum: 8]
      [GC Worker Other (ms): Min: 0.0, Avg: 0.0, Max: 0.0, Diff: 0.0, Sum: 0.1]
      [GC Worker Total (ms): Min: 3.6, Avg: 3.7, Max: 3.8, Diff: 0.2, Sum: 29.2]
      [GC Worker End (ms): Min: 51286.6, Avg: 51286.6, Max: 51286.7, Diff: 0.1]
   [Code Root Fixup: 0.0 ms]
   [Code Root Purge: 0.0 ms]
   [Clear CT: 0.1 ms]
   [Other: 1.2 ms]
      [Choose CSet: 0.0 ms]
      [Ref Proc: 0.9 ms]
      [Ref Enq: 0.0 ms]
      [Redirty Cards: 0.2 ms]
      [Humongous Register: 0.0 ms]
      [Humongous Reclaim: 0.0 ms]
      [Free CSet: 0.0 ms]
   [Eden: 0.0B(102.0M)->0.0B(102.0M) Survivors: 0.0B->0.0B Heap: 2046.3M(2048.0M)->2046.3M(2048.0M)]
 [Times: user=0.03 sys=0.00, real=0.00 secs] 
51.288: [Full GC (Allocation Failure) 52.547: [SoftReference, 0 refs, 0.0000275 secs]52.547: [WeakReference, 1048574 refs, 0.0570152 secs]52.604: [FinalReference, 2 refs, 0.0000077 secs]52.604: [PhantomReference, 0 refs, 0 refs, 0.0000044 secs]52.604: [JNI Weak Reference, 0.0000038 secs] 2046M->1631M(2048M), 3.1583094 secs]
   [Eden: 0.0B(102.0M)->0.0B(111.0M) Survivors: 0.0B->0.0B Heap: 2046.3M(2048.0M)->1631.1M(2048.0M)], [Metaspace: 3223K->3223K(1056768K)]
 [Times: user=4.89 sys=0.02, real=3.16 secs] 
54.447: [GC concurrent-mark-abort]
54.919: [GC pause (G1 Evacuation Pause) (young)55.042: [SoftReference, 0 refs, 0.0000254 secs]55.042: [WeakReference, 393162 refs, 0.0409834 secs]55.083: [FinalReference, 0 refs, 0.0000070 secs]55.083: [PhantomReference, 0 refs, 0 refs, 0.0000042 secs]55.083: [JNI Weak Reference, 0.0000032 secs], 0.1647228 secs]
   [Parallel Time: 122.6 ms, GC Workers: 8]
      [GC Worker Start (ms): Min: 54919.5, Avg: 54919.5, Max: 54919.5, Diff: 0.1]
      [Ext Root Scanning (ms): Min: 0.1, Avg: 0.1, Max: 0.2, Diff: 0.1, Sum: 0.8]
      [Update RS (ms): Min: 18.4, Avg: 18.6, Max: 18.8, Diff: 0.5, Sum: 148.9]
         [Processed Buffers: Min: 45, Avg: 46.0, Max: 48, Diff: 3, Sum: 368]
      [Scan RS (ms): Min: 0.0, Avg: 0.0, Max: 0.1, Diff: 0.1, Sum: 0.1]
      [Code Root Scanning (ms): Min: 0.0, Avg: 0.0, Max: 0.0, Diff: 0.0, Sum: 0.0]
      [Object Copy (ms): Min: 103.4, Avg: 103.6, Max: 103.8, Diff: 0.4, Sum: 829.0]
      [Termination (ms): Min: 0.1, Avg: 0.1, Max: 0.1, Diff: 0.0, Sum: 1.1]
         [Termination Attempts: Min: 184, Avg: 205.6, Max: 223, Diff: 39, Sum: 1645]
      [GC Worker Other (ms): Min: 0.0, Avg: 0.0, Max: 0.1, Diff: 0.0, Sum: 0.2]
      [GC Worker Total (ms): Min: 122.5, Avg: 122.5, Max: 122.6, Diff: 0.1, Sum: 980.2]
      [GC Worker End (ms): Min: 55042.0, Avg: 55042.0, Max: 55042.1, Diff: 0.0]
   [Code Root Fixup: 0.0 ms]
   [Code Root Purge: 0.0 ms]
   [Clear CT: 0.2 ms]
   [Other: 41.9 ms]
      [Choose CSet: 0.0 ms]
      [Ref Proc: 41.3 ms]
      [Ref Enq: 0.0 ms]
      [Redirty Cards: 0.4 ms]
      [Humongous Register: 0.0 ms]
      [Humongous Reclaim: 0.0 ms]
      [Free CSet: 0.1 ms]
   [Eden: 111.0M(111.0M)->0.0B(88.0M) Survivors: 0.0B->14.0M Heap: 1742.1M(2048.0M)->1744.6M(2048.0M)]
 [Times: user=0.99 sys=0.01, real=0.16 secs] 
55.173: [GC pause (G1 Evacuation Pause) (young) (initial-mark)55.286: [SoftReference, 0 refs, 0.0000261 secs]55.286: [WeakReference, 308979 refs, 0.0309088 secs]55.317: [FinalReference, 0 refs, 0.0000067 secs]55.317: [PhantomReference, 0 refs, 0 refs, 0.0000043 secs]55.317: [JNI Weak Reference, 0.0000033 secs], 0.1452525 secs]
   [Parallel Time: 113.4 ms, GC Workers: 8]
      [GC Worker Start (ms): Min: 55172.8, Avg: 55172.9, Max: 55173.0, Diff: 0.2]
      [Ext Root Scanning (ms): Min: 0.0, Avg: 0.6, Max: 2.9, Diff: 2.9, Sum: 5.2]
      [Update RS (ms): Min: 17.2, Avg: 18.6, Max: 19.2, Diff: 2.0, Sum: 148.8]
         [Processed Buffers: Min: 31, Avg: 40.2, Max: 44, Diff: 13, Sum: 322]
      [Scan RS (ms): Min: 0.6, Avg: 1.6, Max: 1.9, Diff: 1.2, Sum: 12.6]
      [Code Root Scanning (ms): Min: 0.0, Avg: 0.0, Max: 0.0, Diff: 0.0, Sum: 0.0]
      [Object Copy (ms): Min: 92.2, Avg: 92.3, Max: 92.3, Diff: 0.1, Sum: 738.2]
      [Termination (ms): Min: 0.1, Avg: 0.1, Max: 0.1, Diff: 0.0, Sum: 0.6]
         [Termination Attempts: Min: 89, Avg: 103.5, Max: 132, Diff: 43, Sum: 828]
      [GC Worker Other (ms): Min: 0.0, Avg: 0.0, Max: 0.1, Diff: 0.0, Sum: 0.3]
      [GC Worker Total (ms): Min: 113.1, Avg: 113.2, Max: 113.3, Diff: 0.2, Sum: 905.7]
      [GC Worker End (ms): Min: 55286.1, Avg: 55286.1, Max: 55286.1, Diff: 0.0]
   [Code Root Fixup: 0.0 ms]
   [Code Root Purge: 0.0 ms]
   [Clear CT: 0.2 ms]
   [Other: 31.7 ms]
      [Choose CSet: 0.0 ms]
      [Ref Proc: 31.1 ms]
      [Ref Enq: 0.0 ms]
      [Redirty Cards: 0.3 ms]
      [Humongous Register: 0.0 ms]
      [Humongous Reclaim: 0.0 ms]
      [Free CSet: 0.1 ms]
   [Eden: 88.0M(88.0M)->0.0B(89.0M) Survivors: 14.0M->13.0M Heap: 1832.6M(2048.0M)->1833.6M(2048.0M)]
 [Times: user=0.91 sys=0.00, real=0.14 secs] 
55.318: [GC concurrent-root-region-scan-start]
55.346: [GC concurrent-root-region-scan-end, 0.0276528 secs]
55.346: [GC concurrent-mark-start]
55.473: [GC pause (G1 Evacuation Pause) (young)55.592: [SoftReference, 0 refs, 0.0000720 secs]55.592: [WeakReference, 313057 refs, 0.0309446 secs]55.623: [FinalReference, 0 refs, 0.0000073 secs]55.623: [PhantomReference, 0 refs, 0 refs, 0.0000042 secs]55.623: [JNI Weak Reference, 0.0000034 secs], 0.1507099 secs]
   [Parallel Time: 117.7 ms, GC Workers: 8]
      [GC Worker Start (ms): Min: 55472.8, Avg: 55472.9, Max: 55472.9, Diff: 0.1]
      [Ext Root Scanning (ms): Min: 0.1, Avg: 0.1, Max: 0.2, Diff: 0.1, Sum: 0.9]
      [Update RS (ms): Min: 24.2, Avg: 24.6, Max: 25.2, Diff: 1.0, Sum: 196.8]
         [Processed Buffers: Min: 42, Avg: 45.9, Max: 48, Diff: 6, Sum: 367]
      [Scan RS (ms): Min: 1.3, Avg: 1.9, Max: 2.3, Diff: 1.0, Sum: 15.3]
      [Code Root Scanning (ms): Min: 0.0, Avg: 0.0, Max: 0.0, Diff: 0.0, Sum: 0.0]
      [Object Copy (ms): Min: 90.8, Avg: 90.8, Max: 90.9, Diff: 0.1, Sum: 726.5]
      [Termination (ms): Min: 0.0, Avg: 0.1, Max: 0.1, Diff: 0.0, Sum: 0.5]
         [Termination Attempts: Min: 65, Avg: 80.4, Max: 94, Diff: 29, Sum: 643]
      [GC Worker Other (ms): Min: 0.0, Avg: 0.0, Max: 0.0, Diff: 0.0, Sum: 0.2]
      [GC Worker Total (ms): Min: 117.5, Avg: 117.5, Max: 117.6, Diff: 0.1, Sum: 940.3]
      [GC Worker End (ms): Min: 55590.4, Avg: 55590.4, Max: 55590.4, Diff: 0.0]
   [Code Root Fixup: 0.0 ms]
   [Code Root Purge: 0.0 ms]
   [Clear CT: 0.1 ms]
   [Other: 32.9 ms]
      [Choose CSet: 0.0 ms]
      [Ref Proc: 32.4 ms]
      [Ref Enq: 0.0 ms]
      [Redirty Cards: 0.4 ms]
      [Humongous Register: 0.0 ms]
      [Humongous Reclaim: 0.0 ms]
      [Free CSet: 0.1 ms]
   [Eden: 89.0M(89.0M)->0.0B(89.0M) Survivors: 13.0M->13.0M Heap: 1922.6M(2048.0M)->1925.1M(2048.0M)]
 [Times: user=0.97 sys=0.00, real=0.15 secs] 
55.779: [GC pause (G1 Evacuation Pause) (young)56.112: [SoftReference, 0 refs, 0.0000207 secs]56.112: [WeakReference, 40972 refs, 0.0035348 secs]56.116: [FinalReference, 0 refs, 0.0000054 secs]56.116: [PhantomReference, 0 refs, 0 refs, 0.0000035 secs]56.116: [JNI Weak Reference, 0.0000028 secs] (to-space exhausted), 0.3634112 secs]
   [Parallel Time: 331.1 ms, GC Workers: 8]
      [GC Worker Start (ms): Min: 55779.2, Avg: 55779.3, Max: 55779.3, Diff: 0.1]
      [Ext Root Scanning (ms): Min: 0.1, Avg: 0.1, Max: 0.2, Diff: 0.1, Sum: 0.9]
      [Update RS (ms): Min: 18.7, Avg: 19.1, Max: 19.7, Diff: 1.0, Sum: 153.1]
         [Processed Buffers: Min: 35, Avg: 39.0, Max: 41, Diff: 6, Sum: 312]
      [Scan RS (ms): Min: 0.7, Avg: 1.3, Max: 1.8, Diff: 1.0, Sum: 10.7]
      [Code Root Scanning (ms): Min: 0.0, Avg: 0.0, Max: 0.0, Diff: 0.0, Sum: 0.0]
      [Object Copy (ms): Min: 309.8, Avg: 310.0, Max: 310.3, Diff: 0.6, Sum: 2480.0]
      [Termination (ms): Min: 0.0, Avg: 0.4, Max: 0.6, Diff: 0.6, Sum: 3.1]
         [Termination Attempts: Min: 1, Avg: 2.0, Max: 4, Diff: 3, Sum: 16]
      [GC Worker Other (ms): Min: 0.0, Avg: 0.0, Max: 0.0, Diff: 0.0, Sum: 0.1]
      [GC Worker Total (ms): Min: 330.9, Avg: 331.0, Max: 331.1, Diff: 0.1, Sum: 2647.9]
      [GC Worker End (ms): Min: 56110.2, Avg: 56110.3, Max: 56110.3, Diff: 0.0]
   [Code Root Fixup: 0.0 ms]
   [Code Root Purge: 0.0 ms]
   [Clear CT: 0.1 ms]
   [Other: 32.1 ms]
      [Evacuation Failure: 26.2 ms]
      [Choose CSet: 0.0 ms]
      [Ref Proc: 5.6 ms]
      [Ref Enq: 0.0 ms]
      [Redirty Cards: 0.1 ms]
      [Humongous Register: 0.0 ms]
      [Humongous Reclaim: 0.0 ms]
      [Free CSet: 0.1 ms]
   [Eden: 89.0M(89.0M)->0.0B(89.0M) Survivors: 13.0M->13.0M Heap: 2014.1M(2048.0M)->2020.1M(2048.0M)]
 [Times: user=0.78 sys=0.01, real=0.37 secs] 
56.169: [GC pause (G1 Evacuation Pause) (young)56.411: [SoftReference, 0 refs, 0.0000214 secs]56.411: [WeakReference, 0 refs, 0.0000039 secs]56.411: [FinalReference, 0 refs, 0.0000027 secs]56.411: [PhantomReference, 0 refs, 0 refs, 0.0000028 secs]56.411: [JNI Weak Reference, 0.0000026 secs] (to-space exhausted), 0.2575134 secs]
   [Parallel Time: 239.7 ms, GC Workers: 8]
      [GC Worker Start (ms): Min: 56169.2, Avg: 56172.1, Max: 56179.2, Diff: 10.1]
      [Ext Root Scanning (ms): Min: 0.0, Avg: 0.1, Max: 0.2, Diff: 0.2, Sum: 0.7]
      [Update RS (ms): Min: 5.9, Avg: 12.9, Max: 16.0, Diff: 10.2, Sum: 103.5]
         [Processed Buffers: Min: 9, Avg: 19.8, Max: 28, Diff: 19, Sum: 158]
      [Scan RS (ms): Min: 0.0, Avg: 0.0, Max: 0.0, Diff: 0.0, Sum: 0.0]
      [Code Root Scanning (ms): Min: 0.0, Avg: 0.0, Max: 0.0, Diff: 0.0, Sum: 0.0]
      [Object Copy (ms): Min: 223.1, Avg: 223.3, Max: 223.6, Diff: 0.5, Sum: 1786.6]
      [Termination (ms): Min: 0.0, Avg: 0.3, Max: 0.4, Diff: 0.4, Sum: 2.6]
         [Termination Attempts: Min: 1, Avg: 1.5, Max: 2, Diff: 1, Sum: 12]
      [GC Worker Other (ms): Min: 0.0, Avg: 0.0, Max: 0.0, Diff: 0.0, Sum: 0.1]
      [GC Worker Total (ms): Min: 229.6, Avg: 236.7, Max: 239.7, Diff: 10.1, Sum: 1893.4]
      [GC Worker End (ms): Min: 56408.7, Avg: 56408.8, Max: 56408.9, Diff: 0.2]
   [Code Root Fixup: 0.0 ms]
   [Code Root Purge: 0.0 ms]
   [Clear CT: 0.1 ms]
   [Other: 17.7 ms]
      [Evacuation Failure: 15.3 ms]
      [Choose CSet: 0.0 ms]
      [Ref Proc: 2.1 ms]
      [Ref Enq: 0.0 ms]
      [Redirty Cards: 0.2 ms]
      [Humongous Register: 0.0 ms]
      [Humongous Reclaim: 0.0 ms]
      [Free CSet: 0.0 ms]
   [Eden: 26.0M(89.0M)->0.0B(102.0M) Survivors: 13.0M->0.0B Heap: 2046.1M(2048.0M)->2046.1M(2048.0M)]
 [Times: user=0.42 sys=0.01, real=0.26 secs] 
56.427: [GC pause (G1 Evacuation Pause) (young)56.433: [SoftReference, 0 refs, 0.0000184 secs]56.433: [WeakReference, 0 refs, 0.0000032 secs]56.433: [FinalReference, 0 refs, 0.0000027 secs]56.433: [PhantomReference, 0 refs, 0 refs, 0.0000031 secs]56.433: [JNI Weak Reference, 0.0000025 secs], 0.0059962 secs]
   [Parallel Time: 3.8 ms, GC Workers: 8]
      [GC Worker Start (ms): Min: 56426.9, Avg: 56427.0, Max: 56427.0, Diff: 0.1]
      [Ext Root Scanning (ms): Min: 0.0, Avg: 0.1, Max: 0.2, Diff: 0.2, Sum: 0.5]
      [Update RS (ms): Min: 2.9, Avg: 3.3, Max: 3.4, Diff: 0.4, Sum: 26.1]
         [Processed Buffers: Min: 8, Avg: 11.0, Max: 19, Diff: 11, Sum: 88]
      [Scan RS (ms): Min: 0.0, Avg: 0.0, Max: 0.0, Diff: 0.0, Sum: 0.0]
      [Code Root Scanning (ms): Min: 0.0, Avg: 0.0, Max: 0.0, Diff: 0.0, Sum: 0.0]
      [Object Copy (ms): Min: 0.0, Avg: 0.0, Max: 0.0, Diff: 0.0, Sum: 0.0]
      [Termination (ms): Min: 0.0, Avg: 0.2, Max: 0.4, Diff: 0.4, Sum: 1.3]
         [Termination Attempts: Min: 1, Avg: 1.0, Max: 1, Diff: 0, Sum: 8]
      [GC Worker Other (ms): Min: 0.0, Avg: 0.1, Max: 0.4, Diff: 0.4, Sum: 0.4]
      [GC Worker Total (ms): Min: 3.4, Avg: 3.5, Max: 3.6, Diff: 0.2, Sum: 28.3]
      [GC Worker End (ms): Min: 56430.5, Avg: 56430.5, Max: 56430.6, Diff: 0.2]
   [Code Root Fixup: 0.0 ms]
   [Code Root Purge: 0.0 ms]
   [Clear CT: 0.1 ms]
   [Other: 2.1 ms]
      [Choose CSet: 0.0 ms]
      [Ref Proc: 1.9 ms]
      [Ref Enq: 0.0 ms]
      [Redirty Cards: 0.1 ms]
      [Humongous Register: 0.1 ms]
      [Humongous Reclaim: 0.0 ms]
      [Free CSet: 0.0 ms]
   [Eden: 0.0B(102.0M)->0.0B(102.0M) Survivors: 0.0B->0.0B Heap: 2046.1M(2048.0M)->2046.1M(2048.0M)]
 [Times: user=0.04 sys=0.00, real=0.01 secs] 
56.433: [Full GC (Allocation Failure) 56.781: [SoftReference, 0 refs, 0.0000281 secs]56.781: [WeakReference, 4 refs, 0.0000053 secs]56.781: [FinalReference, 2 refs, 0.0000035 secs]56.781: [PhantomReference, 0 refs, 0 refs, 0.0000038 secs]56.781: [JNI Weak Reference, 0.0000030 secs] 2046M->411M(1372M), 1.1900292 secs]
   [Eden: 0.0B(102.0M)->0.0B(190.0M) Survivors: 0.0B->0.0B Heap: 2046.1M(2048.0M)->411.3M(1372.0M)], [Metaspace: 3223K->3223K(1056768K)]
 [Times: user=1.69 sys=0.05, real=1.19 secs] 
57.623: [GC concurrent-mark-abort]
57.792: [GC pause (G1 Evacuation Pause) (young)57.959: [SoftReference, 0 refs, 0.0000569 secs]57.959: [WeakReference, 4 refs, 0.0000057 secs]57.959: [FinalReference, 0 refs, 0.0000026 secs]57.959: [PhantomReference, 0 refs, 0 refs, 0.0000031 secs]57.959: [JNI Weak Reference, 0.0000027 secs], 0.1690179 secs]
   [Parallel Time: 166.8 ms, GC Workers: 8]
      [GC Worker Start (ms): Min: 57791.6, Avg: 57791.7, Max: 57791.9, Diff: 0.3]
      [Ext Root Scanning (ms): Min: 0.0, Avg: 0.1, Max: 0.2, Diff: 0.2, Sum: 0.7]
      [Update RS (ms): Min: 0.0, Avg: 0.0, Max: 0.0, Diff: 0.0, Sum: 0.1]
         [Processed Buffers: Min: 0, Avg: 0.2, Max: 1, Diff: 1, Sum: 2]
      [Scan RS (ms): Min: 0.0, Avg: 0.0, Max: 0.0, Diff: 0.0, Sum: 0.1]
      [Code Root Scanning (ms): Min: 0.0, Avg: 0.0, Max: 0.0, Diff: 0.0, Sum: 0.0]
      [Object Copy (ms): Min: 165.4, Avg: 165.8, Max: 166.2, Diff: 0.7, Sum: 1326.7]
      [Termination (ms): Min: 0.3, Avg: 0.7, Max: 1.1, Diff: 0.8, Sum: 5.3]
         [Termination Attempts: Min: 253, Avg: 327.1, Max: 388, Diff: 135, Sum: 2617]
      [GC Worker Other (ms): Min: 0.0, Avg: 0.0, Max: 0.0, Diff: 0.0, Sum: 0.1]
      [GC Worker Total (ms): Min: 166.4, Avg: 166.6, Max: 166.7, Diff: 0.3, Sum: 1333.0]
      [GC Worker End (ms): Min: 57958.3, Avg: 57958.3, Max: 57958.4, Diff: 0.1]
   [Code Root Fixup: 0.0 ms]
   [Code Root Purge: 0.0 ms]
   [Clear CT: 0.2 ms]
   [Other: 2.1 ms]
      [Choose CSet: 0.0 ms]
      [Ref Proc: 0.6 ms]
      [Ref Enq: 0.0 ms]
      [Redirty Cards: 0.5 ms]
      [Humongous Register: 0.0 ms]
      [Humongous Reclaim: 0.0 ms]
      [Free CSet: 0.1 ms]
   [Eden: 190.0M(190.0M)->0.0B(163.0M) Survivors: 0.0B->24.0M Heap: 601.3M(1372.0M)->634.9M(1508.0M)]
 [Times: user=1.28 sys=0.00, real=0.17 secs] 
58.196: [GC pause (G1 Evacuation Pause) (young)58.364: [SoftReference, 0 refs, 0.0000262 secs]58.364: [WeakReference, 0 refs, 0.0000033 secs]58.364: [FinalReference, 0 refs, 0.0000032 secs]58.364: [PhantomReference, 0 refs, 0 refs, 0.0000033 secs]58.364: [JNI Weak Reference, 0.0000029 secs], 0.1692385 secs]
   [Parallel Time: 167.5 ms, GC Workers: 8]
      [GC Worker Start (ms): Min: 58196.5, Avg: 58196.5, Max: 58196.6, Diff: 0.1]
      [Ext Root Scanning (ms): Min: 0.1, Avg: 0.1, Max: 0.2, Diff: 0.1, Sum: 0.8]
      [Update RS (ms): Min: 13.9, Avg: 13.9, Max: 14.0, Diff: 0.2, Sum: 111.6]
         [Processed Buffers: Min: 42, Avg: 42.9, Max: 44, Diff: 2, Sum: 343]
      [Scan RS (ms): Min: 0.0, Avg: 0.1, Max: 0.3, Diff: 0.3, Sum: 1.0]
      [Code Root Scanning (ms): Min: 0.0, Avg: 0.0, Max: 0.0, Diff: 0.0, Sum: 0.0]
      [Object Copy (ms): Min: 152.8, Avg: 152.8, Max: 152.9, Diff: 0.2, Sum: 1222.7]
      [Termination (ms): Min: 0.2, Avg: 0.3, Max: 0.4, Diff: 0.2, Sum: 2.0]
         [Termination Attempts: Min: 273, Avg: 378.2, Max: 440, Diff: 167, Sum: 3026]
      [GC Worker Other (ms): Min: 0.0, Avg: 0.0, Max: 0.1, Diff: 0.0, Sum: 0.3]
      [GC Worker Total (ms): Min: 167.3, Avg: 167.3, Max: 167.4, Diff: 0.1, Sum: 1338.5]
      [GC Worker End (ms): Min: 58363.8, Avg: 58363.9, Max: 58363.9, Diff: 0.0]
   [Code Root Fixup: 0.0 ms]
   [Code Root Purge: 0.0 ms]
   [Clear CT: 0.1 ms]
   [Other: 1.6 ms]
      [Choose CSet: 0.0 ms]
      [Ref Proc: 0.3 ms]
      [Ref Enq: 0.0 ms]
      [Redirty Cards: 0.4 ms]
      [Humongous Register: 0.0 ms]
      [Humongous Reclaim: 0.0 ms]
      [Free CSet: 0.1 ms]
   [Eden: 163.0M(163.0M)->0.0B(160.0M) Survivors: 24.0M->24.0M Heap: 797.9M(1508.0M)->798.3M(1616.0M)]
 [Times: user=1.33 sys=0.01, real=0.17 secs] 
58.571: [GC pause (G1 Evacuation Pause) (young) (initial-mark)58.749: [SoftReference, 0 refs, 0.0000258 secs]58.750: [WeakReference, 0 refs, 0.0000032 secs]58.750: [FinalReference, 0 refs, 0.0000028 secs]58.750: [PhantomReference, 0 refs, 0 refs, 0.0000031 secs]58.750: [JNI Weak Reference, 0.0000027 secs], 0.1801305 secs]
   [Parallel Time: 178.3 ms, GC Workers: 8]
      [GC Worker Start (ms): Min: 58571.1, Avg: 58571.2, Max: 58571.3, Diff: 0.2]
      [Ext Root Scanning (ms): Min: 0.0, Avg: 0.1, Max: 0.2, Diff: 0.2, Sum: 0.9]
      [Update RS (ms): Min: 17.6, Avg: 17.7, Max: 17.7, Diff: 0.1, Sum: 141.4]
         [Processed Buffers: Min: 44, Avg: 47.1, Max: 50, Diff: 6, Sum: 377]
      [Scan RS (ms): Min: 0.3, Avg: 0.3, Max: 0.4, Diff: 0.1, Sum: 2.5]
      [Code Root Scanning (ms): Min: 0.0, Avg: 0.0, Max: 0.0, Diff: 0.0, Sum: 0.0]
      [Object Copy (ms): Min: 159.5, Avg: 159.6, Max: 159.7, Diff: 0.2, Sum: 1276.8]
      [Termination (ms): Min: 0.2, Avg: 0.4, Max: 0.4, Diff: 0.2, Sum: 2.9]
         [Termination Attempts: Min: 253, Avg: 462.4, Max: 534, Diff: 281, Sum: 3699]
      [GC Worker Other (ms): Min: 0.0, Avg: 0.0, Max: 0.1, Diff: 0.0, Sum: 0.2]
      [GC Worker Total (ms): Min: 178.0, Avg: 178.1, Max: 178.2, Diff: 0.2, Sum: 1424.7]
      [GC Worker End (ms): Min: 58749.3, Avg: 58749.3, Max: 58749.3, Diff: 0.0]
   [Code Root Fixup: 0.0 ms]
   [Code Root Purge: 0.0 ms]
   [Clear CT: 0.1 ms]
   [Other: 1.7 ms]
      [Choose CSet: 0.0 ms]
      [Ref Proc: 0.2 ms]
      [Ref Enq: 0.0 ms]
      [Redirty Cards: 0.7 ms]
      [Humongous Register: 0.0 ms]
      [Humongous Reclaim: 0.0 ms]
      [Free CSet: 0.1 ms]
   [Eden: 160.0M(160.0M)->0.0B(160.0M) Survivors: 24.0M->23.0M Heap: 958.3M(1616.0M)->959.8M(1703.0M)]
 [Times: user=1.37 sys=0.00, real=0.18 secs] 
58.751: [GC concurrent-root-region-scan-start]
58.765: [GC concurrent-root-region-scan-end, 0.0138096 secs]
58.765: [GC concurrent-mark-start]
58.957: [GC pause (G1 Evacuation Pause) (young)59.152: [SoftReference, 0 refs, 0.0000232 secs]59.152: [WeakReference, 0 refs, 0.0000033 secs]59.152: [FinalReference, 0 refs, 0.0000028 secs]59.152: [PhantomReference, 0 refs, 0 refs, 0.0000032 secs]59.152: [JNI Weak Reference, 0.0000030 secs], 0.1957614 secs]
   [Parallel Time: 191.8 ms, GC Workers: 8]
      [GC Worker Start (ms): Min: 58957.4, Avg: 58958.7, Max: 58962.1, Diff: 4.7]
      [Ext Root Scanning (ms): Min: 0.0, Avg: 0.1, Max: 0.2, Diff: 0.2, Sum: 0.7]
      [Update RS (ms): Min: 15.5, Avg: 18.8, Max: 20.0, Diff: 4.5, Sum: 150.4]
         [Processed Buffers: Min: 38, Avg: 51.8, Max: 57, Diff: 19, Sum: 414]
      [Scan RS (ms): Min: 0.2, Avg: 0.3, Max: 0.3, Diff: 0.1, Sum: 2.2]
      [Code Root Scanning (ms): Min: 0.0, Avg: 0.0, Max: 0.0, Diff: 0.0, Sum: 0.0]
      [Object Copy (ms): Min: 170.7, Avg: 170.9, Max: 171.0, Diff: 0.3, Sum: 1367.3]
      [Termination (ms): Min: 0.2, Avg: 0.3, Max: 0.5, Diff: 0.3, Sum: 2.2]
         [Termination Attempts: Min: 271, Avg: 301.5, Max: 334, Diff: 63, Sum: 2412]
      [GC Worker Other (ms): Min: 0.0, Avg: 0.0, Max: 0.0, Diff: 0.0, Sum: 0.2]
      [GC Worker Total (ms): Min: 187.0, Avg: 190.4, Max: 191.7, Diff: 4.7, Sum: 1522.9]
      [GC Worker End (ms): Min: 59149.0, Avg: 59149.1, Max: 59149.1, Diff: 0.0]
   [Code Root Fixup: 0.0 ms]
   [Code Root Purge: 0.0 ms]
   [Clear CT: 0.1 ms]
   [Other: 3.9 ms]
      [Choose CSet: 0.0 ms]
      [Ref Proc: 2.7 ms]
      [Ref Enq: 0.0 ms]
      [Redirty Cards: 0.5 ms]
      [Humongous Register: 0.0 ms]
      [Humongous Reclaim: 0.0 ms]
      [Free CSet: 0.1 ms]
   [Eden: 160.0M(160.0M)->0.0B(151.0M) Survivors: 23.0M->23.0M Heap: 1119.8M(1703.0M)->1122.3M(1772.0M)]
 [Times: user=1.49 sys=0.00, real=0.20 secs] 
59.357: [GC pause (G1 Evacuation Pause) (young)59.552: [SoftReference, 0 refs, 0.0000253 secs]59.552: [WeakReference, 0 refs, 0.0000032 secs]59.552: [FinalReference, 0 refs, 0.0000027 secs]59.552: [PhantomReference, 0 refs, 0 refs, 0.0000031 secs]59.552: [JNI Weak Reference, 0.0000026 secs], 0.1960481 secs]
   [Parallel Time: 192.2 ms, GC Workers: 8]
      [GC Worker Start (ms): Min: 59356.9, Avg: 59357.0, Max: 59357.0, Diff: 0.1]
      [Ext Root Scanning (ms): Min: 0.1, Avg: 0.1, Max: 0.2, Diff: 0.1, Sum: 0.9]
      [Update RS (ms): Min: 22.3, Avg: 22.4, Max: 22.5, Diff: 0.2, Sum: 179.0]
         [Processed Buffers: Min: 56, Avg: 56.9, Max: 58, Diff: 2, Sum: 455]
      [Scan RS (ms): Min: 0.3, Avg: 0.4, Max: 0.4, Diff: 0.2, Sum: 2.9]
      [Code Root Scanning (ms): Min: 0.0, Avg: 0.0, Max: 0.0, Diff: 0.0, Sum: 0.0]
      [Object Copy (ms): Min: 168.9, Avg: 168.9, Max: 169.0, Diff: 0.1, Sum: 1351.5]
      [Termination (ms): Min: 0.2, Avg: 0.2, Max: 0.2, Diff: 0.1, Sum: 1.6]
         [Termination Attempts: Min: 256, Avg: 273.1, Max: 300, Diff: 44, Sum: 2185]
      [GC Worker Other (ms): Min: 0.0, Avg: 0.0, Max: 0.1, Diff: 0.1, Sum: 0.3]
      [GC Worker Total (ms): Min: 192.0, Avg: 192.0, Max: 192.1, Diff: 0.2, Sum: 1536.3]
      [GC Worker End (ms): Min: 59549.0, Avg: 59549.0, Max: 59549.0, Diff: 0.1]
   [Code Root Fixup: 0.0 ms]
   [Code Root Purge: 0.0 ms]
   [Clear CT: 0.1 ms]
   [Other: 3.8 ms]
      [Choose CSet: 0.0 ms]
      [Ref Proc: 2.8 ms]
      [Ref Enq: 0.0 ms]
      [Redirty Cards: 0.4 ms]
      [Humongous Register: 0.0 ms]
      [Humongous Reclaim: 0.0 ms]
      [Free CSet: 0.1 ms]
   [Eden: 151.0M(151.0M)->0.0B(149.0M) Survivors: 23.0M->22.0M Heap: 1273.3M(1772.0M)->1275.3M(1828.0M)]
 [Times: user=1.54 sys=0.00, real=0.20 secs] 
59.734: [GC pause (G1 Evacuation Pause) (young)59.921: [SoftReference, 0 refs, 0.0000214 secs]59.921: [WeakReference, 0 refs, 0.0000034 secs]59.921: [FinalReference, 0 refs, 0.0000029 secs]59.921: [PhantomReference, 0 refs, 0 refs, 0.0000031 secs]59.921: [JNI Weak Reference, 0.0000030 secs], 0.1885551 secs]
   [Parallel Time: 184.5 ms, GC Workers: 8]
      [GC Worker Start (ms): Min: 59734.0, Avg: 59734.1, Max: 59734.1, Diff: 0.1]
      [Ext Root Scanning (ms): Min: 0.1, Avg: 0.1, Max: 0.2, Diff: 0.1, Sum: 0.9]
      [Update RS (ms): Min: 19.4, Avg: 19.4, Max: 19.5, Diff: 0.2, Sum: 155.2]
         [Processed Buffers: Min: 49, Avg: 51.0, Max: 53, Diff: 4, Sum: 408]
      [Scan RS (ms): Min: 0.2, Avg: 0.3, Max: 0.3, Diff: 0.1, Sum: 2.5]
      [Code Root Scanning (ms): Min: 0.0, Avg: 0.0, Max: 0.0, Diff: 0.0, Sum: 0.0]
      [Object Copy (ms): Min: 163.7, Avg: 163.8, Max: 164.3, Diff: 0.6, Sum: 1310.2]
      [Termination (ms): Min: 0.2, Avg: 0.7, Max: 0.9, Diff: 0.7, Sum: 5.7]
         [Termination Attempts: Min: 190, Avg: 220.8, Max: 246, Diff: 56, Sum: 1766]
      [GC Worker Other (ms): Min: 0.0, Avg: 0.0, Max: 0.0, Diff: 0.0, Sum: 0.1]
      [GC Worker Total (ms): Min: 184.3, Avg: 184.3, Max: 184.4, Diff: 0.1, Sum: 1474.6]
      [GC Worker End (ms): Min: 59918.4, Avg: 59918.4, Max: 59918.4, Diff: 0.1]
   [Code Root Fixup: 0.0 ms]
   [Code Root Purge: 0.0 ms]
   [Clear CT: 0.1 ms]
   [Other: 3.9 ms]
      [Choose CSet: 0.0 ms]
      [Ref Proc: 2.9 ms]
      [Ref Enq: 0.0 ms]
      [Redirty Cards: 0.5 ms]
      [Humongous Register: 0.0 ms]
      [Humongous Reclaim: 0.0 ms]
      [Free CSet: 0.1 ms]
   [Eden: 149.0M(149.0M)->0.0B(128.0M) Survivors: 22.0M->22.0M Heap: 1424.3M(1828.0M)->1425.8M(1872.0M)]
 [Times: user=1.43 sys=0.01, real=0.19 secs] 
60.140: [GC concurrent-mark-end, 1.3745883 secs]
60.140: [GC remark 60.140: [Finalize Marking, 0.0007483 secs] 60.141: [GC ref-proc60.141: [SoftReference, 0 refs, 0.0000109 secs]60.141: [WeakReference, 138020 refs, 0.0104712 secs]60.151: [FinalReference, 33 refs, 0.0000100 secs]60.151: [PhantomReference, 0 refs, 0 refs, 0.0000116 secs]60.151: [JNI Weak Reference, 0.0000026 secs], 0.0105251 secs] 60.151: [Unloading, 0.0004688 secs], 0.0142534 secs]
 [Times: user=0.04 sys=0.01, real=0.01 secs] 
60.154: [GC cleanup 1549M->1549M(1872M), 0.0017646 secs]
 [Times: user=0.01 sys=0.00, real=0.00 secs] 
60.173: [GC pause (G1 Evacuation Pause) (young)60.344: [SoftReference, 0 refs, 0.0000253 secs]60.344: [WeakReference, 0 refs, 0.0000032 secs]60.344: [FinalReference, 0 refs, 0.0000027 secs]60.344: [PhantomReference, 0 refs, 0 refs, 0.0000031 secs]60.344: [JNI Weak Reference, 0.0000029 secs], 0.1714829 secs]
   [Parallel Time: 169.5 ms, GC Workers: 8]
      [GC Worker Start (ms): Min: 60173.5, Avg: 60173.6, Max: 60173.7, Diff: 0.2]
      [Ext Root Scanning (ms): Min: 0.0, Avg: 0.1, Max: 0.2, Diff: 0.2, Sum: 0.7]
      [Update RS (ms): Min: 27.4, Avg: 27.4, Max: 27.5, Diff: 0.1, Sum: 219.4]
         [Processed Buffers: Min: 55, Avg: 56.0, Max: 57, Diff: 2, Sum: 448]
      [Scan RS (ms): Min: 0.5, Avg: 0.6, Max: 0.7, Diff: 0.2, Sum: 4.6]
      [Code Root Scanning (ms): Min: 0.0, Avg: 0.0, Max: 0.0, Diff: 0.0, Sum: 0.0]
      [Object Copy (ms): Min: 140.7, Avg: 140.8, Max: 141.0, Diff: 0.3, Sum: 1126.6]
      [Termination (ms): Min: 0.2, Avg: 0.3, Max: 0.5, Diff: 0.3, Sum: 2.8]
         [Termination Attempts: Min: 259, Avg: 360.2, Max: 411, Diff: 152, Sum: 2882]
      [GC Worker Other (ms): Min: 0.0, Avg: 0.0, Max: 0.1, Diff: 0.1, Sum: 0.4]
      [GC Worker Total (ms): Min: 169.2, Avg: 169.3, Max: 169.5, Diff: 0.3, Sum: 1354.4]
      [GC Worker End (ms): Min: 60342.9, Avg: 60342.9, Max: 60342.9, Diff: 0.1]
   [Code Root Fixup: 0.0 ms]
   [Code Root Purge: 0.0 ms]
   [Clear CT: 0.1 ms]
   [Other: 1.8 ms]
      [Choose CSet: 0.0 ms]
      [Ref Proc: 0.8 ms]
      [Ref Enq: 0.0 ms]
      [Redirty Cards: 0.6 ms]
      [Humongous Register: 0.0 ms]
      [Humongous Reclaim: 0.0 ms]
      [Free CSet: 0.1 ms]
   [Eden: 128.0M(128.0M)->0.0B(79.0M) Survivors: 22.0M->19.0M Heap: 1553.8M(1872.0M)->1555.8M(1908.0M)]
 [Times: user=1.33 sys=0.00, real=0.17 secs] 
60.457: [GC pause (G1 Evacuation Pause) (young)60.569: [SoftReference, 0 refs, 0.0000308 secs]60.569: [WeakReference, 0 refs, 0.0000042 secs]60.569: [FinalReference, 0 refs, 0.0000043 secs]60.569: [PhantomReference, 0 refs, 0 refs, 0.0000048 secs]60.569: [JNI Weak Reference, 0.0000035 secs], 0.1133674 secs]
   [Parallel Time: 111.9 ms, GC Workers: 8]
      [GC Worker Start (ms): Min: 60456.7, Avg: 60457.3, Max: 60458.3, Diff: 1.6]
      [Ext Root Scanning (ms): Min: 0.0, Avg: 0.1, Max: 0.2, Diff: 0.2, Sum: 0.6]
      [Update RS (ms): Min: 21.0, Avg: 22.0, Max: 22.4, Diff: 1.4, Sum: 175.6]
         [Processed Buffers: Min: 49, Avg: 50.4, Max: 54, Diff: 5, Sum: 403]
      [Scan RS (ms): Min: 0.0, Avg: 0.4, Max: 0.6, Diff: 0.6, Sum: 3.4]
      [Code Root Scanning (ms): Min: 0.0, Avg: 0.0, Max: 0.0, Diff: 0.0, Sum: 0.0]
      [Object Copy (ms): Min: 87.2, Avg: 88.1, Max: 88.7, Diff: 1.5, Sum: 704.6]
      [Termination (ms): Min: 0.1, Avg: 0.7, Max: 1.5, Diff: 1.4, Sum: 5.3]
         [Termination Attempts: Min: 112, Avg: 364.4, Max: 484, Diff: 372, Sum: 2915]
      [GC Worker Other (ms): Min: 0.0, Avg: 0.0, Max: 0.0, Diff: 0.0, Sum: 0.2]
      [GC Worker Total (ms): Min: 110.3, Avg: 111.2, Max: 111.9, Diff: 1.6, Sum: 889.8]
      [GC Worker End (ms): Min: 60568.5, Avg: 60568.5, Max: 60568.6, Diff: 0.0]
   [Code Root Fixup: 0.0 ms]
   [Code Root Purge: 0.0 ms]
   [Clear CT: 0.1 ms]
   [Other: 1.4 ms]
      [Choose CSet: 0.0 ms]
      [Ref Proc: 0.6 ms]
      [Ref Enq: 0.0 ms]
      [Redirty Cards: 0.3 ms]
      [Humongous Register: 0.0 ms]
      [Humongous Reclaim: 0.0 ms]
      [Free CSet: 0.1 ms]
   [Eden: 79.0M(79.0M)->0.0B(83.0M) Survivors: 19.0M->13.0M Heap: 1634.8M(1908.0M)->1636.8M(1936.0M)]
 [Times: user=0.82 sys=0.01, real=0.12 secs] 
60.692: [GC pause (G1 Evacuation Pause) (young) (initial-mark)60.809: [SoftReference, 0 refs, 0.0000238 secs]60.809: [WeakReference, 0 refs, 0.0000031 secs]60.809: [FinalReference, 0 refs, 0.0000027 secs]60.809: [PhantomReference, 0 refs, 0 refs, 0.0000031 secs]60.809: [JNI Weak Reference, 0.0000028 secs], 0.1183637 secs]
   [Parallel Time: 116.7 ms, GC Workers: 8]
      [GC Worker Start (ms): Min: 60691.9, Avg: 60692.0, Max: 60692.1, Diff: 0.1]
      [Ext Root Scanning (ms): Min: 0.1, Avg: 0.1, Max: 0.2, Diff: 0.1, Sum: 1.0]
      [Update RS (ms): Min: 30.8, Avg: 30.9, Max: 31.0, Diff: 0.2, Sum: 247.1]
         [Processed Buffers: Min: 55, Avg: 62.2, Max: 66, Diff: 11, Sum: 498]
      [Scan RS (ms): Min: 0.0, Avg: 0.0, Max: 0.0, Diff: 0.0, Sum: 0.1]
      [Code Root Scanning (ms): Min: 0.0, Avg: 0.0, Max: 0.0, Diff: 0.0, Sum: 0.0]
      [Object Copy (ms): Min: 84.6, Avg: 84.8, Max: 85.4, Diff: 0.9, Sum: 678.2]
      [Termination (ms): Min: 0.1, Avg: 0.8, Max: 0.9, Diff: 0.9, Sum: 6.0]
         [Termination Attempts: Min: 115, Avg: 164.0, Max: 202, Diff: 87, Sum: 1312]
      [GC Worker Other (ms): Min: 0.0, Avg: 0.0, Max: 0.0, Diff: 0.0, Sum: 0.1]
      [GC Worker Total (ms): Min: 116.5, Avg: 116.6, Max: 116.6, Diff: 0.1, Sum: 932.5]
      [GC Worker End (ms): Min: 60808.6, Avg: 60808.6, Max: 60808.6, Diff: 0.0]
   [Code Root Fixup: 0.0 ms]
   [Code Root Purge: 0.0 ms]
   [Clear CT: 0.1 ms]
   [Other: 1.6 ms]
      [Choose CSet: 0.0 ms]
      [Ref Proc: 0.7 ms]
      [Ref Enq: 0.0 ms]
      [Redirty Cards: 0.4 ms]
      [Humongous Register: 0.0 ms]
      [Humongous Reclaim: 0.0 ms]
      [Free CSet: 0.1 ms]
   [Eden: 83.0M(83.0M)->0.0B(85.0M) Survivors: 13.0M->12.0M Heap: 1719.8M(1936.0M)->1721.3M(1959.0M)]
 [Times: user=0.90 sys=0.00, real=0.12 secs] 
60.810: [GC concurrent-root-region-scan-start]
60.817: [GC concurrent-root-region-scan-end, 0.0071008 secs]
60.817: [GC concurrent-mark-start]
61.094: [GC pause (G1 Evacuation Pause) (young)61.226: [SoftReference, 0 refs, 0.0000272 secs]61.226: [WeakReference, 0 refs, 0.0000052 secs]61.226: [FinalReference, 0 refs, 0.0000045 secs]61.226: [PhantomReference, 0 refs, 0 refs, 0.0000048 secs]61.226: [JNI Weak Reference, 0.0000039 secs], 0.1329179 secs]
   [Parallel Time: 131.2 ms, GC Workers: 8]
      [GC Worker Start (ms): Min: 61093.9, Avg: 61094.4, Max: 61095.4, Diff: 1.5]
      [Ext Root Scanning (ms): Min: 0.0, Avg: 0.1, Max: 0.2, Diff: 0.2, Sum: 0.5]
      [Update RS (ms): Min: 18.6, Avg: 19.5, Max: 20.6, Diff: 2.1, Sum: 156.2]
         [Processed Buffers: Min: 34, Avg: 40.6, Max: 44, Diff: 10, Sum: 325]
      [Scan RS (ms): Min: 0.0, Avg: 0.2, Max: 0.2, Diff: 0.2, Sum: 1.3]
      [Code Root Scanning (ms): Min: 0.0, Avg: 0.0, Max: 0.0, Diff: 0.0, Sum: 0.0]
      [Object Copy (ms): Min: 102.4, Avg: 107.4, Max: 109.6, Diff: 7.1, Sum: 858.9]
      [Termination (ms): Min: 1.3, Avg: 3.5, Max: 7.7, Diff: 6.4, Sum: 27.8]
         [Termination Attempts: Min: 507, Avg: 1076.8, Max: 1511, Diff: 1004, Sum: 8614]
      [GC Worker Other (ms): Min: 0.0, Avg: 0.0, Max: 0.0, Diff: 0.0, Sum: 0.1]
      [GC Worker Total (ms): Min: 129.6, Avg: 130.6, Max: 131.1, Diff: 1.6, Sum: 1044.8]
      [GC Worker End (ms): Min: 61224.9, Avg: 61225.0, Max: 61225.1, Diff: 0.2]
   [Code Root Fixup: 0.0 ms]
   [Code Root Purge: 0.0 ms]
   [Clear CT: 0.1 ms]
   [Other: 1.6 ms]
      [Choose CSet: 0.0 ms]
      [Ref Proc: 0.9 ms]
      [Ref Enq: 0.0 ms]
      [Redirty Cards: 0.3 ms]
      [Humongous Register: 0.0 ms]
      [Humongous Reclaim: 0.0 ms]
      [Free CSet: 0.1 ms]
   [Eden: 85.0M(85.0M)->0.0B(85.0M) Survivors: 12.0M->13.0M Heap: 1806.3M(1959.0M)->1808.3M(1977.0M)]
 [Times: user=0.77 sys=0.01, real=0.13 secs] 
61.388: [GC pause (G1 Evacuation Pause) (young)61.511: [SoftReference, 0 refs, 0.0000309 secs]61.511: [WeakReference, 0 refs, 0.0000055 secs]61.511: [FinalReference, 0 refs, 0.0000047 secs]61.511: [PhantomReference, 0 refs, 0 refs, 0.0000057 secs]61.511: [JNI Weak Reference, 0.0000044 secs], 0.1234391 secs]
   [Parallel Time: 120.4 ms, GC Workers: 8]
      [GC Worker Start (ms): Min: 61388.5, Avg: 61388.6, Max: 61388.8, Diff: 0.3]
      [Ext Root Scanning (ms): Min: 0.0, Avg: 0.1, Max: 0.2, Diff: 0.2, Sum: 0.9]
      [Update RS (ms): Min: 27.4, Avg: 27.8, Max: 30.0, Diff: 2.7, Sum: 222.2]
         [Processed Buffers: Min: 35, Avg: 53.4, Max: 60, Diff: 25, Sum: 427]
      [Scan RS (ms): Min: 0.0, Avg: 0.0, Max: 0.0, Diff: 0.0, Sum: 0.1]
      [Code Root Scanning (ms): Min: 0.0, Avg: 0.0, Max: 0.0, Diff: 0.0, Sum: 0.0]
      [Object Copy (ms): Min: 88.1, Avg: 90.0, Max: 91.8, Diff: 3.8, Sum: 719.7]
      [Termination (ms): Min: 0.4, Avg: 2.3, Max: 4.4, Diff: 4.1, Sum: 18.6]
         [Termination Attempts: Min: 165, Avg: 426.6, Max: 624, Diff: 459, Sum: 3413]
      [GC Worker Other (ms): Min: 0.0, Avg: 0.0, Max: 0.0, Diff: 0.0, Sum: 0.1]
      [GC Worker Total (ms): Min: 120.0, Avg: 120.2, Max: 120.3, Diff: 0.4, Sum: 961.6]
      [GC Worker End (ms): Min: 61508.7, Avg: 61508.8, Max: 61508.9, Diff: 0.2]
   [Code Root Fixup: 0.0 ms]
   [Code Root Purge: 0.0 ms]
   [Clear CT: 0.1 ms]
   [Other: 2.9 ms]
      [Choose CSet: 0.0 ms]
      [Ref Proc: 2.1 ms]
      [Ref Enq: 0.0 ms]
      [Redirty Cards: 0.5 ms]
      [Humongous Register: 0.0 ms]
      [Humongous Reclaim: 0.0 ms]
      [Free CSet: 0.1 ms]
   [Eden: 85.0M(85.0M)->0.0B(87.0M) Survivors: 13.0M->13.0M Heap: 1893.3M(1977.0M)->1894.8M(2006.0M)]
 [Times: user=0.84 sys=0.01, real=0.13 secs] 
61.630: [GC pause (G1 Evacuation Pause) (young)61.864: [SoftReference, 0 refs, 0.0000210 secs]61.864: [WeakReference, 0 refs, 0.0000031 secs]61.864: [FinalReference, 0 refs, 0.0000137 secs]61.864: [PhantomReference, 0 refs, 0 refs, 0.0000039 secs]61.864: [JNI Weak Reference, 0.0000026 secs] (to-space exhausted), 0.2476336 secs]
   [Parallel Time: 230.2 ms, GC Workers: 8]
      [GC Worker Start (ms): Min: 61630.5, Avg: 61633.8, Max: 61635.8, Diff: 5.3]
      [Ext Root Scanning (ms): Min: 0.0, Avg: 0.1, Max: 0.2, Diff: 0.2, Sum: 0.5]
      [Update RS (ms): Min: 27.0, Avg: 29.0, Max: 32.2, Diff: 5.2, Sum: 232.0]
         [Processed Buffers: Min: 49, Avg: 58.6, Max: 71, Diff: 22, Sum: 469]
      [Scan RS (ms): Min: 0.0, Avg: 0.0, Max: 0.0, Diff: 0.0, Sum: 0.1]
      [Code Root Scanning (ms): Min: 0.0, Avg: 0.0, Max: 0.0, Diff: 0.0, Sum: 0.0]
      [Object Copy (ms): Min: 159.7, Avg: 173.9, Max: 197.7, Diff: 37.9, Sum: 1391.6]
      [Termination (ms): Min: 0.0, Avg: 23.8, Max: 38.0, Diff: 38.0, Sum: 190.1]
         [Termination Attempts: Min: 1, Avg: 59.5, Max: 102, Diff: 101, Sum: 476]
      [GC Worker Other (ms): Min: 0.0, Avg: 0.0, Max: 0.0, Diff: 0.0, Sum: 0.1]
      [GC Worker Total (ms): Min: 224.7, Avg: 226.8, Max: 230.1, Diff: 5.4, Sum: 1814.3]
      [GC Worker End (ms): Min: 61860.5, Avg: 61860.6, Max: 61860.7, Diff: 0.2]
   [Code Root Fixup: 0.0 ms]
   [Code Root Purge: 0.0 ms]
   [Clear CT: 0.2 ms]
   [Other: 17.2 ms]
      [Evacuation Failure: 13.8 ms]
      [Choose CSet: 0.0 ms]
      [Ref Proc: 3.1 ms]
      [Ref Enq: 0.0 ms]
      [Redirty Cards: 0.2 ms]
      [Humongous Register: 0.0 ms]
      [Humongous Reclaim: 0.0 ms]
      [Free CSet: 0.1 ms]
   [Eden: 87.0M(87.0M)->0.0B(89.0M) Survivors: 13.0M->13.0M Heap: 1981.8M(2006.0M)->1987.3M(2048.0M)]
 [Times: user=0.96 sys=0.02, real=0.24 secs] 
61.942: [GC pause (G1 Evacuation Pause) (young)62.392: [SoftReference, 0 refs, 0.0000239 secs]62.392: [WeakReference, 0 refs, 0.0000029 secs]62.392: [FinalReference, 0 refs, 0.0000027 secs]62.392: [PhantomReference, 0 refs, 0 refs, 0.0000030 secs]62.392: [JNI Weak Reference, 0.0000026 secs] (to-space exhausted), 0.4749272 secs]
   [Parallel Time: 446.5 ms, GC Workers: 8]
      [GC Worker Start (ms): Min: 61942.0, Avg: 61943.0, Max: 61945.3, Diff: 3.2]
      [Ext Root Scanning (ms): Min: 0.0, Avg: 0.1, Max: 0.2, Diff: 0.2, Sum: 0.6]
      [Update RS (ms): Min: 8.5, Avg: 11.5, Max: 12.8, Diff: 4.4, Sum: 91.8]
         [Processed Buffers: Min: 17, Avg: 24.2, Max: 32, Diff: 15, Sum: 194]
      [Scan RS (ms): Min: 0.0, Avg: 0.0, Max: 0.0, Diff: 0.0, Sum: 0.1]
      [Code Root Scanning (ms): Min: 0.0, Avg: 0.0, Max: 0.0, Diff: 0.0, Sum: 0.0]
      [Object Copy (ms): Min: 432.7, Avg: 433.8, Max: 434.2, Diff: 1.5, Sum: 3470.8]
      [Termination (ms): Min: 0.0, Avg: 0.0, Max: 0.1, Diff: 0.1, Sum: 0.4]
         [Termination Attempts: Min: 1, Avg: 1.2, Max: 2, Diff: 1, Sum: 10]
      [GC Worker Other (ms): Min: 0.0, Avg: 0.1, Max: 0.5, Diff: 0.5, Sum: 0.6]
      [GC Worker Total (ms): Min: 443.3, Avg: 445.5, Max: 446.5, Diff: 3.2, Sum: 3564.2]
      [GC Worker End (ms): Min: 62388.5, Avg: 62388.5, Max: 62388.5, Diff: 0.0]
   [Code Root Fixup: 0.0 ms]
   [Code Root Purge: 0.0 ms]
   [Clear CT: 0.1 ms]
   [Other: 28.3 ms]
      [Evacuation Failure: 24.6 ms]
      [Choose CSet: 0.0 ms]
      [Ref Proc: 3.4 ms]
      [Ref Enq: 0.0 ms]
      [Redirty Cards: 0.1 ms]
      [Humongous Register: 0.0 ms]
      [Humongous Reclaim: 0.0 ms]
      [Free CSet: 0.0 ms]
   [Eden: 59.0M(89.0M)->0.0B(102.0M) Survivors: 13.0M->0.0B Heap: 2046.3M(2048.0M)->2046.3M(2048.0M)]
 [Times: user=0.65 sys=0.01, real=0.47 secs] 
62.417: [GC pause (G1 Evacuation Pause) (young)62.425: [SoftReference, 0 refs, 0.0000242 secs]62.425: [WeakReference, 0 refs, 0.0000032 secs]62.425: [FinalReference, 0 refs, 0.0000026 secs]62.425: [PhantomReference, 0 refs, 0 refs, 0.0000030 secs]62.425: [JNI Weak Reference, 0.0000025 secs], 0.0076279 secs]
   [Parallel Time: 4.4 ms, GC Workers: 8]
      [GC Worker Start (ms): Min: 62417.1, Avg: 62417.2, Max: 62417.2, Diff: 0.1]
      [Ext Root Scanning (ms): Min: 0.0, Avg: 0.1, Max: 0.2, Diff: 0.1, Sum: 0.7]
      [Update RS (ms): Min: 3.2, Avg: 3.3, Max: 4.0, Diff: 0.8, Sum: 26.5]
         [Processed Buffers: Min: 9, Avg: 14.0, Max: 17, Diff: 8, Sum: 112]
      [Scan RS (ms): Min: 0.0, Avg: 0.0, Max: 0.0, Diff: 0.0, Sum: 0.0]
      [Code Root Scanning (ms): Min: 0.0, Avg: 0.0, Max: 0.0, Diff: 0.0, Sum: 0.0]
      [Object Copy (ms): Min: 0.0, Avg: 0.0, Max: 0.0, Diff: 0.0, Sum: 0.0]
      [Termination (ms): Min: 0.0, Avg: 0.7, Max: 0.9, Diff: 0.9, Sum: 5.8]
         [Termination Attempts: Min: 1, Avg: 1.0, Max: 1, Diff: 0, Sum: 8]
      [GC Worker Other (ms): Min: 0.0, Avg: 0.0, Max: 0.0, Diff: 0.0, Sum: 0.0]
      [GC Worker Total (ms): Min: 4.0, Avg: 4.1, Max: 4.3, Diff: 0.2, Sum: 33.1]
      [GC Worker End (ms): Min: 62421.3, Avg: 62421.3, Max: 62421.5, Diff: 0.2]
   [Code Root Fixup: 0.0 ms]
   [Code Root Purge: 0.0 ms]
   [Clear CT: 0.1 ms]
   [Other: 3.2 ms]
      [Choose CSet: 0.0 ms]
      [Ref Proc: 3.1 ms]
      [Ref Enq: 0.0 ms]
      [Redirty Cards: 0.1 ms]
      [Humongous Register: 0.0 ms]
      [Humongous Reclaim: 0.0 ms]
      [Free CSet: 0.0 ms]
   [Eden: 0.0B(102.0M)->0.0B(102.0M) Survivors: 0.0B->0.0B Heap: 2046.3M(2048.0M)->2046.3M(2048.0M)]
 [Times: user=0.06 sys=0.00, real=0.01 secs] 
62.425: [Full GC (Allocation Failure) 63.682: [SoftReference, 0 refs, 0.0000286 secs]63.682: [WeakReference, 1048572 refs, 0.0562430 secs]63.739: [FinalReference, 2 refs, 0.0000069 secs]63.739: [PhantomReference, 0 refs, 0 refs, 0.0000040 secs]63.739: [JNI Weak Reference, 0.0000035 secs] 2046M->1627M(2048M), 3.1698052 secs]
   [Eden: 0.0B(102.0M)->0.0B(113.0M) Survivors: 0.0B->0.0B Heap: 2046.3M(2048.0M)->1627.1M(2048.0M)], [Metaspace: 3223K->3223K(1056768K)]
 [Times: user=4.88 sys=0.02, real=3.17 secs] 
65.595: [GC concurrent-mark-abort]
66.444: [GC pause (G1 Evacuation Pause) (young)66.565: [SoftReference, 0 refs, 0.0000356 secs]66.565: [WeakReference, 399984 refs, 0.0422280 secs]66.607: [FinalReference, 0 refs, 0.0000072 secs]66.607: [PhantomReference, 0 refs, 0 refs, 0.0000045 secs]66.607: [JNI Weak Reference, 0.0000038 secs], 0.1637290 secs]
   [Parallel Time: 120.3 ms, GC Workers: 8]
      [GC Worker Start (ms): Min: 66444.1, Avg: 66444.2, Max: 66444.2, Diff: 0.1]
      [Ext Root Scanning (ms): Min: 0.1, Avg: 0.1, Max: 0.2, Diff: 0.1, Sum: 0.8]
      [Update RS (ms): Min: 17.0, Avg: 17.4, Max: 17.7, Diff: 0.6, Sum: 139.6]
         [Processed Buffers: Min: 44, Avg: 46.0, Max: 49, Diff: 5, Sum: 368]
      [Scan RS (ms): Min: 0.0, Avg: 0.0, Max: 0.0, Diff: 0.0, Sum: 0.1]
      [Code Root Scanning (ms): Min: 0.0, Avg: 0.0, Max: 0.0, Diff: 0.0, Sum: 0.0]
      [Object Copy (ms): Min: 102.3, Avg: 102.5, Max: 102.9, Diff: 0.6, Sum: 819.7]
      [Termination (ms): Min: 0.1, Avg: 0.1, Max: 0.2, Diff: 0.1, Sum: 1.1]
         [Termination Attempts: Min: 169, Avg: 211.4, Max: 243, Diff: 74, Sum: 1691]
      [GC Worker Other (ms): Min: 0.0, Avg: 0.0, Max: 0.1, Diff: 0.0, Sum: 0.2]
      [GC Worker Total (ms): Min: 120.1, Avg: 120.2, Max: 120.3, Diff: 0.1, Sum: 961.5]
      [GC Worker End (ms): Min: 66564.3, Avg: 66564.3, Max: 66564.4, Diff: 0.0]
   [Code Root Fixup: 0.0 ms]
   [Code Root Purge: 0.0 ms]
   [Clear CT: 0.1 ms]
   [Other: 43.3 ms]
      [Choose CSet: 0.0 ms]
      [Ref Proc: 42.5 ms]
      [Ref Enq: 0.0 ms]
      [Redirty Cards: 0.5 ms]
      [Humongous Register: 0.0 ms]
      [Humongous Reclaim: 0.0 ms]
      [Free CSet: 0.1 ms]
   [Eden: 113.0M(113.0M)->0.0B(87.0M) Survivors: 0.0B->15.0M Heap: 1740.1M(2048.0M)->1750.6M(2048.0M)]
 [Times: user=0.97 sys=0.00, real=0.16 secs] 
66.693: [GC pause (G1 Evacuation Pause) (young) (initial-mark)66.813: [SoftReference, 0 refs, 0.0000237 secs]66.813: [WeakReference, 308152 refs, 0.0300951 secs]66.843: [FinalReference, 0 refs, 0.0000056 secs]66.843: [PhantomReference, 0 refs, 0 refs, 0.0000040 secs]66.843: [JNI Weak Reference, 0.0000032 secs], 0.1508475 secs]
   [Parallel Time: 119.1 ms, GC Workers: 8]
      [GC Worker Start (ms): Min: 66692.8, Avg: 66692.8, Max: 66692.9, Diff: 0.1]
      [Ext Root Scanning (ms): Min: 0.1, Avg: 0.1, Max: 0.2, Diff: 0.1, Sum: 0.9]
      [Update RS (ms): Min: 17.9, Avg: 18.1, Max: 19.2, Diff: 1.3, Sum: 144.9]
         [Processed Buffers: Min: 39, Avg: 40.5, Max: 41, Diff: 2, Sum: 324]
      [Scan RS (ms): Min: 0.6, Avg: 1.6, Max: 1.9, Diff: 1.3, Sum: 13.1]
      [Code Root Scanning (ms): Min: 0.0, Avg: 0.0, Max: 0.0, Diff: 0.0, Sum: 0.0]
      [Object Copy (ms): Min: 97.4, Avg: 98.8, Max: 99.0, Diff: 1.6, Sum: 790.6]
      [Termination (ms): Min: 0.1, Avg: 0.3, Max: 1.7, Diff: 1.6, Sum: 2.5]
         [Termination Attempts: Min: 152, Avg: 182.1, Max: 219, Diff: 67, Sum: 1457]
      [GC Worker Other (ms): Min: 0.0, Avg: 0.0, Max: 0.1, Diff: 0.1, Sum: 0.3]
      [GC Worker Total (ms): Min: 119.0, Avg: 119.0, Max: 119.1, Diff: 0.1, Sum: 952.2]
      [GC Worker End (ms): Min: 66811.8, Avg: 66811.8, Max: 66811.9, Diff: 0.1]
   [Code Root Fixup: 0.0 ms]
   [Code Root Purge: 0.0 ms]
   [Clear CT: 0.2 ms]
   [Other: 31.6 ms]
      [Choose CSet: 0.0 ms]
      [Ref Proc: 30.8 ms]
      [Ref Enq: 0.0 ms]
      [Redirty Cards: 0.5 ms]
      [Humongous Register: 0.0 ms]
      [Humongous Reclaim: 0.0 ms]
      [Free CSet: 0.1 ms]
   [Eden: 87.0M(87.0M)->0.0B(89.0M) Survivors: 15.0M->13.0M Heap: 1837.6M(2048.0M)->1838.1M(2048.0M)]
 [Times: user=0.97 sys=0.00, real=0.15 secs] 
66.844: [GC concurrent-root-region-scan-start]
66.873: [GC concurrent-root-region-scan-end, 0.0291152 secs]
66.873: [GC concurrent-mark-start]
66.963: [GC pause (G1 Evacuation Pause) (young)67.074: [SoftReference, 0 refs, 0.0000221 secs]67.074: [WeakReference, 276487 refs, 0.0305064 secs]67.105: [FinalReference, 0 refs, 0.0000069 secs]67.105: [PhantomReference, 0 refs, 0 refs, 0.0000043 secs]67.105: [JNI Weak Reference, 0.0000034 secs], 0.1426176 secs]
   [Parallel Time: 109.1 ms, GC Workers: 8]
      [GC Worker Start (ms): Min: 66962.6, Avg: 66962.7, Max: 66962.9, Diff: 0.3]
      [Ext Root Scanning (ms): Min: 0.0, Avg: 0.1, Max: 0.2, Diff: 0.2, Sum: 0.8]
      [Update RS (ms): Min: 21.3, Avg: 21.9, Max: 22.6, Diff: 1.3, Sum: 175.4]
         [Processed Buffers: Min: 32, Avg: 44.6, Max: 49, Diff: 17, Sum: 357]
      [Scan RS (ms): Min: 1.2, Avg: 1.9, Max: 2.5, Diff: 1.2, Sum: 15.1]
      [Code Root Scanning (ms): Min: 0.0, Avg: 0.0, Max: 0.0, Diff: 0.0, Sum: 0.0]
      [Object Copy (ms): Min: 84.9, Avg: 85.0, Max: 85.0, Diff: 0.1, Sum: 679.8]
      [Termination (ms): Min: 0.0, Avg: 0.0, Max: 0.0, Diff: 0.0, Sum: 0.1]
         [Termination Attempts: Min: 2, Avg: 23.8, Max: 38, Diff: 36, Sum: 190]
      [GC Worker Other (ms): Min: 0.0, Avg: 0.0, Max: 0.1, Diff: 0.0, Sum: 0.2]
      [GC Worker Total (ms): Min: 108.7, Avg: 108.9, Max: 109.0, Diff: 0.3, Sum: 871.3]
      [GC Worker End (ms): Min: 67071.6, Avg: 67071.6, Max: 67071.7, Diff: 0.0]
   [Code Root Fixup: 0.0 ms]
   [Code Root Purge: 0.0 ms]
   [Clear CT: 0.2 ms]
   [Other: 33.3 ms]
      [Choose CSet: 0.0 ms]
      [Ref Proc: 32.9 ms]
      [Ref Enq: 0.0 ms]
      [Redirty Cards: 0.3 ms]
      [Humongous Register: 0.0 ms]
      [Humongous Reclaim: 0.0 ms]
      [Free CSet: 0.1 ms]
   [Eden: 89.0M(89.0M)->0.0B(89.0M) Survivors: 13.0M->13.0M Heap: 1927.1M(2048.0M)->1929.1M(2048.0M)]
 [Times: user=0.90 sys=0.00, real=0.14 secs] 
67.211: [GC pause (G1 Evacuation Pause) (young)67.584: [SoftReference, 0 refs, 0.0000221 secs]67.584: [WeakReference, 28019 refs, 0.0021681 secs]67.586: [FinalReference, 0 refs, 0.0000036 secs]67.586: [PhantomReference, 0 refs, 0 refs, 0.0000030 secs]67.586: [JNI Weak Reference, 0.0000026 secs] (to-space exhausted), 0.4059578 secs]
   [Parallel Time: 368.1 ms, GC Workers: 8]
      [GC Worker Start (ms): Min: 67211.2, Avg: 67211.3, Max: 67211.4, Diff: 0.2]
      [Ext Root Scanning (ms): Min: 0.0, Avg: 0.1, Max: 0.2, Diff: 0.2, Sum: 0.7]
      [Update RS (ms): Min: 37.5, Avg: 39.3, Max: 47.3, Diff: 9.9, Sum: 314.5]
         [Processed Buffers: Min: 49, Avg: 56.0, Max: 58, Diff: 9, Sum: 448]
      [Scan RS (ms): Min: 0.0, Avg: 0.0, Max: 0.0, Diff: 0.0, Sum: 0.1]
      [Code Root Scanning (ms): Min: 0.0, Avg: 0.0, Max: 0.0, Diff: 0.0, Sum: 0.0]
      [Object Copy (ms): Min: 320.5, Avg: 328.5, Max: 330.3, Diff: 9.8, Sum: 2628.2]
      [Termination (ms): Min: 0.0, Avg: 0.0, Max: 0.0, Diff: 0.0, Sum: 0.2]
         [Termination Attempts: Min: 1, Avg: 7.6, Max: 12, Diff: 11, Sum: 61]
      [GC Worker Other (ms): Min: 0.0, Avg: 0.0, Max: 0.0, Diff: 0.0, Sum: 0.1]
      [GC Worker Total (ms): Min: 367.8, Avg: 368.0, Max: 368.1, Diff: 0.2, Sum: 2943.7]
      [GC Worker End (ms): Min: 67579.2, Avg: 67579.3, Max: 67579.3, Diff: 0.0]
   [Code Root Fixup: 0.0 ms]
   [Code Root Purge: 0.0 ms]
   [Clear CT: 0.1 ms]
   [Other: 37.7 ms]
      [Evacuation Failure: 30.9 ms]
      [Choose CSet: 0.0 ms]
      [Ref Proc: 6.5 ms]
      [Ref Enq: 0.0 ms]
      [Redirty Cards: 0.1 ms]
      [Humongous Register: 0.0 ms]
      [Humongous Reclaim: 0.0 ms]
      [Free CSet: 0.0 ms]
   [Eden: 89.0M(89.0M)->0.0B(89.0M) Survivors: 13.0M->13.0M Heap: 2018.1M(2048.0M)->2039.1M(2048.0M)]
 [Times: user=0.97 sys=0.01, real=0.40 secs] 
67.625: [GC pause (G1 Evacuation Pause) (young)67.742: [SoftReference, 0 refs, 0.0000651 secs]67.742: [WeakReference, 0 refs, 0.0000030 secs]67.742: [FinalReference, 0 refs, 0.0000025 secs]67.742: [PhantomReference, 0 refs, 0 refs, 0.0000029 secs]67.742: [JNI Weak Reference, 0.0000026 secs] (to-space exhausted), 0.1246412 secs]
   [Parallel Time: 112.7 ms, GC Workers: 8]
      [GC Worker Start (ms): Min: 67624.9, Avg: 67625.0, Max: 67625.0, Diff: 0.1]
      [Ext Root Scanning (ms): Min: 0.1, Avg: 0.1, Max: 0.2, Diff: 0.1, Sum: 0.9]
      [Update RS (ms): Min: 11.8, Avg: 11.9, Max: 12.1, Diff: 0.3, Sum: 95.2]
         [Processed Buffers: Min: 13, Avg: 19.6, Max: 39, Diff: 26, Sum: 157]
      [Scan RS (ms): Min: 0.0, Avg: 0.0, Max: 0.0, Diff: 0.0, Sum: 0.0]
      [Code Root Scanning (ms): Min: 0.0, Avg: 0.0, Max: 0.0, Diff: 0.0, Sum: 0.0]
      [Object Copy (ms): Min: 100.4, Avg: 100.6, Max: 100.7, Diff: 0.3, Sum: 804.5]
      [Termination (ms): Min: 0.0, Avg: 0.0, Max: 0.0, Diff: 0.0, Sum: 0.2]
         [Termination Attempts: Min: 1, Avg: 3.4, Max: 5, Diff: 4, Sum: 27]
      [GC Worker Other (ms): Min: 0.0, Avg: 0.0, Max: 0.0, Diff: 0.0, Sum: 0.1]
      [GC Worker Total (ms): Min: 112.6, Avg: 112.6, Max: 112.6, Diff: 0.1, Sum: 900.7]
      [GC Worker End (ms): Min: 67737.6, Avg: 67737.6, Max: 67737.6, Diff: 0.0]
   [Code Root Fixup: 0.0 ms]
   [Code Root Purge: 0.0 ms]
   [Clear CT: 0.2 ms]
   [Other: 11.8 ms]
      [Evacuation Failure: 7.2 ms]
      [Choose CSet: 0.0 ms]
      [Ref Proc: 4.3 ms]
      [Ref Enq: 0.0 ms]
      [Redirty Cards: 0.2 ms]
      [Humongous Register: 0.0 ms]
      [Humongous Reclaim: 0.0 ms]
      [Free CSet: 0.0 ms]
   [Eden: 7168.0K(89.0M)->0.0B(102.0M) Survivors: 13.0M->0.0B Heap: 2046.1M(2048.0M)->2046.1M(2048.0M)]
 [Times: user=0.27 sys=0.01, real=0.13 secs] 
67.750: [GC pause (G1 Evacuation Pause) (young)67.756: [SoftReference, 0 refs, 0.0000145 secs]67.756: [WeakReference, 0 refs, 0.0000031 secs]67.756: [FinalReference, 0 refs, 0.0000026 secs]67.756: [PhantomReference, 0 refs, 0 refs, 0.0000029 secs]67.756: [JNI Weak Reference, 0.0000023 secs], 0.0067564 secs]
   [Parallel Time: 2.4 ms, GC Workers: 8]
      [GC Worker Start (ms): Min: 67749.9, Avg: 67749.9, Max: 67750.0, Diff: 0.1]
      [Ext Root Scanning (ms): Min: 0.1, Avg: 0.1, Max: 0.2, Diff: 0.1, Sum: 0.9]
      [Update RS (ms): Min: 1.5, Avg: 1.8, Max: 2.0, Diff: 0.5, Sum: 14.3]
         [Processed Buffers: Min: 3, Avg: 7.8, Max: 12, Diff: 9, Sum: 62]
      [Scan RS (ms): Min: 0.0, Avg: 0.0, Max: 0.0, Diff: 0.0, Sum: 0.0]
      [Code Root Scanning (ms): Min: 0.0, Avg: 0.0, Max: 0.0, Diff: 0.0, Sum: 0.0]
      [Object Copy (ms): Min: 0.0, Avg: 0.0, Max: 0.0, Diff: 0.0, Sum: 0.0]
      [Termination (ms): Min: 0.0, Avg: 0.3, Max: 0.6, Diff: 0.6, Sum: 2.4]
         [Termination Attempts: Min: 1, Avg: 1.0, Max: 1, Diff: 0, Sum: 8]
      [GC Worker Other (ms): Min: 0.0, Avg: 0.0, Max: 0.0, Diff: 0.0, Sum: 0.1]
      [GC Worker Total (ms): Min: 2.1, Avg: 2.2, Max: 2.3, Diff: 0.1, Sum: 17.7]
      [GC Worker End (ms): Min: 67752.1, Avg: 67752.1, Max: 67752.2, Diff: 0.1]
   [Code Root Fixup: 0.0 ms]
   [Code Root Purge: 0.0 ms]
   [Clear CT: 0.1 ms]
   [Other: 4.3 ms]
      [Choose CSet: 0.0 ms]
      [Ref Proc: 4.1 ms]
      [Ref Enq: 0.0 ms]
      [Redirty Cards: 0.1 ms]
      [Humongous Register: 0.0 ms]
      [Humongous Reclaim: 0.0 ms]
      [Free CSet: 0.0 ms]
   [Eden: 0.0B(102.0M)->0.0B(102.0M) Survivors: 0.0B->0.0B Heap: 2046.1M(2048.0M)->2046.1M(2048.0M)]
 [Times: user=0.05 sys=0.00, real=0.00 secs] 
67.757: [Full GC (Allocation Failure) 68.081: [SoftReference, 0 refs, 0.0000283 secs]68.081: [WeakReference, 6 refs, 0.0000053 secs]68.081: [FinalReference, 2 refs, 0.0000038 secs]68.081: [PhantomReference, 0 refs, 0 refs, 0.0000039 secs]68.081: [JNI Weak Reference, 0.0000032 secs] 2046M->393M(1312M), 1.2043104 secs]
   [Eden: 0.0B(102.0M)->0.0B(185.0M) Survivors: 0.0B->0.0B Heap: 2046.1M(2048.0M)->393.3M(1312.0M)], [Metaspace: 3223K->3223K(1056768K)]
 [Times: user=1.72 sys=0.06, real=1.21 secs] 
68.961: [GC concurrent-mark-abort]
69.151: [GC pause (G1 Evacuation Pause) (young)69.319: [SoftReference, 0 refs, 0.0000377 secs]69.319: [WeakReference, 6 refs, 0.0000083 secs]69.319: [FinalReference, 0 refs, 0.0000036 secs]69.319: [PhantomReference, 0 refs, 0 refs, 0.0000037 secs]69.319: [JNI Weak Reference, 0.0000040 secs], 0.1702509 secs]
   [Parallel Time: 167.6 ms, GC Workers: 8]
      [GC Worker Start (ms): Min: 69151.2, Avg: 69151.6, Max: 69151.8, Diff: 0.6]
      [Ext Root Scanning (ms): Min: 0.0, Avg: 0.1, Max: 0.2, Diff: 0.2, Sum: 0.5]
      [Update RS (ms): Min: 0.0, Avg: 0.0, Max: 0.0, Diff: 0.0, Sum: 0.1]
         [Processed Buffers: Min: 0, Avg: 0.2, Max: 1, Diff: 1, Sum: 2]
      [Scan RS (ms): Min: 0.0, Avg: 0.0, Max: 0.0, Diff: 0.0, Sum: 0.1]
      [Code Root Scanning (ms): Min: 0.0, Avg: 0.0, Max: 0.0, Diff: 0.0, Sum: 0.0]
      [Object Copy (ms): Min: 166.7, Avg: 166.9, Max: 167.1, Diff: 0.4, Sum: 1334.8]
      [Termination (ms): Min: 0.2, Avg: 0.2, Max: 0.3, Diff: 0.1, Sum: 1.8]
         [Termination Attempts: Min: 312, Avg: 325.1, Max: 335, Diff: 23, Sum: 2601]
      [GC Worker Other (ms): Min: 0.0, Avg: 0.0, Max: 0.1, Diff: 0.0, Sum: 0.2]
      [GC Worker Total (ms): Min: 167.0, Avg: 167.2, Max: 167.5, Diff: 0.6, Sum: 1337.5]
      [GC Worker End (ms): Min: 69318.7, Avg: 69318.7, Max: 69318.8, Diff: 0.0]
   [Code Root Fixup: 0.0 ms]
   [Code Root Purge: 0.0 ms]
   [Clear CT: 0.1 ms]
   [Other: 2.5 ms]
      [Choose CSet: 0.0 ms]
      [Ref Proc: 0.5 ms]
      [Ref Enq: 0.0 ms]
      [Redirty Cards: 0.6 ms]
      [Humongous Register: 0.0 ms]
      [Humongous Reclaim: 0.0 ms]
      [Free CSet: 0.1 ms]
   [Eden: 185.0M(185.0M)->0.0B(162.0M) Survivors: 0.0B->24.0M Heap: 578.3M(1312.0M)->628.1M(1460.0M)]
 [Times: user=1.33 sys=0.00, real=0.17 secs] 
69.599: [GC pause (G1 Evacuation Pause) (young)69.770: [SoftReference, 0 refs, 0.0000247 secs]69.770: [WeakReference, 0 refs, 0.0000029 secs]69.770: [FinalReference, 0 refs, 0.0000025 secs]69.770: [PhantomReference, 0 refs, 0 refs, 0.0000029 secs]69.770: [JNI Weak Reference, 0.0000025 secs], 0.1718245 secs]
   [Parallel Time: 170.0 ms, GC Workers: 8]
      [GC Worker Start (ms): Min: 69599.4, Avg: 69599.5, Max: 69599.6, Diff: 0.2]
      [Ext Root Scanning (ms): Min: 0.0, Avg: 0.1, Max: 0.2, Diff: 0.2, Sum: 0.9]
      [Update RS (ms): Min: 14.5, Avg: 14.6, Max: 14.6, Diff: 0.1, Sum: 116.5]
         [Processed Buffers: Min: 30, Avg: 35.2, Max: 40, Diff: 10, Sum: 282]
      [Scan RS (ms): Min: 0.0, Avg: 0.1, Max: 0.3, Diff: 0.3, Sum: 1.0]
      [Code Root Scanning (ms): Min: 0.0, Avg: 0.0, Max: 0.0, Diff: 0.0, Sum: 0.0]
      [Object Copy (ms): Min: 154.7, Avg: 154.8, Max: 154.9, Diff: 0.2, Sum: 1238.8]
      [Termination (ms): Min: 0.2, Avg: 0.2, Max: 0.2, Diff: 0.1, Sum: 1.7]
         [Termination Attempts: Min: 276, Avg: 323.0, Max: 363, Diff: 87, Sum: 2584]
      [GC Worker Other (ms): Min: 0.0, Avg: 0.0, Max: 0.0, Diff: 0.0, Sum: 0.2]
      [GC Worker Total (ms): Min: 169.8, Avg: 169.9, Max: 169.9, Diff: 0.2, Sum: 1359.1]
      [GC Worker End (ms): Min: 69769.3, Avg: 69769.4, Max: 69769.4, Diff: 0.0]
   [Code Root Fixup: 0.0 ms]
   [Code Root Purge: 0.0 ms]
   [Clear CT: 0.2 ms]
   [Other: 1.6 ms]
      [Choose CSet: 0.0 ms]
      [Ref Proc: 0.3 ms]
      [Ref Enq: 0.0 ms]
      [Redirty Cards: 0.4 ms]
      [Humongous Register: 0.0 ms]
      [Humongous Reclaim: 0.0 ms]
      [Free CSet: 0.1 ms]
   [Eden: 162.0M(162.0M)->0.0B(159.0M) Survivors: 24.0M->24.0M Heap: 790.1M(1460.0M)->790.3M(1578.0M)]
 [Times: user=1.33 sys=0.01, real=0.17 secs] 
70.014: [GC pause (G1 Evacuation Pause) (young) (initial-mark)70.190: [SoftReference, 0 refs, 0.0000290 secs]70.190: [WeakReference, 0 refs, 0.0000030 secs]70.190: [FinalReference, 0 refs, 0.0000026 secs]70.190: [PhantomReference, 0 refs, 0 refs, 0.0000029 secs]70.190: [JNI Weak Reference, 0.0000030 secs], 0.1765795 secs]
   [Parallel Time: 174.4 ms, GC Workers: 8]
      [GC Worker Start (ms): Min: 70014.5, Avg: 70014.6, Max: 70014.7, Diff: 0.1]
      [Ext Root Scanning (ms): Min: 0.1, Avg: 0.1, Max: 0.2, Diff: 0.1, Sum: 0.9]
      [Update RS (ms): Min: 15.8, Avg: 15.9, Max: 15.9, Diff: 0.1, Sum: 127.0]
         [Processed Buffers: Min: 37, Avg: 38.8, Max: 40, Diff: 3, Sum: 310]
      [Scan RS (ms): Min: 0.2, Avg: 0.3, Max: 0.4, Diff: 0.2, Sum: 2.3]
      [Code Root Scanning (ms): Min: 0.0, Avg: 0.0, Max: 0.0, Diff: 0.0, Sum: 0.0]
      [Object Copy (ms): Min: 157.7, Avg: 157.7, Max: 157.8, Diff: 0.1, Sum: 1261.7]
      [Termination (ms): Min: 0.2, Avg: 0.2, Max: 0.3, Diff: 0.1, Sum: 1.9]
         [Termination Attempts: Min: 268, Avg: 311.2, Max: 342, Diff: 74, Sum: 2490]
      [GC Worker Other (ms): Min: 0.0, Avg: 0.0, Max: 0.1, Diff: 0.0, Sum: 0.3]
      [GC Worker Total (ms): Min: 174.2, Avg: 174.3, Max: 174.3, Diff: 0.1, Sum: 1394.2]
      [GC Worker End (ms): Min: 70188.9, Avg: 70188.9, Max: 70188.9, Diff: 0.0]
   [Code Root Fixup: 0.0 ms]
   [Code Root Purge: 0.0 ms]
   [Clear CT: 0.1 ms]
   [Other: 2.0 ms]
      [Choose CSet: 0.0 ms]
      [Ref Proc: 0.7 ms]
      [Ref Enq: 0.0 ms]
      [Redirty Cards: 0.5 ms]
      [Humongous Register: 0.0 ms]
      [Humongous Reclaim: 0.0 ms]
      [Free CSet: 0.1 ms]
   [Eden: 159.0M(159.0M)->0.0B(163.0M) Survivors: 24.0M->23.0M Heap: 949.3M(1578.0M)->951.3M(1672.0M)]
 [Times: user=1.36 sys=0.00, real=0.18 secs] 
70.191: [GC concurrent-root-region-scan-start]
70.206: [GC concurrent-root-region-scan-end, 0.0148829 secs]
70.206: [GC concurrent-mark-start]
70.447: [GC pause (G1 Evacuation Pause) (young)70.636: [SoftReference, 0 refs, 0.0000227 secs]70.636: [WeakReference, 0 refs, 0.0000030 secs]70.636: [FinalReference, 0 refs, 0.0000028 secs]70.636: [PhantomReference, 0 refs, 0 refs, 0.0000031 secs]70.636: [JNI Weak Reference, 0.0000027 secs], 0.1897479 secs]
   [Parallel Time: 185.8 ms, GC Workers: 8]
      [GC Worker Start (ms): Min: 70447.4, Avg: 70447.9, Max: 70448.9, Diff: 1.6]
      [Ext Root Scanning (ms): Min: 0.0, Avg: 0.1, Max: 0.2, Diff: 0.2, Sum: 0.7]
      [Update RS (ms): Min: 16.6, Avg: 17.5, Max: 18.0, Diff: 1.4, Sum: 140.2]
         [Processed Buffers: Min: 40, Avg: 42.5, Max: 45, Diff: 5, Sum: 340]
      [Scan RS (ms): Min: 0.3, Avg: 0.4, Max: 0.4, Diff: 0.1, Sum: 3.0]
      [Code Root Scanning (ms): Min: 0.0, Avg: 0.0, Max: 0.0, Diff: 0.0, Sum: 0.0]
      [Object Copy (ms): Min: 166.8, Avg: 166.9, Max: 166.9, Diff: 0.1, Sum: 1334.9]
      [Termination (ms): Min: 0.2, Avg: 0.2, Max: 0.3, Diff: 0.1, Sum: 1.8]
         [Termination Attempts: Min: 251, Avg: 295.1, Max: 330, Diff: 79, Sum: 2361]
      [GC Worker Other (ms): Min: 0.0, Avg: 0.0, Max: 0.1, Diff: 0.0, Sum: 0.3]
      [GC Worker Total (ms): Min: 184.1, Avg: 185.1, Max: 185.7, Diff: 1.6, Sum: 1481.0]
      [GC Worker End (ms): Min: 70633.0, Avg: 70633.1, Max: 70633.1, Diff: 0.0]
   [Code Root Fixup: 0.0 ms]
   [Code Root Purge: 0.0 ms]
   [Clear CT: 0.1 ms]
   [Other: 3.8 ms]
      [Choose CSet: 0.0 ms]
      [Ref Proc: 2.7 ms]
      [Ref Enq: 0.0 ms]
      [Redirty Cards: 0.5 ms]
      [Humongous Register: 0.0 ms]
      [Humongous Reclaim: 0.0 ms]
      [Free CSet: 0.1 ms]
   [Eden: 163.0M(163.0M)->0.0B(150.0M) Survivors: 23.0M->24.0M Heap: 1114.3M(1672.0M)->1115.8M(1748.0M)]
 [Times: user=1.48 sys=0.01, real=0.19 secs] 
70.867: [GC pause (G1 Evacuation Pause) (young)71.049: [SoftReference, 0 refs, 0.0000244 secs]71.049: [WeakReference, 0 refs, 0.0000031 secs]71.049: [FinalReference, 0 refs, 0.0000152 secs]71.050: [PhantomReference, 0 refs, 0 refs, 0.0000035 secs]71.050: [JNI Weak Reference, 0.0000028 secs], 0.1835738 secs]
   [Parallel Time: 179.4 ms, GC Workers: 8]
      [GC Worker Start (ms): Min: 70867.1, Avg: 70867.2, Max: 70867.2, Diff: 0.1]
      [Ext Root Scanning (ms): Min: 0.1, Avg: 0.1, Max: 0.2, Diff: 0.1, Sum: 0.9]
      [Update RS (ms): Min: 19.0, Avg: 19.1, Max: 19.2, Diff: 0.1, Sum: 152.4]
         [Processed Buffers: Min: 44, Avg: 46.6, Max: 49, Diff: 5, Sum: 373]
      [Scan RS (ms): Min: 0.3, Avg: 0.4, Max: 0.4, Diff: 0.1, Sum: 3.1]
      [Code Root Scanning (ms): Min: 0.0, Avg: 0.0, Max: 0.0, Diff: 0.0, Sum: 0.0]
      [Object Copy (ms): Min: 159.2, Avg: 159.3, Max: 159.4, Diff: 0.2, Sum: 1274.6]
      [Termination (ms): Min: 0.3, Avg: 0.4, Max: 0.5, Diff: 0.2, Sum: 3.2]
         [Termination Attempts: Min: 331, Avg: 495.2, Max: 573, Diff: 242, Sum: 3962]
      [GC Worker Other (ms): Min: 0.0, Avg: 0.0, Max: 0.1, Diff: 0.0, Sum: 0.3]
      [GC Worker Total (ms): Min: 179.2, Avg: 179.3, Max: 179.4, Diff: 0.1, Sum: 1434.5]
      [GC Worker End (ms): Min: 71046.5, Avg: 71046.5, Max: 71046.5, Diff: 0.0]
   [Code Root Fixup: 0.0 ms]
   [Code Root Purge: 0.0 ms]
   [Clear CT: 0.1 ms]
   [Other: 4.0 ms]
      [Choose CSet: 0.0 ms]
      [Ref Proc: 3.0 ms]
      [Ref Enq: 0.0 ms]
      [Redirty Cards: 0.5 ms]
      [Humongous Register: 0.0 ms]
      [Humongous Reclaim: 0.0 ms]
      [Free CSet: 0.1 ms]
   [Eden: 150.0M(150.0M)->0.0B(154.0M) Survivors: 24.0M->22.0M Heap: 1265.8M(1748.0M)->1267.8M(1808.0M)]
 [Times: user=1.39 sys=0.00, real=0.19 secs] 
71.245: [GC pause (G1 Evacuation Pause) (young)71.435: [SoftReference, 0 refs, 0.0000251 secs]71.435: [WeakReference, 0 refs, 0.0000034 secs]71.435: [FinalReference, 0 refs, 0.0000027 secs]71.435: [PhantomReference, 0 refs, 0 refs, 0.0000033 secs]71.435: [JNI Weak Reference, 0.0000028 secs], 0.1914822 secs]
   [Parallel Time: 187.6 ms, GC Workers: 8]
      [GC Worker Start (ms): Min: 71245.1, Avg: 71245.2, Max: 71245.2, Diff: 0.1]
      [Ext Root Scanning (ms): Min: 0.1, Avg: 0.1, Max: 0.2, Diff: 0.1, Sum: 0.8]
      [Update RS (ms): Min: 20.5, Avg: 20.5, Max: 20.8, Diff: 0.4, Sum: 164.4]
         [Processed Buffers: Min: 50, Avg: 51.1, Max: 53, Diff: 3, Sum: 409]
      [Scan RS (ms): Min: 0.2, Avg: 0.4, Max: 0.5, Diff: 0.4, Sum: 3.4]
      [Code Root Scanning (ms): Min: 0.0, Avg: 0.0, Max: 0.0, Diff: 0.0, Sum: 0.0]
      [Object Copy (ms): Min: 165.5, Avg: 165.6, Max: 166.2, Diff: 0.7, Sum: 1325.1]
      [Termination (ms): Min: 0.2, Avg: 0.7, Max: 0.8, Diff: 0.7, Sum: 5.8]
         [Termination Attempts: Min: 257, Avg: 291.9, Max: 325, Diff: 68, Sum: 2335]
      [GC Worker Other (ms): Min: 0.0, Avg: 0.0, Max: 0.1, Diff: 0.0, Sum: 0.3]
      [GC Worker Total (ms): Min: 187.4, Avg: 187.5, Max: 187.5, Diff: 0.1, Sum: 1499.8]
      [GC Worker End (ms): Min: 71432.6, Avg: 71432.7, Max: 71432.7, Diff: 0.0]
   [Code Root Fixup: 0.0 ms]
   [Code Root Purge: 0.0 ms]
   [Clear CT: 0.2 ms]
   [Other: 3.7 ms]
      [Choose CSet: 0.0 ms]
      [Ref Proc: 2.6 ms]
      [Ref Enq: 0.0 ms]
      [Redirty Cards: 0.6 ms]
      [Humongous Register: 0.0 ms]
      [Humongous Reclaim: 0.0 ms]
      [Free CSet: 0.1 ms]
   [Eden: 154.0M(154.0M)->0.0B(122.0M) Survivors: 22.0M->22.0M Heap: 1421.8M(1808.0M)->1423.3M(1856.0M)]
 [Times: user=1.45 sys=0.00, real=0.19 secs] 
71.616: [GC concurrent-mark-end, 1.4103311 secs]
71.616: [GC remark 71.616: [Finalize Marking, 0.0008515 secs] 71.617: [GC ref-proc71.617: [SoftReference, 0 refs, 0.0000141 secs]71.617: [WeakReference, 144028 refs, 0.0127242 secs]71.630: [FinalReference, 33 refs, 0.0000137 secs]71.630: [PhantomReference, 0 refs, 0 refs, 0.0000150 secs]71.630: [JNI Weak Reference, 0.0000034 secs], 0.0127928 secs] 71.630: [Unloading, 0.0004944 secs], 0.0172935 secs]
 [Times: user=0.04 sys=0.00, real=0.02 secs] 
71.634: [GC cleanup 1507M->1507M(1856M), 0.0021522 secs]
 [Times: user=0.01 sys=0.00, real=0.00 secs] 
71.703: [GC pause (G1 Evacuation Pause) (young)71.855: [SoftReference, 0 refs, 0.0000250 secs]71.855: [WeakReference, 0 refs, 0.0000155 secs]71.855: [FinalReference, 0 refs, 0.0000027 secs]71.855: [PhantomReference, 0 refs, 0 refs, 0.0000029 secs]71.855: [JNI Weak Reference, 0.0000027 secs], 0.1524752 secs]
   [Parallel Time: 151.3 ms, GC Workers: 8]
      [GC Worker Start (ms): Min: 71703.2, Avg: 71703.3, Max: 71703.4, Diff: 0.2]
      [Ext Root Scanning (ms): Min: 0.0, Avg: 0.1, Max: 0.2, Diff: 0.2, Sum: 0.9]
      [Update RS (ms): Min: 21.4, Avg: 21.6, Max: 22.2, Diff: 0.8, Sum: 172.4]
         [Processed Buffers: Min: 42, Avg: 46.0, Max: 49, Diff: 7, Sum: 368]
      [Scan RS (ms): Min: 0.0, Avg: 0.6, Max: 0.8, Diff: 0.8, Sum: 5.0]
      [Code Root Scanning (ms): Min: 0.0, Avg: 0.0, Max: 0.0, Diff: 0.0, Sum: 0.0]
      [Object Copy (ms): Min: 128.7, Avg: 128.8, Max: 128.8, Diff: 0.2, Sum: 1030.1]
      [Termination (ms): Min: 0.1, Avg: 0.2, Max: 0.2, Diff: 0.0, Sum: 1.2]
         [Termination Attempts: Min: 221, Avg: 245.1, Max: 273, Diff: 52, Sum: 1961]
      [GC Worker Other (ms): Min: 0.0, Avg: 0.0, Max: 0.1, Diff: 0.0, Sum: 0.2]
      [GC Worker Total (ms): Min: 151.1, Avg: 151.2, Max: 151.3, Diff: 0.2, Sum: 1209.9]
      [GC Worker End (ms): Min: 71854.5, Avg: 71854.5, Max: 71854.5, Diff: 0.0]
   [Code Root Fixup: 0.0 ms]
   [Code Root Purge: 0.0 ms]
   [Clear CT: 0.1 ms]
   [Other: 1.0 ms]
      [Choose CSet: 0.0 ms]
      [Ref Proc: 0.2 ms]
      [Ref Enq: 0.0 ms]
      [Redirty Cards: 0.4 ms]
      [Humongous Register: 0.0 ms]
      [Humongous Reclaim: 0.0 ms]
      [Free CSet: 0.1 ms]
   [Eden: 122.0M(122.0M)->0.0B(77.0M) Survivors: 22.0M->18.0M Heap: 1545.3M(1856.0M)->1548.3M(1895.0M)]
 [Times: user=1.17 sys=0.00, real=0.15 secs] 
71.962: [GC pause (G1 Evacuation Pause) (young)72.066: [SoftReference, 0 refs, 0.0000245 secs]72.066: [WeakReference, 0 refs, 0.0000033 secs]72.066: [FinalReference, 0 refs, 0.0000029 secs]72.066: [PhantomReference, 0 refs, 0 refs, 0.0000032 secs]72.066: [JNI Weak Reference, 0.0000031 secs], 0.1046676 secs]
   [Parallel Time: 103.6 ms, GC Workers: 8]
      [GC Worker Start (ms): Min: 71962.2, Avg: 71962.3, Max: 71962.3, Diff: 0.1]
      [Ext Root Scanning (ms): Min: 0.1, Avg: 0.1, Max: 0.2, Diff: 0.1, Sum: 0.9]
      [Update RS (ms): Min: 17.5, Avg: 17.5, Max: 17.7, Diff: 0.2, Sum: 140.4]
         [Processed Buffers: Min: 39, Avg: 41.4, Max: 46, Diff: 7, Sum: 331]
      [Scan RS (ms): Min: 0.4, Avg: 0.5, Max: 0.6, Diff: 0.2, Sum: 4.4]
      [Code Root Scanning (ms): Min: 0.0, Avg: 0.0, Max: 0.0, Diff: 0.0, Sum: 0.0]
      [Object Copy (ms): Min: 84.7, Avg: 84.8, Max: 85.0, Diff: 0.3, Sum: 678.0]
      [Termination (ms): Min: 0.1, Avg: 0.5, Max: 0.6, Diff: 0.4, Sum: 3.7]
         [Termination Attempts: Min: 124, Avg: 139.1, Max: 158, Diff: 34, Sum: 1113]
      [GC Worker Other (ms): Min: 0.0, Avg: 0.0, Max: 0.0, Diff: 0.0, Sum: 0.1]
      [GC Worker Total (ms): Min: 103.3, Avg: 103.4, Max: 103.5, Diff: 0.3, Sum: 827.5]
      [GC Worker End (ms): Min: 72065.6, Avg: 72065.7, Max: 72065.7, Diff: 0.2]
   [Code Root Fixup: 0.0 ms]
   [Code Root Purge: 0.0 ms]
   [Clear CT: 0.1 ms]
   [Other: 0.9 ms]
      [Choose CSet: 0.0 ms]
      [Ref Proc: 0.3 ms]
      [Ref Enq: 0.0 ms]
      [Redirty Cards: 0.2 ms]
      [Humongous Register: 0.0 ms]
      [Humongous Reclaim: 0.0 ms]
      [Free CSet: 0.0 ms]
   [Eden: 77.0M(77.0M)->0.0B(84.0M) Survivors: 18.0M->12.0M Heap: 1625.3M(1895.0M)->1627.8M(1926.0M)]
 [Times: user=0.82 sys=0.00, real=0.10 secs] 
72.170: [GC pause (G1 Evacuation Pause) (young) (initial-mark)72.276: [SoftReference, 0 refs, 0.0000265 secs]72.276: [WeakReference, 0 refs, 0.0000031 secs]72.276: [FinalReference, 0 refs, 0.0000027 secs]72.276: [PhantomReference, 0 refs, 0 refs, 0.0000031 secs]72.276: [JNI Weak Reference, 0.0000028 secs], 0.1065550 secs]
   [Parallel Time: 104.9 ms, GC Workers: 8]
      [GC Worker Start (ms): Min: 72170.1, Avg: 72170.1, Max: 72170.2, Diff: 0.1]
      [Ext Root Scanning (ms): Min: 0.1, Avg: 0.1, Max: 0.2, Diff: 0.1, Sum: 1.0]
      [Update RS (ms): Min: 20.4, Avg: 20.5, Max: 20.6, Diff: 0.2, Sum: 164.0]
         [Processed Buffers: Min: 45, Avg: 45.5, Max: 46, Diff: 1, Sum: 364]
      [Scan RS (ms): Min: 0.1, Avg: 0.3, Max: 0.3, Diff: 0.2, Sum: 2.0]
      [Code Root Scanning (ms): Min: 0.0, Avg: 0.0, Max: 0.0, Diff: 0.0, Sum: 0.0]
      [Object Copy (ms): Min: 83.7, Avg: 83.7, Max: 83.8, Diff: 0.1, Sum: 669.8]
      [Termination (ms): Min: 0.1, Avg: 0.1, Max: 0.2, Diff: 0.1, Sum: 1.1]
         [Termination Attempts: Min: 164, Avg: 193.8, Max: 229, Diff: 65, Sum: 1550]
      [GC Worker Other (ms): Min: 0.0, Avg: 0.0, Max: 0.1, Diff: 0.1, Sum: 0.3]
      [GC Worker Total (ms): Min: 104.7, Avg: 104.8, Max: 104.9, Diff: 0.2, Sum: 838.3]
      [GC Worker End (ms): Min: 72274.9, Avg: 72274.9, Max: 72275.0, Diff: 0.1]
   [Code Root Fixup: 0.0 ms]
   [Code Root Purge: 0.0 ms]
   [Clear CT: 0.1 ms]
   [Other: 1.5 ms]
      [Choose CSet: 0.0 ms]
      [Ref Proc: 0.8 ms]
      [Ref Enq: 0.0 ms]
      [Redirty Cards: 0.3 ms]
      [Humongous Register: 0.0 ms]
      [Humongous Reclaim: 0.0 ms]
      [Free CSet: 0.1 ms]
   [Eden: 84.0M(84.0M)->0.0B(85.0M) Survivors: 12.0M->12.0M Heap: 1711.8M(1926.0M)->1713.8M(1951.0M)]
 [Times: user=0.83 sys=0.00, real=0.10 secs] 
72.277: [GC concurrent-root-region-scan-start]
72.282: [GC concurrent-root-region-scan-end, 0.0050305 secs]
72.282: [GC concurrent-mark-start]
72.406: [GC pause (G1 Evacuation Pause) (young)72.515: [SoftReference, 0 refs, 0.0000245 secs]72.515: [WeakReference, 0 refs, 0.0000032 secs]72.515: [FinalReference, 0 refs, 0.0000027 secs]72.515: [PhantomReference, 0 refs, 0 refs, 0.0000032 secs]72.515: [JNI Weak Reference, 0.0000030 secs], 0.1099816 secs]
   [Parallel Time: 106.7 ms, GC Workers: 8]
      [GC Worker Start (ms): Min: 72406.1, Avg: 72406.2, Max: 72406.2, Diff: 0.1]
      [Ext Root Scanning (ms): Min: 0.1, Avg: 0.1, Max: 0.2, Diff: 0.1, Sum: 0.9]
      [Update RS (ms): Min: 17.8, Avg: 17.9, Max: 18.0, Diff: 0.1, Sum: 142.9]
         [Processed Buffers: Min: 34, Avg: 40.9, Max: 45, Diff: 11, Sum: 327]
      [Scan RS (ms): Min: 0.0, Avg: 0.2, Max: 0.3, Diff: 0.2, Sum: 1.2]
      [Code Root Scanning (ms): Min: 0.0, Avg: 0.0, Max: 0.0, Diff: 0.0, Sum: 0.0]
      [Object Copy (ms): Min: 88.3, Avg: 88.3, Max: 88.4, Diff: 0.1, Sum: 706.8]
      [Termination (ms): Min: 0.1, Avg: 0.1, Max: 0.1, Diff: 0.0, Sum: 0.9]
         [Termination Attempts: Min: 128, Avg: 157.8, Max: 201, Diff: 73, Sum: 1262]
      [GC Worker Other (ms): Min: 0.0, Avg: 0.0, Max: 0.0, Diff: 0.0, Sum: 0.2]
      [GC Worker Total (ms): Min: 106.6, Avg: 106.6, Max: 106.7, Diff: 0.1, Sum: 853.0]
      [GC Worker End (ms): Min: 72512.8, Avg: 72512.8, Max: 72512.8, Diff: 0.0]
   [Code Root Fixup: 0.0 ms]
   [Code Root Purge: 0.0 ms]
   [Clear CT: 0.1 ms]
   [Other: 3.2 ms]
      [Choose CSet: 0.0 ms]
      [Ref Proc: 2.6 ms]
      [Ref Enq: 0.0 ms]
      [Redirty Cards: 0.2 ms]
      [Humongous Register: 0.0 ms]
      [Humongous Reclaim: 0.0 ms]
      [Free CSet: 0.0 ms]
   [Eden: 85.0M(85.0M)->0.0B(85.0M) Survivors: 12.0M->13.0M Heap: 1798.8M(1951.0M)->1799.8M(1971.0M)]
 [Times: user=0.86 sys=0.00, real=0.11 secs] 
72.621: [GC pause (G1 Evacuation Pause) (young)72.737: [SoftReference, 0 refs, 0.0000221 secs]72.738: [WeakReference, 0 refs, 0.0000031 secs]72.738: [FinalReference, 0 refs, 0.0000029 secs]72.738: [PhantomReference, 0 refs, 0 refs, 0.0000032 secs]72.738: [JNI Weak Reference, 0.0000027 secs], 0.1168046 secs]
   [Parallel Time: 113.6 ms, GC Workers: 8]
      [GC Worker Start (ms): Min: 72621.4, Avg: 72621.5, Max: 72621.5, Diff: 0.1]
      [Ext Root Scanning (ms): Min: 0.1, Avg: 0.1, Max: 0.2, Diff: 0.1, Sum: 0.9]
      [Update RS (ms): Min: 19.9, Avg: 20.0, Max: 20.1, Diff: 0.2, Sum: 160.1]
         [Processed Buffers: Min: 44, Avg: 44.9, Max: 47, Diff: 3, Sum: 359]
      [Scan RS (ms): Min: 0.4, Avg: 0.5, Max: 0.5, Diff: 0.1, Sum: 3.9]
      [Code Root Scanning (ms): Min: 0.0, Avg: 0.0, Max: 0.0, Diff: 0.0, Sum: 0.0]
      [Object Copy (ms): Min: 91.9, Avg: 92.1, Max: 92.6, Diff: 0.7, Sum: 736.6]
      [Termination (ms): Min: 0.2, Avg: 0.8, Max: 0.9, Diff: 0.7, Sum: 6.0]
         [Termination Attempts: Min: 227, Avg: 247.8, Max: 267, Diff: 40, Sum: 1982]
      [GC Worker Other (ms): Min: 0.0, Avg: 0.0, Max: 0.0, Diff: 0.0, Sum: 0.2]
      [GC Worker Total (ms): Min: 113.4, Avg: 113.5, Max: 113.5, Diff: 0.1, Sum: 907.7]
      [GC Worker End (ms): Min: 72734.9, Avg: 72735.0, Max: 72735.0, Diff: 0.0]
   [Code Root Fixup: 0.0 ms]
   [Code Root Purge: 0.0 ms]
   [Clear CT: 0.1 ms]
   [Other: 3.1 ms]
      [Choose CSet: 0.0 ms]
      [Ref Proc: 2.5 ms]
      [Ref Enq: 0.0 ms]
      [Redirty Cards: 0.4 ms]
      [Humongous Register: 0.0 ms]
      [Humongous Reclaim: 0.0 ms]
      [Free CSet: 0.0 ms]
   [Eden: 85.0M(85.0M)->0.0B(87.0M) Survivors: 13.0M->13.0M Heap: 1884.8M(1971.0M)->1886.8M(2000.0M)]
 [Times: user=0.91 sys=0.01, real=0.11 secs] 
72.843: [GC pause (G1 Evacuation Pause) (young)73.035: [SoftReference, 0 refs, 0.0000215 secs]73.035: [WeakReference, 0 refs, 0.0000029 secs]73.035: [FinalReference, 0 refs, 0.0000025 secs]73.035: [PhantomReference, 0 refs, 0 refs, 0.0000029 secs]73.035: [JNI Weak Reference, 0.0000026 secs] (to-space exhausted), 0.2049901 secs]
   [Parallel Time: 189.6 ms, GC Workers: 8]
      [GC Worker Start (ms): Min: 72843.0, Avg: 72843.9, Max: 72846.5, Diff: 3.5]
      [Ext Root Scanning (ms): Min: 0.0, Avg: 0.1, Max: 0.2, Diff: 0.2, Sum: 0.8]
      [Update RS (ms): Min: 16.3, Avg: 18.9, Max: 19.8, Diff: 3.5, Sum: 150.8]
         [Processed Buffers: Min: 37, Avg: 40.4, Max: 43, Diff: 6, Sum: 323]
      [Scan RS (ms): Min: 0.4, Avg: 0.5, Max: 0.6, Diff: 0.1, Sum: 4.3]
      [Code Root Scanning (ms): Min: 0.0, Avg: 0.0, Max: 0.0, Diff: 0.0, Sum: 0.0]
      [Object Copy (ms): Min: 90.7, Avg: 158.8, Max: 168.9, Diff: 78.2, Sum: 1270.4]
      [Termination (ms): Min: 0.0, Avg: 10.2, Max: 78.4, Diff: 78.4, Sum: 81.2]
         [Termination Attempts: Min: 6, Avg: 12.1, Max: 18, Diff: 12, Sum: 97]
      [GC Worker Other (ms): Min: 0.0, Avg: 0.0, Max: 0.0, Diff: 0.0, Sum: 0.1]
      [GC Worker Total (ms): Min: 185.8, Avg: 188.5, Max: 189.4, Diff: 3.6, Sum: 1507.7]
      [GC Worker End (ms): Min: 73032.3, Avg: 73032.4, Max: 73032.5, Diff: 0.2]
   [Code Root Fixup: 0.0 ms]
   [Code Root Purge: 0.0 ms]
   [Clear CT: 0.1 ms]
   [Other: 15.3 ms]
      [Evacuation Failure: 12.3 ms]
      [Choose CSet: 0.0 ms]
      [Ref Proc: 2.5 ms]
      [Ref Enq: 0.0 ms]
      [Redirty Cards: 0.3 ms]
      [Humongous Register: 0.0 ms]
      [Humongous Reclaim: 0.0 ms]
      [Free CSet: 0.0 ms]
   [Eden: 87.0M(87.0M)->0.0B(89.0M) Survivors: 13.0M->13.0M Heap: 1973.8M(2000.0M)->1979.3M(2048.0M)]
 [Times: user=0.84 sys=0.03, real=0.20 secs] 
73.129: [GC pause (G1 Evacuation Pause) (young)73.609: [SoftReference, 0 refs, 0.0000227 secs]73.610: [WeakReference, 0 refs, 0.0000032 secs]73.610: [FinalReference, 0 refs, 0.0000026 secs]73.610: [PhantomReference, 0 refs, 0 refs, 0.0000159 secs]73.610: [JNI Weak Reference, 0.0000026 secs] (to-space exhausted), 0.5075590 secs]
   [Parallel Time: 477.5 ms, GC Workers: 8]
      [GC Worker Start (ms): Min: 73129.5, Avg: 73132.9, Max: 73139.6, Diff: 10.1]
      [Ext Root Scanning (ms): Min: 0.0, Avg: 0.1, Max: 0.2, Diff: 0.2, Sum: 0.5]
      [Update RS (ms): Min: 0.0, Avg: 19.5, Max: 26.6, Diff: 26.6, Sum: 156.3]
         [Processed Buffers: Min: 0, Avg: 39.2, Max: 60, Diff: 60, Sum: 314]
      [Scan RS (ms): Min: 0.0, Avg: 0.0, Max: 0.0, Diff: 0.0, Sum: 0.1]
      [Code Root Scanning (ms): Min: 0.0, Avg: 0.0, Max: 0.0, Diff: 0.0, Sum: 0.0]
      [Object Copy (ms): Min: 450.7, Avg: 454.5, Max: 477.3, Diff: 26.6, Sum: 3635.8]
      [Termination (ms): Min: 0.0, Avg: 0.0, Max: 0.0, Diff: 0.0, Sum: 0.2]
         [Termination Attempts: Min: 1, Avg: 1.0, Max: 1, Diff: 0, Sum: 8]
      [GC Worker Other (ms): Min: 0.0, Avg: 0.0, Max: 0.0, Diff: 0.0, Sum: 0.1]
      [GC Worker Total (ms): Min: 467.4, Avg: 474.1, Max: 477.5, Diff: 10.1, Sum: 3792.9]
      [GC Worker End (ms): Min: 73607.0, Avg: 73607.0, Max: 73607.0, Diff: 0.0]
   [Code Root Fixup: 0.0 ms]
   [Code Root Purge: 0.0 ms]
   [Clear CT: 0.1 ms]
   [Other: 29.9 ms]
      [Evacuation Failure: 27.1 ms]
      [Choose CSet: 0.0 ms]
      [Ref Proc: 2.5 ms]
      [Ref Enq: 0.0 ms]
      [Redirty Cards: 0.2 ms]
      [Humongous Register: 0.0 ms]
      [Humongous Reclaim: 0.0 ms]
      [Free CSet: 0.0 ms]
   [Eden: 67.0M(89.0M)->0.0B(102.0M) Survivors: 13.0M->0.0B Heap: 2046.3M(2048.0M)->2046.3M(2048.0M)]
 [Times: user=0.76 sys=0.01, real=0.50 secs] 
73.637: [GC pause (G1 Evacuation Pause) (young)73.644: [SoftReference, 0 refs, 0.0000155 secs]73.644: [WeakReference, 0 refs, 0.0000030 secs]73.644: [FinalReference, 0 refs, 0.0000027 secs]73.644: [PhantomReference, 0 refs, 0 refs, 0.0000031 secs]73.644: [JNI Weak Reference, 0.0000024 secs], 0.0066943 secs]
   [Parallel Time: 4.0 ms, GC Workers: 8]
      [GC Worker Start (ms): Min: 73637.3, Avg: 73637.4, Max: 73637.4, Diff: 0.1]
      [Ext Root Scanning (ms): Min: 0.1, Avg: 0.1, Max: 0.2, Diff: 0.1, Sum: 0.9]
      [Update RS (ms): Min: 3.5, Avg: 3.6, Max: 3.7, Diff: 0.1, Sum: 29.0]
         [Processed Buffers: Min: 14, Avg: 16.8, Max: 20, Diff: 6, Sum: 134]
      [Scan RS (ms): Min: 0.0, Avg: 0.0, Max: 0.0, Diff: 0.0, Sum: 0.0]
      [Code Root Scanning (ms): Min: 0.0, Avg: 0.0, Max: 0.0, Diff: 0.0, Sum: 0.0]
      [Object Copy (ms): Min: 0.0, Avg: 0.0, Max: 0.0, Diff: 0.0, Sum: 0.0]
      [Termination (ms): Min: 0.0, Avg: 0.1, Max: 0.2, Diff: 0.2, Sum: 0.5]
         [Termination Attempts: Min: 1, Avg: 1.0, Max: 1, Diff: 0, Sum: 8]
      [GC Worker Other (ms): Min: 0.0, Avg: 0.0, Max: 0.0, Diff: 0.0, Sum: 0.0]
      [GC Worker Total (ms): Min: 3.8, Avg: 3.8, Max: 3.9, Diff: 0.2, Sum: 30.5]
      [GC Worker End (ms): Min: 73641.2, Avg: 73641.2, Max: 73641.2, Diff: 0.0]
   [Code Root Fixup: 0.0 ms]
   [Code Root Purge: 0.0 ms]
   [Clear CT: 0.1 ms]
   [Other: 2.7 ms]
      [Choose CSet: 0.0 ms]
      [Ref Proc: 2.4 ms]
      [Ref Enq: 0.0 ms]
      [Redirty Cards: 0.1 ms]
      [Humongous Register: 0.0 ms]
      [Humongous Reclaim: 0.0 ms]
      [Free CSet: 0.0 ms]
   [Eden: 0.0B(102.0M)->0.0B(102.0M) Survivors: 0.0B->0.0B Heap: 2046.3M(2048.0M)->2046.3M(2048.0M)]
 [Times: user=0.05 sys=0.00, real=0.01 secs] 
73.644: [Full GC (Allocation Failure) 74.956: [SoftReference, 0 refs, 0.0000271 secs]74.956: [WeakReference, 1048570 refs, 0.0572171 secs]75.013: [FinalReference, 2 refs, 0.0000078 secs]75.013: [PhantomReference, 0 refs, 0 refs, 0.0000042 secs]75.013: [JNI Weak Reference, 0.0000034 secs] 2046M->1628M(2048M), 3.2164167 secs]
   [Eden: 0.0B(102.0M)->0.0B(112.0M) Survivors: 0.0B->0.0B Heap: 2046.3M(2048.0M)->1628.1M(2048.0M)], [Metaspace: 3227K->3227K(1056768K)]
 [Times: user=4.95 sys=0.02, real=3.22 secs] 
76.861: [GC concurrent-mark-abort]
77.359: [GC pause (G1 Evacuation Pause) (young)77.488: [SoftReference, 0 refs, 0.0000248 secs]77.488: [WeakReference, 396702 refs, 0.0399695 secs]77.528: [FinalReference, 0 refs, 0.0000068 secs]77.528: [PhantomReference, 0 refs, 0 refs, 0.0000042 secs]77.528: [JNI Weak Reference, 0.0000035 secs], 0.1698439 secs]
   [Parallel Time: 128.2 ms, GC Workers: 8]
      [GC Worker Start (ms): Min: 77359.5, Avg: 77359.5, Max: 77359.6, Diff: 0.1]
      [Ext Root Scanning (ms): Min: 0.1, Avg: 0.1, Max: 0.2, Diff: 0.1, Sum: 0.9]
      [Update RS (ms): Min: 19.9, Avg: 20.1, Max: 20.3, Diff: 0.5, Sum: 160.6]
         [Processed Buffers: Min: 45, Avg: 46.0, Max: 47, Diff: 2, Sum: 368]
      [Scan RS (ms): Min: 0.0, Avg: 0.0, Max: 0.0, Diff: 0.0, Sum: 0.1]
      [Code Root Scanning (ms): Min: 0.0, Avg: 0.0, Max: 0.0, Diff: 0.0, Sum: 0.0]
      [Object Copy (ms): Min: 106.6, Avg: 107.5, Max: 107.8, Diff: 1.2, Sum: 860.3]
      [Termination (ms): Min: 0.1, Avg: 0.3, Max: 1.0, Diff: 0.9, Sum: 2.6]
         [Termination Attempts: Min: 241, Avg: 289.8, Max: 341, Diff: 100, Sum: 2318]
      [GC Worker Other (ms): Min: 0.0, Avg: 0.0, Max: 0.0, Diff: 0.0, Sum: 0.2]
      [GC Worker Total (ms): Min: 128.0, Avg: 128.1, Max: 128.1, Diff: 0.1, Sum: 1024.6]
      [GC Worker End (ms): Min: 77487.6, Avg: 77487.6, Max: 77487.6, Diff: 0.0]
   [Code Root Fixup: 0.0 ms]
   [Code Root Purge: 0.0 ms]
   [Clear CT: 0.1 ms]
   [Other: 41.5 ms]
      [Choose CSet: 0.0 ms]
      [Ref Proc: 40.7 ms]
      [Ref Enq: 0.0 ms]
      [Redirty Cards: 0.6 ms]
      [Humongous Register: 0.0 ms]
      [Humongous Reclaim: 0.0 ms]
      [Free CSet: 0.1 ms]
   [Eden: 112.0M(112.0M)->0.0B(88.0M) Survivors: 0.0B->14.0M Heap: 1740.1M(2048.0M)->1743.1M(2048.0M)]
 [Times: user=1.06 sys=0.00, real=0.17 secs] 
77.635: [GC pause (G1 Evacuation Pause) (young) (initial-mark)77.758: [SoftReference, 0 refs, 0.0000384 secs]77.758: [WeakReference, 311645 refs, 0.0305698 secs]77.788: [FinalReference, 0 refs, 0.0000070 secs]77.788: [PhantomReference, 0 refs, 0 refs, 0.0000042 secs]77.788: [JNI Weak Reference, 0.0000033 secs], 0.1540493 secs]
   [Parallel Time: 121.8 ms, GC Workers: 8]
      [GC Worker Start (ms): Min: 77635.3, Avg: 77635.4, Max: 77635.5, Diff: 0.2]
      [Ext Root Scanning (ms): Min: 0.0, Avg: 0.8, Max: 2.0, Diff: 2.0, Sum: 6.6]
      [Update RS (ms): Min: 17.8, Avg: 19.0, Max: 19.7, Diff: 2.0, Sum: 152.2]
         [Processed Buffers: Min: 39, Avg: 41.1, Max: 44, Diff: 5, Sum: 329]
      [Scan RS (ms): Min: 0.9, Avg: 1.6, Max: 1.9, Diff: 1.0, Sum: 13.1]
      [Code Root Scanning (ms): Min: 0.0, Avg: 0.0, Max: 0.0, Diff: 0.0, Sum: 0.0]
      [Object Copy (ms): Min: 99.7, Avg: 99.8, Max: 99.9, Diff: 0.2, Sum: 798.3]
      [Termination (ms): Min: 0.1, Avg: 0.3, Max: 0.3, Diff: 0.2, Sum: 2.3]
         [Termination Attempts: Min: 223, Avg: 340.5, Max: 381, Diff: 158, Sum: 2724]
      [GC Worker Other (ms): Min: 0.0, Avg: 0.0, Max: 0.1, Diff: 0.0, Sum: 0.2]
      [GC Worker Total (ms): Min: 121.5, Avg: 121.6, Max: 121.7, Diff: 0.2, Sum: 972.9]
      [GC Worker End (ms): Min: 77757.0, Avg: 77757.0, Max: 77757.1, Diff: 0.0]
   [Code Root Fixup: 0.0 ms]
   [Code Root Purge: 0.0 ms]
   [Clear CT: 0.1 ms]
   [Other: 32.1 ms]
      [Choose CSet: 0.0 ms]
      [Ref Proc: 31.3 ms]
      [Ref Enq: 0.0 ms]
      [Redirty Cards: 0.6 ms]
      [Humongous Register: 0.0 ms]
      [Humongous Reclaim: 0.0 ms]
      [Free CSet: 0.1 ms]
   [Eden: 88.0M(88.0M)->0.0B(89.0M) Survivors: 14.0M->13.0M Heap: 1831.1M(2048.0M)->1832.1M(2048.0M)]
 [Times: user=0.98 sys=0.00, real=0.16 secs] 
77.789: [GC concurrent-root-region-scan-start]
77.823: [GC concurrent-root-region-scan-end, 0.0340205 secs]
77.823: [GC concurrent-mark-start]
77.911: [GC pause (G1 Evacuation Pause) (young)78.030: [SoftReference, 0 refs, 0.0000241 secs]78.030: [WeakReference, 272103 refs, 0.0332108 secs]78.064: [FinalReference, 0 refs, 0.0000074 secs]78.064: [PhantomReference, 0 refs, 0 refs, 0.0000041 secs]78.064: [JNI Weak Reference, 0.0000033 secs], 0.1529543 secs]
   [Parallel Time: 118.4 ms, GC Workers: 8]
      [GC Worker Start (ms): Min: 77911.3, Avg: 77911.6, Max: 77913.6, Diff: 2.3]
      [Ext Root Scanning (ms): Min: 0.0, Avg: 0.1, Max: 0.1, Diff: 0.1, Sum: 0.8]
      [Update RS (ms): Min: 20.1, Avg: 22.0, Max: 23.5, Diff: 3.4, Sum: 176.1]
         [Processed Buffers: Min: 26, Avg: 45.5, Max: 49, Diff: 23, Sum: 364]
      [Scan RS (ms): Min: 0.7, Avg: 1.9, Max: 2.4, Diff: 1.8, Sum: 15.2]
      [Code Root Scanning (ms): Min: 0.0, Avg: 0.0, Max: 0.0, Diff: 0.0, Sum: 0.0]
      [Object Copy (ms): Min: 92.6, Avg: 92.9, Max: 93.4, Diff: 0.8, Sum: 742.9]
      [Termination (ms): Min: 0.5, Avg: 1.1, Max: 1.4, Diff: 0.8, Sum: 8.5]
         [Termination Attempts: Min: 16, Avg: 367.1, Max: 465, Diff: 449, Sum: 2937]
      [GC Worker Other (ms): Min: 0.0, Avg: 0.0, Max: 0.0, Diff: 0.0, Sum: 0.1]
      [GC Worker Total (ms): Min: 116.0, Avg: 118.0, Max: 118.3, Diff: 2.3, Sum: 943.7]
      [GC Worker End (ms): Min: 78029.6, Avg: 78029.6, Max: 78029.6, Diff: 0.0]
   [Code Root Fixup: 0.0 ms]
   [Code Root Purge: 0.0 ms]
   [Clear CT: 0.1 ms]
   [Other: 34.4 ms]
      [Choose CSet: 0.0 ms]
      [Ref Proc: 34.0 ms]
      [Ref Enq: 0.0 ms]
      [Redirty Cards: 0.3 ms]
      [Humongous Register: 0.0 ms]
      [Humongous Reclaim: 0.0 ms]
      [Free CSet: 0.1 ms]
   [Eden: 89.0M(89.0M)->0.0B(89.0M) Survivors: 13.0M->13.0M Heap: 1921.1M(2048.0M)->1923.1M(2048.0M)]
 [Times: user=0.88 sys=0.00, real=0.15 secs] 
78.203: [GC pause (G1 Evacuation Pause) (young)78.546: [SoftReference, 0 refs, 0.0000212 secs]78.546: [WeakReference, 19713 refs, 0.0018325 secs]78.548: [FinalReference, 0 refs, 0.0000152 secs]78.548: [PhantomReference, 0 refs, 0 refs, 0.0000032 secs]78.548: [JNI Weak Reference, 0.0000029 secs] (to-space exhausted), 0.3705177 secs]
   [Parallel Time: 342.3 ms, GC Workers: 8]
      [GC Worker Start (ms): Min: 78202.7, Avg: 78205.9, Max: 78212.7, Diff: 10.0]
      [Ext Root Scanning (ms): Min: 0.0, Avg: 0.1, Max: 0.2, Diff: 0.2, Sum: 0.6]
      [Update RS (ms): Min: 31.4, Avg: 40.0, Max: 44.1, Diff: 12.7, Sum: 319.7]
         [Processed Buffers: Min: 48, Avg: 56.8, Max: 69, Diff: 21, Sum: 454]
      [Scan RS (ms): Min: 0.0, Avg: 0.0, Max: 0.0, Diff: 0.0, Sum: 0.1]
      [Code Root Scanning (ms): Min: 0.0, Avg: 0.0, Max: 0.0, Diff: 0.0, Sum: 0.0]
      [Object Copy (ms): Min: 208.7, Avg: 288.0, Max: 300.6, Diff: 92.0, Sum: 2303.9]
      [Termination (ms): Min: 0.0, Avg: 10.9, Max: 86.7, Diff: 86.7, Sum: 87.0]
         [Termination Attempts: Min: 1, Avg: 19.9, Max: 79, Diff: 78, Sum: 159]
      [GC Worker Other (ms): Min: 0.0, Avg: 0.0, Max: 0.0, Diff: 0.0, Sum: 0.1]
      [GC Worker Total (ms): Min: 332.1, Avg: 338.9, Max: 342.1, Diff: 10.0, Sum: 2711.4]
      [GC Worker End (ms): Min: 78544.8, Avg: 78544.9, Max: 78545.0, Diff: 0.2]
   [Code Root Fixup: 0.0 ms]
   [Code Root Purge: 0.0 ms]
   [Clear CT: 0.1 ms]
   [Other: 28.1 ms]
      [Evacuation Failure: 24.5 ms]
      [Choose CSet: 0.0 ms]
      [Ref Proc: 3.3 ms]
      [Ref Enq: 0.0 ms]
      [Redirty Cards: 0.1 ms]
      [Humongous Register: 0.0 ms]
      [Humongous Reclaim: 0.0 ms]
      [Free CSet: 0.0 ms]
   [Eden: 89.0M(89.0M)->0.0B(89.0M) Survivors: 13.0M->13.0M Heap: 2012.1M(2048.0M)->2016.1M(2048.0M)]
 [Times: user=1.01 sys=0.01, real=0.37 secs] 
78.609: [GC pause (G1 Evacuation Pause) (young)78.869: [SoftReference, 0 refs, 0.0000234 secs]78.870: [WeakReference, 0 refs, 0.0000031 secs]78.870: [FinalReference, 0 refs, 0.0000026 secs]78.870: [PhantomReference, 0 refs, 0 refs, 0.0000030 secs]78.870: [JNI Weak Reference, 0.0000029 secs] (to-space exhausted), 0.2770279 secs]
   [Parallel Time: 258.5 ms, GC Workers: 8]
      [GC Worker Start (ms): Min: 78609.3, Avg: 78609.8, Max: 78610.5, Diff: 1.2]
      [Ext Root Scanning (ms): Min: 0.0, Avg: 0.1, Max: 0.2, Diff: 0.2, Sum: 0.6]
      [Update RS (ms): Min: 13.1, Avg: 13.9, Max: 14.6, Diff: 1.5, Sum: 111.0]
         [Processed Buffers: Min: 14, Avg: 20.0, Max: 46, Diff: 32, Sum: 160]
      [Scan RS (ms): Min: 0.0, Avg: 0.0, Max: 0.0, Diff: 0.0, Sum: 0.0]
      [Code Root Scanning (ms): Min: 0.0, Avg: 0.0, Max: 0.0, Diff: 0.0, Sum: 0.0]
      [Object Copy (ms): Min: 242.5, Avg: 243.3, Max: 244.0, Diff: 1.4, Sum: 1946.5]
      [Termination (ms): Min: 0.0, Avg: 0.7, Max: 1.1, Diff: 1.1, Sum: 5.5]
         [Termination Attempts: Min: 1, Avg: 4.1, Max: 7, Diff: 6, Sum: 33]
      [GC Worker Other (ms): Min: 0.0, Avg: 0.0, Max: 0.0, Diff: 0.0, Sum: 0.1]
      [GC Worker Total (ms): Min: 257.2, Avg: 258.0, Max: 258.4, Diff: 1.2, Sum: 2063.8]
      [GC Worker End (ms): Min: 78867.7, Avg: 78867.7, Max: 78867.7, Diff: 0.0]
   [Code Root Fixup: 0.0 ms]
   [Code Root Purge: 0.0 ms]
   [Clear CT: 0.1 ms]
   [Other: 18.5 ms]
      [Evacuation Failure: 16.4 ms]
      [Choose CSet: 0.0 ms]
      [Ref Proc: 1.8 ms]
      [Ref Enq: 0.0 ms]
      [Redirty Cards: 0.1 ms]
      [Humongous Register: 0.0 ms]
      [Humongous Reclaim: 0.0 ms]
      [Free CSet: 0.0 ms]
   [Eden: 30.0M(89.0M)->0.0B(102.0M) Survivors: 13.0M->0.0B Heap: 2046.1M(2048.0M)->2046.1M(2048.0M)]
 [Times: user=0.43 sys=0.02, real=0.27 secs] 
78.886: [GC pause (G1 Evacuation Pause) (young)78.892: [SoftReference, 0 refs, 0.0000186 secs]78.892: [WeakReference, 0 refs, 0.0000031 secs]78.892: [FinalReference, 0 refs, 0.0000026 secs]78.892: [PhantomReference, 0 refs, 0 refs, 0.0000029 secs]78.892: [JNI Weak Reference, 0.0000024 secs], 0.0062449 secs]
   [Parallel Time: 3.7 ms, GC Workers: 8]
      [GC Worker Start (ms): Min: 78886.5, Avg: 78887.5, Max: 78889.7, Diff: 3.2]
      [Ext Root Scanning (ms): Min: 0.0, Avg: 0.1, Max: 0.2, Diff: 0.2, Sum: 0.5]
      [Update RS (ms): Min: 0.0, Avg: 1.8, Max: 3.3, Diff: 3.3, Sum: 14.4]
         [Processed Buffers: Min: 0, Avg: 7.5, Max: 19, Diff: 19, Sum: 60]
      [Scan RS (ms): Min: 0.0, Avg: 0.0, Max: 0.0, Diff: 0.0, Sum: 0.0]
      [Code Root Scanning (ms): Min: 0.0, Avg: 0.0, Max: 0.0, Diff: 0.0, Sum: 0.0]
      [Object Copy (ms): Min: 0.0, Avg: 0.0, Max: 0.0, Diff: 0.0, Sum: 0.0]
      [Termination (ms): Min: 0.0, Avg: 0.7, Max: 1.0, Diff: 1.0, Sum: 5.3]
         [Termination Attempts: Min: 1, Avg: 1.0, Max: 1, Diff: 0, Sum: 8]
      [GC Worker Other (ms): Min: 0.0, Avg: 0.0, Max: 0.0, Diff: 0.0, Sum: 0.0]
      [GC Worker Total (ms): Min: 0.4, Avg: 2.5, Max: 3.7, Diff: 3.3, Sum: 20.3]
      [GC Worker End (ms): Min: 78890.0, Avg: 78890.1, Max: 78890.2, Diff: 0.2]
   [Code Root Fixup: 0.0 ms]
   [Code Root Purge: 0.0 ms]
   [Clear CT: 0.1 ms]
   [Other: 2.4 ms]
      [Choose CSet: 0.0 ms]
      [Ref Proc: 2.2 ms]
      [Ref Enq: 0.0 ms]
      [Redirty Cards: 0.1 ms]
      [Humongous Register: 0.0 ms]
      [Humongous Reclaim: 0.0 ms]
      [Free CSet: 0.0 ms]
   [Eden: 0.0B(102.0M)->0.0B(102.0M) Survivors: 0.0B->0.0B Heap: 2046.1M(2048.0M)->2046.1M(2048.0M)]
 [Times: user=0.04 sys=0.00, real=0.01 secs] 
78.893: [Full GC (Allocation Failure) 79.232: [SoftReference, 0 refs, 0.0000277 secs]79.232: [WeakReference, 8 refs, 0.0000057 secs]79.232: [FinalReference, 2 refs, 0.0000037 secs]79.232: [PhantomReference, 0 refs, 0 refs, 0.0000037 secs]79.232: [JNI Weak Reference, 0.0000029 secs] 2046M->416M(1388M), 1.2261496 secs]
   [Eden: 0.0B(102.0M)->0.0B(186.0M) Survivors: 0.0B->0.0B Heap: 2046.1M(2048.0M)->416.3M(1388.0M)], [Metaspace: 3227K->3227K(1056768K)]
 [Times: user=1.76 sys=0.05, real=1.22 secs] 
80.119: [GC concurrent-mark-abort]
80.308: [GC pause (G1 Evacuation Pause) (young)80.483: [SoftReference, 0 refs, 0.0000530 secs]80.483: [WeakReference, 6 refs, 0.0000215 secs]80.483: [FinalReference, 0 refs, 0.0000027 secs]80.483: [PhantomReference, 0 refs, 0 refs, 0.0000029 secs]80.483: [JNI Weak Reference, 0.0000028 secs], 0.1762815 secs]
   [Parallel Time: 173.8 ms, GC Workers: 8]
      [GC Worker Start (ms): Min: 80308.1, Avg: 80309.3, Max: 80317.4, Diff: 9.4]
      [Ext Root Scanning (ms): Min: 0.0, Avg: 0.1, Max: 0.2, Diff: 0.2, Sum: 0.9]
      [Update RS (ms): Min: 0.0, Avg: 0.0, Max: 0.0, Diff: 0.0, Sum: 0.1]
         [Processed Buffers: Min: 0, Avg: 0.2, Max: 1, Diff: 1, Sum: 2]
      [Scan RS (ms): Min: 0.0, Avg: 0.0, Max: 0.0, Diff: 0.0, Sum: 0.2]
      [Code Root Scanning (ms): Min: 0.0, Avg: 0.0, Max: 0.0, Diff: 0.0, Sum: 0.0]
      [Object Copy (ms): Min: 164.0, Avg: 172.1, Max: 173.3, Diff: 9.2, Sum: 1376.7]
      [Termination (ms): Min: 0.2, Avg: 0.2, Max: 0.3, Diff: 0.1, Sum: 2.0]
         [Termination Attempts: Min: 326, Avg: 406.4, Max: 456, Diff: 130, Sum: 3251]
      [GC Worker Other (ms): Min: 0.0, Avg: 0.0, Max: 0.1, Diff: 0.0, Sum: 0.3]
      [GC Worker Total (ms): Min: 164.4, Avg: 172.5, Max: 173.8, Diff: 9.4, Sum: 1380.1]
      [GC Worker End (ms): Min: 80481.8, Avg: 80481.8, Max: 80481.8, Diff: 0.0]
   [Code Root Fixup: 0.0 ms]
   [Code Root Purge: 0.0 ms]
   [Clear CT: 0.1 ms]
   [Other: 2.3 ms]
      [Choose CSet: 0.0 ms]
      [Ref Proc: 0.8 ms]
      [Ref Enq: 0.0 ms]
      [Redirty Cards: 0.6 ms]
      [Humongous Register: 0.0 ms]
      [Humongous Reclaim: 0.0 ms]
      [Free CSet: 0.1 ms]
   [Eden: 186.0M(186.0M)->0.0B(154.0M) Survivors: 0.0B->24.0M Heap: 602.3M(1388.0M)->627.2M(1520.0M)]
 [Times: user=1.32 sys=0.01, real=0.18 secs] 
80.742: [GC pause (G1 Evacuation Pause) (young)80.902: [SoftReference, 0 refs, 0.0000215 secs]80.902: [WeakReference, 2 refs, 0.0000045 secs]80.903: [FinalReference, 0 refs, 0.0000028 secs]80.903: [PhantomReference, 0 refs, 0 refs, 0.0000029 secs]80.903: [JNI Weak Reference, 0.0000028 secs], 0.1622394 secs]
   [Parallel Time: 160.2 ms, GC Workers: 8]
      [GC Worker Start (ms): Min: 80741.8, Avg: 80741.9, Max: 80741.9, Diff: 0.1]
      [Ext Root Scanning (ms): Min: 0.1, Avg: 0.1, Max: 0.2, Diff: 0.1, Sum: 0.9]
      [Update RS (ms): Min: 13.0, Avg: 13.1, Max: 13.8, Diff: 0.8, Sum: 105.1]
         [Processed Buffers: Min: 25, Avg: 35.5, Max: 38, Diff: 13, Sum: 284]
      [Scan RS (ms): Min: 0.0, Avg: 0.2, Max: 0.5, Diff: 0.5, Sum: 1.5]
      [Code Root Scanning (ms): Min: 0.0, Avg: 0.0, Max: 0.0, Diff: 0.0, Sum: 0.0]
      [Object Copy (ms): Min: 144.8, Avg: 145.4, Max: 145.8, Diff: 1.0, Sum: 1163.2]
      [Termination (ms): Min: 0.7, Avg: 1.1, Max: 1.6, Diff: 0.9, Sum: 8.7]
         [Termination Attempts: Min: 265, Avg: 320.0, Max: 404, Diff: 139, Sum: 2560]
      [GC Worker Other (ms): Min: 0.0, Avg: 0.0, Max: 0.0, Diff: 0.0, Sum: 0.1]
      [GC Worker Total (ms): Min: 159.9, Avg: 160.0, Max: 160.1, Diff: 0.2, Sum: 1279.6]
      [GC Worker End (ms): Min: 80901.8, Avg: 80901.8, Max: 80901.9, Diff: 0.1]
   [Code Root Fixup: 0.0 ms]
   [Code Root Purge: 0.0 ms]
   [Clear CT: 0.2 ms]
   [Other: 1.9 ms]
      [Choose CSet: 0.0 ms]
      [Ref Proc: 0.5 ms]
      [Ref Enq: 0.0 ms]
      [Redirty Cards: 0.4 ms]
      [Humongous Register: 0.0 ms]
      [Humongous Reclaim: 0.0 ms]
      [Free CSet: 0.1 ms]
   [Eden: 154.0M(154.0M)->0.0B(154.0M) Survivors: 24.0M->23.0M Heap: 781.2M(1520.0M)->781.3M(1626.0M)]
 [Times: user=1.12 sys=0.00, real=0.16 secs] 
81.135: [GC pause (G1 Evacuation Pause) (young) (initial-mark)81.318: [SoftReference, 0 refs, 0.0000282 secs]81.318: [WeakReference, 0 refs, 0.0000029 secs]81.318: [FinalReference, 0 refs, 0.0000026 secs]81.318: [PhantomReference, 0 refs, 0 refs, 0.0000028 secs]81.318: [JNI Weak Reference, 0.0000028 secs], 0.1837122 secs]
   [Parallel Time: 181.8 ms, GC Workers: 8]
      [GC Worker Start (ms): Min: 81135.5, Avg: 81135.5, Max: 81135.6, Diff: 0.1]
      [Ext Root Scanning (ms): Min: 0.1, Avg: 0.5, Max: 2.8, Diff: 2.7, Sum: 3.6]
      [Update RS (ms): Min: 19.2, Avg: 21.7, Max: 22.2, Diff: 3.0, Sum: 173.3]
         [Processed Buffers: Min: 17, Avg: 39.0, Max: 48, Diff: 31, Sum: 312]
      [Scan RS (ms): Min: 0.0, Avg: 0.1, Max: 0.2, Diff: 0.2, Sum: 0.8]
      [Code Root Scanning (ms): Min: 0.0, Avg: 0.0, Max: 0.0, Diff: 0.0, Sum: 0.0]
      [Object Copy (ms): Min: 158.5, Avg: 158.6, Max: 159.0, Diff: 0.6, Sum: 1269.1]
      [Termination (ms): Min: 0.3, Avg: 0.8, Max: 0.9, Diff: 0.6, Sum: 6.1]
         [Termination Attempts: Min: 205, Avg: 260.6, Max: 298, Diff: 93, Sum: 2085]
      [GC Worker Other (ms): Min: 0.0, Avg: 0.0, Max: 0.0, Diff: 0.0, Sum: 0.1]
      [GC Worker Total (ms): Min: 181.5, Avg: 181.6, Max: 181.7, Diff: 0.2, Sum: 1453.0]
      [GC Worker End (ms): Min: 81317.1, Avg: 81317.2, Max: 81317.2, Diff: 0.1]
   [Code Root Fixup: 0.0 ms]
   [Code Root Purge: 0.0 ms]
   [Clear CT: 0.1 ms]
   [Other: 1.8 ms]
      [Choose CSet: 0.0 ms]
      [Ref Proc: 0.7 ms]
      [Ref Enq: 0.0 ms]
      [Redirty Cards: 0.4 ms]
      [Humongous Register: 0.0 ms]
      [Humongous Reclaim: 0.0 ms]
      [Free CSet: 0.1 ms]
   [Eden: 154.0M(154.0M)->0.0B(153.0M) Survivors: 23.0M->23.0M Heap: 935.3M(1626.0M)->936.3M(1711.0M)]
 [Times: user=1.18 sys=0.01, real=0.19 secs] 
81.319: [GC concurrent-root-region-scan-start]
81.332: [GC concurrent-root-region-scan-end, 0.0126848 secs]
81.332: [GC concurrent-mark-start]
81.545: [GC pause (G1 Evacuation Pause) (young)81.725: [SoftReference, 0 refs, 0.0000221 secs]81.726: [WeakReference, 0 refs, 0.0000031 secs]81.726: [FinalReference, 0 refs, 0.0000025 secs]81.726: [PhantomReference, 0 refs, 0 refs, 0.0000030 secs]81.726: [JNI Weak Reference, 0.0000025 secs], 0.1814603 secs]
   [Parallel Time: 177.0 ms, GC Workers: 8]
      [GC Worker Start (ms): Min: 81545.4, Avg: 81545.5, Max: 81546.0, Diff: 0.6]
      [Ext Root Scanning (ms): Min: 0.0, Avg: 0.1, Max: 0.2, Diff: 0.2, Sum: 0.9]
      [Update RS (ms): Min: 16.8, Avg: 17.2, Max: 17.6, Diff: 0.9, Sum: 137.6]
         [Processed Buffers: Min: 28, Avg: 35.1, Max: 40, Diff: 12, Sum: 281]
      [Scan RS (ms): Min: 0.0, Avg: 0.2, Max: 0.3, Diff: 0.3, Sum: 1.9]
      [Code Root Scanning (ms): Min: 0.0, Avg: 0.0, Max: 0.0, Diff: 0.0, Sum: 0.0]
      [Object Copy (ms): Min: 158.7, Avg: 158.9, Max: 159.0, Diff: 0.3, Sum: 1271.0]
      [Termination (ms): Min: 0.2, Avg: 0.4, Max: 0.5, Diff: 0.2, Sum: 3.1]
         [Termination Attempts: Min: 347, Avg: 415.6, Max: 497, Diff: 150, Sum: 3325]
      [GC Worker Other (ms): Min: 0.0, Avg: 0.0, Max: 0.0, Diff: 0.0, Sum: 0.2]
      [GC Worker Total (ms): Min: 176.4, Avg: 176.8, Max: 177.0, Diff: 0.6, Sum: 1414.7]
      [GC Worker End (ms): Min: 81722.4, Avg: 81722.4, Max: 81722.4, Diff: 0.0]
   [Code Root Fixup: 0.0 ms]
   [Code Root Purge: 0.0 ms]
   [Clear CT: 0.1 ms]
   [Other: 4.3 ms]
      [Choose CSet: 0.0 ms]
      [Ref Proc: 3.1 ms]
      [Ref Enq: 0.0 ms]
      [Redirty Cards: 0.6 ms]
      [Humongous Register: 0.0 ms]
      [Humongous Reclaim: 0.0 ms]
      [Free CSet: 0.1 ms]
   [Eden: 153.0M(153.0M)->0.0B(154.0M) Survivors: 23.0M->22.0M Heap: 1089.3M(1711.0M)->1091.8M(1779.0M)]
 [Times: user=1.29 sys=0.01, real=0.18 secs] 
81.970: [GC pause (G1 Evacuation Pause) (young)82.156: [SoftReference, 0 refs, 0.0000215 secs]82.156: [WeakReference, 0 refs, 0.0000030 secs]82.156: [FinalReference, 0 refs, 0.0000028 secs]82.156: [PhantomReference, 0 refs, 0 refs, 0.0000030 secs]82.156: [JNI Weak Reference, 0.0000026 secs], 0.1872981 secs]
   [Parallel Time: 183.1 ms, GC Workers: 8]
      [GC Worker Start (ms): Min: 81970.0, Avg: 81971.5, Max: 81976.9, Diff: 7.0]
      [Ext Root Scanning (ms): Min: 0.0, Avg: 0.1, Max: 0.2, Diff: 0.2, Sum: 0.7]
      [Update RS (ms): Min: 11.9, Avg: 17.2, Max: 18.7, Diff: 6.8, Sum: 137.9]
         [Processed Buffers: Min: 25, Avg: 38.5, Max: 47, Diff: 22, Sum: 308]
      [Scan RS (ms): Min: 0.3, Avg: 0.4, Max: 0.5, Diff: 0.2, Sum: 3.5]
      [Code Root Scanning (ms): Min: 0.0, Avg: 0.0, Max: 0.0, Diff: 0.0, Sum: 0.0]
      [Object Copy (ms): Min: 162.5, Avg: 162.7, Max: 162.8, Diff: 0.3, Sum: 1301.5]
      [Termination (ms): Min: 0.7, Avg: 1.0, Max: 1.2, Diff: 0.5, Sum: 7.8]
         [Termination Attempts: Min: 415, Avg: 504.8, Max: 587, Diff: 172, Sum: 4038]
      [GC Worker Other (ms): Min: 0.0, Avg: 0.0, Max: 0.0, Diff: 0.0, Sum: 0.1]
      [GC Worker Total (ms): Min: 175.9, Avg: 181.4, Max: 183.0, Diff: 7.1, Sum: 1451.5]
      [GC Worker End (ms): Min: 82152.8, Avg: 82152.9, Max: 82153.0, Diff: 0.2]
   [Code Root Fixup: 0.0 ms]
   [Code Root Purge: 0.0 ms]
   [Clear CT: 0.1 ms]
   [Other: 4.1 ms]
      [Choose CSet: 0.0 ms]
      [Ref Proc: 3.1 ms]
      [Ref Enq: 0.0 ms]
      [Redirty Cards: 0.5 ms]
      [Humongous Register: 0.0 ms]
      [Humongous Reclaim: 0.0 ms]
      [Free CSet: 0.1 ms]
   [Eden: 154.0M(154.0M)->0.0B(156.0M) Survivors: 22.0M->22.0M Heap: 1245.8M(1779.0M)->1247.8M(1833.0M)]
 [Times: user=1.35 sys=0.01, real=0.18 secs] 
82.489: [GC pause (G1 Evacuation Pause) (young)82.677: [SoftReference, 0 refs, 0.0000241 secs]82.677: [WeakReference, 0 refs, 0.0000030 secs]82.677: [FinalReference, 0 refs, 0.0000083 secs]82.677: [PhantomReference, 0 refs, 0 refs, 0.0000030 secs]82.677: [JNI Weak Reference, 0.0000028 secs], 0.1888178 secs]
   [Parallel Time: 184.0 ms, GC Workers: 8]
      [GC Worker Start (ms): Min: 82489.4, Avg: 82490.2, Max: 82494.6, Diff: 5.2]
      [Ext Root Scanning (ms): Min: 0.0, Avg: 0.1, Max: 0.2, Diff: 0.2, Sum: 0.7]
      [Update RS (ms): Min: 15.0, Avg: 18.8, Max: 19.6, Diff: 4.5, Sum: 150.4]
         [Processed Buffers: Min: 27, Avg: 42.1, Max: 46, Diff: 19, Sum: 337]
      [Scan RS (ms): Min: 0.0, Avg: 0.4, Max: 0.6, Diff: 0.6, Sum: 3.0]
      [Code Root Scanning (ms): Min: 0.0, Avg: 0.0, Max: 0.0, Diff: 0.0, Sum: 0.0]
      [Object Copy (ms): Min: 162.4, Avg: 163.0, Max: 163.4, Diff: 0.9, Sum: 1304.1]
      [Termination (ms): Min: 0.4, Avg: 0.8, Max: 1.2, Diff: 0.8, Sum: 6.2]
         [Termination Attempts: Min: 357, Avg: 596.9, Max: 759, Diff: 402, Sum: 4775]
      [GC Worker Other (ms): Min: 0.0, Avg: 0.0, Max: 0.0, Diff: 0.0, Sum: 0.1]
      [GC Worker Total (ms): Min: 178.7, Avg: 183.1, Max: 183.9, Diff: 5.2, Sum: 1464.5]
      [GC Worker End (ms): Min: 82673.3, Avg: 82673.3, Max: 82673.3, Diff: 0.0]
   [Code Root Fixup: 0.0 ms]
   [Code Root Purge: 0.0 ms]
   [Clear CT: 0.1 ms]
   [Other: 4.7 ms]
      [Choose CSet: 0.0 ms]
      [Ref Proc: 3.8 ms]
      [Ref Enq: 0.0 ms]
      [Redirty Cards: 0.5 ms]
      [Humongous Register: 0.0 ms]
      [Humongous Reclaim: 0.0 ms]
      [Free CSet: 0.1 ms]
   [Eden: 156.0M(156.0M)->0.0B(140.0M) Survivors: 22.0M->23.0M Heap: 1403.8M(1833.0M)->1405.8M(1876.0M)]
 [Times: user=1.40 sys=0.01, real=0.18 secs] 
82.890: [GC concurrent-mark-end, 1.5577120 secs]
82.890: [GC remark 82.890: [Finalize Marking, 0.0008545 secs] 82.891: [GC ref-proc82.891: [SoftReference, 0 refs, 0.0000166 secs]82.891: [WeakReference, 140670 refs, 0.0126737 secs]82.903: [FinalReference, 33 refs, 0.0000152 secs]82.903: [PhantomReference, 0 refs, 0 refs, 0.0000147 secs]82.903: [JNI Weak Reference, 0.0000035 secs], 0.0127642 secs] 82.903: [Unloading, 0.0006589 secs], 0.0180786 secs]
 [Times: user=0.04 sys=0.00, real=0.01 secs] 
82.908: [GC cleanup 1445M->1445M(1876M), 0.0023003 secs]
 [Times: user=0.01 sys=0.00, real=0.01 secs] 
83.026: [GC pause (G1 Evacuation Pause) (young)83.193: [SoftReference, 0 refs, 0.0000243 secs]83.193: [WeakReference, 0 refs, 0.0000033 secs]83.193: [FinalReference, 0 refs, 0.0000029 secs]83.193: [PhantomReference, 0 refs, 0 refs, 0.0000033 secs]83.193: [JNI Weak Reference, 0.0000028 secs], 0.1674010 secs]
   [Parallel Time: 165.5 ms, GC Workers: 8]
      [GC Worker Start (ms): Min: 83026.3, Avg: 83026.4, Max: 83026.4, Diff: 0.1]
      [Ext Root Scanning (ms): Min: 0.1, Avg: 0.1, Max: 0.2, Diff: 0.1, Sum: 0.9]
      [Update RS (ms): Min: 19.0, Avg: 19.1, Max: 19.1, Diff: 0.2, Sum: 152.5]
         [Processed Buffers: Min: 43, Avg: 46.2, Max: 48, Diff: 5, Sum: 370]
      [Scan RS (ms): Min: 0.3, Avg: 0.4, Max: 0.5, Diff: 0.2, Sum: 3.1]
      [Code Root Scanning (ms): Min: 0.0, Avg: 0.0, Max: 0.0, Diff: 0.0, Sum: 0.0]
      [Object Copy (ms): Min: 143.7, Avg: 145.3, Max: 145.6, Diff: 1.9, Sum: 1162.2]
      [Termination (ms): Min: 0.2, Avg: 0.5, Max: 2.1, Diff: 1.9, Sum: 4.1]
         [Termination Attempts: Min: 232, Avg: 285.0, Max: 327, Diff: 95, Sum: 2280]
      [GC Worker Other (ms): Min: 0.0, Avg: 0.0, Max: 0.1, Diff: 0.0, Sum: 0.3]
      [GC Worker Total (ms): Min: 165.4, Avg: 165.4, Max: 165.4, Diff: 0.1, Sum: 1323.1]
      [GC Worker End (ms): Min: 83191.8, Avg: 83191.8, Max: 83191.8, Diff: 0.0]
   [Code Root Fixup: 0.0 ms]
   [Code Root Purge: 0.0 ms]
   [Clear CT: 0.1 ms]
   [Other: 1.8 ms]
      [Choose CSet: 0.0 ms]
      [Ref Proc: 0.8 ms]
      [Ref Enq: 0.0 ms]
      [Redirty Cards: 0.5 ms]
      [Humongous Register: 0.0 ms]
      [Humongous Reclaim: 0.0 ms]
      [Free CSet: 0.1 ms]
   [Eden: 140.0M(140.0M)->0.0B(84.0M) Survivors: 23.0M->21.0M Heap: 1545.8M(1876.0M)->1548.3M(1911.0M)]
 [Times: user=1.28 sys=0.00, real=0.17 secs] 
83.299: [GC pause (G1 Evacuation Pause) (young)83.418: [SoftReference, 0 refs, 0.0000323 secs]83.418: [WeakReference, 0 refs, 0.0000044 secs]83.418: [FinalReference, 0 refs, 0.0000037 secs]83.418: [PhantomReference, 0 refs, 0 refs, 0.0000043 secs]83.418: [JNI Weak Reference, 0.0000041 secs], 0.1206390 secs]
   [Parallel Time: 119.5 ms, GC Workers: 8]
      [GC Worker Start (ms): Min: 83298.6, Avg: 83298.7, Max: 83298.7, Diff: 0.1]
      [Ext Root Scanning (ms): Min: 0.1, Avg: 0.1, Max: 0.2, Diff: 0.1, Sum: 0.8]
      [Update RS (ms): Min: 22.5, Avg: 22.7, Max: 23.2, Diff: 0.6, Sum: 181.3]
         [Processed Buffers: Min: 34, Avg: 50.8, Max: 59, Diff: 25, Sum: 406]
      [Scan RS (ms): Min: 0.0, Avg: 0.5, Max: 0.6, Diff: 0.6, Sum: 4.0]
      [Code Root Scanning (ms): Min: 0.0, Avg: 0.0, Max: 0.0, Diff: 0.0, Sum: 0.0]
      [Object Copy (ms): Min: 95.9, Avg: 95.9, Max: 95.9, Diff: 0.0, Sum: 767.3]
      [Termination (ms): Min: 0.1, Avg: 0.1, Max: 0.1, Diff: 0.0, Sum: 0.9]
         [Termination Attempts: Min: 145, Avg: 161.6, Max: 185, Diff: 40, Sum: 1293]
      [GC Worker Other (ms): Min: 0.0, Avg: 0.0, Max: 0.1, Diff: 0.0, Sum: 0.2]
      [GC Worker Total (ms): Min: 119.3, Avg: 119.3, Max: 119.4, Diff: 0.1, Sum: 954.7]
      [GC Worker End (ms): Min: 83418.0, Avg: 83418.0, Max: 83418.1, Diff: 0.0]
   [Code Root Fixup: 0.0 ms]
   [Code Root Purge: 0.0 ms]
   [Clear CT: 0.1 ms]
   [Other: 1.1 ms]
      [Choose CSet: 0.0 ms]
      [Ref Proc: 0.3 ms]
      [Ref Enq: 0.0 ms]
      [Redirty Cards: 0.3 ms]
      [Humongous Register: 0.0 ms]
      [Humongous Reclaim: 0.0 ms]
      [Free CSet: 0.1 ms]
   [Eden: 84.0M(84.0M)->0.0B(82.0M) Survivors: 21.0M->14.0M Heap: 1632.3M(1911.0M)->1634.3M(1939.0M)]
 [Times: user=0.89 sys=0.00, real=0.13 secs] 
83.527: [GC pause (G1 Evacuation Pause) (young) (initial-mark)83.646: [SoftReference, 0 refs, 0.0000256 secs]83.646: [WeakReference, 0 refs, 0.0000031 secs]83.646: [FinalReference, 0 refs, 0.0000027 secs]83.646: [PhantomReference, 0 refs, 0 refs, 0.0000030 secs]83.646: [JNI Weak Reference, 0.0000028 secs], 0.1198630 secs]
   [Parallel Time: 118.3 ms, GC Workers: 8]
      [GC Worker Start (ms): Min: 83527.1, Avg: 83527.3, Max: 83527.4, Diff: 0.2]
      [Ext Root Scanning (ms): Min: 0.0, Avg: 2.7, Max: 10.1, Diff: 10.1, Sum: 21.3]
      [Update RS (ms): Min: 24.1, Avg: 31.7, Max: 34.3, Diff: 10.1, Sum: 253.5]
         [Processed Buffers: Min: 51, Avg: 66.8, Max: 81, Diff: 30, Sum: 534]
      [Scan RS (ms): Min: 0.0, Avg: 0.0, Max: 0.0, Diff: 0.0, Sum: 0.1]
      [Code Root Scanning (ms): Min: 0.0, Avg: 0.0, Max: 0.0, Diff: 0.0, Sum: 0.0]
      [Object Copy (ms): Min: 83.6, Avg: 83.6, Max: 83.6, Diff: 0.1, Sum: 668.8]
      [Termination (ms): Min: 0.1, Avg: 0.1, Max: 0.1, Diff: 0.0, Sum: 0.8]
         [Termination Attempts: Min: 124, Avg: 146.8, Max: 177, Diff: 53, Sum: 1174]
      [GC Worker Other (ms): Min: 0.0, Avg: 0.0, Max: 0.1, Diff: 0.0, Sum: 0.3]
      [GC Worker Total (ms): Min: 118.0, Avg: 118.1, Max: 118.2, Diff: 0.2, Sum: 944.6]
      [GC Worker End (ms): Min: 83645.3, Avg: 83645.3, Max: 83645.4, Diff: 0.0]
   [Code Root Fixup: 0.0 ms]
   [Code Root Purge: 0.0 ms]
   [Clear CT: 0.1 ms]
   [Other: 1.5 ms]
      [Choose CSet: 0.0 ms]
      [Ref Proc: 0.8 ms]
      [Ref Enq: 0.0 ms]
      [Redirty Cards: 0.3 ms]
      [Humongous Register: 0.0 ms]
      [Humongous Reclaim: 0.0 ms]
      [Free CSet: 0.0 ms]
   [Eden: 82.0M(82.0M)->0.0B(86.0M) Survivors: 14.0M->12.0M Heap: 1716.3M(1939.0M)->1718.3M(1961.0M)]
 [Times: user=0.90 sys=0.00, real=0.12 secs] 
83.647: [GC concurrent-root-region-scan-start]
83.654: [GC concurrent-root-region-scan-end, 0.0068815 secs]
83.654: [GC concurrent-mark-start]
83.786: [GC pause (G1 Evacuation Pause) (young)83.901: [SoftReference, 0 refs, 0.0055728 secs]83.906: [WeakReference, 0 refs, 0.0000051 secs]83.906: [FinalReference, 0 refs, 0.0000030 secs]83.906: [PhantomReference, 0 refs, 0 refs, 0.0000033 secs]83.906: [JNI Weak Reference, 0.0000028 secs], 0.1209418 secs]
   [Parallel Time: 111.2 ms, GC Workers: 8]
      [GC Worker Start (ms): Min: 83786.2, Avg: 83786.2, Max: 83786.3, Diff: 0.1]
      [Ext Root Scanning (ms): Min: 0.1, Avg: 0.1, Max: 0.2, Diff: 0.1, Sum: 0.9]
      [Update RS (ms): Min: 19.1, Avg: 19.2, Max: 19.3, Diff: 0.1, Sum: 153.5]
         [Processed Buffers: Min: 39, Avg: 41.0, Max: 43, Diff: 4, Sum: 328]
      [Scan RS (ms): Min: 0.3, Avg: 0.4, Max: 0.4, Diff: 0.1, Sum: 3.0]
      [Code Root Scanning (ms): Min: 0.0, Avg: 0.0, Max: 0.0, Diff: 0.0, Sum: 0.0]
      [Object Copy (ms): Min: 90.3, Avg: 90.5, Max: 90.8, Diff: 0.5, Sum: 724.0]
      [Termination (ms): Min: 0.4, Avg: 0.9, Max: 1.1, Diff: 0.6, Sum: 6.9]
         [Termination Attempts: Min: 149, Avg: 323.6, Max: 388, Diff: 239, Sum: 2589]
      [GC Worker Other (ms): Min: 0.0, Avg: 0.0, Max: 0.0, Diff: 0.0, Sum: 0.1]
      [GC Worker Total (ms): Min: 111.0, Avg: 111.1, Max: 111.1, Diff: 0.1, Sum: 888.4]
      [GC Worker End (ms): Min: 83897.2, Avg: 83897.3, Max: 83897.3, Diff: 0.1]
   [Code Root Fixup: 0.0 ms]
   [Code Root Purge: 0.0 ms]
   [Clear CT: 0.1 ms]
   [Other: 9.7 ms]
      [Choose CSet: 0.0 ms]
      [Ref Proc: 8.9 ms]
      [Ref Enq: 0.0 ms]
      [Redirty Cards: 0.4 ms]
      [Humongous Register: 0.0 ms]
      [Humongous Reclaim: 0.0 ms]
      [Free CSet: 0.1 ms]
   [Eden: 86.0M(86.0M)->0.0B(85.0M) Survivors: 12.0M->13.0M Heap: 1804.3M(1961.0M)->1806.3M(1979.0M)]
 [Times: user=0.86 sys=0.00, real=0.12 secs] 
84.021: [GC pause (G1 Evacuation Pause) (young)84.143: [SoftReference, 0 refs, 0.0000227 secs]84.143: [WeakReference, 0 refs, 0.0000030 secs]84.143: [FinalReference, 0 refs, 0.0000189 secs]84.143: [PhantomReference, 0 refs, 0 refs, 0.0000032 secs]84.143: [JNI Weak Reference, 0.0000028 secs], 0.1223134 secs]
   [Parallel Time: 118.6 ms, GC Workers: 8]
      [GC Worker Start (ms): Min: 84021.3, Avg: 84021.3, Max: 84021.4, Diff: 0.1]
      [Ext Root Scanning (ms): Min: 0.1, Avg: 0.1, Max: 0.2, Diff: 0.1, Sum: 0.9]
      [Update RS (ms): Min: 24.1, Avg: 24.3, Max: 24.8, Diff: 0.7, Sum: 194.0]
         [Processed Buffers: Min: 41, Avg: 45.0, Max: 50, Diff: 9, Sum: 360]
      [Scan RS (ms): Min: 0.0, Avg: 0.5, Max: 0.6, Diff: 0.6, Sum: 3.7]
      [Code Root Scanning (ms): Min: 0.0, Avg: 0.0, Max: 0.0, Diff: 0.0, Sum: 0.0]
      [Object Copy (ms): Min: 92.1, Avg: 92.6, Max: 93.5, Diff: 1.4, Sum: 740.9]
      [Termination (ms): Min: 0.2, Avg: 1.0, Max: 1.5, Diff: 1.2, Sum: 8.3]
         [Termination Attempts: Min: 230, Avg: 667.6, Max: 772, Diff: 542, Sum: 5341]
      [GC Worker Other (ms): Min: 0.0, Avg: 0.0, Max: 0.0, Diff: 0.0, Sum: 0.1]
      [GC Worker Total (ms): Min: 118.5, Avg: 118.5, Max: 118.6, Diff: 0.1, Sum: 948.0]
      [GC Worker End (ms): Min: 84139.8, Avg: 84139.8, Max: 84139.8, Diff: 0.0]
   [Code Root Fixup: 0.0 ms]
   [Code Root Purge: 0.0 ms]
   [Clear CT: 0.1 ms]
   [Other: 3.6 ms]
      [Choose CSet: 0.0 ms]
      [Ref Proc: 3.0 ms]
      [Ref Enq: 0.0 ms]
      [Redirty Cards: 0.3 ms]
      [Humongous Register: 0.0 ms]
      [Humongous Reclaim: 0.0 ms]
      [Free CSet: 0.1 ms]
   [Eden: 85.0M(85.0M)->0.0B(87.0M) Survivors: 13.0M->13.0M Heap: 1891.3M(1979.0M)->1893.3M(2004.0M)]
 [Times: user=0.90 sys=0.01, real=0.12 secs] 
84.257: [GC pause (G1 Evacuation Pause) (young)84.458: [SoftReference, 0 refs, 0.0000200 secs]84.458: [WeakReference, 0 refs, 0.0000031 secs]84.458: [FinalReference, 0 refs, 0.0000026 secs]84.458: [PhantomReference, 0 refs, 0 refs, 0.0000160 secs]84.458: [JNI Weak Reference, 0.0000025 secs] (to-space exhausted), 0.2148422 secs]
   [Parallel Time: 198.4 ms, GC Workers: 8]
      [GC Worker Start (ms): Min: 84256.8, Avg: 84256.9, Max: 84257.2, Diff: 0.4]
      [Ext Root Scanning (ms): Min: 0.0, Avg: 0.1, Max: 0.2, Diff: 0.2, Sum: 0.8]
      [Update RS (ms): Min: 19.3, Avg: 19.4, Max: 19.4, Diff: 0.2, Sum: 154.9]
         [Processed Buffers: Min: 39, Avg: 40.5, Max: 42, Diff: 3, Sum: 324]
      [Scan RS (ms): Min: 0.2, Avg: 0.3, Max: 0.4, Diff: 0.2, Sum: 2.4]
      [Code Root Scanning (ms): Min: 0.0, Avg: 0.0, Max: 0.0, Diff: 0.0, Sum: 0.0]
      [Object Copy (ms): Min: 89.9, Avg: 167.3, Max: 178.5, Diff: 88.5, Sum: 1338.7]
      [Termination (ms): Min: 0.0, Avg: 11.1, Max: 88.6, Diff: 88.6, Sum: 89.0]
         [Termination Attempts: Min: 1, Avg: 2.5, Max: 7, Diff: 6, Sum: 20]
      [GC Worker Other (ms): Min: 0.0, Avg: 0.0, Max: 0.0, Diff: 0.0, Sum: 0.1]
      [GC Worker Total (ms): Min: 198.0, Avg: 198.2, Max: 198.3, Diff: 0.3, Sum: 1585.9]
      [GC Worker End (ms): Min: 84455.1, Avg: 84455.1, Max: 84455.2, Diff: 0.1]
   [Code Root Fixup: 0.0 ms]
   [Code Root Purge: 0.0 ms]
   [Clear CT: 0.2 ms]
   [Other: 16.2 ms]
      [Evacuation Failure: 13.0 ms]
      [Choose CSet: 0.0 ms]
      [Ref Proc: 2.9 ms]
      [Ref Enq: 0.0 ms]
      [Redirty Cards: 0.1 ms]
      [Humongous Register: 0.0 ms]
      [Humongous Reclaim: 0.0 ms]
      [Free CSet: 0.0 ms]
   [Eden: 87.0M(87.0M)->0.0B(89.0M) Survivors: 13.0M->13.0M Heap: 1980.3M(2004.0M)->1986.3M(2048.0M)]
 [Times: user=0.82 sys=0.03, real=0.22 secs] 
84.541: [GC pause (G1 Evacuation Pause) (young)84.979: [SoftReference, 0 refs, 0.0000258 secs]84.979: [WeakReference, 0 refs, 0.0000035 secs]84.979: [FinalReference, 0 refs, 0.0000037 secs]84.979: [PhantomReference, 0 refs, 0 refs, 0.0000142 secs]84.979: [JNI Weak Reference, 0.0000040 secs] (to-space exhausted), 0.4643094 secs]
   [Parallel Time: 435.3 ms, GC Workers: 8]
      [GC Worker Start (ms): Min: 84540.8, Avg: 84542.2, Max: 84550.3, Diff: 9.5]
      [Ext Root Scanning (ms): Min: 0.0, Avg: 0.1, Max: 0.3, Diff: 0.2, Sum: 0.6]
      [Update RS (ms): Min: 5.4, Avg: 14.1, Max: 17.7, Diff: 12.4, Sum: 112.7]
         [Processed Buffers: Min: 10, Avg: 24.2, Max: 30, Diff: 20, Sum: 194]
      [Scan RS (ms): Min: 0.0, Avg: 0.0, Max: 0.0, Diff: 0.0, Sum: 0.1]
      [Code Root Scanning (ms): Min: 0.0, Avg: 0.0, Max: 0.0, Diff: 0.0, Sum: 0.0]
      [Object Copy (ms): Min: 417.0, Avg: 419.6, Max: 420.5, Diff: 3.5, Sum: 3357.0]
      [Termination (ms): Min: 0.0, Avg: 0.0, Max: 0.1, Diff: 0.1, Sum: 0.3]
         [Termination Attempts: Min: 1, Avg: 1.0, Max: 1, Diff: 0, Sum: 8]
      [GC Worker Other (ms): Min: 0.0, Avg: 0.0, Max: 0.0, Diff: 0.0, Sum: 0.1]
      [GC Worker Total (ms): Min: 425.7, Avg: 433.8, Max: 435.2, Diff: 9.5, Sum: 3470.8]
      [GC Worker End (ms): Min: 84976.0, Avg: 84976.1, Max: 84976.1, Diff: 0.0]
   [Code Root Fixup: 0.0 ms]
   [Code Root Purge: 0.0 ms]
   [Clear CT: 0.1 ms]
   [Other: 28.9 ms]
      [Evacuation Failure: 25.9 ms]
      [Choose CSet: 0.0 ms]
      [Ref Proc: 2.8 ms]
      [Ref Enq: 0.0 ms]
      [Redirty Cards: 0.1 ms]
      [Humongous Register: 0.0 ms]
      [Humongous Reclaim: 0.0 ms]
      [Free CSet: 0.0 ms]
   [Eden: 60.0M(89.0M)->0.0B(102.0M) Survivors: 13.0M->0.0B Heap: 2046.3M(2048.0M)->2046.3M(2048.0M)]
 [Times: user=0.65 sys=0.01, real=0.46 secs] 
85.005: [GC pause (G1 Evacuation Pause) (young)85.013: [SoftReference, 0 refs, 0.0000177 secs]85.013: [WeakReference, 0 refs, 0.0000029 secs]85.013: [FinalReference, 0 refs, 0.0000026 secs]85.013: [PhantomReference, 0 refs, 0 refs, 0.0000029 secs]85.013: [JNI Weak Reference, 0.0000025 secs], 0.0075677 secs]
   [Parallel Time: 4.3 ms, GC Workers: 8]
      [GC Worker Start (ms): Min: 85005.3, Avg: 85005.3, Max: 85005.4, Diff: 0.1]
      [Ext Root Scanning (ms): Min: 0.1, Avg: 0.1, Max: 0.2, Diff: 0.1, Sum: 0.8]
      [Update RS (ms): Min: 3.8, Avg: 3.9, Max: 4.0, Diff: 0.2, Sum: 31.1]
         [Processed Buffers: Min: 6, Avg: 16.0, Max: 20, Diff: 14, Sum: 128]
      [Scan RS (ms): Min: 0.0, Avg: 0.0, Max: 0.0, Diff: 0.0, Sum: 0.0]
      [Code Root Scanning (ms): Min: 0.0, Avg: 0.0, Max: 0.0, Diff: 0.0, Sum: 0.0]
      [Object Copy (ms): Min: 0.0, Avg: 0.0, Max: 0.0, Diff: 0.0, Sum: 0.0]
      [Termination (ms): Min: 0.0, Avg: 0.1, Max: 0.2, Diff: 0.2, Sum: 1.1]
         [Termination Attempts: Min: 1, Avg: 1.0, Max: 1, Diff: 0, Sum: 8]
      [GC Worker Other (ms): Min: 0.0, Avg: 0.0, Max: 0.0, Diff: 0.0, Sum: 0.1]
      [GC Worker Total (ms): Min: 4.1, Avg: 4.1, Max: 4.2, Diff: 0.1, Sum: 33.0]
      [GC Worker End (ms): Min: 85009.4, Avg: 85009.5, Max: 85009.5, Diff: 0.1]
   [Code Root Fixup: 0.0 ms]
   [Code Root Purge: 0.0 ms]
   [Clear CT: 0.1 ms]
   [Other: 3.2 ms]
      [Choose CSet: 0.0 ms]
      [Ref Proc: 3.1 ms]
      [Ref Enq: 0.0 ms]
      [Redirty Cards: 0.1 ms]
      [Humongous Register: 0.0 ms]
      [Humongous Reclaim: 0.0 ms]
      [Free CSet: 0.0 ms]
   [Eden: 0.0B(102.0M)->0.0B(102.0M) Survivors: 0.0B->0.0B Heap: 2046.3M(2048.0M)->2046.3M(2048.0M)]
 [Times: user=0.05 sys=0.00, real=0.01 secs] 
85.013: [Full GC (Allocation Failure) 86.258: [SoftReference, 0 refs, 0.0000252 secs]86.258: [WeakReference, 1048568 refs, 0.0579459 secs]86.316: [FinalReference, 2 refs, 0.0000082 secs]86.316: [PhantomReference, 0 refs, 0 refs, 0.0000047 secs]86.316: [JNI Weak Reference, 0.0000039 secs] 2046M->1629M(2048M), 3.1611807 secs]
   [Eden: 0.0B(102.0M)->0.0B(112.0M) Survivors: 0.0B->0.0B Heap: 2046.3M(2048.0M)->1629.1M(2048.0M)], [Metaspace: 3227K->3227K(1056768K)]
 [Times: user=4.88 sys=0.02, real=3.16 secs] 
88.174: [GC concurrent-mark-abort]
88.645: [GC pause (G1 Evacuation Pause) (young)88.766: [SoftReference, 0 refs, 0.0000262 secs]88.766: [WeakReference, 396728 refs, 0.0389722 secs]88.805: [FinalReference, 0 refs, 0.0000072 secs]88.805: [PhantomReference, 0 refs, 0 refs, 0.0000042 secs]88.805: [JNI Weak Reference, 0.0000033 secs], 0.1613508 secs]
   [Parallel Time: 120.8 ms, GC Workers: 8]
      [GC Worker Start (ms): Min: 88644.6, Avg: 88644.6, Max: 88644.7, Diff: 0.1]
      [Ext Root Scanning (ms): Min: 0.1, Avg: 0.1, Max: 0.2, Diff: 0.1, Sum: 0.8]
      [Update RS (ms): Min: 18.1, Avg: 18.4, Max: 18.6, Diff: 0.5, Sum: 147.1]
         [Processed Buffers: Min: 45, Avg: 46.0, Max: 47, Diff: 2, Sum: 368]
      [Scan RS (ms): Min: 0.0, Avg: 0.0, Max: 0.0, Diff: 0.0, Sum: 0.1]
      [Code Root Scanning (ms): Min: 0.0, Avg: 0.0, Max: 0.0, Diff: 0.0, Sum: 0.0]
      [Object Copy (ms): Min: 101.9, Avg: 102.1, Max: 102.3, Diff: 0.5, Sum: 816.6]
      [Termination (ms): Min: 0.1, Avg: 0.1, Max: 0.1, Diff: 0.0, Sum: 0.7]
         [Termination Attempts: Min: 99, Avg: 149.2, Max: 179, Diff: 80, Sum: 1194]
      [GC Worker Other (ms): Min: 0.0, Avg: 0.0, Max: 0.1, Diff: 0.0, Sum: 0.3]
      [GC Worker Total (ms): Min: 120.7, Avg: 120.7, Max: 120.7, Diff: 0.1, Sum: 965.5]
      [GC Worker End (ms): Min: 88765.3, Avg: 88765.3, Max: 88765.4, Diff: 0.0]
   [Code Root Fixup: 0.0 ms]
   [Code Root Purge: 0.0 ms]
   [Clear CT: 0.2 ms]
   [Other: 40.4 ms]
      [Choose CSet: 0.0 ms]
      [Ref Proc: 39.7 ms]
      [Ref Enq: 0.0 ms]
      [Redirty Cards: 0.5 ms]
      [Humongous Register: 0.0 ms]
      [Humongous Reclaim: 0.0 ms]
      [Free CSet: 0.1 ms]
   [Eden: 112.0M(112.0M)->0.0B(88.0M) Survivors: 0.0B->14.0M Heap: 1741.1M(2048.0M)->1749.6M(2048.0M)]
 [Times: user=0.97 sys=0.01, real=0.16 secs] 
88.895: [GC pause (G1 Evacuation Pause) (young) (initial-mark)89.010: [SoftReference, 0 refs, 0.0000472 secs]89.010: [WeakReference, 303235 refs, 0.0292853 secs]89.039: [FinalReference, 0 refs, 0.0000052 secs]89.039: [PhantomReference, 0 refs, 0 refs, 0.0000038 secs]89.039: [JNI Weak Reference, 0.0000032 secs], 0.1444857 secs]
   [Parallel Time: 114.0 ms, GC Workers: 8]
      [GC Worker Start (ms): Min: 88895.5, Avg: 88895.6, Max: 88895.7, Diff: 0.2]
      [Ext Root Scanning (ms): Min: 0.0, Avg: 0.7, Max: 1.5, Diff: 1.5, Sum: 5.2]
      [Update RS (ms): Min: 23.1, Avg: 24.3, Max: 25.6, Diff: 2.5, Sum: 194.7]
         [Processed Buffers: Min: 45, Avg: 49.9, Max: 55, Diff: 10, Sum: 399]
      [Scan RS (ms): Min: 0.7, Avg: 1.5, Max: 1.9, Diff: 1.2, Sum: 12.2]
      [Code Root Scanning (ms): Min: 0.0, Avg: 0.0, Max: 0.0, Diff: 0.0, Sum: 0.0]
      [Object Copy (ms): Min: 87.2, Avg: 87.2, Max: 87.3, Diff: 0.1, Sum: 698.0]
      [Termination (ms): Min: 0.0, Avg: 0.0, Max: 0.0, Diff: 0.0, Sum: 0.3]
         [Termination Attempts: Min: 35, Avg: 42.4, Max: 55, Diff: 20, Sum: 339]
      [GC Worker Other (ms): Min: 0.0, Avg: 0.0, Max: 0.0, Diff: 0.0, Sum: 0.2]
      [GC Worker Total (ms): Min: 113.7, Avg: 113.8, Max: 113.9, Diff: 0.2, Sum: 910.6]
      [GC Worker End (ms): Min: 89009.4, Avg: 89009.4, Max: 89009.5, Diff: 0.0]
   [Code Root Fixup: 0.0 ms]
   [Code Root Purge: 0.0 ms]
   [Clear CT: 0.2 ms]
   [Other: 30.2 ms]
      [Choose CSet: 0.0 ms]
      [Ref Proc: 29.6 ms]
      [Ref Enq: 0.0 ms]
      [Redirty Cards: 0.3 ms]
      [Humongous Register: 0.0 ms]
      [Humongous Reclaim: 0.0 ms]
      [Free CSet: 0.1 ms]
   [Eden: 88.0M(88.0M)->0.0B(89.0M) Survivors: 14.0M->13.0M Heap: 1837.6M(2048.0M)->1838.6M(2048.0M)]
 [Times: user=0.91 sys=0.00, real=0.15 secs] 
89.040: [GC concurrent-root-region-scan-start]
89.063: [GC concurrent-root-region-scan-end, 0.0226751 secs]
89.063: [GC concurrent-mark-start]
89.171: [GC pause (G1 Evacuation Pause) (young)89.292: [SoftReference, 0 refs, 0.0000579 secs]89.292: [WeakReference, 330961 refs, 0.0354643 secs]89.327: [FinalReference, 0 refs, 0.0000067 secs]89.327: [PhantomReference, 0 refs, 0 refs, 0.0000041 secs]89.327: [JNI Weak Reference, 0.0000034 secs], 0.1571013 secs]
   [Parallel Time: 119.3 ms, GC Workers: 8]
      [GC Worker Start (ms): Min: 89170.8, Avg: 89172.1, Max: 89180.7, Diff: 9.9]
      [Ext Root Scanning (ms): Min: 0.0, Avg: 0.1, Max: 0.2, Diff: 0.2, Sum: 0.8]
      [Update RS (ms): Min: 17.1, Avg: 25.7, Max: 27.0, Diff: 9.9, Sum: 205.3]
         [Processed Buffers: Min: 31, Avg: 45.6, Max: 57, Diff: 26, Sum: 365]
      [Scan RS (ms): Min: 1.4, Avg: 1.6, Max: 1.7, Diff: 0.3, Sum: 12.7]
      [Code Root Scanning (ms): Min: 0.0, Avg: 0.0, Max: 0.0, Diff: 0.0, Sum: 0.0]
      [Object Copy (ms): Min: 90.1, Avg: 90.2, Max: 90.5, Diff: 0.4, Sum: 721.7]
      [Termination (ms): Min: 0.1, Avg: 0.4, Max: 0.5, Diff: 0.4, Sum: 3.0]
         [Termination Attempts: Min: 141, Avg: 333.0, Max: 392, Diff: 251, Sum: 2664]
      [GC Worker Other (ms): Min: 0.0, Avg: 0.0, Max: 0.0, Diff: 0.0, Sum: 0.2]
      [GC Worker Total (ms): Min: 109.4, Avg: 118.0, Max: 119.3, Diff: 9.9, Sum: 943.7]
      [GC Worker End (ms): Min: 89290.0, Avg: 89290.1, Max: 89290.1, Diff: 0.0]
   [Code Root Fixup: 0.0 ms]
   [Code Root Purge: 0.0 ms]
   [Clear CT: 0.1 ms]
   [Other: 37.6 ms]
      [Choose CSet: 0.0 ms]
      [Ref Proc: 37.0 ms]
      [Ref Enq: 0.0 ms]
      [Redirty Cards: 0.4 ms]
      [Humongous Register: 0.0 ms]
      [Humongous Reclaim: 0.0 ms]
      [Free CSet: 0.1 ms]
   [Eden: 89.0M(89.0M)->0.0B(89.0M) Survivors: 13.0M->13.0M Heap: 1927.6M(2048.0M)->1929.6M(2048.0M)]
 [Times: user=0.94 sys=0.00, real=0.15 secs] 
89.488: [GC pause (G1 Evacuation Pause) (young)89.850: [SoftReference, 0 refs, 0.0000225 secs]89.850: [WeakReference, 29340 refs, 0.0022935 secs]89.853: [FinalReference, 0 refs, 0.0000030 secs]89.853: [PhantomReference, 0 refs, 0 refs, 0.0000028 secs]89.853: [JNI Weak Reference, 0.0000024 secs] (to-space exhausted), 0.3907280 secs]
   [Parallel Time: 360.7 ms, GC Workers: 8]
      [GC Worker Start (ms): Min: 89488.0, Avg: 89488.0, Max: 89488.1, Diff: 0.1]
      [Ext Root Scanning (ms): Min: 0.1, Avg: 0.1, Max: 0.2, Diff: 0.1, Sum: 0.9]
      [Update RS (ms): Min: 18.2, Avg: 18.8, Max: 20.0, Diff: 1.8, Sum: 150.2]
         [Processed Buffers: Min: 26, Avg: 39.6, Max: 45, Diff: 19, Sum: 317]
      [Scan RS (ms): Min: 0.0, Avg: 1.0, Max: 1.6, Diff: 1.6, Sum: 8.4]
      [Code Root Scanning (ms): Min: 0.0, Avg: 0.0, Max: 0.0, Diff: 0.0, Sum: 0.0]
      [Object Copy (ms): Min: 213.5, Avg: 245.4, Max: 340.5, Diff: 127.0, Sum: 1962.9]
      [Termination (ms): Min: 0.0, Avg: 95.1, Max: 127.0, Diff: 127.0, Sum: 761.0]
         [Termination Attempts: Min: 1, Avg: 32.4, Max: 50, Diff: 49, Sum: 259]
      [GC Worker Other (ms): Min: 0.0, Avg: 0.0, Max: 0.0, Diff: 0.0, Sum: 0.1]
      [GC Worker Total (ms): Min: 360.3, Avg: 360.4, Max: 360.6, Diff: 0.3, Sum: 2883.5]
      [GC Worker End (ms): Min: 89848.4, Avg: 89848.5, Max: 89848.6, Diff: 0.2]
   [Code Root Fixup: 0.0 ms]
   [Code Root Purge: 0.0 ms]
   [Clear CT: 0.2 ms]
   [Other: 29.9 ms]
      [Evacuation Failure: 25.6 ms]
      [Choose CSet: 0.0 ms]
      [Ref Proc: 3.9 ms]
      [Ref Enq: 0.0 ms]
      [Redirty Cards: 0.2 ms]
      [Humongous Register: 0.0 ms]
      [Humongous Reclaim: 0.0 ms]
      [Free CSet: 0.1 ms]
   [Eden: 89.0M(89.0M)->0.0B(90.0M) Survivors: 13.0M->12.0M Heap: 2018.6M(2048.0M)->2022.1M(2048.0M)]
 [Times: user=1.52 sys=0.01, real=0.39 secs] 
89.922: [GC pause (G1 Evacuation Pause) (young)90.160: [SoftReference, 0 refs, 0.0000219 secs]90.160: [WeakReference, 0 refs, 0.0000031 secs]90.160: [FinalReference, 0 refs, 0.0000027 secs]90.160: [PhantomReference, 0 refs, 0 refs, 0.0000032 secs]90.160: [JNI Weak Reference, 0.0000029 secs] (to-space exhausted), 0.2510437 secs]
   [Parallel Time: 236.7 ms, GC Workers: 8]
      [GC Worker Start (ms): Min: 89921.7, Avg: 89921.8, Max: 89921.9, Diff: 0.2]
      [Ext Root Scanning (ms): Min: 0.0, Avg: 0.1, Max: 0.2, Diff: 0.2, Sum: 0.9]
      [Update RS (ms): Min: 14.6, Avg: 14.7, Max: 15.6, Diff: 1.0, Sum: 117.8]
         [Processed Buffers: Min: 14, Avg: 16.5, Max: 18, Diff: 4, Sum: 132]
      [Scan RS (ms): Min: 0.0, Avg: 0.0, Max: 0.0, Diff: 0.0, Sum: 0.0]
      [Code Root Scanning (ms): Min: 0.0, Avg: 0.0, Max: 0.0, Diff: 0.0, Sum: 0.0]
      [Object Copy (ms): Min: 220.7, Avg: 221.6, Max: 221.7, Diff: 1.0, Sum: 1772.5]
      [Termination (ms): Min: 0.0, Avg: 0.2, Max: 0.2, Diff: 0.2, Sum: 1.4]
         [Termination Attempts: Min: 1, Avg: 1.6, Max: 3, Diff: 2, Sum: 13]
      [GC Worker Other (ms): Min: 0.0, Avg: 0.0, Max: 0.0, Diff: 0.0, Sum: 0.1]
      [GC Worker Total (ms): Min: 236.5, Avg: 236.6, Max: 236.6, Diff: 0.2, Sum: 1892.6]
      [GC Worker End (ms): Min: 90158.3, Avg: 90158.3, Max: 90158.4, Diff: 0.1]
   [Code Root Fixup: 0.0 ms]
   [Code Root Purge: 0.0 ms]
   [Clear CT: 0.1 ms]
   [Other: 14.2 ms]
      [Evacuation Failure: 12.5 ms]
      [Choose CSet: 0.0 ms]
      [Ref Proc: 1.5 ms]
      [Ref Enq: 0.0 ms]
      [Redirty Cards: 0.1 ms]
      [Humongous Register: 0.0 ms]
      [Humongous Reclaim: 0.0 ms]
      [Free CSet: 0.0 ms]
   [Eden: 24.0M(90.0M)->0.0B(102.0M) Survivors: 12.0M->0.0B Heap: 2046.1M(2048.0M)->2046.1M(2048.0M)]
 [Times: user=0.41 sys=0.02, real=0.25 secs] 
90.174: [GC pause (G1 Evacuation Pause) (young)90.178: [SoftReference, 0 refs, 0.0000132 secs]90.178: [WeakReference, 0 refs, 0.0000034 secs]90.178: [FinalReference, 0 refs, 0.0000027 secs]90.178: [PhantomReference, 0 refs, 0 refs, 0.0000030 secs]90.178: [JNI Weak Reference, 0.0000023 secs], 0.0044440 secs]
   [Parallel Time: 2.8 ms, GC Workers: 8]
      [GC Worker Start (ms): Min: 90173.9, Avg: 90174.0, Max: 90174.0, Diff: 0.1]
      [Ext Root Scanning (ms): Min: 0.1, Avg: 0.1, Max: 0.2, Diff: 0.1, Sum: 0.9]
      [Update RS (ms): Min: 2.0, Avg: 2.1, Max: 2.4, Diff: 0.5, Sum: 17.1]
         [Processed Buffers: Min: 5, Avg: 8.4, Max: 14, Diff: 9, Sum: 67]
      [Scan RS (ms): Min: 0.0, Avg: 0.0, Max: 0.0, Diff: 0.0, Sum: 0.0]
      [Code Root Scanning (ms): Min: 0.0, Avg: 0.0, Max: 0.0, Diff: 0.0, Sum: 0.0]
      [Object Copy (ms): Min: 0.0, Avg: 0.0, Max: 0.0, Diff: 0.0, Sum: 0.0]
      [Termination (ms): Min: 0.0, Avg: 0.4, Max: 0.6, Diff: 0.6, Sum: 3.0]
         [Termination Attempts: Min: 1, Avg: 1.0, Max: 1, Diff: 0, Sum: 8]
      [GC Worker Other (ms): Min: 0.0, Avg: 0.0, Max: 0.0, Diff: 0.0, Sum: 0.0]
      [GC Worker Total (ms): Min: 2.5, Avg: 2.6, Max: 2.7, Diff: 0.2, Sum: 21.1]
      [GC Worker End (ms): Min: 90176.5, Avg: 90176.6, Max: 90176.7, Diff: 0.2]
   [Code Root Fixup: 0.0 ms]
   [Code Root Purge: 0.0 ms]
   [Clear CT: 0.1 ms]
   [Other: 1.6 ms]
      [Choose CSet: 0.0 ms]
      [Ref Proc: 1.4 ms]
      [Ref Enq: 0.0 ms]
      [Redirty Cards: 0.1 ms]
      [Humongous Register: 0.0 ms]
      [Humongous Reclaim: 0.0 ms]
      [Free CSet: 0.0 ms]
   [Eden: 0.0B(102.0M)->0.0B(102.0M) Survivors: 0.0B->0.0B Heap: 2046.1M(2048.0M)->2046.1M(2048.0M)]
 [Times: user=0.04 sys=0.00, real=0.00 secs] 
90.178: [Full GC (Allocation Failure) 90.523: [SoftReference, 0 refs, 0.0000281 secs]90.523: [WeakReference, 9 refs, 0.0000055 secs]90.523: [FinalReference, 2 refs, 0.0000035 secs]90.523: [PhantomReference, 0 refs, 0 refs, 0.0000037 secs]90.523: [JNI Weak Reference, 0.0000030 secs] 2046M->410M(1368M), 1.3297414 secs]
   [Eden: 0.0B(102.0M)->0.0B(193.0M) Survivors: 0.0B->0.0B Heap: 2046.1M(2048.0M)->410.3M(1368.0M)], [Metaspace: 3227K->3227K(1056768K)]
 [Times: user=1.86 sys=0.07, real=1.33 secs] 
91.508: [GC concurrent-mark-abort]
91.707: [GC pause (G1 Evacuation Pause) (young)91.889: [SoftReference, 0 refs, 0.0000262 secs]91.889: [WeakReference, 5 refs, 0.0000067 secs]91.889: [FinalReference, 0 refs, 0.0000027 secs]91.889: [PhantomReference, 0 refs, 0 refs, 0.0000028 secs]91.889: [JNI Weak Reference, 0.0000027 secs], 0.1835681 secs]
   [Parallel Time: 180.7 ms, GC Workers: 8]
      [GC Worker Start (ms): Min: 91707.2, Avg: 91707.2, Max: 91707.3, Diff: 0.1]
      [Ext Root Scanning (ms): Min: 0.1, Avg: 0.1, Max: 0.2, Diff: 0.1, Sum: 0.9]
      [Update RS (ms): Min: 0.0, Avg: 0.0, Max: 0.0, Diff: 0.0, Sum: 0.1]
         [Processed Buffers: Min: 0, Avg: 0.2, Max: 1, Diff: 1, Sum: 2]
      [Scan RS (ms): Min: 0.0, Avg: 0.0, Max: 0.0, Diff: 0.0, Sum: 0.2]
      [Code Root Scanning (ms): Min: 0.0, Avg: 0.0, Max: 0.0, Diff: 0.0, Sum: 0.0]
      [Object Copy (ms): Min: 180.1, Avg: 180.1, Max: 180.2, Diff: 0.1, Sum: 1441.2]
      [Termination (ms): Min: 0.2, Avg: 0.3, Max: 0.3, Diff: 0.1, Sum: 2.1]
         [Termination Attempts: Min: 306, Avg: 366.6, Max: 409, Diff: 103, Sum: 2933]
      [GC Worker Other (ms): Min: 0.0, Avg: 0.0, Max: 0.1, Diff: 0.0, Sum: 0.2]
      [GC Worker Total (ms): Min: 180.5, Avg: 180.6, Max: 180.7, Diff: 0.1, Sum: 1444.7]
      [GC Worker End (ms): Min: 91887.8, Avg: 91887.8, Max: 91887.8, Diff: 0.0]
   [Code Root Fixup: 0.0 ms]
   [Code Root Purge: 0.0 ms]
   [Clear CT: 0.1 ms]
   [Other: 2.7 ms]
      [Choose CSet: 0.0 ms]
      [Ref Proc: 0.8 ms]
      [Ref Enq: 0.0 ms]
      [Redirty Cards: 0.6 ms]
      [Humongous Register: 0.0 ms]
      [Humongous Reclaim: 0.0 ms]
      [Free CSet: 0.1 ms]
   [Eden: 193.0M(193.0M)->0.0B(155.0M) Survivors: 0.0B->25.0M Heap: 603.3M(1368.0M)->651.1M(1504.0M)]
 [Times: user=1.32 sys=0.01, real=0.19 secs] 
92.141: [GC pause (G1 Evacuation Pause) (young)92.305: [SoftReference, 0 refs, 0.0000240 secs]92.305: [WeakReference, 4 refs, 0.0000050 secs]92.305: [FinalReference, 0 refs, 0.0000026 secs]92.305: [PhantomReference, 0 refs, 0 refs, 0.0000029 secs]92.305: [JNI Weak Reference, 0.0000026 secs], 0.1649390 secs]
   [Parallel Time: 162.9 ms, GC Workers: 8]
      [GC Worker Start (ms): Min: 92141.0, Avg: 92142.4, Max: 92150.9, Diff: 9.9]
      [Ext Root Scanning (ms): Min: 0.0, Avg: 0.1, Max: 0.2, Diff: 0.2, Sum: 0.6]
      [Update RS (ms): Min: 4.8, Avg: 13.3, Max: 14.6, Diff: 9.8, Sum: 106.4]
         [Processed Buffers: Min: 16, Avg: 43.5, Max: 61, Diff: 45, Sum: 348]
      [Scan RS (ms): Min: 0.0, Avg: 0.1, Max: 0.3, Diff: 0.2, Sum: 0.9]
      [Code Root Scanning (ms): Min: 0.0, Avg: 0.0, Max: 0.0, Diff: 0.0, Sum: 0.0]
      [Object Copy (ms): Min: 147.6, Avg: 147.7, Max: 147.8, Diff: 0.2, Sum: 1182.0]
      [Termination (ms): Min: 0.1, Avg: 0.2, Max: 0.2, Diff: 0.0, Sum: 1.3]
         [Termination Attempts: Min: 246, Avg: 267.2, Max: 295, Diff: 49, Sum: 2138]
      [GC Worker Other (ms): Min: 0.0, Avg: 0.0, Max: 0.1, Diff: 0.0, Sum: 0.3]
      [GC Worker Total (ms): Min: 152.9, Avg: 161.5, Max: 162.8, Diff: 9.9, Sum: 1291.6]
      [GC Worker End (ms): Min: 92303.8, Avg: 92303.8, Max: 92303.8, Diff: 0.0]
   [Code Root Fixup: 0.0 ms]
   [Code Root Purge: 0.0 ms]
   [Clear CT: 0.2 ms]
   [Other: 1.8 ms]
      [Choose CSet: 0.0 ms]
      [Ref Proc: 0.7 ms]
      [Ref Enq: 0.0 ms]
      [Redirty Cards: 0.3 ms]
      [Humongous Register: 0.0 ms]
      [Humongous Reclaim: 0.0 ms]
      [Free CSet: 0.1 ms]
   [Eden: 155.0M(155.0M)->0.0B(154.0M) Survivors: 25.0M->23.0M Heap: 806.1M(1504.0M)->807.8M(1613.0M)]
 [Times: user=1.20 sys=0.01, real=0.16 secs] 
92.529: [GC pause (G1 Evacuation Pause) (young) (initial-mark)92.702: [SoftReference, 0 refs, 0.0000277 secs]92.702: [WeakReference, 0 refs, 0.0000031 secs]92.702: [FinalReference, 0 refs, 0.0000027 secs]92.702: [PhantomReference, 0 refs, 0 refs, 0.0000030 secs]92.702: [JNI Weak Reference, 0.0000027 secs], 0.1746717 secs]
   [Parallel Time: 173.0 ms, GC Workers: 8]
      [GC Worker Start (ms): Min: 92529.0, Avg: 92529.2, Max: 92529.3, Diff: 0.2]
      [Ext Root Scanning (ms): Min: 0.0, Avg: 1.4, Max: 3.4, Diff: 3.4, Sum: 11.0]
      [Update RS (ms): Min: 18.4, Avg: 20.6, Max: 22.0, Diff: 3.6, Sum: 165.0]
         [Processed Buffers: Min: 40, Avg: 47.9, Max: 53, Diff: 13, Sum: 383]
      [Scan RS (ms): Min: 0.1, Avg: 0.2, Max: 0.3, Diff: 0.3, Sum: 1.7]
      [Code Root Scanning (ms): Min: 0.0, Avg: 0.0, Max: 0.0, Diff: 0.0, Sum: 0.0]
      [Object Copy (ms): Min: 150.3, Avg: 150.4, Max: 150.4, Diff: 0.2, Sum: 1203.0]
      [Termination (ms): Min: 0.2, Avg: 0.2, Max: 0.3, Diff: 0.1, Sum: 1.8]
         [Termination Attempts: Min: 207, Avg: 258.5, Max: 312, Diff: 105, Sum: 2068]
      [GC Worker Other (ms): Min: 0.0, Avg: 0.0, Max: 0.1, Diff: 0.0, Sum: 0.2]
      [GC Worker Total (ms): Min: 172.7, Avg: 172.8, Max: 173.0, Diff: 0.2, Sum: 1382.7]
      [GC Worker End (ms): Min: 92702.0, Avg: 92702.0, Max: 92702.0, Diff: 0.0]
   [Code Root Fixup: 0.0 ms]
   [Code Root Purge: 0.0 ms]
   [Clear CT: 0.1 ms]
   [Other: 1.5 ms]
      [Choose CSet: 0.0 ms]
      [Ref Proc: 0.3 ms]
      [Ref Enq: 0.0 ms]
      [Redirty Cards: 0.5 ms]
      [Humongous Register: 0.0 ms]
      [Humongous Reclaim: 0.0 ms]
      [Free CSet: 0.1 ms]
   [Eden: 154.0M(154.0M)->0.0B(155.0M) Survivors: 23.0M->23.0M Heap: 961.8M(1613.0M)->963.3M(1700.0M)]
 [Times: user=1.27 sys=0.01, real=0.18 secs] 
92.704: [GC concurrent-root-region-scan-start]
92.718: [GC concurrent-root-region-scan-end, 0.0138307 secs]
92.718: [GC concurrent-mark-start]
92.962: [GC pause (G1 Evacuation Pause) (young)93.151: [SoftReference, 0 refs, 0.0000238 secs]93.151: [WeakReference, 0 refs, 0.0000032 secs]93.151: [FinalReference, 0 refs, 0.0000135 secs]93.151: [PhantomReference, 0 refs, 0 refs, 0.0000032 secs]93.151: [JNI Weak Reference, 0.0000026 secs], 0.1893584 secs]
   [Parallel Time: 184.6 ms, GC Workers: 8]
      [GC Worker Start (ms): Min: 92962.6, Avg: 92962.6, Max: 92962.7, Diff: 0.1]
      [Ext Root Scanning (ms): Min: 0.1, Avg: 0.1, Max: 0.2, Diff: 0.1, Sum: 1.0]
      [Update RS (ms): Min: 18.9, Avg: 19.0, Max: 19.0, Diff: 0.1, Sum: 151.7]
         [Processed Buffers: Min: 40, Avg: 43.0, Max: 46, Diff: 6, Sum: 344]
      [Scan RS (ms): Min: 0.2, Avg: 0.3, Max: 0.4, Diff: 0.2, Sum: 2.8]
      [Code Root Scanning (ms): Min: 0.0, Avg: 0.0, Max: 0.0, Diff: 0.0, Sum: 0.0]
      [Object Copy (ms): Min: 162.7, Avg: 163.6, Max: 165.1, Diff: 2.4, Sum: 1308.7]
      [Termination (ms): Min: 0.0, Avg: 1.5, Max: 2.3, Diff: 2.3, Sum: 11.8]
         [Termination Attempts: Min: 44, Avg: 627.6, Max: 815, Diff: 771, Sum: 5021]
      [GC Worker Other (ms): Min: 0.0, Avg: 0.0, Max: 0.0, Diff: 0.0, Sum: 0.1]
      [GC Worker Total (ms): Min: 184.5, Avg: 184.5, Max: 184.6, Diff: 0.1, Sum: 1476.1]
      [GC Worker End (ms): Min: 93147.1, Avg: 93147.1, Max: 93147.1, Diff: 0.0]
   [Code Root Fixup: 0.0 ms]
   [Code Root Purge: 0.0 ms]
   [Clear CT: 0.1 ms]
   [Other: 4.6 ms]
      [Choose CSet: 0.0 ms]
      [Ref Proc: 3.4 ms]
      [Ref Enq: 0.0 ms]
      [Redirty Cards: 0.5 ms]
      [Humongous Register: 0.0 ms]
      [Humongous Reclaim: 0.0 ms]
      [Free CSet: 0.1 ms]
   [Eden: 155.0M(155.0M)->0.0B(147.0M) Survivors: 23.0M->23.0M Heap: 1118.3M(1700.0M)->1120.8M(1770.0M)]
 [Times: user=1.39 sys=0.01, real=0.19 secs] 
93.396: [GC pause (G1 Evacuation Pause) (young)93.579: [SoftReference, 0 refs, 0.0000245 secs]93.579: [WeakReference, 0 refs, 0.0000032 secs]93.579: [FinalReference, 0 refs, 0.0000026 secs]93.579: [PhantomReference, 0 refs, 0 refs, 0.0000031 secs]93.579: [JNI Weak Reference, 0.0000028 secs], 0.1843708 secs]
   [Parallel Time: 180.2 ms, GC Workers: 8]
      [GC Worker Start (ms): Min: 93396.0, Avg: 93396.1, Max: 93396.2, Diff: 0.2]
      [Ext Root Scanning (ms): Min: 0.0, Avg: 0.1, Max: 0.2, Diff: 0.2, Sum: 0.8]
      [Update RS (ms): Min: 20.9, Avg: 20.9, Max: 21.0, Diff: 0.1, Sum: 167.6]
         [Processed Buffers: Min: 42, Avg: 47.2, Max: 53, Diff: 11, Sum: 378]
      [Scan RS (ms): Min: 0.4, Avg: 0.7, Max: 2.1, Diff: 1.6, Sum: 5.5]
      [Code Root Scanning (ms): Min: 0.0, Avg: 0.0, Max: 0.0, Diff: 0.0, Sum: 0.0]
      [Object Copy (ms): Min: 156.4, Avg: 157.7, Max: 158.2, Diff: 1.8, Sum: 1261.4]
      [Termination (ms): Min: 0.3, Avg: 0.6, Max: 0.8, Diff: 0.4, Sum: 4.6]
         [Termination Attempts: Min: 371, Avg: 475.0, Max: 555, Diff: 184, Sum: 3800]
      [GC Worker Other (ms): Min: 0.0, Avg: 0.0, Max: 0.1, Diff: 0.0, Sum: 0.2]
      [GC Worker Total (ms): Min: 179.9, Avg: 180.0, Max: 180.1, Diff: 0.2, Sum: 1440.2]
      [GC Worker End (ms): Min: 93576.1, Avg: 93576.1, Max: 93576.1, Diff: 0.0]
   [Code Root Fixup: 0.0 ms]
   [Code Root Purge: 0.0 ms]
   [Clear CT: 0.1 ms]
   [Other: 4.1 ms]
      [Choose CSet: 0.0 ms]
      [Ref Proc: 3.1 ms]
      [Ref Enq: 0.0 ms]
      [Redirty Cards: 0.5 ms]
      [Humongous Register: 0.0 ms]
      [Humongous Reclaim: 0.0 ms]
      [Free CSet: 0.1 ms]
   [Eden: 147.0M(147.0M)->0.0B(150.0M) Survivors: 23.0M->22.0M Heap: 1267.8M(1770.0M)->1270.3M(1826.0M)]
 [Times: user=1.38 sys=0.00, real=0.19 secs] 
93.643: [GC concurrent-mark-reset-for-overflow]
93.827: [GC pause (G1 Evacuation Pause) (young)94.008: [SoftReference, 0 refs, 0.0000308 secs]94.008: [WeakReference, 0 refs, 0.0000035 secs]94.008: [FinalReference, 0 refs, 0.0000030 secs]94.008: [PhantomReference, 0 refs, 0 refs, 0.0000032 secs]94.008: [JNI Weak Reference, 0.0000031 secs], 0.1827406 secs]
   [Parallel Time: 178.0 ms, GC Workers: 8]
      [GC Worker Start (ms): Min: 93826.9, Avg: 93827.0, Max: 93827.0, Diff: 0.1]
      [Ext Root Scanning (ms): Min: 0.1, Avg: 0.1, Max: 0.2, Diff: 0.1, Sum: 1.0]
      [Update RS (ms): Min: 19.5, Avg: 19.6, Max: 19.7, Diff: 0.2, Sum: 157.0]
         [Processed Buffers: Min: 38, Avg: 42.4, Max: 48, Diff: 10, Sum: 339]
      [Scan RS (ms): Min: 0.3, Avg: 0.4, Max: 0.5, Diff: 0.1, Sum: 3.1]
      [Code Root Scanning (ms): Min: 0.0, Avg: 0.0, Max: 0.0, Diff: 0.0, Sum: 0.0]
      [Object Copy (ms): Min: 157.2, Avg: 157.4, Max: 157.6, Diff: 0.3, Sum: 1258.9]
      [Termination (ms): Min: 0.2, Avg: 0.4, Max: 0.5, Diff: 0.3, Sum: 3.0]
         [Termination Attempts: Min: 238, Avg: 374.5, Max: 423, Diff: 185, Sum: 2996]
      [GC Worker Other (ms): Min: 0.0, Avg: 0.0, Max: 0.0, Diff: 0.0, Sum: 0.2]
      [GC Worker Total (ms): Min: 177.9, Avg: 177.9, Max: 177.9, Diff: 0.1, Sum: 1423.2]
      [GC Worker End (ms): Min: 94004.9, Avg: 94004.9, Max: 94004.9, Diff: 0.0]
   [Code Root Fixup: 0.0 ms]
   [Code Root Purge: 0.0 ms]
   [Clear CT: 0.1 ms]
   [Other: 4.6 ms]
      [Choose CSet: 0.0 ms]
      [Ref Proc: 3.4 ms]
      [Ref Enq: 0.0 ms]
      [Redirty Cards: 0.7 ms]
      [Humongous Register: 0.0 ms]
      [Humongous Reclaim: 0.0 ms]
      [Free CSet: 0.1 ms]
   [Eden: 150.0M(150.0M)->0.0B(129.0M) Survivors: 22.0M->22.0M Heap: 1420.3M(1826.0M)->1422.8M(1871.0M)]
 [Times: user=1.38 sys=0.00, real=0.19 secs] 
94.250: [GC pause (G1 Evacuation Pause) (young)94.413: [SoftReference, 0 refs, 0.0000224 secs]94.413: [WeakReference, 0 refs, 0.0000032 secs]94.413: [FinalReference, 0 refs, 0.0000029 secs]94.413: [PhantomReference, 0 refs, 0 refs, 0.0000030 secs]94.413: [JNI Weak Reference, 0.0000027 secs], 0.1638249 secs]
   [Parallel Time: 159.5 ms, GC Workers: 8]
      [GC Worker Start (ms): Min: 94250.3, Avg: 94250.3, Max: 94250.4, Diff: 0.1]
      [Ext Root Scanning (ms): Min: 0.1, Avg: 0.1, Max: 0.2, Diff: 0.1, Sum: 0.8]
      [Update RS (ms): Min: 18.3, Avg: 18.4, Max: 18.5, Diff: 0.2, Sum: 147.2]
         [Processed Buffers: Min: 44, Avg: 46.5, Max: 49, Diff: 5, Sum: 372]
      [Scan RS (ms): Min: 0.1, Avg: 0.3, Max: 0.4, Diff: 0.2, Sum: 2.1]
      [Code Root Scanning (ms): Min: 0.0, Avg: 0.0, Max: 0.0, Diff: 0.0, Sum: 0.0]
      [Object Copy (ms): Min: 139.6, Avg: 140.1, Max: 140.4, Diff: 0.8, Sum: 1121.1]
      [Termination (ms): Min: 0.2, Avg: 0.4, Max: 0.9, Diff: 0.8, Sum: 3.3]
         [Termination Attempts: Min: 219, Avg: 274.1, Max: 345, Diff: 126, Sum: 2193]
      [GC Worker Other (ms): Min: 0.0, Avg: 0.0, Max: 0.1, Diff: 0.0, Sum: 0.2]
      [GC Worker Total (ms): Min: 159.3, Avg: 159.3, Max: 159.4, Diff: 0.1, Sum: 1274.7]
      [GC Worker End (ms): Min: 94409.7, Avg: 94409.7, Max: 94409.7, Diff: 0.0]
   [Code Root Fixup: 0.0 ms]
   [Code Root Purge: 0.0 ms]
   [Clear CT: 0.1 ms]
   [Other: 4.2 ms]
      [Choose CSet: 0.0 ms]
      [Ref Proc: 3.2 ms]
      [Ref Enq: 0.0 ms]
      [Redirty Cards: 0.6 ms]
      [Humongous Register: 0.0 ms]
      [Humongous Reclaim: 0.0 ms]
      [Free CSet: 0.1 ms]
   [Eden: 129.0M(129.0M)->0.0B(80.0M) Survivors: 22.0M->19.0M Heap: 1551.8M(1871.0M)->1553.8M(1907.0M)]
 [Times: user=1.25 sys=0.00, real=0.16 secs] 
94.543: [GC pause (G1 Evacuation Pause) (young)94.670: [SoftReference, 0 refs, 0.0000220 secs]94.670: [WeakReference, 0 refs, 0.0000034 secs]94.670: [FinalReference, 0 refs, 0.0000027 secs]94.670: [PhantomReference, 0 refs, 0 refs, 0.0000031 secs]94.670: [JNI Weak Reference, 0.0000028 secs], 0.1272310 secs]
   [Parallel Time: 123.3 ms, GC Workers: 8]
      [GC Worker Start (ms): Min: 94543.4, Avg: 94544.4, Max: 94548.3, Diff: 4.9]
      [Ext Root Scanning (ms): Min: 0.0, Avg: 0.1, Max: 0.2, Diff: 0.2, Sum: 0.5]
      [Update RS (ms): Min: 18.7, Avg: 22.5, Max: 23.4, Diff: 4.7, Sum: 180.4]
         [Processed Buffers: Min: 44, Avg: 51.1, Max: 56, Diff: 12, Sum: 409]
      [Scan RS (ms): Min: 0.5, Avg: 0.6, Max: 0.6, Diff: 0.1, Sum: 4.5]
      [Code Root Scanning (ms): Min: 0.0, Avg: 0.0, Max: 0.0, Diff: 0.0, Sum: 0.0]
      [Object Copy (ms): Min: 98.8, Avg: 98.8, Max: 98.9, Diff: 0.1, Sum: 790.8]
      [Termination (ms): Min: 0.1, Avg: 0.2, Max: 0.2, Diff: 0.1, Sum: 1.4]
         [Termination Attempts: Min: 174, Avg: 198.8, Max: 209, Diff: 35, Sum: 1590]
      [GC Worker Other (ms): Min: 0.0, Avg: 0.0, Max: 0.0, Diff: 0.0, Sum: 0.2]
      [GC Worker Total (ms): Min: 118.3, Avg: 122.2, Max: 123.2, Diff: 4.9, Sum: 977.8]
      [GC Worker End (ms): Min: 94666.6, Avg: 94666.6, Max: 94666.6, Diff: 0.0]
   [Code Root Fixup: 0.0 ms]
   [Code Root Purge: 0.0 ms]
   [Clear CT: 0.1 ms]
   [Other: 3.9 ms]
      [Choose CSet: 0.0 ms]
      [Ref Proc: 3.2 ms]
      [Ref Enq: 0.0 ms]
      [Redirty Cards: 0.3 ms]
      [Humongous Register: 0.0 ms]
      [Humongous Reclaim: 0.0 ms]
      [Free CSet: 0.0 ms]
   [Eden: 80.0M(80.0M)->0.0B(83.0M) Survivors: 19.0M->13.0M Heap: 1633.8M(1907.0M)->1635.8M(1936.0M)]
 [Times: user=0.97 sys=0.00, real=0.13 secs] 
94.681: [GC concurrent-mark-end, 1.9632511 secs]
94.681: [GC remark 94.681: [Finalize Marking, 0.0006870 secs] 94.682: [GC ref-proc94.682: [SoftReference, 0 refs, 0.0000111 secs]94.682: [WeakReference, 142887 refs, 0.0124013 secs]94.694: [FinalReference, 33 refs, 0.0000129 secs]94.694: [PhantomReference, 0 refs, 0 refs, 0.0000128 secs]94.694: [JNI Weak Reference, 0.0000031 secs], 0.0124708 secs] 94.694: [Unloading, 0.0005070 secs], 0.0171294 secs]
 [Times: user=0.04 sys=0.00, real=0.01 secs] 
94.698: [GC cleanup 1640M->1640M(1936M), 0.0022639 secs]
 [Times: user=0.01 sys=0.00, real=0.01 secs] 
94.805: [GC pause (G1 Evacuation Pause) (young)94.940: [SoftReference, 0 refs, 0.0000249 secs]94.940: [WeakReference, 0 refs, 0.0000030 secs]94.940: [FinalReference, 0 refs, 0.0000025 secs]94.940: [PhantomReference, 0 refs, 0 refs, 0.0000028 secs]94.940: [JNI Weak Reference, 0.0000029 secs], 0.1352825 secs]
   [Parallel Time: 133.9 ms, GC Workers: 8]
      [GC Worker Start (ms): Min: 94805.3, Avg: 94805.4, Max: 94805.4, Diff: 0.1]
      [Ext Root Scanning (ms): Min: 0.1, Avg: 0.1, Max: 0.2, Diff: 0.1, Sum: 0.9]
      [Update RS (ms): Min: 41.5, Avg: 41.7, Max: 42.1, Diff: 0.6, Sum: 333.2]
         [Processed Buffers: Min: 57, Avg: 65.0, Max: 76, Diff: 19, Sum: 520]
      [Scan RS (ms): Min: 0.0, Avg: 0.0, Max: 0.0, Diff: 0.0, Sum: 0.1]
      [Code Root Scanning (ms): Min: 0.0, Avg: 0.0, Max: 0.0, Diff: 0.0, Sum: 0.0]
      [Object Copy (ms): Min: 87.9, Avg: 90.2, Max: 91.3, Diff: 3.4, Sum: 721.2]
      [Termination (ms): Min: 0.7, Avg: 1.7, Max: 4.1, Diff: 3.4, Sum: 13.7]
         [Termination Attempts: Min: 349, Avg: 433.9, Max: 534, Diff: 185, Sum: 3471]
      [GC Worker Other (ms): Min: 0.0, Avg: 0.0, Max: 0.0, Diff: 0.0, Sum: 0.1]
      [GC Worker Total (ms): Min: 133.6, Avg: 133.6, Max: 133.8, Diff: 0.2, Sum: 1069.2]
      [GC Worker End (ms): Min: 94939.0, Avg: 94939.0, Max: 94939.2, Diff: 0.2]
   [Code Root Fixup: 0.0 ms]
   [Code Root Purge: 0.0 ms]
   [Clear CT: 0.1 ms]
   [Other: 1.3 ms]
      [Choose CSet: 0.0 ms]
      [Ref Proc: 0.7 ms]
      [Ref Enq: 0.0 ms]
      [Redirty Cards: 0.2 ms]
      [Humongous Register: 0.0 ms]
      [Humongous Reclaim: 0.0 ms]
      [Free CSet: 0.0 ms]
   [Eden: 83.0M(83.0M)->0.0B(85.0M) Survivors: 13.0M->12.0M Heap: 1718.8M(1936.0M)->1720.3M(1959.0M)]
 [Times: user=0.84 sys=0.01, real=0.14 secs] 
95.056: [GC pause (G1 Evacuation Pause) (young)95.167: [SoftReference, 0 refs, 0.0000292 secs]95.167: [WeakReference, 0 refs, 0.0000034 secs]95.167: [FinalReference, 0 refs, 0.0000028 secs]95.167: [PhantomReference, 0 refs, 0 refs, 0.0000040 secs]95.167: [JNI Weak Reference, 0.0000039 secs], 0.1118860 secs]
   [Parallel Time: 110.8 ms, GC Workers: 8]
      [GC Worker Start (ms): Min: 95055.7, Avg: 95056.1, Max: 95056.5, Diff: 0.8]
      [Ext Root Scanning (ms): Min: 0.0, Avg: 0.1, Max: 0.2, Diff: 0.2, Sum: 0.6]
      [Update RS (ms): Min: 25.1, Avg: 25.4, Max: 25.8, Diff: 0.7, Sum: 203.1]
         [Processed Buffers: Min: 39, Avg: 55.1, Max: 60, Diff: 21, Sum: 441]
      [Scan RS (ms): Min: 0.0, Avg: 0.0, Max: 0.0, Diff: 0.0, Sum: 0.1]
      [Code Root Scanning (ms): Min: 0.0, Avg: 0.0, Max: 0.0, Diff: 0.0, Sum: 0.0]
      [Object Copy (ms): Min: 84.6, Avg: 84.7, Max: 84.7, Diff: 0.1, Sum: 677.3]
      [Termination (ms): Min: 0.1, Avg: 0.1, Max: 0.2, Diff: 0.1, Sum: 0.8]
         [Termination Attempts: Min: 125, Avg: 142.0, Max: 154, Diff: 29, Sum: 1136]
      [GC Worker Other (ms): Min: 0.0, Avg: 0.0, Max: 0.0, Diff: 0.0, Sum: 0.2]
      [GC Worker Total (ms): Min: 109.9, Avg: 110.3, Max: 110.7, Diff: 0.8, Sum: 882.0]
      [GC Worker End (ms): Min: 95166.4, Avg: 95166.4, Max: 95166.4, Diff: 0.0]
   [Code Root Fixup: 0.0 ms]
   [Code Root Purge: 0.0 ms]
   [Clear CT: 0.1 ms]
   [Other: 1.0 ms]
      [Choose CSet: 0.0 ms]
      [Ref Proc: 0.3 ms]
      [Ref Enq: 0.0 ms]
      [Redirty Cards: 0.3 ms]
      [Humongous Register: 0.0 ms]
      [Humongous Reclaim: 0.0 ms]
      [Free CSet: 0.1 ms]
   [Eden: 85.0M(85.0M)->0.0B(85.0M) Survivors: 12.0M->13.0M Heap: 1805.3M(1959.0M)->1807.3M(1977.0M)]
 [Times: user=0.86 sys=0.00, real=0.11 secs] 
95.251: [GC pause (G1 Evacuation Pause) (young) (initial-mark)95.358: [SoftReference, 0 refs, 0.0000259 secs]95.358: [WeakReference, 0 refs, 0.0000032 secs]95.358: [FinalReference, 0 refs, 0.0000027 secs]95.358: [PhantomReference, 0 refs, 0 refs, 0.0000033 secs]95.358: [JNI Weak Reference, 0.0000029 secs], 0.1079623 secs]
   [Parallel Time: 106.4 ms, GC Workers: 8]
      [GC Worker Start (ms): Min: 95251.3, Avg: 95251.3, Max: 95251.4, Diff: 0.1]
      [Ext Root Scanning (ms): Min: 0.1, Avg: 0.1, Max: 0.2, Diff: 0.1, Sum: 0.9]
      [Update RS (ms): Min: 17.0, Avg: 17.1, Max: 17.2, Diff: 0.2, Sum: 136.7]
         [Processed Buffers: Min: 36, Avg: 37.2, Max: 40, Diff: 4, Sum: 298]
      [Scan RS (ms): Min: 0.2, Avg: 0.3, Max: 0.5, Diff: 0.4, Sum: 2.2]
      [Code Root Scanning (ms): Min: 0.0, Avg: 0.0, Max: 0.0, Diff: 0.0, Sum: 0.0]
      [Object Copy (ms): Min: 87.7, Avg: 88.0, Max: 88.5, Diff: 0.8, Sum: 704.2]
      [Termination (ms): Min: 0.3, Avg: 0.7, Max: 1.0, Diff: 0.7, Sum: 5.7]
         [Termination Attempts: Min: 210, Avg: 492.8, Max: 594, Diff: 384, Sum: 3942]
      [GC Worker Other (ms): Min: 0.0, Avg: 0.0, Max: 0.0, Diff: 0.0, Sum: 0.1]
      [GC Worker Total (ms): Min: 106.2, Avg: 106.2, Max: 106.3, Diff: 0.1, Sum: 849.8]
      [GC Worker End (ms): Min: 95357.6, Avg: 95357.6, Max: 95357.6, Diff: 0.0]
   [Code Root Fixup: 0.0 ms]
   [Code Root Purge: 0.0 ms]
   [Clear CT: 0.1 ms]
   [Other: 1.5 ms]
      [Choose CSet: 0.0 ms]
      [Ref Proc: 0.9 ms]
      [Ref Enq: 0.0 ms]
      [Redirty Cards: 0.3 ms]
      [Humongous Register: 0.0 ms]
      [Humongous Reclaim: 0.0 ms]
      [Free CSet: 0.1 ms]
   [Eden: 85.0M(85.0M)->0.0B(87.0M) Survivors: 13.0M->13.0M Heap: 1892.3M(1977.0M)->1893.8M(2005.0M)]
 [Times: user=0.79 sys=0.01, real=0.11 secs] 
95.359: [GC concurrent-root-region-scan-start]
95.365: [GC concurrent-root-region-scan-end, 0.0057802 secs]
95.365: [GC concurrent-mark-start]
95.464: [GC pause (G1 Evacuation Pause) (young)95.683: [SoftReference, 0 refs, 0.0000212 secs]95.683: [WeakReference, 0 refs, 0.0000034 secs]95.683: [FinalReference, 0 refs, 0.0000031 secs]95.683: [PhantomReference, 0 refs, 0 refs, 0.0000034 secs]95.683: [JNI Weak Reference, 0.0000029 secs] (to-space exhausted), 0.2328585 secs]
   [Parallel Time: 218.3 ms, GC Workers: 8]
      [GC Worker Start (ms): Min: 95463.9, Avg: 95465.7, Max: 95467.8, Diff: 3.9]
      [Ext Root Scanning (ms): Min: 0.0, Avg: 0.1, Max: 0.2, Diff: 0.2, Sum: 0.6]
      [Update RS (ms): Min: 30.0, Avg: 32.0, Max: 33.7, Diff: 3.7, Sum: 255.8]
         [Processed Buffers: Min: 47, Avg: 60.6, Max: 71, Diff: 24, Sum: 485]
      [Scan RS (ms): Min: 0.0, Avg: 0.0, Max: 0.0, Diff: 0.0, Sum: 0.1]
      [Code Root Scanning (ms): Min: 0.0, Avg: 0.0, Max: 0.0, Diff: 0.0, Sum: 0.0]
      [Object Copy (ms): Min: 183.8, Avg: 183.9, Max: 184.2, Diff: 0.5, Sum: 1471.5]
      [Termination (ms): Min: 0.0, Avg: 0.3, Max: 0.5, Diff: 0.5, Sum: 2.8]
         [Termination Attempts: Min: 2, Avg: 7.2, Max: 17, Diff: 15, Sum: 58]
      [GC Worker Other (ms): Min: 0.0, Avg: 0.0, Max: 0.0, Diff: 0.0, Sum: 0.1]
      [GC Worker Total (ms): Min: 214.3, Avg: 216.4, Max: 218.2, Diff: 3.9, Sum: 1730.9]
      [GC Worker End (ms): Min: 95682.0, Avg: 95682.1, Max: 95682.1, Diff: 0.1]
   [Code Root Fixup: 0.0 ms]
   [Code Root Purge: 0.0 ms]
   [Clear CT: 0.1 ms]
   [Other: 14.5 ms]
      [Evacuation Failure: 13.3 ms]
      [Choose CSet: 0.0 ms]
      [Ref Proc: 0.8 ms]
      [Ref Enq: 0.0 ms]
      [Redirty Cards: 0.2 ms]
      [Humongous Register: 0.0 ms]
      [Humongous Reclaim: 0.0 ms]
      [Free CSet: 0.0 ms]
   [Eden: 87.0M(87.0M)->0.0B(89.0M) Survivors: 13.0M->13.0M Heap: 1980.8M(2005.0M)->1987.3M(2048.0M)]
 [Times: user=0.81 sys=0.02, real=0.23 secs] 
95.776: [GC pause (G1 Evacuation Pause) (young)96.212: [SoftReference, 0 refs, 0.0000211 secs]96.212: [WeakReference, 0 refs, 0.0000029 secs]96.212: [FinalReference, 0 refs, 0.0000027 secs]96.212: [PhantomReference, 0 refs, 0 refs, 0.0000030 secs]96.212: [JNI Weak Reference, 0.0000027 secs] (to-space exhausted), 0.4625066 secs]
   [Parallel Time: 435.0 ms, GC Workers: 8]
      [GC Worker Start (ms): Min: 95776.3, Avg: 95776.4, Max: 95776.6, Diff: 0.2]
      [Ext Root Scanning (ms): Min: 0.0, Avg: 0.1, Max: 0.2, Diff: 0.2, Sum: 0.8]
      [Update RS (ms): Min: 17.0, Avg: 17.0, Max: 17.0, Diff: 0.1, Sum: 135.9]
         [Processed Buffers: Min: 32, Avg: 35.9, Max: 44, Diff: 12, Sum: 287]
      [Scan RS (ms): Min: 0.0, Avg: 0.0, Max: 0.0, Diff: 0.0, Sum: 0.1]
      [Code Root Scanning (ms): Min: 0.0, Avg: 0.0, Max: 0.0, Diff: 0.0, Sum: 0.0]
      [Object Copy (ms): Min: 417.7, Avg: 417.8, Max: 417.8, Diff: 0.1, Sum: 3342.2]
      [Termination (ms): Min: 0.0, Avg: 0.0, Max: 0.0, Diff: 0.0, Sum: 0.2]
         [Termination Attempts: Min: 1, Avg: 1.2, Max: 2, Diff: 1, Sum: 10]
      [GC Worker Other (ms): Min: 0.0, Avg: 0.0, Max: 0.0, Diff: 0.0, Sum: 0.1]
      [GC Worker Total (ms): Min: 434.8, Avg: 434.9, Max: 435.0, Diff: 0.2, Sum: 3479.3]
      [GC Worker End (ms): Min: 96211.3, Avg: 96211.3, Max: 96211.3, Diff: 0.0]
   [Code Root Fixup: 0.0 ms]
   [Code Root Purge: 0.0 ms]
   [Clear CT: 0.1 ms]
   [Other: 27.3 ms]
      [Evacuation Failure: 26.8 ms]
      [Choose CSet: 0.0 ms]
      [Ref Proc: 0.2 ms]
      [Ref Enq: 0.0 ms]
      [Redirty Cards: 0.2 ms]
      [Humongous Register: 0.0 ms]
      [Humongous Reclaim: 0.0 ms]
      [Free CSet: 0.0 ms]
   [Eden: 59.0M(89.0M)->0.0B(102.0M) Survivors: 13.0M->0.0B Heap: 2046.3M(2048.0M)->2046.3M(2048.0M)]
 [Times: user=0.66 sys=0.01, real=0.46 secs] 
96.239: [GC pause (G1 Evacuation Pause) (young)96.243: [SoftReference, 0 refs, 0.0000360 secs]96.243: [WeakReference, 0 refs, 0.0000030 secs]96.243: [FinalReference, 0 refs, 0.0000177 secs]96.243: [PhantomReference, 0 refs, 0 refs, 0.0000030 secs]96.243: [JNI Weak Reference, 0.0000023 secs], 0.0047144 secs]
   [Parallel Time: 4.0 ms, GC Workers: 8]
      [GC Worker Start (ms): Min: 96239.1, Avg: 96239.2, Max: 96239.2, Diff: 0.1]
      [Ext Root Scanning (ms): Min: 0.1, Avg: 0.1, Max: 0.2, Diff: 0.1, Sum: 0.9]
      [Update RS (ms): Min: 3.3, Avg: 3.4, Max: 3.5, Diff: 0.2, Sum: 27.3]
         [Processed Buffers: Min: 14, Avg: 15.9, Max: 18, Diff: 4, Sum: 127]
      [Scan RS (ms): Min: 0.0, Avg: 0.0, Max: 0.0, Diff: 0.0, Sum: 0.0]
      [Code Root Scanning (ms): Min: 0.0, Avg: 0.0, Max: 0.0, Diff: 0.0, Sum: 0.0]
      [Object Copy (ms): Min: 0.0, Avg: 0.0, Max: 0.0, Diff: 0.0, Sum: 0.0]
      [Termination (ms): Min: 0.0, Avg: 0.2, Max: 0.4, Diff: 0.4, Sum: 1.2]
         [Termination Attempts: Min: 1, Avg: 1.0, Max: 1, Diff: 0, Sum: 8]
      [GC Worker Other (ms): Min: 0.0, Avg: 0.0, Max: 0.0, Diff: 0.0, Sum: 0.1]
      [GC Worker Total (ms): Min: 3.6, Avg: 3.7, Max: 3.8, Diff: 0.2, Sum: 29.5]
      [GC Worker End (ms): Min: 96242.8, Avg: 96242.9, Max: 96243.0, Diff: 0.2]
   [Code Root Fixup: 0.0 ms]
   [Code Root Purge: 0.0 ms]
   [Clear CT: 0.1 ms]
   [Other: 0.7 ms]
      [Choose CSet: 0.0 ms]
      [Ref Proc: 0.4 ms]
      [Ref Enq: 0.0 ms]
      [Redirty Cards: 0.2 ms]
      [Humongous Register: 0.1 ms]
      [Humongous Reclaim: 0.0 ms]
      [Free CSet: 0.0 ms]
   [Eden: 0.0B(102.0M)->0.0B(102.0M) Survivors: 0.0B->0.0B Heap: 2046.3M(2048.0M)->2046.3M(2048.0M)]
 [Times: user=0.03 sys=0.00, real=0.00 secs] 
96.244: [Full GC (Allocation Failure) 97.515: [SoftReference, 0 refs, 0.0000266 secs]97.515: [WeakReference, 1048567 refs, 0.0598879 secs]97.575: [FinalReference, 2 refs, 0.0000077 secs]97.575: [PhantomReference, 0 refs, 0 refs, 0.0000041 secs]97.575: [JNI Weak Reference, 0.0000170 secs] 2046M->1609M(2048M), 3.2534256 secs]
   [Eden: 0.0B(102.0M)->0.0B(122.0M) Survivors: 0.0B->0.0B Heap: 2046.3M(2048.0M)->1609.6M(2048.0M)], [Metaspace: 3228K->3228K(1056768K)]
 [Times: user=4.94 sys=0.04, real=3.25 secs] 
99.498: [GC concurrent-mark-abort]
99.999: [GC pause (G1 Evacuation Pause) (young)100.146: [SoftReference, 0 refs, 0.0000223 secs]100.146: [WeakReference, 432120 refs, 0.0510932 secs]100.197: [FinalReference, 0 refs, 0.0000068 secs]100.197: [PhantomReference, 0 refs, 0 refs, 0.0000043 secs]100.197: [JNI Weak Reference, 0.0000033 secs], 0.1987535 secs]
   [Parallel Time: 146.1 ms, GC Workers: 8]
      [GC Worker Start (ms): Min: 99999.5, Avg: 99999.6, Max: 99999.7, Diff: 0.2]
      [Ext Root Scanning (ms): Min: 0.0, Avg: 0.1, Max: 0.2, Diff: 0.2, Sum: 0.9]
      [Update RS (ms): Min: 25.4, Avg: 26.1, Max: 28.5, Diff: 3.0, Sum: 208.7]
         [Processed Buffers: Min: 31, Avg: 46.1, Max: 56, Diff: 25, Sum: 369]
      [Scan RS (ms): Min: 0.0, Avg: 0.0, Max: 0.3, Diff: 0.2, Sum: 0.3]
      [Code Root Scanning (ms): Min: 0.0, Avg: 0.0, Max: 0.2, Diff: 0.2, Sum: 0.2]
      [Object Copy (ms): Min: 115.4, Avg: 117.5, Max: 118.6, Diff: 3.3, Sum: 940.1]
      [Termination (ms): Min: 0.2, Avg: 2.1, Max: 3.8, Diff: 3.6, Sum: 17.0]
         [Termination Attempts: Min: 161, Avg: 691.4, Max: 857, Diff: 696, Sum: 5531]
      [GC Worker Other (ms): Min: 0.0, Avg: 0.0, Max: 0.0, Diff: 0.0, Sum: 0.1]
      [GC Worker Total (ms): Min: 145.8, Avg: 145.9, Max: 146.0, Diff: 0.3, Sum: 1167.3]
      [GC Worker End (ms): Min: 100145.4, Avg: 100145.5, Max: 100145.6, Diff: 0.1]
   [Code Root Fixup: 0.0 ms]
   [Code Root Purge: 0.0 ms]
   [Clear CT: 0.2 ms]
   [Other: 52.5 ms]
      [Choose CSet: 0.0 ms]
      [Ref Proc: 51.8 ms]
      [Ref Enq: 0.0 ms]
      [Redirty Cards: 0.5 ms]
      [Humongous Register: 0.0 ms]
      [Humongous Reclaim: 0.0 ms]
      [Free CSet: 0.1 ms]
   [Eden: 122.0M(122.0M)->0.0B(86.0M) Survivors: 0.0B->16.0M Heap: 1731.6M(2048.0M)->1741.1M(2048.0M)]
 [Times: user=1.05 sys=0.01, real=0.19 secs] 
100.300: [GC pause (G1 Evacuation Pause) (young) (initial-mark)100.441: [SoftReference, 0 refs, 0.0000269 secs]100.441: [WeakReference, 299263 refs, 0.0408676 secs]100.482: [FinalReference, 0 refs, 0.0000085 secs]100.482: [PhantomReference, 0 refs, 0 refs, 0.0000043 secs]100.482: [JNI Weak Reference, 0.0000034 secs], 0.1825232 secs]
   [Parallel Time: 139.6 ms, GC Workers: 8]
      [GC Worker Start (ms): Min: 100300.3, Avg: 100300.3, Max: 100300.4, Diff: 0.2]
      [Ext Root Scanning (ms): Min: 0.0, Avg: 0.6, Max: 3.7, Diff: 3.7, Sum: 4.6]
      [Update RS (ms): Min: 18.0, Avg: 21.3, Max: 22.0, Diff: 3.9, Sum: 170.1]
         [Processed Buffers: Min: 10, Avg: 35.2, Max: 46, Diff: 36, Sum: 282]
      [Scan RS (ms): Min: 1.7, Avg: 2.3, Max: 4.6, Diff: 3.0, Sum: 18.3]
      [Code Root Scanning (ms): Min: 0.0, Avg: 0.0, Max: 0.0, Diff: 0.0, Sum: 0.0]
      [Object Copy (ms): Min: 111.4, Avg: 113.4, Max: 115.5, Diff: 4.1, Sum: 907.0]
      [Termination (ms): Min: 0.1, Avg: 1.9, Max: 2.6, Diff: 2.5, Sum: 15.1]
         [Termination Attempts: Min: 69, Avg: 630.0, Max: 849, Diff: 780, Sum: 5040]
      [GC Worker Other (ms): Min: 0.0, Avg: 0.0, Max: 0.0, Diff: 0.0, Sum: 0.1]
      [GC Worker Total (ms): Min: 139.3, Avg: 139.4, Max: 139.5, Diff: 0.2, Sum: 1115.3]
      [GC Worker End (ms): Min: 100439.7, Avg: 100439.7, Max: 100439.8, Diff: 0.1]
   [Code Root Fixup: 0.0 ms]
   [Code Root Purge: 0.0 ms]
   [Clear CT: 0.1 ms]
   [Other: 42.8 ms]
      [Choose CSet: 0.0 ms]
      [Ref Proc: 42.2 ms]
      [Ref Enq: 0.0 ms]
      [Redirty Cards: 0.3 ms]
      [Humongous Register: 0.0 ms]
      [Humongous Reclaim: 0.0 ms]
      [Free CSet: 0.1 ms]
   [Eden: 86.0M(86.0M)->0.0B(89.0M) Survivors: 16.0M->13.0M Heap: 1827.1M(2048.0M)->1827.1M(2048.0M)]
 [Times: user=0.94 sys=0.01, real=0.18 secs] 
100.483: [GC concurrent-root-region-scan-start]
100.518: [GC concurrent-root-region-scan-end, 0.0348635 secs]
100.518: [GC concurrent-mark-start]
100.625: [GC pause (G1 Evacuation Pause) (young)100.742: [SoftReference, 0 refs, 0.0000344 secs]100.742: [WeakReference, 314473 refs, 0.0338299 secs]100.775: [FinalReference, 0 refs, 0.0000069 secs]100.776: [PhantomReference, 0 refs, 0 refs, 0.0000043 secs]100.776: [JNI Weak Reference, 0.0000034 secs], 0.1516500 secs]
   [Parallel Time: 116.4 ms, GC Workers: 8]
      [GC Worker Start (ms): Min: 100624.7, Avg: 100625.6, Max: 100626.5, Diff: 1.8]
      [Ext Root Scanning (ms): Min: 0.0, Avg: 0.1, Max: 0.2, Diff: 0.2, Sum: 0.6]
      [Update RS (ms): Min: 14.9, Avg: 15.9, Max: 17.4, Diff: 2.6, Sum: 127.6]
         [Processed Buffers: Min: 15, Avg: 32.8, Max: 41, Diff: 26, Sum: 262]
      [Scan RS (ms): Min: 0.9, Avg: 1.6, Max: 1.9, Diff: 1.0, Sum: 13.0]
      [Code Root Scanning (ms): Min: 0.0, Avg: 0.0, Max: 0.0, Diff: 0.0, Sum: 0.0]
      [Object Copy (ms): Min: 97.2, Avg: 97.3, Max: 97.6, Diff: 0.3, Sum: 778.6]
      [Termination (ms): Min: 0.2, Avg: 0.5, Max: 0.6, Diff: 0.4, Sum: 4.0]
         [Termination Attempts: Min: 189, Avg: 232.6, Max: 275, Diff: 86, Sum: 1861]
      [GC Worker Other (ms): Min: 0.0, Avg: 0.0, Max: 0.1, Diff: 0.1, Sum: 0.1]
      [GC Worker Total (ms): Min: 114.5, Avg: 115.5, Max: 116.4, Diff: 1.9, Sum: 923.9]
      [GC Worker End (ms): Min: 100741.1, Avg: 100741.1, Max: 100741.1, Diff: 0.0]
   [Code Root Fixup: 0.0 ms]
   [Code Root Purge: 0.0 ms]
   [Clear CT: 0.1 ms]
   [Other: 35.1 ms]
      [Choose CSet: 0.0 ms]
      [Ref Proc: 34.4 ms]
      [Ref Enq: 0.0 ms]
      [Redirty Cards: 0.5 ms]
      [Humongous Register: 0.0 ms]
      [Humongous Reclaim: 0.0 ms]
      [Free CSet: 0.1 ms]
   [Eden: 89.0M(89.0M)->0.0B(89.0M) Survivors: 13.0M->13.0M Heap: 1916.1M(2048.0M)->1918.1M(2048.0M)]
 [Times: user=0.92 sys=0.00, real=0.15 secs] 
100.926: [GC pause (G1 Evacuation Pause) (young)101.225: [SoftReference, 0 refs, 0.0000196 secs]101.225: [WeakReference, 0 refs, 0.0000032 secs]101.225: [FinalReference, 0 refs, 0.0000028 secs]101.225: [PhantomReference, 0 refs, 0 refs, 0.0000029 secs]101.225: [JNI Weak Reference, 0.0000025 secs] (to-space exhausted), 0.3234667 secs]
   [Parallel Time: 298.4 ms, GC Workers: 8]
      [GC Worker Start (ms): Min: 100926.0, Avg: 100926.1, Max: 100926.5, Diff: 0.5]
      [Ext Root Scanning (ms): Min: 0.0, Avg: 0.1, Max: 0.2, Diff: 0.2, Sum: 0.8]
      [Update RS (ms): Min: 12.4, Avg: 12.7, Max: 12.8, Diff: 0.4, Sum: 101.8]
         [Processed Buffers: Min: 29, Avg: 32.6, Max: 34, Diff: 5, Sum: 261]
      [Scan RS (ms): Min: 1.4, Avg: 1.4, Max: 1.5, Diff: 0.2, Sum: 11.4]
      [Code Root Scanning (ms): Min: 0.0, Avg: 0.0, Max: 0.0, Diff: 0.0, Sum: 0.0]
      [Object Copy (ms): Min: 35.4, Avg: 167.0, Max: 283.8, Diff: 248.4, Sum: 1336.2]
      [Termination (ms): Min: 0.0, Avg: 116.8, Max: 248.4, Diff: 248.4, Sum: 934.7]
         [Termination Attempts: Min: 1, Avg: 95.2, Max: 254, Diff: 253, Sum: 762]
      [GC Worker Other (ms): Min: 0.0, Avg: 0.0, Max: 0.0, Diff: 0.0, Sum: 0.1]
      [GC Worker Total (ms): Min: 297.7, Avg: 298.1, Max: 298.2, Diff: 0.5, Sum: 2384.9]
      [GC Worker End (ms): Min: 101224.1, Avg: 101224.2, Max: 101224.3, Diff: 0.1]
   [Code Root Fixup: 0.0 ms]
   [Code Root Purge: 0.0 ms]
   [Clear CT: 0.2 ms]
   [Other: 25.0 ms]
      [Evacuation Failure: 23.7 ms]
      [Choose CSet: 0.0 ms]
      [Ref Proc: 1.0 ms]
      [Ref Enq: 0.0 ms]
      [Redirty Cards: 0.1 ms]
      [Humongous Register: 0.0 ms]
      [Humongous Reclaim: 0.0 ms]
      [Free CSet: 0.1 ms]
   [Eden: 89.0M(89.0M)->0.0B(89.0M) Survivors: 13.0M->13.0M Heap: 2007.1M(2048.0M)->2011.6M(2048.0M)]
 [Times: user=1.63 sys=0.01, real=0.33 secs] 
101.288: [GC pause (G1 Evacuation Pause) (young)101.579: [SoftReference, 0 refs, 0.0000208 secs]101.579: [WeakReference, 0 refs, 0.0000031 secs]101.579: [FinalReference, 0 refs, 0.0000027 secs]101.579: [PhantomReference, 0 refs, 0 refs, 0.0000032 secs]101.579: [JNI Weak Reference, 0.0000027 secs] (to-space exhausted), 0.3080780 secs]
   [Parallel Time: 290.6 ms, GC Workers: 8]
      [GC Worker Start (ms): Min: 101287.8, Avg: 101287.9, Max: 101288.1, Diff: 0.3]
      [Ext Root Scanning (ms): Min: 0.0, Avg: 0.1, Max: 0.2, Diff: 0.2, Sum: 0.9]
      [Update RS (ms): Min: 0.0, Avg: 18.7, Max: 23.1, Diff: 23.1, Sum: 149.3]
         [Processed Buffers: Min: 0, Avg: 22.2, Max: 30, Diff: 30, Sum: 178]
      [Scan RS (ms): Min: 0.0, Avg: 0.0, Max: 0.0, Diff: 0.0, Sum: 0.0]
      [Code Root Scanning (ms): Min: 0.0, Avg: 0.0, Max: 0.0, Diff: 0.0, Sum: 0.0]
      [Object Copy (ms): Min: 267.2, Avg: 271.6, Max: 290.2, Diff: 23.0, Sum: 2172.5]
      [Termination (ms): Min: 0.0, Avg: 0.1, Max: 0.2, Diff: 0.2, Sum: 1.0]
         [Termination Attempts: Min: 1, Avg: 1.1, Max: 2, Diff: 1, Sum: 9]
      [GC Worker Other (ms): Min: 0.0, Avg: 0.0, Max: 0.0, Diff: 0.0, Sum: 0.1]
      [GC Worker Total (ms): Min: 290.3, Avg: 290.5, Max: 290.6, Diff: 0.3, Sum: 2323.8]
      [GC Worker End (ms): Min: 101578.3, Avg: 101578.4, Max: 101578.4, Diff: 0.1]
   [Code Root Fixup: 0.0 ms]
   [Code Root Purge: 0.0 ms]
   [Clear CT: 0.1 ms]
   [Other: 17.4 ms]
      [Evacuation Failure: 16.5 ms]
      [Choose CSet: 0.0 ms]
      [Ref Proc: 0.7 ms]
      [Ref Enq: 0.0 ms]
      [Redirty Cards: 0.1 ms]
      [Humongous Register: 0.0 ms]
      [Humongous Reclaim: 0.0 ms]
      [Free CSet: 0.0 ms]
   [Eden: 35.0M(89.0M)->0.0B(102.0M) Survivors: 13.0M->0.0B Heap: 2046.6M(2048.0M)->2046.6M(2048.0M)]
 [Times: user=0.50 sys=0.00, real=0.31 secs] 
101.596: [GC pause (G1 Evacuation Pause) (young)101.598: [SoftReference, 0 refs, 0.0000126 secs]101.598: [WeakReference, 0 refs, 0.0000030 secs]101.598: [FinalReference, 0 refs, 0.0000025 secs]101.598: [PhantomReference, 0 refs, 0 refs, 0.0000031 secs]101.598: [JNI Weak Reference, 0.0000025 secs], 0.0023018 secs]
   [Parallel Time: 1.5 ms, GC Workers: 8]
      [GC Worker Start (ms): Min: 101596.1, Avg: 101596.1, Max: 101596.2, Diff: 0.2]
      [Ext Root Scanning (ms): Min: 0.0, Avg: 0.1, Max: 0.1, Diff: 0.1, Sum: 0.8]
      [Update RS (ms): Min: 0.9, Avg: 1.0, Max: 1.1, Diff: 0.2, Sum: 8.0]
         [Processed Buffers: Min: 4, Avg: 6.0, Max: 9, Diff: 5, Sum: 48]
      [Scan RS (ms): Min: 0.0, Avg: 0.0, Max: 0.0, Diff: 0.0, Sum: 0.0]
      [Code Root Scanning (ms): Min: 0.0, Avg: 0.0, Max: 0.0, Diff: 0.0, Sum: 0.0]
      [Object Copy (ms): Min: 0.0, Avg: 0.0, Max: 0.0, Diff: 0.0, Sum: 0.0]
      [Termination (ms): Min: 0.0, Avg: 0.2, Max: 0.4, Diff: 0.4, Sum: 1.2]
         [Termination Attempts: Min: 1, Avg: 1.0, Max: 1, Diff: 0, Sum: 8]
      [GC Worker Other (ms): Min: 0.0, Avg: 0.0, Max: 0.0, Diff: 0.0, Sum: 0.1]
      [GC Worker Total (ms): Min: 1.1, Avg: 1.3, Max: 1.4, Diff: 0.4, Sum: 10.1]
      [GC Worker End (ms): Min: 101597.3, Avg: 101597.4, Max: 101597.5, Diff: 0.2]
   [Code Root Fixup: 0.0 ms]
   [Code Root Purge: 0.0 ms]
   [Clear CT: 0.1 ms]
   [Other: 0.8 ms]
      [Choose CSet: 0.0 ms]
      [Ref Proc: 0.6 ms]
      [Ref Enq: 0.0 ms]
      [Redirty Cards: 0.1 ms]
      [Humongous Register: 0.0 ms]
      [Humongous Reclaim: 0.0 ms]
      [Free CSet: 0.0 ms]
   [Eden: 0.0B(102.0M)->0.0B(102.0M) Survivors: 0.0B->0.0B Heap: 2046.6M(2048.0M)->2046.6M(2048.0M)]
 [Times: user=0.01 sys=0.00, real=0.00 secs] 
101.598: [Full GC (Allocation Failure) 101.934: [SoftReference, 0 refs, 0.0000307 secs]101.934: [WeakReference, 11 refs, 0.0000070 secs]101.934: [FinalReference, 2 refs, 0.0000037 secs]101.934: [PhantomReference, 0 refs, 0 refs, 0.0000039 secs]101.934: [JNI Weak Reference, 0.0000031 secs] 2046M->429M(1432M), 1.2730083 secs]
   [Eden: 0.0B(102.0M)->0.0B(171.0M) Survivors: 0.0B->0.0B Heap: 2046.6M(2048.0M)->429.3M(1432.0M)], [Metaspace: 3228K->3228K(1056768K)]
 [Times: user=1.83 sys=0.06, real=1.28 secs] 
102.872: [GC concurrent-mark-abort]
103.051: [GC pause (G1 Evacuation Pause) (young)103.206: [SoftReference, 0 refs, 0.0000373 secs]103.206: [WeakReference, 6 refs, 0.0000103 secs]103.206: [FinalReference, 0 refs, 0.0000048 secs]103.206: [PhantomReference, 0 refs, 0 refs, 0.0000046 secs]103.206: [JNI Weak Reference, 0.0000039 secs], 0.1570819 secs]
   [Parallel Time: 154.5 ms, GC Workers: 8]
      [GC Worker Start (ms): Min: 103050.8, Avg: 103051.7, Max: 103053.7, Diff: 2.8]
      [Ext Root Scanning (ms): Min: 0.0, Avg: 0.1, Max: 0.2, Diff: 0.2, Sum: 0.6]
      [Update RS (ms): Min: 0.0, Avg: 0.0, Max: 0.0, Diff: 0.0, Sum: 0.0]
         [Processed Buffers: Min: 0, Avg: 0.2, Max: 1, Diff: 1, Sum: 2]
      [Scan RS (ms): Min: 0.0, Avg: 0.0, Max: 0.0, Diff: 0.0, Sum: 0.1]
      [Code Root Scanning (ms): Min: 0.0, Avg: 0.0, Max: 0.0, Diff: 0.0, Sum: 0.0]
      [Object Copy (ms): Min: 150.9, Avg: 152.6, Max: 154.0, Diff: 3.1, Sum: 1221.0]
      [Termination (ms): Min: 0.2, Avg: 0.8, Max: 1.4, Diff: 1.2, Sum: 6.5]
         [Termination Attempts: Min: 162, Avg: 298.1, Max: 361, Diff: 199, Sum: 2385]
      [GC Worker Other (ms): Min: 0.0, Avg: 0.0, Max: 0.0, Diff: 0.0, Sum: 0.1]
      [GC Worker Total (ms): Min: 151.6, Avg: 153.5, Max: 154.4, Diff: 2.9, Sum: 1228.3]
      [GC Worker End (ms): Min: 103205.2, Avg: 103205.3, Max: 103205.3, Diff: 0.0]
   [Code Root Fixup: 0.0 ms]
   [Code Root Purge: 0.0 ms]
   [Clear CT: 0.1 ms]
   [Other: 2.5 ms]
      [Choose CSet: 0.0 ms]
      [Ref Proc: 0.8 ms]
      [Ref Enq: 0.0 ms]
      [Redirty Cards: 0.4 ms]
      [Humongous Register: 0.0 ms]
      [Humongous Reclaim: 0.0 ms]
      [Free CSet: 0.1 ms]
   [Eden: 171.0M(171.0M)->0.0B(150.0M) Survivors: 0.0B->22.0M Heap: 600.3M(1432.0M)->606.3M(1556.0M)]
 [Times: user=1.04 sys=0.01, real=0.15 secs] 
103.443: [GC pause (G1 Evacuation Pause) (young)103.598: [SoftReference, 0 refs, 0.0000283 secs]103.598: [WeakReference, 5 refs, 0.0000057 secs]103.598: [FinalReference, 0 refs, 0.0000027 secs]103.598: [PhantomReference, 0 refs, 0 refs, 0.0000029 secs]103.598: [JNI Weak Reference, 0.0000028 secs], 0.1568891 secs]
   [Parallel Time: 154.6 ms, GC Workers: 8]
      [GC Worker Start (ms): Min: 103443.2, Avg: 103443.2, Max: 103443.3, Diff: 0.1]
      [Ext Root Scanning (ms): Min: 0.1, Avg: 0.1, Max: 0.2, Diff: 0.1, Sum: 0.9]
      [Update RS (ms): Min: 11.9, Avg: 11.9, Max: 12.0, Diff: 0.1, Sum: 95.3]
         [Processed Buffers: Min: 34, Avg: 35.8, Max: 37, Diff: 3, Sum: 286]
      [Scan RS (ms): Min: 0.0, Avg: 0.1, Max: 0.3, Diff: 0.3, Sum: 1.0]
      [Code Root Scanning (ms): Min: 0.0, Avg: 0.0, Max: 0.0, Diff: 0.0, Sum: 0.0]
      [Object Copy (ms): Min: 140.4, Avg: 141.3, Max: 141.9, Diff: 1.5, Sum: 1130.4]
      [Termination (ms): Min: 0.2, Avg: 1.0, Max: 1.8, Diff: 1.6, Sum: 8.2]
         [Termination Attempts: Min: 239, Avg: 360.5, Max: 414, Diff: 175, Sum: 2884]
      [GC Worker Other (ms): Min: 0.0, Avg: 0.0, Max: 0.0, Diff: 0.0, Sum: 0.1]
      [GC Worker Total (ms): Min: 154.4, Avg: 154.5, Max: 154.5, Diff: 0.1, Sum: 1235.9]
      [GC Worker End (ms): Min: 103597.7, Avg: 103597.7, Max: 103597.7, Diff: 0.0]
   [Code Root Fixup: 0.0 ms]
   [Code Root Purge: 0.0 ms]
   [Clear CT: 0.2 ms]
   [Other: 2.1 ms]
      [Choose CSet: 0.0 ms]
      [Ref Proc: 0.7 ms]
      [Ref Enq: 0.0 ms]
      [Redirty Cards: 0.4 ms]
      [Humongous Register: 0.0 ms]
      [Humongous Reclaim: 0.0 ms]
      [Free CSet: 0.1 ms]
   [Eden: 150.0M(150.0M)->0.0B(151.0M) Survivors: 22.0M->22.0M Heap: 756.3M(1556.0M)->756.3M(1655.0M)]
 [Times: user=1.15 sys=0.01, real=0.16 secs] 
103.828: [GC pause (G1 Evacuation Pause) (young)103.994: [SoftReference, 0 refs, 0.0000227 secs]103.994: [WeakReference, 0 refs, 0.0000032 secs]103.994: [FinalReference, 0 refs, 0.0000028 secs]103.994: [PhantomReference, 0 refs, 0 refs, 0.0000031 secs]103.994: [JNI Weak Reference, 0.0000028 secs], 0.1672969 secs]
   [Parallel Time: 165.3 ms, GC Workers: 8]
      [GC Worker Start (ms): Min: 103828.2, Avg: 103828.2, Max: 103828.3, Diff: 0.1]
      [Ext Root Scanning (ms): Min: 0.1, Avg: 0.1, Max: 0.2, Diff: 0.1, Sum: 0.9]
      [Update RS (ms): Min: 16.3, Avg: 16.3, Max: 16.4, Diff: 0.1, Sum: 130.6]
         [Processed Buffers: Min: 36, Avg: 39.2, Max: 41, Diff: 5, Sum: 314]
      [Scan RS (ms): Min: 0.4, Avg: 0.4, Max: 0.5, Diff: 0.1, Sum: 3.6]
      [Code Root Scanning (ms): Min: 0.0, Avg: 0.0, Max: 0.0, Diff: 0.0, Sum: 0.0]
      [Object Copy (ms): Min: 143.0, Avg: 145.8, Max: 147.3, Diff: 4.3, Sum: 1166.6]
      [Termination (ms): Min: 0.9, Avg: 2.4, Max: 5.2, Diff: 4.3, Sum: 19.1]
         [Termination Attempts: Min: 296, Avg: 445.9, Max: 521, Diff: 225, Sum: 3567]
      [GC Worker Other (ms): Min: 0.0, Avg: 0.0, Max: 0.0, Diff: 0.0, Sum: 0.1]
      [GC Worker Total (ms): Min: 165.1, Avg: 165.1, Max: 165.2, Diff: 0.1, Sum: 1320.9]
      [GC Worker End (ms): Min: 103993.3, Avg: 103993.3, Max: 103993.4, Diff: 0.1]
   [Code Root Fixup: 0.0 ms]
   [Code Root Purge: 0.0 ms]
   [Clear CT: 0.1 ms]
   [Other: 1.9 ms]
      [Choose CSet: 0.0 ms]
      [Ref Proc: 0.7 ms]
      [Ref Enq: 0.0 ms]
      [Redirty Cards: 0.5 ms]
      [Humongous Register: 0.0 ms]
      [Humongous Reclaim: 0.0 ms]
      [Free CSet: 0.1 ms]
   [Eden: 151.0M(151.0M)->0.0B(156.0M) Survivors: 22.0M->22.0M Heap: 907.3M(1655.0M)->909.8M(1734.0M)]
 [Times: user=1.22 sys=0.01, real=0.17 secs] 
104.200: [GC pause (G1 Evacuation Pause) (young) (initial-mark)104.381: [SoftReference, 0 refs, 0.0000242 secs]104.381: [WeakReference, 0 refs, 0.0000034 secs]104.381: [FinalReference, 0 refs, 0.0000029 secs]104.381: [PhantomReference, 0 refs, 0 refs, 0.0000033 secs]104.381: [JNI Weak Reference, 0.0000030 secs], 0.1821762 secs]
   [Parallel Time: 180.1 ms, GC Workers: 8]
      [GC Worker Start (ms): Min: 104200.4, Avg: 104200.5, Max: 104200.7, Diff: 0.2]
      [Ext Root Scanning (ms): Min: 0.0, Avg: 0.7, Max: 1.8, Diff: 1.8, Sum: 5.6]
      [Update RS (ms): Min: 16.9, Avg: 18.0, Max: 18.6, Diff: 1.8, Sum: 144.2]
         [Processed Buffers: Min: 40, Avg: 43.1, Max: 45, Diff: 5, Sum: 345]
      [Scan RS (ms): Min: 0.4, Avg: 0.4, Max: 0.5, Diff: 0.1, Sum: 3.4]
      [Code Root Scanning (ms): Min: 0.0, Avg: 0.0, Max: 0.0, Diff: 0.0, Sum: 0.0]
      [Object Copy (ms): Min: 154.0, Avg: 157.9, Max: 159.2, Diff: 5.2, Sum: 1263.5]
      [Termination (ms): Min: 1.6, Avg: 2.8, Max: 6.8, Diff: 5.2, Sum: 22.7]
         [Termination Attempts: Min: 1021, Avg: 1508.6, Max: 1747, Diff: 726, Sum: 12069]
      [GC Worker Other (ms): Min: 0.0, Avg: 0.0, Max: 0.1, Diff: 0.0, Sum: 0.3]
      [GC Worker Total (ms): Min: 179.8, Avg: 180.0, Max: 180.1, Diff: 0.3, Sum: 1439.8]
      [GC Worker End (ms): Min: 104380.5, Avg: 104380.5, Max: 104380.5, Diff: 0.0]
   [Code Root Fixup: 0.0 ms]
   [Code Root Purge: 0.0 ms]
   [Clear CT: 0.1 ms]
   [Other: 1.9 ms]
      [Choose CSet: 0.0 ms]
      [Ref Proc: 0.8 ms]
      [Ref Enq: 0.0 ms]
      [Redirty Cards: 0.5 ms]
      [Humongous Register: 0.0 ms]
      [Humongous Reclaim: 0.0 ms]
      [Free CSet: 0.1 ms]
   [Eden: 156.0M(156.0M)->0.0B(157.0M) Survivors: 22.0M->23.0M Heap: 1065.8M(1734.0M)->1067.8M(1797.0M)]
 [Times: user=1.30 sys=0.01, real=0.18 secs] 
104.383: [GC concurrent-root-region-scan-start]
104.398: [GC concurrent-root-region-scan-end, 0.0152427 secs]
104.398: [GC concurrent-mark-start]
104.637: [GC pause (G1 Evacuation Pause) (young)104.818: [SoftReference, 0 refs, 0.0000258 secs]104.818: [WeakReference, 0 refs, 0.0000033 secs]104.818: [FinalReference, 0 refs, 0.0000028 secs]104.818: [PhantomReference, 0 refs, 0 refs, 0.0000034 secs]104.818: [JNI Weak Reference, 0.0000031 secs], 0.1827294 secs]
   [Parallel Time: 180.9 ms, GC Workers: 8]
      [GC Worker Start (ms): Min: 104636.8, Avg: 104636.9, Max: 104636.9, Diff: 0.1]
      [Ext Root Scanning (ms): Min: 0.1, Avg: 0.1, Max: 0.2, Diff: 0.1, Sum: 0.8]
      [Update RS (ms): Min: 17.9, Avg: 18.0, Max: 18.0, Diff: 0.1, Sum: 143.8]
         [Processed Buffers: Min: 42, Avg: 47.4, Max: 50, Diff: 8, Sum: 379]
      [Scan RS (ms): Min: 0.3, Avg: 0.4, Max: 0.5, Diff: 0.1, Sum: 3.1]
      [Code Root Scanning (ms): Min: 0.0, Avg: 0.0, Max: 0.0, Diff: 0.0, Sum: 0.0]
      [Object Copy (ms): Min: 160.8, Avg: 161.2, Max: 161.7, Diff: 0.9, Sum: 1289.6]
      [Termination (ms): Min: 0.5, Avg: 1.1, Max: 1.3, Diff: 0.8, Sum: 8.5]
         [Termination Attempts: Min: 404, Avg: 468.5, Max: 530, Diff: 126, Sum: 3748]
      [GC Worker Other (ms): Min: 0.0, Avg: 0.0, Max: 0.0, Diff: 0.0, Sum: 0.1]
      [GC Worker Total (ms): Min: 180.7, Avg: 180.7, Max: 180.8, Diff: 0.1, Sum: 1446.0]
      [GC Worker End (ms): Min: 104817.6, Avg: 104817.6, Max: 104817.7, Diff: 0.1]
   [Code Root Fixup: 0.0 ms]
   [Code Root Purge: 0.0 ms]
   [Clear CT: 0.1 ms]
   [Other: 1.7 ms]
      [Choose CSet: 0.0 ms]
      [Ref Proc: 0.7 ms]
      [Ref Enq: 0.0 ms]
      [Redirty Cards: 0.4 ms]
      [Humongous Register: 0.0 ms]
      [Humongous Reclaim: 0.0 ms]
      [Free CSet: 0.1 ms]
   [Eden: 157.0M(157.0M)->0.0B(155.0M) Survivors: 23.0M->23.0M Heap: 1224.8M(1797.0M)->1227.8M(1848.0M)]
 [Times: user=1.32 sys=0.00, real=0.19 secs] 
105.094: [GC pause (G1 Evacuation Pause) (young)105.278: [SoftReference, 0 refs, 0.0000252 secs]105.278: [WeakReference, 0 refs, 0.0000035 secs]105.278: [FinalReference, 0 refs, 0.0000028 secs]105.278: [PhantomReference, 0 refs, 0 refs, 0.0000033 secs]105.278: [JNI Weak Reference, 0.0000028 secs], 0.1849815 secs]
   [Parallel Time: 183.1 ms, GC Workers: 8]
      [GC Worker Start (ms): Min: 105094.5, Avg: 105094.5, Max: 105094.8, Diff: 0.3]
      [Ext Root Scanning (ms): Min: 0.0, Avg: 0.1, Max: 0.2, Diff: 0.2, Sum: 0.9]
      [Update RS (ms): Min: 20.4, Avg: 20.6, Max: 20.7, Diff: 0.3, Sum: 164.6]
         [Processed Buffers: Min: 49, Avg: 51.9, Max: 53, Diff: 4, Sum: 415]
      [Scan RS (ms): Min: 0.1, Avg: 0.3, Max: 0.4, Diff: 0.2, Sum: 2.3]
      [Code Root Scanning (ms): Min: 0.0, Avg: 0.0, Max: 0.0, Diff: 0.0, Sum: 0.0]
      [Object Copy (ms): Min: 161.0, Avg: 161.4, Max: 161.5, Diff: 0.5, Sum: 1291.4]
      [Termination (ms): Min: 0.5, Avg: 0.6, Max: 1.0, Diff: 0.5, Sum: 4.5]
         [Termination Attempts: Min: 312, Avg: 355.5, Max: 413, Diff: 101, Sum: 2844]
      [GC Worker Other (ms): Min: 0.0, Avg: 0.0, Max: 0.0, Diff: 0.0, Sum: 0.1]
      [GC Worker Total (ms): Min: 182.8, Avg: 183.0, Max: 183.1, Diff: 0.3, Sum: 1463.9]
      [GC Worker End (ms): Min: 105277.4, Avg: 105277.5, Max: 105277.5, Diff: 0.1]
   [Code Root Fixup: 0.0 ms]
   [Code Root Purge: 0.0 ms]
   [Clear CT: 0.1 ms]
   [Other: 1.7 ms]
      [Choose CSet: 0.0 ms]
      [Ref Proc: 0.8 ms]
      [Ref Enq: 0.0 ms]
      [Redirty Cards: 0.5 ms]
      [Humongous Register: 0.0 ms]
      [Humongous Reclaim: 0.0 ms]
      [Free CSet: 0.1 ms]
   [Eden: 155.0M(155.0M)->0.0B(156.0M) Survivors: 23.0M->23.0M Heap: 1382.8M(1848.0M)->1384.3M(1888.0M)]
 [Times: user=1.42 sys=0.00, real=0.19 secs] 
105.529: [GC pause (G1 Evacuation Pause) (young)105.725: [SoftReference, 0 refs, 0.0000232 secs]105.725: [WeakReference, 0 refs, 0.0000032 secs]105.725: [FinalReference, 0 refs, 0.0000029 secs]105.725: [PhantomReference, 0 refs, 0 refs, 0.0000035 secs]105.725: [JNI Weak Reference, 0.0000027 secs], 0.1971925 secs]
   [Parallel Time: 195.3 ms, GC Workers: 8]
      [GC Worker Start (ms): Min: 105529.0, Avg: 105529.7, Max: 105531.5, Diff: 2.5]
      [Ext Root Scanning (ms): Min: 0.0, Avg: 0.1, Max: 0.2, Diff: 0.2, Sum: 0.8]
      [Update RS (ms): Min: 23.5, Avg: 25.3, Max: 25.9, Diff: 2.4, Sum: 202.1]
         [Processed Buffers: Min: 12, Avg: 46.6, Max: 57, Diff: 45, Sum: 373]
      [Scan RS (ms): Min: 0.4, Avg: 0.4, Max: 0.5, Diff: 0.2, Sum: 3.4]
      [Code Root Scanning (ms): Min: 0.0, Avg: 0.0, Max: 0.0, Diff: 0.0, Sum: 0.0]
      [Object Copy (ms): Min: 166.4, Avg: 167.1, Max: 167.6, Diff: 1.2, Sum: 1336.6]
      [Termination (ms): Min: 1.2, Avg: 1.7, Max: 2.3, Diff: 1.1, Sum: 13.3]
         [Termination Attempts: Min: 429, Avg: 570.8, Max: 694, Diff: 265, Sum: 4566]
      [GC Worker Other (ms): Min: 0.0, Avg: 0.0, Max: 0.0, Diff: 0.0, Sum: 0.1]
      [GC Worker Total (ms): Min: 192.7, Avg: 194.5, Max: 195.2, Diff: 2.5, Sum: 1556.3]
      [GC Worker End (ms): Min: 105724.1, Avg: 105724.2, Max: 105724.3, Diff: 0.2]
   [Code Root Fixup: 0.0 ms]
   [Code Root Purge: 0.0 ms]
   [Clear CT: 0.1 ms]
   [Other: 1.8 ms]
      [Choose CSet: 0.0 ms]
      [Ref Proc: 0.9 ms]
      [Ref Enq: 0.0 ms]
      [Redirty Cards: 0.5 ms]
      [Humongous Register: 0.0 ms]
      [Humongous Reclaim: 0.0 ms]
      [Free CSet: 0.1 ms]
   [Eden: 156.0M(156.0M)->0.0B(91.0M) Survivors: 23.0M->23.0M Heap: 1540.3M(1888.0M)->1543.3M(1920.0M)]
 [Times: user=1.35 sys=0.01, real=0.19 secs] 
105.941: [GC concurrent-mark-end, 1.5432999 secs]
105.941: [GC remark 105.941: [Finalize Marking, 0.0006516 secs] 105.942: [GC ref-proc105.942: [SoftReference, 0 refs, 0.0000150 secs]105.942: [WeakReference, 26433 refs, 0.0026852 secs]105.945: [FinalReference, 33 refs, 0.0000137 secs]105.945: [PhantomReference, 0 refs, 0 refs, 0.0000156 secs]105.945: [JNI Weak Reference, 0.0000034 secs], 0.0027668 secs] 105.945: [Unloading, 0.0004996 secs], 0.0077320 secs]
 [Times: user=0.04 sys=0.00, real=0.01 secs] 
105.949: [GC cleanup 1612M->1612M(1920M), 0.0019668 secs]
 [Times: user=0.01 sys=0.00, real=0.00 secs] 
105.974: [GC pause (G1 Evacuation Pause) (young)106.094: [SoftReference, 0 refs, 0.0000239 secs]106.094: [WeakReference, 0 refs, 0.0000031 secs]106.094: [FinalReference, 0 refs, 0.0000027 secs]106.094: [PhantomReference, 0 refs, 0 refs, 0.0000030 secs]106.094: [JNI Weak Reference, 0.0000027 secs], 0.1199893 secs]
   [Parallel Time: 118.5 ms, GC Workers: 8]
      [GC Worker Start (ms): Min: 105974.4, Avg: 105974.5, Max: 105974.5, Diff: 0.1]
      [Ext Root Scanning (ms): Min: 0.1, Avg: 0.1, Max: 0.2, Diff: 0.1, Sum: 0.9]
      [Update RS (ms): Min: 17.4, Avg: 17.4, Max: 17.5, Diff: 0.2, Sum: 139.5]
         [Processed Buffers: Min: 40, Avg: 41.9, Max: 44, Diff: 4, Sum: 335]
      [Scan RS (ms): Min: 0.2, Avg: 0.3, Max: 0.4, Diff: 0.2, Sum: 2.6]
      [Code Root Scanning (ms): Min: 0.0, Avg: 0.0, Max: 0.0, Diff: 0.0, Sum: 0.0]
      [Object Copy (ms): Min: 99.8, Avg: 100.0, Max: 100.3, Diff: 0.4, Sum: 800.2]
      [Termination (ms): Min: 0.1, Avg: 0.4, Max: 0.5, Diff: 0.4, Sum: 3.0]
         [Termination Attempts: Min: 145, Avg: 360.2, Max: 420, Diff: 275, Sum: 2882]
      [GC Worker Other (ms): Min: 0.0, Avg: 0.0, Max: 0.0, Diff: 0.0, Sum: 0.2]
      [GC Worker Total (ms): Min: 118.3, Avg: 118.3, Max: 118.4, Diff: 0.1, Sum: 946.5]
      [GC Worker End (ms): Min: 106092.8, Avg: 106092.8, Max: 106092.8, Diff: 0.0]
   [Code Root Fixup: 0.0 ms]
   [Code Root Purge: 0.0 ms]
   [Clear CT: 0.1 ms]
   [Other: 1.5 ms]
      [Choose CSet: 0.0 ms]
      [Ref Proc: 0.8 ms]
      [Ref Enq: 0.0 ms]
      [Redirty Cards: 0.3 ms]
      [Humongous Register: 0.0 ms]
      [Humongous Reclaim: 0.0 ms]
      [Free CSet: 0.1 ms]
   [Eden: 91.0M(91.0M)->0.0B(82.0M) Survivors: 23.0M->15.0M Heap: 1634.3M(1920.0M)->1636.3M(1946.0M)]
 [Times: user=0.88 sys=0.01, real=0.12 secs] 
106.197: [GC pause (G1 Evacuation Pause) (young)106.319: [SoftReference, 0 refs, 0.0000250 secs]106.319: [WeakReference, 0 refs, 0.0000033 secs]106.319: [FinalReference, 0 refs, 0.0000028 secs]106.319: [PhantomReference, 0 refs, 0 refs, 0.0000030 secs]106.319: [JNI Weak Reference, 0.0000029 secs], 0.1224421 secs]
   [Parallel Time: 121.0 ms, GC Workers: 8]
      [GC Worker Start (ms): Min: 106197.1, Avg: 106198.4, Max: 106205.6, Diff: 8.4]
      [Ext Root Scanning (ms): Min: 0.0, Avg: 0.1, Max: 0.2, Diff: 0.2, Sum: 0.6]
      [Update RS (ms): Min: 29.5, Avg: 36.7, Max: 37.9, Diff: 8.4, Sum: 293.2]
         [Processed Buffers: Min: 61, Avg: 68.8, Max: 77, Diff: 16, Sum: 550]
      [Scan RS (ms): Min: 0.0, Avg: 0.0, Max: 0.0, Diff: 0.0, Sum: 0.1]
      [Code Root Scanning (ms): Min: 0.0, Avg: 0.0, Max: 0.0, Diff: 0.0, Sum: 0.0]
      [Object Copy (ms): Min: 82.1, Avg: 82.3, Max: 82.8, Diff: 0.7, Sum: 658.2]
      [Termination (ms): Min: 0.1, Avg: 0.6, Max: 0.8, Diff: 0.7, Sum: 5.1]
         [Termination Attempts: Min: 92, Avg: 172.2, Max: 207, Diff: 115, Sum: 1378]
      [GC Worker Other (ms): Min: 0.0, Avg: 0.0, Max: 0.0, Diff: 0.0, Sum: 0.1]
      [GC Worker Total (ms): Min: 112.5, Avg: 119.7, Max: 120.9, Diff: 8.4, Sum: 957.2]
      [GC Worker End (ms): Min: 106318.0, Avg: 106318.1, Max: 106318.1, Diff: 0.0]
   [Code Root Fixup: 0.0 ms]
   [Code Root Purge: 0.0 ms]
   [Clear CT: 0.1 ms]
   [Other: 1.3 ms]
      [Choose CSet: 0.0 ms]
      [Ref Proc: 0.7 ms]
      [Ref Enq: 0.0 ms]
      [Redirty Cards: 0.3 ms]
      [Humongous Register: 0.1 ms]
      [Humongous Reclaim: 0.0 ms]
      [Free CSet: 0.0 ms]
   [Eden: 82.0M(82.0M)->0.0B(85.0M) Survivors: 15.0M->13.0M Heap: 1718.3M(1946.0M)->1720.3M(1967.0M)]
 [Times: user=0.89 sys=0.01, real=0.13 secs] 
106.418: [GC pause (G1 Evacuation Pause) (young) (initial-mark)106.530: [SoftReference, 0 refs, 0.0000353 secs]106.530: [WeakReference, 0 refs, 0.0000032 secs]106.530: [FinalReference, 0 refs, 0.0000029 secs]106.530: [PhantomReference, 0 refs, 0 refs, 0.0000032 secs]106.530: [JNI Weak Reference, 0.0000030 secs], 0.1125163 secs]
   [Parallel Time: 110.9 ms, GC Workers: 8]
      [GC Worker Start (ms): Min: 106418.1, Avg: 106418.2, Max: 106418.3, Diff: 0.2]
      [Ext Root Scanning (ms): Min: 0.0, Avg: 0.8, Max: 1.4, Diff: 1.4, Sum: 6.1]
      [Update RS (ms): Min: 21.0, Avg: 22.0, Max: 25.2, Diff: 4.2, Sum: 176.2]
         [Processed Buffers: Min: 25, Avg: 41.4, Max: 46, Diff: 21, Sum: 331]
      [Scan RS (ms): Min: 0.0, Avg: 0.4, Max: 0.6, Diff: 0.5, Sum: 3.4]
      [Code Root Scanning (ms): Min: 0.0, Avg: 0.0, Max: 0.0, Diff: 0.0, Sum: 0.0]
      [Object Copy (ms): Min: 83.5, Avg: 85.2, Max: 85.8, Diff: 2.3, Sum: 681.5]
      [Termination (ms): Min: 1.8, Avg: 2.3, Max: 3.6, Diff: 1.7, Sum: 18.8]
         [Termination Attempts: Min: 137, Avg: 983.2, Max: 1235, Diff: 1098, Sum: 7866]
      [GC Worker Other (ms): Min: 0.0, Avg: 0.0, Max: 0.0, Diff: 0.0, Sum: 0.1]
      [GC Worker Total (ms): Min: 110.6, Avg: 110.8, Max: 110.9, Diff: 0.2, Sum: 886.1]
      [GC Worker End (ms): Min: 106528.9, Avg: 106528.9, Max: 106529.0, Diff: 0.1]
   [Code Root Fixup: 0.0 ms]
   [Code Root Purge: 0.0 ms]
   [Clear CT: 0.1 ms]
   [Other: 1.5 ms]
      [Choose CSet: 0.0 ms]
      [Ref Proc: 0.8 ms]
      [Ref Enq: 0.0 ms]
      [Redirty Cards: 0.3 ms]
      [Humongous Register: 0.0 ms]
      [Humongous Reclaim: 0.0 ms]
      [Free CSet: 0.0 ms]
   [Eden: 85.0M(85.0M)->0.0B(86.0M) Survivors: 13.0M->13.0M Heap: 1805.3M(1967.0M)->1806.8M(1984.0M)]
 [Times: user=0.79 sys=0.00, real=0.12 secs] 
106.531: [GC concurrent-root-region-scan-start]
106.538: [GC concurrent-root-region-scan-end, 0.0072146 secs]
106.538: [GC concurrent-mark-start]
106.653: [GC pause (G1 Evacuation Pause) (young)106.771: [SoftReference, 0 refs, 0.0000235 secs]106.771: [WeakReference, 0 refs, 0.0000032 secs]106.771: [FinalReference, 0 refs, 0.0000029 secs]106.771: [PhantomReference, 0 refs, 0 refs, 0.0000031 secs]106.771: [JNI Weak Reference, 0.0000028 secs], 0.1179681 secs]
   [Parallel Time: 114.0 ms, GC Workers: 8]
      [GC Worker Start (ms): Min: 106653.4, Avg: 106654.7, Max: 106664.0, Diff: 10.6]
      [Ext Root Scanning (ms): Min: 0.0, Avg: 0.1, Max: 0.2, Diff: 0.2, Sum: 0.9]
      [Update RS (ms): Min: 14.8, Avg: 20.7, Max: 21.9, Diff: 7.1, Sum: 165.3]
         [Processed Buffers: Min: 7, Avg: 37.2, Max: 46, Diff: 39, Sum: 298]
      [Scan RS (ms): Min: 0.0, Avg: 0.7, Max: 1.0, Diff: 0.9, Sum: 5.5]
      [Code Root Scanning (ms): Min: 0.0, Avg: 0.0, Max: 0.0, Diff: 0.0, Sum: 0.0]
      [Object Copy (ms): Min: 87.5, Avg: 90.1, Max: 90.6, Diff: 3.1, Sum: 721.0]
      [Termination (ms): Min: 0.9, Avg: 1.0, Max: 1.1, Diff: 0.2, Sum: 7.7]
         [Termination Attempts: Min: 142, Avg: 306.4, Max: 379, Diff: 237, Sum: 2451]
      [GC Worker Other (ms): Min: 0.0, Avg: 0.0, Max: 0.0, Diff: 0.0, Sum: 0.1]
      [GC Worker Total (ms): Min: 103.3, Avg: 112.5, Max: 113.9, Diff: 10.6, Sum: 900.4]
      [GC Worker End (ms): Min: 106767.2, Avg: 106767.3, Max: 106767.3, Diff: 0.1]
   [Code Root Fixup: 0.0 ms]
   [Code Root Purge: 0.0 ms]
   [Clear CT: 0.1 ms]
   [Other: 3.9 ms]
      [Choose CSet: 0.0 ms]
      [Ref Proc: 3.2 ms]
      [Ref Enq: 0.0 ms]
      [Redirty Cards: 0.4 ms]
      [Humongous Register: 0.0 ms]
      [Humongous Reclaim: 0.0 ms]
      [Free CSet: 0.0 ms]
   [Eden: 86.0M(86.0M)->0.0B(87.0M) Survivors: 13.0M->13.0M Heap: 1892.8M(1984.0M)->1894.8M(2007.0M)]
 [Times: user=0.84 sys=0.01, real=0.12 secs] 
106.904: [GC pause (G1 Evacuation Pause) (young)107.112: [SoftReference, 0 refs, 0.0000586 secs]107.112: [WeakReference, 0 refs, 0.0000031 secs]107.112: [FinalReference, 0 refs, 0.0000028 secs]107.112: [PhantomReference, 0 refs, 0 refs, 0.0000029 secs]107.112: [JNI Weak Reference, 0.0000025 secs] (to-space exhausted), 0.2213360 secs]
   [Parallel Time: 204.7 ms, GC Workers: 8]
      [GC Worker Start (ms): Min: 106904.1, Avg: 106904.9, Max: 106907.0, Diff: 2.9]
      [Ext Root Scanning (ms): Min: 0.0, Avg: 0.1, Max: 0.2, Diff: 0.2, Sum: 0.6]
      [Update RS (ms): Min: 13.3, Avg: 15.3, Max: 16.1, Diff: 2.9, Sum: 122.2]
         [Processed Buffers: Min: 30, Avg: 33.5, Max: 37, Diff: 7, Sum: 268]
      [Scan RS (ms): Min: 0.5, Avg: 0.6, Max: 0.7, Diff: 0.2, Sum: 5.0]
      [Code Root Scanning (ms): Min: 0.0, Avg: 0.0, Max: 0.0, Diff: 0.0, Sum: 0.0]
      [Object Copy (ms): Min: 60.3, Avg: 117.2, Max: 187.6, Diff: 127.3, Sum: 937.6]
      [Termination (ms): Min: 0.0, Avg: 70.4, Max: 127.2, Diff: 127.2, Sum: 563.4]
         [Termination Attempts: Min: 13, Avg: 49.2, Max: 114, Diff: 101, Sum: 394]
      [GC Worker Other (ms): Min: 0.0, Avg: 0.0, Max: 0.0, Diff: 0.0, Sum: 0.1]
      [GC Worker Total (ms): Min: 201.6, Avg: 203.6, Max: 204.6, Diff: 3.0, Sum: 1628.9]
      [GC Worker End (ms): Min: 107108.5, Avg: 107108.6, Max: 107108.6, Diff: 0.1]
   [Code Root Fixup: 0.0 ms]
   [Code Root Purge: 0.0 ms]
   [Clear CT: 0.2 ms]
   [Other: 16.5 ms]
      [Evacuation Failure: 13.2 ms]
      [Choose CSet: 0.0 ms]
      [Ref Proc: 2.9 ms]
      [Ref Enq: 0.0 ms]
      [Redirty Cards: 0.2 ms]
      [Humongous Register: 0.0 ms]
      [Humongous Reclaim: 0.0 ms]
      [Free CSet: 0.1 ms]
   [Eden: 87.0M(87.0M)->0.0B(89.0M) Survivors: 13.0M->13.0M Heap: 1981.8M(2007.0M)->1987.3M(2048.0M)]
 [Times: user=1.30 sys=0.03, real=0.22 secs] 
107.186: [GC pause (G1 Evacuation Pause) (young)107.653: [SoftReference, 0 refs, 0.0000208 secs]107.653: [WeakReference, 0 refs, 0.0000030 secs]107.653: [FinalReference, 0 refs, 0.0000027 secs]107.653: [PhantomReference, 0 refs, 0 refs, 0.0000029 secs]107.653: [JNI Weak Reference, 0.0000026 secs] (to-space exhausted), 0.4926447 secs]
   [Parallel Time: 463.9 ms, GC Workers: 8]
      [GC Worker Start (ms): Min: 107185.8, Avg: 107185.8, Max: 107185.9, Diff: 0.2]
      [Ext Root Scanning (ms): Min: 0.0, Avg: 0.1, Max: 0.2, Diff: 0.2, Sum: 0.8]
      [Update RS (ms): Min: 13.6, Avg: 17.5, Max: 18.2, Diff: 4.5, Sum: 140.2]
         [Processed Buffers: Min: 22, Avg: 33.8, Max: 39, Diff: 17, Sum: 270]
      [Scan RS (ms): Min: 0.0, Avg: 0.0, Max: 0.0, Diff: 0.0, Sum: 0.1]
      [Code Root Scanning (ms): Min: 0.0, Avg: 0.0, Max: 0.0, Diff: 0.0, Sum: 0.0]
      [Object Copy (ms): Min: 445.5, Avg: 445.6, Max: 445.6, Diff: 0.1, Sum: 3564.4]
      [Termination (ms): Min: 0.0, Avg: 0.0, Max: 0.0, Diff: 0.0, Sum: 0.2]
         [Termination Attempts: Min: 1, Avg: 1.0, Max: 1, Diff: 0, Sum: 8]
      [GC Worker Other (ms): Min: 0.0, Avg: 0.6, Max: 4.7, Diff: 4.7, Sum: 4.7]
      [GC Worker Total (ms): Min: 463.7, Avg: 463.8, Max: 463.9, Diff: 0.2, Sum: 3710.5]
      [GC Worker End (ms): Min: 107649.6, Avg: 107649.6, Max: 107649.6, Diff: 0.0]
   [Code Root Fixup: 0.0 ms]
   [Code Root Purge: 0.0 ms]
   [Clear CT: 0.1 ms]
   [Other: 28.6 ms]
      [Evacuation Failure: 25.4 ms]
      [Choose CSet: 0.0 ms]
      [Ref Proc: 2.9 ms]
      [Ref Enq: 0.0 ms]
      [Redirty Cards: 0.2 ms]
      [Humongous Register: 0.1 ms]
      [Humongous Reclaim: 0.0 ms]
      [Free CSet: 0.0 ms]
   [Eden: 59.0M(89.0M)->0.0B(102.0M) Survivors: 13.0M->0.0B Heap: 2046.3M(2048.0M)->2046.3M(2048.0M)]
 [Times: user=0.71 sys=0.01, real=0.49 secs] 
107.679: [GC pause (G1 Evacuation Pause) (young)107.685: [SoftReference, 0 refs, 0.0000144 secs]107.685: [WeakReference, 0 refs, 0.0000031 secs]107.685: [FinalReference, 0 refs, 0.0000027 secs]107.685: [PhantomReference, 0 refs, 0 refs, 0.0000031 secs]107.685: [JNI Weak Reference, 0.0000023 secs], 0.0066941 secs]
   [Parallel Time: 3.6 ms, GC Workers: 8]
      [GC Worker Start (ms): Min: 107678.6, Avg: 107678.7, Max: 107678.7, Diff: 0.1]
      [Ext Root Scanning (ms): Min: 0.1, Avg: 0.1, Max: 0.2, Diff: 0.1, Sum: 0.9]
      [Update RS (ms): Min: 3.1, Avg: 3.2, Max: 3.3, Diff: 0.2, Sum: 25.6]
         [Processed Buffers: Min: 13, Avg: 15.1, Max: 17, Diff: 4, Sum: 121]
      [Scan RS (ms): Min: 0.0, Avg: 0.0, Max: 0.0, Diff: 0.0, Sum: 0.0]
      [Code Root Scanning (ms): Min: 0.0, Avg: 0.0, Max: 0.0, Diff: 0.0, Sum: 0.0]
      [Object Copy (ms): Min: 0.0, Avg: 0.0, Max: 0.0, Diff: 0.0, Sum: 0.0]
      [Termination (ms): Min: 0.0, Avg: 0.1, Max: 0.2, Diff: 0.2, Sum: 1.0]
         [Termination Attempts: Min: 1, Avg: 1.0, Max: 1, Diff: 0, Sum: 8]
      [GC Worker Other (ms): Min: 0.0, Avg: 0.0, Max: 0.0, Diff: 0.0, Sum: 0.0]
      [GC Worker Total (ms): Min: 3.4, Avg: 3.5, Max: 3.5, Diff: 0.1, Sum: 27.6]
      [GC Worker End (ms): Min: 107682.1, Avg: 107682.1, Max: 107682.2, Diff: 0.1]
   [Code Root Fixup: 0.0 ms]
   [Code Root Purge: 0.0 ms]
   [Clear CT: 0.1 ms]
   [Other: 3.0 ms]
      [Choose CSet: 0.0 ms]
      [Ref Proc: 2.9 ms]
      [Ref Enq: 0.0 ms]
      [Redirty Cards: 0.1 ms]
      [Humongous Register: 0.0 ms]
      [Humongous Reclaim: 0.0 ms]
      [Free CSet: 0.0 ms]
   [Eden: 0.0B(102.0M)->0.0B(102.0M) Survivors: 0.0B->0.0B Heap: 2046.3M(2048.0M)->2046.3M(2048.0M)]
 [Times: user=0.05 sys=0.00, real=0.01 secs] 
107.685: [Full GC (Allocation Failure) 108.921: [SoftReference, 0 refs, 0.0000249 secs]108.921: [WeakReference, 1048565 refs, 0.0569610 secs]108.978: [FinalReference, 2 refs, 0.0000071 secs]108.978: [PhantomReference, 0 refs, 0 refs, 0.0000040 secs]108.978: [JNI Weak Reference, 0.0000034 secs] 2046M->1634M(2048M), 3.2450303 secs]
   [Eden: 0.0B(102.0M)->0.0B(109.0M) Survivors: 0.0B->0.0B Heap: 2046.3M(2048.0M)->1634.1M(2048.0M)], [Metaspace: 3228K->3228K(1056768K)]
 [Times: user=4.93 sys=0.04, real=3.25 secs] 
110.931: [GC concurrent-mark-abort]
111.373: [GC pause (G1 Evacuation Pause) (young)111.505: [SoftReference, 0 refs, 0.0000245 secs]111.505: [WeakReference, 386033 refs, 0.0390603 secs]111.544: [FinalReference, 0 refs, 0.0000069 secs]111.544: [PhantomReference, 0 refs, 0 refs, 0.0000045 secs]111.544: [JNI Weak Reference, 0.0000035 secs], 0.1715082 secs]
   [Parallel Time: 130.8 ms, GC Workers: 8]
      [GC Worker Start (ms): Min: 111373.5, Avg: 111375.0, Max: 111383.8, Diff: 10.3]
      [Ext Root Scanning (ms): Min: 0.0, Avg: 0.0, Max: 0.2, Diff: 0.2, Sum: 0.2]
      [Update RS (ms): Min: 14.6, Avg: 23.7, Max: 25.3, Diff: 10.8, Sum: 189.5]
         [Processed Buffers: Min: 29, Avg: 45.9, Max: 56, Diff: 27, Sum: 367]
      [Scan RS (ms): Min: 0.0, Avg: 0.0, Max: 0.1, Diff: 0.1, Sum: 0.1]
      [Code Root Scanning (ms): Min: 0.0, Avg: 0.0, Max: 0.0, Diff: 0.0, Sum: 0.0]
      [Object Copy (ms): Min: 105.1, Avg: 105.3, Max: 105.7, Diff: 0.6, Sum: 842.6]
      [Termination (ms): Min: 0.1, Avg: 0.1, Max: 0.2, Diff: 0.1, Sum: 1.0]
         [Termination Attempts: Min: 154, Avg: 194.6, Max: 226, Diff: 72, Sum: 1557]
      [GC Worker Other (ms): Min: 0.0, Avg: 0.0, Max: 0.1, Diff: 0.0, Sum: 0.3]
      [GC Worker Total (ms): Min: 120.5, Avg: 129.2, Max: 130.8, Diff: 10.3, Sum: 1033.7]
      [GC Worker End (ms): Min: 111504.2, Avg: 111504.2, Max: 111504.3, Diff: 0.0]
   [Code Root Fixup: 0.0 ms]
   [Code Root Purge: 0.0 ms]
   [Clear CT: 0.1 ms]
   [Other: 40.5 ms]
      [Choose CSet: 0.0 ms]
      [Ref Proc: 39.9 ms]
      [Ref Enq: 0.0 ms]
      [Redirty Cards: 0.4 ms]
      [Humongous Register: 0.1 ms]
      [Humongous Reclaim: 0.0 ms]
      [Free CSet: 0.1 ms]
   [Eden: 109.0M(109.0M)->0.0B(88.0M) Survivors: 0.0B->14.0M Heap: 1743.1M(2048.0M)->1752.1M(2048.0M)]
 [Times: user=1.00 sys=0.00, real=0.17 secs] 
111.660: [GC pause (G1 Evacuation Pause) (young) (initial-mark)111.783: [SoftReference, 0 refs, 0.0000729 secs]111.783: [WeakReference, 308159 refs, 0.0348744 secs]111.818: [FinalReference, 0 refs, 0.0000083 secs]111.818: [PhantomReference, 0 refs, 0 refs, 0.0000043 secs]111.818: [JNI Weak Reference, 0.0000037 secs], 0.1588649 secs]
   [Parallel Time: 122.2 ms, GC Workers: 8]
      [GC Worker Start (ms): Min: 111659.8, Avg: 111659.9, Max: 111660.0, Diff: 0.2]
      [Ext Root Scanning (ms): Min: 0.0, Avg: 0.4, Max: 0.8, Diff: 0.8, Sum: 3.5]
      [Update RS (ms): Min: 16.1, Avg: 16.8, Max: 17.8, Diff: 1.7, Sum: 134.2]
         [Processed Buffers: Min: 33, Avg: 34.4, Max: 36, Diff: 3, Sum: 275]
      [Scan RS (ms): Min: 0.8, Avg: 1.6, Max: 1.9, Diff: 1.2, Sum: 12.6]
      [Code Root Scanning (ms): Min: 0.0, Avg: 0.0, Max: 0.0, Diff: 0.0, Sum: 0.0]
      [Object Copy (ms): Min: 102.9, Avg: 102.9, Max: 103.0, Diff: 0.2, Sum: 823.6]
      [Termination (ms): Min: 0.2, Avg: 0.2, Max: 0.3, Diff: 0.1, Sum: 1.8]
         [Termination Attempts: Min: 191, Avg: 275.2, Max: 349, Diff: 158, Sum: 2202]
      [GC Worker Other (ms): Min: 0.0, Avg: 0.0, Max: 0.1, Diff: 0.0, Sum: 0.3]
      [GC Worker Total (ms): Min: 121.9, Avg: 122.0, Max: 122.1, Diff: 0.2, Sum: 975.9]
      [GC Worker End (ms): Min: 111781.9, Avg: 111781.9, Max: 111781.9, Diff: 0.0]
   [Code Root Fixup: 0.0 ms]
   [Code Root Purge: 0.0 ms]
   [Clear CT: 0.1 ms]
   [Other: 36.6 ms]
      [Choose CSet: 0.0 ms]
      [Ref Proc: 35.7 ms]
      [Ref Enq: 0.0 ms]
      [Redirty Cards: 0.6 ms]
      [Humongous Register: 0.0 ms]
      [Humongous Reclaim: 0.0 ms]
      [Free CSet: 0.1 ms]
   [Eden: 88.0M(88.0M)->0.0B(89.0M) Survivors: 14.0M->13.0M Heap: 1840.1M(2048.0M)->1841.1M(2048.0M)]
 [Times: user=0.93 sys=0.01, real=0.15 secs] 
111.819: [GC concurrent-root-region-scan-start]
111.854: [GC concurrent-root-region-scan-end, 0.0357176 secs]
111.854: [GC concurrent-mark-start]
111.977: [GC pause (G1 Evacuation Pause) (young)112.099: [SoftReference, 0 refs, 0.0000211 secs]112.099: [WeakReference, 266416 refs, 0.0295708 secs]112.128: [FinalReference, 0 refs, 0.0000070 secs]112.128: [PhantomReference, 0 refs, 0 refs, 0.0000044 secs]112.128: [JNI Weak Reference, 0.0000034 secs], 0.1514820 secs]
   [Parallel Time: 120.5 ms, GC Workers: 8]
      [GC Worker Start (ms): Min: 111977.4, Avg: 111978.0, Max: 111979.5, Diff: 2.1]
      [Ext Root Scanning (ms): Min: 0.0, Avg: 0.1, Max: 0.2, Diff: 0.2, Sum: 0.5]
      [Update RS (ms): Min: 22.9, Avg: 24.9, Max: 28.0, Diff: 5.1, Sum: 199.1]
         [Processed Buffers: Min: 4, Avg: 38.2, Max: 47, Diff: 43, Sum: 306]
      [Scan RS (ms): Min: 0.0, Avg: 2.6, Max: 3.2, Diff: 3.2, Sum: 20.6]
      [Code Root Scanning (ms): Min: 0.0, Avg: 0.0, Max: 0.0, Diff: 0.0, Sum: 0.0]
      [Object Copy (ms): Min: 92.2, Avg: 92.2, Max: 92.3, Diff: 0.1, Sum: 737.7]
      [Termination (ms): Min: 0.0, Avg: 0.0, Max: 0.0, Diff: 0.0, Sum: 0.3]
         [Termination Attempts: Min: 1, Avg: 56.0, Max: 72, Diff: 71, Sum: 448]
      [GC Worker Other (ms): Min: 0.0, Avg: 0.0, Max: 0.0, Diff: 0.0, Sum: 0.2]
      [GC Worker Total (ms): Min: 118.3, Avg: 119.8, Max: 120.4, Diff: 2.1, Sum: 958.3]
      [GC Worker End (ms): Min: 112097.8, Avg: 112097.8, Max: 112097.8, Diff: 0.0]
   [Code Root Fixup: 0.0 ms]
   [Code Root Purge: 0.0 ms]
   [Clear CT: 0.2 ms]
   [Other: 30.9 ms]
      [Choose CSet: 0.0 ms]
      [Ref Proc: 30.4 ms]
      [Ref Enq: 0.0 ms]
      [Redirty Cards: 0.3 ms]
      [Humongous Register: 0.0 ms]
      [Humongous Reclaim: 0.0 ms]
      [Free CSet: 0.1 ms]
   [Eden: 89.0M(89.0M)->0.0B(89.0M) Survivors: 13.0M->13.0M Heap: 1930.1M(2048.0M)->1932.1M(2048.0M)]
 [Times: user=0.85 sys=0.00, real=0.15 secs] 
112.276: [GC pause (G1 Evacuation Pause) (young)112.636: [SoftReference, 0 refs, 0.0000503 secs]112.636: [WeakReference, 51950 refs, 0.0043151 secs]112.641: [FinalReference, 0 refs, 0.0000036 secs]112.641: [PhantomReference, 0 refs, 0 refs, 0.0000030 secs]112.641: [JNI Weak Reference, 0.0000027 secs] (to-space exhausted), 0.3965813 secs]
   [Parallel Time: 358.9 ms, GC Workers: 8]
      [GC Worker Start (ms): Min: 112276.6, Avg: 112276.9, Max: 112278.6, Diff: 1.9]
      [Ext Root Scanning (ms): Min: 0.0, Avg: 0.1, Max: 0.2, Diff: 0.2, Sum: 1.0]
      [Update RS (ms): Min: 18.8, Avg: 22.4, Max: 30.3, Diff: 11.5, Sum: 178.9]
         [Processed Buffers: Min: 23, Avg: 32.8, Max: 39, Diff: 16, Sum: 262]
      [Scan RS (ms): Min: 0.0, Avg: 1.3, Max: 2.2, Diff: 2.2, Sum: 10.6]
      [Code Root Scanning (ms): Min: 0.0, Avg: 0.0, Max: 0.0, Diff: 0.0, Sum: 0.0]
      [Object Copy (ms): Min: 162.5, Avg: 270.4, Max: 335.7, Diff: 173.2, Sum: 2162.8]
      [Termination (ms): Min: 0.0, Avg: 64.4, Max: 171.2, Diff: 171.2, Sum: 514.8]
         [Termination Attempts: Min: 1, Avg: 27.1, Max: 73, Diff: 72, Sum: 217]
      [GC Worker Other (ms): Min: 0.0, Avg: 0.0, Max: 0.0, Diff: 0.0, Sum: 0.1]
      [GC Worker Total (ms): Min: 356.9, Avg: 358.5, Max: 358.9, Diff: 2.0, Sum: 2868.3]
      [GC Worker End (ms): Min: 112635.4, Avg: 112635.4, Max: 112635.5, Diff: 0.2]
   [Code Root Fixup: 0.0 ms]
   [Code Root Purge: 0.0 ms]
   [Clear CT: 0.2 ms]
   [Other: 37.5 ms]
      [Evacuation Failure: 31.8 ms]
      [Choose CSet: 0.0 ms]
      [Ref Proc: 5.2 ms]
      [Ref Enq: 0.0 ms]
      [Redirty Cards: 0.2 ms]
      [Humongous Register: 0.1 ms]
      [Humongous Reclaim: 0.0 ms]
      [Free CSet: 0.1 ms]
   [Eden: 89.0M(89.0M)->0.0B(90.0M) Survivors: 13.0M->12.0M Heap: 2021.1M(2048.0M)->2027.1M(2048.0M)]
 [Times: user=1.26 sys=0.00, real=0.40 secs] 
112.698: [GC pause (G1 Evacuation Pause) (young)112.876: [SoftReference, 0 refs, 0.0000217 secs]112.876: [WeakReference, 0 refs, 0.0000031 secs]112.876: [FinalReference, 0 refs, 0.0000028 secs]112.876: [PhantomReference, 0 refs, 0 refs, 0.0000030 secs]112.876: [JNI Weak Reference, 0.0000026 secs] (to-space exhausted), 0.1937243 secs]
   [Parallel Time: 176.9 ms, GC Workers: 8]
      [GC Worker Start (ms): Min: 112697.9, Avg: 112698.3, Max: 112700.9, Diff: 3.0]
      [Ext Root Scanning (ms): Min: 0.0, Avg: 0.9, Max: 3.4, Diff: 3.4, Sum: 6.9]
      [Update RS (ms): Min: 6.8, Avg: 9.0, Max: 10.1, Diff: 3.3, Sum: 71.8]
         [Processed Buffers: Min: 10, Avg: 14.4, Max: 18, Diff: 8, Sum: 115]
      [Scan RS (ms): Min: 0.0, Avg: 0.0, Max: 0.0, Diff: 0.0, Sum: 0.0]
      [Code Root Scanning (ms): Min: 0.0, Avg: 0.0, Max: 0.0, Diff: 0.0, Sum: 0.0]
      [Object Copy (ms): Min: 165.8, Avg: 166.0, Max: 166.4, Diff: 0.6, Sum: 1327.9]
      [Termination (ms): Min: 0.0, Avg: 0.4, Max: 0.6, Diff: 0.6, Sum: 3.3]
         [Termination Attempts: Min: 1, Avg: 1.4, Max: 2, Diff: 1, Sum: 11]
      [GC Worker Other (ms): Min: 0.0, Avg: 0.0, Max: 0.0, Diff: 0.0, Sum: 0.1]
      [GC Worker Total (ms): Min: 173.7, Avg: 176.3, Max: 176.8, Diff: 3.1, Sum: 1410.0]
      [GC Worker End (ms): Min: 112874.5, Avg: 112874.6, Max: 112874.7, Diff: 0.2]
   [Code Root Fixup: 0.0 ms]
   [Code Root Purge: 0.0 ms]
   [Clear CT: 0.1 ms]
   [Other: 16.7 ms]
      [Evacuation Failure: 15.5 ms]
      [Choose CSet: 0.0 ms]
      [Ref Proc: 0.9 ms]
      [Ref Enq: 0.0 ms]
      [Redirty Cards: 0.1 ms]
      [Humongous Register: 0.0 ms]
      [Humongous Reclaim: 0.0 ms]
      [Free CSet: 0.0 ms]
   [Eden: 19.0M(90.0M)->0.0B(102.0M) Survivors: 12.0M->0.0B Heap: 2046.1M(2048.0M)->2046.1M(2048.0M)]
 [Times: user=0.30 sys=0.01, real=0.20 secs] 
112.892: [GC pause (G1 Evacuation Pause) (young)112.897: [SoftReference, 0 refs, 0.0000191 secs]112.897: [WeakReference, 0 refs, 0.0000033 secs]112.897: [FinalReference, 0 refs, 0.0000031 secs]112.897: [PhantomReference, 0 refs, 0 refs, 0.0000033 secs]112.897: [JNI Weak Reference, 0.0000030 secs], 0.0050557 secs]
   [Parallel Time: 3.8 ms, GC Workers: 8]
      [GC Worker Start (ms): Min: 112891.8, Avg: 112892.6, Max: 112894.8, Diff: 3.0]
      [Ext Root Scanning (ms): Min: 0.0, Avg: 0.1, Max: 0.2, Diff: 0.1, Sum: 0.5]
      [Update RS (ms): Min: 0.0, Avg: 2.0, Max: 3.4, Diff: 3.4, Sum: 16.0]
         [Processed Buffers: Min: 0, Avg: 4.9, Max: 10, Diff: 10, Sum: 39]
      [Scan RS (ms): Min: 0.0, Avg: 0.0, Max: 0.0, Diff: 0.0, Sum: 0.0]
      [Code Root Scanning (ms): Min: 0.0, Avg: 0.0, Max: 0.0, Diff: 0.0, Sum: 0.0]
      [Object Copy (ms): Min: 0.0, Avg: 0.0, Max: 0.0, Diff: 0.0, Sum: 0.0]
      [Termination (ms): Min: 0.0, Avg: 0.8, Max: 1.4, Diff: 1.4, Sum: 6.4]
         [Termination Attempts: Min: 1, Avg: 1.0, Max: 1, Diff: 0, Sum: 8]
      [GC Worker Other (ms): Min: 0.0, Avg: 0.0, Max: 0.0, Diff: 0.0, Sum: 0.0]
      [GC Worker Total (ms): Min: 0.6, Avg: 2.9, Max: 3.8, Diff: 3.1, Sum: 23.0]
      [GC Worker End (ms): Min: 112895.4, Avg: 112895.5, Max: 112895.6, Diff: 0.2]
   [Code Root Fixup: 0.0 ms]
   [Code Root Purge: 0.0 ms]
   [Clear CT: 0.1 ms]
   [Other: 1.2 ms]
      [Choose CSet: 0.0 ms]
      [Ref Proc: 1.0 ms]
      [Ref Enq: 0.0 ms]
      [Redirty Cards: 0.1 ms]
      [Humongous Register: 0.0 ms]
      [Humongous Reclaim: 0.0 ms]
      [Free CSet: 0.0 ms]
   [Eden: 0.0B(102.0M)->0.0B(102.0M) Survivors: 0.0B->0.0B Heap: 2046.1M(2048.0M)->2046.1M(2048.0M)]
 [Times: user=0.03 sys=0.01, real=0.00 secs] 
112.897: [Full GC (Allocation Failure) 113.236: [SoftReference, 0 refs, 0.0000281 secs]113.236: [WeakReference, 13 refs, 0.0000065 secs]113.236: [FinalReference, 2 refs, 0.0000037 secs]113.236: [PhantomReference, 0 refs, 0 refs, 0.0000037 secs]113.236: [JNI Weak Reference, 0.0000032 secs] 2046M->402M(1342M), 1.2620713 secs]
   [Eden: 0.0B(102.0M)->0.0B(180.0M) Survivors: 0.0B->0.0B Heap: 2046.1M(2048.0M)->402.3M(1342.0M)], [Metaspace: 3228K->3228K(1056768K)]
 [Times: user=1.75 sys=0.07, real=1.27 secs] 
114.159: [GC concurrent-mark-abort]
114.327: [GC pause (G1 Evacuation Pause) (young)114.494: [SoftReference, 0 refs, 0.0000257 secs]114.494: [WeakReference, 7 refs, 0.0000061 secs]114.494: [FinalReference, 0 refs, 0.0000029 secs]114.494: [PhantomReference, 0 refs, 0 refs, 0.0000033 secs]114.494: [JNI Weak Reference, 0.0000029 secs], 0.1696080 secs]
   [Parallel Time: 166.6 ms, GC Workers: 8]
      [GC Worker Start (ms): Min: 114326.8, Avg: 114326.9, Max: 114326.9, Diff: 0.1]
      [Ext Root Scanning (ms): Min: 0.1, Avg: 0.1, Max: 0.2, Diff: 0.1, Sum: 0.9]
      [Update RS (ms): Min: 0.0, Avg: 0.0, Max: 0.0, Diff: 0.0, Sum: 0.1]
         [Processed Buffers: Min: 0, Avg: 0.2, Max: 1, Diff: 1, Sum: 2]
      [Scan RS (ms): Min: 0.0, Avg: 0.0, Max: 0.0, Diff: 0.0, Sum: 0.2]
      [Code Root Scanning (ms): Min: 0.0, Avg: 0.0, Max: 0.0, Diff: 0.0, Sum: 0.0]
      [Object Copy (ms): Min: 165.1, Avg: 165.3, Max: 165.7, Diff: 0.6, Sum: 1322.6]
      [Termination (ms): Min: 0.4, Avg: 1.0, Max: 1.2, Diff: 0.8, Sum: 7.8]
         [Termination Attempts: Min: 381, Avg: 514.5, Max: 587, Diff: 206, Sum: 4116]
      [GC Worker Other (ms): Min: 0.0, Avg: 0.0, Max: 0.0, Diff: 0.0, Sum: 0.1]
      [GC Worker Total (ms): Min: 166.3, Avg: 166.5, Max: 166.6, Diff: 0.2, Sum: 1331.7]
      [GC Worker End (ms): Min: 114493.2, Avg: 114493.3, Max: 114493.4, Diff: 0.2]
   [Code Root Fixup: 0.0 ms]
   [Code Root Purge: 0.0 ms]
   [Clear CT: 0.1 ms]
   [Other: 2.9 ms]
      [Choose CSet: 0.0 ms]
      [Ref Proc: 0.8 ms]
      [Ref Enq: 0.0 ms]
      [Redirty Cards: 0.7 ms]
      [Humongous Register: 0.0 ms]
      [Humongous Reclaim: 0.0 ms]
      [Free CSet: 0.1 ms]
   [Eden: 180.0M(180.0M)->0.0B(152.0M) Survivors: 0.0B->23.0M Heap: 582.3M(1342.0M)->586.6M(1484.0M)]
 [Times: user=1.27 sys=0.01, real=0.17 secs] 
114.767: [GC pause (G1 Evacuation Pause) (young)114.937: [SoftReference, 0 refs, 0.0000237 secs]114.937: [WeakReference, 6 refs, 0.0000056 secs]114.937: [FinalReference, 0 refs, 0.0000029 secs]114.937: [PhantomReference, 0 refs, 0 refs, 0.0000033 secs]114.937: [JNI Weak Reference, 0.0000028 secs], 0.1715724 secs]
   [Parallel Time: 170.0 ms, GC Workers: 8]
      [GC Worker Start (ms): Min: 114767.1, Avg: 114767.2, Max: 114767.2, Diff: 0.1]
      [Ext Root Scanning (ms): Min: 0.1, Avg: 0.3, Max: 1.4, Diff: 1.3, Sum: 2.2]
      [Update RS (ms): Min: 9.6, Avg: 10.7, Max: 12.0, Diff: 2.5, Sum: 85.7]
         [Processed Buffers: Min: 26, Avg: 29.5, Max: 32, Diff: 6, Sum: 236]
      [Scan RS (ms): Min: 0.0, Avg: 0.2, Max: 0.5, Diff: 0.4, Sum: 1.8]
      [Code Root Scanning (ms): Min: 0.0, Avg: 0.0, Max: 0.0, Diff: 0.0, Sum: 0.0]
      [Object Copy (ms): Min: 157.4, Avg: 158.3, Max: 158.6, Diff: 1.2, Sum: 1266.1]
      [Termination (ms): Min: 0.3, Avg: 0.4, Max: 0.5, Diff: 0.2, Sum: 3.1]
         [Termination Attempts: Min: 375, Avg: 433.4, Max: 466, Diff: 91, Sum: 3467]
      [GC Worker Other (ms): Min: 0.0, Avg: 0.0, Max: 0.1, Diff: 0.0, Sum: 0.3]
      [GC Worker Total (ms): Min: 169.8, Avg: 169.9, Max: 169.9, Diff: 0.1, Sum: 1359.0]
      [GC Worker End (ms): Min: 114937.0, Avg: 114937.0, Max: 114937.1, Diff: 0.0]
   [Code Root Fixup: 0.0 ms]
   [Code Root Purge: 0.0 ms]
   [Clear CT: 0.1 ms]
   [Other: 1.5 ms]
      [Choose CSet: 0.0 ms]
      [Ref Proc: 0.2 ms]
      [Ref Enq: 0.0 ms]
      [Redirty Cards: 0.4 ms]
      [Humongous Register: 0.0 ms]
      [Humongous Reclaim: 0.0 ms]
      [Free CSet: 0.1 ms]
   [Eden: 152.0M(152.0M)->0.0B(150.0M) Survivors: 23.0M->22.0M Heap: 738.6M(1484.0M)->738.8M(1597.0M)]
 [Times: user=1.17 sys=0.01, real=0.17 secs] 
115.162: [GC pause (G1 Evacuation Pause) (young) (initial-mark)115.338: [SoftReference, 0 refs, 0.0000276 secs]115.339: [WeakReference, 2 refs, 0.0000047 secs]115.339: [FinalReference, 0 refs, 0.0000029 secs]115.339: [PhantomReference, 0 refs, 0 refs, 0.0000034 secs]115.339: [JNI Weak Reference, 0.0000028 secs], 0.1779190 secs]
   [Parallel Time: 175.8 ms, GC Workers: 8]
      [GC Worker Start (ms): Min: 115162.3, Avg: 115162.4, Max: 115162.5, Diff: 0.2]
      [Ext Root Scanning (ms): Min: 0.0, Avg: 2.0, Max: 8.8, Diff: 8.8, Sum: 16.0]
      [Update RS (ms): Min: 7.7, Avg: 14.5, Max: 16.7, Diff: 9.1, Sum: 116.3]
         [Processed Buffers: Min: 19, Avg: 32.4, Max: 41, Diff: 22, Sum: 259]
      [Scan RS (ms): Min: 0.0, Avg: 0.4, Max: 0.6, Diff: 0.6, Sum: 3.1]
      [Code Root Scanning (ms): Min: 0.0, Avg: 0.0, Max: 0.0, Diff: 0.0, Sum: 0.0]
      [Object Copy (ms): Min: 156.8, Avg: 157.5, Max: 158.1, Diff: 1.4, Sum: 1260.1]
      [Termination (ms): Min: 0.5, Avg: 1.2, Max: 1.9, Diff: 1.4, Sum: 9.3]
         [Termination Attempts: Min: 283, Avg: 396.5, Max: 481, Diff: 198, Sum: 3172]
      [GC Worker Other (ms): Min: 0.0, Avg: 0.0, Max: 0.0, Diff: 0.0, Sum: 0.1]
      [GC Worker Total (ms): Min: 175.5, Avg: 175.6, Max: 175.7, Diff: 0.2, Sum: 1404.9]
      [GC Worker End (ms): Min: 115337.9, Avg: 115338.0, Max: 115338.0, Diff: 0.1]
   [Code Root Fixup: 0.0 ms]
   [Code Root Purge: 0.0 ms]
   [Clear CT: 0.2 ms]
   [Other: 1.9 ms]
      [Choose CSet: 0.0 ms]
      [Ref Proc: 0.5 ms]
      [Ref Enq: 0.0 ms]
      [Redirty Cards: 0.5 ms]
      [Humongous Register: 0.0 ms]
      [Humongous Reclaim: 0.0 ms]
      [Free CSet: 0.1 ms]
   [Eden: 150.0M(150.0M)->0.0B(152.0M) Survivors: 22.0M->22.0M Heap: 888.8M(1597.0M)->890.8M(1688.0M)]
 [Times: user=1.27 sys=0.00, real=0.18 secs] 
115.340: [GC concurrent-root-region-scan-start]
115.353: [GC concurrent-root-region-scan-end, 0.0127392 secs]
115.353: [GC concurrent-mark-start]
115.593: [GC pause (G1 Evacuation Pause) (young)115.771: [SoftReference, 0 refs, 0.0000211 secs]115.771: [WeakReference, 0 refs, 0.0000033 secs]115.771: [FinalReference, 0 refs, 0.0000028 secs]115.771: [PhantomReference, 0 refs, 0 refs, 0.0000031 secs]115.771: [JNI Weak Reference, 0.0000029 secs], 0.1796682 secs]
   [Parallel Time: 175.3 ms, GC Workers: 8]
      [GC Worker Start (ms): Min: 115592.6, Avg: 115592.7, Max: 115592.7, Diff: 0.1]
      [Ext Root Scanning (ms): Min: 0.1, Avg: 0.1, Max: 0.2, Diff: 0.1, Sum: 0.9]
      [Update RS (ms): Min: 14.8, Avg: 14.9, Max: 15.1, Diff: 0.3, Sum: 119.5]
         [Processed Buffers: Min: 33, Avg: 35.5, Max: 38, Diff: 5, Sum: 284]
      [Scan RS (ms): Min: 0.2, Avg: 0.4, Max: 0.4, Diff: 0.3, Sum: 2.9]
      [Code Root Scanning (ms): Min: 0.0, Avg: 0.0, Max: 0.0, Diff: 0.0, Sum: 0.0]
      [Object Copy (ms): Min: 158.0, Avg: 158.5, Max: 159.3, Diff: 1.4, Sum: 1267.7]
      [Termination (ms): Min: 0.4, Avg: 1.2, Max: 1.7, Diff: 1.4, Sum: 10.0]
         [Termination Attempts: Min: 368, Avg: 924.8, Max: 1090, Diff: 722, Sum: 7398]
      [GC Worker Other (ms): Min: 0.0, Avg: 0.0, Max: 0.1, Diff: 0.0, Sum: 0.3]
      [GC Worker Total (ms): Min: 175.1, Avg: 175.1, Max: 175.2, Diff: 0.1, Sum: 1401.1]
      [GC Worker End (ms): Min: 115767.8, Avg: 115767.8, Max: 115767.9, Diff: 0.0]
   [Code Root Fixup: 0.0 ms]
   [Code Root Purge: 0.0 ms]
   [Clear CT: 0.1 ms]
   [Other: 4.3 ms]
      [Choose CSet: 0.0 ms]
      [Ref Proc: 3.2 ms]
      [Ref Enq: 0.0 ms]
      [Redirty Cards: 0.5 ms]
      [Humongous Register: 0.0 ms]
      [Humongous Reclaim: 0.0 ms]
      [Free CSet: 0.1 ms]
   [Eden: 152.0M(152.0M)->0.0B(158.0M) Survivors: 22.0M->22.0M Heap: 1042.8M(1688.0M)->1044.8M(1760.0M)]
 [Times: user=1.36 sys=0.00, real=0.18 secs] 
116.053: [GC pause (G1 Evacuation Pause) (young)116.242: [SoftReference, 0 refs, 0.0000225 secs]116.242: [WeakReference, 0 refs, 0.0000033 secs]116.242: [FinalReference, 0 refs, 0.0000028 secs]116.242: [PhantomReference, 0 refs, 0 refs, 0.0000209 secs]116.242: [JNI Weak Reference, 0.0000029 secs], 0.1900062 secs]
   [Parallel Time: 184.9 ms, GC Workers: 8]
      [GC Worker Start (ms): Min: 116053.3, Avg: 116054.3, Max: 116057.7, Diff: 4.4]
      [Ext Root Scanning (ms): Min: 0.0, Avg: 0.0, Max: 0.2, Diff: 0.2, Sum: 0.4]
      [Update RS (ms): Min: 13.7, Avg: 17.1, Max: 18.1, Diff: 4.4, Sum: 136.5]
         [Processed Buffers: Min: 35, Avg: 39.0, Max: 42, Diff: 7, Sum: 312]
      [Scan RS (ms): Min: 0.2, Avg: 0.3, Max: 0.4, Diff: 0.3, Sum: 2.3]
      [Code Root Scanning (ms): Min: 0.0, Avg: 0.0, Max: 0.0, Diff: 0.0, Sum: 0.0]
      [Object Copy (ms): Min: 152.9, Avg: 163.1, Max: 165.5, Diff: 12.6, Sum: 1304.8]
      [Termination (ms): Min: 0.6, Avg: 3.1, Max: 13.4, Diff: 12.8, Sum: 24.9]
         [Termination Attempts: Min: 349, Avg: 426.6, Max: 501, Diff: 152, Sum: 3413]
      [GC Worker Other (ms): Min: 0.0, Avg: 0.1, Max: 0.9, Diff: 0.9, Sum: 0.9]
      [GC Worker Total (ms): Min: 180.4, Avg: 183.7, Max: 184.8, Diff: 4.3, Sum: 1469.9]
      [GC Worker End (ms): Min: 116238.0, Avg: 116238.1, Max: 116238.1, Diff: 0.1]
   [Code Root Fixup: 0.0 ms]
   [Code Root Purge: 0.0 ms]
   [Clear CT: 0.1 ms]
   [Other: 5.0 ms]
      [Choose CSet: 0.0 ms]
      [Ref Proc: 3.9 ms]
      [Ref Enq: 0.0 ms]
      [Redirty Cards: 0.4 ms]
      [Humongous Register: 0.0 ms]
      [Humongous Reclaim: 0.0 ms]
      [Free CSet: 0.1 ms]
   [Eden: 158.0M(158.0M)->0.0B(159.0M) Survivors: 22.0M->23.0M Heap: 1202.8M(1760.0M)->1204.8M(1818.0M)]
 [Times: user=1.31 sys=0.01, real=0.19 secs] 
116.524: [GC pause (G1 Evacuation Pause) (young)116.717: [SoftReference, 0 refs, 0.0000243 secs]116.717: [WeakReference, 0 refs, 0.0000032 secs]116.717: [FinalReference, 0 refs, 0.0000029 secs]116.717: [PhantomReference, 0 refs, 0 refs, 0.0000031 secs]116.717: [JNI Weak Reference, 0.0000028 secs], 0.1933271 secs]
   [Parallel Time: 189.2 ms, GC Workers: 8]
      [GC Worker Start (ms): Min: 116524.6, Avg: 116525.1, Max: 116528.2, Diff: 3.6]
      [Ext Root Scanning (ms): Min: 0.0, Avg: 0.1, Max: 0.2, Diff: 0.2, Sum: 0.7]
      [Update RS (ms): Min: 16.4, Avg: 19.4, Max: 19.9, Diff: 3.5, Sum: 155.0]
         [Processed Buffers: Min: 35, Avg: 42.8, Max: 48, Diff: 13, Sum: 342]
      [Scan RS (ms): Min: 0.3, Avg: 0.4, Max: 0.5, Diff: 0.2, Sum: 3.5]
      [Code Root Scanning (ms): Min: 0.0, Avg: 0.0, Max: 0.0, Diff: 0.0, Sum: 0.0]
      [Object Copy (ms): Min: 168.0, Avg: 168.1, Max: 168.3, Diff: 0.3, Sum: 1344.8]
      [Termination (ms): Min: 0.2, Avg: 0.5, Max: 0.6, Diff: 0.4, Sum: 4.1]
         [Termination Attempts: Min: 323, Avg: 486.9, Max: 564, Diff: 241, Sum: 3895]
      [GC Worker Other (ms): Min: 0.0, Avg: 0.0, Max: 0.1, Diff: 0.0, Sum: 0.2]
      [GC Worker Total (ms): Min: 185.5, Avg: 188.6, Max: 189.1, Diff: 3.6, Sum: 1508.4]
      [GC Worker End (ms): Min: 116713.6, Avg: 116713.6, Max: 116713.7, Diff: 0.0]
   [Code Root Fixup: 0.0 ms]
   [Code Root Purge: 0.0 ms]
   [Clear CT: 0.1 ms]
   [Other: 4.0 ms]
      [Choose CSet: 0.0 ms]
      [Ref Proc: 3.0 ms]
      [Ref Enq: 0.0 ms]
      [Redirty Cards: 0.5 ms]
      [Humongous Register: 0.0 ms]
      [Humongous Reclaim: 0.0 ms]
      [Free CSet: 0.1 ms]
   [Eden: 159.0M(159.0M)->0.0B(154.0M) Survivors: 23.0M->23.0M Heap: 1363.8M(1818.0M)->1365.8M(1864.0M)]
 [Times: user=1.46 sys=0.00, real=0.19 secs] 
116.848: [GC concurrent-mark-end, 1.4953565 secs]
116.848: [GC remark 116.848: [Finalize Marking, 0.0008669 secs] 116.849: [GC ref-proc116.849: [SoftReference, 0 refs, 0.0000140 secs]116.849: [WeakReference, 196631 refs, 0.0199470 secs]116.869: [FinalReference, 33 refs, 0.0000151 secs]116.869: [PhantomReference, 0 refs, 0 refs, 0.0000190 secs]116.869: [JNI Weak Reference, 0.0000037 secs], 0.0200369 secs] 116.869: [Unloading, 0.0006022 secs], 0.0250959 secs]
 [Times: user=0.05 sys=0.00, real=0.03 secs] 
116.874: [GC cleanup 1413M->1413M(1864M), 0.0026171 secs]
 [Times: user=0.01 sys=0.00, real=0.00 secs] 
117.006: [GC pause (G1 Evacuation Pause) (young)117.188: [SoftReference, 0 refs, 0.0000260 secs]117.188: [WeakReference, 0 refs, 0.0000220 secs]117.188: [FinalReference, 0 refs, 0.0000030 secs]117.188: [PhantomReference, 0 refs, 0 refs, 0.0000033 secs]117.188: [JNI Weak Reference, 0.0000029 secs], 0.1831181 secs]
   [Parallel Time: 181.1 ms, GC Workers: 8]
      [GC Worker Start (ms): Min: 117006.0, Avg: 117006.0, Max: 117006.1, Diff: 0.1]
      [Ext Root Scanning (ms): Min: 0.1, Avg: 0.1, Max: 0.2, Diff: 0.1, Sum: 0.9]
      [Update RS (ms): Min: 20.0, Avg: 20.1, Max: 20.2, Diff: 0.1, Sum: 160.8]
         [Processed Buffers: Min: 46, Avg: 47.0, Max: 49, Diff: 3, Sum: 376]
      [Scan RS (ms): Min: 0.3, Avg: 0.4, Max: 0.5, Diff: 0.2, Sum: 3.0]
      [Code Root Scanning (ms): Min: 0.0, Avg: 0.0, Max: 0.0, Diff: 0.0, Sum: 0.0]
      [Object Copy (ms): Min: 160.0, Avg: 160.0, Max: 160.1, Diff: 0.1, Sum: 1280.3]
      [Termination (ms): Min: 0.3, Avg: 0.4, Max: 0.4, Diff: 0.1, Sum: 2.9]
         [Termination Attempts: Min: 292, Avg: 357.0, Max: 413, Diff: 121, Sum: 2856]
      [GC Worker Other (ms): Min: 0.0, Avg: 0.0, Max: 0.1, Diff: 0.0, Sum: 0.3]
      [GC Worker Total (ms): Min: 181.0, Avg: 181.0, Max: 181.1, Diff: 0.1, Sum: 1448.1]
      [GC Worker End (ms): Min: 117187.0, Avg: 117187.1, Max: 117187.1, Diff: 0.0]
   [Code Root Fixup: 0.0 ms]
   [Code Root Purge: 0.0 ms]
   [Clear CT: 0.1 ms]
   [Other: 1.9 ms]
      [Choose CSet: 0.0 ms]
      [Ref Proc: 0.8 ms]
      [Ref Enq: 0.0 ms]
      [Redirty Cards: 0.6 ms]
      [Humongous Register: 0.0 ms]
      [Humongous Reclaim: 0.0 ms]
      [Free CSet: 0.1 ms]
   [Eden: 154.0M(154.0M)->0.0B(93.0M) Survivors: 23.0M->23.0M Heap: 1519.8M(1864.0M)->1521.8M(1901.0M)]
 [Times: user=1.41 sys=0.00, real=0.19 secs] 
117.314: [GC pause (G1 Evacuation Pause) (young)117.440: [SoftReference, 0 refs, 0.0000272 secs]117.440: [WeakReference, 0 refs, 0.0000034 secs]117.440: [FinalReference, 0 refs, 0.0000028 secs]117.440: [PhantomReference, 0 refs, 0 refs, 0.0000033 secs]117.440: [JNI Weak Reference, 0.0000030 secs], 0.1273980 secs]
   [Parallel Time: 125.1 ms, GC Workers: 8]
      [GC Worker Start (ms): Min: 117313.7, Avg: 117313.8, Max: 117313.9, Diff: 0.1]
      [Ext Root Scanning (ms): Min: 0.0, Avg: 0.1, Max: 0.2, Diff: 0.1, Sum: 0.7]
      [Update RS (ms): Min: 16.8, Avg: 16.9, Max: 17.0, Diff: 0.2, Sum: 135.2]
         [Processed Buffers: Min: 36, Avg: 42.2, Max: 44, Diff: 8, Sum: 338]
      [Scan RS (ms): Min: 0.2, Avg: 0.4, Max: 0.5, Diff: 0.2, Sum: 2.9]
      [Code Root Scanning (ms): Min: 0.0, Avg: 0.0, Max: 0.0, Diff: 0.0, Sum: 0.0]
      [Object Copy (ms): Min: 106.4, Avg: 106.6, Max: 107.4, Diff: 1.0, Sum: 853.0]
      [Termination (ms): Min: 0.0, Avg: 0.9, Max: 1.2, Diff: 1.2, Sum: 7.4]
         [Termination Attempts: Min: 64, Avg: 329.8, Max: 407, Diff: 343, Sum: 2638]
      [GC Worker Other (ms): Min: 0.0, Avg: 0.0, Max: 0.0, Diff: 0.0, Sum: 0.1]
      [GC Worker Total (ms): Min: 124.7, Avg: 124.9, Max: 125.0, Diff: 0.3, Sum: 999.3]
      [GC Worker End (ms): Min: 117438.6, Avg: 117438.7, Max: 117438.8, Diff: 0.2]
   [Code Root Fixup: 0.0 ms]
   [Code Root Purge: 0.0 ms]
   [Clear CT: 0.1 ms]
   [Other: 2.2 ms]
      [Choose CSet: 0.0 ms]
      [Ref Proc: 1.0 ms]
      [Ref Enq: 0.0 ms]
      [Redirty Cards: 0.6 ms]
      [Humongous Register: 0.0 ms]
      [Humongous Reclaim: 0.0 ms]
      [Free CSet: 0.1 ms]
   [Eden: 93.0M(93.0M)->0.0B(81.0M) Survivors: 23.0M->15.0M Heap: 1614.8M(1901.0M)->1616.8M(1931.0M)]
 [Times: user=0.90 sys=0.00, real=0.13 secs] 
117.562: [GC pause (G1 Evacuation Pause) (young) (initial-mark)117.677: [SoftReference, 0 refs, 0.0000237 secs]117.677: [WeakReference, 0 refs, 0.0000034 secs]117.677: [FinalReference, 0 refs, 0.0000031 secs]117.677: [PhantomReference, 0 refs, 0 refs, 0.0000034 secs]117.677: [JNI Weak Reference, 0.0000030 secs], 0.1164600 secs]
   [Parallel Time: 115.4 ms, GC Workers: 8]
      [GC Worker Start (ms): Min: 117561.8, Avg: 117561.9, Max: 117562.0, Diff: 0.2]
      [Ext Root Scanning (ms): Min: 0.0, Avg: 0.2, Max: 0.3, Diff: 0.3, Sum: 1.4]
      [Update RS (ms): Min: 27.9, Avg: 28.0, Max: 28.1, Diff: 0.2, Sum: 224.1]
         [Processed Buffers: Min: 26, Avg: 46.4, Max: 57, Diff: 31, Sum: 371]
      [Scan RS (ms): Min: 0.3, Avg: 0.5, Max: 0.8, Diff: 0.5, Sum: 3.7]
      [Code Root Scanning (ms): Min: 0.0, Avg: 0.0, Max: 0.0, Diff: 0.0, Sum: 0.0]
      [Object Copy (ms): Min: 86.0, Avg: 86.4, Max: 86.5, Diff: 0.5, Sum: 691.0]
      [Termination (ms): Min: 0.1, Avg: 0.2, Max: 0.3, Diff: 0.1, Sum: 1.6]
         [Termination Attempts: Min: 116, Avg: 173.2, Max: 211, Diff: 95, Sum: 1386]
      [GC Worker Other (ms): Min: 0.0, Avg: 0.0, Max: 0.1, Diff: 0.0, Sum: 0.2]
      [GC Worker Total (ms): Min: 115.1, Avg: 115.2, Max: 115.3, Diff: 0.2, Sum: 922.0]
      [GC Worker End (ms): Min: 117677.1, Avg: 117677.1, Max: 117677.2, Diff: 0.0]
   [Code Root Fixup: 0.0 ms]
   [Code Root Purge: 0.0 ms]
   [Clear CT: 0.1 ms]
   [Other: 1.0 ms]
      [Choose CSet: 0.0 ms]
      [Ref Proc: 0.3 ms]
      [Ref Enq: 0.0 ms]
      [Redirty Cards: 0.3 ms]
      [Humongous Register: 0.0 ms]
      [Humongous Reclaim: 0.0 ms]
      [Free CSet: 0.1 ms]
   [Eden: 81.0M(81.0M)->0.0B(85.0M) Survivors: 15.0M->12.0M Heap: 1697.8M(1931.0M)->1699.3M(1955.0M)]
 [Times: user=0.85 sys=0.00, real=0.11 secs] 
117.678: [GC concurrent-root-region-scan-start]
117.685: [GC concurrent-root-region-scan-end, 0.0063938 secs]
117.685: [GC concurrent-mark-start]
117.806: [GC pause (G1 Evacuation Pause) (young)117.924: [SoftReference, 0 refs, 0.0000213 secs]117.924: [WeakReference, 0 refs, 0.0000031 secs]117.924: [FinalReference, 0 refs, 0.0000029 secs]117.924: [PhantomReference, 0 refs, 0 refs, 0.0000030 secs]117.924: [JNI Weak Reference, 0.0000027 secs], 0.1187591 secs]
   [Parallel Time: 114.9 ms, GC Workers: 8]
      [GC Worker Start (ms): Min: 117806.1, Avg: 117806.5, Max: 117809.2, Diff: 3.2]
      [Ext Root Scanning (ms): Min: 0.0, Avg: 0.1, Max: 0.2, Diff: 0.2, Sum: 0.9]
      [Update RS (ms): Min: 20.2, Avg: 22.9, Max: 23.4, Diff: 3.1, Sum: 183.1]
         [Processed Buffers: Min: 27, Avg: 41.8, Max: 48, Diff: 21, Sum: 334]
      [Scan RS (ms): Min: 0.2, Avg: 0.4, Max: 0.4, Diff: 0.2, Sum: 2.8]
      [Code Root Scanning (ms): Min: 0.0, Avg: 0.0, Max: 0.0, Diff: 0.0, Sum: 0.0]
      [Object Copy (ms): Min: 90.1, Avg: 90.5, Max: 90.8, Diff: 0.8, Sum: 723.8]
      [Termination (ms): Min: 0.1, Avg: 0.5, Max: 0.9, Diff: 0.8, Sum: 4.2]
         [Termination Attempts: Min: 194, Avg: 317.4, Max: 361, Diff: 167, Sum: 2539]
      [GC Worker Other (ms): Min: 0.0, Avg: 0.0, Max: 0.0, Diff: 0.0, Sum: 0.2]
      [GC Worker Total (ms): Min: 111.7, Avg: 114.4, Max: 114.8, Diff: 3.2, Sum: 915.0]
      [GC Worker End (ms): Min: 117920.9, Avg: 117920.9, Max: 117920.9, Diff: 0.0]
   [Code Root Fixup: 0.0 ms]
   [Code Root Purge: 0.0 ms]
   [Clear CT: 0.1 ms]
   [Other: 3.7 ms]
      [Choose CSet: 0.0 ms]
      [Ref Proc: 3.2 ms]
      [Ref Enq: 0.0 ms]
      [Redirty Cards: 0.2 ms]
      [Humongous Register: 0.0 ms]
      [Humongous Reclaim: 0.0 ms]
      [Free CSet: 0.1 ms]
   [Eden: 85.0M(85.0M)->0.0B(85.0M) Survivors: 12.0M->13.0M Heap: 1784.3M(1955.0M)->1786.8M(1974.0M)]
 [Times: user=0.86 sys=0.01, real=0.12 secs] 
118.029: [GC pause (G1 Evacuation Pause) (young)118.153: [SoftReference, 0 refs, 0.0000295 secs]118.153: [WeakReference, 0 refs, 0.0000032 secs]118.153: [FinalReference, 0 refs, 0.0000030 secs]118.153: [PhantomReference, 0 refs, 0 refs, 0.0000033 secs]118.153: [JNI Weak Reference, 0.0000030 secs], 0.1253463 secs]
   [Parallel Time: 120.6 ms, GC Workers: 8]
      [GC Worker Start (ms): Min: 118028.9, Avg: 118030.6, Max: 118040.3, Diff: 11.4]
      [Ext Root Scanning (ms): Min: 0.0, Avg: 0.1, Max: 0.2, Diff: 0.2, Sum: 0.9]
      [Update RS (ms): Min: 12.2, Avg: 22.3, Max: 25.8, Diff: 13.6, Sum: 178.7]
         [Processed Buffers: Min: 27, Avg: 37.5, Max: 44, Diff: 17, Sum: 300]
      [Scan RS (ms): Min: 0.0, Avg: 0.3, Max: 0.5, Diff: 0.5, Sum: 2.7]
      [Code Root Scanning (ms): Min: 0.0, Avg: 0.0, Max: 0.0, Diff: 0.0, Sum: 0.0]
      [Object Copy (ms): Min: 92.5, Avg: 95.3, Max: 96.1, Diff: 3.6, Sum: 762.0]
      [Termination (ms): Min: 0.2, Avg: 0.7, Max: 1.0, Diff: 0.8, Sum: 5.9]
         [Termination Attempts: Min: 70, Avg: 148.2, Max: 208, Diff: 138, Sum: 1186]
      [GC Worker Other (ms): Min: 0.0, Avg: 0.0, Max: 0.0, Diff: 0.0, Sum: 0.1]
      [GC Worker Total (ms): Min: 109.0, Avg: 118.8, Max: 120.6, Diff: 11.6, Sum: 950.3]
      [GC Worker End (ms): Min: 118149.4, Avg: 118149.4, Max: 118149.5, Diff: 0.1]
   [Code Root Fixup: 0.0 ms]
   [Code Root Purge: 0.0 ms]
   [Clear CT: 0.1 ms]
   [Other: 4.6 ms]
      [Choose CSet: 0.0 ms]
      [Ref Proc: 3.9 ms]
      [Ref Enq: 0.0 ms]
      [Redirty Cards: 0.3 ms]
      [Humongous Register: 0.1 ms]
      [Humongous Reclaim: 0.0 ms]
      [Free CSet: 0.1 ms]
   [Eden: 85.0M(85.0M)->0.0B(86.0M) Survivors: 13.0M->13.0M Heap: 1871.8M(1974.0M)->1872.3M(1989.0M)]
 [Times: user=0.79 sys=0.00, real=0.13 secs] 
118.299: [GC pause (G1 Evacuation Pause) (young)118.439: [SoftReference, 0 refs, 0.0000497 secs]118.439: [WeakReference, 0 refs, 0.0000029 secs]118.439: [FinalReference, 0 refs, 0.0000027 secs]118.439: [PhantomReference, 0 refs, 0 refs, 0.0000172 secs]118.439: [JNI Weak Reference, 0.0000028 secs] (to-space exhausted), 0.1473518 secs]
   [Parallel Time: 137.2 ms, GC Workers: 8]
      [GC Worker Start (ms): Min: 118299.0, Avg: 118299.5, Max: 118300.0, Diff: 1.0]
      [Ext Root Scanning (ms): Min: 0.0, Avg: 0.1, Max: 0.2, Diff: 0.2, Sum: 0.6]
      [Update RS (ms): Min: 17.9, Avg: 18.4, Max: 18.8, Diff: 0.9, Sum: 147.2]
         [Processed Buffers: Min: 26, Avg: 33.8, Max: 40, Diff: 14, Sum: 270]
      [Scan RS (ms): Min: 0.4, Avg: 0.4, Max: 0.6, Diff: 0.2, Sum: 3.6]
      [Code Root Scanning (ms): Min: 0.0, Avg: 0.0, Max: 0.0, Diff: 0.0, Sum: 0.0]
      [Object Copy (ms): Min: 116.3, Avg: 116.8, Max: 117.6, Diff: 1.3, Sum: 934.4]
      [Termination (ms): Min: 0.2, Avg: 0.9, Max: 1.5, Diff: 1.3, Sum: 7.4]
         [Termination Attempts: Min: 119, Avg: 480.8, Max: 642, Diff: 523, Sum: 3846]
      [GC Worker Other (ms): Min: 0.0, Avg: 0.0, Max: 0.0, Diff: 0.0, Sum: 0.1]
      [GC Worker Total (ms): Min: 136.2, Avg: 136.7, Max: 137.2, Diff: 1.0, Sum: 1093.3]
      [GC Worker End (ms): Min: 118436.1, Avg: 118436.1, Max: 118436.2, Diff: 0.0]
   [Code Root Fixup: 0.0 ms]
   [Code Root Purge: 0.0 ms]
   [Clear CT: 0.1 ms]
   [Other: 10.0 ms]
      [Evacuation Failure: 6.9 ms]
      [Choose CSet: 0.0 ms]
      [Ref Proc: 2.7 ms]
      [Ref Enq: 0.0 ms]
      [Redirty Cards: 0.3 ms]
      [Humongous Register: 0.0 ms]
      [Humongous Reclaim: 0.0 ms]
      [Free CSet: 0.0 ms]
   [Eden: 86.0M(86.0M)->0.0B(89.0M) Survivors: 13.0M->13.0M Heap: 1958.3M(1989.0M)->1965.3M(2048.0M)]
 [Times: user=0.77 sys=0.03, real=0.14 secs] 
118.535: [GC pause (G1 Evacuation Pause) (young)119.161: [SoftReference, 0 refs, 0.0000338 secs]119.161: [WeakReference, 0 refs, 0.0000058 secs]119.161: [FinalReference, 0 refs, 0.0000052 secs]119.161: [PhantomReference, 0 refs, 0 refs, 0.0000053 secs]119.161: [JNI Weak Reference, 0.0000043 secs] (to-space exhausted), 0.6746892 secs]
   [Parallel Time: 620.8 ms, GC Workers: 8]
      [GC Worker Start (ms): Min: 118535.4, Avg: 118538.2, Max: 118546.0, Diff: 10.6]
      [Ext Root Scanning (ms): Min: 0.0, Avg: 0.1, Max: 0.2, Diff: 0.2, Sum: 0.7]
      [Update RS (ms): Min: 13.4, Avg: 21.0, Max: 23.8, Diff: 10.4, Sum: 168.0]
         [Processed Buffers: Min: 28, Avg: 45.2, Max: 58, Diff: 30, Sum: 362]
      [Scan RS (ms): Min: 0.0, Avg: 0.0, Max: 0.0, Diff: 0.0, Sum: 0.1]
      [Code Root Scanning (ms): Min: 0.0, Avg: 0.0, Max: 0.0, Diff: 0.0, Sum: 0.0]
      [Object Copy (ms): Min: 595.9, Avg: 596.1, Max: 596.7, Diff: 0.8, Sum: 4768.8]
      [Termination (ms): Min: 0.0, Avg: 0.6, Max: 0.7, Diff: 0.7, Sum: 4.9]
         [Termination Attempts: Min: 1, Avg: 1.4, Max: 3, Diff: 2, Sum: 11]
      [GC Worker Other (ms): Min: 0.0, Avg: 0.0, Max: 0.0, Diff: 0.0, Sum: 0.1]
      [GC Worker Total (ms): Min: 610.1, Avg: 617.8, Max: 620.6, Diff: 10.5, Sum: 4942.5]
      [GC Worker End (ms): Min: 119156.0, Avg: 119156.1, Max: 119156.1, Diff: 0.1]
   [Code Root Fixup: 0.0 ms]
   [Code Root Purge: 0.0 ms]
   [Clear CT: 0.1 ms]
   [Other: 53.8 ms]
      [Evacuation Failure: 49.1 ms]
      [Choose CSet: 0.0 ms]
      [Ref Proc: 4.4 ms]
      [Ref Enq: 0.0 ms]
      [Redirty Cards: 0.2 ms]
      [Humongous Register: 0.0 ms]
      [Humongous Reclaim: 0.0 ms]
      [Free CSet: 0.0 ms]
   [Eden: 81.0M(89.0M)->0.0B(102.0M) Survivors: 13.0M->0.0B Heap: 2046.3M(2048.0M)->2046.3M(2048.0M)]
 [Times: user=0.93 sys=0.01, real=0.68 secs] 
119.210: [GC pause (G1 Evacuation Pause) (young)119.219: [SoftReference, 0 refs, 0.0000377 secs]119.219: [WeakReference, 0 refs, 0.0000042 secs]119.219: [FinalReference, 0 refs, 0.0000032 secs]119.219: [PhantomReference, 0 refs, 0 refs, 0.0000036 secs]119.219: [JNI Weak Reference, 0.0000035 secs], 0.0088826 secs]
   [Parallel Time: 5.6 ms, GC Workers: 8]
      [GC Worker Start (ms): Min: 119210.3, Avg: 119210.6, Max: 119211.3, Diff: 1.0]
      [Ext Root Scanning (ms): Min: 0.0, Avg: 0.1, Max: 0.2, Diff: 0.2, Sum: 0.8]
      [Update RS (ms): Min: 3.8, Avg: 4.5, Max: 5.2, Diff: 1.4, Sum: 35.8]
         [Processed Buffers: Min: 1, Avg: 13.9, Max: 20, Diff: 19, Sum: 111]
      [Scan RS (ms): Min: 0.0, Avg: 0.0, Max: 0.0, Diff: 0.0, Sum: 0.0]
      [Code Root Scanning (ms): Min: 0.0, Avg: 0.0, Max: 0.0, Diff: 0.0, Sum: 0.0]
      [Object Copy (ms): Min: 0.0, Avg: 0.0, Max: 0.0, Diff: 0.0, Sum: 0.0]
      [Termination (ms): Min: 0.0, Avg: 0.6, Max: 0.7, Diff: 0.7, Sum: 4.8]
         [Termination Attempts: Min: 1, Avg: 1.0, Max: 1, Diff: 0, Sum: 8]
      [GC Worker Other (ms): Min: 0.0, Avg: 0.0, Max: 0.0, Diff: 0.0, Sum: 0.1]
      [GC Worker Total (ms): Min: 4.5, Avg: 5.2, Max: 5.5, Diff: 1.1, Sum: 41.5]
      [GC Worker End (ms): Min: 119215.7, Avg: 119215.8, Max: 119215.9, Diff: 0.1]
   [Code Root Fixup: 0.0 ms]
   [Code Root Purge: 0.0 ms]
   [Clear CT: 0.1 ms]
   [Other: 3.2 ms]
      [Choose CSet: 0.0 ms]
      [Ref Proc: 3.0 ms]
      [Ref Enq: 0.0 ms]
      [Redirty Cards: 0.1 ms]
      [Humongous Register: 0.0 ms]
      [Humongous Reclaim: 0.0 ms]
      [Free CSet: 0.0 ms]
   [Eden: 0.0B(102.0M)->0.0B(102.0M) Survivors: 0.0B->0.0B Heap: 2046.3M(2048.0M)->2046.3M(2048.0M)]
 [Times: user=0.05 sys=0.00, real=0.01 secs] 
119.219: [Full GC (Allocation Failure) 120.618: [SoftReference, 0 refs, 0.0000244 secs]120.618: [WeakReference, 1048563 refs, 0.0570610 secs]120.676: [FinalReference, 2 refs, 0.0000077 secs]120.676: [PhantomReference, 0 refs, 0 refs, 0.0000043 secs]120.676: [JNI Weak Reference, 0.0000035 secs] 2046M->1664M(2048M), 3.4667739 secs]
   [Eden: 0.0B(102.0M)->0.0B(102.0M) Survivors: 0.0B->0.0B Heap: 2046.3M(2048.0M)->1664.1M(2048.0M)], [Metaspace: 3228K->3228K(1056768K)]
 [Times: user=5.16 sys=0.06, real=3.46 secs] 
122.686: [GC concurrent-mark-abort]
123.219: [GC pause (G1 Evacuation Pause) (young)123.353: [SoftReference, 0 refs, 0.0000636 secs]123.353: [WeakReference, 359346 refs, 0.0395750 secs]123.392: [FinalReference, 0 refs, 0.0000071 secs]123.392: [PhantomReference, 0 refs, 0 refs, 0.0000045 secs]123.392: [JNI Weak Reference, 0.0000033 secs], 0.1735405 secs]
   [Parallel Time: 132.3 ms, GC Workers: 8]
      [GC Worker Start (ms): Min: 123219.4, Avg: 123221.6, Max: 123229.4, Diff: 10.0]
      [Ext Root Scanning (ms): Min: 0.0, Avg: 0.1, Max: 0.1, Diff: 0.1, Sum: 0.6]
      [Update RS (ms): Min: 15.7, Avg: 24.4, Max: 30.3, Diff: 14.6, Sum: 195.5]
         [Processed Buffers: Min: 35, Avg: 46.0, Max: 64, Diff: 29, Sum: 368]
      [Scan RS (ms): Min: 0.0, Avg: 0.0, Max: 0.1, Diff: 0.1, Sum: 0.1]
      [Code Root Scanning (ms): Min: 0.0, Avg: 0.0, Max: 0.0, Diff: 0.0, Sum: 0.0]
      [Object Copy (ms): Min: 101.2, Avg: 104.6, Max: 106.3, Diff: 5.2, Sum: 836.7]
      [Termination (ms): Min: 0.2, Avg: 0.9, Max: 5.1, Diff: 4.9, Sum: 7.0]
         [Termination Attempts: Min: 161, Avg: 237.6, Max: 278, Diff: 117, Sum: 1901]
      [GC Worker Other (ms): Min: 0.0, Avg: 0.0, Max: 0.0, Diff: 0.0, Sum: 0.2]
      [GC Worker Total (ms): Min: 122.2, Avg: 130.0, Max: 132.3, Diff: 10.1, Sum: 1040.1]
      [GC Worker End (ms): Min: 123351.6, Avg: 123351.6, Max: 123351.7, Diff: 0.0]
   [Code Root Fixup: 0.0 ms]
   [Code Root Purge: 0.0 ms]
   [Clear CT: 0.1 ms]
   [Other: 41.1 ms]
      [Choose CSet: 0.0 ms]
      [Ref Proc: 40.5 ms]
      [Ref Enq: 0.0 ms]
      [Redirty Cards: 0.3 ms]
      [Humongous Register: 0.0 ms]
      [Humongous Reclaim: 0.0 ms]
      [Free CSet: 0.1 ms]
   [Eden: 102.0M(102.0M)->0.0B(89.0M) Survivors: 0.0B->13.0M Heap: 1766.1M(2048.0M)->1769.6M(2048.0M)]
 [Times: user=0.82 sys=0.00, real=0.17 secs] 
123.479: [GC pause (G1 Evacuation Pause) (young) (initial-mark)123.594: [SoftReference, 0 refs, 0.0000231 secs]123.594: [WeakReference, 311560 refs, 0.0333368 secs]123.628: [FinalReference, 0 refs, 0.0000070 secs]123.628: [PhantomReference, 0 refs, 0 refs, 0.0000044 secs]123.628: [JNI Weak Reference, 0.0000035 secs], 0.1498665 secs]
   [Parallel Time: 115.3 ms, GC Workers: 8]
      [GC Worker Start (ms): Min: 123478.9, Avg: 123479.0, Max: 123479.1, Diff: 0.2]
      [Ext Root Scanning (ms): Min: 0.0, Avg: 1.7, Max: 4.2, Diff: 4.2, Sum: 13.4]
      [Update RS (ms): Min: 11.0, Avg: 13.9, Max: 16.1, Diff: 5.1, Sum: 110.9]
         [Processed Buffers: Min: 23, Avg: 31.2, Max: 40, Diff: 17, Sum: 250]
      [Scan RS (ms): Min: 0.8, Avg: 1.6, Max: 1.9, Diff: 1.1, Sum: 12.4]
      [Code Root Scanning (ms): Min: 0.0, Avg: 0.0, Max: 0.0, Diff: 0.0, Sum: 0.0]
      [Object Copy (ms): Min: 96.2, Avg: 96.6, Max: 98.0, Diff: 1.8, Sum: 773.1]
      [Termination (ms): Min: 0.0, Avg: 1.4, Max: 1.9, Diff: 1.8, Sum: 11.5]
         [Termination Attempts: Min: 60, Avg: 1061.9, Max: 1272, Diff: 1212, Sum: 8495]
      [GC Worker Other (ms): Min: 0.0, Avg: 0.0, Max: 0.0, Diff: 0.0, Sum: 0.2]
      [GC Worker Total (ms): Min: 115.0, Avg: 115.2, Max: 115.3, Diff: 0.2, Sum: 921.5]
      [GC Worker End (ms): Min: 123594.2, Avg: 123594.2, Max: 123594.2, Diff: 0.0]
   [Code Root Fixup: 0.0 ms]
   [Code Root Purge: 0.0 ms]
   [Clear CT: 0.2 ms]
   [Other: 34.3 ms]
      [Choose CSet: 0.0 ms]
      [Ref Proc: 33.6 ms]
      [Ref Enq: 0.0 ms]
      [Redirty Cards: 0.5 ms]
      [Humongous Register: 0.0 ms]
      [Humongous Reclaim: 0.0 ms]
      [Free CSet: 0.1 ms]
   [Eden: 89.0M(89.0M)->0.0B(89.0M) Survivors: 13.0M->13.0M Heap: 1858.6M(2048.0M)->1859.6M(2048.0M)]
 [Times: user=0.89 sys=0.00, real=0.15 secs] 
123.629: [GC concurrent-root-region-scan-start]
123.661: [GC concurrent-root-region-scan-end, 0.0319140 secs]
123.661: [GC concurrent-mark-start]
123.731: [GC pause (G1 Evacuation Pause) (young)123.847: [SoftReference, 0 refs, 0.0000226 secs]123.847: [WeakReference, 297558 refs, 0.0317234 secs]123.879: [FinalReference, 0 refs, 0.0000073 secs]123.879: [PhantomReference, 0 refs, 0 refs, 0.0000042 secs]123.879: [JNI Weak Reference, 0.0000035 secs] (to-space exhausted), 0.1526054 secs]
   [Parallel Time: 114.0 ms, GC Workers: 8]
      [GC Worker Start (ms): Min: 123731.2, Avg: 123731.3, Max: 123731.3, Diff: 0.1]
      [Ext Root Scanning (ms): Min: 0.1, Avg: 0.1, Max: 0.2, Diff: 0.1, Sum: 0.8]
      [Update RS (ms): Min: 16.9, Avg: 17.3, Max: 18.0, Diff: 1.1, Sum: 138.1]
         [Processed Buffers: Min: 24, Avg: 33.9, Max: 36, Diff: 12, Sum: 271]
      [Scan RS (ms): Min: 1.0, Avg: 1.9, Max: 2.8, Diff: 1.8, Sum: 14.8]
      [Code Root Scanning (ms): Min: 0.0, Avg: 0.0, Max: 0.0, Diff: 0.0, Sum: 0.0]
      [Object Copy (ms): Min: 93.6, Avg: 94.1, Max: 94.5, Diff: 0.9, Sum: 752.5]
      [Termination (ms): Min: 0.1, Avg: 0.5, Max: 0.8, Diff: 0.7, Sum: 4.3]
         [Termination Attempts: Min: 33, Avg: 367.1, Max: 522, Diff: 489, Sum: 2937]
      [GC Worker Other (ms): Min: 0.0, Avg: 0.0, Max: 0.0, Diff: 0.0, Sum: 0.1]
      [GC Worker Total (ms): Min: 113.8, Avg: 113.8, Max: 113.9, Diff: 0.1, Sum: 910.6]
      [GC Worker End (ms): Min: 123845.1, Avg: 123845.1, Max: 123845.2, Diff: 0.1]
   [Code Root Fixup: 0.0 ms]
   [Code Root Purge: 0.0 ms]
   [Clear CT: 0.1 ms]
   [Other: 38.5 ms]
      [Evacuation Failure: 4.6 ms]
      [Choose CSet: 0.0 ms]
      [Ref Proc: 33.4 ms]
      [Ref Enq: 0.0 ms]
      [Redirty Cards: 0.3 ms]
      [Humongous Register: 0.0 ms]
      [Humongous Reclaim: 0.0 ms]
      [Free CSet: 0.1 ms]
   [Eden: 89.0M(89.0M)->0.0B(89.0M) Survivors: 13.0M->13.0M Heap: 1948.6M(2048.0M)->1954.1M(2048.0M)]
 [Times: user=0.87 sys=0.00, real=0.15 secs] 
124.007: [GC pause (G1 Evacuation Pause) (young)124.670: [SoftReference, 0 refs, 0.0000213 secs]124.670: [WeakReference, 3748 refs, 0.0002908 secs]124.670: [FinalReference, 0 refs, 0.0000032 secs]124.670: [PhantomReference, 0 refs, 0 refs, 0.0000031 secs]124.670: [JNI Weak Reference, 0.0000029 secs] (to-space exhausted), 0.7063738 secs]
   [Parallel Time: 660.7 ms, GC Workers: 8]
      [GC Worker Start (ms): Min: 124007.3, Avg: 124007.4, Max: 124007.5, Diff: 0.2]
      [Ext Root Scanning (ms): Min: 0.0, Avg: 0.1, Max: 0.2, Diff: 0.2, Sum: 0.9]
      [Update RS (ms): Min: 16.4, Avg: 17.4, Max: 20.9, Diff: 4.5, Sum: 139.1]
         [Processed Buffers: Min: 24, Avg: 36.1, Max: 47, Diff: 23, Sum: 289]
      [Scan RS (ms): Min: 0.0, Avg: 1.5, Max: 2.3, Diff: 2.3, Sum: 12.2]
      [Code Root Scanning (ms): Min: 0.0, Avg: 0.0, Max: 0.0, Diff: 0.0, Sum: 0.0]
      [Object Copy (ms): Min: 639.0, Avg: 641.1, Max: 641.9, Diff: 2.8, Sum: 5128.7]
      [Termination (ms): Min: 0.0, Avg: 0.5, Max: 0.6, Diff: 0.6, Sum: 4.0]
         [Termination Attempts: Min: 1, Avg: 5.0, Max: 7, Diff: 6, Sum: 40]
      [GC Worker Other (ms): Min: 0.0, Avg: 0.0, Max: 0.0, Diff: 0.0, Sum: 0.1]
      [GC Worker Total (ms): Min: 660.5, Avg: 660.6, Max: 660.7, Diff: 0.2, Sum: 5285.0]
      [GC Worker End (ms): Min: 124668.0, Avg: 124668.0, Max: 124668.0, Diff: 0.0]
   [Code Root Fixup: 0.0 ms]
   [Code Root Purge: 0.0 ms]
   [Clear CT: 0.1 ms]
   [Other: 45.5 ms]
      [Evacuation Failure: 43.1 ms]
      [Choose CSet: 0.0 ms]
      [Ref Proc: 2.1 ms]
      [Ref Enq: 0.0 ms]
      [Redirty Cards: 0.2 ms]
      [Humongous Register: 0.0 ms]
      [Humongous Reclaim: 0.0 ms]
      [Free CSet: 0.0 ms]
   [Eden: 89.0M(89.0M)->0.0B(101.0M) Survivors: 13.0M->1024.0K Heap: 2043.1M(2048.0M)->2046.1M(2048.0M)]
 [Times: user=1.11 sys=0.11, real=0.71 secs] 
124.714: [GC pause (G1 Evacuation Pause) (young)124.740: [SoftReference, 0 refs, 0.0000222 secs]124.740: [WeakReference, 0 refs, 0.0000034 secs]124.740: [FinalReference, 0 refs, 0.0000030 secs]124.740: [PhantomReference, 0 refs, 0 refs, 0.0000031 secs]124.740: [JNI Weak Reference, 0.0000028 secs] (to-space exhausted), 0.0288355 secs]
   [Parallel Time: 24.3 ms, GC Workers: 8]
      [GC Worker Start (ms): Min: 124713.9, Avg: 124714.2, Max: 124715.6, Diff: 1.7]
      [Ext Root Scanning (ms): Min: 0.0, Avg: 0.1, Max: 0.2, Diff: 0.2, Sum: 0.9]
      [Update RS (ms): Min: 12.7, Avg: 14.2, Max: 14.9, Diff: 2.2, Sum: 113.9]
         [Processed Buffers: Min: 21, Avg: 27.0, Max: 31, Diff: 10, Sum: 216]
      [Scan RS (ms): Min: 0.0, Avg: 0.0, Max: 0.0, Diff: 0.0, Sum: 0.0]
      [Code Root Scanning (ms): Min: 0.0, Avg: 0.0, Max: 0.0, Diff: 0.0, Sum: 0.0]
      [Object Copy (ms): Min: 9.1, Avg: 9.6, Max: 9.8, Diff: 0.7, Sum: 77.0]
      [Termination (ms): Min: 0.0, Avg: 0.0, Max: 0.1, Diff: 0.1, Sum: 0.3]
         [Termination Attempts: Min: 1, Avg: 4.0, Max: 9, Diff: 8, Sum: 32]
      [GC Worker Other (ms): Min: 0.0, Avg: 0.0, Max: 0.0, Diff: 0.0, Sum: 0.1]
      [GC Worker Total (ms): Min: 22.5, Avg: 24.0, Max: 24.3, Diff: 1.7, Sum: 192.1]
      [GC Worker End (ms): Min: 124738.2, Avg: 124738.2, Max: 124738.2, Diff: 0.0]
   [Code Root Fixup: 0.0 ms]
   [Code Root Purge: 0.0 ms]
   [Clear CT: 0.1 ms]
   [Other: 4.4 ms]
      [Evacuation Failure: 2.5 ms]
      [Choose CSet: 0.0 ms]
      [Ref Proc: 1.8 ms]
      [Ref Enq: 0.0 ms]
      [Redirty Cards: 0.1 ms]
      [Humongous Register: 0.0 ms]
      [Humongous Reclaim: 0.0 ms]
      [Free CSet: 0.0 ms]
   [Eden: 0.0B(101.0M)->0.0B(102.0M) Survivors: 1024.0K->0.0B Heap: 2046.1M(2048.0M)->2046.1M(2048.0M)]
 [Times: user=0.15 sys=0.01, real=0.03 secs] 
124.743: [Full GC (Allocation Failure) 125.059: [SoftReference, 0 refs, 0.0000251 secs]125.059: [WeakReference, 15 refs, 0.0000065 secs]125.059: [FinalReference, 2 refs, 0.0000038 secs]125.059: [PhantomReference, 0 refs, 0 refs, 0.0000038 secs]125.059: [JNI Weak Reference, 0.0000032 secs] 2046M->377M(1258M), 1.2161432 secs]
   [Eden: 0.0B(102.0M)->0.0B(172.0M) Survivors: 0.0B->0.0B Heap: 2046.1M(2048.0M)->377.3M(1258.0M)], [Metaspace: 3228K->3228K(1056768K)]
 [Times: user=1.70 sys=0.08, real=1.22 secs] 
125.959: [GC concurrent-mark-abort]
126.119: [GC pause (G1 Evacuation Pause) (young)126.279: [SoftReference, 0 refs, 0.0000259 secs]126.279: [WeakReference, 10 refs, 0.0000064 secs]126.279: [FinalReference, 0 refs, 0.0000031 secs]126.279: [PhantomReference, 0 refs, 0 refs, 0.0000035 secs]126.279: [JNI Weak Reference, 0.0000030 secs], 0.1611226 secs]
   [Parallel Time: 158.5 ms, GC Workers: 8]
      [GC Worker Start (ms): Min: 126119.4, Avg: 126119.4, Max: 126119.5, Diff: 0.1]
      [Ext Root Scanning (ms): Min: 0.1, Avg: 0.1, Max: 0.2, Diff: 0.1, Sum: 0.8]
      [Update RS (ms): Min: 0.0, Avg: 0.0, Max: 0.0, Diff: 0.0, Sum: 0.1]
         [Processed Buffers: Min: 0, Avg: 0.2, Max: 1, Diff: 1, Sum: 2]
      [Scan RS (ms): Min: 0.0, Avg: 0.0, Max: 0.0, Diff: 0.0, Sum: 0.1]
      [Code Root Scanning (ms): Min: 0.0, Avg: 0.0, Max: 0.0, Diff: 0.0, Sum: 0.0]
      [Object Copy (ms): Min: 156.3, Avg: 156.8, Max: 157.3, Diff: 1.0, Sum: 1254.3]
      [Termination (ms): Min: 0.9, Avg: 1.5, Max: 1.9, Diff: 1.0, Sum: 11.6]
         [Termination Attempts: Min: 696, Avg: 959.2, Max: 1124, Diff: 428, Sum: 7674]
      [GC Worker Other (ms): Min: 0.0, Avg: 0.0, Max: 0.0, Diff: 0.0, Sum: 0.1]
      [GC Worker Total (ms): Min: 158.3, Avg: 158.4, Max: 158.5, Diff: 0.1, Sum: 1267.1]
      [GC Worker End (ms): Min: 126277.8, Avg: 126277.8, Max: 126277.8, Diff: 0.0]
   [Code Root Fixup: 0.0 ms]
   [Code Root Purge: 0.1 ms]
   [Clear CT: 0.1 ms]
   [Other: 2.5 ms]
      [Choose CSet: 0.0 ms]
      [Ref Proc: 0.7 ms]
      [Ref Enq: 0.0 ms]
      [Redirty Cards: 0.5 ms]
      [Humongous Register: 0.0 ms]
      [Humongous Reclaim: 0.0 ms]
      [Free CSet: 0.1 ms]
   [Eden: 172.0M(172.0M)->0.0B(140.0M) Survivors: 0.0B->22.0M Heap: 549.3M(1258.0M)->551.8M(1416.0M)]
 [Times: user=1.21 sys=0.01, real=0.16 secs] 
126.497: [GC pause (G1 Evacuation Pause) (young)126.654: [SoftReference, 0 refs, 0.0000255 secs]126.654: [WeakReference, 7 refs, 0.0000064 secs]126.654: [FinalReference, 0 refs, 0.0000030 secs]126.654: [PhantomReference, 0 refs, 0 refs, 0.0000032 secs]126.654: [JNI Weak Reference, 0.0000029 secs], 0.1587748 secs]
   [Parallel Time: 157.1 ms, GC Workers: 8]
      [GC Worker Start (ms): Min: 126497.2, Avg: 126498.3, Max: 126499.7, Diff: 2.5]
      [Ext Root Scanning (ms): Min: 0.0, Avg: 0.1, Max: 0.2, Diff: 0.2, Sum: 0.6]
      [Update RS (ms): Min: 12.9, Avg: 14.2, Max: 15.3, Diff: 2.5, Sum: 113.9]
         [Processed Buffers: Min: 35, Avg: 39.6, Max: 44, Diff: 9, Sum: 317]
      [Scan RS (ms): Min: 0.0, Avg: 0.1, Max: 0.1, Diff: 0.1, Sum: 0.7]
      [Code Root Scanning (ms): Min: 0.0, Avg: 0.0, Max: 0.0, Diff: 0.0, Sum: 0.0]
      [Object Copy (ms): Min: 141.1, Avg: 141.1, Max: 141.2, Diff: 0.1, Sum: 1129.0]
      [Termination (ms): Min: 0.3, Avg: 0.3, Max: 0.4, Diff: 0.1, Sum: 2.7]
         [Termination Attempts: Min: 406, Avg: 453.6, Max: 480, Diff: 74, Sum: 3629]
      [GC Worker Other (ms): Min: 0.0, Avg: 0.0, Max: 0.1, Diff: 0.0, Sum: 0.3]
      [GC Worker Total (ms): Min: 154.5, Avg: 155.9, Max: 157.0, Diff: 2.5, Sum: 1247.2]
      [GC Worker End (ms): Min: 126654.2, Avg: 126654.2, Max: 126654.2, Diff: 0.0]
   [Code Root Fixup: 0.0 ms]
   [Code Root Purge: 0.0 ms]
   [Clear CT: 0.1 ms]
   [Other: 1.6 ms]
      [Choose CSet: 0.0 ms]
      [Ref Proc: 0.2 ms]
      [Ref Enq: 0.0 ms]
      [Redirty Cards: 0.4 ms]
      [Humongous Register: 0.0 ms]
      [Humongous Reclaim: 0.0 ms]
      [Free CSet: 0.1 ms]
   [Eden: 140.0M(140.0M)->0.0B(141.0M) Survivors: 22.0M->21.0M Heap: 691.8M(1416.0M)->692.8M(1543.0M)]
 [Times: user=1.15 sys=0.02, real=0.16 secs] 
126.869: [GC pause (G1 Evacuation Pause) (young)127.027: [SoftReference, 0 refs, 0.0000283 secs]127.027: [WeakReference, 0 refs, 0.0000033 secs]127.027: [FinalReference, 0 refs, 0.0000029 secs]127.027: [PhantomReference, 0 refs, 0 refs, 0.0000034 secs]127.027: [JNI Weak Reference, 0.0000029 secs], 0.1597116 secs]
   [Parallel Time: 158.0 ms, GC Workers: 8]
      [GC Worker Start (ms): Min: 126869.1, Avg: 126869.2, Max: 126869.2, Diff: 0.1]
      [Ext Root Scanning (ms): Min: 0.1, Avg: 0.1, Max: 0.2, Diff: 0.1, Sum: 0.9]
      [Update RS (ms): Min: 17.3, Avg: 17.3, Max: 17.3, Diff: 0.1, Sum: 138.2]
         [Processed Buffers: Min: 42, Avg: 43.5, Max: 45, Diff: 3, Sum: 348]
      [Scan RS (ms): Min: 0.3, Avg: 0.4, Max: 0.5, Diff: 0.1, Sum: 3.2]
      [Code Root Scanning (ms): Min: 0.0, Avg: 0.0, Max: 0.0, Diff: 0.0, Sum: 0.0]
      [Object Copy (ms): Min: 139.0, Avg: 139.2, Max: 139.5, Diff: 0.5, Sum: 1114.0]
      [Termination (ms): Min: 0.5, Avg: 0.8, Max: 1.1, Diff: 0.6, Sum: 6.5]
         [Termination Attempts: Min: 462, Avg: 668.4, Max: 742, Diff: 280, Sum: 5347]
      [GC Worker Other (ms): Min: 0.0, Avg: 0.0, Max: 0.1, Diff: 0.0, Sum: 0.3]
      [GC Worker Total (ms): Min: 157.9, Avg: 157.9, Max: 157.9, Diff: 0.1, Sum: 1263.1]
      [GC Worker End (ms): Min: 127027.0, Avg: 127027.0, Max: 127027.1, Diff: 0.0]
   [Code Root Fixup: 0.0 ms]
   [Code Root Purge: 0.0 ms]
   [Clear CT: 0.1 ms]
   [Other: 1.6 ms]
      [Choose CSet: 0.0 ms]
      [Ref Proc: 0.3 ms]
      [Ref Enq: 0.0 ms]
      [Redirty Cards: 0.4 ms]
      [Humongous Register: 0.0 ms]
      [Humongous Reclaim: 0.0 ms]
      [Free CSet: 0.1 ms]
   [Eden: 141.0M(141.0M)->0.0B(147.0M) Survivors: 21.0M->21.0M Heap: 833.8M(1543.0M)->836.3M(1644.0M)]
 [Times: user=1.24 sys=0.00, real=0.16 secs] 
127.231: [GC pause (G1 Evacuation Pause) (young) (initial-mark)127.402: [SoftReference, 0 refs, 0.0000250 secs]127.402: [WeakReference, 0 refs, 0.0000031 secs]127.402: [FinalReference, 0 refs, 0.0000028 secs]127.402: [PhantomReference, 0 refs, 0 refs, 0.0000031 secs]127.402: [JNI Weak Reference, 0.0000028 secs], 0.1724153 secs]
   [Parallel Time: 170.3 ms, GC Workers: 8]
      [GC Worker Start (ms): Min: 127231.4, Avg: 127231.4, Max: 127231.5, Diff: 0.1]
      [Ext Root Scanning (ms): Min: 0.1, Avg: 0.1, Max: 0.2, Diff: 0.1, Sum: 1.1]
      [Update RS (ms): Min: 20.3, Avg: 20.3, Max: 20.3, Diff: 0.1, Sum: 162.5]
         [Processed Buffers: Min: 46, Avg: 47.8, Max: 50, Diff: 4, Sum: 382]
      [Scan RS (ms): Min: 0.3, Avg: 0.3, Max: 0.4, Diff: 0.1, Sum: 2.4]
      [Code Root Scanning (ms): Min: 0.0, Avg: 0.0, Max: 0.0, Diff: 0.0, Sum: 0.0]
      [Object Copy (ms): Min: 149.2, Avg: 149.2, Max: 149.3, Diff: 0.1, Sum: 1194.0]
      [Termination (ms): Min: 0.1, Avg: 0.2, Max: 0.2, Diff: 0.0, Sum: 1.4]
         [Termination Attempts: Min: 200, Avg: 251.8, Max: 281, Diff: 81, Sum: 2014]
      [GC Worker Other (ms): Min: 0.0, Avg: 0.0, Max: 0.1, Diff: 0.1, Sum: 0.3]
      [GC Worker Total (ms): Min: 170.2, Avg: 170.2, Max: 170.3, Diff: 0.1, Sum: 1361.8]
      [GC Worker End (ms): Min: 127401.6, Avg: 127401.7, Max: 127401.7, Diff: 0.0]
   [Code Root Fixup: 0.0 ms]
   [Code Root Purge: 0.0 ms]
   [Clear CT: 0.1 ms]
   [Other: 2.0 ms]
      [Choose CSet: 0.0 ms]
      [Ref Proc: 0.7 ms]
      [Ref Enq: 0.0 ms]
      [Redirty Cards: 0.5 ms]
      [Humongous Register: 0.0 ms]
      [Humongous Reclaim: 0.0 ms]
      [Free CSet: 0.1 ms]
   [Eden: 147.0M(147.0M)->0.0B(152.0M) Survivors: 21.0M->21.0M Heap: 983.3M(1644.0M)->985.3M(1725.0M)]
 [Times: user=1.33 sys=0.00, real=0.17 secs] 
127.404: [GC concurrent-root-region-scan-start]
127.421: [GC concurrent-root-region-scan-end, 0.0169573 secs]
127.421: [GC concurrent-mark-start]
127.619: [GC pause (G1 Evacuation Pause) (young)127.804: [SoftReference, 0 refs, 0.0000381 secs]127.804: [WeakReference, 0 refs, 0.0000032 secs]127.804: [FinalReference, 0 refs, 0.0000028 secs]127.804: [PhantomReference, 0 refs, 0 refs, 0.0000030 secs]127.804: [JNI Weak Reference, 0.0000028 secs], 0.1859790 secs]
   [Parallel Time: 181.9 ms, GC Workers: 8]
      [GC Worker Start (ms): Min: 127619.4, Avg: 127620.4, Max: 127621.5, Diff: 2.1]
      [Ext Root Scanning (ms): Min: 0.0, Avg: 0.1, Max: 0.2, Diff: 0.2, Sum: 0.6]
      [Update RS (ms): Min: 17.3, Avg: 18.3, Max: 19.2, Diff: 1.9, Sum: 146.4]
         [Processed Buffers: Min: 37, Avg: 43.0, Max: 46, Diff: 9, Sum: 344]
      [Scan RS (ms): Min: 0.1, Avg: 0.2, Max: 0.3, Diff: 0.2, Sum: 2.0]
      [Code Root Scanning (ms): Min: 0.0, Avg: 0.0, Max: 0.0, Diff: 0.0, Sum: 0.0]
      [Object Copy (ms): Min: 161.2, Avg: 161.4, Max: 161.5, Diff: 0.3, Sum: 1291.0]
      [Termination (ms): Min: 0.6, Avg: 0.7, Max: 0.9, Diff: 0.3, Sum: 5.9]
         [Termination Attempts: Min: 568, Avg: 676.9, Max: 772, Diff: 204, Sum: 5415]
      [GC Worker Other (ms): Min: 0.0, Avg: 0.0, Max: 0.0, Diff: 0.0, Sum: 0.2]
      [GC Worker Total (ms): Min: 179.7, Avg: 180.8, Max: 181.8, Diff: 2.1, Sum: 1446.1]
      [GC Worker End (ms): Min: 127801.2, Avg: 127801.2, Max: 127801.2, Diff: 0.0]
   [Code Root Fixup: 0.0 ms]
   [Code Root Purge: 0.0 ms]
   [Clear CT: 0.1 ms]
   [Other: 4.0 ms]
      [Choose CSet: 0.0 ms]
      [Ref Proc: 2.8 ms]
      [Ref Enq: 0.0 ms]
      [Redirty Cards: 0.6 ms]
      [Humongous Register: 0.0 ms]
      [Humongous Reclaim: 0.0 ms]
      [Free CSet: 0.1 ms]
   [Eden: 152.0M(152.0M)->0.0B(149.0M) Survivors: 21.0M->22.0M Heap: 1137.3M(1725.0M)->1139.8M(1790.0M)]
 [Times: user=1.39 sys=0.00, real=0.18 secs] 
128.014: [GC pause (G1 Evacuation Pause) (young)128.197: [SoftReference, 0 refs, 0.0000235 secs]128.197: [WeakReference, 0 refs, 0.0000032 secs]128.197: [FinalReference, 0 refs, 0.0000028 secs]128.197: [PhantomReference, 0 refs, 0 refs, 0.0000031 secs]128.197: [JNI Weak Reference, 0.0000029 secs], 0.1843286 secs]
   [Parallel Time: 180.5 ms, GC Workers: 8]
      [GC Worker Start (ms): Min: 128014.1, Avg: 128014.2, Max: 128014.2, Diff: 0.1]
      [Ext Root Scanning (ms): Min: 0.1, Avg: 0.1, Max: 0.2, Diff: 0.1, Sum: 0.9]
      [Update RS (ms): Min: 18.6, Avg: 18.7, Max: 18.7, Diff: 0.1, Sum: 149.3]
         [Processed Buffers: Min: 44, Avg: 47.1, Max: 49, Diff: 5, Sum: 377]
      [Scan RS (ms): Min: 0.2, Avg: 0.3, Max: 0.3, Diff: 0.1, Sum: 2.1]
      [Code Root Scanning (ms): Min: 0.0, Avg: 0.0, Max: 0.0, Diff: 0.0, Sum: 0.0]
      [Object Copy (ms): Min: 160.9, Avg: 161.0, Max: 161.1, Diff: 0.1, Sum: 1287.9]
      [Termination (ms): Min: 0.2, Avg: 0.3, Max: 0.3, Diff: 0.1, Sum: 2.2]
         [Termination Attempts: Min: 287, Avg: 324.5, Max: 356, Diff: 69, Sum: 2596]
      [GC Worker Other (ms): Min: 0.0, Avg: 0.0, Max: 0.0, Diff: 0.0, Sum: 0.2]
      [GC Worker Total (ms): Min: 180.3, Avg: 180.3, Max: 180.4, Diff: 0.1, Sum: 1442.7]
      [GC Worker End (ms): Min: 128194.5, Avg: 128194.5, Max: 128194.5, Diff: 0.0]
   [Code Root Fixup: 0.0 ms]
   [Code Root Purge: 0.0 ms]
   [Clear CT: 0.1 ms]
   [Other: 3.8 ms]
      [Choose CSet: 0.0 ms]
      [Ref Proc: 2.6 ms]
      [Ref Enq: 0.0 ms]
      [Redirty Cards: 0.6 ms]
      [Humongous Register: 0.1 ms]
      [Humongous Reclaim: 0.0 ms]
      [Free CSet: 0.1 ms]
   [Eden: 149.0M(149.0M)->0.0B(151.0M) Survivors: 22.0M->22.0M Heap: 1288.8M(1790.0M)->1290.8M(1842.0M)]
 [Times: user=1.41 sys=0.00, real=0.18 secs] 
128.437: [GC pause (G1 Evacuation Pause) (young)128.625: [SoftReference, 0 refs, 0.0000237 secs]128.625: [WeakReference, 0 refs, 0.0000031 secs]128.625: [FinalReference, 0 refs, 0.0000028 secs]128.625: [PhantomReference, 0 refs, 0 refs, 0.0000033 secs]128.625: [JNI Weak Reference, 0.0000029 secs], 0.1884838 secs]
   [Parallel Time: 184.1 ms, GC Workers: 8]
      [GC Worker Start (ms): Min: 128437.5, Avg: 128437.6, Max: 128437.6, Diff: 0.1]
      [Ext Root Scanning (ms): Min: 0.1, Avg: 0.1, Max: 0.2, Diff: 0.1, Sum: 0.9]
      [Update RS (ms): Min: 22.1, Avg: 22.2, Max: 22.3, Diff: 0.1, Sum: 177.7]
         [Processed Buffers: Min: 50, Avg: 51.8, Max: 54, Diff: 4, Sum: 414]
      [Scan RS (ms): Min: 0.3, Avg: 0.3, Max: 0.4, Diff: 0.1, Sum: 2.8]
      [Code Root Scanning (ms): Min: 0.0, Avg: 0.0, Max: 0.0, Diff: 0.0, Sum: 0.0]
      [Object Copy (ms): Min: 160.3, Avg: 160.4, Max: 161.0, Diff: 0.7, Sum: 1283.6]
      [Termination (ms): Min: 0.3, Avg: 0.9, Max: 1.0, Diff: 0.7, Sum: 7.1]
         [Termination Attempts: Min: 342, Avg: 400.1, Max: 463, Diff: 121, Sum: 3201]
      [GC Worker Other (ms): Min: 0.0, Avg: 0.0, Max: 0.0, Diff: 0.0, Sum: 0.1]
      [GC Worker Total (ms): Min: 184.0, Avg: 184.0, Max: 184.1, Diff: 0.1, Sum: 1472.1]
      [GC Worker End (ms): Min: 128621.6, Avg: 128621.6, Max: 128621.6, Diff: 0.0]
   [Code Root Fixup: 0.0 ms]
   [Code Root Purge: 0.0 ms]
   [Clear CT: 0.2 ms]
   [Other: 4.2 ms]
      [Choose CSet: 0.0 ms]
      [Ref Proc: 3.3 ms]
      [Ref Enq: 0.0 ms]
      [Redirty Cards: 0.4 ms]
      [Humongous Register: 0.0 ms]
      [Humongous Reclaim: 0.0 ms]
      [Free CSet: 0.1 ms]
   [Eden: 151.0M(151.0M)->0.0B(125.0M) Survivors: 22.0M->22.0M Heap: 1441.8M(1842.0M)->1443.3M(1884.0M)]
 [Times: user=1.42 sys=0.00, real=0.19 secs] 
128.849: [GC pause (G1 Evacuation Pause) (young)129.012: [SoftReference, 0 refs, 0.0000253 secs]129.012: [WeakReference, 0 refs, 0.0000040 secs]129.012: [FinalReference, 0 refs, 0.0000042 secs]129.012: [PhantomReference, 0 refs, 0 refs, 0.0000033 secs]129.012: [JNI Weak Reference, 0.0000030 secs], 0.1640331 secs]
   [Parallel Time: 160.3 ms, GC Workers: 8]
      [GC Worker Start (ms): Min: 128848.6, Avg: 128848.7, Max: 128848.7, Diff: 0.1]
      [Ext Root Scanning (ms): Min: 0.1, Avg: 0.1, Max: 0.2, Diff: 0.1, Sum: 0.9]
      [Update RS (ms): Min: 21.3, Avg: 21.4, Max: 21.5, Diff: 0.2, Sum: 170.9]
         [Processed Buffers: Min: 44, Avg: 46.5, Max: 49, Diff: 5, Sum: 372]
      [Scan RS (ms): Min: 0.4, Avg: 0.5, Max: 0.6, Diff: 0.2, Sum: 4.1]
      [Code Root Scanning (ms): Min: 0.0, Avg: 0.0, Max: 0.0, Diff: 0.0, Sum: 0.0]
      [Object Copy (ms): Min: 135.4, Avg: 137.2, Max: 137.9, Diff: 2.5, Sum: 1097.9]
      [Termination (ms): Min: 0.2, Avg: 0.9, Max: 2.7, Diff: 2.5, Sum: 7.2]
         [Termination Attempts: Min: 258, Avg: 609.9, Max: 754, Diff: 496, Sum: 4879]
      [GC Worker Other (ms): Min: 0.0, Avg: 0.0, Max: 0.0, Diff: 0.0, Sum: 0.2]
      [GC Worker Total (ms): Min: 160.1, Avg: 160.2, Max: 160.2, Diff: 0.1, Sum: 1281.3]
      [GC Worker End (ms): Min: 129008.8, Avg: 129008.8, Max: 129008.9, Diff: 0.0]
   [Code Root Fixup: 0.0 ms]
   [Code Root Purge: 0.0 ms]
   [Clear CT: 0.1 ms]
   [Other: 3.6 ms]
      [Choose CSet: 0.0 ms]
      [Ref Proc: 2.8 ms]
      [Ref Enq: 0.0 ms]
      [Redirty Cards: 0.4 ms]
      [Humongous Register: 0.0 ms]
      [Humongous Reclaim: 0.0 ms]
      [Free CSet: 0.1 ms]
   [Eden: 125.0M(125.0M)->0.0B(76.0M) Survivors: 22.0M->19.0M Heap: 1568.3M(1884.0M)->1569.8M(1917.0M)]
 [Times: user=1.23 sys=0.01, real=0.17 secs] 
129.055: [GC concurrent-mark-end, 1.6345235 secs]
129.055: [GC remark 129.055: [Finalize Marking, 0.0006871 secs] 129.056: [GC ref-proc129.056: [SoftReference, 0 refs, 0.0000117 secs]129.056: [WeakReference, 203578 refs, 0.0202991 secs]129.076: [FinalReference, 33 refs, 0.0000146 secs]129.076: [PhantomReference, 0 refs, 0 refs, 0.0000139 secs]129.076: [JNI Weak Reference, 0.0000034 secs], 0.0203806 secs] 129.076: [Unloading, 0.0005293 secs], 0.0249672 secs]
 [Times: user=0.05 sys=0.00, real=0.03 secs] 
129.081: [GC cleanup 1576M->1576M(1917M), 0.0020045 secs]
 [Times: user=0.01 sys=0.00, real=0.00 secs] 
129.168: [GC pause (G1 Evacuation Pause) (young)129.277: [SoftReference, 0 refs, 0.0000280 secs]129.277: [WeakReference, 0 refs, 0.0000035 secs]129.277: [FinalReference, 0 refs, 0.0000032 secs]129.277: [PhantomReference, 0 refs, 0 refs, 0.0000034 secs]129.277: [JNI Weak Reference, 0.0000030 secs], 0.1093594 secs]
   [Parallel Time: 108.2 ms, GC Workers: 8]
      [GC Worker Start (ms): Min: 129168.3, Avg: 129168.3, Max: 129168.4, Diff: 0.1]
      [Ext Root Scanning (ms): Min: 0.1, Avg: 0.1, Max: 0.2, Diff: 0.1, Sum: 0.9]
      [Update RS (ms): Min: 23.4, Avg: 23.5, Max: 23.6, Diff: 0.2, Sum: 187.8]
         [Processed Buffers: Min: 53, Avg: 54.9, Max: 58, Diff: 5, Sum: 439]
      [Scan RS (ms): Min: 0.1, Avg: 0.2, Max: 0.3, Diff: 0.2, Sum: 2.0]
      [Code Root Scanning (ms): Min: 0.0, Avg: 0.0, Max: 0.0, Diff: 0.0, Sum: 0.0]
      [Object Copy (ms): Min: 84.0, Avg: 84.1, Max: 84.1, Diff: 0.1, Sum: 672.8]
      [Termination (ms): Min: 0.1, Avg: 0.1, Max: 0.2, Diff: 0.1, Sum: 1.0]
         [Termination Attempts: Min: 128, Avg: 154.4, Max: 178, Diff: 50, Sum: 1235]
      [GC Worker Other (ms): Min: 0.0, Avg: 0.0, Max: 0.1, Diff: 0.1, Sum: 0.3]
      [GC Worker Total (ms): Min: 108.0, Avg: 108.1, Max: 108.1, Diff: 0.1, Sum: 864.8]
      [GC Worker End (ms): Min: 129276.4, Avg: 129276.4, Max: 129276.5, Diff: 0.1]
   [Code Root Fixup: 0.0 ms]
   [Code Root Purge: 0.0 ms]
   [Clear CT: 0.1 ms]
   [Other: 1.0 ms]
      [Choose CSet: 0.0 ms]
      [Ref Proc: 0.3 ms]
      [Ref Enq: 0.0 ms]
      [Redirty Cards: 0.3 ms]
      [Humongous Register: 0.0 ms]
      [Humongous Reclaim: 0.0 ms]
      [Free CSet: 0.1 ms]
   [Eden: 76.0M(76.0M)->0.0B(85.0M) Survivors: 19.0M->12.0M Heap: 1645.8M(1917.0M)->1647.8M(1944.0M)]
 [Times: user=0.84 sys=0.01, real=0.11 secs] 
129.375: [GC pause (G1 Evacuation Pause) (young)129.483: [SoftReference, 0 refs, 0.0000260 secs]129.484: [WeakReference, 0 refs, 0.0000035 secs]129.484: [FinalReference, 0 refs, 0.0000030 secs]129.484: [PhantomReference, 0 refs, 0 refs, 0.0000034 secs]129.484: [JNI Weak Reference, 0.0000031 secs], 0.1091724 secs]
   [Parallel Time: 108.2 ms, GC Workers: 8]
      [GC Worker Start (ms): Min: 129375.1, Avg: 129375.2, Max: 129375.3, Diff: 0.1]
      [Ext Root Scanning (ms): Min: 0.1, Avg: 0.1, Max: 0.2, Diff: 0.1, Sum: 0.9]
      [Update RS (ms): Min: 17.4, Avg: 17.4, Max: 17.5, Diff: 0.1, Sum: 139.5]
         [Processed Buffers: Min: 32, Avg: 37.5, Max: 40, Diff: 8, Sum: 300]
      [Scan RS (ms): Min: 0.6, Avg: 0.6, Max: 0.7, Diff: 0.1, Sum: 4.8]
      [Code Root Scanning (ms): Min: 0.0, Avg: 0.0, Max: 0.0, Diff: 0.0, Sum: 0.0]
      [Object Copy (ms): Min: 89.6, Avg: 89.7, Max: 89.8, Diff: 0.2, Sum: 717.5]
      [Termination (ms): Min: 0.1, Avg: 0.2, Max: 0.3, Diff: 0.2, Sum: 2.0]
         [Termination Attempts: Min: 192, Avg: 244.0, Max: 299, Diff: 107, Sum: 1952]
      [GC Worker Other (ms): Min: 0.0, Avg: 0.0, Max: 0.0, Diff: 0.0, Sum: 0.2]
      [GC Worker Total (ms): Min: 108.0, Avg: 108.1, Max: 108.2, Diff: 0.1, Sum: 864.8]
      [GC Worker End (ms): Min: 129483.3, Avg: 129483.3, Max: 129483.3, Diff: 0.0]
   [Code Root Fixup: 0.0 ms]
   [Code Root Purge: 0.0 ms]
   [Clear CT: 0.1 ms]
   [Other: 0.8 ms]
      [Choose CSet: 0.0 ms]
      [Ref Proc: 0.2 ms]
      [Ref Enq: 0.0 ms]
      [Redirty Cards: 0.3 ms]
      [Humongous Register: 0.0 ms]
      [Humongous Reclaim: 0.0 ms]
      [Free CSet: 0.1 ms]
   [Eden: 85.0M(85.0M)->0.0B(85.0M) Survivors: 12.0M->13.0M Heap: 1732.8M(1944.0M)->1734.3M(1965.0M)]
 [Times: user=0.81 sys=0.01, real=0.11 secs] 
129.580: [GC pause (G1 Evacuation Pause) (young) (initial-mark)129.690: [SoftReference, 0 refs, 0.0000288 secs]129.690: [WeakReference, 0 refs, 0.0000033 secs]129.690: [FinalReference, 0 refs, 0.0000029 secs]129.690: [PhantomReference, 0 refs, 0 refs, 0.0000034 secs]129.690: [JNI Weak Reference, 0.0000030 secs], 0.1114731 secs]
   [Parallel Time: 110.3 ms, GC Workers: 8]
      [GC Worker Start (ms): Min: 129579.7, Avg: 129579.8, Max: 129579.8, Diff: 0.1]
      [Ext Root Scanning (ms): Min: 0.1, Avg: 0.1, Max: 0.2, Diff: 0.1, Sum: 0.9]
      [Update RS (ms): Min: 19.5, Avg: 19.6, Max: 20.0, Diff: 0.5, Sum: 156.9]
         [Processed Buffers: Min: 20, Avg: 41.1, Max: 46, Diff: 26, Sum: 329]
      [Scan RS (ms): Min: 0.0, Avg: 0.3, Max: 0.6, Diff: 0.5, Sum: 2.8]
      [Code Root Scanning (ms): Min: 0.0, Avg: 0.0, Max: 0.0, Diff: 0.0, Sum: 0.0]
      [Object Copy (ms): Min: 89.7, Avg: 89.8, Max: 89.9, Diff: 0.2, Sum: 718.7]
      [Termination (ms): Min: 0.1, Avg: 0.2, Max: 0.4, Diff: 0.3, Sum: 1.9]
         [Termination Attempts: Min: 121, Avg: 222.6, Max: 257, Diff: 136, Sum: 1781]
      [GC Worker Other (ms): Min: 0.0, Avg: 0.0, Max: 0.1, Diff: 0.0, Sum: 0.3]
      [GC Worker Total (ms): Min: 110.1, Avg: 110.2, Max: 110.2, Diff: 0.1, Sum: 881.5]
      [GC Worker End (ms): Min: 129690.0, Avg: 129690.0, Max: 129690.0, Diff: 0.0]
   [Code Root Fixup: 0.0 ms]
   [Code Root Purge: 0.0 ms]
   [Clear CT: 0.1 ms]
   [Other: 1.0 ms]
      [Choose CSet: 0.0 ms]
      [Ref Proc: 0.4 ms]
      [Ref Enq: 0.0 ms]
      [Redirty Cards: 0.3 ms]
      [Humongous Register: 0.0 ms]
      [Humongous Reclaim: 0.0 ms]
      [Free CSet: 0.0 ms]
   [Eden: 85.0M(85.0M)->0.0B(86.0M) Survivors: 13.0M->13.0M Heap: 1819.3M(1965.0M)->1821.3M(1982.0M)]
 [Times: user=0.86 sys=0.00, real=0.11 secs] 
129.691: [GC concurrent-root-region-scan-start]
129.698: [GC concurrent-root-region-scan-end, 0.0067338 secs]
129.698: [GC concurrent-mark-start]
129.792: [GC pause (G1 Evacuation Pause) (young)129.912: [SoftReference, 0 refs, 0.0000279 secs]129.913: [WeakReference, 0 refs, 0.0000048 secs]129.913: [FinalReference, 0 refs, 0.0000040 secs]129.913: [PhantomReference, 0 refs, 0 refs, 0.0000050 secs]129.913: [JNI Weak Reference, 0.0000037 secs], 0.1210050 secs]
   [Parallel Time: 116.8 ms, GC Workers: 8]
      [GC Worker Start (ms): Min: 129792.3, Avg: 129792.3, Max: 129792.5, Diff: 0.3]
      [Ext Root Scanning (ms): Min: 0.0, Avg: 0.1, Max: 0.2, Diff: 0.2, Sum: 1.0]
      [Update RS (ms): Min: 20.8, Avg: 20.9, Max: 21.2, Diff: 0.4, Sum: 167.5]
         [Processed Buffers: Min: 43, Avg: 45.1, Max: 48, Diff: 5, Sum: 361]
      [Scan RS (ms): Min: 0.1, Avg: 0.4, Max: 0.5, Diff: 0.4, Sum: 3.1]
      [Code Root Scanning (ms): Min: 0.0, Avg: 0.0, Max: 0.0, Diff: 0.0, Sum: 0.0]
      [Object Copy (ms): Min: 93.9, Avg: 94.4, Max: 94.9, Diff: 1.0, Sum: 754.9]
      [Termination (ms): Min: 0.3, Avg: 0.8, Max: 1.3, Diff: 1.0, Sum: 6.7]
         [Termination Attempts: Min: 248, Avg: 271.2, Max: 311, Diff: 63, Sum: 2170]
      [GC Worker Other (ms): Min: 0.0, Avg: 0.0, Max: 0.0, Diff: 0.0, Sum: 0.2]
      [GC Worker Total (ms): Min: 116.5, Avg: 116.7, Max: 116.8, Diff: 0.3, Sum: 933.5]
      [GC Worker End (ms): Min: 129909.0, Avg: 129909.0, Max: 129909.0, Diff: 0.0]
   [Code Root Fixup: 0.0 ms]
   [Code Root Purge: 0.0 ms]
   [Clear CT: 0.1 ms]
   [Other: 4.1 ms]
      [Choose CSet: 0.0 ms]
      [Ref Proc: 3.5 ms]
      [Ref Enq: 0.0 ms]
      [Redirty Cards: 0.3 ms]
      [Humongous Register: 0.0 ms]
      [Humongous Reclaim: 0.0 ms]
      [Free CSet: 0.1 ms]
   [Eden: 86.0M(86.0M)->0.0B(87.0M) Survivors: 13.0M->13.0M Heap: 1907.3M(1982.0M)->1908.8M(2018.0M)]
 [Times: user=0.90 sys=0.01, real=0.12 secs] 
130.013: [GC pause (G1 Evacuation Pause) (young)130.278: [SoftReference, 0 refs, 0.0000219 secs]130.278: [WeakReference, 0 refs, 0.0000030 secs]130.278: [FinalReference, 0 refs, 0.0000027 secs]130.278: [PhantomReference, 0 refs, 0 refs, 0.0000032 secs]130.278: [JNI Weak Reference, 0.0000027 secs] (to-space exhausted), 0.2837204 secs]
   [Parallel Time: 261.6 ms, GC Workers: 8]
      [GC Worker Start (ms): Min: 130013.0, Avg: 130013.1, Max: 130013.2, Diff: 0.2]
      [Ext Root Scanning (ms): Min: 0.0, Avg: 0.1, Max: 0.2, Diff: 0.2, Sum: 0.8]
      [Update RS (ms): Min: 18.6, Avg: 18.7, Max: 18.8, Diff: 0.2, Sum: 149.3]
         [Processed Buffers: Min: 38, Avg: 40.6, Max: 42, Diff: 4, Sum: 325]
      [Scan RS (ms): Min: 0.6, Avg: 0.8, Max: 0.9, Diff: 0.3, Sum: 6.2]
      [Code Root Scanning (ms): Min: 0.0, Avg: 0.0, Max: 0.0, Diff: 0.0, Sum: 0.0]
      [Object Copy (ms): Min: 241.2, Avg: 241.4, Max: 241.8, Diff: 0.6, Sum: 1931.0]
      [Termination (ms): Min: 0.0, Avg: 0.5, Max: 0.7, Diff: 0.7, Sum: 4.2]
         [Termination Attempts: Min: 2, Avg: 27.5, Max: 46, Diff: 44, Sum: 220]
      [GC Worker Other (ms): Min: 0.0, Avg: 0.0, Max: 0.0, Diff: 0.0, Sum: 0.1]
      [GC Worker Total (ms): Min: 261.4, Avg: 261.4, Max: 261.5, Diff: 0.2, Sum: 2091.5]
      [GC Worker End (ms): Min: 130274.6, Avg: 130274.6, Max: 130274.6, Diff: 0.0]
   [Code Root Fixup: 0.0 ms]
   [Code Root Purge: 0.0 ms]
   [Clear CT: 0.1 ms]
   [Other: 22.0 ms]
      [Evacuation Failure: 18.6 ms]
      [Choose CSet: 0.0 ms]
      [Ref Proc: 3.0 ms]
      [Ref Enq: 0.0 ms]
      [Redirty Cards: 0.2 ms]
      [Humongous Register: 0.0 ms]
      [Humongous Reclaim: 0.0 ms]
      [Free CSet: 0.1 ms]
   [Eden: 87.0M(87.0M)->0.0B(89.0M) Survivors: 13.0M->13.0M Heap: 1995.8M(2018.0M)->1999.3M(2048.0M)]
 [Times: user=0.77 sys=0.02, real=0.28 secs] 
130.349: [GC pause (G1 Evacuation Pause) (young)130.696: [SoftReference, 0 refs, 0.0000239 secs]130.696: [WeakReference, 0 refs, 0.0000029 secs]130.696: [FinalReference, 0 refs, 0.0000026 secs]130.696: [PhantomReference, 0 refs, 0 refs, 0.0000031 secs]130.696: [JNI Weak Reference, 0.0000033 secs] (to-space exhausted), 0.3680080 secs]
   [Parallel Time: 344.1 ms, GC Workers: 8]
      [GC Worker Start (ms): Min: 130348.9, Avg: 130348.9, Max: 130349.0, Diff: 0.1]
      [Ext Root Scanning (ms): Min: 0.1, Avg: 0.1, Max: 0.2, Diff: 0.1, Sum: 0.9]
      [Update RS (ms): Min: 12.7, Avg: 12.8, Max: 12.9, Diff: 0.2, Sum: 102.0]
         [Processed Buffers: Min: 24, Avg: 27.0, Max: 31, Diff: 7, Sum: 216]
      [Scan RS (ms): Min: 0.0, Avg: 0.0, Max: 0.0, Diff: 0.0, Sum: 0.1]
      [Code Root Scanning (ms): Min: 0.0, Avg: 0.0, Max: 0.0, Diff: 0.0, Sum: 0.0]
      [Object Copy (ms): Min: 330.6, Avg: 330.9, Max: 331.0, Diff: 0.4, Sum: 2647.2]
      [Termination (ms): Min: 0.0, Avg: 0.1, Max: 0.2, Diff: 0.2, Sum: 0.6]
         [Termination Attempts: Min: 1, Avg: 1.8, Max: 3, Diff: 2, Sum: 14]
      [GC Worker Other (ms): Min: 0.0, Avg: 0.0, Max: 0.0, Diff: 0.0, Sum: 0.1]
      [GC Worker Total (ms): Min: 343.8, Avg: 343.9, Max: 343.9, Diff: 0.1, Sum: 2750.9]
      [GC Worker End (ms): Min: 130692.8, Avg: 130692.8, Max: 130692.8, Diff: 0.1]
   [Code Root Fixup: 0.0 ms]
   [Code Root Purge: 0.0 ms]
   [Clear CT: 0.1 ms]
   [Other: 23.8 ms]
      [Evacuation Failure: 20.6 ms]
      [Choose CSet: 0.0 ms]
      [Ref Proc: 3.0 ms]
      [Ref Enq: 0.0 ms]
      [Redirty Cards: 0.1 ms]
      [Humongous Register: 0.0 ms]
      [Humongous Reclaim: 0.0 ms]
      [Free CSet: 0.0 ms]
   [Eden: 47.0M(89.0M)->0.0B(102.0M) Survivors: 13.0M->0.0B Heap: 2046.3M(2048.0M)->2046.3M(2048.0M)]
 [Times: user=0.55 sys=0.00, real=0.36 secs] 
130.717: [GC pause (G1 Evacuation Pause) (young)130.724: [SoftReference, 0 refs, 0.0000156 secs]130.724: [WeakReference, 0 refs, 0.0000030 secs]130.724: [FinalReference, 0 refs, 0.0000026 secs]130.724: [PhantomReference, 0 refs, 0 refs, 0.0000031 secs]130.724: [JNI Weak Reference, 0.0000024 secs], 0.0072033 secs]
   [Parallel Time: 3.9 ms, GC Workers: 8]
      [GC Worker Start (ms): Min: 130717.1, Avg: 130717.2, Max: 130717.3, Diff: 0.1]
      [Ext Root Scanning (ms): Min: 0.1, Avg: 0.1, Max: 0.2, Diff: 0.1, Sum: 0.9]
      [Update RS (ms): Min: 3.3, Avg: 3.4, Max: 3.5, Diff: 0.2, Sum: 27.1]
         [Processed Buffers: Min: 13, Avg: 15.1, Max: 17, Diff: 4, Sum: 121]
      [Scan RS (ms): Min: 0.0, Avg: 0.0, Max: 0.0, Diff: 0.0, Sum: 0.0]
      [Code Root Scanning (ms): Min: 0.0, Avg: 0.0, Max: 0.0, Diff: 0.0, Sum: 0.0]
      [Object Copy (ms): Min: 0.0, Avg: 0.0, Max: 0.0, Diff: 0.0, Sum: 0.0]
      [Termination (ms): Min: 0.0, Avg: 0.2, Max: 0.4, Diff: 0.4, Sum: 1.6]
         [Termination Attempts: Min: 1, Avg: 1.0, Max: 1, Diff: 0, Sum: 8]
      [GC Worker Other (ms): Min: 0.0, Avg: 0.0, Max: 0.0, Diff: 0.0, Sum: 0.0]
      [GC Worker Total (ms): Min: 3.6, Avg: 3.7, Max: 3.9, Diff: 0.3, Sum: 29.6]
      [GC Worker End (ms): Min: 130720.8, Avg: 130720.9, Max: 130721.0, Diff: 0.2]
   [Code Root Fixup: 0.0 ms]
   [Code Root Purge: 0.0 ms]
   [Clear CT: 0.1 ms]
   [Other: 3.2 ms]
      [Choose CSet: 0.0 ms]
      [Ref Proc: 2.9 ms]
      [Ref Enq: 0.0 ms]
      [Redirty Cards: 0.2 ms]
      [Humongous Register: 0.0 ms]
      [Humongous Reclaim: 0.0 ms]
      [Free CSet: 0.0 ms]
   [Eden: 0.0B(102.0M)->0.0B(102.0M) Survivors: 0.0B->0.0B Heap: 2046.3M(2048.0M)->2046.3M(2048.0M)]
 [Times: user=0.05 sys=0.00, real=0.01 secs] 
130.724: [Full GC (Allocation Failure) 131.999: [SoftReference, 0 refs, 0.0000261 secs]131.999: [WeakReference, 1048561 refs, 0.0590509 secs]132.058: [FinalReference, 2 refs, 0.0000085 secs]132.058: [PhantomReference, 0 refs, 0 refs, 0.0000045 secs]132.058: [JNI Weak Reference, 0.0000037 secs] 2046M->1691M(2048M), 3.2820137 secs]
   [Eden: 0.0B(102.0M)->0.0B(102.0M) Survivors: 0.0B->0.0B Heap: 2046.3M(2048.0M)->1691.1M(2048.0M)], [Metaspace: 3228K->3228K(1056768K)]
 [Times: user=5.10 sys=0.03, real=3.28 secs] 
134.007: [GC concurrent-mark-abort]
134.487: [GC pause (G1 Evacuation Pause) (young)134.600: [SoftReference, 0 refs, 0.0000421 secs]134.600: [WeakReference, 359980 refs, 0.0364020 secs]134.636: [FinalReference, 0 refs, 0.0000071 secs]134.636: [PhantomReference, 0 refs, 0 refs, 0.0000052 secs]134.636: [JNI Weak Reference, 0.0000036 secs], 0.1500507 secs]
   [Parallel Time: 112.0 ms, GC Workers: 8]
      [GC Worker Start (ms): Min: 134487.2, Avg: 134491.0, Max: 134497.4, Diff: 10.2]
      [Ext Root Scanning (ms): Min: 0.0, Avg: 0.1, Max: 0.2, Diff: 0.2, Sum: 0.6]
      [Update RS (ms): Min: 8.9, Avg: 15.2, Max: 19.1, Diff: 10.3, Sum: 121.7]
         [Processed Buffers: Min: 19, Avg: 45.8, Max: 75, Diff: 56, Sum: 366]
      [Scan RS (ms): Min: 0.0, Avg: 0.0, Max: 0.1, Diff: 0.0, Sum: 0.1]
      [Code Root Scanning (ms): Min: 0.0, Avg: 0.0, Max: 0.0, Diff: 0.0, Sum: 0.0]
      [Object Copy (ms): Min: 92.6, Avg: 92.7, Max: 92.9, Diff: 0.3, Sum: 742.0]
      [Termination (ms): Min: 0.1, Avg: 0.1, Max: 0.1, Diff: 0.0, Sum: 0.8]
         [Termination Attempts: Min: 151, Avg: 167.5, Max: 194, Diff: 43, Sum: 1340]
      [GC Worker Other (ms): Min: 0.0, Avg: 0.0, Max: 0.1, Diff: 0.0, Sum: 0.2]
      [GC Worker Total (ms): Min: 101.8, Avg: 108.2, Max: 112.0, Diff: 10.2, Sum: 865.4]
      [GC Worker End (ms): Min: 134599.2, Avg: 134599.2, Max: 134599.2, Diff: 0.0]
   [Code Root Fixup: 0.0 ms]
   [Code Root Purge: 0.1 ms]
   [Clear CT: 0.1 ms]
   [Other: 37.8 ms]
      [Choose CSet: 0.0 ms]
      [Ref Proc: 37.2 ms]
      [Ref Enq: 0.0 ms]
      [Redirty Cards: 0.4 ms]
      [Humongous Register: 0.0 ms]
      [Humongous Reclaim: 0.0 ms]
      [Free CSet: 0.1 ms]
   [Eden: 102.0M(102.0M)->0.0B(89.0M) Survivors: 0.0B->13.0M Heap: 1793.1M(2048.0M)->1822.5M(2048.0M)]
 [Times: user=0.87 sys=0.00, real=0.15 secs] 
134.735: [GC pause (G1 Evacuation Pause) (young) (initial-mark)134.859: [SoftReference, 0 refs, 0.0000247 secs]134.859: [WeakReference, 311805 refs, 0.0309442 secs]134.890: [FinalReference, 0 refs, 0.0000070 secs]134.890: [PhantomReference, 0 refs, 0 refs, 0.0000041 secs]134.890: [JNI Weak Reference, 0.0000034 secs], 0.1550795 secs]
   [Parallel Time: 122.9 ms, GC Workers: 8]
      [GC Worker Start (ms): Min: 134735.6, Avg: 134735.6, Max: 134735.7, Diff: 0.1]
      [Ext Root Scanning (ms): Min: 0.1, Avg: 0.1, Max: 0.2, Diff: 0.1, Sum: 1.0]
      [Update RS (ms): Min: 23.9, Avg: 24.2, Max: 24.8, Diff: 0.9, Sum: 193.8]
         [Processed Buffers: Min: 49, Avg: 50.6, Max: 52, Diff: 3, Sum: 405]
      [Scan RS (ms): Min: 1.0, Avg: 1.6, Max: 1.9, Diff: 0.9, Sum: 12.5]
      [Code Root Scanning (ms): Min: 0.0, Avg: 0.0, Max: 0.0, Diff: 0.0, Sum: 0.0]
      [Object Copy (ms): Min: 96.7, Avg: 96.7, Max: 96.7, Diff: 0.0, Sum: 773.7]
      [Termination (ms): Min: 0.1, Avg: 0.1, Max: 0.2, Diff: 0.1, Sum: 1.1]
         [Termination Attempts: Min: 74, Avg: 96.5, Max: 121, Diff: 47, Sum: 772]
      [GC Worker Other (ms): Min: 0.0, Avg: 0.0, Max: 0.0, Diff: 0.0, Sum: 0.1]
      [GC Worker Total (ms): Min: 122.7, Avg: 122.8, Max: 122.8, Diff: 0.1, Sum: 982.2]
      [GC Worker End (ms): Min: 134858.4, Avg: 134858.4, Max: 134858.4, Diff: 0.0]
   [Code Root Fixup: 0.0 ms]
   [Code Root Purge: 0.0 ms]
   [Clear CT: 0.1 ms]
   [Other: 32.1 ms]
      [Choose CSet: 0.0 ms]
      [Ref Proc: 31.4 ms]
      [Ref Enq: 0.0 ms]
      [Redirty Cards: 0.4 ms]
      [Humongous Register: 0.0 ms]
      [Humongous Reclaim: 0.0 ms]
      [Free CSet: 0.1 ms]
   [Eden: 89.0M(89.0M)->0.0B(89.0M) Survivors: 13.0M->13.0M Heap: 1911.5M(2048.0M)->1912.6M(2048.0M)]
 [Times: user=0.99 sys=0.01, real=0.16 secs] 
134.891: [GC concurrent-root-region-scan-start]
134.925: [GC concurrent-root-region-scan-end, 0.0346087 secs]
134.925: [GC concurrent-mark-start]
135.055: [GC pause (G1 Evacuation Pause) (young)135.363: [SoftReference, 0 refs, 0.0000235 secs]135.363: [WeakReference, 273071 refs, 0.0281574 secs]135.391: [FinalReference, 0 refs, 0.0000051 secs]135.391: [PhantomReference, 0 refs, 0 refs, 0.0000038 secs]135.391: [JNI Weak Reference, 0.0000033 secs] (to-space exhausted), 0.3716569 secs]
   [Parallel Time: 308.0 ms, GC Workers: 8]
      [GC Worker Start (ms): Min: 135054.6, Avg: 135054.7, Max: 135054.7, Diff: 0.1]
      [Ext Root Scanning (ms): Min: 0.1, Avg: 0.1, Max: 0.2, Diff: 0.1, Sum: 0.7]
      [Update RS (ms): Min: 23.9, Avg: 24.1, Max: 24.8, Diff: 1.0, Sum: 192.7]
         [Processed Buffers: Min: 46, Avg: 46.9, Max: 50, Diff: 4, Sum: 375]
      [Scan RS (ms): Min: 1.0, Avg: 1.7, Max: 1.9, Diff: 1.0, Sum: 13.7]
      [Code Root Scanning (ms): Min: 0.0, Avg: 0.0, Max: 0.0, Diff: 0.0, Sum: 0.0]
      [Object Copy (ms): Min: 281.9, Avg: 282.0, Max: 282.0, Diff: 0.1, Sum: 2255.7]
      [Termination (ms): Min: 0.0, Avg: 0.0, Max: 0.0, Diff: 0.0, Sum: 0.1]
         [Termination Attempts: Min: 1, Avg: 1.1, Max: 2, Diff: 1, Sum: 9]
      [GC Worker Other (ms): Min: 0.0, Avg: 0.0, Max: 0.0, Diff: 0.0, Sum: 0.1]
      [GC Worker Total (ms): Min: 307.8, Avg: 307.9, Max: 307.9, Diff: 0.1, Sum: 2463.1]
      [GC Worker End (ms): Min: 135362.6, Avg: 135362.6, Max: 135362.6, Diff: 0.0]
   [Code Root Fixup: 0.0 ms]
   [Code Root Purge: 0.0 ms]
   [Clear CT: 0.1 ms]
   [Other: 63.5 ms]
      [Evacuation Failure: 34.8 ms]
      [Choose CSet: 0.0 ms]
      [Ref Proc: 28.3 ms]
      [Ref Enq: 0.0 ms]
      [Redirty Cards: 0.2 ms]
      [Humongous Register: 0.0 ms]
      [Humongous Reclaim: 0.0 ms]
      [Free CSet: 0.1 ms]
   [Eden: 89.0M(89.0M)->0.0B(89.0M) Survivors: 13.0M->13.0M Heap: 2001.6M(2048.0M)->2025.1M(2048.0M)]
 [Times: user=0.95 sys=0.02, real=0.37 secs] 
135.461: [GC pause (G1 Evacuation Pause) (young)135.721: [SoftReference, 0 refs, 0.0000233 secs]135.721: [WeakReference, 0 refs, 0.0000033 secs]135.721: [FinalReference, 0 refs, 0.0000027 secs]135.721: [PhantomReference, 0 refs, 0 refs, 0.0000030 secs]135.721: [JNI Weak Reference, 0.0000026 secs] (to-space exhausted), 0.2775198 secs]
   [Parallel Time: 259.9 ms, GC Workers: 8]
      [GC Worker Start (ms): Min: 135460.7, Avg: 135460.7, Max: 135460.8, Diff: 0.1]
      [Ext Root Scanning (ms): Min: 0.1, Avg: 0.1, Max: 0.2, Diff: 0.1, Sum: 0.8]
      [Update RS (ms): Min: 0.0, Avg: 21.0, Max: 24.4, Diff: 24.4, Sum: 168.4]
         [Processed Buffers: Min: 0, Avg: 36.2, Max: 63, Diff: 63, Sum: 290]
      [Scan RS (ms): Min: 0.0, Avg: 0.0, Max: 0.0, Diff: 0.0, Sum: 0.0]
      [Code Root Scanning (ms): Min: 0.0, Avg: 0.0, Max: 0.0, Diff: 0.0, Sum: 0.0]
      [Object Copy (ms): Min: 235.4, Avg: 238.7, Max: 259.7, Diff: 24.3, Sum: 1909.4]
      [Termination (ms): Min: 0.0, Avg: 0.0, Max: 0.0, Diff: 0.0, Sum: 0.1]
         [Termination Attempts: Min: 1, Avg: 1.2, Max: 2, Diff: 1, Sum: 10]
      [GC Worker Other (ms): Min: 0.0, Avg: 0.0, Max: 0.0, Diff: 0.0, Sum: 0.1]
      [GC Worker Total (ms): Min: 259.8, Avg: 259.9, Max: 259.9, Diff: 0.1, Sum: 2078.8]
      [GC Worker End (ms): Min: 135720.6, Avg: 135720.6, Max: 135720.6, Diff: 0.0]
   [Code Root Fixup: 0.0 ms]
   [Code Root Purge: 0.0 ms]
   [Clear CT: 0.1 ms]
   [Other: 17.5 ms]
      [Evacuation Failure: 17.1 ms]
      [Choose CSet: 0.0 ms]
      [Ref Proc: 0.1 ms]
      [Ref Enq: 0.0 ms]
      [Redirty Cards: 0.2 ms]
      [Humongous Register: 0.0 ms]
      [Humongous Reclaim: 0.0 ms]
      [Free CSet: 0.0 ms]
   [Eden: 21.0M(89.0M)->0.0B(102.0M) Survivors: 13.0M->0.0B Heap: 2046.1M(2048.0M)->2046.1M(2048.0M)]
 [Times: user=0.66 sys=0.11, real=0.27 secs] 
135.738: [GC pause (G1 Evacuation Pause) (young)135.753: [SoftReference, 0 refs, 0.0000223 secs]135.753: [WeakReference, 0 refs, 0.0000032 secs]135.753: [FinalReference, 0 refs, 0.0000027 secs]135.753: [PhantomReference, 0 refs, 0 refs, 0.0000030 secs]135.753: [JNI Weak Reference, 0.0000028 secs], 0.0153920 secs]
   [Parallel Time: 14.8 ms, GC Workers: 8]
      [GC Worker Start (ms): Min: 135738.4, Avg: 135738.4, Max: 135738.5, Diff: 0.1]
      [Ext Root Scanning (ms): Min: 0.1, Avg: 0.1, Max: 0.2, Diff: 0.1, Sum: 0.7]
      [Update RS (ms): Min: 13.8, Avg: 14.1, Max: 14.5, Diff: 0.7, Sum: 113.1]
         [Processed Buffers: Min: 23, Avg: 33.9, Max: 42, Diff: 19, Sum: 271]
      [Scan RS (ms): Min: 0.0, Avg: 0.0, Max: 0.0, Diff: 0.0, Sum: 0.0]
      [Code Root Scanning (ms): Min: 0.0, Avg: 0.0, Max: 0.0, Diff: 0.0, Sum: 0.0]
      [Object Copy (ms): Min: 0.0, Avg: 0.0, Max: 0.0, Diff: 0.0, Sum: 0.0]
      [Termination (ms): Min: 0.0, Avg: 0.4, Max: 0.7, Diff: 0.7, Sum: 3.4]
         [Termination Attempts: Min: 1, Avg: 1.0, Max: 1, Diff: 0, Sum: 8]
      [GC Worker Other (ms): Min: 0.0, Avg: 0.0, Max: 0.0, Diff: 0.0, Sum: 0.1]
      [GC Worker Total (ms): Min: 14.6, Avg: 14.7, Max: 14.7, Diff: 0.1, Sum: 117.3]
      [GC Worker End (ms): Min: 135753.1, Avg: 135753.1, Max: 135753.2, Diff: 0.1]
   [Code Root Fixup: 0.0 ms]
   [Code Root Purge: 0.0 ms]
   [Clear CT: 0.1 ms]
   [Other: 0.5 ms]
      [Choose CSet: 0.0 ms]
      [Ref Proc: 0.2 ms]
      [Ref Enq: 0.0 ms]
      [Redirty Cards: 0.2 ms]
      [Humongous Register: 0.0 ms]
      [Humongous Reclaim: 0.0 ms]
      [Free CSet: 0.0 ms]
   [Eden: 0.0B(102.0M)->0.0B(102.0M) Survivors: 0.0B->0.0B Heap: 2046.1M(2048.0M)->2046.1M(2048.0M)]
 [Times: user=0.11 sys=0.00, real=0.02 secs] 
135.754: [Full GC (Allocation Failure) 136.028: [SoftReference, 0 refs, 0.0000252 secs]136.028: [WeakReference, 16 refs, 0.0000070 secs]136.028: [FinalReference, 2 refs, 0.0000036 secs]136.028: [PhantomReference, 0 refs, 0 refs, 0.0000038 secs]136.028: [JNI Weak Reference, 0.0000029 secs] 2046M->309M(1032M), 1.1066175 secs]
   [Eden: 0.0B(102.0M)->0.0B(191.0M) Survivors: 0.0B->0.0B Heap: 2046.1M(2048.0M)->309.3M(1032.0M)], [Metaspace: 3228K->3228K(1056768K)]
 [Times: user=1.50 sys=0.08, real=1.11 secs] 
136.861: [GC concurrent-mark-abort]
137.062: [GC pause (G1 Evacuation Pause) (young)137.235: [SoftReference, 0 refs, 0.0000250 secs]137.235: [WeakReference, 11 refs, 0.0000063 secs]137.235: [FinalReference, 0 refs, 0.0000028 secs]137.235: [PhantomReference, 0 refs, 0 refs, 0.0000030 secs]137.235: [JNI Weak Reference, 0.0000026 secs], 0.1753426 secs]
   [Parallel Time: 172.4 ms, GC Workers: 8]
      [GC Worker Start (ms): Min: 137062.0, Avg: 137063.0, Max: 137064.6, Diff: 2.5]
      [Ext Root Scanning (ms): Min: 0.0, Avg: 0.1, Max: 0.2, Diff: 0.2, Sum: 0.6]
      [Update RS (ms): Min: 0.0, Avg: 0.0, Max: 0.0, Diff: 0.0, Sum: 0.1]
         [Processed Buffers: Min: 0, Avg: 0.2, Max: 1, Diff: 1, Sum: 2]
      [Scan RS (ms): Min: 0.0, Avg: 0.0, Max: 0.0, Diff: 0.0, Sum: 0.1]
      [Code Root Scanning (ms): Min: 0.0, Avg: 0.0, Max: 0.0, Diff: 0.0, Sum: 0.0]
      [Object Copy (ms): Min: 169.1, Avg: 170.1, Max: 171.3, Diff: 2.2, Sum: 1361.2]
      [Termination (ms): Min: 0.2, Avg: 1.0, Max: 1.8, Diff: 1.6, Sum: 7.7]
         [Termination Attempts: Min: 278, Avg: 501.8, Max: 683, Diff: 405, Sum: 4014]
      [GC Worker Other (ms): Min: 0.0, Avg: 0.0, Max: 0.1, Diff: 0.1, Sum: 0.3]
      [GC Worker Total (ms): Min: 169.7, Avg: 171.2, Max: 172.3, Diff: 2.6, Sum: 1370.0]
      [GC Worker End (ms): Min: 137234.2, Avg: 137234.3, Max: 137234.4, Diff: 0.1]
   [Code Root Fixup: 0.0 ms]
   [Code Root Purge: 0.1 ms]
   [Clear CT: 0.2 ms]
   [Other: 2.7 ms]
      [Choose CSet: 0.0 ms]
      [Ref Proc: 0.8 ms]
      [Ref Enq: 0.0 ms]
      [Redirty Cards: 0.5 ms]
      [Humongous Register: 0.0 ms]
      [Humongous Reclaim: 0.0 ms]
      [Free CSet: 0.1 ms]
   [Eden: 191.0M(191.0M)->0.0B(168.0M) Survivors: 0.0B->24.0M Heap: 500.3M(1032.0M)->576.0M(1236.0M)]
 [Times: user=1.25 sys=0.00, real=0.17 secs] 
137.517: [GC pause (G1 Evacuation Pause) (young)137.694: [SoftReference, 0 refs, 0.0000245 secs]137.694: [WeakReference, 5 refs, 0.0000058 secs]137.694: [FinalReference, 0 refs, 0.0000029 secs]137.694: [PhantomReference, 0 refs, 0 refs, 0.0000033 secs]137.694: [JNI Weak Reference, 0.0000031 secs], 0.1798134 secs]
   [Parallel Time: 177.0 ms, GC Workers: 8]
      [GC Worker Start (ms): Min: 137516.7, Avg: 137516.7, Max: 137516.8, Diff: 0.1]
      [Ext Root Scanning (ms): Min: 0.1, Avg: 0.1, Max: 0.2, Diff: 0.1, Sum: 0.9]
      [Update RS (ms): Min: 13.9, Avg: 14.0, Max: 14.1, Diff: 0.2, Sum: 111.9]
         [Processed Buffers: Min: 33, Avg: 35.6, Max: 38, Diff: 5, Sum: 285]
      [Scan RS (ms): Min: 0.0, Avg: 0.1, Max: 0.1, Diff: 0.1, Sum: 0.6]
      [Code Root Scanning (ms): Min: 0.0, Avg: 0.0, Max: 0.0, Diff: 0.0, Sum: 0.0]
      [Object Copy (ms): Min: 162.3, Avg: 162.4, Max: 162.5, Diff: 0.2, Sum: 1299.4]
      [Termination (ms): Min: 0.2, Avg: 0.2, Max: 0.4, Diff: 0.2, Sum: 1.8]
         [Termination Attempts: Min: 296, Avg: 329.0, Max: 360, Diff: 64, Sum: 2632]
      [GC Worker Other (ms): Min: 0.0, Avg: 0.0, Max: 0.1, Diff: 0.0, Sum: 0.3]
      [GC Worker Total (ms): Min: 176.8, Avg: 176.9, Max: 176.9, Diff: 0.1, Sum: 1415.0]
      [GC Worker End (ms): Min: 137693.6, Avg: 137693.6, Max: 137693.6, Diff: 0.0]
   [Code Root Fixup: 0.0 ms]
   [Code Root Purge: 0.0 ms]
   [Clear CT: 0.1 ms]
   [Other: 2.7 ms]
      [Choose CSet: 0.0 ms]
      [Ref Proc: 0.8 ms]
      [Ref Enq: 0.0 ms]
      [Redirty Cards: 0.7 ms]
      [Humongous Register: 0.0 ms]
      [Humongous Reclaim: 0.0 ms]
      [Free CSet: 0.1 ms]
   [Eden: 168.0M(168.0M)->0.0B(164.0M) Survivors: 24.0M->24.0M Heap: 744.0M(1236.0M)->746.8M(1399.0M)]
 [Times: user=1.37 sys=0.02, real=0.18 secs] 
137.964: [GC pause (G1 Evacuation Pause) (young) (initial-mark)138.146: [SoftReference, 0 refs, 0.0000255 secs]138.146: [WeakReference, 0 refs, 0.0000033 secs]138.146: [FinalReference, 0 refs, 0.0000028 secs]138.146: [PhantomReference, 0 refs, 0 refs, 0.0000030 secs]138.146: [JNI Weak Reference, 0.0000029 secs], 0.1839435 secs]
   [Parallel Time: 181.4 ms, GC Workers: 8]
      [GC Worker Start (ms): Min: 137963.7, Avg: 137963.9, Max: 137964.0, Diff: 0.3]
      [Ext Root Scanning (ms): Min: 0.0, Avg: 3.6, Max: 9.3, Diff: 9.3, Sum: 28.5]
      [Update RS (ms): Min: 10.3, Avg: 16.2, Max: 19.7, Diff: 9.3, Sum: 129.7]
         [Processed Buffers: Min: 20, Avg: 39.1, Max: 57, Diff: 37, Sum: 313]
      [Scan RS (ms): Min: 0.0, Avg: 0.4, Max: 0.5, Diff: 0.5, Sum: 3.3]
      [Code Root Scanning (ms): Min: 0.0, Avg: 0.0, Max: 0.0, Diff: 0.0, Sum: 0.0]
      [Object Copy (ms): Min: 160.0, Avg: 160.3, Max: 160.8, Diff: 0.8, Sum: 1282.5]
      [Termination (ms): Min: 0.2, Avg: 0.6, Max: 1.0, Diff: 0.8, Sum: 5.0]
         [Termination Attempts: Min: 306, Avg: 401.0, Max: 460, Diff: 154, Sum: 3208]
      [GC Worker Other (ms): Min: 0.0, Avg: 0.0, Max: 0.1, Diff: 0.0, Sum: 0.3]
      [GC Worker Total (ms): Min: 181.1, Avg: 181.2, Max: 181.3, Diff: 0.3, Sum: 1449.3]
      [GC Worker End (ms): Min: 138145.0, Avg: 138145.0, Max: 138145.1, Diff: 0.0]
   [Code Root Fixup: 0.0 ms]
   [Code Root Purge: 0.0 ms]
   [Clear CT: 0.1 ms]
   [Other: 2.4 ms]
      [Choose CSet: 0.0 ms]
      [Ref Proc: 0.8 ms]
      [Ref Enq: 0.0 ms]
      [Redirty Cards: 0.7 ms]
      [Humongous Register: 0.0 ms]
      [Humongous Reclaim: 0.0 ms]
      [Free CSet: 0.1 ms]
   [Eden: 164.0M(164.0M)->0.0B(164.0M) Survivors: 24.0M->24.0M Heap: 910.8M(1399.0M)->913.3M(1529.0M)]
 [Times: user=1.37 sys=0.01, real=0.18 secs] 
138.148: [GC concurrent-root-region-scan-start]
138.161: [GC concurrent-root-region-scan-end, 0.0130735 secs]
138.161: [GC concurrent-mark-start]
138.430: [GC pause (G1 Evacuation Pause) (young)138.625: [SoftReference, 0 refs, 0.0000214 secs]138.625: [WeakReference, 0 refs, 0.0000034 secs]138.625: [FinalReference, 0 refs, 0.0000028 secs]138.625: [PhantomReference, 0 refs, 0 refs, 0.0000032 secs]138.625: [JNI Weak Reference, 0.0000027 secs], 0.1965123 secs]
   [Parallel Time: 191.8 ms, GC Workers: 8]
      [GC Worker Start (ms): Min: 138429.8, Avg: 138433.6, Max: 138439.9, Diff: 10.1]
      [Ext Root Scanning (ms): Min: 0.0, Avg: 0.1, Max: 0.2, Diff: 0.2, Sum: 0.7]
      [Update RS (ms): Min: 10.1, Avg: 16.4, Max: 20.0, Diff: 10.0, Sum: 130.9]
         [Processed Buffers: Min: 26, Avg: 43.0, Max: 58, Diff: 32, Sum: 344]
      [Scan RS (ms): Min: 0.2, Avg: 0.4, Max: 0.4, Diff: 0.2, Sum: 2.9]
      [Code Root Scanning (ms): Min: 0.0, Avg: 0.0, Max: 0.0, Diff: 0.0, Sum: 0.0]
      [Object Copy (ms): Min: 169.2, Avg: 169.6, Max: 169.9, Diff: 0.7, Sum: 1356.5]
      [Termination (ms): Min: 1.2, Avg: 1.6, Max: 2.0, Diff: 0.7, Sum: 12.4]
         [Termination Attempts: Min: 420, Avg: 649.0, Max: 784, Diff: 364, Sum: 5192]
      [GC Worker Other (ms): Min: 0.0, Avg: 0.0, Max: 0.0, Diff: 0.0, Sum: 0.1]
      [GC Worker Total (ms): Min: 181.6, Avg: 187.9, Max: 191.8, Diff: 10.2, Sum: 1503.5]
      [GC Worker End (ms): Min: 138621.5, Avg: 138621.5, Max: 138621.6, Diff: 0.1]
   [Code Root Fixup: 0.0 ms]
   [Code Root Purge: 0.0 ms]
   [Clear CT: 0.1 ms]
   [Other: 4.6 ms]
      [Choose CSet: 0.0 ms]
      [Ref Proc: 3.4 ms]
      [Ref Enq: 0.0 ms]
      [Redirty Cards: 0.4 ms]
      [Humongous Register: 0.0 ms]
      [Humongous Reclaim: 0.0 ms]
      [Free CSet: 0.1 ms]
   [Eden: 164.0M(164.0M)->0.0B(151.0M) Survivors: 24.0M->24.0M Heap: 1077.3M(1529.0M)->1078.8M(1633.0M)]
 [Times: user=1.29 sys=0.01, real=0.19 secs] 
138.842: [GC pause (G1 Evacuation Pause) (young)139.029: [SoftReference, 0 refs, 0.0000242 secs]139.029: [WeakReference, 0 refs, 0.0000031 secs]139.029: [FinalReference, 0 refs, 0.0000028 secs]139.029: [PhantomReference, 0 refs, 0 refs, 0.0000030 secs]139.029: [JNI Weak Reference, 0.0000027 secs], 0.1882180 secs]
   [Parallel Time: 183.6 ms, GC Workers: 8]
      [GC Worker Start (ms): Min: 138842.5, Avg: 138842.8, Max: 138844.5, Diff: 2.0]
      [Ext Root Scanning (ms): Min: 0.0, Avg: 0.1, Max: 0.2, Diff: 0.2, Sum: 0.8]
      [Update RS (ms): Min: 18.4, Avg: 20.0, Max: 20.3, Diff: 1.9, Sum: 159.6]
         [Processed Buffers: Min: 44, Avg: 47.2, Max: 50, Diff: 6, Sum: 378]
      [Scan RS (ms): Min: 0.3, Avg: 0.3, Max: 0.4, Diff: 0.1, Sum: 2.4]
      [Code Root Scanning (ms): Min: 0.0, Avg: 0.0, Max: 0.0, Diff: 0.0, Sum: 0.0]
      [Object Copy (ms): Min: 162.5, Avg: 162.5, Max: 162.6, Diff: 0.2, Sum: 1300.1]
      [Termination (ms): Min: 0.2, Avg: 0.4, Max: 0.4, Diff: 0.2, Sum: 2.8]
         [Termination Attempts: Min: 285, Avg: 452.0, Max: 511, Diff: 226, Sum: 3616]
      [GC Worker Other (ms): Min: 0.0, Avg: 0.0, Max: 0.0, Diff: 0.0, Sum: 0.2]
      [GC Worker Total (ms): Min: 181.6, Avg: 183.2, Max: 183.6, Diff: 2.0, Sum: 1465.9]
      [GC Worker End (ms): Min: 139026.1, Avg: 139026.1, Max: 139026.1, Diff: 0.0]
   [Code Root Fixup: 0.0 ms]
   [Code Root Purge: 0.0 ms]
   [Clear CT: 0.1 ms]
   [Other: 4.5 ms]
      [Choose CSet: 0.0 ms]
      [Ref Proc: 3.1 ms]
      [Ref Enq: 0.0 ms]
      [Redirty Cards: 0.7 ms]
      [Humongous Register: 0.0 ms]
      [Humongous Reclaim: 0.0 ms]
      [Free CSet: 0.1 ms]
   [Eden: 151.0M(151.0M)->0.0B(155.0M) Survivors: 24.0M->22.0M Heap: 1229.8M(1633.0M)->1231.3M(1716.0M)]
 [Times: user=1.45 sys=0.00, real=0.19 secs] 
139.248: [GC pause (G1 Evacuation Pause) (young)139.438: [SoftReference, 0 refs, 0.0000248 secs]139.438: [WeakReference, 0 refs, 0.0000032 secs]139.438: [FinalReference, 0 refs, 0.0000026 secs]139.438: [PhantomReference, 0 refs, 0 refs, 0.0000030 secs]139.438: [JNI Weak Reference, 0.0000028 secs], 0.1915082 secs]
   [Parallel Time: 187.1 ms, GC Workers: 8]
      [GC Worker Start (ms): Min: 139247.9, Avg: 139248.0, Max: 139248.1, Diff: 0.1]
      [Ext Root Scanning (ms): Min: 0.1, Avg: 0.1, Max: 0.2, Diff: 0.1, Sum: 0.9]
      [Update RS (ms): Min: 23.1, Avg: 23.1, Max: 23.2, Diff: 0.1, Sum: 185.1]
         [Processed Buffers: Min: 48, Avg: 51.9, Max: 54, Diff: 6, Sum: 415]
      [Scan RS (ms): Min: 0.2, Avg: 0.3, Max: 0.4, Diff: 0.2, Sum: 2.5]
      [Code Root Scanning (ms): Min: 0.0, Avg: 0.0, Max: 0.0, Diff: 0.0, Sum: 0.0]
      [Object Copy (ms): Min: 162.9, Avg: 163.0, Max: 163.2, Diff: 0.3, Sum: 1304.2]
      [Termination (ms): Min: 0.2, Avg: 0.3, Max: 0.5, Diff: 0.3, Sum: 2.6]
         [Termination Attempts: Min: 261, Avg: 341.0, Max: 375, Diff: 114, Sum: 2728]
      [GC Worker Other (ms): Min: 0.0, Avg: 0.0, Max: 0.0, Diff: 0.0, Sum: 0.2]
      [GC Worker Total (ms): Min: 186.9, Avg: 186.9, Max: 187.0, Diff: 0.1, Sum: 1495.5]
      [GC Worker End (ms): Min: 139434.9, Avg: 139434.9, Max: 139435.0, Diff: 0.0]
   [Code Root Fixup: 0.0 ms]
   [Code Root Purge: 0.0 ms]
   [Clear CT: 0.1 ms]
   [Other: 4.3 ms]
      [Choose CSet: 0.0 ms]
      [Ref Proc: 3.3 ms]
      [Ref Enq: 0.0 ms]
      [Redirty Cards: 0.4 ms]
      [Humongous Register: 0.0 ms]
      [Humongous Reclaim: 0.0 ms]
      [Free CSet: 0.1 ms]
   [Eden: 155.0M(155.0M)->0.0B(107.0M) Survivors: 22.0M->23.0M Heap: 1386.3M(1716.0M)->1388.3M(1783.0M)]
 [Times: user=1.45 sys=0.01, real=0.20 secs] 
139.521: [GC concurrent-mark-end, 1.3601832 secs]
139.521: [GC remark 139.521: [Finalize Marking, 0.0001865 secs] 139.521: [GC ref-proc139.521: [SoftReference, 0 refs, 0.0000135 secs]139.521: [WeakReference, 135969 refs, 0.0123522 secs]139.534: [FinalReference, 33 refs, 0.0000135 secs]139.534: [PhantomReference, 0 refs, 0 refs, 0.0000149 secs]139.534: [JNI Weak Reference, 0.0000034 secs], 0.0124206 secs] 139.534: [Unloading, 0.0004728 secs], 0.0161050 secs]
 [Times: user=0.04 sys=0.00, real=0.01 secs] 
139.537: [GC cleanup 1403M->1403M(1783M), 0.0017130 secs]
 [Times: user=0.01 sys=0.00, real=0.01 secs] 
139.667: [GC pause (G1 Evacuation Pause) (young)139.804: [SoftReference, 0 refs, 0.0000266 secs]139.804: [WeakReference, 0 refs, 0.0000035 secs]139.804: [FinalReference, 0 refs, 0.0000030 secs]139.804: [PhantomReference, 0 refs, 0 refs, 0.0000034 secs]139.804: [JNI Weak Reference, 0.0000027 secs], 0.1386484 secs]
   [Parallel Time: 136.8 ms, GC Workers: 8]
      [GC Worker Start (ms): Min: 139666.9, Avg: 139667.0, Max: 139667.0, Diff: 0.1]
      [Ext Root Scanning (ms): Min: 0.1, Avg: 0.1, Max: 0.2, Diff: 0.1, Sum: 1.0]
      [Update RS (ms): Min: 20.8, Avg: 20.9, Max: 21.0, Diff: 0.2, Sum: 167.1]
         [Processed Buffers: Min: 47, Avg: 48.2, Max: 50, Diff: 3, Sum: 386]
      [Scan RS (ms): Min: 0.2, Avg: 0.3, Max: 0.4, Diff: 0.2, Sum: 2.4]
      [Code Root Scanning (ms): Min: 0.0, Avg: 0.0, Max: 0.0, Diff: 0.0, Sum: 0.0]
      [Object Copy (ms): Min: 114.6, Avg: 114.7, Max: 115.3, Diff: 0.6, Sum: 917.9]
      [Termination (ms): Min: 0.1, Avg: 0.7, Max: 0.8, Diff: 0.7, Sum: 5.3]
         [Termination Attempts: Min: 113, Avg: 157.0, Max: 188, Diff: 75, Sum: 1256]
      [GC Worker Other (ms): Min: 0.0, Avg: 0.0, Max: 0.0, Diff: 0.0, Sum: 0.1]
      [GC Worker Total (ms): Min: 136.7, Avg: 136.7, Max: 136.8, Diff: 0.1, Sum: 1093.8]
      [GC Worker End (ms): Min: 139803.7, Avg: 139803.7, Max: 139803.7, Diff: 0.0]
   [Code Root Fixup: 0.0 ms]
   [Code Root Purge: 0.0 ms]
   [Clear CT: 0.1 ms]
   [Other: 1.7 ms]
      [Choose CSet: 0.0 ms]
      [Ref Proc: 0.8 ms]
      [Ref Enq: 0.0 ms]
      [Redirty Cards: 0.4 ms]
      [Humongous Register: 0.0 ms]
      [Humongous Reclaim: 0.0 ms]
      [Free CSet: 0.1 ms]
   [Eden: 107.0M(107.0M)->0.0B(76.0M) Survivors: 23.0M->17.0M Heap: 1495.3M(1783.0M)->1497.8M(1836.0M)]
 [Times: user=1.06 sys=0.00, real=0.14 secs] 
139.921: [GC pause (G1 Evacuation Pause) (young)140.026: [SoftReference, 0 refs, 0.0000244 secs]140.026: [WeakReference, 0 refs, 0.0000033 secs]140.026: [FinalReference, 0 refs, 0.0000029 secs]140.026: [PhantomReference, 0 refs, 0 refs, 0.0000032 secs]140.026: [JNI Weak Reference, 0.0000029 secs], 0.1057232 secs]
   [Parallel Time: 103.3 ms, GC Workers: 8]
      [GC Worker Start (ms): Min: 139921.1, Avg: 139921.1, Max: 139921.1, Diff: 0.1]
      [Ext Root Scanning (ms): Min: 0.1, Avg: 0.1, Max: 0.2, Diff: 0.1, Sum: 1.0]
      [Update RS (ms): Min: 18.2, Avg: 18.3, Max: 18.4, Diff: 0.2, Sum: 146.2]
         [Processed Buffers: Min: 40, Avg: 41.8, Max: 43, Diff: 3, Sum: 334]
      [Scan RS (ms): Min: 0.3, Avg: 0.4, Max: 0.4, Diff: 0.2, Sum: 3.1]
      [Code Root Scanning (ms): Min: 0.0, Avg: 0.0, Max: 0.0, Diff: 0.0, Sum: 0.0]
      [Object Copy (ms): Min: 83.5, Avg: 83.7, Max: 84.3, Diff: 0.7, Sum: 670.0]
      [Termination (ms): Min: 0.1, Avg: 0.7, Max: 0.9, Diff: 0.8, Sum: 5.2]
         [Termination Attempts: Min: 117, Avg: 183.1, Max: 219, Diff: 102, Sum: 1465]
      [GC Worker Other (ms): Min: 0.0, Avg: 0.0, Max: 0.0, Diff: 0.0, Sum: 0.1]
      [GC Worker Total (ms): Min: 103.2, Avg: 103.2, Max: 103.2, Diff: 0.1, Sum: 825.6]
      [GC Worker End (ms): Min: 140024.3, Avg: 140024.3, Max: 140024.3, Diff: 0.0]
   [Code Root Fixup: 0.0 ms]
   [Code Root Purge: 0.0 ms]
   [Clear CT: 0.1 ms]
   [Other: 2.3 ms]
      [Choose CSet: 0.0 ms]
      [Ref Proc: 1.4 ms]
      [Ref Enq: 0.0 ms]
      [Redirty Cards: 0.3 ms]
      [Humongous Register: 0.0 ms]
      [Humongous Reclaim: 0.0 ms]
      [Free CSet: 0.1 ms]
   [Eden: 76.0M(76.0M)->0.0B(81.0M) Survivors: 17.0M->12.0M Heap: 1573.8M(1836.0M)->1575.8M(1879.0M)]
 [Times: user=0.81 sys=0.00, real=0.10 secs] 
140.142: [GC pause (G1 Evacuation Pause) (young) (initial-mark)140.258: [SoftReference, 0 refs, 0.0000262 secs]140.258: [WeakReference, 0 refs, 0.0000034 secs]140.258: [FinalReference, 0 refs, 0.0000030 secs]140.258: [PhantomReference, 0 refs, 0 refs, 0.0000032 secs]140.258: [JNI Weak Reference, 0.0000029 secs], 0.1167550 secs]
   [Parallel Time: 115.7 ms, GC Workers: 8]
      [GC Worker Start (ms): Min: 140142.1, Avg: 140142.2, Max: 140142.3, Diff: 0.2]
      [Ext Root Scanning (ms): Min: 0.0, Avg: 2.6, Max: 10.2, Diff: 10.1, Sum: 21.1]
      [Update RS (ms): Min: 21.7, Avg: 29.3, Max: 31.8, Diff: 10.1, Sum: 234.1]
         [Processed Buffers: Min: 50, Avg: 65.9, Max: 77, Diff: 27, Sum: 527]
      [Scan RS (ms): Min: 0.0, Avg: 0.0, Max: 0.0, Diff: 0.0, Sum: 0.1]
      [Code Root Scanning (ms): Min: 0.0, Avg: 0.0, Max: 0.0, Diff: 0.0, Sum: 0.0]
      [Object Copy (ms): Min: 82.8, Avg: 83.1, Max: 83.4, Diff: 0.6, Sum: 664.4]
      [Termination (ms): Min: 0.2, Avg: 0.5, Max: 0.8, Diff: 0.6, Sum: 3.9]
         [Termination Attempts: Min: 150, Avg: 219.4, Max: 275, Diff: 125, Sum: 1755]
      [GC Worker Other (ms): Min: 0.0, Avg: 0.0, Max: 0.0, Diff: 0.0, Sum: 0.1]
      [GC Worker Total (ms): Min: 115.4, Avg: 115.5, Max: 115.6, Diff: 0.2, Sum: 923.9]
      [GC Worker End (ms): Min: 140257.7, Avg: 140257.7, Max: 140257.7, Diff: 0.0]
   [Code Root Fixup: 0.0 ms]
   [Code Root Purge: 0.0 ms]
   [Clear CT: 0.1 ms]
   [Other: 1.0 ms]
      [Choose CSet: 0.0 ms]
      [Ref Proc: 0.2 ms]
      [Ref Enq: 0.0 ms]
      [Redirty Cards: 0.3 ms]
      [Humongous Register: 0.0 ms]
      [Humongous Reclaim: 0.0 ms]
      [Free CSet: 0.0 ms]
   [Eden: 81.0M(81.0M)->0.0B(83.0M) Survivors: 12.0M->12.0M Heap: 1656.8M(1879.0M)->1659.3M(1913.0M)]
 [Times: user=0.87 sys=0.00, real=0.12 secs] 
140.259: [GC concurrent-root-region-scan-start]
140.265: [GC concurrent-root-region-scan-end, 0.0057122 secs]
140.265: [GC concurrent-mark-start]
140.371: [GC pause (G1 Evacuation Pause) (young)140.483: [SoftReference, 0 refs, 0.0000254 secs]140.483: [WeakReference, 0 refs, 0.0000033 secs]140.483: [FinalReference, 0 refs, 0.0000028 secs]140.483: [PhantomReference, 0 refs, 0 refs, 0.0000032 secs]140.483: [JNI Weak Reference, 0.0000027 secs], 0.1132168 secs]
   [Parallel Time: 109.7 ms, GC Workers: 8]
      [GC Worker Start (ms): Min: 140371.0, Avg: 140371.6, Max: 140372.8, Diff: 1.8]
      [Ext Root Scanning (ms): Min: 0.0, Avg: 0.1, Max: 0.2, Diff: 0.2, Sum: 0.6]
      [Update RS (ms): Min: 20.8, Avg: 22.0, Max: 22.5, Diff: 1.7, Sum: 175.8]
         [Processed Buffers: Min: 27, Avg: 41.2, Max: 47, Diff: 20, Sum: 330]
      [Scan RS (ms): Min: 0.5, Avg: 0.6, Max: 0.8, Diff: 0.3, Sum: 4.9]
      [Code Root Scanning (ms): Min: 0.0, Avg: 0.0, Max: 0.0, Diff: 0.0, Sum: 0.0]
      [Object Copy (ms): Min: 86.2, Avg: 86.3, Max: 86.3, Diff: 0.1, Sum: 690.2]
      [Termination (ms): Min: 0.1, Avg: 0.1, Max: 0.1, Diff: 0.0, Sum: 0.9]
         [Termination Attempts: Min: 117, Avg: 147.8, Max: 171, Diff: 54, Sum: 1182]
      [GC Worker Other (ms): Min: 0.0, Avg: 0.0, Max: 0.1, Diff: 0.1, Sum: 0.3]
      [GC Worker Total (ms): Min: 107.9, Avg: 109.1, Max: 109.7, Diff: 1.8, Sum: 872.7]
      [GC Worker End (ms): Min: 140480.6, Avg: 140480.7, Max: 140480.7, Diff: 0.0]
   [Code Root Fixup: 0.0 ms]
   [Code Root Purge: 0.0 ms]
   [Clear CT: 0.1 ms]
   [Other: 3.4 ms]
      [Choose CSet: 0.0 ms]
      [Ref Proc: 2.7 ms]
      [Ref Enq: 0.0 ms]
      [Redirty Cards: 0.3 ms]
      [Humongous Register: 0.0 ms]
      [Humongous Reclaim: 0.0 ms]
      [Free CSet: 0.0 ms]
   [Eden: 83.0M(83.0M)->0.0B(85.0M) Survivors: 12.0M->12.0M Heap: 1742.3M(1913.0M)->1744.8M(1940.0M)]
 [Times: user=0.85 sys=0.00, real=0.11 secs] 
140.617: [GC pause (G1 Evacuation Pause) (young)140.726: [SoftReference, 0 refs, 0.0000238 secs]140.726: [WeakReference, 0 refs, 0.0000033 secs]140.726: [FinalReference, 0 refs, 0.0000029 secs]140.726: [PhantomReference, 0 refs, 0 refs, 0.0000033 secs]140.726: [JNI Weak Reference, 0.0000028 secs], 0.1101588 secs]
   [Parallel Time: 106.0 ms, GC Workers: 8]
      [GC Worker Start (ms): Min: 140617.0, Avg: 140617.1, Max: 140617.1, Diff: 0.1]
      [Ext Root Scanning (ms): Min: 0.1, Avg: 0.1, Max: 0.2, Diff: 0.1, Sum: 0.9]
      [Update RS (ms): Min: 17.3, Avg: 17.3, Max: 17.3, Diff: 0.0, Sum: 138.4]
         [Processed Buffers: Min: 36, Avg: 37.1, Max: 38, Diff: 2, Sum: 297]
      [Scan RS (ms): Min: 0.4, Avg: 0.4, Max: 0.4, Diff: 0.1, Sum: 3.2]
      [Code Root Scanning (ms): Min: 0.0, Avg: 0.0, Max: 0.0, Diff: 0.0, Sum: 0.0]
      [Object Copy (ms): Min: 87.9, Avg: 87.9, Max: 87.9, Diff: 0.1, Sum: 703.1]
      [Termination (ms): Min: 0.1, Avg: 0.1, Max: 0.1, Diff: 0.0, Sum: 0.9]
         [Termination Attempts: Min: 138, Avg: 159.1, Max: 180, Diff: 42, Sum: 1273]
      [GC Worker Other (ms): Min: 0.0, Avg: 0.0, Max: 0.0, Diff: 0.0, Sum: 0.2]
      [GC Worker Total (ms): Min: 105.8, Avg: 105.8, Max: 105.9, Diff: 0.1, Sum: 846.6]
      [GC Worker End (ms): Min: 140722.9, Avg: 140722.9, Max: 140722.9, Diff: 0.0]
   [Code Root Fixup: 0.0 ms]
   [Code Root Purge: 0.0 ms]
   [Clear CT: 0.1 ms]
   [Other: 4.1 ms]
      [Choose CSet: 0.0 ms]
      [Ref Proc: 3.3 ms]
      [Ref Enq: 0.0 ms]
      [Redirty Cards: 0.4 ms]
      [Humongous Register: 0.0 ms]
      [Humongous Reclaim: 0.0 ms]
      [Free CSet: 0.0 ms]
   [Eden: 85.0M(85.0M)->0.0B(85.0M) Survivors: 12.0M->13.0M Heap: 1829.8M(1940.0M)->1831.3M(1962.0M)]
 [Times: user=0.86 sys=0.00, real=0.11 secs] 
140.835: [GC pause (G1 Evacuation Pause) (young)140.950: [SoftReference, 0 refs, 0.0000241 secs]140.950: [WeakReference, 0 refs, 0.0000033 secs]140.950: [FinalReference, 0 refs, 0.0000028 secs]140.950: [PhantomReference, 0 refs, 0 refs, 0.0000031 secs]140.950: [JNI Weak Reference, 0.0000030 secs], 0.1162032 secs]
   [Parallel Time: 112.4 ms, GC Workers: 8]
      [GC Worker Start (ms): Min: 140834.9, Avg: 140835.0, Max: 140835.0, Diff: 0.1]
      [Ext Root Scanning (ms): Min: 0.1, Avg: 0.1, Max: 0.2, Diff: 0.1, Sum: 1.0]
      [Update RS (ms): Min: 19.3, Avg: 19.4, Max: 19.4, Diff: 0.1, Sum: 154.8]
         [Processed Buffers: Min: 37, Avg: 40.8, Max: 42, Diff: 5, Sum: 326]
      [Scan RS (ms): Min: 0.3, Avg: 0.3, Max: 0.4, Diff: 0.2, Sum: 2.8]
      [Code Root Scanning (ms): Min: 0.0, Avg: 0.0, Max: 0.0, Diff: 0.0, Sum: 0.0]
      [Object Copy (ms): Min: 92.0, Avg: 92.0, Max: 92.1, Diff: 0.1, Sum: 736.0]
      [Termination (ms): Min: 0.3, Avg: 0.4, Max: 0.4, Diff: 0.1, Sum: 3.0]
         [Termination Attempts: Min: 316, Avg: 343.1, Max: 392, Diff: 76, Sum: 2745]
      [GC Worker Other (ms): Min: 0.0, Avg: 0.0, Max: 0.0, Diff: 0.0, Sum: 0.1]
      [GC Worker Total (ms): Min: 112.2, Avg: 112.2, Max: 112.3, Diff: 0.1, Sum: 897.7]
      [GC Worker End (ms): Min: 140947.2, Avg: 140947.2, Max: 140947.2, Diff: 0.0]
   [Code Root Fixup: 0.0 ms]
   [Code Root Purge: 0.0 ms]
   [Clear CT: 0.1 ms]
   [Other: 3.8 ms]
      [Choose CSet: 0.0 ms]
      [Ref Proc: 3.2 ms]
      [Ref Enq: 0.0 ms]
      [Redirty Cards: 0.3 ms]
      [Humongous Register: 0.0 ms]
      [Humongous Reclaim: 0.0 ms]
      [Free CSet: 0.0 ms]
   [Eden: 85.0M(85.0M)->0.0B(88.0M) Survivors: 13.0M->13.0M Heap: 1916.3M(1962.0M)->1918.3M(2024.0M)]
 [Times: user=0.85 sys=0.03, real=0.12 secs] 
141.050: [GC pause (G1 Evacuation Pause) (young)141.343: [SoftReference, 0 refs, 0.0000215 secs]141.343: [WeakReference, 0 refs, 0.0000030 secs]141.343: [FinalReference, 0 refs, 0.0000027 secs]141.343: [PhantomReference, 0 refs, 0 refs, 0.0000029 secs]141.343: [JNI Weak Reference, 0.0000027 secs] (to-space exhausted), 0.3151094 secs]
   [Parallel Time: 290.5 ms, GC Workers: 8]
      [GC Worker Start (ms): Min: 141049.8, Avg: 141051.0, Max: 141056.8, Diff: 7.1]
      [Ext Root Scanning (ms): Min: 0.0, Avg: 0.1, Max: 0.2, Diff: 0.2, Sum: 0.7]
      [Update RS (ms): Min: 23.6, Avg: 29.5, Max: 30.7, Diff: 7.1, Sum: 235.9]
         [Processed Buffers: Min: 56, Avg: 65.0, Max: 73, Diff: 17, Sum: 520]
      [Scan RS (ms): Min: 0.0, Avg: 0.0, Max: 0.0, Diff: 0.0, Sum: 0.1]
      [Code Root Scanning (ms): Min: 0.0, Avg: 0.0, Max: 0.0, Diff: 0.0, Sum: 0.0]
      [Object Copy (ms): Min: 36.7, Avg: 221.8, Max: 259.6, Diff: 222.9, Sum: 1774.3]
      [Termination (ms): Min: 0.0, Avg: 37.8, Max: 223.0, Diff: 223.0, Sum: 302.6]
         [Termination Attempts: Min: 3, Avg: 15.8, Max: 43, Diff: 40, Sum: 126]
      [GC Worker Other (ms): Min: 0.0, Avg: 0.0, Max: 0.0, Diff: 0.0, Sum: 0.1]
      [GC Worker Total (ms): Min: 283.3, Avg: 289.2, Max: 290.4, Diff: 7.1, Sum: 2313.7]
      [GC Worker End (ms): Min: 141340.1, Avg: 141340.2, Max: 141340.3, Diff: 0.1]
   [Code Root Fixup: 0.0 ms]
   [Code Root Purge: 0.0 ms]
   [Clear CT: 0.2 ms]
   [Other: 24.4 ms]
      [Evacuation Failure: 21.5 ms]
      [Choose CSet: 0.0 ms]
      [Ref Proc: 2.5 ms]
      [Ref Enq: 0.0 ms]
      [Redirty Cards: 0.2 ms]
      [Humongous Register: 0.0 ms]
      [Humongous Reclaim: 0.0 ms]
      [Free CSet: 0.0 ms]
   [Eden: 88.0M(88.0M)->0.0B(89.0M) Survivors: 13.0M->13.0M Heap: 2006.3M(2024.0M)->2010.3M(2048.0M)]
 [Times: user=1.12 sys=0.01, real=0.31 secs] 
141.402: [GC pause (G1 Evacuation Pause) (young)141.690: [SoftReference, 0 refs, 0.0000293 secs]141.690: [WeakReference, 0 refs, 0.0000044 secs]141.690: [FinalReference, 0 refs, 0.0000037 secs]141.690: [PhantomReference, 0 refs, 0 refs, 0.0000047 secs]141.690: [JNI Weak Reference, 0.0000094 secs] (to-space exhausted), 0.3051902 secs]
   [Parallel Time: 285.1 ms, GC Workers: 8]
      [GC Worker Start (ms): Min: 141402.5, Avg: 141402.6, Max: 141402.6, Diff: 0.1]
      [Ext Root Scanning (ms): Min: 0.1, Avg: 0.1, Max: 0.2, Diff: 0.1, Sum: 0.8]
      [Update RS (ms): Min: 0.0, Avg: 8.7, Max: 10.0, Diff: 10.0, Sum: 69.6]
         [Processed Buffers: Min: 0, Avg: 19.5, Max: 32, Diff: 32, Sum: 156]
      [Scan RS (ms): Min: 0.0, Avg: 0.0, Max: 0.0, Diff: 0.0, Sum: 0.0]
      [Code Root Scanning (ms): Min: 0.0, Avg: 0.0, Max: 0.0, Diff: 0.0, Sum: 0.0]
      [Object Copy (ms): Min: 274.8, Avg: 276.1, Max: 284.8, Diff: 10.0, Sum: 2209.1]
      [Termination (ms): Min: 0.0, Avg: 0.0, Max: 0.0, Diff: 0.0, Sum: 0.2]
         [Termination Attempts: Min: 1, Avg: 1.0, Max: 1, Diff: 0, Sum: 8]
      [GC Worker Other (ms): Min: 0.0, Avg: 0.0, Max: 0.0, Diff: 0.0, Sum: 0.1]
      [GC Worker Total (ms): Min: 284.9, Avg: 285.0, Max: 285.0, Diff: 0.1, Sum: 2279.9]
      [GC Worker End (ms): Min: 141687.6, Avg: 141687.6, Max: 141687.6, Diff: 0.0]
   [Code Root Fixup: 0.0 ms]
   [Code Root Purge: 0.0 ms]
   [Clear CT: 0.2 ms]
   [Other: 20.0 ms]
      [Evacuation Failure: 17.2 ms]
      [Choose CSet: 0.0 ms]
      [Ref Proc: 2.5 ms]
      [Ref Enq: 0.0 ms]
      [Redirty Cards: 0.2 ms]
      [Humongous Register: 0.0 ms]
      [Humongous Reclaim: 0.0 ms]
      [Free CSet: 0.0 ms]
   [Eden: 36.0M(89.0M)->0.0B(102.0M) Survivors: 13.0M->0.0B Heap: 2046.3M(2048.0M)->2046.3M(2048.0M)]
 [Times: user=0.45 sys=0.00, real=0.30 secs] 
141.708: [GC pause (G1 Evacuation Pause) (young)141.715: [SoftReference, 0 refs, 0.0000215 secs]141.715: [WeakReference, 0 refs, 0.0000033 secs]141.715: [FinalReference, 0 refs, 0.0000028 secs]141.715: [PhantomReference, 0 refs, 0 refs, 0.0000033 secs]141.715: [JNI Weak Reference, 0.0000026 secs], 0.0072463 secs]
   [Parallel Time: 4.0 ms, GC Workers: 8]
      [GC Worker Start (ms): Min: 141707.9, Avg: 141707.9, Max: 141708.0, Diff: 0.1]
      [Ext Root Scanning (ms): Min: 0.1, Avg: 0.1, Max: 0.1, Diff: 0.1, Sum: 0.8]
      [Update RS (ms): Min: 3.6, Avg: 3.7, Max: 3.7, Diff: 0.2, Sum: 29.5]
         [Processed Buffers: Min: 14, Avg: 16.0, Max: 22, Diff: 8, Sum: 128]
      [Scan RS (ms): Min: 0.0, Avg: 0.0, Max: 0.0, Diff: 0.0, Sum: 0.0]
      [Code Root Scanning (ms): Min: 0.0, Avg: 0.0, Max: 0.0, Diff: 0.0, Sum: 0.0]
      [Object Copy (ms): Min: 0.0, Avg: 0.0, Max: 0.0, Diff: 0.0, Sum: 0.0]
      [Termination (ms): Min: 0.0, Avg: 0.1, Max: 0.2, Diff: 0.2, Sum: 0.7]
         [Termination Attempts: Min: 1, Avg: 1.0, Max: 1, Diff: 0, Sum: 8]
      [GC Worker Other (ms): Min: 0.0, Avg: 0.0, Max: 0.0, Diff: 0.0, Sum: 0.1]
      [GC Worker Total (ms): Min: 3.8, Avg: 3.9, Max: 3.9, Diff: 0.1, Sum: 31.1]
      [GC Worker End (ms): Min: 141711.8, Avg: 141711.8, Max: 141711.9, Diff: 0.1]
   [Code Root Fixup: 0.0 ms]
   [Code Root Purge: 0.0 ms]
   [Clear CT: 0.1 ms]
   [Other: 3.2 ms]
      [Choose CSet: 0.0 ms]
      [Ref Proc: 3.0 ms]
      [Ref Enq: 0.0 ms]
      [Redirty Cards: 0.1 ms]
      [Humongous Register: 0.0 ms]
      [Humongous Reclaim: 0.0 ms]
      [Free CSet: 0.0 ms]
   [Eden: 0.0B(102.0M)->0.0B(102.0M) Survivors: 0.0B->0.0B Heap: 2046.3M(2048.0M)->2046.3M(2048.0M)]
 [Times: user=0.05 sys=0.00, real=0.01 secs] 
141.715: [Full GC (Allocation Failure) 143.022: [SoftReference, 0 refs, 0.0000255 secs]143.022: [WeakReference, 1048560 refs, 0.0585610 secs]143.080: [FinalReference, 2 refs, 0.0000075 secs]143.080: [PhantomReference, 0 refs, 0 refs, 0.0000042 secs]143.080: [JNI Weak Reference, 0.0000035 secs] 2046M->1682M(2048M), 3.3445237 secs]
   [Eden: 0.0B(102.0M)->0.0B(102.0M) Survivors: 0.0B->0.0B Heap: 2046.3M(2048.0M)->1682.1M(2048.0M)], [Metaspace: 3229K->3229K(1056768K)]
 [Times: user=5.16 sys=0.05, real=3.35 secs] 
145.060: [GC concurrent-mark-abort]
Heap
 garbage-first heap   total 2097152K, used 1723516K [0x0000000740000000, 0x0000000740104000, 0x00000007c0000000)
  region size 1024K, 2 young (2048K), 0 survivors (0K)
 Metaspace       used 3237K, capacity 4498K, committed 4864K, reserved 1056768K
  class space    used 355K, capacity 386K, committed 512K, reserved 1048576K
