69.603: [GC 69.603: [ParNew: 209792K->8391K(235968K), 0.0168412 secs] 209792K->8391K(1022400K), 0.0169706 secs] [Times: user=0.08 sys=0.03, real=0.02 secs] 
72.034: [GC 72.034: [ParNew: 218183K->26176K(235968K), 0.1389218 secs] 218183K->51030K(1022400K), 0.1390395 secs] [Times: user=0.49 sys=0.06, real=0.13 secs] 
73.562: [GC 73.562: [ParNew: 235968K->26176K(235968K), 0.4762779 secs] 260822K->153114K(1022400K), 0.4763904 secs] [Times: user=2.64 sys=0.06, real=0.49 secs] 
75.000: [GC 75.000: [ParNew: 235968K->26176K(235968K), 0.4251063 secs] 362906K->237926K(1022400K), 0.4252214 secs] [Times: user=2.22 sys=0.06, real=0.44 secs] 
76.526: [GC 76.526: [ParNew: 235968K->26176K(235968K), 0.4179933 secs] 447718K->318720K(1022400K), 0.4181168 secs] [Times: user=2.05 sys=0.11, real=0.42 secs] 
78.017: [GC 78.017: [ParNew: 235968K->26176K(235968K), 0.4132648 secs] 528512K->400864K(1022400K), 0.4133724 secs] [Times: user=2.34 sys=0.05, real=0.42 secs] 
82.840: [GC 82.840: [ParNew: 235968K->26176K(235968K), 0.2851441 secs] 610656K->480665K(1022400K), 0.2852695 secs] [Times: user=1.55 sys=0.11, real=0.28 secs] 
83.126: [GC [1 CMS-initial-mark: 454489K(786432K)] 481652K(1022400K), 0.0506279 secs] [Times: user=0.08 sys=0.00, real=0.06 secs] 
83.177: [CMS-concurrent-mark-start]
85.715: [CMS-concurrent-mark: 2.497/2.538 secs] [Times: user=6.67 sys=0.09, real=2.53 secs] 
85.715: [CMS-concurrent-preclean-start]
85.961: [CMS-concurrent-preclean: 0.171/0.246 secs] [Times: user=0.59 sys=0.08, real=0.25 secs] 
85.961: [CMS-concurrent-abortable-preclean-start]
88.476: [GC 88.476: [ParNew: 235968K->26176K(235968K), 0.1942054 secs] 690457K->520983K(1022400K), 0.1943261 secs] [Times: user=1.14 sys=0.02, real=0.19 secs] 
90.062: [CMS-concurrent-abortable-preclean: 3.306/4.101 secs] [Times: user=9.97 sys=1.14, real=4.09 secs] 
90.063: [GC[YG occupancy: 135282 K (235968 K)]90.063: [Rescan (parallel) , 0.0385133 secs]90.102: [weak refs processing, 0.0021687 secs] [1 CMS-remark: 494807K(786432K)] 630090K(1022400K), 0.0408013 secs] [Times: user=0.28 sys=0.00, real=0.05 secs] 
90.104: [CMS-concurrent-sweep-start]
90.538: [CMS-concurrent-sweep: 0.434/0.434 secs] [Times: user=1.44 sys=0.03, real=0.44 secs] 
90.539: [CMS-concurrent-reset-start]
90.559: [CMS-concurrent-reset: 0.020/0.020 secs] [Times: user=0.05 sys=0.00, real=0.01 secs] 
91.030: [GC [1 CMS-initial-mark: 469346K(786432K)] 694160K(1022400K), 0.3586260 secs] [Times: user=0.36 sys=0.00, real=0.36 secs] 
91.389: [CMS-concurrent-mark-start]
92.083: [GC 92.083: [ParNew: 235968K->26176K(235968K), 0.2923218 secs] 705314K->552141K(1022400K), 0.2924545 secs] [Times: user=1.75 sys=0.00, real=0.28 secs] 
93.262: [CMS-concurrent-mark: 1.547/1.873 secs] [Times: user=6.99 sys=0.00, real=1.88 secs] 
93.262: [CMS-concurrent-preclean-start]
94.149: [CMS-concurrent-preclean: 0.668/0.887 secs] [Times: user=0.59 sys=0.36, real=0.89 secs] 
94.149: [CMS-concurrent-abortable-preclean-start]
97.119: [GC 97.119: [ParNew: 235968K->26176K(235968K), 0.2318161 secs] 761933K->629070K(1022400K), 0.2319532 secs] [Times: user=1.11 sys=0.01, real=0.23 secs] 
98.009: [CMS-concurrent-abortable-preclean: 3.430/3.861 secs] [Times: user=8.67 sys=0.27, real=3.86 secs] 
98.010: [GC[YG occupancy: 153386 K (235968 K)]98.010: [Rescan (parallel) , 0.0370919 secs]98.047: [weak refs processing, 0.0026364 secs] [1 CMS-remark: 602894K(786432K)] 756281K(1022400K), 0.0398721 secs] [Times: user=0.27 sys=0.00, real=0.05 secs] 
98.050: [CMS-concurrent-sweep-start]
98.516: [CMS-concurrent-sweep: 0.465/0.465 secs] [Times: user=1.39 sys=0.00, real=0.45 secs] 
98.516: [CMS-concurrent-reset-start]
98.535: [CMS-concurrent-reset: 0.019/0.019 secs] [Times: user=0.09 sys=0.00, real=0.03 secs] 
99.052: [GC [1 CMS-initial-mark: 556528K(786432K)] 776645K(1022400K), 0.3954637 secs] [Times: user=0.39 sys=0.00, real=0.39 secs] 
99.448: [CMS-concurrent-mark-start]
99.574: [GC 99.574: [ParNew: 235968K->25949K(235968K), 0.0427931 secs] 792496K->595693K(1022400K), 0.0429298 secs] [Times: user=0.27 sys=0.00, real=0.05 secs] 
100.891: [GC 100.891: [ParNew: 235741K->26176K(235968K), 0.0442919 secs] 805485K->604938K(1022400K), 0.0444372 secs] [Times: user=0.38 sys=0.00, real=0.05 secs] 
101.509: [CMS-concurrent-mark: 1.660/2.061 secs] [Times: user=10.24 sys=0.19, real=2.06 secs] 
101.509: [CMS-concurrent-preclean-start]
101.546: [GC 101.546: [ParNew: 235968K->26176K(235968K), 0.0948607 secs] 814730K->632569K(1022400K), 0.0949833 secs] [Times: user=0.63 sys=0.00, real=0.09 secs] 
102.281: [GC 102.281: [ParNew: 235968K->26176K(235968K), 0.1182955 secs] 842361K->657818K(1022400K), 0.1184265 secs] [Times: user=0.67 sys=0.02, real=0.13 secs] 
102.409: [CMS-concurrent-preclean: 0.492/0.900 secs] [Times: user=3.75 sys=0.30, real=0.91 secs] 
102.409: [CMS-concurrent-abortable-preclean-start]
102.997: [CMS-concurrent-abortable-preclean: 0.501/0.588 secs] [Times: user=2.38 sys=0.22, real=0.58 secs] 
102.999: [GC[YG occupancy: 134109 K (235968 K)]102.999: [Rescan (parallel) , 0.0256837 secs]103.025: [weak refs processing, 0.0020603 secs] [1 CMS-remark: 631642K(786432K)] 765751K(1022400K), 0.0278689 secs] [Times: user=0.17 sys=0.00, real=0.03 secs] 
103.027: [CMS-concurrent-sweep-start]
103.605: [CMS-concurrent-sweep: 0.578/0.578 secs] [Times: user=2.17 sys=0.11, real=0.58 secs] 
103.605: [CMS-concurrent-reset-start]
103.625: [CMS-concurrent-reset: 0.019/0.019 secs] [Times: user=0.05 sys=0.00, real=0.01 secs] 
103.682: [GC 103.682: [ParNew: 235968K->26176K(235968K), 0.0743879 secs] 789882K->595194K(1022400K), 0.0745329 secs] [Times: user=0.36 sys=0.01, real=0.08 secs] 
103.757: [GC [1 CMS-initial-mark: 569018K(786432K)] 595418K(1022400K), 0.0334816 secs] [Times: user=0.03 sys=0.00, real=0.03 secs] 
103.790: [CMS-concurrent-mark-start]
104.432: [GC 104.432: [ParNew: 235968K->17444K(235968K), 0.0498575 secs] 804986K->600760K(1022400K), 0.0499991 secs] [Times: user=0.25 sys=0.00, real=0.05 secs] 
105.127: [GC 105.127: [ParNew: 227236K->15476K(235968K), 0.0217760 secs] 810552K->598792K(1022400K), 0.0219162 secs] [Times: user=0.25 sys=0.00, real=0.03 secs] 
105.646: [CMS-concurrent-mark: 1.751/1.855 secs] [Times: user=9.50 sys=0.14, real=1.86 secs] 
105.646: [CMS-concurrent-preclean-start]
105.823: [GC 105.823: [ParNew: 225268K->18406K(235968K), 0.0166242 secs] 808584K->601722K(1022400K), 0.0167516 secs] [Times: user=0.13 sys=0.00, real=0.02 secs] 
105.964: [CMS-concurrent-preclean: 0.218/0.318 secs] [Times: user=1.44 sys=0.08, real=0.31 secs] 
105.964: [CMS-concurrent-abortable-preclean-start]
106.142: [CMS-concurrent-abortable-preclean: 0.174/0.178 secs] [Times: user=0.70 sys=0.03, real=0.17 secs] 
106.143: [GC[YG occupancy: 131805 K (235968 K)]106.143: [Rescan (parallel) , 0.0156995 secs]106.159: [weak refs processing, 0.0022520 secs] [1 CMS-remark: 583316K(786432K)] 715121K(1022400K), 0.0180819 secs] [Times: user=0.01 sys=0.00, real=0.03 secs] 
106.161: [CMS-concurrent-sweep-start]
106.502: [GC 106.502: [ParNew: 228198K->16778K(235968K), 0.0177062 secs] 799423K->588003K(1022400K), 0.0178442 secs] [Times: user=0.13 sys=0.00, real=0.02 secs] 
106.785: [CMS-concurrent-sweep: 0.605/0.624 secs] [Times: user=2.36 sys=0.05, real=0.63 secs] 
106.785: [CMS-concurrent-reset-start]
106.805: [CMS-concurrent-reset: 0.020/0.020 secs] [Times: user=0.06 sys=0.00, real=0.02 secs] 
107.152: [GC 107.152: [ParNew: 226570K->21700K(235968K), 0.0226738 secs] 728578K->526012K(1022400K), 0.0228079 secs] [Times: user=0.14 sys=0.00, real=0.03 secs] 
107.697: [GC 107.698: [ParNew: 231492K->26176K(235968K), 0.0314090 secs] 735804K->532434K(1022400K), 0.0315381 secs] [Times: user=0.22 sys=0.03, real=0.03 secs] 
108.481: [GC 108.481: [ParNew: 235968K->24990K(235968K), 0.0370293 secs] 742226K->536349K(1022400K), 0.0371765 secs] [Times: user=0.27 sys=0.00, real=0.05 secs] 
109.326: [GC 109.326: [ParNew: 234782K->18223K(235968K), 0.0306243 secs] 746141K->534704K(1022400K), 0.0307774 secs] [Times: user=0.25 sys=0.00, real=0.03 secs] 
110.231: [GC 110.231: [ParNew: 228015K->24645K(235968K), 0.0319032 secs] 744496K->541126K(1022400K), 0.0320398 secs] [Times: user=0.25 sys=0.00, real=0.03 secs] 
110.926: [GC 110.926: [ParNew: 234437K->18586K(235968K), 0.0476759 secs] 750918K->544817K(1022400K), 0.0478024 secs] [Times: user=0.26 sys=0.00, real=0.05 secs] 
111.727: [GC 111.727: [ParNew: 228378K->24358K(235968K), 0.0236491 secs] 754609K->550589K(1022400K), 0.0237991 secs] [Times: user=0.13 sys=0.00, real=0.01 secs] 
112.571: [GC 112.571: [ParNew: 234150K->18368K(235968K), 0.0333199 secs] 760381K->551189K(1022400K), 0.0334677 secs] [Times: user=0.23 sys=0.01, real=0.03 secs] 
113.323: [GC 113.323: [ParNew: 228160K->18082K(235968K), 0.0179316 secs] 760981K->550903K(1022400K), 0.0180760 secs] [Times: user=0.13 sys=0.00, real=0.02 secs] 
113.994: [GC 113.994: [ParNew: 227874K->20431K(235968K), 0.0291417 secs] 760695K->556417K(1022400K), 0.0292861 secs] [Times: user=0.25 sys=0.00, real=0.03 secs] 
115.733: [GC 115.733: [ParNew: 230223K->26176K(235968K), 0.0527148 secs] 766209K->569363K(1022400K), 0.0528548 secs] [Times: user=0.39 sys=0.00, real=0.06 secs] 
128.987: [GC 128.987: [ParNew: 235968K->25166K(235968K), 0.0703251 secs] 779155K->581700K(1022400K), 0.0704576 secs] [Times: user=0.51 sys=0.00, real=0.08 secs] 
160.895: [GC 160.895: [ParNew: 234958K->25083K(235968K), 0.0324293 secs] 791492K->584214K(1022400K), 0.0325608 secs] [Times: user=0.14 sys=0.00, real=0.03 secs] 
179.958: [GC 179.959: [ParNew: 234875K->24511K(235968K), 0.0388385 secs] 794006K->590249K(1022400K), 0.0389879 secs] [Times: user=0.25 sys=0.00, real=0.03 secs] 
201.288: [GC 201.288: [ParNew: 234303K->21622K(235968K), 0.0356526 secs] 800041K->588688K(1022400K), 0.0358004 secs] [Times: user=0.22 sys=0.03, real=0.03 secs] 
219.794: [GC 219.794: [ParNew: 231414K->21029K(235968K), 0.0357523 secs] 798480K->589605K(1022400K), 0.0358822 secs] [Times: user=0.25 sys=0.00, real=0.03 secs] 
243.284: [GC 243.284: [ParNew: 230821K->14821K(235968K), 0.0231007 secs] 799397K->588127K(1022400K), 0.0232247 secs] [Times: user=0.23 sys=0.00, real=0.03 secs] 
299.892: [GC 299.892: [ParNew: 224613K->6069K(235968K), 0.0107153 secs] 797919K->579375K(1022400K), 0.0108475 secs] [Times: user=0.13 sys=0.00, real=0.02 secs] 
347.819: [GC 347.819: [ParNew: 215861K->9926K(235968K), 0.0164666 secs] 789167K->583232K(1022400K), 0.0165884 secs] [Times: user=0.08 sys=0.05, real=0.02 secs] 
360.383: [GC 360.383: [ParNew: 219718K->26176K(235968K), 0.2655500 secs] 793024K->651732K(1022400K), 0.2656813 secs] [Times: user=1.75 sys=0.00, real=0.27 secs] 
362.240: [GC 362.240: [ParNew: 235968K->26176K(235968K), 0.3625620 secs] 861524K->728697K(1022400K), 0.3626852 secs] [Times: user=2.02 sys=0.00, real=0.36 secs] 
362.604: [GC [1 CMS-initial-mark: 702521K(786432K)] 731910K(1022400K), 0.0402439 secs] [Times: user=0.03 sys=0.00, real=0.03 secs] 
362.644: [CMS-concurrent-mark-start]
364.157: [GC 364.157: [ParNew: 235968K->235968K(235968K), 0.0000430 secs]364.157: [CMSbailing out to foreground collection
364.261: [CMS-concurrent-mark: 1.616/1.617 secs] [Times: user=5.08 sys=0.01, real=1.63 secs] 
(concurrent mode failure): 702521K->594052K(786432K), 4.9052810 secs] 938489K->594052K(1022400K), [CMS Perm : 22623K->22606K(37688K)], 4.9054799 secs] [Times: user=5.02 sys=0.00, real=4.91 secs] 
370.579: [GC 370.579: [ParNew: 209792K->26176K(235968K), 0.2158190 secs] 803844K->672030K(1022400K), 0.2159422 secs] [Times: user=1.44 sys=0.03, real=0.22 secs] 
394.723: [GC 394.723: [ParNew: 235968K->26176K(235968K), 0.1561659 secs] 881822K->712740K(1022400K), 0.1562981 secs] [Times: user=0.91 sys=0.02, real=0.16 secs] 
394.880: [GC [1 CMS-initial-mark: 686564K(786432K)] 714007K(1022400K), 0.0374698 secs] [Times: user=0.03 sys=0.00, real=0.03 secs] 
394.917: [CMS-concurrent-mark-start]
396.362: [CMS-concurrent-mark: 1.445/1.445 secs] [Times: user=3.24 sys=0.02, real=1.44 secs] 
396.362: [CMS-concurrent-preclean-start]
396.400: [CMS-concurrent-preclean: 0.026/0.038 secs] [Times: user=0.06 sys=0.05, real=0.05 secs] 
396.400: [CMS-concurrent-abortable-preclean-start]
CMS: abort preclean due to time 2010-04-20T18:50:11.324+0100: 401.421: [CMS-concurrent-abortable-preclean: 3.945/5.020 secs] [Times: user=5.27 sys=0.09, real=5.02 secs] 
401.424: [GC[YG occupancy: 133085 K (235968 K)]401.424: [Rescan (parallel) , 0.1942401 secs]401.618: [weak refs processing, 0.0022391 secs] [1 CMS-remark: 686564K(786432K)] 819649K(1022400K), 0.1965985 secs] [Times: user=0.31 sys=0.00, real=0.20 secs] 
401.621: [CMS-concurrent-sweep-start]
402.462: [CMS-concurrent-sweep: 0.841/0.841 secs] [Times: user=1.03 sys=0.00, real=0.84 secs] 
402.462: [CMS-concurrent-reset-start]
402.478: [CMS-concurrent-reset: 0.016/0.016 secs] [Times: user=0.01 sys=0.00, real=0.02 secs] 
412.427: [GC 412.427: [ParNew: 235968K->26103K(235968K), 0.0718650 secs] 698480K->507460K(1022400K), 0.0720038 secs] [Times: user=0.28 sys=0.00, real=0.06 secs] 
439.067: [GC 439.067: [ParNew: 235895K->16224K(235968K), 0.0182465 secs] 717252K->497582K(1022400K), 0.0183674 secs] [Times: user=0.25 sys=0.00, real=0.03 secs] 
471.069: [GC 471.069: [ParNew: 226016K->22098K(235968K), 0.0204917 secs] 707374K->503456K(1022400K), 0.0206188 secs] [Times: user=0.13 sys=0.00, real=0.02 secs] 
555.884: [GC 555.884: [ParNew: 231890K->15054K(235968K), 0.0226006 secs] 713248K->498735K(1022400K), 0.0227300 secs] [Times: user=0.13 sys=0.00, real=0.02 secs] 
638.722: [GC 638.722: [ParNew: 224846K->10299K(235968K), 0.0127019 secs] 708527K->493979K(1022400K), 0.0128201 secs] [Times: user=0.13 sys=0.00, real=0.02 secs] 
712.030: [GC 712.030: [ParNew: 220091K->10284K(235968K), 0.0154109 secs] 703771K->495836K(1022400K), 0.0155377 secs] [Times: user=0.13 sys=0.00, real=0.02 secs] 
763.519: [GC 763.519: [ParNew: 220076K->9536K(235968K), 0.0191499 secs] 705628K->496945K(1022400K), 0.0192720 secs] [Times: user=0.13 sys=0.00, real=0.01 secs] 
779.988: [GC 779.988: [ParNew: 219328K->12467K(235968K), 0.0172678 secs] 706737K->499951K(1022400K), 0.0174103 secs] [Times: user=0.13 sys=0.00, real=0.02 secs] 
840.485: [GC 840.485: [ParNew: 222259K->10580K(235968K), 0.0196134 secs] 709743K->498124K(1022400K), 0.0197349 secs] [Times: user=0.13 sys=0.00, real=0.02 secs] 
862.103: [GC 862.103: [ParNew: 220372K->13139K(235968K), 0.0179956 secs] 707916K->500756K(1022400K), 0.0181224 secs] [Times: user=0.13 sys=0.00, real=0.02 secs] 
901.047: [GC 901.047: [ParNew: 222931K->10562K(235968K), 0.0208644 secs] 710548K->498240K(1022400K), 0.0209862 secs] [Times: user=0.13 sys=0.00, real=0.02 secs] 
967.317: [GC 967.317: [ParNew: 220354K->7717K(235968K), 0.0149664 secs] 708032K->495424K(1022400K), 0.0151025 secs] [Times: user=0.13 sys=0.00, real=0.02 secs] 
999.798: [GC 999.798: [ParNew: 217509K->10011K(235968K), 0.0180822 secs] 705216K->497779K(1022400K), 0.0182059 secs] [Times: user=0.13 sys=0.00, real=0.02 secs] 
1075.675: [GC 1075.675: [ParNew: 219803K->6305K(235968K), 0.0111338 secs] 707571K->494116K(1022400K), 0.0112668 secs] [Times: user=0.13 sys=0.00, real=0.02 secs] 
1144.748: [GC 1144.748: [ParNew: 216097K->5914K(235968K), 0.0113062 secs] 703908K->493886K(1022400K), 0.0114353 secs] [Times: user=0.00 sys=0.00, real=0.00 secs] 
1190.019: [GC 1190.020: [ParNew: 215706K->7376K(235968K), 0.0153522 secs] 703678K->495875K(1022400K), 0.0154799 secs] [Times: user=0.13 sys=0.00, real=0.02 secs] 
1211.432: [GC 1211.432: [ParNew: 217168K->26176K(235968K), 0.1367590 secs] 705667K->536024K(1022400K), 0.1368853 secs] [Times: user=0.88 sys=0.02, real=0.14 secs] 
1256.496: [GC 1256.496: [ParNew: 235968K->26176K(235968K), 0.1681454 secs] 745816K->565487K(1022400K), 0.1682680 secs] [Times: user=0.86 sys=0.01, real=0.16 secs] 
1284.724: [GC 1284.724: [ParNew: 235968K->24825K(235968K), 0.1014838 secs] 775279K->586929K(1022400K), 0.1016193 secs] [Times: user=0.38 sys=0.01, real=0.11 secs] 
1337.138: [GC 1337.139: [ParNew: 234617K->11923K(235968K), 0.0152248 secs] 796721K->574027K(1022400K), 0.0153614 secs] [Times: user=0.13 sys=0.00, real=0.02 secs] 
1412.981: [GC 1412.981: [ParNew: 221715K->11829K(235968K), 0.0147530 secs] 783819K->573933K(1022400K), 0.0148720 secs] [Times: user=0.00 sys=0.00, real=0.00 secs] 
1453.158: [GC 1453.158: [ParNew: 221621K->8195K(235968K), 0.0127966 secs] 783725K->570299K(1022400K), 0.0129240 secs] [Times: user=0.13 sys=0.00, real=0.02 secs] 
1509.527: [GC 1509.527: [ParNew: 217987K->6401K(235968K), 0.0150597 secs] 780091K->569970K(1022400K), 0.0151927 secs] [Times: user=0.13 sys=0.00, real=0.02 secs] 
1615.759: [GC 1615.759: [ParNew: 216193K->4757K(235968K), 0.0142957 secs] 779762K->570962K(1022400K), 0.0144259 secs] [Times: user=0.13 sys=0.00, real=0.02 secs] 
1697.642: [GC 1697.643: [ParNew: 214549K->2263K(235968K), 0.0077792 secs] 780754K->568498K(1022400K), 0.0079147 secs] [Times: user=0.00 sys=0.00, real=0.00 secs] 
1730.618: [GC 1730.619: [ParNew: 212055K->26176K(235968K), 0.2490914 secs] 778290K->636570K(1022400K), 0.2492149 secs] [Times: user=1.63 sys=0.00, real=0.25 secs] 
1841.668: [GC 1841.669: [ParNew: 235968K->20049K(235968K), 0.0935714 secs] 846362K->655474K(1022400K), 0.0937046 secs] [Times: user=0.55 sys=0.01, real=0.09 secs] 
1939.623: [GC 1939.623: [ParNew: 229841K->5401K(235968K), 0.0102150 secs] 865266K->640826K(1022400K), 0.0103513 secs] [Times: user=0.13 sys=0.00, real=0.02 secs] 
2070.745: [GC 2070.745: [ParNew: 215193K->2868K(235968K), 0.0076323 secs] 850618K->638293K(1022400K), 0.0077543 secs] [Times: user=0.13 sys=0.00, real=0.02 secs] 
2130.047: [GC 2130.047: [ParNew: 212660K->3285K(235968K), 0.0076205 secs] 848085K->638711K(1022400K), 0.0077353 secs] [Times: user=0.13 sys=0.00, real=0.02 secs] 
2225.830: [GC 2225.830: [ParNew: 213077K->3361K(235968K), 0.0101910 secs] 848503K->639505K(1022400K), 0.0103142 secs] [Times: user=0.00 sys=0.01, real=0.02 secs] 
2330.751: [GC 2330.751: [ParNew: 213153K->2617K(235968K), 0.0086930 secs] 849297K->638809K(1022400K), 0.0088274 secs] [Times: user=0.13 sys=0.00, real=0.02 secs] 
2405.574: [GC 2405.574: [ParNew: 212409K->3514K(235968K), 0.0102658 secs] 848601K->639759K(1022400K), 0.0103915 secs] [Times: user=0.11 sys=0.02, real=0.01 secs] 
2509.967: [GC 2509.967: [ParNew: 213306K->2413K(235968K), 0.0079524 secs] 849551K->638703K(1022400K), 0.0080879 secs] [Times: user=0.11 sys=0.02, real=0.01 secs] 
2628.635: [GC 2628.635: [ParNew: 212205K->3470K(235968K), 0.0098722 secs] 848495K->639811K(1022400K), 0.0099985 secs] [Times: user=0.00 sys=0.00, real=0.00 secs] 
2733.471: [GC 2733.471: [ParNew: 213262K->2721K(235968K), 0.0085732 secs] 849603K->639110K(1022400K), 0.0087000 secs] [Times: user=0.13 sys=0.00, real=0.02 secs] 
2799.837: [GC 2799.837: [ParNew: 212513K->2456K(235968K), 0.0082854 secs] 848902K->638874K(1022400K), 0.0084033 secs] [Times: user=0.00 sys=0.00, real=0.00 secs] 
2876.364: [GC 2876.364: [ParNew: 212248K->2597K(235968K), 0.0125337 secs] 848666K->639065K(1022400K), 0.0126605 secs] [Times: user=0.13 sys=0.00, real=0.02 secs] 
2977.450: [GC 2977.450: [ParNew: 212389K->2392K(235968K), 0.0087696 secs] 848857K->638916K(1022400K), 0.0089076 secs] [Times: user=0.00 sys=0.00, real=0.00 secs] 
3066.813: [GC 3066.813: [ParNew: 212184K->2117K(235968K), 0.0081689 secs] 848708K->638712K(1022400K), 0.0082840 secs] [Times: user=0.00 sys=0.00, real=0.02 secs] 
3149.377: [GC 3149.377: [ParNew: 211909K->2735K(235968K), 0.0088036 secs] 848504K->639364K(1022400K), 0.0089268 secs] [Times: user=0.09 sys=0.03, real=0.01 secs] 
3230.156: [GC 3230.156: [ParNew: 212527K->2027K(235968K), 0.0079630 secs] 849156K->638694K(1022400K), 0.0080859 secs] [Times: user=0.00 sys=0.00, real=0.00 secs] 
3299.537: [GC 3299.537: [ParNew: 211819K->2441K(235968K), 0.0085083 secs] 848486K->639155K(1022400K), 0.0086315 secs] [Times: user=0.13 sys=0.00, real=0.02 secs] 
3385.774: [GC 3385.774: [ParNew: 212233K->3392K(235968K), 0.0071328 secs] 848947K->640156K(1022400K), 0.0072576 secs] [Times: user=0.13 sys=0.00, real=0.02 secs] 
3464.097: [GC 3464.097: [ParNew: 213184K->2248K(235968K), 0.0072777 secs] 849948K->639045K(1022400K), 0.0074009 secs] [Times: user=0.00 sys=0.00, real=0.02 secs] 
3557.278: [GC 3557.278: [ParNew: 212040K->2518K(235968K), 0.0085709 secs] 848837K->639357K(1022400K), 0.0086930 secs] [Times: user=0.00 sys=0.00, real=0.00 secs] 
3664.548: [GC 3664.548: [ParNew: 212310K->2245K(235968K), 0.0076049 secs] 849149K->639116K(1022400K), 0.0077203 secs] [Times: user=0.00 sys=0.00, real=0.00 secs] 
3763.856: [GC 3763.856: [ParNew: 212037K->5386K(235968K), 0.0144334 secs] 848908K->642293K(1022400K), 0.0145580 secs] [Times: user=0.09 sys=0.00, real=0.02 secs] 
3857.224: [GC 3857.225: [ParNew: 215178K->7005K(235968K), 0.0126167 secs] 852085K->643952K(1022400K), 0.0127379 secs] [Times: user=0.13 sys=0.00, real=0.01 secs] 
3954.936: [GC 3954.937: [ParNew: 216797K->5092K(235968K), 0.0154120 secs] 853744K->642076K(1022400K), 0.0155386 secs] [Times: user=0.11 sys=0.00, real=0.02 secs] 
4038.141: [GC 4038.141: [ParNew: 214884K->5943K(235968K), 0.0133911 secs] 851868K->642960K(1022400K), 0.0135235 secs] [Times: user=0.00 sys=0.00, real=0.00 secs] 
4129.843: [GC 4129.843: [ParNew: 215735K->3900K(235968K), 0.0163275 secs] 852752K->643264K(1022400K), 0.0164560 secs] [Times: user=0.13 sys=0.00, real=0.03 secs] 
4199.159: [GC 4199.160: [ParNew: 213692K->2792K(235968K), 0.0086743 secs] 853056K->642212K(1022400K), 0.0087944 secs] [Times: user=0.00 sys=0.00, real=0.00 secs] 
4271.010: [GC 4271.010: [ParNew: 212584K->2462K(235968K), 0.0056756 secs] 852004K->641918K(1022400K), 0.0057940 secs] [Times: user=0.00 sys=0.00, real=0.00 secs] 
4327.175: [GC 4327.175: [ParNew: 212254K->2310K(235968K), 0.0065047 secs] 851710K->641798K(1022400K), 0.0066268 secs] [Times: user=0.00 sys=0.00, real=0.00 secs] 
4362.498: [GC 4362.498: [ParNew: 212102K->2288K(235968K), 0.0063313 secs] 851590K->641815K(1022400K), 0.0064483 secs] [Times: user=0.13 sys=0.00, real=0.02 secs] 
4435.520: [GC 4435.520: [ParNew: 212080K->2429K(235968K), 0.0056770 secs] 851607K->641988K(1022400K), 0.0058060 secs] [Times: user=0.00 sys=0.00, real=0.00 secs] 
4529.809: [GC 4529.809: [ParNew: 212221K->2165K(235968K), 0.0063637 secs] 851780K->641759K(1022400K), 0.0064835 secs] [Times: user=0.08 sys=0.05, real=0.02 secs] 
4613.025: [GC 4613.025: [ParNew: 211957K->3626K(235968K), 0.0083307 secs] 851551K->643236K(1022400K), 0.0084592 secs] [Times: user=0.00 sys=0.00, real=0.00 secs] 
4675.223: [GC 4675.223: [ParNew: 213418K->3951K(235968K), 0.0085723 secs] 853028K->643587K(1022400K), 0.0087070 secs] [Times: user=0.00 sys=0.00, real=0.00 secs] 
4757.139: [GC 4757.139: [ParNew: 213743K->3088K(235968K), 0.0081779 secs] 853379K->642754K(1022400K), 0.0083175 secs] [Times: user=0.13 sys=0.00, real=0.02 secs] 
4875.296: [GC 4875.296: [ParNew: 212880K->3536K(235968K), 0.0105485 secs] 852546K->643235K(1022400K), 0.0106664 secs] [Times: user=0.08 sys=0.00, real=0.02 secs] 
4970.018: [GC 4970.018: [ParNew: 213328K->2750K(235968K), 0.0158439 secs] 853027K->643035K(1022400K), 0.0159660 secs] [Times: user=0.06 sys=0.00, real=0.01 secs] 
5039.867: [GC 5039.868: [ParNew: 212542K->2926K(235968K), 0.0105452 secs] 852827K->643238K(1022400K), 0.0106567 secs] [Times: user=0.00 sys=0.00, real=0.00 secs] 
5138.415: [GC 5138.415: [ParNew: 212718K->2925K(235968K), 0.0111517 secs] 853030K->643270K(1022400K), 0.0112743 secs] [Times: user=0.00 sys=0.00, real=0.00 secs] 
5251.366: [GC 5251.366: [ParNew: 212717K->2324K(235968K), 0.0104097 secs] 853062K->642730K(1022400K), 0.0105228 secs] [Times: user=0.08 sys=0.00, real=0.02 secs] 
5394.185: [GC 5394.185: [ParNew: 212116K->2266K(235968K), 0.0116956 secs] 852522K->642731K(1022400K), 0.0118152 secs] [Times: user=0.00 sys=0.00, real=0.00 secs] 
5478.078: [GC 5478.078: [ParNew: 212058K->2594K(235968K), 0.0115431 secs] 852523K->643094K(1022400K), 0.0116596 secs] [Times: user=0.00 sys=0.00, real=0.00 secs] 
5603.044: [GC 5603.044: [ParNew: 212386K->2468K(235968K), 0.0112520 secs] 852886K->643002K(1022400K), 0.0113788 secs] [Times: user=0.06 sys=0.00, real=0.02 secs] 
5710.174: [GC 5710.174: [ParNew: 212260K->2591K(235968K), 0.0098608 secs] 852794K->643179K(1022400K), 0.0100091 secs] [Times: user=0.00 sys=0.00, real=0.00 secs] 
5804.863: [GC 5804.863: [ParNew: 212383K->2342K(235968K), 0.0112799 secs] 852971K->642979K(1022400K), 0.0114068 secs] [Times: user=0.05 sys=0.00, real=0.02 secs] 
5894.489: [GC 5894.489: [ParNew: 212134K->2525K(235968K), 0.0111671 secs] 852771K->643197K(1022400K), 0.0112947 secs] [Times: user=0.06 sys=0.00, real=0.01 secs] 
5967.974: [GC 5967.974: [ParNew: 212317K->2634K(235968K), 0.0101429 secs] 852989K->643360K(1022400K), 0.0102887 secs] [Times: user=0.06 sys=0.00, real=0.02 secs] 
6045.659: [GC 6045.659: [ParNew: 212426K->2505K(235968K), 0.0118300 secs] 853152K->643270K(1022400K), 0.0119448 secs] [Times: user=0.08 sys=0.00, real=0.01 secs] 
6113.024: [GC 6113.024: [ParNew: 212297K->2131K(235968K), 0.0071314 secs] 853062K->642932K(1022400K), 0.0072627 secs] [Times: user=0.13 sys=0.00, real=0.02 secs] 
6204.850: [GC 6204.850: [ParNew: 211918K->2818K(235968K), 0.0098546 secs] 852720K->643663K(1022400K), 0.0099761 secs] [Times: user=0.06 sys=0.00, real=0.02 secs] 
6315.028: [GC 6315.028: [ParNew: 212610K->2250K(235968K), 0.0098814 secs] 853455K->643120K(1022400K), 0.0099962 secs] [Times: user=0.08 sys=0.00, real=0.01 secs] 
6386.251: [GC 6386.251: [ParNew: 212042K->3177K(235968K), 0.0129986 secs] 852912K->644078K(1022400K), 0.0131181 secs] [Times: user=0.00 sys=0.00, real=0.00 secs] 
6465.048: [GC 6465.048: [ParNew: 212969K->3010K(235968K), 0.0099451 secs] 853870K->643933K(1022400K), 0.0100700 secs] [Times: user=0.00 sys=0.00, real=0.00 secs] 
6599.064: [GC 6599.064: [ParNew: 212802K->2190K(235968K), 0.0112425 secs] 853725K->643151K(1022400K), 0.0113676 secs] [Times: user=0.06 sys=0.00, real=0.02 secs] 
6692.962: [GC 6692.962: [ParNew: 211982K->2417K(235968K), 0.0055289 secs] 852943K->643422K(1022400K), 0.0056538 secs] [Times: user=0.00 sys=0.00, real=0.00 secs] 
6788.600: [GC 6788.600: [ParNew: 212209K->2043K(235968K), 0.0087620 secs] 853214K->643071K(1022400K), 0.0088841 secs] [Times: user=0.00 sys=0.00, real=0.00 secs] 
6847.228: [GC 6847.229: [ParNew: 211835K->2573K(235968K), 0.0103172 secs] 852863K->643629K(1022400K), 0.0104318 secs] [Times: user=0.00 sys=0.00, real=0.00 secs] 
6938.514: [GC 6938.514: [ParNew: 212365K->2716K(235968K), 0.0081368 secs] 853421K->643812K(1022400K), 0.0082569 secs] [Times: user=0.00 sys=0.00, real=0.00 secs] 
7020.347: [GC 7020.347: [ParNew: 212508K->2283K(235968K), 0.0087207 secs] 853604K->643411K(1022400K), 0.0088559 secs] [Times: user=0.09 sys=0.00, real=0.02 secs] 
7092.326: [GC 7092.326: [ParNew: 212075K->2859K(235968K), 0.0090039 secs] 853203K->644019K(1022400K), 0.0091336 secs] [Times: user=0.00 sys=0.00, real=0.00 secs] 
7162.311: [GC 7162.311: [ParNew: 212651K->2280K(235968K), 0.0062368 secs] 853811K->643462K(1022400K), 0.0063581 secs] [Times: user=0.00 sys=0.00, real=0.00 secs] 
7248.897: [GC 7248.897: [ParNew: 212072K->2891K(235968K), 0.0087746 secs] 853254K->644106K(1022400K), 0.0088883 secs] [Times: user=0.09 sys=0.00, real=0.02 secs] 
7339.914: [GC 7339.914: [ParNew: 212683K->2427K(235968K), 0.0096035 secs] 853898K->643675K(1022400K), 0.0097121 secs] [Times: user=0.08 sys=0.00, real=0.01 secs] 
7439.898: [GC 7439.898: [ParNew: 212219K->2899K(235968K), 0.0087243 secs] 853467K->644178K(1022400K), 0.0088553 secs] [Times: user=0.00 sys=0.00, real=0.01 secs] 
7561.980: [GC 7561.980: [ParNew: 212691K->2112K(235968K), 0.0082290 secs] 853970K->643417K(1022400K), 0.0083513 secs] [Times: user=0.11 sys=0.00, real=0.02 secs] 
7670.970: [GC 7670.970: [ParNew: 211904K->3543K(235968K), 0.0131377 secs] 853209K->644886K(1022400K), 0.0132567 secs] [Times: user=0.02 sys=0.00, real=0.02 secs] 
7743.276: [GC 7743.276: [ParNew: 213335K->3645K(235968K), 0.0115241 secs] 854678K->645019K(1022400K), 0.0116437 secs] [Times: user=0.06 sys=0.00, real=0.02 secs] 
7821.309: [GC 7821.309: [ParNew: 213437K->3730K(235968K), 0.0130112 secs] 854811K->645137K(1022400K), 0.0131296 secs] [Times: user=0.06 sys=0.00, real=0.02 secs] 
7890.040: [GC 7890.040: [ParNew: 213522K->3182K(235968K), 0.0157724 secs] 854929K->644634K(1022400K), 0.0159029 secs] [Times: user=0.00 sys=0.00, real=0.01 secs] 
7951.208: [GC 7951.208: [ParNew: 212974K->2814K(235968K), 0.0097292 secs] 854426K->644308K(1022400K), 0.0098395 secs] [Times: user=0.00 sys=0.00, real=0.00 secs] 
7994.333: [GC 7994.333: [ParNew: 212603K->3226K(235968K), 0.0088224 secs] 854097K->644748K(1022400K), 0.0089461 secs] [Times: user=0.06 sys=0.00, real=0.02 secs] 
8053.784: [GC 8053.784: [ParNew: 213018K->2506K(235968K), 0.0094775 secs] 854540K->644059K(1022400K), 0.0095987 secs] [Times: user=0.06 sys=0.00, real=0.02 secs] 
8120.236: [GC 8120.236: [ParNew: 212298K->2616K(235968K), 0.0091470 secs] 853851K->644190K(1022400K), 0.0092657 secs] [Times: user=0.06 sys=0.00, real=0.02 secs] 
8167.442: [GC 8167.442: [ParNew: 212408K->3159K(235968K), 0.0114137 secs] 853982K->645033K(1022400K), 0.0115450 secs] [Times: user=0.06 sys=0.00, real=0.02 secs] 
8299.924: [GC 8299.924: [ParNew: 212951K->2861K(235968K), 0.0117937 secs] 854825K->644757K(1022400K), 0.0119085 secs] [Times: user=0.05 sys=0.00, real=0.02 secs] 
8505.848: [GC 8505.848: [ParNew: 212653K->2788K(235968K), 0.0118448 secs] 854549K->644707K(1022400K), 0.0119646 secs] [Times: user=0.06 sys=0.00, real=0.01 secs] 
8720.552: [GC 8720.552: [ParNew: 212580K->3607K(235968K), 0.0114839 secs] 854499K->645552K(1022400K), 0.0116026 secs] [Times: user=0.00 sys=0.00, real=0.00 secs] 
8910.124: [GC 8910.124: [ParNew: 213399K->3164K(235968K), 0.0082105 secs] 855344K->645151K(1022400K), 0.0083276 secs] [Times: user=0.09 sys=0.00, real=0.02 secs] 
9110.618: [GC 9110.619: [ParNew: 212956K->2650K(235968K), 0.0094872 secs] 854943K->645196K(1022400K), 0.0096138 secs] [Times: user=0.00 sys=0.00, real=0.00 secs] 
9379.879: [GC 9379.880: [ParNew: 212442K->2013K(235968K), 0.0061893 secs] 854988K->644818K(1022400K), 0.0063100 secs] [Times: user=0.02 sys=0.00, real=0.02 secs] 
9579.928: [GC 9579.928: [ParNew: 211805K->1342K(235968K), 0.0054677 secs] 854610K->644252K(1022400K), 0.0055918 secs] [Times: user=0.00 sys=0.00, real=0.00 secs] 
9769.657: [GC 9769.657: [ParNew: 211134K->2076K(235968K), 0.0076244 secs] 854044K->645097K(1022400K), 0.0077717 secs] [Times: user=0.00 sys=0.00, real=0.00 secs] 
9949.900: [GC 9949.900: [ParNew: 211868K->1774K(235968K), 0.0063382 secs] 854889K->644900K(1022400K), 0.0064626 secs] [Times: user=0.02 sys=0.00, real=0.02 secs] 
10135.711: [GC 10135.711: [ParNew: 211566K->2566K(235968K), 0.0076574 secs] 854692K->645809K(1022400K), 0.0077764 secs] [Times: user=0.00 sys=0.00, real=0.00 secs] 
10337.534: [GC 10337.534: [ParNew: 212358K->2544K(235968K), 0.0135450 secs] 855601K->645878K(1022400K), 0.0136724 secs] [Times: user=0.00 sys=0.00, real=0.00 secs] 
10514.940: [GC 10514.940: [ParNew: 212336K->3876K(235968K), 0.0140730 secs] 855670K->647310K(1022400K), 0.0141892 secs] [Times: user=0.06 sys=0.00, real=0.02 secs] 
10694.539: [GC 10694.539: [ParNew: 213668K->4757K(235968K), 0.0145387 secs] 857102K->648285K(1022400K), 0.0146594 secs] [Times: user=0.00 sys=0.00, real=0.02 secs] 
10885.147: [GC 10885.147: [ParNew: 214549K->3176K(235968K), 0.0090660 secs] 858077K->646794K(1022400K), 0.0091917 secs] [Times: user=0.09 sys=0.00, real=0.02 secs] 
11115.053: [GC 11115.053: [ParNew: 212968K->3450K(235968K), 0.0112729 secs] 856586K->647349K(1022400K), 0.0114076 secs] [Times: user=0.13 sys=0.00, real=0.02 secs] 
11303.118: [GC 11303.118: [ParNew: 213242K->2747K(235968K), 0.0077281 secs] 857141K->646739K(1022400K), 0.0078527 secs] [Times: user=0.13 sys=0.00, real=0.02 secs] 
11482.117: [GC 11482.117: [ParNew: 212539K->2129K(235968K), 0.0065466 secs] 856531K->646351K(1022400K), 0.0066620 secs] [Times: user=0.00 sys=0.00, real=0.00 secs] 
11684.866: [GC 11684.866: [ParNew: 211921K->2687K(235968K), 0.0089598 secs] 856143K->647050K(1022400K), 0.0090802 secs] [Times: user=0.00 sys=0.00, real=0.00 secs] 
11859.898: [GC 11859.898: [ParNew: 212479K->3921K(235968K), 0.0126882 secs] 856842K->648956K(1022400K), 0.0128100 secs] [Times: user=0.00 sys=0.00, real=0.00 secs] 
12071.912: [GC 12071.912: [ParNew: 213713K->4713K(235968K), 0.0129282 secs] 858748K->649842K(1022400K), 0.0130436 secs] [Times: user=0.08 sys=0.00, real=0.02 secs] 
12296.609: [GC 12296.609: [ParNew: 214505K->5607K(235968K), 0.0124013 secs] 859634K->650828K(1022400K), 0.0125248 secs] [Times: user=0.09 sys=0.03, real=0.02 secs] 
12475.191: [GC 12475.191: [ParNew: 215399K->4587K(235968K), 0.0099577 secs] 860620K->649903K(1022400K), 0.0100803 secs] [Times: user=0.08 sys=0.05, real=0.02 secs] 
12651.426: [GC 12651.426: [ParNew: 214379K->4128K(235968K), 0.0225478 secs] 859695K->651325K(1022400K), 0.0226814 secs] [Times: user=0.06 sys=0.00, real=0.01 secs] 
12855.833: [GC 12855.833: [ParNew: 213920K->3334K(235968K), 0.0107262 secs] 861117K->650654K(1022400K), 0.0108464 secs] [Times: user=0.00 sys=0.00, real=0.02 secs] 
13035.606: [GC 13035.606: [ParNew: 213126K->2623K(235968K), 0.0089880 secs] 860446K->650074K(1022400K), 0.0091053 secs] [Times: user=0.08 sys=0.00, real=0.01 secs] 
13204.888: [GC 13204.888: [ParNew: 212415K->1830K(235968K), 0.0093791 secs] 859866K->649495K(1022400K), 0.0095051 secs] [Times: user=0.13 sys=0.00, real=0.02 secs] 
13386.335: [GC 13386.335: [ParNew: 211622K->2263K(235968K), 0.0109645 secs] 859287K->650029K(1022400K), 0.0111073 secs] [Times: user=0.00 sys=0.00, real=0.00 secs] 
13596.553: [GC 13596.553: [ParNew: 212055K->2360K(235968K), 0.0080027 secs] 859821K->650231K(1022400K), 0.0081393 secs] [Times: user=0.11 sys=0.00, real=0.02 secs] 
13819.913: [GC 13819.913: [ParNew: 212152K->2868K(235968K), 0.0110824 secs] 860023K->650828K(1022400K), 0.0112215 secs] [Times: user=0.08 sys=0.00, real=0.01 secs] 
14016.714: [GC 14016.714: [ParNew: 212660K->3456K(235968K), 0.0085944 secs] 860620K->651494K(1022400K), 0.0087112 secs] [Times: user=0.13 sys=0.00, real=0.02 secs] 
14268.269: [GC 14268.269: [ParNew: 213248K->3811K(235968K), 0.0089545 secs] 861286K->651991K(1022400K), 0.0090788 secs] [Times: user=0.00 sys=0.00, real=0.00 secs] 
14540.039: [GC 14540.039: [ParNew: 213603K->2969K(235968K), 0.0075971 secs] 861783K->651438K(1022400K), 0.0077194 secs] [Times: user=0.00 sys=0.00, real=0.00 secs] 
14731.463: [GC 14731.463: [ParNew: 212761K->3264K(235968K), 0.0107273 secs] 861230K->652360K(1022400K), 0.0108558 secs] [Times: user=0.00 sys=0.00, real=0.00 secs] 
14989.903: [GC 14989.903: [ParNew: 213056K->2506K(235968K), 0.0076887 secs] 862152K->651696K(1022400K), 0.0078002 secs] [Times: user=0.00 sys=0.00, real=0.00 secs] 
15194.306: [GC 15194.306: [ParNew: 212298K->2135K(235968K), 0.0061740 secs] 861488K->651440K(1022400K), 0.0062994 secs] [Times: user=0.09 sys=0.00, real=0.02 secs] 
15386.283: [GC 15386.283: [ParNew: 211927K->2366K(235968K), 0.0080209 secs] 861232K->652011K(1022400K), 0.0081457 secs] [Times: user=0.00 sys=0.00, real=0.00 secs] 
15605.106: [GC 15605.107: [ParNew: 212158K->3309K(235968K), 0.0122876 secs] 861803K->653043K(1022400K), 0.0124100 secs] [Times: user=0.00 sys=0.00, real=0.00 secs] 
15889.600: [GC 15889.600: [ParNew: 213101K->3989K(235968K), 0.0156092 secs] 862835K->653841K(1022400K), 0.0157355 secs] [Times: user=0.06 sys=0.00, real=0.02 secs] 
16136.270: [GC 16136.270: [ParNew: 213781K->3378K(235968K), 0.0136579 secs] 863633K->653446K(1022400K), 0.0137696 secs] [Times: user=0.00 sys=0.00, real=0.00 secs] 
16250.268: [GC 16250.268: [ParNew: 213170K->26176K(235968K), 0.1169836 secs] 863238K->688438K(1022400K), 0.1171040 secs] [Times: user=0.45 sys=0.00, real=0.13 secs] 
16425.217: [GC 16425.217: [ParNew: 235968K->25265K(235968K), 0.0838540 secs] 898230K->698667K(1022400K), 0.0840062 secs] [Times: user=0.31 sys=0.00, real=0.08 secs] 
16740.247: [GC 16740.247: [ParNew: 235057K->17654K(235968K), 0.0682609 secs] 908459K->706554K(1022400K), 0.0683944 secs] [Times: user=0.25 sys=0.00, real=0.06 secs] 
16945.610: [GC 16945.610: [ParNew: 227446K->5337K(235968K), 0.0099102 secs] 916346K->694237K(1022400K), 0.0100284 secs] [Times: user=0.00 sys=0.00, real=0.00 secs] 
17151.451: [GC 17151.451: [ParNew: 215129K->4019K(235968K), 0.0116381 secs] 904029K->692919K(1022400K), 0.0117881 secs] [Times: user=0.06 sys=0.00, real=0.02 secs] 
17366.058: [GC 17366.058: [ParNew: 213811K->4542K(235968K), 0.0104158 secs] 902711K->693441K(1022400K), 0.0105388 secs] [Times: user=0.00 sys=0.00, real=0.00 secs] 
17576.294: [GC 17576.294: [ParNew: 214334K->3422K(235968K), 0.0146021 secs] 903233K->693424K(1022400K), 0.0147343 secs] [Times: user=0.00 sys=0.00, real=0.02 secs] 
17810.148: [GC 17810.148: [ParNew: 213214K->1896K(235968K), 0.0111757 secs] 903216K->691980K(1022400K), 0.0112978 secs] [Times: user=0.06 sys=0.00, real=0.02 secs] 
18045.984: [GC 18045.984: [ParNew: 211688K->2927K(235968K), 0.0127201 secs] 901772K->693181K(1022400K), 0.0128460 secs] [Times: user=0.06 sys=0.00, real=0.02 secs] 
18255.169: [GC 18255.169: [ParNew: 212719K->6751K(235968K), 0.0314269 secs] 902973K->697086K(1022400K), 0.0315850 secs] [Times: user=0.13 sys=0.00, real=0.03 secs] 
18520.732: [GC 18520.732: [ParNew: 216543K->8956K(235968K), 0.0289185 secs] 906878K->699383K(1022400K), 0.0290274 secs] [Times: user=0.06 sys=0.00, real=0.02 secs] 
18726.436: [GC 18726.436: [ParNew: 218748K->7433K(235968K), 0.0223070 secs] 909175K->697948K(1022400K), 0.0224266 secs] [Times: user=0.17 sys=0.05, real=0.03 secs] 
18970.213: [GC 18970.213: [ParNew: 217225K->17579K(235968K), 0.0354648 secs] 907740K->708183K(1022400K), 0.0355858 secs] [Times: user=0.19 sys=0.00, real=0.03 secs] 
19012.144: [GC 19012.145: [ParNew: 227371K->26176K(235968K), 0.1184695 secs] 917975K->727200K(1022400K), 0.1185986 secs] [Times: user=0.88 sys=0.02, real=0.13 secs] 
19026.167: [GC 19026.167: [ParNew: 235968K->26176K(235968K), 0.1366299 secs] 936992K->757222K(1022400K), 0.1367797 secs] [Times: user=0.61 sys=0.06, real=0.14 secs] 
19026.304: [GC [1 CMS-initial-mark: 731046K(786432K)] 757483K(1022400K), 0.0397562 secs] [Times: user=0.03 sys=0.00, real=0.03 secs] 
19026.344: [CMS-concurrent-mark-start]
19026.833: [GC 19026.833: [ParNew: 235968K->26176K(235968K), 0.1322436 secs] 967014K->780045K(1022400K), 0.1323847 secs] [Times: user=0.81 sys=0.05, real=0.14 secs] 
19027.501: [Full GC 19027.501: [CMS2010-04-21T00:00:37.413+0100: 19027.970: [CMS-concurrent-mark: 1.489/1.626 secs] [Times: user=5.77 sys=0.13, real=1.63 secs] 
(concurrent mode failure): 753869K->465869K(786432K), 4.5471109 secs] 989837K->465869K(1022400K), [CMS Perm : 22817K->22681K(37816K)], 4.5472629 secs] [Times: user=5.02 sys=0.00, real=4.55 secs] 
19032.468: [GC 19032.468: [ParNew: 209792K->21611K(235968K), 0.0209923 secs] 675661K->487480K(1022400K), 0.0211139 secs] [Times: user=0.14 sys=0.00, real=0.03 secs] 
19032.862: [GC 19032.862: [ParNew: 231403K->20986K(235968K), 0.0638752 secs] 697272K->503938K(1022400K), 0.0639984 secs] [Times: user=0.49 sys=0.00, real=0.06 secs] 
19033.289: [GC 19033.289: [ParNew: 230778K->20654K(235968K), 0.0298815 secs] 713730K->503606K(1022400K), 0.0300047 secs] [Times: user=0.24 sys=0.02, real=0.03 secs] 
19033.689: [GC 19033.689: [ParNew: 230446K->24472K(235968K), 0.0484000 secs] 713398K->515090K(1022400K), 0.0485182 secs] [Times: user=0.36 sys=0.01, real=0.05 secs] 
19034.101: [GC 19034.101: [ParNew: 234264K->22882K(235968K), 0.0457125 secs] 724882K->521246K(1022400K), 0.0458519 secs] [Times: user=0.27 sys=0.00, real=0.05 secs] 
19034.528: [GC 19034.528: [ParNew: 232674K->20953K(235968K), 0.0395757 secs] 731038K->526931K(1022400K), 0.0397073 secs] [Times: user=0.26 sys=0.00, real=0.05 secs] 
19118.260: [GC 19118.260: [ParNew: 230745K->15337K(235968K), 0.0235999 secs] 736723K->524450K(1022400K), 0.0237293 secs] [Times: user=0.11 sys=0.00, real=0.02 secs] 
19305.247: [GC 19305.247: [ParNew: 225129K->10414K(235968K), 0.0196092 secs] 734242K->519527K(1022400K), 0.0197408 secs] [Times: user=0.13 sys=0.00, real=0.02 secs] 
19395.192: [GC 19395.192: [ParNew: 220206K->26176K(235968K), 0.0645593 secs] 729319K->538103K(1022400K), 0.0646892 secs] [Times: user=0.49 sys=0.00, real=0.06 secs] 
19535.173: [GC 19535.173: [ParNew: 235968K->21721K(235968K), 0.1194750 secs] 747895K->561795K(1022400K), 0.1196200 secs] [Times: user=0.58 sys=0.02, real=0.13 secs] 
19675.212: [GC 19675.212: [ParNew: 231513K->5628K(235968K), 0.0057742 secs] 771587K->545702K(1022400K), 0.0059175 secs] [Times: user=0.13 sys=0.00, real=0.02 secs] 
19826.575: [GC 19826.575: [ParNew: 215420K->3534K(235968K), 0.0077563 secs] 755494K->543608K(1022400K), 0.0078753 secs] [Times: user=0.13 sys=0.00, real=0.02 secs] 
19976.490: [GC 19976.490: [ParNew: 213326K->3924K(235968K), 0.0077029 secs] 753400K->543998K(1022400K), 0.0078381 secs] [Times: user=0.00 sys=0.00, real=0.00 secs] 
20120.276: [GC 20120.276: [ParNew: 213716K->3335K(235968K), 0.0087925 secs] 753790K->543501K(1022400K), 0.0089185 secs] [Times: user=0.13 sys=0.00, real=0.02 secs] 
20256.945: [GC 20256.945: [ParNew: 213127K->3620K(235968K), 0.0087232 secs] 753293K->544363K(1022400K), 0.0088481 secs] [Times: user=0.00 sys=0.00, real=0.00 secs] 
20400.169: [GC 20400.169: [ParNew: 213412K->2728K(235968K), 0.0087452 secs] 754155K->543553K(1022400K), 0.0088662 secs] [Times: user=0.09 sys=0.02, real=0.02 secs] 
20545.515: [GC 20545.515: [ParNew: 212520K->2323K(235968K), 0.0101971 secs] 753345K->543597K(1022400K), 0.0103237 secs] [Times: user=0.11 sys=0.02, real=0.02 secs] 
20685.192: [GC 20685.192: [ParNew: 212115K->1832K(235968K), 0.0079108 secs] 753389K->543402K(1022400K), 0.0080421 secs] [Times: user=0.00 sys=0.00, real=0.00 secs] 
20830.205: [GC 20830.205: [ParNew: 211624K->1913K(235968K), 0.0088503 secs] 753194K->543553K(1022400K), 0.0089754 secs] [Times: user=0.06 sys=0.00, real=0.02 secs] 
20995.228: [GC 20995.228: [ParNew: 211705K->2235K(235968K), 0.0107475 secs] 753345K->543987K(1022400K), 0.0108715 secs] [Times: user=0.00 sys=0.00, real=0.00 secs] 
21145.131: [GC 21145.131: [ParNew: 212027K->1965K(235968K), 0.0075093 secs] 753779K->543787K(1022400K), 0.0076247 secs] [Times: user=0.08 sys=0.00, real=0.02 secs] 
21293.265: [GC 21293.265: [ParNew: 211757K->2190K(235968K), 0.0114453 secs] 753579K->544086K(1022400K), 0.0115830 secs] [Times: user=0.00 sys=0.00, real=0.00 secs] 
21438.280: [GC 21438.280: [ParNew: 211982K->1879K(235968K), 0.0087754 secs] 753878K->544222K(1022400K), 0.0088986 secs] [Times: user=0.00 sys=0.00, real=0.00 secs] 
21580.157: [GC 21580.157: [ParNew: 211671K->1227K(235968K), 0.0091780 secs] 754014K->543762K(1022400K), 0.0093065 secs] [Times: user=0.06 sys=0.00, real=0.02 secs] 
21700.200: [GC 21700.200: [ParNew: 211019K->1777K(235968K), 0.0087626 secs] 753554K->544397K(1022400K), 0.0088919 secs] [Times: user=0.06 sys=0.00, real=0.02 secs] 
21825.293: [GC 21825.293: [ParNew: 211569K->1842K(235968K), 0.0071297 secs] 754189K->544523K(1022400K), 0.0072568 secs] [Times: user=0.00 sys=0.00, real=0.00 secs] 
21970.131: [GC 21970.131: [ParNew: 211634K->1262K(235968K), 0.0106173 secs] 754315K->544002K(1022400K), 0.0107326 secs] [Times: user=0.05 sys=0.00, real=0.02 secs] 
22065.217: [GC 22065.217: [ParNew: 211054K->26176K(235968K), 0.0384915 secs] 753794K->571513K(1022400K), 0.0386312 secs] [Times: user=0.11 sys=0.00, real=0.03 secs] 
22076.546: [GC 22076.546: [ParNew: 235968K->20620K(235968K), 0.0556512 secs] 781305K->586797K(1022400K), 0.0557892 secs] [Times: user=0.22 sys=0.00, real=0.05 secs] 
22180.221: [GC 22180.221: [ParNew: 230412K->11049K(235968K), 0.0165887 secs] 796588K->577225K(1022400K), 0.0167234 secs] [Times: user=0.06 sys=0.00, real=0.02 secs] 
22321.201: [GC 22321.201: [ParNew: 220841K->7638K(235968K), 0.0143761 secs] 787017K->573814K(1022400K), 0.0145306 secs] [Times: user=0.08 sys=0.00, real=0.02 secs] 
22465.154: [GC 22465.154: [ParNew: 217430K->8427K(235968K), 0.0111894 secs] 783606K->574604K(1022400K), 0.0113104 secs] [Times: user=0.09 sys=0.00, real=0.02 secs] 
22580.418: [GC 22580.418: [ParNew: 218219K->19702K(235968K), 0.0470395 secs] 784396K->589275K(1022400K), 0.0471683 secs] [Times: user=0.22 sys=0.02, real=0.05 secs] 
22636.947: [GC 22636.947: [ParNew: 229494K->26176K(235968K), 0.0600529 secs] 799067K->599182K(1022400K), 0.0601931 secs] [Times: user=0.34 sys=0.00, real=0.06 secs] 
22784.012: [GC 22784.012: [ParNew: 235968K->18178K(235968K), 0.1002488 secs] 808974K->609825K(1022400K), 0.1003985 secs] [Times: user=0.38 sys=0.00, real=0.09 secs] 
22900.271: [GC 22900.271: [ParNew: 227970K->4780K(235968K), 0.0137649 secs] 819617K->596427K(1022400K), 0.0139006 secs] [Times: user=0.05 sys=0.00, real=0.01 secs] 
23005.849: [GC 23005.849: [ParNew: 214572K->19188K(235968K), 0.0484441 secs] 806219K->610835K(1022400K), 0.0485942 secs] [Times: user=0.17 sys=0.00, real=0.05 secs] 
23076.558: [GC 23076.558: [ParNew: 228980K->26176K(235968K), 0.1014559 secs] 820627K->621043K(1022400K), 0.1016076 secs] [Times: user=0.53 sys=0.02, real=0.11 secs] 
23212.989: [GC 23212.989: [ParNew: 235968K->18892K(235968K), 0.1099958 secs] 830835K->632120K(1022400K), 0.1101310 secs] [Times: user=0.38 sys=0.00, real=0.11 secs] 
23355.988: [GC 23355.988: [ParNew: 228684K->4405K(235968K), 0.0113045 secs] 841912K->617633K(1022400K), 0.0114260 secs] [Times: user=0.05 sys=0.00, real=0.02 secs] 
23485.315: [GC 23485.315: [ParNew: 214197K->2271K(235968K), 0.0086413 secs] 827425K->615499K(1022400K), 0.0087690 secs] [Times: user=0.06 sys=0.00, real=0.02 secs] 
23599.545: [GC 23599.545: [ParNew: 212063K->2092K(235968K), 0.0096482 secs] 825291K->615320K(1022400K), 0.0097767 secs] [Times: user=0.00 sys=0.00, real=0.00 secs] 
23725.361: [GC 23725.361: [ParNew: 211884K->2014K(235968K), 0.0096420 secs] 825112K->615322K(1022400K), 0.0097674 secs] [Times: user=0.00 sys=0.00, real=0.00 secs] 
23857.088: [GC 23857.088: [ParNew: 211806K->2858K(235968K), 0.0116316 secs] 825114K->616243K(1022400K), 0.0117663 secs] [Times: user=0.06 sys=0.00, real=0.02 secs] 
23989.396: [GC 23989.396: [ParNew: 212650K->2848K(235968K), 0.0100809 secs] 826035K->616309K(1022400K), 0.0102192 secs] [Times: user=0.00 sys=0.00, real=0.00 secs] 
24115.371: [GC 24115.371: [ParNew: 212640K->1760K(235968K), 0.0093473 secs] 826101K->615365K(1022400K), 0.0094858 secs] [Times: user=0.00 sys=0.00, real=0.00 secs] 
24250.221: [GC 24250.221: [ParNew: 211552K->1907K(235968K), 0.0069512 secs] 825157K->615583K(1022400K), 0.0071165 secs] [Times: user=0.00 sys=0.00, real=0.00 secs] 
24370.371: [GC 24370.371: [ParNew: 211699K->1958K(235968K), 0.0089657 secs] 825375K->615725K(1022400K), 0.0090947 secs] [Times: user=0.06 sys=0.00, real=0.02 secs] 
24505.216: [GC 24505.216: [ParNew: 211750K->1918K(235968K), 0.0065374 secs] 825517K->615769K(1022400K), 0.0066841 secs] [Times: user=0.09 sys=0.00, real=0.02 secs] 
24645.032: [GC 24645.032: [ParNew: 211710K->2074K(235968K), 0.0093344 secs] 825561K->615992K(1022400K), 0.0094593 secs] [Times: user=0.08 sys=0.00, real=0.02 secs] 
24777.022: [GC 24777.022: [ParNew: 211866K->1897K(235968K), 0.0093193 secs] 825784K->615883K(1022400K), 0.0094367 secs] [Times: user=0.00 sys=0.00, real=0.00 secs] 
24915.619: [GC 24915.619: [ParNew: 211689K->2923K(235968K), 0.0079518 secs] 825675K->616976K(1022400K), 0.0080711 secs] [Times: user=0.00 sys=0.00, real=0.00 secs] 
25032.644: [GC 25032.644: [ParNew: 212715K->2946K(235968K), 0.0100689 secs] 826768K->617087K(1022400K), 0.0101893 secs] [Times: user=0.06 sys=0.00, real=0.02 secs] 
25150.726: [GC 25150.726: [ParNew: 212738K->1722K(235968K), 0.0108165 secs] 826879K->616029K(1022400K), 0.0110210 secs] [Times: user=0.06 sys=0.00, real=0.02 secs] 
25275.424: [GC 25275.424: [ParNew: 211514K->1760K(235968K), 0.0098096 secs] 825821K->616178K(1022400K), 0.0099538 secs] [Times: user=0.00 sys=0.00, real=0.00 secs] 
25405.301: [GC 25405.302: [ParNew: 211552K->1729K(235968K), 0.0107542 secs] 825970K->616226K(1022400K), 0.0108790 secs] [Times: user=0.00 sys=0.00, real=0.00 secs] 
25531.564: [GC 25531.564: [ParNew: 211521K->1970K(235968K), 0.0094129 secs] 826018K->616529K(1022400K), 0.0095331 secs] [Times: user=0.06 sys=0.00, real=0.02 secs] 
25660.419: [GC 25660.419: [ParNew: 211762K->2223K(235968K), 0.0077691 secs] 826321K->616844K(1022400K), 0.0079166 secs] [Times: user=0.00 sys=0.00, real=0.00 secs] 
25775.140: [GC 25775.140: [ParNew: 212015K->1835K(235968K), 0.0123960 secs] 826636K->616532K(1022400K), 0.0125144 secs] [Times: user=0.00 sys=0.00, real=0.02 secs] 
25906.751: [GC 25906.751: [ParNew: 211627K->2319K(235968K), 0.0105094 secs] 826324K->617086K(1022400K), 0.0106765 secs] [Times: user=0.00 sys=0.00, real=0.00 secs] 
26026.111: [GC 26026.111: [ParNew: 212111K->2212K(235968K), 0.0083720 secs] 826878K->617055K(1022400K), 0.0084935 secs] [Times: user=0.00 sys=0.00, real=0.00 secs] 
26155.078: [GC 26155.078: [ParNew: 212004K->1772K(235968K), 0.0107083 secs] 826847K->616714K(1022400K), 0.0108232 secs] [Times: user=0.06 sys=0.00, real=0.02 secs] 
26285.266: [GC 26285.266: [ParNew: 211564K->1717K(235968K), 0.0056264 secs] 826506K->616837K(1022400K), 0.0057510 secs] [Times: user=0.00 sys=0.00, real=0.00 secs] 
26410.187: [GC 26410.187: [ParNew: 211509K->1504K(235968K), 0.0106139 secs] 826629K->616697K(1022400K), 0.0107206 secs] [Times: user=0.05 sys=0.00, real=0.01 secs] 
26540.188: [GC 26540.188: [ParNew: 211296K->1685K(235968K), 0.0105089 secs] 826489K->616948K(1022400K), 0.0106324 secs] [Times: user=0.00 sys=0.00, real=0.00 secs] 
26675.333: [GC 26675.333: [ParNew: 211477K->1887K(235968K), 0.0082390 secs] 826740K->617215K(1022400K), 0.0083555 secs] [Times: user=0.00 sys=0.00, real=0.00 secs] 
26811.913: [GC 26811.913: [ParNew: 211679K->1967K(235968K), 0.0087285 secs] 827007K->617362K(1022400K), 0.0088497 secs] [Times: user=0.00 sys=0.00, real=0.00 secs] 
26936.462: [GC 26936.462: [ParNew: 211759K->2865K(235968K), 0.0135123 secs] 827154K->618323K(1022400K), 0.0136436 secs] [Times: user=0.08 sys=0.00, real=0.02 secs] 
27066.386: [GC 27066.386: [ParNew: 212657K->3419K(235968K), 0.0114679 secs] 828115K->618952K(1022400K), 0.0115900 secs] [Times: user=0.06 sys=0.00, real=0.02 secs] 
27196.342: [GC 27196.342: [ParNew: 213211K->3732K(235968K), 0.0107771 secs] 828744K->619330K(1022400K), 0.0109112 secs] [Times: user=0.00 sys=0.00, real=0.02 secs] 
27326.355: [GC 27326.355: [ParNew: 213524K->2601K(235968K), 0.0100879 secs] 829122K->618278K(1022400K), 0.0102147 secs] [Times: user=0.06 sys=0.00, real=0.02 secs] 
27465.121: [GC 27465.121: [ParNew: 212393K->1823K(235968K), 0.0053599 secs] 828070K->617581K(1022400K), 0.0054959 secs] [Times: user=0.13 sys=0.00, real=0.02 secs] 
27591.748: [GC 27591.748: [ParNew: 211615K->3100K(235968K), 0.0116386 secs] 827373K->618931K(1022400K), 0.0117585 secs] [Times: user=0.06 sys=0.00, real=0.02 secs] 
27720.318: [GC 27720.318: [ParNew: 212892K->2809K(235968K), 0.0099261 secs] 828723K->618762K(1022400K), 0.0100630 secs] [Times: user=0.00 sys=0.00, real=0.00 secs] 
27870.279: [GC 27870.279: [ParNew: 212601K->1768K(235968K), 0.0096356 secs] 828554K->617791K(1022400K), 0.0097811 secs] [Times: user=0.00 sys=0.00, real=0.02 secs] 
28015.973: [GC 28015.973: [ParNew: 211560K->1873K(235968K), 0.0084248 secs] 827583K->617972K(1022400K), 0.0085505 secs] [Times: user=0.09 sys=0.00, real=0.01 secs] 
28141.968: [GC 28141.968: [ParNew: 211665K->2213K(235968K), 0.0098577 secs] 827764K->618377K(1022400K), 0.0099828 secs] [Times: user=0.00 sys=0.00, real=0.00 secs] 
28280.319: [GC 28280.319: [ParNew: 212005K->1792K(235968K), 0.0092350 secs] 828169K->618119K(1022400K), 0.0093741 secs] [Times: user=0.09 sys=0.02, real=0.01 secs] 
28436.377: [GC 28436.377: [ParNew: 211584K->2437K(235968K), 0.0068210 secs] 827911K->618837K(1022400K), 0.0069431 secs] [Times: user=0.00 sys=0.00, real=0.00 secs] 
28575.972: [GC 28575.972: [ParNew: 212229K->2702K(235968K), 0.0101915 secs] 828629K->619182K(1022400K), 0.0103393 secs] [Times: user=0.06 sys=0.00, real=0.02 secs] 
28695.298: [GC 28695.298: [ParNew: 212494K->3663K(235968K), 0.0125390 secs] 828974K->620195K(1022400K), 0.0126661 secs] [Times: user=0.08 sys=0.00, real=0.02 secs] 
28820.173: [GC 28820.173: [ParNew: 213455K->2595K(235968K), 0.0062103 secs] 829987K->619196K(1022400K), 0.0063299 secs] [Times: user=0.00 sys=0.00, real=0.00 secs] 
28940.190: [GC 28940.190: [ParNew: 212387K->2021K(235968K), 0.0106120 secs] 828988K->618685K(1022400K), 0.0107396 secs] [Times: user=0.06 sys=0.00, real=0.01 secs] 
29076.735: [GC 29076.735: [ParNew: 211813K->2967K(235968K), 0.0109025 secs] 828477K->619695K(1022400K), 0.0110296 secs] [Times: user=0.00 sys=0.00, real=0.00 secs] 
29205.917: [GC 29205.917: [ParNew: 212759K->2794K(235968K), 0.0100192 secs] 829487K->619587K(1022400K), 0.0101465 secs] [Times: user=0.06 sys=0.00, real=0.01 secs] 
29355.293: [GC 29355.293: [ParNew: 212586K->1923K(235968K), 0.0107846 secs] 829379K->618877K(1022400K), 0.0109209 secs] [Times: user=0.06 sys=0.00, real=0.01 secs] 
29487.053: [GC 29487.053: [ParNew: 211715K->2599K(235968K), 0.0097088 secs] 828669K->619616K(1022400K), 0.0098395 secs] [Times: user=0.00 sys=0.00, real=0.00 secs] 
29625.388: [GC 29625.388: [ParNew: 212391K->1867K(235968K), 0.0075853 secs] 829408K->618961K(1022400K), 0.0077041 secs] [Times: user=0.00 sys=0.00, real=0.00 secs] 
29762.108: [GC 29762.108: [ParNew: 211659K->2204K(235968K), 0.0073685 secs] 828753K->619376K(1022400K), 0.0075004 secs] [Times: user=0.00 sys=0.00, real=0.00 secs] 
29900.176: [GC 29900.176: [ParNew: 211996K->2368K(235968K), 0.0080200 secs] 829168K->619599K(1022400K), 0.0081415 secs] [Times: user=0.00 sys=0.00, real=0.00 secs] 
30027.424: [GC 30027.424: [ParNew: 212160K->2890K(235968K), 0.0093786 secs] 829391K->620182K(1022400K), 0.0095121 secs] [Times: user=0.00 sys=0.00, real=0.00 secs] 
30167.023: [GC 30167.023: [ParNew: 212682K->3937K(235968K), 0.0087067 secs] 829974K->621287K(1022400K), 0.0088402 secs] [Times: user=0.00 sys=0.00, real=0.00 secs] 
30301.368: [GC 30301.368: [ParNew: 213729K->4519K(235968K), 0.0096146 secs] 831079K->621917K(1022400K), 0.0097350 secs] [Times: user=0.00 sys=0.00, real=0.00 secs] 
30437.757: [GC 30437.757: [ParNew: 214311K->3223K(235968K), 0.0126854 secs] 831709K->620766K(1022400K), 0.0128181 secs] [Times: user=0.06 sys=0.00, real=0.02 secs] 
30570.456: [GC 30570.456: [ParNew: 213015K->3115K(235968K), 0.0105994 secs] 830558K->620860K(1022400K), 0.0107349 secs] [Times: user=0.06 sys=0.00, real=0.01 secs] 
30715.383: [GC 30715.383: [ParNew: 212907K->2044K(235968K), 0.0115177 secs] 830652K->620379K(1022400K), 0.0117560 secs] [Times: user=0.06 sys=0.00, real=0.01 secs] 
30849.639: [GC 30849.639: [ParNew: 211836K->2501K(235968K), 0.0096308 secs] 830171K->620911K(1022400K), 0.0097457 secs] [Times: user=0.06 sys=0.00, real=0.02 secs] 
30980.669: [GC 30980.669: [ParNew: 212293K->2008K(235968K), 0.0138872 secs] 830703K->620488K(1022400K), 0.0140085 secs] [Times: user=0.06 sys=0.00, real=0.02 secs] 
31126.165: [GC 31126.165: [ParNew: 211800K->2533K(235968K), 0.0082773 secs] 830280K->621063K(1022400K), 0.0084072 secs] [Times: user=0.00 sys=0.00, real=0.00 secs] 
31255.250: [GC 31255.250: [ParNew: 212325K->2263K(235968K), 0.0067900 secs] 830855K->620920K(1022400K), 0.0069310 secs] [Times: user=0.00 sys=0.00, real=0.00 secs] 
31395.100: [GC 31395.100: [ParNew: 212055K->2377K(235968K), 0.0080697 secs] 830712K->621095K(1022400K), 0.0081910 secs] [Times: user=0.06 sys=0.00, real=0.02 secs] 
31530.201: [GC 31530.201: [ParNew: 212169K->1702K(235968K), 0.0092978 secs] 830887K->620487K(1022400K), 0.0094481 secs] [Times: user=0.06 sys=0.00, real=0.02 secs] 
31660.420: [GC 31660.420: [ParNew: 211494K->2065K(235968K), 0.0092213 secs] 830279K->620914K(1022400K), 0.0093350 secs] [Times: user=0.06 sys=0.00, real=0.02 secs] 
31820.346: [GC 31820.346: [ParNew: 211857K->2317K(235968K), 0.0101965 secs] 830706K->621211K(1022400K), 0.0103248 secs] [Times: user=0.06 sys=0.00, real=0.02 secs] 
31945.212: [GC 31945.212: [ParNew: 212109K->2390K(235968K), 0.0112458 secs] 831003K->621338K(1022400K), 0.0113880 secs] [Times: user=0.00 sys=0.00, real=0.00 secs] 
32080.158: [GC 32080.158: [ParNew: 212182K->2113K(235968K), 0.0107944 secs] 831130K->621117K(1022400K), 0.0109106 secs] [Times: user=0.06 sys=0.00, real=0.02 secs] 
32213.172: [GC 32213.172: [ParNew: 211905K->2330K(235968K), 0.0103558 secs] 830909K->621554K(1022400K), 0.0104885 secs] [Times: user=0.00 sys=0.00, real=0.00 secs] 
32340.211: [GC 32340.211: [ParNew: 212122K->1852K(235968K), 0.0104918 secs] 831346K->621146K(1022400K), 0.0106108 secs] [Times: user=0.06 sys=0.00, real=0.02 secs] 
32485.182: [GC 32485.182: [ParNew: 211644K->1876K(235968K), 0.0109573 secs] 830938K->621224K(1022400K), 0.0111092 secs] [Times: user=0.03 sys=0.01, real=0.02 secs] 
32635.130: [GC 32635.130: [ParNew: 211668K->2079K(235968K), 0.0099136 secs] 831016K->621480K(1022400K), 0.0100423 secs] [Times: user=0.05 sys=0.00, real=0.02 secs] 
32780.488: [GC 32780.488: [ParNew: 211871K->2273K(235968K), 0.0090539 secs] 831272K->621725K(1022400K), 0.0091906 secs] [Times: user=0.06 sys=0.00, real=0.01 secs] 
32920.718: [GC 32920.718: [ParNew: 212065K->2048K(235968K), 0.0091171 secs] 831517K->621613K(1022400K), 0.0092414 secs] [Times: user=0.00 sys=0.00, real=0.00 secs] 
33052.262: [GC 33052.262: [ParNew: 211840K->2430K(235968K), 0.0064779 secs] 831405K->622051K(1022400K), 0.0066036 secs] [Times: user=0.13 sys=0.00, real=0.02 secs] 
33182.233: [GC 33182.233: [ParNew: 212222K->3043K(235968K), 0.0122354 secs] 831843K->622751K(1022400K), 0.0123435 secs] [Times: user=0.05 sys=0.00, real=0.02 secs] 
33315.404: [GC 33315.404: [ParNew: 212835K->2677K(235968K), 0.0099781 secs] 832543K->622452K(1022400K), 0.0101155 secs] [Times: user=0.06 sys=0.00, real=0.02 secs] 
33425.508: [GC 33425.508: [ParNew: 212469K->4407K(235968K), 0.0155268 secs] 832244K->624226K(1022400K), 0.0156517 secs] [Times: user=0.05 sys=0.01, real=0.02 secs] 
33529.979: [GC 33529.979: [ParNew: 214199K->6023K(235968K), 0.0170379 secs] 834018K->625923K(1022400K), 0.0171740 secs] [Times: user=0.06 sys=0.00, real=0.01 secs] 
33631.377: [GC 33631.377: [ParNew: 215815K->7009K(235968K), 0.0127882 secs] 835715K->626947K(1022400K), 0.0129131 secs] [Times: user=0.08 sys=0.00, real=0.02 secs] 
33742.251: [GC 33742.251: [ParNew: 216801K->7712K(235968K), 0.0160730 secs] 836739K->627696K(1022400K), 0.0162026 secs] [Times: user=0.06 sys=0.00, real=0.02 secs] 
33860.103: [GC 33860.103: [ParNew: 217504K->4594K(235968K), 0.0200470 secs] 837488K->626688K(1022400K), 0.0201903 secs] [Times: user=0.05 sys=0.00, real=0.01 secs] 
34005.303: [GC 34005.303: [ParNew: 214386K->2503K(235968K), 0.0087919 secs] 836480K->624657K(1022400K), 0.0089159 secs] [Times: user=0.00 sys=0.00, real=0.00 secs] 
34141.642: [GC 34141.643: [ParNew: 212295K->3201K(235968K), 0.0089036 secs] 834449K->625386K(1022400K), 0.0090232 secs] [Times: user=0.13 sys=0.00, real=0.02 secs] 
34266.313: [GC 34266.313: [ParNew: 212993K->3966K(235968K), 0.0111598 secs] 835178K->626186K(1022400K), 0.0113104 secs] [Times: user=0.08 sys=0.00, real=0.02 secs] 
34415.739: [GC 34415.740: [ParNew: 213758K->3449K(235968K), 0.0113475 secs] 835978K->625724K(1022400K), 0.0114746 secs] [Times: user=0.06 sys=0.00, real=0.01 secs] 
34550.392: [GC 34550.392: [ParNew: 213241K->2408K(235968K), 0.0074878 secs] 835516K->624726K(1022400K), 0.0076202 secs] [Times: user=0.00 sys=0.00, real=0.00 secs] 
34685.247: [GC 34685.247: [ParNew: 212200K->4401K(235968K), 0.0105731 secs] 834518K->626758K(1022400K), 0.0107042 secs] [Times: user=0.08 sys=0.00, real=0.02 secs] 
34704.495: [GC 34704.495: [ParNew: 214193K->26176K(235968K), 0.4492881 secs] 836550K->704982K(1022400K), 0.4494532 secs] [Times: user=1.53 sys=0.02, real=0.45 secs] 
34736.888: [GC 34736.888: [ParNew: 235968K->26176K(235968K), 0.4099524 secs] 914774K->742234K(1022400K), 0.4100893 secs] [Times: user=1.55 sys=0.00, real=0.42 secs] 
34737.298: [GC [1 CMS-initial-mark: 716058K(786432K)] 743195K(1022400K), 0.0449976 secs] [Times: user=0.03 sys=0.00, real=0.03 secs] 
34737.343: [CMS-concurrent-mark-start]
34738.879: [CMS-concurrent-mark: 1.536/1.536 secs] [Times: user=3.20 sys=0.00, real=1.55 secs] 
34738.879: [CMS-concurrent-preclean-start]
34738.901: [CMS-concurrent-preclean: 0.015/0.022 secs] [Times: user=0.02 sys=0.00, real=0.02 secs] 
34738.901: [CMS-concurrent-abortable-preclean-start]
CMS: abort preclean due to time 2010-04-21T04:22:33.583+0100: 34743.932: [CMS-concurrent-abortable-preclean: 2.114/5.030 secs] [Times: user=2.34 sys=0.05, real=5.03 secs] 
34743.932: [GC[YG occupancy: 49901 K (235968 K)]34743.932: [Rescan (parallel) , 0.0226157 secs]34743.955: [weak refs processing, 0.0003034 secs] [1 CMS-remark: 716058K(786432K)] 765959K(1022400K), 0.0230588 secs] [Times: user=0.13 sys=0.00, real=0.03 secs] 
34743.955: [CMS-concurrent-sweep-start]
34745.095: [CMS-concurrent-sweep: 1.140/1.140 secs] [Times: user=1.16 sys=0.00, real=1.14 secs] 
34745.095: [CMS-concurrent-reset-start]
34745.121: [CMS-concurrent-reset: 0.026/0.026 secs] [Times: user=0.01 sys=0.00, real=0.01 secs] 
34872.197: [GC 34872.197: [ParNew: 235968K->24393K(235968K), 0.2916968 secs] 650041K->461422K(1022400K), 0.2918265 secs] [Times: user=1.03 sys=0.00, real=0.30 secs] 
34987.588: [GC 34987.588: [ParNew: 234185K->4883K(235968K), 0.0132237 secs] 671214K->441911K(1022400K), 0.0133626 secs] [Times: user=0.06 sys=0.00, real=0.02 secs] 
35085.004: [GC 35085.004: [ParNew: 214675K->4261K(235968K), 0.0171477 secs] 651703K->441289K(1022400K), 0.0172938 secs] [Times: user=0.06 sys=0.00, real=0.02 secs] 
35181.172: [GC 35181.172: [ParNew: 214053K->4214K(235968K), 0.0162607 secs] 651081K->441243K(1022400K), 0.0164026 secs] [Times: user=0.06 sys=0.00, real=0.02 secs] 
35325.098: [GC 35325.098: [ParNew: 214006K->4077K(235968K), 0.0132905 secs] 651035K->441135K(1022400K), 0.0134232 secs] [Times: user=0.06 sys=0.00, real=0.01 secs] 
35430.693: [GC 35430.693: [ParNew: 213869K->3727K(235968K), 0.0162065 secs] 650927K->440813K(1022400K), 0.0163281 secs] [Times: user=0.06 sys=0.00, real=0.02 secs] 
35545.287: [GC 35545.287: [ParNew: 213519K->4022K(235968K), 0.0170432 secs] 650605K->441437K(1022400K), 0.0171754 secs] [Times: user=0.06 sys=0.00, real=0.02 secs] 
35665.207: [GC 35665.208: [ParNew: 213814K->3563K(235968K), 0.0160560 secs] 651229K->441143K(1022400K), 0.0161909 secs] [Times: user=0.01 sys=0.02, real=0.03 secs] 
35775.322: [GC 35775.322: [ParNew: 213355K->4008K(235968K), 0.0175050 secs] 650935K->441649K(1022400K), 0.0176173 secs] [Times: user=0.06 sys=0.00, real=0.02 secs] 
35882.152: [GC 35882.152: [ParNew: 213800K->6036K(235968K), 0.0219081 secs] 651441K->443711K(1022400K), 0.0220263 secs] [Times: user=0.06 sys=0.00, real=0.02 secs] 
35991.862: [GC 35991.862: [ParNew: 215828K->5488K(235968K), 0.0181635 secs] 653503K->443212K(1022400K), 0.0182925 secs] [Times: user=0.06 sys=0.00, real=0.02 secs] 
36100.091: [GC 36100.091: [ParNew: 215280K->3965K(235968K), 0.0193089 secs] 653004K->442230K(1022400K), 0.0194561 secs] [Times: user=0.11 sys=0.00, real=0.03 secs] 
36217.495: [GC 36217.495: [ParNew: 213757K->4084K(235968K), 0.0143499 secs] 652022K->442541K(1022400K), 0.0144812 secs] [Times: user=0.08 sys=0.00, real=0.02 secs] 
36348.605: [GC 36348.605: [ParNew: 213876K->4109K(235968K), 0.0121434 secs] 652333K->442607K(1022400K), 0.0122764 secs] [Times: user=0.08 sys=0.00, real=0.02 secs] 
36455.044: [GC 36455.044: [ParNew: 213901K->3123K(235968K), 0.0110048 secs] 652399K->441666K(1022400K), 0.0111319 secs] [Times: user=0.08 sys=0.00, real=0.02 secs] 
36542.545: [GC 36542.545: [ParNew: 212915K->4263K(235968K), 0.0206780 secs] 651458K->442842K(1022400K), 0.0208032 secs] [Times: user=0.06 sys=0.00, real=0.02 secs] 
36650.491: [GC 36650.492: [ParNew: 214055K->6277K(235968K), 0.0173779 secs] 652634K->444898K(1022400K), 0.0175000 secs] [Times: user=0.06 sys=0.00, real=0.02 secs] 
36757.210: [GC 36757.210: [ParNew: 216069K->6543K(235968K), 0.0172726 secs] 654690K->445231K(1022400K), 0.0174008 secs] [Times: user=0.06 sys=0.00, real=0.02 secs] 
36847.757: [GC 36847.757: [ParNew: 216335K->5152K(235968K), 0.0168848 secs] 655023K->443883K(1022400K), 0.0170100 secs] [Times: user=0.06 sys=0.00, real=0.02 secs] 
36945.049: [GC 36945.049: [ParNew: 214944K->3637K(235968K), 0.0193460 secs] 653675K->443426K(1022400K), 0.0195145 secs] [Times: user=0.06 sys=0.00, real=0.01 secs] 
37027.628: [GC 37027.628: [ParNew: 213429K->4617K(235968K), 0.0132000 secs] 653218K->444454K(1022400K), 0.0133469 secs] [Times: user=0.00 sys=0.00, real=0.00 secs] 
37105.342: [GC 37105.342: [ParNew: 214409K->4341K(235968K), 0.0148941 secs] 654246K->444225K(1022400K), 0.0150340 secs] [Times: user=0.06 sys=0.00, real=0.02 secs] 
37197.316: [GC 37197.316: [ParNew: 214133K->4385K(235968K), 0.0108257 secs] 654017K->444312K(1022400K), 0.0109743 secs] [Times: user=0.11 sys=0.00, real=0.01 secs] 
37290.132: [GC 37290.132: [ParNew: 214177K->4069K(235968K), 0.0124189 secs] 654104K->444071K(1022400K), 0.0125471 secs] [Times: user=0.08 sys=0.00, real=0.02 secs] 
37365.343: [GC 37365.343: [ParNew: 213861K->3620K(235968K), 0.0153332 secs] 653863K->443754K(1022400K), 0.0154556 secs] [Times: user=0.06 sys=0.00, real=0.02 secs] 
37450.222: [GC 37450.222: [ParNew: 213412K->3492K(235968K), 0.0151097 secs] 653546K->443663K(1022400K), 0.0152324 secs] [Times: user=0.06 sys=0.00, real=0.02 secs] 
37549.151: [GC 37549.151: [ParNew: 213284K->5504K(235968K), 0.0159462 secs] 653455K->445708K(1022400K), 0.0161118 secs] [Times: user=0.08 sys=0.00, real=0.02 secs] 
37636.469: [GC 37636.469: [ParNew: 215296K->5735K(235968K), 0.0189611 secs] 655500K->445966K(1022400K), 0.0190851 secs] [Times: user=0.06 sys=0.00, real=0.02 secs] 
37740.111: [GC 37740.111: [ParNew: 215527K->5021K(235968K), 0.0161775 secs] 655758K->445376K(1022400K), 0.0163010 secs] [Times: user=0.06 sys=0.00, real=0.03 secs] 
37825.406: [GC 37825.406: [ParNew: 214813K->3756K(235968K), 0.0168426 secs] 655168K->444178K(1022400K), 0.0169731 secs] [Times: user=0.06 sys=0.00, real=0.01 secs] 
37945.100: [GC 37945.100: [ParNew: 213548K->4040K(235968K), 0.0171011 secs] 653970K->444506K(1022400K), 0.0172379 secs] [Times: user=0.05 sys=0.00, real=0.02 secs] 
38044.201: [GC 38044.201: [ParNew: 213832K->3716K(235968K), 0.0169030 secs] 654298K->444445K(1022400K), 0.0170416 secs] [Times: user=0.06 sys=0.00, real=0.02 secs] 
38140.974: [GC 38140.974: [ParNew: 213508K->2992K(235968K), 0.0130841 secs] 654237K->443787K(1022400K), 0.0132070 secs] [Times: user=0.06 sys=0.00, real=0.02 secs] 
38262.411: [GC 38262.411: [ParNew: 212784K->3821K(235968K), 0.0132953 secs] 653579K->444652K(1022400K), 0.0134458 secs] [Times: user=0.06 sys=0.00, real=0.02 secs] 
38385.708: [GC 38385.708: [ParNew: 213613K->4005K(235968K), 0.0176500 secs] 654444K->444874K(1022400K), 0.0177911 secs] [Times: user=0.06 sys=0.00, real=0.02 secs] 
38521.733: [GC 38521.734: [ParNew: 213797K->4686K(235968K), 0.0161264 secs] 654666K->445698K(1022400K), 0.0162602 secs] [Times: user=0.06 sys=0.00, real=0.02 secs] 
38625.218: [GC 38625.218: [ParNew: 214478K->3743K(235968K), 0.0131902 secs] 655490K->444783K(1022400K), 0.0133193 secs] [Times: user=0.06 sys=0.00, real=0.02 secs] 
38715.943: [GC 38715.943: [ParNew: 213535K->3795K(235968K), 0.0153204 secs] 654575K->444898K(1022400K), 0.0154313 secs] [Times: user=0.06 sys=0.00, real=0.02 secs] 
38800.456: [GC 38800.456: [ParNew: 213587K->3698K(235968K), 0.0143328 secs] 654690K->444864K(1022400K), 0.0144720 secs] [Times: user=0.06 sys=0.00, real=0.02 secs] 
38881.802: [GC 38881.802: [ParNew: 213490K->5123K(235968K), 0.0183012 secs] 654656K->446342K(1022400K), 0.0184311 secs] [Times: user=0.06 sys=0.00, real=0.02 secs] 
38980.114: [GC 38980.114: [ParNew: 214915K->4424K(235968K), 0.0138512 secs] 656134K->445729K(1022400K), 0.0139724 secs] [Times: user=0.06 sys=0.00, real=0.02 secs] 
39092.185: [GC 39092.185: [ParNew: 214216K->3501K(235968K), 0.0150810 secs] 655521K->444853K(1022400K), 0.0152106 secs] [Times: user=0.06 sys=0.00, real=0.02 secs] 
39187.760: [GC 39187.760: [ParNew: 213293K->5102K(235968K), 0.0181210 secs] 654645K->446492K(1022400K), 0.0182509 secs] [Times: user=0.06 sys=0.00, real=0.02 secs] 
39277.317: [GC 39277.317: [ParNew: 214894K->5368K(235968K), 0.0175508 secs] 656284K->446955K(1022400K), 0.0176810 secs] [Times: user=0.06 sys=0.00, real=0.02 secs] 
39363.549: [GC 39363.550: [ParNew: 215160K->4625K(235968K), 0.0153494 secs] 656747K->446278K(1022400K), 0.0154891 secs] [Times: user=0.05 sys=0.00, real=0.02 secs] 
39447.110: [GC 39447.110: [ParNew: 214417K->4234K(235968K), 0.0223338 secs] 656070K->445931K(1022400K), 0.0224556 secs] [Times: user=0.08 sys=0.00, real=0.03 secs] 
39540.104: [GC 39540.104: [ParNew: 214026K->5140K(235968K), 0.0201959 secs] 655723K->446951K(1022400K), 0.0203308 secs] [Times: user=0.06 sys=0.00, real=0.01 secs] 
39630.321: [GC 39630.321: [ParNew: 214932K->4597K(235968K), 0.0165233 secs] 656743K->446428K(1022400K), 0.0166407 secs] [Times: user=0.06 sys=0.00, real=0.01 secs] 
39720.361: [GC 39720.361: [ParNew: 214389K->4744K(235968K), 0.0131939 secs] 656220K->446595K(1022400K), 0.0133215 secs] [Times: user=0.08 sys=0.00, real=0.02 secs] 
39826.584: [GC 39826.584: [ParNew: 214536K->4910K(235968K), 0.0181906 secs] 656387K->446808K(1022400K), 0.0183160 secs] [Times: user=0.06 sys=0.00, real=0.01 secs] 
39895.507: [GC 39895.507: [ParNew: 214702K->4574K(235968K), 0.0223355 secs] 656600K->447007K(1022400K), 0.0224730 secs] [Times: user=0.06 sys=0.00, real=0.01 secs] 
39972.394: [GC 39972.394: [ParNew: 214366K->4380K(235968K), 0.0173178 secs] 656799K->447106K(1022400K), 0.0174637 secs] [Times: user=0.06 sys=0.00, real=0.03 secs] 
40113.874: [GC 40113.874: [ParNew: 214172K->9722K(235968K), 0.0299594 secs] 656898K->452485K(1022400K), 0.0300971 secs] [Times: user=0.13 sys=0.00, real=0.03 secs] 
40117.754: [GC 40117.754: [ParNew: 219514K->26176K(235968K), 0.1147925 secs] 662277K->521049K(1022400K), 0.1149582 secs] [Times: user=0.39 sys=0.00, real=0.13 secs] 
40119.138: [GC 40119.138: [ParNew: 232902K->26176K(235968K), 0.0924103 secs] 727775K->575054K(1022400K), 0.0925933 secs] [Times: user=0.30 sys=0.02, real=0.09 secs] 
40120.808: [GC 40120.808: [ParNew (promotion failed): 235968K->235968K(235968K), 0.1925261 secs]40121.001: [CMS: 594557K->338805K(786432K), 2.9227500 secs] 784846K->338805K(1022400K), [CMS Perm : 22756K->22755K(37944K)], 3.1155474 secs] [Times: user=3.34 sys=0.00, real=3.11 secs] 
40124.983: [GC 40124.983: [ParNew: 209792K->26176K(235968K), 0.0315590 secs] 548597K->367417K(1022400K), 0.0317403 secs] [Times: user=0.13 sys=0.00, real=0.03 secs] 
40125.610: [GC 40125.611: [ParNew: 235960K->26176K(235968K), 0.0551252 secs] 577201K->386127K(1022400K), 0.0553230 secs] [Times: user=0.20 sys=0.00, real=0.06 secs] 
40126.183: [GC 40126.183: [ParNew: 235968K->23829K(235968K), 0.0470300 secs] 595919K->396511K(1022400K), 0.0472270 secs] [Times: user=0.14 sys=0.00, real=0.05 secs] 
40126.744: [GC 40126.744: [ParNew: 233621K->26176K(235968K), 0.0534959 secs] 606303K->411551K(1022400K), 0.0536923 secs] [Times: user=0.19 sys=0.00, real=0.05 secs] 
40127.223: [GC 40127.223: [ParNew: 235968K->16502K(235968K), 0.0675555 secs] 621343K->415635K(1022400K), 0.0677148 secs] [Times: user=0.23 sys=0.02, real=0.08 secs] 
40127.756: [GC 40127.757: [ParNew: 226294K->16161K(235968K), 0.0188071 secs] 625427K->415294K(1022400K), 0.0189667 secs] [Times: user=0.06 sys=0.00, real=0.02 secs] 
40128.464: [GC 40128.464: [ParNew: 225953K->23803K(235968K), 0.0259435 secs] 625086K->422936K(1022400K), 0.0261134 secs] [Times: user=0.06 sys=0.00, real=0.01 secs] 
40129.099: [GC 40129.100: [ParNew: 233595K->26176K(235968K), 0.0488006 secs] 632728K->430730K(1022400K), 0.0490076 secs] [Times: user=0.20 sys=0.00, real=0.06 secs] 
40129.654: [GC 40129.654: [ParNew: 235968K->22711K(235968K), 0.0736954 secs] 640522K->438041K(1022400K), 0.0738915 secs] [Times: user=0.25 sys=0.00, real=0.08 secs] 
40130.160: [GC 40130.160: [ParNew: 232503K->22875K(235968K), 0.0431809 secs] 647833K->443811K(1022400K), 0.0433644 secs] [Times: user=0.17 sys=0.00, real=0.05 secs] 
40130.607: [GC 40130.607: [ParNew: 232667K->19956K(235968K), 0.5734123 secs] 653603K->447529K(1022400K), 0.5735681 secs] [Times: user=2.23 sys=0.00, real=0.58 secs] 
40131.574: [GC 40131.574: [ParNew: 229748K->22252K(235968K), 0.0216229 secs] 657321K->449824K(1022400K), 0.0217963 secs] [Times: user=0.08 sys=0.00, real=0.02 secs] 
40132.005: [GC 40132.005: [ParNew: 232044K->23659K(235968K), 0.0342569 secs] 659616K->457710K(1022400K), 0.0344421 secs] [Times: user=0.17 sys=0.00, real=0.05 secs] 
40132.445: [GC 40132.445: [ParNew: 233451K->21829K(235968K), 0.0254060 secs] 667502K->460364K(1022400K), 0.0255613 secs] [Times: user=0.09 sys=0.00, real=0.02 secs] 
40132.885: [GC 40132.885: [ParNew: 231621K->24181K(235968K), 0.0258005 secs] 670156K->467186K(1022400K), 0.0259826 secs] [Times: user=0.09 sys=0.00, real=0.02 secs] 
40133.267: [GC 40133.267: [ParNew: 233973K->19358K(235968K), 0.0243788 secs] 676978K->466740K(1022400K), 0.0245660 secs] [Times: user=0.17 sys=0.00, real=0.03 secs] 
40133.642: [GC 40133.642: [ParNew: 228597K->23901K(235968K), 0.0172843 secs] 675979K->471283K(1022400K), 0.0174734 secs] [Times: user=0.09 sys=0.00, real=0.02 secs] 
40134.062: [GC 40134.062: [ParNew: 233693K->18398K(235968K), 0.0218145 secs] 681075K->470007K(1022400K), 0.0219922 secs] [Times: user=0.09 sys=0.00, real=0.02 secs] 
40134.551: [GC 40134.551: [ParNew: 228190K->16061K(235968K), 0.0239223 secs] 679799K->471422K(1022400K), 0.0241022 secs] [Times: user=0.17 sys=0.02, real=0.03 secs] 
40135.038: [GC 40135.038: [ParNew: 225853K->15212K(235968K), 0.0170334 secs] 681214K->471605K(1022400K), 0.0172142 secs] [Times: user=0.09 sys=0.00, real=0.02 secs] 
40135.498: [GC 40135.498: [ParNew: 225004K->10659K(235968K), 0.1892785 secs] 681397K->467788K(1022400K), 0.1894352 secs] [Times: user=1.13 sys=0.00, real=0.19 secs] 
40136.237: [GC 40136.237: [ParNew: 220451K->14489K(235968K), 0.0183504 secs] 677580K->473099K(1022400K), 0.0185579 secs] [Times: user=0.09 sys=0.00, real=0.02 secs] 
40136.714: [GC 40136.714: [ParNew: 224281K->17704K(235968K), 0.0227152 secs] 682891K->478529K(1022400K), 0.0228730 secs] [Times: user=0.09 sys=0.00, real=0.01 secs] 
40137.219: [GC 40137.219: [ParNew: 227496K->19925K(235968K), 0.0225593 secs] 688321K->482241K(1022400K), 0.0227367 secs] [Times: user=0.09 sys=0.00, real=0.03 secs] 
40137.736: [GC 40137.736: [ParNew: 229718K->15576K(235968K), 0.0295026 secs] 692033K->481211K(1022400K), 0.0296820 secs] [Times: user=0.17 sys=0.00, real=0.03 secs] 
40138.245: [GC 40138.245: [ParNew: 225368K->13751K(235968K), 0.0160090 secs] 691003K->479386K(1022400K), 0.0161808 secs] [Times: user=0.09 sys=0.00, real=0.02 secs] 
40138.771: [GC 40138.771: [ParNew: 223543K->16566K(235968K), 0.0293247 secs] 689178K->484661K(1022400K), 0.0294962 secs] [Times: user=0.19 sys=0.00, real=0.03 secs] 
40139.278: [GC 40139.278: [ParNew: 226358K->16989K(235968K), 0.0373425 secs] 694453K->487165K(1022400K), 0.0374978 secs] [Times: user=0.19 sys=0.00, real=0.03 secs] 
40139.757: [GC 40139.757: [ParNew: 226781K->21424K(235968K), 0.0346184 secs] 696957K->493767K(1022400K), 0.0348005 secs] [Times: user=0.19 sys=0.02, real=0.05 secs] 
40140.172: [GC 40140.172: [ParNew: 231216K->26176K(235968K), 0.0663179 secs] 703559K->503793K(1022400K), 0.0664685 secs] [Times: user=0.38 sys=0.00, real=0.06 secs] 
40140.530: [GC 40140.530: [ParNew: 235968K->25735K(235968K), 0.1425586 secs] 713585K->528355K(1022400K), 0.1427064 secs] [Times: user=0.59 sys=0.00, real=0.14 secs] 
40143.804: [GC 40143.804: [ParNew: 235527K->26176K(235968K), 0.5150347 secs] 738147K->631111K(1022400K), 0.5152107 secs] [Times: user=3.00 sys=0.03, real=0.52 secs] 
40144.320: [GC [1 CMS-initial-mark: 604935K(786432K)] 631119K(1022400K), 0.0468903 secs] [Times: user=0.05 sys=0.00, real=0.05 secs] 
40144.367: [CMS-concurrent-mark-start]
40145.383: [CMS-concurrent-mark: 1.013/1.015 secs] [Times: user=3.06 sys=0.01, real=1.02 secs] 
40145.383: [CMS-concurrent-preclean-start]
40145.424: [CMS-concurrent-preclean: 0.032/0.042 secs] [Times: user=0.06 sys=0.00, real=0.03 secs] 
40145.424: [CMS-concurrent-abortable-preclean-start]
40147.698: [GC 40147.698: [ParNew: 235968K->26176K(235968K), 0.6090525 secs] 840903K->748432K(1022400K), 0.6092070 secs] [Times: user=3.53 sys=0.00, real=0.61 secs] 
40150.238: [CMS-concurrent-abortable-preclean: 3.800/4.813 secs] [Times: user=11.47 sys=0.64, real=4.81 secs] 
40150.238: [GC[YG occupancy: 136189 K (235968 K)]40150.238: [Rescan (parallel) , 0.0410806 secs]40150.280: [weak refs processing, 0.0001838 secs] [1 CMS-remark: 722256K(786432K)] 858446K(1022400K), 0.0413972 secs] [Times: user=0.33 sys=0.00, real=0.05 secs] 
40150.280: [CMS-concurrent-sweep-start]
40150.870: [CMS-concurrent-sweep: 0.590/0.590 secs] [Times: user=1.19 sys=0.02, real=0.59 secs] 
40150.870: [CMS-concurrent-reset-start]
40150.889: [CMS-concurrent-reset: 0.020/0.020 secs] [Times: user=0.03 sys=0.00, real=0.02 secs] 
40151.911: [GC 40151.911: [ParNew: 235968K->26176K(235968K), 0.6102826 secs] 713772K->617324K(1022400K), 0.6105765 secs] [Times: user=3.34 sys=0.02, real=0.61 secs] 
40152.523: [GC [1 CMS-initial-mark: 591148K(786432K)] 617332K(1022400K), 0.0476276 secs] [Times: user=0.05 sys=0.00, real=0.05 secs] 
40152.571: [CMS-concurrent-mark-start]
40154.217: [CMS-concurrent-mark: 1.643/1.646 secs] [Times: user=4.99 sys=0.01, real=1.64 secs] 
40154.217: [CMS-concurrent-preclean-start]
40154.239: [GC 40154.239: [ParNew: 235968K->26176K(235968K), 0.2251828 secs] 827116K->657684K(1022400K), 0.2253412 secs] [Times: user=1.27 sys=0.02, real=0.23 secs] 
40154.504: [CMS-concurrent-preclean: 0.055/0.287 secs] [Times: user=1.45 sys=0.02, real=0.28 secs] 
40154.504: [CMS-concurrent-abortable-preclean-start]
40155.717: [CMS-concurrent-abortable-preclean: 1.085/1.213 secs] [Times: user=1.92 sys=0.20, real=1.22 secs] 
40155.718: [GC[YG occupancy: 138792 K (235968 K)]40155.718: [Rescan (parallel) , 0.0400769 secs]40155.758: [weak refs processing, 0.0001861 secs] [1 CMS-remark: 631508K(786432K)] 770300K(1022400K), 0.0403736 secs] [Times: user=0.17 sys=0.00, real=0.05 secs] 
40155.759: [CMS-concurrent-sweep-start]
40156.111: [GC 40156.111: [ParNew: 235968K->26176K(235968K), 0.1214006 secs] 836855K->653797K(1022400K), 0.1215858 secs] [Times: user=0.66 sys=0.00, real=0.13 secs] 
40156.585: [CMS-concurrent-sweep: 0.703/0.826 secs] [Times: user=3.17 sys=0.06, real=0.81 secs] 
40156.585: [CMS-concurrent-reset-start]
40156.607: [CMS-concurrent-reset: 0.022/0.022 secs] [Times: user=0.09 sys=0.01, real=0.03 secs] 
40156.974: [GC 40156.974: [ParNew: 235968K->26176K(235968K), 0.0563013 secs] 835435K->639217K(1022400K), 0.0564530 secs] [Times: user=0.34 sys=0.00, real=0.06 secs] 
40157.031: [GC [1 CMS-initial-mark: 613041K(786432K)] 639331K(1022400K), 0.0367116 secs] [Times: user=0.03 sys=0.00, real=0.03 secs] 
40157.068: [CMS-concurrent-mark-start]
40157.819: [GC 40157.819: [ParNew: 235968K->26176K(235968K), 0.0460676 secs] 849009K->649883K(1022400K), 0.0462363 secs] [Times: user=0.33 sys=0.00, real=0.05 secs] 
40159.174: [CMS-concurrent-mark: 2.055/2.107 secs] [Times: user=8.39 sys=0.02, real=2.11 secs] 
40159.174: [CMS-concurrent-preclean-start]
40159.425: [CMS-concurrent-preclean: 0.193/0.251 secs] [Times: user=0.56 sys=0.06, real=0.25 secs] 
40159.425: [CMS-concurrent-abortable-preclean-start]
40160.643: [GC 40160.643: [ParNew: 235968K->26176K(235968K), 0.1011028 secs] 859675K->667552K(1022400K), 0.1012715 secs] [Times: user=0.63 sys=0.03, real=0.11 secs] 
40161.001: [CMS-concurrent-abortable-preclean: 1.356/1.576 secs] [Times: user=3.81 sys=0.25, real=1.58 secs] 
40161.005: [GC[YG occupancy: 159199 K (235968 K)]40161.005: [Rescan (parallel) , 0.0243950 secs]40161.029: [weak refs processing, 0.0002972 secs] [1 CMS-remark: 641376K(786432K)] 800576K(1022400K), 0.0248350 secs] [Times: user=0.20 sys=0.00, real=0.03 secs] 
40161.030: [CMS-concurrent-sweep-start]
40161.666: [CMS-concurrent-sweep: 0.636/0.636 secs] [Times: user=1.22 sys=0.00, real=0.64 secs] 
40161.666: [CMS-concurrent-reset-start]
40161.683: [CMS-concurrent-reset: 0.017/0.017 secs] [Times: user=0.02 sys=0.00, real=0.02 secs] 
40163.515: [GC 40163.515: [ParNew: 235968K->26176K(235968K), 0.0942681 secs] 838334K->655663K(1022400K), 0.0944299 secs] [Times: user=0.53 sys=0.00, real=0.09 secs] 
40163.612: [GC [1 CMS-initial-mark: 629487K(786432K)] 655930K(1022400K), 0.0435002 secs] [Times: user=0.05 sys=0.00, real=0.05 secs] 
40163.656: [CMS-concurrent-mark-start]
40165.542: [CMS-concurrent-mark: 1.887/1.887 secs] [Times: user=4.83 sys=0.02, real=1.89 secs] 
40165.543: [CMS-concurrent-preclean-start]
40165.622: [CMS-concurrent-preclean: 0.059/0.080 secs] [Times: user=0.11 sys=0.02, real=0.08 secs] 
40165.622: [CMS-concurrent-abortable-preclean-start]
40168.240: [GC 40168.240: [ParNew: 235968K->26176K(235968K), 0.0900450 secs] 865455K->669188K(1022400K), 0.0902129 secs] [Times: user=0.56 sys=0.00, real=0.09 secs] 
CMS: abort preclean due to time 2010-04-21T05:53:00.154+0100: 40170.690: [CMS-concurrent-abortable-preclean: 4.690/5.067 secs] [Times: user=8.92 sys=0.28, real=5.06 secs] 
40170.693: [GC[YG occupancy: 92070 K (235968 K)]40170.693: [Rescan (parallel) , 0.0260419 secs]40170.719: [weak refs processing, 0.0001612 secs] [1 CMS-remark: 643012K(786432K)] 735082K(1022400K), 0.0263489 secs] [Times: user=0.22 sys=0.00, real=0.03 secs] 
40170.720: [CMS-concurrent-sweep-start]
40171.385: [CMS-concurrent-sweep: 0.666/0.666 secs] [Times: user=1.01 sys=0.00, real=0.67 secs] 
40171.385: [CMS-concurrent-reset-start]
40171.408: [CMS-concurrent-reset: 0.023/0.023 secs] [Times: user=0.02 sys=0.00, real=0.02 secs] 
40179.277: [GC 40179.277: [ParNew: 235968K->24890K(235968K), 0.0845624 secs] 831078K->640272K(1022400K), 0.0847292 secs] [Times: user=0.26 sys=0.00, real=0.08 secs] 
40265.350: [GC 40265.350: [ParNew: 234682K->11453K(235968K), 0.0235189 secs] 850064K->626835K(1022400K), 0.0236748 secs] [Times: user=0.13 sys=0.00, real=0.03 secs] 
40301.256: [GC 40301.256: [ParNew: 221245K->26176K(235968K), 0.3261110 secs] 836627K->664094K(1022400K), 0.3262728 secs] [Times: user=1.19 sys=0.00, real=0.33 secs] 
40307.022: [GC 40307.022: [ParNew: 235968K->26176K(235968K), 0.4546064 secs] 873886K->741766K(1022400K), 0.4547693 secs] [Times: user=1.50 sys=0.01, real=0.45 secs] 
40307.477: [GC [1 CMS-initial-mark: 715590K(786432K)] 743404K(1022400K), 0.0432234 secs] [Times: user=0.05 sys=0.00, real=0.05 secs] 
40307.520: [CMS-concurrent-mark-start]
40309.237: [CMS-concurrent-mark: 1.717/1.717 secs] [Times: user=5.08 sys=0.03, real=1.72 secs] 
40309.237: [CMS-concurrent-preclean-start]
40309.429: [CMS-concurrent-preclean: 0.132/0.192 secs] [Times: user=0.05 sys=0.14, real=0.19 secs] 
40309.429: [CMS-concurrent-abortable-preclean-start]
CMS: abort preclean due to time 2010-04-21T05:55:23.918+0100: 40314.460: [CMS-concurrent-abortable-preclean: 3.887/5.031 secs] [Times: user=4.45 sys=0.03, real=5.03 secs] 
40314.460: [GC[YG occupancy: 212605 K (235968 K)]40314.461: [Rescan (parallel) , 0.3088532 secs]40314.769: [weak refs processing, 0.0003911 secs] [1 CMS-remark: 715590K(786432K)] 928195K(1022400K), 0.3093790 secs] [Times: user=0.34 sys=0.00, real=0.31 secs] 
40314.770: [CMS-concurrent-sweep-start]
40315.202: [GC 40315.202: [ParNew: 235968K->26176K(235968K), 0.6298602 secs] 877967K->740490K(1022400K), 0.6300446 secs] [Times: user=2.25 sys=0.00, real=0.63 secs] 
40316.503: [CMS-concurrent-sweep: 1.101/1.733 secs] [Times: user=4.25 sys=0.06, real=1.73 secs] 
40316.503: [CMS-concurrent-reset-start]
40316.526: [CMS-concurrent-reset: 0.023/0.023 secs] [Times: user=0.03 sys=0.00, real=0.02 secs] 
40318.618: [GC 40318.618: [ParNew: 235968K->26176K(235968K), 0.7948013 secs] 791273K->661929K(1022400K), 0.7949862 secs] [Times: user=2.83 sys=0.03, real=0.80 secs] 
40319.414: [GC [1 CMS-initial-mark: 635753K(786432K)] 661934K(1022400K), 0.0443830 secs] [Times: user=0.05 sys=0.00, real=0.05 secs] 
40319.458: [CMS-concurrent-mark-start]
40321.274: [CMS-concurrent-mark: 1.816/1.816 secs] [Times: user=5.70 sys=0.05, real=1.81 secs] 
40321.274: [CMS-concurrent-preclean-start]
40321.469: [CMS-concurrent-preclean: 0.148/0.195 secs] [Times: user=0.34 sys=0.05, real=0.20 secs] 
40321.469: [CMS-concurrent-abortable-preclean-start]
40321.479: [GC 40321.479: [ParNew (promotion failed): 235968K->235968K(235968K), 2.6617101 secs]40324.141: [CMS2010-04-21T05:55:34.183+0100: 40324.728: [CMS-concurrent-abortable-preclean: 0.430/3.259 secs] [Times: user=4.02 sys=0.69, real=3.25 secs] 
(concurrent mode failure): 654882K->549171K(786432K), 5.7340967 secs] 871721K->549171K(1022400K), [CMS Perm : 22763K->22763K(37944K)], 8.3960584 secs] [Times: user=9.16 sys=0.70, real=8.41 secs] 
40331.842: [GC 40331.842: [ParNew: 209792K->26176K(235968K), 0.2730193 secs] 758963K->621395K(1022400K), 0.2732046 secs] [Times: user=0.95 sys=0.00, real=0.27 secs] 
40334.235: [GC 40334.235: [ParNew: 235968K->26176K(235968K), 0.3328219 secs] 831187K->687826K(1022400K), 0.3329834 secs] [Times: user=1.11 sys=0.00, real=0.33 secs] 
40334.569: [GC [1 CMS-initial-mark: 661650K(786432K)] 691163K(1022400K), 0.0435662 secs] [Times: user=0.05 sys=0.00, real=0.05 secs] 
40334.613: [CMS-concurrent-mark-start]
40336.353: [GC 40336.353: [ParNew: 235968K->26176K(235968K), 0.5225639 secs] 897618K->768752K(1022400K), 0.5227497 secs] [Times: user=1.86 sys=0.00, real=0.53 secs] 
40336.930: [CMS-concurrent-mark: 1.789/2.317 secs] [Times: user=8.00 sys=0.05, real=2.31 secs] 
40336.930: [CMS-concurrent-preclean-start]
40337.807: [CMS-concurrent-preclean: 0.704/0.877 secs] [Times: user=1.49 sys=0.36, real=0.88 secs] 
40337.807: [CMS-concurrent-abortable-preclean-start]
40337.807: [CMS-concurrent-abortable-preclean: 0.000/0.000 secs] [Times: user=0.00 sys=0.00, real=0.00 secs] 
40337.810: [GC[YG occupancy: 131520 K (235968 K)]40337.810: [Rescan (parallel) , 0.0605929 secs]40337.871: [weak refs processing, 0.0003520 secs] [1 CMS-remark: 742576K(786432K)] 874097K(1022400K), 0.0610829 secs] [Times: user=0.19 sys=0.01, real=0.06 secs] 
40337.871: [CMS-concurrent-sweep-start]
40338.662: [CMS-concurrent-sweep: 0.787/0.791 secs] [Times: user=1.50 sys=0.02, real=0.78 secs] 
40338.662: [CMS-concurrent-reset-start]
40338.684: [CMS-concurrent-reset: 0.022/0.022 secs] [Times: user=0.06 sys=0.00, real=0.03 secs] 
40339.307: [GC 40339.307: [ParNew: 235968K->26176K(235968K), 0.4369782 secs] 843123K->701768K(1022400K), 0.4371500 secs] [Times: user=1.53 sys=0.00, real=0.44 secs] 
40339.746: [GC [1 CMS-initial-mark: 675592K(786432K)] 701772K(1022400K), 0.0436008 secs] [Times: user=0.03 sys=0.00, real=0.03 secs] 
40339.789: [CMS-concurrent-mark-start]
40341.832: [CMS-concurrent-mark: 2.042/2.042 secs] [Times: user=4.59 sys=0.01, real=2.05 secs] 
40341.832: [CMS-concurrent-preclean-start]
40341.938: [CMS-concurrent-preclean: 0.072/0.106 secs] [Times: user=0.05 sys=0.06, real=0.11 secs] 
40341.938: [CMS-concurrent-abortable-preclean-start]
CMS: abort preclean due to time 2010-04-21T05:55:56.402+0100: 40346.947: [CMS-concurrent-abortable-preclean: 4.141/5.009 secs] [Times: user=4.51 sys=0.11, real=5.00 secs] 
40346.948: [GC[YG occupancy: 109748 K (235968 K)]40346.948: [Rescan (parallel) , 0.1357200 secs]40347.084: [weak refs processing, 0.0002492 secs] [1 CMS-remark: 675592K(786432K)] 785340K(1022400K), 0.1360927 secs] [Times: user=0.19 sys=0.00, real=0.14 secs] 
40347.084: [CMS-concurrent-sweep-start]
40347.844: [CMS-concurrent-sweep: 0.759/0.759 secs] [Times: user=0.77 sys=0.00, real=0.77 secs] 
40347.844: [CMS-concurrent-reset-start]
40347.865: [CMS-concurrent-reset: 0.022/0.022 secs] [Times: user=0.01 sys=0.00, real=0.02 secs] 
40349.865: [GC [1 CMS-initial-mark: 588670K(786432K)] 700107K(1022400K), 0.1546191 secs] [Times: user=0.16 sys=0.00, real=0.16 secs] 
40350.020: [CMS-concurrent-mark-start]
40351.773: [CMS-concurrent-mark: 1.753/1.753 secs] [Times: user=3.52 sys=0.00, real=1.75 secs] 
40351.773: [CMS-concurrent-preclean-start]
40351.788: [CMS-concurrent-preclean: 0.011/0.015 secs] [Times: user=0.00 sys=0.02, real=0.02 secs] 
40351.788: [CMS-concurrent-abortable-preclean-start]
CMS: abort preclean due to time 2010-04-21T05:56:06.292+0100: 40356.830: [CMS-concurrent-abortable-preclean: 2.908/5.042 secs] [Times: user=3.08 sys=0.08, real=5.05 secs] 
40356.830: [GC[YG occupancy: 142051 K (235968 K)]40356.830: [Rescan (parallel) , 0.1598726 secs]40356.990: [weak refs processing, 0.0001821 secs] [1 CMS-remark: 588670K(786432K)] 730722K(1022400K), 0.1601723 secs] [Times: user=0.20 sys=0.00, real=0.16 secs] 
40356.991: [CMS-concurrent-sweep-start]
40357.913: [CMS-concurrent-sweep: 0.922/0.922 secs] [Times: user=0.92 sys=0.00, real=0.92 secs] 
40357.913: [CMS-concurrent-reset-start]
40357.932: [CMS-concurrent-reset: 0.019/0.019 secs] [Times: user=0.02 sys=0.00, real=0.02 secs] 
40378.125: [GC 40378.125: [ParNew: 235968K->26176K(235968K), 0.2354699 secs] 743519K->563558K(1022400K), 0.2356643 secs] [Times: user=0.77 sys=0.00, real=0.23 secs] 
40400.084: [GC 40400.084: [ParNew: 235968K->26176K(235968K), 0.1532868 secs] 773350K->576989K(1022400K), 0.1534508 secs] [Times: user=0.55 sys=0.00, real=0.16 secs] 
40455.576: [GC 40455.576: [ParNew: 235968K->23602K(235968K), 0.1019286 secs] 786781K->590905K(1022400K), 0.1020903 secs] [Times: user=0.39 sys=0.00, real=0.11 secs] 
40510.478: [GC 40510.478: [ParNew: 233394K->6300K(235968K), 0.0148371 secs] 800697K->573603K(1022400K), 0.0149851 secs] [Times: user=0.06 sys=0.00, real=0.02 secs] 
40570.434: [GC 40570.434: [ParNew: 216092K->3585K(235968K), 0.0167261 secs] 783395K->570888K(1022400K), 0.0168695 secs] [Times: user=0.06 sys=0.00, real=0.02 secs] 
40597.032: [GC 40597.033: [ParNew: 213377K->26176K(235968K), 0.0659553 secs] 780680K->593652K(1022400K), 0.0661031 secs] [Times: user=0.23 sys=0.02, real=0.06 secs] 
40599.910: [GC 40599.910: [ParNew: 235968K->26176K(235968K), 0.5405802 secs] 803444K->651284K(1022400K), 0.5407506 secs] [Times: user=1.89 sys=0.00, real=0.53 secs] 
40603.921: [GC 40603.921: [ParNew: 235968K->26176K(235968K), 0.6401939 secs] 861076K->699069K(1022400K), 0.6403772 secs] [Times: user=2.39 sys=0.00, real=0.64 secs] 
40604.562: [GC [1 CMS-initial-mark: 672893K(786432K)] 701767K(1022400K), 0.0450381 secs] [Times: user=0.05 sys=0.00, real=0.05 secs] 
40604.608: [CMS-concurrent-mark-start]
40606.204: [CMS-concurrent-mark: 1.596/1.596 secs] [Times: user=4.80 sys=0.00, real=1.59 secs] 
40606.204: [CMS-concurrent-preclean-start]
40606.349: [CMS-concurrent-preclean: 0.107/0.144 secs] [Times: user=0.25 sys=0.06, real=0.16 secs] 
40606.349: [CMS-concurrent-abortable-preclean-start]
40608.327: [GC 40608.327: [ParNew: 235968K->26176K(235968K), 0.4093266 secs] 908861K->767778K(1022400K), 0.4094850 secs] [Times: user=1.75 sys=0.00, real=0.42 secs] 
40609.537: [CMS-concurrent-abortable-preclean: 2.433/3.188 secs] [Times: user=5.05 sys=0.44, real=3.19 secs] 
40609.538: [GC[YG occupancy: 70484 K (235968 K)]40609.538: [Rescan (parallel) , 0.0271076 secs]40609.565: [weak refs processing, 0.0003067 secs] [1 CMS-remark: 741602K(786432K)] 812087K(1022400K), 0.0275334 secs] [Times: user=0.11 sys=0.00, real=0.03 secs] 
40609.565: [CMS-concurrent-sweep-start]
40610.517: [CMS-concurrent-sweep: 0.952/0.952 secs] [Times: user=1.61 sys=0.02, real=0.95 secs] 
40610.517: [CMS-concurrent-reset-start]
40610.544: [CMS-concurrent-reset: 0.027/0.027 secs] [Times: user=0.03 sys=0.00, real=0.02 secs] 
40611.554: [GC 40611.554: [ParNew: 235968K->26176K(235968K), 0.3619387 secs] 773082K->626546K(1022400K), 0.3621592 secs] [Times: user=1.17 sys=0.00, real=0.36 secs] 
40611.917: [GC [1 CMS-initial-mark: 600370K(786432K)] 626566K(1022400K), 0.0420419 secs] [Times: user=0.05 sys=0.00, real=0.05 secs] 
40611.959: [CMS-concurrent-mark-start]
40613.707: [CMS-concurrent-mark: 1.746/1.748 secs] [Times: user=4.31 sys=0.01, real=1.75 secs] 
40613.708: [CMS-concurrent-preclean-start]
40613.900: [CMS-concurrent-preclean: 0.133/0.192 secs] [Times: user=0.14 sys=0.08, real=0.19 secs] 
40613.900: [CMS-concurrent-abortable-preclean-start]
CMS: abort preclean due to time 2010-04-21T06:00:28.383+0100: 40618.934: [CMS-concurrent-abortable-preclean: 3.998/5.034 secs] [Times: user=4.06 sys=0.09, real=5.03 secs] 
40618.935: [GC[YG occupancy: 98340 K (235968 K)]40618.935: [Rescan (parallel) , 0.1204413 secs]40619.055: [weak refs processing, 0.0001461 secs] [1 CMS-remark: 600370K(786432K)] 698711K(1022400K), 0.1207042 secs] [Times: user=0.17 sys=0.00, real=0.13 secs] 
40619.056: [CMS-concurrent-sweep-start]
40619.964: [CMS-concurrent-sweep: 0.908/0.908 secs] [Times: user=0.91 sys=0.00, real=0.91 secs] 
40619.964: [CMS-concurrent-reset-start]
40619.983: [CMS-concurrent-reset: 0.018/0.018 secs] [Times: user=0.01 sys=0.00, real=0.02 secs] 
40655.280: [GC 40655.280: [ParNew: 235968K->26176K(235968K), 0.1874657 secs] 751389K->567121K(1022400K), 0.1876602 secs] [Times: user=0.64 sys=0.00, real=0.19 secs] 
40755.344: [GC 40755.344: [ParNew: 235968K->22362K(235968K), 0.0647437 secs] 776913K->583579K(1022400K), 0.0649055 secs] [Times: user=0.39 sys=0.00, real=0.06 secs] 
40840.197: [GC 40840.197: [ParNew: 232154K->5970K(235968K), 0.0075761 secs] 793371K->567187K(1022400K), 0.0077507 secs] [Times: user=0.00 sys=0.00, real=0.00 secs] 
40939.586: [GC 40939.586: [ParNew: 215762K->3841K(235968K), 0.0086030 secs] 776979K->565058K(1022400K), 0.0087684 secs] [Times: user=0.00 sys=0.00, real=0.00 secs] 
41040.297: [GC 41040.297: [ParNew: 213633K->3769K(235968K), 0.0091313 secs] 774850K->564986K(1022400K), 0.0092822 secs] [Times: user=0.00 sys=0.00, real=0.02 secs] 
41140.056: [GC 41140.056: [ParNew: 213561K->2831K(235968K), 0.0103214 secs] 774778K->565092K(1022400K), 0.0104714 secs] [Times: user=0.13 sys=0.00, real=0.02 secs] 
41232.332: [GC 41232.332: [ParNew: 212623K->3213K(235968K), 0.0088679 secs] 774884K->565558K(1022400K), 0.0090160 secs] [Times: user=0.09 sys=0.03, real=0.02 secs] 
41235.522: [GC 41235.522: [ParNew: 213005K->25197K(235968K), 0.0358532 secs] 775350K->587766K(1022400K), 0.0360021 secs] [Times: user=0.25 sys=0.00, real=0.05 secs] 
41239.235: [GC 41239.235: [ParNew: 234989K->23541K(235968K), 0.0473971 secs] 797558K->596659K(1022400K), 0.0475519 secs] [Times: user=0.27 sys=0.00, real=0.05 secs] 
41243.717: [GC 41243.717: [ParNew: 233333K->11230K(235968K), 0.0149818 secs] 806451K->584621K(1022400K), 0.0151572 secs] [Times: user=0.13 sys=0.00, real=0.02 secs] 
41255.359: [GC 41255.359: [ParNew: 221022K->8136K(235968K), 0.0178210 secs] 794413K->581527K(1022400K), 0.0179833 secs] [Times: user=0.11 sys=0.00, real=0.02 secs] 
41262.795: [GC 41262.795: [ParNew: 217928K->26176K(235968K), 0.1854261 secs] 791319K->632618K(1022400K), 0.1855890 secs] [Times: user=1.20 sys=0.03, real=0.19 secs] 
41272.021: [GC 41272.022: [ParNew: 235968K->26176K(235968K), 0.1632456 secs] 842410K->671840K(1022400K), 0.1634305 secs] [Times: user=0.98 sys=0.06, real=0.17 secs] 
41283.169: [GC 41283.169: [ParNew: 235968K->26176K(235968K), 0.1624877 secs] 881632K->703350K(1022400K), 0.1626553 secs] [Times: user=1.03 sys=0.00, real=0.16 secs] 
41292.142: [GC 41292.142: [ParNew: 235968K->26176K(235968K), 0.1850126 secs] 913142K->741086K(1022400K), 0.1851828 secs] [Times: user=1.09 sys=0.02, real=0.19 secs] 
41292.330: [GC [1 CMS-initial-mark: 714910K(786432K)] 741097K(1022400K), 0.0443372 secs] [Times: user=0.05 sys=0.00, real=0.05 secs] 
41292.374: [CMS-concurrent-mark-start]
41293.773: [CMS-concurrent-mark: 1.399/1.399 secs] [Times: user=4.02 sys=0.01, real=1.39 secs] 
41293.773: [CMS-concurrent-preclean-start]
41293.947: [CMS-concurrent-preclean: 0.124/0.173 secs] [Times: user=0.14 sys=0.05, real=0.17 secs] 
41293.947: [CMS-concurrent-abortable-preclean-start]
CMS: abort preclean due to time 2010-04-21T06:11:48.390+0100: 41298.960: [CMS-concurrent-abortable-preclean: 4.254/5.013 secs] [Times: user=4.48 sys=0.11, real=5.02 secs] 
41298.964: [GC[YG occupancy: 127628 K (235968 K)]41298.964: [Rescan (parallel) , 0.1612847 secs]41299.125: [weak refs processing, 0.0003411 secs] [1 CMS-remark: 714910K(786432K)] 842539K(1022400K), 0.1617616 secs] [Times: user=0.17 sys=0.02, real=0.17 secs] 
41299.126: [CMS-concurrent-sweep-start]
41300.253: [CMS-concurrent-sweep: 1.126/1.127 secs] [Times: user=1.16 sys=0.00, real=1.13 secs] 
41300.253: [CMS-concurrent-reset-start]
41300.272: [CMS-concurrent-reset: 0.019/0.019 secs] [Times: user=0.02 sys=0.00, real=0.02 secs] 
41302.476: [GC 41302.476: [ParNew: 235968K->26176K(235968K), 0.1873266 secs] 665312K->485068K(1022400K), 0.1874923 secs] [Times: user=1.24 sys=0.01, real=0.19 secs] 
41358.281: [GC 41358.282: [ParNew: 235968K->26172K(235968K), 0.0598322 secs] 694860K->493385K(1022400K), 0.0600141 secs] [Times: user=0.39 sys=0.00, real=0.06 secs] 
41430.456: [GC 41430.456: [ParNew: 235964K->22563K(235968K), 0.0216924 secs] 703177K->489776K(1022400K), 0.0218743 secs] [Times: user=0.13 sys=0.00, real=0.02 secs] 
41500.415: [GC 41500.415: [ParNew: 232355K->15260K(235968K), 0.0218598 secs] 699568K->482473K(1022400K), 0.0220204 secs] [Times: user=0.25 sys=0.00, real=0.03 secs] 
41579.863: [GC 41579.864: [ParNew: 225052K->23244K(235968K), 0.0231722 secs] 692265K->490457K(1022400K), 0.0233435 secs] [Times: user=0.13 sys=0.00, real=0.02 secs] 
41630.611: [GC 41630.611: [ParNew: 233036K->8131K(235968K), 0.0458838 secs] 700249K->486608K(1022400K), 0.0460410 secs] [Times: user=0.23 sys=0.02, real=0.05 secs] 
41692.152: [GC 41692.153: [ParNew: 217923K->4938K(235968K), 0.0138769 secs] 696400K->483450K(1022400K), 0.0140306 secs] [Times: user=0.13 sys=0.00, real=0.02 secs] 
41745.876: [GC 41745.876: [ParNew: 214730K->4868K(235968K), 0.0103843 secs] 693242K->483420K(1022400K), 0.0105399 secs] [Times: user=0.00 sys=0.00, real=0.00 secs] 
41810.301: [GC 41810.301: [ParNew: 214660K->3545K(235968K), 0.0093529 secs] 693212K->482455K(1022400K), 0.0095166 secs] [Times: user=0.00 sys=0.00, real=0.00 secs] 
41856.908: [GC 41856.908: [ParNew: 213337K->3048K(235968K), 0.0115280 secs] 692247K->482936K(1022400K), 0.0116833 secs] [Times: user=0.00 sys=0.00, real=0.00 secs] 
41915.388: [GC 41915.388: [ParNew: 212840K->2636K(235968K), 0.0105642 secs] 692728K->482592K(1022400K), 0.0107117 secs] [Times: user=0.13 sys=0.00, real=0.01 secs] 
41967.761: [GC 41967.761: [ParNew: 212428K->2921K(235968K), 0.0082916 secs] 692384K->482922K(1022400K), 0.0084438 secs] [Times: user=0.13 sys=0.00, real=0.02 secs] 
42025.509: [GC 42025.509: [ParNew: 212713K->2209K(235968K), 0.0077373 secs] 692714K->482248K(1022400K), 0.0078856 secs] [Times: user=0.00 sys=0.00, real=0.00 secs] 
42092.718: [GC 42092.719: [ParNew: 212001K->3040K(235968K), 0.0114889 secs] 692040K->483112K(1022400K), 0.0116417 secs] [Times: user=0.13 sys=0.00, real=0.02 secs] 
42142.417: [GC 42142.417: [ParNew: 212832K->4331K(235968K), 0.0128430 secs] 692904K->484447K(1022400K), 0.0130022 secs] [Times: user=0.13 sys=0.00, real=0.02 secs] 
42210.248: [GC 42210.248: [ParNew: 214123K->4828K(235968K), 0.0173259 secs] 694239K->484985K(1022400K), 0.0174746 secs] [Times: user=0.13 sys=0.00, real=0.02 secs] 
42265.443: [GC 42265.443: [ParNew: 214620K->4770K(235968K), 0.0137693 secs] 694777K->484980K(1022400K), 0.0139088 secs] [Times: user=0.13 sys=0.00, real=0.02 secs] 
42265.457: [GC 42265.457: [ParNew: 5342K->4625K(235968K), 0.0117143 secs] 485551K->484874K(1022400K), 0.0118353 secs] [Times: user=0.00 sys=0.00, real=0.00 secs] 
42320.156: [GC 42320.156: [ParNew: 214417K->3337K(235968K), 0.0143284 secs] 694666K->485347K(1022400K), 0.0144775 secs] [Times: user=0.13 sys=0.00, real=0.02 secs] 
42377.131: [GC 42377.131: [ParNew: 213129K->2284K(235968K), 0.0100110 secs] 695139K->484327K(1022400K), 0.0101622 secs] [Times: user=0.00 sys=0.00, real=0.00 secs] 
42445.466: [GC 42445.466: [ParNew: 212076K->2321K(235968K), 0.0082692 secs] 694119K->484401K(1022400K), 0.0084136 secs] [Times: user=0.11 sys=0.01, real=0.02 secs] 
42495.556: [GC 42495.556: [ParNew: 212102K->3162K(235968K), 0.0106117 secs] 694182K->485243K(1022400K), 0.0107611 secs] [Times: user=0.00 sys=0.00, real=0.00 secs] 
42555.511: [GC 42555.511: [ParNew: 212954K->3162K(235968K), 0.0095521 secs] 695035K->485289K(1022400K), 0.0097068 secs] [Times: user=0.00 sys=0.00, real=0.00 secs] 
42610.355: [GC 42610.355: [ParNew: 212953K->3006K(235968K), 0.0128561 secs] 695081K->485176K(1022400K), 0.0130360 secs] [Times: user=0.11 sys=0.01, real=0.02 secs] 
42667.113: [GC 42667.113: [ParNew: 212798K->3724K(235968K), 0.0113626 secs] 694968K->485966K(1022400K), 0.0115124 secs] [Times: user=0.13 sys=0.00, real=0.02 secs] 
42725.432: [GC 42725.432: [ParNew: 213516K->2647K(235968K), 0.0102907 secs] 695758K->485267K(1022400K), 0.0104460 secs] [Times: user=0.00 sys=0.00, real=0.00 secs] 
42795.638: [GC 42795.638: [ParNew: 212439K->2270K(235968K), 0.0075194 secs] 695059K->484969K(1022400K), 0.0076675 secs] [Times: user=0.00 sys=0.00, real=0.00 secs] 
42857.991: [GC 42857.992: [ParNew: 212062K->3672K(235968K), 0.0076898 secs] 694761K->486401K(1022400K), 0.0078437 secs] [Times: user=0.00 sys=0.00, real=0.00 secs] 
42906.926: [GC 42906.927: [ParNew: 213464K->4517K(235968K), 0.0182034 secs] 696193K->487279K(1022400K), 0.0183574 secs] [Times: user=0.13 sys=0.00, real=0.02 secs] 
42963.980: [GC 42963.980: [ParNew: 214309K->4058K(235968K), 0.0156078 secs] 697071K->486856K(1022400K), 0.0157693 secs] [Times: user=0.11 sys=0.01, real=0.02 secs] 
43015.586: [GC 43015.586: [ParNew: 213850K->21459K(235968K), 0.0303323 secs] 696648K->504342K(1022400K), 0.0304765 secs] [Times: user=0.13 sys=0.00, real=0.02 secs] 
43035.966: [GC 43035.967: [ParNew: 231251K->26176K(235968K), 0.0439567 secs] 714134K->512600K(1022400K), 0.0441123 secs] [Times: user=0.26 sys=0.00, real=0.05 secs] 
43090.560: [GC 43090.560: [ParNew: 235968K->16313K(235968K), 0.0629569 secs] 722392K->517534K(1022400K), 0.0631063 secs] [Times: user=0.39 sys=0.00, real=0.06 secs] 
43135.466: [GC 43135.466: [ParNew: 226105K->9255K(235968K), 0.0215044 secs] 727326K->510475K(1022400K), 0.0216539 secs] [Times: user=0.13 sys=0.00, real=0.02 secs] 
43189.604: [GC 43189.604: [ParNew: 219047K->10856K(235968K), 0.0196335 secs] 720267K->512076K(1022400K), 0.0198064 secs] [Times: user=0.13 sys=0.00, real=0.02 secs] 
43225.261: [GC 43225.261: [ParNew: 220648K->26176K(235968K), 0.1712491 secs] 721868K->559461K(1022400K), 0.1714064 secs] [Times: user=1.09 sys=0.06, real=0.17 secs] 
43227.089: [GC 43227.089: [ParNew: 235968K->26176K(235968K), 0.2359392 secs] 769253K->637193K(1022400K), 0.2361004 secs] [Times: user=1.33 sys=0.02, real=0.23 secs] 
43228.620: [GC 43228.620: [ParNew: 235968K->26176K(235968K), 0.1425449 secs] 846985K->692021K(1022400K), 0.1427000 secs] [Times: user=0.80 sys=0.09, real=0.14 secs] 
43228.764: [GC [1 CMS-initial-mark: 665845K(786432K)] 694493K(1022400K), 0.0255303 secs] [Times: user=0.02 sys=0.00, real=0.02 secs] 
43228.789: [CMS-concurrent-mark-start]
43230.153: [GC 43230.154: [ParNew (promotion failed): 235968K->235968K(235968K), 0.2153511 secs]43230.369: [CMS2010-04-21T06:43:59.990+0100: 43230.591: [CMS-concurrent-mark: 1.585/1.801 secs] [Times: user=5.41 sys=0.06, real=1.81 secs] 
(concurrent mode failure): 681913K->508668K(786432K), 4.6827731 secs] 901813K->508668K(1022400K), [CMS Perm : 22776K->22776K(38072K)], 4.8983611 secs] [Times: user=5.61 sys=0.00, real=4.89 secs] 
43236.168: [GC 43236.168: [ParNew: 209792K->26176K(235968K), 0.0738778 secs] 718460K->564453K(1022400K), 0.0740340 secs] [Times: user=0.44 sys=0.00, real=0.06 secs] 
43247.066: [GC 43247.066: [ParNew: 235968K->26176K(235968K), 0.1491542 secs] 774245K->622137K(1022400K), 0.1493084 secs] [Times: user=0.88 sys=0.03, real=0.16 secs] 
43269.290: [GC 43269.290: [ParNew: 235968K->26176K(235968K), 0.1697978 secs] 831929K->672379K(1022400K), 0.1701004 secs] [Times: user=1.00 sys=0.03, real=0.17 secs] 
43269.461: [GC [1 CMS-initial-mark: 646203K(786432K)] 672384K(1022400K), 0.0348519 secs] [Times: user=0.05 sys=0.00, real=0.05 secs] 
43269.496: [CMS-concurrent-mark-start]
43270.777: [GC 43270.777: [ParNew: 235968K->26176K(235968K), 0.1729007 secs] 882171K->728088K(1022400K), 0.1730807 secs] [Times: user=1.09 sys=0.01, real=0.17 secs] 
43271.226: [CMS-concurrent-mark: 1.557/1.731 secs] [Times: user=6.06 sys=0.08, real=1.72 secs] 
43271.226: [CMS-concurrent-preclean-start]
43271.664: [CMS-concurrent-preclean: 0.326/0.437 secs] [Times: user=0.73 sys=0.14, real=0.44 secs] 
43271.664: [CMS-concurrent-abortable-preclean-start]
43272.284: [GC 43272.284: [ParNew: 235968K->26176K(235968K), 0.1719928 secs] 937880K->790276K(1022400K), 0.1721445 secs] [Times: user=1.05 sys=0.01, real=0.17 secs] 
43272.456: [CMS-concurrent-abortable-preclean: 0.599/0.793 secs] [Times: user=2.23 sys=0.11, real=0.80 secs] 
43272.457: [GC[YG occupancy: 29813 K (235968 K)]43272.457: [Rescan (parallel) , 0.0407884 secs]43272.498: [weak refs processing, 0.0002746 secs] [1 CMS-remark: 764100K(786432K)] 793914K(1022400K), 0.0411781 secs] [Times: user=0.36 sys=0.00, real=0.05 secs] 
43272.499: [CMS-concurrent-sweep-start]
43273.248: [CMS-concurrent-sweep: 0.750/0.750 secs] [Times: user=0.75 sys=0.02, real=0.75 secs] 
43273.249: [CMS-concurrent-reset-start]
43273.268: [CMS-concurrent-reset: 0.019/0.019 secs] [Times: user=0.01 sys=0.00, real=0.02 secs] 
43330.520: [GC 43330.520: [ParNew: 235962K->26176K(235968K), 0.0634687 secs] 783294K->599652K(1022400K), 0.0636198 secs] [Times: user=0.36 sys=0.00, real=0.06 secs] 
43348.002: [GC 43348.002: [ParNew: 235968K->26176K(235968K), 0.2020556 secs] 809444K->631403K(1022400K), 0.2022168 secs] [Times: user=1.31 sys=0.06, real=0.20 secs] 
43395.437: [GC 43395.437: [ParNew: 235968K->21407K(235968K), 0.0871404 secs] 841195K->650146K(1022400K), 0.0872999 secs] [Times: user=0.45 sys=0.00, real=0.08 secs] 
43455.515: [GC 43455.516: [ParNew: 231199K->13841K(235968K), 0.0195494 secs] 859938K->642579K(1022400K), 0.0196994 secs] [Times: user=0.13 sys=0.00, real=0.02 secs] 
43510.267: [GC 43510.268: [ParNew: 223633K->10007K(235968K), 0.0209211 secs] 852371K->638746K(1022400K), 0.0210692 secs] [Times: user=0.13 sys=0.00, real=0.02 secs] 
43570.388: [GC 43570.388: [ParNew: 219799K->13715K(235968K), 0.0192846 secs] 848538K->642454K(1022400K), 0.0194402 secs] [Times: user=0.09 sys=0.03, real=0.02 secs] 
43630.529: [GC 43630.529: [ParNew: 223508K->4911K(235968K), 0.0278686 secs] 852246K->640022K(1022400K), 0.0280295 secs] [Times: user=0.11 sys=0.00, real=0.02 secs] 
43695.194: [GC 43695.194: [ParNew: 214703K->3331K(235968K), 0.0165943 secs] 849814K->638521K(1022400K), 0.0167379 secs] [Times: user=0.13 sys=0.00, real=0.01 secs] 
43742.667: [GC 43742.667: [ParNew: 213123K->3190K(235968K), 0.0144706 secs] 848313K->638557K(1022400K), 0.0146228 secs] [Times: user=0.13 sys=0.00, real=0.02 secs] 
43800.396: [GC 43800.396: [ParNew: 212982K->2878K(235968K), 0.0126267 secs] 848349K->638278K(1022400K), 0.0127748 secs] [Times: user=0.13 sys=0.00, real=0.02 secs] 
43850.455: [GC 43850.455: [ParNew: 212670K->4245K(235968K), 0.0104360 secs] 848070K->639689K(1022400K), 0.0105824 secs] [Times: user=0.00 sys=0.00, real=0.00 secs] 
43897.237: [GC 43897.237: [ParNew: 214037K->3183K(235968K), 0.0155165 secs] 849481K->638678K(1022400K), 0.0156634 secs] [Times: user=0.13 sys=0.00, real=0.02 secs] 
43955.343: [GC 43955.343: [ParNew: 212975K->3143K(235968K), 0.0181995 secs] 848470K->638970K(1022400K), 0.0183476 secs] [Times: user=0.11 sys=0.01, real=0.02 secs] 
44002.035: [GC 44002.035: [ParNew: 212935K->4201K(235968K), 0.0126429 secs] 848762K->640062K(1022400K), 0.0128122 secs] [Times: user=0.00 sys=0.00, real=0.02 secs] 
44017.150: [GC 44017.150: [ParNew: 213993K->26176K(235968K), 0.1341274 secs] 849854K->687020K(1022400K), 0.1342830 secs] [Times: user=0.84 sys=0.02, real=0.14 secs] 
44035.450: [GC 44035.450: [ParNew: 235968K->26176K(235968K), 0.0991587 secs] 896812K->712942K(1022400K), 0.0993140 secs] [Times: user=0.61 sys=0.01, real=0.11 secs] 
44090.485: [GC 44090.485: [ParNew: 235968K->24717K(235968K), 0.0810488 secs] 922734K->736844K(1022400K), 0.0812078 secs] [Times: user=0.38 sys=0.02, real=0.08 secs] 
44137.110: [GC 44137.111: [ParNew: 234509K->6514K(235968K), 0.0069523 secs] 946636K->718641K(1022400K), 0.0071026 secs] [Times: user=0.00 sys=0.00, real=0.00 secs] 
44170.574: [GC 44170.574: [ParNew: 216306K->4449K(235968K), 0.0112986 secs] 928433K->716576K(1022400K), 0.0114772 secs] [Times: user=0.13 sys=0.00, real=0.02 secs] 
44202.122: [GC 44202.122: [ParNew: 214241K->5853K(235968K), 0.0158014 secs] 926368K->717979K(1022400K), 0.0159559 secs] [Times: user=0.13 sys=0.00, real=0.02 secs] 
44205.762: [GC 44205.762: [ParNew: 215645K->26176K(235968K), 0.2386164 secs] 927771K->783177K(1022400K), 0.2387974 secs] [Times: user=1.50 sys=0.05, real=0.25 secs] 
44206.002: [GC [1 CMS-initial-mark: 757001K(786432K)] 784155K(1022400K), 0.0419034 secs] [Times: user=0.03 sys=0.00, real=0.03 secs] 
44206.044: [CMS-concurrent-mark-start]
44207.576: [CMS-concurrent-mark: 1.532/1.532 secs] [Times: user=4.00 sys=0.00, real=1.53 secs] 
44207.576: [CMS-concurrent-preclean-start]
44207.682: [CMS-concurrent-preclean: 0.076/0.106 secs] [Times: user=0.03 sys=0.08, real=0.11 secs] 
44207.682: [CMS-concurrent-abortable-preclean-start]
44207.682: [CMS-concurrent-abortable-preclean: 0.000/0.000 secs] [Times: user=0.00 sys=0.00, real=0.00 secs] 
44207.683: [GC[YG occupancy: 76451 K (235968 K)]44207.683: [Rescan (parallel) , 0.0851952 secs]44207.768: [weak refs processing, 0.0003520 secs] [1 CMS-remark: 757001K(786432K)] 833453K(1022400K), 0.0856592 secs] [Times: user=0.19 sys=0.02, real=0.09 secs] 
44207.768: [CMS-concurrent-sweep-start]
44208.888: [CMS-concurrent-sweep: 1.119/1.119 secs] [Times: user=1.19 sys=0.00, real=1.11 secs] 
44208.888: [CMS-concurrent-reset-start]
44208.908: [CMS-concurrent-reset: 0.020/0.020 secs] [Times: user=0.03 sys=0.00, real=0.03 secs] 
44235.929: [GC 44235.929: [ParNew: 235968K->20512K(235968K), 0.0894044 secs] 679918K->487689K(1022400K), 0.0895594 secs] [Times: user=0.52 sys=0.00, real=0.09 secs] 
44255.448: [GC 44255.448: [ParNew: 230304K->17538K(235968K), 0.0622006 secs] 697481K->497286K(1022400K), 0.0623836 secs] [Times: user=0.39 sys=0.00, real=0.06 secs] 
44258.321: [GC 44258.321: [ParNew: 227330K->18655K(235968K), 0.0251809 secs] 707078K->498403K(1022400K), 0.0253323 secs] [Times: user=0.13 sys=0.00, real=0.03 secs] 
44260.225: [GC 44260.225: [ParNew: 228447K->26176K(235968K), 0.0775470 secs] 708195K->517681K(1022400K), 0.0777088 secs] [Times: user=0.52 sys=0.00, real=0.08 secs] 
44261.638: [GC 44261.638: [ParNew: 235968K->26176K(235968K), 0.0768050 secs] 727473K->533667K(1022400K), 0.0769830 secs] [Times: user=0.49 sys=0.02, real=0.08 secs] 
44263.112: [GC 44263.112: [ParNew: 235968K->26176K(235968K), 0.0385965 secs] 743459K->540864K(1022400K), 0.0387451 secs] [Times: user=0.25 sys=0.00, real=0.03 secs] 
44264.627: [GC 44264.627: [ParNew: 235968K->19808K(235968K), 0.0324893 secs] 750656K->538632K(1022400K), 0.0326592 secs] [Times: user=0.13 sys=0.00, real=0.03 secs] 
44266.217: [GC 44266.217: [ParNew: 229600K->21879K(235968K), 0.0271347 secs] 748424K->545175K(1022400K), 0.0272892 secs] [Times: user=0.25 sys=0.00, real=0.03 secs] 
44268.010: [GC 44268.011: [ParNew: 231671K->18568K(235968K), 0.0322102 secs] 754967K->548447K(1022400K), 0.0323874 secs] [Times: user=0.25 sys=0.00, real=0.03 secs] 
44269.647: [GC 44269.647: [ParNew: 228360K->23447K(235968K), 0.0239000 secs] 758239K->553326K(1022400K), 0.0240684 secs] [Times: user=0.13 sys=0.00, real=0.02 secs] 
44272.494: [GC 44272.495: [ParNew: 233239K->19822K(235968K), 0.0372913 secs] 763118K->556823K(1022400K), 0.0374721 secs] [Times: user=0.22 sys=0.00, real=0.03 secs] 
44274.906: [GC 44274.906: [ParNew: 229614K->18164K(235968K), 0.0353567 secs] 766615K->562724K(1022400K), 0.0355330 secs] [Times: user=0.27 sys=0.00, real=0.05 secs] 
44278.348: [GC 44278.348: [ParNew: 227956K->25205K(235968K), 0.0260072 secs] 772516K->569766K(1022400K), 0.0261796 secs] [Times: user=0.13 sys=0.00, real=0.02 secs] 
44281.482: [GC 44281.482: [ParNew: 234997K->16124K(235968K), 0.0275664 secs] 779558K->565196K(1022400K), 0.0277440 secs] [Times: user=0.25 sys=0.00, real=0.03 secs] 
44284.849: [GC 44284.849: [ParNew: 225916K->18855K(235968K), 0.0254675 secs] 774988K->567927K(1022400K), 0.0256376 secs] [Times: user=0.13 sys=0.00, real=0.02 secs] 
44287.210: [GC 44287.210: [ParNew: 228647K->22538K(235968K), 0.0301332 secs] 777719K->573159K(1022400K), 0.0303041 secs] [Times: user=0.25 sys=0.00, real=0.03 secs] 
44290.912: [GC 44290.912: [ParNew: 232330K->15306K(235968K), 0.0233208 secs] 782951K->566139K(1022400K), 0.0234887 secs] [Times: user=0.13 sys=0.00, real=0.02 secs] 
44293.435: [GC 44293.435: [ParNew: 225098K->20956K(235968K), 0.0259983 secs] 775931K->571789K(1022400K), 0.0261519 secs] [Times: user=0.25 sys=0.00, real=0.03 secs] 
44297.025: [GC 44297.025: [ParNew: 230748K->15596K(235968K), 0.0262290 secs] 781581K->567496K(1022400K), 0.0264070 secs] [Times: user=0.13 sys=0.00, real=0.03 secs] 
44300.164: [GC 44300.164: [ParNew: 225388K->11532K(235968K), 0.0210759 secs] 777288K->563433K(1022400K), 0.0212535 secs] [Times: user=0.13 sys=0.00, real=0.02 secs] 
44303.329: [GC 44303.329: [ParNew: 221316K->19740K(235968K), 0.0263307 secs] 773217K->571641K(1022400K), 0.0265000 secs] [Times: user=0.25 sys=0.00, real=0.03 secs] 
44306.529: [GC 44306.529: [ParNew: 229532K->13635K(235968K), 0.0270937 secs] 781433K->567828K(1022400K), 0.0272769 secs] [Times: user=0.25 sys=0.00, real=0.03 secs] 
44310.274: [GC 44310.274: [ParNew: 223427K->11711K(235968K), 0.0191251 secs] 777620K->565904K(1022400K), 0.0192918 secs] [Times: user=0.13 sys=0.00, real=0.02 secs] 
44313.370: [GC 44313.370: [ParNew: 221503K->12587K(235968K), 0.0190597 secs] 775696K->566780K(1022400K), 0.0192346 secs] [Times: user=0.13 sys=0.00, real=0.01 secs] 
44316.436: [GC 44316.436: [ParNew: 222379K->15918K(235968K), 0.0200917 secs] 776572K->570111K(1022400K), 0.0202607 secs] [Times: user=0.13 sys=0.00, real=0.03 secs] 
44320.868: [GC 44320.868: [ParNew: 225710K->9346K(235968K), 0.0191549 secs] 779903K->563600K(1022400K), 0.0193245 secs] [Times: user=0.13 sys=0.00, real=0.01 secs] 
44325.963: [GC 44325.963: [ParNew: 219138K->13229K(235968K), 0.0211767 secs] 773392K->567626K(1022400K), 0.0213429 secs] [Times: user=0.13 sys=0.00, real=0.02 secs] 
44328.489: [GC 44328.490: [ParNew: 223021K->21368K(235968K), 0.0274649 secs] 777418K->575933K(1022400K), 0.0276393 secs] [Times: user=0.13 sys=0.00, real=0.02 secs] 
44332.205: [GC 44332.205: [ParNew: 231160K->13996K(235968K), 0.0247045 secs] 785725K->570939K(1022400K), 0.0248506 secs] [Times: user=0.13 sys=0.00, real=0.02 secs] 
44335.709: [GC 44335.709: [ParNew: 223788K->12452K(235968K), 0.0209284 secs] 780731K->569395K(1022400K), 0.0211021 secs] [Times: user=0.13 sys=0.00, real=0.02 secs] 
44340.866: [GC 44340.866: [ParNew: 222244K->8343K(235968K), 0.0161417 secs] 779187K->565286K(1022400K), 0.0163040 secs] [Times: user=0.13 sys=0.00, real=0.02 secs] 
44345.477: [GC 44345.478: [ParNew: 218135K->9196K(235968K), 0.0151486 secs] 775078K->566139K(1022400K), 0.0153223 secs] [Times: user=0.13 sys=0.00, real=0.01 secs] 
44351.846: [GC 44351.846: [ParNew: 218988K->8640K(235968K), 0.0180716 secs] 775931K->565686K(1022400K), 0.0182205 secs] [Times: user=0.13 sys=0.01, real=0.03 secs] 
44358.464: [GC 44358.464: [ParNew: 218432K->13694K(235968K), 0.0234513 secs] 775478K->570761K(1022400K), 0.0236326 secs] [Times: user=0.25 sys=0.00, real=0.03 secs] 
44363.804: [GC 44363.804: [ParNew: 223486K->9934K(235968K), 0.0247758 secs] 780553K->567204K(1022400K), 0.0249523 secs] [Times: user=0.13 sys=0.00, real=0.02 secs] 
44366.320: [GC 44366.320: [ParNew: 219726K->17684K(235968K), 0.0282413 secs] 776996K->575154K(1022400K), 0.0284159 secs] [Times: user=0.23 sys=0.01, real=0.03 secs] 
44370.388: [GC 44370.388: [ParNew: 227476K->12318K(235968K), 0.0195511 secs] 784946K->570864K(1022400K), 0.0197235 secs] [Times: user=0.09 sys=0.01, real=0.02 secs] 
44373.054: [GC 44373.054: [ParNew: 222110K->13039K(235968K), 0.0209325 secs] 780656K->571584K(1022400K), 0.0210728 secs] [Times: user=0.13 sys=0.00, real=0.02 secs] 
44378.114: [GC 44378.114: [ParNew: 222831K->9784K(235968K), 0.0221425 secs] 781376K->568330K(1022400K), 0.0223132 secs] [Times: user=0.13 sys=0.00, real=0.02 secs] 
44384.577: [GC 44384.577: [ParNew: 219576K->10310K(235968K), 0.0255153 secs] 778122K->568865K(1022400K), 0.0256871 secs] [Times: user=0.25 sys=0.00, real=0.03 secs] 
44389.762: [GC 44389.762: [ParNew: 220102K->15874K(235968K), 0.0243478 secs] 778657K->574614K(1022400K), 0.0244984 secs] [Times: user=0.19 sys=0.06, real=0.03 secs] 
44393.442: [GC 44393.443: [ParNew: 225666K->10753K(235968K), 0.0247906 secs] 784406K->569683K(1022400K), 0.0249711 secs] [Times: user=0.13 sys=0.00, real=0.02 secs] 
44398.138: [GC 44398.138: [ParNew: 220545K->20530K(235968K), 0.0289685 secs] 779475K->579632K(1022400K), 0.0291199 secs] [Times: user=0.25 sys=0.00, real=0.03 secs] 
44401.704: [GC 44401.704: [ParNew: 230322K->16318K(235968K), 0.0241075 secs] 789424K->577039K(1022400K), 0.0242810 secs] [Times: user=0.25 sys=0.00, real=0.03 secs] 
44405.642: [GC 44405.642: [ParNew: 226110K->11898K(235968K), 0.0180869 secs] 786831K->572619K(1022400K), 0.0182649 secs] [Times: user=0.14 sys=0.00, real=0.03 secs] 
44411.746: [GC 44411.746: [ParNew: 221690K->8043K(235968K), 0.0175832 secs] 782411K->568765K(1022400K), 0.0177623 secs] [Times: user=0.13 sys=0.00, real=0.02 secs] 
44418.593: [GC 44418.593: [ParNew: 217835K->8453K(235968K), 0.0171265 secs] 778557K->569175K(1022400K), 0.0173014 secs] [Times: user=0.13 sys=0.00, real=0.02 secs] 
44427.348: [GC 44427.348: [ParNew: 218245K->6100K(235968K), 0.0136277 secs] 778967K->566955K(1022400K), 0.0138018 secs] [Times: user=0.00 sys=0.00, real=0.00 secs] 
44434.588: [GC 44434.588: [ParNew: 215892K->7084K(235968K), 0.0160705 secs] 776747K->567989K(1022400K), 0.0162468 secs] [Times: user=0.13 sys=0.00, real=0.01 secs] 
44439.771: [GC 44439.771: [ParNew: 216876K->16227K(235968K), 0.0229809 secs] 777781K->577178K(1022400K), 0.0231289 secs] [Times: user=0.13 sys=0.00, real=0.02 secs] 
44442.914: [GC 44442.914: [ParNew: 226019K->13736K(235968K), 0.0226389 secs] 786970K->575123K(1022400K), 0.0228144 secs] [Times: user=0.13 sys=0.00, real=0.02 secs] 
44446.639: [GC 44446.639: [ParNew: 223528K->14915K(235968K), 0.0210725 secs] 784915K->576413K(1022400K), 0.0212438 secs] [Times: user=0.25 sys=0.00, real=0.03 secs] 
44449.815: [GC 44449.816: [ParNew: 224707K->13267K(235968K), 0.0243193 secs] 786205K->574894K(1022400K), 0.0244933 secs] [Times: user=0.13 sys=0.02, real=0.03 secs] 
44454.147: [GC 44454.147: [ParNew: 223059K->9663K(235968K), 0.0252166 secs] 784686K->571858K(1022400K), 0.0253893 secs] [Times: user=0.13 sys=0.00, real=0.02 secs] 
44458.570: [GC 44458.570: [ParNew: 219455K->9176K(235968K), 0.0171234 secs] 781650K->571419K(1022400K), 0.0172745 secs] [Times: user=0.13 sys=0.00, real=0.01 secs] 
44464.170: [GC 44464.170: [ParNew: 218968K->11456K(235968K), 0.0216709 secs] 781211K->574232K(1022400K), 0.0218447 secs] [Times: user=0.13 sys=0.00, real=0.03 secs] 
44470.030: [GC 44470.030: [ParNew: 221248K->13300K(235968K), 0.0171779 secs] 784024K->576168K(1022400K), 0.0173544 secs] [Times: user=0.13 sys=0.00, real=0.02 secs] 
44475.025: [GC 44475.025: [ParNew: 223092K->15076K(235968K), 0.0213522 secs] 785960K->578012K(1022400K), 0.0214999 secs] [Times: user=0.13 sys=0.00, real=0.02 secs] 
44482.413: [GC 44482.413: [ParNew: 224868K->13173K(235968K), 0.0206982 secs] 787804K->576280K(1022400K), 0.0208784 secs] [Times: user=0.13 sys=0.00, real=0.02 secs] 
44488.261: [GC 44488.261: [ParNew: 222965K->13136K(235968K), 0.0206549 secs] 786073K->576300K(1022400K), 0.0208060 secs] [Times: user=0.13 sys=0.00, real=0.02 secs] 
44492.019: [GC 44492.019: [ParNew: 222928K->10515K(235968K), 0.0190329 secs] 786092K->573730K(1022400K), 0.0191773 secs] [Times: user=0.22 sys=0.00, real=0.03 secs] 
44494.692: [GC 44494.692: [ParNew: 220307K->20032K(235968K), 0.0291531 secs] 783522K->583520K(1022400K), 0.0293264 secs] [Times: user=0.13 sys=0.00, real=0.02 secs] 
44497.991: [GC 44497.991: [ParNew: 229824K->14219K(235968K), 0.0241036 secs] 793312K->579466K(1022400K), 0.0242819 secs] [Times: user=0.13 sys=0.00, real=0.02 secs] 
44503.643: [GC 44503.643: [ParNew: 224011K->11239K(235968K), 0.0191189 secs] 789258K->576487K(1022400K), 0.0192944 secs] [Times: user=0.23 sys=0.01, real=0.03 secs] 
44508.333: [GC 44508.333: [ParNew: 221031K->11878K(235968K), 0.0170594 secs] 786279K->577126K(1022400K), 0.0172396 secs] [Times: user=0.13 sys=0.00, real=0.02 secs] 
44512.762: [GC 44512.762: [ParNew: 221670K->14156K(235968K), 0.0231102 secs] 786918K->579404K(1022400K), 0.0232784 secs] [Times: user=0.13 sys=0.00, real=0.03 secs] 
44519.522: [GC 44519.522: [ParNew: 223948K->12674K(235968K), 0.0198419 secs] 789196K->578282K(1022400K), 0.0199922 secs] [Times: user=0.13 sys=0.00, real=0.02 secs] 
44525.545: [GC 44525.545: [ParNew: 222466K->5721K(235968K), 0.0167200 secs] 788074K->571534K(1022400K), 0.0168619 secs] [Times: user=0.13 sys=0.00, real=0.02 secs] 
44534.612: [GC 44534.612: [ParNew: 215513K->12725K(235968K), 0.0215837 secs] 781326K->578606K(1022400K), 0.0217346 secs] [Times: user=0.25 sys=0.00, real=0.03 secs] 
44537.222: [GC 44537.222: [ParNew: 222517K->16786K(235968K), 0.0279340 secs] 788398K->582710K(1022400K), 0.0281064 secs] [Times: user=0.25 sys=0.00, real=0.03 secs] 
44540.504: [GC 44540.504: [ParNew: 226578K->11689K(235968K), 0.0193919 secs] 792502K->577770K(1022400K), 0.0195695 secs] [Times: user=0.13 sys=0.00, real=0.02 secs] 
44546.248: [GC 44546.248: [ParNew: 221481K->9500K(235968K), 0.0182791 secs] 787562K->575705K(1022400K), 0.0184482 secs] [Times: user=0.13 sys=0.00, real=0.01 secs] 
44556.043: [GC 44556.043: [ParNew: 219292K->5520K(235968K), 0.0199268 secs] 785497K->572475K(1022400K), 0.0201040 secs] [Times: user=0.13 sys=0.00, real=0.02 secs] 
44561.977: [GC 44561.977: [ParNew: 215312K->11932K(235968K), 0.0237720 secs] 782267K->578929K(1022400K), 0.0239176 secs] [Times: user=0.13 sys=0.00, real=0.01 secs] 
44565.312: [GC 44565.313: [ParNew: 221724K->11613K(235968K), 0.0236561 secs] 788721K->578639K(1022400K), 0.0238399 secs] [Times: user=0.25 sys=0.00, real=0.03 secs] 
44573.502: [GC 44573.502: [ParNew: 221406K->9753K(235968K), 0.0236203 secs] 788431K->576844K(1022400K), 0.0237960 secs] [Times: user=0.20 sys=0.05, real=0.03 secs] 
44581.237: [GC 44581.237: [ParNew: 219545K->14928K(235968K), 0.0226054 secs] 786636K->582095K(1022400K), 0.0227819 secs] [Times: user=0.25 sys=0.00, real=0.03 secs] 
44585.393: [GC 44585.394: [ParNew: 224720K->15168K(235968K), 0.0205417 secs] 791887K->582711K(1022400K), 0.0207141 secs] [Times: user=0.25 sys=0.00, real=0.03 secs] 
44589.761: [GC 44589.761: [ParNew: 224960K->10852K(235968K), 0.0235807 secs] 792503K->578492K(1022400K), 0.0237463 secs] [Times: user=0.13 sys=0.00, real=0.02 secs] 
44600.236: [GC 44600.236: [ParNew: 220644K->8484K(235968K), 0.0247906 secs] 788284K->578003K(1022400K), 0.0249699 secs] [Times: user=0.22 sys=0.03, real=0.03 secs] 
44605.541: [GC 44605.541: [ParNew: 218276K->11390K(235968K), 0.0227811 secs] 787795K->581331K(1022400K), 0.0229616 secs] [Times: user=0.13 sys=0.00, real=0.01 secs] 
44608.465: [GC 44608.465: [ParNew: 221182K->15020K(235968K), 0.0228627 secs] 791123K->585048K(1022400K), 0.0230295 secs] [Times: user=0.13 sys=0.00, real=0.02 secs] 
44612.874: [GC 44612.875: [ParNew: 224812K->13709K(235968K), 0.0222288 secs] 794840K->584112K(1022400K), 0.0223869 secs] [Times: user=0.13 sys=0.00, real=0.03 secs] 
44617.383: [GC 44617.383: [ParNew: 223501K->10542K(235968K), 0.0177531 secs] 793904K->581396K(1022400K), 0.0179392 secs] [Times: user=0.13 sys=0.00, real=0.02 secs] 
44627.991: [GC 44627.991: [ParNew: 220334K->6855K(235968K), 0.0238117 secs] 791188K->577767K(1022400K), 0.0239695 secs] [Times: user=0.13 sys=0.00, real=0.02 secs] 
44635.616: [GC 44635.617: [ParNew: 216647K->8714K(235968K), 0.0184697 secs] 787559K->579779K(1022400K), 0.0186191 secs] [Times: user=0.13 sys=0.00, real=0.02 secs] 
44643.496: [GC 44643.497: [ParNew: 218506K->5964K(235968K), 0.0137710 secs] 789571K->577209K(1022400K), 0.0139174 secs] [Times: user=0.13 sys=0.00, real=0.02 secs] 
44651.515: [GC 44651.515: [ParNew: 215756K->9043K(235968K), 0.0166261 secs] 787001K->580390K(1022400K), 0.0167974 secs] [Times: user=0.13 sys=0.00, real=0.02 secs] 
44662.213: [GC 44662.213: [ParNew: 218835K->7496K(235968K), 0.0191301 secs] 790182K->579004K(1022400K), 0.0193052 secs] [Times: user=0.13 sys=0.00, real=0.02 secs] 
44668.627: [GC 44668.628: [ParNew: 217288K->12692K(235968K), 0.0203819 secs] 788796K->584290K(1022400K), 0.0205345 secs] [Times: user=0.22 sys=0.03, real=0.03 secs] 
44674.837: [GC 44674.837: [ParNew: 222484K->9993K(235968K), 0.0173232 secs] 794082K->581732K(1022400K), 0.0174980 secs] [Times: user=0.13 sys=0.00, real=0.01 secs] 
44680.577: [GC 44680.578: [ParNew: 219781K->6914K(235968K), 0.0194673 secs] 791520K->578896K(1022400K), 0.0196137 secs] [Times: user=0.13 sys=0.00, real=0.02 secs] 
44688.160: [GC 44688.160: [ParNew: 216706K->8310K(235968K), 0.0240740 secs] 788688K->580406K(1022400K), 0.0242335 secs] [Times: user=0.23 sys=0.02, real=0.03 secs] 
44695.612: [GC 44695.612: [ParNew: 218102K->6416K(235968K), 0.0160353 secs] 790198K->578566K(1022400K), 0.0162127 secs] [Times: user=0.13 sys=0.00, real=0.02 secs] 
44700.201: [GC 44700.201: [ParNew: 216208K->17009K(235968K), 0.0288235 secs] 788358K->589197K(1022400K), 0.0289970 secs] [Times: user=0.25 sys=0.00, real=0.03 secs] 
44702.720: [GC 44702.720: [ParNew: 226801K->12860K(235968K), 0.0240944 secs] 798989K->587237K(1022400K), 0.0242777 secs] [Times: user=0.13 sys=0.00, real=0.03 secs] 
44709.561: [GC 44709.561: [ParNew: 222652K->7924K(235968K), 0.0146035 secs] 797029K->582301K(1022400K), 0.0147700 secs] [Times: user=0.13 sys=0.00, real=0.02 secs] 
44714.426: [GC 44714.426: [ParNew: 217716K->7149K(235968K), 0.0172494 secs] 792093K->581526K(1022400K), 0.0174268 secs] [Times: user=0.25 sys=0.00, real=0.03 secs] 
44724.968: [GC 44724.968: [ParNew: 216941K->7626K(235968K), 0.0143071 secs] 791318K->582003K(1022400K), 0.0144915 secs] [Times: user=0.13 sys=0.00, real=0.02 secs] 
44735.361: [GC 44735.361: [ParNew: 217418K->8202K(235968K), 0.0159219 secs] 791795K->582801K(1022400K), 0.0160638 secs] [Times: user=0.13 sys=0.00, real=0.02 secs] 
44746.870: [GC 44746.870: [ParNew: 217994K->7898K(235968K), 0.0194458 secs] 792593K->582719K(1022400K), 0.0196005 secs] [Times: user=0.13 sys=0.00, real=0.02 secs] 
44763.109: [GC 44763.109: [ParNew: 217690K->7648K(235968K), 0.0155101 secs] 792511K->582511K(1022400K), 0.0156699 secs] [Times: user=0.13 sys=0.00, real=0.02 secs] 
44773.543: [GC 44773.543: [ParNew: 217440K->5959K(235968K), 0.0176539 secs] 792303K->580900K(1022400K), 0.0177956 secs] [Times: user=0.13 sys=0.00, real=0.02 secs] 
44782.794: [GC 44782.794: [ParNew: 215751K->14348K(235968K), 0.0243456 secs] 790692K->589377K(1022400K), 0.0245224 secs] [Times: user=0.13 sys=0.00, real=0.02 secs] 
44784.979: [GC 44784.979: [ParNew: 224140K->26176K(235968K), 0.2675977 secs] 799169K->645061K(1022400K), 0.2677516 secs] [Times: user=1.73 sys=0.02, real=0.27 secs] 
44787.619: [GC 44787.619: [ParNew: 235968K->26176K(235968K), 0.0860917 secs] 854853K->667987K(1022400K), 0.0862464 secs] [Times: user=0.52 sys=0.00, real=0.08 secs] 
44790.375: [GC 44790.375: [ParNew: 235968K->26176K(235968K), 0.0461274 secs] 877779K->678549K(1022400K), 0.0462844 secs] [Times: user=0.26 sys=0.02, real=0.05 secs] 
44794.012: [GC 44794.012: [ParNew: 235968K->19702K(235968K), 0.0330724 secs] 888341K->677307K(1022400K), 0.0332486 secs] [Times: user=0.19 sys=0.06, real=0.03 secs] 
44800.174: [GC 44800.174: [ParNew: 229494K->13339K(235968K), 0.0210468 secs] 887099K->670944K(1022400K), 0.0211904 secs] [Times: user=0.22 sys=0.01, real=0.03 secs] 
44810.416: [GC 44810.416: [ParNew: 223131K->22867K(235968K), 0.0254896 secs] 880736K->680472K(1022400K), 0.0256650 secs] [Times: user=0.13 sys=0.00, real=0.02 secs] 
44822.509: [GC 44822.509: [ParNew: 232659K->16353K(235968K), 0.0318789 secs] 890264K->679067K(1022400K), 0.0320359 secs] [Times: user=0.13 sys=0.01, real=0.03 secs] 
44835.068: [GC 44835.068: [ParNew: 226145K->5839K(235968K), 0.0216871 secs] 888859K->668553K(1022400K), 0.0218271 secs] [Times: user=0.25 sys=0.00, real=0.03 secs] 
44842.658: [GC 44842.658: [ParNew: 215631K->10943K(235968K), 0.0178732 secs] 878345K->673657K(1022400K), 0.0180255 secs] [Times: user=0.13 sys=0.00, real=0.02 secs] 
44852.658: [GC 44852.658: [ParNew: 220735K->17502K(235968K), 0.0282449 secs] 883449K->681167K(1022400K), 0.0284276 secs] [Times: user=0.25 sys=0.00, real=0.03 secs] 
44854.870: [GC 44854.870: [ParNew: 227294K->26176K(235968K), 0.0339881 secs] 890959K->689949K(1022400K), 0.0341317 secs] [Times: user=0.25 sys=0.00, real=0.03 secs] 
44857.021: [GC 44857.021: [ParNew: 235968K->23813K(235968K), 0.0427881 secs] 899741K->693979K(1022400K), 0.0429675 secs] [Times: user=0.38 sys=0.00, real=0.05 secs] 
44860.035: [GC 44860.035: [ParNew: 233605K->16576K(235968K), 0.0264612 secs] 903771K->688998K(1022400K), 0.0266249 secs] [Times: user=0.25 sys=0.00, real=0.03 secs] 
44862.823: [GC 44862.823: [ParNew: 226368K->24870K(235968K), 0.0281050 secs] 898790K->697292K(1022400K), 0.0282564 secs] [Times: user=0.13 sys=0.00, real=0.03 secs] 
44865.819: [GC 44865.819: [ParNew: 234662K->18233K(235968K), 0.0334230 secs] 907084K->698164K(1022400K), 0.0336079 secs] [Times: user=0.23 sys=0.02, real=0.05 secs] 
44872.290: [GC 44872.290: [ParNew: 228025K->9322K(235968K), 0.0143524 secs] 907956K->689253K(1022400K), 0.0145049 secs] [Times: user=0.00 sys=0.00, real=0.02 secs] 
44878.950: [GC 44878.950: [ParNew: 219114K->6543K(235968K), 0.0139300 secs] 899045K->686474K(1022400K), 0.0140814 secs] [Times: user=0.13 sys=0.00, real=0.02 secs] 
44890.452: [GC 44890.452: [ParNew: 216335K->6853K(235968K), 0.0189167 secs] 896266K->686783K(1022400K), 0.0190681 secs] [Times: user=0.13 sys=0.00, real=0.02 secs] 
44897.188: [GC 44897.188: [ParNew: 216645K->9867K(235968K), 0.0244000 secs] 896575K->690129K(1022400K), 0.0245769 secs] [Times: user=0.23 sys=0.02, real=0.03 secs] 
44906.226: [GC 44906.226: [ParNew: 219659K->7027K(235968K), 0.0172961 secs] 899921K->687463K(1022400K), 0.0174539 secs] [Times: user=0.11 sys=0.02, real=0.03 secs] 
44914.159: [GC 44914.160: [ParNew: 216819K->5431K(235968K), 0.0152709 secs] 897255K->685929K(1022400K), 0.0154193 secs] [Times: user=0.13 sys=0.00, real=0.02 secs] 
44921.618: [GC 44921.618: [ParNew: 215223K->8067K(235968K), 0.0197746 secs] 895721K->688682K(1022400K), 0.0199478 secs] [Times: user=0.13 sys=0.00, real=0.02 secs] 
44923.422: [GC 44923.422: [ParNew: 217859K->18049K(235968K), 0.0311760 secs] 898474K->698749K(1022400K), 0.0313646 secs] [Times: user=0.25 sys=0.00, real=0.03 secs] 
44924.503: [GC 44924.503: [ParNew: 227841K->12519K(235968K), 0.0424012 secs] 908541K->699572K(1022400K), 0.0425878 secs] [Times: user=0.30 sys=0.00, real=0.05 secs] 
44925.419: [GC 44925.419: [ParNew: 220487K->7525K(235968K), 0.0145926 secs] 907541K->694579K(1022400K), 0.0147477 secs] [Times: user=0.13 sys=0.00, real=0.01 secs] 
44926.333: [GC 44926.333: [ParNew: 217317K->7326K(235968K), 0.0148374 secs] 904371K->694380K(1022400K), 0.0149944 secs] [Times: user=0.13 sys=0.00, real=0.02 secs] 
44927.505: [GC 44927.505: [ParNew: 217118K->12878K(235968K), 0.0201157 secs] 904172K->699932K(1022400K), 0.0202819 secs] [Times: user=0.22 sys=0.03, real=0.03 secs] 
44930.650: [GC 44930.650: [ParNew: 222670K->16524K(235968K), 0.0257516 secs] 909724K->703987K(1022400K), 0.0259128 secs] [Times: user=0.13 sys=0.00, real=0.02 secs] 
44939.173: [GC 44939.173: [ParNew: 226316K->12198K(235968K), 0.0216452 secs] 913779K->700023K(1022400K), 0.0218237 secs] [Times: user=0.11 sys=0.00, real=0.02 secs] 
44943.167: [GC 44943.167: [ParNew: 221990K->20197K(235968K), 0.0275465 secs] 909815K->708418K(1022400K), 0.0277225 secs] [Times: user=0.13 sys=0.00, real=0.02 secs] 
44948.504: [GC 44948.504: [ParNew: 229989K->13937K(235968K), 0.0256292 secs] 918210K->704405K(1022400K), 0.0257857 secs] [Times: user=0.25 sys=0.00, real=0.03 secs] 
44959.924: [GC 44959.924: [ParNew: 223729K->8989K(235968K), 0.0150924 secs] 914197K->699457K(1022400K), 0.0152659 secs] [Times: user=0.13 sys=0.00, real=0.02 secs] 
44969.869: [GC 44969.869: [ParNew: 218781K->10488K(235968K), 0.0148379 secs] 909249K->700956K(1022400K), 0.0150220 secs] [Times: user=0.13 sys=0.00, real=0.02 secs] 
44972.567: [GC 44972.567: [ParNew: 220280K->22741K(235968K), 0.0324572 secs] 910748K->713209K(1022400K), 0.0326170 secs] [Times: user=0.25 sys=0.00, real=0.03 secs] 
44974.877: [GC 44974.877: [ParNew: 232533K->17098K(235968K), 0.0287629 secs] 923001K->710393K(1022400K), 0.0289431 secs] [Times: user=0.25 sys=0.00, real=0.03 secs] 
44977.551: [GC 44977.551: [ParNew: 226890K->13646K(235968K), 0.0199375 secs] 920185K->706941K(1022400K), 0.0201291 secs] [Times: user=0.14 sys=0.00, real=0.03 secs] 
44983.163: [GC 44983.163: [ParNew: 223438K->12164K(235968K), 0.0179461 secs] 916733K->705459K(1022400K), 0.0181073 secs] [Times: user=0.25 sys=0.00, real=0.03 secs] 
44988.851: [GC 44988.851: [ParNew: 221956K->8778K(235968K), 0.0131045 secs] 915251K->702072K(1022400K), 0.0132872 secs] [Times: user=0.13 sys=0.00, real=0.01 secs] 
44993.405: [GC 44993.405: [ParNew: 217830K->6906K(235968K), 0.0189158 secs] 911124K->700857K(1022400K), 0.0190971 secs] [Times: user=0.13 sys=0.00, real=0.02 secs] 
44999.981: [GC 44999.981: [ParNew: 216698K->8205K(235968K), 0.0208116 secs] 910649K->702708K(1022400K), 0.0209907 secs] [Times: user=0.13 sys=0.00, real=0.02 secs] 
45006.745: [GC 45006.745: [ParNew: 217997K->15398K(235968K), 0.0253557 secs] 912500K->709942K(1022400K), 0.0255329 secs] [Times: user=0.13 sys=0.00, real=0.02 secs] 
45011.198: [GC 45011.198: [ParNew: 225190K->10954K(235968K), 0.0221226 secs] 919734K->705970K(1022400K), 0.0222710 secs] [Times: user=0.13 sys=0.00, real=0.01 secs] 
45016.556: [GC 45016.556: [ParNew: 220746K->9857K(235968K), 0.0250560 secs] 915762K->704943K(1022400K), 0.0252060 secs] [Times: user=0.13 sys=0.00, real=0.02 secs] 
45025.003: [GC 45025.003: [ParNew: 219649K->7823K(235968K), 0.0194114 secs] 914735K->702941K(1022400K), 0.0196005 secs] [Times: user=0.13 sys=0.00, real=0.02 secs] 
45033.577: [GC 45033.577: [ParNew: 217615K->15234K(235968K), 0.0266579 secs] 912733K->711249K(1022400K), 0.0268375 secs] [Times: user=0.13 sys=0.00, real=0.03 secs] 
45038.202: [GC 45038.203: [ParNew: 225026K->10158K(235968K), 0.0222799 secs] 921041K->706201K(1022400K), 0.0224543 secs] [Times: user=0.13 sys=0.00, real=0.02 secs] 
45049.290: [GC 45049.290: [ParNew: 219950K->4806K(235968K), 0.0109276 secs] 915993K->700906K(1022400K), 0.0110796 secs] [Times: user=0.13 sys=0.00, real=0.02 secs] 
45059.558: [GC 45059.558: [ParNew: 214598K->7247K(235968K), 0.0191128 secs] 910698K->703573K(1022400K), 0.0192840 secs] [Times: user=0.13 sys=0.00, real=0.01 secs] 
45069.407: [GC 45069.407: [ParNew: 217039K->10543K(235968K), 0.0236429 secs] 913365K->706923K(1022400K), 0.0237969 secs] [Times: user=0.13 sys=0.00, real=0.02 secs] 
45072.647: [GC 45072.647: [ParNew: 220335K->17661K(235968K), 0.0265900 secs] 916715K->714238K(1022400K), 0.0267350 secs] [Times: user=0.25 sys=0.00, real=0.03 secs] 
45079.590: [GC 45079.590: [ParNew: 227453K->13636K(235968K), 0.0202188 secs] 924030K->710399K(1022400K), 0.0203769 secs] [Times: user=0.13 sys=0.00, real=0.02 secs] 
45083.763: [GC 45083.763: [ParNew: 223428K->10415K(235968K), 0.0160336 secs] 920191K->707178K(1022400K), 0.0161797 secs] [Times: user=0.13 sys=0.00, real=0.02 secs] 
45091.496: [GC 45091.496: [ParNew: 220207K->10791K(235968K), 0.0226152 secs] 916970K->708041K(1022400K), 0.0227959 secs] [Times: user=0.13 sys=0.00, real=0.01 secs] 
45094.332: [GC 45094.333: [ParNew: 220583K->26176K(235968K), 0.1192914 secs] 917833K->739694K(1022400K), 0.1194677 secs] [Times: user=0.81 sys=0.03, real=0.13 secs] 
45096.438: [GC 45096.438: [ParNew: 235968K->26176K(235968K), 0.1735198 secs] 949486K->774375K(1022400K), 0.1736788 secs] [Times: user=1.00 sys=0.02, real=0.17 secs] 
45096.612: [GC [1 CMS-initial-mark: 748199K(786432K)] 778325K(1022400K), 0.0401464 secs] [Times: user=0.05 sys=0.00, real=0.05 secs] 
45096.653: [CMS-concurrent-mark-start]
45098.280: [CMS-concurrent-mark: 1.627/1.627 secs] [Times: user=4.97 sys=0.05, real=1.63 secs] 
45098.280: [CMS-concurrent-preclean-start]
45098.360: [CMS-concurrent-preclean: 0.053/0.080 secs] [Times: user=0.13 sys=0.05, real=0.08 secs] 
45098.360: [CMS-concurrent-abortable-preclean-start]
45100.104: [GC 45100.105: [ParNew (promotion failed): 235968K->235968K(235968K), 2.0642523 secs]45102.169: [CMS2010-04-21T07:15:11.794+0100: 45102.444: [CMS-concurrent-abortable-preclean: 1.872/4.084 secs] [Times: user=5.24 sys=0.64, real=4.08 secs] 
(concurrent mode failure): 762506K->451128K(786432K), 4.6409521 secs] 984167K->451128K(1022400K), [CMS Perm : 23244K->23240K(38072K)], 6.7055129 secs] [Times: user=6.95 sys=0.39, real=6.70 secs] 
45108.081: [GC 45108.081: [ParNew: 209792K->26176K(235968K), 0.1646799 secs] 660920K->511204K(1022400K), 0.1648556 secs] [Times: user=0.95 sys=0.00, real=0.17 secs] 
45110.012: [GC 45110.012: [ParNew: 235968K->26176K(235968K), 0.2015770 secs] 720996K->562466K(1022400K), 0.2017550 secs] [Times: user=1.20 sys=0.02, real=0.20 secs] 
45113.391: [GC 45113.391: [ParNew: 235968K->26176K(235968K), 0.1048128 secs] 772258K->585882K(1022400K), 0.1049709 secs] [Times: user=0.61 sys=0.01, real=0.11 secs] 
45116.431: [GC 45116.432: [ParNew: 235968K->26176K(235968K), 0.0533481 secs] 795674K->600512K(1022400K), 0.0535266 secs] [Times: user=0.27 sys=0.00, real=0.06 secs] 
45119.523: [GC 45119.523: [ParNew: 235968K->22149K(235968K), 0.0404152 secs] 810304K->605152K(1022400K), 0.0405890 secs] [Times: user=0.25 sys=0.01, real=0.05 secs] 
45123.663: [GC 45123.663: [ParNew: 231941K->26176K(235968K), 0.0495066 secs] 814944K->618293K(1022400K), 0.0496611 secs] [Times: user=0.36 sys=0.00, real=0.05 secs] 
45126.522: [GC 45126.522: [ParNew: 235968K->20397K(235968K), 0.0531663 secs] 828085K->625478K(1022400K), 0.0533518 secs] [Times: user=0.31 sys=0.02, real=0.06 secs] 
45128.608: [GC 45128.608: [ParNew: 230189K->26176K(235968K), 0.1474785 secs] 835270K->657700K(1022400K), 0.1476568 secs] [Times: user=0.94 sys=0.03, real=0.14 secs] 
45130.667: [GC 45130.667: [ParNew: 235968K->26176K(235968K), 0.2164216 secs] 867493K->707989K(1022400K), 0.2165828 secs] [Times: user=1.23 sys=0.05, real=0.20 secs] 
45135.335: [GC 45135.335: [ParNew: 235968K->26176K(235968K), 0.0871812 secs] 917781K->731858K(1022400K), 0.0873374 secs] [Times: user=0.63 sys=0.00, real=0.09 secs] 
45135.423: [GC [1 CMS-initial-mark: 705682K(786432K)] 732070K(1022400K), 0.0256390 secs] [Times: user=0.03 sys=0.00, real=0.03 secs] 
45135.449: [CMS-concurrent-mark-start]
45136.946: [CMS-concurrent-mark: 1.497/1.497 secs] [Times: user=3.53 sys=0.00, real=1.48 secs] 
45136.946: [CMS-concurrent-preclean-start]
45136.991: [CMS-concurrent-preclean: 0.032/0.045 secs] [Times: user=0.05 sys=0.00, real=0.05 secs] 
45136.991: [CMS-concurrent-abortable-preclean-start]
CMS: abort preclean due to time 2010-04-21T07:15:51.387+0100: 45142.031: [CMS-concurrent-abortable-preclean: 4.668/5.040 secs] [Times: user=6.83 sys=0.77, real=5.05 secs] 
45142.032: [GC[YG occupancy: 197790 K (235968 K)]45142.032: [Rescan (parallel) , 0.3227027 secs]45142.355: [weak refs processing, 0.0014088 secs] [1 CMS-remark: 705682K(786432K)] 903473K(1022400K), 0.3242543 secs] [Times: user=0.42 sys=0.00, real=0.33 secs] 
45142.356: [CMS-concurrent-sweep-start]
45142.690: [GC 45142.690: [ParNew: 235968K->18689K(235968K), 0.0344929 secs] 939074K->728066K(1022400K), 0.0346452 secs] [Times: user=0.23 sys=0.01, real=0.03 secs] 
45143.422: [CMS-concurrent-sweep: 1.031/1.066 secs] [Times: user=2.81 sys=0.06, real=1.06 secs] 
45143.422: [CMS-concurrent-reset-start]
45143.439: [CMS-concurrent-reset: 0.016/0.016 secs] [Times: user=0.01 sys=0.00, real=0.01 secs] 
45146.013: [GC 45146.014: [ParNew: 228481K->16235K(235968K), 0.0210373 secs] 675666K->463419K(1022400K), 0.0212105 secs] [Times: user=0.13 sys=0.00, real=0.02 secs] 
45148.586: [GC 45148.586: [ParNew: 226027K->24717K(235968K), 0.0329346 secs] 673211K->471901K(1022400K), 0.0331050 secs] [Times: user=0.25 sys=0.00, real=0.03 secs] 
45151.156: [GC 45151.156: [ParNew: 234509K->17351K(235968K), 0.0235309 secs] 681693K->466761K(1022400K), 0.0237066 secs] [Times: user=0.13 sys=0.00, real=0.02 secs] 
45154.364: [GC 45154.364: [ParNew: 227143K->14424K(235968K), 0.0236002 secs] 676553K->463834K(1022400K), 0.0237530 secs] [Times: user=0.17 sys=0.05, real=0.03 secs] 
45157.411: [GC 45157.411: [ParNew: 224216K->11369K(235968K), 0.0183174 secs] 673626K->460779K(1022400K), 0.0184836 secs] [Times: user=0.13 sys=0.00, real=0.02 secs] 
45164.570: [GC 45164.570: [ParNew: 221161K->8043K(235968K), 0.0162993 secs] 670571K->457453K(1022400K), 0.0164526 secs] [Times: user=0.13 sys=0.00, real=0.02 secs] 
45170.048: [GC 45170.048: [ParNew: 217835K->11370K(235968K), 0.0219260 secs] 667245K->460837K(1022400K), 0.0220760 secs] [Times: user=0.13 sys=0.00, real=0.01 secs] 
45174.989: [GC 45174.989: [ParNew: 221162K->8075K(235968K), 0.0196477 secs] 670629K->457618K(1022400K), 0.0198045 secs] [Times: user=0.13 sys=0.00, real=0.02 secs] 
45181.052: [GC 45181.052: [ParNew: 217867K->8699K(235968K), 0.0204152 secs] 667410K->458653K(1022400K), 0.0205873 secs] [Times: user=0.13 sys=0.00, real=0.02 secs] 
45188.007: [GC 45188.007: [ParNew: 218491K->6589K(235968K), 0.0225987 secs] 668445K->457176K(1022400K), 0.0227590 secs] [Times: user=0.25 sys=0.00, real=0.03 secs] 
45193.024: [GC 45193.024: [ParNew: 216381K->12795K(235968K), 0.0270512 secs] 666968K->463655K(1022400K), 0.0272219 secs] [Times: user=0.25 sys=0.00, real=0.03 secs] 
45201.769: [GC 45201.769: [ParNew: 222587K->9002K(235968K), 0.0154140 secs] 673447K->459958K(1022400K), 0.0155679 secs] [Times: user=0.13 sys=0.00, real=0.01 secs] 
45210.295: [GC 45210.295: [ParNew: 218787K->10427K(235968K), 0.0195821 secs] 669743K->461443K(1022400K), 0.0197592 secs] [Times: user=0.13 sys=0.00, real=0.02 secs] 
45214.889: [GC 45214.889: [ParNew: 220219K->13814K(235968K), 0.0203836 secs] 671235K->465195K(1022400K), 0.0205557 secs] [Times: user=0.13 sys=0.00, real=0.01 secs] 
45219.454: [GC 45219.454: [ParNew: 223606K->10517K(235968K), 0.0189602 secs] 674987K->461939K(1022400K), 0.0191128 secs] [Times: user=0.13 sys=0.00, real=0.02 secs] 
45222.874: [GC 45222.875: [ParNew: 220309K->12670K(235968K), 0.0294269 secs] 671731K->464577K(1022400K), 0.0296024 secs] [Times: user=0.25 sys=0.00, real=0.03 secs] 
45226.266: [GC 45226.266: [ParNew: 222462K->12913K(235968K), 0.0187443 secs] 674369K->464892K(1022400K), 0.0189105 secs] [Times: user=0.13 sys=0.00, real=0.01 secs] 
45235.339: [GC 45235.339: [ParNew: 222705K->8327K(235968K), 0.0160420 secs] 674684K->460340K(1022400K), 0.0162144 secs] [Times: user=0.13 sys=0.00, real=0.03 secs] 
45246.921: [GC 45246.921: [ParNew: 218119K->8078K(235968K), 0.0223255 secs] 670132K->460158K(1022400K), 0.0224763 secs] [Times: user=0.13 sys=0.00, real=0.02 secs] 
45255.380: [GC 45255.380: [ParNew: 217870K->10506K(235968K), 0.0183747 secs] 669950K->462644K(1022400K), 0.0185188 secs] [Times: user=0.13 sys=0.00, real=0.02 secs] 
45258.175: [GC 45258.175: [ParNew: 220298K->17184K(235968K), 0.0269009 secs] 672436K->469356K(1022400K), 0.0270501 secs] [Times: user=0.24 sys=0.02, real=0.03 secs] 
45260.080: [GC 45260.080: [ParNew: 226976K->25247K(235968K), 0.0382806 secs] 679148K->478157K(1022400K), 0.0384501 secs] [Times: user=0.25 sys=0.00, real=0.03 secs] 
45263.921: [GC 45263.921: [ParNew: 235039K->18983K(235968K), 0.0265486 secs] 687950K->474828K(1022400K), 0.0267073 secs] [Times: user=0.13 sys=0.00, real=0.02 secs] 
45266.382: [GC 45266.382: [ParNew: 228775K->24860K(235968K), 0.0343362 secs] 684620K->480706K(1022400K), 0.0345156 secs] [Times: user=0.23 sys=0.00, real=0.03 secs] 
45269.065: [GC 45269.065: [ParNew: 234652K->18940K(235968K), 0.0276747 secs] 690498K->478169K(1022400K), 0.0278513 secs] [Times: user=0.14 sys=0.00, real=0.03 secs] 
45272.165: [GC 45272.166: [ParNew: 228732K->16587K(235968K), 0.0227649 secs] 687961K->475816K(1022400K), 0.0229406 secs] [Times: user=0.25 sys=0.00, real=0.03 secs] 
45276.955: [GC 45276.955: [ParNew: 226379K->11092K(235968K), 0.0202367 secs] 685608K->470320K(1022400K), 0.0204099 secs] [Times: user=0.13 sys=0.00, real=0.02 secs] 
45285.597: [GC 45285.597: [ParNew: 220884K->8035K(235968K), 0.0142356 secs] 680112K->467264K(1022400K), 0.0144038 secs] [Times: user=0.13 sys=0.00, real=0.02 secs] 
45293.716: [GC 45293.716: [ParNew: 217827K->13280K(235968K), 0.0262151 secs] 677056K->472663K(1022400K), 0.0263640 secs] [Times: user=0.13 sys=0.00, real=0.02 secs] 
45299.423: [GC 45299.423: [ParNew: 223072K->9266K(235968K), 0.0183772 secs] 682455K->468891K(1022400K), 0.0185236 secs] [Times: user=0.13 sys=0.00, real=0.02 secs] 
45303.519: [GC 45303.519: [ParNew: 219058K->14082K(235968K), 0.0319208 secs] 678683K->474115K(1022400K), 0.0320896 secs] [Times: user=0.23 sys=0.02, real=0.03 secs] 
45307.489: [GC 45307.489: [ParNew: 223874K->20802K(235968K), 0.0280742 secs] 683907K->481354K(1022400K), 0.0282525 secs] [Times: user=0.25 sys=0.00, real=0.03 secs] 
45312.980: [GC 45312.980: [ParNew: 230594K->13029K(235968K), 0.0254789 secs] 691146K->474304K(1022400K), 0.0256563 secs] [Times: user=0.23 sys=0.02, real=0.03 secs] 
45325.606: [GC 45325.606: [ParNew: 222821K->5878K(235968K), 0.0201344 secs] 684096K->467153K(1022400K), 0.0203057 secs] [Times: user=0.13 sys=0.00, real=0.02 secs] 
45335.838: [GC 45335.838: [ParNew: 215670K->9119K(235968K), 0.0242433 secs] 676945K->470394K(1022400K), 0.0244098 secs] [Times: user=0.23 sys=0.01, real=0.03 secs] 
45343.274: [GC 45343.274: [ParNew: 218911K->10375K(235968K), 0.0301290 secs] 680186K->471761K(1022400K), 0.0303100 secs] [Times: user=0.25 sys=0.00, real=0.03 secs] 
45346.196: [GC 45346.196: [ParNew: 220167K->15730K(235968K), 0.0252180 secs] 681553K->477415K(1022400K), 0.0253904 secs] [Times: user=0.25 sys=0.00, real=0.03 secs] 
45350.502: [GC 45350.502: [ParNew: 225522K->26176K(235968K), 0.1041831 secs] 687207K->501293K(1022400K), 0.1043429 secs] [Times: user=0.64 sys=0.00, real=0.11 secs] 
45352.460: [GC 45352.460: [ParNew: 235968K->26176K(235968K), 0.2404591 secs] 711085K->557809K(1022400K), 0.2406473 secs] [Times: user=1.53 sys=0.01, real=0.25 secs] 
45354.670: [GC 45354.670: [ParNew: 235968K->26176K(235968K), 0.0829516 secs] 767601K->580672K(1022400K), 0.0831304 secs] [Times: user=0.44 sys=0.08, real=0.08 secs] 
45358.273: [GC 45358.273: [ParNew: 235968K->21195K(235968K), 0.0513884 secs] 790464K->588598K(1022400K), 0.0515666 secs] [Times: user=0.34 sys=0.00, real=0.05 secs] 
45360.495: [GC 45360.495: [ParNew: 230987K->26176K(235968K), 0.0438567 secs] 798390K->602024K(1022400K), 0.0440402 secs] [Times: user=0.38 sys=0.00, real=0.05 secs] 
45363.913: [GC 45363.913: [ParNew: 235968K->20275K(235968K), 0.0371329 secs] 811816K->603234K(1022400K), 0.0373112 secs] [Times: user=0.26 sys=0.00, real=0.05 secs] 
45365.928: [GC 45365.928: [ParNew: 230067K->26176K(235968K), 0.1917283 secs] 813026K->648915K(1022400K), 0.1919135 secs] [Times: user=1.11 sys=0.00, real=0.19 secs] 
45368.223: [GC 45368.223: [ParNew: 235968K->26176K(235968K), 0.1941392 secs] 858707K->694861K(1022400K), 0.1942915 secs] [Times: user=1.14 sys=0.00, real=0.19 secs] 
45368.418: [GC [1 CMS-initial-mark: 668685K(786432K)] 694933K(1022400K), 0.0426521 secs] [Times: user=0.05 sys=0.00, real=0.05 secs] 
45368.461: [CMS-concurrent-mark-start]
45370.090: [CMS-concurrent-mark: 1.629/1.629 secs] [Times: user=5.91 sys=0.09, real=1.63 secs] 
45370.090: [CMS-concurrent-preclean-start]
45370.162: [CMS-concurrent-preclean: 0.050/0.072 secs] [Times: user=0.13 sys=0.06, real=0.08 secs] 
45370.162: [CMS-concurrent-abortable-preclean-start]
45370.213: [GC 45370.213: [ParNew: 235968K->26176K(235968K), 0.1115248 secs] 904653K->720152K(1022400K), 0.1116737 secs] [Times: user=0.77 sys=0.00, real=0.11 secs] 
45371.925: [CMS-concurrent-abortable-preclean: 1.505/1.763 secs] [Times: user=3.56 sys=0.41, real=1.77 secs] 
45371.926: [GC[YG occupancy: 131408 K (235968 K)]45371.926: [Rescan (parallel) , 0.0319943 secs]45371.958: [weak refs processing, 0.0014136 secs] [1 CMS-remark: 693976K(786432K)] 825384K(1022400K), 0.0335227 secs] [Times: user=0.25 sys=0.00, real=0.03 secs] 
45371.959: [CMS-concurrent-sweep-start]
45372.783: [CMS-concurrent-sweep: 0.823/0.823 secs] [Times: user=1.61 sys=0.06, real=0.83 secs] 
45372.783: [CMS-concurrent-reset-start]
45372.799: [CMS-concurrent-reset: 0.016/0.016 secs] [Times: user=0.03 sys=0.00, real=0.02 secs] 
45373.455: [GC 45373.455: [ParNew: 235968K->26176K(235968K), 0.0430854 secs] 745683K->546330K(1022400K), 0.0432658 secs] [Times: user=0.27 sys=0.00, real=0.05 secs] 
45381.890: [GC 45381.890: [ParNew: 235967K->20387K(235968K), 0.0365664 secs] 756122K->549570K(1022400K), 0.0367569 secs] [Times: user=0.14 sys=0.00, real=0.03 secs] 
45389.586: [GC 45389.586: [ParNew: 230179K->15472K(235968K), 0.0220805 secs] 759362K->544655K(1022400K), 0.0222495 secs] [Times: user=0.23 sys=0.01, real=0.03 secs] 
45394.932: [GC 45394.932: [ParNew: 225264K->10153K(235968K), 0.0210457 secs] 754447K->539336K(1022400K), 0.0212155 secs] [Times: user=0.24 sys=0.02, real=0.03 secs] 
45400.298: [GC 45400.299: [ParNew: 219945K->15837K(235968K), 0.0280477 secs] 749128K->545019K(1022400K), 0.0282187 secs] [Times: user=0.14 sys=0.00, real=0.03 secs] 
45405.421: [GC 45405.422: [ParNew: 225620K->11589K(235968K), 0.0219447 secs] 754803K->544054K(1022400K), 0.0221232 secs] [Times: user=0.13 sys=0.00, real=0.01 secs] 
45409.113: [GC 45409.113: [ParNew: 221381K->12021K(235968K), 0.0204836 secs] 753846K->544623K(1022400K), 0.0206264 secs] [Times: user=0.13 sys=0.00, real=0.02 secs] 
45414.914: [GC 45414.914: [ParNew: 221813K->9406K(235968K), 0.0239022 secs] 754415K->542055K(1022400K), 0.0240779 secs] [Times: user=0.25 sys=0.00, real=0.03 secs] 
45419.337: [GC 45419.337: [ParNew: 219198K->12616K(235968K), 0.0302164 secs] 751847K->545637K(1022400K), 0.0303879 secs] [Times: user=0.24 sys=0.02, real=0.03 secs] 
45423.459: [GC 45423.459: [ParNew: 222408K->10671K(235968K), 0.0304245 secs] 755429K->544155K(1022400K), 0.0305966 secs] [Times: user=0.25 sys=0.00, real=0.03 secs] 
45426.824: [GC 45426.824: [ParNew: 220463K->14891K(235968K), 0.0252205 secs] 753947K->548573K(1022400K), 0.0253669 secs] [Times: user=0.25 sys=0.00, real=0.03 secs] 
45431.117: [GC 45431.117: [ParNew: 224683K->10975K(235968K), 0.0303893 secs] 758365K->545030K(1022400K), 0.0305586 secs] [Times: user=0.25 sys=0.00, real=0.03 secs] 
45437.915: [GC 45437.915: [ParNew: 220767K->7593K(235968K), 0.0162537 secs] 754822K->541718K(1022400K), 0.0164275 secs] [Times: user=0.13 sys=0.00, real=0.02 secs] 
45445.967: [GC 45445.967: [ParNew: 217385K->8040K(235968K), 0.0204154 secs] 751510K->542424K(1022400K), 0.0205800 secs] [Times: user=0.13 sys=0.00, real=0.01 secs] 
45451.890: [GC 45451.890: [ParNew: 217832K->13512K(235968K), 0.0205286 secs] 752216K->548011K(1022400K), 0.0206730 secs] [Times: user=0.13 sys=0.00, real=0.02 secs] 
45455.246: [GC 45455.246: [ParNew: 223304K->13337K(235968K), 0.0324784 secs] 757803K->548196K(1022400K), 0.0326547 secs] [Times: user=0.25 sys=0.00, real=0.03 secs] 
45460.200: [GC 45460.200: [ParNew: 223129K->10410K(235968K), 0.0273895 secs] 757988K->545798K(1022400K), 0.0275636 secs] [Times: user=0.25 sys=0.00, real=0.03 secs] 
45465.438: [GC 45465.438: [ParNew: 220202K->12137K(235968K), 0.0231742 secs] 755590K->547601K(1022400K), 0.0233465 secs] [Times: user=0.13 sys=0.00, real=0.02 secs] 
45471.020: [GC 45471.020: [ParNew: 221929K->9067K(235968K), 0.0194100 secs] 757393K->544573K(1022400K), 0.0195810 secs] [Times: user=0.13 sys=0.00, real=0.02 secs] 
45475.246: [GC 45475.246: [ParNew: 218859K->16884K(235968K), 0.0289129 secs] 754365K->552463K(1022400K), 0.0290833 secs] [Times: user=0.25 sys=0.00, real=0.03 secs] 
45478.034: [GC 45478.034: [ParNew: 226676K->13341K(235968K), 0.0216567 secs] 762255K->549555K(1022400K), 0.0218109 secs] [Times: user=0.13 sys=0.00, real=0.02 secs] 
45483.293: [GC 45483.293: [ParNew: 223133K->8447K(235968K), 0.0280432 secs] 759347K->545273K(1022400K), 0.0282245 secs] [Times: user=0.25 sys=0.00, real=0.03 secs] 
45490.173: [GC 45490.173: [ParNew: 218234K->6941K(235968K), 0.0228574 secs] 755060K->544037K(1022400K), 0.0230071 secs] [Times: user=0.13 sys=0.00, real=0.02 secs] 
45495.095: [GC 45495.095: [ParNew: 216733K->13557K(235968K), 0.0244861 secs] 753829K->550802K(1022400K), 0.0246394 secs] [Times: user=0.13 sys=0.00, real=0.02 secs] 
45497.445: [GC 45497.445: [ParNew: 223349K->19282K(235968K), 0.0248300 secs] 760594K->556595K(1022400K), 0.0250074 secs] [Times: user=0.22 sys=0.03, real=0.03 secs] 
45501.061: [GC 45501.061: [ParNew: 229074K->15241K(235968K), 0.0263285 secs] 766387K->552721K(1022400K), 0.0265073 secs] [Times: user=0.13 sys=0.00, real=0.02 secs] 
45503.988: [GC 45503.988: [ParNew: 225033K->11400K(235968K), 0.0197545 secs] 762513K->549446K(1022400K), 0.0199212 secs] [Times: user=0.13 sys=0.00, real=0.02 secs] 
45509.038: [GC 45509.038: [ParNew: 221192K->5984K(235968K), 0.0206822 secs] 759238K->544538K(1022400K), 0.0208339 secs] [Times: user=0.13 sys=0.00, real=0.01 secs] 
45513.646: [GC 45513.646: [ParNew: 215776K->14877K(235968K), 0.0278404 secs] 754330K->553500K(1022400K), 0.0280153 secs] [Times: user=0.25 sys=0.00, real=0.03 secs] 
45517.950: [GC 45517.950: [ParNew: 224669K->10862K(235968K), 0.0241983 secs] 763292K->549667K(1022400K), 0.0243721 secs] [Times: user=0.23 sys=0.01, real=0.03 secs] 
45523.742: [GC 45523.742: [ParNew: 220654K->7863K(235968K), 0.0157341 secs] 759459K->546745K(1022400K), 0.0159110 secs] [Times: user=0.13 sys=0.00, real=0.02 secs] 
45530.454: [GC 45530.455: [ParNew: 217649K->6206K(235968K), 0.0180436 secs] 756531K->545239K(1022400K), 0.0182065 secs] [Times: user=0.11 sys=0.00, real=0.02 secs] 
45538.269: [GC 45538.269: [ParNew: 215998K->10173K(235968K), 0.0223878 secs] 755031K->549315K(1022400K), 0.0225657 secs] [Times: user=0.13 sys=0.00, real=0.01 secs] 
45544.594: [GC 45544.594: [ParNew: 219965K->7526K(235968K), 0.0222838 secs] 759107K->547219K(1022400K), 0.0224610 secs] [Times: user=0.11 sys=0.02, real=0.02 secs] 
45556.855: [GC 45556.855: [ParNew: 217318K->6333K(235968K), 0.0145781 secs] 757011K->546192K(1022400K), 0.0147248 secs] [Times: user=0.13 sys=0.00, real=0.02 secs] 
45565.297: [GC 45565.297: [ParNew: 216125K->7476K(235968K), 0.0181978 secs] 755984K->547525K(1022400K), 0.0183459 secs] [Times: user=0.11 sys=0.02, real=0.02 secs] 
45569.990: [GC 45569.990: [ParNew: 217268K->20505K(235968K), 0.0306927 secs] 757317K->560601K(1022400K), 0.0308425 secs] [Times: user=0.25 sys=0.00, real=0.03 secs] 
45572.446: [GC 45572.446: [ParNew: 230297K->26176K(235968K), 0.2217785 secs] 770393K->604477K(1022400K), 0.2219466 secs] [Times: user=1.36 sys=0.03, real=0.22 secs] 
45581.248: [GC 45581.248: [ParNew: 235968K->26176K(235968K), 0.0787734 secs] 814269K->625305K(1022400K), 0.0789262 secs] [Times: user=0.50 sys=0.00, real=0.08 secs] 
45595.740: [GC 45595.740: [ParNew: 235968K->10015K(235968K), 0.0178308 secs] 835097K->609144K(1022400K), 0.0179769 secs] [Times: user=0.13 sys=0.00, real=0.02 secs] 
45601.045: [GC 45601.045: [ParNew: 219807K->26176K(235968K), 0.1518774 secs] 818936K->650503K(1022400K), 0.1520601 secs] [Times: user=1.01 sys=0.00, real=0.16 secs] 
45605.590: [GC 45605.590: [ParNew: 235968K->26176K(235968K), 0.1594317 secs] 860295K->688371K(1022400K), 0.1596119 secs] [Times: user=1.03 sys=0.00, real=0.17 secs] 
45613.679: [GC 45613.680: [ParNew: 235968K->25058K(235968K), 0.0551405 secs] 898163K->703184K(1022400K), 0.0552995 secs] [Times: user=0.31 sys=0.00, real=0.06 secs] 
45621.998: [GC 45621.998: [ParNew: 234850K->14339K(235968K), 0.0217874 secs] 912976K->692465K(1022400K), 0.0219587 secs] [Times: user=0.25 sys=0.00, real=0.03 secs] 
45633.172: [GC 45633.172: [ParNew: 224131K->10125K(235968K), 0.0232613 secs] 902257K->688251K(1022400K), 0.0234393 secs] [Times: user=0.11 sys=0.01, real=0.01 secs] 
45647.544: [GC 45647.544: [ParNew: 219917K->8029K(235968K), 0.0126234 secs] 898043K->686155K(1022400K), 0.0127756 secs] [Times: user=0.13 sys=0.00, real=0.01 secs] 
45660.629: [GC 45660.629: [ParNew: 217821K->9380K(235968K), 0.0241640 secs] 895947K->690123K(1022400K), 0.0243425 secs] [Times: user=0.13 sys=0.00, real=0.02 secs] 
45663.895: [GC 45663.895: [ParNew: 219172K->12958K(235968K), 0.0251462 secs] 899915K->693799K(1022400K), 0.0252973 secs] [Times: user=0.13 sys=0.00, real=0.02 secs] 
45673.843: [GC 45673.843: [ParNew: 222750K->8683K(235968K), 0.0143270 secs] 903591K->689655K(1022400K), 0.0144756 secs] [Times: user=0.13 sys=0.00, real=0.02 secs] 
45676.285: [GC 45676.285: [ParNew: 218475K->19861K(235968K), 0.0308131 secs] 899447K->700930K(1022400K), 0.0309922 secs] [Times: user=0.25 sys=0.00, real=0.03 secs] 
45679.678: [GC 45679.679: [ParNew: 229653K->14133K(235968K), 0.0230007 secs] 910722K->697043K(1022400K), 0.0231756 secs] [Times: user=0.13 sys=0.00, real=0.02 secs] 
45682.600: [GC 45682.601: [ParNew: 223925K->17879K(235968K), 0.0326614 secs] 906835K->700790K(1022400K), 0.0328335 secs] [Times: user=0.25 sys=0.00, real=0.03 secs] 
45686.172: [GC 45686.172: [ParNew: 227671K->19284K(235968K), 0.0257577 secs] 910582K->703334K(1022400K), 0.0259396 secs] [Times: user=0.13 sys=0.00, real=0.02 secs] 
45688.568: [GC 45688.568: [ParNew: 229076K->22990K(235968K), 0.0287070 secs] 913126K->707040K(1022400K), 0.0288794 secs] [Times: user=0.23 sys=0.01, real=0.03 secs] 
45693.792: [GC 45693.792: [ParNew: 232782K->16132K(235968K), 0.0218545 secs] 916832K->700913K(1022400K), 0.0220274 secs] [Times: user=0.13 sys=0.00, real=0.03 secs] 
45701.472: [GC 45701.472: [ParNew: 225924K->11847K(235968K), 0.0209390 secs] 910705K->696628K(1022400K), 0.0211094 secs] [Times: user=0.13 sys=0.00, real=0.01 secs] 
45705.331: [GC 45705.331: [ParNew: 221639K->17681K(235968K), 0.0249138 secs] 906420K->702461K(1022400K), 0.0250881 secs] [Times: user=0.13 sys=0.00, real=0.02 secs] 
45709.235: [GC 45709.235: [ParNew: 227473K->13678K(235968K), 0.0265883 secs] 912253K->700211K(1022400K), 0.0267392 secs] [Times: user=0.20 sys=0.00, real=0.03 secs] 
45717.056: [GC 45717.056: [ParNew: 223470K->12656K(235968K), 0.0221042 secs] 910003K->699190K(1022400K), 0.0222688 secs] [Times: user=0.13 sys=0.00, real=0.02 secs] 
45725.793: [GC 45725.793: [ParNew: 222448K->11403K(235968K), 0.0217120 secs] 908982K->697936K(1022400K), 0.0218771 secs] [Times: user=0.13 sys=0.00, real=0.03 secs] 
45733.858: [GC 45733.858: [ParNew: 221195K->10109K(235968K), 0.0222872 secs] 907728K->697071K(1022400K), 0.0224615 secs] [Times: user=0.25 sys=0.00, real=0.03 secs] 
45736.551: [GC 45736.551: [ParNew: 219898K->18239K(235968K), 0.0264922 secs] 906860K->705407K(1022400K), 0.0266612 secs] [Times: user=0.13 sys=0.00, real=0.02 secs] 
45739.839: [GC 45739.839: [ParNew: 228031K->16619K(235968K), 0.0254868 secs] 915199K->704489K(1022400K), 0.0256695 secs] [Times: user=0.25 sys=0.00, real=0.03 secs] 
45744.113: [GC 45744.114: [ParNew: 226411K->13688K(235968K), 0.0264229 secs] 914281K->702662K(1022400K), 0.0265752 secs] [Times: user=0.13 sys=0.00, real=0.02 secs] 
45747.286: [GC 45747.286: [ParNew: 223480K->13674K(235968K), 0.0298432 secs] 912454K->703109K(1022400K), 0.0300200 secs] [Times: user=0.25 sys=0.00, real=0.03 secs] 
45749.790: [GC 45749.790: [ParNew: 223466K->22065K(235968K), 0.0353668 secs] 912901K->712140K(1022400K), 0.0355797 secs] [Times: user=0.25 sys=0.00, real=0.03 secs] 
45752.305: [GC 45752.305: [ParNew: 231857K->14729K(235968K), 0.0364200 secs] 921932K->709089K(1022400K), 0.0365815 secs] [Times: user=0.25 sys=0.00, real=0.03 secs] 
45755.218: [GC 45755.218: [ParNew: 224521K->18319K(235968K), 0.0222126 secs] 918881K->712679K(1022400K), 0.0223746 secs] [Times: user=0.25 sys=0.00, real=0.03 secs] 
45758.560: [GC 45758.560: [ParNew: 228111K->15081K(235968K), 0.0162666 secs] 922471K->709440K(1022400K), 0.0164359 secs] [Times: user=0.13 sys=0.00, real=0.02 secs] 
45763.632: [GC 45763.632: [ParNew: 224873K->13942K(235968K), 0.0211809 secs] 919233K->708302K(1022400K), 0.0213424 secs] [Times: user=0.13 sys=0.00, real=0.02 secs] 
45771.923: [GC 45771.923: [ParNew: 223734K->14399K(235968K), 0.0222662 secs] 918094K->709164K(1022400K), 0.0224364 secs] [Times: user=0.25 sys=0.00, real=0.03 secs] 
45783.021: [GC 45783.021: [ParNew: 224191K->26176K(235968K), 0.1061311 secs] 918956K->738259K(1022400K), 0.1063169 secs] [Times: user=0.73 sys=0.02, real=0.11 secs] 
45785.585: [GC 45785.585: [ParNew: 235968K->26176K(235968K), 0.2528522 secs] 948051K->799016K(1022400K), 0.2530436 secs] [Times: user=1.52 sys=0.03, real=0.25 secs] 
45785.839: [GC [1 CMS-initial-mark: 772840K(786432K)] 799102K(1022400K), 0.0436871 secs] [Times: user=0.05 sys=0.00, real=0.05 secs] 
45785.883: [CMS-concurrent-mark-start]
45787.463: [CMS-concurrent-mark: 1.579/1.581 secs] [Times: user=5.14 sys=0.13, real=1.58 secs] 
45787.463: [CMS-concurrent-preclean-start]
45787.556: [CMS-concurrent-preclean: 0.064/0.093 secs] [Times: user=0.22 sys=0.05, real=0.09 secs] 
45787.556: [CMS-concurrent-abortable-preclean-start]
45787.556: [CMS-concurrent-abortable-preclean: 0.000/0.000 secs] [Times: user=0.00 sys=0.00, real=0.00 secs] 
45787.557: [GC[YG occupancy: 190607 K (235968 K)]45787.557: [Rescan (parallel) , 0.3437487 secs]45787.901: [weak refs processing, 0.0003176 secs] [1 CMS-remark: 772840K(786432K)] 963447K(1022400K), 0.3442345 secs] [Times: user=0.66 sys=0.00, real=0.34 secs] 
45787.902: [CMS-concurrent-sweep-start]
45788.407: [Full GC 45788.407: [CMS2010-04-21T07:26:38.473+0100: 45789.140: [CMS-concurrent-sweep: 1.237/1.238 secs] [Times: user=1.86 sys=0.05, real=1.24 secs] 
(concurrent mode failure): 701600K->474618K(786432K), 4.9317388 secs] 937568K->474618K(1022400K), [CMS Perm : 23271K->23146K(38736K)], 4.9319034 secs] [Times: user=4.92 sys=0.01, real=4.94 secs] 
45796.228: [GC 45796.228: [ParNew: 209792K->26176K(235968K), 0.0317440 secs] 684410K->500924K(1022400K), 0.0319150 secs] [Times: user=0.25 sys=0.00, real=0.03 secs] 
45801.480: [GC 45801.480: [ParNew: 235968K->23643K(235968K), 0.0513931 secs] 710716K->509637K(1022400K), 0.0515792 secs] [Times: user=0.31 sys=0.02, real=0.05 secs] 
45806.064: [GC 45806.064: [ParNew: 233435K->19832K(235968K), 0.0212974 secs] 719429K->505827K(1022400K), 0.0214734 secs] [Times: user=0.24 sys=0.00, real=0.03 secs] 
45808.236: [GC 45808.236: [ParNew: 229624K->26176K(235968K), 0.2576744 secs] 715619K->560178K(1022400K), 0.2578518 secs] [Times: user=1.70 sys=0.01, real=0.27 secs] 
45813.071: [GC 45813.072: [ParNew: 235968K->26176K(235968K), 0.1011103 secs] 769970K->587268K(1022400K), 0.1012844 secs] [Times: user=0.59 sys=0.00, real=0.09 secs] 
45815.666: [GC 45815.666: [ParNew: 235968K->26176K(235968K), 0.0514856 secs] 797060K->600806K(1022400K), 0.0516719 secs] [Times: user=0.38 sys=0.00, real=0.05 secs] 
45818.966: [GC 45818.966: [ParNew: 235968K->26176K(235968K), 0.0393480 secs] 810598K->603464K(1022400K), 0.0395075 secs] [Times: user=0.38 sys=0.00, real=0.05 secs] 
45824.949: [GC 45824.949: [ParNew: 235968K->21777K(235968K), 0.0375456 secs] 813256K->607216K(1022400K), 0.0377227 secs] [Times: user=0.25 sys=0.00, real=0.05 secs] 
45827.900: [GC 45827.900: [ParNew: 231569K->26176K(235968K), 0.1981998 secs] 817008K->644543K(1022400K), 0.1983772 secs] [Times: user=1.36 sys=0.01, real=0.20 secs] 
45831.856: [GC 45831.856: [ParNew: 235968K->26176K(235968K), 0.1607922 secs] 854335K->683661K(1022400K), 0.1609487 secs] [Times: user=0.88 sys=0.05, real=0.16 secs] 
45842.611: [GC 45842.611: [ParNew: 235968K->25146K(235968K), 0.0707981 secs] 893453K->704696K(1022400K), 0.0709828 secs] [Times: user=0.44 sys=0.01, real=0.08 secs] 
45846.391: [GC 45846.391: [ParNew: 234938K->7808K(235968K), 0.0200255 secs] 914488K->687358K(1022400K), 0.0201925 secs] [Times: user=0.25 sys=0.00, real=0.03 secs] 
45856.607: [GC 45856.607: [ParNew: 217600K->13196K(235968K), 0.0199782 secs] 897150K->692746K(1022400K), 0.0201512 secs] [Times: user=0.13 sys=0.00, real=0.03 secs] 
45863.212: [GC 45863.212: [ParNew: 222988K->9307K(235968K), 0.0161138 secs] 902539K->688857K(1022400K), 0.0162697 secs] [Times: user=0.13 sys=0.00, real=0.02 secs] 
45869.753: [GC 45869.753: [ParNew: 219099K->10116K(235968K), 0.0284517 secs] 898649K->692744K(1022400K), 0.0286335 secs] [Times: user=0.11 sys=0.00, real=0.01 secs] 
45879.101: [GC 45879.101: [ParNew: 219908K->12658K(235968K), 0.0223213 secs] 902536K->695466K(1022400K), 0.0224948 secs] [Times: user=0.13 sys=0.00, real=0.02 secs] 
45885.374: [GC 45885.374: [ParNew: 222450K->8789K(235968K), 0.0145912 secs] 905258K->691680K(1022400K), 0.0147357 secs] [Times: user=0.13 sys=0.00, real=0.01 secs] 
45889.601: [GC 45889.601: [ParNew: 218581K->8488K(235968K), 0.0225012 secs] 901472K->691437K(1022400K), 0.0226568 secs] [Times: user=0.13 sys=0.00, real=0.02 secs] 
45898.180: [GC 45898.180: [ParNew: 218280K->7862K(235968K), 0.0188122 secs] 901229K->690838K(1022400K), 0.0189767 secs] [Times: user=0.13 sys=0.00, real=0.02 secs] 
45907.872: [GC 45907.872: [ParNew: 217654K->9113K(235968K), 0.0191882 secs] 900630K->692190K(1022400K), 0.0193661 secs] [Times: user=0.13 sys=0.00, real=0.01 secs] 
45912.353: [GC 45912.353: [ParNew: 218905K->8250K(235968K), 0.0224436 secs] 901982K->691763K(1022400K), 0.0225976 secs] [Times: user=0.13 sys=0.00, real=0.02 secs] 
45917.757: [GC 45917.757: [ParNew: 218042K->11506K(235968K), 0.0230865 secs] 901555K->695082K(1022400K), 0.0232379 secs] [Times: user=0.11 sys=0.00, real=0.02 secs] 
45927.494: [GC 45927.494: [ParNew: 221299K->7801K(235968K), 0.0186996 secs] 904874K->691533K(1022400K), 0.0188574 secs] [Times: user=0.13 sys=0.00, real=0.02 secs] 
45941.978: [GC 45941.978: [ParNew: 217593K->6094K(235968K), 0.0124228 secs] 901325K->689865K(1022400K), 0.0125714 secs] [Times: user=0.13 sys=0.00, real=0.01 secs] 
45955.148: [GC 45955.149: [ParNew: 215886K->6512K(235968K), 0.0162878 secs] 899657K->690455K(1022400K), 0.0164638 secs] [Times: user=0.13 sys=0.00, real=0.02 secs] 
45959.719: [GC 45959.719: [ParNew: 216304K->9862K(235968K), 0.0213186 secs] 900247K->694099K(1022400K), 0.0214768 secs] [Times: user=0.23 sys=0.01, real=0.03 secs] 
45967.851: [GC 45967.851: [ParNew: 219654K->6834K(235968K), 0.0159777 secs] 903891K->691157K(1022400K), 0.0161216 secs] [Times: user=0.11 sys=0.02, real=0.02 secs] 
45978.802: [GC 45978.802: [ParNew: 216626K->11533K(235968K), 0.0251135 secs] 900949K->695963K(1022400K), 0.0252890 secs] [Times: user=0.11 sys=0.00, real=0.02 secs] 
45986.898: [GC 45986.898: [ParNew: 221325K->11352K(235968K), 0.0190597 secs] 905755K->695845K(1022400K), 0.0192340 secs] [Times: user=0.13 sys=0.00, real=0.01 secs] 
45995.475: [GC 45995.475: [ParNew: 221144K->9873K(235968K), 0.0205356 secs] 905637K->694398K(1022400K), 0.0207177 secs] [Times: user=0.13 sys=0.00, real=0.01 secs] 
46005.435: [GC 46005.435: [ParNew: 219662K->8268K(235968K), 0.0180646 secs] 904187K->692838K(1022400K), 0.0182356 secs] [Times: user=0.13 sys=0.00, real=0.02 secs] 
46016.297: [GC 46016.297: [ParNew: 218060K->6464K(235968K), 0.0156123 secs] 902630K->691203K(1022400K), 0.0157635 secs] [Times: user=0.11 sys=0.00, real=0.02 secs] 
46020.398: [GC 46020.398: [ParNew: 216256K->13531K(235968K), 0.0288992 secs] 900995K->698544K(1022400K), 0.0290758 secs] [Times: user=0.13 sys=0.00, real=0.03 secs] 
46025.476: [GC 46025.476: [ParNew: 223323K->9927K(235968K), 0.0177525 secs] 908336K->695217K(1022400K), 0.0178981 secs] [Times: user=0.06 sys=0.06, real=0.02 secs] 
46034.353: [GC 46034.353: [ParNew: 219719K->10123K(235968K), 0.0199925 secs] 905009K->695585K(1022400K), 0.0201732 secs] [Times: user=0.13 sys=0.00, real=0.02 secs] 
46045.587: [GC 46045.587: [ParNew: 219915K->7664K(235968K), 0.0213415 secs] 905377K->693267K(1022400K), 0.0214913 secs] [Times: user=0.13 sys=0.00, real=0.01 secs] 
46053.076: [GC 46053.076: [ParNew: 217456K->6949K(235968K), 0.0146114 secs] 903059K->692599K(1022400K), 0.0147689 secs] [Times: user=0.13 sys=0.00, real=0.01 secs] 
46060.973: [GC 46060.973: [ParNew: 216741K->8109K(235968K), 0.0173642 secs] 902391K->693874K(1022400K), 0.0175193 secs] [Times: user=0.08 sys=0.00, real=0.03 secs] 
46070.971: [GC 46070.971: [ParNew: 217901K->9706K(235968K), 0.0208194 secs] 903666K->695560K(1022400K), 0.0209971 secs] [Times: user=0.25 sys=0.00, real=0.03 secs] 
46079.448: [GC 46079.448: [ParNew: 219498K->8899K(235968K), 0.0219771 secs] 905352K->695004K(1022400K), 0.0221377 secs] [Times: user=0.13 sys=0.00, real=0.01 secs] 
46089.878: [GC 46089.878: [ParNew: 218691K->7012K(235968K), 0.0169446 secs] 904796K->693284K(1022400K), 0.0171058 secs] [Times: user=0.13 sys=0.00, real=0.02 secs] 
46108.607: [GC 46108.607: [ParNew: 216804K->7023K(235968K), 0.0175399 secs] 903076K->693529K(1022400K), 0.0176916 secs] [Times: user=0.13 sys=0.00, real=0.02 secs] 
46125.997: [GC 46125.997: [ParNew: 216815K->9419K(235968K), 0.0160551 secs] 903321K->696189K(1022400K), 0.0162230 secs] [Times: user=0.13 sys=0.00, real=0.01 secs] 
46126.014: [GC 46126.014: [ParNew: 9624K->9411K(235968K), 0.0146337 secs] 696394K->696267K(1022400K), 0.0147647 secs] [Times: user=0.13 sys=0.00, real=0.02 secs] 
46141.852: [GC 46141.852: [ParNew: 219203K->7967K(235968K), 0.0176986 secs] 906059K->695712K(1022400K), 0.0178799 secs] [Times: user=0.13 sys=0.00, real=0.02 secs] 
46153.801: [GC 46153.801: [ParNew: 217759K->6814K(235968K), 0.0179780 secs] 905504K->694861K(1022400K), 0.0181473 secs] [Times: user=0.08 sys=0.00, real=0.03 secs] 
46170.272: [GC 46170.272: [ParNew: 216606K->7216K(235968K), 0.0144451 secs] 904653K->695389K(1022400K), 0.0145912 secs] [Times: user=0.00 sys=0.00, real=0.00 secs] 
46179.627: [GC 46179.627: [ParNew: 217008K->9856K(235968K), 0.0171865 secs] 905181K->698030K(1022400K), 0.0173617 secs] [Times: user=0.13 sys=0.00, real=0.02 secs] 
46185.310: [GC 46185.310: [ParNew: 219648K->11765K(235968K), 0.0234968 secs] 907822K->700022K(1022400K), 0.0236835 secs] [Times: user=0.13 sys=0.00, real=0.01 secs] 
46190.644: [GC 46190.644: [ParNew: 221557K->15661K(235968K), 0.0268727 secs] 909814K->704293K(1022400K), 0.0270227 secs] [Times: user=0.25 sys=0.00, real=0.03 secs] 
46193.831: [GC 46193.831: [ParNew: 225453K->13304K(235968K), 0.0271574 secs] 914085K->703188K(1022400K), 0.0273303 secs] [Times: user=0.25 sys=0.00, real=0.03 secs] 
46197.153: [GC 46197.153: [ParNew: 223096K->14137K(235968K), 0.0337859 secs] 912980K->704511K(1022400K), 0.0339658 secs] [Times: user=0.25 sys=0.00, real=0.03 secs] 
46201.194: [GC 46201.194: [ParNew: 223929K->13404K(235968K), 0.0214527 secs] 914303K->704195K(1022400K), 0.0216284 secs] [Times: user=0.13 sys=0.00, real=0.02 secs] 
46205.027: [GC 46205.027: [ParNew: 223196K->14800K(235968K), 0.0292660 secs] 913987K->705662K(1022400K), 0.0294230 secs] [Times: user=0.23 sys=0.01, real=0.03 secs] 
46207.791: [GC 46207.791: [ParNew: 224592K->26176K(235968K), 0.0521438 secs] 915454K->718546K(1022400K), 0.0523340 secs] [Times: user=0.36 sys=0.02, real=0.05 secs] 
46209.766: [GC 46209.766: [ParNew: 235968K->26176K(235968K), 0.2469540 secs] 928338K->766539K(1022400K), 0.2471395 secs] [Times: user=1.55 sys=0.02, real=0.25 secs] 
46210.014: [GC [1 CMS-initial-mark: 740363K(786432K)] 766598K(1022400K), 0.0411312 secs] [Times: user=0.05 sys=0.00, real=0.05 secs] 
46210.055: [CMS-concurrent-mark-start]
46211.666: [CMS-concurrent-mark: 1.611/1.611 secs] [Times: user=5.34 sys=0.03, real=1.61 secs] 
46211.667: [CMS-concurrent-preclean-start]
46211.749: [CMS-concurrent-preclean: 0.056/0.082 secs] [Times: user=0.13 sys=0.00, real=0.08 secs] 
46211.749: [CMS-concurrent-abortable-preclean-start]
46213.756: [GC 46213.756: [ParNew: 235968K->26176K(235968K), 0.1077411 secs] 976331K->792441K(1022400K), 0.1078995 secs] [Times: user=0.72 sys=0.00, real=0.11 secs] 
46214.184: [CMS-concurrent-abortable-preclean: 2.168/2.435 secs] [Times: user=3.70 sys=0.31, real=2.44 secs] 
46214.184: [GC[YG occupancy: 52835 K (235968 K)]46214.184: [Rescan (parallel) , 0.0139968 secs]46214.198: [weak refs processing, 0.0003431 secs] [1 CMS-remark: 766265K(786432K)] 819100K(1022400K), 0.0144474 secs] [Times: user=0.13 sys=0.00, real=0.02 secs] 
46214.199: [CMS-concurrent-sweep-start]
46215.221: [CMS-concurrent-sweep: 1.022/1.022 secs] [Times: user=1.56 sys=0.02, real=1.02 secs] 
46215.221: [CMS-concurrent-reset-start]
46215.240: [CMS-concurrent-reset: 0.019/0.019 secs] [Times: user=0.02 sys=0.00, real=0.02 secs] 
46217.838: [GC 46217.838: [ParNew: 235968K->21945K(235968K), 0.0447090 secs] 706683K->505423K(1022400K), 0.0448934 secs] [Times: user=0.26 sys=0.00, real=0.05 secs] 
46224.228: [GC 46224.228: [ParNew: 231737K->19310K(235968K), 0.0308534 secs] 715215K->502788K(1022400K), 0.0310243 secs] [Times: user=0.23 sys=0.02, real=0.03 secs] 
46231.434: [GC 46231.435: [ParNew: 229102K->13077K(235968K), 0.0276007 secs] 712580K->500581K(1022400K), 0.0277778 secs] [Times: user=0.14 sys=0.00, real=0.03 secs] 
46239.682: [GC 46239.682: [ParNew: 222869K->11273K(235968K), 0.0210482 secs] 710373K->498777K(1022400K), 0.0211935 secs] [Times: user=0.13 sys=0.00, real=0.02 secs] 
46245.582: [GC 46245.582: [ParNew: 221065K->13289K(235968K), 0.0281586 secs] 708569K->500793K(1022400K), 0.0282994 secs] [Times: user=0.19 sys=0.06, real=0.03 secs] 
46253.784: [GC 46253.784: [ParNew: 223081K->13444K(235968K), 0.0233510 secs] 710585K->501169K(1022400K), 0.0235214 secs] [Times: user=0.25 sys=0.00, real=0.03 secs] 
46257.955: [GC 46257.955: [ParNew: 223236K->26176K(235968K), 0.1754698 secs] 710961K->541733K(1022400K), 0.1756223 secs] [Times: user=1.16 sys=0.00, real=0.17 secs] 
46260.429: [GC 46260.429: [ParNew: 235968K->26176K(235968K), 0.1856831 secs] 751525K->579888K(1022400K), 0.1858658 secs] [Times: user=1.00 sys=0.00, real=0.17 secs] 
46262.648: [GC 46262.649: [ParNew: 235968K->26176K(235968K), 0.0735644 secs] 789680K->600818K(1022400K), 0.0737186 secs] [Times: user=0.39 sys=0.00, real=0.06 secs] 
46266.125: [GC 46266.125: [ParNew: 235968K->21584K(235968K), 0.0452518 secs] 810610K->605273K(1022400K), 0.0454010 secs] [Times: user=0.36 sys=0.00, real=0.05 secs] 
46268.903: [GC 46268.903: [ParNew: 231376K->26176K(235968K), 0.0419391 secs] 815065K->616692K(1022400K), 0.0420925 secs] [Times: user=0.27 sys=0.00, real=0.05 secs] 
46271.346: [GC 46271.346: [ParNew: 235968K->26176K(235968K), 0.0714460 secs] 826484K->630222K(1022400K), 0.0716292 secs] [Times: user=0.50 sys=0.00, real=0.08 secs] 
46273.867: [GC 46273.867: [ParNew: 235968K->26176K(235968K), 0.2107458 secs] 840014K->679464K(1022400K), 0.2109078 secs] [Times: user=1.14 sys=0.02, real=0.20 secs] 
46278.412: [GC 46278.413: [ParNew: 235968K->26176K(235968K), 0.1318517 secs] 889256K->711085K(1022400K), 0.1320302 secs] [Times: user=0.86 sys=0.00, real=0.14 secs] 
46281.902: [GC 46281.903: [ParNew: 235968K->26176K(235968K), 0.0790941 secs] 920877K->730344K(1022400K), 0.0792774 secs] [Times: user=0.50 sys=0.00, real=0.08 secs] 
46281.982: [GC [1 CMS-initial-mark: 704168K(786432K)] 732342K(1022400K), 0.0284296 secs] [Times: user=0.03 sys=0.00, real=0.03 secs] 
46282.011: [CMS-concurrent-mark-start]
46283.508: [CMS-concurrent-mark: 1.497/1.497 secs] [Times: user=4.84 sys=0.02, real=1.50 secs] 
46283.508: [CMS-concurrent-preclean-start]
46283.578: [CMS-concurrent-preclean: 0.048/0.070 secs] [Times: user=0.09 sys=0.02, real=0.06 secs] 
46283.578: [CMS-concurrent-abortable-preclean-start]
46284.957: [GC 46284.957: [ParNew: 235968K->21440K(235968K), 0.0531121 secs] 940136K->735203K(1022400K), 0.0532685 secs] [Times: user=0.36 sys=0.00, real=0.06 secs] 
46287.725: [CMS-concurrent-abortable-preclean: 3.741/4.146 secs] [Times: user=6.88 sys=0.59, real=4.14 secs] 
46287.725: [GC[YG occupancy: 126719 K (235968 K)]46287.725: [Rescan (parallel) , 0.0284195 secs]46287.754: [weak refs processing, 0.0001394 secs] [1 CMS-remark: 713763K(786432K)] 840483K(1022400K), 0.0286824 secs] [Times: user=0.20 sys=0.00, real=0.03 secs] 
46287.754: [CMS-concurrent-sweep-start]
46288.850: [CMS-concurrent-sweep: 1.096/1.096 secs] [Times: user=1.80 sys=0.02, real=1.09 secs] 
46288.850: [CMS-concurrent-reset-start]
46288.866: [CMS-concurrent-reset: 0.016/0.016 secs] [Times: user=0.06 sys=0.00, real=0.03 secs] 
46290.255: [GC 46290.255: [ParNew: 231232K->15865K(235968K), 0.0218193 secs] 673531K->463129K(1022400K), 0.0219771 secs] [Times: user=0.14 sys=0.00, real=0.03 secs] 
46295.790: [GC 46295.790: [ParNew: 225657K->10541K(235968K), 0.0230730 secs] 672921K->457804K(1022400K), 0.0232245 secs] [Times: user=0.13 sys=0.00, real=0.02 secs] 
46302.925: [GC 46302.925: [ParNew: 220333K->8563K(235968K), 0.0151206 secs] 667596K->455827K(1022400K), 0.0152986 secs] [Times: user=0.13 sys=0.00, real=0.02 secs] 
46311.054: [GC 46311.054: [ParNew: 218355K->8331K(235968K), 0.0207459 secs] 665619K->455594K(1022400K), 0.0209169 secs] [Times: user=0.14 sys=0.00, real=0.03 secs] 
46315.166: [GC 46315.166: [ParNew: 218123K->10131K(235968K), 0.0254678 secs] 665386K->457993K(1022400K), 0.0256144 secs] [Times: user=0.13 sys=0.00, real=0.02 secs] 
46322.204: [GC 46322.204: [ParNew: 219923K->12245K(235968K), 0.0206046 secs] 667785K->460208K(1022400K), 0.0207825 secs] [Times: user=0.13 sys=0.00, real=0.02 secs] 
46327.642: [GC 46327.643: [ParNew: 222037K->9356K(235968K), 0.0233370 secs] 670000K->457509K(1022400K), 0.0234918 secs] [Times: user=0.25 sys=0.00, real=0.03 secs] 
46331.089: [GC 46331.089: [ParNew: 219148K->12259K(235968K), 0.0280728 secs] 667301K->460894K(1022400K), 0.0282494 secs] [Times: user=0.13 sys=0.00, real=0.03 secs] 
46337.286: [GC 46337.286: [ParNew: 222051K->10806K(235968K), 0.0269931 secs] 670686K->459480K(1022400K), 0.0271691 secs] [Times: user=0.25 sys=0.00, real=0.03 secs] 
46342.097: [GC 46342.097: [ParNew: 220598K->10475K(235968K), 0.0213731 secs] 669272K->459382K(1022400K), 0.0215516 secs] [Times: user=0.13 sys=0.00, real=0.03 secs] 
46346.054: [GC 46346.054: [ParNew: 220267K->14040K(235968K), 0.0313414 secs] 669174K->463366K(1022400K), 0.0315124 secs] [Times: user=0.25 sys=0.00, real=0.03 secs] 
46349.870: [GC 46349.870: [ParNew: 223832K->15654K(235968K), 0.0240765 secs] 673158K->465054K(1022400K), 0.0242316 secs] [Times: user=0.13 sys=0.00, real=0.02 secs] 
46352.979: [GC 46352.979: [ParNew: 225446K->16361K(235968K), 0.0305813 secs] 674846K->466307K(1022400K), 0.0307578 secs] [Times: user=0.13 sys=0.00, real=0.03 secs] 
46355.547: [GC 46355.547: [ParNew: 226153K->20092K(235968K), 0.0357783 secs] 676099K->470103K(1022400K), 0.0359571 secs] [Times: user=0.25 sys=0.00, real=0.03 secs] 
46358.326: [GC 46358.327: [ParNew: 229884K->15918K(235968K), 0.0215203 secs] 679895K->466439K(1022400K), 0.0216698 secs] [Times: user=0.13 sys=0.00, real=0.02 secs] 
46361.740: [GC 46361.740: [ParNew: 225710K->19068K(235968K), 0.0298781 secs] 676231K->469588K(1022400K), 0.0300555 secs] [Times: user=0.25 sys=0.00, real=0.03 secs] 
46364.447: [GC 46364.447: [ParNew: 228860K->19305K(235968K), 0.0357747 secs] 679380K->470786K(1022400K), 0.0359532 secs] [Times: user=0.25 sys=0.00, real=0.03 secs] 
46371.598: [GC 46371.598: [ParNew: 229097K->13202K(235968K), 0.0155179 secs] 680578K->464946K(1022400K), 0.0156908 secs] [Times: user=0.13 sys=0.00, real=0.02 secs] 
46377.730: [GC 46377.730: [ParNew: 222994K->5679K(235968K), 0.0131371 secs] 674738K->457424K(1022400K), 0.0132995 secs] [Times: user=0.00 sys=0.00, real=0.02 secs] 
46383.898: [GC 46383.898: [ParNew: 215471K->8357K(235968K), 0.0197908 secs] 667216K->460101K(1022400K), 0.0199824 secs] [Times: user=0.06 sys=0.08, real=0.03 secs] 
46388.190: [GC 46388.191: [ParNew: 218149K->15332K(235968K), 0.0240536 secs] 669893K->467441K(1022400K), 0.0242346 secs] [Times: user=0.25 sys=0.00, real=0.03 secs] 
46392.174: [GC 46392.174: [ParNew: 225124K->13928K(235968K), 0.0236111 secs] 677233K->466146K(1022400K), 0.0237645 secs] [Times: user=0.23 sys=0.02, real=0.03 secs] 
46396.567: [GC 46396.567: [ParNew: 223720K->11253K(235968K), 0.0272571 secs] 675938K->463728K(1022400K), 0.0274121 secs] [Times: user=0.25 sys=0.00, real=0.03 secs] 
46402.680: [GC 46402.680: [ParNew: 221045K->12247K(235968K), 0.0214907 secs] 673520K->465026K(1022400K), 0.0216410 secs] [Times: user=0.13 sys=0.00, real=0.01 secs] 
46411.213: [GC 46411.213: [ParNew: 222039K->8961K(235968K), 0.0171835 secs] 674818K->462117K(1022400K), 0.0173382 secs] [Times: user=0.11 sys=0.01, real=0.02 secs] 
46415.501: [GC 46415.501: [ParNew: 218753K->12110K(235968K), 0.0230596 secs] 671909K->465367K(1022400K), 0.0232119 secs] [Times: user=0.13 sys=0.00, real=0.03 secs] 
46422.198: [GC 46422.198: [ParNew: 221902K->7648K(235968K), 0.0188354 secs] 675159K->461467K(1022400K), 0.0190128 secs] [Times: user=0.13 sys=0.00, real=0.02 secs] 
46429.491: [GC 46429.491: [ParNew: 217440K->9668K(235968K), 0.0195522 secs] 671259K->463590K(1022400K), 0.0197033 secs] [Times: user=0.25 sys=0.00, real=0.03 secs] 
46436.693: [GC 46436.693: [ParNew: 219458K->7847K(235968K), 0.0233155 secs] 673380K->461904K(1022400K), 0.0234851 secs] [Times: user=0.22 sys=0.03, real=0.03 secs] 
46444.900: [GC 46444.900: [ParNew: 217639K->5672K(235968K), 0.0172648 secs] 671696K->459818K(1022400K), 0.0174260 secs] [Times: user=0.11 sys=0.01, real=0.02 secs] 
46452.719: [GC 46452.719: [ParNew: 215464K->8259K(235968K), 0.0171466 secs] 669610K->462482K(1022400K), 0.0173220 secs] [Times: user=0.13 sys=0.00, real=0.02 secs] 
46459.447: [GC 46459.447: [ParNew: 218051K->6700K(235968K), 0.0210706 secs] 672274K->461064K(1022400K), 0.0212223 secs] [Times: user=0.13 sys=0.00, real=0.02 secs] 
46464.841: [GC 46464.841: [ParNew: 216492K->6274K(235968K), 0.0200643 secs] 670856K->460762K(1022400K), 0.0202294 secs] [Times: user=0.13 sys=0.00, real=0.02 secs] 
46468.329: [GC 46468.329: [ParNew: 216066K->11341K(235968K), 0.0193994 secs] 670554K->465906K(1022400K), 0.0195634 secs] [Times: user=0.13 sys=0.00, real=0.02 secs] 
46474.426: [GC 46474.426: [ParNew: 221133K->10708K(235968K), 0.0223313 secs] 675698K->465711K(1022400K), 0.0225068 secs] [Times: user=0.20 sys=0.05, real=0.03 secs] 
46478.644: [GC 46478.644: [ParNew: 220500K->10435K(235968K), 0.0215474 secs] 675503K->465864K(1022400K), 0.0216941 secs] [Times: user=0.11 sys=0.00, real=0.03 secs] 
46483.872: [GC 46483.872: [ParNew: 220227K->14585K(235968K), 0.0305483 secs] 675656K->470088K(1022400K), 0.0307279 secs] [Times: user=0.25 sys=0.00, real=0.03 secs] 
46488.010: [GC 46488.010: [ParNew: 224377K->10338K(235968K), 0.0217564 secs] 679880K->466040K(1022400K), 0.0219316 secs] [Times: user=0.13 sys=0.00, real=0.02 secs] 
46493.579: [GC 46493.580: [ParNew: 220130K->16181K(235968K), 0.0274367 secs] 675832K->472020K(1022400K), 0.0275873 secs] [Times: user=0.24 sys=0.01, real=0.03 secs] 
46496.345: [GC 46496.345: [ParNew: 225973K->14594K(235968K), 0.0251842 secs] 681812K->470864K(1022400K), 0.0253596 secs] [Times: user=0.13 sys=0.00, real=0.03 secs] 
46500.493: [GC 46500.494: [ParNew: 224386K->16877K(235968K), 0.0264405 secs] 680656K->473192K(1022400K), 0.0265875 secs] [Times: user=0.13 sys=0.00, real=0.02 secs] 
46505.328: [GC 46505.328: [ParNew: 226669K->11655K(235968K), 0.0260782 secs] 682984K->468473K(1022400K), 0.0262246 secs] [Times: user=0.13 sys=0.00, real=0.03 secs] 
46513.153: [GC 46513.153: [ParNew: 221447K->8487K(235968K), 0.0179730 secs] 678265K->465439K(1022400K), 0.0181333 secs] [Times: user=0.13 sys=0.00, real=0.02 secs] 
46527.754: [GC 46527.754: [ParNew: 218279K->9177K(235968K), 0.0184984 secs] 675231K->466298K(1022400K), 0.0186493 secs] [Times: user=0.13 sys=0.00, real=0.02 secs] 
46536.675: [GC 46536.675: [ParNew: 218969K->7086K(235968K), 0.0161132 secs] 676090K->464315K(1022400K), 0.0162557 secs] [Times: user=0.13 sys=0.00, real=0.02 secs] 
46547.079: [GC 46547.079: [ParNew: 216878K->10777K(235968K), 0.0202154 secs] 674107K->468201K(1022400K), 0.0203872 secs] [Times: user=0.13 sys=0.00, real=0.02 secs] 
46550.879: [GC 46550.879: [ParNew: 220569K->11920K(235968K), 0.0212041 secs] 677993K->469402K(1022400K), 0.0213706 secs] [Times: user=0.13 sys=0.00, real=0.03 secs] 
46557.024: [GC 46557.024: [ParNew: 221712K->15316K(235968K), 0.0231015 secs] 679194K->473014K(1022400K), 0.0232504 secs] [Times: user=0.25 sys=0.00, real=0.03 secs] 
46563.831: [GC 46563.831: [ParNew: 225108K->10847K(235968K), 0.0208060 secs] 682806K->468679K(1022400K), 0.0209636 secs] [Times: user=0.13 sys=0.00, real=0.02 secs] 
46571.610: [GC 46571.610: [ParNew: 220639K->8153K(235968K), 0.0194385 secs] 678471K->466421K(1022400K), 0.0195891 secs] [Times: user=0.13 sys=0.00, real=0.02 secs] 
46578.149: [GC 46578.149: [ParNew: 217945K->8543K(235968K), 0.0201190 secs] 676213K->466878K(1022400K), 0.0202811 secs] [Times: user=0.24 sys=0.01, real=0.03 secs] 
46585.494: [GC 46585.494: [ParNew: 218335K->6945K(235968K), 0.0195944 secs] 676670K->465356K(1022400K), 0.0197422 secs] [Times: user=0.25 sys=0.00, real=0.03 secs] 
46595.622: [GC 46595.622: [ParNew: 216737K->10557K(235968K), 0.0325790 secs] 675148K->469032K(1022400K), 0.0327503 secs] [Times: user=0.23 sys=0.01, real=0.03 secs] 
46606.699: [GC 46606.699: [ParNew: 220349K->12049K(235968K), 0.0210287 secs] 678824K->470592K(1022400K), 0.0212047 secs] [Times: user=0.13 sys=0.00, real=0.01 secs] 
46611.199: [GC 46611.199: [ParNew: 221841K->13073K(235968K), 0.0277197 secs] 680384K->471686K(1022400K), 0.0278985 secs] [Times: user=0.13 sys=0.00, real=0.01 secs] 
46616.983: [GC 46616.984: [ParNew: 222865K->16732K(235968K), 0.0240762 secs] 681478K->475395K(1022400K), 0.0242539 secs] [Times: user=0.13 sys=0.00, real=0.02 secs] 
46622.245: [GC 46622.245: [ParNew: 226524K->17055K(235968K), 0.0356872 secs] 685187K->477893K(1022400K), 0.0358680 secs] [Times: user=0.22 sys=0.03, real=0.03 secs] 
46626.063: [GC 46626.063: [ParNew: 226847K->12770K(235968K), 0.0216027 secs] 687685K->474553K(1022400K), 0.0217578 secs] [Times: user=0.13 sys=0.00, real=0.02 secs] 
46630.386: [GC 46630.386: [ParNew: 222562K->7727K(235968K), 0.0184113 secs] 684345K->469650K(1022400K), 0.0185649 secs] [Times: user=0.13 sys=0.00, real=0.02 secs] 
46635.756: [GC 46635.756: [ParNew: 217519K->12101K(235968K), 0.0332190 secs] 679442K->475002K(1022400K), 0.0333727 secs] [Times: user=0.24 sys=0.02, real=0.03 secs] 
46640.368: [GC 46640.368: [ParNew: 221893K->14017K(235968K), 0.0220824 secs] 684794K->477014K(1022400K), 0.0222391 secs] [Times: user=0.16 sys=0.00, real=0.03 secs] 
46644.051: [GC 46644.051: [ParNew: 223809K->11189K(235968K), 0.0260678 secs] 686806K->474269K(1022400K), 0.0262500 secs] [Times: user=0.25 sys=0.00, real=0.03 secs] 
46650.857: [GC 46650.857: [ParNew: 220981K->6956K(235968K), 0.0178176 secs] 684061K->470438K(1022400K), 0.0179922 secs] [Times: user=0.11 sys=0.01, real=0.02 secs] 
46660.417: [GC 46660.417: [ParNew: 216748K->7773K(235968K), 0.0189664 secs] 680230K->471656K(1022400K), 0.0191441 secs] [Times: user=0.13 sys=0.00, real=0.02 secs] 
46666.768: [GC 46666.768: [ParNew: 217565K->9067K(235968K), 0.0210633 secs] 681448K->473014K(1022400K), 0.0212373 secs] [Times: user=0.13 sys=0.00, real=0.02 secs] 
46673.533: [GC 46673.533: [ParNew: 218859K->6476K(235968K), 0.0168102 secs] 682806K->470504K(1022400K), 0.0169840 secs] [Times: user=0.13 sys=0.00, real=0.02 secs] 
46679.480: [GC 46679.481: [ParNew: 216268K->7763K(235968K), 0.0193410 secs] 680296K->472196K(1022400K), 0.0195209 secs] [Times: user=0.13 sys=0.00, real=0.02 secs] 
46684.341: [GC 46684.341: [ParNew: 217555K->18292K(235968K), 0.0322424 secs] 681988K->483179K(1022400K), 0.0324203 secs] [Times: user=0.20 sys=0.05, real=0.03 secs] 
46689.015: [GC 46689.015: [ParNew: 228084K->12738K(235968K), 0.0313168 secs] 692971K->480518K(1022400K), 0.0314730 secs] [Times: user=0.14 sys=0.00, real=0.03 secs] 
46691.615: [GC 46691.616: [ParNew: 222530K->14372K(235968K), 0.0255731 secs] 690310K->482151K(1022400K), 0.0257502 secs] [Times: user=0.23 sys=0.02, real=0.03 secs] 
46696.417: [GC 46696.417: [ParNew: 224164K->16153K(235968K), 0.0202238 secs] 691943K->483932K(1022400K), 0.0203671 secs] [Times: user=0.25 sys=0.00, real=0.03 secs] 
46700.098: [GC 46700.098: [ParNew: 225945K->10565K(235968K), 0.0229943 secs] 693724K->478344K(1022400K), 0.0231736 secs] [Times: user=0.13 sys=0.00, real=0.03 secs] 
46704.003: [GC 46704.003: [ParNew: 220357K->13418K(235968K), 0.0295518 secs] 688136K->481595K(1022400K), 0.0297029 secs] [Times: user=0.22 sys=0.03, real=0.03 secs] 
46708.776: [GC 46708.776: [ParNew: 223210K->14560K(235968K), 0.0233516 secs] 691387K->483004K(1022400K), 0.0235265 secs] [Times: user=0.23 sys=0.00, real=0.03 secs] 
46712.761: [GC 46712.761: [ParNew: 224352K->16484K(235968K), 0.0315347 secs] 692796K->485338K(1022400K), 0.0317146 secs] [Times: user=0.25 sys=0.00, real=0.03 secs] 
46716.998: [GC 46716.998: [ParNew: 226276K->10087K(235968K), 0.0206638 secs] 695130K->479155K(1022400K), 0.0208105 secs] [Times: user=0.13 sys=0.00, real=0.02 secs] 
46720.485: [GC 46720.485: [ParNew: 219873K->17762K(235968K), 0.0318655 secs] 688941K->487036K(1022400K), 0.0320468 secs] [Times: user=0.17 sys=0.06, real=0.03 secs] 
46724.844: [GC 46724.844: [ParNew: 227554K->12679K(235968K), 0.0315607 secs] 696828K->483942K(1022400K), 0.0317239 secs] [Times: user=0.13 sys=0.00, real=0.03 secs] 
46728.636: [GC 46728.636: [ParNew: 222471K->12804K(235968K), 0.0228716 secs] 693734K->484068K(1022400K), 0.0230479 secs] [Times: user=0.22 sys=0.02, real=0.03 secs] 
46735.993: [GC 46735.993: [ParNew: 222596K->8955K(235968K), 0.0155514 secs] 693860K->480219K(1022400K), 0.0157210 secs] [Times: user=0.13 sys=0.00, real=0.02 secs] 
46748.236: [GC 46748.236: [ParNew: 218747K->5741K(235968K), 0.0219550 secs] 690011K->477005K(1022400K), 0.0221224 secs] [Times: user=0.13 sys=0.00, real=0.02 secs] 
46753.329: [GC 46753.329: [ParNew: 215533K->13475K(235968K), 0.0252454 secs] 686797K->484882K(1022400K), 0.0253929 secs] [Times: user=0.13 sys=0.00, real=0.02 secs] 
46759.048: [GC 46759.048: [ParNew: 223267K->16296K(235968K), 0.0237234 secs] 694674K->487868K(1022400K), 0.0238927 secs] [Times: user=0.13 sys=0.00, real=0.01 secs] 
46763.401: [GC 46763.401: [ParNew: 226088K->12214K(235968K), 0.0252222 secs] 697660K->483913K(1022400K), 0.0254010 secs] [Times: user=0.25 sys=0.00, real=0.03 secs] 
46769.782: [GC 46769.782: [ParNew: 222006K->9110K(235968K), 0.0193189 secs] 693705K->481443K(1022400K), 0.0194815 secs] [Times: user=0.13 sys=0.00, real=0.01 secs] 
46778.925: [GC 46778.925: [ParNew: 218902K->7028K(235968K), 0.0192094 secs] 691235K->479531K(1022400K), 0.0193631 secs] [Times: user=0.13 sys=0.00, real=0.02 secs] 
46785.159: [GC 46785.159: [ParNew: 216820K->6106K(235968K), 0.0230792 secs] 689323K->479311K(1022400K), 0.0232613 secs] [Times: user=0.13 sys=0.00, real=0.01 secs] 
46791.780: [GC 46791.780: [ParNew: 215898K->7257K(235968K), 0.0213239 secs] 689103K->480587K(1022400K), 0.0215052 secs] [Times: user=0.08 sys=0.05, real=0.01 secs] 
46799.207: [GC 46799.207: [ParNew: 217049K->14151K(235968K), 0.0238544 secs] 690379K->487552K(1022400K), 0.0240318 secs] [Times: user=0.13 sys=0.00, real=0.03 secs] 
46805.280: [GC 46805.280: [ParNew: 223943K->11552K(235968K), 0.0215228 secs] 697344K->485386K(1022400K), 0.0216717 secs] [Times: user=0.13 sys=0.00, real=0.02 secs] 
46809.129: [GC 46809.129: [ParNew: 221344K->16471K(235968K), 0.0369011 secs] 695178K->490368K(1022400K), 0.0370455 secs] [Times: user=0.25 sys=0.00, real=0.03 secs] 
46813.011: [GC 46813.011: [ParNew: 226263K->15138K(235968K), 0.0412374 secs] 700160K->489599K(1022400K), 0.0414014 secs] [Times: user=0.38 sys=0.00, real=0.05 secs] 
46816.324: [GC 46816.324: [ParNew: 224930K->14591K(235968K), 0.0317831 secs] 699391K->489373K(1022400K), 0.0319437 secs] [Times: user=0.25 sys=0.00, real=0.03 secs] 
46825.338: [GC 46825.338: [ParNew: 224383K->10299K(235968K), 0.0187761 secs] 699165K->485523K(1022400K), 0.0189331 secs] [Times: user=0.13 sys=0.00, real=0.03 secs] 
46831.049: [GC 46831.049: [ParNew: 220091K->13119K(235968K), 0.0365119 secs] 695315K->488757K(1022400K), 0.0366890 secs] [Times: user=0.25 sys=0.00, real=0.03 secs] 
46833.522: [GC 46833.522: [ParNew: 222911K->21733K(235968K), 0.0312584 secs] 698549K->497420K(1022400K), 0.0314043 secs] [Times: user=0.25 sys=0.00, real=0.03 secs] 
46839.249: [GC 46839.249: [ParNew: 231525K->14928K(235968K), 0.0357263 secs] 707212K->494191K(1022400K), 0.0359090 secs] [Times: user=0.13 sys=0.00, real=0.03 secs] 
46846.285: [GC 46846.285: [ParNew: 224720K->6649K(235968K), 0.0142152 secs] 703983K->485912K(1022400K), 0.0143912 secs] [Times: user=0.13 sys=0.00, real=0.01 secs] 
46851.358: [GC 46851.358: [ParNew: 216441K->9583K(235968K), 0.0231605 secs] 695704K->488847K(1022400K), 0.0233390 secs] [Times: user=0.11 sys=0.02, real=0.02 secs] 
46858.037: [GC 46858.037: [ParNew: 219375K->8986K(235968K), 0.0188247 secs] 698639K->488249K(1022400K), 0.0190080 secs] [Times: user=0.13 sys=0.00, real=0.01 secs] 
46866.976: [GC 46866.977: [ParNew: 218778K->8024K(235968K), 0.0189351 secs] 698041K->487825K(1022400K), 0.0191142 secs] [Times: user=0.13 sys=0.00, real=0.02 secs] 
46872.471: [GC 46872.471: [ParNew: 217816K->10154K(235968K), 0.0241425 secs] 697617K->490547K(1022400K), 0.0243249 secs] [Times: user=0.13 sys=0.00, real=0.02 secs] 
46878.000: [GC 46878.000: [ParNew: 219947K->7534K(235968K), 0.0189683 secs] 700339K->488024K(1022400K), 0.0191348 secs] [Times: user=0.11 sys=0.01, real=0.02 secs] 
46884.003: [GC 46884.003: [ParNew: 217326K->8120K(235968K), 0.0165194 secs] 697816K->488679K(1022400K), 0.0166977 secs] [Times: user=0.13 sys=0.00, real=0.02 secs] 
46890.550: [GC 46890.550: [ParNew: 217912K->7471K(235968K), 0.0173452 secs] 698471K->488089K(1022400K), 0.0174855 secs] [Times: user=0.13 sys=0.00, real=0.02 secs] 
46898.109: [GC 46898.109: [ParNew: 217263K->8512K(235968K), 0.0211326 secs] 697881K->489229K(1022400K), 0.0212778 secs] [Times: user=0.13 sys=0.00, real=0.02 secs] 
46905.446: [GC 46905.446: [ParNew: 218304K->9073K(235968K), 0.0244006 secs] 699021K->490546K(1022400K), 0.0246232 secs] [Times: user=0.22 sys=0.03, real=0.03 secs] 
46910.331: [GC 46910.331: [ParNew: 218865K->6923K(235968K), 0.0217466 secs] 700338K->488474K(1022400K), 0.0219081 secs] [Times: user=0.13 sys=0.00, real=0.02 secs] 
46914.415: [GC 46914.416: [ParNew: 216715K->16900K(235968K), 0.0279784 secs] 698266K->498497K(1022400K), 0.0281522 secs] [Times: user=0.25 sys=0.00, real=0.03 secs] 
46916.782: [GC 46916.782: [ParNew: 226692K->16791K(235968K), 0.0261164 secs] 708289K->499646K(1022400K), 0.0262924 secs] [Times: user=0.13 sys=0.00, real=0.02 secs] 
46925.074: [GC 46925.074: [ParNew: 226583K->11560K(235968K), 0.0153344 secs] 709438K->494415K(1022400K), 0.0155104 secs] [Times: user=0.13 sys=0.00, real=0.02 secs] 
46927.433: [GC 46927.433: [ParNew: 221352K->24146K(235968K), 0.0487746 secs] 704207K->507001K(1022400K), 0.0489188 secs] [Times: user=0.38 sys=0.00, real=0.05 secs] 
46929.756: [GC 46929.756: [ParNew: 233938K->25030K(235968K), 0.0601367 secs] 716793K->513878K(1022400K), 0.0603093 secs] [Times: user=0.38 sys=0.02, real=0.06 secs] 
46933.359: [GC 46933.359: [ParNew: 234822K->16104K(235968K), 0.0233273 secs] 723670K->506553K(1022400K), 0.0234862 secs] [Times: user=0.13 sys=0.00, real=0.01 secs] 
46936.195: [GC 46936.195: [ParNew: 225896K->14386K(235968K), 0.0260145 secs] 716345K->504835K(1022400K), 0.0261902 secs] [Times: user=0.25 sys=0.00, real=0.03 secs] 
46940.107: [GC 46940.107: [ParNew: 224178K->14860K(235968K), 0.0292761 secs] 714627K->505310K(1022400K), 0.0294496 secs] [Times: user=0.25 sys=0.00, real=0.03 secs] 
46945.607: [GC 46945.607: [ParNew: 224652K->12608K(235968K), 0.0209027 secs] 715102K->503058K(1022400K), 0.0210742 secs] [Times: user=0.19 sys=0.00, real=0.03 secs] 
46949.876: [GC 46949.876: [ParNew: 222400K->12938K(235968K), 0.0307371 secs] 712850K->505151K(1022400K), 0.0309076 secs] [Times: user=0.13 sys=0.00, real=0.03 secs] 
46955.169: [GC 46955.169: [ParNew: 222730K->6580K(235968K), 0.0206322 secs] 714943K->499293K(1022400K), 0.0207850 secs] [Times: user=0.24 sys=0.01, real=0.03 secs] 
46962.682: [GC 46962.682: [ParNew: 216372K->10023K(235968K), 0.0186012 secs] 709085K->503048K(1022400K), 0.0187521 secs] [Times: user=0.13 sys=0.00, real=0.02 secs] 
46971.389: [GC 46971.390: [ParNew: 219815K->16049K(235968K), 0.0369391 secs] 712840K->509147K(1022400K), 0.0371086 secs] [Times: user=0.25 sys=0.00, real=0.03 secs] 
46980.330: [GC 46980.330: [ParNew: 225839K->10915K(235968K), 0.0204358 secs] 718938K->504065K(1022400K), 0.0205909 secs] [Times: user=0.13 sys=0.00, real=0.02 secs] 
46992.098: [GC 46992.098: [ParNew: 220707K->9994K(235968K), 0.0217966 secs] 713857K->503251K(1022400K), 0.0219506 secs] [Times: user=0.13 sys=0.00, real=0.02 secs] 
46999.936: [GC 46999.936: [ParNew: 219786K->14691K(235968K), 0.0259687 secs] 713043K->508033K(1022400K), 0.0261360 secs] [Times: user=0.24 sys=0.02, real=0.03 secs] 
47003.517: [GC 47003.517: [ParNew: 224483K->12586K(235968K), 0.0315250 secs] 717825K->508160K(1022400K), 0.0317043 secs] [Times: user=0.11 sys=0.00, real=0.03 secs] 
47010.339: [GC 47010.339: [ParNew: 222378K->9548K(235968K), 0.0253619 secs] 717952K->505215K(1022400K), 0.0255099 secs] [Times: user=0.22 sys=0.03, real=0.03 secs] 
47018.685: [GC 47018.685: [ParNew: 219340K->7442K(235968K), 0.0223132 secs] 715007K->503189K(1022400K), 0.0224827 secs] [Times: user=0.25 sys=0.00, real=0.03 secs] 
47026.756: [GC 47026.756: [ParNew: 217234K->7022K(235968K), 0.0201618 secs] 712981K->502939K(1022400K), 0.0203098 secs] [Times: user=0.13 sys=0.00, real=0.02 secs] 
47035.824: [GC 47035.824: [ParNew: 216814K->10137K(235968K), 0.0187912 secs] 712731K->506083K(1022400K), 0.0189720 secs] [Times: user=0.13 sys=0.00, real=0.03 secs] 
47040.859: [GC 47040.859: [ParNew: 219929K->14797K(235968K), 0.0244266 secs] 715875K->510796K(1022400K), 0.0245780 secs] [Times: user=0.13 sys=0.00, real=0.02 secs] 
47045.357: [GC 47045.358: [ParNew: 224589K->19250K(235968K), 0.0359819 secs] 720588K->515689K(1022400K), 0.0361588 secs] [Times: user=0.33 sys=0.05, real=0.05 secs] 
47055.112: [GC 47055.112: [ParNew: 229042K->12896K(235968K), 0.0279767 secs] 725481K->510897K(1022400K), 0.0281282 secs] [Times: user=0.14 sys=0.00, real=0.03 secs] 
47056.494: [GC 47056.494: [ParNew: 222688K->26176K(235968K), 0.0490800 secs] 720689K->541808K(1022400K), 0.0492672 secs] [Times: user=0.31 sys=0.00, real=0.05 secs] 
47058.014: [GC 47058.014: [ParNew: 235968K->21986K(235968K), 0.0498122 secs] 751600K->557406K(1022400K), 0.0499935 secs] [Times: user=0.39 sys=0.00, real=0.06 secs] 
47059.768: [GC 47059.768: [ParNew: 231778K->14750K(235968K), 0.0175874 secs] 767198K->554396K(1022400K), 0.0177693 secs] [Times: user=0.13 sys=0.00, real=0.02 secs] 
47062.190: [GC 47062.191: [ParNew: 224542K->21056K(235968K), 0.0141993 secs] 764188K->560702K(1022400K), 0.0143697 secs] [Times: user=0.13 sys=0.00, real=0.02 secs] 
47064.412: [GC 47064.412: [ParNew: 230848K->22580K(235968K), 0.0187141 secs] 770494K->562913K(1022400K), 0.0188901 secs] [Times: user=0.13 sys=0.00, real=0.02 secs] 
47066.330: [GC 47066.330: [ParNew: 232372K->23559K(235968K), 0.0231767 secs] 772705K->566442K(1022400K), 0.0233594 secs] [Times: user=0.13 sys=0.00, real=0.01 secs] 
47068.072: [GC 47068.073: [ParNew: 233351K->20206K(235968K), 0.0266171 secs] 776234K->565769K(1022400K), 0.0267959 secs] [Times: user=0.25 sys=0.00, real=0.03 secs] 
47069.699: [GC 47069.699: [ParNew: 229998K->26176K(235968K), 0.0192105 secs] 775561K->571739K(1022400K), 0.0193849 secs] [Times: user=0.16 sys=0.00, real=0.03 secs] 
47071.362: [GC 47071.362: [ParNew: 235968K->22949K(235968K), 0.0273102 secs] 781531K->570779K(1022400K), 0.0274937 secs] [Times: user=0.13 sys=0.00, real=0.02 secs] 
47073.205: [GC 47073.206: [ParNew: 232741K->15631K(235968K), 0.0284595 secs] 780571K->565768K(1022400K), 0.0286386 secs] [Times: user=0.14 sys=0.00, real=0.03 secs] 
47075.397: [GC 47075.397: [ParNew: 225423K->14771K(235968K), 0.0229979 secs] 775560K->564908K(1022400K), 0.0231471 secs] [Times: user=0.13 sys=0.00, real=0.02 secs] 
47078.416: [GC 47078.416: [ParNew: 224563K->19833K(235968K), 0.0260391 secs] 774700K->569970K(1022400K), 0.0261882 secs] [Times: user=0.25 sys=0.00, real=0.03 secs] 
47081.606: [GC 47081.606: [ParNew: 229625K->19530K(235968K), 0.0225688 secs] 779762K->570823K(1022400K), 0.0227467 secs] [Times: user=0.25 sys=0.00, real=0.03 secs] 
47086.192: [GC 47086.192: [ParNew: 229322K->26176K(235968K), 0.0367703 secs] 780615K->580183K(1022400K), 0.0369550 secs] [Times: user=0.25 sys=0.00, real=0.03 secs] 
47087.657: [GC 47087.657: [ParNew: 235968K->22134K(235968K), 0.0498572 secs] 789975K->594836K(1022400K), 0.0500402 secs] [Times: user=0.26 sys=0.00, real=0.05 secs] 
47089.810: [GC 47089.810: [ParNew: 231926K->17238K(235968K), 0.0183037 secs] 804628K->589940K(1022400K), 0.0184789 secs] [Times: user=0.19 sys=0.06, real=0.03 secs] 
47091.507: [GC 47091.508: [ParNew: 227030K->18683K(235968K), 0.0192427 secs] 799732K->591386K(1022400K), 0.0193877 secs] [Times: user=0.13 sys=0.00, real=0.02 secs] 
47093.696: [GC 47093.696: [ParNew: 228475K->25602K(235968K), 0.0213569 secs] 801178K->598305K(1022400K), 0.0215103 secs] [Times: user=0.13 sys=0.00, real=0.02 secs] 
47097.143: [GC 47097.143: [ParNew: 235394K->25661K(235968K), 0.0289238 secs] 808097K->600734K(1022400K), 0.0291126 secs] [Times: user=0.14 sys=0.00, real=0.03 secs] 
47102.002: [GC 47102.003: [ParNew: 235453K->26176K(235968K), 0.0402571 secs] 810526K->606291K(1022400K), 0.0404476 secs] [Times: user=0.25 sys=0.00, real=0.03 secs] 
47105.275: [GC 47105.275: [ParNew: 235968K->19185K(235968K), 0.0302597 secs] 816083K->599704K(1022400K), 0.0304201 secs] [Times: user=0.25 sys=0.00, real=0.03 secs] 
47107.192: [GC 47107.192: [ParNew: 228977K->20787K(235968K), 0.0303388 secs] 809496K->603222K(1022400K), 0.0304930 secs] [Times: user=0.23 sys=0.02, real=0.03 secs] 
47111.114: [GC 47111.114: [ParNew: 230579K->22305K(235968K), 0.0349950 secs] 813014K->605352K(1022400K), 0.0351774 secs] [Times: user=0.23 sys=0.02, real=0.03 secs] 
47113.269: [GC 47113.269: [ParNew: 232097K->18133K(235968K), 0.0345474 secs] 815144K->610618K(1022400K), 0.0347298 secs] [Times: user=0.14 sys=0.00, real=0.03 secs] 
47115.071: [GC 47115.071: [ParNew: 227925K->16394K(235968K), 0.0228993 secs] 820410K->608878K(1022400K), 0.0230462 secs] [Times: user=0.13 sys=0.00, real=0.03 secs] 
47117.210: [GC 47117.210: [ParNew: 226186K->15885K(235968K), 0.0220196 secs] 818670K->608369K(1022400K), 0.0222003 secs] [Times: user=0.13 sys=0.00, real=0.02 secs] 
47124.880: [GC 47124.880: [ParNew: 225677K->17920K(235968K), 0.0227029 secs] 818161K->610405K(1022400K), 0.0228789 secs] [Times: user=0.13 sys=0.00, real=0.02 secs] 
47129.516: [GC 47129.516: [ParNew: 227712K->15596K(235968K), 0.0219651 secs] 820197K->610666K(1022400K), 0.0221495 secs] [Times: user=0.13 sys=0.00, real=0.01 secs] 
47136.830: [GC 47136.830: [ParNew: 225388K->10756K(235968K), 0.0222355 secs] 820458K->606502K(1022400K), 0.0224140 secs] [Times: user=0.13 sys=0.00, real=0.02 secs] 
47139.884: [GC 47139.884: [ParNew: 220548K->19903K(235968K), 0.0280424 secs] 816294K->616385K(1022400K), 0.0282212 secs] [Times: user=0.25 sys=0.00, real=0.03 secs] 
47147.729: [GC 47147.729: [ParNew: 229696K->13853K(235968K), 0.0175385 secs] 826177K->612475K(1022400K), 0.0177017 secs] [Times: user=0.13 sys=0.00, real=0.02 secs] 
47151.607: [GC 47151.607: [ParNew: 223645K->10772K(235968K), 0.0222067 secs] 822267K->609393K(1022400K), 0.0223643 secs] [Times: user=0.25 sys=0.00, real=0.03 secs] 
47155.967: [GC 47155.967: [ParNew: 220564K->17035K(235968K), 0.0306813 secs] 819185K->615812K(1022400K), 0.0308383 secs] [Times: user=0.25 sys=0.00, real=0.03 secs] 
47165.524: [GC 47165.525: [ParNew: 226821K->10715K(235968K), 0.0225749 secs] 825598K->609884K(1022400K), 0.0227311 secs] [Times: user=0.13 sys=0.00, real=0.02 secs] 
47168.795: [GC 47168.795: [ParNew: 220507K->16733K(235968K), 0.0256136 secs] 819676K->616642K(1022400K), 0.0257952 secs] [Times: user=0.25 sys=0.00, real=0.03 secs] 
47171.131: [GC 47171.132: [ParNew: 226525K->14665K(235968K), 0.0315655 secs] 826434K->617717K(1022400K), 0.0317202 secs] [Times: user=0.25 sys=0.00, real=0.03 secs] 
47175.299: [GC 47175.299: [ParNew: 224457K->15887K(235968K), 0.0284614 secs] 827509K->618939K(1022400K), 0.0286053 secs] [Times: user=0.13 sys=0.00, real=0.02 secs] 
47180.744: [GC 47180.745: [ParNew: 225679K->10368K(235968K), 0.0161956 secs] 828731K->613420K(1022400K), 0.0163683 secs] [Times: user=0.13 sys=0.00, real=0.02 secs] 
47184.752: [GC 47184.752: [ParNew: 220160K->15013K(235968K), 0.0259349 secs] 823212K->618066K(1022400K), 0.0261058 secs] [Times: user=0.13 sys=0.00, real=0.02 secs] 
47189.294: [GC 47189.295: [ParNew: 224805K->11319K(235968K), 0.0181073 secs] 827858K->615477K(1022400K), 0.0182668 secs] [Times: user=0.13 sys=0.00, real=0.02 secs] 
47197.368: [GC 47197.368: [ParNew: 221111K->8692K(235968K), 0.0249641 secs] 825269K->614129K(1022400K), 0.0251476 secs] [Times: user=0.13 sys=0.00, real=0.03 secs] 
47201.918: [GC 47201.918: [ParNew: 218484K->8375K(235968K), 0.0211002 secs] 823921K->614301K(1022400K), 0.0212832 secs] [Times: user=0.13 sys=0.00, real=0.03 secs] 
47207.429: [GC 47207.429: [ParNew: 218167K->8429K(235968K), 0.0246797 secs] 824093K->614517K(1022400K), 0.0248604 secs] [Times: user=0.13 sys=0.00, real=0.01 secs] 
47215.670: [GC 47215.670: [ParNew: 218221K->6832K(235968K), 0.0181635 secs] 824309K->612985K(1022400K), 0.0183250 secs] [Times: user=0.13 sys=0.00, real=0.02 secs] 
47223.654: [GC 47223.654: [ParNew: 216624K->8241K(235968K), 0.0189678 secs] 822777K->614822K(1022400K), 0.0191429 secs] [Times: user=0.13 sys=0.00, real=0.02 secs] 
47231.317: [GC 47231.318: [ParNew: 218033K->8211K(235968K), 0.0161029 secs] 824614K->614854K(1022400K), 0.0162560 secs] [Times: user=0.13 sys=0.00, real=0.02 secs] 
47240.482: [GC 47240.482: [ParNew: 218003K->8966K(235968K), 0.0170924 secs] 824646K->615678K(1022400K), 0.0172706 secs] [Times: user=0.13 sys=0.00, real=0.02 secs] 
47248.871: [GC 47248.871: [ParNew: 218758K->10720K(235968K), 0.0171131 secs] 825470K->617585K(1022400K), 0.0172952 secs] [Times: user=0.13 sys=0.00, real=0.01 secs] 
47257.236: [GC 47257.236: [ParNew: 220512K->9075K(235968K), 0.0190440 secs] 827377K->616023K(1022400K), 0.0192064 secs] [Times: user=0.17 sys=0.00, real=0.03 secs] 
47266.847: [GC 47266.848: [ParNew: 218867K->7037K(235968K), 0.0158811 secs] 825815K->614129K(1022400K), 0.0160540 secs] [Times: user=0.09 sys=0.03, real=0.02 secs] 
47275.044: [GC 47275.044: [ParNew: 216829K->10407K(235968K), 0.0207381 secs] 823921K->617585K(1022400K), 0.0209152 secs] [Times: user=0.13 sys=0.00, real=0.03 secs] 
47287.269: [GC 47287.269: [ParNew: 220199K->7668K(235968K), 0.0233647 secs] 827377K->615083K(1022400K), 0.0235164 secs] [Times: user=0.13 sys=0.00, real=0.02 secs] 
47295.727: [GC 47295.727: [ParNew: 217460K->7701K(235968K), 0.0202288 secs] 824875K->615275K(1022400K), 0.0203909 secs] [Times: user=0.13 sys=0.00, real=0.01 secs] 
47302.561: [GC 47302.561: [ParNew: 217493K->6678K(235968K), 0.0184839 secs] 825067K->614399K(1022400K), 0.0186666 secs] [Times: user=0.13 sys=0.00, real=0.01 secs] 
47310.335: [GC 47310.335: [ParNew: 216470K->13326K(235968K), 0.0240307 secs] 824191K->621138K(1022400K), 0.0242218 secs] [Times: user=0.13 sys=0.00, real=0.02 secs] 
47314.684: [GC 47314.684: [ParNew: 223118K->9502K(235968K), 0.0232488 secs] 830930K->617720K(1022400K), 0.0234097 secs] [Times: user=0.13 sys=0.00, real=0.03 secs] 
47324.651: [GC 47324.651: [ParNew: 219294K->6498K(235968K), 0.0176045 secs] 827512K->615220K(1022400K), 0.0177657 secs] [Times: user=0.11 sys=0.00, real=0.02 secs] 
47336.028: [GC 47336.028: [ParNew: 216290K->7415K(235968K), 0.0173801 secs] 825012K->616239K(1022400K), 0.0175637 secs] [Times: user=0.13 sys=0.00, real=0.02 secs] 
47342.738: [GC 47342.738: [ParNew: 217207K->7183K(235968K), 0.0180190 secs] 826031K->616105K(1022400K), 0.0181716 secs] [Times: user=0.11 sys=0.01, real=0.02 secs] 
47354.903: [GC 47354.903: [ParNew: 216975K->5162K(235968K), 0.0120627 secs] 825897K->614148K(1022400K), 0.0122214 secs] [Times: user=0.13 sys=0.00, real=0.01 secs] 
47367.769: [GC 47367.769: [ParNew: 214954K->6470K(235968K), 0.0185850 secs] 823940K->615718K(1022400K), 0.0187328 secs] [Times: user=0.13 sys=0.00, real=0.01 secs] 
47378.473: [GC 47378.473: [ParNew: 216262K->7296K(235968K), 0.0136422 secs] 825510K->616708K(1022400K), 0.0138037 secs] [Times: user=0.00 sys=0.00, real=0.00 secs] 
47387.466: [GC 47387.466: [ParNew: 217088K->9387K(235968K), 0.0160428 secs] 826500K->618874K(1022400K), 0.0162213 secs] [Times: user=0.13 sys=0.00, real=0.01 secs] 
47403.002: [GC 47403.002: [ParNew: 219179K->12551K(235968K), 0.0222154 secs] 828666K->622122K(1022400K), 0.0223953 secs] [Times: user=0.25 sys=0.00, real=0.03 secs] 
47411.606: [GC 47411.607: [ParNew: 222343K->13133K(235968K), 0.0211320 secs] 831914K->622817K(1022400K), 0.0213150 secs] [Times: user=0.13 sys=0.00, real=0.02 secs] 
47414.690: [GC 47414.691: [ParNew: 222925K->19308K(235968K), 0.0307729 secs] 832609K->629047K(1022400K), 0.0309243 secs] [Times: user=0.22 sys=0.00, real=0.03 secs] 
47420.229: [GC 47420.229: [ParNew: 229100K->12726K(235968K), 0.0231437 secs] 838839K->624415K(1022400K), 0.0233289 secs] [Times: user=0.13 sys=0.00, real=0.02 secs] 
47430.201: [GC 47430.201: [ParNew: 222518K->9831K(235968K), 0.0194460 secs] 834207K->621767K(1022400K), 0.0196003 secs] [Times: user=0.13 sys=0.00, real=0.01 secs] 
47434.839: [GC 47434.839: [ParNew: 219623K->14666K(235968K), 0.0320778 secs] 831559K->627078K(1022400K), 0.0322566 secs] [Times: user=0.25 sys=0.00, real=0.03 secs] 
47440.483: [GC 47440.483: [ParNew: 224458K->17640K(235968K), 0.0253800 secs] 836870K->630091K(1022400K), 0.0255574 secs] [Times: user=0.25 sys=0.00, real=0.03 secs] 
47443.131: [GC 47443.131: [ParNew: 227432K->11458K(235968K), 0.0258597 secs] 839883K->624449K(1022400K), 0.0260231 secs] [Times: user=0.13 sys=0.00, real=0.02 secs] 
47446.209: [GC 47446.209: [ParNew: 221250K->17451K(235968K), 0.0220637 secs] 834241K->630515K(1022400K), 0.0222316 secs] [Times: user=0.13 sys=0.00, real=0.02 secs] 
47452.175: [GC 47452.175: [ParNew: 227243K->10523K(235968K), 0.0202883 secs] 840307K->623707K(1022400K), 0.0204710 secs] [Times: user=0.22 sys=0.01, real=0.03 secs] 
47458.292: [GC 47458.292: [ParNew: 220315K->13204K(235968K), 0.0257304 secs] 833499K->626905K(1022400K), 0.0258846 secs] [Times: user=0.13 sys=0.00, real=0.03 secs] 
47465.321: [GC 47465.321: [ParNew: 222996K->9632K(235968K), 0.0229999 secs] 836697K->623416K(1022400K), 0.0231786 secs] [Times: user=0.13 sys=0.00, real=0.02 secs] 
47472.269: [GC 47472.269: [ParNew: 219424K->11464K(235968K), 0.0225730 secs] 833208K->625736K(1022400K), 0.0227649 secs] [Times: user=0.20 sys=0.00, real=0.03 secs] 
47480.318: [GC 47480.318: [ParNew: 221256K->7667K(235968K), 0.0155844 secs] 835528K->622109K(1022400K), 0.0157361 secs] [Times: user=0.02 sys=0.00, real=0.02 secs] 
47489.052: [GC 47489.052: [ParNew: 217459K->10008K(235968K), 0.0181761 secs] 831901K->624530K(1022400K), 0.0183534 secs] [Times: user=0.13 sys=0.00, real=0.02 secs] 
47500.751: [GC 47500.751: [ParNew: 219800K->9020K(235968K), 0.0222637 secs] 834322K->623697K(1022400K), 0.0224459 secs] [Times: user=0.24 sys=0.02, real=0.03 secs] 
47509.376: [GC 47509.376: [ParNew: 218812K->14501K(235968K), 0.0251683 secs] 833489K->629260K(1022400K), 0.0253205 secs] [Times: user=0.16 sys=0.00, real=0.03 secs] 
47520.276: [GC 47520.276: [ParNew: 224293K->9450K(235968K), 0.0209434 secs] 839052K->624294K(1022400K), 0.0210946 secs] [Times: user=0.13 sys=0.00, real=0.02 secs] 
47527.132: [GC 47527.133: [ParNew: 219253K->12808K(235968K), 0.0217522 secs] 834096K->627735K(1022400K), 0.0219142 secs] [Times: user=0.13 sys=0.00, real=0.02 secs] 
47536.516: [GC 47536.516: [ParNew: 222600K->9773K(235968K), 0.0225590 secs] 837527K->625468K(1022400K), 0.0227426 secs] [Times: user=0.23 sys=0.02, real=0.03 secs] 
47551.396: [GC 47551.396: [ParNew: 219565K->7751K(235968K), 0.0218145 secs] 835260K->624902K(1022400K), 0.0220011 secs] [Times: user=0.13 sys=0.00, real=0.02 secs] 
47556.637: [GC 47556.637: [ParNew: 217543K->11350K(235968K), 0.0189510 secs] 834694K->628698K(1022400K), 0.0191248 secs] [Times: user=0.13 sys=0.00, real=0.02 secs] 
47559.522: [GC 47559.522: [ParNew: 221142K->20602K(235968K), 0.0347455 secs] 838490K->638083K(1022400K), 0.0349254 secs] [Times: user=0.25 sys=0.00, real=0.03 secs] 
47562.250: [GC 47562.250: [ParNew: 230394K->20403K(235968K), 0.0419930 secs] 847875K->641522K(1022400K), 0.0421528 secs] [Times: user=0.28 sys=0.00, real=0.05 secs] 
47565.020: [GC 47565.020: [ParNew: 230195K->17957K(235968K), 0.0219615 secs] 851314K->639076K(1022400K), 0.0221388 secs] [Times: user=0.22 sys=0.00, real=0.03 secs] 
47569.056: [GC 47569.056: [ParNew: 227749K->18155K(235968K), 0.0241070 secs] 848868K->639274K(1022400K), 0.0242752 secs] [Times: user=0.13 sys=0.00, real=0.02 secs] 
47572.973: [GC 47572.974: [ParNew: 227947K->13013K(235968K), 0.0329028 secs] 849066K->635265K(1022400K), 0.0330810 secs] [Times: user=0.25 sys=0.00, real=0.05 secs] 
47580.882: [GC 47580.882: [ParNew: 222805K->13605K(235968K), 0.0197422 secs] 845057K->635858K(1022400K), 0.0199162 secs] [Times: user=0.13 sys=0.00, real=0.02 secs] 
47583.315: [GC 47583.315: [ParNew: 223397K->21094K(235968K), 0.0324374 secs] 845650K->645089K(1022400K), 0.0326257 secs] [Times: user=0.25 sys=0.00, real=0.03 secs] 
47586.577: [GC 47586.577: [ParNew: 230886K->14362K(235968K), 0.0178715 secs] 854881K->639099K(1022400K), 0.0180302 secs] [Times: user=0.13 sys=0.00, real=0.02 secs] 
47593.120: [GC 47593.120: [ParNew: 224154K->10693K(235968K), 0.0240938 secs] 848891K->635429K(1022400K), 0.0242506 secs] [Times: user=0.13 sys=0.00, real=0.02 secs] 
47597.576: [GC 47597.576: [ParNew: 220485K->8062K(235968K), 0.0154453 secs] 845221K->632799K(1022400K), 0.0156023 secs] [Times: user=0.13 sys=0.00, real=0.02 secs] 
47605.451: [GC 47605.451: [ParNew: 217854K->9351K(235968K), 0.0181895 secs] 842591K->634121K(1022400K), 0.0183697 secs] [Times: user=0.13 sys=0.00, real=0.02 secs] 
47614.452: [GC 47614.452: [ParNew: 219143K->7420K(235968K), 0.0155992 secs] 843913K->632240K(1022400K), 0.0157780 secs] [Times: user=0.13 sys=0.00, real=0.02 secs] 
47622.856: [GC 47622.856: [ParNew: 217212K->5934K(235968K), 0.0168440 secs] 842032K->631002K(1022400K), 0.0170142 secs] [Times: user=0.13 sys=0.00, real=0.02 secs] 
47633.970: [GC 47633.970: [ParNew: 215726K->7367K(235968K), 0.0169885 secs] 840794K->632541K(1022400K), 0.0171689 secs] [Times: user=0.13 sys=0.00, real=0.01 secs] 
47642.436: [GC 47642.436: [ParNew: 217159K->14922K(235968K), 0.0276965 secs] 842333K->640192K(1022400K), 0.0278720 secs] [Times: user=0.25 sys=0.00, real=0.03 secs] 
47646.054: [GC 47646.054: [ParNew: 224714K->10030K(235968K), 0.0192860 secs] 849984K->635398K(1022400K), 0.0194662 secs] [Times: user=0.11 sys=0.01, real=0.02 secs] 
47652.417: [GC 47652.417: [ParNew: 219822K->9083K(235968K), 0.0211929 secs] 845190K->634528K(1022400K), 0.0213633 secs] [Times: user=0.13 sys=0.00, real=0.02 secs] 
47658.657: [GC 47658.658: [ParNew: 218875K->14878K(235968K), 0.0254027 secs] 844320K->640493K(1022400K), 0.0255851 secs] [Times: user=0.25 sys=0.00, real=0.03 secs] 
47661.958: [GC 47661.958: [ParNew: 224670K->13445K(235968K), 0.0260857 secs] 850285K->639117K(1022400K), 0.0262600 secs] [Times: user=0.23 sys=0.02, real=0.03 secs] 
47667.333: [GC 47667.333: [ParNew: 223237K->12244K(235968K), 0.0208010 secs] 848909K->638010K(1022400K), 0.0209831 secs] [Times: user=0.25 sys=0.00, real=0.03 secs] 
47676.704: [GC 47676.704: [ParNew: 222036K->13681K(235968K), 0.0222215 secs] 847802K->639936K(1022400K), 0.0223794 secs] [Times: user=0.13 sys=0.00, real=0.03 secs] 
47678.933: [GC 47678.933: [ParNew: 223474K->21804K(235968K), 0.0358713 secs] 849728K->648527K(1022400K), 0.0360434 secs] [Times: user=0.25 sys=0.00, real=0.03 secs] 
47681.201: [GC 47681.201: [ParNew: 231596K->21181K(235968K), 0.0405853 secs] 858319K->650301K(1022400K), 0.0407711 secs] [Times: user=0.26 sys=0.00, real=0.05 secs] 
47685.169: [GC 47685.169: [ParNew: 230973K->14548K(235968K), 0.0249264 secs] 860093K->645542K(1022400K), 0.0251127 secs] [Times: user=0.14 sys=0.00, real=0.03 secs] 
47689.277: [GC 47689.277: [ParNew: 224340K->10062K(235968K), 0.0205585 secs] 855334K->641056K(1022400K), 0.0207339 secs] [Times: user=0.13 sys=0.00, real=0.02 secs] 
47693.455: [GC 47693.456: [ParNew: 219854K->17084K(235968K), 0.0255289 secs] 850848K->648078K(1022400K), 0.0257105 secs] [Times: user=0.25 sys=0.00, real=0.03 secs] 
47696.620: [GC 47696.620: [ParNew: 226876K->15142K(235968K), 0.0290325 secs] 857870K->647679K(1022400K), 0.0292124 secs] [Times: user=0.13 sys=0.00, real=0.03 secs] 
47699.200: [GC 47699.200: [ParNew: 224934K->24498K(235968K), 0.0396645 secs] 857471K->657034K(1022400K), 0.0398486 secs] [Times: user=0.25 sys=0.00, real=0.03 secs] 
47701.356: [GC 47701.357: [ParNew: 234290K->17666K(235968K), 0.0470848 secs] 866826K->655928K(1022400K), 0.0472792 secs] [Times: user=0.23 sys=0.00, real=0.05 secs] 
47706.144: [GC 47706.144: [ParNew: 227458K->14507K(235968K), 0.0215083 secs] 865720K->652768K(1022400K), 0.0216779 secs] [Times: user=0.16 sys=0.00, real=0.03 secs] 
47712.048: [GC 47712.049: [ParNew: 224299K->13424K(235968K), 0.0229462 secs] 862560K->651685K(1022400K), 0.0231057 secs] [Times: user=0.25 sys=0.00, real=0.03 secs] 
47716.861: [GC 47716.861: [ParNew: 223216K->20636K(235968K), 0.0299678 secs] 861477K->658897K(1022400K), 0.0301415 secs] [Times: user=0.25 sys=0.00, real=0.03 secs] 
47722.546: [GC 47722.546: [ParNew: 230428K->14472K(235968K), 0.0311855 secs] 868689K->657177K(1022400K), 0.0313484 secs] [Times: user=0.25 sys=0.00, real=0.03 secs] 
47728.661: [GC 47728.661: [ParNew: 224264K->12025K(235968K), 0.0208130 secs] 866969K->654730K(1022400K), 0.0209739 secs] [Times: user=0.25 sys=0.00, real=0.03 secs] 
47735.917: [GC 47735.917: [ParNew: 221817K->8782K(235968K), 0.0176827 secs] 864522K->651897K(1022400K), 0.0178576 secs] [Times: user=0.13 sys=0.00, real=0.02 secs] 
47738.949: [GC 47738.949: [ParNew: 218574K->20310K(235968K), 0.0338269 secs] 861689K->663872K(1022400K), 0.0339772 secs] [Times: user=0.25 sys=0.00, real=0.03 secs] 
47741.512: [GC 47741.513: [ParNew: 230102K->18150K(235968K), 0.0400565 secs] 873664K->665438K(1022400K), 0.0402406 secs] [Times: user=0.25 sys=0.00, real=0.03 secs] 
47746.739: [GC 47746.739: [ParNew: 227942K->12422K(235968K), 0.0173109 secs] 875230K->659710K(1022400K), 0.0174729 secs] [Times: user=0.13 sys=0.00, real=0.02 secs] 
47753.514: [GC 47753.514: [ParNew: 222214K->12767K(235968K), 0.0177651 secs] 869502K->660055K(1022400K), 0.0179269 secs] [Times: user=0.13 sys=0.00, real=0.02 secs] 
47763.287: [GC 47763.287: [ParNew: 222559K->17756K(235968K), 0.0220338 secs] 869847K->665044K(1022400K), 0.0222162 secs] [Times: user=0.25 sys=0.00, real=0.03 secs] 
47765.560: [GC 47765.560: [ParNew: 227548K->19942K(235968K), 0.0331193 secs] 874836K->669131K(1022400K), 0.0332755 secs] [Times: user=0.25 sys=0.00, real=0.03 secs] 
47769.430: [GC 47769.430: [ParNew: 229734K->14104K(235968K), 0.0324273 secs] 878923K->665267K(1022400K), 0.0325796 secs] [Times: user=0.13 sys=0.00, real=0.03 secs] 
47773.419: [GC 47773.419: [ParNew: 223896K->11447K(235968K), 0.0156562 secs] 875059K->662610K(1022400K), 0.0158020 secs] [Times: user=0.13 sys=0.00, real=0.02 secs] 
47778.883: [GC 47778.883: [ParNew: 221239K->10230K(235968K), 0.0226970 secs] 872402K->661393K(1022400K), 0.0228646 secs] [Times: user=0.13 sys=0.00, real=0.02 secs] 
47789.722: [GC 47789.722: [ParNew: 220022K->7252K(235968K), 0.0219637 secs] 871185K->658533K(1022400K), 0.0221425 secs] [Times: user=0.25 sys=0.00, real=0.03 secs] 
47795.162: [GC 47795.162: [ParNew: 217044K->11507K(235968K), 0.0253437 secs] 868325K->663386K(1022400K), 0.0255284 secs] [Times: user=0.25 sys=0.00, real=0.03 secs] 
47798.880: [GC 47798.880: [ParNew: 221299K->10960K(235968K), 0.0279670 secs] 873178K->662920K(1022400K), 0.0281363 secs] [Times: user=0.25 sys=0.00, real=0.03 secs] 
47805.932: [GC 47805.932: [ParNew: 220752K->7946K(235968K), 0.0182797 secs] 872712K->660052K(1022400K), 0.0184532 secs] [Times: user=0.13 sys=0.00, real=0.02 secs] 
47814.715: [GC 47814.715: [ParNew: 217738K->10572K(235968K), 0.0304117 secs] 869844K->662891K(1022400K), 0.0305902 secs] [Times: user=0.24 sys=0.02, real=0.03 secs] 
47819.700: [GC 47819.700: [ParNew: 220364K->12072K(235968K), 0.0329810 secs] 872683K->664652K(1022400K), 0.0331581 secs] [Times: user=0.25 sys=0.00, real=0.03 secs] 
47825.742: [GC 47825.742: [ParNew: 221864K->12230K(235968K), 0.0233069 secs] 874444K->665224K(1022400K), 0.0234563 secs] [Times: user=0.23 sys=0.02, real=0.03 secs] 
47836.292: [GC 47836.292: [ParNew: 222022K->8273K(235968K), 0.0182280 secs] 875016K->661329K(1022400K), 0.0184051 secs] [Times: user=0.13 sys=0.00, real=0.02 secs] 
47843.791: [GC 47843.791: [ParNew: 218065K->10358K(235968K), 0.0247797 secs] 871121K->664842K(1022400K), 0.0249856 secs] [Times: user=0.13 sys=0.00, real=0.02 secs] 
47850.241: [GC 47850.241: [ParNew: 220150K->7573K(235968K), 0.0215983 secs] 874634K->662737K(1022400K), 0.0217483 secs] [Times: user=0.25 sys=0.00, real=0.03 secs] 
47854.585: [GC 47854.585: [ParNew: 217365K->26176K(235968K), 0.0519756 secs] 872529K->684461K(1022400K), 0.0521555 secs] [Times: user=0.38 sys=0.00, real=0.06 secs] 
47856.464: [GC 47856.464: [ParNew: 235968K->26176K(235968K), 0.1934268 secs] 894253K->725877K(1022400K), 0.1935858 secs] [Times: user=1.23 sys=0.02, real=0.19 secs] 
47859.357: [GC 47859.357: [ParNew: 235968K->26176K(235968K), 0.1059962 secs] 935669K->751970K(1022400K), 0.1061769 secs] [Times: user=0.59 sys=0.00, real=0.11 secs] 
47859.464: [GC [1 CMS-initial-mark: 725794K(786432K)] 752107K(1022400K), 0.0355204 secs] [Times: user=0.03 sys=0.00, real=0.03 secs] 
47859.500: [CMS-concurrent-mark-start]
47860.949: [GC 47860.949: [ParNew (promotion failed): 235968K->235968K(235968K), 0.9347560 secs]47861.884: [CMS2010-04-21T08:01:11.212+0100: 47861.925: [CMS-concurrent-mark: 1.489/2.426 secs] [Times: user=7.84 sys=0.48, real=2.42 secs] 
(concurrent mode failure): 756849K->483793K(786432K), 4.3100601 secs] 961762K->483793K(1022400K), [CMS Perm : 23148K->23146K(38736K)], 5.2450610 secs] [Times: user=6.39 sys=0.44, real=5.23 secs] 
47867.464: [GC 47867.464: [ParNew: 209792K->26176K(235968K), 0.1168283 secs] 693585K->532028K(1022400K), 0.1170129 secs] [Times: user=0.69 sys=0.00, real=0.11 secs] 
47869.222: [GC 47869.222: [ParNew: 235968K->26176K(235968K), 0.1589942 secs] 741820K->576489K(1022400K), 0.1591772 secs] [Times: user=0.95 sys=0.00, real=0.16 secs] 
47870.891: [GC 47870.891: [ParNew: 235968K->26176K(235968K), 0.1181536 secs] 786281K->610303K(1022400K), 0.1183385 secs] [Times: user=0.75 sys=0.00, real=0.13 secs] 
47872.718: [GC 47872.719: [ParNew: 235968K->26176K(235968K), 0.0990595 secs] 820095K->639754K(1022400K), 0.0992383 secs] [Times: user=0.59 sys=0.03, real=0.09 secs] 
47874.427: [GC 47874.427: [ParNew: 235968K->26086K(235968K), 0.0653544 secs] 849546K->656441K(1022400K), 0.0655340 secs] [Times: user=0.42 sys=0.03, real=0.08 secs] 
47876.882: [GC 47876.882: [ParNew: 235878K->22039K(235968K), 0.0435002 secs] 866233K->662324K(1022400K), 0.0436586 secs] [Times: user=0.33 sys=0.00, real=0.05 secs] 
47880.768: [GC 47880.768: [ParNew: 231831K->23330K(235968K), 0.0388485 secs] 872116K->672185K(1022400K), 0.0390276 secs] [Times: user=0.26 sys=0.00, real=0.05 secs] 
47884.394: [GC 47884.394: [ParNew: 233122K->26176K(235968K), 0.0426364 secs] 881977K->680368K(1022400K), 0.0428144 secs] [Times: user=0.34 sys=0.03, real=0.05 secs] 
47886.937: [GC 47886.937: [ParNew: 235968K->19459K(235968K), 0.0399668 secs] 890160K->679671K(1022400K), 0.0401252 secs] [Times: user=0.23 sys=0.00, real=0.03 secs] 
47889.253: [GC 47889.253: [ParNew: 229251K->26176K(235968K), 0.0349924 secs] 889463K->688292K(1022400K), 0.0351715 secs] [Times: user=0.25 sys=0.00, real=0.03 secs] 
47892.610: [GC 47892.610: [ParNew: 235968K->26083K(235968K), 0.0499019 secs] 898085K->698404K(1022400K), 0.0500759 secs] [Times: user=0.36 sys=0.01, real=0.05 secs] 
47896.028: [GC 47896.028: [ParNew: 235875K->14001K(235968K), 0.0307489 secs] 908196K->690667K(1022400K), 0.0309293 secs] [Times: user=0.14 sys=0.00, real=0.03 secs] 
47899.969: [GC 47899.969: [ParNew: 223793K->22635K(235968K), 0.0373402 secs] 900459K->699300K(1022400K), 0.0375176 secs] [Times: user=0.25 sys=0.00, real=0.03 secs] 
47902.233: [GC 47902.233: [ParNew: 232427K->16572K(235968K), 0.0507863 secs] 909092K->700336K(1022400K), 0.0509710 secs] [Times: user=0.38 sys=0.00, real=0.05 secs] 
47907.038: [GC 47907.039: [ParNew: 226364K->12183K(235968K), 0.0142747 secs] 910128K->695947K(1022400K), 0.0144474 secs] [Times: user=0.13 sys=0.00, real=0.01 secs] 
47912.170: [GC 47912.170: [ParNew: 221975K->14934K(235968K), 0.0290470 secs] 905739K->698698K(1022400K), 0.0292235 secs] [Times: user=0.14 sys=0.00, real=0.03 secs] 
47914.692: [GC 47914.692: [ParNew: 224726K->20662K(235968K), 0.0342608 secs] 908490K->704426K(1022400K), 0.0344312 secs] [Times: user=0.25 sys=0.00, real=0.03 secs] 
47917.041: [GC 47917.041: [ParNew: 230454K->26176K(235968K), 0.0347759 secs] 914218K->712032K(1022400K), 0.0349589 secs] [Times: user=0.25 sys=0.00, real=0.03 secs] 
47920.369: [GC 47920.369: [ParNew: 235968K->17570K(235968K), 0.0230107 secs] 921824K->704637K(1022400K), 0.0231951 secs] [Times: user=0.13 sys=0.00, real=0.02 secs] 
47926.477: [GC 47926.477: [ParNew: 227362K->8503K(235968K), 0.0150025 secs] 914429K->695570K(1022400K), 0.0151782 secs] [Times: user=0.05 sys=0.01, real=0.01 secs] 
47935.319: [GC 47935.319: [ParNew: 218295K->6691K(235968K), 0.0140395 secs] 905362K->693758K(1022400K), 0.0142155 secs] [Times: user=0.13 sys=0.00, real=0.02 secs] 
47941.264: [GC 47941.264: [ParNew: 216483K->12838K(235968K), 0.0335741 secs] 903550K->699905K(1022400K), 0.0337205 secs] [Times: user=0.25 sys=0.00, real=0.03 secs] 
47945.517: [GC 47945.517: [ParNew: 222630K->16483K(235968K), 0.0231610 secs] 909697K->704016K(1022400K), 0.0233362 secs] [Times: user=0.13 sys=0.00, real=0.02 secs] 
47948.607: [GC 47948.607: [ParNew: 226275K->17593K(235968K), 0.0283097 secs] 913808K->705647K(1022400K), 0.0284570 secs] [Times: user=0.13 sys=0.00, real=0.03 secs] 
47955.425: [GC 47955.425: [ParNew: 227385K->11294K(235968K), 0.0191896 secs] 915439K->699472K(1022400K), 0.0193418 secs] [Times: user=0.13 sys=0.00, real=0.02 secs] 
47959.158: [GC 47959.158: [ParNew: 221086K->19346K(235968K), 0.0360227 secs] 909264K->709466K(1022400K), 0.0362094 secs] [Times: user=0.25 sys=0.00, real=0.03 secs] 
47962.089: [GC 47962.089: [ParNew: 229138K->15032K(235968K), 0.0401875 secs] 919258K->708076K(1022400K), 0.0403680 secs] [Times: user=0.23 sys=0.02, real=0.03 secs] 
47965.541: [GC 47965.541: [ParNew: 224824K->14548K(235968K), 0.0185099 secs] 917868K->707592K(1022400K), 0.0186915 secs] [Times: user=0.13 sys=0.00, real=0.02 secs] 
47972.763: [GC 47972.763: [ParNew: 224340K->11641K(235968K), 0.0177176 secs] 917384K->704685K(1022400K), 0.0178967 secs] [Times: user=0.13 sys=0.00, real=0.02 secs] 
47979.378: [GC 47979.378: [ParNew: 221433K->11248K(235968K), 0.0209457 secs] 914477K->704293K(1022400K), 0.0211256 secs] [Times: user=0.13 sys=0.00, real=0.02 secs] 
47985.482: [GC 47985.482: [ParNew: 221040K->7699K(235968K), 0.0178288 secs] 914085K->700856K(1022400K), 0.0179760 secs] [Times: user=0.13 sys=0.00, real=0.02 secs] 
47988.105: [GC 47988.106: [ParNew: 217491K->19179K(235968K), 0.0380065 secs] 910648K->712415K(1022400K), 0.0381811 secs] [Times: user=0.25 sys=0.00, real=0.03 secs] 
47996.903: [GC 47996.903: [ParNew: 228971K->13287K(235968K), 0.0239986 secs] 922207K->709168K(1022400K), 0.0241533 secs] [Times: user=0.13 sys=0.00, real=0.02 secs] 
48007.104: [GC 48007.104: [ParNew: 223079K->5531K(235968K), 0.0140487 secs] 918960K->701413K(1022400K), 0.0142077 secs] [Times: user=0.00 sys=0.00, real=0.00 secs] 
48016.480: [GC 48016.480: [ParNew: 215323K->11465K(235968K), 0.0189711 secs] 911205K->707346K(1022400K), 0.0191248 secs] [Times: user=0.13 sys=0.00, real=0.02 secs] 
48022.259: [GC 48022.259: [ParNew: 221257K->14555K(235968K), 0.0339029 secs] 917138K->710504K(1022400K), 0.0340828 secs] [Times: user=0.27 sys=0.08, real=0.05 secs] 
48029.073: [GC 48029.073: [ParNew: 224347K->14841K(235968K), 0.0217469 secs] 920296K->710922K(1022400K), 0.0218941 secs] [Times: user=0.13 sys=0.00, real=0.02 secs] 
48035.920: [GC 48035.920: [ParNew: 224633K->11303K(235968K), 0.0230996 secs] 920714K->707515K(1022400K), 0.0232599 secs] [Times: user=0.13 sys=0.00, real=0.02 secs] 
48043.700: [GC 48043.700: [ParNew: 221095K->9505K(235968K), 0.0212035 secs] 917307K->706195K(1022400K), 0.0213502 secs] [Times: user=0.13 sys=0.00, real=0.02 secs] 
48051.680: [GC 48051.680: [ParNew: 219297K->10223K(235968K), 0.0293356 secs] 915987K->707025K(1022400K), 0.0294931 secs] [Times: user=0.25 sys=0.00, real=0.03 secs] 
48062.038: [GC 48062.038: [ParNew: 220015K->7864K(235968K), 0.0161886 secs] 916817K->704731K(1022400K), 0.0163663 secs] [Times: user=0.13 sys=0.00, real=0.02 secs] 
48071.741: [GC 48071.741: [ParNew: 217656K->10875K(235968K), 0.0281871 secs] 914523K->707950K(1022400K), 0.0283698 secs] [Times: user=0.20 sys=0.05, real=0.03 secs] 
48076.526: [GC 48076.526: [ParNew: 220667K->23160K(235968K), 0.0318602 secs] 917742K->720280K(1022400K), 0.0320351 secs] [Times: user=0.20 sys=0.00, real=0.05 secs] 
48081.021: [GC 48081.021: [ParNew: 232952K->16914K(235968K), 0.0311676 secs] 930072K->719250K(1022400K), 0.0313490 secs] [Times: user=0.25 sys=0.00, real=0.03 secs] 
48084.431: [GC 48084.431: [ParNew: 226706K->20367K(235968K), 0.0385529 secs] 929042K->722704K(1022400K), 0.0387315 secs] [Times: user=0.36 sys=0.02, real=0.05 secs] 
48088.641: [GC 48088.641: [ParNew: 230159K->14624K(235968K), 0.0435715 secs] 932496K->720204K(1022400K), 0.0437489 secs] [Times: user=0.25 sys=0.02, real=0.05 secs] 
48094.634: [GC 48094.634: [ParNew: 224416K->13650K(235968K), 0.0198824 secs] 929996K->719231K(1022400K), 0.0200447 secs] [Times: user=0.17 sys=0.08, real=0.03 secs] 
48097.446: [GC 48097.446: [ParNew: 223442K->11173K(235968K), 0.0244210 secs] 929023K->716753K(1022400K), 0.0245928 secs] [Times: user=0.25 sys=0.00, real=0.03 secs] 
48104.600: [GC 48104.600: [ParNew: 220965K->8298K(235968K), 0.0141845 secs] 926545K->713878K(1022400K), 0.0143552 secs] [Times: user=0.13 sys=0.00, real=0.01 secs] 
48107.545: [GC 48107.545: [ParNew: 218090K->22836K(235968K), 0.0442442 secs] 923670K->728762K(1022400K), 0.0444235 secs] [Times: user=0.25 sys=0.00, real=0.05 secs] 
48109.466: [GC 48109.466: [ParNew: 232628K->18810K(235968K), 0.0598909 secs] 938554K->734477K(1022400K), 0.0600666 secs] [Times: user=0.31 sys=0.00, real=0.05 secs] 
48117.603: [GC 48117.604: [ParNew: 228602K->14839K(235968K), 0.0182381 secs] 944269K->730506K(1022400K), 0.0184107 secs] [Times: user=0.25 sys=0.00, real=0.03 secs] 
48122.349: [GC 48122.349: [ParNew: 224631K->22652K(235968K), 0.0345418 secs] 940298K->738319K(1022400K), 0.0347075 secs] [Times: user=0.25 sys=0.00, real=0.03 secs] 
48126.149: [GC 48126.149: [ParNew: 232444K->17337K(235968K), 0.0379110 secs] 948111K->734446K(1022400K), 0.0380898 secs] [Times: user=0.36 sys=0.01, real=0.05 secs] 
48134.517: [GC 48134.518: [ParNew: 227129K->13573K(235968K), 0.0234010 secs] 944238K->733766K(1022400K), 0.0235776 secs] [Times: user=0.13 sys=0.00, real=0.02 secs] 
48137.406: [GC 48137.407: [ParNew: 223365K->20544K(235968K), 0.0423476 secs] 943558K->740737K(1022400K), 0.0425280 secs] [Times: user=0.25 sys=0.00, real=0.05 secs] 
48140.808: [GC 48140.809: [ParNew: 230336K->15175K(235968K), 0.0344756 secs] 950529K->739369K(1022400K), 0.0346471 secs] [Times: user=0.13 sys=0.00, real=0.03 secs] 
48140.844: [GC [1 CMS-initial-mark: 724193K(786432K)] 739610K(1022400K), 0.0153422 secs] [Times: user=0.01 sys=0.00, real=0.02 secs] 
48140.859: [CMS-concurrent-mark-start]
48142.302: [CMS-concurrent-mark: 1.443/1.443 secs] [Times: user=3.66 sys=0.02, real=1.44 secs] 
48142.302: [CMS-concurrent-preclean-start]
48142.338: [CMS-concurrent-preclean: 0.024/0.035 secs] [Times: user=0.06 sys=0.00, real=0.03 secs] 
48142.338: [CMS-concurrent-abortable-preclean-start]
48145.322: [GC 48145.322: [ParNew: 224960K->13471K(235968K), 0.0196064 secs] 949153K->737664K(1022400K), 0.0197550 secs] [Times: user=0.25 sys=0.00, real=0.03 secs] 
CMS: abort preclean due to time 2010-04-21T08:05:56.630+0100: 48147.351: [CMS-concurrent-abortable-preclean: 4.474/5.014 secs] [Times: user=7.44 sys=1.19, real=5.02 secs] 
48147.352: [GC[YG occupancy: 87725 K (235968 K)]48147.352: [Rescan (parallel) , 0.0233524 secs]48147.376: [weak refs processing, 0.0001696 secs] [1 CMS-remark: 724193K(786432K)] 811919K(1022400K), 0.0236455 secs] [Times: user=0.25 sys=0.00, real=0.03 secs] 
48147.376: [CMS-concurrent-sweep-start]
48148.343: [CMS-concurrent-sweep: 0.967/0.967 secs] [Times: user=1.25 sys=0.00, real=0.97 secs] 
48148.343: [CMS-concurrent-reset-start]
48148.362: [CMS-concurrent-reset: 0.019/0.019 secs] [Times: user=0.06 sys=0.00, real=0.02 secs] 
48150.999: [GC 48150.999: [ParNew: 223263K->18853K(235968K), 0.0377067 secs] 647024K->442614K(1022400K), 0.0378755 secs] [Times: user=0.25 sys=0.00, real=0.03 secs] 
48160.005: [GC 48160.006: [ParNew: 228645K->14989K(235968K), 0.0235209 secs] 652406K->441498K(1022400K), 0.0236857 secs] [Times: user=0.14 sys=0.00, real=0.03 secs] 
48167.391: [GC 48167.391: [ParNew: 224781K->9036K(235968K), 0.0167862 secs] 651290K->435545K(1022400K), 0.0169346 secs] [Times: user=0.13 sys=0.00, real=0.01 secs] 
48174.508: [GC 48174.508: [ParNew: 218828K->16282K(235968K), 0.0256859 secs] 645337K->442791K(1022400K), 0.0258544 secs] [Times: user=0.25 sys=0.00, real=0.03 secs] 
48177.282: [GC 48177.282: [ParNew: 226074K->20588K(235968K), 0.0263975 secs] 652583K->447097K(1022400K), 0.0265813 secs] [Times: user=0.13 sys=0.00, real=0.03 secs] 
48181.272: [GC 48181.273: [ParNew: 230380K->23001K(235968K), 0.0308235 secs] 656889K->451429K(1022400K), 0.0309939 secs] [Times: user=0.25 sys=0.00, real=0.03 secs] 
48184.037: [GC 48184.037: [ParNew: 232793K->20950K(235968K), 0.0355450 secs] 661221K->453139K(1022400K), 0.0357202 secs] [Times: user=0.24 sys=0.00, real=0.03 secs] 
48189.859: [GC 48189.859: [ParNew: 230742K->12314K(235968K), 0.0217047 secs] 662931K->444503K(1022400K), 0.0219053 secs] [Times: user=0.13 sys=0.00, real=0.02 secs] 
48195.260: [GC 48195.260: [ParNew: 222106K->20184K(235968K), 0.0325583 secs] 654295K->452373K(1022400K), 0.0327226 secs] [Times: user=0.25 sys=0.00, real=0.03 secs] 
48197.738: [GC 48197.739: [ParNew: 229976K->24453K(235968K), 0.0435882 secs] 662165K->459462K(1022400K), 0.0437748 secs] [Times: user=0.34 sys=0.03, real=0.05 secs] 
48201.326: [GC 48201.326: [ParNew: 234245K->15867K(235968K), 0.0298898 secs] 669254K->454456K(1022400K), 0.0300625 secs] [Times: user=0.13 sys=0.00, real=0.03 secs] 
48205.991: [GC 48205.992: [ParNew: 225659K->15333K(235968K), 0.0210175 secs] 664248K->453923K(1022400K), 0.0211985 secs] [Times: user=0.25 sys=0.00, real=0.03 secs] 
48209.310: [GC 48209.310: [ParNew: 225125K->9621K(235968K), 0.0154165 secs] 663715K->448211K(1022400K), 0.0155791 secs] [Times: user=0.00 sys=0.00, real=0.02 secs] 
48215.254: [GC 48215.255: [ParNew: 219414K->8542K(235968K), 0.0187870 secs] 658004K->447131K(1022400K), 0.0189675 secs] [Times: user=0.13 sys=0.00, real=0.02 secs] 
48215.274: [GC 48215.274: [ParNew: 8630K->8231K(235968K), 0.0169549 secs] 447220K->447206K(1022400K), 0.0171097 secs] [Times: user=0.13 sys=0.00, real=0.02 secs] 
48220.336: [GC 48220.337: [ParNew: 217068K->11656K(235968K), 0.0237187 secs] 656044K->450924K(1022400K), 0.0238740 secs] [Times: user=0.25 sys=0.00, real=0.03 secs] 
48226.191: [GC 48226.191: [ParNew: 221448K->16169K(235968K), 0.0326821 secs] 660716K->455594K(1022400K), 0.0328623 secs] [Times: user=0.25 sys=0.00, real=0.03 secs] 
48230.532: [GC 48230.532: [ParNew: 225961K->11706K(235968K), 0.0254136 secs] 665386K->451471K(1022400K), 0.0255633 secs] [Times: user=0.13 sys=0.00, real=0.02 secs] 
48235.419: [GC 48235.419: [ParNew: 221498K->14836K(235968K), 0.0239656 secs] 661263K->454601K(1022400K), 0.0241461 secs] [Times: user=0.13 sys=0.00, real=0.02 secs] 
48237.731: [GC 48237.731: [ParNew: 224628K->26176K(235968K), 0.0361898 secs] 664393K->466332K(1022400K), 0.0363409 secs] [Times: user=0.38 sys=0.00, real=0.05 secs] 
48243.342: [GC 48243.342: [ParNew: 235968K->18562K(235968K), 0.0255912 secs] 676124K->460190K(1022400K), 0.0257762 secs] [Times: user=0.13 sys=0.00, real=0.02 secs] 
48248.286: [GC 48248.286: [ParNew: 228354K->10881K(235968K), 0.0176955 secs] 669982K->452509K(1022400K), 0.0178660 secs] [Times: user=0.13 sys=0.00, real=0.02 secs] 
48250.302: [GC 48250.302: [ParNew: 220673K->26176K(235968K), 0.0398070 secs] 662301K->468280K(1022400K), 0.0399897 secs] [Times: user=0.33 sys=0.05, real=0.05 secs] 
48253.172: [GC 48253.172: [ParNew: 235968K->20293K(235968K), 0.0376048 secs] 678072K->468828K(1022400K), 0.0377819 secs] [Times: user=0.25 sys=0.00, real=0.03 secs] 
48256.433: [GC 48256.433: [ParNew: 230085K->23833K(235968K), 0.0336498 secs] 678620K->472368K(1022400K), 0.0338037 secs] [Times: user=0.25 sys=0.00, real=0.05 secs] 
48260.003: [GC 48260.003: [ParNew: 233625K->16198K(235968K), 0.0351475 secs] 682160K->471348K(1022400K), 0.0353369 secs] [Times: user=0.25 sys=0.00, real=0.03 secs] 
48262.037: [GC 48262.037: [ParNew: 225990K->26176K(235968K), 0.0505061 secs] 681140K->482064K(1022400K), 0.0506967 secs] [Times: user=0.36 sys=0.01, real=0.05 secs] 
48263.834: [GC 48263.834: [ParNew: 235968K->20646K(235968K), 0.0582412 secs] 691856K->487749K(1022400K), 0.0584323 secs] [Times: user=0.39 sys=0.00, real=0.06 secs] 
48265.727: [GC 48265.727: [ParNew: 230438K->17560K(235968K), 0.0310978 secs] 697541K->488212K(1022400K), 0.0312772 secs] [Times: user=0.25 sys=0.00, real=0.03 secs] 
48268.868: [GC 48268.869: [ParNew: 227352K->26087K(235968K), 0.0348474 secs] 698004K->496738K(1022400K), 0.0349983 secs] [Times: user=0.25 sys=0.00, real=0.05 secs] 
48272.377: [GC 48272.377: [ParNew: 235879K->18595K(235968K), 0.0412348 secs] 706530K->499740K(1022400K), 0.0414293 secs] [Times: user=0.25 sys=0.00, real=0.03 secs] 
48275.596: [GC 48275.596: [ParNew: 228387K->26176K(235968K), 0.0419517 secs] 709532K->507322K(1022400K), 0.0421308 secs] [Times: user=0.33 sys=0.05, real=0.05 secs] 
48277.618: [GC 48277.618: [ParNew: 235968K->24555K(235968K), 0.0473013 secs] 717114K->514673K(1022400K), 0.0474884 secs] [Times: user=0.38 sys=0.00, real=0.05 secs] 
48279.493: [GC 48279.493: [ParNew: 234348K->26176K(235968K), 0.0376646 secs] 724466K->519994K(1022400K), 0.0378375 secs] [Times: user=0.27 sys=0.00, real=0.05 secs] 
48281.840: [GC 48281.840: [ParNew: 235968K->17867K(235968K), 0.0373866 secs] 729786K->517269K(1022400K), 0.0375548 secs] [Times: user=0.27 sys=0.00, real=0.05 secs] 
48284.761: [GC 48284.761: [ParNew: 227659K->18870K(235968K), 0.0416617 secs] 727061K->527236K(1022400K), 0.0418193 secs] [Times: user=0.25 sys=0.00, real=0.05 secs] 
48288.113: [GC 48288.113: [ParNew: 228662K->26176K(235968K), 0.0276915 secs] 737028K->534548K(1022400K), 0.0278728 secs] [Times: user=0.25 sys=0.00, real=0.03 secs] 
48290.501: [GC 48290.502: [ParNew: 235968K->24934K(235968K), 0.0653751 secs] 744340K->549680K(1022400K), 0.0655589 secs] [Times: user=0.39 sys=0.00, real=0.06 secs] 
48292.684: [GC 48292.684: [ParNew: 234726K->22294K(235968K), 0.0523134 secs] 759472K->553646K(1022400K), 0.0524933 secs] [Times: user=0.34 sys=0.02, real=0.06 secs] 
48294.938: [GC 48294.938: [ParNew: 232086K->21358K(235968K), 0.0407901 secs] 763438K->559871K(1022400K), 0.0409689 secs] [Times: user=0.25 sys=0.00, real=0.03 secs] 
48297.578: [GC 48297.578: [ParNew: 231150K->17716K(235968K), 0.0287534 secs] 769663K->561048K(1022400K), 0.0289123 secs] [Times: user=0.14 sys=0.00, real=0.03 secs] 
48300.179: [GC 48300.179: [ParNew: 227508K->24543K(235968K), 0.0281379 secs] 770840K->567875K(1022400K), 0.0283106 secs] [Times: user=0.25 sys=0.00, real=0.03 secs] 
48302.739: [GC 48302.739: [ParNew: 234335K->21347K(235968K), 0.0389410 secs] 777667K->572544K(1022400K), 0.0391215 secs] [Times: user=0.25 sys=0.00, real=0.03 secs] 
48306.153: [GC 48306.153: [ParNew: 231139K->15800K(235968K), 0.0213513 secs] 782336K->566997K(1022400K), 0.0215273 secs] [Times: user=0.24 sys=0.00, real=0.03 secs] 
48310.272: [GC 48310.272: [ParNew: 225592K->18952K(235968K), 0.0231792 secs] 776789K->570149K(1022400K), 0.0233368 secs] [Times: user=0.23 sys=0.00, real=0.03 secs] 
48312.856: [GC 48312.857: [ParNew: 228744K->25746K(235968K), 0.0338183 secs] 779941K->576943K(1022400K), 0.0339943 secs] [Times: user=0.34 sys=0.00, real=0.05 secs] 
48315.002: [GC 48315.002: [ParNew: 235538K->21278K(235968K), 0.0413796 secs] 786735K->580468K(1022400K), 0.0415600 secs] [Times: user=0.25 sys=0.00, real=0.03 secs] 
48317.778: [GC 48317.778: [ParNew: 231070K->15676K(235968K), 0.0281701 secs] 790260K->577213K(1022400K), 0.0283570 secs] [Times: user=0.24 sys=0.00, real=0.03 secs] 
48322.951: [GC 48322.951: [ParNew: 225468K->14029K(235968K), 0.0274666 secs] 787005K->579009K(1022400K), 0.0276541 secs] [Times: user=0.13 sys=0.00, real=0.02 secs] 
48327.245: [GC 48327.245: [ParNew: 223821K->10527K(235968K), 0.0170868 secs] 788801K->575508K(1022400K), 0.0172407 secs] [Times: user=0.13 sys=0.00, real=0.02 secs] 
48336.125: [GC 48336.125: [ParNew: 220319K->10924K(235968K), 0.0196464 secs] 785300K->575904K(1022400K), 0.0197941 secs] [Times: user=0.13 sys=0.00, real=0.02 secs] 
48339.403: [GC 48339.403: [ParNew: 220716K->22409K(235968K), 0.0441151 secs] 785696K->587389K(1022400K), 0.0442771 secs] [Times: user=0.38 sys=0.00, real=0.05 secs] 
48341.803: [GC 48341.803: [ParNew: 232201K->16712K(235968K), 0.0538946 secs] 797181K->588376K(1022400K), 0.0540708 secs] [Times: user=0.38 sys=0.00, real=0.05 secs] 
48346.331: [GC 48346.332: [ParNew: 226504K->11954K(235968K), 0.0121675 secs] 798168K->583618K(1022400K), 0.0123261 secs] [Times: user=0.13 sys=0.00, real=0.02 secs] 
48351.929: [GC 48351.929: [ParNew: 221746K->11016K(235968K), 0.0195586 secs] 793410K->582680K(1022400K), 0.0197408 secs] [Times: user=0.13 sys=0.00, real=0.01 secs] 
48360.230: [GC 48360.231: [ParNew: 220808K->10773K(235968K), 0.0152628 secs] 792472K->582437K(1022400K), 0.0154358 secs] [Times: user=0.13 sys=0.00, real=0.02 secs] 
48365.587: [GC 48365.588: [ParNew: 220565K->16130K(235968K), 0.0236689 secs] 792229K->588494K(1022400K), 0.0238500 secs] [Times: user=0.25 sys=0.00, real=0.03 secs] 
48372.184: [GC 48372.184: [ParNew: 225922K->10585K(235968K), 0.0195827 secs] 798286K->584202K(1022400K), 0.0197601 secs] [Times: user=0.23 sys=0.02, real=0.03 secs] 
48375.966: [GC 48375.966: [ParNew: 220377K->19318K(235968K), 0.0379084 secs] 793994K->592998K(1022400K), 0.0380856 secs] [Times: user=0.38 sys=0.00, real=0.05 secs] 
48377.983: [GC 48377.984: [ParNew: 229110K->22473K(235968K), 0.0550078 secs] 802790K->603264K(1022400K), 0.0551944 secs] [Times: user=0.34 sys=0.02, real=0.05 secs] 
48380.397: [GC 48380.397: [ParNew: 232265K->26176K(235968K), 0.0502947 secs] 813056K->611955K(1022400K), 0.0504528 secs] [Times: user=0.36 sys=0.02, real=0.05 secs] 
48382.369: [GC 48382.369: [ParNew: 235968K->22753K(235968K), 0.0428521 secs] 821747K->616399K(1022400K), 0.0430314 secs] [Times: user=0.38 sys=0.00, real=0.05 secs] 
48384.202: [GC 48384.202: [ParNew: 232545K->25685K(235968K), 0.0328707 secs] 826191K->623259K(1022400K), 0.0330489 secs] [Times: user=0.14 sys=0.00, real=0.03 secs] 
48386.465: [GC 48386.465: [ParNew: 235477K->19312K(235968K), 0.0301538 secs] 833051K->621124K(1022400K), 0.0303446 secs] [Times: user=0.25 sys=0.00, real=0.03 secs] 
48388.621: [GC 48388.621: [ParNew: 229104K->18352K(235968K), 0.0359297 secs] 830916K->624637K(1022400K), 0.0361026 secs] [Times: user=0.25 sys=0.00, real=0.05 secs] 
48392.212: [GC 48392.212: [ParNew: 228144K->13727K(235968K), 0.0259382 secs] 834429K->624464K(1022400K), 0.0261173 secs] [Times: user=0.25 sys=0.00, real=0.03 secs] 
48399.894: [GC 48399.894: [ParNew: 223519K->18973K(235968K), 0.0313079 secs] 834256K->629710K(1022400K), 0.0314836 secs] [Times: user=0.25 sys=0.00, real=0.03 secs] 
48405.397: [GC 48405.397: [ParNew: 228765K->15518K(235968K), 0.0294842 secs] 839502K->630705K(1022400K), 0.0296608 secs] [Times: user=0.25 sys=0.00, real=0.03 secs] 
48412.115: [GC 48412.115: [ParNew: 225310K->13785K(235968K), 0.0287179 secs] 840497K->628972K(1022400K), 0.0288679 secs] [Times: user=0.25 sys=0.00, real=0.03 secs] 
48418.341: [GC 48418.341: [ParNew: 223577K->17540K(235968K), 0.0246411 secs] 838764K->632727K(1022400K), 0.0248138 secs] [Times: user=0.25 sys=0.00, real=0.03 secs] 
48425.136: [GC 48425.136: [ParNew: 227332K->15223K(235968K), 0.0322281 secs] 842519K->631514K(1022400K), 0.0324142 secs] [Times: user=0.25 sys=0.00, real=0.03 secs] 
48429.116: [GC 48429.116: [ParNew: 225015K->15883K(235968K), 0.0352665 secs] 841306K->632255K(1022400K), 0.0354140 secs] [Times: user=0.22 sys=0.03, real=0.03 secs] 
48434.798: [GC 48434.798: [ParNew: 224137K->15018K(235968K), 0.0191946 secs] 840509K->631522K(1022400K), 0.0193737 secs] [Times: user=0.13 sys=0.00, real=0.02 secs] 
48442.427: [GC 48442.427: [ParNew: 224810K->12120K(235968K), 0.0212510 secs] 841314K->628761K(1022400K), 0.0214298 secs] [Times: user=0.13 sys=0.00, real=0.02 secs] 
48447.506: [GC 48447.506: [ParNew: 221912K->17195K(235968K), 0.0307754 secs] 838553K->634205K(1022400K), 0.0309531 secs] [Times: user=0.25 sys=0.00, real=0.03 secs] 
48453.057: [GC 48453.057: [ParNew: 226987K->12904K(235968K), 0.0264796 secs] 843997K->630028K(1022400K), 0.0266609 secs] [Times: user=0.23 sys=0.01, real=0.03 secs] 
48460.845: [GC 48460.845: [ParNew: 222696K->17976K(235968K), 0.0226641 secs] 839820K->635269K(1022400K), 0.0228345 secs] [Times: user=0.13 sys=0.00, real=0.02 secs] 
48467.087: [GC 48467.087: [ParNew: 227768K->12258K(235968K), 0.0326388 secs] 845061K->629831K(1022400K), 0.0327989 secs] [Times: user=0.25 sys=0.00, real=0.03 secs] 
48474.981: [GC 48474.981: [ParNew: 222050K->11252K(235968K), 0.0209909 secs] 839623K->628917K(1022400K), 0.0211465 secs] [Times: user=0.24 sys=0.02, real=0.03 secs] 
48480.338: [GC 48480.338: [ParNew: 221044K->23719K(235968K), 0.0394128 secs] 838709K->641462K(1022400K), 0.0395886 secs] [Times: user=0.36 sys=0.01, real=0.05 secs] 
48482.064: [GC 48482.065: [ParNew: 233511K->22422K(235968K), 0.0560694 secs] 851254K->648689K(1022400K), 0.0562488 secs] [Times: user=0.38 sys=0.00, real=0.05 secs] 
48484.683: [GC 48484.683: [ParNew: 232214K->17144K(235968K), 0.0326460 secs] 858481K->647904K(1022400K), 0.0328282 secs] [Times: user=0.25 sys=0.00, real=0.03 secs] 
48487.224: [GC 48487.224: [ParNew: 226936K->24406K(235968K), 0.0311095 secs] 857696K->655165K(1022400K), 0.0312643 secs] [Times: user=0.25 sys=0.00, real=0.03 secs] 
48490.328: [GC 48490.328: [ParNew: 234198K->17670K(235968K), 0.0401308 secs] 864957K->658995K(1022400K), 0.0403110 secs] [Times: user=0.25 sys=0.00, real=0.03 secs] 
48494.617: [GC 48494.618: [ParNew: 227462K->15776K(235968K), 0.0239371 secs] 868787K->657101K(1022400K), 0.0241162 secs] [Times: user=0.13 sys=0.00, real=0.03 secs] 
48499.390: [GC 48499.390: [ParNew: 225568K->23095K(235968K), 0.0245034 secs] 866893K->664420K(1022400K), 0.0246847 secs] [Times: user=0.14 sys=0.00, real=0.03 secs] 
48502.053: [GC 48502.053: [ParNew: 232887K->15473K(235968K), 0.0260349 secs] 874212K->660983K(1022400K), 0.0262324 secs] [Times: user=0.14 sys=0.00, real=0.03 secs] 
48505.522: [GC 48505.522: [ParNew: 225265K->13754K(235968K), 0.0277817 secs] 870775K->659265K(1022400K), 0.0279368 secs] [Times: user=0.25 sys=0.00, real=0.03 secs] 
48515.289: [GC 48515.289: [ParNew: 223545K->8252K(235968K), 0.0154707 secs] 869055K->653762K(1022400K), 0.0156190 secs] [Times: user=0.13 sys=0.00, real=0.02 secs] 
48521.469: [GC 48521.469: [ParNew: 218044K->15393K(235968K), 0.0370894 secs] 863554K->661391K(1022400K), 0.0372701 secs] [Times: user=0.25 sys=0.00, real=0.03 secs] 
48524.362: [GC 48524.362: [ParNew: 225185K->22335K(235968K), 0.0413997 secs] 871183K->669209K(1022400K), 0.0415617 secs] [Times: user=0.25 sys=0.00, real=0.03 secs] 
48527.573: [GC 48527.573: [ParNew: 232127K->14695K(235968K), 0.0255580 secs] 879001K->664043K(1022400K), 0.0257147 secs] [Times: user=0.25 sys=0.00, real=0.03 secs] 
48533.325: [GC 48533.325: [ParNew: 224487K->11668K(235968K), 0.0278686 secs] 873835K->661016K(1022400K), 0.0280469 secs] [Times: user=0.16 sys=0.00, real=0.03 secs] 
48537.869: [GC 48537.869: [ParNew: 221460K->15815K(235968K), 0.0228498 secs] 870808K->665163K(1022400K), 0.0230261 secs] [Times: user=0.13 sys=0.00, real=0.03 secs] 
48543.411: [GC 48543.411: [ParNew: 225607K->10627K(235968K), 0.0168574 secs] 874955K->660092K(1022400K), 0.0170385 secs] [Times: user=0.13 sys=0.00, real=0.02 secs] 
48549.654: [GC 48549.654: [ParNew: 220419K->12530K(235968K), 0.0253113 secs] 869884K->662582K(1022400K), 0.0254946 secs] [Times: user=0.25 sys=0.00, real=0.03 secs] 
48552.885: [GC 48552.885: [ParNew: 222322K->10167K(235968K), 0.0225341 secs] 872374K->660756K(1022400K), 0.0227163 secs] [Times: user=0.13 sys=0.00, real=0.03 secs] 
48557.835: [GC 48557.835: [ParNew: 219959K->15888K(235968K), 0.0228191 secs] 870548K->666823K(1022400K), 0.0229856 secs] [Times: user=0.11 sys=0.00, real=0.02 secs] 
48561.596: [GC 48561.596: [ParNew: 225680K->22001K(235968K), 0.0260567 secs] 876615K->673099K(1022400K), 0.0262279 secs] [Times: user=0.13 sys=0.00, real=0.02 secs] 
48564.771: [GC 48564.771: [ParNew: 231793K->18528K(235968K), 0.0274652 secs] 882891K->671753K(1022400K), 0.0276404 secs] [Times: user=0.14 sys=0.00, real=0.03 secs] 
48566.765: [GC 48566.765: [ParNew: 228320K->26176K(235968K), 0.0412904 secs] 881545K->680366K(1022400K), 0.0414528 secs] [Times: user=0.38 sys=0.00, real=0.05 secs] 
48568.645: [GC 48568.645: [ParNew: 235968K->26176K(235968K), 0.0564002 secs] 890158K->689913K(1022400K), 0.0565645 secs] [Times: user=0.33 sys=0.00, real=0.05 secs] 
48571.304: [GC 48571.304: [ParNew: 235968K->18718K(235968K), 0.0377771 secs] 899705K->686945K(1022400K), 0.0379582 secs] [Times: user=0.23 sys=0.00, real=0.03 secs] 
48575.729: [GC 48575.730: [ParNew: 228510K->16808K(235968K), 0.0204350 secs] 896737K->685035K(1022400K), 0.0206060 secs] [Times: user=0.13 sys=0.00, real=0.02 secs] 
48582.383: [GC 48582.383: [ParNew: 226600K->14362K(235968K), 0.0154676 secs] 894827K->682590K(1022400K), 0.0156444 secs] [Times: user=0.13 sys=0.00, real=0.01 secs] 
48587.141: [GC 48587.142: [ParNew: 224154K->26176K(235968K), 0.0338577 secs] 892382K->694976K(1022400K), 0.0340018 secs] [Times: user=0.25 sys=0.00, real=0.03 secs] 
48590.928: [GC 48590.928: [ParNew: 235968K->19553K(235968K), 0.0387647 secs] 904768K->696876K(1022400K), 0.0389510 secs] [Times: user=0.25 sys=0.00, real=0.03 secs] 
48595.162: [GC 48595.162: [ParNew: 229345K->11986K(235968K), 0.0259120 secs] 906668K->689309K(1022400K), 0.0260849 secs] [Times: user=0.13 sys=0.00, real=0.02 secs] 
48601.815: [GC 48601.815: [ParNew: 221778K->26176K(235968K), 0.0334420 secs] 899101K->703499K(1022400K), 0.0336222 secs] [Times: user=0.25 sys=0.00, real=0.03 secs] 
48605.558: [GC 48605.558: [ParNew: 235968K->26176K(235968K), 0.1466198 secs] 913291K->727303K(1022400K), 0.1467997 secs] [Times: user=1.00 sys=0.00, real=0.16 secs] 
48610.281: [GC 48610.281: [ParNew: 235968K->26176K(235968K), 0.1091653 secs] 937095K->751675K(1022400K), 0.1093446 secs] [Times: user=0.72 sys=0.00, real=0.11 secs] 
48610.391: [GC [1 CMS-initial-mark: 725499K(786432K)] 751786K(1022400K), 0.0420126 secs] [Times: user=0.05 sys=0.00, real=0.05 secs] 
48610.433: [CMS-concurrent-mark-start]
48611.901: [CMS-concurrent-mark: 1.468/1.468 secs] [Times: user=3.27 sys=0.00, real=1.47 secs] 
48611.901: [CMS-concurrent-preclean-start]
48611.919: [CMS-concurrent-preclean: 0.013/0.018 secs] [Times: user=0.02 sys=0.00, real=0.02 secs] 
48611.919: [CMS-concurrent-abortable-preclean-start]
CMS: abort preclean due to time 2010-04-21T08:13:46.233+0100: 48616.969: [CMS-concurrent-abortable-preclean: 4.847/5.050 secs] [Times: user=6.19 sys=0.47, real=5.05 secs] 
48616.970: [GC[YG occupancy: 137104 K (235968 K)]48616.970: [Rescan (parallel) , 0.1979844 secs]48617.168: [weak refs processing, 0.0002581 secs] [1 CMS-remark: 725499K(786432K)] 862604K(1022400K), 0.1983923 secs] [Times: user=0.19 sys=0.00, real=0.19 secs] 
48617.169: [CMS-concurrent-sweep-start]
48618.120: [CMS-concurrent-sweep: 0.950/0.951 secs] [Times: user=1.11 sys=0.00, real=0.95 secs] 
48618.120: [CMS-concurrent-reset-start]
48618.138: [CMS-concurrent-reset: 0.019/0.019 secs] [Times: user=0.01 sys=0.00, real=0.01 secs] 
48622.754: [GC 48622.754: [ParNew: 235968K->25725K(235968K), 0.0296197 secs] 661181K->454775K(1022400K), 0.0298133 secs] [Times: user=0.14 sys=0.00, real=0.03 secs] 
48625.103: [GC 48625.103: [ParNew: 235517K->24917K(235968K), 0.0407412 secs] 664567K->453968K(1022400K), 0.0408884 secs] [Times: user=0.38 sys=0.00, real=0.05 secs] 
48629.887: [GC 48629.887: [ParNew: 234709K->17291K(235968K), 0.0283170 secs] 663760K->449791K(1022400K), 0.0284950 secs] [Times: user=0.25 sys=0.00, real=0.03 secs] 
48635.446: [GC 48635.446: [ParNew: 227083K->8399K(235968K), 0.0161719 secs] 659583K->440899K(1022400K), 0.0163490 secs] [Times: user=0.13 sys=0.00, real=0.02 secs] 
48642.021: [GC 48642.021: [ParNew: 218191K->7637K(235968K), 0.0188144 secs] 650691K->440137K(1022400K), 0.0189848 secs] [Times: user=0.13 sys=0.00, real=0.02 secs] 
48649.866: [GC 48649.866: [ParNew: 217429K->26176K(235968K), 0.0843286 secs] 649929K->468589K(1022400K), 0.0845172 secs] [Times: user=0.63 sys=0.00, real=0.08 secs] 
48652.399: [GC 48652.400: [ParNew: 235968K->26176K(235968K), 0.2051702 secs] 678381K->510608K(1022400K), 0.2053308 secs] [Times: user=1.22 sys=0.03, real=0.20 secs] 
48654.696: [GC 48654.696: [ParNew: 235968K->26176K(235968K), 0.0825644 secs] 720400K->533857K(1022400K), 0.0827281 secs] [Times: user=0.50 sys=0.00, real=0.08 secs] 
48656.373: [GC 48656.373: [ParNew: 235968K->26176K(235968K), 0.0695231 secs] 743650K->549180K(1022400K), 0.0697052 secs] [Times: user=0.52 sys=0.00, real=0.08 secs] 
48659.114: [GC 48659.115: [ParNew: 235968K->26176K(235968K), 0.0867320 secs] 758972K->573431K(1022400K), 0.0868853 secs] [Times: user=0.50 sys=0.00, real=0.08 secs] 
48661.220: [GC 48661.220: [ParNew: 235968K->26176K(235968K), 0.0605482 secs] 783223K->583869K(1022400K), 0.0607326 secs] [Times: user=0.50 sys=0.00, real=0.06 secs] 
48671.042: [GC 48671.042: [ParNew: 235968K->21248K(235968K), 0.0240701 secs] 793661K->583711K(1022400K), 0.0242486 secs] [Times: user=0.14 sys=0.00, real=0.03 secs] 
48676.950: [GC 48676.950: [ParNew: 231040K->20920K(235968K), 0.0281142 secs] 793503K->583384K(1022400K), 0.0282975 secs] [Times: user=0.25 sys=0.00, real=0.03 secs] 
48681.989: [GC 48681.989: [ParNew: 230712K->14472K(235968K), 0.0434050 secs] 793176K->581362K(1022400K), 0.0435885 secs] [Times: user=0.25 sys=0.00, real=0.03 secs] 
48685.458: [GC 48685.458: [ParNew: 224256K->14409K(235968K), 0.0223179 secs] 791146K->581299K(1022400K), 0.0224920 secs] [Times: user=0.13 sys=0.00, real=0.02 secs] 
48690.958: [GC 48690.958: [ParNew: 224201K->9262K(235968K), 0.0162875 secs] 791091K->576152K(1022400K), 0.0164585 secs] [Times: user=0.11 sys=0.02, real=0.02 secs] 
48700.815: [GC 48700.815: [ParNew: 219054K->6316K(235968K), 0.0142272 secs] 785944K->573206K(1022400K), 0.0144049 secs] [Times: user=0.00 sys=0.00, real=0.00 secs] 
48704.551: [GC 48704.551: [ParNew: 216108K->16111K(235968K), 0.0309928 secs] 782998K->583192K(1022400K), 0.0311738 secs] [Times: user=0.13 sys=0.00, real=0.03 secs] 
48708.553: [GC 48708.553: [ParNew: 225903K->12037K(235968K), 0.0304611 secs] 792984K->582435K(1022400K), 0.0306139 secs] [Times: user=0.13 sys=0.00, real=0.03 secs] 
48716.863: [GC 48716.863: [ParNew: 221829K->9987K(235968K), 0.0221056 secs] 792227K->580385K(1022400K), 0.0222861 secs] [Times: user=0.13 sys=0.00, real=0.02 secs] 
48721.863: [GC 48721.863: [ParNew: 219779K->12472K(235968K), 0.0320778 secs] 790177K->582869K(1022400K), 0.0322639 secs] [Times: user=0.20 sys=0.05, real=0.03 secs] 
48726.390: [GC 48726.390: [ParNew: 222264K->26176K(235968K), 0.1488251 secs] 792661K->619989K(1022400K), 0.1489927 secs] [Times: user=1.03 sys=0.00, real=0.16 secs] 
48731.931: [GC 48731.931: [ParNew: 235968K->26176K(235968K), 0.1261300 secs] 829781K->644635K(1022400K), 0.1262943 secs] [Times: user=0.74 sys=0.02, real=0.13 secs] 
48738.281: [GC 48738.281: [ParNew: 235968K->25009K(235968K), 0.0652589 secs] 854427K->661698K(1022400K), 0.0654402 secs] [Times: user=0.39 sys=0.00, real=0.06 secs] 
48741.471: [GC 48741.471: [ParNew: 234801K->26176K(235968K), 0.2191144 secs] 871490K->700478K(1022400K), 0.2192768 secs] [Times: user=1.44 sys=0.00, real=0.23 secs] 
48743.324: [GC 48743.325: [ParNew: 235968K->26176K(235968K), 0.1161430 secs] 910270K->732537K(1022400K), 0.1163206 secs] [Times: user=0.77 sys=0.00, real=0.13 secs] 
48743.442: [GC [1 CMS-initial-mark: 706361K(786432K)] 732552K(1022400K), 0.0377137 secs] [Times: user=0.03 sys=0.00, real=0.03 secs] 
48743.479: [CMS-concurrent-mark-start]
48745.052: [CMS-concurrent-mark: 1.573/1.573 secs] [Times: user=5.36 sys=0.09, real=1.58 secs] 
48745.052: [CMS-concurrent-preclean-start]
48745.124: [CMS-concurrent-preclean: 0.049/0.072 secs] [Times: user=0.14 sys=0.03, real=0.06 secs] 
48745.124: [CMS-concurrent-abortable-preclean-start]
48745.919: [GC 48745.919: [ParNew: 234809K->26176K(235968K), 0.0790455 secs] 941170K->751564K(1022400K), 0.0791997 secs] [Times: user=0.50 sys=0.00, real=0.08 secs] 
48748.861: [CMS-concurrent-abortable-preclean: 3.416/3.737 secs] [Times: user=5.81 sys=0.47, real=3.73 secs] 
48748.862: [GC[YG occupancy: 131310 K (235968 K)]48748.862: [Rescan (parallel) , 0.0334107 secs]48748.895: [weak refs processing, 0.0003137 secs] [1 CMS-remark: 725388K(786432K)] 856698K(1022400K), 0.0338688 secs] [Times: user=0.23 sys=0.01, real=0.05 secs] 
48748.896: [CMS-concurrent-sweep-start]
48749.879: [CMS-concurrent-sweep: 0.983/0.983 secs] [Times: user=1.25 sys=0.02, real=0.99 secs] 
48749.879: [CMS-concurrent-reset-start]
48749.898: [CMS-concurrent-reset: 0.019/0.019 secs] [Times: user=0.02 sys=0.00, real=0.01 secs] 
48753.260: [GC 48753.260: [ParNew: 235968K->19819K(235968K), 0.0310542 secs] 703461K->496025K(1022400K), 0.0312171 secs] [Times: user=0.11 sys=0.02, real=0.03 secs] 
48758.100: [GC 48758.100: [ParNew: 229611K->21780K(235968K), 0.0307665 secs] 705817K->497985K(1022400K), 0.0309469 secs] [Times: user=0.24 sys=0.02, real=0.03 secs] 
48765.913: [GC 48765.913: [ParNew: 231572K->14360K(235968K), 0.0267484 secs] 707777K->496308K(1022400K), 0.0269037 secs] [Times: user=0.13 sys=0.00, real=0.02 secs] 
48777.087: [GC 48777.087: [ParNew: 224152K->10215K(235968K), 0.0341328 secs] 706100K->492163K(1022400K), 0.0343097 secs] [Times: user=0.23 sys=0.02, real=0.03 secs] 
48787.972: [GC 48787.973: [ParNew: 220007K->9137K(235968K), 0.0190343 secs] 701955K->491085K(1022400K), 0.0191927 secs] [Times: user=0.13 sys=0.00, real=0.02 secs] 
48797.643: [GC 48797.643: [ParNew: 218929K->6985K(235968K), 0.0178352 secs] 700877K->488933K(1022400K), 0.0180098 secs] [Times: user=0.14 sys=0.00, real=0.03 secs] 
48802.103: [GC 48802.103: [ParNew: 216777K->21529K(235968K), 0.0340342 secs] 698725K->503954K(1022400K), 0.0342127 secs] [Times: user=0.25 sys=0.00, real=0.03 secs] 
48805.024: [GC 48805.024: [ParNew: 231321K->17451K(235968K), 0.0313920 secs] 713746K->503154K(1022400K), 0.0315543 secs] [Times: user=0.25 sys=0.00, real=0.03 secs] 
48808.601: [GC 48808.601: [ParNew: 227243K->15635K(235968K), 0.0250236 secs] 712946K->501337K(1022400K), 0.0251845 secs] [Times: user=0.13 sys=0.00, real=0.02 secs] 
48812.380: [GC 48812.380: [ParNew: 225427K->18402K(235968K), 0.0338023 secs] 711129K->504105K(1022400K), 0.0339764 secs] [Times: user=0.25 sys=0.00, real=0.03 secs] 
48814.957: [GC 48814.957: [ParNew: 228194K->20200K(235968K), 0.0414298 secs] 713897K->508920K(1022400K), 0.0416086 secs] [Times: user=0.25 sys=0.00, real=0.03 secs] 
48817.732: [GC 48817.732: [ParNew: 229992K->14897K(235968K), 0.0317742 secs] 718712K->507586K(1022400K), 0.0319557 secs] [Times: user=0.25 sys=0.00, real=0.03 secs] 
48825.646: [GC 48825.646: [ParNew: 224689K->12666K(235968K), 0.0149301 secs] 717378K->505355K(1022400K), 0.0150734 secs] [Times: user=0.13 sys=0.00, real=0.02 secs] 
48829.578: [GC 48829.578: [ParNew: 222458K->14295K(235968K), 0.0195064 secs] 715147K->506984K(1022400K), 0.0196547 secs] [Times: user=0.13 sys=0.00, real=0.02 secs] 
48837.447: [GC 48837.447: [ParNew: 224087K->13982K(235968K), 0.0170253 secs] 716776K->506671K(1022400K), 0.0172075 secs] [Times: user=0.13 sys=0.00, real=0.02 secs] 
48848.965: [GC 48848.965: [ParNew: 223774K->13531K(235968K), 0.0213524 secs] 716463K->508630K(1022400K), 0.0215363 secs] [Times: user=0.13 sys=0.00, real=0.02 secs] 
48854.466: [GC 48854.466: [ParNew: 223323K->17781K(235968K), 0.0255616 secs] 718422K->513923K(1022400K), 0.0257594 secs] [Times: user=0.23 sys=0.02, real=0.03 secs] 
48856.788: [GC 48856.789: [ParNew: 227573K->24380K(235968K), 0.0301332 secs] 723715K->520659K(1022400K), 0.0303069 secs] [Times: user=0.25 sys=0.00, real=0.03 secs] 
48859.298: [GC 48859.298: [ParNew: 234172K->19165K(235968K), 0.0321284 secs] 730451K->518551K(1022400K), 0.0322857 secs] [Times: user=0.25 sys=0.00, real=0.03 secs] 
48865.208: [GC 48865.208: [ParNew: 228957K->13574K(235968K), 0.0170524 secs] 728343K->512960K(1022400K), 0.0172170 secs] [Times: user=0.13 sys=0.00, real=0.02 secs] 
48873.006: [GC 48873.007: [ParNew: 223366K->6275K(235968K), 0.0123890 secs] 722752K->505660K(1022400K), 0.0125387 secs] [Times: user=0.00 sys=0.00, real=0.00 secs] 
48877.028: [GC 48877.028: [ParNew: 216067K->12009K(235968K), 0.0278683 secs] 715452K->511394K(1022400K), 0.0280192 secs] [Times: user=0.25 sys=0.00, real=0.03 secs] 
48881.892: [GC 48881.893: [ParNew: 221801K->16203K(235968K), 0.0306408 secs] 721186K->516405K(1022400K), 0.0308246 secs] [Times: user=0.25 sys=0.00, real=0.03 secs] 
48886.820: [GC 48886.820: [ParNew: 225995K->17398K(235968K), 0.0250138 secs] 726197K->518448K(1022400K), 0.0251820 secs] [Times: user=0.13 sys=0.00, real=0.02 secs] 
48890.093: [GC 48890.093: [ParNew: 227190K->13580K(235968K), 0.0244400 secs] 728240K->514923K(1022400K), 0.0245908 secs] [Times: user=0.25 sys=0.00, real=0.03 secs] 
48895.792: [GC 48895.792: [ParNew: 223372K->10297K(235968K), 0.0154291 secs] 724715K->511752K(1022400K), 0.0155863 secs] [Times: user=0.13 sys=0.00, real=0.02 secs] 
48904.694: [GC 48904.694: [ParNew: 220089K->8709K(235968K), 0.0201908 secs] 721544K->510576K(1022400K), 0.0203601 secs] [Times: user=0.13 sys=0.00, real=0.02 secs] 
48910.582: [GC 48910.582: [ParNew: 218501K->10633K(235968K), 0.0347924 secs] 720368K->513021K(1022400K), 0.0349737 secs] [Times: user=0.36 sys=0.01, real=0.05 secs] 
48913.998: [GC 48913.999: [ParNew: 220425K->23405K(235968K), 0.0360219 secs] 722813K->525965K(1022400K), 0.0361987 secs] [Times: user=0.25 sys=0.00, real=0.03 secs] 
48916.216: [GC 48916.216: [ParNew: 233197K->26176K(235968K), 0.0434494 secs] 735757K->539654K(1022400K), 0.0436307 secs] [Times: user=0.27 sys=0.00, real=0.05 secs] 
48917.395: [GC 48917.395: [ParNew (promotion failed): 235968K->234412K(235968K), 0.1497512 secs]48917.545: [CMS: 527005K->463756K(786432K), 4.2508447 secs] 749446K->463756K(1022400K), [CMS Perm : 23156K->23153K(38736K)], 4.4008546 secs] [Times: user=4.58 sys=0.02, real=4.41 secs] 
48922.633: [GC 48922.633: [ParNew: 209792K->26176K(235968K), 0.0196950 secs] 673548K->489934K(1022400K), 0.0198603 secs] [Times: user=0.13 sys=0.00, real=0.02 secs] 
48925.067: [GC 48925.067: [ParNew: 235968K->22818K(235968K), 0.0247135 secs] 699726K->492068K(1022400K), 0.0248956 secs] [Times: user=0.20 sys=0.00, real=0.03 secs] 
48926.918: [GC 48926.918: [ParNew: 232610K->18630K(235968K), 0.0135830 secs] 701860K->487880K(1022400K), 0.0137707 secs] [Times: user=0.13 sys=0.00, real=0.01 secs] 
48929.282: [GC 48929.282: [ParNew: 228422K->25002K(235968K), 0.0194173 secs] 697672K->500533K(1022400K), 0.0195801 secs] [Times: user=0.14 sys=0.00, real=0.03 secs] 
48930.800: [GC 48930.800: [ParNew: 234794K->26176K(235968K), 0.0383554 secs] 710325K->524070K(1022400K), 0.0385222 secs] [Times: user=0.34 sys=0.02, real=0.05 secs] 
48933.880: [GC 48933.880: [ParNew: 235968K->22807K(235968K), 0.0304150 secs] 733862K->535420K(1022400K), 0.0305787 secs] [Times: user=0.11 sys=0.00, real=0.02 secs] 
48935.250: [GC 48935.250: [ParNew: 232599K->19236K(235968K), 0.0226210 secs] 745212K->537087K(1022400K), 0.0228096 secs] [Times: user=0.25 sys=0.00, real=0.03 secs] 
48936.161: [GC 48936.161: [ParNew: 229028K->26176K(235968K), 0.0308402 secs] 746879K->548166K(1022400K), 0.0310277 secs] [Times: user=0.19 sys=0.00, real=0.03 secs] 
48936.985: [GC 48936.985: [ParNew: 235968K->25028K(235968K), 0.0365368 secs] 757958K->557350K(1022400K), 0.0367133 secs] [Times: user=0.25 sys=0.00, real=0.05 secs] 
48937.874: [GC 48937.874: [ParNew: 234820K->19829K(235968K), 0.0223900 secs] 767142K->555725K(1022400K), 0.0225462 secs] [Times: user=0.14 sys=0.00, real=0.03 secs] 
48939.097: [GC 48939.098: [ParNew: 229621K->21841K(235968K), 0.0200545 secs] 765517K->559718K(1022400K), 0.0202084 secs] [Times: user=0.25 sys=0.00, real=0.03 secs] 
48940.038: [GC 48940.038: [ParNew: 231633K->25835K(235968K), 0.0246635 secs] 769510K->566790K(1022400K), 0.0248526 secs] [Times: user=0.13 sys=0.00, real=0.02 secs] 
48941.390: [GC 48941.390: [ParNew: 235627K->18947K(235968K), 0.0242796 secs] 776582K->563951K(1022400K), 0.0244444 secs] [Times: user=0.25 sys=0.00, real=0.03 secs] 
48942.642: [GC 48942.643: [ParNew: 228739K->22841K(235968K), 0.0211901 secs] 773743K->570531K(1022400K), 0.0213728 secs] [Times: user=0.25 sys=0.00, real=0.03 secs] 
48943.880: [GC 48943.880: [ParNew: 232633K->25007K(235968K), 0.0237675 secs] 780323K->576106K(1022400K), 0.0239516 secs] [Times: user=0.14 sys=0.00, real=0.03 secs] 
48944.958: [GC 48944.959: [ParNew: 234799K->25082K(235968K), 0.0255904 secs] 785898K->580257K(1022400K), 0.0257466 secs] [Times: user=0.11 sys=0.00, real=0.02 secs] 
48946.263: [GC 48946.264: [ParNew: 234874K->20928K(235968K), 0.0216022 secs] 790049K->579535K(1022400K), 0.0217863 secs] [Times: user=0.13 sys=0.00, real=0.02 secs] 
48947.127: [GC 48947.127: [ParNew: 230720K->24772K(235968K), 0.0201263 secs] 789327K->585775K(1022400K), 0.0203135 secs] [Times: user=0.14 sys=0.00, real=0.03 secs] 
48947.969: [GC 48947.969: [ParNew: 234564K->23660K(235968K), 0.0267721 secs] 795567K->588880K(1022400K), 0.0269529 secs] [Times: user=0.23 sys=0.00, real=0.03 secs] 
48948.912: [GC 48948.912: [ParNew: 233452K->26176K(235968K), 0.0264615 secs] 798672K->594732K(1022400K), 0.0266405 secs] [Times: user=0.13 sys=0.00, real=0.02 secs] 
48949.848: [GC 48949.849: [ParNew: 235968K->22583K(235968K), 0.0240047 secs] 804524K->594873K(1022400K), 0.0241947 secs] [Times: user=0.19 sys=0.00, real=0.03 secs] 
48950.649: [GC 48950.649: [ParNew: 232375K->25700K(235968K), 0.0264833 secs] 804665K->601865K(1022400K), 0.0266595 secs] [Times: user=0.13 sys=0.00, real=0.01 secs] 
48951.716: [GC 48951.716: [ParNew: 235492K->26176K(235968K), 0.0288229 secs] 811657K->607699K(1022400K), 0.0290040 secs] [Times: user=0.23 sys=0.02, real=0.03 secs] 
48952.844: [GC 48952.844: [ParNew: 235968K->21850K(235968K), 0.0271984 secs] 817491K->608800K(1022400K), 0.0273797 secs] [Times: user=0.25 sys=0.00, real=0.03 secs] 
48954.386: [GC 48954.386: [ParNew: 231642K->15419K(235968K), 0.0168228 secs] 818592K->605075K(1022400K), 0.0169996 secs] [Times: user=0.13 sys=0.00, real=0.02 secs] 
48955.997: [GC 48955.997: [ParNew: 225211K->26176K(235968K), 0.0262461 secs] 814867K->615834K(1022400K), 0.0264319 secs] [Times: user=0.23 sys=0.02, real=0.03 secs] 
48957.252: [GC 48957.252: [ParNew: 235337K->26176K(235968K), 0.0373936 secs] 824995K->624001K(1022400K), 0.0375760 secs] [Times: user=0.26 sys=0.00, real=0.05 secs] 
48958.044: [GC 48958.044: [ParNew: 235968K->26176K(235968K), 0.0297457 secs] 833793K->628939K(1022400K), 0.0299253 secs] [Times: user=0.25 sys=0.00, real=0.03 secs] 
48959.030: [GC 48959.030: [ParNew: 235968K->26176K(235968K), 0.0295666 secs] 838732K->632881K(1022400K), 0.0297527 secs] [Times: user=0.24 sys=0.01, real=0.03 secs] 
48959.979: [GC 48959.979: [ParNew: 235968K->26176K(235968K), 0.0315459 secs] 842673K->637537K(1022400K), 0.0317325 secs] [Times: user=0.25 sys=0.00, real=0.03 secs] 
48960.948: [GC 48960.948: [ParNew: 235964K->26176K(235968K), 0.0341250 secs] 847326K->642400K(1022400K), 0.0343099 secs] [Times: user=0.25 sys=0.00, real=0.03 secs] 
48961.869: [GC 48961.869: [ParNew: 235968K->26055K(235968K), 0.0308863 secs] 852192K->646752K(1022400K), 0.0310749 secs] [Times: user=0.25 sys=0.00, real=0.03 secs] 
48962.694: [GC 48962.694: [ParNew: 235847K->26176K(235968K), 0.0301901 secs] 856544K->651063K(1022400K), 0.0303748 secs] [Times: user=0.14 sys=0.00, real=0.03 secs] 
48963.482: [GC 48963.483: [ParNew: 235968K->26176K(235968K), 0.0364261 secs] 860855K->657809K(1022400K), 0.0366114 secs] [Times: user=0.25 sys=0.00, real=0.03 secs] 
48964.621: [GC 48964.621: [ParNew: 235968K->23060K(235968K), 0.0338551 secs] 867601K->660732K(1022400K), 0.0340133 secs] [Times: user=0.25 sys=0.00, real=0.03 secs] 
48966.543: [GC 48966.543: [ParNew: 232852K->19102K(235968K), 0.0272861 secs] 870524K->662745K(1022400K), 0.0274756 secs] [Times: user=0.13 sys=0.00, real=0.03 secs] 
48967.770: [GC 48967.770: [ParNew: 228894K->16793K(235968K), 0.0205764 secs] 872537K->664246K(1022400K), 0.0207739 secs] [Times: user=0.25 sys=0.00, real=0.03 secs] 
48969.337: [GC 48969.337: [ParNew: 226585K->24282K(235968K), 0.0173343 secs] 874038K->671736K(1022400K), 0.0175109 secs] [Times: user=0.13 sys=0.00, real=0.02 secs] 
48970.475: [GC 48970.475: [ParNew: 234074K->26176K(235968K), 0.0292342 secs] 881528K->677166K(1022400K), 0.0294230 secs] [Times: user=0.13 sys=0.00, real=0.02 secs] 
48971.532: [GC 48971.532: [ParNew: 235968K->18344K(235968K), 0.0342655 secs] 886958K->677821K(1022400K), 0.0344502 secs] [Times: user=0.22 sys=0.00, real=0.03 secs] 
48972.829: [GC 48972.829: [ParNew: 228136K->26176K(235968K), 0.0221137 secs] 887613K->685656K(1022400K), 0.0222718 secs] [Times: user=0.25 sys=0.00, real=0.03 secs] 
48974.543: [GC 48974.543: [ParNew: 235968K->18566K(235968K), 0.0357663 secs] 895448K->685387K(1022400K), 0.0359283 secs] [Times: user=0.25 sys=0.00, real=0.03 secs] 
48975.863: [GC 48975.863: [ParNew: 228358K->19262K(235968K), 0.0272202 secs] 895179K->690757K(1022400K), 0.0274093 secs] [Times: user=0.25 sys=0.00, real=0.03 secs] 
48977.098: [GC 48977.098: [ParNew: 229054K->15531K(235968K), 0.0277169 secs] 900549K->692971K(1022400K), 0.0278801 secs] [Times: user=0.25 sys=0.00, real=0.03 secs] 
48978.189: [GC 48978.189: [ParNew: 225323K->22827K(235968K), 0.0211789 secs] 902763K->700266K(1022400K), 0.0213505 secs] [Times: user=0.25 sys=0.00, real=0.03 secs] 
48979.525: [GC 48979.525: [ParNew: 232619K->23026K(235968K), 0.0277418 secs] 910058K->703185K(1022400K), 0.0279309 secs] [Times: user=0.14 sys=0.00, real=0.03 secs] 
48981.278: [GC 48981.278: [ParNew: 232818K->22054K(235968K), 0.0247165 secs] 912977K->705618K(1022400K), 0.0248962 secs] [Times: user=0.14 sys=0.00, real=0.03 secs] 
48983.738: [GC 48983.738: [ParNew: 231846K->21188K(235968K), 0.0281418 secs] 915410K->708346K(1022400K), 0.0283315 secs] [Times: user=0.25 sys=0.00, real=0.03 secs] 
48985.197: [GC 48985.197: [ParNew: 230980K->26176K(235968K), 0.0320138 secs] 918138K->717278K(1022400K), 0.0321957 secs] [Times: user=0.25 sys=0.00, real=0.03 secs] 
48987.504: [GC 48987.504: [ParNew: 235968K->26176K(235968K), 0.0537702 secs] 927070K->735257K(1022400K), 0.0539560 secs] [Times: user=0.34 sys=0.01, real=0.06 secs] 
48989.424: [GC 48989.424: [ParNew: 235968K->22869K(235968K), 0.0284360 secs] 945049K->731950K(1022400K), 0.0286176 secs] [Times: user=0.25 sys=0.00, real=0.03 secs] 
48990.088: [GC 48990.088: [ParNew: 232661K->20286K(235968K), 0.0428557 secs] 941742K->737239K(1022400K), 0.0430222 secs] [Times: user=0.25 sys=0.01, real=0.05 secs] 
48991.380: [GC 48991.380: [ParNew: 230078K->15525K(235968K), 0.0279223 secs] 947031K->739575K(1022400K), 0.0280804 secs] [Times: user=0.25 sys=0.00, real=0.03 secs] 
48991.409: [GC [1 CMS-initial-mark: 724049K(786432K)] 740887K(1022400K), 0.0153293 secs] [Times: user=0.02 sys=0.00, real=0.02 secs] 
48991.424: [CMS-concurrent-mark-start]
48992.289: [GC 48992.289: [ParNew: 225317K->15943K(235968K), 0.0192497 secs] 949367K->739993K(1022400K), 0.0194430 secs] [Times: user=0.13 sys=0.00, real=0.02 secs] 
48992.796: [GC 48992.796: [ParNew: 225735K->22757K(235968K), 0.0268456 secs] 949785K->746807K(1022400K), 0.0269973 secs] [Times: user=0.25 sys=0.00, real=0.03 secs] 
48993.017: [CMS-concurrent-mark: 1.545/1.592 secs] [Times: user=6.58 sys=0.06, real=1.59 secs] 
48993.017: [CMS-concurrent-preclean-start]
48993.160: [CMS-concurrent-preclean: 0.097/0.143 secs] [Times: user=0.22 sys=0.09, real=0.14 secs] 
48993.160: [CMS-concurrent-abortable-preclean-start]
48993.556: [GC 48993.556: [ParNew: 232549K->23009K(235968K), 0.0390228 secs] 956599K->753066K(1022400K), 0.0392268 secs] [Times: user=0.24 sys=0.00, real=0.03 secs] 
48993.811: [CMS-concurrent-abortable-preclean: 0.529/0.652 secs] [Times: user=1.98 sys=0.17, real=0.66 secs] 
48993.812: [GC[YG occupancy: 148208 K (235968 K)]48993.812: [Rescan (parallel) , 0.0197011 secs]48993.832: [weak refs processing, 0.0003179 secs] [1 CMS-remark: 730056K(786432K)] 878265K(1022400K), 0.0201685 secs] [Times: user=0.13 sys=0.00, real=0.02 secs] 
48993.832: [CMS-concurrent-sweep-start]
48993.993: [GC 48993.993: [ParNew: 232801K->26176K(235968K), 0.0329779 secs] 962800K->758781K(1022400K), 0.0331514 secs] [Times: user=0.24 sys=0.02, real=0.03 secs] 
48994.638: [GC 48994.639: [ParNew: 235968K->26176K(235968K), 0.0334777 secs] 739716K->532885K(1022400K), 0.0336632 secs] [Times: user=0.22 sys=0.02, real=0.03 secs] 
48994.769: [CMS-concurrent-sweep: 0.868/0.936 secs] [Times: user=3.69 sys=0.05, real=0.94 secs] 
48994.769: [CMS-concurrent-reset-start]
48994.789: [CMS-concurrent-reset: 0.020/0.020 secs] [Times: user=0.11 sys=0.00, real=0.03 secs] 
48995.130: [GC 48995.130: [ParNew: 235968K->22301K(235968K), 0.0379629 secs] 703837K->499755K(1022400K), 0.0381409 secs] [Times: user=0.20 sys=0.00, real=0.05 secs] 
48996.259: [GC 48996.259: [ParNew: 232093K->19069K(235968K), 0.0180682 secs] 709547K->496523K(1022400K), 0.0182498 secs] [Times: user=0.13 sys=0.00, real=0.02 secs] 
48997.686: [GC 48997.686: [ParNew: 228861K->18560K(235968K), 0.0233401 secs] 706315K->498976K(1022400K), 0.0234966 secs] [Times: user=0.14 sys=0.01, real=0.03 secs] 
48999.457: [GC 48999.458: [ParNew: 228352K->24152K(235968K), 0.0254356 secs] 708768K->504568K(1022400K), 0.0256161 secs] [Times: user=0.25 sys=0.00, real=0.03 secs] 
49001.134: [GC 49001.134: [ParNew: 233944K->21632K(235968K), 0.0377939 secs] 714360K->508910K(1022400K), 0.0379825 secs] [Times: user=0.24 sys=0.02, real=0.03 secs] 
49002.898: [GC 49002.898: [ParNew: 231424K->16685K(235968K), 0.0385110 secs] 718702K->508803K(1022400K), 0.0386636 secs] [Times: user=0.22 sys=0.03, real=0.03 secs] 
49005.996: [GC 49005.996: [ParNew: 226477K->26176K(235968K), 0.0263961 secs] 718595K->518314K(1022400K), 0.0265794 secs] [Times: user=0.25 sys=0.00, real=0.03 secs] 
49007.113: [GC 49007.113: [ParNew: 235968K->17341K(235968K), 0.0390293 secs] 728106K->520787K(1022400K), 0.0391877 secs] [Times: user=0.27 sys=0.00, real=0.05 secs] 
49007.475: [GC 49007.475: [ParNew: 227126K->17992K(235968K), 0.0223875 secs] 730573K->521439K(1022400K), 0.0225660 secs] [Times: user=0.13 sys=0.00, real=0.02 secs] 
49008.042: [GC 49008.043: [ParNew: 227784K->20480K(235968K), 0.0270696 secs] 731231K->527032K(1022400K), 0.0272468 secs] [Times: user=0.13 sys=0.00, real=0.03 secs] 
49008.557: [GC 49008.557: [ParNew: 230272K->13511K(235968K), 0.0251077 secs] 736824K->522972K(1022400K), 0.0252839 secs] [Times: user=0.13 sys=0.00, real=0.02 secs] 
49009.949: [GC 49009.949: [ParNew: 223303K->19983K(235968K), 0.0182238 secs] 732764K->529444K(1022400K), 0.0184082 secs] [Times: user=0.13 sys=0.00, real=0.01 secs] 
49011.147: [GC 49011.147: [ParNew: 229775K->15616K(235968K), 0.0193315 secs] 739236K->525076K(1022400K), 0.0195139 secs] [Times: user=0.13 sys=0.00, real=0.01 secs] 
49014.368: [GC 49014.368: [ParNew: 225408K->23702K(235968K), 0.0256583 secs] 734868K->534944K(1022400K), 0.0258181 secs] [Times: user=0.13 sys=0.00, real=0.02 secs] 
49015.450: [GC 49015.450: [ParNew: 233494K->26176K(235968K), 0.0365602 secs] 744736K->541620K(1022400K), 0.0367393 secs] [Times: user=0.25 sys=0.00, real=0.03 secs] 
49016.768: [GC 49016.768: [ParNew: 235968K->19074K(235968K), 0.0311598 secs] 751412K->541551K(1022400K), 0.0313448 secs] [Times: user=0.25 sys=0.00, real=0.03 secs] 
49019.088: [GC 49019.089: [ParNew: 228866K->16768K(235968K), 0.0196866 secs] 751343K->539245K(1022400K), 0.0198643 secs] [Times: user=0.13 sys=0.00, real=0.02 secs] 
49024.496: [GC 49024.496: [ParNew: 226560K->23755K(235968K), 0.0374486 secs] 749037K->546232K(1022400K), 0.0376059 secs] [Times: user=0.22 sys=0.03, real=0.03 secs] 
49029.848: [GC 49029.848: [ParNew: 233547K->23112K(235968K), 0.0446177 secs] 756024K->548151K(1022400K), 0.0447783 secs] [Times: user=0.38 sys=0.00, real=0.05 secs] 
49030.776: [GC 49030.776: [ParNew: 232904K->18109K(235968K), 0.0583613 secs] 757943K->557330K(1022400K), 0.0585661 secs] [Times: user=0.39 sys=0.00, real=0.06 secs] 
49031.400: [GC 49031.400: [ParNew: 227901K->16308K(235968K), 0.0216564 secs] 767122K->555529K(1022400K), 0.0218338 secs] [Times: user=0.13 sys=0.00, real=0.01 secs] 
49032.271: [GC 49032.271: [ParNew: 226100K->21750K(235968K), 0.0340619 secs] 765321K->565239K(1022400K), 0.0342460 secs] [Times: user=0.24 sys=0.00, real=0.05 secs] 
49033.396: [GC 49033.396: [ParNew: 231542K->21721K(235968K), 0.0309866 secs] 775031K->568401K(1022400K), 0.0311699 secs] [Times: user=0.25 sys=0.00, real=0.03 secs] 
49037.095: [GC 49037.096: [ParNew: 231513K->26176K(235968K), 0.0307760 secs] 778193K->575799K(1022400K), 0.0309330 secs] [Times: user=0.25 sys=0.00, real=0.03 secs] 
49041.857: [GC 49041.857: [ParNew: 235968K->20043K(235968K), 0.0306282 secs] 785591K->576651K(1022400K), 0.0307919 secs] [Times: user=0.23 sys=0.01, real=0.03 secs] 
49050.324: [GC 49050.324: [ParNew: 229835K->8873K(235968K), 0.0123424 secs] 786443K->565481K(1022400K), 0.0124929 secs] [Times: user=0.13 sys=0.00, real=0.02 secs] 
49054.441: [GC 49054.441: [ParNew: 218665K->20033K(235968K), 0.0308369 secs] 775273K->576641K(1022400K), 0.0310165 secs] [Times: user=0.25 sys=0.00, real=0.03 secs] 
49056.329: [GC 49056.329: [ParNew: 229825K->26176K(235968K), 0.0714778 secs] 786433K->592808K(1022400K), 0.0716667 secs] [Times: user=0.50 sys=0.02, real=0.08 secs] 
49060.433: [GC 49060.433: [ParNew: 235968K->17485K(235968K), 0.0345876 secs] 802600K->590029K(1022400K), 0.0347762 secs] [Times: user=0.25 sys=0.00, real=0.03 secs] 
49064.873: [GC 49064.873: [ParNew: 227277K->9198K(235968K), 0.0134945 secs] 799821K->581743K(1022400K), 0.0136677 secs] [Times: user=0.13 sys=0.00, real=0.02 secs] 
49069.695: [GC 49069.695: [ParNew: 218990K->19500K(235968K), 0.0266553 secs] 791535K->592044K(1022400K), 0.0268380 secs] [Times: user=0.13 sys=0.00, real=0.02 secs] 
49071.788: [GC 49071.789: [ParNew: 229292K->26176K(235968K), 0.0382987 secs] 801836K->601010K(1022400K), 0.0384879 secs] [Times: user=0.25 sys=0.00, real=0.03 secs] 
49073.528: [GC 49073.528: [ParNew: 235968K->25097K(235968K), 0.0547218 secs] 810802K->609157K(1022400K), 0.0549142 secs] [Times: user=0.38 sys=0.00, real=0.05 secs] 
49075.127: [GC 49075.128: [ParNew: 234889K->26176K(235968K), 0.0486894 secs] 818949K->616378K(1022400K), 0.0488543 secs] [Times: user=0.38 sys=0.00, real=0.05 secs] 
49077.149: [GC 49077.149: [ParNew: 235968K->26176K(235968K), 0.0491730 secs] 826170K->624759K(1022400K), 0.0493649 secs] [Times: user=0.26 sys=0.00, real=0.05 secs] 
49078.795: [GC 49078.795: [ParNew: 235968K->23099K(235968K), 0.0395729 secs] 834551K->628397K(1022400K), 0.0397335 secs] [Times: user=0.27 sys=0.00, real=0.05 secs] 
49081.791: [GC 49081.791: [ParNew: 232891K->18921K(235968K), 0.0308360 secs] 838189K->628271K(1022400K), 0.0310199 secs] [Times: user=0.13 sys=0.00, real=0.03 secs] 
49087.063: [GC 49087.063: [ParNew: 228713K->18172K(235968K), 0.0356540 secs] 838063K->633960K(1022400K), 0.0358473 secs] [Times: user=0.25 sys=0.00, real=0.03 secs] 
49090.066: [GC 49090.066: [ParNew: 227964K->15676K(235968K), 0.0176274 secs] 843752K->631464K(1022400K), 0.0178132 secs] [Times: user=0.13 sys=0.00, real=0.02 secs] 
49093.439: [GC 49093.439: [ParNew: 225468K->22524K(235968K), 0.0291652 secs] 841256K->638313K(1022400K), 0.0293289 secs] [Times: user=0.25 sys=0.00, real=0.03 secs] 
49100.517: [GC 49100.517: [ParNew: 232316K->14810K(235968K), 0.0286746 secs] 848105K->634693K(1022400K), 0.0288682 secs] [Times: user=0.25 sys=0.00, real=0.03 secs] 
49105.977: [GC 49105.977: [ParNew: 224602K->12897K(235968K), 0.0189857 secs] 844485K->632780K(1022400K), 0.0191672 secs] [Times: user=0.13 sys=0.00, real=0.02 secs] 
49111.763: [GC 49111.763: [ParNew: 222689K->16156K(235968K), 0.0252007 secs] 842572K->636039K(1022400K), 0.0253789 secs] [Times: user=0.13 sys=0.00, real=0.03 secs] 
49117.082: [GC 49117.082: [ParNew: 225948K->19080K(235968K), 0.0238868 secs] 845831K->638963K(1022400K), 0.0240768 secs] [Times: user=0.25 sys=0.00, real=0.03 secs] 
49119.208: [GC 49119.208: [ParNew: 228872K->23772K(235968K), 0.0312258 secs] 848755K->644285K(1022400K), 0.0314093 secs] [Times: user=0.25 sys=0.00, real=0.03 secs] 
49126.727: [GC 49126.728: [ParNew: 233564K->14401K(235968K), 0.0230471 secs] 854077K->637123K(1022400K), 0.0232088 secs] [Times: user=0.13 sys=0.00, real=0.02 secs] 
49130.412: [GC 49130.412: [ParNew: 224193K->19497K(235968K), 0.0266640 secs] 846915K->642219K(1022400K), 0.0268495 secs] [Times: user=0.23 sys=0.00, real=0.03 secs] 
49132.578: [GC 49132.578: [ParNew: 229289K->26176K(235968K), 0.0518323 secs] 852011K->654561K(1022400K), 0.0519954 secs] [Times: user=0.38 sys=0.00, real=0.05 secs] 
49134.084: [GC 49134.084: [ParNew: 235968K->26176K(235968K), 0.0528288 secs] 864353K->663006K(1022400K), 0.0530106 secs] [Times: user=0.39 sys=0.00, real=0.06 secs] 
49135.745: [GC 49135.745: [ParNew: 235968K->19606K(235968K), 0.0368628 secs] 872798K->661065K(1022400K), 0.0370455 secs] [Times: user=0.25 sys=0.00, real=0.03 secs] 
49137.577: [GC 49137.577: [ParNew: 229398K->26176K(235968K), 0.0445892 secs] 870857K->673919K(1022400K), 0.0447437 secs] [Times: user=0.27 sys=0.00, real=0.05 secs] 
49141.031: [GC 49141.031: [ParNew: 235968K->20151K(235968K), 0.0365756 secs] 883711K->675625K(1022400K), 0.0367334 secs] [Times: user=0.23 sys=0.00, real=0.03 secs] 
49146.455: [GC 49146.455: [ParNew: 229943K->17589K(235968K), 0.0179067 secs] 885417K->673062K(1022400K), 0.0180886 secs] [Times: user=0.13 sys=0.00, real=0.02 secs] 
49151.189: [GC 49151.189: [ParNew: 227381K->22759K(235968K), 0.0233898 secs] 882854K->678233K(1022400K), 0.0235714 secs] [Times: user=0.25 sys=0.00, real=0.03 secs] 
49157.313: [GC 49157.313: [ParNew: 232551K->26176K(235968K), 0.0356917 secs] 888025K->685840K(1022400K), 0.0358551 secs] [Times: user=0.25 sys=0.00, real=0.03 secs] 
49159.983: [GC 49159.983: [ParNew: 235968K->21605K(235968K), 0.0389376 secs] 895632K->687206K(1022400K), 0.0391201 secs] [Times: user=0.25 sys=0.00, real=0.03 secs] 
49162.215: [GC 49162.215: [ParNew: 231397K->26176K(235968K), 0.0370352 secs] 896998K->693487K(1022400K), 0.0372268 secs] [Times: user=0.25 sys=0.00, real=0.03 secs] 
49164.379: [GC 49164.379: [ParNew: 235968K->20010K(235968K), 0.0441358 secs] 903279K->694693K(1022400K), 0.0443196 secs] [Times: user=0.38 sys=0.00, real=0.05 secs] 
49167.112: [GC 49167.112: [ParNew: 229802K->23062K(235968K), 0.0284491 secs] 904485K->697745K(1022400K), 0.0286293 secs] [Times: user=0.24 sys=0.00, real=0.03 secs] 
49171.956: [GC 49171.956: [ParNew: 232854K->15036K(235968K), 0.0212200 secs] 907537K->692180K(1022400K), 0.0214022 secs] [Times: user=0.14 sys=0.00, real=0.03 secs] 
49175.977: [GC 49175.977: [ParNew: 224828K->19102K(235968K), 0.0250325 secs] 901972K->696247K(1022400K), 0.0252169 secs] [Times: user=0.13 sys=0.00, real=0.01 secs] 
49178.350: [GC 49178.350: [ParNew: 228894K->23808K(235968K), 0.0348335 secs] 906039K->703882K(1022400K), 0.0350181 secs] [Times: user=0.26 sys=0.00, real=0.05 secs] 
49180.129: [GC 49180.129: [ParNew: 233600K->26176K(235968K), 0.0539837 secs] 913674K->713276K(1022400K), 0.0541477 secs] [Times: user=0.39 sys=0.00, real=0.06 secs] 
49181.565: [GC 49181.565: [ParNew: 235968K->26176K(235968K), 0.0550115 secs] 923068K->722714K(1022400K), 0.0551956 secs] [Times: user=0.39 sys=0.00, real=0.06 secs] 
49183.129: [GC 49183.129: [ParNew: 235968K->26176K(235968K), 0.0485229 secs] 932506K->730382K(1022400K), 0.0487129 secs] [Times: user=0.38 sys=0.00, real=0.05 secs] 
49184.784: [GC 49184.784: [ParNew: 235968K->26176K(235968K), 0.0463894 secs] 940174K->737287K(1022400K), 0.0465783 secs] [Times: user=0.31 sys=0.00, real=0.05 secs] 
49186.696: [GC 49186.696: [ParNew: 235968K->26176K(235968K), 0.0542678 secs] 947079K->745786K(1022400K), 0.0544589 secs] [Times: user=0.25 sys=0.00, real=0.05 secs] 
49188.164: [GC 49188.164: [ParNew: 235968K->26176K(235968K), 0.0550603 secs] 955578K->757012K(1022400K), 0.0552495 secs] [Times: user=0.28 sys=0.00, real=0.06 secs] 
49188.220: [GC [1 CMS-initial-mark: 730836K(786432K)] 757992K(1022400K), 0.0337498 secs] [Times: user=0.03 sys=0.00, real=0.03 secs] 
49188.254: [CMS-concurrent-mark-start]
49189.725: [GC 49189.725: [ParNew: 235968K->26176K(235968K), 0.0406831 secs] 966804K->761874K(1022400K), 0.0408700 secs] [Times: user=0.38 sys=0.00, real=0.05 secs] 
49189.791: [CMS-concurrent-mark: 1.495/1.537 secs] [Times: user=6.28 sys=0.00, real=1.55 secs] 
49189.791: [CMS-concurrent-preclean-start]
49189.983: [CMS-concurrent-preclean: 0.134/0.192 secs] [Times: user=0.72 sys=0.05, real=0.19 secs] 
49189.983: [CMS-concurrent-abortable-preclean-start]
49190.438: [CMS-concurrent-abortable-preclean: 0.406/0.454 secs] [Times: user=1.28 sys=0.06, real=0.45 secs] 
49190.438: [GC[YG occupancy: 136691 K (235968 K)]49190.438: [Rescan (parallel) , 0.0334235 secs]49190.472: [weak refs processing, 0.0002078 secs] [1 CMS-remark: 735698K(786432K)] 872389K(1022400K), 0.0337669 secs] [Times: user=0.25 sys=0.00, real=0.03 secs] 
49190.472: [CMS-concurrent-sweep-start]
49191.183: [GC 49191.183: [ParNew: 235968K->26176K(235968K), 0.0348991 secs] 796431K->590272K(1022400K), 0.0350567 secs] [Times: user=0.25 sys=0.00, real=0.03 secs] 
49191.446: [CMS-concurrent-sweep: 0.938/0.973 secs] [Times: user=3.05 sys=0.05, real=0.98 secs] 
49191.446: [CMS-concurrent-reset-start]
49191.463: [CMS-concurrent-reset: 0.017/0.017 secs] [Times: user=0.05 sys=0.00, real=0.02 secs] 
49192.782: [GC 49192.782: [ParNew: 235968K->26176K(235968K), 0.0378663 secs] 687730K->481992K(1022400K), 0.0380509 secs] [Times: user=0.25 sys=0.00, real=0.03 secs] 
49194.336: [GC 49194.336: [ParNew: 235968K->26176K(235968K), 0.0414011 secs] 691784K->489057K(1022400K), 0.0415776 secs] [Times: user=0.27 sys=0.00, real=0.05 secs] 
49195.671: [GC 49195.671: [ParNew: 235968K->26176K(235968K), 0.1272176 secs] 698849K->514810K(1022400K), 0.1274128 secs] [Times: user=0.77 sys=0.00, real=0.13 secs] 
49197.215: [GC 49197.215: [ParNew: 235968K->26176K(235968K), 0.1692165 secs] 724602K->557240K(1022400K), 0.1694025 secs] [Times: user=0.97 sys=0.02, real=0.17 secs] 
49198.854: [GC 49198.854: [ParNew: 235968K->26176K(235968K), 0.1224865 secs] 767032K->588414K(1022400K), 0.1226737 secs] [Times: user=0.78 sys=0.00, real=0.13 secs] 
49200.345: [GC 49200.345: [ParNew: 235968K->26176K(235968K), 0.0696404 secs] 798206K->605238K(1022400K), 0.0698290 secs] [Times: user=0.50 sys=0.00, real=0.08 secs] 
49201.856: [GC 49201.856: [ParNew: 235968K->26176K(235968K), 0.0456360 secs] 815030K->616073K(1022400K), 0.0457949 secs] [Times: user=0.26 sys=0.00, real=0.05 secs] 
49203.427: [GC 49203.427: [ParNew: 235968K->25242K(235968K), 0.0409577 secs] 825865K->623346K(1022400K), 0.0411494 secs] [Times: user=0.27 sys=0.00, real=0.05 secs] 
49205.081: [GC 49205.081: [ParNew: 235034K->18267K(235968K), 0.0365396 secs] 833138K->624030K(1022400K), 0.0367281 secs] [Times: user=0.27 sys=0.00, real=0.05 secs] 
49206.942: [GC 49206.942: [ParNew: 228059K->26176K(235968K), 0.0362948 secs] 833822K->638175K(1022400K), 0.0364809 secs] [Times: user=0.26 sys=0.00, real=0.05 secs] 
49209.482: [GC 49209.482: [ParNew: 235968K->17054K(235968K), 0.0340588 secs] 847967K->637259K(1022400K), 0.0342122 secs] [Times: user=0.25 sys=0.00, real=0.03 secs] 
49212.333: [GC 49212.333: [ParNew: 226846K->25398K(235968K), 0.0291311 secs] 847051K->645603K(1022400K), 0.0292898 secs] [Times: user=0.25 sys=0.00, real=0.03 secs] 
49215.070: [GC 49215.071: [ParNew: 235190K->19556K(235968K), 0.0393276 secs] 855395K->651058K(1022400K), 0.0395140 secs] [Times: user=0.24 sys=0.01, real=0.05 secs] 
49219.741: [GC 49219.741: [ParNew: 229348K->14594K(235968K), 0.0161604 secs] 860850K->646095K(1022400K), 0.0163359 secs] [Times: user=0.13 sys=0.00, real=0.02 secs] 
49224.900: [GC 49224.900: [ParNew: 224386K->17517K(235968K), 0.0191340 secs] 855887K->649018K(1022400K), 0.0193147 secs] [Times: user=0.13 sys=0.00, real=0.02 secs] 
49227.336: [GC 49227.336: [ParNew: 227309K->26176K(235968K), 0.0316557 secs] 858810K->657704K(1022400K), 0.0318446 secs] [Times: user=0.20 sys=0.00, real=0.05 secs] 
49229.318: [GC 49229.318: [ParNew: 235968K->25956K(235968K), 0.0481212 secs] 867496K->665714K(1022400K), 0.0482779 secs] [Times: user=0.38 sys=0.00, real=0.05 secs] 
49231.191: [GC 49231.191: [ParNew: 235748K->26176K(235968K), 0.0417408 secs] 875506K->671706K(1022400K), 0.0419257 secs] [Times: user=0.38 sys=0.00, real=0.05 secs] 
49233.017: [GC 49233.017: [ParNew: 235968K->18812K(235968K), 0.0403836 secs] 881498K->672305K(1022400K), 0.0405688 secs] [Times: user=0.25 sys=0.00, real=0.05 secs] 
49237.036: [GC 49237.037: [ParNew: 228604K->15326K(235968K), 0.0268769 secs] 882097K->673819K(1022400K), 0.0270663 secs] [Times: user=0.25 sys=0.00, real=0.03 secs] 
49244.881: [GC 49244.882: [ParNew: 225118K->14733K(235968K), 0.0192251 secs] 883611K->673226K(1022400K), 0.0193770 secs] [Times: user=0.25 sys=0.00, real=0.03 secs] 
49247.449: [GC 49247.449: [ParNew: 224525K->26176K(235968K), 0.0360895 secs] 883018K->685064K(1022400K), 0.0362912 secs] [Times: user=0.25 sys=0.00, real=0.03 secs] 
49250.257: [GC 49250.258: [ParNew: 235968K->20299K(235968K), 0.0418103 secs] 894856K->689574K(1022400K), 0.0419939 secs] [Times: user=0.38 sys=0.00, real=0.05 secs] 
49253.466: [GC 49253.466: [ParNew: 230091K->26176K(235968K), 0.0357733 secs] 899366K->696150K(1022400K), 0.0359291 secs] [Times: user=0.25 sys=0.00, real=0.03 secs] 
49255.539: [GC 49255.539: [ParNew: 235968K->26176K(235968K), 0.0678402 secs] 905942K->712474K(1022400K), 0.0680288 secs] [Times: user=0.50 sys=0.00, real=0.08 secs] 
49257.430: [GC 49257.430: [ParNew: 235968K->24748K(235968K), 0.0423383 secs] 922266K->716923K(1022400K), 0.0425258 secs] [Times: user=0.38 sys=0.00, real=0.05 secs] 
49261.282: [GC 49261.282: [ParNew: 234540K->19583K(235968K), 0.0317781 secs] 926715K->717961K(1022400K), 0.0319675 secs] [Times: user=0.25 sys=0.00, real=0.03 secs] 
49266.039: [GC 49266.039: [ParNew: 229375K->16335K(235968K), 0.0191457 secs] 927753K->714713K(1022400K), 0.0193078 secs] [Times: user=0.25 sys=0.00, real=0.03 secs] 
49268.038: [GC 49268.038: [ParNew: 226127K->26176K(235968K), 0.0401241 secs] 924505K->725845K(1022400K), 0.0403149 secs] [Times: user=0.38 sys=0.00, real=0.05 secs] 
49270.907: [GC 49270.907: [ParNew: 235968K->20609K(235968K), 0.0328897 secs] 935637K->726988K(1022400K), 0.0330961 secs] [Times: user=0.25 sys=0.00, real=0.03 secs] 
49277.227: [GC 49277.227: [ParNew: 230401K->9990K(235968K), 0.0139155 secs] 936780K->716368K(1022400K), 0.0140929 secs] [Times: user=0.13 sys=0.00, real=0.02 secs] 
49280.637: [GC 49280.637: [ParNew: 219782K->22851K(235968K), 0.0346960 secs] 926160K->729230K(1022400K), 0.0348793 secs] [Times: user=0.25 sys=0.00, real=0.03 secs] 
49282.324: [GC 49282.324: [ParNew: 232643K->25199K(235968K), 0.0507953 secs] 939022K->738536K(1022400K), 0.0509822 secs] [Times: user=0.38 sys=0.00, real=0.05 secs] 
49284.129: [GC 49284.129: [ParNew: 234991K->23833K(235968K), 0.0393888 secs] 948328K->741072K(1022400K), 0.0395450 secs] [Times: user=0.24 sys=0.00, real=0.05 secs] 
49286.026: [GC 49286.026: [ParNew: 233625K->26176K(235968K), 0.0460128 secs] 950864K->749947K(1022400K), 0.0462008 secs] [Times: user=0.27 sys=0.00, real=0.05 secs] 
49286.073: [GC [1 CMS-initial-mark: 723771K(786432K)] 750242K(1022400K), 0.0298806 secs] [Times: user=0.02 sys=0.00, real=0.02 secs] 
49286.103: [CMS-concurrent-mark-start]
49287.595: [CMS-concurrent-mark: 1.493/1.493 secs] [Times: user=4.94 sys=0.14, real=1.50 secs] 
49287.595: [CMS-concurrent-preclean-start]
49287.661: [CMS-concurrent-preclean: 0.046/0.066 secs] [Times: user=0.06 sys=0.03, real=0.06 secs] 
49287.661: [CMS-concurrent-abortable-preclean-start]
49288.232: [GC 49288.232: [ParNew: 235968K->18749K(235968K), 0.0365368 secs] 959739K->748545K(1022400K), 0.0366966 secs] [Times: user=0.25 sys=0.00, real=0.03 secs] 
49289.589: [CMS-concurrent-abortable-preclean: 1.677/1.928 secs] [Times: user=3.73 sys=0.42, real=1.94 secs] 
49289.590: [GC[YG occupancy: 126175 K (235968 K)]49289.590: [Rescan (parallel) , 0.0333174 secs]49289.623: [weak refs processing, 0.0003288 secs] [1 CMS-remark: 729795K(786432K)] 855970K(1022400K), 0.0337914 secs] [Times: user=0.25 sys=0.00, real=0.03 secs] 
49289.624: [CMS-concurrent-sweep-start]
49290.530: [CMS-concurrent-sweep: 0.906/0.906 secs] [Times: user=2.09 sys=0.05, real=0.91 secs] 
49290.530: [CMS-concurrent-reset-start]
49290.547: [CMS-concurrent-reset: 0.017/0.017 secs] [Times: user=0.03 sys=0.00, real=0.02 secs] 
49290.641: [GC 49290.641: [ParNew: 228541K->17748K(235968K), 0.0214726 secs] 670223K->459430K(1022400K), 0.0216304 secs] [Times: user=0.13 sys=0.00, real=0.01 secs] 
49293.905: [GC 49293.905: [ParNew: 227540K->26176K(235968K), 0.0339912 secs] 669222K->471264K(1022400K), 0.0341781 secs] [Times: user=0.25 sys=0.00, real=0.03 secs] 
49296.814: [GC 49296.814: [ParNew: 235968K->17834K(235968K), 0.0339038 secs] 681056K->471143K(1022400K), 0.0340876 secs] [Times: user=0.25 sys=0.00, real=0.03 secs] 
49301.402: [GC 49301.402: [ParNew: 227626K->15090K(235968K), 0.0224565 secs] 680935K->468400K(1022400K), 0.0226149 secs] [Times: user=0.13 sys=0.00, real=0.02 secs] 
49305.584: [GC 49305.584: [ParNew: 224882K->19418K(235968K), 0.0251264 secs] 678192K->472728K(1022400K), 0.0253096 secs] [Times: user=0.25 sys=0.00, real=0.03 secs] 
49311.630: [GC 49311.630: [ParNew: 229210K->11664K(235968K), 0.0220154 secs] 682520K->464973K(1022400K), 0.0221763 secs] [Times: user=0.25 sys=0.00, real=0.03 secs] 
49315.709: [GC 49315.709: [ParNew: 221456K->17785K(235968K), 0.0265243 secs] 674766K->472800K(1022400K), 0.0267129 secs] [Times: user=0.25 sys=0.00, real=0.03 secs] 
49318.136: [GC 49318.136: [ParNew: 227577K->22978K(235968K), 0.0361320 secs] 682592K->479391K(1022400K), 0.0363116 secs] [Times: user=0.25 sys=0.00, real=0.03 secs] 
49321.072: [GC 49321.072: [ParNew: 232770K->21574K(235968K), 0.0376936 secs] 689183K->482215K(1022400K), 0.0378816 secs] [Times: user=0.23 sys=0.01, real=0.03 secs] 
49324.151: [GC 49324.151: [ParNew: 231366K->15316K(235968K), 0.0345480 secs] 692007K->480500K(1022400K), 0.0347346 secs] [Times: user=0.13 sys=0.00, real=0.03 secs] 
49326.087: [GC 49326.087: [ParNew: 225108K->23204K(235968K), 0.0266984 secs] 690292K->488388K(1022400K), 0.0268853 secs] [Times: user=0.25 sys=0.00, real=0.03 secs] 
49332.869: [GC 49332.869: [ParNew: 232996K->15694K(235968K), 0.0236801 secs] 698180K->483793K(1022400K), 0.0238731 secs] [Times: user=0.13 sys=0.00, real=0.02 secs] 
49339.755: [GC 49339.755: [ParNew: 225486K->15068K(235968K), 0.0258178 secs] 693585K->483168K(1022400K), 0.0260030 secs] [Times: user=0.25 sys=0.00, real=0.03 secs] 
49343.526: [GC 49343.526: [ParNew: 224860K->18380K(235968K), 0.0279843 secs] 692960K->486480K(1022400K), 0.0281650 secs] [Times: user=0.13 sys=0.00, real=0.02 secs] 
49352.910: [GC 49352.910: [ParNew: 228172K->14699K(235968K), 0.0246213 secs] 696272K->484863K(1022400K), 0.0248048 secs] [Times: user=0.13 sys=0.00, real=0.03 secs] 
49356.137: [GC 49356.138: [ParNew: 224491K->23639K(235968K), 0.0339870 secs] 694655K->494474K(1022400K), 0.0341747 secs] [Times: user=0.25 sys=0.00, real=0.03 secs] 
49358.118: [GC 49358.119: [ParNew: 233431K->25286K(235968K), 0.0451689 secs] 704266K->501723K(1022400K), 0.0453312 secs] [Times: user=0.38 sys=0.00, real=0.05 secs] 
49359.833: [GC 49359.833: [ParNew: 235078K->22633K(235968K), 0.0479393 secs] 711515K->506365K(1022400K), 0.0481223 secs] [Times: user=0.38 sys=0.00, real=0.05 secs] 
49362.185: [GC 49362.185: [ParNew: 232425K->22043K(235968K), 0.0354134 secs] 716157K->509946K(1022400K), 0.0356068 secs] [Times: user=0.25 sys=0.00, real=0.03 secs] 
49366.875: [GC 49366.875: [ParNew: 231835K->15668K(235968K), 0.0264902 secs] 719738K->509137K(1022400K), 0.0266732 secs] [Times: user=0.14 sys=0.00, real=0.03 secs] 
49372.885: [GC 49372.885: [ParNew: 225460K->13869K(235968K), 0.0200031 secs] 718929K->507337K(1022400K), 0.0201808 secs] [Times: user=0.20 sys=0.00, real=0.03 secs] 
49377.385: [GC 49377.385: [ParNew: 223661K->17473K(235968K), 0.0255443 secs] 717129K->510942K(1022400K), 0.0256938 secs] [Times: user=0.13 sys=0.00, real=0.02 secs] 
49380.514: [GC 49380.514: [ParNew: 227265K->21938K(235968K), 0.0283625 secs] 720734K->516798K(1022400K), 0.0285466 secs] [Times: user=0.14 sys=0.00, real=0.03 secs] 
49382.246: [GC 49382.246: [ParNew: 231730K->26176K(235968K), 0.0390530 secs] 726590K->522562K(1022400K), 0.0392416 secs] [Times: user=0.25 sys=0.00, real=0.03 secs] 
49383.775: [GC 49383.775: [ParNew: 235968K->23224K(235968K), 0.0569905 secs] 732354K->528813K(1022400K), 0.0571760 secs] [Times: user=0.39 sys=0.00, real=0.06 secs] 
49385.988: [GC 49385.988: [ParNew: 233016K->19078K(235968K), 0.0378543 secs] 738605K->528886K(1022400K), 0.0380439 secs] [Times: user=0.25 sys=0.00, real=0.03 secs] 
49387.942: [GC 49387.943: [ParNew: 228870K->22504K(235968K), 0.0449035 secs] 738677K->541108K(1022400K), 0.0450856 secs] [Times: user=0.25 sys=0.00, real=0.05 secs] 
49389.993: [GC 49389.993: [ParNew: 232296K->18575K(235968K), 0.0308260 secs] 750900K->541357K(1022400K), 0.0309835 secs] [Times: user=0.25 sys=0.00, real=0.03 secs] 
49392.029: [GC 49392.029: [ParNew: 228367K->26176K(235968K), 0.0420372 secs] 751149K->553235K(1022400K), 0.0421925 secs] [Times: user=0.25 sys=0.00, real=0.03 secs] 
49394.253: [GC 49394.253: [ParNew: 235968K->19811K(235968K), 0.0430571 secs] 763027K->554898K(1022400K), 0.0432426 secs] [Times: user=0.27 sys=0.00, real=0.05 secs] 
49397.068: [GC 49397.068: [ParNew: 229603K->22609K(235968K), 0.0364365 secs] 764690K->564697K(1022400K), 0.0366206 secs] [Times: user=0.25 sys=0.00, real=0.05 secs] 
49399.546: [GC 49399.546: [ParNew: 232401K->23346K(235968K), 0.0415785 secs] 774489K->574158K(1022400K), 0.0417654 secs] [Times: user=0.25 sys=0.00, real=0.03 secs] 
49401.995: [GC 49401.995: [ParNew: 233138K->16774K(235968K), 0.0347455 secs] 783950K->574105K(1022400K), 0.0349391 secs] [Times: user=0.20 sys=0.02, real=0.05 secs] 
49403.867: [GC 49403.867: [ParNew: 226566K->26176K(235968K), 0.0599724 secs] 783897K->590798K(1022400K), 0.0601719 secs] [Times: user=0.50 sys=0.00, real=0.06 secs] 
49405.640: [GC 49405.640: [ParNew: 235968K->25757K(235968K), 0.0608038 secs] 800590K->603849K(1022400K), 0.0609955 secs] [Times: user=0.39 sys=0.00, real=0.06 secs] 
49407.251: [GC 49407.251: [ParNew: 235549K->26176K(235968K), 0.0387667 secs] 813641K->609721K(1022400K), 0.0389376 secs] [Times: user=0.25 sys=0.00, real=0.03 secs] 
49409.038: [GC 49409.038: [ParNew: 235968K->23406K(235968K), 0.0390983 secs] 819513K->613405K(1022400K), 0.0392824 secs] [Times: user=0.26 sys=0.00, real=0.05 secs] 
49411.161: [GC 49411.161: [ParNew: 233198K->22836K(235968K), 0.0409393 secs] 823197K->619351K(1022400K), 0.0411309 secs] [Times: user=0.27 sys=0.00, real=0.05 secs] 
49413.573: [GC 49413.573: [ParNew: 232628K->21499K(235968K), 0.0390779 secs] 829143K->627656K(1022400K), 0.0392614 secs] [Times: user=0.27 sys=0.00, real=0.05 secs] 
49416.078: [GC 49416.078: [ParNew: 231291K->26176K(235968K), 0.0382191 secs] 837448K->638055K(1022400K), 0.0383884 secs] [Times: user=0.25 sys=0.00, real=0.03 secs] 
49418.197: [GC 49418.197: [ParNew: 235968K->26176K(235968K), 0.0505818 secs] 847847K->648731K(1022400K), 0.0507827 secs] [Times: user=0.39 sys=0.00, real=0.06 secs] 
49419.765: [GC 49419.765: [ParNew: 235968K->26176K(235968K), 0.0538015 secs] 858523K->657737K(1022400K), 0.0539837 secs] [Times: user=0.38 sys=0.00, real=0.05 secs] 
49424.182: [GC 49424.182: [ParNew: 235968K->20186K(235968K), 0.0322139 secs] 867529K->656747K(1022400K), 0.0323781 secs] [Times: user=0.25 sys=0.00, real=0.05 secs] 
49430.106: [GC 49430.106: [ParNew: 229978K->13908K(235968K), 0.0198363 secs] 866539K->650469K(1022400K), 0.0199908 secs] [Times: user=0.13 sys=0.00, real=0.01 secs] 
49435.503: [GC 49435.503: [ParNew: 223700K->15941K(235968K), 0.0194589 secs] 860261K->652502K(1022400K), 0.0196209 secs] [Times: user=0.13 sys=0.00, real=0.02 secs] 
49442.717: [GC 49442.718: [ParNew: 225733K->11451K(235968K), 0.0213826 secs] 862294K->648013K(1022400K), 0.0215634 secs] [Times: user=0.13 sys=0.00, real=0.01 secs] 
49450.508: [GC 49450.508: [ParNew: 221243K->10603K(235968K), 0.0204568 secs] 857805K->649594K(1022400K), 0.0206124 secs] [Times: user=0.14 sys=0.00, real=0.03 secs] 
49457.447: [GC 49457.447: [ParNew: 220395K->10964K(235968K), 0.0187778 secs] 859386K->650175K(1022400K), 0.0189605 secs] [Times: user=0.13 sys=0.00, real=0.03 secs] 
49465.432: [GC 49465.432: [ParNew: 220756K->7059K(235968K), 0.0166197 secs] 859967K->646408K(1022400K), 0.0167756 secs] [Times: user=0.13 sys=0.00, real=0.01 secs] 
49470.417: [GC 49470.418: [ParNew: 216851K->8771K(235968K), 0.0261891 secs] 856200K->648471K(1022400K), 0.0263715 secs] [Times: user=0.25 sys=0.00, real=0.03 secs] 
49473.168: [GC 49473.168: [ParNew: 218563K->12453K(235968K), 0.0247182 secs] 858263K->652749K(1022400K), 0.0249043 secs] [Times: user=0.13 sys=0.00, real=0.01 secs] 
49475.655: [GC 49475.655: [ParNew: 222245K->17830K(235968K), 0.0291707 secs] 862541K->658614K(1022400K), 0.0293579 secs] [Times: user=0.13 sys=0.00, real=0.03 secs] 
49478.584: [GC 49478.584: [ParNew: 227622K->23541K(235968K), 0.0309483 secs] 868406K->665412K(1022400K), 0.0311330 secs] [Times: user=0.25 sys=0.00, real=0.03 secs] 
49480.536: [GC 49480.536: [ParNew: 233333K->25946K(235968K), 0.0321798 secs] 875204K->669242K(1022400K), 0.0323672 secs] [Times: user=0.25 sys=0.00, real=0.03 secs] 
49482.773: [GC 49482.773: [ParNew: 235738K->16003K(235968K), 0.0281740 secs] 879034K->663536K(1022400K), 0.0283737 secs] [Times: user=0.25 sys=0.00, real=0.03 secs] 
49486.126: [GC 49486.126: [ParNew: 225795K->18545K(235968K), 0.0258639 secs] 873328K->666079K(1022400K), 0.0260452 secs] [Times: user=0.13 sys=0.00, real=0.02 secs] 
49492.752: [GC 49492.752: [ParNew: 228337K->12539K(235968K), 0.0203766 secs] 875871K->661520K(1022400K), 0.0205683 secs] [Times: user=0.13 sys=0.00, real=0.02 secs] 
49495.586: [GC 49495.587: [ParNew: 222331K->17819K(235968K), 0.0222442 secs] 871312K->666800K(1022400K), 0.0224107 secs] [Times: user=0.25 sys=0.00, real=0.03 secs] 
49500.691: [GC 49500.691: [ParNew: 227611K->11801K(235968K), 0.0234468 secs] 876592K->660782K(1022400K), 0.0236267 secs] [Times: user=0.13 sys=0.00, real=0.02 secs] 
49505.737: [GC 49505.737: [ParNew: 221593K->9486K(235968K), 0.0224394 secs] 870574K->660486K(1022400K), 0.0225973 secs] [Times: user=0.13 sys=0.00, real=0.02 secs] 
49510.056: [GC 49510.056: [ParNew: 219278K->19576K(235968K), 0.0289612 secs] 870278K->671200K(1022400K), 0.0291445 secs] [Times: user=0.25 sys=0.00, real=0.03 secs] 
49512.177: [GC 49512.177: [ParNew: 229368K->16686K(235968K), 0.0284313 secs] 880992K->670372K(1022400K), 0.0286159 secs] [Times: user=0.25 sys=0.00, real=0.03 secs] 
49515.836: [GC 49515.836: [ParNew: 226478K->20615K(235968K), 0.0248663 secs] 880164K->674300K(1022400K), 0.0250496 secs] [Times: user=0.25 sys=0.00, real=0.03 secs] 
49517.651: [GC 49517.652: [ParNew: 230407K->26176K(235968K), 0.0346379 secs] 884092K->679862K(1022400K), 0.0347983 secs] [Times: user=0.36 sys=0.00, real=0.05 secs] 
49520.391: [GC 49520.391: [ParNew: 235968K->19579K(235968K), 0.0269322 secs] 889654K->677666K(1022400K), 0.0270903 secs] [Times: user=0.14 sys=0.00, real=0.03 secs] 
49525.478: [GC 49525.478: [ParNew: 229369K->8448K(235968K), 0.0133606 secs] 887456K->666535K(1022400K), 0.0135176 secs] [Times: user=0.13 sys=0.00, real=0.01 secs] 
49530.383: [GC 49530.383: [ParNew: 218237K->10871K(235968K), 0.0200514 secs] 876324K->668958K(1022400K), 0.0202355 secs] [Times: user=0.13 sys=0.00, real=0.03 secs] 
49536.210: [GC 49536.210: [ParNew: 220663K->12580K(235968K), 0.0167122 secs] 878750K->670667K(1022400K), 0.0168991 secs] [Times: user=0.13 sys=0.00, real=0.02 secs] 
49539.745: [GC 49539.745: [ParNew: 222372K->23064K(235968K), 0.0314666 secs] 880459K->681941K(1022400K), 0.0316292 secs] [Times: user=0.25 sys=0.00, real=0.03 secs] 
49541.617: [GC 49541.618: [ParNew: 232856K->26176K(235968K), 0.0479391 secs] 891733K->692862K(1022400K), 0.0481279 secs] [Times: user=0.38 sys=0.00, real=0.05 secs] 
49544.463: [GC 49544.463: [ParNew: 235968K->19258K(235968K), 0.0271666 secs] 902654K->690196K(1022400K), 0.0273417 secs] [Times: user=0.25 sys=0.00, real=0.03 secs] 
49551.656: [GC 49551.656: [ParNew: 229050K->15557K(235968K), 0.0164166 secs] 899988K->686495K(1022400K), 0.0166038 secs] [Times: user=0.13 sys=0.00, real=0.02 secs] 
49556.903: [GC 49556.903: [ParNew: 225349K->23377K(235968K), 0.0257714 secs] 896287K->694315K(1022400K), 0.0259525 secs] [Times: user=0.25 sys=0.00, real=0.03 secs] 
49560.582: [GC 49560.582: [ParNew: 233169K->20555K(235968K), 0.0387636 secs] 904107K->698050K(1022400K), 0.0389552 secs] [Times: user=0.25 sys=0.00, real=0.03 secs] 
49565.267: [GC 49565.267: [ParNew: 230347K->14939K(235968K), 0.0205367 secs] 907842K->695375K(1022400K), 0.0207267 secs] [Times: user=0.13 sys=0.00, real=0.02 secs] 
49568.506: [GC 49568.506: [ParNew: 224731K->12527K(235968K), 0.0207532 secs] 905167K->692963K(1022400K), 0.0209155 secs] [Times: user=0.13 sys=0.00, real=0.02 secs] 
49573.535: [GC 49573.535: [ParNew: 222319K->13790K(235968K), 0.0216466 secs] 902755K->694226K(1022400K), 0.0218223 secs] [Times: user=0.13 sys=0.00, real=0.02 secs] 
49576.321: [GC 49576.321: [ParNew: 223582K->14314K(235968K), 0.0220145 secs] 904018K->694750K(1022400K), 0.0221933 secs] [Times: user=0.25 sys=0.00, real=0.03 secs] 
49578.756: [GC 49578.756: [ParNew: 224106K->20274K(235968K), 0.0256538 secs] 904542K->700835K(1022400K), 0.0258357 secs] [Times: user=0.25 sys=0.00, real=0.03 secs] 
49582.208: [GC 49582.208: [ParNew: 230066K->19557K(235968K), 0.0300544 secs] 910627K->701486K(1022400K), 0.0302469 secs] [Times: user=0.25 sys=0.00, real=0.03 secs] 
49584.809: [GC 49584.809: [ParNew: 229349K->15598K(235968K), 0.0219466 secs] 911278K->697908K(1022400K), 0.0221053 secs] [Times: user=0.25 sys=0.00, real=0.03 secs] 
49590.436: [GC 49590.436: [ParNew: 225390K->13749K(235968K), 0.0207255 secs] 907700K->696060K(1022400K), 0.0208845 secs] [Times: user=0.13 sys=0.00, real=0.01 secs] 
49593.355: [GC 49593.355: [ParNew: 223541K->10014K(235968K), 0.0163051 secs] 905852K->692325K(1022400K), 0.0164811 secs] [Times: user=0.13 sys=0.00, real=0.02 secs] 
49598.552: [GC 49598.552: [ParNew: 219806K->16463K(235968K), 0.0281698 secs] 902117K->698857K(1022400K), 0.0283234 secs] [Times: user=0.25 sys=0.00, real=0.03 secs] 
49600.476: [GC 49600.476: [ParNew: 226255K->17507K(235968K), 0.0309140 secs] 908649K->703774K(1022400K), 0.0311048 secs] [Times: user=0.25 sys=0.00, real=0.03 secs] 
49606.979: [GC 49606.979: [ParNew: 227299K->11775K(235968K), 0.0128243 secs] 913566K->698042K(1022400K), 0.0129980 secs] [Times: user=0.13 sys=0.00, real=0.02 secs] 
49611.330: [GC 49611.330: [ParNew: 221567K->16749K(235968K), 0.0225705 secs] 907834K->703015K(1022400K), 0.0227582 secs] [Times: user=0.13 sys=0.00, real=0.02 secs] 
49615.164: [GC 49615.164: [ParNew: 226541K->11914K(235968K), 0.0241525 secs] 912807K->701330K(1022400K), 0.0243425 secs] [Times: user=0.14 sys=0.00, real=0.03 secs] 
49618.623: [GC 49618.623: [ParNew: 221706K->11918K(235968K), 0.0173553 secs] 911122K->701333K(1022400K), 0.0175388 secs] [Times: user=0.13 sys=0.00, real=0.01 secs] 
49627.501: [GC 49627.501: [ParNew: 221710K->8542K(235968K), 0.0197341 secs] 911125K->697957K(1022400K), 0.0200322 secs] [Times: user=0.13 sys=0.00, real=0.01 secs] 
49630.157: [GC 49630.157: [ParNew: 218334K->14566K(235968K), 0.0260391 secs] 907749K->704134K(1022400K), 0.0262201 secs] [Times: user=0.13 sys=0.00, real=0.02 secs] 
49632.166: [GC 49632.166: [ParNew: 224358K->26176K(235968K), 0.0352330 secs] 913926K->715986K(1022400K), 0.0354291 secs] [Times: user=0.25 sys=0.01, real=0.05 secs] 
49634.414: [GC 49634.414: [ParNew: 235968K->25447K(235968K), 0.0446448 secs] 925778K->720443K(1022400K), 0.0447995 secs] [Times: user=0.38 sys=0.00, real=0.05 secs] 
49636.446: [GC 49636.446: [ParNew: 235239K->24081K(235968K), 0.0361300 secs] 930235K->724027K(1022400K), 0.0363208 secs] [Times: user=0.25 sys=0.00, real=0.03 secs] 
49639.625: [GC 49639.625: [ParNew: 233873K->16555K(235968K), 0.0239028 secs] 933819K->719685K(1022400K), 0.0240810 secs] [Times: user=0.13 sys=0.00, real=0.01 secs] 
49646.049: [GC 49646.050: [ParNew: 226347K->14318K(235968K), 0.0154386 secs] 929477K->717448K(1022400K), 0.0156104 secs] [Times: user=0.13 sys=0.00, real=0.02 secs] 
49652.449: [GC 49652.449: [ParNew: 224110K->20755K(235968K), 0.0234153 secs] 927240K->723884K(1022400K), 0.0236010 secs] [Times: user=0.25 sys=0.00, real=0.03 secs] 
49654.569: [GC 49654.569: [ParNew: 230547K->26176K(235968K), 0.0368234 secs] 933676K->734168K(1022400K), 0.0370083 secs] [Times: user=0.25 sys=0.00, real=0.03 secs] 
49657.008: [GC 49657.008: [ParNew: 235968K->15562K(235968K), 0.0249219 secs] 943960K->725739K(1022400K), 0.0251029 secs] [Times: user=0.25 sys=0.00, real=0.03 secs] 
49659.881: [GC 49659.881: [ParNew: 225354K->21640K(235968K), 0.0243632 secs] 935531K->731818K(1022400K), 0.0245375 secs] [Times: user=0.25 sys=0.00, real=0.03 secs] 
49666.135: [GC 49666.136: [ParNew: 231432K->14017K(235968K), 0.0194625 secs] 941610K->726387K(1022400K), 0.0196472 secs] [Times: user=0.14 sys=0.00, real=0.03 secs] 
49671.865: [GC 49671.865: [ParNew: 223809K->13641K(235968K), 0.0215812 secs] 936179K->726011K(1022400K), 0.0217586 secs] [Times: user=0.13 sys=0.00, real=0.01 secs] 
49676.205: [GC 49676.205: [ParNew: 223433K->19494K(235968K), 0.0269640 secs] 935803K->731864K(1022400K), 0.0271420 secs] [Times: user=0.13 sys=0.00, real=0.02 secs] 
49680.118: [GC 49680.118: [ParNew: 229286K->16931K(235968K), 0.0260709 secs] 941656K->729301K(1022400K), 0.0262436 secs] [Times: user=0.25 sys=0.00, real=0.03 secs] 
49686.439: [GC 49686.439: [ParNew: 226723K->13237K(235968K), 0.0234354 secs] 939093K->726850K(1022400K), 0.0236228 secs] [Times: user=0.13 sys=0.00, real=0.02 secs] 
49693.052: [GC 49693.052: [ParNew: 223029K->9320K(235968K), 0.0202327 secs] 936642K->722933K(1022400K), 0.0204297 secs] [Times: user=0.13 sys=0.00, real=0.01 secs] 
49697.813: [GC 49697.813: [ParNew: 219112K->21825K(235968K), 0.0314101 secs] 932725K->735525K(1022400K), 0.0315906 secs] [Times: user=0.23 sys=0.00, real=0.03 secs] 
49701.754: [GC 49701.754: [ParNew: 231617K->14403K(235968K), 0.0319110 secs] 945317K->729420K(1022400K), 0.0320784 secs] [Times: user=0.25 sys=0.00, real=0.03 secs] 
49705.023: [GC 49705.023: [ParNew: 224195K->22948K(235968K), 0.0278695 secs] 939212K->737965K(1022400K), 0.0280237 secs] [Times: user=0.25 sys=0.00, real=0.03 secs] 
49708.474: [GC 49708.474: [ParNew: 232740K->15019K(235968K), 0.0453876 secs] 947757K->733423K(1022400K), 0.0455530 secs] [Times: user=0.16 sys=0.09, real=0.05 secs] 
49711.830: [GC 49711.830: [ParNew: 224811K->9270K(235968K), 0.0177288 secs] 943215K->727674K(1022400K), 0.0179210 secs] [Times: user=0.13 sys=0.00, real=0.02 secs] 
49715.734: [GC 49715.734: [ParNew: 219062K->16185K(235968K), 0.0233384 secs] 937466K->734589K(1022400K), 0.0235035 secs] [Times: user=0.13 sys=0.00, real=0.02 secs] 
49717.793: [GC 49717.793: [ParNew: 225977K->26176K(235968K), 0.0317038 secs] 944381K->744867K(1022400K), 0.0318633 secs] [Times: user=0.24 sys=0.00, real=0.03 secs] 
49720.040: [GC 49720.040: [ParNew: 235968K->17860K(235968K), 0.0302896 secs] 954659K->740440K(1022400K), 0.0304519 secs] [Times: user=0.25 sys=0.00, real=0.03 secs] 
49724.905: [GC 49724.905: [ParNew: 227652K->13069K(235968K), 0.0144113 secs] 950232K->735649K(1022400K), 0.0146259 secs] [Times: user=0.08 sys=0.01, real=0.02 secs] 
49734.526: [GC 49734.526: [ParNew: 222861K->14700K(235968K), 0.0265975 secs] 945441K->737281K(1022400K), 0.0267783 secs] [Times: user=0.25 sys=0.00, real=0.03 secs] 
49739.659: [GC 49739.659: [ParNew: 224492K->19215K(235968K), 0.0250227 secs] 947073K->741795K(1022400K), 0.0252074 secs] [Times: user=0.13 sys=0.00, real=0.01 secs] 
49742.117: [GC 49742.117: [ParNew: 229007K->25444K(235968K), 0.0369737 secs] 951587K->748672K(1022400K), 0.0371609 secs] [Times: user=0.25 sys=0.00, real=0.03 secs] 
49746.533: [GC 49746.533: [ParNew: 235236K->19290K(235968K), 0.0317610 secs] 958464K->748759K(1022400K), 0.0319205 secs] [Times: user=0.14 sys=0.00, real=0.03 secs] 
49746.565: [GC [1 CMS-initial-mark: 729469K(786432K)] 748951K(1022400K), 0.0111249 secs] [Times: user=0.00 sys=0.00, real=0.00 secs] 
49746.577: [CMS-concurrent-mark-start]
49748.033: [CMS-concurrent-mark: 1.456/1.456 secs] [Times: user=3.89 sys=0.11, real=1.47 secs] 
49748.033: [CMS-concurrent-preclean-start]
49748.094: [CMS-concurrent-preclean: 0.044/0.061 secs] [Times: user=0.08 sys=0.05, real=0.06 secs] 
49748.094: [CMS-concurrent-abortable-preclean-start]
CMS: abort preclean due to time 2010-04-21T08:32:42.344+0100: 49753.102: [CMS-concurrent-abortable-preclean: 3.657/5.007 secs] [Times: user=5.23 sys=0.78, real=5.00 secs] 
49753.103: [GC[YG occupancy: 194706 K (235968 K)]49753.103: [Rescan (parallel) , 0.3108300 secs]49753.414: [weak refs processing, 0.0002313 secs] [1 CMS-remark: 729469K(786432K)] 924175K(1022400K), 0.3112002 secs] [Times: user=0.31 sys=0.00, real=0.31 secs] 
49753.414: [CMS-concurrent-sweep-start]
49754.323: [CMS-concurrent-sweep: 0.909/0.909 secs] [Times: user=1.44 sys=0.05, real=0.91 secs] 
49754.323: [CMS-concurrent-reset-start]
49754.339: [CMS-concurrent-reset: 0.016/0.016 secs] [Times: user=0.03 sys=0.00, real=0.02 secs] 
49754.452: [GC 49754.452: [ParNew: 229082K->12842K(235968K), 0.0198182 secs] 659837K->443598K(1022400K), 0.0199707 secs] [Times: user=0.25 sys=0.00, real=0.03 secs] 
49757.163: [GC 49757.163: [ParNew: 222634K->19008K(235968K), 0.0274471 secs] 653390K->449764K(1022400K), 0.0276351 secs] [Times: user=0.23 sys=0.02, real=0.03 secs] 
49759.966: [GC 49759.966: [ParNew: 228800K->23232K(235968K), 0.0346569 secs] 659556K->456251K(1022400K), 0.0348438 secs] [Times: user=0.26 sys=0.00, real=0.05 secs] 
49761.638: [GC 49761.638: [ParNew: 233024K->26176K(235968K), 0.0479499 secs] 666043K->463407K(1022400K), 0.0481354 secs] [Times: user=0.38 sys=0.00, real=0.05 secs] 
49763.263: [GC 49763.263: [ParNew: 235968K->26176K(235968K), 0.0644928 secs] 673199K->475330K(1022400K), 0.0646783 secs] [Times: user=0.49 sys=0.02, real=0.06 secs] 
49765.409: [GC 49765.409: [ParNew: 235968K->21223K(235968K), 0.0389063 secs] 685122K->477154K(1022400K), 0.0390737 secs] [Times: user=0.25 sys=0.00, real=0.03 secs] 
49767.117: [GC 49767.117: [ParNew: 231015K->26176K(235968K), 0.0448294 secs] 686946K->489113K(1022400K), 0.0450381 secs] [Times: user=0.27 sys=0.00, real=0.05 secs] 
49770.275: [GC 49770.275: [ParNew: 235968K->18799K(235968K), 0.0308307 secs] 698905K->487689K(1022400K), 0.0309858 secs] [Times: user=0.25 sys=0.00, real=0.03 secs] 
49775.931: [GC 49775.931: [ParNew: 228591K->17429K(235968K), 0.0209334 secs] 697481K->486319K(1022400K), 0.0210912 secs] [Times: user=0.13 sys=0.00, real=0.02 secs] 
49780.765: [GC 49780.765: [ParNew: 227221K->22096K(235968K), 0.0232591 secs] 696111K->490986K(1022400K), 0.0234119 secs] [Times: user=0.25 sys=0.00, real=0.03 secs] 
49782.951: [GC 49782.951: [ParNew: 231888K->26176K(235968K), 0.0411728 secs] 700778K->499508K(1022400K), 0.0413639 secs] [Times: user=0.38 sys=0.00, real=0.05 secs] 
49784.968: [GC 49784.968: [ParNew: 235968K->26176K(235968K), 0.0465799 secs] 709300K->504828K(1022400K), 0.0467682 secs] [Times: user=0.38 sys=0.00, real=0.05 secs] 
49786.572: [GC 49786.572: [ParNew: 235968K->26176K(235968K), 0.0431041 secs] 714620K->509973K(1022400K), 0.0432854 secs] [Times: user=0.33 sys=0.03, real=0.05 secs] 
49788.903: [GC 49788.903: [ParNew: 235968K->20636K(235968K), 0.0381143 secs] 719765K->511208K(1022400K), 0.0383051 secs] [Times: user=0.27 sys=0.00, real=0.05 secs] 
49791.171: [GC 49791.171: [ParNew: 230428K->26176K(235968K), 0.0327335 secs] 721000K->516918K(1022400K), 0.0329190 secs] [Times: user=0.25 sys=0.00, real=0.05 secs] 
49793.823: [GC 49793.823: [ParNew: 235968K->19174K(235968K), 0.0492708 secs] 726710K->522437K(1022400K), 0.0494557 secs] [Times: user=0.38 sys=0.00, real=0.05 secs] 
49796.851: [GC 49796.852: [ParNew: 228966K->15388K(235968K), 0.0317077 secs] 732229K->521948K(1022400K), 0.0318934 secs] [Times: user=0.25 sys=0.00, real=0.03 secs] 
49799.057: [GC 49799.057: [ParNew: 225180K->26176K(235968K), 0.0314353 secs] 731740K->532737K(1022400K), 0.0316197 secs] [Times: user=0.25 sys=0.00, real=0.03 secs] 
49804.376: [GC 49804.376: [ParNew: 235968K->17669K(235968K), 0.0266238 secs] 742529K->527996K(1022400K), 0.0268037 secs] [Times: user=0.13 sys=0.00, real=0.02 secs] 
49811.052: [GC 49811.053: [ParNew: 227461K->15530K(235968K), 0.0231507 secs] 737788K->525857K(1022400K), 0.0233370 secs] [Times: user=0.13 sys=0.00, real=0.02 secs] 
49812.876: [GC 49812.876: [ParNew: 225322K->26176K(235968K), 0.0347041 secs] 735649K->537013K(1022400K), 0.0348709 secs] [Times: user=0.25 sys=0.00, real=0.03 secs] 
49814.830: [GC 49814.830: [ParNew: 235968K->26176K(235968K), 0.0430675 secs] 746805K->542813K(1022400K), 0.0432454 secs] [Times: user=0.25 sys=0.00, real=0.03 secs] 
49816.738: [GC 49816.738: [ParNew: 235968K->25403K(235968K), 0.0456812 secs] 752605K->547401K(1022400K), 0.0458731 secs] [Times: user=0.26 sys=0.00, real=0.05 secs] 
49818.472: [GC 49818.472: [ParNew: 235195K->26176K(235968K), 0.0455438 secs] 757193K->556271K(1022400K), 0.0457298 secs] [Times: user=0.27 sys=0.00, real=0.05 secs] 
49820.532: [GC 49820.532: [ParNew: 235968K->20967K(235968K), 0.0342993 secs] 766063K->556400K(1022400K), 0.0344706 secs] [Times: user=0.14 sys=0.00, real=0.03 secs] 
49824.384: [GC 49824.384: [ParNew: 230759K->15049K(235968K), 0.0321560 secs] 766192K->555625K(1022400K), 0.0323401 secs] [Times: user=0.25 sys=0.00, real=0.03 secs] 
49826.517: [GC 49826.517: [ParNew: 224841K->24696K(235968K), 0.0260396 secs] 765417K->565273K(1022400K), 0.0262195 secs] [Times: user=0.13 sys=0.00, real=0.01 secs] 
49828.417: [GC 49828.417: [ParNew: 234488K->26176K(235968K), 0.0455100 secs] 775065K->572186K(1022400K), 0.0456938 secs] [Times: user=0.36 sys=0.00, real=0.05 secs] 
49830.398: [GC 49830.398: [ParNew: 235968K->19108K(235968K), 0.0379802 secs] 781978K->572025K(1022400K), 0.0381713 secs] [Times: user=0.25 sys=0.00, real=0.03 secs] 
49832.734: [GC 49832.734: [ParNew: 228900K->26176K(235968K), 0.0313322 secs] 781817K->579154K(1022400K), 0.0315149 secs] [Times: user=0.25 sys=0.00, real=0.03 secs] 
49834.513: [GC 49834.513: [ParNew: 235968K->26176K(235968K), 0.0515496 secs] 788946K->589005K(1022400K), 0.0517331 secs] [Times: user=0.39 sys=0.00, real=0.06 secs] 
49836.196: [GC 49836.197: [ParNew: 235968K->24518K(235968K), 0.0426649 secs] 798797K->594168K(1022400K), 0.0428264 secs] [Times: user=0.25 sys=0.00, real=0.05 secs] 
49837.953: [GC 49837.953: [ParNew: 234310K->19565K(235968K), 0.0365843 secs] 803960K->595000K(1022400K), 0.0367726 secs] [Times: user=0.26 sys=0.00, real=0.05 secs] 
49840.479: [GC 49840.480: [ParNew: 229357K->20694K(235968K), 0.0365460 secs] 804792K->601245K(1022400K), 0.0367413 secs] [Times: user=0.27 sys=0.00, real=0.05 secs] 
49845.081: [GC 49845.081: [ParNew: 230486K->14082K(235968K), 0.0326751 secs] 811037K->600410K(1022400K), 0.0328377 secs] [Times: user=0.14 sys=0.00, real=0.03 secs] 
49847.993: [GC 49847.993: [ParNew: 223874K->20041K(235968K), 0.0266224 secs] 810202K->606369K(1022400K), 0.0267886 secs] [Times: user=0.25 sys=0.00, real=0.03 secs] 
49852.743: [GC 49852.743: [ParNew: 229833K->13662K(235968K), 0.0263536 secs] 816161K->602614K(1022400K), 0.0265352 secs] [Times: user=0.14 sys=0.00, real=0.03 secs] 
49854.982: [GC 49854.982: [ParNew: 223454K->25484K(235968K), 0.0324958 secs] 812406K->614436K(1022400K), 0.0326648 secs] [Times: user=0.25 sys=0.00, real=0.03 secs] 
49859.686: [GC 49859.686: [ParNew: 235276K->18575K(235968K), 0.0299030 secs] 824228K->610607K(1022400K), 0.0300938 secs] [Times: user=0.25 sys=0.00, real=0.03 secs] 
49861.179: [GC 49861.180: [ParNew: 228367K->26176K(235968K), 0.1487270 secs] 820399K->642333K(1022400K), 0.1489203 secs] [Times: user=0.95 sys=0.05, real=0.14 secs] 
49863.408: [GC 49863.409: [ParNew: 235968K->26176K(235968K), 0.1979581 secs] 852125K->689935K(1022400K), 0.1981523 secs] [Times: user=1.06 sys=0.00, real=0.19 secs] 
49867.584: [GC 49867.584: [ParNew: 235968K->26176K(235968K), 0.0749288 secs] 899727K->711072K(1022400K), 0.0751227 secs] [Times: user=0.39 sys=0.00, real=0.08 secs] 
49867.659: [GC [1 CMS-initial-mark: 684896K(786432K)] 711236K(1022400K), 0.0255225 secs] [Times: user=0.01 sys=0.00, real=0.02 secs] 
49867.685: [CMS-concurrent-mark-start]
49869.181: [CMS-concurrent-mark: 1.494/1.496 secs] [Times: user=3.99 sys=0.03, real=1.50 secs] 
49869.182: [CMS-concurrent-preclean-start]
49869.235: [CMS-concurrent-preclean: 0.037/0.054 secs] [Times: user=0.03 sys=0.03, real=0.05 secs] 
49869.235: [CMS-concurrent-abortable-preclean-start]
49873.723: [GC 49873.723: [ParNew: 235968K->18320K(235968K), 0.0562613 secs] 920864K->715433K(1022400K), 0.0564206 secs] [Times: user=0.34 sys=0.03, real=0.05 secs] 
CMS: abort preclean due to time 2010-04-21T08:34:43.483+0100: 49874.239: [CMS-concurrent-abortable-preclean: 4.592/5.003 secs] [Times: user=7.38 sys=0.77, real=5.02 secs] 
49874.239: [GC[YG occupancy: 65376 K (235968 K)]49874.239: [Rescan (parallel) , 0.0159646 secs]49874.256: [weak refs processing, 0.0003056 secs] [1 CMS-remark: 697113K(786432K)] 762489K(1022400K), 0.0163876 secs] [Times: user=0.13 sys=0.00, real=0.02 secs] 
49874.256: [CMS-concurrent-sweep-start]
49875.143: [CMS-concurrent-sweep: 0.887/0.887 secs] [Times: user=1.69 sys=0.08, real=0.89 secs] 
49875.143: [CMS-concurrent-reset-start]
49875.162: [CMS-concurrent-reset: 0.019/0.019 secs] [Times: user=0.03 sys=0.00, real=0.02 secs] 
49876.664: [GC 49876.664: [ParNew: 228112K->26176K(235968K), 0.0388753 secs] 681098K->484693K(1022400K), 0.0390382 secs] [Times: user=0.25 sys=0.00, real=0.03 secs] 
49878.464: [GC 49878.464: [ParNew: 235968K->26176K(235968K), 0.0617176 secs] 694485K->493992K(1022400K), 0.0618875 secs] [Times: user=0.39 sys=0.00, real=0.06 secs] 
49883.194: [GC 49883.194: [ParNew: 235968K->23676K(235968K), 0.0474806 secs] 703784K->502033K(1022400K), 0.0476683 secs] [Times: user=0.27 sys=0.00, real=0.05 secs] 
49886.789: [GC 49886.789: [ParNew: 233468K->18914K(235968K), 0.0294051 secs] 711825K->503339K(1022400K), 0.0295926 secs] [Times: user=0.14 sys=0.00, real=0.03 secs] 
49890.498: [GC 49890.498: [ParNew: 228706K->18206K(235968K), 0.0277234 secs] 713131K->502632K(1022400K), 0.0279063 secs] [Times: user=0.25 sys=0.00, real=0.03 secs] 
49892.776: [GC 49892.776: [ParNew: 227998K->23573K(235968K), 0.0424953 secs] 712424K->512362K(1022400K), 0.0426945 secs] [Times: user=0.33 sys=0.05, real=0.05 secs] 
49894.964: [GC 49894.964: [ParNew: 233365K->20421K(235968K), 0.0385292 secs] 722154K->513699K(1022400K), 0.0387158 secs] [Times: user=0.27 sys=0.00, real=0.05 secs] 
49897.531: [GC 49897.531: [ParNew: 230213K->19888K(235968K), 0.0318163 secs] 723491K->518190K(1022400K), 0.0319809 secs] [Times: user=0.25 sys=0.00, real=0.03 secs] 
49900.951: [GC 49900.951: [ParNew: 229680K->11064K(235968K), 0.0153000 secs] 727982K->509366K(1022400K), 0.0154564 secs] [Times: user=0.13 sys=0.00, real=0.01 secs] 
49905.339: [GC 49905.339: [ParNew: 220856K->15291K(235968K), 0.0202797 secs] 719158K->513593K(1022400K), 0.0204629 secs] [Times: user=0.13 sys=0.00, real=0.02 secs] 
49908.367: [GC 49908.367: [ParNew: 225083K->22061K(235968K), 0.0246827 secs] 723385K->520364K(1022400K), 0.0248694 secs] [Times: user=0.14 sys=0.00, real=0.03 secs] 
49911.220: [GC 49911.220: [ParNew: 231853K->16246K(235968K), 0.0302561 secs] 730156K->518259K(1022400K), 0.0304466 secs] [Times: user=0.22 sys=0.02, real=0.03 secs] 
49915.027: [GC 49915.027: [ParNew: 226038K->13007K(235968K), 0.0268118 secs] 728051K->515020K(1022400K), 0.0269939 secs] [Times: user=0.24 sys=0.02, real=0.03 secs] 
49923.524: [GC 49923.524: [ParNew: 222799K->11423K(235968K), 0.0186775 secs] 724812K->513505K(1022400K), 0.0188580 secs] [Times: user=0.13 sys=0.00, real=0.02 secs] 
49925.763: [GC 49925.763: [ParNew: 221215K->26176K(235968K), 0.0371508 secs] 723297K->532990K(1022400K), 0.0373458 secs] [Times: user=0.27 sys=0.00, real=0.05 secs] 
49926.788: [GC 49926.788: [ParNew: 235968K->26176K(235968K), 0.0586943 secs] 742782K->554288K(1022400K), 0.0588712 secs] [Times: user=0.38 sys=0.00, real=0.06 secs] 
49927.673: [GC 49927.673: [ParNew: 235968K->26176K(235968K), 0.0522639 secs] 764080K->569665K(1022400K), 0.0524477 secs] [Times: user=0.33 sys=0.01, real=0.06 secs] 
49928.559: [GC 49928.560: [ParNew: 235968K->26176K(235968K), 0.0419425 secs] 779457K->577932K(1022400K), 0.0421266 secs] [Times: user=0.30 sys=0.08, real=0.05 secs] 
49930.472: [GC 49930.472: [ParNew: 235968K->24520K(235968K), 0.0268244 secs] 787724K->582199K(1022400K), 0.0270093 secs] [Times: user=0.13 sys=0.00, real=0.02 secs] 
49933.938: [GC 49933.938: [ParNew: 234312K->19905K(235968K), 0.0266453 secs] 791991K->584687K(1022400K), 0.0268098 secs] [Times: user=0.25 sys=0.00, real=0.03 secs] 
49935.918: [GC 49935.918: [ParNew (promotion failed): 229697K->235968K(235968K), 0.1814482 secs]49936.099: [CMS: 570347K->455679K(786432K), 4.1676518 secs] 794479K->455679K(1022400K), [CMS Perm : 23157K->23156K(38736K)], 4.3493511 secs] [Times: user=4.56 sys=0.00, real=4.34 secs] 
49940.827: [GC 49940.827: [ParNew: 209792K->22663K(235968K), 0.0177400 secs] 665471K->478343K(1022400K), 0.0179073 secs] [Times: user=0.13 sys=0.00, real=0.02 secs] 
49941.684: [GC 49941.684: [ParNew: 232455K->24789K(235968K), 0.0450747 secs] 688135K->491494K(1022400K), 0.0452666 secs] [Times: user=0.38 sys=0.00, real=0.05 secs] 
49942.452: [GC 49942.452: [ParNew: 234581K->18297K(235968K), 0.0477737 secs] 701286K->496489K(1022400K), 0.0479617 secs] [Times: user=0.36 sys=0.02, real=0.05 secs] 
49943.435: [GC 49943.435: [ParNew: 228089K->21224K(235968K), 0.0235002 secs] 706281K->499416K(1022400K), 0.0236628 secs] [Times: user=0.25 sys=0.00, real=0.03 secs] 
49945.961: [GC 49945.961: [ParNew: 231016K->22379K(235968K), 0.0433276 secs] 709208K->505133K(1022400K), 0.0434935 secs] [Times: user=0.27 sys=0.00, real=0.05 secs] 
49947.561: [GC 49947.561: [ParNew: 232171K->22398K(235968K), 0.0470320 secs] 714925K->511607K(1022400K), 0.0472186 secs] [Times: user=0.34 sys=0.02, real=0.05 secs] 
49948.518: [GC 49948.518: [ParNew: 232190K->21835K(235968K), 0.0504690 secs] 721399K->516928K(1022400K), 0.0506556 secs] [Times: user=0.27 sys=0.00, real=0.05 secs] 
49949.655: [GC 49949.655: [ParNew: 231627K->21809K(235968K), 0.0414011 secs] 726720K->522052K(1022400K), 0.0415899 secs] [Times: user=0.36 sys=0.02, real=0.05 secs] 
49952.099: [GC 49952.099: [ParNew: 231601K->20267K(235968K), 0.0318107 secs] 731844K->525345K(1022400K), 0.0319988 secs] [Times: user=0.25 sys=0.00, real=0.03 secs] 
49955.290: [GC 49955.290: [ParNew: 230059K->13875K(235968K), 0.0287299 secs] 735137K->524575K(1022400K), 0.0289229 secs] [Times: user=0.14 sys=0.00, real=0.03 secs] 
49959.660: [GC 49959.660: [ParNew: 223667K->13115K(235968K), 0.0175575 secs] 734367K->523815K(1022400K), 0.0177176 secs] [Times: user=0.13 sys=0.00, real=0.01 secs] 
49965.411: [GC 49965.411: [ParNew: 222901K->26176K(235968K), 0.0512993 secs] 733601K->554158K(1022400K), 0.0514744 secs] [Times: user=0.34 sys=0.01, real=0.05 secs] 
49968.071: [GC 49968.071: [ParNew: 235968K->20467K(235968K), 0.0400045 secs] 763950K->565726K(1022400K), 0.0401934 secs] [Times: user=0.20 sys=0.01, real=0.03 secs] 
49969.706: [GC 49969.706: [ParNew: 230259K->19842K(235968K), 0.0214117 secs] 775518K->567047K(1022400K), 0.0215994 secs] [Times: user=0.13 sys=0.00, real=0.02 secs] 
49971.213: [GC 49971.213: [ParNew: 229634K->26176K(235968K), 0.0314400 secs] 776839K->576698K(1022400K), 0.0316308 secs] [Times: user=0.25 sys=0.00, real=0.03 secs] 
49972.900: [GC 49972.900: [ParNew: 235968K->20643K(235968K), 0.0225976 secs] 786490K->573517K(1022400K), 0.0227562 secs] [Times: user=0.13 sys=0.00, real=0.02 secs] 
49974.609: [GC 49974.610: [ParNew: 230435K->14980K(235968K), 0.0207286 secs] 783309K->570958K(1022400K), 0.0209166 secs] [Times: user=0.19 sys=0.02, real=0.03 secs] 
49976.223: [GC 49976.223: [ParNew: 224772K->24820K(235968K), 0.0212588 secs] 780750K->580798K(1022400K), 0.0214393 secs] [Times: user=0.13 sys=0.00, real=0.02 secs] 
49977.911: [GC 49977.911: [ParNew: 234612K->16566K(235968K), 0.0279047 secs] 790590K->578872K(1022400K), 0.0280684 secs] [Times: user=0.13 sys=0.00, real=0.02 secs] 
49979.565: [GC 49979.565: [ParNew: 226358K->26176K(235968K), 0.0218746 secs] 788664K->588481K(1022400K), 0.0220310 secs] [Times: user=0.25 sys=0.00, real=0.03 secs] 
49982.388: [GC 49982.388: [ParNew: 235968K->16652K(235968K), 0.0290654 secs] 798273K->586051K(1022400K), 0.0292551 secs] [Times: user=0.25 sys=0.00, real=0.03 secs] 
49984.258: [GC 49984.259: [ParNew: 226444K->16736K(235968K), 0.0197911 secs] 795843K->586135K(1022400K), 0.0199763 secs] [Times: user=0.13 sys=0.00, real=0.02 secs] 
49987.354: [GC 49987.354: [ParNew: 226528K->14553K(235968K), 0.0180115 secs] 795927K->585113K(1022400K), 0.0182009 secs] [Times: user=0.13 sys=0.00, real=0.01 secs] 
49991.481: [GC 49991.481: [ParNew: 224345K->26176K(235968K), 0.0425864 secs] 794905K->598936K(1022400K), 0.0427853 secs] [Times: user=0.38 sys=0.00, real=0.05 secs] 
49994.159: [GC 49994.159: [ParNew: 235968K->22674K(235968K), 0.0605527 secs] 808728K->611695K(1022400K), 0.0607387 secs] [Times: user=0.33 sys=0.02, real=0.05 secs] 
49996.283: [GC 49996.283: [ParNew: 232466K->26176K(235968K), 0.0336973 secs] 821487K->615219K(1022400K), 0.0338870 secs] [Times: user=0.38 sys=0.00, real=0.05 secs] 
49996.802: [GC 49996.802: [ParNew: 235968K->18366K(235968K), 0.0559303 secs] 825011K->621843K(1022400K), 0.0561152 secs] [Times: user=0.36 sys=0.02, real=0.05 secs] 
49997.631: [GC 49997.631: [ParNew: 228158K->17048K(235968K), 0.0198173 secs] 831635K->620525K(1022400K), 0.0200168 secs] [Times: user=0.13 sys=0.00, real=0.02 secs] 
49998.535: [GC 49998.535: [ParNew: 226840K->26176K(235968K), 0.0305209 secs] 830317K->629712K(1022400K), 0.0306930 secs] [Times: user=0.14 sys=0.00, real=0.03 secs] 
49999.529: [GC 49999.529: [ParNew: 235968K->19287K(235968K), 0.0465783 secs] 839504K->635085K(1022400K), 0.0467353 secs] [Times: user=0.38 sys=0.00, real=0.05 secs] 
50000.637: [GC 50000.637: [ParNew: 229079K->18613K(235968K), 0.0256256 secs] 844877K->634410K(1022400K), 0.0257862 secs] [Times: user=0.25 sys=0.00, real=0.03 secs] 
50001.752: [GC 50001.752: [ParNew: 228405K->25927K(235968K), 0.0419204 secs] 844202K->648863K(1022400K), 0.0421104 secs] [Times: user=0.34 sys=0.00, real=0.05 secs] 
50002.727: [GC 50002.727: [ParNew: 235719K->20047K(235968K), 0.0349466 secs] 858655K->647775K(1022400K), 0.0351338 secs] [Times: user=0.22 sys=0.00, real=0.03 secs] 
50003.626: [GC 50003.626: [ParNew: 229839K->22197K(235968K), 0.0347499 secs] 857567K->655342K(1022400K), 0.0349391 secs] [Times: user=0.25 sys=0.00, real=0.05 secs] 
50005.283: [GC 50005.283: [ParNew: 231732K->15057K(235968K), 0.0280849 secs] 864877K->652351K(1022400K), 0.0282726 secs] [Times: user=0.25 sys=0.00, real=0.03 secs] 
50006.452: [GC 50006.452: [ParNew: 224849K->25408K(235968K), 0.0263802 secs] 862143K->662703K(1022400K), 0.0265699 secs] [Times: user=0.25 sys=0.00, real=0.03 secs] 
50007.479: [GC 50007.480: [ParNew: 235200K->26176K(235968K), 0.0383831 secs] 872495K->670032K(1022400K), 0.0385541 secs] [Times: user=0.25 sys=0.00, real=0.03 secs] 
50008.319: [GC 50008.319: [ParNew: 235968K->24374K(235968K), 0.0435899 secs] 879824K->676633K(1022400K), 0.0437712 secs] [Times: user=0.26 sys=0.00, real=0.05 secs] 
50010.798: [GC 50010.798: [ParNew: 234166K->20231K(235968K), 0.0328911 secs] 886425K->677550K(1022400K), 0.0330807 secs] [Times: user=0.27 sys=0.00, real=0.05 secs] 
50013.741: [GC 50013.742: [ParNew: 230023K->20861K(235968K), 0.0347312 secs] 887342K->685313K(1022400K), 0.0349067 secs] [Times: user=0.25 sys=0.00, real=0.03 secs] 
50016.142: [GC 50016.142: [ParNew: 230651K->16185K(235968K), 0.0292805 secs] 895103K->686374K(1022400K), 0.0294518 secs] [Times: user=0.25 sys=0.00, real=0.03 secs] 
50017.655: [GC 50017.655: [ParNew: 225977K->23737K(235968K), 0.0211851 secs] 896166K->693926K(1022400K), 0.0213401 secs] [Times: user=0.25 sys=0.00, real=0.03 secs] 
50018.391: [GC 50018.391: [ParNew: 233529K->17573K(235968K), 0.0296610 secs] 903718K->691004K(1022400K), 0.0298211 secs] [Times: user=0.25 sys=0.00, real=0.03 secs] 
50019.329: [GC 50019.329: [ParNew: 227365K->22731K(235968K), 0.0328746 secs] 900796K->699520K(1022400K), 0.0330598 secs] [Times: user=0.25 sys=0.00, real=0.03 secs] 
50020.284: [GC 50020.284: [ParNew: 232523K->25107K(235968K), 0.0333774 secs] 909312K->705458K(1022400K), 0.0335649 secs] [Times: user=0.25 sys=0.00, real=0.05 secs] 
50021.874: [GC 50021.874: [ParNew: 234899K->24444K(235968K), 0.0291713 secs] 915250K->707399K(1022400K), 0.0293666 secs] [Times: user=0.25 sys=0.00, real=0.03 secs] 
50022.996: [GC 50022.996: [ParNew: 234236K->25239K(235968K), 0.0313576 secs] 917191K->711718K(1022400K), 0.0315381 secs] [Times: user=0.25 sys=0.00, real=0.03 secs] 
50024.578: [GC 50024.578: [ParNew: 235031K->15631K(235968K), 0.0241352 secs] 921510K->704101K(1022400K), 0.0243215 secs] [Times: user=0.25 sys=0.00, real=0.03 secs] 
50026.756: [GC 50026.756: [ParNew: 225423K->26176K(235968K), 0.0297365 secs] 913893K->714647K(1022400K), 0.0299267 secs] [Times: user=0.25 sys=0.00, real=0.03 secs] 
50029.139: [GC 50029.139: [ParNew: 235968K->17842K(235968K), 0.0351888 secs] 924439K->715518K(1022400K), 0.0353785 secs] [Times: user=0.25 sys=0.00, real=0.03 secs] 
50032.177: [GC 50032.177: [ParNew: 227634K->17159K(235968K), 0.0294493 secs] 925310K->714835K(1022400K), 0.0296317 secs] [Times: user=0.14 sys=0.00, real=0.03 secs] 
50033.908: [GC 50033.908: [ParNew: 226951K->23628K(235968K), 0.0346105 secs] 924627K->722362K(1022400K), 0.0347703 secs] [Times: user=0.36 sys=0.01, real=0.05 secs] 
50036.582: [GC 50036.582: [ParNew: 233420K->21144K(235968K), 0.0422953 secs] 932154K->724944K(1022400K), 0.0424923 secs] [Times: user=0.22 sys=0.03, real=0.03 secs] 
50038.289: [GC 50038.290: [ParNew: 230936K->16293K(235968K), 0.0242914 secs] 934736K->723008K(1022400K), 0.0244749 secs] [Times: user=0.13 sys=0.00, real=0.01 secs] 
50042.446: [GC 50042.446: [ParNew: 226085K->18612K(235968K), 0.0260287 secs] 932800K->725328K(1022400K), 0.0262106 secs] [Times: user=0.14 sys=0.00, real=0.03 secs] 
50051.346: [GC 50051.346: [ParNew: 228404K->14846K(235968K), 0.0176732 secs] 935120K->722187K(1022400K), 0.0178819 secs] [Times: user=0.25 sys=0.00, real=0.03 secs] 
50058.613: [GC 50058.614: [ParNew: 224638K->11430K(235968K), 0.0162356 secs] 931979K->718771K(1022400K), 0.0164015 secs] [Times: user=0.13 sys=0.00, real=0.02 secs] 
50066.521: [GC 50066.521: [ParNew: 221222K->18093K(235968K), 0.0222123 secs] 928563K->725772K(1022400K), 0.0223744 secs] [Times: user=0.13 sys=0.00, real=0.01 secs] 
50072.211: [GC 50072.211: [ParNew: 227885K->12825K(235968K), 0.0243352 secs] 935564K->723385K(1022400K), 0.0246489 secs] [Times: user=0.13 sys=0.00, real=0.02 secs] 
50081.183: [GC 50081.184: [ParNew: 222617K->17433K(235968K), 0.0236804 secs] 933177K->728103K(1022400K), 0.0238670 secs] [Times: user=0.13 sys=0.00, real=0.03 secs] 
50083.585: [GC 50083.585: [ParNew: 227225K->22263K(235968K), 0.0296923 secs] 937895K->734154K(1022400K), 0.0298856 secs] [Times: user=0.17 sys=0.08, real=0.03 secs] 
50088.689: [GC 50088.689: [ParNew: 232055K->21132K(235968K), 0.0357277 secs] 943946K->735588K(1022400K), 0.0359308 secs] [Times: user=0.22 sys=0.00, real=0.05 secs] 
50091.918: [GC 50091.918: [ParNew: 230924K->16101K(235968K), 0.0262762 secs] 945380K->732210K(1022400K), 0.0264715 secs] [Times: user=0.13 sys=0.00, real=0.03 secs] 
50097.212: [GC 50097.212: [ParNew: 225893K->12103K(235968K), 0.0182889 secs] 942002K->728211K(1022400K), 0.0184839 secs] [Times: user=0.13 sys=0.00, real=0.01 secs] 
50101.079: [GC 50101.079: [ParNew: 221895K->11451K(235968K), 0.0189097 secs] 938003K->727559K(1022400K), 0.0190711 secs] [Times: user=0.13 sys=0.00, real=0.03 secs] 
50107.402: [GC 50107.402: [ParNew: 221243K->14186K(235968K), 0.0227691 secs] 937351K->730797K(1022400K), 0.0229557 secs] [Times: user=0.13 sys=0.00, real=0.02 secs] 
50114.180: [GC 50114.180: [ParNew: 223978K->17861K(235968K), 0.0239846 secs] 940589K->734572K(1022400K), 0.0241726 secs] [Times: user=0.13 sys=0.00, real=0.02 secs] 
50125.241: [GC 50125.241: [ParNew: 227654K->10759K(235968K), 0.0216567 secs] 944364K->728857K(1022400K), 0.0218282 secs] [Times: user=0.13 sys=0.00, real=0.02 secs] 
50131.968: [GC 50131.968: [ParNew: 220551K->10638K(235968K), 0.0209820 secs] 938649K->728821K(1022400K), 0.0211622 secs] [Times: user=0.13 sys=0.00, real=0.03 secs] 
50139.543: [GC 50139.543: [ParNew: 220430K->15255K(235968K), 0.0201322 secs] 938613K->733512K(1022400K), 0.0202914 secs] [Times: user=0.13 sys=0.00, real=0.02 secs] 
50144.013: [GC 50144.013: [ParNew: 225047K->18655K(235968K), 0.0279994 secs] 943304K->737099K(1022400K), 0.0281782 secs] [Times: user=0.25 sys=0.00, real=0.03 secs] 
50150.039: [GC 50150.039: [ParNew: 228447K->12662K(235968K), 0.0235879 secs] 946891K->731227K(1022400K), 0.0237737 secs] [Times: user=0.13 sys=0.00, real=0.02 secs] 
50155.466: [GC 50155.466: [ParNew: 222454K->11651K(235968K), 0.0232175 secs] 941020K->730282K(1022400K), 0.0234055 secs] [Times: user=0.13 sys=0.00, real=0.03 secs] 
50161.519: [GC 50161.519: [ParNew: 221443K->10150K(235968K), 0.0198478 secs] 940074K->729251K(1022400K), 0.0200355 secs] [Times: user=0.25 sys=0.00, real=0.03 secs] 
50172.261: [GC 50172.261: [ParNew: 219942K->13584K(235968K), 0.0270096 secs] 939043K->734708K(1022400K), 0.0271741 secs] [Times: user=0.13 sys=0.00, real=0.03 secs] 
50175.132: [GC 50175.132: [ParNew: 222166K->24062K(235968K), 0.0301351 secs] 943290K->745755K(1022400K), 0.0303044 secs] [Times: user=0.14 sys=0.00, real=0.03 secs] 
50177.390: [GC 50177.391: [ParNew: 233854K->24848K(235968K), 0.0403507 secs] 955547K->750495K(1022400K), 0.0405462 secs] [Times: user=0.38 sys=0.00, real=0.05 secs] 
50177.432: [GC [1 CMS-initial-mark: 725647K(786432K)] 750566K(1022400K), 0.0274426 secs] [Times: user=0.03 sys=0.00, real=0.03 secs] 
50177.459: [CMS-concurrent-mark-start]
50178.918: [CMS-concurrent-mark: 1.458/1.458 secs] [Times: user=6.22 sys=0.05, real=1.45 secs] 
50178.918: [CMS-concurrent-preclean-start]
50178.940: [GC 50178.940: [ParNew: 234640K->26176K(235968K), 0.0536015 secs] 960287K->759326K(1022400K), 0.0537655 secs] [Times: user=0.38 sys=0.00, real=0.06 secs] 
50178.998: [CMS-concurrent-preclean: 0.019/0.080 secs] [Times: user=0.44 sys=0.00, real=0.08 secs] 
50178.998: [CMS-concurrent-abortable-preclean-start]
50180.056: [CMS-concurrent-abortable-preclean: 0.918/1.058 secs] [Times: user=2.34 sys=0.26, real=1.06 secs] 
50180.057: [GC[YG occupancy: 133075 K (235968 K)]50180.057: [Rescan (parallel) , 0.0359711 secs]50180.093: [weak refs processing, 0.0002305 secs] [1 CMS-remark: 733150K(786432K)] 866226K(1022400K), 0.0363521 secs] [Times: user=0.25 sys=0.00, real=0.03 secs] 
50180.093: [CMS-concurrent-sweep-start]
50181.007: [CMS-concurrent-sweep: 0.914/0.914 secs] [Times: user=1.88 sys=0.02, real=0.92 secs] 
50181.007: [CMS-concurrent-reset-start]
50181.024: [CMS-concurrent-reset: 0.017/0.017 secs] [Times: user=0.03 sys=0.00, real=0.01 secs] 
50181.428: [GC 50181.428: [ParNew: 235968K->24609K(235968K), 0.0392821 secs] 675453K->468171K(1022400K), 0.0394737 secs] [Times: user=0.25 sys=0.00, real=0.03 secs] 
50183.031: [GC 50183.031: [ParNew: 234401K->26176K(235968K), 0.0542572 secs] 677963K->478478K(1022400K), 0.0544460 secs] [Times: user=0.38 sys=0.00, real=0.06 secs] 
50184.688: [GC 50184.688: [ParNew: 235968K->26176K(235968K), 0.0466367 secs] 688270K->484457K(1022400K), 0.0468113 secs] [Times: user=0.38 sys=0.00, real=0.05 secs] 
50187.132: [GC 50187.132: [ParNew: 235968K->19008K(235968K), 0.0428172 secs] 694249K->484856K(1022400K), 0.0430320 secs] [Times: user=0.25 sys=0.00, real=0.03 secs] 
50188.916: [GC 50188.916: [ParNew: 228800K->26122K(235968K), 0.0434731 secs] 694648K->500764K(1022400K), 0.0436329 secs] [Times: user=0.27 sys=0.00, real=0.05 secs] 
50190.559: [GC 50190.560: [ParNew: 235914K->18410K(235968K), 0.0387834 secs] 710556K->500237K(1022400K), 0.0389499 secs] [Times: user=0.25 sys=0.00, real=0.03 secs] 
50192.763: [GC 50192.763: [ParNew: 228202K->16939K(235968K), 0.0338875 secs] 710029K->504939K(1022400K), 0.0340725 secs] [Times: user=0.25 sys=0.00, real=0.03 secs] 
50196.954: [GC 50196.954: [ParNew: 226731K->19571K(235968K), 0.0201154 secs] 714731K->507571K(1022400K), 0.0202705 secs] [Times: user=0.14 sys=0.02, real=0.03 secs] 
50200.071: [GC 50200.071: [ParNew: 229363K->26176K(235968K), 0.0386935 secs] 717363K->519309K(1022400K), 0.0388843 secs] [Times: user=0.25 sys=0.00, real=0.03 secs] 
50205.474: [GC 50205.474: [ParNew: 235968K->17774K(235968K), 0.0258404 secs] 729101K->516366K(1022400K), 0.0260346 secs] [Times: user=0.25 sys=0.00, real=0.03 secs] 
50209.868: [GC 50209.868: [ParNew: 227566K->14020K(235968K), 0.0229848 secs] 726158K->512612K(1022400K), 0.0231429 secs] [Times: user=0.13 sys=0.00, real=0.01 secs] 
50212.415: [GC 50212.416: [ParNew: 223812K->18859K(235968K), 0.0227845 secs] 722404K->517451K(1022400K), 0.0229471 secs] [Times: user=0.13 sys=0.00, real=0.02 secs] 
50216.500: [GC 50216.500: [ParNew: 228651K->11525K(235968K), 0.0200660 secs] 727243K->510118K(1022400K), 0.0202607 secs] [Times: user=0.13 sys=0.00, real=0.01 secs] 
50220.581: [GC 50220.582: [ParNew: 221317K->17843K(235968K), 0.0237667 secs] 719910K->516605K(1022400K), 0.0239469 secs] [Times: user=0.25 sys=0.00, real=0.03 secs] 
50223.100: [GC 50223.100: [ParNew: 227636K->20996K(235968K), 0.0251781 secs] 726397K->520387K(1022400K), 0.0253655 secs] [Times: user=0.13 sys=0.00, real=0.01 secs] 
50227.434: [GC 50227.434: [ParNew: 230788K->15027K(235968K), 0.0244838 secs] 730179K->515246K(1022400K), 0.0246760 secs] [Times: user=0.13 sys=0.02, real=0.03 secs] 
50230.877: [GC 50230.877: [ParNew: 224820K->18945K(235968K), 0.0218760 secs] 725039K->519164K(1022400K), 0.0220408 secs] [Times: user=0.25 sys=0.00, real=0.03 secs] 
50233.087: [GC 50233.087: [ParNew: 228737K->20314K(235968K), 0.0208538 secs] 728956K->520533K(1022400K), 0.0210387 secs] [Times: user=0.13 sys=0.00, real=0.02 secs] 
50237.624: [GC 50237.624: [ParNew: 230106K->14636K(235968K), 0.0221092 secs] 730325K->515027K(1022400K), 0.0222626 secs] [Times: user=0.13 sys=0.00, real=0.02 secs] 
50243.187: [GC 50243.187: [ParNew: 224428K->11272K(235968K), 0.0200199 secs] 724819K->511773K(1022400K), 0.0202163 secs] [Times: user=0.13 sys=0.00, real=0.01 secs] 
50248.428: [GC 50248.428: [ParNew: 221065K->11492K(235968K), 0.0212974 secs] 721566K->512466K(1022400K), 0.0214826 secs] [Times: user=0.13 sys=0.02, real=0.03 secs] 
50251.850: [GC 50251.850: [ParNew: 221284K->11648K(235968K), 0.0186200 secs] 722258K->512735K(1022400K), 0.0187985 secs] [Times: user=0.13 sys=0.00, real=0.02 secs] 
50260.906: [GC 50260.906: [ParNew: 221440K->8069K(235968K), 0.0150757 secs] 722527K->509621K(1022400K), 0.0152464 secs] [Times: user=0.13 sys=0.00, real=0.02 secs] 
50267.695: [GC 50267.696: [ParNew: 217861K->10746K(235968K), 0.0201118 secs] 719413K->512592K(1022400K), 0.0203003 secs] [Times: user=0.13 sys=0.00, real=0.02 secs] 
50272.208: [GC 50272.208: [ParNew: 220538K->16020K(235968K), 0.0288500 secs] 722384K->517926K(1022400K), 0.0290408 secs] [Times: user=0.25 sys=0.00, real=0.03 secs] 
50273.945: [GC 50273.945: [ParNew: 225812K->26176K(235968K), 0.0424526 secs] 727718K->529121K(1022400K), 0.0426395 secs] [Times: user=0.25 sys=0.00, real=0.03 secs] 
50275.676: [GC 50275.677: [ParNew: 235968K->26176K(235968K), 0.0496211 secs] 738913K->538060K(1022400K), 0.0498133 secs] [Times: user=0.39 sys=0.00, real=0.06 secs] 
50278.630: [GC 50278.630: [ParNew: 235968K->17610K(235968K), 0.0202925 secs] 747852K->531987K(1022400K), 0.0204783 secs] [Times: user=0.25 sys=0.00, real=0.03 secs] 
50282.851: [GC 50282.851: [ParNew: 227402K->15230K(235968K), 0.0209177 secs] 741779K->529607K(1022400K), 0.0211018 secs] [Times: user=0.13 sys=0.00, real=0.02 secs] 
50286.453: [GC 50286.453: [ParNew: 225022K->23702K(235968K), 0.0283156 secs] 739399K->538078K(1022400K), 0.0285098 secs] [Times: user=0.25 sys=0.00, real=0.03 secs] 
50288.295: [GC 50288.295: [ParNew: 233494K->25009K(235968K), 0.0403616 secs] 747870K->546875K(1022400K), 0.0405328 secs] [Times: user=0.27 sys=0.00, real=0.05 secs] 
50290.471: [GC 50290.471: [ParNew: 234801K->20111K(235968K), 0.0324586 secs] 756667K->545326K(1022400K), 0.0326494 secs] [Times: user=0.25 sys=0.00, real=0.03 secs] 
50293.615: [GC 50293.615: [ParNew: 229903K->15420K(235968K), 0.0288053 secs] 755118K->545589K(1022400K), 0.0289967 secs] [Times: user=0.25 sys=0.00, real=0.03 secs] 
50295.639: [GC 50295.639: [ParNew: 225212K->19328K(235968K), 0.0252515 secs] 755381K->549497K(1022400K), 0.0254426 secs] [Times: user=0.25 sys=0.00, real=0.03 secs] 
50300.036: [GC 50300.036: [ParNew: 229120K->18949K(235968K), 0.0263494 secs] 759289K->551054K(1022400K), 0.0265422 secs] [Times: user=0.25 sys=0.00, real=0.03 secs] 
50302.740: [GC 50302.740: [ParNew: 228741K->13128K(235968K), 0.0192516 secs] 760846K->545233K(1022400K), 0.0194374 secs] [Times: user=0.25 sys=0.00, real=0.03 secs] 
50308.397: [GC 50308.397: [ParNew: 222920K->19545K(235968K), 0.0223012 secs] 755025K->551650K(1022400K), 0.0224610 secs] [Times: user=0.25 sys=0.00, real=0.03 secs] 
50312.717: [GC 50312.717: [ParNew: 229337K->22514K(235968K), 0.0313403 secs] 761442K->557387K(1022400K), 0.0315325 secs] [Times: user=0.25 sys=0.00, real=0.03 secs] 
50314.929: [GC 50314.930: [ParNew: 232306K->15116K(235968K), 0.0267168 secs] 767179K->552211K(1022400K), 0.0269015 secs] [Times: user=0.13 sys=0.00, real=0.02 secs] 
50321.074: [GC 50321.074: [ParNew: 224908K->12246K(235968K), 0.0169929 secs] 762003K->549341K(1022400K), 0.0171645 secs] [Times: user=0.13 sys=0.00, real=0.02 secs] 
50328.822: [GC 50328.823: [ParNew: 222038K->8331K(235968K), 0.0166284 secs] 759133K->545425K(1022400K), 0.0168116 secs] [Times: user=0.13 sys=0.00, real=0.02 secs] 
50334.338: [GC 50334.338: [ParNew: 218123K->11938K(235968K), 0.0210354 secs] 755217K->549218K(1022400K), 0.0212206 secs] [Times: user=0.13 sys=0.00, real=0.01 secs] 
50339.299: [GC 50339.299: [ParNew: 221730K->8302K(235968K), 0.0178296 secs] 759010K->545704K(1022400K), 0.0179864 secs] [Times: user=0.13 sys=0.00, real=0.02 secs] 
50347.213: [GC 50347.213: [ParNew: 218094K->6303K(235968K), 0.0180691 secs] 755496K->544540K(1022400K), 0.0182551 secs] [Times: user=0.13 sys=0.00, real=0.01 secs] 
50349.967: [GC 50349.967: [ParNew: 216095K->18017K(235968K), 0.0311503 secs] 754332K->556768K(1022400K), 0.0313193 secs] [Times: user=0.25 sys=0.00, real=0.03 secs] 
50354.419: [GC 50354.419: [ParNew: 227809K->12102K(235968K), 0.0309059 secs] 766560K->555550K(1022400K), 0.0310975 secs] [Times: user=0.13 sys=0.00, real=0.03 secs] 
50360.285: [GC 50360.285: [ParNew: 221894K->13552K(235968K), 0.0171902 secs] 765342K->557000K(1022400K), 0.0173704 secs] [Times: user=0.13 sys=0.00, real=0.02 secs] 
50363.054: [GC 50363.054: [ParNew: 223344K->20077K(235968K), 0.0295074 secs] 766792K->563525K(1022400K), 0.0296873 secs] [Times: user=0.14 sys=0.00, real=0.03 secs] 
50371.184: [GC 50371.184: [ParNew: 229869K->14358K(235968K), 0.0179908 secs] 773317K->559780K(1022400K), 0.0181719 secs] [Times: user=0.13 sys=0.00, real=0.02 secs] 
50379.877: [GC 50379.877: [ParNew: 224150K->8333K(235968K), 0.0152486 secs] 769572K->553756K(1022400K), 0.0154075 secs] [Times: user=0.13 sys=0.00, real=0.02 secs] 
50385.188: [GC 50385.188: [ParNew: 218125K->16207K(235968K), 0.0255798 secs] 763548K->561630K(1022400K), 0.0257360 secs] [Times: user=0.25 sys=0.00, real=0.03 secs] 
50386.802: [GC 50386.802: [ParNew: 225999K->25364K(235968K), 0.0430021 secs] 771422K->575972K(1022400K), 0.0431708 secs] [Times: user=0.38 sys=0.00, real=0.05 secs] 
50388.752: [GC 50388.752: [ParNew: 235156K->17525K(235968K), 0.0334260 secs] 785764K->572663K(1022400K), 0.0335911 secs] [Times: user=0.25 sys=0.00, real=0.03 secs] 
50392.063: [GC 50392.063: [ParNew: 227317K->17140K(235968K), 0.0304625 secs] 782455K->577465K(1022400K), 0.0306335 secs] [Times: user=0.25 sys=0.00, real=0.03 secs] 
50402.348: [GC 50402.348: [ParNew: 226932K->12558K(235968K), 0.0126276 secs] 787257K->572884K(1022400K), 0.0127896 secs] [Times: user=0.13 sys=0.00, real=0.02 secs] 
50410.038: [GC 50410.038: [ParNew: 222350K->15137K(235968K), 0.0222525 secs] 782676K->575463K(1022400K), 0.0224417 secs] [Times: user=0.25 sys=0.00, real=0.03 secs] 
50416.656: [GC 50416.656: [ParNew: 224929K->21139K(235968K), 0.0278449 secs] 785255K->581465K(1022400K), 0.0280287 secs] [Times: user=0.25 sys=0.00, real=0.03 secs] 
50422.136: [GC 50422.136: [ParNew: 230931K->21028K(235968K), 0.0326254 secs] 791257K->584145K(1022400K), 0.0328031 secs] [Times: user=0.20 sys=0.05, real=0.03 secs] 
50426.926: [GC 50426.926: [ParNew: 230820K->13378K(235968K), 0.0224191 secs] 793937K->576580K(1022400K), 0.0225758 secs] [Times: user=0.23 sys=0.01, real=0.03 secs] 
50433.204: [GC 50433.204: [ParNew: 223170K->17282K(235968K), 0.0256795 secs] 786372K->580963K(1022400K), 0.0258673 secs] [Times: user=0.20 sys=0.05, real=0.03 secs] 
50436.500: [GC 50436.500: [ParNew: 227074K->22069K(235968K), 0.0295051 secs] 790755K->586229K(1022400K), 0.0296946 secs] [Times: user=0.25 sys=0.00, real=0.03 secs] 
50440.873: [GC 50440.874: [ParNew: 231861K->14280K(235968K), 0.0296272 secs] 796021K->580745K(1022400K), 0.0298189 secs] [Times: user=0.22 sys=0.03, real=0.03 secs] 
50446.418: [GC 50446.418: [ParNew: 224072K->11695K(235968K), 0.0199048 secs] 790537K->578160K(1022400K), 0.0200908 secs] [Times: user=0.13 sys=0.00, real=0.02 secs] 
50451.885: [GC 50451.885: [ParNew: 221487K->14291K(235968K), 0.0199768 secs] 787952K->580756K(1022400K), 0.0201618 secs] [Times: user=0.13 sys=0.00, real=0.02 secs] 
50458.233: [GC 50458.233: [ParNew: 224083K->13392K(235968K), 0.0231010 secs] 790548K->579967K(1022400K), 0.0232583 secs] [Times: user=0.13 sys=0.00, real=0.02 secs] 
50465.932: [GC 50465.932: [ParNew: 223184K->13359K(235968K), 0.0230680 secs] 789759K->580343K(1022400K), 0.0232485 secs] [Times: user=0.13 sys=0.00, real=0.01 secs] 
50473.238: [GC 50473.238: [ParNew: 223151K->18623K(235968K), 0.0267009 secs] 790135K->585770K(1022400K), 0.0268939 secs] [Times: user=0.25 sys=0.00, real=0.03 secs] 
50481.839: [GC 50481.839: [ParNew: 228415K->11762K(235968K), 0.0213893 secs] 795562K->579054K(1022400K), 0.0215472 secs] [Times: user=0.13 sys=0.00, real=0.02 secs] 
50487.638: [GC 50487.638: [ParNew: 221554K->19339K(235968K), 0.0322795 secs] 788846K->586728K(1022400K), 0.0324678 secs] [Times: user=0.25 sys=0.00, real=0.03 secs] 
50489.349: [GC 50489.350: [ParNew: 229131K->26176K(235968K), 0.0383051 secs] 796520K->595263K(1022400K), 0.0384890 secs] [Times: user=0.38 sys=0.00, real=0.05 secs] 
50490.829: [GC 50490.829: [ParNew: 235968K->26176K(235968K), 0.0537102 secs] 805055K->605232K(1022400K), 0.0538987 secs] [Times: user=0.38 sys=0.00, real=0.05 secs] 
50492.815: [GC 50492.816: [ParNew: 235968K->19588K(235968K), 0.0365164 secs] 815024K->603964K(1022400K), 0.0367033 secs] [Times: user=0.25 sys=0.00, real=0.03 secs] 
50496.569: [GC 50496.569: [ParNew: 229381K->15001K(235968K), 0.0308271 secs] 813757K->606525K(1022400K), 0.0310201 secs] [Times: user=0.25 sys=0.00, real=0.03 secs] 
50501.658: [GC 50501.658: [ParNew: 224793K->11309K(235968K), 0.0138087 secs] 816317K->602833K(1022400K), 0.0139593 secs] [Times: user=0.13 sys=0.00, real=0.02 secs] 
50512.427: [GC 50512.427: [ParNew: 221101K->15547K(235968K), 0.0178207 secs] 812625K->607071K(1022400K), 0.0179897 secs] [Times: user=0.13 sys=0.00, real=0.01 secs] 
50517.523: [GC 50517.523: [ParNew: 225339K->16441K(235968K), 0.0221967 secs] 816863K->607965K(1022400K), 0.0223598 secs] [Times: user=0.19 sys=0.06, real=0.03 secs] 
50528.655: [GC 50528.656: [ParNew: 226233K->10603K(235968K), 0.0216449 secs] 817757K->604784K(1022400K), 0.0218033 secs] [Times: user=0.13 sys=0.00, real=0.01 secs] 
50534.421: [GC 50534.421: [ParNew: 220395K->17939K(235968K), 0.0301860 secs] 814576K->613531K(1022400K), 0.0303784 secs] [Times: user=0.25 sys=0.00, real=0.03 secs] 
50537.574: [GC 50537.574: [ParNew: 227731K->18147K(235968K), 0.0289534 secs] 823323K->615114K(1022400K), 0.0291420 secs] [Times: user=0.13 sys=0.00, real=0.02 secs] 
50541.014: [GC 50541.014: [ParNew: 227939K->17330K(235968K), 0.0299890 secs] 824906K->617143K(1022400K), 0.0301684 secs] [Times: user=0.25 sys=0.00, real=0.03 secs] 
50546.202: [GC 50546.202: [ParNew: 227122K->13368K(235968K), 0.0185286 secs] 826935K->613898K(1022400K), 0.0187124 secs] [Times: user=0.13 sys=0.00, real=0.02 secs] 
50552.518: [GC 50552.518: [ParNew: 223160K->14145K(235968K), 0.0242643 secs] 823690K->614674K(1022400K), 0.0244523 secs] [Times: user=0.14 sys=0.00, real=0.03 secs] 
50553.939: [GC 50553.939: [ParNew: 223937K->26176K(235968K), 0.0781937 secs] 824466K->636005K(1022400K), 0.0783697 secs] [Times: user=0.52 sys=0.00, real=0.08 secs] 
50555.489: [GC 50555.489: [ParNew: 235967K->26176K(235968K), 0.1651269 secs] 845797K->672780K(1022400K), 0.1653218 secs] [Times: user=1.02 sys=0.00, real=0.17 secs] 
50558.940: [GC 50558.940: [ParNew: 235968K->26176K(235968K), 0.1223074 secs] 882572K->698014K(1022400K), 0.1224969 secs] [Times: user=0.69 sys=0.02, real=0.13 secs] 
50560.451: [GC 50560.451: [ParNew: 235968K->26176K(235968K), 0.2680478 secs] 907806K->761241K(1022400K), 0.2682218 secs] [Times: user=1.61 sys=0.05, real=0.27 secs] 
50560.720: [GC [1 CMS-initial-mark: 735065K(786432K)] 761279K(1022400K), 0.0429018 secs] [Times: user=0.05 sys=0.00, real=0.05 secs] 
50560.763: [CMS-concurrent-mark-start]
50562.167: [Full GC 50562.167: [CMS2010-04-21T08:46:11.615+0100: 50562.397: [CMS-concurrent-mark: 1.632/1.634 secs] [Times: user=6.66 sys=0.05, real=1.63 secs] 
(concurrent mode failure): 735065K->510709K(786432K), 4.6264506 secs] 971033K->510709K(1022400K), [CMS Perm : 23193K->23191K(38736K)], 4.6266299 secs] [Times: user=4.84 sys=0.00, real=4.63 secs] 
50568.050: [GC 50568.050: [ParNew: 209792K->26176K(235968K), 0.0994026 secs] 720501K->557520K(1022400K), 0.0995959 secs] [Times: user=0.70 sys=0.02, real=0.09 secs] 
50569.439: [GC 50569.440: [ParNew: 235968K->26176K(235968K), 0.1400734 secs] 767312K->597094K(1022400K), 0.1402673 secs] [Times: user=0.83 sys=0.00, real=0.14 secs] 
50570.769: [GC 50570.769: [ParNew: 235968K->26176K(235968K), 0.1234961 secs] 806886K->633307K(1022400K), 0.1236856 secs] [Times: user=0.64 sys=0.00, real=0.13 secs] 
50572.705: [GC 50572.705: [ParNew: 235968K->26176K(235968K), 0.1079715 secs] 843099K->660685K(1022400K), 0.1081643 secs] [Times: user=0.72 sys=0.03, real=0.11 secs] 
50572.814: [GC [1 CMS-initial-mark: 634509K(786432K)] 660805K(1022400K), 0.0396687 secs] [Times: user=0.05 sys=0.00, real=0.05 secs] 
50572.854: [CMS-concurrent-mark-start]
50574.406: [GC 50574.406: [ParNew: 235968K->26176K(235968K), 0.0901810 secs] 870477K->682271K(1022400K), 0.0903707 secs] [Times: user=0.63 sys=0.00, real=0.09 secs] 
50574.796: [CMS-concurrent-mark: 1.851/1.942 secs] [Times: user=7.70 sys=0.05, real=1.94 secs] 
50574.796: [CMS-concurrent-preclean-start]
50575.142: [CMS-concurrent-preclean: 0.262/0.346 secs] [Times: user=0.77 sys=0.16, real=0.34 secs] 
50575.142: [CMS-concurrent-abortable-preclean-start]
50575.887: [GC 50575.887: [ParNew: 235968K->26176K(235968K), 0.0634170 secs] 892063K->696010K(1022400K), 0.0636053 secs] [Times: user=0.36 sys=0.00, real=0.06 secs] 
50576.705: [CMS-concurrent-abortable-preclean: 1.309/1.562 secs] [Times: user=4.89 sys=0.42, real=1.56 secs] 
50576.705: [GC[YG occupancy: 131652 K (235968 K)]50576.706: [Rescan (parallel) , 0.0369114 secs]50576.742: [weak refs processing, 0.0001260 secs] [1 CMS-remark: 669834K(786432K)] 801487K(1022400K), 0.0371835 secs] [Times: user=0.25 sys=0.00, real=0.03 secs] 
50576.743: [CMS-concurrent-sweep-start]
50577.370: [CMS-concurrent-sweep: 0.627/0.627 secs] [Times: user=2.09 sys=0.06, real=0.64 secs] 
50577.370: [CMS-concurrent-reset-start]
50577.390: [CMS-concurrent-reset: 0.020/0.020 secs] [Times: user=0.03 sys=0.00, real=0.02 secs] 
50577.485: [GC 50577.486: [ParNew: 235968K->26176K(235968K), 0.0702645 secs] 805881K->611351K(1022400K), 0.0704631 secs] [Times: user=0.50 sys=0.00, real=0.06 secs] 
50578.954: [GC 50578.954: [ParNew: 235968K->26176K(235968K), 0.0934046 secs] 821143K->630706K(1022400K), 0.0935937 secs] [Times: user=0.53 sys=0.00, real=0.09 secs] 
50580.714: [GC 50580.714: [ParNew: 235968K->26176K(235968K), 0.0713415 secs] 840498K->647337K(1022400K), 0.0715337 secs] [Times: user=0.38 sys=0.00, real=0.06 secs] 
50582.646: [GC 50582.646: [ParNew: 235968K->26176K(235968K), 0.0676807 secs] 857129K->662310K(1022400K), 0.0678405 secs] [Times: user=0.41 sys=0.00, real=0.08 secs] 
50584.693: [GC 50584.693: [ParNew: 235968K->26176K(235968K), 0.0549126 secs] 872102K->673084K(1022400K), 0.0551162 secs] [Times: user=0.39 sys=0.00, real=0.06 secs] 
50586.688: [GC 50586.688: [ParNew: 235968K->20779K(235968K), 0.0431030 secs] 882876K->676934K(1022400K), 0.0432994 secs] [Times: user=0.25 sys=0.00, real=0.05 secs] 
50589.513: [GC 50589.513: [ParNew: 230571K->16073K(235968K), 0.0322217 secs] 886726K->677391K(1022400K), 0.0324103 secs] [Times: user=0.14 sys=0.00, real=0.03 secs] 
50594.340: [GC 50594.340: [ParNew: 225865K->20347K(235968K), 0.0198098 secs] 887183K->681666K(1022400K), 0.0200003 secs] [Times: user=0.13 sys=0.00, real=0.02 secs] 
50596.408: [GC 50596.408: [ParNew: 230139K->26176K(235968K), 0.0531456 secs] 891458K->694506K(1022400K), 0.0533439 secs] [Times: user=0.38 sys=0.00, real=0.05 secs] 
50598.021: [GC 50598.021: [ParNew: 235968K->26176K(235968K), 0.0674007 secs] 904298K->706149K(1022400K), 0.0675636 secs] [Times: user=0.50 sys=0.00, real=0.08 secs] 
50599.649: [GC 50599.649: [ParNew: 235968K->26176K(235968K), 0.0510042 secs] 915941K->714644K(1022400K), 0.0511914 secs] [Times: user=0.39 sys=0.00, real=0.06 secs] 
50602.326: [GC 50602.326: [ParNew: 235968K->21583K(235968K), 0.0372218 secs] 924436K->716339K(1022400K), 0.0373830 secs] [Times: user=0.25 sys=0.00, real=0.03 secs] 
50604.735: [GC 50604.735: [ParNew: 231375K->20193K(235968K), 0.0408116 secs] 926131K->722713K(1022400K), 0.0409764 secs] [Times: user=0.23 sys=0.00, real=0.03 secs] 
50608.568: [GC 50608.568: [ParNew: 229985K->21480K(235968K), 0.0321633 secs] 932505K->729358K(1022400K), 0.0323516 secs] [Times: user=0.24 sys=0.00, real=0.03 secs] 
50610.345: [GC 50610.345: [ParNew: 231272K->23508K(235968K), 0.0471853 secs] 939150K->737634K(1022400K), 0.0473610 secs] [Times: user=0.31 sys=0.02, real=0.05 secs] 
50612.411: [GC 50612.411: [ParNew: 233300K->18864K(235968K), 0.0383504 secs] 947427K->738045K(1022400K), 0.0385261 secs] [Times: user=0.27 sys=0.00, real=0.05 secs] 
50612.450: [GC 50612.450: [ParNew: 19142K->7689K(235968K), 0.0459145 secs] 738323K->741823K(1022400K), 0.0460857 secs] [Times: user=0.26 sys=0.00, real=0.05 secs] 
50612.497: [GC [1 CMS-initial-mark: 734134K(786432K)] 742101K(1022400K), 0.0014985 secs] [Times: user=0.00 sys=0.00, real=0.00 secs] 
50612.499: [CMS-concurrent-mark-start]
50613.973: [CMS-concurrent-mark: 1.473/1.474 secs] [Times: user=3.80 sys=0.05, real=1.47 secs] 
50613.973: [CMS-concurrent-preclean-start]
50614.010: [CMS-concurrent-preclean: 0.026/0.037 secs] [Times: user=0.03 sys=0.00, real=0.05 secs] 
50614.010: [CMS-concurrent-abortable-preclean-start]
50616.803: [GC 50616.803: [ParNew: 217481K->20185K(235968K), 0.0275454 secs] 951615K->754320K(1022400K), 0.0277446 secs] [Times: user=0.25 sys=0.00, real=0.03 secs] 
50617.911: [CMS-concurrent-abortable-preclean: 2.064/3.900 secs] [Times: user=5.24 sys=0.92, real=3.89 secs] 
50617.912: [GC[YG occupancy: 127978 K (235968 K)]50617.912: [Rescan (parallel) , 0.0367983 secs]50617.949: [weak refs processing, 0.0002819 secs] [1 CMS-remark: 734134K(786432K)] 862113K(1022400K), 0.0372302 secs] [Times: user=0.25 sys=0.00, real=0.05 secs] 
50617.949: [CMS-concurrent-sweep-start]
50618.937: [CMS-concurrent-sweep: 0.988/0.988 secs] [Times: user=1.95 sys=0.02, real=0.98 secs] 
50618.937: [CMS-concurrent-reset-start]
50618.956: [CMS-concurrent-reset: 0.019/0.019 secs] [Times: user=0.01 sys=0.00, real=0.02 secs] 
50619.949: [GC 50619.949: [ParNew: 229977K->14418K(235968K), 0.0216550 secs] 667188K->454792K(1022400K), 0.0218399 secs] [Times: user=0.13 sys=0.00, real=0.01 secs] 
50623.359: [GC 50623.359: [ParNew: 224210K->16842K(235968K), 0.0210099 secs] 664584K->457215K(1022400K), 0.0211926 secs] [Times: user=0.13 sys=0.00, real=0.02 secs] 
50626.202: [GC 50626.202: [ParNew: 226634K->18748K(235968K), 0.0271906 secs] 667007K->459122K(1022400K), 0.0273552 secs] [Times: user=0.13 sys=0.00, real=0.03 secs] 
50628.212: [GC 50628.212: [ParNew: 228540K->26176K(235968K), 0.0366357 secs] 668914K->466678K(1022400K), 0.0368273 secs] [Times: user=0.38 sys=0.00, real=0.05 secs] 
50633.949: [GC 50633.949: [ParNew: 235968K->20064K(235968K), 0.0253339 secs] 676470K->464836K(1022400K), 0.0255315 secs] [Times: user=0.13 sys=0.00, real=0.02 secs] 
50640.722: [GC 50640.722: [ParNew: 229856K->13993K(235968K), 0.0235642 secs] 674628K->458765K(1022400K), 0.0237444 secs] [Times: user=0.13 sys=0.00, real=0.03 secs] 
50643.410: [GC 50643.410: [ParNew: 223785K->23406K(235968K), 0.0331771 secs] 668557K->468177K(1022400K), 0.0333612 secs] [Times: user=0.25 sys=0.00, real=0.03 secs] 
50644.957: [GC 50644.957: [ParNew: 233198K->26176K(235968K), 0.0709512 secs] 677969K->483426K(1022400K), 0.0711361 secs] [Times: user=0.39 sys=0.00, real=0.08 secs] 
50646.802: [GC 50646.803: [ParNew: 235968K->26176K(235968K), 0.0782002 secs] 693218K->495999K(1022400K), 0.0783966 secs] [Times: user=0.52 sys=0.00, real=0.08 secs] 
50648.778: [GC 50648.778: [ParNew: 235968K->20906K(235968K), 0.0505981 secs] 705791K->498822K(1022400K), 0.0507523 secs] [Times: user=0.27 sys=0.00, real=0.05 secs] 
50650.530: [GC 50650.530: [ParNew: 230698K->26176K(235968K), 0.0433387 secs] 708614K->509726K(1022400K), 0.0435424 secs] [Times: user=0.26 sys=0.00, real=0.05 secs] 
50652.332: [GC 50652.332: [ParNew: 235968K->26176K(235968K), 0.0584932 secs] 719518K->521294K(1022400K), 0.0586767 secs] [Times: user=0.39 sys=0.00, real=0.06 secs] 
50654.613: [GC 50654.613: [ParNew: 235968K->22244K(235968K), 0.0520558 secs] 731086K->528515K(1022400K), 0.0522505 secs] [Times: user=0.34 sys=0.01, real=0.05 secs] 
50656.487: [GC 50656.487: [ParNew: 232036K->26176K(235968K), 0.0448984 secs] 738307K->540941K(1022400K), 0.0450641 secs] [Times: user=0.27 sys=0.00, real=0.05 secs] 
50658.104: [GC 50658.104: [ParNew: 235968K->26176K(235968K), 0.0492401 secs] 750733K->549417K(1022400K), 0.0494320 secs] [Times: user=0.36 sys=0.03, real=0.06 secs] 
50660.195: [GC 50660.195: [ParNew: 235968K->26176K(235968K), 0.0474094 secs] 759209K->558001K(1022400K), 0.0475979 secs] [Times: user=0.38 sys=0.00, real=0.05 secs] 
50663.518: [GC 50663.518: [ParNew: 235968K->25207K(235968K), 0.0601954 secs] 767793K->571705K(1022400K), 0.0603848 secs] [Times: user=0.39 sys=0.00, real=0.06 secs] 
50668.480: [GC 50668.480: [ParNew: 234999K->18879K(235968K), 0.0400501 secs] 781497K->575123K(1022400K), 0.0402400 secs] [Times: user=0.14 sys=0.00, real=0.03 secs] 
50674.992: [GC 50674.992: [ParNew: 228671K->23157K(235968K), 0.0292249 secs] 784915K->579401K(1022400K), 0.0294138 secs] [Times: user=0.25 sys=0.00, real=0.03 secs] 
50684.091: [GC 50684.091: [ParNew: 232949K->18738K(235968K), 0.0301712 secs] 789193K->580063K(1022400K), 0.0303494 secs] [Times: user=0.14 sys=0.00, real=0.03 secs] 
50687.916: [GC 50687.916: [ParNew: 228530K->26176K(235968K), 0.0387320 secs] 789855K->588178K(1022400K), 0.0388901 secs] [Times: user=0.36 sys=0.02, real=0.05 secs] 
50692.611: [GC 50692.611: [ParNew: 235968K->25366K(235968K), 0.0568709 secs] 797970K->601282K(1022400K), 0.0570642 secs] [Times: user=0.38 sys=0.01, real=0.06 secs] 
50699.612: [GC 50699.612: [ParNew: 235158K->15872K(235968K), 0.0444724 secs] 811074K->603713K(1022400K), 0.0446593 secs] [Times: user=0.26 sys=0.00, real=0.05 secs] 
50701.899: [GC 50701.899: [ParNew: 225664K->23545K(235968K), 0.0273753 secs] 813505K->611386K(1022400K), 0.0275622 secs] [Times: user=0.25 sys=0.00, real=0.03 secs] 
50703.629: [GC 50703.629: [ParNew: 233337K->26176K(235968K), 0.0555392 secs] 821178K->621720K(1022400K), 0.0556987 secs] [Times: user=0.39 sys=0.00, real=0.06 secs] 
50707.895: [GC 50707.895: [ParNew: 235968K->23107K(235968K), 0.0658422 secs] 831512K->632883K(1022400K), 0.0660355 secs] [Times: user=0.38 sys=0.00, real=0.06 secs] 
50715.451: [GC 50715.451: [ParNew: 232899K->20722K(235968K), 0.0423501 secs] 842675K->642266K(1022400K), 0.0425157 secs] [Times: user=0.23 sys=0.00, real=0.03 secs] 
50724.293: [GC 50724.293: [ParNew: 230514K->21866K(235968K), 0.0272699 secs] 852058K->643409K(1022400K), 0.0274384 secs] [Times: user=0.13 sys=0.00, real=0.02 secs] 
50729.097: [GC 50729.097: [ParNew: 231658K->26176K(235968K), 0.0397073 secs] 853201K->651981K(1022400K), 0.0398986 secs] [Times: user=0.25 sys=0.00, real=0.03 secs] 
50730.628: [GC 50730.628: [ParNew: 235968K->26176K(235968K), 0.2198517 secs] 861773K->702378K(1022400K), 0.2200464 secs] [Times: user=1.36 sys=0.02, real=0.22 secs] 
50732.640: [GC 50732.640: [ParNew: 235968K->26176K(235968K), 0.1606176 secs] 912170K->741130K(1022400K), 0.1608121 secs] [Times: user=0.86 sys=0.02, real=0.16 secs] 
50732.802: [GC [1 CMS-initial-mark: 714954K(786432K)] 741157K(1022400K), 0.0381772 secs] [Times: user=0.03 sys=0.00, real=0.03 secs] 
50732.840: [CMS-concurrent-mark-start]
50734.459: [CMS-concurrent-mark: 1.619/1.619 secs] [Times: user=5.38 sys=0.05, real=1.61 secs] 
50734.459: [CMS-concurrent-preclean-start]
50734.520: [CMS-concurrent-preclean: 0.041/0.060 secs] [Times: user=0.08 sys=0.01, real=0.06 secs] 
50734.520: [CMS-concurrent-abortable-preclean-start]
50734.905: [GC 50734.905: [ParNew: 235966K->26176K(235968K), 0.0926573 secs] 950921K->761464K(1022400K), 0.0928478 secs] [Times: user=0.48 sys=0.00, real=0.09 secs] 
50735.735: [CMS-concurrent-abortable-preclean: 0.988/1.215 secs] [Times: user=3.56 sys=0.27, real=1.22 secs] 
50735.736: [GC[YG occupancy: 134612 K (235968 K)]50735.736: [Rescan (parallel) , 0.0331090 secs]50735.769: [weak refs processing, 0.0001760 secs] [1 CMS-remark: 735288K(786432K)] 869900K(1022400K), 0.0334420 secs] [Times: user=0.25 sys=0.00, real=0.03 secs] 
50735.769: [CMS-concurrent-sweep-start]
50736.459: [GC 50736.459: [ParNew: 235968K->26176K(235968K), 0.1124587 secs] 830214K->644250K(1022400K), 0.1126462 secs] [Times: user=0.72 sys=0.03, real=0.11 secs] 
50736.748: [CMS-concurrent-sweep: 0.865/0.978 secs] [Times: user=3.30 sys=0.06, real=0.98 secs] 
50736.748: [CMS-concurrent-reset-start]
50736.767: [CMS-concurrent-reset: 0.019/0.019 secs] [Times: user=0.03 sys=0.00, real=0.02 secs] 
50739.215: [GC 50739.215: [ParNew: 235968K->24435K(235968K), 0.0817470 secs] 765937K->574051K(1022400K), 0.0819350 secs] [Times: user=0.45 sys=0.00, real=0.09 secs] 
50744.846: [GC 50744.846: [ParNew: 234227K->26176K(235968K), 0.0520292 secs] 783843K->584318K(1022400K), 0.0522234 secs] [Times: user=0.27 sys=0.00, real=0.05 secs] 
50746.964: [GC 50746.964: [ParNew: 235968K->26176K(235968K), 0.0886817 secs] 794110K->603158K(1022400K), 0.0888806 secs] [Times: user=0.58 sys=0.05, real=0.09 secs] 
50750.506: [GC 50750.506: [ParNew: 235968K->26176K(235968K), 0.0729453 secs] 812950K->622763K(1022400K), 0.0731356 secs] [Times: user=0.42 sys=0.05, real=0.08 secs] 
50752.163: [GC 50752.163: [ParNew: 235968K->26176K(235968K), 0.0475315 secs] 832555K->631018K(1022400K), 0.0477172 secs] [Times: user=0.38 sys=0.00, real=0.05 secs] 
50754.567: [GC 50754.567: [ParNew: 235968K->25205K(235968K), 0.0405336 secs] 840810K->637332K(1022400K), 0.0406982 secs] [Times: user=0.27 sys=0.00, real=0.05 secs] 
50760.408: [GC 50760.408: [ParNew: 234992K->17093K(235968K), 0.0360046 secs] 847119K->636885K(1022400K), 0.0361783 secs] [Times: user=0.25 sys=0.00, real=0.03 secs] 
50768.996: [GC 50768.996: [ParNew: 226885K->21532K(235968K), 0.0205389 secs] 846677K->641324K(1022400K), 0.0207272 secs] [Times: user=0.22 sys=0.00, real=0.03 secs] 
50776.117: [GC 50776.117: [ParNew: 231324K->26176K(235968K), 0.0315071 secs] 851116K->647061K(1022400K), 0.0316741 secs] [Times: user=0.25 sys=0.00, real=0.03 secs] 
50781.467: [GC 50781.467: [ParNew: 235968K->18979K(235968K), 0.0447350 secs] 856853K->650363K(1022400K), 0.0449286 secs] [Times: user=0.22 sys=0.00, real=0.03 secs] 
50786.372: [GC 50786.372: [ParNew: 228771K->20191K(235968K), 0.0203646 secs] 860155K->651575K(1022400K), 0.0205526 secs] [Times: user=0.20 sys=0.00, real=0.03 secs] 
50789.036: [GC 50789.037: [ParNew: 229983K->26176K(235968K), 0.0648493 secs] 861367K->664667K(1022400K), 0.0650152 secs] [Times: user=0.47 sys=0.03, real=0.06 secs] 
50790.654: [GC 50790.654: [ParNew: 235968K->25736K(235968K), 0.0640336 secs] 874459K->680691K(1022400K), 0.0642230 secs] [Times: user=0.34 sys=0.05, real=0.06 secs] 
50794.128: [GC 50794.129: [ParNew: 235528K->26176K(235968K), 0.0374288 secs] 890483K->686800K(1022400K), 0.0376154 secs] [Times: user=0.25 sys=0.00, real=0.03 secs] 
50799.132: [GC 50799.132: [ParNew: 235968K->26176K(235968K), 0.0417447 secs] 896592K->693754K(1022400K), 0.0419598 secs] [Times: user=0.27 sys=0.00, real=0.05 secs] 
50800.980: [GC 50800.980: [ParNew: 235968K->26176K(235968K), 0.0575115 secs] 903546K->707182K(1022400K), 0.0577045 secs] [Times: user=0.39 sys=0.00, real=0.06 secs] 
50802.807: [GC 50802.807: [ParNew: 235968K->20963K(235968K), 0.0441595 secs] 916974K->709989K(1022400K), 0.0443470 secs] [Times: user=0.34 sys=0.00, real=0.05 secs] 
50807.359: [GC 50807.359: [ParNew: 230755K->26176K(235968K), 0.0486671 secs] 919781K->724579K(1022400K), 0.0488498 secs] [Times: user=0.26 sys=0.00, real=0.05 secs] 
50809.647: [GC 50809.647: [ParNew: 235968K->23343K(235968K), 0.0446020 secs] 934371K->731505K(1022400K), 0.0447697 secs] [Times: user=0.26 sys=0.00, real=0.05 secs] 
50812.247: [GC 50812.247: [ParNew: 233135K->26176K(235968K), 0.0392595 secs] 941297K->739748K(1022400K), 0.0394816 secs] [Times: user=0.25 sys=0.00, real=0.05 secs] 
50814.160: [GC 50814.160: [ParNew: 235968K->26176K(235968K), 0.0765958 secs] 949540K->754270K(1022400K), 0.0767558 secs] [Times: user=0.47 sys=0.05, real=0.08 secs] 
50814.238: [GC [1 CMS-initial-mark: 728094K(786432K)] 755111K(1022400K), 0.0400339 secs] [Times: user=0.03 sys=0.00, real=0.03 secs] 
50814.278: [CMS-concurrent-mark-start]
50815.905: [CMS-concurrent-mark: 1.627/1.627 secs] [Times: user=4.88 sys=0.11, real=1.64 secs] 
50815.905: [CMS-concurrent-preclean-start]
50815.981: [CMS-concurrent-preclean: 0.053/0.076 secs] [Times: user=0.05 sys=0.02, real=0.06 secs] 
50815.981: [CMS-concurrent-abortable-preclean-start]
50818.818: [GC 50818.818: [ParNew: 235968K->23176K(235968K), 0.0658547 secs] 964062K->765862K(1022400K), 0.0660159 secs] [Times: user=0.36 sys=0.00, real=0.06 secs] 
CMS: abort preclean due to time 2010-04-21T08:50:30.221+0100: 50821.000: [CMS-concurrent-abortable-preclean: 4.566/5.018 secs] [Times: user=7.70 sys=0.70, real=5.03 secs] 
50821.000: [GC[YG occupancy: 106766 K (235968 K)]50821.000: [Rescan (parallel) , 0.0251781 secs]50821.026: [weak refs processing, 0.0001707 secs] [1 CMS-remark: 742685K(786432K)] 849451K(1022400K), 0.0254890 secs] [Times: user=0.13 sys=0.00, real=0.02 secs] 
50821.026: [CMS-concurrent-sweep-start]
50822.029: [CMS-concurrent-sweep: 1.003/1.003 secs] [Times: user=1.72 sys=0.08, real=1.02 secs] 
50822.029: [CMS-concurrent-reset-start]
50822.048: [CMS-concurrent-reset: 0.019/0.019 secs] [Times: user=0.02 sys=0.00, real=0.02 secs] 
50825.717: [GC 50825.718: [ParNew: 232968K->13761K(235968K), 0.0358252 secs] 695331K->484883K(1022400K), 0.0360132 secs] [Times: user=0.13 sys=0.00, real=0.03 secs] 
50828.485: [GC 50828.485: [ParNew: 223553K->26176K(235968K), 0.0435625 secs] 694675K->498285K(1022400K), 0.0437466 secs] [Times: user=0.25 sys=0.00, real=0.03 secs] 
50831.509: [GC 50831.509: [ParNew: 235968K->21495K(235968K), 0.0634480 secs] 708078K->509203K(1022400K), 0.0636366 secs] [Times: user=0.38 sys=0.00, real=0.06 secs] 
50836.047: [GC 50836.047: [ParNew: 231287K->24900K(235968K), 0.0317487 secs] 718995K->512607K(1022400K), 0.0319446 secs] [Times: user=0.25 sys=0.00, real=0.03 secs] 
50838.484: [GC 50838.484: [ParNew: 234692K->19830K(235968K), 0.0476608 secs] 722399K->517499K(1022400K), 0.0478432 secs] [Times: user=0.25 sys=0.00, real=0.05 secs] 
50843.106: [GC 50843.107: [ParNew: 229622K->24129K(235968K), 0.0406107 secs] 727291K->526468K(1022400K), 0.0407767 secs] [Times: user=0.38 sys=0.00, real=0.05 secs] 
50846.172: [GC 50846.172: [ParNew: 233921K->26176K(235968K), 0.0751590 secs] 736260K->542366K(1022400K), 0.0753545 secs] [Times: user=0.39 sys=0.00, real=0.06 secs] 
50848.585: [GC 50848.585: [ParNew: 235968K->22918K(235968K), 0.0530760 secs] 752158K->549601K(1022400K), 0.0532414 secs] [Times: user=0.26 sys=0.00, real=0.05 secs] 
50852.429: [GC 50852.429: [ParNew: 232710K->20242K(235968K), 0.0263207 secs] 759393K->546925K(1022400K), 0.0265101 secs] [Times: user=0.25 sys=0.00, real=0.03 secs] 
50855.509: [GC 50855.509: [ParNew: 230035K->18489K(235968K), 0.0458452 secs] 756717K->554079K(1022400K), 0.0460176 secs] [Times: user=0.26 sys=0.00, real=0.05 secs] 
50859.537: [GC 50859.537: [ParNew: 228281K->23381K(235968K), 0.0410323 secs] 763871K->565597K(1022400K), 0.0412290 secs] [Times: user=0.27 sys=0.00, real=0.05 secs] 
50861.160: [GC 50861.160: [ParNew: 233173K->26176K(235968K), 0.0429300 secs] 775389K->574325K(1022400K), 0.0431211 secs] [Times: user=0.23 sys=0.02, real=0.05 secs] 
50863.855: [GC 50863.855: [ParNew: 235968K->26176K(235968K), 0.0367069 secs] 784117K->578839K(1022400K), 0.0369013 secs] [Times: user=0.26 sys=0.00, real=0.05 secs] 
50865.883: [GC 50865.883: [ParNew: 235968K->26176K(235968K), 0.0522237 secs] 788631K->589983K(1022400K), 0.0524181 secs] [Times: user=0.38 sys=0.01, real=0.06 secs] 
50867.433: [GC 50867.433: [ParNew: 235968K->26176K(235968K), 0.0519560 secs] 799775K->597608K(1022400K), 0.0521482 secs] [Times: user=0.39 sys=0.00, real=0.06 secs] 
50869.408: [GC 50869.408: [ParNew: 235968K->26176K(235968K), 0.0569841 secs] 807400K->607749K(1022400K), 0.0571749 secs] [Times: user=0.38 sys=0.00, real=0.05 secs] 
50875.993: [GC 50875.993: [ParNew: 235968K->24179K(235968K), 0.0458421 secs] 817541K->614805K(1022400K), 0.0460357 secs] [Times: user=0.38 sys=0.00, real=0.05 secs] 
50880.102: [GC 50880.102: [ParNew: 233971K->19833K(235968K), 0.0397919 secs] 824597K->617185K(1022400K), 0.0399830 secs] [Times: user=0.27 sys=0.00, real=0.05 secs] 
50882.774: [GC 50882.774: [ParNew: 229625K->19759K(235968K), 0.0298873 secs] 826977K->620026K(1022400K), 0.0300756 secs] [Times: user=0.25 sys=0.00, real=0.03 secs] 
50892.067: [GC 50892.067: [ParNew: 229551K->15095K(235968K), 0.0190155 secs] 829818K->616954K(1022400K), 0.0192089 secs] [Times: user=0.13 sys=0.00, real=0.02 secs] 
50897.186: [GC 50897.186: [ParNew: 224887K->26176K(235968K), 0.0375665 secs] 826746K->628118K(1022400K), 0.0377498 secs] [Times: user=0.25 sys=0.02, real=0.05 secs] 
50903.819: [GC 50903.820: [ParNew: 235968K->20258K(235968K), 0.0485908 secs] 837910K->632780K(1022400K), 0.0487785 secs] [Times: user=0.25 sys=0.00, real=0.05 secs] 
50910.227: [GC 50910.227: [ParNew: 230050K->25618K(235968K), 0.0306955 secs] 842572K->638139K(1022400K), 0.0308816 secs] [Times: user=0.25 sys=0.00, real=0.03 secs] 
50912.127: [GC 50912.127: [ParNew: 235410K->26176K(235968K), 0.0605527 secs] 847931K->650712K(1022400K), 0.0607262 secs] [Times: user=0.36 sys=0.03, real=0.06 secs] 
50913.727: [GC 50913.727: [ParNew: 235968K->26176K(235968K), 0.0532350 secs] 860504K->660563K(1022400K), 0.0534277 secs] [Times: user=0.39 sys=0.00, real=0.06 secs] 
50916.913: [GC 50916.914: [ParNew: 235968K->24683K(235968K), 0.0497882 secs] 870355K->671477K(1022400K), 0.0499477 secs] [Times: user=0.34 sys=0.03, real=0.05 secs] 
50920.479: [GC 50920.480: [ParNew: 234475K->23870K(235968K), 0.0485721 secs] 881269K->680986K(1022400K), 0.0487629 secs] [Times: user=0.38 sys=0.00, real=0.05 secs] 
50924.942: [GC 50924.942: [ParNew: 233662K->16231K(235968K), 0.0425685 secs] 890778K->681549K(1022400K), 0.0427610 secs] [Times: user=0.26 sys=0.00, real=0.05 secs] 
50930.800: [GC 50930.800: [ParNew: 226023K->26176K(235968K), 0.0281539 secs] 891341K->691496K(1022400K), 0.0283120 secs] [Times: user=0.13 sys=0.00, real=0.03 secs] 
50933.264: [GC 50933.264: [ParNew: 235968K->26176K(235968K), 0.0556979 secs] 901288K->699826K(1022400K), 0.0558649 secs] [Times: user=0.39 sys=0.00, real=0.06 secs] 
50936.234: [GC 50936.234: [ParNew: 235968K->26176K(235968K), 0.0636645 secs] 909618K->713699K(1022400K), 0.0638570 secs] [Times: user=0.39 sys=0.00, real=0.06 secs] 
50937.973: [GC 50937.973: [ParNew: 235968K->26176K(235968K), 0.0757501 secs] 923491K->727787K(1022400K), 0.0759482 secs] [Times: user=0.52 sys=0.00, real=0.08 secs] 
50939.540: [GC 50939.541: [ParNew: 235968K->26176K(235968K), 0.0522033 secs] 937579K->737001K(1022400K), 0.0523952 secs] [Times: user=0.36 sys=0.02, real=0.06 secs] 
50942.989: [GC 50942.989: [ParNew: 235968K->21577K(235968K), 0.0398537 secs] 946793K->740704K(1022400K), 0.0400146 secs] [Times: user=0.25 sys=0.00, real=0.03 secs] 
50945.528: [GC 50945.528: [ParNew: 231369K->17687K(235968K), 0.0405887 secs] 950496K->745021K(1022400K), 0.0407823 secs] [Times: user=0.33 sys=0.05, real=0.05 secs] 
50945.569: [GC [1 CMS-initial-mark: 727334K(786432K)] 745033K(1022400K), 0.0228373 secs] [Times: user=0.02 sys=0.00, real=0.01 secs] 
50945.592: [CMS-concurrent-mark-start]
50947.169: [CMS-concurrent-mark: 1.577/1.577 secs] [Times: user=4.92 sys=0.06, real=1.58 secs] 
50947.169: [CMS-concurrent-preclean-start]
50947.224: [CMS-concurrent-preclean: 0.037/0.055 secs] [Times: user=0.05 sys=0.03, real=0.06 secs] 
50947.224: [CMS-concurrent-abortable-preclean-start]
50948.053: [GC 50948.054: [ParNew: 227479K->22959K(235968K), 0.0383803 secs] 954813K->756351K(1022400K), 0.0385747 secs] [Times: user=0.25 sys=0.00, real=0.03 secs] 
50949.161: [CMS-concurrent-abortable-preclean: 1.715/1.937 secs] [Times: user=4.45 sys=0.26, real=1.94 secs] 
50949.162: [GC[YG occupancy: 129149 K (235968 K)]50949.162: [Rescan (parallel) , 0.0331746 secs]50949.195: [weak refs processing, 0.0003285 secs] [1 CMS-remark: 733392K(786432K)] 862541K(1022400K), 0.0336532 secs] [Times: user=0.25 sys=0.00, real=0.03 secs] 
50949.196: [CMS-concurrent-sweep-start]
50950.106: [CMS-concurrent-sweep: 0.910/0.910 secs] [Times: user=2.06 sys=0.02, real=0.91 secs] 
50950.106: [CMS-concurrent-reset-start]
50950.109: [GC 50950.110: [ParNew: 232751K->25750K(235968K), 0.0387831 secs] 684914K->483868K(1022400K), 0.0389460 secs] [Times: user=0.25 sys=0.00, real=0.03 secs] 
50950.163: [CMS-concurrent-reset: 0.017/0.057 secs] [Times: user=0.34 sys=0.00, real=0.06 secs] 
50952.118: [GC 50952.118: [ParNew: 235542K->26176K(235968K), 0.0514755 secs] 693660K->491858K(1022400K), 0.0516661 secs] [Times: user=0.38 sys=0.00, real=0.05 secs] 
50954.005: [GC 50954.005: [ParNew: 235968K->26176K(235968K), 0.0665476 secs] 701650K->507999K(1022400K), 0.0667367 secs] [Times: user=0.36 sys=0.01, real=0.06 secs] 
50956.393: [GC 50956.393: [ParNew: 235968K->26176K(235968K), 0.0491132 secs] 717791K->516994K(1022400K), 0.0493007 secs] [Times: user=0.27 sys=0.00, real=0.05 secs] 
50958.836: [GC 50958.836: [ParNew: 235968K->25835K(235968K), 0.0523986 secs] 726787K->526716K(1022400K), 0.0525880 secs] [Times: user=0.26 sys=0.00, real=0.05 secs] 
50963.425: [GC 50963.425: [ParNew: 235627K->17015K(235968K), 0.0410924 secs] 736508K->526605K(1022400K), 0.0412843 secs] [Times: user=0.11 sys=0.01, real=0.03 secs] 
50965.518: [GC 50965.518: [ParNew: 226807K->26176K(235968K), 0.0448529 secs] 736397K->548127K(1022400K), 0.0451532 secs] [Times: user=0.23 sys=0.00, real=0.05 secs] 
50966.703: [GC 50966.704: [ParNew: 235968K->22392K(235968K), 0.0492144 secs] 757919K->562007K(1022400K), 0.0494049 secs] [Times: user=0.23 sys=0.02, real=0.05 secs] 
50967.703: [GC 50967.703: [ParNew: 232184K->25083K(235968K), 0.0379224 secs] 771799K->570796K(1022400K), 0.0381185 secs] [Times: user=0.25 sys=0.00, real=0.03 secs] 
50969.371: [GC 50969.371: [ParNew: 234875K->26176K(235968K), 0.0646345 secs] 780588K->582935K(1022400K), 0.0648281 secs] [Times: user=0.38 sys=0.00, real=0.06 secs] 
50972.127: [GC 50972.127: [ParNew: 235968K->26176K(235968K), 0.0588522 secs] 792727K->601485K(1022400K), 0.0590625 secs] [Times: user=0.22 sys=0.02, real=0.05 secs] 
50973.051: [GC 50973.051: [ParNew (promotion failed): 235968K->235717K(235968K), 0.1553399 secs]50973.206: [CMS: 586664K->480528K(786432K), 4.3048617 secs] 811277K->480528K(1022400K), [CMS Perm : 23192K->23192K(38736K)], 4.4604499 secs] [Times: user=4.67 sys=0.00, real=4.45 secs] 
50978.116: [GC 50978.117: [ParNew: 209792K->26176K(235968K), 0.0241433 secs] 690320K->506706K(1022400K), 0.0243330 secs] [Times: user=0.25 sys=0.00, real=0.03 secs] 
50978.757: [GC 50978.757: [ParNew: 235968K->26176K(235968K), 0.0545198 secs] 716498K->518997K(1022400K), 0.0547042 secs] [Times: user=0.31 sys=0.03, real=0.05 secs] 
50979.708: [GC 50979.708: [ParNew: 235968K->26176K(235968K), 0.0518831 secs] 728789K->530730K(1022400K), 0.0520586 secs] [Times: user=0.34 sys=0.00, real=0.05 secs] 
50981.224: [GC 50981.225: [ParNew: 235968K->26176K(235968K), 0.0563482 secs] 740522K->543285K(1022400K), 0.0565393 secs] [Times: user=0.39 sys=0.00, real=0.06 secs] 
50983.054: [GC 50983.054: [ParNew: 235968K->26176K(235968K), 0.0475683 secs] 753077K->551936K(1022400K), 0.0477357 secs] [Times: user=0.34 sys=0.01, real=0.05 secs] 
50986.133: [GC 50986.133: [ParNew: 235968K->24457K(235968K), 0.0475365 secs] 761728K->556851K(1022400K), 0.0477343 secs] [Times: user=0.36 sys=0.01, real=0.05 secs] 
50987.831: [GC 50987.831: [ParNew: 234249K->26176K(235968K), 0.0474303 secs] 766643K->564018K(1022400K), 0.0476007 secs] [Times: user=0.27 sys=0.00, real=0.05 secs] 
50989.650: [GC 50989.650: [ParNew: 235968K->25856K(235968K), 0.0595207 secs] 773810K->576871K(1022400K), 0.0597174 secs] [Times: user=0.39 sys=0.00, real=0.06 secs] 
50993.384: [GC 50993.384: [ParNew: 235648K->20045K(235968K), 0.0485964 secs] 786663K->582248K(1022400K), 0.0487906 secs] [Times: user=0.36 sys=0.02, real=0.05 secs] 
50996.584: [GC 50996.584: [ParNew: 229837K->23733K(235968K), 0.0455834 secs] 792040K->595944K(1022400K), 0.0457768 secs] [Times: user=0.27 sys=0.00, real=0.05 secs] 
50999.613: [GC 50999.613: [ParNew: 233525K->19319K(235968K), 0.0307042 secs] 805736K->594696K(1022400K), 0.0308930 secs] [Times: user=0.25 sys=0.00, real=0.03 secs] 
51002.696: [GC 51002.696: [ParNew: 229111K->18933K(235968K), 0.0400841 secs] 804488K->600811K(1022400K), 0.0402797 secs] [Times: user=0.27 sys=0.00, real=0.05 secs] 
51006.894: [GC 51006.894: [ParNew: 228725K->26176K(235968K), 0.0716091 secs] 810603K->620289K(1022400K), 0.0717996 secs] [Times: user=0.50 sys=0.00, real=0.06 secs] 
51016.593: [GC 51016.593: [ParNew: 235968K->20852K(235968K), 0.0441062 secs] 830081K->624056K(1022400K), 0.0442679 secs] [Times: user=0.30 sys=0.08, real=0.05 secs] 
51020.320: [GC 51020.320: [ParNew: 230644K->26176K(235968K), 0.0342689 secs] 833848K->629380K(1022400K), 0.0344418 secs] [Times: user=0.25 sys=0.00, real=0.03 secs] 
51023.008: [GC 51023.009: [ParNew: 235968K->26176K(235968K), 0.0474524 secs] 839172K->636995K(1022400K), 0.0476494 secs] [Times: user=0.36 sys=0.00, real=0.05 secs] 
51026.704: [GC 51026.704: [ParNew: 235968K->25985K(235968K), 0.0468428 secs] 846787K->642708K(1022400K), 0.0470398 secs] [Times: user=0.26 sys=0.00, real=0.05 secs] 
51031.754: [GC 51031.754: [ParNew: 235777K->19674K(235968K), 0.0601417 secs] 852500K->651990K(1022400K), 0.0603202 secs] [Times: user=0.39 sys=0.00, real=0.06 secs] 
51034.748: [GC 51034.748: [ParNew: 229466K->26176K(235968K), 0.0352045 secs] 861782K->659072K(1022400K), 0.0353961 secs] [Times: user=0.38 sys=0.00, real=0.05 secs] 
51038.162: [GC 51038.162: [ParNew: 235968K->26176K(235968K), 0.0598417 secs] 868864K->674805K(1022400K), 0.0600403 secs] [Times: user=0.38 sys=0.00, real=0.06 secs] 
51042.714: [GC 51042.714: [ParNew: 235968K->17318K(235968K), 0.0335830 secs] 884597K->674413K(1022400K), 0.0337736 secs] [Times: user=0.22 sys=0.02, real=0.03 secs] 
51049.172: [GC 51049.172: [ParNew: 227110K->23919K(235968K), 0.0304106 secs] 884205K->681014K(1022400K), 0.0305768 secs] [Times: user=0.23 sys=0.00, real=0.03 secs] 
51057.272: [GC 51057.273: [ParNew: 233711K->19026K(235968K), 0.0361144 secs] 890806K->683359K(1022400K), 0.0362811 secs] [Times: user=0.25 sys=0.00, real=0.03 secs] 
51060.189: [GC 51060.189: [ParNew: 228818K->19162K(235968K), 0.0275691 secs] 893151K->683495K(1022400K), 0.0277586 secs] [Times: user=0.13 sys=0.00, real=0.02 secs] 
51062.840: [GC 51062.840: [ParNew: 228954K->26176K(235968K), 0.0474437 secs] 893287K->694247K(1022400K), 0.0476404 secs] [Times: user=0.38 sys=0.00, real=0.05 secs] 
51064.404: [GC 51064.404: [ParNew: 235968K->26176K(235968K), 0.0874955 secs] 904039K->714296K(1022400K), 0.0876891 secs] [Times: user=0.64 sys=0.00, real=0.09 secs] 
51067.831: [GC 51067.832: [ParNew: 235968K->25020K(235968K), 0.0512970 secs] 924088K->723198K(1022400K), 0.0514652 secs] [Times: user=0.27 sys=0.00, real=0.05 secs] 
51070.824: [GC 51070.824: [ParNew: 234812K->21011K(235968K), 0.0443311 secs] 932990K->729827K(1022400K), 0.0444956 secs] [Times: user=0.36 sys=0.00, real=0.05 secs] 
51074.821: [GC 51074.821: [ParNew: 230803K->22122K(235968K), 0.0405116 secs] 939619K->737970K(1022400K), 0.0406845 secs] [Times: user=0.27 sys=0.00, real=0.05 secs] 
51078.004: [GC 51078.004: [ParNew: 231914K->17556K(235968K), 0.0327975 secs] 947762K->737455K(1022400K), 0.0329645 secs] [Times: user=0.24 sys=0.02, real=0.03 secs] 
51081.895: [GC 51081.895: [ParNew: 227348K->26176K(235968K), 0.0365597 secs] 947247K->747225K(1022400K), 0.0367245 secs] [Times: user=0.25 sys=0.00, real=0.03 secs] 
51083.667: [GC 51083.667: [ParNew: 235968K->26176K(235968K), 0.0760504 secs] 957017K->764291K(1022400K), 0.0762443 secs] [Times: user=0.48 sys=0.00, real=0.08 secs] 
51083.744: [GC [1 CMS-initial-mark: 738115K(786432K)] 764305K(1022400K), 0.0340499 secs] [Times: user=0.03 sys=0.00, real=0.03 secs] 
51083.778: [CMS-concurrent-mark-start]
51085.255: [CMS-concurrent-mark: 1.477/1.477 secs] [Times: user=5.03 sys=0.09, real=1.48 secs] 
51085.255: [CMS-concurrent-preclean-start]
51085.336: [CMS-concurrent-preclean: 0.055/0.080 secs] [Times: user=0.14 sys=0.05, real=0.08 secs] 
51085.336: [CMS-concurrent-abortable-preclean-start]
51085.804: [GC 51085.804: [ParNew: 235968K->26176K(235968K), 0.0520169 secs] 974083K->772340K(1022400K), 0.0521846 secs] [Times: user=0.38 sys=0.00, real=0.05 secs] 
51086.692: [CMS-concurrent-abortable-preclean: 1.155/1.357 secs] [Times: user=3.84 sys=0.36, real=1.36 secs] 
51086.693: [GC[YG occupancy: 136303 K (235968 K)]51086.693: [Rescan (parallel) , 0.0349081 secs]51086.728: [weak refs processing, 0.0003207 secs] [1 CMS-remark: 746164K(786432K)] 882467K(1022400K), 0.0353752 secs] [Times: user=0.25 sys=0.00, real=0.03 secs] 
51086.729: [CMS-concurrent-sweep-start]
51087.615: [GC 51087.615: [ParNew: 235968K->24814K(235968K), 0.0427929 secs] 681641K->475544K(1022400K), 0.0429840 secs] [Times: user=0.26 sys=0.00, real=0.05 secs] 
51087.663: [CMS-concurrent-sweep: 0.891/0.934 secs] [Times: user=2.58 sys=0.00, real=0.94 secs] 
51087.663: [CMS-concurrent-reset-start]
51087.683: [CMS-concurrent-reset: 0.020/0.020 secs] [Times: user=0.06 sys=0.00, real=0.01 secs] 
51093.736: [GC 51093.736: [ParNew: 234606K->22612K(235968K), 0.0451555 secs] 683088K->479024K(1022400K), 0.0453474 secs] [Times: user=0.24 sys=0.00, real=0.03 secs] 
51099.579: [GC 51099.579: [ParNew: 232404K->20217K(235968K), 0.0383873 secs] 688816K->484820K(1022400K), 0.0385848 secs] [Times: user=0.25 sys=0.02, real=0.05 secs] 
51104.445: [GC 51104.446: [ParNew: 230009K->13041K(235968K), 0.0194676 secs] 694612K->477644K(1022400K), 0.0196307 secs] [Times: user=0.13 sys=0.00, real=0.02 secs] 
51109.751: [GC 51109.751: [ParNew: 222833K->26176K(235968K), 0.0308078 secs] 687436K->490794K(1022400K), 0.0309950 secs] [Times: user=0.24 sys=0.00, real=0.03 secs] 
51116.565: [GC 51116.565: [ParNew: 235968K->19203K(235968K), 0.0249456 secs] 700586K->486945K(1022400K), 0.0251121 secs] [Times: user=0.13 sys=0.00, real=0.02 secs] 
51122.641: [GC 51122.641: [ParNew: 228995K->20718K(235968K), 0.0354442 secs] 696737K->488460K(1022400K), 0.0356210 secs] [Times: user=0.38 sys=0.00, real=0.05 secs] 
51130.511: [GC 51130.511: [ParNew: 230510K->22351K(235968K), 0.0460891 secs] 698252K->495647K(1022400K), 0.0462539 secs] [Times: user=0.38 sys=0.00, real=0.05 secs] 
51145.319: [GC 51145.319: [ParNew: 232128K->15420K(235968K), 0.0206602 secs] 705424K->490886K(1022400K), 0.0208236 secs] [Times: user=0.13 sys=0.00, real=0.02 secs] 
51151.835: [GC 51151.835: [ParNew: 225212K->20367K(235968K), 0.0338381 secs] 700678K->495834K(1022400K), 0.0340018 secs] [Times: user=0.25 sys=0.00, real=0.03 secs] 
51160.698: [GC 51160.698: [ParNew: 230159K->18136K(235968K), 0.0383744 secs] 705626K->497002K(1022400K), 0.0385437 secs] [Times: user=0.24 sys=0.00, real=0.05 secs] 
51165.706: [GC 51165.706: [ParNew: 227928K->26176K(235968K), 0.0328947 secs] 706794K->505338K(1022400K), 0.0330877 secs] [Times: user=0.20 sys=0.05, real=0.03 secs] 
51171.812: [GC 51171.812: [ParNew: 235968K->19718K(235968K), 0.0232281 secs] 715130K->500684K(1022400K), 0.0234225 secs] [Times: user=0.25 sys=0.00, real=0.03 secs] 
51178.957: [GC 51178.957: [ParNew: 229510K->10005K(235968K), 0.0152503 secs] 710476K->490971K(1022400K), 0.0154386 secs] [Times: user=0.13 sys=0.00, real=0.02 secs] 
51185.844: [GC 51185.844: [ParNew: 219797K->8204K(235968K), 0.0171025 secs] 700763K->489170K(1022400K), 0.0172835 secs] [Times: user=0.13 sys=0.00, real=0.02 secs] 
51193.452: [GC 51193.452: [ParNew: 217996K->14209K(235968K), 0.0236008 secs] 698962K->495174K(1022400K), 0.0237963 secs] [Times: user=0.25 sys=0.00, real=0.03 secs] 
51202.119: [GC 51202.119: [ParNew: 224001K->10971K(235968K), 0.0266928 secs] 704966K->492053K(1022400K), 0.0268867 secs] [Times: user=0.25 sys=0.00, real=0.03 secs] 
51212.233: [GC 51212.233: [ParNew: 220763K->14414K(235968K), 0.0263184 secs] 701845K->495547K(1022400K), 0.0264925 secs] [Times: user=0.25 sys=0.00, real=0.03 secs] 
51221.234: [GC 51221.234: [ParNew: 224206K->16177K(235968K), 0.0303600 secs] 705339K->499184K(1022400K), 0.0305648 secs] [Times: user=0.25 sys=0.00, real=0.03 secs] 
51223.411: [GC 51223.412: [ParNew: 225969K->21863K(235968K), 0.0345231 secs] 708976K->504913K(1022400K), 0.0347106 secs] [Times: user=0.25 sys=0.00, real=0.03 secs] 
51225.234: [GC 51225.234: [ParNew: 231655K->16073K(235968K), 0.0405719 secs] 714705K->505213K(1022400K), 0.0407666 secs] [Times: user=0.25 sys=0.00, real=0.05 secs] 
51229.777: [GC 51229.777: [ParNew: 225865K->15301K(235968K), 0.0201369 secs] 715005K->504441K(1022400K), 0.0203009 secs] [Times: user=0.13 sys=0.00, real=0.02 secs] 
51232.205: [GC 51232.205: [ParNew: 225093K->20851K(235968K), 0.0205666 secs] 714233K->509990K(1022400K), 0.0207490 secs] [Times: user=0.19 sys=0.02, real=0.03 secs] 
51235.802: [GC 51235.802: [ParNew: 230643K->25162K(235968K), 0.0309693 secs] 719783K->514302K(1022400K), 0.0311470 secs] [Times: user=0.25 sys=0.00, real=0.03 secs] 
51238.498: [GC 51238.498: [ParNew: 234954K->24271K(235968K), 0.0392486 secs] 724094K->518306K(1022400K), 0.0394424 secs] [Times: user=0.26 sys=0.00, real=0.05 secs] 
51240.697: [GC 51240.697: [ParNew: 234063K->26176K(235968K), 0.0377827 secs] 728098K->522687K(1022400K), 0.0379741 secs] [Times: user=0.25 sys=0.00, real=0.03 secs] 
51243.164: [GC 51243.164: [ParNew: 235968K->17281K(235968K), 0.0351433 secs] 732479K->518972K(1022400K), 0.0353358 secs] [Times: user=0.25 sys=0.00, real=0.03 secs] 
51249.818: [GC 51249.818: [ParNew: 227073K->12939K(235968K), 0.0173019 secs] 728764K->514630K(1022400K), 0.0174737 secs] [Times: user=0.13 sys=0.00, real=0.01 secs] 
51254.527: [GC 51254.527: [ParNew: 222731K->15338K(235968K), 0.0207155 secs] 724422K->517029K(1022400K), 0.0209041 secs] [Times: user=0.13 sys=0.00, real=0.02 secs] 
51259.699: [GC 51259.699: [ParNew: 225130K->20854K(235968K), 0.0263313 secs] 726821K->522545K(1022400K), 0.0265131 secs] [Times: user=0.25 sys=0.00, real=0.03 secs] 
51262.076: [GC 51262.076: [ParNew: 230646K->26176K(235968K), 0.0423858 secs] 732337K->531220K(1022400K), 0.0425828 secs] [Times: user=0.36 sys=0.00, real=0.05 secs] 
51264.113: [GC 51264.113: [ParNew: 235968K->18062K(235968K), 0.0459165 secs] 741012K->531112K(1022400K), 0.0461126 secs] [Times: user=0.27 sys=0.00, real=0.05 secs] 
51270.244: [GC 51270.244: [ParNew: 227853K->9388K(235968K), 0.0158006 secs] 740903K->522438K(1022400K), 0.0159917 secs] [Times: user=0.13 sys=0.00, real=0.02 secs] 
51273.566: [GC 51273.567: [ParNew: 219180K->20753K(235968K), 0.0288668 secs] 732230K->533803K(1022400K), 0.0291305 secs] [Times: user=0.13 sys=0.00, real=0.01 secs] 
51278.462: [GC 51278.462: [ParNew: 230545K->15698K(235968K), 0.0321963 secs] 743595K->534719K(1022400K), 0.0323826 secs] [Times: user=0.25 sys=0.00, real=0.03 secs] 
51286.878: [GC 51286.878: [ParNew: 225490K->8423K(235968K), 0.0192022 secs] 744511K->527444K(1022400K), 0.0194005 secs] [Times: user=0.14 sys=0.00, real=0.03 secs] 
51292.233: [GC 51292.233: [ParNew: 218215K->11709K(235968K), 0.0222031 secs] 737236K->530730K(1022400K), 0.0224073 secs] [Times: user=0.24 sys=0.02, real=0.03 secs] 
51297.382: [GC 51297.382: [ParNew: 221501K->16989K(235968K), 0.0274962 secs] 740522K->536010K(1022400K), 0.0276792 secs] [Times: user=0.14 sys=0.00, real=0.03 secs] 
51304.742: [GC 51304.742: [ParNew: 226781K->11554K(235968K), 0.0209454 secs] 745802K->530635K(1022400K), 0.0211072 secs] [Times: user=0.13 sys=0.00, real=0.02 secs] 
51309.440: [GC 51309.440: [ParNew: 221346K->12359K(235968K), 0.0253035 secs] 740427K->531878K(1022400K), 0.0254951 secs] [Times: user=0.25 sys=0.00, real=0.03 secs] 
51312.028: [GC 51312.028: [ParNew: 222151K->19110K(235968K), 0.0303368 secs] 741670K->539146K(1022400K), 0.0305394 secs] [Times: user=0.25 sys=0.00, real=0.03 secs] 
51316.076: [GC 51316.076: [ParNew: 228902K->23170K(235968K), 0.0367591 secs] 748938K->544995K(1022400K), 0.0369340 secs] [Times: user=0.25 sys=0.00, real=0.03 secs] 
51317.700: [GC 51317.700: [ParNew: 232962K->22258K(235968K), 0.0481916 secs] 754787K->549417K(1022400K), 0.0483601 secs] [Times: user=0.34 sys=0.00, real=0.05 secs] 
51320.570: [GC 51320.570: [ParNew: 232050K->15061K(235968K), 0.0254443 secs] 759209K->544566K(1022400K), 0.0256379 secs] [Times: user=0.13 sys=0.00, real=0.02 secs] 
51328.005: [GC 51328.005: [ParNew: 224853K->14502K(235968K), 0.0189460 secs] 754358K->544007K(1022400K), 0.0191415 secs] [Times: user=0.13 sys=0.00, real=0.02 secs] 
51336.776: [GC 51336.776: [ParNew: 224295K->18743K(235968K), 0.0222897 secs] 753799K->548247K(1022400K), 0.0224635 secs] [Times: user=0.13 sys=0.00, real=0.02 secs] 
51338.950: [GC 51338.950: [ParNew: 228535K->26176K(235968K), 0.0374684 secs] 758039K->555766K(1022400K), 0.0376774 secs] [Times: user=0.25 sys=0.00, real=0.03 secs] 
51341.216: [GC 51341.216: [ParNew: 235968K->19684K(235968K), 0.0470364 secs] 765558K->559061K(1022400K), 0.0472250 secs] [Times: user=0.34 sys=0.03, real=0.05 secs] 
51343.822: [GC 51343.822: [ParNew: 229476K->20827K(235968K), 0.0278840 secs] 768853K->560205K(1022400K), 0.0280653 secs] [Times: user=0.25 sys=0.00, real=0.03 secs] 
51346.519: [GC 51346.520: [ParNew: 230619K->15003K(235968K), 0.0386784 secs] 769997K->561568K(1022400K), 0.0388742 secs] [Times: user=0.25 sys=0.02, real=0.05 secs] 
51349.385: [GC 51349.385: [ParNew: 224795K->22532K(235968K), 0.0280100 secs] 771360K->569097K(1022400K), 0.0281938 secs] [Times: user=0.22 sys=0.03, real=0.03 secs] 
51353.190: [GC 51353.190: [ParNew: 232324K->18759K(235968K), 0.0310741 secs] 778889K->569890K(1022400K), 0.0312674 secs] [Times: user=0.25 sys=0.00, real=0.03 secs] 
51355.112: [GC 51355.113: [ParNew: 228551K->26176K(235968K), 0.0351073 secs] 779682K->577308K(1022400K), 0.0352631 secs] [Times: user=0.38 sys=0.00, real=0.05 secs] 
51357.594: [GC 51357.594: [ParNew: 235529K->19425K(235968K), 0.0430493 secs] 786662K->578279K(1022400K), 0.0432357 secs] [Times: user=0.38 sys=0.00, real=0.05 secs] 
51360.087: [GC 51360.087: [ParNew: 229217K->20517K(235968K), 0.0265922 secs] 788071K->579371K(1022400K), 0.0267646 secs] [Times: user=0.13 sys=0.00, real=0.03 secs] 
51363.671: [GC 51363.671: [ParNew: 230309K->14558K(235968K), 0.0220383 secs] 789163K->577906K(1022400K), 0.0222294 secs] [Times: user=0.14 sys=0.00, real=0.03 secs] 
51369.371: [GC 51369.371: [ParNew: 224350K->9653K(235968K), 0.0212524 secs] 787698K->573001K(1022400K), 0.0214114 secs] [Times: user=0.13 sys=0.00, real=0.02 secs] 
51371.937: [GC 51371.937: [ParNew: 219445K->21865K(235968K), 0.0339317 secs] 782793K->585213K(1022400K), 0.0341183 secs] [Times: user=0.25 sys=0.00, real=0.03 secs] 
51373.893: [GC 51373.893: [ParNew: 231657K->21680K(235968K), 0.0515124 secs] 795005K->593589K(1022400K), 0.0516898 secs] [Times: user=0.39 sys=0.00, real=0.06 secs] 
51375.350: [GC 51375.350: [ParNew: 231472K->26176K(235968K), 0.0527601 secs] 803381K->605330K(1022400K), 0.0529559 secs] [Times: user=0.26 sys=0.00, real=0.05 secs] 
51378.300: [GC 51378.300: [ParNew: 235968K->22893K(235968K), 0.0378696 secs] 815122K->608435K(1022400K), 0.0380582 secs] [Times: user=0.26 sys=0.00, real=0.05 secs] 
51384.354: [GC 51384.354: [ParNew: 232685K->16504K(235968K), 0.0291026 secs] 818227K->609679K(1022400K), 0.0292970 secs] [Times: user=0.14 sys=0.00, real=0.03 secs] 
51390.269: [GC 51390.269: [ParNew: 226296K->19211K(235968K), 0.0269747 secs] 819471K->612385K(1022400K), 0.0271616 secs] [Times: user=0.25 sys=0.00, real=0.03 secs] 
51394.823: [GC 51394.823: [ParNew: 229003K->14449K(235968K), 0.0263712 secs] 822177K->611281K(1022400K), 0.0265640 secs] [Times: user=0.14 sys=0.00, real=0.03 secs] 
51401.472: [GC 51401.472: [ParNew: 224241K->10378K(235968K), 0.0209893 secs] 821073K->607210K(1022400K), 0.0211773 secs] [Times: user=0.25 sys=0.00, real=0.03 secs] 
51406.233: [GC 51406.233: [ParNew: 220170K->16807K(235968K), 0.0326055 secs] 817002K->613639K(1022400K), 0.0327936 secs] [Times: user=0.25 sys=0.00, real=0.03 secs] 
51412.909: [GC 51412.910: [ParNew: 226599K->21252K(235968K), 0.0369276 secs] 823431K->621292K(1022400K), 0.0370919 secs] [Times: user=0.25 sys=0.00, real=0.05 secs] 
51415.400: [GC 51415.400: [ParNew: 231044K->22841K(235968K), 0.0359247 secs] 831084K->622881K(1022400K), 0.0360915 secs] [Times: user=0.25 sys=0.00, real=0.03 secs] 
51417.008: [GC 51417.008: [ParNew: 232633K->18421K(235968K), 0.0468286 secs] 832673K->625830K(1022400K), 0.0469948 secs] [Times: user=0.27 sys=0.00, real=0.05 secs] 
51418.608: [GC 51418.608: [ParNew: 228213K->25557K(235968K), 0.0376199 secs] 835622K->637121K(1022400K), 0.0378073 secs] [Times: user=0.27 sys=0.00, real=0.05 secs] 
51420.951: [GC 51420.951: [ParNew: 235349K->23833K(235968K), 0.0403655 secs] 846913K->641579K(1022400K), 0.0405420 secs] [Times: user=0.26 sys=0.00, real=0.05 secs] 
51422.969: [GC 51422.970: [ParNew: 233625K->20460K(235968K), 0.0378713 secs] 851371K->644714K(1022400K), 0.0380613 secs] [Times: user=0.27 sys=0.00, real=0.05 secs] 
51426.210: [GC 51426.210: [ParNew: 230252K->14269K(235968K), 0.0320463 secs] 854506K->644435K(1022400K), 0.0322200 secs] [Times: user=0.14 sys=0.00, real=0.03 secs] 
51430.673: [GC 51430.673: [ParNew: 224061K->13516K(235968K), 0.0188750 secs] 854227K->643682K(1022400K), 0.0190656 secs] [Times: user=0.13 sys=0.00, real=0.02 secs] 
51433.185: [GC 51433.186: [ParNew: 223308K->26176K(235968K), 0.0355115 secs] 853474K->656430K(1022400K), 0.0356950 secs] [Times: user=0.25 sys=0.00, real=0.03 secs] 
51434.724: [GC 51434.724: [ParNew: 235968K->26176K(235968K), 0.0649488 secs] 866222K->668569K(1022400K), 0.0651396 secs] [Times: user=0.39 sys=0.00, real=0.06 secs] 
51436.627: [GC 51436.627: [ParNew: 235968K->20961K(235968K), 0.0418514 secs] 878361K->669101K(1022400K), 0.0420444 secs] [Times: user=0.33 sys=0.03, real=0.05 secs] 
51440.162: [GC 51440.162: [ParNew: 230753K->18516K(235968K), 0.0351813 secs] 878893K->673570K(1022400K), 0.0353746 secs] [Times: user=0.14 sys=0.00, real=0.03 secs] 
51444.471: [GC 51444.471: [ParNew: 228308K->12496K(235968K), 0.0173287 secs] 883362K->667550K(1022400K), 0.0175198 secs] [Times: user=0.13 sys=0.00, real=0.02 secs] 
51448.975: [GC 51448.975: [ParNew: 222288K->11627K(235968K), 0.0198911 secs] 877342K->666681K(1022400K), 0.0200847 secs] [Times: user=0.13 sys=0.00, real=0.02 secs] 
51452.740: [GC 51452.740: [ParNew: 221419K->17086K(235968K), 0.0269179 secs] 876473K->672140K(1022400K), 0.0271054 secs] [Times: user=0.13 sys=0.00, real=0.02 secs] 
51457.183: [GC 51457.183: [ParNew: 226878K->11905K(235968K), 0.0214846 secs] 881932K->667576K(1022400K), 0.0216745 secs] [Times: user=0.13 sys=0.00, real=0.02 secs] 
51464.574: [GC 51464.574: [ParNew: 221697K->13691K(235968K), 0.0289383 secs] 877368K->669464K(1022400K), 0.0291255 secs] [Times: user=0.24 sys=0.00, real=0.03 secs] 
51468.198: [GC 51468.198: [ParNew: 223483K->19296K(235968K), 0.0302195 secs] 879256K->675258K(1022400K), 0.0304095 secs] [Times: user=0.25 sys=0.00, real=0.03 secs] 
51471.169: [GC 51471.169: [ParNew: 229088K->26176K(235968K), 0.0426185 secs] 885050K->685057K(1022400K), 0.0428158 secs] [Times: user=0.30 sys=0.08, real=0.05 secs] 
51474.470: [GC 51474.471: [ParNew: 235968K->19838K(235968K), 0.0552875 secs] 894849K->692447K(1022400K), 0.0554749 secs] [Times: user=0.36 sys=0.02, real=0.06 secs] 
51478.634: [GC 51478.634: [ParNew: 229630K->26176K(235968K), 0.0297295 secs] 902239K->699027K(1022400K), 0.0299228 secs] [Times: user=0.14 sys=0.00, real=0.03 secs] 
51483.740: [GC 51483.740: [ParNew: 235968K->17534K(235968K), 0.0332003 secs] 908819K->697861K(1022400K), 0.0333970 secs] [Times: user=0.25 sys=0.00, real=0.05 secs] 
51490.899: [GC 51490.900: [ParNew: 227326K->8231K(235968K), 0.0173572 secs] 907653K->688558K(1022400K), 0.0175366 secs] [Times: user=0.13 sys=0.00, real=0.02 secs] 
51496.234: [GC 51496.234: [ParNew: 218023K->11206K(235968K), 0.0258186 secs] 898350K->691532K(1022400K), 0.0260128 secs] [Times: user=0.24 sys=0.01, real=0.03 secs] 
51498.378: [GC 51498.378: [ParNew: 220998K->26176K(235968K), 0.1653383 secs] 901324K->733102K(1022400K), 0.1655283 secs] [Times: user=1.16 sys=0.00, real=0.17 secs] 
51500.725: [GC 51500.725: [ParNew (promotion failed): 235968K->235968K(235968K), 1.0434335 secs]51501.769: [CMS: 760172K->488171K(786432K), 4.3292290 secs] 942894K->488171K(1022400K), [CMS Perm : 23192K->23192K(38736K)], 5.3729242 secs] [Times: user=6.28 sys=0.16, real=5.36 secs] 
51507.679: [GC 51507.679: [ParNew: 209792K->26176K(235968K), 0.0936893 secs] 697963K->529051K(1022400K), 0.0938812 secs] [Times: user=0.64 sys=0.00, real=0.09 secs] 
51509.122: [GC 51509.122: [ParNew: 235968K->26176K(235968K), 0.1333287 secs] 738843K->565178K(1022400K), 0.1335181 secs] [Times: user=0.86 sys=0.00, real=0.13 secs] 
51510.670: [GC 51510.670: [ParNew: 235968K->26176K(235968K), 0.1220828 secs] 774970K->593850K(1022400K), 0.1222725 secs] [Times: user=0.73 sys=0.02, real=0.13 secs] 
51513.066: [GC 51513.066: [ParNew: 235968K->25818K(235968K), 0.0771545 secs] 803642K->610879K(1022400K), 0.0773433 secs] [Times: user=0.52 sys=0.00, real=0.08 secs] 
51514.582: [GC 51514.582: [ParNew: 235610K->26176K(235968K), 0.1444080 secs] 820671K->645511K(1022400K), 0.1445971 secs] [Times: user=0.97 sys=0.00, real=0.16 secs] 
51515.876: [GC 51515.876: [ParNew: 235968K->26176K(235968K), 0.1532164 secs] 855303K->681921K(1022400K), 0.1534094 secs] [Times: user=1.00 sys=0.01, real=0.16 secs] 
51516.030: [GC [1 CMS-initial-mark: 655745K(786432K)] 681986K(1022400K), 0.0417394 secs] [Times: user=0.05 sys=0.00, real=0.05 secs] 
51516.072: [CMS-concurrent-mark-start]
51517.434: [GC 51517.434: [ParNew: 235968K->26176K(235968K), 0.1769825 secs] 891713K->724389K(1022400K), 0.1771770 secs] [Times: user=1.06 sys=0.02, real=0.17 secs] 
51518.073: [CMS-concurrent-mark: 1.823/2.001 secs] [Times: user=9.05 sys=0.11, real=2.00 secs] 
51518.073: [CMS-concurrent-preclean-start]
51518.545: [CMS-concurrent-preclean: 0.359/0.472 secs] [Times: user=1.64 sys=0.17, real=0.47 secs] 
51518.545: [CMS-concurrent-abortable-preclean-start]
51518.909: [GC 51518.909: [ParNew: 235968K->26176K(235968K), 0.2272317 secs] 934181K->776256K(1022400K), 0.2274194 secs] [Times: user=1.44 sys=0.01, real=0.23 secs] 
51519.732: [CMS-concurrent-abortable-preclean: 0.797/1.187 secs] [Times: user=4.38 sys=0.30, real=1.19 secs] 
51519.733: [GC[YG occupancy: 117795 K (235968 K)]51519.733: [Rescan (parallel) , 0.0299094 secs]51519.763: [weak refs processing, 0.0001344 secs] [1 CMS-remark: 750080K(786432K)] 867876K(1022400K), 0.0301924 secs] [Times: user=0.25 sys=0.00, real=0.03 secs] 
51519.763: [CMS-concurrent-sweep-start]
51520.458: [Full GC 51520.458: [CMS2010-04-21T09:02:09.759+0100: 51520.563: [CMS-concurrent-sweep: 0.799/0.800 secs] [Times: user=2.50 sys=0.02, real=0.80 secs] 
(concurrent mode failure): 596879K->535771K(786432K), 4.5951804 secs] 832847K->535771K(1022400K), [CMS Perm : 23192K->23192K(38736K)], 4.5954111 secs] [Times: user=4.61 sys=0.00, real=4.61 secs] 
51526.283: [GC 51526.283: [ParNew: 209792K->26176K(235968K), 0.1130077 secs] 745563K->585405K(1022400K), 0.1132041 secs] [Times: user=0.83 sys=0.00, real=0.11 secs] 
51528.116: [GC 51528.117: [ParNew: 235968K->26176K(235968K), 0.1220219 secs] 795197K->616980K(1022400K), 0.1222116 secs] [Times: user=0.69 sys=0.03, real=0.11 secs] 
51529.909: [GC 51529.909: [ParNew: 235968K->26176K(235968K), 0.0745662 secs] 826772K->636020K(1022400K), 0.0747721 secs] [Times: user=0.51 sys=0.00, real=0.08 secs] 
51531.096: [GC 51531.097: [ParNew: 235968K->26176K(235968K), 0.0921463 secs] 845812K->659702K(1022400K), 0.0923358 secs] [Times: user=0.64 sys=0.00, real=0.09 secs] 
51532.697: [GC 51532.697: [ParNew: 235968K->26176K(235968K), 0.1277408 secs] 869494K->693154K(1022400K), 0.1279325 secs] [Times: user=0.74 sys=0.01, real=0.13 secs] 
51532.826: [GC [1 CMS-initial-mark: 666978K(786432K)] 693166K(1022400K), 0.0418735 secs] [Times: user=0.05 sys=0.00, real=0.05 secs] 
51532.868: [CMS-concurrent-mark-start]
51534.495: [CMS-concurrent-mark: 1.627/1.627 secs] [Times: user=5.45 sys=0.08, real=1.63 secs] 
51534.495: [CMS-concurrent-preclean-start]
51534.592: [CMS-concurrent-preclean: 0.065/0.097 secs] [Times: user=0.11 sys=0.11, real=0.09 secs] 
51534.592: [CMS-concurrent-abortable-preclean-start]
51534.766: [GC 51534.766: [ParNew: 235968K->26176K(235968K), 0.0915127 secs] 902946K->713376K(1022400K), 0.0917086 secs] [Times: user=0.63 sys=0.00, real=0.09 secs] 
51535.713: [CMS-concurrent-abortable-preclean: 0.902/1.121 secs] [Times: user=2.80 sys=0.30, real=1.13 secs] 
51535.713: [GC[YG occupancy: 132687 K (235968 K)]51535.713: [Rescan (parallel) , 0.0360551 secs]51535.749: [weak refs processing, 0.0001372 secs] [1 CMS-remark: 687200K(786432K)] 819888K(1022400K), 0.0363108 secs] [Times: user=0.23 sys=0.00, real=0.03 secs] 
51535.750: [CMS-concurrent-sweep-start]
51536.551: [CMS-concurrent-sweep: 0.801/0.801 secs] [Times: user=1.80 sys=0.01, real=0.80 secs] 
51536.551: [CMS-concurrent-reset-start]
51536.570: [CMS-concurrent-reset: 0.019/0.019 secs] [Times: user=0.06 sys=0.00, real=0.03 secs] 
51537.038: [GC 51537.038: [ParNew: 235968K->21576K(235968K), 0.0413117 secs] 726254K->521621K(1022400K), 0.0415075 secs] [Times: user=0.25 sys=0.00, real=0.03 secs] 
51540.655: [GC 51540.655: [ParNew: 231368K->19181K(235968K), 0.0219332 secs] 731413K->519226K(1022400K), 0.0221263 secs] [Times: user=0.13 sys=0.00, real=0.02 secs] 
51543.012: [GC 51543.012: [ParNew: 228973K->26176K(235968K), 0.0629756 secs] 729019K->533633K(1022400K), 0.0631561 secs] [Times: user=0.39 sys=0.00, real=0.06 secs] 
51543.076: [GC 51543.076: [ParNew: 26229K->16921K(235968K), 0.0834606 secs] 533687K->549967K(1022400K), 0.0836293 secs] [Times: user=0.31 sys=0.00, real=0.08 secs] 
51544.802: [GC 51544.802: [ParNew: 226713K->26176K(235968K), 0.0366566 secs] 759759K->559447K(1022400K), 0.0368460 secs] [Times: user=0.38 sys=0.00, real=0.05 secs] 
51546.400: [GC 51546.401: [ParNew: 235968K->26176K(235968K), 0.0683897 secs] 769239K->572367K(1022400K), 0.0685827 secs] [Times: user=0.36 sys=0.00, real=0.06 secs] 
51548.162: [GC 51548.162: [ParNew: 235968K->25302K(235968K), 0.0468680 secs] 782159K->577171K(1022400K), 0.0470560 secs] [Times: user=0.31 sys=0.01, real=0.05 secs] 
51551.589: [GC 51551.589: [ParNew: 235094K->19004K(235968K), 0.0391391 secs] 786963K->577533K(1022400K), 0.0393016 secs] [Times: user=0.25 sys=0.00, real=0.03 secs] 
51556.494: [GC 51556.494: [ParNew: 228796K->14733K(235968K), 0.0324251 secs] 787325K->578365K(1022400K), 0.0326125 secs] [Times: user=0.14 sys=0.00, real=0.03 secs] 
51563.629: [GC 51563.629: [ParNew: 224525K->13668K(235968K), 0.0207518 secs] 788157K->577299K(1022400K), 0.0209381 secs] [Times: user=0.25 sys=0.00, real=0.03 secs] 
51567.839: [GC 51567.839: [ParNew: 223460K->16648K(235968K), 0.0224129 secs] 787091K->580279K(1022400K), 0.0225959 secs] [Times: user=0.13 sys=0.00, real=0.02 secs] 
51572.739: [GC 51572.740: [ParNew: 226440K->18520K(235968K), 0.0296806 secs] 790071K->582151K(1022400K), 0.0298747 secs] [Times: user=0.25 sys=0.00, real=0.03 secs] 
51577.086: [GC 51577.087: [ParNew: 228312K->14673K(235968K), 0.0301301 secs] 791943K->580913K(1022400K), 0.0303164 secs] [Times: user=0.13 sys=0.00, real=0.03 secs] 
51582.655: [GC 51582.655: [ParNew: 224465K->13837K(235968K), 0.0299605 secs] 790705K->580077K(1022400K), 0.0301513 secs] [Times: user=0.25 sys=0.00, real=0.03 secs] 
51589.611: [GC 51589.611: [ParNew: 223629K->18494K(235968K), 0.0335017 secs] 789869K->584800K(1022400K), 0.0336624 secs] [Times: user=0.25 sys=0.00, real=0.03 secs] 
51596.814: [GC 51596.815: [ParNew: 228286K->13474K(235968K), 0.0318334 secs] 794592K->579967K(1022400K), 0.0319948 secs] [Times: user=0.22 sys=0.03, real=0.03 secs] 
51599.777: [GC 51599.778: [ParNew: 223266K->18294K(235968K), 0.0286506 secs] 789759K->584862K(1022400K), 0.0288347 secs] [Times: user=0.25 sys=0.00, real=0.03 secs] 
51601.376: [GC 51601.376: [ParNew: 228086K->26176K(235968K), 0.0445238 secs] 794654K->594244K(1022400K), 0.0447152 secs] [Times: user=0.38 sys=0.00, real=0.05 secs] 
51605.221: [GC 51605.221: [ParNew: 235968K->19940K(235968K), 0.0383579 secs] 804044K->593570K(1022400K), 0.0385465 secs] [Times: user=0.22 sys=0.00, real=0.05 secs] 
51612.981: [GC 51612.981: [ParNew: 229732K->11232K(235968K), 0.0218033 secs] 803362K->584862K(1022400K), 0.0219919 secs] [Times: user=0.13 sys=0.00, real=0.02 secs] 
51617.063: [GC 51617.063: [ParNew: 221024K->16545K(235968K), 0.0299136 secs] 794654K->590175K(1022400K), 0.0300792 secs] [Times: user=0.25 sys=0.00, real=0.03 secs] 
51619.213: [GC 51619.213: [ParNew: 226337K->24335K(235968K), 0.0394075 secs] 799967K->597965K(1022400K), 0.0395886 secs] [Times: user=0.24 sys=0.00, real=0.03 secs] 
51627.370: [GC 51627.370: [ParNew: 234127K->17712K(235968K), 0.0326477 secs] 807757K->596801K(1022400K), 0.0328416 secs] [Times: user=0.14 sys=0.00, real=0.03 secs] 
51633.721: [GC 51633.721: [ParNew: 227504K->10604K(235968K), 0.0197075 secs] 806593K->589694K(1022400K), 0.0198981 secs] [Times: user=0.13 sys=0.00, real=0.02 secs] 
51637.871: [GC 51637.872: [ParNew: 220396K->24815K(235968K), 0.0386292 secs] 799486K->603904K(1022400K), 0.0388178 secs] [Times: user=0.25 sys=0.00, real=0.03 secs] 
51639.509: [GC 51639.509: [ParNew: 234607K->26176K(235968K), 0.0515535 secs] 813696K->613878K(1022400K), 0.0517666 secs] [Times: user=0.27 sys=0.00, real=0.05 secs] 
51642.301: [GC 51642.301: [ParNew: 235968K->17539K(235968K), 0.0280159 secs] 823670K->607923K(1022400K), 0.0282125 secs] [Times: user=0.25 sys=0.00, real=0.03 secs] 
51646.287: [GC 51646.287: [ParNew: 227331K->16772K(235968K), 0.0220425 secs] 817715K->607156K(1022400K), 0.0222274 secs] [Times: user=0.23 sys=0.00, real=0.03 secs] 
51653.294: [GC 51653.294: [ParNew: 226564K->14244K(235968K), 0.0213103 secs] 816948K->604628K(1022400K), 0.0214667 secs] [Times: user=0.13 sys=0.00, real=0.02 secs] 
51661.333: [GC 51661.334: [ParNew: 224036K->13779K(235968K), 0.0169251 secs] 814420K->604163K(1022400K), 0.0170921 secs] [Times: user=0.13 sys=0.00, real=0.02 secs] 
51665.965: [GC 51665.965: [ParNew: 223571K->10689K(235968K), 0.0244660 secs] 813955K->604981K(1022400K), 0.0246668 secs] [Times: user=0.13 sys=0.00, real=0.02 secs] 
51672.299: [GC 51672.299: [ParNew: 220481K->8945K(235968K), 0.0195232 secs] 814773K->604029K(1022400K), 0.0197109 secs] [Times: user=0.13 sys=0.00, real=0.02 secs] 
51678.278: [GC 51678.278: [ParNew: 218737K->15543K(235968K), 0.0296884 secs] 813821K->610844K(1022400K), 0.0298837 secs] [Times: user=0.20 sys=0.05, real=0.03 secs] 
51685.217: [GC 51685.217: [ParNew: 225335K->14174K(235968K), 0.0321982 secs] 820636K->609768K(1022400K), 0.0323896 secs] [Times: user=0.25 sys=0.00, real=0.03 secs] 
51692.478: [GC 51692.478: [ParNew: 223966K->19195K(235968K), 0.0277661 secs] 819560K->615119K(1022400K), 0.0279524 secs] [Times: user=0.13 sys=0.00, real=0.02 secs] 
51696.681: [GC 51696.681: [ParNew: 228987K->8500K(235968K), 0.0246970 secs] 824911K->604835K(1022400K), 0.0248800 secs] [Times: user=0.13 sys=0.00, real=0.02 secs] 
51705.792: [GC 51705.793: [ParNew: 218292K->8362K(235968K), 0.0263098 secs] 814627K->605150K(1022400K), 0.0265000 secs] [Times: user=0.13 sys=0.00, real=0.02 secs] 
51710.292: [GC 51710.292: [ParNew: 218154K->14156K(235968K), 0.0322597 secs] 814942K->611064K(1022400K), 0.0324530 secs] [Times: user=0.25 sys=0.00, real=0.03 secs] 
51716.432: [GC 51716.432: [ParNew: 223948K->9243K(235968K), 0.0166275 secs] 820856K->606240K(1022400K), 0.0168222 secs] [Times: user=0.13 sys=0.00, real=0.02 secs] 
51721.640: [GC 51721.640: [ParNew: 219035K->17354K(235968K), 0.0294990 secs] 816032K->614420K(1022400K), 0.0296881 secs] [Times: user=0.25 sys=0.00, real=0.03 secs] 
51725.983: [GC 51725.983: [ParNew: 227146K->16373K(235968K), 0.0339454 secs] 824212K->616419K(1022400K), 0.0341432 secs] [Times: user=0.25 sys=0.00, real=0.03 secs] 
51729.990: [GC 51729.990: [ParNew: 226165K->11455K(235968K), 0.0224624 secs] 826211K->611502K(1022400K), 0.0226216 secs] [Times: user=0.25 sys=0.00, real=0.03 secs] 
51736.593: [GC 51736.593: [ParNew: 221247K->9835K(235968K), 0.0275985 secs] 821294K->610085K(1022400K), 0.0277884 secs] [Times: user=0.25 sys=0.00, real=0.03 secs] 
51740.947: [GC 51740.948: [ParNew: 219627K->13134K(235968K), 0.0312995 secs] 819877K->613563K(1022400K), 0.0314822 secs] [Times: user=0.13 sys=0.00, real=0.03 secs] 
51749.383: [GC 51749.383: [ParNew: 222926K->8441K(235968K), 0.0152237 secs] 823355K->609110K(1022400K), 0.0153788 secs] [Times: user=0.13 sys=0.00, real=0.02 secs] 
51753.612: [GC 51753.612: [ParNew: 218233K->14832K(235968K), 0.0289601 secs] 818902K->615950K(1022400K), 0.0291230 secs] [Times: user=0.25 sys=0.00, real=0.03 secs] 
51761.528: [GC 51761.528: [ParNew: 224624K->11178K(235968K), 0.0264103 secs] 825742K->612393K(1022400K), 0.0265911 secs] [Times: user=0.13 sys=0.00, real=0.02 secs] 
51768.289: [GC 51768.289: [ParNew: 220970K->16841K(235968K), 0.0348321 secs] 822185K->618125K(1022400K), 0.0349961 secs] [Times: user=0.36 sys=0.02, real=0.05 secs] 
51775.506: [GC 51775.506: [ParNew: 226633K->13567K(235968K), 0.0241570 secs] 827917K->616911K(1022400K), 0.0243226 secs] [Times: user=0.25 sys=0.00, real=0.03 secs] 
51784.087: [GC 51784.087: [ParNew: 223359K->11419K(235968K), 0.0241103 secs] 826703K->614762K(1022400K), 0.0242785 secs] [Times: user=0.16 sys=0.00, real=0.03 secs] 
51791.461: [GC 51791.461: [ParNew: 221211K->18671K(235968K), 0.0308671 secs] 824554K->622089K(1022400K), 0.0310514 secs] [Times: user=0.25 sys=0.00, real=0.03 secs] 
51793.956: [GC 51793.956: [ParNew: 228463K->25875K(235968K), 0.0443059 secs] 831881K->632456K(1022400K), 0.0444758 secs] [Times: user=0.38 sys=0.00, real=0.05 secs] 
51795.403: [GC 51795.403: [ParNew: 235667K->25169K(235968K), 0.0542625 secs] 842248K->639958K(1022400K), 0.0544583 secs] [Times: user=0.38 sys=0.00, real=0.05 secs] 
51799.101: [GC 51799.101: [ParNew: 234961K->19066K(235968K), 0.0328497 secs] 849750K->636428K(1022400K), 0.0330422 secs] [Times: user=0.25 sys=0.00, real=0.03 secs] 
51803.260: [GC 51803.261: [ParNew: 228858K->15889K(235968K), 0.0241799 secs] 846220K->633251K(1022400K), 0.0243696 secs] [Times: user=0.13 sys=0.00, real=0.02 secs] 
51809.176: [GC 51809.176: [ParNew: 225681K->24777K(235968K), 0.0289386 secs] 843043K->642139K(1022400K), 0.0291470 secs] [Times: user=0.25 sys=0.00, real=0.03 secs] 
51811.982: [GC 51811.982: [ParNew: 234569K->21385K(235968K), 0.0387275 secs] 851931K->643175K(1022400K), 0.0389198 secs] [Times: user=0.22 sys=0.00, real=0.03 secs] 
51814.393: [GC 51814.393: [ParNew: 231177K->19262K(235968K), 0.0293238 secs] 852967K->641472K(1022400K), 0.0295015 secs] [Times: user=0.25 sys=0.00, real=0.03 secs] 
51821.315: [GC 51821.315: [ParNew: 229054K->13575K(235968K), 0.0277261 secs] 851264K->638212K(1022400K), 0.0279033 secs] [Times: user=0.25 sys=0.00, real=0.03 secs] 
51829.153: [GC 51829.153: [ParNew: 223367K->9965K(235968K), 0.0234147 secs] 848004K->634602K(1022400K), 0.0235720 secs] [Times: user=0.13 sys=0.00, real=0.02 secs] 
51835.388: [GC 51835.388: [ParNew: 219757K->11875K(235968K), 0.0210200 secs] 844394K->636511K(1022400K), 0.0212139 secs] [Times: user=0.13 sys=0.00, real=0.02 secs] 
51841.836: [GC 51841.836: [ParNew: 221667K->15741K(235968K), 0.0294694 secs] 846303K->640441K(1022400K), 0.0296549 secs] [Times: user=0.25 sys=0.00, real=0.03 secs] 
51843.505: [GC 51843.505: [ParNew: 225533K->26176K(235968K), 0.0481896 secs] 850233K->652411K(1022400K), 0.0483757 secs] [Times: user=0.38 sys=0.00, real=0.05 secs] 
51845.822: [GC 51845.822: [ParNew: 235968K->22300K(235968K), 0.0451049 secs] 862203K->657478K(1022400K), 0.0453063 secs] [Times: user=0.36 sys=0.00, real=0.05 secs] 
51849.529: [GC 51849.529: [ParNew: 232092K->18303K(235968K), 0.0237402 secs] 867270K->653481K(1022400K), 0.0239307 secs] [Times: user=0.13 sys=0.00, real=0.02 secs] 
51854.720: [GC 51854.720: [ParNew: 228095K->18831K(235968K), 0.0229281 secs] 863273K->654009K(1022400K), 0.0231247 secs] [Times: user=0.13 sys=0.00, real=0.02 secs] 
51861.058: [GC 51861.058: [ParNew: 228623K->13381K(235968K), 0.0199746 secs] 863801K->648560K(1022400K), 0.0201344 secs] [Times: user=0.13 sys=0.00, real=0.02 secs] 
51867.360: [GC 51867.360: [ParNew: 223173K->14333K(235968K), 0.0273049 secs] 858352K->651269K(1022400K), 0.0274982 secs] [Times: user=0.11 sys=0.00, real=0.03 secs] 
51872.508: [GC 51872.508: [ParNew: 224125K->19675K(235968K), 0.0359414 secs] 861061K->658466K(1022400K), 0.0361512 secs] [Times: user=0.38 sys=0.00, real=0.05 secs] 
51874.048: [GC 51874.048: [ParNew: 229467K->26176K(235968K), 0.0523008 secs] 868258K->669951K(1022400K), 0.0524958 secs] [Times: user=0.38 sys=0.00, real=0.05 secs] 
51875.908: [GC 51875.908: [ParNew: 235968K->23322K(235968K), 0.0459410 secs] 879743K->675498K(1022400K), 0.0461408 secs] [Times: user=0.26 sys=0.00, real=0.05 secs] 
51880.087: [GC 51880.087: [ParNew: 233114K->16015K(235968K), 0.0250320 secs] 885290K->671750K(1022400K), 0.0251917 secs] [Times: user=0.25 sys=0.00, real=0.03 secs] 
51885.855: [GC 51885.855: [ParNew: 225807K->16314K(235968K), 0.0223090 secs] 881542K->672049K(1022400K), 0.0224928 secs] [Times: user=0.13 sys=0.00, real=0.02 secs] 
51888.304: [GC 51888.304: [ParNew: 226106K->25697K(235968K), 0.0336786 secs] 881841K->681432K(1022400K), 0.0338658 secs] [Times: user=0.25 sys=0.00, real=0.03 secs] 
51891.834: [GC 51891.834: [ParNew: 235489K->18851K(235968K), 0.0379129 secs] 891224K->681967K(1022400K), 0.0381048 secs] [Times: user=0.25 sys=0.00, real=0.05 secs] 
51897.042: [GC 51897.043: [ParNew: 228643K->8708K(235968K), 0.0161277 secs] 891759K->671825K(1022400K), 0.0162870 secs] [Times: user=0.00 sys=0.00, real=0.02 secs] 
51907.670: [GC 51907.670: [ParNew: 218500K->10100K(235968K), 0.0260433 secs] 881617K->673216K(1022400K), 0.0262371 secs] [Times: user=0.13 sys=0.00, real=0.02 secs] 
51916.398: [GC 51916.398: [ParNew: 219892K->11735K(235968K), 0.0247909 secs] 883008K->674852K(1022400K), 0.0249752 secs] [Times: user=0.25 sys=0.00, real=0.03 secs] 
51925.175: [GC 51925.175: [ParNew: 221526K->12027K(235968K), 0.0209703 secs] 884642K->675220K(1022400K), 0.0211331 secs] [Times: user=0.13 sys=0.00, real=0.02 secs] 
51933.569: [GC 51933.570: [ParNew: 221819K->10584K(235968K), 0.0236083 secs] 885012K->673947K(1022400K), 0.0237994 secs] [Times: user=0.25 sys=0.00, real=0.03 secs] 
51942.518: [GC 51942.518: [ParNew: 220376K->15031K(235968K), 0.0304413 secs] 883739K->678610K(1022400K), 0.0306346 secs] [Times: user=0.25 sys=0.00, real=0.03 secs] 
51949.826: [GC 51949.827: [ParNew: 224823K->9898K(235968K), 0.0200713 secs] 888402K->673585K(1022400K), 0.0202285 secs] [Times: user=0.13 sys=0.00, real=0.01 secs] 
51952.751: [GC 51952.752: [ParNew: 219690K->15864K(235968K), 0.0275379 secs] 883377K->679653K(1022400K), 0.0277404 secs] [Times: user=0.23 sys=0.02, real=0.03 secs] 
51954.786: [GC 51954.786: [ParNew: 225656K->26176K(235968K), 0.0405755 secs] 889445K->690230K(1022400K), 0.0407409 secs] [Times: user=0.38 sys=0.00, real=0.05 secs] 
51957.156: [GC 51957.156: [ParNew: 235968K->20638K(235968K), 0.0430214 secs] 900022K->691698K(1022400K), 0.0433320 secs] [Times: user=0.26 sys=0.00, real=0.05 secs] 
51959.351: [GC 51959.351: [ParNew: 230430K->17468K(235968K), 0.0301605 secs] 901490K->688528K(1022400K), 0.0303404 secs] [Times: user=0.25 sys=0.00, real=0.03 secs] 
51961.866: [GC 51961.866: [ParNew: 227260K->15359K(235968K), 0.0232060 secs] 898321K->687554K(1022400K), 0.0233795 secs] [Times: user=0.25 sys=0.00, real=0.03 secs] 
51967.109: [GC 51967.109: [ParNew: 225151K->12185K(235968K), 0.0228669 secs] 897346K->684380K(1022400K), 0.0230445 secs] [Times: user=0.13 sys=0.00, real=0.02 secs] 
51971.357: [GC 51971.357: [ParNew: 221977K->17862K(235968K), 0.0306966 secs] 894172K->690057K(1022400K), 0.0308833 secs] [Times: user=0.13 sys=0.00, real=0.03 secs] 
51974.030: [GC 51974.031: [ParNew: 227654K->20831K(235968K), 0.0340094 secs] 899849K->695891K(1022400K), 0.0342122 secs] [Times: user=0.23 sys=0.00, real=0.03 secs] 
51976.688: [GC 51976.688: [ParNew: 230623K->23707K(235968K), 0.0282220 secs] 905683K->700538K(1022400K), 0.0284109 secs] [Times: user=0.13 sys=0.01, real=0.03 secs] 
51979.330: [GC 51979.331: [ParNew: 233499K->26176K(235968K), 0.0362906 secs] 910330K->705076K(1022400K), 0.0364552 secs] [Times: user=0.25 sys=0.00, real=0.03 secs] 
51983.510: [GC 51983.511: [ParNew: 235968K->17876K(235968K), 0.0338222 secs] 914868K->704115K(1022400K), 0.0340107 secs] [Times: user=0.26 sys=0.00, real=0.05 secs] 
51989.273: [GC 51989.273: [ParNew: 227668K->16214K(235968K), 0.0262877 secs] 913907K->702453K(1022400K), 0.0264816 secs] [Times: user=0.25 sys=0.00, real=0.03 secs] 
51992.148: [GC 51992.148: [ParNew: 226006K->23991K(235968K), 0.0390156 secs] 912245K->712560K(1022400K), 0.0391829 secs] [Times: user=0.38 sys=0.00, real=0.05 secs] 
51995.174: [GC 51995.174: [ParNew: 233783K->16758K(235968K), 0.0231060 secs] 922352K->707636K(1022400K), 0.0232736 secs] [Times: user=0.13 sys=0.00, real=0.02 secs] 
52002.047: [GC 52002.048: [ParNew: 226550K->10323K(235968K), 0.0203906 secs] 917428K->701202K(1022400K), 0.0205509 secs] [Times: user=0.11 sys=0.00, real=0.02 secs] 
52008.826: [GC 52008.826: [ParNew: 220115K->13078K(235968K), 0.0207459 secs] 910994K->703956K(1022400K), 0.0209501 secs] [Times: user=0.13 sys=0.00, real=0.02 secs] 
52015.509: [GC 52015.509: [ParNew: 222870K->20903K(235968K), 0.0336967 secs] 913748K->711782K(1022400K), 0.0338884 secs] [Times: user=0.25 sys=0.00, real=0.03 secs] 
52017.879: [GC 52017.879: [ParNew: 230695K->18060K(235968K), 0.0463715 secs] 921574K->715535K(1022400K), 0.0465414 secs] [Times: user=0.38 sys=0.00, real=0.05 secs] 
52020.010: [GC 52020.010: [ParNew: 227852K->23468K(235968K), 0.0337113 secs] 925327K->724352K(1022400K), 0.0338987 secs] [Times: user=0.25 sys=0.00, real=0.05 secs] 
52023.037: [GC 52023.037: [ParNew: 233260K->14791K(235968K), 0.0370360 secs] 934144K->720049K(1022400K), 0.0372268 secs] [Times: user=0.25 sys=0.00, real=0.03 secs] 
52029.977: [GC 52029.978: [ParNew: 224583K->12130K(235968K), 0.0194189 secs] 929841K->717388K(1022400K), 0.0195751 secs] [Times: user=0.25 sys=0.00, real=0.03 secs] 
52037.373: [GC 52037.373: [ParNew: 221922K->20033K(235968K), 0.0300787 secs] 927180K->725291K(1022400K), 0.0302642 secs] [Times: user=0.13 sys=0.01, real=0.03 secs] 
52039.865: [GC 52039.866: [ParNew: 229825K->24041K(235968K), 0.0352265 secs] 935083K->732261K(1022400K), 0.0353950 secs] [Times: user=0.25 sys=0.00, real=0.03 secs] 
52041.994: [GC 52041.994: [ParNew: 233833K->26176K(235968K), 0.0464481 secs] 942053K->738023K(1022400K), 0.0466456 secs] [Times: user=0.36 sys=0.01, real=0.05 secs] 
52044.060: [GC 52044.060: [ParNew: 235968K->20229K(235968K), 0.0474004 secs] 947815K->740837K(1022400K), 0.0475898 secs] [Times: user=0.25 sys=0.00, real=0.05 secs] 
52046.873: [GC 52046.874: [ParNew: 230021K->26176K(235968K), 0.0334403 secs] 950629K->747454K(1022400K), 0.0336291 secs] [Times: user=0.25 sys=0.00, real=0.03 secs] 
52049.166: [GC 52049.166: [ParNew: 235968K->19306K(235968K), 0.0385499 secs] 957246K->748812K(1022400K), 0.0387354 secs] [Times: user=0.27 sys=0.00, real=0.05 secs] 
52049.206: [GC [1 CMS-initial-mark: 729505K(786432K)] 749250K(1022400K), 0.0144013 secs] [Times: user=0.02 sys=0.00, real=0.01 secs] 
52049.220: [CMS-concurrent-mark-start]
52050.694: [CMS-concurrent-mark: 1.474/1.474 secs] [Times: user=4.98 sys=0.09, real=1.47 secs] 
52050.694: [CMS-concurrent-preclean-start]
52050.780: [CMS-concurrent-preclean: 0.060/0.085 secs] [Times: user=0.14 sys=0.06, real=0.09 secs] 
52050.780: [CMS-concurrent-abortable-preclean-start]
52051.613: [GC 52051.613: [ParNew: 229098K->15818K(235968K), 0.0249238 secs] 958604K->745324K(1022400K), 0.0250789 secs] [Times: user=0.13 sys=0.00, real=0.03 secs] 
52053.322: [CMS-concurrent-abortable-preclean: 2.183/2.542 secs] [Times: user=4.61 sys=0.55, real=2.53 secs] 
52053.322: [GC[YG occupancy: 123630 K (235968 K)]52053.323: [Rescan (parallel) , 0.0307841 secs]52053.353: [weak refs processing, 0.0003727 secs] [1 CMS-remark: 729505K(786432K)] 853136K(1022400K), 0.0313082 secs] [Times: user=0.25 sys=0.00, real=0.03 secs] 
52053.354: [CMS-concurrent-sweep-start]
52054.350: [CMS-concurrent-sweep: 0.996/0.996 secs] [Times: user=1.42 sys=0.01, real=1.00 secs] 
52054.350: [CMS-concurrent-reset-start]
52054.370: [CMS-concurrent-reset: 0.019/0.019 secs] [Times: user=0.03 sys=0.00, real=0.02 secs] 
52056.881: [GC 52056.881: [ParNew: 225610K->11286K(235968K), 0.0192335 secs] 650480K->436157K(1022400K), 0.0193963 secs] [Times: user=0.13 sys=0.00, real=0.02 secs] 
52063.829: [GC 52063.829: [ParNew: 221078K->10754K(235968K), 0.0254552 secs] 645949K->435625K(1022400K), 0.0256401 secs] [Times: user=0.13 sys=0.00, real=0.02 secs] 
52066.224: [GC 52066.224: [ParNew: 220546K->22769K(235968K), 0.0420431 secs] 645417K->448281K(1022400K), 0.0422313 secs] [Times: user=0.36 sys=0.00, real=0.05 secs] 
52070.106: [GC 52070.106: [ParNew: 232561K->17019K(235968K), 0.0254915 secs] 658073K->446337K(1022400K), 0.0256767 secs] [Times: user=0.22 sys=0.00, real=0.03 secs] 
52075.096: [GC 52075.096: [ParNew: 226811K->7842K(235968K), 0.0203822 secs] 656129K->437160K(1022400K), 0.0205384 secs] [Times: user=0.13 sys=0.00, real=0.02 secs] 
52083.292: [GC 52083.292: [ParNew: 217634K->11438K(235968K), 0.0268445 secs] 646952K->440756K(1022400K), 0.0270230 secs] [Times: user=0.25 sys=0.00, real=0.03 secs] 
52085.886: [GC 52085.887: [ParNew: 221230K->12240K(235968K), 0.0279591 secs] 650548K->441558K(1022400K), 0.0281402 secs] [Times: user=0.23 sys=0.02, real=0.03 secs] 
52092.428: [GC 52092.428: [ParNew: 222032K->17753K(235968K), 0.0367767 secs] 651350K->447807K(1022400K), 0.0369494 secs] [Times: user=0.25 sys=0.00, real=0.03 secs] 
52096.834: [GC 52096.834: [ParNew: 227545K->22312K(235968K), 0.0347544 secs] 657599K->452687K(1022400K), 0.0349408 secs] [Times: user=0.25 sys=0.00, real=0.03 secs] 
52099.157: [GC 52099.158: [ParNew: 232104K->25745K(235968K), 0.0306072 secs] 662479K->456436K(1022400K), 0.0308073 secs] [Times: user=0.25 sys=0.00, real=0.03 secs] 
52101.368: [GC 52101.368: [ParNew: 235537K->16420K(235968K), 0.0354042 secs] 666228K->452874K(1022400K), 0.0355892 secs] [Times: user=0.27 sys=0.00, real=0.05 secs] 
52107.283: [GC 52107.283: [ParNew: 226212K->11983K(235968K), 0.0189035 secs] 662666K->448438K(1022400K), 0.0190876 secs] [Times: user=0.13 sys=0.00, real=0.02 secs] 
52113.471: [GC 52113.471: [ParNew: 221775K->14833K(235968K), 0.0276890 secs] 658230K->451288K(1022400K), 0.0278692 secs] [Times: user=0.25 sys=0.00, real=0.03 secs] 
52115.341: [GC 52115.341: [ParNew: 224625K->25516K(235968K), 0.0433820 secs] 661080K->461970K(1022400K), 0.0435712 secs] [Times: user=0.36 sys=0.00, real=0.05 secs] 
52117.353: [GC 52117.353: [ParNew: 235308K->18719K(235968K), 0.0449046 secs] 671762K->462813K(1022400K), 0.0450979 secs] [Times: user=0.38 sys=0.00, real=0.05 secs] 
52124.922: [GC 52124.922: [ParNew: 228511K->9771K(235968K), 0.0141141 secs] 672605K->453865K(1022400K), 0.0142797 secs] [Times: user=0.03 sys=0.00, real=0.02 secs] 
52133.438: [GC 52133.438: [ParNew: 219563K->11423K(235968K), 0.0176886 secs] 663657K->455517K(1022400K), 0.0178693 secs] [Times: user=0.13 sys=0.00, real=0.02 secs] 
52139.711: [GC 52139.711: [ParNew: 221215K->18355K(235968K), 0.0281706 secs] 665309K->462450K(1022400K), 0.0283530 secs] [Times: user=0.25 sys=0.00, real=0.03 secs] 
52143.232: [GC 52143.232: [ParNew: 228147K->22662K(235968K), 0.0325430 secs] 672242K->468743K(1022400K), 0.0327226 secs] [Times: user=0.14 sys=0.00, real=0.03 secs] 
52145.961: [GC 52145.961: [ParNew: 232454K->14390K(235968K), 0.0265645 secs] 678535K->462466K(1022400K), 0.0267280 secs] [Times: user=0.25 sys=0.00, real=0.03 secs] 
52149.573: [GC 52149.573: [ParNew: 224182K->11508K(235968K), 0.0254655 secs] 672258K->460327K(1022400K), 0.0256524 secs] [Times: user=0.25 sys=0.00, real=0.03 secs] 
52154.187: [GC 52154.187: [ParNew: 221300K->10981K(235968K), 0.0242757 secs] 670119K->460111K(1022400K), 0.0244355 secs] [Times: user=0.13 sys=0.00, real=0.02 secs] 
52159.417: [GC 52159.417: [ParNew: 220773K->16647K(235968K), 0.0270202 secs] 669903K->465843K(1022400K), 0.0271805 secs] [Times: user=0.25 sys=0.00, real=0.03 secs] 
52162.068: [GC 52162.068: [ParNew: 226439K->20609K(235968K), 0.0302259 secs] 675635K->470793K(1022400K), 0.0304257 secs] [Times: user=0.25 sys=0.00, real=0.03 secs] 
52165.032: [GC 52165.032: [ParNew: 230401K->15122K(235968K), 0.0246478 secs] 680585K->466180K(1022400K), 0.0248537 secs] [Times: user=0.13 sys=0.00, real=0.02 secs] 
52169.489: [GC 52169.489: [ParNew: 224914K->10445K(235968K), 0.0204476 secs] 675972K->461503K(1022400K), 0.0206308 secs] [Times: user=0.13 sys=0.00, real=0.02 secs] 
52174.182: [GC 52174.182: [ParNew: 220237K->9326K(235968K), 0.0260815 secs] 671295K->460384K(1022400K), 0.0262614 secs] [Times: user=0.25 sys=0.00, real=0.03 secs] 
52182.157: [GC 52182.157: [ParNew: 219118K->11510K(235968K), 0.0217553 secs] 670176K->463021K(1022400K), 0.0219469 secs] [Times: user=0.13 sys=0.00, real=0.02 secs] 
52184.169: [GC 52184.169: [ParNew: 219055K->26176K(235968K), 0.0481318 secs] 670566K->478724K(1022400K), 0.0483003 secs] [Times: user=0.39 sys=0.00, real=0.06 secs] 
52185.746: [GC 52185.746: [ParNew: 235968K->25633K(235968K), 0.0517281 secs] 688516K->487772K(1022400K), 0.0519158 secs] [Times: user=0.39 sys=0.00, real=0.06 secs] 
52189.907: [GC 52189.907: [ParNew: 235425K->18674K(235968K), 0.0261726 secs] 697564K->484723K(1022400K), 0.0263617 secs] [Times: user=0.13 sys=0.00, real=0.02 secs] 
52194.658: [GC 52194.658: [ParNew: 228466K->14521K(235968K), 0.0259228 secs] 694515K->480571K(1022400K), 0.0261148 secs] [Times: user=0.13 sys=0.00, real=0.01 secs] 
52200.198: [GC 52200.199: [ParNew: 224313K->10335K(235968K), 0.0225439 secs] 690363K->476384K(1022400K), 0.0226976 secs] [Times: user=0.19 sys=0.06, real=0.03 secs] 
52207.812: [GC 52207.812: [ParNew: 220127K->12173K(235968K), 0.0285218 secs] 686176K->478222K(1022400K), 0.0286844 secs] [Times: user=0.13 sys=0.00, real=0.02 secs] 
52211.362: [GC 52211.362: [ParNew: 221965K->16186K(235968K), 0.0361800 secs] 688014K->484669K(1022400K), 0.0363742 secs] [Times: user=0.25 sys=0.00, real=0.03 secs] 
52222.308: [GC 52222.308: [ParNew: 225978K->10905K(235968K), 0.0168088 secs] 694461K->479508K(1022400K), 0.0170111 secs] [Times: user=0.13 sys=0.00, real=0.02 secs] 
52227.402: [GC 52227.402: [ParNew: 220697K->17152K(235968K), 0.0319113 secs] 689300K->485898K(1022400K), 0.0320842 secs] [Times: user=0.25 sys=0.00, real=0.03 secs] 
52229.885: [GC 52229.885: [ParNew: 226944K->25378K(235968K), 0.0380576 secs] 695690K->496452K(1022400K), 0.0382462 secs] [Times: user=0.27 sys=0.00, real=0.05 secs] 
52232.466: [GC 52232.467: [ParNew: 235170K->18270K(235968K), 0.0361649 secs] 706244K->491806K(1022400K), 0.0363541 secs] [Times: user=0.27 sys=0.00, real=0.05 secs] 
52234.619: [GC 52234.619: [ParNew: 228062K->25518K(235968K), 0.0341451 secs] 701598K->499053K(1022400K), 0.0343337 secs] [Times: user=0.25 sys=0.00, real=0.03 secs] 
52237.620: [GC 52237.620: [ParNew: 235310K->17163K(235968K), 0.0333263 secs] 708845K->493620K(1022400K), 0.0334861 secs] [Times: user=0.24 sys=0.00, real=0.03 secs] 
52240.173: [GC 52240.173: [ParNew: 226955K->22018K(235968K), 0.0216455 secs] 703412K->498475K(1022400K), 0.0218288 secs] [Times: user=0.13 sys=0.00, real=0.02 secs] 
52243.767: [GC 52243.768: [ParNew: 231810K->9848K(235968K), 0.0167158 secs] 708267K->486306K(1022400K), 0.0168804 secs] [Times: user=0.13 sys=0.00, real=0.01 secs] 
52249.208: [GC 52249.208: [ParNew: 219640K->12150K(235968K), 0.0213762 secs] 696098K->488608K(1022400K), 0.0215675 secs] [Times: user=0.13 sys=0.00, real=0.02 secs] 
52252.532: [GC 52252.532: [ParNew: 221942K->17326K(235968K), 0.0286028 secs] 698400K->493872K(1022400K), 0.0287936 secs] [Times: user=0.13 sys=0.00, real=0.02 secs] 
52261.518: [GC 52261.518: [ParNew: 227118K->11883K(235968K), 0.0273208 secs] 703664K->488492K(1022400K), 0.0275085 secs] [Times: user=0.13 sys=0.00, real=0.02 secs] 
52266.699: [GC 52266.700: [ParNew: 221675K->14471K(235968K), 0.0313797 secs] 698284K->491461K(1022400K), 0.0316845 secs] [Times: user=0.25 sys=0.00, real=0.03 secs] 
52272.763: [GC 52272.763: [ParNew: 224263K->20815K(235968K), 0.0364412 secs] 701253K->498400K(1022400K), 0.0366309 secs] [Times: user=0.36 sys=0.02, real=0.05 secs] 
52280.249: [GC 52280.249: [ParNew: 230607K->12270K(235968K), 0.0182062 secs] 708192K->489922K(1022400K), 0.0183881 secs] [Times: user=0.25 sys=0.00, real=0.03 secs] 
52287.748: [GC 52287.749: [ParNew: 222062K->11549K(235968K), 0.0257234 secs] 699714K->489384K(1022400K), 0.0259069 secs] [Times: user=0.25 sys=0.00, real=0.03 secs] 
52293.062: [GC 52293.062: [ParNew: 221341K->16205K(235968K), 0.0301326 secs] 699176K->494092K(1022400K), 0.0303164 secs] [Times: user=0.19 sys=0.00, real=0.03 secs] 
52297.196: [GC 52297.197: [ParNew: 225997K->20255K(235968K), 0.0318895 secs] 703884K->498540K(1022400K), 0.0320773 secs] [Times: user=0.25 sys=0.00, real=0.03 secs] 
52299.295: [GC 52299.295: [ParNew: 230047K->24819K(235968K), 0.0418891 secs] 708332K->503709K(1022400K), 0.0420562 secs] [Times: user=0.38 sys=0.00, real=0.05 secs] 
52302.210: [GC 52302.210: [ParNew: 234611K->17150K(235968K), 0.0415042 secs] 713501K->501919K(1022400K), 0.0416698 secs] [Times: user=0.26 sys=0.00, real=0.05 secs] 
52308.588: [GC 52308.589: [ParNew: 226942K->14294K(235968K), 0.0212195 secs] 711711K->499062K(1022400K), 0.0214064 secs] [Times: user=0.25 sys=0.00, real=0.03 secs] 
52316.194: [GC 52316.194: [ParNew: 224086K->10395K(235968K), 0.0198391 secs] 708854K->495163K(1022400K), 0.0200065 secs] [Times: user=0.13 sys=0.00, real=0.01 secs] 
52322.435: [GC 52322.435: [ParNew: 220187K->16031K(235968K), 0.0291135 secs] 704955K->500799K(1022400K), 0.0293062 secs] [Times: user=0.25 sys=0.00, real=0.03 secs] 
52330.464: [GC 52330.464: [ParNew: 225823K->12683K(235968K), 0.0313615 secs] 710591K->498556K(1022400K), 0.0315233 secs] [Times: user=0.25 sys=0.00, real=0.03 secs] 
52335.987: [GC 52335.987: [ParNew: 222475K->19389K(235968K), 0.0340661 secs] 708348K->507256K(1022400K), 0.0342370 secs] [Times: user=0.23 sys=0.02, real=0.03 secs] 
52339.343: [GC 52339.343: [ParNew: 229181K->20509K(235968K), 0.0366957 secs] 717048K->510916K(1022400K), 0.0368544 secs] [Times: user=0.25 sys=0.00, real=0.05 secs] 
52343.283: [GC 52343.283: [ParNew: 230301K->13946K(235968K), 0.0238539 secs] 720708K->505131K(1022400K), 0.0240545 secs] [Times: user=0.13 sys=0.00, real=0.02 secs] 
52347.597: [GC 52347.597: [ParNew: 223738K->18375K(235968K), 0.0325787 secs] 714923K->509560K(1022400K), 0.0327690 secs] [Times: user=0.25 sys=0.00, real=0.03 secs] 
52349.633: [GC 52349.634: [ParNew: 228167K->18745K(235968K), 0.0420917 secs] 719352K->513873K(1022400K), 0.0422805 secs] [Times: user=0.27 sys=0.00, real=0.05 secs] 
52352.334: [GC 52352.334: [ParNew: 228538K->24731K(235968K), 0.0292456 secs] 723665K->519859K(1022400K), 0.0294353 secs] [Times: user=0.25 sys=0.00, real=0.03 secs] 
52354.837: [GC 52354.837: [ParNew: 234523K->15864K(235968K), 0.0391796 secs] 729651K->517488K(1022400K), 0.0393656 secs] [Times: user=0.27 sys=0.00, real=0.05 secs] 
52358.769: [GC 52358.769: [ParNew: 225656K->18752K(235968K), 0.0248618 secs] 727280K->520376K(1022400K), 0.0250479 secs] [Times: user=0.13 sys=0.00, real=0.02 secs] 
52364.592: [GC 52364.592: [ParNew: 228544K->24995K(235968K), 0.0324592 secs] 730168K->527846K(1022400K), 0.0326229 secs] [Times: user=0.24 sys=0.02, real=0.03 secs] 
52368.105: [GC 52368.105: [ParNew: 234787K->18145K(235968K), 0.0467735 secs] 737638K->528847K(1022400K), 0.0469747 secs] [Times: user=0.25 sys=0.00, real=0.05 secs] 
52375.355: [GC 52375.355: [ParNew: 227937K->7973K(235968K), 0.0224188 secs] 738639K->518675K(1022400K), 0.0225995 secs] [Times: user=0.25 sys=0.00, real=0.03 secs] 
52383.783: [GC 52383.783: [ParNew: 217765K->12230K(235968K), 0.0288710 secs] 728467K->522932K(1022400K), 0.0290299 secs] [Times: user=0.13 sys=0.00, real=0.02 secs] 
52387.294: [GC 52387.294: [ParNew: 222022K->15702K(235968K), 0.0320524 secs] 732724K->526404K(1022400K), 0.0322309 secs] [Times: user=0.25 sys=0.00, real=0.03 secs] 
52389.738: [GC 52389.738: [ParNew: 225494K->26176K(235968K), 0.0477658 secs] 736196K->537302K(1022400K), 0.0479550 secs] [Times: user=0.36 sys=0.02, real=0.05 secs] 
52391.584: [GC 52391.584: [ParNew: 235968K->19192K(235968K), 0.0556004 secs] 747094K->538384K(1022400K), 0.0557680 secs] [Times: user=0.25 sys=0.00, real=0.05 secs] 
52393.425: [GC 52393.425: [ParNew: 228984K->25635K(235968K), 0.0380029 secs] 748176K->548163K(1022400K), 0.0381909 secs] [Times: user=0.25 sys=0.00, real=0.03 secs] 
52396.514: [GC 52396.514: [ParNew: 235427K->20050K(235968K), 0.0372452 secs] 757955K->548142K(1022400K), 0.0374084 secs] [Times: user=0.24 sys=0.02, real=0.05 secs] 
52400.300: [GC 52400.300: [ParNew: 229842K->24646K(235968K), 0.0249900 secs] 757934K->552739K(1022400K), 0.0251744 secs] [Times: user=0.13 sys=0.00, real=0.01 secs] 
52405.340: [GC 52405.340: [ParNew: 234438K->15042K(235968K), 0.0332936 secs] 762531K->548044K(1022400K), 0.0334811 secs] [Times: user=0.25 sys=0.00, real=0.03 secs] 
52412.518: [GC 52412.518: [ParNew: 224834K->12659K(235968K), 0.0262788 secs] 757836K->545661K(1022400K), 0.0264715 secs] [Times: user=0.13 sys=0.00, real=0.02 secs] 
52416.946: [GC 52416.946: [ParNew: 222451K->13812K(235968K), 0.0288358 secs] 755453K->546814K(1022400K), 0.0290252 secs] [Times: user=0.25 sys=0.00, real=0.03 secs] 
52426.973: [GC 52426.973: [ParNew: 223604K->11022K(235968K), 0.0221869 secs] 756606K->545864K(1022400K), 0.0223769 secs] [Times: user=0.13 sys=0.00, real=0.02 secs] 
52437.527: [GC 52437.527: [ParNew: 220814K->15497K(235968K), 0.0276577 secs] 755656K->550438K(1022400K), 0.0278209 secs] [Times: user=0.25 sys=0.00, real=0.03 secs] 
52442.567: [GC 52442.567: [ParNew: 225289K->15422K(235968K), 0.0264668 secs] 760230K->550475K(1022400K), 0.0266355 secs] [Times: user=0.13 sys=0.00, real=0.02 secs] 
52448.971: [GC 52448.971: [ParNew: 225214K->18135K(235968K), 0.0328005 secs] 760267K->553262K(1022400K), 0.0329782 secs] [Times: user=0.23 sys=0.01, real=0.03 secs] 
52455.492: [GC 52455.493: [ParNew: 227927K->18146K(235968K), 0.0259832 secs] 763054K->553334K(1022400K), 0.0261720 secs] [Times: user=0.14 sys=0.00, real=0.03 secs] 
52459.084: [GC 52459.085: [ParNew: 227938K->16105K(235968K), 0.0266833 secs] 763126K->551435K(1022400K), 0.0268651 secs] [Times: user=0.14 sys=0.00, real=0.03 secs] 
52462.692: [GC 52462.692: [ParNew: 225897K->22543K(235968K), 0.0325363 secs] 761227K->557986K(1022400K), 0.0326947 secs] [Times: user=0.25 sys=0.00, real=0.03 secs] 
52465.373: [GC 52465.373: [ParNew: 232335K->21573K(235968K), 0.0375592 secs] 767778K->560344K(1022400K), 0.0377506 secs] [Times: user=0.26 sys=0.00, real=0.05 secs] 
52470.246: [GC 52470.247: [ParNew: 231365K->14447K(235968K), 0.0234994 secs] 770136K->553469K(1022400K), 0.0236874 secs] [Times: user=0.25 sys=0.00, real=0.03 secs] 
52480.374: [GC 52480.374: [ParNew: 224239K->10452K(235968K), 0.0126089 secs] 763261K->549474K(1022400K), 0.0127877 secs] [Times: user=0.13 sys=0.00, real=0.02 secs] 
52488.519: [GC 52488.519: [ParNew: 220244K->9873K(235968K), 0.0218804 secs] 759266K->548895K(1022400K), 0.0220651 secs] [Times: user=0.13 sys=0.00, real=0.02 secs] 
52493.390: [GC 52493.391: [ParNew: 219665K->22818K(235968K), 0.0351257 secs] 758687K->561896K(1022400K), 0.0353179 secs] [Times: user=0.38 sys=0.00, real=0.05 secs] 
52495.159: [GC 52495.159: [ParNew: 232610K->26176K(235968K), 0.0578012 secs] 771688K->572465K(1022400K), 0.0580037 secs] [Times: user=0.38 sys=0.00, real=0.05 secs] 
52497.556: [GC 52497.556: [ParNew: 235968K->19127K(235968K), 0.0381431 secs] 782257K->570773K(1022400K), 0.0383381 secs] [Times: user=0.25 sys=0.00, real=0.03 secs] 
52504.124: [GC 52504.125: [ParNew: 228919K->14882K(235968K), 0.0289537 secs] 780565K->572258K(1022400K), 0.0291395 secs] [Times: user=0.25 sys=0.00, real=0.03 secs] 
52507.474: [GC 52507.474: [ParNew: 224674K->18425K(235968K), 0.0275116 secs] 782050K->575801K(1022400K), 0.0277013 secs] [Times: user=0.13 sys=0.00, real=0.02 secs] 
52509.344: [GC 52509.345: [ParNew: 228217K->25606K(235968K), 0.0373961 secs] 785593K->586552K(1022400K), 0.0375696 secs] [Times: user=0.38 sys=0.00, real=0.05 secs] 
52511.122: [GC 52511.122: [ParNew: 235398K->26176K(235968K), 0.0500958 secs] 796344K->595443K(1022400K), 0.0502866 secs] [Times: user=0.38 sys=0.00, real=0.05 secs] 
52516.573: [GC 52516.573: [ParNew: 235968K->17937K(235968K), 0.0287763 secs] 805235K->589937K(1022400K), 0.0289688 secs] [Times: user=0.25 sys=0.00, real=0.03 secs] 
52524.115: [GC 52524.116: [ParNew: 227729K->13736K(235968K), 0.0229074 secs] 799729K->585735K(1022400K), 0.0230890 secs] [Times: user=0.13 sys=0.00, real=0.02 secs] 
52535.232: [GC 52535.232: [ParNew: 223528K->12014K(235968K), 0.0256295 secs] 795527K->584014K(1022400K), 0.0257924 secs] [Times: user=0.23 sys=0.02, real=0.03 secs] 
52543.524: [GC 52543.524: [ParNew: 221806K->16048K(235968K), 0.0163241 secs] 793806K->588048K(1022400K), 0.0165124 secs] [Times: user=0.13 sys=0.00, real=0.01 secs] 
52549.944: [GC 52549.944: [ParNew: 225840K->9790K(235968K), 0.0288305 secs] 797840K->586954K(1022400K), 0.0290031 secs] [Times: user=0.13 sys=0.00, real=0.03 secs] 
52556.562: [GC 52556.563: [ParNew: 219582K->14951K(235968K), 0.0266995 secs] 796746K->592216K(1022400K), 0.0268811 secs] [Times: user=0.25 sys=0.00, real=0.03 secs] 
52567.249: [GC 52567.249: [ParNew: 224743K->10553K(235968K), 0.0284883 secs] 802008K->587987K(1022400K), 0.0286514 secs] [Times: user=0.25 sys=0.00, real=0.03 secs] 
52572.504: [GC 52572.505: [ParNew: 220345K->19164K(235968K), 0.0311322 secs] 797779K->597013K(1022400K), 0.0313174 secs] [Times: user=0.22 sys=0.03, real=0.03 secs] 
52574.553: [GC 52574.553: [ParNew: 228956K->18382K(235968K), 0.0288182 secs] 806805K->596900K(1022400K), 0.0289981 secs] [Times: user=0.13 sys=0.00, real=0.03 secs] 
52577.560: [GC 52577.561: [ParNew: 228174K->26176K(235968K), 0.0354989 secs] 806692K->607240K(1022400K), 0.0356705 secs] [Times: user=0.25 sys=0.00, real=0.03 secs] 
52580.276: [GC 52580.277: [ParNew: 235968K->15709K(235968K), 0.0299348 secs] 817032K->598411K(1022400K), 0.0301147 secs] [Times: user=0.25 sys=0.00, real=0.03 secs] 
52582.406: [GC 52582.406: [ParNew: 225501K->26176K(235968K), 0.0357705 secs] 808203K->610370K(1022400K), 0.0359613 secs] [Times: user=0.25 sys=0.02, real=0.05 secs] 
52583.984: [GC 52583.984: [ParNew: 235968K->17923K(235968K), 0.0494532 secs] 820162K->612142K(1022400K), 0.0496499 secs] [Times: user=0.38 sys=0.00, real=0.05 secs] 
52585.882: [GC 52585.882: [ParNew: 227715K->26176K(235968K), 0.0257365 secs] 821934K->620395K(1022400K), 0.0259002 secs] [Times: user=0.13 sys=0.00, real=0.01 secs] 
52587.833: [GC 52587.833: [ParNew: 235968K->26176K(235968K), 0.0490917 secs] 830187K->629110K(1022400K), 0.0492792 secs] [Times: user=0.26 sys=0.00, real=0.05 secs] 
52590.257: [GC 52590.257: [ParNew: 235968K->19138K(235968K), 0.0356434 secs] 838902K->628404K(1022400K), 0.0358453 secs] [Times: user=0.24 sys=0.01, real=0.03 secs] 
52591.712: [GC 52591.712: [ParNew: 228930K->26176K(235968K), 0.1714187 secs] 838196K->666315K(1022400K), 0.1716229 secs] [Times: user=1.11 sys=0.02, real=0.17 secs] 
52593.869: [GC 52593.869: [ParNew: 235968K->26176K(235968K), 0.1484457 secs] 876107K->700788K(1022400K), 0.1486435 secs] [Times: user=0.80 sys=0.00, real=0.14 secs] 
52595.784: [GC 52595.784: [ParNew: 235968K->26176K(235968K), 0.0968626 secs] 910580K->725410K(1022400K), 0.0970512 secs] [Times: user=0.59 sys=0.02, real=0.11 secs] 
52595.882: [GC [1 CMS-initial-mark: 699234K(786432K)] 726636K(1022400K), 0.0353453 secs] [Times: user=0.03 sys=0.00, real=0.03 secs] 
52595.918: [CMS-concurrent-mark-start]
52597.433: [CMS-concurrent-mark: 1.516/1.516 secs] [Times: user=4.70 sys=0.05, real=1.52 secs] 
52597.433: [CMS-concurrent-preclean-start]
52597.509: [CMS-concurrent-preclean: 0.052/0.075 secs] [Times: user=0.11 sys=0.02, real=0.08 secs] 
52597.509: [CMS-concurrent-abortable-preclean-start]
52600.723: [GC 52600.723: [ParNew: 235968K->25389K(235968K), 0.0620582 secs] 935202K->739015K(1022400K), 0.0622224 secs] [Times: user=0.38 sys=0.02, real=0.06 secs] 
CMS: abort preclean due to time 2010-04-21T09:20:11.714+0100: 52602.544: [CMS-concurrent-abortable-preclean: 4.602/5.035 secs] [Times: user=7.02 sys=0.75, real=5.03 secs] 
52602.545: [GC[YG occupancy: 66571 K (235968 K)]52602.545: [Rescan (parallel) , 0.0174285 secs]52602.562: [weak refs processing, 0.0003632 secs] [1 CMS-remark: 713626K(786432K)] 780198K(1022400K), 0.0179134 secs] [Times: user=0.13 sys=0.00, real=0.02 secs] 
52602.563: [CMS-concurrent-sweep-start]
52603.561: [CMS-concurrent-sweep: 0.999/0.999 secs] [Times: user=1.45 sys=0.01, real=1.00 secs] 
52603.562: [CMS-concurrent-reset-start]
52603.580: [CMS-concurrent-reset: 0.019/0.019 secs] [Times: user=0.01 sys=0.00, real=0.02 secs] 
52609.013: [GC 52609.013: [ParNew: 235181K->12596K(235968K), 0.0293054 secs] 695841K->479999K(1022400K), 0.0294920 secs] [Times: user=0.22 sys=0.00, real=0.03 secs] 
52614.743: [GC 52614.743: [ParNew: 222388K->20259K(235968K), 0.0286961 secs] 689791K->487662K(1022400K), 0.0288816 secs] [Times: user=0.24 sys=0.02, real=0.03 secs] 
52618.026: [GC 52618.026: [ParNew: 230051K->13427K(235968K), 0.0292649 secs] 697454K->484377K(1022400K), 0.0294563 secs] [Times: user=0.25 sys=0.00, real=0.03 secs] 
52625.769: [GC 52625.769: [ParNew: 223219K->17887K(235968K), 0.0285282 secs] 694169K->488837K(1022400K), 0.0287006 secs] [Times: user=0.19 sys=0.00, real=0.03 secs] 
52631.219: [GC 52631.219: [ParNew: 227679K->16853K(235968K), 0.0239245 secs] 698629K->487804K(1022400K), 0.0241053 secs] [Times: user=0.23 sys=0.00, real=0.03 secs] 
52638.904: [GC 52638.904: [ParNew: 226645K->11448K(235968K), 0.0209507 secs] 697596K->482800K(1022400K), 0.0211278 secs] [Times: user=0.13 sys=0.00, real=0.02 secs] 
52643.274: [GC 52643.274: [ParNew: 221240K->16744K(235968K), 0.0275976 secs] 692592K->488133K(1022400K), 0.0277697 secs] [Times: user=0.25 sys=0.00, real=0.03 secs] 
52645.915: [GC 52645.915: [ParNew: 226536K->23485K(235968K), 0.0406398 secs] 697925K->494929K(1022400K), 0.0408292 secs] [Times: user=0.20 sys=0.00, real=0.03 secs] 
52648.128: [GC 52648.128: [ParNew: 233277K->17838K(235968K), 0.0353626 secs] 704721K->490705K(1022400K), 0.0355347 secs] [Times: user=0.31 sys=0.06, real=0.05 secs] 
52651.653: [GC 52651.653: [ParNew: 227630K->25800K(235968K), 0.0311844 secs] 700497K->498667K(1022400K), 0.0313763 secs] [Times: user=0.25 sys=0.00, real=0.03 secs] 
52655.369: [GC 52655.369: [ParNew: 235592K->15319K(235968K), 0.0285542 secs] 708459K->490809K(1022400K), 0.0287229 secs] [Times: user=0.23 sys=0.01, real=0.03 secs] 
52662.263: [GC 52662.263: [ParNew: 225111K->11257K(235968K), 0.0179037 secs] 700601K->486747K(1022400K), 0.0180841 secs] [Times: user=0.13 sys=0.00, real=0.02 secs] 
52669.336: [GC 52669.336: [ParNew: 221049K->11517K(235968K), 0.0199835 secs] 696539K->487008K(1022400K), 0.0201749 secs] [Times: user=0.13 sys=0.00, real=0.02 secs] 
52673.747: [GC 52673.747: [ParNew: 221309K->14824K(235968K), 0.0263978 secs] 696800K->490441K(1022400K), 0.0265821 secs] [Times: user=0.23 sys=0.02, real=0.03 secs] 
52677.080: [GC 52677.080: [ParNew: 224616K->18649K(235968K), 0.0357017 secs] 700233K->494397K(1022400K), 0.0358853 secs] [Times: user=0.38 sys=0.00, real=0.05 secs] 
52680.590: [GC 52680.590: [ParNew: 228441K->18410K(235968K), 0.0370259 secs] 704189K->495274K(1022400K), 0.0372223 secs] [Times: user=0.25 sys=0.00, real=0.03 secs] 
52682.501: [GC 52682.501: [ParNew: 228202K->25721K(235968K), 0.0357741 secs] 705066K->502586K(1022400K), 0.0359604 secs] [Times: user=0.38 sys=0.00, real=0.05 secs] 
52687.880: [GC 52687.880: [ParNew: 235513K->17974K(235968K), 0.0325670 secs] 712378K->498409K(1022400K), 0.0327592 secs] [Times: user=0.14 sys=0.00, real=0.03 secs] 
52691.104: [GC 52691.104: [ParNew: 227766K->12970K(235968K), 0.0213661 secs] 708201K->493405K(1022400K), 0.0215195 secs] [Times: user=0.13 sys=0.00, real=0.02 secs] 
52693.874: [GC 52693.874: [ParNew: 222762K->26176K(235968K), 0.0385770 secs] 703197K->506613K(1022400K), 0.0387708 secs] [Times: user=0.36 sys=0.01, real=0.05 secs] 
52698.009: [GC 52698.009: [ParNew: 235968K->18202K(235968K), 0.0301879 secs] 716405K->501701K(1022400K), 0.0303804 secs] [Times: user=0.20 sys=0.05, real=0.03 secs] 
52701.063: [GC 52701.063: [ParNew: 227994K->12834K(235968K), 0.0222961 secs] 711493K->496333K(1022400K), 0.0224604 secs] [Times: user=0.25 sys=0.00, real=0.03 secs] 
52707.249: [GC 52707.250: [ParNew: 222626K->10254K(235968K), 0.0191195 secs] 706125K->493753K(1022400K), 0.0193036 secs] [Times: user=0.13 sys=0.00, real=0.02 secs] 
52710.333: [GC 52710.333: [ParNew: 220046K->19863K(235968K), 0.0331064 secs] 703545K->503362K(1022400K), 0.0332707 secs] [Times: user=0.25 sys=0.00, real=0.03 secs] 
52712.426: [GC 52712.426: [ParNew: 229655K->24257K(235968K), 0.0454399 secs] 713154K->514658K(1022400K), 0.0456295 secs] [Times: user=0.34 sys=0.00, real=0.05 secs] 
52714.825: [GC 52714.825: [ParNew: 234049K->23956K(235968K), 0.0432597 secs] 724450K->520791K(1022400K), 0.0434321 secs] [Times: user=0.26 sys=0.00, real=0.05 secs] 
52716.426: [GC 52716.427: [ParNew: 233748K->26176K(235968K), 0.0557599 secs] 730583K->533301K(1022400K), 0.0559443 secs] [Times: user=0.25 sys=0.01, real=0.06 secs] 
52718.049: [GC 52718.049: [ParNew: 235968K->26176K(235968K), 0.0497639 secs] 743093K->539861K(1022400K), 0.0499575 secs] [Times: user=0.39 sys=0.00, real=0.06 secs] 
52719.647: [GC 52719.647: [ParNew: 235968K->24285K(235968K), 0.0490657 secs] 749653K->547382K(1022400K), 0.0492364 secs] [Times: user=0.27 sys=0.00, real=0.05 secs] 
52722.935: [GC 52722.935: [ParNew: 234077K->18161K(235968K), 0.0341247 secs] 757174K->547220K(1022400K), 0.0343139 secs] [Times: user=0.25 sys=0.00, real=0.03 secs] 
52729.076: [GC 52729.076: [ParNew: 227953K->15065K(235968K), 0.0171231 secs] 757012K->544125K(1022400K), 0.0172835 secs] [Times: user=0.13 sys=0.00, real=0.02 secs] 
52732.131: [GC 52732.131: [ParNew: 224857K->26176K(235968K), 0.0374483 secs] 753917K->555236K(1022400K), 0.0376347 secs] [Times: user=0.25 sys=0.00, real=0.03 secs] 
52735.530: [GC 52735.530: [ParNew: 235968K->19141K(235968K), 0.0503930 secs] 765028K->558468K(1022400K), 0.0505877 secs] [Times: user=0.36 sys=0.02, real=0.05 secs] 
52739.046: [GC 52739.046: [ParNew: 228933K->9652K(235968K), 0.0144965 secs] 768260K->548980K(1022400K), 0.0146829 secs] [Times: user=0.13 sys=0.00, real=0.02 secs] 
52746.398: [GC 52746.398: [ParNew: 219444K->12346K(235968K), 0.0195466 secs] 758772K->551674K(1022400K), 0.0197045 secs] [Times: user=0.13 sys=0.00, real=0.02 secs] 
52749.468: [GC 52749.468: [ParNew: 222138K->23041K(235968K), 0.0386490 secs] 761466K->562368K(1022400K), 0.0388396 secs] [Times: user=0.25 sys=0.00, real=0.05 secs] 
52750.949: [GC 52750.949: [ParNew: 232833K->25567K(235968K), 0.0617419 secs] 772160K->573351K(1022400K), 0.0619330 secs] [Times: user=0.39 sys=0.00, real=0.06 secs] 
52754.433: [GC 52754.433: [ParNew: 235359K->17144K(235968K), 0.0293873 secs] 783143K->567002K(1022400K), 0.0295708 secs] [Times: user=0.14 sys=0.00, real=0.03 secs] 
52757.976: [GC 52757.976: [ParNew: 226936K->24977K(235968K), 0.0236008 secs] 776794K->574835K(1022400K), 0.0237832 secs] [Times: user=0.13 sys=0.00, real=0.02 secs] 
52764.238: [GC 52764.238: [ParNew: 234769K->10437K(235968K), 0.0372676 secs] 784627K->566389K(1022400K), 0.0374712 secs] [Times: user=0.27 sys=0.00, real=0.05 secs] 
52768.446: [GC 52768.446: [ParNew: 220229K->10629K(235968K), 0.0244199 secs] 776181K->566581K(1022400K), 0.0246101 secs] [Times: user=0.13 sys=0.00, real=0.02 secs] 
52774.847: [GC 52774.847: [ParNew: 220421K->12284K(235968K), 0.0199179 secs] 776373K->568237K(1022400K), 0.0200729 secs] [Times: user=0.19 sys=0.06, real=0.03 secs] 
52781.539: [GC 52781.539: [ParNew: 222076K->17357K(235968K), 0.0284955 secs] 778029K->573893K(1022400K), 0.0286659 secs] [Times: user=0.13 sys=0.00, real=0.02 secs] 
52786.513: [GC 52786.513: [ParNew: 227149K->19982K(235968K), 0.0318175 secs] 783685K->577017K(1022400K), 0.0320046 secs] [Times: user=0.25 sys=0.00, real=0.03 secs] 
52789.684: [GC 52789.684: [ParNew: 229774K->17976K(235968K), 0.0379942 secs] 786809K->577483K(1022400K), 0.0381616 secs] [Times: user=0.25 sys=0.00, real=0.03 secs] 
52791.632: [GC 52791.633: [ParNew: 227768K->23860K(235968K), 0.0286003 secs] 787275K->583367K(1022400K), 0.0287905 secs] [Times: user=0.13 sys=0.00, real=0.02 secs] 
52795.470: [GC 52795.470: [ParNew: 233652K->14276K(235968K), 0.0287388 secs] 793159K->575624K(1022400K), 0.0289260 secs] [Times: user=0.25 sys=0.00, real=0.03 secs] 
52799.574: [GC 52799.574: [ParNew: 224068K->10266K(235968K), 0.0160668 secs] 785416K->571614K(1022400K), 0.0162250 secs] [Times: user=0.13 sys=0.00, real=0.02 secs] 
52805.684: [GC 52805.684: [ParNew: 220058K->13661K(235968K), 0.0200218 secs] 781406K->575009K(1022400K), 0.0201797 secs] [Times: user=0.13 sys=0.00, real=0.02 secs] 
52813.484: [GC 52813.485: [ParNew: 223453K->9313K(235968K), 0.0203953 secs] 784801K->570920K(1022400K), 0.0205800 secs] [Times: user=0.13 sys=0.00, real=0.02 secs] 
52820.633: [GC 52820.634: [ParNew: 219105K->8168K(235968K), 0.0213885 secs] 780712K->569884K(1022400K), 0.0215466 secs] [Times: user=0.13 sys=0.00, real=0.01 secs] 
52830.576: [GC 52830.576: [ParNew: 217960K->13974K(235968K), 0.0303592 secs] 779676K->575756K(1022400K), 0.0305516 secs] [Times: user=0.25 sys=0.00, real=0.03 secs] 
52835.644: [GC 52835.645: [ParNew: 223766K->16072K(235968K), 0.0234376 secs] 785548K->577941K(1022400K), 0.0236178 secs] [Times: user=0.25 sys=0.00, real=0.03 secs] 
52840.751: [GC 52840.751: [ParNew: 225864K->12116K(235968K), 0.0232502 secs] 787733K->574390K(1022400K), 0.0234331 secs] [Times: user=0.25 sys=0.00, real=0.03 secs] 
52843.305: [GC 52843.305: [ParNew: 221908K->21943K(235968K), 0.0356193 secs] 784182K->584770K(1022400K), 0.0358023 secs] [Times: user=0.25 sys=0.00, real=0.03 secs] 
52847.435: [GC 52847.435: [ParNew: 231735K->15854K(235968K), 0.0318180 secs] 794562K->582441K(1022400K), 0.0320231 secs] [Times: user=0.25 sys=0.00, real=0.03 secs] 
52850.006: [GC 52850.006: [ParNew: 225646K->12231K(235968K), 0.0196335 secs] 792233K->578818K(1022400K), 0.0198335 secs] [Times: user=0.14 sys=0.00, real=0.03 secs] 
52856.159: [GC 52856.159: [ParNew: 222023K->8300K(235968K), 0.0231323 secs] 788610K->574887K(1022400K), 0.0232932 secs] [Times: user=0.22 sys=0.03, real=0.03 secs] 
52862.648: [GC 52862.648: [ParNew: 218092K->6949K(235968K), 0.0141051 secs] 784679K->573536K(1022400K), 0.0142714 secs] [Times: user=0.00 sys=0.00, real=0.00 secs] 
52866.800: [GC 52866.800: [ParNew: 216741K->15031K(235968K), 0.0240617 secs] 783328K->581710K(1022400K), 0.0242441 secs] [Times: user=0.25 sys=0.00, real=0.03 secs] 
52869.239: [GC 52869.239: [ParNew: 224823K->18387K(235968K), 0.0250644 secs] 791502K->585542K(1022400K), 0.0252208 secs] [Times: user=0.25 sys=0.00, real=0.03 secs] 
52874.147: [GC 52874.147: [ParNew: 228179K->13144K(235968K), 0.0216111 secs] 795334K->580854K(1022400K), 0.0217975 secs] [Times: user=0.25 sys=0.00, real=0.03 secs] 
52878.695: [GC 52878.695: [ParNew: 222936K->9254K(235968K), 0.0228730 secs] 790646K->577157K(1022400K), 0.0230563 secs] [Times: user=0.11 sys=0.02, real=0.02 secs] 
52881.682: [GC 52881.682: [ParNew: 219046K->19469K(235968K), 0.0348206 secs] 786949K->587603K(1022400K), 0.0350134 secs] [Times: user=0.25 sys=0.00, real=0.03 secs] 
52884.028: [GC 52884.028: [ParNew: 229261K->13918K(235968K), 0.0380520 secs] 797395K->585549K(1022400K), 0.0382339 secs] [Times: user=0.25 sys=0.00, real=0.03 secs] 
52886.730: [GC 52886.730: [ParNew: 223710K->22583K(235968K), 0.0261424 secs] 795341K->594215K(1022400K), 0.0263288 secs] [Times: user=0.13 sys=0.00, real=0.02 secs] 
52890.865: [GC 52890.865: [ParNew: 232375K->15127K(235968K), 0.0243578 secs] 804007K->591065K(1022400K), 0.0245193 secs] [Times: user=0.25 sys=0.00, real=0.03 secs] 
52893.280: [GC 52893.280: [ParNew: 224919K->19968K(235968K), 0.0287883 secs] 800857K->595906K(1022400K), 0.0289604 secs] [Times: user=0.25 sys=0.00, real=0.03 secs] 
52895.268: [GC 52895.268: [ParNew: 229760K->17864K(235968K), 0.0379459 secs] 805698K->598443K(1022400K), 0.0381403 secs] [Times: user=0.27 sys=0.00, real=0.05 secs] 
52898.917: [GC 52898.917: [ParNew: 227656K->14494K(235968K), 0.0285019 secs] 808235K->598513K(1022400K), 0.0286740 secs] [Times: user=0.14 sys=0.00, real=0.03 secs] 
52903.895: [GC 52903.895: [ParNew: 224286K->10490K(235968K), 0.0198098 secs] 808305K->594509K(1022400K), 0.0199914 secs] [Times: user=0.25 sys=0.00, real=0.03 secs] 
52909.419: [GC 52909.419: [ParNew: 220282K->12929K(235968K), 0.0227794 secs] 804301K->596948K(1022400K), 0.0229510 secs] [Times: user=0.13 sys=0.00, real=0.02 secs] 
52915.160: [GC 52915.160: [ParNew: 222721K->11019K(235968K), 0.0233298 secs] 806740K->595037K(1022400K), 0.0234929 secs] [Times: user=0.23 sys=0.02, real=0.03 secs] 
52921.961: [GC 52921.961: [ParNew: 220811K->9313K(235968K), 0.0158802 secs] 804829K->594310K(1022400K), 0.0160615 secs] [Times: user=0.02 sys=0.00, real=0.02 secs] 
52926.474: [GC 52926.475: [ParNew: 219105K->15386K(235968K), 0.0250579 secs] 804102K->600578K(1022400K), 0.0252487 secs] [Times: user=0.25 sys=0.00, real=0.03 secs] 
52929.302: [GC 52929.302: [ParNew: 225178K->22984K(235968K), 0.0341563 secs] 810370K->608297K(1022400K), 0.0343267 secs] [Times: user=0.33 sys=0.05, real=0.05 secs] 
52930.997: [GC 52930.997: [ParNew: 232776K->25399K(235968K), 0.0509651 secs] 818089K->617316K(1022400K), 0.0511322 secs] [Times: user=0.36 sys=0.00, real=0.05 secs] 
52932.809: [GC 52932.809: [ParNew: 235191K->25961K(235968K), 0.0398095 secs] 827108K->623107K(1022400K), 0.0400009 secs] [Times: user=0.25 sys=0.00, real=0.03 secs] 
52934.385: [GC 52934.385: [ParNew: 235753K->26176K(235968K), 0.0517393 secs] 832899K->629000K(1022400K), 0.0519315 secs] [Times: user=0.38 sys=0.00, real=0.05 secs] 
52936.079: [GC 52936.079: [ParNew: 235968K->26176K(235968K), 0.0480399 secs] 838792K->636064K(1022400K), 0.0482248 secs] [Times: user=0.38 sys=0.00, real=0.05 secs] 
52938.229: [GC 52938.229: [ParNew: 235968K->20059K(235968K), 0.0408530 secs] 845856K->638704K(1022400K), 0.0410130 secs] [Times: user=0.25 sys=0.00, real=0.03 secs] 
52942.085: [GC 52942.085: [ParNew: 229851K->26176K(235968K), 0.0323720 secs] 848496K->645893K(1022400K), 0.0325675 secs] [Times: user=0.14 sys=0.02, real=0.05 secs] 
52943.542: [GC 52943.542: [ParNew: 235968K->26176K(235968K), 0.0617310 secs] 855685K->659053K(1022400K), 0.0618975 secs] [Times: user=0.39 sys=0.00, real=0.06 secs] 
52946.090: [GC 52946.090: [ParNew: 235968K->18765K(235968K), 0.0275974 secs] 868845K->655412K(1022400K), 0.0277845 secs] [Times: user=0.14 sys=0.00, real=0.03 secs] 
52948.407: [GC 52948.407: [ParNew: 228557K->26176K(235968K), 0.0461754 secs] 865204K->665983K(1022400K), 0.0463615 secs] [Times: user=0.38 sys=0.00, real=0.05 secs] 
52953.021: [GC 52953.021: [ParNew: 235968K->21811K(235968K), 0.0414036 secs] 875775K->672913K(1022400K), 0.0415966 secs] [Times: user=0.25 sys=0.00, real=0.05 secs] 
52959.038: [GC 52959.038: [ParNew: 231603K->13242K(235968K), 0.0231694 secs] 882705K->664345K(1022400K), 0.0233479 secs] [Times: user=0.25 sys=0.00, real=0.03 secs] 
52963.987: [GC 52963.987: [ParNew: 223034K->15736K(235968K), 0.0246744 secs] 874137K->666839K(1022400K), 0.0248303 secs] [Times: user=0.23 sys=0.02, real=0.03 secs] 
52968.169: [GC 52968.170: [ParNew: 225528K->10493K(235968K), 0.0283558 secs] 876631K->661596K(1022400K), 0.0285369 secs] [Times: user=0.25 sys=0.00, real=0.03 secs] 
52972.601: [GC 52972.601: [ParNew: 220285K->17019K(235968K), 0.0386611 secs] 871388K->669493K(1022400K), 0.0388527 secs] [Times: user=0.34 sys=0.00, real=0.05 secs] 
52978.928: [GC 52978.928: [ParNew: 226811K->11648K(235968K), 0.0246291 secs] 879285K->664350K(1022400K), 0.0248135 secs] [Times: user=0.24 sys=0.02, real=0.03 secs] 
52984.219: [GC 52984.219: [ParNew: 221440K->8660K(235968K), 0.0199894 secs] 874142K->661886K(1022400K), 0.0201805 secs] [Times: user=0.13 sys=0.00, real=0.01 secs] 
52991.637: [GC 52991.637: [ParNew: 218452K->7369K(235968K), 0.0175067 secs] 871678K->660722K(1022400K), 0.0176961 secs] [Times: user=0.13 sys=0.00, real=0.02 secs] 
52998.715: [GC 52998.716: [ParNew: 217161K->11908K(235968K), 0.0241480 secs] 870514K->665341K(1022400K), 0.0243185 secs] [Times: user=0.13 sys=0.00, real=0.02 secs] 
53008.364: [GC 53008.364: [ParNew: 221700K->9420K(235968K), 0.0299672 secs] 875133K->662956K(1022400K), 0.0301494 secs] [Times: user=0.23 sys=0.02, real=0.03 secs] 
53010.919: [GC 53010.919: [ParNew: 219212K->21121K(235968K), 0.0338473 secs] 872748K->674785K(1022400K), 0.0340418 secs] [Times: user=0.25 sys=0.00, real=0.03 secs] 
53012.801: [GC 53012.801: [ParNew: 230913K->21053K(235968K), 0.0468291 secs] 884577K->681479K(1022400K), 0.0470183 secs] [Times: user=0.38 sys=0.00, real=0.05 secs] 
53015.288: [GC 53015.289: [ParNew: 230845K->18810K(235968K), 0.0312995 secs] 891271K->681670K(1022400K), 0.0314895 secs] [Times: user=0.23 sys=0.00, real=0.03 secs] 
53017.310: [GC 53017.310: [ParNew: 228602K->21635K(235968K), 0.0354196 secs] 891462K->689727K(1022400K), 0.0355847 secs] [Times: user=0.25 sys=0.00, real=0.03 secs] 
53019.231: [GC 53019.231: [ParNew: 231427K->18707K(235968K), 0.0362337 secs] 899519K->690789K(1022400K), 0.0363937 secs] [Times: user=0.25 sys=0.00, real=0.03 secs] 
53021.287: [GC 53021.287: [ParNew: 228499K->17966K(235968K), 0.0377841 secs] 900581K->695640K(1022400K), 0.0379492 secs] [Times: user=0.26 sys=0.00, real=0.05 secs] 
53025.404: [GC 53025.404: [ParNew: 227758K->13538K(235968K), 0.0235083 secs] 905432K->696242K(1022400K), 0.0237013 secs] [Times: user=0.13 sys=0.00, real=0.01 secs] 
53029.810: [GC 53029.810: [ParNew: 223330K->9369K(235968K), 0.0170510 secs] 906034K->692073K(1022400K), 0.0172092 secs] [Times: user=0.13 sys=0.00, real=0.02 secs] 
53031.875: [GC 53031.875: [ParNew: 219161K->22032K(235968K), 0.0333397 secs] 901865K->704736K(1022400K), 0.0335238 secs] [Times: user=0.25 sys=0.00, real=0.03 secs] 
53035.242: [GC 53035.242: [ParNew: 231824K->22318K(235968K), 0.0400573 secs] 914528K->708382K(1022400K), 0.0402509 secs] [Times: user=0.38 sys=0.00, real=0.05 secs] 
53037.190: [GC 53037.190: [ParNew: 232110K->19397K(235968K), 0.0374120 secs] 918174K->709802K(1022400K), 0.0376006 secs] [Times: user=0.26 sys=0.00, real=0.05 secs] 
53041.917: [GC 53041.917: [ParNew: 229189K->19844K(235968K), 0.0221626 secs] 919594K->710249K(1022400K), 0.0223193 secs] [Times: user=0.13 sys=0.00, real=0.02 secs] 
53048.414: [GC 53048.414: [ParNew: 229636K->16682K(235968K), 0.0309930 secs] 920041K->709139K(1022400K), 0.0311911 secs] [Times: user=0.25 sys=0.00, real=0.03 secs] 
53056.311: [GC 53056.311: [ParNew: 226474K->13438K(235968K), 0.0267894 secs] 918931K->705896K(1022400K), 0.0269716 secs] [Times: user=0.25 sys=0.00, real=0.03 secs] 
53064.359: [GC 53064.359: [ParNew: 223230K->26176K(235968K), 0.0543441 secs] 915688K->722527K(1022400K), 0.0545094 secs] [Times: user=0.38 sys=0.00, real=0.05 secs] 
53066.797: [GC 53066.797: [ParNew: 235968K->26176K(235968K), 0.2351581 secs] 932319K->771866K(1022400K), 0.2353528 secs] [Times: user=1.48 sys=0.00, real=0.23 secs] 
53067.033: [GC [1 CMS-initial-mark: 745690K(786432K)] 771935K(1022400K), 0.0460318 secs] [Times: user=0.05 sys=0.00, real=0.05 secs] 
53067.079: [CMS-concurrent-mark-start]
53068.660: [CMS-concurrent-mark: 1.581/1.581 secs] [Times: user=6.45 sys=0.09, real=1.58 secs] 
53068.660: [CMS-concurrent-preclean-start]
53068.673: [Full GC 53068.673: [CMS2010-04-21T09:27:57.958+0100: 53068.797: [CMS-concurrent-preclean: 0.092/0.137 secs] [Times: user=0.08 sys=0.08, real=0.14 secs] 
(concurrent mode failure): 745690K->481132K(786432K), 4.5309876 secs] 981658K->481132K(1022400K), [CMS Perm : 23205K->23203K(38736K)], 4.5311672 secs] [Times: user=4.45 sys=0.08, real=4.53 secs] 
53075.755: [GC 53075.755: [ParNew: 209792K->26176K(235968K), 0.0334157 secs] 690924K->507310K(1022400K), 0.0336009 secs] [Times: user=0.25 sys=0.00, real=0.03 secs] 
53079.804: [GC 53079.804: [ParNew: 235962K->22937K(235968K), 0.0497273 secs] 717097K->517698K(1022400K), 0.0498927 secs] [Times: user=0.34 sys=0.00, real=0.06 secs] 
53081.879: [GC 53081.879: [ParNew: 232729K->25024K(235968K), 0.0279569 secs] 727490K->519784K(1022400K), 0.0281421 secs] [Times: user=0.25 sys=0.00, real=0.03 secs] 
53084.663: [GC 53084.663: [ParNew: 234816K->17125K(235968K), 0.0378886 secs] 729576K->520564K(1022400K), 0.0380560 secs] [Times: user=0.25 sys=0.00, real=0.05 secs] 
53086.761: [GC 53086.761: [ParNew: 226917K->21102K(235968K), 0.0264126 secs] 730356K->524540K(1022400K), 0.0265928 secs] [Times: user=0.13 sys=0.00, real=0.02 secs] 
53088.581: [GC 53088.581: [ParNew: 230894K->16938K(235968K), 0.0400498 secs] 734332K->526617K(1022400K), 0.0402378 secs] [Times: user=0.26 sys=0.00, real=0.05 secs] 
53090.813: [GC 53090.813: [ParNew: 226730K->20399K(235968K), 0.0294406 secs] 736409K->533323K(1022400K), 0.0296364 secs] [Times: user=0.24 sys=0.00, real=0.03 secs] 
53095.658: [GC 53095.659: [ParNew: 230191K->13950K(235968K), 0.0252946 secs] 743115K->531259K(1022400K), 0.0254851 secs] [Times: user=0.14 sys=0.00, real=0.03 secs] 
53097.867: [GC 53097.867: [ParNew: 223742K->26176K(235968K), 0.1600027 secs] 741051K->572221K(1022400K), 0.1601645 secs] [Times: user=1.11 sys=0.00, real=0.17 secs] 
53100.056: [GC 53100.056: [ParNew: 235968K->26176K(235968K), 0.1910885 secs] 782013K->616245K(1022400K), 0.1912841 secs] [Times: user=1.06 sys=0.05, real=0.20 secs] 
53103.227: [GC 53103.227: [ParNew: 235968K->26176K(235968K), 0.0956409 secs] 826037K->640513K(1022400K), 0.0958077 secs] [Times: user=0.55 sys=0.03, real=0.11 secs] 
53107.713: [GC 53107.713: [ParNew: 235968K->22986K(235968K), 0.0556881 secs] 850305K->651728K(1022400K), 0.0558797 secs] [Times: user=0.27 sys=0.00, real=0.05 secs] 
53115.788: [GC 53115.788: [ParNew: 232778K->22370K(235968K), 0.0297205 secs] 861520K->651112K(1022400K), 0.0299046 secs] [Times: user=0.25 sys=0.00, real=0.03 secs] 
53123.309: [GC 53123.309: [ParNew: 232162K->26176K(235968K), 0.0506704 secs] 860904K->661252K(1022400K), 0.0508607 secs] [Times: user=0.31 sys=0.00, real=0.05 secs] 
53127.473: [GC 53127.473: [ParNew: 235968K->20476K(235968K), 0.0343904 secs] 871044K->662794K(1022400K), 0.0345756 secs] [Times: user=0.25 sys=0.00, real=0.03 secs] 
53129.671: [GC 53129.672: [ParNew: 230268K->26176K(235968K), 0.1716785 secs] 872586K->696998K(1022400K), 0.1718677 secs] [Times: user=1.02 sys=0.02, real=0.17 secs] 
53136.028: [GC 53136.028: [ParNew: 235968K->26176K(235968K), 0.1055148 secs] 906790K->721396K(1022400K), 0.1057109 secs] [Times: user=0.50 sys=0.00, real=0.09 secs] 
53143.446: [GC 53143.446: [ParNew: 235968K->20519K(235968K), 0.0673013 secs] 931188K->727889K(1022400K), 0.0674745 secs] [Times: user=0.47 sys=0.02, real=0.08 secs] 
53149.249: [GC 53149.249: [ParNew: 230311K->9714K(235968K), 0.0186309 secs] 937681K->717085K(1022400K), 0.0187884 secs] [Times: user=0.13 sys=0.00, real=0.01 secs] 
53153.938: [GC 53153.938: [ParNew: 219506K->16240K(235968K), 0.0271881 secs] 926877K->723611K(1022400K), 0.0273468 secs] [Times: user=0.25 sys=0.00, real=0.03 secs] 
53165.353: [GC 53165.353: [ParNew: 226032K->13345K(235968K), 0.0287567 secs] 933403K->720716K(1022400K), 0.0289121 secs] [Times: user=0.25 sys=0.00, real=0.03 secs] 
53173.153: [GC 53173.153: [ParNew: 223137K->18069K(235968K), 0.0252529 secs] 930508K->726034K(1022400K), 0.0254446 secs] [Times: user=0.13 sys=0.00, real=0.02 secs] 
53178.792: [GC 53178.792: [ParNew: 227861K->12554K(235968K), 0.0219464 secs] 935826K->720592K(1022400K), 0.0221299 secs] [Times: user=0.13 sys=0.00, real=0.02 secs] 
53185.305: [GC 53185.305: [ParNew: 222346K->9183K(235968K), 0.0200327 secs] 930384K->717300K(1022400K), 0.0202168 secs] [Times: user=0.25 sys=0.00, real=0.03 secs] 
53190.804: [GC 53190.804: [ParNew: 218975K->16585K(235968K), 0.0230546 secs] 927092K->724833K(1022400K), 0.0232211 secs] [Times: user=0.25 sys=0.00, real=0.03 secs] 
53192.956: [GC 53192.956: [ParNew: 226377K->19997K(235968K), 0.0321063 secs] 934625K->730046K(1022400K), 0.0322695 secs] [Times: user=0.25 sys=0.00, real=0.03 secs] 
53194.987: [GC 53194.987: [ParNew: 229789K->26176K(235968K), 0.0347910 secs] 939838K->738539K(1022400K), 0.0349578 secs] [Times: user=0.25 sys=0.00, real=0.03 secs] 
53196.927: [GC 53196.927: [ParNew: 235968K->22481K(235968K), 0.0418179 secs] 948331K->738490K(1022400K), 0.0420023 secs] [Times: user=0.33 sys=0.05, real=0.05 secs] 
53200.291: [GC 53200.291: [ParNew: 232273K->16050K(235968K), 0.0266989 secs] 948282K->735982K(1022400K), 0.0268881 secs] [Times: user=0.23 sys=0.02, real=0.03 secs] 
53205.142: [GC 53205.142: [ParNew: 225842K->15082K(235968K), 0.0179065 secs] 945774K->735013K(1022400K), 0.0180881 secs] [Times: user=0.13 sys=0.00, real=0.02 secs] 
53207.833: [GC 53207.833: [ParNew: 224874K->22049K(235968K), 0.0296440 secs] 944805K->741980K(1022400K), 0.0298289 secs] [Times: user=0.25 sys=0.00, real=0.03 secs] 
53210.905: [GC 53210.905: [ParNew: 231841K->14931K(235968K), 0.0237712 secs] 951772K->738707K(1022400K), 0.0239673 secs] [Times: user=0.13 sys=0.00, real=0.02 secs] 
53210.930: [GC [1 CMS-initial-mark: 723775K(786432K)] 739702K(1022400K), 0.0104421 secs] [Times: user=0.01 sys=0.00, real=0.01 secs] 
53210.940: [CMS-concurrent-mark-start]
53212.419: [CMS-concurrent-mark: 1.479/1.479 secs] [Times: user=4.55 sys=0.03, real=1.49 secs] 
53212.419: [CMS-concurrent-preclean-start]
53212.495: [CMS-concurrent-preclean: 0.052/0.075 secs] [Times: user=0.06 sys=0.05, real=0.06 secs] 
53212.495: [CMS-concurrent-abortable-preclean-start]
53214.927: [GC 53214.928: [ParNew: 224723K->10283K(235968K), 0.0169871 secs] 948499K->734059K(1022400K), 0.0171488 secs] [Times: user=0.13 sys=0.00, real=0.01 secs] 
53217.413: [CMS-concurrent-abortable-preclean: 4.015/4.918 secs] [Times: user=7.42 sys=1.30, real=4.92 secs] 
53217.414: [GC[YG occupancy: 115893 K (235968 K)]53217.414: [Rescan (parallel) , 0.0263385 secs]53217.441: [weak refs processing, 0.0001478 secs] [1 CMS-remark: 723775K(786432K)] 839669K(1022400K), 0.0266439 secs] [Times: user=0.25 sys=0.00, real=0.03 secs] 
53217.441: [CMS-concurrent-sweep-start]
53218.469: [CMS-concurrent-sweep: 1.028/1.028 secs] [Times: user=1.98 sys=0.08, real=1.03 secs] 
53218.469: [CMS-concurrent-reset-start]
53218.486: [CMS-concurrent-reset: 0.017/0.017 secs] [Times: user=0.05 sys=0.00, real=0.02 secs] 
53219.920: [GC 53219.920: [ParNew: 220075K->8118K(235968K), 0.0161191 secs] 645103K->433146K(1022400K), 0.0162825 secs] [Times: user=0.13 sys=0.00, real=0.01 secs] 
53222.753: [GC 53222.753: [ParNew: 217910K->19337K(235968K), 0.0317172 secs] 642938K->444365K(1022400K), 0.0319063 secs] [Times: user=0.25 sys=0.00, real=0.03 secs] 
53224.853: [GC 53224.853: [ParNew: 229129K->22582K(235968K), 0.0487255 secs] 654157K->451713K(1022400K), 0.0489174 secs] [Times: user=0.39 sys=0.00, real=0.06 secs] 
53226.622: [GC 53226.622: [ParNew: 232374K->26176K(235968K), 0.0430921 secs] 661505K->459393K(1022400K), 0.0432588 secs] [Times: user=0.25 sys=0.00, real=0.03 secs] 
53228.255: [GC 53228.255: [ParNew: 235968K->26176K(235968K), 0.0545072 secs] 669185K->466618K(1022400K), 0.0546667 secs] [Times: user=0.39 sys=0.00, real=0.06 secs] 
53230.132: [GC 53230.132: [ParNew: 235968K->20703K(235968K), 0.0482871 secs] 676410K->468539K(1022400K), 0.0484534 secs] [Times: user=0.38 sys=0.00, real=0.05 secs] 
53233.570: [GC 53233.570: [ParNew: 230495K->17979K(235968K), 0.0325650 secs] 678331K->471644K(1022400K), 0.0327516 secs] [Times: user=0.25 sys=0.00, real=0.03 secs] 
53237.778: [GC 53237.778: [ParNew: 227771K->17940K(235968K), 0.0227574 secs] 681436K->471604K(1022400K), 0.0229088 secs] [Times: user=0.13 sys=0.00, real=0.02 secs] 
53241.339: [GC 53241.339: [ParNew: 227732K->14492K(235968K), 0.0296714 secs] 681396K->468156K(1022400K), 0.0298569 secs] [Times: user=0.25 sys=0.00, real=0.03 secs] 
53243.849: [GC 53243.849: [ParNew: 224284K->23422K(235968K), 0.0273205 secs] 677948K->477086K(1022400K), 0.0274797 secs] [Times: user=0.25 sys=0.00, real=0.03 secs] 
53247.488: [GC 53247.488: [ParNew: 233214K->17903K(235968K), 0.0297691 secs] 686878K->476113K(1022400K), 0.0299655 secs] [Times: user=0.25 sys=0.00, real=0.03 secs] 
53250.866: [GC 53250.866: [ParNew: 227695K->13905K(235968K), 0.0256153 secs] 685905K->472194K(1022400K), 0.0258125 secs] [Times: user=0.25 sys=0.00, real=0.03 secs] 
53255.322: [GC 53255.322: [ParNew: 223683K->12479K(235968K), 0.0202758 secs] 681973K->471302K(1022400K), 0.0204448 secs] [Times: user=0.22 sys=0.03, real=0.03 secs] 
53259.919: [GC 53259.919: [ParNew: 221787K->13520K(235968K), 0.0198740 secs] 680610K->472447K(1022400K), 0.0200377 secs] [Times: user=0.13 sys=0.00, real=0.02 secs] 
53265.003: [GC 53265.003: [ParNew: 223312K->13142K(235968K), 0.0304435 secs] 682239K->472241K(1022400K), 0.0306103 secs] [Times: user=0.19 sys=0.06, real=0.03 secs] 
53269.458: [GC 53269.458: [ParNew: 222934K->17821K(235968K), 0.0387007 secs] 682033K->477185K(1022400K), 0.0388901 secs] [Times: user=0.25 sys=0.00, real=0.05 secs] 
53271.450: [GC 53271.450: [ParNew: 227613K->23043K(235968K), 0.0312693 secs] 686977K->482659K(1022400K), 0.0314604 secs] [Times: user=0.13 sys=0.00, real=0.03 secs] 
53275.237: [GC 53275.237: [ParNew: 231436K->16266K(235968K), 0.0380135 secs] 691052K->479609K(1022400K), 0.0381864 secs] [Times: user=0.24 sys=0.02, real=0.03 secs] 
53277.815: [GC 53277.815: [ParNew: 226058K->18494K(235968K), 0.0271166 secs] 689401K->481837K(1022400K), 0.0273035 secs] [Times: user=0.25 sys=0.00, real=0.03 secs] 
53286.925: [GC 53286.926: [ParNew: 228286K->12787K(235968K), 0.0208635 secs] 691629K->476130K(1022400K), 0.0210530 secs] [Times: user=0.13 sys=0.00, real=0.02 secs] 
53298.030: [GC 53298.030: [ParNew: 222579K->8741K(235968K), 0.0238712 secs] 685922K->472084K(1022400K), 0.0240559 secs] [Times: user=0.13 sys=0.00, real=0.02 secs] 
53302.062: [GC 53302.062: [ParNew: 218533K->17493K(235968K), 0.0330279 secs] 681876K->481022K(1022400K), 0.0332115 secs] [Times: user=0.25 sys=0.00, real=0.03 secs] 
53304.434: [GC 53304.434: [ParNew: 227285K->16651K(235968K), 0.0393346 secs] 690814K->486010K(1022400K), 0.0395268 secs] [Times: user=0.14 sys=0.00, real=0.05 secs] 
53308.235: [GC 53308.235: [ParNew: 226443K->16554K(235968K), 0.0277273 secs] 695802K->485914K(1022400K), 0.0279184 secs] [Times: user=0.25 sys=0.00, real=0.03 secs] 
53309.969: [GC 53309.969: [ParNew: 226346K->21267K(235968K), 0.0443467 secs] 695706K->495657K(1022400K), 0.0445437 secs] [Times: user=0.27 sys=0.00, real=0.05 secs] 
53312.382: [GC 53312.382: [ParNew: 231059K->14940K(235968K), 0.0221687 secs] 705449K->491799K(1022400K), 0.0223576 secs] [Times: user=0.14 sys=0.00, real=0.03 secs] 
53317.620: [GC 53317.620: [ParNew: 224732K->7644K(235968K), 0.0120901 secs] 701591K->484503K(1022400K), 0.0122985 secs] [Times: user=0.13 sys=0.00, real=0.02 secs] 
53320.719: [GC 53320.719: [ParNew: 217436K->21747K(235968K), 0.0334562 secs] 694295K->498606K(1022400K), 0.0336252 secs] [Times: user=0.23 sys=0.00, real=0.03 secs] 
53323.564: [GC 53323.564: [ParNew: 231539K->16250K(235968K), 0.0238483 secs] 708398K->496756K(1022400K), 0.0240338 secs] [Times: user=0.13 sys=0.00, real=0.02 secs] 
53327.248: [GC 53327.248: [ParNew: 226042K->16951K(235968K), 0.0325533 secs] 706548K->497458K(1022400K), 0.0327380 secs] [Times: user=0.25 sys=0.00, real=0.03 secs] 
53329.063: [GC 53329.063: [ParNew: 226743K->23571K(235968K), 0.0355671 secs] 707250K->504831K(1022400K), 0.0357610 secs] [Times: user=0.25 sys=0.00, real=0.03 secs] 
53331.086: [GC 53331.086: [ParNew: 233363K->22582K(235968K), 0.0463486 secs] 714623K->508674K(1022400K), 0.0465467 secs] [Times: user=0.38 sys=0.00, real=0.05 secs] 
53333.228: [GC 53333.228: [ParNew: 232374K->22687K(235968K), 0.0331657 secs] 718466K->511488K(1022400K), 0.0333291 secs] [Times: user=0.25 sys=0.00, real=0.03 secs] 
53335.481: [GC 53335.481: [ParNew: 232479K->17465K(235968K), 0.0382577 secs] 721280K->512826K(1022400K), 0.0384230 secs] [Times: user=0.25 sys=0.00, real=0.05 secs] 
53338.287: [GC 53338.288: [ParNew: 227257K->26176K(235968K), 0.0325164 secs] 722618K->521538K(1022400K), 0.0326815 secs] [Times: user=0.25 sys=0.00, real=0.03 secs] 
53340.953: [GC 53340.953: [ParNew: 235968K->19933K(235968K), 0.0471823 secs] 731330K->524814K(1022400K), 0.0473753 secs] [Times: user=0.27 sys=0.00, real=0.05 secs] 
53343.290: [GC 53343.291: [ParNew: 229725K->26176K(235968K), 0.0309676 secs] 734606K->531369K(1022400K), 0.0311646 secs] [Times: user=0.25 sys=0.00, real=0.03 secs] 
53345.055: [GC 53345.055: [ParNew: 235968K->26176K(235968K), 0.0558233 secs] 741161K->540599K(1022400K), 0.0560205 secs] [Times: user=0.36 sys=0.03, real=0.06 secs] 
53347.048: [GC 53347.048: [ParNew: 235968K->20736K(235968K), 0.0380607 secs] 750391K->541144K(1022400K), 0.0382247 secs] [Times: user=0.25 sys=0.00, real=0.03 secs] 
53349.444: [GC 53349.444: [ParNew: 230528K->20163K(235968K), 0.0315660 secs] 750936K->544084K(1022400K), 0.0317297 secs] [Times: user=0.23 sys=0.00, real=0.03 secs] 
53351.713: [GC 53351.713: [ParNew: 229955K->21572K(235968K), 0.0342619 secs] 753876K->548563K(1022400K), 0.0344530 secs] [Times: user=0.27 sys=0.00, real=0.05 secs] 
53355.394: [GC 53355.394: [ParNew: 231364K->14820K(235968K), 0.0236946 secs] 758355K->545571K(1022400K), 0.0238880 secs] [Times: user=0.13 sys=0.00, real=0.01 secs] 
53359.155: [GC 53359.155: [ParNew: 224612K->19563K(235968K), 0.0317255 secs] 755363K->550313K(1022400K), 0.0319091 secs] [Times: user=0.24 sys=0.02, real=0.03 secs] 
53361.625: [GC 53361.625: [ParNew: 229355K->26176K(235968K), 0.0930534 secs] 760105K->571129K(1022400K), 0.0932426 secs] [Times: user=0.59 sys=0.05, real=0.09 secs] 
53363.211: [GC 53363.211: [ParNew: 235968K->26176K(235968K), 0.1874389 secs] 780921K->618785K(1022400K), 0.1876308 secs] [Times: user=1.08 sys=0.00, real=0.19 secs] 
53365.077: [GC 53365.077: [ParNew: 235968K->26176K(235968K), 0.1065700 secs] 828577K->643433K(1022400K), 0.1067356 secs] [Times: user=0.58 sys=0.00, real=0.09 secs] 
53366.941: [GC 53366.941: [ParNew: 235968K->21257K(235968K), 0.0633382 secs] 853225K->652224K(1022400K), 0.0635036 secs] [Times: user=0.34 sys=0.00, real=0.06 secs] 
53368.632: [GC 53368.632: [ParNew: 231049K->26176K(235968K), 0.0865621 secs] 862016K->677493K(1022400K), 0.0867526 secs] [Times: user=0.63 sys=0.00, real=0.09 secs] 
53370.290: [GC 53370.291: [ParNew: 235968K->26176K(235968K), 0.1089312 secs] 887285K->708667K(1022400K), 0.1091228 secs] [Times: user=0.75 sys=0.00, real=0.11 secs] 
53370.400: [GC [1 CMS-initial-mark: 682491K(786432K)] 708748K(1022400K), 0.0398553 secs] [Times: user=0.05 sys=0.00, real=0.05 secs] 
53370.440: [CMS-concurrent-mark-start]
53371.659: [GC 53371.659: [ParNew: 235968K->26176K(235968K), 0.1005217 secs] 918459K->731245K(1022400K), 0.1007136 secs] [Times: user=0.61 sys=0.00, real=0.09 secs] 
53372.249: [CMS-concurrent-mark: 1.708/1.809 secs] [Times: user=8.28 sys=0.08, real=1.81 secs] 
53372.250: [CMS-concurrent-preclean-start]
53372.583: [CMS-concurrent-preclean: 0.254/0.334 secs] [Times: user=0.73 sys=0.14, real=0.33 secs] 
53372.583: [CMS-concurrent-abortable-preclean-start]
53373.258: [GC 53373.258: [ParNew: 235968K->26176K(235968K), 0.0663481 secs] 941037K->745445K(1022400K), 0.0665152 secs] [Times: user=0.50 sys=0.00, real=0.06 secs] 
53374.269: [CMS-concurrent-abortable-preclean: 1.465/1.685 secs] [Times: user=4.44 sys=0.23, real=1.69 secs] 
53374.269: [GC[YG occupancy: 136053 K (235968 K)]53374.269: [Rescan (parallel) , 0.0363264 secs]53374.306: [weak refs processing, 0.0001766 secs] [1 CMS-remark: 719269K(786432K)] 855323K(1022400K), 0.0366385 secs] [Times: user=0.25 sys=0.00, real=0.03 secs] 
53374.306: [CMS-concurrent-sweep-start]
53375.246: [CMS-concurrent-sweep: 0.940/0.940 secs] [Times: user=2.19 sys=0.00, real=0.94 secs] 
53375.246: [CMS-concurrent-reset-start]
53375.265: [CMS-concurrent-reset: 0.019/0.019 secs] [Times: user=0.06 sys=0.00, real=0.03 secs] 
53375.300: [GC 53375.300: [ParNew: 235968K->23474K(235968K), 0.0562125 secs] 720886K->522216K(1022400K), 0.0563991 secs] [Times: user=0.34 sys=0.00, real=0.06 secs] 
53377.456: [GC 53377.456: [ParNew: 233266K->25599K(235968K), 0.0500133 secs] 732008K->533574K(1022400K), 0.0502039 secs] [Times: user=0.25 sys=0.00, real=0.05 secs] 
53379.625: [GC 53379.625: [ParNew: 235391K->26176K(235968K), 0.1618845 secs] 743366K->565181K(1022400K), 0.1620519 secs] [Times: user=1.00 sys=0.02, real=0.16 secs] 
53381.537: [GC 53381.537: [ParNew: 235968K->26176K(235968K), 0.2182129 secs] 774973K->615804K(1022400K), 0.2184035 secs] [Times: user=1.36 sys=0.02, real=0.22 secs] 
53383.733: [GC 53383.733: [ParNew: 235968K->26176K(235968K), 0.1149451 secs] 825596K->650214K(1022400K), 0.1151149 secs] [Times: user=0.66 sys=0.00, real=0.11 secs] 
53383.848: [GC [1 CMS-initial-mark: 624038K(786432K)] 651354K(1022400K), 0.0359440 secs] [Times: user=0.03 sys=0.00, real=0.03 secs] 
53383.885: [CMS-concurrent-mark-start]
53385.229: [GC 53385.229: [ParNew: 235968K->26176K(235968K), 0.1097095 secs] 860006K->678846K(1022400K), 0.1099140 secs] [Times: user=0.73 sys=0.00, real=0.11 secs] 
53385.735: [CMS-concurrent-mark: 1.740/1.851 secs] [Times: user=8.26 sys=0.13, real=1.86 secs] 
53385.735: [CMS-concurrent-preclean-start]
53386.155: [CMS-concurrent-preclean: 0.298/0.420 secs] [Times: user=0.72 sys=0.23, real=0.42 secs] 
53386.155: [CMS-concurrent-abortable-preclean-start]
53388.382: [GC 53388.382: [ParNew: 235968K->26176K(235968K), 0.0822345 secs] 888638K->700368K(1022400K), 0.0824300 secs] [Times: user=0.51 sys=0.00, real=0.08 secs] 
53389.714: [CMS-concurrent-abortable-preclean: 3.191/3.559 secs] [Times: user=6.56 sys=0.52, real=3.55 secs] 
53389.715: [GC[YG occupancy: 137302 K (235968 K)]53389.715: [Rescan (parallel) , 0.0330997 secs]53389.748: [weak refs processing, 0.0002794 secs] [1 CMS-remark: 674192K(786432K)] 811494K(1022400K), 0.0335219 secs] [Times: user=0.25 sys=0.00, real=0.05 secs] 
53389.749: [CMS-concurrent-sweep-start]
53390.559: [CMS-concurrent-sweep: 0.811/0.811 secs] [Times: user=1.56 sys=0.05, real=0.80 secs] 
53390.560: [CMS-concurrent-reset-start]
53390.576: [CMS-concurrent-reset: 0.017/0.017 secs] [Times: user=0.05 sys=0.00, real=0.03 secs] 
53391.180: [GC 53391.180: [ParNew: 235968K->26176K(235968K), 0.0547544 secs] 745272K->547275K(1022400K), 0.0549517 secs] [Times: user=0.39 sys=0.00, real=0.06 secs] 
53394.873: [GC 53394.873: [ParNew: 235968K->21082K(235968K), 0.0416916 secs] 757067K->553001K(1022400K), 0.0418782 secs] [Times: user=0.24 sys=0.00, real=0.03 secs] 
53400.127: [GC 53400.127: [ParNew: 230874K->16234K(235968K), 0.0198559 secs] 762793K->548153K(1022400K), 0.0200484 secs] [Times: user=0.13 sys=0.00, real=0.01 secs] 
53402.148: [GC 53402.148: [ParNew: 226026K->26176K(235968K), 0.0393860 secs] 757945K->559004K(1022400K), 0.0395821 secs] [Times: user=0.38 sys=0.00, real=0.05 secs] 
53404.604: [GC 53404.604: [ParNew: 235968K->21698K(235968K), 0.0346206 secs] 768796K->560108K(1022400K), 0.0348106 secs] [Times: user=0.27 sys=0.00, real=0.05 secs] 
53410.861: [GC 53410.861: [ParNew: 231490K->7347K(235968K), 0.0132542 secs] 769900K->545757K(1022400K), 0.0134187 secs] [Times: user=0.13 sys=0.00, real=0.02 secs] 
53414.847: [GC 53414.847: [ParNew: 217139K->19990K(235968K), 0.0265081 secs] 755549K->558400K(1022400K), 0.0266816 secs] [Times: user=0.25 sys=0.00, real=0.03 secs] 
53420.281: [GC 53420.281: [ParNew: 229782K->13948K(235968K), 0.0205465 secs] 768192K->554704K(1022400K), 0.0207119 secs] [Times: user=0.13 sys=0.00, real=0.02 secs] 
53430.312: [GC 53430.313: [ParNew: 223740K->5686K(235968K), 0.0165482 secs] 764496K->546442K(1022400K), 0.0167376 secs] [Times: user=0.11 sys=0.01, real=0.01 secs] 
53435.293: [GC 53435.293: [ParNew: 215478K->18973K(235968K), 0.0322401 secs] 756234K->559729K(1022400K), 0.0324276 secs] [Times: user=0.25 sys=0.00, real=0.03 secs] 
53437.046: [GC 53437.046: [ParNew: 228765K->26176K(235968K), 0.0461439 secs] 769521K->572339K(1022400K), 0.0463349 secs] [Times: user=0.25 sys=0.00, real=0.05 secs] 
53439.629: [GC 53439.629: [ParNew: 235968K->20927K(235968K), 0.0285983 secs] 782131K->570264K(1022400K), 0.0287855 secs] [Times: user=0.13 sys=0.00, real=0.03 secs] 
53443.096: [GC 53443.097: [ParNew: 230719K->17519K(235968K), 0.0206705 secs] 780056K->566856K(1022400K), 0.0208317 secs] [Times: user=0.13 sys=0.00, real=0.02 secs] 
53450.409: [GC 53450.409: [ParNew: 227311K->12434K(235968K), 0.0209851 secs] 776648K->561772K(1022400K), 0.0211789 secs] [Times: user=0.11 sys=0.00, real=0.02 secs] 
53461.711: [GC 53461.711: [ParNew: 222226K->13352K(235968K), 0.0171882 secs] 771564K->562689K(1022400K), 0.0173785 secs] [Times: user=0.13 sys=0.00, real=0.02 secs] 
53463.806: [GC 53463.806: [ParNew: 223144K->26176K(235968K), 0.0394955 secs] 772481K->578067K(1022400K), 0.0396612 secs] [Times: user=0.23 sys=0.00, real=0.05 secs] 
53465.353: [GC 53465.354: [ParNew: 235968K->21182K(235968K), 0.0503930 secs] 787859K->581419K(1022400K), 0.0505844 secs] [Times: user=0.38 sys=0.00, real=0.05 secs] 
53469.915: [GC 53469.915: [ParNew: 230971K->15824K(235968K), 0.0266998 secs] 791208K->579112K(1022400K), 0.0268939 secs] [Times: user=0.25 sys=0.00, real=0.03 secs] 
53477.864: [GC 53477.864: [ParNew: 225616K->20705K(235968K), 0.0219969 secs] 788904K->583994K(1022400K), 0.0221877 secs] [Times: user=0.13 sys=0.00, real=0.02 secs] 
53482.172: [GC 53482.172: [ParNew: 230497K->14775K(235968K), 0.0296303 secs] 793786K->583341K(1022400K), 0.0298245 secs] [Times: user=0.11 sys=0.00, real=0.02 secs] 
53487.677: [GC 53487.677: [ParNew: 224567K->16622K(235968K), 0.0228708 secs] 793133K->585188K(1022400K), 0.0230644 secs] [Times: user=0.13 sys=0.00, real=0.02 secs] 
53494.856: [GC 53494.856: [ParNew: 226414K->21008K(235968K), 0.0267880 secs] 794980K->589575K(1022400K), 0.0269780 secs] [Times: user=0.25 sys=0.00, real=0.03 secs] 
53497.647: [GC 53497.647: [ParNew: 230800K->19406K(235968K), 0.0380442 secs] 799367K->591388K(1022400K), 0.0382412 secs] [Times: user=0.25 sys=0.00, real=0.03 secs] 
53500.818: [GC 53500.818: [ParNew: 229198K->13334K(235968K), 0.0269688 secs] 801180K->587211K(1022400K), 0.0271722 secs] [Times: user=0.13 sys=0.00, real=0.03 secs] 
53505.199: [GC 53505.199: [ParNew: 223126K->11264K(235968K), 0.0187105 secs] 797003K->585333K(1022400K), 0.0189018 secs] [Times: user=0.13 sys=0.00, real=0.03 secs] 
53510.165: [GC 53510.165: [ParNew: 221056K->10129K(235968K), 0.0177933 secs] 795125K->584279K(1022400K), 0.0179852 secs] [Times: user=0.13 sys=0.00, real=0.02 secs] 
53513.595: [GC 53513.595: [ParNew: 219921K->13293K(235968K), 0.0180875 secs] 794071K->587484K(1022400K), 0.0182775 secs] [Times: user=0.13 sys=0.00, real=0.01 secs] 
53517.626: [GC 53517.626: [ParNew: 223085K->17583K(235968K), 0.0248459 secs] 797276K->591839K(1022400K), 0.0250333 secs] [Times: user=0.13 sys=0.00, real=0.02 secs] 
53520.435: [GC 53520.435: [ParNew: 227375K->17457K(235968K), 0.0392938 secs] 801631K->593681K(1022400K), 0.0394869 secs] [Times: user=0.38 sys=0.00, real=0.05 secs] 
53525.629: [GC 53525.629: [ParNew: 227249K->11599K(235968K), 0.0241575 secs] 803473K->587822K(1022400K), 0.0243321 secs] [Times: user=0.13 sys=0.00, real=0.02 secs] 
53529.682: [GC 53529.682: [ParNew: 221391K->20535K(235968K), 0.0375813 secs] 797614K->596758K(1022400K), 0.0377568 secs] [Times: user=0.36 sys=0.01, real=0.05 secs] 
53531.281: [GC 53531.281: [ParNew: 230327K->26176K(235968K), 0.0497840 secs] 806550K->607537K(1022400K), 0.0499566 secs] [Times: user=0.26 sys=0.00, real=0.05 secs] 
53532.997: [GC 53532.997: [ParNew: 235968K->26176K(235968K), 0.0459617 secs] 817329K->613138K(1022400K), 0.0461508 secs] [Times: user=0.36 sys=0.00, real=0.05 secs] 
53534.700: [GC 53534.700: [ParNew: 235968K->26176K(235968K), 0.0482053 secs] 822930K->621505K(1022400K), 0.0483967 secs] [Times: user=0.38 sys=0.00, real=0.05 secs] 
53538.663: [GC 53538.663: [ParNew: 235968K->20149K(235968K), 0.0355358 secs] 831297K->622340K(1022400K), 0.0357238 secs] [Times: user=0.25 sys=0.00, real=0.03 secs] 
53543.536: [GC 53543.536: [ParNew: 229941K->19032K(235968K), 0.0320435 secs] 832132K->621223K(1022400K), 0.0322077 secs] [Times: user=0.24 sys=0.02, real=0.03 secs] 
53545.725: [GC 53545.725: [ParNew: 228824K->25968K(235968K), 0.0364091 secs] 831015K->631772K(1022400K), 0.0365966 secs] [Times: user=0.25 sys=0.00, real=0.03 secs] 
53547.633: [GC 53547.633: [ParNew: 235760K->20665K(235968K), 0.0436829 secs] 841564K->633032K(1022400K), 0.0438838 secs] [Times: user=0.27 sys=0.00, real=0.05 secs] 
53549.766: [GC 53549.766: [ParNew: 230457K->25406K(235968K), 0.0351796 secs] 842824K->640743K(1022400K), 0.0353763 secs] [Times: user=0.13 sys=0.00, real=0.03 secs] 
53551.650: [GC 53551.650: [ParNew: 235198K->25421K(235968K), 0.0485025 secs] 850535K->649603K(1022400K), 0.0486774 secs] [Times: user=0.38 sys=0.00, real=0.05 secs] 
53553.261: [GC 53553.261: [ParNew: 235213K->26176K(235968K), 0.0490406 secs] 859395K->657365K(1022400K), 0.0492306 secs] [Times: user=0.38 sys=0.00, real=0.05 secs] 
53554.833: [GC 53554.833: [ParNew: 235968K->26176K(235968K), 0.0518856 secs] 867157K->664563K(1022400K), 0.0520535 secs] [Times: user=0.33 sys=0.05, real=0.05 secs] 
53556.583: [GC 53556.583: [ParNew: 235968K->26176K(235968K), 0.0445057 secs] 874355K->671138K(1022400K), 0.0446710 secs] [Times: user=0.26 sys=0.00, real=0.05 secs] 
53558.095: [GC 53558.095: [ParNew: 235968K->26176K(235968K), 0.0523650 secs] 880930K->679401K(1022400K), 0.0525575 secs] [Times: user=0.27 sys=0.00, real=0.05 secs] 
53559.631: [GC 53559.631: [ParNew: 235968K->26176K(235968K), 0.0429426 secs] 889193K->685877K(1022400K), 0.0431396 secs] [Times: user=0.27 sys=0.00, real=0.05 secs] 
53561.255: [GC 53561.255: [ParNew: 235968K->24355K(235968K), 0.0369729 secs] 895669K->689230K(1022400K), 0.0371449 secs] [Times: user=0.25 sys=0.00, real=0.03 secs] 
53563.256: [GC 53563.256: [ParNew: 234147K->26176K(235968K), 0.0446562 secs] 899022K->696826K(1022400K), 0.0448518 secs] [Times: user=0.27 sys=0.00, real=0.05 secs] 
53564.827: [GC 53564.827: [ParNew: 235968K->26176K(235968K), 0.0545499 secs] 906618K->705887K(1022400K), 0.0547578 secs] [Times: user=0.34 sys=0.00, real=0.06 secs] 
53566.728: [GC 53566.728: [ParNew: 235968K->19996K(235968K), 0.0359945 secs] 915679K->705220K(1022400K), 0.0361867 secs] [Times: user=0.25 sys=0.00, real=0.03 secs] 
53568.860: [GC 53568.860: [ParNew: 229788K->23194K(235968K), 0.0394441 secs] 915012K->715171K(1022400K), 0.0396355 secs] [Times: user=0.25 sys=0.00, real=0.03 secs] 
53570.788: [GC 53570.788: [ParNew: 232986K->22368K(235968K), 0.0368069 secs] 924963K->719974K(1022400K), 0.0370008 secs] [Times: user=0.25 sys=0.00, real=0.03 secs] 
53574.376: [GC 53574.376: [ParNew: 232160K->18781K(235968K), 0.0326530 secs] 929766K->721094K(1022400K), 0.0328248 secs] [Times: user=0.14 sys=0.00, real=0.03 secs] 
53576.320: [GC 53576.320: [ParNew: 228573K->19031K(235968K), 0.0366893 secs] 930886K->726552K(1022400K), 0.0368818 secs] [Times: user=0.25 sys=0.00, real=0.03 secs] 
53578.143: [GC 53578.143: [ParNew: 228823K->24873K(235968K), 0.0367427 secs] 936344K->737684K(1022400K), 0.0369114 secs] [Times: user=0.25 sys=0.00, real=0.03 secs] 
53581.998: [GC 53581.998: [ParNew: 234665K->17188K(235968K), 0.0315655 secs] 947476K->735347K(1022400K), 0.0317560 secs] [Times: user=0.25 sys=0.00, real=0.03 secs] 
53584.005: [GC 53584.005: [ParNew: 226980K->26122K(235968K), 0.0298817 secs] 945139K->744281K(1022400K), 0.0300485 secs] [Times: user=0.25 sys=0.00, real=0.03 secs] 
53587.696: [GC 53587.696: [ParNew: 235914K->17194K(235968K), 0.0249143 secs] 954073K->738563K(1022400K), 0.0251037 secs] [Times: user=0.14 sys=0.00, real=0.03 secs] 
53590.321: [GC 53590.321: [ParNew: 226986K->15932K(235968K), 0.0254485 secs] 948355K->737301K(1022400K), 0.0256094 secs] [Times: user=0.25 sys=0.00, real=0.03 secs] 
53594.994: [GC 53594.994: [ParNew: 225724K->16380K(235968K), 0.0268428 secs] 947093K->737748K(1022400K), 0.0270286 secs] [Times: user=0.25 sys=0.00, real=0.03 secs] 
53598.841: [GC 53598.841: [ParNew: 226172K->14202K(235968K), 0.0275312 secs] 947540K->735862K(1022400K), 0.0276954 secs] [Times: user=0.25 sys=0.00, real=0.03 secs] 
53602.164: [GC 53602.164: [ParNew: 223994K->18994K(235968K), 0.0308819 secs] 945654K->740874K(1022400K), 0.0310523 secs] [Times: user=0.25 sys=0.00, real=0.03 secs] 
53604.426: [GC 53604.426: [ParNew: 228786K->25506K(235968K), 0.0325449 secs] 950666K->747840K(1022400K), 0.0327262 secs] [Times: user=0.25 sys=0.00, real=0.03 secs] 
53607.825: [GC 53607.825: [ParNew: 235298K->15560K(235968K), 0.0377663 secs] 957632K->741897K(1022400K), 0.0379565 secs] [Times: user=0.20 sys=0.00, real=0.05 secs] 
53607.864: [GC [1 CMS-initial-mark: 726337K(786432K)] 742006K(1022400K), 0.0160115 secs] [Times: user=0.02 sys=0.00, real=0.02 secs] 
53607.880: [CMS-concurrent-mark-start]
53609.371: [CMS-concurrent-mark: 1.492/1.492 secs] [Times: user=4.55 sys=0.08, real=1.48 secs] 
53609.371: [CMS-concurrent-preclean-start]
53609.439: [CMS-concurrent-preclean: 0.046/0.068 secs] [Times: user=0.09 sys=0.06, real=0.08 secs] 
53609.439: [CMS-concurrent-abortable-preclean-start]
53612.105: [GC 53612.105: [ParNew: 225352K->8270K(235968K), 0.0150944 secs] 951689K->734608K(1022400K), 0.0152746 secs] [Times: user=0.13 sys=0.00, real=0.01 secs] 
53613.907: [CMS-concurrent-abortable-preclean: 3.858/4.468 secs] [Times: user=7.13 sys=1.25, real=4.47 secs] 
53613.908: [GC[YG occupancy: 114973 K (235968 K)]53613.908: [Rescan (parallel) , 0.0327410 secs]53613.941: [weak refs processing, 0.0003319 secs] [1 CMS-remark: 726337K(786432K)] 841311K(1022400K), 0.0332185 secs] [Times: user=0.14 sys=0.00, real=0.03 secs] 
53613.941: [CMS-concurrent-sweep-start]
53614.880: [CMS-concurrent-sweep: 0.939/0.939 secs] [Times: user=1.81 sys=0.05, real=0.94 secs] 
53614.880: [CMS-concurrent-reset-start]
53614.899: [CMS-concurrent-reset: 0.019/0.019 secs] [Times: user=0.03 sys=0.00, real=0.01 secs] 
53615.398: [GC 53615.398: [ParNew: 218062K->18986K(235968K), 0.0279290 secs] 645320K->446243K(1022400K), 0.0281125 secs] [Times: user=0.25 sys=0.00, real=0.03 secs] 
53620.245: [GC 53620.245: [ParNew: 228778K->20628K(235968K), 0.0377685 secs] 656035K->453056K(1022400K), 0.0379573 secs] [Times: user=0.27 sys=0.00, real=0.05 secs] 
53624.007: [GC 53624.007: [ParNew: 230420K->13881K(235968K), 0.0266146 secs] 662848K->449516K(1022400K), 0.0267970 secs] [Times: user=0.14 sys=0.00, real=0.03 secs] 
53627.793: [GC 53627.794: [ParNew: 223673K->8581K(235968K), 0.0166641 secs] 659308K->444216K(1022400K), 0.0168482 secs] [Times: user=0.11 sys=0.00, real=0.02 secs] 
53633.505: [GC 53633.505: [ParNew: 218373K->10687K(235968K), 0.0160032 secs] 654008K->446322K(1022400K), 0.0161783 secs] [Times: user=0.13 sys=0.00, real=0.01 secs] 
53637.768: [GC 53637.768: [ParNew: 220479K->15998K(235968K), 0.0274716 secs] 656114K->451633K(1022400K), 0.0276373 secs] [Times: user=0.13 sys=0.00, real=0.02 secs] 
53641.167: [GC 53641.167: [ParNew: 225790K->17478K(235968K), 0.0295660 secs] 661425K->453916K(1022400K), 0.0297507 secs] [Times: user=0.25 sys=0.00, real=0.03 secs] 
53643.862: [GC 53643.862: [ParNew: 227270K->25096K(235968K), 0.0318839 secs] 663708K->461707K(1022400K), 0.0320650 secs] [Times: user=0.25 sys=0.00, real=0.03 secs] 
53645.998: [GC 53645.998: [ParNew: 234888K->22959K(235968K), 0.0550587 secs] 671499K->464516K(1022400K), 0.0552495 secs] [Times: user=0.38 sys=0.02, real=0.06 secs] 
53648.674: [GC 53648.674: [ParNew: 232751K->15364K(235968K), 0.0244794 secs] 674308K->458876K(1022400K), 0.0246643 secs] [Times: user=0.13 sys=0.00, real=0.02 secs] 
53652.371: [GC 53652.372: [ParNew: 225156K->21859K(235968K), 0.0243771 secs] 668668K->465371K(1022400K), 0.0245671 secs] [Times: user=0.25 sys=0.00, real=0.03 secs] 
53654.913: [GC 53654.914: [ParNew: 231651K->23691K(235968K), 0.0301594 secs] 675163K->469358K(1022400K), 0.0303432 secs] [Times: user=0.25 sys=0.00, real=0.03 secs] 
53657.476: [GC 53657.476: [ParNew: 233483K->23350K(235968K), 0.0361591 secs] 679150K->470932K(1022400K), 0.0363281 secs] [Times: user=0.25 sys=0.00, real=0.03 secs] 
53659.683: [GC 53659.683: [ParNew: 233142K->18741K(235968K), 0.0375014 secs] 680724K->471631K(1022400K), 0.0376986 secs] [Times: user=0.27 sys=0.00, real=0.05 secs] 
53662.269: [GC 53662.269: [ParNew: 228533K->26176K(235968K), 0.0259131 secs] 681423K->479067K(1022400K), 0.0260972 secs] [Times: user=0.13 sys=0.00, real=0.02 secs] 
53664.270: [GC 53664.270: [ParNew: 235968K->26176K(235968K), 0.0569653 secs] 688859K->488198K(1022400K), 0.0571564 secs] [Times: user=0.36 sys=0.02, real=0.05 secs] 
53665.715: [GC 53665.715: [ParNew: 235968K->26176K(235968K), 0.0579691 secs] 697990K->498530K(1022400K), 0.0581661 secs] [Times: user=0.39 sys=0.00, real=0.06 secs] 
53667.411: [GC 53667.411: [ParNew: 235968K->26176K(235968K), 0.0492518 secs] 708322K->505917K(1022400K), 0.0494373 secs] [Times: user=0.25 sys=0.02, real=0.05 secs] 
53669.517: [GC 53669.517: [ParNew: 235968K->23057K(235968K), 0.0444495 secs] 715709K->509986K(1022400K), 0.0446414 secs] [Times: user=0.25 sys=0.00, real=0.03 secs] 
53671.618: [GC 53671.618: [ParNew: 232849K->26176K(235968K), 0.0774445 secs] 719778K->525743K(1022400K), 0.0776406 secs] [Times: user=0.50 sys=0.00, real=0.08 secs] 
53674.928: [GC 53674.928: [ParNew: 235968K->26176K(235968K), 0.2078097 secs] 735535K->568227K(1022400K), 0.2079756 secs] [Times: user=1.30 sys=0.00, real=0.20 secs] 
53680.110: [GC 53680.110: [ParNew: 235968K->26176K(235968K), 0.0782532 secs] 778019K->589826K(1022400K), 0.0784404 secs] [Times: user=0.51 sys=0.00, real=0.09 secs] 
53683.169: [GC 53683.169: [ParNew: 235968K->20757K(235968K), 0.0361540 secs] 799618K->589359K(1022400K), 0.0363465 secs] [Times: user=0.26 sys=0.00, real=0.05 secs] 
53685.904: [GC 53685.904: [ParNew: 230549K->15916K(235968K), 0.0219858 secs] 799151K->585567K(1022400K), 0.0221743 secs] [Times: user=0.22 sys=0.03, real=0.03 secs] 
53691.663: [GC 53691.663: [ParNew: 225708K->13062K(235968K), 0.0257130 secs] 795359K->582713K(1022400K), 0.0258882 secs] [Times: user=0.13 sys=0.00, real=0.03 secs] 
53693.768: [GC 53693.768: [ParNew: 222854K->23537K(235968K), 0.0298644 secs] 792505K->593188K(1022400K), 0.0300535 secs] [Times: user=0.13 sys=0.00, real=0.03 secs] 
53701.258: [GC 53701.258: [ParNew: 233329K->15590K(235968K), 0.0259681 secs] 802980K->587918K(1022400K), 0.0261570 secs] [Times: user=0.13 sys=0.00, real=0.03 secs] 
53703.905: [GC 53703.905: [ParNew: 225382K->22726K(235968K), 0.0329550 secs] 797710K->595054K(1022400K), 0.0331151 secs] [Times: user=0.25 sys=0.00, real=0.03 secs] 
53705.801: [GC 53705.801: [ParNew: 232518K->17213K(235968K), 0.0248442 secs] 804846K->591522K(1022400K), 0.0250350 secs] [Times: user=0.13 sys=0.00, real=0.01 secs] 
53712.007: [GC 53712.007: [ParNew: 227005K->14655K(235968K), 0.0242654 secs] 801314K->588965K(1022400K), 0.0244408 secs] [Times: user=0.13 sys=0.00, real=0.01 secs] 
53714.012: [GC 53714.012: [ParNew: 224447K->26176K(235968K), 0.0314590 secs] 798757K->600505K(1022400K), 0.0316479 secs] [Times: user=0.25 sys=0.00, real=0.03 secs] 
53716.488: [GC 53716.489: [ParNew: 235968K->18992K(235968K), 0.0227406 secs] 810297K->596947K(1022400K), 0.0229283 secs] [Times: user=0.13 sys=0.00, real=0.01 secs] 
53719.320: [GC 53719.320: [ParNew: 228784K->21552K(235968K), 0.0296716 secs] 806739K->599507K(1022400K), 0.0298574 secs] [Times: user=0.25 sys=0.00, real=0.03 secs] 
53721.652: [GC 53721.652: [ParNew: 231344K->18923K(235968K), 0.0358238 secs] 809299K->601208K(1022400K), 0.0359898 secs] [Times: user=0.25 sys=0.00, real=0.03 secs] 
53723.553: [GC 53723.553: [ParNew: 228715K->22705K(235968K), 0.0346105 secs] 811000K->609484K(1022400K), 0.0347944 secs] [Times: user=0.23 sys=0.00, real=0.03 secs] 
53725.829: [GC 53725.829: [ParNew: 232497K->24702K(235968K), 0.0391756 secs] 819276K->615941K(1022400K), 0.0393396 secs] [Times: user=0.34 sys=0.02, real=0.05 secs] 
53731.043: [GC 53731.044: [ParNew: 234494K->15502K(235968K), 0.0239542 secs] 825733K->612333K(1022400K), 0.0241383 secs] [Times: user=0.14 sys=0.00, real=0.03 secs] 
53737.517: [GC 53737.517: [ParNew: 225294K->9847K(235968K), 0.0258600 secs] 822125K->606678K(1022400K), 0.0260541 secs] [Times: user=0.17 sys=0.03, real=0.03 secs] 
53739.728: [GC 53739.728: [ParNew: 219639K->15883K(235968K), 0.0290671 secs] 816470K->612714K(1022400K), 0.0292467 secs] [Times: user=0.25 sys=0.00, real=0.03 secs] 
53744.951: [GC 53744.952: [ParNew: 225675K->18256K(235968K), 0.0204635 secs] 822506K->615087K(1022400K), 0.0206320 secs] [Times: user=0.25 sys=0.00, real=0.03 secs] 
53754.044: [GC 53754.044: [ParNew: 228048K->11277K(235968K), 0.0224160 secs] 824879K->609163K(1022400K), 0.0225867 secs] [Times: user=0.13 sys=0.00, real=0.03 secs] 
53760.405: [GC 53760.405: [ParNew: 221069K->10138K(235968K), 0.0238972 secs] 818955K->608147K(1022400K), 0.0240799 secs] [Times: user=0.25 sys=0.00, real=0.03 secs] 
53765.544: [GC 53765.544: [ParNew: 219930K->14294K(235968K), 0.0330458 secs] 817939K->612702K(1022400K), 0.0332319 secs] [Times: user=0.23 sys=0.02, real=0.03 secs] 
53767.994: [GC 53767.994: [ParNew: 224086K->18556K(235968K), 0.0423305 secs] 822494K->617636K(1022400K), 0.0425051 secs] [Times: user=0.36 sys=0.02, real=0.05 secs] 
53772.012: [GC 53772.013: [ParNew: 228348K->18437K(235968K), 0.0269825 secs] 827428K->618850K(1022400K), 0.0271822 secs] [Times: user=0.25 sys=0.00, real=0.03 secs] 
53774.994: [GC 53774.994: [ParNew: 228229K->24437K(235968K), 0.0350712 secs] 828642K->627243K(1022400K), 0.0352629 secs] [Times: user=0.25 sys=0.00, real=0.03 secs] 
53777.696: [GC 53777.697: [ParNew: 234229K->18090K(235968K), 0.0328212 secs] 837035K->624903K(1022400K), 0.0330134 secs] [Times: user=0.22 sys=0.00, real=0.03 secs] 
53781.981: [GC 53781.981: [ParNew: 227882K->16406K(235968K), 0.0274803 secs] 834695K->623220K(1022400K), 0.0276680 secs] [Times: user=0.25 sys=0.00, real=0.03 secs] 
53788.558: [GC 53788.559: [ParNew: 226198K->24547K(235968K), 0.0350603 secs] 833012K->632372K(1022400K), 0.0352221 secs] [Times: user=0.25 sys=0.00, real=0.03 secs] 
53796.918: [GC 53796.919: [ParNew: 234339K->15616K(235968K), 0.0301748 secs] 842164K->628310K(1022400K), 0.0303617 secs] [Times: user=0.22 sys=0.02, real=0.03 secs] 
53805.666: [GC 53805.667: [ParNew: 225408K->16650K(235968K), 0.0248615 secs] 838102K->629344K(1022400K), 0.0250518 secs] [Times: user=0.14 sys=0.00, real=0.03 secs] 
53811.152: [GC 53811.152: [ParNew: 226442K->11242K(235968K), 0.0161277 secs] 839136K->623936K(1022400K), 0.0162889 secs] [Times: user=0.13 sys=0.00, real=0.02 secs] 
53822.744: [GC 53822.744: [ParNew: 221034K->8915K(235968K), 0.0225864 secs] 833728K->621609K(1022400K), 0.0227660 secs] [Times: user=0.13 sys=0.00, real=0.02 secs] 
53827.831: [GC 53827.831: [ParNew: 218707K->26176K(235968K), 0.0766888 secs] 831401K->646053K(1022400K), 0.0768626 secs] [Times: user=0.47 sys=0.03, real=0.06 secs] 
53830.014: [GC 53830.014: [ParNew: 235968K->26176K(235968K), 0.1579262 secs] 855845K->677177K(1022400K), 0.1580922 secs] [Times: user=0.95 sys=0.01, real=0.16 secs] 
53832.404: [GC 53832.404: [ParNew: 235968K->26176K(235968K), 0.0800624 secs] 886969K->697127K(1022400K), 0.0802541 secs] [Times: user=0.52 sys=0.00, real=0.08 secs] 
53834.393: [GC 53834.393: [ParNew: 235968K->26176K(235968K), 0.0851519 secs] 906919K->713549K(1022400K), 0.0853405 secs] [Times: user=0.64 sys=0.00, real=0.09 secs] 
53837.223: [GC 53837.223: [ParNew: 235968K->26176K(235968K), 0.0790933 secs] 923341K->734514K(1022400K), 0.0792609 secs] [Times: user=0.45 sys=0.03, real=0.08 secs] 
53841.320: [GC 53841.320: [ParNew: 235968K->26176K(235968K), 0.0512498 secs] 944306K->742894K(1022400K), 0.0514535 secs] [Times: user=0.34 sys=0.03, real=0.05 secs] 
53841.372: [GC [1 CMS-initial-mark: 716718K(786432K)] 743019K(1022400K), 0.0314565 secs] [Times: user=0.03 sys=0.00, real=0.03 secs] 
53841.404: [CMS-concurrent-mark-start]
53842.921: [CMS-concurrent-mark: 1.517/1.517 secs] [Times: user=4.80 sys=0.13, real=1.51 secs] 
53842.921: [CMS-concurrent-preclean-start]
53842.970: [CMS-concurrent-preclean: 0.034/0.050 secs] [Times: user=0.06 sys=0.03, real=0.05 secs] 
53842.971: [CMS-concurrent-abortable-preclean-start]
53844.792: [GC 53844.792: [ParNew: 235968K->20082K(235968K), 0.0396335 secs] 952686K->745525K(1022400K), 0.0397967 secs] [Times: user=0.26 sys=0.00, real=0.05 secs] 
53847.812: [CMS-concurrent-abortable-preclean: 4.146/4.842 secs] [Times: user=7.31 sys=0.67, real=4.84 secs] 
53847.813: [GC[YG occupancy: 126091 K (235968 K)]53847.813: [Rescan (parallel) , 0.0327882 secs]53847.846: [weak refs processing, 0.0001958 secs] [1 CMS-remark: 725443K(786432K)] 851534K(1022400K), 0.0331369 secs] [Times: user=0.24 sys=0.00, real=0.03 secs] 
53847.846: [CMS-concurrent-sweep-start]
53848.829: [CMS-concurrent-sweep: 0.982/0.982 secs] [Times: user=1.95 sys=0.06, real=0.98 secs] 
53848.829: [CMS-concurrent-reset-start]
53848.848: [CMS-concurrent-reset: 0.019/0.019 secs] [Times: user=0.08 sys=0.00, real=0.03 secs] 
53849.418: [GC 53849.418: [ParNew: 229874K->23259K(235968K), 0.0300764 secs] 677872K->471257K(1022400K), 0.0302703 secs] [Times: user=0.25 sys=0.00, real=0.03 secs] 
53853.568: [GC 53853.568: [ParNew: 233051K->18443K(235968K), 0.0372553 secs] 681049K->472475K(1022400K), 0.0374483 secs] [Times: user=0.22 sys=0.00, real=0.03 secs] 
53855.163: [GC 53855.163: [ParNew: 228235K->26176K(235968K), 0.0484240 secs] 682267K->485831K(1022400K), 0.0486160 secs] [Times: user=0.25 sys=0.00, real=0.05 secs] 
53856.803: [GC 53856.803: [ParNew: 235968K->26176K(235968K), 0.0530090 secs] 695623K->494056K(1022400K), 0.0531995 secs] [Times: user=0.34 sys=0.02, real=0.05 secs] 
53859.690: [GC 53859.690: [ParNew: 235968K->22577K(235968K), 0.0365225 secs] 703848K->497394K(1022400K), 0.0367069 secs] [Times: user=0.27 sys=0.00, real=0.05 secs] 
53862.013: [GC 53862.013: [ParNew: 232369K->26176K(235968K), 0.0319840 secs] 707186K->501120K(1022400K), 0.0321627 secs] [Times: user=0.25 sys=0.00, real=0.03 secs] 
53865.188: [GC 53865.188: [ParNew: 235968K->19599K(235968K), 0.0368038 secs] 710912K->503222K(1022400K), 0.0369963 secs] [Times: user=0.26 sys=0.00, real=0.05 secs] 
53873.054: [GC 53873.054: [ParNew: 229391K->11901K(235968K), 0.0217321 secs] 713014K->495525K(1022400K), 0.0219181 secs] [Times: user=0.13 sys=0.00, real=0.02 secs] 
53874.977: [GC 53874.977: [ParNew: 221693K->26176K(235968K), 0.0394938 secs] 705317K->509970K(1022400K), 0.0396743 secs] [Times: user=0.25 sys=0.00, real=0.03 secs] 
53878.283: [GC 53878.283: [ParNew: 235968K->20049K(235968K), 0.0370036 secs] 719762K->512334K(1022400K), 0.0371679 secs] [Times: user=0.26 sys=0.00, real=0.05 secs] 
53881.362: [GC 53881.363: [ParNew: 229841K->26176K(235968K), 0.1743596 secs] 722126K->545686K(1022400K), 0.1745560 secs] [Times: user=1.16 sys=0.00, real=0.19 secs] 
53883.932: [GC 53883.932: [ParNew: 235968K->26176K(235968K), 0.1349074 secs] 755478K->576722K(1022400K), 0.1351052 secs] [Times: user=0.78 sys=0.00, real=0.14 secs] 
53887.718: [GC 53887.718: [ParNew: 235968K->26176K(235968K), 0.0750623 secs] 786514K->596461K(1022400K), 0.0752777 secs] [Times: user=0.50 sys=0.00, real=0.08 secs] 
53896.994: [GC 53896.994: [ParNew: 235968K->19798K(235968K), 0.0249308 secs] 806253K->598126K(1022400K), 0.0250979 secs] [Times: user=0.13 sys=0.00, real=0.02 secs] 
53906.027: [GC 53906.027: [ParNew: 229590K->11806K(235968K), 0.0197648 secs] 807918K->590133K(1022400K), 0.0199486 secs] [Times: user=0.13 sys=0.00, real=0.01 secs] 
53909.823: [GC 53909.823: [ParNew: 221598K->17487K(235968K), 0.0241994 secs] 799925K->595815K(1022400K), 0.0243606 secs] [Times: user=0.13 sys=0.00, real=0.01 secs] 
53913.638: [GC 53913.639: [ParNew: 227279K->13579K(235968K), 0.0201179 secs] 805607K->593127K(1022400K), 0.0203009 secs] [Times: user=0.13 sys=0.00, real=0.02 secs] 
53918.578: [GC 53918.578: [ParNew: 223371K->13576K(235968K), 0.0274554 secs] 802919K->593123K(1022400K), 0.0276381 secs] [Times: user=0.25 sys=0.00, real=0.03 secs] 
53922.318: [GC 53922.318: [ParNew: 223368K->10130K(235968K), 0.0192172 secs] 802915K->591747K(1022400K), 0.0194047 secs] [Times: user=0.13 sys=0.00, real=0.02 secs] 
53931.655: [GC 53931.656: [ParNew: 219922K->11088K(235968K), 0.0191242 secs] 801539K->592876K(1022400K), 0.0192966 secs] [Times: user=0.13 sys=0.00, real=0.02 secs] 
53937.696: [GC 53937.696: [ParNew: 220880K->9092K(235968K), 0.0254203 secs] 802668K->590909K(1022400K), 0.0255759 secs] [Times: user=0.13 sys=0.00, real=0.02 secs] 
53947.260: [GC 53947.261: [ParNew: 218884K->14947K(235968K), 0.0284438 secs] 800701K->596811K(1022400K), 0.0286271 secs] [Times: user=0.25 sys=0.00, real=0.03 secs] 
53952.721: [GC 53952.721: [ParNew: 224739K->22788K(235968K), 0.0289327 secs] 806603K->604721K(1022400K), 0.0290889 secs] [Times: user=0.25 sys=0.00, real=0.03 secs] 
53960.418: [GC 53960.419: [ParNew: 232580K->14248K(235968K), 0.0250320 secs] 814513K->599329K(1022400K), 0.0251973 secs] [Times: user=0.14 sys=0.00, real=0.03 secs] 
53973.761: [GC 53973.761: [ParNew: 224040K->9989K(235968K), 0.0244763 secs] 809121K->595071K(1022400K), 0.0246626 secs] [Times: user=0.13 sys=0.00, real=0.02 secs] 
53978.283: [GC 53978.283: [ParNew: 219781K->14243K(235968K), 0.0244062 secs] 804863K->599325K(1022400K), 0.0245897 secs] [Times: user=0.25 sys=0.00, real=0.03 secs] 
53981.163: [GC 53981.163: [ParNew: 224035K->17742K(235968K), 0.0228850 secs] 809117K->602823K(1022400K), 0.0230649 secs] [Times: user=0.13 sys=0.00, real=0.02 secs] 
53983.813: [GC 53983.813: [ParNew: 227534K->24593K(235968K), 0.0367044 secs] 812615K->610392K(1022400K), 0.0368751 secs] [Times: user=0.25 sys=0.00, real=0.05 secs] 
53986.027: [GC 53986.027: [ParNew: 234385K->22318K(235968K), 0.0399718 secs] 820184K->611495K(1022400K), 0.0401635 secs] [Times: user=0.25 sys=0.00, real=0.03 secs] 
53989.737: [GC 53989.737: [ParNew: 232110K->15233K(235968K), 0.0179864 secs] 821287K->606406K(1022400K), 0.0181481 secs] [Times: user=0.14 sys=0.00, real=0.03 secs] 
53998.275: [GC 53998.275: [ParNew: 225025K->9657K(235968K), 0.0151067 secs] 816198K->600830K(1022400K), 0.0152922 secs] [Times: user=0.13 sys=0.00, real=0.02 secs] 
54003.372: [GC 54003.372: [ParNew: 219449K->11931K(235968K), 0.0194058 secs] 810622K->603104K(1022400K), 0.0195910 secs] [Times: user=0.13 sys=0.00, real=0.02 secs] 
54005.526: [GC 54005.526: [ParNew: 221723K->22706K(235968K), 0.0359230 secs] 812896K->613879K(1022400K), 0.0361205 secs] [Times: user=0.25 sys=0.00, real=0.03 secs] 
54009.757: [GC 54009.757: [ParNew: 232498K->16170K(235968K), 0.0231155 secs] 823671K->610192K(1022400K), 0.0233027 secs] [Times: user=0.13 sys=0.00, real=0.02 secs] 
54016.083: [GC 54016.083: [ParNew: 225962K->10462K(235968K), 0.0169480 secs] 819984K->604484K(1022400K), 0.0171363 secs] [Times: user=0.09 sys=0.00, real=0.03 secs] 
54020.766: [GC 54020.766: [ParNew: 220254K->13578K(235968K), 0.0317619 secs] 814276K->607600K(1022400K), 0.0319471 secs] [Times: user=0.22 sys=0.03, real=0.03 secs] 
54024.951: [GC 54024.951: [ParNew: 223370K->9108K(235968K), 0.0167410 secs] 817392K->603129K(1022400K), 0.0169259 secs] [Times: user=0.13 sys=0.00, real=0.02 secs] 
54028.351: [GC 54028.351: [ParNew: 218900K->26176K(235968K), 0.1685114 secs] 812921K->647303K(1022400K), 0.1687050 secs] [Times: user=1.11 sys=0.03, real=0.16 secs] 
54034.942: [GC 54034.942: [ParNew: 235968K->26176K(235968K), 0.0888705 secs] 857095K->664327K(1022400K), 0.0890733 secs] [Times: user=0.58 sys=0.03, real=0.09 secs] 
54041.018: [GC 54041.018: [ParNew: 235968K->24147K(235968K), 0.0494599 secs] 874119K->674687K(1022400K), 0.0496571 secs] [Times: user=0.38 sys=0.00, real=0.05 secs] 
54045.660: [GC 54045.660: [ParNew: 233939K->7533K(235968K), 0.0126471 secs] 884479K->658074K(1022400K), 0.0128257 secs] [Times: user=0.13 sys=0.00, real=0.02 secs] 
54055.826: [GC 54055.826: [ParNew: 217325K->8862K(235968K), 0.0205831 secs] 867866K->659402K(1022400K), 0.0207565 secs] [Times: user=0.13 sys=0.00, real=0.02 secs] 
54055.848: [GC 54055.848: [ParNew: 8892K->7342K(235968K), 0.0155534 secs] 659432K->657882K(1022400K), 0.0156981 secs] [Times: user=0.13 sys=0.00, real=0.02 secs] 
54062.905: [GC 54062.906: [ParNew: 217134K->15360K(235968K), 0.0253694 secs] 867674K->666787K(1022400K), 0.0255586 secs] [Times: user=0.25 sys=0.00, real=0.03 secs] 
54067.517: [GC 54067.517: [ParNew: 225152K->11167K(235968K), 0.0165482 secs] 876579K->662978K(1022400K), 0.0167298 secs] [Times: user=0.13 sys=0.00, real=0.02 secs] 
54074.841: [GC 54074.842: [ParNew: 220959K->5383K(235968K), 0.0182998 secs] 872770K->658148K(1022400K), 0.0184825 secs] [Times: user=0.13 sys=0.00, real=0.02 secs] 
54080.607: [GC 54080.608: [ParNew: 215175K->7408K(235968K), 0.0199397 secs] 867940K->660174K(1022400K), 0.0200992 secs] [Times: user=0.13 sys=0.00, real=0.01 secs] 
54089.274: [GC 54089.274: [ParNew: 217200K->14897K(235968K), 0.0276692 secs] 869966K->667740K(1022400K), 0.0278739 secs] [Times: user=0.13 sys=0.00, real=0.02 secs] 
54094.911: [GC 54094.911: [ParNew: 224689K->10691K(235968K), 0.0260801 secs] 877532K->663772K(1022400K), 0.0262545 secs] [Times: user=0.25 sys=0.00, real=0.03 secs] 
54102.419: [GC 54102.419: [ParNew: 220486K->9230K(235968K), 0.0149265 secs] 873568K->662910K(1022400K), 0.0150924 secs] [Times: user=0.13 sys=0.00, real=0.01 secs] 
54107.769: [GC 54107.769: [ParNew: 219022K->15940K(235968K), 0.0268193 secs] 872702K->670142K(1022400K), 0.0269783 secs] [Times: user=0.25 sys=0.00, real=0.03 secs] 
54109.782: [GC 54109.782: [ParNew: 225732K->22545K(235968K), 0.0378305 secs] 879934K->677179K(1022400K), 0.0380194 secs] [Times: user=0.25 sys=0.00, real=0.05 secs] 
54114.372: [GC 54114.373: [ParNew: 232337K->16645K(235968K), 0.0295797 secs] 886971K->672975K(1022400K), 0.0297705 secs] [Times: user=0.19 sys=0.06, real=0.03 secs] 
54120.375: [GC 54120.375: [ParNew: 226437K->10463K(235968K), 0.0183378 secs] 882767K->666793K(1022400K), 0.0185222 secs] [Times: user=0.13 sys=0.00, real=0.02 secs] 
54126.447: [GC 54126.447: [ParNew: 220255K->12778K(235968K), 0.0243006 secs] 876585K->669108K(1022400K), 0.0244634 secs] [Times: user=0.13 sys=0.00, real=0.02 secs] 
54128.935: [GC 54128.936: [ParNew: 222570K->20614K(235968K), 0.0324198 secs] 878900K->676944K(1022400K), 0.0325840 secs] [Times: user=0.25 sys=0.00, real=0.03 secs] 
54134.290: [GC 54134.290: [ParNew: 230406K->14385K(235968K), 0.0290397 secs] 886736K->674655K(1022400K), 0.0292319 secs] [Times: user=0.13 sys=0.00, real=0.02 secs] 
54138.641: [GC 54138.641: [ParNew: 224177K->16383K(235968K), 0.0197246 secs] 884447K->676652K(1022400K), 0.0199302 secs] [Times: user=0.13 sys=0.00, real=0.02 secs] 
54142.496: [GC 54142.496: [ParNew: 226175K->19835K(235968K), 0.0269646 secs] 886444K->680105K(1022400K), 0.0271350 secs] [Times: user=0.20 sys=0.05, real=0.03 secs] 
54147.463: [GC 54147.463: [ParNew: 229627K->18463K(235968K), 0.0349955 secs] 889897K->678732K(1022400K), 0.0351785 secs] [Times: user=0.25 sys=0.00, real=0.03 secs] 
54153.225: [GC 54153.225: [ParNew: 228255K->14475K(235968K), 0.0320208 secs] 888524K->676708K(1022400K), 0.0322083 secs] [Times: user=0.25 sys=0.00, real=0.05 secs] 
54162.139: [GC 54162.139: [ParNew: 224267K->10429K(235968K), 0.0167404 secs] 886500K->672663K(1022400K), 0.0168985 secs] [Times: user=0.13 sys=0.00, real=0.01 secs] 
54171.474: [GC 54171.474: [ParNew: 220221K->14859K(235968K), 0.0337800 secs] 882455K->677187K(1022400K), 0.0339602 secs] [Times: user=0.25 sys=0.00, real=0.05 secs] 
54179.820: [GC 54179.820: [ParNew: 224651K->17883K(235968K), 0.0289665 secs] 886979K->680277K(1022400K), 0.0291274 secs] [Times: user=0.23 sys=0.00, real=0.03 secs] 
54182.412: [GC 54182.412: [ParNew: 227675K->21991K(235968K), 0.0402121 secs] 890069K->684453K(1022400K), 0.0403928 secs] [Times: user=0.38 sys=0.00, real=0.05 secs] 
54187.548: [GC 54187.548: [ParNew: 231783K->13852K(235968K), 0.0190583 secs] 894245K->678464K(1022400K), 0.0192494 secs] [Times: user=0.11 sys=0.00, real=0.02 secs] 
54191.905: [GC 54191.905: [ParNew: 223644K->15203K(235968K), 0.0347304 secs] 888256K->680687K(1022400K), 0.0349123 secs] [Times: user=0.23 sys=0.02, real=0.03 secs] 
54195.925: [GC 54195.925: [ParNew: 224995K->10826K(235968K), 0.0189918 secs] 890479K->676392K(1022400K), 0.0191471 secs] [Times: user=0.13 sys=0.00, real=0.02 secs] 
54201.286: [GC 54201.286: [ParNew: 220618K->14322K(235968K), 0.0217296 secs] 886184K->679967K(1022400K), 0.0218919 secs] [Times: user=0.25 sys=0.00, real=0.03 secs] 
54203.749: [GC 54203.750: [ParNew: 224114K->21060K(235968K), 0.0389080 secs] 889759K->686965K(1022400K), 0.0390673 secs] [Times: user=0.25 sys=0.00, real=0.03 secs] 
54212.881: [GC 54212.881: [ParNew: 230852K->12783K(235968K), 0.0154444 secs] 896757K->679370K(1022400K), 0.0156109 secs] [Times: user=0.13 sys=0.00, real=0.01 secs] 
54219.243: [GC 54219.243: [ParNew: 222575K->10951K(235968K), 0.0247934 secs] 889162K->677538K(1022400K), 0.0249792 secs] [Times: user=0.13 sys=0.00, real=0.02 secs] 
54221.085: [GC 54221.085: [ParNew: 220743K->25997K(235968K), 0.0350913 secs] 887330K->693101K(1022400K), 0.0352573 secs] [Times: user=0.38 sys=0.00, real=0.05 secs] 
54226.296: [GC 54226.296: [ParNew: 235789K->17789K(235968K), 0.0257686 secs] 902893K->688514K(1022400K), 0.0259594 secs] [Times: user=0.14 sys=0.00, real=0.03 secs] 
54234.228: [GC 54234.229: [ParNew: 227581K->12177K(235968K), 0.0219444 secs] 898306K->682903K(1022400K), 0.0221171 secs] [Times: user=0.13 sys=0.00, real=0.02 secs] 
54238.762: [GC 54238.762: [ParNew: 221969K->13739K(235968K), 0.0186979 secs] 892695K->684465K(1022400K), 0.0188893 secs] [Times: user=0.13 sys=0.00, real=0.02 secs] 
54242.117: [GC 54242.117: [ParNew: 223531K->17752K(235968K), 0.0256466 secs] 894257K->688478K(1022400K), 0.0258304 secs] [Times: user=0.23 sys=0.00, real=0.03 secs] 
54245.572: [GC 54245.572: [ParNew: 227544K->14153K(235968K), 0.0275591 secs] 898270K->685894K(1022400K), 0.0277421 secs] [Times: user=0.13 sys=0.00, real=0.02 secs] 
54252.913: [GC 54252.913: [ParNew: 223945K->10871K(235968K), 0.0199263 secs] 895686K->682612K(1022400K), 0.0201079 secs] [Times: user=0.25 sys=0.00, real=0.03 secs] 
54256.493: [GC 54256.493: [ParNew: 220663K->20161K(235968K), 0.0278217 secs] 892404K->691971K(1022400K), 0.0280075 secs] [Times: user=0.13 sys=0.00, real=0.02 secs] 
54261.432: [GC 54261.432: [ParNew: 229953K->14698K(235968K), 0.0384599 secs] 901763K->690209K(1022400K), 0.0386599 secs] [Times: user=0.25 sys=0.00, real=0.03 secs] 
54263.986: [GC 54263.986: [ParNew: 224490K->25760K(235968K), 0.0408988 secs] 900001K->701271K(1022400K), 0.0410759 secs] [Times: user=0.38 sys=0.00, real=0.05 secs] 
54265.440: [GC 54265.440: [ParNew: 235552K->26176K(235968K), 0.0625149 secs] 911063K->710385K(1022400K), 0.0627052 secs] [Times: user=0.38 sys=0.00, real=0.06 secs] 
54267.387: [GC 54267.387: [ParNew: 235968K->26176K(235968K), 0.0413611 secs] 920177K->714791K(1022400K), 0.0415503 secs] [Times: user=0.25 sys=0.00, real=0.03 secs] 
54269.280: [GC 54269.280: [ParNew: 235968K->19914K(235968K), 0.0400380 secs] 924583K->716641K(1022400K), 0.0402032 secs] [Times: user=0.25 sys=0.00, real=0.03 secs] 
54271.575: [GC 54271.576: [ParNew: 229706K->20728K(235968K), 0.0340158 secs] 926433K->721976K(1022400K), 0.0342018 secs] [Times: user=0.25 sys=0.00, real=0.03 secs] 
54276.191: [GC 54276.191: [ParNew: 230520K->14580K(235968K), 0.0293546 secs] 931768K->720411K(1022400K), 0.0295381 secs] [Times: user=0.25 sys=0.00, real=0.03 secs] 
54284.551: [GC 54284.551: [ParNew: 224372K->10609K(235968K), 0.0150103 secs] 930203K->716440K(1022400K), 0.0151980 secs] [Times: user=0.13 sys=0.00, real=0.02 secs] 
54286.721: [GC 54286.721: [ParNew: 220401K->25063K(235968K), 0.0355981 secs] 926232K->730894K(1022400K), 0.0357819 secs] [Times: user=0.25 sys=0.00, real=0.03 secs] 
54288.898: [GC 54288.898: [ParNew: 234855K->26084K(235968K), 0.0588999 secs] 940686K->740340K(1022400K), 0.0590642 secs] [Times: user=0.49 sys=0.01, real=0.06 secs] 
54292.153: [GC 54292.153: [ParNew: 235876K->20111K(235968K), 0.0249747 secs] 950132K->737062K(1022400K), 0.0251498 secs] [Times: user=0.13 sys=0.00, real=0.02 secs] 
54297.676: [GC 54297.676: [ParNew: 229903K->13487K(235968K), 0.0169837 secs] 946854K->730437K(1022400K), 0.0171762 secs] [Times: user=0.13 sys=0.00, real=0.02 secs] 
54300.171: [GC 54300.171: [ParNew: 223279K->18846K(235968K), 0.0258273 secs] 940229K->735797K(1022400K), 0.0259821 secs] [Times: user=0.13 sys=0.00, real=0.03 secs] 
54302.080: [GC 54302.080: [ParNew: 228638K->26176K(235968K), 0.0327444 secs] 945589K->746426K(1022400K), 0.0329324 secs] [Times: user=0.25 sys=0.00, real=0.03 secs] 
54308.015: [GC 54308.015: [ParNew: 235968K->15835K(235968K), 0.0242863 secs] 956218K->736600K(1022400K), 0.0244788 secs] [Times: user=0.13 sys=0.00, real=0.02 secs] 
54313.518: [GC 54313.518: [ParNew: 225627K->16432K(235968K), 0.0227906 secs] 946392K->737197K(1022400K), 0.0229739 secs] [Times: user=0.25 sys=0.00, real=0.03 secs] 
54315.438: [GC 54315.438: [ParNew: 226224K->22655K(235968K), 0.0364775 secs] 946989K->743541K(1022400K), 0.0366751 secs] [Times: user=0.25 sys=0.00, real=0.03 secs] 
54318.039: [GC 54318.039: [ParNew: 232447K->17579K(235968K), 0.0270001 secs] 953333K->742632K(1022400K), 0.0271847 secs] [Times: user=0.23 sys=0.00, real=0.03 secs] 
54318.067: [GC [1 CMS-initial-mark: 725052K(786432K)] 743714K(1022400K), 0.0112869 secs] [Times: user=0.02 sys=0.00, real=0.02 secs] 
54318.078: [CMS-concurrent-mark-start]
54319.558: [CMS-concurrent-mark: 1.480/1.480 secs] [Times: user=3.73 sys=0.00, real=1.48 secs] 
54319.558: [CMS-concurrent-preclean-start]
54319.607: [CMS-concurrent-preclean: 0.033/0.048 secs] [Times: user=0.06 sys=0.00, real=0.05 secs] 
54319.607: [CMS-concurrent-abortable-preclean-start]
54324.575: [GC 54324.575: [ParNew: 227371K->12700K(235968K), 0.0203269 secs] 952424K->737753K(1022400K), 0.0205143 secs] [Times: user=0.13 sys=0.00, real=0.02 secs] 
CMS: abort preclean due to time 2010-04-21T09:48:53.863+0100: 54324.737: [CMS-concurrent-abortable-preclean: 4.110/5.130 secs] [Times: user=6.86 sys=1.30, real=5.12 secs] 
54324.738: [GC[YG occupancy: 31017 K (235968 K)]54324.738: [Rescan (parallel) , 0.0092185 secs]54324.748: [weak refs processing, 0.0004115 secs] [1 CMS-remark: 725052K(786432K)] 756070K(1022400K), 0.0097795 secs] [Times: user=0.11 sys=0.00, real=0.02 secs] 
54324.748: [CMS-concurrent-sweep-start]
54325.729: [CMS-concurrent-sweep: 0.981/0.981 secs] [Times: user=2.33 sys=0.05, real=0.98 secs] 
54325.729: [CMS-concurrent-reset-start]
54325.749: [CMS-concurrent-reset: 0.019/0.019 secs] [Times: user=0.03 sys=0.00, real=0.02 secs] 
54326.842: [GC 54326.842: [ParNew: 222492K->20770K(235968K), 0.0309548 secs] 650801K->449079K(1022400K), 0.0311257 secs] [Times: user=0.25 sys=0.00, real=0.03 secs] 
54332.067: [GC 54332.067: [ParNew: 230562K->16570K(235968K), 0.0223945 secs] 658871K->446989K(1022400K), 0.0225786 secs] [Times: user=0.13 sys=0.01, real=0.03 secs] 
54335.027: [GC 54335.028: [ParNew: 226362K->11629K(235968K), 0.0199970 secs] 656781K->442048K(1022400K), 0.0201872 secs] [Times: user=0.13 sys=0.00, real=0.02 secs] 
54339.036: [GC 54339.036: [ParNew: 221421K->17452K(235968K), 0.0264710 secs] 651840K->447871K(1022400K), 0.0266590 secs] [Times: user=0.25 sys=0.00, real=0.03 secs] 
54340.836: [GC 54340.836: [ParNew: 227244K->26176K(235968K), 0.0469088 secs] 657663K->462289K(1022400K), 0.0470979 secs] [Times: user=0.36 sys=0.00, real=0.05 secs] 
54345.001: [GC 54345.001: [ParNew: 235968K->22270K(235968K), 0.0333308 secs] 672081K->461011K(1022400K), 0.0335015 secs] [Times: user=0.25 sys=0.00, real=0.03 secs] 
54349.570: [GC 54349.570: [ParNew: 232062K->17222K(235968K), 0.0316498 secs] 670803K->460259K(1022400K), 0.0318367 secs] [Times: user=0.25 sys=0.00, real=0.03 secs] 
54352.904: [GC 54352.904: [ParNew: 227014K->12659K(235968K), 0.0221819 secs] 670051K->455695K(1022400K), 0.0223621 secs] [Times: user=0.13 sys=0.00, real=0.02 secs] 
54357.539: [GC 54357.540: [ParNew: 222451K->15866K(235968K), 0.0251144 secs] 665487K->458902K(1022400K), 0.0252929 secs] [Times: user=0.25 sys=0.00, real=0.03 secs] 
54362.805: [GC 54362.805: [ParNew: 223731K->19759K(235968K), 0.0240556 secs] 666767K->462796K(1022400K), 0.0242254 secs] [Times: user=0.25 sys=0.00, real=0.03 secs] 
54368.335: [GC 54368.335: [ParNew: 229551K->18492K(235968K), 0.0262369 secs] 672588K->461661K(1022400K), 0.0264221 secs] [Times: user=0.25 sys=0.00, real=0.03 secs] 
54371.943: [GC 54371.943: [ParNew: 228284K->24147K(235968K), 0.0320482 secs] 671453K->467641K(1022400K), 0.0322399 secs] [Times: user=0.25 sys=0.00, real=0.03 secs] 
54375.854: [GC 54375.854: [ParNew: 233939K->20108K(235968K), 0.0426850 secs] 677433K->467178K(1022400K), 0.0428722 secs] [Times: user=0.25 sys=0.00, real=0.03 secs] 
54377.420: [GC 54377.420: [ParNew: 229900K->26176K(235968K), 0.1399636 secs] 676970K->498539K(1022400K), 0.1401524 secs] [Times: user=0.91 sys=0.00, real=0.14 secs] 
54379.710: [GC 54379.710: [ParNew: 235968K->26176K(235968K), 0.2042768 secs] 708331K->543277K(1022400K), 0.2044439 secs] [Times: user=1.19 sys=0.05, real=0.20 secs] 
54382.843: [GC 54382.844: [ParNew: 235968K->26176K(235968K), 0.0891918 secs] 753069K->568933K(1022400K), 0.0893831 secs] [Times: user=0.50 sys=0.00, real=0.09 secs] 
54384.884: [GC 54384.884: [ParNew: 235968K->23207K(235968K), 0.0558454 secs] 778725K->578150K(1022400K), 0.0560381 secs] [Times: user=0.39 sys=0.00, real=0.06 secs] 
54387.472: [GC 54387.472: [ParNew: 232999K->26176K(235968K), 0.0496197 secs] 787942K->592156K(1022400K), 0.0497859 secs] [Times: user=0.38 sys=0.00, real=0.05 secs] 
54390.536: [GC 54390.537: [ParNew: 235968K->18202K(235968K), 0.0331693 secs] 801948K->591976K(1022400K), 0.0333548 secs] [Times: user=0.22 sys=0.00, real=0.03 secs] 
54394.789: [GC 54394.790: [ParNew: 227994K->23305K(235968K), 0.0255192 secs] 801768K->597079K(1022400K), 0.0256792 secs] [Times: user=0.25 sys=0.00, real=0.03 secs] 
54399.836: [GC 54399.836: [ParNew: 233097K->15295K(235968K), 0.0309260 secs] 806871K->595411K(1022400K), 0.0311162 secs] [Times: user=0.25 sys=0.00, real=0.03 secs] 
54404.771: [GC 54404.771: [ParNew: 225087K->13159K(235968K), 0.0196771 secs] 805203K->593275K(1022400K), 0.0198606 secs] [Times: user=0.13 sys=0.00, real=0.01 secs] 
54413.032: [GC 54413.032: [ParNew: 222951K->15906K(235968K), 0.0258050 secs] 803067K->596022K(1022400K), 0.0259927 secs] [Times: user=0.13 sys=0.00, real=0.03 secs] 
54415.580: [GC 54415.580: [ParNew: 225698K->26176K(235968K), 0.0454091 secs] 805814K->606945K(1022400K), 0.0455994 secs] [Times: user=0.38 sys=0.00, real=0.05 secs] 
54417.324: [GC 54417.324: [ParNew: 235968K->26176K(235968K), 0.0652091 secs] 816737K->618449K(1022400K), 0.0653955 secs] [Times: user=0.39 sys=0.00, real=0.06 secs] 
54419.705: [GC 54419.705: [ParNew: 235968K->22160K(235968K), 0.0330782 secs] 828241K->619730K(1022400K), 0.0332576 secs] [Times: user=0.25 sys=0.00, real=0.03 secs] 
54424.327: [GC 54424.327: [ParNew: 231952K->20239K(235968K), 0.0249423 secs] 829522K->617809K(1022400K), 0.0251303 secs] [Times: user=0.13 sys=0.00, real=0.02 secs] 
54427.291: [GC 54427.291: [ParNew: 230031K->18690K(235968K), 0.0338219 secs] 827601K->621929K(1022400K), 0.0340096 secs] [Times: user=0.24 sys=0.00, real=0.05 secs] 
54430.471: [GC 54430.471: [ParNew: 228482K->15339K(235968K), 0.0240553 secs] 831721K->620890K(1022400K), 0.0242489 secs] [Times: user=0.14 sys=0.00, real=0.03 secs] 
54433.165: [GC 54433.166: [ParNew: 225131K->24945K(235968K), 0.0423328 secs] 830682K->630496K(1022400K), 0.0425199 secs] [Times: user=0.38 sys=0.00, real=0.05 secs] 
54438.212: [GC 54438.212: [ParNew: 234737K->16467K(235968K), 0.0345664 secs] 840288K->627683K(1022400K), 0.0347550 secs] [Times: user=0.27 sys=0.00, real=0.05 secs] 
54442.735: [GC 54442.735: [ParNew: 226259K->19260K(235968K), 0.0321655 secs] 837475K->630476K(1022400K), 0.0323281 secs] [Times: user=0.23 sys=0.02, real=0.03 secs] 
54444.603: [GC 54444.603: [ParNew: 229052K->26176K(235968K), 0.0461958 secs] 840268K->642850K(1022400K), 0.0463917 secs] [Times: user=0.38 sys=0.00, real=0.05 secs] 
54446.365: [GC 54446.365: [ParNew: 235968K->22053K(235968K), 0.0379724 secs] 852642K->644419K(1022400K), 0.0381630 secs] [Times: user=0.27 sys=0.00, real=0.05 secs] 
54451.545: [GC 54451.546: [ParNew: 231845K->16185K(235968K), 0.0242338 secs] 854211K->643889K(1022400K), 0.0244246 secs] [Times: user=0.13 sys=0.00, real=0.02 secs] 
54456.114: [GC 54456.114: [ParNew: 225977K->17563K(235968K), 0.0234278 secs] 853681K->645267K(1022400K), 0.0236072 secs] [Times: user=0.25 sys=0.00, real=0.03 secs] 
54458.823: [GC 54458.823: [ParNew: 227355K->25089K(235968K), 0.0351128 secs] 855059K->656162K(1022400K), 0.0352997 secs] [Times: user=0.36 sys=0.00, real=0.05 secs] 
54461.695: [GC 54461.695: [ParNew: 234881K->19149K(235968K), 0.0312766 secs] 865954K->653427K(1022400K), 0.0314599 secs] [Times: user=0.23 sys=0.00, real=0.03 secs] 
54465.022: [GC 54465.022: [ParNew: 228941K->15388K(235968K), 0.0273920 secs] 863219K->649666K(1022400K), 0.0275736 secs] [Times: user=0.25 sys=0.00, real=0.03 secs] 
54470.477: [GC 54470.477: [ParNew: 225180K->10606K(235968K), 0.0190108 secs] 859458K->644884K(1022400K), 0.0191960 secs] [Times: user=0.13 sys=0.00, real=0.03 secs] 
54474.372: [GC 54474.372: [ParNew: 220398K->22235K(235968K), 0.0375735 secs] 854676K->656514K(1022400K), 0.0377584 secs] [Times: user=0.25 sys=0.00, real=0.03 secs] 
54476.362: [GC 54476.362: [ParNew: 232027K->26176K(235968K), 0.0612170 secs] 866306K->666388K(1022400K), 0.0613835 secs] [Times: user=0.38 sys=0.00, real=0.06 secs] 
54480.991: [GC 54480.991: [ParNew: 235968K->23822K(235968K), 0.0373000 secs] 876180K->668383K(1022400K), 0.0374682 secs] [Times: user=0.26 sys=0.00, real=0.05 secs] 
54486.044: [GC 54486.045: [ParNew: 233614K->16742K(235968K), 0.0172863 secs] 878175K->663286K(1022400K), 0.0174804 secs] [Times: user=0.13 sys=0.00, real=0.02 secs] 
54490.166: [GC 54490.166: [ParNew: 226534K->10428K(235968K), 0.0248652 secs] 873078K->656972K(1022400K), 0.0250272 secs] [Times: user=0.25 sys=0.00, real=0.03 secs] 
54496.427: [GC 54496.427: [ParNew: 220220K->9428K(235968K), 0.0236114 secs] 866764K->655972K(1022400K), 0.0237910 secs] [Times: user=0.25 sys=0.00, real=0.03 secs] 
54502.656: [GC 54502.656: [ParNew: 219220K->12891K(235968K), 0.0281259 secs] 865764K->659435K(1022400K), 0.0283156 secs] [Times: user=0.13 sys=0.00, real=0.03 secs] 
54506.617: [GC 54506.617: [ParNew: 222683K->17028K(235968K), 0.0427356 secs] 869227K->663916K(1022400K), 0.0428976 secs] [Times: user=0.38 sys=0.00, real=0.05 secs] 
54511.512: [GC 54511.512: [ParNew: 226820K->21906K(235968K), 0.0280625 secs] 873708K->668883K(1022400K), 0.0282293 secs] [Times: user=0.13 sys=0.00, real=0.02 secs] 
54515.608: [GC 54515.608: [ParNew: 231699K->13239K(235968K), 0.0266162 secs] 878676K->663150K(1022400K), 0.0267805 secs] [Times: user=0.13 sys=0.00, real=0.02 secs] 
54515.636: [GC 54515.636: [ParNew: 13263K->8230K(235968K), 0.0146041 secs] 663174K->658141K(1022400K), 0.0147798 secs] [Times: user=0.13 sys=0.00, real=0.01 secs] 
54517.976: [GC 54517.976: [ParNew: 218022K->22131K(235968K), 0.0450320 secs] 867933K->672169K(1022400K), 0.0451949 secs] [Times: user=0.38 sys=0.00, real=0.05 secs] 
54520.411: [GC 54520.411: [ParNew: 231923K->16212K(235968K), 0.0300122 secs] 881961K->670434K(1022400K), 0.0301837 secs] [Times: user=0.22 sys=0.03, real=0.03 secs] 
54525.102: [GC 54525.102: [ParNew: 226004K->11941K(235968K), 0.0179710 secs] 880226K->666163K(1022400K), 0.0181328 secs] [Times: user=0.13 sys=0.00, real=0.02 secs] 
54533.898: [GC 54533.898: [ParNew: 221733K->16827K(235968K), 0.0253041 secs] 875955K->671049K(1022400K), 0.0254929 secs] [Times: user=0.25 sys=0.00, real=0.03 secs] 
54536.086: [GC 54536.086: [ParNew: 226619K->26176K(235968K), 0.0472521 secs] 880841K->682677K(1022400K), 0.0474446 secs] [Times: user=0.38 sys=0.00, real=0.05 secs] 
54541.431: [GC 54541.431: [ParNew: 235968K->22385K(235968K), 0.0418620 secs] 892469K->688661K(1022400K), 0.0420255 secs] [Times: user=0.27 sys=0.00, real=0.05 secs] 
54548.555: [GC 54548.555: [ParNew: 232177K->18545K(235968K), 0.0227481 secs] 898453K->684822K(1022400K), 0.0229420 secs] [Times: user=0.25 sys=0.00, real=0.03 secs] 
54550.528: [GC 54550.528: [ParNew: 228337K->26176K(235968K), 0.1867749 secs] 894614K->723892K(1022400K), 0.1869712 secs] [Times: user=1.16 sys=0.00, real=0.17 secs] 
54552.780: [GC 54552.780: [ParNew (promotion failed): 235968K->235968K(235968K), 1.6036007 secs]54554.384: [CMS: 743533K->486928K(786432K), 4.4472675 secs] 933684K->486928K(1022400K), [CMS Perm : 23212K->23210K(38736K)], 6.0511154 secs] [Times: user=7.14 sys=0.22, real=6.05 secs] 
54560.919: [GC 54560.919: [ParNew: 209792K->26176K(235968K), 0.0346058 secs] 696720K->513450K(1022400K), 0.0347941 secs] [Times: user=0.25 sys=0.00, real=0.03 secs] 
54562.452: [GC 54562.453: [ParNew: 235968K->26176K(235968K), 0.0743136 secs] 723242K->533181K(1022400K), 0.0744908 secs] [Times: user=0.47 sys=0.01, real=0.06 secs] 
54564.521: [GC 54564.521: [ParNew: 235968K->21790K(235968K), 0.0509573 secs] 742973K->540321K(1022400K), 0.0511506 secs] [Times: user=0.34 sys=0.00, real=0.05 secs] 
54567.140: [GC 54567.140: [ParNew: 231582K->25167K(235968K), 0.0462145 secs] 750113K->553559K(1022400K), 0.0463838 secs] [Times: user=0.25 sys=0.00, real=0.05 secs] 
54569.898: [GC 54569.899: [ParNew: 234959K->18460K(235968K), 0.0317247 secs] 763351K->553048K(1022400K), 0.0319113 secs] [Times: user=0.25 sys=0.00, real=0.03 secs] 
54574.627: [GC 54574.627: [ParNew: 228252K->25033K(235968K), 0.0252465 secs] 762840K->559621K(1022400K), 0.0254348 secs] [Times: user=0.13 sys=0.00, real=0.02 secs] 
54577.298: [GC 54577.298: [ParNew: 234825K->16475K(235968K), 0.0408644 secs] 769413K->559645K(1022400K), 0.0410561 secs] [Times: user=0.25 sys=0.00, real=0.03 secs] 
54583.555: [GC 54583.555: [ParNew: 226267K->13438K(235968K), 0.0187775 secs] 769437K->556607K(1022400K), 0.0189384 secs] [Times: user=0.13 sys=0.00, real=0.01 secs] 
54593.664: [GC 54593.664: [ParNew: 223230K->13790K(235968K), 0.0185901 secs] 766399K->556959K(1022400K), 0.0187549 secs] [Times: user=0.13 sys=0.00, real=0.02 secs] 
54598.552: [GC 54598.552: [ParNew: 223582K->11092K(235968K), 0.0243324 secs] 766751K->554261K(1022400K), 0.0245012 secs] [Times: user=0.23 sys=0.01, real=0.03 secs] 
54602.588: [GC 54602.588: [ParNew: 220884K->18206K(235968K), 0.0249981 secs] 764053K->561483K(1022400K), 0.0251803 secs] [Times: user=0.25 sys=0.00, real=0.03 secs] 
54610.059: [GC 54610.059: [ParNew: 227998K->11200K(235968K), 0.0182699 secs] 771275K->554903K(1022400K), 0.0184403 secs] [Times: user=0.13 sys=0.02, real=0.03 secs] 
54617.465: [GC 54617.465: [ParNew: 220992K->18981K(235968K), 0.0287640 secs] 764695K->563189K(1022400K), 0.0289439 secs] [Times: user=0.25 sys=0.00, real=0.03 secs] 
54623.101: [GC 54623.101: [ParNew: 228773K->14303K(235968K), 0.0253432 secs] 772981K->562213K(1022400K), 0.0255058 secs] [Times: user=0.25 sys=0.00, real=0.03 secs] 
54629.199: [GC 54629.199: [ParNew: 224095K->15239K(235968K), 0.0208186 secs] 772005K->563150K(1022400K), 0.0210091 secs] [Times: user=0.25 sys=0.00, real=0.03 secs] 
54631.572: [GC 54631.572: [ParNew: 225031K->23763K(235968K), 0.0307902 secs] 772942K->571674K(1022400K), 0.0309598 secs] [Times: user=0.25 sys=0.00, real=0.03 secs] 
54633.554: [GC 54633.554: [ParNew: 233555K->26176K(235968K), 0.0449130 secs] 781466K->579771K(1022400K), 0.0451186 secs] [Times: user=0.38 sys=0.00, real=0.05 secs] 
54635.834: [GC 54635.834: [ParNew: 235968K->21318K(235968K), 0.0345653 secs] 789563K->579091K(1022400K), 0.0347293 secs] [Times: user=0.25 sys=0.00, real=0.03 secs] 
54637.970: [GC 54637.970: [ParNew: 231110K->20240K(235968K), 0.0381459 secs] 788883K->584561K(1022400K), 0.0383278 secs] [Times: user=0.25 sys=0.00, real=0.03 secs] 
54640.492: [GC 54640.492: [ParNew: 230032K->19488K(235968K), 0.0332168 secs] 794353K->588358K(1022400K), 0.0334082 secs] [Times: user=0.25 sys=0.00, real=0.03 secs] 
54643.834: [GC 54643.834: [ParNew: 229280K->16873K(235968K), 0.0288534 secs] 798150K->590085K(1022400K), 0.0290389 secs] [Times: user=0.25 sys=0.00, real=0.03 secs] 
54646.832: [GC 54646.832: [ParNew: 226665K->20918K(235968K), 0.0235932 secs] 799877K->594131K(1022400K), 0.0237843 secs] [Times: user=0.13 sys=0.00, real=0.02 secs] 
54650.506: [GC 54650.506: [ParNew: 230710K->13831K(235968K), 0.0216958 secs] 803923K->588227K(1022400K), 0.0218869 secs] [Times: user=0.13 sys=0.00, real=0.02 secs] 
54653.874: [GC 54653.874: [ParNew: 223623K->22338K(235968K), 0.0275038 secs] 798019K->596734K(1022400K), 0.0276890 secs] [Times: user=0.13 sys=0.00, real=0.02 secs] 
54657.653: [GC 54657.653: [ParNew: 232130K->15291K(235968K), 0.0165052 secs] 806526K->591101K(1022400K), 0.0166988 secs] [Times: user=0.14 sys=0.00, real=0.03 secs] 
54660.201: [GC 54660.201: [ParNew: 225083K->20105K(235968K), 0.0338074 secs] 800893K->595916K(1022400K), 0.0339697 secs] [Times: user=0.20 sys=0.03, real=0.03 secs] 
54662.071: [GC 54662.071: [ParNew: 229897K->26176K(235968K), 0.0389455 secs] 805708K->606337K(1022400K), 0.0391117 secs] [Times: user=0.26 sys=0.00, real=0.05 secs] 
54664.192: [GC 54664.192: [ParNew: 235968K->20821K(235968K), 0.0341270 secs] 816129K->605503K(1022400K), 0.0342896 secs] [Times: user=0.25 sys=0.00, real=0.03 secs] 
54671.970: [GC 54671.971: [ParNew: 230613K->14764K(235968K), 0.0215125 secs] 815295K->603812K(1022400K), 0.0217000 secs] [Times: user=0.09 sys=0.01, real=0.02 secs] 
54676.952: [GC 54676.952: [ParNew: 224556K->21289K(235968K), 0.0342524 secs] 813604K->610337K(1022400K), 0.0344468 secs] [Times: user=0.20 sys=0.05, real=0.03 secs] 
54684.337: [GC 54684.337: [ParNew: 231081K->15199K(235968K), 0.0252557 secs] 820129K->608408K(1022400K), 0.0254273 secs] [Times: user=0.23 sys=0.02, real=0.03 secs] 
54687.582: [GC 54687.583: [ParNew: 224991K->15397K(235968K), 0.0242900 secs] 818200K->608606K(1022400K), 0.0244595 secs] [Times: user=0.13 sys=0.00, real=0.01 secs] 
54694.738: [GC 54694.738: [ParNew: 225189K->10438K(235968K), 0.0175201 secs] 818398K->603647K(1022400K), 0.0177014 secs] [Times: user=0.13 sys=0.00, real=0.02 secs] 
54701.865: [GC 54701.865: [ParNew: 220231K->9154K(235968K), 0.0147242 secs] 813439K->602363K(1022400K), 0.0149050 secs] [Times: user=0.13 sys=0.00, real=0.02 secs] 
54709.344: [GC 54709.344: [ParNew: 218946K->11035K(235968K), 0.0279373 secs] 812155K->604932K(1022400K), 0.0280980 secs] [Times: user=0.13 sys=0.00, real=0.02 secs] 
54715.418: [GC 54715.418: [ParNew: 220827K->12474K(235968K), 0.0173544 secs] 814724K->606449K(1022400K), 0.0175179 secs] [Times: user=0.14 sys=0.00, real=0.03 secs] 
54721.393: [GC 54721.393: [ParNew: 222266K->17000K(235968K), 0.0265880 secs] 816241K->611164K(1022400K), 0.0267635 secs] [Times: user=0.13 sys=0.00, real=0.01 secs] 
54724.710: [GC 54724.710: [ParNew: 226792K->12549K(235968K), 0.0208230 secs] 820956K->607196K(1022400K), 0.0210016 secs] [Times: user=0.13 sys=0.00, real=0.02 secs] 
54729.427: [GC 54729.427: [ParNew: 222341K->18555K(235968K), 0.0315660 secs] 816988K->613201K(1022400K), 0.0317588 secs] [Times: user=0.25 sys=0.00, real=0.03 secs] 
54733.606: [GC 54733.606: [ParNew: 228347K->11795K(235968K), 0.0205571 secs] 822993K->606963K(1022400K), 0.0207398 secs] [Times: user=0.19 sys=0.03, real=0.03 secs] 
54739.152: [GC 54739.153: [ParNew: 221587K->15724K(235968K), 0.0364960 secs] 816755K->611894K(1022400K), 0.0366829 secs] [Times: user=0.34 sys=0.03, real=0.05 secs] 
54743.945: [GC 54743.945: [ParNew: 225516K->12407K(235968K), 0.0216338 secs] 821686K->609683K(1022400K), 0.0218022 secs] [Times: user=0.13 sys=0.00, real=0.02 secs] 
54751.595: [GC 54751.595: [ParNew: 222199K->9613K(235968K), 0.0161954 secs] 819475K->607014K(1022400K), 0.0163557 secs] [Times: user=0.11 sys=0.02, real=0.02 secs] 
54759.090: [GC 54759.090: [ParNew: 219405K->18012K(235968K), 0.0343317 secs] 816806K->615860K(1022400K), 0.0345086 secs] [Times: user=0.27 sys=0.00, real=0.05 secs] 
54763.816: [GC 54763.816: [ParNew: 227804K->12906K(235968K), 0.0319412 secs] 825652K->614559K(1022400K), 0.0321334 secs] [Times: user=0.23 sys=0.02, real=0.03 secs] 
54768.055: [GC 54768.055: [ParNew: 222702K->12777K(235968K), 0.0242520 secs] 824355K->614430K(1022400K), 0.0244162 secs] [Times: user=0.19 sys=0.06, real=0.03 secs] 
54773.187: [GC 54773.187: [ParNew: 222569K->12452K(235968K), 0.0171156 secs] 824222K->614106K(1022400K), 0.0172821 secs] [Times: user=0.13 sys=0.00, real=0.01 secs] 
54781.748: [GC 54781.748: [ParNew: 222244K->14650K(235968K), 0.0235496 secs] 823898K->616303K(1022400K), 0.0237287 secs] [Times: user=0.25 sys=0.00, real=0.03 secs] 
54786.774: [GC 54786.774: [ParNew: 224442K->17346K(235968K), 0.0341971 secs] 826095K->619734K(1022400K), 0.0343614 secs] [Times: user=0.25 sys=0.00, real=0.03 secs] 
54791.599: [GC 54791.600: [ParNew: 227138K->23965K(235968K), 0.0298490 secs] 829526K->626401K(1022400K), 0.0300329 secs] [Times: user=0.25 sys=0.00, real=0.03 secs] 
54797.010: [GC 54797.010: [ParNew: 233757K->15867K(235968K), 0.0348114 secs] 836193K->622212K(1022400K), 0.0350008 secs] [Times: user=0.25 sys=0.00, real=0.03 secs] 
54800.665: [GC 54800.665: [ParNew: 225659K->17282K(235968K), 0.0240349 secs] 832004K->623627K(1022400K), 0.0242148 secs] [Times: user=0.25 sys=0.00, real=0.03 secs] 
54809.369: [GC 54809.369: [ParNew: 227074K->11801K(235968K), 0.0182110 secs] 833419K->619032K(1022400K), 0.0185040 secs] [Times: user=0.13 sys=0.00, real=0.02 secs] 
54817.454: [GC 54817.454: [ParNew: 221593K->8259K(235968K), 0.0173882 secs] 828824K->615490K(1022400K), 0.0175464 secs] [Times: user=0.13 sys=0.00, real=0.02 secs] 
54823.407: [GC 54823.407: [ParNew: 218051K->17325K(235968K), 0.0233250 secs] 825282K->624556K(1022400K), 0.0235097 secs] [Times: user=0.13 sys=0.00, real=0.02 secs] 
54826.652: [GC 54826.652: [ParNew: 227117K->14126K(235968K), 0.0257664 secs] 834348K->621849K(1022400K), 0.0259561 secs] [Times: user=0.25 sys=0.00, real=0.03 secs] 
54834.424: [GC 54834.424: [ParNew: 223918K->13145K(235968K), 0.0207205 secs] 831641K->620948K(1022400K), 0.0208789 secs] [Times: user=0.13 sys=0.00, real=0.02 secs] 
54847.043: [GC 54847.043: [ParNew: 222937K->9775K(235968K), 0.0224487 secs] 830740K->619670K(1022400K), 0.0226378 secs] [Times: user=0.25 sys=0.00, real=0.03 secs] 
54851.311: [GC 54851.311: [ParNew: 219567K->10315K(235968K), 0.0216787 secs] 829462K->620573K(1022400K), 0.0218779 secs] [Times: user=0.23 sys=0.00, real=0.03 secs] 
54857.499: [GC 54857.499: [ParNew: 220107K->16211K(235968K), 0.0309117 secs] 830365K->626516K(1022400K), 0.0310925 secs] [Times: user=0.25 sys=0.00, real=0.03 secs] 
54860.610: [GC 54860.610: [ParNew: 226003K->21537K(235968K), 0.0328525 secs] 836308K->632074K(1022400K), 0.0330129 secs] [Times: user=0.25 sys=0.00, real=0.03 secs] 
54865.873: [GC 54865.873: [ParNew: 231329K->16201K(235968K), 0.0267431 secs] 841866K->630008K(1022400K), 0.0269059 secs] [Times: user=0.25 sys=0.00, real=0.03 secs] 
54872.254: [GC 54872.254: [ParNew: 225993K->17646K(235968K), 0.0261645 secs] 839800K->631453K(1022400K), 0.0263550 secs] [Times: user=0.13 sys=0.00, real=0.02 secs] 
54877.584: [GC 54877.584: [ParNew: 227438K->20679K(235968K), 0.0378475 secs] 841245K->638030K(1022400K), 0.0380425 secs] [Times: user=0.25 sys=0.00, real=0.03 secs] 
54883.548: [GC 54883.548: [ParNew: 230471K->15049K(235968K), 0.0234359 secs] 847822K->632845K(1022400K), 0.0236231 secs] [Times: user=0.13 sys=0.00, real=0.02 secs] 
54889.159: [GC 54889.159: [ParNew: 224841K->11879K(235968K), 0.0180333 secs] 842637K->629676K(1022400K), 0.0182115 secs] [Times: user=0.13 sys=0.00, real=0.02 secs] 
54896.565: [GC 54896.566: [ParNew: 221671K->12230K(235968K), 0.0186999 secs] 839468K->630027K(1022400K), 0.0188968 secs] [Times: user=0.13 sys=0.00, real=0.02 secs] 
54902.383: [GC 54902.383: [ParNew: 222022K->14657K(235968K), 0.0217768 secs] 839819K->632453K(1022400K), 0.0219615 secs] [Times: user=0.13 sys=0.00, real=0.02 secs] 
54910.787: [GC 54910.787: [ParNew: 224449K->15851K(235968K), 0.0229887 secs] 842245K->634061K(1022400K), 0.0231443 secs] [Times: user=0.13 sys=0.00, real=0.01 secs] 
54915.066: [GC 54915.066: [ParNew: 225643K->23864K(235968K), 0.0449585 secs] 843853K->642447K(1022400K), 0.0451418 secs] [Times: user=0.34 sys=0.03, real=0.05 secs] 
54923.077: [GC 54923.077: [ParNew: 233656K->14309K(235968K), 0.0153374 secs] 852239K->633271K(1022400K), 0.0154978 secs] [Times: user=0.13 sys=0.00, real=0.02 secs] 
54932.538: [GC 54932.538: [ParNew: 224101K->15335K(235968K), 0.0252286 secs] 843063K->634296K(1022400K), 0.0253957 secs] [Times: user=0.14 sys=0.00, real=0.03 secs] 
54940.023: [GC 54940.023: [ParNew: 225127K->12838K(235968K), 0.0193756 secs] 844088K->632246K(1022400K), 0.0195514 secs] [Times: user=0.13 sys=0.00, real=0.01 secs] 
54947.250: [GC 54947.250: [ParNew: 222630K->21464K(235968K), 0.0355045 secs] 842038K->640873K(1022400K), 0.0356612 secs] [Times: user=0.36 sys=0.01, real=0.05 secs] 
54952.166: [GC 54952.166: [ParNew: 231256K->18517K(235968K), 0.0311271 secs] 850665K->640960K(1022400K), 0.0313364 secs] [Times: user=0.25 sys=0.00, real=0.03 secs] 
54955.915: [GC 54955.915: [ParNew: 228309K->17146K(235968K), 0.0220070 secs] 850752K->639590K(1022400K), 0.0221757 secs] [Times: user=0.13 sys=0.00, real=0.02 secs] 
54958.909: [GC 54958.909: [ParNew: 226938K->14094K(235968K), 0.0229300 secs] 849382K->636537K(1022400K), 0.0231186 secs] [Times: user=0.13 sys=0.00, real=0.02 secs] 
54962.832: [GC 54962.832: [ParNew: 223886K->20367K(235968K), 0.0263651 secs] 846329K->642810K(1022400K), 0.0265523 secs] [Times: user=0.13 sys=0.00, real=0.02 secs] 
54964.763: [GC 54964.764: [ParNew: 230159K->26176K(235968K), 0.0462123 secs] 852602K->654680K(1022400K), 0.0464093 secs] [Times: user=0.38 sys=0.00, real=0.05 secs] 
54969.133: [GC 54969.133: [ParNew: 235968K->16580K(235968K), 0.0293336 secs] 864472K->647989K(1022400K), 0.0295191 secs] [Times: user=0.25 sys=0.00, real=0.03 secs] 
54974.425: [GC 54974.425: [ParNew: 226372K->13044K(235968K), 0.0157570 secs] 857781K->644453K(1022400K), 0.0159104 secs] [Times: user=0.13 sys=0.00, real=0.02 secs] 
54977.742: [GC 54977.742: [ParNew: 222836K->26176K(235968K), 0.0413681 secs] 854245K->658899K(1022400K), 0.0415732 secs] [Times: user=0.25 sys=0.00, real=0.05 secs] 
54982.180: [GC 54982.180: [ParNew: 235968K->21412K(235968K), 0.0346466 secs] 868691K->660579K(1022400K), 0.0348393 secs] [Times: user=0.25 sys=0.00, real=0.03 secs] 
54988.485: [GC 54988.485: [ParNew: 231204K->8819K(235968K), 0.0143622 secs] 870371K->647986K(1022400K), 0.0145217 secs] [Times: user=0.13 sys=0.00, real=0.02 secs] 
54993.077: [GC 54993.077: [ParNew: 218611K->14672K(235968K), 0.0243333 secs] 857778K->653839K(1022400K), 0.0245165 secs] [Times: user=0.25 sys=0.00, real=0.03 secs] 
54995.816: [GC 54995.816: [ParNew: 224464K->26176K(235968K), 0.0502947 secs] 863631K->665511K(1022400K), 0.0504765 secs] [Times: user=0.36 sys=0.02, real=0.05 secs] 
55000.868: [GC 55000.868: [ParNew: 235968K->19721K(235968K), 0.0313635 secs] 875303K->662899K(1022400K), 0.0315529 secs] [Times: user=0.25 sys=0.00, real=0.03 secs] 
55004.679: [GC 55004.679: [ParNew: 229513K->13769K(235968K), 0.0242106 secs] 872691K->656947K(1022400K), 0.0243930 secs] [Times: user=0.13 sys=0.00, real=0.02 secs] 
55008.886: [GC 55008.886: [ParNew: 223561K->9781K(235968K), 0.0161859 secs] 866739K->652960K(1022400K), 0.0163484 secs] [Times: user=0.13 sys=0.00, real=0.02 secs] 
55014.953: [GC 55014.953: [ParNew: 219573K->15739K(235968K), 0.0249009 secs] 862752K->658917K(1022400K), 0.0250903 secs] [Times: user=0.25 sys=0.00, real=0.03 secs] 
55020.625: [GC 55020.625: [ParNew: 225531K->19683K(235968K), 0.0274803 secs] 868709K->662928K(1022400K), 0.0276616 secs] [Times: user=0.25 sys=0.00, real=0.03 secs] 
55029.456: [GC 55029.456: [ParNew: 229475K->25896K(235968K), 0.0281460 secs] 872720K->669519K(1022400K), 0.0283327 secs] [Times: user=0.13 sys=0.00, real=0.02 secs] 
55037.774: [GC 55037.774: [ParNew: 235688K->26176K(235968K), 0.0283899 secs] 879311K->674009K(1022400K), 0.0285816 secs] [Times: user=0.25 sys=0.00, real=0.03 secs] 
55039.332: [GC 55039.332: [ParNew: 235968K->26176K(235968K), 0.0771718 secs] 883801K->709695K(1022400K), 0.0773654 secs] [Times: user=0.45 sys=0.05, real=0.08 secs] 
55040.746: [GC 55040.746: [ParNew: 235968K->26176K(235968K), 0.1638454 secs] 919487K->750693K(1022400K), 0.1640387 secs] [Times: user=1.03 sys=0.00, real=0.17 secs] 
55040.911: [GC [1 CMS-initial-mark: 724517K(786432K)] 750707K(1022400K), 0.0427655 secs] [Times: user=0.03 sys=0.00, real=0.03 secs] 
55040.954: [CMS-concurrent-mark-start]
55042.567: [CMS-concurrent-mark: 1.613/1.613 secs] [Times: user=5.97 sys=0.03, real=1.63 secs] 
55042.567: [CMS-concurrent-preclean-start]
55042.660: [CMS-concurrent-preclean: 0.071/0.093 secs] [Times: user=0.14 sys=0.05, real=0.09 secs] 
55042.660: [CMS-concurrent-abortable-preclean-start]
55042.982: [GC 55042.982: [ParNew: 235968K->26176K(235968K), 0.1257272 secs] 960485K->781681K(1022400K), 0.1258917 secs] [Times: user=0.78 sys=0.00, real=0.13 secs] 
55043.412: [CMS-concurrent-abortable-preclean: 0.536/0.752 secs] [Times: user=1.75 sys=0.20, real=0.75 secs] 
55043.413: [GC[YG occupancy: 54706 K (235968 K)]55043.413: [Rescan (parallel) , 0.0151603 secs]55043.428: [weak refs processing, 0.0003662 secs] [1 CMS-remark: 755505K(786432K)] 810211K(1022400K), 0.0156458 secs] [Times: user=0.13 sys=0.00, real=0.02 secs] 
55043.429: [CMS-concurrent-sweep-start]
55044.306: [CMS-concurrent-sweep: 0.877/0.877 secs] [Times: user=1.61 sys=0.00, real=0.88 secs] 
55044.306: [CMS-concurrent-reset-start]
55044.326: [CMS-concurrent-reset: 0.019/0.019 secs] [Times: user=0.03 sys=0.00, real=0.01 secs] 
55045.419: [GC 55045.420: [ParNew: 235968K->24256K(235968K), 0.0632287 secs] 724680K->532812K(1022400K), 0.0634055 secs] [Times: user=0.39 sys=0.00, real=0.06 secs] 
55047.023: [GC 55047.024: [ParNew: 234048K->26176K(235968K), 0.0772509 secs] 742604K->555689K(1022400K), 0.0774503 secs] [Times: user=0.52 sys=0.00, real=0.08 secs] 
55050.502: [GC 55050.502: [ParNew: 235968K->26176K(235968K), 0.0663716 secs] 765481K->572612K(1022400K), 0.0665663 secs] [Times: user=0.38 sys=0.01, real=0.06 secs] 
55052.149: [GC 55052.149: [ParNew: 235968K->26176K(235968K), 0.0512560 secs] 782404K->585764K(1022400K), 0.0514275 secs] [Times: user=0.27 sys=0.02, real=0.05 secs] 
55053.238: [GC 55053.239: [ParNew: 235968K->23984K(235968K), 0.0494337 secs] 795556K->601590K(1022400K), 0.0496203 secs] [Times: user=0.27 sys=0.00, real=0.05 secs] 
55061.805: [GC 55061.805: [ParNew: 233776K->24990K(235968K), 0.0286095 secs] 811382K->602597K(1022400K), 0.0287796 secs] [Times: user=0.25 sys=0.00, real=0.03 secs] 
55064.899: [GC 55064.899: [ParNew: 234782K->21757K(235968K), 0.0436525 secs] 812389K->609330K(1022400K), 0.0438170 secs] [Times: user=0.26 sys=0.00, real=0.05 secs] 
55065.767: [GC 55065.767: [ParNew: 231549K->24107K(235968K), 0.0310352 secs] 819122K->611680K(1022400K), 0.0312045 secs] [Times: user=0.25 sys=0.00, real=0.03 secs] 
55067.840: [GC 55067.840: [ParNew: 233899K->18365K(235968K), 0.0479784 secs] 821472K->611995K(1022400K), 0.0481687 secs] [Times: user=0.38 sys=0.00, real=0.05 secs] 
55071.687: [GC 55071.687: [ParNew: 228157K->21401K(235968K), 0.0411524 secs] 821787K->615032K(1022400K), 0.0413354 secs] [Times: user=0.36 sys=0.01, real=0.05 secs] 
55075.461: [GC 55075.461: [ParNew: 231193K->23194K(235968K), 0.0419243 secs] 824824K->619429K(1022400K), 0.0421140 secs] [Times: user=0.27 sys=0.00, real=0.05 secs] 
55081.903: [GC 55081.903: [ParNew: 232986K->15034K(235968K), 0.0203900 secs] 829221K->612324K(1022400K), 0.0205797 secs] [Times: user=0.13 sys=0.00, real=0.02 secs] 
55088.128: [GC 55088.128: [ParNew: 224826K->13720K(235968K), 0.0220687 secs] 822116K->611010K(1022400K), 0.0222587 secs] [Times: user=0.13 sys=0.00, real=0.02 secs] 
55096.738: [GC 55096.738: [ParNew: 223512K->12418K(235968K), 0.0185616 secs] 820802K->609708K(1022400K), 0.0187415 secs] [Times: user=0.13 sys=0.00, real=0.01 secs] 
55107.779: [GC 55107.779: [ParNew: 222210K->17495K(235968K), 0.0236770 secs] 819500K->615800K(1022400K), 0.0238662 secs] [Times: user=0.25 sys=0.00, real=0.03 secs] 
55111.700: [GC 55111.700: [ParNew: 227287K->14207K(235968K), 0.0270576 secs] 825592K->614173K(1022400K), 0.0272468 secs] [Times: user=0.25 sys=0.00, real=0.03 secs] 
55115.083: [GC 55115.083: [ParNew: 223999K->21401K(235968K), 0.0298161 secs] 823965K->621447K(1022400K), 0.0299949 secs] [Times: user=0.25 sys=0.00, real=0.03 secs] 
55118.392: [GC 55118.392: [ParNew: 231193K->15911K(235968K), 0.0382831 secs] 831239K->622256K(1022400K), 0.0384683 secs] [Times: user=0.25 sys=0.00, real=0.05 secs] 
55120.878: [GC 55120.878: [ParNew: 225703K->26176K(235968K), 0.0382334 secs] 832048K->633148K(1022400K), 0.0384264 secs] [Times: user=0.33 sys=0.01, real=0.05 secs] 
55123.282: [GC 55123.282: [ParNew: 235968K->19905K(235968K), 0.0466565 secs] 842940K->634288K(1022400K), 0.0468456 secs] [Times: user=0.34 sys=0.00, real=0.05 secs] 
55127.259: [GC 55127.259: [ParNew: 229697K->15053K(235968K), 0.0246995 secs] 844080K->632431K(1022400K), 0.0248881 secs] [Times: user=0.13 sys=0.00, real=0.02 secs] 
55130.664: [GC 55130.664: [ParNew: 224845K->14536K(235968K), 0.0216399 secs] 842223K->631914K(1022400K), 0.0218310 secs] [Times: user=0.13 sys=0.00, real=0.02 secs] 
55137.072: [GC 55137.072: [ParNew: 224328K->15098K(235968K), 0.0232124 secs] 841706K->632477K(1022400K), 0.0234016 secs] [Times: user=0.13 sys=0.00, real=0.02 secs] 
55138.944: [GC 55138.944: [ParNew: 224890K->22555K(235968K), 0.0311210 secs] 842269K->639933K(1022400K), 0.0312814 secs] [Times: user=0.25 sys=0.00, real=0.03 secs] 
55144.105: [GC 55144.105: [ParNew: 232347K->16502K(235968K), 0.0326874 secs] 849725K->639707K(1022400K), 0.0328617 secs] [Times: user=0.13 sys=0.00, real=0.03 secs] 
55149.504: [GC 55149.504: [ParNew: 226294K->13421K(235968K), 0.0178087 secs] 849499K->636627K(1022400K), 0.0179978 secs] [Times: user=0.13 sys=0.00, real=0.02 secs] 
55151.997: [GC 55151.998: [ParNew: 223213K->26176K(235968K), 0.0531660 secs] 846419K->649541K(1022400K), 0.0533551 secs] [Times: user=0.28 sys=0.09, real=0.06 secs] 
55155.696: [GC 55155.696: [ParNew: 235968K->19893K(235968K), 0.0328240 secs] 859333K->651100K(1022400K), 0.0330156 secs] [Times: user=0.14 sys=0.00, real=0.03 secs] 
55162.651: [GC 55162.651: [ParNew: 229685K->15170K(235968K), 0.0217234 secs] 860892K->646378K(1022400K), 0.0218972 secs] [Times: user=0.13 sys=0.00, real=0.02 secs] 
55170.743: [GC 55170.743: [ParNew: 224962K->13768K(235968K), 0.0225576 secs] 856170K->644976K(1022400K), 0.0227272 secs] [Times: user=0.13 sys=0.00, real=0.02 secs] 
55175.463: [GC 55175.464: [ParNew: 223560K->26176K(235968K), 0.0325614 secs] 854768K->657386K(1022400K), 0.0327313 secs] [Times: user=0.25 sys=0.00, real=0.03 secs] 
55182.413: [GC 55182.413: [ParNew: 235968K->16929K(235968K), 0.0394992 secs] 867178K->654873K(1022400K), 0.0396925 secs] [Times: user=0.24 sys=0.01, real=0.03 secs] 
55187.708: [GC 55187.708: [ParNew: 226721K->10405K(235968K), 0.0193027 secs] 864665K->648348K(1022400K), 0.0194623 secs] [Times: user=0.13 sys=0.00, real=0.02 secs] 
55192.744: [GC 55192.744: [ParNew: 220197K->16644K(235968K), 0.0266718 secs] 858140K->654588K(1022400K), 0.0268587 secs] [Times: user=0.13 sys=0.00, real=0.03 secs] 
55200.206: [GC 55200.206: [ParNew: 226436K->11937K(235968K), 0.0249864 secs] 864380K->653287K(1022400K), 0.0251775 secs] [Times: user=0.22 sys=0.03, real=0.03 secs] 
55205.416: [GC 55205.416: [ParNew: 221729K->17688K(235968K), 0.0292515 secs] 863079K->659037K(1022400K), 0.0294392 secs] [Times: user=0.24 sys=0.01, real=0.03 secs] 
55207.079: [GC 55207.079: [ParNew: 227480K->26129K(235968K), 0.0462240 secs] 868829K->674901K(1022400K), 0.0464168 secs] [Times: user=0.38 sys=0.00, real=0.05 secs] 
55208.827: [GC 55208.827: [ParNew: 235921K->24976K(235968K), 0.0403551 secs] 884693K->678639K(1022400K), 0.0405225 secs] [Times: user=0.24 sys=0.00, real=0.05 secs] 
55210.676: [GC 55210.676: [ParNew: 234768K->16911K(235968K), 0.0377297 secs] 888431K->679719K(1022400K), 0.0379185 secs] [Times: user=0.26 sys=0.00, real=0.05 secs] 
55213.352: [GC 55213.353: [ParNew: 226703K->24759K(235968K), 0.0318694 secs] 889511K->687566K(1022400K), 0.0320468 secs] [Times: user=0.25 sys=0.00, real=0.03 secs] 
55215.548: [GC 55215.548: [ParNew: 234551K->22368K(235968K), 0.0495750 secs] 897358K->698840K(1022400K), 0.0497429 secs] [Times: user=0.38 sys=0.00, real=0.05 secs] 
55218.418: [GC 55218.418: [ParNew: 232160K->22278K(235968K), 0.0344798 secs] 908632K->702583K(1022400K), 0.0346782 secs] [Times: user=0.25 sys=0.00, real=0.03 secs] 
55220.356: [GC 55220.356: [ParNew: 232070K->17103K(235968K), 0.0376464 secs] 912375K->706002K(1022400K), 0.0378327 secs] [Times: user=0.25 sys=0.00, real=0.03 secs] 
55222.278: [GC 55222.278: [ParNew: 226895K->26176K(235968K), 0.0330101 secs] 915794K->715193K(1022400K), 0.0332003 secs] [Times: user=0.25 sys=0.00, real=0.03 secs] 
55224.111: [GC 55224.111: [ParNew: 235968K->23053K(235968K), 0.0524164 secs] 924985K->724692K(1022400K), 0.0525989 secs] [Times: user=0.39 sys=0.00, real=0.06 secs] 
55226.252: [GC 55226.252: [ParNew: 232845K->26176K(235968K), 0.0420489 secs] 934484K->734044K(1022400K), 0.0422506 secs] [Times: user=0.38 sys=0.00, real=0.05 secs] 
55227.843: [GC 55227.843: [ParNew: 235968K->26176K(235968K), 0.0477714 secs] 943836K->744007K(1022400K), 0.0479597 secs] [Times: user=0.38 sys=0.00, real=0.05 secs] 
55229.536: [GC 55229.536: [ParNew: 235968K->26176K(235968K), 0.0438899 secs] 953799K->750649K(1022400K), 0.0440785 secs] [Times: user=0.24 sys=0.00, real=0.03 secs] 
55229.581: [GC [1 CMS-initial-mark: 724473K(786432K)] 750884K(1022400K), 0.0329475 secs] [Times: user=0.05 sys=0.00, real=0.05 secs] 
55229.614: [CMS-concurrent-mark-start]
55231.106: [CMS-concurrent-mark: 1.492/1.492 secs] [Times: user=4.84 sys=0.01, real=1.48 secs] 
55231.106: [CMS-concurrent-preclean-start]
55231.173: [CMS-concurrent-preclean: 0.046/0.066 secs] [Times: user=0.14 sys=0.00, real=0.06 secs] 
55231.173: [CMS-concurrent-abortable-preclean-start]
55231.692: [GC 55231.692: [ParNew: 235968K->21853K(235968K), 0.0442383 secs] 960441K->753705K(1022400K), 0.0444347 secs] [Times: user=0.25 sys=0.00, real=0.03 secs] 
55232.662: [CMS-concurrent-abortable-preclean: 1.261/1.489 secs] [Times: user=3.45 sys=0.38, real=1.50 secs] 
55232.662: [GC[YG occupancy: 132275 K (235968 K)]55232.663: [Rescan (parallel) , 0.0323304 secs]55232.695: [weak refs processing, 0.0003162 secs] [1 CMS-remark: 731852K(786432K)] 864127K(1022400K), 0.0327955 secs] [Times: user=0.25 sys=0.00, real=0.03 secs] 
55232.695: [CMS-concurrent-sweep-start]
55233.602: [GC 55233.602: [ParNew: 231645K->17252K(235968K), 0.0375171 secs] 689877K->481992K(1022400K), 0.0376869 secs] [Times: user=0.25 sys=0.00, real=0.03 secs] 
55233.681: [CMS-concurrent-sweep: 0.947/0.985 secs] [Times: user=2.53 sys=0.00, real=0.98 secs] 
55233.681: [CMS-concurrent-reset-start]
55233.697: [CMS-concurrent-reset: 0.016/0.016 secs] [Times: user=0.03 sys=0.00, real=0.02 secs] 
55236.370: [GC 55236.370: [ParNew: 227044K->26176K(235968K), 0.0276770 secs] 677527K->476888K(1022400K), 0.0278695 secs] [Times: user=0.25 sys=0.00, real=0.03 secs] 
55239.414: [GC 55239.414: [ParNew: 235968K->18317K(235968K), 0.0360493 secs] 686680K->479485K(1022400K), 0.0362275 secs] [Times: user=0.14 sys=0.00, real=0.03 secs] 
55242.947: [GC 55242.948: [ParNew: 228109K->21983K(235968K), 0.0288246 secs] 689277K->483150K(1022400K), 0.0290070 secs] [Times: user=0.25 sys=0.00, real=0.03 secs] 
55244.467: [GC 55244.467: [ParNew: 231775K->26176K(235968K), 0.0609502 secs] 692942K->498208K(1022400K), 0.0611335 secs] [Times: user=0.39 sys=0.00, real=0.06 secs] 
55247.286: [GC 55247.287: [ParNew: 235968K->20580K(235968K), 0.0330481 secs] 708000K->497105K(1022400K), 0.0332336 secs] [Times: user=0.14 sys=0.00, real=0.03 secs] 
55253.316: [GC 55253.316: [ParNew: 230372K->18526K(235968K), 0.0248825 secs] 706897K->495051K(1022400K), 0.0250694 secs] [Times: user=0.25 sys=0.00, real=0.03 secs] 
55256.002: [GC 55256.002: [ParNew: 228318K->24918K(235968K), 0.0397735 secs] 704843K->507079K(1022400K), 0.0399646 secs] [Times: user=0.25 sys=0.00, real=0.05 secs] 
55258.329: [GC 55258.329: [ParNew: 234710K->15931K(235968K), 0.0460341 secs] 716871K->504101K(1022400K), 0.0462260 secs] [Times: user=0.34 sys=0.03, real=0.05 secs] 
55260.740: [GC 55260.740: [ParNew: 225723K->26176K(235968K), 0.0401057 secs] 713893K->515244K(1022400K), 0.0402750 secs] [Times: user=0.25 sys=0.00, real=0.03 secs] 
55263.216: [GC 55263.216: [ParNew: 235968K->24886K(235968K), 0.0526704 secs] 725036K->523546K(1022400K), 0.0528595 secs] [Times: user=0.36 sys=0.02, real=0.05 secs] 
55265.068: [GC 55265.068: [ParNew: 234678K->23386K(235968K), 0.0464931 secs] 733338K->528301K(1022400K), 0.0466883 secs] [Times: user=0.26 sys=0.00, real=0.05 secs] 
55266.896: [GC 55266.896: [ParNew: 233178K->22128K(235968K), 0.0385102 secs] 738093K->531934K(1022400K), 0.0386778 secs] [Times: user=0.25 sys=0.00, real=0.03 secs] 
55268.693: [GC 55268.693: [ParNew: 231920K->26176K(235968K), 0.0417360 secs] 741726K->541236K(1022400K), 0.0419000 secs] [Times: user=0.25 sys=0.00, real=0.03 secs] 
55271.509: [GC 55271.510: [ParNew: 235968K->18799K(235968K), 0.0332869 secs] 751028K->538769K(1022400K), 0.0334917 secs] [Times: user=0.25 sys=0.00, real=0.03 secs] 
55273.271: [GC 55273.271: [ParNew: 228591K->26176K(235968K), 0.0324108 secs] 748561K->546480K(1022400K), 0.0325944 secs] [Times: user=0.25 sys=0.00, real=0.03 secs] 
55275.120: [GC 55275.120: [ParNew: 235968K->22893K(235968K), 0.0422171 secs] 756272K->551422K(1022400K), 0.0424093 secs] [Times: user=0.26 sys=0.00, real=0.05 secs] 
55277.635: [GC 55277.635: [ParNew: 232685K->21914K(235968K), 0.0323365 secs] 761214K->553526K(1022400K), 0.0325251 secs] [Times: user=0.25 sys=0.00, real=0.03 secs] 
55279.747: [GC 55279.747: [ParNew: 231706K->26176K(235968K), 0.0426822 secs] 763318K->564747K(1022400K), 0.0428733 secs] [Times: user=0.27 sys=0.00, real=0.05 secs] 
55281.553: [GC 55281.554: [ParNew: 235968K->17575K(235968K), 0.0328748 secs] 774539K->559890K(1022400K), 0.0330662 secs] [Times: user=0.14 sys=0.00, real=0.03 secs] 
55285.765: [GC 55285.766: [ParNew: 227367K->18580K(235968K), 0.0332257 secs] 769682K->564813K(1022400K), 0.0334224 secs] [Times: user=0.25 sys=0.00, real=0.03 secs] 
55287.829: [GC 55287.829: [ParNew: 228372K->26176K(235968K), 0.0311769 secs] 774605K->572409K(1022400K), 0.0313654 secs] [Times: user=0.25 sys=0.00, real=0.03 secs] 
55290.977: [GC 55290.978: [ParNew: 235968K->19964K(235968K), 0.0326606 secs] 782201K->570134K(1022400K), 0.0328469 secs] [Times: user=0.13 sys=0.00, real=0.03 secs] 
55292.619: [GC 55292.619: [ParNew: 229756K->26176K(235968K), 0.1728943 secs] 779926K->605127K(1022400K), 0.1730801 secs] [Times: user=1.14 sys=0.01, real=0.17 secs] 
55294.787: [GC 55294.787: [ParNew: 235968K->26176K(235968K), 0.1349775 secs] 814919K->636290K(1022400K), 0.1351705 secs] [Times: user=0.75 sys=0.02, real=0.13 secs] 
55299.917: [GC 55299.917: [ParNew: 235968K->24902K(235968K), 0.0767857 secs] 846082K->651466K(1022400K), 0.0769768 secs] [Times: user=0.39 sys=0.00, real=0.08 secs] 
55303.426: [GC 55303.427: [ParNew: 234694K->26176K(235968K), 0.0404261 secs] 861258K->657613K(1022400K), 0.0406015 secs] [Times: user=0.38 sys=0.00, real=0.05 secs] 
55305.774: [GC 55305.774: [ParNew: 235968K->20774K(235968K), 0.0368374 secs] 867405K->656969K(1022400K), 0.0370243 secs] [Times: user=0.25 sys=0.00, real=0.03 secs] 
55307.548: [GC 55307.548: [ParNew: 230566K->21139K(235968K), 0.0366717 secs] 866761K->663176K(1022400K), 0.0368603 secs] [Times: user=0.26 sys=0.00, real=0.05 secs] 
55310.907: [GC 55310.907: [ParNew: 230931K->16164K(235968K), 0.0337674 secs] 872968K->662211K(1022400K), 0.0339364 secs] [Times: user=0.25 sys=0.00, real=0.03 secs] 
55313.975: [GC 55313.976: [ParNew: 225956K->24151K(235968K), 0.0242123 secs] 872003K->670197K(1022400K), 0.0243947 secs] [Times: user=0.13 sys=0.00, real=0.02 secs] 
55319.074: [GC 55319.074: [ParNew: 233943K->15615K(235968K), 0.0286925 secs] 879989K->665804K(1022400K), 0.0288788 secs] [Times: user=0.13 sys=0.00, real=0.03 secs] 
55324.653: [GC 55324.653: [ParNew: 225407K->18599K(235968K), 0.0216712 secs] 875596K->668788K(1022400K), 0.0218628 secs] [Times: user=0.13 sys=0.00, real=0.02 secs] 
55331.207: [GC 55331.207: [ParNew: 228391K->19018K(235968K), 0.0255479 secs] 878580K->669207K(1022400K), 0.0257301 secs] [Times: user=0.25 sys=0.00, real=0.03 secs] 
55336.983: [GC 55336.983: [ParNew: 228810K->25628K(235968K), 0.0339688 secs] 878999K->677954K(1022400K), 0.0341460 secs] [Times: user=0.25 sys=0.00, real=0.03 secs] 
55338.563: [GC 55338.563: [ParNew: 235420K->26176K(235968K), 0.0647803 secs] 887746K->687857K(1022400K), 0.0649697 secs] [Times: user=0.50 sys=0.00, real=0.06 secs] 
55340.067: [GC 55340.067: [ParNew: 235968K->26176K(235968K), 0.0800009 secs] 897649K->704200K(1022400K), 0.0801943 secs] [Times: user=0.64 sys=0.00, real=0.09 secs] 
55341.769: [GC 55341.769: [ParNew: 235968K->26176K(235968K), 0.0589815 secs] 913992K->714773K(1022400K), 0.0591765 secs] [Times: user=0.39 sys=0.09, real=0.06 secs] 
55343.307: [GC 55343.307: [ParNew: 235968K->26176K(235968K), 0.0597414 secs] 924565K->726267K(1022400K), 0.0599347 secs] [Times: user=0.39 sys=0.00, real=0.06 secs] 
55344.906: [GC 55344.906: [ParNew: 235968K->26176K(235968K), 0.0557733 secs] 936059K->737260K(1022400K), 0.0559605 secs] [Times: user=0.39 sys=0.00, real=0.06 secs] 
55346.500: [GC 55346.500: [ParNew: 235968K->26176K(235968K), 0.0531760 secs] 947052K->748078K(1022400K), 0.0533649 secs] [Times: user=0.38 sys=0.00, real=0.06 secs] 
55348.187: [GC 55348.187: [ParNew: 235968K->22099K(235968K), 0.0465045 secs] 957870K->753861K(1022400K), 0.0467003 secs] [Times: user=0.38 sys=0.00, real=0.05 secs] 
55348.235: [GC [1 CMS-initial-mark: 731761K(786432K)] 754148K(1022400K), 0.0281611 secs] [Times: user=0.03 sys=0.00, real=0.03 secs] 
55348.263: [CMS-concurrent-mark-start]
55349.869: [GC 55349.869: [ParNew: 231891K->25259K(235968K), 0.0415301 secs] 963653K->763189K(1022400K), 0.0417207 secs] [Times: user=0.25 sys=0.00, real=0.03 secs] 
55349.950: [CMS-concurrent-mark: 1.645/1.687 secs] [Times: user=6.44 sys=0.08, real=1.69 secs] 
55349.950: [CMS-concurrent-preclean-start]
55350.164: [CMS-concurrent-preclean: 0.155/0.214 secs] [Times: user=0.63 sys=0.08, real=0.22 secs] 
55350.164: [CMS-concurrent-abortable-preclean-start]
55350.685: [CMS-concurrent-abortable-preclean: 0.467/0.520 secs] [Times: user=1.30 sys=0.03, real=0.52 secs] 
55350.686: [GC[YG occupancy: 141244 K (235968 K)]55350.686: [Rescan (parallel) , 0.0409700 secs]55350.727: [weak refs processing, 0.0002109 secs] [1 CMS-remark: 737929K(786432K)] 879174K(1022400K), 0.0413318 secs] [Times: user=0.27 sys=0.00, real=0.05 secs] 
55350.727: [CMS-concurrent-sweep-start]
55351.510: [GC 55351.510: [ParNew: 235051K->20187K(235968K), 0.0374198 secs] 797912K->588344K(1022400K), 0.0375844 secs] [Times: user=0.25 sys=0.00, real=0.03 secs] 
55351.860: [CMS-concurrent-sweep: 1.094/1.133 secs] [Times: user=3.16 sys=0.00, real=1.13 secs] 
55351.860: [CMS-concurrent-reset-start]
55351.879: [CMS-concurrent-reset: 0.019/0.019 secs] [Times: user=0.03 sys=0.00, real=0.02 secs] 
55353.142: [GC 55353.143: [ParNew: 229979K->26176K(235968K), 0.0432915 secs] 676064K->477767K(1022400K), 0.0435036 secs] [Times: user=0.38 sys=0.00, real=0.05 secs] 
55354.903: [GC 55354.903: [ParNew: 235968K->26176K(235968K), 0.0523142 secs] 687559K->486679K(1022400K), 0.0525019 secs] [Times: user=0.38 sys=0.00, real=0.05 secs] 
55356.313: [GC 55356.313: [ParNew: 235968K->26176K(235968K), 0.0531618 secs] 696471K->496978K(1022400K), 0.0533515 secs] [Times: user=0.39 sys=0.00, real=0.06 secs] 
55357.967: [GC 55357.967: [ParNew: 235968K->25394K(235968K), 0.0401347 secs] 706770K->502254K(1022400K), 0.0403244 secs] [Times: user=0.27 sys=0.00, real=0.05 secs] 
55359.533: [GC 55359.533: [ParNew: 235186K->26176K(235968K), 0.0431295 secs] 712046K->509558K(1022400K), 0.0432899 secs] [Times: user=0.38 sys=0.00, real=0.05 secs] 
55361.228: [GC 55361.228: [ParNew: 235968K->26176K(235968K), 0.0551112 secs] 719350K->518815K(1022400K), 0.0553056 secs] [Times: user=0.38 sys=0.00, real=0.05 secs] 
55363.316: [GC 55363.317: [ParNew: 235968K->21909K(235968K), 0.0499653 secs] 728607K->524031K(1022400K), 0.0501343 secs] [Times: user=0.39 sys=0.00, real=0.06 secs] 
55365.079: [GC 55365.079: [ParNew: 231701K->26176K(235968K), 0.0466408 secs] 733823K->535395K(1022400K), 0.0468300 secs] [Times: user=0.25 sys=0.00, real=0.05 secs] 
55367.377: [GC 55367.377: [ParNew: 235968K->25422K(235968K), 0.0401833 secs] 745187K->539677K(1022400K), 0.0403789 secs] [Times: user=0.27 sys=0.00, real=0.05 secs] 
55369.763: [GC 55369.763: [ParNew: 235214K->18946K(235968K), 0.0440246 secs] 749469K->543057K(1022400K), 0.0441998 secs] [Times: user=0.26 sys=0.00, real=0.05 secs] 
55371.782: [GC 55371.782: [ParNew: 228738K->19515K(235968K), 0.0383524 secs] 752849K->549849K(1022400K), 0.0385205 secs] [Times: user=0.27 sys=0.00, real=0.05 secs] 
55373.962: [GC 55373.963: [ParNew: 229307K->26176K(235968K), 0.0480449 secs] 759641K->563703K(1022400K), 0.0482355 secs] [Times: user=0.26 sys=0.00, real=0.05 secs] 
55375.277: [GC 55375.277: [ParNew: 235968K->26176K(235968K), 0.1904208 secs] 773495K->606225K(1022400K), 0.1906136 secs] [Times: user=1.16 sys=0.00, real=0.19 secs] 
55377.077: [GC 55377.077: [ParNew: 235968K->26176K(235968K), 0.1296651 secs] 816017K->639678K(1022400K), 0.1298313 secs] [Times: user=0.74 sys=0.02, real=0.13 secs] 
55378.624: [GC 55378.625: [ParNew: 235968K->26176K(235968K), 0.1417387 secs] 849470K->679473K(1022400K), 0.1419219 secs] [Times: user=0.86 sys=0.00, real=0.14 secs] 
55378.767: [GC [1 CMS-initial-mark: 653297K(786432K)] 679503K(1022400K), 0.0405705 secs] [Times: user=0.05 sys=0.00, real=0.05 secs] 
55378.808: [CMS-concurrent-mark-start]
55380.436: [GC 55380.436: [ParNew: 235968K->26176K(235968K), 0.0936647 secs] 889265K->701637K(1022400K), 0.0938589 secs] [Times: user=0.59 sys=0.02, real=0.09 secs] 
55380.570: [CMS-concurrent-mark: 1.665/1.762 secs] [Times: user=6.88 sys=0.08, real=1.77 secs] 
55380.570: [CMS-concurrent-preclean-start]
55380.929: [CMS-concurrent-preclean: 0.264/0.359 secs] [Times: user=0.61 sys=0.17, real=0.36 secs] 
55380.929: [CMS-concurrent-abortable-preclean-start]
55381.391: [CMS-concurrent-abortable-preclean: 0.426/0.462 secs] [Times: user=1.13 sys=0.02, real=0.45 secs] 
55381.392: [GC[YG occupancy: 132454 K (235968 K)]55381.392: [Rescan (parallel) , 0.0354542 secs]55381.427: [weak refs processing, 0.0001458 secs] [1 CMS-remark: 675461K(786432K)] 807916K(1022400K), 0.0357431 secs] [Times: user=0.25 sys=0.00, real=0.03 secs] 
55381.428: [CMS-concurrent-sweep-start]
55382.315: [CMS-concurrent-sweep: 0.887/0.887 secs] [Times: user=2.14 sys=0.02, real=0.89 secs] 
55382.315: [CMS-concurrent-reset-start]
55382.335: [GC 55382.335: [ParNew: 235968K->23760K(235968K), 0.0495756 secs] 727400K->526507K(1022400K), 0.0497655 secs] [Times: user=0.26 sys=0.00, real=0.05 secs] 
55382.385: [CMS-concurrent-reset: 0.019/0.070 secs] [Times: user=0.33 sys=0.00, real=0.08 secs] 
55383.860: [GC 55383.860: [ParNew: 233552K->26176K(235968K), 0.0643012 secs] 736299K->542351K(1022400K), 0.0644875 secs] [Times: user=0.48 sys=0.01, real=0.06 secs] 
55386.054: [GC 55386.054: [ParNew: 235968K->26176K(235968K), 0.0627781 secs] 752143K->556419K(1022400K), 0.0629722 secs] [Times: user=0.39 sys=0.00, real=0.06 secs] 
55388.258: [GC 55388.258: [ParNew: 235968K->20993K(235968K), 0.0414273 secs] 766211K->561022K(1022400K), 0.0416126 secs] [Times: user=0.25 sys=0.00, real=0.03 secs] 
55390.838: [GC 55390.838: [ParNew: 230785K->22612K(235968K), 0.0354769 secs] 770814K->568686K(1022400K), 0.0356755 secs] [Times: user=0.25 sys=0.00, real=0.03 secs] 
55393.554: [GC 55393.554: [ParNew: 232404K->21971K(235968K), 0.0355702 secs] 778478K->572911K(1022400K), 0.0357571 secs] [Times: user=0.13 sys=0.00, real=0.03 secs] 
55395.519: [GC 55395.519: [ParNew: 230299K->26176K(235968K), 0.0470001 secs] 781239K->584719K(1022400K), 0.0471633 secs] [Times: user=0.38 sys=0.00, real=0.05 secs] 
55397.952: [GC 55397.952: [ParNew: 235968K->20142K(235968K), 0.0413421 secs] 794511K->584136K(1022400K), 0.0415408 secs] [Times: user=0.27 sys=0.00, real=0.05 secs] 
55399.970: [GC 55399.970: [ParNew: 229934K->23275K(235968K), 0.0393732 secs] 793928K->592863K(1022400K), 0.0395668 secs] [Times: user=0.27 sys=0.00, real=0.05 secs] 
55401.521: [GC 55401.521: [ParNew: 233067K->26176K(235968K), 0.0430826 secs] 802655K->601700K(1022400K), 0.0432787 secs] [Times: user=0.36 sys=0.00, real=0.05 secs] 
55403.264: [GC 55403.264: [ParNew: 235968K->24541K(235968K), 0.0393095 secs] 811492K->605570K(1022400K), 0.0394718 secs] [Times: user=0.27 sys=0.00, real=0.05 secs] 
55405.164: [GC 55405.164: [ParNew: 234333K->26176K(235968K), 0.0498192 secs] 815362K->614864K(1022400K), 0.0500041 secs] [Times: user=0.26 sys=0.00, real=0.05 secs] 
55406.716: [GC 55406.716: [ParNew: 235968K->26176K(235968K), 0.0541535 secs] 824656K->623581K(1022400K), 0.0543496 secs] [Times: user=0.38 sys=0.00, real=0.05 secs] 
55408.332: [GC 55408.332: [ParNew: 235968K->26176K(235968K), 0.0436759 secs] 833373K->628734K(1022400K), 0.0438656 secs] [Times: user=0.38 sys=0.00, real=0.05 secs] 
55410.081: [GC 55410.081: [ParNew: 235968K->22411K(235968K), 0.0419724 secs] 838526K->632055K(1022400K), 0.0421347 secs] [Times: user=0.24 sys=0.00, real=0.05 secs] 
55411.762: [GC 55411.762: [ParNew: 232203K->26176K(235968K), 0.0450929 secs] 841847K->641417K(1022400K), 0.0452856 secs] [Times: user=0.27 sys=0.00, real=0.05 secs] 
55413.508: [GC 55413.508: [ParNew: 235968K->19867K(235968K), 0.0431837 secs] 851209K->642921K(1022400K), 0.0433720 secs] [Times: user=0.25 sys=0.00, real=0.03 secs] 
55415.635: [GC 55415.635: [ParNew: 229659K->16828K(235968K), 0.0337761 secs] 852713K->645785K(1022400K), 0.0339705 secs] [Times: user=0.13 sys=0.00, real=0.03 secs] 
55418.043: [GC 55418.043: [ParNew: 226620K->24311K(235968K), 0.0287067 secs] 855577K->653268K(1022400K), 0.0288674 secs] [Times: user=0.20 sys=0.01, real=0.03 secs] 
55421.764: [GC 55421.764: [ParNew: 234103K->18839K(235968K), 0.0375313 secs] 863060K->655410K(1022400K), 0.0377243 secs] [Times: user=0.25 sys=0.00, real=0.03 secs] 
55424.215: [GC 55424.216: [ParNew: 228631K->26176K(235968K), 0.0287129 secs] 865202K->662748K(1022400K), 0.0288919 secs] [Times: user=0.25 sys=0.00, real=0.03 secs] 
55427.682: [GC 55427.682: [ParNew: 235968K->17612K(235968K), 0.0272384 secs] 872540K->657916K(1022400K), 0.0274191 secs] [Times: user=0.13 sys=0.00, real=0.02 secs] 
55430.078: [GC 55430.078: [ParNew: 227404K->26176K(235968K), 0.0407286 secs] 867708K->667116K(1022400K), 0.0408991 secs] [Times: user=0.33 sys=0.05, real=0.05 secs] 
55431.523: [GC 55431.523: [ParNew: 235968K->26176K(235968K), 0.0610491 secs] 876908K->677726K(1022400K), 0.0612201 secs] [Times: user=0.38 sys=0.00, real=0.05 secs] 
55433.475: [GC 55433.475: [ParNew: 235968K->21496K(235968K), 0.0349209 secs] 887518K->677153K(1022400K), 0.0351095 secs] [Times: user=0.26 sys=0.00, real=0.05 secs] 
55435.903: [GC 55435.903: [ParNew: 231288K->26176K(235968K), 0.0397992 secs] 886945K->687494K(1022400K), 0.0399855 secs] [Times: user=0.22 sys=0.00, real=0.03 secs] 
55437.751: [GC 55437.751: [ParNew: 235968K->26176K(235968K), 0.0648242 secs] 897286K->700323K(1022400K), 0.0650155 secs] [Times: user=0.39 sys=0.00, real=0.06 secs] 
55439.269: [GC 55439.269: [ParNew: 235968K->26176K(235968K), 0.0629787 secs] 910115K->712356K(1022400K), 0.0631496 secs] [Times: user=0.36 sys=0.00, real=0.06 secs] 
55440.845: [GC 55440.845: [ParNew: 235968K->26176K(235968K), 0.0493714 secs] 922148K->720687K(1022400K), 0.0495664 secs] [Times: user=0.38 sys=0.00, real=0.05 secs] 
55442.702: [GC 55442.702: [ParNew: 235968K->26176K(235968K), 0.0562052 secs] 930479K->730590K(1022400K), 0.0563918 secs] [Times: user=0.39 sys=0.00, real=0.06 secs] 
55445.153: [GC 55445.153: [ParNew: 235968K->23362K(235968K), 0.0536632 secs] 940382K->739288K(1022400K), 0.0538638 secs] [Times: user=0.38 sys=0.00, real=0.05 secs] 
55446.992: [GC 55446.992: [ParNew: 233154K->22285K(235968K), 0.0387826 secs] 949080K->744774K(1022400K), 0.0389742 secs] [Times: user=0.25 sys=0.00, real=0.03 secs] 
55450.087: [GC 55450.087: [ParNew: 232077K->16613K(235968K), 0.0302131 secs] 954566K->742992K(1022400K), 0.0304050 secs] [Times: user=0.14 sys=0.00, real=0.03 secs] 
55450.118: [GC [1 CMS-initial-mark: 726379K(786432K)] 745552K(1022400K), 0.0171128 secs] [Times: user=0.01 sys=0.00, real=0.02 secs] 
55450.135: [CMS-concurrent-mark-start]
55451.716: [CMS-concurrent-mark: 1.580/1.580 secs] [Times: user=4.42 sys=0.13, real=1.58 secs] 
55451.716: [CMS-concurrent-preclean-start]
55451.780: [CMS-concurrent-preclean: 0.044/0.064 secs] [Times: user=0.06 sys=0.03, real=0.06 secs] 
55451.780: [CMS-concurrent-abortable-preclean-start]
55454.396: [GC 55454.396: [ParNew: 226405K->14760K(235968K), 0.0198179 secs] 952784K->741139K(1022400K), 0.0199791 secs] [Times: user=0.25 sys=0.00, real=0.03 secs] 
55455.568: [CMS-concurrent-abortable-preclean: 3.283/3.788 secs] [Times: user=6.47 sys=1.06, real=3.78 secs] 
55455.569: [GC[YG occupancy: 119701 K (235968 K)]55455.569: [Rescan (parallel) , 0.0288305 secs]55455.598: [weak refs processing, 0.0001852 secs] [1 CMS-remark: 726379K(786432K)] 846080K(1022400K), 0.0291506 secs] [Times: user=0.25 sys=0.00, real=0.03 secs] 
55455.599: [CMS-concurrent-sweep-start]
55456.554: [CMS-concurrent-sweep: 0.955/0.955 secs] [Times: user=1.69 sys=0.00, real=0.95 secs] 
55456.554: [CMS-concurrent-reset-start]
55456.573: [CMS-concurrent-reset: 0.019/0.019 secs] [Times: user=0.09 sys=0.00, real=0.03 secs] 
55458.708: [GC 55458.708: [ParNew: 224552K->10902K(235968K), 0.0150483 secs] 653972K->440322K(1022400K), 0.0152388 secs] [Times: user=0.13 sys=0.00, real=0.02 secs] 
55467.157: [GC 55467.157: [ParNew: 220694K->10092K(235968K), 0.0200246 secs] 650114K->439512K(1022400K), 0.0202112 secs] [Times: user=0.13 sys=0.00, real=0.02 secs] 
55471.785: [GC 55471.786: [ParNew: 219884K->12748K(235968K), 0.0239748 secs] 649304K->442310K(1022400K), 0.0241324 secs] [Times: user=0.25 sys=0.00, real=0.03 secs] 
55478.319: [GC 55478.319: [ParNew: 222540K->13505K(235968K), 0.0272713 secs] 652102K->443512K(1022400K), 0.0274560 secs] [Times: user=0.25 sys=0.00, real=0.03 secs] 
55480.868: [GC 55480.868: [ParNew: 223297K->23663K(235968K), 0.0421283 secs] 653304K->453930K(1022400K), 0.0423300 secs] [Times: user=0.25 sys=0.00, real=0.03 secs] 
55484.116: [GC 55484.117: [ParNew: 233455K->17447K(235968K), 0.0363211 secs] 663722K->452345K(1022400K), 0.0365069 secs] [Times: user=0.25 sys=0.01, real=0.05 secs] 
55486.001: [GC 55486.001: [ParNew: 227239K->26176K(235968K), 0.0380048 secs] 662137K->461745K(1022400K), 0.0381931 secs] [Times: user=0.26 sys=0.00, real=0.05 secs] 
55487.376: [GC 55487.376: [ParNew: 235968K->26176K(235968K), 0.0661668 secs] 671538K->473994K(1022400K), 0.0663528 secs] [Times: user=0.48 sys=0.02, real=0.06 secs] 
55487.443: [GC 55487.443: [ParNew: 26185K->11579K(235968K), 0.0651181 secs] 474003K->483035K(1022400K), 0.0652812 secs] [Times: user=0.39 sys=0.00, real=0.08 secs] 
55489.191: [GC 55489.191: [ParNew: 221371K->26176K(235968K), 0.0344784 secs] 692827K->497641K(1022400K), 0.0346443 secs] [Times: user=0.25 sys=0.00, real=0.03 secs] 
55491.750: [GC 55491.750: [ParNew: 235968K->19964K(235968K), 0.0429253 secs] 707433K->502184K(1022400K), 0.0431136 secs] [Times: user=0.27 sys=0.00, real=0.05 secs] 
55495.481: [GC 55495.481: [ParNew: 229756K->14400K(235968K), 0.0171111 secs] 711976K->496620K(1022400K), 0.0172667 secs] [Times: user=0.13 sys=0.00, real=0.02 secs] 
55499.009: [GC 55499.009: [ParNew: 224192K->20276K(235968K), 0.0355959 secs] 706412K->502496K(1022400K), 0.0357775 secs] [Times: user=0.25 sys=0.00, real=0.03 secs] 
55501.509: [GC 55501.509: [ParNew: 230068K->14350K(235968K), 0.0404384 secs] 712288K->503070K(1022400K), 0.0406046 secs] [Times: user=0.19 sys=0.06, real=0.03 secs] 
55504.987: [GC 55504.987: [ParNew: 224142K->26176K(235968K), 0.0362342 secs] 712862K->514900K(1022400K), 0.0363954 secs] [Times: user=0.25 sys=0.00, real=0.05 secs] 
55515.397: [GC 55515.397: [ParNew: 235968K->20346K(235968K), 0.0393447 secs] 724692K->516218K(1022400K), 0.0395103 secs] [Times: user=0.25 sys=0.00, real=0.05 secs] 
55520.403: [GC 55520.403: [ParNew: 230138K->18989K(235968K), 0.0303340 secs] 726010K->514861K(1022400K), 0.0305240 secs] [Times: user=0.16 sys=0.00, real=0.03 secs] 
55523.348: [GC 55523.348: [ParNew: 228781K->12994K(235968K), 0.0320527 secs] 724653K->512684K(1022400K), 0.0322468 secs] [Times: user=0.23 sys=0.00, real=0.03 secs] 
55527.642: [GC 55527.642: [ParNew: 222149K->19333K(235968K), 0.0263103 secs] 721839K->519022K(1022400K), 0.0264707 secs] [Times: user=0.25 sys=0.00, real=0.03 secs] 
55531.637: [GC 55531.637: [ParNew: 229125K->12727K(235968K), 0.0178051 secs] 728814K->513782K(1022400K), 0.0179813 secs] [Times: user=0.13 sys=0.00, real=0.01 secs] 
55536.868: [GC 55536.868: [ParNew: 222519K->17685K(235968K), 0.0247506 secs] 723574K->518740K(1022400K), 0.0249406 secs] [Times: user=0.13 sys=0.00, real=0.02 secs] 
55538.950: [GC 55538.950: [ParNew: 227477K->25174K(235968K), 0.0379367 secs] 728532K->529114K(1022400K), 0.0381046 secs] [Times: user=0.25 sys=0.00, real=0.03 secs] 
55541.924: [GC 55541.924: [ParNew: 234966K->18816K(235968K), 0.0339965 secs] 738906K->526413K(1022400K), 0.0341881 secs] [Times: user=0.25 sys=0.00, real=0.03 secs] 
55548.570: [GC 55548.570: [ParNew: 228608K->17631K(235968K), 0.0229809 secs] 736205K->525228K(1022400K), 0.0231677 secs] [Times: user=0.25 sys=0.00, real=0.03 secs] 
55553.602: [GC 55553.602: [ParNew: 227423K->15747K(235968K), 0.0276828 secs] 735020K->523344K(1022400K), 0.0278653 secs] [Times: user=0.22 sys=0.00, real=0.03 secs] 
55556.107: [GC 55556.107: [ParNew: 225539K->26176K(235968K), 0.0327762 secs] 733136K->533773K(1022400K), 0.0329754 secs] [Times: user=0.25 sys=0.00, real=0.03 secs] 
55562.376: [GC 55562.376: [ParNew: 235968K->19463K(235968K), 0.0436243 secs] 743566K->533202K(1022400K), 0.0438092 secs] [Times: user=0.27 sys=0.00, real=0.05 secs] 
55564.258: [GC 55564.258: [ParNew: 229255K->17627K(235968K), 0.0331363 secs] 742994K->534280K(1022400K), 0.0333305 secs] [Times: user=0.27 sys=0.00, real=0.05 secs] 
55568.840: [GC 55568.840: [ParNew: 227419K->12809K(235968K), 0.0208038 secs] 744072K->529462K(1022400K), 0.0209842 secs] [Times: user=0.13 sys=0.00, real=0.02 secs] 
55575.876: [GC 55575.876: [ParNew: 222601K->11005K(235968K), 0.0170494 secs] 739254K->527657K(1022400K), 0.0172287 secs] [Times: user=0.13 sys=0.00, real=0.02 secs] 
55579.412: [GC 55579.412: [ParNew: 220797K->26176K(235968K), 0.1919286 secs] 737449K->573946K(1022400K), 0.1921051 secs] [Times: user=1.25 sys=0.03, real=0.20 secs] 
55584.450: [GC 55584.450: [ParNew: 235968K->26176K(235968K), 0.1103023 secs] 783739K->597403K(1022400K), 0.1104819 secs] [Times: user=0.61 sys=0.01, real=0.11 secs] 
55589.282: [GC 55589.282: [ParNew: 235968K->24655K(235968K), 0.0504690 secs] 807195K->607430K(1022400K), 0.0506606 secs] [Times: user=0.23 sys=0.00, real=0.05 secs] 
55593.437: [GC 55593.437: [ParNew: 234447K->11315K(235968K), 0.0165239 secs] 817222K->594089K(1022400K), 0.0166812 secs] [Times: user=0.13 sys=0.00, real=0.01 secs] 
55597.737: [GC 55597.737: [ParNew: 221107K->21521K(235968K), 0.0302801 secs] 803881K->604295K(1022400K), 0.0304410 secs] [Times: user=0.25 sys=0.00, real=0.03 secs] 
55601.308: [GC 55601.308: [ParNew: 231313K->14930K(235968K), 0.0192991 secs] 814087K->599714K(1022400K), 0.0194807 secs] [Times: user=0.13 sys=0.00, real=0.01 secs] 
55604.001: [GC 55604.001: [ParNew: 224722K->18672K(235968K), 0.0284385 secs] 809506K->603456K(1022400K), 0.0286221 secs] [Times: user=0.25 sys=0.00, real=0.03 secs] 
55605.870: [GC 55605.870: [ParNew: 228464K->17788K(235968K), 0.0335428 secs] 813248K->607344K(1022400K), 0.0337317 secs] [Times: user=0.14 sys=0.00, real=0.03 secs] 
55609.410: [GC 55609.411: [ParNew: 227580K->17573K(235968K), 0.0212273 secs] 817136K->607129K(1022400K), 0.0214337 secs] [Times: user=0.25 sys=0.00, real=0.03 secs] 
55611.278: [GC 55611.278: [ParNew: 227365K->26176K(235968K), 0.0398517 secs] 816921K->617360K(1022400K), 0.0400481 secs] [Times: user=0.25 sys=0.00, real=0.03 secs] 
55612.975: [GC 55612.975: [ParNew: 235968K->25207K(235968K), 0.0576205 secs] 827152K->628448K(1022400K), 0.0578093 secs] [Times: user=0.34 sys=0.00, real=0.06 secs] 
55615.292: [GC 55615.292: [ParNew: 234999K->19073K(235968K), 0.0377690 secs] 838240K->628003K(1022400K), 0.0379668 secs] [Times: user=0.25 sys=0.00, real=0.03 secs] 
55617.870: [GC 55617.870: [ParNew: 228865K->18033K(235968K), 0.0365968 secs] 837795K->633502K(1022400K), 0.0367795 secs] [Times: user=0.22 sys=0.00, real=0.03 secs] 
55622.320: [GC 55622.320: [ParNew: 227825K->14681K(235968K), 0.0227322 secs] 843294K->635652K(1022400K), 0.0229186 secs] [Times: user=0.24 sys=0.00, real=0.03 secs] 
55625.706: [GC 55625.706: [ParNew: 224473K->20335K(235968K), 0.0291233 secs] 845444K->641305K(1022400K), 0.0292967 secs] [Times: user=0.25 sys=0.00, real=0.03 secs] 
55631.563: [GC 55631.563: [ParNew: 230127K->14643K(235968K), 0.0268719 secs] 851097K->639899K(1022400K), 0.0270615 secs] [Times: user=0.14 sys=0.00, real=0.03 secs] 
55633.606: [GC 55633.606: [ParNew: 224435K->19131K(235968K), 0.0285095 secs] 849691K->644386K(1022400K), 0.0286939 secs] [Times: user=0.13 sys=0.00, real=0.03 secs] 
55635.415: [GC 55635.415: [ParNew: 228923K->26176K(235968K), 0.0426736 secs] 854178K->656695K(1022400K), 0.0428672 secs] [Times: user=0.36 sys=0.00, real=0.05 secs] 
55637.004: [GC 55637.004: [ParNew: 235968K->26176K(235968K), 0.0427864 secs] 866487K->662796K(1022400K), 0.0429747 secs] [Times: user=0.38 sys=0.00, real=0.05 secs] 
55640.588: [GC 55640.589: [ParNew: 235968K->26176K(235968K), 0.0385345 secs] 872588K->668022K(1022400K), 0.0387289 secs] [Times: user=0.25 sys=0.00, real=0.03 secs] 
55642.297: [GC 55642.297: [ParNew: 235968K->26176K(235968K), 0.0485701 secs] 877814K->676560K(1022400K), 0.0487330 secs] [Times: user=0.38 sys=0.00, real=0.05 secs] 
55644.396: [GC 55644.396: [ParNew: 235968K->20234K(235968K), 0.0323723 secs] 886352K->676082K(1022400K), 0.0325631 secs] [Times: user=0.25 sys=0.00, real=0.03 secs] 
55646.631: [GC 55646.631: [ParNew: 230026K->26176K(235968K), 0.0299069 secs] 885874K->682025K(1022400K), 0.0300946 secs] [Times: user=0.25 sys=0.00, real=0.03 secs] 
55649.193: [GC 55649.193: [ParNew: 235968K->22306K(235968K), 0.0434516 secs] 891817K->686197K(1022400K), 0.0436410 secs] [Times: user=0.38 sys=0.00, real=0.05 secs] 
55651.177: [GC 55651.177: [ParNew: 232098K->16380K(235968K), 0.0354053 secs] 895989K->686105K(1022400K), 0.0356001 secs] [Times: user=0.25 sys=0.00, real=0.03 secs] 
55654.137: [GC 55654.137: [ParNew: 226172K->22760K(235968K), 0.0259167 secs] 895897K->692485K(1022400K), 0.0260824 secs] [Times: user=0.13 sys=0.00, real=0.02 secs] 
55654.164: [GC 55654.164: [ParNew: 22777K->13171K(235968K), 0.0430270 secs] 692502K->700433K(1022400K), 0.0431996 secs] [Times: user=0.25 sys=0.00, real=0.05 secs] 
55655.739: [GC 55655.739: [ParNew: 222963K->19759K(235968K), 0.0277996 secs] 910225K->707021K(1022400K), 0.0279793 secs] [Times: user=0.25 sys=0.00, real=0.03 secs] 
55657.356: [GC 55657.356: [ParNew: 229551K->26176K(235968K), 0.0439179 secs] 916813K->719714K(1022400K), 0.0440830 secs] [Times: user=0.22 sys=0.00, real=0.03 secs] 
55659.172: [GC 55659.172: [ParNew: 235968K->17328K(235968K), 0.0340814 secs] 929506K->716582K(1022400K), 0.0342658 secs] [Times: user=0.25 sys=0.00, real=0.03 secs] 
55661.931: [GC 55661.932: [ParNew: 227120K->19507K(235968K), 0.0318404 secs] 926374K->724018K(1022400K), 0.0320270 secs] [Times: user=0.25 sys=0.01, real=0.05 secs] 
55665.326: [GC 55665.326: [ParNew: 229299K->24906K(235968K), 0.0256181 secs] 933810K->729417K(1022400K), 0.0258036 secs] [Times: user=0.13 sys=0.00, real=0.02 secs] 
55667.089: [GC 55667.089: [ParNew: 234698K->24101K(235968K), 0.0484193 secs] 939209K->738149K(1022400K), 0.0486106 secs] [Times: user=0.26 sys=0.00, real=0.05 secs] 
55668.676: [GC 55668.676: [ParNew: 233893K->26176K(235968K), 0.0415787 secs] 947941K->745493K(1022400K), 0.0417665 secs] [Times: user=0.25 sys=0.00, real=0.05 secs] 
55670.329: [GC 55670.329: [ParNew: 235968K->26176K(235968K), 0.0410189 secs] 955285K->750455K(1022400K), 0.0412108 secs] [Times: user=0.26 sys=0.00, real=0.05 secs] 
55670.371: [GC [1 CMS-initial-mark: 724279K(786432K)] 750761K(1022400K), 0.0357353 secs] [Times: user=0.03 sys=0.00, real=0.03 secs] 
55670.407: [CMS-concurrent-mark-start]
55671.916: [CMS-concurrent-mark: 1.509/1.509 secs] [Times: user=4.72 sys=0.03, real=1.50 secs] 
55671.916: [CMS-concurrent-preclean-start]
55672.004: [CMS-concurrent-preclean: 0.061/0.088 secs] [Times: user=0.13 sys=0.05, real=0.09 secs] 
55672.004: [CMS-concurrent-abortable-preclean-start]
55674.076: [GC 55674.077: [ParNew: 235968K->20819K(235968K), 0.0375936 secs] 960247K->751705K(1022400K), 0.0377559 secs] [Times: user=0.24 sys=0.00, real=0.03 secs] 
CMS: abort preclean due to time 2010-04-21T10:11:26.127+0100: 55677.034: [CMS-concurrent-abortable-preclean: 4.330/5.029 secs] [Times: user=6.67 sys=0.89, real=5.03 secs] 
55677.034: [GC[YG occupancy: 82237 K (235968 K)]55677.035: [Rescan (parallel) , 0.0170837 secs]55677.052: [weak refs processing, 0.0002048 secs] [1 CMS-remark: 730886K(786432K)] 813124K(1022400K), 0.0174321 secs] [Times: user=0.13 sys=0.00, real=0.02 secs] 
55677.052: [CMS-concurrent-sweep-start]
55677.983: [CMS-concurrent-sweep: 0.930/0.930 secs] [Times: user=1.63 sys=0.03, real=0.94 secs] 
55677.983: [CMS-concurrent-reset-start]
55677.999: [CMS-concurrent-reset: 0.016/0.016 secs] [Times: user=0.02 sys=0.00, real=0.01 secs] 
55683.682: [GC 55683.682: [ParNew: 230611K->10382K(235968K), 0.0144937 secs] 669709K->449480K(1022400K), 0.0146656 secs] [Times: user=0.03 sys=0.00, real=0.02 secs] 
55688.520: [GC 55688.520: [ParNew: 220174K->23844K(235968K), 0.0338778 secs] 659272K->462942K(1022400K), 0.0340599 secs] [Times: user=0.25 sys=0.00, real=0.03 secs] 
55691.247: [GC 55691.247: [ParNew: 233636K->17326K(235968K), 0.0353830 secs] 672734K->461736K(1022400K), 0.0355741 secs] [Times: user=0.13 sys=0.00, real=0.03 secs] 
55695.437: [GC 55695.437: [ParNew: 227118K->12459K(235968K), 0.0157861 secs] 671528K->456868K(1022400K), 0.0159476 secs] [Times: user=0.13 sys=0.00, real=0.02 secs] 
55703.696: [GC 55703.696: [ParNew: 222251K->11155K(235968K), 0.0180995 secs] 666660K->455564K(1022400K), 0.0182878 secs] [Times: user=0.13 sys=0.00, real=0.03 secs] 
55708.196: [GC 55708.196: [ParNew: 220947K->14429K(235968K), 0.0248370 secs] 665356K->458838K(1022400K), 0.0250272 secs] [Times: user=0.25 sys=0.00, real=0.03 secs] 
55719.426: [GC 55719.426: [ParNew: 224221K->10174K(235968K), 0.0209781 secs] 668630K->454720K(1022400K), 0.0211583 secs] [Times: user=0.13 sys=0.00, real=0.02 secs] 
55722.480: [GC 55722.480: [ParNew: 219966K->26176K(235968K), 0.0371441 secs] 664512K->470927K(1022400K), 0.0373120 secs] [Times: user=0.25 sys=0.00, real=0.03 secs] 
55724.688: [GC 55724.688: [ParNew: 235968K->19593K(235968K), 0.0426641 secs] 680719K->471679K(1022400K), 0.0428499 secs] [Times: user=0.25 sys=0.02, real=0.05 secs] 
55726.677: [GC 55726.678: [ParNew: 229385K->18298K(235968K), 0.0257664 secs] 681471K->470384K(1022400K), 0.0259522 secs] [Times: user=0.23 sys=0.00, real=0.03 secs] 
55728.579: [GC 55728.579: [ParNew: 228090K->26176K(235968K), 0.1089971 secs] 680176K->497703K(1022400K), 0.1091885 secs] [Times: user=0.72 sys=0.00, real=0.11 secs] 
55730.452: [GC 55730.452: [ParNew: 235968K->26176K(235968K), 0.1841927 secs] 707495K->538515K(1022400K), 0.1843843 secs] [Times: user=1.03 sys=0.02, real=0.19 secs] 
55733.702: [GC 55733.702: [ParNew: 235968K->26176K(235968K), 0.1117298 secs] 748307K->565159K(1022400K), 0.1119153 secs] [Times: user=0.63 sys=0.02, real=0.11 secs] 
55738.784: [GC 55738.784: [ParNew: 235968K->22880K(235968K), 0.0624923 secs] 774951K->578160K(1022400K), 0.0626585 secs] [Times: user=0.39 sys=0.00, real=0.06 secs] 
55740.607: [GC 55740.607: [ParNew: 232672K->26176K(235968K), 0.0352137 secs] 787952K->582052K(1022400K), 0.0353956 secs] [Times: user=0.25 sys=0.00, real=0.03 secs] 
55740.644: [GC 55740.644: [ParNew: 26294K->12651K(235968K), 0.0569399 secs] 582170K->592203K(1022400K), 0.0570933 secs] [Times: user=0.28 sys=0.00, real=0.06 secs] 
55742.339: [GC 55742.339: [ParNew: 222443K->24673K(235968K), 0.0318518 secs] 801995K->604225K(1022400K), 0.0320348 secs] [Times: user=0.20 sys=0.00, real=0.05 secs] 
55744.091: [GC 55744.091: [ParNew: 234465K->26176K(235968K), 0.0529213 secs] 814017K->616743K(1022400K), 0.0531112 secs] [Times: user=0.26 sys=0.00, real=0.05 secs] 
55745.728: [GC 55745.729: [ParNew: 235968K->26176K(235968K), 0.0420710 secs] 826535K->624344K(1022400K), 0.0422643 secs] [Times: user=0.38 sys=0.00, real=0.05 secs] 
55748.407: [GC 55748.407: [ParNew: 235968K->26176K(235968K), 0.0455818 secs] 834136K->631710K(1022400K), 0.0457748 secs] [Times: user=0.26 sys=0.00, real=0.05 secs] 
55751.096: [GC 55751.096: [ParNew: 235968K->20937K(235968K), 0.0460271 secs] 841502K->639370K(1022400K), 0.0462173 secs] [Times: user=0.27 sys=0.00, real=0.05 secs] 
55754.710: [GC 55754.710: [ParNew: 230729K->15780K(235968K), 0.0220693 secs] 849162K->634213K(1022400K), 0.0222576 secs] [Times: user=0.23 sys=0.01, real=0.03 secs] 
55758.058: [GC 55758.058: [ParNew: 225572K->21401K(235968K), 0.0222707 secs] 844005K->639834K(1022400K), 0.0224325 secs] [Times: user=0.25 sys=0.00, real=0.03 secs] 
55760.025: [GC 55760.025: [ParNew: 231193K->26176K(235968K), 0.0482637 secs] 849626K->648189K(1022400K), 0.0484310 secs] [Times: user=0.38 sys=0.00, real=0.05 secs] 
55761.557: [GC 55761.557: [ParNew: 235968K->26176K(235968K), 0.0517150 secs] 857981K->657568K(1022400K), 0.0519013 secs] [Times: user=0.39 sys=0.00, real=0.06 secs] 
55764.488: [GC 55764.489: [ParNew: 235968K->20727K(235968K), 0.0381867 secs] 867360K->656328K(1022400K), 0.0383510 secs] [Times: user=0.25 sys=0.00, real=0.03 secs] 
55766.471: [GC 55766.471: [ParNew: 230519K->22625K(235968K), 0.0425227 secs] 866120K->666064K(1022400K), 0.0427146 secs] [Times: user=0.27 sys=0.00, real=0.05 secs] 
55770.274: [GC 55770.274: [ParNew: 232417K->22367K(235968K), 0.0318208 secs] 875856K->670253K(1022400K), 0.0320080 secs] [Times: user=0.25 sys=0.00, real=0.03 secs] 
55772.776: [GC 55772.776: [ParNew: 232159K->19231K(235968K), 0.0352796 secs] 880045K->671457K(1022400K), 0.0354629 secs] [Times: user=0.27 sys=0.00, real=0.05 secs] 
55777.746: [GC 55777.746: [ParNew: 229023K->14012K(235968K), 0.0207362 secs] 881249K->668119K(1022400K), 0.0209342 secs] [Times: user=0.20 sys=0.01, real=0.03 secs] 
55780.047: [GC 55780.047: [ParNew: 223456K->22852K(235968K), 0.0323904 secs] 877563K->676959K(1022400K), 0.0325706 secs] [Times: user=0.25 sys=0.00, real=0.03 secs] 
55785.744: [GC 55785.744: [ParNew: 232644K->16887K(235968K), 0.0326081 secs] 886751K->676180K(1022400K), 0.0327673 secs] [Times: user=0.25 sys=0.00, real=0.03 secs] 
55790.169: [GC 55790.169: [ParNew: 226679K->12093K(235968K), 0.0105463 secs] 885972K->671386K(1022400K), 0.0107011 secs] [Times: user=0.00 sys=0.00, real=0.00 secs] 
55796.047: [GC 55796.047: [ParNew: 221885K->19913K(235968K), 0.0310333 secs] 881178K->679206K(1022400K), 0.0312001 secs] [Times: user=0.25 sys=0.00, real=0.03 secs] 
55801.317: [GC 55801.317: [ParNew: 229705K->14357K(235968K), 0.0272937 secs] 888998K->678072K(1022400K), 0.0274842 secs] [Times: user=0.13 sys=0.00, real=0.03 secs] 
55804.070: [GC 55804.070: [ParNew: 224149K->19327K(235968K), 0.0353861 secs] 887864K->683042K(1022400K), 0.0355649 secs] [Times: user=0.25 sys=0.00, real=0.05 secs] 
55807.052: [GC 55807.052: [ParNew: 229119K->13508K(235968K), 0.0255060 secs] 892834K->679928K(1022400K), 0.0257035 secs] [Times: user=0.13 sys=0.00, real=0.03 secs] 
55811.592: [GC 55811.592: [ParNew: 223300K->11036K(235968K), 0.0165756 secs] 889720K->677456K(1022400K), 0.0167334 secs] [Times: user=0.13 sys=0.00, real=0.02 secs] 
55814.938: [GC 55814.938: [ParNew: 220828K->18634K(235968K), 0.0260307 secs] 887248K->685054K(1022400K), 0.0262109 secs] [Times: user=0.13 sys=0.00, real=0.02 secs] 
55818.340: [GC 55818.340: [ParNew: 228426K->21086K(235968K), 0.0342111 secs] 894846K->691926K(1022400K), 0.0344091 secs] [Times: user=0.16 sys=0.00, real=0.05 secs] 
55821.427: [GC 55821.427: [ParNew: 230878K->13389K(235968K), 0.0222352 secs] 901718K->685750K(1022400K), 0.0223989 secs] [Times: user=0.13 sys=0.00, real=0.02 secs] 
55831.043: [GC 55831.043: [ParNew: 223181K->12089K(235968K), 0.0176539 secs] 895542K->684450K(1022400K), 0.0178372 secs] [Times: user=0.25 sys=0.00, real=0.03 secs] 
55834.945: [GC 55834.945: [ParNew: 221881K->23966K(235968K), 0.0316716 secs] 894242K->696327K(1022400K), 0.0318557 secs] [Times: user=0.25 sys=0.00, real=0.03 secs] 
55841.307: [GC 55841.307: [ParNew: 233758K->16506K(235968K), 0.0251032 secs] 906119K->692006K(1022400K), 0.0252918 secs] [Times: user=0.25 sys=0.00, real=0.03 secs] 
55843.848: [GC 55843.848: [ParNew: 226298K->17178K(235968K), 0.0255971 secs] 901798K->692677K(1022400K), 0.0257756 secs] [Times: user=0.25 sys=0.00, real=0.03 secs] 
55846.442: [GC 55846.442: [ParNew: 226970K->14318K(235968K), 0.0256636 secs] 902469K->691483K(1022400K), 0.0258547 secs] [Times: user=0.13 sys=0.00, real=0.03 secs] 
55848.477: [GC 55848.477: [ParNew: 224110K->22652K(235968K), 0.0307791 secs] 901275K->699817K(1022400K), 0.0309696 secs] [Times: user=0.25 sys=0.00, real=0.03 secs] 
55852.150: [GC 55852.150: [ParNew: 232444K->15441K(235968K), 0.0226660 secs] 909609K->694495K(1022400K), 0.0228627 secs] [Times: user=0.22 sys=0.03, real=0.03 secs] 
55859.467: [GC 55859.467: [ParNew: 225233K->8123K(235968K), 0.0172338 secs] 904287K->687177K(1022400K), 0.0173888 secs] [Times: user=0.13 sys=0.00, real=0.02 secs] 
55865.620: [GC 55865.620: [ParNew: 217915K->10852K(235968K), 0.0160062 secs] 896969K->689906K(1022400K), 0.0161867 secs] [Times: user=0.13 sys=0.00, real=0.02 secs] 
55876.455: [GC 55876.455: [ParNew: 220644K->12651K(235968K), 0.0207049 secs] 899698K->691705K(1022400K), 0.0208937 secs] [Times: user=0.13 sys=0.00, real=0.02 secs] 
55881.808: [GC 55881.808: [ParNew: 222443K->15993K(235968K), 0.0207630 secs] 901497K->695214K(1022400K), 0.0209247 secs] [Times: user=0.25 sys=0.00, real=0.03 secs] 
55884.722: [GC 55884.722: [ParNew: 225785K->24361K(235968K), 0.0327944 secs] 905006K->703729K(1022400K), 0.0329807 secs] [Times: user=0.25 sys=0.00, real=0.03 secs] 
55888.000: [GC 55888.000: [ParNew: 234153K->16961K(235968K), 0.0338353 secs] 913521K->700574K(1022400K), 0.0340267 secs] [Times: user=0.13 sys=0.01, real=0.03 secs] 
55894.941: [GC 55894.942: [ParNew: 226753K->10995K(235968K), 0.0160867 secs] 910366K->694608K(1022400K), 0.0162683 secs] [Times: user=0.13 sys=0.00, real=0.01 secs] 
55900.001: [GC 55900.001: [ParNew: 220787K->12269K(235968K), 0.0183621 secs] 904400K->695882K(1022400K), 0.0185479 secs] [Times: user=0.13 sys=0.00, real=0.02 secs] 
55903.997: [GC 55903.997: [ParNew: 222061K->18896K(235968K), 0.0284978 secs] 905674K->702509K(1022400K), 0.0286866 secs] [Times: user=0.14 sys=0.00, real=0.03 secs] 
55907.553: [GC 55907.553: [ParNew: 228688K->14348K(235968K), 0.0264475 secs] 912301K->701490K(1022400K), 0.0266101 secs] [Times: user=0.13 sys=0.00, real=0.03 secs] 
55913.250: [GC 55913.250: [ParNew: 224140K->13197K(235968K), 0.0279661 secs] 911282K->700339K(1022400K), 0.0281407 secs] [Times: user=0.13 sys=0.00, real=0.02 secs] 
55916.029: [GC 55916.029: [ParNew: 222989K->21615K(235968K), 0.0326287 secs] 910131K->708758K(1022400K), 0.0328139 secs] [Times: user=0.22 sys=0.02, real=0.05 secs] 
55918.530: [GC 55918.530: [ParNew: 231407K->25233K(235968K), 0.0406116 secs] 918550K->717085K(1022400K), 0.0407770 secs] [Times: user=0.25 sys=0.00, real=0.03 secs] 
55920.224: [GC 55920.224: [ParNew: 235025K->26176K(235968K), 0.0518432 secs] 926877K->726441K(1022400K), 0.0520326 secs] [Times: user=0.38 sys=0.00, real=0.05 secs] 
55922.870: [GC 55922.870: [ParNew: 235968K->22226K(235968K), 0.0446881 secs] 936233K->729597K(1022400K), 0.0448744 secs] [Times: user=0.36 sys=0.00, real=0.05 secs] 
55929.729: [GC 55929.729: [ParNew: 232018K->16584K(235968K), 0.0247942 secs] 939389K->729972K(1022400K), 0.0249853 secs] [Times: user=0.25 sys=0.00, real=0.03 secs] 
55934.782: [GC 55934.782: [ParNew: 226376K->20091K(235968K), 0.0303058 secs] 939764K->733480K(1022400K), 0.0304726 secs] [Times: user=0.25 sys=0.00, real=0.03 secs] 
55936.867: [GC 55936.867: [ParNew: 229883K->17316K(235968K), 0.0408119 secs] 943272K->736095K(1022400K), 0.0409759 secs] [Times: user=0.26 sys=0.00, real=0.05 secs] 
55939.907: [GC 55939.907: [ParNew: 227108K->26176K(235968K), 0.0339906 secs] 945887K->744955K(1022400K), 0.0341770 secs] [Times: user=0.25 sys=0.00, real=0.03 secs] 
55941.773: [GC 55941.773: [ParNew: 235968K->26176K(235968K), 0.0563010 secs] 954747K->755358K(1022400K), 0.0564725 secs] [Times: user=0.39 sys=0.00, real=0.06 secs] 
55941.830: [GC [1 CMS-initial-mark: 729182K(786432K)] 755534K(1022400K), 0.0344329 secs] [Times: user=0.03 sys=0.00, real=0.03 secs] 
55941.865: [CMS-concurrent-mark-start]
55943.427: [CMS-concurrent-mark: 1.562/1.562 secs] [Times: user=5.69 sys=0.08, real=1.56 secs] 
55943.427: [CMS-concurrent-preclean-start]
55943.543: [CMS-concurrent-preclean: 0.084/0.116 secs] [Times: user=0.23 sys=0.05, real=0.11 secs] 
55943.544: [CMS-concurrent-abortable-preclean-start]
55943.763: [GC 55943.763: [ParNew: 235968K->24135K(235968K), 0.0437223 secs] 965150K->758277K(1022400K), 0.0438888 secs] [Times: user=0.33 sys=0.00, real=0.05 secs] 
55946.700: [CMS-concurrent-abortable-preclean: 2.835/3.156 secs] [Times: user=5.02 sys=0.34, real=3.16 secs] 
55946.701: [GC[YG occupancy: 131654 K (235968 K)]55946.701: [Rescan (parallel) , 0.0308536 secs]55946.732: [weak refs processing, 0.0001880 secs] [1 CMS-remark: 734142K(786432K)] 865796K(1022400K), 0.0311685 secs] [Times: user=0.25 sys=0.00, real=0.03 secs] 
55946.732: [CMS-concurrent-sweep-start]
55947.682: [CMS-concurrent-sweep: 0.949/0.950 secs] [Times: user=1.45 sys=0.03, real=0.95 secs] 
55947.682: [CMS-concurrent-reset-start]
55947.698: [CMS-concurrent-reset: 0.016/0.016 secs] [Times: user=0.03 sys=0.00, real=0.01 secs] 
55951.077: [GC 55951.077: [ParNew: 233927K->19145K(235968K), 0.0241659 secs] 669487K->459336K(1022400K), 0.0243584 secs] [Times: user=0.13 sys=0.00, real=0.02 secs] 
55959.080: [GC 55959.080: [ParNew: 228937K->11899K(235968K), 0.0157528 secs] 669128K->452090K(1022400K), 0.0159118 secs] [Times: user=0.13 sys=0.00, real=0.02 secs] 
55964.361: [GC 55964.362: [ParNew: 221691K->14344K(235968K), 0.0237622 secs] 661882K->454535K(1022400K), 0.0239475 secs] [Times: user=0.13 sys=0.00, real=0.01 secs] 
55970.341: [GC 55970.341: [ParNew: 224136K->20123K(235968K), 0.0284841 secs] 664327K->460314K(1022400K), 0.0286712 secs] [Times: user=0.25 sys=0.00, real=0.03 secs] 
55973.674: [GC 55973.674: [ParNew: 229915K->20815K(235968K), 0.0359898 secs] 670106K->464631K(1022400K), 0.0361753 secs] [Times: user=0.25 sys=0.00, real=0.03 secs] 
55976.037: [GC 55976.037: [ParNew: 229428K->26176K(235968K), 0.0278505 secs] 673244K->471122K(1022400K), 0.0280223 secs] [Times: user=0.25 sys=0.00, real=0.03 secs] 
55978.942: [GC 55978.942: [ParNew: 235968K->17482K(235968K), 0.0343759 secs] 680914K->465552K(1022400K), 0.0345432 secs] [Times: user=0.25 sys=0.00, real=0.03 secs] 
55983.921: [GC 55983.921: [ParNew: 227274K->15277K(235968K), 0.0229633 secs] 675344K->463347K(1022400K), 0.0231434 secs] [Times: user=0.13 sys=0.00, real=0.02 secs] 
55988.063: [GC 55988.063: [ParNew: 225069K->12638K(235968K), 0.0211924 secs] 673139K->460708K(1022400K), 0.0213991 secs] [Times: user=0.13 sys=0.00, real=0.02 secs] 
55993.072: [GC 55993.072: [ParNew: 222430K->20699K(235968K), 0.0270733 secs] 670500K->468975K(1022400K), 0.0272353 secs] [Times: user=0.25 sys=0.00, real=0.03 secs] 
55996.706: [GC 55996.706: [ParNew: 228599K->19555K(235968K), 0.0259854 secs] 676875K->468995K(1022400K), 0.0261757 secs] [Times: user=0.13 sys=0.00, real=0.02 secs] 
56001.152: [GC 56001.152: [ParNew: 229347K->22514K(235968K), 0.0298141 secs] 678787K->474100K(1022400K), 0.0300058 secs] [Times: user=0.25 sys=0.00, real=0.03 secs] 
56003.067: [GC 56003.067: [ParNew: 232306K->26176K(235968K), 0.0384750 secs] 683892K->478049K(1022400K), 0.0386602 secs] [Times: user=0.25 sys=0.00, real=0.03 secs] 
56005.253: [GC 56005.253: [ParNew: 235968K->19732K(235968K), 0.0483006 secs] 687841K->479255K(1022400K), 0.0484841 secs] [Times: user=0.27 sys=0.00, real=0.05 secs] 
56010.067: [GC 56010.067: [ParNew: 229524K->13977K(235968K), 0.0165563 secs] 689047K->473499K(1022400K), 0.0167435 secs] [Times: user=0.13 sys=0.00, real=0.02 secs] 
56019.059: [GC 56019.059: [ParNew: 223769K->19750K(235968K), 0.0231462 secs] 683291K->479272K(1022400K), 0.0233398 secs] [Times: user=0.25 sys=0.00, real=0.03 secs] 
56024.521: [GC 56024.521: [ParNew: 229542K->13322K(235968K), 0.0223006 secs] 689064K->474418K(1022400K), 0.0224928 secs] [Times: user=0.13 sys=0.00, real=0.02 secs] 
56030.073: [GC 56030.073: [ParNew: 223114K->14725K(235968K), 0.0203319 secs] 684210K->475821K(1022400K), 0.0205155 secs] [Times: user=0.13 sys=0.00, real=0.03 secs] 
56037.010: [GC 56037.010: [ParNew: 224517K->12752K(235968K), 0.0268763 secs] 685613K->477062K(1022400K), 0.0270680 secs] [Times: user=0.24 sys=0.01, real=0.03 secs] 
56044.715: [GC 56044.715: [ParNew: 222544K->8962K(235968K), 0.0197131 secs] 686854K->473865K(1022400K), 0.0198807 secs] [Times: user=0.13 sys=0.00, real=0.03 secs] 
56050.428: [GC 56050.428: [ParNew: 218754K->6805K(235968K), 0.0190432 secs] 683657K->473647K(1022400K), 0.0192360 secs] [Times: user=0.13 sys=0.00, real=0.02 secs] 
56059.086: [GC 56059.086: [ParNew: 216597K->10745K(235968K), 0.0180151 secs] 683439K->477687K(1022400K), 0.0181886 secs] [Times: user=0.13 sys=0.00, real=0.02 secs] 
56067.700: [GC 56067.700: [ParNew: 220537K->8204K(235968K), 0.0214077 secs] 687479K->475314K(1022400K), 0.0215924 secs] [Times: user=0.23 sys=0.01, real=0.03 secs] 
56070.399: [GC 56070.399: [ParNew: 217996K->20970K(235968K), 0.0293328 secs] 685106K->488269K(1022400K), 0.0294887 secs] [Times: user=0.25 sys=0.00, real=0.03 secs] 
56078.514: [GC 56078.514: [ParNew: 230762K->13772K(235968K), 0.0276694 secs] 698061K->484607K(1022400K), 0.0278454 secs] [Times: user=0.25 sys=0.00, real=0.03 secs] 
56086.324: [GC 56086.324: [ParNew: 223564K->20324K(235968K), 0.0316811 secs] 694399K->491159K(1022400K), 0.0318708 secs] [Times: user=0.25 sys=0.00, real=0.03 secs] 
56090.512: [GC 56090.512: [ParNew: 230111K->14590K(235968K), 0.0237829 secs] 700946K->487865K(1022400K), 0.0239740 secs] [Times: user=0.25 sys=0.00, real=0.03 secs] 
56093.421: [GC 56093.421: [ParNew: 224382K->7299K(235968K), 0.0238832 secs] 697657K->480575K(1022400K), 0.0240603 secs] [Times: user=0.25 sys=0.00, real=0.03 secs] 
56098.886: [GC 56098.886: [ParNew: 217091K->14512K(235968K), 0.0286025 secs] 690367K->487787K(1022400K), 0.0287919 secs] [Times: user=0.25 sys=0.00, real=0.03 secs] 
56102.301: [GC 56102.301: [ParNew: 224304K->20183K(235968K), 0.0247579 secs] 697579K->493459K(1022400K), 0.0249462 secs] [Times: user=0.13 sys=0.00, real=0.02 secs] 
56106.469: [GC 56106.469: [ParNew: 229975K->13117K(235968K), 0.0234044 secs] 703251K->487999K(1022400K), 0.0236200 secs] [Times: user=0.14 sys=0.00, real=0.03 secs] 
56109.134: [GC 56109.134: [ParNew: 222909K->26176K(235968K), 0.0379353 secs] 697791K->501059K(1022400K), 0.0381048 secs] [Times: user=0.25 sys=0.00, real=0.05 secs] 
56110.557: [GC 56110.557: [ParNew: 235968K->26176K(235968K), 0.0570302 secs] 710851K->509118K(1022400K), 0.0572179 secs] [Times: user=0.39 sys=0.00, real=0.06 secs] 
56113.671: [GC 56113.672: [ParNew: 235968K->21372K(235968K), 0.0298150 secs] 718910K->508629K(1022400K), 0.0300044 secs] [Times: user=0.25 sys=0.00, real=0.03 secs] 
56119.319: [GC 56119.320: [ParNew: 231164K->18447K(235968K), 0.0208599 secs] 718421K->505704K(1022400K), 0.0210524 secs] [Times: user=0.13 sys=0.00, real=0.02 secs] 
56124.012: [GC 56124.012: [ParNew: 228239K->22040K(235968K), 0.0234602 secs] 715496K->509296K(1022400K), 0.0236438 secs] [Times: user=0.25 sys=0.00, real=0.03 secs] 
56132.644: [GC 56132.644: [ParNew: 231832K->18572K(235968K), 0.0257636 secs] 719088K->505829K(1022400K), 0.0259516 secs] [Times: user=0.13 sys=0.00, real=0.02 secs] 
56134.874: [GC 56134.874: [ParNew: 228364K->25703K(235968K), 0.0446934 secs] 715621K->517832K(1022400K), 0.0448856 secs] [Times: user=0.36 sys=0.00, real=0.05 secs] 
56137.206: [GC 56137.206: [ParNew: 235495K->20669K(235968K), 0.0396671 secs] 727624K->518253K(1022400K), 0.0398618 secs] [Times: user=0.25 sys=0.00, real=0.03 secs] 
56139.949: [GC 56139.950: [ParNew: 230461K->22938K(235968K), 0.0354833 secs] 728045K->523141K(1022400K), 0.0356705 secs] [Times: user=0.27 sys=0.00, real=0.05 secs] 
56141.801: [GC 56141.801: [ParNew: 232730K->20074K(235968K), 0.0458502 secs] 732933K->526264K(1022400K), 0.0460450 secs] [Times: user=0.27 sys=0.00, real=0.05 secs] 
56144.123: [GC 56144.123: [ParNew: 229866K->26176K(235968K), 0.0320046 secs] 736056K->532367K(1022400K), 0.0322041 secs] [Times: user=0.25 sys=0.00, real=0.03 secs] 
56146.612: [GC 56146.612: [ParNew: 235968K->18667K(235968K), 0.0501854 secs] 742159K->534021K(1022400K), 0.0503547 secs] [Times: user=0.26 sys=0.00, real=0.05 secs] 
56151.612: [GC 56151.612: [ParNew: 228459K->23048K(235968K), 0.0238427 secs] 743813K->538401K(1022400K), 0.0240310 secs] [Times: user=0.13 sys=0.00, real=0.02 secs] 
56154.585: [GC 56154.585: [ParNew: 232840K->19072K(235968K), 0.0338266 secs] 748193K->537475K(1022400K), 0.0340141 secs] [Times: user=0.25 sys=0.00, real=0.03 secs] 
56157.908: [GC 56157.908: [ParNew: 228864K->14191K(235968K), 0.0308246 secs] 747267K->535243K(1022400K), 0.0310173 secs] [Times: user=0.14 sys=0.00, real=0.03 secs] 
56160.112: [GC 56160.112: [ParNew: 223983K->24372K(235968K), 0.0290336 secs] 745035K->545423K(1022400K), 0.0292297 secs] [Times: user=0.14 sys=0.00, real=0.03 secs] 
56163.221: [GC 56163.222: [ParNew: 234164K->16332K(235968K), 0.0271956 secs] 755215K->540872K(1022400K), 0.0273605 secs] [Times: user=0.13 sys=0.00, real=0.02 secs] 
56169.198: [GC 56169.198: [ParNew: 226124K->7747K(235968K), 0.0151729 secs] 750664K->532287K(1022400K), 0.0153561 secs] [Times: user=0.13 sys=0.00, real=0.02 secs] 
56176.989: [GC 56176.989: [ParNew: 217539K->11397K(235968K), 0.0200400 secs] 742079K->535937K(1022400K), 0.0202272 secs] [Times: user=0.13 sys=0.00, real=0.02 secs] 
56188.217: [GC 56188.217: [ParNew: 221189K->8151K(235968K), 0.0190636 secs] 745729K->532691K(1022400K), 0.0192307 secs] [Times: user=0.13 sys=0.00, real=0.03 secs] 
56198.384: [GC 56198.384: [ParNew: 217943K->12976K(235968K), 0.0238558 secs] 742483K->537576K(1022400K), 0.0240455 secs] [Times: user=0.13 sys=0.00, real=0.03 secs] 
56209.674: [GC 56209.675: [ParNew: 222769K->9867K(235968K), 0.0196430 secs] 747368K->534599K(1022400K), 0.0198156 secs] [Times: user=0.13 sys=0.00, real=0.02 secs] 
56220.013: [GC 56220.013: [ParNew: 219659K->15668K(235968K), 0.0242251 secs] 744391K->540528K(1022400K), 0.0243995 secs] [Times: user=0.25 sys=0.00, real=0.03 secs] 
56224.909: [GC 56224.909: [ParNew: 225460K->12505K(235968K), 0.0257717 secs] 750320K->537507K(1022400K), 0.0259625 secs] [Times: user=0.13 sys=0.00, real=0.02 secs] 
56228.908: [GC 56228.908: [ParNew: 222297K->23392K(235968K), 0.0369709 secs] 747299K->550206K(1022400K), 0.0371827 secs] [Times: user=0.26 sys=0.00, real=0.05 secs] 
56232.328: [GC 56232.328: [ParNew: 233184K->15966K(235968K), 0.0358160 secs] 759998K->547633K(1022400K), 0.0359850 secs] [Times: user=0.26 sys=0.00, real=0.05 secs] 
56234.305: [GC 56234.305: [ParNew: 225758K->20807K(235968K), 0.0272755 secs] 757425K->552474K(1022400K), 0.0274594 secs] [Times: user=0.25 sys=0.00, real=0.03 secs] 
56237.034: [GC 56237.034: [ParNew: 230599K->16924K(235968K), 0.0342965 secs] 762266K->553638K(1022400K), 0.0344829 secs] [Times: user=0.14 sys=0.00, real=0.03 secs] 
56239.781: [GC 56239.781: [ParNew: 226716K->24576K(235968K), 0.0298946 secs] 763430K->561290K(1022400K), 0.0300580 secs] [Times: user=0.25 sys=0.00, real=0.03 secs] 
56241.462: [GC 56241.463: [ParNew: 234368K->17695K(235968K), 0.0385800 secs] 771082K->561129K(1022400K), 0.0387667 secs] [Times: user=0.25 sys=0.00, real=0.03 secs] 
56243.342: [GC 56243.342: [ParNew: 227487K->25979K(235968K), 0.0288891 secs] 770921K->569413K(1022400K), 0.0290626 secs] [Times: user=0.25 sys=0.00, real=0.03 secs] 
56247.052: [GC 56247.052: [ParNew: 235771K->15922K(235968K), 0.0268221 secs] 779205K->565352K(1022400K), 0.0270235 secs] [Times: user=0.13 sys=0.00, real=0.02 secs] 
56252.761: [GC 56252.761: [ParNew: 225714K->7331K(235968K), 0.0156310 secs] 775144K->556761K(1022400K), 0.0158001 secs] [Times: user=0.13 sys=0.00, real=0.02 secs] 
56259.642: [GC 56259.642: [ParNew: 217123K->11249K(235968K), 0.0179674 secs] 766553K->560679K(1022400K), 0.0181495 secs] [Times: user=0.25 sys=0.00, real=0.03 secs] 
56264.148: [GC 56264.148: [ParNew: 221041K->17729K(235968K), 0.0299027 secs] 770471K->567159K(1022400K), 0.0300996 secs] [Times: user=0.25 sys=0.00, real=0.03 secs] 
56267.334: [GC 56267.334: [ParNew: 227521K->14810K(235968K), 0.0272244 secs] 776951K->565685K(1022400K), 0.0274141 secs] [Times: user=0.13 sys=0.00, real=0.01 secs] 
56272.753: [GC 56272.753: [ParNew: 224602K->10726K(235968K), 0.0168890 secs] 775477K->561602K(1022400K), 0.0170695 secs] [Times: user=0.08 sys=0.05, real=0.02 secs] 
56277.607: [GC 56277.607: [ParNew: 220518K->12617K(235968K), 0.0223288 secs] 771394K->563493K(1022400K), 0.0224976 secs] [Times: user=0.16 sys=0.00, real=0.03 secs] 
56281.896: [GC 56281.896: [ParNew: 222409K->11258K(235968K), 0.0214991 secs] 773285K->562577K(1022400K), 0.0216835 secs] [Times: user=0.13 sys=0.00, real=0.02 secs] 
56286.927: [GC 56286.927: [ParNew: 221050K->8279K(235968K), 0.0204576 secs] 772369K->559646K(1022400K), 0.0206163 secs] [Times: user=0.13 sys=0.00, real=0.02 secs] 
56288.690: [GC 56288.690: [ParNew: 218071K->26176K(235968K), 0.1973128 secs] 769438K->611040K(1022400K), 0.1975036 secs] [Times: user=1.36 sys=0.03, real=0.20 secs] 
56290.615: [GC 56290.615: [ParNew: 235968K->26176K(235968K), 0.1698205 secs] 820832K->650814K(1022400K), 0.1699853 secs] [Times: user=1.03 sys=0.02, real=0.17 secs] 
56294.020: [GC 56294.020: [ParNew: 235968K->26176K(235968K), 0.0782761 secs] 860606K->672911K(1022400K), 0.0784695 secs] [Times: user=0.36 sys=0.02, real=0.08 secs] 
56296.125: [GC 56296.125: [ParNew: 235968K->26176K(235968K), 0.0622479 secs] 882703K->688191K(1022400K), 0.0624565 secs] [Times: user=0.36 sys=0.00, real=0.06 secs] 
56300.660: [GC 56300.661: [ParNew: 235968K->19307K(235968K), 0.0335925 secs] 897983K->687975K(1022400K), 0.0337806 secs] [Times: user=0.11 sys=0.02, real=0.03 secs] 
56310.765: [GC 56310.765: [ParNew: 229099K->14472K(235968K), 0.0157336 secs] 897767K->683140K(1022400K), 0.0158914 secs] [Times: user=0.13 sys=0.00, real=0.02 secs] 
56317.672: [GC 56317.672: [ParNew: 224264K->22721K(235968K), 0.0222444 secs] 892932K->691389K(1022400K), 0.0224319 secs] [Times: user=0.25 sys=0.00, real=0.03 secs] 
56320.618: [GC 56320.618: [ParNew: 232513K->21572K(235968K), 0.0357168 secs] 901181K->696034K(1022400K), 0.0359043 secs] [Times: user=0.25 sys=0.00, real=0.03 secs] 
56328.434: [GC 56328.434: [ParNew: 231364K->14114K(235968K), 0.0229660 secs] 905826K->689737K(1022400K), 0.0231501 secs] [Times: user=0.13 sys=0.00, real=0.03 secs] 
56337.608: [GC 56337.608: [ParNew: 223906K->14081K(235968K), 0.0238145 secs] 899529K->689704K(1022400K), 0.0239896 secs] [Times: user=0.25 sys=0.00, real=0.03 secs] 
56340.584: [GC 56340.584: [ParNew: 223867K->16274K(235968K), 0.0255211 secs] 899490K->691897K(1022400K), 0.0257080 secs] [Times: user=0.13 sys=0.00, real=0.01 secs] 
56344.723: [GC 56344.723: [ParNew: 226066K->15250K(235968K), 0.0246562 secs] 901689K->691291K(1022400K), 0.0248322 secs] [Times: user=0.13 sys=0.00, real=0.02 secs] 
56351.822: [GC 56351.823: [ParNew: 225042K->11134K(235968K), 0.0217011 secs] 901083K->687175K(1022400K), 0.0218894 secs] [Times: user=0.13 sys=0.00, real=0.02 secs] 
56359.699: [GC 56359.699: [ParNew: 220926K->11157K(235968K), 0.0290858 secs] 896967K->689567K(1022400K), 0.0292749 secs] [Times: user=0.24 sys=0.02, real=0.03 secs] 
56368.224: [GC 56368.224: [ParNew: 220949K->13071K(235968K), 0.0187180 secs] 899359K->691568K(1022400K), 0.0189097 secs] [Times: user=0.13 sys=0.00, real=0.02 secs] 
56374.750: [GC 56374.750: [ParNew: 222746K->10604K(235968K), 0.0239271 secs] 901243K->689194K(1022400K), 0.0241045 secs] [Times: user=0.25 sys=0.00, real=0.03 secs] 
56380.163: [GC 56380.163: [ParNew: 220394K->8140K(235968K), 0.0149921 secs] 898984K->687207K(1022400K), 0.0151667 secs] [Times: user=0.08 sys=0.05, real=0.02 secs] 
56386.297: [GC 56386.297: [ParNew: 217932K->15708K(235968K), 0.0269101 secs] 896999K->694886K(1022400K), 0.0270984 secs] [Times: user=0.25 sys=0.00, real=0.03 secs] 
56388.989: [GC 56388.990: [ParNew: 225500K->21404K(235968K), 0.0264291 secs] 904678K->701479K(1022400K), 0.0266173 secs] [Times: user=0.13 sys=0.00, real=0.02 secs] 
56392.256: [GC 56392.256: [ParNew: 231196K->14492K(235968K), 0.0210915 secs] 911271K->696000K(1022400K), 0.0212580 secs] [Times: user=0.13 sys=0.00, real=0.02 secs] 
56395.779: [GC 56395.779: [ParNew: 224284K->12850K(235968K), 0.0202428 secs] 905792K->694358K(1022400K), 0.0204051 secs] [Times: user=0.13 sys=0.00, real=0.02 secs] 
56403.374: [GC 56403.374: [ParNew: 222642K->8278K(235968K), 0.0173285 secs] 904150K->689786K(1022400K), 0.0175059 secs] [Times: user=0.13 sys=0.00, real=0.02 secs] 
56407.317: [GC 56407.317: [ParNew: 218070K->16617K(235968K), 0.0297141 secs] 899578K->698125K(1022400K), 0.0299016 secs] [Times: user=0.13 sys=0.00, real=0.02 secs] 
56410.653: [GC 56410.653: [ParNew: 226409K->14795K(235968K), 0.0330036 secs] 907917K->696812K(1022400K), 0.0331875 secs] [Times: user=0.25 sys=0.00, real=0.03 secs] 
56414.365: [GC 56414.365: [ParNew: 224587K->13747K(235968K), 0.0234329 secs] 906604K->696034K(1022400K), 0.0236172 secs] [Times: user=0.13 sys=0.00, real=0.02 secs] 
56420.333: [GC 56420.333: [ParNew: 223539K->10268K(235968K), 0.0183308 secs] 905826K->692838K(1022400K), 0.0185163 secs] [Times: user=0.13 sys=0.00, real=0.02 secs] 
56424.909: [GC 56424.909: [ParNew: 220060K->11999K(235968K), 0.0252965 secs] 902630K->695008K(1022400K), 0.0254801 secs] [Times: user=0.25 sys=0.00, real=0.03 secs] 
56434.044: [GC 56434.044: [ParNew: 221791K->12903K(235968K), 0.0200263 secs] 904800K->695954K(1022400K), 0.0202115 secs] [Times: user=0.13 sys=0.00, real=0.02 secs] 
56437.001: [GC 56437.001: [ParNew: 222695K->18208K(235968K), 0.0265816 secs] 905746K->701638K(1022400K), 0.0267704 secs] [Times: user=0.25 sys=0.00, real=0.03 secs] 
56438.943: [GC 56438.944: [ParNew: 228000K->25633K(235968K), 0.0366927 secs] 911430K->711299K(1022400K), 0.0368832 secs] [Times: user=0.25 sys=0.00, real=0.03 secs] 
56442.290: [GC 56442.290: [ParNew: 235425K->17991K(235968K), 0.0244391 secs] 921091K->706458K(1022400K), 0.0246196 secs] [Times: user=0.13 sys=0.00, real=0.02 secs] 
56445.069: [GC 56445.070: [ParNew: 227783K->14284K(235968K), 0.0219517 secs] 916250K->702751K(1022400K), 0.0221419 secs] [Times: user=0.13 sys=0.00, real=0.02 secs] 
56447.727: [GC 56447.727: [ParNew: 224076K->13512K(235968K), 0.0192357 secs] 912543K->701978K(1022400K), 0.0194195 secs] [Times: user=0.13 sys=0.00, real=0.02 secs] 
56450.598: [GC 56450.598: [ParNew: 223304K->12640K(235968K), 0.0259108 secs] 911770K->701107K(1022400K), 0.0260701 secs] [Times: user=0.20 sys=0.01, real=0.03 secs] 
56453.936: [GC 56453.936: [ParNew: 222432K->17498K(235968K), 0.0261595 secs] 910899K->706047K(1022400K), 0.0263363 secs] [Times: user=0.25 sys=0.00, real=0.03 secs] 
56457.942: [GC 56457.942: [ParNew: 227290K->12988K(235968K), 0.0200858 secs] 915839K->702239K(1022400K), 0.0202772 secs] [Times: user=0.13 sys=0.00, real=0.02 secs] 
56469.529: [GC 56469.529: [ParNew: 222780K->11803K(235968K), 0.0187474 secs] 912031K->701054K(1022400K), 0.0189546 secs] [Times: user=0.13 sys=0.00, real=0.02 secs] 
56479.792: [GC 56479.792: [ParNew: 221595K->13428K(235968K), 0.0191024 secs] 910846K->702679K(1022400K), 0.0192611 secs] [Times: user=0.13 sys=0.00, real=0.02 secs] 
56488.816: [GC 56488.816: [ParNew: 223220K->8717K(235968K), 0.0219520 secs] 912471K->698069K(1022400K), 0.0221187 secs] [Times: user=0.22 sys=0.02, real=0.03 secs] 
56494.092: [GC 56494.092: [ParNew: 218509K->11706K(235968K), 0.0215435 secs] 907861K->701122K(1022400K), 0.0217301 secs] [Times: user=0.13 sys=0.00, real=0.02 secs] 
56498.667: [GC 56498.667: [ParNew: 221498K->17874K(235968K), 0.0264413 secs] 910914K->707415K(1022400K), 0.0266118 secs] [Times: user=0.25 sys=0.00, real=0.03 secs] 
56501.593: [GC 56501.593: [ParNew: 227666K->19363K(235968K), 0.0326907 secs] 917207K->711830K(1022400K), 0.0328600 secs] [Times: user=0.25 sys=0.00, real=0.03 secs] 
56504.789: [GC 56504.789: [ParNew: 229154K->12587K(235968K), 0.0166024 secs] 921621K->705054K(1022400K), 0.0167608 secs] [Times: user=0.13 sys=0.00, real=0.01 secs] 
56511.283: [GC 56511.283: [ParNew: 222379K->6357K(235968K), 0.0232761 secs] 914846K->699603K(1022400K), 0.0234502 secs] [Times: user=0.25 sys=0.00, real=0.03 secs] 
56517.081: [GC 56517.081: [ParNew: 216149K->11870K(235968K), 0.0201612 secs] 909395K->705292K(1022400K), 0.0203434 secs] [Times: user=0.20 sys=0.05, real=0.03 secs] 
56522.266: [GC 56522.266: [ParNew: 221662K->8193K(235968K), 0.0142007 secs] 915084K->701661K(1022400K), 0.0143820 secs] [Times: user=0.13 sys=0.00, real=0.02 secs] 
56528.364: [GC 56528.364: [ParNew: 217985K->16896K(235968K), 0.0268448 secs] 911453K->710788K(1022400K), 0.0270319 secs] [Times: user=0.22 sys=0.02, real=0.03 secs] 
56530.588: [GC 56530.588: [ParNew: 226688K->25051K(235968K), 0.0324016 secs] 920580K->719709K(1022400K), 0.0325974 secs] [Times: user=0.25 sys=0.00, real=0.03 secs] 
56533.480: [GC 56533.480: [ParNew: 234843K->16797K(235968K), 0.0193527 secs] 929501K->712931K(1022400K), 0.0195265 secs] [Times: user=0.13 sys=0.00, real=0.02 secs] 
56542.435: [GC 56542.435: [ParNew: 226589K->17972K(235968K), 0.0246607 secs] 922723K->714105K(1022400K), 0.0248596 secs] [Times: user=0.23 sys=0.00, real=0.03 secs] 
56547.788: [GC 56547.789: [ParNew: 227764K->13102K(235968K), 0.0293811 secs] 923897K->711869K(1022400K), 0.0295887 secs] [Times: user=0.13 sys=0.00, real=0.03 secs] 
56555.542: [GC 56555.543: [ParNew: 222894K->10929K(235968K), 0.0208879 secs] 921661K->709696K(1022400K), 0.0210767 secs] [Times: user=0.13 sys=0.00, real=0.02 secs] 
56561.227: [GC 56561.227: [ParNew: 220721K->8352K(235968K), 0.0141018 secs] 919488K->707119K(1022400K), 0.0142800 secs] [Times: user=0.00 sys=0.00, real=0.01 secs] 
56571.522: [GC 56571.522: [ParNew: 218144K->10262K(235968K), 0.0170156 secs] 916911K->709029K(1022400K), 0.0171854 secs] [Times: user=0.09 sys=0.03, real=0.02 secs] 
56579.815: [GC 56579.815: [ParNew: 220054K->7608K(235968K), 0.0158048 secs] 918821K->706651K(1022400K), 0.0159917 secs] [Times: user=0.13 sys=0.00, real=0.02 secs] 
56587.852: [GC 56587.852: [ParNew: 217400K->6931K(235968K), 0.0187370 secs] 916443K->706261K(1022400K), 0.0189021 secs] [Times: user=0.13 sys=0.00, real=0.02 secs] 
56590.385: [GC 56590.386: [ParNew: 216723K->15203K(235968K), 0.0228342 secs] 916053K->714612K(1022400K), 0.0230119 secs] [Times: user=0.13 sys=0.00, real=0.02 secs] 
56594.513: [GC 56594.513: [ParNew: 224995K->21474K(235968K), 0.0356101 secs] 924404K->721068K(1022400K), 0.0357942 secs] [Times: user=0.25 sys=0.00, real=0.03 secs] 
56596.838: [GC 56596.838: [ParNew: 231266K->14952K(235968K), 0.0338641 secs] 930860K->718935K(1022400K), 0.0340510 secs] [Times: user=0.25 sys=0.00, real=0.03 secs] 
56598.731: [GC 56598.731: [ParNew: 224744K->23166K(235968K), 0.0292146 secs] 928727K->727150K(1022400K), 0.0293962 secs] [Times: user=0.25 sys=0.00, real=0.03 secs] 
56601.116: [GC 56601.117: [ParNew: 232958K->17736K(235968K), 0.0287084 secs] 936942K->725894K(1022400K), 0.0288763 secs] [Times: user=0.13 sys=0.00, real=0.02 secs] 
56604.276: [GC 56604.277: [ParNew: 227528K->17655K(235968K), 0.0258365 secs] 935686K->725813K(1022400K), 0.0260036 secs] [Times: user=0.13 sys=0.00, real=0.02 secs] 
56610.542: [GC 56610.542: [ParNew: 227447K->18374K(235968K), 0.0269054 secs] 935605K->728754K(1022400K), 0.0270867 secs] [Times: user=0.14 sys=0.00, real=0.03 secs] 
56616.524: [GC 56616.524: [ParNew: 228166K->13014K(235968K), 0.0199643 secs] 938546K->723394K(1022400K), 0.0201241 secs] [Times: user=0.13 sys=0.00, real=0.01 secs] 
56618.860: [GC 56618.860: [ParNew: 222806K->26176K(235968K), 0.0457628 secs] 933186K->737513K(1022400K), 0.0459570 secs] [Times: user=0.38 sys=0.00, real=0.05 secs] 
56620.941: [GC 56620.941: [ParNew: 235968K->20744K(235968K), 0.0414790 secs] 947305K->739400K(1022400K), 0.0416737 secs] [Times: user=0.38 sys=0.00, real=0.05 secs] 
56624.326: [GC 56624.326: [ParNew: 230536K->14568K(235968K), 0.0180665 secs] 949192K->733224K(1022400K), 0.0182557 secs] [Times: user=0.13 sys=0.00, real=0.01 secs] 
56628.620: [GC 56628.620: [ParNew: 224360K->26176K(235968K), 0.0332500 secs] 943016K->745068K(1022400K), 0.0334428 secs] [Times: user=0.25 sys=0.00, real=0.03 secs] 
56630.408: [GC 56630.408: [ParNew: 235968K->18936K(235968K), 0.0410533 secs] 954860K->746547K(1022400K), 0.0412181 secs] [Times: user=0.25 sys=0.00, real=0.05 secs] 
56630.450: [GC [1 CMS-initial-mark: 727610K(786432K)] 746586K(1022400K), 0.0195245 secs] [Times: user=0.02 sys=0.00, real=0.02 secs] 
56630.469: [CMS-concurrent-mark-start]
56631.988: [CMS-concurrent-mark: 1.518/1.518 secs] [Times: user=5.39 sys=0.11, real=1.52 secs] 
56631.988: [CMS-concurrent-preclean-start]
56632.072: [CMS-concurrent-preclean: 0.060/0.085 secs] [Times: user=0.22 sys=0.05, real=0.09 secs] 
56632.073: [CMS-concurrent-abortable-preclean-start]
56632.570: [GC 56632.570: [ParNew: 228728K->26176K(235968K), 0.0290492 secs] 956339K->753788K(1022400K), 0.0292191 secs] [Times: user=0.13 sys=0.00, real=0.02 secs] 
56633.529: [CMS-concurrent-abortable-preclean: 1.242/1.456 secs] [Times: user=3.92 sys=0.39, real=1.45 secs] 
56633.530: [GC[YG occupancy: 134330 K (235968 K)]56633.530: [Rescan (parallel) , 0.0335386 secs]56633.563: [weak refs processing, 0.0004006 secs] [1 CMS-remark: 727612K(786432K)] 861943K(1022400K), 0.0340839 secs] [Times: user=0.25 sys=0.00, real=0.03 secs] 
56633.564: [CMS-concurrent-sweep-start]
56634.676: [GC 56634.676: [ParNew: 235968K->22333K(235968K), 0.0474963 secs] 676024K->468487K(1022400K), 0.0476577 secs] [Times: user=0.36 sys=0.00, real=0.05 secs] 
56634.752: [CMS-concurrent-sweep: 1.140/1.188 secs] [Times: user=2.97 sys=0.08, real=1.19 secs] 
56634.752: [CMS-concurrent-reset-start]
56634.773: [CMS-concurrent-reset: 0.021/0.021 secs] [Times: user=0.09 sys=0.00, real=0.03 secs] 
56638.429: [GC 56638.429: [ParNew: 232125K->19021K(235968K), 0.0348977 secs] 670207K->460897K(1022400K), 0.0350877 secs] [Times: user=0.11 sys=0.00, real=0.03 secs] 
56640.553: [GC 56640.553: [ParNew: 228813K->26069K(235968K), 0.0335777 secs] 670689K->467945K(1022400K), 0.0337630 secs] [Times: user=0.30 sys=0.01, real=0.05 secs] 
56644.755: [GC 56644.755: [ParNew: 235861K->16791K(235968K), 0.0267757 secs] 677737K->462774K(1022400K), 0.0269696 secs] [Times: user=0.25 sys=0.00, real=0.03 secs] 
56648.161: [GC 56648.161: [ParNew: 226583K->12401K(235968K), 0.0169041 secs] 672566K->458385K(1022400K), 0.0170583 secs] [Times: user=0.13 sys=0.00, real=0.02 secs] 
56654.127: [GC 56654.127: [ParNew: 222193K->16278K(235968K), 0.0239039 secs] 668177K->462261K(1022400K), 0.0240883 secs] [Times: user=0.25 sys=0.00, real=0.03 secs] 
56658.469: [GC 56658.469: [ParNew: 226070K->12620K(235968K), 0.0237709 secs] 672053K->458656K(1022400K), 0.0239570 secs] [Times: user=0.22 sys=0.03, real=0.03 secs] 
56660.318: [GC 56660.318: [ParNew: 222412K->26176K(235968K), 0.0430426 secs] 668448K->474118K(1022400K), 0.0432449 secs] [Times: user=0.38 sys=0.00, real=0.05 secs] 
56663.210: [GC 56663.210: [ParNew: 235968K->21789K(235968K), 0.0468311 secs] 683910K->477513K(1022400K), 0.0470213 secs] [Times: user=0.27 sys=0.00, real=0.05 secs] 
56669.725: [GC 56669.725: [ParNew: 231581K->10293K(235968K), 0.0136422 secs] 687305K->466018K(1022400K), 0.0137998 secs] [Times: user=0.05 sys=0.00, real=0.02 secs] 
56676.315: [GC 56676.316: [ParNew: 220085K->19835K(235968K), 0.0272733 secs] 675810K->475560K(1022400K), 0.0274599 secs] [Times: user=0.25 sys=0.00, real=0.03 secs] 
56680.792: [GC 56680.792: [ParNew: 229627K->14063K(235968K), 0.0263123 secs] 685352K->473137K(1022400K), 0.0264782 secs] [Times: user=0.13 sys=0.00, real=0.02 secs] 
56684.204: [GC 56684.204: [ParNew: 223855K->21808K(235968K), 0.0309810 secs] 682929K->480882K(1022400K), 0.0311635 secs] [Times: user=0.25 sys=0.00, real=0.03 secs] 
56687.155: [GC 56687.155: [ParNew: 231600K->15541K(235968K), 0.0371276 secs] 690674K->478922K(1022400K), 0.0373195 secs] [Times: user=0.22 sys=0.03, real=0.03 secs] 
56690.463: [GC 56690.463: [ParNew: 225334K->19706K(235968K), 0.0257865 secs] 688714K->483086K(1022400K), 0.0259720 secs] [Times: user=0.13 sys=0.00, real=0.02 secs] 
56690.489: [GC 56690.489: [ParNew: 19902K->12380K(235968K), 0.0412416 secs] 483282K->492414K(1022400K), 0.0413972 secs] [Times: user=0.25 sys=0.00, real=0.05 secs] 
56692.008: [GC 56692.008: [ParNew: 221112K->22554K(235968K), 0.0297124 secs] 701146K->502588K(1022400K), 0.0298915 secs] [Times: user=0.13 sys=0.00, real=0.02 secs] 
56694.176: [GC 56694.176: [ParNew: 232346K->16557K(235968K), 0.0368474 secs] 712380K->502923K(1022400K), 0.0370357 secs] [Times: user=0.27 sys=0.00, real=0.05 secs] 
56696.889: [GC 56696.889: [ParNew: 226349K->19539K(235968K), 0.0394005 secs] 712715K->513374K(1022400K), 0.0395939 secs] [Times: user=0.25 sys=0.00, real=0.03 secs] 
56699.926: [GC 56699.926: [ParNew: 229331K->13851K(235968K), 0.0305321 secs] 723166K->512044K(1022400K), 0.0307190 secs] [Times: user=0.25 sys=0.00, real=0.03 secs] 
56703.573: [GC 56703.573: [ParNew: 223643K->21090K(235968K), 0.0244763 secs] 721836K->519283K(1022400K), 0.0246383 secs] [Times: user=0.13 sys=0.00, real=0.02 secs] 
56708.489: [GC 56708.489: [ParNew: 230882K->14582K(235968K), 0.0197634 secs] 729075K->515956K(1022400K), 0.0199548 secs] [Times: user=0.14 sys=0.00, real=0.03 secs] 
56713.973: [GC 56713.973: [ParNew: 224374K->4889K(235968K), 0.0120557 secs] 725748K->506264K(1022400K), 0.0122298 secs] [Times: user=0.13 sys=0.00, real=0.02 secs] 
56721.742: [GC 56721.742: [ParNew: 214681K->8790K(235968K), 0.0182445 secs] 716056K->510165K(1022400K), 0.0184353 secs] [Times: user=0.13 sys=0.00, real=0.02 secs] 
56726.223: [GC 56726.223: [ParNew: 218582K->11872K(235968K), 0.0176455 secs] 719957K->513247K(1022400K), 0.0178302 secs] [Times: user=0.13 sys=0.00, real=0.02 secs] 
56731.012: [GC 56731.012: [ParNew: 221664K->10589K(235968K), 0.0172237 secs] 723039K->512101K(1022400K), 0.0174095 secs] [Times: user=0.13 sys=0.00, real=0.02 secs] 
56736.028: [GC 56736.028: [ParNew: 220381K->9433K(235968K), 0.0240369 secs] 721893K->511359K(1022400K), 0.0242159 secs] [Times: user=0.13 sys=0.00, real=0.02 secs] 
56745.524: [GC 56745.524: [ParNew: 219225K->7996K(235968K), 0.0231295 secs] 721151K->510661K(1022400K), 0.0232949 secs] [Times: user=0.13 sys=0.00, real=0.02 secs] 
56749.387: [GC 56749.387: [ParNew: 217788K->14990K(235968K), 0.0220888 secs] 720453K->517770K(1022400K), 0.0222509 secs] [Times: user=0.13 sys=0.00, real=0.02 secs] 
56751.642: [GC 56751.642: [ParNew: 224782K->12948K(235968K), 0.0245738 secs] 727562K->515796K(1022400K), 0.0247576 secs] [Times: user=0.14 sys=0.03, real=0.03 secs] 
56754.899: [GC 56754.899: [ParNew: 222740K->12432K(235968K), 0.0296543 secs] 725588K->515338K(1022400K), 0.0298412 secs] [Times: user=0.14 sys=0.00, real=0.03 secs] 
56758.866: [GC 56758.866: [ParNew: 222224K->11939K(235968K), 0.0195511 secs] 725130K->515262K(1022400K), 0.0197137 secs] [Times: user=0.25 sys=0.00, real=0.03 secs] 
56765.170: [GC 56765.170: [ParNew: 221731K->9619K(235968K), 0.0156439 secs] 725054K->513015K(1022400K), 0.0158274 secs] [Times: user=0.13 sys=0.00, real=0.02 secs] 
56774.956: [GC 56774.956: [ParNew: 219411K->7502K(235968K), 0.0176553 secs] 722807K->511063K(1022400K), 0.0178229 secs] [Times: user=0.13 sys=0.00, real=0.02 secs] 
56784.574: [GC 56784.575: [ParNew: 217294K->9353K(235968K), 0.0152466 secs] 720855K->513022K(1022400K), 0.0154285 secs] [Times: user=0.13 sys=0.00, real=0.02 secs] 
56795.368: [GC 56795.368: [ParNew: 219145K->12425K(235968K), 0.0262050 secs] 722814K->516193K(1022400K), 0.0263955 secs] [Times: user=0.13 sys=0.00, real=0.02 secs] 
56802.720: [GC 56802.720: [ParNew: 222217K->17952K(235968K), 0.0270314 secs] 725985K->521925K(1022400K), 0.0272222 secs] [Times: user=0.24 sys=0.00, real=0.03 secs] 
56806.233: [GC 56806.233: [ParNew: 227744K->14195K(235968K), 0.0219911 secs] 731717K->518247K(1022400K), 0.0221724 secs] [Times: user=0.13 sys=0.00, real=0.02 secs] 
56813.779: [GC 56813.779: [ParNew: 223987K->9659K(235968K), 0.0162537 secs] 728039K->513832K(1022400K), 0.0164283 secs] [Times: user=0.13 sys=0.00, real=0.02 secs] 
56816.354: [GC 56816.354: [ParNew: 219451K->15121K(235968K), 0.0250121 secs] 723624K->519438K(1022400K), 0.0251993 secs] [Times: user=0.13 sys=0.00, real=0.02 secs] 
56821.940: [GC 56821.941: [ParNew: 224913K->12162K(235968K), 0.0247783 secs] 729230K->516709K(1022400K), 0.0249652 secs] [Times: user=0.25 sys=0.00, real=0.03 secs] 
56826.397: [GC 56826.397: [ParNew: 221954K->10033K(235968K), 0.0195986 secs] 726501K->514958K(1022400K), 0.0197804 secs] [Times: user=0.13 sys=0.00, real=0.03 secs] 
56830.460: [GC 56830.461: [ParNew: 219825K->17158K(235968K), 0.0299993 secs] 724750K->522802K(1022400K), 0.0301692 secs] [Times: user=0.25 sys=0.00, real=0.03 secs] 
56835.485: [GC 56835.485: [ParNew: 226950K->20164K(235968K), 0.0440612 secs] 732594K->529651K(1022400K), 0.0442498 secs] [Times: user=0.25 sys=0.00, real=0.05 secs] 
56840.148: [GC 56840.148: [ParNew: 229956K->12485K(235968K), 0.0192108 secs] 739443K->521972K(1022400K), 0.0193958 secs] [Times: user=0.20 sys=0.05, real=0.03 secs] 
56844.803: [GC 56844.803: [ParNew: 222277K->11627K(235968K), 0.0215349 secs] 731764K->521114K(1022400K), 0.0217178 secs] [Times: user=0.25 sys=0.00, real=0.03 secs] 
56853.915: [GC 56853.915: [ParNew: 221419K->13153K(235968K), 0.0191362 secs] 730906K->522640K(1022400K), 0.0193187 secs] [Times: user=0.22 sys=0.02, real=0.03 secs] 
56857.562: [GC 56857.562: [ParNew: 222945K->10434K(235968K), 0.0228551 secs] 732432K->520417K(1022400K), 0.0230409 secs] [Times: user=0.13 sys=0.00, real=0.02 secs] 
56866.366: [GC 56866.366: [ParNew: 220226K->9935K(235968K), 0.0197310 secs] 730209K->520015K(1022400K), 0.0198919 secs] [Times: user=0.25 sys=0.00, real=0.03 secs] 
56872.187: [GC 56872.187: [ParNew: 219727K->8682K(235968K), 0.0228898 secs] 729807K->519304K(1022400K), 0.0230831 secs] [Times: user=0.13 sys=0.00, real=0.02 secs] 
56877.476: [GC 56877.476: [ParNew: 218474K->13720K(235968K), 0.0226839 secs] 729096K->524442K(1022400K), 0.0228660 secs] [Times: user=0.25 sys=0.00, real=0.03 secs] 
56881.004: [GC 56881.004: [ParNew: 223512K->18597K(235968K), 0.0256999 secs] 734234K->529393K(1022400K), 0.0258809 secs] [Times: user=0.25 sys=0.00, real=0.03 secs] 
56885.335: [GC 56885.335: [ParNew: 228389K->20298K(235968K), 0.0368178 secs] 739185K->531512K(1022400K), 0.0369860 secs] [Times: user=0.36 sys=0.01, real=0.05 secs] 
56889.821: [GC 56889.821: [ParNew: 230090K->20802K(235968K), 0.0251440 secs] 741304K->532319K(1022400K), 0.0253284 secs] [Times: user=0.25 sys=0.00, real=0.03 secs] 
56897.668: [GC 56897.668: [ParNew: 230594K->12714K(235968K), 0.0194391 secs] 742111K->526570K(1022400K), 0.0196064 secs] [Times: user=0.13 sys=0.00, real=0.02 secs] 
56903.385: [GC 56903.385: [ParNew: 222506K->15553K(235968K), 0.0247445 secs] 736362K->529543K(1022400K), 0.0249311 secs] [Times: user=0.25 sys=0.00, real=0.03 secs] 
56913.550: [GC 56913.550: [ParNew: 225345K->12199K(235968K), 0.0246665 secs] 739335K->526265K(1022400K), 0.0248479 secs] [Times: user=0.17 sys=0.08, real=0.03 secs] 
56916.739: [GC 56916.739: [ParNew: 221991K->26009K(235968K), 0.0362756 secs] 736057K->540137K(1022400K), 0.0364507 secs] [Times: user=0.25 sys=0.00, real=0.03 secs] 
56919.394: [GC 56919.394: [ParNew: 235801K->18733K(235968K), 0.0401847 secs] 749929K->537527K(1022400K), 0.0403509 secs] [Times: user=0.26 sys=0.00, real=0.05 secs] 
56921.365: [GC 56921.365: [ParNew: 228525K->16910K(235968K), 0.0220229 secs] 747319K->535703K(1022400K), 0.0221942 secs] [Times: user=0.24 sys=0.01, real=0.03 secs] 
56925.783: [GC 56925.783: [ParNew: 226702K->13377K(235968K), 0.0168130 secs] 745495K->532170K(1022400K), 0.0169804 secs] [Times: user=0.13 sys=0.00, real=0.02 secs] 
56930.741: [GC 56930.742: [ParNew: 223169K->14191K(235968K), 0.0187968 secs] 741962K->532985K(1022400K), 0.0189686 secs] [Times: user=0.13 sys=0.00, real=0.03 secs] 
56935.019: [GC 56935.019: [ParNew: 223983K->10937K(235968K), 0.0195989 secs] 742777K->529897K(1022400K), 0.0197810 secs] [Times: user=0.13 sys=0.00, real=0.02 secs] 
56945.282: [GC 56945.282: [ParNew: 220729K->8176K(235968K), 0.0158939 secs] 739689K->527205K(1022400K), 0.0160515 secs] [Times: user=0.13 sys=0.00, real=0.02 secs] 
56950.697: [GC 56950.697: [ParNew: 217968K->14804K(235968K), 0.0260237 secs] 736997K->534261K(1022400K), 0.0261855 secs] [Times: user=0.25 sys=0.00, real=0.03 secs] 
56956.959: [GC 56956.959: [ParNew: 224596K->23459K(235968K), 0.0338049 secs] 744053K->543030K(1022400K), 0.0339881 secs] [Times: user=0.25 sys=0.00, real=0.03 secs] 
56958.782: [GC 56958.782: [ParNew: 233251K->18975K(235968K), 0.0503634 secs] 752822K->546357K(1022400K), 0.0505257 secs] [Times: user=0.27 sys=0.00, real=0.05 secs] 
56962.614: [GC 56962.614: [ParNew: 228767K->15270K(235968K), 0.0247861 secs] 756149K->544878K(1022400K), 0.0249736 secs] [Times: user=0.13 sys=0.00, real=0.03 secs] 
56964.897: [GC 56964.897: [ParNew: 225062K->19784K(235968K), 0.0293937 secs] 754670K->549391K(1022400K), 0.0295563 secs] [Times: user=0.25 sys=0.00, real=0.03 secs] 
56971.300: [GC 56971.300: [ParNew: 229576K->13383K(235968K), 0.0295457 secs] 759183K->546701K(1022400K), 0.0297412 secs] [Times: user=0.25 sys=0.00, real=0.03 secs] 
56973.860: [GC 56973.860: [ParNew: 223175K->18342K(235968K), 0.0240198 secs] 756493K->551660K(1022400K), 0.0241816 secs] [Times: user=0.13 sys=0.00, real=0.02 secs] 
56977.509: [GC 56977.509: [ParNew: 228134K->13335K(235968K), 0.0240313 secs] 761452K->546653K(1022400K), 0.0241986 secs] [Times: user=0.25 sys=0.00, real=0.03 secs] 
56980.833: [GC 56980.833: [ParNew: 223127K->16509K(235968K), 0.0287168 secs] 756445K->550191K(1022400K), 0.0289073 secs] [Times: user=0.25 sys=0.00, real=0.03 secs] 
56982.819: [GC 56982.819: [ParNew: 226301K->25372K(235968K), 0.0357277 secs] 759983K->559972K(1022400K), 0.0359040 secs] [Times: user=0.27 sys=0.00, real=0.05 secs] 
56985.719: [GC 56985.719: [ParNew: 235164K->19012K(235968K), 0.0236561 secs] 769764K->555824K(1022400K), 0.0238421 secs] [Times: user=0.13 sys=0.00, real=0.02 secs] 
56993.374: [GC 56993.374: [ParNew: 228804K->6711K(235968K), 0.0158341 secs] 765616K->543524K(1022400K), 0.0160160 secs] [Times: user=0.13 sys=0.00, real=0.01 secs] 
56999.513: [GC 56999.513: [ParNew: 216503K->9403K(235968K), 0.0160836 secs] 753316K->546216K(1022400K), 0.0162613 secs] [Times: user=0.11 sys=0.00, real=0.02 secs] 
57014.918: [GC 57014.918: [ParNew: 219195K->9159K(235968K), 0.0170293 secs] 756008K->545971K(1022400K), 0.0172134 secs] [Times: user=0.09 sys=0.03, real=0.02 secs] 
57025.959: [GC 57025.960: [ParNew: 218951K->9692K(235968K), 0.0182808 secs] 755763K->546957K(1022400K), 0.0184479 secs] [Times: user=0.13 sys=0.00, real=0.02 secs] 
57031.976: [GC 57031.976: [ParNew: 219484K->10845K(235968K), 0.0270479 secs] 756749K->548232K(1022400K), 0.0272308 secs] [Times: user=0.25 sys=0.00, real=0.03 secs] 
57042.268: [GC 57042.268: [ParNew: 220637K->9199K(235968K), 0.0205029 secs] 758024K->546954K(1022400K), 0.0206979 secs] [Times: user=0.13 sys=0.00, real=0.02 secs] 
57045.531: [GC 57045.531: [ParNew: 218991K->13880K(235968K), 0.0225322 secs] 756746K->551839K(1022400K), 0.0226909 secs] [Times: user=0.13 sys=0.00, real=0.02 secs] 
57055.191: [GC 57055.191: [ParNew: 223672K->9778K(235968K), 0.0194064 secs] 761631K->547986K(1022400K), 0.0195868 secs] [Times: user=0.13 sys=0.00, real=0.02 secs] 
57061.820: [GC 57061.820: [ParNew: 219570K->9392K(235968K), 0.0172053 secs] 757778K->547709K(1022400K), 0.0173843 secs] [Times: user=0.13 sys=0.00, real=0.02 secs] 
57064.719: [GC 57064.720: [ParNew: 219184K->14253K(235968K), 0.0289137 secs] 757501K->552673K(1022400K), 0.0290908 secs] [Times: user=0.19 sys=0.06, real=0.03 secs] 
57069.855: [GC 57069.855: [ParNew: 222850K->11606K(235968K), 0.0329799 secs] 761270K->550554K(1022400K), 0.0331615 secs] [Times: user=0.25 sys=0.00, real=0.05 secs] 
57074.251: [GC 57074.252: [ParNew: 221398K->15701K(235968K), 0.0240285 secs] 760346K->555201K(1022400K), 0.0241888 secs] [Times: user=0.13 sys=0.00, real=0.02 secs] 
57078.770: [GC 57078.770: [ParNew: 225493K->11616K(235968K), 0.0176710 secs] 764993K->551246K(1022400K), 0.0178562 secs] [Times: user=0.13 sys=0.00, real=0.02 secs] 
57082.417: [GC 57082.417: [ParNew: 221408K->10350K(235968K), 0.0221408 secs] 761038K->550123K(1022400K), 0.0223042 secs] [Times: user=0.25 sys=0.00, real=0.03 secs] 
57090.339: [GC 57090.339: [ParNew: 220142K->8339K(235968K), 0.0174385 secs] 759915K->548173K(1022400K), 0.0176064 secs] [Times: user=0.13 sys=0.00, real=0.03 secs] 
57097.320: [GC 57097.321: [ParNew: 218131K->18609K(235968K), 0.0301455 secs] 757965K->558928K(1022400K), 0.0303374 secs] [Times: user=0.25 sys=0.00, real=0.03 secs] 
57103.889: [GC 57103.889: [ParNew: 228401K->13621K(235968K), 0.0269353 secs] 768720K->557442K(1022400K), 0.0270956 secs] [Times: user=0.13 sys=0.00, real=0.02 secs] 
57110.349: [GC 57110.349: [ParNew: 223413K->9593K(235968K), 0.0173771 secs] 767234K->553415K(1022400K), 0.0175626 secs] [Times: user=0.13 sys=0.00, real=0.02 secs] 
57112.477: [GC 57112.477: [ParNew: 219385K->23284K(235968K), 0.0301837 secs] 763207K->567106K(1022400K), 0.0303670 secs] [Times: user=0.25 sys=0.00, real=0.03 secs] 
57115.757: [GC 57115.758: [ParNew: 233076K->22982K(235968K), 0.0347835 secs] 776898K->569046K(1022400K), 0.0349570 secs] [Times: user=0.25 sys=0.00, real=0.03 secs] 
57117.667: [GC 57117.667: [ParNew: 232774K->25189K(235968K), 0.0371455 secs] 778838K->575654K(1022400K), 0.0373302 secs] [Times: user=0.25 sys=0.00, real=0.05 secs] 
57119.975: [GC 57119.975: [ParNew: 234981K->21257K(235968K), 0.0309578 secs] 785446K->574991K(1022400K), 0.0311422 secs] [Times: user=0.25 sys=0.00, real=0.03 secs] 
57121.731: [GC 57121.731: [ParNew: 231049K->25507K(235968K), 0.0351151 secs] 784783K->584183K(1022400K), 0.0352813 secs] [Times: user=0.19 sys=0.01, real=0.05 secs] 
57124.433: [GC 57124.433: [ParNew: 235299K->21190K(235968K), 0.0345686 secs] 793975K->583568K(1022400K), 0.0347293 secs] [Times: user=0.27 sys=0.00, real=0.05 secs] 
57128.597: [GC 57128.597: [ParNew: 230982K->14612K(235968K), 0.0240405 secs] 793360K->581107K(1022400K), 0.0242254 secs] [Times: user=0.13 sys=0.00, real=0.01 secs] 
57134.894: [GC 57134.895: [ParNew: 224404K->21420K(235968K), 0.0297468 secs] 790899K->587914K(1022400K), 0.0299141 secs] [Times: user=0.25 sys=0.00, real=0.03 secs] 
57139.880: [GC 57139.880: [ParNew: 231212K->16121K(235968K), 0.0362130 secs] 797706K->590375K(1022400K), 0.0363775 secs] [Times: user=0.25 sys=0.00, real=0.03 secs] 
57146.596: [GC 57146.596: [ParNew: 225913K->11158K(235968K), 0.0167854 secs] 800167K->585413K(1022400K), 0.0169689 secs] [Times: user=0.13 sys=0.00, real=0.02 secs] 
57149.390: [GC 57149.390: [ParNew: 220950K->18947K(235968K), 0.0270085 secs] 795205K->593202K(1022400K), 0.0271954 secs] [Times: user=0.13 sys=0.00, real=0.02 secs] 
57151.628: [GC 57151.628: [ParNew: 228739K->25622K(235968K), 0.0434742 secs] 802994K->605168K(1022400K), 0.0436427 secs] [Times: user=0.27 sys=0.00, real=0.05 secs] 
57153.807: [GC 57153.808: [ParNew: 235414K->15815K(235968K), 0.0394877 secs] 814960K->601284K(1022400K), 0.0396785 secs] [Times: user=0.24 sys=0.00, real=0.05 secs] 
57158.049: [GC 57158.049: [ParNew: 225607K->14815K(235968K), 0.0197573 secs] 811076K->600285K(1022400K), 0.0199517 secs] [Times: user=0.13 sys=0.00, real=0.02 secs] 
57164.614: [GC 57164.614: [ParNew: 224607K->23152K(235968K), 0.0236293 secs] 810077K->608622K(1022400K), 0.0238097 secs] [Times: user=0.14 sys=0.00, real=0.03 secs] 
57167.695: [GC 57167.695: [ParNew: 232944K->23696K(235968K), 0.0331266 secs] 818414K->612830K(1022400K), 0.0332908 secs] [Times: user=0.25 sys=0.00, real=0.03 secs] 
57170.313: [GC 57170.314: [ParNew: 233488K->26176K(235968K), 0.0375428 secs] 822622K->618370K(1022400K), 0.0377338 secs] [Times: user=0.25 sys=0.00, real=0.03 secs] 
57176.932: [GC 57176.932: [ParNew: 235968K->18000K(235968K), 0.0298292 secs] 828162K->615003K(1022400K), 0.0300234 secs] [Times: user=0.22 sys=0.00, real=0.03 secs] 
57181.910: [GC 57181.910: [ParNew: 227792K->9252K(235968K), 0.0235787 secs] 824795K->606256K(1022400K), 0.0237661 secs] [Times: user=0.13 sys=0.00, real=0.02 secs] 
57189.908: [GC 57189.909: [ParNew: 219038K->7177K(235968K), 0.0119012 secs] 816042K->604181K(1022400K), 0.0120546 secs] [Times: user=0.13 sys=0.00, real=0.02 secs] 
57199.769: [GC 57199.769: [ParNew: 216969K->10709K(235968K), 0.0182314 secs] 813973K->607712K(1022400K), 0.0184169 secs] [Times: user=0.13 sys=0.00, real=0.01 secs] 
57206.926: [GC 57206.926: [ParNew: 220501K->20043K(235968K), 0.0311386 secs] 817504K->617934K(1022400K), 0.0313291 secs] [Times: user=0.25 sys=0.00, real=0.03 secs] 
57209.546: [GC 57209.546: [ParNew: 229835K->25135K(235968K), 0.0382806 secs] 827726K->625975K(1022400K), 0.0384691 secs] [Times: user=0.25 sys=0.00, real=0.03 secs] 
57212.304: [GC 57212.304: [ParNew: 234927K->20270K(235968K), 0.0336255 secs] 835767K->623460K(1022400K), 0.0337912 secs] [Times: user=0.25 sys=0.00, real=0.03 secs] 
57214.149: [GC 57214.149: [ParNew: 230062K->14585K(235968K), 0.0323885 secs] 833252K->622436K(1022400K), 0.0325709 secs] [Times: user=0.25 sys=0.00, real=0.03 secs] 
57218.016: [GC 57218.016: [ParNew: 224377K->23084K(235968K), 0.0251496 secs] 832228K->630934K(1022400K), 0.0253401 secs] [Times: user=0.13 sys=0.00, real=0.02 secs] 
57222.163: [GC 57222.164: [ParNew: 232876K->19185K(235968K), 0.0312788 secs] 840726K->632481K(1022400K), 0.0314420 secs] [Times: user=0.25 sys=0.00, real=0.03 secs] 
57227.670: [GC 57227.670: [ParNew: 228977K->8989K(235968K), 0.0159948 secs] 842273K->622286K(1022400K), 0.0161548 secs] [Times: user=0.00 sys=0.02, real=0.03 secs] 
57231.895: [GC 57231.896: [ParNew: 218781K->21817K(235968K), 0.0442042 secs] 832078K->635114K(1022400K), 0.0443880 secs] [Times: user=0.38 sys=0.00, real=0.05 secs] 
57241.660: [GC 57241.660: [ParNew: 231609K->15864K(235968K), 0.0278270 secs] 844906K->632981K(1022400K), 0.0280142 secs] [Times: user=0.14 sys=0.00, real=0.03 secs] 
57246.145: [GC 57246.145: [ParNew: 225656K->15652K(235968K), 0.0303826 secs] 842773K->632769K(1022400K), 0.0305706 secs] [Times: user=0.25 sys=0.00, real=0.03 secs] 
57251.091: [GC 57251.091: [ParNew: 225444K->23099K(235968K), 0.0478214 secs] 842561K->640216K(1022400K), 0.0479857 secs] [Times: user=0.34 sys=0.03, real=0.06 secs] 
57256.234: [GC 57256.235: [ParNew: 232891K->16843K(235968K), 0.0290867 secs] 850008K->637467K(1022400K), 0.0292702 secs] [Times: user=0.13 sys=0.00, real=0.01 secs] 
57258.772: [GC 57258.773: [ParNew: 226635K->14508K(235968K), 0.0227596 secs] 847259K->635131K(1022400K), 0.0229426 secs] [Times: user=0.14 sys=0.00, real=0.03 secs] 
57267.493: [GC 57267.493: [ParNew: 224300K->12646K(235968K), 0.0180246 secs] 844923K->633270K(1022400K), 0.0181903 secs] [Times: user=0.13 sys=0.00, real=0.01 secs] 
57274.774: [GC 57274.774: [ParNew: 222438K->9351K(235968K), 0.0165110 secs] 843062K->629974K(1022400K), 0.0166767 secs] [Times: user=0.13 sys=0.00, real=0.02 secs] 
57282.846: [GC 57282.846: [ParNew: 219143K->13643K(235968K), 0.0224260 secs] 839766K->634644K(1022400K), 0.0226118 secs] [Times: user=0.13 sys=0.00, real=0.01 secs] 
57290.113: [GC 57290.113: [ParNew: 223435K->12599K(235968K), 0.0214969 secs] 844436K->633639K(1022400K), 0.0216650 secs] [Times: user=0.13 sys=0.00, real=0.02 secs] 
57293.451: [GC 57293.451: [ParNew: 222391K->26176K(235968K), 0.0533931 secs] 843431K->650328K(1022400K), 0.0535870 secs] [Times: user=0.48 sys=0.02, real=0.06 secs] 
57295.147: [GC 57295.147: [ParNew: 235968K->24732K(235968K), 0.0503290 secs] 860120K->657334K(1022400K), 0.0505131 secs] [Times: user=0.38 sys=0.00, real=0.05 secs] 
57297.662: [GC 57297.662: [ParNew: 234524K->18933K(235968K), 0.0248607 secs] 867126K->655210K(1022400K), 0.0250236 secs] [Times: user=0.14 sys=0.00, real=0.03 secs] 
57300.109: [GC 57300.109: [ParNew: 228725K->20330K(235968K), 0.0246160 secs] 865002K->656607K(1022400K), 0.0248023 secs] [Times: user=0.13 sys=0.00, real=0.02 secs] 
57310.002: [GC 57310.002: [ParNew: 230122K->14498K(235968K), 0.0166245 secs] 866399K->653301K(1022400K), 0.0167854 secs] [Times: user=0.13 sys=0.00, real=0.02 secs] 
57318.350: [GC 57318.350: [ParNew: 224290K->9375K(235968K), 0.0227554 secs] 863093K->648178K(1022400K), 0.0229116 secs] [Times: user=0.11 sys=0.00, real=0.02 secs] 
57321.806: [GC 57321.806: [ParNew: 219167K->18971K(235968K), 0.0291914 secs] 857970K->657775K(1022400K), 0.0293501 secs] [Times: user=0.25 sys=0.00, real=0.03 secs] 
57327.020: [GC 57327.020: [ParNew: 227477K->14904K(235968K), 0.0416519 secs] 866281K->659030K(1022400K), 0.0418411 secs] [Times: user=0.25 sys=0.00, real=0.03 secs] 
57332.366: [GC 57332.366: [ParNew: 224696K->11846K(235968K), 0.0232264 secs] 868822K->655971K(1022400K), 0.0234069 secs] [Times: user=0.13 sys=0.00, real=0.02 secs] 
57336.272: [GC 57336.272: [ParNew: 221638K->14180K(235968K), 0.0214930 secs] 865763K->658306K(1022400K), 0.0216659 secs] [Times: user=0.13 sys=0.00, real=0.02 secs] 
57346.283: [GC 57346.283: [ParNew: 223972K->10091K(235968K), 0.0214737 secs] 868098K->654298K(1022400K), 0.0216625 secs] [Times: user=0.13 sys=0.00, real=0.02 secs] 
57351.335: [GC 57351.335: [ParNew: 219883K->11268K(235968K), 0.0242855 secs] 864090K->655966K(1022400K), 0.0244419 secs] [Times: user=0.13 sys=0.00, real=0.03 secs] 
57358.510: [GC 57358.510: [ParNew: 221060K->17277K(235968K), 0.0276211 secs] 865758K->662139K(1022400K), 0.0278072 secs] [Times: user=0.25 sys=0.00, real=0.03 secs] 
57361.708: [GC 57361.708: [ParNew: 227069K->21124K(235968K), 0.0274130 secs] 871931K->666079K(1022400K), 0.0275795 secs] [Times: user=0.13 sys=0.00, real=0.03 secs] 
57361.736: [GC 57361.736: [ParNew: 24748K->16703K(235968K), 0.0284385 secs] 669704K->664769K(1022400K), 0.0285899 secs] [Times: user=0.13 sys=0.00, real=0.02 secs] 
57368.001: [GC 57368.001: [ParNew: 226495K->17440K(235968K), 0.0203696 secs] 874561K->665506K(1022400K), 0.0205574 secs] [Times: user=0.13 sys=0.00, real=0.02 secs] 
57376.734: [GC 57376.734: [ParNew: 227232K->11679K(235968K), 0.0148675 secs] 875298K->660334K(1022400K), 0.0150243 secs] [Times: user=0.09 sys=0.00, real=0.01 secs] 
57391.815: [GC 57391.815: [ParNew: 221471K->6554K(235968K), 0.0132402 secs] 870126K->655333K(1022400K), 0.0134243 secs] [Times: user=0.02 sys=0.00, real=0.02 secs] 
57406.436: [GC 57406.436: [ParNew: 216346K->4133K(235968K), 0.0113540 secs] 865125K->652912K(1022400K), 0.0115375 secs] [Times: user=0.13 sys=0.00, real=0.02 secs] 
57416.440: [GC 57416.440: [ParNew: 213925K->10114K(235968K), 0.0210228 secs] 862704K->658931K(1022400K), 0.0211876 secs] [Times: user=0.13 sys=0.00, real=0.01 secs] 
57422.556: [GC 57422.556: [ParNew: 219906K->17587K(235968K), 0.0268931 secs] 868723K->666486K(1022400K), 0.0270512 secs] [Times: user=0.25 sys=0.00, real=0.03 secs] 
57438.304: [GC 57438.304: [ParNew: 227379K->12654K(235968K), 0.0243185 secs] 876278K->664669K(1022400K), 0.0245093 secs] [Times: user=0.13 sys=0.00, real=0.02 secs] 
57443.291: [GC 57443.291: [ParNew: 222446K->8622K(235968K), 0.0216793 secs] 874461K->660637K(1022400K), 0.0218511 secs] [Times: user=0.13 sys=0.00, real=0.02 secs] 
57446.926: [GC 57446.926: [ParNew: 218414K->16915K(235968K), 0.0296996 secs] 870429K->668931K(1022400K), 0.0298591 secs] [Times: user=0.25 sys=0.00, real=0.03 secs] 
57449.033: [GC 57449.034: [ParNew: 226707K->23858K(235968K), 0.0414201 secs] 878723K->679722K(1022400K), 0.0416103 secs] [Times: user=0.23 sys=0.00, real=0.03 secs] 
57453.017: [GC 57453.017: [ParNew: 233650K->15346K(235968K), 0.0198654 secs] 889514K->671901K(1022400K), 0.0200486 secs] [Times: user=0.13 sys=0.00, real=0.02 secs] 
57457.513: [GC 57457.513: [ParNew: 225138K->13485K(235968K), 0.0179202 secs] 881693K->670041K(1022400K), 0.0180861 secs] [Times: user=0.13 sys=0.00, real=0.01 secs] 
57461.335: [GC 57461.335: [ParNew: 223277K->10909K(235968K), 0.0151899 secs] 879833K->667464K(1022400K), 0.0153436 secs] [Times: user=0.13 sys=0.00, real=0.02 secs] 
57465.128: [GC 57465.128: [ParNew: 220701K->10104K(235968K), 0.0253177 secs] 877256K->666660K(1022400K), 0.0255041 secs] [Times: user=0.13 sys=0.00, real=0.01 secs] 
57469.440: [GC 57469.440: [ParNew: 219896K->10888K(235968K), 0.0244808 secs] 876452K->667560K(1022400K), 0.0246674 secs] [Times: user=0.13 sys=0.00, real=0.02 secs] 
57474.178: [GC 57474.178: [ParNew: 220680K->15183K(235968K), 0.0301365 secs] 877352K->672225K(1022400K), 0.0303231 secs] [Times: user=0.23 sys=0.02, real=0.03 secs] 
57476.202: [GC 57476.202: [ParNew: 224975K->22555K(235968K), 0.0318152 secs] 882017K->679760K(1022400K), 0.0320016 secs] [Times: user=0.25 sys=0.00, real=0.03 secs] 
57478.029: [GC 57478.030: [ParNew: 232347K->21944K(235968K), 0.0388477 secs] 889552K->684781K(1022400K), 0.0390773 secs] [Times: user=0.27 sys=0.00, real=0.05 secs] 
57481.173: [GC 57481.174: [ParNew: 231736K->16183K(235968K), 0.0201266 secs] 894573K->681119K(1022400K), 0.0203146 secs] [Times: user=0.13 sys=0.00, real=0.02 secs] 
57486.504: [GC 57486.504: [ParNew: 225975K->14038K(235968K), 0.0226819 secs] 890911K->678974K(1022400K), 0.0228621 secs] [Times: user=0.13 sys=0.00, real=0.02 secs] 
57495.001: [GC 57495.001: [ParNew: 223830K->13345K(235968K), 0.0156587 secs] 888766K->678281K(1022400K), 0.0158671 secs] [Times: user=0.03 sys=0.00, real=0.03 secs] 
57498.277: [GC 57498.277: [ParNew: 223137K->23514K(235968K), 0.0275761 secs] 888073K->688450K(1022400K), 0.0277379 secs] [Times: user=0.25 sys=0.00, real=0.03 secs] 
57500.524: [GC 57500.525: [ParNew: 233306K->26176K(235968K), 0.0509967 secs] 898242K->698569K(1022400K), 0.0511889 secs] [Times: user=0.38 sys=0.00, real=0.05 secs] 
57506.284: [GC 57506.284: [ParNew: 235968K->20181K(235968K), 0.0246098 secs] 908361K->696474K(1022400K), 0.0247970 secs] [Times: user=0.13 sys=0.00, real=0.02 secs] 
57509.944: [GC 57509.944: [ParNew: 229973K->20159K(235968K), 0.0321049 secs] 906266K->696452K(1022400K), 0.0322927 secs] [Times: user=0.25 sys=0.00, real=0.03 secs] 
57515.509: [GC 57515.510: [ParNew: 229946K->14432K(235968K), 0.0196282 secs] 906239K->694294K(1022400K), 0.0197927 secs] [Times: user=0.13 sys=0.00, real=0.02 secs] 
57521.653: [GC 57521.654: [ParNew: 224224K->19157K(235968K), 0.0327818 secs] 904086K->699019K(1022400K), 0.0329623 secs] [Times: user=0.25 sys=0.00, real=0.03 secs] 
57531.535: [GC 57531.535: [ParNew: 228949K->14108K(235968K), 0.0236717 secs] 908811K->697728K(1022400K), 0.0238396 secs] [Times: user=0.13 sys=0.00, real=0.02 secs] 
57539.962: [GC 57539.962: [ParNew: 223900K->12586K(235968K), 0.0169544 secs] 907520K->696206K(1022400K), 0.0171156 secs] [Times: user=0.13 sys=0.00, real=0.02 secs] 
57546.487: [GC 57546.487: [ParNew: 222378K->22288K(235968K), 0.0307902 secs] 905998K->705908K(1022400K), 0.0309766 secs] [Times: user=0.16 sys=0.09, real=0.03 secs] 
57549.012: [GC 57549.012: [ParNew: 232080K->26176K(235968K), 0.1778723 secs] 915700K->743638K(1022400K), 0.1780355 secs] [Times: user=1.16 sys=0.06, real=0.19 secs] 
57553.080: [GC 57553.080: [ParNew (promotion failed): 235968K->235968K(235968K), 3.6223034 secs]57556.703: [CMS: 735815K->454907K(786432K), 4.6188943 secs] 953430K->454907K(1022400K), [CMS Perm : 23212K->23211K(38736K)], 8.2414634 secs] [Times: user=8.86 sys=0.59, real=8.23 secs] 
57562.700: [GC 57562.700: [ParNew: 209792K->26176K(235968K), 0.0500273 secs] 664699K->483885K(1022400K), 0.0501919 secs] [Times: user=0.38 sys=0.00, real=0.05 secs] 
57565.133: [GC 57565.134: [ParNew: 235968K->25987K(235968K), 0.0527578 secs] 693677K->497899K(1022400K), 0.0529467 secs] [Times: user=0.36 sys=0.00, real=0.05 secs] 
57567.076: [GC 57567.077: [ParNew: 235779K->26176K(235968K), 0.1617748 secs] 707691K->529817K(1022400K), 0.1619401 secs] [Times: user=1.11 sys=0.00, real=0.17 secs] 
57568.393: [GC 57568.394: [ParNew: 235968K->26176K(235968K), 0.1532843 secs] 739609K->577250K(1022400K), 0.1534877 secs] [Times: user=0.94 sys=0.02, real=0.14 secs] 
57569.901: [GC 57569.901: [ParNew: 235968K->26176K(235968K), 0.1460317 secs] 787042K->616324K(1022400K), 0.1462208 secs] [Times: user=0.95 sys=0.01, real=0.14 secs] 
57571.327: [GC 57571.327: [ParNew: 235968K->26176K(235968K), 0.0873195 secs] 826116K->637169K(1022400K), 0.0875086 secs] [Times: user=0.61 sys=0.00, real=0.09 secs] 
57572.648: [GC 57572.648: [ParNew: 235968K->26176K(235968K), 0.1113943 secs] 846961K->668355K(1022400K), 0.1115801 secs] [Times: user=0.75 sys=0.00, real=0.11 secs] 
57572.760: [GC [1 CMS-initial-mark: 642179K(786432K)] 668577K(1022400K), 0.0402213 secs] [Times: user=0.05 sys=0.00, real=0.05 secs] 
57572.801: [CMS-concurrent-mark-start]
57573.959: [GC 57573.959: [ParNew: 235968K->26176K(235968K), 0.1070552 secs] 878147K->691395K(1022400K), 0.1072421 secs] [Times: user=0.72 sys=0.02, real=0.11 secs] 
57574.713: [CMS-concurrent-mark: 1.805/1.913 secs] [Times: user=8.61 sys=0.08, real=1.91 secs] 
57574.713: [CMS-concurrent-preclean-start]
57574.998: [CMS-concurrent-preclean: 0.213/0.285 secs] [Times: user=0.69 sys=0.13, real=0.28 secs] 
57574.998: [CMS-concurrent-abortable-preclean-start]
57575.493: [GC 57575.493: [ParNew: 235968K->26176K(235968K), 0.0679570 secs] 901187K->705030K(1022400K), 0.0681176 secs] [Times: user=0.50 sys=0.00, real=0.06 secs] 
57576.288: [CMS-concurrent-abortable-preclean: 1.113/1.289 secs] [Times: user=3.09 sys=0.22, real=1.30 secs] 
57576.288: [GC[YG occupancy: 132577 K (235968 K)]57576.288: [Rescan (parallel) , 0.0418796 secs]57576.330: [weak refs processing, 0.0001852 secs] [1 CMS-remark: 678854K(786432K)] 811431K(1022400K), 0.0421855 secs] [Times: user=0.25 sys=0.00, real=0.05 secs] 
57576.331: [CMS-concurrent-sweep-start]
57577.022: [CMS-concurrent-sweep: 0.691/0.691 secs] [Times: user=1.63 sys=0.01, real=0.69 secs] 
57577.022: [CMS-concurrent-reset-start]
57577.042: [CMS-concurrent-reset: 0.020/0.020 secs] [Times: user=0.03 sys=0.00, real=0.02 secs] 
57577.052: [GC 57577.052: [ParNew: 235968K->26176K(235968K), 0.0484542 secs] 780878K->578825K(1022400K), 0.0486422 secs] [Times: user=0.26 sys=0.00, real=0.05 secs] 
57578.510: [GC 57578.510: [ParNew: 235968K->26176K(235968K), 0.0654206 secs] 788617K->589617K(1022400K), 0.0655843 secs] [Times: user=0.39 sys=0.00, real=0.06 secs] 
57579.962: [GC 57579.962: [ParNew: 235968K->26176K(235968K), 0.0729534 secs] 799409K->601027K(1022400K), 0.0731252 secs] [Times: user=0.45 sys=0.00, real=0.08 secs] 
57581.499: [GC 57581.499: [ParNew: 235967K->26176K(235968K), 0.0516049 secs] 810819K->608649K(1022400K), 0.0517666 secs] [Times: user=0.39 sys=0.00, real=0.06 secs] 
57583.042: [GC 57583.043: [ParNew: 235968K->26176K(235968K), 0.0446515 secs] 818441K->615059K(1022400K), 0.0448437 secs] [Times: user=0.38 sys=0.00, real=0.05 secs] 
57584.585: [GC 57584.585: [ParNew: 235968K->26176K(235968K), 0.0493901 secs] 824851K->623021K(1022400K), 0.0495705 secs] [Times: user=0.38 sys=0.00, real=0.05 secs] 
57586.075: [GC 57586.076: [ParNew: 235968K->26176K(235968K), 0.0563329 secs] 832813K->633868K(1022400K), 0.0565829 secs] [Times: user=0.34 sys=0.01, real=0.06 secs] 
57587.499: [GC 57587.499: [ParNew: 235968K->26176K(235968K), 0.0637173 secs] 843660K->646162K(1022400K), 0.0639078 secs] [Times: user=0.50 sys=0.00, real=0.06 secs] 
57588.868: [GC 57588.868: [ParNew: 235968K->26176K(235968K), 0.0804278 secs] 855954K->664144K(1022400K), 0.0805954 secs] [Times: user=0.52 sys=0.00, real=0.08 secs] 
57590.138: [GC 57590.138: [ParNew: 235968K->26176K(235968K), 0.0892139 secs] 873936K->685905K(1022400K), 0.0894114 secs] [Times: user=0.55 sys=0.01, real=0.09 secs] 
57591.430: [GC 57591.430: [ParNew: 235968K->26176K(235968K), 0.0891502 secs] 895697K->708311K(1022400K), 0.0893438 secs] [Times: user=0.47 sys=0.00, real=0.09 secs] 
57591.520: [GC [1 CMS-initial-mark: 682135K(786432K)] 709103K(1022400K), 0.0458215 secs] [Times: user=0.05 sys=0.00, real=0.05 secs] 
57591.566: [CMS-concurrent-mark-start]
57592.794: [GC 57592.794: [ParNew: 235923K->26176K(235968K), 0.0939019 secs] 918059K->729900K(1022400K), 0.0940927 secs] [Times: user=0.61 sys=0.00, real=0.09 secs] 
57593.537: [CMS-concurrent-mark: 1.875/1.970 secs] [Times: user=8.81 sys=0.08, real=1.97 secs] 
57593.537: [CMS-concurrent-preclean-start]
57593.866: [CMS-concurrent-preclean: 0.240/0.329 secs] [Times: user=0.72 sys=0.14, real=0.33 secs] 
57593.866: [CMS-concurrent-abortable-preclean-start]
57594.339: [GC 57594.340: [ParNew: 235968K->26176K(235968K), 0.0826228 secs] 939692K->747396K(1022400K), 0.0827926 secs] [Times: user=0.50 sys=0.00, real=0.08 secs] 
57595.145: [CMS-concurrent-abortable-preclean: 1.084/1.279 secs] [Times: user=3.05 sys=0.20, real=1.28 secs] 
57595.146: [GC[YG occupancy: 134002 K (235968 K)]57595.146: [Rescan (parallel) , 0.0410700 secs]57595.187: [weak refs processing, 0.0001562 secs] [1 CMS-remark: 721220K(786432K)] 855222K(1022400K), 0.0413667 secs] [Times: user=0.25 sys=0.00, real=0.03 secs] 
57595.187: [CMS-concurrent-sweep-start]
57595.852: [GC 57595.853: [ParNew: 235968K->26176K(235968K), 0.0563443 secs] 854786K->654736K(1022400K), 0.0565164 secs] [Times: user=0.39 sys=0.00, real=0.06 secs] 
57595.950: [CMS-concurrent-sweep: 0.706/0.763 secs] [Times: user=2.09 sys=0.01, real=0.77 secs] 
57595.950: [CMS-concurrent-reset-start]
57595.967: [CMS-concurrent-reset: 0.016/0.016 secs] [Times: user=0.03 sys=0.00, real=0.02 secs] 
57597.354: [GC 57597.354: [ParNew: 235968K->26176K(235968K), 0.0612933 secs] 841250K->641799K(1022400K), 0.0614871 secs] [Times: user=0.39 sys=0.00, real=0.06 secs] 
57598.911: [GC 57598.911: [ParNew: 235968K->26176K(235968K), 0.0579359 secs] 851591K->652673K(1022400K), 0.0580982 secs] [Times: user=0.36 sys=0.00, real=0.05 secs] 
57600.474: [GC 57600.475: [ParNew: 235968K->26176K(235968K), 0.0416086 secs] 862465K->658965K(1022400K), 0.0418078 secs] [Times: user=0.25 sys=0.00, real=0.03 secs] 
57602.030: [GC 57602.030: [ParNew: 235968K->26176K(235968K), 0.0423082 secs] 868757K->664811K(1022400K), 0.0424738 secs] [Times: user=0.33 sys=0.02, real=0.05 secs] 
57603.524: [GC 57603.524: [ParNew: 235968K->26176K(235968K), 0.0477139 secs] 874603K->672749K(1022400K), 0.0478999 secs] [Times: user=0.27 sys=0.00, real=0.05 secs] 
57604.968: [GC 57604.968: [ParNew: 235968K->26176K(235968K), 0.0591123 secs] 882541K->683959K(1022400K), 0.0593073 secs] [Times: user=0.39 sys=0.00, real=0.06 secs] 
57606.416: [GC 57606.416: [ParNew: 235968K->26176K(235968K), 0.0691652 secs] 893751K->698234K(1022400K), 0.0693513 secs] [Times: user=0.50 sys=0.00, real=0.06 secs] 
57607.742: [GC 57607.742: [ParNew: 235968K->26176K(235968K), 0.0730679 secs] 908026K->715628K(1022400K), 0.0732629 secs] [Times: user=0.51 sys=0.00, real=0.08 secs] 
57608.962: [GC 57608.962: [ParNew: 235968K->26176K(235968K), 0.0862909 secs] 925420K->742355K(1022400K), 0.0864794 secs] [Times: user=0.52 sys=0.00, real=0.08 secs] 
57609.050: [GC [1 CMS-initial-mark: 716179K(786432K)] 746118K(1022400K), 0.0452032 secs] [Times: user=0.03 sys=0.00, real=0.03 secs] 
57609.095: [CMS-concurrent-mark-start]
57610.331: [GC 57610.331: [ParNew: 235968K->26176K(235968K), 0.0884626 secs] 952147K->765629K(1022400K), 0.0886498 secs] [Times: user=0.50 sys=0.00, real=0.08 secs] 
57611.267: [CMS-concurrent-mark: 2.082/2.172 secs] [Times: user=8.99 sys=0.03, real=2.17 secs] 
57611.267: [CMS-concurrent-preclean-start]
57611.591: [CMS-concurrent-preclean: 0.235/0.324 secs] [Times: user=0.53 sys=0.17, real=0.33 secs] 
57611.591: [CMS-concurrent-abortable-preclean-start]
57611.862: [GC 57611.862: [ParNew (promotion failed): 235968K->235968K(235968K), 1.5159773 secs]57613.378: [CMS2010-04-21T10:43:42.603+0100: 57613.558: [CMS-concurrent-abortable-preclean: 0.388/1.967 secs] [Times: user=2.67 sys=0.27, real=1.97 secs] 
(concurrent mode failure): 745752K->635740K(786432K), 5.5281741 secs] 975421K->635740K(1022400K), [CMS Perm : 23211K->23211K(38736K)], 7.0444115 secs] [Times: user=7.41 sys=0.27, real=7.03 secs] 
57619.847: [GC 57619.847: [ParNew: 209792K->26176K(235968K), 0.0526123 secs] 845532K->672731K(1022400K), 0.0527975 secs] [Times: user=0.23 sys=0.02, real=0.05 secs] 
57620.957: [GC 57620.957: [ParNew: 235968K->26176K(235968K), 0.0956837 secs] 882523K->705149K(1022400K), 0.0958708 secs] [Times: user=0.48 sys=0.02, real=0.09 secs] 
57622.255: [GC 57622.256: [ParNew: 235968K->26176K(235968K), 0.0941899 secs] 914941K->730462K(1022400K), 0.0943838 secs] [Times: user=0.59 sys=0.03, real=0.09 secs] 
57622.351: [GC [1 CMS-initial-mark: 704286K(786432K)] 730943K(1022400K), 0.0410318 secs] [Times: user=0.03 sys=0.00, real=0.03 secs] 
57622.392: [CMS-concurrent-mark-start]
57623.637: [GC 57623.637: [ParNew: 235968K->26176K(235968K), 0.0848010 secs] 940254K->749767K(1022400K), 0.0849896 secs] [Times: user=0.59 sys=0.03, real=0.09 secs] 
57624.605: [CMS-concurrent-mark: 2.128/2.213 secs] [Times: user=9.55 sys=0.14, real=2.22 secs] 
57624.605: [CMS-concurrent-preclean-start]
57624.867: [CMS-concurrent-preclean: 0.194/0.262 secs] [Times: user=0.48 sys=0.09, real=0.27 secs] 
57624.867: [CMS-concurrent-abortable-preclean-start]
57625.071: [GC 57625.071: [ParNew: 235968K->26176K(235968K), 0.0682319 secs] 959559K->764269K(1022400K), 0.0684199 secs] [Times: user=0.38 sys=0.00, real=0.06 secs] 
57625.827: [CMS-concurrent-abortable-preclean: 0.811/0.959 secs] [Times: user=2.30 sys=0.14, real=0.95 secs] 
57625.827: [GC[YG occupancy: 132740 K (235968 K)]57625.827: [Rescan (parallel) , 0.0395955 secs]57625.867: [weak refs processing, 0.0001333 secs] [1 CMS-remark: 738093K(786432K)] 870834K(1022400K), 0.0398579 secs] [Times: user=0.31 sys=0.00, real=0.05 secs] 
57625.867: [CMS-concurrent-sweep-start]
57626.504: [CMS-concurrent-sweep: 0.636/0.636 secs] [Times: user=1.41 sys=0.02, real=0.64 secs] 
57626.504: [CMS-concurrent-reset-start]
57626.520: [CMS-concurrent-reset: 0.016/0.016 secs] [Times: user=0.02 sys=0.02, real=0.02 secs] 
57626.584: [GC 57626.584: [ParNew: 235968K->26176K(235968K), 0.0488026 secs] 879827K->679228K(1022400K), 0.0489660 secs] [Times: user=0.26 sys=0.00, real=0.05 secs] 
57627.927: [GC 57627.927: [ParNew: 235968K->26176K(235968K), 0.0541270 secs] 889020K->689280K(1022400K), 0.0542960 secs] [Times: user=0.38 sys=0.00, real=0.05 secs] 
57629.257: [GC 57629.257: [ParNew: 235968K->26176K(235968K), 0.0689292 secs] 899072K->703488K(1022400K), 0.0691160 secs] [Times: user=0.39 sys=0.00, real=0.06 secs] 
57630.632: [GC 57630.632: [ParNew: 235968K->26176K(235968K), 0.0625848 secs] 913280K->716421K(1022400K), 0.0627454 secs] [Times: user=0.39 sys=0.00, real=0.06 secs] 
57632.098: [GC 57632.098: [ParNew: 235968K->26176K(235968K), 0.0576456 secs] 926213K->727295K(1022400K), 0.0578252 secs] [Times: user=0.38 sys=0.00, real=0.05 secs] 
57633.469: [GC 57633.469: [ParNew: 235968K->26176K(235968K), 0.0644342 secs] 937087K->741291K(1022400K), 0.0646303 secs] [Times: user=0.50 sys=0.00, real=0.06 secs] 
57633.534: [GC [1 CMS-initial-mark: 715115K(786432K)] 741604K(1022400K), 0.0449093 secs] [Times: user=0.03 sys=0.00, real=0.03 secs] 
57633.579: [CMS-concurrent-mark-start]
57634.925: [GC 57634.926: [ParNew: 235968K->26176K(235968K), 0.0767408 secs] 951083K->758831K(1022400K), 0.0769344 secs] [Times: user=0.47 sys=0.03, real=0.06 secs] 
57635.788: [CMS-concurrent-mark: 2.131/2.209 secs] [Times: user=8.91 sys=0.11, real=2.22 secs] 
57635.788: [CMS-concurrent-preclean-start]
57636.162: [CMS-concurrent-preclean: 0.278/0.374 secs] [Times: user=0.73 sys=0.11, real=0.38 secs] 
57636.162: [CMS-concurrent-abortable-preclean-start]
57636.306: [GC 57636.306: [ParNew: 235968K->26176K(235968K), 0.0673485 secs] 968623K->772503K(1022400K), 0.0675080 secs] [Times: user=0.38 sys=0.00, real=0.06 secs] 
57637.124: [CMS-concurrent-abortable-preclean: 0.794/0.962 secs] [Times: user=2.56 sys=0.06, real=0.95 secs] 
57637.125: [GC[YG occupancy: 143216 K (235968 K)]57637.125: [Rescan (parallel) , 0.0437313 secs]57637.169: [weak refs processing, 0.0002958 secs] [1 CMS-remark: 746327K(786432K)] 889543K(1022400K), 0.0441567 secs] [Times: user=0.33 sys=0.00, real=0.05 secs] 
57637.169: [CMS-concurrent-sweep-start]
57637.840: [CMS-concurrent-sweep: 0.671/0.671 secs] [Times: user=1.78 sys=0.00, real=0.67 secs] 
57637.840: [CMS-concurrent-reset-start]
57637.850: [GC 57637.850: [ParNew: 235968K->26176K(235968K), 0.0571282 secs] 900098K->700730K(1022400K), 0.0572942 secs] [Times: user=0.34 sys=0.00, real=0.05 secs] 
57637.915: [CMS-concurrent-reset: 0.017/0.075 secs] [Times: user=0.50 sys=0.00, real=0.08 secs] 
57639.292: [GC 57639.292: [ParNew: 235968K->26176K(235968K), 0.0581325 secs] 910522K->713280K(1022400K), 0.0582932 secs] [Times: user=0.39 sys=0.00, real=0.06 secs] 
57640.696: [GC 57640.696: [ParNew: 235968K->26176K(235968K), 0.0669088 secs] 923072K->728307K(1022400K), 0.0670999 secs] [Times: user=0.39 sys=0.00, real=0.06 secs] 
57642.159: [GC 57642.159: [ParNew: 235968K->26176K(235968K), 0.0614941 secs] 938099K->741254K(1022400K), 0.0616849 secs] [Times: user=0.49 sys=0.00, real=0.06 secs] 
57642.221: [GC [1 CMS-initial-mark: 715078K(786432K)] 745056K(1022400K), 0.0449490 secs] [Times: user=0.05 sys=0.00, real=0.05 secs] 
57642.266: [CMS-concurrent-mark-start]
57643.687: [GC 57643.687: [ParNew: 235968K->26176K(235968K), 0.0600395 secs] 951046K->752018K(1022400K), 0.0602233 secs] [Times: user=0.39 sys=0.00, real=0.06 secs] 
57644.567: [CMS-concurrent-mark: 2.240/2.301 secs] [Times: user=8.08 sys=0.03, real=2.31 secs] 
57644.567: [CMS-concurrent-preclean-start]
57644.845: [CMS-concurrent-preclean: 0.195/0.278 secs] [Times: user=0.53 sys=0.08, real=0.27 secs] 
57644.845: [CMS-concurrent-abortable-preclean-start]
57645.121: [GC 57645.121: [ParNew: 235968K->26176K(235968K), 0.0551196 secs] 961810K->762068K(1022400K), 0.0553112 secs] [Times: user=0.39 sys=0.00, real=0.06 secs] 
57645.903: [CMS-concurrent-abortable-preclean: 0.896/1.058 secs] [Times: user=2.78 sys=0.17, real=1.06 secs] 
57645.904: [GC[YG occupancy: 141738 K (235968 K)]57645.904: [Rescan (parallel) , 0.0445358 secs]57645.948: [weak refs processing, 0.0001397 secs] [1 CMS-remark: 735892K(786432K)] 877630K(1022400K), 0.0448040 secs] [Times: user=0.28 sys=0.00, real=0.05 secs] 
57645.949: [CMS-concurrent-sweep-start]
57646.583: [GC 57646.583: [ParNew: 235968K->26176K(235968K), 0.0568136 secs] 917881K->718858K(1022400K), 0.0569804 secs] [Times: user=0.38 sys=0.00, real=0.05 secs] 
57646.680: [CMS-concurrent-sweep: 0.673/0.731 secs] [Times: user=2.22 sys=0.02, real=0.73 secs] 
57646.680: [CMS-concurrent-reset-start]
57646.699: [CMS-concurrent-reset: 0.019/0.019 secs] [Times: user=0.03 sys=0.00, real=0.02 secs] 
57647.992: [GC 57647.992: [ParNew: 235968K->26176K(235968K), 0.0579118 secs] 921958K->722904K(1022400K), 0.0580783 secs] [Times: user=0.38 sys=0.00, real=0.05 secs] 
57649.317: [GC 57649.317: [ParNew: 235968K->26176K(235968K), 0.0638766 secs] 932696K->735940K(1022400K), 0.0640587 secs] [Times: user=0.39 sys=0.00, real=0.06 secs] 
57650.717: [GC 57650.717: [ParNew: 235968K->26176K(235968K), 0.0619453 secs] 945732K->748811K(1022400K), 0.0621112 secs] [Times: user=0.38 sys=0.00, real=0.06 secs] 
57650.780: [GC [1 CMS-initial-mark: 722635K(786432K)] 752239K(1022400K), 0.0432890 secs] [Times: user=0.05 sys=0.00, real=0.05 secs] 
57650.823: [CMS-concurrent-mark-start]
57652.156: [GC 57652.156: [ParNew: 235968K->26176K(235968K), 0.0756909 secs] 958603K->765770K(1022400K), 0.0758820 secs] [Times: user=0.50 sys=0.00, real=0.08 secs] 
57653.174: [CMS-concurrent-mark: 2.275/2.351 secs] [Times: user=9.39 sys=0.05, real=2.34 secs] 
57653.175: [CMS-concurrent-preclean-start]
57653.530: [GC 57653.530: [ParNew (promotion failed): 235968K->235968K(235968K), 0.9453556 secs]57654.475: [CMS2010-04-21T10:44:23.524+0100: 57654.477: [CMS-concurrent-preclean: 0.254/1.303 secs] [Times: user=2.69 sys=0.28, real=1.31 secs] 
(concurrent mode failure): 754973K->707140K(786432K), 5.6244936 secs] 975562K->707140K(1022400K), [CMS Perm : 23211K->23211K(38736K)], 6.5700621 secs] [Times: user=7.36 sys=0.16, real=6.58 secs] 
57660.119: [GC [1 CMS-initial-mark: 707140K(786432K)] 715388K(1022400K), 0.0068570 secs] [Times: user=0.00 sys=0.00, real=0.00 secs] 
57660.126: [CMS-concurrent-mark-start]
57661.264: [GC 57661.264: [ParNew: 209792K->26176K(235968K), 0.0400895 secs] 916932K->739032K(1022400K), 0.0402783 secs] [Times: user=0.38 sys=0.00, real=0.05 secs] 
57662.440: [CMS-concurrent-mark: 2.271/2.314 secs] [Times: user=8.78 sys=0.11, real=2.31 secs] 
57662.440: [CMS-concurrent-preclean-start]
57662.615: [CMS-concurrent-preclean: 0.125/0.175 secs] [Times: user=0.30 sys=0.09, real=0.19 secs] 
57662.615: [CMS-concurrent-abortable-preclean-start]
57662.835: [GC 57662.835: [ParNew: 235968K->26176K(235968K), 0.0579554 secs] 948824K->749972K(1022400K), 0.0581588 secs] [Times: user=0.38 sys=0.00, real=0.05 secs] 
57663.702: [CMS-concurrent-abortable-preclean: 0.953/1.086 secs] [Times: user=2.44 sys=0.16, real=1.08 secs] 
57663.702: [GC[YG occupancy: 139346 K (235968 K)]57663.702: [Rescan (parallel) , 0.0498840 secs]57663.752: [weak refs processing, 0.0001173 secs] [1 CMS-remark: 723796K(786432K)] 863143K(1022400K), 0.0501290 secs] [Times: user=0.28 sys=0.00, real=0.05 secs] 
57663.753: [CMS-concurrent-sweep-start]
57664.377: [CMS-concurrent-sweep: 0.624/0.624 secs] [Times: user=1.31 sys=0.00, real=0.63 secs] 
57664.377: [CMS-concurrent-reset-start]
57664.396: [CMS-concurrent-reset: 0.019/0.019 secs] [Times: user=0.06 sys=0.00, real=0.03 secs] 
57664.453: [GC 57664.454: [ParNew: 235968K->26176K(235968K), 0.0447115 secs] 927296K->723674K(1022400K), 0.0448767 secs] [Times: user=0.38 sys=0.00, real=0.05 secs] 
57665.926: [GC 57665.926: [ParNew: 235968K->26176K(235968K), 0.0470292 secs] 933466K->730098K(1022400K), 0.0472060 secs] [Times: user=0.25 sys=0.00, real=0.05 secs] 
57667.526: [GC 57667.526: [ParNew: 235968K->26176K(235968K), 0.0382808 secs] 939890K->735988K(1022400K), 0.0384468 secs] [Times: user=0.25 sys=0.00, real=0.03 secs] 
57668.939: [GC 57668.939: [ParNew: 235968K->26176K(235968K), 0.0494496 secs] 945780K->744734K(1022400K), 0.0496119 secs] [Times: user=0.39 sys=0.00, real=0.06 secs] 
57670.311: [GC 57670.312: [ParNew: 235968K->26176K(235968K), 0.0608569 secs] 954526K->758293K(1022400K), 0.0610240 secs] [Times: user=0.39 sys=0.00, real=0.06 secs] 
57670.373: [GC [1 CMS-initial-mark: 732117K(786432K)] 758368K(1022400K), 0.0436673 secs] [Times: user=0.05 sys=0.00, real=0.05 secs] 
57670.417: [CMS-concurrent-mark-start]
57671.778: [GC 57671.778: [ParNew: 235968K->26176K(235968K), 0.0695228 secs] 968085K->773737K(1022400K), 0.0696927 secs] [Times: user=0.51 sys=0.00, real=0.08 secs] 
57672.802: [CMS-concurrent-mark: 2.315/2.385 secs] [Times: user=8.53 sys=0.02, real=2.39 secs] 
57672.803: [CMS-concurrent-preclean-start]
57673.015: [CMS-concurrent-preclean: 0.153/0.212 secs] [Times: user=0.44 sys=0.09, real=0.20 secs] 
57673.015: [CMS-concurrent-abortable-preclean-start]
57673.330: [GC 57673.330: [ParNew: 235968K->26176K(235968K), 0.0593642 secs] 983529K->785134K(1022400K), 0.0595299 secs] [Times: user=0.48 sys=0.00, real=0.06 secs] 
57674.135: [CMS-concurrent-abortable-preclean: 0.967/1.120 secs] [Times: user=3.72 sys=0.17, real=1.13 secs] 
57674.136: [GC[YG occupancy: 134257 K (235968 K)]57674.136: [Rescan (parallel) , 0.0363088 secs]57674.172: [weak refs processing, 0.0002738 secs] [1 CMS-remark: 758958K(786432K)] 893216K(1022400K), 0.0367203 secs] [Times: user=0.25 sys=0.00, real=0.03 secs] 
57674.173: [CMS-concurrent-sweep-start]
57674.828: [CMS-concurrent-sweep: 0.655/0.655 secs] [Times: user=2.11 sys=0.00, real=0.66 secs] 
57674.829: [CMS-concurrent-reset-start]
57674.848: [CMS-concurrent-reset: 0.019/0.019 secs] [Times: user=0.11 sys=0.00, real=0.03 secs] 
57674.886: [GC 57674.886: [ParNew: 235968K->26176K(235968K), 0.0590553 secs] 944943K->746568K(1022400K), 0.0592505 secs] [Times: user=0.38 sys=0.00, real=0.06 secs] 
57676.373: [GC 57676.373: [ParNew: 235968K->26176K(235968K), 0.0572374 secs] 956360K->756274K(1022400K), 0.0574375 secs] [Times: user=0.38 sys=0.00, real=0.06 secs] 
57676.431: [GC [1 CMS-initial-mark: 730098K(786432K)] 760089K(1022400K), 0.0434687 secs] [Times: user=0.05 sys=0.00, real=0.05 secs] 
57676.474: [CMS-concurrent-mark-start]
57678.076: [GC 57678.076: [ParNew: 235968K->26176K(235968K), 0.0740913 secs] 966066K->771363K(1022400K), 0.0742787 secs] [Times: user=0.52 sys=0.00, real=0.08 secs] 
57678.992: [CMS-concurrent-mark: 2.443/2.518 secs] [Times: user=9.41 sys=0.01, real=2.52 secs] 
57678.992: [CMS-concurrent-preclean-start]
57679.373: [CMS-concurrent-preclean: 0.267/0.381 secs] [Times: user=0.58 sys=0.22, real=0.38 secs] 
57679.373: [CMS-concurrent-abortable-preclean-start]
57680.165: [GC 57680.165: [ParNew: 235968K->26176K(235968K), 0.0905928 secs] 981155K->793653K(1022400K), 0.0907562 secs] [Times: user=0.52 sys=0.00, real=0.09 secs] 
57680.700: [CMS-concurrent-abortable-preclean: 1.104/1.327 secs] [Times: user=3.11 sys=0.22, real=1.33 secs] 
57680.701: [GC[YG occupancy: 108438 K (235968 K)]57680.701: [Rescan (parallel) , 0.0298264 secs]57680.731: [weak refs processing, 0.0001246 secs] [1 CMS-remark: 767477K(786432K)] 875916K(1022400K), 0.0300904 secs] [Times: user=0.25 sys=0.00, real=0.03 secs] 
57680.731: [CMS-concurrent-sweep-start]
57681.422: [CMS-concurrent-sweep: 0.690/0.690 secs] [Times: user=2.25 sys=0.03, real=0.69 secs] 
57681.422: [CMS-concurrent-reset-start]
57681.442: [CMS-concurrent-reset: 0.020/0.020 secs] [Times: user=0.11 sys=0.00, real=0.03 secs] 
57681.458: [GC 57681.458: [ParNew: 235968K->26176K(235968K), 0.0858461 secs] 970429K->781969K(1022400K), 0.0860355 secs] [Times: user=0.47 sys=0.00, real=0.08 secs] 
57681.545: [GC [1 CMS-initial-mark: 755793K(786432K)] 782270K(1022400K), 0.0449322 secs] [Times: user=0.05 sys=0.00, real=0.05 secs] 
57681.590: [CMS-concurrent-mark-start]
57682.789: [GC 57682.789: [ParNew (promotion failed): 235968K->235968K(235968K), 0.7892939 secs]57683.578: [CMS2010-04-21T10:44:53.805+0100: 57684.754: [CMS-concurrent-mark: 2.373/3.164 secs] [Times: user=8.83 sys=0.20, real=3.17 secs] 
(concurrent mode failure): 770885K->745919K(786432K), 6.9684362 secs] 991761K->745919K(1022400K), [CMS Perm : 23211K->23211K(38736K)], 7.7579857 secs] [Times: user=9.36 sys=0.16, real=7.75 secs] 
57691.463: [GC 57691.463: [ParNew: 209792K->26176K(235968K), 0.0528933 secs] 955711K->781689K(1022400K), 0.0530702 secs] [Times: user=0.38 sys=0.00, real=0.05 secs] 
57691.517: [GC [1 CMS-initial-mark: 755513K(786432K)] 782803K(1022400K), 0.0441542 secs] [Times: user=0.05 sys=0.00, real=0.05 secs] 
57691.561: [CMS-concurrent-mark-start]
57692.805: [GC 57692.805: [ParNew (promotion failed): 235968K->235968K(235968K), 0.4640587 secs]57693.269: [CMS2010-04-21T10:45:03.461+0100: 57694.415: [CMS-concurrent-mark: 2.388/2.853 secs] [Times: user=8.88 sys=0.13, real=2.86 secs] 
(concurrent mode failure): 778874K->749453K(786432K), 6.9153546 secs] 991481K->749453K(1022400K), [CMS Perm : 23211K->23211K(38736K)], 7.3796513 secs] [Times: user=8.99 sys=0.06, real=7.38 secs] 
57700.202: [GC [1 CMS-initial-mark: 749453K(786432K)] 757469K(1022400K), 0.0064274 secs] [Times: user=0.02 sys=0.00, real=0.02 secs] 
57700.209: [CMS-concurrent-mark-start]
57701.219: [GC 57701.219: [ParNew: 209792K->26176K(235968K), 0.0433144 secs] 959245K->780379K(1022400K), 0.0435206 secs] [Times: user=0.38 sys=0.00, real=0.05 secs] 
57702.647: [CMS-concurrent-mark: 2.392/2.439 secs] [Times: user=11.44 sys=0.09, real=2.44 secs] 
57702.647: [CMS-concurrent-preclean-start]
57702.655: [GC 57702.656: [ParNew: 235968K->26176K(235968K), 0.0758663 secs] 990171K->797612K(1022400K), 0.0760580 secs] [Times: user=0.50 sys=0.00, real=0.08 secs] 
57703.008: [CMS-concurrent-preclean: 0.221/0.361 secs] [Times: user=1.44 sys=0.09, real=0.36 secs] 
57703.008: [CMS-concurrent-abortable-preclean-start]
57703.008: [CMS-concurrent-abortable-preclean: 0.000/0.000 secs] [Times: user=0.00 sys=0.00, real=0.00 secs] 
57703.009: [GC[YG occupancy: 71938 K (235968 K)]57703.009: [Rescan (parallel) , 0.0209474 secs]57703.030: [weak refs processing, 0.0001067 secs] [1 CMS-remark: 771436K(786432K)] 843374K(1022400K), 0.0211876 secs] [Times: user=0.13 sys=0.00, real=0.01 secs] 
57703.030: [CMS-concurrent-sweep-start]
57703.693: [CMS-concurrent-sweep: 0.662/0.662 secs] [Times: user=2.22 sys=0.01, real=0.67 secs] 
57703.693: [CMS-concurrent-reset-start]
57703.713: [CMS-concurrent-reset: 0.020/0.020 secs] [Times: user=0.06 sys=0.00, real=0.02 secs] 
57704.145: [GC 57704.145: [ParNew: 235968K->26176K(235968K), 0.0753040 secs] 973511K->780149K(1022400K), 0.0754909 secs] [Times: user=0.38 sys=0.00, real=0.06 secs] 
57704.221: [GC [1 CMS-initial-mark: 753973K(786432K)] 780216K(1022400K), 0.0458229 secs] [Times: user=0.05 sys=0.00, real=0.05 secs] 
57704.267: [CMS-concurrent-mark-start]
57705.523: [GC 57705.523: [ParNew (promotion failed): 235968K->235968K(235968K), 0.4248314 secs]57705.948: [CMS2010-04-21T10:45:16.148+0100: 57707.098: [CMS-concurrent-mark: 2.404/2.831 secs] [Times: user=8.39 sys=0.09, real=2.84 secs] 
(concurrent mode failure): 768432K->762318K(786432K), 6.9967317 secs] 989941K->762318K(1022400K), [CMS Perm : 23211K->23211K(38736K)], 7.4218112 secs] [Times: user=9.01 sys=0.05, real=7.42 secs] 
57713.085: [GC [1 CMS-initial-mark: 762318K(786432K)] 803490K(1022400K), 0.0552880 secs] [Times: user=0.05 sys=0.00, real=0.05 secs] 
57713.141: [CMS-concurrent-mark-start]
57714.009: [GC 57714.009: [ParNew: 209792K->26176K(235968K), 0.0570438 secs] 972110K->801743K(1022400K), 0.0572441 secs] [Times: user=0.38 sys=0.00, real=0.06 secs] 
57715.220: [Full GC 57715.220: [CMS2010-04-21T10:45:24.664+0100: 57715.620: [CMS-concurrent-mark: 2.418/2.479 secs] [Times: user=12.16 sys=0.11, real=2.48 secs] 
(concurrent mode failure): 775567K->763361K(786432K), 6.5030570 secs] 1011535K->763361K(1022400K), [CMS Perm : 23211K->23211K(38736K)], 6.5032559 secs] [Times: user=6.92 sys=0.00, real=6.51 secs] 
57721.729: [GC [1 CMS-initial-mark: 763361K(786432K)] 767767K(1022400K), 0.0022735 secs] [Times: user=0.00 sys=0.00, real=0.00 secs] 
57721.732: [CMS-concurrent-mark-start]
57722.918: [GC 57722.918: [ParNew: 209792K->26176K(235968K), 0.0618431 secs] 973153K->802453K(1022400K), 0.0620347 secs] [Times: user=0.38 sys=0.00, real=0.06 secs] 
57724.218: [Full GC 57724.218: [CMS2010-04-21T10:45:33.367+0100: 57724.319: [CMS-concurrent-mark: 2.519/2.587 secs] [Times: user=12.58 sys=0.09, real=2.59 secs] 
(concurrent mode failure): 776277K->770654K(786432K), 6.0499857 secs] 1012245K->770654K(1022400K), [CMS Perm : 23211K->23211K(38736K)], 6.0501617 secs] [Times: user=6.09 sys=0.00, real=6.05 secs] 
57731.537: [GC 57731.537: [ParNew: 209792K->209792K(235968K), 0.0000458 secs]57731.537: [CMS: 770654K->767836K(786432K), 5.8013566 secs] 980446K->767836K(1022400K), [CMS Perm : 23211K->23211K(38736K)], 5.8016295 secs] [Times: user=5.80 sys=0.01, real=5.80 secs] 
57737.340: [GC [1 CMS-initial-mark: 767836K(786432K)] 768046K(1022400K), 0.0017527 secs] [Times: user=0.00 sys=0.00, real=0.00 secs] 
57737.341: [CMS-concurrent-mark-start]
57738.540: [GC 57738.540: [ParNew: 209792K->26176K(235968K), 0.0482992 secs] 977628K->802758K(1022400K), 0.0484866 secs] [Times: user=0.38 sys=0.00, real=0.05 secs] 
57739.843: [CMS-concurrent-mark: 2.450/2.501 secs] [Times: user=10.38 sys=0.13, real=2.50 secs] 
57739.843: [CMS-concurrent-preclean-start]
57739.925: [Full GC 57739.925: [CMS2010-04-21T10:45:49.085+0100: 57740.048: [CMS-concurrent-preclean: 0.148/0.205 secs] [Times: user=0.17 sys=0.13, real=0.20 secs] 
(concurrent mode failure): 776582K->764556K(786432K), 5.8767804 secs] 1012550K->764556K(1022400K), [CMS Perm : 23211K->23211K(38736K)], 5.8769805 secs] [Times: user=5.80 sys=0.09, real=5.89 secs] 
57745.813: [GC [1 CMS-initial-mark: 764556K(786432K)] 771964K(1022400K), 0.0044455 secs] [Times: user=0.02 sys=0.00, real=0.02 secs] 
57745.820: [CMS-concurrent-mark-start]
57746.924: [GC 57746.924: [ParNew: 209792K->26176K(235968K), 0.0468825 secs] 974348K->798743K(1022400K), 0.0470820 secs] [Times: user=0.38 sys=0.00, real=0.05 secs] 
57748.084: [Full GC 57748.084: [CMS2010-04-21T10:45:57.335+0100: 57748.298: [CMS-concurrent-mark: 2.429/2.478 secs] [Times: user=11.88 sys=0.08, real=2.47 secs] 
(concurrent mode failure): 772567K->761742K(786432K), 6.0060583 secs] 1008535K->761742K(1022400K), [CMS Perm : 23211K->23211K(38736K)], 6.0062514 secs] [Times: user=6.20 sys=0.00, real=6.00 secs] 
57754.114: [GC [1 CMS-initial-mark: 761742K(786432K)] 770097K(1022400K), 0.0080639 secs] [Times: user=0.00 sys=0.00, real=0.00 secs] 
57754.122: [CMS-concurrent-mark-start]
57755.225: [GC 57755.225: [ParNew: 209792K->26176K(235968K), 0.0365063 secs] 971534K->792385K(1022400K), 0.0366815 secs] [Times: user=0.25 sys=0.00, real=0.03 secs] 
57756.691: [CMS-concurrent-mark: 2.531/2.569 secs] [Times: user=9.58 sys=0.03, real=2.56 secs] 
57756.691: [CMS-concurrent-preclean-start]
57756.746: [GC 57756.746: [ParNew: 235968K->26176K(235968K), 0.0493054 secs] 1002177K->801775K(1022400K), 0.0494680 secs] [Times: user=0.38 sys=0.00, real=0.05 secs] 
57757.021: [CMS-concurrent-preclean: 0.210/0.330 secs] [Times: user=1.14 sys=0.11, real=0.34 secs] 
57757.021: [CMS-concurrent-abortable-preclean-start]
57757.021: [CMS-concurrent-abortable-preclean: 0.000/0.000 secs] [Times: user=0.00 sys=0.00, real=0.00 secs] 
57757.022: [GC[YG occupancy: 60116 K (235968 K)]57757.022: [Rescan (parallel) , 0.0176095 secs]57757.040: [weak refs processing, 0.0001137 secs] [1 CMS-remark: 775599K(786432K)] 835715K(1022400K), 0.0178632 secs] [Times: user=0.13 sys=0.00, real=0.02 secs] 
57757.040: [CMS-concurrent-sweep-start]
57757.717: [CMS-concurrent-sweep: 0.677/0.677 secs] [Times: user=2.30 sys=0.00, real=0.67 secs] 
57757.717: [CMS-concurrent-reset-start]
57757.737: [CMS-concurrent-reset: 0.019/0.019 secs] [Times: user=0.05 sys=0.00, real=0.02 secs] 
57758.032: [GC 57758.032: [ParNew: 235968K->26176K(235968K), 0.0573727 secs] 977134K->777910K(1022400K), 0.0575777 secs] [Times: user=0.39 sys=0.00, real=0.06 secs] 
57758.090: [GC [1 CMS-initial-mark: 751734K(786432K)] 781129K(1022400K), 0.0432904 secs] [Times: user=0.05 sys=0.00, real=0.05 secs] 
57758.133: [CMS-concurrent-mark-start]
57759.243: [GC 57759.244: [ParNew (promotion failed): 235968K->235968K(235968K), 0.2795017 secs]57759.523: [CMS2010-04-21T10:46:09.835+0100: 57760.795: [CMS-concurrent-mark: 2.380/2.662 secs] [Times: user=7.92 sys=0.05, real=2.66 secs] 
(concurrent mode failure): 766563K->757271K(786432K), 7.0734767 secs] 987702K->757271K(1022400K), [CMS Perm : 23211K->23211K(38736K)], 7.3532220 secs] [Times: user=8.98 sys=0.00, real=7.34 secs] 
57766.601: [GC [1 CMS-initial-mark: 757271K(786432K)] 758176K(1022400K), 0.0017444 secs] [Times: user=0.00 sys=0.00, real=0.00 secs] 
57766.603: [CMS-concurrent-mark-start]
57767.666: [GC 57767.666: [ParNew: 209792K->26176K(235968K), 0.0397229 secs] 967063K->788166K(1022400K), 0.0399230 secs] [Times: user=0.25 sys=0.00, real=0.03 secs] 
57769.160: [CMS-concurrent-mark: 2.493/2.558 secs] [Times: user=10.08 sys=0.14, real=2.55 secs] 
57769.160: [CMS-concurrent-preclean-start]
57769.179: [GC 57769.179: [ParNew: 235968K->26176K(235968K), 0.0664344 secs] 997958K->801399K(1022400K), 0.0666241 secs] [Times: user=0.31 sys=0.02, real=0.06 secs] 
57769.501: [CMS-concurrent-preclean: 0.206/0.341 secs] [Times: user=0.86 sys=0.03, real=0.34 secs] 
57769.501: [CMS-concurrent-abortable-preclean-start]
57769.502: [CMS-concurrent-abortable-preclean: 0.000/0.000 secs] [Times: user=0.00 sys=0.00, real=0.00 secs] 
57769.504: [GC[YG occupancy: 61573 K (235968 K)]57769.504: [Rescan (parallel) , 0.0207929 secs]57769.525: [weak refs processing, 0.0002433 secs] [1 CMS-remark: 775223K(786432K)] 836796K(1022400K), 0.0211655 secs] [Times: user=0.25 sys=0.00, real=0.03 secs] 
57769.525: [CMS-concurrent-sweep-start]
57770.203: [CMS-concurrent-sweep: 0.678/0.678 secs] [Times: user=1.59 sys=0.00, real=0.67 secs] 
57770.203: [CMS-concurrent-reset-start]
57770.223: [CMS-concurrent-reset: 0.019/0.019 secs] [Times: user=0.03 sys=0.00, real=0.02 secs] 
57770.649: [GC 57770.649: [ParNew: 235968K->26176K(235968K), 0.0432566 secs] 970730K->766403K(1022400K), 0.0434524 secs] [Times: user=0.25 sys=0.01, real=0.05 secs] 
57770.698: [GC [1 CMS-initial-mark: 740227K(786432K)] 769875K(1022400K), 0.0413801 secs] [Times: user=0.05 sys=0.00, real=0.05 secs] 
57770.739: [CMS-concurrent-mark-start]
57772.100: [GC 57772.100: [ParNew: 235968K->26176K(235968K), 0.0444557 secs] 976195K->773522K(1022400K), 0.0446417 secs] [Times: user=0.25 sys=0.00, real=0.03 secs] 
57773.099: [CMS-concurrent-mark: 2.315/2.360 secs] [Times: user=10.05 sys=0.09, real=2.36 secs] 
57773.100: [CMS-concurrent-preclean-start]
57773.120: [GC 57773.120: [ParNew (promotion failed): 235968K->235968K(235968K), 0.4986114 secs]57773.619: [CMS2010-04-21T10:46:22.960+0100: 57773.917: [CMS-concurrent-preclean: 0.234/0.817 secs] [Times: user=1.48 sys=0.16, real=0.81 secs] 
(concurrent mode failure): 772418K->762015K(786432K), 6.2071090 secs] 983314K->762015K(1022400K), [CMS Perm : 23213K->23211K(38736K)], 6.7059746 secs] [Times: user=7.33 sys=0.16, real=6.70 secs] 
57779.843: [GC [1 CMS-initial-mark: 762015K(786432K)] 770074K(1022400K), 0.0063556 secs] [Times: user=0.01 sys=0.00, real=0.02 secs] 
57779.849: [CMS-concurrent-mark-start]
57780.757: [GC 57780.757: [ParNew: 209786K->209786K(235968K), 0.0000433 secs]57780.757: [CMS2010-04-21T10:46:31.319+0100: 57782.272: [CMS-concurrent-mark: 2.416/2.423 secs] [Times: user=8.92 sys=0.09, real=2.42 secs] 
(concurrent mode failure): 762015K->782950K(786432K), 7.3815312 secs] 971802K->782950K(1022400K), [CMS Perm : 23211K->23211K(38736K)], 7.3817988 secs] [Times: user=8.89 sys=0.00, real=7.38 secs] 
57788.141: [GC [1 CMS-initial-mark: 782950K(786432K)] 783071K(1022400K), 0.0016712 secs] [Times: user=0.00 sys=0.00, real=0.00 secs] 
57788.142: [CMS-concurrent-mark-start]
57789.104: [GC 57789.104: [ParNew: 209792K->209792K(235968K), 0.0000433 secs]57789.104: [CMS2010-04-21T10:46:39.210+0100: 57790.170: [CMS-concurrent-mark: 2.026/2.028 secs] [Times: user=8.41 sys=0.14, real=2.03 secs] 
(concurrent mode failure): 782950K->786431K(786432K), 7.0506849 secs] 992742K->804357K(1022400K), [CMS Perm : 23211K->23211K(38736K)], 7.0509389 secs] [Times: user=8.11 sys=0.00, real=7.05 secs] 
57796.172: [GC [1 CMS-initial-mark: 786431K(786432K)] 812020K(1022400K), 0.0305159 secs] [Times: user=0.03 sys=0.00, real=0.03 secs] 
57796.203: [CMS-concurrent-mark-start]
57797.651: [Full GC 57797.651: [CMS2010-04-21T10:46:47.710+0100: 57798.665: [CMS-concurrent-mark: 2.459/2.462 secs] [Times: user=10.98 sys=0.24, real=2.47 secs] 
(concurrent mode failure): 786431K->786431K(786432K), 7.0719281 secs] 1022399K->818749K(1022400K), [CMS Perm : 23211K->23211K(38736K)], 7.0720983 secs] [Times: user=8.05 sys=0.00, real=7.06 secs] 
57804.740: [GC [1 CMS-initial-mark: 786431K(786432K)] 826261K(1022400K), 0.0483640 secs] [Times: user=0.05 sys=0.00, real=0.05 secs] 
57804.789: [CMS-concurrent-mark-start]
57806.074: [Full GC 57806.074: [CMS2010-04-21T10:46:56.319+0100: 57807.281: [CMS-concurrent-mark: 2.491/2.493 secs] [Times: user=9.16 sys=0.13, real=2.48 secs] 
(concurrent mode failure): 786431K->786431K(786432K), 7.3735556 secs] 1022399K->827018K(1022400K), [CMS Perm : 23211K->23211K(38736K)], 7.3737307 secs] [Times: user=8.53 sys=0.02, real=7.38 secs] 
57813.451: [GC [1 CMS-initial-mark: 786431K(786432K)] 830984K(1022400K), 0.0582222 secs] [Times: user=0.06 sys=0.00, real=0.06 secs] 
57813.509: [CMS-concurrent-mark-start]
57814.842: [Full GC 57814.842: [CMS2010-04-21T10:47:05.100+0100: 57816.058: [CMS-concurrent-mark: 2.545/2.549 secs] [Times: user=10.16 sys=0.13, real=2.55 secs] 
(concurrent mode failure): 786431K->786432K(786432K), 7.3311466 secs] 1022399K->831408K(1022400K), [CMS Perm : 23211K->23211K(38736K)], 7.3313318 secs] [Times: user=8.45 sys=0.00, real=7.33 secs] 
57822.195: [GC [1 CMS-initial-mark: 786432K(786432K)] 839788K(1022400K), 0.0687610 secs] [Times: user=0.06 sys=0.00, real=0.06 secs] 
57822.264: [CMS-concurrent-mark-start]
57823.556: [Full GC 57823.556: [CMS2010-04-21T10:47:13.819+0100: 57824.775: [CMS-concurrent-mark: 2.507/2.511 secs] [Times: user=9.86 sys=0.13, real=2.52 secs] 
(concurrent mode failure): 786432K->786431K(786432K), 7.3641058 secs] 1022400K->837271K(1022400K), [CMS Perm : 23211K->23211K(38736K)], 7.3642762 secs] [Times: user=8.53 sys=0.02, real=7.36 secs] 
57830.938: [GC [1 CMS-initial-mark: 786431K(786432K)] 844930K(1022400K), 0.0770617 secs] [Times: user=0.08 sys=0.00, real=0.08 secs] 
57831.015: [CMS-concurrent-mark-start]
57832.309: [Full GC 57832.309: [CMS2010-04-21T10:47:22.537+0100: 57833.500: [CMS-concurrent-mark: 2.483/2.485 secs] [Times: user=9.67 sys=0.20, real=2.48 secs] 
(concurrent mode failure): 786431K->786431K(786432K), 7.4376355 secs] 1022399K->840476K(1022400K), [CMS Perm : 23211K->23211K(38736K)], 7.4378255 secs] [Times: user=8.58 sys=0.00, real=7.44 secs] 
57839.751: [GC [1 CMS-initial-mark: 786431K(786432K)] 843926K(1022400K), 0.0803577 secs] [Times: user=0.08 sys=0.00, real=0.08 secs] 
57839.832: [CMS-concurrent-mark-start]
57841.152: [Full GC 57841.152: [CMS2010-04-21T10:47:31.397+0100: 57842.358: [CMS-concurrent-mark: 2.524/2.526 secs] [Times: user=9.56 sys=0.13, real=2.53 secs] 
(concurrent mode failure): 786431K->786431K(786432K), 7.3877403 secs] 1022399K->843824K(1022400K), [CMS Perm : 23211K->23211K(38736K)], 7.3879108 secs] [Times: user=8.53 sys=0.00, real=7.39 secs] 
57849.541: [GC [1 CMS-initial-mark: 786431K(786432K)] 1008034K(1022400K), 0.3710583 secs] [Times: user=0.38 sys=0.00, real=0.38 secs] 
57849.912: [CMS-concurrent-mark-start]
57850.170: [Full GC 57850.170: [CMS2010-04-21T10:47:41.412+0100: 57852.374: [CMS-concurrent-mark: 2.460/2.462 secs] [Times: user=5.78 sys=0.11, real=2.45 secs] 
(concurrent mode failure): 786432K->786431K(786432K), 8.4365935 secs] 1022399K->847652K(1022400K), [CMS Perm : 23211K->23211K(38736K)], 8.4367753 secs] [Times: user=10.59 sys=0.00, real=8.44 secs] 
57859.096: [GC [1 CMS-initial-mark: 786431K(786432K)] 966217K(1022400K), 0.2897589 secs] [Times: user=0.30 sys=0.00, real=0.30 secs] 
57859.386: [CMS-concurrent-mark-start]
57860.137: [Full GC 57860.137: [CMS2010-04-21T10:47:50.896+0100: 57861.860: [CMS-concurrent-mark: 2.470/2.475 secs] [Times: user=7.56 sys=0.08, real=2.47 secs] 
(concurrent mode failure): 786431K->786432K(786432K), 8.0658486 secs] 1022399K->849466K(1022400K), [CMS Perm : 23211K->23211K(38736K)], 8.0660165 secs] [Times: user=9.72 sys=0.03, real=8.06 secs] 
57868.228: [GC [1 CMS-initial-mark: 786432K(786432K)] 857638K(1022400K), 0.1009665 secs] [Times: user=0.09 sys=0.00, real=0.09 secs] 
57868.330: [CMS-concurrent-mark-start]
57869.586: [Full GC 57869.587: [CMS2010-04-21T10:48:00.115+0100: 57871.080: [CMS-concurrent-mark: 2.749/2.751 secs] [Times: user=9.59 sys=0.19, real=2.75 secs] 
(concurrent mode failure): 786432K->786431K(786432K), 7.8238838 secs] 1022399K->856044K(1022400K), [CMS Perm : 23211K->23211K(38736K)], 7.8240748 secs] [Times: user=9.00 sys=0.00, real=7.81 secs] 
57877.430: [GC [1 CMS-initial-mark: 786431K(786432K)] 863070K(1022400K), 0.1043068 secs] [Times: user=0.09 sys=0.00, real=0.09 secs] 
57877.535: [CMS-concurrent-mark-start]
57878.656: [Full GC 57878.656: [CMS2010-04-21T10:48:09.099+0100: 57880.060: [CMS-concurrent-mark: 2.523/2.525 secs] [Times: user=9.06 sys=0.14, real=2.53 secs] 
(concurrent mode failure): 786432K->786431K(786432K), 7.7202144 secs] 1022399K->860228K(1022400K), [CMS Perm : 23211K->23211K(38736K)], 7.7203999 secs] [Times: user=9.11 sys=0.00, real=7.72 secs] 
57886.379: [GC [1 CMS-initial-mark: 786431K(786432K)] 861609K(1022400K), 0.0988249 secs] [Times: user=0.11 sys=0.00, real=0.11 secs] 
57886.478: [CMS-concurrent-mark-start]
57887.710: [Full GC 57887.710: [CMS2010-04-21T10:48:18.005+0100: 57888.969: [CMS-concurrent-mark: 2.487/2.491 secs] [Times: user=9.53 sys=0.11, real=2.48 secs] 
(concurrent mode failure): 786431K->786431K(786432K), 7.5654202 secs] 1022399K->862807K(1022400K), [CMS Perm : 23211K->23211K(38736K)], 7.5656037 secs] [Times: user=8.80 sys=0.00, real=7.56 secs] 
57895.300: [GC [1 CMS-initial-mark: 786431K(786432K)] 870613K(1022400K), 0.1076992 secs] [Times: user=0.11 sys=0.00, real=0.11 secs] 
57895.408: [CMS-concurrent-mark-start]
57896.511: [Full GC 57896.511: [CMS2010-04-21T10:48:27.005+0100: 57897.969: [CMS-concurrent-mark: 2.559/2.560 secs] [Times: user=9.27 sys=0.13, real=2.56 secs] 
(concurrent mode failure): 786431K->786431K(786432K), 7.7601826 secs] 1022399K->860270K(1022400K), [CMS Perm : 23211K->23211K(38736K)], 7.7603614 secs] [Times: user=9.11 sys=0.00, real=7.75 secs] 
57905.381: [Full GC 57905.381: [CMS: 786431K->786430K(786432K), 6.2759180 secs] 1022399K->857839K(1022400K), [CMS Perm : 23211K->23211K(38736K)], 6.2760921 secs] [Times: user=6.28 sys=0.00, real=6.28 secs] 
57911.659: [GC [1 CMS-initial-mark: 786430K(786432K)] 858623K(1022400K), 0.0909951 secs] [Times: user=0.09 sys=0.00, real=0.09 secs] 
57911.750: [CMS-concurrent-mark-start]
57912.907: [Full GC 57912.907: [CMS2010-04-21T10:48:43.318+0100: 57914.276: [CMS-concurrent-mark: 2.523/2.526 secs] [Times: user=9.44 sys=0.08, real=2.53 secs] 
(concurrent mode failure): 786431K->786431K(786432K), 7.3883996 secs] 1022399K->855881K(1022400K), [CMS Perm : 23211K->23211K(38736K)], 7.3885709 secs] [Times: user=8.74 sys=0.00, real=7.39 secs] 
57921.464: [Full GC 57921.464: [CMS: 786432K->786431K(786432K), 6.3037118 secs] 1022399K->853873K(1022400K), [CMS Perm : 23211K->23211K(38736K)], 6.3038900 secs] [Times: user=6.30 sys=0.00, real=6.30 secs] 
57927.770: [GC [1 CMS-initial-mark: 786431K(786432K)] 855469K(1022400K), 0.0857648 secs] [Times: user=0.09 sys=0.00, real=0.09 secs] 
57927.856: [CMS-concurrent-mark-start]
57929.082: [Full GC 57929.082: [CMS2010-04-21T10:48:58.989+0100: 57929.958: [CMS-concurrent-mark: 2.099/2.102 secs] [Times: user=8.39 sys=0.09, real=2.09 secs] 
(concurrent mode failure): 786432K->786431K(786432K), 7.1769465 secs] 1022399K->851923K(1022400K), [CMS Perm : 23211K->23211K(38736K)], 7.1771200 secs] [Times: user=8.08 sys=0.00, real=7.19 secs] 
57936.261: [GC [1 CMS-initial-mark: 786431K(786432K)] 853765K(1022400K), 0.0855849 secs] [Times: user=0.08 sys=0.00, real=0.08 secs] 
57936.347: [CMS-concurrent-mark-start]
57937.452: [Full GC 57937.453: [CMS2010-04-21T10:49:07.864+0100: 57938.820: [CMS-concurrent-mark: 2.472/2.474 secs] [Times: user=8.36 sys=0.11, real=2.48 secs] 
(concurrent mode failure): 786431K->786432K(786432K), 7.2776227 secs] 1022399K->849471K(1022400K), [CMS Perm : 23211K->23211K(38736K)], 7.2777979 secs] [Times: user=8.61 sys=0.00, real=7.28 secs] 
57944.748: [GC [1 CMS-initial-mark: 786432K(786432K)] 856464K(1022400K), 0.0879173 secs] [Times: user=0.09 sys=0.00, real=0.09 secs] 
57944.837: [CMS-concurrent-mark-start]
57945.992: [Full GC 57945.992: [CMS2010-04-21T10:49:16.364+0100: 57947.326: [CMS-concurrent-mark: 2.488/2.490 secs] [Times: user=8.72 sys=0.13, real=2.48 secs] 
(concurrent mode failure): 786432K->786431K(786432K), 7.5713874 secs] 1022399K->847037K(1022400K), [CMS Perm : 23211K->23211K(38736K)], 7.5715617 secs] [Times: user=8.86 sys=0.00, real=7.56 secs] 
57954.796: [Full GC 57954.796: [CMS: 786431K->786431K(786432K), 5.9150803 secs] 1022399K->844781K(1022400K), [CMS Perm : 23211K->23211K(38736K)], 5.9152571 secs] [Times: user=5.92 sys=0.00, real=5.92 secs] 
57960.713: [GC [1 CMS-initial-mark: 786431K(786432K)] 847165K(1022400K), 0.0780541 secs] [Times: user=0.08 sys=0.00, real=0.08 secs] 
57960.791: [CMS-concurrent-mark-start]
57962.035: [Full GC 57962.035: [CMS2010-04-21T10:49:32.301+0100: 57963.266: [CMS-concurrent-mark: 2.471/2.475 secs] [Times: user=9.11 sys=0.13, real=2.47 secs] 
(concurrent mode failure): 786432K->786431K(786432K), 7.2118082 secs] 1022399K->845830K(1022400K), [CMS Perm : 23211K->23211K(38736K)], 7.2119945 secs] [Times: user=8.41 sys=0.02, real=7.22 secs] 
57970.447: [Full GC 57970.447: [CMS: 786431K->786431K(786432K), 6.1897576 secs] 1022398K->844269K(1022400K), [CMS Perm : 23211K->23211K(38736K)], 6.1899353 secs] [Times: user=6.19 sys=0.00, real=6.19 secs] 
57976.638: [GC [1 CMS-initial-mark: 786431K(786432K)] 845256K(1022400K), 0.0787187 secs] [Times: user=0.08 sys=0.00, real=0.08 secs] 
57976.717: [CMS-concurrent-mark-start]
57977.958: [Full GC 57977.958: [CMS2010-04-21T10:49:48.379+0100: 57979.343: [CMS-concurrent-mark: 2.624/2.626 secs] [Times: user=9.83 sys=0.17, real=2.63 secs] 
(concurrent mode failure): 786431K->786431K(786432K), 7.5981260 secs] 1022399K->845392K(1022400K), [CMS Perm : 23211K->23211K(38736K)], 7.5983012 secs] [Times: user=8.73 sys=0.00, real=7.61 secs] 
57985.565: [GC [1 CMS-initial-mark: 786431K(786432K)] 850451K(1022400K), 0.0820344 secs] [Times: user=0.08 sys=0.00, real=0.08 secs] 
57985.648: [CMS-concurrent-mark-start]
57986.828: [Full GC 57986.828: [CMS2010-04-21T10:49:57.113+0100: 57988.083: [CMS-concurrent-mark: 2.434/2.435 secs] [Times: user=9.69 sys=0.16, real=2.44 secs] 
(concurrent mode failure): 786431K->786432K(786432K), 7.3526837 secs] 1022399K->843258K(1022400K), [CMS Perm : 23211K->23211K(38736K)], 7.3529183 secs] [Times: user=8.58 sys=0.00, real=7.36 secs] 
57994.204: [GC [1 CMS-initial-mark: 786432K(786432K)] 850024K(1022400K), 0.0805250 secs] [Times: user=0.08 sys=0.00, real=0.08 secs] 
57994.285: [CMS-concurrent-mark-start]
57995.514: [Full GC 57995.514: [CMS2010-04-21T10:50:05.785+0100: 57996.752: [CMS-concurrent-mark: 2.465/2.467 secs] [Times: user=9.74 sys=0.17, real=2.47 secs] 
(concurrent mode failure): 786432K->786431K(786432K), 7.1111485 secs] 1022399K->841362K(1022400K), [CMS Perm : 23211K->23211K(38736K)], 7.1113418 secs] [Times: user=8.31 sys=0.00, real=7.11 secs] 
58003.956: [Full GC 58003.956: [CMS: 786431K->786432K(786432K), 6.0541667 secs] 1022398K->839119K(1022400K), [CMS Perm : 23211K->23211K(38736K)], 6.0543522 secs] [Times: user=6.06 sys=0.00, real=6.06 secs] 
58010.011: [GC [1 CMS-initial-mark: 786432K(786432K)] 839770K(1022400K), 0.0726260 secs] [Times: user=0.06 sys=0.00, real=0.06 secs] 
58010.084: [CMS-concurrent-mark-start]
58011.284: [Full GC 58011.284: [CMS2010-04-21T10:50:21.598+0100: 58012.559: [CMS-concurrent-mark: 2.469/2.475 secs] [Times: user=9.67 sys=0.20, real=2.49 secs] 
(concurrent mode failure): 786432K->786431K(786432K), 7.3211629 secs] 1022400K->837623K(1022400K), [CMS Perm : 23211K->23211K(38736K)], 7.3213375 secs] [Times: user=8.55 sys=0.01, real=7.33 secs] 
58019.771: [Full GC 58019.771: [CMS: 786432K->786430K(786432K), 5.8169918 secs] 1022399K->835532K(1022400K), [CMS Perm : 23211K->23211K(38736K)], 5.8171692 secs] [Times: user=5.83 sys=0.00, real=5.83 secs] 
58025.589: [GC [1 CMS-initial-mark: 786430K(786432K)] 836274K(1022400K), 0.0608725 secs] [Times: user=0.06 sys=0.00, real=0.06 secs] 
58025.650: [CMS-concurrent-mark-start]
58026.827: [Full GC 58026.827: [CMS2010-04-21T10:50:37.113+0100: 58028.074: [CMS-concurrent-mark: 2.422/2.424 secs] [Times: user=9.05 sys=0.03, real=2.42 secs] 
(concurrent mode failure): 786430K->786431K(786432K), 7.2834419 secs] 1022397K->835323K(1022400K), [CMS Perm : 23211K->23211K(38736K)], 7.2836260 secs] [Times: user=8.48 sys=0.00, real=7.28 secs] 
58034.117: [GC [1 CMS-initial-mark: 786431K(786432K)] 838074K(1022400K), 0.0609829 secs] [Times: user=0.06 sys=0.00, real=0.06 secs] 
58034.178: [CMS-concurrent-mark-start]
58035.357: [Full GC 58035.357: [CMS2010-04-21T10:50:45.691+0100: 58036.663: [CMS-concurrent-mark: 2.483/2.485 secs] [Times: user=9.69 sys=0.13, real=2.48 secs] 
(concurrent mode failure): 786431K->786431K(786432K), 7.5530155 secs] 1022399K->834671K(1022400K), [CMS Perm : 23211K->23211K(38736K)], 7.5531996 secs] [Times: user=8.84 sys=0.00, real=7.55 secs] 
58042.926: [GC [1 CMS-initial-mark: 786431K(786432K)] 841483K(1022400K), 0.0652281 secs] [Times: user=0.06 sys=0.00, real=0.06 secs] 
58042.992: [CMS-concurrent-mark-start]
58044.186: [Full GC 58044.186: [CMS2010-04-21T10:50:54.503+0100: 58045.469: [CMS-concurrent-mark: 2.475/2.477 secs] [Times: user=9.61 sys=0.11, real=2.48 secs] 
(concurrent mode failure): 786432K->786431K(786432K), 7.0956786 secs] 1022399K->834004K(1022400K), [CMS Perm : 23211K->23211K(38736K)], 7.0958507 secs] [Times: user=8.34 sys=0.00, real=7.09 secs] 
58051.301: [GC [1 CMS-initial-mark: 786431K(786432K)] 840863K(1022400K), 0.0649029 secs] [Times: user=0.06 sys=0.00, real=0.06 secs] 
58051.366: [CMS-concurrent-mark-start]
58052.532: [Full GC 58052.532: [CMS2010-04-21T10:51:02.831+0100: 58053.803: [CMS-concurrent-mark: 2.433/2.436 secs] [Times: user=9.80 sys=0.11, real=2.44 secs] 
(concurrent mode failure): 786431K->786431K(786432K), 7.3091421 secs] 1022399K->833390K(1022400K), [CMS Perm : 23211K->23211K(38736K)], 7.3093156 secs] [Times: user=8.58 sys=0.00, real=7.31 secs] 
58059.846: [GC [1 CMS-initial-mark: 786431K(786432K)] 836360K(1022400K), 0.0604462 secs] [Times: user=0.06 sys=0.00, real=0.06 secs] 
58059.906: [CMS-concurrent-mark-start]
58061.132: [Full GC 58061.133: [CMS2010-04-21T10:51:11.362+0100: 58062.326: [CMS-concurrent-mark: 2.417/2.420 secs] [Times: user=9.59 sys=0.11, real=2.42 secs] 
(concurrent mode failure): 786431K->786431K(786432K), 7.0311640 secs] 1022399K->832007K(1022400K), [CMS Perm : 23211K->23211K(38736K)], 7.0313392 secs] [Times: user=8.24 sys=0.00, real=7.03 secs] 
58069.383: [Full GC 58069.383: [CMS: 786431K->786432K(786432K), 6.2356174 secs] 1022399K->830238K(1022400K), [CMS Perm : 23211K->23211K(38736K)], 6.2358076 secs] [Times: user=6.25 sys=0.00, real=6.25 secs] 
58075.620: [GC [1 CMS-initial-mark: 786432K(786432K)] 832415K(1022400K), 0.0533892 secs] [Times: user=0.05 sys=0.00, real=0.05 secs] 
58075.674: [CMS-concurrent-mark-start]
58076.888: [Full GC 58076.888: [CMS2010-04-21T10:51:27.144+0100: 58078.106: [CMS-concurrent-mark: 2.428/2.432 secs] [Times: user=9.80 sys=0.14, real=2.44 secs] 
(concurrent mode failure): 786432K->786431K(786432K), 7.1744440 secs] 1022400K->828979K(1022400K), [CMS Perm : 23211K->23211K(38736K)], 7.1746295 secs] [Times: user=8.39 sys=0.00, real=7.17 secs] 
58084.065: [GC [1 CMS-initial-mark: 786431K(786432K)] 831938K(1022400K), 0.0527561 secs] [Times: user=0.05 sys=0.00, real=0.05 secs] 
58084.118: [CMS-concurrent-mark-start]
58085.351: [Full GC 58085.351: [CMS2010-04-21T10:51:35.597+0100: 58086.560: [CMS-concurrent-mark: 2.439/2.442 secs] [Times: user=9.51 sys=0.14, real=2.45 secs] 
(concurrent mode failure): 786432K->786429K(786432K), 7.1499333 secs] 1022400K->827291K(1022400K), [CMS Perm : 23211K->23211K(38736K)], 7.1501073 secs] [Times: user=8.38 sys=0.00, real=7.16 secs] 
58093.671: [Full GC 58093.671: [CMS: 786432K->786431K(786432K), 5.8324390 secs] 1022400K->825324K(1022400K), [CMS Perm : 23211K->23211K(38736K)], 5.8326173 secs] [Times: user=5.81 sys=0.00, real=5.83 secs] 
58099.505: [GC [1 CMS-initial-mark: 786431K(786432K)] 826893K(1022400K), 0.0481419 secs] [Times: user=0.05 sys=0.00, real=0.05 secs] 
58099.553: [CMS-concurrent-mark-start]
58100.738: [Full GC 58100.738: [CMS2010-04-21T10:51:50.753+0100: 58101.728: [CMS-concurrent-mark: 2.171/2.175 secs] [Times: user=9.17 sys=0.11, real=2.17 secs] 
(concurrent mode failure): 786431K->786430K(786432K), 6.7365324 secs] 1022398K->824248K(1022400K), [CMS Perm : 23211K->23211K(38736K)], 6.7367042 secs] [Times: user=7.72 sys=0.00, real=6.73 secs] 
58107.478: [GC [1 CMS-initial-mark: 786430K(786432K)] 828071K(1022400K), 0.0486355 secs] [Times: user=0.06 sys=0.00, real=0.06 secs] 
58107.527: [CMS-concurrent-mark-start]
58108.816: [Full GC 58108.816: [CMS2010-04-21T10:51:58.924+0100: 58109.896: [CMS-concurrent-mark: 2.366/2.369 secs] [Times: user=10.00 sys=0.17, real=2.36 secs] 
(concurrent mode failure): 786431K->786425K(786432K), 6.8891585 secs] 1022399K->822706K(1022400K), [CMS Perm : 23211K->23211K(38736K)], 6.8893426 secs] [Times: user=7.97 sys=0.00, real=6.89 secs] 
58115.723: [GC [1 CMS-initial-mark: 786425K(786432K)] 829932K(1022400K), 0.0503544 secs] [Times: user=0.05 sys=0.00, real=0.05 secs] 
58115.773: [CMS-concurrent-mark-start]
58117.068: [Full GC 58117.069: [CMS2010-04-21T10:52:07.221+0100: 58118.182: [CMS-concurrent-mark: 2.405/2.408 secs] [Times: user=10.06 sys=0.14, real=2.42 secs] 
(concurrent mode failure): 786431K->786431K(786432K), 6.8640271 secs] 1022399K->820730K(1022400K), [CMS Perm : 23211K->23211K(38736K)], 6.8642034 secs] [Times: user=7.95 sys=0.00, real=6.88 secs] 
58123.957: [GC [1 CMS-initial-mark: 786431K(786432K)] 829039K(1022400K), 0.0521469 secs] [Times: user=0.05 sys=0.00, real=0.05 secs] 
58124.009: [CMS-concurrent-mark-start]
58125.296: [Full GC 58125.296: [CMS2010-04-21T10:52:15.471+0100: 58126.441: [CMS-concurrent-mark: 2.430/2.432 secs] [Times: user=9.78 sys=0.09, real=2.44 secs] 
(concurrent mode failure): 786431K->786431K(786432K), 6.9375454 secs] 1022399K->818936K(1022400K), [CMS Perm : 23211K->23211K(38736K)], 6.9377248 secs] [Times: user=8.06 sys=0.00, real=6.94 secs] 
58132.240: [GC [1 CMS-initial-mark: 786431K(786432K)] 822255K(1022400K), 0.0455295 secs] [Times: user=0.05 sys=0.00, real=0.05 secs] 
58132.286: [CMS-concurrent-mark-start]
58133.504: [Full GC 58133.505: [CMS2010-04-21T10:52:23.674+0100: 58134.645: [CMS-concurrent-mark: 2.357/2.359 secs] [Times: user=9.48 sys=0.03, real=2.36 secs] 
(concurrent mode failure): 786431K->786431K(786432K), 6.8905137 secs] 1022399K->816785K(1022400K), [CMS Perm : 23211K->23211K(38736K)], 6.8906948 secs] [Times: user=8.02 sys=0.00, real=6.89 secs] 
58141.607: [Full GC 58141.608: [CMS: 786431K->786430K(786432K), 5.7251676 secs] 1022399K->815082K(1022400K), [CMS Perm : 23211K->23211K(38736K)], 5.7253464 secs] [Times: user=5.70 sys=0.02, real=5.72 secs] 
58147.334: [GC [1 CMS-initial-mark: 786430K(786432K)] 816126K(1022400K), 0.0364745 secs] [Times: user=0.05 sys=0.00, real=0.05 secs] 
58147.371: [CMS-concurrent-mark-start]
58148.695: [Full GC 58148.695: [CMS2010-04-21T10:52:38.815+0100: 58149.782: [CMS-concurrent-mark: 2.409/2.411 secs] [Times: user=9.80 sys=0.09, real=2.41 secs] 
(concurrent mode failure): 786432K->786431K(786432K), 6.8092417 secs] 1022400K->813348K(1022400K), [CMS Perm : 23211K->23211K(38736K)], 6.8094219 secs] [Times: user=7.88 sys=0.00, real=6.81 secs] 
58155.506: [GC [1 CMS-initial-mark: 786431K(786432K)] 815921K(1022400K), 0.0333579 secs] [Times: user=0.03 sys=0.00, real=0.03 secs] 
58155.539: [CMS-concurrent-mark-start]
58156.856: [Full GC 58156.856: [CMS2010-04-21T10:52:46.924+0100: 58157.886: [CMS-concurrent-mark: 2.343/2.346 secs] [Times: user=10.28 sys=0.09, real=2.36 secs] 
(concurrent mode failure): 786432K->786431K(786432K), 6.8307972 secs] 1022400K->811497K(1022400K), [CMS Perm : 23211K->23211K(38736K)], 6.8309780 secs] [Times: user=7.84 sys=0.02, real=6.83 secs] 
58163.704: [GC [1 CMS-initial-mark: 786431K(786432K)] 818737K(1022400K), 0.0367390 secs] [Times: user=0.03 sys=0.00, real=0.03 secs] 
58163.741: [CMS-concurrent-mark-start]
58165.107: [Full GC 58165.107: [CMS2010-04-21T10:52:55.111+0100: 58166.085: [CMS-concurrent-mark: 2.342/2.344 secs] [Times: user=10.06 sys=0.13, real=2.34 secs] 
(concurrent mode failure): 786431K->786431K(786432K), 7.0306690 secs] 1022399K->809416K(1022400K), [CMS Perm : 23211K->23211K(38736K)], 7.0308441 secs] [Times: user=8.00 sys=0.00, real=7.03 secs] 
58173.480: [Full GC 58173.481: [CMS: 786432K->786431K(786432K), 5.7008776 secs] 1022399K->807903K(1022400K), [CMS Perm : 23211K->23211K(38736K)], 5.7010575 secs] [Times: user=5.69 sys=0.00, real=5.69 secs] 
58179.182: [GC [1 CMS-initial-mark: 786431K(786432K)] 810497K(1022400K), 0.0290682 secs] [Times: user=0.03 sys=0.00, real=0.03 secs] 
58179.212: [CMS-concurrent-mark-start]
58180.592: [Full GC 58180.593: [CMS2010-04-21T10:53:10.627+0100: 58181.592: [CMS-concurrent-mark: 2.375/2.380 secs] [Times: user=8.73 sys=0.11, real=2.39 secs] 
(concurrent mode failure): 786431K->786431K(786432K), 6.7921903 secs] 1022399K->806411K(1022400K), [CMS Perm : 23211K->23211K(38736K)], 6.7923948 secs] [Times: user=7.72 sys=0.00, real=6.78 secs] 
58188.950: [Full GC 58188.950: [CMS: 786431K->786431K(786432K), 5.7649229 secs] 1022399K->804394K(1022400K), [CMS Perm : 23211K->23211K(38736K)], 5.7651101 secs] [Times: user=5.75 sys=0.02, real=5.76 secs] 
58194.727: [GC [1 CMS-initial-mark: 786431K(786432K)] 811497K(1022400K), 0.0301963 secs] [Times: user=0.03 sys=0.00, real=0.03 secs] 
58194.758: [CMS-concurrent-mark-start]
58196.024: [Full GC 58196.024: [CMS2010-04-21T10:53:26.220+0100: 58197.184: [CMS-concurrent-mark: 2.425/2.427 secs] [Times: user=8.86 sys=0.05, real=2.44 secs] 
(concurrent mode failure): 786431K->786431K(786432K), 6.7852417 secs] 1022399K->802834K(1022400K), [CMS Perm : 23211K->23211K(38736K)], 6.7854183 secs] [Times: user=7.84 sys=0.00, real=6.80 secs] 
58202.813: [GC [1 CMS-initial-mark: 786431K(786432K)] 805999K(1022400K), 0.0237192 secs] [Times: user=0.02 sys=0.00, real=0.02 secs] 
58202.837: [CMS-concurrent-mark-start]
58204.243: [Full GC 58204.243: [CMS2010-04-21T10:53:34.173+0100: 58205.149: [CMS-concurrent-mark: 2.308/2.312 secs] [Times: user=9.58 sys=0.20, real=2.31 secs] 
(concurrent mode failure): 786432K->786431K(786432K), 6.6002065 secs] 1022400K->801302K(1022400K), [CMS Perm : 23211K->23211K(38736K)], 6.6003897 secs] [Times: user=7.52 sys=0.00, real=6.61 secs] 
58210.862: [GC [1 CMS-initial-mark: 786431K(786432K)] 808480K(1022400K), 0.0272764 secs] [Times: user=0.03 sys=0.00, real=0.03 secs] 
58210.889: [CMS-concurrent-mark-start]
58212.138: [Full GC 58212.138: [CMS2010-04-21T10:53:42.251+0100: 58213.216: [CMS-concurrent-mark: 2.326/2.327 secs] [Times: user=8.34 sys=0.09, real=2.33 secs] 
(concurrent mode failure): 786431K->786431K(786432K), 6.8439615 secs] 1022399K->799319K(1022400K), [CMS Perm : 23211K->23211K(38736K)], 6.8441713 secs] [Times: user=7.92 sys=0.00, real=6.84 secs] 
58220.460: [Full GC 58220.460: [CMS: 786431K->786431K(786432K), 5.6208663 secs] 1022399K->797151K(1022400K), [CMS Perm : 23211K->23211K(38736K)], 5.6210457 secs] [Times: user=5.63 sys=0.00, real=5.63 secs] 
58226.082: [GC [1 CMS-initial-mark: 786431K(786432K)] 798661K(1022400K), 0.0159196 secs] [Times: user=0.02 sys=0.00, real=0.02 secs] 
58226.098: [CMS-concurrent-mark-start]
58227.512: [Full GC 58227.513: [CMS2010-04-21T10:53:57.485+0100: 58228.456: [CMS-concurrent-mark: 2.353/2.358 secs] [Times: user=8.92 sys=0.02, real=2.36 secs] 
(concurrent mode failure): 786431K->786431K(786432K), 6.6045226 secs] 1022399K->795898K(1022400K), [CMS Perm : 23211K->23211K(38736K)], 6.6047176 secs] [Times: user=7.50 sys=0.01, real=6.59 secs] 
58235.439: [Full GC 58235.439: [CMS: 786431K->786431K(786432K), 5.6695619 secs] 1022399K->794407K(1022400K), [CMS Perm : 23211K->23211K(38736K)], 5.6697432 secs] [Times: user=5.67 sys=0.00, real=5.67 secs] 
58241.110: [GC [1 CMS-initial-mark: 786431K(786432K)] 796942K(1022400K), 0.0120200 secs] [Times: user=0.02 sys=0.00, real=0.02 secs] 
58241.122: [CMS-concurrent-mark-start]
58242.508: [Full GC 58242.508: [CMS2010-04-21T10:54:12.470+0100: 58243.444: [CMS-concurrent-mark: 2.320/2.321 secs] [Times: user=8.14 sys=0.11, real=2.31 secs] 
(concurrent mode failure): 786431K->786431K(786432K), 6.5918146 secs] 1022399K->792156K(1022400K), [CMS Perm : 23211K->23211K(38736K)], 6.5919987 secs] [Times: user=7.52 sys=0.00, real=6.59 secs] 
58249.102: [GC [1 CMS-initial-mark: 786431K(786432K)] 793723K(1022400K), 0.0090833 secs] [Times: user=0.01 sys=0.00, real=0.02 secs] 
58249.111: [CMS-concurrent-mark-start]
58250.729: [Full GC 58250.730: [CMS2010-04-21T10:54:20.516+0100: 58251.482: [CMS-concurrent-mark: 2.368/2.371 secs] [Times: user=8.25 sys=0.08, real=2.38 secs] 
(concurrent mode failure): 786432K->786431K(786432K), 6.4010792 secs] 1022400K->790764K(1022400K), [CMS Perm : 23211K->23211K(38736K)], 6.4012583 secs] [Times: user=7.14 sys=0.00, real=6.41 secs] 
58258.530: [Full GC 58258.530: [CMS: 786431K->786431K(786432K), 5.8568692 secs] 1022399K->789284K(1022400K), [CMS Perm : 23211K->23211K(38736K)], 5.8570617 secs] [Times: user=5.84 sys=0.00, real=5.84 secs] 
58264.388: [GC [1 CMS-initial-mark: 786431K(786432K)] 792378K(1022400K), 0.0058977 secs] [Times: user=0.00 sys=0.00, real=0.00 secs] 
58264.394: [CMS-concurrent-mark-start]
58265.792: [Full GC 58265.792: [CMS2010-04-21T10:54:35.719+0100: 58266.693: [CMS-concurrent-mark: 2.296/2.299 secs] [Times: user=8.88 sys=0.06, real=2.30 secs] 
(concurrent mode failure): 786431K->786431K(786432K), 6.5465248 secs] 1022399K->787819K(1022400K), [CMS Perm : 23211K->23211K(38736K)], 6.5466999 secs] [Times: user=7.42 sys=0.02, real=6.55 secs] 
58272.354: [GC [1 CMS-initial-mark: 786431K(786432K)] 794666K(1022400K), 0.0088514 secs] [Times: user=0.01 sys=0.00, real=0.02 secs] 
58272.363: [CMS-concurrent-mark-start]
58273.778: [Full GC 58273.778: [CMS2010-04-21T10:54:43.688+0100: 58274.663: [CMS-concurrent-mark: 2.299/2.300 secs] [Times: user=8.69 sys=0.11, real=2.30 secs] 
(concurrent mode failure): 786431K->785452K(786432K), 6.5738696 secs] 1022399K->785452K(1022400K), [CMS Perm : 23211K->23211K(38736K)], 6.5740517 secs] [Times: user=7.44 sys=0.00, real=6.56 secs] 
58281.177: [GC 58281.177: [ParNew: 209792K->209792K(235968K), 0.0000439 secs]58281.177: [CMS: 785452K->784106K(786432K), 5.5347691 secs] 995244K->784106K(1022400K), [CMS Perm : 23211K->23211K(38736K)], 5.5350434 secs] [Times: user=5.53 sys=0.00, real=5.53 secs] 
58286.713: [GC [1 CMS-initial-mark: 784106K(786432K)] 784904K(1022400K), 0.0016709 secs] [Times: user=0.00 sys=0.00, real=0.00 secs] 
58286.714: [CMS-concurrent-mark-start]
58287.598: [GC 58287.598: [ParNew: 209792K->209792K(235968K), 0.0000467 secs]58287.598: [CMS2010-04-21T10:54:58.016+0100: 58288.995: [CMS-concurrent-mark: 2.278/2.280 secs] [Times: user=8.11 sys=0.19, real=2.28 secs] 
(concurrent mode failure): 784106K->782601K(786432K), 6.9048474 secs] 993898K->782601K(1022400K), [CMS Perm : 23211K->23211K(38736K)], 6.9051203 secs] [Times: user=8.30 sys=0.00, real=6.91 secs] 
58294.505: [GC [1 CMS-initial-mark: 782601K(786432K)] 782825K(1022400K), 0.0017016 secs] [Times: user=0.00 sys=0.00, real=0.00 secs] 
58294.507: [CMS-concurrent-mark-start]
58295.582: [GC 58295.582: [ParNew: 209792K->209792K(235968K), 0.0000427 secs]58295.582: [CMS2010-04-21T10:55:05.750+0100: 58296.728: [CMS-concurrent-mark: 2.220/2.222 secs] [Times: user=8.64 sys=0.16, real=2.22 secs] 
(concurrent mode failure): 782601K->780895K(786432K), 6.7693117 secs] 992393K->780895K(1022400K), [CMS Perm : 23211K->23211K(38736K)], 6.7695808 secs] [Times: user=7.91 sys=0.00, real=6.76 secs] 
58303.320: [GC 58303.321: [ParNew: 209792K->209792K(235968K), 0.0000441 secs]58303.321: [CMS: 780895K->779509K(786432K), 5.6344697 secs] 990687K->779509K(1022400K), [CMS Perm : 23211K->23211K(38736K)], 5.6347539 secs] [Times: user=5.64 sys=0.00, real=5.64 secs] 
58308.956: [GC [1 CMS-initial-mark: 779509K(786432K)] 779560K(1022400K), 0.0016069 secs] [Times: user=0.00 sys=0.00, real=0.00 secs] 
58308.958: [CMS-concurrent-mark-start]
58309.945: [GC 58309.945: [ParNew: 209792K->209792K(235968K), 0.0000425 secs]58309.945: [CMS2010-04-21T10:55:20.203+0100: 58311.173: [CMS-concurrent-mark: 2.213/2.216 secs] [Times: user=8.47 sys=0.08, real=2.22 secs] 
(concurrent mode failure): 779509K->778070K(786432K), 6.7606573 secs] 989301K->778070K(1022400K), [CMS Perm : 23211K->23211K(38736K)], 6.7609266 secs] [Times: user=8.00 sys=0.00, real=6.76 secs] 
58316.707: [GC [1 CMS-initial-mark: 778070K(786432K)] 778909K(1022400K), 0.0015879 secs] [Times: user=0.00 sys=0.00, real=0.00 secs] 
58316.709: [CMS-concurrent-mark-start]
58317.609: [GC 58317.610: [ParNew: 209792K->209792K(235968K), 0.0000436 secs]58317.610: [CMS2010-04-21T10:55:27.984+0100: 58318.965: [CMS-concurrent-mark: 2.253/2.256 secs] [Times: user=8.19 sys=0.05, real=2.25 secs] 
(concurrent mode failure): 778070K->776789K(786432K), 6.9102361 secs] 987862K->776789K(1022400K), [CMS Perm : 23211K->23211K(38736K)], 6.9105154 secs] [Times: user=8.25 sys=0.00, real=6.91 secs] 
58324.537: [GC [1 CMS-initial-mark: 776789K(786432K)] 784493K(1022400K), 0.0063340 secs] [Times: user=0.00 sys=0.00, real=0.00 secs] 
58324.544: [CMS-concurrent-mark-start]
58325.469: [GC 58325.469: [ParNew: 209792K->209792K(235968K), 0.0000436 secs]58325.469: [CMS2010-04-21T10:55:35.797+0100: 58326.764: [CMS-concurrent-mark: 2.218/2.220 secs] [Times: user=7.89 sys=0.06, real=2.23 secs] 
(concurrent mode failure): 776789K->775062K(786432K), 6.7982950 secs] 986581K->775062K(1022400K), [CMS Perm : 23211K->23211K(38736K)], 6.7985677 secs] [Times: user=8.06 sys=0.03, real=6.80 secs] 
58333.268: [GC 58333.268: [ParNew: 209792K->209792K(235968K), 0.0000439 secs]58333.268: [CMS: 775062K->773510K(786432K), 5.4018374 secs] 984854K->773510K(1022400K), [CMS Perm : 23211K->23211K(38736K)], 5.4021165 secs] [Times: user=5.41 sys=0.00, real=5.41 secs] 
58338.671: [GC [1 CMS-initial-mark: 773510K(786432K)] 774053K(1022400K), 0.0015686 secs] [Times: user=0.00 sys=0.00, real=0.00 secs] 
58338.677: [CMS-concurrent-mark-start]
58339.698: [GC 58339.698: [ParNew: 209792K->209792K(235968K), 0.0000436 secs]58339.699: [CMS2010-04-21T10:55:49.875+0100: 58340.850: [CMS-concurrent-mark: 2.171/2.173 secs] [Times: user=8.16 sys=0.06, real=2.17 secs] 
(concurrent mode failure): 773510K->772410K(786432K), 6.5341377 secs] 983302K->772410K(1022400K), [CMS Perm : 23211K->23211K(38736K)], 6.5344062 secs] [Times: user=7.70 sys=0.00, real=6.55 secs] 
58347.161: [GC 58347.161: [ParNew: 209792K->209792K(235968K), 0.0000433 secs]58347.161: [CMS: 772410K->771394K(786432K), 5.5170962 secs] 982202K->771394K(1022400K), [CMS Perm : 23211K->23211K(38736K)], 5.5173792 secs] [Times: user=5.52 sys=0.00, real=5.52 secs] 
58352.679: [GC [1 CMS-initial-mark: 771394K(786432K)] 772949K(1022400K), 0.0016312 secs] [Times: user=0.00 sys=0.00, real=0.00 secs] 
58352.681: [CMS-concurrent-mark-start]
58353.586: [GC 58353.586: [ParNew: 209792K->209792K(235968K), 0.0000439 secs]58353.587: [CMS2010-04-21T10:56:03.921+0100: 58354.895: [CMS-concurrent-mark: 2.212/2.214 secs] [Times: user=8.08 sys=0.08, real=2.22 secs] 
(concurrent mode failure): 771394K->769676K(786432K), 6.7638091 secs] 981186K->769676K(1022400K), [CMS Perm : 23211K->23211K(38736K)], 6.7640845 secs] [Times: user=8.09 sys=0.00, real=6.77 secs] 
58360.352: [GC [1 CMS-initial-mark: 769676K(786432K)] 770189K(1022400K), 0.0015941 secs] [Times: user=0.00 sys=0.00, real=0.00 secs] 
58360.353: [CMS-concurrent-mark-start]
58361.222: [GC 58361.223: [ParNew (promotion failed): 209792K->235968K(235968K), 0.2055809 secs]58361.428: [CMS2010-04-21T10:56:11.843+0100: 58362.811: [CMS-concurrent-mark: 2.249/2.458 secs] [Times: user=8.63 sys=0.08, real=2.47 secs] 
(concurrent mode failure): 777878K->766232K(786432K), 7.1418641 secs] 979468K->766232K(1022400K), [CMS Perm : 23211K->23211K(38736K)], 7.3476959 secs] [Times: user=8.92 sys=0.03, real=7.34 secs] 
58369.618: [GC 58369.618: [ParNew (promotion failed): 209792K->235968K(235968K), 0.2833248 secs]58369.901: [CMS: 778141K->765305K(786432K), 5.4309282 secs] 976024K->765305K(1022400K), [CMS Perm : 23211K->23211K(38736K)], 5.7145095 secs] [Times: user=6.05 sys=0.01, real=5.72 secs] 
58375.333: [GC [1 CMS-initial-mark: 765305K(786432K)] 766000K(1022400K), 0.0016642 secs] [Times: user=0.00 sys=0.00, real=0.00 secs] 
58375.335: [CMS-concurrent-mark-start]
58376.375: [GC 58376.375: [ParNew: 209792K->209792K(235968K), 0.0000441 secs]58376.375: [CMS2010-04-21T10:56:26.577+0100: 58377.547: [CMS-concurrent-mark: 2.209/2.212 secs] [Times: user=8.49 sys=0.16, real=2.22 secs] 
(concurrent mode failure): 765305K->767396K(786432K), 7.1397482 secs] 975097K->767396K(1022400K), [CMS Perm : 23211K->23211K(38736K)], 7.1400130 secs] [Times: user=8.30 sys=0.01, real=7.14 secs] 
58383.517: [GC [1 CMS-initial-mark: 767396K(786432K)] 768519K(1022400K), 0.0019678 secs] [Times: user=0.00 sys=0.00, real=0.00 secs] 
58383.519: [CMS-concurrent-mark-start]
58384.567: [GC 58384.567: [ParNew: 209792K->209792K(235968K), 0.0000441 secs]58384.567: [CMS2010-04-21T10:56:34.702+0100: 58385.682: [CMS-concurrent-mark: 2.159/2.163 secs] [Times: user=8.39 sys=0.08, real=2.16 secs] 
(concurrent mode failure): 767396K->770736K(786432K), 6.6772020 secs] 977188K->770736K(1022400K), [CMS Perm : 23211K->23211K(38736K)], 6.6774677 secs] [Times: user=7.78 sys=0.00, real=6.67 secs] 
58391.274: [GC [1 CMS-initial-mark: 770736K(786432K)] 780430K(1022400K), 0.0120093 secs] [Times: user=0.01 sys=0.00, real=0.02 secs] 
58391.286: [CMS-concurrent-mark-start]
58392.178: [GC 58392.179: [ParNew: 209792K->209792K(235968K), 0.0000436 secs]58392.179: [CMS2010-04-21T10:56:42.577+0100: 58393.548: [CMS-concurrent-mark: 2.259/2.262 secs] [Times: user=8.00 sys=0.06, real=2.27 secs] 
(concurrent mode failure): 770736K->772515K(786432K), 6.9469935 secs] 980528K->772515K(1022400K), [CMS Perm : 23211K->23211K(38736K)], 6.9472718 secs] [Times: user=8.28 sys=0.00, real=6.95 secs] 
58399.145: [GC [1 CMS-initial-mark: 772515K(786432K)] 780586K(1022400K), 0.0074387 secs] [Times: user=0.00 sys=0.00, real=0.00 secs] 
58399.153: [CMS-concurrent-mark-start]
58400.140: [GC 58400.140: [ParNew: 209792K->209792K(235968K), 0.0000433 secs]58400.140: [CMS2010-04-21T10:56:50.421+0100: 58401.398: [CMS-concurrent-mark: 2.243/2.245 secs] [Times: user=7.80 sys=0.03, real=2.25 secs] 
(concurrent mode failure): 772515K->769597K(786432K), 6.8783566 secs] 982307K->769597K(1022400K), [CMS Perm : 23211K->23211K(38736K)], 6.8786150 secs] [Times: user=8.11 sys=0.00, real=6.88 secs] 
58407.020: [GC [1 CMS-initial-mark: 769597K(786432K)] 770778K(1022400K), 0.0016740 secs] [Times: user=0.00 sys=0.00, real=0.00 secs] 
58407.022: [CMS-concurrent-mark-start]
58407.978: [GC 58407.978: [ParNew: 209792K->209792K(235968K), 0.0000436 secs]58407.978: [CMS2010-04-21T10:56:58.171+0100: 58409.141: [CMS-concurrent-mark: 2.116/2.120 secs] [Times: user=8.03 sys=0.06, real=2.13 secs] 
(concurrent mode failure): 769597K->773378K(786432K), 7.0061692 secs] 979389K->773378K(1022400K), [CMS Perm : 23211K->23211K(38736K)], 7.0064388 secs] [Times: user=8.17 sys=0.02, real=7.01 secs] 
58415.913: [GC 58415.913: [ParNew: 209792K->209792K(235968K), 0.0000441 secs]58415.913: [CMS: 773378K->773084K(786432K), 5.5966004 secs] 983170K->773084K(1022400K), [CMS Perm : 23211K->23211K(38736K)], 5.5968767 secs] [Times: user=5.59 sys=0.00, real=5.59 secs] 
58421.511: [GC [1 CMS-initial-mark: 773084K(786432K)] 774093K(1022400K), 0.0018156 secs] [Times: user=0.00 sys=0.00, real=0.00 secs] 
58421.513: [CMS-concurrent-mark-start]
58422.643: [GC 58422.643: [ParNew: 209792K->209792K(235968K), 0.0000425 secs]58422.643: [CMS2010-04-21T10:57:12.655+0100: 58423.628: [CMS-concurrent-mark: 2.113/2.116 secs] [Times: user=8.22 sys=0.05, real=2.13 secs] 
(concurrent mode failure): 773084K->775069K(786432K), 7.0622104 secs] 982876K->775069K(1022400K), [CMS Perm : 23211K->23211K(38736K)], 7.0624758 secs] [Times: user=8.05 sys=0.00, real=7.06 secs] 
58429.707: [GC [1 CMS-initial-mark: 775069K(786432K)] 778968K(1022400K), 0.0016348 secs] [Times: user=0.00 sys=0.00, real=0.00 secs] 
58429.709: [CMS-concurrent-mark-start]
58430.546: [GC 58430.547: [ParNew: 209792K->209792K(235968K), 0.0000425 secs]58430.547: [CMS2010-04-21T10:57:21.092+0100: 58432.077: [CMS-concurrent-mark: 2.199/2.368 secs] [Times: user=8.13 sys=0.14, real=2.36 secs] 
(concurrent mode failure): 775069K->775523K(786432K), 7.2319211 secs] 984861K->775523K(1022400K), [CMS Perm : 23314K->23311K(38736K)], 7.2322169 secs] [Times: user=8.74 sys=0.00, real=7.22 secs] 
58438.006: [GC [1 CMS-initial-mark: 775523K(786432K)] 866843K(1022400K), 0.1219806 secs] [Times: user=0.13 sys=0.00, real=0.13 secs] 
58438.128: [CMS-concurrent-mark-start]
58438.790: [GC 58438.790: [ParNew: 209792K->209792K(235968K), 0.0000427 secs]58438.790: [CMS2010-04-21T10:57:29.483+0100: 58440.454: [CMS-concurrent-mark: 2.294/2.326 secs] [Times: user=8.05 sys=0.05, real=2.33 secs] 
(concurrent mode failure): 775523K->777214K(786432K), 7.3541989 secs] 985315K->777214K(1022400K), [CMS Perm : 23397K->23394K(38864K)], 7.3544990 secs] [Times: user=9.05 sys=0.02, real=7.36 secs] 
58446.172: [GC [1 CMS-initial-mark: 777214K(786432K)] 785894K(1022400K), 0.0093719 secs] [Times: user=0.00 sys=0.00, real=0.00 secs] 
58446.182: [CMS-concurrent-mark-start]
58447.087: [GC 58447.087: [ParNew: 209792K->209792K(235968K), 0.0000967 secs]58447.087: [CMS2010-04-21T10:57:37.514+0100: 58448.494: [CMS-concurrent-mark: 2.307/2.312 secs] [Times: user=8.80 sys=0.09, real=2.31 secs] 
(concurrent mode failure): 777214K->776746K(786432K), 7.0539566 secs] 987006K->776746K(1022400K), [CMS Perm : 23394K->23394K(38992K)], 7.0542837 secs] [Times: user=8.47 sys=0.00, real=7.06 secs] 
58454.149: [GC [1 CMS-initial-mark: 776746K(786432K)] 777415K(1022400K), 0.0018427 secs] [Times: user=0.00 sys=0.00, real=0.00 secs] 
58454.151: [CMS-concurrent-mark-start]
58455.272: [GC 58455.272: [ParNew: 209792K->209792K(235968K), 0.0000464 secs]58455.272: [CMS2010-04-21T10:57:45.311+0100: 58456.287: [CMS-concurrent-mark: 2.128/2.136 secs] [Times: user=8.36 sys=0.11, real=2.14 secs] 
(concurrent mode failure): 776746K->779295K(786432K), 6.7735352 secs] 986538K->779295K(1022400K), [CMS Perm : 23394K->23394K(38992K)], 6.7738090 secs] [Times: user=7.78 sys=0.00, real=6.77 secs] 
58462.069: [GC [1 CMS-initial-mark: 779295K(786432K)] 786586K(1022400K), 0.0065885 secs] [Times: user=0.00 sys=0.00, real=0.00 secs] 
58462.076: [CMS-concurrent-mark-start]
58463.055: [GC 58463.055: [ParNew: 209792K->209792K(235968K), 0.0000450 secs]58463.055: [CMS2010-04-21T10:57:53.435+0100: 58464.418: [CMS-concurrent-mark: 2.338/2.342 secs] [Times: user=7.95 sys=0.11, real=2.34 secs] 
(concurrent mode failure): 779295K->781547K(786432K), 6.9769395 secs] 989087K->781547K(1022400K), [CMS Perm : 23394K->23394K(38992K)], 6.9772150 secs] [Times: user=8.34 sys=0.00, real=6.98 secs] 
58470.056: [GC [1 CMS-initial-mark: 781547K(786432K)] 789505K(1022400K), 0.0074909 secs] [Times: user=0.02 sys=0.00, real=0.02 secs] 
58470.064: [CMS-concurrent-mark-start]
58471.011: [GC 58471.011: [ParNew: 209792K->209792K(235968K), 0.0000427 secs]58471.011: [CMS2010-04-21T10:58:01.420+0100: 58472.397: [CMS-concurrent-mark: 2.331/2.333 secs] [Times: user=7.84 sys=0.02, real=2.33 secs] 
(concurrent mode failure): 781547K->783377K(786432K), 7.0784577 secs] 991339K->783377K(1022400K), [CMS Perm : 23394K->23394K(38992K)], 7.0787189 secs] [Times: user=8.47 sys=0.00, real=7.08 secs] 
58478.097: [GC [1 CMS-initial-mark: 783377K(786432K)] 783860K(1022400K), 0.0019061 secs] [Times: user=0.00 sys=0.00, real=0.00 secs] 
58478.099: [CMS-concurrent-mark-start]
58479.090: [GC 58479.090: [ParNew: 209792K->209792K(235968K), 0.0000439 secs]58479.090: [CMS2010-04-21T10:58:09.357+0100: 58480.331: [CMS-concurrent-mark: 2.225/2.232 secs] [Times: user=8.01 sys=0.06, real=2.23 secs] 
(concurrent mode failure): 783377K->786431K(786432K), 6.9209011 secs] 993169K->786566K(1022400K), [CMS Perm : 23394K->23394K(38992K)], 6.9211743 secs] [Times: user=8.16 sys=0.00, real=6.92 secs] 
58486.033: [GC [1 CMS-initial-mark: 786431K(786432K)] 795269K(1022400K), 0.0090349 secs] [Times: user=0.00 sys=0.00, real=0.00 secs] 
58486.042: [CMS-concurrent-mark-start]
58487.539: [Full GC 58487.539: [CMS2010-04-21T10:58:17.513+0100: 58488.495: [CMS-concurrent-mark: 2.450/2.453 secs] [Times: user=10.55 sys=0.25, real=2.45 secs] 
(concurrent mode failure): 786431K->786431K(786432K), 6.8045455 secs] 1022399K->790118K(1022400K), [CMS Perm : 23394K->23394K(38992K)], 6.8047299 secs] [Times: user=7.75 sys=0.00, real=6.80 secs] 
