2.152: [Full GC 2.152: [CMS: 0K->5234K(6815744K), 0.1896870 secs] 528904K->5234K(8231360K), [CMS Perm : 21247K->21210K(21248K)], 0.1899130 secs] [Times: user=0.14 sys=0.05, real=0.19 secs] 
4.759: [Full GC 4.759: [CMS: 5234K->7355K(6815744K), 0.1945150 secs] 382840K->7355K(8231360K), [CMS Perm : 35248K->34914K(35352K)], 0.1948270 secs] [Times: user=0.19 sys=0.00, real=0.20 secs] 
25.118: [GC 25.118: [ParNew: 1258368K->143985K(1415616K), 0.0987560 secs] 1265723K->151341K(8231360K), 0.0989880 secs] [Times: user=0.96 sys=0.49, real=0.09 secs] 
33.108: [GC 33.108: [ParNew: 1402353K->157248K(1415616K), 0.6565800 secs] 1409709K->345762K(8231360K), 0.6567720 secs] [Times: user=2.78 sys=0.60, real=0.66 secs] 
3435.596: [GC 3435.596: [ParNew: 1415405K->157248K(1415616K), 0.5113950 secs] 1603920K->480450K(8231360K), 0.5116860 secs] [Times: user=2.15 sys=0.40, real=0.52 secs] 
3487.133: [GC 3487.133: [ParNew: 1415616K->118830K(1415616K), 0.4680210 secs] 1738818K->555473K(8231360K), 0.4683310 secs] [Times: user=1.35 sys=0.37, real=0.47 secs] 
3494.310: [GC 3494.310: [ParNew: 1377198K->57397K(1415616K), 0.0166790 secs] 1813841K->494040K(8231360K), 0.0169420 secs] [Times: user=0.24 sys=0.01, real=0.01 secs] 
5159.082: [GC 5159.082: [ParNew: 1315765K->60294K(1415616K), 0.0184790 secs] 1752408K->496937K(8231360K), 0.0188410 secs] [Times: user=0.23 sys=0.01, real=0.02 secs] 
5196.690: [GC 5196.690: [ParNew: 1318662K->69755K(1415616K), 0.0163650 secs] 1755305K->506398K(8231360K), 0.0166930 secs] [Times: user=0.24 sys=0.00, real=0.02 secs] 
5206.510: [GC 5206.510: [ParNew: 1328123K->84371K(1415616K), 0.0186970 secs] 1764766K->521014K(8231360K), 0.0190280 secs] [Times: user=0.27 sys=0.01, real=0.02 secs] 
5213.541: [GC 5213.541: [ParNew: 1342739K->101915K(1415616K), 0.0201190 secs] 1779382K->538558K(8231360K), 0.0204250 secs] [Times: user=0.30 sys=0.00, real=0.02 secs] 
5219.354: [GC 5219.354: [ParNew: 1360283K->123028K(1415616K), 0.0245160 secs] 1796926K->559670K(8231360K), 0.0248360 secs] [Times: user=0.37 sys=0.00, real=0.03 secs] 
5223.965: [GC 5223.965: [ParNew: 1381396K->133558K(1415616K), 0.0499610 secs] 1818038K->583037K(8231360K), 0.0502720 secs] [Times: user=0.49 sys=0.04, real=0.05 secs] 
5227.176: [GC 5227.176: [ParNew: 1391926K->133979K(1415616K), 0.0509110 secs] 1841405K->595100K(8231360K), 0.0512370 secs] [Times: user=0.49 sys=0.03, real=0.06 secs] 
5230.007: [GC 5230.008: [ParNew: 1392347K->140034K(1415616K), 0.0541950 secs] 1853468K->613501K(8231360K), 0.0544950 secs] [Times: user=0.54 sys=0.03, real=0.06 secs] 
5232.303: [GC 5232.303: [ParNew: 1398402K->108553K(1415616K), 0.0655170 secs] 1871869K->599333K(8231360K), 0.0658180 secs] [Times: user=0.56 sys=0.05, real=0.07 secs] 
5234.320: [GC 5234.320: [ParNew: 1366921K->137604K(1415616K), 0.0416660 secs] 1857701K->637011K(8231360K), 0.0419890 secs] [Times: user=0.50 sys=0.02, real=0.04 secs] 
5236.497: [GC 5236.497: [ParNew: 1395972K->112126K(1415616K), 0.0593050 secs] 1895379K->626721K(8231360K), 0.0596180 secs] [Times: user=0.55 sys=0.04, real=0.06 secs] 
5238.712: [GC 5238.712: [ParNew: 1370494K->121043K(1415616K), 0.0545710 secs] 1885089K->649523K(8231360K), 0.0548680 secs] [Times: user=0.54 sys=0.04, real=0.05 secs] 
5240.775: [GC 5240.775: [ParNew: 1379411K->120567K(1415616K), 0.0517680 secs] 1907891K->662051K(8231360K), 0.0520640 secs] [Times: user=0.52 sys=0.04, real=0.05 secs] 
5243.005: [GC 5243.005: [ParNew: 1378935K->125626K(1415616K), 0.0484590 secs] 1920419K->679019K(8231360K), 0.0487620 secs] [Times: user=0.52 sys=0.04, real=0.05 secs] 
5245.658: [GC 5245.658: [ParNew: 1383994K->130926K(1415616K), 0.0500640 secs] 1937387K->695824K(8231360K), 0.0503650 secs] [Times: user=0.56 sys=0.04, real=0.05 secs] 
5248.096: [GC 5248.096: [ParNew: 1389294K->154780K(1415616K), 0.0518210 secs] 1954192K->730342K(8231360K), 0.0521320 secs] [Times: user=0.56 sys=0.04, real=0.05 secs] 
5250.343: [GC 5250.343: [ParNew: 1413148K->138453K(1415616K), 0.0874040 secs] 1988710K->737775K(8231360K), 0.0877520 secs] [Times: user=0.55 sys=0.08, real=0.08 secs] 
5252.583: [GC 5252.583: [ParNew: 1396821K->123659K(1415616K), 0.0505860 secs] 1996143K->734768K(8231360K), 0.0508970 secs] [Times: user=0.52 sys=0.04, real=0.05 secs] 
5254.918: [GC 5254.918: [ParNew: 1382027K->124164K(1415616K), 0.0478420 secs] 1993136K->746525K(8231360K), 0.0481540 secs] [Times: user=0.52 sys=0.03, real=0.05 secs] 
5257.528: [GC 5257.528: [ParNew: 1382532K->126695K(1415616K), 0.0519910 secs] 2004893K->762042K(8231360K), 0.0522910 secs] [Times: user=0.53 sys=0.03, real=0.05 secs] 
5259.565: [GC 5259.566: [ParNew: 1385063K->139695K(1415616K), 0.0563660 secs] 2020410K->789305K(8231360K), 0.0566800 secs] [Times: user=0.58 sys=0.04, real=0.05 secs] 
5261.771: [GC 5261.771: [ParNew: 1398063K->130454K(1415616K), 0.0573780 secs] 2047673K->793570K(8231360K), 0.0577130 secs] [Times: user=0.60 sys=0.07, real=0.06 secs] 
5265.279: [GC 5265.279: [ParNew: 1388822K->131214K(1415616K), 0.0630220 secs] 2051938K->808206K(8231360K), 0.0633670 secs] [Times: user=0.65 sys=0.04, real=0.06 secs] 
5268.578: [GC 5268.578: [ParNew: 1389582K->119760K(1415616K), 0.0532630 secs] 2066574K->809622K(8231360K), 0.0535690 secs] [Times: user=0.56 sys=0.04, real=0.05 secs] 
5272.138: [GC 5272.138: [ParNew: 1378128K->105467K(1415616K), 0.0611300 secs] 2067990K->810525K(8231360K), 0.0614340 secs] [Times: user=0.49 sys=0.04, real=0.06 secs] 
5275.496: [GC 5275.496: [ParNew: 1363835K->143325K(1415616K), 0.0277750 secs] 2068893K->848384K(8231360K), 0.0280690 secs] [Times: user=0.42 sys=0.01, real=0.02 secs] 
5279.604: [GC 5279.604: [ParNew: 1401693K->129725K(1415616K), 0.0587070 secs] 2106752K->848951K(8231360K), 0.0590080 secs] [Times: user=0.51 sys=0.05, real=0.06 secs] 
5284.796: [GC 5284.797: [ParNew: 1388093K->123036K(1415616K), 0.0581980 secs] 2107319K->855970K(8231360K), 0.0584960 secs] [Times: user=0.52 sys=0.04, real=0.06 secs] 
5288.828: [GC 5288.828: [ParNew: 1381404K->128520K(1415616K), 0.0490480 secs] 2114338K->873119K(8231360K), 0.0493540 secs] [Times: user=0.53 sys=0.03, real=0.05 secs] 
5292.714: [GC 5292.714: [ParNew: 1386888K->127142K(1415616K), 0.0537010 secs] 2131487K->884057K(8231360K), 0.0539830 secs] [Times: user=0.49 sys=0.04, real=0.05 secs] 
5298.120: [GC 5298.120: [ParNew: 1385510K->104465K(1415616K), 0.0483470 secs] 2142425K->872846K(8231360K), 0.0486530 secs] [Times: user=0.44 sys=0.03, real=0.05 secs] 
5307.616: [GC 5307.617: [ParNew: 1362833K->103841K(1415616K), 0.0237720 secs] 2131214K->872222K(8231360K), 0.0241170 secs] [Times: user=0.35 sys=0.00, real=0.02 secs] 
5310.070: [GC 5310.070: [ParNew: 1362209K->147753K(1415616K), 0.0244140 secs] 2130590K->916134K(8231360K), 0.0247060 secs] [Times: user=0.37 sys=0.00, real=0.03 secs] 
5312.192: [GC 5312.192: [ParNew: 1406121K->111808K(1415616K), 0.0515810 secs] 2174502K->891616K(8231360K), 0.0518680 secs] [Times: user=0.51 sys=0.03, real=0.06 secs] 
5314.324: [GC 5314.324: [ParNew: 1370176K->140991K(1415616K), 0.0570950 secs] 2149984K->932107K(8231360K), 0.0573920 secs] [Times: user=0.55 sys=0.04, real=0.05 secs] 
5315.702: [GC 5315.702: [ParNew: 1399359K->132130K(1415616K), 0.0932610 secs] 2190475K->947009K(8231360K), 0.0935600 secs] [Times: user=0.63 sys=0.08, real=0.10 secs] 
5317.390: [GC 5317.390: [ParNew: 1390498K->120757K(1415616K), 0.0465440 secs] 2205377K->945206K(8231360K), 0.0468480 secs] [Times: user=0.47 sys=0.02, real=0.05 secs] 
5318.613: [GC 5318.613: [ParNew: 1379125K->138443K(1415616K), 0.0439270 secs] 2203574K->971926K(8231360K), 0.0442190 secs] [Times: user=0.45 sys=0.04, real=0.05 secs] 
5320.066: [GC 5320.066: [ParNew: 1396811K->124850K(1415616K), 0.0620530 secs] 2230294K->973612K(8231360K), 0.0623510 secs] [Times: user=0.49 sys=0.05, real=0.06 secs] 
5320.911: [GC 5320.911: [ParNew: 1383218K->114656K(1415616K), 0.0479100 secs] 2231980K->974934K(8231360K), 0.0482090 secs] [Times: user=0.46 sys=0.04, real=0.05 secs] 
5321.920: [GC 5321.920: [ParNew: 1373024K->127644K(1415616K), 0.0663010 secs] 2233302K->1003884K(8231360K), 0.0666010 secs] [Times: user=0.47 sys=0.06, real=0.07 secs] 
5323.124: [GC 5323.124: [ParNew: 1386012K->151019K(1415616K), 0.0267290 secs] 2262252K->1027258K(8231360K), 0.0270450 secs] [Times: user=0.42 sys=0.00, real=0.03 secs] 
5324.986: [GC 5324.986: [ParNew: 1409387K->116530K(1415616K), 0.0538880 secs] 2285626K->1004875K(8231360K), 0.0542170 secs] [Times: user=0.56 sys=0.03, real=0.05 secs] 
5326.145: [GC 5326.145: [ParNew: 1374898K->135294K(1415616K), 0.1059670 secs] 2263243K->1048315K(8231360K), 0.1062750 secs] [Times: user=0.83 sys=0.07, real=0.11 secs] 
5327.500: [GC 5327.501: [ParNew: 1393662K->143192K(1415616K), 0.0523310 secs] 2306683K->1068037K(8231360K), 0.0526300 secs] [Times: user=0.59 sys=0.03, real=0.05 secs] 
5328.695: [GC 5328.696: [ParNew: 1401560K->157248K(1415616K), 0.0527530 secs] 2326405K->1093875K(8231360K), 0.0530490 secs] [Times: user=0.59 sys=0.03, real=0.06 secs] 
5329.949: [GC 5329.949: [ParNew: 1415616K->111156K(1415616K), 0.0945660 secs] 2352243K->1072885K(8231360K), 0.0948590 secs] [Times: user=0.63 sys=0.08, real=0.09 secs] 
5331.759: [GC 5331.759: [ParNew: 1369524K->136668K(1415616K), 0.0661990 secs] 2331253K->1115698K(8231360K), 0.0664940 secs] [Times: user=0.56 sys=0.05, real=0.06 secs] 
5333.540: [GC 5333.540: [ParNew: 1395036K->145733K(1415616K), 0.0669240 secs] 2374066K->1142059K(8231360K), 0.0672150 secs] [Times: user=0.51 sys=0.06, real=0.07 secs] 
5334.640: [GC 5334.640: [ParNew: 1404101K->104569K(1415616K), 0.0680480 secs] 2400427K->1117704K(8231360K), 0.0683450 secs] [Times: user=0.61 sys=0.05, real=0.07 secs] 
5336.131: [GC 5336.131: [ParNew: 1362937K->139136K(1415616K), 0.0684890 secs] 2376072K->1168200K(8231360K), 0.0688010 secs] [Times: user=0.61 sys=0.07, real=0.07 secs] 
5337.524: [GC 5337.524: [ParNew: 1397504K->142163K(1415616K), 0.0637010 secs] 2426568K->1187287K(8231360K), 0.0639920 secs] [Times: user=0.50 sys=0.05, real=0.07 secs] 
5339.121: [GC 5339.121: [ParNew: 1400531K->135858K(1415616K), 0.0689960 secs] 2445655K->1197966K(8231360K), 0.0692900 secs] [Times: user=0.58 sys=0.05, real=0.07 secs] 
5340.608: [GC 5340.608: [ParNew: 1394226K->130410K(1415616K), 0.0736850 secs] 2456334K->1209233K(8231360K), 0.0739730 secs] [Times: user=0.68 sys=0.05, real=0.07 secs] 
5341.660: [GC 5341.660: [ParNew: 1388778K->119626K(1415616K), 0.0768620 secs] 2467601K->1216353K(8231360K), 0.0771570 secs] [Times: user=0.65 sys=0.06, real=0.07 secs] 
5342.683: [GC 5342.683: [ParNew: 1377994K->117548K(1415616K), 0.0747810 secs] 2474721K->1231899K(8231360K), 0.0750700 secs] [Times: user=0.62 sys=0.06, real=0.07 secs] 
5344.193: [GC 5344.193: [ParNew: 1375916K->126598K(1415616K), 0.0717960 secs] 2490267K->1258540K(8231360K), 0.0720930 secs] [Times: user=0.57 sys=0.05, real=0.07 secs] 
5348.350: [GC 5348.350: [ParNew: 1384966K->129956K(1415616K), 0.0599670 secs] 2516908K->1276062K(8231360K), 0.0602670 secs] [Times: user=0.55 sys=0.05, real=0.07 secs] 
5353.929: [GC 5353.929: [ParNew: 1388324K->82152K(1415616K), 0.0469910 secs] 2534430K->1239880K(8231360K), 0.0472880 secs] [Times: user=0.41 sys=0.03, real=0.05 secs] 
5359.939: [GC 5359.939: [ParNew: 1340520K->114016K(1415616K), 0.0215890 secs] 2498248K->1271744K(8231360K), 0.0218910 secs] [Times: user=0.33 sys=0.00, real=0.02 secs] 
6103.129: [GC 6103.130: [ParNew: 1372383K->87981K(1415616K), 0.0204350 secs] 2530112K->1245710K(8231360K), 0.0207700 secs] [Times: user=0.29 sys=0.00, real=0.02 secs] 
6392.517: [GC 6392.518: [ParNew: 1346349K->124113K(1415616K), 0.0243370 secs] 2504078K->1281842K(8231360K), 0.0247300 secs] [Times: user=0.36 sys=0.00, real=0.03 secs] 
6402.147: [GC 6402.148: [ParNew: 1382481K->123836K(1415616K), 0.0479520 secs] 2540210K->1292539K(8231360K), 0.0483530 secs] [Times: user=0.48 sys=0.04, real=0.05 secs] 
6405.421: [GC 6405.421: [ParNew: 1382204K->148702K(1415616K), 0.0564130 secs] 2550907K->1329194K(8231360K), 0.0567630 secs] [Times: user=0.55 sys=0.04, real=0.06 secs] 
6412.518: [GC 6412.518: [ParNew: 1407070K->134524K(1415616K), 0.0868840 secs] 2587562K->1337567K(8231360K), 0.0872050 secs] [Times: user=0.62 sys=0.07, real=0.08 secs] 
6420.378: [GC 6420.378: [ParNew: 1392892K->141790K(1415616K), 0.0717780 secs] 2595935K->1362511K(8231360K), 0.0720880 secs] [Times: user=0.55 sys=0.05, real=0.07 secs] 
6424.450: [GC 6424.450: [ParNew: 1400158K->104657K(1415616K), 0.0639670 secs] 2620879K->1340103K(8231360K), 0.0643030 secs] [Times: user=0.57 sys=0.05, real=0.06 secs] 
6437.141: [GC 6437.142: [ParNew: 1363025K->111752K(1415616K), 0.0638700 secs] 2598471K->1362868K(8231360K), 0.0642060 secs] [Times: user=0.60 sys=0.03, real=0.06 secs] 
6447.141: [GC 6447.141: [ParNew: 1370120K->108912K(1415616K), 0.0627830 secs] 2621236K->1375744K(8231360K), 0.0631090 secs] [Times: user=0.59 sys=0.05, real=0.07 secs] 
6454.547: [GC 6454.548: [ParNew: 1367280K->114079K(1415616K), 0.0610310 secs] 2634112K->1396549K(8231360K), 0.0613530 secs] [Times: user=0.55 sys=0.04, real=0.06 secs] 
6461.717: [GC 6461.717: [ParNew: 1372447K->146896K(1415616K), 0.0292150 secs] 2654917K->1429366K(8231360K), 0.0295470 secs] [Times: user=0.46 sys=0.00, real=0.03 secs] 
6468.695: [GC 6468.695: [ParNew: 1405264K->150981K(1415616K), 0.0592990 secs] 2687734K->1448391K(8231360K), 0.0596650 secs] [Times: user=0.58 sys=0.05, real=0.06 secs] 
6474.732: [GC 6474.732: [ParNew: 1409349K->148740K(1415616K), 0.0569340 secs] 2706759K->1460088K(8231360K), 0.0572580 secs] [Times: user=0.60 sys=0.04, real=0.06 secs] 
6480.509: [GC 6480.509: [ParNew: 1407108K->131880K(1415616K), 0.0627990 secs] 2718456K->1458504K(8231360K), 0.0631210 secs] [Times: user=0.61 sys=0.04, real=0.06 secs] 
6485.953: [GC 6485.953: [ParNew: 1390248K->134888K(1415616K), 0.0593700 secs] 2716872K->1475970K(8231360K), 0.0596910 secs] [Times: user=0.55 sys=0.05, real=0.06 secs] 
6489.771: [GC 6489.772: [ParNew: 1393256K->148580K(1415616K), 0.0554600 secs] 2734338K->1502670K(8231360K), 0.0557750 secs] [Times: user=0.54 sys=0.04, real=0.05 secs] 
6493.332: [GC 6493.332: [ParNew: 1406948K->144687K(1415616K), 0.0554000 secs] 2761038K->1512517K(8231360K), 0.0557170 secs] [Times: user=0.55 sys=0.04, real=0.05 secs] 
6497.909: [GC 6497.909: [ParNew: 1403055K->118752K(1415616K), 0.0557500 secs] 2770885K->1500246K(8231360K), 0.0560870 secs] [Times: user=0.53 sys=0.05, real=0.06 secs] 
6502.567: [GC 6502.568: [ParNew: 1377120K->129240K(1415616K), 0.0532940 secs] 2758614K->1523700K(8231360K), 0.0536130 secs] [Times: user=0.54 sys=0.05, real=0.05 secs] 
6503.600: [GC 6503.600: [ParNew: 1387608K->138352K(1415616K), 0.0528800 secs] 2782068K->1545409K(8231360K), 0.0531790 secs] [Times: user=0.56 sys=0.04, real=0.06 secs] 
6504.966: [GC 6504.966: [ParNew: 1396720K->119836K(1415616K), 0.0956630 secs] 2803777K->1552021K(8231360K), 0.0960160 secs] [Times: user=0.63 sys=0.08, real=0.09 secs] 
6507.492: [GC 6507.492: [ParNew: 1378204K->108132K(1415616K), 0.0518000 secs] 2810389K->1552979K(8231360K), 0.0521200 secs] [Times: user=0.56 sys=0.04, real=0.06 secs] 
6510.327: [GC 6510.327: [ParNew: 1366500K->135089K(1415616K), 0.0632880 secs] 2811347K->1592644K(8231360K), 0.0636010 secs] [Times: user=0.69 sys=0.03, real=0.06 secs] 
6513.108: [GC 6513.108: [ParNew: 1393457K->127105K(1415616K), 0.0536510 secs] 2851012K->1597318K(8231360K), 0.0539630 secs] [Times: user=0.55 sys=0.04, real=0.05 secs] 
6516.145: [GC 6516.145: [ParNew: 1385473K->125407K(1415616K), 0.0573120 secs] 2855686K->1608658K(8231360K), 0.0577230 secs] [Times: user=0.54 sys=0.05, real=0.06 secs] 
6519.518: [GC 6519.518: [ParNew: 1383775K->120154K(1415616K), 0.0564660 secs] 2867026K->1616774K(8231360K), 0.0567930 secs] [Times: user=0.55 sys=0.04, real=0.05 secs] 
6523.194: [GC 6523.194: [ParNew: 1378522K->118276K(1415616K), 0.0553520 secs] 2875142K->1627755K(8231360K), 0.0556670 secs] [Times: user=0.55 sys=0.05, real=0.06 secs] 
6525.939: [GC 6525.939: [ParNew: 1376644K->119848K(1415616K), 0.0531580 secs] 2886123K->1641945K(8231360K), 0.0534770 secs] [Times: user=0.53 sys=0.05, real=0.05 secs] 
6528.941: [GC 6528.941: [ParNew: 1378216K->109653K(1415616K), 0.0553210 secs] 2900313K->1644635K(8231360K), 0.0556520 secs] [Times: user=0.55 sys=0.03, real=0.05 secs] 
6531.907: [GC 6531.907: [ParNew: 1368021K->113769K(1415616K), 0.0528600 secs] 2903003K->1661301K(8231360K), 0.0531680 secs] [Times: user=0.55 sys=0.03, real=0.06 secs] 
6534.917: [GC 6534.917: [ParNew: 1372137K->124271K(1415616K), 0.0537730 secs] 2919669K->1684593K(8231360K), 0.0540880 secs] [Times: user=0.57 sys=0.03, real=0.06 secs] 
6538.545: [GC 6538.545: [ParNew: 1382639K->111210K(1415616K), 0.0536540 secs] 2942961K->1684398K(8231360K), 0.0539730 secs] [Times: user=0.53 sys=0.03, real=0.06 secs] 
6542.352: [GC 6542.353: [ParNew: 1369578K->99311K(1415616K), 0.0536440 secs] 2942766K->1684834K(8231360K), 0.0540050 secs] [Times: user=0.55 sys=0.04, real=0.05 secs] 
6545.488: [GC 6545.489: [ParNew: 1357679K->154147K(1415616K), 0.0335420 secs] 2943202K->1739670K(8231360K), 0.0338540 secs] [Times: user=0.52 sys=0.00, real=0.04 secs] 
6548.814: [GC 6548.814: [ParNew: 1412515K->108580K(1415616K), 0.0577160 secs] 2998038K->1705964K(8231360K), 0.0580350 secs] [Times: user=0.62 sys=0.05, real=0.06 secs] 
6551.764: [GC 6551.764: [ParNew: 1366948K->146779K(1415616K), 0.0596230 secs] 2964332K->1757005K(8231360K), 0.0599490 secs] [Times: user=0.69 sys=0.03, real=0.06 secs] 
6555.387: [GC 6555.388: [ParNew: 1405147K->121571K(1415616K), 0.0593210 secs] 3015373K->1744873K(8231360K), 0.0596360 secs] [Times: user=0.63 sys=0.03, real=0.06 secs] 
6559.369: [GC 6559.370: [ParNew: 1379939K->127335K(1415616K), 0.0624000 secs] 3003241K->1763164K(8231360K), 0.0627300 secs] [Times: user=0.71 sys=0.03, real=0.06 secs] 
6562.577: [GC 6562.577: [ParNew: 1385703K->130224K(1415616K), 0.0614520 secs] 3021532K->1778351K(8231360K), 0.0617630 secs] [Times: user=0.71 sys=0.05, real=0.06 secs] 
6566.570: [GC 6566.570: [ParNew: 1388592K->112622K(1415616K), 0.0603070 secs] 3036719K->1772677K(8231360K), 0.0606230 secs] [Times: user=0.72 sys=0.03, real=0.06 secs] 
6570.307: [GC 6570.307: [ParNew: 1370990K->127007K(1415616K), 0.0568930 secs] 3031045K->1799170K(8231360K), 0.0572140 secs] [Times: user=0.66 sys=0.03, real=0.05 secs] 
6573.494: [GC 6573.494: [ParNew: 1385375K->125717K(1415616K), 0.0573650 secs] 3057538K->1809999K(8231360K), 0.0576830 secs] [Times: user=0.63 sys=0.03, real=0.06 secs] 
6577.342: [GC 6577.342: [ParNew: 1384085K->129201K(1415616K), 0.0548610 secs] 3068367K->1824902K(8231360K), 0.0551850 secs] [Times: user=0.61 sys=0.02, real=0.06 secs] 
6580.495: [GC 6580.495: [ParNew: 1387569K->128700K(1415616K), 0.0529140 secs] 3083270K->1835844K(8231360K), 0.0532340 secs] [Times: user=0.60 sys=0.03, real=0.06 secs] 
6583.727: [GC 6583.727: [ParNew: 1387068K->134764K(1415616K), 0.0508910 secs] 3094212K->1853267K(8231360K), 0.0512060 secs] [Times: user=0.56 sys=0.04, real=0.06 secs] 
6587.207: [GC 6587.207: [ParNew: 1393132K->118550K(1415616K), 0.0534730 secs] 3111635K->1848243K(8231360K), 0.0537970 secs] [Times: user=0.58 sys=0.04, real=0.06 secs] 
6590.206: [GC 6590.207: [ParNew: 1376918K->109301K(1415616K), 0.0527560 secs] 3106611K->1850401K(8231360K), 0.0530820 secs] [Times: user=0.57 sys=0.03, real=0.06 secs] 
6592.999: [GC 6592.999: [ParNew: 1367669K->123137K(1415616K), 0.0521950 secs] 3108769K->1875484K(8231360K), 0.0525350 secs] [Times: user=0.57 sys=0.02, real=0.06 secs] 
6595.629: [GC 6595.629: [ParNew: 1381505K->127816K(1415616K), 0.0617610 secs] 3133852K->1891202K(8231360K), 0.0620910 secs] [Times: user=0.70 sys=0.03, real=0.07 secs] 
6597.825: [GC 6597.825: [ParNew: 1386184K->126223K(1415616K), 0.0566880 secs] 3149570K->1901071K(8231360K), 0.0570050 secs] [Times: user=0.59 sys=0.03, real=0.06 secs] 
6601.560: [GC 6601.560: [ParNew: 1384591K->99573K(1415616K), 0.0533900 secs] 3159439K->1885201K(8231360K), 0.0537080 secs] [Times: user=0.61 sys=0.03, real=0.06 secs] 
6604.786: [GC 6604.787: [ParNew: 1357941K->108688K(1415616K), 0.0639500 secs] 3143569K->1905713K(8231360K), 0.0643180 secs] [Times: user=0.68 sys=0.03, real=0.06 secs] 
6607.238: [GC 6607.238: [ParNew: 1367056K->112270K(1415616K), 0.0580710 secs] 3164081K->1919518K(8231360K), 0.0583890 secs] [Times: user=0.65 sys=0.04, real=0.06 secs] 
6611.513: [GC 6611.513: [ParNew: 1370638K->122406K(1415616K), 0.0560970 secs] 3177886K->1940373K(8231360K), 0.0564380 secs] [Times: user=0.65 sys=0.02, real=0.06 secs] 
6613.718: [GC 6613.719: [ParNew: 1380774K->121155K(1415616K), 0.0601210 secs] 3198741K->1950353K(8231360K), 0.0604660 secs] [Times: user=0.68 sys=0.05, real=0.06 secs] 
6615.928: [GC 6615.928: [ParNew: 1379523K->137399K(1415616K), 0.0585740 secs] 3208721K->1977349K(8231360K), 0.0588940 secs] [Times: user=0.70 sys=0.03, real=0.06 secs] 
6618.268: [GC 6618.268: [ParNew: 1395767K->105722K(1415616K), 0.0585570 secs] 3235717K->1956741K(8231360K), 0.0588740 secs] [Times: user=0.68 sys=0.03, real=0.06 secs] 
6620.118: [GC 6620.119: [ParNew: 1364090K->120761K(1415616K), 0.0574460 secs] 3215109K->1983195K(8231360K), 0.0577610 secs] [Times: user=0.65 sys=0.03, real=0.06 secs] 
6621.848: [GC 6621.848: [ParNew: 1379129K->126155K(1415616K), 0.0531140 secs] 3241563K->1999115K(8231360K), 0.0534320 secs] [Times: user=0.62 sys=0.03, real=0.05 secs] 
6623.530: [GC 6623.530: [ParNew: 1384523K->121786K(1415616K), 0.0521930 secs] 3257483K->2005406K(8231360K), 0.0524890 secs] [Times: user=0.59 sys=0.03, real=0.05 secs] 
6626.135: [GC 6626.135: [ParNew: 1380154K->106326K(1415616K), 0.0541690 secs] 3263774K->2000827K(8231360K), 0.0545050 secs] [Times: user=0.61 sys=0.02, real=0.06 secs] 
6631.601: [GC 6631.601: [ParNew: 1364694K->99282K(1415616K), 0.0498870 secs] 3259195K->2004712K(8231360K), 0.0502170 secs] [Times: user=0.53 sys=0.02, real=0.05 secs] 
7083.084: [GC 7083.084: [ParNew: 1357650K->81821K(1415616K), 0.0250430 secs] 3263080K->1987251K(8231360K), 0.0253920 secs] [Times: user=0.37 sys=0.00, real=0.03 secs] 
7570.282: [GC 7570.282: [ParNew: 1340189K->136676K(1415616K), 0.0299560 secs] 3245619K->2042106K(8231360K), 0.0303690 secs] [Times: user=0.45 sys=0.00, real=0.03 secs] 
7571.784: [GC 7571.784: [ParNew: 1395044K->157248K(1415616K), 0.0544320 secs] 3300474K->2072599K(8231360K), 0.0547740 secs] [Times: user=0.69 sys=0.02, real=0.05 secs] 
7573.367: [GC 7573.368: [ParNew: 1415616K->150478K(1415616K), 0.1251560 secs] 3330967K->2096316K(8231360K), 0.1254790 secs] [Times: user=0.80 sys=0.08, real=0.13 secs] 
7575.253: [GC 7575.254: [ParNew: 1408846K->145902K(1415616K), 0.1755020 secs] 3354684K->2135999K(8231360K), 0.1758540 secs] [Times: user=0.93 sys=0.14, real=0.17 secs] 
7576.850: [GC 7576.850: [ParNew: 1404270K->114587K(1415616K), 0.1205540 secs] 3394367K->2134762K(8231360K), 0.1209140 secs] [Times: user=0.79 sys=0.14, real=0.13 secs] 
7578.311: [GC 7578.312: [ParNew: 1372955K->112220K(1415616K), 0.1311620 secs] 3393130K->2164465K(8231360K), 0.1315070 secs] [Times: user=0.74 sys=0.11, real=0.14 secs] 
7579.788: [GC 7579.788: [ParNew: 1370588K->157248K(1415616K), 0.1211750 secs] 3422833K->2238980K(8231360K), 0.1215220 secs] [Times: user=0.83 sys=0.09, real=0.12 secs] 
7581.309: [GC 7581.309: [ParNew: 1415616K->157248K(1415616K), 0.1217890 secs] 3497348K->2270051K(8231360K), 0.1221300 secs] [Times: user=0.81 sys=0.09, real=0.12 secs] 
7582.840: [GC 7582.840: [ParNew: 1415616K->99932K(1415616K), 0.2355240 secs] 3528419K->2277966K(8231360K), 0.2358870 secs] [Times: user=0.99 sys=0.19, real=0.24 secs] 
7584.455: [GC 7584.456: [ParNew: 1358300K->151165K(1415616K), 0.0349170 secs] 3536334K->2329199K(8231360K), 0.0352390 secs] [Times: user=0.54 sys=0.00, real=0.03 secs] 
7586.338: [GC 7586.338: [ParNew: 1409533K->119221K(1415616K), 0.1308680 secs] 3587567K->2333061K(8231360K), 0.1312220 secs] [Times: user=0.87 sys=0.10, real=0.13 secs] 
7587.363: [GC 7587.363: [ParNew: 1377589K->111538K(1415616K), 0.1205180 secs] 3591429K->2355862K(8231360K), 0.1208590 secs] [Times: user=0.74 sys=0.08, real=0.13 secs] 
7588.410: [GC 7588.410: [ParNew: 1369906K->103763K(1415616K), 0.1250810 secs] 3614230K->2377132K(8231360K), 0.1254320 secs] [Times: user=0.69 sys=0.08, real=0.13 secs] 
7589.285: [GC 7589.285: [ParNew: 1362131K->150244K(1415616K), 0.0316870 secs] 3635500K->2423613K(8231360K), 0.0320460 secs] [Times: user=0.48 sys=0.00, real=0.03 secs] 
7589.783: [GC 7589.783: [ParNew: 1408372K->153563K(1415616K), 0.1111820 secs] 3681741K->2453458K(8231360K), 0.1115200 secs] [Times: user=0.71 sys=0.08, real=0.12 secs] 
7590.389: [GC 7590.389: [ParNew: 1411931K->142750K(1415616K), 0.0994600 secs] 3711826K->2466857K(8231360K), 0.0997870 secs] [Times: user=0.64 sys=0.07, real=0.10 secs] 
7590.955: [GC 7590.955: [ParNew: 1401118K->156546K(1415616K), 0.1024480 secs] 3725225K->2504177K(8231360K), 0.1027860 secs] [Times: user=0.72 sys=0.06, real=0.10 secs] 
7591.538: [GC 7591.538: [ParNew: 1414914K->116707K(1415616K), 0.2014150 secs] 3762545K->2515317K(8231360K), 0.2017500 secs] [Times: user=0.77 sys=0.16, real=0.20 secs] 
7592.238: [GC 7592.238: [ParNew: 1375075K->157248K(1415616K), 0.0346380 secs] 3773685K->2556293K(8231360K), 0.0349700 secs] [Times: user=0.54 sys=0.00, real=0.03 secs] 
7592.776: [GC 7592.776: [ParNew: 1415616K->117487K(1415616K), 0.1933370 secs] 3814661K->2564845K(8231360K), 0.1936570 secs] [Times: user=0.82 sys=0.16, real=0.19 secs] 
7593.468: [GC 7593.468: [ParNew: 1375855K->119064K(1415616K), 0.0970540 secs] 3823213K->2591268K(8231360K), 0.0973900 secs] [Times: user=0.65 sys=0.08, real=0.10 secs] 
7594.019: [GC 7594.019: [ParNew: 1377432K->110317K(1415616K), 0.1101560 secs] 3849636K->2610763K(8231360K), 0.1104860 secs] [Times: user=0.62 sys=0.08, real=0.11 secs] 
7594.612: [GC 7594.612: [ParNew: 1368685K->113984K(1415616K), 0.1197030 secs] 3869131K->2643446K(8231360K), 0.1200220 secs] [Times: user=0.91 sys=0.10, real=0.12 secs] 
7595.215: [GC 7595.216: [ParNew: 1372352K->103624K(1415616K), 0.1202690 secs] 3901814K->2660980K(8231360K), 0.1205960 secs] [Times: user=0.85 sys=0.09, real=0.12 secs] 
7595.824: [GC 7595.824: [ParNew: 1361992K->157248K(1415616K), 0.0390870 secs] 3919348K->2714604K(8231360K), 0.0394120 secs] [Times: user=0.61 sys=0.01, real=0.04 secs] 
7596.324: [GC 7596.324: [ParNew: 1415616K->157248K(1415616K), 0.1153570 secs] 3972972K->2742058K(8231360K), 0.1157140 secs] [Times: user=0.75 sys=0.09, real=0.11 secs] 
7596.896: [GC 7596.897: [ParNew: 1415616K->157248K(1415616K), 0.0973230 secs] 4000426K->2764147K(8231360K), 0.0976640 secs] [Times: user=0.85 sys=0.07, real=0.10 secs] 
7597.767: [GC 7597.767: [ParNew: 1415616K->146991K(1415616K), 0.1114970 secs] 4022515K->2779859K(8231360K), 0.1118360 secs] [Times: user=0.78 sys=0.11, real=0.11 secs] 
7598.789: [GC 7598.789: [ParNew: 1405359K->128187K(1415616K), 0.0970320 secs] 4038227K->2785976K(8231360K), 0.0973550 secs] [Times: user=0.63 sys=0.07, real=0.10 secs] 
7599.776: [GC 7599.776: [ParNew: 1386555K->118957K(1415616K), 0.1234920 secs] 4044344K->2801652K(8231360K), 0.1238230 secs] [Times: user=1.01 sys=0.08, real=0.12 secs] 
7643.250: [GC 7643.250: [ParNew: 1377325K->119281K(1415616K), 0.1061360 secs] 4060020K->2821340K(8231360K), 0.1065130 secs] [Times: user=1.09 sys=0.06, real=0.11 secs] 
7644.316: [GC 7644.316: [ParNew: 1377649K->146508K(1415616K), 0.0550310 secs] 4079708K->2848568K(8231360K), 0.0553920 secs] [Times: user=0.87 sys=0.00, real=0.05 secs] 
7645.658: [GC 7645.658: [ParNew: 1404876K->151299K(1415616K), 0.1032090 secs] 4106936K->2873897K(8231360K), 0.1035670 secs] [Times: user=1.11 sys=0.06, real=0.10 secs] 
7646.756: [GC 7646.756: [ParNew: 1409667K->143384K(1415616K), 0.1314150 secs] 4132265K->2900561K(8231360K), 0.1317540 secs] [Times: user=0.76 sys=0.11, real=0.13 secs] 
7648.138: [GC 7648.139: [ParNew: 1401752K->157248K(1415616K), 0.0846960 secs] 4158929K->2933953K(8231360K), 0.0850750 secs] [Times: user=0.64 sys=0.07, real=0.08 secs] 
7649.198: [GC 7649.199: [ParNew: 1415616K->157248K(1415616K), 0.0909960 secs] 4192321K->2956797K(8231360K), 0.0913390 secs] [Times: user=0.71 sys=0.08, real=0.09 secs] 
7650.272: [GC 7650.272: [ParNew: 1415616K->108443K(1415616K), 0.1903890 secs] 4215165K->2957529K(8231360K), 0.1907320 secs] [Times: user=1.02 sys=0.14, real=0.19 secs] 
7651.405: [GC 7651.405: [ParNew: 1366811K->117095K(1415616K), 0.0924100 secs] 4215897K->2989789K(8231360K), 0.0927460 secs] [Times: user=0.71 sys=0.07, real=0.09 secs] 
7652.376: [GC 7652.376: [ParNew: 1375463K->100724K(1415616K), 0.1031470 secs] 4248157K->3000621K(8231360K), 0.1034820 secs] [Times: user=0.73 sys=0.08, real=0.10 secs] 
7653.382: [GC 7653.382: [ParNew: 1359092K->95992K(1415616K), 0.1496280 secs] 4258989K->3034873K(8231360K), 0.1499730 secs] [Times: user=0.81 sys=0.12, real=0.15 secs] 
7696.529: [GC 7696.529: [ParNew: 1354360K->119735K(1415616K), 0.0309710 secs] 4293241K->3058616K(8231360K), 0.0313550 secs] [Times: user=0.48 sys=0.00, real=0.03 secs] 
7697.474: [GC 7697.474: [ParNew: 1378103K->145002K(1415616K), 0.0332560 secs] 4316984K->3083883K(8231360K), 0.0335980 secs] [Times: user=0.51 sys=0.00, real=0.03 secs] 
7698.411: [GC 7698.411: [ParNew: 1403370K->139842K(1415616K), 0.1393990 secs] 4342251K->3116533K(8231360K), 0.1397460 secs] [Times: user=0.81 sys=0.11, real=0.14 secs] 
7699.477: [GC 7699.477: [ParNew: 1398210K->127194K(1415616K), 0.0786090 secs] 4374901K->3120632K(8231360K), 0.0789560 secs] [Times: user=0.66 sys=0.05, real=0.08 secs] 
7700.480: [GC 7700.480: [ParNew: 1385562K->108863K(1415616K), 0.1654940 secs] 4379000K->3145887K(8231360K), 0.1658170 secs] [Times: user=0.89 sys=0.12, real=0.17 secs] 
7701.597: [GC 7701.598: [ParNew: 1367231K->118556K(1415616K), 0.0978310 secs] 4404255K->3180982K(8231360K), 0.0981670 secs] [Times: user=0.70 sys=0.08, real=0.10 secs] 
7702.677: [GC 7702.677: [ParNew: 1376924K->104066K(1415616K), 0.1130820 secs] 4439350K->3195441K(8231360K), 0.1134120 secs] [Times: user=0.71 sys=0.10, real=0.11 secs] 
7703.756: [GC 7703.756: [ParNew: 1362434K->97535K(1415616K), 0.1066770 secs] 4453809K->3215550K(8231360K), 0.1070090 secs] [Times: user=0.68 sys=0.08, real=0.10 secs] 
7704.775: [GC 7704.775: [ParNew: 1355903K->92059K(1415616K), 0.1240230 secs] 4473918K->3240133K(8231360K), 0.1243620 secs] [Times: user=0.70 sys=0.11, real=0.12 secs] 
7705.809: [GC 7705.809: [ParNew: 1350427K->138132K(1415616K), 0.0325150 secs] 4498501K->3286206K(8231360K), 0.0328430 secs] [Times: user=0.50 sys=0.01, real=0.03 secs] 
7816.502: [GC 7816.502: [ParNew: 1396500K->93513K(1415616K), 0.0948260 secs] 4544574K->3265599K(8231360K), 0.0952150 secs] [Times: user=0.58 sys=0.08, real=0.10 secs] 
7845.736: [GC 7845.736: [ParNew: 1351881K->142722K(1415616K), 0.0372880 secs] 4523967K->3314808K(8231360K), 0.0377910 secs] [Times: user=0.57 sys=0.00, real=0.04 secs] 
7851.706: [GC 7851.706: [ParNew: 1401090K->100624K(1415616K), 0.0841840 secs] 4573176K->3293462K(8231360K), 0.0845760 secs] [Times: user=0.57 sys=0.09, real=0.08 secs] 
7856.767: [GC 7856.767: [ParNew: 1358992K->113078K(1415616K), 0.0280800 secs] 4551830K->3305915K(8231360K), 0.0284090 secs] [Times: user=0.42 sys=0.01, real=0.03 secs] 
7858.545: [GC 7858.545: [ParNew: 1371446K->120405K(1415616K), 0.0273340 secs] 4564283K->3313242K(8231360K), 0.0276600 secs] [Times: user=0.42 sys=0.01, real=0.03 secs] 
7863.371: [GC 7863.371: [ParNew: 1378773K->130343K(1415616K), 0.0301850 secs] 4571610K->3323181K(8231360K), 0.0305270 secs] [Times: user=0.45 sys=0.02, real=0.03 secs] 
7864.940: [GC 7864.940: [ParNew: 1388711K->94223K(1415616K), 0.0714230 secs] 4581549K->3304563K(8231360K), 0.0717550 secs] [Times: user=0.52 sys=0.06, real=0.07 secs] 
7871.503: [GC 7871.503: [ParNew: 1352591K->113480K(1415616K), 0.0293650 secs] 4562931K->3323819K(8231360K), 0.0297270 secs] [Times: user=0.46 sys=0.00, real=0.03 secs] 
7882.571: [GC 7882.571: [ParNew: 1371848K->145162K(1415616K), 0.0327140 secs] 4582187K->3355501K(8231360K), 0.0330740 secs] [Times: user=0.49 sys=0.00, real=0.03 secs] 
7898.320: [GC 7898.320: [ParNew: 1403530K->115466K(1415616K), 0.0770250 secs] 4613869K->3344947K(8231360K), 0.0773950 secs] [Times: user=0.59 sys=0.06, real=0.08 secs] 
7907.702: [GC 7907.702: [ParNew: 1373834K->141197K(1415616K), 0.0624850 secs] 4603315K->3383061K(8231360K), 0.0628640 secs] [Times: user=0.68 sys=0.05, real=0.07 secs] 
7916.512: [GC 7916.512: [ParNew: 1399565K->139426K(1415616K), 0.0634360 secs] 4641429K->3394291K(8231360K), 0.0637710 secs] [Times: user=0.64 sys=0.03, real=0.07 secs] 
7924.228: [GC 7924.228: [ParNew: 1397794K->132505K(1415616K), 0.0733580 secs] 4652659K->3402651K(8231360K), 0.0737030 secs] [Times: user=0.71 sys=0.05, real=0.07 secs] 
8047.964: [GC 8047.965: [ParNew: 1390873K->91810K(1415616K), 0.0999310 secs] 4661019K->3385872K(8231360K), 0.1003220 secs] [Times: user=0.64 sys=0.08, real=0.10 secs] 
8154.495: [GC 8154.495: [ParNew: 1350178K->132151K(1415616K), 0.0406780 secs] 4644240K->3426213K(8231360K), 0.0410720 secs] [Times: user=0.63 sys=0.00, real=0.04 secs] 
8180.925: [GC 8180.925: [ParNew: 1390519K->104005K(1415616K), 0.0705780 secs] 4684581K->3413079K(8231360K), 0.0709420 secs] [Times: user=0.73 sys=0.05, real=0.07 secs] 
8190.566: [GC 8190.566: [ParNew: 1362373K->141179K(1415616K), 0.0364730 secs] 4671447K->3450254K(8231360K), 0.0369300 secs] [Times: user=0.56 sys=0.00, real=0.03 secs] 
8193.121: [GC 8193.121: [ParNew: 1399547K->106319K(1415616K), 0.0705930 secs] 4708622K->3431732K(8231360K), 0.0709310 secs] [Times: user=0.60 sys=0.06, real=0.07 secs] 
8197.206: [GC 8197.206: [ParNew: 1364687K->125894K(1415616K), 0.0304220 secs] 4690100K->3451307K(8231360K), 0.0307790 secs] [Times: user=0.45 sys=0.02, real=0.03 secs] 
8201.290: [GC 8201.290: [ParNew: 1384262K->108624K(1415616K), 0.0672910 secs] 4709675K->3450801K(8231360K), 0.0678340 secs] [Times: user=0.53 sys=0.06, real=0.07 secs] 
8202.784: [GC 8202.784: [ParNew: 1366992K->113901K(1415616K), 0.0264140 secs] 4709169K->3456078K(8231360K), 0.0267790 secs] [Times: user=0.40 sys=0.00, real=0.03 secs] 
8204.157: [GC 8204.157: [ParNew: 1372269K->105682K(1415616K), 0.0276440 secs] 4714446K->3447859K(8231360K), 0.0279920 secs] [Times: user=0.42 sys=0.00, real=0.03 secs] 
8205.972: [GC 8205.972: [ParNew: 1364050K->115889K(1415616K), 0.0288610 secs] 4706227K->3458066K(8231360K), 0.0292530 secs] [Times: user=0.45 sys=0.00, real=0.03 secs] 
8206.483: [GC 8206.483: [ParNew: 1374257K->133574K(1415616K), 0.0278910 secs] 4716434K->3475751K(8231360K), 0.0282410 secs] [Times: user=0.43 sys=0.00, real=0.03 secs] 
8207.990: [GC 8207.990: [ParNew: 1391942K->95351K(1415616K), 0.0278850 secs] 4734119K->3437528K(8231360K), 0.0282230 secs] [Times: user=0.44 sys=0.00, real=0.03 secs] 
8209.159: [GC 8209.159: [ParNew: 1353719K->108011K(1415616K), 0.0559890 secs] 4695896K->3463920K(8231360K), 0.0563170 secs] [Times: user=0.53 sys=0.05, real=0.05 secs] 
8211.460: [GC 8211.461: [ParNew: 1366379K->123741K(1415616K), 0.0263360 secs] 4722288K->3479650K(8231360K), 0.0266860 secs] [Times: user=0.41 sys=0.00, real=0.02 secs] 
8212.420: [GC 8212.420: [ParNew: 1382109K->90449K(1415616K), 0.0275180 secs] 4738018K->3446358K(8231360K), 0.0278430 secs] [Times: user=0.42 sys=0.00, real=0.02 secs] 
8216.541: [GC 8216.541: [ParNew: 1348817K->137808K(1415616K), 0.0302500 secs] 4704726K->3493718K(8231360K), 0.0305960 secs] [Times: user=0.47 sys=0.00, real=0.03 secs] 
8221.319: [GC 8221.320: [ParNew: 1396176K->95908K(1415616K), 0.0704300 secs] 4752086K->3468910K(8231360K), 0.0708080 secs] [Times: user=0.58 sys=0.05, real=0.07 secs] 
8225.741: [GC 8225.741: [ParNew: 1354276K->137064K(1415616K), 0.0273850 secs] 4727278K->3510065K(8231360K), 0.0277240 secs] [Times: user=0.41 sys=0.00, real=0.02 secs] 
8231.161: [GC 8231.161: [ParNew: 1395432K->112666K(1415616K), 0.0751730 secs] 4768433K->3504828K(8231360K), 0.0755360 secs] [Times: user=0.59 sys=0.06, real=0.08 secs] 
8236.524: [GC 8236.524: [ParNew: 1371034K->149972K(1415616K), 0.0325740 secs] 4763196K->3545353K(8231360K), 0.0329210 secs] [Times: user=0.46 sys=0.00, real=0.03 secs] 
8243.155: [GC 8243.155: [ParNew: 1408340K->106336K(1415616K), 0.0507970 secs] 4803721K->3513174K(8231360K), 0.0511770 secs] [Times: user=0.54 sys=0.03, real=0.05 secs] 
8246.520: [GC 8246.520: [ParNew: 1364704K->151943K(1415616K), 0.0486400 secs] 4771542K->3567043K(8231360K), 0.0490180 secs] [Times: user=0.61 sys=0.02, real=0.05 secs] 
8246.572: [GC [1 CMS-initial-mark: 3415100K(6815744K)] 3578961K(8231360K), 0.1501400 secs] [Times: user=0.15 sys=0.01, real=0.15 secs] 
8246.722: [CMS-concurrent-mark-start]
8250.683: [CMS-concurrent-mark: 3.953/3.961 secs] [Times: user=17.34 sys=0.58, real=3.96 secs] 
8250.684: [CMS-concurrent-preclean-start]
8250.709: [CMS-concurrent-preclean: 0.025/0.026 secs] [Times: user=0.07 sys=0.01, real=0.03 secs] 
8250.709: [CMS-concurrent-abortable-preclean-start]
8252.119: [GC 8252.119: [ParNew: 1410311K->146078K(1415616K), 0.0682900 secs] 4825411K->3576571K(8231360K), 0.0686590 secs] [Times: user=0.74 sys=0.04, real=0.07 secs] 
8254.133: [CMS-concurrent-abortable-preclean: 3.347/3.424 secs] [Times: user=5.61 sys=0.19, real=3.42 secs] 
8254.151: [GC[YG occupancy: 814355 K (1415616 K)]8254.151: [Rescan (parallel) , 0.1581160 secs]8254.309: [weak refs processing, 0.0002710 secs] [1 CMS-remark: 3430493K(6815744K)] 4244848K(8231360K), 0.1585980 secs] [Times: user=1.26 sys=0.01, real=0.16 secs] 
8254.310: [CMS-concurrent-sweep-start]
8257.089: [GC 8257.089: [ParNew: 1404446K->101842K(1415616K), 0.0810050 secs] 4544695K->3262111K(8231360K), 0.0813740 secs] [Times: user=0.78 sys=0.02, real=0.08 secs] 
8257.893: [CMS-concurrent-sweep: 3.499/3.583 secs] [Times: user=5.54 sys=0.15, real=3.58 secs] 
8257.893: [CMS-concurrent-reset-start]
8257.928: [CMS-concurrent-reset: 0.035/0.035 secs] [Times: user=0.05 sys=0.00, real=0.04 secs] 
8260.126: [GC 8260.126: [ParNew: 1360210K->126169K(1415616K), 0.0667280 secs] 4439882K->3217213K(8231360K), 0.0670980 secs] [Times: user=0.75 sys=0.01, real=0.07 secs] 
8265.431: [GC 8265.431: [ParNew: 1384537K->121676K(1415616K), 0.0667490 secs] 4475581K->3224644K(8231360K), 0.0671210 secs] [Times: user=0.72 sys=0.01, real=0.07 secs] 
8269.298: [GC 8269.298: [ParNew: 1380044K->98360K(1415616K), 0.0585760 secs] 4483012K->3212971K(8231360K), 0.0589130 secs] [Times: user=0.63 sys=0.01, real=0.06 secs] 
8286.179: [GC 8286.180: [ParNew: 1356728K->116000K(1415616K), 0.0429610 secs] 4471339K->3230611K(8231360K), 0.0433660 secs] [Times: user=0.68 sys=0.00, real=0.05 secs] 
8306.892: [GC 8306.892: [ParNew: 1374368K->133404K(1415616K), 0.0341130 secs] 4488979K->3248015K(8231360K), 0.0344740 secs] [Times: user=0.53 sys=0.00, real=0.04 secs] 
8312.315: [GC 8312.315: [ParNew: 1391772K->98086K(1415616K), 0.0577750 secs] 4506383K->3225212K(8231360K), 0.0581280 secs] [Times: user=0.61 sys=0.01, real=0.06 secs] 
8315.222: [GC 8315.222: [ParNew: 1356454K->122231K(1415616K), 0.0281420 secs] 4483580K->3249357K(8231360K), 0.0284770 secs] [Times: user=0.43 sys=0.00, real=0.03 secs] 
8317.102: [GC 8317.102: [ParNew: 1380599K->93557K(1415616K), 0.0569990 secs] 4507725K->3232767K(8231360K), 0.0573520 secs] [Times: user=0.57 sys=0.01, real=0.06 secs] 
8322.568: [GC 8322.568: [ParNew: 1351925K->110732K(1415616K), 0.0270930 secs] 4491135K->3249942K(8231360K), 0.0274420 secs] [Times: user=0.42 sys=0.00, real=0.03 secs] 
8324.787: [GC 8324.787: [ParNew: 1369100K->111840K(1415616K), 0.0339380 secs] 4508310K->3251049K(8231360K), 0.0343310 secs] [Times: user=0.52 sys=0.02, real=0.04 secs] 
8332.363: [GC 8332.363: [ParNew: 1370208K->142951K(1415616K), 0.0282120 secs] 4509417K->3282161K(8231360K), 0.0285760 secs] [Times: user=0.42 sys=0.01, real=0.03 secs] 
8338.093: [GC 8338.093: [ParNew: 1401319K->101301K(1415616K), 0.0611860 secs] 4540529K->3253280K(8231360K), 0.0615350 secs] [Times: user=0.60 sys=0.01, real=0.06 secs] 
8342.942: [GC 8342.942: [ParNew: 1359669K->131628K(1415616K), 0.0619850 secs] 4511648K->3294660K(8231360K), 0.0623320 secs] [Times: user=0.60 sys=0.01, real=0.07 secs] 
8349.317: [GC 8349.317: [ParNew: 1389996K->127358K(1415616K), 0.0608730 secs] 4553028K->3301890K(8231360K), 0.0612220 secs] [Times: user=0.64 sys=0.01, real=0.06 secs] 
8353.316: [GC 8353.317: [ParNew: 1385726K->132144K(1415616K), 0.0671780 secs] 4560258K->3320544K(8231360K), 0.0675250 secs] [Times: user=0.67 sys=0.02, real=0.07 secs] 
8361.302: [GC 8361.302: [ParNew: 1390512K->116743K(1415616K), 0.0494020 secs] 4578912K->3313638K(8231360K), 0.0497770 secs] [Times: user=0.55 sys=0.00, real=0.05 secs] 
8380.302: [GC 8380.302: [ParNew: 1375111K->115059K(1415616K), 0.0382240 secs] 4572006K->3317750K(8231360K), 0.0385870 secs] [Times: user=0.45 sys=0.01, real=0.04 secs] 
8400.820: [GC 8400.820: [ParNew: 1373427K->136598K(1415616K), 0.0417170 secs] 4576118K->3344007K(8231360K), 0.0421170 secs] [Times: user=0.52 sys=0.01, real=0.04 secs] 
8402.947: [GC 8402.947: [ParNew: 1394966K->127246K(1415616K), 0.0465460 secs] 4602375K->3344009K(8231360K), 0.0468730 secs] [Times: user=0.50 sys=0.01, real=0.05 secs] 
8405.157: [GC 8405.158: [ParNew: 1385614K->102112K(1415616K), 0.0537350 secs] 4602377K->3328741K(8231360K), 0.0541170 secs] [Times: user=0.60 sys=0.01, real=0.05 secs] 
8408.204: [GC 8408.204: [ParNew: 1360480K->114313K(1415616K), 0.0289840 secs] 4587109K->3340943K(8231360K), 0.0293240 secs] [Times: user=0.43 sys=0.01, real=0.03 secs] 
8410.556: [GC 8410.556: [ParNew: 1372681K->115376K(1415616K), 0.0312720 secs] 4599311K->3342006K(8231360K), 0.0316290 secs] [Times: user=0.48 sys=0.00, real=0.03 secs] 
8412.990: [GC 8412.990: [ParNew: 1373744K->93527K(1415616K), 0.0560340 secs] 4600374K->3331671K(8231360K), 0.0563620 secs] [Times: user=0.58 sys=0.01, real=0.06 secs] 
8417.383: [GC 8417.384: [ParNew: 1351895K->119250K(1415616K), 0.0310990 secs] 4590039K->3357395K(8231360K), 0.0315460 secs] [Times: user=0.48 sys=0.00, real=0.03 secs] 
8423.755: [GC 8423.755: [ParNew: 1377618K->147581K(1415616K), 0.0338680 secs] 4615763K->3385726K(8231360K), 0.0342420 secs] [Times: user=0.52 sys=0.02, real=0.04 secs] 
8428.312: [GC 8428.312: [ParNew: 1405949K->155606K(1415616K), 0.0585910 secs] 4644094K->3405914K(8231360K), 0.0589240 secs] [Times: user=0.61 sys=0.01, real=0.06 secs] 
8431.746: [GC 8431.747: [ParNew: 1413974K->114936K(1415616K), 0.0580640 secs] 4664282K->3378046K(8231360K), 0.0584500 secs] [Times: user=0.59 sys=0.01, real=0.06 secs] 
8433.555: [GC 8433.555: [ParNew: 1373304K->134860K(1415616K), 0.0722000 secs] 4636414K->3415381K(8231360K), 0.0725840 secs] [Times: user=0.66 sys=0.02, real=0.07 secs] 
8435.716: [GC 8435.716: [ParNew: 1393228K->130980K(1415616K), 0.0627110 secs] 4673749K->3424297K(8231360K), 0.0630470 secs] [Times: user=0.63 sys=0.02, real=0.06 secs] 
8674.392: [GC 8674.392: [ParNew: 1389348K->89094K(1415616K), 0.0601330 secs] 4682665K->3398776K(8231360K), 0.0605250 secs] [Times: user=0.49 sys=0.02, real=0.06 secs] 
8884.146: [GC 8884.146: [ParNew: 1347462K->122484K(1415616K), 0.0277990 secs] 4657144K->3432167K(8231360K), 0.0282620 secs] [Times: user=0.41 sys=0.01, real=0.03 secs] 
8912.490: [GC 8912.490: [ParNew: 1380852K->140485K(1415616K), 0.0310730 secs] 4690535K->3450167K(8231360K), 0.0314800 secs] [Times: user=0.48 sys=0.00, real=0.03 secs] 
8951.290: [GC 8951.290: [ParNew: 1398853K->108524K(1415616K), 0.0797580 secs] 4708535K->3440686K(8231360K), 0.0801500 secs] [Times: user=0.62 sys=0.03, real=0.08 secs] 
8980.708: [GC 8980.708: [ParNew: 1366892K->127784K(1415616K), 0.0567800 secs] 4699054K->3471153K(8231360K), 0.0572610 secs] [Times: user=0.57 sys=0.02, real=0.06 secs] 
9006.114: [GC 9006.114: [ParNew: 1386152K->117579K(1415616K), 0.0509080 secs] 4729521K->3471986K(8231360K), 0.0513040 secs] [Times: user=0.51 sys=0.01, real=0.06 secs] 
9074.950: [GC 9074.951: [ParNew: 1375947K->123298K(1415616K), 0.0552300 secs] 4730354K->3489264K(8231360K), 0.0557290 secs] [Times: user=0.54 sys=0.01, real=0.05 secs] 
9112.328: [GC 9112.329: [ParNew: 1381666K->144119K(1415616K), 0.0356870 secs] 4747632K->3513967K(8231360K), 0.0361150 secs] [Times: user=0.45 sys=0.01, real=0.04 secs] 
9177.093: [GC 9177.093: [ParNew: 1402487K->136759K(1415616K), 0.0603140 secs] 4772335K->3522224K(8231360K), 0.0607280 secs] [Times: user=0.58 sys=0.02, real=0.06 secs] 
9202.335: [GC 9202.335: [ParNew: 1395127K->124728K(1415616K), 0.0581400 secs] 4780592K->3523059K(8231360K), 0.0585540 secs] [Times: user=0.58 sys=0.01, real=0.06 secs] 
9289.515: [GC 9289.515: [ParNew: 1383096K->124055K(1415616K), 0.0537860 secs] 4781427K->3534609K(8231360K), 0.0542030 secs] [Times: user=0.57 sys=0.02, real=0.06 secs] 
9340.670: [GC 9340.671: [ParNew: 1382423K->101023K(1415616K), 0.0524750 secs] 4792977K->3523980K(8231360K), 0.0528870 secs] [Times: user=0.57 sys=0.02, real=0.05 secs] 
9374.109: [GC 9374.109: [ParNew: 1359391K->123249K(1415616K), 0.0520540 secs] 4782348K->3558089K(8231360K), 0.0524370 secs] [Times: user=0.54 sys=0.05, real=0.05 secs] 
9394.691: [GC 9394.692: [ParNew: 1381617K->134912K(1415616K), 0.0507910 secs] 4816457K->3581335K(8231360K), 0.0512360 secs] [Times: user=0.55 sys=0.03, real=0.05 secs] 
9456.725: [GC 9456.725: [ParNew: 1393280K->120143K(1415616K), 0.0505970 secs] 4839703K->3578080K(8231360K), 0.0510010 secs] [Times: user=0.57 sys=0.02, real=0.05 secs] 
9469.315: [GC 9469.315: [ParNew: 1378511K->136286K(1415616K), 0.0496140 secs] 4836448K->3605858K(8231360K), 0.0499910 secs] [Times: user=0.55 sys=0.02, real=0.05 secs] 
9473.922: [GC 9473.922: [ParNew: 1394654K->139369K(1415616K), 0.0540120 secs] 4864226K->3621310K(8231360K), 0.0543620 secs] [Times: user=0.60 sys=0.02, real=0.05 secs] 
9478.724: [GC 9478.724: [ParNew: 1397737K->117225K(1415616K), 0.0781690 secs] 4879678K->3620632K(8231360K), 0.0785230 secs] [Times: user=0.65 sys=0.05, real=0.08 secs] 
9483.105: [GC 9483.105: [ParNew: 1375593K->139552K(1415616K), 0.0517680 secs] 4879000K->3654954K(8231360K), 0.0521320 secs] [Times: user=0.57 sys=0.03, real=0.05 secs] 
9486.959: [GC 9486.959: [ParNew: 1397920K->128992K(1415616K), 0.0548580 secs] 4913322K->3656369K(8231360K), 0.0552170 secs] [Times: user=0.57 sys=0.02, real=0.06 secs] 
9490.307: [GC 9490.308: [ParNew: 1387360K->137121K(1415616K), 0.0547230 secs] 4914737K->3676159K(8231360K), 0.0550830 secs] [Times: user=0.57 sys=0.03, real=0.05 secs] 
9493.145: [GC 9493.145: [ParNew: 1395489K->131083K(1415616K), 0.0912590 secs] 4934527K->3694936K(8231360K), 0.0916140 secs] [Times: user=0.66 sys=0.07, real=0.10 secs] 
9496.172: [GC 9496.173: [ParNew: 1389451K->116430K(1415616K), 0.0607290 secs] 4953304K->3693392K(8231360K), 0.0610900 secs] [Times: user=0.69 sys=0.03, real=0.06 secs] 
9499.506: [GC 9499.507: [ParNew: 1374798K->137401K(1415616K), 0.0581510 secs] 4951760K->3727292K(8231360K), 0.0585560 secs] [Times: user=0.64 sys=0.06, real=0.05 secs] 
9501.705: [GC 9501.706: [ParNew: 1395769K->145433K(1415616K), 0.0566320 secs] 4985660K->3748547K(8231360K), 0.0569660 secs] [Times: user=0.58 sys=0.04, real=0.06 secs] 
9504.167: [GC 9504.167: [ParNew: 1403801K->127483K(1415616K), 0.0623120 secs] 5006915K->3744150K(8231360K), 0.0627180 secs] [Times: user=0.65 sys=0.03, real=0.06 secs] 
9506.766: [GC 9506.766: [ParNew: 1385851K->136224K(1415616K), 0.0586610 secs] 5002518K->3766547K(8231360K), 0.0590130 secs] [Times: user=0.59 sys=0.04, real=0.06 secs] 
9509.199: [GC 9509.200: [ParNew: 1394592K->143919K(1415616K), 0.0612160 secs] 5024915K->3788231K(8231360K), 0.0616080 secs] [Times: user=0.64 sys=0.04, real=0.06 secs] 
9510.191: [GC 9510.191: [ParNew: 1402287K->157174K(1415616K), 0.0617980 secs] 5046599K->3817104K(8231360K), 0.0621440 secs] [Times: user=0.64 sys=0.04, real=0.06 secs] 
9511.014: [GC 9511.014: [ParNew: 1415542K->142711K(1415616K), 0.0857750 secs] 5075472K->3820055K(8231360K), 0.0861230 secs] [Times: user=0.92 sys=0.05, real=0.09 secs] 
9511.808: [GC 9511.808: [ParNew: 1401079K->149935K(1415616K), 0.0878260 secs] 5078423K->3845935K(8231360K), 0.0881610 secs] [Times: user=0.95 sys=0.03, real=0.08 secs] 
9513.088: [GC 9513.088: [ParNew: 1408303K->133010K(1415616K), 0.0910830 secs] 5104303K->3848217K(8231360K), 0.0914360 secs] [Times: user=0.94 sys=0.05, real=0.10 secs] 
9525.123: [GC 9525.123: [ParNew: 1391378K->102754K(1415616K), 0.0783590 secs] 5106585K->3831920K(8231360K), 0.0787900 secs] [Times: user=0.90 sys=0.03, real=0.08 secs] 
9528.096: [GC 9528.096: [ParNew: 1361122K->137285K(1415616K), 0.0457400 secs] 5090288K->3866450K(8231360K), 0.0461120 secs] [Times: user=0.71 sys=0.00, real=0.05 secs] 
9529.752: [GC 9529.752: [ParNew: 1395653K->157248K(1415616K), 0.0717830 secs] 5124818K->3900921K(8231360K), 0.0721360 secs] [Times: user=0.84 sys=0.02, real=0.07 secs] 
9532.495: [GC 9532.495: [ParNew: 1415616K->125658K(1415616K), 0.1121170 secs] 5159289K->3898595K(8231360K), 0.1124900 secs] [Times: user=0.93 sys=0.07, real=0.11 secs] 
9535.506: [GC 9535.506: [ParNew: 1384026K->145329K(1415616K), 0.0607200 secs] 5156963K->3932305K(8231360K), 0.0610650 secs] [Times: user=0.66 sys=0.03, real=0.06 secs] 
9536.552: [GC 9536.552: [ParNew: 1403697K->120160K(1415616K), 0.1121650 secs] 5190673K->3938974K(8231360K), 0.1125040 secs] [Times: user=0.74 sys=0.07, real=0.12 secs] 
9537.729: [GC 9537.729: [ParNew: 1378528K->148064K(1415616K), 0.0356210 secs] 5197342K->3966878K(8231360K), 0.0359700 secs] [Times: user=0.56 sys=0.00, real=0.04 secs] 
9539.229: [GC 9539.229: [ParNew: 1406432K->152331K(1415616K), 0.0763670 secs] 5225246K->3988568K(8231360K), 0.0767370 secs] [Times: user=0.74 sys=0.04, real=0.08 secs] 
9540.696: [GC 9540.696: [ParNew: 1410699K->150646K(1415616K), 0.0724090 secs] 5246936K->4003415K(8231360K), 0.0727600 secs] [Times: user=0.75 sys=0.04, real=0.07 secs] 
9549.711: [GC 9549.711: [ParNew: 1409014K->108958K(1415616K), 0.0609630 secs] 5261783K->3976194K(8231360K), 0.0613790 secs] [Times: user=0.56 sys=0.04, real=0.06 secs] 
9555.771: [GC 9555.771: [ParNew: 1367326K->148863K(1415616K), 0.0290570 secs] 5234562K->4016099K(8231360K), 0.0294530 secs] [Times: user=0.45 sys=0.00, real=0.03 secs] 
9560.515: [GC 9560.516: [ParNew: 1407231K->132197K(1415616K), 0.0638950 secs] 5274467K->4013829K(8231360K), 0.0642850 secs] [Times: user=0.63 sys=0.05, real=0.07 secs] 
9564.506: [GC 9564.507: [ParNew: 1390565K->111373K(1415616K), 0.0670420 secs] 5272197K->4007529K(8231360K), 0.0673980 secs] [Times: user=0.64 sys=0.04, real=0.07 secs] 
9567.548: [GC 9567.548: [ParNew: 1369741K->133521K(1415616K), 0.0650780 secs] 5265897K->4043864K(8231360K), 0.0654170 secs] [Times: user=0.62 sys=0.03, real=0.06 secs] 
9568.425: [GC 9568.425: [ParNew: 1391889K->123041K(1415616K), 0.0661600 secs] 5302232K->4047399K(8231360K), 0.0664950 secs] [Times: user=0.57 sys=0.06, real=0.07 secs] 
9569.496: [GC 9569.496: [ParNew: 1381409K->125744K(1415616K), 0.0942550 secs] 5305767K->4074397K(8231360K), 0.0946270 secs] [Times: user=0.65 sys=0.08, real=0.10 secs] 
9570.897: [GC 9570.897: [ParNew: 1384112K->117125K(1415616K), 0.0527630 secs] 5332765K->4077911K(8231360K), 0.0530980 secs] [Times: user=0.54 sys=0.04, real=0.06 secs] 
9591.952: [GC 9591.952: [ParNew: 1375493K->85800K(1415616K), 0.0503190 secs] 5336279K->4059201K(8231360K), 0.0507270 secs] [Times: user=0.49 sys=0.04, real=0.05 secs] 
9595.328: [GC 9595.328: [ParNew: 1344168K->137865K(1415616K), 0.0294710 secs] 5317569K->4111266K(8231360K), 0.0298290 secs] [Times: user=0.45 sys=0.00, real=0.03 secs] 
9599.918: [GC 9599.918: [ParNew: 1396233K->147117K(1415616K), 0.0559080 secs] 5369634K->4133463K(8231360K), 0.0562780 secs] [Times: user=0.59 sys=0.03, real=0.06 secs] 
9603.360: [GC 9603.360: [ParNew: 1405485K->105610K(1415616K), 0.0577410 secs] 5391831K->4104405K(8231360K), 0.0580920 secs] [Times: user=0.64 sys=0.03, real=0.06 secs] 
9607.319: [GC 9607.319: [ParNew: 1363978K->140297K(1415616K), 0.0507550 secs] 5362773K->4150538K(8231360K), 0.0511170 secs] [Times: user=0.52 sys=0.04, real=0.05 secs] 
9610.144: [GC 9610.145: [ParNew: 1398665K->149400K(1415616K), 0.0569630 secs] 5408906K->4171537K(8231360K), 0.0573680 secs] [Times: user=0.65 sys=0.04, real=0.06 secs] 
9613.056: [GC 9613.056: [ParNew: 1407768K->150275K(1415616K), 0.0568400 secs] 5429905K->4184753K(8231360K), 0.0572230 secs] [Times: user=0.60 sys=0.03, real=0.06 secs] 
9617.183: [GC 9617.183: [ParNew: 1408643K->126018K(1415616K), 0.0922730 secs] 5443121K->4186157K(8231360K), 0.0926980 secs] [Times: user=0.67 sys=0.08, real=0.09 secs] 
9621.895: [GC 9621.895: [ParNew: 1384386K->132640K(1415616K), 0.0298090 secs] 5444525K->4192779K(8231360K), 0.0301890 secs] [Times: user=0.45 sys=0.01, real=0.03 secs] 
9626.534: [GC 9626.534: [ParNew: 1391008K->130152K(1415616K), 0.0569290 secs] 5451147K->4202054K(8231360K), 0.0572880 secs] [Times: user=0.58 sys=0.03, real=0.06 secs] 
9632.304: [GC 9632.305: [ParNew: 1388520K->125182K(1415616K), 0.0572340 secs] 5460422K->4209283K(8231360K), 0.0576120 secs] [Times: user=0.55 sys=0.04, real=0.06 secs] 
9637.930: [GC 9637.931: [ParNew: 1383550K->134280K(1415616K), 0.0600220 secs] 5467651K->4231110K(8231360K), 0.0603970 secs] [Times: user=0.60 sys=0.02, real=0.06 secs] 
9642.118: [GC 9642.118: [ParNew: 1392648K->121505K(1415616K), 0.0549090 secs] 5489478K->4231612K(8231360K), 0.0552930 secs] [Times: user=0.54 sys=0.04, real=0.06 secs] 
9646.303: [GC 9646.303: [ParNew: 1379873K->136406K(1415616K), 0.0586350 secs] 5489980K->4258841K(8231360K), 0.0590320 secs] [Times: user=0.62 sys=0.03, real=0.06 secs] 
9650.128: [GC 9650.129: [ParNew: 1394774K->117531K(1415616K), 0.0544590 secs] 5517209K->4252477K(8231360K), 0.0548260 secs] [Times: user=0.55 sys=0.04, real=0.06 secs] 
9653.133: [GC 9653.133: [ParNew: 1375899K->128745K(1415616K), 0.0589170 secs] 5510845K->4276894K(8231360K), 0.0592840 secs] [Times: user=0.61 sys=0.04, real=0.06 secs] 
9655.518: [GC 9655.518: [ParNew: 1387113K->157248K(1415616K), 0.0732450 secs] 5535262K->4317002K(8231360K), 0.0736010 secs] [Times: user=0.96 sys=0.03, real=0.07 secs] 
9658.716: [GC 9658.716: [ParNew: 1415616K->108226K(1415616K), 0.0969910 secs] 5575370K->4291157K(8231360K), 0.0973840 secs] [Times: user=0.83 sys=0.07, real=0.09 secs] 
9662.306: [GC 9662.306: [ParNew: 1366039K->121759K(1415616K), 0.0587470 secs] 5548970K->4317434K(8231360K), 0.0591400 secs] [Times: user=0.59 sys=0.04, real=0.05 secs] 
9665.173: [GC 9665.173: [ParNew: 1380127K->110368K(1415616K), 0.0521550 secs] 5575802K->4318870K(8231360K), 0.0524910 secs] [Times: user=0.54 sys=0.03, real=0.05 secs] 
9668.993: [GC 9668.993: [ParNew: 1368736K->104080K(1415616K), 0.0553530 secs] 5577238K->4325627K(8231360K), 0.0557130 secs] [Times: user=0.57 sys=0.03, real=0.06 secs] 
9672.411: [GC 9672.411: [ParNew: 1362448K->141299K(1415616K), 0.0322370 secs] 5583995K->4362846K(8231360K), 0.0326210 secs] [Times: user=0.48 sys=0.00, real=0.03 secs] 
9676.931: [GC 9676.931: [ParNew: 1399667K->136343K(1415616K), 0.0551170 secs] 5621214K->4370620K(8231360K), 0.0554960 secs] [Times: user=0.60 sys=0.02, real=0.05 secs] 
9680.697: [GC 9680.697: [ParNew: 1394711K->120096K(1415616K), 0.0582690 secs] 5628988K->4366600K(8231360K), 0.0586600 secs] [Times: user=0.61 sys=0.04, real=0.06 secs] 
9685.942: [GC 9685.942: [ParNew: 1378464K->125818K(1415616K), 0.0550820 secs] 5624968K->4384589K(8231360K), 0.0554470 secs] [Times: user=0.57 sys=0.03, real=0.05 secs] 
9689.654: [GC 9689.654: [ParNew: 1384186K->129607K(1415616K), 0.0576790 secs] 5642957K->4400719K(8231360K), 0.0580650 secs] [Times: user=0.57 sys=0.04, real=0.06 secs] 
9694.362: [GC 9694.362: [ParNew: 1387975K->133774K(1415616K), 0.0569330 secs] 5659087K->4417759K(8231360K), 0.0573000 secs] [Times: user=0.57 sys=0.03, real=0.05 secs] 
9699.112: [GC 9699.112: [ParNew: 1392142K->134818K(1415616K), 0.0528680 secs] 5676127K->4431574K(8231360K), 0.0532470 secs] [Times: user=0.55 sys=0.03, real=0.06 secs] 
9704.772: [GC 9704.772: [ParNew: 1393186K->121898K(1415616K), 0.0541090 secs] 5689942K->4431258K(8231360K), 0.0544950 secs] [Times: user=0.60 sys=0.03, real=0.06 secs] 
9709.775: [GC 9709.775: [ParNew: 1380266K->120242K(1415616K), 0.0525020 secs] 5689626K->4441496K(8231360K), 0.0528900 secs] [Times: user=0.58 sys=0.03, real=0.05 secs] 
10167.994: [GC 10167.994: [ParNew: 1378610K->83746K(1415616K), 0.0504730 secs] 5699864K->4416544K(8231360K), 0.0509270 secs] [Times: user=0.47 sys=0.03, real=0.05 secs] 
10311.324: [GC 10311.325: [ParNew: 1342114K->122503K(1415616K), 0.0282160 secs] 5674912K->4455301K(8231360K), 0.0286530 secs] [Times: user=0.42 sys=0.00, real=0.03 secs] 
10347.707: [GC 10347.707: [ParNew: 1380871K->126780K(1415616K), 0.0509180 secs] 5713669K->4471476K(8231360K), 0.0513260 secs] [Times: user=0.54 sys=0.02, real=0.05 secs] 
10383.118: [GC 10383.118: [ParNew: 1385148K->135754K(1415616K), 0.0526590 secs] 5729844K->4493510K(8231360K), 0.0531370 secs] [Times: user=0.57 sys=0.04, real=0.06 secs] 
10407.315: [GC 10407.315: [ParNew: 1394122K->134211K(1415616K), 0.0542750 secs] 5751878K->4504368K(8231360K), 0.0547200 secs] [Times: user=0.63 sys=0.03, real=0.05 secs] 
10418.514: [GC 10418.514: [ParNew: 1392579K->145821K(1415616K), 0.0897930 secs] 5762736K->4540483K(8231360K), 0.0901980 secs] [Times: user=0.68 sys=0.05, real=0.09 secs] 
10427.987: [GC 10427.987: [ParNew: 1404189K->110541K(1415616K), 0.0457760 secs] 5798851K->4514955K(8231360K), 0.0462440 secs] [Times: user=0.50 sys=0.02, real=0.05 secs] 
10432.140: [GC 10432.140: [ParNew: 1368909K->117479K(1415616K), 0.0291520 secs] 5773323K->4521892K(8231360K), 0.0295390 secs] [Times: user=0.43 sys=0.01, real=0.03 secs] 
10434.008: [GC 10434.009: [ParNew: 1375847K->107501K(1415616K), 0.0475370 secs] 5780260K->4522405K(8231360K), 0.0478940 secs] [Times: user=0.49 sys=0.03, real=0.04 secs] 
10542.712: [GC 10542.712: [ParNew: 1365869K->113759K(1415616K), 0.0303870 secs] 5780773K->4528663K(8231360K), 0.0308210 secs] [Times: user=0.46 sys=0.00, real=0.03 secs] 
10551.554: [GC 10551.554: [ParNew: 1372127K->143655K(1415616K), 0.0335370 secs] 5787031K->4558559K(8231360K), 0.0339290 secs] [Times: user=0.51 sys=0.01, real=0.03 secs] 
10557.685: [GC 10557.685: [ParNew: 1402023K->136330K(1415616K), 0.0574440 secs] 5816927K->4563992K(8231360K), 0.0578380 secs] [Times: user=0.63 sys=0.04, real=0.06 secs] 
10563.557: [GC 10563.557: [ParNew: 1394698K->117491K(1415616K), 0.0653800 secs] 5822360K->4559991K(8231360K), 0.0657900 secs] [Times: user=0.63 sys=0.06, real=0.07 secs] 
10568.702: [GC 10568.703: [ParNew: 1375859K->126940K(1415616K), 0.0681740 secs] 5818359K->4584642K(8231360K), 0.0686210 secs] [Times: user=0.63 sys=0.05, real=0.07 secs] 
10573.565: [GC 10573.565: [ParNew: 1385308K->123863K(1415616K), 0.0650940 secs] 5843010K->4596769K(8231360K), 0.0654810 secs] [Times: user=0.60 sys=0.04, real=0.06 secs] 
10578.999: [GC 10578.999: [ParNew: 1382231K->114097K(1415616K), 0.0486990 secs] 5855137K->4594405K(8231360K), 0.0491040 secs] [Times: user=0.56 sys=0.02, real=0.05 secs] 
10582.927: [GC 10582.927: [ParNew: 1372465K->115966K(1415616K), 0.0545190 secs] 5852773K->4606374K(8231360K), 0.0548970 secs] [Times: user=0.57 sys=0.03, real=0.05 secs] 
10585.953: [GC 10585.953: [ParNew: 1374334K->119568K(1415616K), 0.0459850 secs] 5864742K->4619744K(8231360K), 0.0463640 secs] [Times: user=0.50 sys=0.02, real=0.05 secs] 
10587.765: [GC 10587.765: [ParNew: 1377936K->117559K(1415616K), 0.0269360 secs] 5878112K->4617736K(8231360K), 0.0273140 secs] [Times: user=0.42 sys=0.00, real=0.03 secs] 
10589.714: [GC 10589.714: [ParNew: 1375927K->99245K(1415616K), 0.0448220 secs] 5876104K->4609281K(8231360K), 0.0452070 secs] [Times: user=0.47 sys=0.03, real=0.05 secs] 
10593.038: [GC 10593.038: [ParNew: 1357613K->125650K(1415616K), 0.0251540 secs] 5867649K->4635687K(8231360K), 0.0255330 secs] [Times: user=0.39 sys=0.00, real=0.02 secs] 
10596.771: [GC 10596.772: [ParNew: 1384018K->118030K(1415616K), 0.0237250 secs] 5894055K->4628067K(8231360K), 0.0242080 secs] [Times: user=0.35 sys=0.00, real=0.02 secs] 
10598.963: [GC 10598.964: [ParNew: 1376398K->113426K(1415616K), 0.0237170 secs] 5886435K->4623463K(8231360K), 0.0240880 secs] [Times: user=0.36 sys=0.00, real=0.02 secs] 
10704.127: [GC 10704.127: [ParNew: 1371794K->117026K(1415616K), 0.0256250 secs] 5881831K->4627062K(8231360K), 0.0260700 secs] [Times: user=0.39 sys=0.00, real=0.03 secs] 
10713.096: [GC 10713.096: [ParNew: 1375394K->141856K(1415616K), 0.0301320 secs] 5885430K->4651892K(8231360K), 0.0305510 secs] [Times: user=0.46 sys=0.01, real=0.03 secs] 
10719.555: [GC 10719.555: [ParNew: 1400224K->128725K(1415616K), 0.0500060 secs] 5910260K->4650014K(8231360K), 0.0504330 secs] [Times: user=0.62 sys=0.02, real=0.05 secs] 
10724.797: [GC 10724.797: [ParNew: 1387093K->124195K(1415616K), 0.0946090 secs] 5908382K->4667919K(8231360K), 0.0951020 secs] [Times: user=0.69 sys=0.06, real=0.10 secs] 
10727.641: [GC 10727.641: [ParNew: 1382563K->125864K(1415616K), 0.0508660 secs] 5926287K->4680506K(8231360K), 0.0512600 secs] [Times: user=0.57 sys=0.03, real=0.06 secs] 
10730.543: [GC 10730.543: [ParNew: 1384232K->122358K(1415616K), 0.0447840 secs] 5938874K->4685345K(8231360K), 0.0451910 secs] [Times: user=0.54 sys=0.02, real=0.05 secs] 
10733.963: [GC 10733.963: [ParNew: 1380726K->142875K(1415616K), 0.0513100 secs] 5943713K->4716990K(8231360K), 0.0516860 secs] [Times: user=0.57 sys=0.03, real=0.06 secs] 
10735.785: [GC 10735.785: [ParNew: 1401243K->122643K(1415616K), 0.0782670 secs] 5975358K->4716535K(8231360K), 0.0787640 secs] [Times: user=0.57 sys=0.06, real=0.08 secs] 
10737.318: [GC 10737.318: [ParNew: 1381011K->102208K(1415616K), 0.0504820 secs] 5974903K->4707234K(8231360K), 0.0508660 secs] [Times: user=0.51 sys=0.03, real=0.05 secs] 
10740.532: [GC 10740.532: [ParNew: 1360576K->130482K(1415616K), 0.0309010 secs] 5965602K->4735508K(8231360K), 0.0313020 secs] [Times: user=0.47 sys=0.00, real=0.03 secs] 
10741.156: [GC 10741.156: [ParNew: 1388850K->99503K(1415616K), 0.0524230 secs] 5993876K->4715715K(8231360K), 0.0527950 secs] [Times: user=0.52 sys=0.04, real=0.05 secs] 
10742.807: [GC 10742.807: [ParNew: 1357871K->113336K(1415616K), 0.0257380 secs] 5974083K->4729548K(8231360K), 0.0261090 secs] [Times: user=0.39 sys=0.00, real=0.02 secs] 
10744.362: [GC 10744.363: [ParNew: 1371704K->112136K(1415616K), 0.0245690 secs] 5987916K->4728347K(8231360K), 0.0250040 secs] [Times: user=0.38 sys=0.00, real=0.03 secs] 
10746.062: [GC 10746.062: [ParNew: 1370504K->97784K(1415616K), 0.0241580 secs] 5986715K->4713996K(8231360K), 0.0245230 secs] [Times: user=0.37 sys=0.01, real=0.03 secs] 
10888.966: [GC 10888.966: [ParNew: 1356152K->113831K(1415616K), 0.0387770 secs] 5972364K->4730042K(8231360K), 0.0395750 secs] [Times: user=0.58 sys=0.00, real=0.04 secs] 
11161.343: [GC 11161.343: [ParNew: 1372199K->107890K(1415616K), 0.0291110 secs] 5988410K->4724102K(8231360K), 0.0295540 secs] [Times: user=0.42 sys=0.01, real=0.03 secs] 
11170.233: [GC 11170.233: [ParNew: 1366258K->141498K(1415616K), 0.0317560 secs] 5982470K->4757709K(8231360K), 0.0321750 secs] [Times: user=0.48 sys=0.00, real=0.04 secs] 
11175.336: [GC 11175.336: [ParNew: 1399866K->124313K(1415616K), 0.0882980 secs] 6016077K->4761548K(8231360K), 0.0887000 secs] [Times: user=0.61 sys=0.07, real=0.08 secs] 
11804.870: [GC 11804.871: [ParNew: 1382681K->83122K(1415616K), 0.0503450 secs] 6019916K->4731042K(8231360K), 0.0508180 secs] [Times: user=0.41 sys=0.04, real=0.06 secs] 
12584.960: [GC 12584.960: [ParNew: 1341490K->71893K(1415616K), 0.0259590 secs] 5989410K->4719813K(8231360K), 0.0264220 secs] [Times: user=0.36 sys=0.00, real=0.03 secs] 
12860.500: [GC 12860.500: [ParNew: 1330261K->103313K(1415616K), 0.0252610 secs] 5978181K->4751233K(8231360K), 0.0257200 secs] [Times: user=0.37 sys=0.00, real=0.03 secs] 
12869.513: [GC 12869.513: [ParNew: 1361681K->110256K(1415616K), 0.0261810 secs] 6009601K->4758176K(8231360K), 0.0266440 secs] [Times: user=0.38 sys=0.00, real=0.03 secs] 
12873.699: [GC 12873.700: [ParNew: 1368624K->138636K(1415616K), 0.0284260 secs] 6016544K->4786556K(8231360K), 0.0288280 secs] [Times: user=0.44 sys=0.00, real=0.03 secs] 
12880.521: [GC 12880.521: [ParNew: 1397004K->92494K(1415616K), 0.0681610 secs] 6044924K->4755931K(8231360K), 0.0685980 secs] [Times: user=0.52 sys=0.07, real=0.07 secs] 
12888.316: [GC 12888.317: [ParNew: 1350862K->117210K(1415616K), 0.0333270 secs] 6014299K->4780647K(8231360K), 0.0337650 secs] [Times: user=0.50 sys=0.01, real=0.03 secs] 
12893.903: [GC 12893.903: [ParNew: 1375578K->129263K(1415616K), 0.0386780 secs] 6039015K->4792700K(8231360K), 0.0391150 secs] [Times: user=0.59 sys=0.01, real=0.04 secs] 
12899.048: [GC 12899.048: [ParNew: 1387631K->116670K(1415616K), 0.0542960 secs] 6051068K->4790267K(8231360K), 0.0547190 secs] [Times: user=0.55 sys=0.04, real=0.06 secs] 
12902.953: [GC 12902.953: [ParNew: 1375038K->132040K(1415616K), 0.0396290 secs] 6048635K->4808478K(8231360K), 0.0400400 secs] [Times: user=0.54 sys=0.03, real=0.04 secs] 
12907.101: [GC 12907.102: [ParNew: 1390408K->116499K(1415616K), 0.0682290 secs] 6066846K->4809036K(8231360K), 0.0686870 secs] [Times: user=0.60 sys=0.08, real=0.07 secs] 
12910.699: [GC 12910.699: [ParNew: 1374867K->146414K(1415616K), 0.0383690 secs] 6067404K->4838951K(8231360K), 0.0388410 secs] [Times: user=0.56 sys=0.03, real=0.04 secs] 
12913.554: [GC 12913.554: [ParNew: 1404782K->105695K(1415616K), 0.0590430 secs] 6097319K->4809149K(8231360K), 0.0594410 secs] [Times: user=0.63 sys=0.07, real=0.06 secs] 
12916.126: [GC 12916.127: [ParNew: 1364063K->120578K(1415616K), 0.0561330 secs] 6067517K->4834398K(8231360K), 0.0565480 secs] [Times: user=0.55 sys=0.03, real=0.05 secs] 
12919.056: [GC 12919.056: [ParNew: 1378946K->142081K(1415616K), 0.0374700 secs] 6092766K->4859607K(8231360K), 0.0378980 secs] [Times: user=0.53 sys=0.00, real=0.04 secs] 
12921.504: [GC 12921.504: [ParNew: 1400449K->104747K(1415616K), 0.0565370 secs] 6117975K->4832192K(8231360K), 0.0569420 secs] [Times: user=0.62 sys=0.04, real=0.06 secs] 
12923.981: [GC 12923.981: [ParNew: 1363115K->127782K(1415616K), 0.0455500 secs] 6090560K->4861907K(8231360K), 0.0460040 secs] [Times: user=0.54 sys=0.02, real=0.04 secs] 
12926.519: [GC 12926.519: [ParNew: 1386150K->133920K(1415616K), 0.0448230 secs] 6120275K->4873967K(8231360K), 0.0454350 secs] [Times: user=0.56 sys=0.01, real=0.04 secs] 
12929.295: [GC 12929.295: [ParNew: 1392288K->134434K(1415616K), 0.0495230 secs] 6132335K->4881142K(8231360K), 0.0499560 secs] [Times: user=0.59 sys=0.03, real=0.05 secs] 
12932.712: [GC 12932.712: [ParNew: 1392802K->111316K(1415616K), 0.0652970 secs] 6139510K->4870253K(8231360K), 0.0657420 secs] [Times: user=0.66 sys=0.05, real=0.06 secs] 
12935.558: [GC 12935.558: [ParNew: 1369684K->105664K(1415616K), 0.0453590 secs] 6128621K->4871818K(8231360K), 0.0457870 secs] [Times: user=0.56 sys=0.02, real=0.05 secs] 
12938.358: [GC 12938.358: [ParNew: 1364032K->131744K(1415616K), 0.0379040 secs] 6130186K->4897897K(8231360K), 0.0383110 secs] [Times: user=0.55 sys=0.03, real=0.04 secs] 
12941.115: [GC 12941.115: [ParNew: 1390112K->121837K(1415616K), 0.0512030 secs] 6156265K->4894759K(8231360K), 0.0516240 secs] [Times: user=0.63 sys=0.03, real=0.05 secs] 
12944.568: [GC 12944.568: [ParNew: 1380205K->117180K(1415616K), 0.0477760 secs] 6153127K->4896391K(8231360K), 0.0482440 secs] [Times: user=0.57 sys=0.02, real=0.05 secs] 
12947.910: [GC 12947.910: [ParNew: 1375548K->122134K(1415616K), 0.0468370 secs] 6154759K->4907439K(8231360K), 0.0473310 secs] [Times: user=0.59 sys=0.02, real=0.05 secs] 
12950.992: [GC 12950.992: [ParNew: 1380502K->126058K(1415616K), 0.0442490 secs] 6165807K->4917675K(8231360K), 0.0446800 secs] [Times: user=0.55 sys=0.01, real=0.05 secs] 
12954.553: [GC 12954.553: [ParNew: 1384426K->131596K(1415616K), 0.0488890 secs] 6176043K->4929944K(8231360K), 0.0493100 secs] [Times: user=0.60 sys=0.02, real=0.05 secs] 
12958.544: [GC 12958.544: [ParNew: 1389964K->127813K(1415616K), 0.0500290 secs] 6188312K->4933737K(8231360K), 0.0504400 secs] [Times: user=0.62 sys=0.02, real=0.05 secs] 
12962.784: [GC 12962.784: [ParNew: 1386181K->122217K(1415616K), 0.0480820 secs] 6192104K->4935674K(8231360K), 0.0485050 secs] [Times: user=0.57 sys=0.02, real=0.05 secs] 
12966.208: [GC 12966.208: [ParNew: 1380585K->104329K(1415616K), 0.0466330 secs] 6194042K->4924753K(8231360K), 0.0470350 secs] [Times: user=0.56 sys=0.03, real=0.05 secs] 
12968.929: [GC 12968.930: [ParNew: 1362697K->130091K(1415616K), 0.0336030 secs] 6183121K->4950515K(8231360K), 0.0340150 secs] [Times: user=0.51 sys=0.00, real=0.03 secs] 
12971.390: [GC 12971.390: [ParNew: 1388459K->121314K(1415616K), 0.0464860 secs] 6208883K->4947850K(8231360K), 0.0469890 secs] [Times: user=0.59 sys=0.01, real=0.05 secs] 
12973.921: [GC 12973.921: [ParNew: 1379682K->133074K(1415616K), 0.0436230 secs] 6206218K->4965408K(8231360K), 0.0440570 secs] [Times: user=0.55 sys=0.03, real=0.04 secs] 
12976.231: [GC 12976.231: [ParNew: 1391442K->137829K(1415616K), 0.0480750 secs] 6223776K->4976215K(8231360K), 0.0484740 secs] [Times: user=0.57 sys=0.03, real=0.05 secs] 
12978.814: [GC 12978.815: [ParNew: 1396197K->102204K(1415616K), 0.0466870 secs] 6234583K->4946876K(8231360K), 0.0471030 secs] [Times: user=0.56 sys=0.02, real=0.05 secs] 
12980.145: [GC 12980.145: [ParNew: 1360572K->138079K(1415616K), 0.0523320 secs] 6205244K->4988746K(8231360K), 0.0527480 secs] [Times: user=0.63 sys=0.03, real=0.05 secs] 
12981.814: [GC 12981.814: [ParNew: 1396447K->131110K(1415616K), 0.0533350 secs] 6247114K->4988981K(8231360K), 0.0537690 secs] [Times: user=0.63 sys=0.05, real=0.05 secs] 
12985.077: [GC 12985.077: [ParNew: 1389478K->108222K(1415616K), 0.0524580 secs] 6247349K->4973689K(8231360K), 0.0528780 secs] [Times: user=0.61 sys=0.04, real=0.06 secs] 
12988.128: [GC 12988.129: [ParNew: 1366590K->128462K(1415616K), 0.0355890 secs] 6232057K->4993928K(8231360K), 0.0360170 secs] [Times: user=0.56 sys=0.00, real=0.04 secs] 
12990.276: [GC 12990.276: [ParNew: 1386830K->117404K(1415616K), 0.0479730 secs] 6252296K->4990290K(8231360K), 0.0484120 secs] [Times: user=0.59 sys=0.02, real=0.05 secs] 
12992.712: [GC 12992.713: [ParNew: 1375772K->120506K(1415616K), 0.0481030 secs] 6248658K->5000121K(8231360K), 0.0485120 secs] [Times: user=0.61 sys=0.02, real=0.05 secs] 
12994.958: [GC 12994.958: [ParNew: 1378874K->130375K(1415616K), 0.0447450 secs] 6258489K->5014862K(8231360K), 0.0451410 secs] [Times: user=0.59 sys=0.01, real=0.05 secs] 
12997.630: [GC 12997.631: [ParNew: 1388743K->110271K(1415616K), 0.0529390 secs] 6273230K->5004586K(8231360K), 0.0533380 secs] [Times: user=0.58 sys=0.05, real=0.06 secs] 
13000.271: [GC 13000.271: [ParNew: 1368639K->120235K(1415616K), 0.0578680 secs] 6262954K->5024597K(8231360K), 0.0583250 secs] [Times: user=0.58 sys=0.04, real=0.06 secs] 
13002.147: [GC 13002.147: [ParNew: 1378603K->132977K(1415616K), 0.0517120 secs] 6282965K->5042812K(8231360K), 0.0521280 secs] [Times: user=0.65 sys=0.04, real=0.05 secs] 
13005.262: [GC 13005.262: [ParNew: 1391345K->125150K(1415616K), 0.0467480 secs] 6301180K->5040677K(8231360K), 0.0472120 secs] [Times: user=0.62 sys=0.02, real=0.05 secs] 
13006.898: [GC 13006.898: [ParNew: 1383518K->135277K(1415616K), 0.0468540 secs] 6299045K->5056409K(8231360K), 0.0472580 secs] [Times: user=0.61 sys=0.02, real=0.05 secs] 
13009.890: [GC 13009.890: [ParNew: 1393645K->113340K(1415616K), 0.0587720 secs] 6314777K->5045254K(8231360K), 0.0591810 secs] [Times: user=0.65 sys=0.03, real=0.06 secs] 
13011.685: [GC 13011.685: [ParNew: 1371708K->120424K(1415616K), 0.0482940 secs] 6303622K->5057981K(8231360K), 0.0487160 secs] [Times: user=0.63 sys=0.02, real=0.05 secs] 
13013.216: [GC 13013.216: [ParNew: 1378792K->122148K(1415616K), 0.0680130 secs] 6316349K->5073487K(8231360K), 0.0684490 secs] [Times: user=0.62 sys=0.05, real=0.06 secs] 
13014.958: [GC 13014.958: [ParNew: 1380516K->134265K(1415616K), 0.0514060 secs] 6331855K->5092479K(8231360K), 0.0517930 secs] [Times: user=0.64 sys=0.03, real=0.05 secs] 
13017.157: [GC 13017.157: [ParNew: 1392633K->132693K(1415616K), 0.0551360 secs] 6350847K->5098154K(8231360K), 0.0555250 secs] [Times: user=0.65 sys=0.02, real=0.05 secs] 
13018.674: [GC 13018.674: [ParNew: 1391061K->123685K(1415616K), 0.0669830 secs] 6356522K->5103292K(8231360K), 0.0673810 secs] [Times: user=0.69 sys=0.05, real=0.07 secs] 
13021.416: [GC 13021.416: [ParNew: 1382053K->115126K(1415616K), 0.0499980 secs] 6361660K->5102188K(8231360K), 0.0504070 secs] [Times: user=0.63 sys=0.03, real=0.06 secs] 
13023.714: [GC 13023.714: [ParNew: 1373494K->117415K(1415616K), 0.0522650 secs] 6360556K->5112398K(8231360K), 0.0526600 secs] [Times: user=0.66 sys=0.04, real=0.06 secs] 
13025.408: [GC 13025.409: [ParNew: 1375783K->109783K(1415616K), 0.0500970 secs] 6370766K->5112465K(8231360K), 0.0504860 secs] [Times: user=0.63 sys=0.02, real=0.05 secs] 
13027.335: [GC 13027.335: [ParNew: 1368151K->147331K(1415616K), 0.0360400 secs] 6370833K->5150014K(8231360K), 0.0364520 secs] [Times: user=0.56 sys=0.00, real=0.04 secs] 
13029.450: [GC 13029.450: [ParNew: 1405699K->113499K(1415616K), 0.0498160 secs] 6408382K->5124189K(8231360K), 0.0502130 secs] [Times: user=0.62 sys=0.03, real=0.05 secs] 
13032.362: [GC 13032.362: [ParNew: 1371867K->117333K(1415616K), 0.0503810 secs] 6382557K->5136026K(8231360K), 0.0507910 secs] [Times: user=0.61 sys=0.03, real=0.05 secs] 
13036.118: [GC 13036.118: [ParNew: 1375701K->106348K(1415616K), 0.0304900 secs] 6394394K->5125041K(8231360K), 0.0309020 secs] [Times: user=0.46 sys=0.00, real=0.04 secs] 
13040.764: [GC 13040.765: [ParNew: 1364716K->97567K(1415616K), 0.0293500 secs] 6383409K->5116260K(8231360K), 0.0297810 secs] [Times: user=0.43 sys=0.00, real=0.03 secs] 
13299.635: [GC 13299.635: [ParNew: 1355927K->71297K(1415616K), 0.0350840 secs] 6374620K->5089991K(8231360K), 0.0355610 secs] [Times: user=0.50 sys=0.04, real=0.04 secs] 
13995.332: [GC 13995.332: [ParNew: 1329606K->86334K(1415616K), 0.0328090 secs] 6348300K->5105028K(8231360K), 0.0332390 secs] [Times: user=0.45 sys=0.01, real=0.03 secs] 
14069.734: [GC 14069.734: [ParNew: 1344702K->122382K(1415616K), 0.0393840 secs] 6363396K->5141075K(8231360K), 0.0398960 secs] [Times: user=0.59 sys=0.02, real=0.04 secs] 
14072.199: [GC 14072.200: [ParNew: 1380750K->105659K(1415616K), 0.0379870 secs] 6399443K->5124352K(8231360K), 0.0384620 secs] [Times: user=0.57 sys=0.03, real=0.04 secs] 
14082.732: [GC 14082.732: [ParNew: 1364027K->125527K(1415616K), 0.0563790 secs] 6382720K->5152149K(8231360K), 0.0568030 secs] [Times: user=0.67 sys=0.03, real=0.05 secs] 
14093.124: [GC 14093.124: [ParNew: 1383895K->123749K(1415616K), 0.0551840 secs] 6410517K->5157911K(8231360K), 0.0556290 secs] [Times: user=0.69 sys=0.02, real=0.05 secs] 
14099.933: [GC 14099.933: [ParNew: 1382117K->129874K(1415616K), 0.0560110 secs] 6416279K->5171710K(8231360K), 0.0564440 secs] [Times: user=0.66 sys=0.04, real=0.06 secs] 
14103.701: [GC 14103.701: [ParNew: 1388242K->134081K(1415616K), 0.0528260 secs] 6430078K->5183231K(8231360K), 0.0532400 secs] [Times: user=0.65 sys=0.01, real=0.05 secs] 
14111.748: [GC 14111.749: [ParNew: 1392449K->100576K(1415616K), 0.0528300 secs] 6441599K->5156821K(8231360K), 0.0532620 secs] [Times: user=0.63 sys=0.04, real=0.05 secs] 
14117.368: [GC 14117.368: [ParNew: 1358944K->112934K(1415616K), 0.0560910 secs] 6415189K->5176033K(8231360K), 0.0565260 secs] [Times: user=0.66 sys=0.04, real=0.05 secs] 
14122.297: [GC 14122.297: [ParNew: 1371302K->140705K(1415616K), 0.0523560 secs] 6434401K->5209648K(8231360K), 0.0528170 secs] [Times: user=0.64 sys=0.04, real=0.06 secs] 
14126.911: [GC 14126.912: [ParNew: 1399073K->129524K(1415616K), 0.0611630 secs] 6468016K->5207606K(8231360K), 0.0615850 secs] [Times: user=0.67 sys=0.03, real=0.06 secs] 
14134.796: [GC 14134.796: [ParNew: 1387892K->118837K(1415616K), 0.0529920 secs] 6465974K->5205895K(8231360K), 0.0534200 secs] [Times: user=0.62 sys=0.03, real=0.05 secs] 
14141.518: [GC 14141.518: [ParNew: 1377205K->118163K(1415616K), 0.0667940 secs] 6464263K->5212764K(8231360K), 0.0672120 secs] [Times: user=0.78 sys=0.06, real=0.07 secs] 
14146.932: [GC 14146.932: [ParNew: 1376531K->126852K(1415616K), 0.0545190 secs] 6471132K->5228767K(8231360K), 0.0549390 secs] [Times: user=0.64 sys=0.05, real=0.06 secs] 
14152.145: [GC 14152.145: [ParNew: 1385220K->133517K(1415616K), 0.0513360 secs] 6487135K->5242341K(8231360K), 0.0517580 secs] [Times: user=0.65 sys=0.03, real=0.05 secs] 
14156.359: [GC 14156.359: [ParNew: 1391885K->129070K(1415616K), 0.0534620 secs] 6500709K->5245656K(8231360K), 0.0538810 secs] [Times: user=0.64 sys=0.04, real=0.05 secs] 
14161.193: [GC 14161.193: [ParNew: 1387438K->135534K(1415616K), 0.0521020 secs] 6504024K->5259372K(8231360K), 0.0525390 secs] [Times: user=0.66 sys=0.03, real=0.06 secs] 
14165.260: [GC 14165.260: [ParNew: 1393902K->135848K(1415616K), 0.0589950 secs] 6517740K->5266426K(8231360K), 0.0594390 secs] [Times: user=0.75 sys=0.04, real=0.06 secs] 
14168.591: [GC 14168.591: [ParNew: 1394216K->152925K(1415616K), 0.0591210 secs] 6524794K->5290833K(8231360K), 0.0595270 secs] [Times: user=0.74 sys=0.03, real=0.06 secs] 
14171.676: [GC 14171.677: [ParNew: 1411293K->113849K(1415616K), 0.0712470 secs] 6549201K->5266498K(8231360K), 0.0716770 secs] [Times: user=0.73 sys=0.06, real=0.08 secs] 
14175.218: [GC 14175.219: [ParNew: 1372217K->127251K(1415616K), 0.0553530 secs] 6524866K->5286906K(8231360K), 0.0557670 secs] [Times: user=0.67 sys=0.03, real=0.05 secs] 
14177.747: [GC 14177.747: [ParNew: 1385619K->112649K(1415616K), 0.0520820 secs] 6545274K->5279480K(8231360K), 0.0524750 secs] [Times: user=0.66 sys=0.02, real=0.05 secs] 
14180.527: [GC 14180.527: [ParNew: 1371017K->113580K(1415616K), 0.0549780 secs] 6537848K->5287664K(8231360K), 0.0553840 secs] [Times: user=0.66 sys=0.03, real=0.06 secs] 
14182.765: [GC 14182.766: [ParNew: 1371948K->114378K(1415616K), 0.0636130 secs] 6546032K->5295744K(8231360K), 0.0640860 secs] [Times: user=0.77 sys=0.02, real=0.07 secs] 
14190.119: [GC 14190.119: [ParNew: 1372746K->90393K(1415616K), 0.0512030 secs] 6554112K->5278852K(8231360K), 0.0516680 secs] [Times: user=0.60 sys=0.02, real=0.06 secs] 
14198.301: [GC 14198.302: [ParNew: 1348761K->119199K(1415616K), 0.0388250 secs] 6537220K->5307658K(8231360K), 0.0392390 secs] [Times: user=0.57 sys=0.02, real=0.04 secs] 
14204.880: [GC 14204.880: [ParNew: 1377567K->129213K(1415616K), 0.0376510 secs] 6566026K->5317672K(8231360K), 0.0380740 secs] [Times: user=0.57 sys=0.02, real=0.04 secs] 
14209.564: [GC 14209.564: [ParNew: 1387581K->143473K(1415616K), 0.0568070 secs] 6576040K->5338980K(8231360K), 0.0572380 secs] [Times: user=0.70 sys=0.03, real=0.06 secs] 
14214.373: [GC 14214.373: [ParNew: 1401841K->101183K(1415616K), 0.0593780 secs] 6597348K->5303870K(8231360K), 0.0598000 secs] [Times: user=0.69 sys=0.04, real=0.06 secs] 
14218.500: [GC 14218.500: [ParNew: 1359551K->140912K(1415616K), 0.0555780 secs] 6562238K->5350606K(8231360K), 0.0559810 secs] [Times: user=0.64 sys=0.04, real=0.05 secs] 
14222.386: [GC 14222.386: [ParNew: 1399280K->106646K(1415616K), 0.0532730 secs] 6608974K->5323137K(8231360K), 0.0536880 secs] [Times: user=0.62 sys=0.03, real=0.06 secs] 
14225.967: [GC 14225.967: [ParNew: 1365014K->126343K(1415616K), 0.0545230 secs] 6581505K->5350032K(8231360K), 0.0549490 secs] [Times: user=0.61 sys=0.02, real=0.06 secs] 
14229.494: [GC 14229.495: [ParNew: 1384711K->136368K(1415616K), 0.0517130 secs] 6608400K->5366126K(8231360K), 0.0521160 secs] [Times: user=0.64 sys=0.04, real=0.05 secs] 
14233.606: [GC 14233.606: [ParNew: 1394736K->106266K(1415616K), 0.0657230 secs] 6624494K->5349318K(8231360K), 0.0661460 secs] [Times: user=0.62 sys=0.07, real=0.07 secs] 
14239.105: [GC 14239.105: [ParNew: 1364634K->139412K(1415616K), 0.0386130 secs] 6607686K->5382464K(8231360K), 0.0390210 secs] [Times: user=0.58 sys=0.01, real=0.04 secs] 
14244.003: [GC 14244.003: [ParNew: 1397780K->101812K(1415616K), 0.0525170 secs] 6640832K->5350777K(8231360K), 0.0529270 secs] [Times: user=0.66 sys=0.03, real=0.05 secs] 
14249.713: [GC 14249.713: [ParNew: 1360180K->136890K(1415616K), 0.0535250 secs] 6609145K->5392704K(8231360K), 0.0539520 secs] [Times: user=0.65 sys=0.03, real=0.05 secs] 
14254.661: [GC 14254.661: [ParNew: 1395258K->126945K(1415616K), 0.0518730 secs] 6651072K->5389307K(8231360K), 0.0522860 secs] [Times: user=0.65 sys=0.03, real=0.06 secs] 
14258.320: [GC 14258.320: [ParNew: 1385313K->140641K(1415616K), 0.0538280 secs] 6647675K->5409744K(8231360K), 0.0542280 secs] [Times: user=0.67 sys=0.04, real=0.06 secs] 
14261.601: [GC 14261.601: [ParNew: 1399009K->123538K(1415616K), 0.0689790 secs] 6668112K->5406019K(8231360K), 0.0694630 secs] [Times: user=0.71 sys=0.06, real=0.07 secs] 
14263.364: [GC 14263.365: [ParNew: 1381906K->131070K(1415616K), 0.0502760 secs] 6664387K->5419297K(8231360K), 0.0506940 secs] [Times: user=0.69 sys=0.04, real=0.06 secs] 
14264.375: [GC 14264.376: [ParNew: 1389438K->130846K(1415616K), 0.0628340 secs] 6677665K->5432662K(8231360K), 0.0632470 secs] [Times: user=0.72 sys=0.05, real=0.06 secs] 
14267.334: [GC 14267.334: [ParNew: 1389214K->103808K(1415616K), 0.0679560 secs] 6691030K->5418328K(8231360K), 0.0683780 secs] [Times: user=0.70 sys=0.05, real=0.07 secs] 
14271.215: [GC 14271.215: [ParNew: 1362176K->120933K(1415616K), 0.0499040 secs] 6676696K->5442542K(8231360K), 0.0503510 secs] [Times: user=0.59 sys=0.02, real=0.05 secs] 
14283.052: [GC 14283.052: [ParNew: 1379301K->83167K(1415616K), 0.0465850 secs] 6700910K->5411741K(8231360K), 0.0470790 secs] [Times: user=0.54 sys=0.03, real=0.05 secs] 
14284.100: [GC 14284.101: [ParNew: 1341535K->119365K(1415616K), 0.0356050 secs] 6670109K->5447939K(8231360K), 0.0360140 secs] [Times: user=0.53 sys=0.02, real=0.03 secs] 
14285.150: [GC 14285.151: [ParNew: 1377733K->142231K(1415616K), 0.0388200 secs] 6706307K->5470805K(8231360K), 0.0392110 secs] [Times: user=0.58 sys=0.01, real=0.04 secs] 
14286.278: [GC 14286.278: [ParNew: 1400599K->120894K(1415616K), 0.0745780 secs] 6729173K->5464037K(8231360K), 0.0749710 secs] [Times: user=0.70 sys=0.05, real=0.08 secs] 
14287.507: [GC 14287.507: [ParNew: 1379262K->123122K(1415616K), 0.0719560 secs] 6722405K->5480934K(8231360K), 0.0723450 secs] [Times: user=0.72 sys=0.04, real=0.08 secs] 
14288.549: [GC 14288.549: [ParNew: 1381490K->131584K(1415616K), 0.0582580 secs] 6739302K->5499191K(8231360K), 0.0586490 secs] [Times: user=0.68 sys=0.03, real=0.05 secs] 
14289.361: [GC 14289.361: [ParNew: 1389952K->118490K(1415616K), 0.0752740 secs] 6757559K->5500633K(8231360K), 0.0756720 secs] [Times: user=0.84 sys=0.03, real=0.07 secs] 
14292.489: [GC 14292.490: [ParNew: 1376858K->126819K(1415616K), 0.0611640 secs] 6759001K->5516868K(8231360K), 0.0615630 secs] [Times: user=0.78 sys=0.02, real=0.07 secs] 
14295.067: [GC 14295.068: [ParNew: 1385187K->124749K(1415616K), 0.0607170 secs] 6775236K->5522145K(8231360K), 0.0611980 secs] [Times: user=0.74 sys=0.02, real=0.06 secs] 
14297.730: [GC 14297.731: [ParNew: 1383117K->104493K(1415616K), 0.0593290 secs] 6780513K->5509223K(8231360K), 0.0597240 secs] [Times: user=0.73 sys=0.04, real=0.06 secs] 
14299.519: [GC 14299.520: [ParNew: 1362861K->105372K(1415616K), 0.0362210 secs] 6767591K->5510103K(8231360K), 0.0366250 secs] [Times: user=0.55 sys=0.01, real=0.04 secs] 
14301.967: [GC 14301.968: [ParNew: 1363740K->129073K(1415616K), 0.0437510 secs] 6768471K->5533804K(8231360K), 0.0441430 secs] [Times: user=0.68 sys=0.00, real=0.05 secs] 
14304.478: [GC 14304.478: [ParNew: 1387441K->129872K(1415616K), 0.0579230 secs] 6792172K->5541973K(8231360K), 0.0583170 secs] [Times: user=0.69 sys=0.02, real=0.06 secs] 
14306.916: [GC 14306.916: [ParNew: 1388240K->130721K(1415616K), 0.0541130 secs] 6800341K->5550225K(8231360K), 0.0545000 secs] [Times: user=0.66 sys=0.03, real=0.05 secs] 
14309.552: [GC 14309.552: [ParNew: 1389089K->119521K(1415616K), 0.0541230 secs] 6808593K->5546393K(8231360K), 0.0545710 secs] [Times: user=0.66 sys=0.02, real=0.06 secs] 
14312.199: [GC 14312.199: [ParNew: 1377889K->106574K(1415616K), 0.0490370 secs] 6804761K->5540479K(8231360K), 0.0494460 secs] [Times: user=0.61 sys=0.02, real=0.05 secs] 
14314.539: [GC 14314.539: [ParNew: 1364942K->133297K(1415616K), 0.0404960 secs] 6798847K->5567202K(8231360K), 0.0408970 secs] [Times: user=0.63 sys=0.00, real=0.04 secs] 
14325.953: [GC 14325.953: [ParNew: 1391665K->81777K(1415616K), 0.0482340 secs] 6825570K->5522508K(8231360K), 0.0486590 secs] [Times: user=0.56 sys=0.03, real=0.05 secs] 
14862.196: [GC 14862.196: [ParNew: 1340145K->82425K(1415616K), 0.0342950 secs] 6780876K->5523155K(8231360K), 0.0348200 secs] [Times: user=0.48 sys=0.02, real=0.03 secs] 
15254.242: [GC 15254.243: [ParNew: 1340793K->129469K(1415616K), 0.0355380 secs] 6781523K->5570199K(8231360K), 0.0359940 secs] [Times: user=0.50 sys=0.02, real=0.04 secs] 
15255.961: [GC 15255.962: [ParNew: 1387837K->124884K(1415616K), 0.0403300 secs] 6828567K->5565615K(8231360K), 0.0407230 secs] [Times: user=0.59 sys=0.03, real=0.04 secs] 
15256.992: [GC 15256.992: [ParNew: 1383252K->123866K(1415616K), 0.0976390 secs] 6823983K->5584973K(8231360K), 0.0980320 secs] [Times: user=0.81 sys=0.08, real=0.10 secs] 
15258.026: [GC 15258.026: [ParNew: 1382234K->134660K(1415616K), 0.0909330 secs] 6843341K->5615525K(8231360K), 0.0913380 secs] [Times: user=0.75 sys=0.07, real=0.09 secs] 
15259.017: [GC 15259.018: [ParNew: 1393028K->132262K(1415616K), 0.0936050 secs] 6873893K->5635024K(8231360K), 0.0940050 secs] [Times: user=0.75 sys=0.10, real=0.10 secs] 
15260.007: [GC 15260.007: [ParNew: 1390630K->129571K(1415616K), 0.1291400 secs] 6893392K->5663943K(8231360K), 0.1295590 secs] [Times: user=0.77 sys=0.10, real=0.13 secs] 
15261.176: [GC 15261.176: [ParNew: 1387939K->133466K(1415616K), 0.0822800 secs] 6922311K->5684802K(8231360K), 0.0826750 secs] [Times: user=0.81 sys=0.08, real=0.09 secs] 
15262.249: [GC 15262.250: [ParNew: 1391834K->118263K(1415616K), 0.1060990 secs] 6943170K->5695978K(8231360K), 0.1064950 secs] [Times: user=0.73 sys=0.08, real=0.10 secs] 
15263.296: [GC 15263.296: [ParNew: 1376631K->92430K(1415616K), 0.0999890 secs] 6954346K->5692814K(8231360K), 0.1003820 secs] [Times: user=0.69 sys=0.08, real=0.10 secs] 
15264.316: [GC 15264.316: [ParNew: 1350798K->150031K(1415616K), 0.0373320 secs] 6951182K->5750415K(8231360K), 0.0377220 secs] [Times: user=0.57 sys=0.00, real=0.04 secs] 
15301.062: [GC 15301.062: [ParNew: 1408399K->103509K(1415616K), 0.0747880 secs] 7008783K->5718839K(8231360K), 0.0752320 secs] [Times: user=0.70 sys=0.04, real=0.08 secs] 
15302.095: [GC 15302.095: [ParNew: 1361877K->132216K(1415616K), 0.0450590 secs] 6977207K->5747547K(8231360K), 0.0454520 secs] [Times: user=0.69 sys=0.02, real=0.05 secs] 
15303.051: [GC 15303.051: [ParNew: 1390584K->120773K(1415616K), 0.1048000 secs] 7005915K->5756553K(8231360K), 0.1052120 secs] [Times: user=0.88 sys=0.09, real=0.10 secs] 
15303.843: [GC 15303.843: [ParNew: 1379141K->143652K(1415616K), 0.0790220 secs] 7014921K->5795757K(8231360K), 0.0794230 secs] [Times: user=0.78 sys=0.05, real=0.08 secs] 
15304.757: [GC 15304.757: [ParNew: 1402020K->115317K(1415616K), 0.1053370 secs] 7054125K->5791168K(8231360K), 0.1057630 secs] [Times: user=0.93 sys=0.07, real=0.10 secs] 
15305.367: [GC 15305.367: [ParNew: 1373685K->157248K(1415616K), 0.0571350 secs] 7049536K->5842864K(8231360K), 0.0575130 secs] [Times: user=0.68 sys=0.02, real=0.05 secs] 
15305.934: [GC 15305.934: [ParNew: 1415616K->145486K(1415616K), 0.0833180 secs] 7101232K->5849981K(8231360K), 0.0837230 secs] [Times: user=0.77 sys=0.05, real=0.09 secs] 
15306.514: [GC 15306.514: [ParNew: 1403854K->135996K(1415616K), 0.0931000 secs] 7108349K->5860516K(8231360K), 0.0934800 secs] [Times: user=0.84 sys=0.05, real=0.10 secs] 
15307.129: [GC 15307.129: [ParNew: 1394364K->156370K(1415616K), 0.0851280 secs] 7118884K->5900075K(8231360K), 0.0854900 secs] [Times: user=0.82 sys=0.05, real=0.08 secs] 
15307.711: [GC 15307.711: [ParNew: 1414738K->116729K(1415616K), 0.1348130 secs] 7158443K->5895502K(8231360K), 0.1351770 secs] [Times: user=0.90 sys=0.09, real=0.13 secs] 
15308.339: [GC 15308.339: [ParNew: 1375097K->126408K(1415616K), 0.0803660 secs] 7153870K->5923917K(8231360K), 0.0807260 secs] [Times: user=0.71 sys=0.06, real=0.08 secs] 
15308.920: [GC 15308.921: [ParNew: 1384776K->123919K(1415616K), 0.0849700 secs] 7182285K->5942683K(8231360K), 0.0853270 secs] [Times: user=0.75 sys=0.05, real=0.08 secs] 
15309.499: [GC 15309.499: [ParNew: 1382287K->115867K(1415616K), 0.0873100 secs] 7201051K->5955431K(8231360K), 0.0876750 secs] [Times: user=0.75 sys=0.08, real=0.08 secs] 
15310.043: [GC 15310.043: [ParNew: 1374235K->104785K(1415616K), 0.0875340 secs] 7213799K->5965498K(8231360K), 0.0879160 secs] [Times: user=0.76 sys=0.07, real=0.09 secs] 
15310.615: [GC 15310.615: [ParNew: 1363153K->109917K(1415616K), 0.0864440 secs] 7223866K->5991154K(8231360K), 0.0868190 secs] [Times: user=0.79 sys=0.06, real=0.09 secs] 
15311.178: [GC 15311.178: [ParNew: 1368285K->108573K(1415616K), 0.0901650 secs] 7249522K->6010629K(8231360K), 0.0905330 secs] [Times: user=0.81 sys=0.07, real=0.09 secs] 
15311.751: [GC 15311.751: [ParNew: 1366941K->117423K(1415616K), 0.0829850 secs] 7268997K->6037480K(8231360K), 0.0833600 secs] [Times: user=0.81 sys=0.06, real=0.08 secs] 
15312.712: [GC 15312.713: [ParNew: 1375791K->120941K(1415616K), 0.0808000 secs] 7295848K->6058119K(8231360K), 0.0811720 secs] [Times: user=0.81 sys=0.05, real=0.08 secs] 
15313.702: [GC 15313.702: [ParNew: 1379309K->100580K(1415616K), 0.0878840 secs] 7316487K->6057922K(8231360K), 0.0882650 secs] [Times: user=0.79 sys=0.05, real=0.09 secs] 
15314.709: [GC 15314.710: [ParNew: 1358948K->139501K(1415616K), 0.0406010 secs] 7316290K->6096843K(8231360K), 0.0409670 secs] [Times: user=0.62 sys=0.02, real=0.04 secs] 
15407.853: [GC 15407.854: [ParNew: 1397869K->96690K(1415616K), 0.0747990 secs] 7355211K->6069710K(8231360K), 0.0752030 secs] [Times: user=0.70 sys=0.05, real=0.08 secs] 
15408.903: [GC 15408.903: [ParNew: 1355058K->117767K(1415616K), 0.0347120 secs] 7328078K->6090787K(8231360K), 0.0350830 secs] [Times: user=0.53 sys=0.00, real=0.04 secs] 
15410.029: [GC 15410.029: [ParNew: 1376135K->139556K(1415616K), 0.0756550 secs] 7349155K->6126709K(8231360K), 0.0760420 secs] [Times: user=0.77 sys=0.06, real=0.07 secs] 
15411.106: [GC 15411.106: [ParNew: 1397924K->138853K(1415616K), 0.0841140 secs] 7385077K->6141186K(8231360K), 0.0845640 secs] [Times: user=0.86 sys=0.05, real=0.09 secs] 
15412.557: [GC 15412.557: [ParNew: 1397221K->157248K(1415616K), 0.0796450 secs] 7399554K->6171463K(8231360K), 0.0801450 secs] [Times: user=0.92 sys=0.05, real=0.08 secs] 
15415.417: [GC 15415.417: [ParNew: 1411186K->145022K(1415616K), 0.0917460 secs] 7425401K->6179090K(8231360K), 0.0921480 secs] [Times: user=0.85 sys=0.06, real=0.10 secs] 
15416.622: [GC 15416.623: [ParNew: 1403390K->144704K(1415616K), 0.0770650 secs] 7437458K->6196202K(8231360K), 0.0774780 secs] [Times: user=0.76 sys=0.05, real=0.08 secs] 
15417.851: [GC 15417.851: [ParNew: 1403072K->102318K(1415616K), 0.1483970 secs] 7454570K->6192342K(8231360K), 0.1488640 secs] [Times: user=0.86 sys=0.11, real=0.15 secs] 
15419.106: [GC 15419.106: [ParNew: 1360686K->157248K(1415616K), 0.0404300 secs] 7450710K->6247320K(8231360K), 0.0408270 secs] [Times: user=0.60 sys=0.03, real=0.04 secs] 
15421.303: [GC 15421.303: [ParNew: 1415616K->150391K(1415616K), 0.0761760 secs] 7505688K->6257153K(8231360K), 0.0765720 secs] [Times: user=0.78 sys=0.05, real=0.08 secs] 
15437.115: [GC 15437.115: [ParNew: 1408759K->96697K(1415616K), 0.1363190 secs] 7515521K->6235348K(8231360K), 0.1368260 secs] [Times: user=0.91 sys=0.13, real=0.14 secs] 
15437.953: [GC 15437.953: [ParNew: 1355065K->134916K(1415616K), 0.0353190 secs] 7493716K->6273568K(8231360K), 0.0356820 secs] [Times: user=0.53 sys=0.02, real=0.03 secs] 
15438.897: [GC 15438.897: [ParNew: 1393284K->101112K(1415616K), 0.0773730 secs] 7531936K->6254854K(8231360K), 0.0777610 secs] [Times: user=0.78 sys=0.06, real=0.08 secs] 
15440.060: [GC 15440.060: [ParNew: 1359480K->141867K(1415616K), 0.0687270 secs] 7513222K->6309670K(8231360K), 0.0691100 secs] [Times: user=0.76 sys=0.06, real=0.07 secs] 
15441.082: [GC 15441.082: [ParNew: 1400235K->106337K(1415616K), 0.0727540 secs] 7568038K->6289424K(8231360K), 0.0731180 secs] [Times: user=0.79 sys=0.03, real=0.08 secs] 
15442.375: [GC 15442.376: [ParNew: 1364705K->154916K(1415616K), 0.0737970 secs] 7547792K->6352889K(8231360K), 0.0741700 secs] [Times: user=0.77 sys=0.05, real=0.07 secs] 
15443.833: [GC 15443.834: [ParNew: 1413284K->147707K(1415616K), 0.0844870 secs] 7611257K->6364644K(8231360K), 0.0848620 secs] [Times: user=0.81 sys=0.06, real=0.08 secs] 
15445.086: [GC 15445.086: [ParNew: 1406075K->106770K(1415616K), 0.1437080 secs] 7623012K->6357559K(8231360K), 0.1440760 secs] [Times: user=0.94 sys=0.12, real=0.14 secs] 
15446.404: [GC 15446.404: [ParNew: 1365138K->103602K(1415616K), 0.0810820 secs] 7615927K->6372153K(8231360K), 0.0814460 secs] [Times: user=0.70 sys=0.06, real=0.08 secs] 
15456.304: [GC 15456.304: [ParNew: 1361970K->79816K(1415616K), 0.0848110 secs] 7630521K->6368627K(8231360K), 0.0852290 secs] [Times: user=0.64 sys=0.07, real=0.09 secs] 
15456.392: [GC [1 CMS-initial-mark: 6288811K(6815744K)] 6368635K(8231360K), 0.0842440 secs] [Times: user=0.09 sys=0.00, real=0.09 secs] 
15456.476: [CMS-concurrent-mark-start]
15462.851: [CMS-concurrent-mark: 6.374/6.374 secs] [Times: user=25.75 sys=0.21, real=6.37 secs] 
15462.851: [CMS-concurrent-preclean-start]
15462.877: [CMS-concurrent-preclean: 0.025/0.026 secs] [Times: user=0.03 sys=0.00, real=0.03 secs] 
15462.877: [CMS-concurrent-abortable-preclean-start]
 CMS: abort preclean due to time 15467.910: [CMS-concurrent-abortable-preclean: 3.814/5.033 secs] [Times: user=3.84 sys=0.10, real=5.03 secs] 
15467.915: [GC[YG occupancy: 246277 K (1415616 K)]15467.916: [Rescan (parallel) , 0.1376600 secs]15468.053: [weak refs processing, 0.0001050 secs] [1 CMS-remark: 6288811K(6815744K)] 6535088K(8231360K), 0.1379640 secs] [Times: user=0.35 sys=0.04, real=0.14 secs] 
15468.054: [CMS-concurrent-sweep-start]
15474.766: [CMS-concurrent-sweep: 6.712/6.712 secs] [Times: user=6.78 sys=0.03, real=6.71 secs] 
15474.766: [CMS-concurrent-reset-start]
15474.802: [CMS-concurrent-reset: 0.036/0.036 secs] [Times: user=0.04 sys=0.00, real=0.04 secs] 
15517.463: [GC 15517.463: [ParNew: 1338184K->78057K(1415616K), 0.0285680 secs] 6006135K->4746008K(8231360K), 0.0289810 secs] [Times: user=0.41 sys=0.03, real=0.03 secs] 
15526.664: [GC 15526.664: [ParNew: 1336425K->88639K(1415616K), 0.0299480 secs] 6004376K->4756590K(8231360K), 0.0303930 secs] [Times: user=0.43 sys=0.03, real=0.03 secs] 
15535.358: [GC 15535.358: [ParNew: 1347007K->105629K(1415616K), 0.0297170 secs] 6014958K->4773580K(8231360K), 0.0301100 secs] [Times: user=0.45 sys=0.00, real=0.03 secs] 
15537.069: [GC 15537.069: [ParNew: 1363997K->75275K(1415616K), 0.0290140 secs] 6031948K->4743226K(8231360K), 0.0294040 secs] [Times: user=0.42 sys=0.01, real=0.03 secs] 
15541.470: [GC 15541.470: [ParNew: 1333643K->105829K(1415616K), 0.0389620 secs] 6001594K->4773780K(8231360K), 0.0393360 secs] [Times: user=0.57 sys=0.02, real=0.04 secs] 
15543.130: [GC 15543.130: [ParNew: 1364197K->118021K(1415616K), 0.0321110 secs] 6032148K->4785972K(8231360K), 0.0324760 secs] [Times: user=0.47 sys=0.03, real=0.04 secs] 
15546.930: [GC 15546.930: [ParNew: 1376389K->81248K(1415616K), 0.0347190 secs] 6044340K->4749199K(8231360K), 0.0351330 secs] [Times: user=0.50 sys=0.03, real=0.04 secs] 
15557.571: [GC 15557.571: [ParNew: 1339616K->123692K(1415616K), 0.0341680 secs] 6007567K->4791643K(8231360K), 0.0345730 secs] [Times: user=0.50 sys=0.01, real=0.04 secs] 
15570.347: [GC 15570.347: [ParNew: 1382060K->99874K(1415616K), 0.0377200 secs] 6050011K->4767825K(8231360K), 0.0381220 secs] [Times: user=0.56 sys=0.02, real=0.03 secs] 
15581.718: [GC 15581.718: [ParNew: 1358242K->103746K(1415616K), 0.0802230 secs] 6026193K->4787538K(8231360K), 0.0806340 secs] [Times: user=0.73 sys=0.05, real=0.08 secs] 
15591.118: [GC 15591.118: [ParNew: 1362114K->128703K(1415616K), 0.0425510 secs] 6045906K->4812495K(8231360K), 0.0429830 secs] [Times: user=0.63 sys=0.03, real=0.05 secs] 
15600.336: [GC 15600.336: [ParNew: 1387071K->100442K(1415616K), 0.0677190 secs] 6070863K->4796659K(8231360K), 0.0681070 secs] [Times: user=0.70 sys=0.03, real=0.07 secs] 
15616.708: [GC 15616.709: [ParNew: 1358810K->117874K(1415616K), 0.0440950 secs] 6055027K->4814091K(8231360K), 0.0445000 secs] [Times: user=0.66 sys=0.03, real=0.04 secs] 
15718.697: [GC 15718.697: [ParNew: 1376242K->130987K(1415616K), 0.0344540 secs] 6072459K->4827205K(8231360K), 0.0348640 secs] [Times: user=0.53 sys=0.00, real=0.03 secs] 
15745.291: [GC 15745.291: [ParNew: 1389355K->91115K(1415616K), 0.0890160 secs] 6085573K->4807502K(8231360K), 0.0894680 secs] [Times: user=0.80 sys=0.05, real=0.09 secs] 
15750.894: [GC 15750.894: [ParNew: 1349483K->113636K(1415616K), 0.0332930 secs] 6065870K->4830023K(8231360K), 0.0336950 secs] [Times: user=0.52 sys=0.01, real=0.03 secs] 
15757.255: [GC 15757.255: [ParNew: 1372004K->114136K(1415616K), 0.0336000 secs] 6088391K->4830523K(8231360K), 0.0339890 secs] [Times: user=0.51 sys=0.00, real=0.03 secs] 
15758.731: [GC 15758.732: [ParNew: 1372504K->126860K(1415616K), 0.0355570 secs] 6088891K->4843247K(8231360K), 0.0359150 secs] [Times: user=0.53 sys=0.01, real=0.03 secs] 
15761.888: [GC 15761.889: [ParNew: 1385228K->125042K(1415616K), 0.0375470 secs] 6101615K->4841429K(8231360K), 0.0380930 secs] [Times: user=0.57 sys=0.02, real=0.04 secs] 
15764.268: [GC 15764.268: [ParNew: 1383410K->93521K(1415616K), 0.0698410 secs] 6099797K->4822823K(8231360K), 0.0702700 secs] [Times: user=0.71 sys=0.02, real=0.07 secs] 
15765.540: [GC 15765.541: [ParNew: 1351889K->97430K(1415616K), 0.0304400 secs] 6081191K->4826733K(8231360K), 0.0308070 secs] [Times: user=0.46 sys=0.00, real=0.03 secs] 
15771.317: [GC 15771.317: [ParNew: 1355798K->106145K(1415616K), 0.0340680 secs] 6085101K->4835448K(8231360K), 0.0344630 secs] [Times: user=0.51 sys=0.00, real=0.03 secs] 
15778.312: [GC 15778.312: [ParNew: 1364513K->144777K(1415616K), 0.0387200 secs] 6093816K->4874079K(8231360K), 0.0391160 secs] [Times: user=0.60 sys=0.00, real=0.04 secs] 
15785.180: [GC 15785.180: [ParNew: 1403145K->101017K(1415616K), 0.0798250 secs] 6132447K->4846142K(8231360K), 0.0802760 secs] [Times: user=0.81 sys=0.03, real=0.08 secs] 
15790.340: [GC 15790.341: [ParNew: 1359385K->141456K(1415616K), 0.0447700 secs] 6104510K->4886581K(8231360K), 0.0451670 secs] [Times: user=0.68 sys=0.03, real=0.04 secs] 
15793.641: [GC 15793.641: [ParNew: 1399824K->113295K(1415616K), 0.0770260 secs] 6144949K->4873662K(8231360K), 0.0773830 secs] [Times: user=0.79 sys=0.02, real=0.08 secs] 
15796.131: [GC 15796.131: [ParNew: 1371663K->127264K(1415616K), 0.0375460 secs] 6132030K->4887631K(8231360K), 0.0379330 secs] [Times: user=0.59 sys=0.00, real=0.04 secs] 
15799.623: [GC 15799.623: [ParNew: 1385632K->105783K(1415616K), 0.0694620 secs] 6145999K->4878291K(8231360K), 0.0698510 secs] [Times: user=0.72 sys=0.03, real=0.07 secs] 
15802.917: [GC 15802.917: [ParNew: 1364151K->105019K(1415616K), 0.0376420 secs] 6136659K->4877527K(8231360K), 0.0380460 secs] [Times: user=0.57 sys=0.02, real=0.04 secs] 
15804.114: [GC 15804.114: [ParNew: 1363387K->115922K(1415616K), 0.0370630 secs] 6135895K->4888429K(8231360K), 0.0374220 secs] [Times: user=0.56 sys=0.01, real=0.04 secs] 
15805.618: [GC 15805.618: [ParNew: 1374290K->88778K(1415616K), 0.0644050 secs] 6146797K->4874587K(8231360K), 0.0647620 secs] [Times: user=0.68 sys=0.00, real=0.07 secs] 
15807.819: [GC 15807.820: [ParNew: 1347146K->106791K(1415616K), 0.0362920 secs] 6132955K->4892600K(8231360K), 0.0366440 secs] [Times: user=0.55 sys=0.01, real=0.03 secs] 
15809.130: [GC 15809.130: [ParNew: 1365159K->110639K(1415616K), 0.0341730 secs] 6150968K->4896448K(8231360K), 0.0345690 secs] [Times: user=0.50 sys=0.02, real=0.03 secs] 
15814.302: [GC 15814.302: [ParNew: 1369007K->106975K(1415616K), 0.0384340 secs] 6154816K->4892784K(8231360K), 0.0387960 secs] [Times: user=0.54 sys=0.02, real=0.04 secs] 
15822.705: [GC 15822.705: [ParNew: 1365343K->112367K(1415616K), 0.0391480 secs] 6151152K->4898176K(8231360K), 0.0395540 secs] [Times: user=0.58 sys=0.02, real=0.04 secs] 
15830.705: [GC 15830.705: [ParNew: 1370735K->137926K(1415616K), 0.0438160 secs] 6156544K->4923735K(8231360K), 0.0442200 secs] [Times: user=0.66 sys=0.02, real=0.04 secs] 
15839.706: [GC 15839.707: [ParNew: 1396294K->106501K(1415616K), 0.0720320 secs] 6182103K->4905786K(8231360K), 0.0724320 secs] [Times: user=0.78 sys=0.03, real=0.07 secs] 
15847.730: [GC 15847.731: [ParNew: 1364869K->152546K(1415616K), 0.0419550 secs] 6164154K->4951830K(8231360K), 0.0423890 secs] [Times: user=0.62 sys=0.03, real=0.04 secs] 
15856.121: [GC 15856.121: [ParNew: 1410914K->104484K(1415616K), 0.0727790 secs] 6210198K->4918404K(8231360K), 0.0731850 secs] [Times: user=0.76 sys=0.03, real=0.07 secs] 
15864.329: [GC 15864.330: [ParNew: 1362852K->112909K(1415616K), 0.0548060 secs] 6176772K->4934368K(8231360K), 0.0551870 secs] [Times: user=0.68 sys=0.02, real=0.06 secs] 
16002.317: [GC 16002.317: [ParNew: 1371277K->117586K(1415616K), 0.0423720 secs] 6192736K->4939045K(8231360K), 0.0427940 secs] [Times: user=0.63 sys=0.01, real=0.04 secs] 
16018.306: [GC 16018.307: [ParNew: 1375954K->143852K(1415616K), 0.0409550 secs] 6197413K->4965311K(8231360K), 0.0413840 secs] [Times: user=0.62 sys=0.02, real=0.04 secs] 
16023.817: [GC 16023.818: [ParNew: 1402220K->98814K(1415616K), 0.0758280 secs] 6223679K->4934840K(8231360K), 0.0762350 secs] [Times: user=0.77 sys=0.01, real=0.08 secs] 
16025.534: [GC 16025.534: [ParNew: 1357182K->120007K(1415616K), 0.0392140 secs] 6193208K->4956033K(8231360K), 0.0396130 secs] [Times: user=0.59 sys=0.02, real=0.04 secs] 
16027.561: [GC 16027.562: [ParNew: 1378375K->125120K(1415616K), 0.0434370 secs] 6214401K->4961146K(8231360K), 0.0438760 secs] [Times: user=0.65 sys=0.03, real=0.04 secs] 
16029.755: [GC 16029.755: [ParNew: 1383488K->125144K(1415616K), 0.0366630 secs] 6219514K->4961169K(8231360K), 0.0370760 secs] [Times: user=0.56 sys=0.01, real=0.04 secs] 
16031.516: [GC 16031.517: [ParNew: 1383512K->128492K(1415616K), 0.0392710 secs] 6219537K->4964518K(8231360K), 0.0396860 secs] [Times: user=0.58 sys=0.02, real=0.04 secs] 
16035.740: [GC 16035.741: [ParNew: 1386860K->87990K(1415616K), 0.0629140 secs] 6222886K->4935176K(8231360K), 0.0633330 secs] [Times: user=0.68 sys=0.02, real=0.07 secs] 
16040.969: [GC 16040.969: [ParNew: 1346358K->130920K(1415616K), 0.0382480 secs] 6193544K->4978105K(8231360K), 0.0386860 secs] [Times: user=0.58 sys=0.01, real=0.04 secs] 
16046.487: [GC 16046.488: [ParNew: 1389288K->100263K(1415616K), 0.0400650 secs] 6236473K->4947449K(8231360K), 0.0405250 secs] [Times: user=0.61 sys=0.02, real=0.04 secs] 
16052.395: [GC 16052.396: [ParNew: 1358631K->120152K(1415616K), 0.0731170 secs] 6205817K->4983207K(8231360K), 0.0735590 secs] [Times: user=0.69 sys=0.04, real=0.07 secs] 
16057.939: [GC 16057.939: [ParNew: 1378520K->141366K(1415616K), 0.0401960 secs] 6241575K->5004422K(8231360K), 0.0405970 secs] [Times: user=0.61 sys=0.00, real=0.04 secs] 
16062.169: [GC 16062.169: [ParNew: 1399734K->116126K(1415616K), 0.0758210 secs] 6262790K->4994716K(8231360K), 0.0762560 secs] [Times: user=0.74 sys=0.03, real=0.07 secs] 
16070.378: [GC 16070.378: [ParNew: 1374494K->96959K(1415616K), 0.0517410 secs] 6253084K->4982833K(8231360K), 0.0521840 secs] [Times: user=0.61 sys=0.04, real=0.06 secs] 
16080.364: [GC 16080.365: [ParNew: 1355327K->117866K(1415616K), 0.0359000 secs] 6241201K->5003740K(8231360K), 0.0363980 secs] [Times: user=0.54 sys=0.01, real=0.04 secs] 
16083.272: [GC 16083.272: [ParNew: 1376234K->119020K(1415616K), 0.0351870 secs] 6262108K->5004894K(8231360K), 0.0356110 secs] [Times: user=0.51 sys=0.03, real=0.03 secs] 
16086.360: [GC 16086.360: [ParNew: 1377388K->125348K(1415616K), 0.0368940 secs] 6263262K->5011222K(8231360K), 0.0374570 secs] [Times: user=0.56 sys=0.02, real=0.04 secs] 
16087.495: [GC 16087.495: [ParNew: 1383716K->80602K(1415616K), 0.0720120 secs] 6269590K->4983583K(8231360K), 0.0723930 secs] [Times: user=0.67 sys=0.03, real=0.07 secs] 
16088.354: [GC 16088.354: [ParNew: 1338970K->109880K(1415616K), 0.0340280 secs] 6241951K->5012860K(8231360K), 0.0344170 secs] [Times: user=0.51 sys=0.02, real=0.03 secs] 
16089.370: [GC 16089.370: [ParNew: 1368248K->112958K(1415616K), 0.0321210 secs] 6271228K->5015938K(8231360K), 0.0325480 secs] [Times: user=0.48 sys=0.01, real=0.04 secs] 
16090.151: [GC 16090.151: [ParNew: 1371326K->125076K(1415616K), 0.0348960 secs] 6274306K->5028056K(8231360K), 0.0352880 secs] [Times: user=0.52 sys=0.03, real=0.04 secs] 
16092.229: [GC 16092.229: [ParNew: 1383444K->100281K(1415616K), 0.0398010 secs] 6286424K->5003261K(8231360K), 0.0402030 secs] [Times: user=0.59 sys=0.02, real=0.04 secs] 
16094.158: [GC 16094.158: [ParNew: 1358649K->137408K(1415616K), 0.0601230 secs] 6261629K->5048945K(8231360K), 0.0605280 secs] [Times: user=0.70 sys=0.02, real=0.06 secs] 
16095.444: [GC 16095.444: [ParNew: 1395776K->123850K(1415616K), 0.0762780 secs] 6307313K->5048634K(8231360K), 0.0767140 secs] [Times: user=0.81 sys=0.03, real=0.07 secs] 
16097.145: [GC 16097.145: [ParNew: 1382218K->118683K(1415616K), 0.0643010 secs] 6307002K->5050820K(8231360K), 0.0646930 secs] [Times: user=0.80 sys=0.00, real=0.06 secs] 
16099.536: [GC 16099.537: [ParNew: 1377051K->112230K(1415616K), 0.0828090 secs] 6309188K->5060149K(8231360K), 0.0832110 secs] [Times: user=0.84 sys=0.03, real=0.08 secs] 
16172.445: [GC 16172.446: [ParNew: 1370598K->80845K(1415616K), 0.0432830 secs] 6318517K->5033839K(8231360K), 0.0437190 secs] [Times: user=0.53 sys=0.02, real=0.05 secs] 
16513.309: [GC 16513.309: [ParNew: 1339213K->95553K(1415616K), 0.0325280 secs] 6292207K->5048547K(8231360K), 0.0330120 secs] [Times: user=0.47 sys=0.01, real=0.04 secs] 
16548.101: [GC 16548.101: [ParNew: 1353921K->109877K(1415616K), 0.0352900 secs] 6306915K->5062871K(8231360K), 0.0358330 secs] [Times: user=0.53 sys=0.00, real=0.04 secs] 
16577.520: [GC 16577.521: [ParNew: 1368245K->133043K(1415616K), 0.0385090 secs] 6321239K->5086037K(8231360K), 0.0390330 secs] [Times: user=0.58 sys=0.02, real=0.04 secs] 
16599.103: [GC 16599.103: [ParNew: 1391411K->107597K(1415616K), 0.0410170 secs] 6344405K->5060591K(8231360K), 0.0414670 secs] [Times: user=0.61 sys=0.03, real=0.04 secs] 
16626.690: [GC 16626.690: [ParNew: 1365965K->132329K(1415616K), 0.0669670 secs] 6318959K->5094405K(8231360K), 0.0674110 secs] [Times: user=0.79 sys=0.04, real=0.07 secs] 
16652.708: [GC 16652.708: [ParNew: 1390697K->136853K(1415616K), 0.0515300 secs] 6352773K->5103260K(8231360K), 0.0519980 secs] [Times: user=0.67 sys=0.03, real=0.05 secs] 
16676.889: [GC 16676.890: [ParNew: 1395221K->126851K(1415616K), 0.0541250 secs] 6361628K->5101062K(8231360K), 0.0546540 secs] [Times: user=0.62 sys=0.02, real=0.06 secs] 
16704.309: [GC 16704.309: [ParNew: 1385219K->127431K(1415616K), 0.0577920 secs] 6359430K->5109085K(8231360K), 0.0582800 secs] [Times: user=0.68 sys=0.03, real=0.06 secs] 
16730.782: [GC 16730.782: [ParNew: 1385799K->121746K(1415616K), 0.0561850 secs] 6367453K->5110558K(8231360K), 0.0566450 secs] [Times: user=0.66 sys=0.03, real=0.05 secs] 
16757.894: [GC 16757.894: [ParNew: 1380114K->131742K(1415616K), 0.0555890 secs] 6368926K->5128172K(8231360K), 0.0560310 secs] [Times: user=0.65 sys=0.02, real=0.06 secs] 
16784.110: [GC 16784.111: [ParNew: 1390110K->125773K(1415616K), 0.0583490 secs] 6386540K->5129241K(8231360K), 0.0588150 secs] [Times: user=0.68 sys=0.03, real=0.05 secs] 
16808.897: [GC 16808.898: [ParNew: 1384141K->109993K(1415616K), 0.0613630 secs] 6387609K->5124884K(8231360K), 0.0618120 secs] [Times: user=0.64 sys=0.05, real=0.06 secs] 
16842.922: [GC 16842.922: [ParNew: 1368361K->120669K(1415616K), 0.0526200 secs] 6383252K->5142352K(8231360K), 0.0530720 secs] [Times: user=0.62 sys=0.01, real=0.05 secs] 
16848.513: [GC 16848.513: [ParNew: 1379037K->135648K(1415616K), 0.0533440 secs] 6400720K->5164372K(8231360K), 0.0537930 secs] [Times: user=0.62 sys=0.01, real=0.05 secs] 
16854.725: [GC 16854.726: [ParNew: 1394016K->116105K(1415616K), 0.0734000 secs] 6422740K->5158698K(8231360K), 0.0738410 secs] [Times: user=0.69 sys=0.05, real=0.07 secs] 
16859.364: [GC 16859.364: [ParNew: 1374473K->118302K(1415616K), 0.0517440 secs] 6417066K->5168033K(8231360K), 0.0521980 secs] [Times: user=0.61 sys=0.00, real=0.05 secs] 
16863.100: [GC 16863.100: [ParNew: 1376670K->129544K(1415616K), 0.0524750 secs] 6426401K->5186326K(8231360K), 0.0529050 secs] [Times: user=0.62 sys=0.02, real=0.05 secs] 
16866.353: [GC 16866.353: [ParNew: 1387912K->117823K(1415616K), 0.0693550 secs] 6444694K->5188512K(8231360K), 0.0697600 secs] [Times: user=0.69 sys=0.01, real=0.07 secs] 
16869.559: [GC 16869.559: [ParNew: 1376191K->119773K(1415616K), 0.0525590 secs] 6446880K->5197546K(8231360K), 0.0529700 secs] [Times: user=0.61 sys=0.03, real=0.05 secs] 
16872.897: [GC 16872.897: [ParNew: 1378141K->126755K(1415616K), 0.0547920 secs] 6455914K->5211582K(8231360K), 0.0552060 secs] [Times: user=0.64 sys=0.02, real=0.05 secs] 
16875.913: [GC 16875.913: [ParNew: 1385123K->117666K(1415616K), 0.0653430 secs] 6469950K->5216477K(8231360K), 0.0657570 secs] [Times: user=0.64 sys=0.01, real=0.07 secs] 
16878.909: [GC 16878.910: [ParNew: 1376034K->123976K(1415616K), 0.0486460 secs] 6474845K->5230510K(8231360K), 0.0490500 secs] [Times: user=0.57 sys=0.00, real=0.05 secs] 
16880.707: [GC 16880.707: [ParNew: 1382344K->117990K(1415616K), 0.0523520 secs] 6488878K->5232585K(8231360K), 0.0527750 secs] [Times: user=0.61 sys=0.00, real=0.06 secs] 
16881.638: [GC 16881.638: [ParNew: 1376358K->141332K(1415616K), 0.0547020 secs] 6490953K->5263844K(8231360K), 0.0551120 secs] [Times: user=0.60 sys=0.03, real=0.06 secs] 
16884.501: [GC 16884.501: [ParNew: 1399700K->103664K(1415616K), 0.0690000 secs] 6522212K->5242208K(8231360K), 0.0694240 secs] [Times: user=0.64 sys=0.03, real=0.07 secs] 
16886.939: [GC 16886.939: [ParNew: 1362032K->113789K(1415616K), 0.0537090 secs] 6500576K->5260194K(8231360K), 0.0541400 secs] [Times: user=0.61 sys=0.02, real=0.05 secs] 
16889.497: [GC 16889.498: [ParNew: 1372157K->117610K(1415616K), 0.0593960 secs] 6518562K->5271898K(8231360K), 0.0598280 secs] [Times: user=0.68 sys=0.03, real=0.06 secs] 
16891.890: [GC 16891.891: [ParNew: 1375978K->101813K(1415616K), 0.0570150 secs] 6530266K->5264846K(8231360K), 0.0574790 secs] [Times: user=0.63 sys=0.03, real=0.05 secs] 
16893.946: [GC 16893.947: [ParNew: 1360181K->139742K(1415616K), 0.0366670 secs] 6523214K->5302775K(8231360K), 0.0370750 secs] [Times: user=0.56 sys=0.01, real=0.04 secs] 
16897.325: [GC 16897.326: [ParNew: 1398110K->119845K(1415616K), 0.0583110 secs] 6561143K->5290658K(8231360K), 0.0587150 secs] [Times: user=0.68 sys=0.02, real=0.06 secs] 
16899.562: [GC 16899.562: [ParNew: 1378213K->109191K(1415616K), 0.0584090 secs] 6549026K->5288642K(8231360K), 0.0588260 secs] [Times: user=0.66 sys=0.02, real=0.06 secs] 
16902.502: [GC 16902.503: [ParNew: 1367559K->125431K(1415616K), 0.0596160 secs] 6547010K->5313321K(8231360K), 0.0600450 secs] [Times: user=0.69 sys=0.02, real=0.06 secs] 
16905.235: [GC 16905.235: [ParNew: 1383799K->113073K(1415616K), 0.0625030 secs] 6571689K->5308774K(8231360K), 0.0629540 secs] [Times: user=0.73 sys=0.03, real=0.06 secs] 
16907.100: [GC 16907.100: [ParNew: 1371441K->117102K(1415616K), 0.0600130 secs] 6567142K->5320585K(8231360K), 0.0604270 secs] [Times: user=0.75 sys=0.00, real=0.06 secs] 
16909.701: [GC 16909.701: [ParNew: 1375470K->119981K(1415616K), 0.0584430 secs] 6578953K->5330722K(8231360K), 0.0588530 secs] [Times: user=0.73 sys=0.00, real=0.06 secs] 
16911.352: [GC 16911.352: [ParNew: 1378349K->137395K(1415616K), 0.0583830 secs] 6589090K->5355422K(8231360K), 0.0588130 secs] [Times: user=0.73 sys=0.02, real=0.06 secs] 
16913.375: [GC 16913.375: [ParNew: 1395763K->113567K(1415616K), 0.0762080 secs] 6613790K->5346907K(8231360K), 0.0766300 secs] [Times: user=0.81 sys=0.03, real=0.07 secs] 
16915.781: [GC 16915.781: [ParNew: 1371935K->118763K(1415616K), 0.0589860 secs] 6605275K->5360351K(8231360K), 0.0594270 secs] [Times: user=0.73 sys=0.00, real=0.06 secs] 
16918.526: [GC 16918.526: [ParNew: 1377131K->111754K(1415616K), 0.0611970 secs] 6618719K->5361562K(8231360K), 0.0616190 secs] [Times: user=0.74 sys=0.02, real=0.06 secs] 
16921.694: [GC 16921.694: [ParNew: 1370122K->106408K(1415616K), 0.0604030 secs] 6619930K->5364474K(8231360K), 0.0608710 secs] [Times: user=0.72 sys=0.02, real=0.06 secs] 
16923.899: [GC 16923.899: [ParNew: 1364776K->134481K(1415616K), 0.0425750 secs] 6622842K->5392547K(8231360K), 0.0429920 secs] [Times: user=0.65 sys=0.02, real=0.04 secs] 
16927.313: [GC 16927.313: [ParNew: 1392849K->108370K(1415616K), 0.0634900 secs] 6650915K->5374785K(8231360K), 0.0638940 secs] [Times: user=0.75 sys=0.02, real=0.07 secs] 
16929.342: [GC 16929.342: [ParNew: 1366738K->127569K(1415616K), 0.0635810 secs] 6633153K->5401945K(8231360K), 0.0640220 secs] [Times: user=0.79 sys=0.02, real=0.06 secs] 
16931.051: [GC 16931.051: [ParNew: 1385937K->135167K(1415616K), 0.0602370 secs] 6660313K->5417613K(8231360K), 0.0606730 secs] [Times: user=0.71 sys=0.01, real=0.06 secs] 
16933.766: [GC 16933.766: [ParNew: 1393535K->116702K(1415616K), 0.0560440 secs] 6675981K->5407122K(8231360K), 0.0564640 secs] [Times: user=0.67 sys=0.00, real=0.06 secs] 
16936.707: [GC 16936.707: [ParNew: 1375070K->124867K(1415616K), 0.0633440 secs] 6665490K->5423198K(8231360K), 0.0637440 secs] [Times: user=0.77 sys=0.03, real=0.07 secs] 
16939.708: [GC 16939.708: [ParNew: 1383235K->129911K(1415616K), 0.0587910 secs] 6681566K->5436220K(8231360K), 0.0591790 secs] [Times: user=0.73 sys=0.01, real=0.06 secs] 
16942.096: [GC 16942.097: [ParNew: 1388279K->122579K(1415616K), 0.0565050 secs] 6694588K->5436258K(8231360K), 0.0568970 secs] [Times: user=0.71 sys=0.01, real=0.06 secs] 
16943.632: [GC 16943.633: [ParNew: 1380947K->117451K(1415616K), 0.0616710 secs] 6694626K->5438625K(8231360K), 0.0620700 secs] [Times: user=0.76 sys=0.02, real=0.06 secs] 
16945.308: [GC 16945.308: [ParNew: 1375819K->136386K(1415616K), 0.0602510 secs] 6696993K->5465146K(8231360K), 0.0606370 secs] [Times: user=0.73 sys=0.01, real=0.06 secs] 
16972.932: [GC 16972.932: [ParNew: 1394754K->86148K(1415616K), 0.0513670 secs] 6723514K->5423383K(8231360K), 0.0518150 secs] [Times: user=0.59 sys=0.01, real=0.06 secs] 
17008.910: [GC 17008.911: [ParNew: 1344516K->112849K(1415616K), 0.0521090 secs] 6681751K->5450084K(8231360K), 0.0528330 secs] [Times: user=0.78 sys=0.02, real=0.06 secs] 
17030.711: [GC 17030.711: [ParNew: 1371217K->128051K(1415616K), 0.0364900 secs] 6708452K->5465286K(8231360K), 0.0370190 secs] [Times: user=0.56 sys=0.01, real=0.04 secs] 
17037.339: [GC 17037.339: [ParNew: 1386419K->133039K(1415616K), 0.0528000 secs] 6723654K->5477486K(8231360K), 0.0532220 secs] [Times: user=0.63 sys=0.02, real=0.05 secs] 
17042.938: [GC 17042.938: [ParNew: 1391407K->145307K(1415616K), 0.0516020 secs] 6735854K->5497368K(8231360K), 0.0520130 secs] [Times: user=0.60 sys=0.02, real=0.05 secs] 
17047.874: [GC 17047.874: [ParNew: 1403675K->106427K(1415616K), 0.0699760 secs] 6755736K->5474716K(8231360K), 0.0703860 secs] [Times: user=0.66 sys=0.01, real=0.07 secs] 
17050.716: [GC 17050.716: [ParNew: 1364795K->127731K(1415616K), 0.0520660 secs] 6733084K->5504100K(8231360K), 0.0524960 secs] [Times: user=0.61 sys=0.01, real=0.06 secs] 
17055.746: [GC 17055.746: [ParNew: 1386099K->129832K(1415616K), 0.0506000 secs] 6762468K->5514126K(8231360K), 0.0510530 secs] [Times: user=0.58 sys=0.01, real=0.05 secs] 
17060.210: [GC 17060.210: [ParNew: 1388200K->117123K(1415616K), 0.0504850 secs] 6772494K->5509283K(8231360K), 0.0508880 secs] [Times: user=0.58 sys=0.03, real=0.06 secs] 
17065.512: [GC 17065.512: [ParNew: 1375491K->115721K(1415616K), 0.0528590 secs] 6767651K->5515129K(8231360K), 0.0532840 secs] [Times: user=0.63 sys=0.03, real=0.06 secs] 
17070.380: [GC 17070.380: [ParNew: 1374089K->120378K(1415616K), 0.0493120 secs] 6773497K->5526579K(8231360K), 0.0497290 secs] [Times: user=0.57 sys=0.03, real=0.05 secs] 
17074.742: [GC 17074.742: [ParNew: 1378746K->131295K(1415616K), 0.0514260 secs] 6784947K->5544573K(8231360K), 0.0518850 secs] [Times: user=0.59 sys=0.03, real=0.06 secs] 
17078.747: [GC 17078.747: [ParNew: 1389663K->128295K(1415616K), 0.0548950 secs] 6802941K->5549552K(8231360K), 0.0553070 secs] [Times: user=0.62 sys=0.02, real=0.05 secs] 
17082.945: [GC 17082.945: [ParNew: 1386663K->130414K(1415616K), 0.0561140 secs] 6807920K->5559570K(8231360K), 0.0565910 secs] [Times: user=0.68 sys=0.01, real=0.05 secs] 
17086.748: [GC 17086.748: [ParNew: 1388782K->127712K(1415616K), 0.0590520 secs] 6817938K->5564998K(8231360K), 0.0594670 secs] [Times: user=0.71 sys=0.02, real=0.06 secs] 
17091.743: [GC 17091.744: [ParNew: 1386080K->127371K(1415616K), 0.0560820 secs] 6823366K->5572978K(8231360K), 0.0565960 secs] [Times: user=0.67 sys=0.02, real=0.06 secs] 
17095.811: [GC 17095.812: [ParNew: 1385739K->116820K(1415616K), 0.0607060 secs] 6831346K->5570241K(8231360K), 0.0611600 secs] [Times: user=0.74 sys=0.01, real=0.06 secs] 
17099.726: [GC 17099.726: [ParNew: 1375188K->120371K(1415616K), 0.0677290 secs] 6828609K->5581443K(8231360K), 0.0681750 secs] [Times: user=0.85 sys=0.03, real=0.07 secs] 
17103.454: [GC 17103.454: [ParNew: 1378739K->131279K(1415616K), 0.0598960 secs] 6839811K->5599642K(8231360K), 0.0603230 secs] [Times: user=0.76 sys=0.02, real=0.06 secs] 
17105.952: [GC 17105.952: [ParNew: 1389647K->112901K(1415616K), 0.0791460 secs] 6858010K->5597561K(8231360K), 0.0795750 secs] [Times: user=0.80 sys=0.03, real=0.08 secs] 
17109.764: [GC 17109.764: [ParNew: 1371269K->117462K(1415616K), 0.0572630 secs] 6855929K->5610069K(8231360K), 0.0576420 secs] [Times: user=0.70 sys=0.02, real=0.06 secs] 
17112.582: [GC 17112.582: [ParNew: 1375830K->120811K(1415616K), 0.0660680 secs] 6868437K->5622257K(8231360K), 0.0664720 secs] [Times: user=0.77 sys=0.03, real=0.06 secs] 
17115.918: [GC 17115.918: [ParNew: 1379179K->115620K(1415616K), 0.0581350 secs] 6880625K->5624844K(8231360K), 0.0585220 secs] [Times: user=0.72 sys=0.02, real=0.06 secs] 
17119.497: [GC 17119.497: [ParNew: 1373988K->128888K(1415616K), 0.0611930 secs] 6883212K->5646029K(8231360K), 0.0615720 secs] [Times: user=0.72 sys=0.02, real=0.06 secs] 
17123.000: [GC 17123.000: [ParNew: 1387256K->114357K(1415616K), 0.0588270 secs] 6904397K->5639362K(8231360K), 0.0592210 secs] [Times: user=0.73 sys=0.02, real=0.06 secs] 
17128.261: [GC 17128.261: [ParNew: 1372725K->104033K(1415616K), 0.0580510 secs] 6897730K->5637061K(8231360K), 0.0584490 secs] [Times: user=0.70 sys=0.02, real=0.06 secs] 
17130.958: [GC 17130.958: [ParNew: 1362401K->134988K(1415616K), 0.0438690 secs] 6895429K->5668016K(8231360K), 0.0442880 secs] [Times: user=0.67 sys=0.02, real=0.04 secs] 
17386.298: [GC 17386.298: [ParNew: 1393356K->82385K(1415616K), 0.0484870 secs] 6926384K->5623587K(8231360K), 0.0489130 secs] [Times: user=0.55 sys=0.02, real=0.05 secs] 
17654.756: [GC 17654.756: [ParNew: 1340753K->119792K(1415616K), 0.0383910 secs] 6881955K->5660993K(8231360K), 0.0388510 secs] [Times: user=0.57 sys=0.00, real=0.04 secs] 
17779.704: [GC 17779.704: [ParNew: 1378160K->137789K(1415616K), 0.0373850 secs] 6919361K->5678990K(8231360K), 0.0378180 secs] [Times: user=0.54 sys=0.01, real=0.03 secs] 
17834.492: [GC 17834.492: [ParNew: 1396157K->101671K(1415616K), 0.0554140 secs] 6937358K->5651179K(8231360K), 0.0558560 secs] [Times: user=0.67 sys=0.02, real=0.06 secs] 
17873.494: [GC 17873.495: [ParNew: 1360039K->116598K(1415616K), 0.0566130 secs] 6909547K->5673790K(8231360K), 0.0570570 secs] [Times: user=0.68 sys=0.02, real=0.06 secs] 
17895.491: [GC 17895.491: [ParNew: 1374966K->138618K(1415616K), 0.0466640 secs] 6932158K->5695810K(8231360K), 0.0470900 secs] [Times: user=0.69 sys=0.01, real=0.05 secs] 
17906.511: [GC 17906.511: [ParNew: 1396986K->117395K(1415616K), 0.0762580 secs] 6954178K->5689477K(8231360K), 0.0766890 secs] [Times: user=0.81 sys=0.02, real=0.08 secs] 
17921.694: [GC 17921.694: [ParNew: 1375763K->91813K(1415616K), 0.0533640 secs] 6947845K->5672253K(8231360K), 0.0537760 secs] [Times: user=0.62 sys=0.02, real=0.05 secs] 
17925.671: [GC 17925.671: [ParNew: 1350181K->95031K(1415616K), 0.0379300 secs] 6930621K->5675471K(8231360K), 0.0383390 secs] [Times: user=0.58 sys=0.02, real=0.03 secs] 
17927.753: [GC 17927.753: [ParNew: 1353399K->105714K(1415616K), 0.0352880 secs] 6933839K->5686154K(8231360K), 0.0356890 secs] [Times: user=0.53 sys=0.02, real=0.03 secs] 
18097.505: [GC 18097.505: [ParNew: 1364082K->105543K(1415616K), 0.0372700 secs] 6944522K->5685983K(8231360K), 0.0377110 secs] [Times: user=0.55 sys=0.01, real=0.04 secs] 
18108.725: [GC 18108.726: [ParNew: 1363911K->141967K(1415616K), 0.0424150 secs] 6944351K->5722407K(8231360K), 0.0428520 secs] [Times: user=0.64 sys=0.01, real=0.04 secs] 
18118.761: [GC 18118.761: [ParNew: 1400335K->102197K(1415616K), 0.0585370 secs] 6980775K->5690931K(8231360K), 0.0589500 secs] [Times: user=0.71 sys=0.02, real=0.06 secs] 
18125.699: [GC 18125.699: [ParNew: 1360565K->125752K(1415616K), 0.0542740 secs] 6949299K->5721964K(8231360K), 0.0546810 secs] [Times: user=0.64 sys=0.02, real=0.05 secs] 
18132.337: [GC 18132.337: [ParNew: 1384120K->114399K(1415616K), 0.0548900 secs] 6980332K->5718163K(8231360K), 0.0553070 secs] [Times: user=0.66 sys=0.01, real=0.06 secs] 
18139.381: [GC 18139.381: [ParNew: 1372767K->108347K(1415616K), 0.0422050 secs] 6976531K->5712111K(8231360K), 0.0426060 secs] [Times: user=0.64 sys=0.03, real=0.04 secs] 
18143.558: [GC 18143.559: [ParNew: 1366715K->117913K(1415616K), 0.0366900 secs] 6970479K->5721677K(8231360K), 0.0371050 secs] [Times: user=0.56 sys=0.02, real=0.04 secs] 
18145.782: [GC 18145.782: [ParNew: 1376281K->121689K(1415616K), 0.0352280 secs] 6980045K->5725452K(8231360K), 0.0356220 secs] [Times: user=0.53 sys=0.01, real=0.03 secs] 
18158.327: [GC 18158.327: [ParNew: 1380057K->130695K(1415616K), 0.0419770 secs] 6983820K->5734459K(8231360K), 0.0424010 secs] [Times: user=0.64 sys=0.02, real=0.04 secs] 
18162.720: [GC 18162.720: [ParNew: 1389063K->88391K(1415616K), 0.1096710 secs] 6992827K->5722205K(8231360K), 0.1101290 secs] [Times: user=0.95 sys=0.06, real=0.11 secs] 
18166.957: [GC 18166.957: [ParNew: 1346759K->114355K(1415616K), 0.0413430 secs] 6980573K->5748169K(8231360K), 0.0418010 secs] [Times: user=0.61 sys=0.01, real=0.04 secs] 
18170.919: [GC 18170.919: [ParNew: 1372723K->134910K(1415616K), 0.0496870 secs] 7006537K->5768723K(8231360K), 0.0502500 secs] [Times: user=0.73 sys=0.02, real=0.05 secs] 
18174.589: [GC 18174.589: [ParNew: 1393278K->105413K(1415616K), 0.0784860 secs] 7027091K->5754363K(8231360K), 0.0788990 secs] [Times: user=0.85 sys=0.01, real=0.08 secs] 
18178.299: [GC 18178.300: [ParNew: 1363781K->140857K(1415616K), 0.0444660 secs] 7012731K->5789806K(8231360K), 0.0448710 secs] [Times: user=0.66 sys=0.00, real=0.04 secs] 
18181.923: [GC 18181.924: [ParNew: 1399225K->104852K(1415616K), 0.0692120 secs] 7048174K->5763690K(8231360K), 0.0696100 secs] [Times: user=0.79 sys=0.02, real=0.07 secs] 
18187.271: [GC 18187.271: [ParNew: 1363220K->128998K(1415616K), 0.0572490 secs] 7022058K->5794861K(8231360K), 0.0576440 secs] [Times: user=0.69 sys=0.02, real=0.06 secs] 
18191.027: [GC 18191.027: [ParNew: 1387366K->94776K(1415616K), 0.0441880 secs] 7053229K->5760639K(8231360K), 0.0446000 secs] [Times: user=0.65 sys=0.01, real=0.05 secs] 
18193.738: [GC 18193.738: [ParNew: 1353144K->127953K(1415616K), 0.0344760 secs] 7019007K->5793816K(8231360K), 0.0348700 secs] [Times: user=0.53 sys=0.00, real=0.04 secs] 
18195.969: [GC 18195.969: [ParNew: 1386321K->92168K(1415616K), 0.0392030 secs] 7052184K->5758031K(8231360K), 0.0395980 secs] [Times: user=0.56 sys=0.02, real=0.04 secs] 
18200.593: [GC 18200.593: [ParNew: 1350536K->122167K(1415616K), 0.0334010 secs] 7016399K->5788030K(8231360K), 0.0337950 secs] [Times: user=0.52 sys=0.01, real=0.03 secs] 
18204.008: [GC 18204.009: [ParNew: 1380535K->87448K(1415616K), 0.0392710 secs] 7046398K->5753311K(8231360K), 0.0396650 secs] [Times: user=0.58 sys=0.01, real=0.04 secs] 
18205.728: [GC 18205.728: [ParNew: 1345816K->130222K(1415616K), 0.0397910 secs] 7011679K->5796085K(8231360K), 0.0401590 secs] [Times: user=0.58 sys=0.02, real=0.04 secs] 
18207.801: [GC 18207.802: [ParNew: 1388590K->91153K(1415616K), 0.0382080 secs] 7054453K->5757015K(8231360K), 0.0386020 secs] [Times: user=0.56 sys=0.01, real=0.04 secs] 
18211.363: [GC 18211.363: [ParNew: 1349521K->139588K(1415616K), 0.0383520 secs] 7015383K->5805450K(8231360K), 0.0388410 secs] [Times: user=0.59 sys=0.02, real=0.04 secs] 
18215.388: [GC 18215.389: [ParNew: 1397956K->110050K(1415616K), 0.0853200 secs] 7063818K->5799100K(8231360K), 0.0857260 secs] [Times: user=0.79 sys=0.01, real=0.09 secs] 
18218.943: [GC 18218.943: [ParNew: 1368418K->141543K(1415616K), 0.0420600 secs] 7057468K->5830594K(8231360K), 0.0425110 secs] [Times: user=0.64 sys=0.02, real=0.05 secs] 
18234.104: [GC 18234.105: [ParNew: 1399911K->83702K(1415616K), 0.0625780 secs] 7088962K->5787106K(8231360K), 0.0629970 secs] [Times: user=0.64 sys=0.02, real=0.07 secs] 
18238.673: [GC 18238.673: [ParNew: 1342070K->71793K(1415616K), 0.0304370 secs] 7045474K->5775197K(8231360K), 0.0308410 secs] [Times: user=0.47 sys=0.00, real=0.03 secs] 
18240.656: [GC 18240.656: [ParNew: 1330161K->94532K(1415616K), 0.0332630 secs] 7033565K->5797935K(8231360K), 0.0336420 secs] [Times: user=0.50 sys=0.01, real=0.04 secs] 
18569.100: [GC 18569.101: [ParNew: 1352900K->97245K(1415616K), 0.0541420 secs] 7056303K->5800648K(8231360K), 0.0547240 secs] [Times: user=0.74 sys=0.03, real=0.05 secs] 
18838.738: [GC 18838.739: [ParNew: 1355613K->120363K(1415616K), 0.0384810 secs] 7059016K->5823767K(8231360K), 0.0389310 secs] [Times: user=0.58 sys=0.00, real=0.04 secs] 
18847.100: [GC 18847.100: [ParNew: 1378731K->143299K(1415616K), 0.0424770 secs] 7082135K->5846703K(8231360K), 0.0429030 secs] [Times: user=0.66 sys=0.00, real=0.05 secs] 
18854.557: [GC 18854.557: [ParNew: 1401667K->89886K(1415616K), 0.1099700 secs] 7105071K->5824601K(8231360K), 0.1104100 secs] [Times: user=0.93 sys=0.03, real=0.11 secs] 
19323.575: [GC 19323.575: [ParNew: 1348254K->75952K(1415616K), 0.0352730 secs] 7082969K->5810667K(8231360K), 0.0357040 secs] [Times: user=0.52 sys=0.02, real=0.04 secs] 
20081.120: [GC 20081.120: [ParNew: 1334320K->79570K(1415616K), 0.0350890 secs] 7069035K->5814285K(8231360K), 0.0355570 secs] [Times: user=0.49 sys=0.02, real=0.03 secs] 
20527.910: [GC 20527.910: [ParNew: 1337938K->108139K(1415616K), 0.0349240 secs] 7072653K->5842854K(8231360K), 0.0353720 secs] [Times: user=0.51 sys=0.01, real=0.04 secs] 
20540.923: [GC 20540.923: [ParNew: 1366507K->112263K(1415616K), 0.0351610 secs] 7101222K->5846978K(8231360K), 0.0355960 secs] [Times: user=0.53 sys=0.01, real=0.04 secs] 
20543.320: [GC 20543.320: [ParNew: 1370631K->127160K(1415616K), 0.0384290 secs] 7105346K->5861875K(8231360K), 0.0387990 secs] [Times: user=0.59 sys=0.02, real=0.04 secs] 
20546.328: [GC 20546.328: [ParNew: 1385528K->110587K(1415616K), 0.0562430 secs] 7120243K->5856076K(8231360K), 0.0566010 secs] [Times: user=0.65 sys=0.00, real=0.06 secs] 
20549.498: [GC 20549.498: [ParNew: 1368955K->132339K(1415616K), 0.0375410 secs] 7114444K->5877829K(8231360K), 0.0379480 secs] [Times: user=0.58 sys=0.00, real=0.04 secs] 
20553.101: [GC 20553.101: [ParNew: 1390707K->101473K(1415616K), 0.0615940 secs] 7136197K->5861271K(8231360K), 0.0619710 secs] [Times: user=0.63 sys=0.01, real=0.06 secs] 
20559.105: [GC 20559.105: [ParNew: 1359841K->114238K(1415616K), 0.0316570 secs] 7119639K->5874036K(8231360K), 0.0320510 secs] [Times: user=0.47 sys=0.02, real=0.04 secs] 
20568.509: [GC 20568.510: [ParNew: 1372606K->139052K(1415616K), 0.0401140 secs] 7132404K->5898850K(8231360K), 0.0405280 secs] [Times: user=0.58 sys=0.02, real=0.04 secs] 
20574.934: [GC 20574.935: [ParNew: 1397420K->102213K(1415616K), 0.0481340 secs] 7157218K->5866046K(8231360K), 0.0485210 secs] [Times: user=0.64 sys=0.02, real=0.05 secs] 
20579.711: [GC 20579.711: [ParNew: 1360581K->116029K(1415616K), 0.0658600 secs] 7124414K->5892143K(8231360K), 0.0662550 secs] [Times: user=0.71 sys=0.03, real=0.06 secs] 
20584.065: [GC 20584.065: [ParNew: 1374397K->123884K(1415616K), 0.0607140 secs] 7150511K->5910763K(8231360K), 0.0611050 secs] [Times: user=0.66 sys=0.03, real=0.06 secs] 
20587.143: [GC 20587.144: [ParNew: 1382252K->143940K(1415616K), 0.0414520 secs] 7169131K->5935029K(8231360K), 0.0418330 secs] [Times: user=0.55 sys=0.00, real=0.04 secs] 
20591.308: [GC 20591.309: [ParNew: 1402308K->123636K(1415616K), 0.0686700 secs] 7193397K->5926610K(8231360K), 0.0693320 secs] [Times: user=0.71 sys=0.02, real=0.07 secs] 
20594.986: [GC 20594.986: [ParNew: 1382004K->130507K(1415616K), 0.0457000 secs] 7184978K->5938009K(8231360K), 0.0460780 secs] [Times: user=0.58 sys=0.03, real=0.04 secs] 
20598.497: [GC 20598.497: [ParNew: 1388875K->127768K(1415616K), 0.0593710 secs] 7196377K->5945649K(8231360K), 0.0597560 secs] [Times: user=0.62 sys=0.04, real=0.06 secs] 
20601.705: [GC 20601.705: [ParNew: 1386136K->135822K(1415616K), 0.0502430 secs] 7204017K->5959266K(8231360K), 0.0506240 secs] [Times: user=0.62 sys=0.02, real=0.05 secs] 
20607.307: [GC 20607.308: [ParNew: 1394190K->90758K(1415616K), 0.0573590 secs] 7217634K->5926702K(8231360K), 0.0577580 secs] [Times: user=0.60 sys=0.02, real=0.06 secs] 
20610.092: [GC 20610.092: [ParNew: 1349126K->133195K(1415616K), 0.0343450 secs] 7185070K->5969139K(8231360K), 0.0347450 secs] [Times: user=0.50 sys=0.01, real=0.04 secs] 
20612.699: [GC 20612.699: [ParNew: 1391563K->100399K(1415616K), 0.0491220 secs] 7227507K->5943854K(8231360K), 0.0494880 secs] [Times: user=0.55 sys=0.02, real=0.05 secs] 
20614.930: [GC 20614.930: [ParNew: 1358767K->142155K(1415616K), 0.0350530 secs] 7202222K->5985609K(8231360K), 0.0354320 secs] [Times: user=0.53 sys=0.01, real=0.03 secs] 
20618.139: [GC 20618.139: [ParNew: 1400523K->103120K(1415616K), 0.0476510 secs] 7243977K->5954177K(8231360K), 0.0480270 secs] [Times: user=0.58 sys=0.02, real=0.04 secs] 
20620.918: [GC 20620.918: [ParNew: 1361488K->127487K(1415616K), 0.0478720 secs] 7212545K->5985599K(8231360K), 0.0482480 secs] [Times: user=0.59 sys=0.00, real=0.04 secs] 
20625.730: [GC 20625.731: [ParNew: 1385855K->99976K(1415616K), 0.0471080 secs] 7243967K->5965292K(8231360K), 0.0475970 secs] [Times: user=0.57 sys=0.01, real=0.04 secs] 
20630.557: [GC 20630.558: [ParNew: 1358344K->132148K(1415616K), 0.0371070 secs] 7223660K->5997464K(8231360K), 0.0375020 secs] [Times: user=0.51 sys=0.03, real=0.04 secs] 
20634.518: [GC 20634.519: [ParNew: 1390516K->105909K(1415616K), 0.0526620 secs] 7255832K->5978409K(8231360K), 0.0530550 secs] [Times: user=0.59 sys=0.04, real=0.06 secs] 
20637.511: [GC 20637.511: [ParNew: 1364277K->113940K(1415616K), 0.0542150 secs] 7236777K->5993555K(8231360K), 0.0545980 secs] [Times: user=0.64 sys=0.03, real=0.05 secs] 
20640.346: [GC 20640.346: [ParNew: 1372308K->136542K(1415616K), 0.0378190 secs] 7251923K->6016157K(8231360K), 0.0381860 secs] [Times: user=0.54 sys=0.03, real=0.04 secs] 
20643.127: [GC 20643.127: [ParNew: 1394910K->118630K(1415616K), 0.0482200 secs] 7274525K->6005567K(8231360K), 0.0486000 secs] [Times: user=0.59 sys=0.01, real=0.05 secs] 
20645.355: [GC 20645.355: [ParNew: 1376998K->117831K(1415616K), 0.0490450 secs] 7263935K->6012227K(8231360K), 0.0494390 secs] [Times: user=0.59 sys=0.00, real=0.05 secs] 
20647.742: [GC 20647.742: [ParNew: 1376199K->121274K(1415616K), 0.0472330 secs] 7270595K->6022531K(8231360K), 0.0476120 secs] [Times: user=0.57 sys=0.01, real=0.05 secs] 
20651.554: [GC 20651.554: [ParNew: 1379642K->125011K(1415616K), 0.0420090 secs] 7280899K->6030169K(8231360K), 0.0423780 secs] [Times: user=0.55 sys=0.01, real=0.04 secs] 
20653.548: [GC 20653.548: [ParNew: 1383379K->136997K(1415616K), 0.0468300 secs] 7288537K->6046654K(8231360K), 0.0472540 secs] [Times: user=0.59 sys=0.01, real=0.05 secs] 
20656.180: [GC 20656.180: [ParNew: 1395365K->109821K(1415616K), 0.0553270 secs] 7305022K->6029071K(8231360K), 0.0557060 secs] [Times: user=0.59 sys=0.04, real=0.06 secs] 
20658.378: [GC 20658.378: [ParNew: 1368189K->132014K(1415616K), 0.0477470 secs] 7287439K->6056382K(8231360K), 0.0481190 secs] [Times: user=0.59 sys=0.02, real=0.05 secs] 
20659.962: [GC 20659.963: [ParNew: 1390382K->141041K(1415616K), 0.0489390 secs] 7314750K->6072091K(8231360K), 0.0493070 secs] [Times: user=0.58 sys=0.04, real=0.05 secs] 
20662.189: [GC 20662.190: [ParNew: 1399409K->124166K(1415616K), 0.0590510 secs] 7330459K->6065196K(8231360K), 0.0594440 secs] [Times: user=0.64 sys=0.03, real=0.06 secs] 
20665.257: [GC 20665.257: [ParNew: 1382534K->106516K(1415616K), 0.0556700 secs] 7323564K->6057167K(8231360K), 0.0560370 secs] [Times: user=0.62 sys=0.03, real=0.05 secs] 
20667.712: [GC 20667.712: [ParNew: 1364884K->133413K(1415616K), 0.0497970 secs] 7315535K->6089175K(8231360K), 0.0501920 secs] [Times: user=0.61 sys=0.02, real=0.05 secs] 
20669.946: [GC 20669.947: [ParNew: 1391781K->114769K(1415616K), 0.0575930 secs] 7347543K->6081438K(8231360K), 0.0580020 secs] [Times: user=0.62 sys=0.03, real=0.05 secs] 
20672.088: [GC 20672.088: [ParNew: 1373137K->131345K(1415616K), 0.0502650 secs] 7339806K->6104401K(8231360K), 0.0506220 secs] [Times: user=0.60 sys=0.02, real=0.05 secs] 
20674.236: [GC 20674.236: [ParNew: 1389713K->128521K(1415616K), 0.0506250 secs] 7362769K->6107686K(8231360K), 0.0509930 secs] [Times: user=0.64 sys=0.03, real=0.05 secs] 
20675.826: [GC 20675.826: [ParNew: 1386889K->121320K(1415616K), 0.0644080 secs] 7366054K->6113825K(8231360K), 0.0647880 secs] [Times: user=0.70 sys=0.01, real=0.07 secs] 
20678.042: [GC 20678.042: [ParNew: 1379688K->129642K(1415616K), 0.0535610 secs] 7372193K->6128814K(8231360K), 0.0539990 secs] [Times: user=0.62 sys=0.02, real=0.05 secs] 
20680.556: [GC 20680.556: [ParNew: 1388010K->130322K(1415616K), 0.0478550 secs] 7387182K->6136017K(8231360K), 0.0482200 secs] [Times: user=0.60 sys=0.01, real=0.05 secs] 
20682.600: [GC 20682.601: [ParNew: 1388690K->124900K(1415616K), 0.0482260 secs] 7394385K->6137463K(8231360K), 0.0486310 secs] [Times: user=0.60 sys=0.00, real=0.05 secs] 
20685.469: [GC 20685.469: [ParNew: 1383268K->103618K(1415616K), 0.0491940 secs] 7395831K->6123525K(8231360K), 0.0495830 secs] [Times: user=0.59 sys=0.01, real=0.05 secs] 
20687.140: [GC 20687.140: [ParNew: 1361986K->120563K(1415616K), 0.0496670 secs] 7381893K->6147766K(8231360K), 0.0500390 secs] [Times: user=0.58 sys=0.03, real=0.05 secs] 
20689.687: [GC 20689.687: [ParNew: 1378931K->109894K(1415616K), 0.0513370 secs] 7406134K->6144704K(8231360K), 0.0517130 secs] [Times: user=0.57 sys=0.03, real=0.05 secs] 
20691.492: [GC 20691.492: [ParNew: 1368262K->128604K(1415616K), 0.0502840 secs] 7403072K->6170896K(8231360K), 0.0506640 secs] [Times: user=0.60 sys=0.00, real=0.05 secs] 
20693.743: [GC 20693.743: [ParNew: 1386972K->104966K(1415616K), 0.0485520 secs] 7429264K->6155049K(8231360K), 0.0489880 secs] [Times: user=0.57 sys=0.03, real=0.05 secs] 
20695.918: [GC 20695.918: [ParNew: 1363334K->137154K(1415616K), 0.0367100 secs] 7413417K->6187236K(8231360K), 0.0371300 secs] [Times: user=0.58 sys=0.00, real=0.04 secs] 
20697.896: [GC 20697.897: [ParNew: 1395522K->111415K(1415616K), 0.0664180 secs] 7445604K->6176510K(8231360K), 0.0668020 secs] [Times: user=0.67 sys=0.03, real=0.07 secs] 
20700.055: [GC 20700.055: [ParNew: 1369783K->116343K(1415616K), 0.0508170 secs] 7434878K->6188140K(8231360K), 0.0511840 secs] [Times: user=0.60 sys=0.03, real=0.05 secs] 
20702.213: [GC 20702.213: [ParNew: 1374711K->115717K(1415616K), 0.0516190 secs] 7446508K->6194411K(8231360K), 0.0519830 secs] [Times: user=0.61 sys=0.05, real=0.05 secs] 
20704.491: [GC 20704.491: [ParNew: 1374085K->110125K(1415616K), 0.0505960 secs] 7452779K->6195549K(8231360K), 0.0509900 secs] [Times: user=0.60 sys=0.03, real=0.05 secs] 
20707.015: [GC 20707.015: [ParNew: 1368493K->113652K(1415616K), 0.0485590 secs] 7453917K->6205708K(8231360K), 0.0489280 secs] [Times: user=0.61 sys=0.02, real=0.05 secs] 
20709.328: [GC 20709.328: [ParNew: 1372020K->120417K(1415616K), 0.0345970 secs] 7464076K->6212472K(8231360K), 0.0349710 secs] [Times: user=0.53 sys=0.00, real=0.03 secs] 
20713.342: [GC 20713.343: [ParNew: 1378785K->85458K(1415616K), 0.0454080 secs] 7470840K->6184569K(8231360K), 0.0457870 secs] [Times: user=0.53 sys=0.02, real=0.05 secs] 
20717.738: [GC 20717.738: [ParNew: 1343826K->87636K(1415616K), 0.0331720 secs] 7442937K->6186747K(8231360K), 0.0335550 secs] [Times: user=0.47 sys=0.01, real=0.03 secs] 
20757.386: [GC 20757.387: [ParNew: 1345985K->74512K(1415616K), 0.0267920 secs] 7445096K->6173623K(8231360K), 0.0272410 secs] [Times: user=0.38 sys=0.03, real=0.03 secs] 
21412.170: [GC 21412.170: [ParNew: 1332880K->70238K(1415616K), 0.0292250 secs] 7431991K->6169349K(8231360K), 0.0297950 secs] [Times: user=0.40 sys=0.02, real=0.03 secs] 
21743.080: [GC 21743.080: [ParNew: 1328606K->112320K(1415616K), 0.0364080 secs] 7427717K->6211431K(8231360K), 0.0368990 secs] [Times: user=0.52 sys=0.04, real=0.04 secs] 
21755.316: [GC 21755.317: [ParNew: 1370688K->121132K(1415616K), 0.0357210 secs] 7469799K->6220243K(8231360K), 0.0361340 secs] [Times: user=0.52 sys=0.05, real=0.04 secs] 
21767.099: [GC 21767.099: [ParNew: 1379500K->135764K(1415616K), 0.0386800 secs] 7478611K->6234876K(8231360K), 0.0390700 secs] [Times: user=0.58 sys=0.02, real=0.04 secs] 
21776.096: [GC 21776.097: [ParNew: 1394132K->142408K(1415616K), 0.0545820 secs] 7493244K->6248206K(8231360K), 0.0549970 secs] [Times: user=0.67 sys=0.03, real=0.06 secs] 
21781.094: [GC 21781.094: [ParNew: 1400776K->111010K(1415616K), 0.0588290 secs] 7506574K->6223896K(8231360K), 0.0592490 secs] [Times: user=0.76 sys=0.03, real=0.06 secs] 
21785.982: [GC 21785.982: [ParNew: 1369378K->127627K(1415616K), 0.0701680 secs] 7482264K->6254745K(8231360K), 0.0705740 secs] [Times: user=0.73 sys=0.06, real=0.08 secs] 
21793.185: [GC 21793.185: [ParNew: 1385995K->122670K(1415616K), 0.0531430 secs] 7513113K->6256468K(8231360K), 0.0535130 secs] [Times: user=0.64 sys=0.03, real=0.05 secs] 
21798.752: [GC 21798.752: [ParNew: 1381038K->127358K(1415616K), 0.0502730 secs] 7514836K->6267455K(8231360K), 0.0506620 secs] [Times: user=0.59 sys=0.03, real=0.05 secs] 
21805.335: [GC 21805.335: [ParNew: 1385726K->133961K(1415616K), 0.0499680 secs] 7525823K->6279944K(8231360K), 0.0503520 secs] [Times: user=0.62 sys=0.04, real=0.05 secs] 
21808.302: [GC 21808.303: [ParNew: 1392329K->146620K(1415616K), 0.0512380 secs] 7538312K->6298437K(8231360K), 0.0516210 secs] [Times: user=0.63 sys=0.05, real=0.05 secs] 
21812.721: [GC 21812.722: [ParNew: 1404988K->125480K(1415616K), 0.0690990 secs] 7556805K->6290525K(8231360K), 0.0696140 secs] [Times: user=0.71 sys=0.04, real=0.07 secs] 
21820.164: [GC 21820.165: [ParNew: 1383848K->99876K(1415616K), 0.0480010 secs] 7548893K->6270967K(8231360K), 0.0484010 secs] [Times: user=0.60 sys=0.03, real=0.05 secs] 
21826.902: [GC 21826.902: [ParNew: 1358244K->120023K(1415616K), 0.0507410 secs] 7529335K->6298037K(8231360K), 0.0511540 secs] [Times: user=0.61 sys=0.01, real=0.05 secs] 
21833.801: [GC 21833.802: [ParNew: 1378391K->118960K(1415616K), 0.0522650 secs] 7556405K->6303808K(8231360K), 0.0526770 secs] [Times: user=0.67 sys=0.02, real=0.05 secs] 
21840.704: [GC 21840.705: [ParNew: 1377328K->118485K(1415616K), 0.0507620 secs] 7562176K->6310119K(8231360K), 0.0514060 secs] [Times: user=0.64 sys=0.02, real=0.05 secs] 
21847.939: [GC 21847.939: [ParNew: 1376853K->108410K(1415616K), 0.0524650 secs] 7568487K->6307260K(8231360K), 0.0528780 secs] [Times: user=0.66 sys=0.01, real=0.05 secs] 
21854.759: [GC 21854.759: [ParNew: 1366778K->151903K(1415616K), 0.0414200 secs] 7565628K->6350753K(8231360K), 0.0418520 secs] [Times: user=0.64 sys=0.01, real=0.04 secs] 
21860.503: [GC 21860.503: [ParNew: 1410271K->103364K(1415616K), 0.0540390 secs] 7609121K->6309447K(8231360K), 0.0544450 secs] [Times: user=0.68 sys=0.01, real=0.06 secs] 
21866.332: [GC 21866.333: [ParNew: 1361732K->126200K(1415616K), 0.0683670 secs] 7567815K->6346587K(8231360K), 0.0687670 secs] [Times: user=0.68 sys=0.05, real=0.07 secs] 
21870.765: [GC 21870.765: [ParNew: 1384568K->113034K(1415616K), 0.0487880 secs] 7604955K->6340580K(8231360K), 0.0492470 secs] [Times: user=0.61 sys=0.02, real=0.05 secs] 
21875.316: [GC 21875.317: [ParNew: 1371402K->113647K(1415616K), 0.0483860 secs] 7598948K->6348088K(8231360K), 0.0488150 secs] [Times: user=0.61 sys=0.04, real=0.05 secs] 
21880.193: [GC 21880.193: [ParNew: 1372015K->119118K(1415616K), 0.0530870 secs] 7606456K->6360707K(8231360K), 0.0534880 secs] [Times: user=0.68 sys=0.02, real=0.05 secs] 
21880.798: [GC 21880.799: [ParNew: 1377486K->139040K(1415616K), 0.0535490 secs] 7619075K->6387625K(8231360K), 0.0539780 secs] [Times: user=0.72 sys=0.01, real=0.06 secs] 
21884.986: [GC 21884.986: [ParNew: 1397408K->125376K(1415616K), 0.0537600 secs] 7645993K->6381028K(8231360K), 0.0541600 secs] [Times: user=0.64 sys=0.04, real=0.05 secs] 
21886.706: [GC 21886.706: [ParNew: 1383744K->131842K(1415616K), 0.0580400 secs] 7639396K->6394340K(8231360K), 0.0584920 secs] [Times: user=0.72 sys=0.02, real=0.06 secs] 
21888.287: [GC 21888.288: [ParNew: 1390210K->117170K(1415616K), 0.0680730 secs] 7652708K->6393641K(8231360K), 0.0684580 secs] [Times: user=0.76 sys=0.04, real=0.07 secs] 
21888.357: [GC [1 CMS-initial-mark: 6276470K(6815744K)] 6397500K(8231360K), 0.1366560 secs] [Times: user=0.13 sys=0.00, real=0.14 secs] 
21888.494: [CMS-concurrent-mark-start]
21892.186: [GC 21892.186: [ParNew: 1375538K->92751K(1415616K), 0.0647130 secs] 7652009K->6382693K(8231360K), 0.0651140 secs] [Times: user=0.74 sys=0.05, real=0.06 secs] 
21894.970: [GC 21894.970: [ParNew: 1351119K->124995K(1415616K), 0.0382990 secs] 7641061K->6414937K(8231360K), 0.0387000 secs] [Times: user=0.59 sys=0.00, real=0.04 secs] 
21895.293: [CMS-concurrent-mark: 6.692/6.799 secs] [Times: user=31.94 sys=0.35, real=6.80 secs] 
21895.293: [CMS-concurrent-preclean-start]
21895.440: [CMS-concurrent-preclean: 0.142/0.147 secs] [Times: user=0.26 sys=0.00, real=0.14 secs] 
21895.440: [CMS-concurrent-abortable-preclean-start]
21896.367: [CMS-concurrent-abortable-preclean: 0.926/0.926 secs] [Times: user=1.63 sys=0.06, real=0.93 secs] 
21896.368: [GC[YG occupancy: 771715 K (1415616 K)]21896.368: [Rescan (parallel) , 0.1899050 secs]21896.558: [weak refs processing, 0.0000350 secs] [1 CMS-remark: 6289942K(6815744K)] 7061658K(8231360K), 0.1901120 secs] [Times: user=1.26 sys=0.00, real=0.19 secs] 
21896.559: [CMS-concurrent-sweep-start]
21897.798: [GC 21897.798: [ParNew: 1383363K->106815K(1415616K), 0.0523220 secs] 7618359K->6348377K(8231360K), 0.0527060 secs] [Times: user=0.64 sys=0.02, real=0.05 secs] 
21900.751: [GC 21900.751: [ParNew: 1365183K->137359K(1415616K), 0.0423000 secs] 7031986K->5804162K(8231360K), 0.0426790 secs] [Times: user=0.66 sys=0.00, real=0.05 secs] 
21903.527: [CMS-concurrent-sweep: 6.869/6.968 secs] [Times: user=12.02 sys=0.36, real=6.97 secs] 
21903.527: [CMS-concurrent-reset-start]
21903.553: [CMS-concurrent-reset: 0.027/0.027 secs] [Times: user=0.05 sys=0.00, real=0.02 secs] 
21904.600: [GC 21904.601: [ParNew: 1395727K->110969K(1415616K), 0.0684810 secs] 6136694K->4865004K(8231360K), 0.0688960 secs] [Times: user=0.74 sys=0.03, real=0.07 secs] 
21907.727: [GC 21907.727: [ParNew: 1369337K->130020K(1415616K), 0.0421680 secs] 6123372K->4884055K(8231360K), 0.0425710 secs] [Times: user=0.62 sys=0.04, real=0.04 secs] 
21910.932: [GC 21910.932: [ParNew: 1388388K->120046K(1415616K), 0.0566990 secs] 6142423K->4881036K(8231360K), 0.0570910 secs] [Times: user=0.67 sys=0.02, real=0.06 secs] 
21914.779: [GC 21914.779: [ParNew: 1378414K->119969K(1415616K), 0.0529810 secs] 6139404K->4887879K(8231360K), 0.0533800 secs] [Times: user=0.64 sys=0.02, real=0.05 secs] 
21918.432: [GC 21918.432: [ParNew: 1378337K->118920K(1415616K), 0.0606700 secs] 6146247K->4893893K(8231360K), 0.0611400 secs] [Times: user=0.74 sys=0.02, real=0.06 secs] 
21922.135: [GC 21922.135: [ParNew: 1377288K->112776K(1415616K), 0.0543510 secs] 6152261K->4894901K(8231360K), 0.0547560 secs] [Times: user=0.64 sys=0.03, real=0.06 secs] 
21925.120: [GC 21925.120: [ParNew: 1371144K->136505K(1415616K), 0.0584090 secs] 6153269K->4925190K(8231360K), 0.0588090 secs] [Times: user=0.70 sys=0.02, real=0.06 secs] 
21928.050: [GC 21928.051: [ParNew: 1394873K->123518K(1415616K), 0.0623680 secs] 6183558K->4918736K(8231360K), 0.0627680 secs] [Times: user=0.76 sys=0.02, real=0.06 secs] 
21930.855: [GC 21930.855: [ParNew: 1381886K->128723K(1415616K), 0.0609630 secs] 6177104K->4930749K(8231360K), 0.0613870 secs] [Times: user=0.73 sys=0.02, real=0.06 secs] 
21934.249: [GC 21934.249: [ParNew: 1387091K->108947K(1415616K), 0.0636070 secs] 6189117K->4918249K(8231360K), 0.0640040 secs] [Times: user=0.76 sys=0.02, real=0.07 secs] 
21937.986: [GC 21937.986: [ParNew: 1367315K->113399K(1415616K), 0.0609780 secs] 6176617K->4929446K(8231360K), 0.0613910 secs] [Times: user=0.70 sys=0.02, real=0.06 secs] 
21943.435: [GC 21943.435: [ParNew: 1371767K->106844K(1415616K), 0.0574430 secs] 6187814K->4929564K(8231360K), 0.0578850 secs] [Times: user=0.70 sys=0.03, real=0.06 secs] 
21948.610: [GC 21948.610: [ParNew: 1365212K->126663K(1415616K), 0.0450050 secs] 6187932K->4949383K(8231360K), 0.0454430 secs] [Times: user=0.64 sys=0.02, real=0.05 secs] 
21954.741: [GC 21954.742: [ParNew: 1385031K->121739K(1415616K), 0.0599350 secs] 6207751K->4950587K(8231360K), 0.0603880 secs] [Times: user=0.73 sys=0.01, real=0.06 secs] 
21959.169: [GC 21959.170: [ParNew: 1380107K->117709K(1415616K), 0.0580990 secs] 6208955K->4953029K(8231360K), 0.0584930 secs] [Times: user=0.69 sys=0.02, real=0.06 secs] 
21963.427: [GC 21963.427: [ParNew: 1376077K->134719K(1415616K), 0.0671410 secs] 6211397K->4976515K(8231360K), 0.0675980 secs] [Times: user=0.81 sys=0.03, real=0.06 secs] 
21968.096: [GC 21968.096: [ParNew: 1393087K->101225K(1415616K), 0.0784450 secs] 6234883K->4956393K(8231360K), 0.0788410 secs] [Times: user=0.79 sys=0.04, real=0.08 secs] 
21972.498: [GC 21972.498: [ParNew: 1359593K->111454K(1415616K), 0.0597500 secs] 6214761K->4972664K(8231360K), 0.0601400 secs] [Times: user=0.74 sys=0.03, real=0.06 secs] 
21976.133: [GC 21976.133: [ParNew: 1369822K->131547K(1415616K), 0.0594290 secs] 6231032K->4999443K(8231360K), 0.0598280 secs] [Times: user=0.74 sys=0.02, real=0.06 secs] 
21979.214: [GC 21979.214: [ParNew: 1389915K->118126K(1415616K), 0.0643280 secs] 6257811K->4993016K(8231360K), 0.0647360 secs] [Times: user=0.80 sys=0.00, real=0.07 secs] 
21981.932: [GC 21981.933: [ParNew: 1376494K->114969K(1415616K), 0.0604230 secs] 6251384K->4996301K(8231360K), 0.0608150 secs] [Times: user=0.76 sys=0.01, real=0.06 secs] 
21986.172: [GC 21986.172: [ParNew: 1373337K->112223K(1415616K), 0.0724240 secs] 6254669K->5006579K(8231360K), 0.0728820 secs] [Times: user=0.76 sys=0.03, real=0.07 secs] 
21988.627: [GC 21988.627: [ParNew: 1370591K->120815K(1415616K), 0.0637970 secs] 6264947K->5021705K(8231360K), 0.0642560 secs] [Times: user=0.79 sys=0.01, real=0.07 secs] 
21990.783: [GC 21990.784: [ParNew: 1379183K->110594K(1415616K), 0.0574990 secs] 6280073K->5018715K(8231360K), 0.0579280 secs] [Times: user=0.70 sys=0.00, real=0.06 secs] 
21994.351: [GC 21994.352: [ParNew: 1368962K->124965K(1415616K), 0.0586330 secs] 6277083K->5040152K(8231360K), 0.0590310 secs] [Times: user=0.70 sys=0.02, real=0.05 secs] 
21996.402: [GC 21996.403: [ParNew: 1383333K->125171K(1415616K), 0.0594630 secs] 6298520K->5047472K(8231360K), 0.0598610 secs] [Times: user=0.73 sys=0.01, real=0.06 secs] 
21997.723: [GC 21997.723: [ParNew: 1383539K->127221K(1415616K), 0.0556430 secs] 6305840K->5056705K(8231360K), 0.0560350 secs] [Times: user=0.66 sys=0.02, real=0.05 secs] 
22000.904: [GC 22000.904: [ParNew: 1385589K->118297K(1415616K), 0.0569700 secs] 6315073K->5054877K(8231360K), 0.0575090 secs] [Times: user=0.68 sys=0.02, real=0.05 secs] 
22004.250: [GC 22004.250: [ParNew: 1376665K->105204K(1415616K), 0.0539710 secs] 6313245K->5048768K(8231360K), 0.0544570 secs] [Times: user=0.66 sys=0.00, real=0.06 secs] 
22006.089: [GC 22006.089: [ParNew: 1363572K->136675K(1415616K), 0.0411130 secs] 6307136K->5080239K(8231360K), 0.0415730 secs] [Times: user=0.59 sys=0.02, real=0.04 secs] 
22010.105: [GC 22010.105: [ParNew: 1395043K->114752K(1415616K), 0.0500720 secs] 6338607K->5065151K(8231360K), 0.0505070 secs] [Times: user=0.56 sys=0.02, real=0.05 secs] 
22213.020: [GC 22213.020: [ParNew: 1373120K->79530K(1415616K), 0.0327390 secs] 6323519K->5029928K(8231360K), 0.0331750 secs] [Times: user=0.46 sys=0.02, real=0.04 secs] 
22878.283: [GC 22878.283: [ParNew: 1337898K->112335K(1415616K), 0.0352330 secs] 6288296K->5062733K(8231360K), 0.0356620 secs] [Times: user=0.46 sys=0.02, real=0.04 secs] 
22969.295: [GC 22969.295: [ParNew: 1370703K->127964K(1415616K), 0.0339560 secs] 6321101K->5078363K(8231360K), 0.0343950 secs] [Times: user=0.48 sys=0.01, real=0.03 secs] 
22974.666: [GC 22974.666: [ParNew: 1386332K->124495K(1415616K), 0.0478940 secs] 6336731K->5081844K(8231360K), 0.0483170 secs] [Times: user=0.54 sys=0.02, real=0.05 secs] 
22976.696: [GC 22976.697: [ParNew: 1382863K->108066K(1415616K), 0.0463660 secs] 6340212K->5072166K(8231360K), 0.0467910 secs] [Times: user=0.51 sys=0.02, real=0.05 secs] 
22979.579: [GC 22979.579: [ParNew: 1366434K->119581K(1415616K), 0.0329840 secs] 6330534K->5083680K(8231360K), 0.0333470 secs] [Times: user=0.47 sys=0.02, real=0.04 secs] 
22980.445: [GC 22980.446: [ParNew: 1377949K->97668K(1415616K), 0.0446430 secs] 6342048K->5068320K(8231360K), 0.0450130 secs] [Times: user=0.50 sys=0.02, real=0.04 secs] 
22981.460: [GC 22981.460: [ParNew: 1356036K->127082K(1415616K), 0.0320730 secs] 6326688K->5097733K(8231360K), 0.0324310 secs] [Times: user=0.46 sys=0.02, real=0.03 secs] 
22982.383: [GC 22982.383: [ParNew: 1385450K->131138K(1415616K), 0.0339710 secs] 6356101K->5101789K(8231360K), 0.0343330 secs] [Times: user=0.49 sys=0.02, real=0.04 secs] 
22983.715: [GC 22983.715: [ParNew: 1389506K->100606K(1415616K), 0.0578840 secs] 6360157K->5084610K(8231360K), 0.0582600 secs] [Times: user=0.54 sys=0.03, real=0.05 secs] 
22986.388: [GC 22986.388: [ParNew: 1358974K->131013K(1415616K), 0.0312950 secs] 6342978K->5115017K(8231360K), 0.0316690 secs] [Times: user=0.49 sys=0.00, real=0.03 secs] 
22989.239: [GC 22989.239: [ParNew: 1389381K->111987K(1415616K), 0.0603900 secs] 6373385K->5108446K(8231360K), 0.0607490 secs] [Times: user=0.59 sys=0.04, real=0.06 secs] 
22990.178: [GC 22990.178: [ParNew: 1370355K->154617K(1415616K), 0.0351050 secs] 6366814K->5151076K(8231360K), 0.0354660 secs] [Times: user=0.54 sys=0.01, real=0.03 secs] 
22991.141: [GC 22991.142: [ParNew: 1412985K->139366K(1415616K), 0.0764160 secs] 6409444K->5153430K(8231360K), 0.0767730 secs] [Times: user=0.68 sys=0.05, real=0.08 secs] 
22992.138: [GC 22992.138: [ParNew: 1397734K->127322K(1415616K), 0.0717410 secs] 6411798K->5158579K(8231360K), 0.0721020 secs] [Times: user=0.73 sys=0.05, real=0.07 secs] 
22993.110: [GC 22993.110: [ParNew: 1385690K->149905K(1415616K), 0.0772350 secs] 6416947K->5196255K(8231360K), 0.0776070 secs] [Times: user=0.79 sys=0.03, real=0.08 secs] 
22994.092: [GC 22994.092: [ParNew: 1408273K->130085K(1415616K), 0.0886880 secs] 6454623K->5196509K(8231360K), 0.0890490 secs] [Times: user=0.81 sys=0.06, real=0.09 secs] 
22995.161: [GC 22995.161: [ParNew: 1388453K->128913K(1415616K), 0.0787020 secs] 6454877K->5212338K(8231360K), 0.0790680 secs] [Times: user=0.76 sys=0.05, real=0.08 secs] 
22996.276: [GC 22996.276: [ParNew: 1387281K->113289K(1415616K), 0.0875140 secs] 6470706K->5216217K(8231360K), 0.0879310 secs] [Times: user=0.80 sys=0.06, real=0.08 secs] 
22997.338: [GC 22997.338: [ParNew: 1371657K->103585K(1415616K), 0.0762050 secs] 6474585K->5223436K(8231360K), 0.0765780 secs] [Times: user=0.72 sys=0.03, real=0.07 secs] 
22998.329: [GC 22998.329: [ParNew: 1361953K->92833K(1415616K), 0.0862190 secs] 6481804K->5232831K(8231360K), 0.0865840 secs] [Times: user=0.72 sys=0.05, real=0.08 secs] 
22999.323: [GC 22999.324: [ParNew: 1351201K->148274K(1415616K), 0.0389030 secs] 6491199K->5288272K(8231360K), 0.0392220 secs] [Times: user=0.60 sys=0.01, real=0.04 secs] 
23012.661: [GC 23012.662: [ParNew: 1406642K->104432K(1415616K), 0.0715870 secs] 6546640K->5256372K(8231360K), 0.0720170 secs] [Times: user=0.78 sys=0.06, real=0.07 secs] 
23013.642: [GC 23013.642: [ParNew: 1362800K->138564K(1415616K), 0.0358590 secs] 6514740K->5290504K(8231360K), 0.0362450 secs] [Times: user=0.55 sys=0.02, real=0.03 secs] 
23014.447: [GC 23014.447: [ParNew: 1396932K->149000K(1415616K), 0.0773880 secs] 6548872K->5315560K(8231360K), 0.0777810 secs] [Times: user=0.79 sys=0.02, real=0.08 secs] 
23015.016: [GC 23015.017: [ParNew: 1407368K->108328K(1415616K), 0.1026620 secs] 6573928K->5300743K(8231360K), 0.1030450 secs] [Times: user=0.77 sys=0.05, real=0.11 secs] 
23015.628: [GC 23015.628: [ParNew: 1366696K->132808K(1415616K), 0.0580720 secs] 6559111K->5335151K(8231360K), 0.0584320 secs] [Times: user=0.63 sys=0.03, real=0.06 secs] 
23016.514: [GC 23016.514: [ParNew: 1391176K->157248K(1415616K), 0.0570380 secs] 6593519K->5369334K(8231360K), 0.0574020 secs] [Times: user=0.62 sys=0.02, real=0.06 secs] 
23017.161: [GC 23017.162: [ParNew: 1415616K->122155K(1415616K), 0.1064480 secs] 6627702K->5362941K(8231360K), 0.1068150 secs] [Times: user=0.77 sys=0.05, real=0.10 secs] 
23017.772: [GC 23017.772: [ParNew: 1380523K->117753K(1415616K), 0.0777070 secs] 6621309K->5374101K(8231360K), 0.0780890 secs] [Times: user=0.74 sys=0.01, real=0.08 secs] 
23018.343: [GC 23018.343: [ParNew: 1376121K->117033K(1415616K), 0.0742290 secs] 6632469K->5390379K(8231360K), 0.0745780 secs] [Times: user=0.72 sys=0.01, real=0.07 secs] 
23018.926: [GC 23018.926: [ParNew: 1375401K->122131K(1415616K), 0.0749940 secs] 6648747K->5410932K(8231360K), 0.0753560 secs] [Times: user=0.71 sys=0.03, real=0.08 secs] 
23019.518: [GC 23019.518: [ParNew: 1380499K->133961K(1415616K), 0.0754760 secs] 6669300K->5439642K(8231360K), 0.0758350 secs] [Times: user=0.73 sys=0.00, real=0.08 secs] 
23020.160: [GC 23020.160: [ParNew: 1392329K->137030K(1415616K), 0.0753300 secs] 6698010K->5459107K(8231360K), 0.0756950 secs] [Times: user=0.75 sys=0.01, real=0.08 secs] 
23020.843: [GC 23020.843: [ParNew: 1395398K->127233K(1415616K), 0.0768620 secs] 6717475K->5466483K(8231360K), 0.0772430 secs] [Times: user=0.74 sys=0.01, real=0.07 secs] 
23021.722: [GC 23021.723: [ParNew: 1385601K->122198K(1415616K), 0.0769200 secs] 6724851K->5478279K(8231360K), 0.0772920 secs] [Times: user=0.73 sys=0.02, real=0.07 secs] 
23022.313: [GC 23022.313: [ParNew: 1380566K->114417K(1415616K), 0.0807270 secs] 6736647K->5487336K(8231360K), 0.0811060 secs] [Times: user=0.75 sys=0.02, real=0.08 secs] 
23022.989: [GC 23022.989: [ParNew: 1372785K->123908K(1415616K), 0.0811090 secs] 6745704K->5513558K(8231360K), 0.0814800 secs] [Times: user=0.84 sys=0.01, real=0.09 secs] 
23024.185: [GC 23024.185: [ParNew: 1382276K->106614K(1415616K), 0.0857320 secs] 6771926K->5514788K(8231360K), 0.0861150 secs] [Times: user=0.79 sys=0.03, real=0.09 secs] 
23025.024: [GC 23025.024: [ParNew: 1364982K->117836K(1415616K), 0.0816670 secs] 6773156K->5542580K(8231360K), 0.0820750 secs] [Times: user=0.82 sys=0.01, real=0.08 secs] 
23025.821: [GC 23025.821: [ParNew: 1376204K->99937K(1415616K), 0.0800700 secs] 6800948K->5541658K(8231360K), 0.0804720 secs] [Times: user=0.79 sys=0.02, real=0.08 secs] 
23036.462: [GC 23036.462: [ParNew: 1358305K->76840K(1415616K), 0.0290980 secs] 6800026K->5518561K(8231360K), 0.0294870 secs] [Times: user=0.44 sys=0.01, real=0.03 secs] 
23107.298: [GC 23107.298: [ParNew: 1335208K->97656K(1415616K), 0.0320040 secs] 6776929K->5539376K(8231360K), 0.0323880 secs] [Times: user=0.48 sys=0.01, real=0.03 secs] 
23132.504: [GC 23132.504: [ParNew: 1356024K->132746K(1415616K), 0.0369470 secs] 6797744K->5574467K(8231360K), 0.0374060 secs] [Times: user=0.56 sys=0.02, real=0.04 secs] 
23146.518: [GC 23146.518: [ParNew: 1391114K->92235K(1415616K), 0.0372630 secs] 6832835K->5533955K(8231360K), 0.0376640 secs] [Times: user=0.58 sys=0.00, real=0.04 secs] 
23201.779: [GC 23201.779: [ParNew: 1350603K->133383K(1415616K), 0.0620520 secs] 6792323K->5585989K(8231360K), 0.0625060 secs] [Times: user=0.68 sys=0.04, real=0.06 secs] 
23202.776: [GC 23202.776: [ParNew: 1391751K->137574K(1415616K), 0.0636500 secs] 6844357K->5601688K(8231360K), 0.0640290 secs] [Times: user=0.70 sys=0.02, real=0.06 secs] 
23204.373: [GC 23204.373: [ParNew: 1395942K->143521K(1415616K), 0.0638550 secs] 6860056K->5617541K(8231360K), 0.0642480 secs] [Times: user=0.74 sys=0.03, real=0.07 secs] 
23206.456: [GC 23206.457: [ParNew: 1401889K->135949K(1415616K), 0.0822290 secs] 6875909K->5628961K(8231360K), 0.0826770 secs] [Times: user=0.74 sys=0.02, real=0.08 secs] 
23208.442: [GC 23208.442: [ParNew: 1394317K->140709K(1415616K), 0.0591800 secs] 6887329K->5643400K(8231360K), 0.0595690 secs] [Times: user=0.67 sys=0.01, real=0.06 secs] 
23210.670: [GC 23210.670: [ParNew: 1399077K->142028K(1415616K), 0.0670510 secs] 6901768K->5658902K(8231360K), 0.0674100 secs] [Times: user=0.70 sys=0.01, real=0.07 secs] 
23212.284: [GC 23212.284: [ParNew: 1400396K->110813K(1415616K), 0.0948580 secs] 6917270K->5651870K(8231360K), 0.0952630 secs] [Times: user=0.82 sys=0.02, real=0.10 secs] 
23213.373: [GC 23213.373: [ParNew: 1369181K->126198K(1415616K), 0.0710500 secs] 6910238K->5681437K(8231360K), 0.0714830 secs] [Times: user=0.74 sys=0.01, real=0.07 secs] 
23214.063: [GC 23214.063: [ParNew: 1384566K->145600K(1415616K), 0.0742180 secs] 6939805K->5717012K(8231360K), 0.0746230 secs] [Times: user=0.77 sys=0.01, real=0.08 secs] 
23215.262: [GC 23215.262: [ParNew: 1403968K->141096K(1415616K), 0.0777170 secs] 6975380K->5728240K(8231360K), 0.0781720 secs] [Times: user=0.76 sys=0.01, real=0.08 secs] 
23216.417: [GC 23216.417: [ParNew: 1399464K->130501K(1415616K), 0.0824140 secs] 6986608K->5733628K(8231360K), 0.0828570 secs] [Times: user=0.84 sys=0.01, real=0.08 secs] 
23217.605: [GC 23217.605: [ParNew: 1388869K->136942K(1415616K), 0.0793000 secs] 6991996K->5756044K(8231360K), 0.0797310 secs] [Times: user=0.77 sys=0.02, real=0.08 secs] 
23218.743: [GC 23218.743: [ParNew: 1395310K->136593K(1415616K), 0.0845500 secs] 7014412K->5772702K(8231360K), 0.0849570 secs] [Times: user=0.86 sys=0.03, real=0.09 secs] 
23219.984: [GC 23219.984: [ParNew: 1394961K->108561K(1415616K), 0.0903250 secs] 7031070K->5763407K(8231360K), 0.0907370 secs] [Times: user=0.88 sys=0.03, real=0.09 secs] 
23221.123: [GC 23221.123: [ParNew: 1366929K->111721K(1415616K), 0.0831130 secs] 7021775K->5783942K(8231360K), 0.0835100 secs] [Times: user=0.82 sys=0.02, real=0.08 secs] 
23222.613: [GC 23222.614: [ParNew: 1370089K->121106K(1415616K), 0.1097680 secs] 7042310K->5809923K(8231360K), 0.1103090 secs] [Times: user=1.04 sys=0.04, real=0.11 secs] 
23224.617: [GC 23224.617: [ParNew: 1379474K->120295K(1415616K), 0.0848470 secs] 7068291K->5825374K(8231360K), 0.0852680 secs] [Times: user=0.83 sys=0.03, real=0.09 secs] 
23226.254: [GC 23226.254: [ParNew: 1378663K->118509K(1415616K), 0.0795950 secs] 7083742K->5839872K(8231360K), 0.0800110 secs] [Times: user=0.76 sys=0.01, real=0.08 secs] 
23229.124: [GC 23229.124: [ParNew: 1376877K->107520K(1415616K), 0.0735290 secs] 7098240K->5843325K(8231360K), 0.0739650 secs] [Times: user=0.73 sys=0.02, real=0.07 secs] 
23231.423: [GC 23231.423: [ParNew: 1365888K->105030K(1415616K), 0.0635710 secs] 7101693K->5853976K(8231360K), 0.0640320 secs] [Times: user=0.66 sys=0.02, real=0.06 secs] 
23323.093: [GC 23323.093: [ParNew: 1363398K->77594K(1415616K), 0.0321170 secs] 7112344K->5826540K(8231360K), 0.0325790 secs] [Times: user=0.47 sys=0.01, real=0.03 secs] 
23352.394: [GC 23352.394: [ParNew: 1335962K->105832K(1415616K), 0.0313630 secs] 7084908K->5854778K(8231360K), 0.0318050 secs] [Times: user=0.47 sys=0.01, real=0.03 secs] 
23358.088: [GC 23358.088: [ParNew: 1364200K->100970K(1415616K), 0.0328230 secs] 7113146K->5849916K(8231360K), 0.0332300 secs] [Times: user=0.47 sys=0.02, real=0.03 secs] 
23363.708: [GC 23363.708: [ParNew: 1359338K->117141K(1415616K), 0.0336580 secs] 7108284K->5866087K(8231360K), 0.0341080 secs] [Times: user=0.50 sys=0.01, real=0.03 secs] 
23365.053: [GC 23365.054: [ParNew: 1375509K->116317K(1415616K), 0.0306470 secs] 7124455K->5865263K(8231360K), 0.0310440 secs] [Times: user=0.47 sys=0.00, real=0.04 secs] 
23370.039: [GC 23370.039: [ParNew: 1374685K->118086K(1415616K), 0.0327060 secs] 7123631K->5867033K(8231360K), 0.0331210 secs] [Times: user=0.50 sys=0.01, real=0.03 secs] 
23372.334: [GC 23372.334: [ParNew: 1376454K->121333K(1415616K), 0.0369460 secs] 7125401K->5870279K(8231360K), 0.0373690 secs] [Times: user=0.54 sys=0.01, real=0.04 secs] 
23380.714: [GC 23380.714: [ParNew: 1379701K->124613K(1415616K), 0.0364180 secs] 7128647K->5873560K(8231360K), 0.0368390 secs] [Times: user=0.52 sys=0.02, real=0.04 secs] 
23389.524: [GC 23389.524: [ParNew: 1382981K->151156K(1415616K), 0.0399210 secs] 7131928K->5900103K(8231360K), 0.0403480 secs] [Times: user=0.58 sys=0.02, real=0.04 secs] 
23400.729: [GC 23400.729: [ParNew: 1409524K->103449K(1415616K), 0.0639430 secs] 7158471K->5864099K(8231360K), 0.0643800 secs] [Times: user=0.73 sys=0.01, real=0.07 secs] 
23410.354: [GC 23410.355: [ParNew: 1361817K->130787K(1415616K), 0.0612180 secs] 7122467K->5902184K(8231360K), 0.0616470 secs] [Times: user=0.67 sys=0.03, real=0.06 secs] 
23419.122: [GC 23419.122: [ParNew: 1389155K->108107K(1415616K), 0.0634530 secs] 7160552K->5890939K(8231360K), 0.0638800 secs] [Times: user=0.72 sys=0.01, real=0.07 secs] 
23427.144: [GC 23427.144: [ParNew: 1366475K->134250K(1415616K), 0.0413730 secs] 7149307K->5917082K(8231360K), 0.0418110 secs] [Times: user=0.60 sys=0.01, real=0.05 secs] 
23438.688: [GC 23438.688: [ParNew: 1392618K->96747K(1415616K), 0.0601680 secs] 7175450K->5889432K(8231360K), 0.0605850 secs] [Times: user=0.69 sys=0.03, real=0.06 secs] 
23490.506: [GC 23490.506: [ParNew: 1355115K->117657K(1415616K), 0.0378240 secs] 7147800K->5910342K(8231360K), 0.0383140 secs] [Times: user=0.54 sys=0.01, real=0.04 secs] 
23495.278: [GC 23495.278: [ParNew: 1376025K->88267K(1415616K), 0.0706640 secs] 7168710K->5897264K(8231360K), 0.0710660 secs] [Times: user=0.70 sys=0.02, real=0.07 secs] 
23500.080: [GC 23500.080: [ParNew: 1346635K->109589K(1415616K), 0.0350690 secs] 7155632K->5918586K(8231360K), 0.0354830 secs] [Times: user=0.51 sys=0.02, real=0.03 secs] 
23501.401: [GC 23501.401: [ParNew: 1367957K->114170K(1415616K), 0.0354410 secs] 7176954K->5923166K(8231360K), 0.0358680 secs] [Times: user=0.49 sys=0.01, real=0.03 secs] 
23503.471: [GC 23503.471: [ParNew: 1372538K->120487K(1415616K), 0.0335300 secs] 7181534K->5929484K(8231360K), 0.0339450 secs] [Times: user=0.48 sys=0.02, real=0.03 secs] 
23505.125: [GC 23505.125: [ParNew: 1378855K->123138K(1415616K), 0.0383130 secs] 7187852K->5932135K(8231360K), 0.0387280 secs] [Times: user=0.57 sys=0.00, real=0.04 secs] 
23507.120: [GC 23507.120: [ParNew: 1381506K->125550K(1415616K), 0.0358270 secs] 7190503K->5934547K(8231360K), 0.0362370 secs] [Times: user=0.51 sys=0.02, real=0.04 secs] 
23514.729: [GC 23514.729: [ParNew: 1383918K->138645K(1415616K), 0.0414340 secs] 7192915K->5947641K(8231360K), 0.0418780 secs] [Times: user=0.59 sys=0.03, real=0.04 secs] 
23521.635: [GC 23521.636: [ParNew: 1397013K->99895K(1415616K), 0.0697770 secs] 7206009K->5924230K(8231360K), 0.0701930 secs] [Times: user=0.73 sys=0.03, real=0.07 secs] 
23529.116: [GC 23529.117: [ParNew: 1358263K->136354K(1415616K), 0.0392150 secs] 7182598K->5960689K(8231360K), 0.0396280 secs] [Times: user=0.57 sys=0.01, real=0.04 secs] 
23535.701: [GC 23535.701: [ParNew: 1394722K->113918K(1415616K), 0.0647970 secs] 7219057K->5951339K(8231360K), 0.0652270 secs] [Times: user=0.68 sys=0.02, real=0.07 secs] 
23541.308: [GC 23541.308: [ParNew: 1372286K->146816K(1415616K), 0.0417500 secs] 7209707K->5984237K(8231360K), 0.0421690 secs] [Times: user=0.60 sys=0.03, real=0.04 secs] 
23552.720: [GC 23552.721: [ParNew: 1405184K->103859K(1415616K), 0.0673170 secs] 7242605K->5956270K(8231360K), 0.0677470 secs] [Times: user=0.65 sys=0.02, real=0.06 secs] 
23676.111: [GC 23676.111: [ParNew: 1362227K->117608K(1415616K), 0.0362670 secs] 7214638K->5970019K(8231360K), 0.0367110 secs] [Times: user=0.52 sys=0.02, real=0.04 secs] 
23695.166: [GC 23695.166: [ParNew: 1375976K->141089K(1415616K), 0.0348510 secs] 7228387K->5993500K(8231360K), 0.0353120 secs] [Times: user=0.53 sys=0.00, real=0.03 secs] 
23698.514: [GC 23698.515: [ParNew: 1399457K->92602K(1415616K), 0.0669460 secs] 7251868K->5962376K(8231360K), 0.0673740 secs] [Times: user=0.65 sys=0.02, real=0.07 secs] 
23701.796: [GC 23701.796: [ParNew: 1350970K->106694K(1415616K), 0.0299040 secs] 7220744K->5976468K(8231360K), 0.0303070 secs] [Times: user=0.46 sys=0.01, real=0.03 secs] 
23702.894: [GC 23702.894: [ParNew: 1365062K->115776K(1415616K), 0.0318980 secs] 7234836K->5985550K(8231360K), 0.0323040 secs] [Times: user=0.47 sys=0.03, real=0.04 secs] 
23705.698: [GC 23705.698: [ParNew: 1374144K->87717K(1415616K), 0.0341780 secs] 7243918K->5957491K(8231360K), 0.0345870 secs] [Times: user=0.49 sys=0.02, real=0.03 secs] 
23707.707: [GC 23707.707: [ParNew: 1346085K->120610K(1415616K), 0.0341580 secs] 7215859K->5990384K(8231360K), 0.0345660 secs] [Times: user=0.50 sys=0.00, real=0.03 secs] 
23710.344: [GC 23710.344: [ParNew: 1378978K->111107K(1415616K), 0.0414540 secs] 7248752K->5980881K(8231360K), 0.0418400 secs] [Times: user=0.56 sys=0.00, real=0.04 secs] 
23717.129: [GC 23717.129: [ParNew: 1369475K->145191K(1415616K), 0.0398730 secs] 7239249K->6014965K(8231360K), 0.0403060 secs] [Times: user=0.61 sys=0.00, real=0.04 secs] 
23723.329: [GC 23723.329: [ParNew: 1403559K->100139K(1415616K), 0.0728420 secs] 7273333K->5985494K(8231360K), 0.0732790 secs] [Times: user=0.75 sys=0.01, real=0.08 secs] 
23728.756: [GC 23728.756: [ParNew: 1358507K->138339K(1415616K), 0.0392770 secs] 7243862K->6023694K(8231360K), 0.0396920 secs] [Times: user=0.60 sys=0.02, real=0.04 secs] 
23734.335: [GC 23734.336: [ParNew: 1396707K->116034K(1415616K), 0.0686440 secs] 7282062K->6015324K(8231360K), 0.0690570 secs] [Times: user=0.73 sys=0.02, real=0.07 secs] 
23738.722: [GC 23738.722: [ParNew: 1374402K->114061K(1415616K), 0.0556710 secs] 7273692K->6021081K(8231360K), 0.0560700 secs] [Times: user=0.69 sys=0.01, real=0.06 secs] 
23750.697: [GC 23750.697: [ParNew: 1372429K->103003K(1415616K), 0.0365800 secs] 7279449K->6010023K(8231360K), 0.0369880 secs] [Times: user=0.56 sys=0.00, real=0.03 secs] 
23767.573: [GC 23767.573: [ParNew: 1361371K->133447K(1415616K), 0.0365560 secs] 7268391K->6040467K(8231360K), 0.0369960 secs] [Times: user=0.56 sys=0.01, real=0.04 secs] 
23768.615: [GC 23768.615: [ParNew: 1391815K->85946K(1415616K), 0.0657990 secs] 7298835K->6009500K(8231360K), 0.0661730 secs] [Times: user=0.61 sys=0.03, real=0.07 secs] 
23769.702: [GC 23769.702: [ParNew: 1344314K->102796K(1415616K), 0.0320380 secs] 7267868K->6026349K(8231360K), 0.0324010 secs] [Times: user=0.49 sys=0.02, real=0.03 secs] 
23770.462: [GC 23770.462: [ParNew: 1361164K->111617K(1415616K), 0.0333970 secs] 7284717K->6035170K(8231360K), 0.0337720 secs] [Times: user=0.50 sys=0.01, real=0.03 secs] 
23771.408: [GC 23771.408: [ParNew: 1369985K->119184K(1415616K), 0.0334680 secs] 7293538K->6042738K(8231360K), 0.0338610 secs] [Times: user=0.51 sys=0.00, real=0.04 secs] 
23772.389: [GC 23772.389: [ParNew: 1377552K->123080K(1415616K), 0.0352820 secs] 7301106K->6046634K(8231360K), 0.0356590 secs] [Times: user=0.55 sys=0.01, real=0.04 secs] 
23774.185: [GC 23774.186: [ParNew: 1381448K->107343K(1415616K), 0.0546900 secs] 7305002K->6042797K(8231360K), 0.0550710 secs] [Times: user=0.60 sys=0.01, real=0.06 secs] 
23775.392: [GC 23775.392: [ParNew: 1365711K->121454K(1415616K), 0.0400360 secs] 7301165K->6056908K(8231360K), 0.0404140 secs] [Times: user=0.62 sys=0.01, real=0.04 secs] 
23788.785: [GC 23788.785: [ParNew: 1379822K->98687K(1415616K), 0.0528920 secs] 7315276K->6038145K(8231360K), 0.0533590 secs] [Times: user=0.67 sys=0.01, real=0.05 secs] 
23789.651: [GC 23789.651: [ParNew: 1357055K->149707K(1415616K), 0.0456400 secs] 7296513K->6089165K(8231360K), 0.0460410 secs] [Times: user=0.70 sys=0.02, real=0.05 secs] 
23790.490: [GC 23790.490: [ParNew: 1408075K->116074K(1415616K), 0.0882470 secs] 7347533K->6076485K(8231360K), 0.0886170 secs] [Times: user=0.84 sys=0.04, real=0.09 secs] 
23791.393: [GC 23791.394: [ParNew: 1374442K->120507K(1415616K), 0.0587500 secs] 7334853K->6088665K(8231360K), 0.0591260 secs] [Times: user=0.73 sys=0.01, real=0.05 secs] 
23883.565: [GC 23883.565: [ParNew: 1378875K->82290K(1415616K), 0.0467500 secs] 7347033K->6057015K(8231360K), 0.0471550 secs] [Times: user=0.53 sys=0.02, real=0.05 secs] 
24222.332: [GC 24222.333: [ParNew: 1340658K->109049K(1415616K), 0.0347970 secs] 7315383K->6083773K(8231360K), 0.0352660 secs] [Times: user=0.48 sys=0.02, real=0.03 secs] 
24255.101: [GC 24255.101: [ParNew: 1367417K->125064K(1415616K), 0.0350620 secs] 7342141K->6099789K(8231360K), 0.0355280 secs] [Times: user=0.50 sys=0.01, real=0.03 secs] 
24278.100: [GC 24278.100: [ParNew: 1383432K->141573K(1415616K), 0.0392720 secs] 7358157K->6116298K(8231360K), 0.0397360 secs] [Times: user=0.55 sys=0.03, real=0.04 secs] 
24297.687: [GC 24297.688: [ParNew: 1399941K->98337K(1415616K), 0.0631550 secs] 7374666K->6085373K(8231360K), 0.0635870 secs] [Times: user=0.65 sys=0.03, real=0.06 secs] 
24322.718: [GC 24322.718: [ParNew: 1356705K->140490K(1415616K), 0.0419550 secs] 7343741K->6127526K(8231360K), 0.0423980 secs] [Times: user=0.61 sys=0.02, real=0.04 secs] 
24345.924: [GC 24345.924: [ParNew: 1398858K->97912K(1415616K), 0.0511400 secs] 7385894K->6091133K(8231360K), 0.0515730 secs] [Times: user=0.63 sys=0.02, real=0.06 secs] 
24371.458: [GC 24371.459: [ParNew: 1356280K->136202K(1415616K), 0.0557430 secs] 7349501K->6138458K(8231360K), 0.0561970 secs] [Times: user=0.61 sys=0.03, real=0.06 secs] 
24396.917: [GC 24396.917: [ParNew: 1394570K->98776K(1415616K), 0.0499070 secs] 7396826K->6108065K(8231360K), 0.0503740 secs] [Times: user=0.61 sys=0.02, real=0.05 secs] 
24423.061: [GC 24423.061: [ParNew: 1357144K->133751K(1415616K), 0.0556690 secs] 7366433K->6149662K(8231360K), 0.0561350 secs] [Times: user=0.68 sys=0.03, real=0.05 secs] 
24453.706: [GC 24453.707: [ParNew: 1392119K->125093K(1415616K), 0.0516730 secs] 7408030K->6147966K(8231360K), 0.0521040 secs] [Times: user=0.62 sys=0.01, real=0.05 secs] 
24647.500: [GC 24647.500: [ParNew: 1383461K->121255K(1415616K), 0.0497130 secs] 7406334K->6150757K(8231360K), 0.0501860 secs] [Times: user=0.58 sys=0.03, real=0.06 secs] 
24669.393: [GC 24669.393: [ParNew: 1379623K->140412K(1415616K), 0.0445160 secs] 7409125K->6173496K(8231360K), 0.0449980 secs] [Times: user=0.58 sys=0.02, real=0.05 secs] 
24692.694: [GC 24692.694: [ParNew: 1398780K->103242K(1415616K), 0.0465540 secs] 7431864K->6143980K(8231360K), 0.0469950 secs] [Times: user=0.57 sys=0.01, real=0.05 secs] 
24892.495: [GC 24892.495: [ParNew: 1361610K->140301K(1415616K), 0.0518520 secs] 7402348K->6187951K(8231360K), 0.0523030 secs] [Times: user=0.61 sys=0.02, real=0.06 secs] 
24898.323: [GC 24898.323: [ParNew: 1398669K->104237K(1415616K), 0.0566370 secs] 7446319K->6158574K(8231360K), 0.0570410 secs] [Times: user=0.70 sys=0.02, real=0.06 secs] 
24905.122: [GC 24905.122: [ParNew: 1362605K->130192K(1415616K), 0.0641210 secs] 7416942K->6198281K(8231360K), 0.0645230 secs] [Times: user=0.69 sys=0.01, real=0.06 secs] 
24910.313: [GC 24910.314: [ParNew: 1388560K->129455K(1415616K), 0.0506590 secs] 7456649K->6204142K(8231360K), 0.0510290 secs] [Times: user=0.65 sys=0.01, real=0.05 secs] 
24914.508: [GC 24914.508: [ParNew: 1387823K->134719K(1415616K), 0.0539580 secs] 7462510K->6216327K(8231360K), 0.0543870 secs] [Times: user=0.71 sys=0.00, real=0.06 secs] 
24918.301: [GC 24918.301: [ParNew: 1393087K->118144K(1415616K), 0.0666890 secs] 7474695K->6213484K(8231360K), 0.0670860 secs] [Times: user=0.71 sys=0.02, real=0.06 secs] 
24921.747: [GC 24921.747: [ParNew: 1376512K->119744K(1415616K), 0.0527650 secs] 7471852K->6221750K(8231360K), 0.0531580 secs] [Times: user=0.66 sys=0.02, real=0.05 secs] 
24924.903: [GC 24924.903: [ParNew: 1378112K->121026K(1415616K), 0.0636530 secs] 7480118K->6235312K(8231360K), 0.0640530 secs] [Times: user=0.69 sys=0.02, real=0.06 secs] 
24927.524: [GC 24927.525: [ParNew: 1379394K->128334K(1415616K), 0.0480710 secs] 7493680K->6249362K(8231360K), 0.0484770 secs] [Times: user=0.60 sys=0.01, real=0.05 secs] 
24930.107: [GC 24930.107: [ParNew: 1386702K->115456K(1415616K), 0.0606570 secs] 7507730K->6248874K(8231360K), 0.0610580 secs] [Times: user=0.68 sys=0.03, real=0.06 secs] 
24932.743: [GC 24932.743: [ParNew: 1373824K->123474K(1415616K), 0.0496790 secs] 7507242K->6264640K(8231360K), 0.0500580 secs] [Times: user=0.60 sys=0.01, real=0.05 secs] 
24935.519: [GC 24935.519: [ParNew: 1381842K->128149K(1415616K), 0.0594500 secs] 7523008K->6276884K(8231360K), 0.0598340 secs] [Times: user=0.75 sys=0.01, real=0.06 secs] 
24937.488: [GC 24937.489: [ParNew: 1386517K->134659K(1415616K), 0.0512890 secs] 7535252K->6291269K(8231360K), 0.0516550 secs] [Times: user=0.62 sys=0.02, real=0.05 secs] 
24939.314: [GC 24939.314: [ParNew: 1393027K->125961K(1415616K), 0.0529520 secs] 7549637K->6290541K(8231360K), 0.0533230 secs] [Times: user=0.61 sys=0.03, real=0.05 secs] 
24952.720: [GC 24952.721: [ParNew: 1384329K->90449K(1415616K), 0.0503480 secs] 7548909K->6262622K(8231360K), 0.0507710 secs] [Times: user=0.59 sys=0.01, real=0.05 secs] 
24953.209: [GC 24953.209: [ParNew: 1348817K->140591K(1415616K), 0.0391890 secs] 7520990K->6312764K(8231360K), 0.0395600 secs] [Times: user=0.58 sys=0.01, real=0.04 secs] 
24953.779: [GC 24953.779: [ParNew: 1398959K->100643K(1415616K), 0.0585120 secs] 7571132K->6280517K(8231360K), 0.0588860 secs] [Times: user=0.72 sys=0.02, real=0.06 secs] 
24958.333: [GC 24958.333: [ParNew: 1359011K->154705K(1415616K), 0.0570620 secs] 7538885K->6342869K(8231360K), 0.0574760 secs] [Times: user=0.69 sys=0.03, real=0.06 secs] 
24959.913: [GC 24959.913: [ParNew: 1413073K->110354K(1415616K), 0.0695570 secs] 7601237K->6313860K(8231360K), 0.0699240 secs] [Times: user=0.72 sys=0.03, real=0.07 secs] 
24961.268: [GC 24961.268: [ParNew: 1368722K->139350K(1415616K), 0.0676150 secs] 7572228K->6358569K(8231360K), 0.0679870 secs] [Times: user=0.69 sys=0.03, real=0.07 secs] 
24962.259: [GC 24962.259: [ParNew: 1397718K->135600K(1415616K), 0.0556740 secs] 7616937K->6362668K(8231360K), 0.0560510 secs] [Times: user=0.69 sys=0.02, real=0.05 secs] 
24963.135: [GC 24963.136: [ParNew: 1393968K->119813K(1415616K), 0.0683470 secs] 7621036K->6363026K(8231360K), 0.0687210 secs] [Times: user=0.67 sys=0.04, real=0.07 secs] 
24965.314: [GC 24965.315: [ParNew: 1378181K->111333K(1415616K), 0.0497520 secs] 7621394K->6362320K(8231360K), 0.0501370 secs] [Times: user=0.59 sys=0.02, real=0.05 secs] 
24967.964: [GC 24967.964: [ParNew: 1369701K->132287K(1415616K), 0.0363990 secs] 7620688K->6383274K(8231360K), 0.0367890 secs] [Times: user=0.56 sys=0.00, real=0.04 secs] 
24969.340: [GC 24969.340: [ParNew: 1390655K->138608K(1415616K), 0.0522430 secs] 7641642K->6397729K(8231360K), 0.0526230 secs] [Times: user=0.65 sys=0.01, real=0.06 secs] 
24970.373: [GC 24970.374: [ParNew: 1396976K->109930K(1415616K), 0.0883260 secs] 7656097K->6387994K(8231360K), 0.0888720 secs] [Times: user=0.84 sys=0.02, real=0.09 secs] 
24970.464: [GC [1 CMS-initial-mark: 6278064K(6815744K)] 6392076K(8231360K), 0.1332250 secs] [Times: user=0.13 sys=0.00, real=0.13 secs] 
24970.598: [CMS-concurrent-mark-start]
24971.743: [GC 24971.743: [ParNew: 1368298K->116399K(1415616K), 0.0618560 secs] 7646362K->6404791K(8231360K), 0.0622470 secs] [Times: user=0.72 sys=0.01, real=0.06 secs] 
24973.373: [GC 24973.373: [ParNew: 1374767K->138331K(1415616K), 0.0388690 secs] 7663159K->6426722K(8231360K), 0.0392730 secs] [Times: user=0.58 sys=0.00, real=0.04 secs] 
24975.164: [GC 24975.164: [ParNew: 1396699K->120750K(1415616K), 0.0560450 secs] 7685090K->6416977K(8231360K), 0.0564260 secs] [Times: user=0.69 sys=0.01, real=0.05 secs] 
24976.571: [GC 24976.571: [ParNew: 1379118K->133281K(1415616K), 0.0558770 secs] 7675345K->6437379K(8231360K), 0.0562550 secs] [Times: user=0.72 sys=0.01, real=0.06 secs] 
24977.576: [CMS-concurrent-mark: 6.757/6.978 secs] [Times: user=37.82 sys=0.64, real=6.98 secs] 
24977.576: [CMS-concurrent-preclean-start]
24977.755: [CMS-concurrent-preclean: 0.173/0.179 secs] [Times: user=0.42 sys=0.02, real=0.18 secs] 
24977.755: [CMS-concurrent-abortable-preclean-start]
24978.532: [GC 24978.532: [ParNew: 1391649K->110191K(1415616K), 0.0750980 secs] 7695747K->6432293K(8231360K), 0.0754830 secs] [Times: user=0.79 sys=0.03, real=0.07 secs] 
 CMS: abort preclean due to time 24982.773: [CMS-concurrent-abortable-preclean: 4.934/5.018 secs] [Times: user=6.60 sys=0.16, real=5.02 secs] 
24982.775: [GC[YG occupancy: 382555 K (1415616 K)]24982.775: [Rescan (parallel) , 0.0999590 secs]24982.875: [weak refs processing, 0.0000530 secs] [1 CMS-remark: 6322101K(6815744K)] 6704656K(8231360K), 0.1001960 secs] [Times: user=0.57 sys=0.01, real=0.10 secs] 
24982.876: [CMS-concurrent-sweep-start]
24989.795: [CMS-concurrent-sweep: 6.920/6.920 secs] [Times: user=7.56 sys=0.89, real=6.92 secs] 
24989.796: [CMS-concurrent-reset-start]
24989.822: [CMS-concurrent-reset: 0.027/0.027 secs] [Times: user=0.03 sys=0.00, real=0.02 secs] 
25016.362: [GC 25016.362: [ParNew: 1368559K->80329K(1415616K), 0.0333580 secs] 6137060K->4848830K(8231360K), 0.0338090 secs] [Times: user=0.49 sys=0.00, real=0.03 secs] 
25017.777: [GC 25017.777: [ParNew: 1338697K->123103K(1415616K), 0.0375910 secs] 6107198K->4891603K(8231360K), 0.0379910 secs] [Times: user=0.53 sys=0.02, real=0.04 secs] 
25021.149: [GC 25021.149: [ParNew: 1381471K->100676K(1415616K), 0.0408080 secs] 6149971K->4869176K(8231360K), 0.0411910 secs] [Times: user=0.61 sys=0.01, real=0.05 secs] 
25023.145: [GC 25023.145: [ParNew: 1359044K->146261K(1415616K), 0.0573810 secs] 6127544K->4922478K(8231360K), 0.0578010 secs] [Times: user=0.73 sys=0.00, real=0.06 secs] 
25027.945: [GC 25027.945: [ParNew: 1404629K->100057K(1415616K), 0.0691190 secs] 6180846K->4891546K(8231360K), 0.0695220 secs] [Times: user=0.73 sys=0.02, real=0.07 secs] 
25032.527: [GC 25032.527: [ParNew: 1358425K->122991K(1415616K), 0.0429790 secs] 6149914K->4914480K(8231360K), 0.0433800 secs] [Times: user=0.66 sys=0.01, real=0.04 secs] 
25036.521: [GC 25036.521: [ParNew: 1381359K->125308K(1415616K), 0.0537150 secs] 6172848K->4924461K(8231360K), 0.0541050 secs] [Times: user=0.66 sys=0.01, real=0.06 secs] 
25076.904: [GC 25076.904: [ParNew: 1383676K->86518K(1415616K), 0.0463920 secs] 6182829K->4893368K(8231360K), 0.0468130 secs] [Times: user=0.53 sys=0.02, real=0.05 secs] 
25129.307: [GC 25129.307: [ParNew: 1344886K->113624K(1415616K), 0.0344810 secs] 6151736K->4920473K(8231360K), 0.0349090 secs] [Times: user=0.53 sys=0.00, real=0.04 secs] 
25138.340: [GC 25138.340: [ParNew: 1371992K->148891K(1415616K), 0.0362010 secs] 6178841K->4955740K(8231360K), 0.0366290 secs] [Times: user=0.55 sys=0.01, real=0.04 secs] 
25144.410: [GC 25144.410: [ParNew: 1407259K->106170K(1415616K), 0.0680290 secs] 6214108K->4927395K(8231360K), 0.0684300 secs] [Times: user=0.73 sys=0.01, real=0.07 secs] 
25149.345: [GC 25149.345: [ParNew: 1364538K->151994K(1415616K), 0.0553910 secs] 6185763K->4981293K(8231360K), 0.0557970 secs] [Times: user=0.66 sys=0.01, real=0.05 secs] 
25152.546: [GC 25152.546: [ParNew: 1410362K->102087K(1415616K), 0.0572230 secs] 6239661K->4939729K(8231360K), 0.0576180 secs] [Times: user=0.69 sys=0.01, real=0.05 secs] 
25155.405: [GC 25155.406: [ParNew: 1360455K->120246K(1415616K), 0.0748610 secs] 6198097K->4973315K(8231360K), 0.0752430 secs] [Times: user=0.74 sys=0.03, real=0.07 secs] 
25158.003: [GC 25158.003: [ParNew: 1378614K->134486K(1415616K), 0.0566970 secs] 6231683K->4994838K(8231360K), 0.0571060 secs] [Times: user=0.67 sys=0.02, real=0.06 secs] 
25160.942: [GC 25160.942: [ParNew: 1392854K->128872K(1415616K), 0.0718510 secs] 6253206K->5003741K(8231360K), 0.0722410 secs] [Times: user=0.74 sys=0.03, real=0.07 secs] 
25164.187: [GC 25164.187: [ParNew: 1387240K->113765K(1415616K), 0.0548650 secs] 6262109K->4995070K(8231360K), 0.0552770 secs] [Times: user=0.68 sys=0.00, real=0.05 secs] 
25167.089: [GC 25167.089: [ParNew: 1372133K->123480K(1415616K), 0.0567870 secs] 6253438K->5012336K(8231360K), 0.0571800 secs] [Times: user=0.65 sys=0.02, real=0.05 secs] 
25169.514: [GC 25169.515: [ParNew: 1381848K->118365K(1415616K), 0.0579710 secs] 6270704K->5015066K(8231360K), 0.0583900 secs] [Times: user=0.67 sys=0.02, real=0.06 secs] 
25171.455: [GC 25171.455: [ParNew: 1376733K->129249K(1415616K), 0.0572150 secs] 6273434K->5033746K(8231360K), 0.0575930 secs] [Times: user=0.70 sys=0.00, real=0.06 secs] 
25173.386: [GC 25173.386: [ParNew: 1387617K->131472K(1415616K), 0.0642360 secs] 6292114K->5045529K(8231360K), 0.0646240 secs] [Times: user=0.73 sys=0.02, real=0.07 secs] 
25176.107: [GC 25176.107: [ParNew: 1389840K->127624K(1415616K), 0.0626950 secs] 6303897K->5050393K(8231360K), 0.0630800 secs] [Times: user=0.75 sys=0.02, real=0.07 secs] 
25178.957: [GC 25178.957: [ParNew: 1385992K->122651K(1415616K), 0.0619710 secs] 6308761K->5053370K(8231360K), 0.0623620 secs] [Times: user=0.73 sys=0.02, real=0.07 secs] 
25181.233: [GC 25181.234: [ParNew: 1381019K->127434K(1415616K), 0.0570160 secs] 6311738K->5065837K(8231360K), 0.0574160 secs] [Times: user=0.70 sys=0.02, real=0.06 secs] 
25184.508: [GC 25184.508: [ParNew: 1385802K->105862K(1415616K), 0.0538140 secs] 6324205K->5051778K(8231360K), 0.0542320 secs] [Times: user=0.63 sys=0.01, real=0.06 secs] 
25186.423: [GC 25186.423: [ParNew: 1364230K->118409K(1415616K), 0.0564280 secs] 6310146K->5071667K(8231360K), 0.0568320 secs] [Times: user=0.71 sys=0.01, real=0.05 secs] 
25189.704: [GC 25189.704: [ParNew: 1376777K->119347K(1415616K), 0.0639660 secs] 6330035K->5079905K(8231360K), 0.0643660 secs] [Times: user=0.75 sys=0.03, real=0.06 secs] 
25191.901: [GC 25191.901: [ParNew: 1377715K->123569K(1415616K), 0.0608480 secs] 6338273K->5092215K(8231360K), 0.0612720 secs] [Times: user=0.73 sys=0.01, real=0.07 secs] 
25195.358: [GC 25195.359: [ParNew: 1381937K->118386K(1415616K), 0.0554960 secs] 6350583K->5095120K(8231360K), 0.0559060 secs] [Times: user=0.69 sys=0.01, real=0.06 secs] 
25198.937: [GC 25198.937: [ParNew: 1376754K->112403K(1415616K), 0.0578920 secs] 6353488K->5097322K(8231360K), 0.0582940 secs] [Times: user=0.69 sys=0.02, real=0.06 secs] 
25204.280: [GC 25204.280: [ParNew: 1370771K->123724K(1415616K), 0.0405760 secs] 6355690K->5108643K(8231360K), 0.0409750 secs] [Times: user=0.63 sys=0.00, real=0.04 secs] 
25206.322: [GC 25206.322: [ParNew: 1382092K->131519K(1415616K), 0.0628680 secs] 6367011K->5124804K(8231360K), 0.0632620 secs] [Times: user=0.77 sys=0.03, real=0.07 secs] 
25208.808: [GC 25208.809: [ParNew: 1389887K->129226K(1415616K), 0.0597470 secs] 6383172K->5130057K(8231360K), 0.0601200 secs] [Times: user=0.74 sys=0.02, real=0.06 secs] 
25318.920: [GC 25318.921: [ParNew: 1387594K->95015K(1415616K), 0.0577490 secs] 6388425K->5103276K(8231360K), 0.0584500 secs] [Times: user=0.67 sys=0.02, real=0.06 secs] 
25323.334: [GC 25323.334: [ParNew: 1353383K->136900K(1415616K), 0.0401520 secs] 6361644K->5145161K(8231360K), 0.0405310 secs] [Times: user=0.61 sys=0.02, real=0.04 secs] 
25326.537: [GC 25326.537: [ParNew: 1395268K->122304K(1415616K), 0.0532930 secs] 6403529K->5137945K(8231360K), 0.0536810 secs] [Times: user=0.66 sys=0.03, real=0.05 secs] 
25456.895: [GC 25456.896: [ParNew: 1380672K->99033K(1415616K), 0.0502950 secs] 6396313K->5122041K(8231360K), 0.0506930 secs] [Times: user=0.59 sys=0.00, real=0.05 secs] 
25483.715: [GC 25483.715: [ParNew: 1357401K->121446K(1415616K), 0.0402030 secs] 6380409K->5144453K(8231360K), 0.0406160 secs] [Times: user=0.59 sys=0.01, real=0.05 secs] 
25510.295: [GC 25510.295: [ParNew: 1379814K->122563K(1415616K), 0.0582090 secs] 6402821K->5153250K(8231360K), 0.0586190 secs] [Times: user=0.72 sys=0.02, real=0.06 secs] 
25550.372: [GC 25550.372: [ParNew: 1380931K->111855K(1415616K), 0.0500210 secs] 6411618K->5150068K(8231360K), 0.0504570 secs] [Times: user=0.60 sys=0.02, real=0.05 secs] 
25554.510: [GC 25554.511: [ParNew: 1370223K->120697K(1415616K), 0.0379910 secs] 6408436K->5158910K(8231360K), 0.0383700 secs] [Times: user=0.55 sys=0.01, real=0.04 secs] 
25556.392: [GC 25556.392: [ParNew: 1379065K->124394K(1415616K), 0.0352510 secs] 6417278K->5162606K(8231360K), 0.0356200 secs] [Times: user=0.53 sys=0.00, real=0.04 secs] 
25750.295: [GC 25750.295: [ParNew: 1382762K->119788K(1415616K), 0.0382400 secs] 6420974K->5158001K(8231360K), 0.0386530 secs] [Times: user=0.55 sys=0.03, real=0.03 secs] 
25760.717: [GC 25760.717: [ParNew: 1378156K->138927K(1415616K), 0.0402610 secs] 6416369K->5177140K(8231360K), 0.0406640 secs] [Times: user=0.61 sys=0.02, real=0.04 secs] 
25767.709: [GC 25767.709: [ParNew: 1397295K->141729K(1415616K), 0.0574180 secs] 6435508K->5188029K(8231360K), 0.0578260 secs] [Times: user=0.68 sys=0.01, real=0.05 secs] 
25774.726: [GC 25774.726: [ParNew: 1400097K->114250K(1415616K), 0.0751530 secs] 6446397K->5176050K(8231360K), 0.0755260 secs] [Times: user=0.78 sys=0.03, real=0.08 secs] 
25781.296: [GC 25781.297: [ParNew: 1372618K->117743K(1415616K), 0.0520530 secs] 6434418K->5187235K(8231360K), 0.0524150 secs] [Times: user=0.62 sys=0.01, real=0.05 secs] 
25786.290: [GC 25786.290: [ParNew: 1376111K->99741K(1415616K), 0.0518220 secs] 6445603K->5179483K(8231360K), 0.0522560 secs] [Times: user=0.56 sys=0.03, real=0.06 secs] 
25790.147: [GC 25790.147: [ParNew: 1358109K->79162K(1415616K), 0.0311530 secs] 6437851K->5158905K(8231360K), 0.0315470 secs] [Times: user=0.48 sys=0.00, real=0.03 secs] 
25792.311: [GC 25792.311: [ParNew: 1337530K->99405K(1415616K), 0.0332200 secs] 6417273K->5179148K(8231360K), 0.0336030 secs] [Times: user=0.47 sys=0.01, real=0.04 secs] 
25818.970: [GC 25818.970: [ParNew: 1357773K->109328K(1415616K), 0.0373020 secs] 6437516K->5189070K(8231360K), 0.0377050 secs] [Times: user=0.53 sys=0.02, real=0.04 secs] 
25823.776: [GC 25823.776: [ParNew: 1367696K->131931K(1415616K), 0.0364580 secs] 6447438K->5211673K(8231360K), 0.0368800 secs] [Times: user=0.51 sys=0.03, real=0.04 secs] 
25830.113: [GC 25830.113: [ParNew: 1390299K->96356K(1415616K), 0.0371070 secs] 6470041K->5176098K(8231360K), 0.0375160 secs] [Times: user=0.56 sys=0.02, real=0.04 secs] 
25837.107: [GC 25837.107: [ParNew: 1354724K->92673K(1415616K), 0.1048780 secs] 6434466K->5202538K(8231360K), 0.1052700 secs] [Times: user=0.86 sys=0.04, real=0.11 secs] 
25842.788: [GC 25842.788: [ParNew: 1351041K->108996K(1415616K), 0.0296530 secs] 6460906K->5218861K(8231360K), 0.0301140 secs] [Times: user=0.45 sys=0.02, real=0.03 secs] 
25848.878: [GC 25848.878: [ParNew: 1367364K->120223K(1415616K), 0.0339180 secs] 6477229K->5230087K(8231360K), 0.0343110 secs] [Times: user=0.49 sys=0.01, real=0.03 secs] 
25851.287: [GC 25851.287: [ParNew: 1378591K->86872K(1415616K), 0.0334070 secs] 6488455K->5196737K(8231360K), 0.0337730 secs] [Times: user=0.50 sys=0.02, real=0.03 secs] 
25853.386: [GC 25853.386: [ParNew: 1345240K->132041K(1415616K), 0.0308620 secs] 6455105K->5241906K(8231360K), 0.0312680 secs] [Times: user=0.48 sys=0.00, real=0.03 secs] 
25854.562: [GC 25854.562: [ParNew: 1390409K->94000K(1415616K), 0.0349970 secs] 6500274K->5203865K(8231360K), 0.0353680 secs] [Times: user=0.52 sys=0.01, real=0.04 secs] 
25856.217: [GC 25856.217: [ParNew: 1352368K->98686K(1415616K), 0.0675290 secs] 6462233K->5225560K(8231360K), 0.0679500 secs] [Times: user=0.62 sys=0.03, real=0.07 secs] 
25859.522: [GC 25859.522: [ParNew: 1357054K->132114K(1415616K), 0.0318500 secs] 6483928K->5258988K(8231360K), 0.0322280 secs] [Times: user=0.47 sys=0.02, real=0.04 secs] 
25862.711: [GC 25862.711: [ParNew: 1390482K->107951K(1415616K), 0.0333210 secs] 6517356K->5234826K(8231360K), 0.0337010 secs] [Times: user=0.52 sys=0.00, real=0.03 secs] 
25865.790: [GC 25865.790: [ParNew: 1366319K->131844K(1415616K), 0.0657530 secs] 6493194K->5273252K(8231360K), 0.0661340 secs] [Times: user=0.64 sys=0.02, real=0.07 secs] 
25867.699: [GC 25867.699: [ParNew: 1390212K->102699K(1415616K), 0.0358820 secs] 6531620K->5244384K(8231360K), 0.0362320 secs] [Times: user=0.55 sys=0.00, real=0.03 secs] 
25870.149: [GC 25870.149: [ParNew: 1361067K->128057K(1415616K), 0.0637700 secs] 6502752K->5284030K(8231360K), 0.0641360 secs] [Times: user=0.64 sys=0.01, real=0.06 secs] 
25873.529: [GC 25873.529: [ParNew: 1386425K->111565K(1415616K), 0.0506830 secs] 6542398K->5274583K(8231360K), 0.0510660 secs] [Times: user=0.59 sys=0.01, real=0.05 secs] 
25876.258: [GC 25876.258: [ParNew: 1369933K->89581K(1415616K), 0.0399470 secs] 6532951K->5258286K(8231360K), 0.0403230 secs] [Times: user=0.49 sys=0.01, real=0.04 secs] 
25878.973: [GC 25878.973: [ParNew: 1347949K->73300K(1415616K), 0.0288440 secs] 6516654K->5242005K(8231360K), 0.0292070 secs] [Times: user=0.42 sys=0.00, real=0.03 secs] 
25881.302: [GC 25881.302: [ParNew: 1331668K->76127K(1415616K), 0.0284470 secs] 6500373K->5244832K(8231360K), 0.0288270 secs] [Times: user=0.38 sys=0.02, real=0.03 secs] 
25883.776: [GC 25883.776: [ParNew: 1334495K->86958K(1415616K), 0.0322860 secs] 6503200K->5255663K(8231360K), 0.0326700 secs] [Times: user=0.47 sys=0.00, real=0.04 secs] 
25885.162: [GC 25885.162: [ParNew: 1345326K->91261K(1415616K), 0.0312820 secs] 6514031K->5259966K(8231360K), 0.0316740 secs] [Times: user=0.44 sys=0.01, real=0.03 secs] 
25972.136: [GC 25972.137: [ParNew: 1349629K->93544K(1415616K), 0.0299410 secs] 6518334K->5262249K(8231360K), 0.0304050 secs] [Times: user=0.43 sys=0.00, real=0.03 secs] 
26213.316: [GC 26213.317: [ParNew: 1351912K->112030K(1415616K), 0.0356310 secs] 6520617K->5280735K(8231360K), 0.0360840 secs] [Times: user=0.53 sys=0.01, real=0.04 secs] 
26251.315: [GC 26251.315: [ParNew: 1370398K->123434K(1415616K), 0.0345820 secs] 6539103K->5292139K(8231360K), 0.0350140 secs] [Times: user=0.51 sys=0.02, real=0.04 secs] 
26283.299: [GC 26283.299: [ParNew: 1381802K->140090K(1415616K), 0.0392650 secs] 6550507K->5308795K(8231360K), 0.0396830 secs] [Times: user=0.60 sys=0.01, real=0.04 secs] 
26308.941: [GC 26308.942: [ParNew: 1398458K->94122K(1415616K), 0.0915360 secs] 6567163K->5283549K(8231360K), 0.0923210 secs] [Times: user=0.88 sys=0.04, real=0.09 secs] 
26327.711: [GC 26327.711: [ParNew: 1352490K->120815K(1415616K), 0.0367670 secs] 6541917K->5310242K(8231360K), 0.0372070 secs] [Times: user=0.55 sys=0.02, real=0.03 secs] 
26383.302: [GC 26383.302: [ParNew: 1379183K->127149K(1415616K), 0.0379580 secs] 6568610K->5316576K(8231360K), 0.0384340 secs] [Times: user=0.56 sys=0.02, real=0.03 secs] 
26411.908: [GC 26411.908: [ParNew: 1385517K->88493K(1415616K), 0.0768990 secs] 6574944K->5298914K(8231360K), 0.0773050 secs] [Times: user=0.65 sys=0.03, real=0.07 secs] 
26443.705: [GC 26443.705: [ParNew: 1346861K->117577K(1415616K), 0.0362650 secs] 6557282K->5327998K(8231360K), 0.0366950 secs] [Times: user=0.51 sys=0.02, real=0.03 secs] 
26471.300: [GC 26471.300: [ParNew: 1375945K->122237K(1415616K), 0.0340820 secs] 6586366K->5332659K(8231360K), 0.0344990 secs] [Times: user=0.52 sys=0.02, real=0.03 secs] 
26510.286: [GC 26510.286: [ParNew: 1380605K->121999K(1415616K), 0.0664320 secs] 6591027K->5346182K(8231360K), 0.0668850 secs] [Times: user=0.68 sys=0.03, real=0.06 secs] 
26558.578: [GC 26558.578: [ParNew: 1380367K->147169K(1415616K), 0.0410910 secs] 6604550K->5371697K(8231360K), 0.0415140 secs] [Times: user=0.59 sys=0.01, real=0.04 secs] 
26561.095: [GC 26561.095: [ParNew: 1405537K->129339K(1415616K), 0.0744610 secs] 6630065K->5370385K(8231360K), 0.0748590 secs] [Times: user=0.74 sys=0.03, real=0.07 secs] 
26562.295: [GC 26562.296: [ParNew: 1386980K->131634K(1415616K), 0.0680880 secs] 6628026K->5386131K(8231360K), 0.0684950 secs] [Times: user=0.74 sys=0.02, real=0.07 secs] 
26573.092: [GC 26573.092: [ParNew: 1390002K->88602K(1415616K), 0.0585390 secs] 6644499K->5356458K(8231360K), 0.0589920 secs] [Times: user=0.59 sys=0.01, real=0.06 secs] 
26597.088: [GC 26597.088: [ParNew: 1346970K->104386K(1415616K), 0.0379990 secs] 6614826K->5372241K(8231360K), 0.0384090 secs] [Times: user=0.54 sys=0.04, real=0.04 secs] 
26669.703: [GC 26669.704: [ParNew: 1362754K->118343K(1415616K), 0.0368660 secs] 6630609K->5386199K(8231360K), 0.0372880 secs] [Times: user=0.54 sys=0.02, real=0.03 secs] 
26690.115: [GC 26690.115: [ParNew: 1376711K->143109K(1415616K), 0.0384690 secs] 6644567K->5410965K(8231360K), 0.0388950 secs] [Times: user=0.58 sys=0.02, real=0.04 secs] 
26698.332: [GC 26698.333: [ParNew: 1401477K->102956K(1415616K), 0.0602940 secs] 6669333K->5377706K(8231360K), 0.0607180 secs] [Times: user=0.77 sys=0.01, real=0.06 secs] 
26705.930: [GC 26705.930: [ParNew: 1361324K->127615K(1415616K), 0.0685130 secs] 6636074K->5415949K(8231360K), 0.0689150 secs] [Times: user=0.74 sys=0.02, real=0.07 secs] 
26711.315: [GC 26711.315: [ParNew: 1385983K->137910K(1415616K), 0.0503690 secs] 6674317K->5431997K(8231360K), 0.0507390 secs] [Times: user=0.63 sys=0.02, real=0.05 secs] 
26715.619: [GC 26715.620: [ParNew: 1396278K->106464K(1415616K), 0.0790810 secs] 6690365K->5419380K(8231360K), 0.0794730 secs] [Times: user=0.76 sys=0.03, real=0.08 secs] 
26718.704: [GC 26718.705: [ParNew: 1364832K->144278K(1415616K), 0.0418240 secs] 6677748K->5457193K(8231360K), 0.0421880 secs] [Times: user=0.63 sys=0.01, real=0.04 secs] 
26722.839: [GC 26722.839: [ParNew: 1402646K->112541K(1415616K), 0.0786780 secs] 6715561K->5441205K(8231360K), 0.0792190 secs] [Times: user=0.81 sys=0.02, real=0.08 secs] 
26727.768: [GC 26727.768: [ParNew: 1370909K->98061K(1415616K), 0.0528060 secs] 6699573K->5433619K(8231360K), 0.0532210 secs] [Times: user=0.62 sys=0.02, real=0.05 secs] 
26732.179: [GC 26732.179: [ParNew: 1356429K->124932K(1415616K), 0.0476030 secs] 6691987K->5466662K(8231360K), 0.0480560 secs] [Times: user=0.58 sys=0.02, real=0.05 secs] 
26738.106: [GC 26738.106: [ParNew: 1383300K->114642K(1415616K), 0.0490960 secs] 6725030K->5463270K(8231360K), 0.0494700 secs] [Times: user=0.56 sys=0.01, real=0.05 secs] 
26740.128: [GC 26740.128: [ParNew: 1373010K->128665K(1415616K), 0.0506300 secs] 6721638K->5484824K(8231360K), 0.0510170 secs] [Times: user=0.57 sys=0.02, real=0.05 secs] 
26741.505: [GC 26741.505: [ParNew: 1387033K->127480K(1415616K), 0.0515660 secs] 6743192K->5491263K(8231360K), 0.0519410 secs] [Times: user=0.58 sys=0.03, real=0.06 secs] 
26743.395: [GC 26743.395: [ParNew: 1385848K->122345K(1415616K), 0.0713800 secs] 6749631K->5501514K(8231360K), 0.0717970 secs] [Times: user=0.65 sys=0.02, real=0.07 secs] 
26745.692: [GC 26745.693: [ParNew: 1380713K->134471K(1415616K), 0.0666890 secs] 6759882K->5521244K(8231360K), 0.0671920 secs] [Times: user=0.74 sys=0.03, real=0.07 secs] 
26776.098: [GC 26776.098: [ParNew: 1392839K->83658K(1415616K), 0.0479560 secs] 6779612K->5478742K(8231360K), 0.0483530 secs] [Times: user=0.54 sys=0.01, real=0.05 secs] 
26777.943: [GC 26777.943: [ParNew: 1342026K->126903K(1415616K), 0.0367590 secs] 6737110K->5521986K(8231360K), 0.0371240 secs] [Times: user=0.53 sys=0.01, real=0.04 secs] 
26781.157: [GC 26781.157: [ParNew: 1385271K->110763K(1415616K), 0.0430460 secs] 6780354K->5505846K(8231360K), 0.0434220 secs] [Times: user=0.63 sys=0.01, real=0.04 secs] 
26784.340: [GC 26784.340: [ParNew: 1369131K->141647K(1415616K), 0.0736100 secs] 6764214K->5551529K(8231360K), 0.0740030 secs] [Times: user=0.78 sys=0.03, real=0.07 secs] 
26786.409: [GC 26786.409: [ParNew: 1400015K->137837K(1415616K), 0.0738920 secs] 6809897K->5562849K(8231360K), 0.0742740 secs] [Times: user=0.78 sys=0.02, real=0.07 secs] 
26788.463: [GC 26788.463: [ParNew: 1396205K->121516K(1415616K), 0.0616890 secs] 6821217K->5554677K(8231360K), 0.0620910 secs] [Times: user=0.73 sys=0.01, real=0.07 secs] 
26790.319: [GC 26790.319: [ParNew: 1379884K->130545K(1415616K), 0.0616980 secs] 6813045K->5571403K(8231360K), 0.0621490 secs] [Times: user=0.74 sys=0.01, real=0.06 secs] 
26793.532: [GC 26793.532: [ParNew: 1388913K->132399K(1415616K), 0.0570800 secs] 6829771K->5580870K(8231360K), 0.0574560 secs] [Times: user=0.68 sys=0.01, real=0.06 secs] 
26796.711: [GC 26796.711: [ParNew: 1390767K->117494K(1415616K), 0.0565040 secs] 6839238K->5573485K(8231360K), 0.0568750 secs] [Times: user=0.68 sys=0.01, real=0.06 secs] 
26799.962: [GC 26799.963: [ParNew: 1375862K->109682K(1415616K), 0.0553420 secs] 6831853K->5573549K(8231360K), 0.0557350 secs] [Times: user=0.64 sys=0.02, real=0.06 secs] 
26802.532: [GC 26802.532: [ParNew: 1368050K->115463K(1415616K), 0.0547230 secs] 6831917K->5587213K(8231360K), 0.0551420 secs] [Times: user=0.63 sys=0.01, real=0.05 secs] 
26805.549: [GC 26805.549: [ParNew: 1373831K->129850K(1415616K), 0.0558310 secs] 6845581K->5609579K(8231360K), 0.0562240 secs] [Times: user=0.67 sys=0.02, real=0.05 secs] 
26807.913: [GC 26807.913: [ParNew: 1388218K->119925K(1415616K), 0.0534870 secs] 6867947K->5607505K(8231360K), 0.0538710 secs] [Times: user=0.63 sys=0.03, real=0.05 secs] 
26810.735: [GC 26810.735: [ParNew: 1378293K->116149K(1415616K), 0.0554960 secs] 6865873K->5611408K(8231360K), 0.0558890 secs] [Times: user=0.64 sys=0.02, real=0.06 secs] 
26813.313: [GC 26813.313: [ParNew: 1374517K->111344K(1415616K), 0.0597260 secs] 6869776K->5614383K(8231360K), 0.0601520 secs] [Times: user=0.68 sys=0.01, real=0.06 secs] 
26815.709: [GC 26815.710: [ParNew: 1369712K->116568K(1415616K), 0.0664200 secs] 6872751K->5627960K(8231360K), 0.0667990 secs] [Times: user=0.76 sys=0.02, real=0.07 secs] 
26818.160: [GC 26818.160: [ParNew: 1374936K->127137K(1415616K), 0.0628490 secs] 6886328K->5646024K(8231360K), 0.0632840 secs] [Times: user=0.74 sys=0.01, real=0.07 secs] 
26820.999: [GC 26820.999: [ParNew: 1385505K->122841K(1415616K), 0.0570900 secs] 6904392K->5649222K(8231360K), 0.0574740 secs] [Times: user=0.71 sys=0.01, real=0.06 secs] 
26823.237: [GC 26823.238: [ParNew: 1381209K->127876K(1415616K), 0.0625200 secs] 6907590K->5662387K(8231360K), 0.0628980 secs] [Times: user=0.75 sys=0.00, real=0.06 secs] 
26825.536: [GC 26825.536: [ParNew: 1386244K->128926K(1415616K), 0.0590480 secs] 6920755K->5670741K(8231360K), 0.0594370 secs] [Times: user=0.74 sys=0.02, real=0.06 secs] 
26828.029: [GC 26828.029: [ParNew: 1387294K->129718K(1415616K), 0.0664140 secs] 6929109K->5678758K(8231360K), 0.0667810 secs] [Times: user=0.83 sys=0.02, real=0.07 secs] 
26830.563: [GC 26830.563: [ParNew: 1388086K->120472K(1415616K), 0.0572360 secs] 6937126K->5676992K(8231360K), 0.0576040 secs] [Times: user=0.72 sys=0.00, real=0.06 secs] 
26832.972: [GC 26832.972: [ParNew: 1378840K->120548K(1415616K), 0.0647400 secs] 6935360K->5684571K(8231360K), 0.0651070 secs] [Times: user=0.78 sys=0.02, real=0.07 secs] 
26835.354: [GC 26835.354: [ParNew: 1378916K->121116K(1415616K), 0.0597240 secs] 6942939K->5692931K(8231360K), 0.0600930 secs] [Times: user=0.73 sys=0.00, real=0.06 secs] 
26838.910: [GC 26838.910: [ParNew: 1379484K->120882K(1415616K), 0.0587120 secs] 6951299K->5700527K(8231360K), 0.0591460 secs] [Times: user=0.71 sys=0.01, real=0.06 secs] 
26889.302: [GC 26889.302: [ParNew: 1379250K->82363K(1415616K), 0.0507530 secs] 6958895K->5669934K(8231360K), 0.0511530 secs] [Times: user=0.54 sys=0.02, real=0.05 secs] 
26906.332: [GC 26906.333: [ParNew: 1340731K->125745K(1415616K), 0.0303490 secs] 6928302K->5713316K(8231360K), 0.0307680 secs] [Times: user=0.47 sys=0.00, real=0.03 secs] 
26910.246: [GC 26910.246: [ParNew: 1384113K->105130K(1415616K), 0.0336190 secs] 6971684K->5692701K(8231360K), 0.0340390 secs] [Times: user=0.50 sys=0.01, real=0.04 secs] 
26915.509: [GC 26915.509: [ParNew: 1363498K->151696K(1415616K), 0.0555960 secs] 6951069K->5747340K(8231360K), 0.0559780 secs] [Times: user=0.62 sys=0.02, real=0.06 secs] 
26920.899: [GC 26920.900: [ParNew: 1410064K->104710K(1415616K), 0.0689510 secs] 7005708K->5715952K(8231360K), 0.0693450 secs] [Times: user=0.65 sys=0.03, real=0.06 secs] 
26925.793: [GC 26925.793: [ParNew: 1363078K->142465K(1415616K), 0.0344640 secs] 6974320K->5753706K(8231360K), 0.0348640 secs] [Times: user=0.53 sys=0.00, real=0.03 secs] 
26928.543: [GC 26928.543: [ParNew: 1400833K->118630K(1415616K), 0.0701130 secs] 7012074K->5744976K(8231360K), 0.0705560 secs] [Times: user=0.69 sys=0.01, real=0.07 secs] 
26931.116: [GC 26931.116: [ParNew: 1376998K->143366K(1415616K), 0.0544570 secs] 7003344K->5777509K(8231360K), 0.0548440 secs] [Times: user=0.61 sys=0.02, real=0.05 secs] 
26934.334: [GC 26934.335: [ParNew: 1401734K->103947K(1415616K), 0.0494630 secs] 7035877K->5745574K(8231360K), 0.0498500 secs] [Times: user=0.58 sys=0.00, real=0.05 secs] 
26937.148: [GC 26937.148: [ParNew: 1362315K->136581K(1415616K), 0.0649930 secs] 7003942K->5792640K(8231360K), 0.0654000 secs] [Times: user=0.64 sys=0.01, real=0.07 secs] 
26940.970: [GC 26940.970: [ParNew: 1394949K->99158K(1415616K), 0.0462780 secs] 7051008K->5762469K(8231360K), 0.0466680 secs] [Times: user=0.55 sys=0.00, real=0.05 secs] 
26943.137: [GC 26943.137: [ParNew: 1357526K->142538K(1415616K), 0.0377870 secs] 7020837K->5805849K(8231360K), 0.0381770 secs] [Times: user=0.55 sys=0.01, real=0.04 secs] 
26945.481: [GC 26945.481: [ParNew: 1400906K->120722K(1415616K), 0.0696100 secs] 7064217K->5799697K(8231360K), 0.0700520 secs] [Times: user=0.69 sys=0.02, real=0.07 secs] 
26947.814: [GC 26947.814: [ParNew: 1379090K->113115K(1415616K), 0.0510060 secs] 7058065K->5799813K(8231360K), 0.0514050 secs] [Times: user=0.60 sys=0.01, real=0.06 secs] 
26949.770: [GC 26949.770: [ParNew: 1371483K->124139K(1415616K), 0.0528010 secs] 7058181K->5818893K(8231360K), 0.0531660 secs] [Times: user=0.63 sys=0.00, real=0.05 secs] 
26953.309: [GC 26953.309: [ParNew: 1382507K->122301K(1415616K), 0.0541100 secs] 7077261K->5824782K(8231360K), 0.0544660 secs] [Times: user=0.65 sys=0.00, real=0.05 secs] 
26956.033: [GC 26956.033: [ParNew: 1380669K->108938K(1415616K), 0.0530790 secs] 7083150K->5819118K(8231360K), 0.0534560 secs] [Times: user=0.64 sys=0.01, real=0.05 secs] 
26959.038: [GC 26959.039: [ParNew: 1367306K->122870K(1415616K), 0.0555150 secs] 7077486K->5840660K(8231360K), 0.0559050 secs] [Times: user=0.68 sys=0.02, real=0.05 secs] 
26961.705: [GC 26961.706: [ParNew: 1381238K->126950K(1415616K), 0.0564230 secs] 7099028K->5852122K(8231360K), 0.0567930 secs] [Times: user=0.69 sys=0.00, real=0.06 secs] 
26964.133: [GC 26964.133: [ParNew: 1385318K->127009K(1415616K), 0.0543090 secs] 7110490K->5859888K(8231360K), 0.0547170 secs] [Times: user=0.67 sys=0.00, real=0.06 secs] 
26966.556: [GC 26966.556: [ParNew: 1385377K->133317K(1415616K), 0.0559800 secs] 7118256K->5873961K(8231360K), 0.0564160 secs] [Times: user=0.68 sys=0.01, real=0.06 secs] 
26970.149: [GC 26970.149: [ParNew: 1391685K->113759K(1415616K), 0.0579840 secs] 7132329K->5862575K(8231360K), 0.0584280 secs] [Times: user=0.69 sys=0.00, real=0.06 secs] 
26973.206: [GC 26973.206: [ParNew: 1372127K->116568K(1415616K), 0.0527150 secs] 7120943K->5873782K(8231360K), 0.0530880 secs] [Times: user=0.62 sys=0.01, real=0.05 secs] 
26978.695: [GC 26978.695: [ParNew: 1374936K->89774K(1415616K), 0.0528280 secs] 7132150K->5854964K(8231360K), 0.0532630 secs] [Times: user=0.59 sys=0.01, real=0.05 secs] 
26983.110: [GC 26983.111: [ParNew: 1348142K->132319K(1415616K), 0.0388960 secs] 7113332K->5897508K(8231360K), 0.0392990 secs] [Times: user=0.60 sys=0.01, real=0.04 secs] 
27022.662: [GC 27022.662: [ParNew: 1390687K->88557K(1415616K), 0.0501740 secs] 7155876K->5861163K(8231360K), 0.0505980 secs] [Times: user=0.61 sys=0.02, real=0.05 secs] 
27642.868: [GC 27642.869: [ParNew: 1346925K->98641K(1415616K), 0.0361720 secs] 7119531K->5871247K(8231360K), 0.0366110 secs] [Times: user=0.53 sys=0.01, real=0.04 secs] 
28200.131: [GC 28200.131: [ParNew: 1357009K->118133K(1415616K), 0.0369260 secs] 7129615K->5890739K(8231360K), 0.0373850 secs] [Times: user=0.54 sys=0.02, real=0.04 secs] 
28220.106: [GC 28220.106: [ParNew: 1376501K->131654K(1415616K), 0.0408770 secs] 7149107K->5904260K(8231360K), 0.0412910 secs] [Times: user=0.62 sys=0.02, real=0.04 secs] 
28224.534: [GC 28224.534: [ParNew: 1390022K->116351K(1415616K), 0.0537660 secs] 7162628K->5896581K(8231360K), 0.0541580 secs] [Times: user=0.65 sys=0.01, real=0.05 secs] 
28229.514: [GC 28229.514: [ParNew: 1374719K->112056K(1415616K), 0.0530670 secs] 7154949K->5899644K(8231360K), 0.0534850 secs] [Times: user=0.65 sys=0.01, real=0.05 secs] 
28235.752: [GC 28235.752: [ParNew: 1370424K->115480K(1415616K), 0.0547420 secs] 7158012K->5910513K(8231360K), 0.0551420 secs] [Times: user=0.66 sys=0.02, real=0.05 secs] 
28240.159: [GC 28240.159: [ParNew: 1373848K->121977K(1415616K), 0.0532070 secs] 7168881K->5924646K(8231360K), 0.0536030 secs] [Times: user=0.64 sys=0.01, real=0.05 secs] 
28243.585: [GC 28243.585: [ParNew: 1380345K->127636K(1415616K), 0.0575700 secs] 7183014K->5938347K(8231360K), 0.0579820 secs] [Times: user=0.66 sys=0.03, real=0.05 secs] 
28245.931: [GC 28245.932: [ParNew: 1386004K->107182K(1415616K), 0.0522970 secs] 7196715K->5926121K(8231360K), 0.0527160 secs] [Times: user=0.63 sys=0.02, real=0.05 secs] 
28248.335: [GC 28248.335: [ParNew: 1365550K->120825K(1415616K), 0.0528900 secs] 7184489K->5947131K(8231360K), 0.0532840 secs] [Times: user=0.66 sys=0.02, real=0.05 secs] 
28251.712: [GC 28251.712: [ParNew: 1379193K->116277K(1415616K), 0.0461530 secs] 7205499K->5949823K(8231360K), 0.0465930 secs] [Times: user=0.57 sys=0.02, real=0.05 secs] 
28254.707: [GC 28254.707: [ParNew: 1374645K->126511K(1415616K), 0.0498170 secs] 7208191K->5967805K(8231360K), 0.0502340 secs] [Times: user=0.59 sys=0.03, real=0.05 secs] 
28258.715: [GC 28258.716: [ParNew: 1384879K->122761K(1415616K), 0.0493240 secs] 7226173K->5971589K(8231360K), 0.0497250 secs] [Times: user=0.63 sys=0.01, real=0.05 secs] 
28262.736: [GC 28262.736: [ParNew: 1381129K->120853K(1415616K), 0.0442360 secs] 7229957K->5973547K(8231360K), 0.0446160 secs] [Times: user=0.57 sys=0.05, real=0.05 secs] 
28266.544: [GC 28266.544: [ParNew: 1379221K->137965K(1415616K), 0.0468930 secs] 7231915K->5994650K(8231360K), 0.0472830 secs] [Times: user=0.62 sys=0.02, real=0.05 secs] 
28269.741: [GC 28269.742: [ParNew: 1396333K->120024K(1415616K), 0.0574190 secs] 7253018K->5988838K(8231360K), 0.0578030 secs] [Times: user=0.60 sys=0.03, real=0.06 secs] 
28273.925: [GC 28273.925: [ParNew: 1378392K->115813K(1415616K), 0.0455580 secs] 7247206K->5990726K(8231360K), 0.0459530 secs] [Times: user=0.56 sys=0.01, real=0.05 secs] 
28276.914: [GC 28276.915: [ParNew: 1374181K->127885K(1415616K), 0.0345850 secs] 7249094K->6002797K(8231360K), 0.0349790 secs] [Times: user=0.53 sys=0.02, real=0.03 secs] 
28280.131: [GC 28280.131: [ParNew: 1386253K->113779K(1415616K), 0.0449200 secs] 7261165K->5994931K(8231360K), 0.0453750 secs] [Times: user=0.58 sys=0.01, real=0.04 secs] 
28283.529: [GC 28283.530: [ParNew: 1372147K->133986K(1415616K), 0.0445470 secs] 7253299K->6020864K(8231360K), 0.0449390 secs] [Times: user=0.58 sys=0.00, real=0.05 secs] 
28286.535: [GC 28286.535: [ParNew: 1392354K->136127K(1415616K), 0.0466100 secs] 7279232K->6029307K(8231360K), 0.0470110 secs] [Times: user=0.58 sys=0.01, real=0.05 secs] 
28289.575: [GC 28289.576: [ParNew: 1394495K->101200K(1415616K), 0.0615590 secs] 7287675K->6009044K(8231360K), 0.0619610 secs] [Times: user=0.64 sys=0.01, real=0.06 secs] 
28292.729: [GC 28292.729: [ParNew: 1359568K->148512K(1415616K), 0.0360980 secs] 7267412K->6056357K(8231360K), 0.0365010 secs] [Times: user=0.56 sys=0.00, real=0.04 secs] 
28295.708: [GC 28295.708: [ParNew: 1406880K->102696K(1415616K), 0.0502550 secs] 7314725K->6017332K(8231360K), 0.0506250 secs] [Times: user=0.61 sys=0.02, real=0.05 secs] 
28299.360: [GC 28299.360: [ParNew: 1361064K->137926K(1415616K), 0.0523490 secs] 7275700K->6059306K(8231360K), 0.0527370 secs] [Times: user=0.61 sys=0.04, real=0.05 secs] 
28303.033: [GC 28303.033: [ParNew: 1396294K->133436K(1415616K), 0.0501930 secs] 7317674K->6061415K(8231360K), 0.0506060 secs] [Times: user=0.63 sys=0.00, real=0.05 secs] 
28307.702: [GC 28307.702: [ParNew: 1391804K->115164K(1415616K), 0.0461990 secs] 7319783K->6049734K(8231360K), 0.0466180 secs] [Times: user=0.57 sys=0.01, real=0.05 secs] 
28312.182: [GC 28312.182: [ParNew: 1373532K->106897K(1415616K), 0.0459920 secs] 7308102K->6047824K(8231360K), 0.0463800 secs] [Times: user=0.54 sys=0.02, real=0.05 secs] 
28316.300: [GC 28316.300: [ParNew: 1365265K->138377K(1415616K), 0.0401240 secs] 7306192K->6079304K(8231360K), 0.0405150 secs] [Times: user=0.57 sys=0.05, real=0.04 secs] 
28320.203: [GC 28320.203: [ParNew: 1396745K->98437K(1415616K), 0.0531360 secs] 7337672K->6049994K(8231360K), 0.0535260 secs] [Times: user=0.58 sys=0.02, real=0.05 secs] 
28324.440: [GC 28324.441: [ParNew: 1356805K->126233K(1415616K), 0.0454340 secs] 7308362K->6084028K(8231360K), 0.0458330 secs] [Times: user=0.56 sys=0.01, real=0.04 secs] 
28328.490: [GC 28328.490: [ParNew: 1384601K->135661K(1415616K), 0.0476210 secs] 7342396K->6099848K(8231360K), 0.0480440 secs] [Times: user=0.59 sys=0.01, real=0.04 secs] 
28332.322: [GC 28332.322: [ParNew: 1394029K->100485K(1415616K), 0.0484020 secs] 7358216K->6070347K(8231360K), 0.0488360 secs] [Times: user=0.56 sys=0.03, real=0.05 secs] 
28335.238: [GC 28335.238: [ParNew: 1358853K->132814K(1415616K), 0.0378190 secs] 7328715K->6102675K(8231360K), 0.0381930 secs] [Times: user=0.53 sys=0.02, real=0.04 secs] 
28337.511: [GC 28337.511: [ParNew: 1391182K->122910K(1415616K), 0.0456480 secs] 7361043K->6099158K(8231360K), 0.0460340 secs] [Times: user=0.55 sys=0.02, real=0.05 secs] 
28339.560: [GC 28339.560: [ParNew: 1381278K->118312K(1415616K), 0.0545710 secs] 7357526K->6101242K(8231360K), 0.0549550 secs] [Times: user=0.62 sys=0.04, real=0.06 secs] 
28341.917: [GC 28341.917: [ParNew: 1376680K->131768K(1415616K), 0.0371430 secs] 7359610K->6114699K(8231360K), 0.0375450 secs] [Times: user=0.56 sys=0.04, real=0.04 secs] 
28344.328: [GC 28344.328: [ParNew: 1390136K->118058K(1415616K), 0.0566050 secs] 7373067K->6108197K(8231360K), 0.0569860 secs] [Times: user=0.71 sys=0.03, real=0.06 secs] 
28346.328: [GC 28346.328: [ParNew: 1376426K->113729K(1415616K), 0.0533720 secs] 7366565K->6111272K(8231360K), 0.0537720 secs] [Times: user=0.63 sys=0.04, real=0.05 secs] 
28348.157: [GC 28348.158: [ParNew: 1372097K->119854K(1415616K), 0.0491310 secs] 7369640K->6123122K(8231360K), 0.0495110 secs] [Times: user=0.60 sys=0.04, real=0.05 secs] 
28349.717: [GC 28349.717: [ParNew: 1378222K->106406K(1415616K), 0.0572150 secs] 7381490K->6120039K(8231360K), 0.0576350 secs] [Times: user=0.64 sys=0.02, real=0.06 secs] 
28351.328: [GC 28351.328: [ParNew: 1364774K->125296K(1415616K), 0.0551590 secs] 7378407K->6144580K(8231360K), 0.0555760 secs] [Times: user=0.69 sys=0.02, real=0.06 secs] 
28353.127: [GC 28353.127: [ParNew: 1383664K->123344K(1415616K), 0.0670830 secs] 7402948K->6155375K(8231360K), 0.0674490 secs] [Times: user=0.67 sys=0.04, real=0.07 secs] 
28354.786: [GC 28354.786: [ParNew: 1381712K->120740K(1415616K), 0.0532510 secs] 7413743K->6160961K(8231360K), 0.0536170 secs] [Times: user=0.60 sys=0.04, real=0.05 secs] 
28356.447: [GC 28356.447: [ParNew: 1379108K->127209K(1415616K), 0.0556850 secs] 7419329K->6175456K(8231360K), 0.0560600 secs] [Times: user=0.64 sys=0.02, real=0.05 secs] 
28358.266: [GC 28358.266: [ParNew: 1385577K->112652K(1415616K), 0.0571060 secs] 7433824K->6170946K(8231360K), 0.0575020 secs] [Times: user=0.65 sys=0.03, real=0.05 secs] 
28359.928: [GC 28359.928: [ParNew: 1371020K->121363K(1415616K), 0.0527760 secs] 7429314K->6185970K(8231360K), 0.0531390 secs] [Times: user=0.63 sys=0.02, real=0.05 secs] 
28361.564: [GC 28361.564: [ParNew: 1379731K->112252K(1415616K), 0.0636610 secs] 7444338K->6189036K(8231360K), 0.0640170 secs] [Times: user=0.67 sys=0.05, real=0.07 secs] 
28363.154: [GC 28363.154: [ParNew: 1370620K->119264K(1415616K), 0.0497430 secs] 7447404K->6203133K(8231360K), 0.0501090 secs] [Times: user=0.60 sys=0.01, real=0.05 secs] 
28365.494: [GC 28365.494: [ParNew: 1377632K->114590K(1415616K), 0.0526720 secs] 7461501K->6206078K(8231360K), 0.0530690 secs] [Times: user=0.64 sys=0.02, real=0.06 secs] 
28367.818: [GC 28367.818: [ParNew: 1372958K->118015K(1415616K), 0.0531170 secs] 7464446K->6217145K(8231360K), 0.0535290 secs] [Times: user=0.64 sys=0.03, real=0.05 secs] 
28369.381: [GC 28369.381: [ParNew: 1376383K->120933K(1415616K), 0.0531890 secs] 7475513K->6227968K(8231360K), 0.0535640 secs] [Times: user=0.64 sys=0.03, real=0.05 secs] 
28370.790: [GC 28370.790: [ParNew: 1379301K->130730K(1415616K), 0.0501920 secs] 7486336K->6245178K(8231360K), 0.0505750 secs] [Times: user=0.64 sys=0.01, real=0.05 secs] 
28373.149: [GC 28373.150: [ParNew: 1389098K->122497K(1415616K), 0.0524160 secs] 7503546K->6244640K(8231360K), 0.0528000 secs] [Times: user=0.65 sys=0.01, real=0.05 secs] 
28375.349: [GC 28375.349: [ParNew: 1380865K->129872K(1415616K), 0.0571570 secs] 7503008K->6260213K(8231360K), 0.0576800 secs] [Times: user=0.70 sys=0.02, real=0.05 secs] 
28377.957: [GC 28377.957: [ParNew: 1388240K->109158K(1415616K), 0.0529170 secs] 7518581K->6247080K(8231360K), 0.0534140 secs] [Times: user=0.66 sys=0.01, real=0.06 secs] 
28380.321: [GC 28380.321: [ParNew: 1367526K->127249K(1415616K), 0.0406810 secs] 7505448K->6265171K(8231360K), 0.0410820 secs] [Times: user=0.63 sys=0.01, real=0.04 secs] 
28384.042: [GC 28384.042: [ParNew: 1385617K->101531K(1415616K), 0.0528490 secs] 7523539K->6247404K(8231360K), 0.0532570 secs] [Times: user=0.64 sys=0.02, real=0.05 secs] 
28388.652: [GC 28388.652: [ParNew: 1359899K->106473K(1415616K), 0.0357470 secs] 7505772K->6252346K(8231360K), 0.0361110 secs] [Times: user=0.50 sys=0.02, real=0.03 secs] 
28392.796: [GC 28392.797: [ParNew: 1364841K->97610K(1415616K), 0.0341780 secs] 7510714K->6243484K(8231360K), 0.0345480 secs] [Times: user=0.49 sys=0.02, real=0.03 secs] 
28399.346: [GC 28399.346: [ParNew: 1355978K->98736K(1415616K), 0.0349640 secs] 7501852K->6244610K(8231360K), 0.0353320 secs] [Times: user=0.50 sys=0.02, real=0.03 secs] 
28782.627: [GC 28782.628: [ParNew: 1357104K->80187K(1415616K), 0.0296220 secs] 7502978K->6226060K(8231360K), 0.0300260 secs] [Times: user=0.43 sys=0.02, real=0.03 secs] 
29362.344: [GC 29362.344: [ParNew: 1338555K->119055K(1415616K), 0.0364630 secs] 7484428K->6264929K(8231360K), 0.0369560 secs] [Times: user=0.49 sys=0.04, real=0.04 secs] 
29425.837: [GC 29425.838: [ParNew: 1377423K->94052K(1415616K), 0.0389290 secs] 7523297K->6239926K(8231360K), 0.0393550 secs] [Times: user=0.58 sys=0.04, real=0.04 secs] 
29437.133: [GC 29437.134: [ParNew: 1352420K->123011K(1415616K), 0.0531880 secs] 7498294K->6276156K(8231360K), 0.0535900 secs] [Times: user=0.65 sys=0.02, real=0.06 secs] 
29446.889: [GC 29446.889: [ParNew: 1381379K->146053K(1415616K), 0.0425130 secs] 7534524K->6299198K(8231360K), 0.0428920 secs] [Times: user=0.64 sys=0.02, real=0.04 secs] 
29456.828: [GC 29456.828: [ParNew: 1404421K->102312K(1415616K), 0.0703060 secs] 7557566K->6270367K(8231360K), 0.0707890 secs] [Times: user=0.73 sys=0.04, real=0.07 secs] 
29463.996: [GC 29463.996: [ParNew: 1360680K->142087K(1415616K), 0.0431100 secs] 7528735K->6310142K(8231360K), 0.0435060 secs] [Times: user=0.65 sys=0.02, real=0.05 secs] 
29470.000: [GC 29470.000: [ParNew: 1400455K->128334K(1415616K), 0.0602770 secs] 7568510K->6303819K(8231360K), 0.0606850 secs] [Times: user=0.77 sys=0.03, real=0.07 secs] 
29476.496: [GC 29476.497: [ParNew: 1386702K->107057K(1415616K), 0.0690050 secs] 7562187K->6296828K(8231360K), 0.0693960 secs] [Times: user=0.74 sys=0.05, real=0.07 secs] 
29482.778: [GC 29482.778: [ParNew: 1357981K->122333K(1415616K), 0.0543420 secs] 7547752K->6319268K(8231360K), 0.0547240 secs] [Times: user=0.66 sys=0.03, real=0.06 secs] 
29488.351: [GC 29488.352: [ParNew: 1380701K->130811K(1415616K), 0.0543000 secs] 7577636K->6334019K(8231360K), 0.0546770 secs] [Times: user=0.71 sys=0.02, real=0.06 secs] 
29493.470: [GC 29493.470: [ParNew: 1389179K->127798K(1415616K), 0.0530350 secs] 7592387K->6336473K(8231360K), 0.0534790 secs] [Times: user=0.66 sys=0.04, real=0.05 secs] 
29498.711: [GC 29498.711: [ParNew: 1386166K->140617K(1415616K), 0.0468120 secs] 7594841K->6354807K(8231360K), 0.0472070 secs] [Times: user=0.61 sys=0.03, real=0.05 secs] 
29499.961: [GC 29499.961: [ParNew: 1398985K->117091K(1415616K), 0.0626100 secs] 7613175K->6343461K(8231360K), 0.0629780 secs] [Times: user=0.69 sys=0.05, real=0.06 secs] 
29506.690: [GC 29506.691: [ParNew: 1375459K->121959K(1415616K), 0.0530350 secs] 7601829K->6355220K(8231360K), 0.0534350 secs] [Times: user=0.66 sys=0.01, real=0.05 secs] 
29512.985: [GC 29512.985: [ParNew: 1380327K->110372K(1415616K), 0.0490630 secs] 7613588K->6350491K(8231360K), 0.0494480 secs] [Times: user=0.59 sys=0.03, real=0.05 secs] 
29519.997: [GC 29519.998: [ParNew: 1368740K->134878K(1415616K), 0.0377170 secs] 7608859K->6374997K(8231360K), 0.0381130 secs] [Times: user=0.58 sys=0.00, real=0.04 secs] 
29526.240: [GC 29526.240: [ParNew: 1393246K->110173K(1415616K), 0.0706580 secs] 7633365K->6364118K(8231360K), 0.0710980 secs] [Times: user=0.75 sys=0.04, real=0.07 secs] 
29530.276: [GC 29530.277: [ParNew: 1368541K->139905K(1415616K), 0.0375230 secs] 7622486K->6393850K(8231360K), 0.0379070 secs] [Times: user=0.58 sys=0.00, real=0.04 secs] 
29535.675: [GC 29535.675: [ParNew: 1398273K->106776K(1415616K), 0.0708200 secs] 7652218K->6375068K(8231360K), 0.0712100 secs] [Times: user=0.76 sys=0.03, real=0.07 secs] 
29539.784: [GC 29539.784: [ParNew: 1365144K->112514K(1415616K), 0.0537260 secs] 7633436K->6387962K(8231360K), 0.0540970 secs] [Times: user=0.66 sys=0.01, real=0.05 secs] 
29539.839: [GC [1 CMS-initial-mark: 6275447K(6815744K)] 6389983K(8231360K), 0.1229820 secs] [Times: user=0.12 sys=0.00, real=0.12 secs] 
29539.962: [CMS-concurrent-mark-start]
29543.976: [GC 29543.976: [ParNew: 1370882K->121752K(1415616K), 0.0499460 secs] 7646330K->6403959K(8231360K), 0.0503130 secs] [Times: user=0.64 sys=0.01, real=0.05 secs] 
29546.767: [CMS-concurrent-mark: 6.752/6.804 secs] [Times: user=30.64 sys=0.26, real=6.81 secs] 
29546.767: [CMS-concurrent-preclean-start]
29546.897: [CMS-concurrent-preclean: 0.125/0.130 secs] [Times: user=0.19 sys=0.01, real=0.13 secs] 
29546.897: [CMS-concurrent-abortable-preclean-start]
29547.913: [GC 29547.913: [ParNew: 1380120K->122915K(1415616K), 0.0553160 secs] 7662327K->6412218K(8231360K), 0.0556990 secs] [Times: user=0.71 sys=0.01, real=0.06 secs] 
29549.896: [CMS-concurrent-abortable-preclean: 2.935/2.999 secs] [Times: user=5.56 sys=0.68, real=3.00 secs] 
29549.898: [GC[YG occupancy: 769835 K (1415616 K)]29549.898: [Rescan (parallel) , 0.1601740 secs]29550.058: [weak refs processing, 0.0000420 secs] [1 CMS-remark: 6289302K(6815744K)] 7059138K(8231360K), 0.1603970 secs] [Times: user=1.21 sys=0.01, real=0.16 secs] 
29550.059: [CMS-concurrent-sweep-start]
29551.334: [GC 29551.334: [ParNew: 1381283K->123751K(1415616K), 0.0512990 secs] 7511162K->6260760K(8231360K), 0.0516930 secs] [Times: user=0.64 sys=0.01, real=0.06 secs] 
29554.902: [GC 29554.902: [ParNew: 1382119K->123254K(1415616K), 0.0530160 secs] 6773703K->5521800K(8231360K), 0.0533820 secs] [Times: user=0.67 sys=0.01, real=0.05 secs] 
29556.949: [CMS-concurrent-sweep: 6.782/6.891 secs] [Times: user=11.90 sys=0.35, real=6.89 secs] 
29556.949: [CMS-concurrent-reset-start]
29556.985: [CMS-concurrent-reset: 0.035/0.035 secs] [Times: user=0.07 sys=0.01, real=0.03 secs] 
29557.920: [GC 29557.921: [ParNew: 1381622K->129969K(1415616K), 0.0577470 secs] 6134725K->4890111K(8231360K), 0.0581670 secs] [Times: user=0.75 sys=0.00, real=0.06 secs] 
29559.582: [GC 29559.582: [ParNew: 1388337K->129451K(1415616K), 0.0559770 secs] 6148479K->4896533K(8231360K), 0.0563560 secs] [Times: user=0.70 sys=0.03, real=0.06 secs] 
29561.581: [GC 29561.581: [ParNew: 1387819K->113537K(1415616K), 0.0669190 secs] 6154901K->4893993K(8231360K), 0.0672850 secs] [Times: user=0.73 sys=0.03, real=0.07 secs] 
29565.638: [GC 29565.638: [ParNew: 1371905K->113935K(1415616K), 0.0510660 secs] 6152361K->4901388K(8231360K), 0.0514790 secs] [Times: user=0.62 sys=0.02, real=0.05 secs] 
29568.106: [GC 29568.106: [ParNew: 1372303K->125750K(1415616K), 0.0540290 secs] 6159756K->4920228K(8231360K), 0.0544290 secs] [Times: user=0.69 sys=0.01, real=0.06 secs] 
29571.914: [GC 29571.914: [ParNew: 1384118K->106811K(1415616K), 0.0515210 secs] 6178596K->4908018K(8231360K), 0.0519070 secs] [Times: user=0.64 sys=0.02, real=0.05 secs] 
29575.359: [GC 29575.360: [ParNew: 1365179K->134820K(1415616K), 0.0425540 secs] 6166386K->4936027K(8231360K), 0.0429450 secs] [Times: user=0.61 sys=0.03, real=0.05 secs] 
29579.135: [GC 29579.135: [ParNew: 1393188K->132198K(1415616K), 0.0547190 secs] 6194395K->4940431K(8231360K), 0.0551230 secs] [Times: user=0.67 sys=0.04, real=0.05 secs] 
29583.167: [GC 29583.168: [ParNew: 1390566K->137497K(1415616K), 0.0514460 secs] 6198799K->4951927K(8231360K), 0.0518490 secs] [Times: user=0.64 sys=0.04, real=0.05 secs] 
29586.318: [GC 29586.318: [ParNew: 1395865K->101626K(1415616K), 0.0529320 secs] 6210295K->4923110K(8231360K), 0.0533170 secs] [Times: user=0.65 sys=0.03, real=0.05 secs] 
29589.546: [GC 29589.546: [ParNew: 1359994K->124033K(1415616K), 0.0603630 secs] 6181478K->4951784K(8231360K), 0.0609250 secs] [Times: user=0.75 sys=0.01, real=0.06 secs] 
29603.321: [GC 29603.321: [ParNew: 1382401K->85645K(1415616K), 0.0545070 secs] 6210152K->4920299K(8231360K), 0.0549210 secs] [Times: user=0.67 sys=0.04, real=0.06 secs] 
29604.499: [GC 29604.499: [ParNew: 1344013K->146277K(1415616K), 0.0435170 secs] 6178667K->4980931K(8231360K), 0.0438930 secs] [Times: user=0.63 sys=0.01, real=0.04 secs] 
29606.474: [GC 29606.474: [ParNew: 1404645K->103493K(1415616K), 0.0758320 secs] 6239299K->4951418K(8231360K), 0.0762280 secs] [Times: user=0.83 sys=0.03, real=0.08 secs] 
29608.111: [GC 29608.111: [ParNew: 1361861K->144153K(1415616K), 0.0613190 secs] 6209786K->4999239K(8231360K), 0.0617010 secs] [Times: user=0.77 sys=0.02, real=0.06 secs] 
29609.452: [GC 29609.452: [ParNew: 1402521K->108012K(1415616K), 0.0748490 secs] 6257607K->4975721K(8231360K), 0.0752480 secs] [Times: user=0.82 sys=0.02, real=0.08 secs] 
29611.383: [GC 29611.383: [ParNew: 1366380K->120489K(1415616K), 0.0770160 secs] 6234089K->5001947K(8231360K), 0.0773890 secs] [Times: user=0.82 sys=0.02, real=0.08 secs] 
29613.593: [GC 29613.593: [ParNew: 1378857K->113310K(1415616K), 0.0761310 secs] 6260315K->5008012K(8231360K), 0.0765180 secs] [Times: user=0.83 sys=0.02, real=0.08 secs] 
29615.830: [GC 29615.830: [ParNew: 1371678K->119945K(1415616K), 0.0456620 secs] 6266380K->5014647K(8231360K), 0.0460480 secs] [Times: user=0.69 sys=0.01, real=0.04 secs] 
29619.367: [GC 29619.367: [ParNew: 1378313K->105419K(1415616K), 0.0593570 secs] 6273015K->5006877K(8231360K), 0.0597860 secs] [Times: user=0.70 sys=0.02, real=0.06 secs] 
29624.060: [GC 29624.060: [ParNew: 1363787K->104906K(1415616K), 0.0400610 secs] 6265245K->5006365K(8231360K), 0.0404560 secs] [Times: user=0.59 sys=0.01, real=0.04 secs] 
29628.620: [GC 29628.621: [ParNew: 1363274K->123249K(1415616K), 0.0447640 secs] 6264733K->5024708K(8231360K), 0.0452240 secs] [Times: user=0.65 sys=0.01, real=0.04 secs] 
29633.304: [GC 29633.304: [ParNew: 1381617K->145770K(1415616K), 0.0563030 secs] 6283076K->5047229K(8231360K), 0.0567440 secs] [Times: user=0.83 sys=0.02, real=0.06 secs] 
29638.956: [GC 29638.956: [ParNew: 1404138K->103427K(1415616K), 0.0753480 secs] 6305597K->5019071K(8231360K), 0.0757910 secs] [Times: user=0.79 sys=0.02, real=0.08 secs] 
29642.297: [GC 29642.298: [ParNew: 1361795K->138604K(1415616K), 0.0460310 secs] 6277439K->5054248K(8231360K), 0.0464210 secs] [Times: user=0.68 sys=0.01, real=0.05 secs] 
29646.395: [GC 29646.395: [ParNew: 1396972K->119028K(1415616K), 0.0761800 secs] 6312616K->5047722K(8231360K), 0.0765820 secs] [Times: user=0.86 sys=0.01, real=0.07 secs] 
29648.247: [GC 29648.247: [ParNew: 1377396K->123107K(1415616K), 0.0631190 secs] 6306090K->5058826K(8231360K), 0.0634940 secs] [Times: user=0.78 sys=0.02, real=0.06 secs] 
29650.975: [GC 29650.975: [ParNew: 1381475K->136933K(1415616K), 0.0642040 secs] 6317194K->5079322K(8231360K), 0.0645590 secs] [Times: user=0.81 sys=0.02, real=0.06 secs] 
29652.815: [GC 29652.815: [ParNew: 1395301K->122815K(1415616K), 0.0753740 secs] 6337690K->5078226K(8231360K), 0.0757480 secs] [Times: user=0.78 sys=0.04, real=0.07 secs] 
29654.988: [GC 29654.989: [ParNew: 1381183K->125455K(1415616K), 0.0680390 secs] 6336594K->5087578K(8231360K), 0.0684200 secs] [Times: user=0.84 sys=0.02, real=0.07 secs] 
29657.332: [GC 29657.332: [ParNew: 1383823K->107068K(1415616K), 0.0725820 secs] 6345946K->5082915K(8231360K), 0.0729540 secs] [Times: user=0.75 sys=0.02, real=0.08 secs] 
29659.705: [GC 29659.706: [ParNew: 1365436K->133789K(1415616K), 0.0403680 secs] 6341283K->5109636K(8231360K), 0.0408140 secs] [Times: user=0.61 sys=0.01, real=0.04 secs] 
29661.744: [GC 29661.744: [ParNew: 1392157K->123662K(1415616K), 0.0558310 secs] 6368004K->5106607K(8231360K), 0.0562050 secs] [Times: user=0.68 sys=0.01, real=0.06 secs] 
29663.983: [GC 29663.984: [ParNew: 1382030K->104178K(1415616K), 0.0528030 secs] 6364975K->5094008K(8231360K), 0.0532380 secs] [Times: user=0.64 sys=0.01, real=0.06 secs] 
29666.985: [GC 29666.985: [ParNew: 1362546K->107198K(1415616K), 0.0532190 secs] 6352376K->5104238K(8231360K), 0.0536760 secs] [Times: user=0.66 sys=0.00, real=0.06 secs] 
29669.755: [GC 29669.755: [ParNew: 1365566K->128722K(1415616K), 0.0414190 secs] 6362606K->5125762K(8231360K), 0.0418100 secs] [Times: user=0.66 sys=0.00, real=0.04 secs] 
29672.382: [GC 29672.382: [ParNew: 1387090K->113371K(1415616K), 0.0566980 secs] 6384130K->5117404K(8231360K), 0.0570770 secs] [Times: user=0.69 sys=0.02, real=0.06 secs] 
29704.213: [GC 29704.213: [ParNew: 1371739K->81424K(1415616K), 0.0438600 secs] 6375772K->5092245K(8231360K), 0.0442720 secs] [Times: user=0.50 sys=0.02, real=0.05 secs] 
30293.111: [GC 30293.111: [ParNew: 1339792K->83195K(1415616K), 0.0328940 secs] 6350613K->5094016K(8231360K), 0.0333170 secs] [Times: user=0.44 sys=0.01, real=0.04 secs] 
30611.121: [GC 30611.121: [ParNew: 1341563K->125863K(1415616K), 0.0359530 secs] 6352384K->5136684K(8231360K), 0.0364060 secs] [Times: user=0.51 sys=0.03, real=0.03 secs] 
30612.066: [GC 30612.066: [ParNew: 1384231K->112557K(1415616K), 0.0389230 secs] 6395052K->5123378K(8231360K), 0.0393000 secs] [Times: user=0.57 sys=0.02, real=0.04 secs] 
30612.998: [GC 30612.998: [ParNew: 1370925K->148712K(1415616K), 0.0697880 secs] 6381746K->5173065K(8231360K), 0.0701780 secs] [Times: user=0.73 sys=0.03, real=0.07 secs] 
30614.033: [GC 30614.033: [ParNew: 1407080K->141333K(1415616K), 0.0827580 secs] 6431433K->5184847K(8231360K), 0.0831630 secs] [Times: user=0.79 sys=0.03, real=0.08 secs] 
30615.053: [GC 30615.054: [ParNew: 1399691K->134151K(1415616K), 0.0800930 secs] 6443206K->5195887K(8231360K), 0.0804880 secs] [Times: user=0.71 sys=0.04, real=0.08 secs] 
30616.093: [GC 30616.093: [ParNew: 1392519K->115025K(1415616K), 0.0807160 secs] 6454255K->5196702K(8231360K), 0.0811040 secs] [Times: user=0.68 sys=0.06, real=0.08 secs] 
30617.184: [GC 30617.184: [ParNew: 1373393K->152328K(1415616K), 0.0803240 secs] 6455070K->5249588K(8231360K), 0.0807370 secs] [Times: user=0.79 sys=0.02, real=0.08 secs] 
30618.216: [GC 30618.216: [ParNew: 1410696K->134766K(1415616K), 0.0836440 secs] 6507956K->5252518K(8231360K), 0.0840290 secs] [Times: user=0.76 sys=0.03, real=0.08 secs] 
30619.222: [GC 30619.222: [ParNew: 1393134K->105019K(1415616K), 0.0769710 secs] 6510886K->5240886K(8231360K), 0.0773500 secs] [Times: user=0.70 sys=0.06, real=0.08 secs] 
30620.207: [GC 30620.207: [ParNew: 1363387K->115072K(1415616K), 0.0628790 secs] 6499254K->5266382K(8231360K), 0.0632620 secs] [Times: user=0.62 sys=0.01, real=0.06 secs] 
30631.688: [GC 30631.689: [ParNew: 1373440K->83033K(1415616K), 0.0573250 secs] 6524750K->5247276K(8231360K), 0.0577520 secs] [Times: user=0.57 sys=0.02, real=0.06 secs] 
30632.736: [GC 30632.736: [ParNew: 1341401K->132793K(1415616K), 0.0352100 secs] 6505644K->5297036K(8231360K), 0.0355680 secs] [Times: user=0.51 sys=0.01, real=0.03 secs] 
30633.691: [GC 30633.692: [ParNew: 1391161K->130866K(1415616K), 0.0410790 secs] 6555404K->5295109K(8231360K), 0.0414620 secs] [Times: user=0.61 sys=0.02, real=0.04 secs] 
30634.509: [GC 30634.510: [ParNew: 1389234K->124491K(1415616K), 0.1021320 secs] 6553477K->5316494K(8231360K), 0.1025070 secs] [Times: user=0.83 sys=0.05, real=0.10 secs] 
30635.069: [GC 30635.070: [ParNew: 1382859K->151578K(1415616K), 0.0616810 secs] 6574862K->5354256K(8231360K), 0.0620480 secs] [Times: user=0.70 sys=0.02, real=0.06 secs] 
30635.602: [GC 30635.602: [ParNew: 1409946K->135632K(1415616K), 0.0848110 secs] 6612624K->5359587K(8231360K), 0.0851750 secs] [Times: user=0.73 sys=0.04, real=0.09 secs] 
30636.165: [GC 30636.165: [ParNew: 1394000K->134011K(1415616K), 0.0748950 secs] 6617955K->5374264K(8231360K), 0.0752940 secs] [Times: user=0.71 sys=0.02, real=0.08 secs] 
30636.713: [GC 30636.714: [ParNew: 1392379K->112938K(1415616K), 0.0762650 secs] 6632632K->5371278K(8231360K), 0.0766350 secs] [Times: user=0.69 sys=0.05, real=0.08 secs] 
30637.295: [GC 30637.295: [ParNew: 1371306K->157248K(1415616K), 0.0794910 secs] 6629646K->5431786K(8231360K), 0.0798560 secs] [Times: user=0.79 sys=0.04, real=0.07 secs] 
30637.882: [GC 30637.882: [ParNew: 1415616K->128211K(1415616K), 0.1314520 secs] 6690154K->5439392K(8231360K), 0.1318220 secs] [Times: user=0.97 sys=0.06, real=0.13 secs] 
30638.518: [GC 30638.519: [ParNew: 1386579K->157248K(1415616K), 0.0806780 secs] 6697760K->5486330K(8231360K), 0.0810690 secs] [Times: user=0.74 sys=0.05, real=0.08 secs] 
30639.061: [GC 30639.061: [ParNew: 1415616K->99615K(1415616K), 0.1447940 secs] 6744698K->5475500K(8231360K), 0.1451680 secs] [Times: user=1.01 sys=0.07, real=0.15 secs] 
30639.689: [GC 30639.689: [ParNew: 1357983K->157248K(1415616K), 0.0432890 secs] 6733868K->5533552K(8231360K), 0.0436490 secs] [Times: user=0.67 sys=0.01, real=0.04 secs] 
30640.211: [GC 30640.211: [ParNew: 1415616K->144101K(1415616K), 0.0988500 secs] 6791920K->5547670K(8231360K), 0.0992360 secs] [Times: user=0.87 sys=0.06, real=0.10 secs] 
30640.815: [GC 30640.815: [ParNew: 1402469K->137638K(1415616K), 0.0916670 secs] 6806038K->5565203K(8231360K), 0.0920440 secs] [Times: user=0.81 sys=0.04, real=0.10 secs] 
30641.403: [GC 30641.404: [ParNew: 1396006K->118122K(1415616K), 0.0901670 secs] 6823571K->5567155K(8231360K), 0.0905460 secs] [Times: user=0.84 sys=0.03, real=0.09 secs] 
30641.997: [GC 30641.997: [ParNew: 1376490K->102195K(1415616K), 0.0985470 secs] 6825523K->5577433K(8231360K), 0.0989560 secs] [Times: user=0.85 sys=0.04, real=0.09 secs] 
30642.827: [GC 30642.827: [ParNew: 1360563K->122813K(1415616K), 0.0856450 secs] 6835801K->5619556K(8231360K), 0.0859970 secs] [Times: user=0.78 sys=0.03, real=0.08 secs] 
30643.817: [GC 30643.818: [ParNew: 1381181K->122288K(1415616K), 0.0904910 secs] 6877924K->5641477K(8231360K), 0.0908710 secs] [Times: user=0.81 sys=0.03, real=0.09 secs] 
30644.791: [GC 30644.791: [ParNew: 1380656K->129553K(1415616K), 0.0741500 secs] 6899845K->5665540K(8231360K), 0.0745360 secs] [Times: user=0.73 sys=0.03, real=0.07 secs] 
30793.103: [GC 30793.103: [ParNew: 1387921K->96062K(1415616K), 0.0674970 secs] 6923908K->5648779K(8231360K), 0.0678990 secs] [Times: user=0.64 sys=0.02, real=0.07 secs] 
30812.605: [GC 30812.605: [ParNew: 1354430K->141613K(1415616K), 0.0398590 secs] 6907147K->5694330K(8231360K), 0.0402670 secs] [Times: user=0.61 sys=0.00, real=0.04 secs] 
30813.975: [GC 30813.975: [ParNew: 1399981K->111662K(1415616K), 0.1098820 secs] 6952698K->5688317K(8231360K), 0.1104200 secs] [Times: user=0.99 sys=0.04, real=0.11 secs] 
30816.266: [GC 30816.266: [ParNew: 1370030K->101757K(1415616K), 0.0843990 secs] 6946685K->5698976K(8231360K), 0.0848180 secs] [Times: user=0.79 sys=0.03, real=0.09 secs] 
30817.775: [GC 30817.775: [ParNew: 1360125K->149510K(1415616K), 0.0407820 secs] 6957344K->5746729K(8231360K), 0.0411760 secs] [Times: user=0.62 sys=0.00, real=0.04 secs] 
30819.343: [GC 30819.343: [ParNew: 1407878K->132754K(1415616K), 0.0828290 secs] 7005097K->5748822K(8231360K), 0.0832240 secs] [Times: user=0.79 sys=0.02, real=0.08 secs] 
30820.581: [GC 30820.581: [ParNew: 1391122K->105324K(1415616K), 0.0966960 secs] 7007190K->5745116K(8231360K), 0.0970850 secs] [Times: user=0.83 sys=0.03, real=0.09 secs] 
30821.698: [GC 30821.698: [ParNew: 1363692K->114801K(1415616K), 0.0814870 secs] 7003484K->5770815K(8231360K), 0.0819190 secs] [Times: user=0.77 sys=0.03, real=0.09 secs] 
30822.577: [GC 30822.577: [ParNew: 1373169K->144099K(1415616K), 0.0873290 secs] 7029183K->5816177K(8231360K), 0.0877400 secs] [Times: user=0.78 sys=0.03, real=0.09 secs] 
30823.563: [GC 30823.563: [ParNew: 1402467K->129167K(1415616K), 0.0804780 secs] 7074545K->5817440K(8231360K), 0.0808980 secs] [Times: user=0.75 sys=0.03, real=0.08 secs] 
30825.458: [GC 30825.459: [ParNew: 1387535K->107883K(1415616K), 0.0826530 secs] 7075808K->5811977K(8231360K), 0.0831130 secs] [Times: user=0.83 sys=0.01, real=0.09 secs] 
30826.863: [GC 30826.863: [ParNew: 1366251K->123394K(1415616K), 0.0785330 secs] 7070345K->5843437K(8231360K), 0.0789420 secs] [Times: user=0.77 sys=0.01, real=0.08 secs] 
30827.783: [GC 30827.783: [ParNew: 1381762K->134443K(1415616K), 0.0703080 secs] 7101805K->5870610K(8231360K), 0.0707140 secs] [Times: user=0.69 sys=0.02, real=0.07 secs] 
30828.910: [GC 30828.910: [ParNew: 1392811K->123013K(1415616K), 0.0851700 secs] 7128978K->5876968K(8231360K), 0.0855900 secs] [Times: user=0.75 sys=0.04, real=0.09 secs] 
30829.803: [GC 30829.803: [ParNew: 1381381K->146435K(1415616K), 0.0747820 secs] 7135336K->5917285K(8231360K), 0.0751710 secs] [Times: user=0.74 sys=0.03, real=0.07 secs] 
30830.754: [GC 30830.754: [ParNew: 1404803K->106523K(1415616K), 0.0752380 secs] 7175653K->5894583K(8231360K), 0.0756290 secs] [Times: user=0.70 sys=0.02, real=0.07 secs] 
30831.579: [GC 30831.579: [ParNew: 1364891K->145537K(1415616K), 0.0712670 secs] 7152951K->5949951K(8231360K), 0.0716550 secs] [Times: user=0.66 sys=0.04, real=0.07 secs] 
30832.596: [GC 30832.597: [ParNew: 1403905K->99915K(1415616K), 0.0707020 secs] 7208319K->5920367K(8231360K), 0.0711010 secs] [Times: user=0.67 sys=0.03, real=0.07 secs] 
30833.932: [GC 30833.932: [ParNew: 1358283K->134135K(1415616K), 0.0722710 secs] 7178735K->5969976K(8231360K), 0.0726580 secs] [Times: user=0.65 sys=0.05, real=0.07 secs] 
30835.246: [GC 30835.246: [ParNew: 1392503K->104844K(1415616K), 0.0758880 secs] 7228344K->5957549K(8231360K), 0.0762530 secs] [Times: user=0.66 sys=0.05, real=0.08 secs] 
30842.224: [GC 30842.224: [ParNew: 1363212K->84641K(1415616K), 0.0575180 secs] 7215917K->5950122K(8231360K), 0.0579300 secs] [Times: user=0.54 sys=0.04, real=0.05 secs] 
30883.692: [GC 30883.692: [ParNew: 1343009K->71882K(1415616K), 0.0294510 secs] 7208490K->5937362K(8231360K), 0.0298620 secs] [Times: user=0.43 sys=0.02, real=0.03 secs] 
30891.407: [GC 30891.407: [ParNew: 1330250K->91058K(1415616K), 0.0291570 secs] 7195730K->5956538K(8231360K), 0.0295730 secs] [Times: user=0.41 sys=0.01, real=0.03 secs] 
30899.311: [GC 30899.312: [ParNew: 1349426K->109687K(1415616K), 0.0295160 secs] 7214906K->5975167K(8231360K), 0.0299260 secs] [Times: user=0.45 sys=0.00, real=0.03 secs] 
30900.797: [GC 30900.797: [ParNew: 1368055K->80461K(1415616K), 0.0275560 secs] 7233535K->5945942K(8231360K), 0.0279360 secs] [Times: user=0.41 sys=0.01, real=0.03 secs] 
30905.352: [GC 30905.352: [ParNew: 1338829K->119955K(1415616K), 0.0293170 secs] 7204310K->5985435K(8231360K), 0.0297140 secs] [Times: user=0.43 sys=0.02, real=0.03 secs] 
30907.306: [GC 30907.306: [ParNew: 1378323K->81688K(1415616K), 0.0322370 secs] 7243803K->5947169K(8231360K), 0.0326190 secs] [Times: user=0.49 sys=0.02, real=0.03 secs] 
30913.719: [GC 30913.720: [ParNew: 1340056K->126242K(1415616K), 0.0323950 secs] 7205537K->5991723K(8231360K), 0.0327900 secs] [Times: user=0.47 sys=0.03, real=0.03 secs] 
30924.314: [GC 30924.314: [ParNew: 1384610K->93700K(1415616K), 0.0331450 secs] 7250091K->5959181K(8231360K), 0.0335790 secs] [Times: user=0.52 sys=0.00, real=0.03 secs] 
30935.301: [GC 30935.301: [ParNew: 1352068K->139086K(1415616K), 0.0414700 secs] 7217549K->6004567K(8231360K), 0.0418800 secs] [Times: user=0.61 sys=0.03, real=0.05 secs] 
30945.917: [GC 30945.918: [ParNew: 1397454K->123135K(1415616K), 0.0585930 secs] 7262935K->6000719K(8231360K), 0.0590000 secs] [Times: user=0.62 sys=0.03, real=0.06 secs] 
30955.692: [GC 30955.692: [ParNew: 1381503K->112364K(1415616K), 0.0566160 secs] 7259087K->6000546K(8231360K), 0.0570130 secs] [Times: user=0.60 sys=0.03, real=0.06 secs] 
30963.940: [GC 30963.940: [ParNew: 1370732K->99797K(1415616K), 0.0622900 secs] 7258914K->5999225K(8231360K), 0.0626880 secs] [Times: user=0.68 sys=0.05, real=0.06 secs] 
30982.705: [GC 30982.705: [ParNew: 1358165K->105611K(1415616K), 0.0359820 secs] 7257593K->6005039K(8231360K), 0.0363980 secs] [Times: user=0.54 sys=0.03, real=0.04 secs] 
31062.914: [GC 31062.914: [ParNew: 1363979K->140683K(1415616K), 0.0399920 secs] 7263407K->6040111K(8231360K), 0.0404200 secs] [Times: user=0.60 sys=0.02, real=0.05 secs] 
31108.499: [GC 31108.499: [ParNew: 1399051K->94459K(1415616K), 0.0727550 secs] 7298479K->6012953K(8231360K), 0.0731740 secs] [Times: user=0.66 sys=0.05, real=0.07 secs] 
31115.495: [GC 31115.496: [ParNew: 1352827K->132324K(1415616K), 0.0385210 secs] 7271321K->6050817K(8231360K), 0.0389220 secs] [Times: user=0.56 sys=0.02, real=0.04 secs] 
31135.787: [GC 31135.787: [ParNew: 1390692K->108307K(1415616K), 0.0579540 secs] 7309185K->6034046K(8231360K), 0.0584390 secs] [Times: user=0.66 sys=0.03, real=0.06 secs] 
31144.644: [GC 31144.644: [ParNew: 1366675K->131035K(1415616K), 0.0354220 secs] 7292414K->6056774K(8231360K), 0.0358320 secs] [Times: user=0.54 sys=0.02, real=0.04 secs] 
31149.015: [GC 31149.015: [ParNew: 1389403K->119835K(1415616K), 0.0421010 secs] 7315142K->6048468K(8231360K), 0.0424860 secs] [Times: user=0.57 sys=0.01, real=0.04 secs] 
31156.504: [GC 31156.504: [ParNew: 1378203K->125074K(1415616K), 0.0407240 secs] 7306836K->6055694K(8231360K), 0.0411410 secs] [Times: user=0.57 sys=0.00, real=0.04 secs] 
31159.164: [GC 31159.164: [ParNew: 1383442K->132446K(1415616K), 0.0439940 secs] 7314062K->6066496K(8231360K), 0.0443850 secs] [Times: user=0.59 sys=0.03, real=0.04 secs] 
31160.323: [GC 31160.323: [ParNew: 1390814K->105804K(1415616K), 0.0441130 secs] 7324864K->6045583K(8231360K), 0.0445040 secs] [Times: user=0.53 sys=0.02, real=0.04 secs] 
31162.801: [GC 31162.801: [ParNew: 1364172K->105829K(1415616K), 0.0353670 secs] 7303951K->6045608K(8231360K), 0.0357840 secs] [Times: user=0.51 sys=0.01, real=0.04 secs] 
31164.419: [GC 31164.419: [ParNew: 1364197K->129833K(1415616K), 0.0346630 secs] 7303976K->6069612K(8231360K), 0.0350480 secs] [Times: user=0.50 sys=0.01, real=0.04 secs] 
31167.633: [GC 31167.633: [ParNew: 1388201K->131708K(1415616K), 0.0368570 secs] 7327980K->6071486K(8231360K), 0.0372670 secs] [Times: user=0.55 sys=0.02, real=0.04 secs] 
31169.435: [GC 31169.435: [ParNew: 1390076K->90070K(1415616K), 0.0726520 secs] 7329854K->6051535K(8231360K), 0.0730440 secs] [Times: user=0.59 sys=0.05, real=0.07 secs] 
31171.389: [GC 31171.389: [ParNew: 1348438K->86116K(1415616K), 0.0309780 secs] 7309903K->6047581K(8231360K), 0.0313600 secs] [Times: user=0.46 sys=0.02, real=0.03 secs] 
31173.154: [GC 31173.154: [ParNew: 1344484K->98878K(1415616K), 0.0322480 secs] 7305949K->6060343K(8231360K), 0.0326220 secs] [Times: user=0.45 sys=0.02, real=0.04 secs] 
31175.721: [GC 31175.721: [ParNew: 1357246K->104038K(1415616K), 0.0320480 secs] 7318711K->6065503K(8231360K), 0.0324340 secs] [Times: user=0.46 sys=0.03, real=0.03 secs] 
31181.509: [GC 31181.509: [ParNew: 1362406K->106803K(1415616K), 0.0344530 secs] 7323871K->6068268K(8231360K), 0.0348270 secs] [Times: user=0.51 sys=0.01, real=0.03 secs] 
31189.116: [GC 31189.117: [ParNew: 1365171K->124779K(1415616K), 0.0356350 secs] 7326636K->6086244K(8231360K), 0.0360400 secs] [Times: user=0.54 sys=0.01, real=0.04 secs] 
31195.699: [GC 31195.699: [ParNew: 1383147K->98982K(1415616K), 0.0402120 secs] 7344612K->6060447K(8231360K), 0.0406190 secs] [Times: user=0.62 sys=0.01, real=0.04 secs] 
31202.145: [GC 31202.145: [ParNew: 1357350K->73205K(1415616K), 0.1155980 secs] 7318815K->6076566K(8231360K), 0.1160180 secs] [Times: user=0.89 sys=0.05, real=0.12 secs] 
31208.505: [GC 31208.505: [ParNew: 1331573K->90344K(1415616K), 0.0312010 secs] 7334934K->6093705K(8231360K), 0.0316050 secs] [Times: user=0.44 sys=0.02, real=0.03 secs] 
31211.870: [GC 31211.870: [ParNew: 1348712K->113036K(1415616K), 0.0347890 secs] 7352073K->6116397K(8231360K), 0.0351570 secs] [Times: user=0.52 sys=0.02, real=0.04 secs] 
31215.911: [GC 31215.912: [ParNew: 1371404K->126124K(1415616K), 0.0355920 secs] 7374765K->6129485K(8231360K), 0.0359820 secs] [Times: user=0.53 sys=0.01, real=0.04 secs] 
31222.355: [GC 31222.355: [ParNew: 1384492K->125122K(1415616K), 0.0357340 secs] 7387853K->6128483K(8231360K), 0.0361610 secs] [Times: user=0.55 sys=0.01, real=0.03 secs] 
31228.921: [GC 31228.921: [ParNew: 1383490K->121130K(1415616K), 0.0531690 secs] 7386851K->6133148K(8231360K), 0.0536010 secs] [Times: user=0.62 sys=0.02, real=0.06 secs] 
31234.950: [GC 31234.950: [ParNew: 1379498K->149668K(1415616K), 0.0409810 secs] 7391516K->6161686K(8231360K), 0.0414030 secs] [Times: user=0.60 sys=0.04, real=0.04 secs] 
31240.715: [GC 31240.715: [ParNew: 1408036K->102858K(1415616K), 0.0547500 secs] 7420054K->6122181K(8231360K), 0.0551750 secs] [Times: user=0.68 sys=0.03, real=0.06 secs] 
31246.103: [GC 31246.103: [ParNew: 1361226K->135047K(1415616K), 0.0601560 secs] 7380549K->6166278K(8231360K), 0.0606120 secs] [Times: user=0.69 sys=0.03, real=0.06 secs] 
31257.750: [GC 31257.751: [ParNew: 1393415K->106448K(1415616K), 0.0524270 secs] 7424646K->6144459K(8231360K), 0.0528500 secs] [Times: user=0.66 sys=0.02, real=0.05 secs] 
31258.413: [GC 31258.413: [ParNew: 1364816K->148452K(1415616K), 0.0434820 secs] 7402827K->6186463K(8231360K), 0.0438650 secs] [Times: user=0.67 sys=0.00, real=0.04 secs] 
31260.693: [GC 31260.693: [ParNew: 1406820K->124579K(1415616K), 0.0672660 secs] 7444831K->6176578K(8231360K), 0.0676640 secs] [Times: user=0.74 sys=0.03, real=0.07 secs] 
31266.433: [GC 31266.433: [ParNew: 1382947K->138949K(1415616K), 0.0533860 secs] 7434946K->6197981K(8231360K), 0.0537970 secs] [Times: user=0.69 sys=0.01, real=0.05 secs] 
31270.696: [GC 31270.696: [ParNew: 1397317K->87336K(1415616K), 0.0632960 secs] 7456349K->6160718K(8231360K), 0.0636780 secs] [Times: user=0.65 sys=0.04, real=0.06 secs] 
31279.502: [GC 31279.502: [ParNew: 1345704K->106206K(1415616K), 0.0353270 secs] 7419086K->6179588K(8231360K), 0.0357370 secs] [Times: user=0.52 sys=0.01, real=0.04 secs] 
31288.911: [GC 31288.911: [ParNew: 1364574K->128040K(1415616K), 0.0441210 secs] 7437956K->6201422K(8231360K), 0.0445850 secs] [Times: user=0.64 sys=0.02, real=0.05 secs] 
31300.503: [GC 31300.503: [ParNew: 1386408K->111128K(1415616K), 0.0510270 secs] 7459790K->6191725K(8231360K), 0.0514400 secs] [Times: user=0.62 sys=0.01, real=0.05 secs] 
31313.113: [GC 31313.113: [ParNew: 1369496K->139931K(1415616K), 0.0393320 secs] 7450093K->6220528K(8231360K), 0.0397570 secs] [Times: user=0.56 sys=0.02, real=0.04 secs] 
31325.456: [GC 31325.457: [ParNew: 1398299K->104550K(1415616K), 0.0526600 secs] 7478896K->6192786K(8231360K), 0.0530830 secs] [Times: user=0.65 sys=0.01, real=0.05 secs] 
31334.351: [GC 31334.351: [ParNew: 1362918K->140465K(1415616K), 0.0543790 secs] 7451154K->6236165K(8231360K), 0.0548020 secs] [Times: user=0.66 sys=0.02, real=0.06 secs] 
31340.139: [GC 31340.139: [ParNew: 1398833K->143452K(1415616K), 0.0549840 secs] 7494533K->6246810K(8231360K), 0.0553750 secs] [Times: user=0.67 sys=0.01, real=0.05 secs] 
31350.532: [GC 31350.532: [ParNew: 1401820K->95830K(1415616K), 0.0630540 secs] 7505178K->6212371K(8231360K), 0.0635000 secs] [Times: user=0.68 sys=0.04, real=0.06 secs] 
31359.620: [GC 31359.620: [ParNew: 1354198K->136587K(1415616K), 0.0386220 secs] 7470739K->6253129K(8231360K), 0.0390330 secs] [Times: user=0.59 sys=0.00, real=0.04 secs] 
31362.122: [GC 31362.122: [ParNew: 1394955K->149437K(1415616K), 0.0514810 secs] 7511497K->6272867K(8231360K), 0.0518830 secs] [Times: user=0.65 sys=0.01, real=0.05 secs] 
31370.324: [GC 31370.324: [ParNew: 1407805K->107192K(1415616K), 0.0596330 secs] 7531235K->6241504K(8231360K), 0.0600560 secs] [Times: user=0.66 sys=0.04, real=0.06 secs] 
31378.115: [GC 31378.116: [ParNew: 1365560K->139671K(1415616K), 0.0488660 secs] 7499872K->6280143K(8231360K), 0.0492940 secs] [Times: user=0.63 sys=0.03, real=0.05 secs] 
31385.740: [GC 31385.740: [ParNew: 1398039K->98834K(1415616K), 0.0484350 secs] 7538511K->6244895K(8231360K), 0.0489080 secs] [Times: user=0.62 sys=0.04, real=0.05 secs] 
31393.130: [GC 31393.130: [ParNew: 1357202K->141438K(1415616K), 0.0526130 secs] 7503263K->6294341K(8231360K), 0.0530030 secs] [Times: user=0.65 sys=0.03, real=0.05 secs] 
31400.925: [GC 31400.926: [ParNew: 1399806K->101140K(1415616K), 0.0534850 secs] 7552709K->6260994K(8231360K), 0.0539370 secs] [Times: user=0.67 sys=0.04, real=0.06 secs] 
31407.334: [GC 31407.334: [ParNew: 1359508K->142278K(1415616K), 0.0543430 secs] 7519362K->6309102K(8231360K), 0.0547580 secs] [Times: user=0.70 sys=0.01, real=0.06 secs] 
31414.109: [GC 31414.109: [ParNew: 1400646K->101885K(1415616K), 0.0551200 secs] 7567470K->6275538K(8231360K), 0.0555410 secs] [Times: user=0.70 sys=0.01, real=0.05 secs] 
31421.937: [GC 31421.937: [ParNew: 1360253K->139045K(1415616K), 0.0514450 secs] 7533906K->6319771K(8231360K), 0.0518410 secs] [Times: user=0.65 sys=0.01, real=0.05 secs] 
31429.292: [GC 31429.293: [ParNew: 1397413K->138869K(1415616K), 0.0514140 secs] 7578139K->6326044K(8231360K), 0.0518170 secs] [Times: user=0.68 sys=0.01, real=0.05 secs] 
31434.727: [GC 31434.727: [ParNew: 1397237K->126157K(1415616K), 0.0539050 secs] 7584412K->6320040K(8231360K), 0.0543760 secs] [Times: user=0.68 sys=0.02, real=0.05 secs] 
31440.265: [GC 31440.266: [ParNew: 1384525K->102447K(1415616K), 0.0657550 secs] 7578408K->6310346K(8231360K), 0.0661640 secs] [Times: user=0.74 sys=0.01, real=0.06 secs] 
31446.498: [GC 31446.498: [ParNew: 1360815K->111991K(1415616K), 0.0512530 secs] 7568714K->6327061K(8231360K), 0.0516540 secs] [Times: user=0.63 sys=0.03, real=0.05 secs] 
31450.228: [GC 31450.228: [ParNew: 1370359K->124881K(1415616K), 0.0491660 secs] 7585429K->6347185K(8231360K), 0.0495750 secs] [Times: user=0.62 sys=0.03, real=0.05 secs] 
31454.666: [GC 31454.666: [ParNew: 1383249K->125958K(1415616K), 0.0506670 secs] 7605553K->6355453K(8231360K), 0.0510710 secs] [Times: user=0.63 sys=0.04, real=0.06 secs] 
31458.745: [GC 31458.745: [ParNew: 1384326K->116772K(1415616K), 0.0506970 secs] 7613821K->6353329K(8231360K), 0.0510870 secs] [Times: user=0.64 sys=0.02, real=0.05 secs] 
31462.574: [GC 31462.574: [ParNew: 1375140K->117296K(1415616K), 0.0506190 secs] 7611697K->6360943K(8231360K), 0.0509880 secs] [Times: user=0.61 sys=0.03, real=0.05 secs] 
31466.522: [GC 31466.522: [ParNew: 1375664K->122732K(1415616K), 0.0522630 secs] 7619311K->6373252K(8231360K), 0.0526840 secs] [Times: user=0.63 sys=0.03, real=0.05 secs] 
31470.199: [GC 31470.200: [ParNew: 1381100K->112193K(1415616K), 0.0476550 secs] 7631620K->6369580K(8231360K), 0.0480680 secs] [Times: user=0.58 sys=0.02, real=0.04 secs] 
31473.715: [GC 31473.715: [ParNew: 1370561K->128198K(1415616K), 0.0510140 secs] 7627948K->6392526K(8231360K), 0.0514010 secs] [Times: user=0.60 sys=0.03, real=0.05 secs] 
31477.750: [GC 31477.750: [ParNew: 1386566K->123544K(1415616K), 0.0498250 secs] 7650894K->6395069K(8231360K), 0.0502150 secs] [Times: user=0.61 sys=0.01, real=0.05 secs] 
31477.801: [GC [1 CMS-initial-mark: 6271525K(6815744K)] 6395928K(8231360K), 0.1222470 secs] [Times: user=0.12 sys=0.00, real=0.12 secs] 
31477.924: [CMS-concurrent-mark-start]
31482.380: [GC 31482.380: [ParNew: 1381912K->112664K(1415616K), 0.0473950 secs] 7653437K->6390727K(8231360K), 0.0478050 secs] [Times: user=0.60 sys=0.02, real=0.05 secs] 
31484.709: [CMS-concurrent-mark: 6.735/6.785 secs] [Times: user=30.26 sys=0.36, real=6.78 secs] 
31484.709: [CMS-concurrent-preclean-start]
31484.842: [CMS-concurrent-preclean: 0.128/0.133 secs] [Times: user=0.15 sys=0.00, real=0.14 secs] 
31484.842: [CMS-concurrent-abortable-preclean-start]
31486.291: [GC 31486.291: [ParNew: 1371032K->114693K(1415616K), 0.0544670 secs] 7649095K->6399905K(8231360K), 0.0548680 secs] [Times: user=0.64 sys=0.03, real=0.06 secs] 
31488.201: [CMS-concurrent-abortable-preclean: 3.293/3.358 secs] [Times: user=5.95 sys=0.27, real=3.35 secs] 
31488.202: [GC[YG occupancy: 748752 K (1415616 K)]31488.202: [Rescan (parallel) , 0.1728760 secs]31488.375: [weak refs processing, 0.0000380 secs] [1 CMS-remark: 6285212K(6815744K)] 7033965K(8231360K), 0.1730900 secs] [Times: user=1.17 sys=0.02, real=0.18 secs] 
31488.376: [CMS-concurrent-sweep-start]
31490.764: [GC 31490.764: [ParNew: 1373061K->137747K(1415616K), 0.0413160 secs] 7392699K->6157385K(8231360K), 0.0417230 secs] [Times: user=0.62 sys=0.02, real=0.04 secs] 
31495.272: [CMS-concurrent-sweep: 6.853/6.896 secs] [Times: user=9.92 sys=0.29, real=6.89 secs] 
31495.272: [CMS-concurrent-reset-start]
31495.299: [CMS-concurrent-reset: 0.027/0.027 secs] [Times: user=0.04 sys=0.00, real=0.03 secs] 
31496.094: [GC 31496.094: [ParNew: 1396115K->128989K(1415616K), 0.0533500 secs] 6147365K->4887053K(8231360K), 0.0537570 secs] [Times: user=0.67 sys=0.02, real=0.06 secs] 
31501.402: [GC 31501.402: [ParNew: 1387357K->120058K(1415616K), 0.0545180 secs] 6145421K->4884871K(8231360K), 0.0549150 secs] [Times: user=0.66 sys=0.01, real=0.06 secs] 
31506.443: [GC 31506.444: [ParNew: 1378426K->118674K(1415616K), 0.0561490 secs] 6143239K->4890543K(8231360K), 0.0565840 secs] [Times: user=0.67 sys=0.02, real=0.06 secs] 
31510.531: [GC 31510.531: [ParNew: 1377042K->127568K(1415616K), 0.0590960 secs] 6148911K->4906163K(8231360K), 0.0594940 secs] [Times: user=0.75 sys=0.00, real=0.06 secs] 
31515.945: [GC 31515.945: [ParNew: 1385936K->128756K(1415616K), 0.0567990 secs] 6164531K->4913498K(8231360K), 0.0572310 secs] [Times: user=0.68 sys=0.04, real=0.06 secs] 
31521.508: [GC 31521.508: [ParNew: 1387124K->115501K(1415616K), 0.0529020 secs] 6171866K->4907124K(8231360K), 0.0532830 secs] [Times: user=0.61 sys=0.03, real=0.06 secs] 
31528.967: [GC 31528.967: [ParNew: 1373869K->132600K(1415616K), 0.0641430 secs] 6165492K->4931159K(8231360K), 0.0646850 secs] [Times: user=0.77 sys=0.03, real=0.07 secs] 
31537.327: [GC 31537.327: [ParNew: 1390968K->86865K(1415616K), 0.0678150 secs] 6189527K->4898266K(8231360K), 0.0682740 secs] [Times: user=0.69 sys=0.04, real=0.07 secs] 
31545.549: [GC 31545.549: [ParNew: 1345233K->131122K(1415616K), 0.0412960 secs] 6156634K->4942522K(8231360K), 0.0417870 secs] [Times: user=0.58 sys=0.03, real=0.04 secs] 
31550.984: [GC 31550.984: [ParNew: 1389490K->98829K(1415616K), 0.0428140 secs] 6200890K->4910230K(8231360K), 0.0432470 secs] [Times: user=0.63 sys=0.03, real=0.05 secs] 
31556.769: [GC 31556.769: [ParNew: 1357197K->129834K(1415616K), 0.0656360 secs] 6168598K->4953225K(8231360K), 0.0660560 secs] [Times: user=0.74 sys=0.01, real=0.06 secs] 
31561.555: [GC 31561.555: [ParNew: 1388202K->137172K(1415616K), 0.0579370 secs] 6211593K->4967412K(8231360K), 0.0583610 secs] [Times: user=0.70 sys=0.03, real=0.06 secs] 
31566.390: [GC 31566.391: [ParNew: 1395540K->129943K(1415616K), 0.0550520 secs] 6225780K->4966882K(8231360K), 0.0554620 secs] [Times: user=0.70 sys=0.03, real=0.05 secs] 
31569.537: [GC 31569.537: [ParNew: 1388311K->137006K(1415616K), 0.0496480 secs] 6225250K->4980207K(8231360K), 0.0500370 secs] [Times: user=0.63 sys=0.04, real=0.05 secs] 
31572.323: [GC 31572.323: [ParNew: 1395374K->112741K(1415616K), 0.0679350 secs] 6238575K->4969994K(8231360K), 0.0683230 secs] [Times: user=0.75 sys=0.01, real=0.07 secs] 
31576.356: [GC 31576.356: [ParNew: 1371109K->118335K(1415616K), 0.0517400 secs] 6228362K->4981356K(8231360K), 0.0521580 secs] [Times: user=0.65 sys=0.03, real=0.05 secs] 
31580.093: [GC 31580.093: [ParNew: 1376703K->128965K(1415616K), 0.0524670 secs] 6239724K->4997851K(8231360K), 0.0528670 secs] [Times: user=0.68 sys=0.01, real=0.05 secs] 
31583.714: [GC 31583.714: [ParNew: 1387333K->119591K(1415616K), 0.0525310 secs] 6256219K->4995291K(8231360K), 0.0529290 secs] [Times: user=0.67 sys=0.01, real=0.05 secs] 
31587.519: [GC 31587.520: [ParNew: 1377959K->112462K(1415616K), 0.0542690 secs] 6253659K->4995061K(8231360K), 0.0547140 secs] [Times: user=0.70 sys=0.02, real=0.06 secs] 
31591.747: [GC 31591.748: [ParNew: 1370830K->111531K(1415616K), 0.0552630 secs] 6253429K->5001177K(8231360K), 0.0556830 secs] [Times: user=0.68 sys=0.03, real=0.06 secs] 
31596.513: [GC 31596.513: [ParNew: 1369899K->114497K(1415616K), 0.0528980 secs] 6259545K->5010986K(8231360K), 0.0533130 secs] [Times: user=0.66 sys=0.02, real=0.05 secs] 
31600.160: [GC 31600.161: [ParNew: 1372865K->132460K(1415616K), 0.0371990 secs] 6269354K->5028950K(8231360K), 0.0376000 secs] [Times: user=0.54 sys=0.01, real=0.04 secs] 
31601.950: [GC 31601.951: [ParNew: 1390828K->111867K(1415616K), 0.0494990 secs] 6287318K->5015407K(8231360K), 0.0498860 secs] [Times: user=0.59 sys=0.02, real=0.05 secs] 
31605.049: [GC 31605.049: [ParNew: 1370235K->94549K(1415616K), 0.0484530 secs] 6273775K->5005058K(8231360K), 0.0488780 secs] [Times: user=0.57 sys=0.02, real=0.05 secs] 
31607.935: [GC 31607.935: [ParNew: 1352917K->138682K(1415616K), 0.0412310 secs] 6263426K->5049192K(8231360K), 0.0416340 secs] [Times: user=0.61 sys=0.03, real=0.04 secs] 
31609.262: [GC 31609.263: [ParNew: 1397050K->98009K(1415616K), 0.0511890 secs] 6307560K->5015009K(8231360K), 0.0516040 secs] [Times: user=0.62 sys=0.03, real=0.05 secs] 
31610.526: [GC 31610.527: [ParNew: 1356377K->123872K(1415616K), 0.0368240 secs] 6273377K->5040872K(8231360K), 0.0372250 secs] [Times: user=0.55 sys=0.03, real=0.03 secs] 
31612.591: [GC 31612.592: [ParNew: 1382240K->115603K(1415616K), 0.0336890 secs] 6299240K->5032603K(8231360K), 0.0341220 secs] [Times: user=0.49 sys=0.04, real=0.04 secs] 
31614.090: [GC 31614.090: [ParNew: 1373971K->127446K(1415616K), 0.0349570 secs] 6290971K->5044445K(8231360K), 0.0353590 secs] [Times: user=0.52 sys=0.02, real=0.03 secs] 
31618.102: [GC 31618.103: [ParNew: 1385814K->120800K(1415616K), 0.0358330 secs] 6302813K->5037800K(8231360K), 0.0362500 secs] [Times: user=0.53 sys=0.02, real=0.04 secs] 
31624.127: [GC 31624.127: [ParNew: 1379168K->94160K(1415616K), 0.0625760 secs] 6296168K->5024245K(8231360K), 0.0630660 secs] [Times: user=0.62 sys=0.04, real=0.06 secs] 
31628.122: [GC 31628.122: [ParNew: 1352528K->123375K(1415616K), 0.0353130 secs] 6282613K->5053459K(8231360K), 0.0357430 secs] [Times: user=0.53 sys=0.02, real=0.03 secs] 
31632.731: [GC 31632.731: [ParNew: 1381743K->112076K(1415616K), 0.0619110 secs] 6311827K->5055561K(8231360K), 0.0623220 secs] [Times: user=0.64 sys=0.00, real=0.06 secs] 
31638.192: [GC 31638.193: [ParNew: 1370444K->133650K(1415616K), 0.0348860 secs] 6313929K->5077134K(8231360K), 0.0353180 secs] [Times: user=0.54 sys=0.00, real=0.03 secs] 
31642.741: [GC 31642.741: [ParNew: 1392018K->106839K(1415616K), 0.0621020 secs] 6335502K->5062972K(8231360K), 0.0625200 secs] [Times: user=0.62 sys=0.01, real=0.07 secs] 
31649.904: [GC 31649.904: [ParNew: 1365207K->117082K(1415616K), 0.0350640 secs] 6321340K->5073215K(8231360K), 0.0355050 secs] [Times: user=0.53 sys=0.01, real=0.03 secs] 
31662.733: [GC 31662.734: [ParNew: 1375450K->117431K(1415616K), 0.0349390 secs] 6331583K->5073564K(8231360K), 0.0354980 secs] [Times: user=0.52 sys=0.01, real=0.04 secs] 
31669.902: [GC 31669.902: [ParNew: 1375799K->88683K(1415616K), 0.0669970 secs] 6331932K->5059377K(8231360K), 0.0674440 secs] [Times: user=0.63 sys=0.02, real=0.07 secs] 
31671.428: [GC 31671.428: [ParNew: 1347051K->102014K(1415616K), 0.0329810 secs] 6317745K->5072708K(8231360K), 0.0333850 secs] [Times: user=0.49 sys=0.01, real=0.03 secs] 
31672.746: [GC 31672.747: [ParNew: 1360382K->119674K(1415616K), 0.0342330 secs] 6331076K->5090368K(8231360K), 0.0346730 secs] [Times: user=0.51 sys=0.02, real=0.04 secs] 
31675.070: [GC 31675.070: [ParNew: 1378042K->113105K(1415616K), 0.0341320 secs] 6348736K->5083799K(8231360K), 0.0345510 secs] [Times: user=0.52 sys=0.02, real=0.03 secs] 
31676.344: [GC 31676.344: [ParNew: 1371473K->115042K(1415616K), 0.0349970 secs] 6342167K->5085736K(8231360K), 0.0353980 secs] [Times: user=0.53 sys=0.00, real=0.04 secs] 
31679.207: [GC 31679.207: [ParNew: 1373410K->122815K(1415616K), 0.0407310 secs] 6344104K->5093509K(8231360K), 0.0411740 secs] [Times: user=0.59 sys=0.01, real=0.05 secs] 
31682.704: [GC 31682.704: [ParNew: 1381183K->93057K(1415616K), 0.0672850 secs] 6351877K->5077057K(8231360K), 0.0676910 secs] [Times: user=0.70 sys=0.02, real=0.07 secs] 
31686.100: [GC 31686.100: [ParNew: 1351425K->138896K(1415616K), 0.0416330 secs] 6335425K->5122896K(8231360K), 0.0420460 secs] [Times: user=0.64 sys=0.00, real=0.04 secs] 
31687.026: [GC 31687.027: [ParNew: 1397264K->105447K(1415616K), 0.0690790 secs] 6381264K->5099213K(8231360K), 0.0694610 secs] [Times: user=0.78 sys=0.04, real=0.07 secs] 
31687.902: [GC 31687.902: [ParNew: 1363815K->119607K(1415616K), 0.0762910 secs] 6357581K->5127312K(8231360K), 0.0766780 secs] [Times: user=0.79 sys=0.04, real=0.07 secs] 
31688.806: [GC 31688.806: [ParNew: 1377975K->125749K(1415616K), 0.0585410 secs] 6385680K->5141305K(8231360K), 0.0589290 secs] [Times: user=0.68 sys=0.04, real=0.06 secs] 
31708.893: [GC 31708.894: [ParNew: 1384117K->103300K(1415616K), 0.0597600 secs] 6399673K->5125936K(8231360K), 0.0604570 secs] [Times: user=0.70 sys=0.03, real=0.06 secs] 
31886.590: [GC 31886.590: [ParNew: 1361668K->84279K(1415616K), 0.0356170 secs] 6384304K->5106915K(8231360K), 0.0360570 secs] [Times: user=0.52 sys=0.00, real=0.04 secs] 
31916.691: [GC 31916.691: [ParNew: 1342647K->128534K(1415616K), 0.0351010 secs] 6365283K->5151170K(8231360K), 0.0355340 secs] [Times: user=0.52 sys=0.00, real=0.04 secs] 
31941.902: [GC 31941.902: [ParNew: 1386902K->101814K(1415616K), 0.0428230 secs] 6409538K->5124449K(8231360K), 0.0432990 secs] [Times: user=0.62 sys=0.02, real=0.04 secs] 
31969.497: [GC 31969.497: [ParNew: 1360182K->125459K(1415616K), 0.0687380 secs] 6382817K->5160763K(8231360K), 0.0691480 secs] [Times: user=0.69 sys=0.04, real=0.07 secs] 
31995.309: [GC 31995.309: [ParNew: 1383827K->144159K(1415616K), 0.0400950 secs] 6419131K->5179462K(8231360K), 0.0405400 secs] [Times: user=0.59 sys=0.01, real=0.04 secs] 
32020.101: [GC 32020.101: [ParNew: 1402527K->102051K(1415616K), 0.0561020 secs] 6437830K->5144973K(8231360K), 0.0565280 secs] [Times: user=0.64 sys=0.02, real=0.05 secs] 
32046.455: [GC 32046.455: [ParNew: 1360419K->151089K(1415616K), 0.0538510 secs] 6403341K->5199705K(8231360K), 0.0542720 secs] [Times: user=0.64 sys=0.02, real=0.06 secs] 
32068.353: [GC 32068.353: [ParNew: 1409457K->102049K(1415616K), 0.0599650 secs] 6458073K->5157846K(8231360K), 0.0603780 secs] [Times: user=0.68 sys=0.04, real=0.06 secs] 
32097.956: [GC 32097.956: [ParNew: 1360417K->138091K(1415616K), 0.0526090 secs] 6416214K->5200366K(8231360K), 0.0530460 secs] [Times: user=0.63 sys=0.01, real=0.05 secs] 
32114.919: [GC 32114.919: [ParNew: 1396459K->128903K(1415616K), 0.0557450 secs] 6458734K->5197934K(8231360K), 0.0561990 secs] [Times: user=0.64 sys=0.02, real=0.05 secs] 
32128.849: [GC 32128.850: [ParNew: 1387271K->148033K(1415616K), 0.0794990 secs] 6456302K->5224040K(8231360K), 0.0799800 secs] [Times: user=0.98 sys=0.02, real=0.08 secs] 
32136.497: [GC 32136.497: [ParNew: 1406401K->102522K(1415616K), 0.1101600 secs] 6482408K->5206529K(8231360K), 0.1105890 secs] [Times: user=0.83 sys=0.09, real=0.11 secs] 
32143.315: [GC 32143.315: [ParNew: 1360890K->129187K(1415616K), 0.0391160 secs] 6464897K->5233194K(8231360K), 0.0395220 secs] [Times: user=0.57 sys=0.01, real=0.04 secs] 
32149.506: [GC 32149.506: [ParNew: 1387555K->141301K(1415616K), 0.0432010 secs] 6491562K->5245307K(8231360K), 0.0436290 secs] [Times: user=0.63 sys=0.01, real=0.04 secs] 
32153.740: [GC 32153.740: [ParNew: 1399669K->127212K(1415616K), 0.0787850 secs] 6503675K->5244784K(8231360K), 0.0792230 secs] [Times: user=0.82 sys=0.04, real=0.08 secs] 
32158.096: [GC 32158.097: [ParNew: 1385580K->140938K(1415616K), 0.0638160 secs] 6503152K->5265192K(8231360K), 0.0642410 secs] [Times: user=0.74 sys=0.04, real=0.07 secs] 
32161.787: [GC 32161.787: [ParNew: 1399306K->111756K(1415616K), 0.0785690 secs] 6523560K->5250101K(8231360K), 0.0789640 secs] [Times: user=0.77 sys=0.03, real=0.07 secs] 
32165.579: [GC 32165.579: [ParNew: 1370124K->117462K(1415616K), 0.0559160 secs] 6508469K->5262350K(8231360K), 0.0563350 secs] [Times: user=0.67 sys=0.04, real=0.05 secs] 
32169.363: [GC 32169.363: [ParNew: 1375830K->118459K(1415616K), 0.0597320 secs] 6520718K->5270705K(8231360K), 0.0601250 secs] [Times: user=0.69 sys=0.02, real=0.06 secs] 
32172.937: [GC 32172.938: [ParNew: 1376827K->129853K(1415616K), 0.0606730 secs] 6529073K->5289254K(8231360K), 0.0610650 secs] [Times: user=0.72 sys=0.02, real=0.06 secs] 
32175.815: [GC 32175.815: [ParNew: 1388221K->120501K(1415616K), 0.0650190 secs] 6547622K->5287518K(8231360K), 0.0654290 secs] [Times: user=0.76 sys=0.03, real=0.07 secs] 
32179.292: [GC 32179.292: [ParNew: 1378869K->142888K(1415616K), 0.0611330 secs] 6545886K->5317350K(8231360K), 0.0615320 secs] [Times: user=0.70 sys=0.03, real=0.06 secs] 
32182.944: [GC 32182.944: [ParNew: 1401256K->106392K(1415616K), 0.0594990 secs] 6575718K->5288580K(8231360K), 0.0599140 secs] [Times: user=0.68 sys=0.03, real=0.06 secs] 
32186.722: [GC 32186.722: [ParNew: 1364760K->140661K(1415616K), 0.0574140 secs] 6546948K->5330673K(8231360K), 0.0578240 secs] [Times: user=0.65 sys=0.02, real=0.05 secs] 
32190.301: [GC 32190.301: [ParNew: 1399029K->134679K(1415616K), 0.0607560 secs] 6589041K->5332603K(8231360K), 0.0611660 secs] [Times: user=0.70 sys=0.03, real=0.07 secs] 
32193.502: [GC 32193.502: [ParNew: 1393047K->140776K(1415616K), 0.0575450 secs] 6590971K->5346412K(8231360K), 0.0579510 secs] [Times: user=0.67 sys=0.02, real=0.06 secs] 
32196.893: [GC 32196.893: [ParNew: 1399144K->104956K(1415616K), 0.0549410 secs] 6604780K->5318264K(8231360K), 0.0553500 secs] [Times: user=0.65 sys=0.03, real=0.05 secs] 
32200.693: [GC 32200.693: [ParNew: 1363324K->135061K(1415616K), 0.0596460 secs] 6576632K->5355914K(8231360K), 0.0600690 secs] [Times: user=0.67 sys=0.03, real=0.06 secs] 
32204.077: [GC 32204.077: [ParNew: 1393429K->134507K(1415616K), 0.0567070 secs] 6614282K->5362670K(8231360K), 0.0571130 secs] [Times: user=0.69 sys=0.03, real=0.05 secs] 
32206.920: [GC 32206.920: [ParNew: 1392875K->131179K(1415616K), 0.0607460 secs] 6621038K->5366953K(8231360K), 0.0611530 secs] [Times: user=0.72 sys=0.02, real=0.06 secs] 
32209.949: [GC 32209.949: [ParNew: 1389547K->121937K(1415616K), 0.0581510 secs] 6625321K->5365201K(8231360K), 0.0585560 secs] [Times: user=0.69 sys=0.02, real=0.06 secs] 
32213.343: [GC 32213.343: [ParNew: 1380305K->139035K(1415616K), 0.0671130 secs] 6623569K->5390871K(8231360K), 0.0675250 secs] [Times: user=0.79 sys=0.02, real=0.07 secs] 
32218.295: [GC 32218.295: [ParNew: 1397403K->106453K(1415616K), 0.0580710 secs] 6649239K->5366398K(8231360K), 0.0584880 secs] [Times: user=0.67 sys=0.02, real=0.06 secs] 
32223.148: [GC 32223.148: [ParNew: 1364821K->117575K(1415616K), 0.0569690 secs] 6624766K->5384865K(8231360K), 0.0573660 secs] [Times: user=0.67 sys=0.03, real=0.05 secs] 
32228.303: [GC 32228.303: [ParNew: 1375943K->114392K(1415616K), 0.0601830 secs] 6643233K->5389384K(8231360K), 0.0605960 secs] [Times: user=0.68 sys=0.03, real=0.06 secs] 
32232.733: [GC 32232.733: [ParNew: 1372760K->128361K(1415616K), 0.0566370 secs] 6647752K->5411032K(8231360K), 0.0570190 secs] [Times: user=0.65 sys=0.02, real=0.06 secs] 
32256.906: [GC 32256.906: [ParNew: 1386729K->84261K(1415616K), 0.0478320 secs] 6669400K->5374227K(8231360K), 0.0482560 secs] [Times: user=0.56 sys=0.02, real=0.04 secs] 
32273.317: [GC 32273.317: [ParNew: 1342629K->125786K(1415616K), 0.0347450 secs] 6632595K->5415752K(8231360K), 0.0351610 secs] [Times: user=0.51 sys=0.00, real=0.04 secs] 
32303.911: [GC 32303.911: [ParNew: 1384154K->146445K(1415616K), 0.0375880 secs] 6674120K->5436411K(8231360K), 0.0379920 secs] [Times: user=0.54 sys=0.01, real=0.04 secs] 
32319.896: [GC 32319.897: [ParNew: 1404813K->100551K(1415616K), 0.0547310 secs] 6694779K->5397525K(8231360K), 0.0551430 secs] [Times: user=0.64 sys=0.02, real=0.05 secs] 
32332.203: [GC 32332.203: [ParNew: 1358919K->120727K(1415616K), 0.0655420 secs] 6655893K->5433062K(8231360K), 0.0659820 secs] [Times: user=0.63 sys=0.02, real=0.07 secs] 
32338.958: [GC 32338.958: [ParNew: 1379095K->127719K(1415616K), 0.0535130 secs] 6691430K->5448267K(8231360K), 0.0539260 secs] [Times: user=0.59 sys=0.03, real=0.06 secs] 
32346.091: [GC 32346.092: [ParNew: 1386087K->124505K(1415616K), 0.0618140 secs] 6706635K->5452331K(8231360K), 0.0622350 secs] [Times: user=0.75 sys=0.02, real=0.06 secs] 
32350.348: [GC 32350.348: [ParNew: 1382873K->136845K(1415616K), 0.0539980 secs] 6710699K->5472434K(8231360K), 0.0543900 secs] [Times: user=0.63 sys=0.03, real=0.06 secs] 
32354.099: [GC 32354.100: [ParNew: 1395213K->150682K(1415616K), 0.0525520 secs] 6730802K->5493481K(8231360K), 0.0529420 secs] [Times: user=0.59 sys=0.02, real=0.06 secs] 
32356.769: [GC 32356.769: [ParNew: 1409050K->106526K(1415616K), 0.0665030 secs] 6751849K->5464091K(8231360K), 0.0669100 secs] [Times: user=0.64 sys=0.02, real=0.07 secs] 
32360.121: [GC 32360.122: [ParNew: 1364894K->131824K(1415616K), 0.0495090 secs] 6722459K->5496584K(8231360K), 0.0499020 secs] [Times: user=0.59 sys=0.01, real=0.05 secs] 
32362.775: [GC 32362.775: [ParNew: 1390192K->133668K(1415616K), 0.0483410 secs] 6754952K->5505291K(8231360K), 0.0487300 secs] [Times: user=0.58 sys=0.02, real=0.04 secs] 
32365.697: [GC 32365.698: [ParNew: 1392036K->96364K(1415616K), 0.0676830 secs] 6763659K->5482436K(8231360K), 0.0680790 secs] [Times: user=0.62 sys=0.05, real=0.07 secs] 
32368.340: [GC 32368.340: [ParNew: 1354732K->122074K(1415616K), 0.0485060 secs] 6740804K->5515815K(8231360K), 0.0488930 secs] [Times: user=0.56 sys=0.01, real=0.05 secs] 
32370.714: [GC 32370.714: [ParNew: 1380442K->121358K(1415616K), 0.0493400 secs] 6774183K->5522728K(8231360K), 0.0497660 secs] [Times: user=0.55 sys=0.02, real=0.05 secs] 
32373.970: [GC 32373.970: [ParNew: 1379726K->122086K(1415616K), 0.0548500 secs] 6781096K->5531299K(8231360K), 0.0552480 secs] [Times: user=0.62 sys=0.02, real=0.06 secs] 
32376.307: [GC 32376.307: [ParNew: 1380454K->111412K(1415616K), 0.0514960 secs] 6789667K->5528406K(8231360K), 0.0519000 secs] [Times: user=0.59 sys=0.03, real=0.06 secs] 
32380.352: [GC 32380.352: [ParNew: 1369780K->102238K(1415616K), 0.0490030 secs] 6786774K->5527210K(8231360K), 0.0494000 secs] [Times: user=0.56 sys=0.01, real=0.05 secs] 
32383.472: [GC 32383.473: [ParNew: 1360606K->148323K(1415616K), 0.0381220 secs] 6785578K->5573295K(8231360K), 0.0385200 secs] [Times: user=0.55 sys=0.02, real=0.04 secs] 
32386.166: [GC 32386.167: [ParNew: 1406691K->104277K(1415616K), 0.0573840 secs] 6831663K->5537094K(8231360K), 0.0577910 secs] [Times: user=0.68 sys=0.02, real=0.06 secs] 
32389.964: [GC 32389.964: [ParNew: 1362645K->144992K(1415616K), 0.0535690 secs] 6795462K->5585420K(8231360K), 0.0539760 secs] [Times: user=0.66 sys=0.02, real=0.05 secs] 
32395.926: [GC 32395.926: [ParNew: 1403360K->103312K(1415616K), 0.0646690 secs] 6843788K->5558452K(8231360K), 0.0650880 secs] [Times: user=0.66 sys=0.02, real=0.07 secs] 
32398.519: [GC 32398.519: [ParNew: 1361680K->135694K(1415616K), 0.0399970 secs] 6816820K->5590834K(8231360K), 0.0403920 secs] [Times: user=0.62 sys=0.00, real=0.04 secs] 
32400.533: [GC 32400.533: [ParNew: 1394062K->133847K(1415616K), 0.0544860 secs] 6849202K->5596570K(8231360K), 0.0549060 secs] [Times: user=0.67 sys=0.01, real=0.05 secs] 
32404.592: [GC 32404.592: [ParNew: 1392215K->136227K(1415616K), 0.0577920 secs] 6854938K->5606617K(8231360K), 0.0582010 secs] [Times: user=0.68 sys=0.02, real=0.05 secs] 
32407.496: [GC 32407.496: [ParNew: 1394595K->129196K(1415616K), 0.0575580 secs] 6864985K->5608053K(8231360K), 0.0579470 secs] [Times: user=0.65 sys=0.00, real=0.06 secs] 
32411.303: [GC 32411.303: [ParNew: 1387564K->103635K(1415616K), 0.0689840 secs] 6866421K->5598074K(8231360K), 0.0693640 secs] [Times: user=0.65 sys=0.03, real=0.06 secs] 
32415.392: [GC 32415.392: [ParNew: 1362003K->128874K(1415616K), 0.0321450 secs] 6856442K->5623313K(8231360K), 0.0325420 secs] [Times: user=0.50 sys=0.00, real=0.04 secs] 
32419.957: [GC 32419.957: [ParNew: 1387242K->123616K(1415616K), 0.0509930 secs] 6881681K->5625895K(8231360K), 0.0513790 secs] [Times: user=0.56 sys=0.02, real=0.05 secs] 
32450.288: [GC 32450.288: [ParNew: 1381984K->81954K(1415616K), 0.0522990 secs] 6884263K->5591809K(8231360K), 0.0527340 secs] [Times: user=0.59 sys=0.01, real=0.06 secs] 
32456.328: [GC 32456.328: [ParNew: 1340322K->141789K(1415616K), 0.0388210 secs] 6850177K->5651644K(8231360K), 0.0392660 secs] [Times: user=0.56 sys=0.02, real=0.04 secs] 
32462.550: [GC 32462.550: [ParNew: 1400157K->100742K(1415616K), 0.0529320 secs] 6910012K->5617756K(8231360K), 0.0533630 secs] [Times: user=0.63 sys=0.01, real=0.06 secs] 
32467.265: [GC 32467.265: [ParNew: 1359110K->146749K(1415616K), 0.0534710 secs] 6876124K->5671315K(8231360K), 0.0538680 secs] [Times: user=0.64 sys=0.02, real=0.05 secs] 
32470.311: [GC 32470.311: [ParNew: 1405117K->102677K(1415616K), 0.0731430 secs] 6929683K->5643016K(8231360K), 0.0735200 secs] [Times: user=0.69 sys=0.03, real=0.08 secs] 
32475.929: [GC 32475.929: [ParNew: 1361045K->130115K(1415616K), 0.0498090 secs] 6901384K->5678696K(8231360K), 0.0502110 secs] [Times: user=0.57 sys=0.01, real=0.05 secs] 
32481.053: [GC 32481.053: [ParNew: 1388483K->128153K(1415616K), 0.0492740 secs] 6937064K->5684524K(8231360K), 0.0496580 secs] [Times: user=0.56 sys=0.01, real=0.05 secs] 
32485.440: [GC 32485.441: [ParNew: 1386521K->146550K(1415616K), 0.0368570 secs] 6942892K->5702922K(8231360K), 0.0372490 secs] [Times: user=0.54 sys=0.02, real=0.04 secs] 
32488.745: [GC 32488.746: [ParNew: 1404918K->104396K(1415616K), 0.0673820 secs] 6961290K->5675953K(8231360K), 0.0677630 secs] [Times: user=0.66 sys=0.02, real=0.07 secs] 
32491.476: [GC 32491.476: [ParNew: 1362764K->147412K(1415616K), 0.0485990 secs] 6934321K->5725776K(8231360K), 0.0489990 secs] [Times: user=0.59 sys=0.00, real=0.05 secs] 
32494.118: [GC 32494.118: [ParNew: 1405780K->109570K(1415616K), 0.0484760 secs] 6984144K->5695097K(8231360K), 0.0488450 secs] [Times: user=0.59 sys=0.01, real=0.05 secs] 
32496.595: [GC 32496.596: [ParNew: 1367938K->121756K(1415616K), 0.0717390 secs] 6953465K->5722990K(8231360K), 0.0722150 secs] [Times: user=0.71 sys=0.02, real=0.07 secs] 
32574.281: [GC 32574.281: [ParNew: 1380112K->80177K(1415616K), 0.0534780 secs] 6981347K->5689612K(8231360K), 0.0539020 secs] [Times: user=0.59 sys=0.02, real=0.06 secs] 
32595.363: [GC 32595.363: [ParNew: 1338545K->119121K(1415616K), 0.0371540 secs] 6947980K->5728555K(8231360K), 0.0375750 secs] [Times: user=0.58 sys=0.00, real=0.04 secs] 
32599.502: [GC 32599.502: [ParNew: 1377489K->144838K(1415616K), 0.0379810 secs] 6986923K->5754273K(8231360K), 0.0383530 secs] [Times: user=0.58 sys=0.02, real=0.04 secs] 
32604.819: [GC 32604.819: [ParNew: 1403206K->103727K(1415616K), 0.0559950 secs] 7012641K->5720737K(8231360K), 0.0564100 secs] [Times: user=0.69 sys=0.02, real=0.05 secs] 
32609.512: [GC 32609.512: [ParNew: 1362095K->119353K(1415616K), 0.0666650 secs] 6979105K->5751062K(8231360K), 0.0671150 secs] [Times: user=0.67 sys=0.02, real=0.06 secs] 
32613.371: [GC 32613.371: [ParNew: 1377721K->113778K(1415616K), 0.0534820 secs] 7009430K->5753659K(8231360K), 0.0538570 secs] [Times: user=0.64 sys=0.02, real=0.05 secs] 
32616.341: [GC 32616.341: [ParNew: 1372146K->124374K(1415616K), 0.0515580 secs] 7012027K->5771903K(8231360K), 0.0519390 secs] [Times: user=0.63 sys=0.00, real=0.05 secs] 
32620.139: [GC 32620.139: [ParNew: 1382742K->115155K(1415616K), 0.0486660 secs] 7030271K->5770389K(8231360K), 0.0490480 secs] [Times: user=0.56 sys=0.01, real=0.05 secs] 
32625.610: [GC 32625.610: [ParNew: 1373523K->115767K(1415616K), 0.0469730 secs] 7028757K->5778602K(8231360K), 0.0473640 secs] [Times: user=0.56 sys=0.02, real=0.05 secs] 
32629.335: [GC 32629.335: [ParNew: 1374135K->131252K(1415616K), 0.0354560 secs] 7036970K->5794087K(8231360K), 0.0358450 secs] [Times: user=0.52 sys=0.00, real=0.03 secs] 
32634.353: [GC 32634.354: [ParNew: 1389620K->112761K(1415616K), 0.0563930 secs] 7052455K->5785537K(8231360K), 0.0568000 secs] [Times: user=0.63 sys=0.03, real=0.06 secs] 
32638.209: [GC 32638.209: [ParNew: 1371129K->121610K(1415616K), 0.0440640 secs] 7043905K->5799568K(8231360K), 0.0444840 secs] [Times: user=0.56 sys=0.00, real=0.04 secs] 
32640.544: [GC 32640.545: [ParNew: 1379978K->137951K(1415616K), 0.0498090 secs] 7057936K->5823182K(8231360K), 0.0501890 secs] [Times: user=0.61 sys=0.00, real=0.05 secs] 
32643.343: [GC 32643.343: [ParNew: 1396319K->131218K(1415616K), 0.0491140 secs] 7081550K->5823650K(8231360K), 0.0494990 secs] [Times: user=0.60 sys=0.00, real=0.05 secs] 
32648.181: [GC 32648.181: [ParNew: 1389586K->102053K(1415616K), 0.0699190 secs] 7082018K->5808463K(8231360K), 0.0703110 secs] [Times: user=0.75 sys=0.01, real=0.07 secs] 
32652.380: [GC 32652.381: [ParNew: 1360421K->118764K(1415616K), 0.0405080 secs] 7066831K->5825174K(8231360K), 0.0408890 secs] [Times: user=0.63 sys=0.00, real=0.04 secs] 
32656.692: [GC 32656.692: [ParNew: 1377132K->114193K(1415616K), 0.0556520 secs] 7083542K->5827695K(8231360K), 0.0560450 secs] [Times: user=0.68 sys=0.01, real=0.06 secs] 
32660.958: [GC 32660.959: [ParNew: 1372561K->118810K(1415616K), 0.0550530 secs] 7086063K->5839443K(8231360K), 0.0554300 secs] [Times: user=0.69 sys=0.02, real=0.06 secs] 
32667.160: [GC 32667.160: [ParNew: 1377178K->98839K(1415616K), 0.0537570 secs] 7097811K->5826531K(8231360K), 0.0541370 secs] [Times: user=0.64 sys=0.03, real=0.05 secs] 
32675.741: [GC 32675.741: [ParNew: 1357207K->126964K(1415616K), 0.0337670 secs] 7084899K->5854657K(8231360K), 0.0341850 secs] [Times: user=0.51 sys=0.00, real=0.04 secs] 
32684.203: [GC 32684.203: [ParNew: 1385332K->144156K(1415616K), 0.0375900 secs] 7113025K->5871848K(8231360K), 0.0379810 secs] [Times: user=0.58 sys=0.00, real=0.03 secs] 
32691.125: [GC 32691.126: [ParNew: 1402524K->101609K(1415616K), 0.0550230 secs] 7130216K->5836231K(8231360K), 0.0554230 secs] [Times: user=0.66 sys=0.01, real=0.05 secs] 
32695.379: [GC 32695.379: [ParNew: 1359977K->138475K(1415616K), 0.0512420 secs] 7094599K->5879916K(8231360K), 0.0516740 secs] [Times: user=0.64 sys=0.01, real=0.05 secs] 
32699.542: [GC 32699.542: [ParNew: 1396843K->126938K(1415616K), 0.0674630 secs] 7138284K->5882133K(8231360K), 0.0679240 secs] [Times: user=0.71 sys=0.01, real=0.07 secs] 
32705.478: [GC 32705.478: [ParNew: 1385306K->119469K(1415616K), 0.0495020 secs] 7140501K->5881307K(8231360K), 0.0499030 secs] [Times: user=0.61 sys=0.01, real=0.05 secs] 
32709.404: [GC 32709.404: [ParNew: 1377837K->123735K(1415616K), 0.0501750 secs] 7139675K->5891647K(8231360K), 0.0505510 secs] [Times: user=0.62 sys=0.03, real=0.05 secs] 
32714.570: [GC 32714.570: [ParNew: 1382103K->124903K(1415616K), 0.0526720 secs] 7150015K->5899185K(8231360K), 0.0530510 secs] [Times: user=0.66 sys=0.03, real=0.05 secs] 
32718.401: [GC 32718.401: [ParNew: 1383271K->137070K(1415616K), 0.0525810 secs] 7157553K->5917817K(8231360K), 0.0529780 secs] [Times: user=0.66 sys=0.02, real=0.05 secs] 
32721.867: [GC 32721.867: [ParNew: 1395438K->128608K(1415616K), 0.0776250 secs] 7176185K->5921085K(8231360K), 0.0781140 secs] [Times: user=0.84 sys=0.03, real=0.08 secs] 
32725.154: [GC 32725.154: [ParNew: 1386976K->125379K(1415616K), 0.0488220 secs] 7179453K->5924182K(8231360K), 0.0492000 secs] [Times: user=0.60 sys=0.01, real=0.05 secs] 
32728.514: [GC 32728.514: [ParNew: 1383747K->132584K(1415616K), 0.0509380 secs] 7182550K->5938176K(8231360K), 0.0513330 secs] [Times: user=0.62 sys=0.02, real=0.05 secs] 
32731.289: [GC 32731.289: [ParNew: 1390952K->107178K(1415616K), 0.0618940 secs] 7196544K->5926029K(8231360K), 0.0622840 secs] [Times: user=0.64 sys=0.02, real=0.06 secs] 
32734.311: [GC 32734.311: [ParNew: 1365546K->112160K(1415616K), 0.0521260 secs] 7184397K->5938146K(8231360K), 0.0525790 secs] [Times: user=0.62 sys=0.03, real=0.06 secs] 
32738.362: [GC 32738.362: [ParNew: 1370528K->110281K(1415616K), 0.0492960 secs] 7196514K->5943486K(8231360K), 0.0497040 secs] [Times: user=0.60 sys=0.01, real=0.05 secs] 
32740.922: [GC 32740.923: [ParNew: 1368649K->143202K(1415616K), 0.0395160 secs] 7201854K->5976407K(8231360K), 0.0398870 secs] [Times: user=0.59 sys=0.02, real=0.04 secs] 
32742.030: [GC 32742.030: [ParNew: 1401570K->111544K(1415616K), 0.0680300 secs] 7234775K->5958795K(8231360K), 0.0684570 secs] [Times: user=0.71 sys=0.02, real=0.07 secs] 
32744.582: [GC 32744.582: [ParNew: 1369912K->130907K(1415616K), 0.0585970 secs] 7217163K->5985267K(8231360K), 0.0589800 secs] [Times: user=0.71 sys=0.02, real=0.06 secs] 
32746.896: [GC 32746.896: [ParNew: 1389275K->125541K(1415616K), 0.0525850 secs] 7243635K->5986978K(8231360K), 0.0529860 secs] [Times: user=0.65 sys=0.01, real=0.05 secs] 
32748.991: [GC 32748.991: [ParNew: 1383909K->112653K(1415616K), 0.0678740 secs] 7245346K->5988050K(8231360K), 0.0683140 secs] [Times: user=0.72 sys=0.00, real=0.07 secs] 
32751.378: [GC 32751.378: [ParNew: 1371021K->107496K(1415616K), 0.0480800 secs] 7246418K->5989422K(8231360K), 0.0484680 secs] [Times: user=0.60 sys=0.00, real=0.05 secs] 
32755.220: [GC 32755.220: [ParNew: 1365864K->84924K(1415616K), 0.0476750 secs] 7247790K->5973876K(8231360K), 0.0480680 secs] [Times: user=0.57 sys=0.02, real=0.05 secs] 
32759.952: [GC 32759.952: [ParNew: 1343292K->110509K(1415616K), 0.0341920 secs] 7232244K->5999461K(8231360K), 0.0345810 secs] [Times: user=0.49 sys=0.02, real=0.03 secs] 
32765.168: [GC 32765.168: [ParNew: 1368877K->133435K(1415616K), 0.0361230 secs] 7257829K->6022386K(8231360K), 0.0365410 secs] [Times: user=0.52 sys=0.02, real=0.03 secs] 
32769.797: [GC 32769.797: [ParNew: 1391803K->101419K(1415616K), 0.0377360 secs] 7280754K->5990371K(8231360K), 0.0381370 secs] [Times: user=0.56 sys=0.00, real=0.04 secs] 
32773.560: [GC 32773.560: [ParNew: 1359787K->128537K(1415616K), 0.0640390 secs] 7248739K->6031055K(8231360K), 0.0644180 secs] [Times: user=0.65 sys=0.01, real=0.06 secs] 
32777.776: [GC 32777.776: [ParNew: 1386905K->127901K(1415616K), 0.0571990 secs] 7289423K->6037502K(8231360K), 0.0576150 secs] [Times: user=0.68 sys=0.02, real=0.06 secs] 
32780.965: [GC 32780.965: [ParNew: 1386269K->126273K(1415616K), 0.0540030 secs] 7295870K->6042924K(8231360K), 0.0543750 secs] [Times: user=0.62 sys=0.03, real=0.05 secs] 
32783.995: [GC 32783.995: [ParNew: 1384641K->133919K(1415616K), 0.0561870 secs] 7301292K->6057241K(8231360K), 0.0565590 secs] [Times: user=0.68 sys=0.02, real=0.05 secs] 
32786.362: [GC 32786.362: [ParNew: 1392287K->130844K(1415616K), 0.0616220 secs] 7315609K->6060710K(8231360K), 0.0620120 secs] [Times: user=0.76 sys=0.03, real=0.06 secs] 
32788.496: [GC 32788.496: [ParNew: 1389212K->113094K(1415616K), 0.0705830 secs] 7319078K->6055172K(8231360K), 0.0709640 secs] [Times: user=0.76 sys=0.02, real=0.07 secs] 
32790.980: [GC 32790.980: [ParNew: 1371462K->127023K(1415616K), 0.0578030 secs] 7313540K->6075858K(8231360K), 0.0582610 secs] [Times: user=0.70 sys=0.03, real=0.06 secs] 
32793.200: [GC 32793.200: [ParNew: 1385391K->126484K(1415616K), 0.0572810 secs] 7334226K->6082283K(8231360K), 0.0576700 secs] [Times: user=0.69 sys=0.02, real=0.06 secs] 
32795.369: [GC 32795.369: [ParNew: 1384852K->107040K(1415616K), 0.0766870 secs] 7340651K->6077098K(8231360K), 0.0770780 secs] [Times: user=0.78 sys=0.03, real=0.08 secs] 
32797.548: [GC 32797.548: [ParNew: 1365408K->111440K(1415616K), 0.0630440 secs] 7335466K->6088603K(8231360K), 0.0634130 secs] [Times: user=0.76 sys=0.03, real=0.06 secs] 
32799.199: [GC 32799.200: [ParNew: 1369808K->104786K(1415616K), 0.0582100 secs] 7346971K->6089172K(8231360K), 0.0585940 secs] [Times: user=0.66 sys=0.02, real=0.06 secs] 
32800.765: [GC 32800.765: [ParNew: 1363154K->132584K(1415616K), 0.0449970 secs] 7347540K->6116969K(8231360K), 0.0453650 secs] [Times: user=0.65 sys=0.02, real=0.04 secs] 
32802.660: [GC 32802.660: [ParNew: 1390952K->105996K(1415616K), 0.0683530 secs] 7375337K->6104578K(8231360K), 0.0687330 secs] [Times: user=0.72 sys=0.02, real=0.07 secs] 
32805.957: [GC 32805.957: [ParNew: 1364364K->95379K(1415616K), 0.0527590 secs] 7362946K->6101037K(8231360K), 0.0531470 secs] [Times: user=0.59 sys=0.02, real=0.05 secs] 
32808.288: [GC 32808.289: [ParNew: 1353747K->123560K(1415616K), 0.0406430 secs] 7359405K->6129219K(8231360K), 0.0410270 secs] [Times: user=0.60 sys=0.01, real=0.04 secs] 
32812.141: [GC 32812.141: [ParNew: 1381928K->107976K(1415616K), 0.0485890 secs] 7387587K->6120113K(8231360K), 0.0489900 secs] [Times: user=0.57 sys=0.03, real=0.05 secs] 
32814.742: [GC 32814.742: [ParNew: 1366344K->125804K(1415616K), 0.0351230 secs] 7378481K->6137941K(8231360K), 0.0355140 secs] [Times: user=0.53 sys=0.01, real=0.04 secs] 
32817.933: [GC 32817.934: [ParNew: 1384172K->103902K(1415616K), 0.0475720 secs] 7396309K->6123046K(8231360K), 0.0479470 secs] [Times: user=0.56 sys=0.03, real=0.05 secs] 
33002.739: [GC 33002.739: [ParNew: 1362270K->81677K(1415616K), 0.0339010 secs] 7381414K->6100821K(8231360K), 0.0343130 secs] [Times: user=0.48 sys=0.03, real=0.04 secs] 
33102.139: [GC 33102.140: [ParNew: 1340045K->125025K(1415616K), 0.0350170 secs] 7359189K->6144169K(8231360K), 0.0356560 secs] [Times: user=0.52 sys=0.00, real=0.04 secs] 
33231.901: [GC 33231.901: [ParNew: 1383393K->117313K(1415616K), 0.0373550 secs] 7402537K->6136456K(8231360K), 0.0377800 secs] [Times: user=0.58 sys=0.00, real=0.04 secs] 
33252.690: [GC 33252.691: [ParNew: 1375681K->137556K(1415616K), 0.0517840 secs] 7394824K->6163654K(8231360K), 0.0521870 secs] [Times: user=0.63 sys=0.03, real=0.05 secs] 
33266.713: [GC 33266.713: [ParNew: 1395924K->128058K(1415616K), 0.0509510 secs] 7422022K->6160938K(8231360K), 0.0513840 secs] [Times: user=0.62 sys=0.02, real=0.05 secs] 
33278.523: [GC 33278.523: [ParNew: 1386426K->118942K(1415616K), 0.0495030 secs] 7419306K->6157850K(8231360K), 0.0499220 secs] [Times: user=0.63 sys=0.01, real=0.05 secs] 
33295.777: [GC 33295.778: [ParNew: 1377310K->100016K(1415616K), 0.0480320 secs] 7416218K->6145499K(8231360K), 0.0484410 secs] [Times: user=0.59 sys=0.02, real=0.05 secs] 
33299.764: [GC 33299.764: [ParNew: 1358384K->107761K(1415616K), 0.0336160 secs] 7403867K->6153243K(8231360K), 0.0340060 secs] [Times: user=0.52 sys=0.01, real=0.04 secs] 
33301.845: [GC 33301.845: [ParNew: 1366129K->120739K(1415616K), 0.0414220 secs] 7411611K->6166222K(8231360K), 0.0418500 secs] [Times: user=0.63 sys=0.01, real=0.04 secs] 
33477.116: [GC 33477.116: [ParNew: 1379107K->115949K(1415616K), 0.0345160 secs] 7424590K->6161431K(8231360K), 0.0349490 secs] [Times: user=0.53 sys=0.01, real=0.04 secs] 
33507.906: [GC 33507.906: [ParNew: 1374317K->144760K(1415616K), 0.0369100 secs] 7419799K->6190243K(8231360K), 0.0373100 secs] [Times: user=0.56 sys=0.00, real=0.03 secs] 
33513.920: [GC 33513.920: [ParNew: 1403128K->102644K(1415616K), 0.0812730 secs] 7448611K->6166171K(8231360K), 0.0817060 secs] [Times: user=0.84 sys=0.02, real=0.08 secs] 
33518.958: [GC 33518.958: [ParNew: 1361012K->138332K(1415616K), 0.0444360 secs] 7424539K->6201860K(8231360K), 0.0448340 secs] [Times: user=0.67 sys=0.01, real=0.04 secs] 
33522.539: [GC 33522.539: [ParNew: 1396700K->99018K(1415616K), 0.0714950 secs] 7460228K->6174816K(8231360K), 0.0718840 secs] [Times: user=0.81 sys=0.03, real=0.07 secs] 
33527.944: [GC 33527.944: [ParNew: 1357386K->135719K(1415616K), 0.0423190 secs] 7433184K->6211517K(8231360K), 0.0427180 secs] [Times: user=0.63 sys=0.02, real=0.04 secs] 
33532.724: [GC 33532.724: [ParNew: 1394087K->121486K(1415616K), 0.0640720 secs] 7469885K->6209265K(8231360K), 0.0644780 secs] [Times: user=0.71 sys=0.02, real=0.06 secs] 
33537.160: [GC 33537.161: [ParNew: 1379854K->125494K(1415616K), 0.0531270 secs] 7467633K->6219013K(8231360K), 0.0535600 secs] [Times: user=0.68 sys=0.02, real=0.05 secs] 
33540.807: [GC 33540.807: [ParNew: 1383862K->133232K(1415616K), 0.0499290 secs] 7477381K->6231018K(8231360K), 0.0503250 secs] [Times: user=0.67 sys=0.02, real=0.05 secs] 
33545.465: [GC 33545.465: [ParNew: 1391600K->120140K(1415616K), 0.0557030 secs] 7489386K->6224973K(8231360K), 0.0560980 secs] [Times: user=0.71 sys=0.01, real=0.06 secs] 
33547.058: [GC 33547.058: [ParNew: 1378508K->107637K(1415616K), 0.0564250 secs] 7483341K->6219354K(8231360K), 0.0568090 secs] [Times: user=0.70 sys=0.02, real=0.06 secs] 
33549.185: [GC 33549.185: [ParNew: 1366005K->119053K(1415616K), 0.0385170 secs] 7477722K->6230770K(8231360K), 0.0389240 secs] [Times: user=0.59 sys=0.01, real=0.04 secs] 
33550.554: [GC 33550.554: [ParNew: 1377421K->100095K(1415616K), 0.0570630 secs] 7489138K->6221117K(8231360K), 0.0574420 secs] [Times: user=0.66 sys=0.02, real=0.05 secs] 
33552.711: [GC 33552.711: [ParNew: 1358463K->120205K(1415616K), 0.0368330 secs] 7479485K->6241228K(8231360K), 0.0371940 secs] [Times: user=0.56 sys=0.00, real=0.04 secs] 
33555.325: [GC 33555.325: [ParNew: 1378573K->135379K(1415616K), 0.0412770 secs] 7499596K->6256401K(8231360K), 0.0416780 secs] [Times: user=0.65 sys=0.01, real=0.04 secs] 
33557.723: [GC 33557.723: [ParNew: 1393747K->114581K(1415616K), 0.0541190 secs] 7514769K->6241660K(8231360K), 0.0544900 secs] [Times: user=0.66 sys=0.02, real=0.06 secs] 
33559.004: [GC 33559.005: [ParNew: 1372949K->124792K(1415616K), 0.0498760 secs] 7500028K->6256947K(8231360K), 0.0502910 secs] [Times: user=0.66 sys=0.01, real=0.05 secs] 
33561.022: [GC 33561.023: [ParNew: 1383160K->121434K(1415616K), 0.0498530 secs] 7515315K->6258889K(8231360K), 0.0502310 secs] [Times: user=0.64 sys=0.02, real=0.05 secs] 
33562.225: [GC 33562.225: [ParNew: 1379802K->137921K(1415616K), 0.0507190 secs] 7517257K->6280630K(8231360K), 0.0510760 secs] [Times: user=0.64 sys=0.02, real=0.06 secs] 
33563.824: [GC 33563.824: [ParNew: 1396289K->102579K(1415616K), 0.0558670 secs] 7538998K->6252277K(8231360K), 0.0562400 secs] [Times: user=0.68 sys=0.02, real=0.06 secs] 
33564.735: [GC 33564.735: [ParNew: 1360947K->121697K(1415616K), 0.0527220 secs] 7510645K->6278319K(8231360K), 0.0530960 secs] [Times: user=0.66 sys=0.01, real=0.06 secs] 
33566.803: [GC 33566.803: [ParNew: 1380065K->132695K(1415616K), 0.0413720 secs] 7536687K->6289318K(8231360K), 0.0417660 secs] [Times: user=0.62 sys=0.00, real=0.04 secs] 
33568.934: [GC 33568.934: [ParNew: 1391063K->145540K(1415616K), 0.0650930 secs] 7547686K->6309169K(8231360K), 0.0655120 secs] [Times: user=0.80 sys=0.02, real=0.07 secs] 
33572.125: [GC 33572.126: [ParNew: 1403908K->88879K(1415616K), 0.0704190 secs] 7567537K->6266485K(8231360K), 0.0708220 secs] [Times: user=0.71 sys=0.03, real=0.07 secs] 
33575.578: [GC 33575.578: [ParNew: 1347247K->77554K(1415616K), 0.0310330 secs] 7524853K->6255159K(8231360K), 0.0314510 secs] [Times: user=0.48 sys=0.00, real=0.03 secs] 
33578.210: [GC 33578.211: [ParNew: 1335922K->84797K(1415616K), 0.0325330 secs] 7513527K->6262403K(8231360K), 0.0329510 secs] [Times: user=0.48 sys=0.01, real=0.03 secs] 
33580.629: [GC 33580.629: [ParNew: 1343165K->70538K(1415616K), 0.0300770 secs] 7520771K->6248144K(8231360K), 0.0304510 secs] [Times: user=0.43 sys=0.02, real=0.03 secs] 
33581.372: [GC 33581.373: [ParNew: 1328906K->85523K(1415616K), 0.0267540 secs] 7506512K->6263129K(8231360K), 0.0271550 secs] [Times: user=0.40 sys=0.00, real=0.03 secs] 
33583.342: [GC 33583.343: [ParNew: 1343891K->87567K(1415616K), 0.0271730 secs] 7521497K->6265173K(8231360K), 0.0275760 secs] [Times: user=0.41 sys=0.00, real=0.03 secs] 
33701.841: [GC 33701.841: [ParNew: 1345935K->82527K(1415616K), 0.0310340 secs] 7523541K->6260133K(8231360K), 0.0314800 secs] [Times: user=0.43 sys=0.01, real=0.03 secs] 
34201.872: [GC 34201.872: [ParNew: 1340895K->110260K(1415616K), 0.0355870 secs] 7518501K->6287865K(8231360K), 0.0360470 secs] [Times: user=0.51 sys=0.01, real=0.04 secs] 
34207.759: [GC 34207.759: [ParNew: 1368628K->99421K(1415616K), 0.0387980 secs] 7546233K->6277027K(8231360K), 0.0392030 secs] [Times: user=0.59 sys=0.00, real=0.04 secs] 
34212.965: [GC 34212.965: [ParNew: 1357789K->91856K(1415616K), 0.0893590 secs] 7535395K->6294050K(8231360K), 0.0897530 secs] [Times: user=0.81 sys=0.03, real=0.09 secs] 
34218.587: [GC 34218.587: [ParNew: 1350224K->127416K(1415616K), 0.0386330 secs] 7552418K->6329610K(8231360K), 0.0390440 secs] [Times: user=0.59 sys=0.01, real=0.03 secs] 
34546.053: [GC 34546.054: [ParNew: 1385784K->77399K(1415616K), 0.0473890 secs] 7587978K->6286959K(8231360K), 0.0479330 secs] [Times: user=0.54 sys=0.02, real=0.05 secs] 
35211.843: [GC 35211.844: [ParNew: 1335767K->83688K(1415616K), 0.0310800 secs] 7545327K->6293248K(8231360K), 0.0315030 secs] [Times: user=0.45 sys=0.00, real=0.03 secs] 
35869.934: [GC 35869.934: [ParNew: 1342013K->102055K(1415616K), 0.0335610 secs] 7551573K->6311615K(8231360K), 0.0339950 secs] [Times: user=0.47 sys=0.00, real=0.03 secs] 
35979.702: [GC 35979.702: [ParNew: 1360423K->116283K(1415616K), 0.0340810 secs] 7569983K->6325843K(8231360K), 0.0345110 secs] [Times: user=0.51 sys=0.01, real=0.03 secs] 
36000.951: [GC 36000.951: [ParNew: 1374651K->115140K(1415616K), 0.0338750 secs] 7584211K->6324700K(8231360K), 0.0343020 secs] [Times: user=0.51 sys=0.01, real=0.04 secs] 
36010.700: [GC 36010.700: [ParNew: 1373508K->136727K(1415616K), 0.0379050 secs] 7583068K->6346287K(8231360K), 0.0383100 secs] [Times: user=0.57 sys=0.02, real=0.04 secs] 
36016.733: [GC 36016.733: [ParNew: 1395095K->93277K(1415616K), 0.0780310 secs] 7604655K->6326535K(8231360K), 0.0784670 secs] [Times: user=0.69 sys=0.02, real=0.08 secs] 
36022.711: [GC 36022.711: [ParNew: 1351645K->113917K(1415616K), 0.0319610 secs] 7584903K->6347175K(8231360K), 0.0323320 secs] [Times: user=0.47 sys=0.01, real=0.03 secs] 
36027.340: [GC 36027.340: [ParNew: 1372285K->130728K(1415616K), 0.0342740 secs] 7605543K->6363986K(8231360K), 0.0347050 secs] [Times: user=0.53 sys=0.00, real=0.04 secs] 
36030.540: [GC 36030.540: [ParNew: 1389096K->100625K(1415616K), 0.0378790 secs] 7622354K->6333883K(8231360K), 0.0382810 secs] [Times: user=0.55 sys=0.05, real=0.04 secs] 
36033.711: [GC 36033.711: [ParNew: 1358993K->131101K(1415616K), 0.0597810 secs] 7592251K->6376238K(8231360K), 0.0601660 secs] [Times: user=0.65 sys=0.03, real=0.06 secs] 
36036.737: [GC 36036.737: [ParNew: 1389469K->112970K(1415616K), 0.0541130 secs] 7634606K->6367792K(8231360K), 0.0544960 secs] [Times: user=0.62 sys=0.03, real=0.06 secs] 
36040.348: [GC 36040.348: [ParNew: 1371338K->146594K(1415616K), 0.0391130 secs] 7626160K->6401417K(8231360K), 0.0394990 secs] [Times: user=0.58 sys=0.01, real=0.04 secs] 
36043.133: [GC 36043.133: [ParNew: 1404962K->109943K(1415616K), 0.0540600 secs] 7659785K->6373854K(8231360K), 0.0544510 secs] [Times: user=0.62 sys=0.03, real=0.05 secs] 
36045.889: [GC 36045.889: [ParNew: 1368311K->143488K(1415616K), 0.0544040 secs] 7632222K->6414536K(8231360K), 0.0548010 secs] [Times: user=0.68 sys=0.06, real=0.06 secs] 
36045.945: [GC [1 CMS-initial-mark: 6271048K(6815744K)] 6416678K(8231360K), 0.1298010 secs] [Times: user=0.13 sys=0.00, real=0.13 secs] 
36046.075: [CMS-concurrent-mark-start]
36048.536: [GC 36048.536: [ParNew: 1401856K->105312K(1415616K), 0.0462510 secs] 7672904K->6382905K(8231360K), 0.0466730 secs] [Times: user=0.60 sys=0.02, real=0.04 secs] 
36050.857: [GC 36050.857: [ParNew: 1363680K->134144K(1415616K), 0.0543830 secs] 7641273K->6419927K(8231360K), 0.0547850 secs] [Times: user=0.63 sys=0.03, real=0.05 secs] 
36052.984: [CMS-concurrent-mark: 6.793/6.908 secs] [Times: user=33.17 sys=0.56, real=6.90 secs] 
36052.984: [CMS-concurrent-preclean-start]
36053.135: [CMS-concurrent-preclean: 0.145/0.151 secs] [Times: user=0.25 sys=0.01, real=0.15 secs] 
36053.135: [CMS-concurrent-abortable-preclean-start]
36053.541: [GC 36053.541: [ParNew: 1392512K->107853K(1415616K), 0.0628700 secs] 7678295K->6404659K(8231360K), 0.0632950 secs] [Times: user=0.73 sys=0.03, real=0.06 secs] 
36054.675: [CMS-concurrent-abortable-preclean: 1.470/1.540 secs] [Times: user=3.41 sys=0.12, real=1.55 secs] 
36054.677: [GC[YG occupancy: 752696 K (1415616 K)]36054.677: [Rescan (parallel) , 0.2295540 secs]36054.906: [weak refs processing, 0.0000300 secs] [1 CMS-remark: 6296805K(6815744K)] 7049502K(8231360K), 0.2297510 secs] [Times: user=1.19 sys=0.01, real=0.23 secs] 
36054.907: [CMS-concurrent-sweep-start]
36055.715: [GC 36055.715: [ParNew: 1366221K->153890K(1415616K), 0.0400310 secs] 7577546K->6365215K(8231360K), 0.0404260 secs] [Times: user=0.58 sys=0.02, real=0.05 secs] 
36058.406: [GC 36058.407: [ParNew: 1412258K->104401K(1415616K), 0.0564740 secs] 7063071K->5766307K(8231360K), 0.0568910 secs] [Times: user=0.61 sys=0.05, real=0.05 secs] 
36061.129: [GC 36061.129: [ParNew: 1362769K->136531K(1415616K), 0.0491380 secs] 6334233K->5114046K(8231360K), 0.0495500 secs] [Times: user=0.61 sys=0.02, real=0.05 secs] 
36062.001: [CMS-concurrent-sweep: 6.936/7.095 secs] [Times: user=13.75 sys=0.52, real=7.09 secs] 
36062.002: [CMS-concurrent-reset-start]
36062.037: [CMS-concurrent-reset: 0.035/0.035 secs] [Times: user=0.07 sys=0.01, real=0.04 secs] 
36063.752: [GC 36063.752: [ParNew: 1394899K->132484K(1415616K), 0.0531270 secs] 6177152K->4921253K(8231360K), 0.0535100 secs] [Times: user=0.64 sys=0.03, real=0.05 secs] 
36066.335: [GC 36066.335: [ParNew: 1390852K->109860K(1415616K), 0.0541990 secs] 6179621K->4905772K(8231360K), 0.0545920 secs] [Times: user=0.65 sys=0.04, real=0.06 secs] 
36068.291: [GC 36068.291: [ParNew: 1368228K->119409K(1415616K), 0.0511290 secs] 6164140K->4921926K(8231360K), 0.0515290 secs] [Times: user=0.63 sys=0.02, real=0.05 secs] 
36070.307: [GC 36070.307: [ParNew: 1377777K->118885K(1415616K), 0.0515490 secs] 6180294K->4928025K(8231360K), 0.0519500 secs] [Times: user=0.62 sys=0.03, real=0.06 secs] 
36072.049: [GC 36072.049: [ParNew: 1377253K->106389K(1415616K), 0.0522690 secs] 6186393K->4921474K(8231360K), 0.0526570 secs] [Times: user=0.62 sys=0.04, real=0.05 secs] 
36074.511: [GC 36074.511: [ParNew: 1364757K->110877K(1415616K), 0.0516850 secs] 6179842K->4931978K(8231360K), 0.0520620 secs] [Times: user=0.64 sys=0.03, real=0.05 secs] 
36075.705: [GC 36075.705: [ParNew: 1369245K->137880K(1415616K), 0.0406250 secs] 6190346K->4958982K(8231360K), 0.0410140 secs] [Times: user=0.62 sys=0.01, real=0.04 secs] 
36077.948: [GC 36077.948: [ParNew: 1396248K->110600K(1415616K), 0.0658650 secs] 6217350K->4944339K(8231360K), 0.0662500 secs] [Times: user=0.70 sys=0.04, real=0.07 secs] 
36079.917: [GC 36079.917: [ParNew: 1368968K->115129K(1415616K), 0.0515000 secs] 6202707K->4956046K(8231360K), 0.0518900 secs] [Times: user=0.61 sys=0.01, real=0.05 secs] 
36082.043: [GC 36082.043: [ParNew: 1373497K->127799K(1415616K), 0.0370130 secs] 6214414K->4968715K(8231360K), 0.0374040 secs] [Times: user=0.55 sys=0.01, real=0.04 secs] 
36083.798: [GC 36083.799: [ParNew: 1386167K->123598K(1415616K), 0.0551580 secs] 6227083K->4971443K(8231360K), 0.0555440 secs] [Times: user=0.69 sys=0.02, real=0.06 secs] 
36085.710: [GC 36085.710: [ParNew: 1381966K->125701K(1415616K), 0.0498590 secs] 6229811K->4980401K(8231360K), 0.0502490 secs] [Times: user=0.62 sys=0.00, real=0.05 secs] 
36087.309: [GC 36087.310: [ParNew: 1384069K->124982K(1415616K), 0.0499820 secs] 6238769K->4986014K(8231360K), 0.0503720 secs] [Times: user=0.62 sys=0.02, real=0.05 secs] 
36089.697: [GC 36089.697: [ParNew: 1383350K->111401K(1415616K), 0.0563880 secs] 6244382K->4982602K(8231360K), 0.0567950 secs] [Times: user=0.63 sys=0.02, real=0.06 secs] 
36091.537: [GC 36091.537: [ParNew: 1369769K->134735K(1415616K), 0.0488150 secs] 6240970K->5011064K(8231360K), 0.0491890 secs] [Times: user=0.60 sys=0.02, real=0.05 secs] 
36094.489: [GC 36094.490: [ParNew: 1393103K->112948K(1415616K), 0.0578320 secs] 6269432K->4999447K(8231360K), 0.0582260 secs] [Times: user=0.65 sys=0.03, real=0.06 secs] 
36096.806: [GC 36096.807: [ParNew: 1371316K->110712K(1415616K), 0.0526380 secs] 6257815K->5003051K(8231360K), 0.0530480 secs] [Times: user=0.66 sys=0.03, real=0.05 secs] 
36099.161: [GC 36099.161: [ParNew: 1369080K->141051K(1415616K), 0.0498960 secs] 6261419K->5039507K(8231360K), 0.0502760 secs] [Times: user=0.62 sys=0.01, real=0.05 secs] 
36101.335: [GC 36101.335: [ParNew: 1399419K->101013K(1415616K), 0.0609640 secs] 6297875K->5011439K(8231360K), 0.0613380 secs] [Times: user=0.66 sys=0.02, real=0.06 secs] 
36103.147: [GC 36103.148: [ParNew: 1359381K->149695K(1415616K), 0.0420350 secs] 6269807K->5060121K(8231360K), 0.0424110 secs] [Times: user=0.62 sys=0.02, real=0.04 secs] 
36105.827: [GC 36105.827: [ParNew: 1408063K->104821K(1415616K), 0.0643030 secs] 6318489K->5028288K(8231360K), 0.0647310 secs] [Times: user=0.66 sys=0.02, real=0.06 secs] 
36107.039: [GC 36107.040: [ParNew: 1363189K->135673K(1415616K), 0.0548220 secs] 6286656K->5066739K(8231360K), 0.0552090 secs] [Times: user=0.66 sys=0.00, real=0.06 secs] 
36108.783: [GC 36108.783: [ParNew: 1394041K->99506K(1415616K), 0.0571930 secs] 6325107K->5038269K(8231360K), 0.0576630 secs] [Times: user=0.66 sys=0.02, real=0.06 secs] 
36110.772: [GC 36110.773: [ParNew: 1357874K->130893K(1415616K), 0.0569010 secs] 6296637K->5077260K(8231360K), 0.0573460 secs] [Times: user=0.67 sys=0.03, real=0.06 secs] 
36112.771: [GC 36112.771: [ParNew: 1389261K->128005K(1415616K), 0.0534080 secs] 6335628K->5082026K(8231360K), 0.0538070 secs] [Times: user=0.64 sys=0.03, real=0.05 secs] 
36115.972: [GC 36115.972: [ParNew: 1386373K->105373K(1415616K), 0.0511190 secs] 6340394K->5066711K(8231360K), 0.0515140 secs] [Times: user=0.62 sys=0.02, real=0.05 secs] 
36119.486: [GC 36119.486: [ParNew: 1363741K->131790K(1415616K), 0.0380810 secs] 6325079K->5093128K(8231360K), 0.0384890 secs] [Times: user=0.56 sys=0.03, real=0.04 secs] 
36122.469: [GC 36122.469: [ParNew: 1390158K->119935K(1415616K), 0.0529560 secs] 6351496K->5087369K(8231360K), 0.0533830 secs] [Times: user=0.66 sys=0.02, real=0.05 secs] 
36125.497: [GC 36125.498: [ParNew: 1378303K->137401K(1415616K), 0.0394190 secs] 6345737K->5104835K(8231360K), 0.0398030 secs] [Times: user=0.61 sys=0.00, real=0.04 secs] 
36127.323: [GC 36127.323: [ParNew: 1395769K->155377K(1415616K), 0.0528000 secs] 6363203K->5129093K(8231360K), 0.0531630 secs] [Times: user=0.67 sys=0.01, real=0.05 secs] 
36129.330: [GC 36129.330: [ParNew: 1413745K->107835K(1415616K), 0.0714560 secs] 6387461K->5094230K(8231360K), 0.0718370 secs] [Times: user=0.78 sys=0.02, real=0.07 secs] 
36130.937: [GC 36130.937: [ParNew: 1366203K->138766K(1415616K), 0.0534500 secs] 6352598K->5132342K(8231360K), 0.0538170 secs] [Times: user=0.63 sys=0.03, real=0.06 secs] 
36132.319: [GC 36132.319: [ParNew: 1397134K->120156K(1415616K), 0.0738570 secs] 6390710K->5128470K(8231360K), 0.0742780 secs] [Times: user=0.71 sys=0.03, real=0.08 secs] 
36134.229: [GC 36134.229: [ParNew: 1378524K->132975K(1415616K), 0.0513150 secs] 6386838K->5148091K(8231360K), 0.0516750 secs] [Times: user=0.60 sys=0.03, real=0.06 secs] 
36135.868: [GC 36135.868: [ParNew: 1391343K->128732K(1415616K), 0.0542560 secs] 6406459K->5151689K(8231360K), 0.0546460 secs] [Times: user=0.63 sys=0.03, real=0.06 secs] 
36137.316: [GC 36137.316: [ParNew: 1387100K->135446K(1415616K), 0.0519550 secs] 6410057K->5164966K(8231360K), 0.0523270 secs] [Times: user=0.63 sys=0.02, real=0.05 secs] 
36139.362: [GC 36139.362: [ParNew: 1393814K->115805K(1415616K), 0.0515230 secs] 6423334K->5151774K(8231360K), 0.0519040 secs] [Times: user=0.61 sys=0.02, real=0.05 secs] 
36141.753: [GC 36141.753: [ParNew: 1374173K->105597K(1415616K), 0.0534090 secs] 6410142K->5148802K(8231360K), 0.0537940 secs] [Times: user=0.60 sys=0.03, real=0.05 secs] 
36145.170: [GC 36145.170: [ParNew: 1363965K->91393K(1415616K), 0.0500630 secs] 6407170K->5141630K(8231360K), 0.0504610 secs] [Times: user=0.59 sys=0.03, real=0.05 secs] 
36149.307: [GC 36149.308: [ParNew: 1349761K->79078K(1415616K), 0.0325870 secs] 6399998K->5129316K(8231360K), 0.0329840 secs] [Times: user=0.46 sys=0.04, real=0.03 secs] 
36153.542: [GC 36153.542: [ParNew: 1337446K->85165K(1415616K), 0.0353780 secs] 6387684K->5135402K(8231360K), 0.0357780 secs] [Times: user=0.47 sys=0.00, real=0.04 secs] 
36385.724: [GC 36385.724: [ParNew: 1343533K->65044K(1415616K), 0.0277250 secs] 6393770K->5115281K(8231360K), 0.0281370 secs] [Times: user=0.39 sys=0.02, real=0.03 secs] 
37038.638: [GC 37038.639: [ParNew: 1323385K->75726K(1415616K), 0.0280590 secs] 6373623K->5125964K(8231360K), 0.0284800 secs] [Times: user=0.36 sys=0.04, real=0.03 secs] 
37106.180: [GC 37106.180: [ParNew: 1334094K->112684K(1415616K), 0.0348560 secs] 6384332K->5162921K(8231360K), 0.0352880 secs] [Times: user=0.51 sys=0.03, real=0.03 secs] 
37118.718: [GC 37118.718: [ParNew: 1371052K->120477K(1415616K), 0.0381920 secs] 6421289K->5170715K(8231360K), 0.0386490 secs] [Times: user=0.59 sys=0.00, real=0.04 secs] 
37129.366: [GC 37129.367: [ParNew: 1378845K->139658K(1415616K), 0.0410570 secs] 6429083K->5189895K(8231360K), 0.0414660 secs] [Times: user=0.63 sys=0.00, real=0.04 secs] 
37135.924: [GC 37135.924: [ParNew: 1398026K->101331K(1415616K), 0.0534300 secs] 6448263K->5158216K(8231360K), 0.0538260 secs] [Times: user=0.66 sys=0.02, real=0.06 secs] 
37141.109: [GC 37141.109: [ParNew: 1359699K->147225K(1415616K), 0.0554940 secs] 6416584K->5210651K(8231360K), 0.0558930 secs] [Times: user=0.66 sys=0.04, real=0.05 secs] 
37145.728: [GC 37145.728: [ParNew: 1405593K->113378K(1415616K), 0.0684990 secs] 6469019K->5190009K(8231360K), 0.0689010 secs] [Times: user=0.69 sys=0.06, real=0.07 secs] 
37152.336: [GC 37152.337: [ParNew: 1371746K->136886K(1415616K), 0.0507240 secs] 6448377K->5220273K(8231360K), 0.0511290 secs] [Times: user=0.60 sys=0.04, real=0.05 secs] 
37157.904: [GC 37157.904: [ParNew: 1395254K->135926K(1415616K), 0.0543880 secs] 6478641K->5225877K(8231360K), 0.0547660 secs] [Times: user=0.67 sys=0.02, real=0.06 secs] 
37162.438: [GC 37162.438: [ParNew: 1394294K->142732K(1415616K), 0.0555590 secs] 6484245K->5238549K(8231360K), 0.0559290 secs] [Times: user=0.69 sys=0.04, real=0.06 secs] 
37164.438: [GC 37164.438: [ParNew: 1401100K->132535K(1415616K), 0.0618180 secs] 6496917K->5235988K(8231360K), 0.0623630 secs] [Times: user=0.70 sys=0.06, real=0.07 secs] 
37171.520: [GC 37171.520: [ParNew: 1390903K->110003K(1415616K), 0.0649220 secs] 6494356K->5224757K(8231360K), 0.0653070 secs] [Times: user=0.71 sys=0.06, real=0.07 secs] 
37175.767: [GC 37175.768: [ParNew: 1368371K->99233K(1415616K), 0.0487400 secs] 6483125K->5220056K(8231360K), 0.0491470 secs] [Times: user=0.61 sys=0.01, real=0.05 secs] 
37179.525: [GC 37179.525: [ParNew: 1357601K->132029K(1415616K), 0.0566610 secs] 6478424K->5259806K(8231360K), 0.0570560 secs] [Times: user=0.68 sys=0.05, real=0.05 secs] 
37186.726: [GC 37186.726: [ParNew: 1390397K->108393K(1415616K), 0.0583060 secs] 6518174K->5242897K(8231360K), 0.0587280 secs] [Times: user=0.73 sys=0.02, real=0.06 secs] 
37192.932: [GC 37192.932: [ParNew: 1366761K->110348K(1415616K), 0.0551300 secs] 6501265K->5251687K(8231360K), 0.0555370 secs] [Times: user=0.68 sys=0.04, real=0.06 secs] 
37199.152: [GC 37199.152: [ParNew: 1368716K->108677K(1415616K), 0.0585090 secs] 6510055K->5257177K(8231360K), 0.0589110 secs] [Times: user=0.69 sys=0.04, real=0.06 secs] 
37205.548: [GC 37205.548: [ParNew: 1367045K->123474K(1415616K), 0.0633940 secs] 6515545K->5279148K(8231360K), 0.0638050 secs] [Times: user=0.77 sys=0.03, real=0.06 secs] 
37210.098: [GC 37210.099: [ParNew: 1381842K->132513K(1415616K), 0.0447210 secs] 6537516K->5288186K(8231360K), 0.0451050 secs] [Times: user=0.67 sys=0.01, real=0.04 secs] 
37214.817: [GC 37214.817: [ParNew: 1390881K->106091K(1415616K), 0.0773460 secs] 6546554K->5276080K(8231360K), 0.0777360 secs] [Times: user=0.79 sys=0.04, real=0.08 secs] 
37219.535: [GC 37219.535: [ParNew: 1364459K->112702K(1415616K), 0.0599370 secs] 6534448K->5289889K(8231360K), 0.0603390 secs] [Times: user=0.73 sys=0.04, real=0.06 secs] 
37222.771: [GC 37222.771: [ParNew: 1371070K->126385K(1415616K), 0.0650790 secs] 6548257K->5310336K(8231360K), 0.0654510 secs] [Times: user=0.82 sys=0.05, real=0.06 secs] 
37225.966: [GC 37225.966: [ParNew: 1384753K->123126K(1415616K), 0.0612460 secs] 6568704K->5314182K(8231360K), 0.0616260 secs] [Times: user=0.75 sys=0.02, real=0.06 secs] 
37229.108: [GC 37229.108: [ParNew: 1381494K->119339K(1415616K), 0.0583450 secs] 6572550K->5317422K(8231360K), 0.0587610 secs] [Times: user=0.73 sys=0.04, real=0.06 secs] 
37231.835: [GC 37231.835: [ParNew: 1377707K->126089K(1415616K), 0.0611000 secs] 6575790K->5331212K(8231360K), 0.0614840 secs] [Times: user=0.75 sys=0.02, real=0.06 secs] 
37234.951: [GC 37234.951: [ParNew: 1384457K->101287K(1415616K), 0.0720650 secs] 6589580K->5320116K(8231360K), 0.0724290 secs] [Times: user=0.76 sys=0.04, real=0.08 secs] 
37237.551: [GC 37237.551: [ParNew: 1359655K->126139K(1415616K), 0.0566100 secs] 6578484K->5351579K(8231360K), 0.0569820 secs] [Times: user=0.69 sys=0.02, real=0.06 secs] 
37241.293: [GC 37241.293: [ParNew: 1384507K->110843K(1415616K), 0.0581060 secs] 6609947K->5343328K(8231360K), 0.0584690 secs] [Times: user=0.73 sys=0.03, real=0.06 secs] 
37243.299: [GC 37243.299: [ParNew: 1369211K->124584K(1415616K), 0.0549100 secs] 6601696K->5363925K(8231360K), 0.0552940 secs] [Times: user=0.66 sys=0.00, real=0.06 secs] 
37246.221: [GC 37246.221: [ParNew: 1382952K->110663K(1415616K), 0.0554550 secs] 6622293K->5357007K(8231360K), 0.0558610 secs] [Times: user=0.66 sys=0.02, real=0.06 secs] 
37248.566: [GC 37248.567: [ParNew: 1369031K->110122K(1415616K), 0.0586960 secs] 6615375K->5363513K(8231360K), 0.0590750 secs] [Times: user=0.72 sys=0.04, real=0.06 secs] 
37251.818: [GC 37251.818: [ParNew: 1368490K->121478K(1415616K), 0.0542480 secs] 6621881K->5381221K(8231360K), 0.0546970 secs] [Times: user=0.66 sys=0.04, real=0.05 secs] 
37254.935: [GC 37254.935: [ParNew: 1379846K->112597K(1415616K), 0.0577260 secs] 6639589K->5378970K(8231360K), 0.0581630 secs] [Times: user=0.73 sys=0.01, real=0.06 secs] 
37257.896: [GC 37257.896: [ParNew: 1370965K->109609K(1415616K), 0.0562830 secs] 6637338K->5383020K(8231360K), 0.0566820 secs] [Times: user=0.68 sys=0.03, real=0.06 secs] 
37261.061: [GC 37261.061: [ParNew: 1367977K->141247K(1415616K), 0.0415660 secs] 6641388K->5414657K(8231360K), 0.0420250 secs] [Times: user=0.61 sys=0.04, real=0.04 secs] 
37266.050: [GC 37266.050: [ParNew: 1399615K->101592K(1415616K), 0.0565340 secs] 6673025K->5381835K(8231360K), 0.0569400 secs] [Times: user=0.70 sys=0.03, real=0.05 secs] 
37268.373: [GC 37268.373: [ParNew: 1359960K->135972K(1415616K), 0.0575910 secs] 6640203K->5423264K(8231360K), 0.0579860 secs] [Times: user=0.70 sys=0.04, real=0.06 secs] 
37272.126: [GC 37272.126: [ParNew: 1394340K->114330K(1415616K), 0.0553750 secs] 6681632K->5408467K(8231360K), 0.0557600 secs] [Times: user=0.68 sys=0.03, real=0.06 secs] 
37275.645: [GC 37275.645: [ParNew: 1372698K->126000K(1415616K), 0.0552390 secs] 6666835K->5426835K(8231360K), 0.0556170 secs] [Times: user=0.69 sys=0.03, real=0.06 secs] 
37279.509: [GC 37279.509: [ParNew: 1384368K->118744K(1415616K), 0.0544100 secs] 6685203K->5426033K(8231360K), 0.0547890 secs] [Times: user=0.67 sys=0.04, real=0.06 secs] 
37282.909: [GC 37282.909: [ParNew: 1377112K->117903K(1415616K), 0.0523300 secs] 6684401K->5432225K(8231360K), 0.0527010 secs] [Times: user=0.63 sys=0.02, real=0.06 secs] 
37286.313: [GC 37286.313: [ParNew: 1376271K->135905K(1415616K), 0.0531220 secs] 6690593K->5457059K(8231360K), 0.0535060 secs] [Times: user=0.65 sys=0.04, real=0.05 secs] 
37289.451: [GC 37289.451: [ParNew: 1394273K->101028K(1415616K), 0.0541810 secs] 6715427K->5428451K(8231360K), 0.0545890 secs] [Times: user=0.67 sys=0.04, real=0.06 secs] 
37293.274: [GC 37293.274: [ParNew: 1359396K->138220K(1415616K), 0.0526810 secs] 6686819K->5471711K(8231360K), 0.0530760 secs] [Times: user=0.67 sys=0.01, real=0.05 secs] 
37297.538: [GC 37297.539: [ParNew: 1396588K->97650K(1415616K), 0.0552560 secs] 6730079K->5437563K(8231360K), 0.0556460 secs] [Times: user=0.71 sys=0.02, real=0.05 secs] 
37302.550: [GC 37302.550: [ParNew: 1356018K->139598K(1415616K), 0.0547420 secs] 6695931K->5486144K(8231360K), 0.0551260 secs] [Times: user=0.69 sys=0.03, real=0.06 secs] 
37306.950: [GC 37306.950: [ParNew: 1397966K->100502K(1415616K), 0.0481470 secs] 6744512K->5447048K(8231360K), 0.0485330 secs] [Times: user=0.71 sys=0.03, real=0.05 secs] 
37310.960: [GC 37310.960: [ParNew: 1358870K->151704K(1415616K), 0.0614790 secs] 6705416K->5505117K(8231360K), 0.0618850 secs] [Times: user=0.77 sys=0.03, real=0.06 secs] 
37315.762: [GC 37315.762: [ParNew: 1410072K->106447K(1415616K), 0.0678520 secs] 6763485K->5473758K(8231360K), 0.0682340 secs] [Times: user=0.72 sys=0.04, real=0.07 secs] 
37320.155: [GC 37320.155: [ParNew: 1364815K->128298K(1415616K), 0.0634210 secs] 6732126K->5502550K(8231360K), 0.0639170 secs] [Times: user=0.78 sys=0.03, real=0.07 secs] 
37325.349: [GC 37325.349: [ParNew: 1386666K->116644K(1415616K), 0.0562310 secs] 6760918K->5496999K(8231360K), 0.0566210 secs] [Times: user=0.72 sys=0.02, real=0.06 secs] 
37327.314: [GC 37327.314: [ParNew: 1375012K->128156K(1415616K), 0.0591070 secs] 6755367K->5515517K(8231360K), 0.0594740 secs] [Times: user=0.73 sys=0.02, real=0.06 secs] 
37330.114: [GC 37330.114: [ParNew: 1386524K->126593K(1415616K), 0.0554780 secs] 6773885K->5520330K(8231360K), 0.0558550 secs] [Times: user=0.67 sys=0.02, real=0.05 secs] 
37332.575: [GC 37332.576: [ParNew: 1384961K->130095K(1415616K), 0.0584490 secs] 6778698K->5529713K(8231360K), 0.0588360 secs] [Times: user=0.74 sys=0.03, real=0.06 secs] 
37335.935: [GC 37335.935: [ParNew: 1388463K->112836K(1415616K), 0.0711720 secs] 6788081K->5525753K(8231360K), 0.0715410 secs] [Times: user=0.74 sys=0.03, real=0.07 secs] 
37339.942: [GC 37339.942: [ParNew: 1371204K->109094K(1415616K), 0.0568470 secs] 6784121K->5529168K(8231360K), 0.0572920 secs] [Times: user=0.65 sys=0.04, real=0.05 secs] 
37341.996: [GC 37341.997: [ParNew: 1367462K->144160K(1415616K), 0.0401070 secs] 6787536K->5564234K(8231360K), 0.0404800 secs] [Times: user=0.58 sys=0.02, real=0.04 secs] 
37344.706: [GC 37344.707: [ParNew: 1402528K->110100K(1415616K), 0.0630180 secs] 6822602K->5537333K(8231360K), 0.0633850 secs] [Times: user=0.67 sys=0.02, real=0.06 secs] 
37347.902: [GC 37347.902: [ParNew: 1368468K->132187K(1415616K), 0.0577750 secs] 6795701K->5566506K(8231360K), 0.0581590 secs] [Times: user=0.67 sys=0.03, real=0.06 secs] 
37351.395: [GC 37351.395: [ParNew: 1390555K->118398K(1415616K), 0.0586550 secs] 6824874K->5559542K(8231360K), 0.0590570 secs] [Times: user=0.71 sys=0.03, real=0.05 secs] 
37354.131: [GC 37354.131: [ParNew: 1376766K->113461K(1415616K), 0.0576720 secs] 6817910K->5561675K(8231360K), 0.0580680 secs] [Times: user=0.69 sys=0.01, real=0.06 secs] 
37356.963: [GC 37356.963: [ParNew: 1371829K->115887K(1415616K), 0.0570590 secs] 6820043K->5570924K(8231360K), 0.0574720 secs] [Times: user=0.67 sys=0.02, real=0.06 secs] 
37666.233: [GC 37666.233: [ParNew: 1374255K->83753K(1415616K), 0.0386150 secs] 6829292K->5538790K(8231360K), 0.0391300 secs] [Times: user=0.56 sys=0.01, real=0.04 secs] 
38308.984: [GC 38308.985: [ParNew: 1342121K->121066K(1415616K), 0.0476140 secs] 6797158K->5576103K(8231360K), 0.0482140 secs] [Times: user=0.67 sys=0.02, real=0.05 secs] 
38827.492: [GC 38827.492: [ParNew: 1379434K->77295K(1415616K), 0.0539570 secs] 6834471K->5539116K(8231360K), 0.0544150 secs] [Times: user=0.59 sys=0.06, real=0.06 secs] 
38828.450: [GC 38828.451: [ParNew: 1335663K->138301K(1415616K), 0.0428390 secs] 6797484K->5600121K(8231360K), 0.0432180 secs] [Times: user=0.62 sys=0.04, real=0.04 secs] 
38829.419: [GC 38829.419: [ParNew: 1396669K->148564K(1415616K), 0.0756520 secs] 6858489K->5623964K(8231360K), 0.0760750 secs] [Times: user=0.76 sys=0.04, real=0.07 secs] 
38830.458: [GC 38830.458: [ParNew: 1406932K->155405K(1415616K), 0.0718210 secs] 6882332K->5643730K(8231360K), 0.0722230 secs] [Times: user=0.76 sys=0.05, real=0.07 secs] 
38831.480: [GC 38831.480: [ParNew: 1413773K->136440K(1415616K), 0.0898950 secs] 6902098K->5643720K(8231360K), 0.0902820 secs] [Times: user=0.85 sys=0.07, real=0.09 secs] 
38832.490: [GC 38832.490: [ParNew: 1394808K->139067K(1415616K), 0.0924020 secs] 6902088K->5667095K(8231360K), 0.0927960 secs] [Times: user=0.84 sys=0.08, real=0.09 secs] 
38833.583: [GC 38833.583: [ParNew: 1397435K->141784K(1415616K), 0.0824330 secs] 6925463K->5688516K(8231360K), 0.0828200 secs] [Times: user=0.74 sys=0.04, real=0.08 secs] 
38834.642: [GC 38834.642: [ParNew: 1400152K->102579K(1415616K), 0.1256140 secs] 6946884K->5686445K(8231360K), 0.1260020 secs] [Times: user=0.75 sys=0.09, real=0.13 secs] 
38835.726: [GC 38835.727: [ParNew: 1360947K->154730K(1415616K), 0.0416890 secs] 6944813K->5738597K(8231360K), 0.0420820 secs] [Times: user=0.65 sys=0.01, real=0.05 secs] 
38836.698: [GC 38836.698: [ParNew: 1413098K->104870K(1415616K), 0.0733100 secs] 6996965K->5707839K(8231360K), 0.0737020 secs] [Times: user=0.64 sys=0.04, real=0.08 secs] 
38848.370: [GC 38848.370: [ParNew: 1363238K->120061K(1415616K), 0.0374540 secs] 6966207K->5723029K(8231360K), 0.0379200 secs] [Times: user=0.56 sys=0.02, real=0.03 secs] 
38849.402: [GC 38849.402: [ParNew: 1378429K->145045K(1415616K), 0.0409550 secs] 6981397K->5748013K(8231360K), 0.0413590 secs] [Times: user=0.60 sys=0.01, real=0.04 secs] 
38850.239: [GC 38850.239: [ParNew: 1403413K->157248K(1415616K), 0.0676260 secs] 7006381K->5772281K(8231360K), 0.0680180 secs] [Times: user=0.74 sys=0.02, real=0.07 secs] 
38850.787: [GC 38850.787: [ParNew: 1415616K->116144K(1415616K), 0.1078610 secs] 7030649K->5759954K(8231360K), 0.1082510 secs] [Times: user=0.91 sys=0.03, real=0.11 secs] 
38851.364: [GC 38851.364: [ParNew: 1374512K->148888K(1415616K), 0.0654180 secs] 7018322K->5804602K(8231360K), 0.0658010 secs] [Times: user=0.71 sys=0.04, real=0.06 secs] 
38851.926: [GC 38851.926: [ParNew: 1407256K->123114K(1415616K), 0.0817680 secs] 7062970K->5798449K(8231360K), 0.0821590 secs] [Times: user=0.72 sys=0.03, real=0.08 secs] 
38852.489: [GC 38852.489: [ParNew: 1381482K->131120K(1415616K), 0.0738490 secs] 7056817K->5822806K(8231360K), 0.0742440 secs] [Times: user=0.73 sys=0.03, real=0.08 secs] 
38853.046: [GC 38853.046: [ParNew: 1389488K->127348K(1415616K), 0.0767450 secs] 7081174K->5836200K(8231360K), 0.0771270 secs] [Times: user=0.72 sys=0.03, real=0.08 secs] 
38853.647: [GC 38853.647: [ParNew: 1385716K->157248K(1415616K), 0.0781290 secs] 7094568K->5881885K(8231360K), 0.0785800 secs] [Times: user=0.76 sys=0.04, real=0.08 secs] 
38854.229: [GC 38854.229: [ParNew: 1415616K->108048K(1415616K), 0.1228960 secs] 7140253K->5868165K(8231360K), 0.1233010 secs] [Times: user=0.87 sys=0.08, real=0.13 secs] 
38854.852: [GC 38854.852: [ParNew: 1366416K->101452K(1415616K), 0.0799700 secs] 7126533K->5879883K(8231360K), 0.0803580 secs] [Times: user=0.72 sys=0.05, real=0.08 secs] 
38855.442: [GC 38855.442: [ParNew: 1359820K->120767K(1415616K), 0.0769660 secs] 7138251K->5916513K(8231360K), 0.0773490 secs] [Times: user=0.70 sys=0.04, real=0.07 secs] 
38856.003: [GC 38856.003: [ParNew: 1379135K->135106K(1415616K), 0.0944480 secs] 7174881K->5953636K(8231360K), 0.0948510 secs] [Times: user=0.85 sys=0.03, real=0.09 secs] 
38856.633: [GC 38856.633: [ParNew: 1393474K->130667K(1415616K), 0.0875710 secs] 7212004K->5970761K(8231360K), 0.0879580 secs] [Times: user=0.71 sys=0.05, real=0.08 secs] 
38857.234: [GC 38857.234: [ParNew: 1389035K->140925K(1415616K), 0.0885360 secs] 7229129K->6000399K(8231360K), 0.0889370 secs] [Times: user=0.86 sys=0.04, real=0.09 secs] 
38857.820: [GC 38857.821: [ParNew: 1399293K->148286K(1415616K), 0.0915980 secs] 7258767K->6029229K(8231360K), 0.0919940 secs] [Times: user=0.83 sys=0.03, real=0.10 secs] 
38858.396: [GC 38858.396: [ParNew: 1406654K->135898K(1415616K), 0.0934400 secs] 7287597K->6037377K(8231360K), 0.0938460 secs] [Times: user=0.86 sys=0.05, real=0.09 secs] 
38858.977: [GC 38858.977: [ParNew: 1394266K->144007K(1415616K), 0.0876630 secs] 7295745K->6068633K(8231360K), 0.0880570 secs] [Times: user=0.81 sys=0.04, real=0.09 secs] 
38859.609: [GC 38859.609: [ParNew: 1402375K->119001K(1415616K), 0.0882760 secs] 7327001K->6069484K(8231360K), 0.0886670 secs] [Times: user=0.79 sys=0.05, real=0.09 secs] 
38860.635: [GC 38860.635: [ParNew: 1377369K->112072K(1415616K), 0.0780720 secs] 7327852K->6086483K(8231360K), 0.0784760 secs] [Times: user=0.66 sys=0.05, real=0.08 secs] 
38911.671: [GC 38911.671: [ParNew: 1370440K->111701K(1415616K), 0.0756140 secs] 7344851K->6107261K(8231360K), 0.0760910 secs] [Times: user=0.70 sys=0.04, real=0.08 secs] 
38912.841: [GC 38912.841: [ParNew: 1370069K->157248K(1415616K), 0.0392540 secs] 7365629K->6152809K(8231360K), 0.0396550 secs] [Times: user=0.61 sys=0.00, real=0.04 secs] 
38913.825: [GC 38913.825: [ParNew: 1415616K->113845K(1415616K), 0.0845310 secs] 7411177K->6131832K(8231360K), 0.0849310 secs] [Times: user=0.84 sys=0.03, real=0.08 secs] 
38914.903: [GC 38914.903: [ParNew: 1372213K->125686K(1415616K), 0.0743170 secs] 7390200K->6162902K(8231360K), 0.0747110 secs] [Times: user=0.73 sys=0.03, real=0.08 secs] 
38915.936: [GC 38915.936: [ParNew: 1384054K->112783K(1415616K), 0.0734280 secs] 7421270K->6169805K(8231360K), 0.0738290 secs] [Times: user=0.69 sys=0.03, real=0.07 secs] 
38916.950: [GC 38916.951: [ParNew: 1371151K->126395K(1415616K), 0.0665270 secs] 7428173K->6198707K(8231360K), 0.0669560 secs] [Times: user=0.68 sys=0.03, real=0.07 secs] 
38918.026: [GC 38918.026: [ParNew: 1384763K->157248K(1415616K), 0.0764790 secs] 7457075K->6246002K(8231360K), 0.0768900 secs] [Times: user=0.79 sys=0.02, real=0.07 secs] 
38919.081: [GC 38919.081: [ParNew: 1415616K->130639K(1415616K), 0.1257240 secs] 7504370K->6254121K(8231360K), 0.1261370 secs] [Times: user=1.07 sys=0.06, real=0.13 secs] 
38920.143: [GC 38920.143: [ParNew: 1389007K->112113K(1415616K), 0.1332340 secs] 7512489K->6269704K(8231360K), 0.1336550 secs] [Times: user=1.14 sys=0.06, real=0.14 secs] 
38921.242: [GC 38921.242: [ParNew: 1370481K->93800K(1415616K), 0.1241590 secs] 7528072K->6285161K(8231360K), 0.1245810 secs] [Times: user=0.88 sys=0.07, real=0.13 secs] 
38929.236: [GC 38929.237: [ParNew: 1352168K->98021K(1415616K), 0.0353950 secs] 7543529K->6289382K(8231360K), 0.0358550 secs] [Times: user=0.53 sys=0.02, real=0.03 secs] 
38930.521: [GC 38930.522: [ParNew: 1356389K->125604K(1415616K), 0.0475280 secs] 7547750K->6316966K(8231360K), 0.0480080 secs] [Times: user=0.70 sys=0.02, real=0.05 secs] 
38931.704: [GC 38931.705: [ParNew: 1383972K->96849K(1415616K), 0.0957510 secs] 7575334K->6313934K(8231360K), 0.0962860 secs] [Times: user=0.85 sys=0.05, real=0.10 secs] 
38932.785: [GC 38932.785: [ParNew: 1355217K->140967K(1415616K), 0.0450950 secs] 7572302K->6358052K(8231360K), 0.0455870 secs] [Times: user=0.67 sys=0.01, real=0.05 secs] 
38933.775: [GC 38933.775: [ParNew: 1399335K->142408K(1415616K), 0.0788400 secs] 7616420K->6377583K(8231360K), 0.0792670 secs] [Times: user=0.76 sys=0.05, real=0.08 secs] 
38934.791: [GC 38934.792: [ParNew: 1400776K->126757K(1415616K), 0.0867150 secs] 7635951K->6382944K(8231360K), 0.0871590 secs] [Times: user=0.85 sys=0.01, real=0.09 secs] 
38935.898: [GC 38935.899: [ParNew: 1385125K->157248K(1415616K), 0.0775060 secs] 7641312K->6428421K(8231360K), 0.0779470 secs] [Times: user=0.77 sys=0.04, real=0.07 secs] 
38935.978: [GC [1 CMS-initial-mark: 6271173K(6815744K)] 6428658K(8231360K), 0.1605760 secs] [Times: user=0.16 sys=0.00, real=0.16 secs] 
38936.139: [CMS-concurrent-mark-start]
38937.165: [GC 38937.166: [ParNew: 1415616K->105749K(1415616K), 0.1301620 secs] 7686789K->6412555K(8231360K), 0.1305640 secs] [Times: user=0.89 sys=0.07, real=0.13 secs] 
38938.241: [GC 38938.242: [ParNew: 1364117K->150828K(1415616K), 0.0398670 secs] 7670923K->6457635K(8231360K), 0.0402590 secs] [Times: user=0.59 sys=0.00, real=0.04 secs] 
38939.235: [GC 38939.235: [ParNew: 1409196K->108104K(1415616K), 0.0912280 secs] 7716003K->6435643K(8231360K), 0.0916930 secs] [Times: user=0.77 sys=0.05, real=0.10 secs] 
38943.451: [CMS-concurrent-mark: 7.042/7.312 secs] [Times: user=36.85 sys=0.98, real=7.31 secs] 
38943.451: [CMS-concurrent-preclean-start]
38943.802: [CMS-concurrent-preclean: 0.335/0.351 secs] [Times: user=0.35 sys=0.00, real=0.35 secs] 
38943.802: [CMS-concurrent-abortable-preclean-start]
 CMS: abort preclean due to time 38948.968: [CMS-concurrent-abortable-preclean: 3.843/5.166 secs] [Times: user=3.88 sys=0.04, real=5.16 secs] 
38948.970: [GC[YG occupancy: 889962 K (1415616 K)]38948.970: [Rescan (parallel) , 1.3151700 secs]38950.285: [weak refs processing, 0.0000210 secs] [1 CMS-remark: 6327539K(6815744K)] 7217502K(8231360K), 1.3154010 secs] [Times: user=1.53 sys=0.27, real=1.31 secs] 
38950.286: [CMS-concurrent-sweep-start]
38957.117: [CMS-concurrent-sweep: 6.828/6.831 secs] [Times: user=6.88 sys=0.01, real=6.83 secs] 
38957.117: [CMS-concurrent-reset-start]
38957.152: [CMS-concurrent-reset: 0.035/0.035 secs] [Times: user=0.03 sys=0.00, real=0.04 secs] 
39022.287: [GC 39022.287: [ParNew: 1366472K->72576K(1415616K), 0.0617280 secs] 6151513K->4870106K(8231360K), 0.0621440 secs] [Times: user=0.63 sys=0.03, real=0.06 secs] 
39102.893: [GC 39102.894: [ParNew: 1330944K->110542K(1415616K), 0.0320020 secs] 6128474K->4908072K(8231360K), 0.0324530 secs] [Times: user=0.48 sys=0.00, real=0.03 secs] 
39115.165: [GC 39115.165: [ParNew: 1368910K->83832K(1415616K), 0.0322750 secs] 6166440K->4881362K(8231360K), 0.0327300 secs] [Times: user=0.48 sys=0.02, real=0.03 secs] 
39122.373: [GC 39122.373: [ParNew: 1342200K->118338K(1415616K), 0.0313200 secs] 6139730K->4915867K(8231360K), 0.0317360 secs] [Times: user=0.47 sys=0.02, real=0.03 secs] 
39124.498: [GC 39124.498: [ParNew: 1376706K->82849K(1415616K), 0.0319120 secs] 6174235K->4880378K(8231360K), 0.0323060 secs] [Times: user=0.48 sys=0.02, real=0.03 secs] 
39127.903: [GC 39127.903: [ParNew: 1341217K->122911K(1415616K), 0.0310270 secs] 6138746K->4920440K(8231360K), 0.0314340 secs] [Times: user=0.45 sys=0.03, real=0.03 secs] 
39130.800: [GC 39130.800: [ParNew: 1381279K->86336K(1415616K), 0.0377840 secs] 6178808K->4883865K(8231360K), 0.0381890 secs] [Times: user=0.56 sys=0.04, real=0.04 secs] 
39133.104: [GC 39133.104: [ParNew: 1344704K->130319K(1415616K), 0.0341280 secs] 6142233K->4927848K(8231360K), 0.0345120 secs] [Times: user=0.53 sys=0.00, real=0.03 secs] 
39143.489: [GC 39143.489: [ParNew: 1388687K->97365K(1415616K), 0.0367630 secs] 6186216K->4894894K(8231360K), 0.0371800 secs] [Times: user=0.57 sys=0.02, real=0.04 secs] 
39153.914: [GC 39153.915: [ParNew: 1355733K->122482K(1415616K), 0.0703180 secs] 6153262K->4935334K(8231360K), 0.0707500 secs] [Times: user=0.68 sys=0.05, real=0.07 secs] 
39163.305: [GC 39163.305: [ParNew: 1380850K->130268K(1415616K), 0.0368550 secs] 6193702K->4943120K(8231360K), 0.0372750 secs] [Times: user=0.56 sys=0.00, real=0.04 secs] 
39173.102: [GC 39173.103: [ParNew: 1388636K->101200K(1415616K), 0.0617580 secs] 6201488K->4927403K(8231360K), 0.0621840 secs] [Times: user=0.64 sys=0.03, real=0.06 secs] 
39183.300: [GC 39183.301: [ParNew: 1359568K->136500K(1415616K), 0.0408810 secs] 6185771K->4962703K(8231360K), 0.0413350 secs] [Times: user=0.62 sys=0.02, real=0.05 secs] 
39190.873: [GC 39190.873: [ParNew: 1394868K->103313K(1415616K), 0.0580430 secs] 6221071K->4940178K(8231360K), 0.0584770 secs] [Times: user=0.65 sys=0.02, real=0.05 secs] 
39325.491: [GC 39325.491: [ParNew: 1361681K->117733K(1415616K), 0.0450920 secs] 6198546K->4954598K(8231360K), 0.0456230 secs] [Times: user=0.66 sys=0.01, real=0.04 secs] 
39350.915: [GC 39350.915: [ParNew: 1376101K->137321K(1415616K), 0.0369810 secs] 6212966K->4974187K(8231360K), 0.0374100 secs] [Times: user=0.56 sys=0.02, real=0.03 secs] 
39353.511: [GC 39353.511: [ParNew: 1395689K->94487K(1415616K), 0.0798720 secs] 6232555K->4954654K(8231360K), 0.0802990 secs] [Times: user=0.67 sys=0.05, real=0.08 secs] 
39358.257: [GC 39358.257: [ParNew: 1352855K->108354K(1415616K), 0.0308600 secs] 6213022K->4968521K(8231360K), 0.0312660 secs] [Times: user=0.47 sys=0.02, real=0.03 secs] 
39360.592: [GC 39360.592: [ParNew: 1366722K->102010K(1415616K), 0.0312040 secs] 6226889K->4962177K(8231360K), 0.0316250 secs] [Times: user=0.48 sys=0.00, real=0.03 secs] 
39363.692: [GC 39363.693: [ParNew: 1360378K->111618K(1415616K), 0.0307940 secs] 6220545K->4971785K(8231360K), 0.0312270 secs] [Times: user=0.46 sys=0.02, real=0.03 secs] 
39364.729: [GC 39364.729: [ParNew: 1369986K->114171K(1415616K), 0.0314550 secs] 6230153K->4974338K(8231360K), 0.0318640 secs] [Times: user=0.46 sys=0.02, real=0.03 secs] 
39367.526: [GC 39367.527: [ParNew: 1372539K->121717K(1415616K), 0.0327590 secs] 6232706K->4981884K(8231360K), 0.0331340 secs] [Times: user=0.50 sys=0.02, real=0.03 secs] 
39375.777: [GC 39375.778: [ParNew: 1380085K->144318K(1415616K), 0.0350290 secs] 6240252K->5004485K(8231360K), 0.0354170 secs] [Times: user=0.53 sys=0.02, real=0.04 secs] 
39383.109: [GC 39383.109: [ParNew: 1402686K->94857K(1415616K), 0.0694500 secs] 6262853K->4969972K(8231360K), 0.0698440 secs] [Times: user=0.74 sys=0.02, real=0.07 secs] 
39390.314: [GC 39390.314: [ParNew: 1353225K->132291K(1415616K), 0.0412920 secs] 6228340K->5007406K(8231360K), 0.0417090 secs] [Times: user=0.60 sys=0.01, real=0.04 secs] 
39396.963: [GC 39396.964: [ParNew: 1390659K->113425K(1415616K), 0.0704030 secs] 6265774K->5003036K(8231360K), 0.0708590 secs] [Times: user=0.76 sys=0.01, real=0.07 secs] 
39404.212: [GC 39404.212: [ParNew: 1371793K->133965K(1415616K), 0.0370490 secs] 6261404K->5023576K(8231360K), 0.0374740 secs] [Times: user=0.55 sys=0.01, real=0.04 secs] 
39409.498: [GC 39409.499: [ParNew: 1392333K->91875K(1415616K), 0.0696080 secs] 6281944K->4996774K(8231360K), 0.0699970 secs] [Times: user=0.67 sys=0.04, real=0.07 secs] 
39430.103: [GC 39430.103: [ParNew: 1350243K->106390K(1415616K), 0.0351940 secs] 6255142K->5011289K(8231360K), 0.0355930 secs] [Times: user=0.52 sys=0.00, real=0.04 secs] 
39438.600: [GC 39438.600: [ParNew: 1364758K->136710K(1415616K), 0.0375700 secs] 6269657K->5041609K(8231360K), 0.0379710 secs] [Times: user=0.54 sys=0.02, real=0.03 secs] 
39442.463: [GC 39442.463: [ParNew: 1395078K->95697K(1415616K), 0.0647030 secs] 6299977K->5015374K(8231360K), 0.0650760 secs] [Times: user=0.62 sys=0.03, real=0.06 secs] 
39444.652: [GC 39444.652: [ParNew: 1354065K->120937K(1415616K), 0.0341110 secs] 6273742K->5040615K(8231360K), 0.0344770 secs] [Times: user=0.46 sys=0.03, real=0.03 secs] 
39446.046: [GC 39446.046: [ParNew: 1379305K->83085K(1415616K), 0.0336900 secs] 6298983K->5002763K(8231360K), 0.0340710 secs] [Times: user=0.48 sys=0.01, real=0.04 secs] 
39448.326: [GC 39448.326: [ParNew: 1341453K->122882K(1415616K), 0.0356190 secs] 6261131K->5042560K(8231360K), 0.0359850 secs] [Times: user=0.51 sys=0.02, real=0.04 secs] 
39450.096: [GC 39450.096: [ParNew: 1381250K->86593K(1415616K), 0.0378310 secs] 6300928K->5006271K(8231360K), 0.0382120 secs] [Times: user=0.54 sys=0.02, real=0.04 secs] 
39452.094: [GC 39452.094: [ParNew: 1344961K->128973K(1415616K), 0.0356430 secs] 6264639K->5048651K(8231360K), 0.0360350 secs] [Times: user=0.53 sys=0.02, real=0.03 secs] 
39457.529: [GC 39457.529: [ParNew: 1387341K->145306K(1415616K), 0.0406640 secs] 6307019K->5064983K(8231360K), 0.0410620 secs] [Times: user=0.63 sys=0.01, real=0.04 secs] 
39462.731: [GC 39462.731: [ParNew: 1403674K->101668K(1415616K), 0.0704860 secs] 6323351K->5037206K(8231360K), 0.0708800 secs] [Times: user=0.73 sys=0.04, real=0.07 secs] 
39468.095: [GC 39468.095: [ParNew: 1360036K->142790K(1415616K), 0.0431540 secs] 6295574K->5078328K(8231360K), 0.0435490 secs] [Times: user=0.63 sys=0.02, real=0.04 secs] 
39472.738: [GC 39472.739: [ParNew: 1401158K->123761K(1415616K), 0.0723030 secs] 6336696K->5073384K(8231360K), 0.0727120 secs] [Times: user=0.75 sys=0.04, real=0.07 secs] 
39476.955: [GC 39476.955: [ParNew: 1382129K->116567K(1415616K), 0.0631770 secs] 6331752K->5073888K(8231360K), 0.0635790 secs] [Times: user=0.74 sys=0.03, real=0.07 secs] 
39480.098: [GC 39480.098: [ParNew: 1374935K->111807K(1415616K), 0.0633270 secs] 6332256K->5076737K(8231360K), 0.0637700 secs] [Times: user=0.71 sys=0.04, real=0.06 secs] 
39483.279: [GC 39483.280: [ParNew: 1370175K->109094K(1415616K), 0.0468330 secs] 6335105K->5078414K(8231360K), 0.0472420 secs] [Times: user=0.59 sys=0.01, real=0.04 secs] 
39487.523: [GC 39487.523: [ParNew: 1367462K->110022K(1415616K), 0.0326160 secs] 6336782K->5079341K(8231360K), 0.0330680 secs] [Times: user=0.51 sys=0.00, real=0.03 secs] 
39489.496: [GC 39489.496: [ParNew: 1368390K->108096K(1415616K), 0.0316480 secs] 6337709K->5077416K(8231360K), 0.0320130 secs] [Times: user=0.48 sys=0.00, real=0.03 secs] 
39490.909: [GC 39490.910: [ParNew: 1366464K->111775K(1415616K), 0.0323140 secs] 6335784K->5081095K(8231360K), 0.0327040 secs] [Times: user=0.50 sys=0.00, real=0.03 secs] 
39495.007: [GC 39495.007: [ParNew: 1370143K->122270K(1415616K), 0.0327600 secs] 6339463K->5091590K(8231360K), 0.0331870 secs] [Times: user=0.51 sys=0.00, real=0.04 secs] 
39496.557: [GC 39496.557: [ParNew: 1380638K->124047K(1415616K), 0.0321230 secs] 6349958K->5093367K(8231360K), 0.0325040 secs] [Times: user=0.49 sys=0.00, real=0.03 secs] 
39500.710: [GC 39500.710: [ParNew: 1382415K->126052K(1415616K), 0.0354210 secs] 6351735K->5095372K(8231360K), 0.0358010 secs] [Times: user=0.53 sys=0.02, real=0.04 secs] 
39506.700: [GC 39506.700: [ParNew: 1384420K->95889K(1415616K), 0.0777170 secs] 6353740K->5083231K(8231360K), 0.0781690 secs] [Times: user=0.72 sys=0.02, real=0.08 secs] 
39512.309: [GC 39512.310: [ParNew: 1354257K->134914K(1415616K), 0.0384890 secs] 6341599K->5122256K(8231360K), 0.0389090 secs] [Times: user=0.58 sys=0.02, real=0.04 secs] 
39517.324: [GC 39517.325: [ParNew: 1393282K->124111K(1415616K), 0.0597090 secs] 6380624K->5121161K(8231360K), 0.0601070 secs] [Times: user=0.69 sys=0.01, real=0.06 secs] 
39521.919: [GC 39521.919: [ParNew: 1382479K->125109K(1415616K), 0.0550040 secs] 6379529K->5129051K(8231360K), 0.0554000 secs] [Times: user=0.68 sys=0.02, real=0.05 secs] 
39525.698: [GC 39525.698: [ParNew: 1383477K->122750K(1415616K), 0.0548100 secs] 6387419K->5134161K(8231360K), 0.0552040 secs] [Times: user=0.67 sys=0.01, real=0.05 secs] 
39587.909: [GC 39587.909: [ParNew: 1381118K->80747K(1415616K), 0.0479970 secs] 6392529K->5099765K(8231360K), 0.0485080 secs] [Times: user=0.52 sys=0.01, real=0.05 secs] 
39618.135: [GC 39618.135: [ParNew: 1339115K->113968K(1415616K), 0.0348040 secs] 6358133K->5132986K(8231360K), 0.0352960 secs] [Times: user=0.53 sys=0.00, real=0.03 secs] 
39621.538: [GC 39621.538: [ParNew: 1372336K->128398K(1415616K), 0.0357830 secs] 6391354K->5147416K(8231360K), 0.0362180 secs] [Times: user=0.50 sys=0.02, real=0.04 secs] 
39624.485: [GC 39624.486: [ParNew: 1386766K->87537K(1415616K), 0.0649970 secs] 6405784K->5121381K(8231360K), 0.0653850 secs] [Times: user=0.58 sys=0.04, real=0.06 secs] 
39625.308: [GC 39625.308: [ParNew: 1345905K->109636K(1415616K), 0.0310920 secs] 6379749K->5143480K(8231360K), 0.0315140 secs] [Times: user=0.45 sys=0.00, real=0.03 secs] 
39626.092: [GC 39626.093: [ParNew: 1368004K->114289K(1415616K), 0.0307530 secs] 6401848K->5148133K(8231360K), 0.0311360 secs] [Times: user=0.46 sys=0.01, real=0.03 secs] 
39626.874: [GC 39626.874: [ParNew: 1372657K->121441K(1415616K), 0.0353630 secs] 6406501K->5155285K(8231360K), 0.0357880 secs] [Times: user=0.51 sys=0.00, real=0.03 secs] 
39628.180: [GC 39628.180: [ParNew: 1379809K->124482K(1415616K), 0.0384370 secs] 6413653K->5158326K(8231360K), 0.0388310 secs] [Times: user=0.57 sys=0.00, real=0.04 secs] 
39630.401: [GC 39630.402: [ParNew: 1382850K->132672K(1415616K), 0.0522330 secs] 6416694K->5174357K(8231360K), 0.0526490 secs] [Times: user=0.61 sys=0.03, real=0.06 secs] 
39631.629: [GC 39631.629: [ParNew: 1391040K->127893K(1415616K), 0.0649250 secs] 6432725K->5180340K(8231360K), 0.0653520 secs] [Times: user=0.72 sys=0.02, real=0.07 secs] 
39632.603: [GC 39632.603: [ParNew: 1386261K->156722K(1415616K), 0.0555710 secs] 6438708K->5216019K(8231360K), 0.0559630 secs] [Times: user=0.70 sys=0.01, real=0.06 secs] 
39633.709: [GC 39633.709: [ParNew: 1415090K->109081K(1415616K), 0.0746140 secs] 6474387K->5183967K(8231360K), 0.0750020 secs] [Times: user=0.75 sys=0.03, real=0.07 secs] 
39635.183: [GC 39635.183: [ParNew: 1367449K->106317K(1415616K), 0.0595350 secs] 6442335K->5190779K(8231360K), 0.0599210 secs] [Times: user=0.68 sys=0.03, real=0.06 secs] 
39646.888: [GC 39646.888: [ParNew: 1364685K->78578K(1415616K), 0.0409100 secs] 6449147K->5169071K(8231360K), 0.0413770 secs] [Times: user=0.45 sys=0.02, real=0.04 secs] 
40168.847: [GC 40168.848: [ParNew: 1336946K->87160K(1415616K), 0.0590770 secs] 6427439K->5177652K(8231360K), 0.0599870 secs] [Times: user=0.79 sys=0.03, real=0.06 secs] 
40771.574: [GC 40771.574: [ParNew: 1345528K->61780K(1415616K), 0.0291540 secs] 6436020K->5152273K(8231360K), 0.0296010 secs] [Times: user=0.41 sys=0.01, real=0.03 secs] 
41549.043: [GC 41549.044: [ParNew: 1320148K->83263K(1415616K), 0.0463920 secs] 6410641K->5173756K(8231360K), 0.0470320 secs] [Times: user=0.63 sys=0.03, real=0.05 secs] 
41827.538: [GC 41827.539: [ParNew: 1341631K->97641K(1415616K), 0.0338230 secs] 6432124K->5188133K(8231360K), 0.0342880 secs] [Times: user=0.47 sys=0.03, real=0.04 secs] 
41835.513: [GC 41835.514: [ParNew: 1356009K->116985K(1415616K), 0.0369450 secs] 6446501K->5207478K(8231360K), 0.0373510 secs] [Times: user=0.56 sys=0.00, real=0.04 secs] 
41841.527: [GC 41841.527: [ParNew: 1375353K->136412K(1415616K), 0.0355620 secs] 6465846K->5226905K(8231360K), 0.0359880 secs] [Times: user=0.56 sys=0.00, real=0.04 secs] 
41845.705: [GC 41845.705: [ParNew: 1394780K->100875K(1415616K), 0.0561860 secs] 6485273K->5198767K(8231360K), 0.0565990 secs] [Times: user=0.68 sys=0.02, real=0.05 secs] 
41849.362: [GC 41849.362: [ParNew: 1359243K->135028K(1415616K), 0.0497990 secs] 6457135K->5238668K(8231360K), 0.0502190 secs] [Times: user=0.62 sys=0.02, real=0.05 secs] 
41852.926: [GC 41852.926: [ParNew: 1393396K->109312K(1415616K), 0.0659360 secs] 6497036K->5227547K(8231360K), 0.0663460 secs] [Times: user=0.64 sys=0.05, real=0.06 secs] 
41858.562: [GC 41858.562: [ParNew: 1367680K->111147K(1415616K), 0.0528710 secs] 6485915K->5236818K(8231360K), 0.0533060 secs] [Times: user=0.61 sys=0.01, real=0.05 secs] 
41861.006: [GC 41861.006: [ParNew: 1369515K->146974K(1415616K), 0.0369530 secs] 6495186K->5272645K(8231360K), 0.0373520 secs] [Times: user=0.56 sys=0.01, real=0.03 secs] 
41865.916: [GC 41865.917: [ParNew: 1405342K->110895K(1415616K), 0.0587470 secs] 6531013K->5247029K(8231360K), 0.0591510 secs] [Times: user=0.64 sys=0.03, real=0.06 secs] 
41871.502: [GC 41871.503: [ParNew: 1369263K->126949K(1415616K), 0.0447060 secs] 6505397K->5267367K(8231360K), 0.0451480 secs] [Times: user=0.58 sys=0.01, real=0.04 secs] 
41877.895: [GC 41877.895: [ParNew: 1385317K->114380K(1415616K), 0.0514780 secs] 6525735K->5262721K(8231360K), 0.0518970 secs] [Times: user=0.59 sys=0.04, real=0.05 secs] 
41880.701: [GC 41880.702: [ParNew: 1372748K->123816K(1415616K), 0.0473350 secs] 6521089K->5279178K(8231360K), 0.0477440 secs] [Times: user=0.56 sys=0.03, real=0.04 secs] 
41884.734: [GC 41884.734: [ParNew: 1382184K->120693K(1415616K), 0.0520460 secs] 6537546K->5283265K(8231360K), 0.0524690 secs] [Times: user=0.58 sys=0.03, real=0.05 secs] 
41888.039: [GC 41888.039: [ParNew: 1379061K->146017K(1415616K), 0.0531180 secs] 6541633K->5315770K(8231360K), 0.0535200 secs] [Times: user=0.62 sys=0.01, real=0.06 secs] 
41888.809: [GC 41888.810: [ParNew: 1404385K->109928K(1415616K), 0.0549730 secs] 6574138K->5286570K(8231360K), 0.0553730 secs] [Times: user=0.67 sys=0.01, real=0.06 secs] 
41892.917: [GC 41892.917: [ParNew: 1368296K->128871K(1415616K), 0.0739250 secs] 6544938K->5319753K(8231360K), 0.0743160 secs] [Times: user=0.74 sys=0.04, real=0.08 secs] 
41895.355: [GC 41895.355: [ParNew: 1387239K->116326K(1415616K), 0.0529860 secs] 6578121K->5314368K(8231360K), 0.0533840 secs] [Times: user=0.66 sys=0.00, real=0.05 secs] 
41900.029: [GC 41900.029: [ParNew: 1374694K->95455K(1415616K), 0.0509840 secs] 6572736K->5300615K(8231360K), 0.0514040 secs] [Times: user=0.61 sys=0.00, real=0.05 secs] 
41904.705: [GC 41904.705: [ParNew: 1353823K->113024K(1415616K), 0.0375340 secs] 6558983K->5318184K(8231360K), 0.0379390 secs] [Times: user=0.57 sys=0.01, real=0.03 secs] 
41911.292: [GC 41911.293: [ParNew: 1371392K->129503K(1415616K), 0.0361370 secs] 6576552K->5334663K(8231360K), 0.0366110 secs] [Times: user=0.56 sys=0.00, real=0.04 secs] 
41917.290: [GC 41917.290: [ParNew: 1387871K->128550K(1415616K), 0.0566200 secs] 6593031K->5340506K(8231360K), 0.0570380 secs] [Times: user=0.66 sys=0.03, real=0.06 secs] 
41922.513: [GC 41922.514: [ParNew: 1386918K->134251K(1415616K), 0.0542580 secs] 6598874K->5352917K(8231360K), 0.0547150 secs] [Times: user=0.64 sys=0.04, real=0.06 secs] 
41927.132: [GC 41927.132: [ParNew: 1392619K->125720K(1415616K), 0.0498800 secs] 6611285K->5350929K(8231360K), 0.0503170 secs] [Times: user=0.61 sys=0.02, real=0.05 secs] 
41931.095: [GC 41931.096: [ParNew: 1384088K->133176K(1415616K), 0.0532430 secs] 6609297K->5364657K(8231360K), 0.0536920 secs] [Times: user=0.66 sys=0.01, real=0.06 secs] 
41934.143: [GC 41934.143: [ParNew: 1391544K->142620K(1415616K), 0.0511350 secs] 6623025K->5381174K(8231360K), 0.0515590 secs] [Times: user=0.63 sys=0.01, real=0.05 secs] 
41938.576: [GC 41938.576: [ParNew: 1400988K->108877K(1415616K), 0.0648260 secs] 6639542K->5361284K(8231360K), 0.0652290 secs] [Times: user=0.67 sys=0.01, real=0.07 secs] 
41942.312: [GC 41942.313: [ParNew: 1367245K->107816K(1415616K), 0.0496530 secs] 6619652K->5366275K(8231360K), 0.0501570 secs] [Times: user=0.64 sys=0.00, real=0.05 secs] 
41946.136: [GC 41946.137: [ParNew: 1366184K->116998K(1415616K), 0.0500170 secs] 6624643K->5381896K(8231360K), 0.0504450 secs] [Times: user=0.64 sys=0.00, real=0.05 secs] 
41949.998: [GC 41949.998: [ParNew: 1375366K->122045K(1415616K), 0.0530320 secs] 6640264K->5392490K(8231360K), 0.0534690 secs] [Times: user=0.62 sys=0.02, real=0.05 secs] 
41953.170: [GC 41953.171: [ParNew: 1380413K->123495K(1415616K), 0.0546490 secs] 6650858K->5400153K(8231360K), 0.0550330 secs] [Times: user=0.65 sys=0.04, real=0.06 secs] 
41955.899: [GC 41955.900: [ParNew: 1381863K->126716K(1415616K), 0.0538160 secs] 6658521K->5410122K(8231360K), 0.0541970 secs] [Times: user=0.67 sys=0.01, real=0.06 secs] 
41959.246: [GC 41959.246: [ParNew: 1385084K->113232K(1415616K), 0.0706260 secs] 6668490K->5410262K(8231360K), 0.0710220 secs] [Times: user=0.75 sys=0.02, real=0.07 secs] 
41961.361: [GC 41961.361: [ParNew: 1371600K->118673K(1415616K), 0.0537890 secs] 6668630K->5422877K(8231360K), 0.0542420 secs] [Times: user=0.66 sys=0.01, real=0.06 secs] 
41963.729: [GC 41963.730: [ParNew: 1377041K->124013K(1415616K), 0.0535530 secs] 6681245K->5435349K(8231360K), 0.0540110 secs] [Times: user=0.65 sys=0.01, real=0.05 secs] 
41966.099: [GC 41966.099: [ParNew: 1382381K->124854K(1415616K), 0.0541930 secs] 6693717K->5443179K(8231360K), 0.0545850 secs] [Times: user=0.67 sys=0.04, real=0.05 secs] 
41968.383: [GC 41968.383: [ParNew: 1383222K->120781K(1415616K), 0.0537390 secs] 6701547K->5446128K(8231360K), 0.0541370 secs] [Times: user=0.67 sys=0.03, real=0.06 secs] 
41970.683: [GC 41970.683: [ParNew: 1379149K->127287K(1415616K), 0.0563070 secs] 6704496K->5459520K(8231360K), 0.0567170 secs] [Times: user=0.69 sys=0.02, real=0.06 secs] 
41972.907: [GC 41972.907: [ParNew: 1385655K->101417K(1415616K), 0.0693040 secs] 6717888K->5447661K(8231360K), 0.0697870 secs] [Times: user=0.69 sys=0.05, real=0.07 secs] 
41974.979: [GC 41974.979: [ParNew: 1359785K->110726K(1415616K), 0.0535060 secs] 6706029K->5463938K(8231360K), 0.0539060 secs] [Times: user=0.63 sys=0.03, real=0.05 secs] 
41977.132: [GC 41977.132: [ParNew: 1369094K->138073K(1415616K), 0.0437010 secs] 6722306K->5491285K(8231360K), 0.0441130 secs] [Times: user=0.65 sys=0.03, real=0.04 secs] 
41979.720: [GC 41979.720: [ParNew: 1396441K->105147K(1415616K), 0.0715970 secs] 6749653K->5472888K(8231360K), 0.0720490 secs] [Times: user=0.71 sys=0.04, real=0.07 secs] 
41982.533: [GC 41982.533: [ParNew: 1363515K->142794K(1415616K), 0.0383240 secs] 6731256K->5510535K(8231360K), 0.0387660 secs] [Times: user=0.53 sys=0.02, real=0.04 secs] 
41986.142: [GC 41986.143: [ParNew: 1401162K->101091K(1415616K), 0.0568680 secs] 6768903K->5475371K(8231360K), 0.0572920 secs] [Times: user=0.67 sys=0.02, real=0.06 secs] 
41990.957: [GC 41990.957: [ParNew: 1359459K->112220K(1415616K), 0.0544080 secs] 6733739K->5493611K(8231360K), 0.0548370 secs] [Times: user=0.63 sys=0.02, real=0.06 secs] 
41995.377: [GC 41995.378: [ParNew: 1370588K->131923K(1415616K), 0.0391540 secs] 6751979K->5513313K(8231360K), 0.0395720 secs] [Times: user=0.57 sys=0.01, real=0.04 secs] 
41997.415: [GC 41997.415: [ParNew: 1390291K->106654K(1415616K), 0.0378380 secs] 6771681K->5488045K(8231360K), 0.0382450 secs] [Times: user=0.55 sys=0.02, real=0.04 secs] 
41998.756: [GC 41998.756: [ParNew: 1365022K->141058K(1415616K), 0.0661600 secs] 6746413K->5536269K(8231360K), 0.0665410 secs] [Times: user=0.68 sys=0.03, real=0.07 secs] 
42004.434: [GC 42004.434: [ParNew: 1399426K->109425K(1415616K), 0.0637490 secs] 6794637K->5517625K(8231360K), 0.0641470 secs] [Times: user=0.67 sys=0.01, real=0.06 secs] 
42005.427: [GC 42005.427: [ParNew: 1367793K->138831K(1415616K), 0.0383670 secs] 6775993K->5547031K(8231360K), 0.0387510 secs] [Times: user=0.58 sys=0.02, real=0.04 secs] 
42008.899: [GC 42008.899: [ParNew: 1397199K->98154K(1415616K), 0.0665470 secs] 6805399K->5520299K(8231360K), 0.0669670 secs] [Times: user=0.67 sys=0.02, real=0.07 secs] 
42011.315: [GC 42011.316: [ParNew: 1356522K->144858K(1415616K), 0.0375560 secs] 6778667K->5567003K(8231360K), 0.0379580 secs] [Times: user=0.56 sys=0.00, real=0.04 secs] 
42013.299: [GC 42013.299: [ParNew: 1403226K->117296K(1415616K), 0.0646500 secs] 6825371K->5552019K(8231360K), 0.0650320 secs] [Times: user=0.64 sys=0.03, real=0.07 secs] 
42015.858: [GC 42015.859: [ParNew: 1375664K->105318K(1415616K), 0.0491060 secs] 6810387K->5546653K(8231360K), 0.0494810 secs] [Times: user=0.59 sys=0.01, real=0.05 secs] 
42018.509: [GC 42018.510: [ParNew: 1363686K->117207K(1415616K), 0.0549420 secs] 6805021K->5565477K(8231360K), 0.0553230 secs] [Times: user=0.65 sys=0.04, real=0.06 secs] 
42020.948: [GC 42020.948: [ParNew: 1375575K->122493K(1415616K), 0.0531570 secs] 6823845K->5577714K(8231360K), 0.0535500 secs] [Times: user=0.63 sys=0.02, real=0.05 secs] 
42023.948: [GC 42023.948: [ParNew: 1380861K->117818K(1415616K), 0.0518170 secs] 6836082K->5580157K(8231360K), 0.0522000 secs] [Times: user=0.60 sys=0.01, real=0.05 secs] 
42027.370: [GC 42027.370: [ParNew: 1376186K->104774K(1415616K), 0.0481880 secs] 6838525K->5573867K(8231360K), 0.0485710 secs] [Times: user=0.59 sys=0.01, real=0.05 secs] 
42030.037: [GC 42030.037: [ParNew: 1363142K->136884K(1415616K), 0.0380040 secs] 6832235K->5605977K(8231360K), 0.0383990 secs] [Times: user=0.55 sys=0.02, real=0.04 secs] 
42032.517: [GC 42032.517: [ParNew: 1395252K->129013K(1415616K), 0.0537310 secs] 6864345K->5605164K(8231360K), 0.0541300 secs] [Times: user=0.64 sys=0.01, real=0.06 secs] 
42035.004: [GC 42035.004: [ParNew: 1387381K->125040K(1415616K), 0.0519820 secs] 6863532K->5608303K(8231360K), 0.0523890 secs] [Times: user=0.63 sys=0.02, real=0.05 secs] 
42037.865: [GC 42037.865: [ParNew: 1383408K->124816K(1415616K), 0.0519530 secs] 6866671K->5614432K(8231360K), 0.0523410 secs] [Times: user=0.62 sys=0.03, real=0.05 secs] 
42108.725: [GC 42108.726: [ParNew: 1383171K->83794K(1415616K), 0.0473830 secs] 6872788K->5580154K(8231360K), 0.0478270 secs] [Times: user=0.54 sys=0.03, real=0.05 secs] 
42707.777: [GC 42707.778: [ParNew: 1342162K->81226K(1415616K), 0.0313910 secs] 6838522K->5577586K(8231360K), 0.0318310 secs] [Times: user=0.44 sys=0.02, real=0.03 secs] 
43468.983: [GC 43468.984: [ParNew: 1339594K->108191K(1415616K), 0.0459580 secs] 6835954K->5604550K(8231360K), 0.0466160 secs] [Times: user=0.59 sys=0.02, real=0.04 secs] 
44168.328: [GC 44168.328: [ParNew: 1366559K->79534K(1415616K), 0.0328930 secs] 6862918K->5575894K(8231360K), 0.0332960 secs] [Times: user=0.45 sys=0.03, real=0.03 secs] 
44921.857: [GC 44921.858: [ParNew: 1337902K->113688K(1415616K), 0.0307900 secs] 6834262K->5610048K(8231360K), 0.0312420 secs] [Times: user=0.41 sys=0.03, real=0.03 secs] 
45690.055: [GC 45690.056: [ParNew: 1372056K->83052K(1415616K), 0.0304330 secs] 6868416K->5579412K(8231360K), 0.0308890 secs] [Times: user=0.42 sys=0.03, real=0.03 secs] 
46494.245: [GC 46494.246: [ParNew: 1341419K->94328K(1415616K), 0.0325140 secs] 6837778K->5590688K(8231360K), 0.0330040 secs] [Times: user=0.46 sys=0.02, real=0.03 secs] 
47274.149: [GC 47274.149: [ParNew: 1352696K->101352K(1415616K), 0.0305840 secs] 6849056K->5597712K(8231360K), 0.0309860 secs] [Times: user=0.42 sys=0.01, real=0.03 secs] 
48065.399: [GC 48065.399: [ParNew: 1359720K->91517K(1415616K), 0.0365340 secs] 6856080K->5587877K(8231360K), 0.0369640 secs] [Times: user=0.50 sys=0.03, real=0.04 secs] 
48868.913: [GC 48868.914: [ParNew: 1349885K->108194K(1415616K), 0.0526050 secs] 6846245K->5604554K(8231360K), 0.0531310 secs] [Times: user=0.65 sys=0.04, real=0.05 secs] 
49669.194: [GC 49669.194: [ParNew: 1366562K->81138K(1415616K), 0.0314330 secs] 6862922K->5577498K(8231360K), 0.0318350 secs] [Times: user=0.43 sys=0.02, real=0.03 secs] 
50435.423: [GC 50435.424: [ParNew: 1339506K->91521K(1415616K), 0.0295820 secs] 6835866K->5587881K(8231360K), 0.0299990 secs] [Times: user=0.40 sys=0.03, real=0.03 secs] 
51278.138: [GC 51278.138: [ParNew: 1349889K->93978K(1415616K), 0.0313940 secs] 6846249K->5590337K(8231360K), 0.0318120 secs] [Times: user=0.45 sys=0.02, real=0.03 secs] 
52168.855: [GC 52168.856: [ParNew: 1352346K->101912K(1415616K), 0.0686110 secs] 6848705K->5598272K(8231360K), 0.0693030 secs] [Times: user=0.95 sys=0.04, real=0.07 secs] 
53023.122: [GC 53023.123: [ParNew: 1360280K->84136K(1415616K), 0.0331180 secs] 6856640K->5580495K(8231360K), 0.0335320 secs] [Times: user=0.45 sys=0.01, real=0.04 secs] 
53872.807: [GC 53872.807: [ParNew: 1342504K->92206K(1415616K), 0.0316880 secs] 6838863K->5588566K(8231360K), 0.0321260 secs] [Times: user=0.45 sys=0.02, real=0.03 secs] 
54739.479: [GC 54739.479: [ParNew: 1350574K->92168K(1415616K), 0.0351810 secs] 6846934K->5588528K(8231360K), 0.0356040 secs] [Times: user=0.46 sys=0.02, real=0.04 secs] 
55603.001: [GC 55603.002: [ParNew: 1350536K->107837K(1415616K), 0.0345900 secs] 6846896K->5604197K(8231360K), 0.0354010 secs] [Times: user=0.46 sys=0.02, real=0.03 secs] 
56489.301: [GC 56489.301: [ParNew: 1366205K->115617K(1415616K), 0.0492510 secs] 6862565K->5611977K(8231360K), 0.0498230 secs] [Times: user=0.68 sys=0.02, real=0.05 secs] 
57278.589: [GC 57278.590: [ParNew: 1373985K->76881K(1415616K), 0.1623390 secs] 6870345K->5636022K(8231360K), 0.1627590 secs] [Times: user=0.63 sys=0.19, real=0.17 secs] 
58169.313: [GC 58169.313: [ParNew: 1335249K->25329K(1415616K), 0.0313050 secs] 6894390K->5584470K(8231360K), 0.0319830 secs] [Times: user=0.35 sys=0.01, real=0.04 secs] 
59010.729: [GC 59010.729: [ParNew: 1283697K->10323K(1415616K), 0.0221300 secs] 6842838K->5569464K(8231360K), 0.0224240 secs] [Times: user=0.29 sys=0.00, real=0.03 secs] 
60033.718: [GC 60033.718: [ParNew: 1268691K->7134K(1415616K), 0.0275610 secs] 6827832K->5566275K(8231360K), 0.0278860 secs] [Times: user=0.36 sys=0.02, real=0.02 secs] 
60929.676: [GC 60929.676: [ParNew: 1265502K->7173K(1415616K), 0.0167250 secs] 6824643K->5566314K(8231360K), 0.0170150 secs] [Times: user=0.22 sys=0.00, real=0.01 secs] 
Heap
 par new generation   total 1415616K, used 371851K [0x00002aaaae440000, 0x00002aab0e440000, 0x00002aab0e440000)
  eden space 1258368K,  28% used [0x00002aaaae440000, 0x00002aaac4861648, 0x00002aaafb120000)
  from space 157248K,   4% used [0x00002aab04ab0000, 0x00002aab051b15b8, 0x00002aab0e440000)
  to   space 157248K,   0% used [0x00002aaafb120000, 0x00002aaafb120000, 0x00002aab04ab0000)
 concurrent mark-sweep generation total 6815744K, used 5559141K [0x00002aab0e440000, 0x00002aacae440000, 0x00002aacae440000)
 concurrent-mark-sweep perm gen total 86016K, used 52613K [0x00002aacae440000, 0x00002aacb3840000, 0x00002aacb3840000)
