3.010: [Full GC 3.010: [CMS: 0K->4727K(2621440K), 0.2243070 secs] 553815K->4727K(4037056K), [CMS Perm : 21246K->21212K(21248K)], 0.2245780 secs] [Times: user=0.18 sys=0.04, real=0.22 secs] 
6.614: [Full GC 6.614: [CMS: 4727K->6497K(2621440K), 0.3787140 secs] 304018K->6497K(4037056K), [CMS Perm : 35262K->35252K(35356K)], 0.3791920 secs] [Times: user=0.44 sys=0.01, real=0.38 secs] 
763.069: [GC 763.070: [ParNew: 1258368K->93915K(1415616K), 0.1425690 secs] 1264865K->100412K(4037056K), 0.1428770 secs] [Times: user=0.74 sys=0.16, real=0.14 secs] 
1204.934: [GC 1204.934: [ParNew: 1352283K->90312K(1415616K), 0.6635660 secs] 1358780K->147789K(4037056K), 0.6638790 secs] [Times: user=0.97 sys=0.14, real=0.66 secs] 
1462.019: [GC 1462.019: [ParNew: 1348680K->74190K(1415616K), 0.0729310 secs] 1406157K->131667K(4037056K), 0.0733100 secs] [Times: user=0.77 sys=0.00, real=0.07 secs] 
1769.531: [GC 1769.531: [ParNew: 1332558K->90326K(1415616K), 0.0917150 secs] 1390035K->147802K(4037056K), 0.0921560 secs] [Times: user=0.60 sys=0.05, real=0.10 secs] 
1956.158: [GC 1956.159: [ParNew: 1348694K->117196K(1415616K), 0.1126840 secs] 1406170K->174672K(4037056K), 0.1130190 secs] [Times: user=0.97 sys=0.03, real=0.11 secs] 
2119.184: [GC 2119.184: [ParNew: 1375564K->101888K(1415616K), 0.3940590 secs] 1433040K->187954K(4037056K), 0.3944230 secs] [Times: user=1.20 sys=0.10, real=0.39 secs] 
2321.958: [GC 2321.958: [ParNew: 1360256K->91214K(1415616K), 0.0712530 secs] 1446322K->177280K(4037056K), 0.0716260 secs] [Times: user=0.72 sys=0.01, real=0.07 secs] 
2490.955: [GC 2490.955: [ParNew: 1349582K->99074K(1415616K), 0.0742670 secs] 1435648K->185140K(4037056K), 0.0746230 secs] [Times: user=0.73 sys=0.00, real=0.08 secs] 
2670.746: [GC 2670.746: [ParNew: 1357442K->103000K(1415616K), 0.0777700 secs] 1443508K->189066K(4037056K), 0.0780560 secs] [Times: user=0.72 sys=0.00, real=0.08 secs] 
2829.892: [GC 2829.892: [ParNew: 1361368K->99136K(1415616K), 0.0957710 secs] 1447434K->185202K(4037056K), 0.0961510 secs] [Times: user=0.79 sys=0.02, real=0.10 secs] 
2982.057: [GC 2982.057: [ParNew: 1357504K->104713K(1415616K), 0.1114020 secs] 1443570K->190779K(4037056K), 0.1117510 secs] [Times: user=0.77 sys=0.01, real=0.11 secs] 
3130.209: [GC 3130.209: [ParNew: 1363081K->100325K(1415616K), 0.2237140 secs] 1449147K->186391K(4037056K), 0.2240660 secs] [Times: user=0.81 sys=0.04, real=0.23 secs] 
3273.946: [GC 3273.947: [ParNew: 1358693K->102844K(1415616K), 0.0957520 secs] 1444759K->188910K(4037056K), 0.0961120 secs] [Times: user=0.76 sys=0.02, real=0.10 secs] 
3409.764: [GC 3409.764: [ParNew: 1361212K->99367K(1415616K), 0.0894930 secs] 1447278K->185433K(4037056K), 0.0899000 secs] [Times: user=0.73 sys=0.00, real=0.09 secs] 
3535.319: [GC 3535.319: [ParNew: 1357735K->110481K(1415616K), 0.0902310 secs] 1443801K->196547K(4037056K), 0.0905710 secs] [Times: user=0.87 sys=0.02, real=0.09 secs] 
3651.962: [GC 3651.963: [ParNew: 1368849K->116329K(1415616K), 0.1060680 secs] 1454915K->202394K(4037056K), 0.1064260 secs] [Times: user=0.79 sys=0.01, real=0.10 secs] 
3790.018: [GC 3790.018: [ParNew: 1374697K->99429K(1415616K), 0.2404740 secs] 1460762K->185495K(4037056K), 0.2408330 secs] [Times: user=0.84 sys=0.04, real=0.24 secs] 
3916.060: [GC 3916.060: [ParNew: 1357797K->115329K(1415616K), 0.1687790 secs] 1443863K->201395K(4037056K), 0.1690770 secs] [Times: user=1.12 sys=0.14, real=0.17 secs] 
4057.542: [GC 4057.542: [ParNew: 1373697K->99242K(1415616K), 0.4231890 secs] 1459763K->209675K(4037056K), 0.4235780 secs] [Times: user=1.00 sys=0.05, real=0.42 secs] 
4195.039: [GC 4195.040: [ParNew: 1357610K->67961K(1415616K), 0.1331830 secs] 1468043K->178395K(4037056K), 0.1335530 secs] [Times: user=0.83 sys=0.16, real=0.13 secs] 
4321.969: [GC 4321.970: [ParNew: 1326329K->85386K(1415616K), 0.1460140 secs] 1436763K->195820K(4037056K), 0.1463690 secs] [Times: user=0.87 sys=0.22, real=0.14 secs] 
4451.978: [GC 4451.979: [ParNew: 1343754K->82712K(1415616K), 0.1042250 secs] 1454188K->193145K(4037056K), 0.1044860 secs] [Times: user=0.86 sys=0.10, real=0.10 secs] 
4597.158: [GC 4597.159: [ParNew: 1341080K->91165K(1415616K), 0.1946020 secs] 1451513K->201599K(4037056K), 0.1949380 secs] [Times: user=1.05 sys=0.28, real=0.20 secs] 
4735.550: [GC 4735.550: [ParNew: 1349533K->83174K(1415616K), 0.2214890 secs] 1459967K->193607K(4037056K), 0.2218410 secs] [Times: user=1.19 sys=0.35, real=0.22 secs] 
4870.188: [GC 4870.189: [ParNew: 1341542K->92829K(1415616K), 0.4388680 secs] 1451975K->203263K(4037056K), 0.4392290 secs] [Times: user=0.68 sys=0.07, real=0.44 secs] 
5000.006: [GC 5000.006: [ParNew: 1351197K->104081K(1415616K), 0.1775370 secs] 1461631K->214515K(4037056K), 0.1778360 secs] [Times: user=1.26 sys=0.16, real=0.18 secs] 
5140.752: [GC 5140.752: [ParNew: 1362449K->107033K(1415616K), 0.1895620 secs] 1472883K->217466K(4037056K), 0.1899390 secs] [Times: user=1.17 sys=0.24, real=0.19 secs] 
5269.146: [GC 5269.146: [ParNew: 1365401K->88714K(1415616K), 0.2182040 secs] 1475834K->199148K(4037056K), 0.2185200 secs] [Times: user=1.33 sys=0.29, real=0.22 secs] 
5381.958: [GC 5381.958: [ParNew: 1347082K->85929K(1415616K), 0.2417780 secs] 1457516K->196362K(4037056K), 0.2420910 secs] [Times: user=0.79 sys=0.06, real=0.24 secs] 
5525.776: [GC 5525.777: [ParNew: 1344297K->97597K(1415616K), 0.1559290 secs] 1454730K->208030K(4037056K), 0.1562460 secs] [Times: user=0.99 sys=0.19, real=0.16 secs] 
5667.963: [GC 5667.963: [ParNew: 1355965K->112385K(1415616K), 0.2165710 secs] 1466398K->222818K(4037056K), 0.2168920 secs] [Times: user=1.36 sys=0.32, real=0.22 secs] 
5803.189: [GC 5803.189: [ParNew: 1370753K->120412K(1415616K), 0.1932180 secs] 1481186K->230846K(4037056K), 0.1935830 secs] [Times: user=1.28 sys=0.28, real=0.20 secs] 
5944.156: [GC 5944.156: [ParNew: 1378780K->95661K(1415616K), 0.1472410 secs] 1489214K->206095K(4037056K), 0.1475310 secs] [Times: user=0.97 sys=0.13, real=0.15 secs] 
6078.562: [GC 6078.563: [ParNew: 1354029K->116102K(1415616K), 0.1706620 secs] 1464463K->226535K(4037056K), 0.1710580 secs] [Times: user=1.24 sys=0.18, real=0.18 secs] 
6283.165: [GC 6283.166: [ParNew: 1374470K->88129K(1415616K), 0.3969290 secs] 1484903K->215219K(4037056K), 0.3972530 secs] [Times: user=1.60 sys=0.41, real=0.40 secs] 
6449.292: [GC 6449.292: [ParNew: 1346497K->69007K(1415616K), 0.1072590 secs] 1473587K->196098K(4037056K), 0.1075950 secs] [Times: user=0.80 sys=0.11, real=0.11 secs] 
6610.184: [GC 6610.185: [ParNew: 1327375K->76739K(1415616K), 0.5281440 secs] 1454466K->203830K(4037056K), 0.5284890 secs] [Times: user=0.63 sys=0.10, real=0.53 secs] 
6763.225: [GC 6763.225: [ParNew: 1335107K->103533K(1415616K), 0.1191160 secs] 1462198K->230624K(4037056K), 0.1194950 secs] [Times: user=0.82 sys=0.08, real=0.12 secs] 
6941.053: [GC 6941.054: [ParNew: 1361901K->73130K(1415616K), 0.1206220 secs] 1488992K->200221K(4037056K), 0.1209470 secs] [Times: user=0.89 sys=0.14, real=0.12 secs] 
7083.562: [GC 7083.563: [ParNew: 1331498K->89084K(1415616K), 0.1438810 secs] 1458589K->216175K(4037056K), 0.1442160 secs] [Times: user=0.93 sys=0.11, real=0.14 secs] 
7232.154: [GC 7232.154: [ParNew: 1347452K->97527K(1415616K), 0.1202140 secs] 1474543K->224618K(4037056K), 0.1206410 secs] [Times: user=0.83 sys=0.08, real=0.12 secs] 
7416.984: [GC 7416.984: [ParNew: 1355895K->103213K(1415616K), 0.1672840 secs] 1482986K->230304K(4037056K), 0.1676600 secs] [Times: user=1.22 sys=0.18, real=0.17 secs] 
7588.823: [GC 7588.823: [ParNew: 1361581K->78061K(1415616K), 0.1587180 secs] 1488672K->205152K(4037056K), 0.1590910 secs] [Times: user=1.12 sys=0.17, real=0.16 secs] 
7755.760: [GC 7755.761: [ParNew: 1336429K->109603K(1415616K), 0.1145330 secs] 1463520K->236694K(4037056K), 0.1148620 secs] [Times: user=1.00 sys=0.07, real=0.11 secs] 
7930.111: [GC 7930.111: [ParNew: 1367971K->83900K(1415616K), 0.5044070 secs] 1495062K->210990K(4037056K), 0.5047560 secs] [Times: user=0.71 sys=0.04, real=0.50 secs] 
8110.063: [GC 8110.063: [ParNew: 1342268K->86783K(1415616K), 0.3950370 secs] 1469358K->213874K(4037056K), 0.3953240 secs] [Times: user=0.68 sys=0.05, real=0.39 secs] 
8259.727: [GC 8259.727: [ParNew: 1345151K->94989K(1415616K), 0.2685830 secs] 1472242K->222080K(4037056K), 0.2690690 secs] [Times: user=0.63 sys=0.00, real=0.26 secs] 
8435.555: [GC 8435.555: [ParNew: 1353357K->108709K(1415616K), 0.1737570 secs] 1480448K->235800K(4037056K), 0.1741350 secs] [Times: user=1.06 sys=0.17, real=0.18 secs] 
8619.485: [GC 8619.486: [ParNew: 1367077K->121658K(1415616K), 0.2302180 secs] 1494168K->248749K(4037056K), 0.2305430 secs] [Times: user=1.34 sys=0.33, real=0.23 secs] 
8772.549: [GC 8772.549: [ParNew: 1380026K->97577K(1415616K), 0.1402160 secs] 1507117K->224668K(4037056K), 0.1405890 secs] [Times: user=1.09 sys=0.11, real=0.14 secs] 
8937.955: [GC 8937.955: [ParNew: 1355854K->106052K(1415616K), 0.4253310 secs] 1482945K->250761K(4037056K), 0.4256510 secs] [Times: user=1.52 sys=0.38, real=0.43 secs] 
9041.974: [GC 9041.974: [ParNew: 1364420K->90844K(1415616K), 0.1345230 secs] 1509129K->235552K(4037056K), 0.1349090 secs] [Times: user=0.78 sys=0.02, real=0.14 secs] 
9163.453: [GC 9163.453: [ParNew: 1349212K->107061K(1415616K), 0.1039720 secs] 1493920K->251770K(4037056K), 0.1042830 secs] [Times: user=0.84 sys=0.01, real=0.10 secs] 
9282.155: [GC 9282.155: [ParNew: 1365429K->95134K(1415616K), 0.1224920 secs] 1510138K->239843K(4037056K), 0.1228350 secs] [Times: user=0.83 sys=0.07, real=0.13 secs] 
9400.276: [GC 9400.276: [ParNew: 1353502K->108040K(1415616K), 0.1719080 secs] 1498211K->252749K(4037056K), 0.1722210 secs] [Times: user=0.71 sys=0.02, real=0.17 secs] 
9448.201: [GC 9448.201: [ParNew: 1366408K->148337K(1415616K), 0.1647060 secs] 1511117K->293046K(4037056K), 0.1650280 secs] [Times: user=1.32 sys=0.04, real=0.17 secs] 
9456.159: [GC 9456.159: [ParNew: 1406705K->136749K(1415616K), 0.4470150 secs] 1551414K->322571K(4037056K), 0.4473380 secs] [Times: user=1.21 sys=0.20, real=0.45 secs] 
9457.678: [GC 9457.678: [ParNew: 1395117K->87814K(1415616K), 0.7179090 secs] 1580939K->324222K(4037056K), 0.7181640 secs] [Times: user=2.37 sys=0.06, real=0.72 secs] 
9459.224: [GC 9459.225: [ParNew: 1346182K->80995K(1415616K), 0.0567520 secs] 1582590K->317403K(4037056K), 0.0570510 secs] [Times: user=0.58 sys=0.01, real=0.06 secs] 
9460.985: [GC 9460.985: [ParNew: 1339363K->115376K(1415616K), 0.0909490 secs] 1575771K->351784K(4037056K), 0.0912350 secs] [Times: user=0.63 sys=0.01, real=0.10 secs] 
9462.193: [GC 9462.193: [ParNew: 1373744K->118339K(1415616K), 0.2511790 secs] 1610152K->372880K(4037056K), 0.2514440 secs] [Times: user=0.79 sys=0.03, real=0.25 secs] 
9464.964: [GC 9464.964: [ParNew: 1376707K->112700K(1415616K), 0.3459830 secs] 1631248K->385868K(4037056K), 0.3463310 secs] [Times: user=1.09 sys=0.04, real=0.35 secs] 
9466.763: [GC 9466.763: [ParNew: 1371068K->117652K(1415616K), 0.3432570 secs] 1644236K->409981K(4037056K), 0.3436040 secs] [Times: user=1.02 sys=0.03, real=0.35 secs] 
9468.430: [GC 9468.430: [ParNew: 1376020K->128769K(1415616K), 0.0835210 secs] 1668349K->421098K(4037056K), 0.0837850 secs] [Times: user=0.97 sys=0.01, real=0.08 secs] 
9470.200: [GC 9470.201: [ParNew: 1387137K->131963K(1415616K), 0.2262350 secs] 1679466K->438317K(4037056K), 0.2265820 secs] [Times: user=1.16 sys=0.05, real=0.22 secs] 
9473.008: [GC 9473.008: [ParNew: 1390331K->131972K(1415616K), 0.1853010 secs] 1696685K->447248K(4037056K), 0.1856440 secs] [Times: user=1.04 sys=0.04, real=0.18 secs] 
9475.185: [GC 9475.185: [ParNew: 1390340K->142424K(1415616K), 0.1785390 secs] 1705616K->464610K(4037056K), 0.1789120 secs] [Times: user=0.94 sys=0.02, real=0.18 secs] 
9476.387: [GC 9476.387: [ParNew: 1400792K->153461K(1415616K), 0.1755770 secs] 1722978K->485619K(4037056K), 0.1758160 secs] [Times: user=0.80 sys=0.02, real=0.18 secs] 
9477.711: [GC 9477.711: [ParNew: 1411829K->121400K(1415616K), 0.2269170 secs] 1743987K->466328K(4037056K), 0.2271630 secs] [Times: user=1.11 sys=0.03, real=0.23 secs] 
9479.032: [GC 9479.032: [ParNew: 1379768K->143819K(1415616K), 0.2474820 secs] 1724696K->502534K(4037056K), 0.2477370 secs] [Times: user=0.87 sys=0.03, real=0.25 secs] 
9480.014: [GC 9480.014: [ParNew: 1402187K->128230K(1415616K), 0.4919960 secs] 1760902K->522524K(4037056K), 0.4922590 secs] [Times: user=0.96 sys=0.04, real=0.49 secs] 
9481.516: [GC 9481.516: [ParNew: 1386598K->120525K(1415616K), 0.3383510 secs] 1780892K->533077K(4037056K), 0.3386890 secs] [Times: user=0.85 sys=0.04, real=0.34 secs] 
9482.915: [GC 9482.915: [ParNew: 1378893K->108640K(1415616K), 0.3875440 secs] 1791445K->541122K(4037056K), 0.3878920 secs] [Times: user=0.93 sys=0.04, real=0.39 secs] 
9490.953: [GC 9490.954: [ParNew: 1367008K->92500K(1415616K), 0.2369570 secs] 1799490K->524982K(4037056K), 0.2374190 secs] [Times: user=0.58 sys=0.02, real=0.24 secs] 
9504.051: [GC 9504.051: [ParNew: 1350868K->96969K(1415616K), 0.0712410 secs] 1783350K->529451K(4037056K), 0.0715480 secs] [Times: user=0.60 sys=0.00, real=0.08 secs] 
9506.028: [GC 9506.028: [ParNew: 1355337K->73255K(1415616K), 0.1806250 secs] 1787819K->505738K(4037056K), 0.1809100 secs] [Times: user=0.49 sys=0.01, real=0.18 secs] 
9508.041: [GC 9508.041: [ParNew: 1331623K->97753K(1415616K), 0.0684990 secs] 1764106K->530235K(4037056K), 0.0687720 secs] [Times: user=0.65 sys=0.01, real=0.07 secs] 
9512.113: [GC 9512.113: [ParNew: 1356121K->94867K(1415616K), 0.1290840 secs] 1788603K->527349K(4037056K), 0.1294740 secs] [Times: user=0.73 sys=0.01, real=0.13 secs] 
9520.792: [GC 9520.792: [ParNew: 1353235K->83533K(1415616K), 0.0797990 secs] 1785717K->516015K(4037056K), 0.0800870 secs] [Times: user=0.56 sys=0.00, real=0.08 secs] 
9524.374: [GC 9524.375: [ParNew: 1341901K->116671K(1415616K), 0.0779420 secs] 1774383K->549153K(4037056K), 0.0782780 secs] [Times: user=0.78 sys=0.01, real=0.07 secs] 
9526.182: [GC 9526.182: [ParNew: 1375039K->127897K(1415616K), 0.1176200 secs] 1807521K->560380K(4037056K), 0.1178690 secs] [Times: user=0.93 sys=0.04, real=0.12 secs] 
9528.252: [GC 9528.252: [ParNew: 1386265K->140202K(1415616K), 0.3616670 secs] 1818748K->590804K(4037056K), 0.3620170 secs] [Times: user=1.15 sys=0.04, real=0.37 secs] 
9529.597: [GC 9529.597: [ParNew: 1398570K->142642K(1415616K), 0.2255250 secs] 1849172K->607697K(4037056K), 0.2258490 secs] [Times: user=0.94 sys=0.03, real=0.22 secs] 
9531.315: [GC 9531.316: [ParNew: 1401010K->141133K(1415616K), 0.2412460 secs] 1866065K->622602K(4037056K), 0.2415890 secs] [Times: user=0.99 sys=0.03, real=0.24 secs] 
9532.410: [GC 9532.410: [ParNew: 1399501K->142358K(1415616K), 0.1969560 secs] 1880970K->633493K(4037056K), 0.1972310 secs] [Times: user=0.91 sys=0.04, real=0.20 secs] 
9533.490: [GC 9533.491: [ParNew: 1397801K->120446K(1415616K), 0.4829420 secs] 1888936K->647064K(4037056K), 0.4833080 secs] [Times: user=1.09 sys=0.09, real=0.48 secs] 
9534.919: [GC 9534.919: [ParNew: 1378814K->119459K(1415616K), 0.3517930 secs] 1905432K->664738K(4037056K), 0.3521010 secs] [Times: user=0.92 sys=0.03, real=0.35 secs] 
9536.046: [GC 9536.047: [ParNew: 1377827K->117224K(1415616K), 0.2924610 secs] 1923106K->682117K(4037056K), 0.2927330 secs] [Times: user=0.77 sys=0.02, real=0.29 secs] 
9537.261: [GC 9537.261: [ParNew: 1375592K->116666K(1415616K), 0.3364100 secs] 1940485K->701932K(4037056K), 0.3366540 secs] [Times: user=0.92 sys=0.03, real=0.34 secs] 
9538.527: [GC 9538.528: [ParNew: 1375034K->130224K(1415616K), 0.0899270 secs] 1960300K->715490K(4037056K), 0.0901850 secs] [Times: user=0.83 sys=0.00, real=0.09 secs] 
9539.699: [GC 9539.700: [ParNew: 1388592K->157248K(1415616K), 0.3424470 secs] 1973858K->761594K(4037056K), 0.3427290 secs] [Times: user=1.12 sys=0.04, real=0.34 secs] 
9544.552: [GC 9544.552: [ParNew: 1415616K->122988K(1415616K), 0.2861630 secs] 2019962K->740779K(4037056K), 0.2865320 secs] [Times: user=1.03 sys=0.03, real=0.29 secs] 
9545.641: [GC 9545.641: [ParNew: 1381356K->137393K(1415616K), 0.2790230 secs] 1999147K->769799K(4037056K), 0.2793120 secs] [Times: user=0.97 sys=0.02, real=0.28 secs] 
9546.799: [GC 9546.799: [ParNew: 1395761K->147217K(1415616K), 0.2589200 secs] 2028167K->791984K(4037056K), 0.2592410 secs] [Times: user=0.97 sys=0.03, real=0.26 secs] 
9547.948: [GC 9547.949: [ParNew: 1405586K->142123K(1415616K), 0.2261950 secs] 2050353K->801399K(4037056K), 0.2264780 secs] [Times: user=1.01 sys=0.03, real=0.22 secs] 
9548.177: [GC 9548.177: [ParNew: 148213K->131178K(1415616K), 0.2724030 secs] 807488K->811234K(4037056K), 0.2726440 secs] [Times: user=0.84 sys=0.04, real=0.27 secs] 
9548.451: [GC [1 CMS-initial-mark: 680055K(2621440K)] 811320K(4037056K), 0.1870140 secs] [Times: user=0.18 sys=0.00, real=0.19 secs] 
9548.639: [CMS-concurrent-mark-start]
9549.544: [CMS-concurrent-mark: 0.905/0.905 secs] [Times: user=3.99 sys=0.03, real=0.90 secs] 
9549.544: [CMS-concurrent-preclean-start]
9549.566: [CMS-concurrent-preclean: 0.022/0.022 secs] [Times: user=0.02 sys=0.00, real=0.02 secs] 
9549.566: [CMS-concurrent-abortable-preclean-start]
 CMS: abort preclean due to time 9554.606: [CMS-concurrent-abortable-preclean: 4.557/5.040 secs] [Times: user=4.58 sys=0.01, real=5.04 secs] 
9554.608: [GC[YG occupancy: 282702 K (1415616 K)]9554.608: [Rescan (parallel) , 0.6794310 secs]9555.287: [weak refs processing, 0.0008680 secs] [1 CMS-remark: 680055K(2621440K)] 962758K(4037056K), 0.6805450 secs] [Times: user=1.48 sys=0.86, real=0.68 secs] 
9555.289: [CMS-concurrent-sweep-start]
9556.396: [CMS-concurrent-sweep: 1.106/1.107 secs] [Times: user=1.13 sys=0.00, real=1.10 secs] 
9556.396: [CMS-concurrent-reset-start]
9556.420: [CMS-concurrent-reset: 0.024/0.024 secs] [Times: user=0.18 sys=0.01, real=0.03 secs] 
9558.076: [GC 9558.077: [ParNew: 1389546K->61723K(1415616K), 0.0746970 secs] 1799911K->472088K(4037056K), 0.0749340 secs] [Times: user=0.39 sys=0.01, real=0.08 secs] 
9558.764: [GC 9558.764: [ParNew: 1320091K->95739K(1415616K), 0.0489740 secs] 1730456K->506105K(4037056K), 0.0491960 secs] [Times: user=0.60 sys=0.01, real=0.05 secs] 
9559.474: [GC 9559.474: [ParNew: 1354107K->130706K(1415616K), 0.0690060 secs] 1764473K->541072K(4037056K), 0.0693070 secs] [Times: user=0.84 sys=0.01, real=0.07 secs] 
9560.282: [GC 9560.282: [ParNew: 1389074K->129738K(1415616K), 0.1584930 secs] 1799440K->564948K(4037056K), 0.1587280 secs] [Times: user=1.03 sys=0.01, real=0.16 secs] 
9561.099: [GC 9561.099: [ParNew: 1388106K->138052K(1415616K), 0.1540780 secs] 1823316K->595197K(4037056K), 0.1543700 secs] [Times: user=0.99 sys=0.02, real=0.15 secs] 
9561.984: [GC 9561.984: [ParNew: 1396420K->120730K(1415616K), 0.1482610 secs] 1853565K->603371K(4037056K), 0.1484860 secs] [Times: user=0.94 sys=0.01, real=0.15 secs] 
9563.144: [GC 9563.144: [ParNew: 1379098K->118336K(1415616K), 0.2159900 secs] 1861739K->622314K(4037056K), 0.2163640 secs] [Times: user=0.96 sys=0.00, real=0.22 secs] 
9564.694: [GC 9564.694: [ParNew: 1376704K->128083K(1415616K), 0.0872150 secs] 1880682K->632060K(4037056K), 0.0875070 secs] [Times: user=0.78 sys=0.00, real=0.09 secs] 
9566.408: [GC 9566.408: [ParNew: 1386451K->136315K(1415616K), 0.2898670 secs] 1890428K->659833K(4037056K), 0.2901940 secs] [Times: user=0.94 sys=0.01, real=0.28 secs] 
9567.431: [GC 9567.431: [ParNew: 1394683K->127948K(1415616K), 0.1778640 secs] 1918201K->673146K(4037056K), 0.1781860 secs] [Times: user=0.77 sys=0.01, real=0.18 secs] 
9568.284: [GC 9568.284: [ParNew: 1386316K->101692K(1415616K), 0.0792130 secs] 1931514K->646889K(4037056K), 0.0795260 secs] [Times: user=0.61 sys=0.01, real=0.08 secs] 
9572.174: [GC 9572.174: [ParNew: 1360060K->107580K(1415616K), 0.1322550 secs] 1905257K->661289K(4037056K), 0.1326230 secs] [Times: user=0.76 sys=0.01, real=0.13 secs] 
9579.939: [GC 9579.939: [ParNew: 1365948K->49981K(1415616K), 0.1050240 secs] 1919657K->603690K(4037056K), 0.1053040 secs] [Times: user=0.27 sys=0.00, real=0.11 secs] 
9582.567: [GC 9582.567: [ParNew: 1308349K->50094K(1415616K), 0.0512020 secs] 1862058K->603803K(4037056K), 0.0514750 secs] [Times: user=0.36 sys=0.00, real=0.05 secs] 
9584.124: [GC 9584.124: [ParNew: 1308462K->74964K(1415616K), 0.0825100 secs] 1862171K->628673K(4037056K), 0.0829050 secs] [Times: user=0.56 sys=0.02, real=0.08 secs] 
9585.720: [GC 9585.720: [ParNew: 1333332K->95578K(1415616K), 0.1041720 secs] 1887041K->649287K(4037056K), 0.1044510 secs] [Times: user=0.77 sys=0.01, real=0.11 secs] 
9587.177: [GC 9587.177: [ParNew: 1353946K->123353K(1415616K), 0.0904660 secs] 1907655K->677062K(4037056K), 0.0908270 secs] [Times: user=0.90 sys=0.01, real=0.09 secs] 
9591.025: [GC 9591.025: [ParNew: 1381721K->117232K(1415616K), 0.1632490 secs] 1935430K->684868K(4037056K), 0.1636160 secs] [Times: user=1.11 sys=0.01, real=0.16 secs] 
9601.949: [GC 9601.950: [ParNew: 1375600K->82567K(1415616K), 0.0821140 secs] 1943236K->655816K(4037056K), 0.0825150 secs] [Times: user=0.54 sys=0.01, real=0.08 secs] 
9610.374: [GC 9610.374: [ParNew: 1340935K->51501K(1415616K), 0.2200470 secs] 1914184K->624750K(4037056K), 0.2203880 secs] [Times: user=0.37 sys=0.00, real=0.22 secs] 
9620.105: [GC 9620.105: [ParNew: 1309869K->76047K(1415616K), 0.0803540 secs] 1883118K->649296K(4037056K), 0.0807010 secs] [Times: user=0.66 sys=0.00, real=0.08 secs] 
9625.657: [GC 9625.657: [ParNew: 1334415K->63325K(1415616K), 0.1067020 secs] 1907664K->636573K(4037056K), 0.1069440 secs] [Times: user=0.43 sys=0.00, real=0.10 secs] 
9626.678: [GC 9626.678: [ParNew: 1321693K->73522K(1415616K), 0.0582540 secs] 1894941K->646770K(4037056K), 0.0585450 secs] [Times: user=0.45 sys=0.01, real=0.06 secs] 
9628.964: [GC 9628.964: [ParNew: 1331890K->91995K(1415616K), 0.0660980 secs] 1905138K->665244K(4037056K), 0.0663730 secs] [Times: user=0.68 sys=0.00, real=0.07 secs] 
9633.860: [GC 9633.860: [ParNew: 1350363K->94551K(1415616K), 0.0700140 secs] 1923612K->667800K(4037056K), 0.0703170 secs] [Times: user=0.71 sys=0.00, real=0.07 secs] 
9641.223: [GC 9641.223: [ParNew: 1352919K->97617K(1415616K), 0.1120050 secs] 1926168K->670865K(4037056K), 0.1123720 secs] [Times: user=0.58 sys=0.01, real=0.11 secs] 
9647.835: [GC 9647.835: [ParNew: 1355985K->100743K(1415616K), 0.0892870 secs] 1929233K->673991K(4037056K), 0.0896720 secs] [Times: user=0.79 sys=0.01, real=0.09 secs] 
9660.332: [GC 9660.333: [ParNew: 1359111K->96829K(1415616K), 0.0835730 secs] 1932359K->670077K(4037056K), 0.0838980 secs] [Times: user=0.67 sys=0.01, real=0.08 secs] 
9670.144: [GC 9670.145: [ParNew: 1355197K->86503K(1415616K), 0.2825280 secs] 1928445K->659751K(4037056K), 0.2828390 secs] [Times: user=0.55 sys=0.02, real=0.28 secs] 
9680.865: [GC 9680.866: [ParNew: 1344871K->98000K(1415616K), 0.0927990 secs] 1918119K->671248K(4037056K), 0.0931410 secs] [Times: user=0.65 sys=0.01, real=0.09 secs] 
9685.728: [GC 9685.729: [ParNew: 1356368K->91965K(1415616K), 0.0842810 secs] 1929616K->665214K(4037056K), 0.0846560 secs] [Times: user=0.54 sys=0.01, real=0.09 secs] 
9687.076: [GC 9687.076: [ParNew: 1350333K->96318K(1415616K), 0.0836310 secs] 1923582K->669566K(4037056K), 0.0839850 secs] [Times: user=0.65 sys=0.01, real=0.08 secs] 
9689.466: [GC 9689.466: [ParNew: 1354630K->113113K(1415616K), 0.0895380 secs] 1927878K->686362K(4037056K), 0.0898480 secs] [Times: user=0.74 sys=0.00, real=0.09 secs] 
9696.912: [GC 9696.913: [ParNew: 1371481K->115697K(1415616K), 0.0889700 secs] 1944730K->688945K(4037056K), 0.0892620 secs] [Times: user=0.81 sys=0.03, real=0.09 secs] 
9702.629: [GC 9702.629: [ParNew: 1374065K->115954K(1415616K), 0.0859870 secs] 1947313K->689203K(4037056K), 0.0863350 secs] [Times: user=0.80 sys=0.01, real=0.09 secs] 
9711.680: [GC 9711.680: [ParNew: 1374322K->95324K(1415616K), 0.0720560 secs] 1947571K->668573K(4037056K), 0.0724480 secs] [Times: user=0.74 sys=0.00, real=0.07 secs] 
9722.536: [GC 9722.536: [ParNew: 1353692K->104646K(1415616K), 0.0798820 secs] 1926941K->677894K(4037056K), 0.0801890 secs] [Times: user=0.70 sys=0.01, real=0.09 secs] 
9730.757: [GC 9730.757: [ParNew: 1362692K->99898K(1415616K), 0.3181720 secs] 1935940K->673147K(4037056K), 0.3184690 secs] [Times: user=0.69 sys=0.01, real=0.31 secs] 
9739.978: [GC 9739.978: [ParNew: 1358266K->92502K(1415616K), 0.2028820 secs] 1931515K->695636K(4037056K), 0.2032090 secs] [Times: user=1.01 sys=0.02, real=0.21 secs] 
9745.494: [GC 9745.494: [ParNew: 1350870K->62142K(1415616K), 0.0780760 secs] 1954004K->665276K(4037056K), 0.0783920 secs] [Times: user=0.39 sys=0.01, real=0.08 secs] 
9746.528: [GC 9746.529: [ParNew: 1320510K->67294K(1415616K), 0.0675920 secs] 1923644K->670428K(4037056K), 0.0678490 secs] [Times: user=0.39 sys=0.01, real=0.07 secs] 
9749.054: [GC 9749.054: [ParNew: 1325662K->90433K(1415616K), 0.0588220 secs] 1928796K->693566K(4037056K), 0.0590800 secs] [Times: user=0.59 sys=0.01, real=0.06 secs] 
9753.459: [GC 9753.459: [ParNew: 1348801K->94821K(1415616K), 0.0566280 secs] 1951934K->697955K(4037056K), 0.0569330 secs] [Times: user=0.70 sys=0.01, real=0.06 secs] 
9761.028: [GC 9761.028: [ParNew: 1353189K->63941K(1415616K), 0.0697410 secs] 1956323K->667075K(4037056K), 0.0700310 secs] [Times: user=0.47 sys=0.01, real=0.07 secs] 
9766.958: [GC 9766.959: [ParNew: 1322309K->92165K(1415616K), 0.0811980 secs] 1925443K->695299K(4037056K), 0.0815360 secs] [Times: user=0.72 sys=0.01, real=0.08 secs] 
9775.764: [GC 9775.764: [ParNew: 1350586K->88107K(1415616K), 0.0643550 secs] 1953720K->691241K(4037056K), 0.0646290 secs] [Times: user=0.61 sys=0.00, real=0.06 secs] 
9775.844: [GC [1 CMS-initial-mark: 603133K(2621440K)] 691241K(4037056K), 0.1664990 secs] [Times: user=0.16 sys=0.00, real=0.16 secs] 
9776.011: [CMS-concurrent-mark-start]
9777.124: [CMS-concurrent-mark: 1.113/1.113 secs] [Times: user=4.29 sys=0.02, real=1.12 secs] 
9777.125: [CMS-concurrent-preclean-start]
9777.135: [CMS-concurrent-preclean: 0.010/0.010 secs] [Times: user=0.01 sys=0.00, real=0.01 secs] 
9777.135: [CMS-concurrent-abortable-preclean-start]
 CMS: abort preclean due to time 9782.171: [CMS-concurrent-abortable-preclean: 3.815/5.037 secs] [Times: user=3.83 sys=0.01, real=5.03 secs] 
9782.198: [GC[YG occupancy: 116741 K (1415616 K)]9782.198: [Rescan (parallel) , 0.0320940 secs]9782.230: [weak refs processing, 0.0000680 secs] [1 CMS-remark: 603133K(2621440K)] 719875K(4037056K), 0.0324240 secs] [Times: user=0.24 sys=0.01, real=0.03 secs] 
9782.231: [CMS-concurrent-sweep-start]
9783.213: [CMS-concurrent-sweep: 0.982/0.982 secs] [Times: user=0.99 sys=0.00, real=0.99 secs] 
9783.214: [CMS-concurrent-reset-start]
9783.246: [CMS-concurrent-reset: 0.033/0.033 secs] [Times: user=0.15 sys=0.03, real=0.03 secs] 
9784.597: [GC 9784.597: [ParNew: 1346475K->64960K(1415616K), 0.0488480 secs] 1841793K->560278K(4037056K), 0.0491890 secs] [Times: user=0.58 sys=0.01, real=0.05 secs] 
9790.982: [GC 9790.982: [ParNew: 1323328K->82069K(1415616K), 0.2053100 secs] 1818646K->577387K(4037056K), 0.2056260 secs] [Times: user=0.54 sys=0.02, real=0.21 secs] 
9799.990: [GC 9799.990: [ParNew: 1340437K->98794K(1415616K), 0.0847620 secs] 1835755K->594112K(4037056K), 0.0850740 secs] [Times: user=0.71 sys=0.00, real=0.08 secs] 
9805.443: [GC 9805.443: [ParNew: 1357162K->77746K(1415616K), 0.0912880 secs] 1852480K->573063K(4037056K), 0.0916970 secs] [Times: user=0.49 sys=0.01, real=0.09 secs] 
9806.350: [GC 9806.350: [ParNew: 1336114K->84799K(1415616K), 0.1087990 secs] 1831431K->580117K(4037056K), 0.1090780 secs] [Times: user=0.47 sys=0.00, real=0.11 secs] 
9808.348: [GC 9808.348: [ParNew: 1343167K->113505K(1415616K), 0.0809160 secs] 1838485K->608822K(4037056K), 0.0811790 secs] [Times: user=0.65 sys=0.01, real=0.08 secs] 
9811.897: [GC 9811.898: [ParNew: 1371873K->105192K(1415616K), 0.1263760 secs] 1867190K->600510K(4037056K), 0.1267270 secs] [Times: user=0.79 sys=0.02, real=0.12 secs] 
9819.347: [GC 9819.347: [ParNew: 1363560K->106153K(1415616K), 0.0774500 secs] 1858878K->601471K(4037056K), 0.0778120 secs] [Times: user=0.66 sys=0.01, real=0.08 secs] 
9824.539: [GC 9824.539: [ParNew: 1364521K->82938K(1415616K), 0.0901550 secs] 1859839K->578256K(4037056K), 0.0904700 secs] [Times: user=0.78 sys=0.01, real=0.09 secs] 
9835.101: [GC 9835.101: [ParNew: 1341306K->89210K(1415616K), 0.0662190 secs] 1836624K->584528K(4037056K), 0.0665490 secs] [Times: user=0.61 sys=0.01, real=0.06 secs] 
9844.816: [GC 9844.816: [ParNew: 1347578K->87396K(1415616K), 0.0903790 secs] 1842896K->582713K(4037056K), 0.0907460 secs] [Times: user=0.66 sys=0.01, real=0.09 secs] 
9851.818: [GC 9851.818: [ParNew: 1345764K->100024K(1415616K), 0.2566330 secs] 1841081K->595342K(4037056K), 0.2569720 secs] [Times: user=0.62 sys=0.00, real=0.26 secs] 
9863.804: [GC 9863.804: [ParNew: 1358392K->86485K(1415616K), 0.0851280 secs] 1853710K->581803K(4037056K), 0.0854590 secs] [Times: user=0.68 sys=0.00, real=0.08 secs] 
9865.928: [GC 9865.928: [ParNew: 1344853K->89840K(1415616K), 0.1566200 secs] 1840171K->585158K(4037056K), 0.1569140 secs] [Times: user=0.54 sys=0.01, real=0.16 secs] 
9867.953: [GC 9867.953: [ParNew: 1348208K->102337K(1415616K), 0.0814570 secs] 1843526K->597655K(4037056K), 0.0817830 secs] [Times: user=0.68 sys=0.01, real=0.08 secs] 
9870.427: [GC 9870.427: [ParNew: 1360705K->102398K(1415616K), 0.0590480 secs] 1856023K->597716K(4037056K), 0.0592980 secs] [Times: user=0.56 sys=0.00, real=0.06 secs] 
9879.130: [GC 9879.130: [ParNew: 1360766K->97657K(1415616K), 0.0719490 secs] 1856084K->592975K(4037056K), 0.0722590 secs] [Times: user=0.69 sys=0.01, real=0.07 secs] 
9885.925: [GC 9885.925: [ParNew: 1356025K->106980K(1415616K), 0.0906650 secs] 1851343K->602298K(4037056K), 0.0909940 secs] [Times: user=0.80 sys=0.02, real=0.10 secs] 
9898.414: [GC 9898.414: [ParNew: 1365348K->98817K(1415616K), 0.0789530 secs] 1860666K->594135K(4037056K), 0.0792560 secs] [Times: user=0.62 sys=0.01, real=0.08 secs] 
9909.065: [GC 9909.066: [ParNew: 1357185K->78016K(1415616K), 0.0599510 secs] 1852503K->573334K(4037056K), 0.0602770 secs] [Times: user=0.61 sys=0.01, real=0.06 secs] 
9917.643: [GC 9917.644: [ParNew: 1336384K->93755K(1415616K), 0.0757310 secs] 1831702K->589073K(4037056K), 0.0760950 secs] [Times: user=0.81 sys=0.01, real=0.08 secs] 
9925.442: [GC 9925.443: [ParNew: 1352123K->86423K(1415616K), 0.0560430 secs] 1847441K->581741K(4037056K), 0.0562970 secs] [Times: user=0.47 sys=0.00, real=0.05 secs] 
9926.943: [GC 9926.943: [ParNew: 1344791K->91640K(1415616K), 0.1363160 secs] 1840109K->586958K(4037056K), 0.1366520 secs] [Times: user=0.50 sys=0.01, real=0.13 secs] 
9929.492: [GC 9929.492: [ParNew: 1350008K->86880K(1415616K), 0.1226080 secs] 1845326K->582198K(4037056K), 0.1228570 secs] [Times: user=0.65 sys=0.01, real=0.12 secs] 
9937.104: [GC 9937.105: [ParNew: 1345248K->101639K(1415616K), 0.0908260 secs] 1840566K->596957K(4037056K), 0.0911780 secs] [Times: user=0.71 sys=0.01, real=0.09 secs] 
9944.147: [GC 9944.147: [ParNew: 1360007K->101743K(1415616K), 0.0780470 secs] 1855325K->597061K(4037056K), 0.0783650 secs] [Times: user=0.71 sys=0.02, real=0.08 secs] 
9955.406: [GC 9955.407: [ParNew: 1360111K->92591K(1415616K), 0.0635910 secs] 1855429K->587909K(4037056K), 0.0638570 secs] [Times: user=0.63 sys=0.00, real=0.06 secs] 
9966.508: [GC 9966.509: [ParNew: 1350959K->98058K(1415616K), 0.0944520 secs] 1846277K->593376K(4037056K), 0.0947930 secs] [Times: user=0.97 sys=0.03, real=0.09 secs] 
9975.322: [GC 9975.322: [ParNew: 1356426K->107199K(1415616K), 0.0850660 secs] 1851744K->602517K(4037056K), 0.0854030 secs] [Times: user=0.86 sys=0.01, real=0.09 secs] 
9985.576: [GC 9985.576: [ParNew: 1365567K->95416K(1415616K), 0.0917420 secs] 1860885K->590734K(4037056K), 0.0919710 secs] [Times: user=0.52 sys=0.01, real=0.10 secs] 
9987.111: [GC 9987.111: [ParNew: 1353784K->94877K(1415616K), 0.0853060 secs] 1849102K->590195K(4037056K), 0.0855830 secs] [Times: user=0.60 sys=0.01, real=0.08 secs] 
9989.868: [GC 9989.868: [ParNew: 1353245K->110060K(1415616K), 0.1013160 secs] 1848563K->605378K(4037056K), 0.1016710 secs] [Times: user=0.76 sys=0.00, real=0.10 secs] 
9999.400: [GC 9999.400: [ParNew: 1368428K->96910K(1415616K), 0.0700410 secs] 1863746K->592228K(4037056K), 0.0703710 secs] [Times: user=0.67 sys=0.00, real=0.07 secs] 
10007.139: [GC 10007.139: [ParNew: 1355278K->101451K(1415616K), 0.0947370 secs] 1850596K->596769K(4037056K), 0.0950630 secs] [Times: user=0.78 sys=0.01, real=0.09 secs] 
10017.759: [GC 10017.759: [ParNew: 1359819K->113773K(1415616K), 0.0926190 secs] 1855137K->609091K(4037056K), 0.0930050 secs] [Times: user=0.70 sys=0.05, real=0.10 secs] 
10028.774: [GC 10028.775: [ParNew: 1372141K->85924K(1415616K), 0.0778640 secs] 1867459K->581242K(4037056K), 0.0782200 secs] [Times: user=0.68 sys=0.01, real=0.08 secs] 
10036.792: [GC 10036.792: [ParNew: 1344292K->111788K(1415616K), 0.0963170 secs] 1839610K->607106K(4037056K), 0.0967100 secs] [Times: user=0.81 sys=0.01, real=0.10 secs] 
10045.351: [GC 10045.351: [ParNew: 1370156K->88130K(1415616K), 0.1211030 secs] 1865474K->583448K(4037056K), 0.1214270 secs] [Times: user=0.58 sys=0.00, real=0.12 secs] 
10046.710: [GC 10046.711: [ParNew: 1346498K->106840K(1415616K), 0.0803520 secs] 1841816K->602158K(4037056K), 0.0806760 secs] [Times: user=0.66 sys=0.00, real=0.08 secs] 
10049.385: [GC 10049.385: [ParNew: 1365208K->112345K(1415616K), 0.1006500 secs] 1860526K->607663K(4037056K), 0.1009040 secs] [Times: user=0.83 sys=0.01, real=0.10 secs] 
10056.216: [GC 10056.216: [ParNew: 1370713K->91645K(1415616K), 0.1775890 secs] 1866031K->612431K(4037056K), 0.1778870 secs] [Times: user=0.88 sys=0.02, real=0.17 secs] 
10062.928: [GC 10062.928: [ParNew: 1350013K->78633K(1415616K), 0.0727710 secs] 1870799K->599420K(4037056K), 0.0730730 secs] [Times: user=0.62 sys=0.01, real=0.07 secs] 
10071.363: [GC 10071.364: [ParNew: 1337001K->85885K(1415616K), 0.0656580 secs] 1857788K->606671K(4037056K), 0.0659810 secs] [Times: user=0.63 sys=0.01, real=0.07 secs] 
10079.805: [GC 10079.806: [ParNew: 1344253K->83345K(1415616K), 0.0730250 secs] 1865039K->604132K(4037056K), 0.0733530 secs] [Times: user=0.65 sys=0.01, real=0.08 secs] 
10085.293: [GC 10085.293: [ParNew: 1341713K->88260K(1415616K), 0.0738350 secs] 1862500K->609047K(4037056K), 0.0742130 secs] [Times: user=0.68 sys=0.02, real=0.07 secs] 
10090.924: [GC 10090.924: [ParNew: 1346553K->88198K(1415616K), 0.2737150 secs] 1867340K->608985K(4037056K), 0.2740060 secs] [Times: user=0.56 sys=0.03, real=0.27 secs] 
10095.834: [GC 10095.835: [ParNew: 1346566K->122326K(1415616K), 0.0747290 secs] 1867353K->643112K(4037056K), 0.0750500 secs] [Times: user=0.93 sys=0.01, real=0.07 secs] 
10102.351: [GC 10102.351: [ParNew: 1380694K->115741K(1415616K), 0.0914930 secs] 1901480K->640548K(4037056K), 0.0917970 secs] [Times: user=0.90 sys=0.01, real=0.09 secs] 
10105.653: [GC 10105.653: [ParNew: 1374109K->90316K(1415616K), 0.0752040 secs] 1898916K->615123K(4037056K), 0.0754850 secs] [Times: user=0.59 sys=0.00, real=0.07 secs] 
10107.102: [GC 10107.102: [ParNew: 1348684K->117982K(1415616K), 0.1012630 secs] 1873491K->642789K(4037056K), 0.1016270 secs] [Times: user=0.89 sys=0.01, real=0.10 secs] 
10109.251: [GC 10109.251: [ParNew: 1376350K->138606K(1415616K), 0.1802450 secs] 1901157K->671296K(4037056K), 0.1805990 secs] [Times: user=1.11 sys=0.01, real=0.19 secs] 
10112.192: [GC 10112.192: [ParNew: 1396974K->120598K(1415616K), 0.1444300 secs] 1929664K->661966K(4037056K), 0.1446630 secs] [Times: user=0.94 sys=0.02, real=0.14 secs] 
10117.045: [GC 10117.045: [ParNew: 1378966K->103162K(1415616K), 0.1281730 secs] 1920334K->652459K(4037056K), 0.1284920 secs] [Times: user=0.90 sys=0.01, real=0.13 secs] 
10121.613: [GC 10121.613: [ParNew: 1361530K->130721K(1415616K), 0.0900560 secs] 1910827K->680018K(4037056K), 0.0905140 secs] [Times: user=0.84 sys=0.01, real=0.10 secs] 
10125.786: [GC 10125.786: [ParNew: 1389089K->129847K(1415616K), 0.1361860 secs] 1938386K->686024K(4037056K), 0.1365490 secs] [Times: user=1.03 sys=0.04, real=0.13 secs] 
10130.989: [GC 10130.989: [ParNew: 1388215K->116064K(1415616K), 0.0920300 secs] 1944392K->676261K(4037056K), 0.0923920 secs] [Times: user=0.91 sys=0.01, real=0.09 secs] 
10136.113: [GC 10136.113: [ParNew: 1374432K->114194K(1415616K), 0.0923660 secs] 1934629K->674390K(4037056K), 0.0926910 secs] [Times: user=0.84 sys=0.02, real=0.10 secs] 
10140.425: [GC 10140.426: [ParNew: 1372562K->122511K(1415616K), 0.0812940 secs] 1932758K->682707K(4037056K), 0.0816520 secs] [Times: user=0.86 sys=0.01, real=0.08 secs] 
10145.188: [GC 10145.189: [ParNew: 1380879K->136996K(1415616K), 0.0893130 secs] 1941075K->702522K(4037056K), 0.0896900 secs] [Times: user=1.03 sys=0.01, real=0.09 secs] 
10150.252: [GC 10150.252: [ParNew: 1395364K->120161K(1415616K), 0.3161030 secs] 1960890K->697733K(4037056K), 0.3164590 secs] [Times: user=0.81 sys=0.03, real=0.32 secs] 
10154.829: [GC 10154.829: [ParNew: 1378529K->119426K(1415616K), 0.1228680 secs] 1956101K->702660K(4037056K), 0.1232030 secs] [Times: user=0.96 sys=0.01, real=0.12 secs] 
10163.230: [GC 10163.231: [ParNew: 1377794K->122481K(1415616K), 0.0813020 secs] 1961028K->708503K(4037056K), 0.0816780 secs] [Times: user=0.83 sys=0.01, real=0.08 secs] 
10165.696: [GC 10165.696: [ParNew: 1380849K->98404K(1415616K), 0.0883470 secs] 1966871K->684426K(4037056K), 0.0886720 secs] [Times: user=0.60 sys=0.01, real=0.09 secs] 
10168.108: [GC 10168.109: [ParNew: 1356772K->116852K(1415616K), 0.1174460 secs] 1942794K->702874K(4037056K), 0.1177780 secs] [Times: user=0.91 sys=0.01, real=0.11 secs] 
10169.899: [GC 10169.900: [ParNew: 1375220K->141415K(1415616K), 0.3118210 secs] 1961242K->736174K(4037056K), 0.3121410 secs] [Times: user=1.00 sys=0.06, real=0.31 secs] 
10172.438: [GC 10172.438: [ParNew: 1399783K->136559K(1415616K), 0.1160270 secs] 1994542K->741703K(4037056K), 0.1162660 secs] [Times: user=0.77 sys=0.00, real=0.12 secs] 
10178.778: [GC 10178.779: [ParNew: 1394927K->105909K(1415616K), 0.1491570 secs] 2000071K->728356K(4037056K), 0.1495200 secs] [Times: user=0.98 sys=0.01, real=0.15 secs] 
10182.402: [GC 10182.402: [ParNew: 1364277K->98195K(1415616K), 0.0550420 secs] 1986724K->720642K(4037056K), 0.0553890 secs] [Times: user=0.61 sys=0.01, real=0.05 secs] 
10188.029: [GC 10188.030: [ParNew: 1356563K->118552K(1415616K), 0.0855430 secs] 1979010K->740999K(4037056K), 0.0859380 secs] [Times: user=0.79 sys=0.01, real=0.09 secs] 
10194.558: [GC 10194.558: [ParNew: 1376920K->110786K(1415616K), 0.0708830 secs] 1999367K->733233K(4037056K), 0.0712280 secs] [Times: user=0.76 sys=0.00, real=0.07 secs] 
10200.202: [GC 10200.203: [ParNew: 1369154K->118387K(1415616K), 0.0750060 secs] 1991601K->740834K(4037056K), 0.0753530 secs] [Times: user=0.84 sys=0.02, real=0.07 secs] 
10204.596: [GC 10204.596: [ParNew: 1376755K->115871K(1415616K), 0.0847500 secs] 1999202K->738318K(4037056K), 0.0850970 secs] [Times: user=0.91 sys=0.02, real=0.08 secs] 
10209.786: [GC 10209.786: [ParNew: 1374239K->121466K(1415616K), 0.1228920 secs] 1996686K->749920K(4037056K), 0.1232220 secs] [Times: user=1.02 sys=0.01, real=0.12 secs] 
10213.290: [GC 10213.290: [ParNew: 1379834K->138848K(1415616K), 0.1356650 secs] 2008288K->773969K(4037056K), 0.1359880 secs] [Times: user=1.14 sys=0.02, real=0.14 secs] 
10219.878: [GC 10219.879: [ParNew: 1397216K->116058K(1415616K), 0.2078560 secs] 2032337K->764969K(4037056K), 0.2082200 secs] [Times: user=1.07 sys=0.02, real=0.21 secs] 
10224.861: [GC 10224.861: [ParNew: 1374426K->97652K(1415616K), 0.2197460 secs] 2023337K->748612K(4037056K), 0.2201270 secs] [Times: user=0.77 sys=0.02, real=0.22 secs] 
10226.178: [GC 10226.178: [ParNew: 1356020K->109338K(1415616K), 0.1085930 secs] 2006980K->760297K(4037056K), 0.1090050 secs] [Times: user=0.62 sys=0.00, real=0.11 secs] 
10227.563: [GC 10227.563: [ParNew: 1367706K->112397K(1415616K), 0.0863210 secs] 2018665K->766181K(4037056K), 0.0866290 secs] [Times: user=0.81 sys=0.01, real=0.09 secs] 
10229.311: [GC 10229.311: [ParNew: 1370765K->121642K(1415616K), 0.0786240 secs] 2024549K->775426K(4037056K), 0.0790680 secs] [Times: user=0.88 sys=0.01, real=0.08 secs] 
10233.072: [GC 10233.072: [ParNew: 1380010K->123856K(1415616K), 0.1383230 secs] 2033794K->784915K(4037056K), 0.1385860 secs] [Times: user=1.04 sys=0.01, real=0.14 secs] 
10238.231: [GC 10238.231: [ParNew: 1382224K->98917K(1415616K), 0.0888000 secs] 2043283K->765713K(4037056K), 0.0891010 secs] [Times: user=0.85 sys=0.01, real=0.09 secs] 
10242.544: [GC 10242.544: [ParNew: 1357285K->110872K(1415616K), 0.0799800 secs] 2024081K->777667K(4037056K), 0.0803400 secs] [Times: user=0.85 sys=0.01, real=0.08 secs] 
10249.965: [GC 10249.965: [ParNew: 1369240K->106696K(1415616K), 0.1113490 secs] 2036035K->778421K(4037056K), 0.1116420 secs] [Times: user=0.89 sys=0.00, real=0.11 secs] 
10258.584: [GC 10258.584: [ParNew: 1365064K->83155K(1415616K), 0.0582240 secs] 2036789K->754881K(4037056K), 0.0585680 secs] [Times: user=0.72 sys=0.01, real=0.06 secs] 
10265.170: [GC 10265.170: [ParNew: 1341523K->127007K(1415616K), 0.0749160 secs] 2013249K->798732K(4037056K), 0.0753080 secs] [Times: user=0.86 sys=0.01, real=0.07 secs] 
10270.791: [GC 10270.792: [ParNew: 1385375K->132950K(1415616K), 0.1585600 secs] 2057100K->804675K(4037056K), 0.1588630 secs] [Times: user=0.75 sys=0.00, real=0.15 secs] 
10275.797: [GC 10275.797: [ParNew: 1391318K->134629K(1415616K), 0.2038540 secs] 2063043K->823400K(4037056K), 0.2109140 secs] [Times: user=1.11 sys=0.04, real=0.21 secs] 
10281.867: [GC 10281.867: [ParNew: 1392997K->91746K(1415616K), 0.1458260 secs] 2081768K->790948K(4037056K), 0.1461380 secs] [Times: user=0.93 sys=0.01, real=0.15 secs] 
10285.428: [GC 10285.428: [ParNew: 1350114K->100116K(1415616K), 0.2126070 secs] 2049316K->799318K(4037056K), 0.2129560 secs] [Times: user=0.64 sys=0.03, real=0.21 secs] 
10286.618: [GC 10286.618: [ParNew: 1358484K->126008K(1415616K), 0.0963520 secs] 2057686K->830316K(4037056K), 0.0966020 secs] [Times: user=0.64 sys=0.01, real=0.10 secs] 
10288.084: [GC 10288.084: [ParNew: 1384376K->120452K(1415616K), 0.1064010 secs] 2088684K->827810K(4037056K), 0.1067250 secs] [Times: user=0.86 sys=0.02, real=0.10 secs] 
10289.593: [GC 10289.594: [ParNew: 1378820K->122727K(1415616K), 0.0972970 secs] 2086178K->833831K(4037056K), 0.0976400 secs] [Times: user=0.83 sys=0.00, real=0.09 secs] 
10292.157: [GC 10292.157: [ParNew: 1381095K->133236K(1415616K), 0.1587900 secs] 2092199K->854762K(4037056K), 0.1591220 secs] [Times: user=1.08 sys=0.01, real=0.16 secs] 
10295.913: [GC 10295.913: [ParNew: 1391604K->113002K(1415616K), 0.2131650 secs] 2113130K->846450K(4037056K), 0.2135340 secs] [Times: user=0.97 sys=0.03, real=0.21 secs] 
10299.327: [GC 10299.327: [ParNew: 1371370K->119709K(1415616K), 0.1244470 secs] 2104818K->853158K(4037056K), 0.1248830 secs] [Times: user=0.88 sys=0.01, real=0.12 secs] 
10301.229: [GC 10301.230: [ParNew: 1378077K->111705K(1415616K), 0.0815200 secs] 2111526K->845154K(4037056K), 0.0817360 secs] [Times: user=0.73 sys=0.01, real=0.08 secs] 
10303.553: [GC 10303.553: [ParNew: 1370073K->115934K(1415616K), 0.2771710 secs] 2103522K->866704K(4037056K), 0.2774980 secs] [Times: user=1.19 sys=0.04, real=0.28 secs] 
10306.966: [GC 10306.966: [ParNew: 1374302K->124744K(1415616K), 0.2272860 secs] 2125072K->885374K(4037056K), 0.2276130 secs] [Times: user=1.01 sys=0.02, real=0.22 secs] 
10309.568: [GC 10309.568: [ParNew: 1383112K->128200K(1415616K), 0.1617900 secs] 2143742K->895928K(4037056K), 0.1620910 secs] [Times: user=0.90 sys=0.02, real=0.16 secs] 
10312.199: [GC 10312.199: [ParNew: 1386568K->102517K(1415616K), 0.2602160 secs] 2154296K->882511K(4037056K), 0.2605340 secs] [Times: user=0.92 sys=0.03, real=0.26 secs] 
10315.376: [GC 10315.376: [ParNew: 1360885K->112234K(1415616K), 0.0705240 secs] 2140879K->892228K(4037056K), 0.0708330 secs] [Times: user=0.74 sys=0.00, real=0.07 secs] 
10318.777: [GC 10318.777: [ParNew: 1370602K->125963K(1415616K), 0.0966410 secs] 2150596K->905957K(4037056K), 0.0970170 secs] [Times: user=0.86 sys=0.03, real=0.09 secs] 
10321.313: [GC 10321.313: [ParNew: 1384331K->117588K(1415616K), 0.1038810 secs] 2164325K->897582K(4037056K), 0.1042450 secs] [Times: user=0.91 sys=0.01, real=0.11 secs] 
10329.175: [GC 10329.175: [ParNew: 1375956K->85069K(1415616K), 0.1577720 secs] 2155950K->870675K(4037056K), 0.1581290 secs] [Times: user=0.75 sys=0.02, real=0.16 secs] 
10335.378: [GC 10335.379: [ParNew: 1343437K->115031K(1415616K), 0.0685540 secs] 2129043K->900637K(4037056K), 0.0689040 secs] [Times: user=0.76 sys=0.01, real=0.07 secs] 
10345.475: [GC 10345.475: [ParNew: 1373399K->70728K(1415616K), 0.1130300 secs] 2159005K->856334K(4037056K), 0.1133380 secs] [Times: user=0.45 sys=0.02, real=0.11 secs] 
10346.895: [GC 10346.895: [ParNew: 1329096K->89414K(1415616K), 0.0786560 secs] 2114702K->875020K(4037056K), 0.0790050 secs] [Times: user=0.59 sys=0.01, real=0.08 secs] 
10349.258: [GC 10349.258: [ParNew: 1347782K->98088K(1415616K), 0.0864170 secs] 2133388K->883693K(4037056K), 0.0867340 secs] [Times: user=0.69 sys=0.01, real=0.09 secs] 
10356.099: [GC 10356.099: [ParNew: 1356456K->106355K(1415616K), 0.0876350 secs] 2142061K->891960K(4037056K), 0.0879720 secs] [Times: user=0.75 sys=0.01, real=0.09 secs] 
10362.480: [GC 10362.480: [ParNew: 1364723K->106900K(1415616K), 0.0755390 secs] 2150328K->892506K(4037056K), 0.0757970 secs] [Times: user=0.64 sys=0.01, real=0.08 secs] 
10374.985: [GC 10374.985: [ParNew: 1365268K->99377K(1415616K), 0.0893540 secs] 2150874K->884982K(4037056K), 0.0897110 secs] [Times: user=0.73 sys=0.01, real=0.09 secs] 
10385.241: [GC 10385.241: [ParNew: 1357745K->117951K(1415616K), 0.0720160 secs] 2143350K->903556K(4037056K), 0.0723620 secs] [Times: user=0.83 sys=0.01, real=0.08 secs] 
10392.822: [GC 10392.822: [ParNew: 1376319K->129351K(1415616K), 0.0798430 secs] 2161924K->914957K(4037056K), 0.0801970 secs] [Times: user=0.86 sys=0.00, real=0.08 secs] 
10404.960: [GC 10404.960: [ParNew: 1387719K->107549K(1415616K), 0.5661560 secs] 2173325K->911080K(4037056K), 0.5665370 secs] [Times: user=0.75 sys=0.03, real=0.57 secs] 
10406.605: [GC 10406.605: [ParNew: 1365917K->85716K(1415616K), 0.1047200 secs] 2169448K->889247K(4037056K), 0.1050240 secs] [Times: user=0.55 sys=0.01, real=0.11 secs] 
10408.950: [GC 10408.950: [ParNew: 1344084K->103529K(1415616K), 0.0854500 secs] 2147615K->907059K(4037056K), 0.0857800 secs] [Times: user=0.73 sys=0.00, real=0.08 secs] 
10412.340: [GC 10412.341: [ParNew: 1361897K->122565K(1415616K), 0.1038730 secs] 2165427K->926096K(4037056K), 0.1043000 secs] [Times: user=0.71 sys=0.01, real=0.10 secs] 
10420.504: [GC 10420.504: [ParNew: 1380933K->90979K(1415616K), 0.3308960 secs] 2184464K->918730K(4037056K), 0.3311770 secs] [Times: user=0.62 sys=0.03, real=0.33 secs] 
10429.408: [GC 10429.408: [ParNew: 1349253K->59639K(1415616K), 0.0635370 secs] 2177005K->887391K(4037056K), 0.0637600 secs] [Times: user=0.53 sys=0.01, real=0.07 secs] 
10441.510: [GC 10441.510: [ParNew: 1318007K->61266K(1415616K), 0.0612160 secs] 2145759K->889017K(4037056K), 0.0615710 secs] [Times: user=0.44 sys=0.00, real=0.06 secs] 
10451.036: [GC 10451.036: [ParNew: 1319634K->48149K(1415616K), 0.1666360 secs] 2147385K->875901K(4037056K), 0.1669880 secs] [Times: user=0.34 sys=0.04, real=0.17 secs] 
10463.880: [GC 10463.880: [ParNew: 1306517K->50209K(1415616K), 0.0558490 secs] 2134269K->877961K(4037056K), 0.0561580 secs] [Times: user=0.38 sys=0.01, real=0.06 secs] 
10466.179: [GC 10466.179: [ParNew: 1308577K->60695K(1415616K), 0.0681930 secs] 2136329K->888446K(4037056K), 0.0684840 secs] [Times: user=0.35 sys=0.01, real=0.07 secs] 
10469.044: [GC 10469.044: [ParNew: 1319063K->56413K(1415616K), 0.0574850 secs] 2146814K->884164K(4037056K), 0.0578320 secs] [Times: user=0.50 sys=0.00, real=0.05 secs] 
10474.330: [GC 10474.331: [ParNew: 1314781K->71480K(1415616K), 0.0775640 secs] 2142532K->899231K(4037056K), 0.0779530 secs] [Times: user=0.56 sys=0.01, real=0.08 secs] 
10481.507: [GC 10481.507: [ParNew: 1329848K->59900K(1415616K), 0.0922200 secs] 2157599K->887652K(4037056K), 0.0925250 secs] [Times: user=0.48 sys=0.01, real=0.09 secs] 
10490.290: [GC 10490.290: [ParNew: 1318268K->73575K(1415616K), 0.0715580 secs] 2146020K->901327K(4037056K), 0.0719260 secs] [Times: user=0.53 sys=0.00, real=0.07 secs] 
10502.280: [GC 10502.280: [ParNew: 1331943K->70190K(1415616K), 0.0534630 secs] 2159695K->897941K(4037056K), 0.0538310 secs] [Times: user=0.45 sys=0.00, real=0.05 secs] 
10510.869: [GC 10510.869: [ParNew: 1328558K->60884K(1415616K), 0.1899960 secs] 2156309K->888636K(4037056K), 0.1903630 secs] [Times: user=0.43 sys=0.03, real=0.19 secs] 
10522.150: [GC 10522.150: [ParNew: 1319252K->63765K(1415616K), 0.0570800 secs] 2147004K->891516K(4037056K), 0.0573730 secs] [Times: user=0.44 sys=0.00, real=0.05 secs] 
10525.677: [GC 10525.677: [ParNew: 1322133K->52157K(1415616K), 0.0557930 secs] 2149884K->879909K(4037056K), 0.0560290 secs] [Times: user=0.36 sys=0.00, real=0.06 secs] 
10528.706: [GC 10528.706: [ParNew: 1310525K->69258K(1415616K), 0.0753990 secs] 2138277K->897010K(4037056K), 0.0757970 secs] [Times: user=0.54 sys=0.01, real=0.08 secs] 
10532.185: [GC 10532.185: [ParNew: 1327626K->72725K(1415616K), 0.0945460 secs] 2155378K->900477K(4037056K), 0.0948990 secs] [Times: user=0.58 sys=0.01, real=0.10 secs] 
10541.088: [GC 10541.089: [ParNew: 1331093K->64419K(1415616K), 0.0968280 secs] 2158845K->892171K(4037056K), 0.0971520 secs] [Times: user=0.48 sys=0.01, real=0.10 secs] 
10548.717: [GC 10548.718: [ParNew: 1322787K->71636K(1415616K), 0.0852240 secs] 2150539K->899387K(4037056K), 0.0855510 secs] [Times: user=0.54 sys=0.00, real=0.09 secs] 
10559.966: [GC 10559.966: [ParNew: 1330004K->50319K(1415616K), 0.0428860 secs] 2157755K->878070K(4037056K), 0.0432420 secs] [Times: user=0.43 sys=0.00, real=0.04 secs] 
10570.307: [GC 10570.307: [ParNew: 1308687K->59332K(1415616K), 0.1005090 secs] 2136438K->887083K(4037056K), 0.1007740 secs] [Times: user=0.36 sys=0.02, real=0.10 secs] 
10581.060: [GC 10581.060: [ParNew: 1317700K->63734K(1415616K), 0.0447340 secs] 2145451K->891486K(4037056K), 0.0450330 secs] [Times: user=0.43 sys=0.01, real=0.04 secs] 
10585.843: [GC 10585.844: [ParNew: 1322102K->55287K(1415616K), 0.0824040 secs] 2149854K->883038K(4037056K), 0.0827250 secs] [Times: user=0.37 sys=0.01, real=0.09 secs] 
10588.242: [GC 10588.242: [ParNew: 1313655K->66992K(1415616K), 0.0592780 secs] 2141406K->894743K(4037056K), 0.0595540 secs] [Times: user=0.50 sys=0.01, real=0.06 secs] 
10592.777: [GC 10592.777: [ParNew: 1325360K->76978K(1415616K), 0.0508990 secs] 2153111K->904729K(4037056K), 0.0512330 secs] [Times: user=0.54 sys=0.01, real=0.05 secs] 
10601.264: [GC 10601.265: [ParNew: 1335346K->77700K(1415616K), 0.0690100 secs] 2163097K->905451K(4037056K), 0.0694160 secs] [Times: user=0.44 sys=0.01, real=0.07 secs] 
10609.980: [GC 10609.980: [ParNew: 1336068K->82094K(1415616K), 0.0600270 secs] 2163819K->909846K(4037056K), 0.0604330 secs] [Times: user=0.59 sys=0.00, real=0.06 secs] 
10622.974: [GC 10622.975: [ParNew: 1340462K->62151K(1415616K), 0.0718520 secs] 2168214K->889902K(4037056K), 0.0722240 secs] [Times: user=0.44 sys=0.01, real=0.07 secs] 
10630.551: [GC 10630.551: [ParNew: 1320519K->63693K(1415616K), 0.2237020 secs] 2148270K->891444K(4037056K), 0.2241690 secs] [Times: user=0.42 sys=0.00, real=0.23 secs] 
10641.188: [GC 10641.188: [ParNew: 1322061K->65894K(1415616K), 0.0710890 secs] 2149812K->893645K(4037056K), 0.0714780 secs] [Times: user=0.47 sys=0.00, real=0.07 secs] 
10645.660: [GC 10645.660: [ParNew: 1324262K->55922K(1415616K), 0.2353250 secs] 2152013K->883673K(4037056K), 0.2357240 secs] [Times: user=0.41 sys=0.01, real=0.24 secs] 
10648.105: [GC 10648.105: [ParNew: 1314290K->81949K(1415616K), 0.0880330 secs] 2142041K->909701K(4037056K), 0.0884000 secs] [Times: user=0.58 sys=0.01, real=0.08 secs] 
10650.659: [GC 10650.660: [ParNew: 1340317K->84719K(1415616K), 0.0711210 secs] 2168069K->912470K(4037056K), 0.0714190 secs] [Times: user=0.50 sys=0.01, real=0.07 secs] 
10657.450: [GC 10657.450: [ParNew: 1343087K->93073K(1415616K), 0.0779120 secs] 2170838K->920824K(4037056K), 0.0782730 secs] [Times: user=0.67 sys=0.01, real=0.08 secs] 
10664.983: [GC 10664.983: [ParNew: 1351441K->83909K(1415616K), 0.0713300 secs] 2179192K->911660K(4037056K), 0.0716610 secs] [Times: user=0.68 sys=0.00, real=0.07 secs] 
10675.008: [GC 10675.009: [ParNew: 1342277K->65958K(1415616K), 0.0599370 secs] 2170028K->893709K(4037056K), 0.0602570 secs] [Times: user=0.48 sys=0.01, real=0.06 secs] 
10684.272: [GC 10684.272: [ParNew: 1324326K->66916K(1415616K), 0.0485270 secs] 2152077K->894667K(4037056K), 0.0488120 secs] [Times: user=0.45 sys=0.01, real=0.05 secs] 
10691.335: [GC 10691.336: [ParNew: 1325284K->58248K(1415616K), 0.1376440 secs] 2153035K->886000K(4037056K), 0.1379320 secs] [Times: user=0.40 sys=0.03, real=0.14 secs] 
10704.567: [GC 10704.567: [ParNew: 1316616K->52073K(1415616K), 0.0453450 secs] 2144368K->879825K(4037056K), 0.0457030 secs] [Times: user=0.38 sys=0.00, real=0.05 secs] 
10706.323: [GC 10706.323: [ParNew: 1310441K->54414K(1415616K), 0.1375440 secs] 2138193K->882166K(4037056K), 0.1378810 secs] [Times: user=0.36 sys=0.00, real=0.14 secs] 
10709.111: [GC 10709.112: [ParNew: 1312782K->66767K(1415616K), 0.1000620 secs] 2140534K->894518K(4037056K), 0.1003990 secs] [Times: user=0.59 sys=0.02, real=0.10 secs] 
10715.889: [GC 10715.890: [ParNew: 1325135K->79752K(1415616K), 0.1281620 secs] 2152886K->907504K(4037056K), 0.1285080 secs] [Times: user=0.54 sys=0.01, real=0.13 secs] 
10722.197: [GC 10722.197: [ParNew: 1338120K->60486K(1415616K), 0.0577920 secs] 2165872K->888238K(4037056K), 0.0581440 secs] [Times: user=0.51 sys=0.00, real=0.06 secs] 
10732.801: [GC 10732.801: [ParNew: 1318854K->54485K(1415616K), 0.0538330 secs] 2146606K->882237K(4037056K), 0.0542430 secs] [Times: user=0.45 sys=0.01, real=0.06 secs] 
10744.174: [GC 10744.175: [ParNew: 1312853K->71334K(1415616K), 0.0617180 secs] 2140605K->899085K(4037056K), 0.0620670 secs] [Times: user=0.61 sys=0.01, real=0.07 secs] 
10751.051: [GC 10751.051: [ParNew: 1329702K->66513K(1415616K), 0.1368330 secs] 2157453K->894264K(4037056K), 0.1371300 secs] [Times: user=0.48 sys=0.01, real=0.14 secs] 
10761.230: [GC 10761.230: [ParNew: 1324881K->70404K(1415616K), 0.0525540 secs] 2152632K->898156K(4037056K), 0.0529300 secs] [Times: user=0.48 sys=0.00, real=0.05 secs] 
10765.916: [GC 10765.916: [ParNew: 1328772K->51863K(1415616K), 0.0566830 secs] 2156524K->879614K(4037056K), 0.0569330 secs] [Times: user=0.38 sys=0.01, real=0.06 secs] 
10768.114: [GC 10768.114: [ParNew: 1310231K->59439K(1415616K), 0.0646570 secs] 2137982K->887190K(4037056K), 0.0648870 secs] [Times: user=0.48 sys=0.01, real=0.07 secs] 
10771.923: [GC 10771.923: [ParNew: 1317807K->64378K(1415616K), 0.2059890 secs] 2145558K->892130K(4037056K), 0.2063220 secs] [Times: user=0.52 sys=0.04, real=0.21 secs] 
10780.505: [GC 10780.506: [ParNew: 1322746K->64467K(1415616K), 0.1024330 secs] 2150498K->892218K(4037056K), 0.1027630 secs] [Times: user=0.44 sys=0.02, real=0.10 secs] 
10788.963: [GC 10788.963: [ParNew: 1322835K->71474K(1415616K), 0.0793600 secs] 2150586K->899225K(4037056K), 0.0797300 secs] [Times: user=0.54 sys=0.00, real=0.08 secs] 
10801.403: [GC 10801.403: [ParNew: 1329842K->55839K(1415616K), 0.0545890 secs] 2157593K->883590K(4037056K), 0.0548930 secs] [Times: user=0.44 sys=0.01, real=0.05 secs] 
10810.330: [GC 10810.331: [ParNew: 1314207K->52396K(1415616K), 0.2211230 secs] 2141958K->880147K(4037056K), 0.2214520 secs] [Times: user=0.34 sys=0.01, real=0.22 secs] 
10819.939: [GC 10819.939: [ParNew: 1310708K->75079K(1415616K), 0.0888260 secs] 2138459K->902830K(4037056K), 0.0891280 secs] [Times: user=0.68 sys=0.02, real=0.09 secs] 
10825.598: [GC 10825.598: [ParNew: 1333447K->66511K(1415616K), 0.0927530 secs] 2161198K->894262K(4037056K), 0.0930100 secs] [Times: user=0.45 sys=0.01, real=0.09 secs] 
10826.943: [GC 10826.943: [ParNew: 1324879K->84993K(1415616K), 0.1134150 secs] 2152630K->912744K(4037056K), 0.1141110 secs] [Times: user=0.55 sys=0.00, real=0.12 secs] 
10829.412: [GC 10829.412: [ParNew: 1343361K->89518K(1415616K), 0.0696640 secs] 2171112K->917269K(4037056K), 0.0699400 secs] [Times: user=0.62 sys=0.01, real=0.07 secs] 
10835.941: [GC 10835.941: [ParNew: 1347886K->87248K(1415616K), 0.1086650 secs] 2175637K->914999K(4037056K), 0.1089890 secs] [Times: user=0.73 sys=0.00, real=0.11 secs] 
10841.882: [GC 10841.882: [ParNew: 1345607K->63736K(1415616K), 0.0860500 secs] 2173358K->891487K(4037056K), 0.0863610 secs] [Times: user=0.46 sys=0.01, real=0.09 secs] 
10851.896: [GC 10851.896: [ParNew: 1322104K->54770K(1415616K), 0.0824490 secs] 2149855K->882521K(4037056K), 0.0827940 secs] [Times: user=0.43 sys=0.02, real=0.09 secs] 
10862.184: [GC 10862.185: [ParNew: 1313138K->59551K(1415616K), 0.0469700 secs] 2140889K->887303K(4037056K), 0.0472630 secs] [Times: user=0.40 sys=0.01, real=0.05 secs] 
10869.862: [GC 10869.863: [ParNew: 1317919K->53373K(1415616K), 0.0512150 secs] 2145671K->881124K(4037056K), 0.0515900 secs] [Times: user=0.44 sys=0.01, real=0.05 secs] 
10876.891: [GC 10876.891: [ParNew: 1311741K->71085K(1415616K), 0.0465900 secs] 2139492K->898836K(4037056K), 0.0469190 secs] [Times: user=0.57 sys=0.00, real=0.05 secs] 
10885.050: [GC 10885.050: [ParNew: 1329453K->53585K(1415616K), 0.3092720 secs] 2157204K->881336K(4037056K), 0.3096620 secs] [Times: user=0.46 sys=0.04, real=0.31 secs] 
10886.511: [GC 10886.511: [ParNew: 1311953K->68559K(1415616K), 0.0484620 secs] 2139704K->896310K(4037056K), 0.0487380 secs] [Times: user=0.38 sys=0.00, real=0.05 secs] 
10888.814: [GC 10888.814: [ParNew: 1326927K->65923K(1415616K), 0.0795670 secs] 2154678K->893675K(4037056K), 0.0798950 secs] [Times: user=0.60 sys=0.00, real=0.08 secs] 
10892.769: [GC 10892.769: [ParNew: 1324291K->102536K(1415616K), 0.1095340 secs] 2152043K->930287K(4037056K), 0.1097990 secs] [Times: user=0.63 sys=0.01, real=0.11 secs] 
10900.348: [GC 10900.349: [ParNew: 1360904K->88639K(1415616K), 0.1235280 secs] 2188655K->916391K(4037056K), 0.1238670 secs] [Times: user=0.54 sys=0.00, real=0.12 secs] 
10908.966: [GC 10908.966: [ParNew: 1347007K->87363K(1415616K), 0.0704740 secs] 2174759K->915115K(4037056K), 0.0708480 secs] [Times: user=0.68 sys=0.02, real=0.07 secs] 
10920.259: [GC 10920.260: [ParNew: 1345731K->43132K(1415616K), 0.0445000 secs] 2173483K->870883K(4037056K), 0.0447970 secs] [Times: user=0.41 sys=0.00, real=0.04 secs] 
10930.151: [GC 10930.152: [ParNew: 1301500K->54502K(1415616K), 0.3304650 secs] 2129251K->882253K(4037056K), 0.3307540 secs] [Times: user=0.45 sys=0.09, real=0.33 secs] 
10938.807: [GC 10938.808: [ParNew: 1312870K->66242K(1415616K), 0.0690950 secs] 2140621K->893994K(4037056K), 0.0694000 secs] [Times: user=0.55 sys=0.01, real=0.07 secs] 
10945.767: [GC 10945.767: [ParNew: 1324610K->56146K(1415616K), 0.0725000 secs] 2152362K->883897K(4037056K), 0.0729350 secs] [Times: user=0.33 sys=0.00, real=0.08 secs] 
10947.136: [GC 10947.136: [ParNew: 1314514K->52299K(1415616K), 0.0890980 secs] 2142265K->880050K(4037056K), 0.0893400 secs] [Times: user=0.37 sys=0.00, real=0.09 secs] 
10949.529: [GC 10949.530: [ParNew: 1310667K->71450K(1415616K), 0.1231340 secs] 2138418K->899201K(4037056K), 0.1234520 secs] [Times: user=0.53 sys=0.01, real=0.12 secs] 
10956.316: [GC 10956.316: [ParNew: 1329818K->78142K(1415616K), 0.0634610 secs] 2157569K->905893K(4037056K), 0.0637380 secs] [Times: user=0.56 sys=0.02, real=0.06 secs] 
10963.044: [GC 10963.044: [ParNew: 1336510K->68341K(1415616K), 0.0557420 secs] 2164261K->896092K(4037056K), 0.0559740 secs] [Times: user=0.50 sys=0.00, real=0.05 secs] 
10972.858: [GC 10972.859: [ParNew: 1326709K->68726K(1415616K), 0.0458680 secs] 2154460K->896477K(4037056K), 0.0462090 secs] [Times: user=0.44 sys=0.01, real=0.05 secs] 
10984.539: [GC 10984.539: [ParNew: 1327094K->55653K(1415616K), 0.0599800 secs] 2154845K->883404K(4037056K), 0.0603490 secs] [Times: user=0.52 sys=0.01, real=0.06 secs] 
10990.598: [GC 10990.599: [ParNew: 1314021K->74617K(1415616K), 0.1658260 secs] 2141772K->902368K(4037056K), 0.1661470 secs] [Times: user=0.53 sys=0.03, real=0.17 secs] 
11000.712: [GC 11000.713: [ParNew: 1332985K->84331K(1415616K), 0.0882260 secs] 2160736K->912082K(4037056K), 0.0885720 secs] [Times: user=0.50 sys=0.00, real=0.09 secs] 
11005.878: [GC 11005.879: [ParNew: 1342699K->51591K(1415616K), 0.0868170 secs] 2170450K->879342K(4037056K), 0.0870970 secs] [Times: user=0.38 sys=0.01, real=0.09 secs] 
11008.204: [GC 11008.204: [ParNew: 1309959K->79564K(1415616K), 0.0773550 secs] 2137710K->907315K(4037056K), 0.0776660 secs] [Times: user=0.56 sys=0.01, real=0.08 secs] 
11010.173: [GC 11010.173: [ParNew: 1337932K->70629K(1415616K), 0.1028130 secs] 2165683K->898380K(4037056K), 0.1030430 secs] [Times: user=0.54 sys=0.01, real=0.10 secs] 
11018.925: [GC 11018.925: [ParNew: 1328997K->75485K(1415616K), 0.0618200 secs] 2156748K->903236K(4037056K), 0.0621450 secs] [Times: user=0.54 sys=0.01, real=0.07 secs] 
11025.495: [GC 11025.495: [ParNew: 1333853K->61796K(1415616K), 0.0841870 secs] 2161604K->889547K(4037056K), 0.0845230 secs] [Times: user=0.62 sys=0.01, real=0.09 secs] 
11035.991: [GC 11035.991: [ParNew: 1320164K->59698K(1415616K), 0.0435600 secs] 2147915K->887449K(4037056K), 0.0438510 secs] [Times: user=0.45 sys=0.02, real=0.04 secs] 
11046.575: [GC 11046.575: [ParNew: 1318066K->56092K(1415616K), 0.0430750 secs] 2145817K->883843K(4037056K), 0.0433760 secs] [Times: user=0.43 sys=0.00, real=0.04 secs] 
11053.200: [GC 11053.200: [ParNew: 1314460K->63587K(1415616K), 0.0585450 secs] 2142211K->891339K(4037056K), 0.0588530 secs] [Times: user=0.52 sys=0.01, real=0.06 secs] 
11062.796: [GC 11062.796: [ParNew: 1321955K->71552K(1415616K), 0.0502000 secs] 2149707K->899303K(4037056K), 0.0505310 secs] [Times: user=0.48 sys=0.01, real=0.05 secs] 
11065.932: [GC 11065.932: [ParNew: 1329920K->57044K(1415616K), 0.1141910 secs] 2157671K->884795K(4037056K), 0.1145180 secs] [Times: user=0.41 sys=0.02, real=0.11 secs] 
11067.656: [GC 11067.656: [ParNew: 1315412K->72380K(1415616K), 0.0646860 secs] 2143163K->900132K(4037056K), 0.0650380 secs] [Times: user=0.50 sys=0.00, real=0.06 secs] 
11069.968: [GC 11069.968: [ParNew: 1330748K->75216K(1415616K), 0.1629550 secs] 2158500K->902967K(4037056K), 0.1633280 secs] [Times: user=0.50 sys=0.04, real=0.16 secs] 
11076.969: [GC 11076.970: [ParNew: 1333584K->72653K(1415616K), 0.0624360 secs] 2161335K->900404K(4037056K), 0.0627890 secs] [Times: user=0.58 sys=0.01, real=0.06 secs] 
11083.471: [GC 11083.472: [ParNew: 1331021K->80637K(1415616K), 0.0541360 secs] 2158772K->908388K(4037056K), 0.0544510 secs] [Times: user=0.61 sys=0.00, real=0.06 secs] 
11091.374: [GC 11091.375: [ParNew: 1339005K->68474K(1415616K), 0.0659810 secs] 2166756K->896225K(4037056K), 0.0663030 secs] [Times: user=0.57 sys=0.01, real=0.07 secs] 
11102.755: [GC 11102.755: [ParNew: 1326842K->81999K(1415616K), 0.0974800 secs] 2154593K->909750K(4037056K), 0.0977990 secs] [Times: user=0.56 sys=0.01, real=0.10 secs] 
11110.235: [GC 11110.235: [ParNew: 1340367K->54628K(1415616K), 0.2507280 secs] 2168118K->882379K(4037056K), 0.2510660 secs] [Times: user=0.42 sys=0.04, real=0.25 secs] 
11119.567: [GC 11119.568: [ParNew: 1312996K->59158K(1415616K), 0.0641030 secs] 2140747K->886909K(4037056K), 0.0643910 secs] [Times: user=0.52 sys=0.00, real=0.07 secs] 
11125.406: [GC 11125.406: [ParNew: 1317526K->73215K(1415616K), 0.1040600 secs] 2145277K->900966K(4037056K), 0.1043830 secs] [Times: user=0.36 sys=0.01, real=0.11 secs] 
11127.687: [GC 11127.688: [ParNew: 1331583K->55694K(1415616K), 0.0703780 secs] 2159334K->883446K(4037056K), 0.0707350 secs] [Times: user=0.47 sys=0.00, real=0.07 secs] 
11131.082: [GC 11131.082: [ParNew: 1314022K->70748K(1415616K), 0.0501440 secs] 2141773K->898500K(4037056K), 0.0504440 secs] [Times: user=0.57 sys=0.01, real=0.05 secs] 
11140.110: [GC 11140.110: [ParNew: 1329116K->69592K(1415616K), 0.0645050 secs] 2156868K->897343K(4037056K), 0.0648090 secs] [Times: user=0.51 sys=0.00, real=0.07 secs] 
11148.942: [GC 11148.942: [ParNew: 1327960K->68734K(1415616K), 0.0681880 secs] 2155711K->896486K(4037056K), 0.0685210 secs] [Times: user=0.56 sys=0.01, real=0.06 secs] 
11162.111: [GC 11162.112: [ParNew: 1327102K->64094K(1415616K), 0.0542670 secs] 2154854K->891845K(4037056K), 0.0545780 secs] [Times: user=0.43 sys=0.03, real=0.06 secs] 
11170.437: [GC 11170.438: [ParNew: 1322462K->53073K(1415616K), 0.1219020 secs] 2150213K->880824K(4037056K), 0.1221860 secs] [Times: user=0.36 sys=0.00, real=0.12 secs] 
11179.237: [GC 11179.237: [ParNew: 1311441K->73877K(1415616K), 0.0654910 secs] 2139192K->901628K(4037056K), 0.0658040 secs] [Times: user=0.56 sys=0.00, real=0.06 secs] 
11185.574: [GC 11185.574: [ParNew: 1332245K->54582K(1415616K), 0.0686750 secs] 2159996K->882333K(4037056K), 0.0689650 secs] [Times: user=0.36 sys=0.01, real=0.07 secs] 
11188.259: [GC 11188.260: [ParNew: 1312950K->55740K(1415616K), 0.0882560 secs] 2140701K->883491K(4037056K), 0.0885790 secs] [Times: user=0.51 sys=0.01, real=0.09 secs] 
11191.374: [GC 11191.374: [ParNew: 1314108K->77410K(1415616K), 0.0647610 secs] 2141859K->905162K(4037056K), 0.0650040 secs] [Times: user=0.50 sys=0.01, real=0.07 secs] 
11200.460: [GC 11200.460: [ParNew: 1335778K->61715K(1415616K), 0.2068560 secs] 2163530K->889466K(4037056K), 0.2071760 secs] [Times: user=0.57 sys=0.04, real=0.20 secs] 
11208.990: [GC 11208.990: [ParNew: 1320083K->78266K(1415616K), 0.0711820 secs] 2147834K->906017K(4037056K), 0.0715050 secs] [Times: user=0.62 sys=0.01, real=0.07 secs] 
11220.178: [GC 11220.179: [ParNew: 1336634K->83646K(1415616K), 0.0508130 secs] 2164385K->911397K(4037056K), 0.0511370 secs] [Times: user=0.62 sys=0.01, real=0.05 secs] 
11289.147: [GC 11289.147: [ParNew: 1342014K->53860K(1415616K), 0.0606610 secs] 2169765K->881611K(4037056K), 0.0610660 secs] [Times: user=0.48 sys=0.02, real=0.07 secs] 
11389.480: [GC 11389.480: [ParNew: 1312228K->67377K(1415616K), 0.0861430 secs] 2139979K->895128K(4037056K), 0.0864990 secs] [Times: user=0.69 sys=0.01, real=0.09 secs] 
11506.956: [GC 11506.956: [ParNew: 1325745K->81921K(1415616K), 0.0973150 secs] 2153496K->909673K(4037056K), 0.0976970 secs] [Times: user=0.74 sys=0.00, real=0.10 secs] 
11619.958: [GC 11619.958: [ParNew: 1340289K->57329K(1415616K), 0.1078590 secs] 2168041K->885080K(4037056K), 0.1082540 secs] [Times: user=0.64 sys=0.01, real=0.10 secs] 
11730.403: [GC 11730.403: [ParNew: 1315697K->83226K(1415616K), 0.0761550 secs] 2143448K->910977K(4037056K), 0.0764320 secs] [Times: user=0.57 sys=0.01, real=0.08 secs] 
11848.334: [GC 11848.334: [ParNew: 1341594K->77469K(1415616K), 0.0783110 secs] 2169345K->905220K(4037056K), 0.0786410 secs] [Times: user=0.63 sys=0.00, real=0.08 secs] 
11963.752: [GC 11963.752: [ParNew: 1335837K->77385K(1415616K), 0.0681940 secs] 2163588K->905136K(4037056K), 0.0685310 secs] [Times: user=0.55 sys=0.01, real=0.07 secs] 
12055.326: [GC 12055.326: [ParNew: 1335753K->61736K(1415616K), 0.0744370 secs] 2163504K->889487K(4037056K), 0.0747810 secs] [Times: user=0.64 sys=0.01, real=0.08 secs] 
12162.106: [GC 12162.106: [ParNew: 1320104K->77564K(1415616K), 0.1037960 secs] 2147855K->905315K(4037056K), 0.1042050 secs] [Times: user=0.70 sys=0.01, real=0.11 secs] 
12273.950: [GC 12273.950: [ParNew: 1335932K->83140K(1415616K), 0.0798420 secs] 2163683K->910891K(4037056K), 0.0802110 secs] [Times: user=0.72 sys=0.01, real=0.08 secs] 
12390.214: [GC 12390.214: [ParNew: 1341508K->95334K(1415616K), 0.0731660 secs] 2169259K->923086K(4037056K), 0.0735780 secs] [Times: user=0.65 sys=0.01, real=0.08 secs] 
12505.335: [GC 12505.336: [ParNew: 1353702K->67124K(1415616K), 0.1166080 secs] 2181454K->894876K(4037056K), 0.1169150 secs] [Times: user=0.52 sys=0.01, real=0.12 secs] 
12612.141: [GC 12612.141: [ParNew: 1325492K->77646K(1415616K), 0.2231550 secs] 2153244K->905397K(4037056K), 0.2234510 secs] [Times: user=0.63 sys=0.03, real=0.23 secs] 
12738.489: [GC 12738.489: [ParNew: 1336014K->82384K(1415616K), 0.0920940 secs] 2163765K->910135K(4037056K), 0.0924200 secs] [Times: user=0.70 sys=0.02, real=0.09 secs] 
12855.463: [GC 12855.463: [ParNew: 1340752K->87160K(1415616K), 0.0862150 secs] 2168503K->914911K(4037056K), 0.0865620 secs] [Times: user=0.78 sys=0.02, real=0.08 secs] 
12968.779: [GC 12968.779: [ParNew: 1345528K->76683K(1415616K), 0.0681400 secs] 2173279K->904435K(4037056K), 0.0684580 secs] [Times: user=0.59 sys=0.01, real=0.07 secs] 
13056.637: [GC 13056.638: [ParNew: 1334949K->74821K(1415616K), 0.0817180 secs] 2162700K->902572K(4037056K), 0.0820020 secs] [Times: user=0.67 sys=0.01, real=0.08 secs] 
13169.926: [GC 13169.927: [ParNew: 1333189K->90197K(1415616K), 0.2432100 secs] 2160940K->917948K(4037056K), 0.2436050 secs] [Times: user=0.75 sys=0.02, real=0.25 secs] 
13288.550: [GC 13288.550: [ParNew: 1348565K->89259K(1415616K), 0.1055610 secs] 2176316K->917010K(4037056K), 0.1059040 secs] [Times: user=0.81 sys=0.02, real=0.11 secs] 
13407.068: [GC 13407.068: [ParNew: 1347627K->94216K(1415616K), 0.1236280 secs] 2175378K->921968K(4037056K), 0.1240030 secs] [Times: user=0.67 sys=0.04, real=0.12 secs] 
13525.589: [GC 13525.589: [ParNew: 1352584K->81916K(1415616K), 0.0959900 secs] 2180336K->909668K(4037056K), 0.0962870 secs] [Times: user=0.67 sys=0.01, real=0.09 secs] 
13640.432: [GC 13640.433: [ParNew: 1340284K->81121K(1415616K), 0.0598740 secs] 2168036K->908872K(4037056K), 0.0601930 secs] [Times: user=0.67 sys=0.01, real=0.06 secs] 
13751.406: [GC 13751.406: [ParNew: 1339489K->71912K(1415616K), 0.1123330 secs] 2167240K->899663K(4037056K), 0.1126330 secs] [Times: user=0.58 sys=0.01, real=0.11 secs] 
13870.333: [GC 13870.333: [ParNew: 1330280K->92684K(1415616K), 0.4343240 secs] 2158031K->920435K(4037056K), 0.4346290 secs] [Times: user=0.61 sys=0.12, real=0.43 secs] 
14003.092: [GC 14003.092: [ParNew: 1351052K->73283K(1415616K), 0.0892530 secs] 2178803K->901034K(4037056K), 0.0896190 secs] [Times: user=0.66 sys=0.01, real=0.09 secs] 
14122.607: [GC 14122.607: [ParNew: 1331651K->81918K(1415616K), 0.0646760 secs] 2159402K->909670K(4037056K), 0.0650320 secs] [Times: user=0.64 sys=0.01, real=0.07 secs] 
14231.220: [GC 14231.220: [ParNew: 1340286K->78231K(1415616K), 0.1782860 secs] 2168038K->905982K(4037056K), 0.1785440 secs] [Times: user=0.61 sys=0.02, real=0.18 secs] 
14350.057: [GC 14350.057: [ParNew: 1336599K->97431K(1415616K), 0.3395340 secs] 2164350K->925182K(4037056K), 0.3399760 secs] [Times: user=0.67 sys=0.05, real=0.34 secs] 
14459.758: [GC 14459.758: [ParNew: 1355799K->73901K(1415616K), 0.1084540 secs] 2183550K->901652K(4037056K), 0.1088350 secs] [Times: user=0.71 sys=0.01, real=0.11 secs] 
14576.818: [GC 14576.819: [ParNew: 1332269K->82596K(1415616K), 0.0783030 secs] 2160020K->910347K(4037056K), 0.0786970 secs] [Times: user=0.73 sys=0.01, real=0.08 secs] 
14685.942: [GC 14685.942: [ParNew: 1340930K->96891K(1415616K), 0.1294410 secs] 2168681K->924642K(4037056K), 0.1300120 secs] [Times: user=0.82 sys=0.01, real=0.13 secs] 
14790.348: [GC 14790.348: [ParNew: 1355259K->103081K(1415616K), 0.1722930 secs] 2183010K->930832K(4037056K), 0.1725520 secs] [Times: user=0.65 sys=0.01, real=0.17 secs] 
14917.677: [GC 14917.677: [ParNew: 1361449K->105406K(1415616K), 0.1539410 secs] 2189200K->933158K(4037056K), 0.1543750 secs] [Times: user=0.81 sys=0.01, real=0.16 secs] 
15040.108: [GC 15040.109: [ParNew: 1363774K->89357K(1415616K), 0.1631560 secs] 2191526K->917108K(4037056K), 0.1635380 secs] [Times: user=0.72 sys=0.01, real=0.16 secs] 
15161.180: [GC 15161.180: [ParNew: 1347725K->82047K(1415616K), 0.2182040 secs] 2175476K->909799K(4037056K), 0.2185380 secs] [Times: user=0.71 sys=0.01, real=0.22 secs] 
15282.396: [GC 15282.396: [ParNew: 1340415K->100390K(1415616K), 0.0989600 secs] 2168167K->928141K(4037056K), 0.0992670 secs] [Times: user=0.91 sys=0.01, real=0.10 secs] 
15400.160: [GC 15400.160: [ParNew: 1358758K->95132K(1415616K), 0.1973700 secs] 2186509K->922883K(4037056K), 0.1977220 secs] [Times: user=0.82 sys=0.01, real=0.20 secs] 
15520.202: [GC 15520.202: [ParNew: 1353500K->92277K(1415616K), 0.2085880 secs] 2181251K->920028K(4037056K), 0.2089630 secs] [Times: user=0.83 sys=0.03, real=0.21 secs] 
15636.764: [GC 15636.765: [ParNew: 1350645K->98076K(1415616K), 0.1135790 secs] 2178396K->925827K(4037056K), 0.1140000 secs] [Times: user=1.00 sys=0.02, real=0.11 secs] 
15759.999: [GC 15759.999: [ParNew: 1356444K->106171K(1415616K), 0.1009110 secs] 2184195K->933922K(4037056K), 0.1012800 secs] [Times: user=0.85 sys=0.03, real=0.10 secs] 
15880.868: [GC 15880.868: [ParNew: 1364530K->77307K(1415616K), 0.1210920 secs] 2192282K->905058K(4037056K), 0.1215460 secs] [Times: user=0.77 sys=0.02, real=0.12 secs] 
15986.742: [GC 15986.742: [ParNew: 1335675K->91772K(1415616K), 0.1143800 secs] 2163426K->919523K(4037056K), 0.1147210 secs] [Times: user=0.74 sys=0.01, real=0.12 secs] 
16106.454: [GC 16106.454: [ParNew: 1350140K->101283K(1415616K), 0.2108060 secs] 2177891K->929034K(4037056K), 0.2112100 secs] [Times: user=0.76 sys=0.04, real=0.21 secs] 
16228.560: [GC 16228.561: [ParNew: 1359651K->104500K(1415616K), 0.1070390 secs] 2187402K->932251K(4037056K), 0.1073880 secs] [Times: user=1.00 sys=0.01, real=0.11 secs] 
16347.907: [GC 16347.907: [ParNew: 1362868K->106950K(1415616K), 0.1117040 secs] 2190619K->934701K(4037056K), 0.1120480 secs] [Times: user=0.91 sys=0.02, real=0.11 secs] 
16466.903: [GC 16466.903: [ParNew: 1365318K->109675K(1415616K), 0.2754620 secs] 2193069K->937427K(4037056K), 0.2758010 secs] [Times: user=0.79 sys=0.01, real=0.27 secs] 
16578.947: [GC 16578.947: [ParNew: 1368043K->104978K(1415616K), 0.1319860 secs] 2195795K->932730K(4037056K), 0.1322670 secs] [Times: user=0.86 sys=0.00, real=0.13 secs] 
16693.969: [GC 16693.969: [ParNew: 1363346K->100694K(1415616K), 0.1097810 secs] 2191098K->928446K(4037056K), 0.1101110 secs] [Times: user=0.98 sys=0.01, real=0.11 secs] 
16820.447: [GC 16820.448: [ParNew: 1359062K->101703K(1415616K), 0.0645810 secs] 2186814K->929454K(4037056K), 0.0649160 secs] [Times: user=0.79 sys=0.01, real=0.07 secs] 
16945.918: [GC 16945.918: [ParNew: 1360071K->110568K(1415616K), 0.1553380 secs] 2187822K->938320K(4037056K), 0.1557410 secs] [Times: user=0.79 sys=0.04, real=0.15 secs] 
17052.954: [GC 17052.954: [ParNew: 1368936K->103743K(1415616K), 0.0992980 secs] 2196688K->931494K(4037056K), 0.0996870 secs] [Times: user=1.06 sys=0.01, real=0.10 secs] 
17130.577: [GC 17130.577: [ParNew: 1362111K->157248K(1415616K), 0.1100660 secs] 2189862K->985012K(4037056K), 0.1103860 secs] [Times: user=1.29 sys=0.01, real=0.11 secs] 
17140.713: [GC 17140.714: [ParNew: 1415616K->150047K(1415616K), 0.5792960 secs] 2243380K->1018192K(4037056K), 0.5796660 secs] [Times: user=1.23 sys=0.07, real=0.58 secs] 
17142.504: [GC 17142.505: [ParNew: 1408415K->99683K(1415616K), 0.6750030 secs] 2276560K->1023147K(4037056K), 0.6753570 secs] [Times: user=1.99 sys=0.08, real=0.68 secs] 
17143.839: [GC 17143.839: [ParNew: 1358051K->95055K(1415616K), 0.0703200 secs] 2281515K->1018519K(4037056K), 0.0706910 secs] [Times: user=0.73 sys=0.00, real=0.07 secs] 
17145.233: [GC 17145.233: [ParNew: 1353423K->135185K(1415616K), 0.0823440 secs] 2276887K->1058649K(4037056K), 0.0826580 secs] [Times: user=0.85 sys=0.01, real=0.08 secs] 
17148.073: [GC 17148.073: [ParNew: 1393553K->124106K(1415616K), 0.3472140 secs] 2317017K->1073511K(4037056K), 0.3475120 secs] [Times: user=1.11 sys=0.05, real=0.35 secs] 
17149.738: [GC 17149.738: [ParNew: 1382474K->116746K(1415616K), 0.4816300 secs] 2331879K->1091541K(4037056K), 0.4819520 secs] [Times: user=1.21 sys=0.05, real=0.49 secs] 
17151.168: [GC 17151.168: [ParNew: 1375114K->134466K(1415616K), 0.0938280 secs] 2349909K->1109261K(4037056K), 0.0941520 secs] [Times: user=0.99 sys=0.02, real=0.10 secs] 
17152.806: [GC 17152.806: [ParNew: 1392834K->130265K(1415616K), 0.3437500 secs] 2367629K->1123208K(4037056K), 0.3440920 secs] [Times: user=1.21 sys=0.04, real=0.35 secs] 
17155.202: [GC 17155.202: [ParNew: 1388633K->147458K(1415616K), 0.2273220 secs] 2381576K->1151914K(4037056K), 0.2276360 secs] [Times: user=1.18 sys=0.02, real=0.22 secs] 
17166.117: [GC 17166.118: [ParNew: 1405826K->99881K(1415616K), 0.1533730 secs] 2410282K->1113212K(4037056K), 0.1537020 secs] [Times: user=0.66 sys=0.02, real=0.16 secs] 
17172.799: [GC 17172.799: [ParNew: 1358249K->75461K(1415616K), 0.0726860 secs] 2371580K->1088791K(4037056K), 0.0729970 secs] [Times: user=0.72 sys=0.01, real=0.08 secs] 
17184.860: [GC 17184.860: [ParNew: 1333829K->82476K(1415616K), 0.0611650 secs] 2347159K->1095807K(4037056K), 0.0615550 secs] [Times: user=0.54 sys=0.00, real=0.06 secs] 
17187.247: [GC 17187.247: [ParNew: 1340844K->79762K(1415616K), 0.1282040 secs] 2354175K->1093092K(4037056K), 0.1286100 secs] [Times: user=0.53 sys=0.00, real=0.13 secs] 
17188.493: [GC 17188.493: [ParNew: 1338130K->110959K(1415616K), 0.0656130 secs] 2351460K->1124290K(4037056K), 0.0659700 secs] [Times: user=0.65 sys=0.00, real=0.07 secs] 
17189.708: [GC 17189.708: [ParNew: 1369327K->121809K(1415616K), 0.1888460 secs] 2382658K->1143550K(4037056K), 0.1890840 secs] [Times: user=0.77 sys=0.04, real=0.19 secs] 
17191.416: [GC 17191.417: [ParNew: 1380177K->139382K(1415616K), 0.1579560 secs] 2401918K->1168833K(4037056K), 0.1582140 secs] [Times: user=0.85 sys=0.03, real=0.16 secs] 
17192.461: [GC 17192.461: [ParNew: 1397750K->151576K(1415616K), 0.3449670 secs] 2427201K->1203745K(4037056K), 0.3452230 secs] [Times: user=1.00 sys=0.04, real=0.35 secs] 
17193.769: [GC 17193.769: [ParNew: 1409944K->136997K(1415616K), 0.2952600 secs] 2462113K->1207844K(4037056K), 0.2955710 secs] [Times: user=0.83 sys=0.02, real=0.30 secs] 
17195.033: [GC 17195.033: [ParNew: 1395365K->130637K(1415616K), 0.2602110 secs] 2466212K->1218719K(4037056K), 0.2604710 secs] [Times: user=0.82 sys=0.05, real=0.26 secs] 
17196.229: [GC 17196.229: [ParNew: 1389005K->137726K(1415616K), 0.2520470 secs] 2477087K->1241133K(4037056K), 0.2523140 secs] [Times: user=0.87 sys=0.01, real=0.25 secs] 
17197.209: [GC 17197.209: [ParNew: 1396094K->138796K(1415616K), 0.3036860 secs] 2499501K->1261064K(4037056K), 0.3040960 secs] [Times: user=0.99 sys=0.03, real=0.30 secs] 
17201.265: [GC 17201.265: [ParNew: 1397164K->147895K(1415616K), 0.4271280 secs] 2519432K->1291124K(4037056K), 0.4274650 secs] [Times: user=1.02 sys=0.04, real=0.43 secs] 
17210.046: [GC 17210.046: [ParNew: 1406263K->91838K(1415616K), 0.1403760 secs] 2549492K->1240260K(4037056K), 0.1407380 secs] [Times: user=0.57 sys=0.02, real=0.14 secs] 
17226.289: [GC 17226.289: [ParNew: 1350206K->60452K(1415616K), 0.0696950 secs] 2498628K->1208874K(4037056K), 0.0700790 secs] [Times: user=0.46 sys=0.01, real=0.07 secs] 
17229.157: [GC 17229.158: [ParNew: 1318820K->73074K(1415616K), 0.1055190 secs] 2467242K->1221495K(4037056K), 0.1058290 secs] [Times: user=0.62 sys=0.00, real=0.11 secs] 
17231.272: [GC 17231.272: [ParNew: 1331442K->110079K(1415616K), 0.0695460 secs] 2479863K->1258500K(4037056K), 0.0697970 secs] [Times: user=0.65 sys=0.01, real=0.07 secs] 
17232.788: [GC 17232.788: [ParNew: 1368447K->131081K(1415616K), 0.2086670 secs] 2516868K->1289263K(4037056K), 0.2090020 secs] [Times: user=1.06 sys=0.01, real=0.21 secs] 
17235.488: [GC 17235.489: [ParNew: 1389449K->130659K(1415616K), 0.1814620 secs] 2547631K->1296934K(4037056K), 0.1817560 secs] [Times: user=1.13 sys=0.03, real=0.19 secs] 
17246.003: [GC 17246.004: [ParNew: 1389027K->121643K(1415616K), 0.3483520 secs] 2555302K->1304702K(4037056K), 0.3495960 secs] [Times: user=0.76 sys=0.03, real=0.35 secs] 
17249.976: [GC 17249.976: [ParNew: 1380011K->71890K(1415616K), 0.2362410 secs] 2563070K->1254949K(4037056K), 0.2372860 secs] [Times: user=0.56 sys=0.03, real=0.24 secs] 
17255.887: [GC 17255.887: [ParNew: 1330258K->83564K(1415616K), 0.0952110 secs] 2513317K->1266624K(4037056K), 0.0955500 secs] [Times: user=0.72 sys=0.01, real=0.10 secs] 
17265.551: [GC 17265.552: [ParNew: 1341932K->99020K(1415616K), 0.0743700 secs] 2524992K->1282079K(4037056K), 0.0747150 secs] [Times: user=0.73 sys=0.01, real=0.08 secs] 
17278.783: [GC 17278.783: [ParNew: 1357388K->92613K(1415616K), 0.0748500 secs] 2540447K->1275673K(4037056K), 0.0751070 secs] [Times: user=0.67 sys=0.00, real=0.08 secs] 
17290.954: [GC 17290.954: [ParNew: 1350981K->93035K(1415616K), 0.2732230 secs] 2534041K->1276095K(4037056K), 0.2735540 secs] [Times: user=0.63 sys=0.04, real=0.28 secs] 
17295.424: [GC 17295.424: [ParNew: 1351403K->119863K(1415616K), 0.0918840 secs] 2534463K->1302923K(4037056K), 0.0921340 secs] [Times: user=0.89 sys=0.00, real=0.10 secs] 
17296.434: [GC 17296.434: [ParNew: 1378231K->156526K(1415616K), 0.2359190 secs] 2561291K->1356874K(4037056K), 0.2362160 secs] [Times: user=1.02 sys=0.03, real=0.24 secs] 
17297.522: [GC 17297.523: [ParNew: 1414894K->148880K(1415616K), 0.2631750 secs] 2615242K->1368655K(4037056K), 0.2634550 secs] [Times: user=0.98 sys=0.04, real=0.26 secs] 
17298.827: [GC 17298.828: [ParNew: 1407248K->128714K(1415616K), 0.4083720 secs] 2627023K->1380758K(4037056K), 0.4086550 secs] [Times: user=1.04 sys=0.05, real=0.40 secs] 
17300.473: [GC 17300.473: [ParNew: 1387082K->121903K(1415616K), 0.3510610 secs] 2639126K->1394213K(4037056K), 0.3513770 secs] [Times: user=0.92 sys=0.03, real=0.35 secs] 
17301.801: [GC 17301.801: [ParNew: 1380271K->106617K(1415616K), 0.3565380 secs] 2652581K->1399857K(4037056K), 0.3568610 secs] [Times: user=0.93 sys=0.04, real=0.36 secs] 
17302.959: [GC 17302.960: [ParNew: 1364985K->110022K(1415616K), 0.3207230 secs] 2658225K->1424512K(4037056K), 0.3210000 secs] [Times: user=0.84 sys=0.03, real=0.32 secs] 
17304.198: [GC 17304.198: [ParNew: 1368390K->114296K(1415616K), 0.2676140 secs] 2682880K->1446695K(4037056K), 0.2678560 secs] [Times: user=0.79 sys=0.03, real=0.26 secs] 
17305.315: [GC 17305.315: [ParNew: 1372664K->109904K(1415616K), 0.2796790 secs] 2705063K->1460155K(4037056K), 0.2799260 secs] [Times: user=0.84 sys=0.04, real=0.28 secs] 
17306.577: [GC 17306.577: [ParNew: 1368272K->104613K(1415616K), 0.3517540 secs] 2718523K->1474169K(4037056K), 0.3520200 secs] [Times: user=0.74 sys=0.03, real=0.36 secs] 
17307.873: [GC 17307.873: [ParNew: 1363057K->125009K(1415616K), 0.0900570 secs] 2732612K->1494565K(4037056K), 0.0903320 secs] [Times: user=0.79 sys=0.00, real=0.09 secs] 
17307.964: [GC [1 CMS-initial-mark: 1369555K(2621440K)] 1497519K(4037056K), 0.3147420 secs] [Times: user=0.29 sys=0.01, real=0.32 secs] 
17308.279: [CMS-concurrent-mark-start]
17308.914: [GC 17308.914: [ParNew: 1383377K->122485K(1415616K), 0.3142860 secs] 2752933K->1515500K(4037056K), 0.3145400 secs] [Times: user=0.92 sys=0.05, real=0.32 secs] 
17310.131: [CMS-concurrent-mark: 1.536/1.852 secs] [Times: user=11.66 sys=0.26, real=1.85 secs] 
17310.131: [CMS-concurrent-preclean-start]
17310.238: [CMS-concurrent-preclean: 0.105/0.106 secs] [Times: user=0.11 sys=0.00, real=0.10 secs] 
17310.238: [CMS-concurrent-abortable-preclean-start]
 CMS: abort preclean due to time 17315.332: [CMS-concurrent-abortable-preclean: 4.990/5.094 secs] [Times: user=4.97 sys=0.01, real=5.10 secs] 
17315.333: [GC[YG occupancy: 306224 K (1415616 K)]17315.333: [Rescan (parallel) , 0.8255100 secs]17316.159: [weak refs processing, 0.0003560 secs] [1 CMS-remark: 1393014K(2621440K)] 1699238K(4037056K), 0.8261070 secs] [Times: user=1.48 sys=0.83, real=0.83 secs] 
17316.160: [CMS-concurrent-sweep-start]
17319.321: [CMS-concurrent-sweep: 3.161/3.161 secs] [Times: user=3.14 sys=0.01, real=3.16 secs] 
17319.321: [CMS-concurrent-reset-start]
17319.387: [CMS-concurrent-reset: 0.048/0.066 secs] [Times: user=0.27 sys=0.02, real=0.06 secs] 
17321.291: [GC 17321.292: [ParNew: 1380853K->90046K(1415616K), 0.2276040 secs] 1848787K->564594K(4037056K), 0.2279070 secs] [Times: user=0.48 sys=0.05, real=0.23 secs] 
17322.276: [GC 17322.276: [ParNew: 1348414K->79801K(1415616K), 0.0540290 secs] 1822962K->554349K(4037056K), 0.0543100 secs] [Times: user=0.52 sys=0.00, real=0.06 secs] 
17322.988: [GC 17322.988: [ParNew: 1338169K->111468K(1415616K), 0.0633760 secs] 1812717K->586017K(4037056K), 0.0636470 secs] [Times: user=0.63 sys=0.00, real=0.07 secs] 
17323.747: [GC 17323.748: [ParNew: 1369836K->139174K(1415616K), 0.1157150 secs] 1844385K->623151K(4037056K), 0.1171980 secs] [Times: user=0.85 sys=0.01, real=0.12 secs] 
17324.588: [GC 17324.588: [ParNew: 1397542K->140460K(1415616K), 0.1520020 secs] 1881519K->642564K(4037056K), 0.1522520 secs] [Times: user=1.05 sys=0.01, real=0.16 secs] 
17325.478: [GC 17325.478: [ParNew: 1398828K->110806K(1415616K), 0.2744760 secs] 1900932K->649716K(4037056K), 0.2748020 secs] [Times: user=1.10 sys=0.02, real=0.28 secs] 
17326.446: [GC 17326.447: [ParNew: 1369174K->145227K(1415616K), 0.0656600 secs] 1908084K->684137K(4037056K), 0.0659830 secs] [Times: user=0.82 sys=0.00, real=0.07 secs] 
17327.198: [GC 17327.199: [ParNew: 1403595K->140274K(1415616K), 0.1159920 secs] 1942505K->694395K(4037056K), 0.1162380 secs] [Times: user=1.00 sys=0.01, real=0.12 secs] 
17328.097: [GC 17328.097: [ParNew: 1398642K->148125K(1415616K), 0.1312910 secs] 1952763K->723577K(4037056K), 0.1316270 secs] [Times: user=1.16 sys=0.01, real=0.13 secs] 
17329.047: [GC 17329.047: [ParNew: 1406493K->156024K(1415616K), 0.1801030 secs] 1981945K->749955K(4037056K), 0.1805150 secs] [Times: user=1.12 sys=0.01, real=0.18 secs] 
17330.054: [GC 17330.054: [ParNew: 1414392K->123563K(1415616K), 0.1491660 secs] 2008323K->735301K(4037056K), 0.1494500 secs] [Times: user=1.07 sys=0.01, real=0.15 secs] 
17331.163: [GC 17331.163: [ParNew: 1381931K->147597K(1415616K), 0.1563280 secs] 1993669K->777029K(4037056K), 0.1566440 secs] [Times: user=0.95 sys=0.01, real=0.15 secs] 
17332.434: [GC 17332.435: [ParNew: 1405965K->130665K(1415616K), 0.1548450 secs] 2035397K->778244K(4037056K), 0.1551030 secs] [Times: user=0.94 sys=0.01, real=0.15 secs] 
17340.912: [GC 17340.912: [ParNew: 1389033K->100038K(1415616K), 0.0995400 secs] 2036612K->755699K(4037056K), 0.0998630 secs] [Times: user=0.91 sys=0.02, real=0.10 secs] 
17350.646: [GC 17350.646: [ParNew: 1358406K->83275K(1415616K), 0.5965670 secs] 2014067K->738936K(4037056K), 0.5969730 secs] [Times: user=0.50 sys=0.06, real=0.60 secs] 
17363.755: [GC 17363.755: [ParNew: 1341643K->71753K(1415616K), 0.0823810 secs] 1997304K->727414K(4037056K), 0.0827420 secs] [Times: user=0.55 sys=0.01, real=0.08 secs] 
17367.862: [GC 17367.862: [ParNew: 1330121K->82517K(1415616K), 0.1141920 secs] 1985782K->738178K(4037056K), 0.1145240 secs] [Times: user=0.72 sys=0.02, real=0.12 secs] 
17371.105: [GC 17371.106: [ParNew: 1340885K->88734K(1415616K), 0.0877500 secs] 1996546K->744395K(4037056K), 0.0880200 secs] [Times: user=0.57 sys=0.01, real=0.08 secs] 
17376.961: [GC 17376.961: [ParNew: 1347102K->102725K(1415616K), 0.0912810 secs] 2002763K->758386K(4037056K), 0.0915960 secs] [Times: user=0.82 sys=0.02, real=0.09 secs] 
17385.998: [GC 17385.998: [ParNew: 1361093K->102297K(1415616K), 0.0683230 secs] 2016754K->757958K(4037056K), 0.0685580 secs] [Times: user=0.74 sys=0.01, real=0.07 secs] 
17396.529: [GC 17396.529: [ParNew: 1360665K->93185K(1415616K), 0.0879370 secs] 2016326K->748846K(4037056K), 0.0882640 secs] [Times: user=0.80 sys=0.02, real=0.08 secs] 
17407.103: [GC 17407.103: [ParNew: 1351553K->114164K(1415616K), 0.0897200 secs] 2007214K->769825K(4037056K), 0.0900520 secs] [Times: user=0.73 sys=0.01, real=0.09 secs] 
17413.765: [GC 17413.765: [ParNew: 1372532K->96835K(1415616K), 0.1101500 secs] 2028193K->752496K(4037056K), 0.1104830 secs] [Times: user=0.94 sys=0.02, real=0.11 secs] 
17424.055: [GC 17424.055: [ParNew: 1355203K->93329K(1415616K), 0.1514010 secs] 2010864K->757167K(4037056K), 0.1517080 secs] [Times: user=0.86 sys=0.06, real=0.15 secs] 
17427.103: [GC 17427.103: [ParNew: 1351697K->105644K(1415616K), 0.2526120 secs] 2015535K->769482K(4037056K), 0.2529430 secs] [Times: user=0.64 sys=0.05, real=0.25 secs] 
17429.947: [GC 17429.947: [ParNew: 1364012K->99165K(1415616K), 0.2311490 secs] 2027850K->763003K(4037056K), 0.2314940 secs] [Times: user=0.80 sys=0.02, real=0.23 secs] 
17433.227: [GC 17433.227: [ParNew: 1357533K->110906K(1415616K), 0.1032550 secs] 2021371K->774743K(4037056K), 0.1035320 secs] [Times: user=0.87 sys=0.01, real=0.10 secs] 
17441.550: [GC 17441.550: [ParNew: 1369274K->100058K(1415616K), 0.2085980 secs] 2033111K->781716K(4037056K), 0.2089510 secs] [Times: user=0.79 sys=0.01, real=0.21 secs] 
17448.356: [GC 17448.357: [ParNew: 1358426K->71856K(1415616K), 0.0738400 secs] 2040084K->753515K(4037056K), 0.0752080 secs] [Times: user=0.69 sys=0.00, real=0.07 secs] 
17457.311: [GC 17457.311: [ParNew: 1330224K->91490K(1415616K), 0.0659580 secs] 2011883K->773148K(4037056K), 0.0663100 secs] [Times: user=0.67 sys=0.00, real=0.07 secs] 
17466.222: [GC 17466.223: [ParNew: 1349858K->74529K(1415616K), 0.0670620 secs] 2031516K->756187K(4037056K), 0.0676150 secs] [Times: user=0.69 sys=0.00, real=0.07 secs] 
17472.014: [GC 17472.014: [ParNew: 1332897K->92805K(1415616K), 0.0671430 secs] 2014555K->774463K(4037056K), 0.0674470 secs] [Times: user=0.75 sys=0.01, real=0.07 secs] 
17481.310: [GC 17481.310: [ParNew: 1351173K->92828K(1415616K), 0.0856580 secs] 2032831K->774486K(4037056K), 0.0859750 secs] [Times: user=0.74 sys=0.01, real=0.08 secs] 
17485.725: [GC 17485.726: [ParNew: 1351196K->89937K(1415616K), 0.0728500 secs] 2032854K->771595K(4037056K), 0.0731640 secs] [Times: user=0.69 sys=0.01, real=0.08 secs] 
17489.018: [GC 17489.018: [ParNew: 1348305K->109500K(1415616K), 0.0685640 secs] 2029963K->791158K(4037056K), 0.0688740 secs] [Times: user=0.75 sys=0.01, real=0.07 secs] 
17492.794: [GC 17492.795: [ParNew: 1367868K->120279K(1415616K), 0.0996280 secs] 2049526K->801937K(4037056K), 0.0999640 secs] [Times: user=0.95 sys=0.02, real=0.10 secs] 
17501.762: [GC 17501.763: [ParNew: 1378647K->107260K(1415616K), 0.0934550 secs] 2060305K->797561K(4037056K), 0.0938140 secs] [Times: user=0.81 sys=0.01, real=0.09 secs] 
17510.148: [GC 17510.149: [ParNew: 1365628K->86192K(1415616K), 0.0714970 secs] 2055929K->776493K(4037056K), 0.0718390 secs] [Times: user=0.70 sys=0.00, real=0.07 secs] 
17523.781: [GC 17523.781: [ParNew: 1344560K->93318K(1415616K), 0.0695900 secs] 2034861K->783619K(4037056K), 0.0699270 secs] [Times: user=0.64 sys=0.00, real=0.07 secs] 
17532.629: [GC 17532.629: [ParNew: 1351686K->81832K(1415616K), 0.0706120 secs] 2041987K->772132K(4037056K), 0.0709390 secs] [Times: user=0.65 sys=0.00, real=0.07 secs] 
17544.181: [GC 17544.181: [ParNew: 1340200K->83799K(1415616K), 0.0609690 secs] 2030500K->774100K(4037056K), 0.0611990 secs] [Times: user=0.60 sys=0.01, real=0.06 secs] 
17547.233: [GC 17547.233: [ParNew: 1342167K->84435K(1415616K), 0.1198260 secs] 2032468K->774736K(4037056K), 0.1204260 secs] [Times: user=0.55 sys=0.01, real=0.12 secs] 
17550.519: [GC 17550.520: [ParNew: 1342803K->86351K(1415616K), 0.1572190 secs] 2033104K->776652K(4037056K), 0.1575630 secs] [Times: user=0.58 sys=0.00, real=0.16 secs] 
17555.623: [GC 17555.623: [ParNew: 1344719K->112002K(1415616K), 0.1040390 secs] 2035020K->802302K(4037056K), 0.1043990 secs] [Times: user=0.80 sys=0.02, real=0.11 secs] 
17563.412: [GC 17563.412: [ParNew: 1370370K->93584K(1415616K), 0.0600730 secs] 2060670K->783885K(4037056K), 0.0604580 secs] [Times: user=0.68 sys=0.00, real=0.06 secs] 
17573.777: [GC 17573.777: [ParNew: 1351952K->81140K(1415616K), 0.0727440 secs] 2042253K->771441K(4037056K), 0.0730880 secs] [Times: user=0.65 sys=0.01, real=0.08 secs] 
17582.965: [GC 17582.965: [ParNew: 1339508K->82333K(1415616K), 0.0992700 secs] 2029809K->772634K(4037056K), 0.0996360 secs] [Times: user=0.68 sys=0.02, real=0.10 secs] 
17591.265: [GC 17591.265: [ParNew: 1340701K->115165K(1415616K), 0.1606350 secs] 2031002K->805466K(4037056K), 0.1609750 secs] [Times: user=0.58 sys=0.00, real=0.16 secs] 
17603.121: [GC 17603.121: [ParNew: 1373533K->77860K(1415616K), 0.0761070 secs] 2063834K->768161K(4037056K), 0.0764160 secs] [Times: user=0.62 sys=0.01, real=0.08 secs] 
17607.029: [GC 17607.029: [ParNew: 1336228K->97193K(1415616K), 0.1948920 secs] 2026529K->787494K(4037056K), 0.1951770 secs] [Times: user=0.59 sys=0.05, real=0.20 secs] 
17610.145: [GC 17610.146: [ParNew: 1355561K->104974K(1415616K), 0.1453960 secs] 2045862K->795275K(4037056K), 0.1457690 secs] [Times: user=0.62 sys=0.00, real=0.14 secs] 
17615.642: [GC 17615.642: [ParNew: 1363342K->103455K(1415616K), 0.0838620 secs] 2053643K->793755K(4037056K), 0.0842270 secs] [Times: user=0.81 sys=0.01, real=0.09 secs] 
17623.342: [GC 17623.342: [ParNew: 1361823K->93139K(1415616K), 0.1033420 secs] 2052123K->783440K(4037056K), 0.1037280 secs] [Times: user=0.76 sys=0.01, real=0.11 secs] 
17631.946: [GC 17631.946: [ParNew: 1351507K->107909K(1415616K), 0.0712390 secs] 2041808K->798210K(4037056K), 0.0715840 secs] [Times: user=0.77 sys=0.01, real=0.07 secs] 
17641.724: [GC 17641.724: [ParNew: 1366277K->88195K(1415616K), 0.0875190 secs] 2056578K->778496K(4037056K), 0.0878110 secs] [Times: user=0.78 sys=0.02, real=0.09 secs] 
17649.555: [GC 17649.555: [ParNew: 1346563K->99905K(1415616K), 0.0794870 secs] 2036864K->790206K(4037056K), 0.0797820 secs] [Times: user=0.81 sys=0.00, real=0.08 secs] 
17656.018: [GC 17656.018: [ParNew: 1358273K->121872K(1415616K), 0.0817850 secs] 2048574K->812173K(4037056K), 0.0821090 secs] [Times: user=0.84 sys=0.01, real=0.08 secs] 
17663.581: [GC 17663.581: [ParNew: 1380240K->107459K(1415616K), 0.0955820 secs] 2070541K->797760K(4037056K), 0.0958790 secs] [Times: user=0.83 sys=0.00, real=0.09 secs] 
17666.565: [GC 17666.565: [ParNew: 1365827K->110281K(1415616K), 0.0962500 secs] 2056128K->800582K(4037056K), 0.0965700 secs] [Times: user=0.67 sys=0.01, real=0.10 secs] 
17669.049: [GC 17669.049: [ParNew: 1368649K->123949K(1415616K), 0.0850840 secs] 2058950K->814250K(4037056K), 0.0853980 secs] [Times: user=0.85 sys=0.01, real=0.09 secs] 
17672.369: [GC 17672.369: [ParNew: 1382317K->121531K(1415616K), 0.1787310 secs] 2072618K->834214K(4037056K), 0.1791700 secs] [Times: user=0.90 sys=0.02, real=0.18 secs] 
17676.538: [GC 17676.539: [ParNew: 1379899K->123729K(1415616K), 0.1099900 secs] 2092582K->836413K(4037056K), 0.1103470 secs] [Times: user=0.95 sys=0.02, real=0.11 secs] 
17681.163: [GC 17681.164: [ParNew: 1382097K->126336K(1415616K), 0.1177570 secs] 2094781K->842439K(4037056K), 0.1180970 secs] [Times: user=0.91 sys=0.03, real=0.12 secs] 
17685.662: [GC 17685.662: [ParNew: 1384704K->124250K(1415616K), 0.1027310 secs] 2100807K->846248K(4037056K), 0.1030520 secs] [Times: user=0.99 sys=0.02, real=0.10 secs] 
17691.606: [GC 17691.606: [ParNew: 1382618K->108426K(1415616K), 0.0650680 secs] 2104616K->830424K(4037056K), 0.0653200 secs] [Times: user=0.77 sys=0.01, real=0.06 secs] 
17697.966: [GC 17697.966: [ParNew: 1366794K->119018K(1415616K), 0.0858170 secs] 2088792K->841016K(4037056K), 0.0861550 secs] [Times: user=0.94 sys=0.01, real=0.08 secs] 
17704.959: [GC 17704.959: [ParNew: 1377386K->134918K(1415616K), 0.0944900 secs] 2099384K->856916K(4037056K), 0.0947790 secs] [Times: user=1.06 sys=0.01, real=0.09 secs] 
17710.427: [GC 17710.428: [ParNew: 1393286K->109015K(1415616K), 0.2772720 secs] 2115284K->831013K(4037056K), 0.2775640 secs] [Times: user=0.80 sys=0.01, real=0.28 secs] 
17715.983: [GC 17715.983: [ParNew: 1367383K->108935K(1415616K), 0.1516850 secs] 2089381K->846898K(4037056K), 0.1520240 secs] [Times: user=1.24 sys=0.01, real=0.16 secs] 
17722.716: [GC 17722.716: [ParNew: 1367303K->114058K(1415616K), 0.1248840 secs] 2105266K->860339K(4037056K), 0.1252540 secs] [Times: user=1.07 sys=0.00, real=0.12 secs] 
17725.972: [GC 17725.972: [ParNew: 1372426K->126621K(1415616K), 0.2007180 secs] 2118707K->872903K(4037056K), 0.2010730 secs] [Times: user=0.90 sys=0.01, real=0.20 secs] 
17728.872: [GC 17728.872: [ParNew: 1384989K->114975K(1415616K), 0.1324860 secs] 2131271K->861256K(4037056K), 0.1327320 secs] [Times: user=0.77 sys=0.01, real=0.13 secs] 
17732.039: [GC 17732.039: [ParNew: 1373343K->130417K(1415616K), 0.1982850 secs] 2119624K->888401K(4037056K), 0.1986700 secs] [Times: user=1.14 sys=0.02, real=0.20 secs] 
17736.034: [GC 17736.034: [ParNew: 1388785K->119713K(1415616K), 0.1450080 secs] 2146769K->887984K(4037056K), 0.1453590 secs] [Times: user=1.05 sys=0.00, real=0.15 secs] 
17741.519: [GC 17741.519: [ParNew: 1378081K->122367K(1415616K), 0.0990450 secs] 2146352K->897159K(4037056K), 0.0994000 secs] [Times: user=0.83 sys=0.00, real=0.10 secs] 
17746.558: [GC 17746.559: [ParNew: 1380735K->97371K(1415616K), 0.0975270 secs] 2155527K->872164K(4037056K), 0.0978890 secs] [Times: user=0.86 sys=0.02, real=0.09 secs] 
17753.905: [GC 17753.905: [ParNew: 1355739K->104521K(1415616K), 0.0964030 secs] 2130532K->879313K(4037056K), 0.0968310 secs] [Times: user=0.77 sys=0.02, real=0.10 secs] 
17763.664: [GC 17763.664: [ParNew: 1362889K->105504K(1415616K), 0.0783150 secs] 2137681K->880297K(4037056K), 0.0787430 secs] [Times: user=0.73 sys=0.00, real=0.08 secs] 
17770.669: [GC 17770.669: [ParNew: 1363872K->119162K(1415616K), 0.3061920 secs] 2138665K->893955K(4037056K), 0.3066020 secs] [Times: user=0.65 sys=0.01, real=0.31 secs] 
17777.947: [GC 17777.947: [ParNew: 1377530K->136040K(1415616K), 0.1033720 secs] 2152323K->916141K(4037056K), 0.1037050 secs] [Times: user=1.08 sys=0.00, real=0.10 secs] 
17784.918: [GC 17784.919: [ParNew: 1394408K->109960K(1415616K), 0.1641920 secs] 2174509K->905300K(4037056K), 0.1645540 secs] [Times: user=0.95 sys=0.02, real=0.17 secs] 
17787.361: [GC 17787.362: [ParNew: 1368328K->113733K(1415616K), 0.0952930 secs] 2163668K->909073K(4037056K), 0.0955930 secs] [Times: user=0.67 sys=0.01, real=0.10 secs] 
17790.237: [GC 17790.237: [ParNew: 1372101K->107184K(1415616K), 0.2325530 secs] 2167441K->902524K(4037056K), 0.2329190 secs] [Times: user=0.69 sys=0.01, real=0.23 secs] 
17793.666: [GC 17793.666: [ParNew: 1365552K->119214K(1415616K), 0.1303510 secs] 2160892K->920861K(4037056K), 0.1307080 secs] [Times: user=1.04 sys=0.00, real=0.13 secs] 
17799.333: [GC 17799.333: [ParNew: 1377582K->107857K(1415616K), 0.1055820 secs] 2179229K->916002K(4037056K), 0.1058750 secs] [Times: user=0.91 sys=0.01, real=0.11 secs] 
17803.670: [GC 17803.670: [ParNew: 1366225K->114209K(1415616K), 0.0931290 secs] 2174370K->922354K(4037056K), 0.0934110 secs] [Times: user=0.86 sys=0.02, real=0.09 secs] 
17811.448: [GC 17811.448: [ParNew: 1372577K->109806K(1415616K), 0.0667300 secs] 2180722K->917950K(4037056K), 0.0670630 secs] [Times: user=0.73 sys=0.01, real=0.06 secs] 
17822.262: [GC 17822.262: [ParNew: 1368174K->123717K(1415616K), 0.0710730 secs] 2176318K->931861K(4037056K), 0.0713890 secs] [Times: user=0.77 sys=0.02, real=0.07 secs] 
17830.552: [GC 17830.552: [ParNew: 1382085K->89554K(1415616K), 0.3773610 secs] 2190229K->897699K(4037056K), 0.3777190 secs] [Times: user=0.63 sys=0.01, real=0.38 secs] 
17842.721: [GC 17842.721: [ParNew: 1347922K->106363K(1415616K), 0.1388180 secs] 2156067K->923820K(4037056K), 0.1390840 secs] [Times: user=0.80 sys=0.02, real=0.14 secs] 
17846.905: [GC 17846.906: [ParNew: 1364731K->83334K(1415616K), 0.0901370 secs] 2182188K->900791K(4037056K), 0.0904610 secs] [Times: user=0.56 sys=0.01, real=0.09 secs] 
17850.125: [GC 17850.125: [ParNew: 1341702K->102547K(1415616K), 0.1435400 secs] 2159159K->920004K(4037056K), 0.1438770 secs] [Times: user=0.72 sys=0.02, real=0.14 secs] 
17855.975: [GC 17855.975: [ParNew: 1360915K->98688K(1415616K), 0.0820200 secs] 2178372K->916145K(4037056K), 0.0823070 secs] [Times: user=0.77 sys=0.00, real=0.08 secs] 
17865.293: [GC 17865.293: [ParNew: 1357056K->112339K(1415616K), 0.0998530 secs] 2174513K->929796K(4037056K), 0.1001810 secs] [Times: user=0.80 sys=0.03, real=0.10 secs] 
17875.964: [GC 17875.965: [ParNew: 1370707K->99486K(1415616K), 0.0706690 secs] 2188164K->916942K(4037056K), 0.0709700 secs] [Times: user=0.70 sys=0.01, real=0.07 secs] 
17888.171: [GC 17888.171: [ParNew: 1357854K->97022K(1415616K), 0.0953770 secs] 2175310K->914479K(4037056K), 0.0957210 secs] [Times: user=0.81 sys=0.01, real=0.10 secs] 
17895.380: [GC 17895.380: [ParNew: 1355390K->110831K(1415616K), 0.0871090 secs] 2172847K->928287K(4037056K), 0.0874750 secs] [Times: user=0.85 sys=0.01, real=0.09 secs] 
17903.567: [GC 17903.567: [ParNew: 1369199K->114293K(1415616K), 0.0725200 secs] 2186655K->931749K(4037056K), 0.0728450 secs] [Times: user=0.88 sys=0.01, real=0.08 secs] 
17906.561: [GC 17906.561: [ParNew: 1372661K->113207K(1415616K), 0.0757960 secs] 2190117K->930663K(4037056K), 0.0761320 secs] [Times: user=0.69 sys=0.00, real=0.08 secs] 
17909.203: [GC 17909.203: [ParNew: 1371575K->113887K(1415616K), 0.1511230 secs] 2189031K->953732K(4037056K), 0.1514300 secs] [Times: user=1.13 sys=0.02, real=0.15 secs] 
17912.239: [GC 17912.239: [ParNew: 1372255K->111932K(1415616K), 0.1347410 secs] 2212100K->951777K(4037056K), 0.1350450 secs] [Times: user=0.91 sys=0.04, real=0.13 secs] 
17916.062: [GC 17916.062: [ParNew: 1370300K->117969K(1415616K), 0.1316560 secs] 2210145K->963029K(4037056K), 0.1319250 secs] [Times: user=0.98 sys=0.03, real=0.13 secs] 
17921.012: [GC 17921.012: [ParNew: 1376337K->108868K(1415616K), 0.1675990 secs] 2221397K->956462K(4037056K), 0.1679160 secs] [Times: user=0.91 sys=0.01, real=0.17 secs] 
17924.219: [GC 17924.220: [ParNew: 1367236K->129759K(1415616K), 0.0891050 secs] 2214830K->977353K(4037056K), 0.0894200 secs] [Times: user=0.98 sys=0.01, real=0.09 secs] 
17928.045: [GC 17928.045: [ParNew: 1388127K->123289K(1415616K), 0.0988020 secs] 2235721K->976926K(4037056K), 0.0991100 secs] [Times: user=1.05 sys=0.01, real=0.10 secs] 
17931.964: [GC 17931.964: [ParNew: 1381657K->112406K(1415616K), 0.1338270 secs] 2235294K->978687K(4037056K), 0.1341930 secs] [Times: user=1.07 sys=0.01, real=0.13 secs] 
17935.950: [GC 17935.950: [ParNew: 1370774K->113333K(1415616K), 0.1046770 secs] 2237055K->979615K(4037056K), 0.1050040 secs] [Times: user=1.00 sys=0.01, real=0.11 secs] 
17939.533: [GC 17939.533: [ParNew: 1371701K->125241K(1415616K), 0.1136450 secs] 2237983K->995148K(4037056K), 0.1139560 secs] [Times: user=1.08 sys=0.02, real=0.11 secs] 
17943.240: [GC 17943.241: [ParNew: 1383609K->129623K(1415616K), 0.1785980 secs] 2253516K->1006546K(4037056K), 0.1789300 secs] [Times: user=1.07 sys=0.01, real=0.18 secs] 
17945.963: [GC 17945.963: [ParNew: 1387991K->140029K(1415616K), 0.0975090 secs] 2264914K->1021878K(4037056K), 0.0978300 secs] [Times: user=1.05 sys=0.01, real=0.09 secs] 
17949.212: [GC 17949.212: [ParNew: 1398397K->118029K(1415616K), 0.1070300 secs] 2280246K->1012804K(4037056K), 0.1073310 secs] [Times: user=1.15 sys=0.00, real=0.11 secs] 
17952.281: [GC 17952.281: [ParNew: 1376397K->138096K(1415616K), 0.0842640 secs] 2271172K->1038592K(4037056K), 0.0846480 secs] [Times: user=1.09 sys=0.00, real=0.09 secs] 
17955.471: [GC 17955.471: [ParNew: 1396464K->106413K(1415616K), 0.1373020 secs] 2296960K->1019644K(4037056K), 0.1376890 secs] [Times: user=1.11 sys=0.01, real=0.14 secs] 
17958.417: [GC 17958.417: [ParNew: 1364781K->115553K(1415616K), 0.1052510 secs] 2278012K->1035259K(4037056K), 0.1056170 secs] [Times: user=1.02 sys=0.01, real=0.11 secs] 
17961.467: [GC 17961.467: [ParNew: 1373921K->105311K(1415616K), 0.1121690 secs] 2293627K->1031696K(4037056K), 0.1124950 secs] [Times: user=0.97 sys=0.03, real=0.11 secs] 
17964.669: [GC 17964.669: [ParNew: 1363679K->136434K(1415616K), 0.1089790 secs] 2290064K->1062819K(4037056K), 0.1093050 secs] [Times: user=0.94 sys=0.04, real=0.11 secs] 
17966.561: [GC 17966.561: [ParNew: 1394802K->104031K(1415616K), 0.0946010 secs] 2321187K->1036923K(4037056K), 0.0949370 secs] [Times: user=0.86 sys=0.02, real=0.10 secs] 
17968.671: [GC 17968.671: [ParNew: 1362399K->125313K(1415616K), 0.1037130 secs] 2295291K->1064274K(4037056K), 0.1040720 secs] [Times: user=0.95 sys=0.00, real=0.11 secs] 
17970.625: [GC 17970.625: [ParNew: 1383681K->124176K(1415616K), 0.0925940 secs] 2322642K->1069426K(4037056K), 0.0929370 secs] [Times: user=0.84 sys=0.01, real=0.09 secs] 
17972.482: [GC 17972.482: [ParNew: 1382544K->120659K(1415616K), 0.1172280 secs] 2327794K->1070453K(4037056K), 0.1175390 secs] [Times: user=0.95 sys=0.01, real=0.12 secs] 
17975.155: [GC 17975.155: [ParNew: 1379027K->120926K(1415616K), 0.1291460 secs] 2328821K->1082887K(4037056K), 0.1294840 secs] [Times: user=0.98 sys=0.00, real=0.13 secs] 
17977.938: [GC 17977.938: [ParNew: 1379294K->132277K(1415616K), 0.0981770 secs] 2341255K->1094238K(4037056K), 0.0984940 secs] [Times: user=0.96 sys=0.02, real=0.10 secs] 
17979.918: [GC 17979.918: [ParNew: 1390645K->124467K(1415616K), 0.1262900 secs] 2352606K->1092855K(4037056K), 0.1266360 secs] [Times: user=0.98 sys=0.01, real=0.12 secs] 
17981.816: [GC 17981.816: [ParNew: 1382835K->127652K(1415616K), 0.1142920 secs] 2351223K->1102517K(4037056K), 0.1146220 secs] [Times: user=1.07 sys=0.02, real=0.11 secs] 
17984.070: [GC 17984.070: [ParNew: 1386020K->131754K(1415616K), 0.1476160 secs] 2360885K->1119128K(4037056K), 0.1479320 secs] [Times: user=1.16 sys=0.01, real=0.15 secs] 
17988.927: [GC 17988.927: [ParNew: 1390122K->106442K(1415616K), 0.1400290 secs] 2377496K->1102690K(4037056K), 0.1403530 secs] [Times: user=0.97 sys=0.01, real=0.14 secs] 
17999.801: [GC 17999.802: [ParNew: 1364810K->84862K(1415616K), 0.0794030 secs] 2361058K->1081111K(4037056K), 0.0808770 secs] [Times: user=0.53 sys=0.01, real=0.08 secs] 
18010.479: [GC 18010.479: [ParNew: 1343230K->65502K(1415616K), 0.2234350 secs] 2339479K->1061751K(4037056K), 0.2237720 secs] [Times: user=0.48 sys=0.00, real=0.23 secs] 
18021.644: [GC 18021.644: [ParNew: 1323870K->71350K(1415616K), 0.0558230 secs] 2320119K->1067599K(4037056K), 0.0561140 secs] [Times: user=0.56 sys=0.00, real=0.05 secs] 
18026.047: [GC 18026.047: [ParNew: 1329718K->64325K(1415616K), 0.2219960 secs] 2325967K->1060573K(4037056K), 0.2223370 secs] [Times: user=0.58 sys=0.09, real=0.22 secs] 
18029.640: [GC 18029.640: [ParNew: 1322693K->87831K(1415616K), 0.0697570 secs] 2318941K->1084079K(4037056K), 0.0701430 secs] [Times: user=0.67 sys=0.00, real=0.07 secs] 
18032.503: [GC 18032.503: [ParNew: 1346199K->107233K(1415616K), 0.0794530 secs] 2342447K->1103482K(4037056K), 0.0796920 secs] [Times: user=0.69 sys=0.02, real=0.08 secs] 
18040.314: [GC 18040.314: [ParNew: 1365601K->93007K(1415616K), 0.1474490 secs] 2361850K->1089256K(4037056K), 0.1478130 secs] [Times: user=0.72 sys=0.03, real=0.14 secs] 
18046.880: [GC 18046.880: [ParNew: 1351375K->93414K(1415616K), 0.0914070 secs] 2347624K->1089662K(4037056K), 0.0917470 secs] [Times: user=0.70 sys=0.02, real=0.09 secs] 
18057.827: [GC 18057.828: [ParNew: 1351782K->87131K(1415616K), 0.0879630 secs] 2348030K->1083379K(4037056K), 0.0883090 secs] [Times: user=0.59 sys=0.01, real=0.09 secs] 
18066.537: [GC 18066.537: [ParNew: 1345499K->92405K(1415616K), 0.0834880 secs] 2341747K->1088653K(4037056K), 0.0838490 secs] [Times: user=0.64 sys=0.01, real=0.08 secs] 
18073.400: [GC 18073.401: [ParNew: 1350773K->98640K(1415616K), 0.0789130 secs] 2347021K->1094888K(4037056K), 0.0792360 secs] [Times: user=0.80 sys=0.01, real=0.08 secs] 
18083.373: [GC 18083.373: [ParNew: 1357008K->106914K(1415616K), 0.0756650 secs] 2353256K->1103163K(4037056K), 0.0759740 secs] [Times: user=0.69 sys=0.00, real=0.08 secs] 
18086.341: [GC 18086.341: [ParNew: 1365282K->85520K(1415616K), 0.1445960 secs] 2361531K->1081768K(4037056K), 0.1449010 secs] [Times: user=0.55 sys=0.01, real=0.14 secs] 
18089.383: [GC 18089.383: [ParNew: 1343888K->103026K(1415616K), 0.0830890 secs] 2340136K->1099274K(4037056K), 0.0834630 secs] [Times: user=0.81 sys=0.00, real=0.08 secs] 
18092.040: [GC 18092.041: [ParNew: 1361394K->114493K(1415616K), 0.1289230 secs] 2357642K->1110742K(4037056K), 0.1292170 secs] [Times: user=0.85 sys=0.02, real=0.13 secs] 
18097.012: [GC 18097.012: [ParNew: 1372861K->122294K(1415616K), 0.0819450 secs] 2369110K->1118542K(4037056K), 0.0823000 secs] [Times: user=0.83 sys=0.01, real=0.08 secs] 
18103.423: [GC 18103.424: [ParNew: 1380662K->88497K(1415616K), 0.1815380 secs] 2376910K->1117596K(4037056K), 0.1818970 secs] [Times: user=1.00 sys=0.02, real=0.18 secs] 
18115.145: [GC 18115.145: [ParNew: 1346865K->55577K(1415616K), 0.0589740 secs] 2375964K->1084676K(4037056K), 0.0593580 secs] [Times: user=0.41 sys=0.00, real=0.06 secs] 
18127.908: [GC 18127.909: [ParNew: 1313945K->45045K(1415616K), 0.0604910 secs] 2343044K->1074144K(4037056K), 0.0608200 secs] [Times: user=0.47 sys=0.01, real=0.06 secs] 
18137.971: [GC 18137.971: [ParNew: 1303413K->64282K(1415616K), 0.0698360 secs] 2332512K->1093381K(4037056K), 0.0700390 secs] [Times: user=0.55 sys=0.01, real=0.07 secs] 
18145.283: [GC 18145.283: [ParNew: 1322650K->66746K(1415616K), 0.0501220 secs] 2351749K->1095845K(4037056K), 0.0509310 secs] [Times: user=0.44 sys=0.01, real=0.05 secs] 
18149.121: [GC 18149.122: [ParNew: 1325114K->55663K(1415616K), 0.0534770 secs] 2354213K->1084762K(4037056K), 0.0537950 secs] [Times: user=0.53 sys=0.00, real=0.06 secs] 
18152.872: [GC 18152.872: [ParNew: 1314031K->63106K(1415616K), 0.0877530 secs] 2343130K->1092205K(4037056K), 0.0880550 secs] [Times: user=0.55 sys=0.02, real=0.09 secs] 
18161.959: [GC 18161.959: [ParNew: 1321474K->73804K(1415616K), 0.1031900 secs] 2350573K->1102903K(4037056K), 0.1034760 secs] [Times: user=0.49 sys=0.01, real=0.10 secs] 
18171.984: [GC 18171.984: [ParNew: 1332172K->65118K(1415616K), 0.0656390 secs] 2361271K->1094217K(4037056K), 0.0659750 secs] [Times: user=0.43 sys=0.02, real=0.07 secs] 
18187.292: [GC 18187.292: [ParNew: 1323486K->46965K(1415616K), 0.0447850 secs] 2352585K->1076063K(4037056K), 0.0450610 secs] [Times: user=0.41 sys=0.00, real=0.04 secs] 
18200.271: [GC 18200.271: [ParNew: 1305333K->54796K(1415616K), 0.0779280 secs] 2334431K->1083895K(4037056K), 0.0784870 secs] [Times: user=0.51 sys=0.00, real=0.07 secs] 
18206.466: [GC 18206.466: [ParNew: 1313164K->46766K(1415616K), 0.0477320 secs] 2342263K->1075864K(4037056K), 0.0479950 secs] [Times: user=0.35 sys=0.00, real=0.05 secs] 
18210.332: [GC 18210.332: [ParNew: 1305134K->58118K(1415616K), 0.0722460 secs] 2334232K->1087217K(4037056K), 0.0725170 secs] [Times: user=0.38 sys=0.01, real=0.07 secs] 
18215.667: [GC 18215.668: [ParNew: 1316486K->67222K(1415616K), 0.0658670 secs] 2345585K->1096320K(4037056K), 0.0661620 secs] [Times: user=0.61 sys=0.01, real=0.07 secs] 
18225.544: [GC 18225.544: [ParNew: 1325590K->71208K(1415616K), 0.0550120 secs] 2354688K->1100307K(4037056K), 0.0553620 secs] [Times: user=0.51 sys=0.01, real=0.06 secs] 
18238.833: [GC 18238.833: [ParNew: 1329576K->46013K(1415616K), 0.0579900 secs] 2358675K->1075112K(4037056K), 0.0583290 secs] [Times: user=0.48 sys=0.01, real=0.06 secs] 
18250.453: [GC 18250.453: [ParNew: 1304381K->47656K(1415616K), 0.4440390 secs] 2333480K->1076755K(4037056K), 0.4443280 secs] [Times: user=0.38 sys=0.07, real=0.44 secs] 
18262.598: [GC 18262.598: [ParNew: 1306024K->51310K(1415616K), 0.0572240 secs] 2335123K->1080409K(4037056K), 0.0575410 secs] [Times: user=0.40 sys=0.00, real=0.05 secs] 
18266.896: [GC 18266.896: [ParNew: 1309678K->58645K(1415616K), 0.2033920 secs] 2338777K->1087743K(4037056K), 0.2037370 secs] [Times: user=0.44 sys=0.06, real=0.21 secs] 
18270.279: [GC 18270.279: [ParNew: 1317013K->65077K(1415616K), 0.1127310 secs] 2346111K->1094176K(4037056K), 0.1130590 secs] [Times: user=0.48 sys=0.01, real=0.11 secs] 
18275.493: [GC 18275.494: [ParNew: 1323445K->75622K(1415616K), 0.0742960 secs] 2352544K->1104721K(4037056K), 0.0746330 secs] [Times: user=0.63 sys=0.01, real=0.07 secs] 
18283.897: [GC 18283.897: [ParNew: 1333990K->72451K(1415616K), 0.0691960 secs] 2363089K->1101550K(4037056K), 0.0694670 secs] [Times: user=0.60 sys=0.01, real=0.07 secs] 
18293.996: [GC 18293.996: [ParNew: 1330819K->70624K(1415616K), 0.0478810 secs] 2359918K->1099722K(4037056K), 0.0481840 secs] [Times: user=0.43 sys=0.00, real=0.05 secs] 
18307.072: [GC 18307.072: [ParNew: 1328992K->46988K(1415616K), 0.0403020 secs] 2358090K->1076087K(4037056K), 0.0406440 secs] [Times: user=0.43 sys=0.01, real=0.04 secs] 
18318.885: [GC 18318.886: [ParNew: 1305356K->55065K(1415616K), 0.1011150 secs] 2334455K->1084164K(4037056K), 0.1014020 secs] [Times: user=0.47 sys=0.01, real=0.10 secs] 
18325.885: [GC 18325.885: [ParNew: 1313433K->60542K(1415616K), 0.0576340 secs] 2342532K->1089641K(4037056K), 0.0580110 secs] [Times: user=0.43 sys=0.00, real=0.06 secs] 
18330.097: [GC 18330.097: [ParNew: 1318910K->69849K(1415616K), 0.1946610 secs] 2348009K->1098948K(4037056K), 0.1950270 secs] [Times: user=0.57 sys=0.02, real=0.19 secs] 
18334.671: [GC 18334.671: [ParNew: 1328217K->59955K(1415616K), 0.0608490 secs] 2357316K->1089054K(4037056K), 0.0611350 secs] [Times: user=0.58 sys=0.01, real=0.06 secs] 
18344.677: [GC 18344.677: [ParNew: 1318323K->73991K(1415616K), 0.0536580 secs] 2347422K->1103089K(4037056K), 0.0539740 secs] [Times: user=0.52 sys=0.01, real=0.06 secs] 
18359.914: [GC 18359.914: [ParNew: 1332359K->42666K(1415616K), 0.0548020 secs] 2361457K->1071765K(4037056K), 0.0551210 secs] [Times: user=0.44 sys=0.02, real=0.05 secs] 
18370.622: [GC 18370.623: [ParNew: 1301034K->60182K(1415616K), 0.1961030 secs] 2330133K->1089281K(4037056K), 0.1963990 secs] [Times: user=0.43 sys=0.01, real=0.19 secs] 
18384.295: [GC 18384.296: [ParNew: 1318550K->57495K(1415616K), 0.0737050 secs] 2347649K->1086593K(4037056K), 0.0741330 secs] [Times: user=0.48 sys=0.00, real=0.07 secs] 
18387.184: [GC 18387.184: [ParNew: 1315863K->60617K(1415616K), 0.1116940 secs] 2344961K->1089715K(4037056K), 0.1119660 secs] [Times: user=0.41 sys=0.01, real=0.11 secs] 
18390.611: [GC 18390.611: [ParNew: 1318985K->70410K(1415616K), 0.0480280 secs] 2348083K->1099509K(4037056K), 0.0482630 secs] [Times: user=0.43 sys=0.00, real=0.05 secs] 
18398.239: [GC 18398.240: [ParNew: 1328778K->73885K(1415616K), 0.0546030 secs] 2357877K->1102984K(4037056K), 0.0549360 secs] [Times: user=0.56 sys=0.02, real=0.06 secs] 
18407.234: [GC 18407.234: [ParNew: 1332253K->54008K(1415616K), 0.0491630 secs] 2361352K->1083107K(4037056K), 0.0494470 secs] [Times: user=0.50 sys=0.01, real=0.05 secs] 
18419.832: [GC 18419.832: [ParNew: 1312376K->68312K(1415616K), 0.0607900 secs] 2341475K->1097410K(4037056K), 0.0611350 secs] [Times: user=0.49 sys=0.01, real=0.06 secs] 
18430.119: [GC 18430.119: [ParNew: 1326680K->44095K(1415616K), 0.2379680 secs] 2355778K->1073193K(4037056K), 0.2383280 secs] [Times: user=0.38 sys=0.04, real=0.23 secs] 
18441.859: [GC 18441.860: [ParNew: 1302463K->51485K(1415616K), 0.0498470 secs] 2331561K->1080584K(4037056K), 0.0502000 secs] [Times: user=0.43 sys=0.00, real=0.05 secs] 
18447.057: [GC 18447.057: [ParNew: 1309853K->53957K(1415616K), 0.1776610 secs] 2338952K->1083056K(4037056K), 0.1780320 secs] [Times: user=0.37 sys=0.01, real=0.18 secs] 
18450.544: [GC 18450.544: [ParNew: 1312325K->61994K(1415616K), 0.0530180 secs] 2341424K->1091092K(4037056K), 0.0533120 secs] [Times: user=0.39 sys=0.00, real=0.05 secs] 
18455.645: [GC 18455.645: [ParNew: 1320362K->68469K(1415616K), 0.0621800 secs] 2349460K->1097568K(4037056K), 0.0624870 secs] [Times: user=0.60 sys=0.01, real=0.06 secs] 
18465.216: [GC 18465.217: [ParNew: 1326837K->75425K(1415616K), 0.0494920 secs] 2355936K->1104524K(4037056K), 0.0500340 secs] [Times: user=0.52 sys=0.01, real=0.05 secs] 
18475.971: [GC 18475.971: [ParNew: 1333793K->56640K(1415616K), 0.0570420 secs] 2362892K->1085738K(4037056K), 0.0573670 secs] [Times: user=0.52 sys=0.01, real=0.06 secs] 
18488.105: [GC 18488.106: [ParNew: 1315008K->56286K(1415616K), 0.0670440 secs] 2344106K->1085385K(4037056K), 0.0673830 secs] [Times: user=0.52 sys=0.02, real=0.06 secs] 
18497.745: [GC 18497.746: [ParNew: 1314595K->68979K(1415616K), 0.0737170 secs] 2343694K->1098077K(4037056K), 0.0740560 secs] [Times: user=0.64 sys=0.01, real=0.07 secs] 
18506.277: [GC 18506.277: [ParNew: 1327347K->70451K(1415616K), 0.0649790 secs] 2356445K->1099549K(4037056K), 0.0652410 secs] [Times: user=0.39 sys=0.01, real=0.06 secs] 
18509.977: [GC 18509.977: [ParNew: 1328819K->57702K(1415616K), 0.2161100 secs] 2357917K->1086801K(4037056K), 0.2164470 secs] [Times: user=0.57 sys=0.04, real=0.22 secs] 
18514.116: [GC 18514.116: [ParNew: 1316070K->65550K(1415616K), 0.0866740 secs] 2345169K->1094649K(4037056K), 0.0869490 secs] [Times: user=0.52 sys=0.01, real=0.09 secs] 
18521.876: [GC 18521.876: [ParNew: 1323918K->65850K(1415616K), 0.0590670 secs] 2353017K->1094949K(4037056K), 0.0594320 secs] [Times: user=0.51 sys=0.00, real=0.06 secs] 
18530.897: [GC 18530.897: [ParNew: 1324218K->54568K(1415616K), 0.0615290 secs] 2353317K->1083667K(4037056K), 0.0618810 secs] [Times: user=0.46 sys=0.00, real=0.06 secs] 
18543.375: [GC 18543.376: [ParNew: 1312936K->57522K(1415616K), 0.0410140 secs] 2342035K->1086620K(4037056K), 0.0413830 secs] [Times: user=0.44 sys=0.00, real=0.04 secs] 
18552.252: [GC 18552.252: [ParNew: 1315890K->59374K(1415616K), 0.0472090 secs] 2344988K->1088473K(4037056K), 0.0475560 secs] [Times: user=0.45 sys=0.00, real=0.04 secs] 
18564.097: [GC 18564.097: [ParNew: 1317742K->49217K(1415616K), 0.0415690 secs] 2346841K->1078315K(4037056K), 0.0418650 secs] [Times: user=0.44 sys=0.01, real=0.04 secs] 
18567.327: [GC 18567.327: [ParNew: 1307585K->54576K(1415616K), 0.1061700 secs] 2336683K->1083675K(4037056K), 0.1064800 secs] [Times: user=0.42 sys=0.01, real=0.11 secs] 
18570.589: [GC 18570.589: [ParNew: 1312944K->64304K(1415616K), 0.0666560 secs] 2342043K->1093402K(4037056K), 0.0669630 secs] [Times: user=0.44 sys=0.00, real=0.07 secs] 
18574.442: [GC 18574.442: [ParNew: 1322672K->78487K(1415616K), 0.0574970 secs] 2351770K->1107586K(4037056K), 0.0578440 secs] [Times: user=0.61 sys=0.02, real=0.06 secs] 
18581.907: [GC 18581.907: [ParNew: 1336855K->64687K(1415616K), 0.0701670 secs] 2365954K->1093786K(4037056K), 0.0704690 secs] [Times: user=0.53 sys=0.00, real=0.07 secs] 
18591.812: [GC 18591.812: [ParNew: 1323055K->70478K(1415616K), 0.0646260 secs] 2352154K->1099577K(4037056K), 0.0649590 secs] [Times: user=0.53 sys=0.00, real=0.07 secs] 
18604.357: [GC 18604.358: [ParNew: 1328846K->50864K(1415616K), 0.0688830 secs] 2357945K->1079963K(4037056K), 0.0692620 secs] [Times: user=0.46 sys=0.02, real=0.07 secs] 
18613.756: [GC 18613.757: [ParNew: 1309232K->61641K(1415616K), 0.0664780 secs] 2338331K->1090740K(4037056K), 0.0668090 secs] [Times: user=0.57 sys=0.00, real=0.07 secs] 
18625.157: [GC 18625.158: [ParNew: 1320009K->58099K(1415616K), 0.0660800 secs] 2349108K->1087198K(4037056K), 0.0664090 secs] [Times: user=0.47 sys=0.01, real=0.07 secs] 
18628.309: [GC 18628.309: [ParNew: 1316467K->55615K(1415616K), 0.0771210 secs] 2345566K->1084713K(4037056K), 0.0774140 secs] [Times: user=0.46 sys=0.00, real=0.08 secs] 
18631.773: [GC 18631.773: [ParNew: 1313983K->72872K(1415616K), 0.0728880 secs] 2343081K->1101971K(4037056K), 0.0732220 secs] [Times: user=0.61 sys=0.03, real=0.07 secs] 
18637.170: [GC 18637.170: [ParNew: 1331240K->74969K(1415616K), 0.0651540 secs] 2360339K->1104068K(4037056K), 0.0654730 secs] [Times: user=0.57 sys=0.01, real=0.07 secs] 
18645.680: [GC 18645.681: [ParNew: 1333337K->75375K(1415616K), 0.0524490 secs] 2362436K->1104474K(4037056K), 0.0527610 secs] [Times: user=0.59 sys=0.00, real=0.06 secs] 
18658.477: [GC 18658.478: [ParNew: 1333743K->54224K(1415616K), 0.0485360 secs] 2362842K->1083323K(4037056K), 0.0488470 secs] [Times: user=0.47 sys=0.02, real=0.05 secs] 
18672.222: [GC 18672.222: [ParNew: 1312592K->66122K(1415616K), 0.0533390 secs] 2341691K->1095221K(4037056K), 0.0536540 secs] [Times: user=0.52 sys=0.01, real=0.05 secs] 
18684.958: [GC 18684.958: [ParNew: 1324490K->52174K(1415616K), 0.0745230 secs] 2353589K->1081272K(4037056K), 0.0748690 secs] [Times: user=0.47 sys=0.01, real=0.07 secs] 
18688.615: [GC 18688.615: [ParNew: 1310542K->55217K(1415616K), 0.0717110 secs] 2339640K->1084315K(4037056K), 0.0720420 secs] [Times: user=0.52 sys=0.02, real=0.07 secs] 
18692.065: [GC 18692.066: [ParNew: 1313585K->74301K(1415616K), 0.0676780 secs] 2342683K->1103400K(4037056K), 0.0680680 secs] [Times: user=0.63 sys=0.01, real=0.07 secs] 
18700.584: [GC 18700.584: [ParNew: 1332669K->77903K(1415616K), 0.0702720 secs] 2361768K->1107002K(4037056K), 0.0706060 secs] [Times: user=0.51 sys=0.02, real=0.07 secs] 
18710.060: [GC 18710.060: [ParNew: 1336271K->60762K(1415616K), 0.0649340 secs] 2365370K->1089861K(4037056K), 0.0653250 secs] [Times: user=0.53 sys=0.00, real=0.06 secs] 
18725.754: [GC 18725.754: [ParNew: 1319055K->63101K(1415616K), 0.0942420 secs] 2348154K->1092200K(4037056K), 0.0945800 secs] [Times: user=0.52 sys=0.02, real=0.09 secs] 
18735.380: [GC 18735.380: [ParNew: 1321469K->73843K(1415616K), 0.0670310 secs] 2350568K->1102942K(4037056K), 0.0673370 secs] [Times: user=0.67 sys=0.01, real=0.07 secs] 
18745.351: [GC 18745.351: [ParNew: 1332211K->63332K(1415616K), 0.0630540 secs] 2361310K->1092430K(4037056K), 0.0633550 secs] [Times: user=0.40 sys=0.01, real=0.07 secs] 
18749.855: [GC 18749.855: [ParNew: 1321700K->59594K(1415616K), 0.0784970 secs] 2350798K->1088693K(4037056K), 0.0795780 secs] [Times: user=0.62 sys=0.02, real=0.08 secs] 
18753.759: [GC 18753.759: [ParNew: 1317962K->84220K(1415616K), 0.0965340 secs] 2347061K->1113319K(4037056K), 0.0970150 secs] [Times: user=0.64 sys=0.01, real=0.10 secs] 
18763.006: [GC 18763.006: [ParNew: 1342588K->79277K(1415616K), 0.0592730 secs] 2371687K->1108376K(4037056K), 0.0596430 secs] [Times: user=0.62 sys=0.01, real=0.06 secs] 
18774.721: [GC 18774.721: [ParNew: 1337645K->49110K(1415616K), 0.0592860 secs] 2366744K->1078209K(4037056K), 0.0596290 secs] [Times: user=0.47 sys=0.01, real=0.06 secs] 
18789.914: [GC 18789.914: [ParNew: 1307478K->51357K(1415616K), 0.3325430 secs] 2336577K->1080455K(4037056K), 0.3328890 secs] [Times: user=0.46 sys=0.02, real=0.33 secs] 
18803.986: [GC 18803.986: [ParNew: 1309725K->56605K(1415616K), 0.0595980 secs] 2338823K->1085703K(4037056K), 0.0599250 secs] [Times: user=0.42 sys=0.01, real=0.06 secs] 
18807.962: [GC 18807.963: [ParNew: 1314973K->61212K(1415616K), 0.1209100 secs] 2344071K->1090311K(4037056K), 0.1213110 secs] [Times: user=0.52 sys=0.01, real=0.12 secs] 
18812.134: [GC 18812.135: [ParNew: 1319580K->64828K(1415616K), 0.0832910 secs] 2348679K->1093927K(4037056K), 0.0836370 secs] [Times: user=0.57 sys=0.00, real=0.08 secs] 
18856.541: [GC 18856.541: [ParNew: 1323196K->66867K(1415616K), 0.0729190 secs] 2352295K->1095965K(4037056K), 0.0732930 secs] [Times: user=0.62 sys=0.01, real=0.07 secs] 
18986.934: [GC 18986.935: [ParNew: 1325235K->52845K(1415616K), 0.1975740 secs] 2354333K->1081943K(4037056K), 0.1979290 secs] [Times: user=0.47 sys=0.01, real=0.20 secs] 
19106.417: [GC 19106.417: [ParNew: 1311213K->65677K(1415616K), 0.0836070 secs] 2340311K->1094776K(4037056K), 0.0840260 secs] [Times: user=0.52 sys=0.01, real=0.08 secs] 
19227.226: [GC 19227.227: [ParNew: 1324045K->71647K(1415616K), 0.0944000 secs] 2353144K->1100746K(4037056K), 0.0946890 secs] [Times: user=0.54 sys=0.01, real=0.10 secs] 
19349.935: [GC 19349.936: [ParNew: 1330015K->80415K(1415616K), 0.2658740 secs] 2359114K->1109513K(4037056K), 0.2662160 secs] [Times: user=0.71 sys=0.02, real=0.26 secs] 
19469.915: [GC 19469.916: [ParNew: 1338783K->53563K(1415616K), 0.2137130 secs] 2367881K->1082662K(4037056K), 0.2141090 secs] [Times: user=0.60 sys=0.04, real=0.22 secs] 
19569.963: [GC 19569.964: [ParNew: 1311931K->76053K(1415616K), 0.4703360 secs] 2341030K->1105152K(4037056K), 0.4706680 secs] [Times: user=0.49 sys=0.06, real=0.47 secs] 
19689.826: [GC 19689.826: [ParNew: 1334421K->53851K(1415616K), 0.0667160 secs] 2363520K->1082950K(4037056K), 0.0670650 secs] [Times: user=0.56 sys=0.00, real=0.06 secs] 
19797.388: [GC 19797.388: [ParNew: 1312219K->65385K(1415616K), 0.0590360 secs] 2341318K->1094484K(4037056K), 0.0593650 secs] [Times: user=0.61 sys=0.01, real=0.06 secs] 
19917.544: [GC 19917.544: [ParNew: 1323753K->69212K(1415616K), 0.0664000 secs] 2352852K->1098310K(4037056K), 0.0667440 secs] [Times: user=0.60 sys=0.01, real=0.07 secs] 
20049.748: [GC 20049.749: [ParNew: 1327580K->56845K(1415616K), 0.0835190 secs] 2356678K->1085943K(4037056K), 0.0838920 secs] [Times: user=0.67 sys=0.01, real=0.08 secs] 
20169.966: [GC 20169.966: [ParNew: 1315213K->62903K(1415616K), 0.4006080 secs] 2344311K->1092002K(4037056K), 0.4009730 secs] [Times: user=0.71 sys=0.02, real=0.40 secs] 
20291.208: [GC 20291.208: [ParNew: 1321271K->68758K(1415616K), 0.0895670 secs] 2350370K->1097856K(4037056K), 0.0898930 secs] [Times: user=0.66 sys=0.02, real=0.09 secs] 
20414.359: [GC 20414.360: [ParNew: 1327126K->81473K(1415616K), 0.0917150 secs] 2356224K->1110571K(4037056K), 0.0920730 secs] [Times: user=0.76 sys=0.01, real=0.09 secs] 
20540.414: [GC 20540.414: [ParNew: 1339841K->73454K(1415616K), 0.0698080 secs] 2368939K->1102553K(4037056K), 0.0701310 secs] [Times: user=0.65 sys=0.00, real=0.07 secs] 
20660.294: [GC 20660.295: [ParNew: 1331822K->59305K(1415616K), 0.0909290 secs] 2360921K->1088404K(4037056K), 0.0912590 secs] [Times: user=0.69 sys=0.03, real=0.09 secs] 
20761.941: [GC 20761.941: [ParNew: 1317673K->68716K(1415616K), 0.1077910 secs] 2346772K->1097814K(4037056K), 0.1081680 secs] [Times: user=0.67 sys=0.01, real=0.11 secs] 
20889.935: [GC 20889.936: [ParNew: 1327084K->84530K(1415616K), 0.3232750 secs] 2356182K->1113629K(4037056K), 0.3236240 secs] [Times: user=0.63 sys=0.01, real=0.32 secs] 
21015.756: [GC 21015.756: [ParNew: 1342898K->68705K(1415616K), 0.1546880 secs] 2371997K->1097803K(4037056K), 0.1550500 secs] [Times: user=0.78 sys=0.02, real=0.16 secs] 
21140.349: [GC 21140.349: [ParNew: 1327073K->76351K(1415616K), 0.0863210 secs] 2356171K->1105450K(4037056K), 0.0867230 secs] [Times: user=0.78 sys=0.04, real=0.09 secs] 
21260.347: [GC 21260.347: [ParNew: 1334719K->76958K(1415616K), 0.0746410 secs] 2363818K->1106056K(4037056K), 0.0748940 secs] [Times: user=0.77 sys=0.01, real=0.07 secs] 
21381.881: [GC 21381.881: [ParNew: 1335326K->81044K(1415616K), 0.0858810 secs] 2364424K->1110142K(4037056K), 0.0862610 secs] [Times: user=0.69 sys=0.02, real=0.08 secs] 
21497.976: [GC 21497.976: [ParNew: 1339412K->68593K(1415616K), 0.0844950 secs] 2368510K->1097692K(4037056K), 0.0848510 secs] [Times: user=0.77 sys=0.01, real=0.08 secs] 
21626.917: [GC 21626.918: [ParNew: 1326961K->82376K(1415616K), 0.1199080 secs] 2356060K->1111475K(4037056K), 0.1201900 secs] [Times: user=0.73 sys=0.05, real=0.12 secs] 
21753.181: [GC 21753.182: [ParNew: 1340744K->99310K(1415616K), 0.0820020 secs] 2369843K->1128409K(4037056K), 0.0823500 secs] [Times: user=0.96 sys=0.01, real=0.09 secs] 
21880.115: [GC 21880.115: [ParNew: 1357678K->93827K(1415616K), 0.1994540 secs] 2386777K->1122926K(4037056K), 0.1998340 secs] [Times: user=0.74 sys=0.01, real=0.20 secs] 
22001.953: [GC 22001.953: [ParNew: 1352195K->86567K(1415616K), 0.1200370 secs] 2381294K->1115666K(4037056K), 0.1204010 secs] [Times: user=0.83 sys=0.02, real=0.12 secs] 
22123.167: [GC 22123.168: [ParNew: 1344935K->96627K(1415616K), 0.0916180 secs] 2374034K->1125726K(4037056K), 0.0919350 secs] [Times: user=0.90 sys=0.02, real=0.09 secs] 
22240.923: [GC 22240.923: [ParNew: 1354995K->97940K(1415616K), 0.1535340 secs] 2384094K->1127039K(4037056K), 0.1538780 secs] [Times: user=0.86 sys=0.04, real=0.15 secs] 
22361.687: [GC 22361.688: [ParNew: 1356308K->94445K(1415616K), 0.1610260 secs] 2385407K->1123544K(4037056K), 0.1613880 secs] [Times: user=0.87 sys=0.01, real=0.16 secs] 
22476.959: [GC 22476.959: [ParNew: 1352813K->101294K(1415616K), 0.1147110 secs] 2381912K->1130392K(4037056K), 0.1150470 secs] [Times: user=0.86 sys=0.01, real=0.11 secs] 
22601.022: [GC 22601.022: [ParNew: 1359662K->115191K(1415616K), 0.1763980 secs] 2388760K->1144290K(4037056K), 0.1768660 secs] [Times: user=0.77 sys=0.02, real=0.18 secs] 
22723.052: [GC 22723.052: [ParNew: 1373559K->84373K(1415616K), 0.1240400 secs] 2402658K->1113472K(4037056K), 0.1243680 secs] [Times: user=0.86 sys=0.01, real=0.13 secs] 
22848.948: [GC 22848.948: [ParNew: 1342741K->105101K(1415616K), 0.1034270 secs] 2371840K->1134199K(4037056K), 0.1037730 secs] [Times: user=0.90 sys=0.02, real=0.11 secs] 
22973.818: [GC 22973.819: [ParNew: 1363469K->66563K(1415616K), 0.0779680 secs] 2392567K->1095662K(4037056K), 0.0783610 secs] [Times: user=0.79 sys=0.02, real=0.08 secs] 
23088.755: [GC 23088.755: [ParNew: 1324931K->91870K(1415616K), 0.1186840 secs] 2354030K->1120969K(4037056K), 0.1190700 secs] [Times: user=1.05 sys=0.03, real=0.12 secs] 
23212.153: [GC 23212.154: [ParNew: 1350238K->87204K(1415616K), 0.0768460 secs] 2379337K->1116303K(4037056K), 0.0771340 secs] [Times: user=0.79 sys=0.02, real=0.07 secs] 
23333.957: [GC 23333.957: [ParNew: 1345572K->92026K(1415616K), 0.0972060 secs] 2374671K->1121124K(4037056K), 0.0976830 secs] [Times: user=0.90 sys=0.02, real=0.10 secs] 
23465.056: [GC 23465.057: [ParNew: 1350394K->88056K(1415616K), 0.1166750 secs] 2379492K->1117154K(4037056K), 0.1170390 secs] [Times: user=0.80 sys=0.00, real=0.12 secs] 
23586.346: [GC 23586.346: [ParNew: 1346424K->93476K(1415616K), 0.1135780 secs] 2375522K->1122575K(4037056K), 0.1139000 secs] [Times: user=0.90 sys=0.03, real=0.12 secs] 
23707.254: [GC 23707.254: [ParNew: 1351844K->88760K(1415616K), 0.1025320 secs] 2380943K->1117858K(4037056K), 0.1028840 secs] [Times: user=0.86 sys=0.01, real=0.10 secs] 
23830.170: [GC 23830.170: [ParNew: 1347128K->88841K(1415616K), 0.3129110 secs] 2376226K->1117940K(4037056K), 0.3132290 secs] [Times: user=0.69 sys=0.01, real=0.31 secs] 
23968.024: [GC 23968.025: [ParNew: 1347209K->98879K(1415616K), 0.0895950 secs] 2376308K->1127977K(4037056K), 0.0898480 secs] [Times: user=0.68 sys=0.01, real=0.09 secs] 
24090.370: [GC 24090.370: [ParNew: 1357247K->102704K(1415616K), 0.2014010 secs] 2386345K->1131803K(4037056K), 0.2017190 secs] [Times: user=0.72 sys=0.02, real=0.20 secs] 
24210.600: [GC 24210.600: [ParNew: 1361072K->110347K(1415616K), 0.1181000 secs] 2390171K->1139446K(4037056K), 0.1184050 secs] [Times: user=0.87 sys=0.02, real=0.11 secs] 
24340.068: [GC 24340.069: [ParNew: 1368715K->114895K(1415616K), 0.1917880 secs] 2397814K->1143994K(4037056K), 0.1921700 secs] [Times: user=0.81 sys=0.01, real=0.19 secs] 
24468.158: [GC 24468.158: [ParNew: 1373263K->83664K(1415616K), 0.0874250 secs] 2402362K->1112762K(4037056K), 0.0877250 secs] [Times: user=1.01 sys=0.01, real=0.09 secs] 
24585.284: [GC 24585.284: [ParNew: 1342032K->105891K(1415616K), 0.1045390 secs] 2371130K->1134990K(4037056K), 0.1049110 secs] [Times: user=1.05 sys=0.02, real=0.10 secs] 
24707.017: [GC 24707.017: [ParNew: 1364259K->110638K(1415616K), 0.1080940 secs] 2393358K->1139737K(4037056K), 0.1084950 secs] [Times: user=1.04 sys=0.01, real=0.10 secs] 
24809.126: [GC 24809.126: [ParNew: 1368990K->130637K(1415616K), 0.1847860 secs] 2398089K->1159736K(4037056K), 0.1851140 secs] [Times: user=1.40 sys=0.03, real=0.19 secs] 
24822.562: [GC 24822.562: [ParNew: 1389005K->127430K(1415616K), 0.1968270 secs] 2418104K->1178535K(4037056K), 0.1971950 secs] [Times: user=1.53 sys=0.02, real=0.19 secs] 
24833.904: [GC 24833.905: [ParNew: 1385798K->92351K(1415616K), 0.3632190 secs] 2436903K->1203754K(4037056K), 0.3636850 secs] [Times: user=1.16 sys=0.03, real=0.36 secs] 
24845.390: [GC 24845.390: [ParNew: 1350719K->46290K(1415616K), 0.0466740 secs] 2462122K->1157693K(4037056K), 0.0469630 secs] [Times: user=0.36 sys=0.01, real=0.05 secs] 
24856.252: [GC 24856.252: [ParNew: 1304658K->55422K(1415616K), 0.0515620 secs] 2416061K->1166825K(4037056K), 0.0518930 secs] [Times: user=0.49 sys=0.00, real=0.05 secs] 
24865.085: [GC 24865.086: [ParNew: 1313790K->69966K(1415616K), 0.0713150 secs] 2425193K->1181369K(4037056K), 0.0716360 secs] [Times: user=0.62 sys=0.01, real=0.07 secs] 
24867.881: [GC 24867.882: [ParNew: 1328334K->87783K(1415616K), 0.1103080 secs] 2439737K->1199186K(4037056K), 0.1106470 secs] [Times: user=0.61 sys=0.01, real=0.11 secs] 
24870.443: [GC 24870.444: [ParNew: 1346151K->93862K(1415616K), 0.1537340 secs] 2457554K->1205265K(4037056K), 0.1540620 secs] [Times: user=0.66 sys=0.00, real=0.16 secs] 
24873.376: [GC 24873.376: [ParNew: 1352230K->119881K(1415616K), 0.1242280 secs] 2463633K->1246396K(4037056K), 0.1245440 secs] [Times: user=1.03 sys=0.01, real=0.12 secs] 
24875.881: [GC 24875.881: [ParNew: 1378249K->132462K(1415616K), 0.1481770 secs] 2504764K->1258977K(4037056K), 0.1485180 secs] [Times: user=1.01 sys=0.04, real=0.15 secs] 
24877.180: [GC 24877.180: [ParNew: 1390830K->131663K(1415616K), 0.1825940 secs] 2517345K->1279109K(4037056K), 0.1828660 secs] [Times: user=1.01 sys=0.00, real=0.18 secs] 
24878.661: [GC 24878.661: [ParNew: 1390031K->107460K(1415616K), 0.1887280 secs] 2537477K->1275422K(4037056K), 0.1890480 secs] [Times: user=1.15 sys=0.01, real=0.19 secs] 
24880.390: [GC 24880.390: [ParNew: 1365828K->122507K(1415616K), 0.1634650 secs] 2533790K->1290469K(4037056K), 0.1637320 secs] [Times: user=1.01 sys=0.01, real=0.16 secs] 
24884.944: [GC 24884.945: [ParNew: 1380875K->111566K(1415616K), 0.1859500 secs] 2548837K->1300982K(4037056K), 0.1862990 secs] [Times: user=1.23 sys=0.01, real=0.19 secs] 
24894.923: [GC 24894.923: [ParNew: 1369934K->82534K(1415616K), 0.1248440 secs] 2559350K->1280063K(4037056K), 0.1251790 secs] [Times: user=0.51 sys=0.00, real=0.13 secs] 
24898.436: [GC 24898.436: [ParNew: 1340902K->62604K(1415616K), 0.0614940 secs] 2538431K->1260133K(4037056K), 0.0618280 secs] [Times: user=0.57 sys=0.00, real=0.06 secs] 
24900.138: [GC 24900.138: [ParNew: 1320972K->91769K(1415616K), 0.0872410 secs] 2518501K->1289299K(4037056K), 0.0875860 secs] [Times: user=0.68 sys=0.00, real=0.09 secs] 
24901.133: [GC 24901.133: [ParNew: 1350137K->115529K(1415616K), 0.0706920 secs] 2547667K->1313058K(4037056K), 0.0710340 secs] [Times: user=0.86 sys=0.01, real=0.07 secs] 
24902.682: [GC 24902.683: [ParNew: 1373897K->135531K(1415616K), 0.1138220 secs] 2571426K->1341775K(4037056K), 0.1141740 secs] [Times: user=0.88 sys=0.01, real=0.11 secs] 
24903.708: [GC 24903.708: [ParNew: 1393899K->156086K(1415616K), 0.1618430 secs] 2600143K->1379607K(4037056K), 0.1621680 secs] [Times: user=0.93 sys=0.01, real=0.17 secs] 
24904.785: [GC 24904.785: [ParNew: 1414454K->111318K(1415616K), 0.2498160 secs] 2637975K->1368997K(4037056K), 0.2500780 secs] [Times: user=0.97 sys=0.01, real=0.25 secs] 
24906.253: [GC 24906.253: [ParNew: 1369686K->104035K(1415616K), 0.1835660 secs] 2627365K->1381099K(4037056K), 0.1838760 secs] [Times: user=0.96 sys=0.01, real=0.18 secs] 
24907.694: [GC 24907.694: [ParNew: 1362403K->132158K(1415616K), 0.0788060 secs] 2639467K->1409222K(4037056K), 0.0791000 secs] [Times: user=0.91 sys=0.01, real=0.08 secs] 
24908.536: [GC 24908.536: [ParNew: 1390526K->138345K(1415616K), 0.1478060 secs] 2667590K->1435594K(4037056K), 0.1480760 secs] [Times: user=1.07 sys=0.01, real=0.15 secs] 
24909.411: [GC 24909.411: [ParNew: 1396713K->115588K(1415616K), 0.2776280 secs] 2693962K->1451691K(4037056K), 0.2779870 secs] [Times: user=1.10 sys=0.02, real=0.27 secs] 
24910.699: [GC 24910.699: [ParNew: 1373871K->116681K(1415616K), 0.1661270 secs] 2709974K->1469720K(4037056K), 0.1663580 secs] [Times: user=0.89 sys=0.01, real=0.17 secs] 
24911.610: [GC 24911.610: [ParNew: 1375049K->129569K(1415616K), 0.1728550 secs] 2728088K->1502710K(4037056K), 0.1731690 secs] [Times: user=0.92 sys=0.02, real=0.18 secs] 
24912.604: [GC 24912.604: [ParNew: 1387937K->124843K(1415616K), 0.2031700 secs] 2761078K->1519906K(4037056K), 0.2034540 secs] [Times: user=1.05 sys=0.02, real=0.20 secs] 
24913.564: [GC 24913.564: [ParNew: 1383211K->123205K(1415616K), 0.2906160 secs] 2778274K->1538317K(4037056K), 0.2909120 secs] [Times: user=0.99 sys=0.05, real=0.29 secs] 
24917.894: [GC 24917.895: [ParNew: 1381573K->106201K(1415616K), 0.3718390 secs] 2796685K->1540640K(4037056K), 0.3721350 secs] [Times: user=1.05 sys=0.03, real=0.37 secs] 
24925.953: [GC 24925.953: [ParNew: 1364569K->55318K(1415616K), 0.0607930 secs] 2799008K->1489757K(4037056K), 0.0611210 secs] [Times: user=0.44 sys=0.01, real=0.06 secs] 
24930.408: [GC 24930.408: [ParNew: 1313686K->73284K(1415616K), 0.0872510 secs] 2748125K->1507723K(4037056K), 0.0875230 secs] [Times: user=0.43 sys=0.01, real=0.09 secs] 
24936.095: [GC 24936.096: [ParNew: 1331652K->68408K(1415616K), 0.1066300 secs] 2766091K->1502848K(4037056K), 0.1069260 secs] [Times: user=0.62 sys=0.03, real=0.10 secs] 
24944.701: [GC 24944.702: [ParNew: 1326776K->78325K(1415616K), 0.0754870 secs] 2761216K->1512764K(4037056K), 0.0757940 secs] [Times: user=0.63 sys=0.01, real=0.08 secs] 
24956.458: [GC 24956.459: [ParNew: 1336693K->74624K(1415616K), 0.0583770 secs] 2771132K->1509063K(4037056K), 0.0587030 secs] [Times: user=0.54 sys=0.00, real=0.06 secs] 
24969.750: [GC 24969.750: [ParNew: 1332992K->75383K(1415616K), 0.0718560 secs] 2767431K->1509822K(4037056K), 0.0722560 secs] [Times: user=0.54 sys=0.01, real=0.07 secs] 
24980.898: [GC 24980.899: [ParNew: 1333751K->87998K(1415616K), 0.0758950 secs] 2768190K->1522438K(4037056K), 0.0762240 secs] [Times: user=0.77 sys=0.01, real=0.08 secs] 
24986.801: [GC 24986.802: [ParNew: 1346366K->94003K(1415616K), 0.0901520 secs] 2780806K->1528442K(4037056K), 0.0904530 secs] [Times: user=0.71 sys=0.01, real=0.09 secs] 
24990.555: [GC 24990.556: [ParNew: 1352371K->108314K(1415616K), 0.1173020 secs] 2786810K->1542754K(4037056K), 0.1176950 secs] [Times: user=0.65 sys=0.02, real=0.12 secs] 
24995.424: [GC 24995.424: [ParNew: 1366682K->119636K(1415616K), 0.0732690 secs] 2801122K->1554076K(4037056K), 0.0735410 secs] [Times: user=0.78 sys=0.00, real=0.07 secs] 
25003.268: [GC 25003.268: [ParNew: 1378004K->120290K(1415616K), 0.0957380 secs] 2812444K->1554729K(4037056K), 0.0960630 secs] [Times: user=0.84 sys=0.01, real=0.10 secs] 
25014.005: [GC 25014.005: [ParNew: 1378658K->100145K(1415616K), 0.0661640 secs] 2813097K->1534585K(4037056K), 0.0664780 secs] [Times: user=0.70 sys=0.00, real=0.06 secs] 
25025.480: [GC 25025.480: [ParNew: 1358513K->113357K(1415616K), 0.0784820 secs] 2792953K->1547796K(4037056K), 0.0788110 secs] [Times: user=0.77 sys=0.02, real=0.08 secs] 
25035.816: [GC 25035.816: [ParNew: 1371725K->118732K(1415616K), 0.0787630 secs] 2806164K->1553171K(4037056K), 0.0791180 secs] [Times: user=0.82 sys=0.01, real=0.08 secs] 
25045.943: [GC 25045.944: [ParNew: 1377100K->102886K(1415616K), 0.0811160 secs] 2811539K->1537325K(4037056K), 0.0814390 secs] [Times: user=0.75 sys=0.01, real=0.08 secs] 
25050.149: [GC 25050.150: [ParNew: 1361125K->116231K(1415616K), 0.2124730 secs] 2795565K->1550670K(4037056K), 0.2128320 secs] [Times: user=0.82 sys=0.02, real=0.21 secs] 
25056.481: [GC 25056.481: [ParNew: 1374599K->92055K(1415616K), 0.3689440 secs] 2809038K->1553607K(4037056K), 0.3692210 secs] [Times: user=1.04 sys=0.06, real=0.37 secs] 
25065.244: [GC 25065.244: [ParNew: 1350423K->92965K(1415616K), 0.0723390 secs] 2811975K->1554517K(4037056K), 0.0726520 secs] [Times: user=0.66 sys=0.01, real=0.07 secs] 
25076.011: [GC 25076.011: [ParNew: 1351333K->62884K(1415616K), 0.0619840 secs] 2812885K->1524436K(4037056K), 0.0622940 secs] [Times: user=0.64 sys=0.01, real=0.06 secs] 
25087.877: [GC 25087.877: [ParNew: 1321252K->79506K(1415616K), 0.0603350 secs] 2782804K->1541058K(4037056K), 0.0606200 secs] [Times: user=0.56 sys=0.01, real=0.06 secs] 
25089.506: [GC 25089.506: [ParNew: 1337874K->91221K(1415616K), 0.0656360 secs] 2799426K->1552773K(4037056K), 0.0658920 secs] [Times: user=0.67 sys=0.01, real=0.07 secs] 
25091.552: [GC 25091.552: [ParNew: 1349589K->117703K(1415616K), 0.0918530 secs] 2811141K->1579255K(4037056K), 0.0922220 secs] [Times: user=0.70 sys=0.01, real=0.09 secs] 
25092.627: [GC 25092.627: [ParNew: 1376071K->146099K(1415616K), 0.1785580 secs] 2837623K->1616774K(4037056K), 0.1788240 secs] [Times: user=0.94 sys=0.02, real=0.18 secs] 
25094.093: [GC 25094.093: [ParNew: 1404467K->147956K(1415616K), 0.3193370 secs] 2875142K->1639521K(4037056K), 0.3197390 secs] [Times: user=1.18 sys=0.03, real=0.32 secs] 
25095.774: [GC 25095.774: [ParNew: 1406324K->134284K(1415616K), 0.4678090 secs] 2897889K->1656209K(4037056K), 0.4681690 secs] [Times: user=1.12 sys=0.06, real=0.47 secs] 
25097.575: [GC 25097.575: [ParNew: 1392652K->99641K(1415616K), 0.3316060 secs] 2914577K->1641541K(4037056K), 0.3319060 secs] [Times: user=1.01 sys=0.04, real=0.33 secs] 
25098.723: [GC 25098.723: [ParNew: 1358009K->110180K(1415616K), 0.3268510 secs] 2899909K->1674672K(4037056K), 0.3271090 secs] [Times: user=0.82 sys=0.03, real=0.32 secs] 
25099.700: [GC 25099.700: [ParNew: 1368548K->135852K(1415616K), 0.0788560 secs] 2933040K->1700344K(4037056K), 0.0791480 secs] [Times: user=0.90 sys=0.01, real=0.08 secs] 
25100.520: [GC 25100.520: [ParNew: 1394220K->113137K(1415616K), 0.4997760 secs] 2958712K->1713628K(4037056K), 0.5000740 secs] [Times: user=1.14 sys=0.07, real=0.50 secs] 
25101.840: [GC 25101.840: [ParNew: 1371505K->108735K(1415616K), 0.3710780 secs] 2971996K->1729447K(4037056K), 0.3713720 secs] [Times: user=1.01 sys=0.05, real=0.37 secs] 
25102.960: [GC 25102.960: [ParNew: 1367103K->118629K(1415616K), 0.3348710 secs] 2987815K->1757632K(4037056K), 0.3351070 secs] [Times: user=0.97 sys=0.03, real=0.34 secs] 
25104.042: [GC 25104.042: [ParNew: 1376997K->117343K(1415616K), 0.3864000 secs] 3016000K->1780083K(4037056K), 0.3866710 secs] [Times: user=1.00 sys=0.05, real=0.38 secs] 
25105.252: [GC 25105.252: [ParNew: 1375711K->100682K(1415616K), 0.3416940 secs] 3038451K->1783406K(4037056K), 0.3420000 secs] [Times: user=0.90 sys=0.05, real=0.34 secs] 
25106.599: [GC 25106.599: [ParNew: 1359050K->131565K(1415616K), 0.0831660 secs] 3041774K->1814289K(4037056K), 0.0834330 secs] [Times: user=0.94 sys=0.01, real=0.08 secs] 
25107.407: [GC 25107.407: [ParNew: 1389933K->125250K(1415616K), 0.2907240 secs] 3072657K->1825457K(4037056K), 0.2909770 secs] [Times: user=0.85 sys=0.05, real=0.29 secs] 
25108.738: [GC 25108.738: [ParNew: 1383618K->141442K(1415616K), 0.3485200 secs] 3083825K->1859934K(4037056K), 0.3488310 secs] [Times: user=0.89 sys=0.05, real=0.35 secs] 
25109.857: [GC 25109.857: [ParNew: 1399810K->138194K(1415616K), 0.3371950 secs] 3118302K->1877663K(4037056K), 0.3374610 secs] [Times: user=0.96 sys=0.03, real=0.34 secs] 
25111.283: [GC 25111.283: [ParNew: 1396562K->133265K(1415616K), 0.2938880 secs] 3136031K->1890819K(4037056K), 0.2941620 secs] [Times: user=0.86 sys=0.04, real=0.29 secs] 
25112.467: [GC 25112.467: [ParNew: 1391633K->128875K(1415616K), 0.3280050 secs] 3149187K->1903638K(4037056K), 0.3283190 secs] [Times: user=1.09 sys=0.04, real=0.33 secs] 
25113.582: [GC 25113.582: [ParNew: 1387243K->138507K(1415616K), 0.2312850 secs] 3162006K->1928348K(4037056K), 0.2315770 secs] [Times: user=0.85 sys=0.03, real=0.23 secs] 
25114.707: [GC 25114.707: [ParNew: 1396875K->124271K(1415616K), 0.3412660 secs] 3186716K->1931894K(4037056K), 0.3416020 secs] [Times: user=0.94 sys=0.03, real=0.34 secs] 
25115.952: [GC 25115.953: [ParNew: 1382639K->128566K(1415616K), 0.4398420 secs] 3190262K->1952989K(4037056K), 0.4402440 secs] [Times: user=1.03 sys=0.06, real=0.44 secs] 
25117.726: [GC 25117.726: [ParNew: 1386934K->115972K(1415616K), 0.3036120 secs] 3211357K->1961150K(4037056K), 0.3038850 secs] [Times: user=0.80 sys=0.02, real=0.30 secs] 
25118.969: [GC 25118.969: [ParNew: 1374340K->118414K(1415616K), 0.2675570 secs] 3219518K->1979110K(4037056K), 0.2678340 secs] [Times: user=0.83 sys=0.04, real=0.27 secs] 
25127.227: [GC 25127.228: [ParNew: 1376782K->90463K(1415616K), 0.2001780 secs] 3237478K->1959519K(4037056K), 0.2005160 secs] [Times: user=0.67 sys=0.03, real=0.20 secs] 
25139.009: [GC 25139.009: [ParNew: 1348831K->42347K(1415616K), 0.0399790 secs] 3217887K->1911403K(4037056K), 0.0402880 secs] [Times: user=0.36 sys=0.01, real=0.04 secs] 
25150.333: [GC 25150.333: [ParNew: 1300715K->47998K(1415616K), 0.1711380 secs] 3169771K->1917054K(4037056K), 0.1713950 secs] [Times: user=0.36 sys=0.04, real=0.17 secs] 
25163.981: [GC 25163.982: [ParNew: 1306366K->42274K(1415616K), 0.0499040 secs] 3175422K->1911330K(4037056K), 0.0501770 secs] [Times: user=0.39 sys=0.00, real=0.05 secs] 
25168.673: [GC 25168.673: [ParNew: 1300642K->55523K(1415616K), 0.0447260 secs] 3169698K->1924579K(4037056K), 0.0450430 secs] [Times: user=0.42 sys=0.00, real=0.04 secs] 
25172.923: [GC 25172.923: [ParNew: 1313891K->65395K(1415616K), 0.0881100 secs] 3182947K->1934451K(4037056K), 0.0884600 secs] [Times: user=0.65 sys=0.01, real=0.09 secs] 
25179.434: [GC 25179.434: [ParNew: 1323763K->93862K(1415616K), 0.0705910 secs] 3192819K->1962918K(4037056K), 0.0709190 secs] [Times: user=0.77 sys=0.01, real=0.07 secs] 
25187.473: [GC 25187.473: [ParNew: 1352230K->103526K(1415616K), 0.1039500 secs] 3221286K->1972582K(4037056K), 0.1042820 secs] [Times: user=0.84 sys=0.02, real=0.10 secs] 
25199.916: [GC 25199.916: [ParNew: 1361894K->92832K(1415616K), 0.0749630 secs] 3230950K->1961888K(4037056K), 0.0752990 secs] [Times: user=0.69 sys=0.02, real=0.07 secs] 
25210.145: [GC 25210.146: [ParNew: 1351200K->69191K(1415616K), 0.2689370 secs] 3220256K->1938247K(4037056K), 0.2692510 secs] [Times: user=0.56 sys=0.08, real=0.27 secs] 
25224.721: [GC 25224.722: [ParNew: 1327559K->84051K(1415616K), 0.0877090 secs] 3196615K->1953107K(4037056K), 0.0880370 secs] [Times: user=0.70 sys=0.00, real=0.09 secs] 
25228.406: [GC 25228.406: [ParNew: 1342419K->92010K(1415616K), 0.1377610 secs] 3211475K->1961066K(4037056K), 0.1380980 secs] [Times: user=0.77 sys=0.02, real=0.14 secs] 
25232.794: [GC 25232.795: [ParNew: 1350378K->104666K(1415616K), 0.0860810 secs] 3219434K->1973722K(4037056K), 0.0864160 secs] [Times: user=0.80 sys=0.01, real=0.09 secs] 
25238.873: [GC 25238.873: [ParNew: 1363034K->121391K(1415616K), 0.1037580 secs] 3232090K->1990447K(4037056K), 0.1040800 secs] [Times: user=0.85 sys=0.02, real=0.10 secs] 
25245.451: [GC 25245.452: [ParNew: 1379759K->107107K(1415616K), 0.0814080 secs] 3248815K->1976163K(4037056K), 0.0817400 secs] [Times: user=0.90 sys=0.01, real=0.08 secs] 
25254.206: [GC 25254.206: [ParNew: 1365475K->128501K(1415616K), 0.0688100 secs] 3234531K->1997557K(4037056K), 0.0691420 secs] [Times: user=0.84 sys=0.01, real=0.07 secs] 
25264.557: [GC 25264.557: [ParNew: 1386869K->91742K(1415616K), 0.0889880 secs] 3255925K->1960798K(4037056K), 0.0893120 secs] [Times: user=0.88 sys=0.00, real=0.09 secs] 
25271.285: [GC 25271.285: [ParNew: 1350110K->117940K(1415616K), 0.1699160 secs] 3219166K->1986996K(4037056K), 0.1702300 secs] [Times: user=0.76 sys=0.01, real=0.17 secs] 
25279.772: [GC 25279.772: [ParNew: 1376308K->116195K(1415616K), 0.3023940 secs] 3245364K->2004040K(4037056K), 0.3027510 secs] [Times: user=1.17 sys=0.05, real=0.31 secs] 
25285.339: [GC 25285.340: [ParNew: 1374563K->113684K(1415616K), 0.0942920 secs] 3262408K->2001529K(4037056K), 0.0946100 secs] [Times: user=0.89 sys=0.02, real=0.10 secs] 
25289.141: [GC 25289.141: [ParNew: 1372052K->125181K(1415616K), 0.0898880 secs] 3259897K->2013026K(4037056K), 0.0901970 secs] [Times: user=0.79 sys=0.02, real=0.09 secs] 
25291.995: [GC 25291.995: [ParNew: 1383549K->133082K(1415616K), 0.1174680 secs] 3271394K->2022841K(4037056K), 0.1178180 secs] [Times: user=1.08 sys=0.02, real=0.11 secs] 
25296.760: [GC 25296.760: [ParNew: 1391450K->114535K(1415616K), 0.2530750 secs] 3281209K->2015189K(4037056K), 0.2534300 secs] [Times: user=1.04 sys=0.04, real=0.25 secs] 
25301.888: [GC 25301.888: [ParNew: 1372903K->110938K(1415616K), 0.1719170 secs] 3273557K->2018232K(4037056K), 0.1722320 secs] [Times: user=0.90 sys=0.01, real=0.17 secs] 
25307.372: [GC 25307.372: [ParNew: 1369306K->127466K(1415616K), 0.0823370 secs] 3276600K->2034760K(4037056K), 0.0826860 secs] [Times: user=0.86 sys=0.00, real=0.08 secs] 
25314.550: [GC 25314.551: [ParNew: 1385834K->90615K(1415616K), 0.0724840 secs] 3293128K->1997910K(4037056K), 0.0728340 secs] [Times: user=0.79 sys=0.01, real=0.07 secs] 
25325.632: [GC 25325.632: [ParNew: 1348983K->95423K(1415616K), 0.0780090 secs] 3256278K->2002718K(4037056K), 0.0783380 secs] [Times: user=0.79 sys=0.01, real=0.08 secs] 
25343.267: [GC 25343.267: [ParNew: 1353791K->115971K(1415616K), 0.1077540 secs] 3261086K->2023265K(4037056K), 0.1080690 secs] [Times: user=0.75 sys=0.02, real=0.11 secs] 
25348.901: [GC 25348.901: [ParNew: 1374339K->123456K(1415616K), 0.1198590 secs] 3281633K->2030751K(4037056K), 0.1201670 secs] [Times: user=0.90 sys=0.01, real=0.11 secs] 
25352.438: [GC 25352.438: [ParNew: 1381824K->121499K(1415616K), 0.1391810 secs] 3289119K->2031970K(4037056K), 0.1395030 secs] [Times: user=0.99 sys=0.01, real=0.14 secs] 
25358.931: [GC 25358.931: [ParNew: 1379867K->112365K(1415616K), 0.1787940 secs] 3290338K->2029754K(4037056K), 0.1790900 secs] [Times: user=0.94 sys=0.02, real=0.18 secs] 
25365.963: [GC 25365.963: [ParNew: 1370733K->117753K(1415616K), 0.0749590 secs] 3288122K->2035143K(4037056K), 0.0752680 secs] [Times: user=0.80 sys=0.02, real=0.08 secs] 
25375.984: [GC 25375.984: [ParNew: 1376121K->90380K(1415616K), 0.0621780 secs] 3293511K->2007769K(4037056K), 0.0624830 secs] [Times: user=0.70 sys=0.01, real=0.07 secs] 
25385.965: [GC 25385.966: [ParNew: 1348748K->102095K(1415616K), 0.0671320 secs] 3266137K->2019484K(4037056K), 0.0673770 secs] [Times: user=0.75 sys=0.01, real=0.06 secs] 
25394.070: [GC 25394.070: [ParNew: 1360463K->106918K(1415616K), 0.0786970 secs] 3277852K->2024308K(4037056K), 0.0790510 secs] [Times: user=0.83 sys=0.00, real=0.08 secs] 
25404.108: [GC 25404.108: [ParNew: 1365286K->111980K(1415616K), 0.1028370 secs] 3282676K->2029370K(4037056K), 0.1031120 secs] [Times: user=0.88 sys=0.02, real=0.10 secs] 
25407.597: [GC 25407.597: [ParNew: 1370348K->119812K(1415616K), 0.0758210 secs] 3287738K->2037202K(4037056K), 0.0760620 secs] [Times: user=0.80 sys=0.01, real=0.08 secs] 
25410.622: [GC 25410.622: [ParNew: 1378180K->109974K(1415616K), 0.0913010 secs] 3295570K->2027363K(4037056K), 0.0916000 secs] [Times: user=0.72 sys=0.00, real=0.09 secs] 
25413.173: [GC 25413.173: [ParNew: 1368342K->113339K(1415616K), 0.2891680 secs] 3285731K->2049092K(4037056K), 0.2894160 secs] [Times: user=1.06 sys=0.06, real=0.29 secs] 
25418.355: [GC 25418.355: [ParNew: 1371664K->113976K(1415616K), 0.1001410 secs] 3307417K->2049729K(4037056K), 0.1004730 secs] [Times: user=0.83 sys=0.00, real=0.10 secs] 
25423.406: [GC 25423.407: [ParNew: 1372344K->118464K(1415616K), 0.1477050 secs] 3308097K->2054217K(4037056K), 0.1480670 secs] [Times: user=0.84 sys=0.02, real=0.15 secs] 
25429.914: [GC 25429.914: [ParNew: 1376832K->117541K(1415616K), 0.2532560 secs] 3312585K->2061604K(4037056K), 0.2535890 secs] [Times: user=0.88 sys=0.03, real=0.25 secs] 
25439.211: [GC 25439.211: [ParNew: 1375909K->101301K(1415616K), 0.0688910 secs] 3319972K->2045364K(4037056K), 0.0691930 secs] [Times: user=0.65 sys=0.01, real=0.07 secs] 
25450.184: [GC 25450.184: [ParNew: 1359669K->75472K(1415616K), 0.3244900 secs] 3303732K->2019535K(4037056K), 0.3248050 secs] [Times: user=0.55 sys=0.08, real=0.32 secs] 
25465.215: [GC 25465.215: [ParNew: 1333840K->88168K(1415616K), 0.0693520 secs] 3277903K->2032231K(4037056K), 0.0696810 secs] [Times: user=0.66 sys=0.01, real=0.07 secs] 
25470.159: [GC 25470.160: [ParNew: 1346536K->85435K(1415616K), 0.1907990 secs] 3290599K->2029498K(4037056K), 0.1910930 secs] [Times: user=0.58 sys=0.04, real=0.19 secs] 
25475.782: [GC 25475.782: [ParNew: 1343803K->100024K(1415616K), 0.1122180 secs] 3287866K->2044087K(4037056K), 0.1125680 secs] [Times: user=0.75 sys=0.00, real=0.11 secs] 
25483.520: [GC 25483.520: [ParNew: 1358392K->108095K(1415616K), 0.0956350 secs] 3302455K->2052158K(4037056K), 0.0959540 secs] [Times: user=0.77 sys=0.02, real=0.09 secs] 
25496.258: [GC 25496.258: [ParNew: 1366463K->91706K(1415616K), 0.0881790 secs] 3310526K->2035769K(4037056K), 0.0885410 secs] [Times: user=0.63 sys=0.01, real=0.09 secs] 
25510.214: [GC 25510.214: [ParNew: 1350074K->81753K(1415616K), 0.1817860 secs] 3294137K->2025816K(4037056K), 0.1821690 secs] [Times: user=0.51 sys=0.04, real=0.18 secs] 
25525.121: [GC 25525.121: [ParNew: 1340121K->80085K(1415616K), 0.1196250 secs] 3284184K->2024148K(4037056K), 0.1199360 secs] [Times: user=0.70 sys=0.01, real=0.12 secs] 
25529.556: [GC 25529.556: [ParNew: 1338453K->99862K(1415616K), 0.0816430 secs] 3282516K->2043925K(4037056K), 0.0819820 secs] [Times: user=0.78 sys=0.00, real=0.08 secs] 
25533.499: [GC 25533.499: [ParNew: 1358230K->111141K(1415616K), 0.1155970 secs] 3302293K->2055204K(4037056K), 0.1159460 secs] [Times: user=0.87 sys=0.05, real=0.12 secs] 
25540.169: [GC 25540.169: [ParNew: 1369509K->116274K(1415616K), 0.2744270 secs] 3313572K->2060337K(4037056K), 0.2747410 secs] [Times: user=0.78 sys=0.02, real=0.27 secs] 
25547.561: [GC 25547.561: [ParNew: 1374642K->111041K(1415616K), 0.0935380 secs] 3318705K->2055104K(4037056K), 0.0939060 secs] [Times: user=0.91 sys=0.02, real=0.10 secs] 
25555.771: [GC 25555.772: [ParNew: 1369387K->115500K(1415616K), 0.0971270 secs] 3313450K->2059563K(4037056K), 0.0974130 secs] [Times: user=0.83 sys=0.00, real=0.10 secs] 
25564.218: [GC 25564.218: [ParNew: 1373868K->119756K(1415616K), 0.1424480 secs] 3317931K->2063819K(4037056K), 0.1427790 secs] [Times: user=0.84 sys=0.02, real=0.14 secs] 
25570.373: [GC 25570.373: [ParNew: 1378124K->120751K(1415616K), 0.0946610 secs] 3322187K->2064814K(4037056K), 0.0949760 secs] [Times: user=0.79 sys=0.01, real=0.10 secs] 
25577.856: [GC 25577.856: [ParNew: 1379119K->112522K(1415616K), 0.3590970 secs] 3323182K->2080803K(4037056K), 0.3594120 secs] [Times: user=1.09 sys=0.05, real=0.36 secs] 
25583.927: [GC 25583.927: [ParNew: 1370890K->95634K(1415616K), 0.0991600 secs] 3339171K->2063915K(4037056K), 0.0994920 secs] [Times: user=0.86 sys=0.01, real=0.10 secs] 
25587.103: [GC 25587.103: [ParNew: 1354002K->108546K(1415616K), 0.1564770 secs] 3322283K->2076827K(4037056K), 0.1568570 secs] [Times: user=0.78 sys=0.05, real=0.16 secs] 
25590.119: [GC 25590.120: [ParNew: 1366914K->135608K(1415616K), 0.2856800 secs] 3335195K->2103889K(4037056K), 0.2860220 secs] [Times: user=0.86 sys=0.02, real=0.28 secs] 
25592.378: [GC 25592.378: [ParNew: 1393976K->114827K(1415616K), 0.2316320 secs] 3362257K->2091800K(4037056K), 0.2318900 secs] [Times: user=1.04 sys=0.03, real=0.24 secs] 
25595.521: [GC 25595.522: [ParNew: 1373195K->120130K(1415616K), 0.3337190 secs] 3350168K->2113432K(4037056K), 0.3340280 secs] [Times: user=1.15 sys=0.05, real=0.33 secs] 
25598.908: [GC 25598.908: [ParNew: 1378498K->113805K(1415616K), 0.1674560 secs] 3371800K->2113105K(4037056K), 0.1677640 secs] [Times: user=0.99 sys=0.02, real=0.17 secs] 
25602.491: [GC 25602.491: [ParNew: 1372173K->129072K(1415616K), 0.0974250 secs] 3371473K->2128372K(4037056K), 0.0977360 secs] [Times: user=0.91 sys=0.00, real=0.09 secs] 
25605.764: [GC 25605.764: [ParNew: 1387440K->106697K(1415616K), 0.2600620 secs] 3386740K->2118199K(4037056K), 0.2603410 secs] [Times: user=1.07 sys=0.04, real=0.26 secs] 
25609.943: [GC 25609.943: [ParNew: 1365065K->110457K(1415616K), 0.1640960 secs] 3376567K->2128846K(4037056K), 0.1644480 secs] [Times: user=0.94 sys=0.02, real=0.16 secs] 
25613.818: [GC 25613.819: [ParNew: 1368825K->137451K(1415616K), 0.0815670 secs] 3387214K->2155840K(4037056K), 0.0819600 secs] [Times: user=0.90 sys=0.01, real=0.08 secs] 
25617.838: [GC 25617.838: [ParNew: 1395819K->108569K(1415616K), 0.0910700 secs] 3414208K->2126959K(4037056K), 0.0915250 secs] [Times: user=0.96 sys=0.02, real=0.09 secs] 
25621.516: [GC 25621.516: [ParNew: 1366937K->115700K(1415616K), 0.1933830 secs] 3385327K->2142324K(4037056K), 0.1937260 secs] [Times: user=1.06 sys=0.03, real=0.19 secs] 
25625.393: [GC 25625.393: [ParNew: 1374068K->121300K(1415616K), 0.1999260 secs] 3400692K->2156737K(4037056K), 0.2002870 secs] [Times: user=1.03 sys=0.03, real=0.21 secs] 
25629.241: [GC 25629.241: [ParNew: 1379668K->133110K(1415616K), 0.1777360 secs] 3415105K->2174581K(4037056K), 0.1780920 secs] [Times: user=1.04 sys=0.02, real=0.18 secs] 
25631.953: [GC 25631.953: [ParNew: 1391478K->127843K(1415616K), 0.2757860 secs] 3432949K->2181135K(4037056K), 0.2761580 secs] [Times: user=1.16 sys=0.03, real=0.28 secs] 
25635.362: [GC 25635.362: [ParNew: 1386211K->119730K(1415616K), 0.2885670 secs] 3439503K->2187401K(4037056K), 0.2888970 secs] [Times: user=1.06 sys=0.04, real=0.29 secs] 
25639.158: [GC 25639.158: [ParNew: 1378098K->119163K(1415616K), 0.1650060 secs] 3445769K->2193441K(4037056K), 0.1653030 secs] [Times: user=1.00 sys=0.02, real=0.16 secs] 
25642.556: [GC 25642.556: [ParNew: 1377531K->118135K(1415616K), 0.1641310 secs] 3451809K->2199731K(4037056K), 0.1644610 secs] [Times: user=0.96 sys=0.02, real=0.16 secs] 
25645.257: [GC 25645.257: [ParNew: 1376503K->141371K(1415616K), 0.0944960 secs] 3458099K->2222966K(4037056K), 0.0948470 secs] [Times: user=0.98 sys=0.01, real=0.09 secs] 
25647.781: [GC 25647.781: [ParNew: 1399739K->103266K(1415616K), 0.1990170 secs] 3481334K->2192546K(4037056K), 0.1992950 secs] [Times: user=0.90 sys=0.03, real=0.20 secs] 
25650.353: [GC 25650.353: [ParNew: 1361634K->133791K(1415616K), 0.1351870 secs] 3450914K->2230673K(4037056K), 0.1354610 secs] [Times: user=0.82 sys=0.02, real=0.14 secs] 
25652.445: [GC 25652.445: [ParNew: 1392159K->117312K(1415616K), 0.2510570 secs] 3489041K->2228215K(4037056K), 0.2514220 secs] [Times: user=1.13 sys=0.03, real=0.26 secs] 
25654.974: [GC 25654.974: [ParNew: 1375680K->123633K(1415616K), 0.2039580 secs] 3486583K->2241877K(4037056K), 0.2043040 secs] [Times: user=1.04 sys=0.05, real=0.21 secs] 
25658.594: [GC 25658.594: [ParNew: 1382001K->112242K(1415616K), 0.1255390 secs] 3500245K->2237637K(4037056K), 0.1258590 secs] [Times: user=0.94 sys=0.03, real=0.13 secs] 
25661.773: [GC 25661.773: [ParNew: 1371339K->119759K(1415616K), 0.0760650 secs] 3496734K->2245154K(4037056K), 0.0764080 secs] [Times: user=0.83 sys=0.01, real=0.08 secs] 
25661.856: [GC [1 CMS-initial-mark: 2125394K(2621440K)] 2260703K(4037056K), 0.2796900 secs] [Times: user=0.28 sys=0.00, real=0.28 secs] 
25662.136: [CMS-concurrent-mark-start]
25664.108: [CMS-concurrent-mark: 1.972/1.972 secs] [Times: user=7.42 sys=0.16, real=1.98 secs] 
25664.108: [CMS-concurrent-preclean-start]
25664.128: [CMS-concurrent-preclean: 0.020/0.020 secs] [Times: user=0.02 sys=0.00, real=0.02 secs] 
25664.128: [CMS-concurrent-abortable-preclean-start]
 CMS: abort preclean due to time 25669.174: [CMS-concurrent-abortable-preclean: 5.043/5.045 secs] [Times: user=5.02 sys=0.01, real=5.04 secs] 
25669.175: [GC[YG occupancy: 168649 K (1415616 K)]25669.175: [Rescan (parallel) , 0.2139720 secs]25669.389: [weak refs processing, 0.0005870 secs] [1 CMS-remark: 2125394K(2621440K)] 2294044K(4037056K), 0.2147550 secs] [Times: user=0.60 sys=0.16, real=0.22 secs] 
25669.390: [CMS-concurrent-sweep-start]
25673.133: [CMS-concurrent-sweep: 3.743/3.743 secs] [Times: user=3.73 sys=0.02, real=3.74 secs] 
25673.136: [CMS-concurrent-reset-start]
25673.208: [CMS-concurrent-reset: 0.051/0.072 secs] [Times: user=0.31 sys=0.01, real=0.07 secs] 
25674.273: [GC 25674.273: [ParNew: 1378127K->87194K(1415616K), 0.0927650 secs] 2180466K->896120K(4037056K), 0.0931380 secs] [Times: user=0.59 sys=0.01, real=0.09 secs] 
25675.333: [GC 25675.333: [ParNew: 1345562K->79748K(1415616K), 0.0770860 secs] 2154488K->888673K(4037056K), 0.0774160 secs] [Times: user=0.62 sys=0.01, real=0.08 secs] 
25676.719: [GC 25676.719: [ParNew: 1338116K->96895K(1415616K), 0.0795910 secs] 2147041K->905821K(4037056K), 0.0799720 secs] [Times: user=0.68 sys=0.00, real=0.08 secs] 
25690.109: [GC 25690.109: [ParNew: 1355263K->96747K(1415616K), 0.1618120 secs] 2164189K->905672K(4037056K), 0.1621450 secs] [Times: user=0.68 sys=0.01, real=0.17 secs] 
25705.107: [GC 25705.107: [ParNew: 1355115K->99976K(1415616K), 0.1055610 secs] 2164040K->908902K(4037056K), 0.1059120 secs] [Times: user=0.72 sys=0.01, real=0.11 secs] 
25710.046: [GC 25710.047: [ParNew: 1358344K->117140K(1415616K), 0.1841180 secs] 2167270K->926066K(4037056K), 0.1844700 secs] [Times: user=0.80 sys=0.01, real=0.18 secs] 
25715.751: [GC 25715.751: [ParNew: 1375508K->113572K(1415616K), 0.1042280 secs] 2184434K->922498K(4037056K), 0.1046190 secs] [Times: user=0.90 sys=0.02, real=0.11 secs] 
25724.364: [GC 25724.364: [ParNew: 1371940K->116838K(1415616K), 0.0965470 secs] 2180866K->931192K(4037056K), 0.0969030 secs] [Times: user=0.92 sys=0.01, real=0.10 secs] 
25736.377: [GC 25736.378: [ParNew: 1375206K->112014K(1415616K), 0.0674600 secs] 2189560K->926368K(4037056K), 0.0678060 secs] [Times: user=0.82 sys=0.01, real=0.06 secs] 
25751.560: [GC 25751.560: [ParNew: 1370382K->99775K(1415616K), 0.1082580 secs] 2184736K->914128K(4037056K), 0.1085900 secs] [Times: user=0.88 sys=0.00, real=0.11 secs] 
25765.333: [GC 25765.333: [ParNew: 1358143K->107736K(1415616K), 0.0868000 secs] 2172496K->922090K(4037056K), 0.0872990 secs] [Times: user=0.82 sys=0.01, real=0.09 secs] 
25770.438: [GC 25770.439: [ParNew: 1366104K->115703K(1415616K), 0.1380350 secs] 2180458K->930057K(4037056K), 0.1384100 secs] [Times: user=0.72 sys=0.01, real=0.14 secs] 
25775.259: [GC 25775.259: [ParNew: 1374071K->122821K(1415616K), 0.1409000 secs] 2188425K->950405K(4037056K), 0.1412440 secs] [Times: user=1.07 sys=0.01, real=0.15 secs] 
25783.320: [GC 25783.320: [ParNew: 1381189K->116826K(1415616K), 0.1267830 secs] 2208773K->944410K(4037056K), 0.1271690 secs] [Times: user=0.82 sys=0.02, real=0.13 secs] 
25795.179: [GC 25795.179: [ParNew: 1375194K->79980K(1415616K), 0.0734440 secs] 2202778K->907565K(4037056K), 0.0737910 secs] [Times: user=0.67 sys=0.00, real=0.08 secs] 
25810.121: [GC 25810.122: [ParNew: 1338348K->71223K(1415616K), 0.1807600 secs] 2165933K->898808K(4037056K), 0.1811260 secs] [Times: user=0.55 sys=0.00, real=0.18 secs] 
25825.171: [GC 25825.171: [ParNew: 1329591K->96205K(1415616K), 0.0957470 secs] 2157176K->923789K(4037056K), 0.0960360 secs] [Times: user=0.69 sys=0.00, real=0.10 secs] 
25829.698: [GC 25829.699: [ParNew: 1354573K->104679K(1415616K), 0.0728770 secs] 2182157K->932263K(4037056K), 0.0731740 secs] [Times: user=0.72 sys=0.00, real=0.07 secs] 
25831.488: [GC 25831.488: [ParNew: 1363047K->106783K(1415616K), 0.0683230 secs] 2190631K->934367K(4037056K), 0.0685830 secs] [Times: user=0.71 sys=0.00, real=0.06 secs] 
25834.886: [GC 25834.886: [ParNew: 1365151K->118724K(1415616K), 0.0889200 secs] 2192735K->946308K(4037056K), 0.0892410 secs] [Times: user=0.85 sys=0.00, real=0.09 secs] 
25843.427: [GC 25843.427: [ParNew: 1377092K->107484K(1415616K), 0.0923960 secs] 2204676K->935068K(4037056K), 0.0927360 secs] [Times: user=0.84 sys=0.01, real=0.10 secs] 
25853.123: [GC 25853.123: [ParNew: 1365852K->107129K(1415616K), 0.0825280 secs] 2193436K->934713K(4037056K), 0.0828360 secs] [Times: user=0.67 sys=0.01, real=0.08 secs] 
25866.454: [GC 25866.454: [ParNew: 1365497K->72497K(1415616K), 0.0614640 secs] 2193081K->900081K(4037056K), 0.0617930 secs] [Times: user=0.65 sys=0.02, real=0.06 secs] 
25879.406: [GC 25879.406: [ParNew: 1330865K->88617K(1415616K), 0.0782950 secs] 2158449K->916201K(4037056K), 0.0786020 secs] [Times: user=0.78 sys=0.02, real=0.08 secs] 
25887.977: [GC 25887.977: [ParNew: 1346985K->75811K(1415616K), 0.1530750 secs] 2174569K->903395K(4037056K), 0.1534020 secs] [Times: user=0.70 sys=0.02, real=0.15 secs] 
25891.208: [GC 25891.209: [ParNew: 1334179K->103006K(1415616K), 0.0765650 secs] 2161763K->930590K(4037056K), 0.0768630 secs] [Times: user=0.74 sys=0.01, real=0.08 secs] 
25897.239: [GC 25897.239: [ParNew: 1361374K->103405K(1415616K), 0.1194790 secs] 2188958K->930989K(4037056K), 0.1198280 secs] [Times: user=0.79 sys=0.03, real=0.12 secs] 
25908.118: [GC 25908.118: [ParNew: 1361773K->104463K(1415616K), 0.0998010 secs] 2189357K->932048K(4037056K), 0.1001350 secs] [Times: user=0.76 sys=0.01, real=0.10 secs] 
25921.603: [GC 25921.604: [ParNew: 1362831K->88508K(1415616K), 0.0853190 secs] 2190416K->916092K(4037056K), 0.0856110 secs] [Times: user=0.71 sys=0.00, real=0.09 secs] 
25934.812: [GC 25934.812: [ParNew: 1346876K->100584K(1415616K), 0.0650310 secs] 2174460K->928168K(4037056K), 0.0653430 secs] [Times: user=0.75 sys=0.00, real=0.06 secs] 
25945.916: [GC 25945.916: [ParNew: 1358952K->100283K(1415616K), 0.0800980 secs] 2186536K->927867K(4037056K), 0.0804440 secs] [Times: user=0.71 sys=0.01, real=0.08 secs] 
25950.490: [GC 25950.491: [ParNew: 1358651K->118635K(1415616K), 0.1469920 secs] 2186235K->946219K(4037056K), 0.1474910 secs] [Times: user=0.61 sys=0.02, real=0.15 secs] 
25954.410: [GC 25954.411: [ParNew: 1377003K->98743K(1415616K), 0.0778980 secs] 2204587K->926328K(4037056K), 0.0782040 secs] [Times: user=0.90 sys=0.02, real=0.08 secs] 
25963.462: [GC 25963.462: [ParNew: 1357111K->92861K(1415616K), 0.1706490 secs] 2184696K->920445K(4037056K), 0.1709810 secs] [Times: user=0.83 sys=0.02, real=0.18 secs] 
25972.595: [GC 25972.596: [ParNew: 1351229K->96618K(1415616K), 0.0751870 secs] 2178813K->924202K(4037056K), 0.0755020 secs] [Times: user=0.68 sys=0.00, real=0.07 secs] 
25987.723: [GC 25987.723: [ParNew: 1354986K->98563K(1415616K), 0.0719170 secs] 2182570K->926148K(4037056K), 0.0722680 secs] [Times: user=0.74 sys=0.02, real=0.07 secs] 
26001.936: [GC 26001.937: [ParNew: 1356931K->75837K(1415616K), 0.1037960 secs] 2184516K->903422K(4037056K), 0.1040850 secs] [Times: user=0.54 sys=0.00, real=0.11 secs] 
26008.900: [GC 26008.900: [ParNew: 1334205K->87684K(1415616K), 0.1022760 secs] 2161790K->915269K(4037056K), 0.1026300 secs] [Times: user=0.81 sys=0.02, real=0.10 secs] 
26011.891: [GC 26011.891: [ParNew: 1346052K->113342K(1415616K), 0.1355460 secs] 2173637K->940926K(4037056K), 0.1359030 secs] [Times: user=0.73 sys=0.03, real=0.13 secs] 
26020.071: [GC 26020.071: [ParNew: 1371710K->105417K(1415616K), 0.2124990 secs] 2199294K->933001K(4037056K), 0.2128700 secs] [Times: user=0.87 sys=0.03, real=0.21 secs] 
26028.713: [GC 26028.714: [ParNew: 1363785K->113508K(1415616K), 0.0954140 secs] 2191369K->941092K(4037056K), 0.0957210 secs] [Times: user=0.83 sys=0.02, real=0.09 secs] 
26040.455: [GC 26040.455: [ParNew: 1371876K->109644K(1415616K), 0.0737290 secs] 2199460K->937228K(4037056K), 0.0740430 secs] [Times: user=0.69 sys=0.02, real=0.07 secs] 
26050.247: [GC 26050.248: [ParNew: 1368012K->89679K(1415616K), 0.2666770 secs] 2195596K->917264K(4037056K), 0.2669990 secs] [Times: user=0.70 sys=0.05, real=0.27 secs] 
26064.573: [GC 26064.573: [ParNew: 1348047K->90948K(1415616K), 0.0882250 secs] 2175632K->918532K(4037056K), 0.0885190 secs] [Times: user=0.72 sys=0.00, real=0.09 secs] 
26069.013: [GC 26069.013: [ParNew: 1349316K->99714K(1415616K), 0.0803640 secs] 2176900K->927298K(4037056K), 0.0806510 secs] [Times: user=0.74 sys=0.00, real=0.08 secs] 
26071.606: [GC 26071.606: [ParNew: 1358082K->106372K(1415616K), 0.1122260 secs] 2185666K->933957K(4037056K), 0.1125320 secs] [Times: user=0.82 sys=0.02, real=0.11 secs] 
26077.667: [GC 26077.667: [ParNew: 1364740K->105230K(1415616K), 0.1469770 secs] 2192325K->932814K(4037056K), 0.1473550 secs] [Times: user=0.90 sys=0.02, real=0.14 secs] 
26085.459: [GC 26085.459: [ParNew: 1363598K->99938K(1415616K), 0.0640490 secs] 2191182K->927523K(4037056K), 0.0643480 secs] [Times: user=0.87 sys=0.00, real=0.06 secs] 
26095.079: [GC 26095.080: [ParNew: 1358306K->77308K(1415616K), 0.0825600 secs] 2185891K->904892K(4037056K), 0.0829210 secs] [Times: user=0.72 sys=0.03, real=0.08 secs] 
26110.252: [GC 26110.252: [ParNew: 1335676K->87290K(1415616K), 0.2330500 secs] 2163260K->914874K(4037056K), 0.2334530 secs] [Times: user=0.58 sys=0.01, real=0.23 secs] 
26124.034: [GC 26124.034: [ParNew: 1345658K->89815K(1415616K), 0.0815750 secs] 2173242K->917399K(4037056K), 0.0819100 secs] [Times: user=0.66 sys=0.00, real=0.08 secs] 
26129.167: [GC 26129.168: [ParNew: 1348183K->98121K(1415616K), 0.0893840 secs] 2175767K->925705K(4037056K), 0.0898130 secs] [Times: user=0.80 sys=0.02, real=0.09 secs] 
26133.606: [GC 26133.606: [ParNew: 1356489K->120296K(1415616K), 0.0846510 secs] 2184073K->947881K(4037056K), 0.0849780 secs] [Times: user=0.91 sys=0.00, real=0.08 secs] 
26141.638: [GC 26141.638: [ParNew: 1378664K->119604K(1415616K), 0.1095010 secs] 2206249K->947188K(4037056K), 0.1098710 secs] [Times: user=0.79 sys=0.02, real=0.11 secs] 
26152.874: [GC 26152.875: [ParNew: 1377972K->113087K(1415616K), 0.0980330 secs] 2205556K->940671K(4037056K), 0.0983920 secs] [Times: user=0.72 sys=0.01, real=0.10 secs] 
26164.186: [GC 26164.186: [ParNew: 1371455K->80449K(1415616K), 0.0888360 secs] 2199039K->908033K(4037056K), 0.0891780 secs] [Times: user=0.72 sys=0.01, real=0.09 secs] 
26177.463: [GC 26177.463: [ParNew: 1338817K->100790K(1415616K), 0.0786400 secs] 2166401K->928374K(4037056K), 0.0789780 secs] [Times: user=0.85 sys=0.01, real=0.08 secs] 
26185.891: [GC 26185.892: [ParNew: 1359158K->86223K(1415616K), 0.1006530 secs] 2186742K->913808K(4037056K), 0.1010170 secs] [Times: user=0.73 sys=0.02, real=0.10 secs] 
26190.458: [GC 26190.458: [ParNew: 1344591K->99698K(1415616K), 0.1527800 secs] 2172176K->927283K(4037056K), 0.1530820 secs] [Times: user=0.58 sys=0.01, real=0.16 secs] 
26194.331: [GC 26194.331: [ParNew: 1358066K->108438K(1415616K), 0.1056380 secs] 2185651K->936022K(4037056K), 0.1059680 secs] [Times: user=0.84 sys=0.00, real=0.10 secs] 
26201.418: [GC 26201.418: [ParNew: 1366806K->105315K(1415616K), 0.1809470 secs] 2194390K->932899K(4037056K), 0.1812830 secs] [Times: user=0.73 sys=0.01, real=0.18 secs] 
26206.928: [GC 26206.928: [ParNew: 1363683K->108287K(1415616K), 0.0873250 secs] 2191267K->935871K(4037056K), 0.0876440 secs] [Times: user=0.88 sys=0.01, real=0.09 secs] 
26215.149: [GC 26215.150: [ParNew: 1366655K->98601K(1415616K), 0.0736660 secs] 2194239K->926186K(4037056K), 0.0740450 secs] [Times: user=0.73 sys=0.01, real=0.08 secs] 
26225.608: [GC 26225.608: [ParNew: 1356969K->97574K(1415616K), 0.0621820 secs] 2184554K->925159K(4037056K), 0.0624230 secs] [Times: user=0.63 sys=0.00, real=0.06 secs] 
26234.547: [GC 26234.547: [ParNew: 1355942K->92731K(1415616K), 0.1111880 secs] 2183527K->920315K(4037056K), 0.1115290 secs] [Times: user=0.84 sys=0.01, real=0.11 secs] 
26244.871: [GC 26244.871: [ParNew: 1351099K->92126K(1415616K), 0.0731360 secs] 2178683K->919711K(4037056K), 0.0734900 secs] [Times: user=0.73 sys=0.01, real=0.07 secs] 
26248.444: [GC 26248.444: [ParNew: 1350494K->99749K(1415616K), 0.1008460 secs] 2178079K->927333K(4037056K), 0.1011990 secs] [Times: user=0.71 sys=0.00, real=0.11 secs] 
26251.211: [GC 26251.212: [ParNew: 1358117K->104931K(1415616K), 0.0665740 secs] 2185701K->932516K(4037056K), 0.0668690 secs] [Times: user=0.66 sys=0.01, real=0.07 secs] 
26256.520: [GC 26256.520: [ParNew: 1363299K->116205K(1415616K), 0.1050910 secs] 2190884K->943789K(4037056K), 0.1054530 secs] [Times: user=0.86 sys=0.01, real=0.10 secs] 
26262.245: [GC 26262.246: [ParNew: 1374573K->110249K(1415616K), 0.1379780 secs] 2202157K->937833K(4037056K), 0.1383630 secs] [Times: user=0.86 sys=0.04, real=0.14 secs] 
26269.037: [GC 26269.037: [ParNew: 1368617K->113104K(1415616K), 0.0779320 secs] 2196201K->940688K(4037056K), 0.0782460 secs] [Times: user=0.81 sys=0.01, real=0.08 secs] 
26278.305: [GC 26278.305: [ParNew: 1371472K->120949K(1415616K), 0.0846700 secs] 2199056K->948533K(4037056K), 0.0849860 secs] [Times: user=0.83 sys=0.01, real=0.09 secs] 
26288.746: [GC 26288.746: [ParNew: 1379317K->80403K(1415616K), 0.0971630 secs] 2206901K->907988K(4037056K), 0.0975240 secs] [Times: user=0.76 sys=0.03, real=0.10 secs] 
26299.167: [GC 26299.168: [ParNew: 1338771K->84025K(1415616K), 0.1065240 secs] 2166356K->911609K(4037056K), 0.1069040 secs] [Times: user=0.94 sys=0.03, real=0.11 secs] 
26305.935: [GC 26305.935: [ParNew: 1342393K->87596K(1415616K), 0.1065910 secs] 2169977K->915180K(4037056K), 0.1069420 secs] [Times: user=0.76 sys=0.01, real=0.11 secs] 
26310.597: [GC 26310.598: [ParNew: 1345964K->112140K(1415616K), 0.1329200 secs] 2173548K->939725K(4037056K), 0.1332450 secs] [Times: user=0.63 sys=0.01, real=0.13 secs] 
26314.864: [GC 26314.864: [ParNew: 1370508K->126720K(1415616K), 0.0991370 secs] 2198093K->954304K(4037056K), 0.0994470 secs] [Times: user=0.90 sys=0.02, real=0.10 secs] 
26322.114: [GC 26322.115: [ParNew: 1385088K->93061K(1415616K), 0.0885090 secs] 2212672K->920646K(4037056K), 0.0888020 secs] [Times: user=0.76 sys=0.01, real=0.08 secs] 
26329.809: [GC 26329.809: [ParNew: 1351429K->86351K(1415616K), 0.0952570 secs] 2179014K->913936K(4037056K), 0.0955770 secs] [Times: user=0.74 sys=0.01, real=0.09 secs] 
26343.415: [GC 26343.415: [ParNew: 1344719K->87918K(1415616K), 0.0623040 secs] 2172304K->915503K(4037056K), 0.0625990 secs] [Times: user=0.66 sys=0.01, real=0.07 secs] 
26354.026: [GC 26354.026: [ParNew: 1346286K->93188K(1415616K), 0.0707320 secs] 2173871K->920773K(4037056K), 0.0710460 secs] [Times: user=0.76 sys=0.01, real=0.07 secs] 
26365.183: [GC 26365.184: [ParNew: 1351556K->94327K(1415616K), 0.0828050 secs] 2179141K->921911K(4037056K), 0.0831730 secs] [Times: user=0.70 sys=0.01, real=0.08 secs] 
26369.188: [GC 26369.188: [ParNew: 1352695K->112666K(1415616K), 0.0728990 secs] 2180279K->940250K(4037056K), 0.0731890 secs] [Times: user=0.76 sys=0.02, real=0.08 secs] 
26371.650: [GC 26371.650: [ParNew: 1371034K->97069K(1415616K), 0.0820170 secs] 2198618K->924654K(4037056K), 0.0823110 secs] [Times: user=0.67 sys=0.01, real=0.08 secs] 
26377.804: [GC 26377.805: [ParNew: 1355437K->91319K(1415616K), 0.2151730 secs] 2183022K->946117K(4037056K), 0.2155020 secs] [Times: user=1.05 sys=0.02, real=0.21 secs] 
26385.032: [GC 26385.032: [ParNew: 1349687K->63693K(1415616K), 0.0629930 secs] 2204485K->918492K(4037056K), 0.0632990 secs] [Times: user=0.59 sys=0.01, real=0.06 secs] 
26394.690: [GC 26394.690: [ParNew: 1322061K->68258K(1415616K), 0.0689160 secs] 2176860K->923056K(4037056K), 0.0692320 secs] [Times: user=0.46 sys=0.02, real=0.07 secs] 
26406.947: [GC 26406.948: [ParNew: 1326626K->47685K(1415616K), 0.0544370 secs] 2181424K->902484K(4037056K), 0.0550640 secs] [Times: user=0.53 sys=0.00, real=0.05 secs] 
26418.862: [GC 26418.862: [ParNew: 1306053K->57156K(1415616K), 0.0508870 secs] 2160852K->911954K(4037056K), 0.0511850 secs] [Times: user=0.55 sys=0.02, real=0.05 secs] 
26426.370: [GC 26426.370: [ParNew: 1315524K->53232K(1415616K), 0.0556380 secs] 2170322K->908030K(4037056K), 0.0559510 secs] [Times: user=0.44 sys=0.02, real=0.06 secs] 
26430.588: [GC 26430.588: [ParNew: 1311600K->59603K(1415616K), 0.1989400 secs] 2166398K->914401K(4037056K), 0.1992010 secs] [Times: user=0.42 sys=0.01, real=0.20 secs] 
26435.674: [GC 26435.674: [ParNew: 1317971K->70312K(1415616K), 0.0623520 secs] 2172769K->925111K(4037056K), 0.0626660 secs] [Times: user=0.57 sys=0.00, real=0.06 secs] 
26443.231: [GC 26443.231: [ParNew: 1328680K->62672K(1415616K), 0.0512350 secs] 2183479K->917471K(4037056K), 0.0515220 secs] [Times: user=0.47 sys=0.00, real=0.05 secs] 
26455.049: [GC 26455.050: [ParNew: 1321040K->45579K(1415616K), 0.0378140 secs] 2175839K->900378K(4037056K), 0.0381000 secs] [Times: user=0.43 sys=0.01, real=0.04 secs] 
26469.921: [GC 26469.921: [ParNew: 1303947K->55074K(1415616K), 0.3162030 secs] 2158746K->909873K(4037056K), 0.3165350 secs] [Times: user=0.50 sys=0.05, real=0.31 secs] 
26484.096: [GC 26484.097: [ParNew: 1313442K->67352K(1415616K), 0.0981570 secs] 2168241K->922151K(4037056K), 0.0985290 secs] [Times: user=0.44 sys=0.01, real=0.10 secs] 
26489.831: [GC 26489.831: [ParNew: 1325720K->54128K(1415616K), 0.1069310 secs] 2180519K->908927K(4037056K), 0.1073560 secs] [Times: user=0.60 sys=0.01, real=0.11 secs] 
26493.191: [GC 26493.192: [ParNew: 1312496K->80006K(1415616K), 0.0708040 secs] 2167295K->934805K(4037056K), 0.0711440 secs] [Times: user=0.70 sys=0.01, real=0.07 secs] 
26501.102: [GC 26501.102: [ParNew: 1338374K->74751K(1415616K), 0.0870420 secs] 2193173K->929550K(4037056K), 0.0874040 secs] [Times: user=0.59 sys=0.01, real=0.09 secs] 
26514.179: [GC 26514.179: [ParNew: 1333119K->65994K(1415616K), 0.0517330 secs] 2187918K->920793K(4037056K), 0.0520230 secs] [Times: user=0.41 sys=0.01, real=0.05 secs] 
26532.052: [GC 26532.052: [ParNew: 1324362K->45722K(1415616K), 0.0372740 secs] 2179161K->900520K(4037056K), 0.0376070 secs] [Times: user=0.42 sys=0.00, real=0.04 secs] 
26545.208: [GC 26545.208: [ParNew: 1304090K->53894K(1415616K), 0.0426450 secs] 2158888K->908693K(4037056K), 0.0429730 secs] [Times: user=0.43 sys=0.01, real=0.05 secs] 
26550.207: [GC 26550.207: [ParNew: 1312262K->52439K(1415616K), 0.2773800 secs] 2167061K->907237K(4037056K), 0.2776990 secs] [Times: user=0.47 sys=0.03, real=0.28 secs] 
26556.444: [GC 26556.444: [ParNew: 1310807K->60452K(1415616K), 0.0600210 secs] 2165605K->915250K(4037056K), 0.0603140 secs] [Times: user=0.59 sys=0.00, real=0.06 secs] 
26566.733: [GC 26566.733: [ParNew: 1318820K->77721K(1415616K), 0.0563450 secs] 2173618K->932519K(4037056K), 0.0566590 secs] [Times: user=0.54 sys=0.01, real=0.05 secs] 
26584.019: [GC 26584.019: [ParNew: 1336089K->47807K(1415616K), 0.0390490 secs] 2190887K->902606K(4037056K), 0.0393230 secs] [Times: user=0.40 sys=0.00, real=0.04 secs] 
26595.970: [GC 26595.970: [ParNew: 1306175K->54143K(1415616K), 0.0482620 secs] 2160974K->908942K(4037056K), 0.0485510 secs] [Times: user=0.51 sys=0.00, real=0.05 secs] 
26606.918: [GC 26606.919: [ParNew: 1312511K->64429K(1415616K), 0.0907320 secs] 2167310K->919228K(4037056K), 0.0910720 secs] [Times: user=0.48 sys=0.03, real=0.09 secs] 
26610.632: [GC 26610.632: [ParNew: 1322797K->61845K(1415616K), 0.0713820 secs] 2177596K->916644K(4037056K), 0.0716640 secs] [Times: user=0.44 sys=0.01, real=0.07 secs] 
26617.082: [GC 26617.083: [ParNew: 1320213K->79673K(1415616K), 0.0717840 secs] 2175012K->934472K(4037056K), 0.0720880 secs] [Times: user=0.72 sys=0.01, real=0.07 secs] 
26625.555: [GC 26625.555: [ParNew: 1338041K->56194K(1415616K), 0.0528500 secs] 2192840K->910993K(4037056K), 0.0531850 secs] [Times: user=0.51 sys=0.01, real=0.05 secs] 
26641.171: [GC 26641.171: [ParNew: 1314562K->51430K(1415616K), 0.0454930 secs] 2169361K->906229K(4037056K), 0.0458110 secs] [Times: user=0.43 sys=0.01, real=0.05 secs] 
26652.449: [GC 26652.449: [ParNew: 1309798K->58687K(1415616K), 0.0580160 secs] 2164597K->913486K(4037056K), 0.0582880 secs] [Times: user=0.50 sys=0.00, real=0.06 secs] 
26665.318: [GC 26665.318: [ParNew: 1317055K->70338K(1415616K), 0.0696870 secs] 2171854K->925137K(4037056K), 0.0700100 secs] [Times: user=0.54 sys=0.03, real=0.07 secs] 
26670.343: [GC 26670.343: [ParNew: 1328706K->60301K(1415616K), 0.0955820 secs] 2183505K->915099K(4037056K), 0.0958800 secs] [Times: user=0.46 sys=0.01, real=0.10 secs] 
26677.367: [GC 26677.367: [ParNew: 1318669K->69206K(1415616K), 0.0703230 secs] 2173467K->924004K(4037056K), 0.0706510 secs] [Times: user=0.64 sys=0.02, real=0.07 secs] 
26685.664: [GC 26685.664: [ParNew: 1327574K->72509K(1415616K), 0.0591140 secs] 2182372K->927308K(4037056K), 0.0594550 secs] [Times: user=0.55 sys=0.01, real=0.06 secs] 
26700.579: [GC 26700.579: [ParNew: 1330877K->47675K(1415616K), 0.0412630 secs] 2185676K->902473K(4037056K), 0.0415760 secs] [Times: user=0.39 sys=0.01, real=0.04 secs] 
26710.813: [GC 26710.813: [ParNew: 1306043K->50676K(1415616K), 0.2800850 secs] 2160841K->905474K(4037056K), 0.2804000 secs] [Times: user=0.41 sys=0.01, real=0.28 secs] 
26724.905: [GC 26724.905: [ParNew: 1309044K->66117K(1415616K), 0.0960460 secs] 2163842K->920916K(4037056K), 0.0963510 secs] [Times: user=0.52 sys=0.04, real=0.10 secs] 
26729.473: [GC 26729.474: [ParNew: 1324485K->58295K(1415616K), 0.0556840 secs] 2179284K->913094K(4037056K), 0.0559810 secs] [Times: user=0.56 sys=0.01, real=0.05 secs] 
26733.274: [GC 26733.274: [ParNew: 1316663K->69859K(1415616K), 0.1948430 secs] 2171462K->924657K(4037056K), 0.1952280 secs] [Times: user=0.53 sys=0.02, real=0.19 secs] 
26872.756: [GC 26872.756: [ParNew: 1328227K->67346K(1415616K), 0.0718010 secs] 2183025K->922145K(4037056K), 0.0721510 secs] [Times: user=0.52 sys=0.01, real=0.08 secs] 
26987.753: [GC 26987.753: [ParNew: 1325714K->70503K(1415616K), 0.0818700 secs] 2180513K->925301K(4037056K), 0.0821970 secs] [Times: user=0.79 sys=0.02, real=0.08 secs] 
27117.350: [GC 27117.351: [ParNew: 1328871K->57744K(1415616K), 0.0848690 secs] 2183669K->912543K(4037056K), 0.0852690 secs] [Times: user=0.54 sys=0.01, real=0.08 secs] 
27220.362: [GC 27220.362: [ParNew: 1316112K->65329K(1415616K), 0.0917880 secs] 2170911K->920128K(4037056K), 0.0921490 secs] [Times: user=0.58 sys=0.02, real=0.09 secs] 
27343.146: [GC 27343.146: [ParNew: 1323697K->71302K(1415616K), 0.0892720 secs] 2178496K->926100K(4037056K), 0.0896620 secs] [Times: user=0.65 sys=0.01, real=0.09 secs] 
27467.838: [GC 27467.838: [ParNew: 1329670K->83512K(1415616K), 0.0669080 secs] 2184468K->938311K(4037056K), 0.0672340 secs] [Times: user=0.75 sys=0.01, real=0.06 secs] 
27592.700: [GC 27592.701: [ParNew: 1341880K->54581K(1415616K), 0.0881450 secs] 2196679K->909379K(4037056K), 0.0885520 secs] [Times: user=0.61 sys=0.02, real=0.09 secs] 
27717.172: [GC 27717.172: [ParNew: 1312949K->52548K(1415616K), 0.0733840 secs] 2167747K->907346K(4037056K), 0.0737230 secs] [Times: user=0.53 sys=0.01, real=0.08 secs] 
27853.973: [GC 27853.973: [ParNew: 1310916K->65671K(1415616K), 0.0741620 secs] 2165714K->920470K(4037056K), 0.0744790 secs] [Times: user=0.73 sys=0.01, real=0.07 secs] 
27976.106: [GC 27976.107: [ParNew: 1324039K->61981K(1415616K), 0.1367640 secs] 2178838K->916780K(4037056K), 0.1371520 secs] [Times: user=0.64 sys=0.01, real=0.13 secs] 
28088.995: [GC 28088.996: [ParNew: 1320349K->72806K(1415616K), 0.0631100 secs] 2175148K->927605K(4037056K), 0.0634380 secs] [Times: user=0.60 sys=0.00, real=0.07 secs] 
28210.105: [GC 28210.105: [ParNew: 1331174K->55736K(1415616K), 0.3981640 secs] 2185973K->910535K(4037056K), 0.3984890 secs] [Times: user=0.56 sys=0.05, real=0.40 secs] 
28330.009: [GC 28330.010: [ParNew: 1314104K->66008K(1415616K), 0.3333940 secs] 2168903K->920806K(4037056K), 0.3337430 secs] [Times: user=0.60 sys=0.04, real=0.33 secs] 
28418.743: [GC 28418.746: [ParNew: 1324376K->87531K(1415616K), 0.1370130 secs] 2179174K->942330K(4037056K), 0.1373650 secs] [Times: user=0.74 sys=0.01, real=0.14 secs] 
28537.352: [GC 28537.353: [ParNew: 1345899K->90650K(1415616K), 0.1111700 secs] 2200698K->945448K(4037056K), 0.1115560 secs] [Times: user=0.87 sys=0.01, real=0.11 secs] 
28653.865: [GC 28653.865: [ParNew: 1349018K->86256K(1415616K), 0.1446000 secs] 2203816K->941054K(4037056K), 0.1449420 secs] [Times: user=0.76 sys=0.02, real=0.14 secs] 
28757.215: [GC 28757.215: [ParNew: 1344624K->89860K(1415616K), 0.1069400 secs] 2199422K->944659K(4037056K), 0.1072700 secs] [Times: user=0.69 sys=0.03, real=0.11 secs] 
28862.587: [GC 28862.587: [ParNew: 1348228K->63009K(1415616K), 0.0792770 secs] 2203027K->917808K(4037056K), 0.0796090 secs] [Times: user=0.65 sys=0.01, real=0.08 secs] 
28995.145: [GC 28995.146: [ParNew: 1321377K->70524K(1415616K), 0.0815740 secs] 2176176K->925323K(4037056K), 0.0819220 secs] [Times: user=0.77 sys=0.02, real=0.08 secs] 
29110.049: [GC 29110.061: [ParNew: 1328892K->80491K(1415616K), 0.2377320 secs] 2183691K->935290K(4037056K), 0.2499180 secs] [Times: user=0.63 sys=0.01, real=0.25 secs] 
29217.185: [GC 29217.185: [ParNew: 1338859K->82657K(1415616K), 0.0866830 secs] 2193658K->937456K(4037056K), 0.0870260 secs] [Times: user=0.66 sys=0.01, real=0.09 secs] 
29328.944: [GC 29328.944: [ParNew: 1341025K->68412K(1415616K), 0.0888450 secs] 2195824K->923210K(4037056K), 0.0892140 secs] [Times: user=0.86 sys=0.01, real=0.09 secs] 
29448.148: [GC 29448.148: [ParNew: 1326780K->79168K(1415616K), 0.0833100 secs] 2181578K->933967K(4037056K), 0.0836680 secs] [Times: user=0.89 sys=0.01, real=0.08 secs] 
29568.930: [GC 29568.931: [ParNew: 1337536K->96932K(1415616K), 0.1021310 secs] 2192335K->951731K(4037056K), 0.1024810 secs] [Times: user=0.82 sys=0.01, real=0.11 secs] 
29686.545: [GC 29686.546: [ParNew: 1355300K->80110K(1415616K), 0.1118200 secs] 2210099K->934909K(4037056K), 0.1122490 secs] [Times: user=0.91 sys=0.03, real=0.11 secs] 
29806.142: [GC 29806.143: [ParNew: 1338478K->89510K(1415616K), 0.0868900 secs] 2193277K->944308K(4037056K), 0.0872940 secs] [Times: user=0.85 sys=0.01, real=0.09 secs] 
29929.147: [GC 29929.148: [ParNew: 1347878K->83935K(1415616K), 0.1113320 secs] 2202676K->938733K(4037056K), 0.1116710 secs] [Times: user=0.87 sys=0.02, real=0.11 secs] 
30040.275: [GC 30040.275: [ParNew: 1342303K->91764K(1415616K), 0.1911500 secs] 2197101K->946562K(4037056K), 0.1915230 secs] [Times: user=0.78 sys=0.04, real=0.20 secs] 
30144.950: [GC 30144.951: [ParNew: 1350132K->83118K(1415616K), 0.1063250 secs] 2204930K->937916K(4037056K), 0.1066810 secs] [Times: user=0.70 sys=0.01, real=0.10 secs] 
30269.906: [GC 30269.907: [ParNew: 1341486K->68086K(1415616K), 0.2845360 secs] 2196284K->922884K(4037056K), 0.2848920 secs] [Times: user=0.67 sys=0.01, real=0.28 secs] 
30389.855: [GC 30389.855: [ParNew: 1326454K->89974K(1415616K), 0.1257080 secs] 2181252K->944773K(4037056K), 0.1260710 secs] [Times: user=0.86 sys=0.03, real=0.13 secs] 
30499.548: [GC 30499.548: [ParNew: 1348342K->95250K(1415616K), 0.0883720 secs] 2203141K->950049K(4037056K), 0.0887020 secs] [Times: user=0.82 sys=0.01, real=0.09 secs] 
30607.352: [GC 30607.352: [ParNew: 1353618K->76269K(1415616K), 0.0702560 secs] 2208417K->931068K(4037056K), 0.0705630 secs] [Times: user=0.75 sys=0.01, real=0.07 secs] 
30725.640: [GC 30725.641: [ParNew: 1334637K->79141K(1415616K), 0.0734900 secs] 2189436K->933940K(4037056K), 0.0738120 secs] [Times: user=0.82 sys=0.01, real=0.07 secs] 
30843.398: [GC 30843.398: [ParNew: 1337509K->86538K(1415616K), 0.0700210 secs] 2192308K->941337K(4037056K), 0.0703340 secs] [Times: user=0.79 sys=0.00, real=0.07 secs] 
30954.871: [GC 30954.871: [ParNew: 1344906K->98122K(1415616K), 0.0905340 secs] 2199705K->952920K(4037056K), 0.0908880 secs] [Times: user=0.91 sys=0.01, real=0.10 secs] 
31071.760: [GC 31071.761: [ParNew: 1356490K->78043K(1415616K), 0.0915380 secs] 2211288K->932841K(4037056K), 0.0919930 secs] [Times: user=0.87 sys=0.03, real=0.09 secs] 
31180.202: [GC 31180.203: [ParNew: 1336411K->100669K(1415616K), 0.2142220 secs] 2191209K->955468K(4037056K), 0.2145860 secs] [Times: user=0.88 sys=0.01, real=0.21 secs] 
31282.832: [GC 31282.832: [ParNew: 1359037K->84905K(1415616K), 0.1082850 secs] 2213836K->939704K(4037056K), 0.1086710 secs] [Times: user=0.76 sys=0.01, real=0.11 secs] 
31392.306: [GC 31392.306: [ParNew: 1343273K->94249K(1415616K), 0.0871570 secs] 2198072K->949048K(4037056K), 0.0875170 secs] [Times: user=0.66 sys=0.01, real=0.09 secs] 
31509.900: [GC 31509.900: [ParNew: 1352617K->86839K(1415616K), 0.3541910 secs] 2207416K->941637K(4037056K), 0.3546100 secs] [Times: user=0.71 sys=0.02, real=0.35 secs] 
31629.975: [GC 31629.975: [ParNew: 1345207K->80871K(1415616K), 0.4217840 secs] 2200005K->935669K(4037056K), 0.4221390 secs] [Times: user=0.82 sys=0.16, real=0.42 secs] 
31747.678: [GC 31747.678: [ParNew: 1339239K->93322K(1415616K), 0.1060230 secs] 2194037K->948121K(4037056K), 0.1063410 secs] [Times: user=0.84 sys=0.02, real=0.11 secs] 
31864.874: [GC 31864.875: [ParNew: 1351690K->86664K(1415616K), 0.1463680 secs] 2206489K->941463K(4037056K), 0.1467400 secs] [Times: user=0.92 sys=0.01, real=0.15 secs] 
31974.754: [GC 31974.754: [ParNew: 1345032K->87479K(1415616K), 0.0980290 secs] 2199831K->942278K(4037056K), 0.0983580 secs] [Times: user=0.87 sys=0.02, real=0.10 secs] 
32087.577: [GC 32087.577: [ParNew: 1345847K->101307K(1415616K), 0.1081500 secs] 2200646K->956105K(4037056K), 0.1084650 secs] [Times: user=1.06 sys=0.01, real=0.11 secs] 
32201.497: [GC 32201.497: [ParNew: 1359675K->113428K(1415616K), 0.1151470 secs] 2214473K->968227K(4037056K), 0.1155040 secs] [Times: user=0.89 sys=0.02, real=0.11 secs] 
32317.017: [GC 32317.017: [ParNew: 1371796K->98725K(1415616K), 0.1126060 secs] 2226595K->953524K(4037056K), 0.1129150 secs] [Times: user=1.21 sys=0.03, real=0.11 secs] 
32423.922: [GC 32423.922: [ParNew: 1357093K->98477K(1415616K), 0.0967790 secs] 2211892K->953276K(4037056K), 0.0971450 secs] [Times: user=0.90 sys=0.01, real=0.10 secs] 
32486.542: [GC 32486.544: [ParNew: 1356845K->117030K(1415616K), 0.1237970 secs] 2211644K->971829K(4037056K), 0.1256870 secs] [Times: user=1.28 sys=0.00, real=0.12 secs] 
32490.576: [GC 32490.576: [ParNew: 1375398K->135596K(1415616K), 0.2748190 secs] 2230197K->1009574K(4037056K), 0.2751540 secs] [Times: user=1.10 sys=0.02, real=0.28 secs] 
32495.143: [GC 32495.144: [ParNew: 1393964K->128308K(1415616K), 0.2697050 secs] 2267942K->1019093K(4037056K), 0.2700180 secs] [Times: user=1.14 sys=0.02, real=0.27 secs] 
32497.797: [GC 32497.798: [ParNew: 1386676K->106152K(1415616K), 0.3295640 secs] 2277461K->1043073K(4037056K), 0.3299200 secs] [Times: user=1.07 sys=0.02, real=0.33 secs] 
32499.277: [GC 32499.277: [ParNew: 1364520K->83131K(1415616K), 0.0598140 secs] 2301441K->1020052K(4037056K), 0.0601040 secs] [Times: user=0.64 sys=0.01, real=0.06 secs] 
32500.952: [GC 32500.953: [ParNew: 1341499K->97397K(1415616K), 0.1146170 secs] 2278420K->1034317K(4037056K), 0.1150110 secs] [Times: user=0.68 sys=0.02, real=0.11 secs] 
32502.597: [GC 32502.597: [ParNew: 1355765K->123676K(1415616K), 0.0883140 secs] 2292685K->1060597K(4037056K), 0.0885760 secs] [Times: user=0.95 sys=0.00, real=0.09 secs] 
32504.055: [GC 32504.055: [ParNew: 1382044K->127637K(1415616K), 0.1244300 secs] 2318965K->1079046K(4037056K), 0.1247480 secs] [Times: user=0.96 sys=0.02, real=0.12 secs] 
32507.069: [GC 32507.069: [ParNew: 1386005K->130408K(1415616K), 0.1567370 secs] 2337414K->1094417K(4037056K), 0.1570680 secs] [Times: user=1.17 sys=0.01, real=0.16 secs] 
32508.847: [GC 32508.847: [ParNew: 1388776K->127753K(1415616K), 0.1667710 secs] 2352785K->1103872K(4037056K), 0.1670780 secs] [Times: user=1.09 sys=0.02, real=0.17 secs] 
32510.808: [GC 32510.808: [ParNew: 1386121K->125117K(1415616K), 0.1178530 secs] 2362240K->1107570K(4037056K), 0.1181880 secs] [Times: user=1.01 sys=0.00, real=0.12 secs] 
32512.531: [GC 32512.531: [ParNew: 1383485K->110027K(1415616K), 0.1367270 secs] 2365938K->1102316K(4037056K), 0.1370490 secs] [Times: user=1.04 sys=0.00, real=0.14 secs] 
32514.419: [GC 32514.419: [ParNew: 1368395K->129424K(1415616K), 0.0888340 secs] 2360684K->1121712K(4037056K), 0.0891110 secs] [Times: user=0.81 sys=0.01, real=0.09 secs] 
32518.053: [GC 32518.053: [ParNew: 1387792K->116174K(1415616K), 0.1323220 secs] 2380080K->1120029K(4037056K), 0.1326080 secs] [Times: user=0.89 sys=0.01, real=0.14 secs] 
32519.592: [GC 32519.592: [ParNew: 1374542K->142566K(1415616K), 0.0720860 secs] 2378397K->1146421K(4037056K), 0.0724000 secs] [Times: user=0.87 sys=0.01, real=0.08 secs] 
32520.952: [GC 32520.952: [ParNew: 1400934K->121975K(1415616K), 0.1444360 secs] 2404789K->1140096K(4037056K), 0.1447340 secs] [Times: user=0.91 sys=0.00, real=0.15 secs] 
32521.935: [GC 32521.935: [ParNew: 1380343K->136615K(1415616K), 0.1474430 secs] 2398464K->1166611K(4037056K), 0.1477250 secs] [Times: user=0.88 sys=0.02, real=0.14 secs] 
32522.919: [GC 32522.920: [ParNew: 1394983K->135413K(1415616K), 0.1634050 secs] 2424979K->1181475K(4037056K), 0.1637020 secs] [Times: user=0.96 sys=0.02, real=0.16 secs] 
32523.970: [GC 32523.970: [ParNew: 1393781K->106852K(1415616K), 0.1959230 secs] 2439843K->1182586K(4037056K), 0.1962160 secs] [Times: user=1.03 sys=0.01, real=0.20 secs] 
32525.203: [GC 32525.204: [ParNew: 1365220K->151587K(1415616K), 0.1138430 secs] 2440954K->1227320K(4037056K), 0.1141640 secs] [Times: user=0.89 sys=0.01, real=0.12 secs] 
32526.107: [GC 32526.108: [ParNew: 1409955K->143437K(1415616K), 0.1553770 secs] 2485688K->1237369K(4037056K), 0.1556710 secs] [Times: user=1.01 sys=0.01, real=0.15 secs] 
32529.964: [GC 32529.964: [ParNew: 1401805K->132940K(1415616K), 0.6346050 secs] 2495737K->1248118K(4037056K), 0.6349850 secs] [Times: user=1.04 sys=0.03, real=0.64 secs] 
32535.601: [GC 32535.602: [ParNew: 1391308K->105693K(1415616K), 0.1231470 secs] 2506486K->1229703K(4037056K), 0.1235330 secs] [Times: user=0.84 sys=0.01, real=0.12 secs] 
32543.514: [GC 32543.514: [ParNew: 1364061K->67008K(1415616K), 0.0579210 secs] 2488071K->1191017K(4037056K), 0.0582610 secs] [Times: user=0.52 sys=0.01, real=0.06 secs] 
32546.188: [GC 32546.188: [ParNew: 1325376K->55999K(1415616K), 0.0596170 secs] 2449385K->1180008K(4037056K), 0.0599020 secs] [Times: user=0.50 sys=0.00, real=0.06 secs] 
32547.630: [GC 32547.630: [ParNew: 1314367K->55006K(1415616K), 0.0473740 secs] 2438376K->1179016K(4037056K), 0.0476390 secs] [Times: user=0.41 sys=0.01, real=0.05 secs] 
32549.182: [GC 32549.182: [ParNew: 1313374K->73178K(1415616K), 0.2443730 secs] 2437384K->1197188K(4037056K), 0.2448310 secs] [Times: user=0.57 sys=0.02, real=0.24 secs] 
32551.511: [GC 32551.511: [ParNew: 1331546K->72990K(1415616K), 0.0782560 secs] 2455556K->1197000K(4037056K), 0.0785330 secs] [Times: user=0.50 sys=0.00, real=0.08 secs] 
32554.989: [GC 32554.989: [ParNew: 1331285K->76876K(1415616K), 0.1314940 secs] 2455295K->1200886K(4037056K), 0.1318640 secs] [Times: user=0.68 sys=0.01, real=0.13 secs] 
32559.249: [GC 32559.250: [ParNew: 1335244K->80307K(1415616K), 0.0965010 secs] 2459254K->1204316K(4037056K), 0.0968600 secs] [Times: user=0.61 sys=0.01, real=0.09 secs] 
32563.490: [GC 32563.490: [ParNew: 1338675K->96108K(1415616K), 0.0961680 secs] 2462684K->1220117K(4037056K), 0.0965100 secs] [Times: user=0.65 sys=0.03, real=0.09 secs] 
32569.691: [GC 32569.691: [ParNew: 1354476K->72618K(1415616K), 0.0760290 secs] 2478485K->1196628K(4037056K), 0.0763650 secs] [Times: user=0.58 sys=0.01, real=0.07 secs] 
32575.247: [GC 32575.247: [ParNew: 1330986K->75818K(1415616K), 0.0733020 secs] 2454996K->1199828K(4037056K), 0.0736290 secs] [Times: user=0.56 sys=0.01, real=0.08 secs] 
32583.979: [GC 32583.979: [ParNew: 1334186K->78157K(1415616K), 0.0652530 secs] 2458196K->1202166K(4037056K), 0.0655610 secs] [Times: user=0.56 sys=0.00, real=0.07 secs] 
32590.610: [GC 32590.611: [ParNew: 1336525K->74817K(1415616K), 0.1707710 secs] 2460534K->1198826K(4037056K), 0.1710940 secs] [Times: user=0.52 sys=0.02, real=0.18 secs] 
32596.877: [GC 32596.877: [ParNew: 1333185K->91640K(1415616K), 0.0943490 secs] 2457194K->1215650K(4037056K), 0.0947120 secs] [Times: user=0.73 sys=0.01, real=0.09 secs] 
32604.984: [GC 32604.984: [ParNew: 1350008K->80545K(1415616K), 0.0692840 secs] 2474018K->1204555K(4037056K), 0.0697540 secs] [Times: user=0.60 sys=0.01, real=0.08 secs] 
32606.742: [GC 32606.743: [ParNew: 1338913K->91204K(1415616K), 0.0549100 secs] 2462923K->1215213K(4037056K), 0.0552320 secs] [Times: user=0.46 sys=0.01, real=0.06 secs] 
32607.964: [GC 32607.965: [ParNew: 1349572K->78075K(1415616K), 0.1009690 secs] 2473581K->1202084K(4037056K), 0.1013080 secs] [Times: user=0.65 sys=0.01, real=0.10 secs] 
32609.676: [GC 32609.676: [ParNew: 1336443K->91866K(1415616K), 0.0718780 secs] 2460452K->1215876K(4037056K), 0.0721760 secs] [Times: user=0.55 sys=0.00, real=0.07 secs] 
32611.954: [GC 32611.954: [ParNew: 1350234K->113556K(1415616K), 0.1847190 secs] 2474244K->1237565K(4037056K), 0.1850500 secs] [Times: user=0.86 sys=0.01, real=0.19 secs] 
32614.941: [GC 32614.941: [ParNew: 1371924K->123984K(1415616K), 0.1695270 secs] 2495933K->1247993K(4037056K), 0.1704260 secs] [Times: user=0.83 sys=0.02, real=0.17 secs] 
32618.916: [GC 32618.916: [ParNew: 1382352K->88319K(1415616K), 0.2674710 secs] 2506361K->1247060K(4037056K), 0.2677970 secs] [Times: user=1.00 sys=0.01, real=0.26 secs] 
32623.103: [GC 32623.103: [ParNew: 1346687K->53514K(1415616K), 0.1146310 secs] 2505428K->1212255K(4037056K), 0.1150130 secs] [Times: user=0.53 sys=0.01, real=0.12 secs] 
32628.709: [GC 32628.710: [ParNew: 1311882K->62811K(1415616K), 0.0723830 secs] 2470623K->1221552K(4037056K), 0.0727180 secs] [Times: user=0.52 sys=0.01, real=0.07 secs] 
32634.501: [GC 32634.501: [ParNew: 1321179K->54884K(1415616K), 0.0517230 secs] 2479920K->1213625K(4037056K), 0.0520250 secs] [Times: user=0.40 sys=0.00, real=0.05 secs] 
32642.006: [GC 32642.006: [ParNew: 1313252K->40111K(1415616K), 0.0533370 secs] 2471993K->1198852K(4037056K), 0.0536730 secs] [Times: user=0.38 sys=0.00, real=0.06 secs] 
32649.169: [GC 32649.170: [ParNew: 1298479K->44195K(1415616K), 0.0475430 secs] 2457220K->1202936K(4037056K), 0.0478660 secs] [Times: user=0.40 sys=0.01, real=0.04 secs] 
32654.877: [GC 32654.877: [ParNew: 1302563K->63051K(1415616K), 0.0649990 secs] 2461304K->1221792K(4037056K), 0.0653440 secs] [Times: user=0.56 sys=0.00, real=0.07 secs] 
32660.963: [GC 32660.963: [ParNew: 1321419K->55692K(1415616K), 0.0550110 secs] 2480160K->1214433K(4037056K), 0.0553110 secs] [Times: user=0.45 sys=0.00, real=0.05 secs] 
32665.582: [GC 32665.583: [ParNew: 1314060K->58102K(1415616K), 0.0442600 secs] 2472801K->1216843K(4037056K), 0.0455480 secs] [Times: user=0.37 sys=0.00, real=0.04 secs] 
32667.308: [GC 32667.308: [ParNew: 1316470K->49559K(1415616K), 0.0703560 secs] 2475211K->1208300K(4037056K), 0.0705910 secs] [Times: user=0.41 sys=0.01, real=0.07 secs] 
32668.518: [GC 32668.518: [ParNew: 1307927K->66591K(1415616K), 0.0603290 secs] 2466668K->1225332K(4037056K), 0.0605950 secs] [Times: user=0.45 sys=0.01, real=0.06 secs] 
32670.121: [GC 32670.121: [ParNew: 1324959K->74557K(1415616K), 0.1581920 secs] 2483700K->1233298K(4037056K), 0.1584760 secs] [Times: user=0.50 sys=0.01, real=0.15 secs] 
32672.812: [GC 32672.812: [ParNew: 1332925K->85303K(1415616K), 0.0803210 secs] 2491666K->1244044K(4037056K), 0.0806580 secs] [Times: user=0.66 sys=0.01, real=0.08 secs] 
32675.761: [GC 32675.762: [ParNew: 1343671K->82701K(1415616K), 0.0781130 secs] 2502412K->1241442K(4037056K), 0.0795640 secs] [Times: user=0.67 sys=0.02, real=0.08 secs] 
32680.025: [GC 32680.025: [ParNew: 1341069K->61010K(1415616K), 0.1833360 secs] 2499810K->1219751K(4037056K), 0.1837100 secs] [Times: user=0.61 sys=0.02, real=0.18 secs] 
32684.806: [GC 32684.806: [ParNew: 1319378K->80786K(1415616K), 0.0698770 secs] 2478119K->1239527K(4037056K), 0.0701470 secs] [Times: user=0.61 sys=0.02, real=0.07 secs] 
32689.853: [GC 32689.853: [ParNew: 1339154K->74106K(1415616K), 0.0634890 secs] 2497895K->1232847K(4037056K), 0.0638020 secs] [Times: user=0.61 sys=0.02, real=0.06 secs] 
32694.911: [GC 32694.912: [ParNew: 1332474K->73391K(1415616K), 0.0764380 secs] 2491215K->1232132K(4037056K), 0.0767640 secs] [Times: user=0.57 sys=0.02, real=0.08 secs] 
32696.279: [GC 32696.279: [ParNew: 1331759K->64664K(1415616K), 0.0804050 secs] 2490500K->1223405K(4037056K), 0.0807310 secs] [Times: user=0.63 sys=0.02, real=0.08 secs] 
32697.835: [GC 32697.836: [ParNew: 1323032K->95364K(1415616K), 0.0858190 secs] 2481773K->1254105K(4037056K), 0.0861970 secs] [Times: user=0.82 sys=0.01, real=0.08 secs] 
32698.764: [GC 32698.764: [ParNew: 1353732K->120033K(1415616K), 0.0972500 secs] 2512473K->1278774K(4037056K), 0.0975310 secs] [Times: user=0.82 sys=0.01, real=0.10 secs] 
32699.536: [GC 32699.537: [ParNew: 1378401K->136869K(1415616K), 0.1579520 secs] 2537142K->1312678K(4037056K), 0.1582400 secs] [Times: user=1.02 sys=0.01, real=0.16 secs] 
32700.456: [GC 32700.456: [ParNew: 1395237K->148268K(1415616K), 0.1798900 secs] 2571046K->1343706K(4037056K), 0.1801860 secs] [Times: user=1.00 sys=0.02, real=0.18 secs] 
32701.658: [GC 32701.658: [ParNew: 1406636K->135268K(1415616K), 0.1569460 secs] 2602074K->1347187K(4037056K), 0.1573320 secs] [Times: user=1.00 sys=0.00, real=0.16 secs] 
32703.092: [GC 32703.092: [ParNew: 1393636K->146609K(1415616K), 0.1665840 secs] 2605555K->1376320K(4037056K), 0.1669720 secs] [Times: user=1.03 sys=0.02, real=0.17 secs] 
32704.166: [GC 32704.166: [ParNew: 1404977K->131637K(1415616K), 0.1588870 secs] 2634688K->1379852K(4037056K), 0.1591900 secs] [Times: user=0.98 sys=0.01, real=0.15 secs] 
32705.219: [GC 32705.219: [ParNew: 1390005K->139970K(1415616K), 0.1715300 secs] 2638220K->1408884K(4037056K), 0.1717990 secs] [Times: user=0.94 sys=0.01, real=0.17 secs] 
32706.202: [GC 32706.202: [ParNew: 1398338K->134164K(1415616K), 0.2002680 secs] 2667252K->1421964K(4037056K), 0.2005180 secs] [Times: user=0.95 sys=0.00, real=0.20 secs] 
32707.203: [GC 32707.203: [ParNew: 1392532K->135905K(1415616K), 0.1260730 secs] 2680332K->1440485K(4037056K), 0.1263450 secs] [Times: user=0.94 sys=0.01, real=0.13 secs] 
32708.098: [GC 32708.098: [ParNew: 1394273K->144421K(1415616K), 0.1300640 secs] 2698853K->1467547K(4037056K), 0.1303760 secs] [Times: user=1.01 sys=0.01, real=0.13 secs] 
32708.878: [GC 32708.878: [ParNew: 1402789K->145996K(1415616K), 0.1359900 secs] 2725915K->1489163K(4037056K), 0.1362340 secs] [Times: user=1.10 sys=0.01, real=0.13 secs] 
32710.043: [GC 32710.043: [ParNew: 1404364K->133531K(1415616K), 0.6528110 secs] 2747531K->1513582K(4037056K), 0.6531600 secs] [Times: user=1.02 sys=0.02, real=0.66 secs] 
32711.794: [GC 32711.794: [ParNew: 1391899K->120703K(1415616K), 0.0923610 secs] 2771950K->1500754K(4037056K), 0.0926330 secs] [Times: user=0.85 sys=0.00, real=0.10 secs] 
32712.543: [GC 32712.543: [ParNew: 1379071K->108581K(1415616K), 0.2167920 secs] 2759122K->1526412K(4037056K), 0.2170580 secs] [Times: user=1.09 sys=0.02, real=0.22 secs] 
32713.468: [GC 32713.468: [ParNew: 1366949K->121127K(1415616K), 0.1471370 secs] 2784780K->1559628K(4037056K), 0.1473680 secs] [Times: user=0.99 sys=0.01, real=0.14 secs] 
32714.432: [GC 32714.432: [ParNew: 1379495K->113094K(1415616K), 0.1713050 secs] 2817996K->1570921K(4037056K), 0.1715590 secs] [Times: user=0.96 sys=0.03, real=0.17 secs] 
32715.305: [GC 32715.305: [ParNew: 1371462K->140669K(1415616K), 0.0763800 secs] 2829289K->1598495K(4037056K), 0.0766890 secs] [Times: user=0.90 sys=0.00, real=0.08 secs] 
32716.062: [GC 32716.062: [ParNew: 1399037K->103064K(1415616K), 0.2454610 secs] 2856863K->1601449K(4037056K), 0.2457260 secs] [Times: user=1.04 sys=0.03, real=0.25 secs] 
32717.035: [GC 32717.035: [ParNew: 1361432K->138090K(1415616K), 0.0676660 secs] 2859817K->1636475K(4037056K), 0.0679350 secs] [Times: user=0.81 sys=0.01, real=0.07 secs] 
32717.771: [GC 32717.771: [ParNew: 1396458K->136474K(1415616K), 0.2389970 secs] 2894843K->1666975K(4037056K), 0.2392620 secs] [Times: user=1.11 sys=0.01, real=0.24 secs] 
32718.664: [GC 32718.664: [ParNew: 1394842K->138768K(1415616K), 0.1657820 secs] 2925343K->1689951K(4037056K), 0.1660960 secs] [Times: user=0.94 sys=0.01, real=0.17 secs] 
32719.559: [GC 32719.559: [ParNew: 1397136K->136295K(1415616K), 0.1286310 secs] 2948319K->1709582K(4037056K), 0.1289810 secs] [Times: user=0.97 sys=0.01, real=0.13 secs] 
32720.476: [GC 32720.477: [ParNew: 1394663K->150316K(1415616K), 0.1911790 secs] 2967950K->1746193K(4037056K), 0.1915440 secs] [Times: user=0.98 sys=0.02, real=0.20 secs] 
32721.607: [GC 32721.607: [ParNew: 1408684K->119380K(1415616K), 0.1828670 secs] 3004561K->1739334K(4037056K), 0.1831910 secs] [Times: user=0.91 sys=0.01, real=0.18 secs] 
32724.958: [GC 32724.958: [ParNew: 1377748K->124704K(1415616K), 0.3284010 secs] 2997702K->1768006K(4037056K), 0.3287490 secs] [Times: user=1.28 sys=0.02, real=0.32 secs] 
32726.543: [GC 32726.544: [ParNew: 1383072K->111105K(1415616K), 0.1459310 secs] 3026374K->1778049K(4037056K), 0.1461990 secs] [Times: user=0.84 sys=0.02, real=0.15 secs] 
32727.861: [GC 32727.861: [ParNew: 1369473K->117420K(1415616K), 0.1125540 secs] 3036417K->1784365K(4037056K), 0.1128900 secs] [Times: user=0.78 sys=0.02, real=0.11 secs] 
32729.352: [GC 32729.352: [ParNew: 1375788K->108774K(1415616K), 0.1476070 secs] 3042733K->1775719K(4037056K), 0.1479020 secs] [Times: user=0.65 sys=0.01, real=0.15 secs] 
32731.500: [GC 32731.500: [ParNew: 1367142K->106874K(1415616K), 0.1084240 secs] 3034087K->1785154K(4037056K), 0.1087480 secs] [Times: user=0.66 sys=0.01, real=0.11 secs] 
32734.708: [GC 32734.709: [ParNew: 1365242K->79763K(1415616K), 0.0686870 secs] 3043522K->1758043K(4037056K), 0.0690010 secs] [Times: user=0.62 sys=0.02, real=0.06 secs] 
32737.969: [GC 32737.969: [ParNew: 1338131K->76490K(1415616K), 0.0700440 secs] 3016411K->1754770K(4037056K), 0.0703350 secs] [Times: user=0.57 sys=0.01, real=0.07 secs] 
32742.827: [GC 32742.828: [ParNew: 1334858K->79830K(1415616K), 0.0658530 secs] 3013138K->1758111K(4037056K), 0.0662280 secs] [Times: user=0.60 sys=0.01, real=0.07 secs] 
32747.993: [GC 32747.993: [ParNew: 1338198K->78604K(1415616K), 0.0540900 secs] 3016479K->1756884K(4037056K), 0.0545290 secs] [Times: user=0.58 sys=0.02, real=0.05 secs] 
32754.348: [GC 32754.348: [ParNew: 1336972K->53102K(1415616K), 0.0392450 secs] 3015252K->1731382K(4037056K), 0.0395900 secs] [Times: user=0.44 sys=0.00, real=0.04 secs] 
32761.175: [GC 32761.175: [ParNew: 1311470K->70991K(1415616K), 0.0473130 secs] 2989750K->1749271K(4037056K), 0.0476170 secs] [Times: user=0.48 sys=0.00, real=0.05 secs] 
32768.697: [GC 32768.698: [ParNew: 1329359K->46411K(1415616K), 0.0603390 secs] 3007639K->1724691K(4037056K), 0.0607230 secs] [Times: user=0.55 sys=0.03, real=0.06 secs] 
32774.678: [GC 32774.679: [ParNew: 1304779K->71240K(1415616K), 0.0784790 secs] 2983059K->1749520K(4037056K), 0.0788090 secs] [Times: user=0.63 sys=0.03, real=0.08 secs] 
32782.236: [GC 32782.236: [ParNew: 1329608K->72826K(1415616K), 0.0645320 secs] 3007888K->1751106K(4037056K), 0.0649150 secs] [Times: user=0.58 sys=0.02, real=0.06 secs] 
32786.110: [GC 32786.110: [ParNew: 1331194K->74383K(1415616K), 0.1127720 secs] 3009474K->1752663K(4037056K), 0.1131150 secs] [Times: user=0.49 sys=0.00, real=0.11 secs] 
32787.776: [GC 32787.776: [ParNew: 1332751K->82560K(1415616K), 0.0764530 secs] 3011031K->1760840K(4037056K), 0.0773640 secs] [Times: user=0.57 sys=0.01, real=0.07 secs] 
32789.473: [GC 32789.473: [ParNew: 1340928K->77796K(1415616K), 0.1318300 secs] 3019208K->1756076K(4037056K), 0.1321970 secs] [Times: user=0.65 sys=0.02, real=0.13 secs] 
32791.430: [GC 32791.430: [ParNew: 1336164K->90804K(1415616K), 0.1331670 secs] 3014444K->1769084K(4037056K), 0.1334280 secs] [Times: user=0.60 sys=0.01, real=0.13 secs] 
32794.587: [GC 32794.587: [ParNew: 1349172K->117015K(1415616K), 0.0822870 secs] 3027452K->1795295K(4037056K), 0.0826330 secs] [Times: user=0.88 sys=0.01, real=0.08 secs] 
32798.847: [GC 32798.848: [ParNew: 1375383K->115307K(1415616K), 0.1280290 secs] 3053663K->1793587K(4037056K), 0.1283790 secs] [Times: user=0.86 sys=0.02, real=0.13 secs] 
32803.584: [GC 32803.584: [ParNew: 1373675K->107304K(1415616K), 0.0879470 secs] 3051955K->1785584K(4037056K), 0.0882930 secs] [Times: user=0.69 sys=0.01, real=0.09 secs] 
32809.832: [GC 32809.832: [ParNew: 1365672K->107153K(1415616K), 0.0945600 secs] 3043952K->1785433K(4037056K), 0.0949390 secs] [Times: user=0.79 sys=0.03, real=0.09 secs] 
32815.944: [GC 32815.944: [ParNew: 1365521K->100942K(1415616K), 0.0773090 secs] 3043801K->1779222K(4037056K), 0.0776990 secs] [Times: user=0.68 sys=0.01, real=0.08 secs] 
32822.906: [GC 32822.907: [ParNew: 1359310K->71931K(1415616K), 0.0780220 secs] 3037590K->1750211K(4037056K), 0.0783860 secs] [Times: user=0.73 sys=0.01, real=0.08 secs] 
32830.178: [GC 32830.178: [ParNew: 1330299K->74083K(1415616K), 0.2512010 secs] 3008579K->1752363K(4037056K), 0.2515250 secs] [Times: user=0.56 sys=0.02, real=0.25 secs] 
32836.086: [GC 32836.086: [ParNew: 1332451K->86214K(1415616K), 0.0991240 secs] 3010731K->1764494K(4037056K), 0.0994630 secs] [Times: user=0.78 sys=0.01, real=0.10 secs] 
32843.140: [GC 32843.141: [ParNew: 1344582K->110859K(1415616K), 0.0947640 secs] 3022862K->1789139K(4037056K), 0.0951090 secs] [Times: user=0.76 sys=0.01, real=0.10 secs] 
32846.030: [GC 32846.030: [ParNew: 1369227K->84515K(1415616K), 0.1282460 secs] 3047507K->1762795K(4037056K), 0.1286170 secs] [Times: user=0.66 sys=0.02, real=0.13 secs] 
32847.455: [GC 32847.455: [ParNew: 1342883K->107045K(1415616K), 0.0812350 secs] 3021163K->1785325K(4037056K), 0.0814790 secs] [Times: user=0.58 sys=0.02, real=0.08 secs] 
32849.091: [GC 32849.091: [ParNew: 1365413K->113856K(1415616K), 0.1718450 secs] 3043693K->1792136K(4037056K), 0.1721440 secs] [Times: user=0.63 sys=0.01, real=0.18 secs] 
32850.628: [GC 32850.628: [ParNew: 1372224K->118220K(1415616K), 0.2376130 secs] 3050504K->1796500K(4037056K), 0.2379550 secs] [Times: user=0.72 sys=0.01, real=0.24 secs] 
32853.359: [GC 32853.359: [ParNew: 1376588K->102509K(1415616K), 0.2245980 secs] 3054868K->1807111K(4037056K), 0.2251120 secs] [Times: user=1.06 sys=0.03, real=0.23 secs] 
32856.648: [GC 32856.648: [ParNew: 1360877K->107287K(1415616K), 0.0791910 secs] 3065479K->1811889K(4037056K), 0.0794870 secs] [Times: user=0.73 sys=0.01, real=0.08 secs] 
32861.197: [GC 32861.197: [ParNew: 1365655K->82362K(1415616K), 0.0909010 secs] 3070257K->1786964K(4037056K), 0.0912190 secs] [Times: user=0.59 sys=0.01, real=0.09 secs] 
32866.738: [GC 32866.739: [ParNew: 1340730K->90676K(1415616K), 0.0987600 secs] 3045332K->1795277K(4037056K), 0.0990630 secs] [Times: user=0.66 sys=0.01, real=0.10 secs] 
32872.704: [GC 32872.704: [ParNew: 1349044K->65196K(1415616K), 0.0646340 secs] 3053645K->1769798K(4037056K), 0.0649710 secs] [Times: user=0.60 sys=0.02, real=0.07 secs] 
32880.812: [GC 32880.812: [ParNew: 1323564K->74529K(1415616K), 0.0594230 secs] 3028166K->1779130K(4037056K), 0.0597400 secs] [Times: user=0.55 sys=0.01, real=0.06 secs] 
32889.590: [GC 32889.590: [ParNew: 1332897K->79745K(1415616K), 0.0607240 secs] 3037498K->1784347K(4037056K), 0.0610470 secs] [Times: user=0.62 sys=0.01, real=0.06 secs] 
32895.501: [GC 32895.502: [ParNew: 1338113K->92444K(1415616K), 0.0759090 secs] 3042715K->1797046K(4037056K), 0.0762370 secs] [Times: user=0.73 sys=0.01, real=0.08 secs] 
32903.006: [GC 32903.006: [ParNew: 1350812K->91095K(1415616K), 0.0901220 secs] 3055414K->1795697K(4037056K), 0.0904500 secs] [Times: user=0.63 sys=0.01, real=0.09 secs] 
32905.974: [GC 32905.975: [ParNew: 1349463K->80792K(1415616K), 0.0920750 secs] 3054065K->1785394K(4037056K), 0.0924120 secs] [Times: user=0.61 sys=0.02, real=0.09 secs] 
32907.363: [GC 32907.363: [ParNew: 1339160K->74974K(1415616K), 0.1078700 secs] 3043762K->1779576K(4037056K), 0.1081650 secs] [Times: user=0.48 sys=0.00, real=0.11 secs] 
32909.179: [GC 32909.180: [ParNew: 1333342K->91668K(1415616K), 0.1087960 secs] 3037944K->1796270K(4037056K), 0.1091440 secs] [Times: user=0.54 sys=0.01, real=0.10 secs] 
32910.868: [GC 32910.868: [ParNew: 1350036K->116773K(1415616K), 0.1371470 secs] 3054638K->1821375K(4037056K), 0.1374150 secs] [Times: user=0.62 sys=0.02, real=0.14 secs] 
32913.149: [GC 32913.149: [ParNew: 1375141K->103864K(1415616K), 0.2185150 secs] 3079743K->1808466K(4037056K), 0.2189040 secs] [Times: user=0.84 sys=0.03, real=0.21 secs] 
32916.266: [GC 32916.266: [ParNew: 1362232K->92412K(1415616K), 0.0872230 secs] 3066834K->1797014K(4037056K), 0.0874900 secs] [Times: user=0.62 sys=0.02, real=0.09 secs] 
32920.420: [GC 32920.420: [ParNew: 1350780K->97761K(1415616K), 0.1931300 secs] 3055382K->1802363K(4037056K), 0.1935170 secs] [Times: user=0.73 sys=0.00, real=0.19 secs] 
32925.637: [GC 32925.637: [ParNew: 1356129K->112030K(1415616K), 0.0772990 secs] 3060731K->1816631K(4037056K), 0.0776220 secs] [Times: user=0.74 sys=0.00, real=0.08 secs] 
32930.030: [GC 32930.030: [ParNew: 1370398K->106242K(1415616K), 0.0859900 secs] 3074999K->1810844K(4037056K), 0.0863440 secs] [Times: user=0.78 sys=0.01, real=0.09 secs] 
32936.372: [GC 32936.372: [ParNew: 1364610K->91655K(1415616K), 0.0647670 secs] 3069212K->1796256K(4037056K), 0.0651280 secs] [Times: user=0.63 sys=0.01, real=0.06 secs] 
32944.033: [GC 32944.033: [ParNew: 1350023K->98200K(1415616K), 0.0600930 secs] 3054624K->1802802K(4037056K), 0.0605180 secs] [Times: user=0.64 sys=0.01, real=0.06 secs] 
32950.330: [GC 32950.330: [ParNew: 1356568K->74224K(1415616K), 0.3107470 secs] 3061170K->1778826K(4037056K), 0.3112150 secs] [Times: user=0.57 sys=0.02, real=0.31 secs] 
32956.002: [GC 32956.003: [ParNew: 1332592K->87367K(1415616K), 0.0886440 secs] 3037194K->1791968K(4037056K), 0.0890080 secs] [Times: user=0.77 sys=0.01, real=0.09 secs] 
32963.119: [GC 32963.119: [ParNew: 1345735K->92985K(1415616K), 0.0943950 secs] 3050336K->1797586K(4037056K), 0.0947260 secs] [Times: user=0.65 sys=0.02, real=0.09 secs] 
32966.045: [GC 32966.045: [ParNew: 1351353K->84569K(1415616K), 0.0827600 secs] 3055954K->1789170K(4037056K), 0.0831390 secs] [Times: user=0.68 sys=0.02, real=0.09 secs] 
32967.571: [GC 32967.572: [ParNew: 1342937K->76662K(1415616K), 0.0844460 secs] 3047538K->1781264K(4037056K), 0.0847950 secs] [Times: user=0.57 sys=0.01, real=0.09 secs] 
32969.187: [GC 32969.187: [ParNew: 1335030K->118807K(1415616K), 0.1859590 secs] 3039632K->1823409K(4037056K), 0.1863210 secs] [Times: user=0.52 sys=0.02, real=0.18 secs] 
32971.369: [GC 32971.369: [ParNew: 1377175K->86064K(1415616K), 0.1396180 secs] 3081777K->1790666K(4037056K), 0.1399120 secs] [Times: user=0.60 sys=0.00, real=0.14 secs] 
32973.822: [GC 32973.822: [ParNew: 1344432K->104131K(1415616K), 0.2301990 secs] 3049034K->1808733K(4037056K), 0.2306720 secs] [Times: user=0.94 sys=0.10, real=0.23 secs] 
32976.863: [GC 32976.863: [ParNew: 1362499K->119902K(1415616K), 0.1115710 secs] 3067101K->1824503K(4037056K), 0.1119470 secs] [Times: user=0.82 sys=0.01, real=0.11 secs] 
32981.257: [GC 32981.257: [ParNew: 1378270K->120013K(1415616K), 0.1001080 secs] 3082871K->1824615K(4037056K), 0.1003520 secs] [Times: user=0.70 sys=0.01, real=0.11 secs] 
32986.219: [GC 32986.219: [ParNew: 1378381K->117967K(1415616K), 0.0778660 secs] 3082983K->1822569K(4037056K), 0.0781960 secs] [Times: user=0.83 sys=0.02, real=0.08 secs] 
32991.928: [GC 32991.928: [ParNew: 1376335K->112461K(1415616K), 0.0736440 secs] 3080937K->1817063K(4037056K), 0.0739850 secs] [Times: user=0.78 sys=0.02, real=0.07 secs] 
32997.664: [GC 32997.664: [ParNew: 1370829K->89690K(1415616K), 0.0921440 secs] 3075431K->1794292K(4037056K), 0.0925160 secs] [Times: user=0.77 sys=0.00, real=0.09 secs] 
33005.168: [GC 33005.168: [ParNew: 1348058K->86221K(1415616K), 0.1088910 secs] 3052660K->1790823K(4037056K), 0.1092470 secs] [Times: user=0.71 sys=0.02, real=0.11 secs] 
33010.877: [GC 33010.877: [ParNew: 1344589K->87917K(1415616K), 0.3229510 secs] 3049191K->1792518K(4037056K), 0.3232720 secs] [Times: user=0.65 sys=0.01, real=0.33 secs] 
33016.995: [GC 33016.995: [ParNew: 1346285K->109297K(1415616K), 0.0962990 secs] 3050886K->1813899K(4037056K), 0.0966680 secs] [Times: user=0.88 sys=0.01, real=0.10 secs] 
33023.568: [GC 33023.568: [ParNew: 1367665K->93051K(1415616K), 0.1001220 secs] 3072267K->1797652K(4037056K), 0.1005210 secs] [Times: user=0.79 sys=0.01, real=0.10 secs] 
33026.175: [GC 33026.175: [ParNew: 1351419K->103791K(1415616K), 0.1100910 secs] 3056020K->1808393K(4037056K), 0.1104650 secs] [Times: user=0.80 sys=0.01, real=0.11 secs] 
33027.555: [GC 33027.556: [ParNew: 1362159K->107255K(1415616K), 0.1009740 secs] 3066761K->1811857K(4037056K), 0.1013580 secs] [Times: user=0.61 sys=0.00, real=0.10 secs] 
33029.165: [GC 33029.165: [ParNew: 1365623K->104439K(1415616K), 0.1330370 secs] 3070225K->1809041K(4037056K), 0.1333460 secs] [Times: user=0.64 sys=0.02, real=0.13 secs] 
33030.525: [GC 33030.525: [ParNew: 1362807K->98375K(1415616K), 0.2118710 secs] 3067409K->1833912K(4037056K), 0.2121160 secs] [Times: user=0.72 sys=0.01, real=0.21 secs] 
33032.732: [GC 33032.732: [ParNew: 1356743K->75606K(1415616K), 0.0716070 secs] 3092280K->1811143K(4037056K), 0.0718410 secs] [Times: user=0.60 sys=0.02, real=0.08 secs] 
33035.475: [GC 33035.475: [ParNew: 1333974K->95511K(1415616K), 0.1197430 secs] 3069511K->1831048K(4037056K), 0.1199970 secs] [Times: user=0.59 sys=0.02, real=0.12 secs] 
33038.453: [GC 33038.453: [ParNew: 1353879K->86794K(1415616K), 0.0686360 secs] 3089416K->1822331K(4037056K), 0.0689240 secs] [Times: user=0.59 sys=0.00, real=0.07 secs] 
33041.972: [GC 33041.972: [ParNew: 1345162K->95108K(1415616K), 0.0895470 secs] 3080699K->1830645K(4037056K), 0.0898430 secs] [Times: user=0.65 sys=0.02, real=0.09 secs] 
33046.028: [GC 33046.028: [ParNew: 1353476K->95846K(1415616K), 0.0692570 secs] 3089013K->1831383K(4037056K), 0.0696180 secs] [Times: user=0.75 sys=0.01, real=0.07 secs] 
33049.950: [GC 33049.951: [ParNew: 1354214K->103462K(1415616K), 0.1665190 secs] 3089751K->1838999K(4037056K), 0.1669200 secs] [Times: user=0.79 sys=0.02, real=0.17 secs] 
33054.565: [GC 33054.565: [ParNew: 1361830K->90097K(1415616K), 0.0757910 secs] 3097367K->1825634K(4037056K), 0.0761310 secs] [Times: user=0.68 sys=0.01, real=0.08 secs] 
33058.954: [GC 33058.954: [ParNew: 1348465K->101089K(1415616K), 0.0673250 secs] 3084002K->1836626K(4037056K), 0.0677020 secs] [Times: user=0.72 sys=0.02, real=0.07 secs] 
33064.996: [GC 33064.996: [ParNew: 1359457K->105280K(1415616K), 0.0613310 secs] 3094994K->1840817K(4037056K), 0.0616520 secs] [Times: user=0.74 sys=0.00, real=0.07 secs] 
33069.971: [GC 33069.972: [ParNew: 1363648K->92106K(1415616K), 0.2776700 secs] 3099185K->1827643K(4037056K), 0.2780450 secs] [Times: user=0.68 sys=0.02, real=0.28 secs] 
33074.564: [GC 33074.564: [ParNew: 1350474K->113511K(1415616K), 0.1026790 secs] 3086011K->1849048K(4037056K), 0.1030140 secs] [Times: user=0.89 sys=0.02, real=0.10 secs] 
33078.750: [GC 33078.750: [ParNew: 1371879K->117357K(1415616K), 0.1022960 secs] 3107416K->1852894K(4037056K), 0.1028830 secs] [Times: user=0.93 sys=0.02, real=0.10 secs] 
33083.554: [GC 33083.554: [ParNew: 1375725K->115505K(1415616K), 0.0908320 secs] 3111262K->1851042K(4037056K), 0.0911640 secs] [Times: user=0.81 sys=0.00, real=0.09 secs] 
33086.006: [GC 33086.007: [ParNew: 1373873K->101718K(1415616K), 0.0774430 secs] 3109410K->1837255K(4037056K), 0.0778350 secs] [Times: user=0.68 sys=0.00, real=0.08 secs] 
33087.389: [GC 33087.389: [ParNew: 1360086K->125616K(1415616K), 0.0929530 secs] 3095623K->1861153K(4037056K), 0.0932800 secs] [Times: user=0.71 sys=0.01, real=0.10 secs] 
33088.428: [GC 33088.428: [ParNew: 1383984K->95716K(1415616K), 0.1791320 secs] 3119521K->1851102K(4037056K), 0.1794070 secs] [Times: user=0.69 sys=0.02, real=0.18 secs] 
33090.380: [GC 33090.380: [ParNew: 1354084K->88621K(1415616K), 0.2290990 secs] 3109470K->1844007K(4037056K), 0.2293970 secs] [Times: user=0.62 sys=0.02, real=0.22 secs] 
33091.749: [GC 33091.750: [ParNew: 1346989K->112154K(1415616K), 0.1187710 secs] 3102375K->1867540K(4037056K), 0.1190210 secs] [Times: user=0.74 sys=0.01, real=0.12 secs] 
33093.857: [GC 33093.858: [ParNew: 1370522K->124999K(1415616K), 0.1435790 secs] 3125908K->1885835K(4037056K), 0.1439580 secs] [Times: user=0.99 sys=0.02, real=0.15 secs] 
33096.398: [GC 33096.399: [ParNew: 1383367K->122952K(1415616K), 0.0989380 secs] 3144203K->1889745K(4037056K), 0.0992130 secs] [Times: user=0.79 sys=0.02, real=0.10 secs] 
33099.444: [GC 33099.444: [ParNew: 1381320K->114634K(1415616K), 0.1107330 secs] 3148113K->1885007K(4037056K), 0.1110840 secs] [Times: user=0.90 sys=0.03, real=0.11 secs] 
33102.788: [GC 33102.788: [ParNew: 1373002K->109132K(1415616K), 0.1023270 secs] 3143375K->1879506K(4037056K), 0.1026270 secs] [Times: user=0.85 sys=0.02, real=0.11 secs] 
33106.824: [GC 33106.824: [ParNew: 1367500K->108647K(1415616K), 0.0930590 secs] 3137874K->1879021K(4037056K), 0.0934420 secs] [Times: user=0.76 sys=0.02, real=0.09 secs] 
33110.905: [GC 33110.905: [ParNew: 1367015K->107290K(1415616K), 0.1133700 secs] 3137389K->1877664K(4037056K), 0.1137650 secs] [Times: user=0.79 sys=0.02, real=0.11 secs] 
33115.505: [GC 33115.505: [ParNew: 1365658K->106858K(1415616K), 0.0842690 secs] 3136032K->1877231K(4037056K), 0.0846360 secs] [Times: user=0.73 sys=0.03, real=0.08 secs] 
33119.741: [GC 33119.742: [ParNew: 1365226K->101101K(1415616K), 0.1034940 secs] 3135599K->1871475K(4037056K), 0.1040670 secs] [Times: user=0.80 sys=0.02, real=0.11 secs] 
33125.161: [GC 33125.161: [ParNew: 1359469K->106150K(1415616K), 0.1051720 secs] 3129843K->1876524K(4037056K), 0.1055140 secs] [Times: user=0.83 sys=0.01, real=0.11 secs] 
33130.532: [GC 33130.533: [ParNew: 1364518K->92634K(1415616K), 0.2507740 secs] 3134892K->1863007K(4037056K), 0.2510900 secs] [Times: user=0.66 sys=0.05, real=0.25 secs] 
33135.180: [GC 33135.180: [ParNew: 1351002K->117819K(1415616K), 0.0958440 secs] 3121375K->1888193K(4037056K), 0.0961980 secs] [Times: user=0.87 sys=0.01, real=0.10 secs] 
33143.180: [GC 33143.180: [ParNew: 1376187K->81009K(1415616K), 0.2855770 secs] 3146561K->1877425K(4037056K), 0.2858830 secs] [Times: user=0.73 sys=0.02, real=0.29 secs] 
33145.337: [GC 33145.337: [ParNew: 1339377K->82103K(1415616K), 0.0691960 secs] 3135793K->1878518K(4037056K), 0.0694910 secs] [Times: user=0.52 sys=0.01, real=0.07 secs] 
33147.022: [GC 33147.023: [ParNew: 1340471K->82641K(1415616K), 0.1266760 secs] 3136886K->1879057K(4037056K), 0.1270710 secs] [Times: user=0.67 sys=0.00, real=0.13 secs] 
33148.319: [GC 33148.319: [ParNew: 1341009K->89356K(1415616K), 0.1215070 secs] 3137425K->1885771K(4037056K), 0.1217430 secs] [Times: user=0.59 sys=0.01, real=0.12 secs] 
33150.091: [GC 33150.091: [ParNew: 1347724K->106368K(1415616K), 0.3651940 secs] 3144139K->1902784K(4037056K), 0.3655870 secs] [Times: user=0.70 sys=0.02, real=0.37 secs] 
33152.286: [GC 33152.286: [ParNew: 1364736K->105405K(1415616K), 0.1387620 secs] 3161152K->1901821K(4037056K), 0.1390790 secs] [Times: user=0.69 sys=0.01, real=0.14 secs] 
33155.106: [GC 33155.106: [ParNew: 1363773K->111684K(1415616K), 0.1651790 secs] 3160189K->1918528K(4037056K), 0.1655460 secs] [Times: user=0.83 sys=0.01, real=0.17 secs] 
33159.086: [GC 33159.086: [ParNew: 1370052K->105439K(1415616K), 0.0968340 secs] 3176896K->1912283K(4037056K), 0.0971680 secs] [Times: user=0.70 sys=0.03, real=0.10 secs] 
33163.704: [GC 33163.704: [ParNew: 1363807K->81130K(1415616K), 0.0889490 secs] 3170651K->1887974K(4037056K), 0.0892840 secs] [Times: user=0.64 sys=0.00, real=0.09 secs] 
33168.999: [GC 33168.999: [ParNew: 1339498K->88998K(1415616K), 0.0701840 secs] 3146342K->1895842K(4037056K), 0.0705350 secs] [Times: user=0.67 sys=0.00, real=0.07 secs] 
33176.227: [GC 33176.228: [ParNew: 1347366K->87025K(1415616K), 0.0677670 secs] 3154210K->1893870K(4037056K), 0.0681000 secs] [Times: user=0.60 sys=0.01, real=0.07 secs] 
33184.077: [GC 33184.077: [ParNew: 1345393K->95480K(1415616K), 0.0973170 secs] 3152238K->1902324K(4037056K), 0.0976620 secs] [Times: user=0.72 sys=0.03, real=0.10 secs] 
33191.220: [GC 33191.220: [ParNew: 1353848K->92222K(1415616K), 0.0837700 secs] 3160692K->1899066K(4037056K), 0.0841250 secs] [Times: user=0.56 sys=0.01, real=0.09 secs] 
33200.098: [GC 33200.098: [ParNew: 1350590K->90527K(1415616K), 0.0869390 secs] 3157434K->1897372K(4037056K), 0.0873090 secs] [Times: user=0.74 sys=0.01, real=0.09 secs] 
33205.486: [GC 33205.486: [ParNew: 1348895K->99632K(1415616K), 0.0820320 secs] 3155740K->1906476K(4037056K), 0.0823820 secs] [Times: user=0.64 sys=0.02, real=0.08 secs] 
33207.449: [GC 33207.449: [ParNew: 1358000K->110311K(1415616K), 0.0847410 secs] 3164844K->1917156K(4037056K), 0.0849970 secs] [Times: user=0.55 sys=0.01, real=0.09 secs] 
33209.271: [GC 33209.271: [ParNew: 1368679K->120729K(1415616K), 0.1723690 secs] 3175524K->1927573K(4037056K), 0.1726730 secs] [Times: user=0.58 sys=0.03, real=0.18 secs] 
33211.391: [GC 33211.392: [ParNew: 1379097K->91708K(1415616K), 0.1406240 secs] 3185941K->1898553K(4037056K), 0.1410190 secs] [Times: user=0.68 sys=0.02, real=0.14 secs] 
33214.154: [GC 33214.154: [ParNew: 1348556K->91954K(1415616K), 0.2782530 secs] 3155400K->1929091K(4037056K), 0.2786530 secs] [Times: user=0.93 sys=0.02, real=0.27 secs] 
33217.284: [GC 33217.284: [ParNew: 1350322K->63810K(1415616K), 0.0835430 secs] 3187459K->1900946K(4037056K), 0.0838400 secs] [Times: user=0.50 sys=0.02, real=0.09 secs] 
33221.960: [GC 33221.960: [ParNew: 1322178K->70260K(1415616K), 0.0695020 secs] 3159314K->1907397K(4037056K), 0.0698170 secs] [Times: user=0.44 sys=0.01, real=0.07 secs] 
33227.170: [GC 33227.171: [ParNew: 1328628K->66374K(1415616K), 0.0680440 secs] 3165765K->1903510K(4037056K), 0.0683970 secs] [Times: user=0.56 sys=0.00, real=0.07 secs] 
33233.029: [GC 33233.029: [ParNew: 1324742K->66339K(1415616K), 0.0731400 secs] 3161878K->1903475K(4037056K), 0.0734790 secs] [Times: user=0.50 sys=0.01, real=0.07 secs] 
33238.903: [GC 33238.903: [ParNew: 1324707K->65121K(1415616K), 0.0738340 secs] 3161843K->1902258K(4037056K), 0.0741530 secs] [Times: user=0.45 sys=0.02, real=0.07 secs] 
33247.404: [GC 33247.405: [ParNew: 1323489K->58633K(1415616K), 0.0697240 secs] 3160626K->1895769K(4037056K), 0.0699970 secs] [Times: user=0.56 sys=0.01, real=0.07 secs] 
33253.753: [GC 33253.753: [ParNew: 1317001K->67220K(1415616K), 0.0715430 secs] 3154137K->1904356K(4037056K), 0.0718780 secs] [Times: user=0.65 sys=0.01, real=0.07 secs] 
33261.682: [GC 33261.682: [ParNew: 1325588K->81320K(1415616K), 0.0635740 secs] 3162724K->1918457K(4037056K), 0.0639370 secs] [Times: user=0.56 sys=0.00, real=0.06 secs] 
33265.862: [GC 33265.863: [ParNew: 1339688K->65582K(1415616K), 0.0604640 secs] 3176825K->1902718K(4037056K), 0.0608110 secs] [Times: user=0.57 sys=0.01, real=0.06 secs] 
33267.528: [GC 33267.528: [ParNew: 1323950K->68645K(1415616K), 0.0941970 secs] 3161086K->1905782K(4037056K), 0.0945070 secs] [Times: user=0.47 sys=0.00, real=0.10 secs] 
33268.942: [GC 33268.942: [ParNew: 1327013K->75618K(1415616K), 0.3910740 secs] 3164150K->1912754K(4037056K), 0.3913880 secs] [Times: user=0.61 sys=0.05, real=0.39 secs] 
33270.809: [GC 33270.810: [ParNew: 1333986K->88109K(1415616K), 0.2982960 secs] 3171122K->1925246K(4037056K), 0.2985910 secs] [Times: user=0.63 sys=0.01, real=0.30 secs] 
33273.056: [GC 33273.056: [ParNew: 1346477K->107846K(1415616K), 0.1756130 secs] 3183614K->1944983K(4037056K), 0.1759780 secs] [Times: user=0.88 sys=0.07, real=0.18 secs] 
33276.059: [GC 33276.059: [ParNew: 1366214K->115674K(1415616K), 0.1264150 secs] 3203351K->1952811K(4037056K), 0.1267880 secs] [Times: user=0.83 sys=0.02, real=0.13 secs] 
33280.275: [GC 33280.275: [ParNew: 1374042K->96546K(1415616K), 0.2359110 secs] 3211179K->1933683K(4037056K), 0.2362660 secs] [Times: user=0.63 sys=0.01, real=0.23 secs] 
33284.378: [GC 33284.379: [ParNew: 1354914K->88608K(1415616K), 0.1001550 secs] 3192051K->1925745K(4037056K), 0.1005030 secs] [Times: user=0.75 sys=0.00, real=0.10 secs] 
33289.084: [GC 33289.084: [ParNew: 1346976K->99598K(1415616K), 0.0787710 secs] 3184113K->1936735K(4037056K), 0.0790790 secs] [Times: user=0.72 sys=0.01, real=0.08 secs] 
33294.553: [GC 33294.554: [ParNew: 1357966K->88083K(1415616K), 0.0638180 secs] 3195103K->1925220K(4037056K), 0.0641430 secs] [Times: user=0.61 sys=0.01, real=0.06 secs] 
33300.527: [GC 33300.527: [ParNew: 1346451K->82793K(1415616K), 0.0772650 secs] 3183588K->1919930K(4037056K), 0.0775400 secs] [Times: user=0.65 sys=0.01, real=0.08 secs] 
33307.726: [GC 33307.726: [ParNew: 1341161K->86603K(1415616K), 0.1236630 secs] 3178298K->1923740K(4037056K), 0.1240460 secs] [Times: user=0.75 sys=0.03, real=0.12 secs] 
33312.838: [GC 33312.838: [ParNew: 1344971K->96166K(1415616K), 0.0888910 secs] 3182108K->1933303K(4037056K), 0.0892030 secs] [Times: user=0.76 sys=0.01, real=0.09 secs] 
33318.104: [GC 33318.104: [ParNew: 1354534K->105646K(1415616K), 0.1197300 secs] 3191671K->1942783K(4037056K), 0.1200870 secs] [Times: user=0.81 sys=0.03, real=0.12 secs] 
33324.927: [GC 33324.928: [ParNew: 1364014K->90007K(1415616K), 0.1357250 secs] 3201151K->1927144K(4037056K), 0.1361130 secs] [Times: user=0.75 sys=0.00, real=0.13 secs] 
33326.309: [GC 33326.309: [ParNew: 1348375K->104019K(1415616K), 0.0802930 secs] 3185512K->1941156K(4037056K), 0.0805850 secs] [Times: user=0.58 sys=0.03, real=0.08 secs] 
33327.931: [GC 33327.931: [ParNew: 1362387K->114993K(1415616K), 0.1621780 secs] 3199524K->1952130K(4037056K), 0.1625400 secs] [Times: user=0.59 sys=0.01, real=0.16 secs] 
33329.548: [GC 33329.548: [ParNew: 1373361K->103955K(1415616K), 0.0890770 secs] 3210498K->1941092K(4037056K), 0.0893650 secs] [Times: user=0.63 sys=0.00, real=0.08 secs] 
33331.716: [GC 33331.716: [ParNew: 1362323K->116075K(1415616K), 0.1353520 secs] 3199460K->1953212K(4037056K), 0.1356290 secs] [Times: user=0.70 sys=0.00, real=0.14 secs] 
33333.913: [GC 33333.913: [ParNew: 1374443K->98349K(1415616K), 0.2413420 secs] 3211580K->1958701K(4037056K), 0.2416690 secs] [Times: user=0.93 sys=0.02, real=0.24 secs] 
33336.770: [GC 33336.771: [ParNew: 1356717K->94418K(1415616K), 0.0716850 secs] 3217069K->1954769K(4037056K), 0.0722230 secs] [Times: user=0.59 sys=0.00, real=0.07 secs] 
33341.118: [GC 33341.118: [ParNew: 1352786K->88311K(1415616K), 0.0938480 secs] 3213137K->1948663K(4037056K), 0.0941770 secs] [Times: user=0.51 sys=0.00, real=0.10 secs] 
33346.187: [GC 33346.187: [ParNew: 1346679K->88771K(1415616K), 0.0819380 secs] 3207031K->1949122K(4037056K), 0.0822370 secs] [Times: user=0.55 sys=0.00, real=0.09 secs] 
33352.390: [GC 33352.390: [ParNew: 1347139K->65230K(1415616K), 0.0716870 secs] 3207490K->1925582K(4037056K), 0.0720210 secs] [Times: user=0.53 sys=0.01, real=0.07 secs] 
33360.284: [GC 33360.284: [ParNew: 1323598K->77049K(1415616K), 0.0507040 secs] 3183950K->1937400K(4037056K), 0.0509930 secs] [Times: user=0.51 sys=0.01, real=0.05 secs] 
33369.350: [GC 33369.350: [ParNew: 1335417K->53772K(1415616K), 0.0835140 secs] 3195768K->1914124K(4037056K), 0.0838630 secs] [Times: user=0.53 sys=0.01, real=0.09 secs] 
33375.970: [GC 33375.971: [ParNew: 1312140K->74621K(1415616K), 0.0744310 secs] 3172492K->1934973K(4037056K), 0.0747840 secs] [Times: user=0.63 sys=0.01, real=0.08 secs] 
33384.146: [GC 33384.147: [ParNew: 1332989K->59109K(1415616K), 0.0829030 secs] 3193341K->1919460K(4037056K), 0.0833070 secs] [Times: user=0.47 sys=0.00, real=0.08 secs] 
33386.466: [GC 33386.466: [ParNew: 1317477K->73606K(1415616K), 0.0470840 secs] 3177828K->1933957K(4037056K), 0.0473140 secs] [Times: user=0.45 sys=0.01, real=0.04 secs] 
33387.962: [GC 33387.963: [ParNew: 1331974K->62119K(1415616K), 0.1240990 secs] 3192325K->1922470K(4037056K), 0.1244060 secs] [Times: user=0.45 sys=0.01, real=0.13 secs] 
33389.728: [GC 33389.729: [ParNew: 1320487K->88651K(1415616K), 0.1525740 secs] 3180838K->1949003K(4037056K), 0.1531750 secs] [Times: user=0.53 sys=0.06, real=0.15 secs] 
33391.610: [GC 33391.610: [ParNew: 1347019K->73793K(1415616K), 0.2234070 secs] 3207371K->1934145K(4037056K), 0.2249020 secs] [Times: user=0.61 sys=0.05, real=0.23 secs] 
33394.238: [GC 33394.238: [ParNew: 1332161K->104347K(1415616K), 0.1118870 secs] 3192513K->1964698K(4037056K), 0.1122010 secs] [Times: user=0.71 sys=0.02, real=0.11 secs] 
33397.131: [GC 33397.131: [ParNew: 1362715K->106034K(1415616K), 0.1164780 secs] 3223066K->1966385K(4037056K), 0.1167670 secs] [Times: user=0.71 sys=0.01, real=0.12 secs] 
33401.430: [GC 33401.430: [ParNew: 1364402K->74757K(1415616K), 0.1248290 secs] 3224753K->1935109K(4037056K), 0.1251670 secs] [Times: user=0.50 sys=0.00, real=0.12 secs] 
33405.840: [GC 33405.840: [ParNew: 1333125K->73288K(1415616K), 0.1184270 secs] 3193477K->1933639K(4037056K), 0.1188000 secs] [Times: user=0.71 sys=0.00, real=0.12 secs] 
33410.038: [GC 33410.038: [ParNew: 1331656K->97410K(1415616K), 0.0907470 secs] 3192007K->1957762K(4037056K), 0.0910750 secs] [Times: user=0.69 sys=0.00, real=0.09 secs] 
33416.912: [GC 33416.913: [ParNew: 1355778K->75120K(1415616K), 0.0738240 secs] 3216130K->1935472K(4037056K), 0.0742250 secs] [Times: user=0.59 sys=0.02, real=0.07 secs] 
33424.202: [GC 33424.203: [ParNew: 1333488K->71889K(1415616K), 0.0714800 secs] 3193840K->1932241K(4037056K), 0.0718360 secs] [Times: user=0.55 sys=0.00, real=0.07 secs] 
33429.833: [GC 33429.833: [ParNew: 1330257K->82591K(1415616K), 0.0526220 secs] 3190609K->1942943K(4037056K), 0.0529560 secs] [Times: user=0.57 sys=0.01, real=0.05 secs] 
33435.022: [GC 33435.022: [ParNew: 1340959K->63740K(1415616K), 0.1939810 secs] 3201311K->1924091K(4037056K), 0.1943350 secs] [Times: user=0.73 sys=0.06, real=0.19 secs] 
33440.404: [GC 33440.405: [ParNew: 1322108K->85311K(1415616K), 0.0618120 secs] 3182459K->1945662K(4037056K), 0.0621520 secs] [Times: user=0.66 sys=0.01, real=0.06 secs] 
33445.354: [GC 33445.355: [ParNew: 1343679K->78828K(1415616K), 0.0930320 secs] 3204030K->1939179K(4037056K), 0.0933740 secs] [Times: user=0.55 sys=0.01, real=0.09 secs] 
33446.770: [GC 33446.771: [ParNew: 1337196K->90850K(1415616K), 0.1349200 secs] 3197547K->1951201K(4037056K), 0.1353490 secs] [Times: user=0.64 sys=0.01, real=0.14 secs] 
33448.516: [GC 33448.516: [ParNew: 1349218K->79788K(1415616K), 0.0801070 secs] 3209569K->1940140K(4037056K), 0.0804640 secs] [Times: user=0.49 sys=0.01, real=0.08 secs] 
33449.714: [GC 33449.714: [ParNew: 1338156K->74074K(1415616K), 0.1201880 secs] 3198508K->1934426K(4037056K), 0.1205900 secs] [Times: user=0.54 sys=0.02, real=0.12 secs] 
33451.871: [GC 33451.871: [ParNew: 1332442K->94720K(1415616K), 0.3152840 secs] 3192794K->1955072K(4037056K), 0.3156310 secs] [Times: user=0.67 sys=0.02, real=0.32 secs] 
33453.660: [GC 33453.660: [ParNew: 1353088K->93299K(1415616K), 0.1306090 secs] 3213440K->1953651K(4037056K), 0.1308710 secs] [Times: user=0.63 sys=0.00, real=0.13 secs] 
33456.044: [GC 33456.044: [ParNew: 1351667K->104019K(1415616K), 0.2489110 secs] 3212019K->1964371K(4037056K), 0.2492120 secs] [Times: user=0.68 sys=0.01, real=0.25 secs] 
33459.815: [GC 33459.815: [ParNew: 1362387K->97616K(1415616K), 0.2716810 secs] 3222739K->1984109K(4037056K), 0.2720170 secs] [Times: user=0.66 sys=0.02, real=0.27 secs] 
33463.276: [GC 33463.276: [ParNew: 1355984K->55410K(1415616K), 0.1394370 secs] 3242477K->1941904K(4037056K), 0.1397180 secs] [Times: user=0.41 sys=0.02, real=0.14 secs] 
33467.647: [GC 33467.647: [ParNew: 1313778K->62196K(1415616K), 0.0611640 secs] 3200272K->1948690K(4037056K), 0.0615560 secs] [Times: user=0.47 sys=0.01, real=0.06 secs] 
33472.777: [GC 33472.777: [ParNew: 1320564K->60609K(1415616K), 0.0655350 secs] 3207058K->1947102K(4037056K), 0.0658360 secs] [Times: user=0.54 sys=0.01, real=0.06 secs] 
33477.858: [GC 33477.859: [ParNew: 1318977K->59644K(1415616K), 0.0885260 secs] 3205470K->1946137K(4037056K), 0.0889140 secs] [Times: user=0.49 sys=0.02, real=0.09 secs] 
33484.233: [GC 33484.234: [ParNew: 1318012K->71361K(1415616K), 0.0631670 secs] 3204505K->1957854K(4037056K), 0.0634330 secs] [Times: user=0.56 sys=0.01, real=0.07 secs] 
33489.758: [GC 33489.758: [ParNew: 1329729K->65250K(1415616K), 0.0693330 secs] 3216222K->1951744K(4037056K), 0.0697330 secs] [Times: user=0.55 sys=0.01, real=0.07 secs] 
33494.837: [GC 33494.837: [ParNew: 1323618K->85920K(1415616K), 0.1298620 secs] 3210112K->1972414K(4037056K), 0.1302260 secs] [Times: user=0.71 sys=0.05, real=0.13 secs] 
33498.985: [GC 33498.985: [ParNew: 1344288K->91463K(1415616K), 0.1188320 secs] 3230782K->1977956K(4037056K), 0.1191280 secs] [Times: user=0.74 sys=0.02, real=0.12 secs] 
33504.550: [GC 33504.551: [ParNew: 1349831K->98641K(1415616K), 0.0997950 secs] 3236324K->1985135K(4037056K), 0.1001760 secs] [Times: user=0.63 sys=0.02, real=0.10 secs] 
33506.186: [GC 33506.186: [ParNew: 1357009K->102925K(1415616K), 0.0817680 secs] 3243503K->1989418K(4037056K), 0.0820780 secs] [Times: user=0.54 sys=0.00, real=0.09 secs] 
33507.773: [GC 33507.773: [ParNew: 1361293K->90541K(1415616K), 0.1730950 secs] 3247786K->1977034K(4037056K), 0.1734270 secs] [Times: user=0.59 sys=0.00, real=0.17 secs] 
33509.454: [GC 33509.454: [ParNew: 1348909K->102596K(1415616K), 0.1204410 secs] 3235402K->1989090K(4037056K), 0.1207270 secs] [Times: user=0.61 sys=0.01, real=0.12 secs] 
33511.301: [GC 33511.302: [ParNew: 1360964K->117968K(1415616K), 0.2449280 secs] 3247458K->2004462K(4037056K), 0.2452460 secs] [Times: user=0.75 sys=0.03, real=0.24 secs] 
33512.920: [GC 33512.921: [ParNew: 1376336K->129479K(1415616K), 0.1923170 secs] 3262830K->2031318K(4037056K), 0.1926270 secs] [Times: user=0.82 sys=0.02, real=0.19 secs] 
33514.449: [GC 33514.449: [ParNew: 1387847K->137242K(1415616K), 0.1633390 secs] 3289686K->2041987K(4037056K), 0.1636700 secs] [Times: user=0.73 sys=0.02, real=0.17 secs] 
33516.608: [GC 33516.609: [ParNew: 1395610K->121666K(1415616K), 0.2632620 secs] 3300355K->2034764K(4037056K), 0.2637500 secs] [Times: user=0.92 sys=0.02, real=0.27 secs] 
33519.244: [GC 33519.244: [ParNew: 1380034K->115877K(1415616K), 0.1238280 secs] 3293132K->2032147K(4037056K), 0.1241560 secs] [Times: user=0.80 sys=0.01, real=0.12 secs] 
33522.243: [GC 33522.244: [ParNew: 1374245K->115533K(1415616K), 0.1262750 secs] 3290515K->2035010K(4037056K), 0.1266100 secs] [Times: user=0.97 sys=0.03, real=0.13 secs] 
33524.684: [GC 33524.685: [ParNew: 1373901K->122948K(1415616K), 0.0952240 secs] 3293378K->2042425K(4037056K), 0.0955740 secs] [Times: user=0.91 sys=0.01, real=0.10 secs] 
33527.422: [GC 33527.422: [ParNew: 1381316K->131125K(1415616K), 0.0868680 secs] 3300793K->2050602K(4037056K), 0.0871990 secs] [Times: user=0.99 sys=0.01, real=0.08 secs] 
33530.213: [GC 33530.213: [ParNew: 1389493K->128785K(1415616K), 0.1086310 secs] 3308970K->2056198K(4037056K), 0.1090420 secs] [Times: user=1.00 sys=0.02, real=0.11 secs] 
33533.173: [GC 33533.173: [ParNew: 1387153K->129449K(1415616K), 0.1329180 secs] 3314566K->2062018K(4037056K), 0.1332590 secs] [Times: user=0.94 sys=0.01, real=0.13 secs] 
33536.227: [GC 33536.227: [ParNew: 1387817K->104170K(1415616K), 0.0861660 secs] 3320386K->2036739K(4037056K), 0.0864460 secs] [Times: user=0.85 sys=0.01, real=0.09 secs] 
33538.942: [GC 33538.942: [ParNew: 1362538K->114372K(1415616K), 0.0980090 secs] 3295107K->2046942K(4037056K), 0.0983200 secs] [Times: user=0.95 sys=0.02, real=0.09 secs] 
33542.267: [GC 33542.267: [ParNew: 1372740K->116177K(1415616K), 0.1138860 secs] 3305310K->2056398K(4037056K), 0.1142260 secs] [Times: user=1.04 sys=0.01, real=0.11 secs] 
33545.367: [GC 33545.367: [ParNew: 1374545K->119675K(1415616K), 0.1016700 secs] 3314766K->2062827K(4037056K), 0.1020820 secs] [Times: user=0.97 sys=0.00, real=0.10 secs] 
33548.092: [GC 33548.092: [ParNew: 1378043K->108905K(1415616K), 0.1192970 secs] 3321195K->2061434K(4037056K), 0.1196110 secs] [Times: user=1.00 sys=0.00, real=0.12 secs] 
33551.210: [GC 33551.210: [ParNew: 1367273K->111139K(1415616K), 0.0784740 secs] 3319802K->2063668K(4037056K), 0.0786970 secs] [Times: user=0.70 sys=0.00, real=0.08 secs] 
33553.151: [GC 33553.151: [ParNew: 1369507K->124591K(1415616K), 0.1430910 secs] 3322036K->2085301K(4037056K), 0.1434400 secs] [Times: user=1.10 sys=0.00, real=0.15 secs] 
33556.018: [GC 33556.018: [ParNew: 1382959K->135385K(1415616K), 0.1525410 secs] 3343669K->2105948K(4037056K), 0.1528730 secs] [Times: user=1.06 sys=0.01, real=0.15 secs] 
33558.239: [GC 33558.240: [ParNew: 1393753K->135872K(1415616K), 0.1209350 secs] 3364316K->2111982K(4037056K), 0.1212870 secs] [Times: user=0.99 sys=0.01, real=0.12 secs] 
33560.912: [GC 33560.912: [ParNew: 1394240K->124005K(1415616K), 0.1469540 secs] 3370350K->2110283K(4037056K), 0.1472970 secs] [Times: user=1.09 sys=0.02, real=0.15 secs] 
33563.595: [GC 33563.595: [ParNew: 1382373K->129954K(1415616K), 0.0732910 secs] 3368651K->2116231K(4037056K), 0.0735990 secs] [Times: user=0.91 sys=0.00, real=0.07 secs] 
33565.372: [GC 33565.373: [ParNew: 1388322K->121770K(1415616K), 0.1060200 secs] 3374599K->2113769K(4037056K), 0.1064550 secs] [Times: user=0.95 sys=0.01, real=0.11 secs] 
33566.636: [GC 33566.636: [ParNew: 1380138K->116404K(1415616K), 0.0925990 secs] 3372137K->2114100K(4037056K), 0.0929080 secs] [Times: user=0.90 sys=0.01, real=0.09 secs] 
33567.761: [GC 33567.761: [ParNew: 1374772K->114990K(1415616K), 0.1214390 secs] 3372468K->2116788K(4037056K), 0.1217170 secs] [Times: user=0.74 sys=0.01, real=0.12 secs] 
33568.967: [GC 33568.968: [ParNew: 1373358K->130731K(1415616K), 0.3227990 secs] 3375156K->2136587K(4037056K), 0.3230880 secs] [Times: user=0.81 sys=0.01, real=0.32 secs] 
33570.421: [GC 33570.421: [ParNew: 1389099K->111707K(1415616K), 0.1635770 secs] 3394955K->2123869K(4037056K), 0.1639020 secs] [Times: user=0.73 sys=0.01, real=0.16 secs] 
33571.791: [GC 33571.792: [ParNew: 1370075K->126111K(1415616K), 0.0935950 secs] 3382237K->2143788K(4037056K), 0.0938710 secs] [Times: user=0.74 sys=0.01, real=0.10 secs] 
33572.734: [GC 33572.734: [ParNew: 1384479K->131800K(1415616K), 0.1211040 secs] 3402156K->2160676K(4037056K), 0.1214010 secs] [Times: user=0.84 sys=0.01, real=0.12 secs] 
33573.955: [GC 33573.956: [ParNew: 1390168K->129602K(1415616K), 0.1734110 secs] 3419044K->2171878K(4037056K), 0.1738190 secs] [Times: user=0.97 sys=0.01, real=0.18 secs] 
33575.912: [GC 33575.912: [ParNew: 1387970K->122472K(1415616K), 0.2135740 secs] 3430246K->2171234K(4037056K), 0.2140160 secs] [Times: user=0.99 sys=0.03, real=0.22 secs] 
33579.037: [GC 33579.037: [ParNew: 1380840K->107191K(1415616K), 0.1341570 secs] 3429602K->2158636K(4037056K), 0.1345120 secs] [Times: user=0.80 sys=0.02, real=0.14 secs] 
33582.810: [GC 33582.810: [ParNew: 1365559K->103745K(1415616K), 0.0951640 secs] 3417004K->2155191K(4037056K), 0.0955280 secs] [Times: user=0.73 sys=0.02, real=0.09 secs] 
33586.526: [GC 33586.526: [ParNew: 1362113K->63929K(1415616K), 0.0746330 secs] 3413559K->2115375K(4037056K), 0.0749570 secs] [Times: user=0.54 sys=0.00, real=0.08 secs] 
33591.352: [GC 33591.352: [ParNew: 1322297K->64863K(1415616K), 0.0511410 secs] 3373743K->2116308K(4037056K), 0.0514000 secs] [Times: user=0.51 sys=0.01, real=0.05 secs] 
33597.160: [GC 33597.160: [ParNew: 1323231K->62182K(1415616K), 0.0595710 secs] 3374676K->2113627K(4037056K), 0.0599280 secs] [Times: user=0.50 sys=0.02, real=0.06 secs] 
33604.902: [GC 33604.902: [ParNew: 1320550K->56260K(1415616K), 0.0655550 secs] 3371995K->2107706K(4037056K), 0.0658600 secs] [Times: user=0.49 sys=0.01, real=0.06 secs] 
33610.992: [GC 33610.992: [ParNew: 1314628K->59375K(1415616K), 0.2829790 secs] 3366074K->2110820K(4037056K), 0.2832610 secs] [Times: user=0.47 sys=0.03, real=0.28 secs] 
33618.961: [GC 33618.961: [ParNew: 1317743K->84570K(1415616K), 0.0890250 secs] 3369188K->2136015K(4037056K), 0.0893290 secs] [Times: user=0.64 sys=0.01, real=0.09 secs] 
33625.211: [GC 33625.211: [ParNew: 1342938K->80260K(1415616K), 0.0640110 secs] 3394383K->2131705K(4037056K), 0.0642950 secs] [Times: user=0.51 sys=0.01, real=0.07 secs] 
33626.976: [GC 33626.976: [ParNew: 1338628K->61039K(1415616K), 0.2321180 secs] 3390073K->2112485K(4037056K), 0.2325000 secs] [Times: user=0.56 sys=0.01, real=0.23 secs] 
33628.271: [GC 33628.271: [ParNew: 1319407K->68134K(1415616K), 0.0601840 secs] 3370853K->2119579K(4037056K), 0.0604410 secs] [Times: user=0.44 sys=0.00, real=0.06 secs] 
33630.573: [GC 33630.574: [ParNew: 1326502K->73246K(1415616K), 0.0951760 secs] 3377947K->2124691K(4037056K), 0.0955330 secs] [Times: user=0.53 sys=0.00, real=0.09 secs] 
33632.421: [GC 33632.422: [ParNew: 1331614K->105252K(1415616K), 0.0883910 secs] 3383059K->2156697K(4037056K), 0.0887860 secs] [Times: user=0.69 sys=0.01, real=0.09 secs] 
33635.915: [GC 33635.915: [ParNew: 1363620K->98919K(1415616K), 0.1801130 secs] 3415065K->2150365K(4037056K), 0.1804990 secs] [Times: user=0.77 sys=0.01, real=0.18 secs] 
33640.247: [GC 33640.247: [ParNew: 1357287K->97704K(1415616K), 0.2216850 secs] 3408733K->2149149K(4037056K), 0.2220930 secs] [Times: user=0.65 sys=0.01, real=0.22 secs] 
33645.248: [GC 33645.248: [ParNew: 1356072K->110317K(1415616K), 0.1023420 secs] 3407517K->2161762K(4037056K), 0.1027780 secs] [Times: user=0.81 sys=0.00, real=0.10 secs] 
33649.836: [GC 33649.836: [ParNew: 1368685K->105072K(1415616K), 0.0883260 secs] 3420130K->2156518K(4037056K), 0.0886700 secs] [Times: user=0.72 sys=0.00, real=0.09 secs] 
33655.852: [GC 33655.853: [ParNew: 1363440K->85854K(1415616K), 0.0577860 secs] 3414886K->2137299K(4037056K), 0.0585690 secs] [Times: user=0.67 sys=0.00, real=0.06 secs] 
33663.513: [GC 33663.514: [ParNew: 1344222K->88766K(1415616K), 0.0717480 secs] 3395667K->2140212K(4037056K), 0.0720940 secs] [Times: user=0.68 sys=0.01, real=0.07 secs] 
33670.132: [GC 33670.132: [ParNew: 1347072K->88021K(1415616K), 0.1779240 secs] 3398517K->2139467K(4037056K), 0.1782400 secs] [Times: user=0.64 sys=0.02, real=0.18 secs] 
33675.976: [GC 33675.977: [ParNew: 1346389K->103057K(1415616K), 0.0902970 secs] 3397835K->2154503K(4037056K), 0.0906350 secs] [Times: user=0.74 sys=0.01, real=0.09 secs] 
33682.175: [GC 33682.175: [ParNew: 1361425K->107665K(1415616K), 0.0592330 secs] 3412871K->2159111K(4037056K), 0.0595300 secs] [Times: user=0.67 sys=0.01, real=0.06 secs] 
33685.936: [GC 33685.936: [ParNew: 1366033K->82548K(1415616K), 0.0941640 secs] 3417479K->2133993K(4037056K), 0.0944890 secs] [Times: user=0.64 sys=0.00, real=0.10 secs] 
33687.461: [GC 33687.461: [ParNew: 1340916K->90330K(1415616K), 0.0746750 secs] 3392361K->2141775K(4037056K), 0.0750040 secs] [Times: user=0.57 sys=0.01, real=0.07 secs] 
33689.106: [GC 33689.107: [ParNew: 1348698K->94237K(1415616K), 0.1514670 secs] 3400143K->2145683K(4037056K), 0.1518990 secs] [Times: user=0.67 sys=0.01, real=0.15 secs] 
33690.831: [GC 33690.833: [ParNew: 1352605K->122458K(1415616K), 0.2809960 secs] 3404051K->2173904K(4037056K), 0.2837180 secs] [Times: user=0.66 sys=0.04, real=0.28 secs] 
33692.966: [GC 33692.966: [ParNew: 1380826K->110120K(1415616K), 0.3506430 secs] 3432272K->2195985K(4037056K), 0.3510780 secs] [Times: user=0.89 sys=0.03, real=0.35 secs] 
33696.023: [GC 33696.023: [ParNew: 1368488K->75286K(1415616K), 0.0734700 secs] 3454353K->2161152K(4037056K), 0.0737560 secs] [Times: user=0.56 sys=0.00, real=0.07 secs] 
33700.365: [GC 33700.365: [ParNew: 1333654K->64741K(1415616K), 0.1489230 secs] 3419520K->2150606K(4037056K), 0.1492300 secs] [Times: user=0.38 sys=0.02, real=0.15 secs] 
33704.102: [GC 33704.102: [ParNew: 1323109K->59724K(1415616K), 0.0734240 secs] 3408974K->2145589K(4037056K), 0.0737610 secs] [Times: user=0.50 sys=0.01, real=0.07 secs] 
33708.274: [GC 33708.274: [ParNew: 1318092K->59410K(1415616K), 0.0943410 secs] 3403957K->2145275K(4037056K), 0.0947050 secs] [Times: user=0.48 sys=0.03, real=0.09 secs] 
33712.821: [GC 33712.821: [ParNew: 1317778K->59665K(1415616K), 0.0555220 secs] 3403643K->2145531K(4037056K), 0.0558920 secs] [Times: user=0.46 sys=0.01, real=0.06 secs] 
33717.830: [GC 33717.831: [ParNew: 1318033K->51447K(1415616K), 0.0602160 secs] 3403899K->2137312K(4037056K), 0.0606200 secs] [Times: user=0.48 sys=0.01, real=0.06 secs] 
33724.115: [GC 33724.115: [ParNew: 1309815K->49398K(1415616K), 0.0586970 secs] 3395680K->2135263K(4037056K), 0.0590340 secs] [Times: user=0.44 sys=0.01, real=0.06 secs] 
33730.160: [GC 33730.160: [ParNew: 1307766K->68534K(1415616K), 0.3330220 secs] 3393631K->2154400K(4037056K), 0.3333880 secs] [Times: user=0.44 sys=0.06, real=0.33 secs] 
33735.964: [GC 33735.964: [ParNew: 1326902K->60866K(1415616K), 0.0950900 secs] 3412768K->2146731K(4037056K), 0.0955100 secs] [Times: user=0.50 sys=0.01, real=0.10 secs] 
33741.606: [GC 33741.607: [ParNew: 1319234K->64166K(1415616K), 0.0634160 secs] 3405099K->2150031K(4037056K), 0.0638120 secs] [Times: user=0.50 sys=0.01, real=0.06 secs] 
33745.579: [GC 33745.579: [ParNew: 1322534K->58632K(1415616K), 0.0583760 secs] 3408399K->2144498K(4037056K), 0.0586050 secs] [Times: user=0.40 sys=0.01, real=0.06 secs] 
33747.266: [GC 33747.267: [ParNew: 1317000K->61952K(1415616K), 0.0887910 secs] 3402866K->2147818K(4037056K), 0.0891130 secs] [Times: user=0.39 sys=0.02, real=0.08 secs] 
33748.725: [GC 33748.725: [ParNew: 1320320K->68711K(1415616K), 0.0628820 secs] 3406186K->2154576K(4037056K), 0.0631810 secs] [Times: user=0.42 sys=0.01, real=0.07 secs] 
33750.771: [GC 33750.771: [ParNew: 1327079K->86297K(1415616K), 0.3839150 secs] 3412944K->2172162K(4037056K), 0.3842480 secs] [Times: user=0.57 sys=0.07, real=0.38 secs] 
33752.527: [GC 33752.528: [ParNew: 1344665K->88958K(1415616K), 0.0771340 secs] 3430530K->2174824K(4037056K), 0.0773960 secs] [Times: user=0.55 sys=0.00, real=0.07 secs] 
33755.376: [GC 33755.376: [ParNew: 1347326K->90961K(1415616K), 0.1315790 secs] 3433192K->2176826K(4037056K), 0.1318650 secs] [Times: user=0.53 sys=0.02, real=0.14 secs] 
33758.933: [GC 33758.933: [ParNew: 1349329K->96736K(1415616K), 0.1107600 secs] 3435194K->2182602K(4037056K), 0.1110960 secs] [Times: user=0.72 sys=0.02, real=0.11 secs] 
33762.571: [GC 33762.571: [ParNew: 1355104K->84373K(1415616K), 0.0784010 secs] 3440970K->2170239K(4037056K), 0.0787280 secs] [Times: user=0.61 sys=0.01, real=0.08 secs] 
33766.869: [GC 33766.869: [ParNew: 1342741K->81150K(1415616K), 0.0656340 secs] 3428607K->2167016K(4037056K), 0.0659480 secs] [Times: user=0.56 sys=0.01, real=0.06 secs] 
33771.300: [GC 33771.300: [ParNew: 1339518K->65138K(1415616K), 0.0980220 secs] 3425384K->2151003K(4037056K), 0.0983240 secs] [Times: user=0.45 sys=0.01, real=0.09 secs] 
33777.212: [GC 33777.212: [ParNew: 1323506K->72911K(1415616K), 0.0644150 secs] 3409371K->2158777K(4037056K), 0.0647460 secs] [Times: user=0.54 sys=0.00, real=0.06 secs] 
33784.930: [GC 33784.930: [ParNew: 1331279K->55109K(1415616K), 0.0893140 secs] 3417145K->2140974K(4037056K), 0.0896580 secs] [Times: user=0.54 sys=0.02, real=0.09 secs] 
33790.316: [GC 33790.316: [ParNew: 1313477K->54781K(1415616K), 0.1380550 secs] 3399342K->2140647K(4037056K), 0.1383460 secs] [Times: user=0.42 sys=0.01, real=0.14 secs] 
33796.122: [GC 33796.122: [ParNew: 1313149K->73594K(1415616K), 0.1072290 secs] 3399015K->2159459K(4037056K), 0.1075420 secs] [Times: user=0.55 sys=0.01, real=0.11 secs] 
33802.521: [GC 33802.521: [ParNew: 1331962K->69073K(1415616K), 0.0812740 secs] 3417827K->2154938K(4037056K), 0.0815500 secs] [Times: user=0.54 sys=0.02, real=0.09 secs] 
33805.974: [GC 33805.974: [ParNew: 1327441K->55259K(1415616K), 0.0964310 secs] 3413306K->2141125K(4037056K), 0.0967850 secs] [Times: user=0.59 sys=0.04, real=0.09 secs] 
33807.375: [GC 33807.376: [ParNew: 1313627K->63035K(1415616K), 0.0745180 secs] 3399493K->2148900K(4037056K), 0.0747950 secs] [Times: user=0.41 sys=0.01, real=0.07 secs] 
33809.232: [GC 33809.232: [ParNew: 1321403K->67269K(1415616K), 0.2055710 secs] 3407268K->2153134K(4037056K), 0.2059010 secs] [Times: user=0.45 sys=0.00, real=0.21 secs] 
33810.947: [GC 33810.948: [ParNew: 1325637K->74141K(1415616K), 0.2517150 secs] 3411502K->2160007K(4037056K), 0.2520270 secs] [Times: user=0.51 sys=0.01, real=0.25 secs] 
33813.685: [GC 33813.686: [ParNew: 1332509K->83246K(1415616K), 0.0940210 secs] 3418375K->2169111K(4037056K), 0.0943500 secs] [Times: user=0.67 sys=0.02, real=0.09 secs] 
33816.279: [GC 33816.280: [ParNew: 1341614K->89170K(1415616K), 0.0737660 secs] 3427479K->2175035K(4037056K), 0.0740350 secs] [Times: user=0.59 sys=0.01, real=0.07 secs] 
33820.739: [GC 33820.739: [ParNew: 1347538K->82775K(1415616K), 0.0901890 secs] 3433403K->2168641K(4037056K), 0.0904320 secs] [Times: user=0.51 sys=0.00, real=0.09 secs] 
33825.190: [GC 33825.190: [ParNew: 1341143K->77153K(1415616K), 0.0656160 secs] 3427009K->2163018K(4037056K), 0.0659750 secs] [Times: user=0.56 sys=0.01, real=0.07 secs] 
33830.095: [GC 33830.095: [ParNew: 1335521K->80227K(1415616K), 0.0703790 secs] 3421386K->2166093K(4037056K), 0.0707220 secs] [Times: user=0.59 sys=0.01, real=0.07 secs] 
33836.838: [GC 33836.838: [ParNew: 1338595K->76691K(1415616K), 0.0783430 secs] 3424461K->2162557K(4037056K), 0.0786750 secs] [Times: user=0.57 sys=0.03, real=0.08 secs] 
33843.911: [GC 33843.911: [ParNew: 1335059K->60671K(1415616K), 0.0857570 secs] 3420925K->2146536K(4037056K), 0.0860910 secs] [Times: user=0.61 sys=0.02, real=0.08 secs] 
33850.146: [GC 33850.146: [ParNew: 1319039K->55341K(1415616K), 0.2491910 secs] 3404904K->2141206K(4037056K), 0.2494880 secs] [Times: user=0.41 sys=0.01, real=0.25 secs] 
33855.859: [GC 33855.859: [ParNew: 1313709K->67557K(1415616K), 0.0717330 secs] 3399574K->2153423K(4037056K), 0.0720510 secs] [Times: user=0.63 sys=0.00, real=0.07 secs] 
33863.216: [GC 33863.216: [ParNew: 1325925K->60687K(1415616K), 0.0755530 secs] 3411791K->2146552K(4037056K), 0.0758780 secs] [Times: user=0.58 sys=0.01, real=0.08 secs] 
33866.300: [GC 33866.300: [ParNew: 1319055K->65507K(1415616K), 0.0629650 secs] 3404920K->2151373K(4037056K), 0.0632530 secs] [Times: user=0.45 sys=0.01, real=0.06 secs] 
33867.883: [GC 33867.883: [ParNew: 1323875K->58138K(1415616K), 0.0743940 secs] 3409741K->2144004K(4037056K), 0.0749780 secs] [Times: user=0.40 sys=0.00, real=0.07 secs] 
33869.569: [GC 33869.570: [ParNew: 1316506K->80419K(1415616K), 0.0525440 secs] 3402372K->2166284K(4037056K), 0.0527680 secs] [Times: user=0.45 sys=0.00, real=0.06 secs] 
33871.712: [GC 33871.712: [ParNew: 1338787K->77175K(1415616K), 0.2796140 secs] 3424652K->2163040K(4037056K), 0.2799920 secs] [Times: user=0.56 sys=0.02, real=0.28 secs] 
33874.451: [GC 33874.451: [ParNew: 1335543K->95131K(1415616K), 0.0631010 secs] 3421408K->2180996K(4037056K), 0.0633320 secs] [Times: user=0.75 sys=0.00, real=0.06 secs] 
33878.000: [GC 33878.008: [ParNew: 1353499K->88350K(1415616K), 0.1046820 secs] 3439364K->2174216K(4037056K), 0.1126610 secs] [Times: user=0.80 sys=0.01, real=0.12 secs] 
33882.275: [GC 33882.275: [ParNew: 1346718K->98835K(1415616K), 0.0795250 secs] 3432584K->2184701K(4037056K), 0.0798760 secs] [Times: user=0.74 sys=0.01, real=0.08 secs] 
33886.935: [GC 33886.936: [ParNew: 1357203K->74418K(1415616K), 0.0929320 secs] 3443069K->2160283K(4037056K), 0.0932310 secs] [Times: user=0.66 sys=0.00, real=0.09 secs] 
33893.589: [GC 33893.589: [ParNew: 1332786K->71798K(1415616K), 0.0563860 secs] 3418651K->2157663K(4037056K), 0.0567360 secs] [Times: user=0.58 sys=0.01, real=0.06 secs] 
33899.327: [GC 33899.327: [ParNew: 1330166K->73277K(1415616K), 0.0723600 secs] 3416031K->2159142K(4037056K), 0.0727180 secs] [Times: user=0.61 sys=0.01, real=0.07 secs] 
33906.932: [GC 33906.933: [ParNew: 1331645K->54720K(1415616K), 0.0902130 secs] 3417510K->2140585K(4037056K), 0.0905550 secs] [Times: user=0.55 sys=0.01, real=0.09 secs] 
33911.317: [GC 33911.317: [ParNew: 1313088K->63754K(1415616K), 0.0801980 secs] 3398953K->2149619K(4037056K), 0.0805410 secs] [Times: user=0.45 sys=0.00, real=0.08 secs] 
33918.563: [GC 33918.563: [ParNew: 1322122K->70112K(1415616K), 0.0775570 secs] 3407987K->2155978K(4037056K), 0.0778690 secs] [Times: user=0.65 sys=0.00, real=0.08 secs] 
33925.093: [GC 33925.093: [ParNew: 1328480K->73993K(1415616K), 0.1022350 secs] 3414346K->2159858K(4037056K), 0.1025990 secs] [Times: user=0.56 sys=0.00, real=0.10 secs] 
33926.607: [GC 33926.607: [ParNew: 1332361K->59948K(1415616K), 0.0704260 secs] 3418226K->2145814K(4037056K), 0.0707420 secs] [Times: user=0.60 sys=0.02, real=0.07 secs] 
33928.081: [GC 33928.081: [ParNew: 1318316K->59618K(1415616K), 0.1295700 secs] 3404182K->2145483K(4037056K), 0.1298670 secs] [Times: user=0.49 sys=0.02, real=0.13 secs] 
33929.651: [GC 33929.651: [ParNew: 1317986K->74259K(1415616K), 0.0696980 secs] 3403851K->2160124K(4037056K), 0.0699660 secs] [Times: user=0.50 sys=0.01, real=0.07 secs] 
33931.777: [GC 33931.778: [ParNew: 1332627K->79961K(1415616K), 0.1604890 secs] 3418492K->2165827K(4037056K), 0.1608550 secs] [Times: user=0.54 sys=0.01, real=0.16 secs] 
33934.128: [GC 33934.128: [ParNew: 1338329K->99742K(1415616K), 0.1323210 secs] 3424195K->2185608K(4037056K), 0.1326510 secs] [Times: user=0.67 sys=0.01, real=0.13 secs] 
33937.654: [GC 33937.654: [ParNew: 1358110K->98364K(1415616K), 0.0643490 secs] 3443976K->2184230K(4037056K), 0.0646610 secs] [Times: user=0.70 sys=0.01, real=0.07 secs] 
33942.262: [GC 33942.262: [ParNew: 1356732K->84240K(1415616K), 0.0673840 secs] 3442598K->2170105K(4037056K), 0.0677150 secs] [Times: user=0.68 sys=0.01, real=0.08 secs] 
33947.923: [GC 33947.924: [ParNew: 1342608K->90780K(1415616K), 0.0792670 secs] 3428473K->2176645K(4037056K), 0.0795910 secs] [Times: user=0.67 sys=0.01, real=0.08 secs] 
33953.923: [GC 33953.923: [ParNew: 1349148K->87543K(1415616K), 0.0982200 secs] 3435013K->2173408K(4037056K), 0.0985510 secs] [Times: user=0.68 sys=0.01, real=0.10 secs] 
33959.946: [GC 33959.946: [ParNew: 1345911K->62268K(1415616K), 0.0806660 secs] 3431776K->2148133K(4037056K), 0.0809850 secs] [Times: user=0.69 sys=0.01, real=0.08 secs] 
33967.577: [GC 33967.577: [ParNew: 1320636K->59812K(1415616K), 0.0813200 secs] 3406501K->2145677K(4037056K), 0.0818060 secs] [Times: user=0.64 sys=0.01, real=0.08 secs] 
33972.839: [GC 33972.839: [ParNew: 1318180K->74252K(1415616K), 0.0705560 secs] 3404045K->2160117K(4037056K), 0.0709180 secs] [Times: user=0.69 sys=0.00, real=0.07 secs] 
33978.958: [GC 33978.958: [ParNew: 1332620K->85210K(1415616K), 0.0813490 secs] 3418485K->2171075K(4037056K), 0.0816250 secs] [Times: user=0.68 sys=0.01, real=0.08 secs] 
33985.288: [GC 33985.288: [ParNew: 1343578K->71097K(1415616K), 0.0869550 secs] 3429443K->2156962K(4037056K), 0.0872520 secs] [Times: user=0.64 sys=0.04, real=0.09 secs] 
33987.060: [GC 33987.061: [ParNew: 1329465K->78686K(1415616K), 0.1513210 secs] 3415330K->2164551K(4037056K), 0.1516820 secs] [Times: user=0.56 sys=0.07, real=0.15 secs] 
33988.902: [GC 33988.902: [ParNew: 1337054K->70291K(1415616K), 0.1274350 secs] 3422919K->2156157K(4037056K), 0.1277710 secs] [Times: user=0.60 sys=0.02, real=0.13 secs] 
33990.981: [GC 33990.982: [ParNew: 1328659K->85100K(1415616K), 0.1384750 secs] 3414525K->2170966K(4037056K), 0.1389350 secs] [Times: user=0.54 sys=0.03, real=0.14 secs] 
33993.088: [GC 33993.088: [ParNew: 1343468K->91354K(1415616K), 0.1472720 secs] 3429334K->2177219K(4037056K), 0.1476680 secs] [Times: user=0.76 sys=0.04, real=0.15 secs] 
33996.122: [GC 33996.122: [ParNew: 1349722K->95326K(1415616K), 0.1237330 secs] 3435587K->2181191K(4037056K), 0.1240890 secs] [Times: user=0.72 sys=0.01, real=0.13 secs] 
34000.687: [GC 34000.687: [ParNew: 1353694K->81278K(1415616K), 0.0969730 secs] 3439559K->2167143K(4037056K), 0.0972910 secs] [Times: user=0.53 sys=0.01, real=0.09 secs] 
34005.296: [GC 34005.296: [ParNew: 1339646K->88410K(1415616K), 0.1014610 secs] 3425511K->2174275K(4037056K), 0.1018260 secs] [Times: user=0.60 sys=0.01, real=0.10 secs] 
34009.551: [GC 34009.552: [ParNew: 1346778K->78946K(1415616K), 0.0984880 secs] 3432643K->2164812K(4037056K), 0.0988730 secs] [Times: user=0.68 sys=0.00, real=0.10 secs] 
34014.187: [GC 34014.188: [ParNew: 1337314K->83063K(1415616K), 0.0700410 secs] 3423180K->2168928K(4037056K), 0.0704000 secs] [Times: user=0.63 sys=0.01, real=0.07 secs] 
34019.396: [GC 34019.397: [ParNew: 1341431K->66567K(1415616K), 0.0556540 secs] 3427296K->2152432K(4037056K), 0.0558970 secs] [Times: user=0.57 sys=0.01, real=0.06 secs] 
34027.197: [GC 34027.198: [ParNew: 1324935K->69212K(1415616K), 0.0729490 secs] 3410800K->2155077K(4037056K), 0.0733000 secs] [Times: user=0.64 sys=0.00, real=0.08 secs] 
34031.267: [GC 34031.267: [ParNew: 1327580K->80659K(1415616K), 0.1485650 secs] 3413445K->2166524K(4037056K), 0.1489310 secs] [Times: user=0.56 sys=0.01, real=0.15 secs] 
34037.094: [GC 34037.094: [ParNew: 1339027K->89743K(1415616K), 0.0738990 secs] 3424892K->2175609K(4037056K), 0.0742230 secs] [Times: user=0.69 sys=0.02, real=0.07 secs] 
34043.396: [GC 34043.396: [ParNew: 1348111K->95779K(1415616K), 0.0921610 secs] 3433977K->2181644K(4037056K), 0.0924750 secs] [Times: user=0.71 sys=0.02, real=0.09 secs] 
34046.066: [GC 34046.066: [ParNew: 1354147K->78081K(1415616K), 0.1033540 secs] 3440012K->2163946K(4037056K), 0.1036780 secs] [Times: user=0.66 sys=0.00, real=0.10 secs] 
34047.632: [GC 34047.633: [ParNew: 1336449K->92226K(1415616K), 0.1298640 secs] 3422314K->2178091K(4037056K), 0.1301420 secs] [Times: user=0.56 sys=0.01, real=0.13 secs] 
34049.325: [GC 34049.325: [ParNew: 1350594K->98030K(1415616K), 0.0884190 secs] 3436459K->2183895K(4037056K), 0.0887150 secs] [Times: user=0.54 sys=0.01, real=0.09 secs] 
34051.371: [GC 34051.371: [ParNew: 1356398K->89361K(1415616K), 0.0768930 secs] 3442263K->2175226K(4037056K), 0.0771950 secs] [Times: user=0.60 sys=0.01, real=0.07 secs] 
34053.461: [GC 34053.461: [ParNew: 1347729K->89137K(1415616K), 0.1094590 secs] 3433594K->2175002K(4037056K), 0.1097070 secs] [Times: user=0.65 sys=0.02, real=0.11 secs] 
34056.229: [GC 34056.229: [ParNew: 1347505K->122613K(1415616K), 0.0798290 secs] 3433370K->2208478K(4037056K), 0.0801190 secs] [Times: user=0.67 sys=0.01, real=0.08 secs] 
34060.031: [GC 34060.031: [ParNew: 1380981K->94693K(1415616K), 0.2236790 secs] 3466846K->2201725K(4037056K), 0.2239630 secs] [Times: user=0.65 sys=0.03, real=0.23 secs] 
34064.197: [GC 34064.197: [ParNew: 1353061K->67636K(1415616K), 0.0717400 secs] 3460093K->2174668K(4037056K), 0.0721030 secs] [Times: user=0.66 sys=0.01, real=0.07 secs] 
34068.828: [GC 34068.828: [ParNew: 1326004K->75956K(1415616K), 0.0640060 secs] 3433036K->2182988K(4037056K), 0.0643390 secs] [Times: user=0.57 sys=0.01, real=0.06 secs] 
34073.092: [GC 34073.092: [ParNew: 1334324K->58899K(1415616K), 0.0701520 secs] 3441356K->2165931K(4037056K), 0.0704980 secs] [Times: user=0.49 sys=0.00, real=0.07 secs] 
34078.913: [GC 34078.913: [ParNew: 1317267K->63600K(1415616K), 0.0859750 secs] 3424299K->2170631K(4037056K), 0.0869790 secs] [Times: user=0.49 sys=0.01, real=0.09 secs] 
34086.465: [GC 34086.465: [ParNew: 1321968K->46990K(1415616K), 0.0708190 secs] 3428999K->2154022K(4037056K), 0.0710780 secs] [Times: user=0.43 sys=0.03, real=0.08 secs] 
34091.366: [GC 34091.366: [ParNew: 1305358K->69700K(1415616K), 0.2090990 secs] 3412390K->2176732K(4037056K), 0.2094390 secs] [Times: user=0.43 sys=0.00, real=0.20 secs] 
34098.497: [GC 34098.497: [ParNew: 1328068K->75692K(1415616K), 0.0736320 secs] 3435100K->2182724K(4037056K), 0.0739320 secs] [Times: user=0.56 sys=0.02, real=0.07 secs] 
34105.040: [GC 34105.040: [ParNew: 1332742K->58072K(1415616K), 0.0607910 secs] 3439774K->2165103K(4037056K), 0.0611440 secs] [Times: user=0.47 sys=0.01, real=0.06 secs] 
34106.667: [GC 34106.667: [ParNew: 1316440K->60372K(1415616K), 0.0485200 secs] 3423471K->2167404K(4037056K), 0.0488210 secs] [Times: user=0.53 sys=0.00, real=0.05 secs] 
34107.989: [GC 34107.989: [ParNew: 1318740K->64217K(1415616K), 0.1035810 secs] 3425772K->2171249K(4037056K), 0.1039720 secs] [Times: user=0.42 sys=0.02, real=0.10 secs] 
34110.027: [GC 34110.027: [ParNew: 1322585K->72003K(1415616K), 0.3941030 secs] 3429617K->2179034K(4037056K), 0.3944710 secs] [Times: user=0.56 sys=0.01, real=0.40 secs] 
34112.442: [GC 34112.442: [ParNew: 1330371K->78363K(1415616K), 0.1617410 secs] 3437402K->2185395K(4037056K), 0.1620970 secs] [Times: user=0.52 sys=0.00, real=0.16 secs] 
34114.514: [GC 34114.515: [ParNew: 1336731K->80801K(1415616K), 0.1067270 secs] 3443763K->2187833K(4037056K), 0.1069940 secs] [Times: user=0.72 sys=0.01, real=0.11 secs] 
34117.927: [GC 34117.927: [ParNew: 1339169K->87180K(1415616K), 0.1329590 secs] 3446201K->2194212K(4037056K), 0.1333070 secs] [Times: user=0.76 sys=0.01, real=0.14 secs] 
34122.347: [GC 34122.347: [ParNew: 1345548K->98886K(1415616K), 0.0861640 secs] 3452580K->2205918K(4037056K), 0.0864990 secs] [Times: user=0.69 sys=0.01, real=0.09 secs] 
34127.258: [GC 34127.259: [ParNew: 1357254K->71825K(1415616K), 0.0627500 secs] 3464286K->2178857K(4037056K), 0.0630790 secs] [Times: user=0.64 sys=0.00, real=0.07 secs] 
34133.031: [GC 34133.031: [ParNew: 1330193K->78846K(1415616K), 0.0697700 secs] 3437225K->2185878K(4037056K), 0.0700410 secs] [Times: user=0.61 sys=0.02, real=0.07 secs] 
34138.866: [GC 34138.866: [ParNew: 1337214K->57000K(1415616K), 0.0703470 secs] 3444246K->2164032K(4037056K), 0.0706730 secs] [Times: user=0.62 sys=0.01, real=0.07 secs] 
34146.020: [GC 34146.021: [ParNew: 1315368K->65954K(1415616K), 0.0902000 secs] 3422400K->2172986K(4037056K), 0.0905690 secs] [Times: user=0.55 sys=0.00, real=0.09 secs] 
34150.960: [GC 34150.961: [ParNew: 1324322K->82834K(1415616K), 0.1706980 secs] 3431354K->2189866K(4037056K), 0.1711070 secs] [Times: user=0.45 sys=0.03, real=0.17 secs] 
34156.419: [GC 34156.419: [ParNew: 1341202K->66214K(1415616K), 0.0649120 secs] 3448234K->2173246K(4037056K), 0.0652480 secs] [Times: user=0.62 sys=0.00, real=0.07 secs] 
34162.920: [GC 34162.920: [ParNew: 1324582K->68771K(1415616K), 0.0615580 secs] 3431614K->2175803K(4037056K), 0.0618560 secs] [Times: user=0.56 sys=0.00, real=0.06 secs] 
34165.968: [GC 34165.969: [ParNew: 1327139K->80580K(1415616K), 0.1156190 secs] 3434171K->2187611K(4037056K), 0.1159510 secs] [Times: user=0.57 sys=0.01, real=0.11 secs] 
34167.393: [GC 34167.393: [ParNew: 1338948K->65619K(1415616K), 0.1253410 secs] 3445979K->2172651K(4037056K), 0.1256400 secs] [Times: user=0.44 sys=0.01, real=0.13 secs] 
34168.863: [GC 34168.863: [ParNew: 1323987K->69095K(1415616K), 0.0965240 secs] 3431019K->2176127K(4037056K), 0.0968720 secs] [Times: user=0.60 sys=0.01, real=0.10 secs] 
34170.783: [GC 34170.783: [ParNew: 1327463K->80037K(1415616K), 0.2898880 secs] 3434495K->2187069K(4037056K), 0.2902130 secs] [Times: user=0.50 sys=0.06, real=0.29 secs] 
34172.266: [GC 34172.266: [ParNew: 1338405K->96826K(1415616K), 0.0739480 secs] 3445437K->2203858K(4037056K), 0.0742010 secs] [Times: user=0.53 sys=0.00, real=0.07 secs] 
34175.042: [GC 34175.042: [ParNew: 1355194K->100577K(1415616K), 0.1296710 secs] 3462226K->2207609K(4037056K), 0.1300050 secs] [Times: user=0.79 sys=0.01, real=0.13 secs] 
34177.878: [GC 34177.879: [ParNew: 1358945K->109044K(1415616K), 0.0955920 secs] 3465977K->2216076K(4037056K), 0.0959630 secs] [Times: user=0.79 sys=0.01, real=0.09 secs] 
34181.294: [GC 34181.294: [ParNew: 1367412K->119615K(1415616K), 0.0996840 secs] 3474444K->2226647K(4037056K), 0.0999350 secs] [Times: user=0.65 sys=0.01, real=0.10 secs] 
34185.808: [GC 34185.808: [ParNew: 1377983K->89596K(1415616K), 0.0896620 secs] 3485015K->2196627K(4037056K), 0.0899870 secs] [Times: user=0.70 sys=0.02, real=0.09 secs] 
34189.667: [GC 34189.667: [ParNew: 1347964K->90703K(1415616K), 0.0771440 secs] 3454995K->2197734K(4037056K), 0.0774940 secs] [Times: user=0.73 sys=0.02, real=0.08 secs] 
34194.476: [GC 34194.477: [ParNew: 1349071K->76822K(1415616K), 0.0712350 secs] 3456102K->2183854K(4037056K), 0.0715520 secs] [Times: user=0.64 sys=0.01, real=0.08 secs] 
34199.615: [GC 34199.616: [ParNew: 1335190K->85022K(1415616K), 0.0621810 secs] 3442222K->2192053K(4037056K), 0.0624830 secs] [Times: user=0.61 sys=0.02, real=0.06 secs] 
34205.822: [GC 34205.823: [ParNew: 1343390K->58716K(1415616K), 0.1074790 secs] 3450421K->2165748K(4037056K), 0.1079060 secs] [Times: user=0.59 sys=0.01, real=0.11 secs] 
34210.530: [GC 34210.530: [ParNew: 1317084K->67827K(1415616K), 0.2513280 secs] 3424116K->2174859K(4037056K), 0.2516520 secs] [Times: user=0.50 sys=0.02, real=0.25 secs] 
34215.965: [GC 34215.965: [ParNew: 1326195K->87822K(1415616K), 0.1596320 secs] 3433227K->2194854K(4037056K), 0.1608800 secs] [Times: user=0.66 sys=0.05, real=0.16 secs] 
34221.954: [GC 34221.954: [ParNew: 1346190K->69877K(1415616K), 0.1544010 secs] 3453222K->2176908K(4037056K), 0.1548440 secs] [Times: user=0.61 sys=0.06, real=0.15 secs] 
34225.906: [GC 34225.906: [ParNew: 1328245K->67399K(1415616K), 0.0951260 secs] 3435276K->2174431K(4037056K), 0.0954280 secs] [Times: user=0.63 sys=0.02, real=0.10 secs] 
34227.659: [GC 34227.659: [ParNew: 1325767K->76827K(1415616K), 0.1039660 secs] 3432799K->2183859K(4037056K), 0.1043160 secs] [Times: user=0.49 sys=0.01, real=0.11 secs] 
34228.991: [GC 34228.991: [ParNew: 1335195K->87216K(1415616K), 0.1466650 secs] 3442227K->2194248K(4037056K), 0.1469310 secs] [Times: user=0.56 sys=0.06, real=0.15 secs] 
34231.296: [GC 34231.296: [ParNew: 1345584K->95704K(1415616K), 0.1612400 secs] 3452616K->2202736K(4037056K), 0.1615230 secs] [Times: user=0.56 sys=0.03, real=0.16 secs] 
34233.187: [GC 34233.187: [ParNew: 1354072K->95825K(1415616K), 0.0871620 secs] 3461104K->2202857K(4037056K), 0.0874210 secs] [Times: user=0.54 sys=0.01, real=0.09 secs] 
34235.918: [GC 34235.919: [ParNew: 1354193K->108284K(1415616K), 0.1334450 secs] 3461225K->2215315K(4037056K), 0.1346110 secs] [Times: user=0.64 sys=0.03, real=0.14 secs] 
34239.808: [GC 34239.808: [ParNew: 1366652K->110113K(1415616K), 0.2283230 secs] 3473683K->2217145K(4037056K), 0.2286680 secs] [Times: user=0.80 sys=0.03, real=0.23 secs] 
34243.336: [GC 34243.336: [ParNew: 1368481K->106188K(1415616K), 0.1861210 secs] 3475513K->2213220K(4037056K), 0.1864660 secs] [Times: user=0.66 sys=0.01, real=0.18 secs] 
34247.694: [GC 34247.694: [ParNew: 1364556K->79136K(1415616K), 0.1315750 secs] 3471588K->2186168K(4037056K), 0.1318840 secs] [Times: user=0.64 sys=0.02, real=0.13 secs] 
34252.220: [GC 34252.220: [ParNew: 1337504K->81517K(1415616K), 0.0635080 secs] 3444536K->2188549K(4037056K), 0.0637720 secs] [Times: user=0.61 sys=0.02, real=0.06 secs] 
34257.087: [GC 34257.087: [ParNew: 1339885K->82088K(1415616K), 0.0819440 secs] 3446917K->2189120K(4037056K), 0.0822730 secs] [Times: user=0.71 sys=0.01, real=0.08 secs] 
34263.670: [GC 34263.670: [ParNew: 1340456K->74938K(1415616K), 0.0587960 secs] 3447488K->2181970K(4037056K), 0.0591130 secs] [Times: user=0.59 sys=0.00, real=0.06 secs] 
34268.966: [GC 34268.966: [ParNew: 1333306K->79920K(1415616K), 0.1497820 secs] 3440338K->2186952K(4037056K), 0.1501800 secs] [Times: user=0.63 sys=0.02, real=0.15 secs] 
34273.175: [GC 34273.175: [ParNew: 1338288K->86077K(1415616K), 0.0925140 secs] 3445320K->2193109K(4037056K), 0.0928840 secs] [Times: user=0.71 sys=0.00, real=0.10 secs] 
34277.665: [GC 34277.665: [ParNew: 1344445K->86879K(1415616K), 0.0610720 secs] 3451477K->2193911K(4037056K), 0.0613880 secs] [Times: user=0.66 sys=0.00, real=0.06 secs] 
34283.602: [GC 34283.603: [ParNew: 1345247K->67420K(1415616K), 0.0582360 secs] 3452279K->2174451K(4037056K), 0.0586400 secs] [Times: user=0.58 sys=0.00, real=0.06 secs] 
34286.086: [GC 34286.086: [ParNew: 1325788K->71748K(1415616K), 0.0886910 secs] 3432819K->2178780K(4037056K), 0.0890290 secs] [Times: user=0.60 sys=0.01, real=0.09 secs] 
34287.617: [GC 34287.617: [ParNew: 1330116K->88492K(1415616K), 0.0798530 secs] 3437148K->2195524K(4037056K), 0.0801730 secs] [Times: user=0.47 sys=0.01, real=0.08 secs] 
34289.000: [GC 34289.000: [ParNew: 1346860K->78105K(1415616K), 0.0687330 secs] 3453892K->2185136K(4037056K), 0.0690450 secs] [Times: user=0.56 sys=0.00, real=0.07 secs] 
34291.063: [GC 34291.063: [ParNew: 1336473K->94281K(1415616K), 0.1509940 secs] 3443504K->2201313K(4037056K), 0.1512710 secs] [Times: user=0.61 sys=0.00, real=0.15 secs] 
34293.170: [GC 34293.170: [ParNew: 1352649K->99050K(1415616K), 0.1114490 secs] 3459681K->2206082K(4037056K), 0.1117390 secs] [Times: user=0.73 sys=0.01, real=0.11 secs] 
34296.399: [GC 34296.399: [ParNew: 1357418K->108597K(1415616K), 0.0770920 secs] 3464450K->2215629K(4037056K), 0.0773500 secs] [Times: user=0.71 sys=0.01, real=0.08 secs] 
34299.985: [GC 34299.986: [ParNew: 1366965K->101012K(1415616K), 0.2923710 secs] 3473997K->2208043K(4037056K), 0.2927090 secs] [Times: user=0.75 sys=0.08, real=0.29 secs] 
34303.606: [GC 34303.607: [ParNew: 1359380K->107368K(1415616K), 0.0990990 secs] 3466411K->2214400K(4037056K), 0.0993880 secs] [Times: user=0.68 sys=0.03, real=0.10 secs] 
34307.839: [GC 34307.840: [ParNew: 1365736K->89453K(1415616K), 0.0802400 secs] 3472768K->2196485K(4037056K), 0.0805730 secs] [Times: user=0.71 sys=0.01, real=0.08 secs] 
34312.322: [GC 34312.322: [ParNew: 1347821K->88806K(1415616K), 0.0802620 secs] 3454853K->2195838K(4037056K), 0.0805520 secs] [Times: user=0.67 sys=0.01, real=0.08 secs] 
34317.528: [GC 34317.529: [ParNew: 1347174K->82486K(1415616K), 0.0844320 secs] 3454206K->2189518K(4037056K), 0.0847460 secs] [Times: user=0.68 sys=0.01, real=0.09 secs] 
34323.818: [GC 34323.818: [ParNew: 1340854K->82527K(1415616K), 0.0686080 secs] 3447886K->2189559K(4037056K), 0.0689260 secs] [Times: user=0.67 sys=0.01, real=0.07 secs] 
34329.573: [GC 34329.573: [ParNew: 1340895K->90996K(1415616K), 0.0748940 secs] 3447927K->2198027K(4037056K), 0.0751490 secs] [Times: user=0.56 sys=0.00, real=0.08 secs] 
34333.863: [GC 34333.863: [ParNew: 1349364K->78790K(1415616K), 0.0610300 secs] 3456395K->2185822K(4037056K), 0.0613540 secs] [Times: user=0.70 sys=0.01, real=0.07 secs] 
34372.106: [GC 34372.106: [ParNew: 1337156K->90672K(1415616K), 0.0917500 secs] 3444188K->2197704K(4037056K), 0.0920910 secs] [Times: user=0.64 sys=0.03, real=0.09 secs] 
34468.336: [GC 34468.336: [ParNew: 1349006K->77865K(1415616K), 0.1344090 secs] 3456038K->2184896K(4037056K), 0.1347050 secs] [Times: user=0.62 sys=0.02, real=0.14 secs] 
34556.728: [GC 34556.728: [ParNew: 1336233K->86983K(1415616K), 0.1115230 secs] 3443264K->2194014K(4037056K), 0.1118250 secs] [Times: user=0.83 sys=0.02, real=0.11 secs] 
34656.549: [GC 34656.549: [ParNew: 1345351K->119155K(1415616K), 0.1197830 secs] 3452382K->2226186K(4037056K), 0.1200790 secs] [Times: user=0.79 sys=0.01, real=0.12 secs] 
34760.752: [GC 34760.752: [ParNew: 1377523K->78891K(1415616K), 0.1439040 secs] 3484554K->2206160K(4037056K), 0.1442610 secs] [Times: user=0.80 sys=0.04, real=0.15 secs] 
34857.971: [GC 34857.971: [ParNew: 1337259K->62954K(1415616K), 0.0895930 secs] 3464528K->2190222K(4037056K), 0.0902630 secs] [Times: user=0.68 sys=0.01, real=0.09 secs] 
34951.959: [GC 34951.959: [ParNew: 1321322K->89699K(1415616K), 0.1371850 secs] 3448590K->2216967K(4037056K), 0.1375110 secs] [Times: user=0.63 sys=0.00, real=0.14 secs] 
35065.954: [GC 35065.954: [ParNew: 1348067K->71622K(1415616K), 0.0895020 secs] 3475335K->2198890K(4037056K), 0.0898580 secs] [Times: user=0.67 sys=0.01, real=0.09 secs] 
35169.913: [GC 35169.913: [ParNew: 1329990K->63673K(1415616K), 0.2891480 secs] 3457258K->2190942K(4037056K), 0.2895440 secs] [Times: user=0.60 sys=0.01, real=0.29 secs] 
35263.367: [GC 35263.367: [ParNew: 1322041K->84483K(1415616K), 0.1148750 secs] 3449310K->2211751K(4037056K), 0.1151670 secs] [Times: user=0.70 sys=0.01, real=0.12 secs] 
35376.007: [GC 35376.007: [ParNew: 1342851K->89699K(1415616K), 0.1669330 secs] 3470119K->2216967K(4037056K), 0.1673420 secs] [Times: user=0.87 sys=0.01, real=0.16 secs] 
35483.977: [GC 35483.978: [ParNew: 1348067K->86453K(1415616K), 0.0843030 secs] 3475335K->2213722K(4037056K), 0.0846780 secs] [Times: user=0.69 sys=0.00, real=0.09 secs] 
35579.811: [GC 35579.812: [ParNew: 1344821K->62594K(1415616K), 0.1057650 secs] 3472090K->2189862K(4037056K), 0.1061550 secs] [Times: user=0.66 sys=0.01, real=0.10 secs] 
35679.919: [GC 35679.919: [ParNew: 1320962K->84962K(1415616K), 0.1304060 secs] 3448230K->2212230K(4037056K), 0.1307790 secs] [Times: user=0.91 sys=0.01, real=0.13 secs] 
35789.862: [GC 35789.862: [ParNew: 1343330K->81444K(1415616K), 0.1874610 secs] 3470598K->2208712K(4037056K), 0.1878160 secs] [Times: user=0.70 sys=0.02, real=0.19 secs] 
35896.344: [GC 35896.344: [ParNew: 1339812K->89970K(1415616K), 0.0820290 secs] 3467080K->2217239K(4037056K), 0.0823600 secs] [Times: user=0.72 sys=0.00, real=0.09 secs] 
35993.414: [GC 35993.414: [ParNew: 1348338K->74648K(1415616K), 0.0979010 secs] 3475607K->2201916K(4037056K), 0.0982990 secs] [Times: user=0.81 sys=0.01, real=0.10 secs] 
36092.511: [GC 36092.511: [ParNew: 1333016K->93253K(1415616K), 0.1502470 secs] 3460284K->2220522K(4037056K), 0.1505360 secs] [Times: user=0.87 sys=0.01, real=0.15 secs] 
36194.415: [GC 36194.415: [ParNew: 1351621K->96529K(1415616K), 0.0983970 secs] 3478890K->2223797K(4037056K), 0.0987390 secs] [Times: user=0.88 sys=0.04, real=0.10 secs] 
36300.621: [GC 36300.622: [ParNew: 1354897K->86292K(1415616K), 0.0884810 secs] 3482165K->2213561K(4037056K), 0.0891210 secs] [Times: user=0.78 sys=0.03, real=0.09 secs] 
36406.178: [GC 36406.178: [ParNew: 1344660K->99549K(1415616K), 0.0927520 secs] 3471929K->2226818K(4037056K), 0.0930980 secs] [Times: user=0.90 sys=0.00, real=0.09 secs] 
36511.932: [GC 36511.932: [ParNew: 1357917K->91918K(1415616K), 0.1668170 secs] 3485186K->2219186K(4037056K), 0.1671430 secs] [Times: user=0.79 sys=0.01, real=0.17 secs] 
36628.390: [GC 36628.391: [ParNew: 1350286K->81941K(1415616K), 0.0902490 secs] 3477554K->2209210K(4037056K), 0.0905150 secs] [Times: user=0.81 sys=0.01, real=0.10 secs] 
36728.943: [GC 36728.943: [ParNew: 1340309K->90753K(1415616K), 0.1042060 secs] 3467578K->2218021K(4037056K), 0.1045650 secs] [Times: user=0.82 sys=0.01, real=0.10 secs] 
36822.548: [GC 36822.548: [ParNew: 1349121K->86237K(1415616K), 0.0894620 secs] 3476389K->2213505K(4037056K), 0.0898190 secs] [Times: user=0.90 sys=0.02, real=0.09 secs] 
36930.366: [GC 36930.367: [ParNew: 1344605K->84182K(1415616K), 0.4277470 secs] 3471873K->2211451K(4037056K), 0.4281380 secs] [Times: user=0.71 sys=0.06, real=0.42 secs] 
37036.998: [GC 37036.999: [ParNew: 1342550K->100681K(1415616K), 0.0897570 secs] 3469819K->2227950K(4037056K), 0.0901330 secs] [Times: user=0.88 sys=0.00, real=0.09 secs] 
37136.219: [GC 37136.219: [ParNew: 1359049K->100952K(1415616K), 0.0855480 secs] 3486318K->2228220K(4037056K), 0.0859150 secs] [Times: user=0.87 sys=0.01, real=0.09 secs] 
37239.544: [GC 37239.544: [ParNew: 1359320K->88582K(1415616K), 0.1169870 secs] 3486588K->2215850K(4037056K), 0.1173600 secs] [Times: user=0.94 sys=0.00, real=0.11 secs] 
37342.571: [GC 37342.571: [ParNew: 1346950K->81881K(1415616K), 0.0843030 secs] 3474218K->2209149K(4037056K), 0.0846670 secs] [Times: user=0.79 sys=0.00, real=0.09 secs] 
37439.351: [GC 37439.351: [ParNew: 1340249K->74120K(1415616K), 0.0914050 secs] 3467517K->2201388K(4037056K), 0.0917490 secs] [Times: user=0.82 sys=0.01, real=0.09 secs] 
37549.642: [GC 37549.642: [ParNew: 1332488K->91046K(1415616K), 0.0864160 secs] 3459756K->2218315K(4037056K), 0.0866600 secs] [Times: user=0.93 sys=0.00, real=0.09 secs] 
37655.993: [GC 37655.993: [ParNew: 1349414K->119944K(1415616K), 0.0949500 secs] 3476683K->2247213K(4037056K), 0.0952720 secs] [Times: user=1.11 sys=0.01, real=0.09 secs] 
37765.014: [GC 37765.014: [ParNew: 1378312K->85399K(1415616K), 0.2587810 secs] 3505581K->2228594K(4037056K), 0.2591200 secs] [Times: user=0.78 sys=0.04, real=0.26 secs] 
37850.373: [GC 37850.373: [ParNew: 1343767K->67472K(1415616K), 0.0736380 secs] 3486962K->2210666K(4037056K), 0.0740150 secs] [Times: user=0.68 sys=0.01, real=0.08 secs] 
37951.029: [GC 37951.030: [ParNew: 1325840K->64178K(1415616K), 0.4964410 secs] 3469034K->2207373K(4037056K), 0.4967620 secs] [Times: user=0.60 sys=0.06, real=0.50 secs] 
38070.426: [GC 38070.426: [ParNew: 1322546K->64007K(1415616K), 0.3847590 secs] 3465741K->2207202K(4037056K), 0.3851130 secs] [Times: user=0.57 sys=0.01, real=0.39 secs] 
38174.532: [GC 38174.532: [ParNew: 1322375K->75883K(1415616K), 0.1022750 secs] 3465570K->2219078K(4037056K), 0.1026330 secs] [Times: user=0.79 sys=0.02, real=0.10 secs] 
38276.386: [GC 38276.386: [ParNew: 1334251K->73001K(1415616K), 0.0728090 secs] 3477446K->2216195K(4037056K), 0.0731190 secs] [Times: user=0.75 sys=0.01, real=0.07 secs] 
38383.984: [GC 38383.984: [ParNew: 1331369K->86737K(1415616K), 0.1114530 secs] 3474563K->2229932K(4037056K), 0.1118430 secs] [Times: user=0.93 sys=0.03, real=0.12 secs] 
38490.226: [GC 38490.226: [ParNew: 1345105K->77439K(1415616K), 0.2243560 secs] 3488300K->2220634K(4037056K), 0.2247270 secs] [Times: user=0.62 sys=0.01, real=0.23 secs] 
38595.795: [GC 38595.795: [ParNew: 1335814K->90287K(1415616K), 0.0768320 secs] 3479009K->2233482K(4037056K), 0.0771800 secs] [Times: user=0.81 sys=0.01, real=0.08 secs] 
38595.875: [GC [1 CMS-initial-mark: 2143194K(2621440K)] 2233684K(4037056K), 0.1598770 secs] [Times: user=0.15 sys=0.00, real=0.16 secs] 
38596.035: [CMS-concurrent-mark-start]
38597.204: [CMS-concurrent-mark: 1.170/1.170 secs] [Times: user=3.79 sys=0.21, real=1.17 secs] 
38597.205: [CMS-concurrent-preclean-start]
38597.222: [CMS-concurrent-preclean: 0.017/0.018 secs] [Times: user=0.02 sys=0.00, real=0.02 secs] 
38597.222: [CMS-concurrent-abortable-preclean-start]
 CMS: abort preclean due to time 38602.403: [CMS-concurrent-abortable-preclean: 3.752/5.181 secs] [Times: user=3.71 sys=0.01, real=5.18 secs] 
38602.408: [GC[YG occupancy: 107405 K (1415616 K)]38602.408: [Rescan (parallel) , 0.0305780 secs]38602.438: [weak refs processing, 0.0009730 secs] [1 CMS-remark: 2143194K(2621440K)] 2250599K(4037056K), 0.0318240 secs] [Times: user=0.24 sys=0.01, real=0.03 secs] 
38602.441: [CMS-concurrent-sweep-start]
38606.884: [CMS-concurrent-sweep: 4.444/4.444 secs] [Times: user=4.40 sys=0.01, real=4.44 secs] 
38606.885: [CMS-concurrent-reset-start]
38606.945: [CMS-concurrent-reset: 0.037/0.060 secs] [Times: user=0.12 sys=0.01, real=0.06 secs] 
38696.620: [GC 38696.620: [ParNew: 1348655K->65137K(1415616K), 0.0839770 secs] 1585172K->301655K(4037056K), 0.0843960 secs] [Times: user=0.71 sys=0.02, real=0.09 secs] 
38800.082: [GC 38800.083: [ParNew: 1323505K->71520K(1415616K), 0.3405990 secs] 1560023K->308037K(4037056K), 0.3410330 secs] [Times: user=0.75 sys=0.05, real=0.35 secs] 
38909.643: [GC 38909.643: [ParNew: 1329888K->81523K(1415616K), 0.0846200 secs] 1566405K->318040K(4037056K), 0.0850050 secs] [Times: user=0.79 sys=0.01, real=0.09 secs] 
38992.954: [GC 38992.954: [ParNew: 1339891K->77821K(1415616K), 0.1299690 secs] 1576408K->314338K(4037056K), 0.1303530 secs] [Times: user=0.72 sys=0.01, real=0.13 secs] 
39102.645: [GC 39102.645: [ParNew: 1336189K->84299K(1415616K), 0.1047710 secs] 1572706K->320816K(4037056K), 0.1051130 secs] [Times: user=0.88 sys=0.01, real=0.11 secs] 
39217.368: [GC 39217.368: [ParNew: 1342667K->94758K(1415616K), 0.0785200 secs] 1579184K->331276K(4037056K), 0.0788970 secs] [Times: user=0.88 sys=0.01, real=0.08 secs] 
39330.174: [GC 39330.174: [ParNew: 1353126K->106496K(1415616K), 0.2810880 secs] 1589644K->343013K(4037056K), 0.2814520 secs] [Times: user=0.82 sys=0.02, real=0.29 secs] 
39449.985: [GC 39449.985: [ParNew: 1364864K->105344K(1415616K), 0.2709800 secs] 1601381K->341861K(4037056K), 0.2713490 secs] [Times: user=0.77 sys=0.06, real=0.27 secs] 
39563.999: [GC 39563.999: [ParNew: 1363712K->63242K(1415616K), 0.0978710 secs] 1600229K->299759K(4037056K), 0.0981340 secs] [Times: user=0.69 sys=0.03, real=0.10 secs] 
39699.375: [GC 39699.375: [ParNew: 1321610K->82465K(1415616K), 0.1071940 secs] 1558127K->318982K(4037056K), 0.1075810 secs] [Times: user=0.93 sys=0.02, real=0.11 secs] 
39833.653: [GC 39833.653: [ParNew: 1340833K->84589K(1415616K), 0.1290590 secs] 1577350K->321106K(4037056K), 0.1294870 secs] [Times: user=0.75 sys=0.03, real=0.13 secs] 
39965.142: [GC 39965.143: [ParNew: 1342957K->78370K(1415616K), 0.1006860 secs] 1579474K->314887K(4037056K), 0.1011150 secs] [Times: user=0.85 sys=0.02, real=0.10 secs] 
40111.180: [GC 40111.180: [ParNew: 1336738K->95371K(1415616K), 0.0797950 secs] 1573255K->331888K(4037056K), 0.0800850 secs] [Times: user=0.95 sys=0.01, real=0.08 secs] 
40296.547: [GC 40296.548: [ParNew: 1353739K->101228K(1415616K), 0.1072920 secs] 1590256K->337746K(4037056K), 0.1076770 secs] [Times: user=1.00 sys=0.01, real=0.10 secs] 
40510.443: [GC 40510.443: [ParNew: 1359582K->107885K(1415616K), 0.2343810 secs] 1596099K->344403K(4037056K), 0.2347210 secs] [Times: user=0.69 sys=0.01, real=0.23 secs] 
40697.797: [GC 40697.797: [ParNew: 1366253K->128688K(1415616K), 0.1186890 secs] 1602771K->365206K(4037056K), 0.1190300 secs] [Times: user=1.44 sys=0.01, real=0.12 secs] 
40709.004: [GC 40709.004: [ParNew: 1386977K->131153K(1415616K), 0.1928660 secs] 1623494K->389386K(4037056K), 0.1931820 secs] [Times: user=1.33 sys=0.02, real=0.20 secs] 
40713.159: [GC 40713.159: [ParNew: 1389521K->126863K(1415616K), 0.1554470 secs] 1647754K->403823K(4037056K), 0.1557760 secs] [Times: user=1.19 sys=0.01, real=0.15 secs] 
40714.845: [GC 40714.846: [ParNew: 1385231K->102803K(1415616K), 0.3192840 secs] 1662191K->431488K(4037056K), 0.3196170 secs] [Times: user=1.26 sys=0.03, real=0.32 secs] 
40716.409: [GC 40716.409: [ParNew: 1361171K->90209K(1415616K), 0.0623830 secs] 1689856K->418894K(4037056K), 0.0626490 secs] [Times: user=0.72 sys=0.00, real=0.06 secs] 
40718.207: [GC 40718.207: [ParNew: 1348577K->110055K(1415616K), 0.0817560 secs] 1677262K->438740K(4037056K), 0.0821280 secs] [Times: user=0.91 sys=0.01, real=0.08 secs] 
40722.898: [GC 40722.898: [ParNew: 1368423K->124717K(1415616K), 0.1092030 secs] 1697108K->465482K(4037056K), 0.1095350 secs] [Times: user=1.00 sys=0.01, real=0.11 secs] 
40726.653: [GC 40726.653: [ParNew: 1383085K->90993K(1415616K), 0.0676810 secs] 1723850K->431758K(4037056K), 0.0680080 secs] [Times: user=0.86 sys=0.00, real=0.07 secs] 
40728.578: [GC 40728.579: [ParNew: 1349361K->122251K(1415616K), 0.0757870 secs] 1690126K->463016K(4037056K), 0.0760900 secs] [Times: user=0.87 sys=0.00, real=0.07 secs] 
40730.596: [GC 40730.596: [ParNew: 1380619K->124349K(1415616K), 0.1159750 secs] 1721384K->474937K(4037056K), 0.1163440 secs] [Times: user=1.09 sys=0.01, real=0.12 secs] 
40734.756: [GC 40734.757: [ParNew: 1382717K->130285K(1415616K), 0.1284470 secs] 1733305K->488625K(4037056K), 0.1292330 secs] [Times: user=1.04 sys=0.01, real=0.13 secs] 
40736.463: [GC 40736.464: [ParNew: 1388653K->126216K(1415616K), 0.1794070 secs] 1746993K->500532K(4037056K), 0.1796640 secs] [Times: user=1.09 sys=0.01, real=0.18 secs] 
40737.674: [GC 40737.674: [ParNew: 1384584K->126574K(1415616K), 0.1920280 secs] 1758900K->521825K(4037056K), 0.1924050 secs] [Times: user=1.04 sys=0.02, real=0.19 secs] 
40738.849: [GC 40738.849: [ParNew: 1384942K->108038K(1415616K), 0.1321000 secs] 1780193K->520460K(4037056K), 0.1323490 secs] [Times: user=0.86 sys=0.02, real=0.13 secs] 
40739.675: [GC 40739.675: [ParNew: 1366406K->148454K(1415616K), 0.0990150 secs] 1778828K->560876K(4037056K), 0.0993240 secs] [Times: user=0.93 sys=0.01, real=0.10 secs] 
40740.449: [GC 40740.449: [ParNew: 1406822K->120479K(1415616K), 0.2549400 secs] 1819244K->571739K(4037056K), 0.2552370 secs] [Times: user=1.13 sys=0.02, real=0.25 secs] 
40741.385: [GC 40741.385: [ParNew: 1378847K->118954K(1415616K), 0.1258480 secs] 1830107K->589288K(4037056K), 0.1261010 secs] [Times: user=0.85 sys=0.02, real=0.13 secs] 
40746.217: [GC 40746.217: [ParNew: 1377322K->98039K(1415616K), 0.1676640 secs] 1847656K->588213K(4037056K), 0.1680210 secs] [Times: user=1.15 sys=0.02, real=0.17 secs] 
40765.114: [GC 40765.114: [ParNew: 1356407K->72160K(1415616K), 0.0616450 secs] 1846581K->562334K(4037056K), 0.0619680 secs] [Times: user=0.50 sys=0.01, real=0.06 secs] 
40768.995: [GC 40768.995: [ParNew: 1330528K->65994K(1415616K), 0.0413550 secs] 1820702K->556168K(4037056K), 0.0416710 secs] [Times: user=0.48 sys=0.00, real=0.04 secs] 
40771.625: [GC 40771.625: [ParNew: 1324362K->68147K(1415616K), 0.0490750 secs] 1814536K->558321K(4037056K), 0.0493770 secs] [Times: user=0.60 sys=0.00, real=0.05 secs] 
40783.802: [GC 40783.803: [ParNew: 1326515K->82456K(1415616K), 0.0799940 secs] 1816689K->572630K(4037056K), 0.0803150 secs] [Times: user=0.57 sys=0.01, real=0.08 secs] 
40794.780: [GC 40794.781: [ParNew: 1340824K->75107K(1415616K), 0.0657460 secs] 1830998K->565281K(4037056K), 0.0660870 secs] [Times: user=0.65 sys=0.00, real=0.07 secs] 
40796.570: [GC 40796.571: [ParNew: 1333475K->88898K(1415616K), 0.0737960 secs] 1823649K->579072K(4037056K), 0.0741180 secs] [Times: user=0.88 sys=0.01, real=0.07 secs] 
40798.581: [GC 40798.581: [ParNew: 1347266K->134673K(1415616K), 0.0870440 secs] 1837440K->624847K(4037056K), 0.0873950 secs] [Times: user=0.98 sys=0.01, real=0.09 secs] 
40799.541: [GC 40799.541: [ParNew: 1393041K->134454K(1415616K), 0.1666280 secs] 1883215K->643769K(4037056K), 0.1669350 secs] [Times: user=1.14 sys=0.01, real=0.17 secs] 
40800.891: [GC 40800.892: [ParNew: 1392822K->143676K(1415616K), 0.1637720 secs] 1902137K->672679K(4037056K), 0.1640590 secs] [Times: user=1.23 sys=0.02, real=0.17 secs] 
40802.520: [GC 40802.520: [ParNew: 1402044K->124888K(1415616K), 0.2236790 secs] 1931047K->686854K(4037056K), 0.2240110 secs] [Times: user=1.25 sys=0.02, real=0.22 secs] 
40803.803: [GC 40803.803: [ParNew: 1383256K->122963K(1415616K), 0.1733080 secs] 1945222K->705072K(4037056K), 0.1736700 secs] [Times: user=1.22 sys=0.05, real=0.18 secs] 
40805.744: [GC 40805.744: [ParNew: 1381331K->114830K(1415616K), 0.2020570 secs] 1963440K->717054K(4037056K), 0.2023950 secs] [Times: user=1.22 sys=0.01, real=0.21 secs] 
40807.020: [GC 40807.020: [ParNew: 1373149K->123498K(1415616K), 0.1806800 secs] 1975373K->745455K(4037056K), 0.1810290 secs] [Times: user=1.12 sys=0.01, real=0.18 secs] 
40807.931: [GC 40807.931: [ParNew: 1381866K->134506K(1415616K), 0.1657630 secs] 2003823K->776641K(4037056K), 0.1660450 secs] [Times: user=1.02 sys=0.01, real=0.17 secs] 
40808.921: [GC 40808.922: [ParNew: 1392874K->124650K(1415616K), 0.1577260 secs] 2035009K->787051K(4037056K), 0.1579930 secs] [Times: user=0.92 sys=0.00, real=0.16 secs] 
40809.758: [GC 40809.759: [ParNew: 1383018K->123670K(1415616K), 0.1419230 secs] 2045419K->804647K(4037056K), 0.1421670 secs] [Times: user=0.88 sys=0.02, real=0.14 secs] 
40811.504: [GC 40811.505: [ParNew: 1382038K->134880K(1415616K), 0.1548940 secs] 2063015K->836949K(4037056K), 0.1551740 secs] [Times: user=0.88 sys=0.01, real=0.16 secs] 
40812.392: [GC 40812.393: [ParNew: 1393248K->129099K(1415616K), 0.1485230 secs] 2095317K->851316K(4037056K), 0.1488000 secs] [Times: user=0.86 sys=0.02, real=0.15 secs] 
40813.226: [GC 40813.226: [ParNew: 1387467K->129686K(1415616K), 0.1429430 secs] 2109684K->870610K(4037056K), 0.1432160 secs] [Times: user=0.98 sys=0.01, real=0.15 secs] 
40814.149: [GC 40814.149: [ParNew: 1388054K->127298K(1415616K), 0.1572580 secs] 2128978K->890337K(4037056K), 0.1575420 secs] [Times: user=1.00 sys=0.01, real=0.16 secs] 
40814.976: [GC 40814.976: [ParNew: 1385666K->125121K(1415616K), 0.1499670 secs] 2148705K->910770K(4037056K), 0.1502330 secs] [Times: user=0.90 sys=0.01, real=0.15 secs] 
40815.738: [GC 40815.739: [ParNew: 1383489K->116841K(1415616K), 0.1479910 secs] 2169138K->923019K(4037056K), 0.1482650 secs] [Times: user=0.92 sys=0.01, real=0.14 secs] 
40816.526: [GC 40816.526: [ParNew: 1375209K->117410K(1415616K), 0.1443300 secs] 2181387K->943815K(4037056K), 0.1446020 secs] [Times: user=0.95 sys=0.01, real=0.15 secs] 
40817.390: [GC 40817.390: [ParNew: 1375778K->106589K(1415616K), 0.1572790 secs] 2202183K->952744K(4037056K), 0.1576320 secs] [Times: user=0.94 sys=0.01, real=0.16 secs] 
40818.334: [GC 40818.335: [ParNew: 1364957K->115102K(1415616K), 0.1618770 secs] 2211112K->982256K(4037056K), 0.1622320 secs] [Times: user=0.93 sys=0.00, real=0.16 secs] 
40819.094: [GC 40819.094: [ParNew: 1373470K->137564K(1415616K), 0.0757130 secs] 2240624K->1004719K(4037056K), 0.0760520 secs] [Times: user=0.92 sys=0.00, real=0.08 secs] 
40819.718: [GC 40819.718: [ParNew: 1395932K->125081K(1415616K), 0.2292380 secs] 2263087K->1034252K(4037056K), 0.2295150 secs] [Times: user=1.16 sys=0.03, real=0.23 secs] 
40820.564: [GC 40820.564: [ParNew: 1383449K->129077K(1415616K), 0.1251010 secs] 2292620K->1056282K(4037056K), 0.1254370 secs] [Times: user=1.01 sys=0.00, real=0.13 secs] 
40821.189: [GC 40821.189: [ParNew: 1387445K->113576K(1415616K), 0.1090920 secs] 2314650K->1056100K(4037056K), 0.1093360 secs] [Times: user=0.94 sys=0.01, real=0.11 secs] 
40828.158: [GC 40828.158: [ParNew: 1371944K->85433K(1415616K), 0.1737190 secs] 2314468K->1051085K(4037056K), 0.1740570 secs] [Times: user=1.02 sys=0.02, real=0.17 secs] 
40831.265: [GC 40831.265: [ParNew: 1343801K->68741K(1415616K), 0.0425740 secs] 2309453K->1034392K(4037056K), 0.0429200 secs] [Times: user=0.48 sys=0.01, real=0.04 secs] 
40843.168: [GC 40843.168: [ParNew: 1327109K->56876K(1415616K), 0.0362900 secs] 2292760K->1022527K(4037056K), 0.0366330 secs] [Times: user=0.45 sys=0.01, real=0.04 secs] 
40865.041: [GC 40865.041: [ParNew: 1315244K->42857K(1415616K), 0.0295540 secs] 2280895K->1008508K(4037056K), 0.0298790 secs] [Times: user=0.37 sys=0.00, real=0.03 secs] 
40882.925: [GC 40882.925: [ParNew: 1301225K->46101K(1415616K), 0.0298760 secs] 2266876K->1011752K(4037056K), 0.0301940 secs] [Times: user=0.38 sys=0.00, real=0.04 secs] 
40888.987: [GC 40888.987: [ParNew: 1304469K->46371K(1415616K), 0.0265840 secs] 2270120K->1012022K(4037056K), 0.0268900 secs] [Times: user=0.39 sys=0.01, real=0.02 secs] 
40892.894: [GC 40892.894: [ParNew: 1304739K->48564K(1415616K), 0.0534210 secs] 2270390K->1014215K(4037056K), 0.0537290 secs] [Times: user=0.46 sys=0.01, real=0.06 secs] 
40908.466: [GC 40908.466: [ParNew: 1306932K->56625K(1415616K), 0.0427290 secs] 2272583K->1022276K(4037056K), 0.0430070 secs] [Times: user=0.43 sys=0.02, real=0.05 secs] 
40930.005: [GC 40930.006: [ParNew: 1314993K->44944K(1415616K), 0.1485270 secs] 2280644K->1010596K(4037056K), 0.1488480 secs] [Times: user=0.44 sys=0.02, real=0.15 secs] 
40946.981: [GC 40946.981: [ParNew: 1303312K->47214K(1415616K), 0.0653120 secs] 2268964K->1012866K(4037056K), 0.0656560 secs] [Times: user=0.43 sys=0.01, real=0.07 secs] 
40950.863: [GC 40950.863: [ParNew: 1305582K->54356K(1415616K), 0.0584910 secs] 2271234K->1020008K(4037056K), 0.0590200 secs] [Times: user=0.48 sys=0.01, real=0.05 secs] 
40961.154: [GC 40961.154: [ParNew: 1312724K->63124K(1415616K), 0.0442390 secs] 2278376K->1028775K(4037056K), 0.0445790 secs] [Times: user=0.49 sys=0.01, real=0.05 secs] 
40983.154: [GC 40983.154: [ParNew: 1321492K->60027K(1415616K), 0.0448440 secs] 2287143K->1025678K(4037056K), 0.0451520 secs] [Times: user=0.45 sys=0.00, real=0.05 secs] 
40998.969: [GC 40998.969: [ParNew: 1318395K->74805K(1415616K), 0.0513140 secs] 2284046K->1040457K(4037056K), 0.0516290 secs] [Times: user=0.62 sys=0.01, real=0.05 secs] 
41008.120: [GC 41008.120: [ParNew: 1333173K->74173K(1415616K), 0.0836000 secs] 2298825K->1039824K(4037056K), 0.0839160 secs] [Times: user=0.59 sys=0.02, real=0.08 secs] 
41011.105: [GC 41011.106: [ParNew: 1332541K->79877K(1415616K), 0.0700440 secs] 2298192K->1045528K(4037056K), 0.0703530 secs] [Times: user=0.69 sys=0.01, real=0.07 secs] 
41018.905: [GC 41018.906: [ParNew: 1338245K->98487K(1415616K), 0.0705600 secs] 2303896K->1064138K(4037056K), 0.0708670 secs] [Times: user=0.79 sys=0.01, real=0.07 secs] 
41030.546: [GC 41030.547: [ParNew: 1356855K->114939K(1415616K), 0.0772080 secs] 2322506K->1080591K(4037056K), 0.0775520 secs] [Times: user=0.73 sys=0.01, real=0.08 secs] 
41042.883: [GC 41042.883: [ParNew: 1373307K->90575K(1415616K), 0.0719980 secs] 2338959K->1056226K(4037056K), 0.0723060 secs] [Times: user=0.76 sys=0.00, real=0.08 secs] 
41053.956: [GC 41053.957: [ParNew: 1348943K->107201K(1415616K), 0.0678590 secs] 2314594K->1072852K(4037056K), 0.0682060 secs] [Times: user=0.84 sys=0.00, real=0.07 secs] 
41064.982: [GC 41064.982: [ParNew: 1365569K->108551K(1415616K), 0.0666140 secs] 2331220K->1074202K(4037056K), 0.0669370 secs] [Times: user=0.75 sys=0.01, real=0.07 secs] 
41068.543: [GC 41068.543: [ParNew: 1366919K->117316K(1415616K), 0.0659690 secs] 2332570K->1082967K(4037056K), 0.0662480 secs] [Times: user=0.79 sys=0.00, real=0.07 secs] 
41071.068: [GC 41071.068: [ParNew: 1375684K->129374K(1415616K), 0.0843650 secs] 2341335K->1095025K(4037056K), 0.0847250 secs] [Times: user=0.95 sys=0.02, real=0.08 secs] 
41076.749: [GC 41076.749: [ParNew: 1387742K->96699K(1415616K), 0.1690150 secs] 2353393K->1090057K(4037056K), 0.1693620 secs] [Times: user=1.08 sys=0.02, real=0.17 secs] 
41088.745: [GC 41088.745: [ParNew: 1355067K->81210K(1415616K), 0.0613730 secs] 2348425K->1074568K(4037056K), 0.0617200 secs] [Times: user=0.61 sys=0.01, real=0.06 secs] 
41109.002: [GC 41109.002: [ParNew: 1339578K->82248K(1415616K), 0.0518680 secs] 2332936K->1075606K(4037056K), 0.0521850 secs] [Times: user=0.56 sys=0.00, real=0.05 secs] 
41125.647: [GC 41125.647: [ParNew: 1340616K->64042K(1415616K), 0.0503140 secs] 2333974K->1057399K(4037056K), 0.0506440 secs] [Times: user=0.63 sys=0.01, real=0.05 secs] 
41129.947: [GC 41129.947: [ParNew: 1322410K->78888K(1415616K), 0.1821870 secs] 2315767K->1072246K(4037056K), 0.1825580 secs] [Times: user=0.70 sys=0.04, real=0.18 secs] 
41137.378: [GC 41137.378: [ParNew: 1337256K->90392K(1415616K), 0.0662160 secs] 2330614K->1083749K(4037056K), 0.0665230 secs] [Times: user=0.71 sys=0.00, real=0.07 secs] 
41152.552: [GC 41152.552: [ParNew: 1348760K->105889K(1415616K), 0.0654430 secs] 2342117K->1099247K(4037056K), 0.0657620 secs] [Times: user=0.76 sys=0.01, real=0.07 secs] 
41167.973: [GC 41167.974: [ParNew: 1364257K->84872K(1415616K), 0.0629860 secs] 2357615K->1078230K(4037056K), 0.0633180 secs] [Times: user=0.80 sys=0.01, real=0.06 secs] 
41180.548: [GC 41180.548: [ParNew: 1343240K->115692K(1415616K), 0.0691550 secs] 2336598K->1109049K(4037056K), 0.0694860 secs] [Times: user=0.83 sys=0.01, real=0.07 secs] 
41188.157: [GC 41188.157: [ParNew: 1374060K->112288K(1415616K), 0.0836200 secs] 2367417K->1105645K(4037056K), 0.0839590 secs] [Times: user=0.91 sys=0.01, real=0.09 secs] 
41191.241: [GC 41191.241: [ParNew: 1370656K->122169K(1415616K), 0.0954670 secs] 2364013K->1115527K(4037056K), 0.0958240 secs] [Times: user=0.91 sys=0.02, real=0.10 secs] 
41198.765: [GC 41198.765: [ParNew: 1380537K->103686K(1415616K), 0.2283100 secs] 2373895K->1130152K(4037056K), 0.2286420 secs] [Times: user=1.18 sys=0.03, real=0.23 secs] 
41219.968: [GC 41219.969: [ParNew: 1362054K->81018K(1415616K), 0.0510210 secs] 2388520K->1107484K(4037056K), 0.0513630 secs] [Times: user=0.60 sys=0.00, real=0.05 secs] 
41238.566: [GC 41238.567: [ParNew: 1339386K->99435K(1415616K), 0.0603460 secs] 2365852K->1125902K(4037056K), 0.0607110 secs] [Times: user=0.78 sys=0.01, real=0.06 secs] 
41248.190: [GC 41248.190: [ParNew: 1357803K->83806K(1415616K), 0.0910160 secs] 2384270K->1110272K(4037056K), 0.0913770 secs] [Times: user=0.76 sys=0.01, real=0.09 secs] 
41251.193: [GC 41251.194: [ParNew: 1342174K->114010K(1415616K), 0.0730640 secs] 2368640K->1140476K(4037056K), 0.0734140 secs] [Times: user=0.86 sys=0.00, real=0.07 secs] 
41259.764: [GC 41259.764: [ParNew: 1372378K->124011K(1415616K), 0.0866120 secs] 2398844K->1150477K(4037056K), 0.0869750 secs] [Times: user=0.90 sys=0.01, real=0.09 secs] 
41270.756: [GC 41270.756: [ParNew: 1382379K->98010K(1415616K), 0.1125120 secs] 2408845K->1136070K(4037056K), 0.1128660 secs] [Times: user=0.92 sys=0.00, real=0.11 secs] 
41282.058: [GC 41282.059: [ParNew: 1356378K->103164K(1415616K), 0.1249180 secs] 2394438K->1141224K(4037056K), 0.1252640 secs] [Times: user=0.84 sys=0.03, real=0.13 secs] 
41291.032: [GC 41291.033: [ParNew: 1361532K->133808K(1415616K), 0.0935710 secs] 2399592K->1171868K(4037056K), 0.0938030 secs] [Times: user=0.67 sys=0.01, real=0.09 secs] 
41305.881: [GC 41305.881: [ParNew: 1392176K->108983K(1415616K), 0.0888310 secs] 2430236K->1152985K(4037056K), 0.0891700 secs] [Times: user=0.92 sys=0.01, real=0.09 secs] 
41310.151: [GC 41310.151: [ParNew: 1367351K->118278K(1415616K), 0.2040580 secs] 2411353K->1162280K(4037056K), 0.2044140 secs] [Times: user=0.64 sys=0.01, real=0.21 secs] 
41314.821: [GC 41314.821: [ParNew: 1376646K->137950K(1415616K), 0.0873540 secs] 2420648K->1181952K(4037056K), 0.0876710 secs] [Times: user=0.99 sys=0.02, real=0.09 secs] 
41324.823: [GC 41324.823: [ParNew: 1396318K->108405K(1415616K), 0.1248740 secs] 2440320K->1165848K(4037056K), 0.1252080 secs] [Times: user=0.92 sys=0.01, real=0.13 secs] 
41336.154: [GC 41336.155: [ParNew: 1366773K->138704K(1415616K), 0.0720510 secs] 2424216K->1196148K(4037056K), 0.0723580 secs] [Times: user=0.94 sys=0.01, real=0.07 secs] 
41345.403: [GC 41345.403: [ParNew: 1397072K->97607K(1415616K), 0.1099290 secs] 2454516K->1160590K(4037056K), 0.1102550 secs] [Times: user=0.95 sys=0.01, real=0.11 secs] 
41351.982: [GC 41351.982: [ParNew: 1355975K->130151K(1415616K), 0.1156030 secs] 2418958K->1193135K(4037056K), 0.1158720 secs] [Times: user=0.91 sys=0.00, real=0.11 secs] 
41359.353: [GC 41359.354: [ParNew: 1388519K->122347K(1415616K), 0.1795820 secs] 2451503K->1200799K(4037056K), 0.1799030 secs] [Times: user=1.15 sys=0.00, real=0.18 secs] 
41365.345: [GC 41365.345: [ParNew: 1380715K->129733K(1415616K), 0.0947250 secs] 2459167K->1212352K(4037056K), 0.0950700 secs] [Times: user=0.93 sys=0.01, real=0.09 secs] 
41368.564: [GC 41368.565: [ParNew: 1388101K->110908K(1415616K), 0.0953570 secs] 2470720K->1197736K(4037056K), 0.0957000 secs] [Times: user=0.94 sys=0.01, real=0.09 secs] 
41371.067: [GC 41371.067: [ParNew: 1369276K->118925K(1415616K), 0.0782990 secs] 2456104K->1210670K(4037056K), 0.0785690 secs] [Times: user=0.81 sys=0.00, real=0.08 secs] 
41376.187: [GC 41376.187: [ParNew: 1377293K->140649K(1415616K), 0.0858680 secs] 2469038K->1237670K(4037056K), 0.0861860 secs] [Times: user=1.01 sys=0.00, real=0.09 secs] 
41383.769: [GC 41383.770: [ParNew: 1399017K->97090K(1415616K), 0.0882150 secs] 2496038K->1199407K(4037056K), 0.0885670 secs] [Times: user=0.96 sys=0.01, real=0.09 secs] 
41390.367: [GC 41390.367: [ParNew: 1355458K->122106K(1415616K), 0.0939750 secs] 2457775K->1224423K(4037056K), 0.0943320 secs] [Times: user=1.03 sys=0.02, real=0.09 secs] 
41396.169: [GC 41396.169: [ParNew: 1380474K->129047K(1415616K), 0.1246280 secs] 2482791K->1243285K(4037056K), 0.1250150 secs] [Times: user=1.16 sys=0.01, real=0.12 secs] 
41403.174: [GC 41403.174: [ParNew: 1387415K->118506K(1415616K), 0.1322460 secs] 2501653K->1246392K(4037056K), 0.1325820 secs] [Times: user=1.14 sys=0.01, real=0.14 secs] 
41410.026: [GC 41410.026: [ParNew: 1376874K->138986K(1415616K), 0.3273310 secs] 2504760K->1272423K(4037056K), 0.3276570 secs] [Times: user=0.85 sys=0.02, real=0.33 secs] 
41425.833: [GC 41425.833: [ParNew: 1397354K->86780K(1415616K), 0.0970190 secs] 2530791K->1226593K(4037056K), 0.0973590 secs] [Times: user=0.79 sys=0.01, real=0.10 secs] 
41430.706: [GC 41430.706: [ParNew: 1345148K->99134K(1415616K), 0.0641590 secs] 2484961K->1238947K(4037056K), 0.0644760 secs] [Times: user=0.76 sys=0.01, real=0.07 secs] 
41443.951: [GC 41443.952: [ParNew: 1357502K->102857K(1415616K), 0.0661000 secs] 2497315K->1242670K(4037056K), 0.0664350 secs] [Times: user=0.76 sys=0.01, real=0.06 secs] 
41457.558: [GC 41457.558: [ParNew: 1361225K->115079K(1415616K), 0.0664160 secs] 2501038K->1254892K(4037056K), 0.0667210 secs] [Times: user=0.81 sys=0.01, real=0.07 secs] 
41467.974: [GC 41467.974: [ParNew: 1373447K->127847K(1415616K), 0.0741460 secs] 2513260K->1267660K(4037056K), 0.0744870 secs] [Times: user=0.93 sys=0.01, real=0.07 secs] 
41473.745: [GC 41473.745: [ParNew: 1386215K->140855K(1415616K), 0.1097660 secs] 2526028K->1286727K(4037056K), 0.1100920 secs] [Times: user=1.16 sys=0.01, real=0.11 secs] 
41479.602: [GC 41479.602: [ParNew: 1399223K->133195K(1415616K), 0.1277930 secs] 2545095K->1293595K(4037056K), 0.1281290 secs] [Times: user=1.26 sys=0.01, real=0.13 secs] 
41484.204: [GC 41484.204: [ParNew: 1391563K->123252K(1415616K), 0.1459850 secs] 2551963K->1300843K(4037056K), 0.1463190 secs] [Times: user=1.12 sys=0.00, real=0.15 secs] 
41487.220: [GC 41487.220: [ParNew: 1381620K->138377K(1415616K), 0.0841140 secs] 2559211K->1315969K(4037056K), 0.0844360 secs] [Times: user=0.98 sys=0.01, real=0.08 secs] 
41490.108: [GC 41490.108: [ParNew: 1396745K->128329K(1415616K), 0.3373360 secs] 2574337K->1314782K(4037056K), 0.3376930 secs] [Times: user=0.95 sys=0.03, real=0.34 secs] 
41491.953: [GC 41491.953: [ParNew: 1386697K->130550K(1415616K), 0.1288810 secs] 2573150K->1323826K(4037056K), 0.1292180 secs] [Times: user=1.13 sys=0.01, real=0.13 secs] 
41495.166: [GC 41495.166: [ParNew: 1388918K->136271K(1415616K), 0.1172670 secs] 2582194K->1339778K(4037056K), 0.1176220 secs] [Times: user=1.17 sys=0.01, real=0.12 secs] 
41497.785: [GC 41497.785: [ParNew: 1394639K->132255K(1415616K), 0.1429350 secs] 2598146K->1347629K(4037056K), 0.1432790 secs] [Times: user=1.23 sys=0.02, real=0.15 secs] 
41501.196: [GC 41501.197: [ParNew: 1390623K->105129K(1415616K), 0.1218620 secs] 2605997K->1335726K(4037056K), 0.1222050 secs] [Times: user=1.09 sys=0.02, real=0.13 secs] 
41504.599: [GC 41504.600: [ParNew: 1363497K->137746K(1415616K), 0.0762700 secs] 2594094K->1368343K(4037056K), 0.0766560 secs] [Times: user=0.95 sys=0.01, real=0.07 secs] 
41506.973: [GC 41506.974: [ParNew: 1396114K->106638K(1415616K), 0.1025970 secs] 2626711K->1343057K(4037056K), 0.1029820 secs] [Times: user=1.05 sys=0.00, real=0.10 secs] 
41510.636: [GC 41510.637: [ParNew: 1365006K->128279K(1415616K), 0.0922560 secs] 2601425K->1370358K(4037056K), 0.0926380 secs] [Times: user=1.06 sys=0.00, real=0.10 secs] 
41512.781: [GC 41512.781: [ParNew: 1386647K->144612K(1415616K), 0.0950850 secs] 2628726K->1391209K(4037056K), 0.0954480 secs] [Times: user=1.08 sys=0.02, real=0.09 secs] 
41515.360: [GC 41515.360: [ParNew: 1400020K->128572K(1415616K), 0.1173650 secs] 2646616K->1389324K(4037056K), 0.1177290 secs] [Times: user=1.14 sys=0.00, real=0.11 secs] 
41518.011: [GC 41518.012: [ParNew: 1386940K->129586K(1415616K), 0.0925100 secs] 2647692K->1397278K(4037056K), 0.0928640 secs] [Times: user=1.07 sys=0.00, real=0.09 secs] 
41521.544: [GC 41521.545: [ParNew: 1387954K->140185K(1415616K), 0.0979360 secs] 2655646K->1415570K(4037056K), 0.0983010 secs] [Times: user=1.11 sys=0.02, real=0.10 secs] 
41539.154: [GC 41539.154: [ParNew: 1398553K->74880K(1415616K), 0.0713920 secs] 2673938K->1357707K(4037056K), 0.0717720 secs] [Times: user=0.72 sys=0.00, real=0.07 secs] 
41550.067: [GC 41550.068: [ParNew: 1333248K->80557K(1415616K), 0.3240550 secs] 2616075K->1363383K(4037056K), 0.3244640 secs] [Times: user=0.56 sys=0.04, real=0.33 secs] 
41560.083: [GC 41560.083: [ParNew: 1338925K->67438K(1415616K), 0.0753220 secs] 2621751K->1350265K(4037056K), 0.0755700 secs] [Times: user=0.63 sys=0.01, real=0.08 secs] 
41580.484: [GC 41580.484: [ParNew: 1325806K->77281K(1415616K), 0.0569130 secs] 2608633K->1360107K(4037056K), 0.0572600 secs] [Times: user=0.56 sys=0.01, real=0.06 secs] 
41601.917: [GC 41601.917: [ParNew: 1335649K->68510K(1415616K), 0.0483550 secs] 2618475K->1351337K(4037056K), 0.0486790 secs] [Times: user=0.55 sys=0.01, real=0.05 secs] 
41609.476: [GC 41609.476: [ParNew: 1326878K->71115K(1415616K), 0.0507990 secs] 2609705K->1353941K(4037056K), 0.0511300 secs] [Times: user=0.54 sys=0.00, real=0.05 secs] 
41615.065: [GC 41615.065: [ParNew: 1329483K->91281K(1415616K), 0.0525460 secs] 2612309K->1374108K(4037056K), 0.0528570 secs] [Times: user=0.68 sys=0.00, real=0.05 secs] 
41628.504: [GC 41628.504: [ParNew: 1349649K->84993K(1415616K), 0.0660100 secs] 2632476K->1367820K(4037056K), 0.0662920 secs] [Times: user=0.64 sys=0.00, real=0.06 secs] 
41648.463: [GC 41648.464: [ParNew: 1343361K->89838K(1415616K), 0.0690110 secs] 2626188K->1372665K(4037056K), 0.0693570 secs] [Times: user=0.66 sys=0.01, real=0.07 secs] 
41666.242: [GC 41666.242: [ParNew: 1348206K->85481K(1415616K), 0.0634900 secs] 2631033K->1368308K(4037056K), 0.0638530 secs] [Times: user=0.72 sys=0.01, real=0.06 secs] 
41670.477: [GC 41670.477: [ParNew: 1343849K->91841K(1415616K), 0.1151130 secs] 2626676K->1374668K(4037056K), 0.1154140 secs] [Times: user=0.58 sys=0.02, real=0.11 secs] 
41679.899: [GC 41679.900: [ParNew: 1350209K->101059K(1415616K), 0.0862850 secs] 2633036K->1383886K(4037056K), 0.0865900 secs] [Times: user=0.83 sys=0.01, real=0.08 secs] 
41698.927: [GC 41698.927: [ParNew: 1359427K->103385K(1415616K), 0.0771530 secs] 2642254K->1386211K(4037056K), 0.0774640 secs] [Times: user=0.75 sys=0.04, real=0.08 secs] 
41721.137: [GC 41721.137: [ParNew: 1361753K->80833K(1415616K), 0.0702730 secs] 2644579K->1363660K(4037056K), 0.0706410 secs] [Times: user=0.74 sys=0.00, real=0.07 secs] 
41729.876: [GC 41729.876: [ParNew: 1339201K->96410K(1415616K), 0.0968190 secs] 2622028K->1379236K(4037056K), 0.0971900 secs] [Times: user=0.80 sys=0.01, real=0.10 secs] 
41737.621: [GC 41737.622: [ParNew: 1354778K->110883K(1415616K), 0.0722410 secs] 2637604K->1393710K(4037056K), 0.0725470 secs] [Times: user=0.86 sys=0.02, real=0.07 secs] 
41755.472: [GC 41755.472: [ParNew: 1369251K->103563K(1415616K), 0.0628570 secs] 2652078K->1386390K(4037056K), 0.0631830 secs] [Times: user=0.82 sys=0.01, real=0.06 secs] 
41779.063: [GC 41779.063: [ParNew: 1361931K->105538K(1415616K), 0.0850720 secs] 2644758K->1388364K(4037056K), 0.0854050 secs] [Times: user=0.83 sys=0.00, real=0.08 secs] 
41790.072: [GC 41790.073: [ParNew: 1363906K->124963K(1415616K), 0.2426510 secs] 2646732K->1407790K(4037056K), 0.2429590 secs] [Times: user=0.71 sys=0.02, real=0.24 secs] 
41797.640: [GC 41797.640: [ParNew: 1383331K->102313K(1415616K), 0.0818300 secs] 2666158K->1385139K(4037056K), 0.0821420 secs] [Times: user=0.90 sys=0.01, real=0.09 secs] 
41813.059: [GC 41813.059: [ParNew: 1360681K->70729K(1415616K), 0.2622260 secs] 2643507K->1397565K(4037056K), 0.2625530 secs] [Times: user=1.00 sys=0.02, real=0.26 secs] 
41833.253: [GC 41833.254: [ParNew: 1329097K->61270K(1415616K), 0.0535160 secs] 2655933K->1388106K(4037056K), 0.0537970 secs] [Times: user=0.63 sys=0.02, real=0.06 secs] 
41848.000: [GC 41848.001: [ParNew: 1319638K->65327K(1415616K), 0.0600100 secs] 2646474K->1392163K(4037056K), 0.0603040 secs] [Times: user=0.53 sys=0.01, real=0.06 secs] 
41850.997: [GC 41850.997: [ParNew: 1323695K->80174K(1415616K), 0.0595800 secs] 2650531K->1407010K(4037056K), 0.0598380 secs] [Times: user=0.52 sys=0.01, real=0.06 secs] 
41865.483: [GC 41865.483: [ParNew: 1338542K->72915K(1415616K), 0.0537030 secs] 2665378K->1399751K(4037056K), 0.0540500 secs] [Times: user=0.50 sys=0.01, real=0.05 secs] 
41885.047: [GC 41885.048: [ParNew: 1331283K->61494K(1415616K), 0.0533640 secs] 2658119K->1388330K(4037056K), 0.0536680 secs] [Times: user=0.54 sys=0.01, real=0.06 secs] 
41906.400: [GC 41906.400: [ParNew: 1319862K->63455K(1415616K), 0.0437200 secs] 2646698K->1390291K(4037056K), 0.0440040 secs] [Times: user=0.54 sys=0.00, real=0.05 secs] 
41910.645: [GC 41910.645: [ParNew: 1321823K->69607K(1415616K), 0.0805530 secs] 2648659K->1396442K(4037056K), 0.0808100 secs] [Times: user=0.48 sys=0.00, real=0.08 secs] 
41920.982: [GC 41920.982: [ParNew: 1327975K->80761K(1415616K), 0.0535750 secs] 2654810K->1407597K(4037056K), 0.0538490 secs] [Times: user=0.57 sys=0.00, real=0.05 secs] 
41942.938: [GC 41942.938: [ParNew: 1339129K->61497K(1415616K), 0.0569170 secs] 2665965K->1388333K(4037056K), 0.0572680 secs] [Times: user=0.61 sys=0.01, real=0.06 secs] 
41965.362: [GC 41965.362: [ParNew: 1319865K->68039K(1415616K), 0.0532580 secs] 2646701K->1394875K(4037056K), 0.0536150 secs] [Times: user=0.54 sys=0.00, real=0.05 secs] 
41970.359: [GC 41970.359: [ParNew: 1326407K->66338K(1415616K), 0.1388070 secs] 2653243K->1393174K(4037056K), 0.1390700 secs] [Times: user=0.45 sys=0.03, real=0.14 secs] 
41979.874: [GC 41979.874: [ParNew: 1324706K->92184K(1415616K), 0.0754870 secs] 2651542K->1419019K(4037056K), 0.0758010 secs] [Times: user=0.68 sys=0.02, real=0.07 secs] 
41998.686: [GC 41998.687: [ParNew: 1350552K->90124K(1415616K), 0.0617600 secs] 2677387K->1416960K(4037056K), 0.0621160 secs] [Times: user=0.67 sys=0.02, real=0.06 secs] 
42024.447: [GC 42024.447: [ParNew: 1348492K->64636K(1415616K), 0.0474190 secs] 2675328K->1391472K(4037056K), 0.0477930 secs] [Times: user=0.62 sys=0.01, real=0.04 secs] 
42030.556: [GC 42030.556: [ParNew: 1323004K->73011K(1415616K), 0.1213090 secs] 2649840K->1399847K(4037056K), 0.1217140 secs] [Times: user=0.53 sys=0.02, real=0.13 secs] 
42040.824: [GC 42040.825: [ParNew: 1331379K->95936K(1415616K), 0.0749690 secs] 2658215K->1422772K(4037056K), 0.0753870 secs] [Times: user=0.64 sys=0.00, real=0.08 secs] 
42060.273: [GC 42060.273: [ParNew: 1354304K->66807K(1415616K), 0.0576100 secs] 2681140K->1393642K(4037056K), 0.0579160 secs] [Times: user=0.66 sys=0.01, real=0.05 secs] 
42086.049: [GC 42086.050: [ParNew: 1325175K->88600K(1415616K), 0.0569340 secs] 2652010K->1415436K(4037056K), 0.0573130 secs] [Times: user=0.64 sys=0.01, real=0.06 secs] 
42090.374: [GC 42090.374: [ParNew: 1346968K->77601K(1415616K), 0.1324390 secs] 2673804K->1404437K(4037056K), 0.1327940 secs] [Times: user=0.52 sys=0.01, real=0.14 secs] 
42101.420: [GC 42101.421: [ParNew: 1335969K->81425K(1415616K), 0.0741410 secs] 2662805K->1408261K(4037056K), 0.0744540 secs] [Times: user=0.67 sys=0.00, real=0.07 secs] 
42123.122: [GC 42123.122: [ParNew: 1339793K->84203K(1415616K), 0.0636320 secs] 2666629K->1411039K(4037056K), 0.0639760 secs] [Times: user=0.64 sys=0.01, real=0.06 secs] 
42146.090: [GC 42146.090: [ParNew: 1342571K->83793K(1415616K), 0.0511520 secs] 2669407K->1410629K(4037056K), 0.0515000 secs] [Times: user=0.64 sys=0.00, real=0.06 secs] 
42150.563: [GC 42150.564: [ParNew: 1342161K->67854K(1415616K), 0.1107050 secs] 2668997K->1394690K(4037056K), 0.1109830 secs] [Times: user=0.50 sys=0.03, real=0.11 secs] 
42160.392: [GC 42160.393: [ParNew: 1326222K->91645K(1415616K), 0.0734410 secs] 2653058K->1418481K(4037056K), 0.0737810 secs] [Times: user=0.73 sys=0.01, real=0.08 secs] 
42179.128: [GC 42179.128: [ParNew: 1350013K->68155K(1415616K), 0.0549230 secs] 2676849K->1394991K(4037056K), 0.0552260 secs] [Times: user=0.63 sys=0.01, real=0.05 secs] 
42205.770: [GC 42205.770: [ParNew: 1326523K->77214K(1415616K), 0.0615440 secs] 2653359K->1404050K(4037056K), 0.0618770 secs] [Times: user=0.66 sys=0.02, real=0.06 secs] 
42210.666: [GC 42210.666: [ParNew: 1335582K->95503K(1415616K), 0.0458770 secs] 2662418K->1422339K(4037056K), 0.0461070 secs] [Times: user=0.56 sys=0.01, real=0.05 secs] 
42225.072: [GC 42225.073: [ParNew: 1353871K->110695K(1415616K), 0.0714960 secs] 2680707K->1437531K(4037056K), 0.0718380 secs] [Times: user=0.77 sys=0.01, real=0.07 secs] 
42247.776: [GC 42247.776: [ParNew: 1369063K->70937K(1415616K), 0.0604000 secs] 2695899K->1397773K(4037056K), 0.0607270 secs] [Times: user=0.66 sys=0.02, real=0.06 secs] 
42267.142: [GC 42267.142: [ParNew: 1329305K->70580K(1415616K), 0.0823540 secs] 2656141K->1397416K(4037056K), 0.0829580 secs] [Times: user=0.66 sys=0.01, real=0.09 secs] 
42270.669: [GC 42270.669: [ParNew: 1328948K->95277K(1415616K), 0.0799340 secs] 2655784K->1422113K(4037056K), 0.0802590 secs] [Times: user=0.52 sys=0.01, real=0.08 secs] 
42282.163: [GC 42282.164: [ParNew: 1353645K->90570K(1415616K), 0.0581450 secs] 2680481K->1417406K(4037056K), 0.0584820 secs] [Times: user=0.67 sys=0.02, real=0.06 secs] 
42300.113: [GC 42300.113: [ParNew: 1348938K->68907K(1415616K), 0.0566650 secs] 2675774K->1395743K(4037056K), 0.0569800 secs] [Times: user=0.68 sys=0.02, real=0.06 secs] 
42325.936: [GC 42325.936: [ParNew: 1327275K->82067K(1415616K), 0.0694910 secs] 2654111K->1408903K(4037056K), 0.0698030 secs] [Times: user=0.64 sys=0.01, real=0.07 secs] 
42330.363: [GC 42330.363: [ParNew: 1340435K->89886K(1415616K), 0.0845820 secs] 2667271K->1416722K(4037056K), 0.0848910 secs] [Times: user=0.50 sys=0.01, real=0.09 secs] 
42341.343: [GC 42341.343: [ParNew: 1348254K->73395K(1415616K), 0.0708230 secs] 2675090K->1400231K(4037056K), 0.0711530 secs] [Times: user=0.69 sys=0.01, real=0.08 secs] 
42365.814: [GC 42365.814: [ParNew: 1331763K->90061K(1415616K), 0.0553230 secs] 2658599K->1416896K(4037056K), 0.0556570 secs] [Times: user=0.68 sys=0.02, real=0.06 secs] 
42386.345: [GC 42386.346: [ParNew: 1348429K->73628K(1415616K), 0.0725480 secs] 2675264K->1400464K(4037056K), 0.0729410 secs] [Times: user=0.67 sys=0.01, real=0.07 secs] 
42390.193: [GC 42390.193: [ParNew: 1331996K->73840K(1415616K), 0.1810630 secs] 2658832K->1400676K(4037056K), 0.1813490 secs] [Times: user=0.52 sys=0.03, real=0.18 secs] 
42399.529: [GC 42399.529: [ParNew: 1332208K->96239K(1415616K), 0.0769460 secs] 2659044K->1423075K(4037056K), 0.0772550 secs] [Times: user=0.76 sys=0.02, real=0.08 secs] 
42417.883: [GC 42417.883: [ParNew: 1354607K->98952K(1415616K), 0.0780630 secs] 2681443K->1425788K(4037056K), 0.0783920 secs] [Times: user=0.71 sys=0.01, real=0.07 secs] 
42440.318: [GC 42440.318: [ParNew: 1357320K->67097K(1415616K), 0.0694430 secs] 2684156K->1393932K(4037056K), 0.0697640 secs] [Times: user=0.68 sys=0.01, real=0.07 secs] 
42450.241: [GC 42450.242: [ParNew: 1325465K->71268K(1415616K), 0.2096320 secs] 2652300K->1398104K(4037056K), 0.2100880 secs] [Times: user=0.62 sys=0.03, real=0.21 secs] 
42480.946: [GC 42480.946: [ParNew: 1329636K->91017K(1415616K), 0.0771830 secs] 2656472K->1417853K(4037056K), 0.0774820 secs] [Times: user=0.69 sys=0.01, real=0.08 secs] 
42689.929: [GC 42689.930: [ParNew: 1349385K->81437K(1415616K), 0.2814820 secs] 2676221K->1408273K(4037056K), 0.2818780 secs] [Times: user=0.74 sys=0.02, real=0.28 secs] 
42872.955: [GC 42872.956: [ParNew: 1339805K->88440K(1415616K), 0.0854700 secs] 2666641K->1415276K(4037056K), 0.0858050 secs] [Times: user=0.90 sys=0.00, real=0.09 secs] 
43114.821: [GC 43114.821: [ParNew: 1346808K->106815K(1415616K), 0.0908450 secs] 2673644K->1433651K(4037056K), 0.0912360 secs] [Times: user=0.93 sys=0.02, real=0.09 secs] 
43313.354: [GC 43313.354: [ParNew: 1365183K->107510K(1415616K), 0.0706950 secs] 2692019K->1434346K(4037056K), 0.0710410 secs] [Times: user=0.77 sys=0.01, real=0.07 secs] 
43512.826: [GC 43512.826: [ParNew: 1365878K->82452K(1415616K), 0.0736560 secs] 2692714K->1409288K(4037056K), 0.0739880 secs] [Times: user=0.96 sys=0.02, real=0.07 secs] 
43690.182: [GC 43690.183: [ParNew: 1340820K->95183K(1415616K), 0.2347130 secs] 2667656K->1422019K(4037056K), 0.2350590 secs] [Times: user=0.65 sys=0.03, real=0.23 secs] 
43947.348: [GC 43947.349: [ParNew: 1353551K->96515K(1415616K), 0.1055020 secs] 2680387K->1423351K(4037056K), 0.1059080 secs] [Times: user=0.94 sys=0.01, real=0.11 secs] 
44169.907: [GC 44169.907: [ParNew: 1354883K->102232K(1415616K), 0.2759860 secs] 2681719K->1429068K(4037056K), 0.2763630 secs] [Times: user=0.86 sys=0.03, real=0.27 secs] 
44361.263: [GC 44361.263: [ParNew: 1360600K->103920K(1415616K), 0.1014360 secs] 2687436K->1430756K(4037056K), 0.1018150 secs] [Times: user=0.79 sys=0.00, real=0.10 secs] 
44563.653: [GC 44563.653: [ParNew: 1362288K->76465K(1415616K), 0.0707080 secs] 2689124K->1403301K(4037056K), 0.0710370 secs] [Times: user=0.85 sys=0.01, real=0.07 secs] 
44790.183: [GC 44790.183: [ParNew: 1334833K->112409K(1415616K), 0.2736290 secs] 2661669K->1439245K(4037056K), 0.2740050 secs] [Times: user=0.98 sys=0.05, real=0.27 secs] 
44986.551: [GC 44986.551: [ParNew: 1370777K->111772K(1415616K), 0.0899480 secs] 2697613K->1438608K(4037056K), 0.0902720 secs] [Times: user=1.00 sys=0.01, real=0.09 secs] 
45213.332: [GC 45213.332: [ParNew: 1370140K->110877K(1415616K), 0.0943410 secs] 2696976K->1437713K(4037056K), 0.0947100 secs] [Times: user=1.01 sys=0.00, real=0.09 secs] 
45414.746: [GC 45414.746: [ParNew: 1369245K->107020K(1415616K), 0.0868860 secs] 2696081K->1433856K(4037056K), 0.0872790 secs] [Times: user=0.94 sys=0.01, real=0.09 secs] 
45628.745: [GC 45628.746: [ParNew: 1365388K->113933K(1415616K), 0.0981480 secs] 2692224K->1440769K(4037056K), 0.0984710 secs] [Times: user=0.89 sys=0.02, real=0.10 secs] 
45795.701: [GC 45795.701: [ParNew: 1372301K->120963K(1415616K), 0.1385220 secs] 2699137K->1447799K(4037056K), 0.1389090 secs] [Times: user=1.07 sys=0.03, real=0.14 secs] 
45998.351: [GC 45998.351: [ParNew: 1379331K->132847K(1415616K), 0.1178830 secs] 2706167K->1464561K(4037056K), 0.1182600 secs] [Times: user=1.18 sys=0.01, real=0.12 secs] 
46186.310: [GC 46186.310: [ParNew: 1391215K->104963K(1415616K), 0.1704460 secs] 2722929K->1439001K(4037056K), 0.1707590 secs] [Times: user=1.35 sys=0.22, real=0.18 secs] 
46373.756: [GC 46373.756: [ParNew: 1363331K->114761K(1415616K), 0.1061330 secs] 2697369K->1448799K(4037056K), 0.1064900 secs] [Times: user=0.94 sys=0.02, real=0.11 secs] 
46569.852: [GC 46569.852: [ParNew: 1373129K->106321K(1415616K), 0.3098560 secs] 2707167K->1440359K(4037056K), 0.3102680 secs] [Times: user=0.93 sys=0.04, real=0.31 secs] 
46749.922: [GC 46749.923: [ParNew: 1364689K->109020K(1415616K), 0.2975450 secs] 2698727K->1443058K(4037056K), 0.2979040 secs] [Times: user=0.96 sys=0.01, real=0.30 secs] 
46962.149: [GC 46962.149: [ParNew: 1367388K->122946K(1415616K), 0.1229960 secs] 2701426K->1456984K(4037056K), 0.1233180 secs] [Times: user=1.17 sys=0.06, real=0.13 secs] 
47169.854: [GC 47169.855: [ParNew: 1381314K->92770K(1415616K), 0.4043060 secs] 2715352K->1426809K(4037056K), 0.4046590 secs] [Times: user=0.99 sys=0.03, real=0.41 secs] 
47355.554: [GC 47355.554: [ParNew: 1351138K->125457K(1415616K), 0.1257410 secs] 2685177K->1459495K(4037056K), 0.1260740 secs] [Times: user=1.30 sys=0.04, real=0.13 secs] 
47578.938: [GC 47578.938: [ParNew: 1383825K->89525K(1415616K), 0.1265740 secs] 2717863K->1434474K(4037056K), 0.1269200 secs] [Times: user=1.13 sys=0.06, real=0.13 secs] 
47779.944: [GC 47779.945: [ParNew: 1347893K->110785K(1415616K), 0.1247080 secs] 2692842K->1455734K(4037056K), 0.1251610 secs] [Times: user=1.09 sys=0.10, real=0.13 secs] 
47977.143: [GC 47977.144: [ParNew: 1369153K->116244K(1415616K), 0.1241420 secs] 2714102K->1461193K(4037056K), 0.1244880 secs] [Times: user=1.15 sys=0.10, real=0.12 secs] 
48189.885: [GC 48189.885: [ParNew: 1374612K->90930K(1415616K), 0.3151560 secs] 2719561K->1435879K(4037056K), 0.3154500 secs] [Times: user=0.78 sys=0.01, real=0.31 secs] 
48390.188: [GC 48390.188: [ParNew: 1349298K->123851K(1415616K), 0.2954650 secs] 2694247K->1468800K(4037056K), 0.2958240 secs] [Times: user=0.73 sys=0.00, real=0.29 secs] 
48587.837: [GC 48587.837: [ParNew: 1382219K->115712K(1415616K), 0.1581280 secs] 2727168K->1460660K(4037056K), 0.1584440 secs] [Times: user=1.16 sys=0.13, real=0.16 secs] 
48798.627: [GC 48798.627: [ParNew: 1374080K->88726K(1415616K), 0.1114400 secs] 2719028K->1433674K(4037056K), 0.1118060 secs] [Times: user=1.13 sys=0.05, real=0.11 secs] 
49023.955: [GC 49023.955: [ParNew: 1347094K->107920K(1415616K), 0.1663820 secs] 2692042K->1452868K(4037056K), 0.1667080 secs] [Times: user=1.31 sys=0.18, real=0.17 secs] 
49208.540: [GC 49208.540: [ParNew: 1366288K->113817K(1415616K), 0.1456740 secs] 2711236K->1458766K(4037056K), 0.1459960 secs] [Times: user=1.33 sys=0.13, real=0.15 secs] 
49483.999: [GC 49483.999: [ParNew: 1372185K->116563K(1415616K), 0.1930560 secs] 2717134K->1461511K(4037056K), 0.1933820 secs] [Times: user=1.41 sys=0.23, real=0.19 secs] 
49689.962: [GC 49689.962: [ParNew: 1374931K->126436K(1415616K), 0.3588220 secs] 2719879K->1471385K(4037056K), 0.3592290 secs] [Times: user=0.96 sys=0.08, real=0.36 secs] 
49903.856: [GC 49903.857: [ParNew: 1384804K->100739K(1415616K), 0.1739470 secs] 2729753K->1445687K(4037056K), 0.1742700 secs] [Times: user=1.29 sys=0.16, real=0.17 secs] 
50121.018: [GC 50121.019: [ParNew: 1359107K->112915K(1415616K), 0.2108420 secs] 2704055K->1457864K(4037056K), 0.2111930 secs] [Times: user=1.57 sys=0.25, real=0.21 secs] 
50346.152: [GC 50346.152: [ParNew: 1371284K->107395K(1415616K), 0.1820240 secs] 2716233K->1452343K(4037056K), 0.1823610 secs] [Times: user=1.50 sys=0.19, real=0.19 secs] 
50346.336: [GC [1 CMS-initial-mark: 1344948K(2621440K)] 1452346K(4037056K), 0.1860870 secs] [Times: user=0.18 sys=0.00, real=0.18 secs] 
50346.522: [CMS-concurrent-mark-start]
50347.837: [CMS-concurrent-mark: 1.315/1.315 secs] [Times: user=4.39 sys=0.29, real=1.32 secs] 
50347.837: [CMS-concurrent-preclean-start]
50347.847: [CMS-concurrent-preclean: 0.009/0.010 secs] [Times: user=0.01 sys=0.00, real=0.01 secs] 
50347.847: [CMS-concurrent-abortable-preclean-start]
 CMS: abort preclean due to time 50353.095: [CMS-concurrent-abortable-preclean: 3.879/5.248 secs] [Times: user=3.86 sys=0.01, real=5.25 secs] 
50353.097: [GC[YG occupancy: 120527 K (1415616 K)]50353.097: [Rescan (parallel) , 0.0311770 secs]50353.128: [weak refs processing, 0.0005100 secs] [1 CMS-remark: 1344948K(2621440K)] 1465475K(4037056K), 0.0319280 secs] [Times: user=0.33 sys=0.01, real=0.03 secs] 
50353.129: [CMS-concurrent-sweep-start]
50356.506: [CMS-concurrent-sweep: 3.377/3.377 secs] [Times: user=3.36 sys=0.00, real=3.38 secs] 
50356.506: [CMS-concurrent-reset-start]
50356.537: [CMS-concurrent-reset: 0.031/0.031 secs] [Times: user=0.10 sys=0.02, real=0.03 secs] 
50567.645: [GC 50567.645: [ParNew: 1365763K->85724K(1415616K), 0.0840500 secs] 1644096K->364058K(4037056K), 0.0844230 secs] [Times: user=1.11 sys=0.03, real=0.08 secs] 
50784.544: [GC 50784.545: [ParNew: 1344092K->122811K(1415616K), 0.0831550 secs] 1622426K->401145K(4037056K), 0.0834840 secs] [Times: user=1.02 sys=0.00, real=0.09 secs] 
51009.897: [GC 51009.897: [ParNew: 1381179K->103230K(1415616K), 0.4961440 secs] 1659513K->381564K(4037056K), 0.4971570 secs] [Times: user=1.01 sys=0.05, real=0.50 secs] 
51257.750: [GC 51257.751: [ParNew: 1361598K->116963K(1415616K), 0.1085900 secs] 1639932K->395296K(4037056K), 0.1089350 secs] [Times: user=1.08 sys=0.01, real=0.10 secs] 
51506.988: [GC 51506.988: [ParNew: 1375331K->104364K(1415616K), 0.1000550 secs] 1653664K->382697K(4037056K), 0.1004450 secs] [Times: user=0.91 sys=0.01, real=0.10 secs] 
51719.548: [GC 51719.548: [ParNew: 1362732K->113938K(1415616K), 0.0967020 secs] 1641065K->392271K(4037056K), 0.0970530 secs] [Times: user=0.98 sys=0.01, real=0.10 secs] 
51936.042: [GC 51936.042: [ParNew: 1372306K->109219K(1415616K), 0.1176490 secs] 1650639K->387553K(4037056K), 0.1179550 secs] [Times: user=1.01 sys=0.02, real=0.12 secs] 
52209.987: [GC 52209.988: [ParNew: 1367587K->101224K(1415616K), 0.2833240 secs] 1645921K->379557K(4037056K), 0.2836310 secs] [Times: user=1.00 sys=0.01, real=0.29 secs] 
52674.178: [GC 52674.178: [ParNew: 1359592K->105251K(1415616K), 0.0948870 secs] 1637925K->383584K(4037056K), 0.0952020 secs] [Times: user=0.96 sys=0.00, real=0.09 secs] 
53170.409: [GC 53170.409: [ParNew: 1363619K->88429K(1415616K), 0.2218970 secs] 1641952K->366763K(4037056K), 0.2221690 secs] [Times: user=0.70 sys=0.05, real=0.22 secs] 
53696.364: [GC 53696.364: [ParNew: 1346797K->105283K(1415616K), 0.0819640 secs] 1625131K->383616K(4037056K), 0.0823020 secs] [Times: user=0.96 sys=0.00, real=0.08 secs] 
54202.724: [GC 54202.724: [ParNew: 1363651K->94932K(1415616K), 0.0719120 secs] 1641984K->373265K(4037056K), 0.0722250 secs] [Times: user=0.96 sys=0.01, real=0.07 secs] 
54696.206: [GC 54696.206: [ParNew: 1353300K->109613K(1415616K), 0.1156710 secs] 1631633K->387946K(4037056K), 0.1159850 secs] [Times: user=1.38 sys=0.02, real=0.12 secs] 
55148.638: [GC 55148.638: [ParNew: 1367981K->81329K(1415616K), 0.0913640 secs] 1646314K->368906K(4037056K), 0.0917130 secs] [Times: user=1.06 sys=0.02, real=0.09 secs] 
55542.093: [GC 55542.093: [ParNew: 1339697K->80977K(1415616K), 0.0601530 secs] 1627274K->368553K(4037056K), 0.0604860 secs] [Times: user=0.86 sys=0.01, real=0.06 secs] 
56169.949: [GC 56169.949: [ParNew: 1339345K->87233K(1415616K), 0.2627400 secs] 1626921K->374809K(4037056K), 0.2631370 secs] [Times: user=0.82 sys=0.02, real=0.27 secs] 
57089.971: [GC 57089.971: [ParNew: 1345601K->99283K(1415616K), 0.2603530 secs] 1633177K->386859K(4037056K), 0.2607740 secs] [Times: user=0.83 sys=0.04, real=0.26 secs] 
57932.713: [GC 57932.714: [ParNew: 1357651K->98571K(1415616K), 0.0855820 secs] 1645227K->386148K(4037056K), 0.0859100 secs] [Times: user=0.91 sys=0.00, real=0.09 secs] 
58930.099: [GC 58930.099: [ParNew: 1356939K->124095K(1415616K), 0.2106090 secs] 1644516K->411671K(4037056K), 0.2109290 secs] [Times: user=0.77 sys=0.00, real=0.22 secs] 
59970.060: [GC 59970.060: [ParNew: 1382463K->94784K(1415616K), 0.0961650 secs] 1670039K->382361K(4037056K), 0.0965190 secs] [Times: user=0.76 sys=0.01, real=0.10 secs] 
61170.106: [GC 61170.106: [ParNew: 1352867K->96004K(1415616K), 0.1686660 secs] 1640443K->383581K(4037056K), 0.1689710 secs] [Times: user=0.66 sys=0.02, real=0.17 secs] 
62669.826: [GC 62669.826: [ParNew: 1354372K->102059K(1415616K), 0.1488460 secs] 1641949K->389636K(4037056K), 0.1491950 secs] [Times: user=0.78 sys=0.01, real=0.15 secs] 
Heap
 par new generation   total 1415616K, used 643059K [0x0000002a9a010000, 0x0000002afa010000, 0x0000002afa010000)
  eden space 1258368K,  42% used [0x0000002a9a010000, 0x0000002abb061f38, 0x0000002ae6cf0000)
  from space 157248K,  64% used [0x0000002af0680000, 0x0000002af6a2af60, 0x0000002afa010000)
  to   space 157248K,   0% used [0x0000002ae6cf0000, 0x0000002ae6cf0000, 0x0000002af0680000)
 concurrent mark-sweep generation total 2621440K, used 287576K [0x0000002afa010000, 0x0000002b9a010000, 0x0000002b9a010000)
 concurrent-mark-sweep perm gen total 72928K, used 43940K [0x0000002b9a010000, 0x0000002b9e748000, 0x0000002baa010000)
